[0.005s][info][gc] Using Epsilon
[0.150s][info][safepoint] Safepoint "ICBufferFull", Time since last: 141550958 ns, Reaching safepoint: 54451 ns, At safepoint: 823 ns, Total: 55274 ns
[0.285s][info][gc       ] Heap: 6357M reserved, 397M (6.25%) committed, 320M (5.04%) used
[0.363s][info][gc       ] Heap: 6357M reserved, 653M (10.28%) committed, 638M (10.04%) used
[0.442s][info][gc       ] Heap: 6357M reserved, 1037M (16.32%) committed, 957M (15.06%) used
[0.520s][info][gc       ] Heap: 6357M reserved, 1293M (20.34%) committed, 1276M (20.08%) used
[0.598s][info][gc       ] Heap: 6357M reserved, 1677M (26.38%) committed, 1645M (25.89%) used
[0.885s][info][gc       ] Heap: 6357M reserved, 2061M (32.42%) committed, 1965M (30.92%) used
[1.129s][info][gc       ] Heap: 6357M reserved, 2317M (36.45%) committed, 2285M (35.95%) used
[1.165s][info][safepoint] Safepoint "Cleanup", Time since last: 1015057236 ns, Reaching safepoint: 119838 ns, At safepoint: 12805 ns, Total: 132643 ns
[1.290s][info][gc       ] Heap: 6357M reserved, 2701M (42.49%) committed, 2605M (40.99%) used
[1.462s][info][gc       ] Heap: 6357M reserved, 2957M (46.52%) committed, 2925M (46.02%) used
[1.631s][info][gc       ] Heap: 6357M reserved, 3341M (52.56%) committed, 3245M (51.05%) used
[1.790s][info][gc       ] Heap: 6357M reserved, 3597M (56.59%) committed, 3565M (56.09%) used
[1.944s][info][gc       ] Heap: 6357M reserved, 3981M (62.63%) committed, 3885M (61.12%) used
[2.093s][info][gc       ] Heap: 6357M reserved, 4237M (66.65%) committed, 4205M (66.15%) used
[2.166s][info][safepoint] Safepoint "Cleanup", Time since last: 1000383069 ns, Reaching safepoint: 15420 ns, At safepoint: 20959 ns, Total: 36379 ns
[2.245s][info][gc       ] Heap: 6357M reserved, 4621M (72.69%) committed, 4525M (71.19%) used
[2.419s][info][gc       ] Heap: 6357M reserved, 4877M (76.72%) committed, 4845M (76.22%) used
[2.571s][info][gc       ] Heap: 6357M reserved, 5261M (82.76%) committed, 5165M (81.26%) used
[2.717s][info][gc       ] Heap: 6357M reserved, 5517M (86.79%) committed, 5485M (86.29%) used
[2.865s][info][gc       ] Heap: 6357M reserved, 5901M (92.83%) committed, 5805M (91.32%) used
[3.021s][info][gc       ] Heap: 6357M reserved, 6157M (96.85%) committed, 6125M (96.36%) used
