[0.091s][info][gc] [GCHH : Zing name     : Zing 64-Bit Tiered VM mixed mode ]
[0.091s][info][gc] [GCHH : Zing release  : 17.0.4.1-zing_22.09.0.0-b2-product-linux-X86_64 ]
[0.091s][info][gc] [GCHH : OS name       : Linux ]
[0.091s][info][gc] [GCHH : OS release    : 5.10.102.1-microsoft-standard-WSL2 #1 SMP Wed Mar 2 00:30:59 UTC 2022 ]
[0.091s][info][gc] [GCHH : hardware      : x86_64 ]
[0.091s][info][gc] [GCHH : ncpus         : 16 16 8 16 8 ]
[0.091s][info][gc] [GCHH : TSC           : scaling_driver NA tsc on constant_tsc on nonstop_tsc on distrust_calculated_tsc_freq no UseRdtscForVMInternal false UseRdtsc false ]
[0.091s][info][gc] [GCHH : machine name  : ZUEN51878 ]
[0.091s][info][gc] [GCHH : CGroups information: ]
[0.091s][info][gc] [GCHH :   Container Type                   : cgroupv1 ]
[0.091s][info][gc] [GCHH :   Active processor count           : 16 ]
[0.091s][info][gc] [GCHH :   Active processor count(internal) : 16 ]
[0.091s][info][gc] [GCHH :   Available memory nodes           : 0 ]
[0.091s][info][gc] [GCHH :   Available CPUs                   : 0-15 ]
[0.091s][info][gc] [GCHH :   CPU quota, us                    : -1 ]
[0.091s][info][gc] [GCHH :   CPU period, us                   : 100000 ]
[0.091s][info][gc] [GCHH :   CPU shares                       : -1 ]
[0.091s][info][gc] [GCHH :   Memory and swap limit, bytes     : -1 ]
[0.091s][info][gc] [GCHH :   Memory limit, bytes              : -1 ]
[0.091s][info][gc] [GCHH :   Memory soft limit, bytes         : -1 ]
[0.091s][info][gc] [GCHH : start time    : Sat Oct 15 17:19:59 CST 2022 ]
[0.091s][info][gc] [GCHH : start time ms : 1665825599906 ]
[0.091s][info][gc] [GCHH : process id    : 2147 ]
[0.091s][info][gc] [GCHH : sequence no.  : 0 ]
[0.091s][info][gc] [GCHH : Memory configuration and use (MB) : ]
[0.091s][info][gc] [GCHH :   System RAM max             : 25429 ]
[0.091s][info][gc] [GCHH :   System RAM free            : 24049 ]
[0.091s][info][gc] [GCHH :   Use ZST                    : false ]
[0.091s][info][gc] [GCHH :   Process Zing maximum              : 6356 ]
[0.091s][info][gc] [GCHH :   Process Zing reserved (-Xmx)      : 6356 ]
[0.091s][info][gc] [GCHH :   Process Zing initial  (-Xms)      : 512 ]
[0.091s][info][gc] [GCHH :   Code cache location     : C Heap Memory ]
[0.091s][info][gc] [GCHH :   Code cache mlocked      : false ]
[0.091s][info][gc] [GCHH :   Code cache min          : 16 ]
[0.091s][info][gc] [GCHH :   Code cache max          : 636 ]
[0.091s][info][gc] [GCHH :   Code cache page size    : THP always (C heap) ]
[0.091s][info][gc] [GCHH :   Side band (C Heap)      : 24 ]
[0.091s][info][gc] [GCHH :   Side band mlocked       : true ]
[0.091s][info][gc] [GCHH :   Side band page size     : Small (Java heap); THP always (C heap) ]
[0.091s][info][gc] [GCHH :   Monitor cache location  : C Heap Memory ]
[0.091s][info][gc] [GCHH :   Monitor cache mlocked   : true ]
[0.091s][info][gc] [GCHH :   Monitor cache min       : 0 ]
[0.091s][info][gc] [GCHH :   Monitor cache max       : 512 ]
[0.091s][info][gc] [GCHH :   Monitor cache page size : THP always (C heap) ]
[0.091s][info][gc] [GCHH :   Enable java heap elasticity : true ]
[0.091s][info][gc] [GCHH :   Force NUMA interleaving     : false ]
[0.091s][info][gc] [GCHH :   Use transparent huge pages for java heap : false ]
[0.091s][info][gc] [GCHH :   Use explicit huge pages for java heap    : false ]
[0.091s][info][gc] [GCHH : Compiler Tier 1 : C1 ]
[0.091s][info][gc] [GCHH : Compiler Tier 2 : Falcon ]
[0.091s][info][gc] [GCHH : Garbage collection type     : C4 ]
[0.091s][info][gc] [GCHH : GenPauseless Phase Encoding : Sparse ]
[0.091s][info][gc] [GCHH : GenPauseless GC physical use soft limits (MB) : ]
[0.091s][info][gc] [GCHH :   New Generation          : 6356 ]
[0.091s][info][gc] [GCHH :   Old/Perm Generations    : 6356 ]
[0.091s][info][gc] [GCHH : GenPauseless GC virtual use limits (MB) : ]
[0.091s][info][gc] [GCHH :   New Generation          : 6356 ]
[0.091s][info][gc] [GCHH :   Old/Perm Generations    : 6356 ]
[0.091s][info][gc] [GCHH : GenPauseless GC thread counts : ]
[0.091s][info][gc] [GCHH :   Max New GC threads     : 8 ]
[0.091s][info][gc] [GCHH :   Max Old GC threads     : 4 ]
[0.091s][info][gc] [GCHH :   Page Zeroing threads   : 1 ]
[0.091s][info][gc] [GCHH :   Heap Commit threads    : 1 ]
[0.091s][info][gc] [GCHH : Dynamic GC thread count scheme      : Partial ]
[0.091s][info][gc] [GCHH : Enable CPU usage based heuristics   : true ]
[0.091s][info][gc] [GCHH : UseThreadStateNativeWrapperProtocol : true ]
[0.091s][info][gc] [GCHH : jvm arguments : -javaagent:../jHiccup.jar -XX:+PrintCommandLineFlags -XX:+UnlockExperimentalVMOptions -Xlog:gc,safepoint:./gc-example-list11-UseC4GC.log -Dcom.sun.management.jmxremote.port=9010 -Dcom.sun.management.jmxremote.rmi.port=9010 -Dcom.sun.management.jmxremote.local.only=false -Dcom.sun.management.jmxremote.authenticate=false -Dcom.sun.management.jmxremote.ssl=false ]
[0.091s][info][gc] [GCHH : jvm flags     : none ]
[0.091s][info][gc] [GCHH : java command  : ../JVMBenchmark-1.0-SNAPSHOT-example-list11.jar ]
[0.091s][info][gc] [GCHS : Affected by MCU Erratum SKX102 : false]
[0.091s][info][gc] [GCHS : MCU Erratum SKX102 mitigation  : not applied]
[0.092s][info][gc] [GCHS : /proc/cpuinfo]
[0.092s][info][gc] [GCHS : processor	: 15]
[0.092s][info][gc] [GCHS : vendor_id	: GenuineIntel]
[0.092s][info][gc] [GCHS : cpu family	: 6]
[0.092s][info][gc] [GCHS : model		: 141]
[0.092s][info][gc] [GCHS : model name	: 11th Gen Intel(R) Core(TM) i9-11950H @ 2.60GHz]
[0.092s][info][gc] [GCHS : stepping	: 1]
[0.092s][info][gc] [GCHS : microcode	: 0xffffffff]
[0.092s][info][gc] [GCHS : cpu MHz		: 2611.199]
[0.092s][info][gc] [GCHS : cache size	: 24576 KB]
[0.092s][info][gc] [GCHS : physical id	: 0]
[0.092s][info][gc] [GCHS : siblings	: 16]
[0.092s][info][gc] [GCHS : core id		: 7]
[0.092s][info][gc] [GCHS : cpu cores	: 8]
[0.092s][info][gc] [GCHS : apicid		: 15]
[0.092s][info][gc] [GCHS : initial apicid	: 15]
[0.092s][info][gc] [GCHS : fpu		: yes]
[0.092s][info][gc] [GCHS : fpu_exception	: yes]
[0.092s][info][gc] [GCHS : cpuid level	: 21]
[0.092s][info][gc] [GCHS : wp		: yes]
[0.092s][info][gc] [GCHS : flags		: fpu vme de pse tsc msr pae mce cx8 apic sep mtrr pge mca cmov pat pse36 clflush mmx fxsr sse sse2 ss ht syscall nx pdpe1gb rdtscp lm constant_tsc rep_good nopl xtopology tsc_reliable nonstop_tsc cpuid pni pclmulqdq ssse3 fma cx16 pcid sse4_1 sse4_2 movbe popcnt aes xsave avx f16c rdrand hypervisor lahf_lm abm 3dnowprefetch invpcid_single ssbd ibrs ibpb stibp ibrs_enhanced fsgsbase bmi1 avx2 smep bmi2 erms invpcid avx512f avx512dq rdseed adx smap avx512ifma clflushopt clwb avx512cd sha_ni avx512bw avx512vl xsaveopt xsavec xgetbv1 xsaves avx512vbmi umip avx512_vbmi2 gfni vaes vpclmulqdq avx512_vnni avx512_bitalg avx512_vpopcntdq rdpid fsrm avx512_vp2intersect flush_l1d arch_capabilities]
[0.092s][info][gc] [GCHS : bugs		: spectre_v1 spectre_v2 spec_store_bypass swapgs]
[0.092s][info][gc] [GCHS : bogomips	: 5222.39]
[0.092s][info][gc] [GCHS : clflush size	: 64]
[0.092s][info][gc] [GCHS : cache_alignment	: 64]
[0.092s][info][gc] [GCHS : address sizes	: 39 bits physical, 48 bits virtual]
[0.092s][info][gc] [GCHS : power management:]
[0.092s][info][gc] [GCHS : /sys/devices/system/cpu/vulnerabilities]
[0.092s][info][gc] [GCHS : spectre_v2        : Mitigation: Enhanced IBRS, IBPB: conditional, RSB filling]
[0.092s][info][gc] [GCHS : itlb_multihit     : Not affected]
[0.092s][info][gc] [GCHS : mds               : Not affected]
[0.092s][info][gc] [GCHS : l1tf              : Not affected]
[0.092s][info][gc] [GCHS : spec_store_bypass : Mitigation: Speculative Store Bypass disabled via prctl and seccomp]
[0.092s][info][gc] [GCHS : tsx_async_abort   : Not affected]
[0.092s][info][gc] [GCHS : spectre_v1        : Mitigation: usercopy/swapgs barriers and __user pointer sanitization]
[0.092s][info][gc] [GCHS : srbds             : Not affected]
[0.092s][info][gc] [GCHS : meltdown          : Not affected]
[0.092s][info][gc] [GCHS : /proc/self/limits]
[0.092s][info][gc] [GCHS : Limit                     Soft Limit           Hard Limit           Units     ]
[0.092s][info][gc] [GCHS : Max cpu time              unlimited            unlimited            seconds   ]
[0.092s][info][gc] [GCHS : Max file size             unlimited            unlimited            bytes     ]
[0.092s][info][gc] [GCHS : Max data size             unlimited            unlimited            bytes     ]
[0.092s][info][gc] [GCHS : Max stack size            8388608              unlimited            bytes     ]
[0.092s][info][gc] [GCHS : Max core file size        0                    unlimited            bytes     ]
[0.092s][info][gc] [GCHS : Max resident set          unlimited            unlimited            bytes     ]
[0.092s][info][gc] [GCHS : Max processes             101697               101697               processes ]
[0.092s][info][gc] [GCHS : Max open files            4096                 4096                 files     ]
[0.092s][info][gc] [GCHS : Max locked memory         65536                65536                bytes     ]
[0.092s][info][gc] [GCHS : Max address space         unlimited            unlimited            bytes     ]
[0.092s][info][gc] [GCHS : Max file locks            unlimited            unlimited            locks     ]
[0.092s][info][gc] [GCHS : Max pending signals       101697               101697               signals   ]
[0.092s][info][gc] [GCHS : Max msgqueue size         819200               819200               bytes     ]
[0.092s][info][gc] [GCHS : Max nice priority         0                    0                    ]
[0.092s][info][gc] [GCHS : Max realtime priority     0                    0                    ]
[0.092s][info][gc] [GCHS : Max realtime timeout      unlimited            unlimited            us        ]
[0.092s][info][gc] [GCHS : /proc/self/status]
[0.092s][info][gc] [GCHS : Cpus_allowed:	ffff]
[0.092s][info][gc] [GCHS : Cpus_allowed_list:	0-15]
[0.092s][info][gc] [GCHS : Mems_allowed:	1]
[0.092s][info][gc] [GCHS : Mems_allowed_list:	0]
[0.092s][info][gc] [GCHS : /proc/meminfo]
[0.092s][info][gc] [GCHS : MemTotal:       26039588 kB]
[0.092s][info][gc] [GCHS : MemFree:        24626160 kB]
[0.092s][info][gc] [GCHS : MemAvailable:   24587844 kB]
[0.092s][info][gc] [GCHS : Buffers:           17360 kB]
[0.092s][info][gc] [GCHS : Cached:           837292 kB]
[0.092s][info][gc] [GCHS : SwapCached:            0 kB]
[0.092s][info][gc] [GCHS : Active:           200104 kB]
[0.092s][info][gc] [GCHS : Inactive:        1035592 kB]
[0.092s][info][gc] [GCHS : Active(anon):        224 kB]
[0.092s][info][gc] [GCHS : Inactive(anon):   970784 kB]
[0.092s][info][gc] [GCHS : Active(file):     199880 kB]
[0.092s][info][gc] [GCHS : Inactive(file):    64808 kB]
[0.092s][info][gc] [GCHS : Unevictable:           4 kB]
[0.092s][info][gc] [GCHS : Mlocked:               4 kB]
[0.092s][info][gc] [GCHS : SwapTotal:       7340032 kB]
[0.092s][info][gc] [GCHS : SwapFree:        7340032 kB]
[0.092s][info][gc] [GCHS : Dirty:                72 kB]
[0.092s][info][gc] [GCHS : Writeback:             0 kB]
[0.092s][info][gc] [GCHS : AnonPages:        381060 kB]
[0.092s][info][gc] [GCHS : Mapped:           600040 kB]
[0.092s][info][gc] [GCHS : Shmem:            589964 kB]
[0.092s][info][gc] [GCHS : KReclaimable:      22624 kB]
[0.092s][info][gc] [GCHS : Slab:              58100 kB]
[0.092s][info][gc] [GCHS : SReclaimable:      22624 kB]
[0.092s][info][gc] [GCHS : SUnreclaim:        35476 kB]
[0.092s][info][gc] [GCHS : KernelStack:        4352 kB]
[0.092s][info][gc] [GCHS : PageTables:        11076 kB]
[0.092s][info][gc] [GCHS : NFS_Unstable:          0 kB]
[0.092s][info][gc] [GCHS : Bounce:                0 kB]
[0.092s][info][gc] [GCHS : WritebackTmp:          0 kB]
[0.092s][info][gc] [GCHS : CommitLimit:    20359824 kB]
[0.092s][info][gc] [GCHS : Committed_AS:     949864 kB]
[0.092s][info][gc] [GCHS : VmallocTotal:   34359738367 kB]
[0.092s][info][gc] [GCHS : VmallocUsed:       25784 kB]
[0.092s][info][gc] [GCHS : VmallocChunk:          0 kB]
[0.092s][info][gc] [GCHS : Percpu:             5376 kB]
[0.092s][info][gc] [GCHS : AnonHugePages:    286720 kB]
[0.092s][info][gc] [GCHS : ShmemHugePages:        0 kB]
[0.092s][info][gc] [GCHS : ShmemPmdMapped:        0 kB]
[0.092s][info][gc] [GCHS : FileHugePages:         0 kB]
[0.092s][info][gc] [GCHS : FilePmdMapped:         0 kB]
[0.092s][info][gc] [GCHS : HugePages_Total:       0]
[0.092s][info][gc] [GCHS : HugePages_Free:        0]
[0.092s][info][gc] [GCHS : HugePages_Rsvd:        0]
[0.092s][info][gc] [GCHS : HugePages_Surp:        0]
[0.092s][info][gc] [GCHS : Hugepagesize:       2048 kB]
[0.092s][info][gc] [GCHS : Hugetlb:               0 kB]
[0.092s][info][gc] [GCHS : DirectMap4k:       17408 kB]
[0.092s][info][gc] [GCHS : DirectMap2M:     3526656 kB]
[0.092s][info][gc] [GCHS : DirectMap1G:    23068672 kB]
[0.092s][info][gc] [GCHS : /proc/sys/vm/admin_reserve_kbytes                                               : 8192]
[0.092s][info][gc] [GCHS : /proc/sys/vm/block_dump                                                         : 0]
[0.092s][info][gc] [GCHS : /proc/sys/vm/dirty_background_bytes                                             : 0]
[0.092s][info][gc] [GCHS : /proc/sys/vm/dirty_background_ratio                                             : 10]
[0.092s][info][gc] [GCHS : /proc/sys/vm/dirty_bytes                                                        : 0]
[0.092s][info][gc] [GCHS : /proc/sys/vm/dirty_expire_centisecs                                             : 3000]
[0.092s][info][gc] [GCHS : /proc/sys/vm/dirty_ratio                                                        : 20]
[0.092s][info][gc] [GCHS : /proc/sys/vm/dirty_writeback_centisecs                                          : 500]
[0.092s][info][gc] [GCHS : /proc/sys/vm/extfrag_threshold                                                  : 500]
[0.092s][info][gc] [GCHS : /proc/sys/vm/hugetlb_shm_group                                                  : 0]
[0.092s][info][gc] [GCHS : /proc/sys/vm/laptop_mode                                                        : 0]
[0.092s][info][gc] [GCHS : /proc/sys/vm/legacy_va_layout                                                   : 0]
[0.092s][info][gc] [GCHS : /proc/sys/vm/lowmem_reserve_ratio                                               : 256	256	32	0	0]
[0.092s][info][gc] [GCHS : /proc/sys/vm/max_map_count                                                      : 65530]
[0.092s][info][gc] [GCHS : /proc/sys/vm/min_free_kbytes                                                    : 67584]
[0.092s][info][gc] [GCHS : /proc/sys/vm/mmap_min_addr                                                      : 65536]
[0.092s][info][gc] [GCHS : /proc/sys/vm/nr_hugepages                                                       : 0]
[0.092s][info][gc] [GCHS : /proc/sys/vm/nr_overcommit_hugepages                                            : 0]
[0.092s][info][gc] [GCHS : /proc/sys/vm/oom_dump_tasks                                                     : 1]
[0.092s][info][gc] [GCHS : /proc/sys/vm/oom_kill_allocating_task                                           : 0]
[0.092s][info][gc] [GCHS : /proc/sys/vm/overcommit_kbytes                                                  : 0]
[0.092s][info][gc] [GCHS : /proc/sys/vm/overcommit_memory                                                  : 0]
[0.092s][info][gc] [GCHS : /proc/sys/vm/overcommit_ratio                                                   : 50]
[0.092s][info][gc] [GCHS : /proc/sys/vm/page-cluster                                                       : 3]
[0.092s][info][gc] [GCHS : /proc/sys/vm/panic_on_oom                                                       : 0]
[0.092s][info][gc] [GCHS : /proc/sys/vm/percpu_pagelist_fraction                                           : 0]
[0.092s][info][gc] [GCHS : /proc/sys/vm/stat_interval                                                      : 1]
[0.092s][info][gc] [GCHS : /proc/sys/vm/swappiness                                                         : 60]
[0.092s][info][gc] [GCHS : /proc/sys/vm/vfs_cache_pressure                                                 : 100]
[0.092s][info][gc] [GCHS : /proc/sys/vm/user_reserve_kbytes                                                : 131072]
[0.092s][info][gc] [GCHS : /proc/sys/vm/compact_unevictable_allowed                                        : 1]
[0.092s][info][gc] [GCHS : /proc/sys/vm/dirtytime_expire_seconds                                           : 43200]
[0.092s][info][gc] [GCHS : /proc/sys/vm/watermark_scale_factor                                             : 10]
[0.092s][info][gc] [GCHS : /sys/kernel/mm/hugepages/hugepages-2048kB/free_hugepages                        : 0]
[0.092s][info][gc] [GCHS : /sys/kernel/mm/hugepages/hugepages-2048kB/resv_hugepages                        : 0]
[0.092s][info][gc] [GCHS : /sys/kernel/mm/hugepages/hugepages-2048kB/surplus_hugepages                     : 0]
[0.092s][info][gc] [GCHS : /sys/kernel/mm/hugepages/hugepages-2048kB/nr_hugepages                          : 0]
[0.092s][info][gc] [GCHS : /sys/kernel/mm/hugepages/hugepages-2048kB/nr_overcommit_hugepages               : 0]
[0.092s][info][gc] [GCHS : /sys/kernel/mm/hugepages/hugepages-1048576kB/free_hugepages                     : 0]
[0.092s][info][gc] [GCHS : /sys/kernel/mm/hugepages/hugepages-1048576kB/resv_hugepages                     : 0]
[0.092s][info][gc] [GCHS : /sys/kernel/mm/hugepages/hugepages-1048576kB/surplus_hugepages                  : 0]
[0.092s][info][gc] [GCHS : /sys/kernel/mm/hugepages/hugepages-1048576kB/nr_hugepages                       : 0]
[0.092s][info][gc] [GCHS : /sys/kernel/mm/hugepages/hugepages-1048576kB/nr_overcommit_hugepages            : 0]
[0.092s][info][gc] [GCHS : /sys/kernel/mm/transparent_hugepage/defrag                                      : always defer defer+madvise [madvise] never]
[0.092s][info][gc] [GCHS : /sys/kernel/mm/transparent_hugepage/khugepaged/defrag                           : 1]
[0.092s][info][gc] [GCHS : /sys/kernel/mm/transparent_hugepage/khugepaged/max_ptes_shared                  : 256]
[0.092s][info][gc] [GCHS : /sys/kernel/mm/transparent_hugepage/khugepaged/scan_sleep_millisecs             : 10000]
[0.092s][info][gc] [GCHS : /sys/kernel/mm/transparent_hugepage/khugepaged/max_ptes_none                    : 511]
[0.092s][info][gc] [GCHS : /sys/kernel/mm/transparent_hugepage/khugepaged/pages_to_scan                    : 4096]
[0.092s][info][gc] [GCHS : /sys/kernel/mm/transparent_hugepage/khugepaged/max_ptes_swap                    : 64]
[0.092s][info][gc] [GCHS : /sys/kernel/mm/transparent_hugepage/khugepaged/alloc_sleep_millisecs            : 60000]
[0.092s][info][gc] [GCHS : /sys/kernel/mm/transparent_hugepage/khugepaged/pages_collapsed                  : 277]
[0.092s][info][gc] [GCHS : /sys/kernel/mm/transparent_hugepage/khugepaged/full_scans                       : 7]
[0.092s][info][gc] [GCHS : /sys/kernel/mm/transparent_hugepage/enabled                                     : [always] madvise never]
[0.092s][info][gc] [GCHS : /sys/kernel/mm/transparent_hugepage/use_zero_page                               : 1]
[0.092s][info][gc] [GCHS : /sys/kernel/mm/transparent_hugepage/shmem_enabled                               : always within_size advise [never] deny force]
[0.092s][info][gc] [GCHS : /sys/kernel/mm/transparent_hugepage/hpage_pmd_size                              : 2097152]
[0.092s][info][gc] [GCHS : /sys/kernel/mm/ksm/stable_node_dups                                             : 0]
[0.092s][info][gc] [GCHS : /sys/kernel/mm/ksm/max_page_sharing                                             : 256]
[0.092s][info][gc] [GCHS : /sys/kernel/mm/ksm/pages_volatile                                               : 0]
[0.092s][info][gc] [GCHS : /sys/kernel/mm/ksm/stable_node_chains_prune_millisecs                           : 2000]
[0.092s][info][gc] [GCHS : /sys/kernel/mm/ksm/pages_unshared                                               : 0]
[0.092s][info][gc] [GCHS : /sys/kernel/mm/ksm/stable_node_chains                                           : 0]
[0.092s][info][gc] [GCHS : /sys/kernel/mm/ksm/pages_shared                                                 : 0]
[0.092s][info][gc] [GCHS : /sys/kernel/mm/ksm/use_zero_pages                                               : 0]
[0.092s][info][gc] [GCHS : /sys/kernel/mm/ksm/pages_to_scan                                                : 100]
[0.092s][info][gc] [GCHS : /sys/kernel/mm/ksm/sleep_millisecs                                              : 20]
[0.092s][info][gc] [GCHS : /sys/kernel/mm/ksm/run                                                          : 0]
[0.092s][info][gc] [GCHS : /sys/kernel/mm/ksm/full_scans                                                   : 0]
[0.092s][info][gc] [GCHS : /sys/kernel/mm/ksm/pages_sharing                                                : 0]
[0.092s][info][gc] [GCHS : /sys/kernel/mm/swap/vma_ra_enabled                                              : true]
[0.092s][info][gc] [GCHS : /sys/devices/system/clocksource/clocksource0/current_clocksource                : tsc]
[0.092s][info][gc] [GCHS : /sys/devices/system/clocksource/clocksource0/available_clocksource              : tsc hyperv_clocksource_tsc_page ]
[0.102s][info][gc] [GCH                          : heap usage MB                                                        : gens MB                        : heap info MB                : pages                              : intercycle               intracycle               : gc            : threads  delay       failed      paced       : gc    pause 1   pause 2   pause 3   pause 4   : end]
[0.102s][info][gc] [GCH type label tot_ct-cyc_ct : max peak cur pcommit ppause upause rss codec_cap codec monitors jsys : new old perm internal gen-peak : live frag found cllctd lmtd : prom reloc noreloc rspike sm md lg : sec alloc-rate perm-rate sec alloc-rate perm-rate : thrds md diag : tot      cnt avg max cnt avg max cnt avg max : start start dur start dur start dur start dur : end]
[0.102s][info][gc] [SYSINFOH sysMemUsed cacheActiveFile cacheInactiveFile cacheActiveAnon cacheInactiveAnon swapCached buffers unevictable mlocked mapped : totalSysZingMemAcrossPartitions sysZingMemTot sysZingReservableUsed sysZingReservableTot sysZingContMemUsed sysZingContMemTot sysZingPPMemUsed sysZingPPMemTot : swapUsed swapMax : load1 load5 load15 : pageIn pageOut : swapPageIn swapPageOut : majorFaults cMajorFaults : processes procsRunning procsBlocked procsTotal : cgMem_limit_bytes cgMem_usage_bytes cgMem_max_usage_bytes cgMem_total_rss_bytes cgMem_total_shmem_bytes cgMem_total_active_file_bytes cgMem_total_inactive_file_bytes : cgCPU_usage_ms cgCPU_user_usage_ms cgCPU_system_usage_ms cgCPU_throttle_nof_periods cgCPU_throttle_nof_throttle cgCPU_throttle_throttled_ms : end(s) ]
[0.102s][info][gc] [HUGEPAGESTATH compact_stall compact_success compact_fail compact_pages_moved thp_fault_alloc thp_fault_fallback thp_file_alloc : anon_huge_pages shmem_pmd_mapped shmem_huge_pages : end(s) ]
[0.102s][info][gc] [OBJCREATH newGen(kB) permGen(kB) oldGen(kB) : end(s)]
[0.102s][info][gc] [VMACH vmaMax vmaStack vmaHeap vmaOther vmaCount : end(s)]
[0.102s][info][gc] [HEAPCOMMITH heap(mb) : commit(mb) commitTime(ms) uncommit(mb) uncommitTime(ms) : numDelays avgDelay(ms) maxDelay(ms) : bgPretouch(pages) bgPretouchTime(ms) : end(s) ]
[0.102s][info][gc] [HMSVH gen : maps mapStomps mapReuses mapMisses cacheHits cacheMisses cachePartFlushes cacheFullFlushes : watermark cached cachedMin cachedMax : end(s)]
[0.102s][info][gc] [HMSPH maps : mapped unmapped : end(s)]
[0.102s][info][gc] [GPGC-HH Model MB/sec . .             : KIDRate : EstTime secs : Throttled GC Threads EstTime secs                    : CPU EstTime secs                                                      : Pause EstTime secs : EstTime percent : Sizes MB . .        : KIDCount  : Target MB   : Time(secs) : Heuristic ]
[0.102s][info][gc] [GPGC-HH NewGen OldGen PermGen Direct : KID/sec : NewGC OldGC  : NewGC_Model1 OldGC_Model1 NewGC_Model2 OldGC_Model2  : NewCPU OldCPU NewCPU_Model1 OldCPU_Model1 NewCPU_Model2 OldCPU_Model2 : NewGC_pause1       : NewGC_time      : New Old Perm Direct : KID       : Heap NewGen : Time       : ReasonCode ReasonString ]
[0.102s][info][gc] [COMPSTATSH      : Threads      : CompQueue   : StashQueue  : CompileCounts                                                                                                : StashCounts                                                                                              : TotalTimes ms                         : WaitTimes Histogram                                               : CompileTimes Histogram ]
[0.102s][info][gc] [COMPSTATSH Tier : Total Active : Peak Active : Peak Active : FullMethodCompiles OSRMethodCompiles MethodFailToInstall OSRFailToInstall FullMethodEvicted OSRMethodEvicted : MethodStashCompiles OSRStashCompiles MethodStashFailed OSRStashFailed MethodStashEvicted OSRStashEvicted : CPUTime WallClockTime WaitInQueueTime : 0-9 10-99 100-999 1000-9999 10000-99999 100000-999999 1000000-INF : 0-9 10-99 100-999 1000-9999 10000-99999 100000-999999 1000000-INF ]
[0.102s][info][gc] [DEOPTSTATSH : deoptimization : deoptimization_frame : deopt_on_throw : unloaded : cha : non_static_final_fields : unreached_if : unreached_call : athrow : null_check : div0_check : range_check : range_check_widened : cast_check : unhandled : predicate : loop_limit_check : array_store_check : uninitialized : unloaded_array_class : unexpected_klass_mono : unexpected_klass_bi : unexpected_klass_tri : unexpected_null_cast : intrinsic_check : Reason_fast_intrinsic_check : install_async_ex : new_exception : jvmti : static_in_clinit : stuck_in_loop : tier1_patch_volatile_field : too_many_compiles : deopt_a_lot : uncounted_loop_speculation_failed : loop_nest_speculation_failed : inacc_field_null_rcvr : new_gen_oop_assumption_failed : Reason_devirt_no_profile : unreached_jump : effectively_final_fields : unreached_switch_case ]
[0.102s][info][gc] [DEOPTSTATSH Tier : Entr NonEntr : Entr NonEntr : Entr NonEntr : Entr NonEntr : Entr NonEntr : Entr NonEntr : Entr NonEntr : Entr NonEntr : Entr NonEntr : Entr NonEntr : Entr NonEntr : Entr NonEntr : Entr NonEntr : Entr NonEntr : Entr NonEntr : Entr NonEntr : Entr NonEntr : Entr NonEntr : Entr NonEntr : Entr NonEntr : Entr NonEntr : Entr NonEntr : Entr NonEntr : Entr NonEntr : Entr NonEntr : Entr NonEntr : Entr NonEntr : Entr NonEntr : Entr NonEntr : Entr NonEntr : Entr NonEntr : Entr NonEntr : Entr NonEntr : Entr NonEntr : Entr NonEntr : Entr NonEntr : Entr NonEntr : Entr NonEntr : Entr NonEntr : Entr NonEntr : Entr NonEntr : Entr NonEntr ]
[0.103s][info][gc] [CCFH queuedForFlush queuedForFlushSize flushed flushedSize freedTotal freedTotalSize : bytesAllTypes : c2i2cAdapters c2i2cAdaptersBytes : methodStubs methodStubsBytes : nativeWrappers nativeWrappersBytes : tier1Compiles tier1CompilesBytes : tier2Compiles tier2CompilesBytes : objMonitors objMonitorsBytes : vtables vtablesBytes : mhAdapters mhAdaptersBytes ]
[0.103s][info][gc] [SYSINFO 1380 195 63 0 948 0 16 0 0 585 : - - - - - - - - : 0 7168 : 3.05 2.63 1.87 : 271931 4216356 : 0 0 : 8 0 : 2417 1 0 239 : - 1264357376 583921664 389550080 603525120 203833344 66772992 : 139899904 24279270 480820 0 0 0 : 0.102970 ]
[0.103s][info][gc] [HUGEPAGESTAT 0 0 0 - 83068 0 0 : 286720 0 0 : 0.102970 ]
[0.327s][info][gc] [COMPSTATS 1 : 5 1 : 5 1 : 0 0 : 100 0 0 0 0 0 : 0 0 0 0 0 0 : 19 19 0 : 100 0 0 0 0 0 0 : 99 0 0 0 0 0 0 ]
[0.327s][info][gc] [COMPSTATS 2 : 5 3 : 5 3 : 0 0 : 10 0 0 0 0 0 : 0 0 0 0 0 0 : 181 182 0 : 10 0 0 0 0 0 0 : 1 6 0 0 0 0 0 ]
[0.327s][info][gc] [DEOPTSTATS 1 : 0 0 : 0 0 : 0 0 : 0 0 : 0 0 : 0 0 : 0 0 : 0 0 : 0 0 : 0 0 : 0 0 : 0 0 : 0 0 : 0 0 : 0 0 : 0 0 : 0 0 : 0 0 : 0 0 : 0 0 : 0 0 : 0 0 : 0 0 : 0 0 : 0 0 : 0 0 : 0 0 : 0 0 : 0 0 : 0 0 : 0 0 : 0 0 : 0 0 : 0 0 : 0 0 : 0 0 : 0 0 : 0 0 : 0 0 : 0 0 : 0 0 : 0 0 ]
[0.327s][info][gc] [DEOPTSTATS 2 : 0 0 : 0 0 : 0 0 : 0 0 : 0 0 : 0 0 : 0 1 : 0 0 : 0 0 : 0 0 : 0 0 : 0 0 : 0 0 : 0 0 : 0 0 : 0 0 : 0 0 : 0 0 : 0 0 : 0 0 : 0 0 : 0 0 : 0 0 : 0 0 : 0 0 : 0 0 : 0 0 : 0 0 : 0 0 : 0 0 : 0 0 : 0 0 : 0 0 : 0 0 : 0 0 : 0 0 : 0 0 : 0 0 : 0 0 : 0 0 : 0 0 : 0 0 ]
[0.499s][info][gc] [COMPSTATS 1 : 5 1 : 31 1 : 0 0 : 300 0 0 0 0 0 : 0 0 0 0 0 0 : 71 72 4 : 300 0 0 0 0 0 0 : 299 0 0 0 0 0 0 ]
[0.499s][info][gc] [COMPSTATS 2 : 5 5 : 14 6 : 0 0 : 28 0 0 0 0 0 : 0 0 0 0 0 0 : 707 709 446 : 19 8 1 0 0 0 0 : 4 18 1 0 0 0 0 ]
[0.499s][info][gc] [DEOPTSTATS 1 : 0 0 : 0 0 : 0 0 : 0 0 : 0 0 : 0 0 : 0 0 : 0 0 : 0 0 : 0 0 : 0 0 : 0 0 : 0 0 : 0 0 : 0 0 : 0 0 : 0 0 : 0 0 : 0 0 : 0 0 : 0 0 : 0 0 : 0 0 : 0 0 : 0 0 : 0 0 : 0 0 : 0 0 : 0 0 : 0 0 : 0 0 : 0 0 : 0 0 : 0 0 : 0 0 : 0 0 : 0 0 : 0 0 : 0 0 : 0 0 : 0 0 : 0 0 ]
[0.499s][info][gc] [DEOPTSTATS 2 : 0 0 : 0 0 : 0 0 : 0 0 : 0 0 : 0 0 : 0 2 : 0 0 : 0 0 : 0 0 : 0 0 : 0 0 : 0 0 : 0 0 : 0 0 : 0 0 : 0 0 : 0 0 : 0 0 : 0 0 : 0 0 : 0 0 : 0 0 : 0 0 : 0 0 : 0 0 : 0 0 : 0 0 : 0 0 : 0 0 : 0 0 : 0 0 : 0 0 : 0 0 : 0 0 : 0 0 : 0 0 : 0 0 : 0 0 : 0 1 : 0 0 : 0 0 ]
[0.533s][info][safepoint] Application time: 0.0000000 seconds
[0.533s][info][safepoint] Total time for which application threads were stopped: 0.0000184 seconds, Stopping threads took: 0.0000004 seconds
[0.533s][info][gc       ] [SPSH lock suspend gclocker notify wait resuspend cleanup op_time wakeup total(ms) op_name end(s) ]
[0.533s][info][gc       ] [SPS 0.000 0.001 0.000 0.007 0.000 0.001 0.000 0.003 0.007 0.019 Deoptimize 0.532719 ]
[0.615s][info][gc       ] [GPGC-H  0.0 0.0 0.0 0.0 : 0.0 : 0.000 0.000 : 0.000 0.000 0.000 0.000 : 0.000 0.000 0.000 0.000 0.000 0.000 : 0.000 : 0.000 : 34 0 24 0 : 2273 : 460 432 : 0.614696 : 6 Heap_use_crossed_first_gc_percent ]
[0.617s][info][safepoint] Application time: 0.0293242 seconds
[0.617s][info][safepoint] Total time for which application threads were stopped: 0.0002533 seconds, Stopping threads took: 0.0000004 seconds
[0.617s][info][gc       ] [SPS 0.000 0.001 0.002 0.007 0.000 0.001 0.000 0.198 0.047 0.253 NewGC_pause1 0.616696 ]
[0.627s][info][safepoint] Application time: 0.0107017 seconds
[0.628s][info][safepoint] Total time for which application threads were stopped: 0.0000659 seconds, Stopping threads took: 0.0000004 seconds
[0.628s][info][gc       ] [SPS 0.000 0.001 0.000 0.007 0.000 0.001 0.000 0.041 0.017 0.066 NewGC_pause2 0.627464 ]
[0.629s][info][safepoint] Application time: 0.0019080 seconds
[0.630s][info][safepoint] Total time for which application threads were stopped: 0.0000831 seconds, Stopping threads took: 0.0000004 seconds
[0.630s][info][gc       ] [SPS 0.000 0.000 0.000 0.008 0.000 0.001 0.000 0.038 0.036 0.083 NewGC_pause3 0.629455 ]
[0.630s][info][safepoint] Application time: 0.0007705 seconds
[0.631s][info][safepoint] Total time for which application threads were stopped: 0.0001585 seconds, Stopping threads took: 0.0000005 seconds
[0.631s][info][gc       ] [SPS 0.000 0.031 0.003 0.007 0.000 0.001 0.000 0.126 0.024 0.158 NewGC_pause4 0.630384 ]
[0.633s][info][gc       ] [GC NTO Max 1-1 : 512 116 108 512 - - 272 20 2 2 - : 54 0 26 28 66 : 41 10 7 7 0 : 0 6 11 2 25 - 2 : 0.600346 56.6 40.0 0.017508 1485.0 114.2 : 3 --c 0000 : 23 0 0.000 0.000 0 0.000 0.000 0 0.000 0.000 : 0.615098 0.616443 0.000199 0.627398 0.000042 0.629372 0.000043 0.630226 0.000132 : 0.632606 ]
[0.633s][info][gc       ] [SYSINFO 1897 195 63 0 1458 0 16 0 0 1098 : - - - - - - - - : 0 7168 : 3.05 2.63 1.87 : 271931 4216356 : 0 0 : 9 0 : 2445 8 0 267 : - 1801535488 583921664 456884224 1073233920 203833344 66772992 : 139899904 24281480 481180 0 0 0 : 0.632821 ]
[0.633s][info][gc       ] [HUGEPAGESTAT 0 0 0 - 83071 0 0 : 272384 0 0 : 0.632821 ]
[0.633s][info][gc       ] [OBJCREAT 50222 24296 - : 0.632867 ]
[0.633s][info][gc       ] [HMSV All : 0 0 0 0 0 0 0 0 : 116 0 0 0 : 0.632887 ]
[0.633s][info][gc       ] [HMSP 8 : 50848 0 : 0.632887 ]
[0.633s][info][gc       ] [VMAC 65530 170 24 430 624 : 0.633380 ]
[0.641s][info][safepoint] Application time: 0.0095797 seconds
[0.641s][info][safepoint] Total time for which application threads were stopped: 0.0006752 seconds, Stopping threads took: 0.0000077 seconds
[0.641s][info][gc       ] [SPS 0.000 0.001 0.000 0.007 0.008 0.001 0.000 0.636 0.024 0.675 OldGC_pause2 0.640639 ]
[0.643s][info][safepoint] Application time: 0.0025750 seconds
[0.643s][info][safepoint] Total time for which application threads were stopped: 0.0000615 seconds, Stopping threads took: 0.0000005 seconds
[0.644s][info][gc       ] [SPS 0.000 0.000 0.000 0.007 0.000 0.001 0.000 0.038 0.015 0.062 OldGC_pause3 0.643276 ]
[0.652s][info][safepoint] Application time: 0.0090185 seconds
[0.653s][info][safepoint] Total time for which application threads were stopped: 0.0000972 seconds, Stopping threads took: 0.0000006 seconds
[0.653s][info][gc       ] [SPS 0.000 0.003 0.003 0.008 0.001 0.001 0.000 0.058 0.030 0.097 OldGC_pause4 0.652392 ]
[0.653s][info][gc       ] [GPGC-H  28.4 0.0 41.0 0.0 : 3945.9 : 0.000 0.000 : 0.000 0.000 0.017 0.000 : 0.000 0.000 0.000 0.000 0.006 0.000 : 0.000 : 2.834 : 96 0 30 0 : 2273 : 460 432 : 0.653316 : 7 Heap_use_crossed_incremental_gc_percent ]
[0.658s][info][gc       ] [GC Old Max 2-1 : 512 166 166 512 - - 272 20 2 2 - : 108 0 30 28 32 : 25 6 0 0 0 : 0 6 1 2 15 - 0 : 0.601321 0.0 39.9 0.041499 0.0 48.2 : 1 --c 0000 : 23   -    -    -    -    -    -    -    -    -  : 0.616073 0.616443 0.000199 0.639964 0.000646 0.643214 0.000042 0.652294 0.000057 : 0.657572 ]
[0.658s][info][gc       ] [SYSINFO 1897 195 63 0 1458 0 16 0 0 1098 : - - - - - - - - : 0 7168 : 3.05 2.63 1.87 : 271931 4216356 : 0 0 : 9 0 : 2445 10 0 267 : - 1801670656 583921664 457019392 1073233920 203833344 66772992 : 139899904 24281620 481190 0 0 0 : 0.657880 ]
[0.658s][info][gc       ] [HUGEPAGESTAT 0 0 0 - 83071 0 0 : 272384 0 0 : 0.657880 ]
[0.658s][info][gc       ] [OBJCREAT 101108 24296 - : 0.657952 ]
[0.658s][info][gc       ] [HMSV All : 0 0 2 0 0 0 0 0 : 4712 0 0 0 : 0.657984 ]
[0.658s][info][gc       ] [HMSP 8 : 50848 0 : 0.657984 ]
[0.658s][info][gc       ] [COMPSTATS 1 : 5 0 : 11 0 : 0 0 : 376 1 0 0 0 0 : 0 0 0 0 0 0 : 88 88 4 : 377 0 0 0 0 0 0 : 377 0 0 0 0 0 0 ]
[0.658s][info][gc       ] [COMPSTATS 2 : 5 5 : 23 10 : 0 0 : 50 1 0 0 0 0 : 0 0 0 0 0 0 : 1583 1587 926 : 29 21 1 0 0 0 0 : 12 31 3 0 0 0 0 ]
[0.658s][info][gc       ] [DEOPTSTATS 1 : 0 0 : 0 0 : 0 0 : 0 0 : 0 1 : 0 0 : 0 0 : 0 0 : 0 0 : 0 0 : 0 0 : 0 0 : 0 0 : 0 0 : 0 0 : 0 0 : 0 0 : 0 0 : 0 0 : 0 0 : 0 0 : 0 0 : 0 0 : 0 0 : 0 0 : 0 0 : 0 0 : 0 0 : 0 0 : 0 0 : 0 0 : 0 0 : 0 0 : 0 0 : 0 0 : 0 0 : 0 0 : 0 0 : 0 0 : 0 0 : 0 0 : 0 0 ]
[0.658s][info][gc       ] [DEOPTSTATS 2 : 0 0 : 0 0 : 0 0 : 0 0 : 0 0 : 0 0 : 0 4 : 0 0 : 0 0 : 0 0 : 0 0 : 0 0 : 0 0 : 0 0 : 0 0 : 0 0 : 0 0 : 0 0 : 0 0 : 0 0 : 0 0 : 0 0 : 0 0 : 0 0 : 0 0 : 0 0 : 0 0 : 0 0 : 0 0 : 0 0 : 0 0 : 0 0 : 0 0 : 0 0 : 0 0 : 0 0 : 0 0 : 0 0 : 0 0 : 0 1 : 0 0 : 0 0 ]
[0.658s][info][gc       ] [VMAC 65530 170 24 430 624 : 0.658400 ]
[0.659s][info][gc       ] [CCF 0 0 0 0 5 14848: 2466816 : 376 194560 : 2 32768 : 312 306176 :  376 491520 : 42 59904 : 0 0 : 14 1146880 : 1 2048]
[0.659s][info][safepoint] Application time: 0.0064393 seconds
[0.659s][info][safepoint] Total time for which application threads were stopped: 0.0003758 seconds, Stopping threads took: 0.0000005 seconds
[0.660s][info][gc       ] [SPS 0.000 0.878 0.007 0.007 0.000 0.001 0.002 0.318 0.047 0.375 NewGC_pause1 0.659207 ]
[0.703s][info][safepoint] Application time: 0.0438415 seconds
[0.703s][info][safepoint] Total time for which application threads were stopped: 0.0000895 seconds, Stopping threads took: 0.0000005 seconds
[0.703s][info][gc       ] [SPS 0.000 0.001 0.000 0.007 0.000 0.001 0.000 0.045 0.036 0.089 NewGC_pause2 0.703138 ]
[0.704s][info][safepoint] Application time: 0.0008015 seconds
[0.704s][info][safepoint] Total time for which application threads were stopped: 0.0000601 seconds, Stopping threads took: 0.0000005 seconds
[0.704s][info][gc       ] [SPS 0.000 0.001 0.000 0.007 0.000 0.001 0.000 0.037 0.014 0.060 NewGC_pause3 0.703999 ]
[0.705s][info][safepoint] Application time: 0.0007432 seconds
[0.705s][info][safepoint] Total time for which application threads were stopped: 0.0000816 seconds, Stopping threads took: 0.0000005 seconds
[0.705s][info][gc       ] [SPS 0.000 0.002 0.002 0.007 0.000 0.001 0.000 0.046 0.027 0.081 NewGC_pause4 0.704824 ]
[0.706s][info][gc       ] [GC New Max 3-2 : 512 272 266 512 - - 277 20 2 2 - : 208 0 30 28 216 : 195 10 9 9 0 : 0 4 52 0 92 - 12 : 0.020852 2110.1 0.0 0.052718 2314.2 0.0 : 3 --c 0000 : 23 0 0.000 0.000 0 0.000 0.000 0 0.000 0.000 : 0.653458 0.658831 0.000309 0.703048 0.000048 0.703939 0.000041 0.704743 0.000050 : 0.706175 ]
[0.706s][info][gc       ] [SYSINFO 1901 195 63 0 1463 0 16 0 0 1098 : - - - - - - - - : 0 7168 : 3.05 2.63 1.87 : 271931 4216356 : 0 0 : 9 0 : 2445 4 0 267 : - 1806401536 583921664 461750272 1073233920 203833344 66772992 : 139899904 24281960 481200 0 0 0 : 0.706441 ]
[0.706s][info][gc       ] [HUGEPAGESTAT 0 0 0 - 83071 0 0 : 272384 0 0 : 0.706441 ]
[0.706s][info][gc       ] [OBJCREAT 210405 24296 - : 0.706495 ]
[0.707s][info][gc       ] [HMSV All : 0 0 4 0 0 0 0 0 : 4730 0 0 0 : 0.706520 ]
[0.707s][info][gc       ] [HMSP 8 : 50848 0 : 0.706520 ]
[0.707s][info][gc       ] [GPGC-H  28.4 0.0 41.0 0.0 : 3945.9 : 0.000 0.000 : 0.000 0.000 0.053 0.041 : 0.000 0.000 0.000 0.000 0.064 0.021 : 0.000 : 71.657 : 208 0 30 0 : 2273 : 460 432 : 0.706796 : 7 Heap_use_crossed_incremental_gc_percent ]
[0.707s][info][gc       ] [VMAC 65530 170 24 430 624 : 0.707003 ]
[0.709s][info][safepoint] Application time: 0.0040080 seconds
[0.709s][info][safepoint] Total time for which application threads were stopped: 0.0001668 seconds, Stopping threads took: 0.0000005 seconds
[0.709s][info][gc       ] [SPS 0.000 0.000 0.003 0.007 0.000 0.001 0.000 0.132 0.026 0.167 NewGC_pause1 0.708999 ]
[0.775s][info][safepoint] Application time: 0.0661224 seconds
[0.776s][info][safepoint] Total time for which application threads were stopped: 0.0000745 seconds, Stopping threads took: 0.0000005 seconds
[0.776s][info][gc       ] [SPS 0.000 0.001 0.000 0.007 0.000 0.001 0.000 0.052 0.014 0.074 NewGC_pause2 0.775196 ]
[0.777s][info][safepoint] Application time: 0.0012619 seconds
[0.777s][info][safepoint] Total time for which application threads were stopped: 0.0001124 seconds, Stopping threads took: 0.0000004 seconds
[0.777s][info][gc       ] [SPS 0.000 0.000 0.000 0.006 0.000 0.001 0.000 0.081 0.023 0.112 NewGC_pause3 0.776571 ]
[0.779s][info][safepoint] Application time: 0.0027913 seconds
[0.780s][info][safepoint] Total time for which application threads were stopped: 0.0000866 seconds, Stopping threads took: 0.0000006 seconds
[0.780s][info][gc       ] [SPS 0.000 0.522 0.003 0.008 0.001 0.001 0.000 0.047 0.030 0.086 NewGC_pause4 0.779449 ]
[0.781s][info][gc       ] [GC NTO Max 4-3 : 512 434 422 512 - - 284 20 2 2 - : 362 0 32 28 374 : 353 9 14 14 0 : 0 4 81 0 157 - 24 : 0.000724 0.0 0.0 0.073737 2278.4 27.1 : 3 --c 0000 : 23 0 0.000 0.000 0 0.000 0.000 0 0.000 0.000 : 0.706899 0.708833 0.000135 0.775122 0.000055 0.776458 0.000085 0.779362 0.000050 : 0.780636 ]
[0.781s][info][gc       ] [SYSINFO 1908 195 63 0 1470 0 16 0 0 1098 : - - - - - - - - : 0 7168 : 3.05 2.63 1.87 : 271931 4216356 : 0 0 : 9 0 : 2445 4 0 267 : - 1813295104 583921664 468643840 1073233920 203833344 66772992 : 139899904 24282350 481220 0 0 0 : 0.780932 ]
[0.781s][info][gc       ] [HUGEPAGESTAT 0 0 0 - 83071 0 0 : 272384 0 0 : 0.780932 ]
[0.781s][info][gc       ] [OBJCREAT 377486 24369 - : 0.780978 ]
[0.781s][info][gc       ] [HMSV All : 0 0 6 0 0 0 0 0 : 4768 0 0 0 : 0.780994 ]
[0.781s][info][gc       ] [HMSP 8 : 50848 0 : 0.780994 ]
[0.781s][info][gc       ] [VMAC 65530 170 24 430 624 : 0.781444 ]
[0.781s][info][safepoint] Application time: 0.0013776 seconds
[0.782s][info][safepoint] Total time for which application threads were stopped: 0.0006387 seconds, Stopping threads took: 0.0000004 seconds
[0.782s][info][gc       ] [SPS 0.000 0.000 0.000 0.006 0.000 0.001 0.000 0.592 0.040 0.639 OldGC_pause2 0.781465 ]
[0.782s][info][gc       ] [GPGC-H  28.4 0.0 41.0 0.0 : 3945.9 : 0.000 0.000 : 0.000 0.000 0.074 0.041 : 0.000 0.000 0.000 0.000 0.102 0.021 : 0.000 : 99.028 : 364 0 32 0 : 2273 : 460 432 : 0.781608 : 7 Heap_use_crossed_incremental_gc_percent ]
[0.784s][info][safepoint] Application time: 0.0025668 seconds
[0.784s][info][safepoint] Total time for which application threads were stopped: 0.0000712 seconds, Stopping threads took: 0.0000004 seconds
[0.785s][info][gc       ] [SPS 0.000 0.001 0.000 0.006 0.000 0.001 0.000 0.044 0.020 0.071 OldGC_pause3 0.784103 ]
[0.790s][info][safepoint] Application time: 0.0058744 seconds
[0.790s][info][safepoint] Total time for which application threads were stopped: 0.0001425 seconds, Stopping threads took: 0.0000005 seconds
[0.790s][info][gc       ] [SPS 0.000 1.739 0.003 0.006 0.000 0.001 0.000 0.121 0.013 0.143 NewGC_pause1 0.790120 ]
[0.901s][info][safepoint] Application time: 0.1111826 seconds
[0.902s][info][safepoint] Total time for which application threads were stopped: 0.0001354 seconds, Stopping threads took: 0.0000004 seconds
[0.902s][info][gc       ] [SPS 0.000 0.001 0.000 0.008 0.000 0.001 0.000 0.102 0.024 0.136 NewGC_pause2 0.901439 ]
[0.903s][info][safepoint] Application time: 0.0016564 seconds
[0.903s][info][safepoint] Total time for which application threads were stopped: 0.0001594 seconds, Stopping threads took: 0.0000004 seconds
[0.904s][info][gc       ] [SPS 0.000 0.000 0.000 0.009 0.000 0.001 0.000 0.128 0.021 0.160 NewGC_pause3 0.903255 ]
[0.904s][info][safepoint] Application time: 0.0009273 seconds
[0.904s][info][safepoint] Total time for which application threads were stopped: 0.0000718 seconds, Stopping threads took: 0.0000005 seconds
[0.904s][info][gc       ] [SPS 0.000 0.003 0.002 0.008 0.000 0.001 0.000 0.048 0.014 0.072 NewGC_pause4 0.904254 ]
[0.906s][info][gc       ] [GC New Max 6-4 : 672 614 592 672 - - 314 20 2 2 - : 532 0 32 28 554 : 521 10 26 26 0 : 0 3 79 0 238 - 28 : 0.005718 3847.4 0.0 0.119273 1458.8 0.0 : 3 --c 0000 : 23 1125 0.000 0.000 0 0.000 0.000 1125 0.000 0.000 : 0.786354 0.789978 0.000125 0.901303 0.000052 0.903095 0.000061 0.904182 0.000053 : 0.905627 ]
[0.906s][info][gc       ] [SYSINFO 2079 195 63 0 1640 0 16 0 0 1230 : - - - - - - - - : 0 7168 : 3.05 2.63 1.87 : 271931 4216356 : 0 0 : 9 0 : 2445 4 0 267 : - 1991315456 583921664 479055872 1240977408 203833344 66772992 : 139899904 24282870 481300 0 0 0 : 0.905876 ]
[0.906s][info][gc       ] [HUGEPAGESTAT 0 0 0 - 83075 0 0 : 272384 0 0 : 0.905876 ]
[0.906s][info][gc       ] [OBJCREAT 567892 24369 - : 0.905920 ]
[0.906s][info][gc       ] [HMSV All : 0 0 7 0 0 0 0 0 : 4852 0 0 0 : 0.905936 ]
[0.906s][info][gc       ] [HMSP 8 : 50848 0 : 0.905936 ]
[0.906s][info][gc       ] [VMAC 65530 170 24 432 626 : 0.906354 ]
[0.907s][info][gc       ] [GPGC-H  368.5 0.0 41.0 0.0 : 3945.9 : 0.000 0.000 : 0.000 0.000 0.119 0.041 : 0.000 0.000 0.000 0.000 0.157 0.021 : 0.000 : 99.025 : 534 0 32 0 : 2273 : 604 576 : 0.906607 : 7 Heap_use_crossed_incremental_gc_percent ]
[0.907s][info][safepoint] Application time: 0.0028339 seconds
[0.907s][info][safepoint] Total time for which application threads were stopped: 0.0000663 seconds, Stopping threads took: 0.0000005 seconds
[0.907s][info][gc       ] [SPS 0.000 0.002 0.002 0.008 0.000 0.001 0.000 0.041 0.015 0.066 OldGC_pause4 0.907154 ]
[0.908s][info][gc       ] [GC Old Max 5-2 : 672 614 594 672 - - 317 20 2 2 - : 536 0 30 28 36 : 25 6 0 0 0 : 0 2 1 1 15 - 0 : 0.050935 0.0 0.0 0.198869 0.0 10.1 : 1 --c 0000 : 23   -    -    -    -    -    -    -    -    -  : 0.708507 0.708833 0.000135 0.780826 0.000594 0.784032 0.000044 0.907088 0.000047 : 0.907377 ]
[0.908s][info][gc       ] [SYSINFO 2079 195 63 0 1640 0 16 0 0 1238 : - - - - - - - - : 0 7168 : 3.05 2.63 1.87 : 271931 4216356 : 0 0 : 9 0 : 2445 5 0 267 : - 1991315456 583921664 479055872 1240977408 203833344 66772992 : 139899904 24282870 481300 0 0 0 : 0.907546 ]
[0.908s][info][gc       ] [HUGEPAGESTAT 0 0 0 - 83075 0 0 : 272384 0 0 : 0.907546 ]
[0.908s][info][gc       ] [OBJCREAT 571858 24369 - : 0.907589 ]
[0.908s][info][gc       ] [HMSV All : 0 0 7 0 0 0 0 0 : 4852 0 0 0 : 0.907604 ]
[0.908s][info][gc       ] [HMSP 8 : 50848 0 : 0.907604 ]
[0.908s][info][gc       ] [COMPSTATS 1 : 5 0 : 11 0 : 0 0 : 376 1 0 0 0 0 : 0 0 0 0 0 0 : 88 88 4 : 377 0 0 0 0 0 0 : 377 0 0 0 0 0 0 ]
[0.908s][info][gc       ] [COMPSTATS 2 : 5 1 : 10 1 : 0 0 : 55 2 0 0 0 0 : 0 0 0 0 0 0 : 1827 1832 1193 : 30 26 1 0 0 0 0 : 16 36 4 0 0 0 0 ]
[0.908s][info][gc       ] [DEOPTSTATS 1 : 0 0 : 0 0 : 0 0 : 0 0 : 0 1 : 0 0 : 0 0 : 0 0 : 0 0 : 0 0 : 0 0 : 0 0 : 0 0 : 0 0 : 0 0 : 0 0 : 0 0 : 0 0 : 0 0 : 0 0 : 0 0 : 0 0 : 0 0 : 0 0 : 0 0 : 0 0 : 0 0 : 0 0 : 0 0 : 0 0 : 1 0 : 0 0 : 0 0 : 0 0 : 0 0 : 0 0 : 0 0 : 0 0 : 0 0 : 0 0 : 0 0 : 0 0 ]
[0.908s][info][gc       ] [DEOPTSTATS 2 : 0 0 : 0 0 : 0 0 : 0 0 : 0 0 : 0 0 : 0 4 : 0 0 : 0 0 : 0 0 : 0 0 : 0 0 : 0 0 : 0 0 : 0 0 : 0 0 : 0 0 : 0 0 : 0 0 : 0 0 : 0 0 : 0 0 : 0 0 : 0 0 : 0 0 : 0 0 : 0 0 : 0 0 : 0 0 : 0 0 : 0 0 : 0 0 : 0 0 : 0 0 : 0 0 : 0 0 : 0 0 : 0 0 : 0 0 : 0 1 : 0 0 : 0 0 ]
[0.908s][info][gc       ] [VMAC 65530 170 24 432 626 : 0.907990 ]
[0.908s][info][gc       ] [CCF 0 0 0 0 5 14848: 2477056 : 376 194560 : 2 32768 : 312 306176 :  376 491520 : 52 70144 : 0 0 : 14 1146880 : 1 2048]
[0.912s][info][safepoint] Application time: 0.0047368 seconds
[0.912s][info][safepoint] Total time for which application threads were stopped: 0.0001156 seconds, Stopping threads took: 0.0000005 seconds
[0.912s][info][gc       ] [SPS 0.000 0.002 0.003 0.007 0.000 0.001 0.000 0.092 0.015 0.115 NewGC_pause1 0.912007 ]
[0.952s][info][gc       ] [HEAPCOMMIT 860 : 348 25.229 0 0.000 : 0 0.000 0.000 : 640 53 : 0.951649 ]
[1.099s][info][safepoint] Application time: 0.1866949 seconds
[1.099s][info][safepoint] Total time for which application threads were stopped: 0.0001687 seconds, Stopping threads took: 0.0000005 seconds
[1.100s][info][gc       ] [SPS 0.000 0.002 0.000 0.008 0.000 0.001 0.000 0.136 0.023 0.169 NewGC_pause2 1.098871 ]
[1.101s][info][safepoint] Application time: 0.0022789 seconds
[1.101s][info][safepoint] Total time for which application threads were stopped: 0.0000612 seconds, Stopping threads took: 0.0000004 seconds
[1.102s][info][gc       ] [SPS 0.000 0.001 0.000 0.006 0.000 0.001 0.000 0.050 0.004 0.061 NewGC_pause3 1.101211 ]
[1.102s][info][safepoint] Application time: 0.0011605 seconds
[1.103s][info][safepoint] Total time for which application threads were stopped: 0.0000718 seconds, Stopping threads took: 0.0000005 seconds
[1.103s][info][gc       ] [SPS 0.000 0.003 0.002 0.007 0.000 0.001 0.000 0.047 0.017 0.072 NewGC_pause4 1.102443 ]
[1.105s][info][gc       ] [GC New Max 7-5 : 1108 1038 1022 1108 - - 317 20 2 2 - : 960 0 30 32 976 : 941 12 24 24 0 : 0 5 213 0 438 - 42 : 0.005239 2672.4 0.0 0.193615 2251.9 0.0 : 3 --c 0000 : 23 1488 0.000 0.000 0 0.000 0.000 1488 0.000 0.000 : 0.910866 0.911891 0.000096 1.098702 0.000106 1.101149 0.000052 1.102371 0.000051 : 1.104481 ]
[1.105s][info][gc       ] [SYSINFO 2548 195 63 0 2101 0 16 0 0 1693 : - - - - - - - - : 0 7168 : 3.05 2.63 1.87 : 271931 4216356 : 0 0 : 9 0 : 2445 2 0 267 : - 2474020864 583921664 504623104 1698115584 203833344 66772992 : 139899904 24283630 481520 0 0 0 : 1.104698 ]
[1.105s][info][gc       ] [HUGEPAGESTAT 0 0 0 - 83085 0 0 : 272384 0 0 : 1.104698 ]
[1.105s][info][gc       ] [OBJCREAT 1015184 24369 - : 1.104744 ]
[1.105s][info][gc       ] [HMSV All : 0 0 8 0 0 0 0 0 : 4902 0 0 0 : 1.104761 ]
[1.105s][info][gc       ] [HMSP 10 : 50852 0 : 1.104761 ]
[1.105s][info][gc       ] [VMAC 65530 170 24 434 628 : 1.105227 ]
[1.105s][info][gc       ] [GPGC-H  794.1 0.0 41.0 0.0 : 3945.9 : 0.000 0.000 : 0.000 0.000 0.193 0.199 : 0.000 0.000 0.000 0.000 0.230 0.025 : 0.000 : 99.364 : 966 0 30 0 : 2273 : 997 965 : 1.105442 : 3 Heap_use_exceeded_committed ]
[1.107s][info][safepoint] Application time: 0.0047144 seconds
[1.107s][info][safepoint] Total time for which application threads were stopped: 0.0001300 seconds, Stopping threads took: 0.0000004 seconds
[1.108s][info][gc       ] [SPS 0.000 0.000 0.002 0.007 0.000 0.001 0.000 0.107 0.015 0.130 NewGC_pause1 1.107287 ]
[1.157s][info][gc       ] [HEAPCOMMIT 1364 : 504 37.429 0 0.000 : 0 0.000 0.000 : 1744 148 : 1.156903 ]
[1.219s][info][gc       ] [HEAPCOMMIT 1762 : 398 43.009 0 0.000 : 0 0.000 0.000 : 0 0 : 1.218752 ]
[1.225s][info][gc       ] [DEOPTSTATS 1 : 0 0 : 0 0 : 0 0 : 0 0 : 0 1 : 0 0 : 0 0 : 0 0 : 0 0 : 0 0 : 0 0 : 0 0 : 0 0 : 0 0 : 0 0 : 0 0 : 0 0 : 0 0 : 0 0 : 0 0 : 0 0 : 0 0 : 0 0 : 0 0 : 0 0 : 0 0 : 0 0 : 0 0 : 0 0 : 0 0 : 1 0 : 0 0 : 0 0 : 0 0 : 0 0 : 0 0 : 0 0 : 0 0 : 0 0 : 0 0 : 0 0 : 0 0 ]
[1.225s][info][gc       ] [DEOPTSTATS 2 : 0 0 : 0 0 : 0 0 : 0 0 : 0 0 : 0 0 : 0 4 : 0 0 : 0 0 : 0 0 : 0 0 : 0 0 : 0 0 : 0 0 : 0 0 : 0 0 : 0 0 : 0 0 : 0 0 : 0 0 : 0 0 : 0 0 : 0 0 : 0 0 : 0 0 : 0 0 : 0 0 : 0 0 : 0 0 : 0 0 : 1 0 : 0 0 : 0 0 : 0 0 : 0 0 : 0 0 : 0 0 : 0 0 : 0 0 : 0 1 : 0 0 : 0 0 ]
[1.403s][info][safepoint] Application time: 0.2959585 seconds
[1.404s][info][safepoint] Total time for which application threads were stopped: 0.0000762 seconds, Stopping threads took: 0.0000005 seconds
[1.404s][info][gc       ] [SPS 0.000 0.001 0.000 0.006 0.000 0.001 0.000 0.055 0.014 0.076 NewGC_pause2 1.403323 ]
[1.406s][info][safepoint] Application time: 0.0023567 seconds
[1.406s][info][safepoint] Total time for which application threads were stopped: 0.0002081 seconds, Stopping threads took: 0.0000006 seconds
[1.406s][info][gc       ] [SPS 0.000 0.000 0.000 0.008 0.001 0.001 0.000 0.143 0.055 0.208 NewGC_pause3 1.405887 ]
[1.409s][info][safepoint] Application time: 0.0025124 seconds
[1.409s][info][safepoint] Total time for which application threads were stopped: 0.0005928 seconds, Stopping threads took: 0.0000004 seconds
[1.409s][info][gc       ] [SPS 0.000 0.000 0.000 0.007 0.000 0.001 0.000 0.560 0.024 0.593 OldGC_pause2 1.408993 ]
[1.411s][info][safepoint] Application time: 0.0021598 seconds
[1.412s][info][safepoint] Total time for which application threads were stopped: 0.0000732 seconds, Stopping threads took: 0.0000005 seconds
[1.413s][info][gc       ] [SPS 0.000 0.002 0.002 0.006 0.000 0.001 0.000 0.044 0.022 0.073 NewGC_pause4 1.411226 ]
[1.415s][info][gc       ] [GC NTO Max 8-6 : 1762 1634 1626 1762 - - 328 20 2 2 - : 1530 0 32 64 1538 : 1488 14 38 38 0 : 0 6 282 0 703 - 62 : 0.001141 7009.5 0.0 0.308883 1929.5 6.5 : 3 --c 0000 : 23 1024 0.000 0.000 0 0.000 0.000 1024 0.000 0.000 : 1.105622 1.107158 0.000111 1.403246 0.000055 1.405679 0.000054 1.411152 0.000047 : 1.414505 ]
[1.415s][info][gc       ] [SYSINFO 3227 195 63 0 2768 0 16 0 0 2347 : - - - - - - - - : 0 7168 : 3.05 2.63 1.87 : 271931 4216356 : 0 0 : 9 0 : 2445 3 0 267 : - 3173515264 583921664 518275072 2383822848 203833344 66772992 : 139899904 24284810 481840 0 0 0 : 1.414741 ]
[1.415s][info][gc       ] [HUGEPAGESTAT 0 0 0 - 83085 0 0 : 301056 0 0 : 1.414741 ]
[1.415s][info][gc       ] [OBJCREAT 1616224 24438 - : 1.414784 ]
[1.415s][info][gc       ] [HMSV All : 0 0 9 0 0 0 0 0 : 5000 0 0 0 : 1.414800 ]
[1.415s][info][gc       ] [HMSP 16 : 50884 0 : 1.414800 ]
[1.415s][info][safepoint] Application time: 0.0037931 seconds
[1.415s][info][gc       ] [VMAC 65530 170 24 440 634 : 1.415276 ]
[1.415s][info][safepoint] Total time for which application threads were stopped: 0.0000575 seconds, Stopping threads took: 0.0000004 seconds
[1.415s][info][gc       ] [SPS 0.000 0.000 0.000 0.007 0.000 0.001 0.000 0.036 0.014 0.057 OldGC_pause3 1.415076 ]
[1.415s][info][gc       ] [GPGC-H  1040.6 0.0 41.0 0.0 : 3945.9 : 0.000 0.000 : 0.000 0.000 0.309 0.199 : 0.000 0.000 0.000 0.000 0.404 0.025 : 0.000 : 99.632 : 1534 0 32 0 : 2273 : 1585 1521 : 1.415180 : 3 Heap_use_exceeded_committed ]
[1.422s][info][safepoint] Application time: 0.0064180 seconds
[1.422s][info][safepoint] Total time for which application threads were stopped: 0.0002251 seconds, Stopping threads took: 0.0000004 seconds
[1.422s][info][gc       ] [SPS 0.000 0.051 0.003 0.005 0.000 0.001 0.000 0.205 0.013 0.225 NewGC_pause1 1.421720 ]
[1.496s][info][gc       ] [HEAPCOMMIT 2274 : 512 37.399 0 0.000 : 0 0.000 0.000 : 2616 227 : 1.496338 ]
[1.505s][info][gc       ] [COMPSTATS 1 : 5 5 : 15 9 : 0 0 : 400 1 0 0 0 0 : 0 0 0 0 0 0 : 91 93 4 : 401 0 0 0 0 0 0 : 396 0 0 0 0 0 0 ]
[1.505s][info][gc       ] [COMPSTATS 2 : 5 0 : 1 0 : 0 0 : 55 2 0 0 0 0 : 0 0 0 0 0 0 : 1997 2004 1193 : 30 26 1 0 0 0 0 : 16 36 5 0 0 0 0 ]
[1.505s][info][gc       ] [DEOPTSTATS 1 : 0 0 : 0 0 : 0 0 : 0 0 : 0 1 : 0 0 : 0 0 : 0 0 : 0 0 : 0 0 : 0 0 : 0 0 : 0 0 : 0 0 : 0 0 : 0 0 : 0 0 : 0 0 : 0 0 : 0 0 : 0 0 : 0 0 : 0 0 : 0 0 : 0 0 : 0 0 : 0 0 : 0 0 : 0 0 : 0 0 : 1 0 : 0 0 : 0 0 : 0 0 : 0 0 : 0 0 : 0 0 : 0 0 : 0 0 : 0 0 : 0 0 : 0 0 ]
[1.505s][info][gc       ] [DEOPTSTATS 2 : 0 0 : 0 0 : 0 0 : 0 0 : 0 0 : 0 0 : 0 4 : 0 0 : 0 0 : 0 0 : 0 0 : 0 0 : 0 0 : 0 0 : 0 0 : 0 0 : 0 0 : 0 0 : 0 0 : 0 0 : 0 0 : 0 0 : 0 0 : 0 0 : 0 0 : 0 0 : 0 0 : 0 0 : 0 0 : 0 0 : 1 0 : 0 0 : 0 0 : 0 0 : 0 0 : 0 0 : 0 0 : 0 0 : 0 0 : 0 1 : 0 0 : 0 0 ]
[1.505s][info][gc       ] [COMPSTATS 1 : 5 5 : 15 9 : 0 0 : 400 1 0 0 0 0 : 0 0 0 0 0 0 : 91 93 4 : 401 0 0 0 0 0 0 : 396 0 0 0 0 0 0 ]
[1.505s][info][gc       ] [COMPSTATS 2 : 5 0 : 1 0 : 0 0 : 55 2 0 0 0 0 : 0 0 0 0 0 0 : 1997 2004 1193 : 30 26 1 0 0 0 0 : 16 36 5 0 0 0 0 ]
[1.505s][info][gc       ] [DEOPTSTATS 1 : 0 0 : 0 0 : 0 0 : 0 0 : 0 1 : 0 0 : 0 0 : 0 0 : 0 0 : 0 0 : 0 0 : 0 0 : 0 0 : 0 0 : 0 0 : 0 0 : 0 0 : 0 0 : 0 0 : 0 0 : 0 0 : 0 0 : 0 0 : 0 0 : 0 0 : 0 0 : 0 0 : 0 0 : 0 0 : 0 0 : 1 0 : 0 0 : 0 0 : 0 0 : 0 0 : 0 0 : 0 0 : 0 0 : 0 0 : 0 0 : 0 0 : 0 0 ]
[1.505s][info][gc       ] [DEOPTSTATS 2 : 0 0 : 0 0 : 0 0 : 0 0 : 0 0 : 0 0 : 0 4 : 0 0 : 0 0 : 0 0 : 0 0 : 0 0 : 0 0 : 0 0 : 0 0 : 0 0 : 0 0 : 0 0 : 0 0 : 0 0 : 0 0 : 0 0 : 0 0 : 0 0 : 0 0 : 0 0 : 0 0 : 0 0 : 0 0 : 0 0 : 1 0 : 0 0 : 0 0 : 0 0 : 0 0 : 0 0 : 0 0 : 0 0 : 0 0 : 0 1 : 0 0 : 0 0 ]
[1.505s][info][gc       ] [COMPSTATS 1 : 5 5 : 15 9 : 0 0 : 400 1 0 0 0 0 : 0 0 0 0 0 0 : 91 93 4 : 401 0 0 0 0 0 0 : 396 0 0 0 0 0 0 ]
[1.505s][info][gc       ] [COMPSTATS 2 : 5 0 : 1 0 : 0 0 : 55 2 0 0 0 0 : 0 0 0 0 0 0 : 1997 2004 1193 : 30 26 1 0 0 0 0 : 16 36 5 0 0 0 0 ]
[1.505s][info][gc       ] [DEOPTSTATS 1 : 0 0 : 0 0 : 0 0 : 0 0 : 0 1 : 0 0 : 0 0 : 0 0 : 0 0 : 0 0 : 0 0 : 0 0 : 0 0 : 0 0 : 0 0 : 0 0 : 0 0 : 0 0 : 0 0 : 0 0 : 0 0 : 0 0 : 0 0 : 0 0 : 0 0 : 0 0 : 0 0 : 0 0 : 0 0 : 0 0 : 1 0 : 0 0 : 0 0 : 0 0 : 0 0 : 0 0 : 0 0 : 0 0 : 0 0 : 0 0 : 0 0 : 0 0 ]
[1.505s][info][gc       ] [DEOPTSTATS 2 : 0 0 : 0 0 : 0 0 : 0 0 : 0 0 : 0 0 : 0 4 : 0 0 : 0 0 : 0 0 : 0 0 : 0 0 : 0 0 : 0 0 : 0 0 : 0 0 : 0 0 : 0 0 : 0 0 : 0 0 : 0 0 : 0 0 : 0 0 : 0 0 : 0 0 : 0 0 : 0 0 : 0 0 : 0 0 : 0 0 : 1 0 : 0 0 : 0 0 : 0 0 : 0 0 : 0 0 : 0 0 : 0 0 : 0 0 : 0 1 : 0 0 : 0 0 ]
[1.505s][info][gc       ] [COMPSTATS 1 : 5 5 : 15 9 : 0 0 : 400 1 0 0 0 0 : 0 0 0 0 0 0 : 91 93 4 : 401 0 0 0 0 0 0 : 396 0 0 0 0 0 0 ]
[1.505s][info][gc       ] [COMPSTATS 2 : 5 0 : 1 0 : 0 0 : 55 2 0 0 0 0 : 0 0 0 0 0 0 : 1997 2004 1193 : 30 26 1 0 0 0 0 : 16 36 5 0 0 0 0 ]
[1.505s][info][gc       ] [DEOPTSTATS 1 : 0 0 : 0 0 : 0 0 : 0 0 : 0 1 : 0 0 : 0 0 : 0 0 : 0 0 : 0 0 : 0 0 : 0 0 : 0 0 : 0 0 : 0 0 : 0 0 : 0 0 : 0 0 : 0 0 : 0 0 : 0 0 : 0 0 : 0 0 : 0 0 : 0 0 : 0 0 : 0 0 : 0 0 : 0 0 : 0 0 : 1 0 : 0 0 : 0 0 : 0 0 : 0 0 : 0 0 : 0 0 : 0 0 : 0 0 : 0 0 : 0 0 : 0 0 ]
[1.505s][info][gc       ] [DEOPTSTATS 2 : 0 0 : 0 0 : 0 0 : 0 0 : 0 0 : 0 0 : 0 4 : 0 0 : 0 0 : 0 0 : 0 0 : 0 0 : 0 0 : 0 0 : 0 0 : 0 0 : 0 0 : 0 0 : 0 0 : 0 0 : 0 0 : 0 0 : 0 0 : 0 0 : 0 0 : 0 0 : 0 0 : 0 0 : 0 0 : 0 0 : 1 0 : 0 0 : 0 0 : 0 0 : 0 0 : 0 0 : 0 0 : 0 0 : 0 0 : 0 1 : 0 0 : 0 0 ]
[1.505s][info][gc       ] [COMPSTATS 1 : 5 5 : 15 9 : 0 0 : 400 1 0 0 0 0 : 0 0 0 0 0 0 : 91 93 4 : 401 0 0 0 0 0 0 : 396 0 0 0 0 0 0 ]
[1.505s][info][gc       ] [COMPSTATS 2 : 5 0 : 1 0 : 0 0 : 55 2 0 0 0 0 : 0 0 0 0 0 0 : 1997 2004 1193 : 30 26 1 0 0 0 0 : 16 36 5 0 0 0 0 ]
[1.505s][info][gc       ] [DEOPTSTATS 1 : 0 0 : 0 0 : 0 0 : 0 0 : 0 1 : 0 0 : 0 0 : 0 0 : 0 0 : 0 0 : 0 0 : 0 0 : 0 0 : 0 0 : 0 0 : 0 0 : 0 0 : 0 0 : 0 0 : 0 0 : 0 0 : 0 0 : 0 0 : 0 0 : 0 0 : 0 0 : 0 0 : 0 0 : 0 0 : 0 0 : 1 0 : 0 0 : 0 0 : 0 0 : 0 0 : 0 0 : 0 0 : 0 0 : 0 0 : 0 0 : 0 0 : 0 0 ]
[1.505s][info][gc       ] [DEOPTSTATS 2 : 0 0 : 0 0 : 0 0 : 0 0 : 0 0 : 0 0 : 0 4 : 0 0 : 0 0 : 0 0 : 0 0 : 0 0 : 0 0 : 0 0 : 0 0 : 0 0 : 0 0 : 0 0 : 0 0 : 0 0 : 0 0 : 0 0 : 0 0 : 0 0 : 0 0 : 0 0 : 0 0 : 0 0 : 0 0 : 0 0 : 1 0 : 0 0 : 0 0 : 0 0 : 0 0 : 0 0 : 0 0 : 0 0 : 0 0 : 0 1 : 0 0 : 0 0 ]
[1.537s][info][gc       ] [HEAPCOMMIT 2786 : 512 40.483 0 0.000 : 0 0.000 0.000 : 0 0 : 1.537496 ]
[1.889s][info][safepoint] Application time: 0.4664647 seconds
[1.889s][info][safepoint] Total time for which application threads were stopped: 0.0004721 seconds, Stopping threads took: 0.0002704 seconds
[1.889s][info][gc       ] [SPS 0.000 0.001 0.000 0.009 0.270 0.001 0.000 0.154 0.037 0.472 NewGC_pause2 1.888657 ]
[1.892s][info][safepoint] Application time: 0.0029625 seconds
[1.892s][info][safepoint] Total time for which application threads were stopped: 0.0006380 seconds, Stopping threads took: 0.0005276 seconds
[1.893s][info][gc       ] [SPS 0.000 0.000 0.000 0.010 0.528 0.002 0.000 0.041 0.057 0.638 NewGC_pause3 1.892257 ]
[1.896s][info][safepoint] Application time: 0.0025051 seconds
[1.896s][info][safepoint] Total time for which application threads were stopped: 0.0010112 seconds, Stopping threads took: 0.0008525 seconds
[1.896s][info][gc       ] [SPS 0.000 0.003 0.003 0.009 0.852 0.001 0.001 0.104 0.044 1.011 NewGC_pause4 1.895774 ]
[1.898s][info][gc       ] [GC New Max 10-7 : 2880 2138 2090 2880 - - 448 20 2 2 - : 1938 0 32 120 1986 : 1918 17 54 54 0 : 0 5 206 0 877 - 92 : 0.005255 7611.5 0.0 0.477742 874.9 0.0 : 3 --c 0000 : 23 473 0.000 0.000 0 0.000 0.000 473 0.000 0.000 : 1.419760 1.421495 0.000209 1.888185 0.000332 1.891619 0.000576 1.894762 0.000937 : 1.897503 ]
[1.898s][info][gc       ] [SYSINFO 4517 195 63 0 3912 0 16 0 0 3461 : - - - - - - - - : 0 7168 : 3.05 2.63 1.87 : 271931 4216356 : 0 0 : 9 0 : 2445 5 0 267 : - 4373401600 583921664 545849344 3556134912 203833344 66772992 : 139899904 24286860 482640 0 0 0 : 1.897774 ]
[1.898s][info][gc       ] [HUGEPAGESTAT 0 0 0 - 83085 0 0 : 301056 0 0 : 1.897774 ]
[1.898s][info][gc       ] [OBJCREAT 2070651 24438 - : 1.897830 ]
[1.898s][info][gc       ] [HMSV All : 0 0 10 0 0 0 0 0 : 5140 0 0 0 : 1.897852 ]
[1.898s][info][gc       ] [HMSP 26 : 50940 0 : 1.897852 ]
[1.898s][info][gc       ] [GPGC-H  1114.4 0.0 41.0 0.0 : 3945.9 : 0.000 0.000 : 0.000 0.000 0.478 0.199 : 0.000 0.000 0.000 0.000 0.654 0.025 : 0.000 : 99.738 : 1938 0 32 0 : 2274 : 2592 2472 : 1.898060 : 7 Heap_use_crossed_incremental_gc_percent ]
[1.898s][info][gc       ] [VMAC 65530 170 24 450 644 : 1.898380 ]
[1.905s][info][safepoint] Application time: 0.0049139 seconds
[1.905s][info][safepoint] Total time for which application threads were stopped: 0.0044784 seconds, Stopping threads took: 0.0043466 seconds
[1.905s][info][gc       ] [SPS 0.000 0.002 0.003 0.008 4.347 0.003 0.001 0.076 0.043 4.478 OldGC_pause4 1.905166 ]
[1.906s][info][gc       ] [GC Old Max 9-3 : 2880 2138 2094 2880 - - 402 20 2 2 - : 1940 0 34 120 38 : 25 10 0 0 0 : 0 4 1 3 17 - 0 : 0.199017 0.0 0.0 0.799051 0.0 2.5 : 1 --c 0000 : 23   -    -    -    -    -    -    -    -    -  : 1.106393 1.107158 0.000111 1.408400 0.000563 1.415019 0.000040 1.900688 0.004423 : 1.905444 ]
[1.906s][info][gc       ] [SYSINFO 4518 195 63 0 3912 0 16 0 0 3463 : - - - - - - - - : 0 7168 : 3.05 2.63 1.87 : 271931 4216356 : 0 0 : 9 0 : 2445 9 0 267 : - 4373401600 583921664 545849344 3556134912 203833344 66772992 : 139899904 24286880 482670 0 0 0 : 1.905760 ]
[1.906s][info][gc       ] [HUGEPAGESTAT 0 0 0 - 83085 0 0 : 301056 0 0 : 1.905760 ]
[1.906s][info][gc       ] [OBJCREAT 2072634 24438 - : 1.905828 ]
[1.906s][info][gc       ] [HMSV All : 0 0 10 0 0 0 0 0 : 5140 0 0 0 : 1.905851 ]
[1.906s][info][gc       ] [HMSP 26 : 50940 0 : 1.905851 ]
[1.906s][info][gc       ] [COMPSTATS 1 : 5 0 : 9 0 : 0 0 : 409 2 0 0 0 0 : 0 0 0 0 0 0 : 95 96 8 : 411 0 0 0 0 0 0 : 411 0 0 0 0 0 0 ]
[1.906s][info][gc       ] [COMPSTATS 2 : 5 1 : 4 1 : 0 0 : 60 5 0 0 0 0 : 0 0 0 0 0 0 : 2214 2221 1193 : 38 26 1 0 0 0 0 : 17 42 5 0 0 0 0 ]
[1.906s][info][gc       ] [DEOPTSTATS 1 : 0 0 : 0 0 : 0 0 : 0 0 : 0 1 : 0 0 : 0 0 : 0 0 : 0 0 : 0 0 : 0 0 : 0 0 : 0 0 : 0 0 : 0 0 : 0 0 : 0 0 : 0 0 : 0 0 : 0 0 : 0 0 : 0 0 : 0 0 : 0 0 : 0 0 : 0 0 : 0 0 : 0 0 : 0 0 : 0 0 : 3 0 : 0 0 : 0 0 : 0 0 : 0 0 : 0 0 : 0 0 : 0 0 : 0 0 : 0 0 : 0 0 : 0 0 ]
[1.906s][info][gc       ] [DEOPTSTATS 2 : 0 0 : 0 0 : 0 0 : 0 0 : 0 0 : 0 0 : 0 5 : 0 0 : 0 0 : 0 0 : 0 0 : 0 0 : 0 0 : 0 0 : 0 0 : 0 0 : 0 0 : 0 0 : 0 0 : 0 0 : 0 0 : 0 0 : 0 0 : 0 0 : 0 0 : 0 0 : 0 0 : 0 0 : 0 0 : 0 0 : 1 0 : 0 0 : 0 0 : 0 0 : 0 1 : 0 0 : 0 0 : 0 0 : 0 0 : 0 1 : 0 0 : 0 0 ]
[1.906s][info][gc       ] [CCF 0 0 0 0 7 22016: 2515968 : 376 194560 : 2 32768 : 312 306176 :  410 523264 : 58 77312 : 0 0 : 14 1146880 : 1 2048]
[1.906s][info][gc       ] [VMAC 65530 170 24 450 644 : 1.906291 ]
[1.913s][info][safepoint] Application time: 0.0055749 seconds
[1.913s][info][safepoint] Total time for which application threads were stopped: 0.0019193 seconds, Stopping threads took: 0.0017291 seconds
[1.913s][info][gc       ] [SPS 0.000 0.002 0.005 0.007 1.729 0.001 0.000 0.155 0.027 1.919 NewGC_pause1 1.912660 ]
[1.958s][info][gc       ] [HEAPCOMMIT 3136 : 350 24.697 0 0.000 : 0 0.000 0.000 : 4472 436 : 1.957539 ]
[2.010s][info][gc       ] [HEAPCOMMIT 3644 : 508 51.863 0 0.000 : 0 0.000 0.000 : 0 0 : 2.010046 ]
[2.225s][info][gc       ] [DEOPTSTATS 1 : 0 0 : 0 0 : 0 0 : 0 0 : 0 1 : 0 0 : 0 0 : 0 0 : 0 0 : 0 0 : 0 0 : 0 0 : 0 0 : 0 0 : 0 0 : 0 0 : 0 0 : 0 0 : 0 0 : 0 0 : 0 0 : 0 0 : 0 0 : 0 0 : 0 0 : 0 0 : 0 0 : 0 0 : 0 0 : 0 0 : 3 0 : 0 0 : 0 0 : 0 0 : 0 0 : 0 0 : 0 0 : 0 0 : 0 0 : 0 0 : 0 0 : 0 0 ]
[2.225s][info][gc       ] [DEOPTSTATS 2 : 0 0 : 0 0 : 0 0 : 0 0 : 0 0 : 0 0 : 0 5 : 0 0 : 0 0 : 0 0 : 0 0 : 0 0 : 0 0 : 0 0 : 0 0 : 0 0 : 0 0 : 0 0 : 0 0 : 0 0 : 0 0 : 0 0 : 0 0 : 0 0 : 0 0 : 0 0 : 0 0 : 0 0 : 0 0 : 0 0 : 2 0 : 0 0 : 0 0 : 0 0 : 0 1 : 0 0 : 0 0 : 0 0 : 0 0 : 0 1 : 0 0 : 0 0 ]
[2.232s][info][safepoint] Application time: 0.3193283 seconds
[2.232s][info][safepoint] Total time for which application threads were stopped: 0.0000410 seconds, Stopping threads took: 0.0000006 seconds
[2.232s][info][gc       ] [SPS 0.000 0.001 0.000 0.010 0.001 0.001 0.001 0.007 0.021 0.041 Deoptimize 2.232030 ]
[2.254s][info][gc       ] [COMPSTATS 1 : 5 5 : 22 14 : 0 0 : 500 2 0 0 0 0 : 0 0 0 0 0 0 : 119 121 8 : 502 0 0 0 0 0 0 : 497 0 0 0 0 0 0 ]
[2.254s][info][gc       ] [COMPSTATS 2 : 5 5 : 13 13 : 0 0 : 66 5 0 0 0 0 : 0 0 0 0 0 0 : 2277 2287 1193 : 44 26 1 0 0 0 0 : 18 43 5 0 0 0 0 ]
[2.254s][info][gc       ] [DEOPTSTATS 1 : 1 0 : 0 0 : 0 0 : 0 0 : 0 12 : 0 0 : 0 0 : 0 0 : 0 0 : 0 0 : 0 0 : 0 0 : 0 0 : 0 0 : 0 0 : 0 0 : 0 0 : 0 0 : 0 0 : 0 0 : 0 0 : 0 0 : 0 0 : 0 0 : 0 0 : 0 0 : 0 0 : 0 0 : 0 0 : 0 0 : 3 0 : 0 0 : 0 0 : 0 0 : 0 0 : 0 0 : 0 0 : 0 0 : 0 0 : 0 0 : 0 0 : 0 0 ]
[2.254s][info][gc       ] [DEOPTSTATS 2 : 0 0 : 0 0 : 0 0 : 0 0 : 0 0 : 0 0 : 0 5 : 0 0 : 0 0 : 0 0 : 0 0 : 0 0 : 0 0 : 0 0 : 0 0 : 0 0 : 0 0 : 0 0 : 0 0 : 0 0 : 0 0 : 0 0 : 0 0 : 0 0 : 0 0 : 0 0 : 0 0 : 0 0 : 0 0 : 0 0 : 2 0 : 0 0 : 0 0 : 0 0 : 0 1 : 0 0 : 0 0 : 0 0 : 0 0 : 0 1 : 0 0 : 0 0 ]
[2.254s][info][gc       ] [COMPSTATS 1 : 5 5 : 22 14 : 0 0 : 500 2 0 0 0 0 : 0 0 0 0 0 0 : 119 121 8 : 502 0 0 0 0 0 0 : 497 0 0 0 0 0 0 ]
[2.254s][info][gc       ] [COMPSTATS 2 : 5 5 : 13 13 : 0 0 : 66 5 0 0 0 0 : 0 0 0 0 0 0 : 2277 2287 1193 : 44 26 1 0 0 0 0 : 18 43 5 0 0 0 0 ]
[2.254s][info][gc       ] [DEOPTSTATS 1 : 1 0 : 0 0 : 0 0 : 0 0 : 0 12 : 0 0 : 0 0 : 0 0 : 0 0 : 0 0 : 0 0 : 0 0 : 0 0 : 0 0 : 0 0 : 0 0 : 0 0 : 0 0 : 0 0 : 0 0 : 0 0 : 0 0 : 0 0 : 0 0 : 0 0 : 0 0 : 0 0 : 0 0 : 0 0 : 0 0 : 3 0 : 0 0 : 0 0 : 0 0 : 0 0 : 0 0 : 0 0 : 0 0 : 0 0 : 0 0 : 0 0 : 0 0 ]
[2.254s][info][gc       ] [DEOPTSTATS 2 : 0 0 : 0 0 : 0 0 : 0 0 : 0 0 : 0 0 : 0 5 : 0 0 : 0 0 : 0 0 : 0 0 : 0 0 : 0 0 : 0 0 : 0 0 : 0 0 : 0 0 : 0 0 : 0 0 : 0 0 : 0 0 : 0 0 : 0 0 : 0 0 : 0 0 : 0 0 : 0 0 : 0 0 : 0 0 : 0 0 : 2 0 : 0 0 : 0 0 : 0 0 : 0 1 : 0 0 : 0 0 : 0 0 : 0 0 : 0 1 : 0 0 : 0 0 ]
[2.255s][info][gc       ] [COMPSTATS 1 : 5 5 : 22 14 : 0 0 : 500 2 0 0 0 0 : 0 0 0 0 0 0 : 119 121 8 : 502 0 0 0 0 0 0 : 497 0 0 0 0 0 0 ]
[2.255s][info][gc       ] [COMPSTATS 2 : 5 5 : 13 13 : 0 0 : 66 5 0 0 0 0 : 0 0 0 0 0 0 : 2277 2287 1193 : 44 26 1 0 0 0 0 : 18 43 5 0 0 0 0 ]
[2.255s][info][gc       ] [DEOPTSTATS 1 : 1 0 : 0 0 : 0 0 : 0 0 : 0 12 : 0 0 : 0 0 : 0 0 : 0 0 : 0 0 : 0 0 : 0 0 : 0 0 : 0 0 : 0 0 : 0 0 : 0 0 : 0 0 : 0 0 : 0 0 : 0 0 : 0 0 : 0 0 : 0 0 : 0 0 : 0 0 : 0 0 : 0 0 : 0 0 : 0 0 : 3 0 : 0 0 : 0 0 : 0 0 : 0 0 : 0 0 : 0 0 : 0 0 : 0 0 : 0 0 : 0 0 : 0 0 ]
[2.255s][info][gc       ] [DEOPTSTATS 2 : 0 0 : 0 0 : 0 0 : 0 0 : 0 0 : 0 0 : 0 5 : 0 0 : 0 0 : 0 0 : 0 0 : 0 0 : 0 0 : 0 0 : 0 0 : 0 0 : 0 0 : 0 0 : 0 0 : 0 0 : 0 0 : 0 0 : 0 0 : 0 0 : 0 0 : 0 0 : 0 0 : 0 0 : 0 0 : 0 0 : 2 0 : 0 0 : 0 0 : 0 0 : 0 1 : 0 0 : 0 0 : 0 0 : 0 0 : 0 1 : 0 0 : 0 0 ]
[2.255s][info][gc       ] [COMPSTATS 1 : 5 5 : 22 14 : 0 0 : 500 2 0 0 0 0 : 0 0 0 0 0 0 : 119 121 8 : 502 0 0 0 0 0 0 : 497 0 0 0 0 0 0 ]
[2.255s][info][gc       ] [COMPSTATS 2 : 5 5 : 13 13 : 0 0 : 66 5 0 0 0 0 : 0 0 0 0 0 0 : 2277 2287 1193 : 44 26 1 0 0 0 0 : 18 43 5 0 0 0 0 ]
[2.255s][info][gc       ] [DEOPTSTATS 1 : 1 0 : 0 0 : 0 0 : 0 0 : 0 12 : 0 0 : 0 0 : 0 0 : 0 0 : 0 0 : 0 0 : 0 0 : 0 0 : 0 0 : 0 0 : 0 0 : 0 0 : 0 0 : 0 0 : 0 0 : 0 0 : 0 0 : 0 0 : 0 0 : 0 0 : 0 0 : 0 0 : 0 0 : 0 0 : 0 0 : 3 0 : 0 0 : 0 0 : 0 0 : 0 0 : 0 0 : 0 0 : 0 0 : 0 0 : 0 0 : 0 0 : 0 0 ]
[2.255s][info][gc       ] [DEOPTSTATS 2 : 0 0 : 0 0 : 0 0 : 0 0 : 0 0 : 0 0 : 0 5 : 0 0 : 0 0 : 0 0 : 0 0 : 0 0 : 0 0 : 0 0 : 0 0 : 0 0 : 0 0 : 0 0 : 0 0 : 0 0 : 0 0 : 0 0 : 0 0 : 0 0 : 0 0 : 0 0 : 0 0 : 0 0 : 0 0 : 0 0 : 2 0 : 0 0 : 0 0 : 0 0 : 0 1 : 0 0 : 0 0 : 0 0 : 0 0 : 0 1 : 0 0 : 0 0 ]
[2.255s][info][gc       ] [COMPSTATS 1 : 5 5 : 22 14 : 0 0 : 500 2 0 0 0 0 : 0 0 0 0 0 0 : 119 121 8 : 502 0 0 0 0 0 0 : 497 0 0 0 0 0 0 ]
[2.255s][info][gc       ] [COMPSTATS 2 : 5 5 : 13 13 : 0 0 : 66 5 0 0 0 0 : 0 0 0 0 0 0 : 2277 2287 1193 : 44 26 1 0 0 0 0 : 18 43 5 0 0 0 0 ]
[2.255s][info][gc       ] [DEOPTSTATS 1 : 1 0 : 0 0 : 0 0 : 0 0 : 0 12 : 0 0 : 0 0 : 0 0 : 0 0 : 0 0 : 0 0 : 0 0 : 0 0 : 0 0 : 0 0 : 0 0 : 0 0 : 0 0 : 0 0 : 0 0 : 0 0 : 0 0 : 0 0 : 0 0 : 0 0 : 0 0 : 0 0 : 0 0 : 0 0 : 0 0 : 3 0 : 0 0 : 0 0 : 0 0 : 0 0 : 0 0 : 0 0 : 0 0 : 0 0 : 0 0 : 0 0 : 0 0 ]
[2.255s][info][gc       ] [DEOPTSTATS 2 : 0 0 : 0 0 : 0 0 : 0 0 : 0 0 : 0 0 : 0 5 : 0 0 : 0 0 : 0 0 : 0 0 : 0 0 : 0 0 : 0 0 : 0 0 : 0 0 : 0 0 : 0 0 : 0 0 : 0 0 : 0 0 : 0 0 : 0 0 : 0 0 : 0 0 : 0 0 : 0 0 : 0 0 : 0 0 : 0 0 : 2 0 : 0 0 : 0 0 : 0 0 : 0 1 : 0 0 : 0 0 : 0 0 : 0 0 : 0 1 : 0 0 : 0 0 ]
[2.562s][info][safepoint] Application time: 0.3295743 seconds
[2.562s][info][safepoint] Total time for which application threads were stopped: 0.0001186 seconds, Stopping threads took: 0.0000059 seconds
[2.562s][info][gc       ] [SPS 0.000 0.001 0.000 0.010 0.006 0.001 0.000 0.062 0.040 0.119 NewGC_pause2 2.561723 ]
[2.563s][info][safepoint] Application time: 0.0011236 seconds
[2.563s][info][safepoint] Total time for which application threads were stopped: 0.0000930 seconds, Stopping threads took: 0.0000006 seconds
[2.563s][info][gc       ] [SPS 0.000 0.000 0.000 0.009 0.001 0.001 0.000 0.047 0.035 0.093 NewGC_pause3 2.562940 ]
[2.584s][info][safepoint] Application time: 0.0206748 seconds
[2.584s][info][safepoint] Total time for which application threads were stopped: 0.0001813 seconds, Stopping threads took: 0.0000005 seconds
[2.584s][info][gc       ] [SPS 0.000 0.006 0.009 0.008 0.001 0.001 0.000 0.128 0.043 0.181 NewGC_pause4 2.583796 ]
[2.652s][info][gc       ] [COMPSTATS 1 : 5 0 : 14 0 : 0 0 : 510 3 0 0 0 0 : 0 0 0 0 0 0 : 127 128 15 : 513 0 0 0 0 0 0 : 513 0 0 0 0 0 0 ]
[2.652s][info][gc       ] [COMPSTATS 2 : 5 5 : 37 15 : 0 0 : 100 5 0 0 0 0 : 0 0 0 0 0 0 : 3848 3859 5808 : 45 44 16 0 0 0 0 : 24 67 9 0 0 0 0 ]
[2.652s][info][gc       ] [DEOPTSTATS 1 : 1 0 : 0 0 : 0 0 : 0 0 : 0 12 : 0 0 : 0 0 : 0 0 : 0 0 : 0 0 : 0 0 : 0 0 : 0 0 : 0 0 : 0 0 : 0 0 : 0 0 : 0 0 : 0 0 : 0 0 : 0 0 : 0 0 : 0 0 : 0 0 : 0 0 : 0 0 : 0 0 : 0 0 : 0 0 : 0 0 : 3 0 : 0 0 : 0 0 : 0 0 : 0 0 : 0 0 : 0 0 : 0 0 : 0 0 : 0 0 : 0 0 : 0 0 ]
[2.652s][info][gc       ] [DEOPTSTATS 2 : 0 0 : 0 0 : 0 0 : 0 0 : 0 0 : 0 0 : 0 6 : 0 0 : 0 0 : 0 0 : 0 0 : 0 0 : 0 0 : 0 0 : 0 0 : 0 0 : 0 0 : 0 0 : 0 0 : 0 0 : 0 0 : 0 0 : 0 0 : 0 0 : 0 0 : 0 0 : 0 0 : 0 0 : 0 0 : 0 0 : 2 0 : 0 0 : 0 0 : 0 0 : 0 1 : 0 0 : 0 0 : 0 0 : 0 0 : 0 1 : 0 0 : 0 0 ]
[2.652s][info][gc       ] [COMPSTATS 1 : 5 0 : 14 0 : 0 0 : 510 3 0 0 0 0 : 0 0 0 0 0 0 : 127 128 15 : 513 0 0 0 0 0 0 : 513 0 0 0 0 0 0 ]
[2.652s][info][gc       ] [COMPSTATS 2 : 5 5 : 37 15 : 0 0 : 100 5 0 0 0 0 : 0 0 0 0 0 0 : 3848 3859 5808 : 45 44 16 0 0 0 0 : 24 67 9 0 0 0 0 ]
[2.652s][info][gc       ] [DEOPTSTATS 1 : 1 0 : 0 0 : 0 0 : 0 0 : 0 12 : 0 0 : 0 0 : 0 0 : 0 0 : 0 0 : 0 0 : 0 0 : 0 0 : 0 0 : 0 0 : 0 0 : 0 0 : 0 0 : 0 0 : 0 0 : 0 0 : 0 0 : 0 0 : 0 0 : 0 0 : 0 0 : 0 0 : 0 0 : 0 0 : 0 0 : 3 0 : 0 0 : 0 0 : 0 0 : 0 0 : 0 0 : 0 0 : 0 0 : 0 0 : 0 0 : 0 0 : 0 0 ]
[2.652s][info][gc       ] [DEOPTSTATS 2 : 0 0 : 0 0 : 0 0 : 0 0 : 0 0 : 0 0 : 0 6 : 0 0 : 0 0 : 0 0 : 0 0 : 0 0 : 0 0 : 0 0 : 0 0 : 0 0 : 0 0 : 0 0 : 0 0 : 0 0 : 0 0 : 0 0 : 0 0 : 0 0 : 0 0 : 0 0 : 0 0 : 0 0 : 0 0 : 0 0 : 2 0 : 0 0 : 0 0 : 0 0 : 0 1 : 0 0 : 0 0 : 0 0 : 0 0 : 0 1 : 0 0 : 0 0 ]
[2.684s][info][gc       ] [GC New Max 11-8 : 3644 2478 2476 3644 - - 469 20 2 2 - : 2282 0 34 160 2290 : 2075 9 160 160 49 : 0 167 155 0 1086 - 55 : 0.007687 260.2 0.0 0.778340 591.0 0.0 : 3 --c 0000 : 23 0 0.000 0.000 0 0.000 0.000 0 0.000 0.000 : 1.905189 1.910741 0.001886 2.561604 0.000072 2.562847 0.000049 2.583615 0.000071 : 2.683529 ]
[2.684s][info][gc       ] [SYSINFO 5214 195 63 0 4722 0 16 0 0 4229 : - - - - - - - - : 0 7168 : 3.21 2.67 1.89 : 271935 4216356 : 0 0 : 11 0 : 2445 7 0 267 : - 5223202816 583921664 594509824 4357275648 203833344 66772992 : 139899904 24292340 483370 0 0 0 : 2.683902 ]
[2.684s][info][gc       ] [HUGEPAGESTAT 0 0 0 - 83085 0 0 : 301056 0 0 : 2.683902 ]
[2.684s][info][gc       ] [OBJCREAT 2529196 24438 - : 2.683976 ]
[2.684s][info][gc       ] [HMSV All : 0 0 10 0 0 0 0 0 : 5140 0 0 0 : 2.684004 ]
[2.684s][info][gc       ] [HMSP 32 : 50980 0 : 2.684004 ]
[2.684s][info][gc       ] [GPGC-H  1114.4 0.0 37.3 0.0 : 3589.8 : 0.000 0.000 : 0.000 0.000 0.778 0.799 : 0.000 0.000 0.000 0.000 1.073 0.025 : 0.000 : 99.912 : 2284 0 34 0 : 2289 : 3279 3119 : 2.684457 : 9 Next_heuristic_check_may_be_too_late ]
[2.684s][info][gc       ] [VMAC 65530 170 24 458 652 : 2.684501 ]
[2.688s][info][safepoint] Application time: 0.1040380 seconds
[2.688s][info][safepoint] Total time for which application threads were stopped: 0.0001871 seconds, Stopping threads took: 0.0000007 seconds
[2.688s][info][gc       ] [SPS 0.000 0.005 0.007 0.010 0.001 0.001 0.001 0.138 0.037 0.187 NewGC_pause1 2.688021 ]
[2.779s][info][gc       ] [HEAPCOMMIT 4156 : 512 48.821 0 0.000 : 0 0.000 0.000 : 3056 378 : 2.779161 ]
[2.824s][info][gc       ] [HEAPCOMMIT 4668 : 512 43.898 0 0.000 : 0 0.000 0.000 : 0 0 : 2.823611 ]
[2.856s][info][gc       ] [HEAPCOMMIT 5064 : 396 31.909 0 0.000 : 0 0.000 0.000 : 0 0 : 2.856096 ]
[3.320s][info][gc       ] [DEOPTSTATS 1 : 1 0 : 0 0 : 0 0 : 0 0 : 0 12 : 0 0 : 0 0 : 0 0 : 0 0 : 0 0 : 0 0 : 0 0 : 0 0 : 0 0 : 0 0 : 0 0 : 0 0 : 0 0 : 0 0 : 0 0 : 0 0 : 0 0 : 0 0 : 0 0 : 0 0 : 0 0 : 0 0 : 0 0 : 0 0 : 0 0 : 3 0 : 0 0 : 0 0 : 0 0 : 0 0 : 0 0 : 0 0 : 0 0 : 0 0 : 0 0 : 0 0 : 0 0 ]
[3.320s][info][gc       ] [DEOPTSTATS 2 : 0 0 : 0 0 : 0 0 : 0 0 : 0 0 : 0 0 : 0 6 : 0 0 : 0 0 : 0 0 : 0 0 : 0 0 : 0 0 : 0 0 : 0 0 : 0 0 : 0 0 : 0 0 : 0 0 : 0 0 : 0 0 : 0 0 : 0 0 : 0 0 : 0 0 : 0 0 : 0 0 : 0 0 : 0 0 : 0 0 : 2 0 : 0 0 : 0 0 : 0 0 : 0 1 : 0 0 : 0 0 : 0 0 : 0 0 : 0 1 : 0 0 : 0 0 ]
[3.416s][info][safepoint] Application time: 0.7276877 seconds
[3.416s][info][safepoint] Total time for which application threads were stopped: 0.0000876 seconds, Stopping threads took: 0.0000005 seconds
[3.416s][info][gc       ] [SPS 0.000 0.001 0.000 0.010 0.001 0.001 0.001 0.057 0.018 0.087 NewGC_pause2 3.415797 ]
[3.418s][info][safepoint] Application time: 0.0018673 seconds
[3.418s][info][safepoint] Total time for which application threads were stopped: 0.0000980 seconds, Stopping threads took: 0.0000005 seconds
[3.418s][info][gc       ] [SPS 0.000 0.001 0.000 0.009 0.001 0.001 0.000 0.044 0.043 0.098 NewGC_pause3 3.417762 ]
[3.445s][info][safepoint] Application time: 0.0269405 seconds
[3.445s][info][safepoint] Total time for which application threads were stopped: 0.0001157 seconds, Stopping threads took: 0.0000006 seconds
[3.445s][info][gc       ] [SPS 0.000 0.005 0.009 0.010 0.001 0.001 0.001 0.069 0.034 0.116 NewGC_pause4 3.444818 ]
[3.619s][info][gc       ] [GC New Max 12-9 : 5338 3698 3570 5338 - - 585 20 2 2 - : 3158 134 34 244 3420 : 2898 11 513 513 78 : 67 186 566 0 1524 - 55 : 0.001066 1875.9 0.0 0.934172 1532.9 0.0 : 3 --c 0000 : 23 0 0.000 0.000 0 0.000 0.000 0 0.000 0.000 : 2.684595 2.687834 0.000141 3.415709 0.000062 3.417664 0.000048 3.444703 0.000075 : 3.618767 ]
[3.619s][info][gc       ] [SYSINFO 7017 195 63 0 6494 0 16 0 0 5924 : - - - - - - - - : 0 7168 : 3.21 2.67 1.89 : 271935 4216376 : 0 0 : 11 0 : 2445 6 0 267 : - 7080140800 583921664 675340288 6133518336 203833344 66772992 : 139899904 24298950 484580 0 0 0 : 3.619052 ]
[3.619s][info][gc       ] [HUGEPAGESTAT 0 0 0 - 83085 0 0 : 301056 0 0 : 3.619052 ]
[3.619s][info][gc       ] [OBJCREAT 3949001 24438 98304 : 3.619112 ]
[3.619s][info][gc       ] [HMSV All : 0 0 10 0 0 0 0 0 : 5140 0 0 0 : 3.619133 ]
[3.619s][info][gc       ] [HMSP 52 : 51064 0 : 3.619133 ]
[3.620s][info][gc       ] [GPGC-H  1106.5 0.0 37.3 0.0 : 3589.8 : 0.000 0.000 : 0.000 0.000 0.909 0.799 : 0.000 0.000 0.000 0.000 1.549 0.025 : 0.000 : 99.911 : 3160 134 34 0 : 2290 : 4804 4560 : 3.619621 : 7 Heap_use_crossed_incremental_gc_percent ]
[3.620s][info][gc       ] [VMAC 65530 170 24 478 672 : 3.619798 ]
[3.625s][info][safepoint] Application time: 0.1796554 seconds
[3.625s][info][safepoint] Total time for which application threads were stopped: 0.0001817 seconds, Stopping threads took: 0.0000005 seconds
[3.626s][info][gc       ] [SPS 0.000 0.001 0.009 0.009 0.000 0.001 0.001 0.150 0.020 0.181 NewGC_pause1 3.624656 ]
[3.684s][info][gc       ] [HEAPCOMMIT 5594 : 530 64.528 0 0.000 : 0 0.000 0.000 : 6776 829 : 3.683811 ]
[3.732s][info][gc       ] [HEAPCOMMIT 6106 : 512 47.197 0 0.000 : 0 0.000 0.000 : 0 0 : 3.732289 ]
[4.372s][info][safepoint] Application time: 0.7472106 seconds
[4.372s][info][safepoint] Total time for which application threads were stopped: 0.0001005 seconds, Stopping threads took: 0.0000005 seconds
[4.372s][info][gc       ] [SPS 0.000 0.001 0.000 0.009 0.000 0.001 0.000 0.057 0.028 0.096 NewGC_pause2 4.371967 ]
[4.373s][info][safepoint] Application time: 0.0008744 seconds
[4.373s][info][safepoint] Total time for which application threads were stopped: 0.0000874 seconds, Stopping threads took: 0.0000005 seconds
[4.373s][info][gc       ] [SPS 0.000 0.000 0.000 0.009 0.000 0.001 0.000 0.044 0.033 0.087 NewGC_pause3 4.372929 ]
[4.400s][info][safepoint] Application time: 0.0266330 seconds
[4.419s][info][safepoint] Total time for which application threads were stopped: 0.0001016 seconds, Stopping threads took: 0.0000005 seconds
[4.420s][info][gc       ] [SPS 0.000 0.030 0.008 0.010 0.001 0.001 0.000 0.056 0.034 0.102 NewGC_pause4 4.399664 ]
[4.856s][info][gc       ] [GC NTO Max 13-10 : 6356 4836 4302 6356 - - 705 20 2 2 - : 3124 850 36 292 4374 : 2851 7 1515 1515 48 : 358 0 604 0 1562 - 0 : 0.001013 1973.8 0.0 1.235691 1736.7 1.6 : 3 --c 0000 : 23 0 0.000 0.000 0 0.000 0.000 0 0.000 0.000 : 3.619780 3.624474 0.000152 4.371871 0.000060 4.372842 0.000044 4.399562 0.000061 : 4.855472 ]
[4.856s][info][gc       ] [SYSINFO 8145 195 63 0 7604 0 16 0 0 6942 : - - - - - - - - : 0 7168 : 3.21 2.67 1.89 : 271935 4216376 : 0 0 : 11 0 : 2445 7 0 267 : - 8245153792 583921664 772796416 7200940032 203833344 66772992 : 139899904 24308310 485640 0 0 0 : 4.855805 ]
[4.856s][info][gc       ] [HUGEPAGESTAT 0 0 0 - 83085 0 0 : 301056 0 0 : 4.855805 ]
[4.856s][info][gc       ] [OBJCREAT 6078940 24690 817152 : 4.855867 ]
[4.856s][info][gc       ] [HMSV All : 0 0 10 0 0 0 0 0 : 5140 0 0 0 : 4.855884 ]
[4.856s][info][gc       ] [HMSP 60 : 51112 0 : 4.855884 ]
[4.856s][info][gc       ] [GPGC-H  1106.5 367.4 33.7 0.0 : 3247.0 : 0.000 0.000 : 0.000 0.000 0.966 0.799 : 0.000 0.000 0.000 0.000 2.100 0.025 : 0.000 : 99.918 : 3126 850 36 0 : 2290 : 5720 5428 : 4.856376 : 7 Heap_use_crossed_incremental_gc_percent ]
[4.857s][info][gc       ] [VMAC 65530 170 24 486 680 : 4.856751 ]
[4.857s][info][safepoint] Application time: 0.4563144 seconds
[4.857s][info][safepoint] Total time for which application threads were stopped: 0.0008845 seconds, Stopping threads took: 0.0000005 seconds
[4.857s][info][gc       ] [SPS 0.000 0.001 0.000 0.009 0.001 0.001 0.001 0.834 0.039 0.885 OldGC_pause2 4.856863 ]
[4.860s][info][safepoint] Application time: 0.0029596 seconds
[4.860s][info][safepoint] Total time for which application threads were stopped: 0.0000826 seconds, Stopping threads took: 0.0000009 seconds
[4.860s][info][gc       ] [SPS 0.000 0.001 0.000 0.009 0.001 0.001 0.001 0.050 0.021 0.082 OldGC_pause3 4.859905 ]
[4.870s][info][safepoint] Application time: 0.0095601 seconds
[4.870s][info][safepoint] Total time for which application threads were stopped: 0.0001716 seconds, Stopping threads took: 0.0000009 seconds
[4.870s][info][gc       ] [SPS 0.000 3.992 0.011 0.010 0.001 0.001 0.001 0.138 0.021 0.171 NewGC_pause1 4.869637 ]
[5.320s][info][safepoint] Application time: 0.4505948 seconds
[5.321s][info][safepoint] Total time for which application threads were stopped: 0.0000802 seconds, Stopping threads took: 0.0000005 seconds
[5.321s][info][gc       ] [SPS 0.000 0.001 0.000 0.008 0.001 0.001 0.000 0.053 0.017 0.080 NewGC_pause2 5.320312 ]
[5.321s][info][safepoint] Application time: 0.0010473 seconds
[5.322s][info][safepoint] Total time for which application threads were stopped: 0.0001204 seconds, Stopping threads took: 0.0000005 seconds
[5.322s][info][gc       ] [SPS 0.000 0.001 0.000 0.008 0.001 0.001 0.000 0.090 0.021 0.121 NewGC_pause3 5.321480 ]
[5.342s][info][safepoint] Application time: 0.0207113 seconds
[5.359s][info][safepoint] Total time for which application threads were stopped: 0.0000971 seconds, Stopping threads took: 0.0000005 seconds
[5.360s][info][gc       ] [SPS 0.000 0.004 0.008 0.008 0.000 0.001 0.000 0.058 0.029 0.097 NewGC_pause4 5.342289 ]
[5.401s][info][gc       ] [DEOPTSTATS 1 : 1 0 : 0 0 : 0 0 : 0 0 : 0 12 : 0 0 : 0 0 : 0 0 : 0 0 : 0 0 : 0 0 : 0 0 : 0 0 : 0 0 : 0 0 : 0 0 : 0 0 : 0 0 : 0 0 : 0 0 : 0 0 : 0 0 : 0 0 : 0 0 : 0 0 : 0 0 : 0 0 : 0 0 : 0 0 : 0 0 : 4 0 : 0 0 : 0 0 : 0 0 : 0 0 : 0 0 : 0 0 : 0 0 : 0 0 : 0 0 : 0 0 : 0 0 ]
[5.401s][info][gc       ] [DEOPTSTATS 2 : 0 0 : 0 0 : 0 0 : 0 0 : 0 0 : 0 0 : 0 7 : 0 0 : 0 0 : 0 0 : 0 0 : 0 0 : 0 0 : 0 0 : 0 0 : 0 0 : 0 0 : 0 0 : 0 0 : 0 0 : 0 0 : 0 0 : 0 0 : 0 0 : 0 0 : 0 0 : 0 0 : 0 0 : 0 0 : 0 0 : 2 0 : 0 0 : 0 0 : 0 0 : 0 1 : 0 0 : 0 0 : 0 0 : 0 0 : 0 1 : 0 0 : 0 0 ]
[5.655s][info][gc       ] [GC New Max 15-11 : 6356 5460 4102 6356 - - 852 20 2 2 - : 2316 1458 36 292 4282 : 2055 7 2222 2222 19 : 304 0 561 0 1158 - 0 : 0.005212 1918.5 0.0 0.793706 2504.7 0.0 : 3 --c 0000 : 23 0 0.000 0.000 0 0.000 0.000 0 0.000 0.000 : 4.860684 4.869466 0.000144 5.320232 0.000057 5.321360 0.000093 5.342192 0.000060 : 5.654390 ]
[5.655s][info][gc       ] [SYSINFO 8292 195 63 0 7751 0 16 0 0 6942 : - - - - - - - - : 0 7168 : 3.21 2.67 1.89 : 271935 4216416 : 0 0 : 11 0 : 2445 6 0 267 : - 8398839808 583921664 926482432 7200940032 203833344 66772992 : 139899904 24314610 485940 0 0 0 : 5.654669 ]
[5.655s][info][gc       ] [HUGEPAGESTAT 0 0 0 - 83085 0 0 : 301056 0 0 : 5.654669 ]
[5.655s][info][gc       ] [OBJCREAT 8055977 24690 1439744 : 5.654721 ]
[5.655s][info][gc       ] [HMSV All : 0 0 10 0 0 0 0 0 : 5458 0 0 0 : 5.654739 ]
[5.655s][info][gc       ] [HMSP 60 : 51112 0 : 5.654739 ]
[5.655s][info][gc       ] [GPGC-H  1969.4 367.4 33.7 0.0 : 3247.0 : 0.000 0.000 : 0.000 0.000 0.954 0.799 : 0.000 0.000 0.000 0.000 2.381 0.025 : 0.000 : 99.916 : 2316 1458 36 0 : 2297 : 5720 5428 : 5.655164 : 9 Next_heuristic_check_may_be_too_late ]
[5.655s][info][gc       ] [VMAC 65530 170 24 489 683 : 5.655255 ]
[5.657s][info][safepoint] Application time: 0.3145899 seconds
[5.657s][info][safepoint] Total time for which application threads were stopped: 0.0000795 seconds, Stopping threads took: 0.0000005 seconds
[5.657s][info][gc       ] [SPS 0.000 0.002 0.004 0.008 0.000 0.001 0.000 0.052 0.018 0.079 OldGC_pause4 5.656958 ]
[5.660s][info][gc       ] [GC Old Max 14-4 : 6356 5460 4100 6356 - - 852 20 2 2 - : 2326 1452 30 292 1498 : 1475 18 3 3 0 : 0 4 663 1 686 - 55 : 1.715603 56.0 0.0 2.038445 642.6 1.0 : 1 --c 0000 : 23   -    -    -    -    -    -    -    -    -  : 3.621047 3.624474 0.000152 4.855979 0.000840 4.859823 0.000054 5.656879 0.000057 : 5.659491 ]
[5.660s][info][gc       ] [SYSINFO 8292 195 63 0 7751 0 16 0 0 6942 : - - - - - - - - : 0 7168 : 3.21 2.67 1.89 : 271935 4216416 : 0 0 : 11 0 : 2445 7 0 267 : - 8399110144 583921664 926752768 7200940032 203833344 66772992 : 139899904 24314670 485940 0 0 0 : 5.659757 ]
[5.660s][info][gc       ] [HUGEPAGESTAT 0 0 0 - 83085 0 0 : 301056 0 0 : 5.659757 ]
[5.660s][info][gc       ] [OBJCREAT 8065888 24690 1439744 : 5.659807 ]
[5.660s][info][gc       ] [HMSV All : 0 0 10 0 0 0 0 0 : 5458 0 0 0 : 5.659822 ]
[5.660s][info][gc       ] [HMSP 60 : 51112 0 : 5.659822 ]
[5.660s][info][gc       ] [COMPSTATS 1 : 5 0 : 1 0 : 0 0 : 512 3 0 0 0 0 : 0 0 0 0 0 0 : 127 129 15 : 515 0 0 0 0 0 0 : 515 0 0 0 0 0 0 ]
[5.660s][info][gc       ] [COMPSTATS 2 : 5 4 : 15 4 : 0 0 : 113 7 0 0 0 0 : 0 0 0 0 0 0 : 4893 4910 9382 : 50 44 26 0 0 0 0 : 26 77 13 0 0 0 0 ]
[5.660s][info][gc       ] [DEOPTSTATS 1 : 1 0 : 0 0 : 0 0 : 0 0 : 0 12 : 0 0 : 0 0 : 0 0 : 0 0 : 0 0 : 0 0 : 0 0 : 0 0 : 0 0 : 0 0 : 0 0 : 0 0 : 0 0 : 0 0 : 0 0 : 0 0 : 0 0 : 0 0 : 0 0 : 0 0 : 0 0 : 0 0 : 0 0 : 0 0 : 0 0 : 4 0 : 0 0 : 0 0 : 0 0 : 0 0 : 0 0 : 0 0 : 0 0 : 0 0 : 0 0 : 0 0 : 0 0 ]
[5.660s][info][gc       ] [DEOPTSTATS 2 : 0 0 : 0 0 : 0 0 : 0 0 : 0 0 : 0 0 : 0 7 : 0 0 : 0 0 : 0 0 : 0 0 : 0 0 : 0 0 : 0 0 : 0 0 : 0 0 : 0 0 : 0 0 : 0 0 : 0 0 : 0 0 : 0 0 : 0 0 : 0 0 : 0 0 : 0 0 : 0 0 : 0 0 : 0 0 : 0 0 : 2 0 : 0 0 : 0 0 : 0 0 : 0 1 : 0 0 : 0 0 : 0 0 : 0 0 : 0 1 : 0 0 : 0 0 ]
[5.660s][info][gc       ] [CCF 0 0 0 0 18 69632: 2810880 : 380 196608 : 3 49152 : 317 311808 :  506 621056 : 107 168448 : 0 0 : 15 1228800 : 1 2048]
[5.660s][info][gc       ] [VMAC 65530 170 24 489 683 : 5.660291 ]
[5.664s][info][safepoint] Application time: 0.0064111 seconds
[5.664s][info][safepoint] Total time for which application threads were stopped: 0.0001318 seconds, Stopping threads took: 0.0000005 seconds
[5.664s][info][gc       ] [SPS 0.000 0.003 0.003 0.007 0.000 0.001 0.000 0.102 0.020 0.132 NewGC_pause1 5.663502 ]
[6.018s][info][safepoint] Application time: 0.3548455 seconds
[6.019s][info][safepoint] Total time for which application threads were stopped: 0.0000742 seconds, Stopping threads took: 0.0000005 seconds
[6.019s][info][gc       ] [SPS 0.000 0.001 0.000 0.008 0.000 0.001 0.000 0.048 0.016 0.074 NewGC_pause2 6.018421 ]
[6.020s][info][safepoint] Application time: 0.0010649 seconds
[6.020s][info][safepoint] Total time for which application threads were stopped: 0.0000690 seconds, Stopping threads took: 0.0000005 seconds
[6.020s][info][gc       ] [SPS 0.000 0.001 0.000 0.007 0.000 0.001 0.000 0.040 0.021 0.069 NewGC_pause3 6.019555 ]
[6.039s][info][safepoint] Application time: 0.0195905 seconds
[6.040s][info][safepoint] Total time for which application threads were stopped: 0.0000915 seconds, Stopping threads took: 0.0000005 seconds
[6.040s][info][gc       ] [SPS 0.000 0.004 0.023 0.009 0.000 0.001 0.000 0.058 0.023 0.092 NewGC_pause4 6.039238 ]
[6.222s][info][gc       ] [GC New Max 16-12 : 6356 5054 3436 6356 - - 865 20 2 2 - : 1372 1742 30 292 3278 : 1277 5 1999 1999 7 : 145 0 473 0 686 - 0 : 0.005994 2002.0 0.0 0.561169 2352.2 0.0 : 3 --c 0000 : 23 0 0.000 0.000 0 0.000 0.000 0 0.000 0.000 : 5.660384 5.663370 0.000103 6.018347 0.000052 6.019486 0.000044 6.039146 0.000061 : 6.221553 ]
[6.222s][info][gc       ] [SYSINFO 8305 195 63 0 7764 0 16 0 0 6942 : - - - - - - - - : 0 7168 : 3.21 2.67 1.89 : 271935 4216416 : 0 0 : 11 0 : 2445 6 0 267 : - 8412626944 583921664 940269568 7200940032 203833344 66772992 : 139899904 24319050 486050 0 0 0 : 6.221848 ]
[6.222s][info][gc       ] [HUGEPAGESTAT 0 0 0 - 83085 0 0 : 301056 0 0 : 6.221848 ]
[6.222s][info][gc       ] [OBJCREAT 9375596 24690 1701888 : 6.221902 ]
[6.222s][info][gc       ] [HMSV All : 0 0 10 0 0 0 0 0 : 5458 0 0 0 : 6.221924 ]
[6.222s][info][gc       ] [HMSP 60 : 51112 0 : 6.221924 ]
[6.222s][info][gc       ] [GPGC-H  1969.4 367.4 33.7 0.0 : 3247.0 : 0.000 0.000 : 0.000 0.000 0.942 2.038 : 0.000 0.000 0.000 0.000 2.381 0.053 : 0.000 : 99.913 : 1374 1742 30 0 : 2297 : 5720 5428 : 6.222347 : 8 May_exceed_heap_occupancy_target ]
[6.222s][info][gc       ] [VMAC 65530 170 24 490 684 : 6.222475 ]
[6.230s][info][safepoint] Application time: 0.1904184 seconds
[6.230s][info][safepoint] Total time for which application threads were stopped: 0.0002387 seconds, Stopping threads took: 0.0000005 seconds
[6.231s][info][gc       ] [SPS 0.001 0.002 0.008 0.009 0.000 0.001 0.000 0.195 0.033 0.239 NewGC_pause1 6.229895 ]
[6.459s][info][safepoint] Application time: 0.2286241 seconds
[6.459s][info][safepoint] Total time for which application threads were stopped: 0.0000901 seconds, Stopping threads took: 0.0000005 seconds
[6.459s][info][gc       ] [SPS 0.000 0.001 0.000 0.008 0.001 0.001 0.001 0.063 0.017 0.090 NewGC_pause2 6.458609 ]
[6.460s][info][safepoint] Application time: 0.0011323 seconds
[6.460s][info][safepoint] Total time for which application threads were stopped: 0.0000731 seconds, Stopping threads took: 0.0000005 seconds
[6.460s][info][gc       ] [SPS 0.000 0.001 0.000 0.007 0.001 0.001 0.000 0.050 0.014 0.073 NewGC_pause3 6.459814 ]
[6.467s][info][safepoint] Application time: 0.0071848 seconds
[6.467s][info][safepoint] Total time for which application threads were stopped: 0.0000947 seconds, Stopping threads took: 0.0000005 seconds
[6.468s][info][gc       ] [SPS 0.000 0.031 0.012 0.008 0.000 0.001 0.001 0.065 0.019 0.095 NewGC_pause4 6.467094 ]
[6.513s][info][gc       ] [GC NTO Max 17-13 : 6356 4146 2910 6356 - - 879 20 2 2 - : 796 1792 30 292 2082 : 738 8 1341 1341 0 : 25 3 345 0 398 - 0 : 0.000958 2088.2 0.0 0.289964 2786.6 0.0 : 3 --c 0000 : 23 0 0.000 0.000 0 0.000 0.000 0 0.000 0.000 : 6.222511 6.229656 0.000194 6.458519 0.000067 6.459741 0.000054 6.467000 0.000071 : 6.512475 ]
[6.513s][info][gc       ] [SYSINFO 8319 195 63 0 7778 0 16 0 0 6942 : - - - - - - - - : 0 7168 : 3.21 2.67 1.89 : 271935 4216416 : 0 0 : 11 0 : 2445 7 0 267 : - 8427360256 583921664 955002880 7200940032 203833344 66772992 : 139899904 24321560 486110 0 0 0 : 6.512761 ]
[6.513s][info][gc       ] [HUGEPAGESTAT 0 0 0 - 83085 0 0 : 301056 0 0 : 6.512761 ]
[6.513s][info][gc       ] [OBJCREAT 10180253 24828 1753088 : 6.512814 ]
[6.513s][info][gc       ] [HMSV All : 0 0 10 0 0 0 0 0 : 5458 0 0 0 : 6.512838 ]
[6.513s][info][gc       ] [HMSP 60 : 51112 0 : 6.512838 ]
[6.513s][info][gc       ] [VMAC 65530 170 24 492 686 : 6.513375 ]
[6.795s][info][gc       ] [GPGC-H  1969.4 367.4 33.7 0.0 : 3247.0 : 0.000 0.000 : 0.000 0.000 0.931 2.038 : 0.000 0.000 0.000 0.000 2.378 0.053 : 0.000 : 99.910 : 1524 1792 30 0 : 2297 : 5720 5428 : 6.795219 : 8 May_exceed_heap_occupancy_target ]
[6.800s][info][safepoint] Application time: 0.3323649 seconds
[6.800s][info][safepoint] Total time for which application threads were stopped: 0.0002348 seconds, Stopping threads took: 0.0000004 seconds
[6.800s][info][gc       ] [SPS 0.000 0.012 0.006 0.012 0.000 0.001 0.000 0.205 0.016 0.235 NewGC_pause1 6.799694 ]
[6.902s][info][safepoint] Application time: 0.1021228 seconds
[6.902s][info][safepoint] Total time for which application threads were stopped: 0.0000699 seconds, Stopping threads took: 0.0000005 seconds
[6.902s][info][gc       ] [SPS 0.000 0.001 0.000 0.008 0.001 0.001 0.000 0.044 0.016 0.070 NewGC_pause2 6.901887 ]
[6.903s][info][safepoint] Application time: 0.0008071 seconds
[6.903s][info][safepoint] Total time for which application threads were stopped: 0.0000624 seconds, Stopping threads took: 0.0000005 seconds
[6.903s][info][gc       ] [SPS 0.000 0.000 0.000 0.008 0.000 0.001 0.000 0.039 0.014 0.062 NewGC_pause3 6.902756 ]
[6.904s][info][safepoint] Application time: 0.0009960 seconds
[6.904s][info][safepoint] Total time for which application threads were stopped: 0.0000724 seconds, Stopping threads took: 0.0000005 seconds
[6.904s][info][gc       ] [SPS 0.000 0.027 0.002 0.009 0.001 0.001 0.000 0.046 0.016 0.072 NewGC_pause4 6.903825 ]
[6.904s][info][gc       ] [GC New Max 19-14 : 6356 3854 2332 6356 - - 880 20 2 2 - : 218 1792 30 292 1740 : 210 8 1522 1522 0 : 0 3 105 0 109 - 0 : 0.283280 2569.9 0.0 0.108323 2012.5 0.0 : 3 --c 0000 : 23 0 0.000 0.000 0 0.000 0.000 0 0.000 0.000 : 6.795755 6.799460 0.000214 6.901817 0.000049 6.902694 0.000043 6.903753 0.000052 : 6.904078 ]
[6.904s][info][gc       ] [SYSINFO 8320 195 63 0 7780 0 16 0 0 6942 : - - - - - - - - : 0 7168 : 3.21 2.67 1.89 : 271935 4216416 : 0 0 : 11 0 : 2445 8 0 267 : - 8428576768 583921664 956219392 7200940032 203833344 66772992 : 139899904 24324180 486150 0 0 0 : 6.904316 ]
[6.904s][info][gc       ] [HUGEPAGESTAT 0 0 0 - 83085 0 0 : 301056 0 0 : 6.904316 ]
[6.904s][info][gc       ] [OBJCREAT 11114414 24828 1753088 : 6.904360 ]
[6.904s][info][gc       ] [HMSV All : 0 0 10 0 0 0 0 0 : 5458 0 0 0 : 6.904377 ]
[6.904s][info][gc       ] [HMSP 60 : 51112 0 : 6.904377 ]
[6.905s][info][gc       ] [VMAC 65530 170 24 492 686 : 6.904849 ]
[7.247s][info][gc       ] [GPGC-H  1969.4 446.2 30.7 0.0 : 2954.1 : 0.000 0.000 : 0.000 0.000 0.916 2.038 : 0.000 0.000 0.000 0.000 2.364 0.053 : 0.000 : 98.614 : 1076 1792 30 0 : 2297 : 5720 5428 : 7.247213 : 8 May_exceed_heap_occupancy_target ]
[7.250s][info][safepoint] Application time: 0.3460989 seconds
[7.251s][info][safepoint] Total time for which application threads were stopped: 0.0002800 seconds, Stopping threads took: 0.0000005 seconds
[7.251s][info][gc       ] [SPS 0.000 0.091 0.004 0.008 0.000 0.001 0.000 0.252 0.018 0.280 NewGC_pause1 7.250204 ]
[7.339s][info][safepoint] Application time: 0.0884087 seconds
[7.339s][info][safepoint] Total time for which application threads were stopped: 0.0001503 seconds, Stopping threads took: 0.0000005 seconds
[7.339s][info][gc       ] [SPS 0.000 0.002 0.000 0.008 0.000 0.001 0.000 0.114 0.026 0.150 NewGC_pause2 7.338763 ]
[7.340s][info][safepoint] Application time: 0.0013492 seconds
[7.340s][info][safepoint] Total time for which application threads were stopped: 0.0000618 seconds, Stopping threads took: 0.0000005 seconds
[7.340s][info][gc       ] [SPS 0.000 0.001 0.000 0.008 0.000 0.001 0.000 0.038 0.015 0.062 NewGC_pause3 7.340174 ]
[7.341s][info][safepoint] Application time: 0.0010832 seconds
[7.342s][info][safepoint] Total time for which application threads were stopped: 0.0000754 seconds, Stopping threads took: 0.0000005 seconds
[7.342s][info][gc       ] [SPS 0.000 0.032 0.003 0.010 0.001 0.001 0.000 0.048 0.017 0.075 NewGC_pause4 7.341333 ]
[7.342s][info][gc       ] [GC New Max 20-15 : 6356 3478 2406 6356 - - 883 20 2 2 - : 292 1792 30 292 1364 : 284 8 1073 1073 0 : 0 3 142 0 146 - 0 : 0.343598 2497.1 0.0 0.093992 3085.4 0.0 : 3 --c 0000 : 23 0 0.000 0.000 0 0.000 0.000 0 0.000 0.000 : 7.247676 7.249924 0.000254 7.338613 0.000056 7.340112 0.000043 7.341257 0.000054 : 7.341668 ]
[7.342s][info][gc       ] [SYSINFO 8323 195 63 0 7783 0 16 0 0 6942 : - - - - - - - - : 0 7168 : 3.35 2.71 1.91 : 271935 4216416 : 0 0 : 11 0 : 2445 7 0 267 : - 8431685632 583921664 959328256 7200940032 203833344 66772992 : 139899904 24327080 486270 0 0 0 : 7.341919 ]
[7.342s][info][gc       ] [HUGEPAGESTAT 0 0 0 - 83085 0 0 : 301056 0 0 : 7.341919 ]
[7.342s][info][gc       ] [OBJCREAT 12253722 24828 1753088 : 7.341967 ]
[7.342s][info][gc       ] [HMSV All : 0 0 10 0 0 0 0 0 : 5458 0 0 0 : 7.341987 ]
[7.342s][info][gc       ] [HMSP 60 : 51112 0 : 7.341987 ]
[7.342s][info][gc       ] [VMAC 65530 170 24 492 686 : 7.342502 ]
[7.665s][info][gc       ] [GPGC-H  2453.7 446.2 30.7 0.0 : 2954.1 : 0.000 0.000 : 0.000 0.000 0.900 2.038 : 0.000 0.000 0.000 0.000 2.337 0.053 : 0.000 : 97.070 : 1154 1792 30 0 : 2297 : 5720 5428 : 7.665072 : 8 May_exceed_heap_occupancy_target ]
[7.668s][info][safepoint] Application time: 0.3264515 seconds
[7.668s][info][safepoint] Total time for which application threads were stopped: 0.0001377 seconds, Stopping threads took: 0.0000005 seconds
[7.668s][info][gc       ] [SPS 0.000 0.010 0.003 0.009 0.001 0.001 0.000 0.112 0.015 0.137 NewGC_pause1 7.667922 ]
[7.751s][info][safepoint] Application time: 0.0829440 seconds
[7.751s][info][safepoint] Total time for which application threads were stopped: 0.0000660 seconds, Stopping threads took: 0.0000004 seconds
[7.751s][info][gc       ] [SPS 0.000 0.001 0.000 0.007 0.000 0.001 0.000 0.043 0.014 0.066 NewGC_pause2 7.750932 ]
[7.753s][info][safepoint] Application time: 0.0019788 seconds
[7.753s][info][safepoint] Total time for which application threads were stopped: 0.0000627 seconds, Stopping threads took: 0.0000005 seconds
[7.753s][info][gc       ] [SPS 0.000 0.000 0.000 0.008 0.000 0.001 0.000 0.039 0.014 0.063 NewGC_pause3 7.752974 ]
[7.754s][info][safepoint] Application time: 0.0009327 seconds
[7.754s][info][safepoint] Total time for which application threads were stopped: 0.0000805 seconds, Stopping threads took: 0.0000005 seconds
[7.754s][info][gc       ] [SPS 0.000 0.028 0.002 0.007 0.001 0.001 0.000 0.045 0.027 0.080 NewGC_pause4 7.753988 ]
[7.755s][info][gc       ] [GC New Max 21-16 : 6356 3524 2374 6356 - - 885 20 2 2 - : 254 1798 30 292 1410 : 250 4 1154 1154 0 : 3 1 125 0 127 - 0 : 0.323849 2667.9 0.0 0.088738 2907.4 0.0 : 3 --c 0000 : 23 0 0.000 0.000 0 0.000 0.000 0 0.000 0.000 : 7.665516 7.667785 0.000117 7.750867 0.000047 7.752911 0.000044 7.753907 0.000049 : 7.754254 ]
[7.755s][info][gc       ] [SYSINFO 8326 195 63 0 7784 0 16 0 0 6942 : - - - - - - - - : 0 7168 : 3.35 2.71 1.91 : 271935 4216416 : 0 0 : 11 0 : 2445 9 0 267 : - 8433254400 583921664 960897024 7200940032 203833344 66772992 : 139899904 24329790 486420 0 0 0 : 7.754516 ]
[7.755s][info][gc       ] [HUGEPAGESTAT 0 0 0 - 83085 0 0 : 303104 0 0 : 7.754516 ]
[7.755s][info][gc       ] [OBJCREAT 13362467 24828 1759232 : 7.754561 ]
[7.755s][info][gc       ] [HMSV All : 0 0 10 0 0 0 0 0 : 5458 0 0 0 : 7.754578 ]
[7.755s][info][gc       ] [HMSP 60 : 51112 0 : 7.754578 ]
[7.755s][info][gc       ] [VMAC 65530 170 24 492 686 : 7.755056 ]
[7.791s][info][safepoint] Application time: 0.0360769 seconds
[7.791s][info][safepoint] Total time for which application threads were stopped: 0.0010196 seconds, Stopping threads took: 0.0000047 seconds
[7.791s][info][gc       ] [SPS 0.000 0.001 0.000 0.008 0.005 0.001 0.000 0.981 0.025 1.020 OldGC_pause2 7.791084 ]
[7.795s][info][safepoint] Application time: 0.0037483 seconds
[7.795s][info][safepoint] Total time for which application threads were stopped: 0.0000635 seconds, Stopping threads took: 0.0000005 seconds
[7.795s][info][gc       ] [SPS 0.000 0.000 0.000 0.007 0.001 0.001 0.000 0.041 0.014 0.064 OldGC_pause3 7.794896 ]
[7.808s][info][safepoint] Application time: 0.0134547 seconds
[7.809s][info][safepoint] Total time for which application threads were stopped: 0.0000687 seconds, Stopping threads took: 0.0000005 seconds
[7.809s][info][gc       ] [SPS 0.000 0.003 0.002 0.007 0.001 0.001 0.000 0.044 0.016 0.068 OldGC_pause4 7.808419 ]
[7.817s][info][gc       ] [GC Old Max 18-5 : 6356 5054 2584 6356 - - 886 20 2 2 - : 478 1784 30 292 1834 : 1803 17 0 0 0 : 0 9 28 2 852 - 55 : 0.565965 452.3 0.0 1.591171 35.2 0.0 : 1 --c 0000 : 23   -    -    -    -    -    -    -    -    -  : 6.225457 6.229656 0.000194 7.790065 0.000989 7.794833 0.000044 7.808351 0.000048 : 7.816627 ]
[7.817s][info][gc       ] [SYSINFO 8327 195 63 0 7785 0 16 0 0 6942 : - - - - - - - - : 0 7168 : 3.35 2.71 1.91 : 271935 4216416 : 0 0 : 11 0 : 2445 6 0 267 : - 8434335744 583921664 961978368 7200940032 203833344 66772992 : 139899904 24330150 486480 0 0 0 : 7.816895 ]
[7.817s][info][gc       ] [HUGEPAGESTAT 0 0 0 - 83085 0 0 : 303104 0 0 : 7.816895 ]
[7.817s][info][gc       ] [OBJCREAT 13584477 24828 1759232 : 7.816945 ]
[7.817s][info][gc       ] [HMSV All : 0 0 10 0 0 0 0 0 : 5458 0 0 0 : 7.816967 ]
[7.817s][info][gc       ] [HMSP 60 : 51112 0 : 7.816967 ]
[7.817s][info][gc       ] [COMPSTATS 1 : 5 0 : 1 0 : 0 0 : 512 3 0 0 0 0 : 0 0 0 0 0 0 : 127 129 15 : 515 0 0 0 0 0 0 : 515 0 0 0 0 0 0 ]
[7.817s][info][gc       ] [COMPSTATS 2 : 5 4 : 4 4 : 0 0 : 113 7 0 0 0 0 : 0 0 0 0 0 0 : 4893 4910 9382 : 50 44 26 0 0 0 0 : 26 77 13 0 0 0 0 ]
[7.817s][info][gc       ] [DEOPTSTATS 1 : 1 0 : 0 0 : 0 0 : 0 0 : 0 12 : 0 0 : 0 0 : 0 0 : 0 0 : 0 0 : 0 0 : 0 0 : 0 0 : 0 0 : 0 0 : 0 0 : 0 0 : 0 0 : 0 0 : 0 0 : 0 0 : 0 0 : 0 0 : 0 0 : 0 0 : 0 0 : 0 0 : 0 0 : 0 0 : 0 0 : 4 0 : 0 0 : 0 0 : 0 0 : 0 0 : 0 0 : 0 0 : 0 0 : 0 0 : 0 0 : 0 0 : 0 0 ]
[7.817s][info][gc       ] [DEOPTSTATS 2 : 0 0 : 0 0 : 0 0 : 0 0 : 0 0 : 0 0 : 0 7 : 0 0 : 0 0 : 0 0 : 0 0 : 0 0 : 0 0 : 0 0 : 0 0 : 0 0 : 0 0 : 0 0 : 0 0 : 0 0 : 0 0 : 0 0 : 0 0 : 0 0 : 0 0 : 0 0 : 0 0 : 0 0 : 0 0 : 0 0 : 2 0 : 0 0 : 0 0 : 0 0 : 0 1 : 0 0 : 0 0 : 0 0 : 0 0 : 0 1 : 0 0 : 0 0 ]
[7.818s][info][gc       ] [VMAC 65530 170 24 492 686 : 7.817524 ]
[7.818s][info][gc       ] [CCF 0 0 0 0 19 71168: 2809344 : 380 196608 : 3 49152 : 317 311808 :  506 621056 : 106 166912 : 0 0 : 15 1228800 : 1 2048]
[8.016s][info][gc       ] [GPGC-H  2453.7 446.2 30.7 0.0 : 2954.1 : 0.000 0.000 : 0.000 0.000 0.885 1.996 : 0.000 0.000 0.000 0.000 2.304 0.354 : 0.000 : 95.643 : 1108 1784 30 0 : 2293 : 5720 5428 : 8.016399 : 9 Next_heuristic_check_may_be_too_late ]
[8.019s][info][safepoint] Application time: 0.2102171 seconds
[8.019s][info][safepoint] Total time for which application threads were stopped: 0.0002081 seconds, Stopping threads took: 0.0000005 seconds
[8.019s][info][gc       ] [SPS 0.000 0.003 0.008 0.008 0.000 0.001 0.000 0.169 0.030 0.208 NewGC_pause1 8.018845 ]
[8.099s][info][safepoint] Application time: 0.0804114 seconds
[8.100s][info][safepoint] Total time for which application threads were stopped: 0.0001511 seconds, Stopping threads took: 0.0000007 seconds
[8.100s][info][gc       ] [SPS 0.000 0.001 0.000 0.037 0.001 0.001 0.001 0.088 0.025 0.151 NewGC_pause2 8.099408 ]
[8.100s][info][safepoint] Application time: 0.0007813 seconds
[8.100s][info][safepoint] Total time for which application threads were stopped: 0.0000627 seconds, Stopping threads took: 0.0000005 seconds
[8.101s][info][gc       ] [SPS 0.000 0.000 0.000 0.007 0.000 0.001 0.000 0.039 0.014 0.062 NewGC_pause3 8.100252 ]
[8.101s][info][safepoint] Application time: 0.0008747 seconds
[8.101s][info][safepoint] Total time for which application threads were stopped: 0.0000736 seconds, Stopping threads took: 0.0000005 seconds
[8.101s][info][gc       ] [SPS 0.000 0.003 0.002 0.007 0.000 0.001 0.000 0.049 0.016 0.074 NewGC_pause4 8.101200 ]
[8.102s][info][gc       ] [GC New Max 22-17 : 6356 3400 2290 6356 - - 909 20 2 2 - : 184 1784 30 292 1294 : 182 4 1112 1112 0 : 0 1 91 0 92 - 0 : 0.262511 3253.2 0.0 0.084670 2220.4 0.0 : 3 --c 0000 : 23 0 0.000 0.000 0 0.000 0.000 0 0.000 0.000 : 8.016765 8.018637 0.000173 8.099256 0.000079 8.100189 0.000044 8.101126 0.000053 : 8.101436 ]
[8.102s][info][gc       ] [SYSINFO 8350 195 63 0 7808 0 16 0 0 6942 : - - - - - - - - : 0 7168 : 3.35 2.71 1.91 : 271935 4216416 : 0 0 : 11 0 : 2445 7 0 267 : - 8458530816 583921664 986173440 7200940032 203833344 66772992 : 139899904 24331820 486570 0 0 0 : 8.101680 ]
[8.102s][info][gc       ] [HUGEPAGESTAT 0 0 0 - 83085 0 0 : 303104 0 0 : 8.101680 ]
[8.102s][info][gc       ] [OBJCREAT 14395289 24828 1759232 : 8.101741 ]
[8.102s][info][gc       ] [HMSV All : 0 0 10 0 0 0 0 0 : 5458 0 0 0 : 8.101756 ]
[8.102s][info][gc       ] [HMSP 60 : 51112 0 : 8.101756 ]
[8.102s][info][gc       ] [VMAC 65530 170 24 492 686 : 8.102231 ]
[8.484s][info][gc       ] [GPGC-H  2453.7 446.2 30.7 0.0 : 2954.1 : 0.000 0.000 : 0.000 0.000 0.872 1.996 : 0.000 0.000 0.000 0.000 2.272 0.354 : 0.000 : 94.509 : 1072 1784 30 0 : 2293 : 5720 5428 : 8.484418 : 9 Next_heuristic_check_may_be_too_late ]
[8.486s][info][safepoint] Application time: 0.3851378 seconds
[8.487s][info][safepoint] Total time for which application threads were stopped: 0.0001299 seconds, Stopping threads took: 0.0000005 seconds
[8.487s][info][gc       ] [SPS 0.000 0.004 0.004 0.007 0.000 0.001 0.000 0.105 0.016 0.130 NewGC_pause1 8.486468 ]
[8.560s][info][safepoint] Application time: 0.0730493 seconds
[8.560s][info][safepoint] Total time for which application threads were stopped: 0.0001542 seconds, Stopping threads took: 0.0000005 seconds
[8.560s][info][gc       ] [SPS 0.000 0.001 0.000 0.008 0.000 0.001 0.000 0.120 0.025 0.154 NewGC_pause2 8.559672 ]
[8.561s][info][safepoint] Application time: 0.0011601 seconds
[8.561s][info][safepoint] Total time for which application threads were stopped: 0.0001584 seconds, Stopping threads took: 0.0000004 seconds
[8.562s][info][gc       ] [SPS 0.000 0.001 0.000 0.007 0.000 0.001 0.000 0.127 0.023 0.159 NewGC_pause3 8.560990 ]
[8.562s][info][safepoint] Application time: 0.0008181 seconds
[8.562s][info][safepoint] Total time for which application threads were stopped: 0.0000745 seconds, Stopping threads took: 0.0000005 seconds
[8.562s][info][gc       ] [SPS 0.000 0.003 0.002 0.007 0.001 0.001 0.000 0.050 0.016 0.074 NewGC_pause4 8.561883 ]
[8.562s][info][gc       ] [GC New Max 23-18 : 6356 3350 2276 6356 - - 910 20 2 2 - : 170 1784 30 292 1244 : 166 4 1076 1076 0 : 0 1 83 0 85 - 0 : 0.383345 2316.5 0.0 0.077322 2250.3 0.0 : 3 --c 0000 : 23 0 0.000 0.000 0 0.000 0.000 0 0.000 0.000 : 8.484781 8.486338 0.000108 8.559518 0.000048 8.560832 0.000047 8.561808 0.000055 : 8.562103 ]
[8.562s][info][gc       ] [SYSINFO 8351 195 63 0 7810 0 16 0 0 6942 : - - - - - - - - : 0 7168 : 3.35 2.71 1.91 : 271935 4216416 : 0 0 : 11 0 : 2445 7 0 267 : - 8459747328 583921664 987389952 7200940032 203833344 66772992 : 139899904 24334340 486690 0 0 0 : 8.562340 ]
[8.562s][info][gc       ] [HUGEPAGESTAT 0 0 0 - 83085 0 0 : 303104 0 0 : 8.562340 ]
[8.562s][info][gc       ] [OBJCREAT 15444463 24828 1759232 : 8.562385 ]
[8.562s][info][gc       ] [HMSV All : 0 0 10 0 0 0 0 0 : 5458 0 0 0 : 8.562404 ]
[8.562s][info][gc       ] [HMSP 60 : 51112 0 : 8.562404 ]
[8.563s][info][gc       ] [VMAC 65530 170 24 492 686 : 8.562887 ]
[8.845s][info][gc       ] [GPGC-H  2453.7 446.2 30.7 0.0 : 2954.1 : 0.000 0.000 : 0.000 0.000 0.855 1.996 : 0.000 0.000 0.000 0.000 2.229 0.354 : 0.000 : 92.872 : 1054 1784 32 0 : 2293 : 5720 5428 : 8.845137 : 9 Next_heuristic_check_may_be_too_late ]
[8.848s][info][safepoint] Application time: 0.2859437 seconds
[8.849s][info][safepoint] Total time for which application threads were stopped: 0.0003877 seconds, Stopping threads took: 0.0000004 seconds
[8.849s][info][gc       ] [SPS 0.000 0.004 0.005 0.009 0.000 0.001 0.000 0.339 0.038 0.388 NewGC_pause1 8.848215 ]
[8.919s][info][safepoint] Application time: 0.0707207 seconds
[8.919s][info][safepoint] Total time for which application threads were stopped: 0.0001089 seconds, Stopping threads took: 0.0000005 seconds
[8.920s][info][gc       ] [SPS 0.000 0.001 0.000 0.007 0.000 0.001 0.000 0.087 0.014 0.109 NewGC_pause2 8.919044 ]
[8.920s][info][safepoint] Application time: 0.0010335 seconds
[8.920s][info][safepoint] Total time for which application threads were stopped: 0.0000576 seconds, Stopping threads took: 0.0000005 seconds
[8.921s][info][gc       ] [SPS 0.000 0.000 0.000 0.007 0.000 0.001 0.000 0.036 0.014 0.058 NewGC_pause3 8.920135 ]
[8.921s][info][safepoint] Application time: 0.0009607 seconds
[8.921s][info][safepoint] Total time for which application threads were stopped: 0.0000661 seconds, Stopping threads took: 0.0000005 seconds
[8.922s][info][gc       ] [SPS 0.000 0.003 0.002 0.007 0.000 0.001 0.000 0.043 0.015 0.066 NewGC_pause4 8.921162 ]
[8.922s][info][gc       ] [GC New Max 24-19 : 6356 3396 2340 6356 - - 913 20 2 2 - : 232 1784 32 292 1286 : 228 4 1058 1058 0 : 0 1 114 0 116 - 0 : 0.283649 3116.5 7.1 0.075677 3118.5 0.0 : 3 --c 0000 : 23 0 0.000 0.000 0 0.000 0.000 0 0.000 0.000 : 8.845752 8.847827 0.000277 8.918935 0.000091 8.920078 0.000040 8.921096 0.000047 : 8.921428 ]
[8.922s][info][gc       ] [SYSINFO 8356 195 63 0 7813 0 16 0 0 6942 : - - - - - - - - : 0 7168 : 3.35 2.71 1.91 : 271935 4216416 : 0 0 : 11 0 : 2445 5 0 267 : - 8462991360 583921664 990633984 7200940032 203833344 66772992 : 139899904 24336160 486820 0 0 0 : 8.921675 ]
[8.922s][info][gc       ] [HUGEPAGESTAT 0 0 0 - 83085 0 0 : 303104 0 0 : 8.921675 ]
[8.922s][info][gc       ] [OBJCREAT 16552836 24828 1759232 : 8.921725 ]
[8.922s][info][gc       ] [HMSV All : 0 0 10 0 0 0 0 0 : 5458 0 0 0 : 8.921740 ]
[8.922s][info][gc       ] [HMSP 60 : 51112 0 : 8.921740 ]
[8.922s][info][gc       ] [VMAC 65530 170 24 492 686 : 8.922201 ]
[9.184s][info][gc       ] [GPGC-H  2453.7 406.8 28.0 0.0 : 2954.1 : 0.000 0.000 : 0.000 0.000 0.842 1.996 : 0.000 0.000 0.000 0.000 2.196 0.354 : 0.000 : 91.690 : 1108 1784 32 0 : 2293 : 5720 5428 : 9.184408 : 9 Next_heuristic_check_may_be_too_late ]
[9.187s][info][safepoint] Application time: 0.2657511 seconds
[9.188s][info][safepoint] Total time for which application threads were stopped: 0.0003943 seconds, Stopping threads took: 0.0000004 seconds
[9.188s][info][gc       ] [SPS 0.000 0.003 0.005 0.007 0.000 0.001 0.000 0.366 0.020 0.394 NewGC_pause1 9.187308 ]
[9.254s][info][safepoint] Application time: 0.0660440 seconds
[9.254s][info][safepoint] Total time for which application threads were stopped: 0.0002416 seconds, Stopping threads took: 0.0000005 seconds
[9.255s][info][gc       ] [SPS 0.000 0.001 0.000 0.007 0.000 0.001 0.000 0.200 0.032 0.242 NewGC_pause2 9.253594 ]
[9.255s][info][safepoint] Application time: 0.0017480 seconds
[9.256s][info][safepoint] Total time for which application threads were stopped: 0.0000604 seconds, Stopping threads took: 0.0000005 seconds
[9.256s][info][gc       ] [SPS 0.000 0.000 0.000 0.007 0.000 0.001 0.000 0.038 0.014 0.060 NewGC_pause3 9.255402 ]
[9.256s][info][safepoint] Application time: 0.0010116 seconds
[9.257s][info][safepoint] Total time for which application threads were stopped: 0.0000663 seconds, Stopping threads took: 0.0000005 seconds
[9.257s][info][gc       ] [SPS 0.000 0.003 0.002 0.007 0.000 0.001 0.000 0.044 0.014 0.066 NewGC_pause4 9.256480 ]
[9.257s][info][gc       ] [GC New Max 25-20 : 6356 3428 2318 6356 - - 928 20 2 2 - : 210 1784 32 292 1320 : 208 4 1113 1113 0 : 0 1 104 0 105 - 0 : 0.263476 3332.4 0.0 0.071799 2952.7 0.0 : 3 --c 0000 : 23 0 0.000 0.000 0 0.000 0.000 0 0.000 0.000 : 9.184905 9.186914 0.000282 9.253352 0.000158 9.255342 0.000042 9.256414 0.000048 : 9.256704 ]
[9.257s][info][gc       ] [SYSINFO 8372 195 63 0 7828 0 16 0 0 6942 : - - - - - - - - : 0 7168 : 3.35 2.71 1.91 : 271935 4216416 : 0 0 : 11 0 : 2445 4 0 267 : - 8479346688 583921664 1006989312 7200940032 203833344 66772992 : 139899904 24337490 486940 0 0 0 : 9.256927 ]
[9.257s][info][gc       ] [HUGEPAGESTAT 0 0 0 - 83085 0 0 : 303104 0 0 : 9.256927 ]
[9.257s][info][gc       ] [OBJCREAT 17634205 24828 1759232 : 9.256970 ]
[9.257s][info][gc       ] [HMSV All : 0 0 10 0 0 0 0 0 : 5458 0 0 0 : 9.256986 ]
[9.257s][info][gc       ] [HMSP 60 : 51112 0 : 9.256986 ]
[9.257s][info][gc       ] [VMAC 65530 170 24 492 686 : 9.257468 ]
[9.540s][info][gc       ] [GPGC-H  2453.7 406.8 28.0 0.0 : 2954.1 : 0.000 0.000 : 0.000 0.000 0.830 1.996 : 0.000 0.000 0.000 0.000 2.165 0.354 : 0.000 : 90.609 : 1124 1784 32 0 : 2293 : 5720 5428 : 9.539713 : 9 Next_heuristic_check_may_be_too_late ]
[9.542s][info][safepoint] Application time: 0.2857195 seconds
[9.543s][info][safepoint] Total time for which application threads were stopped: 0.0002068 seconds, Stopping threads took: 0.0000004 seconds
[9.543s][info][gc       ] [SPS 0.000 0.004 0.003 0.006 0.000 0.001 0.000 0.165 0.034 0.207 NewGC_pause1 9.542407 ]
[9.614s][info][safepoint] Application time: 0.0712005 seconds
[9.614s][info][safepoint] Total time for which application threads were stopped: 0.0001723 seconds, Stopping threads took: 0.0000005 seconds
[9.615s][info][gc       ] [SPS 0.000 0.001 0.000 0.007 0.000 0.001 0.000 0.138 0.026 0.172 NewGC_pause2 9.613780 ]
[9.616s][info][safepoint] Application time: 0.0016099 seconds
[9.616s][info][safepoint] Total time for which application threads were stopped: 0.0001496 seconds, Stopping threads took: 0.0000004 seconds
[9.616s][info][gc       ] [SPS 0.000 0.000 0.000 0.007 0.000 0.001 0.000 0.105 0.037 0.150 NewGC_pause3 9.615539 ]
[9.616s][info][safepoint] Application time: 0.0008616 seconds
[9.617s][info][safepoint] Total time for which application threads were stopped: 0.0000899 seconds, Stopping threads took: 0.0000004 seconds
[9.617s][info][gc       ] [SPS 0.000 0.003 0.002 0.006 0.000 0.001 0.000 0.054 0.028 0.090 NewGC_pause4 9.616491 ]
[9.617s][info][gc       ] [GC New Max 26-21 : 6356 3468 2342 6356 - - 928 20 2 2 - : 234 1784 32 292 1360 : 230 4 1129 1129 0 : 0 1 115 0 117 - 0 : 0.283558 3230.4 0.0 0.076425 3088.0 0.0 : 3 --c 0000 : 23 0 0.000 0.000 0 0.000 0.000 0 0.000 0.000 : 9.540262 9.542200 0.000096 9.613607 0.000095 9.615390 0.000044 9.616401 0.000055 : 9.616688 ]
[9.617s][info][gc       ] [SYSINFO 8372 195 63 0 7828 0 16 0 0 6942 : - - - - - - - - : 0 7168 : 3.35 2.71 1.91 : 271935 4216416 : 0 0 : 11 0 : 2445 4 0 267 : - 8479346688 583921664 1006989312 7200940032 203833344 66772992 : 139899904 24338760 487050 0 0 0 : 9.616911 ]
[9.617s][info][gc       ] [HUGEPAGESTAT 0 0 0 - 83085 0 0 : 303104 0 0 : 9.616911 ]
[9.617s][info][gc       ] [OBJCREAT 18773382 24828 1759232 : 9.616952 ]
[9.617s][info][gc       ] [HMSV All : 0 0 10 0 0 0 0 0 : 5458 0 0 0 : 9.616968 ]
[9.617s][info][gc       ] [HMSP 60 : 51112 0 : 9.616968 ]
[9.617s][info][gc       ] [VMAC 65530 170 24 492 686 : 9.617406 ]
[9.880s][info][gc       ] [GPGC-H  2850.3 406.8 28.0 0.0 : 2954.1 : 0.000 0.000 : 0.000 0.000 0.818 1.996 : 0.000 0.000 0.000 0.000 2.132 0.354 : 0.000 : 89.465 : 1122 1784 32 0 : 2293 : 5720 5428 : 9.879731 : 9 Next_heuristic_check_may_be_too_late ]
[9.883s][info][safepoint] Application time: 0.2660015 seconds
[9.883s][info][safepoint] Total time for which application threads were stopped: 0.0003816 seconds, Stopping threads took: 0.0000004 seconds
[9.883s][info][gc       ] [SPS 0.000 0.004 0.003 0.006 0.000 0.001 0.000 0.328 0.046 0.382 NewGC_pause1 9.882875 ]
[9.961s][info][safepoint] Application time: 0.0781482 seconds
[9.962s][info][safepoint] Total time for which application threads were stopped: 0.0000821 seconds, Stopping threads took: 0.0000005 seconds
[9.962s][info][gc       ] [SPS 0.000 0.001 0.000 0.007 0.000 0.001 0.000 0.057 0.016 0.082 NewGC_pause2 9.961105 ]
[9.963s][info][safepoint] Application time: 0.0016756 seconds
[9.963s][info][safepoint] Total time for which application threads were stopped: 0.0001451 seconds, Stopping threads took: 0.0000005 seconds
[9.963s][info][gc       ] [SPS 0.000 0.000 0.000 0.007 0.000 0.001 0.000 0.123 0.014 0.145 NewGC_pause3 9.962925 ]
[9.964s][info][safepoint] Application time: 0.0010906 seconds
[9.964s][info][safepoint] Total time for which application threads were stopped: 0.0001625 seconds, Stopping threads took: 0.0000005 seconds
[9.964s][info][gc       ] [SPS 0.000 0.003 0.003 0.011 0.000 0.001 0.000 0.135 0.015 0.162 NewGC_pause4 9.964179 ]
[9.965s][info][gc       ] [GC New Max 27-22 : 6356 3494 2370 6356 - - 936 20 2 2 - : 262 1784 32 292 1386 : 258 4 1126 1126 0 : 0 1 129 0 131 - 0 : 0.263609 3368.6 0.0 0.084125 3162.0 0.0 : 3 --c 0000 : 23 0 0.000 0.000 0 0.000 0.000 0 0.000 0.000 : 9.880297 9.882493 0.000263 9.961023 0.000062 9.962780 0.000127 9.964016 0.000142 : 9.964421 ]
[9.965s][info][gc       ] [SYSINFO 8379 195 63 0 7835 0 16 0 0 6942 : - - - - - - - - : 0 7168 : 3.35 2.71 1.91 : 271935 4216416 : 0 0 : 11 0 : 2445 5 0 267 : - 8486916096 583921664 1014558720 7200940032 203833344 66772992 : 139899904 24340000 487200 0 0 0 : 9.964655 ]
[9.965s][info][gc       ] [HUGEPAGESTAT 0 0 0 - 83085 0 0 : 303104 0 0 : 9.964655 ]
[9.965s][info][gc       ] [OBJCREAT 19915642 24828 1759232 : 9.964701 ]
[9.965s][info][gc       ] [HMSV All : 0 0 10 0 0 0 0 0 : 5458 0 0 0 : 9.964718 ]
[9.965s][info][gc       ] [HMSP 60 : 51112 0 : 9.964718 ]
[9.965s][info][gc       ] [VMAC 65530 170 24 492 686 : 9.965199 ]
[10.227s][info][gc       ] [GPGC-H  2850.3 406.8 28.0 0.0 : 2954.1 : 0.000 0.000 : 0.000 0.000 0.806 1.996 : 0.000 0.000 0.000 0.000 2.101 0.354 : 0.000 : 88.424 : 1128 1784 32 0 : 2293 : 5720 5428 : 10.227403 : 9 Next_heuristic_check_may_be_too_late ]
[10.230s][info][safepoint] Application time: 0.2656998 seconds
[10.231s][info][safepoint] Total time for which application threads were stopped: 0.0002961 seconds, Stopping threads took: 0.0000005 seconds
[10.231s][info][gc       ] [SPS 0.000 0.003 0.002 0.007 0.000 0.001 0.000 0.266 0.022 0.296 NewGC_pause1 10.230175 ]
[10.301s][info][safepoint] Application time: 0.0705648 seconds
[10.301s][info][safepoint] Total time for which application threads were stopped: 0.0000683 seconds, Stopping threads took: 0.0000004 seconds
[10.301s][info][gc       ] [SPS 0.000 0.001 0.000 0.007 0.000 0.001 0.000 0.047 0.013 0.068 NewGC_pause2 10.300808 ]
[10.302s][info][safepoint] Application time: 0.0010008 seconds
[10.302s][info][safepoint] Total time for which application threads were stopped: 0.0001028 seconds, Stopping threads took: 0.0000004 seconds
[10.302s][info][gc       ] [SPS 0.000 0.000 0.000 0.006 0.000 0.001 0.000 0.083 0.012 0.103 NewGC_pause3 10.301912 ]
[10.303s][info][safepoint] Application time: 0.0010164 seconds
[10.303s][info][safepoint] Total time for which application threads were stopped: 0.0000695 seconds, Stopping threads took: 0.0000005 seconds
[10.303s][info][gc       ] [SPS 0.000 0.003 0.002 0.006 0.000 0.001 0.000 0.045 0.016 0.069 NewGC_pause4 10.302998 ]
[10.304s][info][gc       ] [GC New Max 28-23 : 6356 3460 2328 6356 - - 936 20 2 2 - : 220 1784 32 292 1352 : 216 4 1135 1135 0 : 0 1 108 0 110 - 0 : 0.263507 3294.0 0.0 0.075334 2973.4 0.0 : 3 --c 0000 : 23 0 0.000 0.000 0 0.000 0.000 0 0.000 0.000 : 10.227928 10.229879 0.000231 10.300740 0.000051 10.301809 0.000087 10.302928 0.000049 : 10.303262 ]
[10.304s][info][gc       ] [SYSINFO 8380 195 63 0 7836 0 16 0 0 6942 : - - - - - - - - : 0 7168 : 3.35 2.71 1.91 : 271935 4216416 : 0 0 : 11 0 : 2445 4 0 267 : - 8487186432 583921664 1014829056 7200940032 203833344 66772992 : 139899904 24341260 487330 0 0 0 : 10.303489 ]
[10.304s][info][gc       ] [HUGEPAGESTAT 0 0 0 - 83085 0 0 : 303104 0 0 : 10.303489 ]
[10.304s][info][gc       ] [OBJCREAT 20997181 24828 1759232 : 10.303531 ]
[10.304s][info][gc       ] [HMSV All : 0 0 10 0 0 0 0 0 : 5458 0 0 0 : 10.303547 ]
[10.304s][info][gc       ] [HMSP 60 : 51112 0 : 10.303547 ]
[10.304s][info][gc       ] [VMAC 65530 170 24 492 686 : 10.304003 ]
[10.667s][info][gc       ] [GPGC-H  2850.3 406.8 28.0 0.0 : 2954.1 : 0.000 0.000 : 0.000 0.000 0.795 1.996 : 0.000 0.000 0.000 0.000 2.071 0.354 : 0.000 : 87.396 : 1102 1784 32 0 : 2293 : 5720 5428 : 10.666890 : 9 Next_heuristic_check_may_be_too_late ]
[10.669s][info][safepoint] Application time: 0.3661630 seconds
[10.669s][info][safepoint] Total time for which application threads were stopped: 0.0001694 seconds, Stopping threads took: 0.0000005 seconds
[10.670s][info][gc       ] [SPS 0.000 0.003 0.003 0.007 0.001 0.001 0.000 0.145 0.016 0.169 NewGC_pause1 10.669330 ]
[10.729s][info][safepoint] Application time: 0.0598607 seconds
[10.730s][info][safepoint] Total time for which application threads were stopped: 0.0002069 seconds, Stopping threads took: 0.0000005 seconds
[10.730s][info][gc       ] [SPS 0.000 0.001 0.000 0.007 0.000 0.001 0.000 0.176 0.022 0.207 NewGC_pause2 10.729398 ]
[10.731s][info][safepoint] Application time: 0.0017603 seconds
[10.731s][info][safepoint] Total time for which application threads were stopped: 0.0000638 seconds, Stopping threads took: 0.0000005 seconds
[10.732s][info][gc       ] [SPS 0.000 0.000 0.000 0.008 0.001 0.001 0.000 0.041 0.014 0.064 NewGC_pause3 10.731222 ]
[10.732s][info][safepoint] Application time: 0.0008738 seconds
[10.732s][info][safepoint] Total time for which application threads were stopped: 0.0000701 seconds, Stopping threads took: 0.0000005 seconds
[10.732s][info][gc       ] [SPS 0.000 0.003 0.002 0.007 0.001 0.001 0.000 0.047 0.015 0.070 NewGC_pause4 10.732166 ]
[10.733s][info][gc       ] [GC New Max 29-24 : 6356 3330 2230 6356 - - 936 20 2 2 - : 122 1784 32 292 1222 : 116 6 1105 1105 0 : 0 2 58 0 61 - 0 : 0.364117 2422.3 0.0 0.065019 1876.4 0.0 : 3 --c 0000 : 23 0 0.000 0.000 0 0.000 0.000 0 0.000 0.000 : 10.667379 10.669161 0.000149 10.729191 0.000114 10.731158 0.000045 10.732096 0.000050 : 10.732398 ]
[10.733s][info][gc       ] [SYSINFO 8380 195 63 0 7836 0 16 0 0 6942 : - - - - - - - - : 0 7168 : 3.35 2.71 1.91 : 271935 4216416 : 0 0 : 11 0 : 2445 4 0 267 : - 8487321600 583921664 1014964224 7200940032 203833344 66772992 : 139899904 24342680 487390 0 0 0 : 10.732675 ]
[10.733s][info][gc       ] [HUGEPAGESTAT 0 0 0 - 83085 0 0 : 303104 0 0 : 10.732675 ]
[10.733s][info][gc       ] [OBJCREAT 21991528 24828 1759232 : 10.732722 ]
[10.733s][info][gc       ] [HMSV All : 0 0 10 0 0 0 0 0 : 5458 0 0 0 : 10.732737 ]
[10.733s][info][gc       ] [HMSP 60 : 51112 0 : 10.732737 ]
[10.733s][info][gc       ] [VMAC 65530 170 24 492 686 : 10.733211 ]
[10.996s][info][gc       ] [GPGC-H  2850.3 370.6 25.5 0.0 : 2691.8 : 0.000 0.000 : 0.000 0.000 0.781 1.996 : 0.000 0.000 0.000 0.000 2.034 0.354 : 0.000 : 85.977 : 1000 1784 32 0 : 2293 : 5720 5428 : 10.995601 : 9 Next_heuristic_check_may_be_too_late ]
[10.999s][info][safepoint] Application time: 0.2660725 seconds
[10.999s][info][safepoint] Total time for which application threads were stopped: 0.0002845 seconds, Stopping threads took: 0.0000008 seconds
[10.999s][info][gc       ] [SPS 0.000 0.004 0.004 0.012 0.001 0.001 0.001 0.240 0.030 0.284 NewGC_pause1 10.998524 ]
[11.073s][info][safepoint] Application time: 0.0741331 seconds
[11.073s][info][safepoint] Total time for which application threads were stopped: 0.0001710 seconds, Stopping threads took: 0.0000005 seconds
[11.073s][info][gc       ] [SPS 0.000 0.001 0.000 0.007 0.000 0.001 0.000 0.139 0.023 0.171 NewGC_pause2 11.072828 ]
[11.074s][info][safepoint] Application time: 0.0010235 seconds
[11.074s][info][safepoint] Total time for which application threads were stopped: 0.0000644 seconds, Stopping threads took: 0.0000004 seconds
[11.074s][info][gc       ] [SPS 0.000 0.000 0.000 0.007 0.000 0.001 0.000 0.038 0.018 0.064 NewGC_pause3 11.073916 ]
[11.075s][info][safepoint] Application time: 0.0008432 seconds
[11.075s][info][safepoint] Total time for which application threads were stopped: 0.0000744 seconds, Stopping threads took: 0.0000005 seconds
[11.075s][info][gc       ] [SPS 0.000 0.003 0.002 0.007 0.000 0.001 0.000 0.046 0.020 0.074 NewGC_pause4 11.074833 ]
[11.075s][info][gc       ] [GC New Max 30-25 : 6356 3302 2300 6356 - - 936 20 2 2 - : 192 1784 32 292 1194 : 186 6 1004 1004 0 : 0 2 93 0 96 - 0 : 0.263825 3335.5 0.0 0.078857 2460.1 0.0 : 3 --c 0000 : 23 0 0.000 0.000 0 0.000 0.000 0 0.000 0.000 : 10.996222 10.998239 0.000252 11.072657 0.000050 11.073851 0.000042 11.074759 0.000049 : 11.075080 ]
[11.075s][info][gc       ] [SYSINFO 8380 195 63 0 7836 0 16 0 0 6942 : - - - - - - - - : 0 7168 : 3.35 2.71 1.91 : 271935 4216416 : 0 0 : 11 0 : 2445 4 0 267 : - 8487321600 583921664 1014964224 7200940032 203833344 66772992 : 139899904 24343890 487400 0 0 0 : 11.075416 ]
[11.075s][info][gc       ] [HUGEPAGESTAT 0 0 0 - 83085 0 0 : 303104 0 0 : 11.075416 ]
[11.075s][info][gc       ] [OBJCREAT 23056589 24828 1759232 : 11.075487 ]
[11.076s][info][gc       ] [HMSV All : 0 0 10 0 0 0 0 0 : 5458 0 0 0 : 11.075509 ]
[11.076s][info][gc       ] [HMSP 60 : 51112 0 : 11.075509 ]
[11.076s][info][gc       ] [VMAC 65530 170 24 492 686 : 11.075974 ]
[11.338s][info][gc       ] [GPGC-H  2850.3 370.6 25.5 0.0 : 2691.8 : 0.000 0.000 : 0.000 0.000 0.770 1.996 : 0.000 0.000 0.000 0.000 2.005 0.354 : 0.000 : 84.988 : 1098 1784 32 0 : 2293 : 5720 5428 : 11.338292 : 9 Next_heuristic_check_may_be_too_late ]
[11.341s][info][safepoint] Application time: 0.2660148 seconds
[11.342s][info][safepoint] Total time for which application threads were stopped: 0.0003609 seconds, Stopping threads took: 0.0000004 seconds
[11.342s][info][gc       ] [SPS 0.000 0.003 0.002 0.006 0.000 0.001 0.000 0.304 0.049 0.361 NewGC_pause1 11.341209 ]
[11.405s][info][safepoint] Application time: 0.0635250 seconds
[11.405s][info][safepoint] Total time for which application threads were stopped: 0.0000843 seconds, Stopping threads took: 0.0000005 seconds
[11.406s][info][gc       ] [SPS 0.000 0.002 0.000 0.008 0.001 0.001 0.000 0.059 0.015 0.084 NewGC_pause2 11.404819 ]
[11.407s][info][safepoint] Application time: 0.0016646 seconds
[11.407s][info][safepoint] Total time for which application threads were stopped: 0.0001149 seconds, Stopping threads took: 0.0000005 seconds
[11.407s][info][gc       ] [SPS 0.000 0.001 0.000 0.007 0.000 0.001 0.000 0.092 0.015 0.115 NewGC_pause3 11.406598 ]
[11.408s][info][safepoint] Application time: 0.0011018 seconds
[11.408s][info][safepoint] Total time for which application threads were stopped: 0.0001272 seconds, Stopping threads took: 0.0000005 seconds
[11.408s][info][gc       ] [SPS 0.000 0.003 0.002 0.007 0.001 0.001 0.000 0.103 0.015 0.127 NewGC_pause4 11.407827 ]
[11.408s][info][gc       ] [GC New Max 31-26 : 6356 3432 2332 6356 - - 936 20 2 2 - : 224 1784 32 292 1322 : 220 4 1102 1102 0 : 0 1 110 0 112 - 0 : 0.263810 3441.9 0.0 0.069221 3264.9 0.0 : 3 --c 0000 : 23 0 0.000 0.000 0 0.000 0.000 0 0.000 0.000 : 11.338890 11.340849 0.000265 11.404735 0.000065 11.406484 0.000097 11.407700 0.000108 : 11.408111 ]
[11.408s][info][gc       ] [SYSINFO 8380 195 63 0 7836 0 16 0 0 6942 : - - - - - - - - : 0 7168 : 3.35 2.71 1.91 : 271935 4216416 : 0 0 : 11 0 : 2445 4 0 267 : - 8487321600 583921664 1014964224 7200940032 203833344 66772992 : 139899904 24345090 487460 0 0 0 : 11.408369 ]
[11.408s][info][gc       ] [HUGEPAGESTAT 0 0 0 - 83085 0 0 : 303104 0 0 : 11.408369 ]
[11.408s][info][gc       ] [OBJCREAT 24178488 24828 1759232 : 11.408415 ]
[11.408s][info][gc       ] [HMSV All : 0 0 10 0 0 0 0 0 : 5458 0 0 0 : 11.408430 ]
[11.408s][info][gc       ] [HMSP 60 : 51112 0 : 11.408430 ]
[11.409s][info][gc       ] [VMAC 65530 170 24 492 686 : 11.408902 ]
[11.731s][info][gc       ] [GPGC-H  2873.1 370.6 25.5 0.0 : 2691.8 : 0.000 0.000 : 0.000 0.000 0.759 1.996 : 0.000 0.000 0.000 0.000 1.977 0.354 : 0.000 : 84.008 : 1088 1784 32 0 : 2293 : 5720 5428 : 11.730718 : 9 Next_heuristic_check_may_be_too_late ]
[11.733s][info][safepoint] Application time: 0.3252444 seconds
[11.734s][info][safepoint] Total time for which application threads were stopped: 0.0002617 seconds, Stopping threads took: 0.0000005 seconds
[11.734s][info][gc       ] [SPS 0.000 0.003 0.004 0.007 0.000 0.001 0.000 0.236 0.017 0.262 NewGC_pause1 11.733334 ]
[11.798s][info][safepoint] Application time: 0.0644876 seconds
[11.798s][info][safepoint] Total time for which application threads were stopped: 0.0000762 seconds, Stopping threads took: 0.0000004 seconds
[11.799s][info][gc       ] [SPS 0.000 0.001 0.000 0.007 0.000 0.001 0.000 0.054 0.014 0.076 NewGC_pause2 11.797898 ]
[11.800s][info][safepoint] Application time: 0.0016316 seconds
[11.800s][info][safepoint] Total time for which application threads were stopped: 0.0000553 seconds, Stopping threads took: 0.0000004 seconds
[11.800s][info][gc       ] [SPS 0.000 0.000 0.000 0.006 0.000 0.001 0.000 0.035 0.013 0.055 NewGC_pause3 11.799585 ]
[11.802s][info][safepoint] Application time: 0.0020282 seconds
[11.802s][info][safepoint] Total time for which application threads were stopped: 0.0000896 seconds, Stopping threads took: 0.0000005 seconds
[11.802s][info][gc       ] [SPS 0.000 0.008 0.003 0.007 0.000 0.001 0.000 0.062 0.020 0.090 NewGC_pause4 11.801703 ]
[11.802s][info][gc       ] [GC New Max 32-27 : 6356 3420 2334 6356 - - 936 20 2 2 - : 226 1784 32 292 1312 : 216 6 1092 1092 0 : 0 2 108 0 113 - 0 : 0.322949 2681.5 0.0 0.070945 3213.8 0.0 : 3 --c 0000 : 23 0 0.000 0.000 0 0.000 0.000 0 0.000 0.000 : 11.731059 11.733072 0.000238 11.797822 0.000051 11.799529 0.000038 11.801613 0.000065 : 11.802004 ]
[11.802s][info][gc       ] [SYSINFO 8380 195 63 0 7836 0 16 0 0 6942 : - - - - - - - - : 0 7168 : 3.35 2.71 1.91 : 271935 4216416 : 0 0 : 11 0 : 2445 4 0 267 : - 8487321600 583921664 1014964224 7200940032 203833344 66772992 : 139899904 24346470 487530 0 0 0 : 11.802270 ]
[11.802s][info][gc       ] [HUGEPAGESTAT 0 0 0 - 83085 0 0 : 303104 0 0 : 11.802270 ]
[11.802s][info][gc       ] [OBJCREAT 25260970 24828 1759232 : 11.802315 ]
[11.802s][info][gc       ] [HMSV All : 0 0 10 0 0 0 0 0 : 5458 0 0 0 : 11.802329 ]
[11.802s][info][gc       ] [HMSP 60 : 51112 0 : 11.802329 ]
[11.803s][info][gc       ] [VMAC 65530 170 24 492 686 : 11.802770 ]
[12.065s][info][gc       ] [GPGC-H  2873.1 370.6 25.5 0.0 : 2691.8 : 0.000 0.000 : 0.000 0.000 0.747 1.996 : 0.000 0.000 0.000 0.000 1.944 0.354 : 0.000 : 82.817 : 1128 1784 32 0 : 2293 : 5720 5428 : 12.064680 : 9 Next_heuristic_check_may_be_too_late ]
[12.067s][info][safepoint] Application time: 0.2654394 seconds
[12.068s][info][safepoint] Total time for which application threads were stopped: 0.0002277 seconds, Stopping threads took: 0.0000005 seconds
[12.068s][info][gc       ] [SPS 0.000 0.003 0.002 0.006 0.000 0.001 0.000 0.206 0.014 0.228 NewGC_pause1 12.067370 ]
[12.138s][info][safepoint] Application time: 0.0702375 seconds
[12.138s][info][safepoint] Total time for which application threads were stopped: 0.0001540 seconds, Stopping threads took: 0.0000005 seconds
[12.138s][info][gc       ] [SPS 0.001 0.001 0.000 0.007 0.000 0.001 0.000 0.124 0.022 0.154 NewGC_pause2 12.137762 ]
[12.139s][info][safepoint] Application time: 0.0010965 seconds
[12.139s][info][safepoint] Total time for which application threads were stopped: 0.0000571 seconds, Stopping threads took: 0.0000005 seconds
[12.139s][info][gc       ] [SPS 0.000 0.000 0.000 0.007 0.000 0.001 0.000 0.036 0.013 0.057 NewGC_pause3 12.138915 ]
[12.140s][info][safepoint] Application time: 0.0009332 seconds
[12.140s][info][safepoint] Total time for which application threads were stopped: 0.0000764 seconds, Stopping threads took: 0.0000005 seconds
[12.140s][info][gc       ] [SPS 0.000 0.003 0.002 0.007 0.001 0.001 0.000 0.052 0.017 0.077 NewGC_pause4 12.139925 ]
[12.140s][info][gc       ] [GC New Max 33-28 : 6356 3472 2344 6356 - - 936 20 2 2 - : 236 1784 32 292 1364 : 230 6 1130 1130 0 : 0 2 115 0 118 - 0 : 0.263073 3428.7 0.0 0.075087 3169.7 0.0 : 3 --c 0000 : 23 0 0.000 0.000 0 0.000 0.000 0 0.000 0.000 : 12.065077 12.067142 0.000209 12.137607 0.000047 12.138858 0.000040 12.139848 0.000055 : 12.140164 ]
[12.140s][info][gc       ] [SYSINFO 8380 195 63 0 7836 0 16 0 0 6942 : - - - - - - - - : 0 7168 : 3.32 2.71 1.91 : 271935 4216416 : 0 0 : 11 0 : 2445 6 0 267 : - 8487321600 583921664 1014964224 7200940032 203833344 66772992 : 139899904 24347710 487670 0 0 0 : 12.140394 ]
[12.140s][info][gc       ] [HUGEPAGESTAT 0 0 0 - 83085 0 0 : 303104 0 0 : 12.140394 ]
[12.140s][info][gc       ] [OBJCREAT 26391595 24828 1759232 : 12.140439 ]
[12.140s][info][gc       ] [HMSV All : 0 0 10 0 0 0 0 0 : 5458 0 0 0 : 12.140454 ]
[12.140s][info][gc       ] [HMSP 60 : 51112 0 : 12.140454 ]
[12.141s][info][gc       ] [VMAC 65530 170 24 492 686 : 12.140914 ]
[12.403s][info][gc       ] [GPGC-H  2873.1 370.6 25.5 0.0 : 2691.8 : 0.000 0.000 : 0.000 0.000 0.736 1.996 : 0.000 0.000 0.000 0.000 1.917 0.354 : 0.000 : 81.877 : 1098 1784 32 0 : 2293 : 5720 5428 : 12.402505 : 9 Next_heuristic_check_may_be_too_late ]
[12.405s][info][safepoint] Application time: 0.2650556 seconds
[12.405s][info][safepoint] Total time for which application threads were stopped: 0.0001797 seconds, Stopping threads took: 0.0000005 seconds
[12.406s][info][gc       ] [SPS 0.000 0.004 0.002 0.007 0.000 0.001 0.000 0.142 0.029 0.180 NewGC_pause1 12.405161 ]
[12.478s][info][safepoint] Application time: 0.0722002 seconds
[12.478s][info][safepoint] Total time for which application threads were stopped: 0.0001768 seconds, Stopping threads took: 0.0000005 seconds
[12.478s][info][gc       ] [SPS 0.000 0.001 0.000 0.008 0.000 0.001 0.000 0.117 0.050 0.177 NewGC_pause2 12.477538 ]
[12.479s][info][safepoint] Application time: 0.0011393 seconds
[12.479s][info][safepoint] Total time for which application threads were stopped: 0.0000923 seconds, Stopping threads took: 0.0000005 seconds
[12.479s][info][gc       ] [SPS 0.000 0.001 0.000 0.008 0.000 0.001 0.000 0.048 0.034 0.092 NewGC_pause3 12.478769 ]
[12.480s][info][safepoint] Application time: 0.0009232 seconds
[12.480s][info][safepoint] Total time for which application threads were stopped: 0.0000805 seconds, Stopping threads took: 0.0000005 seconds
[12.480s][info][gc       ] [SPS 0.000 0.003 0.002 0.007 0.000 0.001 0.000 0.046 0.026 0.081 NewGC_pause4 12.479773 ]
[12.480s][info][gc       ] [GC New Max 34-29 : 6356 3424 2326 6356 - - 936 20 2 2 - : 216 1786 32 292 1316 : 214 4 1101 1101 0 : 1 1 107 0 108 - 0 : 0.262905 3286.4 0.0 0.076935 2833.6 0.0 : 3 --c 0000 : 23 0 0.000 0.000 0 0.000 0.000 0 0.000 0.000 : 12.403069 12.404981 0.000138 12.477361 0.000067 12.478677 0.000052 12.479693 0.000050 : 12.480004 ]
[12.480s][info][gc       ] [SYSINFO 8380 195 63 0 7836 0 16 0 0 6942 : - - - - - - - - : 0 7168 : 3.32 2.71 1.91 : 271935 4216416 : 0 0 : 11 0 : 2445 9 0 267 : - 8487321600 583921664 1014964224 7200940032 203833344 66772992 : 139899904 24349020 487780 0 0 0 : 12.480252 ]
[12.480s][info][gc       ] [HUGEPAGESTAT 0 0 0 - 83085 0 0 : 303104 0 0 : 12.480252 ]
[12.480s][info][gc       ] [OBJCREAT 27461891 24828 1761280 : 12.480303 ]
[12.480s][info][gc       ] [HMSV All : 0 0 10 0 0 0 0 0 : 5458 0 0 0 : 12.480327 ]
[12.480s][info][gc       ] [HMSP 60 : 51112 0 : 12.480327 ]
[12.481s][info][gc       ] [VMAC 65530 170 24 492 686 : 12.480810 ]
[12.742s][info][gc       ] [GPGC-H  2873.1 370.6 25.5 0.0 : 2691.8 : 0.000 0.000 : 0.000 0.000 0.726 1.996 : 0.000 0.000 0.000 0.000 1.890 0.354 : 0.000 : 80.954 : 1104 1786 32 0 : 2293 : 5720 5428 : 12.742358 : 9 Next_heuristic_check_may_be_too_late ]
[12.746s][info][safepoint] Application time: 0.2655615 seconds
[12.746s][info][safepoint] Total time for which application threads were stopped: 0.0003590 seconds, Stopping threads took: 0.0000004 seconds
[12.746s][info][gc       ] [SPS 0.000 0.003 0.003 0.006 0.000 0.001 0.000 0.329 0.022 0.359 NewGC_pause1 12.745694 ]
[12.810s][info][safepoint] Application time: 0.0643342 seconds
[12.811s][info][safepoint] Total time for which application threads were stopped: 0.0001021 seconds, Stopping threads took: 0.0000005 seconds
[12.811s][info][gc       ] [SPS 0.000 0.001 0.000 0.007 0.000 0.001 0.000 0.081 0.013 0.102 NewGC_pause2 12.810130 ]
[12.812s][info][safepoint] Application time: 0.0017514 seconds
[12.812s][info][safepoint] Total time for which application threads were stopped: 0.0000578 seconds, Stopping threads took: 0.0000004 seconds
[12.812s][info][gc       ] [SPS 0.000 0.000 0.000 0.007 0.000 0.001 0.000 0.036 0.014 0.058 NewGC_pause3 12.811940 ]
[12.813s][info][safepoint] Application time: 0.0009475 seconds
[12.813s][info][safepoint] Total time for which application threads were stopped: 0.0000690 seconds, Stopping threads took: 0.0000005 seconds
[12.813s][info][gc       ] [SPS 0.000 0.003 0.002 0.007 0.000 0.001 0.000 0.047 0.014 0.069 NewGC_pause4 12.812956 ]
[12.813s][info][gc       ] [GC New Max 35-30 : 6356 3450 2342 6356 - - 938 20 2 2 - : 232 1786 32 292 1340 : 228 4 1110 1110 0 : 0 1 114 0 116 - 0 : 0.263075 3383.1 0.0 0.070127 3365.3 0.0 : 3 --c 0000 : 23 0 0.000 0.000 0 0.000 0.000 0 0.000 0.000 : 12.743079 12.745335 0.000244 12.810028 0.000085 12.811882 0.000040 12.812887 0.000051 : 12.813206 ]
[12.813s][info][gc       ] [SYSINFO 8383 195 63 0 7838 0 16 0 0 6942 : - - - - - - - - : 0 7168 : 3.32 2.71 1.91 : 271935 4216416 : 0 0 : 11 0 : 2445 3 0 267 : - 8489078784 583921664 1016721408 7200940032 203833344 66772992 : 139899904 24350250 487870 0 0 0 : 12.813441 ]
[12.813s][info][gc       ] [HUGEPAGESTAT 0 0 0 - 83085 0 0 : 303104 0 0 : 12.813441 ]
[12.813s][info][gc       ] [OBJCREAT 28576788 24828 1761280 : 12.813496 ]
[12.814s][info][gc       ] [HMSV All : 0 0 10 0 0 0 0 0 : 5458 0 0 0 : 12.813511 ]
[12.814s][info][gc       ] [HMSP 60 : 51112 0 : 12.813511 ]
[12.814s][info][gc       ] [VMAC 65530 170 24 492 686 : 12.813977 ]
[13.055s][info][gc       ] [GPGC-H  2873.1 337.7 23.2 0.0 : 2451.9 : 0.000 0.000 : 0.000 0.000 0.716 1.996 : 0.000 0.000 0.000 0.000 1.863 0.354 : 0.000 : 80.039 : 1086 1786 32 0 : 2293 : 5720 5428 : 13.055223 : 9 Next_heuristic_check_may_be_too_late ]
[13.058s][info][safepoint] Application time: 0.2446947 seconds
[13.058s][info][safepoint] Total time for which application threads were stopped: 0.0003214 seconds, Stopping threads took: 0.0000004 seconds
[13.059s][info][gc       ] [SPS 0.000 0.003 0.003 0.007 0.000 0.001 0.000 0.296 0.017 0.321 NewGC_pause1 13.057973 ]
[13.127s][info][safepoint] Application time: 0.0691193 seconds
[13.128s][info][safepoint] Total time for which application threads were stopped: 0.0000956 seconds, Stopping threads took: 0.0000005 seconds
[13.128s][info][gc       ] [SPS 0.000 0.001 0.000 0.008 0.000 0.001 0.000 0.065 0.021 0.096 NewGC_pause2 13.127188 ]
[13.130s][info][safepoint] Application time: 0.0022676 seconds
[13.130s][info][safepoint] Total time for which application threads were stopped: 0.0001564 seconds, Stopping threads took: 0.0000005 seconds
[13.130s][info][gc       ] [SPS 0.000 0.000 0.000 0.007 0.000 0.001 0.000 0.125 0.023 0.157 NewGC_pause3 13.129612 ]
[13.131s][info][safepoint] Application time: 0.0009425 seconds
[13.131s][info][safepoint] Total time for which application threads were stopped: 0.0000709 seconds, Stopping threads took: 0.0000005 seconds
[13.131s][info][gc       ] [SPS 0.000 0.004 0.002 0.007 0.000 0.001 0.000 0.045 0.018 0.071 NewGC_pause4 13.130625 ]
[13.131s][info][gc       ] [GC New Max 36-31 : 6356 3384 2296 6356 - - 938 20 2 2 - : 186 1786 32 292 1274 : 182 4 1091 1091 0 : 0 1 91 0 93 - 0 : 0.242522 3521.3 0.0 0.075111 2529.6 0.0 : 3 --c 0000 : 23 0 0.000 0.000 0 0.000 0.000 0 0.000 0.000 : 13.055729 13.057651 0.000264 13.127092 0.000051 13.129455 0.000042 13.130554 0.000048 : 13.130839 ]
[13.131s][info][gc       ] [SYSINFO 8383 195 63 0 7838 0 16 0 0 6942 : - - - - - - - - : 0 7168 : 3.32 2.71 1.91 : 271935 4216448 : 0 0 : 11 0 : 2445 4 0 267 : - 8489078784 583921664 1016721408 7200940032 203833344 66772992 : 139899904 24351090 487970 0 0 0 : 13.131067 ]
[13.131s][info][gc       ] [HUGEPAGESTAT 0 0 0 - 83085 0 0 : 303104 0 0 : 13.131067 ]
[13.131s][info][gc       ] [OBJCREAT 29611041 24828 1761280 : 13.131111 ]
[13.131s][info][gc       ] [HMSV All : 0 0 10 0 0 0 0 0 : 5458 0 0 0 : 13.131126 ]
[13.131s][info][gc       ] [HMSP 60 : 51112 0 : 13.131126 ]
[13.132s][info][gc       ] [VMAC 65530 170 24 492 686 : 13.131595 ]
[13.393s][info][gc       ] [GPGC-H  2873.1 337.7 23.2 0.0 : 2451.9 : 0.000 0.000 : 0.000 0.000 0.706 1.996 : 0.000 0.000 0.000 0.000 1.839 0.354 : 0.000 : 79.217 : 1106 1786 32 0 : 2293 : 5720 5428 : 13.393078 : 9 Next_heuristic_check_may_be_too_late ]
[13.395s][info][safepoint] Application time: 0.2646549 seconds
[13.396s][info][safepoint] Total time for which application threads were stopped: 0.0001784 seconds, Stopping threads took: 0.0000004 seconds
[13.396s][info][gc       ] [SPS 0.000 0.004 0.007 0.007 0.000 0.001 0.000 0.154 0.016 0.178 NewGC_pause1 13.395459 ]
[13.459s][info][safepoint] Application time: 0.0630310 seconds
[13.459s][info][safepoint] Total time for which application threads were stopped: 0.0001606 seconds, Stopping threads took: 0.0000004 seconds
[13.460s][info][gc       ] [SPS 0.000 0.001 0.000 0.006 0.000 0.001 0.000 0.133 0.020 0.161 NewGC_pause2 13.458651 ]
[13.461s][info][safepoint] Application time: 0.0017364 seconds
[13.461s][info][safepoint] Total time for which application threads were stopped: 0.0001612 seconds, Stopping threads took: 0.0000004 seconds
[13.461s][info][gc       ] [SPS 0.000 0.000 0.000 0.006 0.000 0.001 0.000 0.125 0.044 0.176 NewGC_pause3 13.460563 ]
[13.462s][info][safepoint] Application time: 0.0009011 seconds
[13.462s][info][safepoint] Total time for which application threads were stopped: 0.0000671 seconds, Stopping threads took: 0.0000004 seconds
[13.462s][info][gc       ] [SPS 0.000 0.003 0.002 0.006 0.000 0.001 0.000 0.046 0.013 0.067 NewGC_pause4 13.461516 ]
[13.462s][info][gc       ] [GC New Max 37-32 : 6356 3446 2336 6356 - - 938 20 2 2 - : 226 1786 32 292 1336 : 222 4 1112 1112 0 : 0 1 111 0 113 - 0 : 0.262715 3509.5 0.0 0.068223 3371.3 0.0 : 3 --c 0000 : 23 0 0.000 0.000 0 0.000 0.000 0 0.000 0.000 : 13.393554 13.395280 0.000157 13.458490 0.000097 13.460387 0.000040 13.461449 0.000051 : 13.461777 ]
[13.462s][info][gc       ] [SYSINFO 8383 195 63 0 7838 0 16 0 0 6942 : - - - - - - - - : 0 7168 : 3.32 2.71 1.91 : 271935 4216448 : 0 0 : 11 0 : 2445 3 0 267 : - 8489078784 583921664 1016721408 7200940032 203833344 66772992 : 139899904 24351930 488050 0 0 0 : 13.461994 ]
[13.462s][info][gc       ] [HUGEPAGESTAT 0 0 0 - 83085 0 0 : 303104 0 0 : 13.461994 ]
[13.462s][info][gc       ] [OBJCREAT 30750930 24828 1761280 : 13.462044 ]
[13.462s][info][gc       ] [HMSV All : 0 0 10 0 0 0 0 0 : 5458 0 0 0 : 13.462057 ]
[13.462s][info][gc       ] [HMSP 60 : 51112 0 : 13.462057 ]
[13.462s][info][gc       ] [VMAC 65530 170 24 492 686 : 13.462478 ]
[13.704s][info][gc       ] [GPGC-H  3245.3 337.7 23.2 0.0 : 2451.9 : 0.000 0.000 : 0.000 0.000 0.697 1.996 : 0.000 0.000 0.000 0.000 1.814 0.354 : 0.000 : 78.328 : 1076 1786 32 0 : 2293 : 5720 5428 : 13.703974 : 9 Next_heuristic_check_may_be_too_late ]
[13.707s][info][safepoint] Application time: 0.2451827 seconds
[13.707s][info][safepoint] Total time for which application threads were stopped: 0.0002464 seconds, Stopping threads took: 0.0000004 seconds
[13.708s][info][gc       ] [SPS 0.000 0.004 0.003 0.007 0.000 0.001 0.000 0.217 0.021 0.246 NewGC_pause1 13.706946 ]
[13.771s][info][safepoint] Application time: 0.0637221 seconds
[13.771s][info][safepoint] Total time for which application threads were stopped: 0.0000845 seconds, Stopping threads took: 0.0000005 seconds
[13.772s][info][gc       ] [SPS 0.000 0.001 0.000 0.012 0.000 0.001 0.000 0.057 0.013 0.084 NewGC_pause2 13.770752 ]
[13.773s][info][safepoint] Application time: 0.0017930 seconds
[13.773s][info][safepoint] Total time for which application threads were stopped: 0.0000572 seconds, Stopping threads took: 0.0000005 seconds
[13.773s][info][gc       ] [SPS 0.000 0.000 0.000 0.007 0.000 0.001 0.000 0.037 0.012 0.057 NewGC_pause3 13.772602 ]
[13.775s][info][safepoint] Application time: 0.0019916 seconds
[13.775s][info][safepoint] Total time for which application threads were stopped: 0.0000693 seconds, Stopping threads took: 0.0000005 seconds
[13.775s][info][gc       ] [SPS 0.000 0.003 0.002 0.007 0.001 0.001 0.000 0.046 0.015 0.069 NewGC_pause4 13.774664 ]
[13.775s][info][gc       ] [GC New Max 38-33 : 6356 3408 2332 6356 - - 938 20 2 2 - : 222 1786 32 292 1298 : 216 4 1083 1083 0 : 0 1 108 0 111 - 0 : 0.242873 3508.0 0.0 0.070228 3218.1 0.0 : 3 --c 0000 : 23 0 0.000 0.000 0 0.000 0.000 0 0.000 0.000 : 13.704650 13.706699 0.000221 13.770668 0.000066 13.772545 0.000041 13.774594 0.000050 : 13.774878 ]
[13.775s][info][gc       ] [SYSINFO 8383 195 63 0 7838 0 16 0 0 6942 : - - - - - - - - : 0 7168 : 3.32 2.71 1.91 : 271935 4216448 : 0 0 : 11 0 : 2445 3 0 267 : - 8489078784 583921664 1016721408 7200940032 203833344 66772992 : 139899904 24352750 488150 0 0 0 : 13.775106 ]
[13.775s][info][gc       ] [HUGEPAGESTAT 0 0 0 - 83085 0 0 : 303104 0 0 : 13.775106 ]
[13.775s][info][gc       ] [OBJCREAT 31820713 24828 1761280 : 13.775150 ]
[13.775s][info][gc       ] [HMSV All : 0 0 10 0 0 0 0 0 : 5458 0 0 0 : 13.775167 ]
[13.775s][info][gc       ] [HMSP 60 : 51112 0 : 13.775167 ]
[13.776s][info][gc       ] [VMAC 65530 170 24 492 686 : 13.775620 ]
[14.037s][info][gc       ] [GPGC-H  3245.3 337.7 23.2 0.0 : 2451.9 : 0.000 0.000 : 0.000 0.000 0.688 1.996 : 0.000 0.000 0.000 0.000 1.790 0.354 : 0.000 : 77.525 : 1106 1786 32 0 : 2293 : 5720 5428 : 14.037041 : 9 Next_heuristic_check_may_be_too_late ]
[14.040s][info][safepoint] Application time: 0.2647357 seconds
[14.040s][info][safepoint] Total time for which application threads were stopped: 0.0002714 seconds, Stopping threads took: 0.0000008 seconds
[14.040s][info][gc       ] [SPS 0.000 0.004 0.019 0.011 0.001 0.001 0.000 0.207 0.051 0.272 NewGC_pause1 14.039671 ]
[14.103s][info][safepoint] Application time: 0.0633298 seconds
[14.104s][info][safepoint] Total time for which application threads were stopped: 0.0001251 seconds, Stopping threads took: 0.0000004 seconds
[14.104s][info][gc       ] [SPSH lock suspend gclocker notify wait resuspend cleanup op_time wakeup total(ms) op_name end(s) ]
[14.104s][info][gc       ] [SPS 0.000 0.001 0.000 0.007 0.000 0.001 0.000 0.096 0.021 0.125 NewGC_pause2 14.103126 ]
[14.105s][info][safepoint] Application time: 0.0018027 seconds
[14.105s][info][safepoint] Total time for which application threads were stopped: 0.0000622 seconds, Stopping threads took: 0.0000004 seconds
[14.105s][info][gc       ] [SPS 0.000 0.000 0.000 0.007 0.000 0.001 0.000 0.040 0.014 0.062 NewGC_pause3 14.104991 ]
[14.106s][info][safepoint] Application time: 0.0010410 seconds
[14.106s][info][safepoint] Total time for which application threads were stopped: 0.0000617 seconds, Stopping threads took: 0.0000004 seconds
[14.106s][info][gc       ] [SPS 0.000 0.008 0.002 0.006 0.000 0.001 0.000 0.040 0.014 0.062 NewGC_pause4 14.106094 ]
[14.107s][info][gc       ] [GC New Max 39-34 : 6356 3450 2340 6356 - - 938 20 2 2 - : 230 1786 32 292 1340 : 226 4 1112 1112 0 : 0 1 113 0 115 - 0 : 0.262685 3372.9 0.0 0.068909 3395.8 0.0 : 3 --c 0000 : 23 0 0.000 0.000 0 0.000 0.000 0 0.000 0.000 : 14.037562 14.039400 0.000139 14.103001 0.000044 14.104929 0.000043 14.106032 0.000043 : 14.106471 ]
[14.107s][info][gc       ] [SYSINFO 8383 195 63 0 7838 0 16 0 0 6942 : - - - - - - - - : 0 7168 : 3.32 2.71 1.91 : 271935 4216448 : 0 0 : 11 0 : 2445 3 0 267 : - 8489078784 583921664 1016721408 7200940032 203833344 66772992 : 139899904 24353590 488250 0 0 0 : 14.106706 ]
[14.107s][info][gc       ] [HUGEPAGESTAT 0 0 0 - 83085 0 0 : 303104 0 0 : 14.106706 ]
[14.107s][info][gc       ] [OBJCREAT 32929520 24828 1761280 : 14.106750 ]
[14.107s][info][gc       ] [HMSV All : 0 0 10 0 0 0 0 0 : 5458 0 0 0 : 14.106766 ]
[14.107s][info][gc       ] [HMSP 60 : 51112 0 : 14.106766 ]
[14.107s][info][gc       ] [VMAC 65530 170 24 492 686 : 14.107195 ]
[14.369s][info][gc       ] [GPGC-H  3245.3 337.7 23.2 0.0 : 2451.9 : 0.000 0.000 : 0.000 0.000 0.678 1.996 : 0.000 0.000 0.000 0.000 1.765 0.354 : 0.000 : 76.662 : 1146 1786 32 0 : 2293 : 5720 5428 : 14.368741 : 9 Next_heuristic_check_may_be_too_late ]
[14.371s][info][safepoint] Application time: 0.2649309 seconds
[14.372s][info][safepoint] Total time for which application threads were stopped: 0.0003779 seconds, Stopping threads took: 0.0000005 seconds
[14.372s][info][gc       ] [SPS 0.000 0.003 0.003 0.007 0.000 0.001 0.000 0.343 0.026 0.378 NewGC_pause1 14.371403 ]
[14.434s][info][safepoint] Application time: 0.0625892 seconds
[14.434s][info][safepoint] Total time for which application threads were stopped: 0.0000727 seconds, Stopping threads took: 0.0000004 seconds
[14.435s][info][gc       ] [SPS 0.000 0.001 0.000 0.006 0.000 0.001 0.000 0.042 0.014 0.064 NewGC_pause2 14.434065 ]
[14.435s][info][safepoint] Application time: 0.0011972 seconds
[14.436s][info][safepoint] Total time for which application threads were stopped: 0.0000706 seconds, Stopping threads took: 0.0000004 seconds
[14.436s][info][gc       ] [SPS 0.000 0.001 0.000 0.021 0.000 0.001 0.000 0.036 0.012 0.071 NewGC_pause3 14.435333 ]
[14.436s][info][safepoint] Application time: 0.0009509 seconds
[14.436s][info][safepoint] Total time for which application threads were stopped: 0.0000632 seconds, Stopping threads took: 0.0000004 seconds
[14.437s][info][gc       ] [SPS 0.000 0.002 0.002 0.006 0.000 0.001 0.000 0.041 0.014 0.063 NewGC_pause4 14.436347 ]
[14.437s][info][gc       ] [GC New Max 40-35 : 6356 3492 2340 6356 - - 938 20 2 2 - : 230 1786 32 292 1382 : 228 2 1154 1154 0 : 0 0 114 0 115 - 0 : 0.262859 3500.0 0.0 0.067230 3480.6 0.0 : 3 --c 0000 : 23 0 0.000 0.000 0 0.000 0.000 0 0.000 0.000 : 14.369330 14.371025 0.000261 14.434001 0.000046 14.435262 0.000054 14.436284 0.000044 : 14.436560 ]
[14.437s][info][gc       ] [SYSINFO 8384 195 63 0 7838 0 16 0 0 6942 : - - - - - - - - : 0 7168 : 3.32 2.71 1.91 : 271935 4216448 : 0 0 : 11 0 : 2445 2 0 267 : - 8489230336 583921664 1016872960 7200940032 203833344 66772992 : 139899904 24354190 488370 0 0 0 : 14.436788 ]
[14.437s][info][gc       ] [HUGEPAGESTAT 0 0 0 - 83086 0 0 : 303104 0 0 : 14.436788 ]
[14.437s][info][gc       ] [OBJCREAT 34070696 24828 1761280 : 14.436832 ]
[14.437s][info][gc       ] [HMSV All : 0 0 10 0 0 0 0 0 : 5458 0 0 0 : 14.436854 ]
[14.437s][info][gc       ] [HMSP 60 : 51112 0 : 14.436854 ]
[14.437s][info][gc       ] [VMAC 65530 170 24 492 686 : 14.437313 ]
[14.665s][info][gc       ] [DEOPTSTATS 1 : 1 0 : 0 0 : 0 0 : 0 0 : 0 12 : 0 0 : 0 0 : 0 0 : 0 0 : 0 0 : 0 0 : 0 0 : 0 0 : 0 0 : 0 0 : 0 0 : 0 0 : 0 0 : 0 0 : 0 0 : 0 0 : 0 0 : 0 0 : 0 0 : 0 0 : 0 0 : 0 0 : 0 0 : 0 0 : 0 0 : 4 0 : 0 0 : 0 0 : 0 0 : 0 0 : 0 0 : 0 0 : 0 0 : 0 0 : 0 0 : 0 0 : 0 0 ]
[14.665s][info][gc       ] [DEOPTSTATS 2 : 0 0 : 0 0 : 0 0 : 0 0 : 0 0 : 0 0 : 0 10 : 0 0 : 0 0 : 0 0 : 0 0 : 0 0 : 0 0 : 0 0 : 0 0 : 0 0 : 0 0 : 0 0 : 0 0 : 0 0 : 0 0 : 0 0 : 0 0 : 0 0 : 0 0 : 0 0 : 0 0 : 0 0 : 0 0 : 0 0 : 3 0 : 0 0 : 0 0 : 0 0 : 0 1 : 0 0 : 0 0 : 0 0 : 0 0 : 0 1 : 0 0 : 0 0 ]
[14.699s][info][gc       ] [GPGC-H  3245.3 337.7 23.2 0.0 : 2451.9 : 0.000 0.000 : 0.000 0.000 0.669 1.996 : 0.000 0.000 0.000 0.000 1.741 0.354 : 0.000 : 75.810 : 1090 1786 32 0 : 2293 : 5720 5428 : 14.698661 : 9 Next_heuristic_check_may_be_too_late ]
[14.701s][info][safepoint] Application time: 0.2641992 seconds
[14.701s][info][safepoint] Total time for which application threads were stopped: 0.0002351 seconds, Stopping threads took: 0.0000005 seconds
[14.701s][info][gc       ] [SPS 0.001 0.003 0.005 0.007 0.000 0.001 0.001 0.193 0.034 0.235 NewGC_pause1 14.700782 ]
[14.806s][info][safepoint] Application time: 0.1047045 seconds
[14.806s][info][safepoint] Total time for which application threads were stopped: 0.0000787 seconds, Stopping threads took: 0.0000005 seconds
[14.806s][info][gc       ] [SPS 0.000 0.001 0.000 0.007 0.000 0.001 0.000 0.055 0.015 0.079 NewGC_pause2 14.805565 ]
[14.807s][info][safepoint] Application time: 0.0011060 seconds
[14.807s][info][safepoint] Total time for which application threads were stopped: 0.0000686 seconds, Stopping threads took: 0.0000004 seconds
[14.807s][info][gc       ] [SPS 0.000 0.001 0.000 0.007 0.000 0.001 0.000 0.044 0.016 0.069 NewGC_pause3 14.806739 ]
[14.808s][info][safepoint] Application time: 0.0009030 seconds
[14.808s][info][safepoint] Total time for which application threads were stopped: 0.0000868 seconds, Stopping threads took: 0.0000005 seconds
[14.808s][info][gc       ] [SPS 0.000 0.003 0.002 0.007 0.000 0.001 0.000 0.060 0.019 0.087 NewGC_pause4 14.807730 ]
[14.808s][info][gc       ] [GC New Max 41-36 : 6356 3404 2424 6356 - - 938 20 2 2 - : 312 1786 32 292 1294 : 306 6 987 987 0 : 0 0 101 0 139 - 17 : 0.262335 3278.3 0.0 0.109108 1888.0 0.0 : 3 --c 0000 : 23 0 0.000 0.000 0 0.000 0.000 0 0.000 0.000 : 14.698895 14.700546 0.000190 14.805486 0.000059 14.806671 0.000046 14.807643 0.000062 : 14.808003 ]
[14.808s][info][gc       ] [SYSINFO 8383 195 63 0 7838 0 16 0 0 6942 : - - - - - - - - : 0 7168 : 3.32 2.71 1.91 : 271935 4216448 : 0 0 : 11 0 : 2445 3 0 267 : - 8489230336 583921664 1016872960 7200940032 203833344 66772992 : 139899904 24355100 488450 0 0 0 : 14.808299 ]
[14.808s][info][gc       ] [HUGEPAGESTAT 0 0 0 - 83086 0 0 : 303104 0 0 : 14.808299 ]
[14.808s][info][gc       ] [OBJCREAT 35123021 24828 1761280 : 14.808348 ]
[14.808s][info][gc       ] [HMSV All : 0 0 15 0 0 0 0 0 : 5458 0 0 0 : 14.808366 ]
[14.808s][info][gc       ] [HMSP 60 : 51112 0 : 14.808366 ]
[14.809s][info][gc       ] [VMAC 65530 170 24 492 686 : 14.808907 ]
[15.030s][info][gc       ] [GPGC-H  3245.3 307.7 21.1 0.0 : 2234.0 : 0.000 0.000 : 0.000 0.000 0.660 1.996 : 0.000 0.000 0.000 0.000 1.715 0.354 : 0.000 : 75.020 : 1236 1786 32 0 : 2293 : 5720 5428 : 15.029593 : 9 Next_heuristic_check_may_be_too_late ]
[15.033s][info][safepoint] Application time: 0.2251517 seconds
[15.033s][info][safepoint] Total time for which application threads were stopped: 0.0001522 seconds, Stopping threads took: 0.0000005 seconds
[15.033s][info][gc       ] [SPS 0.000 0.005 0.010 0.008 0.000 0.001 0.000 0.112 0.031 0.152 NewGC_pause1 15.033034 ]
[15.484s][info][safepoint] Application time: 0.4512903 seconds
[15.485s][info][safepoint] Total time for which application threads were stopped: 0.0000555 seconds, Stopping threads took: 0.0000004 seconds
[15.485s][info][gc       ] [SPS 0.000 0.001 0.000 0.006 0.000 0.001 0.000 0.035 0.013 0.055 NewGC_pause2 15.484379 ]
[15.485s][info][safepoint] Application time: 0.0007596 seconds
[15.486s][info][safepoint] Total time for which application threads were stopped: 0.0001979 seconds, Stopping threads took: 0.0000004 seconds
[15.486s][info][gc       ] [SPS 0.000 0.000 0.000 0.006 0.000 0.001 0.000 0.171 0.019 0.198 NewGC_pause3 15.485337 ]
[15.486s][info][safepoint] Application time: 0.0010027 seconds
[15.487s][info][safepoint] Total time for which application threads were stopped: 0.0000674 seconds, Stopping threads took: 0.0000004 seconds
[15.487s][info][gc       ] [SPS 0.000 0.003 0.002 0.006 0.000 0.001 0.000 0.046 0.014 0.067 NewGC_pause4 15.486407 ]
[15.487s][info][gc       ] [GC New Max 42-37 : 6356 4258 4124 6356 - - 938 20 2 2 - : 2014 1786 32 292 2148 : 2001 9 143 143 0 : 0 2 452 0 915 - 92 : 0.221819 4165.6 0.0 0.457314 2003.0 0.0 : 3 --c 0000 : 23 0 0.000 0.000 0 0.000 0.000 0 0.000 0.000 : 15.029822 15.032882 0.000115 15.484324 0.000041 15.485139 0.000040 15.486340 0.000049 : 15.487137 ]
[15.487s][info][gc       ] [SYSINFO 8383 195 63 0 7838 0 16 0 0 6942 : - - - - - - - - : 0 7168 : 3.32 2.71 1.91 : 271935 4216448 : 0 0 : 11 0 : 2445 2 0 267 : - 8489365504 583921664 1017008128 7200940032 203833344 66772992 : 139899904 24357590 488590 0 0 0 : 15.487344 ]
[15.487s][info][gc       ] [HUGEPAGESTAT 0 0 0 - 83086 0 0 : 303104 0 0 : 15.487344 ]
[15.487s][info][gc       ] [OBJCREAT 36948003 24828 1761280 : 15.487396 ]
[15.487s][info][gc       ] [HMSV All : 0 0 20 0 0 0 0 0 : 5534 0 0 0 : 15.487409 ]
[15.487s][info][gc       ] [HMSP 60 : 51112 0 : 15.487409 ]
[15.488s][info][gc       ] [VMAC 65530 170 24 492 686 : 15.487813 ]
[15.628s][info][gc       ] [GPGC-H  3245.3 307.7 21.1 0.0 : 2234.0 : 0.000 0.000 : 0.000 0.000 0.653 1.996 : 0.000 0.000 0.000 0.000 1.674 0.354 : 0.000 : 74.783 : 2466 1786 32 0 : 2293 : 5720 5428 : 15.628307 : 9 Next_heuristic_check_may_be_too_late ]
[15.632s][info][safepoint] Application time: 0.1453240 seconds
[15.632s][info][safepoint] Total time for which application threads were stopped: 0.0001870 seconds, Stopping threads took: 0.0000004 seconds
[15.632s][info][gc       ] [SPS 0.000 0.006 0.007 0.007 0.000 0.001 0.001 0.147 0.030 0.187 NewGC_pause1 15.631918 ]
[15.738s][info][gc       ] [DEOPTSTATS 1 : 1 0 : 0 0 : 0 0 : 0 0 : 0 12 : 0 0 : 0 0 : 0 0 : 0 0 : 0 0 : 0 0 : 0 0 : 0 0 : 0 0 : 0 0 : 0 0 : 0 0 : 0 0 : 0 0 : 0 0 : 0 0 : 0 0 : 0 0 : 0 0 : 0 0 : 0 0 : 0 0 : 0 0 : 0 0 : 0 0 : 5 0 : 0 0 : 0 0 : 0 0 : 0 0 : 0 0 : 0 0 : 0 0 : 0 0 : 0 0 : 0 0 : 0 0 ]
[15.738s][info][gc       ] [DEOPTSTATS 2 : 0 0 : 0 0 : 0 0 : 0 0 : 0 0 : 0 0 : 0 11 : 0 0 : 0 0 : 0 0 : 0 0 : 0 0 : 0 0 : 0 0 : 0 0 : 0 0 : 0 0 : 0 0 : 0 0 : 0 0 : 0 0 : 0 0 : 0 0 : 0 0 : 0 0 : 0 0 : 0 0 : 0 0 : 0 0 : 0 0 : 4 0 : 0 0 : 0 0 : 0 0 : 0 1 : 0 0 : 0 0 : 0 0 : 0 0 : 0 3 : 0 0 : 0 0 ]
[16.247s][info][safepoint] Application time: 0.6153376 seconds
[16.248s][info][safepoint] Total time for which application threads were stopped: 0.0000701 seconds, Stopping threads took: 0.0000004 seconds
[16.248s][info][gc       ] [SPS 0.000 0.001 0.000 0.007 0.000 0.001 0.000 0.046 0.015 0.070 NewGC_pause2 16.247326 ]
[16.248s][info][safepoint] Application time: 0.0007776 seconds
[16.248s][info][safepoint] Total time for which application threads were stopped: 0.0001224 seconds, Stopping threads took: 0.0000005 seconds
[16.248s][info][gc       ] [SPS 0.000 0.001 0.000 0.005 0.000 0.001 0.000 0.081 0.035 0.123 NewGC_pause3 16.248227 ]
[16.265s][info][safepoint] Application time: 0.0162678 seconds
[16.265s][info][safepoint] Total time for which application threads were stopped: 0.0001172 seconds, Stopping threads took: 0.0000005 seconds
[16.265s][info][gc       ] [SPS 0.000 0.003 0.006 0.007 0.000 0.001 0.000 0.085 0.023 0.117 NewGC_pause4 16.264612 ]
[16.385s][info][gc       ] [GC New Max 43-38 : 6356 5928 5684 6356 - - 938 20 2 2 - : 3574 1786 32 292 3818 : 3106 9 703 703 97 : 0 288 672 0 1732 - 55 : 0.141432 3195.9 0.0 0.755870 2264.9 0.0 : 3 --c 0000 : 23 2483 0.000 0.000 0 0.000 0.000 2483 0.000 0.000 : 15.628569 15.631732 0.000150 16.247256 0.000050 16.248104 0.000075 16.264494 0.000084 : 16.384439 ]
[16.385s][info][gc       ] [SYSINFO 8384 195 63 0 7838 0 16 0 0 6942 : - - - - - - - - : 0 7168 : 3.32 2.71 1.91 : 271935 4216448 : 0 0 : 11 0 : 2445 3 0 267 : - 8489635840 583921664 1017278464 7200940032 203833344 66772992 : 139899904 24361020 488690 0 0 0 : 16.384718 ]
[16.385s][info][gc       ] [HUGEPAGESTAT 0 0 0 - 83086 0 0 : 303104 0 0 : 16.384718 ]
[16.385s][info][gc       ] [OBJCREAT 39092554 24828 1761280 : 16.384767 ]
[16.385s][info][gc       ] [HMSV All : 0 0 20 0 0 0 0 0 : 5926 0 0 0 : 16.384786 ]
[16.385s][info][gc       ] [HMSP 60 : 51112 0 : 16.384786 ]
[16.385s][info][gc       ] [VMAC 65530 170 24 492 686 : 16.385317 ]
[16.385s][info][gc       ] [GPGC-H  3193.8 307.7 21.1 0.0 : 2234.0 : 0.000 0.000 : 0.000 0.000 0.756 1.996 : 0.000 0.000 0.000 0.000 1.674 0.354 : 0.000 : 84.238 : 3576 1786 32 0 : 2293 : 5720 5428 : 16.385379 : 7 Heap_use_crossed_incremental_gc_percent ]
[16.393s][info][safepoint] Application time: 0.1283483 seconds
[16.393s][info][safepoint] Total time for which application threads were stopped: 0.0001922 seconds, Stopping threads took: 0.0000004 seconds
[16.393s][info][gc       ] [SPS 0.000 0.001 0.005 0.007 0.000 0.001 0.001 0.157 0.026 0.192 NewGC_pause1 16.393152 ]
[17.046s][info][safepoint] Application time: 0.6525757 seconds
[17.046s][info][safepoint] Total time for which application threads were stopped: 0.0000548 seconds, Stopping threads took: 0.0000005 seconds
[17.047s][info][gc       ] [SPS 0.000 0.001 0.000 0.007 0.000 0.001 0.000 0.041 0.004 0.055 NewGC_pause2 17.045783 ]
[17.048s][info][safepoint] Application time: 0.0016685 seconds
[17.048s][info][safepoint] Total time for which application threads were stopped: 0.0000778 seconds, Stopping threads took: 0.0000004 seconds
[17.048s][info][gc       ] [SPS 0.000 0.001 0.000 0.007 0.000 0.001 0.000 0.059 0.011 0.078 NewGC_pause3 17.047529 ]
[17.050s][info][safepoint] Application time: 0.0020546 seconds
[17.050s][info][safepoint] Total time for which application threads were stopped: 0.0000862 seconds, Stopping threads took: 0.0000006 seconds
[17.050s][info][gc       ] [SPS 0.000 0.291 0.003 0.008 0.001 0.001 0.000 0.049 0.028 0.086 NewGC_pause4 17.049670 ]
[17.051s][info][gc       ] [GC NTO Max 44-39 : 6356 6136 4422 6356 - - 940 20 2 2 - : 2312 1786 32 292 4026 : 2203 7 1817 1817 0 : 0 2 218 0 1101 - 55 : 0.001331 1502.2 0.0 0.664702 686.0 0.0 : 3 --c 0000 : 23 8957 0.000 0.000 0 0.000 0.000 8957 0.000 0.000 : 16.385770 16.392960 0.000162 17.045728 0.000045 17.047451 0.000045 17.049584 0.000053 : 17.050472 ]
[17.051s][info][gc       ] [SYSINFO 8385 195 63 0 7839 0 16 0 0 6942 : - - - - - - - - : 0 7168 : 3.38 2.73 1.92 : 271935 4216448 : 0 0 : 11 0 : 2445 4 0 267 : - 8490987520 583921664 1018630144 7200940032 203833344 66772992 : 139899904 24364140 488730 0 0 0 : 17.050737 ]
[17.051s][info][gc       ] [HUGEPAGESTAT 0 0 0 - 83086 0 0 : 303104 0 0 : 17.050737 ]
[17.051s][info][gc       ] [OBJCREAT 39555956 24954 1761280 : 17.050785 ]
[17.051s][info][gc       ] [HMSV All : 0 0 20 0 0 0 0 0 : 6134 0 0 0 : 17.050804 ]
[17.051s][info][gc       ] [HMSP 60 : 51112 0 : 17.050804 ]
[17.051s][info][gc       ] [GPGC-H  3126.7 279.5 19.2 0.0 : 2029.1 : 0.000 0.000 : 0.000 0.000 0.753 1.996 : 0.000 0.000 0.000 0.000 1.674 0.354 : 0.000 : 99.800 : 2314 1786 32 0 : 2293 : 5720 5428 : 17.051090 : 8 May_exceed_heap_occupancy_target ]
[17.051s][info][gc       ] [VMAC 65530 170 24 492 686 : 17.051306 ]
[17.051s][info][safepoint] Application time: 0.0010367 seconds
[17.052s][info][safepoint] Total time for which application threads were stopped: 0.0006455 seconds, Stopping threads took: 0.0000005 seconds
[17.052s][info][gc       ] [SPS 0.000 0.000 0.000 0.007 0.000 0.001 0.000 0.608 0.028 0.646 OldGC_pause2 17.051352 ]
[17.054s][info][safepoint] Application time: 0.0026576 seconds
[17.054s][info][safepoint] Total time for which application threads were stopped: 0.0000685 seconds, Stopping threads took: 0.0000004 seconds
[17.054s][info][gc       ] [SPS 0.000 0.000 0.000 0.007 0.000 0.001 0.000 0.043 0.017 0.068 OldGC_pause3 17.054078 ]
[17.060s][info][safepoint] Application time: 0.0055567 seconds
[17.060s][info][safepoint] Total time for which application threads were stopped: 0.0001409 seconds, Stopping threads took: 0.0000004 seconds
[17.060s][info][gc       ] [SPS 0.000 0.790 0.003 0.006 0.000 0.001 0.000 0.118 0.015 0.141 NewGC_pause1 17.059776 ]
[17.726s][info][safepoint] Application time: 0.6665557 seconds
[17.727s][info][safepoint] Total time for which application threads were stopped: 0.0001201 seconds, Stopping threads took: 0.0000005 seconds
[17.727s][info][gc       ] [SPS 0.000 0.001 0.000 0.007 0.000 0.001 0.000 0.096 0.015 0.120 NewGC_pause2 17.726452 ]
[17.728s][info][safepoint] Application time: 0.0013763 seconds
[17.728s][info][safepoint] Total time for which application threads were stopped: 0.0000725 seconds, Stopping threads took: 0.0000005 seconds
[17.728s][info][gc       ] [SPS 0.000 0.001 0.000 0.007 0.000 0.001 0.000 0.056 0.008 0.072 NewGC_pause3 17.727901 ]
[17.746s][info][safepoint] Application time: 0.0174577 seconds
[17.746s][info][safepoint] Total time for which application threads were stopped: 0.0001977 seconds, Stopping threads took: 0.0000005 seconds
[17.746s][info][gc       ] [SPS 0.000 0.003 0.006 0.008 0.000 0.001 0.000 0.163 0.025 0.198 NewGC_pause4 17.745557 ]
[17.988s][info][gc       ] [GC New Max 46-40 : 6356 5904 5904 6356 - - 945 20 2 2 - : 3186 2394 32 292 3792 : 3223 4 563 563 63 : 304 0 728 0 1538 - 55 : 0.005812 2753.1 0.0 0.931618 2099.6 0.0 : 3 --c 0000 : 23 3634 0.000 0.000 0 0.000 0.000 3634 0.000 0.000 : 17.056284 17.059635 0.000119 17.726332 0.000101 17.727829 0.000055 17.745359 0.000126 : 17.987902 ]
[17.988s][info][gc       ] [SYSINFO 8390 195 63 0 7845 0 16 0 0 6942 : - - - - - - - - : 0 7168 : 3.38 2.73 1.92 : 271935 4216448 : 0 0 : 11 0 : 2445 3 0 267 : - 8496799744 583921664 1024442368 7200940032 203833344 66772992 : 139899904 24368760 488790 0 0 0 : 17.988163 ]
[17.988s][info][gc       ] [HUGEPAGESTAT 0 0 0 - 83086 0 0 : 303104 0 0 : 17.988163 ]
[17.988s][info][gc       ] [OBJCREAT 41513246 24954 2326528 : 17.988214 ]
[17.988s][info][gc       ] [HMSV All : 0 0 20 0 0 0 0 0 : 6134 0 0 0 : 17.988233 ]
[17.988s][info][gc       ] [HMSP 60 : 51112 0 : 17.988233 ]
[17.989s][info][gc       ] [GPGC-H  3084.9 279.5 19.2 0.0 : 2029.1 : 0.000 0.000 : 0.000 0.000 0.842 1.996 : 0.000 0.000 0.000 0.000 1.674 0.354 : 0.000 : 99.913 : 3190 2394 32 0 : 2293 : 5720 5428 : 17.989146 : 3 Heap_use_exceeded_committed ]
[17.989s][info][gc       ] [VMAC 65530 170 24 492 686 : 17.988742 ]
[17.991s][info][safepoint] Application time: 0.2452575 seconds
[17.991s][info][safepoint] Total time for which application threads were stopped: 0.0000728 seconds, Stopping threads took: 0.0000005 seconds
[17.991s][info][gc       ] [SPS 0.000 0.003 0.005 0.008 0.000 0.001 0.000 0.046 0.017 0.073 OldGC_pause4 17.990887 ]
[17.993s][info][gc       ] [GC Old Max 45-6 : 6356 6136 4136 6356 - - 945 20 2 2 - : 3200 616 28 292 2430 : 634 10 1771 1771 0 : 0 4 304 0 322 - 0 : 8.571434 0.2 0.2 1.604305 344.1 0.0 : 1 --c 0000 : 23   -    -    -    -    -    -    -    -    -  : 16.388061 16.392960 0.000162 17.050707 0.000611 17.054010 0.000047 17.990814 0.000051 : 17.992367 ]
[17.993s][info][gc       ] [SYSINFO 8390 195 63 0 7845 0 16 0 0 6942 : - - - - - - - - : 0 7168 : 3.38 2.73 1.92 : 271935 4216448 : 0 0 : 11 0 : 2445 3 0 267 : - 8496799744 583921664 1024442368 7200940032 203833344 66772992 : 139899904 24368780 488790 0 0 0 : 17.992555 ]
[17.993s][info][gc       ] [HUGEPAGESTAT 0 0 0 - 83086 0 0 : 303104 0 0 : 17.992555 ]
[17.993s][info][gc       ] [OBJCREAT 41525140 24954 2326528 : 17.992595 ]
[17.993s][info][gc       ] [HMSV All : 0 0 20 0 0 0 0 0 : 6134 0 0 0 : 17.992613 ]
[17.993s][info][gc       ] [HMSP 60 : 51112 0 : 17.992613 ]
[17.993s][info][gc       ] [COMPSTATS 1 : 5 0 : 2 0 : 0 0 : 514 5 0 0 0 0 : 0 0 0 0 0 0 : 130 131 15 : 519 0 0 0 0 0 0 : 519 0 0 0 0 0 0 ]
[17.993s][info][gc       ] [COMPSTATS 2 : 5 1 : 9 1 : 0 0 : 127 11 0 0 0 0 : 0 0 0 0 0 0 : 39013 39117 9410 : 67 45 26 0 0 0 0 : 31 85 17 3 1 0 0 ]
[17.993s][info][gc       ] [DEOPTSTATS 1 : 1 0 : 0 0 : 0 0 : 0 0 : 0 12 : 0 0 : 0 0 : 0 0 : 0 0 : 0 0 : 0 0 : 0 0 : 0 0 : 0 0 : 0 0 : 0 0 : 0 0 : 0 0 : 0 0 : 0 0 : 0 0 : 0 0 : 0 0 : 0 0 : 0 0 : 0 0 : 0 0 : 0 0 : 0 0 : 0 0 : 6 0 : 0 0 : 0 0 : 0 0 : 0 0 : 0 0 : 0 0 : 0 0 : 0 0 : 0 0 : 0 0 : 0 0 ]
[17.993s][info][gc       ] [DEOPTSTATS 2 : 0 0 : 0 0 : 0 0 : 0 0 : 0 0 : 0 0 : 0 11 : 0 0 : 0 0 : 0 0 : 0 0 : 0 0 : 0 0 : 0 0 : 0 0 : 0 0 : 0 0 : 0 0 : 0 0 : 0 0 : 0 0 : 0 0 : 0 0 : 0 0 : 0 0 : 0 0 : 0 0 : 0 0 : 0 0 : 0 0 : 4 0 : 0 0 : 0 0 : 0 0 : 0 1 : 0 0 : 0 0 : 0 0 : 0 0 : 0 3 : 0 0 : 0 0 ]
[17.993s][info][gc       ] [VMAC 65530 170 24 492 686 : 17.993091 ]
[17.993s][info][gc       ] [CCF 0 0 0 0 31 176640: 2991616 : 380 196608 : 3 49152 : 317 311808 :  507 625152 : 118 345088 : 0 0 : 15 1228800 : 1 2048]
[17.997s][info][safepoint] Application time: 0.0056323 seconds
[17.997s][info][safepoint] Total time for which application threads were stopped: 0.0001122 seconds, Stopping threads took: 0.0000004 seconds
[17.997s][info][gc       ] [SPS 0.000 0.002 0.002 0.007 0.000 0.001 0.000 0.089 0.015 0.112 NewGC_pause1 17.996632 ]
[18.448s][info][safepoint] Application time: 0.4507070 seconds
[18.448s][info][safepoint] Total time for which application threads were stopped: 0.0001581 seconds, Stopping threads took: 0.0000005 seconds
[18.448s][info][gc       ] [SPS 0.000 0.001 0.000 0.006 0.000 0.001 0.000 0.127 0.024 0.158 NewGC_pause2 18.447497 ]
[18.449s][info][safepoint] Application time: 0.0018329 seconds
[18.450s][info][safepoint] Total time for which application threads were stopped: 0.0000705 seconds, Stopping threads took: 0.0000004 seconds
[18.450s][info][gc       ] [SPS 0.000 0.001 0.000 0.007 0.000 0.001 0.000 0.046 0.016 0.070 NewGC_pause3 18.449400 ]
[18.466s][info][safepoint] Application time: 0.0165546 seconds
[18.467s][info][safepoint] Total time for which application threads were stopped: 0.0001748 seconds, Stopping threads took: 0.0000004 seconds
[18.467s][info][gc       ] [SPS 0.000 0.003 0.008 0.007 0.000 0.001 0.000 0.142 0.024 0.175 NewGC_pause4 18.466130 ]
[18.838s][info][gc       ] [GC New Max 47-41 : 6356 5908 4640 6356 - - 955 20 2 2 - : 3008 1312 28 292 4736 : 2696 5 2036 2036 17 : 348 0 762 0 1504 - 0 : 0.005578 3226.7 0.0 0.843856 2983.9 0.0 : 3 --c 0000 : 23 1 0.000 0.000 0 0.000 0.000 1 0.000 0.000 : 17.993480 17.996520 0.000093 18.447339 0.000087 18.449330 0.000050 18.465955 0.000063 : 18.837336 ]
[18.838s][info][gc       ] [SYSINFO 8399 195 63 0 7854 0 16 0 0 6942 : - - - - - - - - : 0 7168 : 3.38 2.73 1.92 : 271935 4216448 : 0 0 : 11 0 : 2445 3 0 267 : - 8506667008 583921664 1034309632 7200940032 203833344 66772992 : 139899904 24372690 488880 0 0 0 : 18.837617 ]
[18.838s][info][gc       ] [HUGEPAGESTAT 0 0 0 - 83086 0 0 : 303104 0 0 : 18.837617 ]
[18.838s][info][gc       ] [OBJCREAT 44026237 24954 3039232 : 18.837662 ]
[18.838s][info][gc       ] [HMSV All : 0 0 20 0 0 0 0 0 : 6134 0 0 0 : 18.837681 ]
[18.838s][info][gc       ] [HMSP 60 : 51112 0 : 18.837681 ]
[18.838s][info][gc       ] [VMAC 65530 170 24 492 686 : 18.838177 ]
[18.839s][info][gc       ] [GPGC-H  3084.9 279.5 19.2 0.0 : 2029.1 : 0.000 0.000 : 0.000 0.000 0.835 1.849 : 0.000 0.000 0.000 0.000 2.022 0.354 : 0.000 : 99.909 : 3012 1312 28 0 : 2293 : 5720 5428 : 18.838535 : 8 May_exceed_heap_occupancy_target ]
[18.845s][info][safepoint] Application time: 0.3790409 seconds
[18.846s][info][safepoint] Total time for which application threads were stopped: 0.0002269 seconds, Stopping threads took: 0.0000004 seconds
[18.846s][info][gc       ] [SPS 0.000 0.002 0.004 0.007 0.000 0.001 0.000 0.178 0.052 0.237 NewGC_pause1 18.845409 ]
[19.156s][info][safepoint] Application time: 0.3106369 seconds
[19.156s][info][safepoint] Total time for which application threads were stopped: 0.0000856 seconds, Stopping threads took: 0.0000005 seconds
[19.157s][info][gc       ] [SPS 0.000 0.001 0.000 0.007 0.000 0.001 0.000 0.052 0.025 0.086 NewGC_pause2 19.156131 ]
[19.157s][info][safepoint] Application time: 0.0008762 seconds
[19.157s][info][safepoint] Total time for which application threads were stopped: 0.0000632 seconds, Stopping threads took: 0.0000005 seconds
[19.157s][info][gc       ] [SPS 0.000 0.001 0.000 0.007 0.000 0.001 0.000 0.039 0.015 0.063 NewGC_pause3 19.157071 ]
[19.175s][info][safepoint] Application time: 0.0175896 seconds
[19.175s][info][safepoint] Total time for which application threads were stopped: 0.0001258 seconds, Stopping threads took: 0.0000004 seconds
[19.176s][info][gc       ] [SPS 0.000 0.051 0.009 0.007 0.000 0.001 0.000 0.101 0.016 0.126 NewGC_pause4 19.174786 ]
[19.362s][info][gc       ] [GC NTO Max 48-42 : 6356 5482 3556 6356 - - 955 20 2 2 - : 1526 1710 28 292 3850 : 1296 4 2552 2552 0 : 199 0 409 0 763 - 0 : 0.001742 3444.2 0.0 0.523003 2787.7 0.0 : 3 --c 0000 : 23 0 0.000 0.000 0 0.000 0.000 0 0.000 0.000 : 18.839078 18.845171 0.000135 19.156046 0.000057 19.157008 0.000044 19.174661 0.000106 : 19.362081 ]
[19.362s][info][gc       ] [SYSINFO 8400 195 63 0 7854 0 16 0 0 6942 : - - - - - - - - : 0 7168 : 3.38 2.73 1.92 : 271935 4216448 : 0 0 : 11 0 : 2445 4 0 267 : - 8506667008 583921664 1034309632 7200940032 203833344 66772992 : 139899904 24375810 488950 0 0 0 : 19.362376 ]
[19.362s][info][gc       ] [HUGEPAGESTAT 0 0 0 - 83086 0 0 : 303104 0 0 : 19.362376 ]
[19.362s][info][gc       ] [OBJCREAT 45476207 24954 3405824 : 19.362429 ]
[19.362s][info][gc       ] [HMSV All : 0 0 20 0 0 0 0 0 : 6134 0 0 0 : 19.362451 ]
[19.362s][info][gc       ] [HMSP 60 : 51112 0 : 19.362451 ]
[19.363s][info][gc       ] [GPGC-H  3084.9 694.7 17.3 0.0 : 1823.5 : 0.000 0.000 : 0.000 0.000 0.823 1.849 : 0.000 0.000 0.000 0.000 2.022 0.354 : 0.000 : 99.903 : 1528 1710 28 0 : 2293 : 5720 5428 : 19.362971 : 8 May_exceed_heap_occupancy_target ]
[19.363s][info][gc       ] [VMAC 65530 170 24 492 686 : 19.362980 ]
[19.369s][info][safepoint] Application time: 0.1945571 seconds
[19.370s][info][safepoint] Total time for which application threads were stopped: 0.0001206 seconds, Stopping threads took: 0.0000006 seconds
[19.370s][info][gc       ] [SPS 0.000 0.028 0.036 0.009 0.001 0.001 0.000 0.094 0.016 0.120 NewGC_pause1 19.369464 ]
[19.540s][info][safepoint] Application time: 0.1705449 seconds
[19.540s][info][safepoint] Total time for which application threads were stopped: 0.0000650 seconds, Stopping threads took: 0.0000005 seconds
[19.541s][info][gc       ] [SPS 0.000 0.001 0.000 0.007 0.000 0.001 0.000 0.040 0.015 0.065 NewGC_pause2 19.540074 ]
[19.541s][info][safepoint] Application time: 0.0011875 seconds
[19.541s][info][safepoint] Total time for which application threads were stopped: 0.0000628 seconds, Stopping threads took: 0.0000005 seconds
[19.542s][info][gc       ] [SPS 0.000 0.000 0.000 0.008 0.001 0.001 0.000 0.040 0.014 0.063 NewGC_pause3 19.541324 ]
[19.552s][info][safepoint] Application time: 0.0104857 seconds
[19.552s][info][safepoint] Total time for which application threads were stopped: 0.0000797 seconds, Stopping threads took: 0.0000005 seconds
[19.552s][info][gc       ] [SPS 0.000 0.056 0.009 0.007 0.000 0.001 0.000 0.051 0.019 0.079 NewGC_pause4 19.551890 ]
[19.624s][info][gc       ] [GC New Max 50-43 : 6356 4100 2932 6356 - - 955 20 2 2 - : 818 1794 28 292 2070 : 607 4 1462 1462 0 : 42 1 262 0 409 - 0 : 0.005133 3117.1 0.0 0.256108 3209.6 0.0 : 3 --c 0000 : 23 0 0.000 0.000 0 0.000 0.000 0 0.000 0.000 : 19.367214 19.369344 0.000099 19.540009 0.000045 19.541262 0.000045 19.551810 0.000055 : 19.623323 ]
[19.624s][info][gc       ] [SYSINFO 8400 195 63 0 7854 0 16 0 0 6942 : - - - - - - - - : 0 7168 : 3.38 2.73 1.92 : 271935 4216448 : 0 0 : 11 0 : 2445 4 0 267 : - 8506667008 583921664 1034309632 7200940032 203833344 66772992 : 139899904 24377330 488990 0 0 0 : 19.623635 ]
[19.624s][info][gc       ] [HUGEPAGESTAT 0 0 0 - 83086 0 0 : 303104 0 0 : 19.623635 ]
[19.624s][info][gc       ] [OBJCREAT 46303079 24954 3491840 : 19.623696 ]
[19.624s][info][gc       ] [HMSV All : 0 0 20 0 0 0 0 0 : 6134 0 0 0 : 19.623714 ]
[19.624s][info][gc       ] [HMSP 60 : 51112 0 : 19.623714 ]
[19.624s][info][gc       ] [VMAC 65530 170 24 492 686 : 19.624315 ]
[19.710s][info][safepoint] Application time: 0.1576011 seconds
[19.710s][info][safepoint] Total time for which application threads were stopped: 0.0005599 seconds, Stopping threads took: 0.0000005 seconds
[19.711s][info][gc       ] [SPS 0.000 0.001 0.000 0.015 0.001 0.001 0.000 0.525 0.018 0.560 OldGC_pause2 19.710051 ]
[19.712s][info][safepoint] Application time: 0.0016894 seconds
[19.712s][info][safepoint] Total time for which application threads were stopped: 0.0000596 seconds, Stopping threads took: 0.0000004 seconds
[19.712s][info][gc       ] [SPS 0.000 0.000 0.000 0.006 0.000 0.001 0.000 0.038 0.013 0.060 OldGC_pause3 19.711800 ]
[19.723s][info][safepoint] Application time: 0.0107299 seconds
[19.723s][info][safepoint] Total time for which application threads were stopped: 0.0000597 seconds, Stopping threads took: 0.0000004 seconds
[19.723s][info][gc       ] [SPS 0.000 0.002 0.003 0.006 0.000 0.001 0.000 0.038 0.014 0.060 OldGC_pause4 19.722590 ]
[19.729s][info][gc       ] [GC Old Max 49-7 : 6356 5672 3296 6356 - - 955 20 2 2 - : 1190 1788 26 292 1828 : 1807 9 2 2 0 : 0 7 241 2 852 - 55 : 0.848616 820.2 0.0 0.887952 497.8 0.0 : 1 --c 0000 : 23   -    -    -    -    -    -    -    -    -  : 18.840983 18.845171 0.000135 19.709491 0.000533 19.711740 0.000043 19.722530 0.000042 : 19.728935 ]
[19.729s][info][gc       ] [SYSINFO 8400 195 63 0 7854 0 16 0 0 6942 : - - - - - - - - : 0 7168 : 3.38 2.73 1.92 : 271935 4216448 : 0 0 : 11 0 : 2445 3 0 267 : - 8506667008 583921664 1034309632 7200940032 203833344 66772992 : 139899904 24377620 488990 0 0 0 : 19.729158 ]
[19.729s][info][gc       ] [HUGEPAGESTAT 0 0 0 - 83086 0 0 : 303104 0 0 : 19.729158 ]
[19.729s][info][gc       ] [OBJCREAT 46673757 24954 3491840 : 19.729201 ]
[19.729s][info][gc       ] [HMSV All : 0 0 20 0 0 0 0 0 : 6134 0 0 0 : 19.729218 ]
[19.729s][info][gc       ] [HMSP 60 : 51112 0 : 19.729218 ]
[19.729s][info][gc       ] [COMPSTATS 1 : 5 0 : 2 0 : 0 0 : 514 5 0 0 0 0 : 0 0 0 0 0 0 : 130 131 15 : 519 0 0 0 0 0 0 : 519 0 0 0 0 0 0 ]
[19.729s][info][gc       ] [COMPSTATS 2 : 5 1 : 1 1 : 0 0 : 127 11 0 0 0 0 : 0 0 0 0 0 0 : 39013 39117 9410 : 67 45 26 0 0 0 0 : 31 85 17 3 1 0 0 ]
[19.729s][info][gc       ] [DEOPTSTATS 1 : 1 0 : 0 0 : 0 0 : 0 0 : 0 12 : 0 0 : 0 0 : 0 0 : 0 0 : 0 0 : 0 0 : 0 0 : 0 0 : 0 0 : 0 0 : 0 0 : 0 0 : 0 0 : 0 0 : 0 0 : 0 0 : 0 0 : 0 0 : 0 0 : 0 0 : 0 0 : 0 0 : 0 0 : 0 0 : 0 0 : 6 0 : 0 0 : 0 0 : 0 0 : 0 0 : 0 0 : 0 0 : 0 0 : 0 0 : 0 0 : 0 0 : 0 0 ]
[19.729s][info][gc       ] [DEOPTSTATS 2 : 0 0 : 0 0 : 0 0 : 0 0 : 0 0 : 0 0 : 0 11 : 0 0 : 0 0 : 0 0 : 0 0 : 0 0 : 0 0 : 0 0 : 0 0 : 0 0 : 0 0 : 0 0 : 0 0 : 0 0 : 0 0 : 0 0 : 0 0 : 0 0 : 0 0 : 0 0 : 0 0 : 0 0 : 0 0 : 0 0 : 4 0 : 0 0 : 0 0 : 0 0 : 0 1 : 0 0 : 0 0 : 0 0 : 0 0 : 0 3 : 0 0 : 0 0 ]
[19.730s][info][gc       ] [CCF 0 0 0 0 31 176640: 2991616 : 380 196608 : 3 49152 : 317 311808 :  507 625152 : 118 345088 : 0 0 : 15 1228800 : 1 2048]
[19.730s][info][gc       ] [VMAC 65530 170 24 492 686 : 19.729771 ]
[19.825s][info][gc       ] [GPGC-H  3084.9 694.7 17.3 0.0 : 1823.5 : 0.000 0.000 : 0.000 0.000 0.815 1.775 : 0.000 0.000 0.000 0.000 2.019 0.528 : 0.000 : 99.899 : 1504 1788 26 0 : 2293 : 5720 5428 : 19.825261 : 9 Next_heuristic_check_may_be_too_late ]
[19.828s][info][safepoint] Application time: 0.1049790 seconds
[19.828s][info][safepoint] Total time for which application threads were stopped: 0.0001245 seconds, Stopping threads took: 0.0000004 seconds
[19.828s][info][gc       ] [SPS 0.000 0.006 0.008 0.007 0.000 0.001 0.000 0.100 0.016 0.125 NewGC_pause1 19.827694 ]
[19.937s][info][safepoint] Application time: 0.1096475 seconds
[19.938s][info][safepoint] Total time for which application threads were stopped: 0.0001046 seconds, Stopping threads took: 0.0000018 seconds
[19.938s][info][gc       ] [SPS 0.000 0.001 0.000 0.006 0.002 0.001 0.000 0.082 0.013 0.105 NewGC_pause2 19.937446 ]
[19.939s][info][safepoint] Application time: 0.0012351 seconds
[19.939s][info][safepoint] Total time for which application threads were stopped: 0.0001359 seconds, Stopping threads took: 0.0000004 seconds
[19.939s][info][gc       ] [SPS 0.000 0.000 0.000 0.006 0.000 0.001 0.000 0.116 0.013 0.136 NewGC_pause3 19.938817 ]
[19.940s][info][safepoint] Application time: 0.0011727 seconds
[19.940s][info][safepoint] Total time for which application threads were stopped: 0.0000768 seconds, Stopping threads took: 0.0000005 seconds
[19.940s][info][gc       ] [SPS 0.000 0.003 0.002 0.007 0.000 0.001 0.000 0.042 0.026 0.077 NewGC_pause4 19.940066 ]
[19.941s][info][gc       ] [GC New Max 51-44 : 6356 3998 2492 6356 - - 955 20 2 2 - : 386 1788 26 292 1892 : 382 4 1508 1508 0 : 0 1 191 0 193 - 0 : 0.202222 3392.3 0.0 0.114729 3399.3 0.0 : 3 --c 0000 : 23 0 0.000 0.000 0 0.000 0.000 0 0.000 0.000 : 19.825544 19.827569 0.000103 19.937341 0.000088 19.938681 0.000120 19.939989 0.000046 : 19.940273 ]
[19.941s][info][gc       ] [SYSINFO 8400 195 63 0 7854 0 16 0 0 6942 : - - - - - - - - : 0 7168 : 3.38 2.73 1.92 : 271935 4216448 : 0 0 : 11 0 : 2445 4 0 267 : - 8506667008 583921664 1034309632 7200940032 203833344 66772992 : 139899904 24378390 489000 0 0 0 : 19.940502 ]
[19.941s][info][gc       ] [HUGEPAGESTAT 0 0 0 - 83086 0 0 : 303104 0 0 : 19.940502 ]
[19.941s][info][gc       ] [OBJCREAT 47369606 24954 3491840 : 19.940545 ]
[19.941s][info][gc       ] [HMSV All : 0 0 20 0 0 0 0 0 : 6134 0 0 0 : 19.940561 ]
[19.941s][info][gc       ] [HMSP 60 : 51112 0 : 19.940561 ]
[19.941s][info][gc       ] [VMAC 65530 170 24 492 686 : 19.941006 ]
[20.182s][info][gc       ] [GPGC-H  3071.7 694.7 17.3 0.0 : 1823.5 : 0.000 0.000 : 0.000 0.000 0.805 1.775 : 0.000 0.000 0.000 0.000 2.011 0.528 : 0.000 : 98.973 : 1202 1788 26 0 : 2293 : 5720 5428 : 20.182072 : 9 Next_heuristic_check_may_be_too_late ]
[20.185s][info][safepoint] Application time: 0.2445001 seconds
[20.185s][info][safepoint] Total time for which application threads were stopped: 0.0003967 seconds, Stopping threads took: 0.0000004 seconds
[20.186s][info][gc       ] [SPS 0.000 0.003 0.003 0.006 0.000 0.001 0.000 0.367 0.022 0.397 NewGC_pause1 20.184963 ]
[20.245s][info][safepoint] Application time: 0.0594042 seconds
[20.245s][info][safepoint] Total time for which application threads were stopped: 0.0001759 seconds, Stopping threads took: 0.0000005 seconds
[20.246s][info][gc       ] [SPS 0.000 0.001 0.000 0.010 0.000 0.001 0.000 0.133 0.031 0.176 NewGC_pause2 20.244543 ]
[20.246s][info][safepoint] Application time: 0.0017037 seconds
[20.247s][info][safepoint] Total time for which application threads were stopped: 0.0000633 seconds, Stopping threads took: 0.0000005 seconds
[20.247s][info][gc       ] [SPS 0.000 0.001 0.000 0.006 0.000 0.001 0.000 0.043 0.012 0.063 NewGC_pause3 20.246310 ]
[20.248s][info][safepoint] Application time: 0.0011921 seconds
[20.248s][info][safepoint] Total time for which application threads were stopped: 0.0000668 seconds, Stopping threads took: 0.0000005 seconds
[20.248s][info][gc       ] [SPS 0.000 0.003 0.002 0.006 0.000 0.001 0.000 0.042 0.017 0.067 NewGC_pause4 20.247570 ]
[20.248s][info][gc       ] [GC New Max 52-45 : 6356 3520 2314 6356 - - 957 20 2 2 - : 208 1788 26 292 1414 : 204 4 1208 1208 0 : 0 1 102 0 104 - 0 : 0.242316 3375.8 0.0 0.065189 3252.1 0.0 : 3 --c 0000 : 23 0 0.000 0.000 0 0.000 0.000 0 0.000 0.000 : 20.182589 20.184566 0.000292 20.244368 0.000141 20.246247 0.000047 20.247503 0.000046 : 20.247778 ]
[20.248s][info][gc       ] [SYSINFO 8402 195 63 0 7857 0 16 0 0 6942 : - - - - - - - - : 0 7168 : 3.38 2.73 1.92 : 271935 4216448 : 0 0 : 11 0 : 2445 3 0 267 : - 8509505536 583921664 1037148160 7200940032 203833344 66772992 : 139899904 24379170 489000 0 0 0 : 20.248008 ]
[20.248s][info][gc       ] [HUGEPAGESTAT 0 0 0 - 83086 0 0 : 303104 0 0 : 20.248008 ]
[20.248s][info][gc       ] [OBJCREAT 48386822 24954 3491840 : 20.248051 ]
[20.248s][info][gc       ] [HMSV All : 0 0 20 0 0 0 0 0 : 6134 0 0 0 : 20.248066 ]
[20.248s][info][gc       ] [HMSP 60 : 51112 0 : 20.248066 ]
[20.249s][info][gc       ] [VMAC 65530 170 24 492 686 : 20.248518 ]
[20.510s][info][gc       ] [GPGC-H  3071.7 694.7 17.3 0.0 : 1823.5 : 0.000 0.000 : 0.000 0.000 0.794 1.775 : 0.000 0.000 0.000 0.000 1.996 0.528 : 0.000 : 97.876 : 1112 1788 26 0 : 2293 : 5720 5428 : 20.510257 : 9 Next_heuristic_check_may_be_too_late ]
[20.512s][info][safepoint] Application time: 0.2646788 seconds
[20.513s][info][safepoint] Total time for which application threads were stopped: 0.0001459 seconds, Stopping threads took: 0.0000004 seconds
[20.513s][info][gc       ] [SPS 0.000 0.003 0.003 0.006 0.000 0.001 0.000 0.118 0.037 0.162 NewGC_pause1 20.512410 ]
[20.577s][info][safepoint] Application time: 0.0640353 seconds
[20.577s][info][safepoint] Total time for which application threads were stopped: 0.0001562 seconds, Stopping threads took: 0.0000005 seconds
[20.578s][info][gc       ] [SPS 0.000 0.001 0.000 0.007 0.000 0.001 0.000 0.123 0.024 0.156 NewGC_pause2 20.576586 ]
[20.579s][info][safepoint] Application time: 0.0018651 seconds
[20.579s][info][safepoint] Total time for which application threads were stopped: 0.0000804 seconds, Stopping threads took: 0.0000005 seconds
[20.579s][info][gc       ] [SPS 0.000 0.000 0.000 0.007 0.001 0.001 0.000 0.052 0.020 0.081 NewGC_pause3 20.578532 ]
[20.580s][info][safepoint] Application time: 0.0010836 seconds
[20.580s][info][safepoint] Total time for which application threads were stopped: 0.0000936 seconds, Stopping threads took: 0.0000008 seconds
[20.580s][info][gc       ] [SPS 0.000 0.004 0.003 0.010 0.001 0.001 0.000 0.056 0.025 0.094 NewGC_pause4 20.579709 ]
[20.580s][info][gc       ] [GC New Max 53-46 : 6356 3406 2294 6356 - - 963 20 2 2 - : 188 1788 26 292 1300 : 184 4 1114 1114 0 : 0 1 92 0 94 - 0 : 0.262855 3439.2 0.0 0.069313 2741.2 0.0 : 3 --c 0000 : 23 0 0.000 0.000 0 0.000 0.000 0 0.000 0.000 : 20.510633 20.512249 0.000089 20.576430 0.000058 20.578451 0.000047 20.579615 0.000059 : 20.579947 ]
[20.580s][info][gc       ] [SYSINFO 8408 195 63 0 7862 0 16 0 0 6942 : - - - - - - - - : 0 7168 : 3.38 2.73 1.92 : 271935 4216448 : 0 0 : 11 0 : 2445 3 0 267 : - 8515317760 583921664 1042960384 7200940032 203833344 66772992 : 139899904 24380020 489050 0 0 0 : 20.580207 ]
[20.580s][info][gc       ] [HUGEPAGESTAT 0 0 0 - 83086 0 0 : 303104 0 0 : 20.580207 ]
[20.580s][info][gc       ] [OBJCREAT 49471437 24954 3491840 : 20.580257 ]
[20.580s][info][gc       ] [HMSV All : 0 0 20 0 0 0 0 0 : 6134 0 0 0 : 20.580273 ]
[20.580s][info][gc       ] [HMSP 60 : 51112 0 : 20.580273 ]
[20.581s][info][gc       ] [VMAC 65530 170 24 492 686 : 20.580742 ]
[20.842s][info][gc       ] [GPGC-H  3071.7 694.7 17.3 0.0 : 1823.5 : 0.000 0.000 : 0.000 0.000 0.783 1.775 : 0.000 0.000 0.000 0.000 1.974 0.528 : 0.000 : 96.703 : 1102 1788 26 0 : 2293 : 5720 5428 : 20.842088 : 9 Next_heuristic_check_may_be_too_late ]
[20.844s][info][safepoint] Application time: 0.2644626 seconds
[20.845s][info][safepoint] Total time for which application threads were stopped: 0.0002095 seconds, Stopping threads took: 0.0000004 seconds
[20.845s][info][gc       ] [SPS 0.000 0.003 0.003 0.006 0.000 0.001 0.000 0.157 0.044 0.209 NewGC_pause1 20.844381 ]
[20.904s][info][safepoint] Application time: 0.0592760 seconds
[20.904s][info][safepoint] Total time for which application threads were stopped: 0.0000790 seconds, Stopping threads took: 0.0000004 seconds
[20.905s][info][gc       ] [SPS 0.000 0.001 0.000 0.006 0.000 0.001 0.000 0.057 0.014 0.079 NewGC_pause2 20.903736 ]
[20.906s][info][safepoint] Application time: 0.0016967 seconds
[20.906s][info][safepoint] Total time for which application threads were stopped: 0.0001124 seconds, Stopping threads took: 0.0000004 seconds
[20.906s][info][gc       ] [SPS 0.000 0.001 0.000 0.006 0.000 0.001 0.000 0.092 0.013 0.112 NewGC_pause3 20.905545 ]
[20.907s][info][safepoint] Application time: 0.0011014 seconds
[20.907s][info][safepoint] Total time for which application threads were stopped: 0.0001367 seconds, Stopping threads took: 0.0000004 seconds
[20.907s][info][gc       ] [SPS 0.000 0.003 0.002 0.006 0.000 0.001 0.000 0.108 0.021 0.137 NewGC_pause4 20.906784 ]
[20.907s][info][gc       ] [GC New Max 54-47 : 6356 3426 2322 6356 - - 963 20 2 2 - : 216 1788 26 292 1320 : 212 4 1107 1107 0 : 0 1 106 0 108 - 0 : 0.262574 3488.5 0.0 0.064429 3383.6 0.0 : 3 --c 0000 : 23 0 0.000 0.000 0 0.000 0.000 0 0.000 0.000 : 20.842520 20.844172 0.000157 20.903658 0.000060 20.905433 0.000096 20.906647 0.000054 : 20.906949 ]
[20.907s][info][gc       ] [SYSINFO 8408 195 63 0 7862 0 16 0 0 6942 : - - - - - - - - : 0 7168 : 3.38 2.73 1.92 : 271935 4216448 : 0 0 : 11 0 : 2445 3 0 267 : - 8515317760 583921664 1042960384 7200940032 203833344 66772992 : 139899904 24380830 489050 0 0 0 : 20.907170 ]
[20.907s][info][gc       ] [HUGEPAGESTAT 0 0 0 - 83086 0 0 : 303104 0 0 : 20.907170 ]
[20.907s][info][gc       ] [OBJCREAT 50593003 24954 3491840 : 20.907212 ]
[20.907s][info][gc       ] [HMSV All : 0 0 20 0 0 0 0 0 : 6134 0 0 0 : 20.907227 ]
[20.907s][info][gc       ] [HMSP 60 : 51112 0 : 20.907227 ]
[20.908s][info][gc       ] [VMAC 65530 170 24 492 686 : 20.907659 ]
[21.149s][info][gc       ] [GPGC-H  3071.7 694.7 17.3 0.0 : 1823.5 : 0.000 0.000 : 0.000 0.000 0.772 1.775 : 0.000 0.000 0.000 0.000 1.949 0.528 : 0.000 : 95.548 : 1072 1788 26 0 : 2293 : 5720 5428 : 21.148977 : 9 Next_heuristic_check_may_be_too_late ]
[21.152s][info][safepoint] Application time: 0.2445960 seconds
[21.152s][info][safepoint] Total time for which application threads were stopped: 0.0003286 seconds, Stopping threads took: 0.0000004 seconds
[21.152s][info][gc       ] [SPS 0.000 0.003 0.003 0.006 0.000 0.001 0.000 0.292 0.029 0.329 NewGC_pause1 21.151709 ]
[21.210s][info][safepoint] Application time: 0.0582585 seconds
[21.210s][info][safepoint] Total time for which application threads were stopped: 0.0001910 seconds, Stopping threads took: 0.0000004 seconds
[21.211s][info][gc       ] [SPS 0.000 0.002 0.000 0.006 0.000 0.001 0.000 0.144 0.040 0.191 NewGC_pause2 21.210158 ]
[21.212s][info][safepoint] Application time: 0.0013597 seconds
[21.212s][info][safepoint] Total time for which application threads were stopped: 0.0000560 seconds, Stopping threads took: 0.0000004 seconds
[21.212s][info][gc       ] [SPS 0.000 0.000 0.000 0.006 0.000 0.001 0.000 0.036 0.013 0.056 NewGC_pause3 21.211574 ]
[21.214s][info][safepoint] Application time: 0.0020649 seconds
[21.214s][info][safepoint] Total time for which application threads were stopped: 0.0000911 seconds, Stopping threads took: 0.0000004 seconds
[21.214s][info][gc       ] [SPS 0.000 0.004 0.002 0.006 0.000 0.017 0.000 0.048 0.020 0.091 NewGC_pause4 21.213730 ]
[21.214s][info][gc       ] [GC New Max 55-48 : 6356 3392 2320 6356 - - 963 20 2 2 - : 214 1788 26 292 1286 : 208 2 1078 1078 0 : 0 0 104 0 107 - 0 : 0.242563 3537.2 0.0 0.064467 3381.6 0.0 : 3 --c 0000 : 23 0 0.000 0.000 0 0.000 0.000 0 0.000 0.000 : 21.149513 21.151380 0.000233 21.209967 0.000096 21.211518 0.000039 21.213639 0.000067 : 21.213980 ]
[21.214s][info][gc       ] [SYSINFO 8408 195 63 0 7862 0 16 0 0 6942 : - - - - - - - - : 0 7168 : 3.38 2.73 1.92 : 271935 4216448 : 0 0 : 11 0 : 2445 4 0 267 : - 8515452928 583921664 1043095552 7200940032 203833344 66772992 : 139899904 24381600 489050 0 0 0 : 21.214263 ]
[21.214s][info][gc       ] [HUGEPAGESTAT 0 0 0 - 83086 0 0 : 303104 0 0 : 21.214263 ]
[21.214s][info][gc       ] [OBJCREAT 51659007 24954 3491840 : 21.214306 ]
[21.214s][info][gc       ] [HMSV All : 0 0 20 0 0 0 0 0 : 6134 0 0 0 : 21.214320 ]
[21.214s][info][gc       ] [HMSP 60 : 51112 0 : 21.214320 ]
[21.215s][info][gc       ] [VMAC 65530 170 24 492 686 : 21.214802 ]
[21.456s][info][gc       ] [GPGC-H  3071.7 636.7 15.7 0.0 : 1661.5 : 0.000 0.000 : 0.000 0.000 0.762 1.775 : 0.000 0.000 0.000 0.000 1.924 0.528 : 0.000 : 94.498 : 1076 1788 26 0 : 2293 : 5720 5428 : 21.456239 : 9 Next_heuristic_check_may_be_too_late ]
[21.459s][info][safepoint] Application time: 0.2452293 seconds
[21.460s][info][safepoint] Total time for which application threads were stopped: 0.0002891 seconds, Stopping threads took: 0.0000004 seconds
[21.460s][info][gc       ] [SPS 0.000 0.003 0.003 0.006 0.000 0.001 0.000 0.262 0.019 0.289 NewGC_pause1 21.459249 ]
[21.523s][info][safepoint] Application time: 0.0632101 seconds
[21.523s][info][safepoint] Total time for which application threads were stopped: 0.0002040 seconds, Stopping threads took: 0.0000004 seconds
[21.524s][info][gc       ] [SPS 0.000 0.001 0.000 0.006 0.000 0.001 0.000 0.175 0.021 0.204 NewGC_pause2 21.522663 ]
[21.524s][info][safepoint] Application time: 0.0017413 seconds
[21.525s][info][safepoint] Total time for which application threads were stopped: 0.0000591 seconds, Stopping threads took: 0.0000004 seconds
[21.525s][info][gc       ] [SPS 0.000 0.000 0.000 0.006 0.000 0.001 0.000 0.037 0.014 0.059 NewGC_pause3 21.524463 ]
[21.525s][info][safepoint] Application time: 0.0008063 seconds
[21.525s][info][safepoint] Total time for which application threads were stopped: 0.0000728 seconds, Stopping threads took: 0.0000004 seconds
[21.526s][info][gc       ] [SPS 0.000 0.003 0.002 0.006 0.000 0.001 0.000 0.047 0.018 0.073 NewGC_pause4 21.525343 ]
[21.526s][info][gc       ] [GC New Max 56-49 : 6356 3404 2322 6356 - - 963 20 2 2 - : 216 1788 26 292 1298 : 214 4 1084 1084 0 : 0 1 107 0 108 - 0 : 0.242949 3556.3 0.0 0.068620 3235.2 0.0 : 3 --c 0000 : 23 0 0.000 0.000 0 0.000 0.000 0 0.000 0.000 : 21.456928 21.458960 0.000230 21.522459 0.000102 21.524404 0.000041 21.525270 0.000051 : 21.525549 ]
[21.526s][info][gc       ] [SYSINFO 8408 195 63 0 7863 0 16 0 0 6942 : - - - - - - - - : 0 7168 : 3.38 2.73 1.92 : 271935 4216448 : 0 0 : 11 0 : 2445 3 0 267 : - 8515452928 583921664 1043095552 7200940032 203833344 66772992 : 139899904 24382410 489120 0 0 0 : 21.525774 ]
[21.526s][info][gc       ] [HUGEPAGESTAT 0 0 0 - 83086 0 0 : 303104 0 0 : 21.525774 ]
[21.526s][info][gc       ] [OBJCREAT 52735733 24954 3491840 : 21.525816 ]
[21.526s][info][gc       ] [HMSV All : 0 0 20 0 0 0 0 0 : 6134 0 0 0 : 21.525832 ]
[21.526s][info][gc       ] [HMSP 60 : 51112 0 : 21.525832 ]
[21.526s][info][gc       ] [VMAC 65530 170 24 492 686 : 21.526288 ]
[21.828s][info][gc       ] [GPGC-H  3071.7 636.7 15.7 0.0 : 1661.5 : 0.000 0.000 : 0.000 0.000 0.752 1.775 : 0.000 0.000 0.000 0.000 1.899 0.528 : 0.000 : 93.462 : 1104 1788 26 0 : 2293 : 5720 5428 : 21.828342 : 9 Next_heuristic_check_may_be_too_late ]
[21.831s][info][safepoint] Application time: 0.3055057 seconds
[21.832s][info][safepoint] Total time for which application threads were stopped: 0.0004574 seconds, Stopping threads took: 0.0000005 seconds
[21.832s][info][gc       ] [SPS 0.000 0.003 0.002 0.007 0.000 0.001 0.000 0.420 0.029 0.457 NewGC_pause1 21.831306 ]
[21.891s][info][safepoint] Application time: 0.0595247 seconds
[21.891s][info][safepoint] Total time for which application threads were stopped: 0.0001495 seconds, Stopping threads took: 0.0000005 seconds
[21.892s][info][gc       ] [SPS 0.000 0.001 0.000 0.007 0.000 0.001 0.000 0.118 0.023 0.150 NewGC_pause2 21.890980 ]
[21.893s][info][safepoint] Application time: 0.0019944 seconds
[21.893s][info][safepoint] Total time for which application threads were stopped: 0.0000663 seconds, Stopping threads took: 0.0000004 seconds
[21.894s][info][gc       ] [SPS 0.000 0.000 0.000 0.007 0.000 0.001 0.000 0.040 0.018 0.066 NewGC_pause3 21.893041 ]
[21.894s][info][safepoint] Application time: 0.0010644 seconds
[21.894s][info][safepoint] Total time for which application threads were stopped: 0.0001569 seconds, Stopping threads took: 0.0000004 seconds
[21.895s][info][gc       ] [SPS 0.000 0.003 0.002 0.006 0.000 0.001 0.000 0.127 0.022 0.157 NewGC_pause4 21.894263 ]
[21.895s][info][gc       ] [GC New Max 57-50 : 6356 3428 2324 6356 - - 976 20 2 2 - : 218 1788 26 292 1322 : 216 4 1107 1107 0 : 0 1 108 0 109 - 0 : 0.303323 2927.6 0.0 0.065539 3356.8 0.0 : 3 --c 0000 : 23 0 0.000 0.000 0 0.000 0.000 0 0.000 0.000 : 21.828871 21.830849 0.000394 21.890831 0.000048 21.892975 0.000044 21.894105 0.000049 : 21.894410 ]
[21.895s][info][gc       ] [SYSINFO 8421 195 63 0 7875 0 16 0 0 6942 : - - - - - - - - : 0 7168 : 3.38 2.73 1.92 : 271935 4216448 : 0 0 : 11 0 : 2445 3 0 267 : - 8528699392 583921664 1056342016 7200940032 203833344 66772992 : 139899904 24383310 489130 0 0 0 : 21.894640 ]
[21.895s][info][gc       ] [HUGEPAGESTAT 0 0 0 - 83086 0 0 : 303104 0 0 : 21.894640 ]
[21.895s][info][gc       ] [OBJCREAT 53833009 24954 3491840 : 21.894683 ]
[21.895s][info][gc       ] [HMSV All : 0 0 20 0 0 0 0 0 : 6134 0 0 0 : 21.894699 ]
[21.895s][info][gc       ] [HMSP 60 : 51112 0 : 21.894699 ]
[21.895s][info][gc       ] [VMAC 65530 170 24 492 686 : 21.895148 ]
[22.177s][info][gc       ] [GPGC-H  3235.7 636.7 15.7 0.0 : 1661.5 : 0.000 0.000 : 0.000 0.000 0.741 1.775 : 0.000 0.000 0.000 0.000 1.869 0.528 : 0.000 : 92.183 : 1126 1788 26 0 : 2293 : 5720 5428 : 22.176927 : 9 Next_heuristic_check_may_be_too_late ]
[22.180s][info][safepoint] Application time: 0.2852433 seconds
[22.180s][info][safepoint] Total time for which application threads were stopped: 0.0002415 seconds, Stopping threads took: 0.0000005 seconds
[22.180s][info][gc       ] [SPS 0.000 0.003 0.002 0.007 0.000 0.001 0.000 0.219 0.013 0.241 NewGC_pause1 22.179747 ]
[22.240s][info][safepoint] Application time: 0.0597735 seconds
[22.240s][info][safepoint] Total time for which application threads were stopped: 0.0001260 seconds, Stopping threads took: 0.0000004 seconds
[22.240s][info][gc       ] [SPS 0.000 0.001 0.000 0.006 0.000 0.001 0.000 0.092 0.026 0.126 NewGC_pause2 22.239647 ]
[22.242s][info][safepoint] Application time: 0.0018195 seconds
[22.242s][info][safepoint] Total time for which application threads were stopped: 0.0001418 seconds, Stopping threads took: 0.0000004 seconds
[22.242s][info][gc       ] [SPS 0.000 0.000 0.000 0.006 0.000 0.001 0.000 0.113 0.021 0.142 NewGC_pause3 22.241609 ]
[22.244s][info][safepoint] Application time: 0.0018764 seconds
[22.244s][info][safepoint] Total time for which application threads were stopped: 0.0000712 seconds, Stopping threads took: 0.0000004 seconds
[22.244s][info][gc       ] [SPS 0.000 0.003 0.002 0.007 0.000 0.001 0.000 0.045 0.018 0.071 NewGC_pause4 22.243556 ]
[22.244s][info][gc       ] [GC New Max 58-51 : 6356 3446 2320 6356 - - 976 20 2 2 - : 214 1788 26 292 1340 : 206 4 1132 1132 0 : 0 1 103 0 107 - 0 : 0.283124 3214.1 0.0 0.066255 3290.3 0.0 : 3 --c 0000 : 23 0 0.000 0.000 0 0.000 0.000 0 0.000 0.000 : 22.177533 22.179506 0.000225 22.239521 0.000094 22.241467 0.000046 22.243485 0.000049 : 22.243789 ]
[22.244s][info][gc       ] [SYSINFO 8421 195 63 0 7875 0 16 0 0 6942 : - - - - - - - - : 0 7168 : 3.27 2.72 1.93 : 271935 4216448 : 0 0 : 11 0 : 2445 3 0 267 : - 8528969728 583921664 1056612352 7200940032 203833344 66772992 : 139899904 24384180 489140 0 0 0 : 22.244042 ]
[22.244s][info][gc       ] [HUGEPAGESTAT 0 0 0 - 83086 0 0 : 303104 0 0 : 22.244042 ]
[22.244s][info][gc       ] [OBJCREAT 54949500 24954 3491840 : 22.244087 ]
[22.244s][info][gc       ] [HMSV All : 0 0 20 0 0 0 0 0 : 6134 0 0 0 : 22.244103 ]
[22.244s][info][gc       ] [HMSP 60 : 51112 0 : 22.244103 ]
[22.245s][info][gc       ] [VMAC 65530 170 24 492 686 : 22.244549 ]
[22.506s][info][gc       ] [GPGC-H  3235.7 636.7 15.7 0.0 : 1661.5 : 0.000 0.000 : 0.000 0.000 0.730 1.775 : 0.000 0.000 0.000 0.000 1.842 0.528 : 0.000 : 91.010 : 1128 1788 26 0 : 2293 : 5720 5428 : 22.506481 : 9 Next_heuristic_check_may_be_too_late ]
[22.509s][info][safepoint] Application time: 0.2654282 seconds
[22.510s][info][safepoint] Total time for which application threads were stopped: 0.0003619 seconds, Stopping threads took: 0.0000008 seconds
[22.510s][info][gc       ] [SPS 0.000 0.005 0.004 0.011 0.001 0.001 0.001 0.253 0.095 0.362 NewGC_pause1 22.509347 ]
[22.581s][info][safepoint] Application time: 0.0715266 seconds
[22.581s][info][safepoint] Total time for which application threads were stopped: 0.0001182 seconds, Stopping threads took: 0.0000005 seconds
[22.582s][info][gc       ] [SPS 0.000 0.001 0.000 0.006 0.000 0.001 0.000 0.096 0.014 0.118 NewGC_pause2 22.580992 ]
[22.582s][info][safepoint] Application time: 0.0013015 seconds
[22.583s][info][safepoint] Total time for which application threads were stopped: 0.0001525 seconds, Stopping threads took: 0.0000005 seconds
[22.583s][info][gc       ] [SPS 0.000 0.000 0.000 0.007 0.000 0.001 0.000 0.121 0.024 0.153 NewGC_pause3 22.582446 ]
[22.583s][info][safepoint] Application time: 0.0008947 seconds
[22.584s][info][safepoint] Total time for which application threads were stopped: 0.0001359 seconds, Stopping threads took: 0.0000005 seconds
[22.584s][info][gc       ] [SPS 0.000 0.003 0.002 0.007 0.000 0.001 0.000 0.106 0.022 0.136 NewGC_pause4 22.583477 ]
[22.584s][info][gc       ] [GC New Max 59-52 : 6356 3488 2356 6356 - - 976 20 2 2 - : 250 1788 26 292 1382 : 246 4 1134 1134 0 : 0 1 123 0 125 - 0 : 0.263282 3479.2 0.0 0.076549 3318.1 0.0 : 3 --c 0000 : 23 0 0.000 0.000 0 0.000 0.000 0 0.000 0.000 : 22.507071 22.508985 0.000213 22.580874 0.000100 22.582293 0.000047 22.583341 0.000048 : 22.583620 ]
[22.584s][info][gc       ] [SYSINFO 8421 195 63 0 7876 0 16 0 0 6942 : - - - - - - - - : 0 7168 : 3.27 2.72 1.93 : 271935 4216448 : 0 0 : 11 0 : 2445 4 0 267 : - 8528969728 583921664 1056612352 7200940032 203833344 66772992 : 139899904 24385050 489170 0 0 0 : 22.583887 ]
[22.584s][info][gc       ] [HUGEPAGESTAT 0 0 0 - 83086 0 0 : 303104 0 0 : 22.583887 ]
[22.584s][info][gc       ] [OBJCREAT 56107344 24954 3491840 : 22.583948 ]
[22.584s][info][gc       ] [HMSV All : 0 0 20 0 0 0 0 0 : 6134 0 0 0 : 22.583962 ]
[22.584s][info][gc       ] [HMSP 60 : 51112 0 : 22.583962 ]
[22.584s][info][gc       ] [VMAC 65530 170 24 492 686 : 22.584433 ]
[22.826s][info][gc       ] [GPGC-H  3235.7 636.7 15.7 0.0 : 1661.5 : 0.000 0.000 : 0.000 0.000 0.720 1.775 : 0.000 0.000 0.000 0.000 1.815 0.528 : 0.000 : 89.943 : 1100 1788 26 0 : 2293 : 5720 5428 : 22.825728 : 9 Next_heuristic_check_may_be_too_late ]
[22.828s][info][safepoint] Application time: 0.2446045 seconds
[22.829s][info][safepoint] Total time for which application threads were stopped: 0.0002724 seconds, Stopping threads took: 0.0000004 seconds
[22.829s][info][gc       ] [SPS 0.000 0.003 0.005 0.007 0.000 0.001 0.000 0.250 0.014 0.272 NewGC_pause1 22.828354 ]
[22.889s][info][safepoint] Application time: 0.0600826 seconds
[22.889s][info][safepoint] Total time for which application threads were stopped: 0.0001294 seconds, Stopping threads took: 0.0000005 seconds
[22.889s][info][gc       ] [SPS 0.000 0.001 0.000 0.007 0.001 0.001 0.000 0.097 0.024 0.130 NewGC_pause2 22.888566 ]
[22.890s][info][safepoint] Application time: 0.0015570 seconds
[22.891s][info][safepoint] Total time for which application threads were stopped: 0.0000591 seconds, Stopping threads took: 0.0000005 seconds
[22.891s][info][gc       ] [SPS 0.000 0.001 0.000 0.007 0.000 0.001 0.000 0.038 0.013 0.059 NewGC_pause3 22.890182 ]
[22.891s][info][safepoint] Application time: 0.0009627 seconds
[22.891s][info][safepoint] Total time for which application threads were stopped: 0.0000799 seconds, Stopping threads took: 0.0000005 seconds
[22.892s][info][gc       ] [SPS 0.000 0.003 0.002 0.012 0.000 0.001 0.000 0.050 0.016 0.080 NewGC_pause4 22.891225 ]
[22.892s][info][gc       ] [GC New Max 60-53 : 6356 3426 2322 6356 - - 976 20 2 2 - : 216 1788 26 292 1320 : 214 4 1106 1106 0 : 0 1 107 0 108 - 0 : 0.242622 3511.6 0.0 0.065184 3375.1 0.0 : 3 --c 0000 : 23 0 0.000 0.000 0 0.000 0.000 0 0.000 0.000 : 22.826242 22.828081 0.000255 22.888437 0.000102 22.890123 0.000042 22.891145 0.000059 : 22.891426 ]
[22.892s][info][gc       ] [SYSINFO 8421 195 63 0 7876 0 16 0 0 6942 : - - - - - - - - : 0 7168 : 3.27 2.72 1.93 : 271935 4216448 : 0 0 : 11 0 : 2445 3 0 267 : - 8529240064 583921664 1056882688 7200940032 203833344 66772992 : 139899904 24385840 489180 0 0 0 : 22.891668 ]
[22.892s][info][gc       ] [HUGEPAGESTAT 0 0 0 - 83086 0 0 : 303104 0 0 : 22.891668 ]
[22.892s][info][gc       ] [OBJCREAT 57168218 24954 3491840 : 22.891723 ]
[22.892s][info][gc       ] [HMSV All : 0 0 20 0 0 0 0 0 : 6134 0 0 0 : 22.891740 ]
[22.892s][info][gc       ] [HMSP 60 : 51112 0 : 22.891740 ]
[22.892s][info][gc       ] [VMAC 65530 170 24 492 686 : 22.892241 ]
[23.214s][info][gc       ] [GPGC-H  3235.7 636.7 15.7 0.0 : 1661.5 : 0.000 0.000 : 0.000 0.000 0.711 1.775 : 0.000 0.000 0.000 0.000 1.792 0.528 : 0.000 : 88.972 : 1114 1788 26 0 : 2293 : 5720 5428 : 23.213844 : 9 Next_heuristic_check_may_be_too_late ]
[23.217s][info][safepoint] Application time: 0.3252311 seconds
[23.217s][info][safepoint] Total time for which application threads were stopped: 0.0003191 seconds, Stopping threads took: 0.0000007 seconds
[23.218s][info][gc       ] [SPS 0.000 0.004 0.004 0.011 0.001 0.001 0.001 0.272 0.034 0.319 NewGC_pause1 23.216775 ]
[23.274s][info][safepoint] Application time: 0.0572230 seconds
[23.275s][info][safepoint] Total time for which application threads were stopped: 0.0002080 seconds, Stopping threads took: 0.0000004 seconds
[23.275s][info][gc       ] [SPS 0.000 0.001 0.000 0.007 0.000 0.006 0.005 0.166 0.023 0.208 NewGC_pause2 23.274207 ]
[23.276s][info][safepoint] Application time: 0.0017301 seconds
[23.276s][info][safepoint] Total time for which application threads were stopped: 0.0001570 seconds, Stopping threads took: 0.0000005 seconds
[23.277s][info][gc       ] [SPS 0.000 0.000 0.000 0.007 0.000 0.001 0.000 0.113 0.036 0.157 NewGC_pause3 23.276094 ]
[23.277s][info][safepoint] Application time: 0.0008896 seconds
[23.277s][info][safepoint] Total time for which application threads were stopped: 0.0001042 seconds, Stopping threads took: 0.0000005 seconds
[23.277s][info][gc       ] [SPS 0.000 0.003 0.002 0.007 0.000 0.001 0.000 0.056 0.040 0.104 NewGC_pause4 23.277087 ]
[23.278s][info][gc       ] [GC New Max 61-54 : 6356 3428 2312 6356 - - 976 20 2 2 - : 204 1788 26 292 1322 : 202 4 1120 1120 0 : 0 1 101 0 102 - 0 : 0.322762 2788.4 0.0 0.063101 3296.3 0.0 : 3 --c 0000 : 23 0 0.000 0.000 0 0.000 0.000 0 0.000 0.000 : 23.214188 23.216456 0.000225 23.273998 0.000066 23.275937 0.000045 23.276983 0.000054 : 23.277289 ]
[23.278s][info][gc       ] [SYSINFO 8421 195 63 0 7876 0 16 0 0 6942 : - - - - - - - - : 0 7168 : 3.27 2.72 1.93 : 271935 4216448 : 0 0 : 11 0 : 2445 3 0 267 : - 8529240064 583921664 1056882688 7200940032 203833344 66772992 : 139899904 24386780 489180 0 0 0 : 23.277512 ]
[23.278s][info][gc       ] [HUGEPAGESTAT 0 0 0 - 83086 0 0 : 303104 0 0 : 23.277512 ]
[23.278s][info][gc       ] [OBJCREAT 58265145 24954 3491840 : 23.277555 ]
[23.278s][info][gc       ] [HMSV All : 0 0 20 0 0 0 0 0 : 6134 0 0 0 : 23.277571 ]
[23.278s][info][gc       ] [HMSP 60 : 51112 0 : 23.277571 ]
[23.278s][info][gc       ] [VMAC 65530 170 24 492 686 : 23.278012 ]
[23.520s][info][gc       ] [GPGC-H  3235.7 580.4 14.3 0.0 : 1514.7 : 0.000 0.000 : 0.000 0.000 0.699 1.775 : 0.000 0.000 0.000 0.000 1.763 0.528 : 0.000 : 87.688 : 1100 1788 26 0 : 2293 : 5720 5428 : 23.519668 : 9 Next_heuristic_check_may_be_too_late ]
[23.523s][info][safepoint] Application time: 0.2452066 seconds
[23.523s][info][safepoint] Total time for which application threads were stopped: 0.0002558 seconds, Stopping threads took: 0.0000016 seconds
[23.523s][info][gc       ] [SPS 0.000 0.006 0.004 0.007 0.002 0.001 0.000 0.233 0.013 0.255 NewGC_pause1 23.522550 ]
[23.581s][info][safepoint] Application time: 0.0579164 seconds
[23.581s][info][safepoint] Total time for which application threads were stopped: 0.0001260 seconds, Stopping threads took: 0.0000004 seconds
[23.581s][info][gc       ] [SPS 0.000 0.001 0.000 0.006 0.000 0.001 0.000 0.103 0.016 0.126 NewGC_pause2 23.580593 ]
[23.582s][info][safepoint] Application time: 0.0014978 seconds
[23.582s][info][safepoint] Total time for which application threads were stopped: 0.0000577 seconds, Stopping threads took: 0.0000004 seconds
[23.582s][info][gc       ] [SPS 0.000 0.000 0.000 0.006 0.000 0.001 0.000 0.038 0.012 0.058 NewGC_pause3 23.582148 ]
[23.583s][info][safepoint] Application time: 0.0009040 seconds
[23.583s][info][safepoint] Total time for which application threads were stopped: 0.0000670 seconds, Stopping threads took: 0.0000004 seconds
[23.583s][info][gc       ] [SPS 0.000 0.003 0.002 0.006 0.000 0.001 0.000 0.041 0.019 0.067 NewGC_pause4 23.583119 ]
[23.584s][info][gc       ] [GC New Max 62-55 : 6356 3428 2326 6356 - - 976 20 2 2 - : 220 1788 26 292 1322 : 216 4 1105 1105 0 : 0 1 108 0 110 - 0 : 0.242929 3696.5 0.0 0.063165 3514.6 0.0 : 3 --c 0000 : 23 0 0.000 0.000 0 0.000 0.000 0 0.000 0.000 : 23.520219 23.522295 0.000239 23.580467 0.000091 23.582090 0.000042 23.583052 0.000044 : 23.583384 ]
[23.584s][info][gc       ] [SYSINFO 8421 195 63 0 7876 0 16 0 0 6942 : - - - - - - - - : 0 7168 : 3.27 2.72 1.93 : 271935 4216448 : 0 0 : 11 0 : 2445 3 0 267 : - 8529240064 583921664 1056882688 7200940032 203833344 66772992 : 139899904 24387560 489190 0 0 0 : 23.583687 ]
[23.584s][info][gc       ] [HUGEPAGESTAT 0 0 0 - 83086 0 0 : 303104 0 0 : 23.583687 ]
[23.584s][info][gc       ] [OBJCREAT 59373214 24954 3491840 : 23.583739 ]
[23.584s][info][gc       ] [HMSV All : 0 0 20 0 0 0 0 0 : 6134 0 0 0 : 23.583753 ]
[23.584s][info][gc       ] [HMSP 60 : 51112 0 : 23.583753 ]
[23.584s][info][gc       ] [VMAC 65530 170 24 492 686 : 23.584210 ]
[23.846s][info][gc       ] [GPGC-H  3235.7 580.4 14.3 0.0 : 1514.7 : 0.000 0.000 : 0.000 0.000 0.690 1.775 : 0.000 0.000 0.000 0.000 1.740 0.528 : 0.000 : 86.747 : 1088 1788 26 0 : 2293 : 5720 5428 : 23.846171 : 9 Next_heuristic_check_may_be_too_late ]
[23.849s][info][safepoint] Application time: 0.2658306 seconds
[23.850s][info][safepoint] Total time for which application threads were stopped: 0.0003324 seconds, Stopping threads took: 0.0000004 seconds
[23.850s][info][gc       ] [SPS 0.000 0.003 0.004 0.007 0.000 0.001 0.000 0.266 0.058 0.333 NewGC_pause1 23.849283 ]
[23.913s][info][safepoint] Application time: 0.0636161 seconds
[23.914s][info][safepoint] Total time for which application threads were stopped: 0.0001661 seconds, Stopping threads took: 0.0000004 seconds
[23.914s][info][gc       ] [SPS 0.000 0.001 0.000 0.007 0.000 0.001 0.000 0.133 0.025 0.166 NewGC_pause2 23.913065 ]
[23.915s][info][safepoint] Application time: 0.0016581 seconds
[23.915s][info][safepoint] Total time for which application threads were stopped: 0.0000712 seconds, Stopping threads took: 0.0000004 seconds
[23.915s][info][gc       ] [SPS 0.000 0.000 0.000 0.007 0.000 0.001 0.000 0.046 0.017 0.072 NewGC_pause3 23.914795 ]
[23.916s][info][safepoint] Application time: 0.0009024 seconds
[23.916s][info][safepoint] Total time for which application threads were stopped: 0.0000681 seconds, Stopping threads took: 0.0000005 seconds
[23.916s][info][gc       ] [SPS 0.000 0.003 0.002 0.007 0.000 0.001 0.000 0.046 0.014 0.068 NewGC_pause4 23.915765 ]
[23.916s][info][gc       ] [GC New Max 63-56 : 6356 3416 2324 6356 - - 976 20 2 2 - : 218 1788 26 292 1310 : 214 4 1095 1095 0 : 0 1 107 0 109 - 0 : 0.263314 3304.0 0.0 0.069342 3201.5 0.0 : 3 --c 0000 : 23 0 0.000 0.000 0 0.000 0.000 0 0.000 0.000 : 23.846698 23.848950 0.000207 23.912899 0.000062 23.914723 0.000047 23.915697 0.000049 : 23.916040 ]
[23.916s][info][gc       ] [SYSINFO 8421 195 63 0 7876 0 16 0 0 6942 : - - - - - - - - : 0 7168 : 3.27 2.72 1.93 : 271935 4216448 : 0 0 : 11 0 : 2445 3 0 267 : - 8529240064 583921664 1056882688 7200940032 203833344 66772992 : 139899904 24388370 489210 0 0 0 : 23.916322 ]
[23.916s][info][gc       ] [HUGEPAGESTAT 0 0 0 - 83086 0 0 : 303104 0 0 : 23.916322 ]
[23.916s][info][gc       ] [OBJCREAT 60456735 24954 3491840 : 23.916387 ]
[23.916s][info][gc       ] [HMSV All : 0 0 20 0 0 0 0 0 : 6134 0 0 0 : 23.916402 ]
[23.916s][info][gc       ] [HMSP 60 : 51112 0 : 23.916402 ]
[23.917s][info][gc       ] [VMAC 65530 170 24 492 686 : 23.916869 ]
[24.158s][info][gc       ] [GPGC-H  3233.0 580.4 14.3 0.0 : 1514.7 : 0.000 0.000 : 0.000 0.000 0.681 1.775 : 0.000 0.000 0.000 0.000 1.716 0.528 : 0.000 : 85.741 : 1090 1788 26 0 : 2293 : 5720 5428 : 24.158337 : 9 Next_heuristic_check_may_be_too_late ]
[24.161s][info][safepoint] Application time: 0.2451890 seconds
[24.161s][info][safepoint] Total time for which application threads were stopped: 0.0002438 seconds, Stopping threads took: 0.0000004 seconds
[24.162s][info][gc       ] [SPS 0.000 0.003 0.002 0.007 0.000 0.001 0.000 0.222 0.014 0.244 NewGC_pause1 24.161198 ]
[24.221s][info][safepoint] Application time: 0.0594519 seconds
[24.221s][info][safepoint] Total time for which application threads were stopped: 0.0001557 seconds, Stopping threads took: 0.0000004 seconds
[24.222s][info][gc       ] [SPS 0.000 0.001 0.000 0.007 0.000 0.001 0.000 0.120 0.028 0.156 NewGC_pause2 24.220806 ]
[24.223s][info][safepoint] Application time: 0.0017221 seconds
[24.223s][info][safepoint] Total time for which application threads were stopped: 0.0000618 seconds, Stopping threads took: 0.0000004 seconds
[24.223s][info][gc       ] [SPS 0.000 0.000 0.000 0.006 0.000 0.001 0.000 0.040 0.014 0.062 NewGC_pause3 24.222590 ]
[24.224s][info][safepoint] Application time: 0.0011011 seconds
[24.224s][info][safepoint] Total time for which application threads were stopped: 0.0001035 seconds, Stopping threads took: 0.0000006 seconds
[24.224s][info][gc       ] [SPS 0.000 0.003 0.002 0.023 0.001 0.001 0.000 0.065 0.014 0.103 NewGC_pause4 24.223794 ]
[24.224s][info][gc       ] [GC New Max 64-57 : 6356 3416 2324 6356 - - 976 20 2 2 - : 218 1788 26 292 1310 : 214 4 1096 1096 0 : 0 1 107 0 109 - 0 : 0.242814 3599.5 0.0 0.065139 3408.1 0.0 : 3 --c 0000 : 23 0 0.000 0.000 0 0.000 0.000 0 0.000 0.000 : 24.158854 24.160954 0.000228 24.220650 0.000053 24.222528 0.000043 24.223691 0.000084 : 24.223992 ]
[24.224s][info][gc       ] [SYSINFO 8421 195 63 0 7876 0 16 0 0 6942 : - - - - - - - - : 0 7168 : 3.27 2.72 1.93 : 271935 4216448 : 0 0 : 11 0 : 2445 4 0 267 : - 8529240064 583921664 1056882688 7200940032 203833344 66772992 : 139899904 24389150 489230 0 0 0 : 24.224214 ]
[24.224s][info][gc       ] [HUGEPAGESTAT 0 0 0 - 83086 0 0 : 303104 0 0 : 24.224214 ]
[24.224s][info][gc       ] [OBJCREAT 61539528 24954 3491840 : 24.224255 ]
[24.224s][info][gc       ] [HMSV All : 0 0 20 0 0 0 0 0 : 6134 0 0 0 : 24.224271 ]
[24.224s][info][gc       ] [HMSP 60 : 51112 0 : 24.224271 ]
[24.225s][info][gc       ] [VMAC 65530 170 24 492 686 : 24.224714 ]
[24.466s][info][gc       ] [GPGC-H  3233.0 580.4 14.3 0.0 : 1514.7 : 0.000 0.000 : 0.000 0.000 0.672 1.775 : 0.000 0.000 0.000 0.000 1.694 0.528 : 0.000 : 84.829 : 1136 1788 26 0 : 2293 : 5720 5428 : 24.465580 : 9 Next_heuristic_check_may_be_too_late ]
[24.468s][info][safepoint] Application time: 0.2441084 seconds
[24.469s][info][safepoint] Total time for which application threads were stopped: 0.0002823 seconds, Stopping threads took: 0.0000004 seconds
[24.469s][info][gc       ] [SPS 0.000 0.003 0.010 0.007 0.000 0.001 0.000 0.252 0.022 0.282 NewGC_pause1 24.468185 ]
[24.528s][info][safepoint] Application time: 0.0592669 seconds
[24.528s][info][safepoint] Total time for which application threads were stopped: 0.0001280 seconds, Stopping threads took: 0.0000004 seconds
[24.529s][info][gc       ] [SPS 0.000 0.001 0.000 0.007 0.000 0.001 0.000 0.106 0.014 0.128 NewGC_pause2 24.527580 ]
[24.529s][info][safepoint] Application time: 0.0017526 seconds
[24.530s][info][safepoint] Total time for which application threads were stopped: 0.0000575 seconds, Stopping threads took: 0.0000004 seconds
[24.530s][info][gc       ] [SPS 0.000 0.001 0.000 0.006 0.000 0.001 0.000 0.037 0.013 0.057 NewGC_pause3 24.529390 ]
[24.531s][info][safepoint] Application time: 0.0014156 seconds
[24.531s][info][safepoint] Total time for which application threads were stopped: 0.0000673 seconds, Stopping threads took: 0.0000004 seconds
[24.531s][info][gc       ] [SPS 0.000 0.002 0.002 0.006 0.000 0.001 0.000 0.046 0.014 0.067 NewGC_pause4 24.530873 ]
[24.531s][info][gc       ] [GC New Max 65-58 : 6356 3466 2328 6356 - - 976 20 2 2 - : 222 1788 26 292 1358 : 218 4 1141 1141 0 : 0 1 109 0 111 - 0 : 0.242105 3800.0 0.0 0.064987 3446.8 0.0 : 3 --c 0000 : 23 0 0.000 0.000 0 0.000 0.000 0 0.000 0.000 : 24.466097 24.467903 0.000211 24.527452 0.000111 24.529333 0.000040 24.530806 0.000050 : 24.531084 ]
[24.531s][info][gc       ] [SYSINFO 8421 195 63 0 7876 0 16 0 0 6942 : - - - - - - - - : 0 7168 : 3.27 2.72 1.93 : 271935 4216448 : 0 0 : 11 0 : 2445 4 0 267 : - 8529240064 583921664 1056882688 7200940032 203833344 66772992 : 139899904 24389930 489270 0 0 0 : 24.531358 ]
[24.531s][info][gc       ] [HUGEPAGESTAT 0 0 0 - 83086 0 0 : 303104 0 0 : 24.531358 ]
[24.531s][info][gc       ] [OBJCREAT 62672811 24954 3491840 : 24.531402 ]
[24.531s][info][gc       ] [HMSV All : 0 0 20 0 0 0 0 0 : 6134 0 0 0 : 24.531415 ]
[24.531s][info][gc       ] [HMSP 60 : 51112 0 : 24.531415 ]
[24.532s][info][gc       ] [VMAC 65530 170 24 492 686 : 24.531854 ]
[24.774s][info][gc       ] [GPGC-H  3233.0 580.4 14.3 0.0 : 1514.7 : 0.000 0.000 : 0.000 0.000 0.663 1.775 : 0.000 0.000 0.000 0.000 1.673 0.528 : 0.000 : 83.932 : 1098 1788 26 0 : 2293 : 5720 5428 : 24.773890 : 9 Next_heuristic_check_may_be_too_late ]
[24.776s][info][safepoint] Application time: 0.2453036 seconds
[24.777s][info][safepoint] Total time for which application threads were stopped: 0.0002988 seconds, Stopping threads took: 0.0000004 seconds
[24.777s][info][gc       ] [SPS 0.000 0.003 0.002 0.006 0.000 0.001 0.000 0.269 0.022 0.299 NewGC_pause1 24.776476 ]
[24.835s][info][safepoint] Application time: 0.0583103 seconds
[24.835s][info][safepoint] Total time for which application threads were stopped: 0.0000677 seconds, Stopping threads took: 0.0000004 seconds
[24.836s][info][gc       ] [SPS 0.000 0.001 0.000 0.007 0.000 0.001 0.000 0.044 0.016 0.068 NewGC_pause2 24.834854 ]
[24.837s][info][safepoint] Application time: 0.0020189 seconds
[24.837s][info][safepoint] Total time for which application threads were stopped: 0.0001434 seconds, Stopping threads took: 0.0000004 seconds
[24.838s][info][gc       ] [SPS 0.000 0.001 0.000 0.006 0.000 0.001 0.000 0.116 0.020 0.144 NewGC_pause3 24.837017 ]
[24.838s][info][safepoint] Application time: 0.0010449 seconds
[24.838s][info][safepoint] Total time for which application threads were stopped: 0.0000723 seconds, Stopping threads took: 0.0000004 seconds
[24.838s][info][gc       ] [SPS 0.000 0.003 0.002 0.006 0.000 0.001 0.004 0.042 0.019 0.072 NewGC_pause4 24.838134 ]
[24.839s][info][gc       ] [GC New Max 66-59 : 6356 3420 2318 6356 - - 976 20 2 2 - : 212 1788 26 292 1314 : 208 4 1104 1104 0 : 0 1 104 0 106 - 0 : 0.243305 3608.6 0.0 0.064030 3373.4 0.0 : 3 --c 0000 : 23 0 0.000 0.000 0 0.000 0.000 0 0.000 0.000 : 24.774389 24.776177 0.000273 24.834787 0.000045 24.836873 0.000048 24.838061 0.000050 : 24.838419 ]
[24.839s][info][gc       ] [SYSINFO 8421 195 63 0 7876 0 16 0 0 6942 : - - - - - - - - : 0 7168 : 3.27 2.72 1.93 : 271935 4216448 : 0 0 : 11 0 : 2445 3 0 267 : - 8529240064 583921664 1056882688 7200940032 203833344 66772992 : 139899904 24390710 489270 0 0 0 : 24.838660 ]
[24.839s][info][gc       ] [HUGEPAGESTAT 0 0 0 - 83086 0 0 : 303104 0 0 : 24.838660 ]
[24.839s][info][gc       ] [OBJCREAT 63755317 24954 3491840 : 24.838702 ]
[24.839s][info][gc       ] [HMSV All : 0 0 20 0 0 0 0 0 : 6134 0 0 0 : 24.838717 ]
[24.839s][info][gc       ] [HMSP 60 : 51112 0 : 24.838717 ]
[24.839s][info][gc       ] [VMAC 65530 170 24 492 686 : 24.839146 ]
[25.080s][info][gc       ] [GPGC-H  3233.0 580.4 14.3 0.0 : 1514.7 : 0.000 0.000 : 0.000 0.000 0.655 1.775 : 0.000 0.000 0.000 0.000 1.651 0.528 : 0.000 : 83.042 : 1074 1788 26 0 : 2293 : 5720 5428 : 25.080169 : 9 Next_heuristic_check_may_be_too_late ]
[25.083s][info][safepoint] Application time: 0.2446583 seconds
[25.083s][info][safepoint] Total time for which application threads were stopped: 0.0002429 seconds, Stopping threads took: 0.0000005 seconds
[25.084s][info][gc       ] [SPS 0.000 0.003 0.005 0.007 0.000 0.001 0.001 0.216 0.018 0.243 NewGC_pause1 25.083036 ]
[25.143s][info][safepoint] Application time: 0.0598397 seconds
[25.144s][info][safepoint] Total time for which application threads were stopped: 0.0001147 seconds, Stopping threads took: 0.0000004 seconds
[25.144s][info][gc       ] [SPS 0.000 0.001 0.000 0.007 0.000 0.001 0.001 0.077 0.029 0.115 NewGC_pause2 25.142990 ]
[25.146s][info][safepoint] Application time: 0.0023770 seconds
[25.146s][info][safepoint] Total time for which application threads were stopped: 0.0001545 seconds, Stopping threads took: 0.0000004 seconds
[25.146s][info][gc       ] [SPS 0.000 0.000 0.000 0.007 0.000 0.001 0.000 0.124 0.023 0.155 NewGC_pause3 25.145521 ]
[25.147s][info][safepoint] Application time: 0.0009446 seconds
[25.147s][info][safepoint] Total time for which application threads were stopped: 0.0000690 seconds, Stopping threads took: 0.0000005 seconds
[25.147s][info][gc       ] [SPS 0.000 0.003 0.002 0.007 0.000 0.001 0.000 0.043 0.018 0.069 NewGC_pause4 25.146535 ]
[25.147s][info][gc       ] [GC New Max 67-60 : 6356 3406 2328 6356 - - 976 20 2 2 - : 222 1788 26 292 1300 : 218 4 1080 1080 0 : 0 1 109 0 111 - 0 : 0.242380 3564.7 0.0 0.065973 3425.6 0.0 : 3 --c 0000 : 23 0 0.000 0.000 0 0.000 0.000 0 0.000 0.000 : 25.080798 25.082792 0.000212 25.142875 0.000078 25.145367 0.000087 25.146466 0.000047 : 25.146771 ]
[25.147s][info][gc       ] [SYSINFO 8421 195 63 0 7876 0 16 0 0 6942 : - - - - - - - - : 0 7168 : 3.27 2.72 1.93 : 271935 4216448 : 0 0 : 11 0 : 2445 3 0 267 : - 8529240064 583921664 1056882688 7200940032 203833344 66772992 : 139899904 24391500 489270 0 0 0 : 25.147076 ]
[25.147s][info][gc       ] [HUGEPAGESTAT 0 0 0 - 83086 0 0 : 303104 0 0 : 25.147076 ]
[25.147s][info][gc       ] [OBJCREAT 64835791 24954 3491840 : 25.147122 ]
[25.147s][info][gc       ] [HMSV All : 0 0 20 0 0 0 0 0 : 6134 0 0 0 : 25.147152 ]
[25.147s][info][gc       ] [HMSP 60 : 51112 0 : 25.147152 ]
[25.148s][info][gc       ] [VMAC 65530 170 24 492 686 : 25.147605 ]
[25.389s][info][gc       ] [GPGC-H  3233.0 528.9 13.1 0.0 : 1380.3 : 0.000 0.000 : 0.000 0.000 0.647 1.775 : 0.000 0.000 0.000 0.000 1.630 0.528 : 0.000 : 82.170 : 1130 1788 26 0 : 2293 : 5720 5428 : 25.388656 : 9 Next_heuristic_check_may_be_too_late ]
[25.391s][info][safepoint] Application time: 0.2444625 seconds
[25.392s][info][safepoint] Total time for which application threads were stopped: 0.0003187 seconds, Stopping threads took: 0.0000004 seconds
[25.392s][info][gc       ] [SPS 0.000 0.003 0.009 0.007 0.000 0.001 0.000 0.242 0.068 0.319 NewGC_pause1 25.391316 ]
[25.452s][info][safepoint] Application time: 0.0608424 seconds
[25.453s][info][safepoint] Total time for which application threads were stopped: 0.0001840 seconds, Stopping threads took: 0.0000006 seconds
[25.453s][info][gc       ] [SPS 0.000 0.001 0.000 0.008 0.001 0.001 0.000 0.148 0.027 0.184 NewGC_pause2 25.452343 ]
[25.454s][info][safepoint] Application time: 0.0017623 seconds
[25.454s][info][safepoint] Total time for which application threads were stopped: 0.0001087 seconds, Stopping threads took: 0.0000005 seconds
[25.455s][info][gc       ] [SPS 0.000 0.000 0.000 0.007 0.000 0.001 0.000 0.086 0.014 0.109 NewGC_pause3 25.454214 ]
[25.455s][info][safepoint] Application time: 0.0010746 seconds
[25.456s][info][safepoint] Total time for which application threads were stopped: 0.0000661 seconds, Stopping threads took: 0.0000005 seconds
[25.456s][info][gc       ] [SPS 0.000 0.003 0.002 0.006 0.000 0.001 0.000 0.043 0.015 0.066 NewGC_pause4 25.455355 ]
[25.456s][info][gc       ] [GC New Max 68-61 : 6356 3458 2324 6356 - - 976 20 2 2 - : 218 1788 26 292 1352 : 216 4 1136 1136 0 : 0 1 108 0 109 - 0 : 0.242427 3753.7 0.0 0.066373 3344.7 0.0 : 3 --c 0000 : 23 0 0.000 0.000 0 0.000 0.000 0 0.000 0.000 : 25.389199 25.390998 0.000209 25.452159 0.000083 25.454105 0.000090 25.455289 0.000047 : 25.455571 ]
[25.456s][info][gc       ] [SYSINFO 8421 195 63 0 7876 0 16 0 0 6942 : - - - - - - - - : 0 7168 : 3.27 2.72 1.93 : 271935 4216448 : 0 0 : 11 0 : 2445 4 0 267 : - 8529240064 583921664 1056882688 7200940032 203833344 66772992 : 139899904 24392290 489310 0 0 0 : 25.455857 ]
[25.456s][info][gc       ] [HUGEPAGESTAT 0 0 0 - 83086 0 0 : 303104 0 0 : 25.455857 ]
[25.456s][info][gc       ] [OBJCREAT 65956419 24954 3491840 : 25.455901 ]
[25.456s][info][gc       ] [HMSV All : 0 0 20 0 0 0 0 0 : 6134 0 0 0 : 25.455921 ]
[25.456s][info][gc       ] [HMSP 60 : 51112 0 : 25.455921 ]
[25.456s][info][gc       ] [VMAC 65530 170 24 492 686 : 25.456378 ]
[25.697s][info][gc       ] [GPGC-H  3233.0 528.9 13.1 0.0 : 1380.3 : 0.000 0.000 : 0.000 0.000 0.638 1.775 : 0.000 0.000 0.000 0.000 1.609 0.528 : 0.000 : 81.310 : 1100 1788 26 0 : 2293 : 5720 5428 : 25.697411 : 9 Next_heuristic_check_may_be_too_late ]
[25.700s][info][safepoint] Application time: 0.2443909 seconds
[25.700s][info][safepoint] Total time for which application threads were stopped: 0.0003672 seconds, Stopping threads took: 0.0000008 seconds
[25.701s][info][gc       ] [SPS 0.000 0.004 0.004 0.011 0.001 0.001 0.001 0.331 0.022 0.367 NewGC_pause1 25.700113 ]
[25.763s][info][safepoint] Application time: 0.0625786 seconds
[25.763s][info][safepoint] Total time for which application threads were stopped: 0.0001252 seconds, Stopping threads took: 0.0000004 seconds
[25.764s][info][gc       ] [SPS 0.000 0.001 0.000 0.006 0.000 0.001 0.000 0.099 0.019 0.125 NewGC_pause2 25.762817 ]
[25.765s][info][safepoint] Application time: 0.0016411 seconds
[25.765s][info][safepoint] Total time for which application threads were stopped: 0.0000522 seconds, Stopping threads took: 0.0000004 seconds
[25.765s][info][gc       ] [SPS 0.000 0.000 0.000 0.006 0.000 0.001 0.000 0.033 0.012 0.052 NewGC_pause3 25.764510 ]
[25.766s][info][safepoint] Application time: 0.0010652 seconds
[25.766s][info][safepoint] Total time for which application threads were stopped: 0.0001613 seconds, Stopping threads took: 0.0000004 seconds
[25.766s][info][gc       ] [GC New Max 69-62 : 6356 3446 2342 6356 - - 976 20 2 2 - : 236 1788 26 292 1340 : 232 4 1106 1106 0 : 0 1 116 0 118 - 0 : 0.242337 3647.8 0.0 0.067943 3532.4 0.0 : 3 --c 0000 : 23 0 0.000 0.000 0 0.000 0.000 0 0.000 0.000 : 25.697908 25.699746 0.000252 25.762692 0.000043 25.764458 0.000036 25.765576 0.000045 : 25.765852 ]
[25.766s][info][gc       ] [SYSINFO 8421 195 63 0 7876 0 16 0 0 6942 : - - - - - - - - : 0 7168 : 3.27 2.72 1.93 : 271935 4216448 : 0 0 : 11 0 : 2445 4 0 267 : - 8529240064 583921664 1056882688 7200940032 203833344 66772992 : 139899904 24393110 489310 0 0 0 : 25.766100 ]
[25.766s][info][gc       ] [HUGEPAGESTAT 0 0 0 - 83086 0 0 : 303104 0 0 : 25.766100 ]
[25.766s][info][gc       ] [OBJCREAT 67066888 24954 3491840 : 25.766144 ]
[25.766s][info][gc       ] [HMSV All : 0 0 20 0 0 0 0 0 : 6134 0 0 0 : 25.766157 ]
[25.766s][info][gc       ] [HMSP 60 : 51112 0 : 25.766157 ]
[25.766s][info][gc       ] [SPS 0.000 0.003 0.002 0.006 0.000 0.001 0.000 0.123 0.031 0.162 NewGC_pause4 25.765737 ]
[25.767s][info][gc       ] [VMAC 65530 170 24 492 686 : 25.766587 ]
[26.008s][info][gc       ] [GPGC-H  3233.0 528.9 13.1 0.0 : 1380.3 : 0.000 0.000 : 0.000 0.000 0.630 1.775 : 0.000 0.000 0.000 0.000 1.588 0.528 : 0.000 : 80.464 : 1096 1788 26 0 : 2293 : 5720 5428 : 26.008130 : 9 Next_heuristic_check_may_be_too_late ]
[26.011s][info][safepoint] Application time: 0.2448261 seconds
[26.011s][info][safepoint] Total time for which application threads were stopped: 0.0002762 seconds, Stopping threads took: 0.0000004 seconds
[26.011s][info][gc       ] [SPS 0.000 0.003 0.003 0.006 0.000 0.001 0.000 0.234 0.035 0.276 NewGC_pause1 26.010840 ]
[26.070s][info][safepoint] Application time: 0.0591718 seconds
[26.070s][info][safepoint] Total time for which application threads were stopped: 0.0000623 seconds, Stopping threads took: 0.0000004 seconds
[26.071s][info][gc       ] [SPS 0.000 0.001 0.000 0.006 0.000 0.001 0.000 0.036 0.019 0.062 NewGC_pause2 26.070074 ]
[26.071s][info][safepoint] Application time: 0.0011212 seconds
[26.071s][info][safepoint] Total time for which application threads were stopped: 0.0000521 seconds, Stopping threads took: 0.0000004 seconds
[26.072s][info][gc       ] [SPS 0.000 0.000 0.000 0.006 0.000 0.001 0.000 0.033 0.012 0.052 NewGC_pause3 26.071247 ]
[26.072s][info][safepoint] Application time: 0.0011013 seconds
[26.073s][info][safepoint] Total time for which application threads were stopped: 0.0000697 seconds, Stopping threads took: 0.0000004 seconds
[26.073s][info][gc       ] [SPS 0.000 0.002 0.002 0.006 0.000 0.001 0.000 0.040 0.023 0.070 NewGC_pause4 26.072418 ]
[26.073s][info][gc       ] [GC New Max 70-63 : 6356 3432 2334 6356 - - 976 20 2 2 - : 228 1788 26 292 1326 : 224 4 1101 1101 0 : 0 1 112 0 114 - 0 : 0.242687 3543.7 0.0 0.064096 3619.6 0.0 : 3 --c 0000 : 23 0 0.000 0.000 0 0.000 0.000 0 0.000 0.000 : 26.008539 26.010563 0.000204 26.070012 0.000039 26.071195 0.000036 26.072348 0.000043 : 26.072634 ]
[26.073s][info][gc       ] [SYSINFO 8421 195 63 0 7876 0 16 0 0 6942 : - - - - - - - - : 0 7168 : 3.27 2.72 1.93 : 271935 4216448 : 0 0 : 11 0 : 2445 3 0 267 : - 8529240064 583921664 1056882688 7200940032 203833344 66772992 : 139899904 24393890 489310 0 0 0 : 26.072848 ]
[26.073s][info][gc       ] [HUGEPAGESTAT 0 0 0 - 83086 0 0 : 303104 0 0 : 26.072848 ]
[26.073s][info][gc       ] [OBJCREAT 68150769 24954 3491840 : 26.072889 ]
[26.073s][info][gc       ] [HMSV All : 0 0 20 0 0 0 0 0 : 6134 0 0 0 : 26.072904 ]
[26.073s][info][gc       ] [HMSP 60 : 51112 0 : 26.072904 ]
[26.073s][info][gc       ] [VMAC 65530 170 24 492 686 : 26.073319 ]
[26.314s][info][gc       ] [GPGC-H  3486.6 528.9 13.1 0.0 : 1380.3 : 0.000 0.000 : 0.000 0.000 0.622 1.775 : 0.000 0.000 0.000 0.000 1.568 0.528 : 0.000 : 79.626 : 1144 1788 28 0 : 2293 : 5720 5428 : 26.314110 : 9 Next_heuristic_check_may_be_too_late ]
[26.317s][info][safepoint] Application time: 0.2440715 seconds
[26.317s][info][safepoint] Total time for which application threads were stopped: 0.0002544 seconds, Stopping threads took: 0.0000005 seconds
[26.317s][info][gc       ] [SPS 0.000 0.003 0.003 0.006 0.000 0.001 0.000 0.225 0.036 0.269 NewGC_pause1 26.316759 ]
[26.373s][info][safepoint] Application time: 0.0564864 seconds
[26.374s][info][safepoint] Total time for which application threads were stopped: 0.0001715 seconds, Stopping threads took: 0.0000004 seconds
[26.374s][info][gc       ] [SPS 0.000 0.001 0.000 0.007 0.000 0.001 0.000 0.137 0.027 0.172 NewGC_pause2 26.373403 ]
[26.375s][info][safepoint] Application time: 0.0014652 seconds
[26.375s][info][safepoint] Total time for which application threads were stopped: 0.0000572 seconds, Stopping threads took: 0.0000004 seconds
[26.376s][info][gc       ] [SPS 0.000 0.000 0.000 0.006 0.000 0.001 0.000 0.037 0.013 0.057 NewGC_pause3 26.374925 ]
[26.376s][info][safepoint] Application time: 0.0009262 seconds
[26.376s][info][safepoint] Total time for which application threads were stopped: 0.0000664 seconds, Stopping threads took: 0.0000005 seconds
[26.376s][info][gc       ] [SPS 0.000 0.002 0.002 0.011 0.000 0.001 0.000 0.041 0.013 0.066 NewGC_pause4 26.375917 ]
[26.376s][info][gc       ] [GC New Max 71-64 : 6356 3468 2320 6356 - - 979 20 2 2 - : 212 1788 28 292 1360 : 208 4 1151 1151 0 : 0 1 104 0 106 - 0 : 0.242054 3800.8 8.3 0.061465 3481.7 0.0 : 3 --c 0000 : 23 0 0.000 0.000 0 0.000 0.000 0 0.000 0.000 : 26.314689 26.316490 0.000192 26.373231 0.000043 26.374868 0.000040 26.375851 0.000049 : 26.376153 ]
[26.376s][info][gc       ] [SYSINFO 8425 195 63 0 7879 0 16 0 0 6942 : - - - - - - - - : 0 7168 : 3.27 2.72 1.93 : 271935 4216448 : 0 0 : 11 0 : 2445 2 0 267 : - 8532213760 583921664 1059856384 7200940032 203833344 66772992 : 139899904 24394470 489310 0 0 0 : 26.376394 ]
[26.376s][info][gc       ] [HUGEPAGESTAT 0 0 0 - 83087 0 0 : 303104 0 0 : 26.376394 ]
[26.376s][info][gc       ] [OBJCREAT 69272253 24954 3491840 : 26.376437 ]
[26.376s][info][gc       ] [HMSV All : 0 0 20 0 0 0 0 0 : 6134 0 0 0 : 26.376456 ]
[26.376s][info][gc       ] [HMSP 60 : 51112 0 : 26.376456 ]
[26.377s][info][gc       ] [VMAC 65530 170 24 492 686 : 26.377024 ]
[26.538s][info][gc       ] [GPGC-H  3486.6 528.9 13.1 0.0 : 1380.3 : 0.000 0.000 : 0.000 0.000 0.614 1.775 : 0.000 0.000 0.000 0.000 1.549 0.528 : 0.000 : 78.799 : 1192 1788 28 0 : 2293 : 5720 5428 : 26.537891 : 9 Next_heuristic_check_may_be_too_late ]
[26.541s][info][safepoint] Application time: 0.1643557 seconds
[26.541s][info][safepoint] Total time for which application threads were stopped: 0.0002383 seconds, Stopping threads took: 0.0000004 seconds
[26.541s][info][gc       ] [SPS 0.000 0.004 0.004 0.007 0.000 0.001 0.000 0.208 0.022 0.238 NewGC_pause1 26.540512 ]
[26.852s][info][safepoint] Application time: 0.3111489 seconds
[26.852s][info][safepoint] Total time for which application threads were stopped: 0.0001231 seconds, Stopping threads took: 0.0000004 seconds
[26.853s][info][gc       ] [SPS 0.000 0.001 0.000 0.006 0.000 0.001 0.000 0.097 0.019 0.123 NewGC_pause2 26.851784 ]
[26.854s][info][safepoint] Application time: 0.0017599 seconds
[26.854s][info][safepoint] Total time for which application threads were stopped: 0.0000561 seconds, Stopping threads took: 0.0000004 seconds
[26.854s][info][gc       ] [SPS 0.000 0.000 0.000 0.005 0.000 0.001 0.000 0.038 0.012 0.056 NewGC_pause3 26.853600 ]
[26.855s][info][safepoint] Application time: 0.0010671 seconds
[26.855s][info][safepoint] Total time for which application threads were stopped: 0.0000689 seconds, Stopping threads took: 0.0000004 seconds
[26.855s][info][gc       ] [GC New Max 72-65 : 6356 4850 4210 6356 - - 979 20 2 2 - : 2102 1788 28 292 2742 : 2092 11 646 646 0 : 0 1 766 0 917 - 134 : 0.162246 6064.9 0.0 0.316638 4888.9 0.0 : 3 --c 0000 : 23 0 0.000 0.000 0 0.000 0.000 0 0.000 0.000 : 26.538399 26.540274 0.000175 26.851661 0.000040 26.853544 0.000040 26.854667 0.000050 : 26.855037 ]
[26.855s][info][gc       ] [SYSINFO 8425 195 63 0 7879 0 16 0 0 6942 : - - - - - - - - : 0 7168 : 3.27 2.72 1.93 : 271935 4216448 : 0 0 : 11 0 : 2445 2 0 267 : - 8532213760 583921664 1059856384 7200940032 203833344 66772992 : 139899904 24395670 489310 0 0 0 : 26.855275 ]
[26.855s][info][gc       ] [HUGEPAGESTAT 0 0 0 - 83087 0 0 : 305152 0 0 : 26.855275 ]
[26.855s][info][gc       ] [OBJCREAT 71778622 24954 3491840 : 26.855312 ]
[26.855s][info][gc       ] [HMSV All : 0 0 30 0 0 0 0 0 : 6134 0 0 0 : 26.855325 ]
[26.855s][info][gc       ] [HMSP 60 : 51112 0 : 26.855325 ]
[26.855s][info][gc       ] [SPS 0.000 0.003 0.002 0.005 0.000 0.001 0.000 0.049 0.014 0.069 NewGC_pause4 26.854736 ]
[26.856s][info][gc       ] [VMAC 65530 170 24 492 686 : 26.855833 ]
[26.977s][info][gc       ] [GPGC-H  3486.6 528.9 13.1 0.0 : 1380.3 : 0.000 0.000 : 0.000 0.000 0.608 1.775 : 0.000 0.000 0.000 0.000 1.520 0.528 : 0.000 : 78.521 : 2542 1788 28 0 : 2293 : 5720 5428 : 26.977206 : 9 Next_heuristic_check_may_be_too_late ]
[26.981s][info][safepoint] Application time: 0.1263125 seconds
[26.982s][info][safepoint] Total time for which application threads were stopped: 0.0003758 seconds, Stopping threads took: 0.0000004 seconds
[26.982s][info][gc       ] [SPS 0.000 0.004 0.003 0.006 0.000 0.001 0.000 0.325 0.043 0.376 NewGC_pause1 26.981425 ]
[27.615s][info][safepoint] Application time: 0.6338441 seconds
[27.616s][info][safepoint] Total time for which application threads were stopped: 0.0001523 seconds, Stopping threads took: 0.0000004 seconds
[27.616s][info][gc       ] [SPS 0.000 0.001 0.000 0.005 0.000 0.001 0.000 0.131 0.016 0.152 NewGC_pause2 27.615421 ]
[27.617s][info][safepoint] Application time: 0.0011287 seconds
[27.617s][info][safepoint] Total time for which application threads were stopped: 0.0000531 seconds, Stopping threads took: 0.0000004 seconds
[27.617s][info][gc       ] [SPS 0.000 0.000 0.000 0.006 0.000 0.001 0.000 0.033 0.013 0.053 NewGC_pause3 27.616603 ]
[27.632s][info][safepoint] Application time: 0.0150770 seconds
[27.632s][info][safepoint] Total time for which application threads were stopped: 0.0000717 seconds, Stopping threads took: 0.0000004 seconds
[27.632s][info][gc       ] [SPS 0.000 0.004 0.003 0.006 0.000 0.001 0.000 0.047 0.018 0.072 NewGC_pause4 27.631752 ]
[27.743s][info][gc       ] [GC New Max 73-66 : 6356 6032 5752 6356 - - 979 20 2 2 - : 3644 1788 28 292 3924 : 3134 9 782 782 97 : 0 289 686 0 1767 - 55 : 0.122705 3585.8 0.0 0.765310 2331.1 0.0 : 3 --c 0000 : 23 5812 0.000 0.000 0 0.000 0.000 5812 0.000 0.000 : 26.977742 26.981049 0.000291 27.615269 0.000129 27.616550 0.000036 27.631680 0.000045 : 27.743052 ]
[27.743s][info][gc       ] [SYSINFO 8425 195 63 0 7879 0 16 0 0 6942 : - - - - - - - - : 0 7168 : 3.09 2.69 1.92 : 271935 4216448 : 0 0 : 11 0 : 2445 2 0 267 : - 8532213760 583921664 1059856384 7200940032 203833344 66772992 : 139899904 24398820 489410 0 0 0 : 27.743312 ]
[27.743s][info][gc       ] [HUGEPAGESTAT 0 0 0 - 83087 0 0 : 305152 0 0 : 27.743312 ]
[27.743s][info][gc       ] [OBJCREAT 73984978 24954 3491840 : 27.743360 ]
[27.743s][info][gc       ] [HMSV All : 0 0 30 0 0 0 0 0 : 6134 0 0 0 : 27.743378 ]
[27.743s][info][gc       ] [HMSP 60 : 51112 0 : 27.743378 ]
[27.744s][info][gc       ] [GPGC-H  3775.9 474.4 11.7 0.0 : 1237.9 : 0.000 0.000 : 0.000 0.000 0.765 1.775 : 0.000 0.000 0.000 0.000 1.520 0.528 : 0.000 : 86.182 : 3648 1788 28 0 : 2293 : 5720 5428 : 27.744440 : 3 Heap_use_exceeded_committed ]
[27.744s][info][gc       ] [VMAC 65530 170 24 492 686 : 27.743893 ]
[27.753s][info][safepoint] Application time: 0.1204415 seconds
[27.753s][info][safepoint] Total time for which application threads were stopped: 0.0003419 seconds, Stopping threads took: 0.0000005 seconds
[27.753s][info][gc       ] [SPS 0.000 0.001 0.007 0.007 0.000 0.001 0.000 0.284 0.049 0.342 NewGC_pause1 27.752535 ]
[28.361s][info][safepoint] Application time: 0.6080075 seconds
[28.361s][info][safepoint] Total time for which application threads were stopped: 0.0001176 seconds, Stopping threads took: 0.0000005 seconds
[28.362s][info][gc       ] [SPS 0.000 0.001 0.000 0.005 0.000 0.001 0.000 0.093 0.018 0.118 NewGC_pause2 28.360661 ]
[28.363s][info][safepoint] Application time: 0.0021167 seconds
[28.363s][info][safepoint] Total time for which application threads were stopped: 0.0001421 seconds, Stopping threads took: 0.0000045 seconds
[28.363s][info][gc       ] [SPS 0.000 0.000 0.000 0.010 0.004 0.001 0.000 0.097 0.029 0.142 NewGC_pause3 28.362919 ]
[28.365s][info][safepoint] Application time: 0.0021445 seconds
[28.365s][info][safepoint] Total time for which application threads were stopped: 0.0000689 seconds, Stopping threads took: 0.0000005 seconds
[28.365s][info][gc       ] [SPS 0.000 0.344 0.004 0.007 0.000 0.001 0.000 0.045 0.015 0.069 NewGC_pause4 28.365133 ]
[28.366s][info][gc       ] [GC NTO Max 74-67 : 6356 6126 4336 6356 - - 979 20 2 2 - : 2228 1788 28 292 4018 : 2115 8 1896 1896 0 : 0 2 174 0 1059 - 55 : 0.001850 3243.5 0.0 0.620989 608.7 0.0 : 3 --c 0000 : 23 8833 0.000 0.000 0 0.000 0.000 8833 0.000 0.000 : 27.744902 27.752193 0.000231 28.360543 0.000093 28.362777 0.000109 28.365064 0.000049 : 28.365891 ]
[28.366s][info][gc       ] [SYSINFO 8425 195 63 0 7879 0 16 0 0 6942 : - - - - - - - - : 0 7168 : 3.09 2.69 1.92 : 271935 4216448 : 0 0 : 11 0 : 2445 3 0 267 : - 8532213760 583921664 1059856384 7200940032 203833344 66772992 : 139899904 24400990 489450 0 0 0 : 28.366131 ]
[28.366s][info][gc       ] [HUGEPAGESTAT 0 0 0 - 83087 0 0 : 305152 0 0 : 28.366131 ]
[28.366s][info][gc       ] [OBJCREAT 74374614 25026 3491840 : 28.366180 ]
[28.366s][info][gc       ] [HMSV All : 0 0 30 0 0 0 0 0 : 6134 0 0 0 : 28.366197 ]
[28.366s][info][gc       ] [HMSP 60 : 51112 0 : 28.366197 ]
[28.367s][info][gc       ] [GPGC-H  3717.5 474.4 11.7 0.0 : 1237.9 : 0.000 0.000 : 0.000 0.000 0.761 1.775 : 0.000 0.000 0.000 0.000 1.520 0.528 : 0.000 : 99.703 : 2228 1788 28 0 : 2293 : 5720 5428 : 28.366553 : 8 May_exceed_heap_occupancy_target ]
[28.367s][info][gc       ] [VMAC 65530 170 24 492 686 : 28.366751 ]
[28.367s][info][safepoint] Application time: 0.0010435 seconds
[28.367s][info][safepoint] Total time for which application threads were stopped: 0.0006003 seconds, Stopping threads took: 0.0000004 seconds
[28.367s][info][gc       ] [SPS 0.000 0.000 0.000 0.006 0.000 0.001 0.000 0.568 0.025 0.600 OldGC_pause2 28.366777 ]
[28.370s][info][safepoint] Application time: 0.0027452 seconds
[28.370s][info][safepoint] Total time for which application threads were stopped: 0.0000650 seconds, Stopping threads took: 0.0000004 seconds
[28.370s][info][gc       ] [SPS 0.000 0.000 0.000 0.006 0.000 0.001 0.000 0.044 0.013 0.065 OldGC_pause3 28.369587 ]
[28.375s][info][safepoint] Application time: 0.0055498 seconds
[28.375s][info][safepoint] Total time for which application threads were stopped: 0.0001045 seconds, Stopping threads took: 0.0000005 seconds
[28.375s][info][gc       ] [SPS 0.000 1.034 0.002 0.006 0.000 0.001 0.000 0.083 0.014 0.104 NewGC_pause1 28.375241 ]
[28.980s][info][safepoint] Application time: 0.6043885 seconds
[28.980s][info][safepoint] Total time for which application threads were stopped: 0.0001405 seconds, Stopping threads took: 0.0000005 seconds
[28.980s][info][gc       ] [SPS 0.000 0.001 0.000 0.007 0.000 0.001 0.000 0.111 0.022 0.141 NewGC_pause2 28.979771 ]
[28.981s][info][safepoint] Application time: 0.0010440 seconds
[28.981s][info][safepoint] Total time for which application threads were stopped: 0.0000558 seconds, Stopping threads took: 0.0000004 seconds
[28.981s][info][gc       ] [SPS 0.000 0.000 0.000 0.005 0.000 0.001 0.000 0.035 0.014 0.056 NewGC_pause3 28.980871 ]
[28.996s][info][safepoint] Application time: 0.0148842 seconds
[28.996s][info][safepoint] Total time for which application threads were stopped: 0.0000688 seconds, Stopping threads took: 0.0000004 seconds
[28.996s][info][gc       ] [SPS 0.000 0.003 0.003 0.006 0.000 0.001 0.000 0.047 0.014 0.069 NewGC_pause4 28.995824 ]
[29.115s][info][gc       ] [GC New Max 76-68 : 6356 5948 5856 6356 - - 979 20 2 2 - : 3748 1788 28 292 3840 : 3353 6 481 481 0 : 0 272 793 0 1819 - 55 : 0.005895 2714.1 0.0 0.742927 2611.3 0.0 : 3 --c 0000 : 23 4289 0.000 0.000 0 0.000 0.000 4289 0.000 0.000 : 28.371786 28.375137 0.000086 28.979630 0.000046 28.980815 0.000038 28.995755 0.000050 : 29.114713 ]
[29.115s][info][gc       ] [SYSINFO 8425 195 63 0 7879 0 16 0 0 6942 : - - - - - - - - : 0 7168 : 3.09 2.69 1.92 : 271935 4216448 : 0 0 : 11 0 : 2445 2 0 267 : - 8532348928 583921664 1059991552 7200940032 203833344 66772992 : 139899904 24403910 489630 0 0 0 : 29.114970 ]
[29.115s][info][gc       ] [HUGEPAGESTAT 0 0 0 - 83087 0 0 : 305152 0 0 : 29.114970 ]
[29.115s][info][gc       ] [OBJCREAT 76322281 25026 3491840 : 29.115022 ]
[29.115s][info][gc       ] [HMSV All : 0 0 30 0 0 0 0 0 : 6134 0 0 0 : 29.115038 ]
[29.115s][info][gc       ] [HMSP 60 : 51112 0 : 29.115038 ]
[29.116s][info][gc       ] [GPGC-H  3764.5 474.4 11.7 0.0 : 1237.9 : 0.000 0.000 : 0.000 0.000 0.760 1.775 : 0.000 0.000 0.000 0.000 1.520 0.528 : 0.000 : 99.880 : 3752 1788 28 0 : 2274 : 5720 5428 : 29.115920 : 3 Heap_use_exceeded_committed ]
[29.116s][info][gc       ] [VMAC 65530 170 24 492 686 : 29.115628 ]
[29.117s][info][safepoint] Application time: 0.1214915 seconds
[29.118s][info][safepoint] Total time for which application threads were stopped: 0.0000674 seconds, Stopping threads took: 0.0000004 seconds
[29.118s][info][gc       ] [SPS 0.000 0.002 0.003 0.007 0.000 0.001 0.000 0.045 0.014 0.067 OldGC_pause4 29.117383 ]
[29.118s][info][gc       ] [GC Old Max 75-8 : 6356 6126 4086 6356 - - 979 20 2 2 - : 3758 8 28 292 1820 : 26 7 1783 1783 0 : 0 4 0 0 18 - 0 : 8.017765 0.0 0.2 1.371067 0.0 0.0 : 1 --c 0000 : 23   -    -    -    -    -    -    -    -    -  : 27.746700 27.752193 0.000231 28.366176 0.000570 28.369522 0.000047 29.117315 0.000049 : 29.117767 ]
[29.118s][info][gc       ] [SYSINFO 8425 195 63 0 7879 0 16 0 0 6942 : - - - - - - - - : 0 7168 : 3.09 2.69 1.92 : 271935 4216448 : 0 0 : 11 0 : 2445 2 0 267 : - 8532348928 583921664 1059991552 7200940032 203833344 66772992 : 139899904 24403910 489630 0 0 0 : 29.117937 ]
[29.118s][info][gc       ] [HUGEPAGESTAT 0 0 0 - 83087 0 0 : 305152 0 0 : 29.117937 ]
[29.118s][info][gc       ] [OBJCREAT 76330211 25026 3491840 : 29.117976 ]
[29.118s][info][gc       ] [HMSV All : 0 0 30 0 0 0 0 0 : 6134 0 0 0 : 29.117990 ]
[29.118s][info][gc       ] [HMSP 60 : 51112 0 : 29.117990 ]
[29.118s][info][gc       ] [COMPSTATS 1 : 5 0 : 2 0 : 0 0 : 514 5 0 0 0 0 : 0 0 0 0 0 0 : 130 131 15 : 519 0 0 0 0 0 0 : 519 0 0 0 0 0 0 ]
[29.118s][info][gc       ] [COMPSTATS 2 : 5 0 : 1 0 : 0 0 : 127 11 0 0 0 0 : 0 0 0 0 0 0 : 48868 48972 9410 : 67 45 26 0 0 0 0 : 31 85 17 4 1 0 0 ]
[29.118s][info][gc       ] [DEOPTSTATS 1 : 1 0 : 0 0 : 0 0 : 0 0 : 0 12 : 0 0 : 0 0 : 0 0 : 0 0 : 0 0 : 0 0 : 0 0 : 0 0 : 0 0 : 0 0 : 0 0 : 0 0 : 0 0 : 0 0 : 0 0 : 0 0 : 0 0 : 0 0 : 0 0 : 0 0 : 0 0 : 0 0 : 0 0 : 0 0 : 0 0 : 6 0 : 0 0 : 0 0 : 0 0 : 0 0 : 0 0 : 0 0 : 0 0 : 0 0 : 0 0 : 0 0 : 0 0 ]
[29.118s][info][gc       ] [DEOPTSTATS 2 : 0 0 : 0 0 : 0 0 : 0 0 : 0 0 : 0 0 : 0 11 : 0 0 : 0 0 : 0 0 : 0 0 : 0 0 : 0 0 : 0 0 : 0 0 : 0 0 : 0 0 : 0 0 : 0 0 : 0 0 : 0 0 : 0 0 : 0 0 : 0 0 : 0 0 : 0 0 : 0 0 : 0 0 : 0 0 : 0 0 : 5 0 : 0 0 : 0 0 : 0 0 : 0 1 : 0 0 : 0 0 : 0 0 : 0 0 : 0 3 : 0 0 : 0 0 ]
[29.118s][info][gc       ] [VMAC 65530 170 24 492 686 : 29.118436 ]
[29.119s][info][gc       ] [CCF 0 0 0 0 32 181248: 3061248 : 380 196608 : 3 49152 : 317 311808 :  507 625152 : 118 414720 : 0 0 : 15 1228800 : 1 2048]
[29.124s][info][safepoint] Application time: 0.0064924 seconds
[29.124s][info][safepoint] Total time for which application threads were stopped: 0.0001145 seconds, Stopping threads took: 0.0000004 seconds
[29.124s][info][gc       ] [SPS 0.000 0.002 0.002 0.006 0.000 0.001 0.000 0.093 0.014 0.114 NewGC_pause1 29.123990 ]
[29.669s][info][safepoint] Application time: 0.5446968 seconds
[29.669s][info][safepoint] Total time for which application threads were stopped: 0.0001247 seconds, Stopping threads took: 0.0000004 seconds
[29.669s][info][gc       ] [SPS 0.000 0.007 0.000 0.006 0.000 0.001 0.000 0.105 0.013 0.125 NewGC_pause2 29.668811 ]
[29.670s][info][safepoint] Application time: 0.0011555 seconds
[29.670s][info][safepoint] Total time for which application threads were stopped: 0.0000435 seconds, Stopping threads took: 0.0000004 seconds
[29.670s][info][gc       ] [SPSH lock suspend gclocker notify wait resuspend cleanup op_time wakeup total(ms) op_name end(s) ]
[29.670s][info][gc       ] [SPS 0.000 0.000 0.000 0.005 0.000 0.001 0.000 0.034 0.003 0.043 NewGC_pause3 29.670010 ]
[29.685s][info][safepoint] Application time: 0.0153977 seconds
[29.686s][info][safepoint] Total time for which application threads were stopped: 0.0000762 seconds, Stopping threads took: 0.0000004 seconds
[29.686s][info][gc       ] [SPS 0.000 0.004 0.003 0.006 0.000 0.001 0.000 0.050 0.019 0.076 NewGC_pause4 29.685484 ]
[30.065s][info][gc       ] [GC New Max 77-69 : 6356 5884 5298 6356 - - 979 20 2 2 - : 4230 748 28 292 5556 : 3552 8 1997 1997 28 : 370 0 890 0 2115 - 0 : 0.005700 3157.6 0.0 0.944392 3348.2 0.0 : 3 --c 0000 : 23 1231 0.000 0.000 0 0.000 0.000 1231 0.000 0.000 : 29.120413 29.123875 0.000097 29.668687 0.000108 29.669967 0.000036 29.685408 0.000054 : 30.064805 ]
[30.065s][info][gc       ] [SYSINFO 8425 195 63 0 7879 0 16 0 0 6942 : - - - - - - - - : 0 7168 : 3.09 2.69 1.92 : 271935 4216448 : 0 0 : 11 0 : 2445 2 0 267 : - 8532348928 583921664 1059991552 7200940032 203833344 66772992 : 139899904 24407290 489830 0 0 0 : 30.065069 ]
[30.065s][info][gc       ] [HUGEPAGESTAT 0 0 0 - 83087 0 0 : 305152 0 0 : 30.065069 ]
[30.065s][info][gc       ] [OBJCREAT 79474140 25026 4083712 : 30.065117 ]
[30.065s][info][gc       ] [HMSV All : 0 0 30 0 0 0 0 0 : 6134 0 0 0 : 30.065140 ]
[30.065s][info][gc       ] [HMSP 60 : 51112 0 : 30.065140 ]
[30.066s][info][gc       ] [GPGC-H  3753.5 451.4 10.5 0.0 : 1237.9 : 0.000 0.000 : 0.000 0.000 0.758 1.633 : 0.000 0.000 0.000 0.000 1.847 0.528 : 0.000 : 99.877 : 4234 748 28 0 : 2274 : 5720 5428 : 30.066045 : 8 May_exceed_heap_occupancy_target ]
[30.066s][info][gc       ] [VMAC 65530 170 24 492 686 : 30.065695 ]
[30.072s][info][safepoint] Application time: 0.3862187 seconds
[30.072s][info][safepoint] Total time for which application threads were stopped: 0.0002919 seconds, Stopping threads took: 0.0000004 seconds
[30.073s][info][gc       ] [SPS 0.000 0.001 0.006 0.007 0.000 0.001 0.000 0.242 0.041 0.292 NewGC_pause1 30.071995 ]
[30.396s][info][gc       ] [DEOPTSTATS 1 : 1 0 : 0 0 : 0 0 : 0 0 : 0 12 : 0 0 : 0 0 : 0 0 : 0 0 : 0 0 : 0 0 : 0 0 : 0 0 : 0 0 : 0 0 : 0 0 : 0 0 : 0 0 : 0 0 : 0 0 : 0 0 : 0 0 : 0 0 : 0 0 : 0 0 : 0 0 : 0 0 : 0 0 : 0 0 : 0 0 : 6 0 : 0 0 : 0 0 : 0 0 : 0 0 : 0 0 : 0 0 : 0 0 : 0 0 : 0 0 : 0 0 : 0 0 ]
[30.396s][info][gc       ] [DEOPTSTATS 2 : 0 0 : 0 0 : 0 0 : 0 0 : 0 0 : 0 0 : 0 11 : 0 0 : 0 0 : 0 0 : 0 0 : 0 0 : 0 0 : 0 0 : 0 0 : 0 0 : 0 0 : 0 0 : 0 0 : 0 0 : 0 0 : 0 0 : 0 0 : 0 0 : 0 0 : 0 0 : 0 0 : 0 0 : 0 0 : 0 0 : 5 0 : 0 0 : 0 0 : 0 0 : 0 1 : 0 0 : 0 0 : 0 0 : 0 0 : 0 3 : 0 0 : 0 0 ]
[30.598s][info][safepoint] Application time: 0.5263407 seconds
[30.599s][info][safepoint] Total time for which application threads were stopped: 0.0000655 seconds, Stopping threads took: 0.0000004 seconds
[30.599s][info][gc       ] [SPS 0.000 0.001 0.000 0.006 0.000 0.001 0.000 0.042 0.016 0.065 NewGC_pause2 30.598402 ]
[30.600s][info][safepoint] Application time: 0.0014774 seconds
[30.600s][info][safepoint] Total time for which application threads were stopped: 0.0000642 seconds, Stopping threads took: 0.0000004 seconds
[30.600s][info][gc       ] [SPS 0.000 0.000 0.000 0.007 0.000 0.001 0.000 0.041 0.015 0.064 NewGC_pause3 30.599943 ]
[30.604s][info][safepoint] Application time: 0.0027548 seconds
[30.616s][info][safepoint] Total time for which application threads were stopped: 0.0009410 seconds, Stopping threads took: 0.0000005 seconds
[30.617s][info][gc       ] [SPS 0.000 0.001 0.000 0.007 0.000 0.001 0.000 0.894 0.038 0.941 OldGC_pause2 30.603639 ]
[30.617s][info][safepoint] Application time: 0.0133659 seconds
[30.617s][info][safepoint] Total time for which application threads were stopped: 0.0001417 seconds, Stopping threads took: 0.0000004 seconds
[30.618s][info][gc       ] [SPS 0.000 0.001 0.000 0.006 0.000 0.001 0.000 0.099 0.035 0.142 OldGC_pause3 30.617147 ]
[30.622s][info][safepoint] Application time: 0.0045330 seconds
[30.622s][info][safepoint] Total time for which application threads were stopped: 0.0000642 seconds, Stopping threads took: 0.0000004 seconds
[30.622s][info][gc       ] [SPS 0.000 3.384 0.003 0.006 0.000 0.001 0.000 0.043 0.013 0.064 NewGC_pause4 30.621744 ]
[30.878s][info][gc       ] [GC NTO Max 78-70 : 6356 6054 3846 6356 - - 979 20 2 2 - : 2168 1356 30 292 4984 : 1777 5 3204 3204 2 : 304 0 365 0 1084 - 0 : 0.001657 3620.9 0.0 0.811136 2145.1 2.5 : 3 --c 0000 : 23 6663 0.000 0.000 0 0.000 0.000 6663 0.000 0.000 : 30.066462 30.071703 0.000211 30.598336 0.000045 30.599879 0.000044 30.621680 0.000046 : 30.877598 ]
[30.878s][info][gc       ] [SYSINFO 8425 195 63 0 7879 0 16 0 0 6942 : - - - - - - - - : 0 7168 : 3.09 2.69 1.92 : 271935 4216448 : 0 0 : 11 0 : 2445 3 0 267 : - 8532348928 583921664 1059991552 7200940032 203833344 66772992 : 139899904 24410740 489840 0 0 0 : 30.877861 ]
[30.878s][info][gc       ] [HUGEPAGESTAT 0 0 0 - 83087 0 0 : 305152 0 0 : 30.877861 ]
[30.878s][info][gc       ] [OBJCREAT 81209107 25026 4706304 : 30.877912 ]
[30.878s][info][gc       ] [HMSV All : 0 0 30 0 0 0 0 0 : 6134 0 0 0 : 30.877930 ]
[30.878s][info][gc       ] [HMSP 60 : 51112 0 : 30.877930 ]
[30.879s][info][gc       ] [GPGC-H  3738.7 451.4 10.5 0.0 : 1237.9 : 0.000 0.000 : 0.000 0.000 0.756 1.633 : 0.000 0.000 0.000 0.000 2.175 0.528 : 0.000 : 99.874 : 2172 1356 30 0 : 2274 : 5720 5428 : 30.879028 : 8 May_exceed_heap_occupancy_target ]
[30.879s][info][gc       ] [VMAC 65530 170 24 492 686 : 30.878507 ]
[30.884s][info][safepoint] Application time: 0.2624279 seconds
[30.885s][info][safepoint] Total time for which application threads were stopped: 0.0002018 seconds, Stopping threads took: 0.0000005 seconds
[30.885s][info][gc       ] [SPS 0.000 0.003 0.004 0.018 0.001 0.001 0.000 0.137 0.046 0.202 OldGC_pause4 30.884374 ]
[30.888s][info][safepoint] Application time: 0.0037738 seconds
[30.889s][info][safepoint] Total time for which application threads were stopped: 0.0002079 seconds, Stopping threads took: 0.0000005 seconds
[30.889s][info][gc       ] [SPS 0.000 0.991 0.004 0.007 0.000 0.001 0.000 0.184 0.015 0.207 NewGC_pause1 30.888356 ]
[31.032s][info][gc       ] [GC Old Max 79-9 : 6356 6054 4360 6356 - - 979 20 2 2 - : 2694 1346 28 292 1390 : 1367 10 5 5 0 : 0 7 305 0 632 - 55 : 0.950242 608.3 0.0 0.963519 631.0 2.1 : 1 --c 0000 : 23   -    -    -    -    -    -    -    -    -  : 30.068010 30.071703 0.000211 30.602698 0.000830 30.617005 0.000058 30.884172 0.000077 : 31.031529 ]
[31.032s][info][gc       ] [SYSINFO 8425 195 63 0 7879 0 16 0 0 6942 : - - - - - - - - : 0 7168 : 3.09 2.69 1.92 : 271935 4216448 : 0 0 : 11 0 : 2445 5 0 267 : - 8532348928 583921664 1059991552 7200940032 203833344 66772992 : 139899904 24411350 489850 0 0 0 : 31.031775 ]
[31.032s][info][gc       ] [HUGEPAGESTAT 0 0 0 - 83087 0 0 : 305152 0 0 : 31.031775 ]
[31.032s][info][gc       ] [OBJCREAT 81731356 25026 4706304 : 31.031825 ]
[31.032s][info][gc       ] [HMSV All : 0 0 30 0 0 0 0 0 : 6134 0 0 0 : 31.031847 ]
[31.032s][info][gc       ] [HMSP 60 : 51112 0 : 31.031847 ]
[31.032s][info][gc       ] [COMPSTATS 1 : 5 0 : 1 0 : 0 0 : 515 5 0 0 0 0 : 0 0 0 0 0 0 : 130 132 15 : 520 0 0 0 0 0 0 : 520 0 0 0 0 0 0 ]
[31.032s][info][gc       ] [COMPSTATS 2 : 5 0 : 1 0 : 0 0 : 128 11 0 0 0 0 : 0 0 0 0 0 0 : 48884 48989 9410 : 68 45 26 0 0 0 0 : 31 86 17 4 1 0 0 ]
[31.032s][info][gc       ] [DEOPTSTATS 1 : 1 0 : 0 0 : 0 0 : 0 0 : 0 12 : 0 0 : 0 0 : 0 0 : 0 0 : 0 0 : 0 0 : 0 0 : 0 0 : 0 0 : 0 0 : 0 0 : 0 0 : 0 0 : 0 0 : 0 0 : 0 0 : 0 0 : 0 0 : 0 0 : 0 0 : 0 0 : 0 0 : 0 0 : 0 0 : 0 0 : 6 0 : 0 0 : 0 0 : 0 0 : 0 0 : 0 0 : 0 0 : 0 0 : 0 0 : 0 0 : 0 0 : 0 0 ]
[31.032s][info][gc       ] [DEOPTSTATS 2 : 0 0 : 0 0 : 0 0 : 0 0 : 0 0 : 0 0 : 0 11 : 0 0 : 0 0 : 0 0 : 0 0 : 0 0 : 0 0 : 0 0 : 0 0 : 0 0 : 0 0 : 0 0 : 0 0 : 0 0 : 0 0 : 0 0 : 0 0 : 0 0 : 0 0 : 0 0 : 0 0 : 0 0 : 0 0 : 0 0 : 5 0 : 0 0 : 0 0 : 0 0 : 0 1 : 0 0 : 0 0 : 0 0 : 0 0 : 0 3 : 0 0 : 0 0 ]
[31.032s][info][gc       ] [VMAC 65530 170 24 492 686 : 31.032424 ]
[31.033s][info][gc       ] [CCF 0 0 0 0 32 181248: 3062784 : 380 196608 : 3 49152 : 317 311808 :  508 625664 : 119 415744 : 0 0 : 15 1228800 : 1 2048]
[31.208s][info][safepoint] Application time: 0.3190699 seconds
[31.208s][info][safepoint] Total time for which application threads were stopped: 0.0001095 seconds, Stopping threads took: 0.0000005 seconds
[31.209s][info][gc       ] [SPS 0.000 0.001 0.000 0.008 0.000 0.001 0.000 0.069 0.031 0.110 NewGC_pause2 31.207536 ]
[31.210s][info][safepoint] Application time: 0.0022441 seconds
[31.210s][info][safepoint] Total time for which application threads were stopped: 0.0000604 seconds, Stopping threads took: 0.0000005 seconds
[31.210s][info][gc       ] [SPS 0.000 0.000 0.000 0.007 0.000 0.001 0.000 0.039 0.013 0.060 NewGC_pause3 31.209840 ]
[31.226s][info][safepoint] Application time: 0.0160257 seconds
[31.226s][info][safepoint] Total time for which application threads were stopped: 0.0000827 seconds, Stopping threads took: 0.0000004 seconds
[31.226s][info][gc       ] [SPS 0.000 0.004 0.009 0.007 0.000 0.001 0.000 0.058 0.016 0.082 NewGC_pause4 31.225949 ]
[31.393s][info][gc       ] [GC New Max 80-71 : 6356 4860 3688 6356 - - 979 20 2 2 - : 1648 1720 28 292 3194 : 1437 4 1757 1757 0 : 187 0 498 0 824 - 0 : 0.005243 3433.0 0.0 0.509728 3115.4 0.0 : 3 --c 0000 : 23 0 0.000 0.000 0 0.000 0.000 0 0.000 0.000 : 30.882841 30.888148 0.000189 31.207426 0.000054 31.209780 0.000044 31.225866 0.000062 : 31.392569 ]
[31.393s][info][gc       ] [SYSINFO 8425 195 63 0 7879 0 16 0 0 6942 : - - - - - - - - : 0 7168 : 3.09 2.69 1.92 : 271935 4216448 : 0 0 : 11 0 : 2445 2 0 267 : - 8532348928 583921664 1059991552 7200940032 203833344 66772992 : 139899904 24412760 489860 0 0 0 : 31.392873 ]
[31.393s][info][gc       ] [HUGEPAGESTAT 0 0 0 - 83087 0 0 : 305152 0 0 : 31.392873 ]
[31.393s][info][gc       ] [OBJCREAT 82803745 25026 5036032 : 31.392936 ]
[31.393s][info][gc       ] [HMSV All : 0 0 30 0 0 0 0 0 : 6134 0 0 0 : 31.392956 ]
[31.393s][info][gc       ] [HMSP 60 : 51112 0 : 31.392956 ]
[31.394s][info][gc       ] [VMAC 65530 170 24 492 686 : 31.393613 ]
[31.515s][info][gc       ] [GPGC-H  3738.7 451.4 10.5 0.0 : 1237.9 : 0.000 0.000 : 0.000 0.000 0.748 1.576 : 0.000 0.000 0.000 0.000 2.171 0.528 : 0.000 : 99.867 : 2072 1720 28 0 : 2274 : 5720 5428 : 31.514940 : 8 May_exceed_heap_occupancy_target ]
[31.521s][info][safepoint] Application time: 0.2948830 seconds
[31.522s][info][safepoint] Total time for which application threads were stopped: 0.0005071 seconds, Stopping threads took: 0.0000004 seconds
[31.522s][info][gc       ] [SPS 0.000 0.001 0.003 0.006 0.000 0.001 0.000 0.472 0.028 0.507 NewGC_pause1 31.521339 ]
[31.704s][info][safepoint] Application time: 0.1822085 seconds
[31.704s][info][safepoint] Total time for which application threads were stopped: 0.0001778 seconds, Stopping threads took: 0.0000004 seconds
[31.705s][info][gc       ] [SPS 0.001 0.001 0.000 0.007 0.000 0.001 0.000 0.139 0.031 0.178 NewGC_pause2 31.703725 ]
[31.706s][info][safepoint] Application time: 0.0018742 seconds
[31.706s][info][safepoint] Total time for which application threads were stopped: 0.0000700 seconds, Stopping threads took: 0.0000005 seconds
[31.706s][info][gc       ] [SPS 0.000 0.000 0.000 0.007 0.000 0.008 0.000 0.040 0.014 0.070 NewGC_pause3 31.705669 ]
[31.715s][info][safepoint] Application time: 0.0089658 seconds
[31.715s][info][safepoint] Total time for which application threads were stopped: 0.0003299 seconds, Stopping threads took: 0.0002381 seconds
[31.715s][info][gc       ] [SPS 0.000 0.027 0.010 0.005 0.238 0.001 0.000 0.068 0.017 0.330 NewGC_pause4 31.714965 ]
[31.774s][info][gc       ] [GC NTO Max 81-72 : 6356 4738 2936 6356 - - 984 20 2 2 - : 822 1794 28 292 2698 : 679 4 2016 2016 0 : 37 1 304 0 411 - 0 : 0.122828 3468.3 0.0 0.258232 3237.4 0.0 : 3 --c 0000 : 23 0 0.000 0.000 0 0.000 0.000 0 0.000 0.000 : 31.515398 31.520832 0.000383 31.703548 0.000048 31.705599 0.000051 31.714636 0.000309 : 31.773630 ]
[31.774s][info][gc       ] [SYSINFO 8430 195 63 0 7883 0 16 0 0 6942 : - - - - - - - - : 0 7168 : 3.09 2.69 1.92 : 271935 4216448 : 0 0 : 11 0 : 2445 3 0 267 : - 8537620480 583921664 1065263104 7200940032 203833344 66772992 : 139899904 24414130 489880 0 0 0 : 31.773885 ]
[31.774s][info][gc       ] [HUGEPAGESTAT 0 0 0 - 83087 0 0 : 305152 0 0 : 31.773885 ]
[31.774s][info][gc       ] [OBJCREAT 84052876 25091 5111808 : 31.773945 ]
[31.774s][info][gc       ] [HMSV All : 0 0 30 0 0 0 0 0 : 6134 0 0 0 : 31.773966 ]
[31.774s][info][gc       ] [HMSP 60 : 51112 0 : 31.773966 ]
[31.775s][info][gc       ] [VMAC 65530 170 24 492 686 : 31.774524 ]
[31.976s][info][gc       ] [GPGC-H  3738.7 451.4 10.5 0.0 : 1237.9 : 0.000 0.000 : 0.000 0.000 0.738 1.576 : 0.000 0.000 0.000 0.000 2.164 0.528 : 0.000 : 99.307 : 1516 1794 28 0 : 2274 : 5720 5428 : 31.976491 : 8 May_exceed_heap_occupancy_target ]
[31.980s][info][safepoint] Application time: 0.2643825 seconds
[31.980s][info][safepoint] Total time for which application threads were stopped: 0.0002235 seconds, Stopping threads took: 0.0000005 seconds
[31.980s][info][gc       ] [SPS 0.000 0.101 0.003 0.007 0.000 0.001 0.000 0.197 0.017 0.223 NewGC_pause1 31.979572 ]
[32.073s][info][safepoint] Application time: 0.0934773 seconds
[32.074s][info][safepoint] Total time for which application threads were stopped: 0.0002467 seconds, Stopping threads took: 0.0000005 seconds
[32.074s][info][gc       ] [SPS 0.000 0.001 0.000 0.008 0.001 0.005 0.001 0.203 0.029 0.246 NewGC_pause2 32.073296 ]
[32.075s][info][safepoint] Application time: 0.0018723 seconds
[32.076s][info][safepoint] Total time for which application threads were stopped: 0.0000937 seconds, Stopping threads took: 0.0000004 seconds
[32.076s][info][gc       ] [SPS 0.000 0.000 0.000 0.006 0.000 0.001 0.000 0.075 0.012 0.094 NewGC_pause3 32.075262 ]
[32.077s][info][safepoint] Application time: 0.0013420 seconds
[32.077s][info][safepoint] Total time for which application threads were stopped: 0.0000772 seconds, Stopping threads took: 0.0000005 seconds
[32.077s][info][gc       ] [SPS 0.000 0.024 0.002 0.007 0.000 0.001 0.000 0.050 0.019 0.077 NewGC_pause4 32.076681 ]
[32.077s][info][gc       ] [GC New Max 83-73 : 6356 3986 2468 6356 - - 984 20 2 2 - : 354 1794 28 292 1872 : 350 4 1522 1522 0 : 0 1 175 0 177 - 0 : 0.203361 3422.5 0.0 0.099883 3584.2 0.0 : 3 --c 0000 : 23 0 0.000 0.000 0 0.000 0.000 0 0.000 0.000 : 31.976991 31.979348 0.000201 32.073049 0.000150 32.075168 0.000079 32.076604 0.000055 : 32.076874 ]
[32.077s][info][gc       ] [SYSINFO 8430 195 63 0 7883 0 16 0 0 6942 : - - - - - - - - : 0 7168 : 3.00 2.68 1.92 : 271935 4216448 : 0 0 : 11 0 : 2445 3 0 267 : - 8537620480 583921664 1065263104 7200940032 203833344 66772992 : 139899904 24415000 489940 0 0 0 : 32.077112 ]
[32.077s][info][gc       ] [HUGEPAGESTAT 0 0 0 - 83087 0 0 : 305152 0 0 : 32.077112 ]
[32.077s][info][gc       ] [OBJCREAT 85094251 25091 5111808 : 32.077153 ]
[32.077s][info][gc       ] [HMSV All : 0 0 30 0 0 0 0 0 : 6134 0 0 0 : 32.077168 ]
[32.077s][info][gc       ] [HMSP 60 : 51112 0 : 32.077168 ]
[32.078s][info][gc       ] [VMAC 65530 170 24 492 686 : 32.077586 ]
[32.319s][info][gc       ] [GPGC-H  3738.7 499.2 9.6 0.0 : 1128.1 : 0.000 0.000 : 0.000 0.000 0.729 1.576 : 0.000 0.000 0.000 0.000 2.154 0.528 : 0.000 : 98.383 : 1186 1794 30 0 : 2274 : 5720 5428 : 32.319405 : 9 Next_heuristic_check_may_be_too_late ]
[32.322s][info][safepoint] Application time: 0.2454097 seconds
[32.323s][info][safepoint] Total time for which application threads were stopped: 0.0002091 seconds, Stopping threads took: 0.0000005 seconds
[32.323s][info][gc       ] [SPS 0.000 0.025 0.002 0.006 0.000 0.001 0.000 0.186 0.015 0.209 NewGC_pause1 32.322300 ]
[32.388s][info][safepoint] Application time: 0.0657838 seconds
[32.389s][info][safepoint] Total time for which application threads were stopped: 0.0001660 seconds, Stopping threads took: 0.0000004 seconds
[32.389s][info][gc       ] [SPS 0.000 0.001 0.000 0.007 0.000 0.001 0.000 0.120 0.038 0.166 NewGC_pause2 32.388250 ]
[32.390s][info][safepoint] Application time: 0.0016136 seconds
[32.390s][info][safepoint] Total time for which application threads were stopped: 0.0000766 seconds, Stopping threads took: 0.0000004 seconds
[32.390s][info][gc       ] [SPS 0.000 0.000 0.000 0.007 0.000 0.001 0.000 0.045 0.023 0.077 NewGC_pause3 32.389940 ]
[32.391s][info][safepoint] Application time: 0.0009367 seconds
[32.391s][info][safepoint] Total time for which application threads were stopped: 0.0001413 seconds, Stopping threads took: 0.0000004 seconds
[32.391s][info][gc       ] [SPS 0.000 0.023 0.002 0.006 0.000 0.001 0.000 0.110 0.024 0.141 NewGC_pause4 32.391018 ]
[32.391s][info][gc       ] [GC New Max 84-74 : 6356 3544 2358 6356 - - 984 20 2 2 - : 242 1794 30 292 1428 : 238 4 1189 1189 0 : 0 1 119 0 121 - 0 : 0.243097 3422.5 8.2 0.071210 3426.5 0.0 : 3 --c 0000 : 23 0 0.000 0.000 0 0.000 0.000 0 0.000 0.000 : 32.319971 32.322091 0.000191 32.388084 0.000050 32.389864 0.000049 32.390877 0.000050 : 32.391181 ]
[32.391s][info][gc       ] [SYSINFO 8430 195 63 0 7883 0 16 0 0 6942 : - - - - - - - - : 0 7168 : 3.00 2.68 1.92 : 271935 4216448 : 0 0 : 11 0 : 2445 4 0 267 : - 8537620480 583921664 1065263104 7200940032 203833344 66772992 : 139899904 24415830 489970 0 0 0 : 32.391448 ]
[32.391s][info][gc       ] [HUGEPAGESTAT 0 0 0 - 83087 0 0 : 305152 0 0 : 32.391448 ]
[32.391s][info][gc       ] [OBJCREAT 86160344 25091 5111808 : 32.391491 ]
[32.392s][info][gc       ] [HMSV All : 0 0 30 0 0 0 0 0 : 6134 0 0 0 : 32.391508 ]
[32.392s][info][gc       ] [HMSP 60 : 51112 0 : 32.391508 ]
[32.392s][info][gc       ] [VMAC 65530 170 24 492 686 : 32.392093 ]
[32.633s][info][gc       ] [GPGC-H  3695.7 499.2 9.6 0.0 : 1128.1 : 0.000 0.000 : 0.000 0.000 0.719 1.576 : 0.000 0.000 0.000 0.000 2.137 0.528 : 0.000 : 97.291 : 1086 1794 30 0 : 2274 : 5720 5428 : 32.633252 : 9 Next_heuristic_check_may_be_too_late ]
[32.636s][info][safepoint] Application time: 0.2444398 seconds
[32.636s][info][safepoint] Total time for which application threads were stopped: 0.0002224 seconds, Stopping threads took: 0.0000004 seconds
[32.636s][info][gc       ] [SPS 0.000 0.006 0.003 0.007 0.000 0.001 0.000 0.199 0.015 0.222 NewGC_pause1 32.635681 ]
[32.723s][info][safepoint] Application time: 0.0875478 seconds
[32.724s][info][safepoint] Total time for which application threads were stopped: 0.0001184 seconds, Stopping threads took: 0.0000005 seconds
[32.724s][info][gc       ] [SPS 0.000 0.001 0.000 0.007 0.001 0.001 0.000 0.094 0.016 0.118 NewGC_pause2 32.723347 ]
[32.725s][info][safepoint] Application time: 0.0013309 seconds
[32.725s][info][safepoint] Total time for which application threads were stopped: 0.0001145 seconds, Stopping threads took: 0.0000005 seconds
[32.725s][info][gc       ] [SPS 0.000 0.000 0.000 0.007 0.001 0.001 0.001 0.091 0.015 0.114 NewGC_pause3 32.724792 ]
[32.726s][info][safepoint] Application time: 0.0011871 seconds
[32.726s][info][safepoint] Total time for which application threads were stopped: 0.0001277 seconds, Stopping threads took: 0.0000005 seconds
[32.727s][info][gc       ] [SPS 0.000 0.033 0.002 0.007 0.000 0.001 0.000 0.104 0.016 0.128 NewGC_pause4 32.726107 ]
[32.727s][info][gc       ] [GC New Max 85-75 : 6356 3538 2450 6356 - - 984 20 2 2 - : 334 1794 30 292 1422 : 330 4 1092 1092 0 : 0 1 165 0 167 - 0 : 0.242545 3488.0 0.0 0.092654 3648.0 0.0 : 3 --c 0000 : 23 0 0.000 0.000 0 0.000 0.000 0 0.000 0.000 : 32.633726 32.635459 0.000204 32.723229 0.000098 32.724678 0.000096 32.725980 0.000108 : 32.726380 ]
[32.727s][info][gc       ] [SYSINFO 8430 195 63 0 7884 0 16 0 0 6942 : - - - - - - - - : 0 7168 : 3.00 2.68 1.92 : 271935 4216448 : 0 0 : 11 0 : 2445 3 0 267 : - 8537620480 583921664 1065263104 7200940032 203833344 66772992 : 139899904 24416720 489970 0 0 0 : 32.726648 ]
[32.727s][info][gc       ] [HUGEPAGESTAT 0 0 0 - 83087 0 0 : 305152 0 0 : 32.726648 ]
[32.727s][info][gc       ] [OBJCREAT 87332680 25091 5111808 : 32.726698 ]
[32.727s][info][gc       ] [HMSV All : 0 0 30 0 0 0 0 0 : 6134 0 0 0 : 32.726715 ]
[32.727s][info][gc       ] [HMSP 60 : 51112 0 : 32.726715 ]
[32.727s][info][gc       ] [VMAC 65530 170 24 492 686 : 32.727207 ]
[32.741s][info][safepoint] Application time: 0.0139996 seconds
[32.741s][info][safepoint] Total time for which application threads were stopped: 0.0005638 seconds, Stopping threads took: 0.0000004 seconds
[32.741s][info][gc       ] [SPS 0.000 0.001 0.000 0.006 0.000 0.001 0.000 0.528 0.028 0.564 OldGC_pause2 32.740671 ]
[32.743s][info][safepoint] Application time: 0.0027121 seconds
[32.744s][info][safepoint] Total time for which application threads were stopped: 0.0000564 seconds, Stopping threads took: 0.0000004 seconds
[32.744s][info][gc       ] [SPS 0.000 0.001 0.000 0.006 0.000 0.001 0.000 0.036 0.013 0.056 OldGC_pause3 32.743439 ]
[32.755s][info][safepoint] Application time: 0.0118750 seconds
[32.756s][info][safepoint] Total time for which application threads were stopped: 0.0000663 seconds, Stopping threads took: 0.0000005 seconds
[32.756s][info][gc       ] [SPS 0.000 0.002 0.002 0.011 0.000 0.001 0.000 0.040 0.015 0.066 OldGC_pause4 32.755381 ]
[32.768s][info][gc       ] [GC Old Max 82-10 : 6356 4860 2588 6356 - - 985 20 2 2 - : 478 1788 30 292 1832 : 1808 11 1 1 0 : 0 9 38 2 854 - 55 : 0.485688 663.0 0.0 1.250315 59.2 1.6 : 1 --c 0000 : 23   -    -    -    -    -    -    -    -    -  : 31.517217 31.520832 0.000383 32.740107 0.000527 32.743383 0.000039 32.755315 0.000047 : 32.767531 ]
[32.768s][info][gc       ] [SYSINFO 8430 195 63 0 7884 0 16 0 0 6942 : - - - - - - - - : 0 7168 : 3.00 2.68 1.92 : 271935 4216448 : 0 0 : 11 0 : 2445 2 0 267 : - 8537620480 583921664 1065263104 7200940032 203833344 66772992 : 139899904 24416800 490000 0 0 0 : 32.767760 ]
[32.768s][info][gc       ] [HUGEPAGESTAT 0 0 0 - 83087 0 0 : 305152 0 0 : 32.767760 ]
[32.768s][info][gc       ] [OBJCREAT 87477384 25091 5111808 : 32.767832 ]
[32.768s][info][gc       ] [HMSV All : 0 0 30 0 0 0 0 0 : 6134 0 0 0 : 32.767854 ]
[32.768s][info][gc       ] [HMSP 60 : 51112 0 : 32.767854 ]
[32.768s][info][gc       ] [COMPSTATS 1 : 5 0 : 1 0 : 0 0 : 515 5 0 0 0 0 : 0 0 0 0 0 0 : 130 132 15 : 520 0 0 0 0 0 0 : 520 0 0 0 0 0 0 ]
[32.768s][info][gc       ] [COMPSTATS 2 : 5 0 : 1 0 : 0 0 : 129 11 0 0 0 0 : 0 0 0 0 0 0 : 48891 48995 9410 : 69 45 26 0 0 0 0 : 32 86 17 4 1 0 0 ]
[32.768s][info][gc       ] [DEOPTSTATS 1 : 1 0 : 0 0 : 0 0 : 0 0 : 0 12 : 0 0 : 0 0 : 0 0 : 0 0 : 0 0 : 0 0 : 0 0 : 0 0 : 0 0 : 0 0 : 0 0 : 0 0 : 0 0 : 0 0 : 0 0 : 0 0 : 0 0 : 0 0 : 0 0 : 0 0 : 0 0 : 0 0 : 0 0 : 0 0 : 0 0 : 6 0 : 0 0 : 0 0 : 0 0 : 0 0 : 0 0 : 0 0 : 0 0 : 0 0 : 0 0 : 0 0 : 0 0 ]
[32.768s][info][gc       ] [DEOPTSTATS 2 : 0 0 : 0 0 : 0 0 : 0 0 : 0 0 : 0 0 : 0 11 : 0 0 : 0 0 : 0 0 : 0 0 : 0 0 : 0 0 : 0 0 : 0 0 : 0 0 : 0 0 : 0 0 : 0 0 : 0 0 : 0 0 : 0 0 : 0 0 : 0 0 : 0 0 : 0 0 : 0 0 : 0 0 : 0 0 : 0 0 : 5 0 : 0 0 : 0 0 : 0 0 : 0 1 : 0 0 : 0 0 : 0 0 : 0 0 : 0 3 : 0 0 : 0 0 ]
[32.769s][info][gc       ] [CCF 0 0 0 0 32 181248: 3063296 : 380 196608 : 3 49152 : 317 311808 :  508 625664 : 120 416256 : 0 0 : 15 1228800 : 1 2048]
[32.768s][info][gc       ] [VMAC 65530 170 24 492 686 : 32.768358 ]
[32.969s][info][gc       ] [GPGC-H  3695.7 499.2 9.6 0.0 : 1128.1 : 0.000 0.000 : 0.000 0.000 0.710 1.551 : 0.000 0.000 0.000 0.000 2.112 0.830 : 0.000 : 96.221 : 1220 1788 30 0 : 2274 : 5720 5428 : 32.969036 : 9 Next_heuristic_check_may_be_too_late ]
[32.972s][info][safepoint] Application time: 0.2158815 seconds
[32.972s][info][safepoint] Total time for which application threads were stopped: 0.0002608 seconds, Stopping threads took: 0.0000004 seconds
[32.972s][info][gc       ] [SPS 0.000 0.003 0.002 0.006 0.000 0.001 0.000 0.233 0.020 0.261 NewGC_pause1 32.971523 ]
[33.031s][info][safepoint] Application time: 0.0595316 seconds
[33.032s][info][safepoint] Total time for which application threads were stopped: 0.0001471 seconds, Stopping threads took: 0.0000004 seconds
[33.032s][info][gc       ] [SPS 0.000 0.001 0.000 0.006 0.000 0.001 0.000 0.120 0.020 0.147 NewGC_pause2 33.031202 ]
[33.033s][info][safepoint] Application time: 0.0012514 seconds
[33.033s][info][safepoint] Total time for which application threads were stopped: 0.0000767 seconds, Stopping threads took: 0.0000004 seconds
[33.033s][info][gc       ] [SPS 0.000 0.000 0.000 0.006 0.000 0.001 0.000 0.057 0.012 0.077 NewGC_pause3 33.032530 ]
[33.034s][info][safepoint] Application time: 0.0013261 seconds
[33.034s][info][safepoint] Total time for which application threads were stopped: 0.0000734 seconds, Stopping threads took: 0.0000004 seconds
[33.034s][info][gc       ] [SPS 0.000 0.002 0.002 0.006 0.000 0.001 0.000 0.052 0.014 0.073 NewGC_pause4 33.033930 ]
[33.035s][info][gc       ] [GC New Max 86-76 : 6356 3556 2332 6356 - - 985 20 2 2 - : 222 1788 30 292 1446 : 218 4 1227 1227 0 : 0 1 109 0 111 - 0 : 0.243144 3652.2 0.0 0.064747 3490.5 0.0 : 3 --c 0000 : 23 0 0.000 0.000 0 0.000 0.000 0 0.000 0.000 : 32.969524 32.971263 0.000237 33.031055 0.000088 33.032453 0.000060 33.033856 0.000055 : 33.034270 ]
[33.035s][info][gc       ] [SYSINFO 8430 195 63 0 7884 0 16 0 0 6942 : - - - - - - - - : 0 7168 : 3.00 2.68 1.92 : 271935 4216448 : 0 0 : 11 0 : 2445 2 0 267 : - 8537620480 583921664 1065263104 7200940032 203833344 66772992 : 139899904 24417250 490070 0 0 0 : 33.034501 ]
[33.035s][info][gc       ] [HUGEPAGESTAT 0 0 0 - 83087 0 0 : 305152 0 0 : 33.034501 ]
[33.035s][info][gc       ] [OBJCREAT 88435880 25091 5111808 : 33.034547 ]
[33.035s][info][gc       ] [HMSV All : 0 0 30 0 0 0 0 0 : 6134 0 0 0 : 33.034562 ]
[33.035s][info][gc       ] [HMSP 60 : 51112 0 : 33.034562 ]
[33.035s][info][gc       ] [VMAC 65530 170 24 492 686 : 33.035030 ]
[33.277s][info][gc       ] [GPGC-H  3695.7 499.2 9.6 0.0 : 1128.1 : 0.000 0.000 : 0.000 0.000 0.701 1.551 : 0.000 0.000 0.000 0.000 2.086 0.830 : 0.000 : 95.158 : 1116 1788 30 0 : 2274 : 5720 5428 : 33.276768 : 9 Next_heuristic_check_may_be_too_late ]
[33.280s][info][safepoint] Application time: 0.2454027 seconds
[33.280s][info][safepoint] Total time for which application threads were stopped: 0.0002403 seconds, Stopping threads took: 0.0000004 seconds
[33.280s][info][gc       ] [SPS 0.000 0.003 0.003 0.006 0.000 0.001 0.000 0.212 0.020 0.240 NewGC_pause1 33.279573 ]
[33.339s][info][safepoint] Application time: 0.0595170 seconds
[33.340s][info][safepoint] Total time for which application threads were stopped: 0.0001452 seconds, Stopping threads took: 0.0000004 seconds
[33.340s][info][gc       ] [SPS 0.000 0.001 0.000 0.006 0.000 0.001 0.000 0.117 0.021 0.146 NewGC_pause2 33.339236 ]
[33.341s][info][safepoint] Application time: 0.0017692 seconds
[33.341s][info][safepoint] Total time for which application threads were stopped: 0.0001118 seconds, Stopping threads took: 0.0000004 seconds
[33.342s][info][gc       ] [SPS 0.000 0.000 0.000 0.005 0.000 0.001 0.000 0.093 0.012 0.112 NewGC_pause3 33.341116 ]
[33.342s][info][safepoint] Application time: 0.0012586 seconds
[33.343s][info][safepoint] Total time for which application threads were stopped: 0.0000626 seconds, Stopping threads took: 0.0000015 seconds
[33.343s][info][gc       ] [SPS 0.000 0.003 0.001 0.005 0.002 0.001 0.000 0.042 0.013 0.063 NewGC_pause4 33.342437 ]
[33.343s][info][gc       ] [GC New Max 87-77 : 6356 3446 2328 6356 - - 985 20 2 2 - : 218 1788 30 292 1336 : 214 4 1122 1122 0 : 0 1 107 0 109 - 0 : 0.243025 3686.9 0.0 0.065373 3395.9 0.0 : 3 --c 0000 : 23 0 0.000 0.000 0 0.000 0.000 0 0.000 0.000 : 33.277295 33.279333 0.000127 33.339090 0.000050 33.341004 0.000096 33.342375 0.000046 : 33.342668 ]
[33.343s][info][gc       ] [SYSINFO 8430 195 63 0 7884 0 16 0 0 6942 : - - - - - - - - : 0 7168 : 3.00 2.68 1.92 : 271935 4216500 : 0 0 : 16 0 : 2445 2 0 267 : - 8537620480 583921664 1065263104 7200940032 203833344 66772992 : 139899904 24417710 490150 0 0 0 : 33.342877 ]
[33.343s][info][gc       ] [HUGEPAGESTAT 0 0 0 - 83087 0 0 : 305152 0 0 : 33.342877 ]
[33.343s][info][gc       ] [OBJCREAT 89542558 25091 5111808 : 33.342918 ]
[33.343s][info][gc       ] [HMSV All : 0 0 30 0 0 0 0 0 : 6134 0 0 0 : 33.342932 ]
[33.343s][info][gc       ] [HMSP 60 : 51112 0 : 33.342932 ]
[33.343s][info][gc       ] [VMAC 65530 170 24 492 686 : 33.343357 ]
[33.585s][info][gc       ] [GPGC-H  3695.7 499.2 9.6 0.0 : 1128.1 : 0.000 0.000 : 0.000 0.000 0.692 1.551 : 0.000 0.000 0.000 0.000 2.060 0.830 : 0.000 : 94.112 : 1112 1788 30 0 : 2274 : 5720 5428 : 33.584727 : 9 Next_heuristic_check_may_be_too_late ]
[33.587s][info][safepoint] Application time: 0.2443208 seconds
[33.588s][info][safepoint] Total time for which application threads were stopped: 0.0002718 seconds, Stopping threads took: 0.0000004 seconds
[33.588s][info][gc       ] [SPS 0.000 0.003 0.004 0.006 0.000 0.001 0.000 0.229 0.035 0.272 NewGC_pause1 33.587031 ]
[33.658s][info][safepoint] Application time: 0.0706538 seconds
[33.658s][info][safepoint] Total time for which application threads were stopped: 0.0000605 seconds, Stopping threads took: 0.0000004 seconds
[33.658s][info][gc       ] [SPS 0.000 0.001 0.000 0.006 0.000 0.001 0.000 0.039 0.013 0.060 NewGC_pause2 33.657745 ]
[33.659s][info][safepoint] Application time: 0.0012479 seconds
[33.659s][info][safepoint] Total time for which application threads were stopped: 0.0001028 seconds, Stopping threads took: 0.0000004 seconds
[33.660s][info][gc       ] [SPS 0.000 0.001 0.000 0.006 0.000 0.001 0.000 0.084 0.011 0.103 NewGC_pause3 33.659095 ]
[33.661s][info][safepoint] Application time: 0.0014294 seconds
[33.661s][info][safepoint] Total time for which application threads were stopped: 0.0000768 seconds, Stopping threads took: 0.0000005 seconds
[33.661s][info][gc       ] [SPS 0.000 0.003 0.002 0.006 0.000 0.001 0.000 0.056 0.014 0.077 NewGC_pause4 33.660602 ]
[33.661s][info][gc       ] [GC New Max 88-78 : 6356 3444 2332 6356 - - 985 20 2 2 - : 222 1788 30 292 1334 : 216 4 1117 1117 0 : 0 1 108 0 111 - 0 : 0.242566 3693.8 0.0 0.075731 2957.8 0.0 : 3 --c 0000 : 23 0 0.000 0.000 0 0.000 0.000 0 0.000 0.000 : 33.585234 33.586759 0.000182 33.657684 0.000042 33.658993 0.000089 33.660525 0.000062 : 33.660965 ]
[33.661s][info][gc       ] [SYSINFO 8430 195 63 0 7884 0 16 0 0 6942 : - - - - - - - - : 0 7168 : 3.00 2.68 1.92 : 271935 4216500 : 0 0 : 16 0 : 2445 2 0 267 : - 8537620480 583921664 1065263104 7200940032 203833344 66772992 : 139899904 24418220 490210 0 0 0 : 33.661368 ]
[33.661s][info][gc       ] [HUGEPAGESTAT 0 0 0 - 83087 0 0 : 305152 0 0 : 33.661368 ]
[33.661s][info][gc       ] [OBJCREAT 90651731 25091 5111808 : 33.661445 ]
[33.661s][info][gc       ] [HMSV All : 0 0 30 0 0 0 0 0 : 6134 0 0 0 : 33.661470 ]
[33.661s][info][gc       ] [HMSP 60 : 51112 0 : 33.661470 ]
[33.662s][info][gc       ] [VMAC 65530 170 24 492 686 : 33.661910 ]
[33.904s][info][gc       ] [GPGC-H  3695.7 499.2 9.6 0.0 : 1128.1 : 0.000 0.000 : 0.000 0.000 0.683 1.551 : 0.000 0.000 0.000 0.000 2.032 0.830 : 0.000 : 93.085 : 1110 1788 30 0 : 2274 : 5720 5428 : 33.903750 : 9 Next_heuristic_check_may_be_too_late ]
[33.906s][info][safepoint] Application time: 0.2456102 seconds
[33.907s][info][safepoint] Total time for which application threads were stopped: 0.0002514 seconds, Stopping threads took: 0.0000004 seconds
[33.907s][info][gc       ] [SPS 0.000 0.004 0.002 0.006 0.000 0.001 0.000 0.231 0.013 0.251 NewGC_pause1 33.906463 ]
[33.967s][info][safepoint] Application time: 0.0606860 seconds
[33.968s][info][safepoint] Total time for which application threads were stopped: 0.0001828 seconds, Stopping threads took: 0.0000004 seconds
[33.968s][info][gc       ] [SPS 0.000 0.001 0.000 0.007 0.000 0.001 0.000 0.150 0.024 0.183 NewGC_pause2 33.967333 ]
[33.969s][info][safepoint] Application time: 0.0019520 seconds
[33.970s][info][safepoint] Total time for which application threads were stopped: 0.0001135 seconds, Stopping threads took: 0.0000004 seconds
[33.970s][info][gc       ] [SPS 0.000 0.001 0.000 0.006 0.000 0.001 0.000 0.088 0.018 0.114 NewGC_pause3 33.969398 ]
[33.970s][info][safepoint] Application time: 0.0010170 seconds
[33.971s][info][safepoint] Total time for which application threads were stopped: 0.0000680 seconds, Stopping threads took: 0.0000005 seconds
[33.971s][info][gc       ] [SPS 0.000 0.002 0.002 0.006 0.000 0.001 0.000 0.047 0.014 0.068 NewGC_pause4 33.970483 ]
[33.971s][info][gc       ] [GC New Max 89-79 : 6356 3442 2328 6356 - - 985 20 2 2 - : 218 1788 30 292 1332 : 214 4 1117 1117 0 : 0 1 107 0 109 - 0 : 0.243384 3656.8 0.0 0.066407 3343.0 0.0 : 3 --c 0000 : 23 0 0.000 0.000 0 0.000 0.000 0 0.000 0.000 : 33.904349 33.906212 0.000233 33.967150 0.000048 33.969284 0.000089 33.970415 0.000050 : 33.970756 ]
[33.971s][info][gc       ] [SYSINFO 8430 195 63 0 7884 0 16 0 0 6942 : - - - - - - - - : 0 7168 : 3.00 2.68 1.92 : 271935 4216500 : 0 0 : 16 0 : 2445 2 0 267 : - 8537620480 583921664 1065263104 7200940032 203833344 66772992 : 139899904 24418720 490280 0 0 0 : 33.971069 ]
[33.971s][info][gc       ] [HUGEPAGESTAT 0 0 0 - 83087 0 0 : 305152 0 0 : 33.971069 ]
[33.971s][info][gc       ] [OBJCREAT 91753128 25091 5111808 : 33.971114 ]
[33.971s][info][gc       ] [HMSV All : 0 0 30 0 0 0 0 0 : 6134 0 0 0 : 33.971128 ]
[33.971s][info][gc       ] [HMSP 60 : 51112 0 : 33.971128 ]
[33.972s][info][gc       ] [VMAC 65530 170 24 492 686 : 33.971618 ]
[34.213s][info][gc       ] [GPGC-H  3695.7 454.8 8.7 0.0 : 1027.8 : 0.000 0.000 : 0.000 0.000 0.674 1.551 : 0.000 0.000 0.000 0.000 2.006 0.830 : 0.000 : 92.067 : 1138 1788 30 0 : 2274 : 5720 5428 : 34.213036 : 9 Next_heuristic_check_may_be_too_late ]
[34.215s][info][safepoint] Application time: 0.2447565 seconds
[34.216s][info][safepoint] Total time for which application threads were stopped: 0.0001972 seconds, Stopping threads took: 0.0000004 seconds
[34.216s][info][gc       ] [SPS 0.000 0.003 0.004 0.005 0.000 0.001 0.000 0.171 0.020 0.197 NewGC_pause1 34.215437 ]
[34.276s][info][safepoint] Application time: 0.0603477 seconds
[34.276s][info][safepoint] Total time for which application threads were stopped: 0.0001526 seconds, Stopping threads took: 0.0000014 seconds
[34.277s][info][gc       ] [SPS 0.000 0.001 0.000 0.015 0.001 0.001 0.000 0.115 0.020 0.153 NewGC_pause2 34.275938 ]
[34.278s][info][safepoint] Application time: 0.0019830 seconds
[34.278s][info][safepoint] Total time for which application threads were stopped: 0.0000592 seconds, Stopping threads took: 0.0000004 seconds
[34.279s][info][gc       ] [SPS 0.000 0.000 0.000 0.006 0.000 0.001 0.000 0.039 0.013 0.059 NewGC_pause3 34.277980 ]
[34.279s][info][safepoint] Application time: 0.0011450 seconds
[34.280s][info][safepoint] Total time for which application threads were stopped: 0.0000849 seconds, Stopping threads took: 0.0000004 seconds
[34.280s][info][gc       ] [SPS 0.000 0.003 0.002 0.006 0.000 0.001 0.000 0.059 0.019 0.085 NewGC_pause4 34.279210 ]
[34.280s][info][gc       ] [GC New Max 90-80 : 6356 3466 2328 6356 - - 985 20 2 2 - : 218 1788 30 292 1356 : 214 4 1143 1143 0 : 0 1 107 0 109 - 0 : 0.242681 3799.2 0.0 0.066298 3318.4 0.0 : 3 --c 0000 : 23 0 0.000 0.000 0 0.000 0.000 0 0.000 0.000 : 34.213437 34.215240 0.000140 34.275785 0.000094 34.277921 0.000041 34.279125 0.000062 : 34.279734 ]
[34.280s][info][gc       ] [SYSINFO 8430 195 63 0 7884 0 16 0 0 6942 : - - - - - - - - : 0 7168 : 3.00 2.68 1.92 : 271935 4216500 : 0 0 : 16 0 : 2445 3 0 267 : - 8537620480 583921664 1065263104 7200940032 203833344 66772992 : 139899904 24419210 490390 0 0 0 : 34.280132 ]
[34.280s][info][gc       ] [HUGEPAGESTAT 0 0 0 - 83087 0 0 : 305152 0 0 : 34.280132 ]
[34.280s][info][gc       ] [OBJCREAT 92886483 25091 5111808 : 34.280230 ]
[34.280s][info][gc       ] [HMSV All : 0 0 30 0 0 0 0 0 : 6134 0 0 0 : 34.280257 ]
[34.280s][info][gc       ] [HMSP 60 : 51112 0 : 34.280257 ]
[34.281s][info][gc       ] [VMAC 65530 170 24 492 686 : 34.280757 ]
[34.523s][info][gc       ] [GPGC-H  3695.7 454.8 8.7 0.0 : 1027.8 : 0.000 0.000 : 0.000 0.000 0.665 1.551 : 0.000 0.000 0.000 0.000 1.980 0.830 : 0.000 : 91.066 : 1118 1788 30 0 : 2274 : 5720 5428 : 34.522814 : 9 Next_heuristic_check_may_be_too_late ]
[34.526s][info][safepoint] Application time: 0.2460473 seconds
[34.526s][info][safepoint] Total time for which application threads were stopped: 0.0002531 seconds, Stopping threads took: 0.0000004 seconds
[34.526s][info][gc       ] [SPS 0.000 0.003 0.002 0.006 0.000 0.001 0.000 0.233 0.013 0.253 NewGC_pause1 34.525510 ]
[34.586s][info][safepoint] Application time: 0.0600931 seconds
[34.586s][info][safepoint] Total time for which application threads were stopped: 0.0001399 seconds, Stopping threads took: 0.0000004 seconds
[34.587s][info][gc       ] [SPS 0.000 0.001 0.000 0.006 0.000 0.001 0.001 0.113 0.020 0.141 NewGC_pause2 34.585745 ]
[34.587s][info][safepoint] Application time: 0.0012392 seconds
[34.587s][info][safepoint] Total time for which application threads were stopped: 0.0000522 seconds, Stopping threads took: 0.0000004 seconds
[34.588s][info][gc       ] [SPS 0.000 0.000 0.000 0.006 0.000 0.001 0.000 0.033 0.012 0.052 NewGC_pause3 34.587035 ]
[34.588s][info][safepoint] Application time: 0.0011307 seconds
[34.588s][info][safepoint] Total time for which application threads were stopped: 0.0001588 seconds, Stopping threads took: 0.0000004 seconds
[34.589s][info][gc       ] [SPS 0.000 0.002 0.002 0.006 0.000 0.001 0.000 0.131 0.021 0.159 NewGC_pause4 34.588325 ]
[34.589s][info][gc       ] [GC New Max 91-81 : 6356 3452 2332 6356 - - 985 20 2 2 - : 222 1788 30 292 1342 : 218 4 1123 1123 0 : 0 1 109 0 111 - 0 : 0.243609 3702.7 0.0 0.065128 3439.4 0.0 : 3 --c 0000 : 23 0 0.000 0.000 0 0.000 0.000 0 0.000 0.000 : 34.523343 34.525257 0.000236 34.585604 0.000084 34.586983 0.000037 34.588166 0.000044 : 34.588471 ]
[34.589s][info][gc       ] [SYSINFO 8430 195 63 0 7884 0 16 0 0 6942 : - - - - - - - - : 0 7168 : 3.00 2.68 1.92 : 271935 4216500 : 0 0 : 16 0 : 2445 2 0 267 : - 8537620480 583921664 1065263104 7200940032 203833344 66772992 : 139899904 24419690 490410 0 0 0 : 34.588734 ]
[34.589s][info][gc       ] [HUGEPAGESTAT 0 0 0 - 83087 0 0 : 305152 0 0 : 34.588734 ]
[34.589s][info][gc       ] [OBJCREAT 94002236 25091 5111808 : 34.588774 ]
[34.589s][info][gc       ] [HMSV All : 0 0 30 0 0 0 0 0 : 6134 0 0 0 : 34.588793 ]
[34.589s][info][gc       ] [HMSP 60 : 51112 0 : 34.588793 ]
[34.589s][info][gc       ] [VMAC 65530 170 24 492 686 : 34.589246 ]
[34.831s][info][gc       ] [GPGC-H  3676.6 454.8 8.7 0.0 : 1027.8 : 0.000 0.000 : 0.000 0.000 0.657 1.551 : 0.000 0.000 0.000 0.000 1.954 0.830 : 0.000 : 90.075 : 1128 1788 30 0 : 2274 : 5720 5428 : 34.830783 : 9 Next_heuristic_check_may_be_too_late ]
[34.833s][info][safepoint] Application time: 0.2446713 seconds
[34.834s][info][safepoint] Total time for which application threads were stopped: 0.0002958 seconds, Stopping threads took: 0.0000004 seconds
[34.834s][info][gc       ] [SPS 0.000 0.003 0.002 0.005 0.000 0.001 0.000 0.261 0.027 0.296 NewGC_pause1 34.833292 ]
[34.896s][info][safepoint] Application time: 0.0622143 seconds
[34.896s][info][safepoint] Total time for which application threads were stopped: 0.0001381 seconds, Stopping threads took: 0.0000004 seconds
[34.896s][info][gc       ] [SPS 0.000 0.001 0.000 0.006 0.000 0.001 0.000 0.111 0.020 0.138 NewGC_pause2 34.895645 ]
[34.897s][info][safepoint] Application time: 0.0014192 seconds
[34.897s][info][safepoint] Total time for which application threads were stopped: 0.0000650 seconds, Stopping threads took: 0.0000004 seconds
[34.897s][info][gc       ] [SPS 0.000 0.001 0.000 0.006 0.000 0.001 0.000 0.044 0.014 0.065 NewGC_pause3 34.897129 ]
[34.898s][info][safepoint] Application time: 0.0009380 seconds
[34.898s][info][safepoint] Total time for which application threads were stopped: 0.0000663 seconds, Stopping threads took: 0.0000004 seconds
[34.899s][info][gc       ] [SPS 0.000 0.003 0.002 0.006 0.000 0.001 0.000 0.046 0.013 0.066 NewGC_pause4 34.898133 ]
[34.899s][info][gc       ] [GC New Max 92-82 : 6356 3466 2334 6356 - - 985 20 2 2 - : 224 1788 30 292 1356 : 222 4 1134 1134 0 : 0 1 111 0 112 - 0 : 0.242855 3738.9 0.0 0.067017 3402.1 0.0 : 3 --c 0000 : 23 0 0.000 0.000 0 0.000 0.000 0 0.000 0.000 : 34.831327 34.832996 0.000224 34.895507 0.000042 34.897064 0.000046 34.898067 0.000049 : 34.898344 ]
[34.899s][info][gc       ] [SYSINFO 8430 195 63 0 7884 0 16 0 0 6942 : - - - - - - - - : 0 7168 : 3.00 2.68 1.92 : 271935 4216500 : 0 0 : 16 0 : 2445 4 0 267 : - 8537620480 583921664 1065263104 7200940032 203833344 66772992 : 139899904 24420190 490420 0 0 0 : 34.898598 ]
[34.899s][info][gc       ] [HUGEPAGESTAT 0 0 0 - 83087 0 0 : 305152 0 0 : 34.898598 ]
[34.899s][info][gc       ] [OBJCREAT 95127012 25091 5111808 : 34.898661 ]
[34.899s][info][gc       ] [HMSV All : 0 0 30 0 0 0 0 0 : 6134 0 0 0 : 34.898675 ]
[34.899s][info][gc       ] [HMSP 60 : 51112 0 : 34.898675 ]
[34.899s][info][gc       ] [VMAC 65530 170 24 492 686 : 34.899104 ]
[35.140s][info][gc       ] [GPGC-H  3676.6 454.8 8.7 0.0 : 1027.8 : 0.000 0.000 : 0.000 0.000 0.648 1.551 : 0.000 0.000 0.000 0.000 1.928 0.830 : 0.000 : 89.101 : 1120 1788 30 0 : 2274 : 5720 5428 : 35.140471 : 9 Next_heuristic_check_may_be_too_late ]
[35.143s][info][safepoint] Application time: 0.2447010 seconds
[35.144s][info][safepoint] Total time for which application threads were stopped: 0.0004309 seconds, Stopping threads took: 0.0000004 seconds
[35.144s][info][gc       ] [SPS 0.000 0.011 0.011 0.006 0.000 0.001 0.000 0.400 0.023 0.431 NewGC_pause1 35.143265 ]
[35.203s][info][safepoint] Application time: 0.0598397 seconds
[35.204s][info][safepoint] Total time for which application threads were stopped: 0.0001748 seconds, Stopping threads took: 0.0000004 seconds
[35.204s][info][gc       ] [SPS 0.000 0.001 0.000 0.006 0.000 0.001 0.000 0.139 0.029 0.175 NewGC_pause2 35.203280 ]
[35.205s][info][safepoint] Application time: 0.0012191 seconds
[35.205s][info][safepoint] Total time for which application threads were stopped: 0.0000523 seconds, Stopping threads took: 0.0000004 seconds
[35.205s][info][gc       ] [SPS 0.000 0.000 0.000 0.006 0.000 0.001 0.000 0.034 0.012 0.052 NewGC_pause3 35.204551 ]
[35.206s][info][safepoint] Application time: 0.0011957 seconds
[35.206s][info][safepoint] Total time for which application threads were stopped: 0.0001646 seconds, Stopping threads took: 0.0000004 seconds
[35.206s][info][gc       ] [SPS 0.000 0.002 0.002 0.006 0.000 0.001 0.000 0.132 0.025 0.165 NewGC_pause4 35.205912 ]
[35.206s][info][gc       ] [GC New Max 93-83 : 6356 3458 2334 6356 - - 985 20 2 2 - : 224 1788 30 292 1348 : 220 4 1126 1126 0 : 0 1 110 0 112 - 0 : 0.242597 3701.6 0.0 0.065125 3501.0 0.0 : 3 --c 0000 : 23 0 0.000 0.000 0 0.000 0.000 0 0.000 0.000 : 35.140941 35.142834 0.000332 35.203105 0.000117 35.204499 0.000037 35.205747 0.000051 : 35.206066 ]
[35.206s][info][gc       ] [SYSINFO 8430 195 63 0 7884 0 16 0 0 6942 : - - - - - - - - : 0 7168 : 3.00 2.68 1.92 : 271935 4216500 : 0 0 : 16 0 : 2445 2 0 267 : - 8537620480 583921664 1065263104 7200940032 203833344 66772992 : 139899904 24420690 490420 0 0 0 : 35.206340 ]
[35.206s][info][gc       ] [HUGEPAGESTAT 0 0 0 - 83087 0 0 : 305152 0 0 : 35.206340 ]
[35.206s][info][gc       ] [OBJCREAT 96239656 25091 5111808 : 35.206379 ]
[35.206s][info][gc       ] [HMSV All : 0 0 30 0 0 0 0 0 : 6134 0 0 0 : 35.206408 ]
[35.206s][info][gc       ] [HMSP 60 : 51112 0 : 35.206408 ]
[35.207s][info][gc       ] [VMAC 65530 170 24 492 686 : 35.206835 ]
[35.449s][info][gc       ] [GPGC-H  3676.6 454.8 8.7 0.0 : 1027.8 : 0.000 0.000 : 0.000 0.000 0.640 1.551 : 0.000 0.000 0.000 0.000 1.903 0.830 : 0.000 : 88.142 : 1122 1788 30 0 : 2274 : 5720 5428 : 35.448566 : 9 Next_heuristic_check_may_be_too_late ]
[35.451s][info][safepoint] Application time: 0.2449440 seconds
[35.451s][info][safepoint] Total time for which application threads were stopped: 0.0003005 seconds, Stopping threads took: 0.0000004 seconds
[35.452s][info][gc       ] [SPS 0.000 0.003 0.002 0.006 0.000 0.001 0.000 0.274 0.020 0.301 NewGC_pause1 35.451156 ]
[35.511s][info][safepoint] Application time: 0.0591485 seconds
[35.511s][info][safepoint] Total time for which application threads were stopped: 0.0001793 seconds, Stopping threads took: 0.0000003 seconds
[35.511s][info][gc       ] [SPS 0.000 0.001 0.000 0.006 0.000 0.001 0.000 0.138 0.034 0.179 NewGC_pause2 35.510484 ]
[35.512s][info][safepoint] Application time: 0.0015894 seconds
[35.512s][info][safepoint] Total time for which application threads were stopped: 0.0000643 seconds, Stopping threads took: 0.0000004 seconds
[35.513s][info][gc       ] [SPS 0.000 0.000 0.000 0.006 0.000 0.001 0.000 0.040 0.017 0.064 NewGC_pause3 35.512138 ]
[35.513s][info][safepoint] Application time: 0.0009752 seconds
[35.513s][info][safepoint] Total time for which application threads were stopped: 0.0000627 seconds, Stopping threads took: 0.0000004 seconds
[35.513s][info][gc       ] [SPS 0.000 0.002 0.002 0.006 0.000 0.001 0.000 0.043 0.013 0.063 NewGC_pause4 35.513176 ]
[35.514s][info][gc       ] [GC New Max 94-84 : 6356 3456 2330 6356 - - 985 20 2 2 - : 220 1788 30 292 1346 : 218 4 1128 1128 0 : 0 1 109 0 110 - 0 : 0.242830 3706.3 0.0 0.064477 3474.1 0.0 : 3 --c 0000 : 23 0 0.000 0.000 0 0.000 0.000 0 0.000 0.000 : 35.448897 35.450856 0.000229 35.510305 0.000084 35.512074 0.000042 35.513113 0.000045 : 35.513374 ]
[35.514s][info][gc       ] [SYSINFO 8430 195 63 0 7884 0 16 0 0 6942 : - - - - - - - - : 0 7168 : 3.00 2.68 1.92 : 271935 4216500 : 0 0 : 16 0 : 2445 2 0 267 : - 8537620480 583921664 1065263104 7200940032 203833344 66772992 : 139899904 24421160 490480 0 0 0 : 35.513590 ]
[35.514s][info][gc       ] [HUGEPAGESTAT 0 0 0 - 83087 0 0 : 305152 0 0 : 35.513590 ]
[35.514s][info][gc       ] [OBJCREAT 97354132 25091 5111808 : 35.513630 ]
[35.514s][info][gc       ] [HMSV All : 0 0 30 0 0 0 0 0 : 6134 0 0 0 : 35.513645 ]
[35.514s][info][gc       ] [HMSP 60 : 51112 0 : 35.513645 ]
[35.514s][info][gc       ] [VMAC 65530 170 24 492 686 : 35.514049 ]
[35.755s][info][gc       ] [GPGC-H  3676.6 454.8 8.7 0.0 : 1027.8 : 0.000 0.000 : 0.000 0.000 0.632 1.551 : 0.000 0.000 0.000 0.000 1.879 0.830 : 0.000 : 87.195 : 1104 1788 30 0 : 2274 : 5720 5428 : 35.755366 : 9 Next_heuristic_check_may_be_too_late ]
[35.758s][info][safepoint] Application time: 0.2440783 seconds
[35.758s][info][safepoint] Total time for which application threads were stopped: 0.0002481 seconds, Stopping threads took: 0.0000004 seconds
[35.758s][info][gc       ] [SPS 0.000 0.004 0.003 0.006 0.000 0.001 0.000 0.209 0.032 0.248 NewGC_pause1 35.757503 ]
[35.818s][info][safepoint] Application time: 0.0603422 seconds
[35.818s][info][safepoint] Total time for which application threads were stopped: 0.0001473 seconds, Stopping threads took: 0.0000004 seconds
[35.819s][info][gc       ] [SPS 0.000 0.001 0.000 0.006 0.000 0.001 0.000 0.112 0.028 0.147 NewGC_pause2 35.817992 ]
[35.821s][info][safepoint] Application time: 0.0025926 seconds
[35.821s][info][safepoint] Total time for which application threads were stopped: 0.0000584 seconds, Stopping threads took: 0.0000004 seconds
[35.821s][info][gc       ] [SPS 0.000 0.000 0.000 0.006 0.000 0.001 0.000 0.038 0.013 0.058 NewGC_pause3 35.820643 ]
[35.822s][info][safepoint] Application time: 0.0010518 seconds
[35.822s][info][safepoint] Total time for which application threads were stopped: 0.0000630 seconds, Stopping threads took: 0.0000004 seconds
[35.822s][info][gc       ] [SPS 0.000 0.005 0.002 0.006 0.000 0.001 0.000 0.039 0.017 0.063 NewGC_pause4 35.821758 ]
[35.822s][info][gc       ] [GC New Max 95-85 : 6356 3448 2342 6356 - - 985 20 2 2 - : 232 1788 30 292 1338 : 228 4 1109 1109 0 : 0 1 114 0 116 - 0 : 0.242419 3654.8 0.0 0.066194 3535.1 0.0 : 3 --c 0000 : 23 0 0.000 0.000 0 0.000 0.000 0 0.000 0.000 : 35.755793 35.757255 0.000210 35.817845 0.000047 35.820585 0.000041 35.821695 0.000042 : 35.821987 ]
[35.822s][info][gc       ] [SYSINFO 8430 195 63 0 7884 0 16 0 0 6942 : - - - - - - - - : 0 7168 : 3.00 2.68 1.92 : 271935 4216500 : 0 0 : 16 0 : 2445 3 0 267 : - 8537620480 583921664 1065263104 7200940032 203833344 66772992 : 139899904 24421660 490520 0 0 0 : 35.822266 ]
[35.822s][info][gc       ] [HUGEPAGESTAT 0 0 0 - 83087 0 0 : 305152 0 0 : 35.822266 ]
[35.822s][info][gc       ] [OBJCREAT 98462057 25091 5111808 : 35.822307 ]
[35.822s][info][gc       ] [HMSV All : 0 0 30 0 0 0 0 0 : 6134 0 0 0 : 35.822319 ]
[35.822s][info][gc       ] [HMSP 60 : 51112 0 : 35.822319 ]
[35.823s][info][gc       ] [VMAC 65530 170 24 492 686 : 35.822731 ]
[36.064s][info][gc       ] [GPGC-H  3676.6 454.8 8.7 0.0 : 1027.8 : 0.000 0.000 : 0.000 0.000 0.624 1.551 : 0.000 0.000 0.000 0.000 1.855 0.830 : 0.000 : 86.264 : 1092 1788 30 0 : 2274 : 5720 5428 : 36.064120 : 9 Next_heuristic_check_may_be_too_late ]
[36.066s][info][safepoint] Application time: 0.2445325 seconds
[36.067s][info][safepoint] Total time for which application threads were stopped: 0.0001205 seconds, Stopping threads took: 0.0000004 seconds
[36.067s][info][gc       ] [SPS 0.000 0.003 0.003 0.006 0.000 0.001 0.000 0.097 0.015 0.120 NewGC_pause1 36.066411 ]
[36.127s][info][safepoint] Application time: 0.0599517 seconds
[36.127s][info][safepoint] Total time for which application threads were stopped: 0.0001635 seconds, Stopping threads took: 0.0000004 seconds
[36.127s][info][gc       ] [SPS 0.001 0.002 0.000 0.006 0.000 0.001 0.000 0.127 0.029 0.164 NewGC_pause2 36.126527 ]
[36.128s][info][safepoint] Application time: 0.0016059 seconds
[36.129s][info][safepoint] Total time for which application threads were stopped: 0.0001787 seconds, Stopping threads took: 0.0000004 seconds
[36.129s][info][gc       ] [SPS 0.000 0.001 0.000 0.006 0.000 0.001 0.000 0.140 0.032 0.179 NewGC_pause3 36.128311 ]
[36.129s][info][safepoint] Application time: 0.0010915 seconds
[36.130s][info][safepoint] Total time for which application threads were stopped: 0.0000646 seconds, Stopping threads took: 0.0000004 seconds
[36.130s][info][gc       ] [SPS 0.000 0.002 0.002 0.006 0.000 0.001 0.000 0.045 0.013 0.065 NewGC_pause4 36.129468 ]
[36.130s][info][gc       ] [GC New Max 96-86 : 6356 3406 2310 6356 - - 985 20 2 2 - : 200 1788 30 292 1296 : 198 2 1098 1098 0 : 0 0 99 0 100 - 0 : 0.242584 3553.4 0.0 0.065133 3132.1 0.0 : 3 --c 0000 : 23 0 0.000 0.000 0 0.000 0.000 0 0.000 0.000 : 36.064570 36.066291 0.000099 36.126363 0.000089 36.128133 0.000086 36.129403 0.000044 : 36.129703 ]
[36.130s][info][gc       ] [SYSINFO 8430 195 63 0 7884 0 16 0 0 6942 : - - - - - - - - : 0 7168 : 3.00 2.68 1.92 : 271935 4216500 : 0 0 : 16 0 : 2445 2 0 267 : - 8537620480 583921664 1065263104 7200940032 203833344 66772992 : 139899904 24422150 490630 0 0 0 : 36.129991 ]
[36.130s][info][gc       ] [HUGEPAGESTAT 0 0 0 - 83087 0 0 : 305152 0 0 : 36.129991 ]
[36.130s][info][gc       ] [OBJCREAT 99520391 25091 5111808 : 36.130032 ]
[36.130s][info][gc       ] [HMSV All : 0 0 30 0 0 0 0 0 : 6134 0 0 0 : 36.130045 ]
[36.130s][info][gc       ] [HMSP 60 : 51112 0 : 36.130045 ]
[36.130s][info][gc       ] [VMAC 65530 170 24 492 686 : 36.130461 ]
[36.372s][info][gc       ] [GPGC-H  3676.6 413.9 8.0 0.0 : 935.4 : 0.000 0.000 : 0.000 0.000 0.616 1.551 : 0.000 0.000 0.000 0.000 1.831 0.830 : 0.000 : 85.345 : 1120 1788 30 0 : 2274 : 5720 5428 : 36.372247 : 9 Next_heuristic_check_may_be_too_late ]
[36.375s][info][safepoint] Application time: 0.2449130 seconds
[36.375s][info][safepoint] Total time for which application threads were stopped: 0.0002468 seconds, Stopping threads took: 0.0000023 seconds
[36.375s][info][gc       ] [SPS 0.000 0.003 0.001 0.005 0.002 0.001 0.000 0.227 0.012 0.247 NewGC_pause1 36.374628 ]
[36.434s][info][safepoint] Application time: 0.0588752 seconds
[36.434s][info][safepoint] Total time for which application threads were stopped: 0.0001267 seconds, Stopping threads took: 0.0000004 seconds
[36.434s][info][gc       ] [SPS 0.000 0.001 0.000 0.006 0.000 0.001 0.000 0.099 0.020 0.127 NewGC_pause2 36.433630 ]
[36.435s][info][safepoint] Application time: 0.0015621 seconds
[36.436s][info][safepoint] Total time for which application threads were stopped: 0.0000671 seconds, Stopping threads took: 0.0000004 seconds
[36.436s][info][gc       ] [SPS 0.000 0.000 0.000 0.006 0.000 0.001 0.000 0.043 0.017 0.067 NewGC_pause3 36.435259 ]
[36.436s][info][safepoint] Application time: 0.0010800 seconds
[36.437s][info][safepoint] Total time for which application threads were stopped: 0.0000673 seconds, Stopping threads took: 0.0000004 seconds
[36.437s][info][gc       ] [SPS 0.000 0.003 0.002 0.012 0.000 0.001 0.000 0.040 0.014 0.067 NewGC_pause4 36.436406 ]
[36.437s][info][gc       ] [GC New Max 97-87 : 6356 3450 2326 6356 - - 985 20 2 2 - : 216 1788 30 292 1340 : 214 2 1126 1126 0 : 0 0 107 0 108 - 0 : 0.242998 3786.0 0.0 0.063967 3470.6 0.0 : 3 --c 0000 : 23 0 0.000 0.000 0 0.000 0.000 0 0.000 0.000 : 36.372701 36.374381 0.000230 36.433503 0.000043 36.435192 0.000041 36.436339 0.000050 : 36.436667 ]
[36.437s][info][gc       ] [SYSINFO 8430 195 63 0 7884 0 16 0 0 6942 : - - - - - - - - : 0 7168 : 3.00 2.68 1.92 : 271935 4216500 : 0 0 : 16 0 : 2445 2 0 267 : - 8537620480 583921664 1065263104 7200940032 203833344 66772992 : 139899904 24422630 490710 0 0 0 : 36.436917 ]
[36.437s][info][gc       ] [HUGEPAGESTAT 0 0 0 - 83087 0 0 : 305152 0 0 : 36.436917 ]
[36.437s][info][gc       ] [OBJCREAT 100651424 25091 5111808 : 36.436958 ]
[36.437s][info][gc       ] [HMSV All : 0 0 30 0 0 0 0 0 : 6134 0 0 0 : 36.436972 ]
[36.437s][info][gc       ] [HMSP 60 : 51112 0 : 36.436972 ]
[36.437s][info][gc       ] [VMAC 65530 170 24 492 686 : 36.437456 ]
[36.679s][info][gc       ] [GPGC-H  3661.7 413.9 8.0 0.0 : 935.4 : 0.000 0.000 : 0.000 0.000 0.608 1.551 : 0.000 0.000 0.000 0.000 1.807 0.830 : 0.000 : 84.437 : 1082 1788 30 0 : 2274 : 5720 5428 : 36.679217 : 9 Next_heuristic_check_may_be_too_late ]
[36.682s][info][safepoint] Application time: 0.2455303 seconds
[36.683s][info][safepoint] Total time for which application threads were stopped: 0.0003833 seconds, Stopping threads took: 0.0000004 seconds
[36.683s][info][gc       ] [SPS 0.000 0.003 0.002 0.006 0.000 0.001 0.000 0.355 0.020 0.383 NewGC_pause1 36.682320 ]
[36.744s][info][safepoint] Application time: 0.0615243 seconds
[36.745s][info][safepoint] Total time for which application threads were stopped: 0.0001640 seconds, Stopping threads took: 0.0000005 seconds
[36.745s][info][gc       ] [SPS 0.000 0.001 0.000 0.007 0.000 0.001 0.005 0.130 0.021 0.164 NewGC_pause2 36.744009 ]
[36.747s][info][safepoint] Application time: 0.0025427 seconds
[36.747s][info][safepoint] Total time for which application threads were stopped: 0.0002412 seconds, Stopping threads took: 0.0000005 seconds
[36.747s][info][gc       ] [SPS 0.000 0.000 0.000 0.011 0.000 0.001 0.000 0.202 0.026 0.241 NewGC_pause3 36.746793 ]
[36.748s][info][safepoint] Application time: 0.0010028 seconds
[36.748s][info][safepoint] Total time for which application threads were stopped: 0.0000895 seconds, Stopping threads took: 0.0000005 seconds
[36.748s][info][gc       ] [SPS 0.000 0.002 0.002 0.012 0.001 0.001 0.000 0.059 0.017 0.089 NewGC_pause4 36.747885 ]
[36.748s][info][gc       ] [GC New Max 98-88 : 6356 3432 2346 6356 - - 985 20 2 2 - : 236 1788 30 292 1322 : 232 4 1089 1089 0 : 0 1 116 0 118 - 0 : 0.243165 3569.6 0.0 0.068286 3514.6 0.0 : 3 --c 0000 : 23 0 0.000 0.000 0 0.000 0.000 0 0.000 0.000 : 36.679833 36.681937 0.000286 36.743845 0.000090 36.746552 0.000142 36.747796 0.000068 : 36.748118 ]
[36.748s][info][gc       ] [SYSINFO 8430 195 63 0 7884 0 16 0 0 6942 : - - - - - - - - : 0 7168 : 3.00 2.68 1.92 : 271935 4216500 : 0 0 : 16 0 : 2445 2 0 267 : - 8537620480 583921664 1065263104 7200940032 203833344 66772992 : 139899904 24423120 490780 0 0 0 : 36.748377 ]
[36.748s][info][gc       ] [HUGEPAGESTAT 0 0 0 - 83087 0 0 : 305152 0 0 : 36.748377 ]
[36.748s][info][gc       ] [OBJCREAT 101748683 25091 5111808 : 36.748419 ]
[36.748s][info][gc       ] [HMSV All : 0 0 30 0 0 0 0 0 : 6134 0 0 0 : 36.748434 ]
[36.748s][info][gc       ] [HMSP 60 : 51112 0 : 36.748434 ]
[36.749s][info][gc       ] [VMAC 65530 170 24 492 686 : 36.748972 ]
[36.991s][info][gc       ] [GPGC-H  3661.7 413.9 8.0 0.0 : 935.4 : 0.000 0.000 : 0.000 0.000 0.601 1.551 : 0.000 0.000 0.000 0.000 1.784 0.830 : 0.000 : 83.543 : 1126 1788 30 0 : 2274 : 5720 5428 : 36.990659 : 9 Next_heuristic_check_may_be_too_late ]
[36.993s][info][safepoint] Application time: 0.2449438 seconds
[36.993s][info][safepoint] Total time for which application threads were stopped: 0.0002679 seconds, Stopping threads took: 0.0000004 seconds
[36.994s][info][gc       ] [SPS 0.000 0.003 0.002 0.005 0.000 0.001 0.000 0.249 0.012 0.268 NewGC_pause1 36.993097 ]
[37.055s][info][safepoint] Application time: 0.0615851 seconds
[37.055s][info][safepoint] Total time for which application threads were stopped: 0.0001474 seconds, Stopping threads took: 0.0000004 seconds
[37.056s][info][gc       ] [SPS 0.001 0.002 0.000 0.006 0.000 0.001 0.000 0.119 0.022 0.148 NewGC_pause2 37.054830 ]
[37.056s][info][safepoint] Application time: 0.0015499 seconds
[37.057s][info][safepoint] Total time for which application threads were stopped: 0.0000616 seconds, Stopping threads took: 0.0000004 seconds
[37.057s][info][gc       ] [SPS 0.000 0.000 0.000 0.006 0.000 0.001 0.000 0.040 0.014 0.062 NewGC_pause3 37.056441 ]
[37.058s][info][safepoint] Application time: 0.0011130 seconds
[37.058s][info][safepoint] Total time for which application threads were stopped: 0.0001396 seconds, Stopping threads took: 0.0000005 seconds
[37.058s][info][gc       ] [SPS 0.000 0.003 0.002 0.006 0.000 0.001 0.000 0.110 0.023 0.140 NewGC_pause4 37.057694 ]
[37.058s][info][gc       ] [GC New Max 99-89 : 6356 3458 2330 6356 - - 985 20 2 2 - : 220 1788 30 292 1348 : 216 4 1131 1131 0 : 0 1 108 0 110 - 0 : 0.243013 3670.6 0.0 0.066736 3326.5 0.0 : 3 --c 0000 : 23 0 0.000 0.000 0 0.000 0.000 0 0.000 0.000 : 36.991132 36.992829 0.000252 37.054682 0.000052 37.056380 0.000043 37.057554 0.000047 : 37.057868 ]
[37.058s][info][gc       ] [SYSINFO 8430 195 63 0 7884 0 16 0 0 6942 : - - - - - - - - : 0 7168 : 3.00 2.68 1.92 : 271935 4216500 : 0 0 : 16 0 : 2445 2 0 267 : - 8537620480 583921664 1065263104 7200940032 203833344 66772992 : 139899904 24423610 490850 0 0 0 : 37.058128 ]
[37.058s][info][gc       ] [HUGEPAGESTAT 0 0 0 - 83087 0 0 : 305152 0 0 : 37.058128 ]
[37.058s][info][gc       ] [OBJCREAT 102850740 25091 5111808 : 37.058187 ]
[37.058s][info][gc       ] [HMSV All : 0 0 30 0 0 0 0 0 : 6134 0 0 0 : 37.058201 ]
[37.058s][info][gc       ] [HMSP 60 : 51112 0 : 37.058201 ]
[37.059s][info][gc       ] [VMAC 65530 170 24 492 686 : 37.058645 ]
[37.300s][info][gc       ] [GPGC-H  3661.7 413.9 8.0 0.0 : 935.4 : 0.000 0.000 : 0.000 0.000 0.593 1.551 : 0.000 0.000 0.000 0.000 1.761 0.830 : 0.000 : 82.662 : 1070 1788 30 0 : 2274 : 5720 5428 : 37.300383 : 9 Next_heuristic_check_may_be_too_late ]
[37.303s][info][safepoint] Application time: 0.2450049 seconds
[37.304s][info][safepoint] Total time for which application threads were stopped: 0.0002951 seconds, Stopping threads took: 0.0000004 seconds
[37.304s][info][gc       ] [SPS 0.000 0.002 0.002 0.006 0.000 0.001 0.000 0.264 0.023 0.295 NewGC_pause1 37.302994 ]
[37.363s][info][safepoint] Application time: 0.0597947 seconds
[37.364s][info][safepoint] Total time for which application threads were stopped: 0.0001720 seconds, Stopping threads took: 0.0000005 seconds
[37.364s][info][gc       ] [SPS 0.000 0.006 0.000 0.018 0.000 0.001 0.000 0.117 0.035 0.172 NewGC_pause2 37.362961 ]
[37.365s][info][safepoint] Application time: 0.0022021 seconds
[37.366s][info][safepoint] Total time for which application threads were stopped: 0.0001469 seconds, Stopping threads took: 0.0000005 seconds
[37.366s][info][gc       ] [SPS 0.000 0.001 0.000 0.007 0.001 0.001 0.000 0.122 0.017 0.147 NewGC_pause3 37.365310 ]
[37.367s][info][safepoint] Application time: 0.0011854 seconds
[37.367s][info][safepoint] Total time for which application threads were stopped: 0.0000664 seconds, Stopping threads took: 0.0000005 seconds
[37.367s][info][gc       ] [SPS 0.000 0.003 0.002 0.007 0.000 0.001 0.000 0.043 0.016 0.066 NewGC_pause4 37.366562 ]
[37.367s][info][gc       ] [GC New Max 100-90 : 6356 3404 2330 6356 - - 985 20 2 2 - : 220 1788 30 292 1294 : 220 2 1076 1076 0 : 0 0 110 0 110 - 0 : 0.243067 3505.2 0.0 0.065894 3399.4 0.0 : 3 --c 0000 : 23 0 0.000 0.000 0 0.000 0.000 0 0.000 0.000 : 37.300935 37.302699 0.000232 37.362789 0.000127 37.365163 0.000125 37.366496 0.000047 : 37.366829 ]
[37.367s][info][gc       ] [SYSINFO 8430 195 63 0 7884 0 16 0 0 6942 : - - - - - - - - : 0 7168 : 2.84 2.65 1.91 : 271935 4216500 : 0 0 : 16 0 : 2445 2 0 267 : - 8537620480 583921664 1065263104 7200940032 203833344 66772992 : 139899904 24424100 490920 0 0 0 : 37.367113 ]
[37.367s][info][gc       ] [HUGEPAGESTAT 0 0 0 - 83087 0 0 : 305152 0 0 : 37.367113 ]
[37.367s][info][gc       ] [OBJCREAT 103918325 25091 5111808 : 37.367155 ]
[37.367s][info][gc       ] [HMSV All : 0 0 30 0 0 0 0 0 : 6134 0 0 0 : 37.367172 ]
[37.367s][info][gc       ] [HMSP 60 : 51112 0 : 37.367172 ]
[37.368s][info][gc       ] [VMAC 65530 170 24 492 686 : 37.367728 ]
[37.569s][info][gc       ] [GPGC-H  3661.7 413.9 8.0 0.0 : 935.4 : 0.000 0.000 : 0.000 0.000 0.586 1.551 : 0.000 0.000 0.000 0.000 1.738 0.830 : 0.000 : 81.793 : 1182 1788 30 0 : 2274 : 5720 5428 : 37.569075 : 9 Next_heuristic_check_may_be_too_late ]
[37.572s][info][safepoint] Application time: 0.2052576 seconds
[37.573s][info][safepoint] Total time for which application threads were stopped: 0.0003440 seconds, Stopping threads took: 0.0000004 seconds
[37.573s][info][gc       ] [SPS 0.000 0.003 0.003 0.006 0.000 0.001 0.000 0.308 0.029 0.344 NewGC_pause1 37.572164 ]
[37.737s][info][safepoint] Application time: 0.1649240 seconds
[37.738s][info][safepoint] Total time for which application threads were stopped: 0.0001852 seconds, Stopping threads took: 0.0000004 seconds
[37.738s][info][gc       ] [SPS 0.000 0.001 0.000 0.012 0.000 0.001 0.000 0.148 0.024 0.185 NewGC_pause2 37.737274 ]
[37.739s][info][safepoint] Application time: 0.0018015 seconds
[37.739s][info][safepoint] Total time for which application threads were stopped: 0.0000602 seconds, Stopping threads took: 0.0000004 seconds
[37.740s][info][gc       ] [SPS 0.000 0.000 0.000 0.007 0.000 0.001 0.000 0.038 0.015 0.060 NewGC_pause3 37.739135 ]
[37.740s][info][safepoint] Application time: 0.0011782 seconds
[37.741s][info][safepoint] Total time for which application threads were stopped: 0.0000663 seconds, Stopping threads took: 0.0000005 seconds
[37.741s][info][gc       ] [SPS 0.000 0.003 0.002 0.006 0.000 0.001 0.000 0.043 0.015 0.066 NewGC_pause4 37.740380 ]
[37.741s][info][gc       ] [GC New Max 101-91 : 6356 4460 3620 6356 - - 985 20 2 2 - : 1510 1788 30 292 2350 : 1496 9 851 851 0 : 0 0 573 0 665 - 90 : 0.202904 4770.7 0.0 0.170921 6845.3 0.0 : 3 --c 0000 : 23 0 0.000 0.000 0 0.000 0.000 0 0.000 0.000 : 37.569733 37.571820 0.000268 37.737088 0.000054 37.739075 0.000041 37.740314 0.000047 : 37.740654 ]
[37.741s][info][gc       ] [SYSINFO 8430 195 63 0 7884 0 16 0 0 6942 : - - - - - - - - : 0 7168 : 2.84 2.65 1.91 : 271935 4216500 : 0 0 : 16 0 : 2445 2 0 267 : - 8537620480 583921664 1065263104 7200940032 203833344 66772992 : 139899904 24424990 490990 0 0 0 : 37.740909 ]
[37.741s][info][gc       ] [HUGEPAGESTAT 0 0 0 - 83087 0 0 : 305152 0 0 : 37.740909 ]
[37.741s][info][gc       ] [OBJCREAT 106032888 25091 5111808 : 37.740955 ]
[37.741s][info][gc       ] [HMSV All : 0 0 39 0 0 0 0 0 : 6134 0 0 0 : 37.740971 ]
[37.741s][info][gc       ] [HMSP 60 : 51112 0 : 37.740971 ]
[37.741s][info][gc       ] [VMAC 65530 170 24 492 686 : 37.741456 ]
[38.144s][info][gc       ] [GPGC-H  3661.7 377.1 7.3 0.0 : 852.3 : 0.000 0.000 : 0.000 0.000 0.579 1.551 : 0.000 0.000 0.000 0.000 1.712 0.830 : 0.000 : 81.175 : 2036 1788 30 0 : 2274 : 5720 5428 : 38.144403 : 9 Next_heuristic_check_may_be_too_late ]
[38.251s][info][safepoint] Application time: 0.4195904 seconds
[38.252s][info][safepoint] Total time for which application threads were stopped: 0.0913686 seconds, Stopping threads took: 0.0909495 seconds
[38.252s][info][gc       ] [SPS 0.000 0.003 0.003 0.006 90.949 0.008 0.001 0.323 0.081 91.369 NewGC_pause1 38.251339 ]
[38.765s][info][safepoint] Application time: 0.5135175 seconds
[38.765s][info][safepoint] Total time for which application threads were stopped: 0.0000563 seconds, Stopping threads took: 0.0000004 seconds
[38.765s][info][gc       ] [SPS 0.000 0.001 0.000 0.006 0.000 0.001 0.000 0.045 0.004 0.056 NewGC_pause2 38.764913 ]
[38.766s][info][safepoint] Application time: 0.0008607 seconds
[38.766s][info][safepoint] Total time for which application threads were stopped: 0.0000571 seconds, Stopping threads took: 0.0000004 seconds
[38.766s][info][gc       ] [SPS 0.000 0.000 0.000 0.005 0.000 0.001 0.000 0.036 0.014 0.057 NewGC_pause3 38.765831 ]
[38.782s][info][safepoint] Application time: 0.0157482 seconds
[38.782s][info][safepoint] Total time for which application threads were stopped: 0.0001140 seconds, Stopping threads took: 0.0000005 seconds
[38.782s][info][gc       ] [SPS 0.000 0.003 0.004 0.006 0.000 0.001 0.000 0.093 0.013 0.114 NewGC_pause4 38.781693 ]
[38.905s][info][gc       ] [GC New Max 102-92 : 6356 5900 5874 6356 - - 985 20 2 2 - : 3764 1788 30 292 3790 : 3444 8 341 341 97 : 0 289 841 0 1827 - 55 : 0.404238 1301.2 0.0 0.759501 2588.5 0.0 : 3 --c 0000 : 23 4386 0.000 0.000 0 0.000 0.000 4386 0.000 0.000 : 38.144892 38.159971 0.091263 38.764857 0.000048 38.765774 0.000039 38.781579 0.000097 : 38.904393 ]
[38.905s][info][gc       ] [SYSINFO 8430 195 63 0 7884 0 16 0 0 6942 : - - - - - - - - : 0 7168 : 2.84 2.65 1.91 : 271935 4216524 : 0 0 : 16 0 : 2445 2 0 267 : - 8537620480 583921664 1065263104 7200940032 203833344 66772992 : 139899904 24428110 491150 0 0 0 : 38.904654 ]
[38.905s][info][gc       ] [HUGEPAGESTAT 0 0 0 - 83087 0 0 : 305152 0 0 : 38.904654 ]
[38.905s][info][gc       ] [OBJCREAT 108510745 25091 5111808 : 38.904703 ]
[38.905s][info][gc       ] [HMSV All : 0 0 40 0 0 0 0 0 : 6134 0 0 0 : 38.904723 ]
[38.905s][info][gc       ] [HMSP 60 : 51112 0 : 38.904723 ]
[38.905s][info][gc       ] [VMAC 65530 170 24 492 686 : 38.905174 ]
[38.905s][info][gc       ] [GPGC-H  3731.1 377.1 7.3 0.0 : 852.3 : 0.000 0.000 : 0.000 0.000 0.759 1.551 : 0.000 0.000 0.000 0.000 1.712 0.830 : 0.000 : 80.342 : 3768 1788 30 0 : 2274 : 5720 5428 : 38.905434 : 3 Heap_use_exceeded_committed ]
[38.912s][info][safepoint] Application time: 0.1303663 seconds
[38.913s][info][safepoint] Total time for which application threads were stopped: 0.0003813 seconds, Stopping threads took: 0.0000004 seconds
[38.913s][info][gc       ] [SPS 0.000 0.001 0.005 0.005 0.000 0.001 0.000 0.337 0.037 0.381 NewGC_pause1 38.912441 ]
[39.492s][info][safepoint] Application time: 0.5790045 seconds
[39.492s][info][safepoint] Total time for which application threads were stopped: 0.0001653 seconds, Stopping threads took: 0.0000004 seconds
[39.492s][info][gc       ] [SPS 0.000 0.001 0.000 0.005 0.000 0.001 0.000 0.139 0.021 0.165 NewGC_pause2 39.491611 ]
[39.493s][info][safepoint] Application time: 0.0016710 seconds
[39.494s][info][safepoint] Total time for which application threads were stopped: 0.0001448 seconds, Stopping threads took: 0.0000004 seconds
[39.494s][info][gc       ] [SPS 0.000 0.000 0.000 0.007 0.000 0.001 0.000 0.116 0.021 0.145 NewGC_pause3 39.493427 ]
[39.495s][info][safepoint] Application time: 0.0017241 seconds
[39.495s][info][safepoint] Total time for which application threads were stopped: 0.0000615 seconds, Stopping threads took: 0.0000005 seconds
[39.495s][info][gc       ] [SPS 0.000 0.233 0.002 0.006 0.000 0.001 0.000 0.040 0.014 0.061 NewGC_pause4 39.495212 ]
[39.496s][info][gc       ] [GC NTO Max 103-93 : 6356 6144 4244 6356 - - 985 20 2 2 - : 2134 1788 30 292 4034 : 2020 10 2007 2007 0 : 0 4 127 0 1012 - 55 : 0.001577 3804.9 0.0 0.590049 461.0 0.0 : 3 --c 0000 : 23 8005 0.000 0.001 0 0.000 0.000 8005 0.000 0.001 : 38.905970 38.912060 0.000294 39.491445 0.000091 39.493282 0.000041 39.495151 0.000044 : 39.496019 ]
[39.496s][info][gc       ] [SYSINFO 8430 195 63 0 7884 0 16 0 0 6942 : - - - - - - - - : 0 7168 : 2.84 2.65 1.91 : 271935 4216524 : 0 0 : 16 0 : 2445 3 0 267 : - 8537755648 583921664 1065398272 7200940032 203833344 66772992 : 139899904 24430220 491150 0 0 0 : 39.496252 ]
[39.496s][info][gc       ] [HUGEPAGESTAT 0 0 0 - 83087 0 0 : 305152 0 0 : 39.496252 ]
[39.496s][info][gc       ] [OBJCREAT 108792563 25155 5111808 : 39.496307 ]
[39.496s][info][gc       ] [HMSV All : 0 0 40 0 0 0 0 0 : 6142 0 0 0 : 39.496324 ]
[39.496s][info][gc       ] [HMSP 60 : 51112 0 : 39.496324 ]
[39.497s][info][gc       ] [GPGC-H  3657.4 377.1 7.3 0.0 : 852.3 : 0.000 0.000 : 0.000 0.000 0.755 1.551 : 0.000 0.000 0.000 0.000 1.712 0.830 : 0.000 : 99.733 : 2134 1788 30 0 : 2274 : 5720 5428 : 39.496570 : 8 May_exceed_heap_occupancy_target ]
[39.497s][info][safepoint] Application time: 0.0010050 seconds
[39.497s][info][safepoint] Total time for which application threads were stopped: 0.0006113 seconds, Stopping threads took: 0.0000004 seconds
[39.497s][info][gc       ] [VMAC 65530 170 24 492 686 : 39.496831 ]
[39.497s][info][gc       ] [SPS 0.000 0.000 0.000 0.006 0.000 0.001 0.000 0.581 0.023 0.611 OldGC_pause2 39.496829 ]
[39.500s][info][safepoint] Application time: 0.0026675 seconds
[39.500s][info][safepoint] Total time for which application threads were stopped: 0.0000529 seconds, Stopping threads took: 0.0000004 seconds
[39.500s][info][gc       ] [SPS 0.000 0.000 0.000 0.006 0.000 0.001 0.000 0.034 0.013 0.053 OldGC_pause3 39.499549 ]
[39.505s][info][safepoint] Application time: 0.0048204 seconds
[39.505s][info][safepoint] Total time for which application threads were stopped: 0.0001251 seconds, Stopping threads took: 0.0000004 seconds
[39.505s][info][gc       ] [SPS 0.000 0.347 0.002 0.007 0.000 0.001 0.000 0.095 0.022 0.125 NewGC_pause1 39.504495 ]
[40.096s][info][safepoint] Application time: 0.5909891 seconds
[40.096s][info][safepoint] Total time for which application threads were stopped: 0.0001476 seconds, Stopping threads took: 0.0000004 seconds
[40.096s][info][gc       ] [SPS 0.000 0.001 0.000 0.006 0.000 0.001 0.001 0.120 0.020 0.148 NewGC_pause2 40.095632 ]
[40.097s][info][safepoint] Application time: 0.0013734 seconds
[40.097s][info][safepoint] Total time for which application threads were stopped: 0.0000710 seconds, Stopping threads took: 0.0000004 seconds
[40.097s][info][gc       ] [SPS 0.000 0.000 0.000 0.005 0.000 0.001 0.000 0.051 0.014 0.071 NewGC_pause3 40.097076 ]
[40.112s][info][safepoint] Application time: 0.0149197 seconds
[40.129s][info][safepoint] Total time for which application threads were stopped: 0.0001843 seconds, Stopping threads took: 0.0000004 seconds
[40.130s][info][gc       ] [SPS 0.000 0.003 0.002 0.006 0.000 0.001 0.000 0.161 0.016 0.184 NewGC_pause4 40.112181 ]
[40.223s][info][gc       ] [GC New Max 105-94 : 6356 5900 5858 6356 - - 985 20 2 2 - : 3748 1788 30 292 3790 : 3397 7 384 384 37 : 0 292 815 0 1819 - 55 : 0.005746 3132.4 0.0 0.720704 2686.3 0.0 : 3 --c 0000 : 23 2616 0.000 0.000 0 0.000 0.000 2616 0.000 0.000 : 39.501765 39.504370 0.000099 40.095484 0.000041 40.097005 0.000055 40.111996 0.000164 : 40.222469 ]
[40.223s][info][gc       ] [SYSINFO 8430 195 63 0 7884 0 16 0 0 6942 : - - - - - - - - : 0 7168 : 2.84 2.65 1.91 : 271935 4216524 : 0 0 : 16 0 : 2445 2 0 267 : - 8537890816 583921664 1065533440 7200940032 203833344 66772992 : 139899904 24432990 491220 0 0 0 : 40.222765 ]
[40.223s][info][gc       ] [HUGEPAGESTAT 0 0 0 - 83087 0 0 : 305152 0 0 : 40.222765 ]
[40.223s][info][gc       ] [OBJCREAT 110731584 25155 5111808 : 40.222827 ]
[40.223s][info][gc       ] [HMSV All : 0 0 40 0 0 0 0 0 : 6142 0 0 0 : 40.222846 ]
[40.223s][info][gc       ] [HMSP 60 : 51112 0 : 40.222846 ]
[40.223s][info][gc       ] [VMAC 65530 170 24 492 686 : 40.223365 ]
[40.224s][info][gc       ] [GPGC-H  3625.9 342.6 6.6 0.0 : 774.2 : 0.000 0.000 : 0.000 0.000 0.754 1.551 : 0.000 0.000 0.000 0.000 1.712 0.830 : 0.000 : 99.897 : 3752 1788 30 0 : 2274 : 5720 5428 : 40.223685 : 3 Heap_use_exceeded_committed ]
[40.226s][info][safepoint] Application time: 0.1137492 seconds
[40.226s][info][safepoint] Total time for which application threads were stopped: 0.0002292 seconds, Stopping threads took: 0.0000005 seconds
[40.227s][info][gc       ] [SPS 0.000 0.002 0.009 0.007 0.000 0.001 0.000 0.168 0.053 0.229 OldGC_pause4 40.226159 ]
[40.228s][info][gc       ] [GC Old Max 104-11 : 6356 6144 4092 6356 - - 985 20 2 2 - : 3762 10 28 292 1820 : 26 9 1783 1783 0 : 0 5 0 0 19 - 0 : 6.140061 0.0 0.0 1.319681 0.0 0.0 : 1 --c 0000 : 23   -    -    -    -    -    -    -    -    -  : 38.907593 38.912060 0.000294 39.496217 0.000582 39.499496 0.000037 40.225930 0.000116 : 40.227274 ]
[40.228s][info][gc       ] [SYSINFO 8430 195 63 0 7884 0 16 0 0 6942 : - - - - - - - - : 0 7168 : 2.84 2.65 1.91 : 271935 4216524 : 0 0 : 16 0 : 2445 2 0 267 : - 8537890816 583921664 1065533440 7200940032 203833344 66772992 : 139899904 24432990 491220 0 0 0 : 40.227516 ]
[40.228s][info][gc       ] [HUGEPAGESTAT 0 0 0 - 83087 0 0 : 305152 0 0 : 40.227516 ]
[40.228s][info][gc       ] [OBJCREAT 110743478 25155 5111808 : 40.227560 ]
[40.228s][info][gc       ] [HMSV All : 0 0 40 0 0 0 0 0 : 6142 0 0 0 : 40.227574 ]
[40.228s][info][gc       ] [HMSP 60 : 51112 0 : 40.227574 ]
[40.228s][info][gc       ] [COMPSTATS 1 : 5 0 : 1 0 : 0 0 : 515 5 0 0 0 0 : 0 0 0 0 0 0 : 130 132 15 : 520 0 0 0 0 0 0 : 520 0 0 0 0 0 0 ]
[40.228s][info][gc       ] [COMPSTATS 2 : 5 0 : 1 0 : 0 0 : 129 11 0 0 0 0 : 0 0 0 0 0 0 : 48891 48995 9410 : 69 45 26 0 0 0 0 : 32 86 17 4 1 0 0 ]
[40.228s][info][gc       ] [DEOPTSTATS 1 : 1 0 : 0 0 : 0 0 : 0 0 : 0 12 : 0 0 : 0 0 : 0 0 : 0 0 : 0 0 : 0 0 : 0 0 : 0 0 : 0 0 : 0 0 : 0 0 : 0 0 : 0 0 : 0 0 : 0 0 : 0 0 : 0 0 : 0 0 : 0 0 : 0 0 : 0 0 : 0 0 : 0 0 : 0 0 : 0 0 : 6 0 : 0 0 : 0 0 : 0 0 : 0 0 : 0 0 : 0 0 : 0 0 : 0 0 : 0 0 : 0 0 : 0 0 ]
[40.228s][info][gc       ] [DEOPTSTATS 2 : 0 0 : 0 0 : 0 0 : 0 0 : 0 0 : 0 0 : 0 11 : 0 0 : 0 0 : 0 0 : 0 0 : 0 0 : 0 0 : 0 0 : 0 0 : 0 0 : 0 0 : 0 0 : 0 0 : 0 0 : 0 0 : 0 0 : 0 0 : 0 0 : 0 0 : 0 0 : 0 0 : 0 0 : 0 0 : 0 0 : 5 0 : 0 0 : 0 0 : 0 0 : 0 1 : 0 0 : 0 0 : 0 0 : 0 0 : 0 3 : 0 0 : 0 0 ]
[40.228s][info][gc       ] [VMAC 65530 170 24 492 686 : 40.228003 ]
[40.228s][info][gc       ] [CCF 0 0 0 0 32 181248: 3063296 : 380 196608 : 3 49152 : 317 311808 :  508 625664 : 120 416256 : 0 0 : 15 1228800 : 1 2048]
[40.233s][info][safepoint] Application time: 0.0064008 seconds
[40.233s][info][safepoint] Total time for which application threads were stopped: 0.0001958 seconds, Stopping threads took: 0.0000005 seconds
[40.233s][info][gc       ] [SPS 0.000 0.002 0.002 0.006 0.000 0.001 0.000 0.167 0.021 0.196 NewGC_pause1 40.232756 ]
[40.880s][info][safepoint] Application time: 0.6470175 seconds
[40.880s][info][safepoint] Total time for which application threads were stopped: 0.0001335 seconds, Stopping threads took: 0.0000004 seconds
[40.881s][info][gc       ] [SPS 0.000 0.001 0.000 0.006 0.000 0.001 0.000 0.105 0.021 0.134 NewGC_pause2 40.879907 ]
[40.882s][info][safepoint] Application time: 0.0015347 seconds
[40.882s][info][safepoint] Total time for which application threads were stopped: 0.0001588 seconds, Stopping threads took: 0.0000004 seconds
[40.882s][info][gc       ] [SPS 0.000 0.000 0.000 0.006 0.000 0.001 0.000 0.122 0.029 0.159 NewGC_pause3 40.881601 ]
[40.898s][info][safepoint] Application time: 0.0162221 seconds
[40.898s][info][safepoint] Total time for which application threads were stopped: 0.0001391 seconds, Stopping threads took: 0.0000005 seconds
[40.899s][info][gc       ] [SPS 0.000 0.003 0.003 0.008 0.000 0.001 0.000 0.108 0.022 0.139 NewGC_pause4 40.897962 ]
[41.269s][info][gc       ] [GC New Max 106-95 : 6356 5942 5340 6356 - - 985 20 2 2 - : 4268 750 30 292 5610 : 3610 6 1993 1993 28 : 370 0 917 0 2134 - 0 : 0.006108 2947.0 0.0 1.039902 3079.1 1.9 : 3 --c 0000 : 23 2941 0.000 0.000 0 0.000 0.000 2941 0.000 0.000 : 40.228577 40.232560 0.000103 40.879774 0.000049 40.881442 0.000045 40.897823 0.000055 : 41.268478 ]
[41.269s][info][gc       ] [SYSINFO 8431 195 63 0 7884 0 16 0 0 6942 : - - - - - - - - : 0 7168 : 2.84 2.65 1.91 : 271935 4216524 : 0 0 : 16 0 : 2445 2 0 267 : - 8537890816 583921664 1065533440 7200940032 203833344 66772992 : 139899904 24436720 491270 0 0 0 : 41.268734 ]
[41.269s][info][gc       ] [HUGEPAGESTAT 0 0 0 - 83087 0 0 : 305152 0 0 : 41.268734 ]
[41.269s][info][gc       ] [OBJCREAT 113925700 25155 5709824 : 41.268782 ]
[41.269s][info][gc       ] [HMSV All : 0 0 40 0 0 0 0 0 : 6142 0 0 0 : 41.268797 ]
[41.269s][info][gc       ] [HMSP 60 : 51112 0 : 41.268797 ]
[41.270s][info][gc       ] [GPGC-H  3602.4 342.6 6.6 0.0 : 774.2 : 0.000 0.000 : 0.000 0.000 0.788 1.484 : 0.000 0.000 0.000 0.000 1.763 0.830 : 0.000 : 99.896 : 4272 750 30 0 : 2274 : 5720 5428 : 41.269622 : 8 May_exceed_heap_occupancy_target ]
[41.269s][info][gc       ] [VMAC 65530 170 24 492 686 : 41.269421 ]
[41.275s][info][safepoint] Application time: 0.3771333 seconds
[41.276s][info][safepoint] Total time for which application threads were stopped: 0.0001723 seconds, Stopping threads took: 0.0000004 seconds
[41.276s][info][gc       ] [SPS 0.000 0.001 0.008 0.007 0.000 0.001 0.000 0.148 0.016 0.172 NewGC_pause1 41.275268 ]
[41.722s][info][safepoint] Application time: 0.4465597 seconds
[41.722s][info][safepoint] Total time for which application threads were stopped: 0.0000559 seconds, Stopping threads took: 0.0000004 seconds
[41.723s][info][gc       ] [SPS 0.000 0.001 0.000 0.007 0.000 0.001 0.001 0.043 0.004 0.056 NewGC_pause2 41.721883 ]
[41.723s][info][safepoint] Application time: 0.0014137 seconds
[41.724s][info][safepoint] Total time for which application threads were stopped: 0.0001150 seconds, Stopping threads took: 0.0000004 seconds
[41.724s][info][gc       ] [SPS 0.000 0.001 0.000 0.007 0.000 0.001 0.000 0.093 0.014 0.115 NewGC_pause3 41.723412 ]
[41.740s][info][safepoint] Application time: 0.0168999 seconds
[41.741s][info][safepoint] Total time for which application threads were stopped: 0.0001724 seconds, Stopping threads took: 0.0000005 seconds
[41.741s][info][gc       ] [SPS 0.000 0.034 0.010 0.007 0.000 0.001 0.000 0.140 0.023 0.172 NewGC_pause4 41.740485 ]
[41.983s][info][gc       ] [GC NTO Max 107-96 : 6356 5990 3620 6356 - - 985 20 2 2 - : 1930 1366 30 292 4918 : 1674 5 3242 3242 10 : 308 0 314 0 965 - 0 : 0.001500 3999.0 0.0 0.712761 2107.3 0.0 : 3 --c 0000 : 23 4419 0.000 0.000 0 0.000 0.000 4419 0.000 0.000 : 41.269979 41.275096 0.000152 41.721828 0.000047 41.723297 0.000098 41.740312 0.000097 : 41.982739 ]
[41.983s][info][gc       ] [SYSINFO 8431 195 63 0 7884 0 16 0 0 6942 : - - - - - - - - : 0 7168 : 2.84 2.65 1.91 : 271935 4216524 : 0 0 : 16 0 : 2445 3 0 267 : - 8537890816 583921664 1065533440 7200940032 203833344 66772992 : 139899904 24439950 491300 0 0 0 : 41.982998 ]
[41.983s][info][gc       ] [HUGEPAGESTAT 0 0 0 - 83087 0 0 : 305152 0 0 : 41.982998 ]
[41.983s][info][gc       ] [OBJCREAT 115423628 25220 6340608 : 41.983047 ]
[41.983s][info][gc       ] [HMSV All : 0 0 40 0 0 0 0 0 : 6142 0 0 0 : 41.983064 ]
[41.983s][info][gc       ] [HMSP 60 : 51112 0 : 41.983064 ]
[41.984s][info][gc       ] [VMAC 65530 170 24 492 686 : 41.983706 ]
[41.984s][info][gc       ] [GPGC-H  3559.3 342.6 6.6 0.0 : 774.2 : 0.000 0.000 : 0.000 0.000 0.781 1.484 : 0.000 0.000 0.000 0.000 2.081 0.830 : 0.000 : 99.893 : 1932 1366 30 0 : 2274 : 5720 5428 : 41.983930 : 9 Next_heuristic_check_may_be_too_late ]
[41.985s][info][safepoint] Application time: 0.2428004 seconds
[41.985s][info][safepoint] Total time for which application threads were stopped: 0.0012401 seconds, Stopping threads took: 0.0000004 seconds
[41.985s][info][gc       ] [SPS 0.000 0.001 0.000 0.006 0.000 0.001 0.000 1.202 0.031 1.240 OldGC_pause2 41.984526 ]
[41.989s][info][safepoint] Application time: 0.0047761 seconds
[41.989s][info][safepoint] Total time for which application threads were stopped: 0.0000634 seconds, Stopping threads took: 0.0000004 seconds
[41.990s][info][gc       ] [SPS 0.000 0.000 0.000 0.007 0.000 0.001 0.000 0.042 0.013 0.063 OldGC_pause3 41.989365 ]
[41.995s][info][safepoint] Application time: 0.0053149 seconds
[41.995s][info][safepoint] Total time for which application threads were stopped: 0.0001243 seconds, Stopping threads took: 0.0000005 seconds
[41.995s][info][gc       ] [SPS 0.000 3.367 0.003 0.006 0.000 0.001 0.000 0.102 0.014 0.124 NewGC_pause1 41.994804 ]
[42.261s][info][safepoint] Application time: 0.2659474 seconds
[42.261s][info][safepoint] Total time for which application threads were stopped: 0.0001394 seconds, Stopping threads took: 0.0000005 seconds
[42.262s][info][gc       ] [SPS 0.000 0.001 0.000 0.012 0.000 0.005 0.000 0.106 0.016 0.139 NewGC_pause2 42.260891 ]
[42.263s][info][safepoint] Application time: 0.0017912 seconds
[42.263s][info][safepoint] Total time for which application threads were stopped: 0.0000870 seconds, Stopping threads took: 0.0000005 seconds
[42.263s][info][gc       ] [SPS 0.000 0.000 0.000 0.007 0.000 0.001 0.000 0.063 0.015 0.087 NewGC_pause3 42.262769 ]
[42.278s][info][safepoint] Application time: 0.0154507 seconds
[42.279s][info][safepoint] Total time for which application threads were stopped: 0.0000967 seconds, Stopping threads took: 0.0000004 seconds
[42.279s][info][gc       ] [SPS 0.000 0.005 0.010 0.007 0.000 0.001 0.000 0.060 0.028 0.097 NewGC_pause4 42.278317 ]
[42.439s][info][gc       ] [GC New Max 109-97 : 6356 4652 3746 6356 - - 985 20 2 2 - : 1692 1732 30 292 2964 : 1433 4 1532 1532 1 : 183 0 500 0 846 - 0 : 0.005958 3021.0 0.0 0.450464 3631.8 0.0 : 3 --c 0000 : 23 0 0.000 0.000 0 0.000 0.000 0 0.000 0.000 : 41.988698 41.994680 0.000105 42.260752 0.000119 42.262682 0.000063 42.278221 0.000064 : 42.439162 ]
[42.439s][info][gc       ] [SYSINFO 8431 195 63 0 7884 0 16 0 0 6942 : - - - - - - - - : 0 7168 : 2.93 2.67 1.93 : 271935 4216524 : 0 0 : 16 0 : 2445 2 0 267 : - 8537890816 583921664 1065533440 7200940032 203833344 66772992 : 139899904 24441730 491340 0 0 0 : 42.439449 ]
[42.439s][info][gc       ] [HUGEPAGESTAT 0 0 0 - 83087 0 0 : 305152 0 0 : 42.439449 ]
[42.439s][info][gc       ] [OBJCREAT 117061222 25220 6666240 : 42.439499 ]
[42.440s][info][gc       ] [HMSV All : 0 0 40 0 0 0 0 0 : 6142 0 0 0 : 42.439516 ]
[42.440s][info][gc       ] [HMSP 60 : 51112 0 : 42.439516 ]
[42.440s][info][gc       ] [VMAC 65530 170 24 492 686 : 42.439978 ]
[42.442s][info][safepoint] Application time: 0.1638251 seconds
[42.443s][info][safepoint] Total time for which application threads were stopped: 0.0001903 seconds, Stopping threads took: 0.0000005 seconds
[42.443s][info][gc       ] [SPS 0.000 0.002 0.004 0.007 0.001 0.001 0.000 0.147 0.035 0.190 OldGC_pause4 42.442333 ]
[42.449s][info][gc       ] [GC Old Max 108-12 : 6356 5990 3766 6356 - - 985 20 2 2 - : 1722 1722 30 292 1772 : 1738 18 5 5 0 : 0 10 491 2 821 - 55 : 1.044281 559.2 1.9 1.177268 793.4 0.0 : 1 --c 0000 : 23   -    -    -    -    -    -    -    -    -  : 41.271555 41.275096 0.000152 41.983286 0.001130 41.989302 0.000046 42.442142 0.000104 : 42.448823 ]
[42.449s][info][gc       ] [SYSINFO 8431 195 63 0 7884 0 16 0 0 6942 : - - - - - - - - : 0 7168 : 2.93 2.67 1.93 : 271935 4216524 : 0 0 : 16 0 : 2445 2 0 267 : - 8537890816 583921664 1065533440 7200940032 203833344 66772992 : 139899904 24441730 491340 0 0 0 : 42.449054 ]
[42.449s][info][gc       ] [HUGEPAGESTAT 0 0 0 - 83087 0 0 : 305152 0 0 : 42.449054 ]
[42.449s][info][gc       ] [OBJCREAT 117092937 25220 6666240 : 42.449099 ]
[42.449s][info][gc       ] [HMSV All : 0 0 40 0 0 0 0 0 : 6142 0 0 0 : 42.449116 ]
[42.449s][info][gc       ] [HMSP 60 : 51112 0 : 42.449116 ]
[42.449s][info][gc       ] [COMPSTATS 1 : 5 0 : 1 0 : 0 0 : 516 5 0 0 0 0 : 0 0 0 0 0 0 : 131 132 15 : 521 0 0 0 0 0 0 : 521 0 0 0 0 0 0 ]
[42.449s][info][gc       ] [COMPSTATS 2 : 5 0 : 1 0 : 0 0 : 129 11 0 0 0 0 : 0 0 0 0 0 0 : 48891 48995 9410 : 69 45 26 0 0 0 0 : 32 86 17 4 1 0 0 ]
[42.449s][info][gc       ] [DEOPTSTATS 1 : 1 0 : 0 0 : 0 0 : 0 0 : 0 12 : 0 0 : 0 0 : 0 0 : 0 0 : 0 0 : 0 0 : 0 0 : 0 0 : 0 0 : 0 0 : 0 0 : 0 0 : 0 0 : 0 0 : 0 0 : 0 0 : 0 0 : 0 0 : 0 0 : 0 0 : 0 0 : 0 0 : 0 0 : 0 0 : 0 0 : 6 0 : 0 0 : 0 0 : 0 0 : 0 0 : 0 0 : 0 0 : 0 0 : 0 0 : 0 0 : 0 0 : 0 0 ]
[42.449s][info][gc       ] [DEOPTSTATS 2 : 0 0 : 0 0 : 0 0 : 0 0 : 0 0 : 0 0 : 0 11 : 0 0 : 0 0 : 0 0 : 0 0 : 0 0 : 0 0 : 0 0 : 0 0 : 0 0 : 0 0 : 0 0 : 0 0 : 0 0 : 0 0 : 0 0 : 0 0 : 0 0 : 0 0 : 0 0 : 0 0 : 0 0 : 0 0 : 0 0 : 5 0 : 0 0 : 0 0 : 0 0 : 0 1 : 0 0 : 0 0 : 0 0 : 0 0 : 0 3 : 0 0 : 0 0 ]
[42.450s][info][gc       ] [CCF 0 0 0 0 32 181248: 3063808 : 380 196608 : 3 49152 : 317 311808 :  509 626176 : 120 416256 : 0 0 : 15 1228800 : 1 2048]
[42.450s][info][gc       ] [VMAC 65530 170 24 492 686 : 42.449655 ]
[42.561s][info][gc       ] [GPGC-H  3559.3 684.9 6.0 0.0 : 698.8 : 0.000 0.000 : 0.000 0.000 0.772 1.454 : 0.000 0.000 0.000 0.000 2.078 0.757 : 0.000 : 99.886 : 2092 1722 30 0 : 2274 : 5720 5428 : 42.561236 : 9 Next_heuristic_check_may_be_too_late ]
[42.565s][info][safepoint] Application time: 0.1222589 seconds
[42.565s][info][safepoint] Total time for which application threads were stopped: 0.0002338 seconds, Stopping threads took: 0.0000004 seconds
[42.566s][info][gc       ] [SPS 0.000 0.003 0.003 0.006 0.000 0.001 0.000 0.212 0.014 0.233 NewGC_pause1 42.564825 ]
[42.730s][info][safepoint] Application time: 0.1648241 seconds
[42.730s][info][safepoint] Total time for which application threads were stopped: 0.0002472 seconds, Stopping threads took: 0.0000005 seconds
[42.731s][info][gc       ] [SPS 0.000 0.002 0.001 0.008 0.001 0.001 0.001 0.204 0.034 0.248 NewGC_pause2 42.729897 ]
[42.732s][info][safepoint] Application time: 0.0015660 seconds
[42.732s][info][safepoint] Total time for which application threads were stopped: 0.0000668 seconds, Stopping threads took: 0.0000005 seconds
[42.732s][info][gc       ] [SPS 0.000 0.001 0.000 0.007 0.000 0.001 0.000 0.041 0.017 0.067 NewGC_pause3 42.731530 ]
[42.739s][info][safepoint] Application time: 0.0076631 seconds
[42.740s][info][safepoint] Total time for which application threads were stopped: 0.0000862 seconds, Stopping threads took: 0.0000004 seconds
[42.740s][info][gc       ] [SPS 0.000 0.005 0.009 0.007 0.000 0.001 0.000 0.050 0.027 0.086 NewGC_pause4 42.739279 ]
[42.790s][info][gc       ] [GC New Max 110-98 : 6356 4706 2880 6356 - - 985 20 2 2 - : 762 1794 30 292 2662 : 631 4 2028 2028 0 : 36 1 280 0 381 - 0 : 0.122620 3278.4 0.0 0.227764 3371.9 0.0 : 3 --c 0000 : 23 0 0.000 0.000 0 0.000 0.000 0 0.000 0.000 : 42.561782 42.564592 0.000216 42.729650 0.000154 42.731463 0.000041 42.739193 0.000054 : 42.789546 ]
[42.790s][info][gc       ] [SYSINFO 8431 195 63 0 7884 0 16 0 0 6942 : - - - - - - - - : 0 7168 : 2.93 2.67 1.93 : 271935 4216524 : 0 0 : 16 0 : 2445 2 0 267 : - 8537890816 583921664 1065533440 7200940032 203833344 66772992 : 139899904 24442700 491390 0 0 0 : 42.789850 ]
[42.790s][info][gc       ] [HUGEPAGESTAT 0 0 0 - 83087 0 0 : 305152 0 0 : 42.789850 ]
[42.790s][info][gc       ] [OBJCREAT 118221642 25220 6739968 : 42.789900 ]
[42.790s][info][gc       ] [HMSV All : 0 0 40 0 0 0 0 0 : 6142 0 0 0 : 42.789914 ]
[42.790s][info][gc       ] [HMSP 60 : 51112 0 : 42.789914 ]
[42.790s][info][gc       ] [VMAC 65530 170 24 492 686 : 42.790451 ]
[42.972s][info][gc       ] [GPGC-H  3559.3 684.9 6.0 0.0 : 698.8 : 0.000 0.000 : 0.000 0.000 0.762 1.454 : 0.000 0.000 0.000 0.000 2.073 0.757 : 0.000 : 99.326 : 1458 1794 30 0 : 2274 : 5720 5428 : 42.971628 : 9 Next_heuristic_check_may_be_too_late ]
[42.974s][info][safepoint] Application time: 0.2345590 seconds
[42.974s][info][safepoint] Total time for which application threads were stopped: 0.0001159 seconds, Stopping threads took: 0.0000004 seconds
[42.975s][info][gc       ] [SPS 0.000 0.004 0.003 0.007 0.000 0.001 0.000 0.094 0.014 0.116 NewGC_pause1 42.973954 ]
[43.059s][info][safepoint] Application time: 0.0844820 seconds
[43.059s][info][safepoint] Total time for which application threads were stopped: 0.0001576 seconds, Stopping threads took: 0.0000004 seconds
[43.059s][info][gc       ] [SPS 0.000 0.001 0.000 0.006 0.000 0.001 0.000 0.130 0.021 0.158 NewGC_pause2 43.058594 ]
[43.060s][info][safepoint] Application time: 0.0017069 seconds
[43.061s][info][safepoint] Total time for which application threads were stopped: 0.0000601 seconds, Stopping threads took: 0.0000004 seconds
[43.061s][info][gc       ] [SPS 0.000 0.000 0.000 0.006 0.000 0.001 0.000 0.037 0.015 0.060 NewGC_pause3 43.060361 ]
[43.062s][info][safepoint] Application time: 0.0010603 seconds
[43.062s][info][safepoint] Total time for which application threads were stopped: 0.0000808 seconds, Stopping threads took: 0.0000004 seconds
[43.062s][info][gc       ] [SPS 0.000 0.003 0.002 0.017 0.000 0.001 0.000 0.045 0.018 0.081 NewGC_pause4 43.061502 ]
[43.062s][info][gc       ] [GC New Max 111-99 : 6356 3886 2424 6356 - - 985 20 2 2 - : 306 1794 30 292 1770 : 306 2 1466 1466 0 : 0 0 153 0 154 - 0 : 0.182467 3825.4 0.0 0.089818 3473.7 0.0 : 3 --c 0000 : 23 0 0.000 0.000 0 0.000 0.000 0 0.000 0.000 : 42.972012 42.973838 0.000093 43.058437 0.000092 43.060301 0.000041 43.061421 0.000059 : 43.061830 ]
[43.062s][info][gc       ] [SYSINFO 8431 195 63 0 7884 0 16 0 0 6942 : - - - - - - - - : 0 7168 : 2.93 2.67 1.93 : 271935 4216524 : 0 0 : 16 0 : 2445 2 0 267 : - 8537890816 583921664 1065533440 7200940032 203833344 66772992 : 139899904 24443210 491400 0 0 0 : 43.062057 ]
[43.062s][info][gc       ] [HUGEPAGESTAT 0 0 0 - 83087 0 0 : 305152 0 0 : 43.062057 ]
[43.062s][info][gc       ] [OBJCREAT 119221093 25220 6739968 : 43.062101 ]
[43.062s][info][gc       ] [HMSV All : 0 0 40 0 0 0 0 0 : 6142 0 0 0 : 43.062116 ]
[43.062s][info][gc       ] [HMSP 60 : 51112 0 : 43.062116 ]
[43.063s][info][gc       ] [VMAC 65530 170 24 492 686 : 43.062642 ]
[43.304s][info][gc       ] [GPGC-H  3559.3 684.9 6.0 0.0 : 698.8 : 0.000 0.000 : 0.000 0.000 0.754 1.454 : 0.000 0.000 0.000 0.000 2.064 0.757 : 0.000 : 98.497 : 1174 1794 30 0 : 2274 : 5720 5428 : 43.304225 : 9 Next_heuristic_check_may_be_too_late ]
[43.307s][info][safepoint] Application time: 0.2450683 seconds
[43.307s][info][safepoint] Total time for which application threads were stopped: 0.0003032 seconds, Stopping threads took: 0.0000004 seconds
[43.307s][info][gc       ] [SPS 0.000 0.003 0.002 0.006 0.000 0.001 0.000 0.275 0.021 0.303 NewGC_pause1 43.306874 ]
[43.369s][info][safepoint] Application time: 0.0617179 seconds
[43.369s][info][safepoint] Total time for which application threads were stopped: 0.0001364 seconds, Stopping threads took: 0.0000004 seconds
[43.369s][info][gc       ] [SPS 0.000 0.001 0.000 0.006 0.000 0.001 0.000 0.105 0.024 0.136 NewGC_pause2 43.368728 ]
[43.370s][info][safepoint] Application time: 0.0014229 seconds
[43.370s][info][safepoint] Total time for which application threads were stopped: 0.0001263 seconds, Stopping threads took: 0.0000004 seconds
[43.371s][info][gc       ] [SPS 0.000 0.001 0.000 0.006 0.000 0.001 0.000 0.097 0.021 0.126 NewGC_pause3 43.370278 ]
[43.371s][info][safepoint] Application time: 0.0009396 seconds
[43.371s][info][safepoint] Total time for which application threads were stopped: 0.0000787 seconds, Stopping threads took: 0.0000004 seconds
[43.372s][info][gc       ] [SPS 0.000 0.003 0.002 0.011 0.000 0.001 0.000 0.051 0.015 0.079 NewGC_pause4 43.371296 ]
[43.372s][info][gc       ] [GC New Max 112-100 : 6356 3518 2340 6356 - - 985 20 2 2 - : 224 1794 30 292 1402 : 220 4 1181 1181 0 : 0 1 110 0 112 - 0 : 0.242927 3581.3 0.0 0.066867 3409.8 0.0 : 3 --c 0000 : 23 0 0.000 0.000 0 0.000 0.000 0 0.000 0.000 : 43.304757 43.306571 0.000216 43.368592 0.000110 43.370151 0.000039 43.371217 0.000054 : 43.371624 ]
[43.372s][info][gc       ] [SYSINFO 8431 195 63 0 7884 0 16 0 0 6942 : - - - - - - - - : 0 7168 : 2.93 2.67 1.93 : 271935 4216524 : 0 0 : 16 0 : 2445 2 0 267 : - 8537890816 583921664 1065533440 7200940032 203833344 66772992 : 139899904 24443700 491410 0 0 0 : 43.371889 ]
[43.372s][info][gc       ] [HUGEPAGESTAT 0 0 0 - 83087 0 0 : 305152 0 0 : 43.371889 ]
[43.372s][info][gc       ] [OBJCREAT 120306851 25220 6739968 : 43.371932 ]
[43.372s][info][gc       ] [HMSV All : 0 0 40 0 0 0 0 0 : 6142 0 0 0 : 43.371948 ]
[43.372s][info][gc       ] [HMSP 60 : 51112 0 : 43.371948 ]
[43.372s][info][gc       ] [VMAC 65530 170 24 492 686 : 43.372402 ]
[43.614s][info][gc       ] [GPGC-H  3559.3 684.9 6.0 0.0 : 698.8 : 0.000 0.000 : 0.000 0.000 0.744 1.454 : 0.000 0.000 0.000 0.000 2.046 0.757 : 0.000 : 97.403 : 1130 1794 30 0 : 2274 : 5720 5428 : 43.613588 : 9 Next_heuristic_check_may_be_too_late ]
[43.616s][info][safepoint] Application time: 0.2447040 seconds
[43.617s][info][safepoint] Total time for which application threads were stopped: 0.0002390 seconds, Stopping threads took: 0.0000004 seconds
[43.617s][info][gc       ] [SPS 0.000 0.003 0.002 0.006 0.000 0.001 0.000 0.211 0.021 0.239 NewGC_pause1 43.616239 ]
[43.693s][info][safepoint] Application time: 0.0763077 seconds
[43.693s][info][safepoint] Total time for which application threads were stopped: 0.0001099 seconds, Stopping threads took: 0.0000004 seconds
[43.693s][info][gc       ] [SPS 0.000 0.001 0.000 0.006 0.000 0.001 0.000 0.090 0.012 0.110 NewGC_pause2 43.692657 ]
[43.694s][info][safepoint] Application time: 0.0010851 seconds
[43.694s][info][safepoint] Total time for which application threads were stopped: 0.0000525 seconds, Stopping threads took: 0.0000004 seconds
[43.694s][info][gc       ] [SPS 0.000 0.000 0.000 0.006 0.000 0.001 0.000 0.034 0.011 0.053 NewGC_pause3 43.693795 ]
[43.695s][info][safepoint] Application time: 0.0010416 seconds
[43.695s][info][safepoint] Total time for which application threads were stopped: 0.0000602 seconds, Stopping threads took: 0.0000004 seconds
[43.695s][info][gc       ] [SPS 0.000 0.002 0.002 0.006 0.000 0.001 0.000 0.040 0.012 0.060 NewGC_pause4 43.694896 ]
[43.695s][info][gc       ] [GC New Max 113-101 : 6356 3532 2398 6356 - - 985 20 2 2 - : 282 1794 30 292 1416 : 278 4 1136 1136 0 : 0 1 139 0 141 - 0 : 0.242520 3744.0 0.0 0.080979 3531.8 0.0 : 3 --c 0000 : 23 0 0.000 0.000 0 0.000 0.000 0 0.000 0.000 : 43.614143 43.616000 0.000214 43.692547 0.000093 43.693742 0.000038 43.694836 0.000043 : 43.695123 ]
[43.695s][info][gc       ] [SYSINFO 8431 195 63 0 7884 0 16 0 0 6942 : - - - - - - - - : 0 7168 : 2.93 2.67 1.93 : 271935 4216524 : 0 0 : 16 0 : 2445 3 0 267 : - 8537890816 583921664 1065533440 7200940032 203833344 66772992 : 139899904 24444240 491460 0 0 0 : 43.695381 ]
[43.695s][info][gc       ] [HUGEPAGESTAT 0 0 0 - 83087 0 0 : 305152 0 0 : 43.695381 ]
[43.695s][info][gc       ] [OBJCREAT 121489216 25220 6739968 : 43.695425 ]
[43.695s][info][gc       ] [HMSV All : 0 0 40 0 0 0 0 0 : 6142 0 0 0 : 43.695438 ]
[43.695s][info][gc       ] [HMSP 60 : 51112 0 : 43.695438 ]
[43.696s][info][gc       ] [VMAC 65530 170 24 492 686 : 43.695922 ]
[43.937s][info][gc       ] [GPGC-H  3547.3 684.9 6.0 0.0 : 698.8 : 0.000 0.000 : 0.000 0.000 0.734 1.454 : 0.000 0.000 0.000 0.000 2.023 0.757 : 0.000 : 96.330 : 1158 1794 30 0 : 2274 : 5720 5428 : 43.936922 : 9 Next_heuristic_check_may_be_too_late ]
[43.939s][info][safepoint] Application time: 0.2442515 seconds
[43.940s][info][safepoint] Total time for which application threads were stopped: 0.0003283 seconds, Stopping threads took: 0.0000004 seconds
[43.940s][info][gc       ] [SPS 0.001 0.008 0.008 0.006 0.000 0.001 0.000 0.297 0.024 0.328 NewGC_pause1 43.939477 ]
[44.001s][info][safepoint] Application time: 0.0618501 seconds
[44.002s][info][safepoint] Total time for which application threads were stopped: 0.0001475 seconds, Stopping threads took: 0.0000004 seconds
[44.003s][info][gc       ] [SPS 0.000 0.001 0.000 0.007 0.000 0.001 0.000 0.117 0.022 0.148 NewGC_pause2 44.001475 ]
[44.004s][info][safepoint] Application time: 0.0021894 seconds
[44.004s][info][safepoint] Total time for which application threads were stopped: 0.0000722 seconds, Stopping threads took: 0.0000005 seconds
[44.004s][info][gc       ] [SPS 0.000 0.000 0.000 0.007 0.000 0.001 0.000 0.050 0.014 0.072 NewGC_pause3 44.003736 ]
[44.005s][info][safepoint] Application time: 0.0013220 seconds
[44.005s][info][safepoint] Total time for which application threads were stopped: 0.0001331 seconds, Stopping threads took: 0.0000005 seconds
[44.006s][info][gc       ] [SPS 0.000 0.006 0.002 0.006 0.000 0.001 0.000 0.112 0.013 0.133 NewGC_pause4 44.005191 ]
[44.006s][info][gc       ] [GC New Max 114-102 : 6356 3506 2348 6356 - - 985 20 2 2 - : 232 1794 30 292 1390 : 228 4 1163 1163 0 : 0 1 114 0 116 - 0 : 0.242192 3625.2 0.0 0.068212 3430.5 0.0 : 3 --c 0000 : 23 0 0.000 0.000 0 0.000 0.000 0 0.000 0.000 : 43.937314 43.939148 0.000188 44.001327 0.000122 44.003664 0.000055 44.005058 0.000116 : 44.005527 ]
[44.006s][info][gc       ] [SYSINFO 8431 195 63 0 7884 0 16 0 0 6942 : - - - - - - - - : 0 7168 : 2.93 2.67 1.93 : 271935 4216524 : 0 0 : 16 0 : 2445 2 0 267 : - 8537890816 583921664 1065533440 7200940032 203833344 66772992 : 139899904 24444710 491490 0 0 0 : 44.005775 ]
[44.006s][info][gc       ] [HUGEPAGESTAT 0 0 0 - 83087 0 0 : 305152 0 0 : 44.005775 ]
[44.006s][info][gc       ] [OBJCREAT 122591198 25220 6739968 : 44.005819 ]
[44.006s][info][gc       ] [HMSV All : 0 0 40 0 0 0 0 0 : 6142 0 0 0 : 44.005836 ]
[44.006s][info][gc       ] [HMSP 60 : 51112 0 : 44.005836 ]
[44.006s][info][gc       ] [VMAC 65530 170 24 492 686 : 44.006333 ]
[44.227s][info][gc       ] [GPGC-H  3547.3 684.9 6.0 0.0 : 698.8 : 0.000 0.000 : 0.000 0.000 0.725 1.454 : 0.000 0.000 0.000 0.000 1.998 0.757 : 0.000 : 95.271 : 1106 1794 30 0 : 2274 : 5720 5428 : 44.227216 : 9 Next_heuristic_check_may_be_too_late ]
[44.230s][info][safepoint] Application time: 0.2239630 seconds
[44.230s][info][safepoint] Total time for which application threads were stopped: 0.0003261 seconds, Stopping threads took: 0.0000004 seconds
[44.230s][info][gc       ] [SPS 0.000 0.003 0.002 0.006 0.000 0.001 0.000 0.280 0.039 0.326 NewGC_pause1 44.229481 ]
[44.289s][info][safepoint] Application time: 0.0589646 seconds
[44.289s][info][safepoint] Total time for which application threads were stopped: 0.0000581 seconds, Stopping threads took: 0.0000004 seconds
[44.289s][info][gc       ] [SPS 0.000 0.001 0.000 0.006 0.000 0.001 0.000 0.037 0.013 0.058 NewGC_pause2 44.288503 ]
[44.290s][info][safepoint] Application time: 0.0014054 seconds
[44.290s][info][safepoint] Total time for which application threads were stopped: 0.0000528 seconds, Stopping threads took: 0.0000004 seconds
[44.290s][info][gc       ] [SPS 0.000 0.000 0.000 0.006 0.000 0.001 0.000 0.033 0.012 0.053 NewGC_pause3 44.289962 ]
[44.291s][info][safepoint] Application time: 0.0010169 seconds
[44.291s][info][safepoint] Total time for which application threads were stopped: 0.0000633 seconds, Stopping threads took: 0.0000004 seconds
[44.291s][info][gc       ] [SPS 0.000 0.009 0.001 0.009 0.000 0.001 0.000 0.039 0.013 0.063 NewGC_pause4 44.291042 ]
[44.292s][info][gc       ] [GC New Max 115-103 : 6356 3448 2340 6356 - - 985 20 2 2 - : 224 1794 30 292 1332 : 220 4 1110 1110 0 : 0 1 110 0 112 - 0 : 0.222130 3943.6 0.0 0.063658 3550.2 0.0 : 3 --c 0000 : 23 0 0.000 0.000 0 0.000 0.000 0 0.000 0.000 : 44.227657 44.229154 0.000151 44.288445 0.000040 44.289909 0.000037 44.290978 0.000046 : 44.291315 ]
[44.292s][info][gc       ] [SYSINFO 8431 195 63 0 7884 0 16 0 0 6942 : - - - - - - - - : 0 7168 : 2.93 2.67 1.93 : 271935 4216524 : 0 0 : 16 0 : 2445 2 0 267 : - 8537890816 583921664 1065533440 7200940032 203833344 66772992 : 139899904 24445150 491510 0 0 0 : 44.291530 ]
[44.292s][info][gc       ] [HUGEPAGESTAT 0 0 0 - 83087 0 0 : 305152 0 0 : 44.291530 ]
[44.292s][info][gc       ] [OBJCREAT 123684252 25220 6739968 : 44.291569 ]
[44.292s][info][gc       ] [HMSV All : 0 0 40 0 0 0 0 0 : 6142 0 0 0 : 44.291584 ]
[44.292s][info][gc       ] [HMSP 60 : 51112 0 : 44.291584 ]
[44.292s][info][gc       ] [VMAC 65530 170 24 492 686 : 44.292042 ]
[44.513s][info][gc       ] [GPGC-H  3547.3 627.2 5.4 0.0 : 636.8 : 0.000 0.000 : 0.000 0.000 0.716 1.454 : 0.000 0.000 0.000 0.000 1.974 0.757 : 0.000 : 94.313 : 1076 1794 30 0 : 2274 : 5720 5428 : 44.512814 : 9 Next_heuristic_check_may_be_too_late ]
[44.515s][info][safepoint] Application time: 0.2241369 seconds
[44.516s][info][safepoint] Total time for which application threads were stopped: 0.0001635 seconds, Stopping threads took: 0.0000004 seconds
[44.516s][info][gc       ] [SPSH lock suspend gclocker notify wait resuspend cleanup op_time wakeup total(ms) op_name end(s) ]
[44.516s][info][gc       ] [SPS 0.000 0.007 0.004 0.007 0.000 0.001 0.001 0.141 0.014 0.163 NewGC_pause1 44.515342 ]
[44.590s][info][safepoint] Application time: 0.0743593 seconds
[44.590s][info][safepoint] Total time for which application threads were stopped: 0.0001712 seconds, Stopping threads took: 0.0000004 seconds
[44.591s][info][gc       ] [SPS 0.000 0.001 0.000 0.006 0.000 0.001 0.000 0.150 0.013 0.171 NewGC_pause2 44.589873 ]
[44.592s][info][safepoint] Application time: 0.0020821 seconds
[44.592s][info][safepoint] Total time for which application threads were stopped: 0.0001973 seconds, Stopping threads took: 0.0000004 seconds
[44.593s][info][gc       ] [SPS 0.000 0.000 0.000 0.006 0.000 0.001 0.000 0.176 0.013 0.197 NewGC_pause3 44.592152 ]
[44.593s][info][safepoint] Application time: 0.0009757 seconds
[44.593s][info][safepoint] Total time for which application threads were stopped: 0.0000760 seconds, Stopping threads took: 0.0000091 seconds
[44.594s][info][gc       ] [SPS 0.000 0.003 0.002 0.005 0.009 0.001 0.000 0.042 0.019 0.076 NewGC_pause4 44.593204 ]
[44.594s][info][gc       ] [GC New Max 116-104 : 6356 3424 2344 6356 - - 985 20 2 2 - : 228 1794 30 292 1308 : 224 4 1082 1082 0 : 0 1 112 0 114 - 0 : 0.222001 3846.8 0.0 0.080136 2895.1 0.0 : 3 --c 0000 : 23 0 0.000 0.000 0 0.000 0.000 0 0.000 0.000 : 44.513316 44.515179 0.000144 44.589702 0.000156 44.591955 0.000181 44.593128 0.000053 : 44.593452 ]
[44.594s][info][gc       ] [SYSINFO 8431 195 63 0 7884 0 16 0 0 6942 : - - - - - - - - : 0 7168 : 2.93 2.67 1.93 : 271935 4216524 : 0 0 : 16 0 : 2445 2 0 267 : - 8537890816 583921664 1065533440 7200940032 203833344 66772992 : 139899904 24445660 491530 0 0 0 : 44.593737 ]
[44.594s][info][gc       ] [HUGEPAGESTAT 0 0 0 - 83087 0 0 : 305152 0 0 : 44.593737 ]
[44.594s][info][gc       ] [OBJCREAT 124756729 25220 6739968 : 44.593799 ]
[44.594s][info][gc       ] [HMSV All : 0 0 40 0 0 0 0 0 : 6142 0 0 0 : 44.593812 ]
[44.594s][info][gc       ] [HMSP 60 : 51112 0 : 44.593812 ]
[44.594s][info][gc       ] [VMAC 65530 170 24 492 686 : 44.594243 ]
[44.816s][info][gc       ] [GPGC-H  3547.3 627.2 5.4 0.0 : 636.8 : 0.000 0.000 : 0.000 0.000 0.707 1.454 : 0.000 0.000 0.000 0.000 1.949 0.757 : 0.000 : 93.373 : 1102 1794 30 0 : 2274 : 5720 5428 : 44.815889 : 9 Next_heuristic_check_may_be_too_late ]
[44.818s][info][safepoint] Application time: 0.2248695 seconds
[44.819s][info][safepoint] Total time for which application threads were stopped: 0.0002816 seconds, Stopping threads took: 0.0000004 seconds
[44.819s][info][gc       ] [SPS 0.000 0.003 0.002 0.006 0.000 0.001 0.000 0.262 0.013 0.282 NewGC_pause1 44.818356 ]
[44.879s][info][safepoint] Application time: 0.0601937 seconds
[44.879s][info][safepoint] Total time for which application threads were stopped: 0.0002625 seconds, Stopping threads took: 0.0000004 seconds
[44.880s][info][gc       ] [SPS 0.000 0.001 0.000 0.011 0.000 0.001 0.000 0.212 0.043 0.268 NewGC_pause2 44.878817 ]
[44.881s][info][safepoint] Application time: 0.0017486 seconds
[44.881s][info][safepoint] Total time for which application threads were stopped: 0.0000642 seconds, Stopping threads took: 0.0000004 seconds
[44.881s][info][gc       ] [SPS 0.000 0.001 0.000 0.006 0.000 0.001 0.000 0.044 0.013 0.064 NewGC_pause3 44.880625 ]
[44.882s][info][safepoint] Application time: 0.0014417 seconds
[44.882s][info][safepoint] Total time for which application threads were stopped: 0.0001244 seconds, Stopping threads took: 0.0000005 seconds
[44.882s][info][gc       ] [SPS 0.000 0.002 0.002 0.006 0.000 0.017 0.000 0.058 0.042 0.124 NewGC_pause4 44.882191 ]
[44.883s][info][gc       ] [GC New Max 117-105 : 6356 3454 2350 6356 - - 985 20 2 2 - : 234 1794 30 292 1338 : 230 4 1109 1109 0 : 0 1 115 0 117 - 0 : 0.222867 3930.6 0.0 0.066116 3599.7 0.0 : 3 --c 0000 : 23 0 0.000 0.000 0 0.000 0.000 0 0.000 0.000 : 44.816319 44.818074 0.000265 44.878549 0.000117 44.880561 0.000047 44.882066 0.000078 : 44.882436 ]
[44.883s][info][gc       ] [SYSINFO 8431 195 63 0 7884 0 16 0 0 6942 : - - - - - - - - : 0 7168 : 2.93 2.67 1.93 : 271935 4216524 : 0 0 : 16 0 : 2445 2 0 267 : - 8537890816 583921664 1065533440 7200940032 203833344 66772992 : 139899904 24446110 491630 0 0 0 : 44.882695 ]
[44.883s][info][gc       ] [HUGEPAGESTAT 0 0 0 - 83087 0 0 : 305152 0 0 : 44.882695 ]
[44.883s][info][gc       ] [OBJCREAT 125859988 25220 6739968 : 44.882735 ]
[44.883s][info][gc       ] [HMSV All : 0 0 40 0 0 0 0 0 : 6142 0 0 0 : 44.882748 ]
[44.883s][info][gc       ] [HMSP 60 : 51112 0 : 44.882748 ]
[44.883s][info][gc       ] [VMAC 65530 170 24 492 686 : 44.883157 ]
[45.104s][info][gc       ] [GPGC-H  3547.3 627.2 5.4 0.0 : 636.8 : 0.000 0.000 : 0.000 0.000 0.699 1.454 : 0.000 0.000 0.000 0.000 1.926 0.757 : 0.000 : 92.438 : 1086 1794 30 0 : 2274 : 5720 5428 : 45.104267 : 9 Next_heuristic_check_may_be_too_late ]
[45.107s][info][safepoint] Application time: 0.2240971 seconds
[45.107s][info][safepoint] Total time for which application threads were stopped: 0.0002659 seconds, Stopping threads took: 0.0000004 seconds
[45.107s][info][gc       ] [SPS 0.000 0.006 0.009 0.006 0.000 0.001 0.000 0.244 0.014 0.266 NewGC_pause1 45.106554 ]
[45.167s][info][safepoint] Application time: 0.0603751 seconds
[45.167s][info][safepoint] Total time for which application threads were stopped: 0.0000608 seconds, Stopping threads took: 0.0000004 seconds
[45.168s][info][gc       ] [SPS 0.000 0.001 0.000 0.007 0.000 0.001 0.000 0.039 0.013 0.061 NewGC_pause2 45.166990 ]
[45.168s][info][safepoint] Application time: 0.0014382 seconds
[45.169s][info][safepoint] Total time for which application threads were stopped: 0.0000563 seconds, Stopping threads took: 0.0000004 seconds
[45.169s][info][gc       ] [SPS 0.000 0.000 0.000 0.006 0.000 0.001 0.000 0.036 0.012 0.056 NewGC_pause3 45.168484 ]
[45.170s][info][safepoint] Application time: 0.0010654 seconds
[45.170s][info][safepoint] Total time for which application threads were stopped: 0.0000623 seconds, Stopping threads took: 0.0000005 seconds
[45.170s][info][gc       ] [SPS 0.000 0.002 0.002 0.006 0.000 0.001 0.000 0.042 0.013 0.062 NewGC_pause4 45.169612 ]
[45.170s][info][gc       ] [GC New Max 118-106 : 6356 3430 2342 6356 - - 985 20 2 2 - : 226 1794 30 292 1314 : 222 4 1091 1091 0 : 0 1 111 0 113 - 0 : 0.222221 3843.0 0.0 0.065374 3487.6 0.0 : 3 --c 0000 : 23 0 0.000 0.000 0 0.000 0.000 0 0.000 0.000 : 45.104657 45.106288 0.000248 45.166929 0.000042 45.168428 0.000039 45.169550 0.000045 : 45.170031 ]
[45.170s][info][gc       ] [SYSINFO 8431 195 63 0 7884 0 16 0 0 6942 : - - - - - - - - : 0 7168 : 2.93 2.67 1.93 : 271935 4216524 : 0 0 : 16 0 : 2445 2 0 267 : - 8537890816 583921664 1065533440 7200940032 203833344 66772992 : 139899904 24446580 491660 0 0 0 : 45.170264 ]
[45.170s][info][gc       ] [HUGEPAGESTAT 0 0 0 - 83087 0 0 : 305152 0 0 : 45.170264 ]
[45.170s][info][gc       ] [OBJCREAT 126934271 25220 6739968 : 45.170306 ]
[45.170s][info][gc       ] [HMSV All : 0 0 40 0 0 0 0 0 : 6142 0 0 0 : 45.170320 ]
[45.170s][info][gc       ] [HMSP 60 : 51112 0 : 45.170320 ]
[45.171s][info][gc       ] [VMAC 65530 170 24 492 686 : 45.170792 ]
[45.412s][info][gc       ] [GPGC-H  3547.3 627.2 5.4 0.0 : 636.8 : 0.000 0.000 : 0.000 0.000 0.690 1.454 : 0.000 0.000 0.000 0.000 1.902 0.757 : 0.000 : 91.518 : 1108 1794 32 0 : 2274 : 5720 5428 : 45.412371 : 9 Next_heuristic_check_may_be_too_late ]
[45.415s][info][safepoint] Application time: 0.2450236 seconds
[45.415s][info][safepoint] Total time for which application threads were stopped: 0.0002491 seconds, Stopping threads took: 0.0000004 seconds
[45.415s][info][gc       ] [SPS 0.000 0.003 0.004 0.006 0.000 0.001 0.000 0.221 0.021 0.249 NewGC_pause1 45.414885 ]
[45.475s][info][safepoint] Application time: 0.0604715 seconds
[45.476s][info][safepoint] Total time for which application threads were stopped: 0.0000672 seconds, Stopping threads took: 0.0000004 seconds
[45.476s][info][gc       ] [SPS 0.000 0.001 0.000 0.006 0.000 0.001 0.000 0.047 0.013 0.067 NewGC_pause2 45.475424 ]
[45.477s][info][safepoint] Application time: 0.0012808 seconds
[45.477s][info][safepoint] Total time for which application threads were stopped: 0.0001094 seconds, Stopping threads took: 0.0000004 seconds
[45.477s][info][gc       ] [SPS 0.000 0.000 0.000 0.007 0.000 0.001 0.000 0.080 0.021 0.110 NewGC_pause3 45.476815 ]
[45.478s][info][safepoint] Application time: 0.0011132 seconds
[45.478s][info][safepoint] Total time for which application threads were stopped: 0.0000686 seconds, Stopping threads took: 0.0000004 seconds
[45.478s][info][gc       ] [SPS 0.000 0.002 0.001 0.006 0.000 0.001 0.000 0.041 0.021 0.069 NewGC_pause4 45.477996 ]
[45.479s][info][gc       ] [GC New Max 119-107 : 6356 3450 2338 6356 - - 985 20 2 2 - : 220 1794 32 292 1332 : 216 4 1114 1114 0 : 0 1 108 0 110 - 0 : 0.242781 3641.1 8.2 0.065501 3419.8 0.0 : 3 --c 0000 : 23 0 0.000 0.000 0 0.000 0.000 0 0.000 0.000 : 45.412812 45.414636 0.000223 45.475357 0.000050 45.476705 0.000085 45.477927 0.000044 : 45.478313 ]
[45.479s][info][gc       ] [SYSINFO 8431 195 63 0 7884 0 16 0 0 6942 : - - - - - - - - : 0 7168 : 2.93 2.67 1.93 : 271935 4216524 : 0 0 : 16 0 : 2445 2 0 267 : - 8538296320 583921664 1065938944 7200940032 203833344 66772992 : 139899904 24447060 491730 0 0 0 : 45.478624 ]
[45.479s][info][gc       ] [HUGEPAGESTAT 0 0 0 - 83087 0 0 : 305152 0 0 : 45.478624 ]
[45.479s][info][gc       ] [OBJCREAT 128030606 25220 6739968 : 45.478688 ]
[45.479s][info][gc       ] [HMSV All : 0 0 40 0 0 0 0 0 : 6142 0 0 0 : 45.478705 ]
[45.479s][info][gc       ] [HMSP 60 : 51112 0 : 45.478705 ]
[45.479s][info][gc       ] [VMAC 65530 170 24 492 686 : 45.479181 ]
[45.721s][info][gc       ] [GPGC-H  3547.3 627.2 5.4 0.0 : 636.8 : 0.000 0.000 : 0.000 0.000 0.681 1.454 : 0.000 0.000 0.000 0.000 1.878 0.757 : 0.000 : 90.524 : 1128 1794 32 0 : 2274 : 5720 5428 : 45.721179 : 9 Next_heuristic_check_may_be_too_late ]
[45.723s][info][safepoint] Application time: 0.2452244 seconds
[45.724s][info][safepoint] Total time for which application threads were stopped: 0.0001111 seconds, Stopping threads took: 0.0000004 seconds
[45.724s][info][gc       ] [SPS 0.000 0.003 0.004 0.006 0.000 0.001 0.000 0.089 0.014 0.111 NewGC_pause1 45.723332 ]
[45.793s][info][safepoint] Application time: 0.0696341 seconds
[45.794s][info][safepoint] Total time for which application threads were stopped: 0.0001500 seconds, Stopping threads took: 0.0000004 seconds
[45.794s][info][gc       ] [SPS 0.000 0.001 0.000 0.006 0.000 0.001 0.000 0.123 0.019 0.150 NewGC_pause2 45.793116 ]
[45.795s][info][safepoint] Application time: 0.0016356 seconds
[45.795s][info][safepoint] Total time for which application threads were stopped: 0.0001448 seconds, Stopping threads took: 0.0000004 seconds
[45.796s][info][gc       ] [SPS 0.000 0.000 0.000 0.006 0.000 0.001 0.000 0.118 0.020 0.145 NewGC_pause3 45.794896 ]
[45.796s][info][safepoint] Application time: 0.0008792 seconds
[45.796s][info][safepoint] Total time for which application threads were stopped: 0.0000666 seconds, Stopping threads took: 0.0000004 seconds
[45.796s][info][gc       ] [SPS 0.000 0.003 0.002 0.006 0.000 0.001 0.000 0.040 0.014 0.061 NewGC_pause4 45.795842 ]
[45.796s][info][gc       ] [GC New Max 120-108 : 6356 3520 2388 6356 - - 985 20 2 2 - : 270 1794 32 292 1402 : 266 4 1134 1134 0 : 0 1 133 0 135 - 0 : 0.243355 3739.4 0.0 0.074414 3682.1 0.0 : 3 --c 0000 : 23 0 0.000 0.000 0 0.000 0.000 0 0.000 0.000 : 45.721668 45.723221 0.000091 45.792966 0.000043 45.794751 0.000041 45.795781 0.000044 : 45.796081 ]
[45.796s][info][gc       ] [SYSINFO 8431 195 63 0 7885 0 16 0 0 6942 : - - - - - - - - : 0 7168 : 2.93 2.67 1.93 : 271935 4216524 : 0 0 : 16 0 : 2445 2 0 267 : - 8538296320 583921664 1065938944 7200940032 203833344 66772992 : 139899904 24447580 491760 0 0 0 : 45.796333 ]
[45.796s][info][gc       ] [HUGEPAGESTAT 0 0 0 - 83087 0 0 : 305152 0 0 : 45.796333 ]
[45.796s][info][gc       ] [OBJCREAT 129200715 25220 6739968 : 45.796387 ]
[45.796s][info][gc       ] [HMSV All : 0 0 40 0 0 0 0 0 : 6142 0 0 0 : 45.796407 ]
[45.796s][info][gc       ] [HMSP 60 : 51112 0 : 45.796407 ]
[45.797s][info][gc       ] [VMAC 65530 170 24 492 686 : 45.796876 ]
[46.018s][info][gc       ] [GPGC-H  3587.0 627.2 5.4 0.0 : 636.8 : 0.000 0.000 : 0.000 0.000 0.673 1.454 : 0.000 0.000 0.000 0.000 1.853 0.757 : 0.000 : 89.546 : 1140 1794 32 0 : 2274 : 5720 5428 : 46.017936 : 9 Next_heuristic_check_may_be_too_late ]
[46.020s][info][safepoint] Application time: 0.2241819 seconds
[46.021s][info][safepoint] Total time for which application threads were stopped: 0.0002460 seconds, Stopping threads took: 0.0000007 seconds
[46.021s][info][gc       ] [SPS 0.000 0.004 0.004 0.010 0.001 0.001 0.001 0.184 0.050 0.246 NewGC_pause1 46.020271 ]
[46.080s][info][safepoint] Application time: 0.0598681 seconds
[46.081s][info][safepoint] Total time for which application threads were stopped: 0.0000559 seconds, Stopping threads took: 0.0000004 seconds
[46.081s][info][gc       ] [SPS 0.000 0.001 0.000 0.006 0.000 0.001 0.000 0.037 0.012 0.056 NewGC_pause2 46.080195 ]
[46.082s][info][safepoint] Application time: 0.0015090 seconds
[46.082s][info][safepoint] Total time for which application threads were stopped: 0.0000788 seconds, Stopping threads took: 0.0000004 seconds
[46.082s][info][gc       ] [SPS 0.000 0.000 0.000 0.006 0.000 0.001 0.000 0.060 0.012 0.079 NewGC_pause3 46.081782 ]
[46.083s][info][safepoint] Application time: 0.0010070 seconds
[46.083s][info][safepoint] Total time for which application threads were stopped: 0.0000661 seconds, Stopping threads took: 0.0000005 seconds
[46.083s][info][gc       ] [SPS 0.000 0.003 0.002 0.006 0.000 0.001 0.000 0.040 0.019 0.066 NewGC_pause4 46.082856 ]
[46.083s][info][gc       ] [GC New Max 121-109 : 6356 3494 2350 6356 - - 985 20 2 2 - : 232 1794 32 292 1376 : 228 4 1146 1146 0 : 0 1 114 0 116 - 0 : 0.222315 3922.4 0.0 0.064649 3650.5 0.0 : 3 --c 0000 : 23 0 0.000 0.000 0 0.000 0.000 0 0.000 0.000 : 46.018396 46.020025 0.000143 46.080139 0.000040 46.081704 0.000060 46.082790 0.000043 : 46.083045 ]
[46.083s][info][gc       ] [SYSINFO 8431 195 63 0 7885 0 16 0 0 6942 : - - - - - - - - : 0 7168 : 2.93 2.67 1.93 : 271935 4216524 : 0 0 : 16 0 : 2445 2 0 267 : - 8538296320 583921664 1065938944 7200940032 203833344 66772992 : 139899904 24448070 491760 0 0 0 : 46.083262 ]
[46.083s][info][gc       ] [HUGEPAGESTAT 0 0 0 - 83087 0 0 : 305152 0 0 : 46.083262 ]
[46.083s][info][gc       ] [OBJCREAT 130297410 25220 6739968 : 46.083304 ]
[46.083s][info][gc       ] [HMSV All : 0 0 40 0 0 0 0 0 : 6142 0 0 0 : 46.083319 ]
[46.083s][info][gc       ] [HMSP 60 : 51112 0 : 46.083319 ]
[46.084s][info][gc       ] [VMAC 65530 170 24 492 686 : 46.083811 ]
[46.325s][info][gc       ] [GPGC-H  3587.0 627.2 5.4 0.0 : 636.8 : 0.000 0.000 : 0.000 0.000 0.665 1.454 : 0.000 0.000 0.000 0.000 1.830 0.757 : 0.000 : 88.663 : 1108 1794 32 0 : 2274 : 5720 5428 : 46.324643 : 9 Next_heuristic_check_may_be_too_late ]
[46.327s][info][safepoint] Application time: 0.2436990 seconds
[46.327s][info][safepoint] Total time for which application threads were stopped: 0.0001143 seconds, Stopping threads took: 0.0000004 seconds
[46.327s][info][gc       ] [SPS 0.000 0.003 0.003 0.006 0.000 0.001 0.000 0.088 0.019 0.114 NewGC_pause1 46.326669 ]
[46.387s][info][safepoint] Application time: 0.0603244 seconds
[46.387s][info][safepoint] Total time for which application threads were stopped: 0.0000549 seconds, Stopping threads took: 0.0000004 seconds
[46.388s][info][gc       ] [SPS 0.000 0.001 0.000 0.006 0.000 0.001 0.000 0.035 0.013 0.055 NewGC_pause2 46.387049 ]
[46.388s][info][safepoint] Application time: 0.0011898 seconds
[46.389s][info][safepoint] Total time for which application threads were stopped: 0.0000507 seconds, Stopping threads took: 0.0000004 seconds
[46.389s][info][gc       ] [SPS 0.000 0.000 0.000 0.006 0.000 0.001 0.000 0.033 0.011 0.051 NewGC_pause3 46.388289 ]
[46.389s][info][safepoint] Application time: 0.0009780 seconds
[46.390s][info][safepoint] Total time for which application threads were stopped: 0.0000724 seconds, Stopping threads took: 0.0000004 seconds
[46.390s][info][gc       ] [SPS 0.000 0.003 0.002 0.007 0.000 0.001 0.000 0.048 0.016 0.072 NewGC_pause4 46.389340 ]
[46.390s][info][gc       ] [GC New Max 122-110 : 6356 3466 2356 6356 - - 985 20 2 2 - : 238 1794 32 292 1348 : 234 4 1112 1112 0 : 0 1 117 0 119 - 0 : 0.241914 3621.1 0.0 0.064697 3740.5 0.0 : 3 --c 0000 : 23 0 0.000 0.000 0 0.000 0.000 0 0.000 0.000 : 46.324959 46.326555 0.000085 46.386994 0.000038 46.388238 0.000036 46.389267 0.000052 : 46.389656 ]
[46.390s][info][gc       ] [SYSINFO 8431 195 63 0 7885 0 16 0 0 6942 : - - - - - - - - : 0 7168 : 2.93 2.67 1.93 : 271935 4216524 : 0 0 : 16 0 : 2445 2 0 267 : - 8538296320 583921664 1065938944 7200940032 203833344 66772992 : 139899904 24448560 491770 0 0 0 : 46.389882 ]
[46.390s][info][gc       ] [HUGEPAGESTAT 0 0 0 - 83087 0 0 : 305152 0 0 : 46.389882 ]
[46.390s][info][gc       ] [OBJCREAT 131405652 25220 6739968 : 46.389950 ]
[46.390s][info][gc       ] [HMSV All : 0 0 40 0 0 0 0 0 : 6142 0 0 0 : 46.389962 ]
[46.390s][info][gc       ] [HMSP 60 : 51112 0 : 46.389962 ]
[46.390s][info][gc       ] [VMAC 65530 170 24 492 686 : 46.390395 ]
[46.632s][info][gc       ] [GPGC-H  3587.0 571.4 4.9 0.0 : 580.1 : 0.000 0.000 : 0.000 0.000 0.656 1.454 : 0.000 0.000 0.000 0.000 1.807 0.757 : 0.000 : 87.712 : 1126 1794 32 0 : 2274 : 5720 5428 : 46.631511 : 9 Next_heuristic_check_may_be_too_late ]
[46.634s][info][safepoint] Application time: 0.2445696 seconds
[46.635s][info][safepoint] Total time for which application threads were stopped: 0.0002417 seconds, Stopping threads took: 0.0000004 seconds
[46.635s][info][gc       ] [SPS 0.000 0.003 0.002 0.006 0.000 0.001 0.000 0.220 0.014 0.242 NewGC_pause1 46.634151 ]
[46.696s][info][safepoint] Application time: 0.0615509 seconds
[46.696s][info][safepoint] Total time for which application threads were stopped: 0.0001977 seconds, Stopping threads took: 0.0000004 seconds
[46.697s][info][gc       ] [SPS 0.000 0.001 0.000 0.006 0.000 0.001 0.000 0.146 0.044 0.198 NewGC_pause2 46.695900 ]
[46.698s][info][safepoint] Application time: 0.0022404 seconds
[46.698s][info][safepoint] Total time for which application threads were stopped: 0.0000769 seconds, Stopping threads took: 0.0000005 seconds
[46.699s][info][gc       ] [SPS 0.000 0.000 0.000 0.007 0.000 0.001 0.000 0.050 0.019 0.077 NewGC_pause3 46.698217 ]
[46.699s][info][safepoint] Application time: 0.0009160 seconds
[46.699s][info][safepoint] Total time for which application threads were stopped: 0.0000687 seconds, Stopping threads took: 0.0000005 seconds
[46.699s][info][gc       ] [SPS 0.000 0.004 0.002 0.007 0.000 0.001 0.000 0.046 0.015 0.069 NewGC_pause4 46.699202 ]
[46.700s][info][gc       ] [GC New Max 123-111 : 6356 3472 2342 6356 - - 985 20 2 2 - : 224 1794 32 292 1354 : 220 4 1132 1132 0 : 0 1 110 0 112 - 0 : 0.242405 3671.5 0.0 0.067421 3381.8 0.0 : 3 --c 0000 : 23 0 0.000 0.000 0 0.000 0.000 0 0.000 0.000 : 46.632061 46.633909 0.000224 46.695702 0.000075 46.698140 0.000045 46.699133 0.000049 : 46.699482 ]
[46.700s][info][gc       ] [SYSINFO 8431 195 63 0 7885 0 16 0 0 6942 : - - - - - - - - : 0 7168 : 2.93 2.67 1.93 : 271935 4216524 : 0 0 : 16 0 : 2445 2 0 267 : - 8538296320 583921664 1065938944 7200940032 203833344 66772992 : 139899904 24449070 491840 0 0 0 : 46.699725 ]
[46.700s][info][gc       ] [HUGEPAGESTAT 0 0 0 - 83087 0 0 : 305152 0 0 : 46.699725 ]
[46.700s][info][gc       ] [OBJCREAT 132512696 25220 6739968 : 46.699768 ]
[46.700s][info][gc       ] [HMSV All : 0 0 40 0 0 0 0 0 : 6142 0 0 0 : 46.699785 ]
[46.700s][info][gc       ] [HMSP 60 : 51112 0 : 46.699785 ]
[46.700s][info][gc       ] [VMAC 65530 170 24 492 686 : 46.700262 ]
[46.921s][info][gc       ] [GPGC-H  3587.0 571.4 4.9 0.0 : 580.1 : 0.000 0.000 : 0.000 0.000 0.648 1.454 : 0.000 0.000 0.000 0.000 1.784 0.757 : 0.000 : 86.775 : 1080 1794 32 0 : 2274 : 5720 5428 : 46.921391 : 9 Next_heuristic_check_may_be_too_late ]
[46.924s][info][safepoint] Application time: 0.2242375 seconds
[46.924s][info][safepoint] Total time for which application threads were stopped: 0.0002249 seconds, Stopping threads took: 0.0000004 seconds
[46.924s][info][gc       ] [SPS 0.000 0.003 0.002 0.006 0.000 0.001 0.000 0.196 0.021 0.225 NewGC_pause1 46.923665 ]
[46.986s][info][safepoint] Application time: 0.0617457 seconds
[46.986s][info][safepoint] Total time for which application threads were stopped: 0.0000945 seconds, Stopping threads took: 0.0000004 seconds
[46.986s][info][gc       ] [SPS 0.000 0.002 0.000 0.006 0.000 0.001 0.000 0.066 0.020 0.094 NewGC_pause2 46.985505 ]
[46.987s][info][safepoint] Application time: 0.0011495 seconds
[46.987s][info][safepoint] Total time for which application threads were stopped: 0.0000599 seconds, Stopping threads took: 0.0000004 seconds
[46.987s][info][gc       ] [SPS 0.000 0.000 0.000 0.006 0.000 0.001 0.000 0.036 0.016 0.060 NewGC_pause3 46.986715 ]
[46.988s][info][safepoint] Application time: 0.0010446 seconds
[46.988s][info][safepoint] Total time for which application threads were stopped: 0.0000749 seconds, Stopping threads took: 0.0000004 seconds
[46.988s][info][gc       ] [SPS 0.000 0.003 0.002 0.006 0.000 0.001 0.000 0.049 0.019 0.075 NewGC_pause4 46.987834 ]
[46.988s][info][gc       ] [GC New Max 124-112 : 6356 3442 2362 6356 - - 985 20 2 2 - : 244 1794 32 292 1324 : 240 4 1085 1085 0 : 0 1 120 0 122 - 0 : 0.222308 3859.5 0.0 0.066312 3709.8 0.0 : 3 --c 0000 : 23 0 0.000 0.000 0 0.000 0.000 0 0.000 0.000 : 46.921790 46.923440 0.000198 46.985411 0.000066 46.986655 0.000039 46.987759 0.000045 : 46.988101 ]
[46.988s][info][gc       ] [SYSINFO 8431 195 63 0 7885 0 16 0 0 6942 : - - - - - - - - : 0 7168 : 2.93 2.67 1.93 : 271935 4216524 : 0 0 : 16 0 : 2445 2 0 267 : - 8538296320 583921664 1065938944 7200940032 203833344 66772992 : 139899904 24449530 491890 0 0 0 : 46.988372 ]
[46.988s][info][gc       ] [HUGEPAGESTAT 0 0 0 - 83087 0 0 : 305152 0 0 : 46.988372 ]
[46.988s][info][gc       ] [OBJCREAT 133604613 25220 6739968 : 46.988416 ]
[46.988s][info][gc       ] [HMSV All : 0 0 40 0 0 0 0 0 : 6142 0 0 0 : 46.988438 ]
[46.988s][info][gc       ] [HMSP 60 : 51112 0 : 46.988438 ]
[46.989s][info][gc       ] [VMAC 65530 170 24 492 686 : 46.988885 ]
[47.210s][info][gc       ] [GPGC-H  3587.0 571.4 4.9 0.0 : 580.1 : 0.000 0.000 : 0.000 0.000 0.640 1.454 : 0.000 0.000 0.000 0.000 1.762 0.757 : 0.000 : 85.929 : 1138 1794 32 0 : 2274 : 5720 5428 : 47.209676 : 9 Next_heuristic_check_may_be_too_late ]
[47.212s][info][safepoint] Application time: 0.2241415 seconds
[47.213s][info][safepoint] Total time for which application threads were stopped: 0.0001624 seconds, Stopping threads took: 0.0000004 seconds
[47.213s][info][gc       ] [SPS 0.000 0.003 0.003 0.006 0.000 0.001 0.000 0.134 0.021 0.162 NewGC_pause1 47.212138 ]
[47.279s][info][safepoint] Application time: 0.0670806 seconds
[47.280s][info][safepoint] Total time for which application threads were stopped: 0.0000953 seconds, Stopping threads took: 0.0000004 seconds
[47.280s][info][gc       ] [SPS 0.000 0.002 0.000 0.006 0.000 0.001 0.000 0.060 0.027 0.095 NewGC_pause2 47.279314 ]
[47.281s][info][safepoint] Application time: 0.0012207 seconds
[47.281s][info][safepoint] Total time for which application threads were stopped: 0.0000665 seconds, Stopping threads took: 0.0000004 seconds
[47.281s][info][gc       ] [SPS 0.000 0.001 0.000 0.006 0.000 0.001 0.000 0.044 0.015 0.066 NewGC_pause3 47.280602 ]
[47.282s][info][safepoint] Application time: 0.0010545 seconds
[47.282s][info][safepoint] Total time for which application threads were stopped: 0.0000676 seconds, Stopping threads took: 0.0000005 seconds
[47.282s][info][gc       ] [SPS 0.000 0.002 0.002 0.006 0.000 0.001 0.000 0.044 0.017 0.068 NewGC_pause4 47.281724 ]
[47.282s][info][gc       ] [GC New Max 125-113 : 6356 3516 2376 6356 - - 985 20 2 2 - : 258 1794 32 292 1398 : 254 4 1144 1144 0 : 0 1 127 0 129 - 0 : 0.222110 4034.0 0.0 0.071713 3653.4 0.0 : 3 --c 0000 : 23 0 0.000 0.000 0 0.000 0.000 0 0.000 0.000 : 47.210211 47.211976 0.000136 47.279219 0.000058 47.280535 0.000047 47.281656 0.000047 : 47.281925 ]
[47.282s][info][gc       ] [SYSINFO 8431 195 63 0 7885 0 16 0 0 6942 : - - - - - - - - : 0 7168 : 3.02 2.70 1.94 : 271935 4216524 : 0 0 : 16 0 : 2445 2 0 267 : - 8538296320 583921664 1065938944 7200940032 203833344 66772992 : 139899904 24450000 491900 0 0 0 : 47.282148 ]
[47.282s][info][gc       ] [HUGEPAGESTAT 0 0 0 - 83087 0 0 : 305152 0 0 : 47.282148 ]
[47.282s][info][gc       ] [OBJCREAT 134751219 25220 6739968 : 47.282191 ]
[47.282s][info][gc       ] [HMSV All : 0 0 40 0 0 0 0 0 : 6142 0 0 0 : 47.282207 ]
[47.282s][info][gc       ] [HMSP 60 : 51112 0 : 47.282207 ]
[47.283s][info][gc       ] [VMAC 65530 170 24 492 686 : 47.282644 ]
[47.504s][info][gc       ] [GPGC-H  3587.0 571.4 4.9 0.0 : 580.1 : 0.000 0.000 : 0.000 0.000 0.632 1.454 : 0.000 0.000 0.000 0.000 1.741 0.757 : 0.000 : 85.100 : 1142 1794 32 0 : 2274 : 5720 5428 : 47.503579 : 9 Next_heuristic_check_may_be_too_late ]
[47.506s][info][safepoint] Application time: 0.2239835 seconds
[47.506s][info][safepoint] Total time for which application threads were stopped: 0.0001789 seconds, Stopping threads took: 0.0000005 seconds
[47.506s][info][gc       ] [SPS 0.000 0.003 0.003 0.014 0.001 0.001 0.000 0.141 0.022 0.179 NewGC_pause1 47.505887 ]
[47.578s][info][safepoint] Application time: 0.0719680 seconds
[47.578s][info][safepoint] Total time for which application threads were stopped: 0.0000702 seconds, Stopping threads took: 0.0000005 seconds
[47.578s][info][gc       ] [SPS 0.000 0.002 0.000 0.007 0.000 0.001 0.000 0.046 0.016 0.070 NewGC_pause2 47.577925 ]
[47.579s][info][safepoint] Application time: 0.0010541 seconds
[47.579s][info][safepoint] Total time for which application threads were stopped: 0.0000559 seconds, Stopping threads took: 0.0000005 seconds
[47.579s][info][gc       ] [SPS 0.000 0.000 0.000 0.007 0.001 0.001 0.000 0.035 0.012 0.056 NewGC_pause3 47.579035 ]
[47.580s][info][safepoint] Application time: 0.0011015 seconds
[47.580s][info][safepoint] Total time for which application threads were stopped: 0.0000639 seconds, Stopping threads took: 0.0000005 seconds
[47.581s][info][gc       ] [SPS 0.000 0.002 0.002 0.006 0.000 0.001 0.000 0.043 0.013 0.064 NewGC_pause4 47.580200 ]
[47.581s][info][gc       ] [GC New Max 126-114 : 6356 3504 2360 6356 - - 985 20 2 2 - : 242 1794 32 292 1386 : 238 4 1148 1148 0 : 0 1 119 0 121 - 0 : 0.222150 3988.3 0.0 0.076558 3213.3 0.0 : 3 --c 0000 : 23 0 0.000 0.000 0 0.000 0.000 0 0.000 0.000 : 47.504075 47.505708 0.000152 47.577855 0.000048 47.578979 0.000039 47.580136 0.000046 : 47.580633 ]
[47.581s][info][gc       ] [SYSINFO 8431 195 63 0 7885 0 16 0 0 6942 : - - - - - - - - : 0 7168 : 3.02 2.70 1.94 : 271935 4216524 : 0 0 : 16 0 : 2445 2 0 267 : - 8538296320 583921664 1065938944 7200940032 203833344 66772992 : 139899904 24450490 491970 0 0 0 : 47.580869 ]
[47.581s][info][gc       ] [HUGEPAGESTAT 0 0 0 - 83087 0 0 : 305152 0 0 : 47.580869 ]
[47.581s][info][gc       ] [OBJCREAT 135871446 25220 6739968 : 47.580912 ]
[47.581s][info][gc       ] [HMSV All : 0 0 40 0 0 0 0 0 : 6142 0 0 0 : 47.580926 ]
[47.581s][info][gc       ] [HMSP 60 : 51112 0 : 47.580926 ]
[47.581s][info][gc       ] [VMAC 65530 170 24 492 686 : 47.581470 ]
[47.802s][info][gc       ] [GPGC-H  3656.9 571.4 4.9 0.0 : 580.1 : 0.000 0.000 : 0.000 0.000 0.625 1.454 : 0.000 0.000 0.000 0.000 1.719 0.757 : 0.000 : 84.285 : 1090 1794 32 0 : 2274 : 5720 5428 : 47.802384 : 9 Next_heuristic_check_may_be_too_late ]
[47.805s][info][safepoint] Application time: 0.2242861 seconds
[47.805s][info][safepoint] Total time for which application threads were stopped: 0.0002328 seconds, Stopping threads took: 0.0000004 seconds
[47.805s][info][gc       ] [SPS 0.000 0.003 0.005 0.007 0.000 0.001 0.000 0.186 0.038 0.233 NewGC_pause1 47.804720 ]
[47.865s][info][safepoint] Application time: 0.0600143 seconds
[47.865s][info][safepoint] Total time for which application threads were stopped: 0.0000580 seconds, Stopping threads took: 0.0000005 seconds
[47.866s][info][gc       ] [SPS 0.000 0.001 0.000 0.006 0.000 0.001 0.000 0.036 0.014 0.058 NewGC_pause2 47.864792 ]
[47.867s][info][safepoint] Application time: 0.0018487 seconds
[47.867s][info][safepoint] Total time for which application threads were stopped: 0.0001510 seconds, Stopping threads took: 0.0000004 seconds
[47.867s][info][gc       ] [SPS 0.000 0.001 0.000 0.006 0.000 0.001 0.000 0.123 0.021 0.151 NewGC_pause3 47.866792 ]
[47.868s][info][safepoint] Application time: 0.0011889 seconds
[47.868s][info][safepoint] Total time for which application threads were stopped: 0.0000786 seconds, Stopping threads took: 0.0000005 seconds
[47.868s][info][gc       ] [SPS 0.000 0.002 0.002 0.006 0.000 0.001 0.000 0.057 0.014 0.079 NewGC_pause4 47.868059 ]
[47.869s][info][gc       ] [GC New Max 127-115 : 6356 3438 2346 6356 - - 985 20 2 2 - : 228 1794 32 292 1320 : 224 4 1095 1095 0 : 0 1 112 0 114 - 0 : 0.222285 3823.9 0.0 0.065400 3516.8 0.0 : 3 --c 0000 : 23 0 0.000 0.000 0 0.000 0.000 0 0.000 0.000 : 47.802918 47.804487 0.000181 47.864734 0.000040 47.866641 0.000125 47.867981 0.000061 : 47.868318 ]
[47.869s][info][gc       ] [SYSINFO 8431 195 63 0 7885 0 16 0 0 6942 : - - - - - - - - : 0 7168 : 3.02 2.70 1.94 : 271935 4216524 : 0 0 : 16 0 : 2445 2 0 267 : - 8538296320 583921664 1065938944 7200940032 203833344 66772992 : 139899904 24450950 492020 0 0 0 : 47.868537 ]
[47.869s][info][gc       ] [HUGEPAGESTAT 0 0 0 - 83087 0 0 : 305152 0 0 : 47.868537 ]
[47.869s][info][gc       ] [OBJCREAT 136943675 25220 6739968 : 47.868590 ]
[47.869s][info][gc       ] [HMSV All : 0 0 40 0 0 0 0 0 : 6142 0 0 0 : 47.868604 ]
[47.869s][info][gc       ] [HMSP 60 : 51112 0 : 47.868604 ]
[47.869s][info][gc       ] [VMAC 65530 170 24 492 686 : 47.869058 ]
[48.110s][info][gc       ] [GPGC-H  3656.9 571.4 4.9 0.0 : 580.1 : 0.000 0.000 : 0.000 0.000 0.617 1.454 : 0.000 0.000 0.000 0.000 1.699 0.757 : 0.000 : 83.472 : 1130 1794 32 0 : 2274 : 5720 5428 : 48.110035 : 9 Next_heuristic_check_may_be_too_late ]
[48.112s][info][safepoint] Application time: 0.2441314 seconds
[48.113s][info][safepoint] Total time for which application threads were stopped: 0.0001576 seconds, Stopping threads took: 0.0000004 seconds
[48.113s][info][gc       ] [SPS 0.000 0.004 0.003 0.006 0.000 0.001 0.000 0.132 0.018 0.158 NewGC_pause1 48.112349 ]
[48.173s][info][safepoint] Application time: 0.0608051 seconds
[48.174s][info][safepoint] Total time for which application threads were stopped: 0.0001098 seconds, Stopping threads took: 0.0000004 seconds
[48.174s][info][gc       ] [SPS 0.000 0.001 0.000 0.006 0.000 0.001 0.000 0.089 0.014 0.110 NewGC_pause2 48.173264 ]
[48.175s][info][safepoint] Application time: 0.0012352 seconds
[48.175s][info][safepoint] Total time for which application threads were stopped: 0.0000517 seconds, Stopping threads took: 0.0000004 seconds
[48.175s][info][gc       ] [SPS 0.000 0.000 0.000 0.006 0.000 0.001 0.000 0.033 0.012 0.052 NewGC_pause3 48.174550 ]
[48.176s][info][safepoint] Application time: 0.0010278 seconds
[48.176s][info][safepoint] Total time for which application threads were stopped: 0.0000576 seconds, Stopping threads took: 0.0000004 seconds
[48.176s][info][gc       ] [SPS 0.000 0.002 0.002 0.005 0.000 0.001 0.000 0.038 0.013 0.057 NewGC_pause4 48.175636 ]
[48.176s][info][gc       ] [GC New Max 128-116 : 6356 3496 2366 6356 - - 985 20 2 2 - : 248 1794 32 292 1378 : 244 4 1134 1134 0 : 0 1 122 0 124 - 0 : 0.242094 3725.8 0.0 0.065533 3845.4 0.0 : 3 --c 0000 : 23 0 0.000 0.000 0 0.000 0.000 0 0.000 0.000 : 48.110411 48.112191 0.000130 48.173154 0.000090 48.174499 0.000036 48.175578 0.000041 : 48.175944 ]
[48.176s][info][gc       ] [SYSINFO 8431 195 63 0 7885 0 16 0 0 6942 : - - - - - - - - : 0 7168 : 3.02 2.70 1.94 : 271935 4216524 : 0 0 : 16 0 : 2445 2 0 267 : - 8538296320 583921664 1065938944 7200940032 203833344 66772992 : 139899904 24451450 492080 0 0 0 : 48.176156 ]
[48.176s][info][gc       ] [HUGEPAGESTAT 0 0 0 - 83087 0 0 : 305152 0 0 : 48.176156 ]
[48.176s][info][gc       ] [OBJCREAT 138084253 25220 6739968 : 48.176196 ]
[48.176s][info][gc       ] [HMSV All : 0 0 40 0 0 0 0 0 : 6142 0 0 0 : 48.176209 ]
[48.176s][info][gc       ] [HMSP 60 : 51112 0 : 48.176209 ]
[48.177s][info][gc       ] [VMAC 65530 170 24 492 686 : 48.176717 ]
[48.398s][info][gc       ] [GPGC-H  3656.9 571.4 4.9 0.0 : 580.1 : 0.000 0.000 : 0.000 0.000 0.610 1.454 : 0.000 0.000 0.000 0.000 1.677 0.757 : 0.000 : 82.594 : 1138 1794 32 0 : 2274 : 5720 5428 : 48.397833 : 9 Next_heuristic_check_may_be_too_late ]
[48.401s][info][safepoint] Application time: 0.2245976 seconds
[48.401s][info][safepoint] Total time for which application threads were stopped: 0.0003383 seconds, Stopping threads took: 0.0000004 seconds
[48.401s][info][gc       ] [SPS 0.000 0.003 0.003 0.006 0.000 0.001 0.000 0.312 0.019 0.338 NewGC_pause1 48.400572 ]
[48.461s][info][safepoint] Application time: 0.0603535 seconds
[48.461s][info][safepoint] Total time for which application threads were stopped: 0.0000745 seconds, Stopping threads took: 0.0000004 seconds
[48.462s][info][gc       ] [SPS 0.000 0.001 0.000 0.006 0.000 0.001 0.000 0.043 0.023 0.074 NewGC_pause2 48.461000 ]
[48.463s][info][safepoint] Application time: 0.0016938 seconds
[48.463s][info][safepoint] Total time for which application threads were stopped: 0.0000541 seconds, Stopping threads took: 0.0000004 seconds
[48.463s][info][gc       ] [SPS 0.000 0.000 0.000 0.006 0.000 0.001 0.000 0.035 0.012 0.054 NewGC_pause3 48.462748 ]
[48.464s][info][safepoint] Application time: 0.0011414 seconds
[48.464s][info][safepoint] Total time for which application threads were stopped: 0.0000607 seconds, Stopping threads took: 0.0000005 seconds
[48.464s][info][gc       ] [GC New Max 129-117 : 6356 3482 2340 6356 - - 985 20 2 2 - : 222 1794 32 292 1364 : 218 4 1145 1145 0 : 0 1 109 0 111 - 0 : 0.222393 4010.9 0.0 0.065841 3432.5 0.0 : 3 --c 0000 : 23 0 0.000 0.000 0 0.000 0.000 0 0.000 0.000 : 48.398338 48.400234 0.000278 48.460926 0.000045 48.462694 0.000037 48.463889 0.000044 : 48.464178 ]
[48.464s][info][gc       ] [SYSINFO 8431 195 63 0 7885 0 16 0 0 6942 : - - - - - - - - : 0 7168 : 3.02 2.70 1.94 : 271935 4216524 : 0 0 : 16 0 : 2445 2 0 267 : - 8538296320 583921664 1065938944 7200940032 203833344 66772992 : 139899904 24451910 492110 0 0 0 : 48.464420 ]
[48.464s][info][gc       ] [HUGEPAGESTAT 0 0 0 - 83087 0 0 : 305152 0 0 : 48.464420 ]
[48.464s][info][gc       ] [OBJCREAT 139191666 25220 6739968 : 48.464464 ]
[48.464s][info][gc       ] [HMSV All : 0 0 40 0 0 0 0 0 : 6142 0 0 0 : 48.464481 ]
[48.464s][info][gc       ] [HMSP 60 : 51112 0 : 48.464481 ]
[48.464s][info][gc       ] [SPS 0.000 0.003 0.002 0.006 0.000 0.001 0.000 0.040 0.013 0.061 NewGC_pause4 48.463950 ]
[48.465s][info][gc       ] [VMAC 65530 170 24 492 686 : 48.464983 ]
[48.586s][info][gc       ] [GPGC-H  3656.9 520.6 4.5 0.0 : 528.5 : 0.000 0.000 : 0.000 0.000 0.602 1.454 : 0.000 0.000 0.000 0.000 1.657 0.757 : 0.000 : 81.804 : 1206 1794 32 0 : 2274 : 5720 5428 : 48.585728 : 9 Next_heuristic_check_may_be_too_late ]
[48.588s][info][safepoint] Application time: 0.1239685 seconds
[48.589s][info][safepoint] Total time for which application threads were stopped: 0.0002026 seconds, Stopping threads took: 0.0000004 seconds
[48.589s][info][gc       ] [SPS 0.000 0.004 0.003 0.006 0.000 0.001 0.000 0.170 0.035 0.213 NewGC_pause1 48.588132 ]
[48.898s][info][safepoint] Application time: 0.3096490 seconds
[48.898s][info][safepoint] Total time for which application threads were stopped: 0.0001242 seconds, Stopping threads took: 0.0000004 seconds
[48.899s][info][gc       ] [SPS 0.000 0.001 0.000 0.005 0.000 0.001 0.000 0.100 0.018 0.124 NewGC_pause2 48.897895 ]
[48.900s][info][safepoint] Application time: 0.0014903 seconds
[48.900s][info][safepoint] Total time for which application threads were stopped: 0.0001184 seconds, Stopping threads took: 0.0000004 seconds
[48.900s][info][gc       ] [SPS 0.000 0.000 0.000 0.006 0.000 0.001 0.000 0.054 0.058 0.119 NewGC_pause3 48.899504 ]
[48.901s][info][safepoint] Application time: 0.0011499 seconds
[48.901s][info][safepoint] Total time for which application threads were stopped: 0.0001036 seconds, Stopping threads took: 0.0000010 seconds
[48.901s][info][gc       ] [SPS 0.000 0.014 0.004 0.012 0.001 0.002 0.001 0.070 0.018 0.103 NewGC_pause4 48.900757 ]
[48.902s][info][gc       ] [GC New Max 130-118 : 6356 4656 4188 6356 - - 985 20 2 2 - : 2070 1794 32 292 2538 : 2059 9 476 476 0 : 0 1 663 0 918 - 117 : 0.122005 8065.2 0.0 0.315162 4239.1 0.0 : 3 --c 0000 : 23 0 0.000 0.000 0 0.000 0.000 0 0.000 0.000 : 48.586183 48.587919 0.000138 48.897771 0.000038 48.899385 0.000034 48.900654 0.000067 : 48.901346 ]
[48.902s][info][gc       ] [SYSINFO 8431 195 63 0 7885 0 16 0 0 6942 : - - - - - - - - : 0 7168 : 3.02 2.70 1.94 : 271935 4216524 : 0 0 : 16 0 : 2445 2 0 267 : - 8538296320 583921664 1065938944 7200940032 203833344 66772992 : 139899904 24453060 492130 0 0 0 : 48.901610 ]
[48.902s][info][gc       ] [HUGEPAGESTAT 0 0 0 - 83087 0 0 : 305152 0 0 : 48.901610 ]
[48.902s][info][gc       ] [OBJCREAT 141490266 25220 6739968 : 48.901647 ]
[48.902s][info][gc       ] [HMSV All : 0 0 50 0 0 0 0 0 : 6142 0 0 0 : 48.901660 ]
[48.902s][info][gc       ] [HMSP 60 : 51112 0 : 48.901660 ]
[48.902s][info][gc       ] [VMAC 65530 170 24 492 686 : 48.902216 ]
[49.003s][info][gc       ] [GPGC-H  3656.9 520.6 4.5 0.0 : 528.5 : 0.000 0.000 : 0.000 0.000 0.597 1.454 : 0.000 0.000 0.000 0.000 1.629 0.757 : 0.000 : 81.609 : 2458 1794 32 0 : 2274 : 5720 5428 : 49.003072 : 9 Next_heuristic_check_may_be_too_late ]
[49.006s][info][safepoint] Application time: 0.1051596 seconds
[49.007s][info][safepoint] Total time for which application threads were stopped: 0.0002072 seconds, Stopping threads took: 0.0000004 seconds
[49.007s][info][gc       ] [SPS 0.000 0.003 0.002 0.006 0.000 0.001 0.000 0.164 0.036 0.207 NewGC_pause1 49.006125 ]
[49.597s][info][safepoint] Application time: 0.5911023 seconds
[49.598s][info][safepoint] Total time for which application threads were stopped: 0.0001890 seconds, Stopping threads took: 0.0000004 seconds
[49.598s][info][gc       ] [SPS 0.000 0.001 0.000 0.007 0.000 0.001 0.000 0.155 0.025 0.189 NewGC_pause2 49.597416 ]
[49.600s][info][safepoint] Application time: 0.0018919 seconds
[49.600s][info][safepoint] Total time for which application threads were stopped: 0.0002013 seconds, Stopping threads took: 0.0000004 seconds
[49.600s][info][gc       ] [SPS 0.000 0.000 0.000 0.006 0.000 0.001 0.000 0.170 0.025 0.202 NewGC_pause3 49.599509 ]
[49.615s][info][safepoint] Application time: 0.0156523 seconds
[49.616s][info][safepoint] Total time for which application threads were stopped: 0.0001678 seconds, Stopping threads took: 0.0000004 seconds
[49.616s][info][gc       ] [SPS 0.000 0.003 0.003 0.024 0.000 0.001 0.000 0.101 0.040 0.168 NewGC_pause4 49.615330 ]
[49.723s][info][gc       ] [GC New Max 131-119 : 6356 5950 5756 6356 - - 985 20 2 2 - : 3636 1794 32 292 3832 : 3128 12 697 697 97 : 0 289 683 0 1764 - 55 : 0.102103 3800.1 0.0 0.718994 2464.6 0.0 : 3 --c 0000 : 23 3163 0.000 0.000 0 0.000 0.000 3163 0.000 0.000 : 49.003448 49.005917 0.000133 49.597227 0.000050 49.599308 0.000047 49.615162 0.000069 : 49.722442 ]
[49.723s][info][gc       ] [SYSINFO 8431 195 63 0 7885 0 16 0 0 6942 : - - - - - - - - : 0 7168 : 3.02 2.70 1.94 : 271935 4216524 : 0 0 : 16 0 : 2445 2 0 267 : - 8538296320 583921664 1065938944 7200940032 203833344 66772992 : 139899904 24455990 492180 0 0 0 : 49.722738 ]
[49.723s][info][gc       ] [HUGEPAGESTAT 0 0 0 - 83087 0 0 : 305152 0 0 : 49.722738 ]
[49.723s][info][gc       ] [OBJCREAT 143631319 25220 6739968 : 49.722798 ]
[49.723s][info][gc       ] [HMSV All : 0 0 50 0 0 0 0 0 : 6142 0 0 0 : 49.722814 ]
[49.723s][info][gc       ] [HMSP 60 : 51112 0 : 49.722814 ]
[49.724s][info][gc       ] [GPGC-H  3702.3 520.6 4.5 0.0 : 528.5 : 0.000 0.000 : 0.000 0.000 0.719 1.454 : 0.000 0.000 0.000 0.000 1.629 0.757 : 0.000 : 87.565 : 3640 1794 32 0 : 2274 : 5720 5428 : 49.723508 : 3 Heap_use_exceeded_committed ]
[49.723s][info][gc       ] [VMAC 65530 170 24 492 686 : 49.723347 ]
[49.730s][info][safepoint] Application time: 0.1147908 seconds
[49.731s][info][safepoint] Total time for which application threads were stopped: 0.0002754 seconds, Stopping threads took: 0.0000004 seconds
[49.731s][info][gc       ] [SPS 0.000 0.001 0.015 0.006 0.000 0.001 0.000 0.216 0.051 0.275 NewGC_pause1 49.730396 ]
[50.306s][info][safepoint] Application time: 0.5753660 seconds
[50.307s][info][safepoint] Total time for which application threads were stopped: 0.0002219 seconds, Stopping threads took: 0.0000004 seconds
[50.307s][info][gc       ] [SPS 0.000 0.001 0.000 0.005 0.000 0.001 0.000 0.178 0.038 0.222 NewGC_pause2 50.305984 ]
[50.308s][info][safepoint] Application time: 0.0016571 seconds
[50.308s][info][safepoint] Total time for which application threads were stopped: 0.0001619 seconds, Stopping threads took: 0.0000004 seconds
[50.308s][info][gc       ] [SPS 0.000 0.000 0.000 0.005 0.000 0.001 0.000 0.137 0.019 0.162 NewGC_pause3 50.307803 ]
[50.310s][info][safepoint] Application time: 0.0016779 seconds
[50.310s][info][safepoint] Total time for which application threads were stopped: 0.0000607 seconds, Stopping threads took: 0.0000004 seconds
[50.310s][info][gc       ] [SPS 0.000 0.116 0.002 0.006 0.000 0.001 0.000 0.040 0.014 0.061 NewGC_pause4 50.309542 ]
[50.311s][info][gc       ] [GC NTO Max 132-120 : 6356 6128 4348 6356 - - 985 20 2 2 - : 2230 1794 32 292 4010 : 2119 6 1883 1883 0 : 0 3 176 0 1060 - 55 : 0.001352 4436.9 0.0 0.586528 641.1 0.0 : 3 --c 0000 : 23 8741 0.000 0.001 0 0.000 0.000 8741 0.000 0.001 : 49.723795 49.730121 0.000175 50.305762 0.000115 50.307641 0.000040 50.309481 0.000043 : 50.310322 ]
[50.311s][info][gc       ] [SYSINFO 8431 195 63 0 7885 0 16 0 0 6942 : - - - - - - - - : 0 7168 : 3.02 2.70 1.94 : 271935 4216524 : 0 0 : 16 0 : 2445 2 0 267 : - 8538296320 583921664 1065938944 7200940032 203833344 66772992 : 139899904 24458010 492200 0 0 0 : 50.310545 ]
[50.311s][info][gc       ] [HUGEPAGESTAT 0 0 0 - 83087 0 0 : 305152 0 0 : 50.310545 ]
[50.311s][info][gc       ] [OBJCREAT 144014673 25285 6739968 : 50.310586 ]
[50.311s][info][gc       ] [HMSV All : 0 0 50 0 0 0 0 0 : 6142 0 0 0 : 50.310603 ]
[50.311s][info][gc       ] [HMSP 60 : 51112 0 : 50.310603 ]
[50.311s][info][gc       ] [GPGC-H  3629.4 520.6 4.5 0.0 : 528.5 : 0.000 0.000 : 0.000 0.000 0.715 1.454 : 0.000 0.000 0.000 0.000 1.629 0.757 : 0.000 : 99.770 : 2232 1794 32 0 : 2274 : 5720 5428 : 50.310842 : 8 May_exceed_heap_occupancy_target ]
[50.311s][info][gc       ] [VMAC 65530 170 24 492 686 : 50.311053 ]
[50.312s][info][safepoint] Application time: 0.0020710 seconds
[50.312s][info][safepoint] Total time for which application threads were stopped: 0.0005738 seconds, Stopping threads took: 0.0000004 seconds
[50.312s][info][gc       ] [SPS 0.000 0.000 0.000 0.006 0.000 0.001 0.000 0.555 0.012 0.574 OldGC_pause2 50.312187 ]
[50.314s][info][safepoint] Application time: 0.0017520 seconds
[50.314s][info][safepoint] Total time for which application threads were stopped: 0.0000536 seconds, Stopping threads took: 0.0000004 seconds
[50.314s][info][gc       ] [SPS 0.000 0.000 0.000 0.006 0.000 0.001 0.000 0.035 0.011 0.054 OldGC_pause3 50.313992 ]
[50.319s][info][safepoint] Application time: 0.0050021 seconds
[50.319s][info][safepoint] Total time for which application threads were stopped: 0.0001312 seconds, Stopping threads took: 0.0000004 seconds
[50.319s][info][gc       ] [SPS 0.000 0.634 0.009 0.006 0.000 0.001 0.000 0.111 0.012 0.131 NewGC_pause1 50.319126 ]
[50.892s][info][safepoint] Application time: 0.5725418 seconds
[50.892s][info][safepoint] Total time for which application threads were stopped: 0.0001099 seconds, Stopping threads took: 0.0000005 seconds
[50.892s][info][gc       ] [SPS 0.000 0.003 0.000 0.006 0.000 0.001 0.000 0.089 0.013 0.110 NewGC_pause2 50.891778 ]
[50.894s][info][safepoint] Application time: 0.0016274 seconds
[50.894s][info][safepoint] Total time for which application threads were stopped: 0.0001282 seconds, Stopping threads took: 0.0000005 seconds
[50.894s][info][gc       ] [SPS 0.000 0.001 0.000 0.006 0.000 0.001 0.000 0.103 0.013 0.123 NewGC_pause3 50.893533 ]
[50.908s][info][safepoint] Application time: 0.0145831 seconds
[50.929s][info][safepoint] Total time for which application threads were stopped: 0.0001396 seconds, Stopping threads took: 0.0000085 seconds
[50.930s][info][gc       ] [SPS 0.000 0.003 0.002 0.006 0.009 0.001 0.000 0.110 0.014 0.140 NewGC_pause4 50.908256 ]
[51.014s][info][gc       ] [GC New Max 134-121 : 6356 5938 5846 6356 - - 985 20 2 2 - : 3728 1794 32 292 3820 : 3331 7 483 483 0 : 0 269 782 0 1809 - 55 : 0.005703 3156.3 0.0 0.697902 2754.0 0.0 : 3 --c 0000 : 23 3431 0.000 0.000 0 0.000 0.000 3431 0.000 0.000 : 50.316025 50.318995 0.000115 50.891668 0.000092 50.893410 0.000107 50.908116 0.000123 : 51.013927 ]
[51.014s][info][gc       ] [SYSINFO 8431 195 63 0 7885 0 16 0 0 6942 : - - - - - - - - : 0 7168 : 3.02 2.70 1.94 : 271935 4216524 : 0 0 : 16 0 : 2445 2 0 267 : - 8538296320 583921664 1065938944 7200940032 203833344 66772992 : 139899904 24460730 492300 0 0 0 : 51.014193 ]
[51.014s][info][gc       ] [HUGEPAGESTAT 0 0 0 - 83087 0 0 : 305152 0 0 : 51.014193 ]
[51.014s][info][gc       ] [OBJCREAT 145944280 25285 6739968 : 51.014245 ]
[51.014s][info][gc       ] [HMSV All : 0 0 50 0 0 0 0 0 : 6142 0 0 0 : 51.014266 ]
[51.014s][info][gc       ] [HMSP 60 : 51112 0 : 51.014266 ]
[51.015s][info][gc       ] [VMAC 65530 170 24 492 686 : 51.014743 ]
[51.015s][info][gc       ] [GPGC-H  3677.0 463.2 4.0 0.0 : 470.2 : 0.000 0.000 : 0.000 0.000 0.715 1.454 : 0.000 0.000 0.000 0.000 1.629 0.757 : 0.000 : 99.899 : 3730 1794 32 0 : 2274 : 5720 5428 : 51.014928 : 3 Heap_use_exceeded_committed ]
[51.016s][info][safepoint] Application time: 0.1080175 seconds
[51.017s][info][safepoint] Total time for which application threads were stopped: 0.0001404 seconds, Stopping threads took: 0.0000005 seconds
[51.017s][info][gc       ] [SPS 0.000 0.003 0.005 0.007 0.001 0.001 0.000 0.105 0.027 0.140 OldGC_pause4 51.016414 ]
[51.018s][info][gc       ] [GC Old Max 133-13 : 6356 6128 4066 6356 - - 985 20 2 2 - : 3738 8 28 292 1830 : 26 7 1787 1787 0 : 0 4 0 0 18 - 0 : 7.276907 9.9 0.3 1.291633 0.0 0.0 : 1 --c 0000 : 23   -    -    -    -    -    -    -    -    -  : 49.725730 49.730121 0.000175 50.311613 0.000558 50.313939 0.000039 51.016274 0.000053 : 51.017363 ]
[51.018s][info][gc       ] [SYSINFO 8431 195 63 0 7885 0 16 0 0 6942 : - - - - - - - - : 0 7168 : 3.02 2.70 1.94 : 271935 4216524 : 0 0 : 16 0 : 2445 2 0 267 : - 8538296320 583921664 1065938944 7200940032 203833344 66772992 : 139899904 24460730 492300 0 0 0 : 51.017561 ]
[51.018s][info][gc       ] [HUGEPAGESTAT 0 0 0 - 83087 0 0 : 305152 0 0 : 51.017561 ]
[51.018s][info][gc       ] [OBJCREAT 145954194 25285 6739968 : 51.017600 ]
[51.018s][info][gc       ] [HMSV All : 0 0 50 0 0 0 0 0 : 6142 0 0 0 : 51.017618 ]
[51.018s][info][gc       ] [HMSP 60 : 51112 0 : 51.017618 ]
[51.018s][info][gc       ] [COMPSTATS 1 : 5 0 : 1 0 : 0 0 : 517 5 0 0 0 0 : 0 0 0 0 0 0 : 132 134 15 : 522 0 0 0 0 0 0 : 522 0 0 0 0 0 0 ]
[51.018s][info][gc       ] [COMPSTATS 2 : 5 0 : 1 0 : 0 0 : 129 11 0 0 0 0 : 0 0 0 0 0 0 : 48891 48995 9410 : 69 45 26 0 0 0 0 : 32 86 17 4 1 0 0 ]
[51.018s][info][gc       ] [DEOPTSTATS 1 : 1 0 : 0 0 : 0 0 : 0 0 : 0 12 : 0 0 : 0 0 : 0 0 : 0 0 : 0 0 : 0 0 : 0 0 : 0 0 : 0 0 : 0 0 : 0 0 : 0 0 : 0 0 : 0 0 : 0 0 : 0 0 : 0 0 : 0 0 : 0 0 : 0 0 : 0 0 : 0 0 : 0 0 : 0 0 : 0 0 : 6 0 : 0 0 : 0 0 : 0 0 : 0 0 : 0 0 : 0 0 : 0 0 : 0 0 : 0 0 : 0 0 : 0 0 ]
[51.018s][info][gc       ] [DEOPTSTATS 2 : 0 0 : 0 0 : 0 0 : 0 0 : 0 0 : 0 0 : 0 11 : 0 0 : 0 0 : 0 0 : 0 0 : 0 0 : 0 0 : 0 0 : 0 0 : 0 0 : 0 0 : 0 0 : 0 0 : 0 0 : 0 0 : 0 0 : 0 0 : 0 0 : 0 0 : 0 0 : 0 0 : 0 0 : 0 0 : 0 0 : 5 0 : 0 0 : 0 0 : 0 0 : 0 1 : 0 0 : 0 0 : 0 0 : 0 0 : 0 3 : 0 0 : 0 0 ]
[51.018s][info][gc       ] [VMAC 65530 170 24 492 686 : 51.018183 ]
[51.019s][info][gc       ] [CCF 0 0 0 0 32 181248: 3071488 : 380 196608 : 3 49152 : 317 311808 :  510 633856 : 120 416256 : 0 0 : 15 1228800 : 1 2048]
[51.023s][info][safepoint] Application time: 0.0061749 seconds
[51.023s][info][safepoint] Total time for which application threads were stopped: 0.0001782 seconds, Stopping threads took: 0.0000005 seconds
[51.023s][info][gc       ] [SPS 0.000 0.003 0.003 0.007 0.000 0.001 0.000 0.156 0.015 0.178 NewGC_pause1 51.022767 ]
[51.552s][info][safepoint] Application time: 0.5287018 seconds
[51.552s][info][safepoint] Total time for which application threads were stopped: 0.0001749 seconds, Stopping threads took: 0.0000004 seconds
[51.553s][info][gc       ] [SPS 0.000 0.001 0.000 0.006 0.000 0.001 0.000 0.145 0.022 0.175 NewGC_pause2 51.551644 ]
[51.554s][info][safepoint] Application time: 0.0019309 seconds
[51.554s][info][safepoint] Total time for which application threads were stopped: 0.0000613 seconds, Stopping threads took: 0.0000004 seconds
[51.554s][info][gc       ] [SPS 0.000 0.000 0.000 0.006 0.000 0.001 0.000 0.040 0.014 0.061 NewGC_pause3 51.553636 ]
[51.570s][info][safepoint] Application time: 0.0163826 seconds
[51.589s][info][safepoint] Total time for which application threads were stopped: 0.0000706 seconds, Stopping threads took: 0.0000005 seconds
[51.590s][info][gc       ] [SPS 0.000 0.004 0.003 0.006 0.000 0.001 0.000 0.049 0.014 0.070 NewGC_pause4 51.570090 ]
[51.977s][info][gc       ] [GC New Max 135-122 : 6356 5874 5318 6356 - - 985 20 2 2 - : 4242 756 28 292 5546 : 3562 6 1978 1978 28 : 374 0 897 0 2121 - 0 : 0.005384 2600.1 0.0 0.957747 3318.2 0.0 : 3 --c 0000 : 23 866 0.000 0.000 0 0.000 0.000 866 0.000 0.000 : 51.019311 51.022589 0.000159 51.551469 0.000107 51.553575 0.000043 51.570019 0.000052 : 51.977058 ]
[51.977s][info][gc       ] [SYSINFO 8431 195 63 0 7885 0 16 0 0 6942 : - - - - - - - - : 0 7168 : 3.02 2.70 1.94 : 271935 4216524 : 0 0 : 16 0 : 2445 2 0 267 : - 8538296320 583921664 1065938944 7200940032 203833344 66772992 : 139899904 24464170 492350 0 0 0 : 51.977345 ]
[51.977s][info][gc       ] [HUGEPAGESTAT 0 0 0 - 83087 0 0 : 305152 0 0 : 51.977345 ]
[51.977s][info][gc       ] [OBJCREAT 149108907 25285 7387136 : 51.977409 ]
[51.977s][info][gc       ] [HMSV All : 0 0 50 0 0 0 0 0 : 6142 0 0 0 : 51.977428 ]
[51.977s][info][gc       ] [HMSP 60 : 51112 0 : 51.977428 ]
[51.978s][info][gc       ] [VMAC 65530 170 24 492 686 : 51.977996 ]
[51.979s][info][gc       ] [GPGC-H  3668.5 463.2 4.0 0.0 : 470.2 : 0.000 0.000 : 0.000 0.000 0.714 1.401 : 0.000 0.000 0.000 0.000 1.774 0.757 : 0.000 : 99.897 : 4248 756 28 0 : 2274 : 5720 5428 : 51.978574 : 8 May_exceed_heap_occupancy_target ]
[51.985s][info][safepoint] Application time: 0.4145717 seconds
[51.985s][info][safepoint] Total time for which application threads were stopped: 0.0002667 seconds, Stopping threads took: 0.0000004 seconds
[51.986s][info][gc       ] [SPS 0.000 0.001 0.008 0.007 0.000 0.001 0.000 0.216 0.042 0.267 NewGC_pause1 51.984929 ]
[52.372s][info][safepoint] Application time: 0.3872865 seconds
[52.373s][info][safepoint] Total time for which application threads were stopped: 0.0000832 seconds, Stopping threads took: 0.0000005 seconds
[52.373s][info][gc       ] [SPS 0.000 0.002 0.000 0.007 0.000 0.001 0.000 0.055 0.020 0.083 NewGC_pause2 52.372299 ]
[52.374s][info][safepoint] Application time: 0.0018668 seconds
[52.374s][info][safepoint] Total time for which application threads were stopped: 0.0000498 seconds, Stopping threads took: 0.0000004 seconds
[52.374s][info][gc       ] [SPS 0.000 0.000 0.000 0.007 0.000 0.001 0.000 0.038 0.004 0.050 NewGC_pause3 52.374215 ]
[52.391s][info][safepoint] Application time: 0.0163912 seconds
[52.391s][info][safepoint] Total time for which application threads were stopped: 0.0000862 seconds, Stopping threads took: 0.0000004 seconds
[52.391s][info][gc       ] [SPS 0.000 0.010 0.009 0.006 0.000 0.001 0.000 0.058 0.021 0.086 NewGC_pause4 52.390693 ]
[52.626s][info][gc       ] [GC NTO Max 136-123 : 6356 6006 3672 6356 - - 986 20 2 2 - : 1986 1366 28 292 4930 : 1707 3 3222 3222 6 : 305 0 332 0 993 - 0 : 0.002219 3605.3 0.0 0.646755 2412.0 0.0 : 3 --c 0000 : 23 5096 0.000 0.000 0 0.000 0.000 5096 0.000 0.000 : 51.979277 51.984662 0.000171 52.372215 0.000049 52.374165 0.000041 52.390607 0.000055 : 52.626031 ]
[52.626s][info][gc       ] [SYSINFO 8431 195 63 0 7885 0 16 0 0 6942 : - - - - - - - - : 0 7168 : 3.18 2.74 1.95 : 271935 4216524 : 0 0 : 16 0 : 2445 3 0 267 : - 8538296320 583921664 1065938944 7200940032 203833344 66772992 : 139899904 24467120 492440 0 0 0 : 52.626384 ]
[52.626s][info][gc       ] [HUGEPAGESTAT 0 0 0 - 83087 0 0 : 305152 0 0 : 52.626384 ]
[52.626s][info][gc       ] [OBJCREAT 150670273 25285 8011776 : 52.626452 ]
[52.626s][info][gc       ] [HMSV All : 0 0 50 0 0 0 0 0 : 6142 0 0 0 : 52.626483 ]
[52.626s][info][gc       ] [HMSP 60 : 51112 0 : 52.626483 ]
[52.627s][info][gc       ] [GPGC-H  3664.6 463.2 4.0 0.0 : 470.2 : 0.000 0.000 : 0.000 0.000 0.708 1.401 : 0.000 0.000 0.000 0.000 2.008 0.757 : 0.000 : 99.890 : 1988 1366 28 0 : 2274 : 5720 5428 : 52.627135 : 9 Next_heuristic_check_may_be_too_late ]
[52.627s][info][gc       ] [VMAC 65530 170 24 492 686 : 52.627087 ]
[52.628s][info][safepoint] Application time: 0.2359853 seconds
[52.628s][info][safepoint] Total time for which application threads were stopped: 0.0010514 seconds, Stopping threads took: 0.0000006 seconds
[52.628s][info][gc       ] [SPS 0.000 0.001 0.000 0.011 0.001 0.001 0.000 1.013 0.026 1.051 OldGC_pause2 52.627730 ]
[52.632s][info][safepoint] Application time: 0.0040392 seconds
[52.632s][info][safepoint] Total time for which application threads were stopped: 0.0000643 seconds, Stopping threads took: 0.0000004 seconds
[52.632s][info][gc       ] [SPS 0.000 0.000 0.000 0.007 0.000 0.001 0.000 0.043 0.013 0.065 OldGC_pause3 52.631833 ]
[52.637s][info][safepoint] Application time: 0.0053205 seconds
[52.638s][info][safepoint] Total time for which application threads were stopped: 0.0002374 seconds, Stopping threads took: 0.0000004 seconds
[52.638s][info][gc       ] [SPS 0.000 3.333 0.003 0.011 0.000 0.001 0.000 0.212 0.013 0.237 NewGC_pause1 52.637391 ]
[52.917s][info][safepoint] Application time: 0.2792134 seconds
[52.917s][info][safepoint] Total time for which application threads were stopped: 0.0002265 seconds, Stopping threads took: 0.0000005 seconds
[52.918s][info][gc       ] [SPS 0.000 0.001 0.000 0.007 0.001 0.001 0.000 0.188 0.030 0.227 NewGC_pause2 52.916831 ]
[52.919s][info][safepoint] Application time: 0.0020937 seconds
[52.919s][info][safepoint] Total time for which application threads were stopped: 0.0000815 seconds, Stopping threads took: 0.0000005 seconds
[52.919s][info][gc       ] [SPS 0.000 0.001 0.000 0.012 0.000 0.001 0.000 0.050 0.019 0.082 NewGC_pause3 52.919006 ]
[52.935s][info][safepoint] Application time: 0.0161569 seconds
[52.936s][info][safepoint] Total time for which application threads were stopped: 0.0000726 seconds, Stopping threads took: 0.0000005 seconds
[52.936s][info][gc       ] [SPS 0.000 0.004 0.010 0.007 0.000 0.001 0.000 0.047 0.017 0.072 NewGC_pause4 52.935236 ]
[53.098s][info][gc       ] [GC New Max 138-124 : 6356 4754 3782 6356 - - 986 20 2 2 - : 1726 1736 28 292 3068 : 1487 4 1580 1580 0 : 185 0 526 0 863 - 0 : 0.005559 2518.5 0.0 0.465883 3588.9 0.0 : 3 --c 0000 : 23 0 0.000 0.000 0 0.000 0.000 0 0.000 0.000 : 52.631590 52.637154 0.000222 52.916605 0.000137 52.918925 0.000057 52.935164 0.000050 : 53.097473 ]
[53.098s][info][gc       ] [SYSINFO 8431 195 63 0 7885 0 16 0 0 6942 : - - - - - - - - : 0 7168 : 3.18 2.74 1.95 : 271935 4216524 : 0 0 : 16 0 : 2445 2 0 267 : - 8538296320 583921664 1065938944 7200940032 203833344 66772992 : 139899904 24468930 492570 0 0 0 : 53.097738 ]
[53.098s][info][gc       ] [HUGEPAGESTAT 0 0 0 - 83087 0 0 : 305152 0 0 : 53.097738 ]
[53.098s][info][gc       ] [OBJCREAT 152341712 25285 8337408 : 53.097803 ]
[53.098s][info][gc       ] [HMSV All : 0 0 50 0 0 0 0 0 : 6142 0 0 0 : 53.097821 ]
[53.098s][info][gc       ] [HMSP 60 : 51112 0 : 53.097821 ]
[53.098s][info][gc       ] [VMAC 65530 170 24 492 686 : 53.098325 ]
[53.101s][info][safepoint] Application time: 0.1656968 seconds
[53.101s][info][safepoint] Total time for which application threads were stopped: 0.0001282 seconds, Stopping threads took: 0.0000005 seconds
[53.101s][info][gc       ] [SPS 0.000 0.002 0.003 0.007 0.000 0.001 0.000 0.102 0.018 0.128 OldGC_pause4 53.101061 ]
[53.108s][info][gc       ] [GC Old Max 137-14 : 6356 6006 3808 6356 - - 986 20 2 2 - : 1760 1728 28 292 1772 : 1745 15 7 7 0 : 0 9 490 2 823 - 55 : 0.963490 655.9 0.0 1.126657 823.7 0.0 : 1 --c 0000 : 23   -    -    -    -    -    -    -    -    -  : 51.980853 51.984662 0.000171 52.626678 0.001020 52.631769 0.000047 53.100933 0.000105 : 53.107510 ]
[53.108s][info][gc       ] [SYSINFO 8431 195 63 0 7885 0 16 0 0 6942 : - - - - - - - - : 0 7168 : 3.18 2.74 1.95 : 271935 4216524 : 0 0 : 16 0 : 2445 2 0 267 : - 8538296320 583921664 1065938944 7200940032 203833344 66772992 : 139899904 24468950 492570 0 0 0 : 53.107717 ]
[53.108s][info][gc       ] [HUGEPAGESTAT 0 0 0 - 83087 0 0 : 305152 0 0 : 53.107717 ]
[53.108s][info][gc       ] [OBJCREAT 152373428 25285 8337408 : 53.107757 ]
[53.108s][info][gc       ] [HMSV All : 0 0 50 0 0 0 0 0 : 6142 0 0 0 : 53.107772 ]
[53.108s][info][gc       ] [HMSP 60 : 51112 0 : 53.107772 ]
[53.108s][info][gc       ] [COMPSTATS 1 : 5 0 : 1 0 : 0 0 : 517 5 0 0 0 0 : 0 0 0 0 0 0 : 132 134 15 : 522 0 0 0 0 0 0 : 522 0 0 0 0 0 0 ]
[53.108s][info][gc       ] [COMPSTATS 2 : 5 0 : 1 0 : 0 0 : 129 11 0 0 0 0 : 0 0 0 0 0 0 : 48891 48995 9410 : 69 45 26 0 0 0 0 : 32 86 17 4 1 0 0 ]
[53.108s][info][gc       ] [DEOPTSTATS 1 : 1 0 : 0 0 : 0 0 : 0 0 : 0 12 : 0 0 : 0 0 : 0 0 : 0 0 : 0 0 : 0 0 : 0 0 : 0 0 : 0 0 : 0 0 : 0 0 : 0 0 : 0 0 : 0 0 : 0 0 : 0 0 : 0 0 : 0 0 : 0 0 : 0 0 : 0 0 : 0 0 : 0 0 : 0 0 : 0 0 : 6 0 : 0 0 : 0 0 : 0 0 : 0 0 : 0 0 : 0 0 : 0 0 : 0 0 : 0 0 : 0 0 : 0 0 ]
[53.108s][info][gc       ] [DEOPTSTATS 2 : 0 0 : 0 0 : 0 0 : 0 0 : 0 0 : 0 0 : 0 11 : 0 0 : 0 0 : 0 0 : 0 0 : 0 0 : 0 0 : 0 0 : 0 0 : 0 0 : 0 0 : 0 0 : 0 0 : 0 0 : 0 0 : 0 0 : 0 0 : 0 0 : 0 0 : 0 0 : 0 0 : 0 0 : 0 0 : 0 0 : 5 0 : 0 0 : 0 0 : 0 0 : 0 1 : 0 0 : 0 0 : 0 0 : 0 0 : 0 3 : 0 0 : 0 0 ]
[53.108s][info][gc       ] [VMAC 65530 170 24 492 686 : 53.108237 ]
[53.108s][info][gc       ] [CCF 0 0 0 0 32 181248: 3071488 : 380 196608 : 3 49152 : 317 311808 :  510 633856 : 120 416256 : 0 0 : 15 1228800 : 1 2048]
[53.200s][info][gc       ] [GPGC-H  3664.6 748.6 3.6 0.0 : 427.0 : 0.000 0.000 : 0.000 0.000 0.701 1.375 : 0.000 0.000 0.000 0.000 2.004 0.735 : 0.000 : 99.890 : 2086 1728 28 0 : 2274 : 5720 5428 : 53.199692 : 9 Next_heuristic_check_may_be_too_late ]
[53.203s][info][safepoint] Application time: 0.1015576 seconds
[53.203s][info][safepoint] Total time for which application threads were stopped: 0.0002824 seconds, Stopping threads took: 0.0000004 seconds
[53.204s][info][gc       ] [SPS 0.000 0.003 0.002 0.006 0.000 0.001 0.000 0.262 0.013 0.282 NewGC_pause1 53.202901 ]
[53.359s][info][safepoint] Application time: 0.1561334 seconds
[53.360s][info][safepoint] Total time for which application threads were stopped: 0.0002035 seconds, Stopping threads took: 0.0000005 seconds
[53.360s][info][gc       ] [SPS 0.000 0.001 0.000 0.007 0.001 0.001 0.000 0.169 0.026 0.204 NewGC_pause2 53.359239 ]
[53.362s][info][safepoint] Application time: 0.0021861 seconds
[53.362s][info][safepoint] Total time for which application threads were stopped: 0.0000876 seconds, Stopping threads took: 0.0000005 seconds
[53.362s][info][gc       ] [SPS 0.000 0.001 0.000 0.008 0.001 0.001 0.000 0.057 0.021 0.088 NewGC_pause3 53.361512 ]
[53.370s][info][safepoint] Application time: 0.0080601 seconds
[53.370s][info][safepoint] Total time for which application threads were stopped: 0.0000850 seconds, Stopping threads took: 0.0000005 seconds
[53.370s][info][gc       ] [SPS 0.000 0.003 0.009 0.007 0.000 0.001 0.000 0.059 0.018 0.085 NewGC_pause4 53.369658 ]
[53.425s][info][gc       ] [GC New Max 139-125 : 6356 4654 2832 6356 - - 986 20 2 2 - : 714 1798 28 292 2606 : 581 4 2023 2023 0 : 35 1 256 0 357 - 0 : 0.102650 3507.1 0.0 0.224168 3211.9 0.0 : 3 --c 0000 : 23 0 0.000 0.000 0 0.000 0.000 0 0.000 0.000 : 53.200122 53.202619 0.000266 53.359035 0.000107 53.361425 0.000052 53.369573 0.000063 : 53.424291 ]
[53.425s][info][gc       ] [SYSINFO 8431 195 63 0 7885 0 16 0 0 6942 : - - - - - - - - : 0 7168 : 3.18 2.74 1.95 : 271935 4216524 : 0 0 : 16 0 : 2445 2 0 267 : - 8538296320 583921664 1065938944 7200940032 203833344 66772992 : 139899904 24469860 492630 0 0 0 : 53.424566 ]
[53.425s][info][gc       ] [HUGEPAGESTAT 0 0 0 - 83087 0 0 : 305152 0 0 : 53.424566 ]
[53.425s][info][gc       ] [OBJCREAT 153411567 25285 8409088 : 53.424620 ]
[53.425s][info][gc       ] [HMSV All : 0 0 50 0 0 0 0 0 : 6142 0 0 0 : 53.424639 ]
[53.425s][info][gc       ] [HMSP 60 : 51112 0 : 53.424639 ]
[53.425s][info][gc       ] [VMAC 65530 170 24 492 686 : 53.425077 ]
[53.627s][info][gc       ] [GPGC-H  3664.6 748.6 3.6 0.0 : 427.0 : 0.000 0.000 : 0.000 0.000 0.693 1.375 : 0.000 0.000 0.000 0.000 1.998 0.735 : 0.000 : 99.421 : 1470 1798 28 0 : 2274 : 5720 5428 : 53.627272 : 9 Next_heuristic_check_may_be_too_late ]
[53.630s][info][safepoint] Application time: 0.2603140 seconds
[53.631s][info][safepoint] Total time for which application threads were stopped: 0.0002957 seconds, Stopping threads took: 0.0000004 seconds
[53.631s][info][gc       ] [SPS 0.000 0.003 0.003 0.006 0.000 0.001 0.000 0.266 0.022 0.296 NewGC_pause1 53.630268 ]
[53.716s][info][safepoint] Application time: 0.0857859 seconds
[53.717s][info][safepoint] Total time for which application threads were stopped: 0.0002279 seconds, Stopping threads took: 0.0000004 seconds
[53.717s][info][gc       ] [SPS 0.000 0.001 0.000 0.006 0.000 0.001 0.000 0.191 0.029 0.228 NewGC_pause2 53.716281 ]
[53.718s][info][safepoint] Application time: 0.0016533 seconds
[53.718s][info][safepoint] Total time for which application threads were stopped: 0.0000767 seconds, Stopping threads took: 0.0000004 seconds
[53.718s][info][gc       ] [SPS 0.000 0.000 0.000 0.006 0.000 0.001 0.000 0.056 0.014 0.077 NewGC_pause3 53.718011 ]
[53.719s][info][safepoint] Application time: 0.0010548 seconds
[53.719s][info][safepoint] Total time for which application threads were stopped: 0.0000620 seconds, Stopping threads took: 0.0000004 seconds
[53.719s][info][gc       ] [SPS 0.000 0.002 0.002 0.006 0.000 0.001 0.000 0.041 0.014 0.062 NewGC_pause4 53.719128 ]
[53.720s][info][gc       ] [GC New Max 140-126 : 6356 3922 2448 6356 - - 986 20 2 2 - : 330 1798 28 292 1804 : 326 4 1476 1476 0 : 0 1 163 0 165 - 0 : 0.203330 3718.1 0.0 0.091736 3662.7 0.0 : 3 --c 0000 : 23 0 0.000 0.000 0 0.000 0.000 0 0.000 0.000 : 53.627621 53.629972 0.000215 53.716054 0.000138 53.717935 0.000059 53.719066 0.000044 : 53.719357 ]
[53.720s][info][gc       ] [SYSINFO 8431 195 63 0 7885 0 16 0 0 6942 : - - - - - - - - : 0 7168 : 3.18 2.74 1.95 : 271935 4216524 : 0 0 : 16 0 : 2445 2 0 267 : - 8538296320 583921664 1065938944 7200940032 203833344 66772992 : 139899904 24470430 492720 0 0 0 : 53.719589 ]
[53.720s][info][gc       ] [HUGEPAGESTAT 0 0 0 - 83087 0 0 : 305152 0 0 : 53.719589 ]
[53.720s][info][gc       ] [OBJCREAT 154492613 25285 8409088 : 53.719632 ]
[53.720s][info][gc       ] [HMSV All : 0 0 50 0 0 0 0 0 : 6142 0 0 0 : 53.719647 ]
[53.720s][info][gc       ] [HMSP 60 : 51112 0 : 53.719647 ]
[53.720s][info][gc       ] [VMAC 65530 170 24 492 686 : 53.720093 ]
[53.941s][info][gc       ] [GPGC-H  3664.6 748.6 3.6 0.0 : 427.0 : 0.000 0.000 : 0.000 0.000 0.684 1.375 : 0.000 0.000 0.000 0.000 1.988 0.735 : 0.000 : 98.496 : 1176 1798 28 0 : 2274 : 5720 5428 : 53.941441 : 9 Next_heuristic_check_may_be_too_late ]
[53.944s][info][safepoint] Application time: 0.2244914 seconds
[53.944s][info][safepoint] Total time for which application threads were stopped: 0.0002782 seconds, Stopping threads took: 0.0000004 seconds
[53.945s][info][gc       ] [SPS 0.000 0.003 0.002 0.006 0.000 0.001 0.000 0.255 0.016 0.278 NewGC_pause1 53.943898 ]
[54.004s][info][safepoint] Application time: 0.0599031 seconds
[54.004s][info][safepoint] Total time for which application threads were stopped: 0.0001452 seconds, Stopping threads took: 0.0000004 seconds
[54.005s][info][gc       ] [SPS 0.000 0.001 0.000 0.006 0.000 0.001 0.000 0.119 0.020 0.146 NewGC_pause2 54.003947 ]
[54.005s][info][safepoint] Application time: 0.0012990 seconds
[54.006s][info][safepoint] Total time for which application threads were stopped: 0.0000673 seconds, Stopping threads took: 0.0000004 seconds
[54.006s][info][gc       ] [SPS 0.000 0.000 0.000 0.006 0.000 0.001 0.000 0.039 0.021 0.067 NewGC_pause3 54.005313 ]
[54.007s][info][safepoint] Application time: 0.0011210 seconds
[54.007s][info][safepoint] Total time for which application threads were stopped: 0.0000688 seconds, Stopping threads took: 0.0000004 seconds
[54.007s][info][gc       ] [SPS 0.000 0.002 0.002 0.006 0.000 0.001 0.000 0.039 0.023 0.069 NewGC_pause4 54.006503 ]
[54.007s][info][gc       ] [GC New Max 141-127 : 6356 3530 2350 6356 - - 986 20 2 2 - : 232 1798 28 292 1412 : 228 4 1182 1182 0 : 0 1 114 0 116 - 0 : 0.222607 3809.4 0.0 0.064819 3640.9 0.0 : 3 --c 0000 : 23 0 0.000 0.000 0 0.000 0.000 0 0.000 0.000 : 53.941965 53.943620 0.000256 54.003802 0.000084 54.005246 0.000042 54.006434 0.000042 : 54.006783 ]
[54.007s][info][gc       ] [SYSINFO 8431 195 63 0 7885 0 16 0 0 6942 : - - - - - - - - : 0 7168 : 3.18 2.74 1.95 : 271935 4216524 : 0 0 : 16 0 : 2445 2 0 267 : - 8538296320 583921664 1065938944 7200940032 203833344 66772992 : 139899904 24470890 492790 0 0 0 : 54.007000 ]
[54.007s][info][gc       ] [HUGEPAGESTAT 0 0 0 - 83087 0 0 : 305152 0 0 : 54.007000 ]
[54.007s][info][gc       ] [OBJCREAT 155565910 25285 8409088 : 54.007038 ]
[54.007s][info][gc       ] [HMSV All : 0 0 50 0 0 0 0 0 : 6142 0 0 0 : 54.007053 ]
[54.007s][info][gc       ] [HMSP 60 : 51112 0 : 54.007053 ]
[54.007s][info][gc       ] [VMAC 65530 170 24 492 686 : 54.007477 ]
[54.229s][info][gc       ] [GPGC-H  3664.6 748.6 3.6 0.0 : 427.0 : 0.000 0.000 : 0.000 0.000 0.676 1.375 : 0.000 0.000 0.000 0.000 1.973 0.735 : 0.000 : 97.494 : 1086 1798 28 0 : 2274 : 5720 5428 : 54.228650 : 9 Next_heuristic_check_may_be_too_late ]
[54.232s][info][safepoint] Application time: 0.2247103 seconds
[54.232s][info][safepoint] Total time for which application threads were stopped: 0.0003929 seconds, Stopping threads took: 0.0000004 seconds
[54.232s][info][gc       ] [SPS 0.000 0.003 0.006 0.006 0.000 0.001 0.000 0.363 0.022 0.393 NewGC_pause1 54.231607 ]
[54.292s][info][safepoint] Application time: 0.0606467 seconds
[54.293s][info][safepoint] Total time for which application threads were stopped: 0.0001516 seconds, Stopping threads took: 0.0000004 seconds
[54.293s][info][gc       ] [SPS 0.000 0.001 0.000 0.006 0.000 0.001 0.000 0.124 0.021 0.152 NewGC_pause2 54.292405 ]
[54.294s][info][safepoint] Application time: 0.0017409 seconds
[54.295s][info][safepoint] Total time for which application threads were stopped: 0.0000529 seconds, Stopping threads took: 0.0000004 seconds
[54.295s][info][gc       ] [SPS 0.000 0.000 0.000 0.006 0.000 0.001 0.000 0.033 0.013 0.053 NewGC_pause3 54.294199 ]
[54.295s][info][safepoint] Application time: 0.0010386 seconds
[54.296s][info][safepoint] Total time for which application threads were stopped: 0.0000601 seconds, Stopping threads took: 0.0000004 seconds
[54.296s][info][gc       ] [SPS 0.000 0.002 0.002 0.006 0.000 0.001 0.000 0.040 0.013 0.060 NewGC_pause4 54.295297 ]
[54.296s][info][gc       ] [GC New Max 142-128 : 6356 3436 2344 6356 - - 986 20 2 2 - : 226 1798 28 292 1318 : 222 4 1094 1094 0 : 0 1 111 0 113 - 0 : 0.222428 3848.4 0.0 0.066331 3497.6 0.0 : 3 --c 0000 : 23 0 0.000 0.000 0 0.000 0.000 0 0.000 0.000 : 54.229211 54.231214 0.000297 54.292253 0.000091 54.294146 0.000036 54.295237 0.000043 : 54.295543 ]
[54.296s][info][gc       ] [SYSINFO 8431 195 63 0 7885 0 16 0 0 6942 : - - - - - - - - : 0 7168 : 3.18 2.74 1.95 : 271935 4216524 : 0 0 : 16 0 : 2445 2 0 267 : - 8538296320 583921664 1065938944 7200940032 203833344 66772992 : 139899904 24471350 492920 0 0 0 : 54.295795 ]
[54.296s][info][gc       ] [HUGEPAGESTAT 0 0 0 - 83087 0 0 : 305152 0 0 : 54.295795 ]
[54.296s][info][gc       ] [OBJCREAT 156642465 25285 8409088 : 54.295846 ]
[54.296s][info][gc       ] [HMSV All : 0 0 50 0 0 0 0 0 : 6142 0 0 0 : 54.295860 ]
[54.296s][info][gc       ] [HMSP 60 : 51112 0 : 54.295860 ]
[54.296s][info][gc       ] [VMAC 65530 170 24 492 686 : 54.296376 ]
[54.538s][info][gc       ] [GPGC-H  3647.4 748.6 3.6 0.0 : 427.0 : 0.000 0.000 : 0.000 0.000 0.668 1.375 : 0.000 0.000 0.000 0.000 1.953 0.735 : 0.000 : 96.506 : 1138 1798 28 0 : 2274 : 5720 5428 : 54.538100 : 9 Next_heuristic_check_may_be_too_late ]
[54.541s][info][safepoint] Application time: 0.2453098 seconds
[54.541s][info][safepoint] Total time for which application threads were stopped: 0.0002962 seconds, Stopping threads took: 0.0000007 seconds
[54.542s][info][gc       ] [SPS 0.000 0.004 0.007 0.011 0.001 0.002 0.001 0.224 0.058 0.296 NewGC_pause1 54.540904 ]
[54.602s][info][safepoint] Application time: 0.0607918 seconds
[54.602s][info][safepoint] Total time for which application threads were stopped: 0.0001746 seconds, Stopping threads took: 0.0000004 seconds
[54.603s][info][gc       ] [SPS 0.000 0.001 0.000 0.006 0.000 0.001 0.000 0.141 0.026 0.175 NewGC_pause2 54.601871 ]
[54.603s][info][safepoint] Application time: 0.0014906 seconds
[54.604s][info][safepoint] Total time for which application threads were stopped: 0.0000570 seconds, Stopping threads took: 0.0000004 seconds
[54.604s][info][gc       ] [SPS 0.000 0.000 0.000 0.006 0.000 0.001 0.000 0.035 0.014 0.057 NewGC_pause3 54.603418 ]
[54.604s][info][safepoint] Application time: 0.0009655 seconds
[54.605s][info][safepoint] Total time for which application threads were stopped: 0.0000679 seconds, Stopping threads took: 0.0000004 seconds
[54.605s][info][gc       ] [SPS 0.000 0.002 0.002 0.006 0.000 0.001 0.000 0.046 0.015 0.068 NewGC_pause4 54.604452 ]
[54.605s][info][gc       ] [GC New Max 143-129 : 6356 3482 2342 6356 - - 986 20 2 2 - : 224 1798 28 292 1364 : 222 4 1143 1143 0 : 0 1 111 0 112 - 0 : 0.242996 3761.4 0.0 0.066145 3416.8 0.0 : 3 --c 0000 : 23 0 0.000 0.000 0 0.000 0.000 0 0.000 0.000 : 54.538538 54.540608 0.000185 54.601696 0.000106 54.603361 0.000039 54.604384 0.000049 : 54.604683 ]
[54.605s][info][gc       ] [SYSINFO 8431 195 63 0 7885 0 16 0 0 6942 : - - - - - - - - : 0 7168 : 3.18 2.74 1.95 : 271935 4216524 : 0 0 : 16 0 : 2445 2 0 267 : - 8538296320 583921664 1065938944 7200940032 203833344 66772992 : 139899904 24471850 493040 0 0 0 : 54.604933 ]
[54.605s][info][gc       ] [HUGEPAGESTAT 0 0 0 - 83087 0 0 : 305152 0 0 : 54.604933 ]
[54.605s][info][gc       ] [OBJCREAT 157772241 25285 8409088 : 54.604976 ]
[54.605s][info][gc       ] [HMSV All : 0 0 50 0 0 0 0 0 : 6142 0 0 0 : 54.604992 ]
[54.605s][info][gc       ] [HMSP 60 : 51112 0 : 54.604992 ]
[54.605s][info][gc       ] [VMAC 65530 170 24 492 686 : 54.605446 ]
[54.847s][info][gc       ] [GPGC-H  3647.4 748.6 3.6 0.0 : 427.0 : 0.000 0.000 : 0.000 0.000 0.660 1.375 : 0.000 0.000 0.000 0.000 1.929 0.735 : 0.000 : 95.441 : 1130 1798 28 0 : 2274 : 5720 5428 : 54.846530 : 9 Next_heuristic_check_may_be_too_late ]
[54.849s][info][safepoint] Application time: 0.2446236 seconds
[54.850s][info][safepoint] Total time for which application threads were stopped: 0.0002873 seconds, Stopping threads took: 0.0000004 seconds
[54.850s][info][gc       ] [SPS 0.000 0.003 0.004 0.006 0.000 0.001 0.000 0.254 0.040 0.302 NewGC_pause1 54.849378 ]
[54.915s][info][safepoint] Application time: 0.0659205 seconds
[54.916s][info][safepoint] Total time for which application threads were stopped: 0.0001484 seconds, Stopping threads took: 0.0000004 seconds
[54.916s][info][gc       ] [SPS 0.000 0.002 0.000 0.006 0.000 0.001 0.000 0.120 0.021 0.148 NewGC_pause2 54.915432 ]
[54.917s][info][safepoint] Application time: 0.0017578 seconds
[54.918s][info][safepoint] Total time for which application threads were stopped: 0.0001150 seconds, Stopping threads took: 0.0000004 seconds
[54.918s][info][gc       ] [SPS 0.000 0.000 0.000 0.006 0.000 0.001 0.000 0.095 0.013 0.115 NewGC_pause3 54.917305 ]
[54.918s][info][safepoint] Application time: 0.0010886 seconds
[54.919s][info][safepoint] Total time for which application threads were stopped: 0.0000609 seconds, Stopping threads took: 0.0000004 seconds
[54.919s][info][gc       ] [SPS 0.000 0.002 0.001 0.006 0.000 0.001 0.000 0.041 0.013 0.061 NewGC_pause4 54.918454 ]
[54.919s][info][gc       ] [GC New Max 144-130 : 6356 3510 2374 6356 - - 986 20 2 2 - : 256 1798 28 292 1392 : 254 2 1138 1138 0 : 0 0 127 0 128 - 0 : 0.242410 3745.7 0.0 0.071592 3659.6 0.0 : 3 --c 0000 : 23 0 0.000 0.000 0 0.000 0.000 0 0.000 0.000 : 54.847093 54.849075 0.000179 54.915284 0.000089 54.917190 0.000099 54.918393 0.000044 : 54.918686 ]
[54.919s][info][gc       ] [SYSINFO 8431 195 63 0 7885 0 16 0 0 6942 : - - - - - - - - : 0 7168 : 3.18 2.74 1.95 : 271935 4216524 : 0 0 : 16 0 : 2445 3 0 267 : - 8538296320 583921664 1065938944 7200940032 203833344 66772992 : 139899904 24472320 493100 0 0 0 : 54.918943 ]
[54.919s][info][gc       ] [HUGEPAGESTAT 0 0 0 - 83087 0 0 : 305152 0 0 : 54.918943 ]
[54.919s][info][gc       ] [OBJCREAT 158931159 25285 8409088 : 54.918987 ]
[54.919s][info][gc       ] [HMSV All : 0 0 50 0 0 0 0 0 : 6142 0 0 0 : 54.919000 ]
[54.919s][info][gc       ] [HMSP 60 : 51112 0 : 54.919000 ]
[54.919s][info][gc       ] [VMAC 65530 170 24 492 686 : 54.919451 ]
[55.141s][info][gc       ] [GPGC-H  3647.4 685.5 3.3 0.0 : 389.3 : 0.000 0.000 : 0.000 0.000 0.651 1.375 : 0.000 0.000 0.000 0.000 1.904 0.735 : 0.000 : 94.394 : 1142 1798 28 0 : 2274 : 5720 5428 : 55.140546 : 9 Next_heuristic_check_may_be_too_late ]
[55.143s][info][safepoint] Application time: 0.2240659 seconds
[55.143s][info][safepoint] Total time for which application threads were stopped: 0.0002447 seconds, Stopping threads took: 0.0000004 seconds
[55.143s][info][gc       ] [SPS 0.000 0.004 0.002 0.006 0.000 0.001 0.000 0.214 0.023 0.245 NewGC_pause1 55.142765 ]
[55.203s][info][safepoint] Application time: 0.0598967 seconds
[55.203s][info][safepoint] Total time for which application threads were stopped: 0.0001185 seconds, Stopping threads took: 0.0000004 seconds
[55.204s][info][gc       ] [SPS 0.000 0.002 0.000 0.013 0.000 0.001 0.000 0.085 0.020 0.119 NewGC_pause2 55.202781 ]
[55.205s][info][safepoint] Application time: 0.0017457 seconds
[55.205s][info][safepoint] Total time for which application threads were stopped: 0.0000652 seconds, Stopping threads took: 0.0000004 seconds
[55.205s][info][gc       ] [SPS 0.000 0.000 0.000 0.006 0.000 0.001 0.000 0.042 0.016 0.065 NewGC_pause3 55.204591 ]
[55.206s][info][safepoint] Application time: 0.0010256 seconds
[55.206s][info][safepoint] Total time for which application threads were stopped: 0.0000699 seconds, Stopping threads took: 0.0000004 seconds
[55.206s][info][gc       ] [SPS 0.000 0.009 0.002 0.006 0.000 0.001 0.000 0.046 0.017 0.070 NewGC_pause4 55.205687 ]
[55.206s][info][gc       ] [GC New Max 145-131 : 6356 3498 2354 6356 - - 986 20 2 2 - : 236 1798 28 292 1380 : 232 4 1147 1147 0 : 0 1 116 0 118 - 0 : 0.222265 3986.2 0.0 0.065052 3689.4 0.0 : 3 --c 0000 : 23 0 0.000 0.000 0 0.000 0.000 0 0.000 0.000 : 55.140951 55.142520 0.000177 55.202662 0.000048 55.204526 0.000039 55.205617 0.000049 : 55.206002 ]
[55.206s][info][gc       ] [SYSINFO 8431 195 63 0 7885 0 16 0 0 6942 : - - - - - - - - : 0 7168 : 3.18 2.74 1.95 : 271935 4216524 : 0 0 : 16 0 : 2445 2 0 267 : - 8538296320 583921664 1065938944 7200940032 203833344 66772992 : 139899904 24472800 493140 0 0 0 : 55.206216 ]
[55.206s][info][gc       ] [HUGEPAGESTAT 0 0 0 - 83087 0 0 : 305152 0 0 : 55.206216 ]
[55.206s][info][gc       ] [OBJCREAT 160046266 25285 8409088 : 55.206258 ]
[55.206s][info][gc       ] [HMSV All : 0 0 50 0 0 0 0 0 : 6142 0 0 0 : 55.206274 ]
[55.206s][info][gc       ] [HMSP 60 : 51112 0 : 55.206274 ]
[55.207s][info][gc       ] [VMAC 65530 170 24 492 686 : 55.206717 ]
[55.428s][info][gc       ] [GPGC-H  3647.4 685.5 3.3 0.0 : 389.3 : 0.000 0.000 : 0.000 0.000 0.643 1.375 : 0.000 0.000 0.000 0.000 1.881 0.735 : 0.000 : 93.448 : 1088 1798 28 0 : 2274 : 5720 5428 : 55.427934 : 9 Next_heuristic_check_may_be_too_late ]
[55.430s][info][safepoint] Application time: 0.2243624 seconds
[55.431s][info][safepoint] Total time for which application threads were stopped: 0.0003926 seconds, Stopping threads took: 0.0000008 seconds
[55.431s][info][gc       ] [SPS 0.000 0.004 0.003 0.010 0.001 0.001 0.000 0.329 0.051 0.393 NewGC_pause1 55.430442 ]
[55.491s][info][safepoint] Application time: 0.0606383 seconds
[55.492s][info][safepoint] Total time for which application threads were stopped: 0.0001574 seconds, Stopping threads took: 0.0000004 seconds
[55.492s][info][gc       ] [SPS 0.000 0.001 0.000 0.006 0.000 0.001 0.000 0.129 0.021 0.157 NewGC_pause2 55.491238 ]
[55.494s][info][safepoint] Application time: 0.0024521 seconds
[55.494s][info][safepoint] Total time for which application threads were stopped: 0.0001906 seconds, Stopping threads took: 0.0000004 seconds
[55.494s][info][gc       ] [SPS 0.000 0.000 0.000 0.014 0.000 0.001 0.000 0.129 0.047 0.191 NewGC_pause3 55.493881 ]
[55.495s][info][safepoint] Application time: 0.0009144 seconds
[55.495s][info][safepoint] Total time for which application threads were stopped: 0.0000628 seconds, Stopping threads took: 0.0000005 seconds
[55.495s][info][gc       ] [SPS 0.000 0.002 0.002 0.006 0.000 0.001 0.000 0.041 0.014 0.063 NewGC_pause4 55.494858 ]
[55.495s][info][gc       ] [GC New Max 146-132 : 6356 3436 2346 6356 - - 986 20 2 2 - : 228 1798 28 292 1318 : 224 4 1093 1093 0 : 0 1 112 0 114 - 0 : 0.222243 3842.6 0.0 0.066856 3440.2 0.0 : 3 --c 0000 : 23 0 0.000 0.000 0 0.000 0.000 0 0.000 0.000 : 55.428245 55.430050 0.000282 55.491081 0.000095 55.493690 0.000105 55.494795 0.000044 : 55.495101 ]
[55.495s][info][gc       ] [SYSINFO 8431 195 63 0 7885 0 16 0 0 6942 : - - - - - - - - : 0 7168 : 3.18 2.74 1.95 : 271935 4216524 : 0 0 : 16 0 : 2445 3 0 267 : - 8538296320 583921664 1065938944 7200940032 203833344 66772992 : 139899904 24473280 493230 0 0 0 : 55.495342 ]
[55.495s][info][gc       ] [HUGEPAGESTAT 0 0 0 - 83087 0 0 : 305152 0 0 : 55.495342 ]
[55.495s][info][gc       ] [OBJCREAT 161118415 25285 8409088 : 55.495385 ]
[55.495s][info][gc       ] [HMSV All : 0 0 50 0 0 0 0 0 : 6142 0 0 0 : 55.495400 ]
[55.495s][info][gc       ] [HMSP 60 : 51112 0 : 55.495400 ]
[55.496s][info][gc       ] [VMAC 65530 170 24 492 686 : 55.495843 ]
[55.737s][info][gc       ] [GPGC-H  3647.4 685.5 3.3 0.0 : 389.3 : 0.000 0.000 : 0.000 0.000 0.636 1.375 : 0.000 0.000 0.000 0.000 1.858 0.735 : 0.000 : 92.515 : 1142 1798 28 0 : 2274 : 5720 5428 : 55.737253 : 9 Next_heuristic_check_may_be_too_late ]
[55.740s][info][safepoint] Application time: 0.2448005 seconds
[55.740s][info][safepoint] Total time for which application threads were stopped: 0.0003400 seconds, Stopping threads took: 0.0000022 seconds
[55.741s][info][gc       ] [SPS 0.000 0.003 0.003 0.006 0.002 0.001 0.000 0.276 0.055 0.340 NewGC_pause1 55.739999 ]
[55.801s][info][safepoint] Application time: 0.0608564 seconds
[55.802s][info][safepoint] Total time for which application threads were stopped: 0.0001526 seconds, Stopping threads took: 0.0000004 seconds
[55.802s][info][gc       ] [SPS 0.000 0.001 0.000 0.006 0.000 0.001 0.000 0.125 0.020 0.152 NewGC_pause2 55.801008 ]
[55.803s][info][safepoint] Application time: 0.0019658 seconds
[55.803s][info][safepoint] Total time for which application threads were stopped: 0.0000555 seconds, Stopping threads took: 0.0000004 seconds
[55.804s][info][gc       ] [SPS 0.000 0.000 0.000 0.006 0.000 0.001 0.000 0.036 0.013 0.056 NewGC_pause3 55.803030 ]
[55.804s][info][safepoint] Application time: 0.0011669 seconds
[55.804s][info][safepoint] Total time for which application threads were stopped: 0.0000606 seconds, Stopping threads took: 0.0000004 seconds
[55.805s][info][gc       ] [SPS 0.000 0.002 0.001 0.005 0.000 0.001 0.000 0.040 0.014 0.061 NewGC_pause4 55.804257 ]
[55.805s][info][gc       ] [GC New Max 147-133 : 6356 3494 2350 6356 - - 986 20 2 2 - : 232 1798 28 292 1376 : 226 6 1149 1149 0 : 0 1 113 0 116 - 0 : 0.242659 3774.8 0.0 0.066756 3535.3 0.0 : 3 --c 0000 : 23 0 0.000 0.000 0 0.000 0.000 0 0.000 0.000 : 55.737761 55.739659 0.000247 55.800856 0.000091 55.802974 0.000039 55.804196 0.000043 : 55.804516 ]
[55.805s][info][gc       ] [SYSINFO 8431 195 63 0 7885 0 16 0 0 6942 : - - - - - - - - : 0 7168 : 3.18 2.74 1.95 : 271935 4216524 : 0 0 : 16 0 : 2445 2 0 267 : - 8538296320 583921664 1065938944 7200940032 203833344 66772992 : 139899904 24473780 493310 0 0 0 : 55.804730 ]
[55.805s][info][gc       ] [HUGEPAGESTAT 0 0 0 - 83087 0 0 : 305152 0 0 : 55.804730 ]
[55.805s][info][gc       ] [OBJCREAT 162258203 25285 8409088 : 55.804769 ]
[55.805s][info][gc       ] [HMSV All : 0 0 50 0 0 0 0 0 : 6142 0 0 0 : 55.804785 ]
[55.805s][info][gc       ] [HMSP 60 : 51112 0 : 55.804785 ]
[55.805s][info][gc       ] [VMAC 65530 170 24 492 686 : 55.805233 ]
[56.027s][info][gc       ] [GPGC-H  3647.4 685.5 3.3 0.0 : 389.3 : 0.000 0.000 : 0.000 0.000 0.628 1.375 : 0.000 0.000 0.000 0.000 1.834 0.735 : 0.000 : 91.508 : 1076 1798 28 0 : 2274 : 5720 5428 : 56.026847 : 9 Next_heuristic_check_may_be_too_late ]
[56.029s][info][safepoint] Application time: 0.2247083 seconds
[56.030s][info][safepoint] Total time for which application threads were stopped: 0.0002834 seconds, Stopping threads took: 0.0000005 seconds
[56.030s][info][gc       ] [SPS 0.000 0.003 0.003 0.006 0.001 0.001 0.000 0.261 0.015 0.283 NewGC_pause1 56.029249 ]
[56.096s][info][safepoint] Application time: 0.0662567 seconds
[56.096s][info][safepoint] Total time for which application threads were stopped: 0.0001879 seconds, Stopping threads took: 0.0000004 seconds
[56.096s][info][gc       ] [SPS 0.000 0.001 0.000 0.006 0.000 0.001 0.000 0.162 0.019 0.188 NewGC_pause2 56.095694 ]
[56.097s][info][safepoint] Application time: 0.0014802 seconds
[56.098s][info][safepoint] Total time for which application threads were stopped: 0.0000544 seconds, Stopping threads took: 0.0000004 seconds
[56.098s][info][gc       ] [SPS 0.000 0.000 0.000 0.007 0.000 0.001 0.000 0.034 0.013 0.054 NewGC_pause3 56.097228 ]
[56.098s][info][safepoint] Application time: 0.0009668 seconds
[56.098s][info][safepoint] Total time for which application threads were stopped: 0.0000590 seconds, Stopping threads took: 0.0000004 seconds
[56.098s][info][gc       ] [SPS 0.000 0.003 0.006 0.006 0.000 0.001 0.000 0.039 0.014 0.059 NewGC_pause4 56.098254 ]
[56.099s][info][gc       ] [GC New Max 148-134 : 6356 3456 2378 6356 - - 986 20 2 2 - : 260 1798 28 292 1338 : 258 4 1081 1081 0 : 0 1 129 0 130 - 0 : 0.222762 3788.8 0.0 0.071230 3706.3 0.0 : 3 --c 0000 : 23 0 0.000 0.000 0 0.000 0.000 0 0.000 0.000 : 56.027278 56.028965 0.000245 56.095506 0.000101 56.097174 0.000038 56.098195 0.000042 : 56.098507 ]
[56.099s][info][gc       ] [SYSINFO 8431 195 63 0 7885 0 16 0 0 6942 : - - - - - - - - : 0 7168 : 3.18 2.74 1.95 : 271935 4216524 : 0 0 : 16 0 : 2445 2 0 267 : - 8538296320 583921664 1065938944 7200940032 203833344 66772992 : 139899904 24474250 493370 0 0 0 : 56.098748 ]
[56.099s][info][gc       ] [HUGEPAGESTAT 0 0 0 - 83087 0 0 : 305152 0 0 : 56.098748 ]
[56.099s][info][gc       ] [OBJCREAT 163357792 25285 8409088 : 56.098789 ]
[56.099s][info][gc       ] [HMSV All : 0 0 50 0 0 0 0 0 : 6142 0 0 0 : 56.098802 ]
[56.099s][info][gc       ] [HMSP 60 : 51112 0 : 56.098802 ]
[56.099s][info][gc       ] [VMAC 65530 170 24 492 686 : 56.099209 ]
[56.321s][info][gc       ] [GPGC-H  3647.4 685.5 3.3 0.0 : 389.3 : 0.000 0.000 : 0.000 0.000 0.620 1.375 : 0.000 0.000 0.000 0.000 1.811 0.735 : 0.000 : 90.600 : 1108 1798 28 0 : 2274 : 5720 5428 : 56.320740 : 9 Next_heuristic_check_may_be_too_late ]
[56.323s][info][safepoint] Application time: 0.2246727 seconds
[56.324s][info][safepoint] Total time for which application threads were stopped: 0.0002721 seconds, Stopping threads took: 0.0000005 seconds
[56.324s][info][gc       ] [SPS 0.000 0.003 0.002 0.006 0.000 0.001 0.000 0.244 0.020 0.272 NewGC_pause1 56.323199 ]
[56.384s][info][safepoint] Application time: 0.0602058 seconds
[56.384s][info][safepoint] Total time for which application threads were stopped: 0.0001664 seconds, Stopping threads took: 0.0000004 seconds
[56.385s][info][gc       ] [SPS 0.000 0.001 0.000 0.006 0.000 0.001 0.000 0.138 0.021 0.166 NewGC_pause2 56.383572 ]
[56.386s][info][safepoint] Application time: 0.0018390 seconds
[56.386s][info][safepoint] Total time for which application threads were stopped: 0.0000998 seconds, Stopping threads took: 0.0000004 seconds
[56.386s][info][gc       ] [SPS 0.000 0.000 0.000 0.006 0.000 0.001 0.000 0.080 0.013 0.100 NewGC_pause3 56.385510 ]
[56.387s][info][safepoint] Application time: 0.0012012 seconds
[56.387s][info][safepoint] Total time for which application threads were stopped: 0.0000628 seconds, Stopping threads took: 0.0000004 seconds
[56.387s][info][gc       ] [SPS 0.000 0.002 0.002 0.006 0.000 0.001 0.000 0.041 0.015 0.063 NewGC_pause4 56.386774 ]
[56.387s][info][gc       ] [GC New Max 149-135 : 6356 3466 2352 6356 - - 986 20 2 2 - : 234 1798 28 292 1348 : 232 2 1116 1116 0 : 0 0 116 0 117 - 0 : 0.222683 3817.1 0.0 0.065849 3644.7 0.0 : 3 --c 0000 : 23 0 0.000 0.000 0 0.000 0.000 0 0.000 0.000 : 56.321191 56.322927 0.000248 56.383405 0.000094 56.385410 0.000084 56.386711 0.000043 : 56.387039 ]
[56.387s][info][gc       ] [SYSINFO 8431 195 63 0 7885 0 16 0 0 6942 : - - - - - - - - : 0 7168 : 3.18 2.74 1.95 : 271935 4216524 : 0 0 : 16 0 : 2445 2 0 267 : - 8538296320 583921664 1065938944 7200940032 203833344 66772992 : 139899904 24474720 493470 0 0 0 : 56.387276 ]
[56.387s][info][gc       ] [HUGEPAGESTAT 0 0 0 - 83087 0 0 : 305152 0 0 : 56.387276 ]
[56.387s][info][gc       ] [OBJCREAT 164436783 25285 8409088 : 56.387320 ]
[56.387s][info][gc       ] [HMSV All : 0 0 50 0 0 0 0 0 : 6142 0 0 0 : 56.387335 ]
[56.387s][info][gc       ] [HMSP 60 : 51112 0 : 56.387335 ]
[56.388s][info][gc       ] [VMAC 65530 170 24 492 686 : 56.387790 ]
[56.629s][info][gc       ] [GPGC-H  3646.9 685.5 3.3 0.0 : 389.3 : 0.000 0.000 : 0.000 0.000 0.613 1.375 : 0.000 0.000 0.000 0.000 1.790 0.735 : 0.000 : 89.702 : 1146 1798 28 0 : 2274 : 5720 5428 : 56.629440 : 9 Next_heuristic_check_may_be_too_late ]
[56.632s][info][safepoint] Application time: 0.2446766 seconds
[56.632s][info][safepoint] Total time for which application threads were stopped: 0.0001951 seconds, Stopping threads took: 0.0000004 seconds
[56.633s][info][gc       ] [SPS 0.000 0.003 0.005 0.006 0.000 0.001 0.000 0.173 0.014 0.195 NewGC_pause1 56.631646 ]
[56.692s][info][safepoint] Application time: 0.0605558 seconds
[56.693s][info][safepoint] Total time for which application threads were stopped: 0.0000961 seconds, Stopping threads took: 0.0000004 seconds
[56.693s][info][gc       ] [SPS 0.000 0.001 0.000 0.006 0.000 0.001 0.000 0.076 0.013 0.096 NewGC_pause2 56.692298 ]
[56.694s][info][safepoint] Application time: 0.0017601 seconds
[56.695s][info][safepoint] Total time for which application threads were stopped: 0.0000523 seconds, Stopping threads took: 0.0000004 seconds
[56.695s][info][gc       ] [SPS 0.000 0.000 0.000 0.006 0.000 0.001 0.000 0.033 0.012 0.052 NewGC_pause3 56.694111 ]
[56.695s][info][safepoint] Application time: 0.0011465 seconds
[56.696s][info][safepoint] Total time for which application threads were stopped: 0.0000684 seconds, Stopping threads took: 0.0000004 seconds
[56.696s][info][gc       ] [SPS 0.000 0.002 0.002 0.006 0.000 0.001 0.000 0.043 0.019 0.068 NewGC_pause4 56.695326 ]
[56.696s][info][gc       ] [GC New Max 150-136 : 6356 3496 2348 6356 - - 986 20 2 2 - : 230 1798 28 292 1378 : 226 4 1151 1151 0 : 0 1 113 0 115 - 0 : 0.242819 3764.1 0.0 0.065733 3529.4 0.0 : 3 --c 0000 : 23 0 0.000 0.000 0 0.000 0.000 0 0.000 0.000 : 56.629859 56.631451 0.000178 56.692202 0.000079 56.694058 0.000036 56.695257 0.000045 : 56.695592 ]
[56.696s][info][gc       ] [SYSINFO 8431 195 63 0 7885 0 16 0 0 6942 : - - - - - - - - : 0 7168 : 3.18 2.74 1.95 : 271935 4216524 : 0 0 : 16 0 : 2445 4 0 267 : - 8538296320 583921664 1065938944 7200940032 203833344 66772992 : 139899904 24475210 493560 0 0 0 : 56.695835 ]
[56.696s][info][gc       ] [HUGEPAGESTAT 0 0 0 - 83087 0 0 : 305152 0 0 : 56.695835 ]
[56.696s][info][gc       ] [OBJCREAT 165570308 25285 8409088 : 56.695875 ]
[56.696s][info][gc       ] [HMSV All : 0 0 50 0 0 0 0 0 : 6142 0 0 0 : 56.695889 ]
[56.696s][info][gc       ] [HMSP 60 : 51112 0 : 56.695889 ]
[56.696s][info][gc       ] [VMAC 65530 170 24 492 686 : 56.696340 ]
[56.917s][info][gc       ] [GPGC-H  3646.9 685.5 3.3 0.0 : 389.3 : 0.000 0.000 : 0.000 0.000 0.605 1.375 : 0.000 0.000 0.000 0.000 1.767 0.735 : 0.000 : 88.734 : 1076 1798 28 0 : 2274 : 5720 5428 : 56.917338 : 9 Next_heuristic_check_may_be_too_late ]
[56.920s][info][safepoint] Application time: 0.2241320 seconds
[56.920s][info][safepoint] Total time for which application threads were stopped: 0.0003286 seconds, Stopping threads took: 0.0000225 seconds
[56.921s][info][gc       ] [SPS 0.000 0.003 0.002 0.005 0.023 0.001 0.002 0.280 0.018 0.329 NewGC_pause1 56.919787 ]
[56.979s][info][safepoint] Application time: 0.0593816 seconds
[56.980s][info][safepoint] Total time for which application threads were stopped: 0.0001125 seconds, Stopping threads took: 0.0000005 seconds
[56.980s][info][gc       ] [SPS 0.000 0.001 0.000 0.006 0.000 0.001 0.000 0.053 0.051 0.112 NewGC_pause2 56.979281 ]
[56.982s][info][safepoint] Application time: 0.0021579 seconds
[56.982s][info][safepoint] Total time for which application threads were stopped: 0.0001444 seconds, Stopping threads took: 0.0000004 seconds
[56.982s][info][gc       ] [SPS 0.000 0.000 0.000 0.006 0.000 0.001 0.000 0.118 0.019 0.145 NewGC_pause3 56.981583 ]
[56.983s][info][safepoint] Application time: 0.0009630 seconds
[56.983s][info][safepoint] Total time for which application threads were stopped: 0.0000616 seconds, Stopping threads took: 0.0000004 seconds
[56.983s][info][gc       ] [SPS 0.000 0.002 0.002 0.006 0.000 0.001 0.000 0.041 0.013 0.062 NewGC_pause4 56.982608 ]
[56.983s][info][gc       ] [GC New Max 151-137 : 6356 3434 2354 6356 - - 986 20 2 2 - : 236 1798 28 292 1316 : 232 4 1083 1083 0 : 0 1 116 0 118 - 0 : 0.222216 3816.1 0.0 0.065008 3691.8 0.0 : 3 --c 0000 : 23 0 0.000 0.000 0 0.000 0.000 0 0.000 0.000 : 56.917809 56.919458 0.000269 56.979168 0.000057 56.981439 0.000043 56.982546 0.000045 : 56.982817 ]
[56.983s][info][gc       ] [SYSINFO 8431 195 63 0 7885 0 16 0 0 6942 : - - - - - - - - : 0 7168 : 3.18 2.74 1.95 : 271935 4216524 : 0 0 : 16 0 : 2445 2 0 267 : - 8538296320 583921664 1065938944 7200940032 203833344 66772992 : 139899904 24475660 493650 0 0 0 : 56.983060 ]
[56.983s][info][gc       ] [HUGEPAGESTAT 0 0 0 - 83087 0 0 : 305152 0 0 : 56.983060 ]
[56.983s][info][gc       ] [OBJCREAT 166648363 25285 8409088 : 56.983103 ]
[56.983s][info][gc       ] [HMSV All : 0 0 50 0 0 0 0 0 : 6142 0 0 0 : 56.983118 ]
[56.983s][info][gc       ] [HMSP 60 : 51112 0 : 56.983118 ]
[56.984s][info][gc       ] [VMAC 65530 170 24 492 686 : 56.983605 ]
[57.205s][info][gc       ] [GPGC-H  3646.9 624.9 3.0 0.0 : 354.9 : 0.000 0.000 : 0.000 0.000 0.598 1.375 : 0.000 0.000 0.000 0.000 1.745 0.735 : 0.000 : 87.862 : 1080 1798 28 0 : 2274 : 5720 5428 : 57.204964 : 9 Next_heuristic_check_may_be_too_late ]
[57.207s][info][safepoint] Application time: 0.2245807 seconds
[57.208s][info][safepoint] Total time for which application threads were stopped: 0.0002655 seconds, Stopping threads took: 0.0000004 seconds
[57.208s][info][gc       ] [SPS 0.000 0.003 0.002 0.006 0.000 0.001 0.000 0.225 0.034 0.266 NewGC_pause1 57.207454 ]
[57.269s][info][safepoint] Application time: 0.0616273 seconds
[57.270s][info][safepoint] Total time for which application threads were stopped: 0.0001640 seconds, Stopping threads took: 0.0000004 seconds
[57.270s][info][gc       ] [SPS 0.000 0.001 0.000 0.006 0.000 0.001 0.000 0.134 0.022 0.164 NewGC_pause2 57.269246 ]
[57.271s][info][safepoint] Application time: 0.0016770 seconds
[57.271s][info][safepoint] Total time for which application threads were stopped: 0.0000637 seconds, Stopping threads took: 0.0000004 seconds
[57.271s][info][gc       ] [SPS 0.000 0.000 0.000 0.006 0.000 0.001 0.000 0.042 0.014 0.064 NewGC_pause3 57.270986 ]
[57.272s][info][safepoint] Application time: 0.0010118 seconds
[57.272s][info][safepoint] Total time for which application threads were stopped: 0.0000691 seconds, Stopping threads took: 0.0000005 seconds
[57.272s][info][gc       ] [SPS 0.000 0.002 0.002 0.006 0.000 0.001 0.000 0.045 0.017 0.069 NewGC_pause4 57.272067 ]
[57.273s][info][gc       ] [GC New Max 152-138 : 6356 3434 2350 6356 - - 986 20 2 2 - : 232 1798 28 292 1316 : 230 4 1087 1087 0 : 0 1 115 0 116 - 0 : 0.222718 3798.5 0.0 0.066749 3535.6 0.0 : 3 --c 0000 : 23 0 0.000 0.000 0 0.000 0.000 0 0.000 0.000 : 57.205535 57.207189 0.000192 57.269082 0.000093 57.270923 0.000045 57.271998 0.000049 : 57.272284 ]
[57.273s][info][gc       ] [SYSINFO 8431 195 63 0 7885 0 16 0 0 6942 : - - - - - - - - : 0 7168 : 3.00 2.71 1.95 : 271935 4216524 : 0 0 : 16 0 : 2445 2 0 267 : - 8538296320 583921664 1065938944 7200940032 203833344 66772992 : 139899904 24476120 493730 0 0 0 : 57.272519 ]
[57.273s][info][gc       ] [HUGEPAGESTAT 0 0 0 - 83087 0 0 : 305152 0 0 : 57.272519 ]
[57.273s][info][gc       ] [OBJCREAT 167721832 25285 8409088 : 57.272565 ]
[57.273s][info][gc       ] [HMSV All : 0 0 50 0 0 0 0 0 : 6142 0 0 0 : 57.272580 ]
[57.273s][info][gc       ] [HMSP 60 : 51112 0 : 57.272580 ]
[57.273s][info][gc       ] [VMAC 65530 170 24 492 686 : 57.273046 ]
[57.514s][info][gc       ] [GPGC-H  3646.9 624.9 3.0 0.0 : 354.9 : 0.000 0.000 : 0.000 0.000 0.591 1.375 : 0.000 0.000 0.000 0.000 1.725 0.735 : 0.000 : 87.001 : 1150 1798 28 0 : 2274 : 5720 5428 : 57.514396 : 9 Next_heuristic_check_may_be_too_late ]
[57.517s][info][safepoint] Application time: 0.2447174 seconds
[57.518s][info][safepoint] Total time for which application threads were stopped: 0.0002852 seconds, Stopping threads took: 0.0000004 seconds
[57.518s][info][gc       ] [SPS 0.000 0.003 0.003 0.007 0.000 0.001 0.000 0.244 0.034 0.286 NewGC_pause1 57.517071 ]
[57.579s][info][safepoint] Application time: 0.0617893 seconds
[57.580s][info][safepoint] Total time for which application threads were stopped: 0.0001651 seconds, Stopping threads took: 0.0000005 seconds
[57.580s][info][gc       ] [SPS 0.000 0.001 0.000 0.006 0.000 0.001 0.000 0.137 0.021 0.165 NewGC_pause2 57.579025 ]
[57.581s][info][safepoint] Application time: 0.0017434 seconds
[57.581s][info][safepoint] Total time for which application threads were stopped: 0.0000599 seconds, Stopping threads took: 0.0000016 seconds
[57.581s][info][gc       ] [SPS 0.000 0.000 0.000 0.006 0.002 0.001 0.001 0.037 0.014 0.060 NewGC_pause3 57.580828 ]
[57.582s][info][safepoint] Application time: 0.0011842 seconds
[57.582s][info][safepoint] Total time for which application threads were stopped: 0.0000647 seconds, Stopping threads took: 0.0000005 seconds
[57.582s][info][gc       ] [SPS 0.000 0.003 0.002 0.006 0.000 0.001 0.000 0.043 0.015 0.065 NewGC_pause4 57.582077 ]
[57.583s][info][gc       ] [GC New Max 153-139 : 6356 3506 2352 6356 - - 986 20 2 2 - : 234 1798 28 292 1388 : 230 4 1157 1157 0 : 0 1 115 0 117 - 0 : 0.242600 3792.3 0.0 0.067401 3531.1 0.0 : 3 --c 0000 : 23 0 0.000 0.000 0 0.000 0.000 0 0.000 0.000 : 57.514884 57.516785 0.000212 57.578860 0.000098 57.580768 0.000042 57.582012 0.000046 : 57.582285 ]
[57.583s][info][gc       ] [SYSINFO 8431 195 63 0 7885 0 16 0 0 6942 : - - - - - - - - : 0 7168 : 3.00 2.71 1.95 : 271935 4216524 : 0 0 : 16 0 : 2445 3 0 267 : - 8538296320 583921664 1065938944 7200940032 203833344 66772992 : 139899904 24476610 493830 0 0 0 : 57.582560 ]
[57.583s][info][gc       ] [HUGEPAGESTAT 0 0 0 - 83087 0 0 : 305152 0 0 : 57.582560 ]
[57.583s][info][gc       ] [OBJCREAT 168869069 25285 8409088 : 57.582618 ]
[57.583s][info][gc       ] [HMSV All : 0 0 50 0 0 0 0 0 : 6142 0 0 0 : 57.582633 ]
[57.583s][info][gc       ] [HMSP 60 : 51112 0 : 57.582633 ]
[57.583s][info][gc       ] [VMAC 65530 170 24 492 686 : 57.583066 ]
[57.804s][info][gc       ] [GPGC-H  3646.9 624.9 3.0 0.0 : 354.9 : 0.000 0.000 : 0.000 0.000 0.583 1.375 : 0.000 0.000 0.000 0.000 1.702 0.735 : 0.000 : 86.073 : 1090 1798 28 0 : 2274 : 5720 5428 : 57.804499 : 9 Next_heuristic_check_may_be_too_late ]
[57.807s][info][safepoint] Application time: 0.2246322 seconds
[57.807s][info][safepoint] Total time for which application threads were stopped: 0.0003006 seconds, Stopping threads took: 0.0000008 seconds
[57.808s][info][gc       ] [SPSH lock suspend gclocker notify wait resuspend cleanup op_time wakeup total(ms) op_name end(s) ]
[57.808s][info][gc       ] [SPS 0.000 0.004 0.004 0.011 0.001 0.001 0.000 0.251 0.036 0.301 NewGC_pause1 57.807010 ]
[57.868s][info][safepoint] Application time: 0.0608433 seconds
[57.868s][info][safepoint] Total time for which application threads were stopped: 0.0001594 seconds, Stopping threads took: 0.0000004 seconds
[57.869s][info][gc       ] [SPS 0.000 0.001 0.000 0.006 0.000 0.001 0.000 0.127 0.025 0.159 NewGC_pause2 57.868013 ]
[57.870s][info][safepoint] Application time: 0.0017553 seconds
[57.870s][info][safepoint] Total time for which application threads were stopped: 0.0000580 seconds, Stopping threads took: 0.0000004 seconds
[57.870s][info][gc       ] [SPS 0.000 0.001 0.000 0.006 0.000 0.001 0.000 0.036 0.014 0.058 NewGC_pause3 57.869826 ]
[57.871s][info][safepoint] Application time: 0.0010202 seconds
[57.871s][info][safepoint] Total time for which application threads were stopped: 0.0000675 seconds, Stopping threads took: 0.0000005 seconds
[57.871s][info][gc       ] [SPS 0.000 0.002 0.002 0.006 0.000 0.001 0.000 0.046 0.014 0.067 NewGC_pause4 57.870914 ]
[57.871s][info][gc       ] [GC New Max 154-140 : 6356 3440 2348 6356 - - 986 20 2 2 - : 230 1798 28 292 1322 : 226 4 1097 1097 0 : 0 1 113 0 115 - 0 : 0.222699 3852.7 0.0 0.066158 3537.0 0.0 : 3 --c 0000 : 23 0 0.000 0.000 0 0.000 0.000 0 0.000 0.000 : 57.804984 57.806710 0.000173 57.867854 0.000092 57.869768 0.000040 57.870847 0.000049 : 57.871142 ]
[57.871s][info][gc       ] [SYSINFO 8431 195 63 0 7885 0 16 0 0 6942 : - - - - - - - - : 0 7168 : 3.00 2.71 1.95 : 271935 4216524 : 0 0 : 16 0 : 2445 2 0 267 : - 8538296320 583921664 1065938944 7200940032 203833344 66772992 : 139899904 24477080 493950 0 0 0 : 57.871398 ]
[57.871s][info][gc       ] [HUGEPAGESTAT 0 0 0 - 83087 0 0 : 305152 0 0 : 57.871398 ]
[57.871s][info][gc       ] [OBJCREAT 169948698 25285 8409088 : 57.871439 ]
[57.871s][info][gc       ] [HMSV All : 0 0 50 0 0 0 0 0 : 6142 0 0 0 : 57.871455 ]
[57.871s][info][gc       ] [HMSP 60 : 51112 0 : 57.871455 ]
[57.872s][info][gc       ] [VMAC 65530 170 24 492 686 : 57.871933 ]
[58.093s][info][gc       ] [GPGC-H  3646.9 624.9 3.0 0.0 : 354.9 : 0.000 0.000 : 0.000 0.000 0.577 1.375 : 0.000 0.000 0.000 0.000 1.682 0.735 : 0.000 : 85.235 : 1086 1798 28 0 : 2274 : 5720 5428 : 58.093132 : 9 Next_heuristic_check_may_be_too_late ]
[58.096s][info][safepoint] Application time: 0.2243580 seconds
[58.096s][info][safepoint] Total time for which application threads were stopped: 0.0002784 seconds, Stopping threads took: 0.0000004 seconds
[58.096s][info][gc       ] [SPS 0.000 0.003 0.003 0.006 0.000 0.001 0.000 0.228 0.043 0.278 NewGC_pause1 58.095551 ]
[58.157s][info][safepoint] Application time: 0.0611168 seconds
[58.157s][info][safepoint] Total time for which application threads were stopped: 0.0001842 seconds, Stopping threads took: 0.0000005 seconds
[58.158s][info][gc       ] [SPS 0.000 0.001 0.000 0.007 0.000 0.001 0.000 0.156 0.020 0.184 NewGC_pause2 58.156852 ]
[58.159s][info][safepoint] Application time: 0.0018291 seconds
[58.159s][info][safepoint] Total time for which application threads were stopped: 0.0000660 seconds, Stopping threads took: 0.0000004 seconds
[58.159s][info][gc       ] [SPS 0.000 0.000 0.000 0.006 0.000 0.001 0.000 0.038 0.020 0.066 NewGC_pause3 58.158747 ]
[58.160s][info][safepoint] Application time: 0.0009868 seconds
[58.160s][info][safepoint] Total time for which application threads were stopped: 0.0000601 seconds, Stopping threads took: 0.0000005 seconds
[58.160s][info][gc       ] [SPS 0.000 0.002 0.002 0.006 0.000 0.001 0.000 0.040 0.013 0.060 NewGC_pause4 58.159794 ]
[58.160s][info][gc       ] [GC New Max 155-141 : 6356 3444 2354 6356 - - 986 20 2 2 - : 236 1798 28 292 1326 : 234 4 1092 1092 0 : 0 1 117 0 118 - 0 : 0.222499 3856.2 0.0 0.066342 3617.6 0.0 : 3 --c 0000 : 23 0 0.000 0.000 0 0.000 0.000 0 0.000 0.000 : 58.093641 58.095272 0.000188 58.156668 0.000120 58.158681 0.000041 58.159734 0.000043 : 58.159983 ]
[58.160s][info][gc       ] [SYSINFO 8431 195 63 0 7885 0 16 0 0 6942 : - - - - - - - - : 0 7168 : 3.00 2.71 1.95 : 271935 4216524 : 0 0 : 16 0 : 2445 2 0 267 : - 8538296320 583921664 1065938944 7200940032 203833344 66772992 : 139899904 24477560 494080 0 0 0 : 58.160214 ]
[58.160s][info][gc       ] [HUGEPAGESTAT 0 0 0 - 83087 0 0 : 305152 0 0 : 58.160214 ]
[58.160s][info][gc       ] [OBJCREAT 171037235 25285 8409088 : 58.160254 ]
[58.160s][info][gc       ] [HMSV All : 0 0 50 0 0 0 0 0 : 6142 0 0 0 : 58.160269 ]
[58.160s][info][gc       ] [HMSP 60 : 51112 0 : 58.160269 ]
[58.161s][info][gc       ] [VMAC 65530 170 24 492 686 : 58.160692 ]
[58.382s][info][gc       ] [GPGC-H  3646.9 624.9 3.0 0.0 : 354.9 : 0.000 0.000 : 0.000 0.000 0.570 1.375 : 0.000 0.000 0.000 0.000 1.662 0.735 : 0.000 : 84.410 : 1114 1798 28 0 : 2274 : 5720 5428 : 58.382074 : 9 Next_heuristic_check_may_be_too_late ]
[58.385s][info][safepoint] Application time: 0.2245085 seconds
[58.385s][info][safepoint] Total time for which application threads were stopped: 0.0002786 seconds, Stopping threads took: 0.0000004 seconds
[58.385s][info][gc       ] [SPS 0.000 0.002 0.002 0.006 0.000 0.001 0.000 0.237 0.035 0.279 NewGC_pause1 58.384581 ]
[58.446s][info][safepoint] Application time: 0.0608272 seconds
[58.446s][info][safepoint] Total time for which application threads were stopped: 0.0002212 seconds, Stopping threads took: 0.0000005 seconds
[58.447s][info][gc       ] [SPS 0.000 0.001 0.000 0.006 0.000 0.006 0.000 0.178 0.031 0.221 NewGC_pause2 58.445630 ]
[58.448s][info][safepoint] Application time: 0.0018252 seconds
[58.448s][info][safepoint] Total time for which application threads were stopped: 0.0001172 seconds, Stopping threads took: 0.0000005 seconds
[58.448s][info][gc       ] [SPS 0.000 0.000 0.000 0.007 0.000 0.001 0.000 0.084 0.025 0.117 NewGC_pause3 58.447572 ]
[58.449s][info][safepoint] Application time: 0.0012574 seconds
[58.449s][info][safepoint] Total time for which application threads were stopped: 0.0001026 seconds, Stopping threads took: 0.0000005 seconds
[58.449s][info][gc       ] [SPS 0.000 0.002 0.002 0.007 0.000 0.001 0.000 0.082 0.013 0.103 NewGC_pause4 58.448932 ]
[58.450s][info][gc       ] [GC New Max 156-142 : 6356 3464 2346 6356 - - 986 20 2 2 - : 228 1798 28 292 1346 : 226 2 1122 1122 0 : 0 0 113 0 114 - 0 : 0.222535 3954.4 0.0 0.066826 3501.6 0.0 : 3 --c 0000 : 23 0 0.000 0.000 0 0.000 0.000 0 0.000 0.000 : 58.382518 58.384303 0.000204 58.445409 0.000126 58.447455 0.000089 58.448830 0.000087 : 58.449344 ]
[58.450s][info][gc       ] [SYSINFO 8431 195 63 0 7885 0 16 0 0 6942 : - - - - - - - - : 0 7168 : 3.00 2.71 1.95 : 271935 4216524 : 0 0 : 16 0 : 2445 3 0 267 : - 8538296320 583921664 1065938944 7200940032 203833344 66772992 : 139899904 24478030 494200 0 0 0 : 58.449575 ]
[58.450s][info][gc       ] [HUGEPAGESTAT 0 0 0 - 83087 0 0 : 305152 0 0 : 58.449575 ]
[58.450s][info][gc       ] [OBJCREAT 172137904 25285 8409088 : 58.449624 ]
[58.450s][info][gc       ] [HMSV All : 0 0 50 0 0 0 0 0 : 6142 0 0 0 : 58.449640 ]
[58.450s][info][gc       ] [HMSP 60 : 51112 0 : 58.449640 ]
[58.450s][info][gc       ] [VMAC 65530 170 24 492 686 : 58.450107 ]
[58.671s][info][gc       ] [GPGC-H  3647.6 624.9 3.0 0.0 : 354.9 : 0.000 0.000 : 0.000 0.000 0.563 1.375 : 0.000 0.000 0.000 0.000 1.642 0.735 : 0.000 : 83.595 : 1094 1798 28 0 : 2274 : 5720 5428 : 58.670983 : 9 Next_heuristic_check_may_be_too_late ]
[58.673s][info][safepoint] Application time: 0.2240194 seconds
[58.674s][info][safepoint] Total time for which application threads were stopped: 0.0001885 seconds, Stopping threads took: 0.0000004 seconds
[58.674s][info][gc       ] [SPS 0.000 0.003 0.003 0.006 0.000 0.001 0.000 0.160 0.020 0.189 NewGC_pause1 58.673140 ]
[58.734s][info][safepoint] Application time: 0.0610219 seconds
[58.735s][info][safepoint] Total time for which application threads were stopped: 0.0000854 seconds, Stopping threads took: 0.0000004 seconds
[58.735s][info][gc       ] [SPS 0.000 0.001 0.000 0.006 0.000 0.001 0.000 0.055 0.022 0.085 NewGC_pause2 58.734248 ]
[58.736s][info][safepoint] Application time: 0.0014135 seconds
[58.736s][info][safepoint] Total time for which application threads were stopped: 0.0000628 seconds, Stopping threads took: 0.0000004 seconds
[58.736s][info][gc       ] [SPS 0.000 0.000 0.000 0.006 0.000 0.001 0.000 0.034 0.022 0.063 NewGC_pause3 58.735724 ]
[58.737s][info][safepoint] Application time: 0.0009830 seconds
[58.737s][info][safepoint] Total time for which application threads were stopped: 0.0000672 seconds, Stopping threads took: 0.0000005 seconds
[58.737s][info][gc       ] [SPS 0.000 0.002 0.002 0.012 0.000 0.001 0.000 0.040 0.014 0.067 NewGC_pause4 58.736774 ]
[58.737s][info][gc       ] [GC New Max 157-143 : 6356 3460 2364 6356 - - 986 20 2 2 - : 246 1798 28 292 1342 : 242 4 1098 1098 0 : 0 1 121 0 123 - 0 : 0.222062 3899.8 0.0 0.065667 3807.1 0.0 : 3 --c 0000 : 23 0 0.000 0.000 0 0.000 0.000 0 0.000 0.000 : 58.671406 58.672952 0.000118 58.734163 0.000045 58.735661 0.000036 58.736707 0.000050 : 58.737073 ]
[58.737s][info][gc       ] [SYSINFO 8432 195 63 0 7885 0 16 0 0 6942 : - - - - - - - - : 0 7168 : 3.00 2.71 1.95 : 271935 4216524 : 0 0 : 16 0 : 2445 2 0 267 : - 8538775552 583921664 1066418176 7200940032 203833344 66772992 : 139899904 24478490 494280 0 0 0 : 58.737377 ]
[58.737s][info][gc       ] [HUGEPAGESTAT 0 0 0 - 83087 0 0 : 317440 0 0 : 58.737377 ]
[58.737s][info][gc       ] [OBJCREAT 173242949 25285 8409088 : 58.737420 ]
[58.737s][info][gc       ] [HMSV All : 0 0 50 0 0 0 0 0 : 6142 0 0 0 : 58.737435 ]
[58.737s][info][gc       ] [HMSP 60 : 51112 0 : 58.737435 ]
[58.738s][info][gc       ] [VMAC 65530 170 24 492 686 : 58.737862 ]
[58.959s][info][gc       ] [GPGC-H  3647.6 624.9 3.0 0.0 : 354.9 : 0.000 0.000 : 0.000 0.000 0.557 1.375 : 0.000 0.000 0.000 0.000 1.622 0.735 : 0.000 : 82.793 : 1118 1798 28 0 : 2274 : 5720 5428 : 58.958851 : 9 Next_heuristic_check_may_be_too_late ]
[58.962s][info][safepoint] Application time: 0.2245157 seconds
[58.962s][info][safepoint] Total time for which application threads were stopped: 0.0003121 seconds, Stopping threads took: 0.0000004 seconds
[58.962s][info][gc       ] [SPS 0.000 0.003 0.002 0.006 0.000 0.001 0.000 0.285 0.020 0.312 NewGC_pause1 58.961603 ]
[59.036s][info][safepoint] Application time: 0.0739290 seconds
[59.036s][info][safepoint] Total time for which application threads were stopped: 0.0001390 seconds, Stopping threads took: 0.0000004 seconds
[59.037s][info][gc       ] [SPS 0.000 0.001 0.000 0.006 0.000 0.001 0.000 0.113 0.019 0.139 NewGC_pause2 59.035671 ]
[59.037s][info][safepoint] Application time: 0.0015132 seconds
[59.038s][info][safepoint] Total time for which application threads were stopped: 0.0000518 seconds, Stopping threads took: 0.0000004 seconds
[59.038s][info][gc       ] [SPS 0.000 0.000 0.000 0.006 0.000 0.001 0.000 0.032 0.013 0.052 NewGC_pause3 59.037236 ]
[59.038s][info][safepoint] Application time: 0.0011211 seconds
[59.039s][info][safepoint] Total time for which application threads were stopped: 0.0001052 seconds, Stopping threads took: 0.0000004 seconds
[59.039s][info][gc       ] [SPS 0.000 0.014 0.002 0.013 0.000 0.001 0.000 0.075 0.016 0.105 NewGC_pause4 59.038462 ]
[59.039s][info][gc       ] [GC New Max 158-144 : 6356 3796 2678 6356 - - 986 20 2 2 - : 560 1798 28 292 1678 : 554 13 1125 1125 0 : 0 1 277 0 245 - 35 : 0.222357 3930.6 0.0 0.079259 7115.9 0.0 : 3 --c 0000 : 23 0 0.000 0.000 0 0.000 0.000 0 0.000 0.000 : 58.959430 58.961291 0.000197 59.035532 0.000044 59.037184 0.000036 59.038357 0.000084 : 59.038688 ]
[59.039s][info][gc       ] [SYSINFO 8432 195 63 0 7885 0 16 0 0 6942 : - - - - - - - - : 0 7168 : 3.00 2.71 1.95 : 271935 4216524 : 0 0 : 16 0 : 2445 2 0 267 : - 8538775552 583921664 1066418176 7200940032 203833344 66772992 : 139899904 24479000 494360 0 0 0 : 59.038953 ]
[59.039s][info][gc       ] [HUGEPAGESTAT 0 0 0 - 83087 0 0 : 317440 0 0 : 59.038953 ]
[59.039s][info][gc       ] [OBJCREAT 174663693 25285 8409088 : 59.038994 ]
[59.039s][info][gc       ] [HMSV All : 0 0 56 0 0 0 0 0 : 6142 0 0 0 : 59.039009 ]
[59.039s][info][gc       ] [HMSP 60 : 51112 0 : 59.039009 ]
[59.040s][info][gc       ] [VMAC 65530 170 24 492 686 : 59.039563 ]
[59.180s][info][gc       ] [GPGC-H  3647.6 569.3 2.8 0.0 : 323.3 : 0.000 0.000 : 0.000 0.000 0.550 1.375 : 0.000 0.000 0.000 0.000 1.602 0.735 : 0.000 : 82.010 : 1404 1798 28 0 : 2274 : 5720 5428 : 59.179740 : 9 Next_heuristic_check_may_be_too_late ]
[59.183s][info][safepoint] Application time: 0.1439690 seconds
[59.183s][info][safepoint] Total time for which application threads were stopped: 0.0003073 seconds, Stopping threads took: 0.0000004 seconds
[59.183s][info][gc       ] [SPS 0.000 0.003 0.003 0.006 0.000 0.001 0.001 0.274 0.025 0.307 NewGC_pause1 59.182739 ]
[59.538s][info][safepoint] Application time: 0.3552235 seconds
[59.539s][info][safepoint] Total time for which application threads were stopped: 0.0001821 seconds, Stopping threads took: 0.0000005 seconds
[59.539s][info][gc       ] [SPS 0.000 0.001 0.000 0.007 0.000 0.001 0.000 0.142 0.032 0.182 NewGC_pause2 59.538145 ]
[59.540s][info][safepoint] Application time: 0.0018190 seconds
[59.540s][info][safepoint] Total time for which application threads were stopped: 0.0000606 seconds, Stopping threads took: 0.0000005 seconds
[59.541s][info][gc       ] [SPS 0.000 0.000 0.000 0.007 0.000 0.001 0.000 0.038 0.014 0.061 NewGC_pause3 59.540024 ]
[59.541s][info][safepoint] Application time: 0.0010390 seconds
[59.541s][info][safepoint] Total time for which application threads were stopped: 0.0000662 seconds, Stopping threads took: 0.0000005 seconds
[59.541s][info][gc       ] [SPS 0.000 0.003 0.002 0.006 0.000 0.001 0.000 0.044 0.015 0.066 NewGC_pause4 59.541129 ]
[59.542s][info][gc       ] [GC New Max 159-145 : 6356 4388 4168 6356 - - 986 20 2 2 - : 2050 1798 28 292 2270 : 2038 10 227 227 0 : 0 2 424 0 933 - 92 : 0.141436 5995.6 0.0 0.361313 2391.3 0.0 : 3 --c 0000 : 23 0 0.000 0.000 0 0.000 0.000 0 0.000 0.000 : 59.180125 59.182431 0.000179 59.537963 0.000102 59.539964 0.000042 59.541063 0.000047 : 59.541438 ]
[59.542s][info][gc       ] [SYSINFO 8432 195 63 0 7885 0 16 0 0 6942 : - - - - - - - - : 0 7168 : 3.00 2.71 1.95 : 271935 4216524 : 0 0 : 16 0 : 2445 2 0 267 : - 8538775552 583921664 1066418176 7200940032 203833344 66772992 : 139899904 24480580 494500 0 0 0 : 59.541688 ]
[59.542s][info][gc       ] [HUGEPAGESTAT 0 0 0 - 83087 0 0 : 317440 0 0 : 59.541688 ]
[59.542s][info][gc       ] [OBJCREAT 176361481 25285 8409088 : 59.541731 ]
[59.542s][info][gc       ] [HMSV All : 0 0 60 0 0 0 0 0 : 6142 0 0 0 : 59.541747 ]
[59.542s][info][gc       ] [HMSP 60 : 51112 0 : 59.541747 ]
[59.542s][info][gc       ] [VMAC 65530 170 24 492 686 : 59.542189 ]
[59.662s][info][gc       ] [GPGC-H  3647.6 569.3 2.8 0.0 : 323.3 : 0.000 0.000 : 0.000 0.000 0.546 1.375 : 0.000 0.000 0.000 0.000 1.573 0.735 : 0.000 : 81.778 : 2502 1798 28 0 : 2274 : 5720 5428 : 59.662386 : 9 Next_heuristic_check_may_be_too_late ]
[59.666s][info][safepoint] Application time: 0.1243778 seconds
[59.666s][info][safepoint] Total time for which application threads were stopped: 0.0001905 seconds, Stopping threads took: 0.0000004 seconds
[59.666s][info][gc       ] [SPS 0.000 0.003 0.002 0.006 0.000 0.001 0.000 0.163 0.021 0.191 NewGC_pause1 59.665698 ]
[60.214s][info][safepoint] Application time: 0.5482987 seconds
[60.214s][info][safepoint] Total time for which application threads were stopped: 0.0001256 seconds, Stopping threads took: 0.0000004 seconds
[60.215s][info][gc       ] [SPS 0.000 0.002 0.000 0.006 0.000 0.001 0.000 0.097 0.021 0.126 NewGC_pause2 60.214123 ]
[60.216s][info][safepoint] Application time: 0.0015093 seconds
[60.216s][info][safepoint] Total time for which application threads were stopped: 0.0001674 seconds, Stopping threads took: 0.0000004 seconds
[60.216s][info][gc       ] [SPS 0.000 0.000 0.000 0.007 0.000 0.001 0.000 0.138 0.021 0.168 NewGC_pause3 60.215799 ]
[60.232s][info][safepoint] Application time: 0.0157850 seconds
[60.249s][info][safepoint] Total time for which application threads were stopped: 0.0001551 seconds, Stopping threads took: 0.0000004 seconds
[60.250s][info][gc       ] [SPS 0.000 0.003 0.003 0.006 0.000 0.001 0.000 0.122 0.025 0.155 NewGC_pause4 60.231740 ]
[60.342s][info][gc       ] [GC New Max 160-146 : 6356 5994 5754 6356 - - 986 20 2 2 - : 3636 1798 28 292 3876 : 3128 8 739 739 97 : 0 288 683 0 1763 - 55 : 0.121378 3740.4 0.0 0.678463 2611.8 0.0 : 3 --c 0000 : 23 4569 0.000 0.000 0 0.000 0.000 4569 0.000 0.000 : 59.662816 59.665508 0.000086 60.213997 0.000046 60.215632 0.000047 60.231584 0.000058 : 60.341278 ]
[60.342s][info][gc       ] [SYSINFO 8432 195 63 0 7885 0 16 0 0 6942 : - - - - - - - - : 0 7168 : 3.00 2.71 1.95 : 271935 4216524 : 0 0 : 16 0 : 2445 2 0 267 : - 8538775552 583921664 1066418176 7200940032 203833344 66772992 : 139899904 24483400 494700 0 0 0 : 60.341563 ]
[60.342s][info][gc       ] [HUGEPAGESTAT 0 0 0 - 83087 0 0 : 317440 0 0 : 60.341563 ]
[60.342s][info][gc       ] [OBJCREAT 178568375 25285 8409088 : 60.341614 ]
[60.342s][info][gc       ] [HMSV All : 0 0 60 0 0 0 0 0 : 6142 0 0 0 : 60.341633 ]
[60.342s][info][gc       ] [HMSP 60 : 51112 0 : 60.341633 ]
[60.342s][info][gc       ] [VMAC 65530 170 24 492 686 : 60.342132 ]
[60.342s][info][gc       ] [GPGC-H  3629.3 569.3 2.8 0.0 : 323.3 : 0.000 0.000 : 0.000 0.000 0.678 1.375 : 0.000 0.000 0.000 0.000 1.573 0.735 : 0.000 : 84.825 : 3638 1798 28 0 : 2274 : 5720 5428 : 60.342351 : 3 Heap_use_exceeded_committed ]
[60.350s][info][safepoint] Application time: 0.1176042 seconds
[60.350s][info][safepoint] Total time for which application threads were stopped: 0.0003144 seconds, Stopping threads took: 0.0000004 seconds
[60.350s][info][gc       ] [SPS 0.000 0.002 0.008 0.008 0.000 0.001 0.000 0.266 0.038 0.314 NewGC_pause1 60.349659 ]
[60.925s][info][safepoint] Application time: 0.5752246 seconds
[60.925s][info][safepoint] Total time for which application threads were stopped: 0.0001430 seconds, Stopping threads took: 0.0000005 seconds
[60.926s][info][gc       ] [SPS 0.000 0.002 0.000 0.007 0.000 0.001 0.000 0.119 0.015 0.143 NewGC_pause2 60.925026 ]
[60.927s][info][safepoint] Application time: 0.0015471 seconds
[60.927s][info][safepoint] Total time for which application threads were stopped: 0.0001265 seconds, Stopping threads took: 0.0000004 seconds
[60.927s][info][gc       ] [SPS 0.000 0.000 0.000 0.005 0.000 0.001 0.000 0.106 0.014 0.127 NewGC_pause3 60.926700 ]
[60.929s][info][safepoint] Application time: 0.0024585 seconds
[60.930s][info][safepoint] Total time for which application threads were stopped: 0.0000828 seconds, Stopping threads took: 0.0000005 seconds
[60.930s][info][gc       ] [SPS 0.000 0.027 0.002 0.007 0.001 0.001 0.000 0.048 0.026 0.083 NewGC_pause4 60.929241 ]
[60.930s][info][gc       ] [GC NTO Max 161-147 : 6356 6138 4360 6356 - - 986 20 2 2 - : 2242 1798 28 292 4020 : 2131 6 1883 1883 0 : 0 2 182 0 1066 - 55 : 0.001744 2293.8 0.0 0.587083 660.9 0.0 : 3 --c 0000 : 23 9051 0.000 0.000 0 0.000 0.000 9051 0.000 0.000 : 60.343022 60.349344 0.000234 60.924883 0.000121 60.926573 0.000108 60.929158 0.000051 : 60.930105 ]
[60.930s][info][gc       ] [SYSINFO 8432 195 63 0 7885 0 16 0 0 6942 : - - - - - - - - : 0 7168 : 3.00 2.71 1.95 : 271935 4216524 : 0 0 : 16 0 : 2445 3 0 267 : - 8538775552 583921664 1066418176 7200940032 203833344 66772992 : 139899904 24485430 494770 0 0 0 : 60.930404 ]
[60.930s][info][gc       ] [HUGEPAGESTAT 0 0 0 - 83087 0 0 : 317440 0 0 : 60.930404 ]
[60.930s][info][gc       ] [OBJCREAT 178965607 25285 8409088 : 60.930450 ]
[60.930s][info][gc       ] [HMSV All : 0 0 60 0 0 0 0 0 : 6142 0 0 0 : 60.930468 ]
[60.930s][info][gc       ] [HMSP 60 : 51112 0 : 60.930468 ]
[60.931s][info][gc       ] [VMAC 65530 170 24 492 686 : 60.931010 ]
[60.931s][info][gc       ] [GPGC-H  3559.8 569.3 2.8 0.0 : 323.3 : 0.000 0.000 : 0.000 0.000 0.676 1.375 : 0.000 0.000 0.000 0.000 1.573 0.735 : 0.000 : 99.704 : 2244 1798 28 0 : 2274 : 5720 5428 : 60.931359 : 8 May_exceed_heap_occupancy_target ]
[60.932s][info][safepoint] Application time: 0.0017800 seconds
[60.932s][info][safepoint] Total time for which application threads were stopped: 0.0007681 seconds, Stopping threads took: 0.0000004 seconds
[60.932s][info][gc       ] [SPS 0.000 0.001 0.000 0.006 0.000 0.001 0.000 0.715 0.047 0.769 OldGC_pause2 60.931790 ]
[60.935s][info][safepoint] Application time: 0.0027647 seconds
[60.935s][info][safepoint] Total time for which application threads were stopped: 0.0000577 seconds, Stopping threads took: 0.0000004 seconds
[60.935s][info][gc       ] [SPS 0.000 0.000 0.000 0.006 0.000 0.001 0.000 0.037 0.013 0.058 OldGC_pause3 60.934612 ]
[60.940s][info][safepoint] Application time: 0.0052666 seconds
[60.940s][info][safepoint] Total time for which application threads were stopped: 0.0001329 seconds, Stopping threads took: 0.0000004 seconds
[60.940s][info][gc       ] [SPS 0.000 1.802 0.002 0.006 0.000 0.001 0.000 0.112 0.013 0.133 NewGC_pause1 60.940012 ]
[61.564s][info][safepoint] Application time: 0.6237151 seconds
[61.564s][info][safepoint] Total time for which application threads were stopped: 0.0002254 seconds, Stopping threads took: 0.0000007 seconds
[61.565s][info][gc       ] [SPS 0.000 0.001 0.000 0.009 0.001 0.001 0.001 0.173 0.041 0.225 NewGC_pause2 61.563953 ]
[61.566s][info][safepoint] Application time: 0.0017892 seconds
[61.566s][info][safepoint] Total time for which application threads were stopped: 0.0000646 seconds, Stopping threads took: 0.0000005 seconds
[61.566s][info][gc       ] [SPS 0.000 0.000 0.000 0.007 0.000 0.001 0.000 0.041 0.015 0.065 NewGC_pause3 61.565806 ]
[61.580s][info][safepoint] Application time: 0.0141160 seconds
[61.580s][info][safepoint] Total time for which application threads were stopped: 0.0000691 seconds, Stopping threads took: 0.0000004 seconds
[61.580s][info][gc       ] [SPS 0.000 0.005 0.002 0.006 0.000 0.001 0.000 0.047 0.015 0.069 NewGC_pause4 61.579992 ]
[61.685s][info][gc       ] [GC New Max 163-148 : 6356 5978 5854 6356 - - 986 20 2 2 - : 3736 1798 28 292 3860 : 3357 7 496 496 0 : 0 265 795 0 1813 - 55 : 0.005695 2458.3 0.0 0.748390 2584.2 0.0 : 3 --c 0000 : 23 6118 0.000 0.000 0 0.000 0.000 6118 0.000 0.000 : 60.935800 60.939879 0.000119 61.563728 0.000108 61.565742 0.000045 61.579922 0.000049 : 61.684190 ]
[61.685s][info][gc       ] [SYSINFO 8432 195 63 0 7885 0 16 0 0 6942 : - - - - - - - - : 0 7168 : 3.00 2.71 1.95 : 271935 4216524 : 0 0 : 16 0 : 2445 2 0 267 : - 8538775552 583921664 1066418176 7200940032 203833344 66772992 : 139899904 24488340 494830 0 0 0 : 61.684482 ]
[61.685s][info][gc       ] [HUGEPAGESTAT 0 0 0 - 83087 0 0 : 317440 0 0 : 61.684482 ]
[61.685s][info][gc       ] [OBJCREAT 180903694 25285 8409088 : 61.684540 ]
[61.685s][info][gc       ] [HMSV All : 0 0 60 0 0 0 0 0 : 6142 0 0 0 : 61.684557 ]
[61.685s][info][gc       ] [HMSP 60 : 51112 0 : 61.684557 ]
[61.685s][info][gc       ] [GPGC-H  3538.9 505.7 2.4 0.0 : 287.2 : 0.000 0.000 : 0.000 0.000 0.748 1.375 : 0.000 0.000 0.000 0.000 1.573 0.735 : 0.000 : 99.774 : 3740 1798 28 0 : 2274 : 5720 5428 : 61.685344 : 3 Heap_use_exceeded_committed ]
[61.685s][info][gc       ] [VMAC 65530 170 24 492 686 : 61.685136 ]
[61.688s][info][safepoint] Application time: 0.1073961 seconds
[61.688s][info][safepoint] Total time for which application threads were stopped: 0.0001905 seconds, Stopping threads took: 0.0000005 seconds
[61.689s][info][gc       ] [SPS 0.000 0.003 0.005 0.007 0.000 0.001 0.000 0.145 0.036 0.191 OldGC_pause4 61.687579 ]
[61.689s][info][gc       ] [GC Old Max 162-15 : 6356 6138 4078 6356 - - 986 20 2 2 - : 3748 10 28 292 1828 : 26 9 1791 1791 0 : 0 5 0 0 19 - 0 : 7.237128 9.7 0.0 1.344193 0.0 0.0 : 1 --c 0000 : 23   -    -    -    -    -    -    -    -    -  : 60.344638 60.349344 0.000234 60.931021 0.000711 60.934555 0.000040 61.687388 0.000110 : 61.688831 ]
[61.689s][info][gc       ] [SYSINFO 8432 195 63 0 7885 0 16 0 0 6942 : - - - - - - - - : 0 7168 : 3.00 2.71 1.95 : 271935 4216524 : 0 0 : 16 0 : 2445 3 0 267 : - 8538775552 583921664 1066418176 7200940032 203833344 66772992 : 139899904 24488340 494830 0 0 0 : 61.689106 ]
[61.689s][info][gc       ] [HUGEPAGESTAT 0 0 0 - 83087 0 0 : 317440 0 0 : 61.689106 ]
[61.689s][info][gc       ] [OBJCREAT 180915588 25285 8409088 : 61.689159 ]
[61.689s][info][gc       ] [HMSV All : 0 0 60 0 0 0 0 0 : 6142 0 0 0 : 61.689175 ]
[61.689s][info][gc       ] [HMSP 60 : 51112 0 : 61.689175 ]
[61.689s][info][gc       ] [COMPSTATS 1 : 5 0 : 1 0 : 0 0 : 517 5 0 0 0 0 : 0 0 0 0 0 0 : 132 134 15 : 522 0 0 0 0 0 0 : 522 0 0 0 0 0 0 ]
[61.689s][info][gc       ] [COMPSTATS 2 : 5 0 : 1 0 : 0 0 : 129 11 0 0 0 0 : 0 0 0 0 0 0 : 48891 48995 9410 : 69 45 26 0 0 0 0 : 32 86 17 4 1 0 0 ]
[61.689s][info][gc       ] [DEOPTSTATS 1 : 1 0 : 0 0 : 0 0 : 0 0 : 0 12 : 0 0 : 0 0 : 0 0 : 0 0 : 0 0 : 0 0 : 0 0 : 0 0 : 0 0 : 0 0 : 0 0 : 0 0 : 0 0 : 0 0 : 0 0 : 0 0 : 0 0 : 0 0 : 0 0 : 0 0 : 0 0 : 0 0 : 0 0 : 0 0 : 0 0 : 6 0 : 0 0 : 0 0 : 0 0 : 0 0 : 0 0 : 0 0 : 0 0 : 0 0 : 0 0 : 0 0 : 0 0 ]
[61.689s][info][gc       ] [DEOPTSTATS 2 : 0 0 : 0 0 : 0 0 : 0 0 : 0 0 : 0 0 : 0 11 : 0 0 : 0 0 : 0 0 : 0 0 : 0 0 : 0 0 : 0 0 : 0 0 : 0 0 : 0 0 : 0 0 : 0 0 : 0 0 : 0 0 : 0 0 : 0 0 : 0 0 : 0 0 : 0 0 : 0 0 : 0 0 : 0 0 : 0 0 : 5 0 : 0 0 : 0 0 : 0 0 : 0 1 : 0 0 : 0 0 : 0 0 : 0 0 : 0 3 : 0 0 : 0 0 ]
[61.690s][info][gc       ] [VMAC 65530 170 24 492 686 : 61.689733 ]
[61.690s][info][gc       ] [CCF 0 0 0 0 32 181248: 3071488 : 380 196608 : 3 49152 : 317 311808 :  510 633856 : 120 416256 : 0 0 : 15 1228800 : 1 2048]
[61.694s][info][safepoint] Application time: 0.0057514 seconds
[61.694s][info][safepoint] Total time for which application threads were stopped: 0.0001964 seconds, Stopping threads took: 0.0000004 seconds
[61.694s][info][gc       ] [SPS 0.000 0.002 0.003 0.007 0.000 0.001 0.000 0.165 0.023 0.197 NewGC_pause1 61.693526 ]
[62.268s][info][safepoint] Application time: 0.5741684 seconds
[62.268s][info][safepoint] Total time for which application threads were stopped: 0.0001490 seconds, Stopping threads took: 0.0000006 seconds
[62.269s][info][gc       ] [SPS 0.000 0.001 0.000 0.007 0.001 0.001 0.000 0.126 0.014 0.149 NewGC_pause2 62.267844 ]
[62.270s][info][safepoint] Application time: 0.0016443 seconds
[62.270s][info][safepoint] Total time for which application threads were stopped: 0.0001074 seconds, Stopping threads took: 0.0000004 seconds
[62.270s][info][gc       ] [SPS 0.000 0.000 0.000 0.005 0.000 0.001 0.000 0.088 0.013 0.107 NewGC_pause3 62.269596 ]
[62.286s][info][safepoint] Application time: 0.0158676 seconds
[62.286s][info][safepoint] Total time for which application threads were stopped: 0.0001066 seconds, Stopping threads took: 0.0000004 seconds
[62.286s][info][gc       ] [SPS 0.000 0.004 0.003 0.006 0.000 0.001 0.000 0.085 0.014 0.106 NewGC_pause4 62.285570 ]
[62.667s][info][gc       ] [GC New Max 164-149 : 6356 5904 5214 6356 - - 986 20 2 2 - : 4154 740 28 292 5574 : 3581 6 1985 1985 14 : 365 0 907 0 2077 - 0 : 0.005622 2846.0 0.0 0.976425 3162.6 0.0 : 3 --c 0000 : 23 1766 0.000 0.000 0 0.000 0.000 1766 0.000 0.000 : 61.689812 61.693330 0.000118 62.267695 0.000130 62.269488 0.000091 62.285464 0.000090 : 62.666237 ]
[62.667s][info][gc       ] [SYSINFO 8432 195 63 0 7885 0 16 0 0 6942 : - - - - - - - - : 0 7168 : 3.08 2.73 1.96 : 271935 4216524 : 0 0 : 16 0 : 2445 2 0 267 : - 8538775552 583921664 1066418176 7200940032 203833344 66772992 : 139899904 24491840 494920 0 0 0 : 62.666537 ]
[62.667s][info][gc       ] [HUGEPAGESTAT 0 0 0 - 83087 0 0 : 317440 0 0 : 62.666537 ]
[62.667s][info][gc       ] [OBJCREAT 183978343 25285 9046016 : 62.666588 ]
[62.667s][info][gc       ] [HMSV All : 0 0 60 0 0 0 0 0 : 6142 0 0 0 : 62.666606 ]
[62.667s][info][gc       ] [HMSP 60 : 51112 0 : 62.666606 ]
[62.668s][info][gc       ] [GPGC-H  3528.3 505.7 2.4 0.0 : 287.2 : 0.000 0.000 : 0.000 0.000 0.747 1.365 : 0.000 0.000 0.000 0.000 1.863 0.670 : 0.000 : 99.834 : 4158 740 28 0 : 2274 : 5720 5428 : 62.667802 : 8 May_exceed_heap_occupancy_target ]
[62.667s][info][gc       ] [VMAC 65530 170 24 492 686 : 62.667215 ]
[62.675s][info][safepoint] Application time: 0.3886523 seconds
[62.675s][info][safepoint] Total time for which application threads were stopped: 0.0003803 seconds, Stopping threads took: 0.0000004 seconds
[62.675s][info][gc       ] [SPS 0.000 0.001 0.003 0.006 0.000 0.001 0.000 0.350 0.022 0.380 NewGC_pause1 62.674603 ]
[63.066s][info][safepoint] Application time: 0.3915403 seconds
[63.067s][info][safepoint] Total time for which application threads were stopped: 0.0001303 seconds, Stopping threads took: 0.0000004 seconds
[63.067s][info][gc       ] [SPS 0.000 0.002 0.000 0.006 0.000 0.001 0.000 0.109 0.013 0.130 NewGC_pause2 63.066274 ]
[63.069s][info][safepoint] Application time: 0.0024199 seconds
[63.069s][info][safepoint] Total time for which application threads were stopped: 0.0000564 seconds, Stopping threads took: 0.0000005 seconds
[63.069s][info][gc       ] [SPS 0.000 0.000 0.000 0.006 0.000 0.001 0.000 0.036 0.013 0.056 NewGC_pause3 63.068750 ]
[63.086s][info][safepoint] Application time: 0.0170840 seconds
[63.086s][info][safepoint] Total time for which application threads were stopped: 0.0001754 seconds, Stopping threads took: 0.0000006 seconds
[63.087s][info][gc       ] [SPS 0.000 0.107 0.006 0.007 0.001 0.001 0.000 0.117 0.049 0.175 NewGC_pause4 63.086010 ]
[63.346s][info][gc       ] [GC NTO Max 165-150 : 6356 5988 3922 6356 - - 986 20 2 2 - : 2228 1372 28 292 4928 : 1808 5 3118 3118 14 : 316 0 375 0 1115 - 0 : 0.002148 2792.9 0.0 0.676802 2665.5 0.0 : 3 --c 0000 : 23 4529 0.000 0.000 0 0.000 0.000 4529 0.000 0.000 : 62.668385 62.674223 0.000284 63.066143 0.000113 63.068694 0.000039 63.085835 0.000055 : 63.345187 ]
[63.346s][info][gc       ] [SYSINFO 8432 195 63 0 7885 0 16 0 0 6942 : - - - - - - - - : 0 7168 : 3.08 2.73 1.96 : 271935 4216524 : 0 0 : 16 0 : 2445 3 0 267 : - 8538775552 583921664 1066418176 7200940032 203833344 66772992 : 139899904 24494880 495020 0 0 0 : 63.345500 ]
[63.346s][info][gc       ] [HUGEPAGESTAT 0 0 0 - 83087 0 0 : 317440 0 0 : 63.345500 ]
[63.346s][info][gc       ] [OBJCREAT 185779660 25285 9693184 : 63.345574 ]
[63.346s][info][gc       ] [HMSV All : 0 0 60 0 0 0 0 0 : 6142 0 0 0 : 63.345591 ]
[63.346s][info][gc       ] [HMSP 60 : 51112 0 : 63.345591 ]
[63.346s][info][gc       ] [VMAC 65530 170 24 492 686 : 63.346234 ]
[63.346s][info][gc       ] [GPGC-H  3541.0 505.7 2.4 0.0 : 287.2 : 0.000 0.000 : 0.000 0.000 0.741 1.365 : 0.000 0.000 0.000 0.000 2.042 0.670 : 0.000 : 99.830 : 2230 1372 28 0 : 2274 : 5720 5428 : 63.346485 : 8 May_exceed_heap_occupancy_target ]
[63.347s][info][safepoint] Application time: 0.2596358 seconds
[63.347s][info][safepoint] Total time for which application threads were stopped: 0.0008804 seconds, Stopping threads took: 0.0000004 seconds
[63.347s][info][gc       ] [SPS 0.000 0.001 0.000 0.006 0.000 0.001 0.001 0.830 0.041 0.880 OldGC_pause2 63.346526 ]
[63.351s][info][safepoint] Application time: 0.0040432 seconds
[63.351s][info][safepoint] Total time for which application threads were stopped: 0.0000580 seconds, Stopping threads took: 0.0000005 seconds
[63.351s][info][gc       ] [SPS 0.000 0.001 0.000 0.006 0.000 0.001 0.000 0.038 0.012 0.058 OldGC_pause3 63.350627 ]
[63.356s][info][safepoint] Application time: 0.0050173 seconds
[63.356s][info][safepoint] Total time for which application threads were stopped: 0.0001314 seconds, Stopping threads took: 0.0000004 seconds
[63.356s][info][gc       ] [SPS 0.000 2.198 0.003 0.006 0.000 0.001 0.000 0.111 0.013 0.131 NewGC_pause1 63.355776 ]
[63.612s][info][safepoint] Application time: 0.2560437 seconds
[63.613s][info][safepoint] Total time for which application threads were stopped: 0.0002145 seconds, Stopping threads took: 0.0000005 seconds
[63.613s][info][gc       ] [SPS 0.000 0.001 0.000 0.007 0.000 0.001 0.000 0.188 0.018 0.214 NewGC_pause2 63.612035 ]
[63.614s][info][safepoint] Application time: 0.0022229 seconds
[63.615s][info][safepoint] Total time for which application threads were stopped: 0.0002094 seconds, Stopping threads took: 0.0000005 seconds
[63.615s][info][gc       ] [SPS 0.000 0.001 0.000 0.007 0.001 0.001 0.000 0.169 0.032 0.210 NewGC_pause3 63.614467 ]
[63.630s][info][safepoint] Application time: 0.0157949 seconds
[63.631s][info][safepoint] Total time for which application threads were stopped: 0.0001636 seconds, Stopping threads took: 0.0000006 seconds
[63.631s][info][gc       ] [SPS 0.000 0.005 0.010 0.007 0.001 0.001 0.000 0.130 0.024 0.164 NewGC_pause4 63.630426 ]
[63.783s][info][gc       ] [GC New Max 167-151 : 6356 4944 3720 6356 - - 986 20 2 2 - : 1670 1730 28 292 3252 : 1416 3 1836 1836 0 : 179 0 495 0 835 - 0 : 0.005824 3090.4 0.0 0.431767 3742.8 0.0 : 3 --c 0000 : 23 0 0.000 0.000 0 0.000 0.000 0 0.000 0.000 : 63.351012 63.355645 0.000114 63.611820 0.000106 63.614257 0.000050 63.630263 0.000063 : 63.782778 ]
[63.783s][info][gc       ] [SYSINFO 8432 195 63 0 7885 0 16 0 0 6942 : - - - - - - - - : 0 7168 : 3.08 2.73 1.96 : 271935 4216564 : 0 0 : 21 0 : 2445 2 0 267 : - 8538775552 583921664 1066418176 7200940032 203833344 66772992 : 139899904 24496660 495060 0 0 0 : 63.783030 ]
[63.783s][info][gc       ] [HUGEPAGESTAT 0 0 0 - 83087 0 0 : 317440 0 0 : 63.783030 ]
[63.783s][info][gc       ] [OBJCREAT 187395822 25285 10006528 : 63.783077 ]
[63.783s][info][gc       ] [HMSV All : 0 0 60 0 0 0 0 0 : 6142 0 0 0 : 63.783093 ]
[63.783s][info][gc       ] [HMSP 60 : 51112 0 : 63.783093 ]
[63.784s][info][gc       ] [VMAC 65530 170 24 492 686 : 63.783692 ]
[63.786s][info][safepoint] Application time: 0.1549475 seconds
[63.791s][info][safepoint] Total time for which application threads were stopped: 0.0001570 seconds, Stopping threads took: 0.0000005 seconds
[63.791s][info][gc       ] [SPS 0.000 0.003 0.016 0.007 0.000 0.001 0.000 0.115 0.033 0.157 OldGC_pause4 63.785530 ]
[63.791s][info][gc       ] [GC Old Max 166-16 : 6356 5988 3742 6356 - - 986 20 2 2 - : 1696 1724 30 292 1766 : 1740 14 4 4 0 : 0 9 495 4 822 - 55 : 0.981668 633.6 0.0 1.120145 837.4 0.0 : 1 --c 0000 : 23   -    -    -    -    -    -    -    -    -  : 62.670499 62.674223 0.000284 63.345646 0.000826 63.350569 0.000042 63.785373 0.000053 : 63.790643 ]
[63.791s][info][gc       ] [SYSINFO 8432 195 63 0 7885 0 16 0 0 6942 : - - - - - - - - : 0 7168 : 3.08 2.73 1.96 : 271935 4216564 : 0 0 : 21 0 : 2445 2 0 267 : - 8538775552 583921664 1066418176 7200940032 203833344 66772992 : 139899904 24496680 495060 0 0 0 : 63.790879 ]
[63.791s][info][gc       ] [HUGEPAGESTAT 0 0 0 - 83087 0 0 : 317440 0 0 : 63.790879 ]
[63.791s][info][gc       ] [OBJCREAT 187421591 25285 10006528 : 63.790935 ]
[63.791s][info][gc       ] [HMSV All : 0 0 60 0 0 0 0 0 : 6142 0 0 0 : 63.790954 ]
[63.791s][info][gc       ] [HMSP 60 : 51112 0 : 63.790954 ]
[63.791s][info][gc       ] [COMPSTATS 1 : 5 0 : 1 0 : 0 0 : 517 5 0 0 0 0 : 0 0 0 0 0 0 : 132 134 15 : 522 0 0 0 0 0 0 : 522 0 0 0 0 0 0 ]
[63.791s][info][gc       ] [COMPSTATS 2 : 5 0 : 1 0 : 0 0 : 129 11 0 0 0 0 : 0 0 0 0 0 0 : 48891 48995 9410 : 69 45 26 0 0 0 0 : 32 86 17 4 1 0 0 ]
[63.791s][info][gc       ] [DEOPTSTATS 1 : 1 0 : 0 0 : 0 0 : 0 0 : 0 12 : 0 0 : 0 0 : 0 0 : 0 0 : 0 0 : 0 0 : 0 0 : 0 0 : 0 0 : 0 0 : 0 0 : 0 0 : 0 0 : 0 0 : 0 0 : 0 0 : 0 0 : 0 0 : 0 0 : 0 0 : 0 0 : 0 0 : 0 0 : 0 0 : 0 0 : 6 0 : 0 0 : 0 0 : 0 0 : 0 0 : 0 0 : 0 0 : 0 0 : 0 0 : 0 0 : 0 0 : 0 0 ]
[63.791s][info][gc       ] [DEOPTSTATS 2 : 0 0 : 0 0 : 0 0 : 0 0 : 0 0 : 0 0 : 0 11 : 0 0 : 0 0 : 0 0 : 0 0 : 0 0 : 0 0 : 0 0 : 0 0 : 0 0 : 0 0 : 0 0 : 0 0 : 0 0 : 0 0 : 0 0 : 0 0 : 0 0 : 0 0 : 0 0 : 0 0 : 0 0 : 0 0 : 0 0 : 5 0 : 0 0 : 0 0 : 0 0 : 0 1 : 0 0 : 0 0 : 0 0 : 0 0 : 0 3 : 0 0 : 0 0 ]
[63.792s][info][gc       ] [CCF 0 0 0 0 32 181248: 3071488 : 380 196608 : 3 49152 : 317 311808 :  510 633856 : 120 416256 : 0 0 : 15 1228800 : 1 2048]
[63.791s][info][gc       ] [VMAC 65530 170 24 492 686 : 63.791425 ]
[63.904s][info][gc       ] [GPGC-H  3541.0 743.5 2.2 0.0 : 260.6 : 0.000 0.000 : 0.000 0.000 0.733 1.343 : 0.000 0.000 0.000 0.000 2.039 0.657 : 0.000 : 99.825 : 2092 1724 30 0 : 2274 : 5720 5428 : 63.904360 : 9 Next_heuristic_check_may_be_too_late ]
[63.908s][info][safepoint] Application time: 0.1217119 seconds
[63.908s][info][safepoint] Total time for which application threads were stopped: 0.0003046 seconds, Stopping threads took: 0.0000004 seconds
[63.908s][info][gc       ] [SPS 0.000 0.003 0.004 0.006 0.000 0.001 0.000 0.276 0.021 0.305 NewGC_pause1 63.907547 ]
[64.055s][info][safepoint] Application time: 0.1470613 seconds
[64.055s][info][safepoint] Total time for which application threads were stopped: 0.0002441 seconds, Stopping threads took: 0.0000004 seconds
[64.056s][info][gc       ] [SPS 0.000 0.001 0.000 0.007 0.000 0.001 0.000 0.205 0.031 0.244 NewGC_pause2 64.054853 ]
[64.057s][info][safepoint] Application time: 0.0019396 seconds
[64.057s][info][safepoint] Total time for which application threads were stopped: 0.0000613 seconds, Stopping threads took: 0.0000005 seconds
[64.057s][info][gc       ] [SPS 0.000 0.001 0.000 0.006 0.000 0.001 0.000 0.039 0.014 0.061 NewGC_pause3 64.056853 ]
[64.065s][info][safepoint] Application time: 0.0082943 seconds
[64.066s][info][safepoint] Total time for which application threads were stopped: 0.0000789 seconds, Stopping threads took: 0.0000005 seconds
[64.066s][info][gc       ] [SPS 0.000 0.004 0.008 0.007 0.000 0.001 0.000 0.053 0.017 0.079 NewGC_pause4 64.065227 ]
[64.118s][info][gc       ] [GC New Max 168-152 : 6356 4664 2842 6356 - - 986 20 2 2 - : 724 1796 30 292 2618 : 589 4 2028 2028 0 : 36 1 259 0 362 - 0 : 0.122049 3474.0 0.0 0.213307 3422.3 0.0 : 3 --c 0000 : 23 0 0.000 0.000 0 0.000 0.000 0 0.000 0.000 : 63.904828 63.907242 0.000182 64.054609 0.000143 64.056792 0.000042 64.065148 0.000057 : 64.118135 ]
[64.118s][info][gc       ] [SYSINFO 8432 195 63 0 7885 0 16 0 0 6942 : - - - - - - - - : 0 7168 : 3.08 2.73 1.96 : 271935 4216564 : 0 0 : 21 0 : 2445 2 0 267 : - 8538775552 583921664 1066418176 7200940032 203833344 66772992 : 139899904 24497630 495160 0 0 0 : 64.118431 ]
[64.118s][info][gc       ] [HUGEPAGESTAT 0 0 0 - 83087 0 0 : 317440 0 0 : 64.118431 ]
[64.118s][info][gc       ] [OBJCREAT 188540521 25285 10080256 : 64.118479 ]
[64.118s][info][gc       ] [HMSV All : 0 0 60 0 0 0 0 0 : 6142 0 0 0 : 64.118496 ]
[64.118s][info][gc       ] [HMSP 60 : 51112 0 : 64.118496 ]
[64.119s][info][gc       ] [VMAC 65530 170 24 492 686 : 64.119019 ]
[64.301s][info][gc       ] [GPGC-H  3541.0 743.5 2.2 0.0 : 260.6 : 0.000 0.000 : 0.000 0.000 0.724 1.343 : 0.000 0.000 0.000 0.000 2.033 0.657 : 0.000 : 99.268 : 1432 1796 30 0 : 2274 : 5720 5428 : 64.300526 : 9 Next_heuristic_check_may_be_too_late ]
[64.303s][info][safepoint] Application time: 0.2378043 seconds
[64.304s][info][safepoint] Total time for which application threads were stopped: 0.0002143 seconds, Stopping threads took: 0.0000004 seconds
[64.304s][info][gc       ] [SPS 0.000 0.003 0.002 0.006 0.000 0.001 0.000 0.193 0.013 0.214 NewGC_pause1 64.303245 ]
[64.388s][info][safepoint] Application time: 0.0850719 seconds
[64.389s][info][safepoint] Total time for which application threads were stopped: 0.0001557 seconds, Stopping threads took: 0.0000004 seconds
[64.389s][info][gc       ] [SPS 0.000 0.001 0.000 0.006 0.000 0.001 0.000 0.129 0.020 0.156 NewGC_pause2 64.388473 ]
[64.390s][info][safepoint] Application time: 0.0017893 seconds
[64.390s][info][safepoint] Total time for which application threads were stopped: 0.0000582 seconds, Stopping threads took: 0.0000004 seconds
[64.391s][info][gc       ] [SPS 0.000 0.000 0.000 0.006 0.000 0.001 0.000 0.037 0.014 0.058 NewGC_pause3 64.390321 ]
[64.391s][info][safepoint] Application time: 0.0011092 seconds
[64.392s][info][safepoint] Total time for which application threads were stopped: 0.0000672 seconds, Stopping threads took: 0.0000005 seconds
[64.392s][info][gc       ] [SPS 0.000 0.002 0.002 0.006 0.000 0.001 0.000 0.046 0.014 0.067 NewGC_pause4 64.391497 ]
[64.392s][info][gc       ] [GC New Max 169-153 : 6356 3864 2430 6356 - - 986 20 2 2 - : 312 1796 30 292 1746 : 308 4 1438 1438 0 : 0 1 154 0 156 - 0 : 0.182879 3871.4 0.0 0.090809 3501.9 0.0 : 3 --c 0000 : 23 0 0.000 0.000 0 0.000 0.000 0 0.000 0.000 : 64.301014 64.303031 0.000197 64.388318 0.000090 64.390262 0.000040 64.391430 0.000050 : 64.391823 ]
[64.392s][info][gc       ] [SYSINFO 8432 195 63 0 7885 0 16 0 0 6942 : - - - - - - - - : 0 7168 : 3.08 2.73 1.96 : 271935 4216564 : 0 0 : 21 0 : 2445 2 0 267 : - 8538775552 583921664 1066418176 7200940032 203833344 66772992 : 139899904 24498150 495220 0 0 0 : 64.392068 ]
[64.392s][info][gc       ] [HUGEPAGESTAT 0 0 0 - 83087 0 0 : 317440 0 0 : 64.392068 ]
[64.392s][info][gc       ] [OBJCREAT 189553796 25285 10080256 : 64.392111 ]
[64.392s][info][gc       ] [HMSV All : 0 0 60 0 0 0 0 0 : 6142 0 0 0 : 64.392126 ]
[64.392s][info][gc       ] [HMSP 60 : 51112 0 : 64.392126 ]
[64.393s][info][gc       ] [VMAC 65530 170 24 492 686 : 64.392560 ]
[64.614s][info][gc       ] [GPGC-H  3541.0 743.5 2.2 0.0 : 260.6 : 0.000 0.000 : 0.000 0.000 0.715 1.343 : 0.000 0.000 0.000 0.000 2.023 0.657 : 0.000 : 98.437 : 1178 1796 30 0 : 2274 : 5720 5428 : 64.614470 : 9 Next_heuristic_check_may_be_too_late ]
[64.617s][info][safepoint] Application time: 0.2253479 seconds
[64.617s][info][safepoint] Total time for which application threads were stopped: 0.0002477 seconds, Stopping threads took: 0.0000004 seconds
[64.618s][info][gc       ] [SPS 0.000 0.003 0.003 0.006 0.000 0.001 0.000 0.220 0.020 0.248 NewGC_pause1 64.617093 ]
[64.678s][info][safepoint] Application time: 0.0608250 seconds
[64.679s][info][safepoint] Total time for which application threads were stopped: 0.0001576 seconds, Stopping threads took: 0.0000004 seconds
[64.679s][info][gc       ] [SPS 0.000 0.001 0.000 0.006 0.000 0.001 0.000 0.122 0.028 0.158 NewGC_pause2 64.678076 ]
[64.680s][info][safepoint] Application time: 0.0016618 seconds
[64.680s][info][safepoint] Total time for which application threads were stopped: 0.0000574 seconds, Stopping threads took: 0.0000004 seconds
[64.680s][info][gc       ] [SPS 0.000 0.000 0.000 0.006 0.000 0.001 0.000 0.034 0.016 0.057 NewGC_pause3 64.679795 ]
[64.681s][info][safepoint] Application time: 0.0009614 seconds
[64.681s][info][safepoint] Total time for which application threads were stopped: 0.0000675 seconds, Stopping threads took: 0.0000004 seconds
[64.681s][info][gc       ] [SPS 0.000 0.002 0.002 0.006 0.000 0.001 0.000 0.044 0.017 0.067 NewGC_pause4 64.680824 ]
[64.681s][info][gc       ] [GC New Max 170-154 : 6356 3536 2354 6356 - - 986 20 2 2 - : 236 1796 30 292 1418 : 232 4 1184 1184 0 : 0 1 116 0 118 - 0 : 0.223115 3890.4 0.0 0.066108 3630.4 0.0 : 3 --c 0000 : 23 0 0.000 0.000 0 0.000 0.000 0 0.000 0.000 : 64.614937 64.616845 0.000188 64.677918 0.000087 64.679738 0.000037 64.680757 0.000047 : 64.681045 ]
[64.681s][info][gc       ] [SYSINFO 8432 195 63 0 7885 0 16 0 0 6942 : - - - - - - - - : 0 7168 : 3.08 2.73 1.96 : 271935 4216564 : 0 0 : 21 0 : 2445 2 0 267 : - 8538775552 583921664 1066418176 7200940032 203833344 66772992 : 139899904 24498620 495270 0 0 0 : 64.681275 ]
[64.681s][info][gc       ] [HUGEPAGESTAT 0 0 0 - 83087 0 0 : 317440 0 0 : 64.681275 ]
[64.681s][info][gc       ] [OBJCREAT 190650259 25285 10080256 : 64.681339 ]
[64.681s][info][gc       ] [HMSV All : 0 0 60 0 0 0 0 0 : 6142 0 0 0 : 64.681352 ]
[64.681s][info][gc       ] [HMSP 60 : 51112 0 : 64.681352 ]
[64.682s][info][gc       ] [VMAC 65530 170 24 492 686 : 64.681800 ]
[64.904s][info][gc       ] [GPGC-H  3541.0 743.5 2.2 0.0 : 260.6 : 0.000 0.000 : 0.000 0.000 0.707 1.343 : 0.000 0.000 0.000 0.000 2.007 0.657 : 0.000 : 97.434 : 1080 1796 30 0 : 2274 : 5720 5428 : 64.903560 : 9 Next_heuristic_check_may_be_too_late ]
[64.906s][info][safepoint] Application time: 0.2252204 seconds
[64.907s][info][safepoint] Total time for which application threads were stopped: 0.0003333 seconds, Stopping threads took: 0.0000004 seconds
[64.907s][info][gc       ] [SPS 0.000 0.002 0.003 0.006 0.000 0.001 0.000 0.295 0.031 0.334 NewGC_pause1 64.906378 ]
[64.976s][info][safepoint] Application time: 0.0693595 seconds
[64.977s][info][safepoint] Total time for which application threads were stopped: 0.0001496 seconds, Stopping threads took: 0.0000005 seconds
[64.977s][info][gc       ] [SPS 0.000 0.001 0.000 0.007 0.000 0.001 0.000 0.118 0.023 0.150 NewGC_pause2 64.975888 ]
[64.978s][info][safepoint] Application time: 0.0021702 seconds
[64.978s][info][safepoint] Total time for which application threads were stopped: 0.0000754 seconds, Stopping threads took: 0.0000005 seconds
[64.978s][info][gc       ] [SPS 0.000 0.000 0.000 0.007 0.000 0.001 0.000 0.053 0.013 0.075 NewGC_pause3 64.978133 ]
[64.979s][info][safepoint] Application time: 0.0009790 seconds
[64.979s][info][safepoint] Total time for which application threads were stopped: 0.0000658 seconds, Stopping threads took: 0.0000005 seconds
[64.979s][info][gc       ] [SPS 0.000 0.002 0.002 0.006 0.000 0.001 0.000 0.044 0.014 0.066 NewGC_pause4 64.979178 ]
[64.980s][info][gc       ] [GC New Max 171-155 : 6356 3470 2384 6356 - - 986 20 2 2 - : 266 1796 30 292 1352 : 262 4 1088 1088 0 : 0 1 131 0 133 - 0 : 0.223120 3791.7 0.0 0.075298 3612.3 0.0 : 3 --c 0000 : 23 0 0.000 0.000 0 0.000 0.000 0 0.000 0.000 : 64.904165 64.906045 0.000256 64.975738 0.000050 64.978057 0.000057 64.979112 0.000048 : 64.979463 ]
[64.980s][info][gc       ] [SYSINFO 8432 195 63 0 7885 0 16 0 0 6942 : - - - - - - - - : 0 7168 : 3.08 2.73 1.96 : 271935 4216564 : 0 0 : 21 0 : 2445 3 0 267 : - 8538775552 583921664 1066418176 7200940032 203833344 66772992 : 139899904 24499130 495390 0 0 0 : 64.979742 ]
[64.980s][info][gc       ] [HUGEPAGESTAT 0 0 0 - 83087 0 0 : 317440 0 0 : 64.979742 ]
[64.980s][info][gc       ] [OBJCREAT 191758410 25285 10080256 : 64.979788 ]
[64.980s][info][gc       ] [HMSV All : 0 0 60 0 0 0 0 0 : 6142 0 0 0 : 64.979802 ]
[64.980s][info][gc       ] [HMSP 60 : 51112 0 : 64.979802 ]
[64.980s][info][gc       ] [VMAC 65530 170 24 492 686 : 64.980315 ]
[65.223s][info][gc       ] [GPGC-H  3578.2 743.5 2.2 0.0 : 260.6 : 0.000 0.000 : 0.000 0.000 0.698 1.343 : 0.000 0.000 0.000 0.000 1.986 0.657 : 0.000 : 96.445 : 1152 1796 30 0 : 2274 : 5720 5428 : 65.222556 : 9 Next_heuristic_check_may_be_too_late ]
[65.225s][info][safepoint] Application time: 0.2458827 seconds
[65.226s][info][safepoint] Total time for which application threads were stopped: 0.0003693 seconds, Stopping threads took: 0.0000004 seconds
[65.226s][info][gc       ] [SPS 0.000 0.003 0.002 0.006 0.000 0.001 0.000 0.315 0.047 0.369 NewGC_pause1 65.225430 ]
[65.288s][info][safepoint] Application time: 0.0618510 seconds
[65.288s][info][safepoint] Total time for which application threads were stopped: 0.0002216 seconds, Stopping threads took: 0.0000004 seconds
[65.289s][info][gc       ] [SPS 0.000 0.001 0.000 0.006 0.000 0.001 0.000 0.183 0.031 0.222 NewGC_pause2 65.287503 ]
[65.290s][info][safepoint] Application time: 0.0024897 seconds
[65.290s][info][safepoint] Total time for which application threads were stopped: 0.0000596 seconds, Stopping threads took: 0.0000004 seconds
[65.291s][info][gc       ] [SPS 0.000 0.000 0.000 0.006 0.000 0.001 0.000 0.037 0.014 0.060 NewGC_pause3 65.290052 ]
[65.291s][info][safepoint] Application time: 0.0010990 seconds
[65.291s][info][safepoint] Total time for which application threads were stopped: 0.0000637 seconds, Stopping threads took: 0.0000004 seconds
[65.292s][info][gc       ] [SPS 0.000 0.003 0.002 0.006 0.000 0.001 0.000 0.042 0.014 0.064 NewGC_pause4 65.291215 ]
[65.292s][info][gc       ] [GC New Max 172-156 : 6356 3498 2342 6356 - - 986 20 2 2 - : 224 1796 30 292 1380 : 220 4 1158 1158 0 : 0 1 110 0 112 - 0 : 0.243665 3644.3 0.0 0.068352 3335.7 0.0 : 3 --c 0000 : 23 0 0.000 0.000 0 0.000 0.000 0 0.000 0.000 : 65.223128 65.225061 0.000280 65.287281 0.000129 65.289992 0.000041 65.291151 0.000045 : 65.291480 ]
[65.292s][info][gc       ] [SYSINFO 8432 195 63 0 7885 0 16 0 0 6942 : - - - - - - - - : 0 7168 : 3.08 2.73 1.96 : 271935 4216564 : 0 0 : 21 0 : 2445 2 0 267 : - 8538775552 583921664 1066418176 7200940032 203833344 66772992 : 139899904 24499620 495420 0 0 0 : 65.291725 ]
[65.292s][info][gc       ] [HUGEPAGESTAT 0 0 0 - 83087 0 0 : 317440 0 0 : 65.291725 ]
[65.292s][info][gc       ] [OBJCREAT 192863255 25285 10080256 : 65.291774 ]
[65.292s][info][gc       ] [HMSV All : 0 0 60 0 0 0 0 0 : 6142 0 0 0 : 65.291789 ]
[65.292s][info][gc       ] [HMSP 60 : 51112 0 : 65.291789 ]
[65.292s][info][gc       ] [VMAC 65530 170 24 492 686 : 65.292237 ]
[65.534s][info][gc       ] [GPGC-H  3578.2 743.5 2.2 0.0 : 260.6 : 0.000 0.000 : 0.000 0.000 0.689 1.343 : 0.000 0.000 0.000 0.000 1.961 0.657 : 0.000 : 95.378 : 1134 1796 30 0 : 2274 : 5720 5428 : 65.534287 : 9 Next_heuristic_check_may_be_too_late ]
[65.537s][info][safepoint] Application time: 0.2454682 seconds
[65.537s][info][safepoint] Total time for which application threads were stopped: 0.0003513 seconds, Stopping threads took: 0.0000004 seconds
[65.538s][info][gc       ] [SPS 0.000 0.003 0.002 0.006 0.000 0.001 0.000 0.301 0.042 0.351 NewGC_pause1 65.537035 ]
[65.598s][info][safepoint] Application time: 0.0607051 seconds
[65.598s][info][safepoint] Total time for which application threads were stopped: 0.0001660 seconds, Stopping threads took: 0.0000005 seconds
[65.599s][info][gc       ] [SPS 0.000 0.002 0.000 0.006 0.000 0.001 0.000 0.133 0.026 0.166 NewGC_pause2 65.597906 ]
[65.599s][info][safepoint] Application time: 0.0014517 seconds
[65.600s][info][safepoint] Total time for which application threads were stopped: 0.0000903 seconds, Stopping threads took: 0.0000004 seconds
[65.600s][info][gc       ] [SPS 0.000 0.000 0.000 0.006 0.000 0.001 0.000 0.068 0.016 0.090 NewGC_pause3 65.599448 ]
[65.600s][info][safepoint] Application time: 0.0009686 seconds
[65.601s][info][safepoint] Total time for which application threads were stopped: 0.0000678 seconds, Stopping threads took: 0.0000004 seconds
[65.601s][info][gc       ] [SPS 0.000 0.003 0.003 0.006 0.000 0.001 0.000 0.041 0.019 0.068 NewGC_pause4 65.600484 ]
[65.601s][info][gc       ] [GC New Max 173-157 : 6356 3494 2354 6356 - - 986 20 2 2 - : 236 1796 30 292 1376 : 232 4 1142 1142 0 : 0 1 116 0 118 - 0 : 0.243240 3749.4 0.0 0.066014 3665.9 0.0 : 3 --c 0000 : 23 0 0.000 0.000 0 0.000 0.000 0 0.000 0.000 : 65.534721 65.536683 0.000267 65.597740 0.000096 65.599357 0.000068 65.600416 0.000044 : 65.600735 ]
[65.601s][info][gc       ] [SYSINFO 8432 195 63 0 7885 0 16 0 0 6942 : - - - - - - - - : 0 7168 : 3.08 2.73 1.96 : 271935 4216564 : 0 0 : 21 0 : 2445 2 0 267 : - 8538775552 583921664 1066418176 7200940032 203833344 66772992 : 139899904 24500110 495480 0 0 0 : 65.601056 ]
[65.601s][info][gc       ] [HUGEPAGESTAT 0 0 0 - 83087 0 0 : 317440 0 0 : 65.601056 ]
[65.601s][info][gc       ] [OBJCREAT 194003049 25285 10080256 : 65.601118 ]
[65.601s][info][gc       ] [HMSV All : 0 0 60 0 0 0 0 0 : 6142 0 0 0 : 65.601123 ]
[65.601s][info][gc       ] [HMSP 60 : 51112 0 : 65.601123 ]
[65.602s][info][gc       ] [VMAC 65530 170 24 492 686 : 65.601562 ]
[65.823s][info][gc       ] [GPGC-H  3578.2 680.4 2.0 0.0 : 237.4 : 0.000 0.000 : 0.000 0.000 0.680 1.343 : 0.000 0.000 0.000 0.000 1.935 0.657 : 0.000 : 94.327 : 1112 1796 30 0 : 2274 : 5720 5428 : 65.823109 : 9 Next_heuristic_check_may_be_too_late ]
[65.826s][info][safepoint] Application time: 0.2249253 seconds
[65.826s][info][safepoint] Total time for which application threads were stopped: 0.0002809 seconds, Stopping threads took: 0.0000004 seconds
[65.827s][info][gc       ] [SPS 0.000 0.003 0.003 0.006 0.000 0.001 0.000 0.255 0.019 0.281 NewGC_pause1 65.825691 ]
[65.887s][info][safepoint] Application time: 0.0609546 seconds
[65.887s][info][safepoint] Total time for which application threads were stopped: 0.0001467 seconds, Stopping threads took: 0.0000004 seconds
[65.888s][info][gc       ] [SPS 0.000 0.001 0.000 0.006 0.000 0.001 0.000 0.120 0.020 0.147 NewGC_pause2 65.886793 ]
[65.889s][info][safepoint] Application time: 0.0020455 seconds
[65.889s][info][safepoint] Total time for which application threads were stopped: 0.0002100 seconds, Stopping threads took: 0.0000004 seconds
[65.890s][info][gc       ] [SPS 0.000 0.000 0.000 0.006 0.000 0.001 0.000 0.182 0.020 0.210 NewGC_pause3 65.889048 ]
[65.890s][info][safepoint] Application time: 0.0010476 seconds
[65.891s][info][safepoint] Total time for which application threads were stopped: 0.0001787 seconds, Stopping threads took: 0.0000005 seconds
[65.891s][info][gc       ] [SPS 0.000 0.002 0.002 0.006 0.000 0.001 0.000 0.151 0.021 0.179 NewGC_pause4 65.890274 ]
[65.891s][info][gc       ] [VMAC 65530 170 24 492 686 : 65.891148 ]
[65.891s][info][gc       ] [GC New Max 174-158 : 6356 3468 2348 6356 - - 986 20 2 2 - : 230 1796 30 292 1350 : 230 2 1120 1120 0 : 0 0 115 0 115 - 0 : 0.222919 3938.7 0.0 0.066712 3537.6 0.0 : 3 --c 0000 : 23 0 0.000 0.000 0 0.000 0.000 0 0.000 0.000 : 65.823654 65.825410 0.000224 65.886646 0.000088 65.888838 0.000117 65.890095 0.000045 : 65.890365 ]
[65.891s][info][gc       ] [SYSINFO 8432 195 63 0 7885 0 16 0 0 6942 : - - - - - - - - : 0 7168 : 3.08 2.73 1.96 : 271935 4216564 : 0 0 : 21 0 : 2445 2 0 267 : - 8538775552 583921664 1066418176 7200940032 203833344 66772992 : 139899904 24500580 495520 0 0 0 : 65.890619 ]
[65.891s][info][gc       ] [HUGEPAGESTAT 0 0 0 - 83087 0 0 : 317440 0 0 : 65.890619 ]
[65.891s][info][gc       ] [OBJCREAT 195108705 25285 10080256 : 65.890666 ]
[65.891s][info][gc       ] [HMSV All : 0 0 60 0 0 0 0 0 : 6142 0 0 0 : 65.890680 ]
[65.891s][info][gc       ] [HMSP 60 : 51112 0 : 65.890680 ]
[66.113s][info][gc       ] [GPGC-H  3578.2 680.4 2.0 0.0 : 237.4 : 0.000 0.000 : 0.000 0.000 0.672 1.343 : 0.000 0.000 0.000 0.000 1.912 0.657 : 0.000 : 93.380 : 1110 1796 30 0 : 2274 : 5720 5428 : 66.113352 : 9 Next_heuristic_check_may_be_too_late ]
[66.116s][info][safepoint] Application time: 0.2253916 seconds
[66.117s][info][safepoint] Total time for which application threads were stopped: 0.0003618 seconds, Stopping threads took: 0.0000010 seconds
[66.117s][info][gc       ] [SPS 0.000 0.004 0.004 0.012 0.001 0.002 0.001 0.311 0.036 0.362 NewGC_pause1 66.116028 ]
[66.176s][info][safepoint] Application time: 0.0600709 seconds
[66.177s][info][safepoint] Total time for which application threads were stopped: 0.0001535 seconds, Stopping threads took: 0.0000004 seconds
[66.177s][info][gc       ] [SPS 0.000 0.001 0.000 0.006 0.000 0.001 0.001 0.126 0.020 0.154 NewGC_pause2 66.176252 ]
[66.178s][info][safepoint] Application time: 0.0016474 seconds
[66.178s][info][safepoint] Total time for which application threads were stopped: 0.0000561 seconds, Stopping threads took: 0.0000004 seconds
[66.179s][info][gc       ] [SPS 0.000 0.000 0.000 0.006 0.000 0.001 0.000 0.036 0.013 0.056 NewGC_pause3 66.177956 ]
[66.179s][info][safepoint] Application time: 0.0009848 seconds
[66.179s][info][safepoint] Total time for which application threads were stopped: 0.0000690 seconds, Stopping threads took: 0.0000004 seconds
[66.179s][info][gc       ] [SPS 0.000 0.002 0.002 0.006 0.000 0.007 0.001 0.042 0.014 0.069 NewGC_pause4 66.179010 ]
[66.180s][info][gc       ] [GC New Max 175-159 : 6356 3464 2350 6356 - - 986 20 2 2 - : 232 1796 30 292 1346 : 230 4 1116 1116 0 : 0 1 115 0 116 - 0 : 0.223400 3948.1 0.0 0.065534 3601.2 0.0 : 3 --c 0000 : 23 0 0.000 0.000 0 0.000 0.000 0 0.000 0.000 : 66.113766 66.115666 0.000259 66.176099 0.000096 66.177900 0.000039 66.178941 0.000052 : 66.179300 ]
[66.180s][info][gc       ] [SYSINFO 8432 195 63 0 7885 0 16 0 0 6942 : - - - - - - - - : 0 7168 : 3.08 2.73 1.96 : 271935 4216564 : 0 0 : 21 0 : 2445 2 0 267 : - 8538775552 583921664 1066418176 7200940032 203833344 66772992 : 139899904 24501050 495570 0 0 0 : 66.179638 ]
[66.180s][info][gc       ] [HUGEPAGESTAT 0 0 0 - 83087 0 0 : 317440 0 0 : 66.179638 ]
[66.180s][info][gc       ] [OBJCREAT 196215585 25285 10080256 : 66.179682 ]
[66.180s][info][gc       ] [HMSV All : 0 0 60 0 0 0 0 0 : 6142 0 0 0 : 66.179695 ]
[66.180s][info][gc       ] [HMSP 60 : 51112 0 : 66.179695 ]
[66.180s][info][gc       ] [VMAC 65530 170 24 492 686 : 66.180116 ]
[66.402s][info][gc       ] [GPGC-H  3578.2 680.4 2.0 0.0 : 237.4 : 0.000 0.000 : 0.000 0.000 0.664 1.343 : 0.000 0.000 0.000 0.000 1.889 0.657 : 0.000 : 92.442 : 1096 1796 30 0 : 2274 : 5720 5428 : 66.401858 : 9 Next_heuristic_check_may_be_too_late ]
[66.404s][info][safepoint] Application time: 0.2251351 seconds
[66.405s][info][safepoint] Total time for which application threads were stopped: 0.0003226 seconds, Stopping threads took: 0.0000004 seconds
[66.405s][info][gc       ] [SPS 0.000 0.003 0.002 0.006 0.000 0.001 0.000 0.287 0.028 0.323 NewGC_pause1 66.404468 ]
[66.467s][info][safepoint] Application time: 0.0620700 seconds
[66.467s][info][safepoint] Total time for which application threads were stopped: 0.0001294 seconds, Stopping threads took: 0.0000004 seconds
[66.468s][info][gc       ] [SPS 0.000 0.002 0.000 0.006 0.000 0.001 0.000 0.104 0.018 0.129 NewGC_pause2 66.466667 ]
[66.469s][info][safepoint] Application time: 0.0018403 seconds
[66.469s][info][safepoint] Total time for which application threads were stopped: 0.0000929 seconds, Stopping threads took: 0.0000004 seconds
[66.469s][info][gc       ] [SPS 0.000 0.000 0.000 0.006 0.000 0.001 0.000 0.074 0.012 0.093 NewGC_pause3 66.468600 ]
[66.470s][info][safepoint] Application time: 0.0010333 seconds
[66.470s][info][safepoint] Total time for which application threads were stopped: 0.0000904 seconds, Stopping threads took: 0.0000004 seconds
[66.470s][info][gc       ] [SPS 0.000 0.002 0.002 0.006 0.000 0.001 0.000 0.065 0.019 0.090 NewGC_pause4 66.469724 ]
[66.470s][info][gc       ] [GC New Max 176-160 : 6356 3448 2350 6356 - - 986 20 2 2 - : 230 1796 30 292 1330 : 228 2 1103 1103 0 : 0 1 114 0 115 - 0 : 0.223022 3883.0 0.0 0.067664 3458.3 0.0 : 3 --c 0000 : 23 0 0.000 0.000 0 0.000 0.000 0 0.000 0.000 : 66.402322 66.404145 0.000258 66.466538 0.000043 66.468508 0.000077 66.469634 0.000067 : 66.469985 ]
[66.470s][info][gc       ] [SYSINFO 8432 195 63 0 7885 0 16 0 0 6942 : - - - - - - - - : 0 7168 : 3.08 2.73 1.96 : 271935 4216564 : 0 0 : 21 0 : 2445 2 0 267 : - 8538775552 583921664 1066418176 7200940032 203833344 66772992 : 139899904 24501530 495660 0 0 0 : 66.470233 ]
[66.470s][info][gc       ] [HUGEPAGESTAT 0 0 0 - 83087 0 0 : 317440 0 0 : 66.470233 ]
[66.470s][info][gc       ] [OBJCREAT 197305367 25285 10080256 : 66.470281 ]
[66.470s][info][gc       ] [HMSV All : 0 0 60 0 0 0 0 0 : 6142 0 0 0 : 66.470296 ]
[66.470s][info][gc       ] [HMSP 60 : 51112 0 : 66.470296 ]
[66.471s][info][gc       ] [VMAC 65530 170 24 492 686 : 66.470748 ]
[66.693s][info][gc       ] [GPGC-H  3578.2 680.4 2.0 0.0 : 237.4 : 0.000 0.000 : 0.000 0.000 0.656 1.343 : 0.000 0.000 0.000 0.000 1.866 0.657 : 0.000 : 91.519 : 1074 1796 30 0 : 2274 : 5720 5428 : 66.692685 : 9 Next_heuristic_check_may_be_too_late ]
[66.695s][info][safepoint] Application time: 0.2252950 seconds
[66.696s][info][safepoint] Total time for which application threads were stopped: 0.0002764 seconds, Stopping threads took: 0.0000004 seconds
[66.696s][info][gc       ] [SPS 0.000 0.003 0.003 0.006 0.000 0.001 0.000 0.247 0.022 0.276 NewGC_pause1 66.695296 ]
[66.756s][info][safepoint] Application time: 0.0609718 seconds
[66.757s][info][safepoint] Total time for which application threads were stopped: 0.0002161 seconds, Stopping threads took: 0.0000003 seconds
[66.758s][info][gc       ] [SPS 0.000 0.001 0.000 0.006 0.000 0.001 0.000 0.181 0.028 0.216 NewGC_pause2 66.756484 ]
[66.759s][info][safepoint] Application time: 0.0026532 seconds
[66.760s][info][safepoint] Total time for which application threads were stopped: 0.0000825 seconds, Stopping threads took: 0.0000004 seconds
[66.760s][info][gc       ] [SPS 0.000 0.001 0.000 0.006 0.000 0.001 0.000 0.049 0.026 0.083 NewGC_pause3 66.759220 ]
[66.760s][info][safepoint] Application time: 0.0010463 seconds
[66.761s][info][safepoint] Total time for which application threads were stopped: 0.0000795 seconds, Stopping threads took: 0.0000004 seconds
[66.761s][info][gc       ] [SPS 0.000 0.008 0.002 0.006 0.000 0.001 0.000 0.045 0.027 0.080 NewGC_pause4 66.760346 ]
[66.761s][info][gc       ] [GC New Max 177-161 : 6356 3430 2350 6356 - - 986 20 2 2 - : 232 1796 30 292 1312 : 228 4 1082 1082 0 : 0 1 114 0 116 - 0 : 0.223213 3790.1 0.0 0.067369 3532.8 0.0 : 3 --c 0000 : 23 0 0.000 0.000 0 0.000 0.000 0 0.000 0.000 : 66.693198 66.695020 0.000216 66.756268 0.000127 66.759137 0.000049 66.760266 0.000046 : 66.760568 ]
[66.761s][info][gc       ] [SYSINFO 8432 195 63 0 7885 0 16 0 0 6942 : - - - - - - - - : 0 7168 : 3.08 2.73 1.96 : 271935 4216564 : 0 0 : 21 0 : 2445 2 0 267 : - 8538775552 583921664 1066418176 7200940032 203833344 66772992 : 139899904 24502000 495730 0 0 0 : 66.760816 ]
[66.761s][info][gc       ] [HUGEPAGESTAT 0 0 0 - 83087 0 0 : 317440 0 0 : 66.760816 ]
[66.761s][info][gc       ] [OBJCREAT 198377883 25285 10080256 : 66.760887 ]
[66.761s][info][gc       ] [HMSV All : 0 0 60 0 0 0 0 0 : 6142 0 0 0 : 66.760902 ]
[66.761s][info][gc       ] [HMSP 60 : 51112 0 : 66.760902 ]
[66.761s][info][gc       ] [VMAC 65530 170 24 492 686 : 66.761329 ]
[67.004s][info][gc       ] [GPGC-H  3578.2 680.4 2.0 0.0 : 237.4 : 0.000 0.000 : 0.000 0.000 0.648 1.343 : 0.000 0.000 0.000 0.000 1.843 0.657 : 0.000 : 90.608 : 1148 1796 30 0 : 2274 : 5720 5428 : 67.003682 : 9 Next_heuristic_check_may_be_too_late ]
[67.006s][info][safepoint] Application time: 0.2453754 seconds
[67.006s][info][safepoint] Total time for which application threads were stopped: 0.0001056 seconds, Stopping threads took: 0.0000004 seconds
[67.007s][info][gc       ] [SPS 0.000 0.004 0.004 0.006 0.000 0.001 0.000 0.084 0.014 0.105 NewGC_pause1 67.005827 ]
[67.067s][info][safepoint] Application time: 0.0607748 seconds
[67.067s][info][safepoint] Total time for which application threads were stopped: 0.0001266 seconds, Stopping threads took: 0.0000004 seconds
[67.068s][info][gc       ] [SPS 0.000 0.001 0.000 0.006 0.000 0.001 0.000 0.100 0.019 0.127 NewGC_pause2 67.066728 ]
[67.069s][info][safepoint] Application time: 0.0018861 seconds
[67.069s][info][safepoint] Total time for which application threads were stopped: 0.0000597 seconds, Stopping threads took: 0.0000004 seconds
[67.069s][info][gc       ] [SPS 0.000 0.001 0.000 0.006 0.000 0.001 0.000 0.039 0.013 0.060 NewGC_pause3 67.068674 ]
[67.070s][info][safepoint] Application time: 0.0010847 seconds
[67.070s][info][safepoint] Total time for which application threads were stopped: 0.0000687 seconds, Stopping threads took: 0.0000004 seconds
[67.070s][info][gc       ] [SPS 0.000 0.003 0.002 0.005 0.000 0.001 0.000 0.046 0.016 0.069 NewGC_pause4 67.069828 ]
[67.070s][info][gc       ] [GC New Max 178-162 : 6356 3496 2346 6356 - - 986 20 2 2 - : 228 1796 30 292 1378 : 226 4 1153 1153 0 : 0 1 113 0 114 - 0 : 0.243592 3768.6 0.0 0.065928 3488.7 0.0 : 3 --c 0000 : 23 0 0.000 0.000 0 0.000 0.000 0 0.000 0.000 : 67.004159 67.005721 0.000088 67.066602 0.000043 67.068615 0.000042 67.069759 0.000048 : 67.070087 ]
[67.070s][info][gc       ] [SYSINFO 8432 195 63 0 7885 0 16 0 0 6942 : - - - - - - - - : 0 7168 : 3.08 2.73 1.96 : 271935 4216564 : 0 0 : 21 0 : 2445 4 0 267 : - 8538775552 583921664 1066418176 7200940032 203833344 66772992 : 139899904 24502500 495830 0 0 0 : 67.070300 ]
[67.070s][info][gc       ] [HUGEPAGESTAT 0 0 0 - 83087 0 0 : 317440 0 0 : 67.070300 ]
[67.070s][info][gc       ] [OBJCREAT 199515610 25285 10080256 : 67.070340 ]
[67.070s][info][gc       ] [HMSV All : 0 0 60 0 0 0 0 0 : 6142 0 0 0 : 67.070355 ]
[67.070s][info][gc       ] [HMSP 60 : 51112 0 : 67.070355 ]
[67.071s][info][gc       ] [VMAC 65530 170 24 492 686 : 67.070818 ]
[67.293s][info][gc       ] [GPGC-H  3623.9 680.4 2.0 0.0 : 237.4 : 0.000 0.000 : 0.000 0.000 0.640 1.343 : 0.000 0.000 0.000 0.000 1.819 0.657 : 0.000 : 89.623 : 1084 1796 30 0 : 2274 : 5720 5428 : 67.292610 : 9 Next_heuristic_check_may_be_too_late ]
[67.295s][info][safepoint] Application time: 0.2253264 seconds
[67.296s][info][safepoint] Total time for which application threads were stopped: 0.0003259 seconds, Stopping threads took: 0.0000005 seconds
[67.296s][info][gc       ] [SPS 0.000 0.003 0.002 0.006 0.000 0.001 0.000 0.274 0.044 0.326 NewGC_pause1 67.295480 ]
[67.356s][info][safepoint] Application time: 0.0600964 seconds
[67.356s][info][safepoint] Total time for which application threads were stopped: 0.0001816 seconds, Stopping threads took: 0.0000004 seconds
[67.356s][info][gc       ] [SPS 0.000 0.001 0.000 0.006 0.000 0.001 0.000 0.155 0.019 0.182 NewGC_pause2 67.355759 ]
[67.357s][info][safepoint] Application time: 0.0013291 seconds
[67.357s][info][safepoint] Total time for which application threads were stopped: 0.0000512 seconds, Stopping threads took: 0.0000004 seconds
[67.357s][info][gc       ] [SPS 0.000 0.000 0.000 0.006 0.000 0.001 0.000 0.032 0.012 0.051 NewGC_pause3 67.357139 ]
[67.358s][info][safepoint] Application time: 0.0010120 seconds
[67.358s][info][safepoint] Total time for which application threads were stopped: 0.0000584 seconds, Stopping threads took: 0.0000004 seconds
[67.359s][info][gc       ] [SPS 0.000 0.002 0.002 0.006 0.000 0.001 0.000 0.039 0.013 0.058 NewGC_pause4 67.358209 ]
[67.359s][info][gc       ] [GC New Max 179-163 : 6356 3434 2344 6356 - - 986 20 2 2 - : 226 1796 30 292 1316 : 222 4 1092 1092 0 : 0 1 111 0 113 - 0 : 0.223021 3847.2 0.0 0.065392 3547.8 0.0 : 3 --c 0000 : 23 0 0.000 0.000 0 0.000 0.000 0 0.000 0.000 : 67.293108 67.295154 0.000242 67.355577 0.000114 67.357088 0.000036 67.358151 0.000042 : 67.358500 ]
[67.359s][info][gc       ] [SYSINFO 8432 195 63 0 7885 0 16 0 0 6942 : - - - - - - - - : 0 7168 : 3.16 2.75 1.97 : 271935 4216564 : 0 0 : 21 0 : 2445 2 0 267 : - 8538775552 583921664 1066418176 7200940032 203833344 66772992 : 139899904 24502960 495910 0 0 0 : 67.358774 ]
[67.359s][info][gc       ] [HUGEPAGESTAT 0 0 0 - 83087 0 0 : 317440 0 0 : 67.358774 ]
[67.359s][info][gc       ] [OBJCREAT 200592813 25285 10080256 : 67.358839 ]
[67.359s][info][gc       ] [HMSV All : 0 0 60 0 0 0 0 0 : 6142 0 0 0 : 67.358854 ]
[67.359s][info][gc       ] [HMSP 60 : 51112 0 : 67.358854 ]
[67.359s][info][gc       ] [VMAC 65530 170 24 492 686 : 67.359355 ]
[67.581s][info][gc       ] [GPGC-H  3623.9 680.4 2.0 0.0 : 237.4 : 0.000 0.000 : 0.000 0.000 0.632 1.343 : 0.000 0.000 0.000 0.000 1.797 0.657 : 0.000 : 88.737 : 1072 1796 30 0 : 2274 : 5720 5428 : 67.581209 : 9 Next_heuristic_check_may_be_too_late ]
[67.583s][info][safepoint] Application time: 0.2249987 seconds
[67.584s][info][safepoint] Total time for which application threads were stopped: 0.0001536 seconds, Stopping threads took: 0.0000004 seconds
[67.584s][info][gc       ] [SPS 0.000 0.003 0.004 0.006 0.000 0.001 0.000 0.132 0.014 0.153 NewGC_pause1 67.583362 ]
[67.644s][info][safepoint] Application time: 0.0599811 seconds
[67.644s][info][safepoint] Total time for which application threads were stopped: 0.0001521 seconds, Stopping threads took: 0.0000004 seconds
[67.644s][info][gc       ] [SPS 0.000 0.001 0.000 0.006 0.000 0.001 0.000 0.125 0.020 0.152 NewGC_pause2 67.643495 ]
[67.645s][info][safepoint] Application time: 0.0018183 seconds
[67.646s][info][safepoint] Total time for which application threads were stopped: 0.0000558 seconds, Stopping threads took: 0.0000004 seconds
[67.646s][info][gc       ] [SPS 0.000 0.000 0.000 0.006 0.000 0.001 0.000 0.035 0.013 0.056 NewGC_pause3 67.645369 ]
[67.646s][info][safepoint] Application time: 0.0010014 seconds
[67.647s][info][safepoint] Total time for which application threads were stopped: 0.0000607 seconds, Stopping threads took: 0.0000004 seconds
[67.647s][info][gc       ] [SPS 0.000 0.002 0.002 0.006 0.000 0.001 0.000 0.040 0.014 0.061 NewGC_pause4 67.646431 ]
[67.647s][info][gc       ] [GC New Max 180-164 : 6356 3416 2342 6356 - - 986 20 2 2 - : 224 1796 30 292 1298 : 220 4 1076 1076 0 : 0 1 110 0 112 - 0 : 0.223144 3791.3 0.0 0.064996 3507.9 0.0 : 3 --c 0000 : 23 0 0.000 0.000 0 0.000 0.000 0 0.000 0.000 : 67.581644 67.583208 0.000134 67.643343 0.000090 67.645313 0.000038 67.646371 0.000043 : 67.646640 ]
[67.647s][info][gc       ] [SYSINFO 8432 195 63 0 7885 0 16 0 0 6942 : - - - - - - - - : 0 7168 : 3.16 2.75 1.97 : 271935 4216564 : 0 0 : 21 0 : 2445 2 0 267 : - 8538775552 583921664 1066418176 7200940032 203833344 66772992 : 139899904 24503430 496040 0 0 0 : 67.646885 ]
[67.647s][info][gc       ] [HUGEPAGESTAT 0 0 0 - 83087 0 0 : 317440 0 0 : 67.646885 ]
[67.647s][info][gc       ] [OBJCREAT 201657968 25285 10080256 : 67.646932 ]
[67.647s][info][gc       ] [HMSV All : 0 0 60 0 0 0 0 0 : 6142 0 0 0 : 67.646961 ]
[67.647s][info][gc       ] [HMSP 60 : 51112 0 : 67.646961 ]
[67.647s][info][gc       ] [VMAC 65530 170 24 492 686 : 67.647390 ]
[67.890s][info][gc       ] [GPGC-H  3623.9 620.2 1.8 0.0 : 216.4 : 0.000 0.000 : 0.000 0.000 0.625 1.343 : 0.000 0.000 0.000 0.000 1.775 0.657 : 0.000 : 87.862 : 1134 1796 30 0 : 2274 : 5720 5428 : 67.889713 : 9 Next_heuristic_check_may_be_too_late ]
[67.892s][info][safepoint] Application time: 0.2453099 seconds
[67.892s][info][safepoint] Total time for which application threads were stopped: 0.0001680 seconds, Stopping threads took: 0.0000004 seconds
[67.893s][info][gc       ] [SPS 0.000 0.003 0.005 0.006 0.000 0.001 0.000 0.139 0.021 0.168 NewGC_pause1 67.891910 ]
[67.960s][info][safepoint] Application time: 0.0677272 seconds
[67.960s][info][safepoint] Total time for which application threads were stopped: 0.0001681 seconds, Stopping threads took: 0.0000004 seconds
[67.961s][info][gc       ] [SPS 0.000 0.001 0.000 0.006 0.000 0.001 0.000 0.134 0.027 0.168 NewGC_pause2 67.959805 ]
[67.962s][info][safepoint] Application time: 0.0016849 seconds
[67.962s][info][safepoint] Total time for which application threads were stopped: 0.0000522 seconds, Stopping threads took: 0.0000004 seconds
[67.962s][info][gc       ] [SPS 0.000 0.000 0.000 0.006 0.000 0.001 0.000 0.032 0.013 0.052 NewGC_pause3 67.961542 ]
[67.964s][info][safepoint] Application time: 0.0020589 seconds
[67.964s][info][safepoint] Total time for which application threads were stopped: 0.0000595 seconds, Stopping threads took: 0.0000004 seconds
[67.964s][info][gc       ] [SPS 0.000 0.002 0.002 0.005 0.000 0.001 0.000 0.040 0.013 0.060 NewGC_pause4 67.963660 ]
[67.964s][info][gc       ] [GC New Max 181-165 : 6356 3486 2352 6356 - - 986 20 2 2 - : 234 1796 30 292 1368 : 226 4 1140 1140 0 : 0 1 113 0 117 - 0 : 0.243438 3746.3 0.0 0.073776 3226.0 0.0 : 3 --c 0000 : 23 0 0.000 0.000 0 0.000 0.000 0 0.000 0.000 : 67.890079 67.891742 0.000096 67.959637 0.000051 67.961490 0.000036 67.963601 0.000042 : 67.963855 ]
[67.964s][info][gc       ] [SYSINFO 8432 195 63 0 7885 0 16 0 0 6942 : - - - - - - - - : 0 7168 : 3.16 2.75 1.97 : 271935 4216564 : 0 0 : 21 0 : 2445 2 0 267 : - 8538775552 583921664 1066418176 7200940032 203833344 66772992 : 139899904 24503920 496170 0 0 0 : 67.964068 ]
[67.964s][info][gc       ] [HUGEPAGESTAT 0 0 0 - 83087 0 0 : 317440 0 0 : 67.964068 ]
[67.964s][info][gc       ] [OBJCREAT 202793971 25285 10080256 : 67.964108 ]
[67.964s][info][gc       ] [HMSV All : 0 0 60 0 0 0 0 0 : 6142 0 0 0 : 67.964122 ]
[67.964s][info][gc       ] [HMSP 60 : 51112 0 : 67.964122 ]
[67.965s][info][gc       ] [VMAC 65530 170 24 492 686 : 67.964516 ]
[68.186s][info][gc       ] [GPGC-H  3623.9 620.2 1.8 0.0 : 216.4 : 0.000 0.000 : 0.000 0.000 0.617 1.343 : 0.000 0.000 0.000 0.000 1.752 0.657 : 0.000 : 86.922 : 1110 1796 30 0 : 2274 : 5720 5428 : 68.186402 : 9 Next_heuristic_check_may_be_too_late ]
[68.189s][info][safepoint] Application time: 0.2249562 seconds
[68.189s][info][safepoint] Total time for which application threads were stopped: 0.0002704 seconds, Stopping threads took: 0.0000004 seconds
[68.190s][info][gc       ] [SPS 0.000 0.003 0.002 0.006 0.000 0.001 0.000 0.245 0.018 0.270 NewGC_pause1 68.188887 ]
[68.270s][info][safepoint] Application time: 0.0810105 seconds
[68.271s][info][safepoint] Total time for which application threads were stopped: 0.0002034 seconds, Stopping threads took: 0.0000005 seconds
[68.271s][info][gc       ] [SPS 0.000 0.001 0.000 0.008 0.000 0.001 0.000 0.171 0.023 0.203 NewGC_pause2 68.270102 ]
[68.272s][info][safepoint] Application time: 0.0020355 seconds
[68.273s][info][safepoint] Total time for which application threads were stopped: 0.0000711 seconds, Stopping threads took: 0.0000005 seconds
[68.273s][info][gc       ] [SPS 0.000 0.001 0.000 0.007 0.000 0.001 0.000 0.046 0.017 0.071 NewGC_pause3 68.272208 ]
[68.273s][info][safepoint] Application time: 0.0009740 seconds
[68.273s][info][safepoint] Total time for which application threads were stopped: 0.0000693 seconds, Stopping threads took: 0.0000005 seconds
[68.273s][info][gc       ] [SPS 0.000 0.003 0.002 0.006 0.000 0.001 0.000 0.047 0.015 0.069 NewGC_pause4 68.273252 ]
[68.274s][info][gc       ] [GC New Max 182-166 : 6356 3462 2348 6356 - - 986 20 2 2 - : 230 1796 30 292 1344 : 226 4 1117 1117 0 : 0 1 113 0 115 - 0 : 0.223026 3936.8 0.0 0.086600 2702.1 0.0 : 3 --c 0000 : 23 0 0.000 0.000 0 0.000 0.000 0 0.000 0.000 : 68.186880 68.188617 0.000213 68.269898 0.000116 68.272137 0.000048 68.273182 0.000050 : 68.273481 ]
[68.274s][info][gc       ] [SYSINFO 8432 195 63 0 7885 0 16 0 0 6942 : - - - - - - - - : 0 7168 : 3.16 2.75 1.97 : 271935 4216564 : 0 0 : 21 0 : 2445 4 0 267 : - 8538775552 583921664 1066418176 7200940032 203833344 66772992 : 139899904 24504430 496290 0 0 0 : 68.273739 ]
[68.274s][info][gc       ] [HUGEPAGESTAT 0 0 0 - 83087 0 0 : 317440 0 0 : 68.273739 ]
[68.274s][info][gc       ] [OBJCREAT 203897188 25285 10080256 : 68.273785 ]
[68.274s][info][gc       ] [HMSV All : 0 0 60 0 0 0 0 0 : 6142 0 0 0 : 68.273799 ]
[68.274s][info][gc       ] [HMSP 60 : 51112 0 : 68.273799 ]
[68.274s][info][gc       ] [VMAC 65530 170 24 492 686 : 68.274293 ]
[68.496s][info][gc       ] [GPGC-H  3623.9 620.2 1.8 0.0 : 216.4 : 0.000 0.000 : 0.000 0.000 0.609 1.343 : 0.000 0.000 0.000 0.000 1.729 0.657 : 0.000 : 86.084 : 1112 1796 30 0 : 2274 : 5720 5428 : 68.496439 : 9 Next_heuristic_check_may_be_too_late ]
[68.499s][info][safepoint] Application time: 0.2255336 seconds
[68.500s][info][safepoint] Total time for which application threads were stopped: 0.0003385 seconds, Stopping threads took: 0.0000004 seconds
[68.500s][info][gc       ] [SPS 0.000 0.003 0.002 0.006 0.000 0.001 0.000 0.294 0.037 0.338 NewGC_pause1 68.499124 ]
[68.562s][info][safepoint] Application time: 0.0625924 seconds
[68.562s][info][safepoint] Total time for which application threads were stopped: 0.0001323 seconds, Stopping threads took: 0.0000004 seconds
[68.563s][info][gc       ] [SPS 0.000 0.001 0.000 0.006 0.000 0.002 0.000 0.104 0.020 0.133 NewGC_pause2 68.561849 ]
[68.563s][info][safepoint] Application time: 0.0013684 seconds
[68.563s][info][safepoint] Total time for which application threads were stopped: 0.0000530 seconds, Stopping threads took: 0.0000004 seconds
[68.564s][info][gc       ] [SPS 0.000 0.000 0.000 0.006 0.000 0.001 0.000 0.033 0.013 0.053 NewGC_pause3 68.563270 ]
[68.564s][info][safepoint] Application time: 0.0010825 seconds
[68.565s][info][safepoint] Total time for which application threads were stopped: 0.0000664 seconds, Stopping threads took: 0.0000004 seconds
[68.565s][info][gc       ] [SPS 0.000 0.002 0.002 0.005 0.000 0.001 0.000 0.047 0.014 0.066 NewGC_pause4 68.564419 ]
[68.565s][info][gc       ] [GC New Max 183-167 : 6356 3486 2370 6356 - - 986 20 2 2 - : 252 1796 30 292 1368 : 248 4 1118 1118 0 : 0 1 124 0 126 - 0 : 0.223446 3956.2 0.0 0.067761 3778.0 0.0 : 3 --c 0000 : 23 0 0.000 0.000 0 0.000 0.000 0 0.000 0.000 : 68.496927 68.498786 0.000261 68.561717 0.000044 68.563217 0.000036 68.564353 0.000049 : 68.564688 ]
[68.565s][info][gc       ] [SYSINFO 8432 195 63 0 7885 0 16 0 0 6942 : - - - - - - - - : 0 7168 : 3.16 2.75 1.97 : 271935 4216564 : 0 0 : 21 0 : 2445 2 0 267 : - 8538775552 583921664 1066418176 7200940032 203833344 66772992 : 139899904 24504890 496390 0 0 0 : 68.564906 ]
[68.565s][info][gc       ] [HUGEPAGESTAT 0 0 0 - 83087 0 0 : 317440 0 0 : 68.564906 ]
[68.565s][info][gc       ] [OBJCREAT 205026052 25285 10080256 : 68.564948 ]
[68.565s][info][gc       ] [HMSV All : 0 0 60 0 0 0 0 0 : 6142 0 0 0 : 68.564962 ]
[68.565s][info][gc       ] [HMSP 60 : 51112 0 : 68.564962 ]
[68.565s][info][gc       ] [VMAC 65530 170 24 492 686 : 68.565413 ]
[68.787s][info][gc       ] [GPGC-H  3623.9 620.2 1.8 0.0 : 216.4 : 0.000 0.000 : 0.000 0.000 0.602 1.343 : 0.000 0.000 0.000 0.000 1.708 0.657 : 0.000 : 85.245 : 1140 1796 30 0 : 2274 : 5720 5428 : 68.786846 : 9 Next_heuristic_check_may_be_too_late ]
[68.789s][info][safepoint] Application time: 0.2245008 seconds
[68.789s][info][safepoint] Total time for which application threads were stopped: 0.0001877 seconds, Stopping threads took: 0.0000004 seconds
[68.790s][info][gc       ] [SPS 0.000 0.004 0.003 0.006 0.000 0.001 0.000 0.167 0.013 0.188 NewGC_pause1 68.789108 ]
[68.850s][info][safepoint] Application time: 0.0606672 seconds
[68.850s][info][safepoint] Total time for which application threads were stopped: 0.0001252 seconds, Stopping threads took: 0.0000004 seconds
[68.851s][info][gc       ] [SPS 0.000 0.001 0.000 0.006 0.000 0.001 0.000 0.098 0.020 0.125 NewGC_pause2 68.849900 ]
[68.851s][info][safepoint] Application time: 0.0014828 seconds
[68.852s][info][safepoint] Total time for which application threads were stopped: 0.0000539 seconds, Stopping threads took: 0.0000004 seconds
[68.852s][info][gc       ] [SPS 0.000 0.000 0.000 0.006 0.000 0.001 0.000 0.033 0.014 0.054 NewGC_pause3 68.851437 ]
[68.852s][info][safepoint] Application time: 0.0009666 seconds
[68.853s][info][safepoint] Total time for which application threads were stopped: 0.0000872 seconds, Stopping threads took: 0.0000004 seconds
[68.853s][info][gc       ] [SPS 0.000 0.002 0.002 0.010 0.000 0.001 0.000 0.062 0.014 0.087 NewGC_pause4 68.852491 ]
[68.853s][info][gc       ] [GC New Max 184-168 : 6356 3492 2352 6356 - - 986 20 2 2 - : 234 1796 30 292 1374 : 230 4 1145 1145 0 : 0 1 115 0 117 - 0 : 0.222673 3996.9 0.0 0.065355 3611.1 0.0 : 3 --c 0000 : 23 0 0.000 0.000 0 0.000 0.000 0 0.000 0.000 : 68.787361 68.788920 0.000169 68.849775 0.000046 68.851383 0.000036 68.852404 0.000069 : 68.852716 ]
[68.853s][info][gc       ] [SYSINFO 8432 195 63 0 7885 0 16 0 0 6942 : - - - - - - - - : 0 7168 : 3.16 2.75 1.97 : 271935 4216564 : 0 0 : 21 0 : 2445 4 0 267 : - 8538775552 583921664 1066418176 7200940032 203833344 66772992 : 139899904 24505330 496480 0 0 0 : 68.852931 ]
[68.853s][info][gc       ] [HUGEPAGESTAT 0 0 0 - 83087 0 0 : 317440 0 0 : 68.852931 ]
[68.853s][info][gc       ] [OBJCREAT 206139363 25285 10080256 : 68.852973 ]
[68.853s][info][gc       ] [HMSV All : 0 0 60 0 0 0 0 0 : 6142 0 0 0 : 68.852989 ]
[68.853s][info][gc       ] [HMSP 60 : 51112 0 : 68.852989 ]
[68.853s][info][gc       ] [VMAC 65530 170 24 492 686 : 68.853393 ]
[69.075s][info][gc       ] [GPGC-H  3623.9 620.2 1.8 0.0 : 216.4 : 0.000 0.000 : 0.000 0.000 0.595 1.343 : 0.000 0.000 0.000 0.000 1.688 0.657 : 0.000 : 84.417 : 1100 1796 30 0 : 2274 : 5720 5428 : 69.075157 : 9 Next_heuristic_check_may_be_too_late ]
[69.078s][info][safepoint] Application time: 0.2248399 seconds
[69.078s][info][safepoint] Total time for which application threads were stopped: 0.0002741 seconds, Stopping threads took: 0.0000004 seconds
[69.078s][info][gc       ] [SPS 0.000 0.003 0.002 0.006 0.000 0.001 0.000 0.247 0.019 0.274 NewGC_pause1 69.077605 ]
[69.140s][info][safepoint] Application time: 0.0617997 seconds
[69.140s][info][safepoint] Total time for which application threads were stopped: 0.0001641 seconds, Stopping threads took: 0.0000004 seconds
[69.140s][info][gc       ] [SPS 0.000 0.001 0.000 0.007 0.000 0.001 0.000 0.136 0.020 0.164 NewGC_pause2 69.139569 ]
[69.142s][info][safepoint] Application time: 0.0019494 seconds
[69.142s][info][safepoint] Total time for which application threads were stopped: 0.0000691 seconds, Stopping threads took: 0.0000004 seconds
[69.142s][info][gc       ] [SPS 0.000 0.000 0.000 0.006 0.000 0.001 0.000 0.047 0.014 0.069 NewGC_pause3 69.141588 ]
[69.143s][info][safepoint] Application time: 0.0009915 seconds
[69.143s][info][safepoint] Total time for which application threads were stopped: 0.0000616 seconds, Stopping threads took: 0.0000004 seconds
[69.143s][info][gc       ] [SPS 0.000 0.002 0.002 0.006 0.000 0.001 0.000 0.041 0.013 0.061 NewGC_pause4 69.142641 ]
[69.143s][info][gc       ] [GC New Max 185-169 : 6356 3474 2372 6356 - - 986 20 2 2 - : 252 1796 30 292 1356 : 250 2 1106 1106 0 : 0 1 125 0 126 - 0 : 0.222879 3894.5 0.0 0.067298 3804.0 0.0 : 3 --c 0000 : 23 0 0.000 0.000 0 0.000 0.000 0 0.000 0.000 : 69.075595 69.077331 0.000182 69.139405 0.000083 69.141519 0.000049 69.142579 0.000044 : 69.142893 ]
[69.143s][info][gc       ] [SYSINFO 8432 195 63 0 7885 0 16 0 0 6942 : - - - - - - - - : 0 7168 : 3.16 2.75 1.97 : 271935 4216564 : 0 0 : 21 0 : 2445 2 0 267 : - 8538775552 583921664 1066418176 7200940032 203833344 66772992 : 139899904 24505800 496570 0 0 0 : 69.143144 ]
[69.143s][info][gc       ] [HUGEPAGESTAT 0 0 0 - 83087 0 0 : 317440 0 0 : 69.143144 ]
[69.143s][info][gc       ] [OBJCREAT 207254338 25285 10080256 : 69.143187 ]
[69.143s][info][gc       ] [HMSV All : 0 0 60 0 0 0 0 0 : 6142 0 0 0 : 69.143202 ]
[69.143s][info][gc       ] [HMSP 60 : 51112 0 : 69.143202 ]
[69.144s][info][gc       ] [VMAC 65530 170 24 492 686 : 69.143651 ]
[69.366s][info][gc       ] [GPGC-H  3645.6 620.2 1.8 0.0 : 216.4 : 0.000 0.000 : 0.000 0.000 0.588 1.343 : 0.000 0.000 0.000 0.000 1.668 0.657 : 0.000 : 83.602 : 1124 1796 30 0 : 2274 : 5720 5428 : 69.365659 : 9 Next_heuristic_check_may_be_too_late ]
[69.368s][info][safepoint] Application time: 0.2253279 seconds
[69.369s][info][safepoint] Total time for which application threads were stopped: 0.0003743 seconds, Stopping threads took: 0.0000004 seconds
[69.369s][info][gc       ] [SPS 0.000 0.003 0.003 0.007 0.000 0.001 0.000 0.347 0.019 0.374 NewGC_pause1 69.368343 ]
[69.432s][info][safepoint] Application time: 0.0632905 seconds
[69.432s][info][safepoint] Total time for which application threads were stopped: 0.0001925 seconds, Stopping threads took: 0.0000004 seconds
[69.433s][info][gc       ] [SPS 0.000 0.001 0.000 0.005 0.000 0.001 0.000 0.158 0.028 0.193 NewGC_pause2 69.431827 ]
[69.434s][info][safepoint] Application time: 0.0020042 seconds
[69.434s][info][safepoint] Total time for which application threads were stopped: 0.0000775 seconds, Stopping threads took: 0.0000004 seconds
[69.434s][info][gc       ] [SPS 0.000 0.000 0.000 0.005 0.000 0.001 0.000 0.054 0.017 0.077 NewGC_pause3 69.433908 ]
[69.435s][info][safepoint] Application time: 0.0008692 seconds
[69.435s][info][safepoint] Total time for which application threads were stopped: 0.0000701 seconds, Stopping threads took: 0.0000004 seconds
[69.435s][info][gc       ] [SPS 0.000 0.003 0.002 0.005 0.000 0.001 0.000 0.045 0.019 0.070 NewGC_pause4 69.434848 ]
[69.435s][info][gc       ] [GC New Max 186-170 : 6356 3504 2376 6356 - - 986 20 2 2 - : 258 1796 30 292 1386 : 254 4 1131 1131 0 : 0 1 127 0 129 - 0 : 0.223235 3915.2 0.0 0.068931 3800.9 0.0 : 3 --c 0000 : 23 0 0.000 0.000 0 0.000 0.000 0 0.000 0.000 : 69.366128 69.367969 0.000293 69.431634 0.000109 69.433831 0.000056 69.434778 0.000048 : 69.435060 ]
[69.435s][info][gc       ] [SYSINFO 8432 195 63 0 7885 0 16 0 0 6942 : - - - - - - - - : 0 7168 : 3.16 2.75 1.97 : 271935 4216564 : 0 0 : 21 0 : 2445 2 0 267 : - 8538775552 583921664 1066418176 7200940032 203833344 66772992 : 139899904 24506270 496680 0 0 0 : 69.435272 ]
[69.435s][info][gc       ] [HUGEPAGESTAT 0 0 0 - 83087 0 0 : 317440 0 0 : 69.435272 ]
[69.435s][info][gc       ] [OBJCREAT 208377707 25285 10080256 : 69.435311 ]
[69.435s][info][gc       ] [HMSV All : 0 0 60 0 0 0 0 0 : 6142 0 0 0 : 69.435325 ]
[69.435s][info][gc       ] [HMSP 60 : 51112 0 : 69.435325 ]
[69.436s][info][gc       ] [VMAC 65530 170 24 492 686 : 69.435738 ]
[69.637s][info][gc       ] [GPGC-H  3645.6 620.2 1.8 0.0 : 216.4 : 0.000 0.000 : 0.000 0.000 0.581 1.343 : 0.000 0.000 0.000 0.000 1.648 0.657 : 0.000 : 82.797 : 1268 1796 30 0 : 2274 : 5720 5428 : 69.637153 : 9 Next_heuristic_check_may_be_too_late ]
[69.640s][info][safepoint] Application time: 0.2051805 seconds
[69.641s][info][safepoint] Total time for which application threads were stopped: 0.0003710 seconds, Stopping threads took: 0.0000008 seconds
[69.641s][info][gc       ] [SPS 0.000 0.005 0.004 0.011 0.001 0.001 0.001 0.322 0.036 0.371 NewGC_pause1 69.640400 ]
[69.794s][info][safepoint] Application time: 0.1530578 seconds
[69.794s][info][safepoint] Total time for which application threads were stopped: 0.0001834 seconds, Stopping threads took: 0.0000004 seconds
[69.795s][info][gc       ] [SPS 0.000 0.001 0.000 0.007 0.000 0.001 0.000 0.151 0.024 0.184 NewGC_pause2 69.793641 ]
[69.796s][info][safepoint] Application time: 0.0024187 seconds
[69.796s][info][safepoint] Total time for which application threads were stopped: 0.0001598 seconds, Stopping threads took: 0.0000004 seconds
[69.797s][info][gc       ] [SPS 0.000 0.000 0.000 0.007 0.000 0.001 0.000 0.130 0.022 0.160 NewGC_pause3 69.796220 ]
[69.797s][info][safepoint] Application time: 0.0010441 seconds
[69.798s][info][safepoint] Total time for which application threads were stopped: 0.0000693 seconds, Stopping threads took: 0.0000005 seconds
[69.798s][info][gc       ] [SPS 0.000 0.003 0.002 0.007 0.001 0.001 0.000 0.046 0.015 0.069 NewGC_pause4 69.797333 ]
[69.798s][info][gc       ] [GC New Max 187-171 : 6356 4626 3684 6356 - - 986 20 2 2 - : 1564 1796 30 292 2508 : 1549 11 956 956 0 : 0 1 606 0 684 - 98 : 0.202629 5014.1 0.0 0.159991 7762.9 0.0 : 3 --c 0000 : 23 0 0.000 0.000 0 0.000 0.000 0 0.000 0.000 : 69.637689 69.640029 0.000279 69.793458 0.000101 69.796060 0.000046 69.797264 0.000050 : 69.797680 ]
[69.798s][info][gc       ] [SYSINFO 8432 195 63 0 7885 0 16 0 0 6942 : - - - - - - - - : 0 7168 : 3.16 2.75 1.97 : 271935 4216580 : 0 0 : 21 0 : 2445 2 0 267 : - 8538775552 583921664 1066418176 7200940032 203833344 66772992 : 139899904 24507090 496780 0 0 0 : 69.797944 ]
[69.798s][info][gc       ] [HUGEPAGESTAT 0 0 0 - 83087 0 0 : 333824 0 0 : 69.797944 ]
[69.798s][info][gc       ] [OBJCREAT 210612958 25285 10080256 : 69.798003 ]
[69.798s][info][gc       ] [HMSV All : 0 0 69 0 0 0 0 0 : 6142 0 0 0 : 69.798027 ]
[69.798s][info][gc       ] [HMSP 60 : 51112 0 : 69.798027 ]
[69.799s][info][gc       ] [VMAC 65530 170 24 492 686 : 69.798517 ]
[70.262s][info][gc       ] [GPGC-H  3645.6 565.2 1.7 0.0 : 197.2 : 0.000 0.000 : 0.000 0.000 0.574 1.343 : 0.000 0.000 0.000 0.000 1.624 0.657 : 0.000 : 82.155 : 2080 1796 30 0 : 2274 : 5720 5428 : 70.262262 : 9 Next_heuristic_check_may_be_too_late ]
[70.315s][info][safepoint] Application time: 0.5177733 seconds
[70.316s][info][safepoint] Total time for which application threads were stopped: 0.0002880 seconds, Stopping threads took: 0.0000004 seconds
[70.316s][info][gc       ] [SPS 0.000 0.004 0.002 0.005 0.000 0.001 0.000 0.236 0.046 0.288 NewGC_pause1 70.315395 ]
[70.897s][info][safepoint] Application time: 0.5815123 seconds
[70.898s][info][safepoint] Total time for which application threads were stopped: 0.0002056 seconds, Stopping threads took: 0.0000005 seconds
[70.898s][info][gc       ] [SPS 0.000 0.001 0.000 0.006 0.000 0.001 0.000 0.167 0.030 0.206 NewGC_pause2 70.897113 ]
[70.900s][info][safepoint] Application time: 0.0026224 seconds
[70.900s][info][safepoint] Total time for which application threads were stopped: 0.0001748 seconds, Stopping threads took: 0.0000005 seconds
[70.901s][info][gc       ] [SPS 0.000 0.000 0.000 0.007 0.000 0.001 0.000 0.140 0.027 0.175 NewGC_pause3 70.899910 ]
[70.916s][info][safepoint] Application time: 0.0160673 seconds
[70.916s][info][safepoint] Total time for which application threads were stopped: 0.0000697 seconds, Stopping threads took: 0.0000005 seconds
[70.916s][info][gc       ] [SPS 0.000 0.004 0.003 0.006 0.000 0.001 0.000 0.047 0.016 0.070 NewGC_pause4 70.916048 ]
[71.018s][info][gc       ] [GC New Max 188-172 : 6356 5946 5862 6356 - - 986 20 2 2 - : 3744 1796 30 292 3828 : 3456 7 365 365 97 : 0 288 847 0 1817 - 55 : 0.465087 1109.5 0.0 0.754509 2555.3 0.0 : 3 --c 0000 : 23 5313 0.000 0.000 0 0.000 0.000 5313 0.000 0.000 : 70.262767 70.315107 0.000170 70.896907 0.000081 70.899735 0.000104 70.915978 0.000050 : 71.017276 ]
[71.018s][info][gc       ] [SYSINFO 8432 195 63 0 7885 0 16 0 0 6942 : - - - - - - - - : 0 7168 : 3.16 2.75 1.97 : 271935 4216580 : 0 0 : 21 0 : 2445 2 0 267 : - 8538775552 583921664 1066418176 7200940032 203833344 66772992 : 139899904 24510310 496950 0 0 0 : 71.017547 ]
[71.018s][info][gc       ] [HUGEPAGESTAT 0 0 0 - 83087 0 0 : 333824 0 0 : 71.017547 ]
[71.018s][info][gc       ] [OBJCREAT 213040208 25285 10080256 : 71.017593 ]
[71.018s][info][gc       ] [HMSV All : 0 0 70 0 0 0 0 0 : 6142 0 0 0 : 71.017609 ]
[71.018s][info][gc       ] [HMSP 60 : 51112 0 : 71.017609 ]
[71.019s][info][gc       ] [GPGC-H  3665.2 565.2 1.7 0.0 : 197.2 : 0.000 0.000 : 0.000 0.000 0.754 1.343 : 0.000 0.000 0.000 0.000 1.624 0.657 : 0.000 : 81.043 : 3748 1796 30 0 : 2274 : 5720 5428 : 71.018538 : 3 Heap_use_exceeded_committed ]
[71.018s][info][gc       ] [VMAC 65530 170 24 492 686 : 71.018100 ]
[71.025s][info][safepoint] Application time: 0.1088238 seconds
[71.027s][info][safepoint] Total time for which application threads were stopped: 0.0001259 seconds, Stopping threads took: 0.0000004 seconds
[71.027s][info][gc       ] [SPS 0.000 0.001 0.005 0.006 0.000 0.001 0.000 0.101 0.017 0.126 NewGC_pause1 71.024997 ]
[71.615s][info][safepoint] Application time: 0.5895848 seconds
[71.615s][info][safepoint] Total time for which application threads were stopped: 0.0000596 seconds, Stopping threads took: 0.0000004 seconds
[71.616s][info][gc       ] [SPS 0.000 0.001 0.000 0.006 0.000 0.001 0.000 0.037 0.014 0.059 NewGC_pause2 71.614642 ]
[71.616s][info][safepoint] Application time: 0.0017811 seconds
[71.617s][info][safepoint] Total time for which application threads were stopped: 0.0000741 seconds, Stopping threads took: 0.0000005 seconds
[71.617s][info][gc       ] [SPS 0.000 0.000 0.000 0.015 0.000 0.001 0.000 0.055 0.003 0.074 NewGC_pause3 71.616497 ]
[71.619s][info][safepoint] Application time: 0.0021212 seconds
[71.619s][info][safepoint] Total time for which application threads were stopped: 0.0000879 seconds, Stopping threads took: 0.0000005 seconds
[71.619s][info][gc       ] [SPS 0.000 0.413 0.002 0.006 0.000 0.001 0.000 0.065 0.015 0.088 NewGC_pause4 71.618706 ]
[71.619s][info][gc       ] [GC NTO Max 189-173 : 6356 6160 4274 6356 - - 986 20 2 2 - : 2156 1796 30 292 4042 : 2045 7 1990 1990 0 : 0 2 139 0 1023 - 55 : 0.001657 3620.9 0.0 0.600171 499.9 0.0 : 3 --c 0000 : 23 7649 0.000 0.001 0 0.000 0.000 7649 0.000 0.001 : 71.018933 71.024871 0.000103 71.614582 0.000041 71.616423 0.000067 71.618618 0.000068 : 71.619104 ]
[71.619s][info][gc       ] [SYSINFO 8432 195 63 0 7885 0 16 0 0 6942 : - - - - - - - - : 0 7168 : 3.16 2.75 1.97 : 271935 4216580 : 0 0 : 21 0 : 2445 2 0 267 : - 8538775552 583921664 1066418176 7200940032 203833344 66772992 : 139899904 24512380 497050 0 0 0 : 71.619375 ]
[71.619s][info][gc       ] [HUGEPAGESTAT 0 0 0 - 83087 0 0 : 333824 0 0 : 71.619375 ]
[71.619s][info][gc       ] [OBJCREAT 213350278 25285 10080256 : 71.619423 ]
[71.619s][info][gc       ] [HMSV All : 0 0 70 0 0 0 0 0 : 6158 0 0 0 : 71.619438 ]
[71.619s][info][gc       ] [HMSP 60 : 51112 0 : 71.619438 ]
[71.620s][info][gc       ] [VMAC 65530 170 24 492 686 : 71.619880 ]
[71.620s][info][gc       ] [GPGC-H  3609.7 565.2 1.7 0.0 : 197.2 : 0.000 0.000 : 0.000 0.000 0.750 1.343 : 0.000 0.000 0.000 0.000 1.624 0.657 : 0.000 : 99.725 : 2158 1796 30 0 : 2274 : 5720 5428 : 71.620101 : 8 May_exceed_heap_occupancy_target ]
[71.621s][info][safepoint] Application time: 0.0016115 seconds
[71.621s][info][safepoint] Total time for which application threads were stopped: 0.0005150 seconds, Stopping threads took: 0.0000005 seconds
[71.621s][info][gc       ] [SPS 0.000 0.000 0.000 0.006 0.000 0.001 0.000 0.493 0.014 0.515 OldGC_pause2 71.620833 ]
[71.624s][info][safepoint] Application time: 0.0027934 seconds
[71.624s][info][safepoint] Total time for which application threads were stopped: 0.0000533 seconds, Stopping threads took: 0.0000004 seconds
[71.624s][info][gc       ] [SPS 0.000 0.000 0.000 0.006 0.000 0.001 0.000 0.034 0.012 0.053 OldGC_pause3 71.623679 ]
[71.629s][info][safepoint] Application time: 0.0049932 seconds
[71.629s][info][safepoint] Total time for which application threads were stopped: 0.0001614 seconds, Stopping threads took: 0.0000004 seconds
[71.629s][info][gc       ] [SPS 0.000 2.166 0.002 0.006 0.000 0.001 0.000 0.130 0.025 0.161 NewGC_pause1 71.628834 ]
[72.281s][info][safepoint] Application time: 0.6518790 seconds
[72.281s][info][safepoint] Total time for which application threads were stopped: 0.0001365 seconds, Stopping threads took: 0.0000004 seconds
[72.282s][info][gc       ] [SPS 0.000 0.001 0.000 0.005 0.000 0.001 0.000 0.111 0.019 0.137 NewGC_pause2 72.280850 ]
[72.282s][info][safepoint] Application time: 0.0012454 seconds
[72.282s][info][safepoint] Total time for which application threads were stopped: 0.0000501 seconds, Stopping threads took: 0.0000004 seconds
[72.283s][info][gc       ] [SPS 0.000 0.000 0.000 0.005 0.000 0.001 0.000 0.032 0.012 0.050 NewGC_pause3 72.282145 ]
[72.297s][info][safepoint] Application time: 0.0152259 seconds
[72.298s][info][safepoint] Total time for which application threads were stopped: 0.0000632 seconds, Stopping threads took: 0.0000004 seconds
[72.298s][info][gc       ] [SPS 0.000 0.004 0.003 0.006 0.000 0.001 0.000 0.043 0.013 0.063 NewGC_pause4 72.297434 ]
[72.436s][info][gc       ] [GC New Max 191-174 : 6356 5964 5890 6356 - - 986 20 2 2 - : 3600 1968 30 292 3846 : 3429 6 411 411 45 : 86 212 831 0 1745 - 55 : 0.005241 2671.4 0.0 0.811439 2408.1 0.0 : 3 --c 0000 : 23 5805 0.000 0.000 0 0.000 0.000 5805 0.000 0.000 : 71.624345 71.628673 0.000133 72.280713 0.000041 72.282095 0.000035 72.297371 0.000046 : 72.435784 ]
[72.436s][info][gc       ] [SYSINFO 8432 195 63 0 7885 0 16 0 0 6942 : - - - - - - - - : 0 7168 : 3.22 2.77 1.98 : 271935 4216580 : 0 0 : 21 0 : 2445 2 0 267 : - 8538775552 583921664 1066418176 7200940032 203833344 66772992 : 139899904 24515560 497120 0 0 0 : 72.436064 ]
[72.436s][info][gc       ] [HUGEPAGESTAT 0 0 0 - 83087 0 0 : 333824 0 0 : 72.436064 ]
[72.436s][info][gc       ] [OBJCREAT 215310430 25285 10215424 : 72.436113 ]
[72.436s][info][gc       ] [HMSV All : 0 0 70 0 0 0 0 0 : 6158 0 0 0 : 72.436128 ]
[72.436s][info][gc       ] [HMSP 60 : 51112 0 : 72.436128 ]
[72.437s][info][gc       ] [VMAC 65530 170 24 492 686 : 72.436585 ]
[72.437s][info][gc       ] [GPGC-H  3609.4 506.5 1.5 0.0 : 174.7 : 0.000 0.000 : 0.000 0.000 0.788 1.343 : 0.000 0.000 0.000 0.000 1.624 0.657 : 0.000 : 99.847 : 3604 1968 30 0 : 2274 : 5720 5428 : 72.436870 : 3 Heap_use_exceeded_committed ]
[72.438s][info][safepoint] Application time: 0.1404183 seconds
[72.438s][info][safepoint] Total time for which application threads were stopped: 0.0000904 seconds, Stopping threads took: 0.0000005 seconds
[72.438s][info][gc       ] [SPS 0.000 0.002 0.004 0.006 0.000 0.001 0.000 0.068 0.015 0.090 OldGC_pause4 72.437943 ]
[72.438s][info][gc       ] [GC Old Max 190-17 : 6356 6160 4106 6356 - - 986 20 2 2 - : 3608 180 26 292 2000 : 198 11 1789 1789 0 : 0 3 86 0 103 - 0 : 7.230097 10.0 0.0 1.417503 93.1 0.0 : 1 --c 0000 : 23   -    -    -    -    -    -    -    -    -  : 71.020740 71.024871 0.000103 71.620318 0.000497 71.623626 0.000037 72.437853 0.000056 : 72.438243 ]
[72.438s][info][gc       ] [SYSINFO 8432 195 63 0 7885 0 16 0 0 6942 : - - - - - - - - : 0 7168 : 3.22 2.77 1.98 : 271935 4216580 : 0 0 : 21 0 : 2445 2 0 267 : - 8538775552 583921664 1066418176 7200940032 203833344 66772992 : 139899904 24515560 497120 0 0 0 : 72.438435 ]
[72.438s][info][gc       ] [HUGEPAGESTAT 0 0 0 - 83087 0 0 : 333824 0 0 : 72.438435 ]
[72.438s][info][gc       ] [OBJCREAT 215316379 25285 10215424 : 72.438475 ]
[72.438s][info][gc       ] [HMSV All : 0 0 70 0 0 0 0 0 : 6158 0 0 0 : 72.438490 ]
[72.438s][info][gc       ] [HMSP 60 : 51112 0 : 72.438490 ]
[72.438s][info][gc       ] [COMPSTATS 1 : 5 0 : 1 0 : 0 0 : 517 5 0 0 0 0 : 0 0 0 0 0 0 : 132 134 15 : 522 0 0 0 0 0 0 : 522 0 0 0 0 0 0 ]
[72.438s][info][gc       ] [COMPSTATS 2 : 5 0 : 1 0 : 0 0 : 129 11 0 0 0 0 : 0 0 0 0 0 0 : 48891 48995 9410 : 69 45 26 0 0 0 0 : 32 86 17 4 1 0 0 ]
[72.439s][info][gc       ] [DEOPTSTATS 1 : 1 0 : 0 0 : 0 0 : 0 0 : 0 12 : 0 0 : 0 0 : 0 0 : 0 0 : 0 0 : 0 0 : 0 0 : 0 0 : 0 0 : 0 0 : 0 0 : 0 0 : 0 0 : 0 0 : 0 0 : 0 0 : 0 0 : 0 0 : 0 0 : 0 0 : 0 0 : 0 0 : 0 0 : 0 0 : 0 0 : 6 0 : 0 0 : 0 0 : 0 0 : 0 0 : 0 0 : 0 0 : 0 0 : 0 0 : 0 0 : 0 0 : 0 0 ]
[72.439s][info][gc       ] [DEOPTSTATS 2 : 0 0 : 0 0 : 0 0 : 0 0 : 0 0 : 0 0 : 0 11 : 0 0 : 0 0 : 0 0 : 0 0 : 0 0 : 0 0 : 0 0 : 0 0 : 0 0 : 0 0 : 0 0 : 0 0 : 0 0 : 0 0 : 0 0 : 0 0 : 0 0 : 0 0 : 0 0 : 0 0 : 0 0 : 0 0 : 0 0 : 5 0 : 0 0 : 0 0 : 0 0 : 0 1 : 0 0 : 0 0 : 0 0 : 0 0 : 0 3 : 0 0 : 0 0 ]
[72.439s][info][gc       ] [VMAC 65530 170 24 492 686 : 72.438917 ]
[72.439s][info][gc       ] [CCF 0 0 0 0 32 181248: 3071488 : 380 196608 : 3 49152 : 317 311808 :  510 633856 : 120 416256 : 0 0 : 15 1228800 : 1 2048]
[72.445s][info][safepoint] Application time: 0.0066249 seconds
[72.445s][info][safepoint] Total time for which application threads were stopped: 0.0001240 seconds, Stopping threads took: 0.0000030 seconds
[72.445s][info][gc       ] [SPS 0.000 0.002 0.002 0.008 0.003 0.001 0.000 0.099 0.013 0.124 NewGC_pause1 72.444692 ]
[73.007s][info][safepoint] Application time: 0.5623512 seconds
[73.008s][info][safepoint] Total time for which application threads were stopped: 0.0002363 seconds, Stopping threads took: 0.0000004 seconds
[73.008s][info][gc       ] [SPSH lock suspend gclocker notify wait resuspend cleanup op_time wakeup total(ms) op_name end(s) ]
[73.008s][info][gc       ] [SPS 0.000 0.001 0.000 0.007 0.000 0.001 0.000 0.196 0.032 0.236 NewGC_pause2 73.007280 ]
[73.010s][info][safepoint] Application time: 0.0022670 seconds
[73.010s][info][safepoint] Total time for which application threads were stopped: 0.0001603 seconds, Stopping threads took: 0.0000004 seconds
[73.010s][info][gc       ] [SPS 0.000 0.000 0.000 0.006 0.000 0.001 0.000 0.130 0.023 0.161 NewGC_pause3 73.009708 ]
[73.025s][info][safepoint] Application time: 0.0155369 seconds
[73.025s][info][safepoint] Total time for which application threads were stopped: 0.0000739 seconds, Stopping threads took: 0.0000004 seconds
[73.026s][info][gc       ] [SPS 0.000 0.003 0.004 0.006 0.000 0.001 0.000 0.052 0.014 0.074 NewGC_pause4 73.025318 ]
[73.404s][info][gc       ] [GC New Max 192-175 : 6356 5896 5178 6356 - - 986 20 2 2 - : 3954 904 26 292 5274 : 3262 5 2009 2009 18 : 362 0 826 0 1978 - 0 : 0.005356 3360.6 0.0 0.962619 3160.1 0.0 : 3 --c 0000 : 23 1 0.000 0.000 0 0.000 0.000 1 0.000 0.000 : 72.441140 72.444568 0.000107 73.007044 0.000130 73.009547 0.000045 73.025244 0.000056 : 73.403759 ]
[73.404s][info][gc       ] [SYSINFO 8432 195 63 0 7885 0 16 0 0 6942 : - - - - - - - - : 0 7168 : 3.22 2.77 1.98 : 271935 4216580 : 0 0 : 21 0 : 2445 2 0 267 : - 8538775552 583921664 1066418176 7200940032 203833344 66772992 : 139899904 24519060 497180 0 0 0 : 73.404015 ]
[73.404s][info][gc       ] [HUGEPAGESTAT 0 0 0 - 83087 0 0 : 333824 0 0 : 73.404015 ]
[73.404s][info][gc       ] [OBJCREAT 218344373 25285 10889216 : 73.404076 ]
[73.404s][info][gc       ] [HMSV All : 0 0 70 0 0 0 0 0 : 6158 0 0 0 : 73.404093 ]
[73.404s][info][gc       ] [HMSP 60 : 51112 0 : 73.404093 ]
[73.405s][info][gc       ] [GPGC-H  3609.4 506.5 1.5 0.0 : 174.7 : 0.000 0.000 : 0.000 0.000 0.786 1.417 : 0.000 0.000 0.000 0.000 1.792 0.657 : 0.000 : 99.859 : 3960 904 26 0 : 2274 : 5720 5428 : 73.405271 : 8 May_exceed_heap_occupancy_target ]
[73.405s][info][gc       ] [VMAC 65530 170 24 492 686 : 73.404732 ]
[73.411s][info][safepoint] Application time: 0.3857423 seconds
[73.411s][info][safepoint] Total time for which application threads were stopped: 0.0001844 seconds, Stopping threads took: 0.0000004 seconds
[73.412s][info][gc       ] [SPS 0.000 0.001 0.008 0.006 0.000 0.001 0.000 0.157 0.020 0.184 NewGC_pause1 73.411245 ]
[73.777s][info][safepoint] Application time: 0.3654282 seconds
[73.777s][info][safepoint] Total time for which application threads were stopped: 0.0000654 seconds, Stopping threads took: 0.0000004 seconds
[73.777s][info][gc       ] [SPS 0.000 0.001 0.000 0.007 0.000 0.001 0.000 0.042 0.014 0.065 NewGC_pause2 73.776739 ]
[73.778s][info][safepoint] Application time: 0.0012516 seconds
[73.778s][info][safepoint] Total time for which application threads were stopped: 0.0000490 seconds, Stopping threads took: 0.0000004 seconds
[73.778s][info][gc       ] [SPS 0.000 0.000 0.000 0.007 0.000 0.001 0.000 0.037 0.003 0.049 NewGC_pause3 73.778039 ]
[73.796s][info][safepoint] Application time: 0.0175431 seconds
[73.796s][info][safepoint] Total time for which application threads were stopped: 0.0001927 seconds, Stopping threads took: 0.0000005 seconds
[73.796s][info][gc       ] [SPS 0.000 0.073 0.008 0.007 0.000 0.001 0.000 0.140 0.044 0.193 NewGC_pause4 73.795776 ]
[74.043s][info][gc       ] [GC NTO Max 193-176 : 6356 5950 3800 6356 - - 986 20 2 2 - : 1952 1530 26 292 4728 : 1649 6 3076 3076 6 : 313 0 375 0 976 - 0 : 0.001894 4222.8 0.0 0.637065 2640.2 0.0 : 3 --c 0000 : 23 3289 0.000 0.000 0 0.000 0.000 3289 0.000 0.000 : 73.405653 73.411061 0.000161 73.776674 0.000045 73.777991 0.000041 73.795583 0.000105 : 74.042719 ]
[74.043s][info][gc       ] [SYSINFO 8432 195 63 0 7885 0 16 0 0 6942 : - - - - - - - - : 0 7168 : 3.22 2.77 1.98 : 271935 4216596 : 0 0 : 21 0 : 2445 3 0 267 : - 8538775552 583921664 1066418176 7200940032 203833344 66772992 : 139899904 24522040 497230 0 0 0 : 74.042990 ]
[74.043s][info][gc       ] [HUGEPAGESTAT 0 0 0 - 83087 0 0 : 333824 0 0 : 74.042990 ]
[74.043s][info][gc       ] [OBJCREAT 220020567 25285 11530240 : 74.043044 ]
[74.043s][info][gc       ] [HMSV All : 0 0 70 0 0 0 0 0 : 6158 0 0 0 : 74.043063 ]
[74.043s][info][gc       ] [HMSP 60 : 51112 0 : 74.043063 ]
[74.044s][info][safepoint] Application time: 0.2472382 seconds
[74.044s][info][safepoint] Total time for which application threads were stopped: 0.0006317 seconds, Stopping threads took: 0.0000004 seconds
[74.044s][info][gc       ] [GPGC-H  3593.2 506.5 1.5 0.0 : 174.7 : 0.000 0.000 : 0.000 0.000 0.778 1.417 : 0.000 0.000 0.000 0.000 1.792 0.657 : 0.000 : 99.855 : 1954 1530 26 0 : 2274 : 5720 5428 : 74.043968 : 8 May_exceed_heap_occupancy_target ]
[74.044s][info][gc       ] [VMAC 65530 170 24 492 686 : 74.043692 ]
[74.044s][info][gc       ] [SPS 0.000 0.001 0.000 0.007 0.000 0.001 0.000 0.599 0.025 0.632 OldGC_pause2 74.043646 ]
[74.046s][info][safepoint] Application time: 0.0021230 seconds
[74.046s][info][safepoint] Total time for which application threads were stopped: 0.0001733 seconds, Stopping threads took: 0.0000004 seconds
[74.046s][info][gc       ] [SPS 0.000 0.000 0.000 0.006 0.000 0.001 0.000 0.134 0.047 0.189 OldGC_pause3 74.045957 ]
[74.051s][info][safepoint] Application time: 0.0050275 seconds
[74.051s][info][safepoint] Total time for which application threads were stopped: 0.0001387 seconds, Stopping threads took: 0.0000004 seconds
[74.051s][info][gc       ] [SPS 0.000 0.369 0.002 0.006 0.000 0.001 0.000 0.119 0.013 0.139 NewGC_pause1 74.051108 ]
[74.327s][info][safepoint] Application time: 0.2756727 seconds
[74.327s][info][safepoint] Total time for which application threads were stopped: 0.0001849 seconds, Stopping threads took: 0.0000004 seconds
[74.328s][info][gc       ] [SPS 0.000 0.001 0.000 0.006 0.000 0.001 0.000 0.156 0.021 0.185 NewGC_pause2 74.326966 ]
[74.328s][info][safepoint] Application time: 0.0014187 seconds
[74.329s][info][safepoint] Total time for which application threads were stopped: 0.0001024 seconds, Stopping threads took: 0.0000004 seconds
[74.329s][info][gc       ] [SPS 0.000 0.000 0.000 0.019 0.000 0.001 0.000 0.059 0.022 0.103 NewGC_pause3 74.328488 ]
[74.343s][info][safepoint] Application time: 0.0147180 seconds
[74.344s][info][safepoint] Total time for which application threads were stopped: 0.0000845 seconds, Stopping threads took: 0.0000005 seconds
[74.344s][info][gc       ] [SPS 0.000 0.004 0.009 0.007 0.000 0.001 0.000 0.054 0.022 0.085 NewGC_pause4 74.343290 ]
[74.470s][info][gc       ] [GC New Max 195-177 : 6356 4882 3706 6356 - - 986 20 2 2 - : 1608 1780 26 292 3034 : 1335 4 1699 1699 0 : 125 0 529 0 804 - 0 : 0.005752 3129.5 0.0 0.420960 3758.1 0.0 : 3 --c 0000 : 23 0 0.000 0.000 0 0.000 0.000 0 0.000 0.000 : 74.048470 74.050970 0.000121 74.326781 0.000114 74.328385 0.000073 74.343206 0.000054 : 74.469431 ]
[74.470s][info][gc       ] [SYSINFO 8432 195 63 0 7885 0 16 0 0 6942 : - - - - - - - - : 0 7168 : 3.22 2.77 1.98 : 271935 4216596 : 0 0 : 21 0 : 2445 3 0 267 : - 8538775552 583921664 1066418176 7200940032 203833344 66772992 : 139899904 24523700 497280 0 0 0 : 74.469714 ]
[74.470s][info][gc       ] [HUGEPAGESTAT 0 0 0 - 83087 0 0 : 333824 0 0 : 74.469714 ]
[74.470s][info][gc       ] [OBJCREAT 221606234 25285 11735040 : 74.469770 ]
[74.470s][info][gc       ] [HMSV All : 0 0 70 0 0 0 0 0 : 6158 0 0 0 : 74.469785 ]
[74.470s][info][gc       ] [HMSP 60 : 51112 0 : 74.469785 ]
[74.470s][info][gc       ] [VMAC 65530 170 24 492 686 : 74.470264 ]
[74.473s][info][safepoint] Application time: 0.1296692 seconds
[74.473s][info][safepoint] Total time for which application threads were stopped: 0.0001114 seconds, Stopping threads took: 0.0000005 seconds
[74.474s][info][gc       ] [SPS 0.000 0.002 0.003 0.007 0.000 0.001 0.000 0.088 0.015 0.111 OldGC_pause4 74.473071 ]
[74.479s][info][gc       ] [GC Old Max 194-18 : 6356 5950 3722 6356 - - 986 20 2 2 - : 1638 1766 26 292 1812 : 1783 14 2 2 0 : 0 6 438 2 841 - 55 : 0.969096 679.0 0.0 1.071342 771.0 0.0 : 1 --c 0000 : 23   -    -    -    -    -    -    -    -    -  : 73.407340 73.411061 0.000161 74.043014 0.000602 74.045769 0.000048 74.472960 0.000092 : 74.478682 ]
[74.479s][info][gc       ] [SYSINFO 8432 195 63 0 7885 0 16 0 0 6942 : - - - - - - - - : 0 7168 : 3.22 2.77 1.98 : 271935 4216596 : 0 0 : 21 0 : 2445 2 0 267 : - 8538775552 583921664 1066418176 7200940032 203833344 66772992 : 139899904 24523700 497280 0 0 0 : 74.478880 ]
[74.479s][info][gc       ] [HUGEPAGESTAT 0 0 0 - 83087 0 0 : 333824 0 0 : 74.478880 ]
[74.479s][info][gc       ] [OBJCREAT 221635967 25285 11735040 : 74.478921 ]
[74.479s][info][gc       ] [HMSV All : 0 0 70 0 0 0 0 0 : 6158 0 0 0 : 74.478940 ]
[74.479s][info][gc       ] [HMSP 60 : 51112 0 : 74.478940 ]
[74.479s][info][gc       ] [COMPSTATS 1 : 5 0 : 1 0 : 0 0 : 517 5 0 0 0 0 : 0 0 0 0 0 0 : 132 134 15 : 522 0 0 0 0 0 0 : 522 0 0 0 0 0 0 ]
[74.479s][info][gc       ] [COMPSTATS 2 : 5 0 : 1 0 : 0 0 : 129 11 0 0 0 0 : 0 0 0 0 0 0 : 48891 48995 9410 : 69 45 26 0 0 0 0 : 32 86 17 4 1 0 0 ]
[74.479s][info][gc       ] [DEOPTSTATS 1 : 1 0 : 0 0 : 0 0 : 0 0 : 0 12 : 0 0 : 0 0 : 0 0 : 0 0 : 0 0 : 0 0 : 0 0 : 0 0 : 0 0 : 0 0 : 0 0 : 0 0 : 0 0 : 0 0 : 0 0 : 0 0 : 0 0 : 0 0 : 0 0 : 0 0 : 0 0 : 0 0 : 0 0 : 0 0 : 0 0 : 6 0 : 0 0 : 0 0 : 0 0 : 0 0 : 0 0 : 0 0 : 0 0 : 0 0 : 0 0 : 0 0 : 0 0 ]
[74.479s][info][gc       ] [DEOPTSTATS 2 : 0 0 : 0 0 : 0 0 : 0 0 : 0 0 : 0 0 : 0 11 : 0 0 : 0 0 : 0 0 : 0 0 : 0 0 : 0 0 : 0 0 : 0 0 : 0 0 : 0 0 : 0 0 : 0 0 : 0 0 : 0 0 : 0 0 : 0 0 : 0 0 : 0 0 : 0 0 : 0 0 : 0 0 : 0 0 : 0 0 : 5 0 : 0 0 : 0 0 : 0 0 : 0 1 : 0 0 : 0 0 : 0 0 : 0 0 : 0 3 : 0 0 : 0 0 ]
[74.480s][info][gc       ] [VMAC 65530 170 24 492 686 : 74.479527 ]
[74.480s][info][gc       ] [CCF 0 0 0 0 32 181248: 3071488 : 380 196608 : 3 49152 : 317 311808 :  510 633856 : 120 416256 : 0 0 : 15 1228800 : 1 2048]
[74.591s][info][gc       ] [GPGC-H  3593.2 729.6 1.4 0.0 : 159.1 : 0.000 0.000 : 0.000 0.000 0.769 1.386 : 0.000 0.000 0.000 0.000 1.792 0.556 : 0.000 : 99.850 : 2044 1766 26 0 : 2274 : 5720 5428 : 74.591232 : 9 Next_heuristic_check_may_be_too_late ]
[74.594s][info][safepoint] Application time: 0.1208560 seconds
[74.594s][info][safepoint] Total time for which application threads were stopped: 0.0001947 seconds, Stopping threads took: 0.0000004 seconds
[74.595s][info][gc       ] [SPS 0.000 0.003 0.005 0.006 0.000 0.001 0.000 0.173 0.014 0.195 NewGC_pause1 74.594122 ]
[74.730s][info][safepoint] Application time: 0.1353111 seconds
[74.730s][info][safepoint] Total time for which application threads were stopped: 0.0000714 seconds, Stopping threads took: 0.0000004 seconds
[74.731s][info][gc       ] [SPS 0.000 0.001 0.000 0.006 0.000 0.001 0.000 0.047 0.017 0.071 NewGC_pause2 74.729504 ]
[74.731s][info][safepoint] Application time: 0.0018179 seconds
[74.732s][info][safepoint] Total time for which application threads were stopped: 0.0000542 seconds, Stopping threads took: 0.0000004 seconds
[74.732s][info][gc       ] [SPS 0.000 0.000 0.000 0.006 0.000 0.001 0.000 0.035 0.012 0.054 NewGC_pause3 74.731377 ]
[74.736s][info][safepoint] Application time: 0.0040947 seconds
[74.736s][info][safepoint] Total time for which application threads were stopped: 0.0000799 seconds, Stopping threads took: 0.0000005 seconds
[74.736s][info][gc       ] [SPS 0.000 0.012 0.008 0.006 0.000 0.001 0.000 0.056 0.016 0.080 NewGC_pause4 74.735551 ]
[74.761s][info][gc       ] [GC New Max 196-178 : 6356 4604 2688 6356 - - 986 20 2 2 - : 572 1798 26 292 2520 : 499 4 2018 2018 0 : 16 1 234 0 286 - 0 : 0.122266 3582.4 0.0 0.169073 3406.8 0.0 : 3 --c 0000 : 23 0 0.000 0.000 0 0.000 0.000 0 0.000 0.000 : 74.591696 74.593927 0.000177 74.729433 0.000044 74.731322 0.000038 74.735472 0.000059 : 74.760769 ]
[74.761s][info][gc       ] [SYSINFO 8432 195 63 0 7885 0 16 0 0 6942 : - - - - - - - - : 0 7168 : 3.22 2.77 1.98 : 271935 4216596 : 0 0 : 21 0 : 2445 2 0 267 : - 8538775552 583921664 1066418176 7200940032 203833344 66772992 : 139899904 24524480 497380 0 0 0 : 74.761015 ]
[74.761s][info][gc       ] [HUGEPAGESTAT 0 0 0 - 83087 0 0 : 333824 0 0 : 74.761015 ]
[74.761s][info][gc       ] [OBJCREAT 222608049 25285 11767808 : 74.761062 ]
[74.761s][info][gc       ] [HMSV All : 0 0 70 0 0 0 0 0 : 6158 0 0 0 : 74.761080 ]
[74.761s][info][gc       ] [HMSP 60 : 51112 0 : 74.761080 ]
[74.762s][info][gc       ] [VMAC 65530 170 24 492 686 : 74.761709 ]
[74.963s][info][gc       ] [GPGC-H  3593.2 729.6 1.4 0.0 : 159.1 : 0.000 0.000 : 0.000 0.000 0.760 1.386 : 0.000 0.000 0.000 0.000 1.790 0.556 : 0.000 : 99.290 : 1350 1798 26 0 : 2274 : 5720 5428 : 74.962829 : 9 Next_heuristic_check_may_be_too_late ]
[74.965s][info][safepoint] Application time: 0.2294482 seconds
[74.966s][info][safepoint] Total time for which application threads were stopped: 0.0001854 seconds, Stopping threads took: 0.0000004 seconds
[74.966s][info][gc       ] [SPS 0.000 0.003 0.003 0.006 0.000 0.001 0.000 0.151 0.027 0.185 NewGC_pause1 74.965185 ]
[75.036s][info][safepoint] Application time: 0.0705148 seconds
[75.036s][info][safepoint] Total time for which application threads were stopped: 0.0001638 seconds, Stopping threads took: 0.0000004 seconds
[75.037s][info][gc       ] [SPS 0.000 0.001 0.000 0.006 0.000 0.001 0.000 0.135 0.021 0.164 NewGC_pause2 75.035864 ]
[75.038s][info][safepoint] Application time: 0.0019472 seconds
[75.038s][info][safepoint] Total time for which application threads were stopped: 0.0000645 seconds, Stopping threads took: 0.0000004 seconds
[75.038s][info][gc       ] [SPS 0.000 0.000 0.000 0.006 0.000 0.001 0.000 0.042 0.015 0.065 NewGC_pause3 75.037876 ]
[75.039s][info][safepoint] Application time: 0.0011257 seconds
[75.039s][info][safepoint] Total time for which application threads were stopped: 0.0000618 seconds, Stopping threads took: 0.0000004 seconds
[75.039s][info][gc       ] [SPS 0.000 0.007 0.002 0.006 0.000 0.001 0.000 0.041 0.014 0.062 NewGC_pause4 75.039063 ]
[75.040s][info][gc       ] [GC New Max 197-179 : 6356 3734 2382 6356 - - 986 20 2 2 - : 266 1798 26 292 1618 : 262 4 1356 1356 0 : 0 1 131 0 133 - 0 : 0.202441 3853.0 0.0 0.076062 3549.8 0.0 : 3 --c 0000 : 23 0 0.000 0.000 0 0.000 0.000 0 0.000 0.000 : 74.963210 74.965000 0.000120 75.035700 0.000045 75.037811 0.000045 75.039001 0.000044 : 75.039272 ]
[75.040s][info][gc       ] [SYSINFO 8432 195 63 0 7885 0 16 0 0 6942 : - - - - - - - - : 0 7168 : 3.22 2.77 1.98 : 271935 4216596 : 0 0 : 21 0 : 2445 2 0 267 : - 8538775552 583921664 1066418176 7200940032 203833344 66772992 : 139899904 24524980 497430 0 0 0 : 75.039547 ]
[75.040s][info][gc       ] [HUGEPAGESTAT 0 0 0 - 83087 0 0 : 333824 0 0 : 75.039547 ]
[75.040s][info][gc       ] [OBJCREAT 223646923 25285 11767808 : 75.039590 ]
[75.040s][info][gc       ] [HMSV All : 0 0 70 0 0 0 0 0 : 6158 0 0 0 : 75.039604 ]
[75.040s][info][gc       ] [HMSP 60 : 51112 0 : 75.039604 ]
[75.040s][info][gc       ] [VMAC 65530 170 24 492 686 : 75.040033 ]
[75.261s][info][gc       ] [GPGC-H  3593.2 729.6 1.4 0.0 : 159.1 : 0.000 0.000 : 0.000 0.000 0.751 1.386 : 0.000 0.000 0.000 0.000 1.782 0.556 : 0.000 : 98.370 : 1132 1798 26 0 : 2274 : 5720 5428 : 75.261164 : 9 Next_heuristic_check_may_be_too_late ]
[75.264s][info][safepoint] Application time: 0.2245449 seconds
[75.264s][info][safepoint] Total time for which application threads were stopped: 0.0002569 seconds, Stopping threads took: 0.0000004 seconds
[75.265s][info][gc       ] [SPS 0.000 0.003 0.004 0.006 0.000 0.001 0.000 0.210 0.040 0.257 NewGC_pause1 75.263865 ]
[75.322s][info][safepoint] Application time: 0.0583040 seconds
[75.323s][info][safepoint] Total time for which application threads were stopped: 0.0001321 seconds, Stopping threads took: 0.0000004 seconds
[75.323s][info][gc       ] [SPS 0.000 0.001 0.000 0.006 0.000 0.001 0.000 0.106 0.019 0.132 NewGC_pause2 75.322302 ]
[75.324s][info][safepoint] Application time: 0.0014570 seconds
[75.324s][info][safepoint] Total time for which application threads were stopped: 0.0001434 seconds, Stopping threads took: 0.0000004 seconds
[75.324s][info][gc       ] [SPS 0.000 0.000 0.000 0.006 0.000 0.001 0.000 0.117 0.019 0.144 NewGC_pause3 75.323902 ]
[75.325s][info][safepoint] Application time: 0.0009979 seconds
[75.325s][info][safepoint] Total time for which application threads were stopped: 0.0000664 seconds, Stopping threads took: 0.0000004 seconds
[75.325s][info][gc       ] [SPS 0.000 0.002 0.002 0.006 0.000 0.001 0.000 0.039 0.020 0.066 NewGC_pause4 75.324966 ]
[75.326s][info][gc       ] [GC New Max 198-180 : 6356 3472 2336 6356 - - 986 20 2 2 - : 220 1798 26 292 1356 : 218 4 1139 1139 0 : 0 1 109 0 110 - 0 : 0.222326 3904.2 0.0 0.063666 3518.4 0.0 : 3 --c 0000 : 23 0 0.000 0.000 0 0.000 0.000 0 0.000 0.000 : 75.261598 75.263608 0.000179 75.322169 0.000042 75.323758 0.000041 75.324900 0.000042 : 75.325264 ]
[75.326s][info][gc       ] [SYSINFO 8432 195 63 0 7885 0 16 0 0 6942 : - - - - - - - - : 0 7168 : 3.22 2.77 1.98 : 271935 4216596 : 0 0 : 21 0 : 2445 2 0 267 : - 8538775552 583921664 1066418176 7200940032 203833344 66772992 : 139899904 24525440 497510 0 0 0 : 75.325483 ]
[75.326s][info][gc       ] [HUGEPAGESTAT 0 0 0 - 83087 0 0 : 333824 0 0 : 75.325483 ]
[75.326s][info][gc       ] [OBJCREAT 224731071 25285 11767808 : 75.325524 ]
[75.326s][info][gc       ] [HMSV All : 0 0 70 0 0 0 0 0 : 6158 0 0 0 : 75.325539 ]
[75.326s][info][gc       ] [HMSP 60 : 51112 0 : 75.325539 ]
[75.326s][info][gc       ] [VMAC 65530 170 24 492 686 : 75.325965 ]
[75.547s][info][gc       ] [GPGC-H  3593.2 729.6 1.4 0.0 : 159.1 : 0.000 0.000 : 0.000 0.000 0.742 1.386 : 0.000 0.000 0.000 0.000 1.768 0.556 : 0.000 : 97.371 : 1088 1798 26 0 : 2274 : 5720 5428 : 75.547256 : 9 Next_heuristic_check_may_be_too_late ]
[75.550s][info][safepoint] Application time: 0.2242860 seconds
[75.550s][info][safepoint] Total time for which application threads were stopped: 0.0004498 seconds, Stopping threads took: 0.0000005 seconds
[75.551s][info][gc       ] [SPS 0.000 0.004 0.007 0.096 0.001 0.001 0.015 0.271 0.066 0.450 NewGC_pause1 75.549703 ]
[75.609s][info][safepoint] Application time: 0.0587646 seconds
[75.609s][info][safepoint] Total time for which application threads were stopped: 0.0001663 seconds, Stopping threads took: 0.0000016 seconds
[75.610s][info][gc       ] [SPS 0.000 0.001 0.000 0.006 0.002 0.001 0.000 0.137 0.020 0.166 NewGC_pause2 75.608634 ]
[75.610s][info][safepoint] Application time: 0.0017130 seconds
[75.611s][info][safepoint] Total time for which application threads were stopped: 0.0000709 seconds, Stopping threads took: 0.0000004 seconds
[75.611s][info][gc       ] [SPS 0.000 0.000 0.000 0.006 0.000 0.001 0.000 0.046 0.018 0.071 NewGC_pause3 75.610418 ]
[75.612s][info][safepoint] Application time: 0.0010470 seconds
[75.612s][info][safepoint] Total time for which application threads were stopped: 0.0000652 seconds, Stopping threads took: 0.0000004 seconds
[75.612s][info][gc       ] [SPS 0.000 0.003 0.002 0.006 0.000 0.001 0.000 0.044 0.014 0.065 NewGC_pause4 75.611530 ]
[75.612s][info][gc       ] [GC New Max 199-181 : 6356 3432 2342 6356 - - 986 20 2 2 - : 226 1798 26 292 1316 : 222 4 1092 1092 0 : 0 1 111 0 113 - 0 : 0.222498 3901.2 0.0 0.063979 3594.9 0.0 : 3 --c 0000 : 23 0 0.000 0.000 0 0.000 0.000 0 0.000 0.000 : 75.547762 75.549253 0.000317 75.608467 0.000100 75.610347 0.000043 75.611465 0.000047 : 75.611741 ]
[75.612s][info][gc       ] [SYSINFO 8432 195 63 0 7885 0 16 0 0 6942 : - - - - - - - - : 0 7168 : 3.22 2.77 1.98 : 271935 4216596 : 0 0 : 21 0 : 2445 2 0 267 : - 8538775552 583921664 1066418176 7200940032 203833344 66772992 : 139899904 24525870 497610 0 0 0 : 75.611964 ]
[75.612s][info][gc       ] [HUGEPAGESTAT 0 0 0 - 83087 0 0 : 333824 0 0 : 75.611964 ]
[75.612s][info][gc       ] [OBJCREAT 225818073 25285 11767808 : 75.612004 ]
[75.612s][info][gc       ] [HMSV All : 0 0 70 0 0 0 0 0 : 6158 0 0 0 : 75.612020 ]
[75.612s][info][gc       ] [HMSP 60 : 51112 0 : 75.612020 ]
[75.612s][info][gc       ] [VMAC 65530 170 24 492 686 : 75.612450 ]
[75.854s][info][gc       ] [GPGC-H  3591.1 729.6 1.4 0.0 : 159.1 : 0.000 0.000 : 0.000 0.000 0.733 1.386 : 0.000 0.000 0.000 0.000 1.750 0.556 : 0.000 : 96.384 : 1140 1798 26 0 : 2274 : 5720 5428 : 75.854377 : 9 Next_heuristic_check_may_be_too_late ]
[75.857s][info][safepoint] Application time: 0.2449727 seconds
[75.857s][info][safepoint] Total time for which application threads were stopped: 0.0002590 seconds, Stopping threads took: 0.0000004 seconds
[75.858s][info][gc       ] [SPS 0.000 0.003 0.002 0.006 0.000 0.001 0.000 0.233 0.019 0.259 NewGC_pause1 75.856762 ]
[75.916s][info][safepoint] Application time: 0.0588446 seconds
[75.916s][info][safepoint] Total time for which application threads were stopped: 0.0001479 seconds, Stopping threads took: 0.0000004 seconds
[75.917s][info][gc       ] [SPS 0.000 0.001 0.000 0.006 0.000 0.001 0.000 0.112 0.029 0.148 NewGC_pause2 75.915754 ]
[75.918s][info][safepoint] Application time: 0.0018734 seconds
[75.918s][info][safepoint] Total time for which application threads were stopped: 0.0001371 seconds, Stopping threads took: 0.0000004 seconds
[75.918s][info][gc       ] [SPS 0.000 0.000 0.000 0.006 0.000 0.001 0.000 0.118 0.012 0.137 NewGC_pause3 75.917765 ]
[75.919s][info][safepoint] Application time: 0.0012082 seconds
[75.919s][info][safepoint] Total time for which application threads were stopped: 0.0000661 seconds, Stopping threads took: 0.0000004 seconds
[75.919s][info][gc       ] [SPS 0.000 0.002 0.002 0.006 0.000 0.001 0.000 0.045 0.014 0.066 NewGC_pause4 75.919039 ]
[75.919s][info][gc       ] [GC New Max 200-182 : 6356 3494 2350 6356 - - 986 20 2 2 - : 234 1798 26 292 1378 : 232 4 1146 1146 0 : 0 1 116 0 117 - 0 : 0.243083 3768.3 0.0 0.064411 3695.0 0.0 : 3 --c 0000 : 23 0 0.000 0.000 0 0.000 0.000 0 0.000 0.000 : 75.854824 75.856503 0.000193 75.915607 0.000063 75.917628 0.000122 75.918973 0.000047 : 75.919235 ]
[75.920s][info][gc       ] [SYSINFO 8432 195 63 0 7885 0 16 0 0 6942 : - - - - - - - - : 0 7168 : 3.22 2.77 1.98 : 271935 4216596 : 0 0 : 21 0 : 2445 3 0 267 : - 8538775552 583921664 1066418176 7200940032 203833344 66772992 : 139899904 24526370 497690 0 0 0 : 75.919470 ]
[75.920s][info][gc       ] [HUGEPAGESTAT 0 0 0 - 83087 0 0 : 333824 0 0 : 75.919470 ]
[75.920s][info][gc       ] [OBJCREAT 226960630 25285 11767808 : 75.919513 ]
[75.920s][info][gc       ] [HMSV All : 0 0 70 0 0 0 0 0 : 6158 0 0 0 : 75.919526 ]
[75.920s][info][gc       ] [HMSP 60 : 51112 0 : 75.919526 ]
[75.920s][info][gc       ] [VMAC 65530 170 24 492 686 : 75.919936 ]
[76.142s][info][gc       ] [GPGC-H  3591.1 729.6 1.4 0.0 : 159.1 : 0.000 0.000 : 0.000 0.000 0.724 1.386 : 0.000 0.000 0.000 0.000 1.729 0.556 : 0.000 : 95.320 : 1116 1798 26 0 : 2274 : 5720 5428 : 76.141626 : 9 Next_heuristic_check_may_be_too_late ]
[76.144s][info][safepoint] Application time: 0.2249215 seconds
[76.145s][info][safepoint] Total time for which application threads were stopped: 0.0002813 seconds, Stopping threads took: 0.0000004 seconds
[76.145s][info][gc       ] [SPS 0.000 0.003 0.003 0.006 0.000 0.001 0.000 0.240 0.034 0.281 NewGC_pause1 76.144242 ]
[76.204s][info][safepoint] Application time: 0.0598575 seconds
[76.205s][info][safepoint] Total time for which application threads were stopped: 0.0001284 seconds, Stopping threads took: 0.0000004 seconds
[76.205s][info][gc       ] [SPS 0.000 0.001 0.000 0.006 0.000 0.001 0.000 0.102 0.019 0.129 NewGC_pause2 76.204229 ]
[76.206s][info][safepoint] Application time: 0.0013149 seconds
[76.206s][info][safepoint] Total time for which application threads were stopped: 0.0001170 seconds, Stopping threads took: 0.0000004 seconds
[76.206s][info][gc       ] [SPS 0.000 0.000 0.000 0.006 0.000 0.001 0.000 0.097 0.013 0.117 NewGC_pause3 76.205660 ]
[76.207s][info][safepoint] Application time: 0.0012113 seconds
[76.207s][info][safepoint] Total time for which application threads were stopped: 0.0001294 seconds, Stopping threads took: 0.0000004 seconds
[76.207s][info][gc       ] [SPS 0.000 0.002 0.002 0.006 0.000 0.001 0.000 0.109 0.013 0.129 NewGC_pause4 76.207001 ]
[76.208s][info][gc       ] [GC New Max 201-183 : 6356 3472 2356 6356 - - 986 20 2 2 - : 240 1798 26 292 1356 : 236 4 1121 1121 0 : 0 1 118 0 120 - 0 : 0.222864 3966.5 0.0 0.065221 3710.4 0.0 : 3 --c 0000 : 23 0 0.000 0.000 0 0.000 0.000 0 0.000 0.000 : 76.142100 76.143961 0.000208 76.204100 0.000068 76.205543 0.000101 76.206872 0.000113 : 76.207321 ]
[76.208s][info][gc       ] [SYSINFO 8432 195 63 0 7885 0 16 0 0 6942 : - - - - - - - - : 0 7168 : 3.22 2.77 1.98 : 271935 4216596 : 0 0 : 21 0 : 2445 2 0 267 : - 8538775552 583921664 1066418176 7200940032 203833344 66772992 : 139899904 24526830 497770 0 0 0 : 76.207564 ]
[76.208s][info][gc       ] [HUGEPAGESTAT 0 0 0 - 83087 0 0 : 333824 0 0 : 76.207564 ]
[76.208s][info][gc       ] [OBJCREAT 228074505 25285 11767808 : 76.207608 ]
[76.208s][info][gc       ] [HMSV All : 0 0 70 0 0 0 0 0 : 6158 0 0 0 : 76.207624 ]
[76.208s][info][gc       ] [HMSP 60 : 51112 0 : 76.207624 ]
[76.208s][info][gc       ] [VMAC 65530 170 24 492 686 : 76.208101 ]
[76.430s][info][gc       ] [GPGC-H  3591.1 729.6 1.4 0.0 : 159.1 : 0.000 0.000 : 0.000 0.000 0.715 1.386 : 0.000 0.000 0.000 0.000 1.708 0.556 : 0.000 : 94.359 : 1118 1798 26 0 : 2274 : 5720 5428 : 76.429513 : 9 Next_heuristic_check_may_be_too_late ]
[76.432s][info][safepoint] Application time: 0.2247831 seconds
[76.433s][info][safepoint] Total time for which application threads were stopped: 0.0004183 seconds, Stopping threads took: 0.0000004 seconds
[76.433s][info][gc       ] [SPS 0.000 0.003 0.002 0.007 0.000 0.001 0.000 0.382 0.027 0.418 NewGC_pause1 76.432203 ]
[76.491s][info][safepoint] Application time: 0.0588719 seconds
[76.492s][info][safepoint] Total time for which application threads were stopped: 0.0001604 seconds, Stopping threads took: 0.0000004 seconds
[76.492s][info][gc       ] [SPS 0.000 0.001 0.000 0.006 0.000 0.001 0.000 0.132 0.021 0.160 NewGC_pause2 76.491235 ]
[76.493s][info][safepoint] Application time: 0.0020338 seconds
[76.494s][info][safepoint] Total time for which application threads were stopped: 0.0001487 seconds, Stopping threads took: 0.0000004 seconds
[76.494s][info][gc       ] [SPS 0.000 0.000 0.000 0.006 0.000 0.001 0.000 0.121 0.021 0.149 NewGC_pause3 76.493418 ]
[76.494s][info][safepoint] Application time: 0.0008867 seconds
[76.494s][info][safepoint] Total time for which application threads were stopped: 0.0000619 seconds, Stopping threads took: 0.0000004 seconds
[76.495s][info][gc       ] [SPS 0.000 0.002 0.002 0.006 0.000 0.001 0.000 0.040 0.014 0.062 NewGC_pause4 76.494366 ]
[76.495s][info][gc       ] [GC New Max 202-184 : 6356 3466 2346 6356 - - 986 20 2 2 - : 228 1798 26 292 1350 : 226 4 1124 1124 0 : 0 1 113 0 115 - 0 : 0.222630 3952.7 0.0 0.064623 3590.1 0.0 : 3 --c 0000 : 23 0 0.000 0.000 0 0.000 0.000 0 0.000 0.000 : 76.429951 76.431784 0.000284 76.491075 0.000098 76.493269 0.000048 76.494304 0.000044 : 76.494574 ]
[76.495s][info][gc       ] [SYSINFO 8432 195 63 0 7885 0 16 0 0 6942 : - - - - - - - - : 0 7168 : 3.22 2.77 1.98 : 271935 4216596 : 0 0 : 21 0 : 2445 2 0 267 : - 8538775552 583921664 1066418176 7200940032 203833344 66772992 : 139899904 24527280 497860 0 0 0 : 76.494789 ]
[76.495s][info][gc       ] [HUGEPAGESTAT 0 0 0 - 83087 0 0 : 333824 0 0 : 76.494789 ]
[76.495s][info][gc       ] [OBJCREAT 229177020 25285 11767808 : 76.494831 ]
[76.495s][info][gc       ] [HMSV All : 0 0 70 0 0 0 0 0 : 6158 0 0 0 : 76.494847 ]
[76.495s][info][gc       ] [HMSP 60 : 51112 0 : 76.494847 ]
[76.495s][info][gc       ] [VMAC 65530 170 24 492 686 : 76.495275 ]
[76.717s][info][gc       ] [GPGC-H  3591.1 665.9 1.2 0.0 : 144.9 : 0.000 0.000 : 0.000 0.000 0.707 1.386 : 0.000 0.000 0.000 0.000 1.688 0.556 : 0.000 : 93.411 : 1094 1798 26 0 : 2274 : 5720 5428 : 76.716972 : 9 Next_heuristic_check_may_be_too_late ]
[76.720s][info][safepoint] Application time: 0.2248742 seconds
[76.720s][info][safepoint] Total time for which application threads were stopped: 0.0002592 seconds, Stopping threads took: 0.0000004 seconds
[76.720s][info][gc       ] [SPS 0.000 0.003 0.002 0.005 0.000 0.001 0.000 0.229 0.023 0.259 NewGC_pause1 76.719500 ]
[76.777s][info][safepoint] Application time: 0.0577142 seconds
[76.778s][info][safepoint] Total time for which application threads were stopped: 0.0001017 seconds, Stopping threads took: 0.0000004 seconds
[76.778s][info][gc       ] [SPS 0.000 0.001 0.000 0.006 0.000 0.001 0.000 0.082 0.012 0.102 NewGC_pause2 76.777316 ]
[76.780s][info][safepoint] Application time: 0.0021562 seconds
[76.780s][info][safepoint] Total time for which application threads were stopped: 0.0000820 seconds, Stopping threads took: 0.0000004 seconds
[76.780s][info][gc       ] [SPS 0.000 0.000 0.000 0.006 0.000 0.001 0.000 0.063 0.012 0.082 NewGC_pause3 76.779554 ]
[76.782s][info][safepoint] Application time: 0.0020162 seconds
[76.782s][info][safepoint] Total time for which application threads were stopped: 0.0000633 seconds, Stopping threads took: 0.0000004 seconds
[76.782s][info][gc       ] [SPS 0.000 0.003 0.002 0.006 0.000 0.001 0.000 0.039 0.017 0.063 NewGC_pause4 76.781634 ]
[76.782s][info][gc       ] [GC New Max 203-185 : 6356 3440 2344 6356 - - 986 20 2 2 - : 228 1798 26 292 1324 : 224 2 1102 1102 0 : 0 0 112 0 114 - 0 : 0.222862 3894.8 0.0 0.064504 3627.7 0.0 : 3 --c 0000 : 23 0 0.000 0.000 0 0.000 0.000 0 0.000 0.000 : 76.717436 76.719241 0.000230 76.777214 0.000086 76.779472 0.000062 76.781570 0.000043 : 76.781940 ]
[76.782s][info][gc       ] [SYSINFO 8432 195 63 0 7885 0 16 0 0 6942 : - - - - - - - - : 0 7168 : 3.22 2.77 1.98 : 271935 4216596 : 0 0 : 21 0 : 2445 2 0 267 : - 8538775552 583921664 1066418176 7200940032 203833344 66772992 : 139899904 24527720 497960 0 0 0 : 76.782177 ]
[76.782s][info][gc       ] [HUGEPAGESTAT 0 0 0 - 83087 0 0 : 333824 0 0 : 76.782177 ]
[76.782s][info][gc       ] [OBJCREAT 230267849 25285 11767808 : 76.782217 ]
[76.782s][info][gc       ] [HMSV All : 0 0 70 0 0 0 0 0 : 6158 0 0 0 : 76.782231 ]
[76.782s][info][gc       ] [HMSP 60 : 51112 0 : 76.782231 ]
[76.783s][info][gc       ] [VMAC 65530 170 24 492 686 : 76.782654 ]
[77.004s][info][gc       ] [GPGC-H  3591.1 665.9 1.2 0.0 : 144.9 : 0.000 0.000 : 0.000 0.000 0.698 1.386 : 0.000 0.000 0.000 0.000 1.667 0.556 : 0.000 : 92.475 : 1104 1798 26 0 : 2274 : 5720 5428 : 77.004408 : 9 Next_heuristic_check_may_be_too_late ]
[77.007s][info][safepoint] Application time: 0.2248921 seconds
[77.007s][info][safepoint] Total time for which application threads were stopped: 0.0002216 seconds, Stopping threads took: 0.0000004 seconds
[77.008s][info][gc       ] [SPS 0.000 0.003 0.002 0.006 0.000 0.001 0.000 0.201 0.014 0.221 NewGC_pause1 77.006748 ]
[77.067s][info][safepoint] Application time: 0.0601875 seconds
[77.068s][info][safepoint] Total time for which application threads were stopped: 0.0001307 seconds, Stopping threads took: 0.0000004 seconds
[77.068s][info][gc       ] [SPS 0.000 0.001 0.000 0.006 0.000 0.001 0.000 0.103 0.020 0.131 NewGC_pause2 77.067066 ]
[77.069s][info][safepoint] Application time: 0.0019821 seconds
[77.069s][info][safepoint] Total time for which application threads were stopped: 0.0000611 seconds, Stopping threads took: 0.0000004 seconds
[77.070s][info][gc       ] [SPS 0.000 0.000 0.000 0.006 0.000 0.001 0.000 0.040 0.014 0.061 NewGC_pause3 77.069109 ]
[77.070s][info][safepoint] Application time: 0.0010592 seconds
[77.070s][info][safepoint] Total time for which application threads were stopped: 0.0001348 seconds, Stopping threads took: 0.0000005 seconds
[77.071s][info][gc       ] [SPS 0.000 0.003 0.002 0.006 0.000 0.001 0.000 0.105 0.022 0.135 NewGC_pause4 77.070303 ]
[77.071s][info][gc       ] [GC New Max 204-186 : 6356 3448 2342 6356 - - 986 20 2 2 - : 226 1798 26 292 1332 : 220 6 1109 1109 0 : 0 1 110 0 113 - 0 : 0.222951 3938.1 0.0 0.065668 3472.0 0.0 : 3 --c 0000 : 23 0 0.000 0.000 0 0.000 0.000 0 0.000 0.000 : 77.004890 77.006526 0.000204 77.066935 0.000065 77.069048 0.000043 77.070168 0.000047 : 77.070558 ]
[77.071s][info][gc       ] [SYSINFO 8432 195 63 0 7885 0 16 0 0 6942 : - - - - - - - - : 0 7168 : 3.22 2.77 1.98 : 271935 4216596 : 0 0 : 21 0 : 2445 2 0 267 : - 8538775552 583921664 1066418176 7200940032 203833344 66772992 : 139899904 24528200 498060 0 0 0 : 77.070804 ]
[77.071s][info][gc       ] [HUGEPAGESTAT 0 0 0 - 83087 0 0 : 333824 0 0 : 77.070804 ]
[77.071s][info][gc       ] [OBJCREAT 231362046 25285 11767808 : 77.070849 ]
[77.071s][info][gc       ] [HMSV All : 0 0 70 0 0 0 0 0 : 6158 0 0 0 : 77.070865 ]
[77.071s][info][gc       ] [HMSP 60 : 51112 0 : 77.070865 ]
[77.071s][info][gc       ] [VMAC 65530 170 24 492 686 : 77.071323 ]
[77.313s][info][gc       ] [GPGC-H  3591.1 665.9 1.2 0.0 : 144.9 : 0.000 0.000 : 0.000 0.000 0.690 1.386 : 0.000 0.000 0.000 0.000 1.647 0.556 : 0.000 : 91.551 : 1144 1798 26 0 : 2274 : 5720 5428 : 77.312775 : 9 Next_heuristic_check_may_be_too_late ]
[77.315s][info][safepoint] Application time: 0.2449068 seconds
[77.316s][info][safepoint] Total time for which application threads were stopped: 0.0001864 seconds, Stopping threads took: 0.0000004 seconds
[77.316s][info][gc       ] [SPS 0.000 0.003 0.003 0.006 0.000 0.001 0.000 0.165 0.014 0.186 NewGC_pause1 77.315397 ]
[77.374s][info][safepoint] Application time: 0.0590047 seconds
[77.375s][info][safepoint] Total time for which application threads were stopped: 0.0000697 seconds, Stopping threads took: 0.0000004 seconds
[77.375s][info][gc       ] [SPS 0.000 0.001 0.000 0.006 0.000 0.001 0.000 0.050 0.012 0.070 NewGC_pause2 77.374471 ]
[77.376s][info][safepoint] Application time: 0.0016145 seconds
[77.376s][info][safepoint] Total time for which application threads were stopped: 0.0000523 seconds, Stopping threads took: 0.0000004 seconds
[77.377s][info][gc       ] [SPS 0.000 0.001 0.000 0.006 0.000 0.001 0.000 0.033 0.012 0.052 NewGC_pause3 77.376138 ]
[77.377s][info][safepoint] Application time: 0.0010389 seconds
[77.378s][info][safepoint] Total time for which application threads were stopped: 0.0000624 seconds, Stopping threads took: 0.0000004 seconds
[77.378s][info][gc       ] [SPS 0.000 0.002 0.001 0.006 0.000 0.001 0.000 0.043 0.012 0.062 NewGC_pause4 77.377239 ]
[77.378s][info][gc       ] [GC New Max 205-187 : 6356 3498 2348 6356 - - 986 20 2 2 - : 232 1798 26 292 1382 : 230 2 1152 1152 0 : 0 0 115 0 116 - 0 : 0.242714 3790.5 0.0 0.064186 3708.0 0.0 : 3 --c 0000 : 23 0 0.000 0.000 0 0.000 0.000 0 0.000 0.000 : 77.313272 77.315210 0.000168 77.374402 0.000053 77.376086 0.000036 77.377177 0.000047 : 77.377458 ]
[77.378s][info][gc       ] [SYSINFO 8432 195 63 0 7885 0 16 0 0 6942 : - - - - - - - - : 0 7168 : 3.29 2.79 1.99 : 271935 4216596 : 0 0 : 21 0 : 2445 2 0 267 : - 8538775552 583921664 1066418176 7200940032 203833344 66772992 : 139899904 24528680 498100 0 0 0 : 77.377719 ]
[77.378s][info][gc       ] [HUGEPAGESTAT 0 0 0 - 83087 0 0 : 333824 0 0 : 77.377719 ]
[77.378s][info][gc       ] [OBJCREAT 232506269 25285 11767808 : 77.377775 ]
[77.378s][info][gc       ] [HMSV All : 0 0 70 0 0 0 0 0 : 6158 0 0 0 : 77.377789 ]
[77.378s][info][gc       ] [HMSP 60 : 51112 0 : 77.377789 ]
[77.378s][info][gc       ] [VMAC 65530 170 24 492 686 : 77.378223 ]
[77.600s][info][gc       ] [GPGC-H  3591.1 665.9 1.2 0.0 : 144.9 : 0.000 0.000 : 0.000 0.000 0.681 1.386 : 0.000 0.000 0.000 0.000 1.626 0.556 : 0.000 : 90.556 : 1108 1798 26 0 : 2274 : 5720 5428 : 77.599630 : 9 Next_heuristic_check_may_be_too_late ]
[77.602s][info][safepoint] Application time: 0.2243506 seconds
[77.602s][info][safepoint] Total time for which application threads were stopped: 0.0001977 seconds, Stopping threads took: 0.0000004 seconds
[77.602s][info][gc       ] [SPS 0.000 0.007 0.004 0.006 0.000 0.001 0.000 0.177 0.014 0.198 NewGC_pause1 77.601788 ]
[77.660s][info][safepoint] Application time: 0.0584382 seconds
[77.661s][info][safepoint] Total time for which application threads were stopped: 0.0001470 seconds, Stopping threads took: 0.0000004 seconds
[77.661s][info][gc       ] [SPS 0.000 0.001 0.000 0.006 0.000 0.001 0.000 0.128 0.012 0.147 NewGC_pause2 77.660373 ]
[77.662s][info][safepoint] Application time: 0.0016404 seconds
[77.662s][info][safepoint] Total time for which application threads were stopped: 0.0000676 seconds, Stopping threads took: 0.0000004 seconds
[77.663s][info][gc       ] [SPS 0.000 0.001 0.000 0.006 0.000 0.001 0.000 0.049 0.012 0.067 NewGC_pause3 77.662081 ]
[77.663s][info][safepoint] Application time: 0.0011266 seconds
[77.663s][info][safepoint] Total time for which application threads were stopped: 0.0000582 seconds, Stopping threads took: 0.0000003 seconds
[77.664s][info][gc       ] [SPS 0.000 0.007 0.016 0.006 0.000 0.001 0.000 0.038 0.013 0.058 NewGC_pause4 77.663266 ]
[77.664s][info][gc       ] [GC New Max 206-188 : 6356 3448 2338 6356 - - 986 20 2 2 - : 222 1798 26 292 1332 : 218 4 1112 1112 0 : 0 1 109 0 111 - 0 : 0.222545 3936.3 0.0 0.063540 3556.8 0.0 : 3 --c 0000 : 23 0 0.000 0.000 0 0.000 0.000 0 0.000 0.000 : 77.600003 77.601590 0.000179 77.660226 0.000134 77.662014 0.000055 77.663208 0.000042 : 77.663544 ]
[77.664s][info][gc       ] [SYSINFO 8432 195 63 0 7885 0 16 0 0 6942 : - - - - - - - - : 0 7168 : 3.29 2.79 1.99 : 271935 4216596 : 0 0 : 21 0 : 2445 2 0 267 : - 8538775552 583921664 1066418176 7200940032 203833344 66772992 : 139899904 24529130 498200 0 0 0 : 77.663759 ]
[77.664s][info][gc       ] [HUGEPAGESTAT 0 0 0 - 83087 0 0 : 333824 0 0 : 77.663759 ]
[77.664s][info][gc       ] [OBJCREAT 233599019 25285 11767808 : 77.663797 ]
[77.664s][info][gc       ] [HMSV All : 0 0 70 0 0 0 0 0 : 6158 0 0 0 : 77.663812 ]
[77.664s][info][gc       ] [HMSP 60 : 51112 0 : 77.663812 ]
[77.664s][info][gc       ] [VMAC 65530 170 24 492 686 : 77.664192 ]
[77.886s][info][gc       ] [GPGC-H  3715.8 665.9 1.2 0.0 : 144.9 : 0.000 0.000 : 0.000 0.000 0.673 1.386 : 0.000 0.000 0.000 0.000 1.607 0.556 : 0.000 : 89.659 : 1092 1798 26 0 : 2274 : 5720 5428 : 77.885537 : 9 Next_heuristic_check_may_be_too_late ]
[77.890s][info][safepoint] Application time: 0.2262476 seconds
[77.890s][info][safepoint] Total time for which application threads were stopped: 0.0001468 seconds, Stopping threads took: 0.0000004 seconds
[77.890s][info][gc       ] [SPS 0.000 0.004 0.004 0.006 0.000 0.001 0.000 0.126 0.013 0.147 NewGC_pause1 77.889661 ]
[77.947s][info][safepoint] Application time: 0.0576469 seconds
[77.948s][info][safepoint] Total time for which application threads were stopped: 0.0000794 seconds, Stopping threads took: 0.0000004 seconds
[77.948s][info][gc       ] [SPS 0.000 0.001 0.000 0.006 0.000 0.001 0.000 0.060 0.013 0.079 NewGC_pause2 77.947387 ]
[77.949s][info][safepoint] Application time: 0.0012341 seconds
[77.949s][info][safepoint] Total time for which application threads were stopped: 0.0000527 seconds, Stopping threads took: 0.0000004 seconds
[77.949s][info][gc       ] [SPS 0.000 0.001 0.000 0.006 0.000 0.001 0.000 0.034 0.012 0.053 NewGC_pause3 77.948674 ]
[77.950s][info][safepoint] Application time: 0.0013545 seconds
[77.950s][info][safepoint] Total time for which application threads were stopped: 0.0000693 seconds, Stopping threads took: 0.0000004 seconds
[77.950s][info][gc       ] [SPS 0.000 0.003 0.002 0.010 0.000 0.001 0.000 0.039 0.020 0.069 NewGC_pause4 77.950098 ]
[77.951s][info][gc       ] [GC New Max 207-189 : 6356 3436 2336 6356 - - 986 20 2 2 - : 220 1798 26 292 1320 : 214 4 1104 1104 0 : 0 1 107 0 110 - 0 : 0.224192 3916.3 0.0 0.062602 3578.2 0.0 : 3 --c 0000 : 23 0 0.000 0.000 0 0.000 0.000 0 0.000 0.000 : 77.887736 77.889514 0.000129 77.947308 0.000062 77.948621 0.000037 77.950028 0.000046 : 77.950338 ]
[77.951s][info][gc       ] [SYSINFO 8432 195 63 0 7885 0 16 0 0 6942 : - - - - - - - - : 0 7168 : 3.29 2.79 1.99 : 271935 4216596 : 0 0 : 21 0 : 2445 3 0 267 : - 8538775552 583921664 1066418176 7200940032 203833344 66772992 : 139899904 24529610 498310 0 0 0 : 77.950591 ]
[77.951s][info][gc       ] [HUGEPAGESTAT 0 0 0 - 83087 0 0 : 333824 0 0 : 77.950591 ]
[77.951s][info][gc       ] [OBJCREAT 234687729 25285 11767808 : 77.950632 ]
[77.951s][info][gc       ] [HMSV All : 0 0 70 0 0 0 0 0 : 6158 0 0 0 : 77.950653 ]
[77.951s][info][gc       ] [HMSP 60 : 51112 0 : 77.950653 ]
[77.951s][info][gc       ] [VMAC 65530 170 24 492 686 : 77.951083 ]
[78.173s][info][gc       ] [GPGC-H  3715.8 665.9 1.2 0.0 : 144.9 : 0.000 0.000 : 0.000 0.000 0.665 1.386 : 0.000 0.000 0.000 0.000 1.588 0.556 : 0.000 : 88.766 : 1086 1798 26 0 : 2274 : 5720 5428 : 78.172819 : 9 Next_heuristic_check_may_be_too_late ]
[78.175s][info][safepoint] Application time: 0.2247919 seconds
[78.175s][info][safepoint] Total time for which application threads were stopped: 0.0001142 seconds, Stopping threads took: 0.0000004 seconds
[78.176s][info][gc       ] [SPS 0.001 0.003 0.006 0.006 0.000 0.001 0.000 0.092 0.014 0.114 NewGC_pause1 78.175004 ]
[78.235s][info][safepoint] Application time: 0.0601690 seconds
[78.236s][info][safepoint] Total time for which application threads were stopped: 0.0001231 seconds, Stopping threads took: 0.0000004 seconds
[78.236s][info][gc       ] [SPS 0.000 0.001 0.000 0.006 0.000 0.001 0.000 0.096 0.020 0.123 NewGC_pause2 78.235296 ]
[78.237s][info][safepoint] Application time: 0.0015683 seconds
[78.237s][info][safepoint] Total time for which application threads were stopped: 0.0000547 seconds, Stopping threads took: 0.0000004 seconds
[78.238s][info][gc       ] [SPS 0.000 0.000 0.000 0.006 0.000 0.001 0.000 0.034 0.013 0.055 NewGC_pause3 78.236919 ]
[78.238s][info][safepoint] Application time: 0.0010285 seconds
[78.238s][info][safepoint] Total time for which application threads were stopped: 0.0000605 seconds, Stopping threads took: 0.0000004 seconds
[78.238s][info][gc       ] [SPS 0.000 0.002 0.002 0.006 0.000 0.001 0.000 0.040 0.013 0.060 NewGC_pause4 78.238008 ]
[78.239s][info][gc       ] [GC New Max 208-190 : 6356 3434 2346 6356 - - 986 20 2 2 - : 230 1798 26 292 1318 : 226 4 1091 1091 0 : 0 1 113 0 115 - 0 : 0.222945 3893.3 0.0 0.065000 3569.2 0.0 : 3 --c 0000 : 23 0 0.000 0.000 0 0.000 0.000 0 0.000 0.000 : 78.173283 78.174890 0.000096 78.235173 0.000045 78.236865 0.000037 78.237948 0.000043 : 78.238283 ]
[78.239s][info][gc       ] [SYSINFO 8432 195 63 0 7885 0 16 0 0 6942 : - - - - - - - - : 0 7168 : 3.29 2.79 1.99 : 271935 4216596 : 0 0 : 21 0 : 2445 2 0 267 : - 8538775552 583921664 1066418176 7200940032 203833344 66772992 : 139899904 24530070 498420 0 0 0 : 78.238506 ]
[78.239s][info][gc       ] [HUGEPAGESTAT 0 0 0 - 83087 0 0 : 333824 0 0 : 78.238506 ]
[78.239s][info][gc       ] [OBJCREAT 235779059 25285 11767808 : 78.238546 ]
[78.239s][info][gc       ] [HMSV All : 0 0 70 0 0 0 0 0 : 6158 0 0 0 : 78.238561 ]
[78.239s][info][gc       ] [HMSP 60 : 51112 0 : 78.238561 ]
[78.239s][info][gc       ] [VMAC 65530 170 24 492 686 : 78.239016 ]
[78.460s][info][gc       ] [GPGC-H  3715.8 665.9 1.2 0.0 : 144.9 : 0.000 0.000 : 0.000 0.000 0.657 1.386 : 0.000 0.000 0.000 0.000 1.569 0.556 : 0.000 : 87.891 : 1110 1798 26 0 : 2274 : 5720 5428 : 78.460316 : 9 Next_heuristic_check_may_be_too_late ]
[78.463s][info][safepoint] Application time: 0.2244138 seconds
[78.463s][info][safepoint] Total time for which application threads were stopped: 0.0001220 seconds, Stopping threads took: 0.0000004 seconds
[78.463s][info][gc       ] [SPS 0.000 0.004 0.004 0.006 0.000 0.001 0.000 0.096 0.018 0.122 NewGC_pause1 78.462545 ]
[78.522s][info][safepoint] Application time: 0.0595145 seconds
[78.523s][info][safepoint] Total time for which application threads were stopped: 0.0001315 seconds, Stopping threads took: 0.0000004 seconds
[78.523s][info][gc       ] [SPS 0.000 0.002 0.000 0.006 0.000 0.001 0.000 0.105 0.019 0.132 NewGC_pause2 78.522191 ]
[78.524s][info][safepoint] Application time: 0.0020742 seconds
[78.525s][info][safepoint] Total time for which application threads were stopped: 0.0000654 seconds, Stopping threads took: 0.0000004 seconds
[78.525s][info][gc       ] [SPS 0.000 0.000 0.000 0.006 0.000 0.001 0.000 0.042 0.016 0.066 NewGC_pause3 78.524331 ]
[78.525s][info][safepoint] Application time: 0.0010725 seconds
[78.526s][info][safepoint] Total time for which application threads were stopped: 0.0000649 seconds, Stopping threads took: 0.0000004 seconds
[78.526s][info][gc       ] [SPS 0.000 0.002 0.002 0.006 0.000 0.001 0.000 0.041 0.017 0.065 NewGC_pause4 78.525468 ]
[78.526s][info][gc       ] [GC New Max 209-191 : 6356 3462 2350 6356 - - 986 20 2 2 - : 234 1798 26 292 1346 : 232 4 1115 1115 0 : 0 1 116 0 117 - 0 : 0.222532 3954.5 0.0 0.064902 3667.1 0.0 : 3 --c 0000 : 23 0 0.000 0.000 0 0.000 0.000 0 0.000 0.000 : 78.460815 78.462423 0.000092 78.522059 0.000042 78.524265 0.000040 78.525403 0.000044 : 78.525717 ]
[78.526s][info][gc       ] [SYSINFO 8432 195 63 0 7885 0 16 0 0 6942 : - - - - - - - - : 0 7168 : 3.29 2.79 1.99 : 271935 4216596 : 0 0 : 21 0 : 2445 4 0 267 : - 8538775552 583921664 1066418176 7200940032 203833344 66772992 : 139899904 24530540 498490 0 0 0 : 78.525972 ]
[78.526s][info][gc       ] [HUGEPAGESTAT 0 0 0 - 83087 0 0 : 333824 0 0 : 78.525972 ]
[78.526s][info][gc       ] [OBJCREAT 236886403 25285 11767808 : 78.526012 ]
[78.526s][info][gc       ] [HMSV All : 0 0 70 0 0 0 0 0 : 6158 0 0 0 : 78.526028 ]
[78.526s][info][gc       ] [HMSP 60 : 51112 0 : 78.526028 ]
[78.526s][info][gc       ] [VMAC 65530 170 24 492 686 : 78.526468 ]
[78.747s][info][gc       ] [GPGC-H  3715.8 606.2 1.1 0.0 : 131.9 : 0.000 0.000 : 0.000 0.000 0.649 1.386 : 0.000 0.000 0.000 0.000 1.550 0.556 : 0.000 : 87.029 : 1092 1798 26 0 : 2274 : 5720 5428 : 78.747205 : 9 Next_heuristic_check_may_be_too_late ]
[78.750s][info][safepoint] Application time: 0.2238955 seconds
[78.750s][info][safepoint] Total time for which application threads were stopped: 0.0001995 seconds, Stopping threads took: 0.0000004 seconds
[78.750s][info][gc       ] [SPS 0.027 0.028 0.009 0.006 0.000 0.001 0.000 0.178 0.014 0.199 NewGC_pause1 78.749563 ]
[78.808s][info][safepoint] Application time: 0.0579443 seconds
[78.808s][info][safepoint] Total time for which application threads were stopped: 0.0000545 seconds, Stopping threads took: 0.0000004 seconds
[78.808s][info][gc       ] [SPS 0.000 0.001 0.000 0.005 0.000 0.001 0.000 0.035 0.013 0.054 NewGC_pause2 78.807562 ]
[78.809s][info][safepoint] Application time: 0.0012826 seconds
[78.809s][info][safepoint] Total time for which application threads were stopped: 0.0000534 seconds, Stopping threads took: 0.0000004 seconds
[78.810s][info][gc       ] [SPS 0.000 0.001 0.000 0.006 0.000 0.001 0.000 0.033 0.013 0.053 NewGC_pause3 78.808898 ]
[78.810s][info][safepoint] Application time: 0.0013047 seconds
[78.810s][info][safepoint] Total time for which application threads were stopped: 0.0000608 seconds, Stopping threads took: 0.0000004 seconds
[78.811s][info][gc       ] [SPS 0.000 0.002 0.002 0.006 0.000 0.001 0.000 0.039 0.014 0.061 NewGC_pause4 78.810264 ]
[78.811s][info][gc       ] [GC New Max 210-192 : 6356 3432 2338 6356 - - 986 20 2 2 - : 222 1798 26 292 1316 : 218 2 1098 1098 0 : 0 0 109 0 111 - 0 : 0.221992 3874.0 0.0 0.062749 3601.7 0.0 : 3 --c 0000 : 23 0 0.000 0.000 0 0.000 0.000 0 0.000 0.000 : 78.747709 78.749364 0.000180 78.807508 0.000038 78.808845 0.000037 78.810203 0.000043 : 78.810458 ]
[78.811s][info][gc       ] [SYSINFO 8432 195 63 0 7885 0 16 0 0 6942 : - - - - - - - - : 0 7168 : 3.29 2.79 1.99 : 271935 4216596 : 0 0 : 21 0 : 2445 3 0 267 : - 8538775552 583921664 1066418176 7200940032 203833344 66772992 : 139899904 24531000 498620 0 0 0 : 78.810732 ]
[78.811s][info][gc       ] [HUGEPAGESTAT 0 0 0 - 83087 0 0 : 333824 0 0 : 78.810732 ]
[78.811s][info][gc       ] [OBJCREAT 237960215 25285 11767808 : 78.810794 ]
[78.811s][info][gc       ] [HMSV All : 0 0 70 0 0 0 0 0 : 6158 0 0 0 : 78.810808 ]
[78.811s][info][gc       ] [HMSP 60 : 51112 0 : 78.810808 ]
[78.811s][info][gc       ] [VMAC 65530 170 24 492 686 : 78.811269 ]
[79.032s][info][gc       ] [GPGC-H  3715.8 606.2 1.1 0.0 : 131.9 : 0.000 0.000 : 0.000 0.000 0.641 1.386 : 0.000 0.000 0.000 0.000 1.532 0.556 : 0.000 : 86.180 : 1076 1798 26 0 : 2274 : 5720 5428 : 79.032204 : 9 Next_heuristic_check_may_be_too_late ]
[79.034s][info][safepoint] Application time: 0.2238097 seconds
[79.035s][info][safepoint] Total time for which application threads were stopped: 0.0001470 seconds, Stopping threads took: 0.0000004 seconds
[79.035s][info][gc       ] [SPS 0.000 0.003 0.003 0.006 0.000 0.001 0.000 0.125 0.014 0.147 NewGC_pause1 79.034221 ]
[79.092s][info][safepoint] Application time: 0.0580776 seconds
[79.093s][info][safepoint] Total time for which application threads were stopped: 0.0001419 seconds, Stopping threads took: 0.0000004 seconds
[79.093s][info][gc       ] [SPS 0.000 0.001 0.000 0.006 0.000 0.001 0.000 0.113 0.022 0.142 NewGC_pause2 79.092441 ]
[79.095s][info][safepoint] Application time: 0.0023172 seconds
[79.095s][info][safepoint] Total time for which application threads were stopped: 0.0000910 seconds, Stopping threads took: 0.0000005 seconds
[79.095s][info][gc       ] [SPS 0.000 0.000 0.000 0.006 0.000 0.001 0.000 0.065 0.018 0.091 NewGC_pause3 79.094849 ]
[79.096s][info][safepoint] Application time: 0.0010640 seconds
[79.096s][info][safepoint] Total time for which application threads were stopped: 0.0000636 seconds, Stopping threads took: 0.0000004 seconds
[79.096s][info][gc       ] [SPS 0.000 0.003 0.002 0.006 0.000 0.001 0.000 0.042 0.015 0.064 NewGC_pause4 79.095976 ]
[79.097s][info][gc       ] [GC New Max 211-193 : 6356 3416 2336 6356 - - 986 20 2 2 - : 220 1798 26 292 1300 : 218 2 1082 1082 0 : 0 0 109 0 110 - 0 : 0.222190 3852.6 0.0 0.063627 3520.5 0.0 : 3 --c 0000 : 23 0 0.000 0.000 0 0.000 0.000 0 0.000 0.000 : 79.032647 79.034074 0.000128 79.092299 0.000044 79.094758 0.000061 79.095913 0.000045 : 79.096275 ]
[79.097s][info][gc       ] [SYSINFO 8432 195 63 0 7885 0 16 0 0 6942 : - - - - - - - - : 0 7168 : 3.29 2.79 1.99 : 271935 4216596 : 0 0 : 21 0 : 2445 2 0 267 : - 8538775552 583921664 1066418176 7200940032 203833344 66772992 : 139899904 24531460 498720 0 0 0 : 79.096521 ]
[79.097s][info][gc       ] [HUGEPAGESTAT 0 0 0 - 83087 0 0 : 333824 0 0 : 79.096521 ]
[79.097s][info][gc       ] [OBJCREAT 239031314 25285 11767808 : 79.096568 ]
[79.097s][info][gc       ] [HMSV All : 0 0 70 0 0 0 0 0 : 6158 0 0 0 : 79.096583 ]
[79.097s][info][gc       ] [HMSP 60 : 51112 0 : 79.096583 ]
[79.097s][info][gc       ] [VMAC 65530 170 24 492 686 : 79.097115 ]
[79.318s][info][gc       ] [GPGC-H  3715.8 606.2 1.1 0.0 : 131.9 : 0.000 0.000 : 0.000 0.000 0.634 1.386 : 0.000 0.000 0.000 0.000 1.514 0.556 : 0.000 : 85.341 : 1088 1798 26 0 : 2274 : 5720 5428 : 79.318039 : 9 Next_heuristic_check_may_be_too_late ]
[79.321s][info][safepoint] Application time: 0.2243689 seconds
[79.321s][info][safepoint] Total time for which application threads were stopped: 0.0001846 seconds, Stopping threads took: 0.0000004 seconds
[79.321s][info][gc       ] [SPS 0.000 0.003 0.004 0.006 0.000 0.001 0.000 0.164 0.012 0.184 NewGC_pause1 79.320530 ]
[79.380s][info][safepoint] Application time: 0.0591979 seconds
[79.380s][info][safepoint] Total time for which application threads were stopped: 0.0001340 seconds, Stopping threads took: 0.0000004 seconds
[79.381s][info][gc       ] [SPS 0.000 0.001 0.000 0.006 0.000 0.001 0.000 0.107 0.019 0.134 NewGC_pause2 79.379862 ]
[79.381s][info][safepoint] Application time: 0.0014477 seconds
[79.382s][info][safepoint] Total time for which application threads were stopped: 0.0000678 seconds, Stopping threads took: 0.0000004 seconds
[79.382s][info][gc       ] [SPS 0.000 0.001 0.000 0.006 0.000 0.001 0.000 0.043 0.018 0.068 NewGC_pause3 79.381378 ]
[79.383s][info][safepoint] Application time: 0.0010483 seconds
[79.383s][info][safepoint] Total time for which application threads were stopped: 0.0000799 seconds, Stopping threads took: 0.0000004 seconds
[79.383s][info][gc       ] [SPS 0.000 0.002 0.002 0.006 0.000 0.001 0.000 0.060 0.013 0.080 NewGC_pause4 79.382506 ]
[79.383s][info][gc       ] [GC New Max 212-194 : 6356 3440 2348 6356 - - 986 20 2 2 - : 232 1798 26 292 1322 : 228 4 1094 1094 0 : 0 1 114 0 116 - 0 : 0.222268 3914.2 0.0 0.064198 3676.1 0.0 : 3 --c 0000 : 23 0 0.000 0.000 0 0.000 0.000 0 0.000 0.000 : 79.318542 79.320346 0.000169 79.379728 0.000042 79.381310 0.000037 79.382426 0.000050 : 79.382741 ]
[79.383s][info][gc       ] [SYSINFO 8432 195 63 0 7885 0 16 0 0 6942 : - - - - - - - - : 0 7168 : 3.29 2.79 1.99 : 271935 4216596 : 0 0 : 21 0 : 2445 2 0 267 : - 8538808320 583921664 1066450944 7200940032 203833344 66772992 : 139899904 24531910 498810 0 0 0 : 79.382962 ]
[79.383s][info][gc       ] [HUGEPAGESTAT 0 0 0 - 83087 0 0 : 333824 0 0 : 79.382962 ]
[79.383s][info][gc       ] [OBJCREAT 240124453 25285 11767808 : 79.383003 ]
[79.383s][info][gc       ] [HMSV All : 0 0 70 0 0 0 0 0 : 6158 0 0 0 : 79.383016 ]
[79.383s][info][gc       ] [HMSP 60 : 51112 0 : 79.383016 ]
[79.383s][info][gc       ] [VMAC 65530 170 24 492 686 : 79.383426 ]
[79.624s][info][gc       ] [GPGC-H  3715.8 606.2 1.1 0.0 : 131.9 : 0.000 0.000 : 0.000 0.000 0.626 1.386 : 0.000 0.000 0.000 0.000 1.496 0.556 : 0.000 : 84.513 : 1146 1798 26 0 : 2274 : 5720 5428 : 79.624418 : 9 Next_heuristic_check_may_be_too_late ]
[79.626s][info][safepoint] Application time: 0.2437869 seconds
[79.627s][info][safepoint] Total time for which application threads were stopped: 0.0001152 seconds, Stopping threads took: 0.0000004 seconds
[79.627s][info][gc       ] [SPS 0.000 0.003 0.003 0.006 0.000 0.001 0.000 0.095 0.013 0.115 NewGC_pause1 79.626408 ]
[79.698s][info][safepoint] Application time: 0.0711835 seconds
[79.698s][info][safepoint] Total time for which application threads were stopped: 0.0000562 seconds, Stopping threads took: 0.0000004 seconds
[79.698s][info][gc       ] [SPS 0.000 0.001 0.000 0.006 0.000 0.001 0.000 0.037 0.012 0.056 NewGC_pause2 79.697648 ]
[79.699s][info][safepoint] Application time: 0.0014897 seconds
[79.700s][info][safepoint] Total time for which application threads were stopped: 0.0000527 seconds, Stopping threads took: 0.0000004 seconds
[79.700s][info][gc       ] [SPS 0.000 0.000 0.000 0.006 0.000 0.001 0.000 0.034 0.011 0.053 NewGC_pause3 79.699190 ]
[79.700s][info][safepoint] Application time: 0.0010579 seconds
[79.701s][info][safepoint] Total time for which application threads were stopped: 0.0000738 seconds, Stopping threads took: 0.0000004 seconds
[79.701s][info][gc       ] [SPS 0.000 0.002 0.002 0.006 0.000 0.001 0.000 0.046 0.021 0.074 NewGC_pause4 79.700322 ]
[79.701s][info][gc       ] [GC New Max 213-195 : 6356 3526 2378 6356 - - 986 20 2 2 - : 262 1798 26 292 1410 : 260 4 1151 1151 0 : 0 1 130 0 131 - 0 : 0.242067 3784.1 0.0 0.075768 3484.3 0.0 : 3 --c 0000 : 23 0 0.000 0.000 0 0.000 0.000 0 0.000 0.000 : 79.624807 79.626294 0.000097 79.697592 0.000039 79.699138 0.000037 79.700248 0.000043 : 79.700576 ]
[79.701s][info][gc       ] [SYSINFO 8432 195 63 0 7885 0 16 0 0 6942 : - - - - - - - - : 0 7168 : 3.29 2.79 1.99 : 271935 4216596 : 0 0 : 21 0 : 2445 2 0 267 : - 8538808320 583921664 1066450944 7200940032 203833344 66772992 : 139899904 24532460 498920 0 0 0 : 79.700836 ]
[79.701s][info][gc       ] [HUGEPAGESTAT 0 0 0 - 83087 0 0 : 350208 0 0 : 79.700836 ]
[79.701s][info][gc       ] [OBJCREAT 241295401 25285 11767808 : 79.700896 ]
[79.701s][info][gc       ] [HMSV All : 0 0 70 0 0 0 0 0 : 6158 0 0 0 : 79.700911 ]
[79.701s][info][gc       ] [HMSP 60 : 51112 0 : 79.700911 ]
[79.701s][info][gc       ] [VMAC 65530 170 24 492 686 : 79.701386 ]
[79.922s][info][gc       ] [GPGC-H  3713.1 606.2 1.1 0.0 : 131.9 : 0.000 0.000 : 0.000 0.000 0.618 1.386 : 0.000 0.000 0.000 0.000 1.477 0.556 : 0.000 : 83.629 : 1112 1798 26 0 : 2274 : 5720 5428 : 79.922078 : 9 Next_heuristic_check_may_be_too_late ]
[79.924s][info][safepoint] Application time: 0.2237204 seconds
[79.925s][info][safepoint] Total time for which application threads were stopped: 0.0002319 seconds, Stopping threads took: 0.0000004 seconds
[79.925s][info][gc       ] [SPS 0.000 0.003 0.003 0.006 0.000 0.001 0.000 0.211 0.013 0.232 NewGC_pause1 79.924274 ]
[79.986s][info][safepoint] Application time: 0.0614015 seconds
[79.986s][info][safepoint] Total time for which application threads were stopped: 0.0001328 seconds, Stopping threads took: 0.0000004 seconds
[79.987s][info][gc       ] [SPS 0.000 0.001 0.000 0.006 0.000 0.001 0.000 0.107 0.019 0.133 NewGC_pause2 79.985809 ]
[79.987s][info][safepoint] Application time: 0.0014480 seconds
[79.988s][info][safepoint] Total time for which application threads were stopped: 0.0000569 seconds, Stopping threads took: 0.0000004 seconds
[79.988s][info][gc       ] [SPS 0.000 0.000 0.000 0.006 0.000 0.001 0.000 0.038 0.012 0.057 NewGC_pause3 79.987314 ]
[79.989s][info][safepoint] Application time: 0.0011595 seconds
[79.989s][info][safepoint] Total time for which application threads were stopped: 0.0000666 seconds, Stopping threads took: 0.0000004 seconds
[79.989s][info][gc       ] [SPS 0.000 0.019 0.002 0.006 0.000 0.001 0.000 0.044 0.015 0.067 NewGC_pause4 79.988540 ]
[79.989s][info][gc       ] [GC New Max 214-196 : 6356 3480 2366 6356 - - 986 20 2 2 - : 250 1798 26 292 1364 : 246 4 1117 1117 0 : 0 1 123 0 125 - 0 : 0.221887 3839.8 0.0 0.066362 3797.4 0.0 : 3 --c 0000 : 23 0 0.000 0.000 0 0.000 0.000 0 0.000 0.000 : 79.922462 79.924043 0.000215 79.985676 0.000042 79.987257 0.000041 79.988473 0.000042 : 79.988824 ]
[79.989s][info][gc       ] [SYSINFO 8432 195 63 0 7885 0 16 0 0 6942 : - - - - - - - - : 0 7168 : 3.29 2.79 1.99 : 271935 4216596 : 0 0 : 21 0 : 2445 4 0 267 : - 8538808320 583921664 1066450944 7200940032 203833344 66772992 : 139899904 24532920 499000 0 0 0 : 79.989073 ]
[79.989s][info][gc       ] [HUGEPAGESTAT 0 0 0 - 83087 0 0 : 350208 0 0 : 79.989073 ]
[79.989s][info][gc       ] [OBJCREAT 242387557 25285 11767808 : 79.989125 ]
[79.989s][info][gc       ] [HMSV All : 0 0 70 0 0 0 0 0 : 6158 0 0 0 : 79.989139 ]
[79.989s][info][gc       ] [HMSP 60 : 51112 0 : 79.989139 ]
[79.990s][info][gc       ] [VMAC 65530 170 24 492 686 : 79.989624 ]
[80.211s][info][gc       ] [GPGC-H  3713.1 606.2 1.1 0.0 : 131.9 : 0.000 0.000 : 0.000 0.000 0.611 1.386 : 0.000 0.000 0.000 0.000 1.459 0.556 : 0.000 : 82.827 : 1150 1798 26 0 : 2274 : 5720 5428 : 80.210647 : 9 Next_heuristic_check_may_be_too_late ]
[80.214s][info][safepoint] Application time: 0.2247677 seconds
[80.214s][info][safepoint] Total time for which application threads were stopped: 0.0002861 seconds, Stopping threads took: 0.0000004 seconds
[80.214s][info][gc       ] [SPS 0.000 0.023 0.004 0.006 0.000 0.001 0.000 0.264 0.014 0.286 NewGC_pause1 80.213594 ]
[80.278s][info][safepoint] Application time: 0.0645418 seconds
[80.279s][info][safepoint] Total time for which application threads were stopped: 0.0001572 seconds, Stopping threads took: 0.0000004 seconds
[80.279s][info][gc       ] [SPS 0.000 0.001 0.000 0.006 0.000 0.001 0.000 0.132 0.018 0.157 NewGC_pause2 80.278293 ]
[80.280s][info][safepoint] Application time: 0.0015558 seconds
[80.280s][info][safepoint] Total time for which application threads were stopped: 0.0000519 seconds, Stopping threads took: 0.0000004 seconds
[80.280s][info][gc       ] [SPS 0.000 0.000 0.000 0.006 0.000 0.001 0.000 0.033 0.011 0.052 NewGC_pause3 80.279901 ]
[80.281s][info][safepoint] Application time: 0.0010523 seconds
[80.281s][info][safepoint] Total time for which application threads were stopped: 0.0000657 seconds, Stopping threads took: 0.0000004 seconds
[80.281s][info][gc       ] [SPS 0.000 0.003 0.002 0.006 0.000 0.001 0.000 0.041 0.018 0.066 NewGC_pause4 80.281019 ]
[80.282s][info][gc       ] [GC New Max 215-197 : 6356 3526 2372 6356 - - 986 20 2 2 - : 256 1798 26 292 1410 : 252 4 1156 1156 0 : 0 1 126 0 128 - 0 : 0.222320 4057.2 0.0 0.070073 3710.4 0.0 : 3 --c 0000 : 23 0 0.000 0.000 0 0.000 0.000 0 0.000 0.000 : 80.211145 80.213308 0.000260 80.278136 0.000101 80.279849 0.000037 80.280953 0.000044 : 80.281218 ]
[80.282s][info][gc       ] [SYSINFO 8432 195 63 0 7885 0 16 0 0 6942 : - - - - - - - - : 0 7168 : 3.29 2.79 1.99 : 271935 4216596 : 0 0 : 21 0 : 2445 2 0 267 : - 8538808320 583921664 1066450944 7200940032 203833344 66772992 : 139899904 24533410 499080 0 0 0 : 80.281501 ]
[80.282s][info][gc       ] [HUGEPAGESTAT 0 0 0 - 83087 0 0 : 350208 0 0 : 80.281501 ]
[80.282s][info][gc       ] [OBJCREAT 243538024 25285 11767808 : 80.281544 ]
[80.282s][info][gc       ] [HMSV All : 0 0 70 0 0 0 0 0 : 6158 0 0 0 : 80.281557 ]
[80.282s][info][gc       ] [HMSP 60 : 51112 0 : 80.281557 ]
[80.282s][info][gc       ] [VMAC 65530 170 24 492 686 : 80.281985 ]
[80.422s][info][gc       ] [GPGC-H  3713.1 606.2 1.1 0.0 : 131.9 : 0.000 0.000 : 0.000 0.000 0.604 1.386 : 0.000 0.000 0.000 0.000 1.442 0.556 : 0.000 : 82.037 : 1218 1798 28 0 : 2275 : 5720 5428 : 80.422417 : 9 Next_heuristic_check_may_be_too_late ]
[80.425s][info][safepoint] Application time: 0.1436420 seconds
[80.425s][info][safepoint] Total time for which application threads were stopped: 0.0001622 seconds, Stopping threads took: 0.0000004 seconds
[80.426s][info][gc       ] [SPS 0.000 0.004 0.004 0.007 0.000 0.001 0.000 0.141 0.013 0.162 NewGC_pause1 80.424823 ]
[80.731s][info][safepoint] Application time: 0.3065836 seconds
[80.732s][info][safepoint] Total time for which application threads were stopped: 0.0000515 seconds, Stopping threads took: 0.0000004 seconds
[80.732s][info][gc       ] [SPS 0.000 0.001 0.000 0.006 0.000 0.001 0.000 0.033 0.012 0.052 NewGC_pause2 80.731459 ]
[80.733s][info][safepoint] Application time: 0.0012824 seconds
[80.733s][info][safepoint] Total time for which application threads were stopped: 0.0000487 seconds, Stopping threads took: 0.0000004 seconds
[80.733s][info][gc       ] [SPS 0.000 0.001 0.000 0.005 0.000 0.001 0.000 0.031 0.011 0.049 NewGC_pause3 80.732790 ]
[80.734s][info][safepoint] Application time: 0.0012629 seconds
[80.734s][info][safepoint] Total time for which application threads were stopped: 0.0000609 seconds, Stopping threads took: 0.0000004 seconds
[80.735s][info][gc       ] [SPS 0.000 0.002 0.002 0.006 0.000 0.001 0.000 0.042 0.012 0.061 NewGC_pause4 80.734114 ]
[80.735s][info][gc       ] [GC New Max 216-198 : 6356 4886 4218 6356 - - 986 20 2 2 - : 2100 1798 28 292 2768 : 2090 11 675 675 0 : 0 1 767 0 916 - 134 : 0.141573 6823.3 14.1 0.311804 4971.1 0.0 : 3 --c 0000 : 23 0 0.000 0.000 0 0.000 0.000 0 0.000 0.000 : 80.422791 80.424661 0.000145 80.731407 0.000035 80.732741 0.000034 80.734053 0.000045 : 80.734595 ]
[80.735s][info][gc       ] [SYSINFO 8432 195 63 0 7885 0 16 0 0 6942 : - - - - - - - - : 0 7168 : 3.29 2.79 1.99 : 271935 4216596 : 0 0 : 21 0 : 2445 2 0 267 : - 8538808320 583921664 1066450944 7200940032 203833344 66772992 : 139899904 24534460 499180 0 0 0 : 80.734866 ]
[80.735s][info][gc       ] [HUGEPAGESTAT 0 0 0 - 83087 0 0 : 350208 0 0 : 80.734866 ]
[80.735s][info][gc       ] [OBJCREAT 246028650 25285 11767808 : 80.734913 ]
[80.735s][info][gc       ] [HMSV All : 0 0 80 0 0 0 0 0 : 6158 0 0 0 : 80.734926 ]
[80.735s][info][gc       ] [HMSP 60 : 51112 0 : 80.734926 ]
[80.735s][info][gc       ] [VMAC 65530 170 24 492 686 : 80.735418 ]
[80.836s][info][gc       ] [GPGC-H  3713.1 547.4 1.0 0.0 : 119.1 : 0.000 0.000 : 0.000 0.000 0.598 1.386 : 0.000 0.000 0.000 0.000 1.417 0.556 : 0.000 : 81.762 : 2478 1798 28 0 : 2275 : 5720 5428 : 80.835943 : 9 Next_heuristic_check_may_be_too_late ]
[80.839s][info][safepoint] Application time: 0.1045861 seconds
[80.839s][info][safepoint] Total time for which application threads were stopped: 0.0001850 seconds, Stopping threads took: 0.0000004 seconds
[80.840s][info][gc       ] [SPS 0.000 0.003 0.003 0.006 0.000 0.001 0.000 0.161 0.017 0.185 NewGC_pause1 80.838885 ]
[81.384s][info][safepoint] Application time: 0.5451619 seconds
[81.385s][info][safepoint] Total time for which application threads were stopped: 0.0000823 seconds, Stopping threads took: 0.0000005 seconds
[81.385s][info][gc       ] [SPS 0.000 0.001 0.000 0.007 0.000 0.001 0.000 0.059 0.015 0.082 NewGC_pause2 81.384129 ]
[81.386s][info][safepoint] Application time: 0.0017041 seconds
[81.386s][info][safepoint] Total time for which application threads were stopped: 0.0000481 seconds, Stopping threads took: 0.0000004 seconds
[81.387s][info][gc       ] [SPS 0.000 0.000 0.000 0.005 0.000 0.001 0.000 0.038 0.004 0.048 NewGC_pause3 81.385881 ]
[81.401s][info][safepoint] Application time: 0.0151824 seconds
[81.402s][info][safepoint] Total time for which application threads were stopped: 0.0000665 seconds, Stopping threads took: 0.0000004 seconds
[81.402s][info][gc       ] [SPS 0.000 0.004 0.004 0.006 0.000 0.001 0.000 0.044 0.016 0.067 NewGC_pause4 81.401130 ]
[81.512s][info][gc       ] [GC New Max 217-199 : 6356 5970 5758 6356 - - 986 20 2 2 - : 3640 1798 28 292 3852 : 3130 9 715 715 98 : 0 287 684 0 1765 - 55 : 0.101840 3731.4 0.0 0.675451 2623.4 0.0 : 3 --c 0000 : 23 3841 0.000 0.000 0 0.000 0.000 3841 0.000 0.000 : 80.836435 80.838700 0.000143 81.384047 0.000061 81.385833 0.000038 81.401064 0.000046 : 81.511886 ]
[81.512s][info][gc       ] [SYSINFO 8432 195 63 0 7885 0 16 0 0 6942 : - - - - - - - - : 0 7168 : 3.29 2.79 1.99 : 271935 4216596 : 0 0 : 21 0 : 2445 2 0 267 : - 8538808320 583921664 1066450944 7200940032 203833344 66772992 : 139899904 24537200 499290 0 0 0 : 81.512170 ]
[81.512s][info][gc       ] [HUGEPAGESTAT 0 0 0 - 83087 0 0 : 350208 0 0 : 81.512170 ]
[81.512s][info][gc       ] [OBJCREAT 248160937 25285 11767808 : 81.512220 ]
[81.512s][info][gc       ] [HMSV All : 0 0 80 0 0 0 0 0 : 6158 0 0 0 : 81.512243 ]
[81.512s][info][gc       ] [HMSP 60 : 51112 0 : 81.512243 ]
[81.513s][info][gc       ] [GPGC-H  3921.8 547.4 1.0 0.0 : 119.1 : 0.000 0.000 : 0.000 0.000 0.675 1.386 : 0.000 0.000 0.000 0.000 1.417 0.556 : 0.000 : 86.898 : 3644 1798 28 0 : 2275 : 5720 5428 : 81.513109 : 3 Heap_use_exceeded_committed ]
[81.513s][info][gc       ] [VMAC 65530 170 24 492 686 : 81.512811 ]
[81.520s][info][safepoint] Application time: 0.1181606 seconds
[81.520s][info][safepoint] Total time for which application threads were stopped: 0.0003317 seconds, Stopping threads took: 0.0000005 seconds
[81.520s][info][gc       ] [SPS 0.000 0.001 0.005 0.009 0.000 0.001 0.000 0.296 0.025 0.332 NewGC_pause1 81.519623 ]
[82.117s][info][safepoint] Application time: 0.5973851 seconds
[82.118s][info][safepoint] Total time for which application threads were stopped: 0.0001622 seconds, Stopping threads took: 0.0000004 seconds
[82.118s][info][gc       ] [SPS 0.000 0.002 0.000 0.005 0.000 0.001 0.000 0.133 0.023 0.162 NewGC_pause2 82.117171 ]
[82.119s][info][safepoint] Application time: 0.0014458 seconds
[82.119s][info][safepoint] Total time for which application threads were stopped: 0.0000437 seconds, Stopping threads took: 0.0000004 seconds
[82.119s][info][gc       ] [SPS 0.000 0.000 0.000 0.005 0.000 0.001 0.000 0.034 0.003 0.044 NewGC_pause3 82.118660 ]
[82.121s][info][safepoint] Application time: 0.0019627 seconds
[82.121s][info][safepoint] Total time for which application threads were stopped: 0.0000620 seconds, Stopping threads took: 0.0000004 seconds
[82.121s][info][gc       ] [SPS 0.000 0.184 0.002 0.006 0.000 0.001 0.000 0.040 0.015 0.062 NewGC_pause4 82.120685 ]
[82.122s][info][gc       ] [GC NTO Max 218-200 : 6356 6148 4366 6356 - - 986 20 2 2 - : 2246 1798 28 292 4030 : 2135 7 1886 1886 0 : 0 3 184 0 1068 - 55 : 0.001502 2662.6 0.0 0.607873 644.9 0.0 : 3 --c 0000 : 23 9320 0.000 0.000 0 0.000 0.000 9320 0.000 0.000 : 81.513388 81.519292 0.000207 82.117008 0.000043 82.118616 0.000037 82.120623 0.000043 : 82.121261 ]
[82.122s][info][gc       ] [SYSINFO 8432 195 63 0 7885 0 16 0 0 6942 : - - - - - - - - : 0 7168 : 3.29 2.79 1.99 : 271935 4216596 : 0 0 : 21 0 : 2445 2 0 267 : - 8538808320 583921664 1066450944 7200940032 203833344 66772992 : 139899904 24539220 499340 0 0 0 : 82.121489 ]
[82.122s][info][gc       ] [HUGEPAGESTAT 0 0 0 - 83087 0 0 : 350208 0 0 : 82.121489 ]
[82.122s][info][gc       ] [OBJCREAT 248563580 25352 11767808 : 82.121532 ]
[82.122s][info][gc       ] [HMSV All : 0 0 80 0 0 0 0 0 : 6158 0 0 0 : 82.121549 ]
[82.122s][info][gc       ] [HMSP 60 : 51112 0 : 82.121549 ]
[82.122s][info][gc       ] [GPGC-H  3840.3 547.4 1.0 0.0 : 119.1 : 0.000 0.000 : 0.000 0.000 0.673 1.386 : 0.000 0.000 0.000 0.000 1.417 0.556 : 0.000 : 99.753 : 2248 1798 28 0 : 2275 : 5720 5428 : 82.121753 : 8 May_exceed_heap_occupancy_target ]
[82.122s][info][gc       ] [VMAC 65530 170 24 492 686 : 82.121975 ]
[82.123s][info][safepoint] Application time: 0.0018189 seconds
[82.123s][info][safepoint] Total time for which application threads were stopped: 0.0004735 seconds, Stopping threads took: 0.0000004 seconds
[82.123s][info][gc       ] [SPS 0.000 0.001 0.000 0.006 0.000 0.001 0.000 0.453 0.013 0.474 OldGC_pause2 82.122977 ]
[82.125s][info][safepoint] Application time: 0.0017626 seconds
[82.125s][info][safepoint] Total time for which application threads were stopped: 0.0000500 seconds, Stopping threads took: 0.0000004 seconds
[82.125s][info][gc       ] [SPS 0.000 0.000 0.000 0.006 0.000 0.001 0.000 0.031 0.012 0.050 OldGC_pause3 82.124790 ]
[82.130s][info][safepoint] Application time: 0.0051849 seconds
[82.130s][info][safepoint] Total time for which application threads were stopped: 0.0001018 seconds, Stopping threads took: 0.0000004 seconds
[82.130s][info][gc       ] [SPS 0.000 0.374 0.002 0.006 0.000 0.001 0.000 0.079 0.016 0.102 NewGC_pause1 82.130077 ]
[82.815s][info][safepoint] Application time: 0.6845997 seconds
[82.815s][info][safepoint] Total time for which application threads were stopped: 0.0000550 seconds, Stopping threads took: 0.0000004 seconds
[82.816s][info][gc       ] [SPS 0.000 0.001 0.000 0.006 0.000 0.001 0.000 0.036 0.012 0.055 NewGC_pause2 82.814732 ]
[82.816s][info][safepoint] Application time: 0.0014366 seconds
[82.817s][info][safepoint] Total time for which application threads were stopped: 0.0000569 seconds, Stopping threads took: 0.0000004 seconds
[82.817s][info][gc       ] [SPS 0.000 0.000 0.000 0.006 0.000 0.001 0.000 0.038 0.012 0.057 NewGC_pause3 82.816225 ]
[82.832s][info][safepoint] Application time: 0.0156371 seconds
[82.832s][info][safepoint] Total time for which application threads were stopped: 0.0001641 seconds, Stopping threads took: 0.0000004 seconds
[82.832s][info][gc       ] [SPS 0.000 0.003 0.004 0.006 0.000 0.001 0.000 0.135 0.022 0.164 NewGC_pause4 82.832027 ]
[82.940s][info][gc       ] [GC New Max 220-201 : 6356 5990 5816 6356 - - 986 20 2 2 - : 3698 1798 28 292 3872 : 3365 8 499 499 0 : 0 269 799 0 1794 - 55 : 0.005664 3531.2 0.0 0.813177 2314.4 0.0 : 3 --c 0000 : 23 5241 0.000 0.000 0 0.000 0.000 5241 0.000 0.000 : 82.126925 82.129975 0.000081 82.814677 0.000039 82.816168 0.000041 82.831866 0.000047 : 82.940102 ]
[82.940s][info][gc       ] [SYSINFO 8432 195 63 0 7885 0 16 0 0 6942 : - - - - - - - - : 0 7168 : 3.26 2.79 2.00 : 271935 4216596 : 0 0 : 21 0 : 2445 2 0 267 : - 8538808320 583921664 1066450944 7200940032 203833344 66772992 : 139899904 24542370 499360 0 0 0 : 82.940419 ]
[82.940s][info][gc       ] [HUGEPAGESTAT 0 0 0 - 83087 0 0 : 350208 0 0 : 82.940419 ]
[82.940s][info][gc       ] [OBJCREAT 250455104 25352 11767808 : 82.940472 ]
[82.941s][info][gc       ] [HMSV All : 0 0 80 0 0 0 0 0 : 6158 0 0 0 : 82.940508 ]
[82.941s][info][gc       ] [HMSP 60 : 51112 0 : 82.940508 ]
[82.941s][info][gc       ] [VMAC 65530 170 24 492 686 : 82.941049 ]
[82.942s][info][gc       ] [GPGC-H  3830.4 494.3 0.9 0.0 : 107.6 : 0.000 0.000 : 0.000 0.000 0.813 1.386 : 0.000 0.000 0.000 0.000 1.417 0.556 : 0.000 : 99.918 : 3704 1798 28 0 : 2275 : 5720 5428 : 82.941840 : 3 Heap_use_exceeded_committed ]
[82.944s][info][safepoint] Application time: 0.1118369 seconds
[82.944s][info][safepoint] Total time for which application threads were stopped: 0.0001211 seconds, Stopping threads took: 0.0000005 seconds
[82.945s][info][gc       ] [SPS 0.000 0.002 0.004 0.006 0.000 0.001 0.000 0.097 0.016 0.121 OldGC_pause4 82.943985 ]
[82.945s][info][gc       ] [GC Old Max 219-19 : 6356 6148 4042 6356 - - 986 20 2 2 - : 3710 10 30 292 1832 : 26 12 1791 1791 0 : 0 6 0 0 20 - 0 : 7.036384 4.5 0.3 1.429319 0.0 0.0 : 1 --c 0000 : 23   -    -    -    -    -    -    -    -    -  : 81.515066 81.519292 0.000207 82.122504 0.000430 82.124740 0.000035 82.943864 0.000101 : 82.944385 ]
[82.945s][info][gc       ] [SYSINFO 8432 195 63 0 7885 0 16 0 0 6942 : - - - - - - - - : 0 7168 : 3.26 2.79 2.00 : 271935 4216596 : 0 0 : 21 0 : 2445 2 0 267 : - 8538808320 583921664 1066450944 7200940032 203833344 66772992 : 139899904 24542370 499360 0 0 0 : 82.944591 ]
[82.945s][info][gc       ] [HUGEPAGESTAT 0 0 0 - 83087 0 0 : 350208 0 0 : 82.944591 ]
[82.945s][info][gc       ] [OBJCREAT 250466999 25352 11767808 : 82.944631 ]
[82.945s][info][gc       ] [HMSV All : 0 0 80 0 0 0 0 0 : 6158 0 0 0 : 82.944647 ]
[82.945s][info][gc       ] [HMSP 60 : 51112 0 : 82.944647 ]
[82.945s][info][gc       ] [COMPSTATS 1 : 5 0 : 1 0 : 0 0 : 517 5 0 0 0 0 : 0 0 0 0 0 0 : 132 134 15 : 522 0 0 0 0 0 0 : 522 0 0 0 0 0 0 ]
[82.945s][info][gc       ] [COMPSTATS 2 : 5 0 : 1 0 : 0 0 : 129 11 0 0 0 0 : 0 0 0 0 0 0 : 48891 48995 9410 : 69 45 26 0 0 0 0 : 32 86 17 4 1 0 0 ]
[82.945s][info][gc       ] [DEOPTSTATS 1 : 1 0 : 0 0 : 0 0 : 0 0 : 0 12 : 0 0 : 0 0 : 0 0 : 0 0 : 0 0 : 0 0 : 0 0 : 0 0 : 0 0 : 0 0 : 0 0 : 0 0 : 0 0 : 0 0 : 0 0 : 0 0 : 0 0 : 0 0 : 0 0 : 0 0 : 0 0 : 0 0 : 0 0 : 0 0 : 0 0 : 6 0 : 0 0 : 0 0 : 0 0 : 0 0 : 0 0 : 0 0 : 0 0 : 0 0 : 0 0 : 0 0 : 0 0 ]
[82.945s][info][gc       ] [DEOPTSTATS 2 : 0 0 : 0 0 : 0 0 : 0 0 : 0 0 : 0 0 : 0 11 : 0 0 : 0 0 : 0 0 : 0 0 : 0 0 : 0 0 : 0 0 : 0 0 : 0 0 : 0 0 : 0 0 : 0 0 : 0 0 : 0 0 : 0 0 : 0 0 : 0 0 : 0 0 : 0 0 : 0 0 : 0 0 : 0 0 : 0 0 : 5 0 : 0 0 : 0 0 : 0 0 : 0 1 : 0 0 : 0 0 : 0 0 : 0 0 : 0 3 : 0 0 : 0 0 ]
[82.945s][info][gc       ] [VMAC 65530 170 24 492 686 : 82.945122 ]
[82.946s][info][gc       ] [CCF 0 0 0 0 32 181248: 3071488 : 380 196608 : 3 49152 : 317 311808 :  510 633856 : 120 416256 : 0 0 : 15 1228800 : 1 2048]
[82.950s][info][safepoint] Application time: 0.0056226 seconds
[82.950s][info][safepoint] Total time for which application threads were stopped: 0.0001161 seconds, Stopping threads took: 0.0000005 seconds
[82.950s][info][gc       ] [SPS 0.000 0.002 0.002 0.006 0.000 0.001 0.000 0.095 0.014 0.116 NewGC_pause1 82.949724 ]
[83.511s][info][safepoint] Application time: 0.5610206 seconds
[83.511s][info][safepoint] Total time for which application threads were stopped: 0.0001622 seconds, Stopping threads took: 0.0000004 seconds
[83.512s][info][gc       ] [SPS 0.000 0.002 0.000 0.007 0.000 0.001 0.000 0.132 0.022 0.162 NewGC_pause2 83.510907 ]
[83.513s][info][safepoint] Application time: 0.0017734 seconds
[83.513s][info][safepoint] Total time for which application threads were stopped: 0.0001870 seconds, Stopping threads took: 0.0000005 seconds
[83.513s][info][gc       ] [SPS 0.000 0.000 0.000 0.007 0.000 0.001 0.000 0.158 0.021 0.187 NewGC_pause3 83.512867 ]
[83.528s][info][safepoint] Application time: 0.0155318 seconds
[83.529s][info][safepoint] Total time for which application threads were stopped: 0.0000681 seconds, Stopping threads took: 0.0000004 seconds
[83.529s][info][gc       ] [SPS 0.000 0.003 0.003 0.006 0.000 0.001 0.000 0.049 0.013 0.068 NewGC_pause4 83.528467 ]
[83.888s][info][gc       ] [GC New Max 221-202 : 6356 5824 5168 6356 - - 986 20 2 2 - : 4098 746 30 292 5450 : 3500 4 1943 1943 27 : 368 0 863 0 2050 - 0 : 0.005831 3087.1 0.0 0.941670 3215.6 0.0 : 3 --c 0000 : 23 0 0.000 0.000 0 0.000 0.000 0 0.000 0.000 : 82.945932 82.949608 0.000098 83.510745 0.000051 83.512680 0.000049 83.528399 0.000052 : 83.887602 ]
[83.888s][info][gc       ] [SYSINFO 8432 195 63 0 7885 0 16 0 0 6942 : - - - - - - - - : 0 7168 : 3.26 2.79 2.00 : 271935 4216596 : 0 0 : 21 0 : 2445 2 0 267 : - 8538808320 583921664 1066450944 7200940032 203833344 66772992 : 139899904 24545830 499490 0 0 0 : 83.887876 ]
[83.888s][info][gc       ] [HUGEPAGESTAT 0 0 0 - 83087 0 0 : 350208 0 0 : 83.887876 ]
[83.888s][info][gc       ] [OBJCREAT 253475009 25352 12359680 : 83.887934 ]
[83.888s][info][gc       ] [HMSV All : 0 0 80 0 0 0 0 0 : 6158 0 0 0 : 83.887961 ]
[83.888s][info][gc       ] [HMSP 60 : 51112 0 : 83.887961 ]
[83.889s][info][gc       ] [GPGC-H  3830.4 494.3 0.9 0.0 : 107.6 : 0.000 0.000 : 0.000 0.000 0.809 1.429 : 0.000 0.000 0.000 0.000 1.807 0.556 : 0.000 : 99.909 : 4104 746 30 0 : 2275 : 5720 5428 : 83.888788 : 8 May_exceed_heap_occupancy_target ]
[83.889s][info][gc       ] [VMAC 65530 170 24 492 686 : 83.888560 ]
[83.895s][info][safepoint] Application time: 0.3659229 seconds
[83.895s][info][safepoint] Total time for which application threads were stopped: 0.0001856 seconds, Stopping threads took: 0.0000004 seconds
[83.895s][info][gc       ] [SPS 0.000 0.001 0.025 0.007 0.000 0.001 0.000 0.158 0.019 0.186 NewGC_pause1 83.894576 ]
[84.314s][info][safepoint] Application time: 0.4197821 seconds
[84.315s][info][safepoint] Total time for which application threads were stopped: 0.0001170 seconds, Stopping threads took: 0.0000004 seconds
[84.315s][info][gc       ] [SPS 0.000 0.018 0.000 0.007 0.000 0.001 0.000 0.095 0.013 0.117 NewGC_pause2 84.314475 ]
[84.316s][info][safepoint] Application time: 0.0013059 seconds
[84.316s][info][safepoint] Total time for which application threads were stopped: 0.0000757 seconds, Stopping threads took: 0.0000004 seconds
[84.316s][info][gc       ] [SPS 0.000 0.000 0.000 0.007 0.000 0.001 0.000 0.054 0.014 0.076 NewGC_pause3 84.315857 ]
[84.319s][info][safepoint] Application time: 0.0023844 seconds
[84.319s][info][safepoint] Total time for which application threads were stopped: 0.0006209 seconds, Stopping threads took: 0.0000005 seconds
[84.319s][info][gc       ] [SPS 0.000 0.001 0.000 0.007 0.000 0.001 0.000 0.594 0.019 0.621 OldGC_pause2 84.318862 ]
[84.321s][info][safepoint] Application time: 0.0018434 seconds
[84.321s][info][safepoint] Total time for which application threads were stopped: 0.0000736 seconds, Stopping threads took: 0.0000004 seconds
[84.321s][info][gc       ] [SPS 0.000 0.000 0.000 0.007 0.000 0.001 0.000 0.038 0.027 0.074 OldGC_pause3 84.320779 ]
[84.333s][info][safepoint] Application time: 0.0116866 seconds
[84.333s][info][safepoint] Total time for which application threads were stopped: 0.0001168 seconds, Stopping threads took: 0.0000005 seconds
[84.333s][info][gc       ] [SPS 0.000 0.002 0.002 0.006 0.000 0.001 0.000 0.094 0.016 0.117 NewGC_pause4 84.332583 ]
[84.564s][info][gc       ] [GC NTO Max 222-203 : 6356 5986 3822 6356 - - 986 20 2 2 - : 2146 1354 30 292 4918 : 1847 4 3069 3069 5 : 304 0 399 0 1073 - 0 : 0.001511 3971.0 0.0 0.675004 2539.2 0.0 : 3 --c 0000 : 23 5227 0.000 0.000 0 0.000 0.000 5227 0.000 0.000 : 83.889113 83.894390 0.000159 84.314358 0.000100 84.315781 0.000058 84.332466 0.000097 : 84.564117 ]
[84.564s][info][gc       ] [SYSINFO 8432 195 63 0 7885 0 16 0 0 6942 : - - - - - - - - : 0 7168 : 3.26 2.79 2.00 : 271935 4216596 : 0 0 : 21 0 : 2445 2 0 267 : - 8538808320 583921664 1066450944 7200940032 203833344 66772992 : 139899904 24548770 499660 0 0 0 : 84.564374 ]
[84.564s][info][gc       ] [HUGEPAGESTAT 0 0 0 - 83087 0 0 : 350208 0 0 : 84.564374 ]
[84.564s][info][gc       ] [OBJCREAT 255183203 25352 12982272 : 84.564423 ]
[84.564s][info][gc       ] [HMSV All : 0 0 80 0 0 0 0 0 : 6158 0 0 0 : 84.564442 ]
[84.564s][info][gc       ] [HMSP 60 : 51112 0 : 84.564442 ]
[84.566s][info][gc       ] [GPGC-H  3769.7 494.3 0.9 0.0 : 107.6 : 0.000 0.000 : 0.000 0.000 0.801 1.429 : 0.000 0.000 0.000 0.000 2.080 0.556 : 0.000 : 99.905 : 2152 1354 30 0 : 2275 : 5720 5428 : 84.565543 : 8 May_exceed_heap_occupancy_target ]
[84.565s][info][gc       ] [VMAC 65530 170 24 492 686 : 84.564951 ]
[84.568s][info][safepoint] Application time: 0.2351573 seconds
[84.568s][info][safepoint] Total time for which application threads were stopped: 0.0001814 seconds, Stopping threads took: 0.0000005 seconds
[84.568s][info][gc       ] [SPS 0.000 0.002 0.004 0.006 0.000 0.001 0.000 0.150 0.024 0.182 OldGC_pause4 84.567922 ]
[84.573s][info][gc       ] [GC Old Max 223-20 : 6356 5986 3834 6356 - - 986 20 2 2 - : 2172 1344 26 292 1390 : 1362 7 3 3 0 : 0 6 304 0 630 - 55 : 0.946537 610.6 0.0 0.682145 891.3 0.0 : 1 --c 0000 : 23   -    -    -    -    -    -    -    -    -  : 83.890922 83.894390 0.000159 84.318241 0.000597 84.320706 0.000043 84.567740 0.000056 : 84.573067 ]
[84.573s][info][gc       ] [SYSINFO 8432 195 63 0 7885 0 16 0 0 6942 : - - - - - - - - : 0 7168 : 3.26 2.79 2.00 : 271935 4216596 : 0 0 : 21 0 : 2445 2 0 267 : - 8538808320 583921664 1066450944 7200940032 203833344 66772992 : 139899904 24548790 499660 0 0 0 : 84.573278 ]
[84.573s][info][gc       ] [HUGEPAGESTAT 0 0 0 - 83087 0 0 : 350208 0 0 : 84.573278 ]
[84.573s][info][gc       ] [OBJCREAT 255208972 25352 12982272 : 84.573318 ]
[84.573s][info][gc       ] [HMSV All : 0 0 80 0 0 0 0 0 : 6158 0 0 0 : 84.573332 ]
[84.573s][info][gc       ] [HMSP 60 : 51112 0 : 84.573332 ]
[84.573s][info][gc       ] [COMPSTATS 1 : 5 0 : 1 0 : 0 0 : 517 5 0 0 0 0 : 0 0 0 0 0 0 : 132 134 15 : 522 0 0 0 0 0 0 : 522 0 0 0 0 0 0 ]
[84.573s][info][gc       ] [COMPSTATS 2 : 5 0 : 1 0 : 0 0 : 129 11 0 0 0 0 : 0 0 0 0 0 0 : 48891 48995 9410 : 69 45 26 0 0 0 0 : 32 86 17 4 1 0 0 ]
[84.573s][info][gc       ] [DEOPTSTATS 1 : 1 0 : 0 0 : 0 0 : 0 0 : 0 12 : 0 0 : 0 0 : 0 0 : 0 0 : 0 0 : 0 0 : 0 0 : 0 0 : 0 0 : 0 0 : 0 0 : 0 0 : 0 0 : 0 0 : 0 0 : 0 0 : 0 0 : 0 0 : 0 0 : 0 0 : 0 0 : 0 0 : 0 0 : 0 0 : 0 0 : 6 0 : 0 0 : 0 0 : 0 0 : 0 0 : 0 0 : 0 0 : 0 0 : 0 0 : 0 0 : 0 0 : 0 0 ]
[84.573s][info][gc       ] [DEOPTSTATS 2 : 0 0 : 0 0 : 0 0 : 0 0 : 0 0 : 0 0 : 0 11 : 0 0 : 0 0 : 0 0 : 0 0 : 0 0 : 0 0 : 0 0 : 0 0 : 0 0 : 0 0 : 0 0 : 0 0 : 0 0 : 0 0 : 0 0 : 0 0 : 0 0 : 0 0 : 0 0 : 0 0 : 0 0 : 0 0 : 0 0 : 5 0 : 0 0 : 0 0 : 0 0 : 0 1 : 0 0 : 0 0 : 0 0 : 0 0 : 0 3 : 0 0 : 0 0 ]
[84.574s][info][gc       ] [VMAC 65530 170 24 492 686 : 84.573778 ]
[84.574s][info][gc       ] [CCF 0 0 0 0 32 181248: 3071488 : 380 196608 : 3 49152 : 317 311808 :  510 633856 : 120 416256 : 0 0 : 15 1228800 : 1 2048]
[84.575s][info][safepoint] Application time: 0.0066355 seconds
[84.575s][info][safepoint] Total time for which application threads were stopped: 0.0002786 seconds, Stopping threads took: 0.0000004 seconds
[84.575s][info][gc       ] [SPS 0.001 1.412 0.002 0.006 0.000 0.001 0.000 0.259 0.012 0.279 NewGC_pause1 84.574836 ]
[84.831s][info][safepoint] Application time: 0.2561013 seconds
[84.832s][info][safepoint] Total time for which application threads were stopped: 0.0001625 seconds, Stopping threads took: 0.0000005 seconds
[84.832s][info][gc       ] [SPS 0.000 0.001 0.000 0.007 0.000 0.001 0.000 0.127 0.027 0.163 NewGC_pause2 84.831100 ]
[84.833s][info][safepoint] Application time: 0.0017866 seconds
[84.833s][info][safepoint] Total time for which application threads were stopped: 0.0000700 seconds, Stopping threads took: 0.0000005 seconds
[84.834s][info][gc       ] [SPS 0.000 0.000 0.000 0.007 0.000 0.001 0.000 0.042 0.019 0.070 NewGC_pause3 84.832957 ]
[84.849s][info][safepoint] Application time: 0.0154749 seconds
[84.849s][info][safepoint] Total time for which application threads were stopped: 0.0001221 seconds, Stopping threads took: 0.0000005 seconds
[84.849s][info][gc       ] [SPS 0.000 0.004 0.012 0.007 0.001 0.001 0.001 0.083 0.029 0.122 NewGC_pause4 84.848554 ]
[85.006s][info][gc       ] [GC New Max 224-204 : 6356 4718 3552 6356 - - 986 20 2 2 - : 1514 1720 26 292 3056 : 1320 4 1733 1733 0 : 188 0 439 0 757 - 0 : 0.006142 2930.8 0.0 0.435787 3336.5 0.0 : 3 --c 0000 : 23 0 0.000 0.000 0 0.000 0.000 0 0.000 0.000 : 84.570259 84.574557 0.000264 84.830938 0.000047 84.832887 0.000046 84.848432 0.000078 : 85.006046 ]
[85.006s][info][gc       ] [SYSINFO 8432 195 63 0 7885 0 16 0 0 6942 : - - - - - - - - : 0 7168 : 3.26 2.79 2.00 : 271935 4216596 : 0 0 : 21 0 : 2445 2 0 267 : - 8538808320 583921664 1066450944 7200940032 203833344 66772992 : 139899904 24550510 499730 0 0 0 : 85.006327 ]
[85.006s][info][gc       ] [HUGEPAGESTAT 0 0 0 - 83087 0 0 : 350208 0 0 : 85.006327 ]
[85.006s][info][gc       ] [OBJCREAT 256639210 25352 13316096 : 85.006387 ]
[85.006s][info][gc       ] [HMSV All : 0 0 80 0 0 0 0 0 : 6158 0 0 0 : 85.006404 ]
[85.006s][info][gc       ] [HMSP 60 : 51112 0 : 85.006404 ]
[85.007s][info][gc       ] [VMAC 65530 170 24 492 686 : 85.006973 ]
[85.148s][info][gc       ] [GPGC-H  3769.7 732.2 0.8 0.0 : 97.8 : 0.000 0.000 : 0.000 0.000 0.792 1.375 : 0.000 0.000 0.000 0.000 2.077 0.489 : 0.000 : 99.897 : 1990 1720 26 0 : 2275 : 5720 5428 : 85.147563 : 8 May_exceed_heap_occupancy_target ]
[85.153s][info][safepoint] Application time: 0.3038262 seconds
[85.153s][info][safepoint] Total time for which application threads were stopped: 0.0003510 seconds, Stopping threads took: 0.0000003 seconds
[85.153s][info][gc       ] [SPS 0.000 0.001 0.008 0.007 0.000 0.001 0.000 0.320 0.022 0.351 NewGC_pause1 85.152731 ]
[85.327s][info][safepoint] Application time: 0.1741713 seconds
[85.327s][info][safepoint] Total time for which application threads were stopped: 0.0001045 seconds, Stopping threads took: 0.0000004 seconds
[85.327s][info][gc       ] [SPS 0.000 0.001 0.000 0.006 0.000 0.001 0.000 0.084 0.013 0.104 NewGC_pause2 85.327007 ]
[85.328s][info][safepoint] Application time: 0.0010801 seconds
[85.328s][info][safepoint] Total time for which application threads were stopped: 0.0000571 seconds, Stopping threads took: 0.0000004 seconds
[85.328s][info][gc       ] [SPS 0.000 0.000 0.000 0.006 0.000 0.001 0.000 0.036 0.013 0.057 NewGC_pause3 85.328144 ]
[85.337s][info][safepoint] Application time: 0.0084417 seconds
[85.337s][info][safepoint] Total time for which application threads were stopped: 0.0000776 seconds, Stopping threads took: 0.0000005 seconds
[85.337s][info][gc       ] [SPS 0.000 0.030 0.011 0.007 0.000 0.001 0.000 0.049 0.019 0.078 NewGC_pause4 85.336664 ]
[85.392s][info][gc       ] [GC NTO Max 225-205 : 6356 4626 2896 6356 - - 1007 20 2 2 - : 786 1792 26 292 2588 : 655 4 1931 1931 0 : 36 1 292 0 393 - 0 : 0.141870 3369.3 0.0 0.243570 3268.1 0.0 : 3 --c 0000 : 23 0 0.000 0.000 0 0.000 0.000 0 0.000 0.000 : 85.147916 85.152380 0.000254 85.326903 0.000088 85.328087 0.000040 85.336586 0.000054 : 85.391485 ]
[85.392s][info][gc       ] [SYSINFO 8450 195 63 0 7905 0 16 0 0 6942 : - - - - - - - - : 0 7168 : 3.26 2.79 2.00 : 271935 4216596 : 0 0 : 21 0 : 2445 3 0 267 : - 8560435200 583921664 1088077824 7200940032 203833344 66772992 : 139899904 24551810 499810 0 0 0 : 85.391742 ]
[85.392s][info][gc       ] [HUGEPAGESTAT 0 0 0 - 83087 0 0 : 350208 0 0 : 85.391742 ]
[85.392s][info][gc       ] [OBJCREAT 257903800 25352 13389824 : 85.391793 ]
[85.392s][info][gc       ] [HMSV All : 0 0 80 0 0 0 0 0 : 6158 0 0 0 : 85.391816 ]
[85.392s][info][gc       ] [HMSP 60 : 51112 0 : 85.391816 ]
[85.392s][info][gc       ] [VMAC 65530 170 24 492 686 : 85.392335 ]
[85.614s][info][gc       ] [GPGC-H  3769.7 732.2 0.8 0.0 : 97.8 : 0.000 0.000 : 0.000 0.000 0.781 1.375 : 0.000 0.000 0.000 0.000 2.071 0.489 : 0.000 : 99.249 : 1514 1792 28 0 : 2275 : 5720 5428 : 85.613918 : 8 May_exceed_heap_occupancy_target ]
[85.617s][info][safepoint] Application time: 0.2800720 seconds
[85.617s][info][safepoint] Total time for which application threads were stopped: 0.0002852 seconds, Stopping threads took: 0.0000004 seconds
[85.618s][info][gc       ] [SPS 0.000 0.033 0.009 0.007 0.000 0.001 0.000 0.252 0.025 0.285 NewGC_pause1 85.617021 ]
[85.730s][info][safepoint] Application time: 0.1131354 seconds
[85.731s][info][safepoint] Total time for which application threads were stopped: 0.0000673 seconds, Stopping threads took: 0.0000005 seconds
[85.731s][info][gc       ] [SPS 0.000 0.001 0.000 0.007 0.000 0.001 0.000 0.045 0.014 0.067 NewGC_pause2 85.730224 ]
[85.732s][info][safepoint] Application time: 0.0013664 seconds
[85.732s][info][safepoint] Total time for which application threads were stopped: 0.0000636 seconds, Stopping threads took: 0.0000039 seconds
[85.732s][info][gc       ] [SPS 0.000 0.000 0.000 0.006 0.004 0.001 0.000 0.038 0.014 0.063 NewGC_pause3 85.731654 ]
[85.733s][info][safepoint] Application time: 0.0010438 seconds
[85.733s][info][safepoint] Total time for which application threads were stopped: 0.0000674 seconds, Stopping threads took: 0.0000005 seconds
[85.733s][info][gc       ] [SPS 0.000 0.025 0.002 0.006 0.000 0.001 0.000 0.045 0.014 0.067 NewGC_pause4 85.732765 ]
[85.733s][info][gc       ] [GC New Max 227-206 : 6356 4024 2508 6356 - - 1007 20 2 2 - : 396 1792 28 292 1912 : 392 4 1520 1520 0 : 0 1 196 0 198 - 0 : 0.223024 3273.2 9.0 0.118474 3376.3 0.0 : 3 --c 0000 : 23 0 0.000 0.000 0 0.000 0.000 0 0.000 0.000 : 85.614509 85.616736 0.000259 85.730157 0.000050 85.731590 0.000045 85.732698 0.000049 : 85.732983 ]
[85.733s][info][gc       ] [SYSINFO 8451 195 63 0 7906 0 16 0 0 6942 : - - - - - - - - : 0 7168 : 3.26 2.79 2.00 : 271935 4216596 : 0 0 : 21 0 : 2445 3 0 267 : - 8560435200 583921664 1088077824 7200940032 203833344 66772992 : 139899904 24552810 499830 0 0 0 : 85.733224 ]
[85.733s][info][gc       ] [HUGEPAGESTAT 0 0 0 - 83087 0 0 : 350208 0 0 : 85.733224 ]
[85.733s][info][gc       ] [OBJCREAT 259020689 25352 13389824 : 85.733270 ]
[85.733s][info][gc       ] [HMSV All : 0 0 80 0 0 0 0 0 : 6158 0 0 0 : 85.733287 ]
[85.733s][info][gc       ] [HMSP 60 : 51112 0 : 85.733287 ]
[85.734s][info][gc       ] [VMAC 65530 170 24 492 686 : 85.733770 ]
[85.935s][info][gc       ] [GPGC-H  3769.7 732.2 0.8 0.0 : 97.8 : 0.000 0.000 : 0.000 0.000 0.770 1.375 : 0.000 0.000 0.000 0.000 2.058 0.489 : 0.000 : 98.238 : 1212 1792 28 0 : 2275 : 5720 5428 : 85.934545 : 8 May_exceed_heap_occupancy_target ]
[85.937s][info][safepoint] Application time: 0.2042759 seconds
[85.938s][info][safepoint] Total time for which application threads were stopped: 0.0001937 seconds, Stopping threads took: 0.0000004 seconds
[85.938s][info][gc       ] [SPS 0.000 0.023 0.004 0.006 0.000 0.001 0.000 0.171 0.015 0.193 NewGC_pause1 85.937235 ]
[86.021s][info][safepoint] Application time: 0.0832727 seconds
[86.021s][info][safepoint] Total time for which application threads were stopped: 0.0002429 seconds, Stopping threads took: 0.0000004 seconds
[86.022s][info][gc       ] [SPS 0.000 0.002 0.000 0.006 0.000 0.001 0.000 0.195 0.040 0.243 NewGC_pause2 86.020751 ]
[86.023s][info][safepoint] Application time: 0.0018482 seconds
[86.023s][info][safepoint] Total time for which application threads were stopped: 0.0000599 seconds, Stopping threads took: 0.0000004 seconds
[86.023s][info][gc       ] [SPS 0.000 0.001 0.000 0.007 0.000 0.001 0.000 0.039 0.013 0.060 NewGC_pause3 86.022659 ]
[86.024s][info][safepoint] Application time: 0.0010746 seconds
[86.024s][info][safepoint] Total time for which application threads were stopped: 0.0000660 seconds, Stopping threads took: 0.0000004 seconds
[86.024s][info][gc       ] [SPS 0.000 0.043 0.002 0.008 0.000 0.001 0.000 0.043 0.013 0.066 NewGC_pause4 86.023799 ]
[86.024s][info][gc       ] [GC New Max 228-207 : 6356 3586 2368 6356 - - 1007 20 2 2 - : 256 1792 28 292 1474 : 254 2 1220 1220 0 : 0 0 127 0 128 - 0 : 0.202126 4047.0 0.0 0.088939 2945.8 0.0 : 3 --c 0000 : 23 0 0.000 0.000 0 0.000 0.000 0 0.000 0.000 : 85.935109 85.937042 0.000174 86.020508 0.000145 86.022599 0.000043 86.023733 0.000049 : 86.024048 ]
[86.024s][info][gc       ] [SYSINFO 8451 195 63 0 7906 0 16 0 0 6942 : - - - - - - - - : 0 7168 : 3.26 2.79 2.00 : 271935 4216596 : 0 0 : 21 0 : 2445 3 0 267 : - 8560435200 583921664 1088077824 7200940032 203833344 66772992 : 139899904 24553610 499940 0 0 0 : 86.024279 ]
[86.024s][info][gc       ] [HUGEPAGESTAT 0 0 0 - 83087 0 0 : 350208 0 0 : 86.024279 ]
[86.024s][info][gc       ] [OBJCREAT 260091843 25352 13389824 : 86.024323 ]
[86.024s][info][gc       ] [HMSV All : 0 0 80 0 0 0 0 0 : 6158 0 0 0 : 86.024338 ]
[86.024s][info][gc       ] [HMSP 60 : 51112 0 : 86.024338 ]
[86.025s][info][gc       ] [VMAC 65530 170 24 492 686 : 86.024805 ]
[86.267s][info][gc       ] [GPGC-H  3769.7 732.2 0.8 0.0 : 97.8 : 0.000 0.000 : 0.000 0.000 0.761 1.375 : 0.000 0.000 0.000 0.000 2.042 0.489 : 0.000 : 97.334 : 1168 1792 28 0 : 2275 : 5720 5428 : 86.266859 : 8 May_exceed_heap_occupancy_target ]
[86.270s][info][safepoint] Application time: 0.2459859 seconds
[86.271s][info][safepoint] Total time for which application threads were stopped: 0.0003524 seconds, Stopping threads took: 0.0000004 seconds
[86.271s][info][gc       ] [SPS 0.000 0.099 0.003 0.006 0.000 0.001 0.000 0.318 0.034 0.360 NewGC_pause1 86.270146 ]
[86.312s][info][safepoint] Application time: 0.0413916 seconds
[86.313s][info][safepoint] Total time for which application threads were stopped: 0.0007516 seconds, Stopping threads took: 0.0000004 seconds
[86.313s][info][gc       ] [SPS 0.000 0.002 0.000 0.007 0.000 0.001 0.000 0.719 0.024 0.752 OldGC_pause2 86.312281 ]
[86.334s][info][safepoint] Application time: 0.0214851 seconds
[86.334s][info][safepoint] Total time for which application threads were stopped: 0.0000566 seconds, Stopping threads took: 0.0000004 seconds
[86.334s][info][gc       ] [SPS 0.000 0.001 0.000 0.006 0.000 0.001 0.000 0.036 0.012 0.056 NewGC_pause2 86.333823 ]
[86.335s][info][safepoint] Application time: 0.0014038 seconds
[86.336s][info][safepoint] Total time for which application threads were stopped: 0.0000633 seconds, Stopping threads took: 0.0000004 seconds
[86.336s][info][gc       ] [SPS 0.000 0.001 0.000 0.007 0.000 0.001 0.000 0.041 0.014 0.063 OldGC_pause3 86.335290 ]
[86.336s][info][safepoint] Application time: 0.0011169 seconds
[86.337s][info][safepoint] Total time for which application threads were stopped: 0.0000557 seconds, Stopping threads took: 0.0000004 seconds
[86.337s][info][gc       ] [SPS 0.000 0.000 0.000 0.006 0.000 0.001 0.000 0.036 0.012 0.056 NewGC_pause3 86.336463 ]
[86.340s][info][safepoint] Application time: 0.0036655 seconds
[86.340s][info][safepoint] Total time for which application threads were stopped: 0.0000885 seconds, Stopping threads took: 0.0000005 seconds
[86.340s][info][gc       ] [SPS 0.000 2.694 0.003 0.006 0.000 0.001 0.000 0.067 0.014 0.088 NewGC_pause4 86.340217 ]
[86.341s][info][gc       ] [GC New Max 229-208 : 6356 3538 2376 6356 - - 1007 20 2 2 - : 264 1792 28 292 1426 : 248 4 1176 1176 0 : 0 1 124 0 132 - 0 : 0.243472 3754.0 0.0 0.072995 3698.9 0.0 : 3 --c 0000 : 23 0 0.000 0.000 0 0.000 0.000 0 0.000 0.000 : 86.267521 86.269786 0.000255 86.333767 0.000040 86.336407 0.000040 86.340129 0.000069 : 86.340516 ]
[86.341s][info][gc       ] [SYSINFO 8451 195 63 0 7906 0 16 0 0 6942 : - - - - - - - - : 0 7168 : 3.26 2.79 2.00 : 271935 4216596 : 0 0 : 21 0 : 2445 3 0 267 : - 8560435200 583921664 1088077824 7200940032 203833344 66772992 : 139899904 24554440 500050 0 0 0 : 86.340769 ]
[86.341s][info][gc       ] [HUGEPAGESTAT 0 0 0 - 83087 0 0 : 350208 0 0 : 86.340769 ]
[86.341s][info][gc       ] [OBJCREAT 261262305 25352 13389824 : 86.340812 ]
[86.341s][info][gc       ] [HMSV All : 0 0 80 0 0 0 0 0 : 6158 0 0 0 : 86.340829 ]
[86.341s][info][gc       ] [HMSP 60 : 51112 0 : 86.340829 ]
[86.341s][info][gc       ] [VMAC 65530 170 24 492 686 : 86.341274 ]
[86.347s][info][safepoint] Application time: 0.0065166 seconds
[86.347s][info][safepoint] Total time for which application threads were stopped: 0.0000653 seconds, Stopping threads took: 0.0000004 seconds
[86.347s][info][gc       ] [SPS 0.000 0.002 0.002 0.006 0.000 0.001 0.000 0.039 0.018 0.065 OldGC_pause4 86.346799 ]
[86.356s][info][gc       ] [GC Old Max 226-21 : 6356 4718 2430 6356 - - 1007 20 2 2 - : 320 1788 30 292 1828 : 1806 12 2 2 0 : 0 9 37 2 854 - 55 : 0.576406 565.6 0.0 1.206691 59.7 1.7 : 1 --c 0000 : 23   -    -    -    -    -    -    -    -    -  : 85.149474 85.152380 0.000254 86.311530 0.000724 86.335227 0.000045 86.346734 0.000043 : 86.356165 ]
[86.356s][info][gc       ] [SYSINFO 8451 195 63 0 7906 0 16 0 0 6942 : - - - - - - - - : 0 7168 : 3.26 2.79 2.00 : 271935 4216596 : 0 0 : 21 0 : 2445 2 0 267 : - 8560435200 583921664 1088077824 7200940032 203833344 66772992 : 139899904 24554460 500060 0 0 0 : 86.356396 ]
[86.356s][info][gc       ] [HUGEPAGESTAT 0 0 0 - 83087 0 0 : 350208 0 0 : 86.356396 ]
[86.356s][info][gc       ] [OBJCREAT 261317808 25352 13389824 : 86.356439 ]
[86.356s][info][gc       ] [HMSV All : 0 0 80 0 0 0 0 0 : 6158 0 0 0 : 86.356453 ]
[86.356s][info][gc       ] [HMSP 60 : 51112 0 : 86.356453 ]
[86.356s][info][gc       ] [COMPSTATS 1 : 5 0 : 1 0 : 0 0 : 518 5 0 0 0 0 : 0 0 0 0 0 0 : 132 134 15 : 523 0 0 0 0 0 0 : 523 0 0 0 0 0 0 ]
[86.356s][info][gc       ] [COMPSTATS 2 : 5 0 : 1 0 : 0 0 : 129 11 0 0 0 0 : 0 0 0 0 0 0 : 48891 48995 9410 : 69 45 26 0 0 0 0 : 32 86 17 4 1 0 0 ]
[86.356s][info][gc       ] [DEOPTSTATS 1 : 1 0 : 0 0 : 0 0 : 0 0 : 0 12 : 0 0 : 0 0 : 0 0 : 0 0 : 0 0 : 0 0 : 0 0 : 0 0 : 0 0 : 0 0 : 0 0 : 0 0 : 0 0 : 0 0 : 0 0 : 0 0 : 0 0 : 0 0 : 0 0 : 0 0 : 0 0 : 0 0 : 0 0 : 0 0 : 0 0 : 6 0 : 0 0 : 0 0 : 0 0 : 0 0 : 0 0 : 0 0 : 0 0 : 0 0 : 0 0 : 0 0 : 0 0 ]
[86.356s][info][gc       ] [DEOPTSTATS 2 : 0 0 : 0 0 : 0 0 : 0 0 : 0 0 : 0 0 : 0 11 : 0 0 : 0 0 : 0 0 : 0 0 : 0 0 : 0 0 : 0 0 : 0 0 : 0 0 : 0 0 : 0 0 : 0 0 : 0 0 : 0 0 : 0 0 : 0 0 : 0 0 : 0 0 : 0 0 : 0 0 : 0 0 : 0 0 : 0 0 : 5 0 : 0 0 : 0 0 : 0 0 : 0 1 : 0 0 : 0 0 : 0 0 : 0 0 : 0 3 : 0 0 : 0 0 ]
[86.357s][info][gc       ] [VMAC 65530 170 24 492 686 : 86.357035 ]
[86.357s][info][gc       ] [CCF 0 0 0 0 32 181248: 3072000 : 380 196608 : 3 49152 : 317 311808 :  511 634368 : 120 416256 : 0 0 : 15 1228800 : 1 2048]
[86.582s][info][gc       ] [GPGC-H  3733.0 732.2 0.8 0.0 : 97.8 : 0.000 0.000 : 0.000 0.000 0.751 1.362 : 0.000 0.000 0.000 0.000 2.020 0.519 : 0.000 : 96.256 : 1120 1788 30 0 : 2275 : 5720 5428 : 86.582351 : 9 Next_heuristic_check_may_be_too_late ]
[86.585s][info][safepoint] Application time: 0.2378906 seconds
[86.585s][info][safepoint] Total time for which application threads were stopped: 0.0002666 seconds, Stopping threads took: 0.0000004 seconds
[86.586s][info][gc       ] [SPS 0.000 0.003 0.002 0.006 0.000 0.001 0.000 0.239 0.021 0.267 NewGC_pause1 86.584957 ]
[86.645s][info][safepoint] Application time: 0.0601307 seconds
[86.645s][info][safepoint] Total time for which application threads were stopped: 0.0001554 seconds, Stopping threads took: 0.0000005 seconds
[86.646s][info][gc       ] [SPS 0.000 0.001 0.000 0.020 0.000 0.001 0.000 0.113 0.021 0.155 NewGC_pause2 86.645243 ]
[86.646s][info][safepoint] Application time: 0.0008086 seconds
[86.646s][info][safepoint] Total time for which application threads were stopped: 0.0000722 seconds, Stopping threads took: 0.0000005 seconds
[86.647s][info][gc       ] [SPS 0.000 0.000 0.000 0.007 0.000 0.001 0.000 0.051 0.013 0.072 NewGC_pause3 86.646133 ]
[86.647s][info][safepoint] Application time: 0.0008821 seconds
[86.647s][info][safepoint] Total time for which application threads were stopped: 0.0000625 seconds, Stopping threads took: 0.0000005 seconds
[86.648s][info][gc       ] [SPSH lock suspend gclocker notify wait resuspend cleanup op_time wakeup total(ms) op_name end(s) ]
[86.648s][info][gc       ] [SPS 0.000 0.002 0.002 0.006 0.000 0.001 0.000 0.041 0.014 0.062 NewGC_pause4 86.647077 ]
[86.648s][info][gc       ] [GC New Max 230-209 : 6356 3446 2322 6356 - - 1007 20 2 2 - : 212 1788 30 292 1336 : 208 4 1126 1126 0 : 0 1 104 0 106 - 0 : 0.242406 3539.5 0.0 0.064369 3355.6 0.0 : 3 --c 0000 : 23 0 0.000 0.000 0 0.000 0.000 0 0.000 0.000 : 86.582922 86.584690 0.000208 86.645087 0.000077 86.646060 0.000055 86.647015 0.000045 : 86.647291 ]
[86.648s][info][gc       ] [SYSINFO 8451 195 63 0 7906 0 16 0 0 6942 : - - - - - - - - : 0 7168 : 3.26 2.79 2.00 : 271935 4216596 : 0 0 : 21 0 : 2445 2 0 267 : - 8560435200 583921664 1088077824 7200940032 203833344 66772992 : 139899904 24554930 500130 0 0 0 : 86.647557 ]
[86.648s][info][gc       ] [HUGEPAGESTAT 0 0 0 - 83087 0 0 : 350208 0 0 : 86.647557 ]
[86.648s][info][gc       ] [OBJCREAT 262325603 25352 13389824 : 86.647629 ]
[86.648s][info][gc       ] [HMSV All : 0 0 80 0 0 0 0 0 : 6158 0 0 0 : 86.647642 ]
[86.648s][info][gc       ] [HMSP 60 : 51112 0 : 86.647642 ]
[86.648s][info][gc       ] [VMAC 65530 170 24 492 686 : 86.648129 ]
[86.889s][info][gc       ] [GPGC-H  3733.0 732.2 0.8 0.0 : 97.8 : 0.000 0.000 : 0.000 0.000 0.741 1.362 : 0.000 0.000 0.000 0.000 1.995 0.519 : 0.000 : 95.196 : 1080 1788 30 0 : 2275 : 5720 5428 : 86.889223 : 9 Next_heuristic_check_may_be_too_late ]
[86.891s][info][safepoint] Application time: 0.2441243 seconds
[86.892s][info][safepoint] Total time for which application threads were stopped: 0.0002651 seconds, Stopping threads took: 0.0000004 seconds
[86.892s][info][gc       ] [SPS 0.000 0.003 0.003 0.006 0.000 0.001 0.000 0.236 0.022 0.265 NewGC_pause1 86.891467 ]
[86.952s][info][safepoint] Application time: 0.0605043 seconds
[86.953s][info][safepoint] Total time for which application threads were stopped: 0.0001520 seconds, Stopping threads took: 0.0000004 seconds
[86.953s][info][gc       ] [SPS 0.000 0.001 0.000 0.006 0.000 0.001 0.000 0.126 0.019 0.152 NewGC_pause2 86.952123 ]
[86.954s][info][safepoint] Application time: 0.0017209 seconds
[86.954s][info][safepoint] Total time for which application threads were stopped: 0.0000536 seconds, Stopping threads took: 0.0000005 seconds
[86.954s][info][gc       ] [SPS 0.000 0.000 0.000 0.006 0.000 0.001 0.000 0.033 0.013 0.054 NewGC_pause3 86.953898 ]
[86.955s][info][safepoint] Application time: 0.0011238 seconds
[86.955s][info][safepoint] Total time for which application threads were stopped: 0.0000595 seconds, Stopping threads took: 0.0000004 seconds
[86.956s][info][gc       ] [SPS 0.000 0.002 0.002 0.006 0.000 0.001 0.000 0.039 0.013 0.059 NewGC_pause4 86.955081 ]
[86.956s][info][gc       ] [GC New Max 231-210 : 6356 3416 2334 6356 - - 1007 20 2 2 - : 224 1788 30 292 1306 : 220 4 1085 1085 0 : 0 1 110 0 112 - 0 : 0.242342 3590.0 0.0 0.065683 3440.8 0.0 : 3 --c 0000 : 23 0 0.000 0.000 0 0.000 0.000 0 0.000 0.000 : 86.889633 86.891202 0.000131 86.951971 0.000091 86.953844 0.000037 86.955021 0.000042 : 86.955316 ]
[86.956s][info][gc       ] [SYSINFO 8451 195 63 0 7906 0 16 0 0 6942 : - - - - - - - - : 0 7168 : 3.26 2.79 2.00 : 271935 4216596 : 0 0 : 21 0 : 2445 2 0 267 : - 8560435200 583921664 1088077824 7200940032 203833344 66772992 : 139899904 24555420 500200 0 0 0 : 86.955530 ]
[86.956s][info][gc       ] [HUGEPAGESTAT 0 0 0 - 83087 0 0 : 350208 0 0 : 86.955530 ]
[86.956s][info][gc       ] [OBJCREAT 263411531 25352 13389824 : 86.955572 ]
[86.956s][info][gc       ] [HMSV All : 0 0 80 0 0 0 0 0 : 6158 0 0 0 : 86.955587 ]
[86.956s][info][gc       ] [HMSP 60 : 51112 0 : 86.955587 ]
[86.956s][info][gc       ] [VMAC 65530 170 24 492 686 : 86.956040 ]
[87.197s][info][gc       ] [GPGC-H  3733.0 670.4 0.8 0.0 : 89.1 : 0.000 0.000 : 0.000 0.000 0.732 1.362 : 0.000 0.000 0.000 0.000 1.970 0.519 : 0.000 : 94.152 : 1114 1788 30 0 : 2275 : 5720 5428 : 87.197270 : 9 Next_heuristic_check_may_be_too_late ]
[87.199s][info][safepoint] Application time: 0.2441008 seconds
[87.200s][info][safepoint] Total time for which application threads were stopped: 0.0002040 seconds, Stopping threads took: 0.0000004 seconds
[87.200s][info][gc       ] [SPS 0.000 0.008 0.006 0.006 0.000 0.001 0.000 0.164 0.032 0.204 NewGC_pause1 87.199386 ]
[87.259s][info][safepoint] Application time: 0.0594259 seconds
[87.260s][info][safepoint] Total time for which application threads were stopped: 0.0002076 seconds, Stopping threads took: 0.0000005 seconds
[87.260s][info][gc       ] [SPS 0.000 0.007 0.000 0.007 0.000 0.001 0.000 0.176 0.023 0.208 NewGC_pause2 87.259020 ]
[87.261s][info][safepoint] Application time: 0.0014878 seconds
[87.261s][info][safepoint] Total time for which application threads were stopped: 0.0000745 seconds, Stopping threads took: 0.0000004 seconds
[87.261s][info][gc       ] [SPS 0.000 0.000 0.000 0.006 0.000 0.001 0.000 0.043 0.024 0.075 NewGC_pause3 87.260582 ]
[87.262s][info][safepoint] Application time: 0.0010445 seconds
[87.262s][info][safepoint] Total time for which application threads were stopped: 0.0000660 seconds, Stopping threads took: 0.0000005 seconds
[87.262s][info][gc       ] [SPS 0.000 0.013 0.002 0.007 0.001 0.001 0.000 0.041 0.017 0.066 NewGC_pause4 87.261693 ]
[87.262s][info][gc       ] [GC New Max 232-211 : 6356 3438 2322 6356 - - 1007 20 2 2 - : 212 1788 30 292 1328 : 208 4 1119 1119 0 : 0 1 104 0 106 - 0 : 0.242331 3680.9 0.0 0.064335 3326.4 0.0 : 3 --c 0000 : 23 0 0.000 0.000 0 0.000 0.000 0 0.000 0.000 : 87.197647 87.199182 0.000167 87.258812 0.000048 87.260507 0.000047 87.261627 0.000046 : 87.261982 ]
[87.262s][info][gc       ] [SYSINFO 8451 195 63 0 7906 0 16 0 0 6942 : - - - - - - - - : 0 7168 : 3.08 2.76 1.99 : 271935 4216596 : 0 0 : 21 0 : 2445 2 0 267 : - 8560435200 583921664 1088077824 7200940032 203833344 66772992 : 139899904 24555870 500300 0 0 0 : 87.262241 ]
[87.262s][info][gc       ] [HUGEPAGESTAT 0 0 0 - 83087 0 0 : 350208 0 0 : 87.262241 ]
[87.262s][info][gc       ] [OBJCREAT 264507324 25352 13389824 : 87.262284 ]
[87.262s][info][gc       ] [HMSV All : 0 0 80 0 0 0 0 0 : 6158 0 0 0 : 87.262300 ]
[87.262s][info][gc       ] [HMSP 60 : 51112 0 : 87.262300 ]
[87.263s][info][gc       ] [VMAC 65530 170 24 492 686 : 87.262738 ]
[87.504s][info][gc       ] [GPGC-H  3733.0 670.4 0.8 0.0 : 89.1 : 0.000 0.000 : 0.000 0.000 0.722 1.362 : 0.000 0.000 0.000 0.000 1.945 0.519 : 0.000 : 93.123 : 1086 1788 30 0 : 2275 : 5720 5428 : 87.503768 : 9 Next_heuristic_check_may_be_too_late ]
[87.506s][info][safepoint] Application time: 0.2440993 seconds
[87.506s][info][safepoint] Total time for which application threads were stopped: 0.0002530 seconds, Stopping threads took: 0.0000004 seconds
[87.507s][info][gc       ] [SPS 0.000 0.003 0.003 0.006 0.000 0.001 0.000 0.209 0.036 0.253 NewGC_pause1 87.506045 ]
[87.566s][info][safepoint] Application time: 0.0597839 seconds
[87.566s][info][safepoint] Total time for which application threads were stopped: 0.0001298 seconds, Stopping threads took: 0.0000004 seconds
[87.567s][info][gc       ] [SPS 0.000 0.001 0.000 0.006 0.000 0.001 0.000 0.102 0.020 0.130 NewGC_pause2 87.565959 ]
[87.568s][info][safepoint] Application time: 0.0019559 seconds
[87.568s][info][safepoint] Total time for which application threads were stopped: 0.0000589 seconds, Stopping threads took: 0.0000004 seconds
[87.569s][info][gc       ] [SPS 0.000 0.000 0.000 0.006 0.000 0.001 0.000 0.038 0.014 0.059 NewGC_pause3 87.567974 ]
[87.569s][info][safepoint] Application time: 0.0010146 seconds
[87.569s][info][safepoint] Total time for which application threads were stopped: 0.0000637 seconds, Stopping threads took: 0.0000005 seconds
[87.569s][info][gc       ] [SPS 0.000 0.002 0.002 0.006 0.000 0.001 0.000 0.043 0.013 0.064 NewGC_pause4 87.569052 ]
[87.570s][info][gc       ] [GC New Max 233-212 : 6356 3418 2330 6356 - - 1007 20 2 2 - : 220 1788 30 292 1308 : 216 4 1091 1091 0 : 0 1 108 0 110 - 0 : 0.242333 3614.9 0.0 0.065010 3414.8 0.0 : 3 --c 0000 : 23 0 0.000 0.000 0 0.000 0.000 0 0.000 0.000 : 87.504315 87.505792 0.000176 87.565829 0.000042 87.567915 0.000040 87.568989 0.000046 : 87.569325 ]
[87.570s][info][gc       ] [SYSINFO 8451 195 63 0 7906 0 16 0 0 6942 : - - - - - - - - : 0 7168 : 3.08 2.76 1.99 : 271935 4216596 : 0 0 : 21 0 : 2445 4 0 267 : - 8560435200 583921664 1088077824 7200940032 203833344 66772992 : 139899904 24556360 500410 0 0 0 : 87.569570 ]
[87.570s][info][gc       ] [HUGEPAGESTAT 0 0 0 - 83087 0 0 : 350208 0 0 : 87.569570 ]
[87.570s][info][gc       ] [OBJCREAT 265594728 25352 13389824 : 87.569611 ]
[87.570s][info][gc       ] [HMSV All : 0 0 80 0 0 0 0 0 : 6158 0 0 0 : 87.569626 ]
[87.570s][info][gc       ] [HMSP 60 : 51112 0 : 87.569626 ]
[87.570s][info][gc       ] [VMAC 65530 170 24 492 686 : 87.570076 ]
[87.811s][info][gc       ] [GPGC-H  3733.0 670.4 0.8 0.0 : 89.1 : 0.000 0.000 : 0.000 0.000 0.713 1.362 : 0.000 0.000 0.000 0.000 1.920 0.519 : 0.000 : 92.108 : 1092 1788 30 0 : 2275 : 5720 5428 : 87.811263 : 9 Next_heuristic_check_may_be_too_late ]
[87.814s][info][safepoint] Application time: 0.2446224 seconds
[87.814s][info][safepoint] Total time for which application threads were stopped: 0.0002949 seconds, Stopping threads took: 0.0000008 seconds
[87.815s][info][gc       ] [SPS 0.000 0.005 0.004 0.010 0.001 0.001 0.001 0.247 0.035 0.295 NewGC_pause1 87.813970 ]
[87.873s][info][safepoint] Application time: 0.0589480 seconds
[87.874s][info][safepoint] Total time for which application threads were stopped: 0.0002063 seconds, Stopping threads took: 0.0000004 seconds
[87.874s][info][gc       ] [SPS 0.000 0.001 0.000 0.013 0.000 0.001 0.000 0.172 0.020 0.206 NewGC_pause2 87.873125 ]
[87.875s][info][safepoint] Application time: 0.0017634 seconds
[87.875s][info][safepoint] Total time for which application threads were stopped: 0.0001208 seconds, Stopping threads took: 0.0000004 seconds
[87.876s][info][gc       ] [SPS 0.000 0.000 0.000 0.006 0.000 0.001 0.000 0.085 0.028 0.121 NewGC_pause3 87.875009 ]
[87.876s][info][safepoint] Application time: 0.0011164 seconds
[87.876s][info][safepoint] Total time for which application threads were stopped: 0.0000615 seconds, Stopping threads took: 0.0000004 seconds
[87.876s][info][gc       ] [SPS 0.000 0.013 0.002 0.006 0.000 0.001 0.000 0.040 0.014 0.061 NewGC_pause4 87.876187 ]
[87.877s][info][gc       ] [GC New Max 234-213 : 6356 3432 2336 6356 - - 1007 20 2 2 - : 226 1788 30 292 1322 : 222 4 1098 1098 0 : 0 1 111 0 113 - 0 : 0.242434 3605.1 0.0 0.064699 3554.9 0.0 : 3 --c 0000 : 23 0 0.000 0.000 0 0.000 0.000 0 0.000 0.000 : 87.811759 87.813675 0.000182 87.872918 0.000081 87.874888 0.000089 87.876125 0.000043 : 87.876458 ]
[87.877s][info][gc       ] [SYSINFO 8451 195 63 0 7906 0 16 0 0 6942 : - - - - - - - - : 0 7168 : 3.08 2.76 1.99 : 271935 4216596 : 0 0 : 21 0 : 2445 2 0 267 : - 8560435200 583921664 1088077824 7200940032 203833344 66772992 : 139899904 24556840 500440 0 0 0 : 87.876680 ]
[87.877s][info][gc       ] [HUGEPAGESTAT 0 0 0 - 83087 0 0 : 350208 0 0 : 87.876680 ]
[87.877s][info][gc       ] [OBJCREAT 266689506 25352 13389824 : 87.876722 ]
[87.877s][info][gc       ] [HMSV All : 0 0 80 0 0 0 0 0 : 6158 0 0 0 : 87.876739 ]
[87.877s][info][gc       ] [HMSP 60 : 51112 0 : 87.876739 ]
[87.877s][info][gc       ] [VMAC 65530 170 24 492 686 : 87.877194 ]
[88.118s][info][gc       ] [GPGC-H  3733.0 670.4 0.8 0.0 : 89.1 : 0.000 0.000 : 0.000 0.000 0.704 1.362 : 0.000 0.000 0.000 0.000 1.895 0.519 : 0.000 : 91.107 : 1098 1788 30 0 : 2275 : 5720 5428 : 88.118369 : 9 Next_heuristic_check_may_be_too_late ]
[88.121s][info][safepoint] Application time: 0.2446002 seconds
[88.121s][info][safepoint] Total time for which application threads were stopped: 0.0002559 seconds, Stopping threads took: 0.0000004 seconds
[88.122s][info][gc       ] [SPS 0.000 0.003 0.002 0.005 0.000 0.001 0.000 0.216 0.033 0.256 NewGC_pause1 88.121043 ]
[88.179s][info][safepoint] Application time: 0.0581762 seconds
[88.180s][info][safepoint] Total time for which application threads were stopped: 0.0001077 seconds, Stopping threads took: 0.0000004 seconds
[88.180s][info][gc       ] [SPS 0.000 0.001 0.000 0.006 0.000 0.001 0.000 0.072 0.028 0.107 NewGC_pause2 88.179327 ]
[88.181s][info][safepoint] Application time: 0.0013304 seconds
[88.181s][info][safepoint] Total time for which application threads were stopped: 0.0000712 seconds, Stopping threads took: 0.0000004 seconds
[88.181s][info][gc       ] [SPS 0.000 0.000 0.000 0.006 0.000 0.001 0.000 0.052 0.012 0.071 NewGC_pause3 88.180729 ]
[88.182s][info][safepoint] Application time: 0.0012319 seconds
[88.182s][info][safepoint] Total time for which application threads were stopped: 0.0001803 seconds, Stopping threads took: 0.0000004 seconds
[88.182s][info][gc       ] [SPS 0.000 0.003 0.002 0.006 0.000 0.001 0.000 0.152 0.021 0.180 NewGC_pause4 88.182141 ]
[88.183s][info][gc       ] [GC New Max 235-214 : 6356 3428 2326 6356 - - 1007 20 2 2 - : 216 1788 30 292 1318 : 214 4 1104 1104 0 : 0 1 107 0 108 - 0 : 0.242372 3606.0 0.0 0.063462 3466.6 0.0 : 3 --c 0000 : 23 0 0.000 0.000 0 0.000 0.000 0 0.000 0.000 : 88.118830 88.120787 0.000182 88.179220 0.000075 88.180658 0.000055 88.181961 0.000046 : 88.182292 ]
[88.183s][info][gc       ] [SYSINFO 8451 195 63 0 7906 0 16 0 0 6942 : - - - - - - - - : 0 7168 : 3.08 2.76 1.99 : 271935 4216596 : 0 0 : 21 0 : 2445 3 0 267 : - 8560435200 583921664 1088077824 7200940032 203833344 66772992 : 139899904 24557300 500490 0 0 0 : 88.182580 ]
[88.183s][info][gc       ] [HUGEPAGESTAT 0 0 0 - 83087 0 0 : 350208 0 0 : 88.182580 ]
[88.183s][info][gc       ] [OBJCREAT 267772544 25352 13389824 : 88.182625 ]
[88.183s][info][gc       ] [HMSV All : 0 0 80 0 0 0 0 0 : 6158 0 0 0 : 88.182638 ]
[88.183s][info][gc       ] [HMSP 60 : 51112 0 : 88.182638 ]
[88.183s][info][gc       ] [VMAC 65530 170 24 492 686 : 88.183059 ]
[88.425s][info][gc       ] [GPGC-H  3708.7 670.4 0.8 0.0 : 89.1 : 0.000 0.000 : 0.000 0.000 0.695 1.362 : 0.000 0.000 0.000 0.000 1.870 0.519 : 0.000 : 90.119 : 1112 1788 30 0 : 2275 : 5720 5428 : 88.424520 : 9 Next_heuristic_check_may_be_too_late ]
[88.427s][info][safepoint] Application time: 0.2446906 seconds
[88.428s][info][safepoint] Total time for which application threads were stopped: 0.0005161 seconds, Stopping threads took: 0.0000004 seconds
[88.428s][info][gc       ] [SPS 0.000 0.003 0.003 0.006 0.000 0.001 0.000 0.483 0.025 0.516 NewGC_pause1 88.427348 ]
[88.502s][info][safepoint] Application time: 0.0747430 seconds
[88.503s][info][safepoint] Total time for which application threads were stopped: 0.0002262 seconds, Stopping threads took: 0.0000004 seconds
[88.503s][info][gc       ] [SPS 0.000 0.001 0.000 0.006 0.000 0.001 0.000 0.184 0.035 0.227 NewGC_pause2 88.502318 ]
[88.504s][info][safepoint] Application time: 0.0017695 seconds
[88.504s][info][safepoint] Total time for which application threads were stopped: 0.0000632 seconds, Stopping threads took: 0.0000004 seconds
[88.505s][info][gc       ] [SPS 0.000 0.000 0.000 0.007 0.000 0.001 0.000 0.037 0.018 0.063 NewGC_pause3 88.504150 ]
[88.505s][info][safepoint] Application time: 0.0012358 seconds
[88.506s][info][safepoint] Total time for which application threads were stopped: 0.0001000 seconds, Stopping threads took: 0.0000005 seconds
[88.506s][info][gc       ] [SPS 0.000 0.003 0.002 0.006 0.000 0.001 0.000 0.074 0.023 0.104 NewGC_pause4 88.505490 ]
[88.506s][info][gc       ] [GC New Max 236-215 : 6356 3430 2314 6356 - - 1007 20 2 2 - : 204 1788 30 292 1320 : 202 4 1118 1118 0 : 0 1 101 0 102 - 0 : 0.242790 3698.7 0.0 0.080676 2578.2 0.0 : 3 --c 0000 : 23 0 0.000 0.000 0 0.000 0.000 0 0.000 0.000 : 88.425082 88.426832 0.000406 88.502091 0.000122 88.504087 0.000041 88.505386 0.000077 : 88.505758 ]
[88.506s][info][gc       ] [SYSINFO 8451 195 63 0 7906 0 16 0 0 6942 : - - - - - - - - : 0 7168 : 3.08 2.76 1.99 : 271935 4216596 : 0 0 : 21 0 : 2445 3 0 267 : - 8560435200 583921664 1088077824 7200940032 203833344 66772992 : 139899904 24557820 500600 0 0 0 : 88.506065 ]
[88.506s][info][gc       ] [HUGEPAGESTAT 0 0 0 - 83087 0 0 : 350208 0 0 : 88.506065 ]
[88.506s][info][gc       ] [OBJCREAT 268867407 25352 13389824 : 88.506112 ]
[88.506s][info][gc       ] [HMSV All : 0 0 80 0 0 0 0 0 : 6158 0 0 0 : 88.506126 ]
[88.506s][info][gc       ] [HMSP 60 : 51112 0 : 88.506126 ]
[88.507s][info][gc       ] [VMAC 65530 170 24 492 686 : 88.506638 ]
[88.748s][info][gc       ] [GPGC-H  3708.7 670.4 0.8 0.0 : 89.1 : 0.000 0.000 : 0.000 0.000 0.686 1.362 : 0.000 0.000 0.000 0.000 1.845 0.519 : 0.000 : 89.152 : 1108 1788 30 0 : 2275 : 5720 5428 : 88.747568 : 9 Next_heuristic_check_may_be_too_late ]
[88.750s][info][safepoint] Application time: 0.2441681 seconds
[88.750s][info][safepoint] Total time for which application threads were stopped: 0.0003037 seconds, Stopping threads took: 0.0000005 seconds
[88.751s][info][gc       ] [SPS 0.000 0.003 0.004 0.006 0.000 0.001 0.000 0.266 0.030 0.304 NewGC_pause1 88.749958 ]
[88.810s][info][safepoint] Application time: 0.0595533 seconds
[88.810s][info][safepoint] Total time for which application threads were stopped: 0.0001615 seconds, Stopping threads took: 0.0000004 seconds
[88.811s][info][gc       ] [SPS 0.000 0.001 0.000 0.006 0.000 0.001 0.000 0.131 0.023 0.162 NewGC_pause2 88.809673 ]
[88.811s][info][safepoint] Application time: 0.0015402 seconds
[88.812s][info][safepoint] Total time for which application threads were stopped: 0.0000557 seconds, Stopping threads took: 0.0000004 seconds
[88.812s][info][gc       ] [SPS 0.000 0.000 0.000 0.006 0.000 0.001 0.000 0.034 0.014 0.056 NewGC_pause3 88.811269 ]
[88.812s][info][safepoint] Application time: 0.0010057 seconds
[88.812s][info][safepoint] Total time for which application threads were stopped: 0.0000696 seconds, Stopping threads took: 0.0000005 seconds
[88.813s][info][gc       ] [SPS 0.000 0.002 0.002 0.011 0.000 0.001 0.000 0.042 0.015 0.070 NewGC_pause4 88.812344 ]
[88.813s][info][gc       ] [GC New Max 237-216 : 6356 3432 2320 6356 - - 1007 20 2 2 - : 210 1788 30 292 1322 : 208 2 1114 1114 0 : 0 0 104 0 105 - 0 : 0.242274 3739.6 0.0 0.064528 3316.4 0.0 : 3 --c 0000 : 23 0 0.000 0.000 0 0.000 0.000 0 0.000 0.000 : 88.748032 88.749654 0.000197 88.809511 0.000099 88.811213 0.000038 88.812274 0.000051 : 88.812560 ]
[88.813s][info][gc       ] [SYSINFO 8451 195 63 0 7906 0 16 0 0 6942 : - - - - - - - - : 0 7168 : 3.08 2.76 1.99 : 271935 4216596 : 0 0 : 21 0 : 2445 2 0 267 : - 8560435200 583921664 1088077824 7200940032 203833344 66772992 : 139899904 24558310 500690 0 0 0 : 88.812824 ]
[88.813s][info][gc       ] [HUGEPAGESTAT 0 0 0 - 83087 0 0 : 350208 0 0 : 88.812824 ]
[88.813s][info][gc       ] [OBJCREAT 269977138 25352 13389824 : 88.812869 ]
[88.813s][info][gc       ] [HMSV All : 0 0 80 0 0 0 0 0 : 6158 0 0 0 : 88.812885 ]
[88.813s][info][gc       ] [HMSP 60 : 51112 0 : 88.812885 ]
[88.813s][info][gc       ] [VMAC 65530 170 24 492 686 : 88.813347 ]
[89.055s][info][gc       ] [GPGC-H  3708.7 610.7 0.7 0.0 : 81.2 : 0.000 0.000 : 0.000 0.000 0.677 1.362 : 0.000 0.000 0.000 0.000 1.821 0.519 : 0.000 : 88.193 : 1126 1788 30 0 : 2275 : 5720 5428 : 89.054624 : 9 Next_heuristic_check_may_be_too_late ]
[89.057s][info][safepoint] Application time: 0.2446848 seconds
[89.058s][info][safepoint] Total time for which application threads were stopped: 0.0003421 seconds, Stopping threads took: 0.0000004 seconds
[89.058s][info][gc       ] [SPS 0.000 0.003 0.002 0.006 0.000 0.001 0.000 0.301 0.034 0.342 NewGC_pause1 89.057372 ]
[89.120s][info][safepoint] Application time: 0.0624329 seconds
[89.120s][info][safepoint] Total time for which application threads were stopped: 0.0001627 seconds, Stopping threads took: 0.0000004 seconds
[89.121s][info][gc       ] [SPS 0.000 0.001 0.000 0.006 0.000 0.001 0.000 0.125 0.030 0.163 NewGC_pause2 89.119967 ]
[89.122s][info][safepoint] Application time: 0.0018314 seconds
[89.122s][info][safepoint] Total time for which application threads were stopped: 0.0000556 seconds, Stopping threads took: 0.0000004 seconds
[89.122s][info][gc       ] [SPS 0.000 0.000 0.000 0.006 0.000 0.001 0.000 0.035 0.013 0.056 NewGC_pause3 89.121854 ]
[89.123s][info][safepoint] Application time: 0.0009788 seconds
[89.123s][info][safepoint] Total time for which application threads were stopped: 0.0000809 seconds, Stopping threads took: 0.0000006 seconds
[89.123s][info][gc       ] [SPS 0.000 0.002 0.002 0.014 0.001 0.001 0.000 0.042 0.024 0.081 NewGC_pause4 89.122914 ]
[89.123s][info][gc       ] [GC New Max 238-217 : 6356 3466 2336 6356 - - 1007 20 2 2 - : 226 1788 30 292 1356 : 222 4 1133 1133 0 : 0 1 111 0 113 - 0 : 0.242575 3784.4 0.0 0.068049 3379.9 0.0 : 3 --c 0000 : 23 0 0.000 0.000 0 0.000 0.000 0 0.000 0.000 : 89.055135 89.057029 0.000265 89.119804 0.000091 89.121798 0.000038 89.122833 0.000052 : 89.123184 ]
[89.123s][info][gc       ] [SYSINFO 8451 195 63 0 7906 0 16 0 0 6942 : - - - - - - - - : 0 7168 : 3.08 2.76 1.99 : 271935 4216596 : 0 0 : 21 0 : 2445 2 0 267 : - 8560435200 583921664 1088077824 7200940032 203833344 66772992 : 139899904 24558810 500730 0 0 0 : 89.123439 ]
[89.123s][info][gc       ] [HUGEPAGESTAT 0 0 0 - 83087 0 0 : 350208 0 0 : 89.123439 ]
[89.123s][info][gc       ] [OBJCREAT 271112354 25352 13389824 : 89.123482 ]
[89.123s][info][gc       ] [HMSV All : 0 0 80 0 0 0 0 0 : 6158 0 0 0 : 89.123501 ]
[89.124s][info][gc       ] [HMSP 60 : 51112 0 : 89.123501 ]
[89.124s][info][gc       ] [VMAC 65530 170 24 492 686 : 89.124034 ]
[89.366s][info][gc       ] [GPGC-H  3708.7 610.7 0.7 0.0 : 81.2 : 0.000 0.000 : 0.000 0.000 0.668 1.362 : 0.000 0.000 0.000 0.000 1.798 0.519 : 0.000 : 87.249 : 1116 1788 30 0 : 2275 : 5720 5428 : 89.365649 : 9 Next_heuristic_check_may_be_too_late ]
[89.368s][info][safepoint] Application time: 0.2449937 seconds
[89.369s][info][safepoint] Total time for which application threads were stopped: 0.0002534 seconds, Stopping threads took: 0.0000004 seconds
[89.369s][info][gc       ] [SPS 0.000 0.004 0.003 0.006 0.000 0.001 0.000 0.232 0.014 0.253 NewGC_pause1 89.368161 ]
[89.435s][info][safepoint] Application time: 0.0666867 seconds
[89.435s][info][safepoint] Total time for which application threads were stopped: 0.0000619 seconds, Stopping threads took: 0.0000004 seconds
[89.435s][info][gc       ] [SPS 0.000 0.001 0.000 0.006 0.000 0.001 0.000 0.042 0.013 0.062 NewGC_pause2 89.434910 ]
[89.436s][info][safepoint] Application time: 0.0010268 seconds
[89.436s][info][safepoint] Total time for which application threads were stopped: 0.0000572 seconds, Stopping threads took: 0.0000004 seconds
[89.436s][info][gc       ] [SPS 0.000 0.000 0.000 0.006 0.000 0.001 0.000 0.038 0.012 0.057 NewGC_pause3 89.435994 ]
[89.437s][info][safepoint] Application time: 0.0009830 seconds
[89.437s][info][safepoint] Total time for which application threads were stopped: 0.0000600 seconds, Stopping threads took: 0.0000005 seconds
[89.437s][info][gc       ] [SPS 0.000 0.002 0.002 0.006 0.000 0.001 0.000 0.039 0.014 0.060 NewGC_pause4 89.437037 ]
[89.438s][info][gc       ] [GC New Max 239-218 : 6356 3472 2356 6356 - - 1007 20 2 2 - : 244 1788 30 292 1362 : 242 2 1121 1121 0 : 0 1 121 0 122 - 0 : 0.242882 3664.3 0.0 0.071211 3482.6 0.0 : 3 --c 0000 : 23 0 0.000 0.000 0 0.000 0.000 0 0.000 0.000 : 89.366066 89.367908 0.000235 89.434848 0.000045 89.435936 0.000041 89.436977 0.000043 : 89.437277 ]
[89.438s][info][gc       ] [SYSINFO 8451 195 63 0 7906 0 16 0 0 6942 : - - - - - - - - : 0 7168 : 3.08 2.76 1.99 : 271935 4216596 : 0 0 : 21 0 : 2445 2 0 267 : - 8560435200 583921664 1088077824 7200940032 203833344 66772992 : 139899904 24559320 500730 0 0 0 : 89.437515 ]
[89.438s][info][gc       ] [HUGEPAGESTAT 0 0 0 - 83087 0 0 : 350208 0 0 : 89.437515 ]
[89.438s][info][gc       ] [OBJCREAT 272241516 25352 13389824 : 89.437555 ]
[89.438s][info][gc       ] [HMSV All : 0 0 80 0 0 0 0 0 : 6158 0 0 0 : 89.437569 ]
[89.438s][info][gc       ] [HMSP 60 : 51112 0 : 89.437569 ]
[89.438s][info][gc       ] [VMAC 65530 170 24 492 686 : 89.437987 ]
[89.679s][info][gc       ] [GPGC-H  3708.7 610.7 0.7 0.0 : 81.2 : 0.000 0.000 : 0.000 0.000 0.660 1.362 : 0.000 0.000 0.000 0.000 1.774 0.519 : 0.000 : 86.318 : 1154 1788 30 0 : 2275 : 5720 5428 : 89.679370 : 9 Next_heuristic_check_may_be_too_late ]
[89.682s][info][safepoint] Application time: 0.2448726 seconds
[89.683s][info][safepoint] Total time for which application threads were stopped: 0.0003166 seconds, Stopping threads took: 0.0000004 seconds
[89.683s][info][gc       ] [SPS 0.000 0.003 0.003 0.006 0.000 0.001 0.000 0.290 0.035 0.333 NewGC_pause1 89.682243 ]
[89.742s][info][safepoint] Application time: 0.0596548 seconds
[89.742s][info][safepoint] Total time for which application threads were stopped: 0.0000536 seconds, Stopping threads took: 0.0000004 seconds
[89.743s][info][gc       ] [SPS 0.000 0.001 0.000 0.006 0.000 0.001 0.000 0.034 0.012 0.053 NewGC_pause2 89.741935 ]
[89.744s][info][safepoint] Application time: 0.0015562 seconds
[89.744s][info][safepoint] Total time for which application threads were stopped: 0.0000506 seconds, Stopping threads took: 0.0000004 seconds
[89.744s][info][gc       ] [SPS 0.000 0.000 0.000 0.006 0.000 0.001 0.000 0.032 0.012 0.051 NewGC_pause3 89.743541 ]
[89.745s][info][safepoint] Application time: 0.0010475 seconds
[89.745s][info][safepoint] Total time for which application threads were stopped: 0.0000635 seconds, Stopping threads took: 0.0000004 seconds
[89.745s][info][gc       ] [SPS 0.000 0.003 0.006 0.005 0.000 0.001 0.000 0.039 0.018 0.063 NewGC_pause4 89.744652 ]
[89.745s][info][gc       ] [GC New Max 240-219 : 6356 3490 2332 6356 - - 1007 20 2 2 - : 222 1788 30 292 1380 : 218 4 1160 1160 0 : 0 1 109 0 111 - 0 : 0.242598 3759.3 0.0 0.065010 3476.4 0.0 : 3 --c 0000 : 23 0 0.000 0.000 0 0.000 0.000 0 0.000 0.000 : 89.679876 89.681910 0.000259 89.741881 0.000038 89.743491 0.000035 89.744589 0.000042 : 89.744885 ]
[89.745s][info][gc       ] [SYSINFO 8451 195 63 0 7906 0 16 0 0 6942 : - - - - - - - - : 0 7168 : 3.08 2.76 1.99 : 271935 4216596 : 0 0 : 21 0 : 2445 2 0 267 : - 8560435200 583921664 1088077824 7200940032 203833344 66772992 : 139899904 24559800 500730 0 0 0 : 89.745134 ]
[89.745s][info][gc       ] [HUGEPAGESTAT 0 0 0 - 83087 0 0 : 350208 0 0 : 89.745134 ]
[89.745s][info][gc       ] [OBJCREAT 273367595 25352 13389824 : 89.745175 ]
[89.745s][info][gc       ] [HMSV All : 0 0 80 0 0 0 0 0 : 6158 0 0 0 : 89.745188 ]
[89.745s][info][gc       ] [HMSP 60 : 51112 0 : 89.745188 ]
[89.746s][info][gc       ] [VMAC 65530 170 24 492 686 : 89.745627 ]
[89.987s][info][gc       ] [GPGC-H  3708.7 610.7 0.7 0.0 : 81.2 : 0.000 0.000 : 0.000 0.000 0.651 1.362 : 0.000 0.000 0.000 0.000 1.751 0.519 : 0.000 : 85.398 : 1142 1788 30 0 : 2275 : 5720 5428 : 89.987109 : 9 Next_heuristic_check_may_be_too_late ]
[89.991s][info][safepoint] Application time: 0.2455692 seconds
[89.991s][info][safepoint] Total time for which application threads were stopped: 0.0003149 seconds, Stopping threads took: 0.0000004 seconds
[89.992s][info][gc       ] [SPS 0.000 0.003 0.003 0.006 0.000 0.001 0.000 0.295 0.012 0.315 NewGC_pause1 89.990537 ]
[90.050s][info][safepoint] Application time: 0.0592023 seconds
[90.050s][info][safepoint] Total time for which application threads were stopped: 0.0000968 seconds, Stopping threads took: 0.0000004 seconds
[90.050s][info][gc       ] [SPS 0.000 0.001 0.000 0.006 0.000 0.001 0.000 0.077 0.012 0.096 NewGC_pause2 90.049836 ]
[90.051s][info][safepoint] Application time: 0.0013601 seconds
[90.051s][info][safepoint] Total time for which application threads were stopped: 0.0000601 seconds, Stopping threads took: 0.0000004 seconds
[90.052s][info][gc       ] [SPS 0.000 0.001 0.000 0.006 0.000 0.001 0.000 0.042 0.011 0.060 NewGC_pause3 90.051256 ]
[90.052s][info][safepoint] Application time: 0.0010157 seconds
[90.053s][info][safepoint] Total time for which application threads were stopped: 0.0000648 seconds, Stopping threads took: 0.0000004 seconds
[90.053s][info][gc       ] [SPS 0.000 0.002 0.002 0.006 0.000 0.001 0.000 0.046 0.012 0.065 NewGC_pause4 90.052337 ]
[90.053s][info][gc       ] [GC New Max 241-220 : 6356 3480 2332 6356 - - 1007 20 2 2 - : 222 1788 30 292 1370 : 218 4 1151 1151 0 : 0 1 109 0 111 - 0 : 0.242846 3796.6 0.0 0.064838 3516.5 0.0 : 3 --c 0000 : 23 0 0.000 0.000 0 0.000 0.000 0 0.000 0.000 : 89.987732 89.990222 0.000302 90.049740 0.000081 90.051196 0.000036 90.052272 0.000048 : 90.052570 ]
[90.053s][info][gc       ] [SYSINFO 8451 195 63 0 7906 0 16 0 0 6942 : - - - - - - - - : 0 7168 : 3.08 2.76 1.99 : 271935 4216596 : 0 0 : 21 0 : 2445 2 0 267 : - 8560435200 583921664 1088077824 7200940032 203833344 66772992 : 139899904 24560260 500740 0 0 0 : 90.052780 ]
[90.053s][info][gc       ] [HUGEPAGESTAT 0 0 0 - 83087 0 0 : 350208 0 0 : 90.052780 ]
[90.053s][info][gc       ] [OBJCREAT 274504960 25352 13389824 : 90.052820 ]
[90.053s][info][gc       ] [HMSV All : 0 0 80 0 0 0 0 0 : 6158 0 0 0 : 90.052834 ]
[90.053s][info][gc       ] [HMSP 60 : 51112 0 : 90.052834 ]
[90.053s][info][gc       ] [VMAC 65530 170 24 492 686 : 90.053228 ]
[90.295s][info][gc       ] [GPGC-H  3708.7 610.7 0.7 0.0 : 81.2 : 0.000 0.000 : 0.000 0.000 0.643 1.362 : 0.000 0.000 0.000 0.000 1.729 0.519 : 0.000 : 84.490 : 1122 1788 30 0 : 2275 : 5720 5428 : 90.294817 : 9 Next_heuristic_check_may_be_too_late ]
[90.297s][info][safepoint] Application time: 0.2447709 seconds
[90.298s][info][safepoint] Total time for which application threads were stopped: 0.0002759 seconds, Stopping threads took: 0.0000005 seconds
[90.298s][info][gc       ] [SPS 0.000 0.003 0.003 0.006 0.000 0.001 0.000 0.255 0.014 0.276 NewGC_pause1 90.297384 ]
[90.357s][info][safepoint] Application time: 0.0596145 seconds
[90.358s][info][safepoint] Total time for which application threads were stopped: 0.0001429 seconds, Stopping threads took: 0.0000004 seconds
[90.358s][info][gc       ] [SPS 0.000 0.001 0.000 0.006 0.000 0.001 0.000 0.115 0.021 0.143 NewGC_pause2 90.357142 ]
[90.359s][info][safepoint] Application time: 0.0014803 seconds
[90.359s][info][safepoint] Total time for which application threads were stopped: 0.0000530 seconds, Stopping threads took: 0.0000005 seconds
[90.359s][info][gc       ] [SPS 0.000 0.000 0.000 0.006 0.000 0.001 0.000 0.033 0.013 0.053 NewGC_pause3 90.358675 ]
[90.360s][info][safepoint] Application time: 0.0010678 seconds
[90.360s][info][safepoint] Total time for which application threads were stopped: 0.0000708 seconds, Stopping threads took: 0.0000004 seconds
[90.360s][info][gc       ] [SPS 0.000 0.002 0.002 0.006 0.000 0.001 0.000 0.040 0.023 0.071 NewGC_pause4 90.359813 ]
[90.360s][info][gc       ] [GC New Max 242-221 : 6356 3448 2324 6356 - - 1007 20 2 2 - : 214 1788 30 292 1338 : 210 4 1127 1127 0 : 0 1 105 0 107 - 0 : 0.242667 3708.8 0.0 0.064842 3362.0 0.0 : 3 --c 0000 : 23 0 0.000 0.000 0 0.000 0.000 0 0.000 0.000 : 90.295237 90.297108 0.000260 90.356998 0.000043 90.358622 0.000036 90.359743 0.000044 : 90.360079 ]
[90.360s][info][gc       ] [SYSINFO 8451 195 63 0 7906 0 16 0 0 6942 : - - - - - - - - : 0 7168 : 3.08 2.76 1.99 : 271935 4216596 : 0 0 : 21 0 : 2445 3 0 267 : - 8560435200 583921664 1088077824 7200940032 203833344 66772992 : 139899904 24560760 500740 0 0 0 : 90.360312 ]
[90.360s][info][gc       ] [HUGEPAGESTAT 0 0 0 - 83087 0 0 : 350208 0 0 : 90.360312 ]
[90.360s][info][gc       ] [OBJCREAT 275612180 25352 13389824 : 90.360352 ]
[90.360s][info][gc       ] [HMSV All : 0 0 80 0 0 0 0 0 : 6158 0 0 0 : 90.360367 ]
[90.360s][info][gc       ] [HMSP 60 : 51112 0 : 90.360367 ]
[90.361s][info][gc       ] [VMAC 65530 170 24 492 686 : 90.360800 ]
[90.603s][info][gc       ] [GPGC-H  3691.4 610.7 0.7 0.0 : 81.2 : 0.000 0.000 : 0.000 0.000 0.635 1.362 : 0.000 0.000 0.000 0.000 1.707 0.519 : 0.000 : 83.596 : 1100 1788 30 0 : 2275 : 5720 5428 : 90.602603 : 9 Next_heuristic_check_may_be_too_late ]
[90.605s][info][safepoint] Application time: 0.2450158 seconds
[90.606s][info][safepoint] Total time for which application threads were stopped: 0.0002378 seconds, Stopping threads took: 0.0000004 seconds
[90.606s][info][gc       ] [SPS 0.000 0.003 0.003 0.006 0.000 0.001 0.000 0.218 0.013 0.238 NewGC_pause1 90.605067 ]
[90.667s][info][safepoint] Application time: 0.0613634 seconds
[90.667s][info][safepoint] Total time for which application threads were stopped: 0.0002533 seconds, Stopping threads took: 0.0000005 seconds
[90.668s][info][gc       ] [SPS 0.000 0.001 0.000 0.006 0.000 0.001 0.000 0.207 0.039 0.253 NewGC_pause2 90.666684 ]
[90.669s][info][safepoint] Application time: 0.0025589 seconds
[90.670s][info][safepoint] Total time for which application threads were stopped: 0.0002514 seconds, Stopping threads took: 0.0000005 seconds
[90.670s][info][gc       ] [SPS 0.000 0.000 0.000 0.010 0.000 0.001 0.000 0.222 0.018 0.251 NewGC_pause3 90.669494 ]
[90.671s][info][safepoint] Application time: 0.0010867 seconds
[90.671s][info][safepoint] Total time for which application threads were stopped: 0.0000619 seconds, Stopping threads took: 0.0000004 seconds
[90.671s][info][gc       ] [SPS 0.000 0.003 0.002 0.006 0.000 0.001 0.000 0.042 0.013 0.062 NewGC_pause4 90.670643 ]
[90.671s][info][gc       ] [GC New Max 243-222 : 6356 3434 2328 6356 - - 1007 20 2 2 - : 218 1788 30 292 1324 : 216 2 1108 1108 0 : 0 0 108 0 109 - 0 : 0.242952 3655.0 0.0 0.068040 3292.2 0.0 : 3 --c 0000 : 23 0 0.000 0.000 0 0.000 0.000 0 0.000 0.000 : 90.603031 90.604829 0.000222 90.666431 0.000115 90.669243 0.000226 90.670581 0.000045 : 90.671071 ]
[90.671s][info][gc       ] [SYSINFO 8451 195 63 0 7906 0 16 0 0 6942 : - - - - - - - - : 0 7168 : 3.08 2.76 1.99 : 271935 4216596 : 0 0 : 21 0 : 2445 3 0 267 : - 8560435200 583921664 1088077824 7200940032 203833344 66772992 : 139899904 24561240 500750 0 0 0 : 90.671347 ]
[90.671s][info][gc       ] [HUGEPAGESTAT 0 0 0 - 83087 0 0 : 350208 0 0 : 90.671347 ]
[90.671s][info][gc       ] [OBJCREAT 276714442 25352 13389824 : 90.671391 ]
[90.671s][info][gc       ] [HMSV All : 0 0 80 0 0 0 0 0 : 6158 0 0 0 : 90.671406 ]
[90.671s][info][gc       ] [HMSP 60 : 51112 0 : 90.671406 ]
[90.672s][info][gc       ] [VMAC 65530 170 24 492 686 : 90.671830 ]
[90.914s][info][gc       ] [GPGC-H  3691.4 610.7 0.7 0.0 : 81.2 : 0.000 0.000 : 0.000 0.000 0.627 1.362 : 0.000 0.000 0.000 0.000 1.685 0.519 : 0.000 : 82.715 : 1108 1788 30 0 : 2275 : 5720 5428 : 90.913528 : 9 Next_heuristic_check_may_be_too_late ]
[90.916s][info][safepoint] Application time: 0.2452852 seconds
[90.917s][info][safepoint] Total time for which application threads were stopped: 0.0003105 seconds, Stopping threads took: 0.0000008 seconds
[90.917s][info][gc       ] [SPS 0.000 0.004 0.003 0.010 0.001 0.001 0.001 0.247 0.051 0.311 NewGC_pause1 90.916239 ]
[90.975s][info][safepoint] Application time: 0.0589873 seconds
[90.976s][info][safepoint] Total time for which application threads were stopped: 0.0001715 seconds, Stopping threads took: 0.0000004 seconds
[90.976s][info][gc       ] [SPS 0.000 0.001 0.000 0.006 0.000 0.001 0.000 0.143 0.021 0.172 NewGC_pause2 90.975398 ]
[90.977s][info][safepoint] Application time: 0.0020297 seconds
[90.978s][info][safepoint] Total time for which application threads were stopped: 0.0000567 seconds, Stopping threads took: 0.0000004 seconds
[90.978s][info][gc       ] [SPS 0.000 0.001 0.000 0.006 0.000 0.001 0.000 0.036 0.013 0.057 NewGC_pause3 90.977485 ]
[90.979s][info][safepoint] Application time: 0.0009987 seconds
[90.979s][info][safepoint] Total time for which application threads were stopped: 0.0000599 seconds, Stopping threads took: 0.0000005 seconds
[90.979s][info][gc       ] [SPS 0.000 0.002 0.002 0.006 0.000 0.001 0.000 0.040 0.013 0.060 NewGC_pause4 90.978543 ]
[90.979s][info][gc       ] [GC New Max 244-223 : 6356 3442 2330 6356 - - 1007 20 2 2 - : 220 1788 30 292 1332 : 216 4 1114 1114 0 : 0 1 108 0 110 - 0 : 0.242914 3672.1 0.0 0.064798 3456.9 0.0 : 3 --c 0000 : 23 0 0.000 0.000 0 0.000 0.000 0 0.000 0.000 : 90.913985 90.915929 0.000206 90.975227 0.000101 90.977428 0.000040 90.978483 0.000043 : 90.978783 ]
[90.979s][info][gc       ] [SYSINFO 8451 195 63 0 7906 0 16 0 0 6942 : - - - - - - - - : 0 7168 : 3.08 2.76 1.99 : 271935 4216596 : 0 0 : 21 0 : 2445 4 0 267 : - 8560435200 583921664 1088077824 7200940032 203833344 66772992 : 139899904 24561730 500750 0 0 0 : 90.979061 ]
[90.979s][info][gc       ] [HUGEPAGESTAT 0 0 0 - 83087 0 0 : 350208 0 0 : 90.979061 ]
[90.979s][info][gc       ] [OBJCREAT 277817191 25352 13389824 : 90.979107 ]
[90.979s][info][gc       ] [HMSV All : 0 0 80 0 0 0 0 0 : 6158 0 0 0 : 90.979121 ]
[90.979s][info][gc       ] [HMSP 60 : 51112 0 : 90.979121 ]
[90.980s][info][gc       ] [VMAC 65530 170 24 492 686 : 90.979668 ]
[91.221s][info][gc       ] [GPGC-H  3691.4 556.7 0.6 0.0 : 74.0 : 0.000 0.000 : 0.000 0.000 0.619 1.362 : 0.000 0.000 0.000 0.000 1.663 0.519 : 0.000 : 81.844 : 1104 1788 30 0 : 2275 : 5720 5428 : 91.221130 : 9 Next_heuristic_check_may_be_too_late ]
[91.224s][info][safepoint] Application time: 0.2447042 seconds
[91.224s][info][safepoint] Total time for which application threads were stopped: 0.0003257 seconds, Stopping threads took: 0.0000004 seconds
[91.224s][info][gc       ] [SPS 0.000 0.003 0.002 0.006 0.000 0.001 0.000 0.283 0.035 0.326 NewGC_pause1 91.223574 ]
[91.301s][info][safepoint] Application time: 0.0777495 seconds
[91.302s][info][safepoint] Total time for which application threads were stopped: 0.0001533 seconds, Stopping threads took: 0.0000004 seconds
[91.303s][info][gc       ] [SPS 0.000 0.001 0.000 0.006 0.000 0.001 0.000 0.126 0.020 0.153 NewGC_pause2 91.301477 ]
[91.304s][info][safepoint] Application time: 0.0029610 seconds
[91.305s][info][safepoint] Total time for which application threads were stopped: 0.0000549 seconds, Stopping threads took: 0.0000004 seconds
[91.305s][info][gc       ] [SPS 0.000 0.001 0.000 0.006 0.000 0.001 0.000 0.034 0.013 0.055 NewGC_pause3 91.304492 ]
[91.306s][info][safepoint] Application time: 0.0010673 seconds
[91.306s][info][safepoint] Total time for which application threads were stopped: 0.0000605 seconds, Stopping threads took: 0.0000005 seconds
[91.306s][info][gc       ] [SPS 0.000 0.003 0.002 0.006 0.000 0.001 0.000 0.040 0.014 0.060 NewGC_pause4 91.305620 ]
[91.306s][info][gc       ] [GC New Max 245-224 : 6356 3848 2746 6356 - - 1007 20 2 2 - : 634 1788 30 292 1738 : 628 11 1110 1110 0 : 0 1 314 0 265 - 52 : 0.242813 3648.9 0.0 0.084267 7571.1 0.0 : 3 --c 0000 : 23 0 0.000 0.000 0 0.000 0.000 0 0.000 0.000 : 91.221597 91.223248 0.000223 91.301323 0.000095 91.304437 0.000038 91.305560 0.000043 : 91.305864 ]
[91.306s][info][gc       ] [SYSINFO 8451 195 63 0 7906 0 16 0 0 6942 : - - - - - - - - : 0 7168 : 3.08 2.76 1.99 : 271935 4216596 : 0 0 : 21 0 : 2445 3 0 267 : - 8560435200 583921664 1088077824 7200940032 203833344 66772992 : 139899904 24562280 500760 0 0 0 : 91.306135 ]
[91.306s][info][gc       ] [HUGEPAGESTAT 0 0 0 - 83087 0 0 : 350208 0 0 : 91.306135 ]
[91.306s][info][gc       ] [OBJCREAT 279323932 25352 13389824 : 91.306178 ]
[91.306s][info][gc       ] [HMSV All : 0 0 87 0 0 0 0 0 : 6158 0 0 0 : 91.306193 ]
[91.306s][info][gc       ] [HMSP 60 : 51112 0 : 91.306193 ]
[91.307s][info][gc       ] [VMAC 65530 170 24 492 686 : 91.306640 ]
[91.468s][info][gc       ] [GPGC-H  3691.4 556.7 0.6 0.0 : 74.0 : 0.000 0.000 : 0.000 0.000 0.611 1.362 : 0.000 0.000 0.000 0.000 1.640 0.519 : 0.000 : 81.003 : 1524 1788 30 0 : 2275 : 5720 5428 : 91.467878 : 9 Next_heuristic_check_may_be_too_late ]
[91.471s][info][safepoint] Application time: 0.1648275 seconds
[91.471s][info][safepoint] Total time for which application threads were stopped: 0.0003425 seconds, Stopping threads took: 0.0000005 seconds
[91.472s][info][gc       ] [SPS 0.000 0.003 0.003 0.009 0.000 0.001 0.000 0.279 0.053 0.342 NewGC_pause1 91.470791 ]
[91.875s][info][safepoint] Application time: 0.4043168 seconds
[91.876s][info][safepoint] Total time for which application threads were stopped: 0.0001687 seconds, Stopping threads took: 0.0000004 seconds
[91.876s][info][gc       ] [SPS 0.000 0.001 0.000 0.006 0.000 0.001 0.000 0.142 0.020 0.169 NewGC_pause2 91.875276 ]
[91.877s][info][safepoint] Application time: 0.0015007 seconds
[91.877s][info][safepoint] Total time for which application threads were stopped: 0.0000538 seconds, Stopping threads took: 0.0000004 seconds
[91.877s][info][gc       ] [SPS 0.000 0.000 0.000 0.006 0.000 0.001 0.000 0.035 0.012 0.054 NewGC_pause3 91.876831 ]
[91.878s][info][safepoint] Application time: 0.0009718 seconds
[91.878s][info][safepoint] Total time for which application threads were stopped: 0.0000697 seconds, Stopping threads took: 0.0000004 seconds
[91.878s][info][gc       ] [SPS 0.000 0.003 0.002 0.006 0.000 0.001 0.000 0.042 0.021 0.070 NewGC_pause4 91.877872 ]
[91.878s][info][gc       ] [GC New Max 246-225 : 6356 4308 4130 6356 - - 1012 20 2 2 - : 2018 1788 30 292 2198 : 2008 7 185 185 0 : 0 0 327 0 917 - 92 : 0.162507 5513.6 0.0 0.409732 1635.2 0.0 : 3 --c 0000 : 23 0 0.000 0.000 0 0.000 0.000 0 0.000 0.000 : 91.468371 91.470448 0.000239 91.875107 0.000110 91.876777 0.000038 91.877802 0.000043 : 91.878103 ]
[91.878s][info][gc       ] [SYSINFO 8457 195 63 0 7912 0 16 0 0 6942 : - - - - - - - - : 0 7168 : 3.08 2.76 1.99 : 271935 4216596 : 0 0 : 21 0 : 2445 2 0 267 : - 8566652928 583921664 1094295552 7200940032 203833344 66772992 : 139899904 24564080 500770 0 0 0 : 91.878322 ]
[91.878s][info][gc       ] [HUGEPAGESTAT 0 0 0 - 83087 0 0 : 350208 0 0 : 91.878322 ]
[91.878s][info][gc       ] [OBJCREAT 280876405 25352 13389824 : 91.878362 ]
[91.878s][info][gc       ] [HMSV All : 0 0 90 0 0 0 0 0 : 6158 0 0 0 : 91.878376 ]
[91.878s][info][gc       ] [HMSP 60 : 51112 0 : 91.878376 ]
[91.879s][info][gc       ] [VMAC 65530 170 24 492 686 : 91.878830 ]
[92.000s][info][gc       ] [GPGC-H  3691.4 556.7 0.6 0.0 : 74.0 : 0.000 0.000 : 0.000 0.000 0.606 1.362 : 0.000 0.000 0.000 0.000 1.607 0.519 : 0.000 : 80.758 : 2444 1788 30 0 : 2275 : 5720 5428 : 91.999719 : 9 Next_heuristic_check_may_be_too_late ]
[92.003s][info][safepoint] Application time: 0.1249191 seconds
[92.004s][info][safepoint] Total time for which application threads were stopped: 0.0003056 seconds, Stopping threads took: 0.0000005 seconds
[92.004s][info][gc       ] [SPS 0.000 0.003 0.003 0.006 0.000 0.001 0.000 0.278 0.032 0.317 NewGC_pause1 92.003109 ]
[92.553s][info][safepoint] Application time: 0.5498164 seconds
[92.553s][info][safepoint] Total time for which application threads were stopped: 0.0000640 seconds, Stopping threads took: 0.0000004 seconds
[92.554s][info][gc       ] [SPS 0.000 0.001 0.000 0.005 0.000 0.001 0.000 0.051 0.006 0.064 NewGC_pause2 92.552982 ]
[92.554s][info][safepoint] Application time: 0.0013169 seconds
[92.555s][info][safepoint] Total time for which application threads were stopped: 0.0000569 seconds, Stopping threads took: 0.0000005 seconds
[92.555s][info][gc       ] [SPS 0.000 0.000 0.000 0.006 0.000 0.001 0.000 0.037 0.013 0.057 NewGC_pause3 92.554355 ]
[92.570s][info][safepoint] Application time: 0.0156326 seconds
[92.570s][info][safepoint] Total time for which application threads were stopped: 0.0000742 seconds, Stopping threads took: 0.0000005 seconds
[92.570s][info][gc       ] [SPS 0.000 0.003 0.003 0.006 0.000 0.001 0.000 0.047 0.020 0.074 NewGC_pause4 92.570062 ]
[92.682s][info][gc       ] [GC New Max 247-226 : 6356 5976 5788 6356 - - 1012 20 2 2 - : 3678 1788 30 292 3866 : 3174 11 686 686 98 : 0 288 706 0 1784 - 55 : 0.122078 3505.9 0.0 0.681600 2658.5 0.0 : 3 --c 0000 : 23 4252 0.000 0.000 0 0.000 0.000 4252 0.000 0.000 : 92.000181 92.002791 0.000237 92.552918 0.000045 92.554298 0.000040 92.569988 0.000049 : 92.681781 ]
[92.682s][info][gc       ] [SYSINFO 8457 195 63 0 7912 0 16 0 0 6942 : - - - - - - - - : 0 7168 : 3.16 2.79 2.01 : 271935 4216596 : 0 0 : 21 0 : 2445 2 0 267 : - 8566652928 583921664 1094295552 7200940032 203833344 66772992 : 139899904 24566850 500770 0 0 0 : 92.682093 ]
[92.682s][info][gc       ] [HUGEPAGESTAT 0 0 0 - 83087 0 0 : 350208 0 0 : 92.682093 ]
[92.682s][info][gc       ] [OBJCREAT 283099339 25352 13389824 : 92.682144 ]
[92.682s][info][gc       ] [HMSV All : 0 0 90 0 0 0 0 0 : 6158 0 0 0 : 92.682161 ]
[92.682s][info][gc       ] [HMSP 60 : 51112 0 : 92.682161 ]
[92.683s][info][gc       ] [VMAC 65530 170 24 492 686 : 92.682697 ]
[92.683s][info][gc       ] [GPGC-H  3694.3 556.7 0.6 0.0 : 74.0 : 0.000 0.000 : 0.000 0.000 0.681 1.362 : 0.000 0.000 0.000 0.000 1.607 0.519 : 0.000 : 84.810 : 3680 1788 30 0 : 2275 : 5720 5428 : 92.682860 : 3 Heap_use_exceeded_committed ]
[92.690s][info][safepoint] Application time: 0.1195367 seconds
[92.690s][info][safepoint] Total time for which application threads were stopped: 0.0001504 seconds, Stopping threads took: 0.0000005 seconds
[92.690s][info][gc       ] [SPS 0.000 0.001 0.003 0.006 0.000 0.001 0.000 0.128 0.014 0.150 NewGC_pause1 92.689750 ]
[93.244s][info][safepoint] Application time: 0.5537196 seconds
[93.244s][info][safepoint] Total time for which application threads were stopped: 0.0000556 seconds, Stopping threads took: 0.0000004 seconds
[93.244s][info][gc       ] [SPS 0.000 0.001 0.000 0.006 0.000 0.001 0.000 0.043 0.005 0.056 NewGC_pause2 93.243525 ]
[93.245s][info][safepoint] Application time: 0.0018960 seconds
[93.246s][info][safepoint] Total time for which application threads were stopped: 0.0000631 seconds, Stopping threads took: 0.0000004 seconds
[93.246s][info][gc       ] [SPS 0.000 0.000 0.000 0.005 0.000 0.001 0.000 0.054 0.003 0.063 NewGC_pause3 93.245484 ]
[93.248s][info][safepoint] Application time: 0.0020237 seconds
[93.248s][info][safepoint] Total time for which application threads were stopped: 0.0000911 seconds, Stopping threads took: 0.0000004 seconds
[93.248s][info][gc       ] [SPS 0.000 0.513 0.002 0.006 0.000 0.001 0.000 0.065 0.019 0.091 NewGC_pause4 93.247599 ]
[93.248s][info][gc       ] [GC NTO Max 248-227 : 6356 6134 4314 6356 - - 1012 20 2 2 - : 2204 1788 30 292 4024 : 2091 8 1922 1922 0 : 0 3 162 0 1047 - 55 : 0.001692 2363.7 0.0 0.564694 619.8 0.0 : 3 --c 0000 : 23 8917 0.000 0.000 0 0.000 0.000 8917 0.000 0.000 : 92.683473 92.689599 0.000129 93.243469 0.000043 93.245421 0.000055 93.247508 0.000066 : 93.248167 ]
[93.248s][info][gc       ] [SYSINFO 8457 195 63 0 7912 0 16 0 0 6942 : - - - - - - - - : 0 7168 : 3.16 2.79 2.01 : 271935 4216596 : 0 0 : 21 0 : 2445 2 0 267 : - 8566652928 583921664 1094295552 7200940032 203833344 66772992 : 139899904 24568660 500800 0 0 0 : 93.248391 ]
[93.248s][info][gc       ] [HUGEPAGESTAT 0 0 0 - 83087 0 0 : 366592 0 0 : 93.248391 ]
[93.248s][info][gc       ] [OBJCREAT 283459986 25416 13389824 : 93.248432 ]
[93.248s][info][gc       ] [HMSV All : 0 0 90 0 0 0 0 0 : 6158 0 0 0 : 93.248448 ]
[93.248s][info][gc       ] [HMSP 60 : 51112 0 : 93.248448 ]
[93.249s][info][gc       ] [GPGC-H  3622.8 502.7 0.6 0.0 : 66.8 : 0.000 0.000 : 0.000 0.000 0.678 1.362 : 0.000 0.000 0.000 0.000 1.607 0.519 : 0.000 : 99.701 : 2206 1788 30 0 : 2275 : 5720 5428 : 93.248851 : 8 May_exceed_heap_occupancy_target ]
[93.249s][info][gc       ] [VMAC 65530 170 24 492 686 : 93.248926 ]
[93.250s][info][safepoint] Application time: 0.0018594 seconds
[93.250s][info][safepoint] Total time for which application threads were stopped: 0.0005153 seconds, Stopping threads took: 0.0000004 seconds
[93.250s][info][gc       ] [SPS 0.000 0.000 0.000 0.006 0.000 0.001 0.000 0.496 0.012 0.515 OldGC_pause2 93.249974 ]
[93.252s][info][safepoint] Application time: 0.0016740 seconds
[93.252s][info][safepoint] Total time for which application threads were stopped: 0.0000519 seconds, Stopping threads took: 0.0000004 seconds
[93.252s][info][gc       ] [SPS 0.000 0.000 0.000 0.005 0.000 0.001 0.000 0.033 0.012 0.052 OldGC_pause3 93.251700 ]
[93.257s][info][safepoint] Application time: 0.0047746 seconds
[93.257s][info][safepoint] Total time for which application threads were stopped: 0.0001511 seconds, Stopping threads took: 0.0000004 seconds
[93.257s][info][gc       ] [SPS 0.000 0.124 0.002 0.006 0.000 0.001 0.000 0.118 0.026 0.151 NewGC_pause1 93.256625 ]
[93.985s][info][safepoint] Application time: 0.7284121 seconds
[93.986s][info][safepoint] Total time for which application threads were stopped: 0.0001660 seconds, Stopping threads took: 0.0000004 seconds
[93.986s][info][gc       ] [SPS 0.000 0.001 0.000 0.006 0.000 0.001 0.000 0.128 0.031 0.166 NewGC_pause2 93.985204 ]
[93.988s][info][safepoint] Application time: 0.0024021 seconds
[93.988s][info][safepoint] Total time for which application threads were stopped: 0.0001335 seconds, Stopping threads took: 0.0000004 seconds
[93.988s][info][gc       ] [SPS 0.000 0.005 0.000 0.005 0.000 0.001 0.000 0.107 0.020 0.134 NewGC_pause3 93.987739 ]
[94.003s][info][safepoint] Application time: 0.0147288 seconds
[94.003s][info][safepoint] Total time for which application threads were stopped: 0.0001516 seconds, Stopping threads took: 0.0000004 seconds
[94.003s][info][gc       ] [SPS 0.000 0.003 0.002 0.006 0.000 0.001 0.000 0.124 0.020 0.152 NewGC_pause4 94.002620 ]
[94.133s][info][gc       ] [GC New Max 250-228 : 6356 6026 5884 6356 - - 1012 20 2 2 - : 3626 1936 30 292 3916 : 3453 8 455 455 45 : 74 223 843 0 1758 - 55 : 0.005919 3041.1 0.0 0.878295 2222.5 0.0 : 3 --c 0000 : 23 8932 0.000 0.000 0 0.000 0.000 8932 0.000 0.000 : 93.254086 93.256474 0.000121 93.985038 0.000092 93.987606 0.000109 94.002468 0.000045 : 94.132381 ]
[94.133s][info][gc       ] [SYSINFO 8457 195 63 0 7912 0 16 0 0 6942 : - - - - - - - - : 0 7168 : 3.16 2.79 2.01 : 271935 4216636 : 0 0 : 26 0 : 2445 2 0 267 : - 8566652928 583921664 1094295552 7200940032 203833344 66772992 : 139899904 24572070 500910 0 0 0 : 94.132629 ]
[94.133s][info][gc       ] [HUGEPAGESTAT 0 0 0 - 83087 0 0 : 366592 0 0 : 94.132629 ]
[94.133s][info][gc       ] [OBJCREAT 285423114 25416 13514752 : 94.132676 ]
[94.133s][info][gc       ] [HMSV All : 0 0 90 0 0 0 0 0 : 6158 0 0 0 : 94.132699 ]
[94.133s][info][gc       ] [HMSP 60 : 51112 0 : 94.132699 ]
[94.134s][info][gc       ] [GPGC-H  3704.4 502.7 0.6 0.0 : 66.8 : 0.000 0.000 : 0.000 0.000 0.859 1.362 : 0.000 0.000 0.000 0.000 1.607 0.519 : 0.000 : 99.895 : 3630 1936 30 0 : 2275 : 5720 5428 : 94.133570 : 3 Heap_use_exceeded_committed ]
[94.133s][info][gc       ] [VMAC 65530 170 24 492 686 : 94.133223 ]
[94.135s][info][safepoint] Application time: 0.1323881 seconds
[94.135s][info][safepoint] Total time for which application threads were stopped: 0.0000634 seconds, Stopping threads took: 0.0000005 seconds
[94.136s][info][gc       ] [SPS 0.000 0.002 0.004 0.006 0.000 0.001 0.000 0.041 0.015 0.063 OldGC_pause4 94.135072 ]
[94.137s][info][gc       ] [GC Old Max 249-22 : 6356 6134 4118 6356 - - 1012 20 2 2 - : 3640 156 30 292 1970 : 174 15 1780 1780 0 : 0 6 74 0 93 - 0 : 6.329348 0.0 0.0 1.451235 84.1 0.0 : 1 --c 0000 : 23   -    -    -    -    -    -    -    -    -  : 92.685513 92.689599 0.000129 93.249458 0.000479 93.251648 0.000036 94.135008 0.000045 : 94.136748 ]
[94.137s][info][gc       ] [SYSINFO 8457 195 63 0 7912 0 16 0 0 6942 : - - - - - - - - : 0 7168 : 3.16 2.79 2.01 : 271935 4216636 : 0 0 : 26 0 : 2445 2 0 267 : - 8566652928 583921664 1094295552 7200940032 203833344 66772992 : 139899904 24572070 500910 0 0 0 : 94.136943 ]
[94.137s][info][gc       ] [HUGEPAGESTAT 0 0 0 - 83087 0 0 : 366592 0 0 : 94.136943 ]
[94.137s][info][gc       ] [OBJCREAT 285436992 25416 13514752 : 94.136980 ]
[94.137s][info][gc       ] [HMSV All : 0 0 90 0 0 0 0 0 : 6158 0 0 0 : 94.136994 ]
[94.137s][info][gc       ] [HMSP 60 : 51112 0 : 94.136994 ]
[94.137s][info][gc       ] [COMPSTATS 1 : 5 0 : 1 0 : 0 0 : 518 5 0 0 0 0 : 0 0 0 0 0 0 : 132 134 15 : 523 0 0 0 0 0 0 : 523 0 0 0 0 0 0 ]
[94.137s][info][gc       ] [COMPSTATS 2 : 5 0 : 1 0 : 0 0 : 129 11 0 0 0 0 : 0 0 0 0 0 0 : 48891 48995 9410 : 69 45 26 0 0 0 0 : 32 86 17 4 1 0 0 ]
[94.137s][info][gc       ] [DEOPTSTATS 1 : 1 0 : 0 0 : 0 0 : 0 0 : 0 12 : 0 0 : 0 0 : 0 0 : 0 0 : 0 0 : 0 0 : 0 0 : 0 0 : 0 0 : 0 0 : 0 0 : 0 0 : 0 0 : 0 0 : 0 0 : 0 0 : 0 0 : 0 0 : 0 0 : 0 0 : 0 0 : 0 0 : 0 0 : 0 0 : 0 0 : 6 0 : 0 0 : 0 0 : 0 0 : 0 0 : 0 0 : 0 0 : 0 0 : 0 0 : 0 0 : 0 0 : 0 0 ]
[94.137s][info][gc       ] [DEOPTSTATS 2 : 0 0 : 0 0 : 0 0 : 0 0 : 0 0 : 0 0 : 0 11 : 0 0 : 0 0 : 0 0 : 0 0 : 0 0 : 0 0 : 0 0 : 0 0 : 0 0 : 0 0 : 0 0 : 0 0 : 0 0 : 0 0 : 0 0 : 0 0 : 0 0 : 0 0 : 0 0 : 0 0 : 0 0 : 0 0 : 0 0 : 5 0 : 0 0 : 0 0 : 0 0 : 0 1 : 0 0 : 0 0 : 0 0 : 0 0 : 0 3 : 0 0 : 0 0 ]
[94.137s][info][gc       ] [VMAC 65530 170 24 492 686 : 94.137461 ]
[94.138s][info][gc       ] [CCF 0 0 0 0 32 181248: 3072000 : 380 196608 : 3 49152 : 317 311808 :  511 634368 : 120 416256 : 0 0 : 15 1228800 : 1 2048]
[94.141s][info][safepoint] Application time: 0.0062277 seconds
[94.142s][info][safepoint] Total time for which application threads were stopped: 0.0001354 seconds, Stopping threads took: 0.0000004 seconds
[94.142s][info][gc       ] [SPS 0.000 0.002 0.002 0.006 0.000 0.001 0.000 0.115 0.013 0.135 NewGC_pause1 94.141435 ]
[94.726s][info][safepoint] Application time: 0.5847282 seconds
[94.727s][info][safepoint] Total time for which application threads were stopped: 0.0001795 seconds, Stopping threads took: 0.0000004 seconds
[94.727s][info][gc       ] [SPS 0.000 0.001 0.000 0.006 0.000 0.001 0.000 0.150 0.021 0.180 NewGC_pause2 94.726343 ]
[94.728s][info][safepoint] Application time: 0.0018449 seconds
[94.729s][info][safepoint] Total time for which application threads were stopped: 0.0000576 seconds, Stopping threads took: 0.0000004 seconds
[94.729s][info][gc       ] [SPS 0.000 0.000 0.000 0.006 0.000 0.001 0.000 0.036 0.014 0.058 NewGC_pause3 94.728245 ]
[94.744s][info][safepoint] Application time: 0.0155090 seconds
[94.744s][info][safepoint] Total time for which application threads were stopped: 0.0001878 seconds, Stopping threads took: 0.0000004 seconds
[94.745s][info][gc       ] [SPS 0.000 0.003 0.003 0.006 0.000 0.001 0.000 0.143 0.038 0.188 NewGC_pause4 94.743942 ]
[95.081s][info][gc       ] [GC New Max 251-229 : 6356 5912 5210 6356 - - 1012 20 2 2 - : 4002 886 30 292 5434 : 3410 6 2016 2016 20 : 365 0 890 0 2001 - 0 : 0.005634 3195.0 0.0 0.942726 3260.8 0.0 : 3 --c 0000 : 23 2112 0.000 0.000 0 0.000 0.000 2112 0.000 0.000 : 94.138015 94.141299 0.000118 94.726163 0.000108 94.728188 0.000039 94.743754 0.000103 : 95.080741 ]
[95.081s][info][gc       ] [SYSINFO 8457 195 63 0 7912 0 16 0 0 6942 : - - - - - - - - : 0 7168 : 3.16 2.79 2.01 : 271935 4216636 : 0 0 : 26 0 : 2445 2 0 267 : - 8566652928 583921664 1094295552 7200940032 203833344 66772992 : 139899904 24575520 501000 0 0 0 : 95.081027 ]
[95.081s][info][gc       ] [HUGEPAGESTAT 0 0 0 - 83087 0 0 : 366592 0 0 : 95.081027 ]
[95.081s][info][gc       ] [OBJCREAT 288487093 25416 14178304 : 95.081076 ]
[95.081s][info][gc       ] [HMSV All : 0 0 90 0 0 0 0 0 : 6158 0 0 0 : 95.081092 ]
[95.081s][info][gc       ] [HMSP 60 : 51112 0 : 95.081092 ]
[95.082s][info][gc       ] [GPGC-H  3712.0 502.7 0.6 0.0 : 66.8 : 0.000 0.000 : 0.000 0.000 0.854 1.451 : 0.000 0.000 0.000 0.000 1.962 0.519 : 0.000 : 99.893 : 4006 886 30 0 : 2275 : 5720 5428 : 95.081869 : 8 May_exceed_heap_occupancy_target ]
[95.082s][info][gc       ] [VMAC 65530 170 24 492 686 : 95.081936 ]
[95.088s][info][safepoint] Application time: 0.3439469 seconds
[95.088s][info][safepoint] Total time for which application threads were stopped: 0.0002392 seconds, Stopping threads took: 0.0000004 seconds
[95.089s][info][gc       ] [SPS 0.000 0.001 0.003 0.006 0.000 0.004 0.000 0.213 0.015 0.239 NewGC_pause1 95.088129 ]
[95.444s][info][safepoint] Application time: 0.3553939 seconds
[95.444s][info][safepoint] Total time for which application threads were stopped: 0.0001331 seconds, Stopping threads took: 0.0000006 seconds
[95.444s][info][gc       ] [SPS 0.000 0.001 0.000 0.017 0.001 0.001 0.000 0.101 0.014 0.133 NewGC_pause2 95.443655 ]
[95.445s][info][safepoint] Application time: 0.0010730 seconds
[95.445s][info][safepoint] Total time for which application threads were stopped: 0.0000671 seconds, Stopping threads took: 0.0000005 seconds
[95.445s][info][gc       ] [SPS 0.000 0.001 0.000 0.007 0.000 0.001 0.000 0.044 0.015 0.067 NewGC_pause3 95.444796 ]
[95.464s][info][safepoint] Application time: 0.0191002 seconds
[95.464s][info][safepoint] Total time for which application threads were stopped: 0.0000872 seconds, Stopping threads took: 0.0000005 seconds
[95.464s][info][gc       ] [SPS 0.000 0.090 0.010 0.007 0.001 0.001 0.000 0.056 0.022 0.087 NewGC_pause4 95.463983 ]
[95.716s][info][gc       ] [GC NTO Max 252-230 : 6356 5956 3536 6356 - - 1012 20 2 2 - : 1706 1508 30 292 4748 : 1640 4 3107 3107 9 : 311 0 362 0 853 - 0 : 0.001637 3664.3 0.0 0.632989 2237.0 0.0 : 3 --c 0000 : 23 3375 0.000 0.000 0 0.000 0.000 3375 0.000 0.000 : 95.082378 95.087890 0.000220 95.443523 0.000116 95.444729 0.000048 95.463897 0.000057 : 95.715367 ]
[95.716s][info][gc       ] [SYSINFO 8457 195 63 0 7912 0 16 0 0 6942 : - - - - - - - - : 0 7168 : 3.16 2.79 2.01 : 271935 4216636 : 0 0 : 26 0 : 2445 3 0 267 : - 8566652928 583921664 1094295552 7200940032 203833344 66772992 : 139899904 24578560 501120 0 0 0 : 95.715622 ]
[95.716s][info][gc       ] [HUGEPAGESTAT 0 0 0 - 83087 0 0 : 366592 0 0 : 95.715622 ]
[95.716s][info][gc       ] [OBJCREAT 289900786 25416 14815232 : 95.715674 ]
[95.716s][info][gc       ] [HMSV All : 0 0 90 0 0 0 0 0 : 6158 0 0 0 : 95.715692 ]
[95.716s][info][gc       ] [HMSP 60 : 51112 0 : 95.715692 ]
[95.717s][info][gc       ] [GPGC-H  3684.6 564.1 0.5 0.0 : 59.6 : 0.000 0.000 : 0.000 0.000 0.843 1.451 : 0.000 0.000 0.000 0.000 1.962 0.519 : 0.000 : 99.888 : 1708 1508 30 0 : 2275 : 5720 5428 : 95.716541 : 8 May_exceed_heap_occupancy_target ]
[95.716s][info][safepoint] Application time: 0.2518259 seconds
[95.717s][info][safepoint] Total time for which application threads were stopped: 0.0006651 seconds, Stopping threads took: 0.0000004 seconds
[95.716s][info][gc       ] [VMAC 65530 170 24 492 686 : 95.716269 ]
[95.717s][info][gc       ] [SPS 0.000 0.001 0.000 0.006 0.000 0.001 0.000 0.642 0.015 0.665 OldGC_pause2 95.716475 ]
[95.719s][info][safepoint] Application time: 0.0028189 seconds
[95.720s][info][safepoint] Total time for which application threads were stopped: 0.0000850 seconds, Stopping threads took: 0.0000005 seconds
[95.720s][info][gc       ] [SPS 0.000 0.001 0.000 0.034 0.001 0.001 0.000 0.037 0.012 0.085 OldGC_pause3 95.719379 ]
[95.725s][info][safepoint] Application time: 0.0049699 seconds
[95.725s][info][safepoint] Total time for which application threads were stopped: 0.0001349 seconds, Stopping threads took: 0.0000004 seconds
[95.725s][info][gc       ] [SPS 0.000 1.460 0.002 0.005 0.000 0.001 0.000 0.116 0.012 0.135 NewGC_pause1 95.724483 ]
[95.955s][info][safepoint] Application time: 0.2302531 seconds
[95.955s][info][safepoint] Total time for which application threads were stopped: 0.0000686 seconds, Stopping threads took: 0.0000005 seconds
[95.955s][info][gc       ] [SPS 0.000 0.001 0.000 0.007 0.000 0.001 0.000 0.045 0.015 0.068 NewGC_pause2 95.954805 ]
[95.956s][info][safepoint] Application time: 0.0007893 seconds
[95.956s][info][safepoint] Total time for which application threads were stopped: 0.0000703 seconds, Stopping threads took: 0.0000005 seconds
[95.956s][info][gc       ] [SPS 0.000 0.001 0.000 0.007 0.000 0.001 0.001 0.048 0.014 0.070 NewGC_pause3 95.955665 ]
[95.972s][info][safepoint] Application time: 0.0163784 seconds
[95.973s][info][safepoint] Total time for which application threads were stopped: 0.0001005 seconds, Stopping threads took: 0.0000004 seconds
[95.973s][info][gc       ] [SPS 0.000 0.004 0.015 0.007 0.000 0.001 0.000 0.072 0.019 0.100 NewGC_pause4 95.972144 ]
[96.108s][info][gc       ] [GC New Max 254-231 : 6356 4434 3518 6356 - - 1012 20 2 2 - : 1424 1770 30 292 2604 : 1166 3 1437 1437 1 : 131 0 435 0 713 - 0 : 0.005584 2865.5 0.0 0.386933 3607.9 0.0 : 3 --c 0000 : 23 0 0.000 0.000 0 0.000 0.000 0 0.000 0.000 : 95.720951 95.724348 0.000119 95.954737 0.000048 95.955595 0.000052 95.972044 0.000070 : 96.107884 ]
[96.108s][info][gc       ] [SYSINFO 8457 195 63 0 7912 0 16 0 0 6942 : - - - - - - - - : 0 7168 : 3.16 2.79 2.01 : 271935 4216636 : 0 0 : 26 0 : 2445 2 0 267 : - 8566652928 583921664 1094295552 7200940032 203833344 66772992 : 139899904 24580090 501170 0 0 0 : 96.108127 ]
[96.108s][info][gc       ] [HUGEPAGESTAT 0 0 0 - 83087 0 0 : 366592 0 0 : 96.108127 ]
[96.108s][info][gc       ] [OBJCREAT 291301108 25416 15032320 : 96.108173 ]
[96.108s][info][gc       ] [HMSV All : 0 0 90 0 0 0 0 0 : 6158 0 0 0 : 96.108189 ]
[96.108s][info][gc       ] [HMSP 60 : 51112 0 : 96.108189 ]
[96.109s][info][gc       ] [VMAC 65530 170 24 492 686 : 96.108741 ]
[96.111s][info][safepoint] Application time: 0.1383958 seconds
[96.111s][info][safepoint] Total time for which application threads were stopped: 0.0000749 seconds, Stopping threads took: 0.0000005 seconds
[96.111s][info][gc       ] [SPS 0.000 0.002 0.026 0.007 0.000 0.001 0.000 0.050 0.016 0.075 OldGC_pause4 96.110615 ]
[96.115s][info][gc       ] [GC Old Max 253-23 : 6356 5956 3526 6356 - - 1012 20 2 2 - : 1448 1758 28 292 1806 : 1776 13 1 1 0 : 0 6 442 2 838 - 55 : 0.947592 683.8 0.0 1.030671 809.2 0.0 : 1 --c 0000 : 23   -    -    -    -    -    -    -    -    -  : 95.084340 95.087890 0.000220 95.715809 0.000640 95.719293 0.000069 96.110540 0.000055 : 96.115010 ]
[96.115s][info][gc       ] [SYSINFO 8457 195 63 0 7912 0 16 0 0 6942 : - - - - - - - - : 0 7168 : 3.16 2.79 2.01 : 271935 4216636 : 0 0 : 26 0 : 2445 2 0 267 : - 8566652928 583921664 1094295552 7200940032 203833344 66772992 : 139899904 24580110 501170 0 0 0 : 96.115235 ]
[96.115s][info][gc       ] [HUGEPAGESTAT 0 0 0 - 83087 0 0 : 366592 0 0 : 96.115235 ]
[96.115s][info][gc       ] [OBJCREAT 291324895 25416 15032320 : 96.115278 ]
[96.115s][info][gc       ] [HMSV All : 0 0 90 0 0 0 0 0 : 6158 0 0 0 : 96.115293 ]
[96.115s][info][gc       ] [HMSP 60 : 51112 0 : 96.115293 ]
[96.115s][info][gc       ] [COMPSTATS 1 : 5 0 : 1 0 : 0 0 : 518 5 0 0 0 0 : 0 0 0 0 0 0 : 132 134 15 : 523 0 0 0 0 0 0 : 523 0 0 0 0 0 0 ]
[96.115s][info][gc       ] [COMPSTATS 2 : 5 0 : 1 0 : 0 0 : 129 11 0 0 0 0 : 0 0 0 0 0 0 : 48891 48995 9410 : 69 45 26 0 0 0 0 : 32 86 17 4 1 0 0 ]
[96.115s][info][gc       ] [DEOPTSTATS 1 : 1 0 : 0 0 : 0 0 : 0 0 : 0 12 : 0 0 : 0 0 : 0 0 : 0 0 : 0 0 : 0 0 : 0 0 : 0 0 : 0 0 : 0 0 : 0 0 : 0 0 : 0 0 : 0 0 : 0 0 : 0 0 : 0 0 : 0 0 : 0 0 : 0 0 : 0 0 : 0 0 : 0 0 : 0 0 : 0 0 : 6 0 : 0 0 : 0 0 : 0 0 : 0 0 : 0 0 : 0 0 : 0 0 : 0 0 : 0 0 : 0 0 : 0 0 ]
[96.115s][info][gc       ] [DEOPTSTATS 2 : 0 0 : 0 0 : 0 0 : 0 0 : 0 0 : 0 0 : 0 11 : 0 0 : 0 0 : 0 0 : 0 0 : 0 0 : 0 0 : 0 0 : 0 0 : 0 0 : 0 0 : 0 0 : 0 0 : 0 0 : 0 0 : 0 0 : 0 0 : 0 0 : 0 0 : 0 0 : 0 0 : 0 0 : 0 0 : 0 0 : 5 0 : 0 0 : 0 0 : 0 0 : 0 1 : 0 0 : 0 0 : 0 0 : 0 0 : 0 3 : 0 0 : 0 0 ]
[96.116s][info][gc       ] [VMAC 65530 170 24 492 686 : 96.115948 ]
[96.116s][info][gc       ] [CCF 0 0 0 0 32 181248: 3072000 : 380 196608 : 3 49152 : 317 311808 :  511 634368 : 120 416256 : 0 0 : 15 1228800 : 1 2048]
[96.250s][info][gc       ] [GPGC-H  3684.6 564.1 0.5 0.0 : 59.6 : 0.000 0.000 : 0.000 0.000 0.833 1.414 : 0.000 0.000 0.000 0.000 1.961 0.635 : 0.000 : 99.883 : 1944 1758 28 0 : 2275 : 5720 5428 : 96.249836 : 9 Next_heuristic_check_may_be_too_late ]
[96.253s][info][safepoint] Application time: 0.1420484 seconds
[96.253s][info][safepoint] Total time for which application threads were stopped: 0.0002965 seconds, Stopping threads took: 0.0000005 seconds
[96.254s][info][gc       ] [SPS 0.000 0.003 0.003 0.006 0.000 0.001 0.000 0.270 0.019 0.296 NewGC_pause1 96.252960 ]
[96.405s][info][safepoint] Application time: 0.1513597 seconds
[96.405s][info][safepoint] Total time for which application threads were stopped: 0.0001705 seconds, Stopping threads took: 0.0000004 seconds
[96.406s][info][gc       ] [SPS 0.000 0.001 0.000 0.006 0.000 0.001 0.000 0.139 0.024 0.171 NewGC_pause2 96.404490 ]
[96.407s][info][safepoint] Application time: 0.0021367 seconds
[96.407s][info][safepoint] Total time for which application threads were stopped: 0.0001611 seconds, Stopping threads took: 0.0000004 seconds
[96.408s][info][gc       ] [SPS 0.000 0.001 0.000 0.006 0.000 0.001 0.000 0.131 0.023 0.161 NewGC_pause3 96.406788 ]
[96.412s][info][safepoint] Application time: 0.0047966 seconds
[96.412s][info][safepoint] Total time for which application threads were stopped: 0.0000791 seconds, Stopping threads took: 0.0000005 seconds
[96.413s][info][gc       ] [SPS 0.000 0.005 0.014 0.007 0.001 0.001 0.000 0.054 0.016 0.079 NewGC_pause4 96.411664 ]
[96.441s][info][gc       ] [GC New Max 255-232 : 6356 4496 2702 6356 - - 1012 20 2 2 - : 584 1796 28 292 2418 : 501 4 1914 1914 0 : 19 1 232 0 292 - 0 : 0.142422 3665.2 0.0 0.190318 3100.1 0.0 : 3 --c 0000 : 23 0 0.000 0.000 0 0.000 0.000 0 0.000 0.000 : 96.250306 96.252663 0.000240 96.404320 0.000101 96.406627 0.000047 96.411585 0.000059 : 96.440624 ]
[96.441s][info][gc       ] [SYSINFO 8457 195 63 0 7912 0 16 0 0 6942 : - - - - - - - - : 0 7168 : 3.16 2.79 2.01 : 271935 4216636 : 0 0 : 26 0 : 2445 2 0 267 : - 8566652928 583921664 1094295552 7200940032 203833344 66772992 : 139899904 24580980 501170 0 0 0 : 96.440869 ]
[96.441s][info][gc       ] [HUGEPAGESTAT 0 0 0 - 83087 0 0 : 366592 0 0 : 96.440869 ]
[96.441s][info][gc       ] [OBJCREAT 292401663 25416 15071232 : 96.440915 ]
[96.441s][info][gc       ] [HMSV All : 0 0 90 0 0 0 0 0 : 6158 0 0 0 : 96.440933 ]
[96.441s][info][gc       ] [HMSP 60 : 51112 0 : 96.440933 ]
[96.441s][info][gc       ] [VMAC 65530 170 24 492 686 : 96.441434 ]
[96.663s][info][gc       ] [GPGC-H  3684.6 564.1 0.5 0.0 : 59.6 : 0.000 0.000 : 0.000 0.000 0.822 1.414 : 0.000 0.000 0.000 0.000 1.956 0.635 : 0.000 : 99.232 : 1348 1796 28 0 : 2275 : 5720 5428 : 96.663171 : 9 Next_heuristic_check_may_be_too_late ]
[96.666s][info][safepoint] Application time: 0.2539351 seconds
[96.666s][info][safepoint] Total time for which application threads were stopped: 0.0002370 seconds, Stopping threads took: 0.0000004 seconds
[96.667s][info][gc       ] [SPS 0.000 0.003 0.002 0.006 0.000 0.001 0.000 0.216 0.013 0.237 NewGC_pause1 96.665836 ]
[96.739s][info][safepoint] Application time: 0.0734605 seconds
[96.740s][info][safepoint] Total time for which application threads were stopped: 0.0001234 seconds, Stopping threads took: 0.0000004 seconds
[96.740s][info][gc       ] [SPS 0.000 0.001 0.000 0.006 0.000 0.001 0.000 0.098 0.018 0.123 NewGC_pause2 96.739420 ]
[96.741s][info][safepoint] Application time: 0.0013335 seconds
[96.741s][info][safepoint] Total time for which application threads were stopped: 0.0001553 seconds, Stopping threads took: 0.0000004 seconds
[96.741s][info][gc       ] [SPS 0.000 0.001 0.000 0.006 0.000 0.001 0.000 0.128 0.020 0.155 NewGC_pause3 96.740909 ]
[96.742s][info][safepoint] Application time: 0.0010005 seconds
[96.742s][info][safepoint] Total time for which application threads were stopped: 0.0000590 seconds, Stopping threads took: 0.0000004 seconds
[96.742s][info][gc       ] [SPS 0.000 0.003 0.002 0.006 0.000 0.001 0.000 0.038 0.014 0.059 NewGC_pause4 96.741969 ]
[96.743s][info][gc       ] [GC New Max 256-233 : 6356 3742 2392 6356 - - 1012 20 2 2 - : 276 1796 28 292 1626 : 272 4 1353 1353 0 : 0 1 136 0 138 - 0 : 0.222979 3426.3 0.0 0.078638 3560.6 0.0 : 3 --c 0000 : 23 0 0.000 0.000 0 0.000 0.000 0 0.000 0.000 : 96.663603 96.665599 0.000219 96.739297 0.000084 96.740754 0.000041 96.741910 0.000042 : 96.742241 ]
[96.743s][info][gc       ] [SYSINFO 8457 195 63 0 7912 0 16 0 0 6942 : - - - - - - - - : 0 7168 : 3.16 2.79 2.01 : 271935 4216636 : 0 0 : 26 0 : 2445 2 0 267 : - 8566652928 583921664 1094295552 7200940032 203833344 66772992 : 139899904 24581500 501170 0 0 0 : 96.742519 ]
[96.743s][info][gc       ] [HUGEPAGESTAT 0 0 0 - 83087 0 0 : 366592 0 0 : 96.742519 ]
[96.743s][info][gc       ] [OBJCREAT 293433623 25416 15071232 : 96.742560 ]
[96.743s][info][gc       ] [HMSV All : 0 0 90 0 0 0 0 0 : 6158 0 0 0 : 96.742574 ]
[96.743s][info][gc       ] [HMSP 60 : 51112 0 : 96.742574 ]
[96.743s][info][gc       ] [VMAC 65530 170 24 492 686 : 96.742978 ]
[96.984s][info][gc       ] [GPGC-H  3684.6 564.1 0.5 0.0 : 59.6 : 0.000 0.000 : 0.000 0.000 0.811 1.414 : 0.000 0.000 0.000 0.000 1.946 0.635 : 0.000 : 98.219 : 1160 1796 28 0 : 2275 : 5720 5428 : 96.984208 : 9 Next_heuristic_check_may_be_too_late ]
[96.987s][info][safepoint] Application time: 0.2443915 seconds
[96.987s][info][safepoint] Total time for which application threads were stopped: 0.0002218 seconds, Stopping threads took: 0.0000004 seconds
[96.987s][info][gc       ] [SPS 0.000 0.003 0.003 0.006 0.000 0.001 0.000 0.190 0.024 0.222 NewGC_pause1 96.986582 ]
[97.062s][info][safepoint] Application time: 0.0750933 seconds
[97.063s][info][safepoint] Total time for which application threads were stopped: 0.0001857 seconds, Stopping threads took: 0.0000015 seconds
[97.063s][info][gc       ] [SPS 0.000 0.001 0.000 0.007 0.002 0.001 0.000 0.143 0.033 0.186 NewGC_pause2 97.061862 ]
[97.064s][info][safepoint] Application time: 0.0024403 seconds
[97.065s][info][safepoint] Total time for which application threads were stopped: 0.0000800 seconds, Stopping threads took: 0.0000004 seconds
[97.065s][info][gc       ] [SPS 0.000 0.000 0.000 0.007 0.000 0.001 0.000 0.052 0.020 0.080 NewGC_pause3 97.064382 ]
[97.066s][info][safepoint] Application time: 0.0011472 seconds
[97.066s][info][safepoint] Total time for which application threads were stopped: 0.0001072 seconds, Stopping threads took: 0.0000005 seconds
[97.066s][info][gc       ] [SPS 0.000 0.002 0.002 0.006 0.001 0.001 0.000 0.085 0.015 0.107 NewGC_pause4 97.065636 ]
[97.066s][info][gc       ] [GC New Max 257-234 : 6356 3486 2320 6356 - - 1012 20 2 2 - : 204 1796 28 292 1370 : 204 2 1168 1168 0 : 0 0 102 0 102 - 0 : 0.242459 3654.2 0.0 0.081145 2588.0 0.0 : 3 --c 0000 : 23 0 0.000 0.000 0 0.000 0.000 0 0.000 0.000 : 96.984699 96.986361 0.000192 97.061676 0.000064 97.064302 0.000048 97.065529 0.000089 : 97.065844 ]
[97.066s][info][gc       ] [SYSINFO 8457 195 63 0 7912 0 16 0 0 6942 : - - - - - - - - : 0 7168 : 3.16 2.79 2.01 : 271935 4216636 : 0 0 : 26 0 : 2445 2 0 267 : - 8566652928 583921664 1094295552 7200940032 203833344 66772992 : 139899904 24582020 501170 0 0 0 : 97.066080 ]
[97.066s][info][gc       ] [HUGEPAGESTAT 0 0 0 - 83087 0 0 : 366592 0 0 : 97.066080 ]
[97.066s][info][gc       ] [OBJCREAT 294520698 25416 15071232 : 97.066126 ]
[97.066s][info][gc       ] [HMSV All : 0 0 90 0 0 0 0 0 : 6158 0 0 0 : 97.066158 ]
[97.066s][info][gc       ] [HMSP 60 : 51112 0 : 97.066158 ]
[97.067s][info][gc       ] [VMAC 65530 170 24 492 686 : 97.066669 ]
[97.308s][info][gc       ] [GPGC-H  3684.6 564.1 0.5 0.0 : 59.6 : 0.000 0.000 : 0.000 0.000 0.801 1.414 : 0.000 0.000 0.000 0.000 1.928 0.635 : 0.000 : 97.133 : 1128 1796 28 0 : 2275 : 5720 5428 : 97.308395 : 9 Next_heuristic_check_may_be_too_late ]
[97.311s][info][safepoint] Application time: 0.2452612 seconds
[97.312s][info][safepoint] Total time for which application threads were stopped: 0.0003225 seconds, Stopping threads took: 0.0000004 seconds
[97.312s][info][gc       ] [SPS 0.000 0.003 0.002 0.006 0.000 0.001 0.000 0.297 0.018 0.322 NewGC_pause1 97.311220 ]
[97.371s][info][safepoint] Application time: 0.0591650 seconds
[97.371s][info][safepoint] Total time for which application threads were stopped: 0.0001673 seconds, Stopping threads took: 0.0000004 seconds
[97.371s][info][gc       ] [SPS 0.000 0.001 0.000 0.006 0.000 0.001 0.000 0.138 0.022 0.167 NewGC_pause2 97.370553 ]
[97.373s][info][safepoint] Application time: 0.0020779 seconds
[97.373s][info][safepoint] Total time for which application threads were stopped: 0.0002062 seconds, Stopping threads took: 0.0000005 seconds
[97.373s][info][gc       ] [SPS 0.000 0.000 0.000 0.006 0.000 0.001 0.000 0.175 0.024 0.206 NewGC_pause3 97.372837 ]
[97.374s][info][safepoint] Application time: 0.0010117 seconds
[97.374s][info][safepoint] Total time for which application threads were stopped: 0.0000654 seconds, Stopping threads took: 0.0000004 seconds
[97.374s][info][gc       ] [SPS 0.000 0.008 0.002 0.006 0.000 0.001 0.000 0.043 0.015 0.065 NewGC_pause4 97.373914 ]
[97.374s][info][gc       ] [GC New Max 258-235 : 6356 3466 2334 6356 - - 1012 20 2 2 - : 218 1796 28 292 1350 : 214 4 1135 1135 0 : 0 1 107 0 109 - 0 : 0.243060 3809.8 0.0 0.065330 3398.1 0.0 : 3 --c 0000 : 23 0 0.000 0.000 0 0.000 0.000 0 0.000 0.000 : 97.308904 97.310898 0.000300 97.370385 0.000101 97.372631 0.000063 97.373849 0.000047 : 97.374234 ]
[97.375s][info][gc       ] [SYSINFO 8457 195 63 0 7912 0 16 0 0 6942 : - - - - - - - - : 0 7168 : 2.98 2.76 2.00 : 271935 4216636 : 0 0 : 26 0 : 2445 2 0 267 : - 8566652928 583921664 1094295552 7200940032 203833344 66772992 : 139899904 24582490 501190 0 0 0 : 97.374469 ]
[97.375s][info][gc       ] [HUGEPAGESTAT 0 0 0 - 83087 0 0 : 366592 0 0 : 97.374469 ]
[97.375s][info][gc       ] [OBJCREAT 295655662 25416 15071232 : 97.374510 ]
[97.375s][info][gc       ] [HMSV All : 0 0 90 0 0 0 0 0 : 6158 0 0 0 : 97.374531 ]
[97.375s][info][gc       ] [HMSP 60 : 51112 0 : 97.374531 ]
[97.375s][info][gc       ] [VMAC 65530 170 24 492 686 : 97.374959 ]
[97.597s][info][gc       ] [GPGC-H  3647.5 564.1 0.5 0.0 : 59.6 : 0.000 0.000 : 0.000 0.000 0.790 1.414 : 0.000 0.000 0.000 0.000 1.906 0.635 : 0.000 : 96.059 : 1076 1796 28 0 : 2275 : 5720 5428 : 97.596523 : 9 Next_heuristic_check_may_be_too_late ]
[97.599s][info][safepoint] Application time: 0.2247831 seconds
[97.599s][info][safepoint] Total time for which application threads were stopped: 0.0002381 seconds, Stopping threads took: 0.0000004 seconds
[97.600s][info][gc       ] [SPS 0.000 0.003 0.002 0.006 0.000 0.001 0.000 0.213 0.033 0.253 NewGC_pause1 97.598950 ]
[97.658s][info][safepoint] Application time: 0.0589876 seconds
[97.658s][info][safepoint] Total time for which application threads were stopped: 0.0001758 seconds, Stopping threads took: 0.0000004 seconds
[97.659s][info][gc       ] [SPS 0.000 0.001 0.000 0.006 0.000 0.001 0.000 0.149 0.020 0.176 NewGC_pause2 97.658103 ]
[97.660s][info][safepoint] Application time: 0.0014354 seconds
[97.660s][info][safepoint] Total time for which application threads were stopped: 0.0000983 seconds, Stopping threads took: 0.0000004 seconds
[97.660s][info][gc       ] [SPS 0.000 0.000 0.000 0.006 0.000 0.001 0.000 0.079 0.013 0.098 NewGC_pause3 97.659637 ]
[97.661s][info][safepoint] Application time: 0.0009610 seconds
[97.661s][info][safepoint] Total time for which application threads were stopped: 0.0000664 seconds, Stopping threads took: 0.0000004 seconds
[97.661s][info][gc       ] [SPS 0.000 0.002 0.002 0.013 0.000 0.001 0.000 0.039 0.014 0.066 NewGC_pause4 97.660664 ]
[97.661s][info][gc       ] [GC New Max 259-236 : 6356 3424 2344 6356 - - 1012 20 2 2 - : 228 1796 28 292 1308 : 224 4 1083 1083 0 : 0 1 112 0 114 - 0 : 0.222868 3867.8 0.0 0.063807 3604.6 0.0 : 3 --c 0000 : 23 0 0.000 0.000 0 0.000 0.000 0 0.000 0.000 : 97.597102 97.598697 0.000177 97.657927 0.000111 97.659538 0.000082 97.660598 0.000049 : 97.660908 ]
[97.661s][info][gc       ] [SYSINFO 8457 195 63 0 7912 0 16 0 0 6942 : - - - - - - - - : 0 7168 : 2.98 2.76 2.00 : 271935 4216636 : 0 0 : 26 0 : 2445 2 0 267 : - 8566652928 583921664 1094295552 7200940032 203833344 66772992 : 139899904 24582960 501200 0 0 0 : 97.661164 ]
[97.661s][info][gc       ] [HUGEPAGESTAT 0 0 0 - 83087 0 0 : 366592 0 0 : 97.661164 ]
[97.661s][info][gc       ] [OBJCREAT 296739484 25416 15071232 : 97.661212 ]
[97.661s][info][gc       ] [HMSV All : 0 0 90 0 0 0 0 0 : 6158 0 0 0 : 97.661226 ]
[97.661s][info][gc       ] [HMSP 60 : 51112 0 : 97.661226 ]
[97.662s][info][gc       ] [VMAC 65530 170 24 492 686 : 97.661669 ]
[97.903s][info][gc       ] [GPGC-H  3647.5 525.2 0.5 0.0 : 54.3 : 0.000 0.000 : 0.000 0.000 0.781 1.414 : 0.000 0.000 0.000 0.000 1.884 0.635 : 0.000 : 95.088 : 1144 1796 28 0 : 2275 : 5720 5428 : 97.902966 : 9 Next_heuristic_check_may_be_too_late ]
[97.906s][info][safepoint] Application time: 0.2446327 seconds
[97.906s][info][safepoint] Total time for which application threads were stopped: 0.0002113 seconds, Stopping threads took: 0.0000004 seconds
[97.906s][info][gc       ] [SPS 0.000 0.003 0.003 0.006 0.000 0.001 0.000 0.188 0.016 0.211 NewGC_pause1 97.905509 ]
[97.964s][info][safepoint] Application time: 0.0581164 seconds
[97.964s][info][safepoint] Total time for which application threads were stopped: 0.0001532 seconds, Stopping threads took: 0.0000004 seconds
[97.965s][info][gc       ] [SPS 0.000 0.001 0.000 0.006 0.000 0.001 0.000 0.117 0.029 0.153 NewGC_pause2 97.963778 ]
[97.965s][info][safepoint] Application time: 0.0015536 seconds
[97.966s][info][safepoint] Total time for which application threads were stopped: 0.0000548 seconds, Stopping threads took: 0.0000004 seconds
[97.966s][info][gc       ] [SPS 0.000 0.000 0.000 0.006 0.000 0.001 0.000 0.036 0.012 0.055 NewGC_pause3 97.965387 ]
[97.966s][info][safepoint] Application time: 0.0009685 seconds
[97.967s][info][safepoint] Total time for which application threads were stopped: 0.0000651 seconds, Stopping threads took: 0.0000004 seconds
[97.967s][info][gc       ] [SPS 0.000 0.002 0.002 0.006 0.000 0.001 0.000 0.046 0.012 0.065 NewGC_pause4 97.966420 ]
[97.967s][info][gc       ] [GC New Max 260-237 : 6356 3496 2348 6356 - - 1012 20 2 2 - : 232 1796 28 292 1380 : 228 4 1150 1150 0 : 0 1 114 0 116 - 0 : 0.242700 3782.4 0.0 0.063068 3742.0 0.0 : 3 --c 0000 : 23 0 0.000 0.000 0 0.000 0.000 0 0.000 0.000 : 97.903609 97.905297 0.000189 97.963625 0.000042 97.965332 0.000039 97.966355 0.000049 : 97.966677 ]
[97.967s][info][gc       ] [SYSINFO 8457 195 63 0 7912 0 16 0 0 6942 : - - - - - - - - : 0 7168 : 2.98 2.76 2.00 : 271935 4216636 : 0 0 : 26 0 : 2445 2 0 267 : - 8566652928 583921664 1094295552 7200940032 203833344 66772992 : 139899904 24583450 501200 0 0 0 : 97.966915 ]
[97.967s][info][gc       ] [HUGEPAGESTAT 0 0 0 - 83087 0 0 : 366592 0 0 : 97.966915 ]
[97.967s][info][gc       ] [OBJCREAT 297879844 25416 15071232 : 97.966954 ]
[97.967s][info][gc       ] [HMSV All : 0 0 90 0 0 0 0 0 : 6158 0 0 0 : 97.966969 ]
[97.967s][info][gc       ] [HMSP 60 : 51112 0 : 97.966969 ]
[97.967s][info][gc       ] [VMAC 65530 170 24 492 686 : 97.967385 ]
[98.189s][info][gc       ] [GPGC-H  3647.5 525.2 0.5 0.0 : 54.3 : 0.000 0.000 : 0.000 0.000 0.771 1.414 : 0.000 0.000 0.000 0.000 1.860 0.635 : 0.000 : 94.043 : 1098 1796 28 0 : 2275 : 5720 5428 : 98.189006 : 9 Next_heuristic_check_may_be_too_late ]
[98.192s][info][safepoint] Application time: 0.2247900 seconds
[98.192s][info][safepoint] Total time for which application threads were stopped: 0.0003022 seconds, Stopping threads took: 0.0000004 seconds
[98.192s][info][gc       ] [SPS 0.000 0.003 0.002 0.006 0.000 0.001 0.000 0.275 0.020 0.302 NewGC_pause1 98.191513 ]
[98.249s][info][safepoint] Application time: 0.0577124 seconds
[98.250s][info][safepoint] Total time for which application threads were stopped: 0.0000902 seconds, Stopping threads took: 0.0000004 seconds
[98.250s][info][gc       ] [SPS 0.000 0.001 0.000 0.006 0.000 0.001 0.000 0.053 0.029 0.090 NewGC_pause2 98.249316 ]
[98.251s][info][safepoint] Application time: 0.0017563 seconds
[98.251s][info][safepoint] Total time for which application threads were stopped: 0.0000672 seconds, Stopping threads took: 0.0000004 seconds
[98.252s][info][gc       ] [SPS 0.000 0.000 0.000 0.006 0.000 0.001 0.000 0.043 0.017 0.067 NewGC_pause3 98.251139 ]
[98.252s][info][safepoint] Application time: 0.0010314 seconds
[98.252s][info][safepoint] Total time for which application threads were stopped: 0.0000632 seconds, Stopping threads took: 0.0000004 seconds
[98.253s][info][gc       ] [SPS 0.000 0.002 0.002 0.006 0.000 0.001 0.000 0.040 0.017 0.063 NewGC_pause4 98.252234 ]
[98.253s][info][gc       ] [GC New Max 261-238 : 6356 3438 2336 6356 - - 1012 20 2 2 - : 220 1796 28 292 1322 : 216 4 1104 1104 0 : 0 1 108 0 110 - 0 : 0.222810 3895.7 0.0 0.062982 3556.6 0.0 : 3 --c 0000 : 23 0 0.000 0.000 0 0.000 0.000 0 0.000 0.000 : 98.189488 98.191211 0.000240 98.249225 0.000042 98.251072 0.000040 98.252171 0.000043 : 98.252470 ]
[98.253s][info][gc       ] [SYSINFO 8457 195 63 0 7912 0 16 0 0 6942 : - - - - - - - - : 0 7168 : 2.98 2.76 2.00 : 271935 4216636 : 0 0 : 26 0 : 2445 2 0 267 : - 8566652928 583921664 1094295552 7200940032 203833344 66772992 : 139899904 24583890 501210 0 0 0 : 98.252748 ]
[98.253s][info][gc       ] [HUGEPAGESTAT 0 0 0 - 83087 0 0 : 366592 0 0 : 98.252748 ]
[98.253s][info][gc       ] [OBJCREAT 298960217 25416 15071232 : 98.252789 ]
[98.253s][info][gc       ] [HMSV All : 0 0 90 0 0 0 0 0 : 6158 0 0 0 : 98.252803 ]
[98.253s][info][gc       ] [HMSP 60 : 51112 0 : 98.252803 ]
[98.253s][info][gc       ] [VMAC 65530 170 24 492 686 : 98.253223 ]
[98.474s][info][gc       ] [GPGC-H  3647.5 525.2 0.5 0.0 : 54.3 : 0.000 0.000 : 0.000 0.000 0.761 1.414 : 0.000 0.000 0.000 0.000 1.838 0.635 : 0.000 : 93.098 : 1076 1796 28 0 : 2275 : 5720 5428 : 98.474487 : 9 Next_heuristic_check_may_be_too_late ]
[98.477s][info][safepoint] Application time: 0.2242538 seconds
[98.477s][info][safepoint] Total time for which application threads were stopped: 0.0001149 seconds, Stopping threads took: 0.0000004 seconds
[98.477s][info][gc       ] [SPS 0.000 0.003 0.003 0.006 0.000 0.001 0.000 0.090 0.017 0.115 NewGC_pause1 98.476603 ]
[98.537s][info][safepoint] Application time: 0.0599443 seconds
[98.537s][info][safepoint] Total time for which application threads were stopped: 0.0001110 seconds, Stopping threads took: 0.0000004 seconds
[98.537s][info][gc       ] [SPS 0.000 0.001 0.000 0.006 0.000 0.001 0.000 0.091 0.013 0.111 NewGC_pause2 98.536658 ]
[98.538s][info][safepoint] Application time: 0.0012169 seconds
[98.538s][info][safepoint] Total time for which application threads were stopped: 0.0000953 seconds, Stopping threads took: 0.0000004 seconds
[98.539s][info][gc       ] [SPS 0.000 0.001 0.000 0.006 0.000 0.001 0.000 0.076 0.012 0.095 NewGC_pause3 98.537970 ]
[98.539s][info][safepoint] Application time: 0.0010610 seconds
[98.539s][info][safepoint] Total time for which application threads were stopped: 0.0000664 seconds, Stopping threads took: 0.0000005 seconds
[98.539s][info][gc       ] [SPS 0.000 0.003 0.002 0.006 0.000 0.001 0.000 0.040 0.019 0.066 NewGC_pause4 98.539098 ]
[98.540s][info][gc       ] [GC New Max 262-239 : 6356 3420 2342 6356 - - 1012 20 2 2 - : 226 1796 28 292 1304 : 222 4 1081 1081 0 : 0 1 111 0 113 - 0 : 0.222391 3858.1 0.0 0.064483 3535.8 0.0 : 3 --c 0000 : 23 0 0.000 0.000 0 0.000 0.000 0 0.000 0.000 : 98.474861 98.476488 0.000090 98.536547 0.000095 98.537875 0.000080 98.539031 0.000043 : 98.539344 ]
[98.540s][info][gc       ] [SYSINFO 8457 195 63 0 7912 0 16 0 0 6942 : - - - - - - - - : 0 7168 : 2.98 2.76 2.00 : 271935 4216636 : 0 0 : 26 0 : 2445 2 0 267 : - 8566652928 583921664 1094295552 7200940032 203833344 66772992 : 139899904 24584370 501240 0 0 0 : 98.539657 ]
[98.540s][info][gc       ] [HUGEPAGESTAT 0 0 0 - 83087 0 0 : 366592 0 0 : 98.539657 ]
[98.540s][info][gc       ] [OBJCREAT 300038314 25416 15071232 : 98.539727 ]
[98.540s][info][gc       ] [HMSV All : 0 0 90 0 0 0 0 0 : 6158 0 0 0 : 98.539742 ]
[98.540s][info][gc       ] [HMSP 60 : 51112 0 : 98.539742 ]
[98.540s][info][gc       ] [VMAC 65530 170 24 492 686 : 98.540165 ]
[98.782s][info][gc       ] [GPGC-H  3647.5 525.2 0.5 0.0 : 54.3 : 0.000 0.000 : 0.000 0.000 0.752 1.414 : 0.000 0.000 0.000 0.000 1.815 0.635 : 0.000 : 92.168 : 1130 1796 28 0 : 2275 : 5720 5428 : 98.781916 : 9 Next_heuristic_check_may_be_too_late ]
[98.784s][info][safepoint] Application time: 0.2449097 seconds
[98.785s][info][safepoint] Total time for which application threads were stopped: 0.0003016 seconds, Stopping threads took: 0.0000005 seconds
[98.785s][info][gc       ] [SPS 0.000 0.004 0.002 0.007 0.000 0.001 0.000 0.271 0.023 0.301 NewGC_pause1 98.784309 ]
[98.847s][info][safepoint] Application time: 0.0626259 seconds
[98.848s][info][safepoint] Total time for which application threads were stopped: 0.0001849 seconds, Stopping threads took: 0.0000005 seconds
[98.848s][info][gc       ] [SPS 0.000 0.001 0.000 0.006 0.000 0.001 0.000 0.158 0.036 0.201 NewGC_pause2 98.847137 ]
[98.849s][info][safepoint] Application time: 0.0013474 seconds
[98.849s][info][safepoint] Total time for which application threads were stopped: 0.0001079 seconds, Stopping threads took: 0.0000004 seconds
[98.849s][info][gc       ] [SPS 0.000 0.000 0.000 0.006 0.000 0.001 0.000 0.088 0.013 0.108 NewGC_pause3 98.848576 ]
[98.851s][info][safepoint] Application time: 0.0020493 seconds
[98.851s][info][safepoint] Total time for which application threads were stopped: 0.0000679 seconds, Stopping threads took: 0.0000005 seconds
[98.851s][info][gc       ] [SPS 0.000 0.003 0.002 0.010 0.000 0.001 0.000 0.043 0.014 0.068 NewGC_pause4 98.850693 ]
[98.851s][info][gc       ] [GC New Max 263-240 : 6356 3468 2338 6356 - - 1012 20 2 2 - : 222 1796 28 292 1352 : 216 4 1136 1136 0 : 0 1 108 0 111 - 0 : 0.243001 3728.4 0.0 0.068605 3294.2 0.0 : 3 --c 0000 : 23 0 0.000 0.000 0 0.000 0.000 0 0.000 0.000 : 98.782345 98.784008 0.000274 98.846935 0.000102 98.848468 0.000092 98.850625 0.000050 : 98.850950 ]
[98.851s][info][gc       ] [SYSINFO 8457 195 63 0 7912 0 16 0 0 6942 : - - - - - - - - : 0 7168 : 2.98 2.76 2.00 : 271935 4216636 : 0 0 : 26 0 : 2445 4 0 267 : - 8566652928 583921664 1094295552 7200940032 203833344 66772992 : 139899904 24584870 501240 0 0 0 : 98.851195 ]
[98.851s][info][gc       ] [HUGEPAGESTAT 0 0 0 - 83087 0 0 : 366592 0 0 : 98.851195 ]
[98.851s][info][gc       ] [OBJCREAT 301159188 25416 15071232 : 98.851250 ]
[98.851s][info][gc       ] [HMSV All : 0 0 90 0 0 0 0 0 : 6158 0 0 0 : 98.851264 ]
[98.851s][info][gc       ] [HMSP 60 : 51112 0 : 98.851264 ]
[98.852s][info][gc       ] [VMAC 65530 170 24 492 686 : 98.851701 ]
[99.093s][info][gc       ] [GPGC-H  3647.5 525.2 0.5 0.0 : 54.3 : 0.000 0.000 : 0.000 0.000 0.742 1.414 : 0.000 0.000 0.000 0.000 1.792 0.635 : 0.000 : 91.165 : 1086 1796 28 0 : 2275 : 5720 5428 : 99.093103 : 9 Next_heuristic_check_may_be_too_late ]
[99.095s][info][safepoint] Application time: 0.2442799 seconds
[99.095s][info][safepoint] Total time for which application threads were stopped: 0.0001440 seconds, Stopping threads took: 0.0000005 seconds
[99.096s][info][gc       ] [SPS 0.000 0.004 0.008 0.007 0.000 0.001 0.000 0.119 0.017 0.144 NewGC_pause1 99.095117 ]
[99.170s][info][safepoint] Application time: 0.0751427 seconds
[99.171s][info][safepoint] Total time for which application threads were stopped: 0.0001650 seconds, Stopping threads took: 0.0000005 seconds
[99.171s][info][gc       ] [SPS 0.000 0.002 0.000 0.007 0.000 0.001 0.000 0.128 0.028 0.165 NewGC_pause2 99.170425 ]
[99.172s][info][safepoint] Application time: 0.0013807 seconds
[99.172s][info][safepoint] Total time for which application threads were stopped: 0.0001391 seconds, Stopping threads took: 0.0000005 seconds
[99.172s][info][gc       ] [SPS 0.000 0.001 0.000 0.006 0.000 0.001 0.000 0.113 0.019 0.139 NewGC_pause3 99.171945 ]
[99.173s][info][safepoint] Application time: 0.0009594 seconds
[99.173s][info][safepoint] Total time for which application threads were stopped: 0.0000781 seconds, Stopping threads took: 0.0000005 seconds
[99.173s][info][gc       ] [SPS 0.000 0.003 0.002 0.006 0.000 0.001 0.000 0.053 0.017 0.078 NewGC_pause4 99.172982 ]
[99.173s][info][gc       ] [GC New Max 264-241 : 6356 3464 2376 6356 - - 1012 20 2 2 - : 260 1796 28 292 1348 : 256 4 1091 1091 0 : 0 1 128 0 130 - 0 : 0.242448 3571.9 0.0 0.079795 3283.4 0.0 : 3 --c 0000 : 23 0 0.000 0.000 0 0.000 0.000 0 0.000 0.000 : 99.093397 99.094973 0.000121 99.170260 0.000076 99.171805 0.000114 99.172904 0.000055 : 99.173192 ]
[99.173s][info][gc       ] [SYSINFO 8457 195 63 0 7912 0 16 0 0 6942 : - - - - - - - - : 0 7168 : 2.98 2.76 2.00 : 271935 4216636 : 0 0 : 26 0 : 2445 2 0 267 : - 8566652928 583921664 1094295552 7200940032 203833344 66772992 : 139899904 24585400 501240 0 0 0 : 99.173435 ]
[99.173s][info][gc       ] [HUGEPAGESTAT 0 0 0 - 83087 0 0 : 366592 0 0 : 99.173435 ]
[99.173s][info][gc       ] [OBJCREAT 302276946 25416 15071232 : 99.173480 ]
[99.173s][info][gc       ] [HMSV All : 0 0 90 0 0 0 0 0 : 6158 0 0 0 : 99.173496 ]
[99.173s][info][gc       ] [HMSP 60 : 51112 0 : 99.173496 ]
[99.174s][info][gc       ] [VMAC 65530 170 24 492 686 : 99.173943 ]
[99.415s][info][gc       ] [GPGC-H  3647.5 525.2 0.5 0.0 : 54.3 : 0.000 0.000 : 0.000 0.000 0.733 1.414 : 0.000 0.000 0.000 0.000 1.768 0.635 : 0.000 : 90.184 : 1108 1796 28 0 : 2275 : 5720 5428 : 99.414897 : 9 Next_heuristic_check_may_be_too_late ]
[99.417s][info][safepoint] Application time: 0.2438161 seconds
[99.417s][info][safepoint] Total time for which application threads were stopped: 0.0001364 seconds, Stopping threads took: 0.0000005 seconds
[99.417s][info][gc       ] [SPS 0.000 0.005 0.008 0.007 0.000 0.001 0.000 0.108 0.020 0.136 NewGC_pause1 99.416935 ]
[99.500s][info][safepoint] Application time: 0.0827271 seconds
[99.500s][info][safepoint] Total time for which application threads were stopped: 0.0000686 seconds, Stopping threads took: 0.0000005 seconds
[99.500s][info][gc       ] [SPS 0.000 0.001 0.000 0.007 0.000 0.001 0.000 0.044 0.015 0.068 NewGC_pause2 99.499731 ]
[99.502s][info][safepoint] Application time: 0.0018430 seconds
[99.502s][info][safepoint] Total time for which application threads were stopped: 0.0000719 seconds, Stopping threads took: 0.0000005 seconds
[99.502s][info][gc       ] [SPS 0.000 0.001 0.000 0.007 0.000 0.001 0.000 0.049 0.014 0.072 NewGC_pause3 99.501646 ]
[99.503s][info][safepoint] Application time: 0.0009547 seconds
[99.503s][info][safepoint] Total time for which application threads were stopped: 0.0000690 seconds, Stopping threads took: 0.0000004 seconds
[99.503s][info][gc       ] [SPS 0.000 0.003 0.002 0.006 0.000 0.001 0.000 0.047 0.015 0.069 NewGC_pause4 99.502670 ]
[99.503s][info][gc       ] [GC New Max 265-242 : 6356 3514 2404 6356 - - 1012 20 2 2 - : 288 1796 28 292 1398 : 284 4 1113 1113 0 : 0 1 142 0 144 - 0 : 0.241971 3512.8 0.0 0.087715 3306.2 0.0 : 3 --c 0000 : 23 0 0.000 0.000 0 0.000 0.000 0 0.000 0.000 : 99.415163 99.416799 0.000111 99.499663 0.000048 99.501574 0.000053 99.502601 0.000050 : 99.502878 ]
[99.503s][info][gc       ] [SYSINFO 8457 195 63 0 7912 0 16 0 0 6942 : - - - - - - - - : 0 7168 : 2.98 2.76 2.00 : 271935 4216636 : 0 0 : 26 0 : 2445 3 0 267 : - 8566652928 583921664 1094295552 7200940032 203833344 66772992 : 139899904 24585970 501320 0 0 0 : 99.503139 ]
[99.503s][info][gc       ] [HUGEPAGESTAT 0 0 0 - 83087 0 0 : 366592 0 0 : 99.503139 ]
[99.503s][info][gc       ] [OBJCREAT 303404063 25416 15071232 : 99.503201 ]
[99.503s][info][gc       ] [HMSV All : 0 0 90 0 0 0 0 0 : 6158 0 0 0 : 99.503217 ]
[99.503s][info][gc       ] [HMSP 60 : 51112 0 : 99.503217 ]
[99.504s][info][gc       ] [VMAC 65530 170 24 492 686 : 99.503737 ]
[99.765s][info][gc       ] [GPGC-H  3639.0 478.8 0.4 0.0 : 49.5 : 0.000 0.000 : 0.000 0.000 0.723 1.414 : 0.000 0.000 0.000 0.000 1.744 0.635 : 0.000 : 89.223 : 1180 1796 28 0 : 2275 : 5720 5428 : 99.765020 : 9 Next_heuristic_check_may_be_too_late ]
[99.767s][info][safepoint] Application time: 0.2643154 seconds
[99.767s][info][safepoint] Total time for which application threads were stopped: 0.0002092 seconds, Stopping threads took: 0.0000005 seconds
[99.768s][info][gc       ] [SPS 0.000 0.004 0.004 0.007 0.000 0.001 0.000 0.187 0.014 0.209 NewGC_pause1 99.767194 ]
[99.827s][info][safepoint] Application time: 0.0594799 seconds
[99.827s][info][safepoint] Total time for which application threads were stopped: 0.0000640 seconds, Stopping threads took: 0.0000005 seconds
[99.827s][info][gc       ] [SPS 0.000 0.001 0.000 0.007 0.001 0.001 0.000 0.041 0.014 0.064 NewGC_pause2 99.826738 ]
[99.829s][info][safepoint] Application time: 0.0016851 seconds
[99.829s][info][safepoint] Total time for which application threads were stopped: 0.0001106 seconds, Stopping threads took: 0.0000005 seconds
[99.829s][info][gc       ] [SPS 0.000 0.001 0.000 0.007 0.000 0.005 0.000 0.077 0.020 0.111 NewGC_pause3 99.828534 ]
[99.831s][info][safepoint] Application time: 0.0022035 seconds
[99.831s][info][safepoint] Total time for which application threads were stopped: 0.0001285 seconds, Stopping threads took: 0.0000005 seconds
[99.831s][info][gc       ] [SPS 0.000 0.007 0.002 0.007 0.000 0.001 0.000 0.105 0.015 0.129 NewGC_pause4 99.830866 ]
[99.832s][info][gc       ] [GC New Max 266-243 : 6356 3518 2340 6356 - - 1012 20 2 2 - : 224 1796 28 292 1402 : 216 4 1185 1185 0 : 0 1 108 0 112 - 0 : 0.262439 3406.5 0.0 0.065938 3427.5 0.0 : 3 --c 0000 : 23 0 0.000 0.000 0 0.000 0.000 0 0.000 0.000 : 99.765317 99.766985 0.000190 99.826675 0.000045 99.828424 0.000083 99.830738 0.000110 : 99.831255 ]
[99.832s][info][gc       ] [SYSINFO 8457 195 63 0 7912 0 16 0 0 6942 : - - - - - - - - : 0 7168 : 2.98 2.76 2.00 : 271935 4216652 : 0 0 : 26 0 : 2445 2 0 267 : - 8566652928 583921664 1094295552 7200940032 203833344 66772992 : 139899904 24586490 501340 0 0 0 : 99.831516 ]
[99.832s][info][gc       ] [HUGEPAGESTAT 0 0 0 - 83087 0 0 : 366592 0 0 : 99.831516 ]
[99.832s][info][gc       ] [OBJCREAT 304513889 25416 15071232 : 99.831576 ]
[99.832s][info][gc       ] [HMSV All : 0 0 90 0 0 0 0 0 : 6158 0 0 0 : 99.831600 ]
[99.832s][info][gc       ] [HMSP 60 : 51112 0 : 99.831600 ]
[99.832s][info][gc       ] [VMAC 65530 170 24 492 686 : 99.832110 ]
[100.093s][info][gc       ] [GPGC-H  3639.0 478.8 0.4 0.0 : 49.5 : 0.000 0.000 : 0.000 0.000 0.713 1.414 : 0.000 0.000 0.000 0.000 1.720 0.635 : 0.000 : 88.181 : 1082 1796 28 0 : 2275 : 5720 5428 : 100.093343 : 9 Next_heuristic_check_may_be_too_late ]
[100.096s][info][safepoint] Application time: 0.2646126 seconds
[100.096s][info][safepoint] Total time for which application threads were stopped: 0.0001541 seconds, Stopping threads took: 0.0000005 seconds
[100.096s][info][gc       ] [SPS 0.000 0.010 0.017 0.009 0.000 0.002 0.001 0.121 0.021 0.154 NewGC_pause1 100.095633 ]
[100.172s][info][safepoint] Application time: 0.0761780 seconds
[100.172s][info][safepoint] Total time for which application threads were stopped: 0.0001673 seconds, Stopping threads took: 0.0000005 seconds
[100.172s][info][gc       ] [SPS 0.000 0.002 0.000 0.007 0.000 0.001 0.000 0.131 0.027 0.167 NewGC_pause2 100.171979 ]
[100.173s][info][safepoint] Application time: 0.0010998 seconds
[100.173s][info][safepoint] Total time for which application threads were stopped: 0.0001475 seconds, Stopping threads took: 0.0000005 seconds
[100.174s][info][gc       ] [SPS 0.000 0.000 0.000 0.007 0.000 0.001 0.000 0.112 0.027 0.148 NewGC_pause3 100.173226 ]
[100.174s][info][safepoint] Application time: 0.0008876 seconds
[100.174s][info][safepoint] Total time for which application threads were stopped: 0.0000767 seconds, Stopping threads took: 0.0000005 seconds
[100.174s][info][gc       ] [SPS 0.000 0.003 0.002 0.007 0.001 0.001 0.000 0.052 0.016 0.077 NewGC_pause4 100.174191 ]
[100.175s][info][gc       ] [GC New Max 267-244 : 6356 3424 2340 6356 - - 1012 20 2 2 - : 224 1796 28 292 1308 : 222 4 1087 1087 0 : 0 1 111 0 112 - 0 : 0.262379 3277.7 0.0 0.080776 2797.9 0.0 : 3 --c 0000 : 23 0 0.000 0.000 0 0.000 0.000 0 0.000 0.000 : 100.093634 100.095480 0.000124 100.171812 0.000045 100.173079 0.000050 100.174114 0.000056 : 100.174410 ]
[100.175s][info][gc       ] [SYSINFO 8457 195 63 0 7912 0 16 0 0 6942 : - - - - - - - - : 0 7168 : 2.98 2.76 2.00 : 271935 4216652 : 0 0 : 26 0 : 2445 3 0 267 : - 8566652928 583921664 1094295552 7200940032 203833344 66772992 : 139899904 24587050 501340 0 0 0 : 100.174676 ]
[100.175s][info][gc       ] [HUGEPAGESTAT 0 0 0 - 83087 0 0 : 366592 0 0 : 100.174676 ]
[100.175s][info][gc       ] [OBJCREAT 305591774 25416 15071232 : 100.174726 ]
[100.175s][info][gc       ] [HMSV All : 0 0 90 0 0 0 0 0 : 6158 0 0 0 : 100.174742 ]
[100.175s][info][gc       ] [HMSP 60 : 51112 0 : 100.174742 ]
[100.175s][info][gc       ] [VMAC 65530 170 24 492 686 : 100.175230 ]
[100.436s][info][gc       ] [GPGC-H  3639.0 478.8 0.4 0.0 : 49.5 : 0.000 0.000 : 0.000 0.000 0.703 1.414 : 0.000 0.000 0.000 0.000 1.696 0.635 : 0.000 : 87.164 : 1130 1796 28 0 : 2275 : 5720 5428 : 100.436242 : 9 Next_heuristic_check_may_be_too_late ]
[100.438s][info][safepoint] Application time: 0.2639872 seconds
[100.439s][info][safepoint] Total time for which application threads were stopped: 0.0002158 seconds, Stopping threads took: 0.0000005 seconds
[100.439s][info][gc       ] [SPS 0.000 0.005 0.007 0.008 0.000 0.001 0.000 0.191 0.015 0.216 NewGC_pause1 100.438394 ]
[100.506s][info][safepoint] Application time: 0.0680065 seconds
[100.507s][info][safepoint] Total time for which application threads were stopped: 0.0000795 seconds, Stopping threads took: 0.0000004 seconds
[100.507s][info][gc       ] [SPS 0.000 0.001 0.000 0.006 0.000 0.001 0.000 0.059 0.013 0.079 NewGC_pause2 100.506480 ]
[100.507s][info][safepoint] Application time: 0.0007509 seconds
[100.507s][info][safepoint] Total time for which application threads were stopped: 0.0000545 seconds, Stopping threads took: 0.0000004 seconds
[100.508s][info][gc       ] [SPS 0.000 0.001 0.000 0.006 0.000 0.001 0.000 0.034 0.013 0.055 NewGC_pause3 100.507285 ]
[100.508s][info][safepoint] Application time: 0.0008630 seconds
[100.508s][info][safepoint] Total time for which application threads were stopped: 0.0000645 seconds, Stopping threads took: 0.0000004 seconds
[100.508s][info][gc       ] [SPSH lock suspend gclocker notify wait resuspend cleanup op_time wakeup total(ms) op_name end(s) ]
[100.508s][info][gc       ] [SPS 0.000 0.003 0.002 0.006 0.000 0.001 0.000 0.041 0.016 0.065 NewGC_pause4 100.508213 ]
[100.509s][info][gc       ] [GC New Max 268-245 : 6356 3458 2326 6356 - - 1012 20 2 2 - : 210 1796 28 292 1342 : 206 4 1134 1134 0 : 0 1 103 0 105 - 0 : 0.262077 3457.0 0.0 0.071912 2975.9 0.0 : 3 --c 0000 : 23 0 0.000 0.000 0 0.000 0.000 0 0.000 0.000 : 100.436487 100.438178 0.000196 100.506401 0.000062 100.507231 0.000037 100.508149 0.000044 : 100.508398 ]
[100.509s][info][gc       ] [SYSINFO 8457 195 63 0 7912 0 16 0 0 6942 : - - - - - - - - : 0 7168 : 2.98 2.76 2.00 : 271935 4216652 : 0 0 : 26 0 : 2445 2 0 267 : - 8566652928 583921664 1094295552 7200940032 203833344 66772992 : 139899904 24587550 501350 0 0 0 : 100.508632 ]
[100.509s][info][gc       ] [HUGEPAGESTAT 0 0 0 - 83087 0 0 : 366592 0 0 : 100.508632 ]
[100.509s][info][gc       ] [OBJCREAT 306700290 25416 15071232 : 100.508675 ]
[100.509s][info][gc       ] [HMSV All : 0 0 90 0 0 0 0 0 : 6158 0 0 0 : 100.508695 ]
[100.509s][info][gc       ] [HMSP 60 : 51112 0 : 100.508695 ]
[100.509s][info][gc       ] [VMAC 65530 170 24 492 686 : 100.509148 ]
[100.770s][info][gc       ] [GPGC-H  3639.0 478.8 0.4 0.0 : 49.5 : 0.000 0.000 : 0.000 0.000 0.693 1.414 : 0.000 0.000 0.000 0.000 1.673 0.635 : 0.000 : 86.159 : 1090 1796 28 0 : 2275 : 5720 5428 : 100.770112 : 9 Next_heuristic_check_may_be_too_late ]
[100.772s][info][safepoint] Application time: 0.2637470 seconds
[100.772s][info][safepoint] Total time for which application threads were stopped: 0.0001454 seconds, Stopping threads took: 0.0000005 seconds
[100.773s][info][gc       ] [SPS 0.000 0.003 0.005 0.006 0.000 0.001 0.000 0.120 0.018 0.146 NewGC_pause1 100.772106 ]
[100.837s][info][safepoint] Application time: 0.0644627 seconds
[100.837s][info][safepoint] Total time for which application threads were stopped: 0.0001091 seconds, Stopping threads took: 0.0000005 seconds
[100.837s][info][gc       ] [SPS 0.000 0.001 0.000 0.011 0.001 0.001 0.000 0.081 0.016 0.109 NewGC_pause2 100.836678 ]
[100.838s][info][safepoint] Application time: 0.0010375 seconds
[100.838s][info][safepoint] Total time for which application threads were stopped: 0.0000538 seconds, Stopping threads took: 0.0000005 seconds
[100.838s][info][gc       ] [SPS 0.000 0.001 0.000 0.006 0.000 0.001 0.000 0.033 0.013 0.054 NewGC_pause3 100.837769 ]
[100.839s][info][safepoint] Application time: 0.0008648 seconds
[100.839s][info][safepoint] Total time for which application threads were stopped: 0.0000610 seconds, Stopping threads took: 0.0000004 seconds
[100.839s][info][gc       ] [SPS 0.000 0.003 0.002 0.006 0.000 0.001 0.000 0.040 0.014 0.061 NewGC_pause4 100.838695 ]
[100.839s][info][gc       ] [GC New Max 269-246 : 6356 3422 2330 6356 - - 1012 20 2 2 - : 214 1796 28 292 1306 : 210 4 1094 1094 0 : 0 1 105 0 107 - 0 : 0.262048 3365.8 0.0 0.068434 3156.3 0.0 : 3 --c 0000 : 23 0 0.000 0.000 0 0.000 0.000 0 0.000 0.000 : 100.770447 100.771960 0.000104 100.836569 0.000085 100.837715 0.000037 100.838634 0.000043 : 100.838881 ]
[100.839s][info][gc       ] [SYSINFO 8457 195 63 0 7912 0 16 0 0 6942 : - - - - - - - - : 0 7168 : 2.98 2.76 2.00 : 271935 4216652 : 0 0 : 26 0 : 2445 2 0 267 : - 8566652928 583921664 1094295552 7200940032 203833344 66772992 : 139899904 24588060 501350 0 0 0 : 100.839102 ]
[100.839s][info][gc       ] [HUGEPAGESTAT 0 0 0 - 83087 0 0 : 366592 0 0 : 100.839102 ]
[100.839s][info][gc       ] [OBJCREAT 307787331 25416 15071232 : 100.839141 ]
[100.839s][info][gc       ] [HMSV All : 0 0 90 0 0 0 0 0 : 6158 0 0 0 : 100.839156 ]
[100.839s][info][gc       ] [HMSP 60 : 51112 0 : 100.839156 ]
[100.840s][info][gc       ] [VMAC 65530 170 24 492 686 : 100.839609 ]
[101.101s][info][gc       ] [GPGC-H  3639.0 478.8 0.4 0.0 : 49.5 : 0.000 0.000 : 0.000 0.000 0.684 1.414 : 0.000 0.000 0.000 0.000 1.650 0.635 : 0.000 : 85.167 : 1124 1796 28 0 : 2275 : 5720 5428 : 101.100703 : 9 Next_heuristic_check_may_be_too_late ]
[101.103s][info][safepoint] Application time: 0.2642227 seconds
[101.104s][info][safepoint] Total time for which application threads were stopped: 0.0002496 seconds, Stopping threads took: 0.0000004 seconds
[101.104s][info][gc       ] [SPS 0.000 0.004 0.009 0.007 0.000 0.001 0.000 0.199 0.042 0.249 NewGC_pause1 101.103168 ]
[101.164s][info][safepoint] Application time: 0.0602513 seconds
[101.164s][info][safepoint] Total time for which application threads were stopped: 0.0001471 seconds, Stopping threads took: 0.0000006 seconds
[101.164s][info][gc       ] [SPS 0.000 0.001 0.000 0.020 0.001 0.001 0.000 0.104 0.021 0.147 NewGC_pause2 101.163566 ]
[101.165s][info][safepoint] Application time: 0.0012644 seconds
[101.165s][info][safepoint] Total time for which application threads were stopped: 0.0000617 seconds, Stopping threads took: 0.0000004 seconds
[101.165s][info][gc       ] [SPS 0.000 0.000 0.000 0.006 0.000 0.001 0.000 0.039 0.014 0.062 NewGC_pause3 101.164892 ]
[101.166s][info][safepoint] Application time: 0.0008791 seconds
[101.166s][info][safepoint] Total time for which application threads were stopped: 0.0000664 seconds, Stopping threads took: 0.0000005 seconds
[101.166s][info][gc       ] [SPS 0.000 0.003 0.002 0.007 0.000 0.001 0.000 0.043 0.015 0.066 NewGC_pause4 101.165838 ]
[101.166s][info][gc       ] [GC New Max 270-247 : 6356 3456 2332 6356 - - 1012 20 2 2 - : 216 1796 28 292 1340 : 212 4 1129 1129 0 : 0 1 106 0 108 - 0 : 0.262311 3476.8 0.0 0.064845 3361.9 0.0 : 3 --c 0000 : 23 0 0.000 0.000 0 0.000 0.000 0 0.000 0.000 : 101.101191 101.102918 0.000165 101.163419 0.000074 101.164830 0.000043 101.165771 0.000047 : 101.166037 ]
[101.166s][info][gc       ] [SYSINFO 8457 195 63 0 7912 0 16 0 0 6942 : - - - - - - - - : 0 7168 : 2.98 2.76 2.00 : 271935 4216652 : 0 0 : 26 0 : 2445 2 0 267 : - 8566652928 583921664 1094295552 7200940032 203833344 66772992 : 139899904 24588580 501380 0 0 0 : 101.166274 ]
[101.166s][info][gc       ] [HUGEPAGESTAT 0 0 0 - 83087 0 0 : 382976 0 0 : 101.166274 ]
[101.166s][info][gc       ] [OBJCREAT 308904414 25416 15071232 : 101.166318 ]
[101.166s][info][gc       ] [HMSV All : 0 0 90 0 0 0 0 0 : 6158 0 0 0 : 101.166336 ]
[101.166s][info][gc       ] [HMSP 60 : 51112 0 : 101.166336 ]
[101.167s][info][gc       ] [VMAC 65530 170 24 492 686 : 101.166834 ]
[101.408s][info][gc       ] [GPGC-H  3639.0 478.8 0.4 0.0 : 49.5 : 0.000 0.000 : 0.000 0.000 0.675 1.414 : 0.000 0.000 0.000 0.000 1.628 0.635 : 0.000 : 84.187 : 1134 1796 28 0 : 2275 : 5720 5428 : 101.407746 : 9 Next_heuristic_check_may_be_too_late ]
[101.410s][info][safepoint] Application time: 0.2439177 seconds
[101.410s][info][safepoint] Total time for which application threads were stopped: 0.0001232 seconds, Stopping threads took: 0.0000004 seconds
[101.410s][info][gc       ] [SPS 0.000 0.004 0.003 0.006 0.000 0.001 0.000 0.102 0.013 0.123 NewGC_pause1 101.409879 ]
[101.469s][info][safepoint] Application time: 0.0586085 seconds
[101.469s][info][safepoint] Total time for which application threads were stopped: 0.0001484 seconds, Stopping threads took: 0.0000004 seconds
[101.469s][info][gc       ] [SPS 0.000 0.001 0.000 0.006 0.000 0.001 0.008 0.114 0.020 0.148 NewGC_pause2 101.468636 ]
[101.470s][info][safepoint] Application time: 0.0013203 seconds
[101.470s][info][safepoint] Total time for which application threads were stopped: 0.0000533 seconds, Stopping threads took: 0.0000004 seconds
[101.470s][info][gc       ] [SPS 0.000 0.000 0.000 0.006 0.000 0.001 0.000 0.034 0.012 0.053 NewGC_pause3 101.470009 ]
[101.471s][info][safepoint] Application time: 0.0009474 seconds
[101.471s][info][safepoint] Total time for which application threads were stopped: 0.0000593 seconds, Stopping threads took: 0.0000004 seconds
[101.471s][info][gc       ] [SPS 0.000 0.003 0.002 0.006 0.000 0.001 0.000 0.039 0.013 0.059 NewGC_pause4 101.471016 ]
[101.471s][info][gc       ] [GC New Max 271-248 : 6356 3480 2344 6356 - - 1012 20 2 2 - : 228 1796 28 292 1364 : 224 4 1138 1138 0 : 0 1 112 0 114 - 0 : 0.242092 3800.2 0.0 0.063085 3645.8 0.0 : 3 --c 0000 : 23 0 0.000 0.000 0 0.000 0.000 0 0.000 0.000 : 101.408129 101.409756 0.000106 101.468487 0.000049 101.469956 0.000037 101.470957 0.000043 : 101.471214 ]
[101.471s][info][gc       ] [SYSINFO 8457 195 63 0 7912 0 16 0 0 6942 : - - - - - - - - : 0 7168 : 2.98 2.76 2.00 : 271935 4216652 : 0 0 : 26 0 : 2445 3 0 267 : - 8566652928 583921664 1094295552 7200940032 203833344 66772992 : 139899904 24589080 501380 0 0 0 : 101.471453 ]
[101.471s][info][gc       ] [HUGEPAGESTAT 0 0 0 - 83087 0 0 : 382976 0 0 : 101.471453 ]
[101.471s][info][gc       ] [OBJCREAT 310043166 25416 15071232 : 101.471497 ]
[101.472s][info][gc       ] [HMSV All : 0 0 90 0 0 0 0 0 : 6158 0 0 0 : 101.471511 ]
[101.472s][info][gc       ] [HMSP 60 : 51112 0 : 101.471511 ]
[101.472s][info][gc       ] [VMAC 65530 170 24 492 686 : 101.471942 ]
[101.713s][info][gc       ] [GPGC-H  3608.6 478.8 0.4 0.0 : 49.5 : 0.000 0.000 : 0.000 0.000 0.666 1.414 : 0.000 0.000 0.000 0.000 1.608 0.635 : 0.000 : 83.297 : 1118 1796 28 0 : 2275 : 5720 5428 : 101.712875 : 9 Next_heuristic_check_may_be_too_late ]
[101.715s][info][safepoint] Application time: 0.2441660 seconds
[101.716s][info][safepoint] Total time for which application threads were stopped: 0.0001843 seconds, Stopping threads took: 0.0000004 seconds
[101.716s][info][gc       ] [SPS 0.000 0.004 0.009 0.006 0.000 0.001 0.000 0.160 0.015 0.184 NewGC_pause1 101.715367 ]
[101.779s][info][safepoint] Application time: 0.0637014 seconds
[101.780s][info][safepoint] Total time for which application threads were stopped: 0.0001258 seconds, Stopping threads took: 0.0000005 seconds
[101.780s][info][gc       ] [SPS 0.000 0.001 0.000 0.006 0.000 0.001 0.000 0.105 0.013 0.126 NewGC_pause2 101.779194 ]
[101.780s][info][safepoint] Application time: 0.0009231 seconds
[101.780s][info][safepoint] Total time for which application threads were stopped: 0.0000610 seconds, Stopping threads took: 0.0000004 seconds
[101.780s][info][gc       ] [SPS 0.000 0.001 0.000 0.006 0.000 0.001 0.000 0.041 0.013 0.061 NewGC_pause3 101.780178 ]
[101.781s][info][safepoint] Application time: 0.0009136 seconds
[101.781s][info][safepoint] Total time for which application threads were stopped: 0.0001304 seconds, Stopping threads took: 0.0000005 seconds
[101.781s][info][gc       ] [SPS 0.000 0.004 0.002 0.007 0.000 0.001 0.000 0.107 0.015 0.131 NewGC_pause4 101.781222 ]
[101.782s][info][gc       ] [GC New Max 272-249 : 6356 3468 2346 6356 - - 1012 20 2 2 - : 230 1796 28 292 1352 : 226 4 1124 1124 0 : 0 1 113 0 115 - 0 : 0.242047 3685.2 0.0 0.068216 3430.3 0.0 : 3 --c 0000 : 23 0 0.000 0.000 0 0.000 0.000 0 0.000 0.000 : 101.713261 101.715183 0.000164 101.779068 0.000109 101.780117 0.000044 101.781092 0.000110 : 101.781477 ]
[101.782s][info][gc       ] [SYSINFO 8457 195 63 0 7912 0 16 0 0 6942 : - - - - - - - - : 0 7168 : 2.98 2.76 2.00 : 271935 4216652 : 0 0 : 26 0 : 2445 2 0 267 : - 8566652928 583921664 1094295552 7200940032 203833344 66772992 : 139899904 24589570 501390 0 0 0 : 101.781735 ]
[101.782s][info][gc       ] [HUGEPAGESTAT 0 0 0 - 83087 0 0 : 382976 0 0 : 101.781735 ]
[101.782s][info][gc       ] [OBJCREAT 311159729 25416 15071232 : 101.781780 ]
[101.782s][info][gc       ] [HMSV All : 0 0 90 0 0 0 0 0 : 6158 0 0 0 : 101.781795 ]
[101.782s][info][gc       ] [HMSP 60 : 51112 0 : 101.781795 ]
[101.782s][info][gc       ] [VMAC 65530 170 24 492 686 : 101.782319 ]
[102.023s][info][gc       ] [GPGC-H  3608.6 435.4 0.4 0.0 : 45.0 : 0.000 0.000 : 0.000 0.000 0.657 1.414 : 0.000 0.000 0.000 0.000 1.587 0.635 : 0.000 : 82.425 : 1110 1796 28 0 : 2275 : 5720 5428 : 102.023142 : 9 Next_heuristic_check_may_be_too_late ]
[102.025s][info][safepoint] Application time: 0.2439078 seconds
[102.025s][info][safepoint] Total time for which application threads were stopped: 0.0001516 seconds, Stopping threads took: 0.0000004 seconds
[102.026s][info][gc       ] [SPS 0.000 0.004 0.007 0.007 0.000 0.001 0.000 0.124 0.019 0.152 NewGC_pause1 102.025282 ]
[102.090s][info][safepoint] Application time: 0.0642584 seconds
[102.090s][info][safepoint] Total time for which application threads were stopped: 0.0001689 seconds, Stopping threads took: 0.0000005 seconds
[102.090s][info][gc       ] [SPS 0.000 0.002 0.000 0.009 0.001 0.001 0.000 0.132 0.026 0.169 NewGC_pause2 102.089710 ]
[102.091s][info][safepoint] Application time: 0.0012122 seconds
[102.091s][info][safepoint] Total time for which application threads were stopped: 0.0000767 seconds, Stopping threads took: 0.0000005 seconds
[102.091s][info][gc       ] [SPS 0.000 0.000 0.000 0.007 0.000 0.001 0.000 0.049 0.020 0.077 NewGC_pause3 102.090999 ]
[102.092s][info][safepoint] Application time: 0.0009133 seconds
[102.092s][info][safepoint] Total time for which application threads were stopped: 0.0000864 seconds, Stopping threads took: 0.0000005 seconds
[102.092s][info][gc       ] [SPS 0.000 0.003 0.002 0.007 0.001 0.001 0.000 0.050 0.027 0.086 NewGC_pause4 102.091998 ]
[102.093s][info][gc       ] [GC New Max 273-250 : 6356 3414 2302 6356 - - 1012 20 2 2 - : 186 1796 28 292 1298 : 184 4 1115 1115 0 : 0 1 92 0 93 - 0 : 0.241924 3645.8 0.0 0.068831 2731.3 0.0 : 3 --c 0000 : 23 0 0.000 0.000 0 0.000 0.000 0 0.000 0.000 : 102.023401 102.025130 0.000127 102.089541 0.000082 102.090922 0.000049 102.091912 0.000055 : 102.092232 ]
[102.093s][info][gc       ] [SYSINFO 8457 195 63 0 7912 0 16 0 0 6942 : - - - - - - - - : 0 7168 : 2.98 2.76 2.00 : 271935 4216652 : 0 0 : 26 0 : 2445 4 0 267 : - 8566652928 583921664 1094295552 7200940032 203833344 66772992 : 139899904 24590070 501410 0 0 0 : 102.092485 ]
[102.093s][info][gc       ] [HUGEPAGESTAT 0 0 0 - 83087 0 0 : 382976 0 0 : 102.092485 ]
[102.093s][info][gc       ] [OBJCREAT 312219526 25416 15071232 : 102.092531 ]
[102.093s][info][gc       ] [HMSV All : 0 0 90 0 0 0 0 0 : 6158 0 0 0 : 102.092548 ]
[102.093s][info][gc       ] [HMSP 60 : 51112 0 : 102.092548 ]
[102.093s][info][gc       ] [VMAC 65530 170 24 492 686 : 102.093073 ]
[102.354s][info][gc       ] [GPGC-H  3608.6 435.4 0.4 0.0 : 45.0 : 0.000 0.000 : 0.000 0.000 0.649 1.414 : 0.000 0.000 0.000 0.000 1.567 0.635 : 0.000 : 81.565 : 1064 1796 28 0 : 2275 : 5720 5428 : 102.353929 : 9 Next_heuristic_check_may_be_too_late ]
[102.356s][info][safepoint] Application time: 0.2637455 seconds
[102.356s][info][safepoint] Total time for which application threads were stopped: 0.0001352 seconds, Stopping threads took: 0.0000005 seconds
[102.356s][info][gc       ] [SPS 0.000 0.004 0.003 0.006 0.000 0.001 0.000 0.113 0.014 0.135 NewGC_pause1 102.355879 ]
[102.417s][info][safepoint] Application time: 0.0610927 seconds
[102.417s][info][safepoint] Total time for which application threads were stopped: 0.0000586 seconds, Stopping threads took: 0.0000004 seconds
[102.417s][info][gc       ] [SPS 0.000 0.001 0.000 0.007 0.000 0.001 0.000 0.037 0.013 0.058 NewGC_pause2 102.417030 ]
[102.418s][info][safepoint] Application time: 0.0007762 seconds
[102.418s][info][safepoint] Total time for which application threads were stopped: 0.0000914 seconds, Stopping threads took: 0.0000004 seconds
[102.418s][info][gc       ] [SPS 0.000 0.001 0.000 0.006 0.000 0.001 0.000 0.069 0.013 0.090 NewGC_pause3 102.417898 ]
[102.419s][info][safepoint] Application time: 0.0010345 seconds
[102.419s][info][safepoint] Total time for which application threads were stopped: 0.0000665 seconds, Stopping threads took: 0.0000004 seconds
[102.419s][info][gc       ] [SPS 0.000 0.003 0.002 0.006 0.000 0.001 0.000 0.043 0.016 0.066 NewGC_pause4 102.418999 ]
[102.420s][info][gc       ] [GC New Max 274-251 : 6356 3408 2342 6356 - - 1012 20 2 2 - : 226 1796 28 292 1292 : 222 4 1068 1068 0 : 0 1 111 0 113 - 0 : 0.261955 3351.7 0.0 0.065043 3536.1 0.0 : 3 --c 0000 : 23 0 0.000 0.000 0 0.000 0.000 0 0.000 0.000 : 102.354187 102.355744 0.000116 102.416972 0.000041 102.417808 0.000073 102.418933 0.000046 : 102.419230 ]
[102.420s][info][gc       ] [SYSINFO 8457 195 63 0 7912 0 16 0 0 6942 : - - - - - - - - : 0 7168 : 2.82 2.73 1.99 : 271935 4216652 : 0 0 : 26 0 : 2445 2 0 267 : - 8566652928 583921664 1094295552 7200940032 203833344 66772992 : 139899904 24590610 501430 0 0 0 : 102.419504 ]
[102.420s][info][gc       ] [HUGEPAGESTAT 0 0 0 - 83087 0 0 : 382976 0 0 : 102.419504 ]
[102.420s][info][gc       ] [OBJCREAT 313314421 25416 15071232 : 102.419549 ]
[102.420s][info][gc       ] [HMSV All : 0 0 90 0 0 0 0 0 : 6158 0 0 0 : 102.419563 ]
[102.420s][info][gc       ] [HMSP 60 : 51112 0 : 102.419563 ]
[102.420s][info][gc       ] [VMAC 65530 170 24 492 686 : 102.420025 ]
[102.581s][info][gc       ] [GPGC-H  3608.6 435.4 0.4 0.0 : 45.0 : 0.000 0.000 : 0.000 0.000 0.640 1.414 : 0.000 0.000 0.000 0.000 1.546 0.635 : 0.000 : 80.640 : 1222 1796 28 0 : 2275 : 5720 5428 : 102.580863 : 9 Next_heuristic_check_may_be_too_late ]
[102.583s][info][safepoint] Application time: 0.1642118 seconds
[102.584s][info][safepoint] Total time for which application threads were stopped: 0.0002094 seconds, Stopping threads took: 0.0000005 seconds
[102.584s][info][gc       ] [SPS 0.000 0.004 0.007 0.007 0.000 0.001 0.000 0.185 0.016 0.209 NewGC_pause1 102.583420 ]
[102.933s][info][safepoint] Application time: 0.3491619 seconds
[102.933s][info][safepoint] Total time for which application threads were stopped: 0.0000618 seconds, Stopping threads took: 0.0000004 seconds
[102.933s][info][gc       ] [SPS 0.000 0.002 0.000 0.006 0.000 0.001 0.000 0.042 0.012 0.062 NewGC_pause2 102.932644 ]
[102.934s][info][safepoint] Application time: 0.0012161 seconds
[102.934s][info][safepoint] Total time for which application threads were stopped: 0.0001067 seconds, Stopping threads took: 0.0000004 seconds
[102.934s][info][gc       ] [SPS 0.000 0.000 0.000 0.005 0.000 0.001 0.000 0.089 0.011 0.107 NewGC_pause3 102.933967 ]
[102.935s][info][safepoint] Application time: 0.0013808 seconds
[102.936s][info][safepoint] Total time for which application threads were stopped: 0.0001504 seconds, Stopping threads took: 0.0000004 seconds
[102.936s][info][gc       ] [SPS 0.000 0.003 0.002 0.005 0.000 0.001 0.000 0.128 0.016 0.150 NewGC_pause4 102.935499 ]
[102.936s][info][gc       ] [GC New Max 275-252 : 6356 4780 4216 6356 - - 1012 20 2 2 - : 2100 1796 28 292 2664 : 2088 13 573 573 0 : 0 2 714 0 916 - 134 : 0.161968 6161.7 0.0 0.354690 4071.2 0.0 : 3 --c 0000 : 23 0 0.000 0.000 0 0.000 0.000 0 0.000 0.000 : 102.581198 102.583211 0.000189 102.932583 0.000045 102.933860 0.000093 102.935348 0.000128 : 102.935887 ]
[102.936s][info][gc       ] [SYSINFO 8457 195 63 0 7912 0 16 0 0 6942 : - - - - - - - - : 0 7168 : 2.82 2.73 1.99 : 271935 4216652 : 0 0 : 26 0 : 2445 2 0 267 : - 8566652928 583921664 1094295552 7200940032 203833344 66772992 : 139899904 24591820 501430 0 0 0 : 102.936144 ]
[102.936s][info][gc       ] [HUGEPAGESTAT 0 0 0 - 83087 0 0 : 382976 0 0 : 102.936144 ]
[102.936s][info][gc       ] [OBJCREAT 315731729 25416 15071232 : 102.936185 ]
[102.936s][info][gc       ] [HMSV All : 0 0 100 0 0 0 0 0 : 6158 0 0 0 : 102.936206 ]
[102.936s][info][gc       ] [HMSP 60 : 51112 0 : 102.936206 ]
[102.937s][info][gc       ] [VMAC 65530 170 24 492 686 : 102.936695 ]
[103.077s][info][gc       ] [GPGC-H  3608.6 435.4 0.4 0.0 : 45.0 : 0.000 0.000 : 0.000 0.000 0.634 1.414 : 0.000 0.000 0.000 0.000 1.515 0.635 : 0.000 : 80.357 : 2490 1796 28 0 : 2275 : 5720 5428 : 103.077262 : 9 Next_heuristic_check_may_be_too_late ]
[103.081s][info][safepoint] Application time: 0.1453580 seconds
[103.081s][info][safepoint] Total time for which application threads were stopped: 0.0003161 seconds, Stopping threads took: 0.0000005 seconds
[103.082s][info][gc       ] [SPS 0.000 0.003 0.005 0.006 0.001 0.001 0.000 0.284 0.024 0.316 NewGC_pause1 103.081173 ]
[103.685s][info][safepoint] Application time: 0.6041364 seconds
[103.686s][info][safepoint] Total time for which application threads were stopped: 0.0001484 seconds, Stopping threads took: 0.0000004 seconds
[103.686s][info][gc       ] [SPS 0.000 0.001 0.000 0.005 0.000 0.001 0.000 0.120 0.022 0.149 NewGC_pause2 103.685458 ]
[103.687s][info][safepoint] Application time: 0.0010218 seconds
[103.687s][info][safepoint] Total time for which application threads were stopped: 0.0000457 seconds, Stopping threads took: 0.0000004 seconds
[103.687s][info][gc       ] [SPS 0.000 0.000 0.000 0.005 0.000 0.001 0.000 0.036 0.003 0.046 NewGC_pause3 103.686525 ]
[103.703s][info][safepoint] Application time: 0.0161764 seconds
[103.703s][info][safepoint] Total time for which application threads were stopped: 0.0000809 seconds, Stopping threads took: 0.0000004 seconds
[103.703s][info][gc       ] [SPS 0.000 0.005 0.007 0.007 0.000 0.001 0.000 0.051 0.021 0.081 NewGC_pause4 103.702783 ]
[103.829s][info][gc       ] [GC New Max 276-253 : 6356 5988 5784 6356 - - 1012 20 2 2 - : 3668 1796 28 292 3872 : 3134 8 728 728 98 : 0 286 686 0 1779 - 55 : 0.141855 2763.4 0.0 0.751088 2404.5 0.0 : 3 --c 0000 : 23 4385 0.000 0.000 0 0.000 0.000 4385 0.000 0.000 : 103.077743 103.080857 0.000172 103.685309 0.000048 103.686480 0.000038 103.702702 0.000056 : 103.828830 ]
[103.829s][info][gc       ] [SYSINFO 8457 195 63 0 7912 0 16 0 0 6942 : - - - - - - - - : 0 7168 : 2.82 2.73 1.99 : 271935 4216652 : 0 0 : 26 0 : 2445 2 0 267 : - 8566652928 583921664 1094295552 7200940032 203833344 66772992 : 139899904 24594850 501440 0 0 0 : 103.829157 ]
[103.829s][info][gc       ] [HUGEPAGESTAT 0 0 0 - 83087 0 0 : 382976 0 0 : 103.829157 ]
[103.829s][info][gc       ] [OBJCREAT 317911296 25416 15071232 : 103.829222 ]
[103.829s][info][gc       ] [HMSV All : 0 0 100 0 0 0 0 0 : 6158 0 0 0 : 103.829241 ]
[103.829s][info][gc       ] [HMSP 60 : 51112 0 : 103.829241 ]
[103.830s][info][gc       ] [GPGC-H  3582.6 396.0 0.4 0.0 : 41.0 : 0.000 0.000 : 0.000 0.000 0.751 1.414 : 0.000 0.000 0.000 0.000 1.515 0.635 : 0.000 : 84.114 : 3670 1796 28 0 : 2275 : 5720 5428 : 103.829771 : 3 Heap_use_exceeded_committed ]
[103.830s][info][gc       ] [VMAC 65530 170 24 492 686 : 103.829805 ]
[103.837s][info][safepoint] Application time: 0.1338554 seconds
[103.837s][info][safepoint] Total time for which application threads were stopped: 0.0002604 seconds, Stopping threads took: 0.0000004 seconds
[103.837s][info][gc       ] [SPS 0.000 0.002 0.009 0.008 0.000 0.001 0.000 0.223 0.027 0.260 NewGC_pause1 103.836899 ]
[104.507s][info][safepoint] Application time: 0.6701206 seconds
[104.508s][info][safepoint] Total time for which application threads were stopped: 0.0001875 seconds, Stopping threads took: 0.0000005 seconds
[104.508s][info][gc       ] [SPS 0.000 0.003 0.000 0.005 0.000 0.001 0.000 0.161 0.020 0.188 NewGC_pause2 104.507207 ]
[104.509s][info][safepoint] Application time: 0.0018425 seconds
[104.509s][info][safepoint] Total time for which application threads were stopped: 0.0001866 seconds, Stopping threads took: 0.0000004 seconds
[104.510s][info][gc       ] [SPS 0.000 0.000 0.000 0.005 0.000 0.001 0.000 0.154 0.026 0.187 NewGC_pause3 104.509236 ]
[104.511s][info][safepoint] Application time: 0.0017436 seconds
[104.511s][info][safepoint] Total time for which application threads were stopped: 0.0000790 seconds, Stopping threads took: 0.0000005 seconds
[104.511s][info][gc       ] [SPS 0.000 0.172 0.002 0.007 0.000 0.001 0.000 0.052 0.019 0.079 NewGC_pause4 104.511059 ]
[104.512s][info][gc       ] [GC NTO Max 277-254 : 6356 6152 4344 6356 - - 1012 20 2 2 - : 2228 1796 28 292 4036 : 2117 8 1912 1912 0 : 0 3 175 0 1059 - 55 : 0.001092 3663.9 0.0 0.682075 545.4 0.0 : 3 --c 0000 : 23 9429 0.000 0.000 0 0.000 0.000 9429 0.000 0.000 : 103.829922 103.836639 0.000164 104.507020 0.000095 104.509050 0.000047 104.510980 0.000052 : 104.511997 ]
[104.512s][info][gc       ] [SYSINFO 8457 195 63 0 7912 0 16 0 0 6942 : - - - - - - - - : 0 7168 : 2.82 2.73 1.99 : 271935 4216652 : 0 0 : 26 0 : 2445 2 0 267 : - 8566652928 583921664 1094295552 7200940032 203833344 66772992 : 139899904 24597190 501470 0 0 0 : 104.512265 ]
[104.512s][info][gc       ] [HUGEPAGESTAT 0 0 0 - 83087 0 0 : 382976 0 0 : 104.512265 ]
[104.512s][info][gc       ] [OBJCREAT 318289581 25416 15071232 : 104.512313 ]
[104.512s][info][gc       ] [HMSV All : 0 0 100 0 0 0 0 0 : 6158 0 0 0 : 104.512331 ]
[104.512s][info][gc       ] [HMSP 60 : 51112 0 : 104.512331 ]
[104.513s][info][gc       ] [GPGC-H  3498.1 396.0 0.4 0.0 : 41.0 : 0.000 0.000 : 0.000 0.000 0.749 1.414 : 0.000 0.000 0.000 0.000 1.515 0.635 : 0.000 : 99.840 : 2228 1796 28 0 : 2275 : 5720 5428 : 104.512618 : 8 May_exceed_heap_occupancy_target ]
[104.513s][info][safepoint] Application time: 0.0010896 seconds
[104.513s][info][safepoint] Total time for which application threads were stopped: 0.0005117 seconds, Stopping threads took: 0.0000004 seconds
[104.513s][info][gc       ] [VMAC 65530 170 24 492 686 : 104.512769 ]
[104.513s][info][gc       ] [SPS 0.000 0.000 0.000 0.006 0.000 0.001 0.000 0.491 0.013 0.512 OldGC_pause2 104.512661 ]
[104.516s][info][safepoint] Application time: 0.0027933 seconds
[104.516s][info][safepoint] Total time for which application threads were stopped: 0.0000625 seconds, Stopping threads took: 0.0000004 seconds
[104.516s][info][gc       ] [SPS 0.000 0.001 0.000 0.006 0.000 0.001 0.000 0.042 0.013 0.062 OldGC_pause3 104.515516 ]
[104.521s][info][safepoint] Application time: 0.0055721 seconds
[104.521s][info][safepoint] Total time for which application threads were stopped: 0.0001053 seconds, Stopping threads took: 0.0000004 seconds
[104.522s][info][gc       ] [SPS 0.000 0.510 0.003 0.006 0.000 0.001 0.000 0.085 0.013 0.105 NewGC_pause1 104.521194 ]
[105.097s][info][safepoint] Application time: 0.5761139 seconds
[105.098s][info][safepoint] Total time for which application threads were stopped: 0.0001294 seconds, Stopping threads took: 0.0000004 seconds
[105.099s][info][gc       ] [SPS 0.000 0.001 0.000 0.007 0.000 0.001 0.000 0.107 0.014 0.129 NewGC_pause2 105.097437 ]
[105.100s][info][safepoint] Application time: 0.0021007 seconds
[105.100s][info][safepoint] Total time for which application threads were stopped: 0.0001242 seconds, Stopping threads took: 0.0000004 seconds
[105.100s][info][gc       ] [SPS 0.000 0.000 0.000 0.005 0.000 0.001 0.000 0.105 0.013 0.124 NewGC_pause3 105.099662 ]
[105.116s][info][safepoint] Application time: 0.0157231 seconds
[105.116s][info][safepoint] Total time for which application threads were stopped: 0.0001834 seconds, Stopping threads took: 0.0000005 seconds
[105.116s][info][gc       ] [SPS 0.000 0.003 0.003 0.007 0.000 0.001 0.000 0.146 0.029 0.184 NewGC_pause4 105.115569 ]
[105.299s][info][gc       ] [GC New Max 279-255 : 6356 5944 5888 6356 - - 1012 20 2 2 - : 3646 1922 28 292 3828 : 3343 5 479 479 44 : 63 232 788 0 1768 - 55 : 0.005857 2731.6 0.0 0.781119 2501.5 0.0 : 3 --c 0000 : 23 6248 0.000 0.000 0 0.000 0.000 6248 0.000 0.000 : 104.517854 104.521089 0.000088 105.097308 0.000112 105.099538 0.000095 105.115386 0.000067 : 105.298974 ]
[105.299s][info][gc       ] [SYSINFO 8457 195 63 0 7912 0 16 0 0 6942 : - - - - - - - - : 0 7168 : 2.82 2.73 1.99 : 271935 4216652 : 0 0 : 26 0 : 2445 2 0 267 : - 8566652928 583921664 1094295552 7200940032 203833344 66772992 : 139899904 24600210 501520 0 0 0 : 105.299273 ]
[105.299s][info][gc       ] [HUGEPAGESTAT 0 0 0 - 83087 0 0 : 382976 0 0 : 105.299273 ]
[105.299s][info][gc       ] [OBJCREAT 320250855 25416 15181824 : 105.299341 ]
[105.299s][info][gc       ] [HMSV All : 0 0 100 0 0 0 0 0 : 6158 0 0 0 : 105.299363 ]
[105.299s][info][gc       ] [HMSP 60 : 51112 0 : 105.299363 ]
[105.300s][info][gc       ] [GPGC-H  3517.6 396.0 0.4 0.0 : 41.0 : 0.000 0.000 : 0.000 0.000 0.764 1.414 : 0.000 0.000 0.000 0.000 1.515 0.635 : 0.000 : 99.890 : 3648 1922 28 0 : 2275 : 5720 5428 : 105.299865 : 3 Heap_use_exceeded_committed ]
[105.300s][info][gc       ] [VMAC 65530 170 24 492 686 : 105.299967 ]
[105.301s][info][safepoint] Application time: 0.1856052 seconds
[105.302s][info][safepoint] Total time for which application threads were stopped: 0.0001324 seconds, Stopping threads took: 0.0000005 seconds
[105.302s][info][gc       ] [SPS 0.000 0.002 0.005 0.006 0.001 0.001 0.000 0.100 0.025 0.133 OldGC_pause4 105.301307 ]
[105.302s][info][gc       ] [GC Old Max 278-24 : 6356 6152 4106 6356 - - 1012 20 2 2 - : 3654 134 26 292 1952 : 152 12 1789 1789 0 : 0 3 63 0 80 - 0 : 7.716536 4.9 0.0 1.470223 73.5 0.0 : 1 --c 0000 : 23   -    -    -    -    -    -    -    -    -  : 103.831546 103.836639 0.000164 104.512149 0.000494 104.515454 0.000045 105.301174 0.000051 : 105.301769 ]
[105.302s][info][gc       ] [SYSINFO 8457 195 63 0 7912 0 16 0 0 6942 : - - - - - - - - : 0 7168 : 2.82 2.73 1.99 : 271935 4216652 : 0 0 : 26 0 : 2445 2 0 267 : - 8566652928 583921664 1094295552 7200940032 203833344 66772992 : 139899904 24600230 501520 0 0 0 : 105.302002 ]
[105.302s][info][gc       ] [HUGEPAGESTAT 0 0 0 - 83087 0 0 : 382976 0 0 : 105.302002 ]
[105.302s][info][gc       ] [OBJCREAT 320256803 25416 15181824 : 105.302045 ]
[105.302s][info][gc       ] [HMSV All : 0 0 100 0 0 0 0 0 : 6158 0 0 0 : 105.302058 ]
[105.302s][info][gc       ] [HMSP 60 : 51112 0 : 105.302058 ]
[105.302s][info][gc       ] [COMPSTATS 1 : 5 0 : 1 0 : 0 0 : 518 5 0 0 0 0 : 0 0 0 0 0 0 : 132 134 15 : 523 0 0 0 0 0 0 : 523 0 0 0 0 0 0 ]
[105.302s][info][gc       ] [COMPSTATS 2 : 5 0 : 1 0 : 0 0 : 129 11 0 0 0 0 : 0 0 0 0 0 0 : 48891 48995 9410 : 69 45 26 0 0 0 0 : 32 86 17 4 1 0 0 ]
[105.302s][info][gc       ] [DEOPTSTATS 1 : 1 0 : 0 0 : 0 0 : 0 0 : 0 12 : 0 0 : 0 0 : 0 0 : 0 0 : 0 0 : 0 0 : 0 0 : 0 0 : 0 0 : 0 0 : 0 0 : 0 0 : 0 0 : 0 0 : 0 0 : 0 0 : 0 0 : 0 0 : 0 0 : 0 0 : 0 0 : 0 0 : 0 0 : 0 0 : 0 0 : 6 0 : 0 0 : 0 0 : 0 0 : 0 0 : 0 0 : 0 0 : 0 0 : 0 0 : 0 0 : 0 0 : 0 0 ]
[105.302s][info][gc       ] [DEOPTSTATS 2 : 0 0 : 0 0 : 0 0 : 0 0 : 0 0 : 0 0 : 0 11 : 0 0 : 0 0 : 0 0 : 0 0 : 0 0 : 0 0 : 0 0 : 0 0 : 0 0 : 0 0 : 0 0 : 0 0 : 0 0 : 0 0 : 0 0 : 0 0 : 0 0 : 0 0 : 0 0 : 0 0 : 0 0 : 0 0 : 0 0 : 5 0 : 0 0 : 0 0 : 0 0 : 0 1 : 0 0 : 0 0 : 0 0 : 0 0 : 0 3 : 0 0 : 0 0 ]
[105.303s][info][gc       ] [VMAC 65530 170 24 492 686 : 105.302525 ]
[105.303s][info][gc       ] [CCF 0 0 0 0 32 181248: 3072000 : 380 196608 : 3 49152 : 317 311808 :  511 634368 : 120 416256 : 0 0 : 15 1228800 : 1 2048]
[105.308s][info][safepoint] Application time: 0.0061651 seconds
[105.308s][info][safepoint] Total time for which application threads were stopped: 0.0001212 seconds, Stopping threads took: 0.0000005 seconds
[105.308s][info][gc       ] [SPS 0.000 0.002 0.002 0.006 0.000 0.001 0.000 0.099 0.014 0.121 NewGC_pause1 105.307593 ]
[105.839s][info][safepoint] Application time: 0.5309695 seconds
[105.839s][info][safepoint] Total time for which application threads were stopped: 0.0001810 seconds, Stopping threads took: 0.0000005 seconds
[105.840s][info][gc       ] [SPS 0.000 0.001 0.000 0.008 0.000 0.001 0.000 0.147 0.025 0.181 NewGC_pause2 105.838744 ]
[105.841s][info][safepoint] Application time: 0.0016145 seconds
[105.841s][info][safepoint] Total time for which application threads were stopped: 0.0001611 seconds, Stopping threads took: 0.0000005 seconds
[105.841s][info][gc       ] [SPS 0.000 0.000 0.000 0.007 0.000 0.001 0.000 0.130 0.022 0.161 NewGC_pause3 105.840520 ]
[105.857s][info][safepoint] Application time: 0.0161865 seconds
[105.857s][info][safepoint] Total time for which application threads were stopped: 0.0000738 seconds, Stopping threads took: 0.0000005 seconds
[105.858s][info][gc       ] [SPS 0.000 0.003 0.003 0.006 0.000 0.001 0.000 0.052 0.014 0.074 NewGC_pause4 105.856780 ]
[106.260s][info][gc       ] [GC New Max 280-256 : 6356 5892 5170 6356 - - 1012 20 2 2 - : 3982 870 26 292 5404 : 3383 8 2014 2014 26 : 368 0 866 0 1991 - 0 : 0.005259 3042.6 0.0 0.955832 3172.1 0.0 : 3 --c 0000 : 23 349 0.000 0.000 0 0.000 0.000 349 0.000 0.000 : 105.304232 105.307472 0.000105 105.838563 0.000053 105.840359 0.000048 105.856706 0.000055 : 106.260064 ]
[106.260s][info][gc       ] [SYSINFO 8457 195 63 0 7912 0 16 0 0 6942 : - - - - - - - - : 0 7168 : 2.82 2.73 1.99 : 271935 4216652 : 0 0 : 26 0 : 2445 2 0 267 : - 8566652928 583921664 1094295552 7200940032 203833344 66772992 : 139899904 24603630 501590 0 0 0 : 106.260340 ]
[106.260s][info][gc       ] [HUGEPAGESTAT 0 0 0 - 83087 0 0 : 382976 0 0 : 106.260340 ]
[106.260s][info][gc       ] [OBJCREAT 323271418 25416 15804416 : 106.260390 ]
[106.260s][info][gc       ] [HMSV All : 0 0 100 0 0 0 0 0 : 6158 0 0 0 : 106.260409 ]
[106.260s][info][gc       ] [HMSP 60 : 51112 0 : 106.260409 ]
[106.261s][info][gc       ] [VMAC 65530 170 24 492 686 : 106.260903 ]
[106.261s][info][gc       ] [GPGC-H  3525.9 385.3 0.3 0.0 : 36.6 : 0.000 0.000 : 0.000 0.000 0.761 1.470 : 0.000 0.000 0.000 0.000 1.875 0.608 : 0.000 : 99.889 : 3986 870 26 0 : 2275 : 5720 5428 : 106.260922 : 8 May_exceed_heap_occupancy_target ]
[106.267s][info][safepoint] Application time: 0.4102165 seconds
[106.269s][info][safepoint] Total time for which application threads were stopped: 0.0002418 seconds, Stopping threads took: 0.0000005 seconds
[106.269s][info][gc       ] [SPS 0.000 0.001 0.008 0.007 0.000 0.001 0.000 0.206 0.028 0.242 NewGC_pause1 106.267239 ]
[106.671s][info][safepoint] Application time: 0.4034037 seconds
[106.671s][info][safepoint] Total time for which application threads were stopped: 0.0001768 seconds, Stopping threads took: 0.0000004 seconds
[106.672s][info][gc       ] [SPS 0.000 0.006 0.000 0.006 0.000 0.001 0.000 0.148 0.026 0.182 NewGC_pause2 106.670824 ]
[106.673s][info][safepoint] Application time: 0.0018614 seconds
[106.673s][info][safepoint] Total time for which application threads were stopped: 0.0000753 seconds, Stopping threads took: 0.0000006 seconds
[106.673s][info][gc       ] [SPS 0.000 0.000 0.000 0.017 0.001 0.001 0.000 0.043 0.014 0.075 NewGC_pause3 106.672756 ]
[106.690s][info][safepoint] Application time: 0.0173364 seconds
[106.691s][info][safepoint] Total time for which application threads were stopped: 0.0001652 seconds, Stopping threads took: 0.0000005 seconds
[106.691s][info][gc       ] [SPS 0.000 0.012 0.010 0.007 0.000 0.001 0.000 0.130 0.026 0.165 NewGC_pause4 106.690258 ]
[106.952s][info][gc       ] [GC NTO Max 281-257 : 6356 5970 3794 6356 - - 1013 20 2 2 - : 1998 1478 26 292 4782 : 1713 5 3067 3067 0 : 304 0 391 0 999 - 0 : 0.001106 3617.0 0.0 0.690975 2437.1 0.0 : 3 --c 0000 : 23 3808 0.000 0.000 0 0.000 0.000 3808 0.000 0.000 : 106.261170 106.266997 0.000137 106.670642 0.000103 106.672681 0.000057 106.690100 0.000057 : 106.952145 ]
[106.952s][info][gc       ] [SYSINFO 8457 195 63 0 7912 0 16 0 0 6942 : - - - - - - - - : 0 7168 : 2.82 2.73 1.99 : 271935 4216652 : 0 0 : 26 0 : 2445 3 0 267 : - 8566652928 583921664 1094295552 7200940032 203833344 66772992 : 139899904 24606940 501760 0 0 0 : 106.952420 ]
[106.952s][info][gc       ] [HUGEPAGESTAT 0 0 0 - 83087 0 0 : 382976 0 0 : 106.952420 ]
[106.952s][info][gc       ] [OBJCREAT 324943357 25416 16427008 : 106.952471 ]
[106.952s][info][gc       ] [HMSV All : 0 0 100 0 0 0 0 0 : 6158 0 0 0 : 106.952489 ]
[106.952s][info][gc       ] [HMSP 60 : 51112 0 : 106.952489 ]
[106.953s][info][gc       ] [VMAC 65530 170 24 492 686 : 106.953042 ]
[106.953s][info][gc       ] [GPGC-H  3490.1 385.3 0.3 0.0 : 36.6 : 0.000 0.000 : 0.000 0.000 0.754 1.470 : 0.000 0.000 0.000 0.000 2.138 0.608 : 0.000 : 99.888 : 1998 1478 26 0 : 2275 : 5720 5428 : 106.953360 : 9 Next_heuristic_check_may_be_too_late ]
[106.953s][info][safepoint] Application time: 0.2622788 seconds
[106.954s][info][safepoint] Total time for which application threads were stopped: 0.0009584 seconds, Stopping threads took: 0.0000005 seconds
[106.955s][info][gc       ] [SPS 0.000 0.001 0.000 0.008 0.000 0.001 0.000 0.917 0.032 0.958 OldGC_pause2 106.953495 ]
[106.957s][info][safepoint] Application time: 0.0033035 seconds
[106.957s][info][safepoint] Total time for which application threads were stopped: 0.0001395 seconds, Stopping threads took: 0.0000005 seconds
[106.957s][info][gc       ] [SPS 0.000 0.000 0.000 0.006 0.000 0.001 0.000 0.104 0.028 0.139 OldGC_pause3 106.956938 ]
[106.963s][info][safepoint] Application time: 0.0053585 seconds
[106.963s][info][safepoint] Total time for which application threads were stopped: 0.0002473 seconds, Stopping threads took: 0.0000004 seconds
[106.963s][info][gc       ] [SPS 0.000 2.422 0.002 0.006 0.000 0.001 0.001 0.220 0.014 0.241 NewGC_pause1 106.962544 ]
[107.196s][info][safepoint] Application time: 0.2329422 seconds
[107.196s][info][safepoint] Total time for which application threads were stopped: 0.0002167 seconds, Stopping threads took: 0.0000005 seconds
[107.197s][info][gc       ] [SPS 0.000 0.002 0.000 0.008 0.000 0.001 0.000 0.171 0.036 0.217 NewGC_pause2 107.195703 ]
[107.199s][info][safepoint] Application time: 0.0026222 seconds
[107.199s][info][safepoint] Total time for which application threads were stopped: 0.0002076 seconds, Stopping threads took: 0.0000005 seconds
[107.199s][info][gc       ] [SPS 0.000 0.001 0.000 0.007 0.001 0.001 0.000 0.171 0.028 0.208 NewGC_pause3 107.198533 ]
[107.215s][info][safepoint] Application time: 0.0160647 seconds
[107.215s][info][safepoint] Total time for which application threads were stopped: 0.0001289 seconds, Stopping threads took: 0.0000004 seconds
[107.216s][info][gc       ] [SPS 0.000 0.004 0.010 0.008 0.000 0.001 0.000 0.103 0.016 0.129 NewGC_pause4 107.214727 ]
[107.392s][info][gc       ] [GC New Max 283-258 : 6356 4728 3632 6356 - - 1013 20 2 2 - : 1550 1764 26 292 2932 : 1229 3 1702 1702 0 : 143 0 452 0 775 - 0 : 0.005244 2288.2 0.0 0.434266 3514.0 0.0 : 3 --c 0000 : 23 0 0.000 0.000 0 0.000 0.000 0 0.000 0.000 : 106.957390 106.962304 0.000223 107.195487 0.000125 107.198325 0.000052 107.214598 0.000109 : 107.391655 ]
[107.392s][info][gc       ] [SYSINFO 8457 195 63 0 7912 0 16 0 0 6942 : - - - - - - - - : 0 7168 : 2.92 2.75 2.01 : 271935 4216652 : 0 0 : 26 0 : 2445 2 0 267 : - 8566652928 583921664 1094295552 7200940032 203833344 66772992 : 139899904 24608680 501880 0 0 0 : 107.391937 ]
[107.392s][info][gc       ] [HUGEPAGESTAT 0 0 0 - 83087 0 0 : 382976 0 0 : 107.391937 ]
[107.392s][info][gc       ] [OBJCREAT 326469021 25416 16668672 : 107.391989 ]
[107.392s][info][gc       ] [HMSV All : 0 0 100 0 0 0 0 0 : 6158 0 0 0 : 107.392006 ]
[107.392s][info][gc       ] [HMSP 60 : 51112 0 : 107.392006 ]
[107.393s][info][gc       ] [VMAC 65530 170 24 492 686 : 107.392539 ]
[107.395s][info][safepoint] Application time: 0.1805802 seconds
[107.396s][info][safepoint] Total time for which application threads were stopped: 0.0001349 seconds, Stopping threads took: 0.0000005 seconds
[107.396s][info][gc       ] [SPS 0.000 0.002 0.006 0.007 0.000 0.001 0.000 0.105 0.022 0.135 OldGC_pause4 107.395443 ]
[107.403s][info][gc       ] [GC Old Max 282-25 : 6356 5970 3658 6356 - - 1013 20 2 2 - : 1588 1752 26 292 1794 : 1768 12 2 2 0 : 0 9 447 1 834 - 55 : 0.960959 632.7 0.0 1.140363 740.1 0.0 : 1 --c 0000 : 23   -    -    -    -    -    -    -    -    -  : 106.262728 106.266997 0.000137 106.952537 0.000835 106.956799 0.000108 107.395307 0.000071 : 107.403090 ]
[107.403s][info][gc       ] [SYSINFO 8457 195 63 0 7912 0 16 0 0 6942 : - - - - - - - - : 0 7168 : 2.92 2.75 2.01 : 271935 4216652 : 0 0 : 26 0 : 2445 2 0 267 : - 8566652928 583921664 1094295552 7200940032 203833344 66772992 : 139899904 24608700 501890 0 0 0 : 107.403298 ]
[107.403s][info][gc       ] [HUGEPAGESTAT 0 0 0 - 83087 0 0 : 382976 0 0 : 107.403298 ]
[107.403s][info][gc       ] [OBJCREAT 326504702 25416 16668672 : 107.403339 ]
[107.403s][info][gc       ] [HMSV All : 0 0 100 0 0 0 0 0 : 6158 0 0 0 : 107.403358 ]
[107.403s][info][gc       ] [HMSP 60 : 51112 0 : 107.403358 ]
[107.403s][info][gc       ] [COMPSTATS 1 : 5 0 : 1 0 : 0 0 : 518 5 0 0 0 0 : 0 0 0 0 0 0 : 132 134 15 : 523 0 0 0 0 0 0 : 523 0 0 0 0 0 0 ]
[107.403s][info][gc       ] [COMPSTATS 2 : 5 0 : 1 0 : 0 0 : 129 11 0 0 0 0 : 0 0 0 0 0 0 : 48891 48995 9410 : 69 45 26 0 0 0 0 : 32 86 17 4 1 0 0 ]
[107.403s][info][gc       ] [DEOPTSTATS 1 : 1 0 : 0 0 : 0 0 : 0 0 : 0 12 : 0 0 : 0 0 : 0 0 : 0 0 : 0 0 : 0 0 : 0 0 : 0 0 : 0 0 : 0 0 : 0 0 : 0 0 : 0 0 : 0 0 : 0 0 : 0 0 : 0 0 : 0 0 : 0 0 : 0 0 : 0 0 : 0 0 : 0 0 : 0 0 : 0 0 : 6 0 : 0 0 : 0 0 : 0 0 : 0 0 : 0 0 : 0 0 : 0 0 : 0 0 : 0 0 : 0 0 : 0 0 ]
[107.403s][info][gc       ] [DEOPTSTATS 2 : 0 0 : 0 0 : 0 0 : 0 0 : 0 0 : 0 0 : 0 11 : 0 0 : 0 0 : 0 0 : 0 0 : 0 0 : 0 0 : 0 0 : 0 0 : 0 0 : 0 0 : 0 0 : 0 0 : 0 0 : 0 0 : 0 0 : 0 0 : 0 0 : 0 0 : 0 0 : 0 0 : 0 0 : 0 0 : 0 0 : 5 0 : 0 0 : 0 0 : 0 0 : 0 1 : 0 0 : 0 0 : 0 0 : 0 0 : 0 3 : 0 0 : 0 0 ]
[107.404s][info][gc       ] [CCF 0 0 0 0 32 181248: 3072000 : 380 196608 : 3 49152 : 317 311808 :  511 634368 : 120 416256 : 0 0 : 15 1228800 : 1 2048]
[107.404s][info][gc       ] [VMAC 65530 170 24 492 686 : 107.403878 ]
[107.514s][info][gc       ] [GPGC-H  3490.1 385.3 0.3 0.0 : 36.6 : 0.000 0.000 : 0.000 0.000 0.746 1.440 : 0.000 0.000 0.000 0.000 2.134 0.608 : 0.000 : 99.880 : 1960 1752 26 0 : 2275 : 5720 5428 : 107.513939 : 9 Next_heuristic_check_may_be_too_late ]
[107.517s][info][safepoint] Application time: 0.1215745 seconds
[107.518s][info][safepoint] Total time for which application threads were stopped: 0.0002953 seconds, Stopping threads took: 0.0000005 seconds
[107.518s][info][gc       ] [SPS 0.000 0.003 0.002 0.006 0.000 0.001 0.000 0.267 0.021 0.295 NewGC_pause1 107.517312 ]
[107.666s][info][safepoint] Application time: 0.1487885 seconds
[107.667s][info][safepoint] Total time for which application threads were stopped: 0.0001479 seconds, Stopping threads took: 0.0000004 seconds
[107.667s][info][gc       ] [SPS 0.000 0.002 0.000 0.006 0.000 0.001 0.000 0.122 0.019 0.147 NewGC_pause2 107.666249 ]
[107.668s][info][safepoint] Application time: 0.0018814 seconds
[107.669s][info][safepoint] Total time for which application threads were stopped: 0.0001646 seconds, Stopping threads took: 0.0000004 seconds
[107.669s][info][gc       ] [SPS 0.000 0.000 0.000 0.006 0.000 0.001 0.000 0.139 0.019 0.165 NewGC_pause3 107.668295 ]
[107.673s][info][safepoint] Application time: 0.0047117 seconds
[107.673s][info][safepoint] Total time for which application threads were stopped: 0.0000754 seconds, Stopping threads took: 0.0000004 seconds
[107.674s][info][gc       ] [SPS 0.000 0.005 0.009 0.006 0.000 0.001 0.000 0.052 0.015 0.075 NewGC_pause4 107.673082 ]
[107.703s][info][gc       ] [GC New Max 284-259 : 6356 4464 2660 6356 - - 1013 20 2 2 - : 548 1794 26 292 2394 : 467 4 1925 1925 0 : 21 1 213 0 274 - 0 : 0.122830 3354.2 0.0 0.187870 2938.2 0.0 : 3 --c 0000 : 23 0 0.000 0.000 0 0.000 0.000 0 0.000 0.000 : 107.514486 107.517017 0.000231 107.666101 0.000087 107.668130 0.000043 107.673007 0.000056 : 107.702356 ]
[107.703s][info][gc       ] [SYSINFO 8457 195 63 0 7912 0 16 0 0 6942 : - - - - - - - - : 0 7168 : 2.92 2.75 2.01 : 271935 4216652 : 0 0 : 26 0 : 2445 2 0 267 : - 8566652928 583921664 1094295552 7200940032 203833344 66772992 : 139899904 24609530 501960 0 0 0 : 107.702596 ]
[107.703s][info][gc       ] [HUGEPAGESTAT 0 0 0 - 83087 0 0 : 382976 0 0 : 107.702596 ]
[107.703s][info][gc       ] [OBJCREAT 327421637 25416 16711680 : 107.702648 ]
[107.703s][info][gc       ] [HMSV All : 0 0 100 0 0 0 0 0 : 6158 0 0 0 : 107.702665 ]
[107.703s][info][gc       ] [HMSP 60 : 51112 0 : 107.702665 ]
[107.703s][info][gc       ] [VMAC 65530 170 24 492 686 : 107.703185 ]
[107.905s][info][gc       ] [GPGC-H  3490.1 385.3 0.3 0.0 : 36.6 : 0.000 0.000 : 0.000 0.000 0.737 1.440 : 0.000 0.000 0.000 0.000 2.127 0.608 : 0.000 : 99.318 : 1332 1794 26 0 : 2275 : 5720 5428 : 107.904872 : 9 Next_heuristic_check_may_be_too_late ]
[107.907s][info][safepoint] Application time: 0.2340506 seconds
[107.908s][info][safepoint] Total time for which application threads were stopped: 0.0002055 seconds, Stopping threads took: 0.0000005 seconds
[107.908s][info][gc       ] [SPS 0.001 0.014 0.003 0.006 0.000 0.001 0.000 0.178 0.021 0.206 NewGC_pause1 107.907338 ]
[107.979s][info][safepoint] Application time: 0.0710639 seconds
[107.979s][info][safepoint] Total time for which application threads were stopped: 0.0001241 seconds, Stopping threads took: 0.0000004 seconds
[107.979s][info][gc       ] [SPS 0.000 0.001 0.000 0.006 0.000 0.001 0.005 0.100 0.012 0.124 NewGC_pause2 107.978526 ]
[107.980s][info][safepoint] Application time: 0.0016760 seconds
[107.981s][info][safepoint] Total time for which application threads were stopped: 0.0000579 seconds, Stopping threads took: 0.0000004 seconds
[107.981s][info][gc       ] [SPS 0.000 0.000 0.000 0.006 0.000 0.001 0.000 0.039 0.011 0.058 NewGC_pause3 107.980260 ]
[107.981s][info][safepoint] Application time: 0.0010890 seconds
[107.982s][info][safepoint] Total time for which application threads were stopped: 0.0000749 seconds, Stopping threads took: 0.0000005 seconds
[107.982s][info][gc       ] [SPS 0.000 0.003 0.002 0.006 0.001 0.001 0.000 0.054 0.013 0.075 NewGC_pause4 107.981424 ]
[107.982s][info][gc       ] [GC New Max 285-260 : 6356 3710 2376 6356 - - 1013 20 2 2 - : 264 1794 26 292 1598 : 260 4 1336 1336 0 : 0 1 130 0 132 - 0 : 0.203038 3861.3 0.0 0.076378 3508.9 0.0 : 3 --c 0000 : 23 0 0.000 0.000 0 0.000 0.000 0 0.000 0.000 : 107.905394 107.907133 0.000141 107.978402 0.000109 107.980202 0.000036 107.981349 0.000058 : 107.981772 ]
[107.982s][info][gc       ] [SYSINFO 8457 195 63 0 7912 0 16 0 0 6942 : - - - - - - - - : 0 7168 : 2.92 2.75 2.01 : 271935 4216652 : 0 0 : 26 0 : 2445 2 0 267 : - 8566652928 583921664 1094295552 7200940032 203833344 66772992 : 139899904 24610020 501990 0 0 0 : 107.981985 ]
[107.982s][info][gc       ] [HUGEPAGESTAT 0 0 0 - 83087 0 0 : 382976 0 0 : 107.981985 ]
[107.982s][info][gc       ] [OBJCREAT 328463257 25416 16711680 : 107.982026 ]
[107.982s][info][gc       ] [HMSV All : 0 0 100 0 0 0 0 0 : 6158 0 0 0 : 107.982041 ]
[107.982s][info][gc       ] [HMSP 60 : 51112 0 : 107.982041 ]
[107.982s][info][gc       ] [VMAC 65530 170 24 492 686 : 107.982472 ]
[108.224s][info][gc       ] [GPGC-H  3490.1 385.3 0.3 0.0 : 36.6 : 0.000 0.000 : 0.000 0.000 0.728 1.440 : 0.000 0.000 0.000 0.000 2.116 0.608 : 0.000 : 98.395 : 1160 1794 26 0 : 2275 : 5720 5428 : 108.224081 : 9 Next_heuristic_check_may_be_too_late ]
[108.227s][info][safepoint] Application time: 0.2449184 seconds
[108.227s][info][safepoint] Total time for which application threads were stopped: 0.0002293 seconds, Stopping threads took: 0.0000005 seconds
[108.227s][info][gc       ] [SPS 0.000 0.003 0.002 0.006 0.000 0.001 0.000 0.209 0.013 0.229 NewGC_pause1 108.226572 ]
[108.286s][info][safepoint] Application time: 0.0590115 seconds
[108.286s][info][safepoint] Total time for which application threads were stopped: 0.0001363 seconds, Stopping threads took: 0.0000004 seconds
[108.287s][info][gc       ] [SPS 0.000 0.001 0.000 0.006 0.000 0.001 0.000 0.110 0.019 0.136 NewGC_pause2 108.285720 ]
[108.287s][info][safepoint] Application time: 0.0015079 seconds
[108.288s][info][safepoint] Total time for which application threads were stopped: 0.0000491 seconds, Stopping threads took: 0.0000003 seconds
[108.288s][info][gc       ] [SPS 0.000 0.000 0.000 0.005 0.000 0.001 0.000 0.030 0.012 0.049 NewGC_pause3 108.287277 ]
[108.288s][info][safepoint] Application time: 0.0009840 seconds
[108.289s][info][safepoint] Total time for which application threads were stopped: 0.0000737 seconds, Stopping threads took: 0.0000004 seconds
[108.289s][info][gc       ] [SPS 0.000 0.003 0.002 0.005 0.000 0.001 0.000 0.045 0.022 0.074 NewGC_pause4 108.288335 ]
[108.289s][info][gc       ] [GC New Max 286-261 : 6356 3496 2332 6356 - - 1013 20 2 2 - : 220 1794 26 292 1384 : 218 4 1167 1167 0 : 0 1 109 0 110 - 0 : 0.242875 3697.4 0.0 0.064060 3496.7 0.0 : 3 --c 0000 : 23 0 0.000 0.000 0 0.000 0.000 0 0.000 0.000 : 108.224647 108.226343 0.000212 108.285584 0.000040 108.287228 0.000033 108.288261 0.000048 : 108.288708 ]
[108.289s][info][gc       ] [SYSINFO 8457 195 63 0 7912 0 16 0 0 6942 : - - - - - - - - : 0 7168 : 2.92 2.75 2.01 : 271935 4216652 : 0 0 : 26 0 : 2445 2 0 267 : - 8566652928 583921664 1094295552 7200940032 203833344 66772992 : 139899904 24610500 501990 0 0 0 : 108.288921 ]
[108.289s][info][gc       ] [HUGEPAGESTAT 0 0 0 - 83087 0 0 : 382976 0 0 : 108.288921 ]
[108.289s][info][gc       ] [OBJCREAT 329576349 25416 16711680 : 108.288989 ]
[108.289s][info][gc       ] [HMSV All : 0 0 100 0 0 0 0 0 : 6158 0 0 0 : 108.289003 ]
[108.289s][info][gc       ] [HMSP 60 : 51112 0 : 108.289003 ]
[108.289s][info][gc       ] [VMAC 65530 170 24 492 686 : 108.289439 ]
[108.531s][info][gc       ] [GPGC-H  3490.1 436.8 0.3 0.0 : 33.3 : 0.000 0.000 : 0.000 0.000 0.719 1.440 : 0.000 0.000 0.000 0.000 2.097 0.608 : 0.000 : 97.303 : 1142 1794 26 0 : 2275 : 5720 5428 : 108.531042 : 9 Next_heuristic_check_may_be_too_late ]
[108.533s][info][safepoint] Application time: 0.2448761 seconds
[108.534s][info][safepoint] Total time for which application threads were stopped: 0.0001665 seconds, Stopping threads took: 0.0000004 seconds
[108.534s][info][gc       ] [SPS 0.000 0.004 0.002 0.006 0.000 0.001 0.000 0.139 0.020 0.167 NewGC_pause1 108.533378 ]
[108.595s][info][safepoint] Application time: 0.0612519 seconds
[108.595s][info][safepoint] Total time for which application threads were stopped: 0.0001684 seconds, Stopping threads took: 0.0000004 seconds
[108.596s][info][gc       ] [SPS 0.000 0.007 0.000 0.007 0.000 0.001 0.000 0.137 0.023 0.169 NewGC_pause2 108.594798 ]
[108.597s][info][safepoint] Application time: 0.0017043 seconds
[108.597s][info][safepoint] Total time for which application threads were stopped: 0.0000579 seconds, Stopping threads took: 0.0000005 seconds
[108.597s][info][gc       ] [SPS 0.000 0.001 0.000 0.006 0.000 0.001 0.000 0.038 0.013 0.058 NewGC_pause3 108.596560 ]
[108.598s][info][safepoint] Application time: 0.0012787 seconds
[108.598s][info][safepoint] Total time for which application threads were stopped: 0.0000831 seconds, Stopping threads took: 0.0000005 seconds
[108.598s][info][gc       ] [SPS 0.000 0.003 0.002 0.006 0.000 0.001 0.000 0.050 0.025 0.083 NewGC_pause4 108.597922 ]
[108.598s][info][gc       ] [GC New Max 287-262 : 6356 3478 2336 6356 - - 1013 20 2 2 - : 224 1794 26 292 1366 : 220 4 1147 1147 0 : 0 1 110 0 112 - 0 : 0.242821 3805.3 0.0 0.066628 3392.0 0.0 : 3 --c 0000 : 23 0 0.000 0.000 0 0.000 0.000 0 0.000 0.000 : 108.531528 108.533211 0.000095 108.594630 0.000088 108.596503 0.000040 108.597839 0.000049 : 108.598156 ]
[108.598s][info][gc       ] [SYSINFO 8457 195 63 0 7912 0 16 0 0 6942 : - - - - - - - - : 0 7168 : 2.92 2.75 2.01 : 271935 4216652 : 0 0 : 26 0 : 2445 2 0 267 : - 8566652928 583921664 1094295552 7200940032 203833344 66772992 : 139899904 24611010 501990 0 0 0 : 108.598398 ]
[108.598s][info][gc       ] [HUGEPAGESTAT 0 0 0 - 83087 0 0 : 382976 0 0 : 108.598398 ]
[108.598s][info][gc       ] [OBJCREAT 330714151 25416 16711680 : 108.598453 ]
[108.598s][info][gc       ] [HMSV All : 0 0 100 0 0 0 0 0 : 6158 0 0 0 : 108.598469 ]
[108.598s][info][gc       ] [HMSP 60 : 51112 0 : 108.598469 ]
[108.599s][info][gc       ] [VMAC 65530 170 24 492 686 : 108.599012 ]
[108.821s][info][gc       ] [GPGC-H  3480.7 436.8 0.3 0.0 : 33.3 : 0.000 0.000 : 0.000 0.000 0.710 1.440 : 0.000 0.000 0.000 0.000 2.073 0.608 : 0.000 : 96.227 : 1074 1794 26 0 : 2275 : 5720 5428 : 108.820599 : 9 Next_heuristic_check_may_be_too_late ]
[108.823s][info][safepoint] Application time: 0.2250786 seconds
[108.824s][info][safepoint] Total time for which application threads were stopped: 0.0003411 seconds, Stopping threads took: 0.0000005 seconds
[108.824s][info][gc       ] [SPS 0.000 0.003 0.003 0.006 0.001 0.001 0.000 0.313 0.020 0.341 NewGC_pause1 108.823343 ]
[108.883s][info][safepoint] Application time: 0.0592168 seconds
[108.883s][info][safepoint] Total time for which application threads were stopped: 0.0001050 seconds, Stopping threads took: 0.0000003 seconds
[108.883s][info][gc       ] [SPS 0.000 0.001 0.000 0.006 0.000 0.001 0.000 0.086 0.012 0.105 NewGC_pause2 108.882664 ]
[108.884s][info][safepoint] Application time: 0.0015674 seconds
[108.885s][info][safepoint] Total time for which application threads were stopped: 0.0000556 seconds, Stopping threads took: 0.0000004 seconds
[108.885s][info][gc       ] [SPS 0.000 0.001 0.000 0.006 0.000 0.001 0.000 0.036 0.013 0.055 NewGC_pause3 108.884287 ]
[108.885s][info][safepoint] Application time: 0.0009210 seconds
[108.885s][info][safepoint] Total time for which application threads were stopped: 0.0000695 seconds, Stopping threads took: 0.0000004 seconds
[108.886s][info][gc       ] [SPS 0.000 0.003 0.002 0.006 0.000 0.001 0.000 0.047 0.015 0.070 NewGC_pause4 108.885278 ]
[108.886s][info][gc       ] [GC New Max 288-263 : 6356 3416 2338 6356 - - 1013 20 2 2 - : 226 1794 26 292 1304 : 222 4 1080 1080 0 : 0 1 111 0 113 - 0 : 0.222977 3821.0 0.0 0.064349 3574.3 0.0 : 3 --c 0000 : 23 0 0.000 0.000 0 0.000 0.000 0 0.000 0.000 : 108.821133 108.823001 0.000261 108.882559 0.000090 108.884232 0.000039 108.885208 0.000045 : 108.885482 ]
[108.886s][info][gc       ] [SYSINFO 8457 195 63 0 7912 0 16 0 0 6942 : - - - - - - - - : 0 7168 : 2.92 2.75 2.01 : 271935 4216652 : 0 0 : 26 0 : 2445 4 0 267 : - 8566652928 583921664 1094295552 7200940032 203833344 66772992 : 139899904 24611480 502000 0 0 0 : 108.885688 ]
[108.886s][info][gc       ] [HUGEPAGESTAT 0 0 0 - 83087 0 0 : 382976 0 0 : 108.885688 ]
[108.886s][info][gc       ] [OBJCREAT 331785387 25416 16711680 : 108.885728 ]
[108.886s][info][gc       ] [HMSV All : 0 0 100 0 0 0 0 0 : 6158 0 0 0 : 108.885743 ]
[108.886s][info][gc       ] [HMSP 60 : 51112 0 : 108.885743 ]
[108.886s][info][gc       ] [VMAC 65530 170 24 492 686 : 108.886156 ]
[109.128s][info][gc       ] [GPGC-H  3480.7 436.8 0.3 0.0 : 33.3 : 0.000 0.000 : 0.000 0.000 0.701 1.440 : 0.000 0.000 0.000 0.000 2.049 0.608 : 0.000 : 95.253 : 1122 1794 26 0 : 2275 : 5720 5428 : 109.127763 : 9 Next_heuristic_check_may_be_too_late ]
[109.131s][info][safepoint] Application time: 0.2452520 seconds
[109.131s][info][safepoint] Total time for which application threads were stopped: 0.0003633 seconds, Stopping threads took: 0.0000003 seconds
[109.132s][info][gc       ] [SPS 0.000 0.003 0.003 0.006 0.000 0.001 0.000 0.321 0.035 0.363 NewGC_pause1 109.130894 ]
[109.192s][info][safepoint] Application time: 0.0608817 seconds
[109.192s][info][safepoint] Total time for which application threads were stopped: 0.0001189 seconds, Stopping threads took: 0.0000004 seconds
[109.193s][info][gc       ] [SPS 0.000 0.001 0.000 0.006 0.000 0.001 0.000 0.093 0.019 0.119 NewGC_pause2 109.191895 ]
[109.194s][info][safepoint] Application time: 0.0016883 seconds
[109.194s][info][safepoint] Total time for which application threads were stopped: 0.0000508 seconds, Stopping threads took: 0.0000004 seconds
[109.194s][info][gc       ] [SPS 0.000 0.000 0.000 0.005 0.000 0.001 0.000 0.032 0.012 0.051 NewGC_pause3 109.193633 ]
[109.195s][info][safepoint] Application time: 0.0009829 seconds
[109.195s][info][safepoint] Total time for which application threads were stopped: 0.0000709 seconds, Stopping threads took: 0.0000004 seconds
[109.195s][info][gc       ] [SPS 0.000 0.002 0.002 0.005 0.000 0.001 0.000 0.047 0.017 0.071 NewGC_pause4 109.194687 ]
[109.195s][info][gc       ] [GC New Max 289-264 : 6356 3480 2354 6356 - - 1013 20 2 2 - : 242 1794 26 292 1368 : 240 4 1128 1128 0 : 0 1 120 0 121 - 0 : 0.242687 3692.0 0.0 0.066769 3714.3 0.0 : 3 --c 0000 : 23 0 0.000 0.000 0 0.000 0.000 0 0.000 0.000 : 109.128169 109.130530 0.000275 109.191775 0.000041 109.193583 0.000035 109.194616 0.000050 : 109.194938 ]
[109.195s][info][gc       ] [SYSINFO 8457 195 63 0 7912 0 16 0 0 6942 : - - - - - - - - : 0 7168 : 2.92 2.75 2.01 : 271935 4216652 : 0 0 : 26 0 : 2445 2 0 267 : - 8566652928 583921664 1094295552 7200940032 203833344 66772992 : 139899904 24611960 502000 0 0 0 : 109.195211 ]
[109.195s][info][gc       ] [HUGEPAGESTAT 0 0 0 - 83087 0 0 : 382976 0 0 : 109.195211 ]
[109.195s][info][gc       ] [OBJCREAT 332919966 25416 16711680 : 109.195252 ]
[109.195s][info][gc       ] [HMSV All : 0 0 100 0 0 0 0 0 : 6158 0 0 0 : 109.195266 ]
[109.195s][info][gc       ] [HMSP 60 : 51112 0 : 109.195266 ]
[109.196s][info][gc       ] [VMAC 65530 170 24 492 686 : 109.195664 ]
[109.437s][info][gc       ] [GPGC-H  3480.7 436.8 0.3 0.0 : 33.3 : 0.000 0.000 : 0.000 0.000 0.692 1.440 : 0.000 0.000 0.000 0.000 2.022 0.608 : 0.000 : 94.207 : 1156 1794 26 0 : 2275 : 5720 5428 : 109.437191 : 9 Next_heuristic_check_may_be_too_late ]
[109.440s][info][safepoint] Application time: 0.2451921 seconds
[109.441s][info][safepoint] Total time for which application threads were stopped: 0.0004342 seconds, Stopping threads took: 0.0000008 seconds
[109.441s][info][gc       ] [SPS 0.000 0.004 0.006 0.011 0.001 0.002 0.001 0.370 0.051 0.435 NewGC_pause1 109.440314 ]
[109.499s][info][safepoint] Application time: 0.0588760 seconds
[109.500s][info][safepoint] Total time for which application threads were stopped: 0.0000755 seconds, Stopping threads took: 0.0000004 seconds
[109.500s][info][gc       ] [SPS 0.000 0.001 0.000 0.006 0.000 0.001 0.000 0.043 0.025 0.075 NewGC_pause2 109.499265 ]
[109.501s][info][safepoint] Application time: 0.0012324 seconds
[109.501s][info][safepoint] Total time for which application threads were stopped: 0.0000519 seconds, Stopping threads took: 0.0000004 seconds
[109.501s][info][gc       ] [SPS 0.000 0.000 0.000 0.006 0.000 0.001 0.000 0.032 0.013 0.052 NewGC_pause3 109.500550 ]
[109.503s][info][safepoint] Application time: 0.0020429 seconds
[109.503s][info][safepoint] Total time for which application threads were stopped: 0.0000597 seconds, Stopping threads took: 0.0000004 seconds
[109.503s][info][gc       ] [SPS 0.000 0.002 0.002 0.006 0.000 0.001 0.000 0.039 0.013 0.060 NewGC_pause4 109.502652 ]
[109.503s][info][gc       ] [GC New Max 290-265 : 6356 3492 2338 6356 - - 1013 20 2 2 - : 226 1794 26 292 1380 : 218 4 1163 1163 0 : 0 1 109 0 113 - 0 : 0.242961 3770.2 0.0 0.064960 3540.6 0.0 : 3 --c 0000 : 23 0 0.000 0.000 0 0.000 0.000 0 0.000 0.000 : 109.437898 109.439880 0.000311 109.499190 0.000043 109.500498 0.000035 109.502593 0.000042 : 109.502859 ]
[109.503s][info][gc       ] [SYSINFO 8457 195 63 0 7912 0 16 0 0 6942 : - - - - - - - - : 0 7168 : 2.92 2.75 2.01 : 271935 4216652 : 0 0 : 26 0 : 2445 2 0 267 : - 8566652928 583921664 1094295552 7200940032 203833344 66772992 : 139899904 24612440 502010 0 0 0 : 109.503098 ]
[109.503s][info][gc       ] [HUGEPAGESTAT 0 0 0 - 83087 0 0 : 382976 0 0 : 109.503098 ]
[109.503s][info][gc       ] [OBJCREAT 334053432 25416 16711680 : 109.503139 ]
[109.503s][info][gc       ] [HMSV All : 0 0 100 0 0 0 0 0 : 6158 0 0 0 : 109.503153 ]
[109.503s][info][gc       ] [HMSP 60 : 51112 0 : 109.503153 ]
[109.504s][info][gc       ] [VMAC 65530 170 24 492 686 : 109.503606 ]
[109.745s][info][gc       ] [GPGC-H  3480.7 436.8 0.3 0.0 : 33.3 : 0.000 0.000 : 0.000 0.000 0.683 1.440 : 0.000 0.000 0.000 0.000 1.996 0.608 : 0.000 : 93.174 : 1130 1794 26 0 : 2275 : 5720 5428 : 109.744674 : 9 Next_heuristic_check_may_be_too_late ]
[109.747s][info][safepoint] Application time: 0.2443929 seconds
[109.748s][info][safepoint] Total time for which application threads were stopped: 0.0001715 seconds, Stopping threads took: 0.0000004 seconds
[109.748s][info][gc       ] [SPS 0.000 0.004 0.002 0.006 0.000 0.001 0.000 0.151 0.014 0.172 NewGC_pause1 109.747217 ]
[109.806s][info][safepoint] Application time: 0.0586600 seconds
[109.806s][info][safepoint] Total time for which application threads were stopped: 0.0001104 seconds, Stopping threads took: 0.0000004 seconds
[109.807s][info][gc       ] [SPS 0.000 0.001 0.000 0.006 0.000 0.001 0.000 0.090 0.013 0.110 NewGC_pause2 109.805988 ]
[109.808s][info][safepoint] Application time: 0.0015001 seconds
[109.808s][info][safepoint] Total time for which application threads were stopped: 0.0001113 seconds, Stopping threads took: 0.0000004 seconds
[109.808s][info][gc       ] [SPS 0.000 0.001 0.000 0.006 0.000 0.001 0.000 0.092 0.012 0.111 NewGC_pause3 109.807599 ]
[109.809s][info][safepoint] Application time: 0.0011186 seconds
[109.809s][info][safepoint] Total time for which application threads were stopped: 0.0000594 seconds, Stopping threads took: 0.0000005 seconds
[109.809s][info][gc       ] [SPS 0.000 0.002 0.002 0.006 0.000 0.001 0.000 0.039 0.013 0.059 NewGC_pause4 109.808777 ]
[109.809s][info][gc       ] [GC New Max 291-266 : 6356 3466 2334 6356 - - 1013 20 2 2 - : 222 1794 26 292 1354 : 218 4 1135 1135 0 : 0 1 109 0 111 - 0 : 0.242293 3739.3 0.0 0.063883 3506.4 0.0 : 3 --c 0000 : 23 0 0.000 0.000 0 0.000 0.000 0 0.000 0.000 : 109.745151 109.747046 0.000154 109.805877 0.000095 109.807488 0.000096 109.808718 0.000042 : 109.809034 ]
[109.809s][info][gc       ] [SYSINFO 8457 195 63 0 7912 0 16 0 0 6942 : - - - - - - - - : 0 7168 : 2.92 2.75 2.01 : 271935 4216652 : 0 0 : 26 0 : 2445 2 0 267 : - 8566652928 583921664 1094295552 7200940032 203833344 66772992 : 139899904 24612920 502050 0 0 0 : 109.809250 ]
[109.809s][info][gc       ] [HUGEPAGESTAT 0 0 0 - 83087 0 0 : 382976 0 0 : 109.809250 ]
[109.809s][info][gc       ] [OBJCREAT 335173365 25416 16711680 : 109.809338 ]
[109.809s][info][gc       ] [HMSV All : 0 0 100 0 0 0 0 0 : 6158 0 0 0 : 109.809351 ]
[109.809s][info][gc       ] [HMSP 60 : 51112 0 : 109.809351 ]
[109.810s][info][gc       ] [VMAC 65530 170 24 492 686 : 109.809801 ]
[110.051s][info][gc       ] [GPGC-H  3480.7 436.8 0.3 0.0 : 33.3 : 0.000 0.000 : 0.000 0.000 0.675 1.440 : 0.000 0.000 0.000 0.000 1.970 0.608 : 0.000 : 92.158 : 1108 1794 26 0 : 2275 : 5720 5428 : 110.051411 : 9 Next_heuristic_check_may_be_too_late ]
[110.054s][info][safepoint] Application time: 0.2448059 seconds
[110.054s][info][safepoint] Total time for which application threads were stopped: 0.0002016 seconds, Stopping threads took: 0.0000004 seconds
[110.055s][info][gc       ] [SPS 0.000 0.003 0.002 0.006 0.000 0.001 0.000 0.181 0.014 0.202 NewGC_pause1 110.053785 ]
[110.114s][info][safepoint] Application time: 0.0598027 seconds
[110.114s][info][safepoint] Total time for which application threads were stopped: 0.0001803 seconds, Stopping threads took: 0.0000004 seconds
[110.115s][info][gc       ] [SPS 0.000 0.001 0.000 0.006 0.000 0.001 0.000 0.149 0.024 0.180 NewGC_pause2 110.113768 ]
[110.115s][info][safepoint] Application time: 0.0015521 seconds
[110.116s][info][safepoint] Total time for which application threads were stopped: 0.0001059 seconds, Stopping threads took: 0.0000004 seconds
[110.116s][info][gc       ] [SPS 0.000 0.000 0.000 0.006 0.000 0.001 0.000 0.087 0.012 0.106 NewGC_pause3 110.115426 ]
[110.117s][info][safepoint] Application time: 0.0010965 seconds
[110.117s][info][safepoint] Total time for which application threads were stopped: 0.0000649 seconds, Stopping threads took: 0.0000005 seconds
[110.117s][info][gc       ] [SPS 0.000 0.002 0.002 0.006 0.000 0.001 0.000 0.044 0.014 0.065 NewGC_pause4 110.116587 ]
[110.117s][info][gc       ] [GC New Max 292-267 : 6356 3434 2322 6356 - - 1013 20 2 2 - : 210 1794 26 292 1322 : 208 2 1114 1114 0 : 0 0 104 0 105 - 0 : 0.242908 3655.7 0.0 0.064807 3302.1 0.0 : 3 --c 0000 : 23 0 0.000 0.000 0 0.000 0.000 0 0.000 0.000 : 110.051943 110.053583 0.000184 110.113588 0.000101 110.115320 0.000091 110.116522 0.000048 : 110.116750 ]
[110.117s][info][gc       ] [SYSINFO 8457 195 63 0 7912 0 16 0 0 6942 : - - - - - - - - : 0 7168 : 2.92 2.75 2.01 : 271935 4216652 : 0 0 : 26 0 : 2445 3 0 267 : - 8566652928 583921664 1094295552 7200940032 203833344 66772992 : 139899904 24613410 502110 0 0 0 : 110.116969 ]
[110.117s][info][gc       ] [HUGEPAGESTAT 0 0 0 - 83087 0 0 : 382976 0 0 : 110.116969 ]
[110.117s][info][gc       ] [OBJCREAT 336265508 25416 16711680 : 110.117010 ]
[110.117s][info][gc       ] [HMSV All : 0 0 100 0 0 0 0 0 : 6158 0 0 0 : 110.117024 ]
[110.117s][info][gc       ] [HMSP 60 : 51112 0 : 110.117024 ]
[110.117s][info][gc       ] [VMAC 65530 170 24 492 686 : 110.117411 ]
[110.359s][info][gc       ] [GPGC-H  3480.7 398.1 0.3 0.0 : 30.4 : 0.000 0.000 : 0.000 0.000 0.666 1.440 : 0.000 0.000 0.000 0.000 1.944 0.608 : 0.000 : 91.155 : 1112 1794 26 0 : 2275 : 5720 5428 : 110.358845 : 9 Next_heuristic_check_may_be_too_late ]
[110.361s][info][safepoint] Application time: 0.2445618 seconds
[110.362s][info][safepoint] Total time for which application threads were stopped: 0.0002118 seconds, Stopping threads took: 0.0000004 seconds
[110.362s][info][gc       ] [SPS 0.000 0.004 0.002 0.006 0.000 0.001 0.000 0.183 0.022 0.212 NewGC_pause1 110.361361 ]
[110.437s][info][safepoint] Application time: 0.0753812 seconds
[110.437s][info][safepoint] Total time for which application threads were stopped: 0.0001694 seconds, Stopping threads took: 0.0000005 seconds
[110.438s][info][gc       ] [SPS 0.000 0.001 0.000 0.013 0.001 0.001 0.000 0.129 0.025 0.169 NewGC_pause2 110.436912 ]
[110.438s][info][safepoint] Application time: 0.0011023 seconds
[110.438s][info][safepoint] Total time for which application threads were stopped: 0.0000547 seconds, Stopping threads took: 0.0000004 seconds
[110.438s][info][gc       ] [SPS 0.000 0.000 0.000 0.006 0.000 0.001 0.000 0.034 0.013 0.055 NewGC_pause3 110.438069 ]
[110.439s][info][safepoint] Application time: 0.0009818 seconds
[110.439s][info][safepoint] Total time for which application threads were stopped: 0.0000672 seconds, Stopping threads took: 0.0000005 seconds
[110.439s][info][gc       ] [SPS 0.000 0.003 0.002 0.006 0.000 0.001 0.000 0.045 0.014 0.067 NewGC_pause4 110.439118 ]
[110.440s][info][gc       ] [GC New Max 293-268 : 6356 3448 2334 6356 - - 1013 20 2 2 - : 220 1794 28 292 1334 : 216 4 1117 1117 0 : 0 1 108 0 110 - 0 : 0.242566 3726.8 0.0 0.080009 2774.7 25.0 : 3 --c 0000 : 23 0 0.000 0.000 0 0.000 0.000 0 0.000 0.000 : 110.359316 110.361149 0.000186 110.436743 0.000056 110.438014 0.000037 110.439051 0.000049 : 110.439325 ]
[110.440s][info][gc       ] [SYSINFO 8457 195 63 0 7912 0 16 0 0 6942 : - - - - - - - - : 0 7168 : 2.92 2.75 2.01 : 271935 4216652 : 0 0 : 26 0 : 2445 4 0 267 : - 8566652928 583921664 1094295552 7200940032 203833344 66772992 : 139899904 24613920 502240 0 0 0 : 110.439613 ]
[110.440s][info][gc       ] [HUGEPAGESTAT 0 0 0 - 83087 0 0 : 382976 0 0 : 110.439613 ]
[110.440s][info][gc       ] [OBJCREAT 337381365 25416 16711680 : 110.439657 ]
[110.440s][info][gc       ] [HMSV All : 0 0 100 0 0 0 0 0 : 6158 0 0 0 : 110.439671 ]
[110.440s][info][gc       ] [HMSP 60 : 51112 0 : 110.439671 ]
[110.440s][info][gc       ] [VMAC 65530 170 24 492 686 : 110.440128 ]
[110.682s][info][gc       ] [GPGC-H  3524.8 398.1 0.3 0.0 : 30.4 : 0.000 0.000 : 0.000 0.000 0.657 1.440 : 0.000 0.000 0.000 0.000 1.918 0.608 : 0.000 : 90.173 : 1102 1794 28 0 : 2275 : 5720 5428 : 110.681647 : 9 Next_heuristic_check_may_be_too_late ]
[110.684s][info][safepoint] Application time: 0.2448643 seconds
[110.685s][info][safepoint] Total time for which application threads were stopped: 0.0002651 seconds, Stopping threads took: 0.0000004 seconds
[110.685s][info][gc       ] [SPS 0.000 0.003 0.002 0.006 0.000 0.001 0.000 0.236 0.020 0.263 NewGC_pause1 110.684247 ]
[110.744s][info][safepoint] Application time: 0.0595968 seconds
[110.745s][info][safepoint] Total time for which application threads were stopped: 0.0001234 seconds, Stopping threads took: 0.0000004 seconds
[110.745s][info][gc       ] [SPS 0.000 0.001 0.000 0.006 0.000 0.001 0.000 0.096 0.020 0.123 NewGC_pause2 110.743968 ]
[110.746s][info][safepoint] Application time: 0.0018401 seconds
[110.746s][info][safepoint] Total time for which application threads were stopped: 0.0001013 seconds, Stopping threads took: 0.0000004 seconds
[110.746s][info][gc       ] [SPS 0.000 0.000 0.000 0.006 0.000 0.001 0.000 0.080 0.014 0.101 NewGC_pause3 110.745909 ]
[110.747s][info][safepoint] Application time: 0.0009810 seconds
[110.747s][info][safepoint] Total time for which application threads were stopped: 0.0000641 seconds, Stopping threads took: 0.0000004 seconds
[110.747s][info][gc       ] [SPS 0.000 0.002 0.002 0.006 0.000 0.001 0.000 0.042 0.015 0.064 NewGC_pause4 110.746954 ]
[110.747s][info][gc       ] [GC New Max 294-269 : 6356 3446 2340 6356 - - 1013 20 2 2 - : 226 1794 28 292 1332 : 224 4 1109 1109 0 : 0 1 112 0 113 - 0 : 0.242859 3640.0 0.0 0.064978 3539.6 0.0 : 3 --c 0000 : 23 0 0.000 0.000 0 0.000 0.000 0 0.000 0.000 : 110.682185 110.683984 0.000239 110.743845 0.000063 110.745808 0.000084 110.746890 0.000045 : 110.747163 ]
[110.747s][info][gc       ] [SYSINFO 8457 195 63 0 7912 0 16 0 0 6942 : - - - - - - - - : 0 7168 : 2.92 2.75 2.01 : 271935 4216652 : 0 0 : 26 0 : 2445 3 0 267 : - 8566652928 583921664 1094295552 7200940032 203833344 66772992 : 139899904 24614410 502310 0 0 0 : 110.747443 ]
[110.747s][info][gc       ] [HUGEPAGESTAT 0 0 0 - 83087 0 0 : 382976 0 0 : 110.747443 ]
[110.747s][info][gc       ] [OBJCREAT 338486648 25416 16711680 : 110.747501 ]
[110.748s][info][gc       ] [HMSV All : 0 0 100 0 0 0 0 0 : 6158 0 0 0 : 110.747518 ]
[110.748s][info][gc       ] [HMSP 60 : 51112 0 : 110.747518 ]
[110.748s][info][gc       ] [VMAC 65530 170 24 492 686 : 110.747981 ]
[110.990s][info][gc       ] [GPGC-H  3524.8 398.1 0.3 0.0 : 30.4 : 0.000 0.000 : 0.000 0.000 0.649 1.440 : 0.000 0.000 0.000 0.000 1.893 0.608 : 0.000 : 89.197 : 1124 1794 28 0 : 2275 : 5720 5428 : 110.989767 : 9 Next_heuristic_check_may_be_too_late ]
[110.993s][info][safepoint] Application time: 0.2454738 seconds
[110.993s][info][safepoint] Total time for which application threads were stopped: 0.0002900 seconds, Stopping threads took: 0.0000004 seconds
[110.993s][info][gc       ] [SPS 0.000 0.003 0.002 0.007 0.000 0.001 0.000 0.260 0.022 0.290 NewGC_pause1 110.992718 ]
[111.053s][info][safepoint] Application time: 0.0600123 seconds
[111.053s][info][safepoint] Total time for which application threads were stopped: 0.0001711 seconds, Stopping threads took: 0.0000004 seconds
[111.054s][info][gc       ] [SPS 0.000 0.001 0.000 0.006 0.000 0.001 0.000 0.142 0.022 0.171 NewGC_pause2 111.052902 ]
[111.055s][info][safepoint] Application time: 0.0023120 seconds
[111.056s][info][safepoint] Total time for which application threads were stopped: 0.0000669 seconds, Stopping threads took: 0.0000005 seconds
[111.056s][info][gc       ] [SPS 0.000 0.000 0.000 0.006 0.000 0.001 0.000 0.043 0.016 0.067 NewGC_pause3 111.055281 ]
[111.056s][info][safepoint] Application time: 0.0010403 seconds
[111.057s][info][safepoint] Total time for which application threads were stopped: 0.0000932 seconds, Stopping threads took: 0.0000004 seconds
[111.057s][info][gc       ] [SPS 0.000 0.002 0.002 0.011 0.000 0.001 0.000 0.067 0.014 0.093 NewGC_pause4 111.056415 ]
[111.057s][info][gc       ] [GC New Max 295-270 : 6356 3462 2336 6356 - - 1013 20 2 2 - : 222 1794 28 292 1348 : 218 4 1130 1130 0 : 0 1 109 0 111 - 0 : 0.243418 3697.3 0.0 0.066068 3420.7 0.0 : 3 --c 0000 : 23 0 0.000 0.000 0 0.000 0.000 0 0.000 0.000 : 110.990581 110.992429 0.000265 111.052731 0.000103 111.055214 0.000046 111.056321 0.000075 : 111.056649 ]
[111.057s][info][gc       ] [SYSINFO 8457 195 63 0 7912 0 16 0 0 6942 : - - - - - - - - : 0 7168 : 2.92 2.75 2.01 : 271935 4216652 : 0 0 : 26 0 : 2445 4 0 267 : - 8566652928 583921664 1094295552 7200940032 203833344 66772992 : 139899904 24614910 502400 0 0 0 : 111.056892 ]
[111.057s][info][gc       ] [HUGEPAGESTAT 0 0 0 - 83087 0 0 : 382976 0 0 : 111.056892 ]
[111.057s][info][gc       ] [OBJCREAT 339599149 25416 16711680 : 111.056935 ]
[111.057s][info][gc       ] [HMSV All : 0 0 100 0 0 0 0 0 : 6158 0 0 0 : 111.056950 ]
[111.057s][info][gc       ] [HMSP 60 : 51112 0 : 111.056950 ]
[111.057s][info][gc       ] [VMAC 65530 170 24 492 686 : 111.057399 ]
[111.299s][info][gc       ] [GPGC-H  3524.8 398.1 0.3 0.0 : 30.4 : 0.000 0.000 : 0.000 0.000 0.641 1.440 : 0.000 0.000 0.000 0.000 1.869 0.608 : 0.000 : 88.234 : 1126 1794 28 0 : 2275 : 5720 5428 : 111.299085 : 9 Next_heuristic_check_may_be_too_late ]
[111.302s][info][safepoint] Application time: 0.2450431 seconds
[111.302s][info][safepoint] Total time for which application threads were stopped: 0.0002792 seconds, Stopping threads took: 0.0000005 seconds
[111.303s][info][gc       ] [SPS 0.000 0.003 0.002 0.006 0.000 0.001 0.000 0.258 0.013 0.279 NewGC_pause1 111.301737 ]
[111.360s][info][safepoint] Application time: 0.0583596 seconds
[111.360s][info][safepoint] Total time for which application threads were stopped: 0.0000956 seconds, Stopping threads took: 0.0000004 seconds
[111.361s][info][gc       ] [SPS 0.000 0.001 0.000 0.006 0.000 0.001 0.000 0.077 0.012 0.095 NewGC_pause2 111.360192 ]
[111.362s][info][safepoint] Application time: 0.0012871 seconds
[111.362s][info][safepoint] Total time for which application threads were stopped: 0.0001115 seconds, Stopping threads took: 0.0000004 seconds
[111.362s][info][gc       ] [SPS 0.000 0.000 0.000 0.005 0.000 0.001 0.000 0.093 0.011 0.111 NewGC_pause3 111.361591 ]
[111.363s][info][safepoint] Application time: 0.0010779 seconds
[111.363s][info][safepoint] Total time for which application threads were stopped: 0.0001179 seconds, Stopping threads took: 0.0000004 seconds
[111.363s][info][gc       ] [GC New Max 296-271 : 6356 3470 2338 6356 - - 1013 20 2 2 - : 224 1794 28 292 1356 : 224 2 1134 1134 0 : 0 0 112 0 112 - 0 : 0.243007 3736.5 0.0 0.063314 3601.1 0.0 : 3 --c 0000 : 23 0 0.000 0.000 0 0.000 0.000 0 0.000 0.000 : 111.299657 111.301458 0.000262 111.360097 0.000079 111.361480 0.000097 111.362669 0.000054 : 111.362970 ]
[111.363s][info][gc       ] [SYSINFO 8457 195 63 0 7912 0 16 0 0 6942 : - - - - - - - - : 0 7168 : 2.92 2.75 2.01 : 271935 4216652 : 0 0 : 26 0 : 2445 2 0 267 : - 8566652928 583921664 1094295552 7200940032 203833344 66772992 : 139899904 24615380 502460 0 0 0 : 111.363246 ]
[111.363s][info][gc       ] [HUGEPAGESTAT 0 0 0 - 83087 0 0 : 382976 0 0 : 111.363246 ]
[111.363s][info][gc       ] [OBJCREAT 340726994 25416 16711680 : 111.363315 ]
[111.363s][info][gc       ] [HMSV All : 0 0 100 0 0 0 0 0 : 6158 0 0 0 : 111.363330 ]
[111.363s][info][gc       ] [HMSP 60 : 51112 0 : 111.363330 ]
[111.363s][info][gc       ] [SPS 0.000 0.002 0.002 0.006 0.000 0.001 0.000 0.091 0.020 0.118 NewGC_pause4 111.362787 ]
[111.364s][info][gc       ] [VMAC 65530 170 24 492 686 : 111.363846 ]
[111.606s][info][gc       ] [GPGC-H  3524.8 398.1 0.3 0.0 : 30.4 : 0.000 0.000 : 0.000 0.000 0.633 1.440 : 0.000 0.000 0.000 0.000 1.845 0.608 : 0.000 : 87.284 : 1140 1794 28 0 : 2275 : 5720 5428 : 111.605530 : 9 Next_heuristic_check_may_be_too_late ]
[111.608s][info][safepoint] Application time: 0.2449767 seconds
[111.608s][info][safepoint] Total time for which application threads were stopped: 0.0003003 seconds, Stopping threads took: 0.0000008 seconds
[111.609s][info][gc       ] [SPS 0.000 0.004 0.003 0.009 0.001 0.001 0.001 0.254 0.034 0.300 NewGC_pause1 111.608065 ]
[111.675s][info][safepoint] Application time: 0.0665013 seconds
[111.675s][info][safepoint] Total time for which application threads were stopped: 0.0001201 seconds, Stopping threads took: 0.0000004 seconds
[111.675s][info][gc       ] [SPS 0.000 0.001 0.000 0.006 0.000 0.001 0.000 0.092 0.021 0.120 NewGC_pause2 111.674686 ]
[111.676s][info][safepoint] Application time: 0.0011306 seconds
[111.676s][info][safepoint] Total time for which application threads were stopped: 0.0000533 seconds, Stopping threads took: 0.0000004 seconds
[111.676s][info][gc       ] [SPS 0.000 0.001 0.000 0.006 0.000 0.001 0.000 0.034 0.013 0.053 NewGC_pause3 111.675870 ]
[111.677s][info][safepoint] Application time: 0.0010393 seconds
[111.677s][info][safepoint] Total time for which application threads were stopped: 0.0000591 seconds, Stopping threads took: 0.0000004 seconds
[111.677s][info][gc       ] [SPS 0.000 0.010 0.002 0.006 0.000 0.001 0.000 0.039 0.013 0.059 NewGC_pause4 111.676968 ]
[111.678s][info][gc       ] [GC New Max 297-272 : 6356 3468 2324 6356 - - 1013 20 2 2 - : 210 1794 28 292 1354 : 206 4 1146 1146 0 : 0 1 103 0 105 - 0 : 0.242971 3778.2 0.0 0.071304 3001.3 0.0 : 3 --c 0000 : 23 0 0.000 0.000 0 0.000 0.000 0 0.000 0.000 : 111.605941 111.607764 0.000204 111.674566 0.000043 111.675816 0.000037 111.676909 0.000042 : 111.677245 ]
[111.678s][info][gc       ] [SYSINFO 8457 195 63 0 7912 0 16 0 0 6942 : - - - - - - - - : 0 7168 : 2.92 2.75 2.01 : 271935 4216652 : 0 0 : 26 0 : 2445 2 0 267 : - 8566652928 583921664 1094295552 7200940032 203833344 66772992 : 139899904 24615850 502540 0 0 0 : 111.677534 ]
[111.678s][info][gc       ] [HUGEPAGESTAT 0 0 0 - 83087 0 0 : 397312 0 0 : 111.677534 ]
[111.678s][info][gc       ] [OBJCREAT 341847878 25416 16711680 : 111.677590 ]
[111.678s][info][gc       ] [HMSV All : 0 0 100 0 0 0 0 0 : 6158 0 0 0 : 111.677604 ]
[111.678s][info][gc       ] [HMSP 60 : 51112 0 : 111.677604 ]
[111.678s][info][gc       ] [VMAC 65530 170 24 492 686 : 111.678051 ]
[111.920s][info][gc       ] [GPGC-H  3524.8 398.1 0.3 0.0 : 30.4 : 0.000 0.000 : 0.000 0.000 0.624 1.440 : 0.000 0.000 0.000 0.000 1.820 0.608 : 0.000 : 86.353 : 1116 1794 28 0 : 2275 : 5720 5428 : 111.919626 : 9 Next_heuristic_check_may_be_too_late ]
[111.922s][info][safepoint] Application time: 0.2448395 seconds
[111.923s][info][safepoint] Total time for which application threads were stopped: 0.0002245 seconds, Stopping threads took: 0.0000004 seconds
[111.923s][info][gc       ] [SPS 0.000 0.004 0.002 0.006 0.000 0.001 0.000 0.203 0.014 0.224 NewGC_pause1 111.922033 ]
[111.981s][info][safepoint] Application time: 0.0592741 seconds
[111.982s][info][safepoint] Total time for which application threads were stopped: 0.0000968 seconds, Stopping threads took: 0.0000004 seconds
[111.982s][info][gc       ] [SPS 0.000 0.001 0.000 0.006 0.000 0.001 0.000 0.077 0.013 0.097 NewGC_pause2 111.981404 ]
[111.983s][info][safepoint] Application time: 0.0012171 seconds
[111.983s][info][safepoint] Total time for which application threads were stopped: 0.0001247 seconds, Stopping threads took: 0.0000005 seconds
[111.983s][info][gc       ] [SPS 0.000 0.000 0.000 0.006 0.000 0.001 0.000 0.095 0.022 0.125 NewGC_pause3 111.982745 ]
[111.984s][info][safepoint] Application time: 0.0008917 seconds
[111.984s][info][safepoint] Total time for which application threads were stopped: 0.0000605 seconds, Stopping threads took: 0.0000004 seconds
[111.984s][info][gc       ] [SPS 0.000 0.002 0.002 0.006 0.000 0.001 0.000 0.040 0.014 0.060 NewGC_pause4 111.983698 ]
[111.984s][info][gc       ] [GC New Max 298-273 : 6356 3450 2330 6356 - - 1013 20 2 2 - : 216 1794 28 292 1336 : 212 4 1122 1122 0 : 0 1 106 0 108 - 0 : 0.242898 3738.2 0.0 0.063740 3451.5 0.0 : 3 --c 0000 : 23 0 0.000 0.000 0 0.000 0.000 0 0.000 0.000 : 111.920142 111.921808 0.000207 111.981307 0.000081 111.982621 0.000099 111.983637 0.000043 : 111.983882 ]
[111.984s][info][gc       ] [SYSINFO 8457 195 63 0 7912 0 16 0 0 6942 : - - - - - - - - : 0 7168 : 2.92 2.75 2.01 : 271935 4216652 : 0 0 : 26 0 : 2445 2 0 267 : - 8566652928 583921664 1094295552 7200940032 203833344 66772992 : 139899904 24616340 502620 0 0 0 : 111.984098 ]
[111.984s][info][gc       ] [HUGEPAGESTAT 0 0 0 - 83087 0 0 : 397312 0 0 : 111.984098 ]
[111.984s][info][gc       ] [OBJCREAT 342964049 25416 16711680 : 111.984140 ]
[111.984s][info][gc       ] [HMSV All : 0 0 100 0 0 0 0 0 : 6158 0 0 0 : 111.984155 ]
[111.984s][info][gc       ] [HMSP 60 : 51112 0 : 111.984155 ]
[111.985s][info][gc       ] [VMAC 65530 170 24 492 686 : 111.984605 ]
[112.206s][info][gc       ] [GPGC-H  3524.8 398.1 0.3 0.0 : 30.4 : 0.000 0.000 : 0.000 0.000 0.617 1.440 : 0.000 0.000 0.000 0.000 1.797 0.608 : 0.000 : 85.430 : 1080 1794 28 0 : 2275 : 5720 5428 : 112.205689 : 9 Next_heuristic_check_may_be_too_late ]
[112.208s][info][safepoint] Application time: 0.2241667 seconds
[112.208s][info][safepoint] Total time for which application threads were stopped: 0.0001797 seconds, Stopping threads took: 0.0000004 seconds
[112.209s][info][gc       ] [SPS 0.000 0.003 0.003 0.006 0.000 0.001 0.000 0.156 0.017 0.180 NewGC_pause1 112.208044 ]
[112.267s][info][safepoint] Application time: 0.0585394 seconds
[112.267s][info][safepoint] Total time for which application threads were stopped: 0.0001423 seconds, Stopping threads took: 0.0000004 seconds
[112.268s][info][gc       ] [SPS 0.000 0.001 0.000 0.015 0.000 0.001 0.000 0.113 0.013 0.142 NewGC_pause2 112.266726 ]
[112.269s][info][safepoint] Application time: 0.0020842 seconds
[112.269s][info][safepoint] Total time for which application threads were stopped: 0.0001595 seconds, Stopping threads took: 0.0000004 seconds
[112.269s][info][gc       ] [SPS 0.000 0.000 0.000 0.006 0.000 0.001 0.000 0.123 0.029 0.159 NewGC_pause3 112.268970 ]
[112.270s][info][safepoint] Application time: 0.0010475 seconds
[112.270s][info][safepoint] Total time for which application threads were stopped: 0.0000625 seconds, Stopping threads took: 0.0000004 seconds
[112.270s][info][gc       ] [SPS 0.000 0.003 0.002 0.006 0.000 0.001 0.000 0.040 0.015 0.062 NewGC_pause4 112.270080 ]
[112.271s][info][gc       ] [GC New Max 299-274 : 6356 3432 2348 6356 - - 1013 20 2 2 - : 234 1794 28 292 1318 : 230 4 1086 1086 0 : 0 1 115 0 117 - 0 : 0.222337 3895.0 0.0 0.064168 3709.0 0.0 : 3 --c 0000 : 23 0 0.000 0.000 0 0.000 0.000 0 0.000 0.000 : 112.206219 112.207865 0.000096 112.266584 0.000126 112.268810 0.000119 112.270018 0.000044 : 112.270387 ]
[112.271s][info][gc       ] [SYSINFO 8457 195 63 0 7912 0 16 0 0 6942 : - - - - - - - - : 0 7168 : 2.76 2.72 2.00 : 271935 4216652 : 0 0 : 26 0 : 2445 3 0 267 : - 8566652928 583921664 1094295552 7200940032 203833344 66772992 : 139899904 24616830 502700 0 0 0 : 112.270617 ]
[112.271s][info][gc       ] [HUGEPAGESTAT 0 0 0 - 83087 0 0 : 397312 0 0 : 112.270617 ]
[112.271s][info][gc       ] [OBJCREAT 344057047 25416 16711680 : 112.270659 ]
[112.271s][info][gc       ] [HMSV All : 0 0 100 0 0 0 0 0 : 6158 0 0 0 : 112.270674 ]
[112.271s][info][gc       ] [HMSP 60 : 51112 0 : 112.270674 ]
[112.271s][info][gc       ] [VMAC 65530 170 24 492 686 : 112.271147 ]
[112.513s][info][gc       ] [GPGC-H  3524.8 362.7 0.2 0.0 : 27.7 : 0.000 0.000 : 0.000 0.000 0.609 1.440 : 0.000 0.000 0.000 0.000 1.776 0.608 : 0.000 : 84.601 : 1126 1794 28 0 : 2275 : 5720 5428 : 112.512692 : 9 Next_heuristic_check_may_be_too_late ]
[112.515s][info][safepoint] Application time: 0.2450696 seconds
[112.516s][info][safepoint] Total time for which application threads were stopped: 0.0002274 seconds, Stopping threads took: 0.0000004 seconds
[112.516s][info][gc       ] [SPS 0.000 0.003 0.003 0.006 0.000 0.001 0.000 0.206 0.014 0.227 NewGC_pause1 112.515377 ]
[112.576s][info][safepoint] Application time: 0.0609031 seconds
[112.577s][info][safepoint] Total time for which application threads were stopped: 0.0001404 seconds, Stopping threads took: 0.0000004 seconds
[112.577s][info][gc       ] [SPS 0.000 0.001 0.000 0.023 0.000 0.001 0.000 0.095 0.022 0.141 NewGC_pause2 112.576421 ]
[112.578s][info][safepoint] Application time: 0.0016979 seconds
[112.578s][info][safepoint] Total time for which application threads were stopped: 0.0000555 seconds, Stopping threads took: 0.0000004 seconds
[112.579s][info][gc       ] [SPS 0.000 0.000 0.000 0.006 0.000 0.001 0.000 0.035 0.013 0.055 NewGC_pause3 112.578174 ]
[112.579s][info][safepoint] Application time: 0.0008837 seconds
[112.579s][info][safepoint] Total time for which application threads were stopped: 0.0000639 seconds, Stopping threads took: 0.0000005 seconds
[112.579s][info][gc       ] [SPS 0.000 0.003 0.002 0.006 0.000 0.001 0.000 0.042 0.014 0.064 NewGC_pause4 112.579122 ]
[112.580s][info][gc       ] [GC New Max 300-275 : 6356 3472 2342 6356 - - 1013 20 2 2 - : 228 1794 28 292 1356 : 224 4 1132 1132 0 : 0 1 112 0 114 - 0 : 0.242944 3679.9 0.0 0.066005 3514.9 0.0 : 3 --c 0000 : 23 0 0.000 0.000 0 0.000 0.000 0 0.000 0.000 : 112.513331 112.515150 0.000210 112.576281 0.000064 112.578119 0.000038 112.579058 0.000045 : 112.579336 ]
[112.580s][info][gc       ] [SYSINFO 8457 195 63 0 7912 0 16 0 0 6942 : - - - - - - - - : 0 7168 : 2.76 2.72 2.00 : 271935 4216652 : 0 0 : 26 0 : 2445 2 0 267 : - 8566652928 583921664 1094295552 7200940032 203833344 66772992 : 139899904 24617340 502790 0 0 0 : 112.579563 ]
[112.580s][info][gc       ] [HUGEPAGESTAT 0 0 0 - 83087 0 0 : 397312 0 0 : 112.579563 ]
[112.580s][info][gc       ] [OBJCREAT 345169841 25416 16711680 : 112.579607 ]
[112.580s][info][gc       ] [HMSV All : 0 0 100 0 0 0 0 0 : 6158 0 0 0 : 112.579623 ]
[112.580s][info][gc       ] [HMSP 60 : 51112 0 : 112.579623 ]
[112.580s][info][gc       ] [VMAC 65530 170 24 492 686 : 112.580084 ]
[112.801s][info][gc       ] [GPGC-H  3563.9 362.7 0.2 0.0 : 27.7 : 0.000 0.000 : 0.000 0.000 0.602 1.440 : 0.000 0.000 0.000 0.000 1.753 0.608 : 0.000 : 83.705 : 1082 1794 28 0 : 2275 : 5720 5428 : 112.801071 : 9 Next_heuristic_check_may_be_too_late ]
[112.803s][info][safepoint] Application time: 0.2239351 seconds
[112.804s][info][safepoint] Total time for which application threads were stopped: 0.0001890 seconds, Stopping threads took: 0.0000004 seconds
[112.804s][info][gc       ] [SPS 0.000 0.003 0.003 0.006 0.000 0.001 0.000 0.163 0.018 0.189 NewGC_pause1 112.803247 ]
[112.863s][info][safepoint] Application time: 0.0600199 seconds
[112.864s][info][safepoint] Total time for which application threads were stopped: 0.0000968 seconds, Stopping threads took: 0.0000004 seconds
[112.864s][info][gc       ] [SPS 0.000 0.001 0.000 0.006 0.000 0.001 0.000 0.078 0.011 0.097 NewGC_pause2 112.863363 ]
[112.865s][info][safepoint] Application time: 0.0017883 seconds
[112.865s][info][safepoint] Total time for which application threads were stopped: 0.0001321 seconds, Stopping threads took: 0.0000003 seconds
[112.866s][info][gc       ] [SPS 0.000 0.001 0.000 0.005 0.000 0.001 0.000 0.114 0.012 0.132 NewGC_pause3 112.865284 ]
[112.866s][info][safepoint] Application time: 0.0010693 seconds
[112.867s][info][safepoint] Total time for which application threads were stopped: 0.0000639 seconds, Stopping threads took: 0.0000004 seconds
[112.867s][info][gc       ] [GCH                          : heap usage MB                                                        : gens MB                        : heap info MB                : pages                              : intercycle               intracycle               : gc            : threads  delay       failed      paced       : gc    pause 1   pause 2   pause 3   pause 4   : end]
[112.867s][info][gc       ] [GCH type label tot_ct-cyc_ct : max peak cur pcommit ppause upause rss codec_cap codec monitors jsys : new old perm internal gen-peak : live frag found cllctd lmtd : prom reloc noreloc rspike sm md lg : sec alloc-rate perm-rate sec alloc-rate perm-rate : thrds md diag : tot      cnt avg max cnt avg max cnt avg max : start start dur start dur start dur start dur : end]
[112.867s][info][gc       ] [SYSINFOH sysMemUsed cacheActiveFile cacheInactiveFile cacheActiveAnon cacheInactiveAnon swapCached buffers unevictable mlocked mapped : totalSysZingMemAcrossPartitions sysZingMemTot sysZingReservableUsed sysZingReservableTot sysZingContMemUsed sysZingContMemTot sysZingPPMemUsed sysZingPPMemTot : swapUsed swapMax : load1 load5 load15 : pageIn pageOut : swapPageIn swapPageOut : majorFaults cMajorFaults : processes procsRunning procsBlocked procsTotal : cgMem_limit_bytes cgMem_usage_bytes cgMem_max_usage_bytes cgMem_total_rss_bytes cgMem_total_shmem_bytes cgMem_total_active_file_bytes cgMem_total_inactive_file_bytes : cgCPU_usage_ms cgCPU_user_usage_ms cgCPU_system_usage_ms cgCPU_throttle_nof_periods cgCPU_throttle_nof_throttle cgCPU_throttle_throttled_ms : end(s) ]
[112.867s][info][gc       ] [HUGEPAGESTATH compact_stall compact_success compact_fail compact_pages_moved thp_fault_alloc thp_fault_fallback thp_file_alloc : anon_huge_pages shmem_pmd_mapped shmem_huge_pages : end(s) ]
[112.867s][info][gc       ] [OBJCREATH newGen(kB) permGen(kB) oldGen(kB) : end(s)]
[112.867s][info][gc       ] [VMACH vmaMax vmaStack vmaHeap vmaOther vmaCount : end(s)]
[112.867s][info][gc       ] [HEAPCOMMITH heap(mb) : commit(mb) commitTime(ms) uncommit(mb) uncommitTime(ms) : numDelays avgDelay(ms) maxDelay(ms) : bgPretouch(pages) bgPretouchTime(ms) : end(s) ]
[112.867s][info][gc       ] [HMSVH gen : maps mapStomps mapReuses mapMisses cacheHits cacheMisses cachePartFlushes cacheFullFlushes : watermark cached cachedMin cachedMax : end(s)]
[112.867s][info][gc       ] [HMSPH maps : mapped unmapped : end(s)]
[112.867s][info][gc       ] [GPGC-HH Model MB/sec . .             : KIDRate : EstTime secs : Throttled GC Threads EstTime secs                    : CPU EstTime secs                                                      : Pause EstTime secs : EstTime percent : Sizes MB . .        : KIDCount  : Target MB   : Time(secs) : Heuristic ]
[112.867s][info][gc       ] [GPGC-HH NewGen OldGen PermGen Direct : KID/sec : NewGC OldGC  : NewGC_Model1 OldGC_Model1 NewGC_Model2 OldGC_Model2  : NewCPU OldCPU NewCPU_Model1 OldCPU_Model1 NewCPU_Model2 OldCPU_Model2 : NewGC_pause1       : NewGC_time      : New Old Perm Direct : KID       : Heap NewGen : Time       : ReasonCode ReasonString ]
[112.867s][info][gc       ] [COMPSTATSH      : Threads      : CompQueue   : StashQueue  : CompileCounts                                                                                                : StashCounts                                                                                              : TotalTimes ms                         : WaitTimes Histogram                                               : CompileTimes Histogram ]
[112.867s][info][gc       ] [COMPSTATSH Tier : Total Active : Peak Active : Peak Active : FullMethodCompiles OSRMethodCompiles MethodFailToInstall OSRFailToInstall FullMethodEvicted OSRMethodEvicted : MethodStashCompiles OSRStashCompiles MethodStashFailed OSRStashFailed MethodStashEvicted OSRStashEvicted : CPUTime WallClockTime WaitInQueueTime : 0-9 10-99 100-999 1000-9999 10000-99999 100000-999999 1000000-INF : 0-9 10-99 100-999 1000-9999 10000-99999 100000-999999 1000000-INF ]
[112.867s][info][gc       ] [DEOPTSTATSH : deoptimization : deoptimization_frame : deopt_on_throw : unloaded : cha : non_static_final_fields : unreached_if : unreached_call : athrow : null_check : div0_check : range_check : range_check_widened : cast_check : unhandled : predicate : loop_limit_check : array_store_check : uninitialized : unloaded_array_class : unexpected_klass_mono : unexpected_klass_bi : unexpected_klass_tri : unexpected_null_cast : intrinsic_check : Reason_fast_intrinsic_check : install_async_ex : new_exception : jvmti : static_in_clinit : stuck_in_loop : tier1_patch_volatile_field : too_many_compiles : deopt_a_lot : uncounted_loop_speculation_failed : loop_nest_speculation_failed : inacc_field_null_rcvr : new_gen_oop_assumption_failed : Reason_devirt_no_profile : unreached_jump : effectively_final_fields : unreached_switch_case ]
[112.867s][info][gc       ] [DEOPTSTATSH Tier : Entr NonEntr : Entr NonEntr : Entr NonEntr : Entr NonEntr : Entr NonEntr : Entr NonEntr : Entr NonEntr : Entr NonEntr : Entr NonEntr : Entr NonEntr : Entr NonEntr : Entr NonEntr : Entr NonEntr : Entr NonEntr : Entr NonEntr : Entr NonEntr : Entr NonEntr : Entr NonEntr : Entr NonEntr : Entr NonEntr : Entr NonEntr : Entr NonEntr : Entr NonEntr : Entr NonEntr : Entr NonEntr : Entr NonEntr : Entr NonEntr : Entr NonEntr : Entr NonEntr : Entr NonEntr : Entr NonEntr : Entr NonEntr : Entr NonEntr : Entr NonEntr : Entr NonEntr : Entr NonEntr : Entr NonEntr : Entr NonEntr : Entr NonEntr : Entr NonEntr : Entr NonEntr : Entr NonEntr ]
[112.867s][info][gc       ] [CCFH queuedForFlush queuedForFlushSize flushed flushedSize freedTotal freedTotalSize : bytesAllTypes : c2i2cAdapters c2i2cAdaptersBytes : methodStubs methodStubsBytes : nativeWrappers nativeWrappersBytes : tier1Compiles tier1CompilesBytes : tier2Compiles tier2CompilesBytes : objMonitors objMonitorsBytes : vtables vtablesBytes : mhAdapters mhAdaptersBytes ]
[112.867s][info][gc       ] [SPSH lock suspend gclocker notify wait resuspend cleanup op_time wakeup total(ms) op_name end(s) ]
[112.867s][info][gc       ] [SPS 0.000 0.002 0.002 0.005 0.000 0.001 0.000 0.044 0.013 0.064 NewGC_pause4 112.866417 ]
[112.868s][info][gc       ] [GC New Max 301-276 : 6356 3446 2360 6356 - - 1013 20 2 2 - : 246 1794 28 292 1332 : 242 4 1088 1088 0 : 0 1 121 0 123 - 0 : 0.222223 3852.0 0.0 0.065053 3843.0 0.0 : 3 --c 0000 : 23 0 0.000 0.000 0 0.000 0.000 0 0.000 0.000 : 112.801559 112.803057 0.000164 112.863267 0.000082 112.865151 0.000118 112.866353 0.000047 : 112.866612 ]
[112.868s][info][gc       ] [SYSINFO 8457 195 63 0 7912 0 16 0 0 6942 : - - - - - - - - : 0 7168 : 2.76 2.72 2.00 : 271935 4216652 : 0 0 : 26 0 : 2445 2 0 267 : - 8566652928 583921664 1094295552 7200940032 203833344 66772992 : 139899904 24617800 502870 0 0 0 : 112.867714 ]
[112.868s][info][gc       ] [HUGEPAGESTAT 0 0 0 - 83087 0 0 : 397312 0 0 : 112.867714 ]
[112.868s][info][gc       ] [OBJCREAT 346268146 25416 16711680 : 112.867754 ]
[112.868s][info][gc       ] [HMSV All : 0 0 100 0 0 0 0 0 : 6158 0 0 0 : 112.867766 ]
[112.868s][info][gc       ] [HMSP 60 : 51112 0 : 112.867766 ]
[112.868s][info][gc       ] [VMAC 65530 170 24 492 686 : 112.868169 ]
[113.090s][info][gc       ] [GPGC-H  3563.9 362.7 0.2 0.0 : 27.7 : 0.000 0.000 : 0.000 0.000 0.594 1.440 : 0.000 0.000 0.000 0.000 1.732 0.608 : 0.000 : 82.900 : 1120 1794 28 0 : 2275 : 5720 5428 : 113.089874 : 9 Next_heuristic_check_may_be_too_late ]
[113.092s][info][safepoint] Application time: 0.2257218 seconds
[113.093s][info][safepoint] Total time for which application threads were stopped: 0.0002676 seconds, Stopping threads took: 0.0000004 seconds
[113.093s][info][gc       ] [SPS 0.000 0.003 0.001 0.006 0.000 0.001 0.000 0.247 0.013 0.267 NewGC_pause1 113.092406 ]
[113.153s][info][safepoint] Application time: 0.0599821 seconds
[113.153s][info][safepoint] Total time for which application threads were stopped: 0.0001512 seconds, Stopping threads took: 0.0000004 seconds
[113.153s][info][gc       ] [SPS 0.000 0.002 0.000 0.006 0.000 0.001 0.000 0.123 0.021 0.151 NewGC_pause2 113.152540 ]
[113.154s][info][safepoint] Application time: 0.0013393 seconds
[113.154s][info][safepoint] Total time for which application threads were stopped: 0.0000558 seconds, Stopping threads took: 0.0000004 seconds
[113.154s][info][gc       ] [SPS 0.000 0.000 0.000 0.006 0.000 0.001 0.000 0.035 0.014 0.056 NewGC_pause3 113.153935 ]
[113.155s][info][safepoint] Application time: 0.0009017 seconds
[113.155s][info][safepoint] Total time for which application threads were stopped: 0.0000695 seconds, Stopping threads took: 0.0000005 seconds
[113.155s][info][gc       ] [SPS 0.000 0.002 0.002 0.006 0.000 0.001 0.000 0.047 0.016 0.070 NewGC_pause4 113.154906 ]
[113.155s][info][gc       ] [GC New Max 302-277 : 6356 3462 2340 6356 - - 1013 20 2 2 - : 224 1794 28 292 1348 : 222 2 1126 1126 0 : 0 1 111 0 112 - 0 : 0.223702 3915.9 0.0 0.064779 3519.7 0.0 : 3 --c 0000 : 23 0 0.000 0.000 0 0.000 0.000 0 0.000 0.000 : 113.090314 113.092139 0.000251 113.152389 0.000092 113.153879 0.000039 113.154837 0.000049 : 113.155093 ]
[113.155s][info][gc       ] [SYSINFO 8457 195 63 0 7912 0 16 0 0 6942 : - - - - - - - - : 0 7168 : 2.76 2.72 2.00 : 271935 4216652 : 0 0 : 26 0 : 2445 2 0 267 : - 8566652928 583921664 1094295552 7200940032 203833344 66772992 : 139899904 24618260 502930 0 0 0 : 113.155340 ]
[113.155s][info][gc       ] [HUGEPAGESTAT 0 0 0 - 83087 0 0 : 397312 0 0 : 113.155340 ]
[113.155s][info][gc       ] [OBJCREAT 347358698 25416 16711680 : 113.155382 ]
[113.155s][info][gc       ] [HMSV All : 0 0 100 0 0 0 0 0 : 6158 0 0 0 : 113.155396 ]
[113.155s][info][gc       ] [HMSP 60 : 51112 0 : 113.155396 ]
[113.156s][info][gc       ] [VMAC 65530 170 24 492 686 : 113.155823 ]
[113.377s][info][gc       ] [GPGC-H  3563.9 362.7 0.2 0.0 : 27.7 : 0.000 0.000 : 0.000 0.000 0.587 1.440 : 0.000 0.000 0.000 0.000 1.711 0.608 : 0.000 : 82.099 : 1072 1794 28 0 : 2275 : 5720 5428 : 113.377102 : 9 Next_heuristic_check_may_be_too_late ]
[113.380s][info][safepoint] Application time: 0.2244076 seconds
[113.380s][info][safepoint] Total time for which application threads were stopped: 0.0002350 seconds, Stopping threads took: 0.0000005 seconds
[113.380s][info][gc       ] [SPS 0.000 0.014 0.006 0.007 0.000 0.001 0.000 0.165 0.026 0.199 NewGC_pause1 113.379549 ]
[113.439s][info][safepoint] Application time: 0.0596702 seconds
[113.440s][info][safepoint] Total time for which application threads were stopped: 0.0000741 seconds, Stopping threads took: 0.0000004 seconds
[113.440s][info][gc       ] [SPS 0.000 0.001 0.000 0.006 0.000 0.001 0.000 0.052 0.030 0.090 NewGC_pause2 113.439310 ]
[113.441s][info][safepoint] Application time: 0.0011720 seconds
[113.441s][info][safepoint] Total time for which application threads were stopped: 0.0000541 seconds, Stopping threads took: 0.0000004 seconds
[113.441s][info][gc       ] [SPS 0.000 0.000 0.000 0.006 0.000 0.001 0.000 0.034 0.013 0.054 NewGC_pause3 113.440520 ]
[113.443s][info][safepoint] Application time: 0.0020221 seconds
[113.443s][info][safepoint] Total time for which application threads were stopped: 0.0000624 seconds, Stopping threads took: 0.0000005 seconds
[113.443s][info][gc       ] [SPS 0.000 0.003 0.002 0.006 0.000 0.001 0.000 0.042 0.013 0.063 NewGC_pause4 113.442604 ]
[113.443s][info][gc       ] [GC New Max 303-278 : 6356 3402 2332 6356 - - 1013 20 2 2 - : 218 1794 28 292 1288 : 210 4 1077 1077 0 : 0 1 105 0 109 - 0 : 0.222457 3812.0 0.0 0.065239 3402.9 0.0 : 3 --c 0000 : 23 0 0.000 0.000 0 0.000 0.000 0 0.000 0.000 : 113.377550 113.379350 0.000171 113.439220 0.000056 113.440466 0.000037 113.442542 0.000045 : 113.442790 ]
[113.443s][info][gc       ] [SYSINFO 8457 195 63 0 7912 0 16 0 0 6942 : - - - - - - - - : 0 7168 : 2.76 2.72 2.00 : 271935 4216652 : 0 0 : 26 0 : 2445 3 0 267 : - 8566652928 583921664 1094295552 7200940032 203833344 66772992 : 139899904 24618700 503040 0 0 0 : 113.443053 ]
[113.443s][info][gc       ] [HUGEPAGESTAT 0 0 0 - 83087 0 0 : 397312 0 0 : 113.443053 ]
[113.443s][info][gc       ] [OBJCREAT 348416467 25416 16711680 : 113.443096 ]
[113.443s][info][gc       ] [HMSV All : 0 0 100 0 0 0 0 0 : 6158 0 0 0 : 113.443109 ]
[113.443s][info][gc       ] [HMSP 60 : 51112 0 : 113.443109 ]
[113.444s][info][gc       ] [VMAC 65530 170 24 492 686 : 113.443568 ]
[113.544s][info][gc       ] [GPGC-H  3563.9 362.7 0.2 0.0 : 27.7 : 0.000 0.000 : 0.000 0.000 0.581 1.440 : 0.000 0.000 0.000 0.000 1.690 0.608 : 0.000 : 81.315 : 1220 1794 28 0 : 2275 : 5720 5428 : 113.544094 : 9 Next_heuristic_check_may_be_too_late ]
[113.547s][info][safepoint] Application time: 0.1041232 seconds
[113.547s][info][safepoint] Total time for which application threads were stopped: 0.0002443 seconds, Stopping threads took: 0.0000004 seconds
[113.548s][info][gc       ] [SPS 0.000 0.004 0.003 0.006 0.000 0.001 0.000 0.223 0.014 0.244 NewGC_pause1 113.546972 ]
[113.902s][info][safepoint] Application time: 0.3548021 seconds
[113.902s][info][safepoint] Total time for which application threads were stopped: 0.0000532 seconds, Stopping threads took: 0.0000004 seconds
[113.903s][info][gc       ] [SPS 0.000 0.002 0.000 0.006 0.000 0.001 0.000 0.034 0.012 0.053 NewGC_pause2 113.901828 ]
[113.904s][info][safepoint] Application time: 0.0016738 seconds
[113.904s][info][safepoint] Total time for which application threads were stopped: 0.0000481 seconds, Stopping threads took: 0.0000004 seconds
[113.904s][info][gc       ] [SPS 0.000 0.001 0.000 0.005 0.000 0.001 0.000 0.030 0.011 0.048 NewGC_pause3 113.903549 ]
[113.905s][info][safepoint] Application time: 0.0011617 seconds
[113.905s][info][safepoint] Total time for which application threads were stopped: 0.0000598 seconds, Stopping threads took: 0.0000004 seconds
[113.905s][info][gc       ] [SPS 0.000 0.003 0.002 0.005 0.000 0.001 0.000 0.038 0.015 0.060 NewGC_pause4 113.904771 ]
[113.905s][info][gc       ] [GC New Max 304-279 : 6356 4518 4180 6356 - - 1013 20 2 2 - : 2066 1794 28 292 2404 : 2056 8 343 343 0 : 0 0 582 0 916 - 117 : 0.101850 9896.9 0.0 0.360292 3280.7 0.0 : 3 --c 0000 : 23 0 0.000 0.000 0 0.000 0.000 0 0.000 0.000 : 113.544640 113.546728 0.000227 113.901774 0.000038 113.903501 0.000034 113.904711 0.000041 : 113.904932 ]
[113.905s][info][gc       ] [SYSINFO 8457 195 63 0 7912 0 16 0 0 6942 : - - - - - - - - : 0 7168 : 2.76 2.72 2.00 : 271935 4216652 : 0 0 : 26 0 : 2445 2 0 267 : - 8566652928 583921664 1094295552 7200940032 203833344 66772992 : 139899904 24620040 503120 0 0 0 : 113.905143 ]
[113.905s][info][gc       ] [HUGEPAGESTAT 0 0 0 - 83087 0 0 : 397312 0 0 : 113.905143 ]
[113.905s][info][gc       ] [OBJCREAT 350582693 25416 16711680 : 113.905181 ]
[113.905s][info][gc       ] [HMSV All : 0 0 110 0 0 0 0 0 : 6158 0 0 0 : 113.905196 ]
[113.905s][info][gc       ] [HMSP 60 : 51112 0 : 113.905196 ]
[113.906s][info][gc       ] [VMAC 65530 170 24 492 686 : 113.905605 ]
[114.026s][info][gc       ] [GPGC-H  3563.9 362.7 0.2 0.0 : 27.7 : 0.000 0.000 : 0.000 0.000 0.576 1.440 : 0.000 0.000 0.000 0.000 1.661 0.608 : 0.000 : 81.244 : 2504 1794 28 0 : 2275 : 5720 5428 : 114.026293 : 9 Next_heuristic_check_may_be_too_late ]
[114.030s][info][safepoint] Application time: 0.1250390 seconds
[114.031s][info][safepoint] Total time for which application threads were stopped: 0.0004285 seconds, Stopping threads took: 0.0000004 seconds
[114.031s][info][gc       ] [SPS 0.000 0.003 0.003 0.006 0.000 0.001 0.000 0.401 0.020 0.429 NewGC_pause1 114.030239 ]
[114.745s][info][safepoint] Application time: 0.7145660 seconds
[114.746s][info][safepoint] Total time for which application threads were stopped: 0.0001576 seconds, Stopping threads took: 0.0000004 seconds
[114.746s][info][gc       ] [SPS 0.000 0.001 0.000 0.005 0.000 0.001 0.000 0.129 0.022 0.158 NewGC_pause2 114.744962 ]
[114.747s][info][safepoint] Application time: 0.0020741 seconds
[114.747s][info][safepoint] Total time for which application threads were stopped: 0.0000614 seconds, Stopping threads took: 0.0000005 seconds
[114.748s][info][gc       ] [SPS 0.000 0.000 0.000 0.006 0.000 0.001 0.000 0.039 0.015 0.061 NewGC_pause3 114.747098 ]
[114.762s][info][safepoint] Application time: 0.0150435 seconds
[114.762s][info][safepoint] Total time for which application threads were stopped: 0.0000746 seconds, Stopping threads took: 0.0000004 seconds
[114.763s][info][gc       ] [SPS 0.000 0.003 0.003 0.006 0.000 0.001 0.000 0.044 0.023 0.075 NewGC_pause4 114.762216 ]
[114.873s][info][gc       ] [GC New Max 305-280 : 6356 6012 5770 6356 - - 1013 20 2 2 - : 3656 1794 28 292 3898 : 3146 8 746 746 98 : 0 287 692 0 1773 - 55 : 0.121807 3595.8 0.0 0.846040 2122.8 0.0 : 3 --c 0000 : 23 5278 0.000 0.000 0 0.000 0.000 5278 0.000 0.000 : 114.026739 114.029810 0.000322 114.744805 0.000088 114.747036 0.000041 114.762141 0.000047 : 114.872780 ]
[114.873s][info][gc       ] [SYSINFO 8457 195 63 0 7912 0 16 0 0 6942 : - - - - - - - - : 0 7168 : 2.76 2.72 2.00 : 271935 4216652 : 0 0 : 26 0 : 2445 2 0 267 : - 8566652928 583921664 1094295552 7200940032 203833344 66772992 : 139899904 24623500 503240 0 0 0 : 114.873063 ]
[114.873s][info][gc       ] [HUGEPAGESTAT 0 0 0 - 83087 0 0 : 397312 0 0 : 114.873063 ]
[114.873s][info][gc       ] [OBJCREAT 352800418 25416 16711680 : 114.873119 ]
[114.873s][info][gc       ] [HMSV All : 0 0 110 0 0 0 0 0 : 6158 0 0 0 : 114.873135 ]
[114.873s][info][gc       ] [HMSP 60 : 51112 0 : 114.873135 ]
[114.874s][info][gc       ] [GPGC-H  3572.5 322.2 0.2 0.0 : 24.6 : 0.000 0.000 : 0.000 0.000 0.846 1.440 : 0.000 0.000 0.000 0.000 1.661 0.608 : 0.000 : 87.415 : 3660 1794 28 0 : 2275 : 5720 5428 : 114.874246 : 3 Heap_use_exceeded_committed ]
[114.874s][info][gc       ] [VMAC 65530 170 24 492 686 : 114.873676 ]
[114.882s][info][safepoint] Application time: 0.1194431 seconds
[114.882s][info][safepoint] Total time for which application threads were stopped: 0.0002163 seconds, Stopping threads took: 0.0000004 seconds
[114.882s][info][gc       ] [SPS 0.000 0.001 0.004 0.006 0.000 0.001 0.000 0.193 0.015 0.216 NewGC_pause1 114.881876 ]
[115.466s][info][safepoint] Application time: 0.5839302 seconds
[115.466s][info][safepoint] Total time for which application threads were stopped: 0.0001493 seconds, Stopping threads took: 0.0000004 seconds
[115.467s][info][gc       ] [SPS 0.000 0.001 0.000 0.007 0.000 0.001 0.000 0.117 0.024 0.149 NewGC_pause2 115.465955 ]
[115.467s][info][safepoint] Application time: 0.0012795 seconds
[115.468s][info][safepoint] Total time for which application threads were stopped: 0.0000505 seconds, Stopping threads took: 0.0000004 seconds
[115.468s][info][gc       ] [SPS 0.000 0.000 0.000 0.005 0.000 0.001 0.000 0.041 0.003 0.051 NewGC_pause3 115.467285 ]
[115.470s][info][safepoint] Application time: 0.0021449 seconds
[115.470s][info][safepoint] Total time for which application threads were stopped: 0.0000671 seconds, Stopping threads took: 0.0000005 seconds
[115.470s][info][gc       ] [SPS 0.000 0.130 0.002 0.006 0.000 0.001 0.000 0.046 0.014 0.067 NewGC_pause4 115.469497 ]
[115.471s][info][gc       ] [GC NTO Max 306-281 : 6356 6106 4306 6356 - - 1013 20 2 2 - : 2188 1794 30 292 3990 : 2077 8 1907 1907 0 : 0 3 155 0 1039 - 55 : 0.002028 2958.3 0.0 0.595398 561.0 3.4 : 3 --c 0000 : 23 8097 0.000 0.000 0 0.000 0.000 8097 0.000 0.000 : 114.874808 114.881659 0.000195 115.465806 0.000043 115.467235 0.000043 115.469430 0.000050 : 115.470205 ]
[115.471s][info][gc       ] [SYSINFO 8457 195 63 0 7912 0 16 0 0 6942 : - - - - - - - - : 0 7168 : 2.76 2.72 2.00 : 271935 4216652 : 0 0 : 26 0 : 2445 4 0 267 : - 8566652928 583921664 1094295552 7200940032 203833344 66772992 : 139899904 24625640 503340 0 0 0 : 115.470510 ]
[115.471s][info][gc       ] [HUGEPAGESTAT 0 0 0 - 83087 0 0 : 397312 0 0 : 115.470510 ]
[115.471s][info][gc       ] [OBJCREAT 353149164 25480 16711680 : 115.470573 ]
[115.471s][info][gc       ] [HMSV All : 0 0 110 0 0 0 0 0 : 6158 0 0 0 : 115.470587 ]
[115.471s][info][gc       ] [HMSP 60 : 51112 0 : 115.470587 ]
[115.471s][info][gc       ] [GPGC-H  3526.5 322.2 0.2 0.0 : 24.6 : 0.000 0.000 : 0.000 0.000 0.839 1.440 : 0.000 0.000 0.000 0.000 1.661 0.608 : 0.000 : 99.660 : 2190 1794 30 0 : 2275 : 5720 5428 : 115.470812 : 8 May_exceed_heap_occupancy_target ]
[115.471s][info][safepoint] Application time: 0.0008765 seconds
[115.471s][info][safepoint] Total time for which application threads were stopped: 0.0005511 seconds, Stopping threads took: 0.0000004 seconds
[115.471s][info][gc       ] [VMAC 65530 170 24 492 686 : 115.470992 ]
[115.471s][info][gc       ] [SPS 0.000 0.000 0.000 0.006 0.000 0.001 0.000 0.529 0.015 0.551 OldGC_pause2 115.470925 ]
[115.473s][info][safepoint] Application time: 0.0017244 seconds
[115.473s][info][safepoint] Total time for which application threads were stopped: 0.0000540 seconds, Stopping threads took: 0.0000004 seconds
[115.473s][info][gc       ] [SPS 0.000 0.000 0.000 0.006 0.000 0.001 0.000 0.034 0.013 0.054 OldGC_pause3 115.472704 ]
[115.478s][info][safepoint] Application time: 0.0055928 seconds
[115.479s][info][safepoint] Total time for which application threads were stopped: 0.0001084 seconds, Stopping threads took: 0.0000004 seconds
[115.479s][info][gc       ] [SPS 0.000 0.048 0.002 0.007 0.000 0.001 0.000 0.086 0.014 0.108 NewGC_pause1 115.478405 ]
[116.170s][info][safepoint] Application time: 0.6909200 seconds
[116.170s][info][safepoint] Total time for which application threads were stopped: 0.0001793 seconds, Stopping threads took: 0.0000004 seconds
[116.170s][info][gc       ] [SPS 0.000 0.001 0.000 0.006 0.000 0.001 0.000 0.152 0.019 0.179 NewGC_pause2 116.169504 ]
[116.171s][info][safepoint] Application time: 0.0016901 seconds
[116.172s][info][safepoint] Total time for which application threads were stopped: 0.0002345 seconds, Stopping threads took: 0.0000004 seconds
[116.172s][info][gc       ] [SPS 0.000 0.000 0.000 0.006 0.000 0.001 0.000 0.177 0.061 0.246 NewGC_pause3 116.171441 ]
[116.186s][info][safepoint] Application time: 0.0149464 seconds
[116.187s][info][safepoint] Total time for which application threads were stopped: 0.0000660 seconds, Stopping threads took: 0.0000004 seconds
[116.187s][info][gc       ] [SPS 0.000 0.003 0.003 0.006 0.000 0.001 0.000 0.045 0.013 0.066 NewGC_pause4 116.186442 ]
[116.330s][info][gc       ] [GC New Max 308-282 : 6356 5966 5894 6356 - - 1013 20 2 2 - : 3534 2038 30 292 3850 : 3403 6 441 441 49 : 122 179 818 0 1712 - 55 : 0.005806 3444.7 0.0 0.853573 2277.5 0.0 : 3 --c 0000 : 23 5593 0.000 0.000 0 0.000 0.000 5593 0.000 0.000 : 115.476012 115.478296 0.000091 116.169325 0.000119 116.171195 0.000087 116.186376 0.000052 : 116.329584 ]
[116.330s][info][gc       ] [SYSINFO 8457 195 63 0 7912 0 16 0 0 6942 : - - - - - - - - : 0 7168 : 2.76 2.72 2.00 : 271935 4216652 : 0 0 : 26 0 : 2445 2 0 267 : - 8566652928 583921664 1094295552 7200940032 203833344 66772992 : 139899904 24628900 503550 0 0 0 : 116.329847 ]
[116.330s][info][gc       ] [HUGEPAGESTAT 0 0 0 - 83087 0 0 : 397312 0 0 : 116.329847 ]
[116.330s][info][gc       ] [OBJCREAT 355104419 25480 16900096 : 116.329895 ]
[116.330s][info][gc       ] [HMSV All : 0 0 110 0 0 0 0 0 : 6158 0 0 0 : 116.329912 ]
[116.330s][info][gc       ] [HMSP 60 : 51112 0 : 116.329912 ]
[116.331s][info][gc       ] [GPGC-H  3558.7 322.2 0.2 0.0 : 24.6 : 0.000 0.000 : 0.000 0.000 0.838 1.440 : 0.000 0.000 0.000 0.000 1.661 0.608 : 0.000 : 99.906 : 3538 2038 30 0 : 2275 : 5720 5428 : 116.330712 : 3 Heap_use_exceeded_committed ]
[116.330s][info][gc       ] [VMAC 65530 170 24 492 686 : 116.330421 ]
[116.332s][info][safepoint] Application time: 0.1456037 seconds
[116.333s][info][safepoint] Total time for which application threads were stopped: 0.0000692 seconds, Stopping threads took: 0.0000005 seconds
[116.333s][info][gc       ] [SPS 0.000 0.002 0.005 0.006 0.000 0.001 0.000 0.045 0.016 0.069 OldGC_pause4 116.332115 ]
[116.333s][info][gc       ] [GC Old Max 307-26 : 6356 6106 4118 6356 - - 1013 20 2 2 - : 3546 252 28 292 2070 : 272 13 1785 1785 0 : 0 3 123 0 140 - 0 : 7.473891 5.6 0.3 1.456133 126.4 1.4 : 1 --c 0000 : 23   -    -    -    -    -    -    -    -    -  : 114.876982 114.881659 0.000195 115.470374 0.000532 115.472650 0.000037 116.332046 0.000048 : 116.333115 ]
[116.333s][info][gc       ] [SYSINFO 8457 195 63 0 7912 0 16 0 0 6942 : - - - - - - - - : 0 7168 : 2.76 2.72 2.00 : 271935 4216652 : 0 0 : 26 0 : 2445 2 0 267 : - 8566652928 583921664 1094295552 7200940032 203833344 66772992 : 139899904 24628900 503550 0 0 0 : 116.333295 ]
[116.333s][info][gc       ] [HUGEPAGESTAT 0 0 0 - 83087 0 0 : 397312 0 0 : 116.333295 ]
[116.333s][info][gc       ] [OBJCREAT 355114331 25480 16900096 : 116.333335 ]
[116.333s][info][gc       ] [HMSV All : 0 0 110 0 0 0 0 0 : 6158 0 0 0 : 116.333351 ]
[116.333s][info][gc       ] [HMSP 60 : 51112 0 : 116.333351 ]
[116.333s][info][gc       ] [COMPSTATS 1 : 5 0 : 1 0 : 0 0 : 520 5 0 0 0 0 : 0 0 0 0 0 0 : 133 134 15 : 525 0 0 0 0 0 0 : 525 0 0 0 0 0 0 ]
[116.333s][info][gc       ] [COMPSTATS 2 : 5 0 : 1 0 : 0 0 : 129 11 0 0 0 0 : 0 0 0 0 0 0 : 48891 48995 9410 : 69 45 26 0 0 0 0 : 32 86 17 4 1 0 0 ]
[116.333s][info][gc       ] [DEOPTSTATS 1 : 1 0 : 0 0 : 0 0 : 0 0 : 0 12 : 0 0 : 0 0 : 0 0 : 0 0 : 0 0 : 0 0 : 0 0 : 0 0 : 0 0 : 0 0 : 0 0 : 0 0 : 0 0 : 0 0 : 0 0 : 0 0 : 0 0 : 0 0 : 0 0 : 0 0 : 0 0 : 0 0 : 0 0 : 0 0 : 0 0 : 6 0 : 0 0 : 0 0 : 0 0 : 0 0 : 0 0 : 0 0 : 0 0 : 0 0 : 0 0 : 0 0 : 0 0 ]
[116.333s][info][gc       ] [DEOPTSTATS 2 : 0 0 : 0 0 : 0 0 : 0 0 : 0 0 : 0 0 : 0 11 : 0 0 : 0 0 : 0 0 : 0 0 : 0 0 : 0 0 : 0 0 : 0 0 : 0 0 : 0 0 : 0 0 : 0 0 : 0 0 : 0 0 : 0 0 : 0 0 : 0 0 : 0 0 : 0 0 : 0 0 : 0 0 : 0 0 : 0 0 : 5 0 : 0 0 : 0 0 : 0 0 : 0 1 : 0 0 : 0 0 : 0 0 : 0 0 : 0 3 : 0 0 : 0 0 ]
[116.334s][info][gc       ] [VMAC 65530 170 24 492 686 : 116.333828 ]
[116.334s][info][gc       ] [CCF 0 0 0 0 32 181248: 3073024 : 380 196608 : 3 49152 : 317 311808 :  513 635392 : 120 416256 : 0 0 : 15 1228800 : 1 2048]
[116.339s][info][safepoint] Application time: 0.0064280 seconds
[116.339s][info][safepoint] Total time for which application threads were stopped: 0.0001179 seconds, Stopping threads took: 0.0000004 seconds
[116.339s][info][gc       ] [SPS 0.000 0.001 0.001 0.005 0.000 0.001 0.000 0.098 0.012 0.118 NewGC_pause1 116.338661 ]
[116.809s][info][safepoint] Application time: 0.4696960 seconds
[116.809s][info][safepoint] Total time for which application threads were stopped: 0.0002307 seconds, Stopping threads took: 0.0000005 seconds
[116.810s][info][gc       ] [SPS 0.000 0.001 0.000 0.007 0.000 0.001 0.000 0.188 0.034 0.231 NewGC_pause2 116.808588 ]
[116.811s][info][safepoint] Application time: 0.0025738 seconds
[116.812s][info][safepoint] Total time for which application threads were stopped: 0.0001722 seconds, Stopping threads took: 0.0000005 seconds
[116.812s][info][gc       ] [SPS 0.000 0.001 0.000 0.007 0.000 0.001 0.000 0.123 0.041 0.172 NewGC_pause3 116.811334 ]
[116.828s][info][safepoint] Application time: 0.0164217 seconds
[116.828s][info][safepoint] Total time for which application threads were stopped: 0.0000817 seconds, Stopping threads took: 0.0000005 seconds
[116.828s][info][gc       ] [SPS 0.000 0.003 0.003 0.007 0.000 0.001 0.000 0.057 0.017 0.082 NewGC_pause4 116.827837 ]
[117.179s][info][gc       ] [GC New Max 309-283 : 6356 5900 5120 6356 - - 1013 20 2 2 - : 3820 980 28 292 5246 : 3227 5 2015 2015 35 : 364 0 842 0 1910 - 0 : 0.005647 3541.5 0.0 0.843254 3522.1 0.0 : 3 --c 0000 : 23 0 0.000 0.000 0 0.000 0.000 0 0.000 0.000 : 116.335232 116.338543 0.000101 116.808357 0.000110 116.811161 0.000052 116.827756 0.000059 : 117.178486 ]
[117.179s][info][gc       ] [SYSINFO 8457 195 63 0 7912 0 16 0 0 6942 : - - - - - - - - : 0 7168 : 2.76 2.72 2.00 : 271935 4216652 : 0 0 : 26 0 : 2445 2 0 267 : - 8566652928 583921664 1094295552 7200940032 203833344 66772992 : 139899904 24631940 503620 0 0 0 : 117.178737 ]
[117.179s][info][gc       ] [HUGEPAGESTAT 0 0 0 - 83087 0 0 : 397312 0 0 : 117.178737 ]
[117.179s][info][gc       ] [OBJCREAT 358066055 25480 17608704 : 117.178783 ]
[117.179s][info][gc       ] [HMSV All : 0 0 110 0 0 0 0 0 : 6158 0 0 0 : 117.178800 ]
[117.179s][info][gc       ] [HMSP 60 : 51112 0 : 117.178800 ]
[117.180s][info][gc       ] [GPGC-H  3558.7 380.0 0.2 0.0 : 22.1 : 0.000 0.000 : 0.000 0.000 0.832 1.456 : 0.000 0.000 0.000 0.000 1.912 0.608 : 0.000 : 99.902 : 3824 980 28 0 : 2275 : 5720 5428 : 117.179528 : 8 May_exceed_heap_occupancy_target ]
[117.179s][info][gc       ] [VMAC 65530 170 24 492 686 : 117.179361 ]
[117.185s][info][safepoint] Application time: 0.3571696 seconds
[117.186s][info][safepoint] Total time for which application threads were stopped: 0.0002479 seconds, Stopping threads took: 0.0000005 seconds
[117.186s][info][gc       ] [SPS 0.000 0.001 0.004 0.010 0.000 0.001 0.000 0.205 0.031 0.248 NewGC_pause1 117.185255 ]
[117.526s][info][safepoint] Application time: 0.3401357 seconds
[117.526s][info][safepoint] Total time for which application threads were stopped: 0.0001943 seconds, Stopping threads took: 0.0000005 seconds
[117.527s][info][gc       ] [SPS 0.000 0.001 0.000 0.007 0.000 0.001 0.000 0.160 0.025 0.194 NewGC_pause2 117.525585 ]
[117.528s][info][safepoint] Application time: 0.0020638 seconds
[117.528s][info][safepoint] Total time for which application threads were stopped: 0.0000502 seconds, Stopping threads took: 0.0000004 seconds
[117.528s][info][gc       ] [SPS 0.000 0.000 0.000 0.006 0.000 0.001 0.000 0.039 0.003 0.050 NewGC_pause3 117.527699 ]
[117.545s][info][safepoint] Application time: 0.0170130 seconds
[117.545s][info][safepoint] Total time for which application threads were stopped: 0.0001893 seconds, Stopping threads took: 0.0000027 seconds
[117.546s][info][gc       ] [SPS 0.000 0.019 0.009 0.007 0.003 0.001 0.000 0.137 0.042 0.189 NewGC_pause4 117.544902 ]
[117.812s][info][gc       ] [GC NTO Max 310-284 : 6356 5920 3786 6356 - - 1013 20 2 2 - : 1882 1584 28 292 4620 : 1602 4 3017 3017 3 : 302 0 390 0 941 - 0 : 0.001397 2863.5 0.0 0.631481 2647.7 0.0 : 3 --c 0000 : 23 2285 0.000 0.000 0 0.000 0.000 2285 0.000 0.000 : 117.179883 117.185007 0.000147 117.525391 0.000117 117.527649 0.000042 117.544713 0.000104 : 117.811364 ]
[117.812s][info][gc       ] [SYSINFO 8457 195 63 0 7912 0 16 0 0 6942 : - - - - - - - - : 0 7168 : 2.70 2.71 2.00 : 271935 4216652 : 0 0 : 26 0 : 2445 4 0 267 : - 8566652928 583921664 1094295552 7200940032 203833344 66772992 : 139899904 24634990 503820 0 0 0 : 117.811693 ]
[117.812s][info][gc       ] [HUGEPAGESTAT 0 0 0 - 83087 0 0 : 397312 0 0 : 117.811693 ]
[117.812s][info][gc       ] [OBJCREAT 359727090 25544 18227200 : 117.811753 ]
[117.812s][info][gc       ] [HMSV All : 0 0 110 0 0 0 0 0 : 6158 0 0 0 : 117.811769 ]
[117.812s][info][gc       ] [HMSP 60 : 51112 0 : 117.811769 ]
[117.812s][info][gc       ] [VMAC 65530 170 24 492 686 : 117.812262 ]
[117.813s][info][safepoint] Application time: 0.2669599 seconds
[117.813s][info][gc       ] [GPGC-H  3535.6 380.0 0.2 0.0 : 22.1 : 0.000 0.000 : 0.000 0.000 0.822 1.456 : 0.000 0.000 0.000 0.000 1.912 0.608 : 0.000 : 99.898 : 1882 1584 28 0 : 2275 : 5720 5428 : 117.812581 : 9 Next_heuristic_check_may_be_too_late ]
[117.813s][info][safepoint] Total time for which application threads were stopped: 0.0010322 seconds, Stopping threads took: 0.0000004 seconds
[117.814s][info][gc       ] [SPS 0.000 0.001 0.000 0.009 0.000 0.001 0.000 0.990 0.031 1.032 OldGC_pause2 117.812894 ]
[117.816s][info][safepoint] Application time: 0.0028208 seconds
[117.816s][info][safepoint] Total time for which application threads were stopped: 0.0000685 seconds, Stopping threads took: 0.0000004 seconds
[117.816s][info][gc       ] [SPS 0.000 0.000 0.000 0.011 0.000 0.001 0.000 0.042 0.014 0.068 OldGC_pause3 117.815783 ]
[117.821s][info][safepoint] Application time: 0.0051577 seconds
[117.821s][info][safepoint] Total time for which application threads were stopped: 0.0001264 seconds, Stopping threads took: 0.0000005 seconds
[117.821s][info][gc       ] [SPS 0.000 2.365 0.003 0.006 0.000 0.001 0.000 0.104 0.015 0.126 NewGC_pause1 117.821068 ]
[118.029s][info][safepoint] Application time: 0.2073734 seconds
[118.029s][info][safepoint] Total time for which application threads were stopped: 0.0001881 seconds, Stopping threads took: 0.0000004 seconds
[118.030s][info][gc       ] [SPS 0.000 0.002 0.000 0.007 0.000 0.001 0.000 0.132 0.048 0.188 NewGC_pause2 118.028630 ]
[118.031s][info][safepoint] Application time: 0.0019679 seconds
[118.031s][info][safepoint] Total time for which application threads were stopped: 0.0000817 seconds, Stopping threads took: 0.0000005 seconds
[118.031s][info][gc       ] [SPS 0.000 0.000 0.000 0.008 0.000 0.001 0.000 0.048 0.024 0.082 NewGC_pause3 118.030679 ]
[118.047s][info][safepoint] Application time: 0.0157676 seconds
[118.047s][info][safepoint] Total time for which application threads were stopped: 0.0000861 seconds, Stopping threads took: 0.0000004 seconds
[118.047s][info][gc       ] [SPS 0.000 0.004 0.010 0.006 0.000 0.001 0.000 0.058 0.021 0.086 NewGC_pause4 118.046533 ]
[118.167s][info][gc       ] [GC New Max 312-285 : 6356 4630 3436 6356 - - 1013 20 2 2 - : 1320 1794 28 292 2726 : 1037 3 1687 1687 1 : 105 0 408 0 660 - 0 : 0.005137 2336.1 0.0 0.349797 3767.9 0.0 : 3 --c 0000 : 23 0 0.000 0.000 0 0.000 0.000 0 0.000 0.000 : 117.816501 117.820941 0.000107 118.028442 0.000118 118.030597 0.000052 118.046447 0.000061 : 118.166297 ]
[118.167s][info][gc       ] [SYSINFO 8457 195 63 0 7912 0 16 0 0 6942 : - - - - - - - - : 0 7168 : 2.70 2.71 2.00 : 271935 4216652 : 0 0 : 26 0 : 2445 2 0 267 : - 8566652928 583921664 1094295552 7200940032 203833344 66772992 : 139899904 24636340 503820 0 0 0 : 118.166574 ]
[118.167s][info][gc       ] [HUGEPAGESTAT 0 0 0 - 83087 0 0 : 397312 0 0 : 118.166574 ]
[118.167s][info][gc       ] [OBJCREAT 361048348 25544 18391040 : 118.166624 ]
[118.167s][info][gc       ] [HMSV All : 0 0 110 0 0 0 0 0 : 6158 0 0 0 : 118.166643 ]
[118.167s][info][gc       ] [HMSP 60 : 51112 0 : 118.166643 ]
[118.167s][info][gc       ] [VMAC 65530 170 24 492 686 : 118.167178 ]
[118.170s][info][safepoint] Application time: 0.1229766 seconds
[118.170s][info][safepoint] Total time for which application threads were stopped: 0.0001921 seconds, Stopping threads took: 0.0000005 seconds
[118.170s][info][gc       ] [SPS 0.000 0.003 0.006 0.007 0.000 0.001 0.000 0.148 0.035 0.192 OldGC_pause4 118.169702 ]
[118.177s][info][gc       ] [GC Old Max 311-27 : 6356 5920 3456 6356 - - 1013 20 2 2 - : 1354 1782 28 292 1830 : 1799 16 5 5 0 : 0 9 407 2 850 - 55 : 0.848443 815.6 0.0 0.995670 767.3 0.0 : 1 --c 0000 : 23   -    -    -    -    -    -    -    -    -  : 117.181558 117.185007 0.000147 117.811862 0.000957 117.815715 0.000049 118.169510 0.000064 : 118.177228 ]
[118.178s][info][gc       ] [SYSINFO 8457 195 63 0 7912 0 16 0 0 6942 : - - - - - - - - : 0 7168 : 2.70 2.71 2.00 : 271935 4216652 : 0 0 : 26 0 : 2445 2 0 267 : - 8566652928 583921664 1094295552 7200940032 203833344 66772992 : 139899904 24636350 503820 0 0 0 : 118.177458 ]
[118.178s][info][gc       ] [HUGEPAGESTAT 0 0 0 - 83087 0 0 : 397312 0 0 : 118.177458 ]
[118.178s][info][gc       ] [OBJCREAT 361082046 25544 18391040 : 118.177516 ]
[118.178s][info][gc       ] [HMSV All : 0 0 110 0 0 0 0 0 : 6158 0 0 0 : 118.177533 ]
[118.178s][info][gc       ] [HMSP 60 : 51112 0 : 118.177533 ]
[118.178s][info][gc       ] [COMPSTATS 1 : 5 0 : 1 0 : 0 0 : 520 5 0 0 0 0 : 0 0 0 0 0 0 : 133 134 15 : 525 0 0 0 0 0 0 : 525 0 0 0 0 0 0 ]
[118.178s][info][gc       ] [COMPSTATS 2 : 5 0 : 1 0 : 0 0 : 129 11 0 0 0 0 : 0 0 0 0 0 0 : 48891 48995 9410 : 69 45 26 0 0 0 0 : 32 86 17 4 1 0 0 ]
[118.178s][info][gc       ] [DEOPTSTATS 1 : 1 0 : 0 0 : 0 0 : 0 0 : 0 12 : 0 0 : 0 0 : 0 0 : 0 0 : 0 0 : 0 0 : 0 0 : 0 0 : 0 0 : 0 0 : 0 0 : 0 0 : 0 0 : 0 0 : 0 0 : 0 0 : 0 0 : 0 0 : 0 0 : 0 0 : 0 0 : 0 0 : 0 0 : 0 0 : 0 0 : 6 0 : 0 0 : 0 0 : 0 0 : 0 0 : 0 0 : 0 0 : 0 0 : 0 0 : 0 0 : 0 0 : 0 0 ]
[118.178s][info][gc       ] [DEOPTSTATS 2 : 0 0 : 0 0 : 0 0 : 0 0 : 0 0 : 0 0 : 0 11 : 0 0 : 0 0 : 0 0 : 0 0 : 0 0 : 0 0 : 0 0 : 0 0 : 0 0 : 0 0 : 0 0 : 0 0 : 0 0 : 0 0 : 0 0 : 0 0 : 0 0 : 0 0 : 0 0 : 0 0 : 0 0 : 0 0 : 0 0 : 5 0 : 0 0 : 0 0 : 0 0 : 0 1 : 0 0 : 0 0 : 0 0 : 0 0 : 0 3 : 0 0 : 0 0 ]
[118.178s][info][gc       ] [VMAC 65530 170 24 492 686 : 118.178030 ]
[118.179s][info][gc       ] [CCF 0 0 0 0 32 181248: 3073024 : 380 196608 : 3 49152 : 317 311808 :  513 635392 : 120 416256 : 0 0 : 15 1228800 : 1 2048]
[118.329s][info][gc       ] [GPGC-H  3535.6 380.0 0.2 0.0 : 22.1 : 0.000 0.000 : 0.000 0.000 0.812 1.418 : 0.000 0.000 0.000 0.000 1.910 0.608 : 0.000 : 99.895 : 1862 1782 28 0 : 2275 : 5720 5428 : 118.328581 : 9 Next_heuristic_check_may_be_too_late ]
[118.332s][info][safepoint] Application time: 0.1620956 seconds
[118.332s][info][safepoint] Total time for which application threads were stopped: 0.0003592 seconds, Stopping threads took: 0.0000005 seconds
[118.333s][info][gc       ] [SPS 0.000 0.003 0.002 0.006 0.000 0.001 0.000 0.297 0.055 0.359 NewGC_pause1 118.332157 ]
[118.461s][info][safepoint] Application time: 0.1282546 seconds
[118.461s][info][safepoint] Total time for which application threads were stopped: 0.0001365 seconds, Stopping threads took: 0.0000005 seconds
[118.461s][info][gc       ] [SPS 0.000 0.001 0.000 0.007 0.000 0.001 0.000 0.112 0.016 0.137 NewGC_pause2 118.460548 ]
[118.462s][info][safepoint] Application time: 0.0016660 seconds
[118.463s][info][safepoint] Total time for which application threads were stopped: 0.0000618 seconds, Stopping threads took: 0.0000005 seconds
[118.463s][info][gc       ] [SPS 0.000 0.000 0.000 0.007 0.001 0.001 0.000 0.039 0.014 0.062 NewGC_pause3 118.462276 ]
[118.465s][info][safepoint] Application time: 0.0026836 seconds
[118.465s][info][safepoint] Total time for which application threads were stopped: 0.0000684 seconds, Stopping threads took: 0.0000005 seconds
[118.466s][info][gc       ] [SPS 0.000 0.003 0.004 0.007 0.000 0.001 0.000 0.044 0.016 0.068 NewGC_pause4 118.465028 ]
[118.478s][info][gc       ] [GC New Max 313-286 : 6356 4420 2620 6356 - - 1013 20 2 2 - : 502 1798 28 292 2318 : 463 4 1852 1852 0 : 8 1 224 0 251 - 0 : 0.162934 3326.5 0.0 0.148561 3419.5 0.0 : 3 --c 0000 : 23 0 0.000 0.000 0 0.000 0.000 0 0.000 0.000 : 118.329231 118.331798 0.000265 118.460412 0.000115 118.462214 0.000043 118.464960 0.000048 : 118.477793 ]
[118.478s][info][gc       ] [SYSINFO 8457 195 63 0 7912 0 16 0 0 6942 : - - - - - - - - : 0 7168 : 2.70 2.71 2.00 : 271935 4216652 : 0 0 : 26 0 : 2445 2 0 267 : - 8566652928 583921664 1094295552 7200940032 203833344 66772992 : 139899904 24637070 503880 0 0 0 : 118.478027 ]
[118.478s][info][gc       ] [HUGEPAGESTAT 0 0 0 - 83087 0 0 : 397312 0 0 : 118.478027 ]
[118.478s][info][gc       ] [OBJCREAT 362087829 25544 18407424 : 118.478074 ]
[118.478s][info][gc       ] [HMSV All : 0 0 110 0 0 0 0 0 : 6158 0 0 0 : 118.478094 ]
[118.478s][info][gc       ] [HMSP 60 : 51112 0 : 118.478094 ]
[118.479s][info][gc       ] [VMAC 65530 170 24 492 686 : 118.478618 ]
[118.700s][info][gc       ] [GPGC-H  3535.6 380.0 0.2 0.0 : 22.1 : 0.000 0.000 : 0.000 0.000 0.802 1.418 : 0.000 0.000 0.000 0.000 1.904 0.608 : 0.000 : 99.149 : 1340 1798 28 0 : 2275 : 5720 5428 : 118.700271 : 9 Next_heuristic_check_may_be_too_late ]
[118.703s][info][safepoint] Application time: 0.2377281 seconds
[118.703s][info][safepoint] Total time for which application threads were stopped: 0.0002593 seconds, Stopping threads took: 0.0000004 seconds
[118.704s][info][gc       ] [SPS 0.000 0.003 0.002 0.006 0.000 0.001 0.000 0.233 0.019 0.259 NewGC_pause1 118.703016 ]
[118.767s][info][safepoint] Application time: 0.0634776 seconds
[118.767s][info][safepoint] Total time for which application threads were stopped: 0.0000952 seconds, Stopping threads took: 0.0000004 seconds
[118.767s][info][gc       ] [SPS 0.000 0.001 0.000 0.006 0.000 0.001 0.000 0.076 0.012 0.095 NewGC_pause2 118.766589 ]
[118.768s][info][safepoint] Application time: 0.0015216 seconds
[118.768s][info][safepoint] Total time for which application threads were stopped: 0.0000983 seconds, Stopping threads took: 0.0000004 seconds
[118.769s][info][gc       ] [SPS 0.000 0.000 0.000 0.006 0.000 0.001 0.000 0.071 0.020 0.098 NewGC_pause3 118.768208 ]
[118.769s][info][safepoint] Application time: 0.0011623 seconds
[118.770s][info][safepoint] Total time for which application threads were stopped: 0.0000673 seconds, Stopping threads took: 0.0000004 seconds
[118.770s][info][gc       ] [SPS 0.000 0.002 0.002 0.006 0.000 0.001 0.000 0.040 0.021 0.067 NewGC_pause4 118.769438 ]
[118.770s][info][gc       ] [GC New Max 314-287 : 6356 3706 2364 6356 - - 1013 20 2 2 - : 246 1798 28 292 1588 : 242 4 1346 1346 0 : 0 1 121 0 123 - 0 : 0.223033 3766.3 0.0 0.068896 3628.7 0.0 : 3 --c 0000 : 23 0 0.000 0.000 0 0.000 0.000 0 0.000 0.000 : 118.700826 118.702756 0.000199 118.766493 0.000080 118.768110 0.000075 118.769371 0.000043 : 118.769722 ]
[118.770s][info][gc       ] [SYSINFO 8457 195 63 0 7912 0 16 0 0 6942 : - - - - - - - - : 0 7168 : 2.70 2.71 2.00 : 271935 4216652 : 0 0 : 26 0 : 2445 3 0 267 : - 8566652928 583921664 1094295552 7200940032 203833344 66772992 : 139899904 24637550 503890 0 0 0 : 118.769934 ]
[118.770s][info][gc       ] [HUGEPAGESTAT 0 0 0 - 83087 0 0 : 397312 0 0 : 118.769934 ]
[118.770s][info][gc       ] [OBJCREAT 363164953 25544 18407424 : 118.769974 ]
[118.770s][info][gc       ] [HMSV All : 0 0 110 0 0 0 0 0 : 6158 0 0 0 : 118.769991 ]
[118.770s][info][gc       ] [HMSP 60 : 51112 0 : 118.769991 ]
[118.770s][info][gc       ] [VMAC 65530 170 24 492 686 : 118.770394 ]
[118.992s][info][gc       ] [GPGC-H  3535.6 380.0 0.2 0.0 : 22.1 : 0.000 0.000 : 0.000 0.000 0.792 1.418 : 0.000 0.000 0.000 0.000 1.893 0.608 : 0.000 : 98.136 : 1090 1798 28 0 : 2275 : 5720 5428 : 118.991758 : 9 Next_heuristic_check_may_be_too_late ]
[118.994s][info][safepoint] Application time: 0.2245784 seconds
[118.995s][info][safepoint] Total time for which application threads were stopped: 0.0002202 seconds, Stopping threads took: 0.0000004 seconds
[118.995s][info][gc       ] [SPS 0.000 0.003 0.002 0.006 0.000 0.001 0.000 0.191 0.022 0.220 NewGC_pause1 118.994237 ]
[119.053s][info][safepoint] Application time: 0.0590661 seconds
[119.054s][info][safepoint] Total time for which application threads were stopped: 0.0001716 seconds, Stopping threads took: 0.0000004 seconds
[119.054s][info][gc       ] [SPS 0.000 0.001 0.000 0.006 0.000 0.001 0.000 0.133 0.031 0.172 NewGC_pause2 119.053475 ]
[119.055s][info][safepoint] Application time: 0.0016390 seconds
[119.056s][info][safepoint] Total time for which application threads were stopped: 0.0001124 seconds, Stopping threads took: 0.0000004 seconds
[119.056s][info][gc       ] [SPS 0.000 0.000 0.000 0.006 0.000 0.001 0.000 0.091 0.014 0.112 NewGC_pause3 119.055226 ]
[119.056s][info][safepoint] Application time: 0.0010436 seconds
[119.057s][info][safepoint] Total time for which application threads were stopped: 0.0000682 seconds, Stopping threads took: 0.0000005 seconds
[119.057s][info][gc       ] [SPS 0.000 0.002 0.002 0.011 0.000 0.001 0.000 0.041 0.014 0.068 NewGC_pause4 119.056338 ]
[119.057s][info][gc       ] [GC New Max 315-288 : 6356 3428 2334 6356 - - 1013 20 2 2 - : 216 1798 28 292 1310 : 214 4 1096 1096 0 : 0 1 107 0 108 - 0 : 0.222554 3801.3 0.0 0.064281 3422.4 0.0 : 3 --c 0000 : 23 0 0.000 0.000 0 0.000 0.000 0 0.000 0.000 : 118.992275 118.994017 0.000195 119.053303 0.000093 119.055114 0.000095 119.056270 0.000050 : 119.056557 ]
[119.057s][info][gc       ] [SYSINFO 8457 195 63 0 7912 0 16 0 0 6942 : - - - - - - - - : 0 7168 : 2.70 2.71 2.00 : 271935 4216652 : 0 0 : 26 0 : 2445 3 0 267 : - 8566652928 583921664 1094295552 7200940032 203833344 66772992 : 139899904 24638010 503900 0 0 0 : 119.056801 ]
[119.057s][info][gc       ] [HUGEPAGESTAT 0 0 0 - 83087 0 0 : 397312 0 0 : 119.056801 ]
[119.057s][info][gc       ] [OBJCREAT 364222252 25544 18407424 : 119.056848 ]
[119.057s][info][gc       ] [HMSV All : 0 0 110 0 0 0 0 0 : 6158 0 0 0 : 119.056861 ]
[119.057s][info][gc       ] [HMSP 60 : 51112 0 : 119.056861 ]
[119.057s][info][gc       ] [VMAC 65530 170 24 492 686 : 119.057295 ]
[119.299s][info][gc       ] [GPGC-H  3535.6 386.4 0.2 0.0 : 20.1 : 0.000 0.000 : 0.000 0.000 0.782 1.418 : 0.000 0.000 0.000 0.000 1.877 0.608 : 0.000 : 97.139 : 1116 1798 28 0 : 2275 : 5720 5428 : 119.298757 : 9 Next_heuristic_check_may_be_too_late ]
[119.301s][info][safepoint] Application time: 0.2447272 seconds
[119.302s][info][safepoint] Total time for which application threads were stopped: 0.0002828 seconds, Stopping threads took: 0.0000004 seconds
[119.302s][info][gc       ] [SPS 0.000 0.003 0.002 0.006 0.000 0.001 0.000 0.241 0.035 0.283 NewGC_pause1 119.301348 ]
[119.360s][info][safepoint] Application time: 0.0582032 seconds
[119.360s][info][safepoint] Total time for which application threads were stopped: 0.0001604 seconds, Stopping threads took: 0.0000004 seconds
[119.360s][info][gc       ] [SPS 0.000 0.001 0.000 0.006 0.000 0.001 0.000 0.124 0.029 0.161 NewGC_pause2 119.359712 ]
[119.361s][info][safepoint] Application time: 0.0013489 seconds
[119.361s][info][safepoint] Total time for which application threads were stopped: 0.0001709 seconds, Stopping threads took: 0.0000004 seconds
[119.362s][info][gc       ] [SPS 0.000 0.000 0.000 0.006 0.000 0.001 0.000 0.124 0.040 0.171 NewGC_pause3 119.361232 ]
[119.362s][info][safepoint] Application time: 0.0010738 seconds
[119.363s][info][safepoint] Total time for which application threads were stopped: 0.0001469 seconds, Stopping threads took: 0.0000004 seconds
[119.363s][info][gc       ] [SPS 0.000 0.002 0.002 0.006 0.000 0.001 0.000 0.119 0.021 0.147 NewGC_pause4 119.362453 ]
[119.363s][info][gc       ] [GC New Max 316-289 : 6356 3464 2344 6356 - - 1013 20 2 2 - : 226 1798 28 292 1346 : 222 4 1123 1123 0 : 0 1 111 0 113 - 0 : 0.242673 3716.9 0.0 0.063375 3629.2 0.0 : 3 --c 0000 : 23 0 0.000 0.000 0 0.000 0.000 0 0.000 0.000 : 119.299229 119.301066 0.000211 119.359552 0.000091 119.361061 0.000091 119.362306 0.000058 : 119.362604 ]
[119.363s][info][gc       ] [SYSINFO 8457 195 63 0 7912 0 16 0 0 6942 : - - - - - - - - : 0 7168 : 2.70 2.71 2.00 : 271935 4216652 : 0 0 : 26 0 : 2445 3 0 267 : - 8566652928 583921664 1094295552 7200940032 203833344 66772992 : 139899904 24638470 503920 0 0 0 : 119.362839 ]
[119.363s][info][gc       ] [HUGEPAGESTAT 0 0 0 - 83087 0 0 : 397312 0 0 : 119.362839 ]
[119.363s][info][gc       ] [OBJCREAT 365341597 25544 18407424 : 119.362905 ]
[119.363s][info][gc       ] [HMSV All : 0 0 110 0 0 0 0 0 : 6158 0 0 0 : 119.362919 ]
[119.363s][info][gc       ] [HMSP 60 : 51112 0 : 119.362919 ]
[119.363s][info][gc       ] [VMAC 65530 170 24 492 686 : 119.363324 ]
[119.585s][info][gc       ] [GPGC-H  3528.9 386.4 0.2 0.0 : 20.1 : 0.000 0.000 : 0.000 0.000 0.772 1.418 : 0.000 0.000 0.000 0.000 1.856 0.608 : 0.000 : 96.066 : 1072 1798 28 0 : 2275 : 5720 5428 : 119.584858 : 9 Next_heuristic_check_may_be_too_late ]
[119.587s][info][safepoint] Application time: 0.2244525 seconds
[119.587s][info][safepoint] Total time for which application threads were stopped: 0.0002277 seconds, Stopping threads took: 0.0000004 seconds
[119.588s][info][gc       ] [SPS 0.000 0.003 0.002 0.006 0.000 0.001 0.000 0.207 0.013 0.228 NewGC_pause1 119.587133 ]
[119.645s][info][safepoint] Application time: 0.0573841 seconds
[119.645s][info][safepoint] Total time for which application threads were stopped: 0.0001881 seconds, Stopping threads took: 0.0000004 seconds
[119.646s][info][gc       ] [SPS 0.000 0.001 0.000 0.006 0.000 0.001 0.000 0.154 0.032 0.194 NewGC_pause2 119.644711 ]
[119.647s][info][safepoint] Application time: 0.0020273 seconds
[119.647s][info][safepoint] Total time for which application threads were stopped: 0.0001898 seconds, Stopping threads took: 0.0000004 seconds
[119.647s][info][gc       ] [SPS 0.000 0.001 0.000 0.028 0.000 0.001 0.000 0.127 0.033 0.190 NewGC_pause3 119.646923 ]
[119.648s][info][safepoint] Application time: 0.0008902 seconds
[119.648s][info][safepoint] Total time for which application threads were stopped: 0.0000610 seconds, Stopping threads took: 0.0000005 seconds
[119.648s][info][gc       ] [SPS 0.000 0.002 0.002 0.006 0.000 0.001 0.000 0.040 0.014 0.061 NewGC_pause4 119.647874 ]
[119.648s][info][gc       ] [GC New Max 317-290 : 6356 3410 2334 6356 - - 1013 20 2 2 - : 216 1798 28 292 1292 : 212 4 1078 1078 0 : 0 1 106 0 108 - 0 : 0.222647 3808.7 0.0 0.062847 3500.6 0.0 : 3 --c 0000 : 23 0 0.000 0.000 0 0.000 0.000 0 0.000 0.000 : 119.585251 119.586905 0.000212 119.644517 0.000112 119.646733 0.000076 119.647813 0.000043 : 119.648099 ]
[119.648s][info][gc       ] [SYSINFO 8457 195 63 0 7912 0 16 0 0 6942 : - - - - - - - - : 0 7168 : 2.70 2.71 2.00 : 271935 4216652 : 0 0 : 26 0 : 2445 2 0 267 : - 8566652928 583921664 1094295552 7200940032 203833344 66772992 : 139899904 24638930 503960 0 0 0 : 119.648314 ]
[119.648s][info][gc       ] [HUGEPAGESTAT 0 0 0 - 83087 0 0 : 397312 0 0 : 119.648314 ]
[119.648s][info][gc       ] [OBJCREAT 366398634 25544 18407424 : 119.648354 ]
[119.648s][info][gc       ] [HMSV All : 0 0 110 0 0 0 0 0 : 6158 0 0 0 : 119.648368 ]
[119.648s][info][gc       ] [HMSP 60 : 51112 0 : 119.648368 ]
[119.649s][info][gc       ] [VMAC 65530 170 24 492 686 : 119.648823 ]
[119.890s][info][gc       ] [GPGC-H  3528.9 386.4 0.2 0.0 : 20.1 : 0.000 0.000 : 0.000 0.000 0.763 1.418 : 0.000 0.000 0.000 0.000 1.834 0.608 : 0.000 : 95.095 : 1128 1798 28 0 : 2275 : 5720 5428 : 119.890468 : 9 Next_heuristic_check_may_be_too_late ]
[119.893s][info][safepoint] Application time: 0.2446856 seconds
[119.893s][info][safepoint] Total time for which application threads were stopped: 0.0002695 seconds, Stopping threads took: 0.0000004 seconds
[119.894s][info][gc       ] [SPS 0.000 0.003 0.002 0.006 0.000 0.001 0.000 0.243 0.019 0.270 NewGC_pause1 119.892830 ]
[119.952s][info][safepoint] Application time: 0.0588998 seconds
[119.952s][info][safepoint] Total time for which application threads were stopped: 0.0001496 seconds, Stopping threads took: 0.0000005 seconds
[119.953s][info][gc       ] [SPS 0.000 0.002 0.000 0.006 0.000 0.001 0.000 0.122 0.020 0.150 NewGC_pause2 119.951879 ]
[119.954s][info][safepoint] Application time: 0.0015623 seconds
[119.954s][info][safepoint] Total time for which application threads were stopped: 0.0001367 seconds, Stopping threads took: 0.0000004 seconds
[119.954s][info][gc       ] [SPS 0.000 0.000 0.000 0.006 0.000 0.001 0.000 0.116 0.013 0.137 NewGC_pause3 119.953578 ]
[119.955s][info][safepoint] Application time: 0.0012000 seconds
[119.955s][info][safepoint] Total time for which application threads were stopped: 0.0000776 seconds, Stopping threads took: 0.0000004 seconds
[119.955s][info][gc       ] [SPS 0.000 0.002 0.002 0.006 0.000 0.001 0.000 0.057 0.013 0.078 NewGC_pause4 119.954856 ]
[119.955s][info][gc       ] [GC New Max 318-291 : 6356 3470 2340 6356 - - 1013 20 2 2 - : 222 1798 28 292 1352 : 218 4 1133 1133 0 : 0 1 109 0 111 - 0 : 0.242843 3763.7 0.0 0.064177 3490.3 0.0 : 3 --c 0000 : 23 0 0.000 0.000 0 0.000 0.000 0 0.000 0.000 : 119.890942 119.892560 0.000203 119.951730 0.000065 119.953441 0.000121 119.954778 0.000060 : 119.955119 ]
[119.955s][info][gc       ] [SYSINFO 8457 195 63 0 7912 0 16 0 0 6942 : - - - - - - - - : 0 7168 : 2.70 2.71 2.00 : 271935 4216652 : 0 0 : 26 0 : 2445 2 0 267 : - 8566652928 583921664 1094295552 7200940032 203833344 66772992 : 139899904 24639420 503960 0 0 0 : 119.955339 ]
[119.955s][info][gc       ] [HUGEPAGESTAT 0 0 0 - 83087 0 0 : 397312 0 0 : 119.955339 ]
[119.955s][info][gc       ] [OBJCREAT 367528240 25544 18407424 : 119.955390 ]
[119.955s][info][gc       ] [HMSV All : 0 0 110 0 0 0 0 0 : 6158 0 0 0 : 119.955404 ]
[119.955s][info][gc       ] [HMSP 60 : 51112 0 : 119.955404 ]
[119.956s][info][gc       ] [VMAC 65530 170 24 492 686 : 119.955840 ]
[120.177s][info][gc       ] [GPGC-H  3528.9 386.4 0.2 0.0 : 20.1 : 0.000 0.000 : 0.000 0.000 0.753 1.418 : 0.000 0.000 0.000 0.000 1.811 0.608 : 0.000 : 94.050 : 1068 1798 28 0 : 2275 : 5720 5428 : 120.176722 : 9 Next_heuristic_check_may_be_too_late ]
[120.179s][info][safepoint] Application time: 0.2241753 seconds
[120.180s][info][safepoint] Total time for which application threads were stopped: 0.0003311 seconds, Stopping threads took: 0.0000006 seconds
[120.180s][info][gc       ] [SPS 0.000 0.026 0.006 0.008 0.001 0.001 0.000 0.289 0.032 0.331 NewGC_pause1 120.179362 ]
[120.229s][info][safepoint] Application time: 0.0493229 seconds
[120.229s][info][safepoint] Total time for which application threads were stopped: 0.0001727 seconds, Stopping threads took: 0.0000004 seconds
[120.230s][info][gc       ] [SPS 0.000 0.001 0.000 0.005 0.000 0.001 0.000 0.149 0.017 0.173 NewGC_pause2 120.228858 ]
[120.231s][info][safepoint] Application time: 0.0018505 seconds
[120.231s][info][safepoint] Total time for which application threads were stopped: 0.0000526 seconds, Stopping threads took: 0.0000003 seconds
[120.231s][info][gc       ] [SPS 0.000 0.000 0.000 0.005 0.000 0.001 0.000 0.035 0.012 0.053 NewGC_pause3 120.230761 ]
[120.232s][info][safepoint] Application time: 0.0011725 seconds
[120.232s][info][safepoint] Total time for which application threads were stopped: 0.0000583 seconds, Stopping threads took: 0.0000004 seconds
[120.232s][info][gc       ] [SPS 0.000 0.002 0.002 0.005 0.000 0.001 0.000 0.039 0.021 0.067 NewGC_pause4 120.232000 ]
[120.232s][info][gc       ] [GC New Max 319-292 : 6356 3370 2300 6356 - - 1013 20 2 2 - : 182 1798 28 292 1252 : 178 4 1073 1073 0 : 0 1 89 0 91 - 0 : 0.222026 3819.4 0.0 0.055106 3339.0 0.0 : 5 --c 0000 : 23 0 0.000 0.000 0 0.000 0.000 0 0.000 0.000 : 120.177145 120.179031 0.000199 120.228685 0.000099 120.230709 0.000038 120.231934 0.000042 : 120.232251 ]
[120.232s][info][gc       ] [SYSINFO 8457 195 63 0 7912 0 16 0 0 6942 : - - - - - - - - : 0 7168 : 2.70 2.71 2.00 : 271935 4216652 : 0 0 : 26 0 : 2445 2 0 267 : - 8566685696 583921664 1094328320 7200940032 203833344 66772992 : 139899904 24639910 503970 0 0 0 : 120.232455 ]
[120.232s][info][gc       ] [HUGEPAGESTAT 0 0 0 - 83087 0 0 : 413696 0 0 : 120.232455 ]
[120.232s][info][gc       ] [OBJCREAT 368548901 25544 18407424 : 120.232493 ]
[120.233s][info][gc       ] [HMSV All : 0 0 110 0 0 0 0 0 : 6158 0 0 0 : 120.232506 ]
[120.233s][info][gc       ] [HMSP 60 : 51112 0 : 120.232506 ]
[120.233s][info][gc       ] [VMAC 65530 170 24 492 686 : 120.232903 ]
[121.018s][info][gc       ] [GPGC-H  3528.9 386.4 0.2 0.0 : 20.1 : 0.000 0.000 : 0.055 0.000 0.753 1.418 : 0.000 0.000 0.198 0.000 1.811 0.608 : 0.000 : 93.813 : 3240 1798 30 0 : 2275 : 5720 5428 : 121.017634 : 9 Next_heuristic_check_may_be_too_late ]
[121.022s][info][safepoint] Application time: 0.7896602 seconds
[121.022s][info][safepoint] Total time for which application threads were stopped: 0.0002827 seconds, Stopping threads took: 0.0000005 seconds
[121.023s][info][gc       ] [SPS 0.000 0.003 0.002 0.006 0.000 0.001 0.000 0.254 0.022 0.282 NewGC_pause1 121.021935 ]
[121.071s][info][safepoint] Application time: 0.0486550 seconds
[121.071s][info][safepoint] Total time for which application threads were stopped: 0.0000927 seconds, Stopping threads took: 0.0000004 seconds
[121.071s][info][gc       ] [SPS 0.000 0.001 0.000 0.006 0.000 0.001 0.000 0.074 0.012 0.093 NewGC_pause2 121.070683 ]
[121.072s][info][safepoint] Application time: 0.0010811 seconds
[121.072s][info][safepoint] Total time for which application threads were stopped: 0.0000908 seconds, Stopping threads took: 0.0000004 seconds
[121.072s][info][gc       ] [SPS 0.000 0.000 0.000 0.006 0.000 0.001 0.000 0.073 0.011 0.091 NewGC_pause3 121.071855 ]
[121.073s][info][safepoint] Application time: 0.0015096 seconds
[121.074s][info][safepoint] Total time for which application threads were stopped: 0.0000635 seconds, Stopping threads took: 0.0000004 seconds
[121.074s][info][gc       ] [SPS 0.000 0.003 0.002 0.011 0.000 0.001 0.000 0.039 0.013 0.063 NewGC_pause4 121.073428 ]
[121.074s][info][gc       ] [GC New Max 320-293 : 6356 5550 2304 6356 - - 1013 20 2 2 - : 184 1798 30 292 3430 : 178 4 3251 3251 0 : 0 1 89 0 92 - 0 : 0.785916 3893.5 2.5 0.055589 3453.9 0.0 : 5 --c 0000 : 23 0 0.000 0.000 0 0.000 0.000 0 0.000 0.000 : 121.018167 121.021653 0.000258 121.070590 0.000078 121.071764 0.000077 121.073364 0.000047 : 121.073756 ]
[121.074s][info][gc       ] [SYSINFO 8457 195 63 0 7912 0 16 0 0 6942 : - - - - - - - - : 0 7168 : 2.70 2.71 2.00 : 271935 4216652 : 0 0 : 26 0 : 2445 3 0 267 : - 8566685696 583921664 1094328320 7200940032 203833344 66772992 : 139899904 24640980 504030 0 0 0 : 121.073965 ]
[121.074s][info][gc       ] [HUGEPAGESTAT 0 0 0 - 83087 0 0 : 413696 0 0 : 121.073965 ]
[121.074s][info][gc       ] [OBJCREAT 371771507 25544 18407424 : 121.074004 ]
[121.074s][info][gc       ] [HMSV All : 0 0 110 0 0 0 0 0 : 6158 0 0 0 : 121.074018 ]
[121.074s][info][gc       ] [HMSP 60 : 51112 0 : 121.074018 ]
[121.074s][info][gc       ] [VMAC 65530 170 24 492 686 : 121.074428 ]
[121.860s][info][gc       ] [GPGC-H  3682.9 377.5 0.2 0.0 : 19.7 : 0.000 0.000 : 0.055 0.000 0.753 1.418 : 0.000 0.000 0.198 0.000 1.811 0.608 : 0.000 : 92.970 : 3216 1798 30 0 : 2275 : 5720 5428 : 121.859643 : 9 Next_heuristic_check_may_be_too_late ]
[121.864s][info][safepoint] Application time: 0.7906669 seconds
[121.865s][info][safepoint] Total time for which application threads were stopped: 0.0002798 seconds, Stopping threads took: 0.0000004 seconds
[121.865s][info][gc       ] [SPS 0.000 0.003 0.003 0.006 0.000 0.001 0.000 0.239 0.033 0.280 NewGC_pause1 121.864375 ]
[121.921s][info][safepoint] Application time: 0.0561784 seconds
[121.921s][info][safepoint] Total time for which application threads were stopped: 0.0001813 seconds, Stopping threads took: 0.0000004 seconds
[121.922s][info][gc       ] [SPS 0.000 0.001 0.000 0.006 0.000 0.001 0.000 0.155 0.019 0.181 NewGC_pause2 121.920735 ]
[121.922s][info][safepoint] Application time: 0.0014582 seconds
[121.923s][info][safepoint] Total time for which application threads were stopped: 0.0000512 seconds, Stopping threads took: 0.0000004 seconds
[121.923s][info][gc       ] [SPS 0.000 0.000 0.000 0.006 0.000 0.001 0.000 0.033 0.012 0.051 NewGC_pause3 121.922244 ]
[121.924s][info][safepoint] Application time: 0.0014821 seconds
[121.924s][info][safepoint] Total time for which application threads were stopped: 0.0000658 seconds, Stopping threads took: 0.0000004 seconds
[121.924s][info][gc       ] [SPS 0.000 0.016 0.002 0.006 0.000 0.001 0.000 0.040 0.019 0.066 NewGC_pause4 121.923792 ]
[121.924s][info][gc       ] [GC New Max 321-294 : 6356 5558 2336 6356 - - 1013 20 2 2 - : 216 1798 30 292 3438 : 210 4 3227 3227 0 : 0 1 105 0 108 - 0 : 0.786427 3858.0 0.0 0.063981 3501.0 0.0 : 5 --c 0000 : 23 0 0.000 0.000 0 0.000 0.000 0 0.000 0.000 : 121.860183 121.864095 0.000210 121.920553 0.000066 121.922193 0.000036 121.923726 0.000044 : 121.924164 ]
[121.924s][info][gc       ] [SYSINFO 8457 195 63 0 7912 0 16 0 0 6942 : - - - - - - - - : 0 7168 : 2.70 2.71 2.00 : 271935 4216652 : 0 0 : 26 0 : 2445 2 0 267 : - 8566685696 583921664 1094328320 7200940032 203833344 66772992 : 139899904 24642080 504130 0 0 0 : 121.924376 ]
[121.924s][info][gc       ] [HUGEPAGESTAT 0 0 0 - 83087 0 0 : 413696 0 0 : 121.924376 ]
[121.924s][info][gc       ] [OBJCREAT 374999712 25544 18407424 : 121.924416 ]
[121.924s][info][gc       ] [HMSV All : 0 0 110 0 0 0 0 0 : 6158 0 0 0 : 121.924430 ]
[121.924s][info][gc       ] [HMSP 60 : 51112 0 : 121.924430 ]
[121.925s][info][gc       ] [VMAC 65530 170 24 492 686 : 121.924916 ]
[122.690s][info][gc       ] [GPGC-H  3682.9 377.5 0.2 0.0 : 19.7 : 0.000 0.000 : 0.064 0.000 0.753 1.418 : 0.000 0.000 0.205 0.000 1.811 0.608 : 0.000 : 92.134 : 3202 1798 30 0 : 2275 : 5720 5428 : 122.690069 : 9 Next_heuristic_check_may_be_too_late ]
[122.694s][info][safepoint] Application time: 0.7703506 seconds
[122.695s][info][safepoint] Total time for which application threads were stopped: 0.0002866 seconds, Stopping threads took: 0.0000004 seconds
[122.695s][info][gc       ] [SPS 0.000 0.004 0.003 0.006 0.000 0.001 0.000 0.252 0.026 0.287 NewGC_pause1 122.694430 ]
[122.747s][info][safepoint] Application time: 0.0528450 seconds
[122.748s][info][safepoint] Total time for which application threads were stopped: 0.0002015 seconds, Stopping threads took: 0.0000004 seconds
[122.749s][info][gc       ] [SPS 0.000 0.001 0.000 0.006 0.000 0.001 0.000 0.173 0.021 0.202 NewGC_pause2 122.747476 ]
[122.749s][info][safepoint] Application time: 0.0017228 seconds
[122.749s][info][safepoint] Total time for which application threads were stopped: 0.0000534 seconds, Stopping threads took: 0.0000004 seconds
[122.750s][info][gc       ] [SPS 0.000 0.000 0.000 0.006 0.000 0.001 0.000 0.033 0.013 0.053 NewGC_pause3 122.749252 ]
[122.751s][info][safepoint] Application time: 0.0015687 seconds
[122.751s][info][safepoint] Total time for which application threads were stopped: 0.0000617 seconds, Stopping threads took: 0.0000004 seconds
[122.751s][info][gc       ] [SPS 0.000 0.003 0.002 0.006 0.000 0.001 0.000 0.040 0.014 0.062 NewGC_pause4 122.750883 ]
[122.751s][info][gc       ] [GC New Max 322-295 : 6356 5518 2310 6356 - - 1013 20 2 2 - : 190 1798 30 292 3398 : 184 4 3213 3213 0 : 0 1 92 0 95 - 0 : 0.766477 3898.4 0.0 0.060522 3271.5 0.0 : 5 --c 0000 : 23 0 0.000 0.000 0 0.000 0.000 0 0.000 0.000 : 122.690641 122.694143 0.000220 122.747275 0.000136 122.749199 0.000036 122.750821 0.000044 : 122.751163 ]
[122.751s][info][gc       ] [SYSINFO 8457 195 63 0 7912 0 16 0 0 6942 : - - - - - - - - : 0 7168 : 2.57 2.68 1.99 : 271935 4216652 : 0 0 : 26 0 : 2445 2 0 267 : - 8566685696 583921664 1094328320 7200940032 203833344 66772992 : 139899904 24643150 504260 0 0 0 : 122.751373 ]
[122.751s][info][gc       ] [HUGEPAGESTAT 0 0 0 - 83087 0 0 : 413696 0 0 : 122.751373 ]
[122.751s][info][gc       ] [OBJCREAT 378156644 25544 18407424 : 122.751411 ]
[122.751s][info][gc       ] [HMSV All : 0 0 110 0 0 0 0 0 : 6158 0 0 0 : 122.751426 ]
[122.751s][info][gc       ] [HMSP 60 : 51112 0 : 122.751426 ]
[122.752s][info][gc       ] [VMAC 65530 170 24 492 686 : 122.751832 ]
[123.537s][info][gc       ] [GPGC-H  3682.9 368.8 0.2 0.0 : 19.2 : 0.000 0.000 : 0.064 0.000 0.753 1.418 : 0.000 0.000 0.207 0.000 1.811 0.608 : 0.000 : 91.328 : 3222 1798 30 0 : 2275 : 5720 5428 : 123.536789 : 9 Next_heuristic_check_may_be_too_late ]
[123.541s][info][safepoint] Application time: 0.7903168 seconds
[123.542s][info][safepoint] Total time for which application threads were stopped: 0.0002556 seconds, Stopping threads took: 0.0000004 seconds
[123.542s][info][gc       ] [SPS 0.000 0.003 0.003 0.006 0.000 0.001 0.000 0.212 0.037 0.256 NewGC_pause1 123.541456 ]
[123.596s][info][safepoint] Application time: 0.0542912 seconds
[123.596s][info][safepoint] Total time for which application threads were stopped: 0.0001349 seconds, Stopping threads took: 0.0000005 seconds
[123.597s][info][gc       ] [SPS 0.000 0.001 0.000 0.006 0.000 0.001 0.000 0.095 0.032 0.134 NewGC_pause2 123.595882 ]
[123.598s][info][safepoint] Application time: 0.0018095 seconds
[123.598s][info][safepoint] Total time for which application threads were stopped: 0.0000952 seconds, Stopping threads took: 0.0000004 seconds
[123.598s][info][gc       ] [SPS 0.000 0.000 0.000 0.006 0.000 0.001 0.000 0.075 0.013 0.095 NewGC_pause3 123.597786 ]
[123.599s][info][safepoint] Application time: 0.0015836 seconds
[123.600s][info][safepoint] Total time for which application threads were stopped: 0.0000772 seconds, Stopping threads took: 0.0000005 seconds
[123.600s][info][gc       ] [SPS 0.000 0.004 0.003 0.006 0.000 0.001 0.000 0.051 0.018 0.077 NewGC_pause4 123.599447 ]
[123.600s][info][gc       ] [GC New Max 323-296 : 6356 5498 2270 6356 - - 1013 20 2 2 - : 150 1798 30 292 3378 : 144 4 3232 3232 0 : 0 1 72 0 75 - 0 : 0.786147 3859.3 0.0 0.062461 2529.6 0.0 : 5 --c 0000 : 23 0 0.000 0.000 0 0.000 0.000 0 0.000 0.000 : 123.537310 123.541200 0.000157 123.595747 0.000100 123.597691 0.000079 123.599370 0.000055 : 123.599772 ]
[123.600s][info][gc       ] [SYSINFO 8457 195 63 0 7912 0 16 0 0 6942 : - - - - - - - - : 0 7168 : 2.57 2.68 1.99 : 271935 4216652 : 0 0 : 26 0 : 2445 2 0 267 : - 8566685696 583921664 1094328320 7200940032 203833344 66772992 : 139899904 24644270 504360 0 0 0 : 123.599993 ]
[123.600s][info][gc       ] [HUGEPAGESTAT 0 0 0 - 83087 0 0 : 413696 0 0 : 123.599993 ]
[123.600s][info][gc       ] [OBJCREAT 381320786 25544 18407424 : 123.600034 ]
[123.600s][info][gc       ] [HMSV All : 0 0 110 0 0 0 0 0 : 6158 0 0 0 : 123.600048 ]
[123.600s][info][gc       ] [HMSP 60 : 51112 0 : 123.600048 ]
[123.601s][info][gc       ] [VMAC 65530 170 24 492 686 : 123.600518 ]
[124.204s][info][gc       ] [GPGC-H  3682.8 368.8 0.2 0.0 : 19.2 : 0.000 0.000 : 0.064 0.000 0.753 1.418 : 0.000 0.000 0.207 0.000 1.811 0.608 : 0.000 : 90.509 : 3198 1798 30 0 : 2275 : 5720 5428 : 124.203935 : 9 Next_heuristic_check_may_be_too_late ]
[124.209s][info][safepoint] Application time: 0.6089234 seconds
[124.209s][info][safepoint] Total time for which application threads were stopped: 0.0001829 seconds, Stopping threads took: 0.0000005 seconds
[124.209s][info][gc       ] [SPS 0.000 0.004 0.003 0.007 0.000 0.001 0.000 0.159 0.015 0.183 NewGC_pause1 124.208554 ]
[124.399s][info][safepoint] Application time: 0.1905637 seconds
[124.400s][info][safepoint] Total time for which application threads were stopped: 0.0001157 seconds, Stopping threads took: 0.0000004 seconds
[124.400s][info][gc       ] [SPS 0.000 0.001 0.000 0.006 0.000 0.001 0.000 0.094 0.014 0.116 NewGC_pause2 124.399233 ]
[124.400s][info][safepoint] Application time: 0.0011503 seconds
[124.401s][info][safepoint] Total time for which application threads were stopped: 0.0000871 seconds, Stopping threads took: 0.0000004 seconds
[124.401s][info][gc       ] [SPS 0.000 0.001 0.000 0.007 0.000 0.001 0.000 0.076 0.003 0.087 NewGC_pause3 124.400471 ]
[124.402s][info][safepoint] Application time: 0.0014820 seconds
[124.402s][info][safepoint] Total time for which application threads were stopped: 0.0000683 seconds, Stopping threads took: 0.0000005 seconds
[124.402s][info][gc       ] [SPS 0.000 0.004 0.002 0.006 0.000 0.001 0.000 0.046 0.015 0.068 NewGC_pause4 124.402021 ]
[124.403s][info][gc       ] [GC New Max 324-297 : 6356 6014 3892 6356 - - 1013 20 2 2 - : 1772 1798 30 292 3894 : 1765 6 2235 2235 0 : 0 0 390 0 769 - 117 : 0.604733 5046.9 0.0 0.197775 4055.1 0.0 : 5 --c 0000 : 23 5170 0.000 0.020 0 0.000 0.000 5170 0.000 0.020 : 124.204505 124.208371 0.000164 124.399118 0.000098 124.400384 0.000080 124.401953 0.000049 : 124.402280 ]
[124.403s][info][gc       ] [SYSINFO 8457 195 63 0 7912 0 16 0 0 6942 : - - - - - - - - : 0 7168 : 2.57 2.68 1.99 : 271935 4216692 : 0 0 : 31 0 : 2445 2 0 267 : - 8566685696 583921664 1094328320 7200940032 203833344 66772992 : 139899904 24645970 504410 0 0 0 : 124.402540 ]
[124.403s][info][gc       ] [HUGEPAGESTAT 0 0 0 - 83087 0 0 : 413696 0 0 : 124.402540 ]
[124.403s][info][gc       ] [OBJCREAT 385141020 25544 18407424 : 124.402586 ]
[124.403s][info][gc       ] [HMSV All : 0 0 120 0 0 0 0 0 : 6192 0 0 0 : 124.402601 ]
[124.403s][info][gc       ] [HMSP 60 : 51112 0 : 124.402601 ]
[124.403s][info][gc       ] [VMAC 65530 170 24 492 686 : 124.403082 ]
[125.007s][info][gc       ] [GPGC-H  4175.8 368.8 0.2 0.0 : 19.2 : 0.000 0.000 : 0.198 0.000 0.753 1.418 : 0.000 0.000 0.346 0.000 1.811 0.608 : 0.000 : 89.901 : 2364 1798 30 0 : 2275 : 5720 5428 : 125.007081 : 9 Next_heuristic_check_may_be_too_late ]
[125.011s][info][safepoint] Application time: 0.6089895 seconds
[125.012s][info][safepoint] Total time for which application threads were stopped: 0.0003325 seconds, Stopping threads took: 0.0000012 seconds
[125.012s][info][gc       ] [SPS 0.000 0.003 0.003 0.006 0.001 0.001 0.000 0.291 0.034 0.333 NewGC_pause1 125.011344 ]
[125.301s][info][safepoint] Application time: 0.2897672 seconds
[125.301s][info][safepoint] Total time for which application threads were stopped: 0.0000662 seconds, Stopping threads took: 0.0000005 seconds
[125.302s][info][gc       ] [SPS 0.000 0.002 0.000 0.007 0.000 0.001 0.000 0.043 0.015 0.066 NewGC_pause2 125.301177 ]
[125.302s][info][safepoint] Application time: 0.0008470 seconds
[125.302s][info][safepoint] Total time for which application threads were stopped: 0.0000633 seconds, Stopping threads took: 0.0000005 seconds
[125.302s][info][gc       ] [SPS 0.000 0.001 0.000 0.007 0.000 0.001 0.000 0.040 0.015 0.064 NewGC_pause3 125.302087 ]
[125.313s][info][safepoint] Application time: 0.0112642 seconds
[125.314s][info][safepoint] Total time for which application threads were stopped: 0.0000784 seconds, Stopping threads took: 0.0000005 seconds
[125.314s][info][gc       ] [SPS 0.000 0.004 0.004 0.006 0.000 0.001 0.000 0.056 0.015 0.078 NewGC_pause4 125.313430 ]
[125.403s][info][gc       ] [GC New Max 325-298 : 6356 5354 5070 6356 - - 1013 20 2 2 - : 2950 1798 30 292 3234 : 2624 14 605 605 98 : 0 288 431 0 1420 - 55 : 0.605347 981.3 0.0 0.394945 2734.6 0.0 : 8 --c 0000 : 23 0 0.000 0.000 0 0.000 0.000 0 0.000 0.000 : 125.007626 125.011011 0.000250 125.301111 0.000045 125.302024 0.000042 125.313352 0.000060 : 125.402571 ]
[125.403s][info][gc       ] [SYSINFO 8457 195 63 0 7912 0 16 0 0 6942 : - - - - - - - - : 0 7168 : 2.57 2.68 1.99 : 271935 4216692 : 0 0 : 31 0 : 2445 2 0 267 : - 8566685696 583921664 1094328320 7200940032 203833344 66772992 : 139899904 24650150 504540 0 0 0 : 125.402838 ]
[125.403s][info][gc       ] [HUGEPAGESTAT 0 0 0 - 83087 0 0 : 413696 0 0 : 125.402838 ]
[125.403s][info][gc       ] [OBJCREAT 386799724 25544 18407424 : 125.402910 ]
[125.403s][info][gc       ] [HMSV All : 0 0 120 0 0 0 0 0 : 6192 0 0 0 : 125.402924 ]
[125.403s][info][gc       ] [HMSP 60 : 51112 0 : 125.402924 ]
[125.403s][info][gc       ] [VMAC 65530 170 24 492 686 : 125.403367 ]
[125.464s][info][gc       ] [GPGC-H  4175.8 359.7 0.2 0.0 : 18.7 : 0.395 0.000 : 0.200 0.000 0.753 1.418 : 2.945 0.000 0.346 0.000 1.811 0.608 : 0.000 : 89.322 : 3158 1798 30 0 : 2275 : 5720 5428 : 125.464099 : 9 Next_heuristic_check_may_be_too_late ]
[125.469s][info][safepoint] Application time: 0.1548148 seconds
[125.469s][info][safepoint] Total time for which application threads were stopped: 0.0002691 seconds, Stopping threads took: 0.0000004 seconds
[125.469s][info][gc       ] [SPS 0.000 0.003 0.002 0.006 0.000 0.001 0.000 0.249 0.013 0.269 NewGC_pause1 125.468514 ]
[125.896s][info][safepoint] Application time: 0.4275272 seconds
[125.896s][info][safepoint] Total time for which application threads were stopped: 0.0000649 seconds, Stopping threads took: 0.0000005 seconds
[125.897s][info][gc       ] [SPS 0.000 0.001 0.000 0.005 0.000 0.001 0.000 0.042 0.016 0.065 NewGC_pause2 125.896106 ]
[125.897s][info][safepoint] Application time: 0.0011574 seconds
[125.898s][info][safepoint] Total time for which application threads were stopped: 0.0001843 seconds, Stopping threads took: 0.0000004 seconds
[125.898s][info][gc       ] [SPS 0.000 0.001 0.000 0.006 0.000 0.001 0.000 0.155 0.022 0.184 NewGC_pause3 125.897448 ]
[125.899s][info][safepoint] Application time: 0.0015199 seconds
[125.899s][info][safepoint] Total time for which application threads were stopped: 0.0000772 seconds, Stopping threads took: 0.0000005 seconds
[125.899s][info][gc       ] [SPS 0.000 0.003 0.003 0.007 0.001 0.001 0.000 0.053 0.016 0.077 NewGC_pause4 125.899045 ]
[125.900s][info][gc       ] [GC New Max 326-299 : 6356 6136 4848 6356 - - 1013 20 2 2 - : 2728 1798 30 292 4016 : 2613 13 1389 1389 0 : 0 5 424 0 1309 - 55 : 0.062187 3376.9 0.0 0.435078 1981.3 0.0 : 5 --c 0000 : 23 8949 0.000 0.000 0 0.000 0.000 8949 0.000 0.000 : 125.464759 125.468245 0.000252 125.896041 0.000043 125.897264 0.000045 125.898968 0.000055 : 125.899837 ]
[125.900s][info][gc       ] [SYSINFO 8457 195 63 0 7912 0 16 0 0 6942 : - - - - - - - - : 0 7168 : 2.57 2.68 1.99 : 271935 4216692 : 0 0 : 31 0 : 2445 2 0 267 : - 8566685696 583921664 1094328320 7200940032 203833344 66772992 : 139899904 24652750 504560 0 0 0 : 125.900077 ]
[125.900s][info][gc       ] [HUGEPAGESTAT 0 0 0 - 83087 0 0 : 413696 0 0 : 125.900077 ]
[125.900s][info][gc       ] [OBJCREAT 387871153 25544 18407424 : 125.900128 ]
[125.900s][info][gc       ] [HMSV All : 0 0 120 0 0 0 0 0 : 6192 0 0 0 : 125.900148 ]
[125.900s][info][gc       ] [HMSP 60 : 51112 0 : 125.900148 ]
[125.900s][info][gc       ] [GPGC-H  4141.2 359.7 0.2 0.0 : 18.7 : 0.399 0.000 : 0.435 0.000 0.753 1.418 : 2.945 0.000 0.722 0.000 1.811 0.608 : 0.000 : 89.311 : 2730 1798 30 0 : 2275 : 5720 5428 : 125.900437 : 9 Next_heuristic_check_may_be_too_late ]
[125.901s][info][gc       ] [VMAC 65530 170 24 492 686 : 125.900704 ]
[125.904s][info][safepoint] Application time: 0.0043477 seconds
[125.904s][info][safepoint] Total time for which application threads were stopped: 0.0001563 seconds, Stopping threads took: 0.0000005 seconds
[125.904s][info][gc       ] [SPS 0.000 0.002 0.002 0.006 0.000 0.001 0.000 0.126 0.023 0.156 NewGC_pause1 125.903549 ]
[126.215s][info][safepoint] Application time: 0.3115922 seconds
[126.216s][info][safepoint] Total time for which application threads were stopped: 0.0000788 seconds, Stopping threads took: 0.0000006 seconds
[126.216s][info][gc       ] [SPS 0.000 0.002 0.000 0.007 0.001 0.001 0.000 0.050 0.020 0.079 NewGC_pause2 126.215221 ]
[126.217s][info][safepoint] Application time: 0.0013684 seconds
[126.217s][info][safepoint] Total time for which application threads were stopped: 0.0000810 seconds, Stopping threads took: 0.0000005 seconds
[126.217s][info][gc       ] [SPS 0.000 0.000 0.000 0.007 0.000 0.001 0.000 0.054 0.019 0.081 NewGC_pause3 126.216670 ]
[126.221s][info][safepoint] Application time: 0.0038714 seconds
[126.221s][info][safepoint] Total time for which application threads were stopped: 0.0000770 seconds, Stopping threads took: 0.0000005 seconds
[126.221s][info][gc       ] [SPS 0.000 0.004 0.002 0.006 0.000 0.001 0.000 0.051 0.018 0.077 NewGC_pause4 126.220618 ]
[126.245s][info][gc       ] [GC New Max 327-300 : 6356 5658 4836 6356 - - 1013 20 2 2 - : 2716 1798 30 292 3538 : 2565 15 961 961 0 : 0 81 400 0 1303 - 55 : 0.000745 5372.5 0.0 0.344169 2498.8 0.0 : 8 --c 0000 : 23 0 0.000 0.000 0 0.000 0.000 0 0.000 0.000 : 125.900581 125.903393 0.000129 126.215142 0.000053 126.216589 0.000048 126.220542 0.000054 : 126.244751 ]
[126.245s][info][gc       ] [SYSINFO 8457 195 63 0 7912 0 16 0 0 6942 : - - - - - - - - : 0 7168 : 2.57 2.68 1.99 : 271935 4216692 : 0 0 : 31 0 : 2445 2 0 267 : - 8566685696 583921664 1094328320 7200940032 203833344 66772992 : 139899904 24655800 504590 0 0 0 : 126.245067 ]
[126.245s][info][gc       ] [HUGEPAGESTAT 0 0 0 - 83087 0 0 : 413696 0 0 : 126.245067 ]
[126.245s][info][gc       ] [OBJCREAT 388725996 25544 18407424 : 126.245116 ]
[126.245s][info][gc       ] [HMSV All : 0 0 120 0 0 0 0 0 : 6192 0 0 0 : 126.245133 ]
[126.245s][info][gc       ] [HMSP 60 : 51112 0 : 126.245133 ]
[126.246s][info][gc       ] [VMAC 65530 170 24 492 686 : 126.245642 ]
[126.246s][info][gc       ] [GPGC-H  4141.2 359.7 0.2 0.0 : 18.7 : 0.395 0.000 : 0.439 0.000 0.753 1.418 : 2.943 0.000 0.722 0.000 1.811 0.608 : 0.000 : 99.784 : 2720 1798 30 0 : 2275 : 5720 5428 : 126.245968 : 9 Next_heuristic_check_may_be_too_late ]
[126.250s][info][safepoint] Application time: 0.0290789 seconds
[126.250s][info][safepoint] Total time for which application threads were stopped: 0.0001683 seconds, Stopping threads took: 0.0000005 seconds
[126.250s][info][gc       ] [SPS 0.000 0.003 0.007 0.007 0.000 0.001 0.000 0.127 0.034 0.168 NewGC_pause1 126.249866 ]
[126.596s][info][safepoint] Application time: 0.3455511 seconds
[126.596s][info][safepoint] Total time for which application threads were stopped: 0.0000783 seconds, Stopping threads took: 0.0000005 seconds
[126.596s][info][gc       ] [SPS 0.000 0.001 0.000 0.009 0.001 0.001 0.000 0.043 0.024 0.078 NewGC_pause2 126.595495 ]
[126.597s][info][safepoint] Application time: 0.0012758 seconds
[126.597s][info][safepoint] Total time for which application threads were stopped: 0.0000751 seconds, Stopping threads took: 0.0000053 seconds
[126.597s][info][gc       ] [SPS 0.000 0.001 0.000 0.007 0.005 0.001 0.000 0.047 0.015 0.075 NewGC_pause3 126.596846 ]
[126.608s][info][safepoint] Application time: 0.0113191 seconds
[126.609s][info][safepoint] Total time for which application threads were stopped: 0.0000743 seconds, Stopping threads took: 0.0000005 seconds
[126.609s][info][gc       ] [SPS 0.000 0.004 0.005 0.007 0.000 0.001 0.000 0.049 0.017 0.074 NewGC_pause4 126.608240 ]
[126.743s][info][gc       ] [GC New Max 328-301 : 6356 5864 5290 6356 - - 1013 20 2 2 - : 2550 2418 30 292 3744 : 2781 8 948 948 54 : 310 0 508 0 1220 - 55 : 0.001792 2232.7 0.0 0.496175 2684.5 0.0 : 8 --c 0000 : 23 703 0.000 0.000 0 0.000 0.000 703 0.000 0.000 : 126.246542 126.249698 0.000120 126.595417 0.000048 126.596771 0.000055 126.608166 0.000052 : 126.742717 ]
[126.743s][info][gc       ] [SYSINFO 8457 195 63 0 7912 0 16 0 0 6942 : - - - - - - - - : 0 7168 : 2.57 2.68 1.99 : 271935 4216692 : 0 0 : 31 0 : 2445 2 0 267 : - 8566685696 583921664 1094328320 7200940032 203833344 66772992 : 139899904 24660240 504610 0 0 0 : 126.743019 ]
[126.743s][info][gc       ] [HUGEPAGESTAT 0 0 0 - 83087 0 0 : 413696 0 0 : 126.743019 ]
[126.743s][info][gc       ] [OBJCREAT 390052570 25544 18950144 : 126.743072 ]
[126.743s][info][gc       ] [HMSV All : 0 0 120 0 0 0 0 0 : 6192 0 0 0 : 126.743092 ]
[126.743s][info][gc       ] [HMSP 60 : 51112 0 : 126.743092 ]
[126.744s][info][gc       ] [VMAC 65530 170 24 492 686 : 126.743642 ]
[126.744s][info][gc       ] [GPGC-H  4162.1 359.7 0.2 0.0 : 18.7 : 0.447 0.000 : 0.444 0.000 0.753 1.418 : 3.054 0.000 0.722 0.000 1.811 0.608 : 0.000 : 99.783 : 2554 2418 30 0 : 2275 : 5720 5428 : 126.743801 : 11 Old_headroom_use_exceeded_trigger ]
[126.750s][info][safepoint] Application time: 0.1419969 seconds
[126.751s][info][safepoint] Total time for which application threads were stopped: 0.0002024 seconds, Stopping threads took: 0.0000005 seconds
[126.751s][info][gc       ] [SPS 0.000 0.001 0.008 0.007 0.000 0.001 0.000 0.175 0.018 0.202 NewGC_pause1 126.750439 ]
[127.035s][info][safepoint] Application time: 0.2844482 seconds
[127.035s][info][safepoint] Total time for which application threads were stopped: 0.0001193 seconds, Stopping threads took: 0.0000005 seconds
[127.036s][info][gc       ] [SPS 0.000 0.001 0.000 0.007 0.000 0.001 0.001 0.095 0.015 0.119 NewGC_pause2 127.035007 ]
[127.038s][info][safepoint] Application time: 0.0028129 seconds
[127.038s][info][safepoint] Total time for which application threads were stopped: 0.0000658 seconds, Stopping threads took: 0.0000005 seconds
[127.038s][info][gc       ] [SPS 0.000 0.006 0.000 0.007 0.000 0.001 0.000 0.044 0.013 0.066 NewGC_pause3 127.037886 ]
[127.053s][info][safepoint] Application time: 0.0151359 seconds
[127.054s][info][safepoint] Total time for which application threads were stopped: 0.0001699 seconds, Stopping threads took: 0.0000005 seconds
[127.054s][info][gc       ] [SPS 0.000 0.057 0.015 0.007 0.000 0.001 0.000 0.137 0.025 0.170 NewGC_pause4 127.053192 ]
[127.354s][info][gc       ] [GC NTO Max 329-302 : 6356 5952 5358 6356 - - 1018 20 2 2 - : 1912 3124 30 292 3212 : 1812 6 1393 1393 11 : 353 0 323 0 956 - 0 : 0.001421 2815.5 0.0 0.609014 2367.8 0.0 : 8 --c 0001 : 23 3459 0.000 0.000 0 0.000 0.000 3459 0.000 0.000 : 126.744138 126.750237 0.000180 127.034888 0.000099 127.037820 0.000047 127.053022 0.000105 : 127.353152 ]
[127.354s][info][gc       ] [SYSINFO 8462 195 63 0 7917 0 16 0 0 6942 : - - - - - - - - : 0 7168 : 3.32 2.83 2.05 : 271935 4216692 : 0 0 : 31 0 : 2445 3 0 267 : - 8572903424 583921664 1100546048 7200940032 203833344 66772992 : 139899904 24665450 504720 0 0 0 : 127.353485 ]
[127.354s][info][gc       ] [HUGEPAGESTAT 0 0 0 - 83087 0 0 : 413696 0 0 : 127.353485 ]
[127.354s][info][gc       ] [OBJCREAT 391486930 25610 19673088 : 127.353548 ]
[127.354s][info][gc       ] [HMSV All : 0 0 120 0 0 0 0 0 : 6192 0 0 0 : 127.353577 ]
[127.354s][info][gc       ] [HMSP 60 : 51112 0 : 127.353577 ]
[127.354s][info][gc       ] [VMAC 65530 170 24 492 686 : 127.354146 ]
[127.354s][info][gc       ] [GPGC-H  4153.0 359.7 0.2 0.0 : 18.7 : 0.447 0.000 : 0.448 0.000 0.753 1.418 : 3.220 0.000 0.722 0.000 1.811 0.608 : 0.000 : 99.783 : 1914 3124 30 0 : 2275 : 5720 5428 : 127.354387 : 8 May_exceed_heap_occupancy_target ]
[127.355s][info][safepoint] Application time: 0.3005372 seconds
[127.355s][info][safepoint] Total time for which application threads were stopped: 0.0009075 seconds, Stopping threads took: 0.0000004 seconds
[127.355s][info][gc       ] [SPS 0.000 0.001 0.000 0.006 0.000 0.001 0.000 0.875 0.024 0.907 OldGC_pause2 127.354637 ]
[127.358s][info][safepoint] Application time: 0.0031095 seconds
[127.358s][info][safepoint] Total time for which application threads were stopped: 0.0000564 seconds, Stopping threads took: 0.0000004 seconds
[127.358s][info][gc       ] [SPS 0.000 0.000 0.000 0.006 0.000 0.001 0.000 0.036 0.013 0.056 OldGC_pause3 127.357803 ]
[127.362s][info][safepoint] Application time: 0.0037514 seconds
[127.362s][info][safepoint] Total time for which application threads were stopped: 0.0001241 seconds, Stopping threads took: 0.0000005 seconds
[127.362s][info][gc       ] [SPS 0.000 0.039 0.002 0.006 0.000 0.001 0.000 0.100 0.017 0.124 NewGC_pause1 127.361678 ]
[127.559s][info][safepoint] Application time: 0.1977608 seconds
[127.560s][info][safepoint] Total time for which application threads were stopped: 0.0000600 seconds, Stopping threads took: 0.0000004 seconds
[127.560s][info][gc       ] [SPS 0.000 0.001 0.000 0.006 0.000 0.001 0.000 0.038 0.015 0.060 NewGC_pause2 127.559499 ]
[127.561s][info][safepoint] Application time: 0.0010756 seconds
[127.561s][info][safepoint] Total time for which application threads were stopped: 0.0000655 seconds, Stopping threads took: 0.0000004 seconds
[127.561s][info][gc       ] [SPS 0.000 0.001 0.000 0.006 0.000 0.001 0.000 0.040 0.017 0.065 NewGC_pause3 127.560640 ]
[127.573s][info][safepoint] Application time: 0.0125493 seconds
[127.574s][info][safepoint] Total time for which application threads were stopped: 0.0001395 seconds, Stopping threads took: 0.0000004 seconds
[127.574s][info][gc       ] [SPS 0.000 0.004 0.011 0.007 0.000 0.001 0.000 0.105 0.026 0.139 NewGC_pause4 127.573329 ]
[127.673s][info][gc       ] [GC New Max 331-303 : 6356 5916 4704 6356 - - 1018 20 2 2 - : 856 3526 30 292 2470 : 1004 6 1464 1464 0 : 201 0 268 0 428 - 0 : 0.005875 2723.3 0.0 0.313915 2484.8 0.0 : 8 --c 0000 : 23 2170 0.000 0.000 0 0.000 0.000 2170 0.000 0.000 : 127.359027 127.361554 0.000102 127.559439 0.000039 127.560575 0.000043 127.573190 0.000050 : 127.672942 ]
[127.673s][info][gc       ] [SYSINFO 8463 195 63 0 7918 0 16 0 0 6942 : - - - - - - - - : 0 7168 : 3.32 2.83 2.05 : 271935 4216692 : 0 0 : 31 0 : 2445 3 0 267 : - 8573038592 583921664 1100681216 7200940032 203833344 66772992 : 139899904 24668190 504880 0 0 0 : 127.673203 ]
[127.673s][info][gc       ] [HUGEPAGESTAT 0 0 0 - 83087 0 0 : 413696 0 0 : 127.673203 ]
[127.673s][info][gc       ] [OBJCREAT 392275517 25610 20049920 : 127.673254 ]
[127.673s][info][gc       ] [HMSV All : 0 0 120 0 0 0 0 0 : 6192 0 0 0 : 127.673272 ]
[127.673s][info][gc       ] [HMSP 60 : 51112 0 : 127.673272 ]
[127.674s][info][gc       ] [VMAC 65530 170 24 492 686 : 127.673831 ]
[127.674s][info][gc       ] [GPGC-H  4143.9 706.6 0.2 0.0 : 18.3 : 0.446 0.000 : 0.452 0.000 0.753 1.418 : 3.219 0.000 0.722 0.000 1.811 0.608 : 0.000 : 99.782 : 860 3526 30 0 : 2275 : 5720 5428 : 127.673841 : 8 May_exceed_heap_occupancy_target ]
[127.676s][info][safepoint] Application time: 0.1024360 seconds
[127.676s][info][safepoint] Total time for which application threads were stopped: 0.0000865 seconds, Stopping threads took: 0.0000005 seconds
[127.676s][info][gc       ] [SPS 0.000 0.004 0.004 0.007 0.001 0.001 0.000 0.058 0.020 0.087 OldGC_pause4 127.675852 ]
[127.677s][info][gc       ] [GC Old Max 330-28 : 6356 6136 2922 6356 - - 1018 20 2 2 - : 868 1734 26 292 3558 : 1744 35 1792 1792 0 : 0 5 554 0 825 - 55 : 8.568563 63.7 0.2 0.931148 1153.4 0.0 : 3 --c 0000 : 23   -    -    -    -    -    -    -    -    -  : 126.745790 126.750237 0.000180 127.353729 0.000863 127.357746 0.000039 127.675766 0.000061 : 127.676938 ]
[127.677s][info][gc       ] [SYSINFO 8463 195 63 0 7918 0 16 0 0 6942 : - - - - - - - - : 0 7168 : 3.32 2.83 2.05 : 271935 4216692 : 0 0 : 31 0 : 2445 2 0 267 : - 8573038592 583921664 1100681216 7200940032 203833344 66772992 : 139899904 24668190 504880 0 0 0 : 127.677156 ]
[127.677s][info][gc       ] [HUGEPAGESTAT 0 0 0 - 83087 0 0 : 413696 0 0 : 127.677156 ]
[127.677s][info][gc       ] [OBJCREAT 392287411 25610 20049920 : 127.677201 ]
[127.677s][info][gc       ] [HMSV All : 0 0 120 0 0 0 0 0 : 6192 0 0 0 : 127.677221 ]
[127.677s][info][gc       ] [HMSP 60 : 51112 0 : 127.677221 ]
[127.677s][info][gc       ] [COMPSTATS 1 : 5 0 : 2 0 : 0 0 : 525 5 0 0 0 0 : 0 0 0 0 0 0 : 134 136 15 : 530 0 0 0 0 0 0 : 530 0 0 0 0 0 0 ]
[127.677s][info][gc       ] [COMPSTATS 2 : 5 0 : 1 0 : 0 0 : 129 11 0 0 0 0 : 0 0 0 0 0 0 : 48891 48995 9410 : 69 45 26 0 0 0 0 : 32 86 17 4 1 0 0 ]
[127.677s][info][gc       ] [DEOPTSTATS 1 : 1 0 : 0 0 : 0 0 : 0 0 : 0 12 : 0 0 : 0 0 : 0 0 : 0 0 : 0 0 : 0 0 : 0 0 : 0 0 : 0 0 : 0 0 : 0 0 : 0 0 : 0 0 : 0 0 : 0 0 : 0 0 : 0 0 : 0 0 : 0 0 : 0 0 : 0 0 : 0 0 : 0 0 : 0 0 : 0 0 : 6 0 : 0 0 : 0 0 : 0 0 : 0 0 : 0 0 : 0 0 : 0 0 : 0 0 : 0 0 : 0 0 : 0 0 ]
[127.677s][info][gc       ] [DEOPTSTATS 2 : 0 0 : 0 0 : 0 0 : 0 0 : 0 0 : 0 0 : 0 11 : 0 0 : 0 0 : 0 0 : 0 0 : 0 0 : 0 0 : 0 0 : 0 0 : 0 0 : 0 0 : 0 0 : 0 0 : 0 0 : 0 0 : 0 0 : 0 0 : 0 0 : 0 0 : 0 0 : 0 0 : 0 0 : 0 0 : 0 0 : 5 0 : 0 0 : 0 0 : 0 0 : 0 1 : 0 0 : 0 0 : 0 0 : 0 0 : 0 3 : 0 0 : 0 0 ]
[127.678s][info][gc       ] [CCF 0 0 0 0 32 181248: 3079168 : 380 196608 : 3 49152 : 317 311808 :  518 641536 : 120 416256 : 0 0 : 15 1228800 : 1 2048]
[127.678s][info][gc       ] [VMAC 65530 170 24 492 686 : 127.677832 ]
[127.680s][info][safepoint] Application time: 0.0039919 seconds
[127.680s][info][safepoint] Total time for which application threads were stopped: 0.0001963 seconds, Stopping threads took: 0.0000005 seconds
[127.680s][info][gc       ] [SPS 0.000 0.002 0.002 0.006 0.000 0.001 0.000 0.174 0.014 0.196 NewGC_pause1 127.680040 ]
[127.787s][info][safepoint] Application time: 0.1064555 seconds
[127.787s][info][safepoint] Total time for which application threads were stopped: 0.0001818 seconds, Stopping threads took: 0.0000004 seconds
[127.787s][info][gc       ] [SPS 0.000 0.001 0.000 0.007 0.000 0.001 0.000 0.140 0.033 0.182 NewGC_pause2 127.786678 ]
[127.789s][info][safepoint] Application time: 0.0018130 seconds
[127.789s][info][safepoint] Total time for which application threads were stopped: 0.0001524 seconds, Stopping threads took: 0.0000005 seconds
[127.789s][info][gc       ] [SPS 0.000 0.000 0.000 0.007 0.000 0.001 0.000 0.115 0.029 0.153 NewGC_pause3 127.788644 ]
[127.798s][info][safepoint] Application time: 0.0087835 seconds
[127.798s][info][safepoint] Total time for which application threads were stopped: 0.0000789 seconds, Stopping threads took: 0.0000005 seconds
[127.798s][info][gc       ] [SPS 0.000 0.005 0.010 0.008 0.000 0.001 0.000 0.050 0.019 0.079 NewGC_pause4 127.797506 ]
[127.831s][info][gc       ] [GC New Max 332-304 : 6356 4710 2506 6356 - - 1018 20 2 2 - : 374 1814 26 292 1166 : 369 4 795 795 0 : 40 1 145 0 187 - 0 : 0.005390 2968.7 0.0 0.151921 2475.0 0.0 : 8 --c 0000 : 23 0 0.000 0.000 0 0.000 0.000 0 0.000 0.000 : 127.678332 127.679844 0.000178 127.786496 0.000049 127.788491 0.000058 127.797427 0.000055 : 127.830253 ]
[127.831s][info][gc       ] [SYSINFO 8463 195 63 0 7918 0 16 0 0 6942 : - - - - - - - - : 0 7168 : 3.32 2.83 2.05 : 271935 4216692 : 0 0 : 31 0 : 2445 2 0 267 : - 8573038592 583921664 1100681216 7200940032 203833344 66772992 : 139899904 24669530 505000 0 0 0 : 127.830519 ]
[127.831s][info][gc       ] [HUGEPAGESTAT 0 0 0 - 83087 0 0 : 413696 0 0 : 127.830519 ]
[127.831s][info][gc       ] [OBJCREAT 392661976 25610 20131840 : 127.830573 ]
[127.831s][info][gc       ] [HMSV All : 0 0 120 0 0 0 0 0 : 6192 0 0 0 : 127.830594 ]
[127.831s][info][gc       ] [HMSP 60 : 51112 0 : 127.830594 ]
[127.831s][info][gc       ] [VMAC 65530 170 24 492 686 : 127.831178 ]
[128.012s][info][gc       ] [GPGC-H  4143.9 706.6 0.2 0.0 : 18.3 : 0.446 0.000 : 0.457 0.931 0.753 1.418 : 3.218 0.000 0.722 0.704 1.811 0.608 : 0.000 : 99.781 : 1032 1814 26 0 : 2275 : 5720 5428 : 128.011994 : 9 Next_heuristic_check_may_be_too_late ]
[128.015s][info][safepoint] Application time: 0.2171643 seconds
[128.015s][info][safepoint] Total time for which application threads were stopped: 0.0002409 seconds, Stopping threads took: 0.0000004 seconds
[128.016s][info][gc       ] [SPS 0.000 0.003 0.003 0.007 0.000 0.001 0.000 0.209 0.024 0.241 NewGC_pause1 128.014911 ]
[128.082s][info][safepoint] Application time: 0.0673221 seconds
[128.083s][info][safepoint] Total time for which application threads were stopped: 0.0001134 seconds, Stopping threads took: 0.0000004 seconds
[128.083s][info][gc       ] [SPS 0.000 0.002 0.000 0.006 0.000 0.001 0.000 0.089 0.017 0.113 NewGC_pause2 128.082347 ]
[128.084s][info][safepoint] Application time: 0.0016054 seconds
[128.084s][info][safepoint] Total time for which application threads were stopped: 0.0000531 seconds, Stopping threads took: 0.0000004 seconds
[128.084s][info][gc       ] [SPS 0.000 0.000 0.000 0.006 0.000 0.001 0.000 0.033 0.013 0.053 NewGC_pause3 128.084005 ]
[128.085s][info][safepoint] Application time: 0.0011468 seconds
[128.085s][info][safepoint] Total time for which application threads were stopped: 0.0000631 seconds, Stopping threads took: 0.0000005 seconds
[128.085s][info][gc       ] [SPS 0.000 0.002 0.002 0.006 0.000 0.001 0.000 0.041 0.014 0.063 NewGC_pause4 128.085215 ]
[128.086s][info][gc       ] [GC New Max 333-305 : 6356 3378 2344 6356 - - 1018 20 2 2 - : 212 1814 26 292 1246 : 206 4 1039 1039 0 : 0 1 103 0 106 - 0 : 0.182368 3619.1 0.0 0.072908 2962.6 0.0 : 8 --c 0000 : 23 0 0.000 0.000 0 0.000 0.000 0 0.000 0.000 : 128.012621 128.014670 0.000215 128.082233 0.000093 128.083952 0.000037 128.085152 0.000045 : 128.085529 ]
[128.086s][info][gc       ] [SYSINFO 8463 195 63 0 7918 0 16 0 0 6942 : - - - - - - - - : 0 7168 : 3.32 2.83 2.05 : 271935 4216692 : 0 0 : 31 0 : 2445 3 0 267 : - 8573038592 583921664 1100681216 7200940032 203833344 66772992 : 139899904 24670290 505070 0 0 0 : 128.085754 ]
[128.086s][info][gc       ] [HUGEPAGESTAT 0 0 0 - 83087 0 0 : 413696 0 0 : 128.085754 ]
[128.086s][info][gc       ] [OBJCREAT 393529578 25610 20131840 : 128.085796 ]
[128.086s][info][gc       ] [HMSV All : 0 0 120 0 0 0 0 0 : 6192 0 0 0 : 128.085812 ]
[128.086s][info][gc       ] [HMSP 60 : 51112 0 : 128.085812 ]
[128.086s][info][gc       ] [VMAC 65530 170 24 492 686 : 128.086240 ]
[128.328s][info][gc       ] [GPGC-H  4143.9 706.6 0.2 0.0 : 18.3 : 0.445 0.000 : 0.461 0.931 0.753 1.418 : 3.215 0.000 0.722 0.704 1.811 0.608 : 0.000 : 99.571 : 1098 1814 26 0 : 2275 : 5720 5428 : 128.327649 : 9 Next_heuristic_check_may_be_too_late ]
[128.331s][info][safepoint] Application time: 0.2450820 seconds
[128.331s][info][safepoint] Total time for which application threads were stopped: 0.0002375 seconds, Stopping threads took: 0.0000004 seconds
[128.331s][info][gc       ] [SPS 0.000 0.003 0.002 0.006 0.000 0.001 0.000 0.216 0.014 0.237 NewGC_pause1 128.330535 ]
[128.376s][info][safepoint] Application time: 0.0451347 seconds
[128.376s][info][safepoint] Total time for which application threads were stopped: 0.0001465 seconds, Stopping threads took: 0.0000004 seconds
[128.377s][info][gc       ] [SPS 0.000 0.001 0.000 0.006 0.000 0.001 0.000 0.119 0.021 0.146 NewGC_pause2 128.375816 ]
[128.377s][info][safepoint] Application time: 0.0015786 seconds
[128.378s][info][safepoint] Total time for which application threads were stopped: 0.0000541 seconds, Stopping threads took: 0.0000004 seconds
[128.378s][info][gc       ] [SPS 0.000 0.000 0.000 0.006 0.000 0.001 0.000 0.034 0.013 0.054 NewGC_pause3 128.377449 ]
[128.379s][info][safepoint] Application time: 0.0012763 seconds
[128.379s][info][safepoint] Total time for which application threads were stopped: 0.0000607 seconds, Stopping threads took: 0.0000005 seconds
[128.379s][info][gc       ] [SPS 0.000 0.002 0.002 0.006 0.000 0.001 0.000 0.040 0.014 0.061 NewGC_pause4 128.378786 ]
[128.379s][info][gc       ] [GC New Max 334-306 : 6356 3382 2282 6356 - - 1018 20 2 2 - : 150 1814 26 292 1250 : 146 4 1103 1103 0 : 0 1 73 0 75 - 0 : 0.242833 3656.8 0.0 0.050779 2993.4 0.0 : 8 --c 0000 : 23 0 0.000 0.000 0 0.000 0.000 0 0.000 0.000 : 128.328362 128.330298 0.000220 128.375670 0.000087 128.377395 0.000037 128.378725 0.000043 : 128.379141 ]
[128.379s][info][gc       ] [SYSINFO 8463 195 63 0 7918 0 16 0 0 6942 : - - - - - - - - : 0 7168 : 3.32 2.83 2.05 : 271935 4216692 : 0 0 : 31 0 : 2445 2 0 267 : - 8573038592 583921664 1100681216 7200940032 203833344 66772992 : 139899904 24670900 505100 0 0 0 : 128.379386 ]
[128.379s][info][gc       ] [HUGEPAGESTAT 0 0 0 - 83087 0 0 : 413696 0 0 : 128.379386 ]
[128.379s][info][gc       ] [OBJCREAT 394561505 25610 20131840 : 128.379431 ]
[128.379s][info][gc       ] [HMSV All : 0 0 120 0 0 0 0 0 : 6192 0 0 0 : 128.379450 ]
[128.379s][info][gc       ] [HMSP 60 : 51112 0 : 128.379450 ]
[128.380s][info][gc       ] [VMAC 65530 170 24 492 686 : 128.379890 ]
[128.621s][info][gc       ] [GPGC-H  4143.9 706.6 0.2 0.0 : 18.3 : 0.443 0.000 : 0.465 0.931 0.753 1.418 : 3.209 0.000 0.722 0.704 1.811 0.608 : 0.000 : 99.292 : 1044 1814 26 0 : 2275 : 5720 5428 : 128.621051 : 9 Next_heuristic_check_may_be_too_late ]
[128.624s][info][safepoint] Application time: 0.2452980 seconds
[128.625s][info][safepoint] Total time for which application threads were stopped: 0.0003795 seconds, Stopping threads took: 0.0000007 seconds
[128.625s][info][gc       ] [SPS 0.000 0.005 0.004 0.010 0.001 0.001 0.001 0.338 0.029 0.379 NewGC_pause1 128.624464 ]
[128.669s][info][safepoint] Application time: 0.0445759 seconds
[128.670s][info][safepoint] Total time for which application threads were stopped: 0.0000995 seconds, Stopping threads took: 0.0000004 seconds
[128.670s][info][gc       ] [SPS 0.000 0.001 0.000 0.006 0.000 0.001 0.000 0.080 0.013 0.099 NewGC_pause2 128.669139 ]
[128.671s][info][safepoint] Application time: 0.0016339 seconds
[128.671s][info][safepoint] Total time for which application threads were stopped: 0.0000948 seconds, Stopping threads took: 0.0000004 seconds
[128.671s][info][gc       ] [SPS 0.000 0.001 0.000 0.005 0.000 0.001 0.000 0.076 0.012 0.095 NewGC_pause3 128.670868 ]
[128.672s][info][safepoint] Application time: 0.0012706 seconds
[128.672s][info][safepoint] Total time for which application threads were stopped: 0.0000668 seconds, Stopping threads took: 0.0000004 seconds
[128.672s][info][gc       ] [SPS 0.000 0.002 0.002 0.006 0.000 0.001 0.000 0.046 0.014 0.067 NewGC_pause4 128.672206 ]
[128.673s][info][gc       ] [GC New Max 335-307 : 6356 3312 2264 6356 - - 1018 20 2 2 - : 132 1814 26 292 1180 : 128 2 1052 1052 0 : 0 0 64 0 66 - 0 : 0.242451 3695.6 0.0 0.050937 2709.2 0.0 : 8 --c 0000 : 23 0 0.000 0.000 0 0.000 0.000 0 0.000 0.000 : 128.621591 128.624085 0.000280 128.669040 0.000083 128.670773 0.000080 128.672139 0.000049 : 128.672528 ]
[128.673s][info][gc       ] [SYSINFO 8463 195 63 0 7918 0 16 0 0 6942 : - - - - - - - - : 0 7168 : 3.32 2.83 2.05 : 271935 4216692 : 0 0 : 31 0 : 2445 2 0 267 : - 8573038592 583921664 1100681216 7200940032 203833344 66772992 : 139899904 24671500 505100 0 0 0 : 128.672738 ]
[128.673s][info][gc       ] [HUGEPAGESTAT 0 0 0 - 83087 0 0 : 413696 0 0 : 128.672738 ]
[128.673s][info][gc       ] [OBJCREAT 395583985 25610 20131840 : 128.672780 ]
[128.673s][info][gc       ] [HMSV All : 0 0 120 0 0 0 0 0 : 6192 0 0 0 : 128.672794 ]
[128.673s][info][gc       ] [HMSP 60 : 51112 0 : 128.672794 ]
[128.673s][info][gc       ] [VMAC 65530 170 24 492 686 : 128.673233 ]
[128.935s][info][gc       ] [GPGC-H  4143.9 706.6 0.2 0.0 : 18.3 : 0.442 0.000 : 0.470 0.931 0.753 1.418 : 3.201 0.000 0.722 0.704 1.811 0.608 : 0.000 : 99.015 : 1106 1814 26 0 : 2275 : 5720 5428 : 128.935053 : 9 Next_heuristic_check_may_be_too_late ]
[128.938s][info][safepoint] Application time: 0.2653327 seconds
[128.938s][info][safepoint] Total time for which application threads were stopped: 0.0002884 seconds, Stopping threads took: 0.0000004 seconds
[128.938s][info][gc       ] [SPS 0.000 0.009 0.002 0.006 0.000 0.001 0.000 0.260 0.020 0.288 NewGC_pause1 128.937827 ]
[128.986s][info][safepoint] Application time: 0.0478069 seconds
[128.986s][info][safepoint] Total time for which application threads were stopped: 0.0001599 seconds, Stopping threads took: 0.0000005 seconds
[128.986s][info][gc       ] [SPS 0.000 0.001 0.000 0.007 0.000 0.001 0.000 0.129 0.022 0.160 NewGC_pause2 128.985794 ]
[128.987s][info][safepoint] Application time: 0.0013102 seconds
[128.988s][info][safepoint] Total time for which application threads were stopped: 0.0001478 seconds, Stopping threads took: 0.0000005 seconds
[128.988s][info][gc       ] [SPS 0.000 0.000 0.000 0.007 0.000 0.001 0.000 0.121 0.019 0.148 NewGC_pause3 128.987252 ]
[128.989s][info][safepoint] Application time: 0.0011590 seconds
[128.989s][info][safepoint] Total time for which application threads were stopped: 0.0001391 seconds, Stopping threads took: 0.0000005 seconds
[128.989s][info][gc       ] [SPS 0.000 0.003 0.002 0.006 0.000 0.001 0.000 0.119 0.013 0.139 NewGC_pause4 128.988550 ]
[128.989s][info][gc       ] [GC New Max 336-308 : 6356 3370 2262 6356 - - 1018 20 2 2 - : 130 1814 26 292 1238 : 126 4 1112 1112 0 : 0 1 63 0 65 - 0 : 0.262989 3711.2 0.0 0.053358 2511.3 0.0 : 8 --c 0000 : 23 0 0.000 0.000 0 0.000 0.000 0 0.000 0.000 : 128.935516 128.937539 0.000223 128.985634 0.000083 128.987104 0.000125 128.988411 0.000124 : 128.988875 ]
[128.989s][info][gc       ] [SYSINFO 8463 195 63 0 7918 0 16 0 0 6942 : - - - - - - - - : 0 7168 : 3.32 2.83 2.05 : 271935 4216692 : 0 0 : 31 0 : 2445 2 0 267 : - 8573038592 583921664 1100681216 7200940032 203833344 66772992 : 139899904 24672180 505100 0 0 0 : 128.989102 ]
[128.989s][info][gc       ] [HUGEPAGESTAT 0 0 0 - 83087 0 0 : 413696 0 0 : 128.989102 ]
[128.989s][info][gc       ] [OBJCREAT 396682408 25610 20131840 : 128.989145 ]
[128.989s][info][gc       ] [HMSV All : 0 0 120 0 0 0 0 0 : 6192 0 0 0 : 128.989160 ]
[128.989s][info][gc       ] [HMSP 60 : 51112 0 : 128.989160 ]
[128.990s][info][gc       ] [VMAC 65530 170 24 492 686 : 128.989611 ]
[129.251s][info][gc       ] [GPGC-H  4143.9 706.6 0.2 0.0 : 18.3 : 0.441 0.000 : 0.474 0.931 0.753 1.418 : 3.191 0.000 0.722 0.704 1.811 0.608 : 0.000 : 98.715 : 1074 1814 26 0 : 2275 : 5720 5428 : 129.251075 : 9 Next_heuristic_check_may_be_too_late ]
[129.254s][info][safepoint] Application time: 0.2650825 seconds
[129.254s][info][safepoint] Total time for which application threads were stopped: 0.0002395 seconds, Stopping threads took: 0.0000004 seconds
[129.254s][info][gc       ] [SPS 0.000 0.003 0.009 0.006 0.000 0.008 0.000 0.209 0.015 0.239 NewGC_pause1 129.253872 ]
[129.304s][info][safepoint] Application time: 0.0495164 seconds
[129.304s][info][safepoint] Total time for which application threads were stopped: 0.0001160 seconds, Stopping threads took: 0.0000004 seconds
[129.304s][info][gc       ] [SPS 0.000 0.002 0.000 0.006 0.000 0.001 0.000 0.089 0.020 0.116 NewGC_pause2 129.303505 ]
[129.305s][info][safepoint] Application time: 0.0014555 seconds
[129.305s][info][safepoint] Total time for which application threads were stopped: 0.0000662 seconds, Stopping threads took: 0.0000004 seconds
[129.305s][info][gc       ] [SPS 0.000 0.000 0.000 0.006 0.000 0.001 0.000 0.042 0.017 0.066 NewGC_pause3 129.305027 ]
[129.306s][info][safepoint] Application time: 0.0011359 seconds
[129.306s][info][safepoint] Total time for which application threads were stopped: 0.0000712 seconds, Stopping threads took: 0.0000004 seconds
[129.307s][info][gc       ] [SPS 0.000 0.005 0.002 0.008 0.000 0.001 0.000 0.045 0.017 0.071 NewGC_pause4 129.306234 ]
[129.307s][info][gc       ] [GC New Max 337-309 : 6356 3346 2272 6356 - - 1018 20 2 2 - : 140 1814 26 292 1214 : 136 4 1079 1079 0 : 0 1 68 0 70 - 0 : 0.262662 3594.0 0.0 0.055058 2615.4 0.0 : 8 --c 0000 : 23 0 0.000 0.000 0 0.000 0.000 0 0.000 0.000 : 129.251537 129.253633 0.000218 129.303389 0.000042 129.304960 0.000039 129.306163 0.000048 : 129.306595 ]
[129.307s][info][gc       ] [SYSINFO 8463 195 63 0 7918 0 16 0 0 6942 : - - - - - - - - : 0 7168 : 3.32 2.83 2.05 : 271935 4216692 : 0 0 : 31 0 : 2445 2 0 267 : - 8573038592 583921664 1100681216 7200940032 203833344 66772992 : 139899904 24672860 505110 0 0 0 : 129.306812 ]
[129.307s][info][gc       ] [HUGEPAGESTAT 0 0 0 - 83087 0 0 : 413696 0 0 : 129.306812 ]
[129.307s][info][gc       ] [OBJCREAT 397759793 25610 20131840 : 129.306853 ]
[129.307s][info][gc       ] [HMSV All : 0 0 120 0 0 0 0 0 : 6192 0 0 0 : 129.306868 ]
[129.307s][info][gc       ] [HMSP 60 : 51112 0 : 129.306868 ]
[129.307s][info][gc       ] [VMAC 65530 170 24 492 686 : 129.307289 ]
[129.549s][info][gc       ] [GPGC-H  4143.9 706.6 0.2 0.0 : 18.3 : 0.439 0.000 : 0.478 0.931 0.753 1.418 : 3.181 0.000 0.722 0.704 1.811 0.608 : 0.000 : 98.417 : 1074 1814 26 0 : 2275 : 5720 5428 : 129.548834 : 9 Next_heuristic_check_may_be_too_late ]
[129.552s][info][safepoint] Application time: 0.2451961 seconds
[129.552s][info][safepoint] Total time for which application threads were stopped: 0.0002927 seconds, Stopping threads took: 0.0000060 seconds
[129.552s][info][gc       ] [SPS 0.000 0.004 0.007 0.006 0.006 0.001 0.000 0.234 0.045 0.293 NewGC_pause1 129.551723 ]
[129.601s][info][safepoint] Application time: 0.0487112 seconds
[129.601s][info][safepoint] Total time for which application threads were stopped: 0.0001664 seconds, Stopping threads took: 0.0000004 seconds
[129.601s][info][gc       ] [SPS 0.000 0.002 0.000 0.006 0.000 0.001 0.000 0.138 0.021 0.166 NewGC_pause2 129.600601 ]
[129.602s][info][safepoint] Application time: 0.0013357 seconds
[129.602s][info][safepoint] Total time for which application threads were stopped: 0.0000691 seconds, Stopping threads took: 0.0000004 seconds
[129.602s][info][gc       ] [SPS 0.000 0.000 0.000 0.006 0.000 0.001 0.000 0.045 0.017 0.069 NewGC_pause3 129.602005 ]
[129.603s][info][safepoint] Application time: 0.0011382 seconds
[129.603s][info][safepoint] Total time for which application threads were stopped: 0.0000580 seconds, Stopping threads took: 0.0000004 seconds
[129.603s][info][gc       ] [SPS 0.000 0.003 0.002 0.006 0.000 0.001 0.000 0.038 0.013 0.058 NewGC_pause4 129.603202 ]
[129.604s][info][gc       ] [GC New Max 338-310 : 6356 3356 2280 6356 - - 1018 20 2 2 - : 148 1814 26 292 1224 : 144 4 1080 1080 0 : 0 1 72 0 74 - 0 : 0.242695 3856.7 0.0 0.054249 2801.9 0.0 : 8 --c 0000 : 23 0 0.000 0.000 0 0.000 0.000 0 0.000 0.000 : 129.549289 129.551430 0.000198 129.600434 0.000090 129.601936 0.000042 129.603144 0.000041 : 129.603538 ]
[129.604s][info][gc       ] [SYSINFO 8463 195 63 0 7918 0 16 0 0 6942 : - - - - - - - - : 0 7168 : 3.32 2.83 2.05 : 271935 4216692 : 0 0 : 31 0 : 2445 2 0 267 : - 8573038592 583921664 1100681216 7200940032 203833344 66772992 : 139899904 24673490 505110 0 0 0 : 129.603771 ]
[129.604s][info][gc       ] [HUGEPAGESTAT 0 0 0 - 83087 0 0 : 413696 0 0 : 129.603771 ]
[129.604s][info][gc       ] [OBJCREAT 398836528 25610 20131840 : 129.603825 ]
[129.604s][info][gc       ] [HMSV All : 0 0 120 0 0 0 0 0 : 6192 0 0 0 : 129.603837 ]
[129.604s][info][gc       ] [HMSP 60 : 51112 0 : 129.603837 ]
[129.604s][info][gc       ] [VMAC 65530 170 24 492 686 : 129.604269 ]
[129.866s][info][gc       ] [GPGC-H  4122.9 691.3 0.2 0.0 : 17.8 : 0.438 0.000 : 0.483 0.931 0.753 1.418 : 3.171 0.000 0.722 0.704 1.811 0.608 : 0.000 : 98.143 : 1150 1814 26 0 : 2275 : 5720 5428 : 129.866006 : 9 Next_heuristic_check_may_be_too_late ]
[129.869s][info][safepoint] Application time: 0.2652197 seconds
[129.869s][info][safepoint] Total time for which application threads were stopped: 0.0003313 seconds, Stopping threads took: 0.0000005 seconds
[129.869s][info][gc       ] [SPS 0.000 0.004 0.008 0.007 0.000 0.001 0.000 0.287 0.035 0.331 NewGC_pause1 129.868753 ]
[129.917s][info][safepoint] Application time: 0.0478898 seconds
[129.917s][info][safepoint] Total time for which application threads were stopped: 0.0001180 seconds, Stopping threads took: 0.0000004 seconds
[129.917s][info][gc       ] [SPS 0.000 0.001 0.000 0.006 0.000 0.001 0.000 0.098 0.013 0.118 NewGC_pause2 129.916761 ]
[129.918s][info][safepoint] Application time: 0.0015206 seconds
[129.919s][info][safepoint] Total time for which application threads were stopped: 0.0001868 seconds, Stopping threads took: 0.0000004 seconds
[129.919s][info][gc       ] [SPS 0.000 0.000 0.000 0.012 0.000 0.001 0.000 0.154 0.020 0.187 NewGC_pause3 129.918468 ]
[129.920s][info][safepoint] Application time: 0.0011560 seconds
[129.920s][info][safepoint] Total time for which application threads were stopped: 0.0000695 seconds, Stopping threads took: 0.0000004 seconds
[129.920s][info][gc       ] [SPS 0.000 0.003 0.002 0.006 0.000 0.001 0.000 0.041 0.021 0.069 NewGC_pause4 129.919694 ]
[129.920s][info][gc       ] [GC New Max 339-311 : 6356 3442 2290 6356 - - 1019 20 2 2 - : 158 1814 26 292 1310 : 154 4 1155 1155 0 : 0 1 77 0 79 - 0 : 0.262974 3817.9 0.0 0.053482 2991.7 0.0 : 8 --c 0000 : 23 0 0.000 0.000 0 0.000 0.000 0 0.000 0.000 : 129.866513 129.868422 0.000230 129.916643 0.000101 129.918282 0.000108 129.919624 0.000045 : 129.919995 ]
[129.920s][info][gc       ] [SYSINFO 8463 195 63 0 7918 0 16 0 0 6942 : - - - - - - - - : 0 7168 : 3.32 2.83 2.05 : 271935 4216708 : 0 0 : 31 0 : 2445 2 0 267 : - 8573038592 583921664 1100681216 7200940032 203833344 66772992 : 139899904 24674180 505110 0 0 0 : 129.920206 ]
[129.920s][info][gc       ] [HUGEPAGESTAT 0 0 0 - 83087 0 0 : 413696 0 0 : 129.920206 ]
[129.920s][info][gc       ] [OBJCREAT 399991858 25610 20131840 : 129.920246 ]
[129.920s][info][gc       ] [HMSV All : 0 0 120 0 0 0 0 0 : 6192 0 0 0 : 129.920261 ]
[129.920s][info][gc       ] [HMSP 60 : 51112 0 : 129.920261 ]
[129.921s][info][gc       ] [VMAC 65530 170 24 492 686 : 129.920713 ]
[130.182s][info][gc       ] [GPGC-H  4122.9 691.3 0.2 0.0 : 17.8 : 0.437 0.000 : 0.487 0.931 0.753 1.418 : 3.160 0.000 0.722 0.704 1.811 0.608 : 0.000 : 97.846 : 1144 1814 26 0 : 2275 : 5720 5428 : 130.182134 : 9 Next_heuristic_check_may_be_too_late ]
[130.185s][info][safepoint] Application time: 0.2647672 seconds
[130.185s][info][safepoint] Total time for which application threads were stopped: 0.0001956 seconds, Stopping threads took: 0.0000004 seconds
[130.185s][info][gc       ] [SPSH lock suspend gclocker notify wait resuspend cleanup op_time wakeup total(ms) op_name end(s) ]
[130.185s][info][gc       ] [SPS 0.000 0.004 0.013 0.006 0.000 0.001 0.000 0.173 0.015 0.196 NewGC_pause1 130.184657 ]
[130.231s][info][safepoint] Application time: 0.0459919 seconds
[130.231s][info][safepoint] Total time for which application threads were stopped: 0.0001399 seconds, Stopping threads took: 0.0000003 seconds
[130.232s][info][gc       ] [SPS 0.000 0.001 0.000 0.006 0.000 0.001 0.000 0.114 0.019 0.140 NewGC_pause2 130.230789 ]
[130.232s][info][safepoint] Application time: 0.0016030 seconds
[130.233s][info][safepoint] Total time for which application threads were stopped: 0.0000797 seconds, Stopping threads took: 0.0000004 seconds
[130.233s][info][gc       ] [SPS 0.000 0.000 0.000 0.006 0.000 0.001 0.000 0.057 0.015 0.080 NewGC_pause3 130.232472 ]
[130.234s][info][safepoint] Application time: 0.0012284 seconds
[130.234s][info][safepoint] Total time for which application threads were stopped: 0.0000632 seconds, Stopping threads took: 0.0000004 seconds
[130.234s][info][gc       ] [SPS 0.000 0.003 0.002 0.006 0.000 0.001 0.000 0.042 0.014 0.063 NewGC_pause4 130.233763 ]
[130.234s][info][gc       ] [GC New Max 340-312 : 6356 3400 2256 6356 - - 1019 20 2 2 - : 124 1814 26 292 1268 : 118 4 1149 1149 0 : 0 1 59 0 62 - 0 : 0.262665 3761.4 0.0 0.051465 2448.3 0.0 : 8 --c 0000 : 23 0 0.000 0.000 0 0.000 0.000 0 0.000 0.000 : 130.182660 130.184461 0.000175 130.230649 0.000084 130.232392 0.000059 130.233700 0.000045 : 130.234125 ]
[130.234s][info][gc       ] [SYSINFO 8463 195 63 0 7918 0 16 0 0 6942 : - - - - - - - - : 0 7168 : 3.32 2.83 2.05 : 271935 4216708 : 0 0 : 31 0 : 2445 2 0 267 : - 8573038592 583921664 1100681216 7200940032 203833344 66772992 : 139899904 24674820 505110 0 0 0 : 130.234347 ]
[130.234s][info][gc       ] [HUGEPAGESTAT 0 0 0 - 83087 0 0 : 413696 0 0 : 130.234347 ]
[130.234s][info][gc       ] [OBJCREAT 401093150 25610 20131840 : 130.234388 ]
[130.234s][info][gc       ] [HMSV All : 0 0 120 0 0 0 0 0 : 6192 0 0 0 : 130.234405 ]
[130.234s][info][gc       ] [HMSP 60 : 51112 0 : 130.234405 ]
[130.235s][info][gc       ] [VMAC 65530 170 24 492 686 : 130.234851 ]
[130.496s][info][gc       ] [GPGC-H  4122.9 691.3 0.2 0.0 : 17.8 : 0.435 0.000 : 0.491 0.931 0.753 1.418 : 3.150 0.000 0.722 0.704 1.811 0.608 : 0.000 : 97.551 : 1122 1814 28 0 : 2275 : 5720 5428 : 130.496233 : 9 Next_heuristic_check_may_be_too_late ]
[130.499s][info][safepoint] Application time: 0.2647995 seconds
[130.499s][info][safepoint] Total time for which application threads were stopped: 0.0004162 seconds, Stopping threads took: 0.0000004 seconds
[130.499s][info][gc       ] [SPS 0.000 0.004 0.008 0.006 0.000 0.001 0.000 0.334 0.075 0.416 NewGC_pause1 130.498980 ]
[130.545s][info][safepoint] Application time: 0.0457903 seconds
[130.546s][info][safepoint] Total time for which application threads were stopped: 0.0001651 seconds, Stopping threads took: 0.0000004 seconds
[130.546s][info][gc       ] [SPS 0.000 0.001 0.000 0.022 0.000 0.001 0.000 0.114 0.027 0.165 NewGC_pause2 130.544935 ]
[130.547s][info][safepoint] Application time: 0.0019827 seconds
[130.547s][info][safepoint] Total time for which application threads were stopped: 0.0000582 seconds, Stopping threads took: 0.0000004 seconds
[130.547s][info][gc       ] [SPS 0.000 0.001 0.000 0.006 0.000 0.001 0.000 0.035 0.016 0.058 NewGC_pause3 130.546976 ]
[130.548s][info][safepoint] Application time: 0.0012223 seconds
[130.548s][info][safepoint] Total time for which application threads were stopped: 0.0000580 seconds, Stopping threads took: 0.0000004 seconds
[130.549s][info][gc       ] [SPS 0.000 0.002 0.002 0.005 0.000 0.001 0.000 0.038 0.013 0.058 NewGC_pause4 130.548256 ]
[130.549s][info][gc       ] [GC New Max 341-313 : 6356 3382 2258 6356 - - 1019 20 2 2 - : 124 1814 28 292 1248 : 120 4 1126 1126 0 : 0 1 60 0 62 - 0 : 0.262541 3808.9 7.6 0.051990 2423.5 0.0 : 8 --c 0000 : 23 0 0.000 0.000 0 0.000 0.000 0 0.000 0.000 : 130.496666 130.498564 0.000239 130.544770 0.000087 130.546918 0.000039 130.548198 0.000041 : 130.548656 ]
[130.549s][info][gc       ] [SYSINFO 8464 195 63 0 7918 0 16 0 0 6942 : - - - - - - - - : 0 7168 : 3.32 2.83 2.05 : 271935 4216708 : 0 0 : 31 0 : 2445 2 0 267 : - 8573091840 583921664 1100734464 7200940032 203833344 66772992 : 139899904 24675380 505150 0 0 0 : 130.548877 ]
[130.549s][info][gc       ] [HUGEPAGESTAT 0 0 0 - 83087 0 0 : 413696 0 0 : 130.548877 ]
[130.549s][info][gc       ] [OBJCREAT 402209624 25610 20131840 : 130.548916 ]
[130.549s][info][gc       ] [HMSV All : 0 0 120 0 0 0 0 0 : 6192 0 0 0 : 130.548931 ]
[130.549s][info][gc       ] [HMSP 60 : 51112 0 : 130.548931 ]
[130.549s][info][gc       ] [VMAC 65530 170 24 492 686 : 130.549350 ]
[130.811s][info][gc       ] [GPGC-H  4122.9 691.3 0.2 0.0 : 17.8 : 0.434 0.000 : 0.496 0.931 0.753 1.418 : 3.140 0.000 0.722 0.704 1.811 0.608 : 0.000 : 97.257 : 1124 1814 28 0 : 2275 : 5720 5428 : 130.810926 : 9 Next_heuristic_check_may_be_too_late ]
[130.815s][info][safepoint] Application time: 0.2659293 seconds
[130.815s][info][safepoint] Total time for which application threads were stopped: 0.0003196 seconds, Stopping threads took: 0.0000004 seconds
[130.815s][info][gc       ] [SPS 0.000 0.004 0.004 0.006 0.000 0.001 0.000 0.276 0.036 0.320 NewGC_pause1 130.814506 ]
[130.862s][info][safepoint] Application time: 0.0477555 seconds
[130.863s][info][safepoint] Total time for which application threads were stopped: 0.0002053 seconds, Stopping threads took: 0.0000005 seconds
[130.863s][info][gc       ] [SPS 0.000 0.001 0.000 0.006 0.000 0.019 0.001 0.158 0.021 0.205 NewGC_pause2 130.862467 ]
[130.864s][info][safepoint] Application time: 0.0016802 seconds
[130.864s][info][safepoint] Total time for which application threads were stopped: 0.0000870 seconds, Stopping threads took: 0.0000062 seconds
[130.865s][info][gc       ] [SPS 0.000 0.000 0.000 0.006 0.006 0.012 0.000 0.035 0.028 0.087 NewGC_pause3 130.864234 ]
[130.865s][info][safepoint] Application time: 0.0011268 seconds
[130.866s][info][safepoint] Total time for which application threads were stopped: 0.0000598 seconds, Stopping threads took: 0.0000004 seconds
[130.866s][info][gc       ] [SPS 0.000 0.002 0.002 0.006 0.000 0.001 0.000 0.040 0.013 0.060 NewGC_pause4 130.865420 ]
[130.866s][info][gc       ] [GC New Max 342-314 : 6356 3418 2290 6356 - - 1019 20 2 2 - : 156 1814 28 292 1284 : 152 2 1132 1132 0 : 0 0 76 0 78 - 0 : 0.262879 3811.6 0.0 0.054267 2985.2 0.0 : 8 --c 0000 : 23 0 0.000 0.000 0 0.000 0.000 0 0.000 0.000 : 130.811536 130.814186 0.000228 130.862261 0.000126 130.864147 0.000055 130.865361 0.000043 : 130.865803 ]
[130.866s][info][gc       ] [SYSINFO 8464 195 63 0 7918 0 16 0 0 6942 : - - - - - - - - : 0 7168 : 3.32 2.83 2.05 : 271935 4216708 : 0 0 : 31 0 : 2445 2 0 267 : - 8573091840 583921664 1100734464 7200940032 203833344 66772992 : 139899904 24676060 505150 0 0 0 : 130.866043 ]
[130.866s][info][gc       ] [HUGEPAGESTAT 0 0 0 - 83087 0 0 : 413696 0 0 : 130.866043 ]
[130.866s][info][gc       ] [OBJCREAT 403359598 25610 20131840 : 130.866084 ]
[130.866s][info][gc       ] [HMSV All : 0 0 120 0 0 0 0 0 : 6192 0 0 0 : 130.866107 ]
[130.866s][info][gc       ] [HMSP 60 : 51112 0 : 130.866107 ]
[130.867s][info][gc       ] [VMAC 65530 170 24 492 686 : 130.866534 ]
[131.128s][info][gc       ] [GPGC-H  4122.9 691.3 0.2 0.0 : 17.8 : 0.432 0.000 : 0.500 0.931 0.753 1.418 : 3.129 0.000 0.722 0.704 1.811 0.608 : 0.000 : 96.964 : 1118 1814 28 0 : 2275 : 5720 5428 : 131.128131 : 9 Next_heuristic_check_may_be_too_late ]
[131.131s][info][safepoint] Application time: 0.2651234 seconds
[131.131s][info][safepoint] Total time for which application threads were stopped: 0.0003148 seconds, Stopping threads took: 0.0000005 seconds
[131.131s][info][gc       ] [SPS 0.000 0.003 0.007 0.006 0.000 0.001 0.000 0.264 0.043 0.315 NewGC_pause1 131.130859 ]
[131.178s][info][safepoint] Application time: 0.0470812 seconds
[131.179s][info][safepoint] Total time for which application threads were stopped: 0.0001884 seconds, Stopping threads took: 0.0000004 seconds
[131.179s][info][gc       ] [SPS 0.000 0.021 0.000 0.005 0.000 0.001 0.000 0.159 0.022 0.188 NewGC_pause2 131.178129 ]
[131.180s][info][safepoint] Application time: 0.0018356 seconds
[131.180s][info][safepoint] Total time for which application threads were stopped: 0.0000549 seconds, Stopping threads took: 0.0000004 seconds
[131.180s][info][gc       ] [SPS 0.000 0.000 0.000 0.005 0.000 0.001 0.000 0.037 0.011 0.055 NewGC_pause3 131.180019 ]
[131.181s][info][safepoint] Application time: 0.0012325 seconds
[131.182s][info][safepoint] Total time for which application threads were stopped: 0.0001251 seconds, Stopping threads took: 0.0000004 seconds
[131.182s][info][gc       ] [SPS 0.000 0.003 0.002 0.005 0.000 0.001 0.001 0.104 0.014 0.125 NewGC_pause4 131.181377 ]
[131.182s][info][gc       ] [GC New Max 343-315 : 6356 3378 2258 6356 - - 1019 20 2 2 - : 124 1814 28 292 1244 : 120 4 1122 1122 0 : 0 1 60 0 62 - 0 : 0.262785 3668.4 0.0 0.053158 2370.3 0.0 : 8 --c 0000 : 23 0 0.000 0.000 0 0.000 0.000 0 0.000 0.000 : 131.128588 131.130544 0.000209 131.177941 0.000101 131.179964 0.000040 131.181252 0.000107 : 131.181745 ]
[131.182s][info][gc       ] [SYSINFO 8464 195 63 0 7918 0 16 0 0 6942 : - - - - - - - - : 0 7168 : 3.32 2.83 2.05 : 271935 4216708 : 0 0 : 31 0 : 2445 2 0 267 : - 8573091840 583921664 1100734464 7200940032 203833344 66772992 : 139899904 24676760 505180 0 0 0 : 131.181956 ]
[131.182s][info][gc       ] [HUGEPAGESTAT 0 0 0 - 83087 0 0 : 413696 0 0 : 131.181956 ]
[131.182s][info][gc       ] [OBJCREAT 404440311 25610 20131840 : 131.181994 ]
[131.182s][info][gc       ] [HMSV All : 0 0 120 0 0 0 0 0 : 6192 0 0 0 : 131.182010 ]
[131.182s][info][gc       ] [HMSP 60 : 51112 0 : 131.182010 ]
[131.182s][info][gc       ] [VMAC 65530 170 24 492 686 : 131.182478 ]
[131.464s][info][gc       ] [GPGC-H  4122.9 691.3 0.2 0.0 : 17.8 : 0.431 0.000 : 0.504 0.931 0.753 1.418 : 3.119 0.000 0.722 0.704 1.811 0.608 : 0.000 : 96.672 : 1160 1814 28 0 : 2275 : 5720 5428 : 131.463885 : 9 Next_heuristic_check_may_be_too_late ]
[131.467s][info][safepoint] Application time: 0.2850813 seconds
[131.467s][info][safepoint] Total time for which application threads were stopped: 0.0002671 seconds, Stopping threads took: 0.0000004 seconds
[131.467s][info][gc       ] [SPS 0.000 0.003 0.002 0.006 0.000 0.001 0.000 0.216 0.044 0.267 NewGC_pause1 131.466726 ]
[131.512s][info][safepoint] Application time: 0.0455238 seconds
[131.513s][info][safepoint] Total time for which application threads were stopped: 0.0001430 seconds, Stopping threads took: 0.0000004 seconds
[131.513s][info][gc       ] [SPS 0.000 0.001 0.000 0.006 0.000 0.001 0.000 0.114 0.022 0.143 NewGC_pause2 131.512393 ]
[131.515s][info][safepoint] Application time: 0.0021074 seconds
[131.515s][info][safepoint] Total time for which application threads were stopped: 0.0001007 seconds, Stopping threads took: 0.0000004 seconds
[131.515s][info][gc       ] [SPS 0.000 0.000 0.000 0.006 0.000 0.001 0.000 0.080 0.013 0.101 NewGC_pause3 131.514601 ]
[131.516s][info][safepoint] Application time: 0.0011547 seconds
[131.516s][info][safepoint] Total time for which application threads were stopped: 0.0000666 seconds, Stopping threads took: 0.0000004 seconds
[131.516s][info][gc       ] [SPS 0.000 0.002 0.002 0.006 0.000 0.001 0.000 0.041 0.018 0.067 NewGC_pause4 131.515822 ]
[131.516s][info][gc       ] [GC New Max 344-316 : 6356 3432 2268 6356 - - 1019 20 2 2 - : 134 1814 28 292 1298 : 130 4 1167 1167 0 : 0 1 65 0 67 - 0 : 0.282694 3671.8 0.0 0.051804 2663.9 0.0 : 8 --c 0000 : 23 0 0.000 0.000 0 0.000 0.000 0 0.000 0.000 : 131.464439 131.466458 0.000170 131.512250 0.000063 131.514500 0.000085 131.515755 0.000044 : 131.516244 ]
[131.517s][info][gc       ] [SYSINFO 8464 195 63 0 7918 0 16 0 0 6942 : - - - - - - - - : 0 7168 : 3.32 2.83 2.05 : 271935 4216708 : 0 0 : 31 0 : 2445 2 0 267 : - 8573091840 583921664 1100734464 7200940032 203833344 66772992 : 139899904 24677440 505180 0 0 0 : 131.516467 ]
[131.517s][info][gc       ] [HUGEPAGESTAT 0 0 0 - 83087 0 0 : 413696 0 0 : 131.516467 ]
[131.517s][info][gc       ] [OBJCREAT 405604924 25610 20131840 : 131.516509 ]
[131.517s][info][gc       ] [HMSV All : 0 0 120 0 0 0 0 0 : 6192 0 0 0 : 131.516527 ]
[131.517s][info][gc       ] [HMSP 60 : 51112 0 : 131.516527 ]
[131.517s][info][gc       ] [VMAC 65530 170 24 492 686 : 131.516993 ]
[131.799s][info][gc       ] [GPGC-H  4107.7 675.4 0.2 0.0 : 17.4 : 0.429 0.000 : 0.509 0.931 0.753 1.418 : 3.108 0.000 0.722 0.704 1.811 0.608 : 0.000 : 96.359 : 1182 1814 28 0 : 2275 : 5720 5428 : 131.798603 : 9 Next_heuristic_check_may_be_too_late ]
[131.802s][info][safepoint] Application time: 0.2855626 seconds
[131.802s][info][safepoint] Total time for which application threads were stopped: 0.0002852 seconds, Stopping threads took: 0.0000004 seconds
[131.802s][info][gc       ] [SPS 0.000 0.003 0.002 0.006 0.000 0.001 0.000 0.258 0.019 0.285 NewGC_pause1 131.801670 ]
[131.847s][info][safepoint] Application time: 0.0455993 seconds
[131.848s][info][safepoint] Total time for which application threads were stopped: 0.0001175 seconds, Stopping threads took: 0.0000004 seconds
[131.848s][info][gc       ] [SPS 0.000 0.001 0.000 0.006 0.000 0.001 0.000 0.095 0.014 0.117 NewGC_pause2 131.847387 ]
[131.849s][info][safepoint] Application time: 0.0011931 seconds
[131.849s][info][safepoint] Total time for which application threads were stopped: 0.0001275 seconds, Stopping threads took: 0.0000004 seconds
[131.849s][info][gc       ] [SPS 0.000 0.000 0.000 0.006 0.000 0.001 0.000 0.109 0.012 0.127 NewGC_pause3 131.848708 ]
[131.850s][info][safepoint] Application time: 0.0011708 seconds
[131.850s][info][safepoint] Total time for which application threads were stopped: 0.0000744 seconds, Stopping threads took: 0.0000005 seconds
[131.850s][info][gc       ] [SPS 0.000 0.003 0.002 0.006 0.000 0.001 0.000 0.054 0.013 0.074 NewGC_pause4 131.849953 ]
[131.851s][info][gc       ] [GC New Max 345-317 : 6356 3434 2252 6356 - - 1019 20 2 2 - : 118 1814 28 292 1300 : 112 4 1187 1187 0 : 0 1 56 0 59 - 0 : 0.282895 3711.6 0.0 0.051229 2342.4 0.0 : 8 --c 0000 : 23 0 0.000 0.000 0 0.000 0.000 0 0.000 0.000 : 131.799138 131.801385 0.000216 131.847270 0.000099 131.848580 0.000113 131.849882 0.000052 : 131.850368 ]
[131.851s][info][gc       ] [SYSINFO 8464 195 63 0 7918 0 16 0 0 6942 : - - - - - - - - : 0 7168 : 3.32 2.83 2.05 : 271935 4216708 : 0 0 : 31 0 : 2445 2 0 267 : - 8573091840 583921664 1100734464 7200940032 203833344 66772992 : 139899904 24678090 505180 0 0 0 : 131.850589 ]
[131.851s][info][gc       ] [HUGEPAGESTAT 0 0 0 - 83087 0 0 : 413696 0 0 : 131.850589 ]
[131.851s][info][gc       ] [OBJCREAT 406762059 25610 20131840 : 131.850633 ]
[131.851s][info][gc       ] [HMSV All : 0 0 120 0 0 0 0 0 : 6192 0 0 0 : 131.850651 ]
[131.851s][info][gc       ] [HMSP 60 : 51112 0 : 131.850651 ]
[131.851s][info][gc       ] [VMAC 65530 170 24 492 686 : 131.851198 ]
[132.133s][info][gc       ] [GPGC-H  4107.7 675.4 0.2 0.0 : 17.4 : 0.428 0.000 : 0.513 0.931 0.753 1.418 : 3.097 0.000 0.722 0.704 1.811 0.608 : 0.000 : 96.047 : 1158 1814 28 0 : 2275 : 5720 5428 : 132.132872 : 9 Next_heuristic_check_may_be_too_late ]
[132.136s][info][safepoint] Application time: 0.2855353 seconds
[132.136s][info][safepoint] Total time for which application threads were stopped: 0.0002918 seconds, Stopping threads took: 0.0000004 seconds
[132.136s][info][gc       ] [SPS 0.000 0.004 0.003 0.006 0.000 0.001 0.000 0.264 0.020 0.292 NewGC_pause1 132.135780 ]
[132.184s][info][safepoint] Application time: 0.0481144 seconds
[132.185s][info][safepoint] Total time for which application threads were stopped: 0.0001891 seconds, Stopping threads took: 0.0000004 seconds
[132.185s][info][gc       ] [SPS 0.000 0.001 0.000 0.006 0.000 0.001 0.000 0.156 0.026 0.189 NewGC_pause2 132.184084 ]
[132.186s][info][safepoint] Application time: 0.0014378 seconds
[132.186s][info][safepoint] Total time for which application threads were stopped: 0.0000773 seconds, Stopping threads took: 0.0000004 seconds
[132.186s][info][gc       ] [SPS 0.000 0.000 0.000 0.006 0.000 0.001 0.000 0.048 0.022 0.077 NewGC_pause3 132.185599 ]
[132.187s][info][safepoint] Application time: 0.0010112 seconds
[132.187s][info][safepoint] Total time for which application threads were stopped: 0.0000587 seconds, Stopping threads took: 0.0000004 seconds
[132.187s][info][gc       ] [SPS 0.000 0.002 0.002 0.006 0.000 0.001 0.000 0.039 0.013 0.059 NewGC_pause4 132.186669 ]
[132.187s][info][gc       ] [GC New Max 346-318 : 6356 3454 2294 6356 - - 1019 20 2 2 - : 160 1814 28 292 1320 : 154 4 1164 1164 0 : 0 1 77 0 80 - 0 : 0.283032 3681.6 0.0 0.053573 3061.3 0.0 : 8 --c 0000 : 23 0 0.000 0.000 0 0.000 0.000 0 0.000 0.000 : 132.133400 132.135488 0.000221 132.183895 0.000098 132.185522 0.000051 132.186610 0.000042 : 132.186973 ]
[132.187s][info][gc       ] [SYSINFO 8464 195 63 0 7918 0 16 0 0 6942 : - - - - - - - - : 0 7168 : 3.32 2.83 2.05 : 271935 4216708 : 0 0 : 31 0 : 2445 2 0 267 : - 8573091840 583921664 1100734464 7200940032 203833344 66772992 : 139899904 24678780 505180 0 0 0 : 132.187193 ]
[132.187s][info][gc       ] [HUGEPAGESTAT 0 0 0 - 83087 0 0 : 413696 0 0 : 132.187193 ]
[132.187s][info][gc       ] [OBJCREAT 407956122 25610 20131840 : 132.187233 ]
[132.187s][info][gc       ] [HMSV All : 0 0 120 0 0 0 0 0 : 6192 0 0 0 : 132.187249 ]
[132.187s][info][gc       ] [HMSP 60 : 51112 0 : 132.187249 ]
[132.188s][info][gc       ] [VMAC 65530 170 24 492 686 : 132.187670 ]
[132.469s][info][gc       ] [GPGC-H  4107.7 675.4 0.2 0.0 : 17.4 : 0.427 0.000 : 0.518 0.931 0.753 1.418 : 3.086 0.000 0.722 0.704 1.811 0.608 : 0.000 : 95.736 : 1202 1814 28 0 : 2275 : 5720 5428 : 132.469410 : 9 Next_heuristic_check_may_be_too_late ]
[132.472s][info][safepoint] Application time: 0.2851988 seconds
[132.472s][info][safepoint] Total time for which application threads were stopped: 0.0001171 seconds, Stopping threads took: 0.0000004 seconds
[132.472s][info][gc       ] [SPS 0.000 0.005 0.006 0.006 0.000 0.001 0.000 0.093 0.016 0.117 NewGC_pause1 132.471985 ]
[132.539s][info][safepoint] Application time: 0.0671821 seconds
[132.540s][info][safepoint] Total time for which application threads were stopped: 0.0002537 seconds, Stopping threads took: 0.0000004 seconds
[132.540s][info][gc       ] [SPS 0.000 0.001 0.000 0.006 0.000 0.001 0.000 0.224 0.022 0.254 NewGC_pause2 132.539421 ]
[132.541s][info][safepoint] Application time: 0.0017629 seconds
[132.542s][info][safepoint] Total time for which application threads were stopped: 0.0000642 seconds, Stopping threads took: 0.0000005 seconds
[132.543s][info][gc       ] [SPS 0.000 0.001 0.000 0.008 0.000 0.001 0.001 0.038 0.016 0.064 NewGC_pause3 132.541248 ]
[132.543s][info][safepoint] Application time: 0.0016857 seconds
[132.543s][info][safepoint] Total time for which application threads were stopped: 0.0001597 seconds, Stopping threads took: 0.0000005 seconds
[132.544s][info][gc       ] [SPS 0.000 0.004 0.003 0.008 0.001 0.001 0.000 0.114 0.036 0.160 NewGC_pause4 132.543094 ]
[132.544s][info][gc       ] [GC New Max 347-319 : 6356 3464 2264 6356 - - 1019 20 2 2 - : 130 1814 28 292 1330 : 124 4 1204 1204 0 : 0 1 62 0 65 - 0 : 0.282719 3685.6 0.0 0.073848 1787.5 0.0 : 8 --c 0000 : 23 0 0.000 0.000 0 0.000 0.000 0 0.000 0.000 : 132.469691 132.471868 0.000094 132.539167 0.000147 132.541184 0.000044 132.542934 0.000071 : 132.543539 ]
[132.544s][info][gc       ] [SYSINFO 8464 195 63 0 7918 0 16 0 0 6942 : - - - - - - - - : 0 7168 : 3.78 2.93 2.09 : 271935 4216708 : 0 0 : 31 0 : 2445 4 0 267 : - 8573091840 583921664 1100734464 7200940032 203833344 66772992 : 139899904 24679620 505180 0 0 0 : 132.543826 ]
[132.544s][info][gc       ] [HUGEPAGESTAT 0 0 0 - 83087 0 0 : 430080 0 0 : 132.543826 ]
[132.544s][info][gc       ] [OBJCREAT 409117888 25610 20131840 : 132.543872 ]
[132.544s][info][gc       ] [HMSV All : 0 0 120 0 0 0 0 0 : 6192 0 0 0 : 132.543889 ]
[132.544s][info][gc       ] [HMSP 60 : 51112 0 : 132.543889 ]
[132.544s][info][gc       ] [VMAC 65530 170 24 492 686 : 132.544483 ]
[132.846s][info][gc       ] [GPGC-H  4107.7 675.4 0.2 0.0 : 17.4 : 0.425 0.000 : 0.522 0.931 0.753 1.418 : 3.075 0.000 0.722 0.704 1.811 0.608 : 0.000 : 95.428 : 1162 1814 28 0 : 2275 : 5720 5428 : 132.846322 : 9 Next_heuristic_check_may_be_too_late ]
[132.849s][info][safepoint] Application time: 0.3059415 seconds
[132.850s][info][safepoint] Total time for which application threads were stopped: 0.0003041 seconds, Stopping threads took: 0.0000004 seconds
[132.850s][info][gc       ] [SPS 0.001 0.007 0.013 0.008 0.000 0.001 0.001 0.265 0.027 0.304 NewGC_pause1 132.849340 ]
[132.899s][info][safepoint] Application time: 0.0494320 seconds
[132.900s][info][safepoint] Total time for which application threads were stopped: 0.0001719 seconds, Stopping threads took: 0.0000004 seconds
[132.900s][info][gc       ] [SPS 0.000 0.003 0.000 0.006 0.000 0.001 0.001 0.144 0.020 0.172 NewGC_pause2 132.898944 ]
[132.901s][info][safepoint] Application time: 0.0019436 seconds
[132.901s][info][safepoint] Total time for which application threads were stopped: 0.0000918 seconds, Stopping threads took: 0.0000006 seconds
[132.901s][info][gc       ] [SPS 0.000 0.000 0.000 0.017 0.001 0.001 0.000 0.059 0.014 0.092 NewGC_pause3 132.900979 ]
[132.902s][info][safepoint] Application time: 0.0011207 seconds
[132.902s][info][safepoint] Total time for which application threads were stopped: 0.0000646 seconds, Stopping threads took: 0.0000004 seconds
[132.902s][info][gc       ] [SPS 0.000 0.003 0.002 0.005 0.000 0.001 0.000 0.046 0.012 0.064 NewGC_pause4 132.902164 ]
[132.903s][info][gc       ] [GC New Max 348-320 : 6356 3426 2262 6356 - - 1019 20 2 2 - : 128 1814 28 292 1292 : 124 4 1167 1167 0 : 0 1 62 0 64 - 0 : 0.303278 3402.8 0.0 0.055746 2367.9 0.0 : 8 --c 0000 : 23 0 0.000 0.000 0 0.000 0.000 0 0.000 0.000 : 132.846817 132.849036 0.000195 132.898772 0.000114 132.900887 0.000072 132.902100 0.000049 : 132.902564 ]
[132.903s][info][gc       ] [SYSINFO 8464 195 63 0 7918 0 16 0 0 6942 : - - - - - - - - : 0 7168 : 3.78 2.93 2.09 : 271935 4216708 : 0 0 : 31 0 : 2445 2 0 267 : - 8573091840 583921664 1100734464 7200940032 203833344 66772992 : 139899904 24680290 505190 0 0 0 : 132.902782 ]
[132.903s][info][gc       ] [HUGEPAGESTAT 0 0 0 - 83087 0 0 : 430080 0 0 : 132.902782 ]
[132.903s][info][gc       ] [OBJCREAT 410272802 25610 20131840 : 132.902824 ]
[132.903s][info][gc       ] [HMSV All : 0 0 120 0 0 0 0 0 : 6192 0 0 0 : 132.902840 ]
[132.903s][info][gc       ] [HMSP 60 : 51112 0 : 132.902840 ]
[132.903s][info][gc       ] [VMAC 65530 170 24 492 686 : 132.903269 ]
[133.305s][info][gc       ] [GPGC-H  4107.7 675.4 0.2 0.0 : 17.4 : 0.424 0.000 : 0.522 0.931 0.753 1.418 : 3.063 0.000 0.722 0.704 1.811 0.608 : 0.000 : 95.097 : 1184 1814 28 0 : 2275 : 5720 5428 : 133.305447 : 9 Next_heuristic_check_may_be_too_late ]
[133.308s][info][safepoint] Application time: 0.4058402 seconds
[133.308s][info][safepoint] Total time for which application threads were stopped: 0.0001748 seconds, Stopping threads took: 0.0000005 seconds
[133.309s][info][gc       ] [SPS 0.000 0.004 0.009 0.007 0.000 0.001 0.000 0.136 0.030 0.175 NewGC_pause1 133.308180 ]
[133.369s][info][safepoint] Application time: 0.0606667 seconds
[133.369s][info][safepoint] Total time for which application threads were stopped: 0.0000884 seconds, Stopping threads took: 0.0000005 seconds
[133.369s][info][gc       ] [SPS 0.000 0.001 0.000 0.007 0.000 0.001 0.000 0.054 0.026 0.088 NewGC_pause2 133.368935 ]
[133.370s][info][safepoint] Application time: 0.0012073 seconds
[133.370s][info][safepoint] Total time for which application threads were stopped: 0.0000800 seconds, Stopping threads took: 0.0000005 seconds
[133.371s][info][gc       ] [SPS 0.000 0.001 0.000 0.008 0.001 0.001 0.000 0.051 0.020 0.080 NewGC_pause3 133.370223 ]
[133.372s][info][safepoint] Application time: 0.0014633 seconds
[133.372s][info][safepoint] Total time for which application threads were stopped: 0.0000852 seconds, Stopping threads took: 0.0000005 seconds
[133.372s][info][gc       ] [SPS 0.000 0.003 0.003 0.007 0.001 0.001 0.000 0.054 0.023 0.085 NewGC_pause4 133.371771 ]
[133.373s][info][gc       ] [GC New Max 349-321 : 6356 3432 2248 6356 - - 1019 20 2 2 - : 114 1814 28 292 1298 : 110 4 1186 1186 0 : 0 1 55 0 57 - 0 : 0.403181 2619.2 0.0 0.066528 1743.6 0.0 : 8 --c 0000 : 23 0 0.000 0.000 0 0.000 0.000 0 0.000 0.000 : 133.305745 133.308005 0.000131 133.368847 0.000048 133.370143 0.000049 133.371686 0.000054 : 133.372273 ]
[133.373s][info][gc       ] [SYSINFO 8464 195 63 0 7918 0 16 0 0 6942 : - - - - - - - - : 0 7168 : 3.78 2.93 2.09 : 271935 4216708 : 0 0 : 31 0 : 2445 2 0 267 : - 8573091840 583921664 1100734464 7200940032 203833344 66772992 : 139899904 24681170 505220 0 0 0 : 133.372588 ]
[133.373s][info][gc       ] [HUGEPAGESTAT 0 0 0 - 83087 0 0 : 430080 0 0 : 133.372588 ]
[133.373s][info][gc       ] [OBJCREAT 411431106 25610 20131840 : 133.372641 ]
[133.373s][info][gc       ] [HMSV All : 0 0 120 0 0 0 0 0 : 6192 0 0 0 : 133.372657 ]
[133.373s][info][gc       ] [HMSP 60 : 51112 0 : 133.372657 ]
[133.373s][info][gc       ] [VMAC 65530 170 24 492 686 : 133.373437 ]
[133.715s][info][gc       ] [GPGC-H  4083.3 659.8 0.2 0.0 : 17.0 : 0.422 0.000 : 0.522 0.931 0.753 1.418 : 3.049 0.000 0.722 0.704 1.811 0.608 : 0.000 : 94.659 : 1246 1814 28 0 : 2275 : 5720 5428 : 133.714847 : 9 Next_heuristic_check_may_be_too_late ]
[133.717s][info][safepoint] Application time: 0.3454867 seconds
[133.718s][info][safepoint] Total time for which application threads were stopped: 0.0001721 seconds, Stopping threads took: 0.0000005 seconds
[133.718s][info][gc       ] [SPS 0.001 0.007 0.014 0.007 0.001 0.001 0.001 0.146 0.017 0.172 NewGC_pause1 133.717430 ]
[133.767s][info][safepoint] Application time: 0.0494455 seconds
[133.767s][info][safepoint] Total time for which application threads were stopped: 0.0001752 seconds, Stopping threads took: 0.0000004 seconds
[133.768s][info][gc       ] [SPS 0.001 0.001 0.000 0.007 0.000 0.001 0.000 0.145 0.022 0.175 NewGC_pause2 133.767051 ]
[133.768s][info][safepoint] Application time: 0.0011771 seconds
[133.769s][info][safepoint] Total time for which application threads were stopped: 0.0000603 seconds, Stopping threads took: 0.0000004 seconds
[133.769s][info][gc       ] [SPS 0.000 0.000 0.000 0.006 0.000 0.001 0.000 0.036 0.016 0.060 NewGC_pause3 133.768288 ]
[133.770s][info][safepoint] Application time: 0.0012431 seconds
[133.770s][info][safepoint] Total time for which application threads were stopped: 0.0000697 seconds, Stopping threads took: 0.0000005 seconds
[133.770s][info][gc       ] [SPS 0.000 0.003 0.002 0.006 0.000 0.001 0.000 0.045 0.017 0.070 NewGC_pause4 133.769602 ]
[133.770s][info][gc       ] [GC New Max 350-322 : 6356 3512 2264 6356 - - 1019 20 2 2 - : 130 1814 28 292 1378 : 126 4 1251 1251 0 : 0 1 63 0 65 - 0 : 0.342869 3301.6 0.0 0.054877 2441.8 0.0 : 8 --c 0000 : 23 0 0.000 0.000 0 0.000 0.000 0 0.000 0.000 : 133.715142 133.717258 0.000150 133.766876 0.000113 133.768228 0.000040 133.769532 0.000047 : 133.770019 ]
[133.770s][info][gc       ] [SYSINFO 8464 195 63 0 7918 0 16 0 0 6942 : - - - - - - - - : 0 7168 : 3.78 2.93 2.09 : 271935 4216708 : 0 0 : 31 0 : 2445 2 0 267 : - 8573091840 583921664 1100734464 7200940032 203833344 66772992 : 139899904 24681980 505230 0 0 0 : 133.770255 ]
[133.770s][info][gc       ] [HUGEPAGESTAT 0 0 0 - 83087 0 0 : 430080 0 0 : 133.770255 ]
[133.770s][info][gc       ] [OBJCREAT 412687500 25610 20131840 : 133.770300 ]
[133.770s][info][gc       ] [HMSV All : 0 0 120 0 0 0 0 0 : 6192 0 0 0 : 133.770315 ]
[133.770s][info][gc       ] [HMSP 60 : 51112 0 : 133.770315 ]
[133.771s][info][gc       ] [VMAC 65530 170 24 492 686 : 133.770780 ]
[134.253s][info][gc       ] [GPGC-H  4083.3 659.8 0.2 0.0 : 17.0 : 0.420 0.000 : 0.522 0.931 0.753 1.418 : 3.036 0.000 0.722 0.704 1.811 0.608 : 0.000 : 94.288 : 1200 1814 28 0 : 2275 : 5720 5428 : 134.252993 : 9 Next_heuristic_check_may_be_too_late ]
[134.256s][info][safepoint] Application time: 0.4861228 seconds
[134.256s][info][safepoint] Total time for which application threads were stopped: 0.0001746 seconds, Stopping threads took: 0.0000007 seconds
[134.256s][info][gc       ] [SPS 0.000 0.006 0.009 0.010 0.001 0.001 0.001 0.137 0.025 0.175 NewGC_pause1 134.255899 ]
[134.324s][info][safepoint] Application time: 0.0676266 seconds
[134.324s][info][safepoint] Total time for which application threads were stopped: 0.0001070 seconds, Stopping threads took: 0.0000006 seconds
[134.324s][info][gc       ] [SPS 0.000 0.002 0.000 0.009 0.001 0.001 0.001 0.074 0.021 0.107 NewGC_pause2 134.323633 ]
[134.328s][info][safepoint] Application time: 0.0038514 seconds
[134.332s][info][safepoint] Total time for which application threads were stopped: 0.0008591 seconds, Stopping threads took: 0.0007415 seconds
[134.332s][info][gc       ] [SPS 0.000 0.002 0.000 0.008 0.742 0.001 0.001 0.064 0.044 0.859 NewGC_pause3 134.328344 ]
[134.334s][info][safepoint] Application time: 0.0053854 seconds
[134.334s][info][safepoint] Total time for which application threads were stopped: 0.0001518 seconds, Stopping threads took: 0.0000008 seconds
[134.335s][info][gc       ] [GC New Max 351-323 : 6356 3446 2256 6356 - - 1019 20 2 2 - : 122 1814 28 292 1312 : 110 4 1200 1200 0 : 0 1 55 0 61 - 0 : 0.483317 2213.9 0.0 0.081069 1504.9 0.0 : 8 --c 0000 : 23 0 0.000 0.000 0 0.000 0.000 0 0.000 0.000 : 134.253336 134.255725 0.000142 134.323526 0.000079 134.327485 0.000811 134.333729 0.000101 : 134.334405 ]
[134.335s][info][gc       ] [SYSINFO 8464 195 63 0 7918 0 16 0 0 6942 : - - - - - - - - : 0 7168 : 3.78 2.93 2.09 : 271935 4216716 : 0 0 : 31 0 : 2445 2 0 267 : - 8573091840 583921664 1100734464 7200940032 203833344 66772992 : 139899904 24682980 505230 0 0 0 : 134.334795 ]
[134.335s][info][gc       ] [HUGEPAGESTAT 0 0 0 - 83087 0 0 : 430080 0 0 : 134.334795 ]
[134.335s][info][gc       ] [OBJCREAT 413867514 25610 20131840 : 134.334880 ]
[134.335s][info][gc       ] [HMSV All : 0 0 120 0 0 0 0 0 : 6192 0 0 0 : 134.334905 ]
[134.335s][info][gc       ] [HMSP 60 : 51112 0 : 134.334905 ]
[134.335s][info][gc       ] [SPS 0.000 0.007 0.010 0.021 0.001 0.001 0.001 0.085 0.043 0.152 NewGC_pause4 134.333881 ]
[134.336s][info][gc       ] [VMAC 65530 170 24 492 686 : 134.335856 ]
[134.818s][info][gc       ] [GPGC-H  4083.3 659.8 0.2 0.0 : 17.0 : 0.418 0.000 : 0.522 0.931 0.753 1.418 : 3.019 0.000 0.722 0.704 1.811 0.608 : 0.000 : 93.769 : 1238 1814 28 0 : 2275 : 5720 5428 : 134.818386 : 9 Next_heuristic_check_may_be_too_late ]
[134.821s][info][safepoint] Application time: 0.4871420 seconds
[134.821s][info][safepoint] Total time for which application threads were stopped: 0.0001241 seconds, Stopping threads took: 0.0000004 seconds
[134.822s][info][gc       ] [SPS 0.000 0.005 0.008 0.008 0.000 0.001 0.000 0.098 0.017 0.124 NewGC_pause1 134.821147 ]
[134.877s][info][safepoint] Application time: 0.0554434 seconds
[134.877s][info][safepoint] Total time for which application threads were stopped: 0.0001359 seconds, Stopping threads took: 0.0000005 seconds
[134.877s][info][gc       ] [SPS 0.000 0.001 0.000 0.007 0.000 0.001 0.000 0.112 0.015 0.136 NewGC_pause2 134.876727 ]
[134.879s][info][safepoint] Application time: 0.0021953 seconds
[134.879s][info][safepoint] Total time for which application threads were stopped: 0.0000789 seconds, Stopping threads took: 0.0000005 seconds
[134.879s][info][gc       ] [SPS 0.000 0.001 0.000 0.007 0.000 0.001 0.000 0.047 0.023 0.079 NewGC_pause3 134.879001 ]
[134.881s][info][safepoint] Application time: 0.0022042 seconds
[134.881s][info][safepoint] Total time for which application threads were stopped: 0.0000728 seconds, Stopping threads took: 0.0000005 seconds
[134.882s][info][gc       ] [SPS 0.000 0.003 0.002 0.007 0.000 0.001 0.000 0.048 0.016 0.072 NewGC_pause4 134.881278 ]
[134.882s][info][gc       ] [GC New Max 352-324 : 6356 3514 2276 6356 - - 1019 20 2 2 - : 140 1814 28 292 1380 : 136 4 1243 1243 0 : 0 1 68 0 70 - 0 : 0.484382 2308.1 0.0 0.062954 2255.6 0.0 : 8 --c 0000 : 23 0 0.000 0.000 0 0.000 0.000 0 0.000 0.000 : 134.818787 134.821023 0.000102 134.876591 0.000116 134.878922 0.000045 134.881206 0.000051 : 134.881741 ]
[134.882s][info][gc       ] [SYSINFO 8464 195 63 0 7918 0 16 0 0 6942 : - - - - - - - - : 0 7168 : 3.78 2.93 2.09 : 271935 4216716 : 0 0 : 31 0 : 2445 2 0 267 : - 8573091840 583921664 1100734464 7200940032 203833344 66772992 : 139899904 24683990 505280 0 0 0 : 134.881990 ]
[134.882s][info][gc       ] [HUGEPAGESTAT 0 0 0 - 83087 0 0 : 430080 0 0 : 134.881990 ]
[134.882s][info][gc       ] [OBJCREAT 415115930 25610 20131840 : 134.882038 ]
[134.882s][info][gc       ] [HMSV All : 0 0 120 0 0 0 0 0 : 6192 0 0 0 : 134.882058 ]
[134.882s][info][gc       ] [HMSP 60 : 51112 0 : 134.882058 ]
[134.883s][info][gc       ] [VMAC 65530 170 24 492 686 : 134.882555 ]
[135.244s][info][gc       ] [GPGC-H  4083.3 659.8 0.2 0.0 : 17.0 : 0.416 0.000 : 0.522 0.931 0.753 1.418 : 3.002 0.000 0.722 0.704 1.811 0.608 : 0.000 : 93.250 : 1246 1814 28 0 : 2275 : 5720 5428 : 135.244242 : 9 Next_heuristic_check_may_be_too_late ]
[135.247s][info][safepoint] Application time: 0.3657862 seconds
[135.247s][info][safepoint] Total time for which application threads were stopped: 0.0001616 seconds, Stopping threads took: 0.0000005 seconds
[135.248s][info][gc       ] [SPS 0.000 0.007 0.011 0.008 0.000 0.001 0.003 0.115 0.033 0.162 NewGC_pause1 135.247226 ]
[135.305s][info][safepoint] Application time: 0.0575077 seconds
[135.305s][info][safepoint] Total time for which application threads were stopped: 0.0001556 seconds, Stopping threads took: 0.0000004 seconds
[135.305s][info][gc       ] [SPS 0.000 0.001 0.000 0.006 0.000 0.001 0.000 0.126 0.022 0.156 NewGC_pause2 135.304890 ]
[135.306s][info][safepoint] Application time: 0.0010490 seconds
[135.306s][info][safepoint] Total time for which application threads were stopped: 0.0000580 seconds, Stopping threads took: 0.0000004 seconds
[135.306s][info][gc       ] [SPS 0.000 0.000 0.000 0.006 0.000 0.001 0.000 0.038 0.013 0.058 NewGC_pause3 135.305997 ]
[135.307s][info][safepoint] Application time: 0.0012411 seconds
[135.308s][info][safepoint] Total time for which application threads were stopped: 0.0000827 seconds, Stopping threads took: 0.0000005 seconds
[135.308s][info][gc       ] [SPS 0.000 0.003 0.002 0.006 0.000 0.001 0.000 0.047 0.029 0.083 NewGC_pause4 135.307321 ]
[135.308s][info][gc       ] [GC New Max 353-325 : 6356 3514 2266 6356 - - 1019 20 2 2 - : 132 1814 28 292 1380 : 128 4 1250 1250 0 : 0 1 64 0 66 - 0 : 0.362839 3048.2 0.0 0.063079 2156.0 0.0 : 8 --c 0000 : 23 0 0.000 0.000 0 0.000 0.000 0 0.000 0.000 : 135.244580 135.247065 0.000122 135.304734 0.000046 135.305939 0.000041 135.307238 0.000049 : 135.307660 ]
[135.308s][info][gc       ] [SYSINFO 8464 195 63 0 7918 0 16 0 0 6942 : - - - - - - - - : 0 7168 : 3.78 2.93 2.09 : 271935 4216716 : 0 0 : 31 0 : 2445 2 0 267 : - 8573091840 583921664 1100734464 7200940032 203833344 66772992 : 139899904 24684860 505280 0 0 0 : 135.307926 ]
[135.308s][info][gc       ] [HUGEPAGESTAT 0 0 0 - 83087 0 0 : 430080 0 0 : 135.307926 ]
[135.308s][info][gc       ] [OBJCREAT 416343850 25610 20131840 : 135.307971 ]
[135.308s][info][gc       ] [HMSV All : 0 0 120 0 0 0 0 0 : 6192 0 0 0 : 135.307984 ]
[135.308s][info][gc       ] [HMSP 60 : 51112 0 : 135.307984 ]
[135.308s][info][gc       ] [VMAC 65530 170 24 492 686 : 135.308423 ]
[135.631s][info][gc       ] [GPGC-H  4083.3 659.8 0.2 0.0 : 17.0 : 0.414 0.000 : 0.522 0.931 0.753 1.418 : 2.989 0.000 0.722 0.704 1.811 0.608 : 0.000 : 92.865 : 1258 1814 28 0 : 2275 : 5720 5428 : 135.630707 : 9 Next_heuristic_check_may_be_too_late ]
[135.633s][info][safepoint] Application time: 0.3258561 seconds
[135.634s][info][safepoint] Total time for which application threads were stopped: 0.0002246 seconds, Stopping threads took: 0.0000005 seconds
[135.634s][info][gc       ] [SPS 0.000 0.003 0.007 0.014 0.000 0.001 0.000 0.186 0.023 0.225 NewGC_pause1 135.633402 ]
[135.679s][info][safepoint] Application time: 0.0453045 seconds
[135.679s][info][safepoint] Total time for which application threads were stopped: 0.0001595 seconds, Stopping threads took: 0.0000004 seconds
[135.679s][info][gc       ] [SPS 0.000 0.001 0.000 0.006 0.000 0.001 0.000 0.120 0.033 0.159 NewGC_pause2 135.678866 ]
[135.680s][info][safepoint] Application time: 0.0012490 seconds
[135.680s][info][safepoint] Total time for which application threads were stopped: 0.0000550 seconds, Stopping threads took: 0.0000004 seconds
[135.681s][info][gc       ] [SPS 0.000 0.000 0.000 0.005 0.000 0.001 0.000 0.031 0.012 0.050 NewGC_pause3 135.680170 ]
[135.682s][info][safepoint] Application time: 0.0013609 seconds
[135.682s][info][safepoint] Total time for which application threads were stopped: 0.0000581 seconds, Stopping threads took: 0.0000004 seconds
[135.682s][info][gc       ] [SPS 0.000 0.008 0.002 0.005 0.000 0.001 0.000 0.038 0.013 0.058 NewGC_pause4 135.681589 ]
[135.682s][info][gc       ] [GC New Max 354-326 : 6356 3528 2266 6356 - - 1019 20 2 2 - : 132 1814 28 292 1394 : 128 4 1264 1264 0 : 0 1 64 0 66 - 0 : 0.323470 3487.2 0.0 0.050870 2673.5 0.0 : 8 --c 0000 : 23 0 0.000 0.000 0 0.000 0.000 0 0.000 0.000 : 135.631130 135.633177 0.000155 135.678706 0.000117 135.680120 0.000034 135.681531 0.000041 : 135.682000 ]
[135.682s][info][gc       ] [SYSINFO 8464 195 63 0 7918 0 16 0 0 6942 : - - - - - - - - : 0 7168 : 3.78 2.93 2.09 : 271935 4216716 : 0 0 : 31 0 : 2445 2 0 267 : - 8573091840 583921664 1100734464 7200940032 203833344 66772992 : 139899904 24685560 505280 0 0 0 : 135.682247 ]
[135.682s][info][gc       ] [HUGEPAGESTAT 0 0 0 - 83087 0 0 : 430080 0 0 : 135.682247 ]
[135.682s][info][gc       ] [OBJCREAT 417597392 25610 20131840 : 135.682288 ]
[135.682s][info][gc       ] [HMSV All : 0 0 120 0 0 0 0 0 : 6192 0 0 0 : 135.682302 ]
[135.682s][info][gc       ] [HMSP 60 : 51112 0 : 135.682302 ]
[135.683s][info][gc       ] [VMAC 65530 170 24 492 686 : 135.682716 ]
[135.904s][info][gc       ] [GPGC-H  4047.2 644.7 0.1 0.0 : 16.6 : 0.412 0.000 : 0.522 0.931 0.753 1.418 : 2.978 0.000 0.722 0.704 1.811 0.608 : 0.000 : 92.523 : 1390 1814 28 0 : 2275 : 5720 5428 : 135.903790 : 9 Next_heuristic_check_may_be_too_late ]
[135.907s][info][safepoint] Application time: 0.2248880 seconds
[135.907s][info][safepoint] Total time for which application threads were stopped: 0.0002015 seconds, Stopping threads took: 0.0000004 seconds
[135.907s][info][gc       ] [SPS 0.000 0.004 0.008 0.007 0.000 0.001 0.000 0.167 0.026 0.202 NewGC_pause1 135.906679 ]
[136.039s][info][safepoint] Application time: 0.1319409 seconds
[136.039s][info][safepoint] Total time for which application threads were stopped: 0.0000668 seconds, Stopping threads took: 0.0000005 seconds
[136.039s][info][gc       ] [SPS 0.000 0.002 0.000 0.007 0.000 0.001 0.000 0.043 0.015 0.067 NewGC_pause2 136.038686 ]
[136.040s][info][safepoint] Application time: 0.0013776 seconds
[136.040s][info][safepoint] Total time for which application threads were stopped: 0.0000651 seconds, Stopping threads took: 0.0000005 seconds
[136.041s][info][gc       ] [SPS 0.000 0.000 0.000 0.007 0.000 0.001 0.000 0.042 0.015 0.065 NewGC_pause3 136.040129 ]
[136.042s][info][safepoint] Application time: 0.0013686 seconds
[136.042s][info][safepoint] Total time for which application threads were stopped: 0.0001628 seconds, Stopping threads took: 0.0000005 seconds
[136.042s][info][gc       ] [SPS 0.000 0.004 0.003 0.007 0.001 0.001 0.000 0.127 0.027 0.163 NewGC_pause4 136.041661 ]
[136.042s][info][gc       ] [GC New Max 355-327 : 6356 4132 3414 6356 - - 1019 20 2 2 - : 1278 1814 28 292 1998 : 1267 8 731 731 0 : 0 0 297 0 561 - 79 : 0.222218 5679.1 0.0 0.137739 4457.7 0.0 : 8 --c 0000 : 23 0 0.000 0.000 0 0.000 0.000 0 0.000 0.000 : 135.904218 135.906477 0.000112 136.038620 0.000045 136.040064 0.000045 136.041498 0.000059 : 136.041958 ]
[136.042s][info][gc       ] [SYSINFO 8464 195 63 0 7918 0 16 0 0 6942 : - - - - - - - - : 0 7168 : 3.78 2.93 2.09 : 271935 4216716 : 0 0 : 31 0 : 2445 3 0 267 : - 8573091840 583921664 1100734464 7200940032 203833344 66772992 : 139899904 24686910 505290 0 0 0 : 136.042292 ]
[136.042s][info][gc       ] [HUGEPAGESTAT 0 0 0 - 83087 0 0 : 430080 0 0 : 136.042292 ]
[136.042s][info][gc       ] [OBJCREAT 419452317 25610 20131840 : 136.042389 ]
[136.042s][info][gc       ] [HMSV All : 0 0 129 0 0 0 0 0 : 6192 0 0 0 : 136.042411 ]
[136.042s][info][gc       ] [HMSP 60 : 51112 0 : 136.042411 ]
[136.043s][info][gc       ] [VMAC 65530 170 24 492 686 : 136.042891 ]
[136.284s][info][gc       ] [GPGC-H  4047.2 644.7 0.1 0.0 : 16.6 : 0.411 0.000 : 0.522 0.931 0.753 1.418 : 2.967 0.000 0.722 0.704 1.811 0.608 : 0.000 : 92.298 : 1932 1814 28 0 : 2275 : 5720 5428 : 136.284043 : 9 Next_heuristic_check_may_be_too_late ]
[136.526s][info][safepoint] Application time: 0.4839580 seconds
[136.526s][info][safepoint] Total time for which application threads were stopped: 0.0002475 seconds, Stopping threads took: 0.0000003 seconds
[136.526s][info][gc       ] [SPS 0.000 0.005 0.008 0.006 0.000 0.001 0.000 0.214 0.025 0.247 NewGC_pause1 136.525867 ]
[136.834s][info][safepoint] Application time: 0.3077718 seconds
[136.834s][info][safepoint] Total time for which application threads were stopped: 0.0000626 seconds, Stopping threads took: 0.0000005 seconds
[136.834s][info][gc       ] [SPS 0.000 0.002 0.000 0.007 0.000 0.001 0.000 0.040 0.014 0.062 NewGC_pause2 136.833701 ]
[136.835s][info][safepoint] Application time: 0.0008555 seconds
[136.835s][info][safepoint] Total time for which application threads were stopped: 0.0000628 seconds, Stopping threads took: 0.0000005 seconds
[136.835s][info][gc       ] [SPS 0.000 0.005 0.000 0.007 0.001 0.001 0.000 0.040 0.014 0.063 NewGC_pause3 136.834619 ]
[136.846s][info][safepoint] Application time: 0.0117688 seconds
[136.847s][info][safepoint] Total time for which application threads were stopped: 0.0000977 seconds, Stopping threads took: 0.0000005 seconds
[136.847s][info][gc       ] [SPS 0.000 0.005 0.009 0.008 0.000 0.001 0.000 0.070 0.017 0.097 NewGC_pause4 136.846486 ]
[136.941s][info][gc       ] [GC New Max 356-328 : 6356 4922 4884 6356 - - 1019 20 2 2 - : 2750 1814 28 292 2788 : 2458 11 324 324 98 : 0 288 348 0 1320 - 55 : 0.242533 2696.5 0.0 0.656499 1581.1 0.0 : 8 --c 0000 : 23 0 0.000 0.000 0 0.000 0.000 0 0.000 0.000 : 136.284490 136.525619 0.000108 136.833639 0.000043 136.834557 0.000044 136.846389 0.000075 : 136.940990 ]
[136.941s][info][gc       ] [SYSINFO 8464 195 63 0 7918 0 16 0 0 6942 : - - - - - - - - : 0 7168 : 3.78 2.93 2.09 : 271935 4216716 : 0 0 : 31 0 : 2445 2 0 267 : - 8573091840 583921664 1100734464 7200940032 203833344 66772992 : 139899904 24691150 505290 0 0 0 : 136.941274 ]
[136.941s][info][gc       ] [HUGEPAGESTAT 0 0 0 - 83087 0 0 : 430080 0 0 : 136.941274 ]
[136.941s][info][gc       ] [OBJCREAT 421128419 25610 20131840 : 136.941325 ]
[136.941s][info][gc       ] [HMSV All : 0 0 130 0 0 0 0 0 : 6192 0 0 0 : 136.941343 ]
[136.941s][info][gc       ] [HMSP 60 : 51112 0 : 136.941343 ]
[136.942s][info][gc       ] [VMAC 65530 170 24 492 686 : 136.941852 ]
[137.002s][info][gc       ] [GPGC-H  4047.2 644.7 0.1 0.0 : 16.6 : 0.656 0.000 : 0.522 0.931 0.753 1.418 : 2.967 0.000 0.722 0.704 1.811 0.608 : 0.000 : 92.099 : 2968 1814 28 0 : 2275 : 5720 5428 : 137.002152 : 8 May_exceed_heap_occupancy_target ]
[137.009s][info][safepoint] Application time: 0.1617769 seconds
[137.009s][info][safepoint] Total time for which application threads were stopped: 0.0003627 seconds, Stopping threads took: 0.0000004 seconds
[137.009s][info][gc       ] [SPS 0.000 0.001 0.003 0.006 0.000 0.001 0.000 0.330 0.025 0.363 NewGC_pause1 137.008626 ]
[137.372s][info][safepoint] Application time: 0.3632835 seconds
[137.372s][info][safepoint] Total time for which application threads were stopped: 0.0000723 seconds, Stopping threads took: 0.0000005 seconds
[137.372s][info][gc       ] [SPS 0.000 0.001 0.000 0.008 0.001 0.001 0.000 0.046 0.017 0.072 NewGC_pause2 137.371982 ]
[137.373s][info][safepoint] Application time: 0.0009659 seconds
[137.373s][info][safepoint] Total time for which application threads were stopped: 0.0000766 seconds, Stopping threads took: 0.0000005 seconds
[137.373s][info][gc       ] [SPS 0.000 0.001 0.000 0.008 0.001 0.001 0.000 0.043 0.025 0.077 NewGC_pause3 137.373024 ]
[137.375s][info][safepoint] Application time: 0.0012124 seconds
[137.375s][info][safepoint] Total time for which application threads were stopped: 0.0007014 seconds, Stopping threads took: 0.0000005 seconds
[137.375s][info][gc       ] [SPS 0.000 0.000 0.000 0.008 0.001 0.001 0.000 0.675 0.018 0.701 OldGC_pause2 137.374938 ]
[137.377s][info][safepoint] Application time: 0.0021378 seconds
[137.377s][info][safepoint] Total time for which application threads were stopped: 0.0001187 seconds, Stopping threads took: 0.0000005 seconds
[137.378s][info][gc       ] [SPS 0.000 0.003 0.004 0.013 0.001 0.001 0.000 0.062 0.042 0.119 NewGC_pause4 137.377195 ]
[137.380s][info][safepoint] Application time: 0.0024843 seconds
[137.382s][info][safepoint] Total time for which application threads were stopped: 0.0000821 seconds, Stopping threads took: 0.0000006 seconds
[137.381s][info][gc       ] [VMAC 65530 170 24 492 686 : 137.380570 ]
[137.380s][info][gc       ] [GC NTO Max 357-329 : 6356 5858 4762 6356 - - 1019 20 2 2 - : 2628 1814 28 292 3724 : 2508 12 1205 1205 0 : 0 6 372 0 1259 - 55 : 0.061605 3571.2 0.0 0.376647 2033.7 0.0 : 8 --c 0000 : 23 351 0.000 0.000 0 0.000 0.000 351 0.000 0.000 : 137.002594 137.008263 0.000332 137.371910 0.000049 137.372948 0.000047 137.377076 0.000066 : 137.379241 ]
[137.380s][info][gc       ] [SYSINFO 8464 195 63 0 7918 0 16 0 0 6942 : - - - - - - - - : 0 7168 : 4.19 3.04 2.12 : 271935 4216716 : 0 0 : 31 0 : 2445 6 0 267 : - 8573091840 583921664 1100734464 7200940032 203833344 66772992 : 139899904 24694550 505370 0 0 0 : 137.379675 ]
[137.380s][info][gc       ] [HUGEPAGESTAT 0 0 0 - 83087 0 0 : 430080 0 0 : 137.379675 ]
[137.380s][info][gc       ] [OBJCREAT 422101473 25675 20131840 : 137.379764 ]
[137.380s][info][gc       ] [HMSV All : 0 0 130 0 0 0 0 0 : 6192 0 0 0 : 137.379790 ]
[137.380s][info][gc       ] [HMSP 60 : 51112 0 : 137.379790 ]
[137.382s][info][gc       ] [SPS 0.000 0.001 0.000 0.009 0.001 0.001 0.001 0.049 0.022 0.082 OldGC_pause3 137.379762 ]
[137.383s][info][gc       ] [GPGC-H  4019.4 644.7 0.1 0.0 : 16.6 : 0.655 0.000 : 0.522 0.931 0.753 1.418 : 2.960 0.000 0.722 0.704 1.811 0.608 : 0.000 : 92.068 : 2636 1814 28 0 : 2275 : 5720 5428 : 137.382973 : 8 May_exceed_heap_occupancy_target ]
[137.389s][info][safepoint] Application time: 0.0086285 seconds
[137.389s][info][safepoint] Total time for which application threads were stopped: 0.0001645 seconds, Stopping threads took: 0.0000007 seconds
[137.389s][info][gc       ] [SPS 0.000 0.003 0.004 0.010 0.001 0.001 0.000 0.128 0.025 0.165 NewGC_pause1 137.388555 ]
[137.746s][info][safepoint] Application time: 0.3575232 seconds
[137.746s][info][safepoint] Total time for which application threads were stopped: 0.0000934 seconds, Stopping threads took: 0.0000005 seconds
[137.747s][info][gc       ] [SPS 0.000 0.001 0.000 0.007 0.001 0.001 0.000 0.060 0.025 0.093 NewGC_pause2 137.746172 ]
[137.747s][info][safepoint] Application time: 0.0009414 seconds
[137.747s][info][safepoint] Total time for which application threads were stopped: 0.0000776 seconds, Stopping threads took: 0.0000005 seconds
[137.747s][info][gc       ] [SPS 0.000 0.000 0.000 0.007 0.000 0.001 0.000 0.050 0.019 0.078 NewGC_pause3 137.747191 ]
[137.753s][info][safepoint] Application time: 0.0060453 seconds
[137.754s][info][safepoint] Total time for which application threads were stopped: 0.0000831 seconds, Stopping threads took: 0.0000005 seconds
[137.754s][info][gc       ] [SPS 0.000 0.004 0.006 0.007 0.001 0.001 0.000 0.057 0.017 0.083 NewGC_pause4 137.753319 ]
[137.792s][info][gc       ] [GC New Max 359-330 : 6356 5540 4826 6356 - - 1019 20 2 2 - : 2692 1814 28 292 3406 : 2526 12 868 868 0 : 0 116 381 0 1291 - 55 : 0.005212 2302.2 0.0 0.407273 2077.2 0.0 : 8 --c 0000 : 23 0 0.000 0.000 0 0.000 0.000 0 0.000 0.000 : 137.384454 137.388390 0.000128 137.746078 0.000061 137.747113 0.000052 137.753236 0.000053 : 137.791726 ]
[137.792s][info][gc       ] [SYSINFO 8464 195 63 0 7918 0 16 0 0 6942 : - - - - - - - - : 0 7168 : 4.19 3.04 2.12 : 271935 4216716 : 0 0 : 31 0 : 2445 2 0 267 : - 8573091840 583921664 1100734464 7200940032 203833344 66772992 : 139899904 24698200 505480 0 0 0 : 137.792002 ]
[137.792s][info][gc       ] [HUGEPAGESTAT 0 0 0 - 83087 0 0 : 430080 0 0 : 137.792002 ]
[137.792s][info][gc       ] [OBJCREAT 422954187 25675 20131840 : 137.792054 ]
[137.792s][info][gc       ] [HMSV All : 0 0 130 0 0 0 0 0 : 6192 0 0 0 : 137.792073 ]
[137.792s][info][gc       ] [HMSP 60 : 51112 0 : 137.792073 ]
[137.792s][info][gc       ] [GPGC-H  4019.4 629.5 0.1 0.0 : 16.2 : 0.654 0.000 : 0.522 0.931 0.753 1.418 : 2.960 0.000 0.722 0.704 1.811 0.608 : 0.000 : 98.976 : 2694 1814 28 0 : 2275 : 5720 5428 : 137.792414 : 8 May_exceed_heap_occupancy_target ]
[137.793s][info][gc       ] [VMAC 65530 170 24 492 686 : 137.792544 ]
[137.794s][info][safepoint] Application time: 0.0402387 seconds
[137.794s][info][safepoint] Total time for which application threads were stopped: 0.0001304 seconds, Stopping threads took: 0.0000005 seconds
[137.794s][info][gc       ] [SPS 0.000 0.003 0.006 0.007 0.000 0.001 0.000 0.064 0.057 0.131 OldGC_pause4 137.793689 ]
[137.795s][info][gc       ] [GC Old Max 358-29 : 6356 5858 3030 6356 - - 1019 20 2 2 - : 2700 8 30 292 1848 : 26 11 1806 1806 0 : 0 6 0 0 19 - 0 : 9.327512 8.6 0.2 0.790075 0.0 0.0 : 3 --c 0000 : 23   -    -    -    -    -    -    -    -    -  : 137.004450 137.008263 0.000332 137.374237 0.000659 137.379680 0.000052 137.793558 0.000065 : 137.794526 ]
[137.795s][info][gc       ] [SYSINFO 8464 195 63 0 7918 0 16 0 0 6942 : - - - - - - - - : 0 7168 : 4.19 3.04 2.12 : 271935 4216716 : 0 0 : 31 0 : 2445 2 0 267 : - 8573091840 583921664 1100734464 7200940032 203833344 66772992 : 139899904 24698200 505480 0 0 0 : 137.794810 ]
[137.795s][info][gc       ] [HUGEPAGESTAT 0 0 0 - 83087 0 0 : 430080 0 0 : 137.794810 ]
[137.795s][info][gc       ] [OBJCREAT 422962116 25675 20131840 : 137.794855 ]
[137.795s][info][gc       ] [HMSV All : 0 0 130 0 0 0 0 0 : 6192 0 0 0 : 137.794869 ]
[137.795s][info][gc       ] [HMSP 60 : 51112 0 : 137.794869 ]
[137.795s][info][gc       ] [COMPSTATS 1 : 5 0 : 1 0 : 0 0 : 526 5 0 0 0 0 : 0 0 0 0 0 0 : 135 136 15 : 531 0 0 0 0 0 0 : 531 0 0 0 0 0 0 ]
[137.795s][info][gc       ] [COMPSTATS 2 : 5 0 : 1 0 : 0 0 : 129 11 0 0 0 0 : 0 0 0 0 0 0 : 48891 48995 9410 : 69 45 26 0 0 0 0 : 32 86 17 4 1 0 0 ]
[137.795s][info][gc       ] [DEOPTSTATS 1 : 1 0 : 0 0 : 0 0 : 0 0 : 0 12 : 0 0 : 0 0 : 0 0 : 0 0 : 0 0 : 0 0 : 0 0 : 0 0 : 0 0 : 0 0 : 0 0 : 0 0 : 0 0 : 0 0 : 0 0 : 0 0 : 0 0 : 0 0 : 0 0 : 0 0 : 0 0 : 0 0 : 0 0 : 0 0 : 0 0 : 6 0 : 0 0 : 0 0 : 0 0 : 0 0 : 0 0 : 0 0 : 0 0 : 0 0 : 0 0 : 0 0 : 0 0 ]
[137.795s][info][gc       ] [DEOPTSTATS 2 : 0 0 : 0 0 : 0 0 : 0 0 : 0 0 : 0 0 : 0 11 : 0 0 : 0 0 : 0 0 : 0 0 : 0 0 : 0 0 : 0 0 : 0 0 : 0 0 : 0 0 : 0 0 : 0 0 : 0 0 : 0 0 : 0 0 : 0 0 : 0 0 : 0 0 : 0 0 : 0 0 : 0 0 : 0 0 : 0 0 : 5 0 : 0 0 : 0 0 : 0 0 : 0 1 : 0 0 : 0 0 : 0 0 : 0 0 : 0 3 : 0 0 : 0 0 ]
[137.795s][info][gc       ] [CCF 0 0 0 0 32 181248: 3079680 : 380 196608 : 3 49152 : 317 311808 :  519 642048 : 120 416256 : 0 0 : 15 1228800 : 1 2048]
[137.795s][info][gc       ] [VMAC 65530 170 24 492 686 : 137.795332 ]
[137.801s][info][safepoint] Application time: 0.0074300 seconds
[137.801s][info][safepoint] Total time for which application threads were stopped: 0.0001236 seconds, Stopping threads took: 0.0000005 seconds
[137.801s][info][gc       ] [SPS 0.000 0.003 0.003 0.007 0.000 0.001 0.000 0.097 0.018 0.124 NewGC_pause1 137.801242 ]
[138.108s][info][safepoint] Application time: 0.3063816 seconds
[138.108s][info][safepoint] Total time for which application threads were stopped: 0.0000804 seconds, Stopping threads took: 0.0000005 seconds
[138.108s][info][gc       ] [SPS 0.000 0.001 0.000 0.007 0.000 0.001 0.000 0.052 0.019 0.080 NewGC_pause2 138.107704 ]
[138.109s][info][safepoint] Application time: 0.0008953 seconds
[138.109s][info][safepoint] Total time for which application threads were stopped: 0.0000655 seconds, Stopping threads took: 0.0000005 seconds
[138.109s][info][gc       ] [SPS 0.000 0.001 0.000 0.007 0.001 0.001 0.000 0.042 0.015 0.065 NewGC_pause3 138.108665 ]
[138.111s][info][safepoint] Application time: 0.0018542 seconds
[138.111s][info][safepoint] Total time for which application threads were stopped: 0.0000724 seconds, Stopping threads took: 0.0000005 seconds
[138.111s][info][gc       ] [SPS 0.000 0.003 0.002 0.007 0.001 0.001 0.000 0.046 0.018 0.073 NewGC_pause4 138.110592 ]
[138.113s][info][gc       ] [GC New Max 360-331 : 6356 4830 2872 6356 - - 1019 20 2 2 - : 2542 8 30 292 3402 : 2448 12 941 941 0 : 0 8 342 0 1216 - 55 : 0.005979 3010.7 0.0 0.314814 2223.5 0.0 : 8 --c 0000 : 23 0 0.000 0.000 0 0.000 0.000 0 0.000 0.000 : 137.797705 137.801119 0.000100 138.107624 0.000055 138.108600 0.000045 138.110520 0.000048 : 138.112519 ]
[138.113s][info][gc       ] [SYSINFO 8464 195 63 0 7918 0 16 0 0 6942 : - - - - - - - - : 0 7168 : 4.19 3.04 2.12 : 271935 4216716 : 0 0 : 31 0 : 2445 2 0 267 : - 8573091840 583921664 1100734464 7200940032 203833344 66772992 : 139899904 24701010 505580 0 0 0 : 138.112777 ]
[138.113s][info][gc       ] [HUGEPAGESTAT 0 0 0 - 83087 0 0 : 430080 0 0 : 138.112777 ]
[138.113s][info][gc       ] [OBJCREAT 423664608 25675 20131840 : 138.112826 ]
[138.113s][info][gc       ] [HMSV All : 0 0 130 0 0 0 0 0 : 6192 0 0 0 : 138.112842 ]
[138.113s][info][gc       ] [HMSP 60 : 51112 0 : 138.112842 ]
[138.113s][info][gc       ] [GPGC-H  4019.4 629.5 0.1 0.0 : 16.2 : 0.652 0.000 : 0.522 0.916 0.753 1.418 : 2.958 0.000 0.722 0.667 1.811 0.608 : 0.000 : 99.690 : 2544 8 30 0 : 2275 : 5720 5428 : 138.113088 : 9 Next_heuristic_check_may_be_too_late ]
[138.113s][info][gc       ] [VMAC 65530 170 24 492 686 : 138.113357 ]
[138.116s][info][safepoint] Application time: 0.0055458 seconds
[138.116s][info][safepoint] Total time for which application threads were stopped: 0.0001175 seconds, Stopping threads took: 0.0000005 seconds
[138.117s][info][gc       ] [SPS 0.000 0.003 0.002 0.007 0.000 0.001 0.000 0.094 0.015 0.117 NewGC_pause1 138.116255 ]
[138.436s][info][safepoint] Application time: 0.3193475 seconds
[138.436s][info][safepoint] Total time for which application threads were stopped: 0.0000804 seconds, Stopping threads took: 0.0000005 seconds
[138.436s][info][gc       ] [SPS 0.000 0.002 0.000 0.008 0.001 0.001 0.000 0.054 0.017 0.081 NewGC_pause2 138.435684 ]
[138.437s][info][safepoint] Application time: 0.0010204 seconds
[138.437s][info][safepoint] Total time for which application threads were stopped: 0.0000665 seconds, Stopping threads took: 0.0000005 seconds
[138.437s][info][gc       ] [SPS 0.000 0.001 0.000 0.007 0.001 0.001 0.000 0.042 0.016 0.067 NewGC_pause3 138.436771 ]
[138.448s][info][safepoint] Application time: 0.0111075 seconds
[138.448s][info][safepoint] Total time for which application threads were stopped: 0.0000748 seconds, Stopping threads took: 0.0000005 seconds
[138.448s][info][gc       ] [SPS 0.000 0.004 0.004 0.007 0.001 0.001 0.000 0.050 0.016 0.075 NewGC_pause4 138.447953 ]
[138.765s][info][gc       ] [GC New Max 361-332 : 6356 3954 3954 6356 - - 1019 20 2 2 - : 2894 738 30 292 3378 : 2592 5 775 775 46 : 365 0 414 0 1447 - 0 : 0.000661 3027.0 0.0 0.651155 2761.2 0.0 : 8 --c 0000 : 23 0 0.000 0.000 0 0.000 0.000 0 0.000 0.000 : 138.113180 138.116138 0.000098 138.435603 0.000049 138.436704 0.000046 138.447878 0.000055 : 138.764335 ]
[138.765s][info][gc       ] [SYSINFO 8464 195 63 0 7918 0 16 0 0 6942 : - - - - - - - - : 0 7168 : 4.19 3.04 2.12 : 271935 4216716 : 0 0 : 31 0 : 2445 2 0 267 : - 8573091840 583921664 1100734464 7200940032 203833344 66772992 : 139899904 24705610 505650 0 0 0 : 138.764683 ]
[138.765s][info][gc       ] [HUGEPAGESTAT 0 0 0 - 83087 0 0 : 430080 0 0 : 138.764683 ]
[138.765s][info][gc       ] [OBJCREAT 425446702 25675 20779008 : 138.764732 ]
[138.765s][info][gc       ] [HMSV All : 0 0 130 0 0 0 0 0 : 6192 0 0 0 : 138.764753 ]
[138.765s][info][gc       ] [HMSP 60 : 51112 0 : 138.764753 ]
[138.765s][info][gc       ] [GPGC-H  4019.4 629.5 0.1 0.0 : 16.2 : 0.651 0.000 : 0.522 0.916 0.753 1.418 : 3.026 0.000 0.722 0.667 1.811 0.608 : 0.000 : 99.899 : 2898 738 30 0 : 2275 : 5720 5428 : 138.765250 : 8 May_exceed_heap_occupancy_target ]
[138.765s][info][gc       ] [VMAC 65530 170 24 492 686 : 138.765261 ]
[138.770s][info][safepoint] Application time: 0.3222306 seconds
[138.771s][info][safepoint] Total time for which application threads were stopped: 0.0002281 seconds, Stopping threads took: 0.0000004 seconds
[138.771s][info][gc       ] [SPS 0.000 0.001 0.008 0.007 0.000 0.001 0.000 0.193 0.032 0.233 NewGC_pause1 138.770417 ]
[139.097s][info][safepoint] Application time: 0.3265850 seconds
[139.097s][info][safepoint] Total time for which application threads were stopped: 0.0000746 seconds, Stopping threads took: 0.0000005 seconds
[139.097s][info][gc       ] [SPS 0.000 0.001 0.000 0.008 0.000 0.001 0.001 0.048 0.016 0.074 NewGC_pause2 139.097071 ]
[139.098s][info][safepoint] Application time: 0.0009889 seconds
[139.098s][info][safepoint] Total time for which application threads were stopped: 0.0000874 seconds, Stopping threads took: 0.0000005 seconds
[139.098s][info][gc       ] [SPS 0.000 0.001 0.000 0.007 0.000 0.001 0.000 0.057 0.022 0.088 NewGC_pause3 139.098149 ]
[139.100s][info][safepoint] Application time: 0.0011035 seconds
[139.100s][info][safepoint] Total time for which application threads were stopped: 0.0007435 seconds, Stopping threads took: 0.0000007 seconds
[139.100s][info][gc       ] [SPS 0.000 0.000 0.000 0.032 0.001 0.001 0.001 0.681 0.029 0.744 OldGC_pause2 139.099995 ]
[139.103s][info][safepoint] Application time: 0.0030897 seconds
[139.104s][info][safepoint] Total time for which application threads were stopped: 0.0000998 seconds, Stopping threads took: 0.0000005 seconds
[139.104s][info][gc       ] [SPS 0.000 0.001 0.000 0.012 0.001 0.001 0.001 0.065 0.021 0.101 OldGC_pause3 139.103186 ]
[139.112s][info][safepoint] Application time: 0.0082144 seconds
[139.112s][info][safepoint] Total time for which application threads were stopped: 0.0000894 seconds, Stopping threads took: 0.0000005 seconds
[139.112s][info][gc       ] [SPS 0.000 0.004 0.011 0.008 0.001 0.001 0.001 0.059 0.019 0.089 NewGC_pause4 139.111489 ]
[139.298s][info][gc       ] [GC NTO Max 362-333 : 6356 4580 3124 6356 - - 1019 20 2 2 - : 1454 1348 30 292 3520 : 1665 4 1852 1852 14 : 305 0 305 0 727 - 0 : 0.001125 3554.2 0.0 0.532439 1866.9 0.0 : 8 --c 0000 : 23 0 0.000 0.000 0 0.000 0.000 0 0.000 0.000 : 138.765461 138.770184 0.000197 139.096997 0.000053 139.098060 0.000057 139.111400 0.000066 : 139.297899 ]
[139.298s][info][gc       ] [SYSINFO 8464 195 63 0 7918 0 16 0 0 6942 : - - - - - - - - : 0 7168 : 4.19 3.04 2.12 : 271935 4216716 : 0 0 : 31 0 : 2445 2 0 267 : - 8573091840 583921664 1100734464 7200940032 203833344 66772992 : 139899904 24711220 505830 0 0 0 : 139.298326 ]
[139.298s][info][gc       ] [HUGEPAGESTAT 0 0 0 - 83087 0 0 : 430080 0 0 : 139.298326 ]
[139.298s][info][gc       ] [OBJCREAT 426434321 25675 21403648 : 139.298451 ]
[139.298s][info][gc       ] [HMSV All : 0 0 130 0 0 0 0 0 : 6192 0 0 0 : 139.298477 ]
[139.298s][info][gc       ] [HMSP 60 : 51112 0 : 139.298477 ]
[139.299s][info][gc       ] [VMAC 65530 170 24 492 686 : 139.299209 ]
[139.300s][info][safepoint] Application time: 0.1886264 seconds
[139.300s][info][safepoint] Total time for which application threads were stopped: 0.0000976 seconds, Stopping threads took: 0.0000005 seconds
[139.301s][info][gc       ] [SPS 0.001 0.004 0.010 0.008 0.001 0.001 0.000 0.063 0.025 0.098 OldGC_pause4 139.300213 ]
[139.303s][info][gc       ] [GC Old Max 363-30 : 6356 4580 3132 6356 - - 1019 20 2 2 - : 1466 1342 32 292 1396 : 1356 27 1 1 0 : 0 11 305 3 632 - 55 : 0.972349 650.0 0.0 0.535879 1138.3 0.0 : 4 --c 0000 : 23   -    -    -    -    -    -    -    -    -  : 138.766875 138.770184 0.000197 139.099252 0.000688 139.103085 0.000074 139.300116 0.000064 : 139.302753 ]
[139.303s][info][gc       ] [SYSINFO 8464 195 63 0 7918 0 16 0 0 6942 : - - - - - - - - : 0 7168 : 4.19 3.04 2.12 : 271935 4216716 : 0 0 : 31 0 : 2445 2 0 267 : - 8573091840 583921664 1100734464 7200940032 203833344 66772992 : 139899904 24711230 505850 0 0 0 : 139.303140 ]
[139.303s][info][gc       ] [HUGEPAGESTAT 0 0 0 - 83087 0 0 : 430080 0 0 : 139.303140 ]
[139.303s][info][gc       ] [OBJCREAT 426444232 25675 21403648 : 139.303230 ]
[139.303s][info][gc       ] [HMSV All : 0 0 130 0 0 0 0 0 : 6192 0 0 0 : 139.303259 ]
[139.303s][info][gc       ] [HMSP 60 : 51112 0 : 139.303259 ]
[139.303s][info][gc       ] [COMPSTATS 1 : 5 0 : 1 0 : 0 0 : 526 5 0 0 0 0 : 0 0 0 0 0 0 : 135 136 15 : 531 0 0 0 0 0 0 : 531 0 0 0 0 0 0 ]
[139.303s][info][gc       ] [COMPSTATS 2 : 5 0 : 1 0 : 0 0 : 129 11 0 0 0 0 : 0 0 0 0 0 0 : 48891 48995 9410 : 69 45 26 0 0 0 0 : 32 86 17 4 1 0 0 ]
[139.303s][info][gc       ] [DEOPTSTATS 1 : 1 0 : 0 0 : 0 0 : 0 0 : 0 12 : 0 0 : 0 0 : 0 0 : 0 0 : 0 0 : 0 0 : 0 0 : 0 0 : 0 0 : 0 0 : 0 0 : 0 0 : 0 0 : 0 0 : 0 0 : 0 0 : 0 0 : 0 0 : 0 0 : 0 0 : 0 0 : 0 0 : 0 0 : 0 0 : 0 0 : 6 0 : 0 0 : 0 0 : 0 0 : 0 0 : 0 0 : 0 0 : 0 0 : 0 0 : 0 0 : 0 0 : 0 0 ]
[139.303s][info][gc       ] [DEOPTSTATS 2 : 0 0 : 0 0 : 0 0 : 0 0 : 0 0 : 0 0 : 0 11 : 0 0 : 0 0 : 0 0 : 0 0 : 0 0 : 0 0 : 0 0 : 0 0 : 0 0 : 0 0 : 0 0 : 0 0 : 0 0 : 0 0 : 0 0 : 0 0 : 0 0 : 0 0 : 0 0 : 0 0 : 0 0 : 0 0 : 0 0 : 5 0 : 0 0 : 0 0 : 0 0 : 0 1 : 0 0 : 0 0 : 0 0 : 0 0 : 0 3 : 0 0 : 0 0 ]
[139.304s][info][gc       ] [VMAC 65530 170 24 492 686 : 139.303805 ]
[139.304s][info][gc       ] [CCF 0 0 0 0 32 181248: 3079680 : 380 196608 : 3 49152 : 317 311808 :  519 642048 : 120 416256 : 0 0 : 15 1228800 : 1 2048]
[139.500s][info][gc       ] [GPGC-H  3977.9 629.5 0.1 0.0 : 16.2 : 0.650 0.536 : 0.522 0.925 0.753 1.418 : 3.189 0.915 0.722 0.667 1.811 0.608 : 0.000 : 99.898 : 2036 1342 32 0 : 2275 : 5720 5428 : 139.500094 : 9 Next_heuristic_check_may_be_too_late ]
[139.505s][info][safepoint] Application time: 0.2042640 seconds
[139.505s][info][safepoint] Total time for which application threads were stopped: 0.0001822 seconds, Stopping threads took: 0.0000006 seconds
[139.506s][info][gc       ] [SPS 0.000 0.006 0.009 0.011 0.001 0.001 0.001 0.144 0.025 0.182 NewGC_pause1 139.504660 ]
[139.718s][info][safepoint] Application time: 0.2128538 seconds
[139.718s][info][safepoint] Total time for which application threads were stopped: 0.0000895 seconds, Stopping threads took: 0.0000005 seconds
[139.718s][info][gc       ] [SPS 0.000 0.001 0.000 0.007 0.001 0.001 0.000 0.052 0.029 0.089 NewGC_pause2 139.717603 ]
[139.719s][info][safepoint] Application time: 0.0010389 seconds
[139.719s][info][safepoint] Total time for which application threads were stopped: 0.0000785 seconds, Stopping threads took: 0.0000006 seconds
[139.719s][info][gc       ] [SPS 0.000 0.001 0.000 0.008 0.001 0.001 0.000 0.046 0.023 0.078 NewGC_pause3 139.718721 ]
[139.735s][info][safepoint] Application time: 0.0166140 seconds
[139.736s][info][safepoint] Total time for which application threads were stopped: 0.0000791 seconds, Stopping threads took: 0.0000005 seconds
[139.736s][info][gc       ] [SPS 0.000 0.005 0.011 0.007 0.001 0.001 0.000 0.050 0.019 0.079 NewGC_pause4 139.735414 ]
[139.891s][info][gc       ] [GC New Max 364-334 : 6356 4070 2718 6356 - - 1019 20 2 2 - : 662 1732 32 292 2404 : 817 3 1585 1585 1 : 195 0 181 0 331 - 0 : 0.202889 2878.4 0.0 0.389933 1502.8 0.0 : 8 --c 0000 : 23 0 0.000 0.000 0 0.000 0.000 0 0.000 0.000 : 139.500788 139.504477 0.000147 139.717514 0.000049 139.718642 0.000048 139.735335 0.000055 : 139.890721 ]
[139.891s][info][gc       ] [SYSINFO 8464 195 63 0 7918 0 16 0 0 6942 : - - - - - - - - : 0 7168 : 4.19 3.04 2.12 : 271935 4216716 : 0 0 : 31 0 : 2445 2 0 267 : - 8573091840 583921664 1100734464 7200940032 203833344 66772992 : 139899904 24714740 505900 0 0 0 : 139.891042 ]
[139.891s][info][gc       ] [HUGEPAGESTAT 0 0 0 - 83087 0 0 : 430080 0 0 : 139.891042 ]
[139.891s][info][gc       ] [OBJCREAT 427593416 25675 21764096 : 139.891103 ]
[139.891s][info][gc       ] [HMSV All : 0 0 130 0 0 0 0 0 : 6192 0 0 0 : 139.891121 ]
[139.891s][info][gc       ] [HMSP 60 : 51112 0 : 139.891121 ]
[139.892s][info][gc       ] [VMAC 65530 170 24 492 686 : 139.891643 ]
[140.113s][info][gc       ] [GPGC-H  3977.9 759.3 0.1 0.0 : 15.9 : 0.648 0.536 : 0.522 0.925 0.753 1.418 : 3.189 0.915 0.722 0.667 1.811 0.608 : 0.000 : 99.665 : 1382 1732 32 0 : 2275 : 5720 5428 : 140.113005 : 9 Next_heuristic_check_may_be_too_late ]
[140.116s][info][safepoint] Application time: 0.3803105 seconds
[140.116s][info][safepoint] Total time for which application threads were stopped: 0.0003056 seconds, Stopping threads took: 0.0000005 seconds
[140.117s][info][gc       ] [SPS 0.000 0.005 0.003 0.006 0.000 0.001 0.001 0.250 0.048 0.306 NewGC_pause1 140.116030 ]
[140.234s][info][safepoint] Application time: 0.1177755 seconds
[140.234s][info][safepoint] Total time for which application threads were stopped: 0.0001464 seconds, Stopping threads took: 0.0000005 seconds
[140.235s][info][gc       ] [SPS 0.000 0.001 0.000 0.007 0.001 0.001 0.000 0.110 0.028 0.147 NewGC_pause2 140.233952 ]
[140.235s][info][safepoint] Application time: 0.0012772 seconds
[140.236s][info][safepoint] Total time for which application threads were stopped: 0.0001601 seconds, Stopping threads took: 0.0000016 seconds
[140.236s][info][gc       ] [SPS 0.000 0.001 0.000 0.007 0.002 0.001 0.000 0.122 0.028 0.160 NewGC_pause3 140.235390 ]
[140.244s][info][safepoint] Application time: 0.0085593 seconds
[140.245s][info][safepoint] Total time for which application threads were stopped: 0.0001762 seconds, Stopping threads took: 0.0000006 seconds
[140.245s][info][gc       ] [SPS 0.000 0.004 0.009 0.008 0.001 0.001 0.000 0.137 0.029 0.176 NewGC_pause4 140.244126 ]
[140.281s][info][gc       ] [GC New Max 365-335 : 6356 3726 2502 6356 - - 1019 20 2 2 - : 368 1810 32 292 1670 : 357 4 1310 1310 0 : 39 1 140 0 184 - 0 : 0.222603 3243.4 0.0 0.167827 2216.6 0.0 : 8 --c 0000 : 23 0 0.000 0.000 0 0.000 0.000 0 0.000 0.000 : 140.113324 140.115725 0.000199 140.233806 0.000105 140.235229 0.000056 140.243949 0.000063 : 140.281150 ]
[140.281s][info][gc       ] [SYSINFO 8464 195 63 0 7918 0 16 0 0 6942 : - - - - - - - - : 0 7168 : 4.19 3.04 2.12 : 271935 4216716 : 0 0 : 31 0 : 2445 2 0 267 : - 8573091840 583921664 1100734464 7200940032 203833344 66772992 : 139899904 24716460 505900 0 0 0 : 140.281443 ]
[140.281s][info][gc       ] [HUGEPAGESTAT 0 0 0 - 83087 0 0 : 430080 0 0 : 140.281443 ]
[140.281s][info][gc       ] [OBJCREAT 428676111 25675 21843968 : 140.281500 ]
[140.282s][info][gc       ] [HMSV All : 0 0 130 0 0 0 0 0 : 6192 0 0 0 : 140.281521 ]
[140.282s][info][gc       ] [HMSP 60 : 51112 0 : 140.281521 ]
[140.282s][info][gc       ] [VMAC 65530 170 24 492 686 : 140.282086 ]
[140.523s][info][gc       ] [GPGC-H  3977.9 759.3 0.1 0.0 : 15.9 : 0.645 0.536 : 0.522 0.925 0.753 1.418 : 3.188 0.915 0.722 0.667 1.811 0.608 : 0.000 : 99.410 : 1184 1810 32 0 : 2275 : 5720 5428 : 140.523148 : 9 Next_heuristic_check_may_be_too_late ]
[140.526s][info][safepoint] Application time: 0.2812509 seconds
[140.526s][info][safepoint] Total time for which application threads were stopped: 0.0001919 seconds, Stopping threads took: 0.0000004 seconds
[140.526s][info][gc       ] [SPS 0.000 0.004 0.009 0.007 0.000 0.001 0.000 0.167 0.016 0.191 NewGC_pause1 140.525568 ]
[140.603s][info][safepoint] Application time: 0.0772161 seconds
[140.603s][info][safepoint] Total time for which application threads were stopped: 0.0001285 seconds, Stopping threads took: 0.0000004 seconds
[140.603s][info][gc       ] [SPS 0.000 0.002 0.000 0.006 0.000 0.001 0.000 0.103 0.017 0.129 NewGC_pause2 140.602913 ]
[140.604s][info][safepoint] Application time: 0.0010745 seconds
[140.604s][info][safepoint] Total time for which application threads were stopped: 0.0000661 seconds, Stopping threads took: 0.0000004 seconds
[140.604s][info][gc       ] [SPS 0.000 0.000 0.000 0.006 0.000 0.001 0.000 0.040 0.018 0.066 NewGC_pause3 140.604054 ]
[140.605s][info][safepoint] Application time: 0.0013112 seconds
[140.606s][info][safepoint] Total time for which application threads were stopped: 0.0000847 seconds, Stopping threads took: 0.0000005 seconds
[140.606s][info][gc       ] [SPS 0.000 0.003 0.002 0.006 0.000 0.001 0.000 0.048 0.029 0.085 NewGC_pause4 140.605450 ]
[140.606s][info][gc       ] [GC New Max 366-336 : 6356 3500 2316 6356 - - 1020 20 2 2 - : 182 1810 32 292 1366 : 178 4 1189 1189 0 : 0 1 89 0 91 - 0 : 0.242255 3376.6 0.0 0.082444 2231.8 0.0 : 8 --c 0000 : 23 0 0.000 0.000 0 0.000 0.000 0 0.000 0.000 : 140.523405 140.525377 0.000171 140.602785 0.000104 140.603988 0.000041 140.605365 0.000052 : 140.605849 ]
[140.606s][info][gc       ] [SYSINFO 8465 195 63 0 7919 0 16 0 0 6942 : - - - - - - - - : 0 7168 : 4.19 3.04 2.12 : 271935 4216716 : 0 0 : 31 0 : 2445 2 0 267 : - 8574136320 583921664 1101778944 7200940032 203833344 66772992 : 139899904 24717350 505910 0 0 0 : 140.606077 ]
[140.606s][info][gc       ] [HUGEPAGESTAT 0 0 0 - 83087 0 0 : 446464 0 0 : 140.606077 ]
[140.606s][info][gc       ] [OBJCREAT 429666515 25675 21843968 : 140.606121 ]
[140.606s][info][gc       ] [HMSV All : 0 0 130 0 0 0 0 0 : 6192 0 0 0 : 140.606142 ]
[140.606s][info][gc       ] [HMSP 60 : 51112 0 : 140.606142 ]
[140.607s][info][gc       ] [VMAC 65530 170 24 492 686 : 140.606611 ]
[140.847s][info][gc       ] [GPGC-H  3977.9 759.3 0.1 0.0 : 15.9 : 0.643 0.536 : 0.522 0.925 0.753 1.418 : 3.185 0.915 0.722 0.667 1.811 0.608 : 0.000 : 99.133 : 1038 1810 32 0 : 2275 : 5720 5428 : 140.847441 : 9 Next_heuristic_check_may_be_too_late ]
[140.850s][info][safepoint] Application time: 0.2442651 seconds
[140.850s][info][safepoint] Total time for which application threads were stopped: 0.0002993 seconds, Stopping threads took: 0.0000005 seconds
[140.850s][info][gc       ] [SPS 0.000 0.004 0.007 0.007 0.000 0.001 0.000 0.266 0.025 0.299 NewGC_pause1 140.850015 ]
[140.904s][info][safepoint] Application time: 0.0535027 seconds
[140.904s][info][safepoint] Total time for which application threads were stopped: 0.0001152 seconds, Stopping threads took: 0.0000005 seconds
[140.904s][info][gc       ] [SPS 0.000 0.001 0.000 0.007 0.001 0.001 0.000 0.092 0.015 0.115 NewGC_pause2 140.903632 ]
[140.905s][info][safepoint] Application time: 0.0010246 seconds
[140.905s][info][safepoint] Total time for which application threads were stopped: 0.0000623 seconds, Stopping threads took: 0.0000005 seconds
[140.905s][info][gc       ] [SPS 0.000 0.000 0.000 0.007 0.001 0.001 0.000 0.040 0.014 0.062 NewGC_pause3 140.904719 ]
[140.906s][info][safepoint] Application time: 0.0012126 seconds
[140.906s][info][safepoint] Total time for which application threads were stopped: 0.0000809 seconds, Stopping threads took: 0.0000005 seconds
[140.906s][info][gc       ] [SPS 0.000 0.003 0.002 0.007 0.001 0.001 0.000 0.057 0.016 0.081 NewGC_pause4 140.906013 ]
[140.907s][info][gc       ] [GC New Max 367-337 : 6356 3332 2292 6356 - - 1020 20 2 2 - : 158 1810 32 292 1198 : 154 4 1043 1043 0 : 0 1 77 0 79 - 0 : 0.242056 3544.6 0.0 0.058502 2734.9 0.0 : 8 --c 0000 : 23 0 0.000 0.000 0 0.000 0.000 0 0.000 0.000 : 140.847906 140.849715 0.000194 140.903518 0.000096 140.904657 0.000044 140.905932 0.000060 : 140.906408 ]
[140.907s][info][gc       ] [SYSINFO 8465 195 63 0 7919 0 16 0 0 6942 : - - - - - - - - : 0 7168 : 4.19 3.04 2.12 : 271935 4216716 : 0 0 : 31 0 : 2445 2 0 267 : - 8574136320 583921664 1101778944 7200940032 203833344 66772992 : 139899904 24718060 505920 0 0 0 : 140.906657 ]
[140.907s][info][gc       ] [HUGEPAGESTAT 0 0 0 - 83087 0 0 : 446464 0 0 : 140.906657 ]
[140.907s][info][gc       ] [OBJCREAT 430676923 25675 21843968 : 140.906720 ]
[140.907s][info][gc       ] [HMSV All : 0 0 130 0 0 0 0 0 : 6192 0 0 0 : 140.906739 ]
[140.907s][info][gc       ] [HMSP 60 : 51112 0 : 140.906739 ]
[140.907s][info][gc       ] [VMAC 65530 170 24 492 686 : 140.907308 ]
[141.149s][info][gc       ] [GPGC-H  3977.9 759.3 0.1 0.0 : 15.9 : 0.641 0.536 : 0.522 0.925 0.753 1.418 : 3.180 0.915 0.722 0.667 1.811 0.608 : 0.000 : 98.857 : 1024 1810 32 0 : 2275 : 5720 5428 : 141.148677 : 9 Next_heuristic_check_may_be_too_late ]
[141.151s][info][safepoint] Application time: 0.2450694 seconds
[141.151s][info][safepoint] Total time for which application threads were stopped: 0.0002098 seconds, Stopping threads took: 0.0000004 seconds
[141.152s][info][gc       ] [SPS 0.000 0.042 0.011 0.012 0.000 0.001 0.000 0.176 0.019 0.210 NewGC_pause1 141.151293 ]
[141.202s][info][safepoint] Application time: 0.0507016 seconds
[141.203s][info][safepoint] Total time for which application threads were stopped: 0.0001277 seconds, Stopping threads took: 0.0000004 seconds
[141.203s][info][gc       ] [SPS 0.000 0.001 0.000 0.007 0.000 0.001 0.000 0.098 0.021 0.128 NewGC_pause2 141.202122 ]
[141.203s][info][safepoint] Application time: 0.0013241 seconds
[141.204s][info][safepoint] Total time for which application threads were stopped: 0.0000540 seconds, Stopping threads took: 0.0000004 seconds
[141.204s][info][gc       ] [SPS 0.000 0.000 0.000 0.006 0.000 0.001 0.000 0.034 0.013 0.054 NewGC_pause3 141.203500 ]
[141.205s][info][safepoint] Application time: 0.0010379 seconds
[141.205s][info][safepoint] Total time for which application threads were stopped: 0.0000669 seconds, Stopping threads took: 0.0000005 seconds
[141.205s][info][gc       ] [SPS 0.000 0.003 0.002 0.006 0.000 0.001 0.000 0.045 0.015 0.067 NewGC_pause4 141.204605 ]
[141.205s][info][gc       ] [GC New Max 368-338 : 6356 3334 2306 6356 - - 1020 20 2 2 - : 172 1810 32 292 1200 : 168 4 1031 1031 0 : 0 1 84 0 86 - 0 : 0.242718 3576.2 0.0 0.055884 3149.4 0.0 : 8 --c 0000 : 23 0 0.000 0.000 0 0.000 0.000 0 0.000 0.000 : 141.149127 141.151083 0.000183 141.201994 0.000043 141.203446 0.000037 141.204538 0.000048 : 141.205010 ]
[141.205s][info][gc       ] [SYSINFO 8465 195 63 0 7919 0 16 0 0 6942 : - - - - - - - - : 0 7168 : 4.19 3.04 2.12 : 271935 4216716 : 0 0 : 31 0 : 2445 2 0 267 : - 8574136320 583921664 1101778944 7200940032 203833344 66772992 : 139899904 24718690 505930 0 0 0 : 141.205250 ]
[141.205s][info][gc       ] [HUGEPAGESTAT 0 0 0 - 83087 0 0 : 446464 0 0 : 141.205250 ]
[141.205s][info][gc       ] [OBJCREAT 431710686 25675 21843968 : 141.205298 ]
[141.205s][info][gc       ] [HMSV All : 0 0 130 0 0 0 0 0 : 6192 0 0 0 : 141.205312 ]
[141.205s][info][gc       ] [HMSP 60 : 51112 0 : 141.205312 ]
[141.206s][info][gc       ] [VMAC 65530 170 24 492 686 : 141.205777 ]
[141.467s][info][gc       ] [GPGC-H  3950.0 759.3 0.1 0.0 : 15.9 : 0.639 0.536 : 0.522 0.925 0.753 1.418 : 3.172 0.915 0.722 0.667 1.811 0.608 : 0.000 : 98.581 : 1094 1810 32 0 : 2275 : 5720 5428 : 141.467296 : 9 Next_heuristic_check_may_be_too_late ]
[141.470s][info][safepoint] Application time: 0.2651657 seconds
[141.470s][info][safepoint] Total time for which application threads were stopped: 0.0003036 seconds, Stopping threads took: 0.0000004 seconds
[141.471s][info][gc       ] [SPS 0.000 0.003 0.003 0.006 0.000 0.001 0.000 0.274 0.022 0.303 NewGC_pause1 141.470075 ]
[141.523s][info][safepoint] Application time: 0.0531637 seconds
[141.524s][info][safepoint] Total time for which application threads were stopped: 0.0001718 seconds, Stopping threads took: 0.0000004 seconds
[141.524s][info][gc       ] [SPS 0.000 0.003 0.000 0.009 0.000 0.001 0.001 0.137 0.024 0.172 NewGC_pause2 141.523410 ]
[141.525s][info][safepoint] Application time: 0.0017215 seconds
[141.525s][info][safepoint] Total time for which application threads were stopped: 0.0000629 seconds, Stopping threads took: 0.0000005 seconds
[141.526s][info][gc       ] [SPS 0.000 0.001 0.000 0.007 0.000 0.001 0.000 0.040 0.015 0.063 NewGC_pause3 141.525195 ]
[141.527s][info][safepoint] Application time: 0.0015913 seconds
[141.527s][info][safepoint] Total time for which application threads were stopped: 0.0000760 seconds, Stopping threads took: 0.0000005 seconds
[141.527s][info][gc       ] [SPS 0.000 0.019 0.002 0.007 0.001 0.001 0.000 0.050 0.017 0.076 NewGC_pause4 141.526862 ]
[141.528s][info][gc       ] [GC New Max 369-339 : 6356 3380 2284 6356 - - 1020 20 2 2 - : 150 1810 32 292 1246 : 146 4 1099 1099 0 : 0 1 73 0 75 - 0 : 0.262800 3516.0 0.0 0.059448 2556.9 0.0 : 8 --c 0000 : 23 0 0.000 0.000 0 0.000 0.000 0 0.000 0.000 : 141.467811 141.469771 0.000237 141.523239 0.000104 141.525132 0.000044 141.526786 0.000054 : 141.527258 ]
[141.528s][info][gc       ] [SYSINFO 8465 195 63 0 7919 0 16 0 0 6942 : - - - - - - - - : 0 7168 : 4.19 3.04 2.12 : 271935 4216716 : 0 0 : 31 0 : 2445 2 0 267 : - 8574136320 583921664 1101778944 7200940032 203833344 66772992 : 139899904 24719440 505940 0 0 0 : 141.527537 ]
[141.528s][info][gc       ] [HUGEPAGESTAT 0 0 0 - 83087 0 0 : 446464 0 0 : 141.527537 ]
[141.528s][info][gc       ] [OBJCREAT 432776481 25675 21843968 : 141.527590 ]
[141.528s][info][gc       ] [HMSV All : 0 0 130 0 0 0 0 0 : 6192 0 0 0 : 141.527618 ]
[141.528s][info][gc       ] [HMSP 60 : 51112 0 : 141.527618 ]
[141.528s][info][gc       ] [VMAC 65530 170 24 492 686 : 141.528140 ]
[141.789s][info][gc       ] [GPGC-H  3950.0 759.3 0.1 0.0 : 15.9 : 0.637 0.536 : 0.522 0.925 0.753 1.418 : 3.162 0.915 0.722 0.667 1.811 0.608 : 0.000 : 98.283 : 1076 1810 32 0 : 2275 : 5720 5428 : 141.789334 : 9 Next_heuristic_check_may_be_too_late ]
[141.792s][info][safepoint] Application time: 0.2649323 seconds
[141.792s][info][safepoint] Total time for which application threads were stopped: 0.0002078 seconds, Stopping threads took: 0.0000005 seconds
[141.793s][info][gc       ] [SPS 0.000 0.003 0.003 0.006 0.000 0.001 0.000 0.163 0.037 0.208 NewGC_pause1 141.792003 ]
[141.844s][info][safepoint] Application time: 0.0516618 seconds
[141.844s][info][safepoint] Total time for which application threads were stopped: 0.0001098 seconds, Stopping threads took: 0.0000004 seconds
[141.844s][info][gc       ] [SPS 0.000 0.001 0.000 0.006 0.000 0.001 0.000 0.087 0.015 0.110 NewGC_pause2 141.843774 ]
[141.845s][info][safepoint] Application time: 0.0011439 seconds
[141.845s][info][safepoint] Total time for which application threads were stopped: 0.0000794 seconds, Stopping threads took: 0.0000005 seconds
[141.845s][info][gc       ] [SPS 0.000 0.001 0.000 0.006 0.000 0.001 0.000 0.058 0.013 0.079 NewGC_pause3 141.844997 ]
[141.847s][info][safepoint] Application time: 0.0015870 seconds
[141.847s][info][safepoint] Total time for which application threads were stopped: 0.0001484 seconds, Stopping threads took: 0.0000006 seconds
[141.847s][info][gc       ] [SPS 0.000 0.005 0.003 0.019 0.001 0.001 0.000 0.111 0.016 0.148 NewGC_pause4 141.846733 ]
[141.847s][info][gc       ] [GC New Max 370-340 : 6356 3342 2264 6356 - - 1020 20 2 2 - : 130 1810 32 292 1208 : 124 4 1082 1082 0 : 0 1 62 0 65 - 0 : 0.262543 3534.7 0.0 0.057303 2338.4 0.0 : 8 --c 0000 : 23 0 0.000 0.000 0 0.000 0.000 0 0.000 0.000 : 141.789802 141.791795 0.000102 141.843664 0.000091 141.844918 0.000062 141.846585 0.000128 : 141.847105 ]
[141.847s][info][gc       ] [SYSINFO 8465 195 63 0 7919 0 16 0 0 6942 : - - - - - - - - : 0 7168 : 4.19 3.04 2.12 : 271935 4216716 : 0 0 : 31 0 : 2445 2 0 267 : - 8574136320 583921664 1101778944 7200940032 203833344 66772992 : 139899904 24720150 505950 0 0 0 : 141.847334 ]
[141.847s][info][gc       ] [HUGEPAGESTAT 0 0 0 - 83087 0 0 : 446464 0 0 : 141.847334 ]
[141.847s][info][gc       ] [OBJCREAT 433825269 25675 21843968 : 141.847386 ]
[141.847s][info][gc       ] [HMSV All : 0 0 130 0 0 0 0 0 : 6192 0 0 0 : 141.847404 ]
[141.847s][info][gc       ] [HMSP 60 : 51112 0 : 141.847404 ]
[141.848s][info][gc       ] [VMAC 65530 170 24 492 686 : 141.847883 ]
[142.089s][info][gc       ] [GPGC-H  3950.0 742.8 0.1 0.0 : 15.5 : 0.635 0.536 : 0.522 0.925 0.753 1.418 : 3.152 0.915 0.722 0.667 1.811 0.608 : 0.000 : 97.987 : 1010 1810 32 0 : 2275 : 5720 5428 : 142.089130 : 9 Next_heuristic_check_may_be_too_late ]
[142.092s][info][safepoint] Application time: 0.2448444 seconds
[142.092s][info][safepoint] Total time for which application threads were stopped: 0.0002246 seconds, Stopping threads took: 0.0000027 seconds
[142.092s][info][gc       ] [SPS 0.000 0.003 0.003 0.005 0.003 0.001 0.000 0.193 0.023 0.225 NewGC_pause1 142.091803 ]
[142.145s][info][safepoint] Application time: 0.0532562 seconds
[142.146s][info][safepoint] Total time for which application threads were stopped: 0.0000716 seconds, Stopping threads took: 0.0000004 seconds
[142.146s][info][gc       ] [SPS 0.000 0.001 0.000 0.007 0.000 0.001 0.000 0.048 0.015 0.072 NewGC_pause2 142.145131 ]
[142.147s][info][safepoint] Application time: 0.0021816 seconds
[142.148s][info][safepoint] Total time for which application threads were stopped: 0.0001765 seconds, Stopping threads took: 0.0000005 seconds
[142.148s][info][gc       ] [SPS 0.000 0.002 0.000 0.006 0.000 0.001 0.000 0.147 0.021 0.176 NewGC_pause3 142.147488 ]
[142.149s][info][safepoint] Application time: 0.0012969 seconds
[142.149s][info][safepoint] Total time for which application threads were stopped: 0.0001166 seconds, Stopping threads took: 0.0000005 seconds
[142.149s][info][gc       ] [SPS 0.000 0.003 0.003 0.006 0.000 0.001 0.000 0.093 0.015 0.117 NewGC_pause4 142.148902 ]
[142.150s][info][gc       ] [GC New Max 371-341 : 6356 3288 2276 6356 - - 1020 20 2 2 - : 142 1810 32 292 1154 : 136 4 1016 1016 0 : 0 1 68 0 71 - 0 : 0.242347 3639.4 0.0 0.059870 2438.6 0.0 : 8 --c 0000 : 23 0 0.000 0.000 0 0.000 0.000 0 0.000 0.000 : 142.089451 142.091578 0.000144 142.145059 0.000052 142.147312 0.000103 142.148785 0.000097 : 142.149321 ]
[142.150s][info][gc       ] [SYSINFO 8465 195 63 0 7919 0 16 0 0 6942 : - - - - - - - - : 0 7168 : 4.19 3.04 2.12 : 271935 4216716 : 0 0 : 31 0 : 2445 2 0 267 : - 8574136320 583921664 1101778944 7200940032 203833344 66772992 : 139899904 24720870 505960 0 0 0 : 142.149642 ]
[142.150s][info][gc       ] [HUGEPAGESTAT 0 0 0 - 83087 0 0 : 446464 0 0 : 142.149642 ]
[142.150s][info][gc       ] [OBJCREAT 434843096 25675 21843968 : 142.149690 ]
[142.150s][info][gc       ] [HMSV All : 0 0 130 0 0 0 0 0 : 6192 0 0 0 : 142.149710 ]
[142.150s][info][gc       ] [HMSP 60 : 51112 0 : 142.149710 ]
[142.150s][info][gc       ] [VMAC 65530 170 24 492 686 : 142.150380 ]
[142.391s][info][gc       ] [GPGC-H  3950.0 742.8 0.1 0.0 : 15.5 : 0.633 0.536 : 0.522 0.925 0.753 1.418 : 3.142 0.915 0.722 0.667 1.811 0.608 : 0.000 : 97.714 : 1032 1810 32 0 : 2275 : 5720 5428 : 142.391423 : 9 Next_heuristic_check_may_be_too_late ]
[142.394s][info][safepoint] Application time: 0.2450809 seconds
[142.395s][info][safepoint] Total time for which application threads were stopped: 0.0003317 seconds, Stopping threads took: 0.0000004 seconds
[142.395s][info][gc       ] [SPS 0.000 0.003 0.003 0.006 0.000 0.001 0.000 0.302 0.022 0.332 NewGC_pause1 142.394315 ]
[142.445s][info][safepoint] Application time: 0.0510567 seconds
[142.446s][info][safepoint] Total time for which application threads were stopped: 0.0001270 seconds, Stopping threads took: 0.0000004 seconds
[142.446s][info][gc       ] [SPS 0.000 0.001 0.000 0.006 0.000 0.001 0.000 0.106 0.013 0.127 NewGC_pause2 142.445499 ]
[142.447s][info][safepoint] Application time: 0.0015725 seconds
[142.447s][info][safepoint] Total time for which application threads were stopped: 0.0001365 seconds, Stopping threads took: 0.0000004 seconds
[142.447s][info][gc       ] [SPS 0.000 0.001 0.000 0.006 0.000 0.001 0.000 0.105 0.023 0.137 NewGC_pause3 142.447208 ]
[142.448s][info][safepoint] Application time: 0.0011077 seconds
[142.448s][info][safepoint] Total time for which application threads were stopped: 0.0000648 seconds, Stopping threads took: 0.0000004 seconds
[142.449s][info][gc       ] [SPS 0.000 0.003 0.002 0.006 0.000 0.001 0.000 0.042 0.016 0.065 NewGC_pause4 142.448380 ]
[142.449s][info][gc       ] [GC New Max 372-342 : 6356 3312 2276 6356 - - 1020 20 2 2 - : 142 1810 32 292 1178 : 138 4 1039 1039 0 : 0 1 69 0 71 - 0 : 0.242674 3675.7 0.0 0.056717 2574.2 0.0 : 8 --c 0000 : 23 0 0.000 0.000 0 0.000 0.000 0 0.000 0.000 : 142.391995 142.393983 0.000226 142.445372 0.000110 142.447071 0.000109 142.448315 0.000043 : 142.448712 ]
[142.449s][info][gc       ] [SYSINFO 8465 195 63 0 7919 0 16 0 0 6942 : - - - - - - - - : 0 7168 : 3.94 3.00 2.12 : 271935 4216716 : 0 0 : 31 0 : 2445 2 0 267 : - 8574136320 583921664 1101778944 7200940032 203833344 66772992 : 139899904 24721530 505960 0 0 0 : 142.448948 ]
[142.449s][info][gc       ] [HUGEPAGESTAT 0 0 0 - 83087 0 0 : 446464 0 0 : 142.448948 ]
[142.449s][info][gc       ] [OBJCREAT 435873522 25675 21843968 : 142.448994 ]
[142.449s][info][gc       ] [HMSV All : 0 0 130 0 0 0 0 0 : 6192 0 0 0 : 142.449008 ]
[142.449s][info][gc       ] [HMSP 60 : 51112 0 : 142.449008 ]
[142.449s][info][gc       ] [VMAC 65530 170 24 492 686 : 142.449462 ]
[142.691s][info][gc       ] [GPGC-H  3950.0 742.8 0.1 0.0 : 15.5 : 0.631 0.536 : 0.522 0.925 0.753 1.418 : 3.133 0.915 0.722 0.667 1.811 0.608 : 0.000 : 97.442 : 1034 1810 32 0 : 2275 : 5720 5428 : 142.690846 : 9 Next_heuristic_check_may_be_too_late ]
[142.693s][info][safepoint] Application time: 0.2443274 seconds
[142.693s][info][safepoint] Total time for which application threads were stopped: 0.0001530 seconds, Stopping threads took: 0.0000004 seconds
[142.693s][info][gc       ] [SPS 0.000 0.004 0.006 0.006 0.000 0.001 0.000 0.130 0.016 0.153 NewGC_pause1 142.692861 ]
[142.747s][info][safepoint] Application time: 0.0540031 seconds
[142.747s][info][safepoint] Total time for which application threads were stopped: 0.0000951 seconds, Stopping threads took: 0.0000005 seconds
[142.748s][info][gc       ] [SPS 0.000 0.002 0.000 0.006 0.000 0.024 0.000 0.051 0.013 0.095 NewGC_pause2 142.746959 ]
[142.748s][info][safepoint] Application time: 0.0013889 seconds
[142.749s][info][safepoint] Total time for which application threads were stopped: 0.0000917 seconds, Stopping threads took: 0.0000004 seconds
[142.749s][info][gc       ] [SPS 0.000 0.002 0.000 0.008 0.000 0.001 0.000 0.060 0.022 0.092 NewGC_pause3 142.748440 ]
[142.750s][info][safepoint] Application time: 0.0014335 seconds
[142.750s][info][safepoint] Total time for which application threads were stopped: 0.0001032 seconds, Stopping threads took: 0.0000005 seconds
[142.750s][info][gc       ] [SPS 0.000 0.003 0.006 0.006 0.000 0.001 0.000 0.074 0.021 0.103 NewGC_pause4 142.749977 ]
[142.751s][info][gc       ] [GC New Max 373-343 : 6356 3316 2282 6356 - - 1020 20 2 2 - : 148 1810 32 292 1182 : 142 4 1038 1038 0 : 0 1 71 0 74 - 0 : 0.242452 3679.1 0.0 0.059188 2568.1 0.0 : 8 --c 0000 : 23 0 0.000 0.000 0 0.000 0.000 0 0.000 0.000 : 142.691165 142.692708 0.000132 142.746864 0.000077 142.748348 0.000065 142.749873 0.000076 : 142.750353 ]
[142.751s][info][gc       ] [SYSINFO 8465 195 63 0 7919 0 16 0 0 6942 : - - - - - - - - : 0 7168 : 3.94 3.00 2.12 : 271935 4216716 : 0 0 : 31 0 : 2445 2 0 267 : - 8574136320 583921664 1101778944 7200940032 203833344 66772992 : 139899904 24722260 506000 0 0 0 : 142.750586 ]
[142.751s][info][gc       ] [HUGEPAGESTAT 0 0 0 - 83087 0 0 : 446464 0 0 : 142.750586 ]
[142.751s][info][gc       ] [OBJCREAT 436905028 25675 21843968 : 142.750630 ]
[142.751s][info][gc       ] [HMSV All : 0 0 130 0 0 0 0 0 : 6192 0 0 0 : 142.750646 ]
[142.751s][info][gc       ] [HMSP 60 : 51112 0 : 142.750646 ]
[142.751s][info][gc       ] [VMAC 65530 170 24 492 686 : 142.751082 ]
[143.012s][info][gc       ] [GPGC-H  3950.0 742.8 0.1 0.0 : 15.5 : 0.629 0.536 : 0.522 0.925 0.753 1.418 : 3.123 0.915 0.722 0.667 1.811 0.608 : 0.000 : 97.171 : 1058 1810 32 0 : 2275 : 5720 5428 : 143.012196 : 9 Next_heuristic_check_may_be_too_late ]
[143.015s][info][safepoint] Application time: 0.2643597 seconds
[143.015s][info][safepoint] Total time for which application threads were stopped: 0.0002156 seconds, Stopping threads took: 0.0000004 seconds
[143.015s][info][gc       ] [SPS 0.000 0.004 0.008 0.007 0.000 0.001 0.000 0.191 0.016 0.216 NewGC_pause1 143.014552 ]
[143.068s][info][safepoint] Application time: 0.0530081 seconds
[143.068s][info][safepoint] Total time for which application threads were stopped: 0.0001564 seconds, Stopping threads took: 0.0000005 seconds
[143.069s][info][gc       ] [SPS 0.000 0.002 0.000 0.006 0.000 0.001 0.000 0.128 0.020 0.156 NewGC_pause2 143.067717 ]
[143.070s][info][safepoint] Application time: 0.0016489 seconds
[143.070s][info][safepoint] Total time for which application threads were stopped: 0.0001562 seconds, Stopping threads took: 0.0000004 seconds
[143.070s][info][gc       ] [SPS 0.000 0.000 0.000 0.006 0.000 0.001 0.000 0.128 0.021 0.156 NewGC_pause3 143.069522 ]
[143.071s][info][safepoint] Application time: 0.0010392 seconds
[143.071s][info][safepoint] Total time for which application threads were stopped: 0.0000723 seconds, Stopping threads took: 0.0000004 seconds
[143.071s][info][gc       ] [SPS 0.000 0.003 0.002 0.006 0.000 0.001 0.000 0.045 0.020 0.072 NewGC_pause4 143.070634 ]
[143.071s][info][gc       ] [GC New Max 374-344 : 6356 3354 2296 6356 - - 1020 20 2 2 - : 162 1810 32 292 1220 : 158 4 1063 1063 0 : 0 1 79 0 81 - 0 : 0.262237 3477.8 0.0 0.058410 2807.7 0.0 : 8 --c 0000 : 23 0 0.000 0.000 0 0.000 0.000 0 0.000 0.000 : 143.012590 143.014337 0.000196 143.067561 0.000073 143.069366 0.000043 143.070561 0.000046 : 143.071000 ]
[143.071s][info][gc       ] [SYSINFO 8465 195 63 0 7919 0 16 0 0 6942 : - - - - - - - - : 0 7168 : 3.94 3.00 2.12 : 271935 4216716 : 0 0 : 31 0 : 2445 2 0 267 : - 8574136320 583921664 1101778944 7200940032 203833344 66772992 : 139899904 24722960 506000 0 0 0 : 143.071258 ]
[143.071s][info][gc       ] [HUGEPAGESTAT 0 0 0 - 83087 0 0 : 446464 0 0 : 143.071258 ]
[143.071s][info][gc       ] [OBJCREAT 437971401 25675 21843968 : 143.071302 ]
[143.071s][info][gc       ] [HMSV All : 0 0 130 0 0 0 0 0 : 6192 0 0 0 : 143.071316 ]
[143.071s][info][gc       ] [HMSP 60 : 51112 0 : 143.071316 ]
[143.072s][info][gc       ] [VMAC 65530 170 24 492 686 : 143.071794 ]
[143.313s][info][gc       ] [GPGC-H  3950.0 742.8 0.1 0.0 : 15.5 : 0.627 0.536 : 0.522 0.925 0.753 1.418 : 3.113 0.915 0.722 0.667 1.811 0.608 : 0.000 : 96.880 : 1028 1810 32 0 : 2275 : 5720 5428 : 143.312984 : 9 Next_heuristic_check_may_be_too_late ]
[143.315s][info][safepoint] Application time: 0.2446709 seconds
[143.316s][info][safepoint] Total time for which application threads were stopped: 0.0001399 seconds, Stopping threads took: 0.0000004 seconds
[143.316s][info][gc       ] [SPS 0.000 0.004 0.003 0.006 0.000 0.001 0.000 0.119 0.013 0.140 NewGC_pause1 143.315445 ]
[143.368s][info][safepoint] Application time: 0.0528286 seconds
[143.369s][info][safepoint] Total time for which application threads were stopped: 0.0001393 seconds, Stopping threads took: 0.0000006 seconds
[143.369s][info][gc       ] [SPS 0.000 0.001 0.000 0.020 0.001 0.001 0.000 0.094 0.024 0.139 NewGC_pause2 143.368413 ]
[143.370s][info][safepoint] Application time: 0.0010761 seconds
[143.370s][info][safepoint] Total time for which application threads were stopped: 0.0000980 seconds, Stopping threads took: 0.0000004 seconds
[143.370s][info][gc       ] [SPS 0.000 0.000 0.000 0.006 0.000 0.001 0.000 0.062 0.028 0.098 NewGC_pause3 143.369587 ]
[143.371s][info][safepoint] Application time: 0.0013519 seconds
[143.371s][info][safepoint] Total time for which application threads were stopped: 0.0000808 seconds, Stopping threads took: 0.0000005 seconds
[143.371s][info][gc       ] [SPS 0.000 0.002 0.002 0.006 0.000 0.001 0.010 0.047 0.017 0.081 NewGC_pause4 143.371020 ]
[143.372s][info][gc       ] [GC New Max 375-345 : 6356 3298 2270 6356 - - 1020 20 2 2 - : 136 1810 32 292 1164 : 132 4 1032 1032 0 : 0 1 66 0 68 - 0 : 0.242488 3579.6 0.0 0.057873 2384.5 0.0 : 8 --c 0000 : 23 0 0.000 0.000 0 0.000 0.000 0 0.000 0.000 : 143.313489 143.315305 0.000121 143.368274 0.000059 143.369489 0.000065 143.370939 0.000056 : 143.371362 ]
[143.372s][info][gc       ] [SYSINFO 8465 195 63 0 7919 0 16 0 0 6942 : - - - - - - - - : 0 7168 : 3.94 3.00 2.12 : 271935 4216716 : 0 0 : 31 0 : 2445 2 0 267 : - 8574136320 583921664 1101778944 7200940032 203833344 66772992 : 139899904 24723660 506010 0 0 0 : 143.371588 ]
[143.372s][info][gc       ] [HUGEPAGESTAT 0 0 0 - 83087 0 0 : 446464 0 0 : 143.371588 ]
[143.372s][info][gc       ] [OBJCREAT 438967388 25675 21843968 : 143.371630 ]
[143.372s][info][gc       ] [HMSV All : 0 0 130 0 0 0 0 0 : 6192 0 0 0 : 143.371648 ]
[143.372s][info][gc       ] [HMSP 60 : 51112 0 : 143.371648 ]
[143.372s][info][gc       ] [VMAC 65530 170 24 492 686 : 143.372095 ]
[143.613s][info][gc       ] [GPGC-H  3934.4 742.8 0.1 0.0 : 15.5 : 0.625 0.536 : 0.522 0.925 0.753 1.418 : 3.103 0.915 0.722 0.667 1.811 0.608 : 0.000 : 96.611 : 1014 1810 32 0 : 2275 : 5720 5428 : 143.613425 : 9 Next_heuristic_check_may_be_too_late ]
[143.616s][info][safepoint] Application time: 0.2448773 seconds
[143.617s][info][safepoint] Total time for which application threads were stopped: 0.0002888 seconds, Stopping threads took: 0.0000004 seconds
[143.617s][info][gc       ] [SPS 0.000 0.004 0.010 0.006 0.000 0.001 0.000 0.266 0.015 0.289 NewGC_pause1 143.616186 ]
[143.665s][info][safepoint] Application time: 0.0488156 seconds
[143.665s][info][safepoint] Total time for which application threads were stopped: 0.0001408 seconds, Stopping threads took: 0.0000004 seconds
[143.666s][info][gc       ] [SPS 0.000 0.007 0.000 0.006 0.000 0.001 0.000 0.120 0.013 0.141 NewGC_pause2 143.665143 ]
[143.666s][info][safepoint] Application time: 0.0010816 seconds
[143.667s][info][safepoint] Total time for which application threads were stopped: 0.0001007 seconds, Stopping threads took: 0.0000005 seconds
[143.667s][info][gc       ] [SPS 0.000 0.001 0.000 0.006 0.000 0.001 0.000 0.081 0.012 0.101 NewGC_pause3 143.666325 ]
[143.668s][info][safepoint] Application time: 0.0012517 seconds
[143.668s][info][safepoint] Total time for which application threads were stopped: 0.0000621 seconds, Stopping threads took: 0.0000005 seconds
[143.668s][info][gc       ] [SPS 0.000 0.003 0.002 0.006 0.000 0.001 0.000 0.041 0.013 0.062 NewGC_pause4 143.667639 ]
[143.668s][info][gc       ] [GC New Max 376-346 : 6356 3290 2274 6356 - - 1020 20 2 2 - : 140 1810 32 292 1156 : 136 4 1020 1020 0 : 0 1 68 0 70 - 0 : 0.242673 3634.5 0.0 0.053973 2631.0 0.0 : 8 --c 0000 : 23 0 0.000 0.000 0 0.000 0.000 0 0.000 0.000 : 143.614035 143.615897 0.000262 143.665002 0.000124 143.666224 0.000085 143.667577 0.000045 : 143.668008 ]
[143.668s][info][gc       ] [SYSINFO 8465 195 63 0 7919 0 16 0 0 6942 : - - - - - - - - : 0 7168 : 3.94 3.00 2.12 : 271935 4216716 : 0 0 : 31 0 : 2445 2 0 267 : - 8574136320 583921664 1101778944 7200940032 203833344 66772992 : 139899904 24724330 506040 0 0 0 : 143.668230 ]
[143.668s][info][gc       ] [HUGEPAGESTAT 0 0 0 - 83087 0 0 : 446464 0 0 : 143.668230 ]
[143.668s][info][gc       ] [OBJCREAT 439982439 25675 21843968 : 143.668274 ]
[143.668s][info][gc       ] [HMSV All : 0 0 130 0 0 0 0 0 : 6192 0 0 0 : 143.668293 ]
[143.668s][info][gc       ] [HMSP 60 : 51112 0 : 143.668293 ]
[143.669s][info][gc       ] [VMAC 65530 170 24 492 686 : 143.668757 ]
[143.910s][info][gc       ] [GPGC-H  3934.4 725.8 0.1 0.0 : 15.1 : 0.623 0.536 : 0.522 0.925 0.753 1.418 : 3.094 0.915 0.722 0.667 1.811 0.608 : 0.000 : 96.342 : 1022 1810 32 0 : 2275 : 5720 5428 : 143.909969 : 9 Next_heuristic_check_may_be_too_late ]
[143.913s][info][safepoint] Application time: 0.2451393 seconds
[143.913s][info][safepoint] Total time for which application threads were stopped: 0.0003421 seconds, Stopping threads took: 0.0000004 seconds
[143.914s][info][gc       ] [SPS 0.000 0.004 0.005 0.007 0.000 0.001 0.000 0.292 0.054 0.354 NewGC_pause1 143.913132 ]
[143.962s][info][safepoint] Application time: 0.0492223 seconds
[143.963s][info][safepoint] Total time for which application threads were stopped: 0.0001325 seconds, Stopping threads took: 0.0000004 seconds
[143.963s][info][gc       ] [SPS 0.000 0.001 0.000 0.006 0.000 0.001 0.000 0.103 0.021 0.133 NewGC_pause2 143.962476 ]
[143.965s][info][safepoint] Application time: 0.0019930 seconds
[143.965s][info][safepoint] Total time for which application threads were stopped: 0.0001655 seconds, Stopping threads took: 0.0000005 seconds
[143.965s][info][gc       ] [SPS 0.000 0.000 0.000 0.006 0.000 0.001 0.000 0.136 0.021 0.166 NewGC_pause3 143.964634 ]
[143.966s][info][safepoint] Application time: 0.0011489 seconds
[143.966s][info][safepoint] Total time for which application threads were stopped: 0.0000673 seconds, Stopping threads took: 0.0000005 seconds
[143.966s][info][gc       ] [SPS 0.000 0.003 0.002 0.006 0.000 0.001 0.000 0.044 0.016 0.067 NewGC_pause4 143.965850 ]
[143.966s][info][gc       ] [GC New Max 377-347 : 6356 3290 2268 6356 - - 1020 20 2 2 - : 132 1810 32 292 1156 : 128 4 1027 1027 0 : 0 1 64 0 66 - 0 : 0.242538 3644.8 0.0 0.055677 2406.7 0.0 : 8 --c 0000 : 23 0 0.000 0.000 0 0.000 0.000 0 0.000 0.000 : 143.910546 143.912778 0.000259 143.962343 0.000063 143.964468 0.000048 143.965783 0.000048 : 143.966222 ]
[143.966s][info][gc       ] [SYSINFO 8465 195 63 0 7919 0 16 0 0 6942 : - - - - - - - - : 0 7168 : 3.94 3.00 2.12 : 271935 4216716 : 0 0 : 31 0 : 2445 2 0 267 : - 8574136320 583921664 1101778944 7200940032 203833344 66772992 : 139899904 24724980 506040 0 0 0 : 143.966458 ]
[143.966s][info][gc       ] [HUGEPAGESTAT 0 0 0 - 83087 0 0 : 446464 0 0 : 143.966458 ]
[143.967s][info][gc       ] [OBJCREAT 440991047 25675 21843968 : 143.966503 ]
[143.967s][info][gc       ] [HMSV All : 0 0 130 0 0 0 0 0 : 6192 0 0 0 : 143.966520 ]
[143.967s][info][gc       ] [HMSP 60 : 51112 0 : 143.966520 ]
[143.967s][info][gc       ] [VMAC 65530 170 24 492 686 : 143.967018 ]
[144.228s][info][gc       ] [GPGC-H  3934.4 725.8 0.1 0.0 : 15.1 : 0.621 0.536 : 0.522 0.925 0.753 1.418 : 3.084 0.915 0.722 0.667 1.811 0.608 : 0.000 : 96.075 : 1074 1810 32 0 : 2275 : 5720 5428 : 144.228479 : 9 Next_heuristic_check_may_be_too_late ]
[144.231s][info][safepoint] Application time: 0.2653471 seconds
[144.232s][info][safepoint] Total time for which application threads were stopped: 0.0002725 seconds, Stopping threads took: 0.0000004 seconds
[144.232s][info][gc       ] [SPSH lock suspend gclocker notify wait resuspend cleanup op_time wakeup total(ms) op_name end(s) ]
[144.232s][info][gc       ] [SPS 0.000 0.011 0.002 0.006 0.000 0.001 0.000 0.251 0.013 0.272 NewGC_pause1 144.231470 ]
[144.292s][info][safepoint] Application time: 0.0608564 seconds
[144.293s][info][safepoint] Total time for which application threads were stopped: 0.0001536 seconds, Stopping threads took: 0.0000004 seconds
[144.293s][info][gc       ] [SPS 0.000 0.001 0.000 0.006 0.000 0.001 0.000 0.125 0.021 0.154 NewGC_pause2 144.292480 ]
[144.294s][info][safepoint] Application time: 0.0010729 seconds
[144.294s][info][safepoint] Total time for which application threads were stopped: 0.0000671 seconds, Stopping threads took: 0.0000005 seconds
[144.294s][info][gc       ] [SPS 0.004 0.000 0.000 0.014 0.001 0.001 0.000 0.038 0.013 0.067 NewGC_pause3 144.293620 ]
[144.295s][info][safepoint] Application time: 0.0012709 seconds
[144.295s][info][safepoint] Total time for which application threads were stopped: 0.0000905 seconds, Stopping threads took: 0.0000005 seconds
[144.295s][info][gc       ] [SPS 0.000 0.004 0.002 0.006 0.001 0.001 0.000 0.064 0.019 0.091 NewGC_pause4 144.294982 ]
[144.296s][info][gc       ] [GC New Max 378-348 : 6356 3376 2300 6356 - - 1020 20 2 2 - : 166 1810 32 292 1242 : 162 4 1080 1080 0 : 0 1 81 0 83 - 0 : 0.262846 3591.5 0.0 0.066275 2565.1 0.0 : 8 --c 0000 : 23 0 0.000 0.000 0 0.000 0.000 0 0.000 0.000 : 144.229068 144.231198 0.000255 144.292327 0.000058 144.293553 0.000050 144.294891 0.000065 : 144.295343 ]
[144.296s][info][gc       ] [SYSINFO 8465 195 63 0 7919 0 16 0 0 6942 : - - - - - - - - : 0 7168 : 3.94 3.00 2.12 : 271935 4216716 : 0 0 : 31 0 : 2445 2 0 267 : - 8574136320 583921664 1101778944 7200940032 203833344 66772992 : 139899904 24725730 506050 0 0 0 : 144.295634 ]
[144.296s][info][gc       ] [HUGEPAGESTAT 0 0 0 - 83087 0 0 : 446464 0 0 : 144.295634 ]
[144.296s][info][gc       ] [OBJCREAT 442092088 25675 21843968 : 144.295693 ]
[144.296s][info][gc       ] [HMSV All : 0 0 130 0 0 0 0 0 : 6192 0 0 0 : 144.295719 ]
[144.296s][info][gc       ] [HMSP 60 : 51112 0 : 144.295719 ]
[144.296s][info][gc       ] [VMAC 65530 170 24 492 686 : 144.296283 ]
[144.537s][info][gc       ] [GPGC-H  3934.4 725.8 0.1 0.0 : 15.1 : 0.619 0.536 : 0.522 0.925 0.753 1.418 : 3.074 0.915 0.722 0.667 1.811 0.608 : 0.000 : 95.787 : 1076 1810 32 0 : 2275 : 5720 5428 : 144.537169 : 9 Next_heuristic_check_may_be_too_late ]
[144.540s][info][safepoint] Application time: 0.2450577 seconds
[144.541s][info][safepoint] Total time for which application threads were stopped: 0.0002627 seconds, Stopping threads took: 0.0000004 seconds
[144.541s][info][gc       ] [SPS 0.000 0.004 0.008 0.006 0.000 0.001 0.000 0.216 0.039 0.263 NewGC_pause1 144.540303 ]
[144.591s][info][safepoint] Application time: 0.0506103 seconds
[144.592s][info][safepoint] Total time for which application threads were stopped: 0.0001542 seconds, Stopping threads took: 0.0000005 seconds
[144.592s][info][gc       ] [SPS 0.000 0.002 0.000 0.016 0.001 0.001 0.000 0.116 0.020 0.154 NewGC_pause2 144.591067 ]
[144.593s][info][safepoint] Application time: 0.0018255 seconds
[144.593s][info][safepoint] Total time for which application threads were stopped: 0.0000915 seconds, Stopping threads took: 0.0000005 seconds
[144.593s][info][gc       ] [SPS 0.000 0.000 0.000 0.016 0.000 0.001 0.000 0.057 0.017 0.091 NewGC_pause3 144.592984 ]
[144.594s][info][safepoint] Application time: 0.0013135 seconds
[144.595s][info][safepoint] Total time for which application threads were stopped: 0.0000850 seconds, Stopping threads took: 0.0000004 seconds
[144.595s][info][gc       ] [SPS 0.000 0.003 0.002 0.006 0.000 0.001 0.000 0.065 0.013 0.085 NewGC_pause4 144.594383 ]
[144.595s][info][gc       ] [GC New Max 379-349 : 6356 3356 2280 6356 - - 1020 20 2 2 - : 146 1810 32 292 1222 : 140 4 1081 1081 0 : 0 1 70 0 73 - 0 : 0.242337 3763.4 0.0 0.057067 2593.4 0.0 : 8 --c 0000 : 23 0 0.000 0.000 0 0.000 0.000 0 0.000 0.000 : 144.537680 144.540040 0.000176 144.590913 0.000054 144.592893 0.000069 144.594298 0.000063 : 144.594747 ]
[144.595s][info][gc       ] [SYSINFO 8465 195 63 0 7919 0 16 0 0 6942 : - - - - - - - - : 0 7168 : 3.94 3.00 2.12 : 271935 4216716 : 0 0 : 31 0 : 2445 2 0 267 : - 8574136320 583921664 1101778944 7200940032 203833344 66772992 : 139899904 24726440 506070 0 0 0 : 144.594979 ]
[144.595s][info][gc       ] [HUGEPAGESTAT 0 0 0 - 83087 0 0 : 446464 0 0 : 144.594979 ]
[144.595s][info][gc       ] [OBJCREAT 443142202 25675 21843968 : 144.595022 ]
[144.595s][info][gc       ] [HMSV All : 0 0 130 0 0 0 0 0 : 6192 0 0 0 : 144.595036 ]
[144.595s][info][gc       ] [HMSP 60 : 51112 0 : 144.595036 ]
[144.595s][info][gc       ] [VMAC 65530 170 24 492 686 : 144.595450 ]
[144.837s][info][gc       ] [GPGC-H  3934.4 725.8 0.1 0.0 : 15.1 : 0.617 0.536 : 0.522 0.925 0.753 1.418 : 3.064 0.915 0.722 0.667 1.811 0.608 : 0.000 : 95.522 : 1014 1810 32 0 : 2275 : 5720 5428 : 144.836776 : 9 Next_heuristic_check_may_be_too_late ]
[144.839s][info][safepoint] Application time: 0.2447487 seconds
[144.840s][info][safepoint] Total time for which application threads were stopped: 0.0002014 seconds, Stopping threads took: 0.0000004 seconds
[144.840s][info][gc       ] [SPS 0.000 0.003 0.006 0.006 0.000 0.001 0.000 0.155 0.039 0.202 NewGC_pause1 144.839333 ]
[144.890s][info][safepoint] Application time: 0.0505738 seconds
[144.891s][info][safepoint] Total time for which application threads were stopped: 0.0001406 seconds, Stopping threads took: 0.0000004 seconds
[144.891s][info][gc       ] [SPS 0.000 0.001 0.000 0.006 0.000 0.001 0.000 0.113 0.020 0.141 NewGC_pause2 144.890048 ]
[144.892s][info][safepoint] Application time: 0.0015650 seconds
[144.892s][info][safepoint] Total time for which application threads were stopped: 0.0000670 seconds, Stopping threads took: 0.0000004 seconds
[144.892s][info][gc       ] [SPS 0.000 0.000 0.000 0.006 0.000 0.001 0.000 0.046 0.013 0.067 NewGC_pause3 144.891680 ]
[144.893s][info][safepoint] Application time: 0.0011446 seconds
[144.893s][info][safepoint] Total time for which application threads were stopped: 0.0000623 seconds, Stopping threads took: 0.0000004 seconds
[144.893s][info][gc       ] [SPS 0.000 0.003 0.002 0.006 0.000 0.001 0.000 0.041 0.014 0.062 NewGC_pause4 144.892890 ]
[144.894s][info][gc       ] [GC New Max 380-350 : 6356 3304 2290 6356 - - 1020 20 2 2 - : 156 1810 32 292 1170 : 150 4 1018 1018 0 : 0 1 75 0 78 - 0 : 0.242554 3578.6 0.0 0.056005 2856.9 0.0 : 8 --c 0000 : 23 0 0.000 0.000 0 0.000 0.000 0 0.000 0.000 : 144.837302 144.839132 0.000145 144.889907 0.000046 144.891613 0.000050 144.892828 0.000044 : 144.893306 ]
[144.894s][info][gc       ] [SYSINFO 8465 195 63 0 7919 0 16 0 0 6942 : - - - - - - - - : 0 7168 : 3.94 3.00 2.12 : 271935 4216716 : 0 0 : 31 0 : 2445 2 0 267 : - 8574136320 583921664 1101778944 7200940032 203833344 66772992 : 139899904 24727050 506090 0 0 0 : 144.893529 ]
[144.894s][info][gc       ] [HUGEPAGESTAT 0 0 0 - 83087 0 0 : 446464 0 0 : 144.893529 ]
[144.894s][info][gc       ] [OBJCREAT 444160025 25675 21843968 : 144.893574 ]
[144.894s][info][gc       ] [HMSV All : 0 0 130 0 0 0 0 0 : 6192 0 0 0 : 144.893589 ]
[144.894s][info][gc       ] [HMSP 60 : 51112 0 : 144.893589 ]
[144.894s][info][gc       ] [VMAC 65530 170 24 492 686 : 144.894072 ]
[145.135s][info][gc       ] [GPGC-H  3934.4 725.8 0.1 0.0 : 15.1 : 0.615 0.536 : 0.522 0.925 0.753 1.418 : 3.055 0.915 0.722 0.667 1.811 0.608 : 0.000 : 95.258 : 1078 1810 32 0 : 2275 : 5720 5428 : 145.135386 : 9 Next_heuristic_check_may_be_too_late ]
[145.138s][info][safepoint] Application time: 0.2451043 seconds
[145.138s][info][safepoint] Total time for which application threads were stopped: 0.0001225 seconds, Stopping threads took: 0.0000005 seconds
[145.139s][info][gc       ] [SPS 0.000 0.004 0.008 0.007 0.000 0.001 0.000 0.098 0.016 0.122 NewGC_pause1 145.138117 ]
[145.190s][info][safepoint] Application time: 0.0515477 seconds
[145.190s][info][safepoint] Total time for which application threads were stopped: 0.0001053 seconds, Stopping threads took: 0.0000005 seconds
[145.190s][info][gc       ] [SPS 0.000 0.001 0.000 0.006 0.000 0.001 0.000 0.083 0.014 0.105 NewGC_pause2 145.189770 ]
[145.191s][info][safepoint] Application time: 0.0014358 seconds
[145.191s][info][safepoint] Total time for which application threads were stopped: 0.0001345 seconds, Stopping threads took: 0.0000005 seconds
[145.192s][info][gc       ] [SPS 0.000 0.001 0.000 0.006 0.000 0.001 0.000 0.113 0.013 0.134 NewGC_pause3 145.191341 ]
[145.193s][info][safepoint] Application time: 0.0011248 seconds
[145.193s][info][safepoint] Total time for which application threads were stopped: 0.0000712 seconds, Stopping threads took: 0.0000005 seconds
[145.193s][info][gc       ] [SPS 0.000 0.003 0.002 0.007 0.000 0.001 0.000 0.045 0.018 0.071 NewGC_pause4 145.192537 ]
[145.193s][info][gc       ] [GC New Max 381-351 : 6356 3348 2268 6356 - - 1020 20 2 2 - : 134 1810 32 292 1214 : 128 4 1084 1084 0 : 0 1 64 0 67 - 0 : 0.242629 3808.3 0.0 0.056971 2422.3 0.0 : 8 --c 0000 : 23 0 0.000 0.000 0 0.000 0.000 0 0.000 0.000 : 145.135935 145.137995 0.000102 145.189665 0.000088 145.191206 0.000118 145.192466 0.000048 : 145.192906 ]
[145.193s][info][gc       ] [SYSINFO 8465 195 63 0 7919 0 16 0 0 6942 : - - - - - - - - : 0 7168 : 3.94 3.00 2.12 : 271935 4216716 : 0 0 : 31 0 : 2445 2 0 267 : - 8574136320 583921664 1101778944 7200940032 203833344 66772992 : 139899904 24727790 506110 0 0 0 : 145.193163 ]
[145.193s][info][gc       ] [HUGEPAGESTAT 0 0 0 - 83087 0 0 : 446464 0 0 : 145.193163 ]
[145.193s][info][gc       ] [OBJCREAT 445210910 25675 21843968 : 145.193218 ]
[145.193s][info][gc       ] [HMSV All : 0 0 130 0 0 0 0 0 : 6192 0 0 0 : 145.193234 ]
[145.193s][info][gc       ] [HMSP 60 : 51112 0 : 145.193234 ]
[145.194s][info][gc       ] [VMAC 65530 170 24 492 686 : 145.193722 ]
[145.435s][info][gc       ] [GPGC-H  3921.1 725.8 0.1 0.0 : 15.1 : 0.613 0.536 : 0.522 0.925 0.753 1.418 : 3.045 0.915 0.722 0.667 1.811 0.608 : 0.000 : 94.994 : 994 1810 34 0 : 2275 : 5720 5428 : 145.435384 : 9 Next_heuristic_check_may_be_too_late ]
[145.438s][info][safepoint] Application time: 0.2452186 seconds
[145.438s][info][safepoint] Total time for which application threads were stopped: 0.0001285 seconds, Stopping threads took: 0.0000005 seconds
[145.438s][info][gc       ] [SPS 0.000 0.006 0.010 0.008 0.001 0.001 0.000 0.097 0.022 0.129 NewGC_pause1 145.437885 ]
[145.500s][info][safepoint] Application time: 0.0620408 seconds
[145.500s][info][safepoint] Total time for which application threads were stopped: 0.0000777 seconds, Stopping threads took: 0.0000004 seconds
[145.500s][info][gc       ] [SPS 0.000 0.001 0.000 0.006 0.000 0.001 0.000 0.053 0.017 0.078 NewGC_pause2 145.500003 ]
[145.501s][info][safepoint] Application time: 0.0009123 seconds
[145.501s][info][safepoint] Total time for which application threads were stopped: 0.0000740 seconds, Stopping threads took: 0.0000005 seconds
[145.501s][info][gc       ] [SPS 0.000 0.000 0.000 0.007 0.000 0.001 0.000 0.046 0.020 0.074 NewGC_pause3 145.500989 ]
[145.503s][info][safepoint] Application time: 0.0014536 seconds
[145.503s][info][safepoint] Total time for which application threads were stopped: 0.0000742 seconds, Stopping threads took: 0.0000005 seconds
[145.503s][info][gc       ] [SPS 0.000 0.003 0.002 0.006 0.000 0.001 0.000 0.050 0.017 0.074 NewGC_pause4 145.502517 ]
[145.503s][info][gc       ] [GC New Max 382-352 : 6356 3292 2298 6356 - - 1020 20 2 2 - : 162 1810 34 292 1156 : 156 4 999 999 0 : 0 1 78 0 81 - 0 : 0.242871 3549.2 8.2 0.067093 2444.4 0.0 : 8 --c 0000 : 23 0 0.000 0.000 0 0.000 0.000 0 0.000 0.000 : 145.435778 145.437756 0.000100 145.499925 0.000056 145.500915 0.000049 145.502443 0.000051 : 145.502871 ]
[145.503s][info][gc       ] [SYSINFO 8465 195 63 0 7919 0 16 0 0 6942 : - - - - - - - - : 0 7168 : 3.94 3.00 2.12 : 271935 4216716 : 0 0 : 31 0 : 2445 2 0 267 : - 8574136320 583921664 1101778944 7200940032 203833344 66772992 : 139899904 24728570 506170 0 0 0 : 145.503115 ]
[145.503s][info][gc       ] [HUGEPAGESTAT 0 0 0 - 83087 0 0 : 446464 0 0 : 145.503115 ]
[145.503s][info][gc       ] [OBJCREAT 446229598 25675 21843968 : 145.503160 ]
[145.503s][info][gc       ] [HMSV All : 0 0 130 0 0 0 0 0 : 6192 0 0 0 : 145.503175 ]
[145.503s][info][gc       ] [HMSP 60 : 51112 0 : 145.503175 ]
[145.504s][info][gc       ] [VMAC 65530 170 24 492 686 : 145.503630 ]
[145.745s][info][gc       ] [GPGC-H  3921.1 725.8 0.1 0.0 : 15.1 : 0.611 0.536 : 0.522 0.925 0.753 1.418 : 3.036 0.915 0.722 0.667 1.811 0.608 : 0.000 : 94.732 : 1056 1810 34 0 : 2275 : 5720 5428 : 145.744896 : 9 Next_heuristic_check_may_be_too_late ]
[145.750s][info][safepoint] Application time: 0.2468426 seconds
[145.750s][info][safepoint] Total time for which application threads were stopped: 0.0002102 seconds, Stopping threads took: 0.0000004 seconds
[145.750s][info][gc       ] [SPS 0.000 0.070 0.006 0.007 0.000 0.004 0.001 0.176 0.022 0.210 NewGC_pause1 145.749571 ]
[145.811s][info][safepoint] Application time: 0.0612194 seconds
[145.811s][info][safepoint] Total time for which application threads were stopped: 0.0000676 seconds, Stopping threads took: 0.0000004 seconds
[145.812s][info][gc       ] [SPS 0.000 0.001 0.000 0.006 0.000 0.001 0.001 0.045 0.014 0.067 NewGC_pause2 145.810858 ]
[145.813s][info][safepoint] Application time: 0.0016111 seconds
[145.813s][info][safepoint] Total time for which application threads were stopped: 0.0000763 seconds, Stopping threads took: 0.0000005 seconds
[145.813s][info][gc       ] [SPS 0.000 0.003 0.000 0.006 0.000 0.002 0.001 0.050 0.017 0.075 NewGC_pause3 145.812545 ]
[145.814s][info][safepoint] Application time: 0.0016681 seconds
[145.815s][info][safepoint] Total time for which application threads were stopped: 0.0001770 seconds, Stopping threads took: 0.0000004 seconds
[145.815s][info][gc       ] [SPS 0.000 0.004 0.002 0.007 0.000 0.001 0.000 0.123 0.045 0.177 NewGC_pause4 145.814390 ]
[145.815s][info][gc       ] [GC New Max 383-353 : 6356 3364 2304 6356 - - 1020 20 2 2 - : 168 1810 34 292 1228 : 164 4 1063 1063 0 : 0 1 82 0 84 - 0 : 0.243005 3687.2 0.0 0.068885 2496.9 0.0 : 8 --c 0000 : 23 0 0.000 0.000 0 0.000 0.000 0 0.000 0.000 : 145.745876 145.749361 0.000182 145.810790 0.000050 145.812469 0.000054 145.814213 0.000055 : 145.814761 ]
[145.815s][info][gc       ] [SYSINFO 8465 195 63 0 7919 0 16 0 0 6942 : - - - - - - - - : 0 7168 : 3.94 3.00 2.12 : 271935 4216716 : 0 0 : 31 0 : 2445 2 0 267 : - 8574136320 583921664 1101778944 7200940032 203833344 66772992 : 139899904 24729320 506180 0 0 0 : 145.815292 ]
[145.815s][info][gc       ] [HUGEPAGESTAT 0 0 0 - 83087 0 0 : 446464 0 0 : 145.815292 ]
[145.815s][info][gc       ] [OBJCREAT 447287164 25675 21843968 : 145.815340 ]
[145.815s][info][gc       ] [HMSV All : 0 0 130 0 0 0 0 0 : 6192 0 0 0 : 145.815357 ]
[145.815s][info][gc       ] [HMSP 60 : 51112 0 : 145.815357 ]
[145.816s][info][gc       ] [VMAC 65530 170 24 492 686 : 145.815898 ]
[146.057s][info][gc       ] [GPGC-H  3921.1 709.1 0.1 0.0 : 14.8 : 0.609 0.536 : 0.522 0.925 0.753 1.418 : 3.026 0.915 0.722 0.667 1.811 0.608 : 0.000 : 94.471 : 1100 1810 34 0 : 2275 : 5720 5428 : 146.057437 : 9 Next_heuristic_check_may_be_too_late ]
[146.060s][info][safepoint] Application time: 0.2451363 seconds
[146.060s][info][safepoint] Total time for which application threads were stopped: 0.0001214 seconds, Stopping threads took: 0.0000005 seconds
[146.060s][info][gc       ] [SPS 0.000 0.004 0.008 0.007 0.000 0.001 0.000 0.097 0.016 0.121 NewGC_pause1 146.059648 ]
[146.109s][info][safepoint] Application time: 0.0490402 seconds
[146.109s][info][safepoint] Total time for which application threads were stopped: 0.0001203 seconds, Stopping threads took: 0.0000004 seconds
[146.110s][info][gc       ] [SPS 0.000 0.001 0.000 0.006 0.000 0.001 0.000 0.098 0.014 0.120 NewGC_pause2 146.108809 ]
[146.110s][info][safepoint] Application time: 0.0012174 seconds
[146.110s][info][safepoint] Total time for which application threads were stopped: 0.0000556 seconds, Stopping threads took: 0.0000004 seconds
[146.111s][info][gc       ] [SPS 0.000 0.000 0.000 0.006 0.000 0.001 0.000 0.035 0.013 0.056 NewGC_pause3 146.110082 ]
[146.111s][info][safepoint] Application time: 0.0012222 seconds
[146.112s][info][safepoint] Total time for which application threads were stopped: 0.0000677 seconds, Stopping threads took: 0.0000005 seconds
[146.112s][info][gc       ] [SPS 0.000 0.004 0.002 0.006 0.001 0.001 0.000 0.045 0.015 0.068 NewGC_pause4 146.111372 ]
[146.112s][info][gc       ] [GC New Max 384-354 : 6356 3384 2282 6356 - - 1020 20 2 2 - : 146 1810 34 292 1248 : 140 4 1106 1106 0 : 0 1 70 0 73 - 0 : 0.242921 3844.9 0.0 0.054150 2770.1 0.0 : 8 --c 0000 : 23 0 0.000 0.000 0 0.000 0.000 0 0.000 0.000 : 146.057682 146.059527 0.000100 146.108689 0.000102 146.110026 0.000039 146.111304 0.000047 : 146.111832 ]
[146.112s][info][gc       ] [SYSINFO 8465 195 63 0 7919 0 16 0 0 6942 : - - - - - - - - : 0 7168 : 3.94 3.00 2.12 : 271935 4216716 : 0 0 : 31 0 : 2445 2 0 267 : - 8574136320 583921664 1101778944 7200940032 203833344 66772992 : 139899904 24729950 506180 0 0 0 : 146.112071 ]
[146.112s][info][gc       ] [HUGEPAGESTAT 0 0 0 - 83087 0 0 : 446464 0 0 : 146.112071 ]
[146.112s][info][gc       ] [OBJCREAT 448357875 25675 21843968 : 146.112115 ]
[146.112s][info][gc       ] [HMSV All : 0 0 130 0 0 0 0 0 : 6192 0 0 0 : 146.112130 ]
[146.112s][info][gc       ] [HMSP 60 : 51112 0 : 146.112130 ]
[146.113s][info][gc       ] [VMAC 65530 170 24 492 686 : 146.112574 ]
[146.334s][info][gc       ] [GPGC-H  3921.1 709.1 0.1 0.0 : 14.8 : 0.607 0.536 : 0.522 0.925 0.753 1.418 : 3.017 0.915 0.722 0.667 1.811 0.608 : 0.000 : 94.210 : 1048 1810 34 0 : 2275 : 5720 5428 : 146.333994 : 9 Next_heuristic_check_may_be_too_late ]
[146.337s][info][safepoint] Application time: 0.2250569 seconds
[146.337s][info][safepoint] Total time for which application threads were stopped: 0.0001992 seconds, Stopping threads took: 0.0000005 seconds
[146.337s][info][gc       ] [SPS 0.000 0.004 0.022 0.007 0.000 0.001 0.000 0.167 0.024 0.199 NewGC_pause1 146.336628 ]
[146.389s][info][safepoint] Application time: 0.0518956 seconds
[146.389s][info][safepoint] Total time for which application threads were stopped: 0.0001171 seconds, Stopping threads took: 0.0000004 seconds
[146.389s][info][gc       ] [SPS 0.000 0.001 0.000 0.006 0.000 0.001 0.000 0.098 0.012 0.117 NewGC_pause2 146.388641 ]
[146.390s][info][safepoint] Application time: 0.0015510 seconds
[146.390s][info][safepoint] Total time for which application threads were stopped: 0.0000734 seconds, Stopping threads took: 0.0000004 seconds
[146.391s][info][gc       ] [SPS 0.000 0.000 0.000 0.006 0.000 0.001 0.000 0.054 0.013 0.073 NewGC_pause3 146.390265 ]
[146.391s][info][safepoint] Application time: 0.0011060 seconds
[146.392s][info][safepoint] Total time for which application threads were stopped: 0.0000610 seconds, Stopping threads took: 0.0000004 seconds
[146.392s][info][gc       ] [SPS 0.000 0.003 0.002 0.006 0.000 0.001 0.000 0.040 0.014 0.061 NewGC_pause4 146.391432 ]
[146.392s][info][gc       ] [GC New Max 385-355 : 6356 3370 2320 6356 - - 1020 20 2 2 - : 184 1810 34 292 1234 : 178 4 1054 1054 0 : 0 1 89 0 92 - 0 : 0.222639 4060.4 0.0 0.057288 3281.7 0.0 : 8 --c 0000 : 23 0 0.000 0.000 0 0.000 0.000 0 0.000 0.000 : 146.334472 146.336429 0.000170 146.388524 0.000102 146.390192 0.000057 146.391371 0.000043 : 146.391760 ]
[146.392s][info][gc       ] [SYSINFO 8465 195 63 0 7919 0 16 0 0 6942 : - - - - - - - - : 0 7168 : 3.94 3.00 2.12 : 271935 4216716 : 0 0 : 31 0 : 2445 2 0 267 : - 8574136320 583921664 1101778944 7200940032 203833344 66772992 : 139899904 24730630 506180 0 0 0 : 146.391972 ]
[146.392s][info][gc       ] [HUGEPAGESTAT 0 0 0 - 83087 0 0 : 446464 0 0 : 146.391972 ]
[146.392s][info][gc       ] [OBJCREAT 449438284 25675 21843968 : 146.392023 ]
[146.392s][info][gc       ] [HMSV All : 0 0 130 0 0 0 0 0 : 6192 0 0 0 : 146.392038 ]
[146.392s][info][gc       ] [HMSP 60 : 51112 0 : 146.392038 ]
[146.392s][info][gc       ] [VMAC 65530 170 24 492 686 : 146.392445 ]
[146.614s][info][gc       ] [GPGC-H  3921.1 709.1 0.1 0.0 : 14.8 : 0.605 0.536 : 0.522 0.925 0.753 1.418 : 3.008 0.915 0.722 0.667 1.811 0.608 : 0.000 : 93.972 : 1074 1810 34 0 : 2275 : 5720 5428 : 146.613689 : 9 Next_heuristic_check_may_be_too_late ]
[146.616s][info][safepoint] Application time: 0.2245403 seconds
[146.616s][info][safepoint] Total time for which application threads were stopped: 0.0001193 seconds, Stopping threads took: 0.0000005 seconds
[146.616s][info][gc       ] [SPS 0.000 0.004 0.003 0.006 0.000 0.001 0.000 0.092 0.023 0.123 NewGC_pause1 146.616096 ]
[146.665s][info][safepoint] Application time: 0.0491848 seconds
[146.666s][info][safepoint] Total time for which application threads were stopped: 0.0001352 seconds, Stopping threads took: 0.0000004 seconds
[146.666s][info][gc       ] [SPS 0.000 0.001 0.000 0.006 0.000 0.001 0.000 0.113 0.014 0.135 NewGC_pause2 146.665412 ]
[146.667s][info][safepoint] Application time: 0.0016295 seconds
[146.667s][info][safepoint] Total time for which application threads were stopped: 0.0001183 seconds, Stopping threads took: 0.0000004 seconds
[146.667s][info][gc       ] [SPS 0.000 0.001 0.000 0.006 0.000 0.001 0.000 0.097 0.013 0.118 NewGC_pause3 146.667160 ]
[146.668s][info][safepoint] Application time: 0.0010935 seconds
[146.668s][info][safepoint] Total time for which application threads were stopped: 0.0000665 seconds, Stopping threads took: 0.0000005 seconds
[146.669s][info][gc       ] [SPS 0.000 0.003 0.002 0.006 0.000 0.001 0.000 0.044 0.015 0.066 NewGC_pause4 146.668320 ]
[146.669s][info][gc       ] [GC New Max 386-356 : 6356 3360 2286 6356 - - 1020 20 2 2 - : 150 1810 34 292 1224 : 146 4 1079 1079 0 : 0 1 73 0 75 - 0 : 0.222409 4010.6 0.0 0.054508 2788.6 0.0 : 8 --c 0000 : 23 0 0.000 0.000 0 0.000 0.000 0 0.000 0.000 : 146.614168 146.615973 0.000092 146.665277 0.000118 146.667042 0.000102 146.668254 0.000048 : 146.668676 ]
[146.669s][info][gc       ] [SYSINFO 8465 195 63 0 7919 0 16 0 0 6942 : - - - - - - - - : 0 7168 : 3.94 3.00 2.12 : 271935 4216716 : 0 0 : 31 0 : 2445 2 0 267 : - 8574136320 583921664 1101778944 7200940032 203833344 66772992 : 139899904 24731290 506180 0 0 0 : 146.668923 ]
[146.669s][info][gc       ] [HUGEPAGESTAT 0 0 0 - 83087 0 0 : 446464 0 0 : 146.668923 ]
[146.669s][info][gc       ] [OBJCREAT 450474907 25675 21843968 : 146.668970 ]
[146.669s][info][gc       ] [HMSV All : 0 0 130 0 0 0 0 0 : 6192 0 0 0 : 146.668987 ]
[146.669s][info][gc       ] [HMSP 60 : 51112 0 : 146.668987 ]
[146.670s][info][gc       ] [VMAC 65530 170 24 492 686 : 146.669621 ]
[146.891s][info][gc       ] [GPGC-H  3921.1 709.1 0.1 0.0 : 14.8 : 0.604 0.536 : 0.522 0.925 0.753 1.418 : 3.000 0.915 0.722 0.667 1.811 0.608 : 0.000 : 93.734 : 1068 1810 34 0 : 2275 : 5720 5428 : 146.890792 : 9 Next_heuristic_check_may_be_too_late ]
[146.893s][info][safepoint] Application time: 0.2248674 seconds
[146.894s][info][safepoint] Total time for which application threads were stopped: 0.0002508 seconds, Stopping threads took: 0.0000004 seconds
[146.894s][info][gc       ] [SPS 0.000 0.003 0.004 0.007 0.000 0.001 0.000 0.222 0.021 0.251 NewGC_pause1 146.893439 ]
[146.942s][info][safepoint] Application time: 0.0484791 seconds
[146.943s][info][safepoint] Total time for which application threads were stopped: 0.0001652 seconds, Stopping threads took: 0.0000004 seconds
[146.943s][info][gc       ] [SPS 0.000 0.001 0.000 0.006 0.000 0.001 0.000 0.138 0.020 0.165 NewGC_pause2 146.942083 ]
[146.944s][info][safepoint] Application time: 0.0018188 seconds
[146.944s][info][safepoint] Total time for which application threads were stopped: 0.0000524 seconds, Stopping threads took: 0.0000004 seconds
[146.944s][info][gc       ] [SPS 0.000 0.000 0.000 0.006 0.000 0.001 0.000 0.033 0.012 0.052 NewGC_pause3 146.943954 ]
[146.945s][info][safepoint] Application time: 0.0012678 seconds
[146.945s][info][safepoint] Total time for which application threads were stopped: 0.0000778 seconds, Stopping threads took: 0.0000004 seconds
[146.946s][info][gc       ] [SPS 0.000 0.002 0.002 0.006 0.000 0.001 0.000 0.043 0.028 0.078 NewGC_pause4 146.945300 ]
[146.946s][info][gc       ] [GC New Max 387-357 : 6356 3390 2322 6356 - - 1020 20 2 2 - : 186 1810 34 292 1254 : 182 4 1072 1072 0 : 0 1 91 0 93 - 0 : 0.222738 4130.4 0.0 0.054221 3467.3 0.0 : 8 --c 0000 : 23 0 0.000 0.000 0 0.000 0.000 0 0.000 0.000 : 146.891414 146.893188 0.000184 146.941918 0.000051 146.943902 0.000036 146.945222 0.000046 : 146.945636 ]
[146.946s][info][gc       ] [SYSINFO 8465 195 63 0 7919 0 16 0 0 6942 : - - - - - - - - : 0 7168 : 3.94 3.00 2.12 : 271935 4216716 : 0 0 : 31 0 : 2445 2 0 267 : - 8574136320 583921664 1101778944 7200940032 203833344 66772992 : 139899904 24731920 506180 0 0 0 : 146.945846 ]
[146.946s][info][gc       ] [HUGEPAGESTAT 0 0 0 - 83087 0 0 : 446464 0 0 : 146.945846 ]
[146.946s][info][gc       ] [OBJCREAT 451571491 25675 21843968 : 146.945886 ]
[146.946s][info][gc       ] [HMSV All : 0 0 130 0 0 0 0 0 : 6192 0 0 0 : 146.945901 ]
[146.946s][info][gc       ] [HMSP 60 : 51112 0 : 146.945901 ]
[146.946s][info][gc       ] [VMAC 65530 170 24 492 686 : 146.946363 ]
[147.167s][info][gc       ] [GPGC-H  3921.1 709.1 0.1 0.0 : 14.8 : 0.602 0.536 : 0.522 0.925 0.753 1.418 : 2.991 0.915 0.722 0.667 1.811 0.608 : 0.000 : 93.498 : 1092 1810 34 0 : 2275 : 5720 5428 : 147.167049 : 9 Next_heuristic_check_may_be_too_late ]
[147.169s][info][safepoint] Application time: 0.2238764 seconds
[147.170s][info][safepoint] Total time for which application threads were stopped: 0.0001572 seconds, Stopping threads took: 0.0000005 seconds
[147.170s][info][gc       ] [SPS 0.000 0.004 0.008 0.007 0.000 0.001 0.000 0.127 0.021 0.157 NewGC_pause1 147.169334 ]
[147.221s][info][safepoint] Application time: 0.0510813 seconds
[147.221s][info][safepoint] Total time for which application threads were stopped: 0.0001261 seconds, Stopping threads took: 0.0000004 seconds
[147.221s][info][gc       ] [SPS 0.000 0.001 0.000 0.006 0.000 0.001 0.000 0.093 0.026 0.126 NewGC_pause2 147.220541 ]
[147.222s][info][safepoint] Application time: 0.0015288 seconds
[147.222s][info][safepoint] Total time for which application threads were stopped: 0.0000954 seconds, Stopping threads took: 0.0000004 seconds
[147.223s][info][gc       ] [SPS 0.000 0.000 0.000 0.006 0.000 0.001 0.000 0.075 0.013 0.095 NewGC_pause3 147.222166 ]
[147.224s][info][safepoint] Application time: 0.0013166 seconds
[147.224s][info][safepoint] Total time for which application threads were stopped: 0.0000851 seconds, Stopping threads took: 0.0000004 seconds
[147.224s][info][gc       ] [SPS 0.000 0.003 0.002 0.010 0.000 0.001 0.000 0.056 0.017 0.085 NewGC_pause4 147.223567 ]
[147.224s][info][gc       ] [GC New Max 388-358 : 6356 3390 2296 6356 - - 1020 20 2 2 - : 160 1810 34 292 1254 : 156 2 1098 1098 0 : 0 0 78 0 80 - 0 : 0.221906 4091.8 0.0 0.056462 2904.6 0.0 : 8 --c 0000 : 23 0 0.000 0.000 0 0.000 0.000 0 0.000 0.000 : 147.167542 147.169177 0.000123 147.220415 0.000093 147.222070 0.000080 147.223482 0.000063 : 147.224004 ]
[147.224s][info][gc       ] [SYSINFO 8465 195 63 0 7919 0 16 0 0 6942 : - - - - - - - - : 0 7168 : 3.94 3.00 2.12 : 271935 4216716 : 0 0 : 31 0 : 2445 2 0 267 : - 8574136320 583921664 1101778944 7200940032 203833344 66772992 : 139899904 24732530 506180 0 0 0 : 147.224247 ]
[147.224s][info][gc       ] [HUGEPAGESTAT 0 0 0 - 83087 0 0 : 446464 0 0 : 147.224247 ]
[147.224s][info][gc       ] [OBJCREAT 452631944 25675 21843968 : 147.224289 ]
[147.224s][info][gc       ] [HMSV All : 0 0 130 0 0 0 0 0 : 6192 0 0 0 : 147.224305 ]
[147.224s][info][gc       ] [HMSP 60 : 51112 0 : 147.224305 ]
[147.225s][info][gc       ] [VMAC 65530 170 24 492 686 : 147.224774 ]
[147.365s][info][gc       ] [GPGC-H  3921.1 709.1 0.1 0.0 : 14.8 : 0.600 0.536 : 0.522 0.925 0.753 1.418 : 2.983 0.915 0.722 0.667 1.811 0.608 : 0.000 : 93.262 : 1154 1810 34 0 : 2275 : 5720 5428 : 147.365294 : 9 Next_heuristic_check_may_be_too_late ]
[147.368s][info][safepoint] Application time: 0.1444919 seconds
[147.369s][info][safepoint] Total time for which application threads were stopped: 0.0002251 seconds, Stopping threads took: 0.0000004 seconds
[147.369s][info][gc       ] [SPS 0.000 0.004 0.003 0.007 0.000 0.001 0.000 0.196 0.021 0.225 NewGC_pause1 147.368285 ]
[147.511s][info][safepoint] Application time: 0.1422931 seconds
[147.511s][info][safepoint] Total time for which application threads were stopped: 0.0001486 seconds, Stopping threads took: 0.0000005 seconds
[147.511s][info][gc       ] [SPS 0.000 0.001 0.000 0.006 0.000 0.001 0.000 0.119 0.021 0.149 NewGC_pause2 147.510727 ]
[147.512s][info][safepoint] Application time: 0.0015016 seconds
[147.512s][info][safepoint] Total time for which application threads were stopped: 0.0000764 seconds, Stopping threads took: 0.0000004 seconds
[147.513s][info][gc       ] [SPS 0.000 0.001 0.000 0.007 0.000 0.001 0.000 0.040 0.028 0.076 NewGC_pause3 147.512305 ]
[147.514s][info][safepoint] Application time: 0.0014411 seconds
[147.514s][info][safepoint] Total time for which application threads were stopped: 0.0000708 seconds, Stopping threads took: 0.0000005 seconds
[147.514s][info][gc       ] [SPS 0.000 0.004 0.002 0.007 0.000 0.001 0.000 0.048 0.015 0.071 NewGC_pause4 147.513817 ]
[147.515s][info][gc       ] [GC New Max 389-359 : 6356 3906 3406 6356 - - 1020 20 2 2 - : 1270 1810 34 292 1770 : 1256 8 509 509 0 : 0 0 298 0 556 - 79 : 0.141947 7044.9 0.0 0.148304 4167.1 0.0 : 8 --c 0000 : 23 0 0.000 0.000 0 0.000 0.000 0 0.000 0.000 : 147.365951 147.368060 0.000158 147.510578 0.000056 147.512228 0.000044 147.513746 0.000051 : 147.514255 ]
[147.515s][info][gc       ] [SYSINFO 8465 195 63 0 7919 0 16 0 0 6942 : - - - - - - - - : 0 7168 : 4.34 3.10 2.15 : 271935 4216716 : 0 0 : 31 0 : 2445 2 0 267 : - 8574136320 583921664 1101778944 7200940032 203833344 66772992 : 139899904 24733910 506240 0 0 0 : 147.514581 ]
[147.515s][info][gc       ] [HUGEPAGESTAT 0 0 0 - 83087 0 0 : 446464 0 0 : 147.514581 ]
[147.515s][info][gc       ] [OBJCREAT 454230451 25675 21843968 : 147.514633 ]
[147.515s][info][gc       ] [HMSV All : 0 0 139 0 0 0 0 0 : 6192 0 0 0 : 147.514649 ]
[147.515s][info][gc       ] [HMSP 60 : 51112 0 : 147.514649 ]
[147.515s][info][gc       ] [VMAC 65530 170 24 492 686 : 147.515164 ]
[147.757s][info][gc       ] [GPGC-H  3918.9 709.1 0.1 0.0 : 14.8 : 0.599 0.536 : 0.522 0.925 0.753 1.418 : 2.974 0.915 0.722 0.667 1.811 0.608 : 0.000 : 93.121 : 1880 1810 34 0 : 2275 : 5720 5428 : 147.756587 : 8 May_exceed_heap_occupancy_target ]
[147.762s][info][safepoint] Application time: 0.2483991 seconds
[147.765s][info][safepoint] Total time for which application threads were stopped: 0.0002433 seconds, Stopping threads took: 0.0000004 seconds
[147.776s][info][gc       ] [SPS 0.000 0.002 0.009 0.008 0.000 0.001 0.000 0.209 0.025 0.243 NewGC_pause1 147.762459 ]
[148.114s][info][safepoint] Application time: 0.3514888 seconds
[148.114s][info][safepoint] Total time for which application threads were stopped: 0.0000938 seconds, Stopping threads took: 0.0000004 seconds
[148.114s][info][gc       ] [SPS 0.000 0.001 0.000 0.006 0.000 0.001 0.000 0.069 0.017 0.094 NewGC_pause2 148.114042 ]
[148.115s][info][safepoint] Application time: 0.0006986 seconds
[148.115s][info][safepoint] Total time for which application threads were stopped: 0.0000511 seconds, Stopping threads took: 0.0000004 seconds
[148.115s][info][gc       ] [SPS 0.000 0.001 0.000 0.006 0.000 0.001 0.000 0.032 0.012 0.051 NewGC_pause3 148.114792 ]
[148.116s][info][safepoint] Application time: 0.0009765 seconds
[148.116s][info][safepoint] Total time for which application threads were stopped: 0.0004550 seconds, Stopping threads took: 0.0000004 seconds
[148.116s][info][gc       ] [SPS 0.000 0.000 0.000 0.006 0.000 0.001 0.000 0.425 0.022 0.455 OldGC_pause2 148.116223 ]
[148.118s][info][safepoint] Application time: 0.0021331 seconds
[148.119s][info][safepoint] Total time for which application threads were stopped: 0.0000677 seconds, Stopping threads took: 0.0000004 seconds
[148.119s][info][gc       ] [SPS 0.000 0.002 0.002 0.005 0.000 0.001 0.000 0.040 0.021 0.068 NewGC_pause4 148.118424 ]
[148.119s][info][safepoint] Application time: 0.0005451 seconds
[148.119s][info][safepoint] Total time for which application threads were stopped: 0.0000491 seconds, Stopping threads took: 0.0000004 seconds
[148.119s][info][gc       ] [GC NTO Max 390-360 : 6356 4232 4086 6356 - - 1020 20 2 2 - : 1950 1810 34 292 2096 : 1930 7 159 159 0 : 0 0 95 0 920 - 55 : 0.242677 2530.1 0.0 0.361795 619.1 0.0 : 8 --c 0000 : 23 0 0.000 0.000 0 0.000 0.000 0 0.000 0.000 : 147.756932 147.762216 0.000148 148.113948 0.000070 148.114741 0.000035 148.118357 0.000043 : 148.118728 ]
[148.119s][info][gc       ] [SYSINFO 8465 195 63 0 7919 0 16 0 0 6942 : - - - - - - - - : 0 7168 : 4.34 3.10 2.15 : 271935 4216716 : 0 0 : 31 0 : 2445 5 0 267 : - 8574136320 583921664 1101778944 7200940032 203833344 66772992 : 139899904 24737190 506350 0 0 0 : 148.118960 ]
[148.119s][info][gc       ] [HUGEPAGESTAT 0 0 0 - 83087 0 0 : 446464 0 0 : 148.118960 ]
[148.119s][info][gc       ] [OBJCREAT 455060001 25739 21843968 : 148.119008 ]
[148.119s][info][gc       ] [HMSV All : 0 0 140 0 0 0 0 0 : 6192 0 0 0 : 148.119025 ]
[148.119s][info][gc       ] [HMSP 60 : 51112 0 : 148.119025 ]
[148.119s][info][gc       ] [SPS 0.000 0.000 0.000 0.006 0.000 0.001 0.000 0.031 0.012 0.049 OldGC_pause3 148.119019 ]
[148.119s][info][gc       ] [VMAC 65530 170 24 492 686 : 148.119480 ]
[148.124s][info][safepoint] Application time: 0.0045100 seconds
[148.124s][info][safepoint] Total time for which application threads were stopped: 0.0000658 seconds, Stopping threads took: 0.0000004 seconds
[148.124s][info][gc       ] [SPS 0.000 0.002 0.002 0.006 0.000 0.001 0.000 0.037 0.021 0.065 OldGC_pause4 148.123594 ]
[148.125s][info][gc       ] [GC Old Max 391-31 : 6356 4232 2304 6356 - - 1020 20 2 2 - : 1970 10 32 292 1850 : 26 15 1803 1803 0 : 0 8 0 0 21 - 0 : 8.455751 50.9 0.2 0.365790 0.0 0.0 : 3 --c 0000 : 23   -    -    -    -    -    -    -    -    -  : 147.758504 147.762216 0.000148 148.115768 0.000428 148.118970 0.000034 148.123529 0.000040 : 148.124294 ]
[148.125s][info][gc       ] [SYSINFO 8465 195 63 0 7919 0 16 0 0 6942 : - - - - - - - - : 0 7168 : 4.34 3.10 2.15 : 271935 4216716 : 0 0 : 31 0 : 2445 2 0 267 : - 8574136320 583921664 1101778944 7200940032 203833344 66772992 : 139899904 24737240 506360 0 0 0 : 148.124482 ]
[148.125s][info][gc       ] [HUGEPAGESTAT 0 0 0 - 83087 0 0 : 446464 0 0 : 148.124482 ]
[148.125s][info][gc       ] [OBJCREAT 455079828 25739 21843968 : 148.124520 ]
[148.125s][info][gc       ] [HMSV All : 0 0 140 0 0 0 0 0 : 6192 0 0 0 : 148.124533 ]
[148.125s][info][gc       ] [HMSP 60 : 51112 0 : 148.124533 ]
[148.125s][info][gc       ] [COMPSTATS 1 : 5 0 : 1 0 : 0 0 : 528 5 0 0 0 0 : 0 0 0 0 0 0 : 135 136 15 : 533 0 0 0 0 0 0 : 533 0 0 0 0 0 0 ]
[148.125s][info][gc       ] [COMPSTATS 2 : 5 0 : 1 0 : 0 0 : 129 11 0 0 0 0 : 0 0 0 0 0 0 : 48891 48995 9410 : 69 45 26 0 0 0 0 : 32 86 17 4 1 0 0 ]
[148.125s][info][gc       ] [DEOPTSTATS 1 : 1 0 : 0 0 : 0 0 : 0 0 : 0 12 : 0 0 : 0 0 : 0 0 : 0 0 : 0 0 : 0 0 : 0 0 : 0 0 : 0 0 : 0 0 : 0 0 : 0 0 : 0 0 : 0 0 : 0 0 : 0 0 : 0 0 : 0 0 : 0 0 : 0 0 : 0 0 : 0 0 : 0 0 : 0 0 : 0 0 : 6 0 : 0 0 : 0 0 : 0 0 : 0 0 : 0 0 : 0 0 : 0 0 : 0 0 : 0 0 : 0 0 : 0 0 ]
[148.125s][info][gc       ] [DEOPTSTATS 2 : 0 0 : 0 0 : 0 0 : 0 0 : 0 0 : 0 0 : 0 11 : 0 0 : 0 0 : 0 0 : 0 0 : 0 0 : 0 0 : 0 0 : 0 0 : 0 0 : 0 0 : 0 0 : 0 0 : 0 0 : 0 0 : 0 0 : 0 0 : 0 0 : 0 0 : 0 0 : 0 0 : 0 0 : 0 0 : 0 0 : 5 0 : 0 0 : 0 0 : 0 0 : 0 1 : 0 0 : 0 0 : 0 0 : 0 0 : 0 3 : 0 0 : 0 0 ]
[148.125s][info][gc       ] [CCF 0 0 0 0 32 181248: 3081216 : 380 196608 : 3 49152 : 317 311808 :  521 643584 : 120 416256 : 0 0 : 15 1228800 : 1 2048]
[148.125s][info][gc       ] [VMAC 65530 170 24 492 686 : 148.124958 ]
[148.240s][info][gc       ] [GPGC-H  3918.9 691.3 0.1 0.0 : 14.4 : 0.597 0.541 : 0.522 0.862 0.753 1.418 : 2.960 0.915 0.722 0.620 1.811 0.608 : 0.000 : 92.890 : 2360 10 32 0 : 2275 : 5720 5428 : 148.239819 : 9 Next_heuristic_check_may_be_too_late ]
[148.243s][info][safepoint] Application time: 0.1194974 seconds
[148.244s][info][safepoint] Total time for which application threads were stopped: 0.0002120 seconds, Stopping threads took: 0.0000005 seconds
[148.244s][info][gc       ] [SPS 0.000 0.004 0.006 0.007 0.000 0.001 0.000 0.162 0.041 0.212 NewGC_pause1 148.243304 ]
[148.522s][info][safepoint] Application time: 0.2785251 seconds
[148.522s][info][safepoint] Total time for which application threads were stopped: 0.0000761 seconds, Stopping threads took: 0.0000005 seconds
[148.522s][info][gc       ] [SPS 0.000 0.002 0.000 0.008 0.001 0.001 0.000 0.049 0.018 0.076 NewGC_pause2 148.521906 ]
[148.524s][info][safepoint] Application time: 0.0015429 seconds
[148.524s][info][safepoint] Total time for which application threads were stopped: 0.0000677 seconds, Stopping threads took: 0.0000005 seconds
[148.524s][info][gc       ] [SPS 0.000 0.000 0.000 0.007 0.001 0.001 0.001 0.042 0.016 0.068 NewGC_pause3 148.523516 ]
[148.536s][info][safepoint] Application time: 0.0124856 seconds
[148.536s][info][safepoint] Total time for which application threads were stopped: 0.0000921 seconds, Stopping threads took: 0.0000094 seconds
[148.537s][info][gc       ] [SPS 0.000 0.004 0.008 0.014 0.009 0.001 0.000 0.049 0.019 0.092 NewGC_pause4 148.536094 ]
[148.630s][info][gc       ] [GC New Max 392-361 : 6356 4100 3022 6356 - - 1020 20 2 2 - : 2688 10 32 292 2996 : 2392 15 596 596 97 : 0 291 315 0 1289 - 55 : 0.121696 3369.0 0.0 0.389518 2105.2 0.0 : 8 --c 0000 : 23 0 0.000 0.000 0 0.000 0.000 0 0.000 0.000 : 148.240424 148.243092 0.000129 148.521829 0.000052 148.523448 0.000047 148.536002 0.000068 : 148.629942 ]
[148.630s][info][gc       ] [SYSINFO 8465 195 63 0 7919 0 16 0 0 6942 : - - - - - - - - : 0 7168 : 4.34 3.10 2.15 : 271935 4216716 : 0 0 : 31 0 : 2445 2 0 267 : - 8574136320 583921664 1101778944 7200940032 203833344 66772992 : 139899904 24740820 506430 0 0 0 : 148.630224 ]
[148.630s][info][gc       ] [HUGEPAGESTAT 0 0 0 - 83087 0 0 : 446464 0 0 : 148.630224 ]
[148.630s][info][gc       ] [OBJCREAT 456277724 25739 21843968 : 148.630282 ]
[148.630s][info][gc       ] [HMSV All : 0 0 140 0 0 0 0 0 : 6192 0 0 0 : 148.630306 ]
[148.630s][info][gc       ] [HMSP 60 : 51112 0 : 148.630306 ]
[148.631s][info][gc       ] [VMAC 65530 170 24 492 686 : 148.630827 ]
[148.852s][info][gc       ] [GPGC-H  3918.9 691.3 0.1 0.0 : 14.4 : 0.596 0.541 : 0.522 0.862 0.753 1.418 : 2.951 0.915 0.722 0.620 1.811 0.608 : 0.000 : 92.791 : 3422 10 32 0 : 2275 : 5720 5428 : 148.852354 : 9 Next_heuristic_check_may_be_too_late ]
[148.857s][info][safepoint] Application time: 0.3209174 seconds
[148.858s][info][safepoint] Total time for which application threads were stopped: 0.0003189 seconds, Stopping threads took: 0.0000004 seconds
[148.858s][info][gc       ] [SPS 0.000 0.003 0.003 0.006 0.000 0.001 0.000 0.291 0.020 0.319 NewGC_pause1 148.857331 ]
[149.142s][info][safepoint] Application time: 0.2846373 seconds
[149.142s][info][safepoint] Total time for which application threads were stopped: 0.0000723 seconds, Stopping threads took: 0.0000005 seconds
[149.142s][info][gc       ] [SPS 0.000 0.001 0.000 0.008 0.001 0.001 0.000 0.045 0.018 0.072 NewGC_pause2 149.142040 ]
[149.143s][info][safepoint] Application time: 0.0009398 seconds
[149.143s][info][safepoint] Total time for which application threads were stopped: 0.0000662 seconds, Stopping threads took: 0.0000005 seconds
[149.143s][info][gc       ] [SPS 0.000 0.001 0.000 0.007 0.001 0.001 0.000 0.041 0.016 0.066 NewGC_pause3 149.143046 ]
[149.145s][info][safepoint] Application time: 0.0020384 seconds
[149.145s][info][safepoint] Total time for which application threads were stopped: 0.0000766 seconds, Stopping threads took: 0.0000005 seconds
[149.146s][info][gc       ] [SPS 0.000 0.003 0.002 0.007 0.001 0.001 0.000 0.052 0.016 0.077 NewGC_pause4 149.145161 ]
[149.147s][info][gc       ] [GC New Max 393-362 : 6356 4510 2958 6356 - - 1020 20 2 2 - : 2624 10 32 292 4176 : 2507 15 1656 1656 0 : 0 8 372 0 1257 - 55 : 0.223137 3298.4 0.0 0.293323 2591.0 0.0 : 8 --c 0000 : 23 0 0.000 0.000 0 0.000 0.000 0 0.000 0.000 : 148.853079 148.857012 0.000259 149.141968 0.000049 149.142980 0.000044 149.145085 0.000056 : 149.146402 ]
[149.147s][info][gc       ] [SYSINFO 8465 195 63 0 7919 0 16 0 0 6942 : - - - - - - - - : 0 7168 : 4.34 3.10 2.15 : 271935 4216716 : 0 0 : 31 0 : 2445 2 0 267 : - 8574136320 583921664 1101778944 7200940032 203833344 66772992 : 139899904 24743660 506430 0 0 0 : 149.146685 ]
[149.147s][info][gc       ] [HUGEPAGESTAT 0 0 0 - 83087 0 0 : 446464 0 0 : 149.146685 ]
[149.147s][info][gc       ] [OBJCREAT 457758999 25739 21843968 : 149.146738 ]
[149.147s][info][gc       ] [HMSV All : 0 0 140 0 0 0 0 0 : 6192 0 0 0 : 149.146753 ]
[149.147s][info][gc       ] [HMSP 60 : 51112 0 : 149.146753 ]
[149.147s][info][gc       ] [VMAC 65530 170 24 492 686 : 149.147261 ]
[149.369s][info][gc       ] [GPGC-H  3918.9 691.3 0.1 0.0 : 14.4 : 0.594 0.541 : 0.522 0.862 0.753 1.418 : 2.944 0.915 0.722 0.620 1.811 0.608 : 0.000 : 92.577 : 3360 10 32 0 : 2275 : 5720 5428 : 149.368704 : 9 Next_heuristic_check_may_be_too_late ]
[149.374s][info][safepoint] Application time: 0.2281429 seconds
[149.374s][info][safepoint] Total time for which application threads were stopped: 0.0003584 seconds, Stopping threads took: 0.0000004 seconds
[149.374s][info][gc       ] [SPS 0.000 0.003 0.003 0.006 0.000 0.001 0.000 0.305 0.046 0.359 NewGC_pause1 149.373663 ]
[149.642s][info][safepoint] Application time: 0.2683623 seconds
[149.643s][info][safepoint] Total time for which application threads were stopped: 0.0001648 seconds, Stopping threads took: 0.0000005 seconds
[149.643s][info][gc       ] [SPS 0.000 0.002 0.000 0.007 0.001 0.001 0.000 0.130 0.026 0.165 NewGC_pause2 149.642190 ]
[149.644s][info][safepoint] Application time: 0.0015133 seconds
[149.644s][info][safepoint] Total time for which application threads were stopped: 0.0000674 seconds, Stopping threads took: 0.0000005 seconds
[149.644s][info][gc       ] [SPS 0.000 0.000 0.000 0.007 0.001 0.001 0.000 0.043 0.015 0.067 NewGC_pause3 149.643771 ]
[149.657s][info][safepoint] Application time: 0.0129436 seconds
[149.657s][info][safepoint] Total time for which application threads were stopped: 0.0001197 seconds, Stopping threads took: 0.0000005 seconds
[149.657s][info][gc       ] [SPS 0.000 0.004 0.008 0.007 0.000 0.001 0.000 0.094 0.017 0.120 NewGC_pause4 149.656834 ]
[149.806s][info][gc       ] [GC New Max 394-363 : 6356 4398 3164 6356 - - 1020 20 2 2 - : 2216 624 32 292 4064 : 2457 6 1593 1593 0 : 307 1 347 0 1053 - 55 : 0.222840 3302.8 0.0 0.436050 2265.8 0.0 : 8 --c 0000 : 23 0 0.000 0.000 0 0.000 0.000 0 0.000 0.000 : 149.369242 149.373305 0.000266 149.642026 0.000055 149.643704 0.000046 149.656715 0.000097 : 149.805292 ]
[149.806s][info][gc       ] [SYSINFO 8465 195 63 0 7919 0 16 0 0 6942 : - - - - - - - - : 0 7168 : 4.34 3.10 2.15 : 271935 4216716 : 0 0 : 31 0 : 2445 2 0 267 : - 8574136320 583921664 1101778944 7200940032 203833344 66772992 : 139899904 24747770 506540 0 0 0 : 149.805573 ]
[149.806s][info][gc       ] [HUGEPAGESTAT 0 0 0 - 83087 0 0 : 446464 0 0 : 149.805573 ]
[149.806s][info][gc       ] [OBJCREAT 459467153 25739 22472704 : 149.805625 ]
[149.806s][info][gc       ] [HMSV All : 0 0 140 0 0 0 0 0 : 6192 0 0 0 : 149.805643 ]
[149.806s][info][gc       ] [HMSP 60 : 51112 0 : 149.805643 ]
[149.806s][info][gc       ] [VMAC 65530 170 24 492 686 : 149.806166 ]
[149.967s][info][gc       ] [GPGC-H  3874.8 691.3 0.1 0.0 : 14.4 : 0.592 0.541 : 0.522 0.862 0.753 1.418 : 2.944 0.915 0.722 0.620 1.811 0.608 : 0.000 : 92.377 : 2856 624 32 0 : 2275 : 5720 5428 : 149.967010 : 17 Old_headroom_use_may_exceed_trigger ]
[149.973s][info][safepoint] Application time: 0.3156955 seconds
[149.975s][info][safepoint] Total time for which application threads were stopped: 0.0003689 seconds, Stopping threads took: 0.0000004 seconds
[149.987s][info][gc       ] [SPS 0.000 0.001 0.004 0.006 0.000 0.001 0.000 0.335 0.043 0.386 NewGC_pause1 149.972916 ]
[150.213s][info][safepoint] Application time: 0.2401934 seconds
[150.213s][info][safepoint] Total time for which application threads were stopped: 0.0000955 seconds, Stopping threads took: 0.0000005 seconds
[150.214s][info][gc       ] [SPS 0.000 0.002 0.000 0.007 0.000 0.001 0.000 0.061 0.026 0.095 NewGC_pause2 150.213188 ]
[150.214s][info][safepoint] Application time: 0.0011361 seconds
[150.215s][info][safepoint] Total time for which application threads were stopped: 0.0001152 seconds, Stopping threads took: 0.0000005 seconds
[150.215s][info][gc       ] [SPS 0.000 0.001 0.000 0.007 0.000 0.001 0.000 0.092 0.015 0.115 NewGC_pause3 150.214439 ]
[150.230s][info][safepoint] Application time: 0.0157220 seconds
[150.231s][info][safepoint] Total time for which application threads were stopped: 0.0000922 seconds, Stopping threads took: 0.0000005 seconds
[150.231s][info][gc       ] [SPS 0.000 0.128 0.010 0.007 0.000 0.001 0.000 0.060 0.023 0.092 NewGC_pause4 150.230254 ]
[150.541s][info][gc       ] [GC NTO Max 395-364 : 6356 4540 3666 6356 - - 1020 20 2 2 - : 2004 1336 34 292 3592 : 1905 3 1687 1687 20 : 356 0 362 0 1002 - 0 : 0.162204 3970.3 0.0 0.572722 2650.5 3.5 : 8 --c 0000 : 23 0 0.000 0.000 0 0.000 0.000 0 0.000 0.000 : 149.967497 149.972530 0.000294 150.213093 0.000065 150.214324 0.000097 150.230162 0.000062 : 150.540219 ]
[150.541s][info][gc       ] [SYSINFO 8465 195 63 0 7919 0 16 0 0 6942 : - - - - - - - - : 0 7168 : 4.34 3.10 2.15 : 271935 4216716 : 0 0 : 31 0 : 2445 3 0 267 : - 8574541824 583921664 1102184448 7200940032 203833344 66772992 : 139899904 24752890 506840 0 0 0 : 150.540514 ]
[150.541s][info][gc       ] [HUGEPAGESTAT 0 0 0 - 83087 0 0 : 446464 0 0 : 150.540514 ]
[150.541s][info][gc       ] [OBJCREAT 461610623 25739 23201792 : 150.540575 ]
[150.541s][info][gc       ] [HMSV All : 0 0 140 0 0 0 0 0 : 6192 0 0 0 : 150.540593 ]
[150.541s][info][gc       ] [HMSP 60 : 51112 0 : 150.540593 ]
[150.542s][info][safepoint] Application time: 0.3107686 seconds
[150.542s][info][safepoint] Total time for which application threads were stopped: 0.0007443 seconds, Stopping threads took: 0.0000004 seconds
[150.542s][info][gc       ] [SPS 0.000 0.001 0.000 0.011 0.000 0.001 0.000 0.715 0.016 0.744 OldGC_pause2 150.541767 ]
[150.542s][info][gc       ] [VMAC 65530 170 24 492 686 : 150.541819 ]
[150.546s][info][safepoint] Application time: 0.0037104 seconds
[150.546s][info][safepoint] Total time for which application threads were stopped: 0.0001035 seconds, Stopping threads took: 0.0000005 seconds
[150.546s][info][gc       ] [SPS 0.000 0.000 0.000 0.011 0.000 0.001 0.000 0.061 0.030 0.104 OldGC_pause3 150.545581 ]
[150.550s][info][safepoint] Application time: 0.0042339 seconds
[150.550s][info][safepoint] Total time for which application threads were stopped: 0.0000628 seconds, Stopping threads took: 0.0000005 seconds
[150.550s][info][gc       ] [SPS 0.000 0.002 0.002 0.006 0.000 0.001 0.000 0.040 0.015 0.063 OldGC_pause4 150.549878 ]
[150.552s][info][gc       ] [GC Old Max 396-32 : 6356 4540 3692 6356 - - 1020 20 2 2 - : 2038 1324 36 292 1390 : 1342 25 0 0 0 : 0 11 357 4 625 - 55 : 1.845301 332.7 0.0 0.581710 1224.0 3.4 : 4 --c 0000 : 23   -    -    -    -    -    -    -    -    -  : 149.969595 149.972530 0.000294 150.541023 0.000723 150.545477 0.000066 150.549815 0.000044 : 150.551305 ]
[150.552s][info][gc       ] [SYSINFO 8465 195 63 0 7919 0 16 0 0 6942 : - - - - - - - - : 0 7168 : 4.34 3.10 2.15 : 271935 4216716 : 0 0 : 31 0 : 2445 2 0 267 : - 8574541824 583921664 1102184448 7200940032 203833344 66772992 : 139899904 24752940 506840 0 0 0 : 150.551512 ]
[150.552s][info][gc       ] [HUGEPAGESTAT 0 0 0 - 83087 0 0 : 446464 0 0 : 150.551512 ]
[150.552s][info][gc       ] [OBJCREAT 461644321 25739 23201792 : 150.551561 ]
[150.552s][info][gc       ] [HMSV All : 0 0 140 0 0 0 0 0 : 6192 0 0 0 : 150.551580 ]
[150.552s][info][gc       ] [HMSP 60 : 51112 0 : 150.551580 ]
[150.552s][info][gc       ] [COMPSTATS 1 : 5 0 : 1 0 : 0 0 : 529 5 0 0 0 0 : 0 0 0 0 0 0 : 135 137 15 : 534 0 0 0 0 0 0 : 534 0 0 0 0 0 0 ]
[150.552s][info][gc       ] [COMPSTATS 2 : 5 0 : 1 0 : 0 0 : 129 11 0 0 0 0 : 0 0 0 0 0 0 : 48891 48995 9410 : 69 45 26 0 0 0 0 : 32 86 17 4 1 0 0 ]
[150.552s][info][gc       ] [DEOPTSTATS 1 : 1 0 : 0 0 : 0 0 : 0 0 : 0 12 : 0 0 : 0 0 : 0 0 : 0 0 : 0 0 : 0 0 : 0 0 : 0 0 : 0 0 : 0 0 : 0 0 : 0 0 : 0 0 : 0 0 : 0 0 : 0 0 : 0 0 : 0 0 : 0 0 : 0 0 : 0 0 : 0 0 : 0 0 : 0 0 : 0 0 : 6 0 : 0 0 : 0 0 : 0 0 : 0 0 : 0 0 : 0 0 : 0 0 : 0 0 : 0 0 : 0 0 : 0 0 ]
[150.552s][info][gc       ] [DEOPTSTATS 2 : 0 0 : 0 0 : 0 0 : 0 0 : 0 0 : 0 0 : 0 11 : 0 0 : 0 0 : 0 0 : 0 0 : 0 0 : 0 0 : 0 0 : 0 0 : 0 0 : 0 0 : 0 0 : 0 0 : 0 0 : 0 0 : 0 0 : 0 0 : 0 0 : 0 0 : 0 0 : 0 0 : 0 0 : 0 0 : 0 0 : 5 0 : 0 0 : 0 0 : 0 0 : 0 1 : 0 0 : 0 0 : 0 0 : 0 0 : 0 3 : 0 0 : 0 0 ]
[150.552s][info][gc       ] [VMAC 65530 170 24 492 686 : 150.552055 ]
[150.552s][info][gc       ] [CCF 0 0 0 0 32 181248: 3081728 : 380 196608 : 3 49152 : 317 311808 :  522 644096 : 120 416256 : 0 0 : 15 1228800 : 1 2048]
[150.581s][info][gc       ] [GPGC-H  3874.8 687.4 0.1 0.0 : 14.0 : 0.591 0.582 : 0.522 0.871 0.753 1.418 : 2.944 0.901 0.722 0.620 1.811 0.608 : 0.000 : 92.255 : 2140 1324 36 0 : 2275 : 5720 5428 : 150.581424 : 9 Next_heuristic_check_may_be_too_late ]
[150.585s][info][safepoint] Application time: 0.0349364 seconds
[150.586s][info][safepoint] Total time for which application threads were stopped: 0.0002678 seconds, Stopping threads took: 0.0000004 seconds
[150.586s][info][gc       ] [SPS 0.000 0.002 0.002 0.006 0.000 0.001 0.000 0.248 0.013 0.268 NewGC_pause1 150.585082 ]
[150.731s][info][safepoint] Application time: 0.1458899 seconds
[150.731s][info][safepoint] Total time for which application threads were stopped: 0.0000767 seconds, Stopping threads took: 0.0000005 seconds
[150.732s][info][gc       ] [SPS 0.000 0.001 0.000 0.007 0.000 0.001 0.000 0.052 0.016 0.077 NewGC_pause2 150.731049 ]
[150.732s][info][safepoint] Application time: 0.0011389 seconds
[150.732s][info][safepoint] Total time for which application threads were stopped: 0.0000666 seconds, Stopping threads took: 0.0000005 seconds
[150.733s][info][gc       ] [SPS 0.000 0.000 0.000 0.007 0.001 0.001 0.000 0.043 0.015 0.067 NewGC_pause3 150.732254 ]
[150.745s][info][safepoint] Application time: 0.0129398 seconds
[150.746s][info][safepoint] Total time for which application threads were stopped: 0.0000849 seconds, Stopping threads took: 0.0000005 seconds
[150.746s][info][gc       ] [SPS 0.000 0.004 0.010 0.007 0.000 0.001 0.000 0.059 0.017 0.084 NewGC_pause4 150.745279 ]
[150.852s][info][gc       ] [GC New Max 397-365 : 6356 4202 2774 6356 - - 1021 20 2 2 - : 724 1722 36 292 2550 : 877 3 1671 1671 0 : 199 0 201 0 362 - 0 : 0.041690 3310.2 0.0 0.269625 2381.1 0.0 : 8 --c 0000 : 23 0 0.000 0.000 0 0.000 0.000 0 0.000 0.000 : 150.581908 150.584814 0.000252 150.730972 0.000047 150.732187 0.000046 150.745195 0.000063 : 150.851534 ]
[150.852s][info][gc       ] [SYSINFO 8466 195 63 0 7920 0 16 0 0 6942 : - - - - - - - - : 0 7168 : 4.34 3.10 2.15 : 271935 4216716 : 0 0 : 31 0 : 2445 3 0 267 : - 8575602688 583921664 1103245312 7200940032 203833344 66772992 : 139899904 24755340 506860 0 0 0 : 150.851902 ]
[150.852s][info][gc       ] [HUGEPAGESTAT 0 0 0 - 83087 0 0 : 446464 0 0 : 150.851902 ]
[150.852s][info][gc       ] [OBJCREAT 462382503 25739 23572480 : 150.851961 ]
[150.852s][info][gc       ] [HMSV All : 0 0 140 0 0 0 0 0 : 6192 0 0 0 : 150.851978 ]
[150.852s][info][gc       ] [HMSP 60 : 51112 0 : 150.851978 ]
[150.853s][info][gc       ] [VMAC 65530 170 24 492 686 : 150.852579 ]
[151.074s][info][gc       ] [GPGC-H  3874.8 687.4 0.1 0.0 : 14.0 : 0.589 0.582 : 0.522 0.871 0.753 1.418 : 2.943 0.901 0.722 0.620 1.811 0.608 : 0.000 : 92.235 : 1442 1722 36 0 : 2275 : 5720 5428 : 151.073884 : 9 Next_heuristic_check_may_be_too_late ]
[151.077s][info][safepoint] Application time: 0.3316101 seconds
[151.077s][info][safepoint] Total time for which application threads were stopped: 0.0002424 seconds, Stopping threads took: 0.0000004 seconds
[151.078s][info][gc       ] [SPS 0.000 0.003 0.003 0.006 0.000 0.001 0.000 0.221 0.013 0.242 NewGC_pause1 151.077132 ]
[151.186s][info][safepoint] Application time: 0.1089089 seconds
[151.187s][info][safepoint] Total time for which application threads were stopped: 0.0001174 seconds, Stopping threads took: 0.0000005 seconds
[151.187s][info][gc       ] [SPS 0.000 0.001 0.000 0.007 0.000 0.001 0.000 0.093 0.016 0.117 NewGC_pause2 151.186158 ]
[151.188s][info][safepoint] Application time: 0.0016160 seconds
[151.188s][info][safepoint] Total time for which application threads were stopped: 0.0000726 seconds, Stopping threads took: 0.0000067 seconds
[151.188s][info][gc       ] [SPS 0.000 0.001 0.000 0.006 0.007 0.001 0.000 0.043 0.016 0.073 NewGC_pause3 151.187847 ]
[151.197s][info][safepoint] Application time: 0.0086670 seconds
[151.197s][info][safepoint] Total time for which application threads were stopped: 0.0000815 seconds, Stopping threads took: 0.0000004 seconds
[151.197s][info][gc       ] [SPS 0.000 0.004 0.027 0.007 0.000 0.001 0.000 0.055 0.017 0.081 NewGC_pause4 151.196596 ]
[151.235s][info][gc       ] [GC New Max 398-366 : 6356 3792 2556 6356 - - 1021 20 2 2 - : 418 1810 36 292 1742 : 377 4 1362 1362 0 : 44 1 146 0 209 - 0 : 0.223039 3228.1 0.0 0.159668 2643.0 0.0 : 8 --c 0000 : 23 0 0.000 0.000 0 0.000 0.000 0 0.000 0.000 : 151.074572 151.076889 0.000226 151.186041 0.000095 151.187774 0.000052 151.196515 0.000059 : 151.234240 ]
[151.235s][info][gc       ] [SYSINFO 8466 195 63 0 7920 0 16 0 0 6942 : - - - - - - - - : 0 7168 : 4.34 3.10 2.15 : 271935 4216716 : 0 0 : 31 0 : 2445 2 0 267 : - 8575602688 583921664 1103245312 7200940032 203833344 66772992 : 139899904 24756930 506860 0 0 0 : 151.234515 ]
[151.235s][info][gc       ] [HUGEPAGESTAT 0 0 0 - 83087 0 0 : 446464 0 0 : 151.234515 ]
[151.235s][info][gc       ] [OBJCREAT 463510985 25739 23662592 : 151.234571 ]
[151.235s][info][gc       ] [HMSV All : 0 0 140 0 0 0 0 0 : 6192 0 0 0 : 151.234594 ]
[151.235s][info][gc       ] [HMSP 60 : 51112 0 : 151.234594 ]
[151.235s][info][gc       ] [VMAC 65530 170 24 492 686 : 151.235155 ]
[151.457s][info][gc       ] [GPGC-H  3874.8 687.4 0.1 0.0 : 14.0 : 0.587 0.582 : 0.522 0.871 0.753 1.418 : 2.941 0.901 0.722 0.620 1.811 0.608 : 0.000 : 92.012 : 1226 1810 36 0 : 2275 : 5720 5428 : 151.456883 : 9 Next_heuristic_check_may_be_too_late ]
[151.460s][info][safepoint] Application time: 0.2631752 seconds
[151.460s][info][safepoint] Total time for which application threads were stopped: 0.0002604 seconds, Stopping threads took: 0.0000004 seconds
[151.461s][info][gc       ] [SPS 0.000 0.003 0.002 0.006 0.000 0.001 0.000 0.233 0.020 0.260 NewGC_pause1 151.460032 ]
[151.529s][info][safepoint] Application time: 0.0691585 seconds
[151.530s][info][safepoint] Total time for which application threads were stopped: 0.0001094 seconds, Stopping threads took: 0.0000004 seconds
[151.530s][info][gc       ] [SPS 0.000 0.001 0.000 0.006 0.000 0.001 0.000 0.049 0.053 0.109 NewGC_pause2 151.529299 ]
[151.531s][info][safepoint] Application time: 0.0015345 seconds
[151.531s][info][safepoint] Total time for which application threads were stopped: 0.0000537 seconds, Stopping threads took: 0.0000004 seconds
[151.531s][info][gc       ] [SPS 0.000 0.000 0.000 0.006 0.000 0.001 0.000 0.034 0.012 0.054 NewGC_pause3 151.530888 ]
[151.532s][info][safepoint] Application time: 0.0011122 seconds
[151.532s][info][safepoint] Total time for which application threads were stopped: 0.0000711 seconds, Stopping threads took: 0.0000005 seconds
[151.532s][info][gc       ] [SPS 0.000 0.002 0.002 0.010 0.000 0.001 0.000 0.040 0.020 0.071 NewGC_pause4 151.532071 ]
[151.533s][info][gc       ] [GC New Max 399-367 : 6356 3584 2356 6356 - - 1021 20 2 2 - : 216 1810 36 292 1446 : 212 2 1233 1233 0 : 0 1 106 0 108 - 0 : 0.223178 3629.4 0.0 0.075051 2931.4 0.0 : 8 --c 0000 : 23 0 0.000 0.000 0 0.000 0.000 0 0.000 0.000 : 151.457419 151.459771 0.000187 151.529190 0.000049 151.530834 0.000037 151.532000 0.000047 : 151.532469 ]
[151.533s][info][gc       ] [SYSINFO 8466 195 63 0 7920 0 16 0 0 6942 : - - - - - - - - : 0 7168 : 4.34 3.10 2.15 : 271935 4216716 : 0 0 : 31 0 : 2445 2 0 267 : - 8575602688 583921664 1103245312 7200940032 203833344 66772992 : 139899904 24757770 506940 0 0 0 : 151.532683 ]
[151.533s][info][gc       ] [HUGEPAGESTAT 0 0 0 - 83087 0 0 : 462848 0 0 : 151.532683 ]
[151.533s][info][gc       ] [OBJCREAT 464533054 25739 23662592 : 151.532723 ]
[151.533s][info][gc       ] [HMSV All : 0 0 140 0 0 0 0 0 : 6192 0 0 0 : 151.532738 ]
[151.533s][info][gc       ] [HMSP 60 : 51112 0 : 151.532738 ]
[151.533s][info][gc       ] [VMAC 65530 170 24 492 686 : 151.533240 ]
[151.774s][info][gc       ] [GPGC-H  3874.8 687.4 0.1 0.0 : 14.0 : 0.585 0.582 : 0.522 0.871 0.753 1.418 : 2.938 0.901 0.722 0.620 1.811 0.608 : 0.000 : 91.782 : 1082 1810 36 0 : 2275 : 5720 5428 : 151.774392 : 9 Next_heuristic_check_may_be_too_late ]
[151.777s][info][safepoint] Application time: 0.2445514 seconds
[151.777s][info][safepoint] Total time for which application threads were stopped: 0.0002583 seconds, Stopping threads took: 0.0000005 seconds
[151.778s][info][gc       ] [SPS 0.000 0.004 0.007 0.006 0.000 0.001 0.000 0.229 0.021 0.259 NewGC_pause1 151.776881 ]
[151.826s][info][safepoint] Application time: 0.0488880 seconds
[151.827s][info][safepoint] Total time for which application threads were stopped: 0.0001777 seconds, Stopping threads took: 0.0000005 seconds
[151.827s][info][gc       ] [SPS 0.000 0.001 0.000 0.006 0.000 0.001 0.000 0.147 0.023 0.178 NewGC_pause2 151.825947 ]
[151.828s][info][safepoint] Application time: 0.0023675 seconds
[151.829s][info][safepoint] Total time for which application threads were stopped: 0.0000619 seconds, Stopping threads took: 0.0000005 seconds
[151.829s][info][gc       ] [SPS 0.000 0.000 0.000 0.006 0.000 0.001 0.000 0.041 0.013 0.062 NewGC_pause3 151.828376 ]
[151.830s][info][safepoint] Application time: 0.0012317 seconds
[151.830s][info][safepoint] Total time for which application threads were stopped: 0.0000628 seconds, Stopping threads took: 0.0000005 seconds
[151.830s][info][gc       ] [SPS 0.000 0.003 0.002 0.006 0.000 0.001 0.000 0.042 0.014 0.063 NewGC_pause4 151.829671 ]
[151.830s][info][gc       ] [GC New Max 400-368 : 6356 3376 2292 6356 - - 1021 20 2 2 - : 154 1810 36 292 1238 : 148 4 1088 1088 0 : 0 1 74 0 77 - 0 : 0.242349 3581.6 0.0 0.055206 2862.0 0.0 : 8 --c 0000 : 23 0 0.000 0.000 0 0.000 0.000 0 0.000 0.000 : 151.774819 151.776623 0.000183 151.825769 0.000053 151.828314 0.000045 151.829608 0.000045 : 151.830025 ]
[151.830s][info][gc       ] [SYSINFO 8466 195 63 0 7920 0 16 0 0 6942 : - - - - - - - - : 0 7168 : 4.34 3.10 2.15 : 271935 4216716 : 0 0 : 31 0 : 2445 2 0 267 : - 8575602688 583921664 1103245312 7200940032 203833344 66772992 : 139899904 24758420 506990 0 0 0 : 151.830264 ]
[151.830s][info][gc       ] [HUGEPAGESTAT 0 0 0 - 83087 0 0 : 462848 0 0 : 151.830264 ]
[151.830s][info][gc       ] [OBJCREAT 465546528 25739 23662592 : 151.830311 ]
[151.830s][info][gc       ] [HMSV All : 0 0 140 0 0 0 0 0 : 6192 0 0 0 : 151.830328 ]
[151.830s][info][gc       ] [HMSP 60 : 51112 0 : 151.830328 ]
[151.831s][info][gc       ] [VMAC 65530 170 24 492 686 : 151.830786 ]
[152.072s][info][gc       ] [GPGC-H  3853.0 687.4 0.1 0.0 : 14.0 : 0.584 0.582 : 0.522 0.871 0.753 1.418 : 2.933 0.901 0.722 0.620 1.811 0.608 : 0.000 : 91.531 : 1022 1810 36 0 : 2275 : 5720 5428 : 152.072327 : 9 Next_heuristic_check_may_be_too_late ]
[152.075s][info][safepoint] Application time: 0.2454228 seconds
[152.076s][info][safepoint] Total time for which application threads were stopped: 0.0002933 seconds, Stopping threads took: 0.0000004 seconds
[152.076s][info][gc       ] [SPS 0.000 0.003 0.003 0.006 0.000 0.001 0.000 0.249 0.037 0.293 NewGC_pause1 152.075387 ]
[152.120s][info][safepoint] Application time: 0.0449514 seconds
[152.121s][info][safepoint] Total time for which application threads were stopped: 0.0001320 seconds, Stopping threads took: 0.0000004 seconds
[152.122s][info][gc       ] [SPS 0.000 0.001 0.000 0.005 0.000 0.001 0.000 0.107 0.018 0.132 NewGC_pause2 152.120471 ]
[152.122s][info][safepoint] Application time: 0.0019029 seconds
[152.123s][info][safepoint] Total time for which application threads were stopped: 0.0000489 seconds, Stopping threads took: 0.0000004 seconds
[152.123s][info][gc       ] [SPS 0.000 0.000 0.000 0.005 0.000 0.001 0.000 0.031 0.012 0.049 NewGC_pause3 152.122422 ]
[152.124s][info][safepoint] Application time: 0.0012435 seconds
[152.124s][info][safepoint] Total time for which application threads were stopped: 0.0000623 seconds, Stopping threads took: 0.0000043 seconds
[152.124s][info][gc       ] [SPS 0.000 0.002 0.002 0.005 0.004 0.004 0.000 0.036 0.013 0.062 NewGC_pause4 152.123728 ]
[152.124s][info][gc       ] [GC New Max 401-369 : 6356 3296 2272 6356 - - 1021 20 2 2 - : 134 1810 36 292 1158 : 130 4 1028 1028 0 : 0 1 65 0 67 - 0 : 0.242967 3580.7 0.0 0.051052 2703.1 0.0 : 8 --c 0000 : 23 0 0.000 0.000 0 0.000 0.000 0 0.000 0.000 : 152.072992 152.075094 0.000205 152.120339 0.000040 152.122374 0.000034 152.123666 0.000047 : 152.124044 ]
[152.124s][info][gc       ] [SYSINFO 8466 195 63 0 7920 0 16 0 0 6942 : - - - - - - - - : 0 7168 : 4.34 3.10 2.15 : 271935 4216716 : 0 0 : 31 0 : 2445 2 0 267 : - 8575602688 583921664 1103245312 7200940032 203833344 66772992 : 139899904 24759030 506990 0 0 0 : 152.124260 ]
[152.124s][info][gc       ] [HUGEPAGESTAT 0 0 0 - 83087 0 0 : 462848 0 0 : 152.124260 ]
[152.124s][info][gc       ] [OBJCREAT 466545874 25739 23662592 : 152.124299 ]
[152.124s][info][gc       ] [HMSV All : 0 0 140 0 0 0 0 0 : 6192 0 0 0 : 152.124314 ]
[152.124s][info][gc       ] [HMSP 60 : 51112 0 : 152.124314 ]
[152.125s][info][gc       ] [VMAC 65530 170 24 492 686 : 152.124719 ]
[152.366s][info][gc       ] [GPGC-H  3853.0 687.4 0.1 0.0 : 14.0 : 0.582 0.582 : 0.522 0.871 0.753 1.418 : 2.925 0.901 0.722 0.620 1.811 0.608 : 0.000 : 91.279 : 1014 1810 36 0 : 2275 : 5720 5428 : 152.366140 : 9 Next_heuristic_check_may_be_too_late ]
[152.369s][info][safepoint] Application time: 0.2449897 seconds
[152.369s][info][safepoint] Total time for which application threads were stopped: 0.0003373 seconds, Stopping threads took: 0.0000004 seconds
[152.370s][info][gc       ] [SPS 0.000 0.004 0.005 0.007 0.000 0.001 0.000 0.281 0.048 0.337 NewGC_pause1 152.369056 ]
[152.414s][info][safepoint] Application time: 0.0449678 seconds
[152.415s][info][safepoint] Total time for which application threads were stopped: 0.0001725 seconds, Stopping threads took: 0.0000004 seconds
[152.415s][info][gc       ] [SPS 0.000 0.001 0.000 0.006 0.000 0.001 0.000 0.144 0.020 0.172 NewGC_pause2 152.414196 ]
[152.416s][info][safepoint] Application time: 0.0016884 seconds
[152.416s][info][safepoint] Total time for which application threads were stopped: 0.0000532 seconds, Stopping threads took: 0.0000004 seconds
[152.416s][info][gc       ] [SPS 0.000 0.000 0.000 0.006 0.000 0.001 0.000 0.033 0.013 0.053 NewGC_pause3 152.415938 ]
[152.417s][info][safepoint] Application time: 0.0010906 seconds
[152.417s][info][safepoint] Total time for which application threads were stopped: 0.0000686 seconds, Stopping threads took: 0.0000004 seconds
[152.417s][info][gc       ] [SPS 0.000 0.003 0.002 0.006 0.000 0.001 0.000 0.047 0.014 0.069 NewGC_pause4 152.417097 ]
[152.418s][info][gc       ] [GC New Max 402-370 : 6356 3310 2294 6356 - - 1021 20 2 2 - : 156 1810 36 292 1172 : 150 4 1020 1020 0 : 0 1 75 0 78 - 0 : 0.242754 3633.3 0.0 0.050659 3158.4 0.0 : 8 --c 0000 : 23 0 0.000 0.000 0 0.000 0.000 0 0.000 0.000 : 152.366797 152.368718 0.000220 152.414024 0.000048 152.415885 0.000036 152.417028 0.000051 : 152.417456 ]
[152.418s][info][gc       ] [SYSINFO 8466 195 63 0 7920 0 16 0 0 6942 : - - - - - - - - : 0 7168 : 4.08 3.07 2.15 : 271935 4216716 : 0 0 : 31 0 : 2445 3 0 267 : - 8575602688 583921664 1103245312 7200940032 203833344 66772992 : 139899904 24759600 507030 0 0 0 : 152.417677 ]
[152.418s][info][gc       ] [HUGEPAGESTAT 0 0 0 - 83087 0 0 : 462848 0 0 : 152.417677 ]
[152.418s][info][gc       ] [OBJCREAT 467574882 25739 23662592 : 152.417718 ]
[152.418s][info][gc       ] [HMSV All : 0 0 140 0 0 0 0 0 : 6192 0 0 0 : 152.417733 ]
[152.418s][info][gc       ] [HMSP 60 : 51112 0 : 152.417733 ]
[152.418s][info][gc       ] [VMAC 65530 170 24 492 686 : 152.418225 ]
[152.660s][info][gc       ] [GPGC-H  3853.0 676.7 0.1 0.0 : 13.7 : 0.580 0.582 : 0.522 0.871 0.753 1.418 : 2.917 0.901 0.722 0.620 1.811 0.608 : 0.000 : 91.029 : 1026 1810 36 0 : 2275 : 5720 5428 : 152.659788 : 9 Next_heuristic_check_may_be_too_late ]
[152.663s][info][safepoint] Application time: 0.2457045 seconds
[152.664s][info][safepoint] Total time for which application threads were stopped: 0.0003756 seconds, Stopping threads took: 0.0000008 seconds
[152.664s][info][gc       ] [SPS 0.000 0.004 0.004 0.010 0.001 0.001 0.001 0.323 0.040 0.376 NewGC_pause1 152.663178 ]
[152.709s][info][safepoint] Application time: 0.0456417 seconds
[152.709s][info][safepoint] Total time for which application threads were stopped: 0.0001627 seconds, Stopping threads took: 0.0000004 seconds
[152.710s][info][gc       ] [SPS 0.000 0.001 0.000 0.006 0.000 0.001 0.000 0.135 0.021 0.163 NewGC_pause2 152.708982 ]
[152.711s][info][safepoint] Application time: 0.0018075 seconds
[152.711s][info][safepoint] Total time for which application threads were stopped: 0.0000856 seconds, Stopping threads took: 0.0000004 seconds
[152.711s][info][gc       ] [SPS 0.000 0.000 0.000 0.006 0.000 0.001 0.000 0.061 0.017 0.086 NewGC_pause3 152.710875 ]
[152.712s][info][safepoint] Application time: 0.0011769 seconds
[152.712s][info][safepoint] Total time for which application threads were stopped: 0.0000672 seconds, Stopping threads took: 0.0000004 seconds
[152.712s][info][gc       ] [SPS 0.000 0.002 0.002 0.006 0.000 0.001 0.000 0.040 0.020 0.067 NewGC_pause4 152.712119 ]
[152.713s][info][gc       ] [GC New Max 403-371 : 6356 3326 2298 6356 - - 1021 20 2 2 - : 160 1810 36 292 1188 : 156 4 1033 1033 0 : 0 1 78 0 80 - 0 : 0.243064 3587.5 0.0 0.051989 3154.5 0.0 : 8 --c 0000 : 23 0 0.000 0.000 0 0.000 0.000 0 0.000 0.000 : 152.660520 152.662802 0.000252 152.708819 0.000084 152.710789 0.000057 152.712052 0.000043 : 152.712509 ]
[152.713s][info][gc       ] [SYSINFO 8466 195 63 0 7920 0 16 0 0 6942 : - - - - - - - - : 0 7168 : 4.08 3.07 2.15 : 271935 4216716 : 0 0 : 31 0 : 2445 2 0 267 : - 8575602688 583921664 1103245312 7200940032 203833344 66772992 : 139899904 24760220 507050 0 0 0 : 152.712711 ]
[152.713s][info][gc       ] [HUGEPAGESTAT 0 0 0 - 83087 0 0 : 462848 0 0 : 152.712711 ]
[152.713s][info][gc       ] [OBJCREAT 468602918 25739 23662592 : 152.712752 ]
[152.713s][info][gc       ] [HMSV All : 0 0 140 0 0 0 0 0 : 6192 0 0 0 : 152.712766 ]
[152.713s][info][gc       ] [HMSP 60 : 51112 0 : 152.712766 ]
[152.713s][info][gc       ] [VMAC 65530 170 24 492 686 : 152.713206 ]
[152.955s][info][gc       ] [GPGC-H  3853.0 676.7 0.1 0.0 : 13.7 : 0.578 0.582 : 0.522 0.871 0.753 1.418 : 2.908 0.901 0.722 0.620 1.811 0.608 : 0.000 : 90.779 : 1030 1810 36 0 : 2275 : 5720 5428 : 152.954597 : 9 Next_heuristic_check_may_be_too_late ]
[152.957s][info][safepoint] Application time: 0.2450863 seconds
[152.958s][info][safepoint] Total time for which application threads were stopped: 0.0002519 seconds, Stopping threads took: 0.0000004 seconds
[152.958s][info][gc       ] [SPS 0.000 0.003 0.007 0.007 0.000 0.001 0.000 0.220 0.023 0.252 NewGC_pause1 152.957458 ]
[153.004s][info][safepoint] Application time: 0.0466265 seconds
[153.005s][info][safepoint] Total time for which application threads were stopped: 0.0000635 seconds, Stopping threads took: 0.0000004 seconds
[153.005s][info][gc       ] [SPS 0.000 0.001 0.000 0.006 0.000 0.001 0.000 0.044 0.012 0.063 NewGC_pause2 153.004148 ]
[153.006s][info][safepoint] Application time: 0.0013582 seconds
[153.006s][info][safepoint] Total time for which application threads were stopped: 0.0000918 seconds, Stopping threads took: 0.0000004 seconds
[153.006s][info][gc       ] [SPS 0.000 0.000 0.000 0.006 0.000 0.001 0.000 0.073 0.012 0.092 NewGC_pause3 153.005598 ]
[153.007s][info][safepoint] Application time: 0.0012239 seconds
[153.007s][info][safepoint] Total time for which application threads were stopped: 0.0001133 seconds, Stopping threads took: 0.0000004 seconds
[153.007s][info][gc       ] [SPS 0.000 0.002 0.002 0.005 0.000 0.001 0.000 0.094 0.013 0.113 NewGC_pause4 153.006935 ]
[153.007s][info][gc       ] [GC New Max 404-372 : 6356 3332 2298 6356 - - 1021 20 2 2 - : 160 1810 36 292 1192 : 156 4 1036 1036 0 : 0 1 78 0 80 - 0 : 0.242652 3593.6 0.0 0.052105 3147.5 0.0 : 8 --c 0000 : 23 0 0.000 0.000 0 0.000 0.000 0 0.000 0.000 : 152.955161 152.957206 0.000169 153.004084 0.000047 153.005506 0.000077 153.006822 0.000097 : 153.007266 ]
[153.008s][info][gc       ] [SYSINFO 8466 195 63 0 7920 0 16 0 0 6942 : - - - - - - - - : 0 7168 : 4.08 3.07 2.15 : 271935 4216716 : 0 0 : 31 0 : 2445 2 0 267 : - 8575602688 583921664 1103245312 7200940032 203833344 66772992 : 139899904 24760870 507070 0 0 0 : 153.007473 ]
[153.008s][info][gc       ] [HUGEPAGESTAT 0 0 0 - 83087 0 0 : 462848 0 0 : 153.007473 ]
[153.008s][info][gc       ] [OBJCREAT 469628549 25739 23662592 : 153.007512 ]
[153.008s][info][gc       ] [HMSV All : 0 0 140 0 0 0 0 0 : 6192 0 0 0 : 153.007528 ]
[153.008s][info][gc       ] [HMSP 60 : 51112 0 : 153.007528 ]
[153.008s][info][gc       ] [VMAC 65530 170 24 492 686 : 153.007930 ]
[153.249s][info][gc       ] [GPGC-H  3853.0 676.7 0.1 0.0 : 13.7 : 0.576 0.582 : 0.522 0.871 0.753 1.418 : 2.899 0.901 0.722 0.620 1.811 0.608 : 0.000 : 90.530 : 1022 1810 36 0 : 2275 : 5720 5428 : 153.249203 : 9 Next_heuristic_check_may_be_too_late ]
[153.252s][info][safepoint] Application time: 0.2446120 seconds
[153.252s][info][safepoint] Total time for which application threads were stopped: 0.0002129 seconds, Stopping threads took: 0.0000005 seconds
[153.252s][info][gc       ] [SPS 0.000 0.003 0.002 0.006 0.000 0.001 0.000 0.166 0.039 0.213 NewGC_pause1 153.251760 ]
[153.299s][info][safepoint] Application time: 0.0470452 seconds
[153.299s][info][safepoint] Total time for which application threads were stopped: 0.0001383 seconds, Stopping threads took: 0.0000004 seconds
[153.300s][info][gc       ] [SPS 0.000 0.001 0.000 0.006 0.000 0.001 0.000 0.111 0.020 0.138 NewGC_pause2 153.298944 ]
[153.300s][info][safepoint] Application time: 0.0013913 seconds
[153.301s][info][safepoint] Total time for which application threads were stopped: 0.0000546 seconds, Stopping threads took: 0.0000004 seconds
[153.301s][info][gc       ] [SPS 0.000 0.000 0.000 0.006 0.000 0.001 0.000 0.033 0.014 0.054 NewGC_pause3 153.300390 ]
[153.302s][info][safepoint] Application time: 0.0010832 seconds
[153.302s][info][safepoint] Total time for which application threads were stopped: 0.0000627 seconds, Stopping threads took: 0.0000004 seconds
[153.302s][info][gc       ] [SPS 0.000 0.003 0.002 0.006 0.000 0.001 0.000 0.041 0.015 0.063 NewGC_pause4 153.301536 ]
[153.302s][info][gc       ] [GC New Max 405-373 : 6356 3294 2268 6356 - - 1021 20 2 2 - : 130 1810 36 292 1156 : 126 4 1028 1028 0 : 0 1 63 0 65 - 0 : 0.242466 3563.4 0.0 0.052169 2568.6 0.0 : 8 --c 0000 : 23 0 0.000 0.000 0 0.000 0.000 0 0.000 0.000 : 153.249733 153.251547 0.000123 153.298806 0.000047 153.300335 0.000037 153.301473 0.000044 : 153.301902 ]
[153.302s][info][gc       ] [SYSINFO 8466 195 63 0 7920 0 16 0 0 6942 : - - - - - - - - : 0 7168 : 4.08 3.07 2.15 : 271935 4216716 : 0 0 : 31 0 : 2445 2 0 267 : - 8575602688 583921664 1103245312 7200940032 203833344 66772992 : 139899904 24761490 507160 0 0 0 : 153.302142 ]
[153.302s][info][gc       ] [HUGEPAGESTAT 0 0 0 - 83087 0 0 : 462848 0 0 : 153.302142 ]
[153.302s][info][gc       ] [OBJCREAT 470616071 25739 23662592 : 153.302185 ]
[153.302s][info][gc       ] [HMSV All : 0 0 140 0 0 0 0 0 : 6192 0 0 0 : 153.302202 ]
[153.302s][info][gc       ] [HMSP 60 : 51112 0 : 153.302202 ]
[153.303s][info][gc       ] [VMAC 65530 170 24 492 686 : 153.302674 ]
[153.564s][info][gc       ] [GPGC-H  3853.0 676.7 0.1 0.0 : 13.7 : 0.575 0.582 : 0.522 0.871 0.753 1.418 : 2.890 0.901 0.722 0.620 1.811 0.608 : 0.000 : 90.283 : 1058 1810 36 0 : 2275 : 5720 5428 : 153.564121 : 9 Next_heuristic_check_may_be_too_late ]
[153.566s][info][safepoint] Application time: 0.2646915 seconds
[153.567s][info][safepoint] Total time for which application threads were stopped: 0.0001363 seconds, Stopping threads took: 0.0000005 seconds
[153.567s][info][gc       ] [SPS 0.000 0.004 0.007 0.007 0.000 0.001 0.000 0.111 0.017 0.136 NewGC_pause1 153.566364 ]
[153.611s][info][safepoint] Application time: 0.0442202 seconds
[153.611s][info][safepoint] Total time for which application threads were stopped: 0.0001635 seconds, Stopping threads took: 0.0000004 seconds
[153.611s][info][gc       ] [SPS 0.000 0.001 0.000 0.006 0.000 0.001 0.000 0.130 0.026 0.163 NewGC_pause2 153.610748 ]
[153.612s][info][safepoint] Application time: 0.0016260 seconds
[153.613s][info][safepoint] Total time for which application threads were stopped: 0.0000608 seconds, Stopping threads took: 0.0000005 seconds
[153.613s][info][gc       ] [SPS 0.000 0.001 0.000 0.007 0.000 0.001 0.000 0.039 0.014 0.061 NewGC_pause3 153.612434 ]
[153.614s][info][safepoint] Application time: 0.0011797 seconds
[153.614s][info][safepoint] Total time for which application threads were stopped: 0.0000678 seconds, Stopping threads took: 0.0000005 seconds
[153.614s][info][gc       ] [SPS 0.000 0.003 0.002 0.006 0.000 0.001 0.000 0.044 0.016 0.068 NewGC_pause4 153.613682 ]
[153.614s][info][gc       ] [GC New Max 406-374 : 6356 3320 2262 6356 - - 1021 20 2 2 - : 124 1810 36 292 1182 : 118 4 1062 1062 0 : 0 1 59 0 62 - 0 : 0.262557 3542.1 0.0 0.049580 2541.4 0.0 : 8 --c 0000 : 23 0 0.000 0.000 0 0.000 0.000 0 0.000 0.000 : 153.564459 153.566227 0.000115 153.610584 0.000104 153.612373 0.000043 153.613614 0.000048 : 153.614039 ]
[153.614s][info][gc       ] [SYSINFO 8466 195 63 0 7920 0 16 0 0 6942 : - - - - - - - - : 0 7168 : 4.08 3.07 2.15 : 271935 4216716 : 0 0 : 31 0 : 2445 2 0 267 : - 8575602688 583921664 1103245312 7200940032 203833344 66772992 : 139899904 24762130 507220 0 0 0 : 153.614273 ]
[153.614s][info][gc       ] [HUGEPAGESTAT 0 0 0 - 83087 0 0 : 462848 0 0 : 153.614273 ]
[153.614s][info][gc       ] [OBJCREAT 471659510 25739 23662592 : 153.614317 ]
[153.614s][info][gc       ] [HMSV All : 0 0 140 0 0 0 0 0 : 6192 0 0 0 : 153.614332 ]
[153.614s][info][gc       ] [HMSP 60 : 51112 0 : 153.614332 ]
[153.615s][info][gc       ] [VMAC 65530 170 24 492 686 : 153.614814 ]
[153.856s][info][gc       ] [GPGC-H  3842.1 676.7 0.1 0.0 : 13.7 : 0.573 0.582 : 0.522 0.871 0.753 1.418 : 2.881 0.901 0.722 0.620 1.811 0.608 : 0.000 : 90.015 : 1024 1810 36 0 : 2275 : 5720 5428 : 153.855976 : 9 Next_heuristic_check_may_be_too_late ]
[153.859s][info][safepoint] Application time: 0.2446615 seconds
[153.859s][info][safepoint] Total time for which application threads were stopped: 0.0002235 seconds, Stopping threads took: 0.0000004 seconds
[153.859s][info][gc       ] [SPS 0.000 0.004 0.002 0.006 0.000 0.001 0.000 0.202 0.013 0.223 NewGC_pause1 153.858567 ]
[153.907s][info][safepoint] Application time: 0.0483051 seconds
[153.908s][info][safepoint] Total time for which application threads were stopped: 0.0001618 seconds, Stopping threads took: 0.0000004 seconds
[153.908s][info][gc       ] [SPS 0.000 0.001 0.000 0.006 0.000 0.001 0.000 0.135 0.020 0.162 NewGC_pause2 153.907034 ]
[153.909s][info][safepoint] Application time: 0.0019676 seconds
[153.909s][info][safepoint] Total time for which application threads were stopped: 0.0000678 seconds, Stopping threads took: 0.0000004 seconds
[153.909s][info][gc       ] [SPS 0.000 0.000 0.000 0.006 0.000 0.001 0.000 0.043 0.018 0.068 NewGC_pause3 153.909069 ]
[153.911s][info][safepoint] Application time: 0.0022378 seconds
[153.912s][info][safepoint] Total time for which application threads were stopped: 0.0000763 seconds, Stopping threads took: 0.0000005 seconds
[153.912s][info][gc       ] [SPS 0.000 0.004 0.002 0.006 0.000 0.001 0.000 0.049 0.019 0.076 NewGC_pause4 153.911384 ]
[153.912s][info][gc       ] [GC New Max 407-375 : 6356 3308 2282 6356 - - 1021 20 2 2 - : 144 1810 36 292 1170 : 140 4 1030 1030 0 : 0 1 70 0 72 - 0 : 0.242386 3721.3 0.0 0.055356 2673.6 0.0 : 8 --c 0000 : 23 0 0.000 0.000 0 0.000 0.000 0 0.000 0.000 : 153.856425 153.858344 0.000205 153.906872 0.000095 153.909002 0.000045 153.911308 0.000051 : 153.911781 ]
[153.912s][info][gc       ] [SYSINFO 8466 195 63 0 7920 0 16 0 0 6942 : - - - - - - - - : 0 7168 : 4.08 3.07 2.15 : 271935 4216716 : 0 0 : 31 0 : 2445 2 0 267 : - 8575602688 583921664 1103245312 7200940032 203833344 66772992 : 139899904 24762770 507270 0 0 0 : 153.912143 ]
[153.912s][info][gc       ] [HUGEPAGESTAT 0 0 0 - 83087 0 0 : 462848 0 0 : 153.912143 ]
[153.912s][info][gc       ] [OBJCREAT 472698769 25739 23662592 : 153.912203 ]
[153.912s][info][gc       ] [HMSV All : 0 0 140 0 0 0 0 0 : 6192 0 0 0 : 153.912219 ]
[153.912s][info][gc       ] [HMSP 60 : 51112 0 : 153.912219 ]
[153.913s][info][gc       ] [VMAC 65530 170 24 492 686 : 153.912738 ]
[154.154s][info][gc       ] [GPGC-H  3842.1 676.7 0.1 0.0 : 13.7 : 0.571 0.582 : 0.522 0.871 0.753 1.418 : 2.872 0.901 0.722 0.620 1.811 0.608 : 0.000 : 89.770 : 1054 1810 36 0 : 2275 : 5720 5428 : 154.154460 : 9 Next_heuristic_check_may_be_too_late ]
[154.157s][info][safepoint] Application time: 0.2457347 seconds
[154.157s][info][safepoint] Total time for which application threads were stopped: 0.0001337 seconds, Stopping threads took: 0.0000005 seconds
[154.158s][info][gc       ] [SPS 0.000 0.004 0.002 0.006 0.000 0.001 0.000 0.112 0.013 0.133 NewGC_pause1 154.157252 ]
[154.204s][info][safepoint] Application time: 0.0465302 seconds
[154.204s][info][safepoint] Total time for which application threads were stopped: 0.0001328 seconds, Stopping threads took: 0.0000004 seconds
[154.204s][info][gc       ] [SPS 0.000 0.001 0.000 0.006 0.000 0.001 0.000 0.101 0.024 0.133 NewGC_pause2 154.203915 ]
[154.205s][info][safepoint] Application time: 0.0011587 seconds
[154.205s][info][safepoint] Total time for which application threads were stopped: 0.0000525 seconds, Stopping threads took: 0.0000004 seconds
[154.205s][info][gc       ] [SPS 0.000 0.001 0.000 0.006 0.000 0.001 0.000 0.033 0.012 0.052 NewGC_pause3 154.205127 ]
[154.206s][info][safepoint] Application time: 0.0011795 seconds
[154.207s][info][safepoint] Total time for which application threads were stopped: 0.0000600 seconds, Stopping threads took: 0.0000004 seconds
[154.207s][info][gc       ] [SPS 0.000 0.003 0.002 0.006 0.000 0.001 0.000 0.040 0.013 0.060 NewGC_pause4 154.206366 ]
[154.207s][info][gc       ] [GC New Max 408-376 : 6356 3326 2270 6356 - - 1021 20 2 2 - : 132 1810 36 292 1188 : 128 4 1061 1061 0 : 0 1 64 0 66 - 0 : 0.243162 3750.6 0.0 0.051856 2622.7 0.0 : 8 --c 0000 : 23 0 0.000 0.000 0 0.000 0.000 0 0.000 0.000 : 154.154943 154.157119 0.000115 154.203783 0.000105 154.205074 0.000037 154.206306 0.000043 : 154.206799 ]
[154.207s][info][gc       ] [SYSINFO 8466 195 63 0 7920 0 16 0 0 6942 : - - - - - - - - : 0 7168 : 4.08 3.07 2.15 : 271935 4216756 : 0 0 : 36 0 : 2445 2 0 267 : - 8575602688 583921664 1103245312 7200940032 203833344 66772992 : 139899904 24763430 507340 0 0 0 : 154.207029 ]
[154.207s][info][gc       ] [HUGEPAGESTAT 0 0 0 - 83087 0 0 : 462848 0 0 : 154.207029 ]
[154.207s][info][gc       ] [OBJCREAT 473736637 25739 23662592 : 154.207077 ]
[154.207s][info][gc       ] [HMSV All : 0 0 140 0 0 0 0 0 : 6192 0 0 0 : 154.207091 ]
[154.207s][info][gc       ] [HMSP 60 : 51112 0 : 154.207091 ]
[154.207s][info][gc       ] [VMAC 65530 170 24 492 686 : 154.207501 ]
[154.448s][info][gc       ] [GPGC-H  3842.1 676.7 0.1 0.0 : 13.7 : 0.569 0.582 : 0.522 0.871 0.753 1.418 : 2.863 0.901 0.722 0.620 1.811 0.608 : 0.000 : 89.524 : 1008 1810 36 0 : 2275 : 5720 5428 : 154.448427 : 9 Next_heuristic_check_may_be_too_late ]
[154.451s][info][safepoint] Application time: 0.2443027 seconds
[154.451s][info][safepoint] Total time for which application threads were stopped: 0.0002383 seconds, Stopping threads took: 0.0000004 seconds
[154.451s][info][gc       ] [SPS 0.000 0.004 0.007 0.006 0.000 0.001 0.000 0.205 0.025 0.238 NewGC_pause1 154.450908 ]
[154.502s][info][safepoint] Application time: 0.0504942 seconds
[154.502s][info][safepoint] Total time for which application threads were stopped: 0.0002069 seconds, Stopping threads took: 0.0000005 seconds
[154.502s][info][gc       ] [SPS 0.000 0.001 0.000 0.006 0.000 0.001 0.000 0.144 0.055 0.207 NewGC_pause2 154.501609 ]
[154.503s][info][safepoint] Application time: 0.0015662 seconds
[154.503s][info][safepoint] Total time for which application threads were stopped: 0.0001668 seconds, Stopping threads took: 0.0000005 seconds
[154.504s][info][gc       ] [SPS 0.000 0.000 0.000 0.007 0.000 0.001 0.000 0.125 0.033 0.167 NewGC_pause3 154.503342 ]
[154.506s][info][safepoint] Application time: 0.0021769 seconds
[154.506s][info][safepoint] Total time for which application threads were stopped: 0.0000941 seconds, Stopping threads took: 0.0000005 seconds
[154.506s][info][gc       ] [SPS 0.000 0.003 0.002 0.008 0.001 0.001 0.000 0.057 0.028 0.094 NewGC_pause4 154.505613 ]
[154.506s][info][gc       ] [GC New Max 409-377 : 6356 3288 2278 6356 - - 1021 20 2 2 - : 140 1810 36 292 1150 : 136 2 1014 1014 0 : 0 0 68 0 70 - 0 : 0.242053 3627.3 0.0 0.057134 2520.4 0.0 : 8 --c 0000 : 23 0 0.000 0.000 0 0.000 0.000 0 0.000 0.000 : 154.448853 154.450670 0.000138 154.501402 0.000099 154.503175 0.000045 154.505519 0.000061 : 154.505986 ]
[154.506s][info][gc       ] [SYSINFO 8466 195 63 0 7920 0 16 0 0 6942 : - - - - - - - - : 0 7168 : 4.08 3.07 2.15 : 271935 4216756 : 0 0 : 36 0 : 2445 2 0 267 : - 8575602688 583921664 1103245312 7200940032 203833344 66772992 : 139899904 24764080 507430 0 0 0 : 154.506229 ]
[154.506s][info][gc       ] [HUGEPAGESTAT 0 0 0 - 83087 0 0 : 462848 0 0 : 154.506229 ]
[154.506s][info][gc       ] [OBJCREAT 474748409 25739 23662592 : 154.506273 ]
[154.506s][info][gc       ] [HMSV All : 0 0 140 0 0 0 0 0 : 6192 0 0 0 : 154.506289 ]
[154.506s][info][gc       ] [HMSP 60 : 51112 0 : 154.506289 ]
[154.507s][info][gc       ] [VMAC 65530 170 24 492 686 : 154.506783 ]
[154.768s][info][gc       ] [GPGC-H  3842.1 661.1 0.1 0.0 : 13.4 : 0.567 0.582 : 0.522 0.871 0.753 1.418 : 2.854 0.901 0.722 0.620 1.811 0.608 : 0.000 : 89.281 : 1052 1810 36 0 : 2275 : 5720 5428 : 154.768271 : 9 Next_heuristic_check_may_be_too_late ]
[154.771s][info][safepoint] Application time: 0.2651601 seconds
[154.771s][info][safepoint] Total time for which application threads were stopped: 0.0002647 seconds, Stopping threads took: 0.0000004 seconds
[154.771s][info][gc       ] [SPS 0.000 0.004 0.002 0.012 0.000 0.001 0.000 0.233 0.018 0.265 NewGC_pause1 154.771038 ]
[154.828s][info][safepoint] Application time: 0.0564117 seconds
[154.828s][info][safepoint] Total time for which application threads were stopped: 0.0000990 seconds, Stopping threads took: 0.0000008 seconds
[154.829s][info][gc       ] [SPS 0.000 0.005 0.000 0.025 0.001 0.001 0.001 0.054 0.018 0.099 NewGC_pause2 154.827550 ]
[154.830s][info][safepoint] Application time: 0.0020318 seconds
[154.830s][info][safepoint] Total time for which application threads were stopped: 0.0001448 seconds, Stopping threads took: 0.0000004 seconds
[154.830s][info][gc       ] [SPS 0.000 0.001 0.000 0.006 0.000 0.001 0.000 0.115 0.022 0.145 NewGC_pause3 154.829726 ]
[154.831s][info][safepoint] Application time: 0.0012388 seconds
[154.831s][info][safepoint] Total time for which application threads were stopped: 0.0000741 seconds, Stopping threads took: 0.0000004 seconds
[154.831s][info][gc       ] [SPS 0.000 0.005 0.002 0.006 0.000 0.001 0.000 0.043 0.024 0.074 NewGC_pause4 154.831039 ]
[154.832s][info][gc       ] [GC New Max 410-378 : 6356 3334 2280 6356 - - 1021 20 2 2 - : 140 1810 36 292 1196 : 136 4 1058 1058 0 : 0 1 68 0 70 - 0 : 0.262753 3478.6 0.0 0.062622 2299.5 0.0 : 8 --c 0000 : 23 0 0.000 0.000 0 0.000 0.000 0 0.000 0.000 : 154.768739 154.770773 0.000236 154.827450 0.000076 154.829581 0.000045 154.830964 0.000046 : 154.831361 ]
[154.832s][info][gc       ] [SYSINFO 8466 195 63 0 7920 0 16 0 0 6942 : - - - - - - - - : 0 7168 : 4.08 3.07 2.15 : 271935 4216756 : 0 0 : 36 0 : 2445 2 0 267 : - 8575602688 583921664 1103245312 7200940032 203833344 66772992 : 139899904 24764820 507520 0 0 0 : 154.831762 ]
[154.832s][info][gc       ] [HUGEPAGESTAT 0 0 0 - 83087 0 0 : 462848 0 0 : 154.831762 ]
[154.832s][info][gc       ] [OBJCREAT 475797886 25739 23662592 : 154.831820 ]
[154.832s][info][gc       ] [HMSV All : 0 0 140 0 0 0 0 0 : 6192 0 0 0 : 154.831838 ]
[154.832s][info][gc       ] [HMSP 60 : 51112 0 : 154.831838 ]
[154.832s][info][gc       ] [VMAC 65530 170 24 492 686 : 154.832426 ]
[155.094s][info][gc       ] [GPGC-H  3842.1 661.1 0.1 0.0 : 13.4 : 0.566 0.582 : 0.522 0.871 0.753 1.418 : 2.845 0.901 0.722 0.620 1.811 0.608 : 0.000 : 89.019 : 1022 1810 36 0 : 2275 : 5720 5428 : 155.093625 : 9 Next_heuristic_check_may_be_too_late ]
[155.096s][info][safepoint] Application time: 0.2650819 seconds
[155.097s][info][safepoint] Total time for which application threads were stopped: 0.0002679 seconds, Stopping threads took: 0.0000004 seconds
[155.097s][info][gc       ] [SPS 0.000 0.004 0.007 0.008 0.000 0.001 0.000 0.235 0.024 0.268 NewGC_pause1 155.096389 ]
[155.143s][info][safepoint] Application time: 0.0462763 seconds
[155.143s][info][safepoint] Total time for which application threads were stopped: 0.0001798 seconds, Stopping threads took: 0.0000004 seconds
[155.144s][info][gc       ] [SPS 0.000 0.002 0.000 0.006 0.000 0.001 0.000 0.152 0.020 0.180 NewGC_pause2 155.142845 ]
[155.145s][info][safepoint] Application time: 0.0018412 seconds
[155.145s][info][safepoint] Total time for which application threads were stopped: 0.0001076 seconds, Stopping threads took: 0.0000005 seconds
[155.145s][info][gc       ] [SPS 0.000 0.000 0.000 0.006 0.000 0.001 0.000 0.088 0.013 0.108 NewGC_pause3 155.144794 ]
[155.146s][info][safepoint] Application time: 0.0012464 seconds
[155.146s][info][safepoint] Total time for which application threads were stopped: 0.0001046 seconds, Stopping threads took: 0.0000004 seconds
[155.146s][info][gc       ] [SPS 0.000 0.003 0.002 0.022 0.000 0.001 0.000 0.068 0.013 0.105 NewGC_pause4 155.146145 ]
[155.147s][info][gc       ] [GC New Max 411-379 : 6356 3300 2276 6356 - - 1021 20 2 2 - : 138 1810 36 292 1162 : 134 4 1026 1026 0 : 0 1 67 0 69 - 0 : 0.262850 3363.1 0.0 0.052391 2672.2 0.0 : 8 --c 0000 : 23 0 0.000 0.000 0 0.000 0.000 0 0.000 0.000 : 155.094211 155.096121 0.000180 155.142665 0.000114 155.144686 0.000092 155.146040 0.000087 : 155.146602 ]
[155.147s][info][gc       ] [SYSINFO 8466 195 63 0 7920 0 16 0 0 6942 : - - - - - - - - : 0 7168 : 4.08 3.07 2.15 : 271935 4216756 : 0 0 : 36 0 : 2445 2 0 267 : - 8575602688 583921664 1103245312 7200940032 203833344 66772992 : 139899904 24765480 507520 0 0 0 : 155.146852 ]
[155.147s][info][gc       ] [HUGEPAGESTAT 0 0 0 - 83087 0 0 : 462848 0 0 : 155.146852 ]
[155.147s][info][gc       ] [OBJCREAT 476809113 25739 23662592 : 155.146897 ]
[155.147s][info][gc       ] [HMSV All : 0 0 140 0 0 0 0 0 : 6192 0 0 0 : 155.146915 ]
[155.147s][info][gc       ] [HMSP 60 : 51112 0 : 155.146915 ]
[155.147s][info][gc       ] [VMAC 65530 170 24 492 686 : 155.147434 ]
[155.389s][info][gc       ] [GPGC-H  3842.1 661.1 0.1 0.0 : 13.4 : 0.564 0.582 : 0.522 0.871 0.753 1.418 : 2.836 0.901 0.722 0.620 1.811 0.608 : 0.000 : 88.755 : 1034 1810 36 0 : 2275 : 5720 5428 : 155.388539 : 9 Next_heuristic_check_may_be_too_late ]
[155.391s][info][safepoint] Application time: 0.2449947 seconds
[155.392s][info][safepoint] Total time for which application threads were stopped: 0.0002159 seconds, Stopping threads took: 0.0000004 seconds
[155.392s][info][gc       ] [SPS 0.000 0.003 0.003 0.006 0.000 0.001 0.000 0.195 0.013 0.216 NewGC_pause1 155.391356 ]
[155.437s][info][safepoint] Application time: 0.0455039 seconds
[155.437s][info][safepoint] Total time for which application threads were stopped: 0.0000559 seconds, Stopping threads took: 0.0000004 seconds
[155.438s][info][gc       ] [SPS 0.000 0.001 0.000 0.006 0.000 0.001 0.000 0.035 0.013 0.056 NewGC_pause2 155.436915 ]
[155.438s][info][safepoint] Application time: 0.0011919 seconds
[155.438s][info][safepoint] Total time for which application threads were stopped: 0.0000512 seconds, Stopping threads took: 0.0000004 seconds
[155.438s][info][gc       ] [SPS 0.000 0.000 0.000 0.006 0.000 0.001 0.000 0.032 0.012 0.051 NewGC_pause3 155.438159 ]
[155.439s][info][safepoint] Application time: 0.0011282 seconds
[155.439s][info][safepoint] Total time for which application threads were stopped: 0.0000673 seconds, Stopping threads took: 0.0000005 seconds
[155.440s][info][gc       ] [SPS 0.000 0.003 0.002 0.006 0.000 0.001 0.000 0.046 0.013 0.067 NewGC_pause4 155.439354 ]
[155.440s][info][gc       ] [GC New Max 412-380 : 6356 3322 2286 6356 - - 1021 20 2 2 - : 148 1810 36 292 1184 : 144 4 1040 1040 0 : 0 1 72 0 74 - 0 : 0.242504 3703.0 0.0 0.050614 3003.1 0.0 : 8 --c 0000 : 23 0 0.000 0.000 0 0.000 0.000 0 0.000 0.000 : 155.389107 155.391140 0.000199 155.436860 0.000039 155.438107 0.000036 155.439287 0.000050 : 155.439721 ]
[155.440s][info][gc       ] [SYSINFO 8466 195 63 0 7920 0 16 0 0 6942 : - - - - - - - - : 0 7168 : 4.08 3.07 2.15 : 271935 4216756 : 0 0 : 36 0 : 2445 2 0 267 : - 8575602688 583921664 1103245312 7200940032 203833344 66772992 : 139899904 24766090 507540 0 0 0 : 155.439939 ]
[155.440s][info][gc       ] [HUGEPAGESTAT 0 0 0 - 83087 0 0 : 462848 0 0 : 155.439939 ]
[155.440s][info][gc       ] [OBJCREAT 477848721 25739 23662592 : 155.439980 ]
[155.440s][info][gc       ] [HMSV All : 0 0 140 0 0 0 0 0 : 6192 0 0 0 : 155.439998 ]
[155.440s][info][gc       ] [HMSP 60 : 51112 0 : 155.439998 ]
[155.440s][info][gc       ] [VMAC 65530 170 24 492 686 : 155.440463 ]
[155.682s][info][gc       ] [GPGC-H  3842.1 661.1 0.1 0.0 : 13.4 : 0.562 0.582 : 0.522 0.871 0.753 1.418 : 2.827 0.901 0.722 0.620 1.811 0.608 : 0.000 : 88.514 : 1018 1810 36 0 : 2275 : 5720 5428 : 155.681861 : 9 Next_heuristic_check_may_be_too_late ]
[155.685s][info][safepoint] Application time: 0.2451017 seconds
[155.685s][info][safepoint] Total time for which application threads were stopped: 0.0002746 seconds, Stopping threads took: 0.0000004 seconds
[155.685s][info][gc       ] [SPS 0.000 0.004 0.006 0.006 0.000 0.001 0.000 0.251 0.015 0.274 NewGC_pause1 155.684730 ]
[155.732s][info][safepoint] Application time: 0.0467519 seconds
[155.732s][info][safepoint] Total time for which application threads were stopped: 0.0002181 seconds, Stopping threads took: 0.0000004 seconds
[155.732s][info][gc       ] [SPS 0.000 0.002 0.000 0.006 0.000 0.001 0.000 0.179 0.032 0.218 NewGC_pause2 155.731701 ]
[155.733s][info][safepoint] Application time: 0.0014362 seconds
[155.733s][info][safepoint] Total time for which application threads were stopped: 0.0000533 seconds, Stopping threads took: 0.0000004 seconds
[155.733s][info][gc       ] [SPS 0.000 0.001 0.000 0.006 0.000 0.001 0.000 0.033 0.013 0.053 NewGC_pause3 155.733190 ]
[155.734s][info][safepoint] Application time: 0.0010767 seconds
[155.734s][info][safepoint] Total time for which application threads were stopped: 0.0000585 seconds, Stopping threads took: 0.0000004 seconds
[155.735s][info][gc       ] [SPS 0.000 0.003 0.002 0.006 0.000 0.001 0.000 0.038 0.013 0.058 NewGC_pause4 155.734325 ]
[155.735s][info][gc       ] [GC New Max 413-381 : 6356 3316 2294 6356 - - 1021 20 2 2 - : 156 1810 36 292 1178 : 152 4 1024 1024 0 : 0 1 76 0 78 - 0 : 0.242634 3593.9 0.0 0.052310 3058.7 0.0 : 8 --c 0000 : 23 0 0.000 0.000 0 0.000 0.000 0 0.000 0.000 : 155.682355 155.684456 0.000253 155.731483 0.000112 155.733137 0.000036 155.734267 0.000041 : 155.734665 ]
[155.735s][info][gc       ] [SYSINFO 8466 195 63 0 7920 0 16 0 0 6942 : - - - - - - - - : 0 7168 : 4.08 3.07 2.15 : 271935 4216756 : 0 0 : 36 0 : 2445 2 0 267 : - 8575602688 583921664 1103245312 7200940032 203833344 66772992 : 139899904 24766710 507580 0 0 0 : 155.734881 ]
[155.735s][info][gc       ] [HUGEPAGESTAT 0 0 0 - 83087 0 0 : 462848 0 0 : 155.734881 ]
[155.735s][info][gc       ] [OBJCREAT 478871913 25739 23662592 : 155.734920 ]
[155.735s][info][gc       ] [HMSV All : 0 0 140 0 0 0 0 0 : 6192 0 0 0 : 155.734934 ]
[155.735s][info][gc       ] [HMSP 60 : 51112 0 : 155.734934 ]
[155.735s][info][gc       ] [VMAC 65530 170 24 492 686 : 155.735420 ]
[155.996s][info][gc       ] [GPGC-H  3829.4 661.1 0.1 0.0 : 13.4 : 0.560 0.582 : 0.522 0.871 0.753 1.418 : 2.819 0.901 0.722 0.620 1.811 0.608 : 0.000 : 88.273 : 1060 1810 36 0 : 2275 : 5720 5428 : 155.996497 : 9 Next_heuristic_check_may_be_too_late ]
[155.999s][info][safepoint] Application time: 0.2642151 seconds
[155.999s][info][safepoint] Total time for which application threads were stopped: 0.0001432 seconds, Stopping threads took: 0.0000004 seconds
[155.999s][info][gc       ] [SPS 0.000 0.004 0.008 0.006 0.000 0.001 0.000 0.117 0.019 0.143 NewGC_pause1 155.998684 ]
[156.043s][info][safepoint] Application time: 0.0444944 seconds
[156.044s][info][safepoint] Total time for which application threads were stopped: 0.0001423 seconds, Stopping threads took: 0.0000004 seconds
[156.044s][info][gc       ] [SPS 0.000 0.001 0.000 0.006 0.000 0.001 0.000 0.117 0.019 0.142 NewGC_pause2 156.043321 ]
[156.045s][info][safepoint] Application time: 0.0012466 seconds
[156.045s][info][safepoint] Total time for which application threads were stopped: 0.0000575 seconds, Stopping threads took: 0.0000004 seconds
[156.045s][info][gc       ] [SPS 0.000 0.000 0.000 0.006 0.000 0.001 0.000 0.034 0.016 0.058 NewGC_pause3 156.044625 ]
[156.046s][info][safepoint] Application time: 0.0009505 seconds
[156.046s][info][safepoint] Total time for which application threads were stopped: 0.0000577 seconds, Stopping threads took: 0.0000004 seconds
[156.046s][info][gc       ] [SPS 0.000 0.003 0.002 0.006 0.000 0.001 0.000 0.038 0.013 0.058 NewGC_pause4 156.045633 ]
[156.046s][info][gc       ] [GC New Max 414-382 : 6356 3322 2264 6356 - - 1021 20 2 2 - : 126 1810 36 292 1184 : 122 4 1063 1063 0 : 0 1 61 0 63 - 0 : 0.262239 3447.2 0.0 0.049026 2610.9 0.0 : 8 --c 0000 : 23 0 0.000 0.000 0 0.000 0.000 0 0.000 0.000 : 155.996903 155.998541 0.000115 156.043179 0.000067 156.044567 0.000036 156.045576 0.000041 : 156.045929 ]
[156.046s][info][gc       ] [SYSINFO 8466 195 63 0 7920 0 16 0 0 6942 : - - - - - - - - : 0 7168 : 4.08 3.07 2.15 : 271935 4216756 : 0 0 : 36 0 : 2445 2 0 267 : - 8575602688 583921664 1103245312 7200940032 203833344 66772992 : 139899904 24767360 507600 0 0 0 : 156.046137 ]
[156.046s][info][gc       ] [HUGEPAGESTAT 0 0 0 - 83087 0 0 : 462848 0 0 : 156.046137 ]
[156.046s][info][gc       ] [OBJCREAT 479892555 25739 23662592 : 156.046176 ]
[156.046s][info][gc       ] [HMSV All : 0 0 140 0 0 0 0 0 : 6192 0 0 0 : 156.046190 ]
[156.046s][info][gc       ] [HMSP 60 : 51112 0 : 156.046190 ]
[156.047s][info][gc       ] [VMAC 65530 170 24 492 686 : 156.046641 ]
[156.288s][info][gc       ] [GPGC-H  3829.4 661.1 0.1 0.0 : 13.4 : 0.558 0.582 : 0.522 0.871 0.753 1.418 : 2.810 0.901 0.722 0.620 1.811 0.608 : 0.000 : 88.013 : 1000 1810 36 0 : 2275 : 5720 5428 : 156.287998 : 9 Next_heuristic_check_may_be_too_late ]
[156.291s][info][safepoint] Application time: 0.2448215 seconds
[156.291s][info][safepoint] Total time for which application threads were stopped: 0.0001361 seconds, Stopping threads took: 0.0000004 seconds
[156.291s][info][gc       ] [SPS 0.000 0.004 0.007 0.007 0.000 0.001 0.000 0.112 0.016 0.136 NewGC_pause1 156.290591 ]
[156.337s][info][safepoint] Application time: 0.0466156 seconds
[156.338s][info][safepoint] Total time for which application threads were stopped: 0.0001202 seconds, Stopping threads took: 0.0000004 seconds
[156.338s][info][gc       ] [SPS 0.001 0.001 0.000 0.006 0.000 0.001 0.000 0.095 0.018 0.120 NewGC_pause2 156.337327 ]
[156.339s][info][safepoint] Application time: 0.0018136 seconds
[156.339s][info][safepoint] Total time for which application threads were stopped: 0.0001032 seconds, Stopping threads took: 0.0000004 seconds
[156.340s][info][gc       ] [SPS 0.000 0.000 0.000 0.006 0.000 0.001 0.000 0.083 0.013 0.103 NewGC_pause3 156.339244 ]
[156.340s][info][safepoint] Application time: 0.0011032 seconds
[156.341s][info][safepoint] Total time for which application threads were stopped: 0.0000735 seconds, Stopping threads took: 0.0000004 seconds
[156.341s][info][gc       ] [SPS 0.000 0.003 0.002 0.011 0.000 0.001 0.000 0.039 0.022 0.073 NewGC_pause4 156.340421 ]
[156.341s][info][gc       ] [GC New Max 415-383 : 6356 3312 2310 6356 - - 1021 20 2 2 - : 172 1810 36 292 1174 : 166 4 1006 1006 0 : 0 1 83 0 86 - 0 : 0.242586 3611.1 0.0 0.052274 3366.9 0.0 : 8 --c 0000 : 23 0 0.000 0.000 0 0.000 0.000 0 0.000 0.000 : 156.288515 156.290455 0.000114 156.337207 0.000060 156.339141 0.000087 156.340347 0.000047 : 156.340789 ]
[156.341s][info][gc       ] [SYSINFO 8466 195 63 0 7920 0 16 0 0 6942 : - - - - - - - - : 0 7168 : 4.08 3.07 2.15 : 271935 4216756 : 0 0 : 36 0 : 2445 2 0 267 : - 8575602688 583921664 1103245312 7200940032 203833344 66772992 : 139899904 24767990 507630 0 0 0 : 156.341003 ]
[156.341s][info][gc       ] [HUGEPAGESTAT 0 0 0 - 83087 0 0 : 462848 0 0 : 156.341003 ]
[156.341s][info][gc       ] [OBJCREAT 480936043 25739 23662592 : 156.341042 ]
[156.341s][info][gc       ] [HMSV All : 0 0 140 0 0 0 0 0 : 6192 0 0 0 : 156.341055 ]
[156.341s][info][gc       ] [HMSP 60 : 51112 0 : 156.341055 ]
[156.342s][info][gc       ] [VMAC 65530 170 24 492 686 : 156.341527 ]
[156.563s][info][gc       ] [GPGC-H  3829.4 661.1 0.1 0.0 : 13.4 : 0.557 0.582 : 0.522 0.871 0.753 1.418 : 2.801 0.901 0.722 0.620 1.811 0.608 : 0.000 : 87.774 : 1108 1810 36 0 : 2275 : 5720 5428 : 156.562873 : 9 Next_heuristic_check_may_be_too_late ]
[156.566s][info][safepoint] Application time: 0.2252132 seconds
[156.566s][info][safepoint] Total time for which application threads were stopped: 0.0001929 seconds, Stopping threads took: 0.0000004 seconds
[156.567s][info][gc       ] [SPSH lock suspend gclocker notify wait resuspend cleanup op_time wakeup total(ms) op_name end(s) ]
[156.567s][info][gc       ] [SPS 0.000 0.004 0.008 0.007 0.000 0.001 0.000 0.169 0.016 0.193 NewGC_pause1 156.565827 ]
[156.612s][info][safepoint] Application time: 0.0460704 seconds
[156.612s][info][safepoint] Total time for which application threads were stopped: 0.0001592 seconds, Stopping threads took: 0.0000005 seconds
[156.613s][info][gc       ] [SPS 0.000 0.001 0.000 0.007 0.001 0.001 0.001 0.129 0.021 0.159 NewGC_pause2 156.612057 ]
[156.614s][info][safepoint] Application time: 0.0015399 seconds
[156.614s][info][safepoint] Total time for which application threads were stopped: 0.0000580 seconds, Stopping threads took: 0.0000004 seconds
[156.614s][info][gc       ] [SPS 0.000 0.001 0.000 0.006 0.000 0.001 0.000 0.038 0.012 0.058 NewGC_pause3 156.613655 ]
[156.615s][info][safepoint] Application time: 0.0011649 seconds
[156.615s][info][safepoint] Total time for which application threads were stopped: 0.0000691 seconds, Stopping threads took: 0.0000004 seconds
[156.615s][info][gc       ] [SPS 0.000 0.007 0.002 0.012 0.000 0.001 0.000 0.039 0.017 0.069 NewGC_pause4 156.614889 ]
[156.616s][info][gc       ] [GC New Max 416-384 : 6356 3400 2288 6356 - - 1021 20 2 2 - : 150 1810 36 292 1262 : 146 4 1114 1114 0 : 0 1 73 0 75 - 0 : 0.222610 4204.7 0.0 0.051859 3008.2 0.0 : 8 --c 0000 : 23 0 0.000 0.000 0 0.000 0.000 0 0.000 0.000 : 156.563399 156.565634 0.000172 156.611898 0.000099 156.613597 0.000041 156.614820 0.000048 : 156.615259 ]
[156.616s][info][gc       ] [SYSINFO 8466 195 63 0 7920 0 16 0 0 6942 : - - - - - - - - : 0 7168 : 4.08 3.07 2.15 : 271935 4216756 : 0 0 : 36 0 : 2445 2 0 267 : - 8575602688 583921664 1103245312 7200940032 203833344 66772992 : 139899904 24768610 507630 0 0 0 : 156.615506 ]
[156.616s][info][gc       ] [HUGEPAGESTAT 0 0 0 - 83087 0 0 : 462848 0 0 : 156.615506 ]
[156.616s][info][gc       ] [OBJCREAT 482016465 25739 23662592 : 156.615550 ]
[156.616s][info][gc       ] [HMSV All : 0 0 140 0 0 0 0 0 : 6192 0 0 0 : 156.615564 ]
[156.616s][info][gc       ] [HMSP 60 : 51112 0 : 156.615564 ]
[156.616s][info][gc       ] [VMAC 65530 170 24 492 686 : 156.616035 ]
[156.837s][info][gc       ] [GPGC-H  3829.4 645.7 0.1 0.0 : 13.1 : 0.555 0.582 : 0.522 0.871 0.753 1.418 : 2.793 0.901 0.722 0.620 1.811 0.608 : 0.000 : 87.556 : 1092 1810 36 0 : 2275 : 5720 5428 : 156.837111 : 9 Next_heuristic_check_may_be_too_late ]
[156.840s][info][safepoint] Application time: 0.2248288 seconds
[156.840s][info][safepoint] Total time for which application threads were stopped: 0.0004280 seconds, Stopping threads took: 0.0000004 seconds
[156.841s][info][gc       ] [SPS 0.000 0.003 0.003 0.005 0.000 0.001 0.000 0.395 0.026 0.428 NewGC_pause1 156.840146 ]
[156.886s][info][safepoint] Application time: 0.0459402 seconds
[156.887s][info][safepoint] Total time for which application threads were stopped: 0.0001293 seconds, Stopping threads took: 0.0000005 seconds
[156.887s][info][gc       ] [SPS 0.000 0.001 0.000 0.006 0.000 0.001 0.000 0.107 0.014 0.129 NewGC_pause2 156.886215 ]
[156.888s][info][safepoint] Application time: 0.0018266 seconds
[156.888s][info][safepoint] Total time for which application threads were stopped: 0.0001199 seconds, Stopping threads took: 0.0000004 seconds
[156.889s][info][gc       ] [SPS 0.000 0.000 0.000 0.006 0.000 0.001 0.000 0.099 0.013 0.120 NewGC_pause3 156.888162 ]
[156.889s][info][safepoint] Application time: 0.0011857 seconds
[156.890s][info][safepoint] Total time for which application threads were stopped: 0.0000646 seconds, Stopping threads took: 0.0000005 seconds
[156.890s][info][gc       ] [SPS 0.000 0.003 0.002 0.006 0.000 0.001 0.000 0.043 0.014 0.065 NewGC_pause4 156.889412 ]
[156.890s][info][gc       ] [GC New Max 417-385 : 6356 3376 2282 6356 - - 1021 20 2 2 - : 144 1810 36 292 1238 : 140 4 1098 1098 0 : 0 1 70 0 72 - 0 : 0.222348 4245.6 0.0 0.052157 2837.6 0.0 : 8 --c 0000 : 23 0 0.000 0.000 0 0.000 0.000 0 0.000 0.000 : 156.837606 156.839718 0.000288 156.886086 0.000111 156.888042 0.000103 156.889348 0.000046 : 156.889763 ]
[156.890s][info][gc       ] [SYSINFO 8466 195 63 0 7920 0 16 0 0 6942 : - - - - - - - - : 0 7168 : 4.08 3.07 2.15 : 271935 4216756 : 0 0 : 36 0 : 2445 2 0 267 : - 8575602688 583921664 1103245312 7200940032 203833344 66772992 : 139899904 24769270 507630 0 0 0 : 156.890005 ]
[156.890s][info][gc       ] [HUGEPAGESTAT 0 0 0 - 83087 0 0 : 462848 0 0 : 156.890005 ]
[156.890s][info][gc       ] [OBJCREAT 483097749 25739 23662592 : 156.890048 ]
[156.890s][info][gc       ] [HMSV All : 0 0 140 0 0 0 0 0 : 6192 0 0 0 : 156.890066 ]
[156.890s][info][gc       ] [HMSP 60 : 51112 0 : 156.890066 ]
[156.891s][info][gc       ] [VMAC 65530 170 24 492 686 : 156.890539 ]
[157.112s][info][gc       ] [GPGC-H  3829.4 645.7 0.1 0.0 : 13.1 : 0.553 0.582 : 0.522 0.871 0.753 1.418 : 2.785 0.901 0.722 0.620 1.811 0.608 : 0.000 : 87.339 : 1048 1810 36 0 : 2275 : 5720 5428 : 157.111951 : 9 Next_heuristic_check_may_be_too_late ]
[157.115s][info][safepoint] Application time: 0.2249078 seconds
[157.115s][info][safepoint] Total time for which application threads were stopped: 0.0001863 seconds, Stopping threads took: 0.0000004 seconds
[157.115s][info][gc       ] [SPS 0.000 0.003 0.003 0.006 0.000 0.001 0.000 0.165 0.014 0.186 NewGC_pause1 157.114507 ]
[157.159s][info][safepoint] Application time: 0.0446518 seconds
[157.160s][info][safepoint] Total time for which application threads were stopped: 0.0001082 seconds, Stopping threads took: 0.0000004 seconds
[157.160s][info][gc       ] [SPS 0.000 0.001 0.000 0.006 0.000 0.001 0.000 0.080 0.021 0.108 NewGC_pause2 157.159267 ]
[157.161s][info][safepoint] Application time: 0.0014501 seconds
[157.161s][info][safepoint] Total time for which application threads were stopped: 0.0000654 seconds, Stopping threads took: 0.0000005 seconds
[157.161s][info][gc       ] [SPS 0.000 0.001 0.000 0.006 0.000 0.001 0.000 0.042 0.016 0.065 NewGC_pause3 157.160782 ]
[157.162s][info][safepoint] Application time: 0.0010879 seconds
[157.162s][info][safepoint] Total time for which application threads were stopped: 0.0000715 seconds, Stopping threads took: 0.0000004 seconds
[157.162s][info][gc       ] [SPS 0.000 0.003 0.002 0.006 0.000 0.001 0.000 0.039 0.025 0.071 NewGC_pause4 157.161942 ]
[157.163s][info][gc       ] [GC New Max 418-386 : 6356 3326 2276 6356 - - 1021 20 2 2 - : 138 1810 36 292 1188 : 134 4 1055 1055 0 : 0 1 67 0 69 - 0 : 0.222603 4070.0 0.0 0.050010 2839.4 0.0 : 8 --c 0000 : 23 0 0.000 0.000 0 0.000 0.000 0 0.000 0.000 : 157.112366 157.114320 0.000166 157.159159 0.000084 157.160717 0.000044 157.161870 0.000043 : 157.162376 ]
[157.163s][info][gc       ] [SYSINFO 8466 195 63 0 7920 0 16 0 0 6942 : - - - - - - - - : 0 7168 : 4.08 3.07 2.15 : 271935 4216756 : 0 0 : 36 0 : 2445 2 0 267 : - 8575602688 583921664 1103245312 7200940032 203833344 66772992 : 139899904 24769870 507640 0 0 0 : 157.162591 ]
[157.163s][info][gc       ] [HUGEPAGESTAT 0 0 0 - 83087 0 0 : 462848 0 0 : 157.162591 ]
[157.163s][info][gc       ] [OBJCREAT 484135634 25739 23662592 : 157.162630 ]
[157.163s][info][gc       ] [HMSV All : 0 0 140 0 0 0 0 0 : 6192 0 0 0 : 157.162645 ]
[157.163s][info][gc       ] [HMSP 60 : 51112 0 : 157.162645 ]
[157.163s][info][gc       ] [VMAC 65530 170 24 492 686 : 157.163166 ]
[157.364s][info][gc       ] [GPGC-H  3829.4 645.7 0.1 0.0 : 13.1 : 0.552 0.582 : 0.522 0.871 0.753 1.418 : 2.777 0.901 0.722 0.620 1.811 0.608 : 0.000 : 87.122 : 1004 1810 36 0 : 2275 : 5720 5428 : 157.364218 : 9 Next_heuristic_check_may_be_too_late ]
[157.367s][info][safepoint] Application time: 0.2046532 seconds
[157.367s][info][safepoint] Total time for which application threads were stopped: 0.0003897 seconds, Stopping threads took: 0.0000004 seconds
[157.368s][info][gc       ] [SPS 0.000 0.003 0.003 0.006 0.000 0.001 0.000 0.362 0.020 0.390 NewGC_pause1 157.366985 ]
[157.411s][info][safepoint] Application time: 0.0439151 seconds
[157.412s][info][safepoint] Total time for which application threads were stopped: 0.0001859 seconds, Stopping threads took: 0.0000004 seconds
[157.412s][info][gc       ] [SPS 0.000 0.001 0.000 0.005 0.000 0.001 0.000 0.158 0.019 0.184 NewGC_pause2 157.411086 ]
[157.413s][info][safepoint] Application time: 0.0015827 seconds
[157.413s][info][safepoint] Total time for which application threads were stopped: 0.0001221 seconds, Stopping threads took: 0.0000004 seconds
[157.413s][info][gc       ] [SPS 0.000 0.000 0.000 0.006 0.000 0.001 0.000 0.103 0.012 0.122 NewGC_pause3 157.412791 ]
[157.414s][info][safepoint] Application time: 0.0012363 seconds
[157.414s][info][safepoint] Total time for which application threads were stopped: 0.0000640 seconds, Stopping threads took: 0.0000004 seconds
[157.414s][info][gc       ] [SPS 0.000 0.002 0.002 0.006 0.000 0.001 0.000 0.039 0.019 0.064 NewGC_pause4 157.414091 ]
[157.415s][info][gc       ] [GC New Max 419-387 : 6356 3276 2270 6356 - - 1021 20 2 2 - : 132 1810 36 292 1138 : 128 2 1010 1010 0 : 0 0 64 0 66 - 0 : 0.202360 4289.4 0.0 0.049729 2734.8 0.0 : 8 --c 0000 : 23 0 0.000 0.000 0 0.000 0.000 0 0.000 0.000 : 157.364736 157.366595 0.000282 157.410902 0.000124 157.412669 0.000108 157.414027 0.000042 : 157.414465 ]
[157.415s][info][gc       ] [SYSINFO 8466 195 63 0 7920 0 16 0 0 6942 : - - - - - - - - : 0 7168 : 3.83 3.03 2.14 : 271935 4216756 : 0 0 : 36 0 : 2445 2 0 267 : - 8575602688 583921664 1103245312 7200940032 203833344 66772992 : 139899904 24770470 507640 0 0 0 : 157.414701 ]
[157.415s][info][gc       ] [HUGEPAGESTAT 0 0 0 - 83087 0 0 : 462848 0 0 : 157.414701 ]
[157.415s][info][gc       ] [OBJCREAT 485128570 25739 23662592 : 157.414739 ]
[157.415s][info][gc       ] [HMSV All : 0 0 140 0 0 0 0 0 : 6192 0 0 0 : 157.414755 ]
[157.415s][info][gc       ] [HMSP 60 : 51112 0 : 157.414755 ]
[157.415s][info][gc       ] [VMAC 65530 170 24 492 686 : 157.415200 ]
[157.636s][info][gc       ] [GPGC-H  3829.4 645.7 0.1 0.0 : 13.1 : 0.550 0.582 : 0.522 0.871 0.753 1.418 : 2.770 0.901 0.722 0.620 1.811 0.608 : 0.000 : 86.926 : 1076 1810 36 0 : 2275 : 5720 5428 : 157.636383 : 9 Next_heuristic_check_may_be_too_late ]
[157.639s][info][safepoint] Application time: 0.2246429 seconds
[157.639s][info][safepoint] Total time for which application threads were stopped: 0.0003747 seconds, Stopping threads took: 0.0000004 seconds
[157.639s][info][gc       ] [SPS 0.000 0.004 0.002 0.006 0.000 0.001 0.000 0.354 0.013 0.374 NewGC_pause1 157.639109 ]
[157.687s][info][safepoint] Application time: 0.0477387 seconds
[157.687s][info][safepoint] Total time for which application threads were stopped: 0.0001548 seconds, Stopping threads took: 0.0000004 seconds
[157.688s][info][gc       ] [SPS 0.000 0.001 0.000 0.006 0.000 0.001 0.000 0.128 0.020 0.155 NewGC_pause2 157.687003 ]
[157.688s][info][safepoint] Application time: 0.0012368 seconds
[157.688s][info][safepoint] Total time for which application threads were stopped: 0.0000797 seconds, Stopping threads took: 0.0000014 seconds
[157.689s][info][gc       ] [SPS 0.000 0.000 0.000 0.023 0.001 0.001 0.000 0.035 0.020 0.080 NewGC_pause3 157.688319 ]
[157.690s][info][safepoint] Application time: 0.0010957 seconds
[157.690s][info][safepoint] Total time for which application threads were stopped: 0.0000818 seconds, Stopping threads took: 0.0000005 seconds
[157.690s][info][gc       ] [SPS 0.000 0.003 0.002 0.006 0.001 0.001 0.000 0.046 0.028 0.082 NewGC_pause4 157.689497 ]
[157.690s][info][gc       ] [GC New Max 420-388 : 6356 3388 2310 6356 - - 1021 20 2 2 - : 172 1810 36 292 1250 : 166 4 1082 1082 0 : 0 1 83 0 86 - 0 : 0.222296 4255.6 0.0 0.053103 3314.3 0.0 : 8 --c 0000 : 23 0 0.000 0.000 0 0.000 0.000 0 0.000 0.000 : 157.636761 157.638734 0.000343 157.686848 0.000043 157.688239 0.000056 157.689415 0.000050 : 157.689864 ]
[157.690s][info][gc       ] [SYSINFO 8466 195 63 0 7920 0 16 0 0 6942 : - - - - - - - - : 0 7168 : 3.83 3.03 2.14 : 271935 4216756 : 0 0 : 36 0 : 2445 2 0 267 : - 8575602688 583921664 1103245312 7200940032 203833344 66772992 : 139899904 24771050 507690 0 0 0 : 157.690084 ]
[157.690s][info][gc       ] [HUGEPAGESTAT 0 0 0 - 83087 0 0 : 462848 0 0 : 157.690084 ]
[157.690s][info][gc       ] [OBJCREAT 486239552 25739 23662592 : 157.690128 ]
[157.690s][info][gc       ] [HMSV All : 0 0 140 0 0 0 0 0 : 6192 0 0 0 : 157.690145 ]
[157.690s][info][gc       ] [HMSP 60 : 51112 0 : 157.690145 ]
[157.691s][info][gc       ] [VMAC 65530 170 24 492 686 : 157.690598 ]
[157.912s][info][gc       ] [GPGC-H  3826.8 645.7 0.1 0.0 : 13.1 : 0.549 0.582 : 0.522 0.871 0.753 1.418 : 2.762 0.901 0.722 0.620 1.811 0.608 : 0.000 : 86.711 : 1064 1810 36 0 : 2275 : 5720 5428 : 157.911797 : 9 Next_heuristic_check_may_be_too_late ]
[157.914s][info][safepoint] Application time: 0.2247591 seconds
[157.915s][info][safepoint] Total time for which application threads were stopped: 0.0001218 seconds, Stopping threads took: 0.0000004 seconds
[157.915s][info][gc       ] [SPS 0.000 0.004 0.009 0.006 0.000 0.001 0.000 0.098 0.015 0.122 NewGC_pause1 157.914378 ]
[157.962s][info][safepoint] Application time: 0.0478351 seconds
[157.963s][info][safepoint] Total time for which application threads were stopped: 0.0001622 seconds, Stopping threads took: 0.0000004 seconds
[157.963s][info][gc       ] [SPS 0.000 0.001 0.000 0.007 0.000 0.001 0.000 0.132 0.021 0.162 NewGC_pause2 157.962375 ]
[157.964s][info][safepoint] Application time: 0.0011423 seconds
[157.964s][info][safepoint] Total time for which application threads were stopped: 0.0000545 seconds, Stopping threads took: 0.0000004 seconds
[157.964s][info][gc       ] [SPS 0.000 0.000 0.000 0.006 0.000 0.001 0.000 0.034 0.012 0.054 NewGC_pause3 157.963572 ]
[157.965s][info][safepoint] Application time: 0.0010697 seconds
[157.965s][info][safepoint] Total time for which application threads were stopped: 0.0000625 seconds, Stopping threads took: 0.0000004 seconds
[157.965s][info][gc       ] [SPS 0.000 0.003 0.002 0.006 0.000 0.001 0.000 0.041 0.014 0.062 NewGC_pause4 157.964704 ]
[157.965s][info][gc       ] [GC New Max 421-389 : 6356 3378 2312 6356 - - 1021 20 2 2 - : 174 1810 36 292 1240 : 168 4 1070 1070 0 : 0 1 84 0 87 - 0 : 0.222452 4018.8 0.0 0.052739 3375.1 0.0 : 8 --c 0000 : 23 0 0.000 0.000 0 0.000 0.000 0 0.000 0.000 : 157.912316 157.914256 0.000101 157.962213 0.000057 157.963518 0.000038 157.964642 0.000045 : 157.965056 ]
[157.965s][info][gc       ] [SYSINFO 8466 195 63 0 7920 0 16 0 0 6942 : - - - - - - - - : 0 7168 : 3.83 3.03 2.14 : 271935 4216756 : 0 0 : 36 0 : 2445 2 0 267 : - 8575602688 583921664 1103245312 7200940032 203833344 66772992 : 139899904 24771660 507690 0 0 0 : 157.965290 ]
[157.965s][info][gc       ] [HUGEPAGESTAT 0 0 0 - 83087 0 0 : 462848 0 0 : 157.965290 ]
[157.965s][info][gc       ] [OBJCREAT 487301027 25739 23662592 : 157.965332 ]
[157.965s][info][gc       ] [HMSV All : 0 0 140 0 0 0 0 0 : 6192 0 0 0 : 157.965349 ]
[157.965s][info][gc       ] [HMSP 60 : 51112 0 : 157.965349 ]
[157.966s][info][gc       ] [VMAC 65530 170 24 492 686 : 157.965812 ]
[158.106s][info][gc       ] [GPGC-H  3826.8 645.7 0.1 0.0 : 13.1 : 0.547 0.582 : 0.522 0.871 0.753 1.418 : 2.754 0.901 0.722 0.620 1.811 0.608 : 0.000 : 86.496 : 1042 1810 36 0 : 2275 : 5720 5428 : 158.106317 : 9 Next_heuristic_check_may_be_too_late ]
[158.109s][info][safepoint] Application time: 0.1438724 seconds
[158.109s][info][safepoint] Total time for which application threads were stopped: 0.0001379 seconds, Stopping threads took: 0.0000005 seconds
[158.109s][info][gc       ] [SPS 0.001 0.005 0.010 0.007 0.000 0.001 0.000 0.098 0.031 0.138 NewGC_pause1 158.108715 ]
[158.217s][info][safepoint] Application time: 0.1076450 seconds
[158.217s][info][safepoint] Total time for which application threads were stopped: 0.0001842 seconds, Stopping threads took: 0.0000005 seconds
[158.218s][info][gc       ] [SPS 0.000 0.001 0.000 0.008 0.001 0.001 0.000 0.150 0.025 0.184 NewGC_pause2 158.216544 ]
[158.219s][info][safepoint] Application time: 0.0019308 seconds
[158.219s][info][safepoint] Total time for which application threads were stopped: 0.0001152 seconds, Stopping threads took: 0.0000004 seconds
[158.219s][info][gc       ] [SPS 0.000 0.001 0.000 0.007 0.000 0.001 0.000 0.091 0.015 0.115 NewGC_pause3 158.218590 ]
[158.220s][info][safepoint] Application time: 0.0012423 seconds
[158.220s][info][safepoint] Total time for which application threads were stopped: 0.0000728 seconds, Stopping threads took: 0.0000005 seconds
[158.220s][info][gc       ] [SPS 0.000 0.003 0.002 0.007 0.001 0.001 0.000 0.047 0.017 0.073 NewGC_pause4 158.219905 ]
[158.221s][info][gc       ] [GC New Max 422-390 : 6356 3732 3122 6356 - - 1021 20 2 2 - : 984 1810 36 292 1594 : 970 6 621 621 0 : 0 0 269 0 439 - 53 : 0.141591 6158.6 0.0 0.113648 4909.9 0.0 : 8 --c 0000 : 23 0 0.000 0.000 0 0.000 0.000 0 0.000 0.000 : 158.106647 158.108577 0.000099 158.216360 0.000107 158.218475 0.000096 158.219833 0.000051 : 158.220295 ]
[158.221s][info][gc       ] [SYSINFO 8466 195 63 0 7920 0 16 0 0 6942 : - - - - - - - - : 0 7168 : 3.83 3.03 2.14 : 271935 4216756 : 0 0 : 36 0 : 2445 2 0 267 : - 8575602688 583921664 1103245312 7200940032 203833344 66772992 : 139899904 24772770 507730 0 0 0 : 158.220563 ]
[158.221s][info][gc       ] [HUGEPAGESTAT 0 0 0 - 83087 0 0 : 462848 0 0 : 158.220563 ]
[158.221s][info][gc       ] [OBJCREAT 488713251 25739 23662592 : 158.220625 ]
[158.221s][info][gc       ] [HMSV All : 0 0 148 0 0 0 0 0 : 6192 0 0 0 : 158.220643 ]
[158.221s][info][gc       ] [HMSP 60 : 51112 0 : 158.220643 ]
[158.221s][info][gc       ] [VMAC 65530 170 24 492 686 : 158.221160 ]
[158.422s][info][gc       ] [GPGC-H  3826.8 645.7 0.1 0.0 : 13.1 : 0.546 0.582 : 0.522 0.871 0.753 1.418 : 2.747 0.901 0.722 0.620 1.811 0.608 : 0.000 : 86.373 : 1636 1810 36 0 : 2275 : 5720 5428 : 158.422028 : 9 Next_heuristic_check_may_be_too_late ]
[158.426s][info][safepoint] Application time: 0.2053698 seconds
[158.426s][info][safepoint] Total time for which application threads were stopped: 0.0002804 seconds, Stopping threads took: 0.0000004 seconds
[158.427s][info][gc       ] [SPS 0.000 0.004 0.003 0.007 0.000 0.001 0.000 0.257 0.015 0.281 NewGC_pause1 158.425556 ]
[158.771s][info][safepoint] Application time: 0.3451358 seconds
[158.771s][info][safepoint] Total time for which application threads were stopped: 0.0000545 seconds, Stopping threads took: 0.0000004 seconds
[158.771s][info][gc       ] [SPS 0.000 0.001 0.000 0.006 0.000 0.001 0.000 0.035 0.012 0.054 NewGC_pause2 158.770746 ]
[158.772s][info][safepoint] Application time: 0.0010135 seconds
[158.772s][info][safepoint] Total time for which application threads were stopped: 0.0000559 seconds, Stopping threads took: 0.0000004 seconds
[158.772s][info][gc       ] [SPS 0.000 0.001 0.000 0.005 0.000 0.001 0.000 0.038 0.011 0.056 NewGC_pause3 158.771816 ]
[158.773s][info][safepoint] Application time: 0.0011391 seconds
[158.773s][info][safepoint] Total time for which application threads were stopped: 0.0000635 seconds, Stopping threads took: 0.0000004 seconds
[158.773s][info][gc       ] [SPS 0.000 0.003 0.002 0.006 0.000 0.001 0.000 0.039 0.018 0.063 NewGC_pause4 158.773018 ]
[158.774s][info][gc       ] [GC New Max 423-391 : 6356 4256 4154 6356 - - 1021 20 2 2 - : 2016 1810 36 292 2118 : 2007 6 107 107 0 : 0 0 232 0 916 - 92 : 0.202309 3252.4 0.0 0.350797 1368.3 0.0 : 8 --c 0000 : 23 0 0.000 0.000 0 0.000 0.000 0 0.000 0.000 : 158.422604 158.425275 0.000261 158.770692 0.000039 158.771760 0.000041 158.772955 0.000042 : 158.773401 ]
[158.774s][info][gc       ] [SYSINFO 8466 195 63 0 7920 0 16 0 0 6942 : - - - - - - - - : 0 7168 : 3.83 3.03 2.14 : 271935 4216756 : 0 0 : 36 0 : 2445 2 0 267 : - 8575602688 583921664 1103245312 7200940032 203833344 66772992 : 139899904 24775370 507800 0 0 0 : 158.773608 ]
[158.774s][info][gc       ] [HUGEPAGESTAT 0 0 0 - 83087 0 0 : 462848 0 0 : 158.773608 ]
[158.774s][info][gc       ] [OBJCREAT 489842788 25739 23662592 : 158.773646 ]
[158.774s][info][gc       ] [HMSV All : 0 0 150 0 0 0 0 0 : 6192 0 0 0 : 158.773660 ]
[158.774s][info][gc       ] [HMSP 60 : 51112 0 : 158.773660 ]
[158.774s][info][gc       ] [VMAC 65530 170 24 492 686 : 158.774056 ]
[158.895s][info][gc       ] [GPGC-H  3826.8 629.8 0.1 0.0 : 12.8 : 0.545 0.582 : 0.522 0.871 0.753 1.418 : 2.734 0.901 0.722 0.620 1.811 0.608 : 0.000 : 86.227 : 2442 1810 36 0 : 2275 : 5720 5428 : 158.894669 : 8 May_exceed_heap_occupancy_target ]
[158.901s][info][safepoint] Application time: 0.1274247 seconds
[158.901s][info][safepoint] Total time for which application threads were stopped: 0.0003140 seconds, Stopping threads took: 0.0000005 seconds
[158.901s][info][gc       ] [SPS 0.000 0.001 0.008 0.007 0.000 0.001 0.000 0.269 0.036 0.314 NewGC_pause1 158.900757 ]
[159.257s][info][safepoint] Application time: 0.3565235 seconds
[159.258s][info][safepoint] Total time for which application threads were stopped: 0.0001056 seconds, Stopping threads took: 0.0000005 seconds
[159.258s][info][gc       ] [SPS 0.000 0.001 0.000 0.007 0.001 0.001 0.000 0.055 0.041 0.106 NewGC_pause2 159.257387 ]
[159.258s][info][safepoint] Application time: 0.0008840 seconds
[159.258s][info][safepoint] Total time for which application threads were stopped: 0.0000672 seconds, Stopping threads took: 0.0000005 seconds
[159.259s][info][gc       ] [SPS 0.000 0.000 0.000 0.007 0.001 0.001 0.000 0.042 0.016 0.067 NewGC_pause3 159.258338 ]
[159.260s][info][safepoint] Application time: 0.0011073 seconds
[159.261s][info][safepoint] Total time for which application threads were stopped: 0.0006611 seconds, Stopping threads took: 0.0000005 seconds
[159.261s][info][gc       ] [SPS 0.000 0.001 0.000 0.008 0.000 0.001 0.000 0.629 0.023 0.662 OldGC_pause2 159.260107 ]
[159.263s][info][safepoint] Application time: 0.0025167 seconds
[159.263s][info][safepoint] Total time for which application threads were stopped: 0.0000811 seconds, Stopping threads took: 0.0000006 seconds
[159.263s][info][gc       ] [SPS 0.000 0.001 0.000 0.011 0.001 0.001 0.001 0.051 0.017 0.081 OldGC_pause3 159.262704 ]
[159.272s][info][safepoint] Application time: 0.0086305 seconds
[159.272s][info][safepoint] Total time for which application threads were stopped: 0.0001885 seconds, Stopping threads took: 0.0000005 seconds
[159.272s][info][gc       ] [SPS 0.000 0.003 0.006 0.007 0.001 0.001 0.000 0.153 0.026 0.188 NewGC_pause4 159.271524 ]
[159.369s][info][gc       ] [GC NTO Max 424-392 : 6356 5344 4956 6356 - - 1021 20 2 2 - : 2818 1810 36 292 3206 : 2516 15 685 685 98 : 0 289 377 0 1354 - 55 : 0.121688 3517.2 0.0 0.473988 2008.5 0.0 : 8 --c 0000 : 23 0 0.000 0.000 0 0.000 0.000 0 0.000 0.000 : 158.895088 158.900443 0.000202 159.257281 0.000054 159.258271 0.000046 159.271335 0.000055 : 159.369077 ]
[159.369s][info][gc       ] [SYSINFO 8466 195 63 0 7920 0 16 0 0 6942 : - - - - - - - - : 0 7168 : 3.83 3.03 2.14 : 271935 4216756 : 0 0 : 36 0 : 2445 2 0 267 : - 8575602688 583921664 1103245312 7200940032 203833344 66772992 : 139899904 24779660 507950 0 0 0 : 159.369386 ]
[159.369s][info][gc       ] [HUGEPAGESTAT 0 0 0 - 83087 0 0 : 462848 0 0 : 159.369386 ]
[159.369s][info][gc       ] [OBJCREAT 491210261 25804 23662592 : 159.369442 ]
[159.369s][info][gc       ] [HMSV All : 0 0 150 0 0 0 0 0 : 6192 0 0 0 : 159.369456 ]
[159.369s][info][gc       ] [HMSP 60 : 51112 0 : 159.369456 ]
[159.370s][info][gc       ] [VMAC 65530 170 24 492 686 : 159.370002 ]
[159.372s][info][safepoint] Application time: 0.0999194 seconds
[159.372s][info][safepoint] Total time for which application threads were stopped: 0.0001127 seconds, Stopping threads took: 0.0000005 seconds
[159.372s][info][gc       ] [SPS 0.000 0.002 0.007 0.007 0.000 0.001 0.000 0.086 0.017 0.113 OldGC_pause4 159.371556 ]
[159.373s][info][gc       ] [GC Old Max 425-33 : 6356 5344 3164 6356 - - 1021 20 2 2 - : 2826 12 32 292 1850 : 26 17 1800 1800 0 : 0 9 0 0 22 - 0 : 8.345417 53.9 0.0 0.475803 0.0 0.0 : 4 --c 0000 : 23   -    -    -    -    -    -    -    -    -  : 158.896722 158.900443 0.000202 159.259445 0.000633 159.262623 0.000059 159.371443 0.000091 : 159.372525 ]
[159.373s][info][gc       ] [SYSINFO 8466 195 63 0 7920 0 16 0 0 6942 : - - - - - - - - : 0 7168 : 3.83 3.03 2.14 : 271935 4216756 : 0 0 : 36 0 : 2445 2 0 267 : - 8575602688 583921664 1103245312 7200940032 203833344 66772992 : 139899904 24779660 507950 0 0 0 : 159.372721 ]
[159.373s][info][gc       ] [HUGEPAGESTAT 0 0 0 - 83087 0 0 : 462848 0 0 : 159.372721 ]
[159.373s][info][gc       ] [OBJCREAT 491220172 25804 23662592 : 159.372764 ]
[159.373s][info][gc       ] [HMSV All : 0 0 150 0 0 0 0 0 : 6192 0 0 0 : 159.372781 ]
[159.373s][info][gc       ] [HMSP 60 : 51112 0 : 159.372781 ]
[159.373s][info][gc       ] [COMPSTATS 1 : 5 0 : 1 0 : 0 0 : 530 5 0 0 0 0 : 0 0 0 0 0 0 : 136 137 15 : 535 0 0 0 0 0 0 : 535 0 0 0 0 0 0 ]
[159.373s][info][gc       ] [COMPSTATS 2 : 5 0 : 1 0 : 0 0 : 129 11 0 0 0 0 : 0 0 0 0 0 0 : 48891 48995 9410 : 69 45 26 0 0 0 0 : 32 86 17 4 1 0 0 ]
[159.373s][info][gc       ] [DEOPTSTATS 1 : 1 0 : 0 0 : 0 0 : 0 0 : 0 12 : 0 0 : 0 0 : 0 0 : 0 0 : 0 0 : 0 0 : 0 0 : 0 0 : 0 0 : 0 0 : 0 0 : 0 0 : 0 0 : 0 0 : 0 0 : 0 0 : 0 0 : 0 0 : 0 0 : 0 0 : 0 0 : 0 0 : 0 0 : 0 0 : 0 0 : 6 0 : 0 0 : 0 0 : 0 0 : 0 0 : 0 0 : 0 0 : 0 0 : 0 0 : 0 0 : 0 0 : 0 0 ]
[159.373s][info][gc       ] [DEOPTSTATS 2 : 0 0 : 0 0 : 0 0 : 0 0 : 0 0 : 0 0 : 0 11 : 0 0 : 0 0 : 0 0 : 0 0 : 0 0 : 0 0 : 0 0 : 0 0 : 0 0 : 0 0 : 0 0 : 0 0 : 0 0 : 0 0 : 0 0 : 0 0 : 0 0 : 0 0 : 0 0 : 0 0 : 0 0 : 0 0 : 0 0 : 5 0 : 0 0 : 0 0 : 0 0 : 0 1 : 0 0 : 0 0 : 0 0 : 0 0 : 0 3 : 0 0 : 0 0 ]
[159.373s][info][gc       ] [VMAC 65530 170 24 492 686 : 159.373299 ]
[159.373s][info][gc       ] [CCF 0 0 0 0 32 181248: 3083776 : 380 196608 : 3 49152 : 317 311808 :  523 646144 : 120 416256 : 0 0 : 15 1228800 : 1 2048]
[159.431s][info][gc       ] [GPGC-H  3826.8 629.8 0.1 0.0 : 12.8 : 0.544 0.571 : 0.522 0.880 0.753 1.418 : 2.734 0.867 0.722 0.620 1.811 0.608 : 0.000 : 86.181 : 3016 12 32 0 : 2275 : 5720 5428 : 159.430540 : 9 Next_heuristic_check_may_be_too_late ]
[159.434s][info][safepoint] Application time: 0.0625953 seconds
[159.434s][info][safepoint] Total time for which application threads were stopped: 0.0001253 seconds, Stopping threads took: 0.0000005 seconds
[159.435s][info][gc       ] [SPS 0.000 0.004 0.009 0.007 0.000 0.001 0.000 0.097 0.020 0.125 NewGC_pause1 159.434277 ]
[159.718s][info][safepoint] Application time: 0.2835467 seconds
[159.718s][info][safepoint] Total time for which application threads were stopped: 0.0000799 seconds, Stopping threads took: 0.0000005 seconds
[159.718s][info][gc       ] [SPS 0.000 0.001 0.000 0.007 0.000 0.001 0.000 0.056 0.015 0.080 NewGC_pause2 159.717903 ]
[159.719s][info][safepoint] Application time: 0.0013530 seconds
[159.719s][info][safepoint] Total time for which application threads were stopped: 0.0000987 seconds, Stopping threads took: 0.0000006 seconds
[159.720s][info][gc       ] [SPS 0.000 0.000 0.000 0.009 0.001 0.001 0.000 0.042 0.014 0.067 NewGC_pause3 159.719355 ]
[159.721s][info][safepoint] Application time: 0.0018534 seconds
[159.721s][info][safepoint] Total time for which application threads were stopped: 0.0001319 seconds, Stopping threads took: 0.0000005 seconds
[159.722s][info][gc       ] [SPS 0.000 0.004 0.003 0.007 0.001 0.001 0.000 0.096 0.028 0.132 NewGC_pause4 159.721340 ]
[159.723s][info][gc       ] [GC New Max 426-393 : 6356 4960 2854 6356 - - 1021 20 2 2 - : 2518 12 32 292 3662 : 2399 15 1248 1248 0 : 0 8 318 0 1204 - 55 : 0.061825 3235.0 0.0 0.291843 2234.1 0.0 : 8 --c 0000 : 23 0 0.000 0.000 0 0.000 0.000 0 0.000 0.000 : 159.430901 159.434151 0.000099 159.717823 0.000059 159.719288 0.000049 159.721208 0.000101 : 159.722745 ]
[159.723s][info][gc       ] [SYSINFO 8466 195 63 0 7920 0 16 0 0 6942 : - - - - - - - - : 0 7168 : 3.83 3.03 2.14 : 271935 4216756 : 0 0 : 36 0 : 2445 2 0 267 : - 8575602688 583921664 1103245312 7200940032 203833344 66772992 : 139899904 24782260 508090 0 0 0 : 159.723031 ]
[159.723s][info][gc       ] [HUGEPAGESTAT 0 0 0 - 83087 0 0 : 462848 0 0 : 159.723031 ]
[159.723s][info][gc       ] [OBJCREAT 492053286 25804 23662592 : 159.723082 ]
[159.723s][info][gc       ] [HMSV All : 0 0 150 0 0 0 0 0 : 6192 0 0 0 : 159.723098 ]
[159.723s][info][gc       ] [HMSP 60 : 51112 0 : 159.723098 ]
[159.724s][info][gc       ] [VMAC 65530 170 24 492 686 : 159.723595 ]
[159.945s][info][gc       ] [GPGC-H  3801.4 629.8 0.1 0.0 : 12.8 : 0.543 0.571 : 0.522 0.880 0.753 1.418 : 2.730 0.867 0.722 0.620 1.811 0.608 : 0.000 : 86.166 : 3244 12 32 0 : 2275 : 5720 5428 : 159.945185 : 9 Next_heuristic_check_may_be_too_late ]
[159.950s][info][safepoint] Application time: 0.2280539 seconds
[159.950s][info][safepoint] Total time for which application threads were stopped: 0.0003069 seconds, Stopping threads took: 0.0000004 seconds
[159.950s][info][gc       ] [SPS 0.000 0.003 0.005 0.006 0.000 0.001 0.000 0.257 0.042 0.307 NewGC_pause1 159.949702 ]
[160.227s][info][safepoint] Application time: 0.2771002 seconds
[160.227s][info][safepoint] Total time for which application threads were stopped: 0.0000704 seconds, Stopping threads took: 0.0000005 seconds
[160.228s][info][gc       ] [SPS 0.000 0.001 0.000 0.007 0.001 0.001 0.000 0.046 0.015 0.070 NewGC_pause2 160.226872 ]
[160.228s][info][safepoint] Application time: 0.0012827 seconds
[160.228s][info][safepoint] Total time for which application threads were stopped: 0.0000624 seconds, Stopping threads took: 0.0000004 seconds
[160.229s][info][gc       ] [SPS 0.000 0.001 0.000 0.007 0.000 0.001 0.000 0.039 0.015 0.062 NewGC_pause3 160.228217 ]
[160.230s][info][safepoint] Application time: 0.0018041 seconds
[160.230s][info][safepoint] Total time for which application threads were stopped: 0.0000723 seconds, Stopping threads took: 0.0000005 seconds
[160.230s][info][gc       ] [SPS 0.000 0.003 0.002 0.007 0.001 0.001 0.000 0.047 0.017 0.072 NewGC_pause4 160.230094 ]
[160.232s][info][gc       ] [GC New Max 427-394 : 6356 4380 3008 6356 - - 1021 20 2 2 - : 2672 12 32 292 4044 : 2553 15 1476 1476 0 : 0 8 395 0 1281 - 55 : 0.223055 3272.7 0.0 0.285716 2814.0 0.0 : 8 --c 0000 : 23 0 0.000 0.000 0 0.000 0.000 0 0.000 0.000 : 159.945800 159.949395 0.000225 160.226802 0.000050 160.228155 0.000043 160.230022 0.000051 : 160.231517 ]
[160.232s][info][gc       ] [SYSINFO 8466 195 63 0 7920 0 17 0 0 6942 : - - - - - - - - : 0 7168 : 3.83 3.03 2.14 : 271935 4216772 : 0 0 : 36 0 : 2445 2 0 267 : - 8575602688 583921664 1103245312 7200940032 203833344 66772992 : 139899904 24784940 508260 0 0 0 : 160.231781 ]
[160.232s][info][gc       ] [HUGEPAGESTAT 0 0 0 - 83087 0 0 : 462848 0 0 : 160.231781 ]
[160.232s][info][gc       ] [OBJCREAT 493574303 25804 23662592 : 160.231831 ]
[160.232s][info][gc       ] [HMSV All : 0 0 150 0 0 0 0 0 : 6192 0 0 0 : 160.231849 ]
[160.232s][info][gc       ] [HMSP 60 : 51112 0 : 160.231849 ]
[160.232s][info][gc       ] [VMAC 65530 170 24 492 686 : 160.232384 ]
[160.454s][info][gc       ] [GPGC-H  3801.4 629.8 0.1 0.0 : 12.8 : 0.542 0.571 : 0.522 0.880 0.753 1.418 : 2.727 0.867 0.722 0.620 1.811 0.608 : 0.000 : 85.990 : 3400 12 34 0 : 2275 : 5720 5428 : 160.453591 : 9 Next_heuristic_check_may_be_too_late ]
[160.458s][info][safepoint] Application time: 0.2280486 seconds
[160.459s][info][safepoint] Total time for which application threads were stopped: 0.0002511 seconds, Stopping threads took: 0.0000004 seconds
[160.459s][info][gc       ] [SPS 0.000 0.003 0.004 0.006 0.000 0.001 0.000 0.230 0.014 0.251 NewGC_pause1 160.458394 ]
[160.730s][info][safepoint] Application time: 0.2717155 seconds
[160.730s][info][safepoint] Total time for which application threads were stopped: 0.0000739 seconds, Stopping threads took: 0.0000005 seconds
[160.731s][info][gc       ] [SPS 0.000 0.003 0.000 0.007 0.000 0.001 0.000 0.050 0.015 0.074 NewGC_pause2 160.730183 ]
[160.731s][info][safepoint] Application time: 0.0008448 seconds
[160.731s][info][safepoint] Total time for which application threads were stopped: 0.0000615 seconds, Stopping threads took: 0.0000005 seconds
[160.731s][info][gc       ] [SPS 0.000 0.000 0.000 0.007 0.000 0.001 0.000 0.040 0.013 0.061 NewGC_pause3 160.731089 ]
[160.742s][info][safepoint] Application time: 0.0111804 seconds
[160.743s][info][safepoint] Total time for which application threads were stopped: 0.0001600 seconds, Stopping threads took: 0.0000005 seconds
[160.743s][info][gc       ] [SPS 0.000 0.004 0.005 0.007 0.001 0.001 0.000 0.113 0.038 0.160 NewGC_pause4 160.742430 ]
[161.066s][info][gc       ] [GC New Max 428-395 : 6356 4366 3752 6356 - - 1021 20 2 2 - : 2682 744 34 292 4028 : 2381 3 1634 1634 59 : 366 0 309 0 1341 - 0 : 0.222684 3278.2 9.0 0.611871 2562.6 0.0 : 8 --c 0000 : 23 0 0.000 0.000 0 0.000 0.000 0 0.000 0.000 : 160.454200 160.458143 0.000233 160.730109 0.000054 160.731028 0.000043 160.742270 0.000062 : 161.066071 ]
[161.066s][info][gc       ] [SYSINFO 8466 195 63 0 7920 0 17 0 0 6942 : - - - - - - - - : 0 7168 : 3.83 3.03 2.14 : 271935 4216772 : 0 0 : 36 0 : 2445 2 0 267 : - 8575602688 583921664 1103245312 7200940032 203833344 66772992 : 139899904 24789390 508560 0 0 0 : 161.066312 ]
[161.066s][info][gc       ] [HUGEPAGESTAT 0 0 0 - 83087 0 0 : 462848 0 0 : 161.066312 ]
[161.066s][info][gc       ] [OBJCREAT 495851687 25804 24371200 : 161.066355 ]
[161.066s][info][gc       ] [HMSV All : 0 0 150 0 0 0 0 0 : 6192 0 0 0 : 161.066371 ]
[161.066s][info][gc       ] [HMSP 60 : 51112 0 : 161.066371 ]
[161.067s][info][gc       ] [VMAC 65530 170 24 492 686 : 161.066875 ]
[161.067s][info][gc       ] [GPGC-H  3801.4 621.2 0.1 0.0 : 12.4 : 0.541 0.571 : 0.522 0.880 0.753 1.418 : 2.727 0.867 0.722 0.620 1.811 0.608 : 0.000 : 85.869 : 2686 744 34 0 : 2275 : 5720 5428 : 161.066873 : 9 Next_heuristic_check_may_be_too_late ]
[161.070s][info][safepoint] Application time: 0.3276421 seconds
[161.070s][info][safepoint] Total time for which application threads were stopped: 0.0001620 seconds, Stopping threads took: 0.0000047 seconds
[161.071s][info][gc       ] [SPS 0.001 0.003 0.007 0.006 0.005 0.001 0.001 0.135 0.015 0.162 NewGC_pause1 161.070234 ]
[161.273s][info][safepoint] Application time: 0.2024328 seconds
[161.273s][info][safepoint] Total time for which application threads were stopped: 0.0000889 seconds, Stopping threads took: 0.0000005 seconds
[161.273s][info][gc       ] [SPS 0.000 0.002 0.000 0.007 0.001 0.001 0.000 0.056 0.024 0.089 NewGC_pause2 161.272757 ]
[161.274s][info][safepoint] Application time: 0.0013731 seconds
[161.274s][info][safepoint] Total time for which application threads were stopped: 0.0000829 seconds, Stopping threads took: 0.0000005 seconds
[161.275s][info][gc       ] [SPS 0.000 0.001 0.000 0.007 0.000 0.001 0.000 0.054 0.020 0.083 NewGC_pause3 161.274212 ]
[161.286s][info][safepoint] Application time: 0.0120200 seconds
[161.287s][info][safepoint] Total time for which application threads were stopped: 0.0000766 seconds, Stopping threads took: 0.0000004 seconds
[161.287s][info][gc       ] [SPS 0.000 0.004 0.008 0.007 0.000 0.001 0.000 0.051 0.017 0.076 NewGC_pause4 161.286309 ]
[161.449s][info][gc       ] [GC New Max 429-396 : 6356 4396 3156 6356 - - 1021 20 2 2 - : 1488 1342 34 292 3326 : 1696 3 1630 1630 18 : 299 0 317 0 744 - 0 : 0.000993 4029.4 0.0 0.381774 2629.8 0.0 : 8 --c 0000 : 23 0 0.000 0.000 0 0.000 0.000 0 0.000 0.000 : 161.067064 161.070072 0.000142 161.272667 0.000051 161.274129 0.000049 161.286233 0.000055 : 161.448838 ]
[161.449s][info][gc       ] [SYSINFO 8466 195 63 0 7920 0 17 0 0 6942 : - - - - - - - - : 0 7168 : 3.83 3.03 2.14 : 271935 4216772 : 0 0 : 36 0 : 2445 2 0 267 : - 8575602688 583921664 1103245312 7200940032 203833344 66772992 : 139899904 24792780 508720 0 0 0 : 161.449129 ]
[161.449s][info][gc       ] [HUGEPAGESTAT 0 0 0 - 83087 0 0 : 462848 0 0 : 161.449129 ]
[161.449s][info][gc       ] [OBJCREAT 496848065 25804 24983552 : 161.449185 ]
[161.449s][info][gc       ] [HMSV All : 0 0 150 0 0 0 0 0 : 6192 0 0 0 : 161.449210 ]
[161.449s][info][gc       ] [HMSP 60 : 51112 0 : 161.449210 ]
[161.450s][info][gc       ] [VMAC 65530 170 24 492 686 : 161.449842 ]
[161.590s][info][gc       ] [GPGC-H  3801.4 621.2 0.1 0.0 : 12.4 : 0.539 0.571 : 0.522 0.880 0.753 1.418 : 2.847 0.867 0.722 0.620 1.811 0.608 : 0.000 : 99.741 : 2056 1342 34 0 : 2275 : 5720 5428 : 161.590293 : 17 Old_headroom_use_may_exceed_trigger ]
[161.596s][info][safepoint] Application time: 0.3092257 seconds
[161.596s][info][safepoint] Total time for which application threads were stopped: 0.0004547 seconds, Stopping threads took: 0.0000004 seconds
[161.596s][info][gc       ] [SPS 0.000 0.001 0.003 0.006 0.000 0.001 0.000 0.418 0.029 0.455 NewGC_pause1 161.595990 ]
[161.826s][info][safepoint] Application time: 0.2294694 seconds
[161.826s][info][safepoint] Total time for which application threads were stopped: 0.0000762 seconds, Stopping threads took: 0.0000005 seconds
[161.826s][info][gc       ] [SPS 0.000 0.001 0.000 0.008 0.000 0.001 0.000 0.050 0.016 0.076 NewGC_pause2 161.825535 ]
[161.827s][info][safepoint] Application time: 0.0011876 seconds
[161.827s][info][safepoint] Total time for which application threads were stopped: 0.0000673 seconds, Stopping threads took: 0.0000005 seconds
[161.827s][info][gc       ] [SPS 0.000 0.001 0.000 0.007 0.000 0.001 0.000 0.043 0.015 0.067 NewGC_pause3 161.826790 ]
[161.845s][info][safepoint] Application time: 0.0181138 seconds
[161.846s][info][safepoint] Total time for which application threads were stopped: 0.0000820 seconds, Stopping threads took: 0.0000005 seconds
[161.846s][info][gc       ] [SPS 0.000 0.053 0.010 0.007 0.001 0.001 0.000 0.053 0.020 0.082 NewGC_pause4 161.844986 ]
[161.986s][info][gc       ] [GC NTO Max 430-397 : 6356 4222 2896 6356 - - 1021 20 2 2 - : 828 1742 34 292 2554 : 958 4 1593 1593 0 : 200 0 243 0 414 - 0 : 0.141975 4014.8 0.0 0.394484 1906.3 0.0 : 8 --c 0000 : 23 0 0.000 0.000 0 0.000 0.000 0 0.000 0.000 : 161.590814 161.595535 0.000310 161.825459 0.000055 161.826723 0.000048 161.844904 0.000058 : 161.985298 ]
[161.986s][info][gc       ] [SYSINFO 8466 195 63 0 7920 0 17 0 0 6942 : - - - - - - - - : 0 7168 : 3.83 3.03 2.14 : 271935 4216772 : 0 0 : 36 0 : 2445 6 0 267 : - 8575602688 583921664 1103245312 7200940032 203833344 66772992 : 139899904 24797940 508900 0 0 0 : 161.985751 ]
[161.986s][info][gc       ] [HUGEPAGESTAT 0 0 0 - 83087 0 0 : 479232 0 0 : 161.985751 ]
[161.986s][info][gc       ] [OBJCREAT 498158982 25868 25350144 : 161.985849 ]
[161.986s][info][gc       ] [HMSV All : 0 0 150 0 0 0 0 0 : 6192 0 0 0 : 161.985872 ]
[161.986s][info][gc       ] [HMSP 60 : 51112 0 : 161.985872 ]
[161.987s][info][safepoint] Application time: 0.1411455 seconds
[161.987s][info][safepoint] Total time for which application threads were stopped: 0.0007043 seconds, Stopping threads took: 0.0000006 seconds
[161.987s][info][gc       ] [VMAC 65530 170 24 492 686 : 161.986886 ]
[161.987s][info][gc       ] [SPS 0.000 0.001 0.000 0.009 0.001 0.001 0.000 0.663 0.031 0.704 OldGC_pause2 161.986836 ]
[161.990s][info][safepoint] Application time: 0.0027315 seconds
[161.990s][info][safepoint] Total time for which application threads were stopped: 0.0000726 seconds, Stopping threads took: 0.0000005 seconds
[161.990s][info][gc       ] [SPS 0.000 0.001 0.000 0.007 0.000 0.001 0.000 0.047 0.016 0.073 OldGC_pause3 161.989640 ]
[161.995s][info][safepoint] Application time: 0.0055324 seconds
[161.995s][info][safepoint] Total time for which application threads were stopped: 0.0000886 seconds, Stopping threads took: 0.0000006 seconds
[161.996s][info][gc       ] [SPS 0.000 0.003 0.003 0.008 0.001 0.001 0.000 0.059 0.020 0.089 OldGC_pause4 161.995261 ]
[161.999s][info][gc       ] [GC Old Max 431-34 : 6356 4396 2912 6356 - - 1021 20 2 2 - : 860 1726 34 292 1792 : 1738 31 0 0 0 : 0 15 200 2 825 - 55 : 2.219961 581.1 0.9 0.405841 882.1 0.0 : 4 --c 0000 : 23   -    -    -    -    -    -    -    -    -  : 161.592487 161.595535 0.000310 161.986132 0.000666 161.989568 0.000051 161.995173 0.000062 : 161.998327 ]
[161.999s][info][gc       ] [SYSINFO 8466 195 63 0 7920 0 17 0 0 6942 : - - - - - - - - : 0 7168 : 3.83 3.03 2.14 : 271935 4216772 : 0 0 : 36 0 : 2445 2 0 267 : - 8575602688 583921664 1103245312 7200940032 203833344 66772992 : 139899904 24797950 508900 0 0 0 : 161.998650 ]
[161.999s][info][gc       ] [HUGEPAGESTAT 0 0 0 - 83087 0 0 : 479232 0 0 : 161.998650 ]
[161.999s][info][gc       ] [OBJCREAT 498190697 25868 25350144 : 161.998706 ]
[161.999s][info][gc       ] [HMSV All : 0 0 150 0 0 0 0 0 : 6192 0 0 0 : 161.998728 ]
[161.999s][info][gc       ] [HMSP 60 : 51112 0 : 161.998728 ]
[161.999s][info][gc       ] [COMPSTATS 1 : 5 0 : 1 0 : 0 0 : 531 5 0 0 0 0 : 0 0 0 0 0 0 : 136 137 15 : 536 0 0 0 0 0 0 : 536 0 0 0 0 0 0 ]
[161.999s][info][gc       ] [COMPSTATS 2 : 5 0 : 1 0 : 0 0 : 129 11 0 0 0 0 : 0 0 0 0 0 0 : 48891 48995 9410 : 69 45 26 0 0 0 0 : 32 86 17 4 1 0 0 ]
[161.999s][info][gc       ] [DEOPTSTATS 1 : 1 0 : 0 0 : 0 0 : 0 0 : 0 12 : 0 0 : 0 0 : 0 0 : 0 0 : 0 0 : 0 0 : 0 0 : 0 0 : 0 0 : 0 0 : 0 0 : 0 0 : 0 0 : 0 0 : 0 0 : 0 0 : 0 0 : 0 0 : 0 0 : 0 0 : 0 0 : 0 0 : 0 0 : 0 0 : 0 0 : 6 0 : 0 0 : 0 0 : 0 0 : 0 0 : 0 0 : 0 0 : 0 0 : 0 0 : 0 0 : 0 0 : 0 0 ]
[161.999s][info][gc       ] [DEOPTSTATS 2 : 0 0 : 0 0 : 0 0 : 0 0 : 0 0 : 0 0 : 0 11 : 0 0 : 0 0 : 0 0 : 0 0 : 0 0 : 0 0 : 0 0 : 0 0 : 0 0 : 0 0 : 0 0 : 0 0 : 0 0 : 0 0 : 0 0 : 0 0 : 0 0 : 0 0 : 0 0 : 0 0 : 0 0 : 0 0 : 0 0 : 5 0 : 0 0 : 0 0 : 0 0 : 0 1 : 0 0 : 0 0 : 0 0 : 0 0 : 0 3 : 0 0 : 0 0 ]
[161.999s][info][gc       ] [CCF 0 0 0 0 32 181248: 3084288 : 380 196608 : 3 49152 : 317 311808 :  524 646656 : 120 416256 : 0 0 : 15 1228800 : 1 2048]
[161.999s][info][gc       ] [VMAC 65530 170 24 492 686 : 161.999323 ]
[162.208s][info][gc       ] [GPGC-H  3772.5 621.2 0.1 0.0 : 12.4 : 0.538 0.566 : 0.522 0.888 0.753 1.418 : 2.846 0.867 0.722 0.620 1.811 0.608 : 0.000 : 99.579 : 1534 1726 34 0 : 2275 : 5720 5428 : 162.208024 : 9 Next_heuristic_check_may_be_too_late ]
[162.211s][info][safepoint] Application time: 0.2156825 seconds
[162.212s][info][safepoint] Total time for which application threads were stopped: 0.0002700 seconds, Stopping threads took: 0.0000004 seconds
[162.212s][info][gc       ] [SPS 0.001 0.004 0.003 0.025 0.000 0.001 0.000 0.227 0.016 0.270 NewGC_pause1 162.211214 ]
[162.328s][info][safepoint] Application time: 0.1169359 seconds
[162.329s][info][safepoint] Total time for which application threads were stopped: 0.0001205 seconds, Stopping threads took: 0.0000005 seconds
[162.329s][info][gc       ] [SPS 0.000 0.001 0.000 0.007 0.000 0.001 0.000 0.097 0.014 0.120 NewGC_pause2 162.328270 ]
[162.330s][info][safepoint] Application time: 0.0011995 seconds
[162.330s][info][safepoint] Total time for which application threads were stopped: 0.0000612 seconds, Stopping threads took: 0.0000005 seconds
[162.330s][info][gc       ] [SPS 0.000 0.000 0.000 0.007 0.000 0.001 0.000 0.039 0.014 0.061 NewGC_pause3 162.329531 ]
[162.339s][info][safepoint] Application time: 0.0092051 seconds
[162.339s][info][safepoint] Total time for which application threads were stopped: 0.0000905 seconds, Stopping threads took: 0.0000005 seconds
[162.339s][info][gc       ] [SPS 0.000 0.004 0.009 0.008 0.001 0.001 0.000 0.058 0.023 0.091 NewGC_pause4 162.338827 ]
[162.373s][info][gc       ] [GC New Max 432-398 : 6356 3862 2506 6356 - - 1021 20 2 2 - : 370 1810 34 292 1810 : 353 4 1454 1454 0 : 42 1 135 0 185 - 0 : 0.223267 3171.1 0.0 0.164010 2268.2 0.0 : 8 --c 0000 : 23 0 0.000 0.000 0 0.000 0.000 0 0.000 0.000 : 162.208564 162.210944 0.000245 162.328150 0.000101 162.329470 0.000043 162.338737 0.000057 : 162.372574 ]
[162.373s][info][gc       ] [SYSINFO 8466 195 63 0 7920 0 17 0 0 6942 : - - - - - - - - : 0 7168 : 3.68 3.01 2.14 : 271935 4216772 : 0 0 : 36 0 : 2445 2 0 267 : - 8575602688 583921664 1103245312 7200940032 203833344 66772992 : 139899904 24799530 508980 0 0 0 : 162.372846 ]
[162.373s][info][gc       ] [HUGEPAGESTAT 0 0 0 - 83087 0 0 : 479232 0 0 : 162.372846 ]
[162.373s][info][gc       ] [OBJCREAT 499228085 25868 25436160 : 162.372898 ]
[162.373s][info][gc       ] [HMSV All : 0 0 150 0 0 0 0 0 : 6192 0 0 0 : 162.372917 ]
[162.373s][info][gc       ] [HMSP 60 : 51112 0 : 162.372917 ]
[162.373s][info][gc       ] [VMAC 65530 170 24 492 686 : 162.373464 ]
[162.615s][info][gc       ] [GPGC-H  3772.5 621.2 0.1 0.0 : 12.4 : 0.536 0.566 : 0.522 0.888 0.753 1.418 : 2.844 0.867 0.722 0.620 1.811 0.608 : 0.000 : 99.323 : 1192 1810 34 0 : 2275 : 5720 5428 : 162.615145 : 9 Next_heuristic_check_may_be_too_late ]
[162.618s][info][safepoint] Application time: 0.2791316 seconds
[162.619s][info][safepoint] Total time for which application threads were stopped: 0.0002738 seconds, Stopping threads took: 0.0000004 seconds
[162.619s][info][gc       ] [SPS 0.000 0.004 0.003 0.006 0.000 0.001 0.000 0.225 0.041 0.274 NewGC_pause1 162.618233 ]
[162.692s][info][safepoint] Application time: 0.0740539 seconds
[162.693s][info][safepoint] Total time for which application threads were stopped: 0.0000696 seconds, Stopping threads took: 0.0000005 seconds
[162.693s][info][gc       ] [SPS 0.000 0.001 0.000 0.007 0.000 0.001 0.000 0.045 0.016 0.070 NewGC_pause2 162.692356 ]
[162.694s][info][safepoint] Application time: 0.0010955 seconds
[162.694s][info][safepoint] Total time for which application threads were stopped: 0.0000675 seconds, Stopping threads took: 0.0000005 seconds
[162.694s][info][gc       ] [SPS 0.000 0.001 0.000 0.007 0.000 0.001 0.000 0.043 0.016 0.068 NewGC_pause3 162.693520 ]
[162.695s][info][safepoint] Application time: 0.0013313 seconds
[162.695s][info][safepoint] Total time for which application threads were stopped: 0.0000746 seconds, Stopping threads took: 0.0000005 seconds
[162.695s][info][gc       ] [SPS 0.000 0.003 0.002 0.007 0.001 0.001 0.000 0.049 0.017 0.075 NewGC_pause4 162.694926 ]
[162.696s][info][gc       ] [GC New Max 433-399 : 6356 3530 2336 6356 - - 1021 20 2 2 - : 200 1810 34 292 1394 : 196 4 1199 1199 0 : 0 1 98 0 100 - 0 : 0.243088 3389.7 0.0 0.079664 2560.8 0.0 : 8 --c 0000 : 23 0 0.000 0.000 0 0.000 0.000 0 0.000 0.000 : 162.615662 162.617959 0.000188 162.692287 0.000047 162.693452 0.000045 162.694851 0.000053 : 162.695326 ]
[162.696s][info][gc       ] [SYSINFO 8466 195 63 0 7920 0 17 0 0 6942 : - - - - - - - - : 0 7168 : 3.68 3.01 2.14 : 271935 4216772 : 0 0 : 36 0 : 2445 2 0 267 : - 8575602688 583921664 1103245312 7200940032 203833344 66772992 : 139899904 24800450 509090 0 0 0 : 162.695574 ]
[162.696s][info][gc       ] [HUGEPAGESTAT 0 0 0 - 83087 0 0 : 479232 0 0 : 162.695574 ]
[162.696s][info][gc       ] [OBJCREAT 500244351 25868 25436160 : 162.695636 ]
[162.696s][info][gc       ] [HMSV All : 0 0 150 0 0 0 0 0 : 6192 0 0 0 : 162.695652 ]
[162.696s][info][gc       ] [HMSP 60 : 51112 0 : 162.695652 ]
[162.696s][info][gc       ] [VMAC 65530 170 24 492 686 : 162.696192 ]
[162.938s][info][gc       ] [GPGC-H  3772.5 621.2 0.1 0.0 : 12.4 : 0.535 0.566 : 0.522 0.888 0.753 1.418 : 2.841 0.867 0.722 0.620 1.811 0.608 : 0.000 : 99.046 : 1072 1810 34 0 : 2275 : 5720 5428 : 162.937744 : 9 Next_heuristic_check_may_be_too_late ]
[162.941s][info][safepoint] Application time: 0.2454457 seconds
[162.941s][info][safepoint] Total time for which application threads were stopped: 0.0003103 seconds, Stopping threads took: 0.0000008 seconds
[162.941s][info][gc       ] [SPS 0.000 0.004 0.004 0.011 0.001 0.001 0.001 0.275 0.036 0.326 NewGC_pause1 162.940697 ]
[162.991s][info][safepoint] Application time: 0.0500700 seconds
[162.991s][info][safepoint] Total time for which application threads were stopped: 0.0000873 seconds, Stopping threads took: 0.0000004 seconds
[162.991s][info][gc       ] [SPS 0.000 0.002 0.000 0.006 0.000 0.001 0.000 0.051 0.029 0.087 NewGC_pause2 162.990839 ]
[162.992s][info][safepoint] Application time: 0.0008660 seconds
[162.992s][info][safepoint] Total time for which application threads were stopped: 0.0000861 seconds, Stopping threads took: 0.0000004 seconds
[162.992s][info][gc       ] [SPS 0.000 0.001 0.000 0.006 0.000 0.001 0.000 0.048 0.030 0.086 NewGC_pause3 162.991791 ]
[162.993s][info][safepoint] Application time: 0.0010814 seconds
[162.993s][info][safepoint] Total time for which application threads were stopped: 0.0000602 seconds, Stopping threads took: 0.0000004 seconds
[162.993s][info][gc       ] [SPS 0.000 0.003 0.002 0.006 0.000 0.001 0.000 0.039 0.014 0.060 NewGC_pause4 162.992933 ]
[162.993s][info][gc       ] [GC New Max 434-400 : 6356 3348 2274 6356 - - 1021 20 2 2 - : 138 1810 34 292 1212 : 134 4 1078 1078 0 : 0 1 67 0 69 - 0 : 0.242975 3597.1 0.0 0.054964 2583.5 0.0 : 8 --c 0000 : 23 0 0.000 0.000 0 0.000 0.000 0 0.000 0.000 : 162.938300 162.940372 0.000235 162.990752 0.000048 162.991705 0.000041 162.992873 0.000043 : 162.993265 ]
[162.994s][info][gc       ] [SYSINFO 8466 195 63 0 7920 0 17 0 0 6942 : - - - - - - - - : 0 7168 : 3.68 3.01 2.14 : 271935 4216772 : 0 0 : 36 0 : 2445 2 0 267 : - 8575602688 583921664 1103245312 7200940032 203833344 66772992 : 139899904 24801090 509110 0 0 0 : 162.993476 ]
[162.994s][info][gc       ] [HUGEPAGESTAT 0 0 0 - 83087 0 0 : 479232 0 0 : 162.993476 ]
[162.994s][info][gc       ] [OBJCREAT 501250317 25868 25436160 : 162.993515 ]
[162.994s][info][gc       ] [HMSV All : 0 0 150 0 0 0 0 0 : 6192 0 0 0 : 162.993530 ]
[162.994s][info][gc       ] [HMSP 60 : 51112 0 : 162.993530 ]
[162.994s][info][gc       ] [VMAC 65530 170 24 492 686 : 162.993992 ]
[163.255s][info][gc       ] [GPGC-H  3772.5 618.8 0.1 0.0 : 12.1 : 0.533 0.566 : 0.522 0.888 0.753 1.418 : 2.837 0.867 0.722 0.620 1.811 0.608 : 0.000 : 98.769 : 1060 1810 34 0 : 2275 : 5720 5428 : 163.255227 : 9 Next_heuristic_check_may_be_too_late ]
[163.257s][info][safepoint] Application time: 0.2642816 seconds
[163.258s][info][safepoint] Total time for which application threads were stopped: 0.0001398 seconds, Stopping threads took: 0.0000004 seconds
[163.258s][info][gc       ] [SPS 0.000 0.004 0.008 0.006 0.000 0.001 0.000 0.118 0.014 0.140 NewGC_pause1 163.257355 ]
[163.311s][info][safepoint] Application time: 0.0534697 seconds
[163.311s][info][safepoint] Total time for which application threads were stopped: 0.0001729 seconds, Stopping threads took: 0.0000005 seconds
[163.312s][info][gc       ] [SPS 0.000 0.001 0.000 0.023 0.000 0.001 0.000 0.104 0.045 0.173 NewGC_pause2 163.310998 ]
[163.313s][info][safepoint] Application time: 0.0016378 seconds
[163.313s][info][safepoint] Total time for which application threads were stopped: 0.0000663 seconds, Stopping threads took: 0.0000004 seconds
[163.313s][info][gc       ] [SPS 0.000 0.001 0.000 0.006 0.000 0.001 0.000 0.043 0.016 0.066 NewGC_pause3 163.312702 ]
[163.314s][info][safepoint] Application time: 0.0011735 seconds
[163.314s][info][safepoint] Total time for which application threads were stopped: 0.0001443 seconds, Stopping threads took: 0.0000005 seconds
[163.314s][info][gc       ] [SPS 0.000 0.003 0.002 0.006 0.001 0.001 0.000 0.113 0.024 0.144 NewGC_pause4 163.314020 ]
[163.315s][info][gc       ] [GC New Max 435-401 : 6356 3362 2300 6356 - - 1021 20 2 2 - : 164 1810 34 292 1226 : 162 2 1064 1064 0 : 0 0 81 0 82 - 0 : 0.262241 3515.9 0.0 0.058829 2855.7 0.0 : 8 --c 0000 : 23 0 0.000 0.000 0 0.000 0.000 0 0.000 0.000 : 163.255506 163.257215 0.000122 163.310824 0.000078 163.312635 0.000045 163.313875 0.000049 : 163.314335 ]
[163.315s][info][gc       ] [SYSINFO 8466 195 63 0 7920 0 17 0 0 6942 : - - - - - - - - : 0 7168 : 3.68 3.01 2.14 : 271935 4216772 : 0 0 : 36 0 : 2445 2 0 267 : - 8575602688 583921664 1103245312 7200940032 203833344 66772992 : 139899904 24801810 509160 0 0 0 : 163.314586 ]
[163.315s][info][gc       ] [HUGEPAGESTAT 0 0 0 - 83087 0 0 : 479232 0 0 : 163.314586 ]
[163.315s][info][gc       ] [OBJCREAT 502332418 25868 25436160 : 163.314631 ]
[163.315s][info][gc       ] [HMSV All : 0 0 150 0 0 0 0 0 : 6192 0 0 0 : 163.314649 ]
[163.315s][info][gc       ] [HMSP 60 : 51112 0 : 163.314649 ]
[163.315s][info][gc       ] [VMAC 65530 170 24 492 686 : 163.315118 ]
[163.557s][info][gc       ] [GPGC-H  3772.5 618.8 0.1 0.0 : 12.1 : 0.531 0.566 : 0.522 0.888 0.753 1.418 : 2.830 0.867 0.722 0.620 1.811 0.608 : 0.000 : 98.471 : 1076 1810 34 0 : 2275 : 5720 5428 : 163.556611 : 9 Next_heuristic_check_may_be_too_late ]
[163.560s][info][safepoint] Application time: 0.2451731 seconds
[163.560s][info][safepoint] Total time for which application threads were stopped: 0.0004040 seconds, Stopping threads took: 0.0000004 seconds
[163.560s][info][gc       ] [SPS 0.000 0.003 0.002 0.006 0.000 0.001 0.000 0.376 0.021 0.404 NewGC_pause1 163.559597 ]
[163.606s][info][safepoint] Application time: 0.0462669 seconds
[163.606s][info][safepoint] Total time for which application threads were stopped: 0.0001509 seconds, Stopping threads took: 0.0000004 seconds
[163.607s][info][gc       ] [SPS 0.000 0.001 0.000 0.005 0.000 0.001 0.000 0.126 0.018 0.151 NewGC_pause2 163.606015 ]
[163.607s][info][safepoint] Application time: 0.0012922 seconds
[163.608s][info][safepoint] Total time for which application threads were stopped: 0.0000503 seconds, Stopping threads took: 0.0000004 seconds
[163.608s][info][gc       ] [SPS 0.000 0.000 0.000 0.005 0.000 0.001 0.000 0.032 0.011 0.050 NewGC_pause3 163.607357 ]
[163.609s][info][safepoint] Application time: 0.0012912 seconds
[163.609s][info][safepoint] Total time for which application threads were stopped: 0.0000825 seconds, Stopping threads took: 0.0000005 seconds
[163.609s][info][gc       ] [SPS 0.000 0.002 0.002 0.012 0.001 0.001 0.000 0.057 0.013 0.082 NewGC_pause4 163.608731 ]
[163.609s][info][gc       ] [GC New Max 436-402 : 6356 3372 2294 6356 - - 1021 20 2 2 - : 158 1810 34 292 1236 : 154 4 1081 1081 0 : 0 1 77 0 79 - 0 : 0.242911 3762.7 0.0 0.051852 3085.7 0.0 : 8 --c 0000 : 23 0 0.000 0.000 0 0.000 0.000 0 0.000 0.000 : 163.557246 163.559193 0.000342 163.605864 0.000085 163.607307 0.000035 163.608649 0.000066 : 163.609098 ]
[163.609s][info][gc       ] [SYSINFO 8466 195 63 0 7920 0 17 0 0 6942 : - - - - - - - - : 0 7168 : 3.68 3.01 2.14 : 271935 4216772 : 0 0 : 36 0 : 2445 2 0 267 : - 8575602688 583921664 1103245312 7200940032 203833344 66772992 : 139899904 24802400 509170 0 0 0 : 163.609353 ]
[163.609s][info][gc       ] [HUGEPAGESTAT 0 0 0 - 83087 0 0 : 479232 0 0 : 163.609353 ]
[163.609s][info][gc       ] [OBJCREAT 503396688 25868 25436160 : 163.609396 ]
[163.609s][info][gc       ] [HMSV All : 0 0 150 0 0 0 0 0 : 6192 0 0 0 : 163.609409 ]
[163.609s][info][gc       ] [HMSP 60 : 51112 0 : 163.609409 ]
[163.610s][info][gc       ] [VMAC 65530 170 24 492 686 : 163.609804 ]
[163.851s][info][gc       ] [GPGC-H  3772.5 618.8 0.1 0.0 : 12.1 : 0.529 0.566 : 0.522 0.888 0.753 1.418 : 2.822 0.867 0.722 0.620 1.811 0.608 : 0.000 : 98.196 : 1050 1810 34 0 : 2275 : 5720 5428 : 163.850860 : 9 Next_heuristic_check_may_be_too_late ]
[163.853s][info][safepoint] Application time: 0.2445131 seconds
[163.854s][info][safepoint] Total time for which application threads were stopped: 0.0002499 seconds, Stopping threads took: 0.0000005 seconds
[163.854s][info][gc       ] [SPS 0.000 0.004 0.003 0.007 0.001 0.001 0.000 0.220 0.021 0.250 NewGC_pause1 163.853495 ]
[163.902s][info][safepoint] Application time: 0.0479649 seconds
[163.902s][info][safepoint] Total time for which application threads were stopped: 0.0001276 seconds, Stopping threads took: 0.0000004 seconds
[163.902s][info][gc       ] [SPS 0.000 0.001 0.000 0.006 0.000 0.001 0.001 0.099 0.021 0.127 NewGC_pause2 163.901587 ]
[163.903s][info][safepoint] Application time: 0.0014028 seconds
[163.903s][info][safepoint] Total time for which application threads were stopped: 0.0001171 seconds, Stopping threads took: 0.0000005 seconds
[163.903s][info][gc       ] [SPS 0.000 0.000 0.000 0.006 0.000 0.001 0.000 0.091 0.019 0.117 NewGC_pause3 163.903107 ]
[163.905s][info][safepoint] Application time: 0.0013672 seconds
[163.905s][info][safepoint] Total time for which application threads were stopped: 0.0000872 seconds, Stopping threads took: 0.0000004 seconds
[163.905s][info][gc       ] [SPS 0.000 0.002 0.002 0.006 0.000 0.001 0.000 0.062 0.018 0.087 NewGC_pause4 163.904561 ]
[163.905s][info][gc       ] [GC New Max 437-403 : 6356 3328 2278 6356 - - 1021 20 2 2 - : 142 1810 34 292 1192 : 138 4 1055 1055 0 : 0 1 69 0 71 - 0 : 0.242278 3690.0 0.0 0.053539 2689.6 0.0 : 8 --c 0000 : 23 0 0.000 0.000 0 0.000 0.000 0 0.000 0.000 : 163.851376 163.853245 0.000185 163.901460 0.000103 163.902990 0.000095 163.904474 0.000065 : 163.904915 ]
[163.905s][info][gc       ] [SYSINFO 8466 195 63 0 7920 0 17 0 0 6942 : - - - - - - - - : 0 7168 : 3.68 3.01 2.14 : 271935 4216772 : 0 0 : 36 0 : 2445 2 0 267 : - 8575602688 583921664 1103245312 7200940032 203833344 66772992 : 139899904 24803040 509170 0 0 0 : 163.905147 ]
[163.905s][info][gc       ] [HUGEPAGESTAT 0 0 0 - 83087 0 0 : 479232 0 0 : 163.905147 ]
[163.905s][info][gc       ] [OBJCREAT 504424932 25868 25436160 : 163.905189 ]
[163.905s][info][gc       ] [HMSV All : 0 0 150 0 0 0 0 0 : 6192 0 0 0 : 163.905203 ]
[163.905s][info][gc       ] [HMSP 60 : 51112 0 : 163.905203 ]
[163.906s][info][gc       ] [VMAC 65530 170 24 492 686 : 163.905637 ]
[164.147s][info][gc       ] [GPGC-H  3759.6 618.8 0.1 0.0 : 12.1 : 0.528 0.566 : 0.522 0.888 0.753 1.418 : 2.814 0.867 0.722 0.620 1.811 0.608 : 0.000 : 97.923 : 1042 1810 34 0 : 2275 : 5720 5428 : 164.146924 : 9 Next_heuristic_check_may_be_too_late ]
[164.151s][info][safepoint] Application time: 0.2457931 seconds
[164.151s][info][safepoint] Total time for which application threads were stopped: 0.0002689 seconds, Stopping threads took: 0.0000004 seconds
[164.151s][info][gc       ] [SPS 0.000 0.018 0.026 0.010 0.000 0.001 0.001 0.239 0.018 0.269 NewGC_pause1 164.150624 ]
[164.215s][info][safepoint] Application time: 0.0637718 seconds
[164.215s][info][safepoint] Total time for which application threads were stopped: 0.0001156 seconds, Stopping threads took: 0.0000005 seconds
[164.215s][info][gc       ] [SPS 0.000 0.002 0.000 0.008 0.000 0.002 0.001 0.089 0.015 0.115 NewGC_pause2 164.214511 ]
[164.216s][info][safepoint] Application time: 0.0012081 seconds
[164.216s][info][safepoint] Total time for which application threads were stopped: 0.0001133 seconds, Stopping threads took: 0.0000005 seconds
[164.216s][info][gc       ] [SPS 0.000 0.001 0.000 0.008 0.001 0.001 0.001 0.088 0.015 0.113 NewGC_pause3 164.215833 ]
[164.217s][info][safepoint] Application time: 0.0014781 seconds
[164.218s][info][safepoint] Total time for which application threads were stopped: 0.0001244 seconds, Stopping threads took: 0.0000004 seconds
[164.218s][info][gc       ] [SPS 0.000 0.005 0.002 0.006 0.000 0.001 0.000 0.103 0.014 0.124 NewGC_pause4 164.217435 ]
[164.218s][info][gc       ] [GC New Max 438-404 : 6356 3368 2324 6356 - - 1021 20 2 2 - : 188 1810 34 292 1232 : 184 4 1047 1047 0 : 0 1 92 0 94 - 0 : 0.242542 3718.9 0.0 0.070383 2699.5 0.0 : 8 --c 0000 : 23 0 0.000 0.000 0 0.000 0.000 0 0.000 0.000 : 164.147457 164.150355 0.000247 164.214396 0.000095 164.215719 0.000094 164.217311 0.000106 : 164.217840 ]
[164.218s][info][gc       ] [SYSINFO 8466 195 63 0 7920 0 17 0 0 6942 : - - - - - - - - : 0 7168 : 3.68 3.01 2.14 : 271935 4216772 : 0 0 : 36 0 : 2445 2 0 267 : - 8575602688 583921664 1103245312 7200940032 203833344 66772992 : 139899904 24803840 509170 0 0 0 : 164.218145 ]
[164.218s][info][gc       ] [HUGEPAGESTAT 0 0 0 - 83087 0 0 : 479232 0 0 : 164.218145 ]
[164.218s][info][gc       ] [OBJCREAT 505506687 25868 25436160 : 164.218195 ]
[164.218s][info][gc       ] [HMSV All : 0 0 150 0 0 0 0 0 : 6192 0 0 0 : 164.218210 ]
[164.218s][info][gc       ] [HMSP 60 : 51112 0 : 164.218210 ]
[164.219s][info][gc       ] [VMAC 65530 170 24 492 686 : 164.218656 ]
[164.480s][info][gc       ] [GPGC-H  3759.6 618.8 0.1 0.0 : 12.1 : 0.526 0.566 : 0.522 0.888 0.753 1.418 : 2.805 0.867 0.722 0.620 1.811 0.608 : 0.000 : 97.650 : 1108 1810 34 0 : 2275 : 5720 5428 : 164.480348 : 9 Next_heuristic_check_may_be_too_late ]
[164.483s][info][safepoint] Application time: 0.2655248 seconds
[164.483s][info][safepoint] Total time for which application threads were stopped: 0.0001377 seconds, Stopping threads took: 0.0000005 seconds
[164.484s][info][gc       ] [SPS 0.001 0.012 0.021 0.009 0.000 0.001 0.000 0.108 0.017 0.136 NewGC_pause1 164.483098 ]
[164.534s][info][safepoint] Application time: 0.0507281 seconds
[164.534s][info][safepoint] Total time for which application threads were stopped: 0.0000699 seconds, Stopping threads took: 0.0000005 seconds
[164.535s][info][gc       ] [SPS 0.000 0.001 0.000 0.013 0.001 0.001 0.000 0.042 0.013 0.070 NewGC_pause2 164.533896 ]
[164.535s][info][safepoint] Application time: 0.0014707 seconds
[164.536s][info][safepoint] Total time for which application threads were stopped: 0.0000550 seconds, Stopping threads took: 0.0000005 seconds
[164.536s][info][gc       ] [SPS 0.000 0.000 0.000 0.007 0.000 0.001 0.000 0.034 0.012 0.055 NewGC_pause3 164.535422 ]
[164.537s][info][safepoint] Application time: 0.0011544 seconds
[164.537s][info][safepoint] Total time for which application threads were stopped: 0.0000667 seconds, Stopping threads took: 0.0000004 seconds
[164.537s][info][gc       ] [SPS 0.000 0.003 0.002 0.010 0.000 0.001 0.000 0.041 0.013 0.067 NewGC_pause4 164.536643 ]
[164.537s][info][gc       ] [GC New Max 439-405 : 6356 3420 2310 6356 - - 1021 20 2 2 - : 174 1810 34 292 1284 : 170 4 1113 1113 0 : 0 1 85 0 87 - 0 : 0.262940 3506.5 0.0 0.056239 3129.5 0.0 : 8 --c 0000 : 23 0 0.000 0.000 0 0.000 0.000 0 0.000 0.000 : 164.480780 164.482962 0.000114 164.533826 0.000042 164.535367 0.000038 164.536576 0.000049 : 164.537020 ]
[164.537s][info][gc       ] [SYSINFO 8466 195 63 0 7920 0 17 0 0 6942 : - - - - - - - - : 0 7168 : 3.68 3.01 2.14 : 271935 4216772 : 0 0 : 36 0 : 2445 2 0 267 : - 8575602688 583921664 1103245312 7200940032 203833344 66772992 : 139899904 24804510 509210 0 0 0 : 164.537239 ]
[164.537s][info][gc       ] [HUGEPAGESTAT 0 0 0 - 83087 0 0 : 479232 0 0 : 164.537239 ]
[164.537s][info][gc       ] [OBJCREAT 506594421 25868 25436160 : 164.537283 ]
[164.537s][info][gc       ] [HMSV All : 0 0 150 0 0 0 0 0 : 6192 0 0 0 : 164.537298 ]
[164.537s][info][gc       ] [HMSP 60 : 51112 0 : 164.537298 ]
[164.538s][info][gc       ] [VMAC 65530 170 24 492 686 : 164.537764 ]
[164.779s][info][gc       ] [GPGC-H  3759.6 618.8 0.1 0.0 : 12.1 : 0.524 0.566 : 0.522 0.888 0.753 1.418 : 2.795 0.867 0.722 0.620 1.811 0.608 : 0.000 : 97.356 : 1070 1810 34 0 : 2275 : 5720 5428 : 164.779283 : 9 Next_heuristic_check_may_be_too_late ]
[164.782s][info][safepoint] Application time: 0.2452003 seconds
[164.783s][info][safepoint] Total time for which application threads were stopped: 0.0003752 seconds, Stopping threads took: 0.0000005 seconds
[164.783s][info][gc       ] [SPS 0.000 0.004 0.003 0.006 0.000 0.001 0.000 0.344 0.024 0.375 NewGC_pause1 164.782219 ]
[164.832s][info][safepoint] Application time: 0.0497360 seconds
[164.832s][info][safepoint] Total time for which application threads were stopped: 0.0001008 seconds, Stopping threads took: 0.0000004 seconds
[164.833s][info][gc       ] [SPS 0.000 0.001 0.000 0.007 0.000 0.001 0.000 0.079 0.013 0.101 NewGC_pause2 164.832056 ]
[164.833s][info][safepoint] Application time: 0.0009422 seconds
[164.833s][info][safepoint] Total time for which application threads were stopped: 0.0000550 seconds, Stopping threads took: 0.0000004 seconds
[164.833s][info][gc       ] [SPS 0.000 0.000 0.000 0.006 0.000 0.001 0.000 0.035 0.013 0.055 NewGC_pause3 164.833053 ]
[164.834s][info][safepoint] Application time: 0.0012249 seconds
[164.834s][info][safepoint] Total time for which application threads were stopped: 0.0000670 seconds, Stopping threads took: 0.0000005 seconds
[164.835s][info][gc       ] [SPS 0.000 0.003 0.002 0.006 0.000 0.001 0.000 0.042 0.017 0.067 NewGC_pause4 164.834345 ]
[164.835s][info][gc       ] [GC New Max 440-406 : 6356 3350 2276 6356 - - 1021 20 2 2 - : 140 1810 34 292 1214 : 136 4 1077 1077 0 : 0 1 68 0 70 - 0 : 0.242843 3697.9 0.0 0.054827 2626.4 0.0 : 8 --c 0000 : 23 0 0.000 0.000 0 0.000 0.000 0 0.000 0.000 : 164.779862 164.781844 0.000244 164.831955 0.000084 164.832998 0.000038 164.834278 0.000046 : 164.834690 ]
[164.835s][info][gc       ] [SYSINFO 8466 195 63 0 7920 0 17 0 0 6942 : - - - - - - - - : 0 7168 : 3.68 3.01 2.14 : 271935 4216772 : 0 0 : 36 0 : 2445 2 0 267 : - 8575602688 583921664 1103245312 7200940032 203833344 66772992 : 139899904 24805150 509210 0 0 0 : 164.834904 ]
[164.835s][info][gc       ] [HUGEPAGESTAT 0 0 0 - 83087 0 0 : 479232 0 0 : 164.834904 ]
[164.835s][info][gc       ] [OBJCREAT 507624226 25868 25436160 : 164.834946 ]
[164.835s][info][gc       ] [HMSV All : 0 0 150 0 0 0 0 0 : 6192 0 0 0 : 164.834963 ]
[164.835s][info][gc       ] [HMSP 60 : 51112 0 : 164.834963 ]
[164.835s][info][gc       ] [VMAC 65530 170 24 492 686 : 164.835433 ]
[165.077s][info][gc       ] [GPGC-H  3759.6 604.7 0.1 0.0 : 11.9 : 0.523 0.566 : 0.522 0.888 0.753 1.418 : 2.787 0.867 0.722 0.620 1.811 0.608 : 0.000 : 97.085 : 1058 1810 34 0 : 2275 : 5720 5428 : 165.076887 : 9 Next_heuristic_check_may_be_too_late ]
[165.080s][info][safepoint] Application time: 0.2451300 seconds
[165.080s][info][safepoint] Total time for which application threads were stopped: 0.0002896 seconds, Stopping threads took: 0.0000004 seconds
[165.080s][info][gc       ] [SPS 0.000 0.003 0.003 0.006 0.000 0.001 0.000 0.244 0.038 0.290 NewGC_pause1 165.079765 ]
[165.130s][info][safepoint] Application time: 0.0499140 seconds
[165.130s][info][safepoint] Total time for which application threads were stopped: 0.0001597 seconds, Stopping threads took: 0.0000004 seconds
[165.130s][info][gc       ] [SPS 0.000 0.002 0.000 0.006 0.000 0.001 0.000 0.130 0.022 0.160 NewGC_pause2 165.129839 ]
[165.131s][info][safepoint] Application time: 0.0011068 seconds
[165.131s][info][safepoint] Total time for which application threads were stopped: 0.0000638 seconds, Stopping threads took: 0.0000058 seconds
[165.131s][info][gc       ] [SPS 0.000 0.000 0.000 0.005 0.006 0.001 0.000 0.039 0.014 0.064 NewGC_pause3 165.131010 ]
[165.132s][info][safepoint] Application time: 0.0011059 seconds
[165.132s][info][safepoint] Total time for which application threads were stopped: 0.0000638 seconds, Stopping threads took: 0.0000005 seconds
[165.132s][info][gc       ] [SPS 0.000 0.003 0.002 0.006 0.000 0.001 0.000 0.042 0.014 0.064 NewGC_pause4 165.132179 ]
[165.133s][info][gc       ] [GC New Max 441-407 : 6356 3334 2274 6356 - - 1021 20 2 2 - : 138 1810 34 292 1198 : 136 2 1064 1064 0 : 0 0 68 0 69 - 0 : 0.242737 3790.1 0.0 0.055096 2577.3 0.0 : 8 --c 0000 : 23 0 0.000 0.000 0 0.000 0.000 0 0.000 0.000 : 165.077427 165.079475 0.000203 165.129679 0.000047 165.130946 0.000046 165.132115 0.000045 : 165.132523 ]
[165.133s][info][gc       ] [SYSINFO 8466 195 63 0 7920 0 17 0 0 6942 : - - - - - - - - : 0 7168 : 3.68 3.01 2.14 : 271935 4216772 : 0 0 : 36 0 : 2445 2 0 267 : - 8575602688 583921664 1103245312 7200940032 203833344 66772992 : 139899904 24805780 509220 0 0 0 : 165.132746 ]
[165.133s][info][gc       ] [HUGEPAGESTAT 0 0 0 - 83087 0 0 : 479232 0 0 : 165.132746 ]
[165.133s][info][gc       ] [OBJCREAT 508676521 25868 25436160 : 165.132788 ]
[165.133s][info][gc       ] [HMSV All : 0 0 150 0 0 0 0 0 : 6192 0 0 0 : 165.132806 ]
[165.133s][info][gc       ] [HMSP 60 : 51112 0 : 165.132806 ]
[165.133s][info][gc       ] [VMAC 65530 170 24 492 686 : 165.133268 ]
[165.375s][info][gc       ] [GPGC-H  3759.6 604.7 0.1 0.0 : 11.9 : 0.521 0.566 : 0.522 0.888 0.753 1.418 : 2.779 0.867 0.722 0.620 1.811 0.608 : 0.000 : 96.815 : 1016 1810 34 0 : 2275 : 5720 5428 : 165.375018 : 9 Next_heuristic_check_may_be_too_late ]
[165.378s][info][safepoint] Application time: 0.2456587 seconds
[165.378s][info][safepoint] Total time for which application threads were stopped: 0.0004356 seconds, Stopping threads took: 0.0000005 seconds
[165.379s][info][gc       ] [SPS 0.000 0.004 0.005 0.006 0.000 0.001 0.000 0.406 0.022 0.436 NewGC_pause1 165.378274 ]
[165.432s][info][safepoint] Application time: 0.0534650 seconds
[165.432s][info][safepoint] Total time for which application threads were stopped: 0.0001848 seconds, Stopping threads took: 0.0000046 seconds
[165.432s][info][gc       ] [SPS 0.000 0.001 0.000 0.010 0.005 0.001 0.000 0.146 0.022 0.185 NewGC_pause2 165.431924 ]
[165.433s][info][safepoint] Application time: 0.0013011 seconds
[165.434s][info][safepoint] Total time for which application threads were stopped: 0.0000637 seconds, Stopping threads took: 0.0000004 seconds
[165.434s][info][gc       ] [SPS 0.000 0.000 0.000 0.007 0.000 0.001 0.000 0.041 0.015 0.064 NewGC_pause3 165.433289 ]
[165.434s][info][safepoint] Application time: 0.0011320 seconds
[165.435s][info][safepoint] Total time for which application threads were stopped: 0.0000723 seconds, Stopping threads took: 0.0000006 seconds
[165.435s][info][gc       ] [SPS 0.000 0.003 0.006 0.007 0.001 0.001 0.000 0.046 0.017 0.072 NewGC_pause4 165.434493 ]
[165.435s][info][gc       ] [GC New Max 442-408 : 6356 3286 2270 6356 - - 1021 20 2 2 - : 134 1810 34 292 1150 : 126 6 1021 1021 0 : 0 1 63 0 67 - 0 : 0.243021 3621.1 0.0 0.059297 2293.5 0.0 : 8 --c 0000 : 23 0 0.000 0.000 0 0.000 0.000 0 0.000 0.000 : 165.375544 165.377838 0.000319 165.431739 0.000152 165.433225 0.000043 165.434421 0.000049 : 165.434841 ]
[165.435s][info][gc       ] [SYSINFO 8466 195 63 0 7920 0 17 0 0 6942 : - - - - - - - - : 0 7168 : 3.68 3.01 2.14 : 271935 4216772 : 0 0 : 36 0 : 2445 2 0 267 : - 8575602688 583921664 1103245312 7200940032 203833344 66772992 : 139899904 24806410 509230 0 0 0 : 165.435075 ]
[165.435s][info][gc       ] [HUGEPAGESTAT 0 0 0 - 83087 0 0 : 479232 0 0 : 165.435075 ]
[165.435s][info][gc       ] [OBJCREAT 509681520 25868 25436160 : 165.435118 ]
[165.435s][info][gc       ] [HMSV All : 0 0 150 0 0 0 0 0 : 6192 0 0 0 : 165.435137 ]
[165.435s][info][gc       ] [HMSP 60 : 51112 0 : 165.435137 ]
[165.436s][info][gc       ] [VMAC 65530 170 24 492 686 : 165.435689 ]
[165.677s][info][gc       ] [GPGC-H  3759.6 604.7 0.1 0.0 : 11.9 : 0.520 0.566 : 0.522 0.888 0.753 1.418 : 2.770 0.867 0.722 0.620 1.811 0.608 : 0.000 : 96.546 : 1020 1810 34 0 : 2275 : 5720 5428 : 165.677206 : 9 Next_heuristic_check_may_be_too_late ]
[165.680s][info][safepoint] Application time: 0.2454190 seconds
[165.681s][info][safepoint] Total time for which application threads were stopped: 0.0003681 seconds, Stopping threads took: 0.0000004 seconds
[165.681s][info][gc       ] [SPS 0.000 0.004 0.003 0.010 0.000 0.001 0.000 0.303 0.054 0.369 NewGC_pause1 165.680281 ]
[165.731s][info][safepoint] Application time: 0.0509720 seconds
[165.732s][info][safepoint] Total time for which application threads were stopped: 0.0001678 seconds, Stopping threads took: 0.0000004 seconds
[165.732s][info][gc       ] [SPS 0.000 0.002 0.000 0.007 0.000 0.001 0.000 0.139 0.020 0.168 NewGC_pause2 165.731421 ]
[165.733s][info][safepoint] Application time: 0.0016525 seconds
[165.733s][info][safepoint] Total time for which application threads were stopped: 0.0000615 seconds, Stopping threads took: 0.0000004 seconds
[165.734s][info][gc       ] [SPS 0.000 0.000 0.000 0.006 0.000 0.001 0.000 0.039 0.015 0.062 NewGC_pause3 165.733134 ]
[165.734s][info][safepoint] Application time: 0.0011075 seconds
[165.734s][info][safepoint] Total time for which application threads were stopped: 0.0000758 seconds, Stopping threads took: 0.0000004 seconds
[165.735s][info][gc       ] [SPS 0.000 0.003 0.002 0.006 0.000 0.001 0.000 0.045 0.023 0.076 NewGC_pause4 165.734318 ]
[165.735s][info][gc       ] [GC New Max 443-409 : 6356 3336 2316 6356 - - 1021 20 2 2 - : 180 1810 34 292 1200 : 174 4 1025 1025 0 : 0 1 87 0 90 - 0 : 0.242900 3655.8 0.0 0.056899 3198.6 0.0 : 8 --c 0000 : 23 0 0.000 0.000 0 0.000 0.000 0 0.000 0.000 : 165.677742 165.679912 0.000218 165.731253 0.000108 165.733073 0.000043 165.734242 0.000048 : 165.734641 ]
[165.735s][info][gc       ] [SYSINFO 8466 195 63 0 7920 0 17 0 0 6942 : - - - - - - - - : 0 7168 : 3.68 3.01 2.14 : 271935 4216772 : 0 0 : 36 0 : 2445 2 0 267 : - 8575602688 583921664 1103245312 7200940032 203833344 66772992 : 139899904 24807100 509280 0 0 0 : 165.734852 ]
[165.735s][info][gc       ] [HUGEPAGESTAT 0 0 0 - 83087 0 0 : 479232 0 0 : 165.734852 ]
[165.735s][info][gc       ] [OBJCREAT 510741908 25868 25436160 : 165.734893 ]
[165.735s][info][gc       ] [HMSV All : 0 0 150 0 0 0 0 0 : 6192 0 0 0 : 165.734910 ]
[165.735s][info][gc       ] [HMSP 60 : 51112 0 : 165.734910 ]
[165.735s][info][gc       ] [VMAC 65530 170 24 492 686 : 165.735347 ]
[165.997s][info][gc       ] [GPGC-H  3759.6 604.7 0.1 0.0 : 11.9 : 0.518 0.566 : 0.522 0.888 0.753 1.418 : 2.761 0.867 0.722 0.620 1.811 0.608 : 0.000 : 96.278 : 1094 1810 34 0 : 2275 : 5720 5428 : 165.997018 : 9 Next_heuristic_check_may_be_too_late ]
[166.000s][info][safepoint] Application time: 0.2656009 seconds
[166.001s][info][safepoint] Total time for which application threads were stopped: 0.0003322 seconds, Stopping threads took: 0.0000004 seconds
[166.001s][info][gc       ] [SPS 0.000 0.003 0.003 0.006 0.000 0.001 0.000 0.278 0.047 0.332 NewGC_pause1 166.000252 ]
[166.049s][info][safepoint] Application time: 0.0488878 seconds
[166.050s][info][safepoint] Total time for which application threads were stopped: 0.0001570 seconds, Stopping threads took: 0.0000004 seconds
[166.050s][info][gc       ] [SPS 0.000 0.001 0.000 0.011 0.000 0.001 0.000 0.092 0.052 0.157 NewGC_pause2 166.049297 ]
[166.051s][info][safepoint] Application time: 0.0014544 seconds
[166.051s][info][safepoint] Total time for which application threads were stopped: 0.0000692 seconds, Stopping threads took: 0.0000004 seconds
[166.051s][info][gc       ] [SPS 0.000 0.000 0.000 0.006 0.000 0.001 0.000 0.044 0.017 0.069 NewGC_pause3 166.050820 ]
[166.052s][info][safepoint] Application time: 0.0011954 seconds
[166.052s][info][safepoint] Total time for which application threads were stopped: 0.0000760 seconds, Stopping threads took: 0.0000004 seconds
[166.052s][info][gc       ] [SPS 0.000 0.003 0.002 0.006 0.000 0.001 0.000 0.041 0.028 0.076 NewGC_pause4 166.052092 ]
[166.053s][info][gc       ] [GC New Max 444-410 : 6356 3380 2284 6356 - - 1021 20 2 2 - : 148 1810 34 292 1244 : 144 4 1100 1100 0 : 0 1 72 0 74 - 0 : 0.262967 3483.3 0.0 0.054828 2772.3 0.0 : 8 --c 0000 : 23 0 0.000 0.000 0 0.000 0.000 0 0.000 0.000 : 165.997608 165.999919 0.000226 166.049139 0.000097 166.050751 0.000041 166.052016 0.000044 : 166.052436 ]
[166.053s][info][gc       ] [SYSINFO 8466 195 63 0 7920 0 17 0 0 6942 : - - - - - - - - : 0 7168 : 3.68 3.01 2.14 : 271935 4216772 : 0 0 : 36 0 : 2445 2 0 267 : - 8575602688 583921664 1103245312 7200940032 203833344 66772992 : 139899904 24807810 509290 0 0 0 : 166.052645 ]
[166.053s][info][gc       ] [HUGEPAGESTAT 0 0 0 - 83087 0 0 : 479232 0 0 : 166.052645 ]
[166.053s][info][gc       ] [OBJCREAT 511798726 25868 25436160 : 166.052686 ]
[166.053s][info][gc       ] [HMSV All : 0 0 150 0 0 0 0 0 : 6192 0 0 0 : 166.052700 ]
[166.053s][info][gc       ] [HMSP 60 : 51112 0 : 166.052700 ]
[166.053s][info][gc       ] [VMAC 65530 170 24 492 686 : 166.053133 ]
[166.294s][info][gc       ] [GPGC-H  3749.8 604.7 0.1 0.0 : 11.9 : 0.516 0.566 : 0.522 0.888 0.753 1.418 : 2.753 0.867 0.722 0.620 1.811 0.608 : 0.000 : 95.988 : 1036 1810 34 0 : 2275 : 5720 5428 : 166.294251 : 9 Next_heuristic_check_may_be_too_late ]
[166.297s][info][safepoint] Application time: 0.2444899 seconds
[166.297s][info][safepoint] Total time for which application threads were stopped: 0.0003231 seconds, Stopping threads took: 0.0000004 seconds
[166.298s][info][gc       ] [SPS 0.000 0.004 0.003 0.006 0.000 0.001 0.000 0.281 0.035 0.323 NewGC_pause1 166.296905 ]
[166.348s][info][safepoint] Application time: 0.0512857 seconds
[166.349s][info][safepoint] Total time for which application threads were stopped: 0.0000545 seconds, Stopping threads took: 0.0000004 seconds
[166.349s][info][gc       ] [SPS 0.000 0.001 0.000 0.006 0.000 0.001 0.000 0.035 0.012 0.054 NewGC_pause2 166.348245 ]
[166.349s][info][safepoint] Application time: 0.0010056 seconds
[166.349s][info][safepoint] Total time for which application threads were stopped: 0.0000713 seconds, Stopping threads took: 0.0000004 seconds
[166.350s][info][gc       ] [SPS 0.000 0.000 0.000 0.012 0.000 0.001 0.000 0.046 0.012 0.071 NewGC_pause3 166.349322 ]
[166.351s][info][safepoint] Application time: 0.0011503 seconds
[166.351s][info][safepoint] Total time for which application threads were stopped: 0.0000653 seconds, Stopping threads took: 0.0000059 seconds
[166.351s][info][gc       ] [SPS 0.000 0.003 0.002 0.006 0.006 0.001 0.000 0.040 0.013 0.065 NewGC_pause4 166.350538 ]
[166.351s][info][gc       ] [GC New Max 445-411 : 6356 3324 2284 6356 - - 1021 20 2 2 - : 148 1810 34 292 1188 : 144 2 1044 1044 0 : 0 0 72 0 74 - 0 : 0.242209 3674.5 0.0 0.056262 2737.2 0.0 : 8 --c 0000 : 23 0 0.000 0.000 0 0.000 0.000 0 0.000 0.000 : 166.294644 166.296582 0.000242 166.348191 0.000038 166.349251 0.000055 166.350473 0.000048 : 166.350906 ]
[166.351s][info][gc       ] [SYSINFO 8466 195 63 0 7920 0 17 0 0 6942 : - - - - - - - - : 0 7168 : 3.68 3.01 2.14 : 271935 4216772 : 0 0 : 36 0 : 2445 2 0 267 : - 8575602688 583921664 1103245312 7200940032 203833344 66772992 : 139899904 24808480 509300 0 0 0 : 166.351123 ]
[166.351s][info][gc       ] [HUGEPAGESTAT 0 0 0 - 83087 0 0 : 479232 0 0 : 166.351123 ]
[166.351s][info][gc       ] [OBJCREAT 512831973 25868 25436160 : 166.351164 ]
[166.351s][info][gc       ] [HMSV All : 0 0 150 0 0 0 0 0 : 6192 0 0 0 : 166.351178 ]
[166.351s][info][gc       ] [HMSP 60 : 51112 0 : 166.351178 ]
[166.352s][info][gc       ] [VMAC 65530 170 24 492 686 : 166.351682 ]
[166.593s][info][gc       ] [GPGC-H  3749.8 604.7 0.1 0.0 : 11.9 : 0.515 0.566 : 0.522 0.888 0.753 1.418 : 2.744 0.867 0.722 0.620 1.811 0.608 : 0.000 : 95.722 : 1032 1810 34 0 : 2275 : 5720 5428 : 166.593460 : 9 Next_heuristic_check_may_be_too_late ]
[166.596s][info][safepoint] Application time: 0.2454687 seconds
[166.596s][info][safepoint] Total time for which application threads were stopped: 0.0001688 seconds, Stopping threads took: 0.0000004 seconds
[166.597s][info][gc       ] [SPS 0.000 0.004 0.003 0.006 0.000 0.001 0.000 0.138 0.023 0.169 NewGC_pause1 166.596176 ]
[166.647s][info][safepoint] Application time: 0.0507698 seconds
[166.647s][info][safepoint] Total time for which application threads were stopped: 0.0001306 seconds, Stopping threads took: 0.0000011 seconds
[166.648s][info][gc       ] [SPS 0.000 0.001 0.000 0.027 0.001 0.002 0.001 0.067 0.032 0.131 NewGC_pause2 166.647076 ]
[166.648s][info][safepoint] Application time: 0.0012221 seconds
[166.649s][info][safepoint] Total time for which application threads were stopped: 0.0000532 seconds, Stopping threads took: 0.0000004 seconds
[166.649s][info][gc       ] [SPS 0.000 0.000 0.000 0.006 0.000 0.001 0.000 0.033 0.012 0.053 NewGC_pause3 166.648351 ]
[166.650s][info][safepoint] Application time: 0.0011047 seconds
[166.650s][info][safepoint] Total time for which application threads were stopped: 0.0000603 seconds, Stopping threads took: 0.0000004 seconds
[166.650s][info][gc       ] [SPS 0.000 0.002 0.002 0.006 0.000 0.001 0.000 0.040 0.018 0.065 NewGC_pause4 166.649521 ]
[166.650s][info][gc       ] [GC New Max 446-412 : 6356 3330 2296 6356 - - 1021 20 2 2 - : 160 1810 34 292 1194 : 156 4 1037 1037 0 : 0 1 78 0 80 - 0 : 0.243090 3636.5 0.0 0.055848 2936.6 0.0 : 8 --c 0000 : 23 0 0.000 0.000 0 0.000 0.000 0 0.000 0.000 : 166.593996 166.596007 0.000096 166.646946 0.000093 166.648298 0.000037 166.649456 0.000043 : 166.649844 ]
[166.650s][info][gc       ] [SYSINFO 8466 195 63 0 7920 0 17 0 0 6942 : - - - - - - - - : 0 7168 : 3.68 3.01 2.14 : 271935 4216772 : 0 0 : 36 0 : 2445 2 0 267 : - 8575602688 583921664 1103245312 7200940032 203833344 66772992 : 139899904 24809180 509310 0 0 0 : 166.650073 ]
[166.650s][info][gc       ] [HUGEPAGESTAT 0 0 0 - 83087 0 0 : 479232 0 0 : 166.650073 ]
[166.650s][info][gc       ] [OBJCREAT 513871839 25868 25436160 : 166.650113 ]
[166.650s][info][gc       ] [HMSV All : 0 0 150 0 0 0 0 0 : 6192 0 0 0 : 166.650126 ]
[166.650s][info][gc       ] [HMSP 60 : 51112 0 : 166.650126 ]
[166.651s][info][gc       ] [VMAC 65530 170 24 492 686 : 166.650526 ]
[166.892s][info][gc       ] [GPGC-H  3749.8 604.7 0.1 0.0 : 11.9 : 0.513 0.566 : 0.522 0.888 0.753 1.418 : 2.736 0.867 0.722 0.620 1.811 0.608 : 0.000 : 95.457 : 1026 1810 34 0 : 2275 : 5720 5428 : 166.891915 : 9 Next_heuristic_check_may_be_too_late ]
[166.895s][info][safepoint] Application time: 0.2454962 seconds
[166.896s][info][safepoint] Total time for which application threads were stopped: 0.0003093 seconds, Stopping threads took: 0.0000005 seconds
[166.896s][info][gc       ] [SPS 0.001 0.003 0.003 0.006 0.000 0.001 0.000 0.275 0.027 0.309 NewGC_pause1 166.895322 ]
[166.942s][info][safepoint] Application time: 0.0463050 seconds
[166.942s][info][safepoint] Total time for which application threads were stopped: 0.0001109 seconds, Stopping threads took: 0.0000004 seconds
[166.943s][info][gc       ] [SPS 0.000 0.001 0.000 0.007 0.000 0.001 0.000 0.089 0.014 0.111 NewGC_pause2 166.941738 ]
[166.943s][info][safepoint] Application time: 0.0016558 seconds
[166.944s][info][safepoint] Total time for which application threads were stopped: 0.0000637 seconds, Stopping threads took: 0.0000005 seconds
[166.944s][info][gc       ] [SPS 0.000 0.000 0.000 0.006 0.000 0.001 0.000 0.042 0.014 0.064 NewGC_pause3 166.943458 ]
[166.945s][info][safepoint] Application time: 0.0014435 seconds
[166.945s][info][safepoint] Total time for which application threads were stopped: 0.0000751 seconds, Stopping threads took: 0.0000004 seconds
[166.945s][info][gc       ] [SPS 0.000 0.003 0.002 0.011 0.000 0.001 0.000 0.048 0.015 0.075 NewGC_pause4 166.944976 ]
[166.946s][info][gc       ] [GC New Max 447-413 : 6356 3310 2282 6356 - - 1021 20 2 2 - : 146 1810 34 292 1174 : 142 4 1032 1032 0 : 0 1 71 0 73 - 0 : 0.242840 3574.4 0.0 0.052684 2847.2 0.0 : 8 --c 0000 : 23 0 0.000 0.000 0 0.000 0.000 0 0.000 0.000 : 166.892684 166.895013 0.000275 166.941627 0.000092 166.943394 0.000045 166.944901 0.000051 : 166.945368 ]
[166.946s][info][gc       ] [SYSINFO 8466 195 63 0 7920 0 17 0 0 6942 : - - - - - - - - : 0 7168 : 3.68 3.01 2.14 : 271935 4216772 : 0 0 : 36 0 : 2445 2 0 267 : - 8575602688 583921664 1103245312 7200940032 203833344 66772992 : 139899904 24809810 509310 0 0 0 : 166.945602 ]
[166.946s][info][gc       ] [HUGEPAGESTAT 0 0 0 - 83087 0 0 : 479232 0 0 : 166.945602 ]
[166.946s][info][gc       ] [OBJCREAT 514877253 25868 25436160 : 166.945645 ]
[166.946s][info][gc       ] [HMSV All : 0 0 150 0 0 0 0 0 : 6192 0 0 0 : 166.945660 ]
[166.946s][info][gc       ] [HMSP 60 : 51112 0 : 166.945660 ]
[166.946s][info][gc       ] [VMAC 65530 170 24 492 686 : 166.946099 ]
[167.187s][info][gc       ] [GPGC-H  3749.8 590.8 0.1 0.0 : 11.6 : 0.512 0.566 : 0.522 0.888 0.753 1.418 : 2.728 0.867 0.722 0.620 1.811 0.608 : 0.000 : 95.192 : 1066 1810 34 0 : 2275 : 5720 5428 : 167.187328 : 9 Next_heuristic_check_may_be_too_late ]
[167.190s][info][safepoint] Application time: 0.2448781 seconds
[167.190s][info][safepoint] Total time for which application threads were stopped: 0.0002248 seconds, Stopping threads took: 0.0000004 seconds
[167.191s][info][gc       ] [SPS 0.000 0.003 0.003 0.006 0.000 0.001 0.000 0.199 0.034 0.240 NewGC_pause1 167.190095 ]
[167.242s][info][safepoint] Application time: 0.0517989 seconds
[167.242s][info][safepoint] Total time for which application threads were stopped: 0.0000907 seconds, Stopping threads took: 0.0000005 seconds
[167.243s][info][gc       ] [SPS 0.000 0.001 0.000 0.008 0.000 0.001 0.000 0.065 0.016 0.091 NewGC_pause2 167.241969 ]
[167.244s][info][safepoint] Application time: 0.0015433 seconds
[167.244s][info][safepoint] Total time for which application threads were stopped: 0.0001164 seconds, Stopping threads took: 0.0000004 seconds
[167.244s][info][gc       ] [SPS 0.000 0.000 0.000 0.006 0.000 0.001 0.000 0.087 0.018 0.113 NewGC_pause3 167.243629 ]
[167.245s][info][safepoint] Application time: 0.0012828 seconds
[167.245s][info][safepoint] Total time for which application threads were stopped: 0.0000649 seconds, Stopping threads took: 0.0000005 seconds
[167.245s][info][gc       ] [SPS 0.000 0.003 0.002 0.006 0.000 0.001 0.000 0.042 0.015 0.065 NewGC_pause4 167.244977 ]
[167.246s][info][gc       ] [GC New Max 448-414 : 6356 3364 2294 6356 - - 1021 20 2 2 - : 158 1810 34 292 1228 : 154 4 1072 1072 0 : 0 1 77 0 79 - 0 : 0.242468 3802.6 0.0 0.057475 2818.6 0.0 : 8 --c 0000 : 23 0 0.000 0.000 0 0.000 0.000 0 0.000 0.000 : 167.187836 167.189855 0.000198 167.241879 0.000070 167.243517 0.000086 167.244912 0.000045 : 167.245310 ]
[167.246s][info][gc       ] [SYSINFO 8466 195 63 0 7920 0 17 0 0 6942 : - - - - - - - - : 0 7168 : 3.68 3.01 2.14 : 271935 4216772 : 0 0 : 36 0 : 2445 2 0 267 : - 8575602688 583921664 1103245312 7200940032 203833344 66772992 : 139899904 24810520 509330 0 0 0 : 167.245546 ]
[167.246s][info][gc       ] [HUGEPAGESTAT 0 0 0 - 83087 0 0 : 479232 0 0 : 167.245546 ]
[167.246s][info][gc       ] [OBJCREAT 515951984 25868 25436160 : 167.245591 ]
[167.246s][info][gc       ] [HMSV All : 0 0 150 0 0 0 0 0 : 6192 0 0 0 : 167.245605 ]
[167.246s][info][gc       ] [HMSP 60 : 51112 0 : 167.245605 ]
[167.246s][info][gc       ] [VMAC 65530 170 24 492 686 : 167.246053 ]
[167.487s][info][gc       ] [GPGC-H  3749.8 590.8 0.1 0.0 : 11.6 : 0.510 0.566 : 0.522 0.888 0.753 1.418 : 2.719 0.867 0.722 0.620 1.811 0.608 : 0.000 : 94.929 : 1078 1810 34 0 : 2275 : 5720 5428 : 167.487103 : 9 Next_heuristic_check_may_be_too_late ]
[167.490s][info][safepoint] Application time: 0.2448052 seconds
[167.490s][info][safepoint] Total time for which application threads were stopped: 0.0004344 seconds, Stopping threads took: 0.0000004 seconds
[167.491s][info][gc       ] [SPS 0.000 0.003 0.006 0.006 0.000 0.001 0.000 0.395 0.031 0.434 NewGC_pause1 167.490217 ]
[167.541s][info][safepoint] Application time: 0.0504269 seconds
[167.541s][info][safepoint] Total time for which application threads were stopped: 0.0001432 seconds, Stopping threads took: 0.0000004 seconds
[167.542s][info][gc       ] [SPS 0.000 0.001 0.000 0.006 0.000 0.001 0.000 0.116 0.019 0.143 NewGC_pause2 167.540787 ]
[167.542s][info][safepoint] Application time: 0.0014616 seconds
[167.543s][info][safepoint] Total time for which application threads were stopped: 0.0000902 seconds, Stopping threads took: 0.0000004 seconds
[167.543s][info][gc       ] [SPS 0.000 0.000 0.000 0.006 0.000 0.001 0.000 0.071 0.012 0.090 NewGC_pause3 167.542339 ]
[167.544s][info][safepoint] Application time: 0.0012400 seconds
[167.544s][info][safepoint] Total time for which application threads were stopped: 0.0000671 seconds, Stopping threads took: 0.0000004 seconds
[167.544s][info][gc       ] [SPS 0.000 0.003 0.002 0.011 0.000 0.001 0.000 0.038 0.016 0.067 NewGC_pause4 167.543646 ]
[167.544s][info][gc       ] [GC New Max 449-415 : 6356 3364 2282 6356 - - 1021 20 2 2 - : 146 1810 34 292 1228 : 142 4 1084 1084 0 : 0 1 71 0 73 - 0 : 0.242358 3804.3 0.0 0.056383 2660.4 0.0 : 8 --c 0000 : 23 0 0.000 0.000 0 0.000 0.000 0 0.000 0.000 : 167.487668 167.489783 0.000294 167.540644 0.000085 167.542249 0.000058 167.543579 0.000047 : 167.544052 ]
[167.544s][info][gc       ] [SYSINFO 8466 195 63 0 7920 0 17 0 0 6942 : - - - - - - - - : 0 7168 : 4.11 3.11 2.18 : 271935 4216772 : 0 0 : 36 0 : 2445 2 0 267 : - 8575602688 583921664 1103245312 7200940032 203833344 66772992 : 139899904 24811180 509360 0 0 0 : 167.544314 ]
[167.544s][info][gc       ] [HUGEPAGESTAT 0 0 0 - 83087 0 0 : 479232 0 0 : 167.544314 ]
[167.544s][info][gc       ] [OBJCREAT 517013217 25868 25436160 : 167.544356 ]
[167.544s][info][gc       ] [HMSV All : 0 0 150 0 0 0 0 0 : 6192 0 0 0 : 167.544369 ]
[167.544s][info][gc       ] [HMSP 60 : 51112 0 : 167.544369 ]
[167.545s][info][gc       ] [VMAC 65530 170 24 492 686 : 167.544777 ]
[167.786s][info][gc       ] [GPGC-H  3749.8 590.8 0.1 0.0 : 11.6 : 0.508 0.566 : 0.522 0.888 0.753 1.418 : 2.711 0.867 0.722 0.620 1.811 0.608 : 0.000 : 94.667 : 1070 1810 34 0 : 2275 : 5720 5428 : 167.786290 : 9 Next_heuristic_check_may_be_too_late ]
[167.789s][info][safepoint] Application time: 0.2454426 seconds
[167.790s][info][safepoint] Total time for which application threads were stopped: 0.0002698 seconds, Stopping threads took: 0.0000005 seconds
[167.790s][info][gc       ] [SPS 0.000 0.005 0.003 0.006 0.001 0.001 0.000 0.229 0.033 0.270 NewGC_pause1 167.789359 ]
[167.843s][info][safepoint] Application time: 0.0537431 seconds
[167.844s][info][safepoint] Total time for which application threads were stopped: 0.0001243 seconds, Stopping threads took: 0.0000004 seconds
[167.844s][info][gc       ] [SPS 0.000 0.001 0.000 0.006 0.000 0.001 0.000 0.105 0.012 0.124 NewGC_pause2 167.843226 ]
[167.845s][info][safepoint] Application time: 0.0016338 seconds
[167.845s][info][safepoint] Total time for which application threads were stopped: 0.0000600 seconds, Stopping threads took: 0.0000004 seconds
[167.845s][info][gc       ] [SPS 0.000 0.001 0.000 0.006 0.000 0.001 0.000 0.034 0.018 0.060 NewGC_pause3 167.844920 ]
[167.846s][info][safepoint] Application time: 0.0011276 seconds
[167.846s][info][safepoint] Total time for which application threads were stopped: 0.0000655 seconds, Stopping threads took: 0.0000004 seconds
[167.846s][info][gc       ] [SPS 0.000 0.003 0.002 0.006 0.000 0.001 0.000 0.041 0.017 0.065 NewGC_pause4 167.846113 ]
[167.847s][info][gc       ] [GC New Max 450-416 : 6356 3378 2306 6356 - - 1021 20 2 2 - : 170 1810 34 292 1242 : 164 4 1077 1077 0 : 0 1 82 0 85 - 0 : 0.242667 3815.9 0.0 0.059788 2910.3 0.0 : 8 --c 0000 : 23 0 0.000 0.000 0 0.000 0.000 0 0.000 0.000 : 167.786718 167.789089 0.000179 167.843102 0.000109 167.844860 0.000038 167.846048 0.000044 : 167.846507 ]
[167.847s][info][gc       ] [SYSINFO 8466 195 63 0 7920 0 17 0 0 6942 : - - - - - - - - : 0 7168 : 4.11 3.11 2.18 : 271935 4216772 : 0 0 : 36 0 : 2445 2 0 267 : - 8575602688 583921664 1103245312 7200940032 203833344 66772992 : 139899904 24811830 509370 0 0 0 : 167.846725 ]
[167.847s][info][gc       ] [HUGEPAGESTAT 0 0 0 - 83087 0 0 : 479232 0 0 : 167.846725 ]
[167.847s][info][gc       ] [OBJCREAT 518100602 25868 25436160 : 167.846767 ]
[167.847s][info][gc       ] [HMSV All : 0 0 150 0 0 0 0 0 : 6192 0 0 0 : 167.846781 ]
[167.847s][info][gc       ] [HMSP 60 : 51112 0 : 167.846781 ]
[167.847s][info][gc       ] [VMAC 65530 170 24 492 686 : 167.847269 ]
[168.068s][info][gc       ] [GPGC-H  3743.4 590.8 0.1 0.0 : 11.6 : 0.507 0.566 : 0.522 0.888 0.753 1.418 : 2.703 0.867 0.722 0.620 1.811 0.608 : 0.000 : 94.406 : 1044 1810 34 0 : 2275 : 5720 5428 : 168.068421 : 9 Next_heuristic_check_may_be_too_late ]
[168.071s][info][safepoint] Application time: 0.2245471 seconds
[168.071s][info][safepoint] Total time for which application threads were stopped: 0.0002601 seconds, Stopping threads took: 0.0000004 seconds
[168.071s][info][gc       ] [SPS 0.000 0.004 0.007 0.007 0.000 0.001 0.000 0.213 0.039 0.260 NewGC_pause1 168.070921 ]
[168.121s][info][safepoint] Application time: 0.0497295 seconds
[168.121s][info][safepoint] Total time for which application threads were stopped: 0.0001682 seconds, Stopping threads took: 0.0000004 seconds
[168.122s][info][gc       ] [SPS 0.000 0.001 0.000 0.006 0.000 0.001 0.000 0.140 0.021 0.168 NewGC_pause2 168.120819 ]
[168.123s][info][safepoint] Application time: 0.0024891 seconds
[168.124s][info][safepoint] Total time for which application threads were stopped: 0.0000585 seconds, Stopping threads took: 0.0000004 seconds
[168.124s][info][gc       ] [SPS 0.000 0.000 0.000 0.006 0.000 0.005 0.000 0.034 0.012 0.059 NewGC_pause3 168.123366 ]
[168.125s][info][safepoint] Application time: 0.0010907 seconds
[168.125s][info][safepoint] Total time for which application threads were stopped: 0.0000786 seconds, Stopping threads took: 0.0000005 seconds
[168.125s][info][gc       ] [SPS 0.000 0.003 0.002 0.006 0.000 0.001 0.000 0.043 0.028 0.079 NewGC_pause4 168.124536 ]
[168.125s][info][gc       ] [GC New Max 451-417 : 6356 3354 2308 6356 - - 1021 20 2 2 - : 172 1810 34 292 1218 : 168 4 1049 1049 0 : 0 1 84 0 86 - 0 : 0.222311 3940.4 0.0 0.056056 3104.1 0.0 : 8 --c 0000 : 23 0 0.000 0.000 0 0.000 0.000 0 0.000 0.000 : 168.068818 168.070661 0.000179 168.120651 0.000094 168.123308 0.000042 168.124457 0.000046 : 168.124874 ]
[168.125s][info][gc       ] [SYSINFO 8466 195 63 0 7920 0 17 0 0 6942 : - - - - - - - - : 0 7168 : 4.11 3.11 2.18 : 271935 4216772 : 0 0 : 36 0 : 2445 2 0 267 : - 8575602688 583921664 1103245312 7200940032 203833344 66772992 : 139899904 24812450 509400 0 0 0 : 168.125095 ]
[168.125s][info][gc       ] [HUGEPAGESTAT 0 0 0 - 83087 0 0 : 479232 0 0 : 168.125095 ]
[168.125s][info][gc       ] [OBJCREAT 519143038 25868 25436160 : 168.125137 ]
[168.125s][info][gc       ] [HMSV All : 0 0 150 0 0 0 0 0 : 6192 0 0 0 : 168.125153 ]
[168.125s][info][gc       ] [HMSP 60 : 51112 0 : 168.125153 ]
[168.126s][info][gc       ] [VMAC 65530 170 24 492 686 : 168.125612 ]
[168.347s][info][gc       ] [GPGC-H  3743.4 590.8 0.1 0.0 : 11.6 : 0.505 0.566 : 0.522 0.888 0.753 1.418 : 2.695 0.867 0.722 0.620 1.811 0.608 : 0.000 : 94.168 : 1030 1810 34 0 : 2275 : 5720 5428 : 168.346926 : 9 Next_heuristic_check_may_be_too_late ]
[168.350s][info][safepoint] Application time: 0.2248573 seconds
[168.350s][info][safepoint] Total time for which application threads were stopped: 0.0002472 seconds, Stopping threads took: 0.0000005 seconds
[168.350s][info][gc       ] [SPS 0.000 0.009 0.006 0.013 0.000 0.001 0.000 0.183 0.066 0.264 NewGC_pause1 168.349657 ]
[168.401s][info][safepoint] Application time: 0.0516088 seconds
[168.402s][info][safepoint] Total time for which application threads were stopped: 0.0001323 seconds, Stopping threads took: 0.0000004 seconds
[168.402s][info][gc       ] [SPS 0.000 0.001 0.000 0.006 0.000 0.001 0.000 0.103 0.021 0.132 NewGC_pause2 168.401382 ]
[168.403s][info][safepoint] Application time: 0.0011231 seconds
[168.403s][info][safepoint] Total time for which application threads were stopped: 0.0000593 seconds, Stopping threads took: 0.0000004 seconds
[168.403s][info][gc       ] [SPS 0.000 0.000 0.000 0.006 0.000 0.001 0.000 0.035 0.012 0.055 NewGC_pause3 168.402564 ]
[168.404s][info][safepoint] Application time: 0.0011029 seconds
[168.404s][info][safepoint] Total time for which application threads were stopped: 0.0000682 seconds, Stopping threads took: 0.0000005 seconds
[168.404s][info][gc       ] [SPS 0.000 0.003 0.002 0.006 0.000 0.001 0.000 0.045 0.016 0.068 NewGC_pause4 168.403736 ]
[168.404s][info][gc       ] [GC New Max 452-418 : 6356 3308 2276 6356 - - 1021 20 2 2 - : 140 1810 34 292 1172 : 136 4 1036 1036 0 : 0 1 68 0 70 - 0 : 0.222508 3865.0 0.0 0.056710 2539.3 0.0 : 8 --c 0000 : 23 0 0.000 0.000 0 0.000 0.000 0 0.000 0.000 : 168.347381 168.349393 0.000145 168.401250 0.000044 168.402509 0.000039 168.403667 0.000046 : 168.404091 ]
[168.404s][info][gc       ] [SYSINFO 8466 195 63 0 7920 0 17 0 0 6942 : - - - - - - - - : 0 7168 : 4.11 3.11 2.18 : 271935 4216772 : 0 0 : 36 0 : 2445 2 0 267 : - 8575602688 583921664 1103245312 7200940032 203833344 66772992 : 139899904 24813050 509400 0 0 0 : 168.404313 ]
[168.404s][info][gc       ] [HUGEPAGESTAT 0 0 0 - 83087 0 0 : 479232 0 0 : 168.404313 ]
[168.404s][info][gc       ] [OBJCREAT 520134217 25868 25436160 : 168.404354 ]
[168.404s][info][gc       ] [HMSV All : 0 0 150 0 0 0 0 0 : 6192 0 0 0 : 168.404370 ]
[168.404s][info][gc       ] [HMSP 60 : 51112 0 : 168.404370 ]
[168.405s][info][gc       ] [VMAC 65530 170 24 492 686 : 168.404813 ]
[168.646s][info][gc       ] [GPGC-H  3743.4 590.8 0.1 0.0 : 11.6 : 0.504 0.566 : 0.522 0.888 0.753 1.418 : 2.687 0.867 0.722 0.620 1.811 0.608 : 0.000 : 93.930 : 1050 1810 34 0 : 2275 : 5720 5428 : 168.645856 : 9 Next_heuristic_check_may_be_too_late ]
[168.649s][info][safepoint] Application time: 0.2447136 seconds
[168.649s][info][safepoint] Total time for which application threads were stopped: 0.0003013 seconds, Stopping threads took: 0.0000004 seconds
[168.649s][info][gc       ] [SPS 0.000 0.011 0.003 0.006 0.000 0.001 0.000 0.280 0.014 0.301 NewGC_pause1 168.648751 ]
[168.699s][info][safepoint] Application time: 0.0496870 seconds
[168.699s][info][safepoint] Total time for which application threads were stopped: 0.0001789 seconds, Stopping threads took: 0.0000005 seconds
[168.699s][info][gc       ] [SPS 0.000 0.001 0.000 0.007 0.000 0.001 0.000 0.145 0.025 0.179 NewGC_pause2 168.698617 ]
[168.700s][info][safepoint] Application time: 0.0014194 seconds
[168.700s][info][safepoint] Total time for which application threads were stopped: 0.0001088 seconds, Stopping threads took: 0.0000005 seconds
[168.701s][info][gc       ] [SPS 0.000 0.000 0.000 0.007 0.000 0.001 0.000 0.086 0.014 0.109 NewGC_pause3 168.700145 ]
[168.702s][info][safepoint] Application time: 0.0012875 seconds
[168.702s][info][safepoint] Total time for which application threads were stopped: 0.0001196 seconds, Stopping threads took: 0.0000005 seconds
[168.702s][info][gc       ] [SPS 0.000 0.003 0.002 0.006 0.001 0.001 0.000 0.096 0.016 0.120 NewGC_pause4 168.701552 ]
[168.702s][info][gc       ] [GC New Max 453-419 : 6356 3340 2288 6356 - - 1021 20 2 2 - : 152 1810 34 292 1204 : 146 4 1056 1056 0 : 0 1 73 0 76 - 0 : 0.242280 3764.2 0.0 0.055573 2807.1 0.0 : 8 --c 0000 : 23 0 0.000 0.000 0 0.000 0.000 0 0.000 0.000 : 168.646370 168.648449 0.000283 168.698438 0.000078 168.700036 0.000091 168.701433 0.000101 : 168.701944 ]
[168.702s][info][gc       ] [SYSINFO 8466 195 63 0 7920 0 17 0 0 6942 : - - - - - - - - : 0 7168 : 4.11 3.11 2.18 : 271935 4216772 : 0 0 : 36 0 : 2445 2 0 267 : - 8575602688 583921664 1103245312 7200940032 203833344 66772992 : 139899904 24813700 509400 0 0 0 : 168.702182 ]
[168.702s][info][gc       ] [HUGEPAGESTAT 0 0 0 - 83087 0 0 : 479232 0 0 : 168.702182 ]
[168.702s][info][gc       ] [OBJCREAT 521191561 25868 25436160 : 168.702226 ]
[168.702s][info][gc       ] [HMSV All : 0 0 150 0 0 0 0 0 : 6192 0 0 0 : 168.702263 ]
[168.702s][info][gc       ] [HMSP 60 : 51112 0 : 168.702263 ]
[168.703s][info][gc       ] [VMAC 65530 170 24 492 686 : 168.702771 ]
[168.944s][info][gc       ] [GPGC-H  3743.4 590.8 0.1 0.0 : 11.6 : 0.502 0.566 : 0.522 0.888 0.753 1.418 : 2.679 0.867 0.722 0.620 1.811 0.608 : 0.000 : 93.671 : 1072 1810 34 0 : 2275 : 5720 5428 : 168.944424 : 9 Next_heuristic_check_may_be_too_late ]
[168.947s][info][safepoint] Application time: 0.2455267 seconds
[168.948s][info][safepoint] Total time for which application threads were stopped: 0.0002691 seconds, Stopping threads took: 0.0000004 seconds
[168.948s][info][gc       ] [SPSH lock suspend gclocker notify wait resuspend cleanup op_time wakeup total(ms) op_name end(s) ]
[168.948s][info][gc       ] [SPS 0.000 0.003 0.002 0.006 0.000 0.001 0.000 0.207 0.055 0.269 NewGC_pause1 168.947349 ]
[168.998s][info][safepoint] Application time: 0.0504621 seconds
[168.998s][info][safepoint] Total time for which application threads were stopped: 0.0000925 seconds, Stopping threads took: 0.0000004 seconds
[168.999s][info][gc       ] [SPS 0.000 0.002 0.000 0.006 0.000 0.001 0.000 0.073 0.012 0.092 NewGC_pause2 168.997903 ]
[168.999s][info][safepoint] Application time: 0.0014247 seconds
[169.000s][info][safepoint] Total time for which application threads were stopped: 0.0001134 seconds, Stopping threads took: 0.0000004 seconds
[169.000s][info][gc       ] [SPS 0.000 0.000 0.000 0.012 0.000 0.001 0.000 0.089 0.012 0.113 NewGC_pause3 168.999441 ]
[169.001s][info][safepoint] Application time: 0.0011871 seconds
[169.001s][info][safepoint] Total time for which application threads were stopped: 0.0000635 seconds, Stopping threads took: 0.0000004 seconds
[169.001s][info][gc       ] [SPS 0.000 0.008 0.002 0.012 0.000 0.001 0.000 0.037 0.013 0.064 NewGC_pause4 169.000692 ]
[169.001s][info][gc       ] [GC New Max 454-420 : 6356 3370 2298 6356 - - 1021 20 2 2 - : 162 1810 34 292 1234 : 156 4 1077 1077 0 : 0 1 78 0 81 - 0 : 0.242961 3786.6 0.0 0.056120 2958.0 0.0 : 8 --c 0000 : 23 0 0.000 0.000 0 0.000 0.000 0 0.000 0.000 : 168.944905 168.947079 0.000165 168.997811 0.000077 168.999328 0.000099 169.000628 0.000047 : 169.001025 ]
[169.001s][info][gc       ] [SYSINFO 8466 195 63 0 7920 0 17 0 0 6942 : - - - - - - - - : 0 7168 : 4.11 3.11 2.18 : 271935 4216772 : 0 0 : 36 0 : 2445 2 0 267 : - 8575602688 583921664 1103245312 7200940032 203833344 66772992 : 139899904 24814360 509400 0 0 0 : 169.001227 ]
[169.001s][info][gc       ] [HUGEPAGESTAT 0 0 0 - 83087 0 0 : 479232 0 0 : 169.001227 ]
[169.001s][info][gc       ] [OBJCREAT 522267722 25868 25436160 : 169.001265 ]
[169.001s][info][gc       ] [HMSV All : 0 0 150 0 0 0 0 0 : 6192 0 0 0 : 169.001279 ]
[169.001s][info][gc       ] [HMSP 60 : 51112 0 : 169.001279 ]
[169.002s][info][gc       ] [VMAC 65530 170 24 492 686 : 169.001679 ]
[169.061s][info][gc       ] [DEOPTSTATS 1 : 1 0 : 0 0 : 0 0 : 0 0 : 0 12 : 0 0 : 0 0 : 0 0 : 0 0 : 0 0 : 0 0 : 0 0 : 0 0 : 0 0 : 0 0 : 0 0 : 0 0 : 0 0 : 0 0 : 0 0 : 0 0 : 0 0 : 0 0 : 0 0 : 0 0 : 0 0 : 0 0 : 0 0 : 0 0 : 0 0 : 6 0 : 0 0 : 0 0 : 0 0 : 0 0 : 0 0 : 0 0 : 0 0 : 0 0 : 0 0 : 0 0 : 0 0 ]
[169.061s][info][gc       ] [DEOPTSTATS 2 : 0 0 : 0 0 : 0 0 : 0 1 : 0 0 : 0 0 : 0 11 : 0 0 : 0 0 : 0 0 : 0 0 : 0 0 : 0 0 : 0 0 : 0 0 : 0 0 : 0 0 : 0 0 : 0 0 : 0 0 : 0 0 : 0 0 : 0 0 : 0 0 : 0 0 : 0 0 : 0 0 : 0 0 : 0 0 : 0 0 : 5 0 : 0 0 : 0 0 : 0 0 : 0 1 : 0 0 : 0 0 : 0 0 : 0 0 : 0 3 : 0 0 : 0 0 ]
[170.230s][info][gc       ] [Safepoint max times: safepoint 91.400 ms, time to safepoint 90.996 ms ]
[170.231s][info][gc       ] [VM has exited gracefully.]
