[0.004s][info][gc] Heuristics ergonomically sets -XX:+ExplicitGCInvokesConcurrent
[0.005s][info][gc] Heuristics ergonomically sets -XX:+ShenandoahImplicitGCInvokesConcurrent
[0.005s][info][gc] Using Shenandoah
[0.154s][info][safepoint] Safepoint "ICBufferFull", Time since last: 144227679 ns, Reaching safepoint: 171097 ns, At safepoint: 10062 ns, Total: 181159 ns
[0.475s][info][gc       ] Trigger: Learning 1 of 5. Free (4448M) is below initial threshold (4450M)
[0.476s][info][gc       ] GC(0) Concurrent reset 0.681ms
[0.477s][info][gc       ] GC(0) Pause Init Mark (unload classes) 0.784ms
[0.479s][info][safepoint] Safepoint "ShenandoahInitMark", Time since last: 322765172 ns, Reaching safepoint: 307588 ns, At safepoint: 2740305 ns, Total: 3047893 ns
[0.480s][info][gc       ] GC(0) Concurrent marking roots 0.377ms
[0.663s][info][gc       ] GC(0) Concurrent marking (unload classes) 182.620ms
[0.664s][info][gc       ] GC(0) Pause Final Mark (unload classes) 0.576ms
[0.665s][info][safepoint] Safepoint "ShenandoahFinalMarkStartEvac", Time since last: 184076712 ns, Reaching safepoint: 166643 ns, At safepoint: 929765 ns, Total: 1096408 ns
[0.665s][info][gc       ] GC(0) Concurrent thread roots 0.218ms
[0.666s][info][gc       ] GC(0) Concurrent weak references 0.169ms
[0.666s][info][gc       ] GC(0) Concurrent weak roots 0.352ms
[0.666s][info][gc       ] GC(0) Concurrent cleanup 1900M->1833M(1912M) 0.147ms
[0.667s][info][gc       ] GC(0) Concurrent class unloading 0.531ms
[0.667s][info][safepoint] Safepoint "CleanClassLoaderDataMetaspaces", Time since last: 2528560 ns, Reaching safepoint: 169980 ns, At safepoint: 41137 ns, Total: 211117 ns
[0.667s][info][gc       ] GC(0) Concurrent strong roots 0.236ms
[0.669s][info][gc       ] GC(0) Concurrent evacuation 1.705ms
[0.670s][info][gc       ] GC(0) Pause Init Update Refs 0.006ms
[0.670s][info][safepoint] Safepoint "ShenandoahInitUpdateRefs", Time since last: 2173404 ns, Reaching safepoint: 172749 ns, At safepoint: 187362 ns, Total: 360111 ns
[0.799s][info][gc       ] GC(0) Concurrent update references 128.851ms
[0.800s][info][gc       ] GC(0) Concurrent update thread roots 0.511ms
[0.800s][info][gc       ] GC(0) Pause Final Update Refs 0.103ms
[0.801s][info][safepoint] Safepoint "ShenandoahFinalUpdateRefs", Time since last: 130089524 ns, Reaching safepoint: 141351 ns, At safepoint: 451631 ns, Total: 592982 ns
[0.801s][info][gc       ] GC(0) Concurrent cleanup 1939M->1905M(1942M) 0.168ms
[0.802s][info][gc       ] Trigger: Learning 2 of 5. Free (4130M) is below initial threshold (4450M)
[0.807s][info][gc       ] GC(1) Concurrent reset 4.567ms
[0.808s][info][gc       ] GC(1) Pause Init Mark (unload classes) 0.099ms
[0.808s][info][safepoint] Safepoint "ShenandoahInitMark", Time since last: 6885590 ns, Reaching safepoint: 181742 ns, At safepoint: 395193 ns, Total: 576935 ns
[0.809s][info][gc       ] GC(1) Concurrent marking roots 0.354ms
[1.064s][info][gc       ] GC(1) Concurrent marking (unload classes) 254.937ms
[1.065s][info][gc       ] GC(1) Pause Final Mark (unload classes) 0.415ms
[1.065s][info][safepoint] Safepoint "ShenandoahFinalMarkStartEvac", Time since last: 256091860 ns, Reaching safepoint: 62426 ns, At safepoint: 571240 ns, Total: 633666 ns
[1.065s][info][gc       ] GC(1) Concurrent thread roots 0.292ms
[1.065s][info][gc       ] GC(1) Concurrent weak references 0.048ms
[1.066s][info][gc       ] GC(1) Concurrent weak roots 0.253ms
[1.066s][info][gc       ] GC(1) Concurrent cleanup 2235M->2158M(2240M) 0.157ms
[1.067s][info][gc       ] GC(1) Concurrent class unloading 0.584ms
[1.067s][info][gc       ] GC(1) Concurrent strong roots 0.075ms
[1.069s][info][gc       ] GC(1) Concurrent evacuation 2.446ms
[1.070s][info][gc       ] GC(1) Pause Init Update Refs 0.007ms
[1.070s][info][safepoint] Safepoint "ShenandoahInitUpdateRefs", Time since last: 4862346 ns, Reaching safepoint: 136005 ns, At safepoint: 150479 ns, Total: 286484 ns
[1.229s][info][gc       ] GC(1) Concurrent update references 159.220ms
[1.230s][info][gc       ] GC(1) Concurrent update thread roots 0.553ms
[1.231s][info][gc       ] GC(1) Pause Final Update Refs 0.132ms
[1.231s][info][safepoint] Safepoint "ShenandoahFinalUpdateRefs", Time since last: 160574092 ns, Reaching safepoint: 116862 ns, At safepoint: 306155 ns, Total: 423017 ns
[1.231s][info][gc       ] GC(1) Concurrent cleanup 2401M->2372M(2404M) 0.141ms
[1.232s][info][gc       ] Trigger: Learning 3 of 5. Free (3664M) is below initial threshold (4450M)
[1.237s][info][gc       ] GC(2) Concurrent reset 4.810ms
[1.238s][info][gc       ] GC(2) Pause Init Mark (unload classes) 0.087ms
[1.238s][info][safepoint] Safepoint "ShenandoahInitMark", Time since last: 6707145 ns, Reaching safepoint: 119557 ns, At safepoint: 208606 ns, Total: 328163 ns
[1.238s][info][gc       ] GC(2) Concurrent marking roots 0.232ms
[1.462s][info][gc       ] GC(2) Concurrent marking (unload classes) 223.663ms
[1.463s][info][gc       ] GC(2) Pause Final Mark (unload classes) 0.727ms
[1.463s][info][safepoint] Safepoint "ShenandoahFinalMarkStartEvac", Time since last: 224465147 ns, Reaching safepoint: 106901 ns, At safepoint: 1022245 ns, Total: 1129146 ns
[1.464s][info][gc       ] GC(2) Concurrent thread roots 0.382ms
[1.465s][info][gc       ] GC(2) Concurrent weak references 0.116ms
[1.465s][info][gc       ] GC(2) Concurrent weak roots 0.342ms
[1.466s][info][gc       ] GC(2) Concurrent cleanup 2781M->2218M(2790M) 0.168ms
[1.466s][info][gc       ] GC(2) Concurrent class unloading 0.524ms
[1.467s][info][gc       ] GC(2) Concurrent strong roots 0.081ms
[1.468s][info][gc       ] GC(2) Concurrent evacuation 1.116ms
[1.468s][info][gc       ] GC(2) Pause Init Update Refs 0.012ms
[1.468s][info][safepoint] Safepoint "ShenandoahInitUpdateRefs", Time since last: 4507734 ns, Reaching safepoint: 107342 ns, At safepoint: 108428 ns, Total: 215770 ns
[1.596s][info][gc       ] GC(2) Concurrent update references 128.136ms
[1.597s][info][gc       ] GC(2) Concurrent update thread roots 0.570ms
[1.598s][info][gc       ] GC(2) Pause Final Update Refs 0.146ms
[1.599s][info][safepoint] Safepoint "ShenandoahFinalUpdateRefs", Time since last: 129642510 ns, Reaching safepoint: 231086 ns, At safepoint: 486656 ns, Total: 717742 ns
[1.599s][info][gc       ] GC(2) Concurrent cleanup 2472M->2462M(2790M) 0.153ms
[1.601s][info][gc       ] Trigger: Learning 4 of 5. Free (3572M) is below initial threshold (4450M)
[1.603s][info][gc       ] GC(3) Concurrent reset 2.263ms
[1.604s][info][gc       ] GC(3) Pause Init Mark (unload classes) 0.096ms
[1.604s][info][safepoint] Safepoint "ShenandoahInitMark", Time since last: 4790626 ns, Reaching safepoint: 112341 ns, At safepoint: 194558 ns, Total: 306899 ns
[1.604s][info][gc       ] GC(3) Concurrent marking roots 0.204ms
[1.814s][info][gc       ] GC(3) Concurrent marking (unload classes) 210.398ms
[1.816s][info][gc       ] GC(3) Pause Final Mark (unload classes) 0.815ms
[1.817s][info][safepoint] Safepoint "ShenandoahFinalMarkStartEvac", Time since last: 211430227 ns, Reaching safepoint: 229122 ns, At safepoint: 1341802 ns, Total: 1570924 ns
[1.817s][info][gc       ] GC(3) Concurrent thread roots 0.350ms
[1.818s][info][gc       ] GC(3) Concurrent weak references 0.098ms
[1.819s][info][gc       ] GC(3) Concurrent weak roots 0.501ms
[1.820s][info][gc       ] GC(3) Concurrent cleanup 2920M->2268M(2930M) 0.208ms
[1.820s][info][gc       ] GC(3) Concurrent class unloading 0.537ms
[1.821s][info][gc       ] GC(3) Concurrent strong roots 0.068ms
[1.822s][info][gc       ] GC(3) Concurrent evacuation 0.863ms
[1.822s][info][gc       ] GC(3) Pause Init Update Refs 0.005ms
[1.822s][info][safepoint] Safepoint "ShenandoahInitUpdateRefs", Time since last: 4981191 ns, Reaching safepoint: 107412 ns, At safepoint: 92076 ns, Total: 199488 ns
[1.959s][info][gc       ] GC(3) Concurrent update references 137.368ms
[1.960s][info][gc       ] GC(3) Concurrent update thread roots 0.426ms
[1.961s][info][gc       ] GC(3) Pause Final Update Refs 0.155ms
[1.961s][info][safepoint] Safepoint "ShenandoahFinalUpdateRefs", Time since last: 138841125 ns, Reaching safepoint: 250844 ns, At safepoint: 508753 ns, Total: 759597 ns
[1.962s][info][gc       ] GC(3) Concurrent cleanup 2567M->2561M(2930M) 0.267ms
[1.964s][info][gc       ] Trigger: Learning 5 of 5. Free (3471M) is below initial threshold (4450M)
[1.967s][info][gc       ] GC(4) Concurrent reset 2.622ms
[1.967s][info][gc       ] GC(4) Pause Init Mark (unload classes) 0.099ms
[1.967s][info][safepoint] Safepoint "ShenandoahInitMark", Time since last: 5643354 ns, Reaching safepoint: 180860 ns, At safepoint: 227988 ns, Total: 408848 ns
[1.968s][info][gc       ] GC(4) Concurrent marking roots 0.214ms
[2.166s][info][gc       ] GC(4) Concurrent marking (unload classes) 197.998ms
[2.167s][info][gc       ] GC(4) Pause Final Mark (unload classes) 0.603ms
[2.168s][info][safepoint] Safepoint "ShenandoahFinalMarkStartEvac", Time since last: 198995345 ns, Reaching safepoint: 129900 ns, At safepoint: 962418 ns, Total: 1092318 ns
[2.168s][info][gc       ] GC(4) Concurrent thread roots 0.230ms
[2.168s][info][gc       ] GC(4) Concurrent weak references 0.088ms
[2.169s][info][gc       ] GC(4) Concurrent weak roots 0.223ms
[2.169s][info][gc       ] GC(4) Concurrent cleanup 2983M->2229M(2992M) 0.173ms
[2.170s][info][gc       ] GC(4) Concurrent class unloading 0.601ms
[2.170s][info][gc       ] GC(4) Concurrent strong roots 0.076ms
[2.171s][info][gc       ] GC(4) Concurrent evacuation 1.248ms
[2.172s][info][gc       ] GC(4) Pause Init Update Refs 0.004ms
[2.172s][info][safepoint] Safepoint "ShenandoahInitUpdateRefs", Time since last: 3909913 ns, Reaching safepoint: 112976 ns, At safepoint: 163119 ns, Total: 276095 ns
[2.305s][info][gc       ] GC(4) Concurrent update references 133.553ms
[2.306s][info][gc       ] GC(4) Concurrent update thread roots 0.388ms
[2.307s][info][gc       ] GC(4) Pause Final Update Refs 0.141ms
[2.307s][info][safepoint] Safepoint "ShenandoahFinalUpdateRefs", Time since last: 134764943 ns, Reaching safepoint: 188970 ns, At safepoint: 543837 ns, Total: 732807 ns
[2.308s][info][gc       ] GC(4) Concurrent cleanup 2481M->2474M(2992M) 0.135ms
[3.335s][info][gc       ] Trigger: Average GC time (395.02 ms) is above the time for average allocation rate (2256 MB/s) to deplete free headroom (888M) (margin of error = 1.80)
[3.338s][info][gc       ] GC(5) Concurrent reset 2.563ms
[3.339s][info][gc       ] GC(5) Pause Init Mark (unload classes) 0.106ms
[3.339s][info][safepoint] Safepoint "ShenandoahInitMark", Time since last: 1031286698 ns, Reaching safepoint: 217020 ns, At safepoint: 307148 ns, Total: 524168 ns
[3.340s][info][gc       ] GC(5) Concurrent marking roots 0.301ms
[3.544s][info][gc       ] GC(5) Concurrent marking (unload classes) 204.072ms
[3.545s][info][gc       ] GC(5) Pause Final Mark (unload classes) 0.649ms
[3.545s][info][safepoint] Safepoint "ShenandoahFinalMarkStartEvac", Time since last: 205170330 ns, Reaching safepoint: 205129 ns, At safepoint: 835599 ns, Total: 1040728 ns
[3.546s][info][gc       ] GC(5) Concurrent weak references 0.107ms
[3.546s][info][gc       ] GC(5) Concurrent weak roots 0.285ms
[3.546s][info][gc       ] GC(5) Concurrent cleanup 5160M->2140M(5172M) 0.239ms
[3.547s][info][gc       ] GC(5) Concurrent class unloading 0.573ms
[3.547s][info][gc       ] GC(5) Pause Final Roots 0.003ms
[3.548s][info][safepoint] Safepoint "ShenandoahFinalRoots", Time since last: 2093770 ns, Reaching safepoint: 110174 ns, At safepoint: 118995 ns, Total: 229169 ns
[4.471s][info][gc       ] Trigger: Average GC time (415.34 ms) is above the time for average allocation rate (2820 MB/s) to deplete free headroom (1170M) (margin of error = 1.79)
[4.473s][info][gc       ] GC(6) Concurrent reset 2.317ms
[4.474s][info][gc       ] GC(6) Pause Init Mark (unload classes) 0.219ms
[4.475s][info][safepoint] Safepoint "ShenandoahInitMark", Time since last: 926295521 ns, Reaching safepoint: 327111 ns, At safepoint: 629454 ns, Total: 956565 ns
[4.476s][info][gc       ] GC(6) Concurrent marking roots 0.298ms
[4.657s][info][gc       ] GC(6) Concurrent marking (unload classes) 181.313ms
[4.659s][info][gc       ] GC(6) Pause Final Mark (unload classes) 0.564ms
[4.659s][info][safepoint] Safepoint "ShenandoahFinalMarkStartEvac", Time since last: 182976346 ns, Reaching safepoint: 280546 ns, At safepoint: 833441 ns, Total: 1113987 ns
[4.659s][info][gc       ] GC(6) Concurrent weak references 0.055ms
[4.660s][info][gc       ] GC(6) Concurrent weak roots 0.475ms
[4.661s][info][gc       ] GC(6) Concurrent cleanup 5024M->2284M(5172M) 0.259ms
[4.662s][info][gc       ] GC(6) Concurrent class unloading 0.514ms
[4.662s][info][gc       ] GC(6) Pause Final Roots 0.002ms
[4.662s][info][safepoint] Safepoint "ShenandoahFinalRoots", Time since last: 2776848 ns, Reaching safepoint: 109405 ns, At safepoint: 86748 ns, Total: 196153 ns
[5.523s][info][gc       ] Trigger: Average GC time (362.17 ms) is above the time for average allocation rate (2818 MB/s) to deplete free headroom (1020M) (margin of error = 1.79)
[5.526s][info][gc       ] GC(7) Concurrent reset 2.248ms
[5.526s][info][gc       ] GC(7) Pause Init Mark (unload classes) 0.107ms
[5.527s][info][safepoint] Safepoint "ShenandoahInitMark", Time since last: 864123377 ns, Reaching safepoint: 195689 ns, At safepoint: 418346 ns, Total: 614035 ns
[5.527s][info][gc       ] GC(7) Concurrent marking roots 0.240ms
[5.708s][info][gc       ] GC(7) Concurrent marking (unload classes) 179.917ms
[5.709s][info][gc       ] GC(7) Pause Final Mark (unload classes) 0.576ms
[5.709s][info][safepoint] Safepoint "ShenandoahFinalMarkStartEvac", Time since last: 181594137 ns, Reaching safepoint: 209543 ns, At safepoint: 903386 ns, Total: 1112929 ns
[5.710s][info][gc       ] GC(7) Concurrent weak references 0.045ms
[5.710s][info][gc       ] GC(7) Concurrent weak roots 0.213ms
[5.710s][info][gc       ] GC(7) Concurrent cleanup 5072M->2184M(5172M) 0.213ms
[5.711s][info][gc       ] GC(7) Concurrent class unloading 0.533ms
[5.711s][info][gc       ] GC(7) Pause Final Roots 0.002ms
[5.712s][info][safepoint] Safepoint "ShenandoahFinalRoots", Time since last: 2031467 ns, Reaching safepoint: 106825 ns, At safepoint: 164167 ns, Total: 270992 ns
[6.618s][info][gc       ] Trigger: Average GC time (311.14 ms) is above the time for average allocation rate (2968 MB/s) to deplete free headroom (920M) (margin of error = 1.79)
[6.621s][info][gc       ] GC(8) Concurrent reset 2.547ms
[6.622s][info][gc       ] GC(8) Pause Init Mark (unload classes) 0.119ms
[6.622s][info][safepoint] Safepoint "ShenandoahInitMark", Time since last: 909575772 ns, Reaching safepoint: 191038 ns, At safepoint: 351140 ns, Total: 542178 ns
[6.622s][info][gc       ] GC(8) Concurrent marking roots 0.205ms
[6.817s][info][gc       ] GC(8) Concurrent marking (unload classes) 194.396ms
[6.818s][info][gc       ] GC(8) Pause Final Mark (unload classes) 0.605ms
[6.819s][info][safepoint] Safepoint "ShenandoahFinalMarkStartEvac", Time since last: 195320857 ns, Reaching safepoint: 600742 ns, At safepoint: 815135 ns, Total: 1415877 ns
[6.819s][info][gc       ] GC(8) Concurrent weak references 0.044ms
[6.819s][info][gc       ] GC(8) Concurrent weak roots 0.228ms
[6.820s][info][gc       ] GC(8) Concurrent cleanup 5180M->2196M(5192M) 0.223ms
[6.820s][info][gc       ] GC(8) Concurrent class unloading 0.492ms
[6.820s][info][gc       ] GC(8) Pause Final Roots 0.002ms
[6.821s][info][safepoint] Safepoint "ShenandoahFinalRoots", Time since last: 1813753 ns, Reaching safepoint: 103968 ns, At safepoint: 76154 ns, Total: 180122 ns
[7.775s][info][gc       ] Trigger: Average GC time (277.67 ms) is above the time for average allocation rate (2936 MB/s) to deplete free headroom (812M) (margin of error = 1.79)
[7.777s][info][gc       ] GC(9) Concurrent reset 2.375ms
[7.778s][info][gc       ] GC(9) Pause Init Mark (unload classes) 0.102ms
[7.779s][info][safepoint] Safepoint "ShenandoahInitMark", Time since last: 957430312 ns, Reaching safepoint: 203872 ns, At safepoint: 375691 ns, Total: 579563 ns
[7.779s][info][gc       ] GC(9) Concurrent marking roots 0.274ms
[7.945s][info][gc       ] GC(9) Concurrent marking (unload classes) 165.803ms
[7.946s][info][gc       ] GC(9) Pause Final Mark (unload classes) 0.486ms
[7.947s][info][safepoint] Safepoint "ShenandoahFinalMarkStartEvac", Time since last: 167129011 ns, Reaching safepoint: 205134 ns, At safepoint: 723548 ns, Total: 928682 ns
[7.947s][info][gc       ] GC(9) Concurrent weak references 0.128ms
[7.948s][info][gc       ] GC(9) Concurrent weak roots 0.550ms
[7.948s][info][gc       ] GC(9) Concurrent cleanup 5288M->2192M(5300M) 0.219ms
[7.949s][info][gc       ] GC(9) Concurrent class unloading 0.558ms
[7.949s][info][gc       ] GC(9) Pause Final Roots 0.002ms
[7.949s][info][safepoint] Safepoint "ShenandoahFinalRoots", Time since last: 2417968 ns, Reaching safepoint: 102049 ns, At safepoint: 92317 ns, Total: 194366 ns
[8.949s][info][gc       ] Trigger: Average GC time (248.73 ms) is above the time for average allocation rate (2841 MB/s) to deplete free headroom (704M) (margin of error = 1.79)
[8.952s][info][gc       ] GC(10) Concurrent reset 2.521ms
[8.952s][info][gc       ] GC(10) Pause Init Mark (unload classes) 0.093ms
[8.953s][info][safepoint] Safepoint "ShenandoahInitMark", Time since last: 1002791648 ns, Reaching safepoint: 153700 ns, At safepoint: 485060 ns, Total: 638760 ns
[8.953s][info][gc       ] GC(10) Concurrent marking roots 0.234ms
[9.140s][info][gc       ] GC(10) Concurrent marking (unload classes) 186.718ms
[9.142s][info][gc       ] GC(10) Pause Final Mark (unload classes) 0.644ms
[9.142s][info][safepoint] Safepoint "ShenandoahFinalMarkStartEvac", Time since last: 188197902 ns, Reaching safepoint: 406174 ns, At safepoint: 937401 ns, Total: 1343575 ns
[9.143s][info][gc       ] GC(10) Concurrent weak references 0.087ms
[9.144s][info][gc       ] GC(10) Concurrent weak roots 0.688ms
[9.144s][info][gc       ] GC(10) Concurrent cleanup 5400M->2198M(5412M) 0.219ms
[9.145s][info][gc       ] GC(10) Concurrent class unloading 0.503ms
[9.145s][info][gc       ] GC(10) Pause Final Roots 0.004ms
[9.145s][info][safepoint] Safepoint "ShenandoahFinalRoots", Time since last: 2790664 ns, Reaching safepoint: 245592 ns, At safepoint: 258286 ns, Total: 503878 ns
[10.118s][info][gc       ] Trigger: Average GC time (234.74 ms) is above the time for average allocation rate (2940 MB/s) to deplete free headroom (690M) (margin of error = 1.78)
[10.121s][info][gc       ] GC(11) Concurrent reset 2.265ms
[10.121s][info][gc       ] GC(11) Pause Init Mark (unload classes) 0.182ms
[10.122s][info][safepoint] Safepoint "ShenandoahInitMark", Time since last: 975695715 ns, Reaching safepoint: 45173 ns, At safepoint: 676165 ns, Total: 721338 ns
[10.123s][info][gc       ] GC(11) Concurrent marking roots 0.248ms
[10.294s][info][gc       ] GC(11) Concurrent marking (unload classes) 171.100ms
[10.296s][info][gc       ] GC(11) Pause Final Mark (unload classes) 0.917ms
[10.297s][info][safepoint] Safepoint "ShenandoahFinalMarkStartEvac", Time since last: 172859414 ns, Reaching safepoint: 285770 ns, At safepoint: 1579006 ns, Total: 1864776 ns
[10.297s][info][gc       ] GC(11) Concurrent weak references 0.078ms
[10.298s][info][gc       ] GC(11) Concurrent weak roots 0.701ms
[10.298s][info][gc       ] GC(11) Concurrent cleanup 5434M->2218M(5446M) 0.203ms
[10.299s][info][gc       ] GC(11) Concurrent class unloading 0.494ms
[10.299s][info][gc       ] GC(11) Pause Final Roots 0.002ms
[10.299s][info][safepoint] Safepoint "ShenandoahFinalRoots", Time since last: 2543550 ns, Reaching safepoint: 103675 ns, At safepoint: 241680 ns, Total: 345355 ns
[11.279s][info][gc       ] Trigger: Average GC time (218.44 ms) is above the time for average allocation rate (2941 MB/s) to deplete free headroom (640M) (margin of error = 1.77)
[11.283s][info][gc       ] GC(12) Concurrent reset 2.607ms
[11.283s][info][gc       ] GC(12) Pause Init Mark (unload classes) 0.097ms
[11.284s][info][safepoint] Safepoint "ShenandoahInitMark", Time since last: 983465458 ns, Reaching safepoint: 203991 ns, At safepoint: 376726 ns, Total: 580717 ns
[11.284s][info][gc       ] GC(12) Concurrent marking roots 0.242ms
[11.454s][info][gc       ] GC(12) Concurrent marking (unload classes) 169.129ms
[11.455s][info][gc       ] GC(12) Pause Final Mark (unload classes) 0.472ms
[11.455s][info][safepoint] Safepoint "ShenandoahFinalMarkStartEvac", Time since last: 170354433 ns, Reaching safepoint: 480156 ns, At safepoint: 746683 ns, Total: 1226839 ns
[11.455s][info][gc       ] GC(12) Concurrent weak references 0.074ms
[11.456s][info][gc       ] GC(12) Concurrent weak roots 0.222ms
[11.456s][info][gc       ] GC(12) Concurrent cleanup 5488M->2224M(5500M) 0.220ms
[11.457s][info][gc       ] GC(12) Concurrent class unloading 0.498ms
[11.457s][info][gc       ] GC(12) Pause Final Roots 0.002ms
[11.457s][info][safepoint] Safepoint "ShenandoahFinalRoots", Time since last: 1799247 ns, Reaching safepoint: 197791 ns, At safepoint: 113767 ns, Total: 311558 ns
[12.465s][info][gc       ] Trigger: Average GC time (206.07 ms) is above the time for average allocation rate (2860 MB/s) to deplete free headroom (588M) (margin of error = 1.77)
[12.468s][info][gc       ] GC(13) Concurrent reset 2.645ms
[12.469s][info][gc       ] GC(13) Pause Init Mark (unload classes) 0.090ms
[12.469s][info][safepoint] Safepoint "ShenandoahInitMark", Time since last: 1011390452 ns, Reaching safepoint: 266788 ns, At safepoint: 435439 ns, Total: 702227 ns
[12.470s][info][gc       ] GC(13) Concurrent marking roots 0.233ms
[12.671s][info][gc       ] GC(13) Concurrent marking (unload classes) 201.015ms
[12.673s][info][gc       ] GC(13) Pause Final Mark (unload classes) 0.643ms
[12.673s][info][safepoint] Safepoint "ShenandoahFinalMarkStartEvac", Time since last: 202440167 ns, Reaching safepoint: 334976 ns, At safepoint: 1176324 ns, Total: 1511300 ns
[12.674s][info][gc       ] GC(13) Concurrent weak references 0.205ms
[12.675s][info][gc       ] GC(13) Concurrent weak roots 0.350ms
[12.675s][info][gc       ] GC(13) Concurrent cleanup 5448M->2134M(5500M) 0.270ms
[12.676s][info][gc       ] GC(13) Concurrent class unloading 0.526ms
[12.676s][info][gc       ] GC(13) Pause Final Roots 0.002ms
[12.676s][info][safepoint] Safepoint "ShenandoahFinalRoots", Time since last: 2908810 ns, Reaching safepoint: 116640 ns, At safepoint: 112247 ns, Total: 228887 ns
[13.080s][info][gc       ] Trigger: Average GC time (226.71 ms) is above the time for instantaneous allocation rate (8966 MB/s) to deplete free headroom (1802M) (spike threshold = 1.80)
[13.084s][info][gc       ] GC(14) Concurrent reset 2.778ms
[13.084s][info][gc       ] GC(14) Pause Init Mark (unload classes) 0.170ms
[13.085s][info][safepoint] Safepoint "ShenandoahInitMark", Time since last: 407577243 ns, Reaching safepoint: 270850 ns, At safepoint: 592931 ns, Total: 863781 ns
[13.086s][info][gc       ] GC(14) Concurrent marking roots 0.222ms
[13.203s][info][gc       ] GC(14) Concurrent marking (unload classes) 117.491ms
[13.205s][info][gc       ] GC(14) Pause Final Mark (unload classes) 0.642ms
[13.205s][info][safepoint] Safepoint "ShenandoahFinalMarkStartEvac", Time since last: 118942333 ns, Reaching safepoint: 148565 ns, At safepoint: 1107262 ns, Total: 1255827 ns
[13.206s][info][gc       ] GC(14) Concurrent weak references 0.054ms
[13.206s][info][gc       ] GC(14) Concurrent weak roots 0.324ms
[13.207s][info][gc       ] GC(14) Concurrent cleanup 4538M->1548M(5500M) 0.219ms
[13.208s][info][gc       ] GC(14) Concurrent class unloading 0.611ms
[13.208s][info][gc       ] GC(14) Pause Final Roots 0.002ms
[13.209s][info][safepoint] Safepoint "ShenandoahFinalRoots", Time since last: 3188869 ns, Reaching safepoint: 103773 ns, At safepoint: 346305 ns, Total: 450078 ns
[14.434s][info][gc       ] Trigger: Average GC time (226.39 ms) is above the time for average allocation rate (2976 MB/s) to deplete free headroom (672M) (margin of error = 1.76)
[14.436s][info][gc       ] GC(15) Concurrent reset 1.809ms
[14.437s][info][gc       ] GC(15) Pause Init Mark (unload classes) 0.110ms
[14.437s][info][safepoint] Safepoint "ShenandoahInitMark", Time since last: 1228056690 ns, Reaching safepoint: 134197 ns, At safepoint: 415746 ns, Total: 549943 ns
[14.438s][info][gc       ] GC(15) Concurrent marking roots 0.255ms
[14.634s][info][gc       ] GC(15) Concurrent marking (unload classes) 195.619ms
[14.635s][info][gc       ] GC(15) Pause Final Mark (unload classes) 0.554ms
[14.635s][info][safepoint] Safepoint "ShenandoahFinalMarkStartEvac", Time since last: 197105322 ns, Reaching safepoint: 242464 ns, At safepoint: 823291 ns, Total: 1065755 ns
[14.636s][info][gc       ] GC(15) Concurrent weak references 0.043ms
[14.636s][info][gc       ] GC(15) Concurrent weak roots 0.291ms
[14.637s][info][gc       ] GC(15) Concurrent cleanup 5517M->2302M(5532M) 0.238ms
[14.637s][info][gc       ] GC(15) Concurrent class unloading 0.541ms
[14.638s][info][gc       ] GC(15) Pause Final Roots 0.002ms
[14.638s][info][safepoint] Safepoint "ShenandoahFinalRoots", Time since last: 1971092 ns, Reaching safepoint: 120812 ns, At safepoint: 108361 ns, Total: 229173 ns
[15.563s][info][gc       ] Trigger: Average GC time (240.80 ms) is above the time for average allocation rate (2960 MB/s) to deplete free headroom (712M) (margin of error = 1.77)
[15.566s][info][gc       ] GC(16) Concurrent reset 2.696ms
[15.567s][info][gc       ] GC(16) Pause Init Mark (unload classes) 0.134ms
[15.567s][info][safepoint] Safepoint "ShenandoahInitMark", Time since last: 929033880 ns, Reaching safepoint: 147152 ns, At safepoint: 378174 ns, Total: 525326 ns
[15.568s][info][gc       ] GC(16) Concurrent marking roots 0.346ms
[15.735s][info][gc       ] GC(16) Concurrent marking (unload classes) 166.626ms
[15.736s][info][gc       ] GC(16) Pause Final Mark (unload classes) 0.451ms
[15.736s][info][safepoint] Safepoint "ShenandoahFinalMarkStartEvac", Time since last: 168250322 ns, Reaching safepoint: 152291 ns, At safepoint: 736311 ns, Total: 888602 ns
[15.737s][info][gc       ] GC(16) Concurrent weak references 0.093ms
[15.737s][info][gc       ] GC(16) Concurrent weak roots 0.298ms
[15.738s][info][gc       ] GC(16) Concurrent cleanup 5454M->2276M(5532M) 0.212ms
[15.739s][info][gc       ] GC(16) Concurrent class unloading 0.545ms
[15.739s][info][gc       ] GC(16) Pause Final Roots 0.002ms
[15.739s][info][safepoint] Safepoint "ShenandoahFinalRoots", Time since last: 2471013 ns, Reaching safepoint: 133251 ns, At safepoint: 248391 ns, Total: 381642 ns
[16.697s][info][gc       ] Trigger: Average GC time (220.93 ms) is above the time for average allocation rate (2908 MB/s) to deplete free headroom (642M) (margin of error = 1.78)
[16.700s][info][gc       ] GC(17) Concurrent reset 2.511ms
[16.701s][info][gc       ] GC(17) Pause Init Mark (unload classes) 0.120ms
[16.701s][info][safepoint] Safepoint "ShenandoahInitMark", Time since last: 960964072 ns, Reaching safepoint: 207932 ns, At safepoint: 369659 ns, Total: 577591 ns
[16.701s][info][gc       ] GC(17) Concurrent marking roots 0.259ms
[16.873s][info][gc       ] GC(17) Concurrent marking (unload classes) 171.125ms
[16.874s][info][gc       ] GC(17) Pause Final Mark (unload classes) 0.558ms
[16.874s][info][safepoint] Safepoint "ShenandoahFinalMarkStartEvac", Time since last: 172566634 ns, Reaching safepoint: 244371 ns, At safepoint: 839573 ns, Total: 1083944 ns
[16.875s][info][gc       ] GC(17) Concurrent weak references 0.055ms
[16.875s][info][gc       ] GC(17) Concurrent weak roots 0.212ms
[16.876s][info][gc       ] GC(17) Concurrent cleanup 5516M->2270M(5532M) 0.214ms
[16.876s][info][gc       ] GC(17) Concurrent class unloading 0.541ms
[16.877s][info][gc       ] GC(17) Pause Final Roots 0.002ms
[16.877s][info][safepoint] Safepoint "ShenandoahFinalRoots", Time since last: 2022641 ns, Reaching safepoint: 105046 ns, At safepoint: 168810 ns, Total: 273856 ns
[17.832s][info][gc       ] Trigger: Average GC time (208.96 ms) is above the time for average allocation rate (2976 MB/s) to deplete free headroom (620M) (margin of error = 1.78)
[17.835s][info][gc       ] GC(18) Concurrent reset 2.409ms
[17.836s][info][gc       ] GC(18) Pause Init Mark (unload classes) 0.113ms
[17.836s][info][safepoint] Safepoint "ShenandoahInitMark", Time since last: 958671929 ns, Reaching safepoint: 176983 ns, At safepoint: 404775 ns, Total: 581758 ns
[17.836s][info][gc       ] GC(18) Concurrent marking roots 0.225ms
[18.006s][info][gc       ] GC(18) Concurrent marking (unload classes) 169.231ms
[18.008s][info][gc       ] GC(18) Pause Final Mark (unload classes) 0.586ms
[18.008s][info][safepoint] Safepoint "ShenandoahFinalMarkStartEvac", Time since last: 170658687 ns, Reaching safepoint: 421509 ns, At safepoint: 1033444 ns, Total: 1454953 ns
[18.009s][info][gc       ] GC(18) Concurrent weak references 0.132ms
[18.009s][info][gc       ] GC(18) Concurrent weak roots 0.546ms
[18.010s][info][gc       ] GC(18) Concurrent cleanup 5534M->2266M(5548M) 0.213ms
[18.011s][info][gc       ] GC(18) Concurrent class unloading 0.552ms
[18.011s][info][gc       ] GC(18) Pause Final Roots 0.002ms
[18.011s][info][safepoint] Safepoint "ShenandoahFinalRoots", Time since last: 2827583 ns, Reaching safepoint: 99616 ns, At safepoint: 105102 ns, Total: 204718 ns
[19.011s][info][gc       ] Trigger: Average GC time (199.90 ms) is above the time for average allocation rate (2866 MB/s) to deplete free headroom (572M) (margin of error = 1.78)
[19.014s][info][gc       ] GC(19) Concurrent reset 2.944ms
[19.015s][info][gc       ] GC(19) Pause Init Mark (unload classes) 0.084ms
[19.015s][info][safepoint] Safepoint "ShenandoahInitMark", Time since last: 1003572188 ns, Reaching safepoint: 179278 ns, At safepoint: 455912 ns, Total: 635190 ns
[19.016s][info][gc       ] GC(19) Concurrent marking roots 0.238ms
[19.190s][info][gc       ] GC(19) Concurrent marking (unload classes) 174.047ms
[19.192s][info][gc       ] GC(19) Pause Final Mark (unload classes) 0.601ms
[19.192s][info][safepoint] Safepoint "ShenandoahFinalMarkStartEvac", Time since last: 175552855 ns, Reaching safepoint: 197596 ns, At safepoint: 839536 ns, Total: 1037132 ns
[19.192s][info][gc       ] GC(19) Concurrent weak references 0.071ms
[19.193s][info][gc       ] GC(19) Concurrent weak roots 0.301ms
[19.193s][info][gc       ] GC(19) Concurrent cleanup 5568M->2250M(5582M) 0.208ms
[19.194s][info][gc       ] GC(19) Concurrent class unloading 0.556ms
[19.194s][info][gc       ] GC(19) Pause Final Roots 0.002ms
[19.194s][info][safepoint] Safepoint "ShenandoahFinalRoots", Time since last: 1936350 ns, Reaching safepoint: 104468 ns, At safepoint: 95871 ns, Total: 200339 ns
[20.176s][info][gc       ] Trigger: Average GC time (196.03 ms) is above the time for average allocation rate (2961 MB/s) to deplete free headroom (580M) (margin of error = 1.78)
[20.179s][info][gc       ] GC(20) Concurrent reset 2.272ms
[20.179s][info][gc       ] GC(20) Pause Init Mark (unload classes) 0.095ms
[20.180s][info][safepoint] Safepoint "ShenandoahInitMark", Time since last: 985008676 ns, Reaching safepoint: 107316 ns, At safepoint: 473571 ns, Total: 580887 ns
[20.180s][info][gc       ] GC(20) Concurrent marking roots 0.234ms
[20.346s][info][gc       ] GC(20) Concurrent marking (unload classes) 165.536ms
[20.347s][info][gc       ] GC(20) Pause Final Mark (unload classes) 0.634ms
[20.348s][info][safepoint] Safepoint "ShenandoahFinalMarkStartEvac", Time since last: 166965271 ns, Reaching safepoint: 211223 ns, At safepoint: 1140166 ns, Total: 1351389 ns
[20.348s][info][gc       ] GC(20) Concurrent weak references 0.079ms
[20.349s][info][gc       ] GC(20) Concurrent weak roots 0.362ms
[20.350s][info][gc       ] GC(20) Concurrent cleanup 5574M->2270M(5588M) 0.233ms
[20.350s][info][gc       ] GC(20) Concurrent class unloading 0.558ms
[20.350s][info][gc       ] GC(20) Pause Final Roots 0.002ms
[20.351s][info][safepoint] Safepoint "ShenandoahFinalRoots", Time since last: 2432113 ns, Reaching safepoint: 103851 ns, At safepoint: 103634 ns, Total: 207485 ns
[21.347s][info][gc       ] Trigger: Average GC time (189.80 ms) is above the time for average allocation rate (2977 MB/s) to deplete free headroom (564M) (margin of error = 1.78)
[21.350s][info][gc       ] GC(21) Concurrent reset 2.655ms
[21.351s][info][gc       ] GC(21) Pause Init Mark (unload classes) 0.096ms
[21.351s][info][safepoint] Safepoint "ShenandoahInitMark", Time since last: 1000215571 ns, Reaching safepoint: 201818 ns, At safepoint: 371004 ns, Total: 572822 ns
[21.352s][info][gc       ] GC(21) Concurrent marking roots 0.261ms
[21.528s][info][gc       ] GC(21) Concurrent marking (unload classes) 175.590ms
[21.529s][info][gc       ] GC(21) Pause Final Mark (unload classes) 0.595ms
[21.530s][info][safepoint] Safepoint "ShenandoahFinalMarkStartEvac", Time since last: 177023258 ns, Reaching safepoint: 229012 ns, At safepoint: 986841 ns, Total: 1215853 ns
[21.530s][info][gc       ] GC(21) Concurrent weak references 0.071ms
[21.531s][info][gc       ] GC(21) Concurrent weak roots 0.265ms
[21.531s][info][gc       ] GC(21) Concurrent cleanup 5562M->2236M(5588M) 0.254ms
[21.532s][info][gc       ] GC(21) Concurrent class unloading 0.548ms
[21.532s][info][gc       ] GC(21) Pause Final Roots 0.002ms
[21.532s][info][safepoint] Safepoint "ShenandoahFinalRoots", Time since last: 2305986 ns, Reaching safepoint: 122407 ns, At safepoint: 215409 ns, Total: 337816 ns
[22.532s][info][gc       ] Trigger: Average GC time (192.07 ms) is above the time for average allocation rate (2997 MB/s) to deplete free headroom (574M) (margin of error = 1.78)
[22.535s][info][gc       ] GC(22) Concurrent reset 2.550ms
[22.536s][info][gc       ] GC(22) Pause Init Mark (unload classes) 0.242ms
[22.536s][info][safepoint] Safepoint "ShenandoahInitMark", Time since last: 1003091188 ns, Reaching safepoint: 295689 ns, At safepoint: 652435 ns, Total: 948124 ns
[22.537s][info][gc       ] GC(22) Concurrent marking roots 0.226ms
[22.703s][info][gc       ] GC(22) Concurrent marking (unload classes) 165.765ms
[22.704s][info][gc       ] GC(22) Pause Final Mark (unload classes) 0.549ms
[22.705s][info][safepoint] Safepoint "ShenandoahFinalMarkStartEvac", Time since last: 167245059 ns, Reaching safepoint: 187562 ns, At safepoint: 856506 ns, Total: 1044068 ns
[22.705s][info][gc       ] GC(22) Concurrent weak references 0.042ms
[22.705s][info][gc       ] GC(22) Concurrent weak roots 0.258ms
[22.706s][info][gc       ] GC(22) Concurrent cleanup 5586M->2270M(5600M) 0.230ms
[22.707s][info][gc       ] GC(22) Concurrent class unloading 0.496ms
[22.707s][info][gc       ] GC(22) Pause Final Roots 0.002ms
[22.707s][info][safepoint] Safepoint "ShenandoahFinalRoots", Time since last: 2261214 ns, Reaching safepoint: 144674 ns, At safepoint: 239263 ns, Total: 383937 ns
[23.695s][info][gc       ] Trigger: Average GC time (187.57 ms) is above the time for average allocation rate (2975 MB/s) to deplete free headroom (556M) (margin of error = 1.78)
[23.698s][info][gc       ] GC(23) Concurrent reset 2.651ms
[23.699s][info][gc       ] GC(23) Pause Init Mark (unload classes) 0.125ms
[23.699s][info][safepoint] Safepoint "ShenandoahInitMark", Time since last: 991289190 ns, Reaching safepoint: 282981 ns, At safepoint: 448691 ns, Total: 731672 ns
[23.700s][info][gc       ] GC(23) Concurrent marking roots 0.257ms
[23.891s][info][gc       ] GC(23) Concurrent marking (unload classes) 190.647ms
[23.893s][info][gc       ] GC(23) Pause Final Mark (unload classes) 0.577ms
[23.893s][info][safepoint] Safepoint "ShenandoahFinalMarkStartEvac", Time since last: 192058063 ns, Reaching safepoint: 797398 ns, At safepoint: 1051403 ns, Total: 1848801 ns
[23.894s][info][gc       ] GC(23) Concurrent weak references 0.198ms
[23.895s][info][gc       ] GC(23) Concurrent weak roots 0.427ms
[23.895s][info][gc       ] GC(23) Concurrent cleanup 5596M->2262M(5610M) 0.214ms
[23.896s][info][gc       ] GC(23) Concurrent class unloading 0.574ms
[23.896s][info][gc       ] GC(23) Pause Final Roots 0.004ms
[23.897s][info][safepoint] Safepoint "ShenandoahFinalRoots", Time since last: 2917098 ns, Reaching safepoint: 244344 ns, At safepoint: 314810 ns, Total: 559154 ns
[24.402s][info][gc       ] Trigger: Average GC time (211.58 ms) is above the time for average allocation rate (6563 MB/s) to deplete free headroom (1124M) (margin of error = 1.78)
[24.405s][info][gc       ] GC(24) Concurrent reset 2.804ms
[24.406s][info][gc       ] GC(24) Pause Init Mark (unload classes) 0.109ms
[24.407s][info][safepoint] Safepoint "ShenandoahInitMark", Time since last: 509130699 ns, Reaching safepoint: 260965 ns, At safepoint: 613212 ns, Total: 874177 ns
[24.407s][info][gc       ] GC(24) Concurrent marking roots 0.246ms
[24.578s][info][gc       ] GC(24) Concurrent marking (unload classes) 169.781ms
[24.579s][info][gc       ] GC(24) Pause Final Mark (unload classes) 0.687ms
[24.580s][info][safepoint] Safepoint "ShenandoahFinalMarkStartEvac", Time since last: 171664908 ns, Reaching safepoint: 186001 ns, At safepoint: 1052384 ns, Total: 1238385 ns
[24.580s][info][gc       ] GC(24) Concurrent weak references 0.188ms
[24.581s][info][gc       ] GC(24) Concurrent weak roots 0.316ms
[24.581s][info][gc       ] GC(24) Concurrent cleanup 5165M->1814M(5610M) 0.202ms
[24.582s][info][gc       ] GC(24) Concurrent class unloading 0.515ms
[24.583s][info][gc       ] GC(24) Pause Final Roots 0.002ms
[24.583s][info][safepoint] Safepoint "ShenandoahFinalRoots", Time since last: 2900527 ns, Reaching safepoint: 112286 ns, At safepoint: 335168 ns, Total: 447454 ns
[25.753s][info][gc       ] Trigger: Average GC time (202.35 ms) is above the time for average allocation rate (2939 MB/s) to deplete free headroom (594M) (margin of error = 1.75)
[25.755s][info][gc       ] GC(25) Concurrent reset 2.258ms
[25.756s][info][gc       ] GC(25) Pause Init Mark (unload classes) 0.103ms
[25.757s][info][safepoint] Safepoint "ShenandoahInitMark", Time since last: 1172870772 ns, Reaching safepoint: 270067 ns, At safepoint: 553696 ns, Total: 823763 ns
[25.757s][info][gc       ] GC(25) Concurrent marking roots 0.233ms
[25.930s][info][gc       ] GC(25) Concurrent marking (unload classes) 172.220ms
[25.931s][info][gc       ] GC(25) Pause Final Mark (unload classes) 0.697ms
[25.932s][info][safepoint] Safepoint "ShenandoahFinalMarkStartEvac", Time since last: 173812753 ns, Reaching safepoint: 239400 ns, At safepoint: 1139189 ns, Total: 1378589 ns
[25.932s][info][gc       ] GC(25) Concurrent weak references 0.079ms
[25.933s][info][gc       ] GC(25) Concurrent weak roots 0.343ms
[25.933s][info][gc       ] GC(25) Concurrent cleanup 5578M->2288M(5610M) 0.203ms
[25.934s][info][gc       ] GC(25) Concurrent class unloading 0.569ms
[25.935s][info][gc       ] GC(25) Pause Final Roots 0.003ms
[25.935s][info][safepoint] Safepoint "ShenandoahFinalRoots", Time since last: 2588083 ns, Reaching safepoint: 169684 ns, At safepoint: 194404 ns, Total: 364088 ns
[26.932s][info][gc       ] Trigger: Average GC time (196.01 ms) is above the time for average allocation rate (2869 MB/s) to deplete free headroom (560M) (margin of error = 1.76)
[26.936s][info][gc       ] GC(26) Concurrent reset 3.290ms
[26.936s][info][gc       ] GC(26) Pause Init Mark (unload classes) 0.083ms
[26.937s][info][safepoint] Safepoint "ShenandoahInitMark", Time since last: 1001491206 ns, Reaching safepoint: 182590 ns, At safepoint: 465607 ns, Total: 648197 ns
[26.938s][info][gc       ] GC(26) Concurrent marking roots 0.247ms
[27.105s][info][gc       ] GC(26) Concurrent marking (unload classes) 167.534ms
[27.107s][info][gc       ] GC(26) Pause Final Mark (unload classes) 0.539ms
[27.107s][info][safepoint] Safepoint "ShenandoahFinalMarkStartEvac", Time since last: 169222426 ns, Reaching safepoint: 177300 ns, At safepoint: 893631 ns, Total: 1070931 ns
[27.108s][info][gc       ] GC(26) Concurrent weak references 0.223ms
[27.109s][info][gc       ] GC(26) Concurrent weak roots 0.285ms
[27.109s][info][gc       ] GC(26) Concurrent cleanup 5598M->2272M(5612M) 0.231ms
[27.110s][info][gc       ] GC(26) Concurrent class unloading 0.567ms
[27.110s][info][gc       ] GC(26) Pause Final Roots 0.002ms
[27.110s][info][safepoint] Safepoint "ShenandoahFinalRoots", Time since last: 2670853 ns, Reaching safepoint: 110775 ns, At safepoint: 116085 ns, Total: 226860 ns
[28.098s][info][gc       ] Trigger: Average GC time (190.80 ms) is above the time for average allocation rate (2965 MB/s) to deplete free headroom (564M) (margin of error = 1.76)
[28.101s][info][gc       ] GC(27) Concurrent reset 2.340ms
[28.101s][info][gc       ] GC(27) Pause Init Mark (unload classes) 0.149ms
[28.102s][info][safepoint] Safepoint "ShenandoahInitMark", Time since last: 990998601 ns, Reaching safepoint: 141947 ns, At safepoint: 394437 ns, Total: 536384 ns
[28.102s][info][gc       ] GC(27) Concurrent marking roots 0.244ms
[28.280s][info][gc       ] GC(27) Concurrent marking (unload classes) 177.911ms
[28.282s][info][gc       ] GC(27) Pause Final Mark (unload classes) 0.692ms
[28.282s][info][safepoint] Safepoint "ShenandoahFinalMarkStartEvac", Time since last: 179338972 ns, Reaching safepoint: 240012 ns, At safepoint: 1051799 ns, Total: 1291811 ns
[28.283s][info][gc       ] GC(27) Concurrent weak references 0.070ms
[28.283s][info][gc       ] GC(27) Concurrent weak roots 0.282ms
[28.283s][info][gc       ] GC(27) Concurrent cleanup 5530M->2210M(5612M) 0.204ms
[28.284s][info][gc       ] GC(27) Concurrent class unloading 0.517ms
[28.284s][info][gc       ] GC(27) Pause Final Roots 0.003ms
[28.285s][info][safepoint] Safepoint "ShenandoahFinalRoots", Time since last: 2016986 ns, Reaching safepoint: 140071 ns, At safepoint: 182446 ns, Total: 322517 ns
[29.298s][info][gc       ] Trigger: Average GC time (192.23 ms) is above the time for average allocation rate (2918 MB/s) to deplete free headroom (560M) (margin of error = 1.76)
[29.301s][info][gc       ] GC(28) Concurrent reset 2.377ms
[29.302s][info][gc       ] GC(28) Pause Init Mark (unload classes) 0.102ms
[29.302s][info][safepoint] Safepoint "ShenandoahInitMark", Time since last: 1016605450 ns, Reaching safepoint: 231978 ns, At safepoint: 393000 ns, Total: 624978 ns
[29.303s][info][gc       ] GC(28) Concurrent marking roots 0.369ms
[29.466s][info][gc       ] GC(28) Concurrent marking (unload classes) 162.765ms
[29.467s][info][gc       ] GC(28) Pause Final Mark (unload classes) 0.651ms
[29.468s][info][safepoint] Safepoint "ShenandoahFinalMarkStartEvac", Time since last: 164454879 ns, Reaching safepoint: 342721 ns, At safepoint: 952344 ns, Total: 1295065 ns
[29.468s][info][gc       ] GC(28) Concurrent weak references 0.088ms
[29.468s][info][gc       ] GC(28) Concurrent weak roots 0.245ms
[29.469s][info][gc       ] GC(28) Concurrent cleanup 5604M->2280M(5618M) 0.214ms
[29.469s][info][gc       ] GC(28) Concurrent class unloading 0.558ms
[29.470s][info][gc       ] GC(28) Pause Final Roots 0.002ms
[29.470s][info][safepoint] Safepoint "ShenandoahFinalRoots", Time since last: 1996321 ns, Reaching safepoint: 32376 ns, At safepoint: 97491 ns, Total: 129867 ns
[30.487s][info][gc       ] Trigger: Average GC time (189.67 ms) is above the time for average allocation rate (2895 MB/s) to deplete free headroom (548M) (margin of error = 1.76)
[30.490s][info][gc       ] GC(29) Concurrent reset 2.411ms
[30.491s][info][gc       ] GC(29) Pause Init Mark (unload classes) 0.087ms
[30.491s][info][safepoint] Safepoint "ShenandoahInitMark", Time since last: 1020992102 ns, Reaching safepoint: 261386 ns, At safepoint: 578253 ns, Total: 839639 ns
[30.492s][info][gc       ] GC(29) Concurrent marking roots 0.242ms
[30.661s][info][gc       ] GC(29) Concurrent marking (unload classes) 168.542ms
[30.663s][info][gc       ] GC(29) Pause Final Mark (unload classes) 0.774ms
[30.663s][info][safepoint] Safepoint "ShenandoahFinalMarkStartEvac", Time since last: 170176919 ns, Reaching safepoint: 278893 ns, At safepoint: 1120686 ns, Total: 1399579 ns
[30.664s][info][gc       ] GC(29) Concurrent weak references 0.100ms
[30.664s][info][gc       ] GC(29) Concurrent weak roots 0.240ms
[30.664s][info][gc       ] GC(29) Concurrent cleanup 5586M->2250M(5618M) 0.219ms
[30.665s][info][gc       ] GC(29) Concurrent class unloading 0.694ms
[30.665s][info][gc       ] GC(29) Pause Final Roots 0.002ms
[30.666s][info][safepoint] Safepoint "ShenandoahFinalRoots", Time since last: 2312141 ns, Reaching safepoint: 105900 ns, At safepoint: 100166 ns, Total: 206066 ns
[31.671s][info][gc       ] Trigger: Average GC time (186.36 ms) is above the time for average allocation rate (2902 MB/s) to deplete free headroom (540M) (margin of error = 1.76)
[31.674s][info][gc       ] GC(30) Concurrent reset 2.331ms
[31.674s][info][gc       ] GC(30) Pause Init Mark (unload classes) 0.115ms
[31.675s][info][safepoint] Safepoint "ShenandoahInitMark", Time since last: 1008429885 ns, Reaching safepoint: 174678 ns, At safepoint: 496248 ns, Total: 670926 ns
[31.675s][info][gc       ] GC(30) Concurrent marking roots 0.295ms
[31.841s][info][gc       ] GC(30) Concurrent marking (unload classes) 165.299ms
[31.843s][info][gc       ] GC(30) Pause Final Mark (unload classes) 0.678ms
[31.843s][info][safepoint] Safepoint "ShenandoahFinalMarkStartEvac", Time since last: 166912874 ns, Reaching safepoint: 295252 ns, At safepoint: 1033928 ns, Total: 1329180 ns
[31.843s][info][gc       ] GC(30) Concurrent weak references 0.131ms
[31.844s][info][gc       ] GC(30) Concurrent weak roots 0.229ms
[31.844s][info][gc       ] GC(30) Concurrent cleanup 5616M->2274M(5630M) 0.212ms
[31.845s][info][gc       ] GC(30) Concurrent class unloading 0.598ms
[31.845s][info][gc       ] GC(30) Pause Final Roots 0.002ms
[31.845s][info][safepoint] Safepoint "ShenandoahFinalRoots", Time since last: 2163881 ns, Reaching safepoint: 106072 ns, At safepoint: 86321 ns, Total: 192393 ns
[32.865s][info][gc       ] Trigger: Average GC time (182.79 ms) is above the time for average allocation rate (2859 MB/s) to deplete free headroom (520M) (margin of error = 1.76)
[32.868s][info][gc       ] GC(31) Concurrent reset 2.519ms
[32.869s][info][gc       ] GC(31) Pause Init Mark (unload classes) 0.233ms
[32.870s][info][safepoint] Safepoint "ShenandoahInitMark", Time since last: 1023392977 ns, Reaching safepoint: 229130 ns, At safepoint: 623138 ns, Total: 852268 ns
[32.870s][info][gc       ] GC(31) Concurrent marking roots 0.272ms
[33.036s][info][gc       ] GC(31) Concurrent marking (unload classes) 165.307ms
[33.037s][info][gc       ] GC(31) Pause Final Mark (unload classes) 0.610ms
[33.037s][info][safepoint] Safepoint "ShenandoahFinalMarkStartEvac", Time since last: 166771964 ns, Reaching safepoint: 215288 ns, At safepoint: 955887 ns, Total: 1171175 ns
[33.038s][info][gc       ] GC(31) Concurrent weak references 0.042ms
[33.038s][info][gc       ] GC(31) Concurrent weak roots 0.261ms
[33.039s][info][gc       ] GC(31) Concurrent cleanup 5634M->2272M(5648M) 0.227ms
[33.040s][info][gc       ] GC(31) Concurrent class unloading 0.516ms
[33.040s][info][gc       ] GC(31) Pause Final Roots 0.002ms
[33.040s][info][safepoint] Safepoint "ShenandoahFinalRoots", Time since last: 2182978 ns, Reaching safepoint: 110588 ns, At safepoint: 105913 ns, Total: 216501 ns
[34.055s][info][gc       ] Trigger: Average GC time (180.18 ms) is above the time for average allocation rate (2919 MB/s) to deplete free headroom (524M) (margin of error = 1.76)
[34.059s][info][gc       ] GC(32) Concurrent reset 2.834ms
[34.060s][info][gc       ] GC(32) Pause Init Mark (unload classes) 0.242ms
[34.060s][info][safepoint] Safepoint "ShenandoahInitMark", Time since last: 1019193408 ns, Reaching safepoint: 202963 ns, At safepoint: 584985 ns, Total: 787948 ns
[34.060s][info][gc       ] GC(32) Concurrent marking roots 0.240ms
[34.232s][info][gc       ] GC(32) Concurrent marking (unload classes) 171.144ms
[34.233s][info][gc       ] GC(32) Pause Final Mark (unload classes) 0.528ms
[34.234s][info][safepoint] Safepoint "ShenandoahFinalMarkStartEvac", Time since last: 172706382 ns, Reaching safepoint: 254255 ns, At safepoint: 751205 ns, Total: 1005460 ns
[34.234s][info][gc       ] GC(32) Concurrent weak references 0.091ms
[34.234s][info][gc       ] GC(32) Concurrent weak roots 0.263ms
[34.235s][info][gc       ] GC(32) Concurrent cleanup 5618M->2256M(5648M) 0.227ms
[34.235s][info][gc       ] GC(32) Concurrent class unloading 0.618ms
[34.236s][info][gc       ] GC(32) Pause Final Roots 0.002ms
[34.236s][info][safepoint] Safepoint "ShenandoahFinalRoots", Time since last: 1940541 ns, Reaching safepoint: 101350 ns, At safepoint: 177907 ns, Total: 279257 ns
[35.256s][info][gc       ] Trigger: Average GC time (183.22 ms) is above the time for average allocation rate (2875 MB/s) to deplete free headroom (524M) (margin of error = 1.76)
[35.258s][info][gc       ] GC(33) Concurrent reset 2.354ms
[35.259s][info][gc       ] GC(33) Pause Init Mark (unload classes) 0.224ms
[35.260s][info][safepoint] Safepoint "ShenandoahInitMark", Time since last: 1023053423 ns, Reaching safepoint: 236304 ns, At safepoint: 653997 ns, Total: 890301 ns
[35.260s][info][gc       ] GC(33) Concurrent marking roots 0.251ms
[35.437s][info][gc       ] GC(33) Concurrent marking (unload classes) 175.762ms
[35.438s][info][gc       ] GC(33) Pause Final Mark (unload classes) 0.607ms
[35.439s][info][safepoint] Safepoint "ShenandoahFinalMarkStartEvac", Time since last: 177551099 ns, Reaching safepoint: 194637 ns, At safepoint: 1045112 ns, Total: 1239749 ns
[35.439s][info][gc       ] GC(33) Concurrent weak references 0.126ms
[35.440s][info][gc       ] GC(33) Concurrent weak roots 0.393ms
[35.440s][info][gc       ] GC(33) Concurrent cleanup 5560M->2200M(5648M) 0.218ms
[35.441s][info][gc       ] GC(33) Concurrent class unloading 0.667ms
[35.442s][info][gc       ] GC(33) Pause Final Roots 0.002ms
[35.442s][info][safepoint] Safepoint "ShenandoahFinalRoots", Time since last: 2997320 ns, Reaching safepoint: 109263 ns, At safepoint: 102496 ns, Total: 211759 ns
[35.845s][info][gc       ] Trigger: Average GC time (189.96 ms) is above the time for average allocation rate (7175 MB/s) to deplete free headroom (1172M) (margin of error = 1.76)
[35.849s][info][gc       ] GC(34) Concurrent reset 3.115ms
[35.850s][info][gc       ] GC(34) Pause Init Mark (unload classes) 0.079ms
[35.850s][info][safepoint] Safepoint "ShenandoahInitMark", Time since last: 407629166 ns, Reaching safepoint: 241087 ns, At safepoint: 405340 ns, Total: 646427 ns
[35.851s][info][gc       ] GC(34) Concurrent marking roots 0.289ms
[36.035s][info][gc       ] GC(34) Concurrent marking (unload classes) 184.389ms
[36.037s][info][gc       ] GC(34) Pause Final Mark (unload classes) 0.798ms
[36.037s][info][safepoint] Safepoint "ShenandoahFinalMarkStartEvac", Time since last: 186024823 ns, Reaching safepoint: 189611 ns, At safepoint: 1206060 ns, Total: 1395671 ns
[36.038s][info][gc       ] GC(34) Concurrent weak references 0.051ms
[36.039s][info][gc       ] GC(34) Concurrent weak roots 0.408ms
[36.039s][info][gc       ] GC(34) Concurrent cleanup 4697M->1852M(5648M) 0.197ms
[36.040s][info][gc       ] GC(34) Concurrent class unloading 0.516ms
[36.040s][info][gc       ] GC(34) Pause Final Roots 0.002ms
[36.040s][info][safepoint] Safepoint "ShenandoahFinalRoots", Time since last: 2439074 ns, Reaching safepoint: 105354 ns, At safepoint: 102079 ns, Total: 207433 ns
[37.193s][info][gc       ] Trigger: Average GC time (200.49 ms) is above the time for average allocation rate (2829 MB/s) to deplete free headroom (566M) (margin of error = 1.73)
[37.196s][info][gc       ] GC(35) Concurrent reset 2.321ms
[37.197s][info][gc       ] GC(35) Pause Init Mark (unload classes) 0.123ms
[37.197s][info][safepoint] Safepoint "ShenandoahInitMark", Time since last: 1156161138 ns, Reaching safepoint: 198149 ns, At safepoint: 526220 ns, Total: 724369 ns
[37.198s][info][gc       ] GC(35) Concurrent marking roots 0.294ms
[37.380s][info][gc       ] GC(35) Concurrent marking (unload classes) 181.509ms
[37.381s][info][gc       ] GC(35) Pause Final Mark (unload classes) 0.559ms
[37.381s][info][safepoint] Safepoint "ShenandoahFinalMarkStartEvac", Time since last: 183050251 ns, Reaching safepoint: 223477 ns, At safepoint: 841216 ns, Total: 1064693 ns
[37.381s][info][gc       ] GC(35) Concurrent weak references 0.046ms
[37.382s][info][gc       ] GC(35) Concurrent weak roots 0.278ms
[37.382s][info][gc       ] GC(35) Concurrent cleanup 5570M->2250M(5648M) 0.215ms
[37.383s][info][gc       ] GC(35) Concurrent class unloading 0.500ms
[37.383s][info][gc       ] GC(35) Pause Final Roots 0.003ms
[37.383s][info][safepoint] Safepoint "ShenandoahFinalRoots", Time since last: 1701966 ns, Reaching safepoint: 117958 ns, At safepoint: 118862 ns, Total: 236820 ns
[38.386s][info][gc       ] Trigger: Average GC time (197.70 ms) is above the time for average allocation rate (2889 MB/s) to deplete free headroom (570M) (margin of error = 1.73)
[38.389s][info][gc       ] GC(36) Concurrent reset 2.390ms
[38.389s][info][gc       ] GC(36) Pause Init Mark (unload classes) 0.101ms
[38.390s][info][safepoint] Safepoint "ShenandoahInitMark", Time since last: 1006139568 ns, Reaching safepoint: 178505 ns, At safepoint: 498983 ns, Total: 677488 ns
[38.391s][info][gc       ] GC(36) Concurrent marking roots 0.347ms
[38.578s][info][gc       ] GC(36) Concurrent marking (unload classes) 186.663ms
[38.579s][info][gc       ] GC(36) Pause Final Mark (unload classes) 0.668ms
[38.580s][info][safepoint] Safepoint "ShenandoahFinalMarkStartEvac", Time since last: 188439807 ns, Reaching safepoint: 236955 ns, At safepoint: 1102471 ns, Total: 1339426 ns
[38.580s][info][gc       ] GC(36) Concurrent weak references 0.045ms
[38.580s][info][gc       ] GC(36) Concurrent weak roots 0.265ms
[38.581s][info][gc       ] GC(36) Concurrent cleanup 5466M->2148M(5648M) 0.232ms
[38.581s][info][gc       ] GC(36) Concurrent class unloading 0.542ms
[38.582s][info][gc       ] GC(36) Pause Final Roots 0.002ms
[38.582s][info][safepoint] Safepoint "ShenandoahFinalRoots", Time since last: 1827848 ns, Reaching safepoint: 108186 ns, At safepoint: 104235 ns, Total: 212421 ns
[39.630s][info][gc       ] Trigger: Average GC time (200.69 ms) is above the time for average allocation rate (2863 MB/s) to deplete free headroom (574M) (margin of error = 1.73)
[39.633s][info][gc       ] GC(37) Concurrent reset 2.383ms
[39.634s][info][gc       ] GC(37) Pause Init Mark (unload classes) 0.128ms
[39.634s][info][safepoint] Safepoint "ShenandoahInitMark", Time since last: 1051975995 ns, Reaching safepoint: 171064 ns, At safepoint: 448034 ns, Total: 619098 ns
[39.635s][info][gc       ] GC(37) Concurrent marking roots 0.321ms
[39.802s][info][gc       ] GC(37) Concurrent marking (unload classes) 167.046ms
[39.803s][info][gc       ] GC(37) Pause Final Mark (unload classes) 0.492ms
[39.804s][info][safepoint] Safepoint "ShenandoahFinalMarkStartEvac", Time since last: 168478865 ns, Reaching safepoint: 158093 ns, At safepoint: 919085 ns, Total: 1077178 ns
[39.804s][info][gc       ] GC(37) Concurrent weak references 0.099ms
[39.805s][info][gc       ] GC(37) Concurrent weak roots 0.278ms
[39.805s][info][gc       ] GC(37) Concurrent cleanup 5544M->2232M(5648M) 0.198ms
[39.806s][info][gc       ] GC(37) Concurrent class unloading 0.464ms
[39.806s][info][gc       ] GC(37) Pause Final Roots 0.002ms
[39.806s][info][safepoint] Safepoint "ShenandoahFinalRoots", Time since last: 2425483 ns, Reaching safepoint: 29263 ns, At safepoint: 157050 ns, Total: 186313 ns
[40.808s][info][gc       ] Trigger: Average GC time (199.38 ms) is above the time for average allocation rate (2882 MB/s) to deplete free headroom (574M) (margin of error = 1.73)
[40.810s][info][gc       ] GC(38) Concurrent reset 2.381ms
[40.811s][info][gc       ] GC(38) Pause Init Mark (unload classes) 0.136ms
[40.811s][info][safepoint] Safepoint "ShenandoahInitMark", Time since last: 1004235392 ns, Reaching safepoint: 229901 ns, At safepoint: 501098 ns, Total: 730999 ns
[40.812s][info][gc       ] GC(38) Concurrent marking roots 0.291ms
[41.001s][info][gc       ] GC(38) Concurrent marking (unload classes) 188.585ms
[41.002s][info][gc       ] GC(38) Pause Final Mark (unload classes) 0.635ms
[41.002s][info][safepoint] Safepoint "ShenandoahFinalMarkStartEvac", Time since last: 189960617 ns, Reaching safepoint: 206877 ns, At safepoint: 928449 ns, Total: 1135326 ns
[41.003s][info][gc       ] GC(38) Concurrent weak references 0.057ms
[41.003s][info][gc       ] GC(38) Concurrent weak roots 0.395ms
[41.004s][info][gc       ] GC(38) Concurrent cleanup 5480M->2170M(5648M) 0.226ms
[41.005s][info][gc       ] GC(38) Concurrent class unloading 0.643ms
[41.005s][info][gc       ] GC(38) Pause Final Roots 0.003ms
[41.005s][info][safepoint] Safepoint "ShenandoahFinalRoots", Time since last: 2272436 ns, Reaching safepoint: 111540 ns, At safepoint: 112373 ns, Total: 223913 ns
[42.021s][info][gc       ] Trigger: Average GC time (206.35 ms) is above the time for average allocation rate (2929 MB/s) to deplete free headroom (604M) (margin of error = 1.73)
[42.024s][info][gc       ] GC(39) Concurrent reset 2.527ms
[42.025s][info][gc       ] GC(39) Pause Init Mark (unload classes) 0.100ms
[42.025s][info][safepoint] Safepoint "ShenandoahInitMark", Time since last: 1019725730 ns, Reaching safepoint: 194275 ns, At safepoint: 493090 ns, Total: 687365 ns
[42.026s][info][gc       ] GC(39) Concurrent marking roots 0.268ms
[42.195s][info][gc       ] GC(39) Concurrent marking (unload classes) 168.353ms
[42.196s][info][gc       ] GC(39) Pause Final Mark (unload classes) 0.590ms
[42.196s][info][safepoint] Safepoint "ShenandoahFinalMarkStartEvac", Time since last: 169860776 ns, Reaching safepoint: 186670 ns, At safepoint: 992122 ns, Total: 1178792 ns
[42.197s][info][gc       ] GC(39) Concurrent weak references 0.196ms
[42.198s][info][gc       ] GC(39) Concurrent weak roots 0.279ms
[42.198s][info][gc       ] GC(39) Concurrent cleanup 5562M->2278M(5648M) 0.217ms
[42.199s][info][gc       ] GC(39) Concurrent class unloading 0.498ms
[42.199s][info][gc       ] GC(39) Pause Final Roots 0.002ms
[42.199s][info][safepoint] Safepoint "ShenandoahFinalRoots", Time since last: 2627373 ns, Reaching safepoint: 104084 ns, At safepoint: 161888 ns, Total: 265972 ns
[43.199s][info][gc       ] Trigger: Average GC time (199.95 ms) is above the time for average allocation rate (2857 MB/s) to deplete free headroom (570M) (margin of error = 1.74)
[43.202s][info][gc       ] GC(40) Concurrent reset 2.623ms
[43.203s][info][gc       ] GC(40) Pause Init Mark (unload classes) 0.131ms
[43.203s][info][safepoint] Safepoint "ShenandoahInitMark", Time since last: 1003361456 ns, Reaching safepoint: 187741 ns, At safepoint: 430534 ns, Total: 618275 ns
[43.204s][info][gc       ] GC(40) Concurrent marking roots 0.309ms
[43.364s][info][gc       ] GC(40) Concurrent marking (unload classes) 159.986ms
[43.365s][info][gc       ] GC(40) Pause Final Mark (unload classes) 0.572ms
[43.366s][info][safepoint] Safepoint "ShenandoahFinalMarkStartEvac", Time since last: 161340780 ns, Reaching safepoint: 186108 ns, At safepoint: 918020 ns, Total: 1104128 ns
[43.366s][info][gc       ] GC(40) Concurrent weak references 0.061ms
[43.367s][info][gc       ] GC(40) Concurrent weak roots 0.370ms
[43.367s][info][gc       ] GC(40) Concurrent cleanup 5596M->2278M(5648M) 0.201ms
[43.368s][info][gc       ] GC(40) Concurrent class unloading 0.523ms
[43.368s][info][gc       ] GC(40) Pause Final Roots 0.002ms
[43.368s][info][safepoint] Safepoint "ShenandoahFinalRoots", Time since last: 2399500 ns, Reaching safepoint: 101472 ns, At safepoint: 105853 ns, Total: 207325 ns
[44.365s][info][gc       ] Trigger: Average GC time (193.90 ms) is above the time for average allocation rate (2953 MB/s) to deplete free headroom (572M) (margin of error = 1.74)
[44.368s][info][gc       ] GC(41) Concurrent reset 2.682ms
[44.369s][info][gc       ] GC(41) Pause Init Mark (unload classes) 0.173ms
[44.370s][info][safepoint] Safepoint "ShenandoahInitMark", Time since last: 1000576173 ns, Reaching safepoint: 261466 ns, At safepoint: 563002 ns, Total: 824468 ns
[44.370s][info][gc       ] GC(41) Concurrent marking roots 0.247ms
[44.572s][info][gc       ] GC(41) Concurrent marking (unload classes) 201.478ms
[44.574s][info][gc       ] GC(41) Pause Final Mark (unload classes) 0.639ms
[44.574s][info][safepoint] Safepoint "ShenandoahFinalMarkStartEvac", Time since last: 203237524 ns, Reaching safepoint: 228722 ns, At safepoint: 1108605 ns, Total: 1337327 ns
[44.575s][info][gc       ] GC(41) Concurrent weak references 0.082ms
[44.576s][info][gc       ] GC(41) Concurrent weak roots 0.448ms
[44.576s][info][gc       ] GC(41) Concurrent cleanup 5560M->2244M(5648M) 0.211ms
[44.577s][info][gc       ] GC(41) Concurrent class unloading 0.619ms
[44.577s][info][gc       ] GC(41) Pause Final Roots 0.003ms
[44.577s][info][safepoint] Safepoint "ShenandoahFinalRoots", Time since last: 2842396 ns, Reaching safepoint: 105177 ns, At safepoint: 95721 ns, Total: 200898 ns
[45.552s][info][gc       ] Trigger: Average GC time (227.15 ms) is above the time for average allocation rate (2887 MB/s) to deplete free headroom (654M) (margin of error = 1.74)
[45.555s][info][gc       ] GC(42) Concurrent reset 2.481ms
[45.556s][info][gc       ] GC(42) Pause Init Mark (unload classes) 0.122ms
[45.556s][info][safepoint] Safepoint "ShenandoahInitMark", Time since last: 977994233 ns, Reaching safepoint: 212532 ns, At safepoint: 520887 ns, Total: 733419 ns
[45.557s][info][gc       ] GC(42) Concurrent marking roots 0.297ms
[45.728s][info][gc       ] GC(42) Concurrent marking (unload classes) 170.320ms
[45.729s][info][gc       ] GC(42) Pause Final Mark (unload classes) 0.619ms
[45.729s][info][safepoint] Safepoint "ShenandoahFinalMarkStartEvac", Time since last: 172059687 ns, Reaching safepoint: 256998 ns, At safepoint: 1043473 ns, Total: 1300471 ns
[45.730s][info][gc       ] GC(42) Concurrent weak references 0.121ms
[45.731s][info][gc       ] GC(42) Concurrent weak roots 0.236ms
[45.731s][info][gc       ] GC(42) Concurrent cleanup 5478M->2244M(5648M) 0.239ms
[45.732s][info][gc       ] GC(42) Concurrent class unloading 0.549ms
[45.732s][info][gc       ] GC(42) Pause Final Roots 0.002ms
[45.732s][info][safepoint] Safepoint "ShenandoahFinalRoots", Time since last: 2266178 ns, Reaching safepoint: 34401 ns, At safepoint: 106431 ns, Total: 140832 ns
[46.721s][info][gc       ] Trigger: Average GC time (213.41 ms) is above the time for average allocation rate (2906 MB/s) to deplete free headroom (618M) (margin of error = 1.74)
[46.724s][info][gc       ] GC(43) Concurrent reset 2.352ms
[46.725s][info][gc       ] GC(43) Pause Init Mark (unload classes) 0.118ms
[46.725s][info][safepoint] Safepoint "ShenandoahInitMark", Time since last: 992304516 ns, Reaching safepoint: 218508 ns, At safepoint: 635879 ns, Total: 854387 ns
[46.726s][info][gc       ] GC(43) Concurrent marking roots 0.263ms
[46.897s][info][gc       ] GC(43) Concurrent marking (unload classes) 170.722ms
[46.898s][info][gc       ] GC(43) Pause Final Mark (unload classes) 0.581ms
[46.899s][info][safepoint] Safepoint "ShenandoahFinalMarkStartEvac", Time since last: 172326325 ns, Reaching safepoint: 264742 ns, At safepoint: 1008444 ns, Total: 1273186 ns
[46.899s][info][gc       ] GC(43) Concurrent weak references 0.043ms
[46.900s][info][gc       ] GC(43) Concurrent weak roots 0.257ms
[46.900s][info][gc       ] GC(43) Concurrent cleanup 5544M->2276M(5648M) 0.224ms
[46.901s][info][gc       ] GC(43) Concurrent class unloading 0.514ms
[46.901s][info][gc       ] GC(43) Pause Final Roots 0.002ms
[46.901s][info][safepoint] Safepoint "ShenandoahFinalRoots", Time since last: 2452498 ns, Reaching safepoint: 108198 ns, At safepoint: 107050 ns, Total: 215248 ns
[47.305s][info][gc       ] Trigger: Average GC time (203.22 ms) is above the time for instantaneous allocation rate (8863 MB/s) to deplete free headroom (1532M) (spike threshold = 1.83)
[47.308s][info][gc       ] GC(44) Concurrent reset 2.643ms
[47.309s][info][gc       ] GC(44) Pause Init Mark (unload classes) 0.125ms
[47.309s][info][safepoint] Safepoint "ShenandoahInitMark", Time since last: 407108423 ns, Reaching safepoint: 360658 ns, At safepoint: 539722 ns, Total: 900380 ns
[47.310s][info][gc       ] GC(44) Concurrent marking roots 0.358ms
[47.423s][info][gc       ] GC(44) Concurrent marking (unload classes) 112.186ms
[47.424s][info][gc       ] GC(44) Pause Final Mark (unload classes) 0.559ms
[47.424s][info][safepoint] Safepoint "ShenandoahFinalMarkStartEvac", Time since last: 113759076 ns, Reaching safepoint: 271526 ns, At safepoint: 883489 ns, Total: 1155015 ns
[47.425s][info][gc       ] GC(44) Concurrent weak references 0.074ms
[47.425s][info][gc       ] GC(44) Concurrent weak roots 0.285ms
[47.425s][info][gc       ] GC(44) Concurrent cleanup 4869M->1752M(5648M) 0.228ms
[47.426s][info][gc       ] GC(44) Concurrent class unloading 0.532ms
[47.426s][info][gc       ] GC(44) Pause Final Roots 0.002ms
[47.427s][info][safepoint] Safepoint "ShenandoahFinalRoots", Time since last: 2068111 ns, Reaching safepoint: 103672 ns, At safepoint: 206784 ns, Total: 310456 ns
[48.641s][info][gc       ] Trigger: Average GC time (208.46 ms) is above the time for average allocation rate (2933 MB/s) to deplete free headroom (610M) (margin of error = 1.75)
[48.643s][info][gc       ] GC(45) Concurrent reset 1.435ms
[48.643s][info][gc       ] GC(45) Pause Init Mark (unload classes) 0.084ms
[48.644s][info][safepoint] Safepoint "ShenandoahInitMark", Time since last: 1216438139 ns, Reaching safepoint: 192725 ns, At safepoint: 671896 ns, Total: 864621 ns
[48.645s][info][gc       ] GC(45) Concurrent marking roots 0.257ms
[48.838s][info][gc       ] GC(45) Concurrent marking (unload classes) 193.265ms
[48.840s][info][gc       ] GC(45) Pause Final Mark (unload classes) 0.576ms
[48.840s][info][safepoint] Safepoint "ShenandoahFinalMarkStartEvac", Time since last: 195239741 ns, Reaching safepoint: 244989 ns, At safepoint: 1093296 ns, Total: 1338285 ns
[48.841s][info][gc       ] GC(45) Concurrent weak references 0.132ms
[48.842s][info][gc       ] GC(45) Concurrent weak roots 0.219ms
[48.842s][info][gc       ] GC(45) Concurrent cleanup 5620M->2346M(5648M) 0.211ms
[48.843s][info][gc       ] GC(45) Concurrent class unloading 0.507ms
[48.843s][info][gc       ] GC(45) Pause Final Roots 0.002ms
[48.843s][info][safepoint] Safepoint "ShenandoahFinalRoots", Time since last: 2374911 ns, Reaching safepoint: 106420 ns, At safepoint: 101093 ns, Total: 207513 ns
[49.767s][info][gc       ] Trigger: Average GC time (236.32 ms) is above the time for average allocation rate (2915 MB/s) to deplete free headroom (686M) (margin of error = 1.76)
[49.770s][info][gc       ] GC(46) Concurrent reset 2.434ms
[49.770s][info][gc       ] GC(46) Pause Init Mark (unload classes) 0.129ms
[49.771s][info][safepoint] Safepoint "ShenandoahInitMark", Time since last: 926822815 ns, Reaching safepoint: 178541 ns, At safepoint: 451592 ns, Total: 630133 ns
[49.771s][info][gc       ] GC(46) Concurrent marking roots 0.297ms
[49.939s][info][gc       ] GC(46) Concurrent marking (unload classes) 167.861ms
[49.940s][info][gc       ] GC(46) Pause Final Mark (unload classes) 0.570ms
[49.941s][info][safepoint] Safepoint "ShenandoahFinalMarkStartEvac", Time since last: 169214878 ns, Reaching safepoint: 192414 ns, At safepoint: 902374 ns, Total: 1094788 ns
[49.941s][info][gc       ] GC(46) Concurrent weak references 0.104ms
[49.942s][info][gc       ] GC(46) Concurrent weak roots 0.310ms
[49.942s][info][gc       ] GC(46) Concurrent cleanup 5476M->2278M(5648M) 0.215ms
[49.943s][info][gc       ] GC(46) Concurrent class unloading 0.552ms
[49.943s][info][gc       ] GC(46) Pause Final Roots 0.003ms
[49.943s][info][safepoint] Safepoint "ShenandoahFinalRoots", Time since last: 2358251 ns, Reaching safepoint: 105477 ns, At safepoint: 131939 ns, Total: 237416 ns
[50.903s][info][gc       ] Trigger: Average GC time (218.57 ms) is above the time for average allocation rate (2928 MB/s) to deplete free headroom (638M) (margin of error = 1.76)
[50.906s][info][gc       ] GC(47) Concurrent reset 2.390ms
[50.907s][info][gc       ] GC(47) Pause Init Mark (unload classes) 0.146ms
[50.907s][info][safepoint] Safepoint "ShenandoahInitMark", Time since last: 962793151 ns, Reaching safepoint: 204330 ns, At safepoint: 493246 ns, Total: 697576 ns
[50.908s][info][gc       ] GC(47) Concurrent marking roots 0.269ms
[51.079s][info][gc       ] GC(47) Concurrent marking (unload classes) 170.763ms
[51.080s][info][gc       ] GC(47) Pause Final Mark (unload classes) 0.616ms
[51.081s][info][safepoint] Safepoint "ShenandoahFinalMarkStartEvac", Time since last: 172454981 ns, Reaching safepoint: 386539 ns, At safepoint: 899642 ns, Total: 1286181 ns
[51.081s][info][gc       ] GC(47) Concurrent weak references 0.062ms
[51.081s][info][gc       ] GC(47) Concurrent weak roots 0.211ms
[51.082s][info][gc       ] GC(47) Concurrent cleanup 5522M->2276M(5648M) 0.217ms
[51.082s][info][gc       ] GC(47) Concurrent class unloading 0.543ms
[51.083s][info][gc       ] GC(47) Pause Final Roots 0.002ms
[51.083s][info][safepoint] Safepoint "ShenandoahFinalRoots", Time since last: 1764779 ns, Reaching safepoint: 106937 ns, At safepoint: 110950 ns, Total: 217887 ns
[52.079s][info][gc       ] Trigger: Average GC time (207.73 ms) is above the time for average allocation rate (2861 MB/s) to deplete free headroom (594M) (margin of error = 1.76)
[52.082s][info][gc       ] GC(48) Concurrent reset 2.554ms
[52.083s][info][gc       ] GC(48) Pause Init Mark (unload classes) 0.103ms
[52.083s][info][safepoint] Safepoint "ShenandoahInitMark", Time since last: 1000124573 ns, Reaching safepoint: 173706 ns, At safepoint: 528692 ns, Total: 702398 ns
[52.084s][info][gc       ] GC(48) Concurrent marking roots 0.267ms
[52.248s][info][gc       ] GC(48) Concurrent marking (unload classes) 163.385ms
[52.250s][info][gc       ] GC(48) Pause Final Mark (unload classes) 0.678ms
[52.250s][info][safepoint] Safepoint "ShenandoahFinalMarkStartEvac", Time since last: 165133535 ns, Reaching safepoint: 327313 ns, At safepoint: 1158980 ns, Total: 1486293 ns
[52.251s][info][gc       ] GC(48) Concurrent weak references 0.144ms
[52.251s][info][gc       ] GC(48) Concurrent weak roots 0.242ms
[52.252s][info][gc       ] GC(48) Concurrent cleanup 5568M->2274M(5648M) 0.217ms
[52.252s][info][gc       ] GC(48) Concurrent class unloading 0.552ms
[52.253s][info][gc       ] GC(48) Pause Final Roots 0.002ms
[52.253s][info][safepoint] Safepoint "ShenandoahFinalRoots", Time since last: 2385809 ns, Reaching safepoint: 124721 ns, At safepoint: 115049 ns, Total: 239770 ns
[53.242s][info][gc       ] Trigger: Average GC time (196.99 ms) is above the time for average allocation rate (2909 MB/s) to deplete free headroom (572M) (margin of error = 1.76)
[53.244s][info][gc       ] GC(49) Concurrent reset 2.325ms
[53.245s][info][gc       ] GC(49) Pause Init Mark (unload classes) 0.098ms
[53.246s][info][safepoint] Safepoint "ShenandoahInitMark", Time since last: 992103515 ns, Reaching safepoint: 288639 ns, At safepoint: 506716 ns, Total: 795355 ns
[53.246s][info][gc       ] GC(49) Concurrent marking roots 0.364ms
[53.436s][info][gc       ] GC(49) Concurrent marking (unload classes) 189.837ms
[53.438s][info][gc       ] GC(49) Pause Final Mark (unload classes) 0.629ms
[53.438s][info][safepoint] Safepoint "ShenandoahFinalMarkStartEvac", Time since last: 191426890 ns, Reaching safepoint: 293589 ns, At safepoint: 1053811 ns, Total: 1347400 ns
[53.439s][info][gc       ] GC(49) Concurrent weak references 0.048ms
[53.439s][info][gc       ] GC(49) Concurrent weak roots 0.292ms
[53.440s][info][gc       ] GC(49) Concurrent cleanup 5646M->2332M(5660M) 0.199ms
[53.441s][info][gc       ] GC(49) Concurrent class unloading 0.698ms
[53.441s][info][gc       ] GC(49) Pause Final Roots 0.002ms
[53.441s][info][safepoint] Safepoint "ShenandoahFinalRoots", Time since last: 2599987 ns, Reaching safepoint: 102306 ns, At safepoint: 108019 ns, Total: 210325 ns
[54.412s][info][gc       ] Trigger: Average GC time (213.17 ms) is above the time for average allocation rate (2862 MB/s) to deplete free headroom (608M) (margin of error = 1.77)
[54.415s][info][gc       ] GC(50) Concurrent reset 2.535ms
[54.415s][info][gc       ] GC(50) Pause Init Mark (unload classes) 0.079ms
[54.416s][info][safepoint] Safepoint "ShenandoahInitMark", Time since last: 973770582 ns, Reaching safepoint: 201833 ns, At safepoint: 471572 ns, Total: 673405 ns
[54.416s][info][gc       ] GC(50) Concurrent marking roots 0.270ms
[54.581s][info][gc       ] GC(50) Concurrent marking (unload classes) 164.279ms
[54.582s][info][gc       ] GC(50) Pause Final Mark (unload classes) 0.583ms
[54.583s][info][safepoint] Safepoint "ShenandoahFinalMarkStartEvac", Time since last: 165932015 ns, Reaching safepoint: 186363 ns, At safepoint: 1014167 ns, Total: 1200530 ns
[54.583s][info][gc       ] GC(50) Concurrent weak references 0.104ms
[54.584s][info][gc       ] GC(50) Concurrent weak roots 0.222ms
[54.584s][info][gc       ] GC(50) Concurrent cleanup 5554M->2276M(5660M) 0.211ms
[54.585s][info][gc       ] GC(50) Concurrent class unloading 0.509ms
[54.585s][info][gc       ] GC(50) Pause Final Roots 0.002ms
[54.585s][info][safepoint] Safepoint "ShenandoahFinalRoots", Time since last: 2222352 ns, Reaching safepoint: 105476 ns, At safepoint: 104824 ns, Total: 210300 ns
[55.579s][info][gc       ] Trigger: Average GC time (202.41 ms) is above the time for average allocation rate (2860 MB/s) to deplete free headroom (578M) (margin of error = 1.77)
[55.581s][info][gc       ] GC(51) Concurrent reset 2.466ms
[55.582s][info][gc       ] GC(51) Pause Init Mark (unload classes) 0.104ms
[55.583s][info][safepoint] Safepoint "ShenandoahInitMark", Time since last: 996675714 ns, Reaching safepoint: 196160 ns, At safepoint: 445957 ns, Total: 642117 ns
[55.583s][info][gc       ] GC(51) Concurrent marking roots 0.278ms
[55.755s][info][gc       ] GC(51) Concurrent marking (unload classes) 171.226ms
[55.756s][info][gc       ] GC(51) Pause Final Mark (unload classes) 0.561ms
[55.757s][info][safepoint] Safepoint "ShenandoahFinalMarkStartEvac", Time since last: 172877497 ns, Reaching safepoint: 227787 ns, At safepoint: 1005114 ns, Total: 1232901 ns
[55.757s][info][gc       ] GC(51) Concurrent weak references 0.182ms
[55.758s][info][gc       ] GC(51) Concurrent weak roots 0.319ms
[55.758s][info][gc       ] GC(51) Concurrent cleanup 5584M->2276M(5660M) 0.236ms
[55.759s][info][gc       ] GC(51) Concurrent class unloading 0.492ms
[55.759s][info][gc       ] GC(51) Pause Final Roots 0.002ms
[55.759s][info][safepoint] Safepoint "ShenandoahFinalRoots", Time since last: 2480784 ns, Reaching safepoint: 111244 ns, At safepoint: 108057 ns, Total: 219301 ns
[56.747s][info][gc       ] Trigger: Average GC time (195.99 ms) is above the time for average allocation rate (2893 MB/s) to deplete free headroom (564M) (margin of error = 1.77)
[56.750s][info][gc       ] GC(52) Concurrent reset 2.448ms
[56.751s][info][gc       ] GC(52) Pause Init Mark (unload classes) 0.271ms
[56.751s][info][safepoint] Safepoint "ShenandoahInitMark", Time since last: 991090803 ns, Reaching safepoint: 282421 ns, At safepoint: 715843 ns, Total: 998264 ns
[56.752s][info][gc       ] GC(52) Concurrent marking roots 0.329ms
[56.917s][info][gc       ] GC(52) Concurrent marking (unload classes) 164.237ms
[56.918s][info][gc       ] GC(52) Pause Final Mark (unload classes) 0.732ms
[56.919s][info][safepoint] Safepoint "ShenandoahFinalMarkStartEvac", Time since last: 165999641 ns, Reaching safepoint: 284748 ns, At safepoint: 1145415 ns, Total: 1430163 ns
[56.919s][info][gc       ] GC(52) Concurrent weak references 0.093ms
[56.920s][info][gc       ] GC(52) Concurrent weak roots 0.310ms
[56.920s][info][gc       ] GC(52) Concurrent cleanup 5600M->2276M(5660M) 0.215ms
[56.921s][info][gc       ] GC(52) Concurrent class unloading 0.546ms
[56.921s][info][gc       ] GC(52) Pause Final Roots 0.002ms
[56.921s][info][safepoint] Safepoint "ShenandoahFinalRoots", Time since last: 2361582 ns, Reaching safepoint: 39130 ns, At safepoint: 146543 ns, Total: 185673 ns
[57.936s][info][gc       ] Trigger: Average GC time (189.58 ms) is above the time for average allocation rate (2829 MB/s) to deplete free headroom (536M) (margin of error = 1.77)
[57.939s][info][gc       ] GC(53) Concurrent reset 2.343ms
[57.939s][info][gc       ] GC(53) Pause Init Mark (unload classes) 0.099ms
[57.940s][info][safepoint] Safepoint "ShenandoahInitMark", Time since last: 1017701799 ns, Reaching safepoint: 193650 ns, At safepoint: 421186 ns, Total: 614836 ns
[57.941s][info][gc       ] GC(53) Concurrent marking roots 0.395ms
[58.113s][info][gc       ] GC(53) Concurrent marking (unload classes) 171.690ms
[58.114s][info][gc       ] GC(53) Pause Final Mark (unload classes) 0.544ms
[58.114s][info][safepoint] Safepoint "ShenandoahFinalMarkStartEvac", Time since last: 173601768 ns, Reaching safepoint: 110556 ns, At safepoint: 965452 ns, Total: 1076008 ns
[58.115s][info][gc       ] GC(53) Concurrent weak references 0.097ms
[58.115s][info][gc       ] GC(53) Concurrent weak roots 0.321ms
[58.117s][info][gc       ] GC(53) Concurrent cleanup 5590M->2238M(5660M) 0.221ms
[58.118s][info][gc       ] GC(53) Concurrent class unloading 0.603ms
[58.118s][info][gc       ] GC(53) Pause Final Roots 0.007ms
[58.119s][info][safepoint] Safepoint "ShenandoahFinalRoots", Time since last: 3744921 ns, Reaching safepoint: 149773 ns, At safepoint: 235789 ns, Total: 385562 ns
[58.621s][info][gc       ] Trigger: Average GC time (189.62 ms) is above the time for average allocation rate (6967 MB/s) to deplete free headroom (1006M) (margin of error = 1.77)
[58.624s][info][gc       ] GC(54) Concurrent reset 2.861ms
[58.625s][info][gc       ] GC(54) Pause Init Mark (unload classes) 0.087ms
[58.625s][info][safepoint] Safepoint "ShenandoahInitMark", Time since last: 505898133 ns, Reaching safepoint: 269995 ns, At safepoint: 534377 ns, Total: 804372 ns
[58.626s][info][gc       ] GC(54) Concurrent marking roots 0.264ms
[58.781s][info][gc       ] GC(54) Concurrent marking (unload classes) 154.712ms
[58.782s][info][gc       ] GC(54) Pause Final Mark (unload classes) 0.628ms
[58.783s][info][safepoint] Safepoint "ShenandoahFinalMarkStartEvac", Time since last: 156371906 ns, Reaching safepoint: 201187 ns, At safepoint: 980127 ns, Total: 1181314 ns
[58.783s][info][gc       ] GC(54) Concurrent weak references 0.046ms
[58.784s][info][gc       ] GC(54) Concurrent weak roots 0.226ms
[58.784s][info][gc       ] GC(54) Concurrent cleanup 5073M->1832M(5660M) 0.189ms
[58.785s][info][gc       ] GC(54) Concurrent class unloading 0.537ms
[58.785s][info][gc       ] GC(54) Pause Final Roots 0.002ms
[58.785s][info][safepoint] Safepoint "ShenandoahFinalRoots", Time since last: 1860493 ns, Reaching safepoint: 103181 ns, At safepoint: 97350 ns, Total: 200531 ns
[59.950s][info][gc       ] Trigger: Average GC time (187.25 ms) is above the time for average allocation rate (2967 MB/s) to deplete free headroom (552M) (margin of error = 1.74)
[59.953s][info][gc       ] GC(55) Concurrent reset 2.034ms
[59.954s][info][gc       ] GC(55) Pause Init Mark (unload classes) 0.220ms
[59.954s][info][safepoint] Safepoint "ShenandoahInitMark", Time since last: 1168508945 ns, Reaching safepoint: 169823 ns, At safepoint: 628557 ns, Total: 798380 ns
[59.955s][info][gc       ] GC(55) Concurrent marking roots 0.250ms
[60.121s][info][gc       ] GC(55) Concurrent marking (unload classes) 166.240ms
[60.123s][info][gc       ] GC(55) Pause Final Mark (unload classes) 0.581ms
[60.123s][info][safepoint] Safepoint "ShenandoahFinalMarkStartEvac", Time since last: 167688118 ns, Reaching safepoint: 251982 ns, At safepoint: 907912 ns, Total: 1159894 ns
[60.123s][info][gc       ] GC(55) Concurrent weak references 0.093ms
[60.124s][info][gc       ] GC(55) Concurrent weak roots 0.331ms
[60.124s][info][gc       ] GC(55) Concurrent cleanup 5606M->2274M(5660M) 0.208ms
[60.125s][info][gc       ] GC(55) Concurrent class unloading 0.595ms
[60.125s][info][gc       ] GC(55) Pause Final Roots 0.002ms
[60.126s][info][safepoint] Safepoint "ShenandoahFinalRoots", Time since last: 2379770 ns, Reaching safepoint: 104897 ns, At safepoint: 94872 ns, Total: 199769 ns
[61.125s][info][gc       ] Trigger: Average GC time (184.57 ms) is above the time for average allocation rate (2929 MB/s) to deplete free headroom (540M) (margin of error = 1.74)
[61.128s][info][gc       ] GC(56) Concurrent reset 2.465ms
[61.128s][info][gc       ] GC(56) Pause Init Mark (unload classes) 0.110ms
[61.129s][info][safepoint] Safepoint "ShenandoahInitMark", Time since last: 1002463850 ns, Reaching safepoint: 176512 ns, At safepoint: 645501 ns, Total: 822013 ns
[61.130s][info][gc       ] GC(56) Concurrent marking roots 0.431ms
[61.340s][info][gc       ] GC(56) Concurrent marking (unload classes) 210.052ms
[61.342s][info][gc       ] GC(56) Pause Final Mark (unload classes) 0.545ms
[61.342s][info][safepoint] Safepoint "ShenandoahFinalMarkStartEvac", Time since last: 212138500 ns, Reaching safepoint: 224598 ns, At safepoint: 941758 ns, Total: 1166356 ns
[61.343s][info][gc       ] GC(56) Concurrent weak references 0.182ms
[61.343s][info][gc       ] GC(56) Concurrent weak roots 0.370ms
[61.344s][info][gc       ] GC(56) Concurrent cleanup 5594M->2246M(5660M) 0.211ms
[61.345s][info][gc       ] GC(56) Concurrent class unloading 0.691ms
[61.345s][info][gc       ] GC(56) Pause Final Roots 0.003ms
[61.345s][info][safepoint] Safepoint "ShenandoahFinalRoots", Time since last: 2850734 ns, Reaching safepoint: 116491 ns, At safepoint: 117039 ns, Total: 233530 ns
[62.314s][info][gc       ] Trigger: Average GC time (238.38 ms) is above the time for average allocation rate (2884 MB/s) to deplete free headroom (686M) (margin of error = 1.74)
[62.317s][info][gc       ] GC(57) Concurrent reset 2.556ms
[62.318s][info][gc       ] GC(57) Pause Init Mark (unload classes) 0.123ms
[62.318s][info][safepoint] Safepoint "ShenandoahInitMark", Time since last: 971983831 ns, Reaching safepoint: 188232 ns, At safepoint: 448691 ns, Total: 636923 ns
[62.319s][info][gc       ] GC(57) Concurrent marking roots 0.318ms
[62.486s][info][gc       ] GC(57) Concurrent marking (unload classes) 167.431ms
[62.488s][info][gc       ] GC(57) Pause Final Mark (unload classes) 0.591ms
[62.488s][info][safepoint] Safepoint "ShenandoahFinalMarkStartEvac", Time since last: 169080383 ns, Reaching safepoint: 262725 ns, At safepoint: 1010789 ns, Total: 1273514 ns
[62.489s][info][gc       ] GC(57) Concurrent weak references 0.050ms
[62.490s][info][gc       ] GC(57) Concurrent weak roots 0.379ms
[62.490s][info][gc       ] GC(57) Concurrent cleanup 5478M->2278M(5660M) 0.217ms
[62.491s][info][gc       ] GC(57) Concurrent class unloading 0.720ms
[62.492s][info][gc       ] GC(57) Pause Final Roots 0.002ms
[62.492s][info][safepoint] Safepoint "ShenandoahFinalRoots", Time since last: 3484371 ns, Reaching safepoint: 105975 ns, At safepoint: 150252 ns, Total: 256227 ns
[63.448s][info][gc       ] Trigger: Average GC time (221.01 ms) is above the time for average allocation rate (2960 MB/s) to deplete free headroom (652M) (margin of error = 1.74)
[63.451s][info][gc       ] GC(58) Concurrent reset 2.465ms
[63.451s][info][gc       ] GC(58) Pause Init Mark (unload classes) 0.134ms
[63.452s][info][safepoint] Safepoint "ShenandoahInitMark", Time since last: 959066689 ns, Reaching safepoint: 188051 ns, At safepoint: 454738 ns, Total: 642789 ns
[63.452s][info][gc       ] GC(58) Concurrent marking roots 0.249ms
[63.617s][info][gc       ] GC(58) Concurrent marking (unload classes) 164.091ms
[63.618s][info][gc       ] GC(58) Pause Final Mark (unload classes) 0.671ms
[63.619s][info][safepoint] Safepoint "ShenandoahFinalMarkStartEvac", Time since last: 165688485 ns, Reaching safepoint: 282281 ns, At safepoint: 1102338 ns, Total: 1384619 ns
[63.619s][info][gc       ] GC(58) Concurrent weak references 0.060ms
[63.620s][info][gc       ] GC(58) Concurrent weak roots 0.421ms
[63.621s][info][gc       ] GC(58) Concurrent cleanup 5512M->2280M(5660M) 0.219ms
[63.621s][info][gc       ] GC(58) Concurrent class unloading 0.502ms
[63.622s][info][gc       ] GC(58) Pause Final Roots 0.002ms
[63.622s][info][safepoint] Safepoint "ShenandoahFinalRoots", Time since last: 2788753 ns, Reaching safepoint: 128010 ns, At safepoint: 222288 ns, Total: 350298 ns
[64.609s][info][gc       ] Trigger: Average GC time (207.14 ms) is above the time for average allocation rate (2868 MB/s) to deplete free headroom (590M) (margin of error = 1.74)
[64.612s][info][gc       ] GC(59) Concurrent reset 2.740ms
[64.613s][info][gc       ] GC(59) Pause Init Mark (unload classes) 0.133ms
[64.613s][info][safepoint] Safepoint "ShenandoahInitMark", Time since last: 990564003 ns, Reaching safepoint: 131977 ns, At safepoint: 534410 ns, Total: 666387 ns
[64.614s][info][gc       ] GC(59) Concurrent marking roots 0.302ms
[64.781s][info][gc       ] GC(59) Concurrent marking (unload classes) 166.798ms
[64.782s][info][gc       ] GC(59) Pause Final Mark (unload classes) 0.562ms
[64.783s][info][safepoint] Safepoint "ShenandoahFinalMarkStartEvac", Time since last: 168423648 ns, Reaching safepoint: 258011 ns, At safepoint: 1071596 ns, Total: 1329607 ns
[64.784s][info][gc       ] GC(59) Concurrent weak references 0.084ms
[64.784s][info][gc       ] GC(59) Concurrent weak roots 0.293ms
[64.785s][info][gc       ] GC(59) Concurrent cleanup 5552M->2254M(5660M) 0.212ms
[64.785s][info][gc       ] GC(59) Concurrent class unloading 0.521ms
[64.785s][info][gc       ] GC(59) Pause Final Roots 0.002ms
[64.786s][info][safepoint] Safepoint "ShenandoahFinalRoots", Time since last: 2493118 ns, Reaching safepoint: 104075 ns, At safepoint: 119734 ns, Total: 223809 ns
[65.794s][info][gc       ] Trigger: Average GC time (197.65 ms) is above the time for average allocation rate (2932 MB/s) to deplete free headroom (566M) (margin of error = 1.74)
[65.797s][info][gc       ] GC(60) Concurrent reset 2.710ms
[65.797s][info][gc       ] GC(60) Pause Init Mark (unload classes) 0.097ms
[65.797s][info][safepoint] Safepoint "ShenandoahInitMark", Time since last: 1011426857 ns, Reaching safepoint: 110251 ns, At safepoint: 298718 ns, Total: 408969 ns
[65.798s][info][gc       ] GC(60) Concurrent marking roots 0.375ms
[66.012s][info][gc       ] GC(60) Concurrent marking (unload classes) 213.780ms
[66.013s][info][gc       ] GC(60) Pause Final Mark (unload classes) 0.510ms
[66.013s][info][safepoint] Safepoint "ShenandoahFinalMarkStartEvac", Time since last: 214950424 ns, Reaching safepoint: 161064 ns, At safepoint: 806754 ns, Total: 967818 ns
[66.014s][info][gc       ] GC(60) Concurrent weak references 0.063ms
[66.014s][info][gc       ] GC(60) Concurrent weak roots 0.204ms
[66.015s][info][gc       ] GC(60) Concurrent cleanup 5656M->2336M(5670M) 0.225ms
[66.015s][info][gc       ] GC(60) Concurrent class unloading 0.595ms
[66.016s][info][gc       ] GC(60) Pause Final Roots 0.002ms
[66.016s][info][safepoint] Safepoint "ShenandoahFinalRoots", Time since last: 2151053 ns, Reaching safepoint: 108053 ns, At safepoint: 124547 ns, Total: 232600 ns
[66.935s][info][gc       ] Trigger: Average GC time (240.34 ms) is above the time for average allocation rate (2942 MB/s) to deplete free headroom (704M) (margin of error = 1.74)
[66.938s][info][gc       ] GC(61) Concurrent reset 2.468ms
[66.939s][info][gc       ] GC(61) Pause Init Mark (unload classes) 0.110ms
[66.939s][info][safepoint] Safepoint "ShenandoahInitMark", Time since last: 922498733 ns, Reaching safepoint: 185740 ns, At safepoint: 517779 ns, Total: 703519 ns
[66.940s][info][gc       ] GC(61) Concurrent marking roots 0.301ms
[67.104s][info][gc       ] GC(61) Concurrent marking (unload classes) 163.922ms
[67.105s][info][gc       ] GC(61) Pause Final Mark (unload classes) 0.529ms
[67.106s][info][safepoint] Safepoint "ShenandoahFinalMarkStartEvac", Time since last: 165607065 ns, Reaching safepoint: 225776 ns, At safepoint: 939587 ns, Total: 1165363 ns
[67.106s][info][gc       ] GC(61) Concurrent weak references 0.185ms
[67.107s][info][gc       ] GC(61) Concurrent weak roots 0.408ms
[67.107s][info][gc       ] GC(61) Concurrent cleanup 5456M->2274M(5670M) 0.206ms
[67.108s][info][gc       ] GC(61) Concurrent class unloading 0.679ms
[67.109s][info][gc       ] GC(61) Pause Final Roots 0.002ms
[67.109s][info][safepoint] Safepoint "ShenandoahFinalRoots", Time since last: 2682565 ns, Reaching safepoint: 391844 ns, At safepoint: 431452 ns, Total: 823296 ns
[68.061s][info][gc       ] Trigger: Average GC time (223.54 ms) is above the time for average allocation rate (2941 MB/s) to deplete free headroom (654M) (margin of error = 1.74)
[68.064s][info][gc       ] GC(62) Concurrent reset 2.635ms
[68.064s][info][gc       ] GC(62) Pause Init Mark (unload classes) 0.109ms
[68.065s][info][safepoint] Safepoint "ShenandoahInitMark", Time since last: 954839058 ns, Reaching safepoint: 314860 ns, At safepoint: 476398 ns, Total: 791258 ns
[68.066s][info][gc       ] GC(62) Concurrent marking roots 0.269ms
[68.229s][info][gc       ] GC(62) Concurrent marking (unload classes) 163.364ms
[68.231s][info][gc       ] GC(62) Pause Final Mark (unload classes) 0.667ms
[68.231s][info][safepoint] Safepoint "ShenandoahFinalMarkStartEvac", Time since last: 165108818 ns, Reaching safepoint: 388810 ns, At safepoint: 1068717 ns, Total: 1457527 ns
[68.232s][info][gc       ] GC(62) Concurrent weak references 0.180ms
[68.233s][info][gc       ] GC(62) Concurrent weak roots 0.452ms
[68.233s][info][gc       ] GC(62) Concurrent cleanup 5508M->2276M(5670M) 0.218ms
[68.234s][info][gc       ] GC(62) Concurrent class unloading 0.500ms
[68.235s][info][gc       ] GC(62) Pause Final Roots 0.002ms
[68.235s][info][safepoint] Safepoint "ShenandoahFinalRoots", Time since last: 3012664 ns, Reaching safepoint: 143906 ns, At safepoint: 314138 ns, Total: 458044 ns
[69.235s][info][gc       ] Trigger: Average GC time (208.77 ms) is above the time for average allocation rate (2889 MB/s) to deplete free headroom (600M) (margin of error = 1.74)
[69.237s][info][gc       ] GC(63) Concurrent reset 2.305ms
[69.238s][info][gc       ] GC(63) Pause Init Mark (unload classes) 0.108ms
[69.239s][info][safepoint] Safepoint "ShenandoahInitMark", Time since last: 1002960470 ns, Reaching safepoint: 225851 ns, At safepoint: 458157 ns, Total: 684008 ns
[69.239s][info][gc       ] GC(63) Concurrent marking roots 0.249ms
[69.415s][info][gc       ] GC(63) Concurrent marking (unload classes) 175.054ms
[69.416s][info][gc       ] GC(63) Pause Final Mark (unload classes) 0.587ms
[69.416s][info][safepoint] Safepoint "ShenandoahFinalMarkStartEvac", Time since last: 176505660 ns, Reaching safepoint: 250513 ns, At safepoint: 1108860 ns, Total: 1359373 ns
[69.417s][info][gc       ] GC(63) Concurrent weak references 0.168ms
[69.418s][info][gc       ] GC(63) Concurrent weak roots 0.360ms
[69.418s][info][gc       ] GC(63) Concurrent cleanup 5600M->2316M(5670M) 0.224ms
[69.419s][info][gc       ] GC(63) Concurrent class unloading 0.535ms
[69.419s][info][gc       ] GC(63) Pause Final Roots 0.003ms
[69.420s][info][safepoint] Safepoint "ShenandoahFinalRoots", Time since last: 2869253 ns, Reaching safepoint: 159481 ns, At safepoint: 387102 ns, Total: 546583 ns
[69.923s][info][gc       ] Trigger: Average GC time (203.08 ms) is above the time for average allocation rate (6305 MB/s) to deplete free headroom (1236M) (margin of error = 1.75)
[69.927s][info][gc       ] GC(64) Concurrent reset 3.017ms
[69.928s][info][gc       ] GC(64) Pause Init Mark (unload classes) 0.122ms
[69.928s][info][safepoint] Safepoint "ShenandoahInitMark", Time since last: 507611543 ns, Reaching safepoint: 292173 ns, At safepoint: 670578 ns, Total: 962751 ns
[69.929s][info][gc       ] GC(64) Concurrent marking roots 0.416ms
[70.041s][info][gc       ] GC(64) Concurrent marking (unload classes) 111.707ms
[70.043s][info][gc       ] GC(64) Pause Final Mark (unload classes) 0.535ms
[70.043s][info][safepoint] Safepoint "ShenandoahFinalMarkStartEvac", Time since last: 113527479 ns, Reaching safepoint: 221706 ns, At safepoint: 872425 ns, Total: 1094131 ns
[70.043s][info][gc       ] GC(64) Concurrent weak references 0.055ms
[70.044s][info][gc       ] GC(64) Concurrent weak roots 0.383ms
[70.044s][info][gc       ] GC(64) Concurrent cleanup 5151M->1748M(5670M) 0.218ms
[70.045s][info][gc       ] GC(64) Concurrent class unloading 0.590ms
[70.045s][info][gc       ] GC(64) Pause Final Roots 0.002ms
[70.046s][info][safepoint] Safepoint "ShenandoahFinalRoots", Time since last: 2189277 ns, Reaching safepoint: 153641 ns, At safepoint: 196455 ns, Total: 350096 ns
[71.301s][info][gc       ] Trigger: Average GC time (206.60 ms) is above the time for average allocation rate (2856 MB/s) to deplete free headroom (588M) (margin of error = 1.72)
[71.303s][info][gc       ] GC(65) Concurrent reset 1.516ms
[71.304s][info][gc       ] GC(65) Pause Init Mark (unload classes) 0.123ms
[71.304s][info][safepoint] Safepoint "ShenandoahInitMark", Time since last: 1257687790 ns, Reaching safepoint: 190225 ns, At safepoint: 431372 ns, Total: 621597 ns
[71.305s][info][gc       ] GC(65) Concurrent marking roots 0.235ms
[71.492s][info][gc       ] GC(65) Concurrent marking (unload classes) 186.778ms
[71.493s][info][gc       ] GC(65) Pause Final Mark (unload classes) 0.491ms
[71.493s][info][safepoint] Safepoint "ShenandoahFinalMarkStartEvac", Time since last: 188603509 ns, Reaching safepoint: 166527 ns, At safepoint: 881614 ns, Total: 1048141 ns
[71.494s][info][gc       ] GC(65) Concurrent weak references 0.189ms
[71.495s][info][gc       ] GC(65) Concurrent weak roots 0.266ms
[71.495s][info][gc       ] GC(65) Concurrent cleanup 5610M->2316M(5670M) 0.210ms
[71.496s][info][gc       ] GC(65) Concurrent class unloading 0.494ms
[71.496s][info][gc       ] GC(65) Pause Final Roots 0.002ms
[71.496s][info][safepoint] Safepoint "ShenandoahFinalRoots", Time since last: 2334604 ns, Reaching safepoint: 155031 ns, At safepoint: 244137 ns, Total: 399168 ns
[72.436s][info][gc       ] Trigger: Average GC time (227.02 ms) is above the time for average allocation rate (2909 MB/s) to deplete free headroom (658M) (margin of error = 1.73)
[72.439s][info][gc       ] GC(66) Concurrent reset 2.520ms
[72.440s][info][gc       ] GC(66) Pause Init Mark (unload classes) 0.154ms
[72.440s][info][safepoint] Safepoint "ShenandoahInitMark", Time since last: 943083437 ns, Reaching safepoint: 198433 ns, At safepoint: 604347 ns, Total: 802780 ns
[72.441s][info][gc       ] GC(66) Concurrent marking roots 0.316ms
[72.622s][info][gc       ] GC(66) Concurrent marking (unload classes) 180.315ms
[72.623s][info][gc       ] GC(66) Pause Final Mark (unload classes) 0.515ms
[72.623s][info][safepoint] Safepoint "ShenandoahFinalMarkStartEvac", Time since last: 182062652 ns, Reaching safepoint: 250488 ns, At safepoint: 1055012 ns, Total: 1305500 ns
[72.624s][info][gc       ] GC(66) Concurrent weak references 0.048ms
[72.625s][info][gc       ] GC(66) Concurrent weak roots 0.430ms
[72.625s][info][gc       ] GC(66) Concurrent cleanup 5444M->2220M(5670M) 0.207ms
[72.626s][info][gc       ] GC(66) Concurrent class unloading 0.492ms
[72.626s][info][gc       ] GC(66) Pause Final Roots 0.002ms
[72.626s][info][safepoint] Safepoint "ShenandoahFinalRoots", Time since last: 2346933 ns, Reaching safepoint: 174522 ns, At safepoint: 105654 ns, Total: 280176 ns
[73.619s][info][gc       ] Trigger: Average GC time (222.13 ms) is above the time for average allocation rate (2913 MB/s) to deplete free headroom (646M) (margin of error = 1.73)
[73.622s][info][gc       ] GC(67) Concurrent reset 2.685ms
[73.623s][info][gc       ] GC(67) Pause Init Mark (unload classes) 0.115ms
[73.623s][info][safepoint] Safepoint "ShenandoahInitMark", Time since last: 996150066 ns, Reaching safepoint: 155613 ns, At safepoint: 476085 ns, Total: 631698 ns
[73.623s][info][gc       ] GC(67) Concurrent marking roots 0.244ms
[73.788s][info][gc       ] GC(67) Concurrent marking (unload classes) 164.010ms
[73.789s][info][gc       ] GC(67) Pause Final Mark (unload classes) 0.616ms
[73.790s][info][safepoint] Safepoint "ShenandoahFinalMarkStartEvac", Time since last: 165475150 ns, Reaching safepoint: 284657 ns, At safepoint: 1141056 ns, Total: 1425713 ns
[73.790s][info][gc       ] GC(67) Concurrent weak references 0.116ms
[73.791s][info][gc       ] GC(67) Concurrent weak roots 0.317ms
[73.791s][info][gc       ] GC(67) Concurrent cleanup 5518M->2284M(5670M) 0.211ms
[73.792s][info][gc       ] GC(67) Concurrent class unloading 0.597ms
[73.793s][info][gc       ] GC(67) Pause Final Roots 0.002ms
[73.793s][info][safepoint] Safepoint "ShenandoahFinalRoots", Time since last: 2594928 ns, Reaching safepoint: 150811 ns, At safepoint: 286706 ns, Total: 437517 ns
[74.759s][info][gc       ] Trigger: Average GC time (207.16 ms) is above the time for average allocation rate (2948 MB/s) to deplete free headroom (610M) (margin of error = 1.73)
[74.763s][info][gc       ] GC(68) Concurrent reset 2.861ms
[74.763s][info][gc       ] GC(68) Pause Init Mark (unload classes) 0.134ms
[74.764s][info][safepoint] Safepoint "ShenandoahInitMark", Time since last: 970404530 ns, Reaching safepoint: 108509 ns, At safepoint: 432245 ns, Total: 540754 ns
[74.764s][info][gc       ] GC(68) Concurrent marking roots 0.241ms
[74.946s][info][gc       ] GC(68) Concurrent marking (unload classes) 180.758ms
[74.947s][info][gc       ] GC(68) Pause Final Mark (unload classes) 0.510ms
[74.947s][info][safepoint] Safepoint "ShenandoahFinalMarkStartEvac", Time since last: 182433026 ns, Reaching safepoint: 223880 ns, At safepoint: 796461 ns, Total: 1020341 ns
[74.948s][info][gc       ] GC(68) Concurrent weak references 0.054ms
[74.948s][info][gc       ] GC(68) Concurrent weak roots 0.452ms
[74.949s][info][gc       ] GC(68) Concurrent cleanup 5584M->2310M(5670M) 0.218ms
[74.950s][info][gc       ] GC(68) Concurrent class unloading 0.553ms
[74.950s][info][gc       ] GC(68) Pause Final Roots 0.002ms
[74.950s][info][safepoint] Safepoint "ShenandoahFinalRoots", Time since last: 2510573 ns, Reaching safepoint: 168867 ns, At safepoint: 260605 ns, Total: 429472 ns
[75.903s][info][gc       ] Trigger: Average GC time (207.47 ms) is above the time for average allocation rate (2941 MB/s) to deplete free headroom (610M) (margin of error = 1.73)
[75.906s][info][gc       ] GC(69) Concurrent reset 2.497ms
[75.907s][info][gc       ] GC(69) Pause Init Mark (unload classes) 0.134ms
[75.907s][info][safepoint] Safepoint "ShenandoahInitMark", Time since last: 956522739 ns, Reaching safepoint: 179714 ns, At safepoint: 468332 ns, Total: 648046 ns
[75.908s][info][gc       ] GC(69) Concurrent marking roots 0.301ms
[76.087s][info][gc       ] GC(69) Concurrent marking (unload classes) 178.752ms
[76.088s][info][gc       ] GC(69) Pause Final Mark (unload classes) 0.622ms
[76.089s][info][safepoint] Safepoint "ShenandoahFinalMarkStartEvac", Time since last: 180321611 ns, Reaching safepoint: 214754 ns, At safepoint: 922354 ns, Total: 1137108 ns
[76.089s][info][gc       ] GC(69) Concurrent weak references 0.043ms
[76.090s][info][gc       ] GC(69) Concurrent weak roots 0.235ms
[76.090s][info][gc       ] GC(69) Concurrent cleanup 5468M->2196M(5670M) 0.216ms
[76.091s][info][gc       ] GC(69) Concurrent class unloading 0.575ms
[76.091s][info][gc       ] GC(69) Pause Final Roots 0.002ms
[76.091s][info][safepoint] Safepoint "ShenandoahFinalRoots", Time since last: 2085660 ns, Reaching safepoint: 144491 ns, At safepoint: 313426 ns, Total: 457917 ns
[77.091s][info][gc       ] Trigger: Average GC time (202.85 ms) is above the time for average allocation rate (2941 MB/s) to deplete free headroom (596M) (margin of error = 1.73)
[77.094s][info][gc       ] GC(70) Concurrent reset 2.268ms
[77.094s][info][gc       ] GC(70) Pause Init Mark (unload classes) 0.135ms
[77.095s][info][safepoint] Safepoint "ShenandoahInitMark", Time since last: 1002695454 ns, Reaching safepoint: 225038 ns, At safepoint: 567308 ns, Total: 792346 ns
[77.095s][info][gc       ] GC(70) Concurrent marking roots 0.324ms
[77.261s][info][gc       ] GC(70) Concurrent marking (unload classes) 164.827ms
[77.262s][info][gc       ] GC(70) Pause Final Mark (unload classes) 0.636ms
[77.263s][info][safepoint] Safepoint "ShenandoahFinalMarkStartEvac", Time since last: 166283140 ns, Reaching safepoint: 474420 ns, At safepoint: 942517 ns, Total: 1416937 ns
[77.263s][info][gc       ] GC(70) Concurrent weak references 0.078ms
[77.263s][info][gc       ] GC(70) Concurrent weak roots 0.239ms
[77.264s][info][gc       ] GC(70) Concurrent cleanup 5568M->2280M(5670M) 0.209ms
[77.264s][info][gc       ] GC(70) Concurrent class unloading 0.520ms
[77.265s][info][gc       ] GC(70) Pause Final Roots 0.002ms
[77.265s][info][safepoint] Safepoint "ShenandoahFinalRoots", Time since last: 1930025 ns, Reaching safepoint: 144552 ns, At safepoint: 182083 ns, Total: 326635 ns
[78.258s][info][gc       ] Trigger: Average GC time (195.82 ms) is above the time for average allocation rate (2968 MB/s) to deplete free headroom (580M) (margin of error = 1.73)
[78.261s][info][gc       ] GC(71) Concurrent reset 2.377ms
[78.262s][info][gc       ] GC(71) Pause Init Mark (unload classes) 0.169ms
[78.262s][info][safepoint] Safepoint "ShenandoahInitMark", Time since last: 996854064 ns, Reaching safepoint: 256310 ns, At safepoint: 567212 ns, Total: 823522 ns
[78.263s][info][gc       ] GC(71) Concurrent marking roots 0.360ms
[78.433s][info][gc       ] GC(71) Concurrent marking (unload classes) 169.099ms
[78.434s][info][gc       ] GC(71) Pause Final Mark (unload classes) 0.537ms
[78.435s][info][safepoint] Safepoint "ShenandoahFinalMarkStartEvac", Time since last: 170811422 ns, Reaching safepoint: 290530 ns, At safepoint: 976189 ns, Total: 1266719 ns
[78.435s][info][gc       ] GC(71) Concurrent weak references 0.075ms
[78.436s][info][gc       ] GC(71) Concurrent weak roots 0.323ms
[78.436s][info][gc       ] GC(71) Concurrent cleanup 5582M->2278M(5670M) 0.228ms
[78.437s][info][gc       ] GC(71) Concurrent class unloading 0.650ms
[78.437s][info][gc       ] GC(71) Pause Final Roots 0.003ms
[78.437s][info][safepoint] Safepoint "ShenandoahFinalRoots", Time since last: 2368058 ns, Reaching safepoint: 163039 ns, At safepoint: 299061 ns, Total: 462100 ns
[79.429s][info][gc       ] Trigger: Average GC time (190.62 ms) is above the time for average allocation rate (2957 MB/s) to deplete free headroom (560M) (margin of error = 1.73)
[79.432s][info][gc       ] GC(72) Concurrent reset 2.544ms
[79.433s][info][gc       ] GC(72) Pause Init Mark (unload classes) 0.101ms
[79.433s][info][safepoint] Safepoint "ShenandoahInitMark", Time since last: 994855666 ns, Reaching safepoint: 236240 ns, At safepoint: 554845 ns, Total: 791085 ns
[79.434s][info][gc       ] GC(72) Concurrent marking roots 0.253ms
[79.602s][info][gc       ] GC(72) Concurrent marking (unload classes) 167.641ms
[79.603s][info][gc       ] GC(72) Pause Final Mark (unload classes) 0.592ms
[79.603s][info][safepoint] Safepoint "ShenandoahFinalMarkStartEvac", Time since last: 169278581 ns, Reaching safepoint: 235640 ns, At safepoint: 904844 ns, Total: 1140484 ns
[79.604s][info][gc       ] GC(72) Concurrent weak references 0.046ms
[79.604s][info][gc       ] GC(72) Concurrent weak roots 0.237ms
[79.605s][info][gc       ] GC(72) Concurrent cleanup 5604M->2282M(5670M) 0.213ms
[79.605s][info][gc       ] GC(72) Concurrent class unloading 0.554ms
[79.606s][info][gc       ] GC(72) Pause Final Roots 0.002ms
[79.606s][info][safepoint] Safepoint "ShenandoahFinalRoots", Time since last: 2193469 ns, Reaching safepoint: 107938 ns, At safepoint: 212383 ns, Total: 320321 ns
[80.606s][info][gc       ] Trigger: Average GC time (186.34 ms) is above the time for average allocation rate (2911 MB/s) to deplete free headroom (542M) (margin of error = 1.73)
[80.609s][info][gc       ] GC(73) Concurrent reset 2.508ms
[80.610s][info][gc       ] GC(73) Pause Init Mark (unload classes) 0.113ms
[80.611s][info][safepoint] Safepoint "ShenandoahInitMark", Time since last: 1003995542 ns, Reaching safepoint: 191069 ns, At safepoint: 409503 ns, Total: 600572 ns
[80.611s][info][gc       ] GC(73) Concurrent marking roots 0.323ms
[80.805s][info][gc       ] GC(73) Concurrent marking (unload classes) 193.800ms
[80.807s][info][gc       ] GC(73) Pause Final Mark (unload classes) 0.581ms
[80.807s][info][safepoint] Safepoint "ShenandoahFinalMarkStartEvac", Time since last: 195452242 ns, Reaching safepoint: 202081 ns, At safepoint: 1103458 ns, Total: 1305539 ns
[80.808s][info][gc       ] GC(73) Concurrent weak references 0.253ms
[80.809s][info][gc       ] GC(73) Concurrent weak roots 0.326ms
[80.810s][info][gc       ] GC(73) Concurrent cleanup 5570M->2230M(5670M) 0.276ms
[80.810s][info][gc       ] GC(73) Concurrent class unloading 0.620ms
[80.811s][info][gc       ] GC(73) Pause Final Roots 0.002ms
[80.811s][info][safepoint] Safepoint "ShenandoahFinalRoots", Time since last: 3186123 ns, Reaching safepoint: 170691 ns, At safepoint: 297349 ns, Total: 468040 ns
[81.316s][info][gc       ] Trigger: Average GC time (214.41 ms) is above the time for average allocation rate (6859 MB/s) to deplete free headroom (1058M) (margin of error = 1.73)
[81.319s][info][gc       ] GC(74) Concurrent reset 2.621ms
[81.320s][info][gc       ] GC(74) Pause Init Mark (unload classes) 0.138ms
[81.320s][info][safepoint] Safepoint "ShenandoahInitMark", Time since last: 508336567 ns, Reaching safepoint: 239119 ns, At safepoint: 600388 ns, Total: 839507 ns
[81.321s][info][gc       ] GC(74) Concurrent marking roots 0.246ms
[81.463s][info][gc       ] GC(74) Concurrent marking (unload classes) 142.372ms
[81.465s][info][gc       ] GC(74) Pause Final Mark (unload classes) 0.594ms
[81.465s][info][safepoint] Safepoint "ShenandoahFinalMarkStartEvac", Time since last: 143674957 ns, Reaching safepoint: 259296 ns, At safepoint: 876061 ns, Total: 1135357 ns
[81.465s][info][gc       ] GC(74) Concurrent weak references 0.095ms
[81.466s][info][gc       ] GC(74) Concurrent weak roots 0.266ms
[81.466s][info][gc       ] GC(74) Concurrent cleanup 5097M->1820M(5670M) 0.210ms
[81.467s][info][gc       ] GC(74) Concurrent class unloading 0.626ms
[81.467s][info][gc       ] GC(74) Pause Final Roots 0.002ms
[81.467s][info][safepoint] Safepoint "ShenandoahFinalRoots", Time since last: 2011653 ns, Reaching safepoint: 186240 ns, At safepoint: 239252 ns, Total: 425492 ns
[82.617s][info][gc       ] Trigger: Average GC time (208.66 ms) is above the time for average allocation rate (2948 MB/s) to deplete free headroom (614M) (margin of error = 1.70)
[82.619s][info][gc       ] GC(75) Concurrent reset 1.791ms
[82.619s][info][gc       ] GC(75) Pause Init Mark (unload classes) 0.101ms
[82.620s][info][safepoint] Safepoint "ShenandoahInitMark", Time since last: 1151707147 ns, Reaching safepoint: 174205 ns, At safepoint: 420523 ns, Total: 594728 ns
[82.620s][info][gc       ] GC(75) Concurrent marking roots 0.228ms
[82.801s][info][gc       ] GC(75) Concurrent marking (unload classes) 180.432ms
[82.802s][info][gc       ] GC(75) Pause Final Mark (unload classes) 0.560ms
[82.803s][info][safepoint] Safepoint "ShenandoahFinalMarkStartEvac", Time since last: 181771450 ns, Reaching safepoint: 255868 ns, At safepoint: 1035562 ns, Total: 1291430 ns
[82.803s][info][gc       ] GC(75) Concurrent weak references 0.039ms
[82.804s][info][gc       ] GC(75) Concurrent weak roots 0.297ms
[82.804s][info][gc       ] GC(75) Concurrent cleanup 5478M->2214M(5670M) 0.198ms
[82.805s][info][gc       ] GC(75) Concurrent class unloading 0.570ms
[82.805s][info][gc       ] GC(75) Pause Final Roots 0.002ms
[82.805s][info][safepoint] Safepoint "ShenandoahFinalRoots", Time since last: 2263229 ns, Reaching safepoint: 158236 ns, At safepoint: 268637 ns, Total: 426873 ns
[83.831s][info][gc       ] Trigger: Average GC time (210.19 ms) is above the time for average allocation rate (2874 MB/s) to deplete free headroom (602M) (margin of error = 1.70)
[83.834s][info][gc       ] GC(76) Concurrent reset 2.478ms
[83.834s][info][gc       ] GC(76) Pause Init Mark (unload classes) 0.107ms
[83.835s][info][safepoint] Safepoint "ShenandoahInitMark", Time since last: 1028735565 ns, Reaching safepoint: 207530 ns, At safepoint: 460742 ns, Total: 668272 ns
[83.836s][info][gc       ] GC(76) Concurrent marking roots 0.269ms
[84.001s][info][gc       ] GC(76) Concurrent marking (unload classes) 165.428ms
[84.002s][info][gc       ] GC(76) Pause Final Mark (unload classes) 0.559ms
[84.003s][info][safepoint] Safepoint "ShenandoahFinalMarkStartEvac", Time since last: 166895682 ns, Reaching safepoint: 200365 ns, At safepoint: 870217 ns, Total: 1070582 ns
[84.003s][info][gc       ] GC(76) Concurrent weak references 0.058ms
[84.003s][info][gc       ] GC(76) Concurrent weak roots 0.272ms
[84.004s][info][gc       ] GC(76) Concurrent cleanup 5548M->2270M(5670M) 0.223ms
[84.004s][info][gc       ] GC(76) Concurrent class unloading 0.528ms
[84.005s][info][gc       ] GC(76) Pause Final Roots 0.002ms
[84.005s][info][safepoint] Safepoint "ShenandoahFinalRoots", Time since last: 1783221 ns, Reaching safepoint: 109247 ns, At safepoint: 122700 ns, Total: 231947 ns
[85.024s][info][gc       ] Trigger: Average GC time (198.87 ms) is above the time for average allocation rate (2881 MB/s) to deplete free headroom (572M) (margin of error = 1.70)
[85.028s][info][gc       ] GC(77) Concurrent reset 2.975ms
[85.029s][info][gc       ] GC(77) Pause Init Mark (unload classes) 0.122ms
[85.029s][info][safepoint] Safepoint "ShenandoahInitMark", Time since last: 1023416832 ns, Reaching safepoint: 255519 ns, At safepoint: 522315 ns, Total: 777834 ns
[85.030s][info][gc       ] GC(77) Concurrent marking roots 0.280ms
[85.200s][info][gc       ] GC(77) Concurrent marking (unload classes) 169.569ms
[85.201s][info][gc       ] GC(77) Pause Final Mark (unload classes) 0.717ms
[85.202s][info][safepoint] Safepoint "ShenandoahFinalMarkStartEvac", Time since last: 170975560 ns, Reaching safepoint: 287587 ns, At safepoint: 1277877 ns, Total: 1565464 ns
[85.202s][info][gc       ] GC(77) Concurrent weak references 0.225ms
[85.203s][info][gc       ] GC(77) Concurrent weak roots 0.344ms
[85.203s][info][gc       ] GC(77) Concurrent cleanup 5604M->2294M(5670M) 0.209ms
[85.204s][info][gc       ] GC(77) Concurrent class unloading 0.587ms
[85.205s][info][gc       ] GC(77) Pause Final Roots 0.004ms
[85.205s][info][safepoint] Safepoint "ShenandoahFinalRoots", Time since last: 2906811 ns, Reaching safepoint: 244621 ns, At safepoint: 288339 ns, Total: 532960 ns
[86.223s][info][gc       ] Trigger: Average GC time (194.50 ms) is above the time for average allocation rate (2811 MB/s) to deplete free headroom (546M) (margin of error = 1.70)
[86.225s][info][gc       ] GC(78) Concurrent reset 2.393ms
[86.226s][info][gc       ] GC(78) Pause Init Mark (unload classes) 0.134ms
[86.226s][info][safepoint] Safepoint "ShenandoahInitMark", Time since last: 1020695861 ns, Reaching safepoint: 116413 ns, At safepoint: 612154 ns, Total: 728567 ns
[86.227s][info][gc       ] GC(78) Concurrent marking roots 0.247ms
[86.392s][info][gc       ] GC(78) Concurrent marking (unload classes) 164.074ms
[86.393s][info][gc       ] GC(78) Pause Final Mark (unload classes) 0.511ms
[86.393s][info][safepoint] Safepoint "ShenandoahFinalMarkStartEvac", Time since last: 165748822 ns, Reaching safepoint: 316501 ns, At safepoint: 798491 ns, Total: 1114992 ns
[86.394s][info][gc       ] GC(78) Concurrent weak references 0.077ms
[86.394s][info][gc       ] GC(78) Concurrent weak roots 0.263ms
[86.394s][info][gc       ] GC(78) Concurrent cleanup 5614M->2278M(5670M) 0.213ms
[86.395s][info][gc       ] GC(78) Concurrent class unloading 0.535ms
[86.395s][info][gc       ] GC(78) Pause Final Roots 0.002ms
[86.396s][info][safepoint] Safepoint "ShenandoahFinalRoots", Time since last: 2033514 ns, Reaching safepoint: 156853 ns, At safepoint: 216979 ns, Total: 373832 ns
[87.380s][info][gc       ] Trigger: Average GC time (187.99 ms) is above the time for average allocation rate (2951 MB/s) to deplete free headroom (554M) (margin of error = 1.70)
[87.383s][info][gc       ] GC(79) Concurrent reset 2.558ms
[87.384s][info][gc       ] GC(79) Pause Init Mark (unload classes) 0.245ms
[87.384s][info][safepoint] Safepoint "ShenandoahInitMark", Time since last: 987762489 ns, Reaching safepoint: 225111 ns, At safepoint: 669638 ns, Total: 894749 ns
[87.385s][info][gc       ] GC(79) Concurrent marking roots 0.243ms
[87.554s][info][gc       ] GC(79) Concurrent marking (unload classes) 168.961ms
[87.556s][info][gc       ] GC(79) Pause Final Mark (unload classes) 0.559ms
[87.556s][info][safepoint] Safepoint "ShenandoahFinalMarkStartEvac", Time since last: 170623342 ns, Reaching safepoint: 214336 ns, At safepoint: 949483 ns, Total: 1163819 ns
[87.557s][info][gc       ] GC(79) Concurrent weak references 0.089ms
[87.557s][info][gc       ] GC(79) Concurrent weak roots 0.317ms
[87.558s][info][gc       ] GC(79) Concurrent cleanup 5572M->2246M(5670M) 0.215ms
[87.558s][info][gc       ] GC(79) Concurrent class unloading 0.541ms
[87.559s][info][gc       ] GC(79) Pause Final Roots 0.003ms
[87.559s][info][safepoint] Safepoint "ShenandoahFinalRoots", Time since last: 2483799 ns, Reaching safepoint: 142043 ns, At safepoint: 301832 ns, Total: 443875 ns
[88.574s][info][gc       ] Trigger: Average GC time (186.30 ms) is above the time for average allocation rate (2968 MB/s) to deplete free headroom (552M) (margin of error = 1.70)
[88.577s][info][gc       ] GC(80) Concurrent reset 2.423ms
[88.577s][info][gc       ] GC(80) Pause Init Mark (unload classes) 0.095ms
[88.578s][info][safepoint] Safepoint "ShenandoahInitMark", Time since last: 1017993329 ns, Reaching safepoint: 219733 ns, At safepoint: 448854 ns, Total: 668587 ns
[88.579s][info][gc       ] GC(80) Concurrent marking roots 0.319ms
[88.747s][info][gc       ] GC(80) Concurrent marking (unload classes) 168.204ms
[88.748s][info][gc       ] GC(80) Pause Final Mark (unload classes) 0.542ms
[88.749s][info][safepoint] Safepoint "ShenandoahFinalMarkStartEvac", Time since last: 169893093 ns, Reaching safepoint: 269003 ns, At safepoint: 1002338 ns, Total: 1271341 ns
[88.750s][info][gc       ] GC(80) Concurrent weak references 0.151ms
[88.750s][info][gc       ] GC(80) Concurrent weak roots 0.360ms
[88.751s][info][gc       ] GC(80) Concurrent cleanup 5608M->2282M(5670M) 0.214ms
[88.751s][info][gc       ] GC(80) Concurrent class unloading 0.511ms
[88.752s][info][gc       ] GC(80) Pause Final Roots 0.003ms
[88.752s][info][safepoint] Safepoint "ShenandoahFinalRoots", Time since last: 2661843 ns, Reaching safepoint: 36610 ns, At safepoint: 185752 ns, Total: 222362 ns
[89.753s][info][gc       ] Trigger: Average GC time (183.87 ms) is above the time for average allocation rate (2901 MB/s) to deplete free headroom (532M) (margin of error = 1.70)
[89.755s][info][gc       ] GC(81) Concurrent reset 2.322ms
[89.756s][info][gc       ] GC(81) Pause Init Mark (unload classes) 0.123ms
[89.756s][info][safepoint] Safepoint "ShenandoahInitMark", Time since last: 1003940257 ns, Reaching safepoint: 187608 ns, At safepoint: 405032 ns, Total: 592640 ns
[89.757s][info][gc       ] GC(81) Concurrent marking roots 0.411ms
[89.920s][info][gc       ] GC(81) Concurrent marking (unload classes) 162.210ms
[89.921s][info][gc       ] GC(81) Pause Final Mark (unload classes) 0.545ms
[89.922s][info][safepoint] Safepoint "ShenandoahFinalMarkStartEvac", Time since last: 164241806 ns, Reaching safepoint: 299972 ns, At safepoint: 1004718 ns, Total: 1304690 ns
[89.922s][info][gc       ] GC(81) Concurrent weak references 0.135ms
[89.923s][info][gc       ] GC(81) Concurrent weak roots 0.274ms
[89.923s][info][gc       ] GC(81) Concurrent cleanup 5632M->2284M(5670M) 0.207ms
[89.924s][info][gc       ] GC(81) Concurrent class unloading 0.559ms
[89.924s][info][gc       ] GC(81) Pause Final Roots 0.002ms
[89.925s][info][safepoint] Safepoint "ShenandoahFinalRoots", Time since last: 2412022 ns, Reaching safepoint: 104846 ns, At safepoint: 146815 ns, Total: 251661 ns
[90.925s][info][safepoint] Safepoint "Cleanup", Time since last: 1000320874 ns, Reaching safepoint: 348652 ns, At safepoint: 28808 ns, Total: 377460 ns
[90.944s][info][gc       ] Trigger: Average GC time (181.27 ms) is above the time for average allocation rate (2878 MB/s) to deplete free headroom (520M) (margin of error = 1.70)
[90.947s][info][gc       ] GC(82) Concurrent reset 2.571ms
[90.947s][info][gc       ] GC(82) Pause Init Mark (unload classes) 0.105ms
[90.948s][info][safepoint] Safepoint "ShenandoahInitMark", Time since last: 21758223 ns, Reaching safepoint: 232326 ns, At safepoint: 422147 ns, Total: 654473 ns
[90.948s][info][gc       ] GC(82) Concurrent marking roots 0.264ms
[91.133s][info][gc       ] GC(82) Concurrent marking (unload classes) 184.181ms
[91.134s][info][gc       ] GC(82) Pause Final Mark (unload classes) 0.533ms
[91.134s][info][safepoint] Safepoint "ShenandoahFinalMarkStartEvac", Time since last: 185651378 ns, Reaching safepoint: 155310 ns, At safepoint: 892613 ns, Total: 1047923 ns
[91.135s][info][gc       ] GC(82) Concurrent weak references 0.098ms
[91.135s][info][gc       ] GC(82) Concurrent weak roots 0.249ms
[91.136s][info][gc       ] GC(82) Concurrent cleanup 5624M->2264M(5670M) 0.204ms
[91.136s][info][gc       ] GC(82) Concurrent class unloading 0.476ms
[91.137s][info][gc       ] GC(82) Pause Final Roots 0.002ms
[91.137s][info][safepoint] Safepoint "ShenandoahFinalRoots", Time since last: 2114443 ns, Reaching safepoint: 103068 ns, At safepoint: 159162 ns, Total: 262230 ns
[92.115s][info][gc       ] Trigger: Average GC time (199.94 ms) is above the time for average allocation rate (2958 MB/s) to deplete free headroom (588M) (margin of error = 1.70)
[92.118s][info][gc       ] GC(83) Concurrent reset 2.408ms
[92.119s][info][gc       ] GC(83) Pause Init Mark (unload classes) 0.086ms
[92.119s][info][safepoint] Safepoint "ShenandoahInitMark", Time since last: 981495333 ns, Reaching safepoint: 247816 ns, At safepoint: 531873 ns, Total: 779689 ns
[92.120s][info][gc       ] GC(83) Concurrent marking roots 0.306ms
[92.313s][info][gc       ] GC(83) Concurrent marking (unload classes) 192.462ms
[92.314s][info][gc       ] GC(83) Pause Final Mark (unload classes) 0.694ms
[92.315s][info][safepoint] Safepoint "ShenandoahFinalMarkStartEvac", Time since last: 194131507 ns, Reaching safepoint: 284707 ns, At safepoint: 1261809 ns, Total: 1546516 ns
[92.315s][info][gc       ] GC(83) Concurrent weak references 0.167ms
[92.316s][info][gc       ] GC(83) Concurrent weak roots 0.390ms
[92.316s][info][gc       ] GC(83) Concurrent cleanup 5624M->2334M(5670M) 0.220ms
[92.317s][info][gc       ] GC(83) Concurrent class unloading 0.608ms
[92.317s][info][gc       ] GC(83) Pause Final Roots 0.003ms
[92.317s][info][safepoint] Safepoint "ShenandoahFinalRoots", Time since last: 2519619 ns, Reaching safepoint: 106769 ns, At safepoint: 149234 ns, Total: 256003 ns
[92.720s][info][gc       ] Trigger: Average GC time (212.40 ms) is above the time for average allocation rate (6876 MB/s) to deplete free headroom (1226M) (margin of error = 1.71)
[92.724s][info][gc       ] GC(84) Concurrent reset 3.212ms
[92.724s][info][gc       ] GC(84) Pause Init Mark (unload classes) 0.115ms
[92.725s][info][safepoint] Safepoint "ShenandoahInitMark", Time since last: 406602823 ns, Reaching safepoint: 195912 ns, At safepoint: 508002 ns, Total: 703914 ns
[92.725s][info][gc       ] GC(84) Concurrent marking roots 0.297ms
[92.904s][info][gc       ] GC(84) Concurrent marking (unload classes) 177.901ms
[92.905s][info][gc       ] GC(84) Pause Final Mark (unload classes) 0.544ms
[92.905s][info][safepoint] Safepoint "ShenandoahFinalMarkStartEvac", Time since last: 179370671 ns, Reaching safepoint: 270760 ns, At safepoint: 920335 ns, Total: 1191095 ns
[92.906s][info][gc       ] GC(84) Concurrent weak references 0.065ms
[92.906s][info][gc       ] GC(84) Concurrent weak roots 0.387ms
[92.907s][info][gc       ] GC(84) Concurrent cleanup 4845M->1858M(5670M) 0.193ms
[92.908s][info][gc       ] GC(84) Concurrent class unloading 0.565ms
[92.908s][info][gc       ] GC(84) Pause Final Roots 0.002ms
[92.908s][info][safepoint] Safepoint "ShenandoahFinalRoots", Time since last: 2405352 ns, Reaching safepoint: 102384 ns, At safepoint: 183387 ns, Total: 285771 ns
[94.068s][info][gc       ] Trigger: Average GC time (204.58 ms) is above the time for average allocation rate (2826 MB/s) to deplete free headroom (576M) (margin of error = 1.68)
[94.070s][info][gc       ] GC(85) Concurrent reset 1.952ms
[94.071s][info][gc       ] GC(85) Pause Init Mark (unload classes) 0.089ms
[94.071s][info][safepoint] Safepoint "ShenandoahInitMark", Time since last: 1162491851 ns, Reaching safepoint: 126504 ns, At safepoint: 275795 ns, Total: 402299 ns
[94.071s][info][gc       ] GC(85) Concurrent marking roots 0.268ms
[94.257s][info][gc       ] GC(85) Concurrent marking (unload classes) 185.489ms
[94.259s][info][gc       ] GC(85) Pause Final Mark (unload classes) 0.752ms
[94.259s][info][safepoint] Safepoint "ShenandoahFinalMarkStartEvac", Time since last: 186772082 ns, Reaching safepoint: 224631 ns, At safepoint: 1160023 ns, Total: 1384654 ns
[94.260s][info][gc       ] GC(85) Concurrent weak references 0.199ms
[94.260s][info][gc       ] GC(85) Concurrent weak roots 0.393ms
[94.261s][info][gc       ] GC(85) Concurrent cleanup 5646M->2342M(5670M) 0.247ms
[94.262s][info][gc       ] GC(85) Concurrent class unloading 0.576ms
[94.262s][info][gc       ] GC(85) Pause Final Roots 0.002ms
[94.262s][info][safepoint] Safepoint "ShenandoahFinalRoots", Time since last: 2786096 ns, Reaching safepoint: 107117 ns, At safepoint: 174305 ns, Total: 281422 ns
[95.238s][info][gc       ] Trigger: Average GC time (202.69 ms) is above the time for average allocation rate (2927 MB/s) to deplete free headroom (590M) (margin of error = 1.69)
[95.241s][info][gc       ] GC(86) Concurrent reset 2.454ms
[95.242s][info][gc       ] GC(86) Pause Init Mark (unload classes) 0.113ms
[95.242s][info][safepoint] Safepoint "ShenandoahInitMark", Time since last: 979545199 ns, Reaching safepoint: 193355 ns, At safepoint: 458287 ns, Total: 651642 ns
[95.243s][info][gc       ] GC(86) Concurrent marking roots 0.289ms
[95.409s][info][gc       ] GC(86) Concurrent marking (unload classes) 165.237ms
[95.410s][info][gc       ] GC(86) Pause Final Mark (unload classes) 0.580ms
[95.411s][info][safepoint] Safepoint "ShenandoahFinalMarkStartEvac", Time since last: 167064071 ns, Reaching safepoint: 279292 ns, At safepoint: 993080 ns, Total: 1272372 ns
[95.411s][info][gc       ] GC(86) Concurrent weak references 0.119ms
[95.412s][info][gc       ] GC(86) Concurrent weak roots 0.318ms
[95.412s][info][gc       ] GC(86) Concurrent cleanup 5568M->2278M(5670M) 0.221ms
[95.413s][info][gc       ] GC(86) Concurrent class unloading 0.772ms
[95.413s][info][gc       ] GC(86) Pause Final Roots 0.002ms
[95.414s][info][safepoint] Safepoint "ShenandoahFinalRoots", Time since last: 2751639 ns, Reaching safepoint: 108420 ns, At safepoint: 186272 ns, Total: 294692 ns
[96.408s][info][gc       ] Trigger: Average GC time (199.85 ms) is above the time for average allocation rate (2918 MB/s) to deplete free headroom (582M) (margin of error = 1.69)
[96.412s][info][gc       ] GC(87) Concurrent reset 3.128ms
[96.413s][info][gc       ] GC(87) Pause Init Mark (unload classes) 0.221ms
[96.413s][info][safepoint] Safepoint "ShenandoahInitMark", Time since last: 999044528 ns, Reaching safepoint: 185938 ns, At safepoint: 572584 ns, Total: 758522 ns
[96.414s][info][gc       ] GC(87) Concurrent marking roots 0.318ms
[96.596s][info][gc       ] GC(87) Concurrent marking (unload classes) 181.316ms
[96.597s][info][gc       ] GC(87) Pause Final Mark (unload classes) 0.692ms
[96.598s][info][safepoint] Safepoint "ShenandoahFinalMarkStartEvac", Time since last: 183096506 ns, Reaching safepoint: 185004 ns, At safepoint: 1151223 ns, Total: 1336227 ns
[96.598s][info][gc       ] GC(87) Concurrent weak references 0.058ms
[96.599s][info][gc       ] GC(87) Concurrent weak roots 0.288ms
[96.599s][info][gc       ] GC(87) Concurrent cleanup 5632M->2332M(5670M) 0.236ms
[96.600s][info][gc       ] GC(87) Concurrent class unloading 0.514ms
[96.600s][info][gc       ] GC(87) Pause Final Roots 0.003ms
[96.600s][info][safepoint] Safepoint "ShenandoahFinalRoots", Time since last: 1933908 ns, Reaching safepoint: 109814 ns, At safepoint: 146531 ns, Total: 256345 ns
[97.568s][info][gc       ] Trigger: Average GC time (200.69 ms) is above the time for average allocation rate (2856 MB/s) to deplete free headroom (572M) (margin of error = 1.69)
[97.571s][info][gc       ] GC(88) Concurrent reset 2.354ms
[97.572s][info][gc       ] GC(88) Pause Init Mark (unload classes) 0.101ms
[97.572s][info][safepoint] Safepoint "ShenandoahInitMark", Time since last: 971248285 ns, Reaching safepoint: 217829 ns, At safepoint: 500276 ns, Total: 718105 ns
[97.573s][info][gc       ] GC(88) Concurrent marking roots 0.371ms
[97.743s][info][gc       ] GC(88) Concurrent marking (unload classes) 170.118ms
[97.745s][info][gc       ] GC(88) Pause Final Mark (unload classes) 0.600ms
[97.745s][info][safepoint] Safepoint "ShenandoahFinalMarkStartEvac", Time since last: 171982600 ns, Reaching safepoint: 333312 ns, At safepoint: 968212 ns, Total: 1301524 ns
[97.746s][info][gc       ] GC(88) Concurrent weak references 0.050ms
[97.746s][info][gc       ] GC(88) Concurrent weak roots 0.266ms
[97.747s][info][gc       ] GC(88) Concurrent cleanup 5596M->2286M(5670M) 0.209ms
[97.748s][info][gc       ] GC(88) Concurrent class unloading 0.523ms
[97.748s][info][gc       ] GC(88) Pause Final Roots 0.003ms
[97.748s][info][safepoint] Safepoint "ShenandoahFinalRoots", Time since last: 2379548 ns, Reaching safepoint: 221156 ns, At safepoint: 266862 ns, Total: 488018 ns
[98.735s][info][gc       ] Trigger: Average GC time (195.01 ms) is above the time for average allocation rate (2882 MB/s) to deplete free headroom (560M) (margin of error = 1.69)
[98.738s][info][gc       ] GC(89) Concurrent reset 2.366ms
[98.739s][info][gc       ] GC(89) Pause Init Mark (unload classes) 0.093ms
[98.739s][info][safepoint] Safepoint "ShenandoahInitMark", Time since last: 990419080 ns, Reaching safepoint: 262004 ns, At safepoint: 561910 ns, Total: 823914 ns
[98.740s][info][gc       ] GC(89) Concurrent marking roots 0.247ms
[98.910s][info][gc       ] GC(89) Concurrent marking (unload classes) 169.873ms
[98.912s][info][gc       ] GC(89) Pause Final Mark (unload classes) 0.616ms
[98.912s][info][safepoint] Safepoint "ShenandoahFinalMarkStartEvac", Time since last: 171541915 ns, Reaching safepoint: 405521 ns, At safepoint: 1042040 ns, Total: 1447561 ns
[98.913s][info][gc       ] GC(89) Concurrent weak references 0.056ms
[98.913s][info][gc       ] GC(89) Concurrent weak roots 0.383ms
[98.914s][info][gc       ] GC(89) Concurrent cleanup 5602M->2280M(5670M) 0.229ms
[98.915s][info][gc       ] GC(89) Concurrent class unloading 0.643ms
[98.915s][info][gc       ] GC(89) Pause Final Roots 0.004ms
[98.915s][info][safepoint] Safepoint "ShenandoahFinalRoots", Time since last: 2564456 ns, Reaching safepoint: 139827 ns, At safepoint: 215902 ns, Total: 355729 ns
[99.914s][info][gc       ] Trigger: Average GC time (190.41 ms) is above the time for average allocation rate (2908 MB/s) to deplete free headroom (552M) (margin of error = 1.69)
[99.917s][info][gc       ] GC(90) Concurrent reset 2.416ms
[99.918s][info][gc       ] GC(90) Pause Init Mark (unload classes) 0.112ms
[99.918s][info][safepoint] Safepoint "ShenandoahInitMark", Time since last: 1001993045 ns, Reaching safepoint: 136583 ns, At safepoint: 420277 ns, Total: 556860 ns
[99.919s][info][gc       ] GC(90) Concurrent marking roots 0.305ms
[100.101s][info][gc       ] GC(90) Concurrent marking (unload classes) 181.874ms
[100.102s][info][gc       ] GC(90) Pause Final Mark (unload classes) 0.592ms
[100.103s][info][safepoint] Safepoint "ShenandoahFinalMarkStartEvac", Time since last: 183523700 ns, Reaching safepoint: 288121 ns, At safepoint: 1012845 ns, Total: 1300966 ns
[100.103s][info][gc       ] GC(90) Concurrent weak references 0.067ms
[100.104s][info][gc       ] GC(90) Concurrent weak roots 0.246ms
[100.104s][info][gc       ] GC(90) Concurrent cleanup 5478M->2148M(5670M) 0.217ms
[100.105s][info][gc       ] GC(90) Concurrent class unloading 0.544ms
[100.105s][info][gc       ] GC(90) Pause Final Roots 0.002ms
[100.105s][info][safepoint] Safepoint "ShenandoahFinalRoots", Time since last: 1954441 ns, Reaching safepoint: 108873 ns, At safepoint: 164509 ns, Total: 273382 ns
[101.138s][info][gc       ] Trigger: Average GC time (195.88 ms) is above the time for average allocation rate (2930 MB/s) to deplete free headroom (572M) (margin of error = 1.69)
[101.141s][info][gc       ] GC(91) Concurrent reset 2.332ms
[101.142s][info][gc       ] GC(91) Pause Init Mark (unload classes) 0.252ms
[101.142s][info][safepoint] Safepoint "ShenandoahInitMark", Time since last: 1036231089 ns, Reaching safepoint: 183807 ns, At safepoint: 670698 ns, Total: 854505 ns
[101.143s][info][gc       ] GC(91) Concurrent marking roots 0.250ms
[101.334s][info][gc       ] GC(91) Concurrent marking (unload classes) 190.985ms
[101.335s][info][gc       ] GC(91) Pause Final Mark (unload classes) 0.647ms
[101.336s][info][safepoint] Safepoint "ShenandoahFinalMarkStartEvac", Time since last: 192372240 ns, Reaching safepoint: 230102 ns, At safepoint: 1053709 ns, Total: 1283811 ns
[101.336s][info][gc       ] GC(91) Concurrent weak references 0.066ms
[101.337s][info][gc       ] GC(91) Concurrent weak roots 0.410ms
[101.337s][info][gc       ] GC(91) Concurrent cleanup 5652M->2342M(5670M) 0.216ms
[101.338s][info][gc       ] GC(91) Concurrent class unloading 0.729ms
[101.338s][info][gc       ] GC(91) Pause Final Roots 0.002ms
[101.338s][info][safepoint] Safepoint "ShenandoahFinalRoots", Time since last: 2500909 ns, Reaching safepoint: 107064 ns, At safepoint: 147429 ns, Total: 254493 ns
[102.289s][info][gc       ] Trigger: Average GC time (206.92 ms) is above the time for average allocation rate (2978 MB/s) to deplete free headroom (616M) (margin of error = 1.69)
[102.292s][info][gc       ] GC(92) Concurrent reset 2.584ms
[102.293s][info][gc       ] GC(92) Pause Init Mark (unload classes) 0.170ms
[102.293s][info][safepoint] Safepoint "ShenandoahInitMark", Time since last: 953930222 ns, Reaching safepoint: 229057 ns, At safepoint: 621433 ns, Total: 850490 ns
[102.294s][info][gc       ] GC(92) Concurrent marking roots 0.328ms
[102.480s][info][gc       ] GC(92) Concurrent marking (unload classes) 185.342ms
[102.481s][info][gc       ] GC(92) Pause Final Mark (unload classes) 0.701ms
[102.482s][info][safepoint] Safepoint "ShenandoahFinalMarkStartEvac", Time since last: 187235204 ns, Reaching safepoint: 247435 ns, At safepoint: 1191821 ns, Total: 1439256 ns
[102.482s][info][gc       ] GC(92) Concurrent weak references 0.196ms
[102.483s][info][gc       ] GC(92) Concurrent weak roots 0.445ms
[102.484s][info][gc       ] GC(92) Concurrent cleanup 5584M->2316M(5670M) 0.253ms
[102.484s][info][gc       ] GC(92) Concurrent class unloading 0.601ms
[102.485s][info][gc       ] GC(92) Pause Final Roots 0.002ms
[102.485s][info][safepoint] Safepoint "ShenandoahFinalRoots", Time since last: 2533039 ns, Reaching safepoint: 103562 ns, At safepoint: 130119 ns, Total: 233681 ns
[103.488s][info][gc       ] Trigger: Average GC time (204.33 ms) is above the time for average allocation rate (2851 MB/s) to deplete free headroom (580M) (margin of error = 1.69)
[103.491s][info][gc       ] GC(93) Concurrent reset 2.577ms
[103.492s][info][gc       ] GC(93) Pause Init Mark (unload classes) 0.102ms
[103.492s][info][safepoint] Safepoint "ShenandoahInitMark", Time since last: 1006950767 ns, Reaching safepoint: 216304 ns, At safepoint: 611422 ns, Total: 827726 ns
[103.493s][info][gc       ] GC(93) Concurrent marking roots 0.335ms
[103.666s][info][gc       ] GC(93) Concurrent marking (unload classes) 172.709ms
[103.668s][info][gc       ] GC(93) Pause Final Mark (unload classes) 0.668ms
[103.668s][info][safepoint] Safepoint "ShenandoahFinalMarkStartEvac", Time since last: 174502619 ns, Reaching safepoint: 355154 ns, At safepoint: 1093303 ns, Total: 1448457 ns
[103.669s][info][gc       ] GC(93) Concurrent weak references 0.052ms
[103.670s][info][gc       ] GC(93) Concurrent weak roots 0.428ms
[103.670s][info][gc       ] GC(93) Concurrent cleanup 5598M->2296M(5670M) 0.223ms
[103.671s][info][gc       ] GC(93) Concurrent class unloading 0.549ms
[103.671s][info][gc       ] GC(93) Pause Final Roots 0.002ms
[103.672s][info][safepoint] Safepoint "ShenandoahFinalRoots", Time since last: 2804129 ns, Reaching safepoint: 110586 ns, At safepoint: 211468 ns, Total: 322054 ns
[104.075s][info][gc       ] Trigger: Average GC time (200.62 ms) is above the time for average allocation rate (6804 MB/s) to deplete free headroom (1324M) (margin of error = 1.69)
[104.078s][info][gc       ] GC(94) Concurrent reset 2.676ms
[104.078s][info][gc       ] GC(94) Pause Init Mark (unload classes) 0.100ms
[104.079s][info][safepoint] Safepoint "ShenandoahInitMark", Time since last: 406431627 ns, Reaching safepoint: 181359 ns, At safepoint: 398482 ns, Total: 579841 ns
[104.080s][info][gc       ] GC(94) Concurrent marking roots 0.387ms
[104.211s][info][gc       ] GC(94) Concurrent marking (unload classes) 131.168ms
[104.212s][info][gc       ] GC(94) Pause Final Mark (unload classes) 0.626ms
[104.213s][info][safepoint] Safepoint "ShenandoahFinalMarkStartEvac", Time since last: 132992481 ns, Reaching safepoint: 266216 ns, At safepoint: 988067 ns, Total: 1254283 ns
[104.213s][info][gc       ] GC(94) Concurrent weak references 0.063ms
[104.214s][info][gc       ] GC(94) Concurrent weak roots 0.264ms
[104.214s][info][gc       ] GC(94) Concurrent cleanup 4899M->1796M(5670M) 0.211ms
[104.215s][info][gc       ] GC(94) Concurrent class unloading 0.545ms
[104.215s][info][gc       ] GC(94) Pause Final Roots 0.002ms
[104.215s][info][safepoint] Safepoint "ShenandoahFinalRoots", Time since last: 2060105 ns, Reaching safepoint: 104476 ns, At safepoint: 130079 ns, Total: 234555 ns
[105.422s][info][gc       ] Trigger: Average GC time (205.83 ms) is above the time for average allocation rate (2923 MB/s) to deplete free headroom (600M) (margin of error = 1.67)
[105.424s][info][gc       ] GC(95) Concurrent reset 1.751ms
[105.424s][info][gc       ] GC(95) Pause Init Mark (unload classes) 0.093ms
[105.424s][info][safepoint] Safepoint "ShenandoahInitMark", Time since last: 1208857392 ns, Reaching safepoint: 108152 ns, At safepoint: 382648 ns, Total: 490800 ns
[105.425s][info][gc       ] GC(95) Concurrent marking roots 0.327ms
[105.596s][info][gc       ] GC(95) Concurrent marking (unload classes) 170.698ms
[105.597s][info][gc       ] GC(95) Pause Final Mark (unload classes) 0.650ms
[105.598s][info][safepoint] Safepoint "ShenandoahFinalMarkStartEvac", Time since last: 172061448 ns, Reaching safepoint: 302856 ns, At safepoint: 1079651 ns, Total: 1382507 ns
[105.598s][info][gc       ] GC(95) Concurrent weak references 0.118ms
[105.599s][info][gc       ] GC(95) Concurrent weak roots 0.228ms
[105.599s][info][gc       ] GC(95) Concurrent cleanup 5550M->2270M(5670M) 0.208ms
[105.600s][info][gc       ] GC(95) Concurrent class unloading 0.581ms
[105.600s][info][gc       ] GC(95) Pause Final Roots 0.002ms
[105.600s][info][safepoint] Safepoint "ShenandoahFinalRoots", Time since last: 2047055 ns, Reaching safepoint: 104844 ns, At safepoint: 99078 ns, Total: 203922 ns
[106.600s][info][gc       ] Trigger: Average GC time (202.73 ms) is above the time for average allocation rate (2873 MB/s) to deplete free headroom (582M) (margin of error = 1.67)
[106.603s][info][gc       ] GC(96) Concurrent reset 2.463ms
[106.604s][info][gc       ] GC(96) Pause Init Mark (unload classes) 0.238ms
[106.604s][info][safepoint] Safepoint "ShenandoahInitMark", Time since last: 1003082618 ns, Reaching safepoint: 248695 ns, At safepoint: 659656 ns, Total: 908351 ns
[106.605s][info][gc       ] GC(96) Concurrent marking roots 0.255ms
[106.794s][info][gc       ] GC(96) Concurrent marking (unload classes) 188.906ms
[106.795s][info][gc       ] GC(96) Pause Final Mark (unload classes) 0.600ms
[106.796s][info][safepoint] Safepoint "ShenandoahFinalMarkStartEvac", Time since last: 190502722 ns, Reaching safepoint: 240150 ns, At safepoint: 947089 ns, Total: 1187239 ns
[106.796s][info][gc       ] GC(96) Concurrent weak references 0.044ms
[106.797s][info][gc       ] GC(96) Concurrent weak roots 0.227ms
[106.797s][info][gc       ] GC(96) Concurrent cleanup 5452M->2150M(5670M) 0.238ms
[106.798s][info][gc       ] GC(96) Concurrent class unloading 0.493ms
[106.798s][info][gc       ] GC(96) Pause Final Roots 0.003ms
[106.798s][info][safepoint] Safepoint "ShenandoahFinalRoots", Time since last: 1980848 ns, Reaching safepoint: 108721 ns, At safepoint: 146384 ns, Total: 255105 ns
[107.801s][info][gc       ] Trigger: Average GC time (216.06 ms) is above the time for average allocation rate (2913 MB/s) to deplete free headroom (628M) (margin of error = 1.67)
[107.804s][info][gc       ] GC(97) Concurrent reset 2.510ms
[107.805s][info][gc       ] GC(97) Pause Init Mark (unload classes) 0.159ms
[107.805s][info][safepoint] Safepoint "ShenandoahInitMark", Time since last: 1006062160 ns, Reaching safepoint: 267525 ns, At safepoint: 673378 ns, Total: 940903 ns
[107.806s][info][gc       ] GC(97) Concurrent marking roots 0.325ms
[107.974s][info][gc       ] GC(97) Concurrent marking (unload classes) 168.034ms
[107.976s][info][gc       ] GC(97) Pause Final Mark (unload classes) 0.572ms
[107.976s][info][safepoint] Safepoint "ShenandoahFinalMarkStartEvac", Time since last: 169814652 ns, Reaching safepoint: 243306 ns, At safepoint: 984318 ns, Total: 1227624 ns
[107.977s][info][gc       ] GC(97) Concurrent weak references 0.119ms
[107.977s][info][gc       ] GC(97) Concurrent weak roots 0.225ms
[107.977s][info][gc       ] GC(97) Concurrent cleanup 5502M->2246M(5670M) 0.251ms
[107.978s][info][gc       ] GC(97) Concurrent class unloading 0.570ms
[107.978s][info][gc       ] GC(97) Pause Final Roots 0.002ms
[107.979s][info][safepoint] Safepoint "ShenandoahFinalRoots", Time since last: 2193994 ns, Reaching safepoint: 107888 ns, At safepoint: 228043 ns, Total: 335931 ns
[108.996s][info][gc       ] Trigger: Average GC time (204.15 ms) is above the time for average allocation rate (2897 MB/s) to deplete free headroom (588M) (margin of error = 1.67)
[108.999s][info][gc       ] GC(98) Concurrent reset 2.592ms
[108.999s][info][gc       ] GC(98) Pause Init Mark (unload classes) 0.125ms
[109.000s][info][safepoint] Safepoint "ShenandoahInitMark", Time since last: 1020528024 ns, Reaching safepoint: 174854 ns, At safepoint: 544114 ns, Total: 718968 ns
[109.001s][info][gc       ] GC(98) Concurrent marking roots 0.253ms
[109.171s][info][gc       ] GC(98) Concurrent marking (unload classes) 170.381ms
[109.172s][info][gc       ] GC(98) Pause Final Mark (unload classes) 0.555ms
[109.173s][info][safepoint] Safepoint "ShenandoahFinalMarkStartEvac", Time since last: 171707611 ns, Reaching safepoint: 183327 ns, At safepoint: 789965 ns, Total: 973292 ns
[109.173s][info][gc       ] GC(98) Concurrent weak references 0.202ms
[109.174s][info][gc       ] GC(98) Concurrent weak roots 0.342ms
[109.174s][info][gc       ] GC(98) Concurrent cleanup 5552M->2256M(5670M) 0.221ms
[109.175s][info][gc       ] GC(98) Concurrent class unloading 0.562ms
[109.175s][info][gc       ] GC(98) Pause Final Roots 0.002ms
[109.175s][info][safepoint] Safepoint "ShenandoahFinalRoots", Time since last: 2330134 ns, Reaching safepoint: 108327 ns, At safepoint: 172486 ns, Total: 280813 ns
[110.157s][info][gc       ] Trigger: Average GC time (196.51 ms) is above the time for average allocation rate (2948 MB/s) to deplete free headroom (576M) (margin of error = 1.67)
[110.159s][info][gc       ] GC(99) Concurrent reset 2.296ms
[110.160s][info][gc       ] GC(99) Pause Init Mark (unload classes) 0.093ms
[110.160s][info][safepoint] Safepoint "ShenandoahInitMark", Time since last: 984449747 ns, Reaching safepoint: 108258 ns, At safepoint: 450744 ns, Total: 559002 ns
[110.161s][info][gc       ] GC(99) Concurrent marking roots 0.331ms
[110.336s][info][gc       ] GC(99) Concurrent marking (unload classes) 174.723ms
[110.337s][info][gc       ] GC(99) Pause Final Mark (unload classes) 0.574ms
[110.338s][info][safepoint] Safepoint "ShenandoahFinalMarkStartEvac", Time since last: 176540436 ns, Reaching safepoint: 144910 ns, At safepoint: 1072540 ns, Total: 1217450 ns
[110.339s][info][gc       ] GC(99) Concurrent weak references 0.183ms
[110.339s][info][gc       ] GC(99) Concurrent weak roots 0.404ms
[110.340s][info][gc       ] GC(99) Concurrent cleanup 5506M->2202M(5670M) 0.214ms
[110.341s][info][gc       ] GC(99) Concurrent class unloading 0.600ms
[110.341s][info][gc       ] GC(99) Pause Final Roots 0.002ms
[110.342s][info][safepoint] Safepoint "ShenandoahFinalRoots", Time since last: 3164311 ns, Reaching safepoint: 104434 ns, At safepoint: 359644 ns, Total: 464078 ns
[111.349s][info][gc       ] Trigger: Average GC time (194.60 ms) is above the time for average allocation rate (2982 MB/s) to deplete free headroom (570M) (margin of error = 1.67)
[111.352s][info][gc       ] GC(100) Concurrent reset 2.443ms
[111.352s][info][gc       ] GC(100) Pause Init Mark (unload classes) 0.109ms
[111.353s][info][safepoint] Safepoint "ShenandoahInitMark", Time since last: 1010499351 ns, Reaching safepoint: 150464 ns, At safepoint: 384829 ns, Total: 535293 ns
[111.353s][info][gc       ] GC(100) Concurrent marking roots 0.238ms
[111.556s][info][gc       ] GC(100) Concurrent marking (unload classes) 202.830ms
[111.558s][info][gc       ] GC(100) Pause Final Mark (unload classes) 0.648ms
[111.559s][info][safepoint] Safepoint "ShenandoahFinalMarkStartEvac", Time since last: 204449626 ns, Reaching safepoint: 245575 ns, At safepoint: 1233163 ns, Total: 1478738 ns
[111.559s][info][gc       ] GC(100) Concurrent weak references 0.089ms
[111.560s][info][gc       ] GC(100) Concurrent weak roots 0.295ms
[111.560s][info][gc       ] GC(100) Concurrent cleanup 5668M->2358M(5682M) 0.211ms
[111.561s][info][gc       ] GC(100) Concurrent class unloading 0.634ms
[111.561s][info][gc       ] GC(100) Pause Final Roots 0.002ms
[111.561s][info][safepoint] Safepoint "ShenandoahFinalRoots", Time since last: 2593926 ns, Reaching safepoint: 102492 ns, At safepoint: 227344 ns, Total: 329836 ns
[112.498s][info][gc       ] Trigger: Average GC time (223.92 ms) is above the time for average allocation rate (2950 MB/s) to deplete free headroom (658M) (margin of error = 1.67)
[112.500s][info][gc       ] GC(101) Concurrent reset 2.323ms
[112.501s][info][gc       ] GC(101) Pause Init Mark (unload classes) 0.134ms
[112.502s][info][safepoint] Safepoint "ShenandoahInitMark", Time since last: 939175143 ns, Reaching safepoint: 207399 ns, At safepoint: 1014414 ns, Total: 1221813 ns
[112.502s][info][gc       ] GC(101) Concurrent marking roots 0.239ms
[112.665s][info][gc       ] GC(101) Concurrent marking (unload classes) 161.823ms
[112.666s][info][gc       ] GC(101) Pause Final Mark (unload classes) 0.668ms
[112.667s][info][safepoint] Safepoint "ShenandoahFinalMarkStartEvac", Time since last: 163439419 ns, Reaching safepoint: 246524 ns, At safepoint: 1057016 ns, Total: 1303540 ns
[112.667s][info][gc       ] GC(101) Concurrent weak references 0.050ms
[112.668s][info][gc       ] GC(101) Concurrent weak roots 0.307ms
[112.668s][info][gc       ] GC(101) Concurrent cleanup 5508M->2286M(5682M) 0.200ms
[112.669s][info][gc       ] GC(101) Concurrent class unloading 0.521ms
[112.669s][info][gc       ] GC(101) Pause Final Roots 0.002ms
[112.669s][info][safepoint] Safepoint "ShenandoahFinalRoots", Time since last: 2291144 ns, Reaching safepoint: 178690 ns, At safepoint: 234429 ns, Total: 413119 ns
[113.613s][info][gc       ] Trigger: Average GC time (213.14 ms) is above the time for average allocation rate (2984 MB/s) to deplete free headroom (634M) (margin of error = 1.67)
[113.616s][info][gc       ] GC(102) Concurrent reset 2.495ms
[113.617s][info][gc       ] GC(102) Pause Init Mark (unload classes) 0.112ms
[113.617s][info][safepoint] Safepoint "ShenandoahInitMark", Time since last: 947144027 ns, Reaching safepoint: 233374 ns, At safepoint: 446593 ns, Total: 679967 ns
[113.618s][info][gc       ] GC(102) Concurrent marking roots 0.417ms
[113.786s][info][gc       ] GC(102) Concurrent marking (unload classes) 167.185ms
[113.787s][info][gc       ] GC(102) Pause Final Mark (unload classes) 0.642ms
[113.787s][info][safepoint] Safepoint "ShenandoahFinalMarkStartEvac", Time since last: 168880503 ns, Reaching safepoint: 284455 ns, At safepoint: 1035429 ns, Total: 1319884 ns
[113.788s][info][gc       ] GC(102) Concurrent weak references 0.101ms
[113.788s][info][gc       ] GC(102) Concurrent weak roots 0.239ms
[113.789s][info][gc       ] GC(102) Concurrent cleanup 5524M->2276M(5682M) 0.213ms
[113.790s][info][gc       ] GC(102) Concurrent class unloading 0.545ms
[113.790s][info][gc       ] GC(102) Pause Final Roots 0.002ms
[113.790s][info][safepoint] Safepoint "ShenandoahFinalRoots", Time since last: 2406871 ns, Reaching safepoint: 108247 ns, At safepoint: 148908 ns, Total: 257155 ns
[114.803s][info][gc       ] Trigger: Average GC time (201.86 ms) is above the time for average allocation rate (2829 MB/s) to deplete free headroom (570M) (margin of error = 1.67)
[114.806s][info][gc       ] GC(103) Concurrent reset 2.299ms
[114.806s][info][gc       ] GC(103) Pause Init Mark (unload classes) 0.098ms
[114.807s][info][safepoint] Safepoint "ShenandoahInitMark", Time since last: 1015924171 ns, Reaching safepoint: 189076 ns, At safepoint: 664600 ns, Total: 853676 ns
[114.808s][info][gc       ] GC(103) Concurrent marking roots 0.255ms
[114.994s][info][gc       ] GC(103) Concurrent marking (unload classes) 186.453ms
[114.996s][info][gc       ] GC(103) Pause Final Mark (unload classes) 0.542ms
[114.996s][info][safepoint] Safepoint "ShenandoahFinalMarkStartEvac", Time since last: 188266128 ns, Reaching safepoint: 282356 ns, At safepoint: 890498 ns, Total: 1172854 ns
[114.997s][info][gc       ] GC(103) Concurrent weak references 0.099ms
[114.997s][info][gc       ] GC(103) Concurrent weak roots 0.240ms
[114.997s][info][gc       ] GC(103) Concurrent cleanup 5620M->2308M(5682M) 0.229ms
[114.998s][info][gc       ] GC(103) Concurrent class unloading 0.651ms
[114.999s][info][gc       ] GC(103) Pause Final Roots 0.002ms
[114.999s][info][safepoint] Safepoint "ShenandoahFinalRoots", Time since last: 2380331 ns, Reaching safepoint: 115410 ns, At safepoint: 231289 ns, Total: 346699 ns
[115.467s][info][gc       ] Trigger: Average GC time (208.13 ms) is above the time for average allocation rate (5508 MB/s) to deplete free headroom (1138M) (margin of error = 1.68)
[115.470s][info][gc       ] GC(104) Concurrent reset 2.636ms
[115.471s][info][gc       ] GC(104) Pause Init Mark (unload classes) 0.131ms
[115.471s][info][safepoint] Safepoint "ShenandoahInitMark", Time since last: 471460940 ns, Reaching safepoint: 393324 ns, At safepoint: 510586 ns, Total: 903910 ns
[115.472s][info][gc       ] GC(104) Concurrent marking roots 0.317ms
[115.604s][info][gc       ] GC(104) Concurrent marking (unload classes) 131.328ms
[115.605s][info][gc       ] GC(104) Pause Final Mark (unload classes) 0.676ms
[115.606s][info][safepoint] Safepoint "ShenandoahFinalMarkStartEvac", Time since last: 133068137 ns, Reaching safepoint: 213517 ns, At safepoint: 1123294 ns, Total: 1336811 ns
[115.606s][info][gc       ] GC(104) Concurrent weak references 0.113ms
[115.607s][info][gc       ] GC(104) Concurrent weak roots 0.288ms
[115.607s][info][gc       ] GC(104) Concurrent cleanup 5101M->1796M(5682M) 0.205ms
[115.608s][info][gc       ] GC(104) Concurrent class unloading 0.530ms
[115.608s][info][gc       ] GC(104) Pause Final Roots 0.002ms
[115.608s][info][safepoint] Safepoint "ShenandoahFinalRoots", Time since last: 2319381 ns, Reaching safepoint: 134976 ns, At safepoint: 233494 ns, Total: 368470 ns
[116.781s][info][gc       ] Trigger: Average GC time (205.95 ms) is above the time for average allocation rate (2935 MB/s) to deplete free headroom (604M) (margin of error = 1.65)
[116.783s][info][gc       ] GC(105) Concurrent reset 2.076ms
[116.784s][info][gc       ] GC(105) Pause Init Mark (unload classes) 0.135ms
[116.784s][info][safepoint] Safepoint "ShenandoahInitMark", Time since last: 1174946600 ns, Reaching safepoint: 200585 ns, At safepoint: 427376 ns, Total: 627961 ns
[116.785s][info][gc       ] GC(105) Concurrent marking roots 0.296ms
[116.951s][info][gc       ] GC(105) Concurrent marking (unload classes) 166.161ms
[116.952s][info][gc       ] GC(105) Pause Final Mark (unload classes) 0.580ms
[116.953s][info][safepoint] Safepoint "ShenandoahFinalMarkStartEvac", Time since last: 167743080 ns, Reaching safepoint: 185765 ns, At safepoint: 1046473 ns, Total: 1232238 ns
[116.954s][info][gc       ] GC(105) Concurrent weak references 0.105ms
[116.954s][info][gc       ] GC(105) Concurrent weak roots 0.320ms
[116.955s][info][gc       ] GC(105) Concurrent cleanup 5554M->2282M(5682M) 0.240ms
[116.956s][info][gc       ] GC(105) Concurrent class unloading 0.571ms
[116.956s][info][gc       ] GC(105) Pause Final Roots 0.002ms
[116.956s][info][safepoint] Safepoint "ShenandoahFinalRoots", Time since last: 2760630 ns, Reaching safepoint: 109709 ns, At safepoint: 166756 ns, Total: 276465 ns
[117.949s][info][gc       ] Trigger: Average GC time (200.40 ms) is above the time for average allocation rate (2908 MB/s) to deplete free headroom (582M) (margin of error = 1.65)
[117.952s][info][gc       ] GC(106) Concurrent reset 2.503ms
[117.952s][info][gc       ] GC(106) Pause Init Mark (unload classes) 0.107ms
[117.953s][info][safepoint] Safepoint "ShenandoahInitMark", Time since last: 996063571 ns, Reaching safepoint: 229029 ns, At safepoint: 421366 ns, Total: 650395 ns
[117.953s][info][gc       ] GC(106) Concurrent marking roots 0.298ms
[118.132s][info][gc       ] GC(106) Concurrent marking (unload classes) 178.142ms
[118.134s][info][gc       ] GC(106) Pause Final Mark (unload classes) 0.682ms
[118.134s][info][safepoint] Safepoint "ShenandoahFinalMarkStartEvac", Time since last: 179785937 ns, Reaching safepoint: 359491 ns, At safepoint: 957812 ns, Total: 1317303 ns
[118.134s][info][gc       ] GC(106) Concurrent weak references 0.042ms
[118.135s][info][gc       ] GC(106) Concurrent weak roots 0.286ms
[118.135s][info][gc       ] GC(106) Concurrent cleanup 5590M->2296M(5682M) 0.286ms
[118.136s][info][gc       ] GC(106) Concurrent class unloading 0.609ms
[118.136s][info][gc       ] GC(106) Pause Final Roots 0.002ms
[118.136s][info][safepoint] Safepoint "ShenandoahFinalRoots", Time since last: 1870898 ns, Reaching safepoint: 107267 ns, At safepoint: 149457 ns, Total: 256724 ns
[119.156s][info][gc       ] Trigger: Average GC time (204.20 ms) is above the time for average allocation rate (2858 MB/s) to deplete free headroom (580M) (margin of error = 1.65)
[119.159s][info][gc       ] GC(107) Concurrent reset 2.295ms
[119.160s][info][gc       ] GC(107) Pause Init Mark (unload classes) 0.116ms
[119.160s][info][safepoint] Safepoint "ShenandoahInitMark", Time since last: 1023318118 ns, Reaching safepoint: 256856 ns, At safepoint: 586704 ns, Total: 843560 ns
[119.161s][info][gc       ] GC(107) Concurrent marking roots 0.384ms
[119.336s][info][gc       ] GC(107) Concurrent marking (unload classes) 174.655ms
[119.337s][info][gc       ] GC(107) Pause Final Mark (unload classes) 0.741ms
[119.337s][info][safepoint] Safepoint "ShenandoahFinalMarkStartEvac", Time since last: 176037235 ns, Reaching safepoint: 163032 ns, At safepoint: 1093319 ns, Total: 1256351 ns
[119.338s][info][gc       ] GC(107) Concurrent weak references 0.042ms
[119.338s][info][gc       ] GC(107) Concurrent weak roots 0.228ms
[119.338s][info][gc       ] GC(107) Concurrent cleanup 5612M->2316M(5682M) 0.189ms
[119.339s][info][gc       ] GC(107) Concurrent class unloading 0.544ms
[119.339s][info][gc       ] GC(107) Pause Final Roots 0.002ms
[119.339s][info][safepoint] Safepoint "ShenandoahFinalRoots", Time since last: 1762593 ns, Reaching safepoint: 143179 ns, At safepoint: 131280 ns, Total: 274459 ns
[120.298s][info][gc       ] Trigger: Average GC time (199.30 ms) is above the time for average allocation rate (2904 MB/s) to deplete free headroom (578M) (margin of error = 1.66)
[120.301s][info][gc       ] GC(108) Concurrent reset 2.596ms
[120.302s][info][gc       ] GC(108) Pause Init Mark (unload classes) 0.100ms
[120.302s][info][safepoint] Safepoint "ShenandoahInitMark", Time since last: 962079355 ns, Reaching safepoint: 186856 ns, At safepoint: 547683 ns, Total: 734539 ns
[120.303s][info][gc       ] GC(108) Concurrent marking roots 0.577ms
[120.517s][info][gc       ] GC(108) Concurrent marking (unload classes) 213.814ms
[120.518s][info][gc       ] GC(108) Pause Final Mark (unload classes) 0.513ms
[120.519s][info][safepoint] Safepoint "ShenandoahFinalMarkStartEvac", Time since last: 215503313 ns, Reaching safepoint: 205149 ns, At safepoint: 820397 ns, Total: 1025546 ns
[120.519s][info][gc       ] GC(108) Concurrent weak references 0.065ms
[120.520s][info][gc       ] GC(108) Concurrent weak roots 0.389ms
[120.520s][info][gc       ] GC(108) Concurrent cleanup 5662M->2360M(5682M) 0.236ms
[120.521s][info][gc       ] GC(108) Concurrent class unloading 0.615ms
[120.521s][info][gc       ] GC(108) Pause Final Roots 0.002ms
[120.522s][info][safepoint] Safepoint "ShenandoahFinalRoots", Time since last: 2251290 ns, Reaching safepoint: 283640 ns, At safepoint: 644644 ns, Total: 928284 ns
[121.412s][info][gc       ] Trigger: Average GC time (240.38 ms) is above the time for average allocation rate (2989 MB/s) to deplete free headroom (718M) (margin of error = 1.67)
[121.415s][info][gc       ] GC(109) Concurrent reset 2.561ms
[121.416s][info][gc       ] GC(109) Pause Init Mark (unload classes) 0.089ms
[121.416s][info][safepoint] Safepoint "ShenandoahInitMark", Time since last: 893438650 ns, Reaching safepoint: 144459 ns, At safepoint: 523904 ns, Total: 668363 ns
[121.417s][info][gc       ] GC(109) Concurrent marking roots 0.346ms
[121.581s][info][gc       ] GC(109) Concurrent marking (unload classes) 163.785ms
[121.582s][info][gc       ] GC(109) Pause Final Mark (unload classes) 0.521ms
[121.583s][info][safepoint] Safepoint "ShenandoahFinalMarkStartEvac", Time since last: 165487237 ns, Reaching safepoint: 204887 ns, At safepoint: 828675 ns, Total: 1033562 ns
[121.583s][info][gc       ] GC(109) Concurrent weak references 0.190ms
[121.584s][info][gc       ] GC(109) Concurrent weak roots 0.330ms
[121.584s][info][gc       ] GC(109) Concurrent cleanup 5448M->2286M(5682M) 0.203ms
[121.585s][info][gc       ] GC(109) Concurrent class unloading 0.536ms
[121.585s][info][gc       ] GC(109) Pause Final Roots 0.002ms
[121.585s][info][safepoint] Safepoint "ShenandoahFinalRoots", Time since last: 2466946 ns, Reaching safepoint: 103479 ns, At safepoint: 78479 ns, Total: 181958 ns
[122.534s][info][gc       ] Trigger: Average GC time (223.96 ms) is above the time for average allocation rate (2952 MB/s) to deplete free headroom (660M) (margin of error = 1.67)
[122.537s][info][gc       ] GC(110) Concurrent reset 2.300ms
[122.537s][info][gc       ] GC(110) Pause Init Mark (unload classes) 0.116ms
[122.538s][info][safepoint] Safepoint "ShenandoahInitMark", Time since last: 951908253 ns, Reaching safepoint: 184598 ns, At safepoint: 345010 ns, Total: 529608 ns
[122.538s][info][gc       ] GC(110) Concurrent marking roots 0.320ms
[122.711s][info][gc       ] GC(110) Concurrent marking (unload classes) 172.404ms
[122.712s][info][gc       ] GC(110) Pause Final Mark (unload classes) 0.630ms
[122.713s][info][safepoint] Safepoint "ShenandoahFinalMarkStartEvac", Time since last: 173910581 ns, Reaching safepoint: 211859 ns, At safepoint: 986996 ns, Total: 1198855 ns
[122.713s][info][gc       ] GC(110) Concurrent weak references 0.080ms
[122.714s][info][gc       ] GC(110) Concurrent weak roots 0.287ms
[122.714s][info][gc       ] GC(110) Concurrent cleanup 5466M->2246M(5682M) 0.212ms
[122.715s][info][gc       ] GC(110) Concurrent class unloading 0.512ms
[122.715s][info][gc       ] GC(110) Pause Final Roots 0.002ms
[122.715s][info][safepoint] Safepoint "ShenandoahFinalRoots", Time since last: 2361209 ns, Reaching safepoint: 113423 ns, At safepoint: 196421 ns, Total: 309844 ns
[123.695s][info][gc       ] Trigger: Average GC time (210.66 ms) is above the time for average allocation rate (2913 MB/s) to deplete free headroom (610M) (margin of error = 1.67)
[123.698s][info][gc       ] GC(111) Concurrent reset 2.468ms
[123.698s][info][gc       ] GC(111) Pause Init Mark (unload classes) 0.112ms
[123.699s][info][safepoint] Safepoint "ShenandoahInitMark", Time since last: 982641785 ns, Reaching safepoint: 177829 ns, At safepoint: 434493 ns, Total: 612322 ns
[123.699s][info][gc       ] GC(111) Concurrent marking roots 0.220ms
[123.865s][info][gc       ] GC(111) Concurrent marking (unload classes) 165.651ms
[123.867s][info][gc       ] GC(111) Pause Final Mark (unload classes) 0.520ms
[123.867s][info][safepoint] Safepoint "ShenandoahFinalMarkStartEvac", Time since last: 166955229 ns, Reaching safepoint: 342161 ns, At safepoint: 881758 ns, Total: 1223919 ns
[123.867s][info][gc       ] GC(111) Concurrent weak references 0.131ms
[123.868s][info][gc       ] GC(111) Concurrent weak roots 0.344ms
[123.868s][info][gc       ] GC(111) Concurrent cleanup 5550M->2284M(5682M) 0.209ms
[123.869s][info][gc       ] GC(111) Concurrent class unloading 0.584ms
[123.869s][info][gc       ] GC(111) Pause Final Roots 0.002ms
[123.869s][info][safepoint] Safepoint "ShenandoahFinalRoots", Time since last: 2285476 ns, Reaching safepoint: 105420 ns, At safepoint: 105264 ns, Total: 210684 ns
[124.846s][info][gc       ] Trigger: Average GC time (199.72 ms) is above the time for average allocation rate (2936 MB/s) to deplete free headroom (584M) (margin of error = 1.67)
[124.848s][info][gc       ] GC(112) Concurrent reset 2.395ms
[124.849s][info][gc       ] GC(112) Pause Init Mark (unload classes) 0.145ms
[124.849s][info][safepoint] Safepoint "ShenandoahInitMark", Time since last: 979395153 ns, Reaching safepoint: 231312 ns, At safepoint: 435762 ns, Total: 667074 ns
[124.850s][info][gc       ] GC(112) Concurrent marking roots 0.232ms
[125.015s][info][gc       ] GC(112) Concurrent marking (unload classes) 165.108ms
[125.017s][info][gc       ] GC(112) Pause Final Mark (unload classes) 0.569ms
[125.017s][info][safepoint] Safepoint "ShenandoahFinalMarkStartEvac", Time since last: 166444839 ns, Reaching safepoint: 330474 ns, At safepoint: 1003517 ns, Total: 1333991 ns
[125.018s][info][gc       ] GC(112) Concurrent weak references 0.100ms
[125.018s][info][gc       ] GC(112) Concurrent weak roots 0.238ms
[125.019s][info][gc       ] GC(112) Concurrent cleanup 5574M->2280M(5682M) 0.216ms
[125.019s][info][gc       ] GC(112) Concurrent class unloading 0.534ms
[125.020s][info][gc       ] GC(112) Pause Final Roots 0.003ms
[125.020s][info][safepoint] Safepoint "ShenandoahFinalRoots", Time since last: 2233636 ns, Reaching safepoint: 118841 ns, At safepoint: 131450 ns, Total: 250291 ns
[126.018s][info][gc       ] Trigger: Average GC time (191.69 ms) is above the time for average allocation rate (2877 MB/s) to deplete free headroom (550M) (margin of error = 1.67)
[126.020s][info][safepoint] Safepoint "Cleanup", Time since last: 1000182700 ns, Reaching safepoint: 248285 ns, At safepoint: 13733 ns, Total: 262018 ns
[126.021s][info][gc       ] GC(113) Concurrent reset 2.408ms
[126.022s][info][gc       ] GC(113) Pause Init Mark (unload classes) 0.155ms
[126.022s][info][safepoint] Safepoint "ShenandoahInitMark", Time since last: 1358702 ns, Reaching safepoint: 254154 ns, At safepoint: 451166 ns, Total: 705320 ns
[126.023s][info][gc       ] GC(113) Concurrent marking roots 0.251ms
[126.211s][info][gc       ] GC(113) Concurrent marking (unload classes) 187.572ms
[126.212s][info][gc       ] GC(113) Pause Final Mark (unload classes) 0.511ms
[126.213s][info][safepoint] Safepoint "ShenandoahFinalMarkStartEvac", Time since last: 189212668 ns, Reaching safepoint: 350829 ns, At safepoint: 806666 ns, Total: 1157495 ns
[126.213s][info][gc       ] GC(113) Concurrent weak references 0.197ms
[126.214s][info][gc       ] GC(113) Concurrent weak roots 0.412ms
[126.214s][info][gc       ] GC(113) Concurrent cleanup 5666M->2336M(5682M) 0.250ms
[126.215s][info][gc       ] GC(113) Concurrent class unloading 0.520ms
[126.215s][info][gc       ] GC(113) Pause Final Roots 0.002ms
[126.215s][info][safepoint] Safepoint "ShenandoahFinalRoots", Time since last: 2192706 ns, Reaching safepoint: 162384 ns, At safepoint: 109503 ns, Total: 271887 ns
[126.719s][info][gc       ] Trigger: Average GC time (206.24 ms) is above the time for average allocation rate (6867 MB/s) to deplete free headroom (966M) (margin of error = 1.67)
[126.723s][info][gc       ] GC(114) Concurrent reset 2.752ms
[126.723s][info][gc       ] GC(114) Pause Init Mark (unload classes) 0.124ms
[126.724s][info][safepoint] Safepoint "ShenandoahInitMark", Time since last: 507963018 ns, Reaching safepoint: 319765 ns, At safepoint: 382365 ns, Total: 702130 ns
[126.724s][info][gc       ] GC(114) Concurrent marking roots 0.248ms
[126.895s][info][gc       ] GC(114) Concurrent marking (unload classes) 170.671ms
[126.897s][info][gc       ] GC(114) Pause Final Mark (unload classes) 0.626ms
[126.897s][info][safepoint] Safepoint "ShenandoahFinalMarkStartEvac", Time since last: 172180500 ns, Reaching safepoint: 299095 ns, At safepoint: 902640 ns, Total: 1201735 ns
[126.898s][info][gc       ] GC(114) Concurrent weak references 0.093ms
[126.898s][info][gc       ] GC(114) Concurrent weak roots 0.375ms
[126.899s][info][gc       ] GC(114) Concurrent cleanup 5227M->1834M(5682M) 0.212ms
[126.899s][info][gc       ] GC(114) Concurrent class unloading 0.610ms
[126.900s][info][gc       ] GC(114) Pause Final Roots 0.002ms
[126.900s][info][safepoint] Safepoint "ShenandoahFinalRoots", Time since last: 2431213 ns, Reaching safepoint: 103352 ns, At safepoint: 100191 ns, Total: 203543 ns
[128.072s][info][gc       ] Trigger: Average GC time (197.95 ms) is above the time for average allocation rate (2896 MB/s) to deplete free headroom (572M) (margin of error = 1.64)
[128.074s][info][gc       ] GC(115) Concurrent reset 1.798ms
[128.075s][info][gc       ] GC(115) Pause Init Mark (unload classes) 0.120ms
[128.075s][info][safepoint] Safepoint "ShenandoahInitMark", Time since last: 1174959819 ns, Reaching safepoint: 198516 ns, At safepoint: 485318 ns, Total: 683834 ns
[128.076s][info][gc       ] GC(115) Concurrent marking roots 0.267ms
[128.287s][info][gc       ] GC(115) Concurrent marking (unload classes) 210.495ms
[128.289s][info][gc       ] GC(115) Pause Final Mark (unload classes) 0.593ms
[128.289s][info][safepoint] Safepoint "ShenandoahFinalMarkStartEvac", Time since last: 212311222 ns, Reaching safepoint: 329280 ns, At safepoint: 981872 ns, Total: 1311152 ns
[128.290s][info][gc       ] GC(115) Concurrent weak references 0.185ms
[128.290s][info][gc       ] GC(115) Concurrent weak roots 0.311ms
[128.291s][info][gc       ] GC(115) Concurrent cleanup 5626M->2324M(5682M) 0.235ms
[128.292s][info][gc       ] GC(115) Concurrent class unloading 0.582ms
[128.292s][info][gc       ] GC(115) Pause Final Roots 0.003ms
[128.292s][info][safepoint] Safepoint "ShenandoahFinalRoots", Time since last: 3013214 ns, Reaching safepoint: 131925 ns, At safepoint: 136460 ns, Total: 268385 ns
[129.238s][info][gc       ] Trigger: Average GC time (233.52 ms) is above the time for average allocation rate (2889 MB/s) to deplete free headroom (674M) (margin of error = 1.64)
[129.240s][info][gc       ] GC(116) Concurrent reset 2.324ms
[129.241s][info][gc       ] GC(116) Pause Init Mark (unload classes) 0.116ms
[129.241s][info][safepoint] Safepoint "ShenandoahInitMark", Time since last: 948416098 ns, Reaching safepoint: 104214 ns, At safepoint: 421751 ns, Total: 525965 ns
[129.242s][info][gc       ] GC(116) Concurrent marking roots 0.315ms
[129.414s][info][gc       ] GC(116) Concurrent marking (unload classes) 171.200ms
[129.415s][info][gc       ] GC(116) Pause Final Mark (unload classes) 0.644ms
[129.416s][info][safepoint] Safepoint "ShenandoahFinalMarkStartEvac", Time since last: 173142277 ns, Reaching safepoint: 348014 ns, At safepoint: 974905 ns, Total: 1322919 ns
[129.416s][info][gc       ] GC(116) Concurrent weak references 0.057ms
[129.417s][info][gc       ] GC(116) Concurrent weak roots 0.396ms
[129.417s][info][gc       ] GC(116) Concurrent cleanup 5484M->2282M(5682M) 0.207ms
[129.418s][info][gc       ] GC(116) Concurrent class unloading 0.519ms
[129.418s][info][gc       ] GC(116) Pause Final Roots 0.003ms
[129.419s][info][safepoint] Safepoint "ShenandoahFinalRoots", Time since last: 2694586 ns, Reaching safepoint: 118567 ns, At safepoint: 247995 ns, Total: 366562 ns
[130.427s][info][gc       ] Trigger: Average GC time (219.50 ms) is above the time for average allocation rate (2814 MB/s) to deplete free headroom (616M) (margin of error = 1.64)
[130.431s][info][gc       ] GC(117) Concurrent reset 2.790ms
[130.431s][info][gc       ] GC(117) Pause Init Mark (unload classes) 0.186ms
[130.432s][info][safepoint] Safepoint "ShenandoahInitMark", Time since last: 1012294583 ns, Reaching safepoint: 220765 ns, At safepoint: 507856 ns, Total: 728621 ns
[130.432s][info][gc       ] GC(117) Concurrent marking roots 0.206ms
[130.610s][info][gc       ] GC(117) Concurrent marking (unload classes) 177.155ms
[130.611s][info][gc       ] GC(117) Pause Final Mark (unload classes) 0.627ms
[130.612s][info][safepoint] Safepoint "ShenandoahFinalMarkStartEvac", Time since last: 178454104 ns, Reaching safepoint: 345952 ns, At safepoint: 983845 ns, Total: 1329797 ns
[130.612s][info][gc       ] GC(117) Concurrent weak references 0.053ms
[130.613s][info][gc       ] GC(117) Concurrent weak roots 0.266ms
[130.613s][info][gc       ] GC(117) Concurrent cleanup 5590M->2328M(5682M) 0.203ms
[130.614s][info][gc       ] GC(117) Concurrent class unloading 0.532ms
[130.614s][info][gc       ] GC(117) Pause Final Roots 0.002ms
[130.614s][info][safepoint] Safepoint "ShenandoahFinalRoots", Time since last: 2162270 ns, Reaching safepoint: 105929 ns, At safepoint: 115577 ns, Total: 221506 ns
[131.574s][info][gc       ] Trigger: Average GC time (209.15 ms) is above the time for average allocation rate (2896 MB/s) to deplete free headroom (604M) (margin of error = 1.64)
[131.577s][info][gc       ] GC(118) Concurrent reset 2.344ms
[131.577s][info][gc       ] GC(118) Pause Init Mark (unload classes) 0.099ms
[131.578s][info][safepoint] Safepoint "ShenandoahInitMark", Time since last: 963100985 ns, Reaching safepoint: 256941 ns, At safepoint: 522751 ns, Total: 779692 ns
[131.578s][info][gc       ] GC(118) Concurrent marking roots 0.225ms
[131.745s][info][gc       ] GC(118) Concurrent marking (unload classes) 166.054ms
[131.746s][info][gc       ] GC(118) Pause Final Mark (unload classes) 0.612ms
[131.747s][info][safepoint] Safepoint "ShenandoahFinalMarkStartEvac", Time since last: 167644631 ns, Reaching safepoint: 257585 ns, At safepoint: 1064778 ns, Total: 1322363 ns
[131.747s][info][gc       ] GC(118) Concurrent weak references 0.174ms
[131.748s][info][gc       ] GC(118) Concurrent weak roots 0.228ms
[131.748s][info][gc       ] GC(118) Concurrent cleanup 5548M->2274M(5682M) 0.230ms
[131.749s][info][gc       ] GC(118) Concurrent class unloading 0.527ms
[131.749s][info][gc       ] GC(118) Pause Final Roots 0.002ms
[131.750s][info][safepoint] Safepoint "ShenandoahFinalRoots", Time since last: 2379996 ns, Reaching safepoint: 183452 ns, At safepoint: 288863 ns, Total: 472315 ns
[132.728s][info][gc       ] Trigger: Average GC time (200.20 ms) is above the time for average allocation rate (2937 MB/s) to deplete free headroom (586M) (margin of error = 1.64)
[132.731s][info][gc       ] GC(119) Concurrent reset 2.512ms
[132.731s][info][gc       ] GC(119) Pause Init Mark (unload classes) 0.104ms
[132.732s][info][safepoint] Safepoint "ShenandoahInitMark", Time since last: 981499768 ns, Reaching safepoint: 188825 ns, At safepoint: 363930 ns, Total: 552755 ns
[132.732s][info][gc       ] GC(119) Concurrent marking roots 0.300ms
[132.899s][info][gc       ] GC(119) Concurrent marking (unload classes) 166.568ms
[132.901s][info][gc       ] GC(119) Pause Final Mark (unload classes) 0.569ms
[132.901s][info][safepoint] Safepoint "ShenandoahFinalMarkStartEvac", Time since last: 168286336 ns, Reaching safepoint: 201909 ns, At safepoint: 908502 ns, Total: 1110411 ns
[132.902s][info][gc       ] GC(119) Concurrent weak references 0.138ms
[132.902s][info][gc       ] GC(119) Concurrent weak roots 0.342ms
[132.903s][info][gc       ] GC(119) Concurrent cleanup 5574M->2284M(5682M) 0.261ms
[132.904s][info][gc       ] GC(119) Concurrent class unloading 0.625ms
[132.904s][info][gc       ] GC(119) Pause Final Roots 0.003ms
[132.904s][info][safepoint] Safepoint "ShenandoahFinalRoots", Time since last: 2819112 ns, Reaching safepoint: 108758 ns, At safepoint: 232327 ns, Total: 341085 ns
[133.894s][info][gc       ] Trigger: Average GC time (192.83 ms) is above the time for average allocation rate (2952 MB/s) to deplete free headroom (568M) (margin of error = 1.64)
[133.897s][info][gc       ] GC(120) Concurrent reset 2.658ms
[133.898s][info][gc       ] GC(120) Pause Init Mark (unload classes) 0.237ms
[133.898s][info][safepoint] Safepoint "ShenandoahInitMark", Time since last: 993378704 ns, Reaching safepoint: 184682 ns, At safepoint: 611013 ns, Total: 795695 ns
[133.899s][info][gc       ] GC(120) Concurrent marking roots 0.308ms
[134.061s][info][gc       ] GC(120) Concurrent marking (unload classes) 161.844ms
[134.063s][info][gc       ] GC(120) Pause Final Mark (unload classes) 0.597ms
[134.063s][info][safepoint] Safepoint "ShenandoahFinalMarkStartEvac", Time since last: 163531618 ns, Reaching safepoint: 296279 ns, At safepoint: 966083 ns, Total: 1262362 ns
[134.064s][info][gc       ] GC(120) Concurrent weak references 0.046ms
[134.064s][info][gc       ] GC(120) Concurrent weak roots 0.249ms
[134.064s][info][gc       ] GC(120) Concurrent cleanup 5592M->2284M(5682M) 0.233ms
[134.065s][info][gc       ] GC(120) Concurrent class unloading 0.505ms
[134.065s][info][gc       ] GC(120) Pause Final Roots 0.004ms
[134.066s][info][safepoint] Safepoint "ShenandoahFinalRoots", Time since last: 2099114 ns, Reaching safepoint: 111165 ns, At safepoint: 131838 ns, Total: 243003 ns
[135.090s][info][gc       ] Trigger: Average GC time (186.84 ms) is above the time for average allocation rate (2848 MB/s) to deplete free headroom (532M) (margin of error = 1.64)
[135.092s][info][gc       ] GC(121) Concurrent reset 2.364ms
[135.093s][info][gc       ] GC(121) Pause Init Mark (unload classes) 0.106ms
[135.093s][info][safepoint] Safepoint "ShenandoahInitMark", Time since last: 1027045110 ns, Reaching safepoint: 200322 ns, At safepoint: 532253 ns, Total: 732575 ns
[135.094s][info][gc       ] GC(121) Concurrent marking roots 0.392ms
[135.292s][info][gc       ] GC(121) Concurrent marking (unload classes) 197.592ms
[135.293s][info][gc       ] GC(121) Pause Final Mark (unload classes) 0.745ms
[135.294s][info][safepoint] Safepoint "ShenandoahFinalMarkStartEvac", Time since last: 199234184 ns, Reaching safepoint: 177377 ns, At safepoint: 1257124 ns, Total: 1434501 ns
[135.294s][info][gc       ] GC(121) Concurrent weak references 0.082ms
[135.295s][info][gc       ] GC(121) Concurrent weak roots 0.509ms
[135.296s][info][gc       ] GC(121) Concurrent cleanup 5654M->2308M(5682M) 0.208ms
[135.296s][info][gc       ] GC(121) Concurrent class unloading 0.523ms
[135.297s][info][gc       ] GC(121) Pause Final Roots 0.003ms
[135.297s][info][safepoint] Safepoint "ShenandoahFinalRoots", Time since last: 2408816 ns, Reaching safepoint: 166403 ns, At safepoint: 175482 ns, Total: 341885 ns
[136.242s][info][gc       ] Trigger: Average GC time (218.63 ms) is above the time for average allocation rate (2937 MB/s) to deplete free headroom (640M) (margin of error = 1.64)
[136.245s][info][gc       ] GC(122) Concurrent reset 2.839ms
[136.246s][info][gc       ] GC(122) Pause Init Mark (unload classes) 0.130ms
[136.246s][info][safepoint] Safepoint "ShenandoahInitMark", Time since last: 948570571 ns, Reaching safepoint: 154241 ns, At safepoint: 396892 ns, Total: 551133 ns
[136.246s][info][gc       ] GC(122) Concurrent marking roots 0.267ms
[136.441s][info][gc       ] GC(122) Concurrent marking (unload classes) 194.001ms
[136.442s][info][gc       ] GC(122) Pause Final Mark (unload classes) 0.647ms
[136.443s][info][safepoint] Safepoint "ShenandoahFinalMarkStartEvac", Time since last: 195351781 ns, Reaching safepoint: 232724 ns, At safepoint: 1165930 ns, Total: 1398654 ns
[136.443s][info][gc       ] GC(122) Concurrent weak references 0.070ms
[136.444s][info][gc       ] GC(122) Concurrent weak roots 0.329ms
[136.444s][info][gc       ] GC(122) Concurrent cleanup 5528M->2290M(5682M) 0.230ms
[136.445s][info][gc       ] GC(122) Concurrent class unloading 0.564ms
[136.445s][info][gc       ] GC(122) Pause Final Roots 0.002ms
[136.445s][info][safepoint] Safepoint "ShenandoahFinalRoots", Time since last: 2038891 ns, Reaching safepoint: 129144 ns, At safepoint: 134370 ns, Total: 263514 ns
[137.412s][info][gc       ] Trigger: Average GC time (218.70 ms) is above the time for average allocation rate (2891 MB/s) to deplete free headroom (632M) (margin of error = 1.64)
[137.415s][info][gc       ] GC(123) Concurrent reset 2.539ms
[137.416s][info][gc       ] GC(123) Pause Init Mark (unload classes) 0.095ms
[137.416s][info][safepoint] Safepoint "ShenandoahInitMark", Time since last: 970430801 ns, Reaching safepoint: 122582 ns, At safepoint: 369974 ns, Total: 492556 ns
[137.416s][info][gc       ] GC(123) Concurrent marking roots 0.260ms
[137.587s][info][gc       ] GC(123) Concurrent marking (unload classes) 170.403ms
[137.588s][info][gc       ] GC(123) Pause Final Mark (unload classes) 0.623ms
[137.589s][info][safepoint] Safepoint "ShenandoahFinalMarkStartEvac", Time since last: 171720426 ns, Reaching safepoint: 289759 ns, At safepoint: 1003675 ns, Total: 1293434 ns
[137.589s][info][gc       ] GC(123) Concurrent weak references 0.047ms
[137.590s][info][gc       ] GC(123) Concurrent weak roots 0.470ms
[137.591s][info][gc       ] GC(123) Concurrent cleanup 5454M->2210M(5682M) 0.199ms
[137.592s][info][gc       ] GC(123) Concurrent class unloading 0.687ms
[137.592s][info][gc       ] GC(123) Pause Final Roots 0.003ms
[137.592s][info][safepoint] Safepoint "ShenandoahFinalRoots", Time since last: 2841610 ns, Reaching safepoint: 215958 ns, At safepoint: 292803 ns, Total: 508761 ns
[138.096s][info][gc       ] Trigger: Average GC time (209.24 ms) is above the time for average allocation rate (6407 MB/s) to deplete free headroom (1288M) (margin of error = 1.64)
[138.100s][info][gc       ] GC(124) Concurrent reset 3.008ms
[138.101s][info][gc       ] GC(124) Pause Init Mark (unload classes) 0.106ms
[138.101s][info][safepoint] Safepoint "ShenandoahInitMark", Time since last: 508014555 ns, Reaching safepoint: 628675 ns, At safepoint: 392318 ns, Total: 1020993 ns
[138.102s][info][gc       ] GC(124) Concurrent marking roots 0.233ms
[138.214s][info][gc       ] GC(124) Concurrent marking (unload classes) 111.728ms
[138.215s][info][gc       ] GC(124) Pause Final Mark (unload classes) 0.522ms
[138.215s][info][safepoint] Safepoint "ShenandoahFinalMarkStartEvac", Time since last: 113077557 ns, Reaching safepoint: 214949 ns, At safepoint: 803270 ns, Total: 1018219 ns
[138.216s][info][gc       ] GC(124) Concurrent weak references 0.118ms
[138.216s][info][gc       ] GC(124) Concurrent weak roots 0.312ms
[138.216s][info][gc       ] GC(124) Concurrent cleanup 5119M->1777M(5682M) 0.195ms
[138.217s][info][gc       ] GC(124) Concurrent class unloading 0.540ms
[138.217s][info][gc       ] GC(124) Pause Final Roots 0.002ms
[138.217s][info][safepoint] Safepoint "ShenandoahFinalRoots", Time since last: 1932423 ns, Reaching safepoint: 107717 ns, At safepoint: 101019 ns, Total: 208736 ns
[139.446s][info][gc       ] Trigger: Average GC time (211.00 ms) is above the time for average allocation rate (2926 MB/s) to deplete free headroom (616M) (margin of error = 1.61)
[139.448s][info][gc       ] GC(125) Concurrent reset 1.450ms
[139.449s][info][gc       ] GC(125) Pause Init Mark (unload classes) 0.179ms
[139.449s][info][safepoint] Safepoint "ShenandoahInitMark", Time since last: 1230790827 ns, Reaching safepoint: 256487 ns, At safepoint: 617139 ns, Total: 873626 ns
[139.450s][info][gc       ] GC(125) Concurrent marking roots 0.313ms
[139.621s][info][gc       ] GC(125) Concurrent marking (unload classes) 170.503ms
[139.622s][info][gc       ] GC(125) Pause Final Mark (unload classes) 0.641ms
[139.623s][info][safepoint] Safepoint "ShenandoahFinalMarkStartEvac", Time since last: 172151701 ns, Reaching safepoint: 269401 ns, At safepoint: 1119369 ns, Total: 1388770 ns
[139.623s][info][gc       ] GC(125) Concurrent weak references 0.090ms
[139.624s][info][gc       ] GC(125) Concurrent weak roots 0.485ms
[139.625s][info][gc       ] GC(125) Concurrent cleanup 5519M->2258M(5682M) 0.417ms
[139.626s][info][gc       ] GC(125) Concurrent class unloading 0.667ms
[139.627s][info][gc       ] GC(125) Pause Final Roots 0.004ms
[139.627s][info][safepoint] Safepoint "ShenandoahFinalRoots", Time since last: 3621397 ns, Reaching safepoint: 214514 ns, At safepoint: 314622 ns, Total: 529136 ns
[140.605s][info][gc       ] Trigger: Average GC time (212.58 ms) is above the time for average allocation rate (2906 MB/s) to deplete free headroom (616M) (margin of error = 1.61)
[140.607s][info][gc       ] GC(126) Concurrent reset 2.350ms
[140.608s][info][gc       ] GC(126) Pause Init Mark (unload classes) 0.116ms
[140.608s][info][safepoint] Safepoint "ShenandoahInitMark", Time since last: 980873168 ns, Reaching safepoint: 166639 ns, At safepoint: 524165 ns, Total: 690804 ns
[140.609s][info][gc       ] GC(126) Concurrent marking roots 0.350ms
[140.804s][info][gc       ] GC(126) Concurrent marking (unload classes) 194.689ms
[140.806s][info][gc       ] GC(126) Pause Final Mark (unload classes) 0.636ms
[140.806s][info][safepoint] Safepoint "ShenandoahFinalMarkStartEvac", Time since last: 196571448 ns, Reaching safepoint: 273838 ns, At safepoint: 1111931 ns, Total: 1385769 ns
[140.807s][info][gc       ] GC(126) Concurrent weak references 0.176ms
[140.808s][info][gc       ] GC(126) Concurrent weak roots 0.359ms
[140.808s][info][gc       ] GC(126) Concurrent cleanup 5576M->2312M(5682M) 0.214ms
[140.809s][info][gc       ] GC(126) Concurrent class unloading 0.676ms
[140.809s][info][gc       ] GC(126) Pause Final Roots 0.003ms
[140.809s][info][safepoint] Safepoint "ShenandoahFinalRoots", Time since last: 2537723 ns, Reaching safepoint: 109387 ns, At safepoint: 101073 ns, Total: 210460 ns
[141.763s][info][gc       ] Trigger: Average GC time (229.46 ms) is above the time for average allocation rate (2855 MB/s) to deplete free headroom (652M) (margin of error = 1.62)
[141.766s][info][gc       ] GC(127) Concurrent reset 2.310ms
[141.766s][info][gc       ] GC(127) Pause Init Mark (unload classes) 0.088ms
[141.766s][info][safepoint] Safepoint "ShenandoahInitMark", Time since last: 956763502 ns, Reaching safepoint: 215442 ns, At safepoint: 370980 ns, Total: 586422 ns
[141.767s][info][gc       ] GC(127) Concurrent marking roots 0.371ms
[141.953s][info][gc       ] GC(127) Concurrent marking (unload classes) 185.333ms
[141.954s][info][gc       ] GC(127) Pause Final Mark (unload classes) 0.519ms
[141.954s][info][safepoint] Safepoint "ShenandoahFinalMarkStartEvac", Time since last: 186749437 ns, Reaching safepoint: 302949 ns, At safepoint: 927105 ns, Total: 1230054 ns
[141.955s][info][gc       ] GC(127) Concurrent weak references 0.222ms
[141.956s][info][gc       ] GC(127) Concurrent weak roots 0.394ms
[141.956s][info][gc       ] GC(127) Concurrent cleanup 5442M->2216M(5682M) 0.217ms
[141.957s][info][gc       ] GC(127) Concurrent class unloading 0.664ms
[141.957s][info][gc       ] GC(127) Pause Final Roots 0.003ms
[141.958s][info][safepoint] Safepoint "ShenandoahFinalRoots", Time since last: 2662608 ns, Reaching safepoint: 152168 ns, At safepoint: 264330 ns, Total: 416498 ns
[142.936s][info][gc       ] Trigger: Average GC time (221.70 ms) is above the time for average allocation rate (2922 MB/s) to deplete free headroom (646M) (margin of error = 1.62)
[142.939s][info][gc       ] GC(128) Concurrent reset 2.330ms
[142.939s][info][gc       ] GC(128) Pause Init Mark (unload classes) 0.123ms
[142.940s][info][safepoint] Safepoint "ShenandoahInitMark", Time since last: 981355436 ns, Reaching safepoint: 157147 ns, At safepoint: 555812 ns, Total: 712959 ns
[142.940s][info][gc       ] GC(128) Concurrent marking roots 0.257ms
[143.110s][info][gc       ] GC(128) Concurrent marking (unload classes) 169.764ms
[143.112s][info][gc       ] GC(128) Pause Final Mark (unload classes) 0.670ms
[143.112s][info][safepoint] Safepoint "ShenandoahFinalMarkStartEvac", Time since last: 171239700 ns, Reaching safepoint: 271432 ns, At safepoint: 992125 ns, Total: 1263557 ns
[143.113s][info][gc       ] GC(128) Concurrent weak references 0.230ms
[143.113s][info][gc       ] GC(128) Concurrent weak roots 0.349ms
[143.114s][info][gc       ] GC(128) Concurrent cleanup 5524M->2294M(5682M) 0.402ms
[143.115s][info][gc       ] GC(128) Concurrent class unloading 0.781ms
[143.115s][info][gc       ] GC(128) Pause Final Roots 0.002ms
[143.115s][info][safepoint] Safepoint "ShenandoahFinalRoots", Time since last: 2944859 ns, Reaching safepoint: 103359 ns, At safepoint: 159836 ns, Total: 263195 ns
[144.073s][info][gc       ] Trigger: Average GC time (208.67 ms) is above the time for average allocation rate (2909 MB/s) to deplete free headroom (606M) (margin of error = 1.62)
[144.076s][info][gc       ] GC(129) Concurrent reset 2.382ms
[144.077s][info][gc       ] GC(129) Pause Init Mark (unload classes) 0.119ms
[144.077s][info][safepoint] Safepoint "ShenandoahInitMark", Time since last: 961103747 ns, Reaching safepoint: 199905 ns, At safepoint: 525157 ns, Total: 725062 ns
[144.078s][info][gc       ] GC(129) Concurrent marking roots 0.386ms
[144.259s][info][gc       ] GC(129) Concurrent marking (unload classes) 180.206ms
[144.260s][info][gc       ] GC(129) Pause Final Mark (unload classes) 0.597ms
[144.260s][info][safepoint] Safepoint "ShenandoahFinalMarkStartEvac", Time since last: 181876691 ns, Reaching safepoint: 222388 ns, At safepoint: 1107708 ns, Total: 1330096 ns
[144.261s][info][gc       ] GC(129) Concurrent weak references 0.130ms
[144.261s][info][gc       ] GC(129) Concurrent weak roots 0.288ms
[144.262s][info][gc       ] GC(129) Concurrent cleanup 5580M->2308M(5682M) 0.219ms
[144.263s][info][gc       ] GC(129) Concurrent class unloading 0.554ms
[144.263s][info][gc       ] GC(129) Pause Final Roots 0.002ms
[144.263s][info][safepoint] Safepoint "ShenandoahFinalRoots", Time since last: 2346574 ns, Reaching safepoint: 134764 ns, At safepoint: 227212 ns, Total: 361976 ns
[145.233s][info][gc       ] Trigger: Average GC time (204.52 ms) is above the time for average allocation rate (2894 MB/s) to deplete free headroom (590M) (margin of error = 1.62)
[145.235s][info][gc       ] GC(130) Concurrent reset 2.417ms
[145.236s][info][gc       ] GC(130) Pause Init Mark (unload classes) 0.130ms
[145.236s][info][safepoint] Safepoint "ShenandoahInitMark", Time since last: 972791515 ns, Reaching safepoint: 146001 ns, At safepoint: 365508 ns, Total: 511509 ns
[145.237s][info][gc       ] GC(130) Concurrent marking roots 0.338ms
[145.424s][info][gc       ] GC(130) Concurrent marking (unload classes) 187.032ms
[145.426s][info][gc       ] GC(130) Pause Final Mark (unload classes) 0.677ms
[145.426s][info][safepoint] Safepoint "ShenandoahFinalMarkStartEvac", Time since last: 188369362 ns, Reaching safepoint: 244526 ns, At safepoint: 1033600 ns, Total: 1278126 ns
[145.426s][info][gc       ] GC(130) Concurrent weak references 0.111ms
[145.427s][info][gc       ] GC(130) Concurrent weak roots 0.311ms
[145.427s][info][gc       ] GC(130) Concurrent cleanup 5584M->2296M(5682M) 0.205ms
[145.428s][info][gc       ] GC(130) Concurrent class unloading 0.533ms
[145.428s][info][gc       ] GC(130) Pause Final Roots 0.002ms
[145.428s][info][safepoint] Safepoint "ShenandoahFinalRoots", Time since last: 1843235 ns, Reaching safepoint: 33266 ns, At safepoint: 165181 ns, Total: 198447 ns
[146.401s][info][gc       ] Trigger: Average GC time (205.05 ms) is above the time for average allocation rate (2911 MB/s) to deplete free headroom (596M) (margin of error = 1.62)
[146.403s][info][gc       ] GC(131) Concurrent reset 2.279ms
[146.404s][info][gc       ] GC(131) Pause Init Mark (unload classes) 0.117ms
[146.404s][info][safepoint] Safepoint "ShenandoahInitMark", Time since last: 975371911 ns, Reaching safepoint: 149819 ns, At safepoint: 333873 ns, Total: 483692 ns
[146.404s][info][gc       ] GC(131) Concurrent marking roots 0.247ms
[146.591s][info][gc       ] GC(131) Concurrent marking (unload classes) 186.386ms
[146.592s][info][gc       ] GC(131) Pause Final Mark (unload classes) 0.692ms
[146.593s][info][safepoint] Safepoint "ShenandoahFinalMarkStartEvac", Time since last: 187436771 ns, Reaching safepoint: 243837 ns, At safepoint: 1071880 ns, Total: 1315717 ns
[146.593s][info][gc       ] GC(131) Concurrent weak references 0.175ms
[146.594s][info][gc       ] GC(131) Concurrent weak roots 0.323ms
[146.594s][info][gc       ] GC(131) Concurrent cleanup 5532M->2250M(5682M) 0.211ms
[146.595s][info][gc       ] GC(131) Concurrent class unloading 0.521ms
[146.595s][info][gc       ] GC(131) Pause Final Roots 0.002ms
[146.595s][info][safepoint] Safepoint "ShenandoahFinalRoots", Time since last: 2507816 ns, Reaching safepoint: 123454 ns, At safepoint: 217757 ns, Total: 341211 ns
[147.610s][info][gc       ] Trigger: Average GC time (203.24 ms) is above the time for average allocation rate (2859 MB/s) to deplete free headroom (580M) (margin of error = 1.62)
[147.613s][info][gc       ] GC(132) Concurrent reset 2.976ms
[147.614s][info][gc       ] GC(132) Pause Init Mark (unload classes) 0.132ms
[147.614s][info][safepoint] Safepoint "ShenandoahInitMark", Time since last: 1018127744 ns, Reaching safepoint: 152438 ns, At safepoint: 483565 ns, Total: 636003 ns
[147.615s][info][gc       ] GC(132) Concurrent marking roots 0.265ms
[147.803s][info][gc       ] GC(132) Concurrent marking (unload classes) 188.033ms
[147.804s][info][gc       ] GC(132) Pause Final Mark (unload classes) 0.768ms
[147.805s][info][safepoint] Safepoint "ShenandoahFinalMarkStartEvac", Time since last: 189248934 ns, Reaching safepoint: 219634 ns, At safepoint: 1266269 ns, Total: 1485903 ns
[147.805s][info][gc       ] GC(132) Concurrent weak references 0.055ms
[147.806s][info][gc       ] GC(132) Concurrent weak roots 0.296ms
[147.806s][info][gc       ] GC(132) Concurrent cleanup 5562M->2264M(5682M) 0.205ms
[147.807s][info][gc       ] GC(132) Concurrent class unloading 0.580ms
[147.807s][info][gc       ] GC(132) Pause Final Roots 0.002ms
[147.808s][info][safepoint] Safepoint "ShenandoahFinalRoots", Time since last: 2298899 ns, Reaching safepoint: 101258 ns, At safepoint: 143604 ns, Total: 244862 ns
[148.810s][info][gc       ] Trigger: Average GC time (203.18 ms) is above the time for average allocation rate (2879 MB/s) to deplete free headroom (582M) (margin of error = 1.62)
[148.813s][info][gc       ] GC(133) Concurrent reset 2.659ms
[148.814s][info][gc       ] GC(133) Pause Init Mark (unload classes) 0.249ms
[148.814s][info][safepoint] Safepoint "ShenandoahInitMark", Time since last: 1005877229 ns, Reaching safepoint: 181461 ns, At safepoint: 622092 ns, Total: 803553 ns
[148.815s][info][gc       ] GC(133) Concurrent marking roots 0.386ms
[148.984s][info][gc       ] GC(133) Concurrent marking (unload classes) 169.232ms
[148.986s][info][gc       ] GC(133) Pause Final Mark (unload classes) 0.582ms
[148.986s][info][safepoint] Safepoint "ShenandoahFinalMarkStartEvac", Time since last: 170799413 ns, Reaching safepoint: 192701 ns, At safepoint: 991202 ns, Total: 1183903 ns
[148.987s][info][gc       ] GC(133) Concurrent weak references 0.053ms
[148.987s][info][gc       ] GC(133) Concurrent weak roots 0.276ms
[148.987s][info][gc       ] GC(133) Concurrent cleanup 5580M->2286M(5682M) 0.214ms
[148.988s][info][gc       ] GC(133) Concurrent class unloading 0.681ms
[148.989s][info][gc       ] GC(133) Pause Final Roots 0.004ms
[148.989s][info][safepoint] Safepoint "ShenandoahFinalRoots", Time since last: 2273073 ns, Reaching safepoint: 126851 ns, At safepoint: 142317 ns, Total: 269168 ns
[149.493s][info][gc       ] Trigger: Average GC time (201.40 ms) is above the time for instantaneous allocation rate (9002 MB/s) to deplete free headroom (1290M) (spike threshold = 1.86)
[149.496s][info][gc       ] GC(134) Concurrent reset 2.953ms
[149.497s][info][gc       ] GC(134) Pause Init Mark (unload classes) 0.124ms
[149.497s][info][safepoint] Safepoint "ShenandoahInitMark", Time since last: 508070396 ns, Reaching safepoint: 246616 ns, At safepoint: 407029 ns, Total: 653645 ns
[149.498s][info][gc       ] GC(134) Concurrent marking roots 0.354ms
[149.602s][info][gc       ] GC(134) Concurrent marking (unload classes) 103.459ms
[149.603s][info][gc       ] GC(134) Pause Final Mark (unload classes) 0.528ms
[149.604s][info][safepoint] Safepoint "ShenandoahFinalMarkStartEvac", Time since last: 104948392 ns, Reaching safepoint: 173094 ns, At safepoint: 936760 ns, Total: 1109854 ns
[149.604s][info][gc       ] GC(134) Concurrent weak references 0.094ms
[149.605s][info][gc       ] GC(134) Concurrent weak roots 0.419ms
[149.605s][info][gc       ] GC(134) Concurrent cleanup 5173M->1757M(5682M) 0.228ms
[149.606s][info][gc       ] GC(134) Concurrent class unloading 0.616ms
[149.607s][info][gc       ] GC(134) Pause Final Roots 0.002ms
[149.607s][info][safepoint] Safepoint "ShenandoahFinalRoots", Time since last: 3019004 ns, Reaching safepoint: 102781 ns, At safepoint: 278381 ns, Total: 381162 ns
[150.607s][info][safepoint] Safepoint "Cleanup", Time since last: 1000310223 ns, Reaching safepoint: 206140 ns, At safepoint: 17162 ns, Total: 223302 ns
[150.833s][info][gc       ] Trigger: Average GC time (210.49 ms) is above the time for average allocation rate (2896 MB/s) to deplete free headroom (606M) (margin of error = 1.62)
[150.835s][info][gc       ] GC(135) Concurrent reset 1.453ms
[150.835s][info][gc       ] GC(135) Pause Init Mark (unload classes) 0.155ms
[150.835s][info][safepoint] Safepoint "ShenandoahInitMark", Time since last: 227366878 ns, Reaching safepoint: 179600 ns, At safepoint: 423326 ns, Total: 602926 ns
[150.836s][info][gc       ] GC(135) Concurrent marking roots 0.256ms
[151.000s][info][gc       ] GC(135) Concurrent marking (unload classes) 163.326ms
[151.001s][info][gc       ] GC(135) Pause Final Mark (unload classes) 0.516ms
[151.001s][info][safepoint] Safepoint "ShenandoahFinalMarkStartEvac", Time since last: 164718740 ns, Reaching safepoint: 205799 ns, At safepoint: 835481 ns, Total: 1041280 ns
[151.002s][info][gc       ] GC(135) Concurrent weak references 0.053ms
[151.002s][info][gc       ] GC(135) Concurrent weak roots 0.315ms
[151.003s][info][gc       ] GC(135) Concurrent cleanup 5553M->2286M(5682M) 0.205ms
[151.003s][info][gc       ] GC(135) Concurrent class unloading 0.580ms
[151.004s][info][gc       ] GC(135) Pause Final Roots 0.002ms
[151.004s][info][safepoint] Safepoint "ShenandoahFinalRoots", Time since last: 2313435 ns, Reaching safepoint: 101463 ns, At safepoint: 106354 ns, Total: 207817 ns
[151.968s][info][gc       ] Trigger: Average GC time (206.23 ms) is above the time for average allocation rate (2916 MB/s) to deplete free headroom (600M) (margin of error = 1.62)
[151.970s][info][gc       ] GC(136) Concurrent reset 2.366ms
[151.971s][info][gc       ] GC(136) Pause Init Mark (unload classes) 0.137ms
[151.971s][info][safepoint] Safepoint "ShenandoahInitMark", Time since last: 966910177 ns, Reaching safepoint: 156996 ns, At safepoint: 585547 ns, Total: 742543 ns
[151.972s][info][gc       ] GC(136) Concurrent marking roots 0.275ms
[152.137s][info][gc       ] GC(136) Concurrent marking (unload classes) 164.537ms
[152.138s][info][gc       ] GC(136) Pause Final Mark (unload classes) 0.666ms
[152.139s][info][safepoint] Safepoint "ShenandoahFinalMarkStartEvac", Time since last: 166201621 ns, Reaching safepoint: 211434 ns, At safepoint: 1150317 ns, Total: 1361751 ns
[152.139s][info][gc       ] GC(136) Concurrent weak references 0.046ms
[152.140s][info][gc       ] GC(136) Concurrent weak roots 0.260ms
[152.140s][info][gc       ] GC(136) Concurrent cleanup 5562M->2286M(5682M) 0.233ms
[152.141s][info][gc       ] GC(136) Concurrent class unloading 0.635ms
[152.141s][info][gc       ] GC(136) Pause Final Roots 0.002ms
[152.141s][info][safepoint] Safepoint "ShenandoahFinalRoots", Time since last: 2036722 ns, Reaching safepoint: 101424 ns, At safepoint: 157984 ns, Total: 259408 ns
[153.136s][info][gc       ] Trigger: Average GC time (200.97 ms) is above the time for average allocation rate (2866 MB/s) to deplete free headroom (574M) (margin of error = 1.62)
[153.139s][info][gc       ] GC(137) Concurrent reset 2.456ms
[153.140s][info][gc       ] GC(137) Pause Init Mark (unload classes) 0.222ms
[153.141s][info][safepoint] Safepoint "ShenandoahInitMark", Time since last: 998547273 ns, Reaching safepoint: 245999 ns, At safepoint: 679720 ns, Total: 925719 ns
[153.141s][info][gc       ] GC(137) Concurrent marking roots 0.253ms
[153.338s][info][gc       ] GC(137) Concurrent marking (unload classes) 196.103ms
[153.339s][info][gc       ] GC(137) Pause Final Mark (unload classes) 0.456ms
[153.339s][info][safepoint] Safepoint "ShenandoahFinalMarkStartEvac", Time since last: 197456476 ns, Reaching safepoint: 179464 ns, At safepoint: 749276 ns, Total: 928740 ns
[153.339s][info][gc       ] GC(137) Concurrent weak references 0.104ms
[153.340s][info][gc       ] GC(137) Concurrent weak roots 0.235ms
[153.340s][info][gc       ] GC(137) Concurrent cleanup 5608M->2304M(5682M) 0.231ms
[153.341s][info][gc       ] GC(137) Concurrent class unloading 0.570ms
[153.341s][info][gc       ] GC(137) Pause Final Roots 0.002ms
[153.341s][info][safepoint] Safepoint "ShenandoahFinalRoots", Time since last: 1901424 ns, Reaching safepoint: 103615 ns, At safepoint: 107897 ns, Total: 211512 ns
[154.290s][info][gc       ] Trigger: Average GC time (224.49 ms) is above the time for average allocation rate (2911 MB/s) to deplete free headroom (652M) (margin of error = 1.62)
[154.293s][info][gc       ] GC(138) Concurrent reset 2.461ms
[154.293s][info][gc       ] GC(138) Pause Init Mark (unload classes) 0.146ms
[154.294s][info][safepoint] Safepoint "ShenandoahInitMark", Time since last: 951808332 ns, Reaching safepoint: 249395 ns, At safepoint: 427364 ns, Total: 676759 ns
[154.294s][info][gc       ] GC(138) Concurrent marking roots 0.251ms
[154.472s][info][gc       ] GC(138) Concurrent marking (unload classes) 177.296ms
[154.473s][info][gc       ] GC(138) Pause Final Mark (unload classes) 0.587ms
[154.474s][info][safepoint] Safepoint "ShenandoahFinalMarkStartEvac", Time since last: 178540634 ns, Reaching safepoint: 219382 ns, At safepoint: 1087093 ns, Total: 1306475 ns
[154.474s][info][gc       ] GC(138) Concurrent weak references 0.050ms
[154.474s][info][gc       ] GC(138) Concurrent weak roots 0.225ms
[154.475s][info][gc       ] GC(138) Concurrent cleanup 5538M->2314M(5682M) 0.208ms
[154.475s][info][gc       ] GC(138) Concurrent class unloading 0.557ms
[154.476s][info][gc       ] GC(138) Pause Final Roots 0.002ms
[154.476s][info][safepoint] Safepoint "ShenandoahFinalRoots", Time since last: 2000768 ns, Reaching safepoint: 101546 ns, At safepoint: 221001 ns, Total: 322547 ns
[155.436s][info][gc       ] Trigger: Average GC time (213.22 ms) is above the time for average allocation rate (2906 MB/s) to deplete free headroom (618M) (margin of error = 1.62)
[155.439s][info][gc       ] GC(139) Concurrent reset 2.395ms
[155.440s][info][gc       ] GC(139) Pause Init Mark (unload classes) 0.221ms
[155.440s][info][safepoint] Safepoint "ShenandoahInitMark", Time since last: 963628886 ns, Reaching safepoint: 193700 ns, At safepoint: 677089 ns, Total: 870789 ns
[155.441s][info][gc       ] GC(139) Concurrent marking roots 0.414ms
[155.603s][info][gc       ] GC(139) Concurrent marking (unload classes) 161.583ms
[155.605s][info][gc       ] GC(139) Pause Final Mark (unload classes) 0.629ms
[155.605s][info][safepoint] Safepoint "ShenandoahFinalMarkStartEvac", Time since last: 163554061 ns, Reaching safepoint: 206924 ns, At safepoint: 985672 ns, Total: 1192596 ns
[155.605s][info][gc       ] GC(139) Concurrent weak references 0.050ms
[155.606s][info][gc       ] GC(139) Concurrent weak roots 0.245ms
[155.606s][info][gc       ] GC(139) Concurrent cleanup 5548M->2288M(5682M) 0.202ms
[155.607s][info][gc       ] GC(139) Concurrent class unloading 0.578ms
[155.607s][info][gc       ] GC(139) Pause Final Roots 0.002ms
[155.607s][info][safepoint] Safepoint "ShenandoahFinalRoots", Time since last: 1691764 ns, Reaching safepoint: 100695 ns, At safepoint: 158380 ns, Total: 259075 ns
[156.596s][info][gc       ] Trigger: Average GC time (201.16 ms) is above the time for average allocation rate (2881 MB/s) to deplete free headroom (576M) (margin of error = 1.62)
[156.599s][info][gc       ] GC(140) Concurrent reset 2.518ms
[156.600s][info][gc       ] GC(140) Pause Init Mark (unload classes) 0.113ms
[156.600s][info][safepoint] Safepoint "ShenandoahInitMark", Time since last: 992610009 ns, Reaching safepoint: 264758 ns, At safepoint: 522496 ns, Total: 787254 ns
[156.601s][info][gc       ] GC(140) Concurrent marking roots 0.436ms
[156.788s][info][gc       ] GC(140) Concurrent marking (unload classes) 186.545ms
[156.789s][info][gc       ] GC(140) Pause Final Mark (unload classes) 0.610ms
[156.790s][info][safepoint] Safepoint "ShenandoahFinalMarkStartEvac", Time since last: 188194934 ns, Reaching safepoint: 215210 ns, At safepoint: 905670 ns, Total: 1120880 ns
[156.790s][info][gc       ] GC(140) Concurrent weak references 0.072ms
[156.791s][info][gc       ] GC(140) Concurrent weak roots 0.298ms
[156.791s][info][gc       ] GC(140) Concurrent cleanup 5638M->2338M(5682M) 0.224ms
[156.791s][info][gc       ] GC(140) Concurrent class unloading 0.576ms
[156.792s][info][gc       ] GC(140) Pause Final Roots 0.002ms
[156.792s][info][safepoint] Safepoint "ShenandoahFinalRoots", Time since last: 1884564 ns, Reaching safepoint: 106886 ns, At safepoint: 93752 ns, Total: 200638 ns
[157.771s][info][gc       ] Trigger: Average GC time (208.13 ms) is above the time for average allocation rate (2875 MB/s) to deplete free headroom (596M) (margin of error = 1.63)
[157.774s][info][gc       ] GC(141) Concurrent reset 2.219ms
[157.774s][info][gc       ] GC(141) Pause Init Mark (unload classes) 0.110ms
[157.774s][info][safepoint] Safepoint "ShenandoahInitMark", Time since last: 982159515 ns, Reaching safepoint: 66332 ns, At safepoint: 357848 ns, Total: 424180 ns
[157.775s][info][gc       ] GC(141) Concurrent marking roots 0.206ms
[157.978s][info][gc       ] GC(141) Concurrent marking (unload classes) 203.054ms
[157.980s][info][gc       ] GC(141) Pause Final Mark (unload classes) 0.759ms
[157.981s][info][safepoint] Safepoint "ShenandoahFinalMarkStartEvac", Time since last: 204472833 ns, Reaching safepoint: 389185 ns, At safepoint: 1264256 ns, Total: 1653441 ns
[157.981s][info][gc       ] GC(141) Concurrent weak references 0.134ms
[157.982s][info][gc       ] GC(141) Concurrent weak roots 0.344ms
[157.982s][info][gc       ] GC(141) Concurrent cleanup 5474M->2196M(5682M) 0.223ms
[157.983s][info][gc       ] GC(141) Concurrent class unloading 0.587ms
[157.983s][info][gc       ] GC(141) Pause Final Roots 0.002ms
[157.983s][info][safepoint] Safepoint "ShenandoahFinalRoots", Time since last: 2497922 ns, Reaching safepoint: 108783 ns, At safepoint: 102628 ns, Total: 211411 ns
[158.973s][info][gc       ] Trigger: Average GC time (224.79 ms) is above the time for average allocation rate (2930 MB/s) to deplete free headroom (656M) (margin of error = 1.63)
[158.976s][info][gc       ] GC(142) Concurrent reset 2.321ms
[158.976s][info][gc       ] GC(142) Pause Init Mark (unload classes) 0.139ms
[158.977s][info][safepoint] Safepoint "ShenandoahInitMark", Time since last: 992757815 ns, Reaching safepoint: 233853 ns, At safepoint: 544506 ns, Total: 778359 ns
[158.978s][info][gc       ] GC(142) Concurrent marking roots 0.258ms
[159.147s][info][gc       ] GC(142) Concurrent marking (unload classes) 168.983ms
[159.148s][info][gc       ] GC(142) Pause Final Mark (unload classes) 0.593ms
[159.148s][info][safepoint] Safepoint "ShenandoahFinalMarkStartEvac", Time since last: 170597857 ns, Reaching safepoint: 235883 ns, At safepoint: 852888 ns, Total: 1088771 ns
[159.149s][info][gc       ] GC(142) Concurrent weak references 0.100ms
[159.149s][info][gc       ] GC(142) Concurrent weak roots 0.259ms
[159.150s][info][gc       ] GC(142) Concurrent cleanup 5510M->2290M(5682M) 0.211ms
[159.150s][info][gc       ] GC(142) Concurrent class unloading 0.588ms
[159.151s][info][gc       ] GC(142) Pause Final Roots 0.002ms
[159.151s][info][safepoint] Safepoint "ShenandoahFinalRoots", Time since last: 2026833 ns, Reaching safepoint: 171554 ns, At safepoint: 185176 ns, Total: 356730 ns
[160.151s][info][safepoint] Safepoint "Cleanup", Time since last: 1000227776 ns, Reaching safepoint: 217253 ns, At safepoint: 32983 ns, Total: 250236 ns
[160.152s][info][gc       ] Trigger: Average GC time (213.68 ms) is above the time for average allocation rate (2820 MB/s) to deplete free headroom (600M) (margin of error = 1.63)
[160.155s][info][gc       ] GC(143) Concurrent reset 2.405ms
[160.156s][info][gc       ] GC(143) Pause Init Mark (unload classes) 0.097ms
[160.156s][info][safepoint] Safepoint "ShenandoahInitMark", Time since last: 4387827 ns, Reaching safepoint: 225531 ns, At safepoint: 506751 ns, Total: 732282 ns
[160.157s][info][gc       ] GC(143) Concurrent marking roots 0.250ms
[160.328s][info][gc       ] GC(143) Concurrent marking (unload classes) 169.997ms
[160.329s][info][gc       ] GC(143) Pause Final Mark (unload classes) 0.630ms
[160.329s][info][safepoint] Safepoint "ShenandoahFinalMarkStartEvac", Time since last: 171647660 ns, Reaching safepoint: 263143 ns, At safepoint: 1087371 ns, Total: 1350514 ns
[160.330s][info][gc       ] GC(143) Concurrent weak references 0.120ms
[160.331s][info][gc       ] GC(143) Concurrent weak roots 0.300ms
[160.331s][info][gc       ] GC(143) Concurrent cleanup 5560M->2284M(5682M) 0.246ms
[160.332s][info][gc       ] GC(143) Concurrent class unloading 0.550ms
[160.332s][info][gc       ] GC(143) Pause Final Roots 0.002ms
[160.332s][info][safepoint] Safepoint "ShenandoahFinalRoots", Time since last: 2375238 ns, Reaching safepoint: 107837 ns, At safepoint: 113510 ns, Total: 221347 ns
[160.836s][info][gc       ] Trigger: Average GC time (203.22 ms) is above the time for instantaneous allocation rate (8485 MB/s) to deplete free headroom (1450M) (spike threshold = 1.89)
[160.839s][info][gc       ] GC(144) Concurrent reset 2.739ms
[160.840s][info][gc       ] GC(144) Pause Init Mark (unload classes) 0.235ms
[160.841s][info][safepoint] Safepoint "ShenandoahInitMark", Time since last: 507708028 ns, Reaching safepoint: 365845 ns, At safepoint: 663513 ns, Total: 1029358 ns
[160.841s][info][gc       ] GC(144) Concurrent marking roots 0.233ms
[160.930s][info][gc       ] GC(144) Concurrent marking (unload classes) 88.519ms
[160.932s][info][gc       ] GC(144) Pause Final Mark (unload classes) 0.607ms
[160.932s][info][safepoint] Safepoint "ShenandoahFinalMarkStartEvac", Time since last: 90078927 ns, Reaching safepoint: 460508 ns, At safepoint: 1102680 ns, Total: 1563188 ns
[160.933s][info][gc       ] GC(144) Concurrent weak references 0.122ms
[160.934s][info][gc       ] GC(144) Concurrent weak roots 0.505ms
[160.934s][info][gc       ] GC(144) Concurrent cleanup 4962M->1536M(5682M) 0.211ms
[160.935s][info][gc       ] GC(144) Concurrent class unloading 0.787ms
[160.936s][info][gc       ] GC(144) Pause Final Roots 0.002ms
[160.936s][info][safepoint] Safepoint "ShenandoahFinalRoots", Time since last: 3040341 ns, Reaching safepoint: 263090 ns, At safepoint: 145789 ns, Total: 408879 ns
[162.177s][info][gc       ] Trigger: Average GC time (211.83 ms) is above the time for average allocation rate (2953 MB/s) to deplete free headroom (624M) (margin of error = 1.63)
[162.179s][info][gc       ] GC(145) Concurrent reset 1.190ms
[162.180s][info][gc       ] GC(145) Pause Init Mark (unload classes) 0.101ms
[162.180s][info][safepoint] Safepoint "ShenandoahInitMark", Time since last: 1243454370 ns, Reaching safepoint: 188003 ns, At safepoint: 460941 ns, Total: 648944 ns
[162.180s][info][gc       ] GC(145) Concurrent marking roots 0.241ms
[162.375s][info][gc       ] GC(145) Concurrent marking (unload classes) 193.914ms
[162.376s][info][gc       ] GC(145) Pause Final Mark (unload classes) 0.718ms
[162.377s][info][safepoint] Safepoint "ShenandoahFinalMarkStartEvac", Time since last: 195206678 ns, Reaching safepoint: 341501 ns, At safepoint: 968977 ns, Total: 1310478 ns
[162.377s][info][gc       ] GC(145) Concurrent weak references 0.085ms
[162.378s][info][gc       ] GC(145) Concurrent weak roots 0.410ms
[162.378s][info][gc       ] GC(145) Concurrent cleanup 5583M->2332M(5682M) 0.208ms
[162.379s][info][gc       ] GC(145) Concurrent class unloading 0.544ms
[162.379s][info][gc       ] GC(145) Pause Final Roots 0.002ms
[162.379s][info][safepoint] Safepoint "ShenandoahFinalRoots", Time since last: 2240063 ns, Reaching safepoint: 104760 ns, At safepoint: 93577 ns, Total: 198337 ns
[163.330s][info][gc       ] Trigger: Average GC time (241.20 ms) is above the time for average allocation rate (2864 MB/s) to deplete free headroom (690M) (margin of error = 1.63)
[163.333s][info][gc       ] GC(146) Concurrent reset 2.788ms
[163.333s][info][gc       ] GC(146) Pause Init Mark (unload classes) 0.092ms
[163.334s][info][safepoint] Safepoint "ShenandoahInitMark", Time since last: 954256281 ns, Reaching safepoint: 143860 ns, At safepoint: 295704 ns, Total: 439564 ns
[163.334s][info][gc       ] GC(146) Concurrent marking roots 0.213ms
[163.530s][info][gc       ] GC(146) Concurrent marking (unload classes) 195.776ms
[163.531s][info][gc       ] GC(146) Pause Final Mark (unload classes) 0.614ms
[163.532s][info][safepoint] Safepoint "ShenandoahFinalMarkStartEvac", Time since last: 196655272 ns, Reaching safepoint: 404184 ns, At safepoint: 970750 ns, Total: 1374934 ns
[163.532s][info][gc       ] GC(146) Concurrent weak references 0.161ms
[163.533s][info][gc       ] GC(146) Concurrent weak roots 0.280ms
[163.533s][info][gc       ] GC(146) Concurrent cleanup 5468M->2282M(5682M) 0.216ms
[163.534s][info][gc       ] GC(146) Concurrent class unloading 0.515ms
[163.534s][info][gc       ] GC(146) Pause Final Roots 0.003ms
[163.535s][info][safepoint] Safepoint "ShenandoahFinalRoots", Time since last: 2584033 ns, Reaching safepoint: 131829 ns, At safepoint: 133850 ns, Total: 265679 ns
[164.492s][info][gc       ] Trigger: Average GC time (244.12 ms) is above the time for average allocation rate (2892 MB/s) to deplete free headroom (704M) (margin of error = 1.63)
[164.495s][info][gc       ] GC(147) Concurrent reset 2.599ms
[164.496s][info][gc       ] GC(147) Pause Init Mark (unload classes) 0.246ms
[164.496s][info][safepoint] Safepoint "ShenandoahInitMark", Time since last: 960901854 ns, Reaching safepoint: 275711 ns, At safepoint: 626819 ns, Total: 902530 ns
[164.497s][info][gc       ] GC(147) Concurrent marking roots 0.323ms
[164.662s][info][gc       ] GC(147) Concurrent marking (unload classes) 164.727ms
[164.663s][info][gc       ] GC(147) Pause Final Mark (unload classes) 0.562ms
[164.664s][info][safepoint] Safepoint "ShenandoahFinalMarkStartEvac", Time since last: 166285481 ns, Reaching safepoint: 237076 ns, At safepoint: 939221 ns, Total: 1176297 ns
[164.664s][info][gc       ] GC(147) Concurrent weak references 0.045ms
[164.665s][info][gc       ] GC(147) Concurrent weak roots 0.209ms
[164.665s][info][gc       ] GC(147) Concurrent cleanup 5462M->2288M(5682M) 0.253ms
[164.666s][info][gc       ] GC(147) Concurrent class unloading 0.503ms
[164.666s][info][gc       ] GC(147) Pause Final Roots 0.002ms
[164.666s][info][safepoint] Safepoint "ShenandoahFinalRoots", Time since last: 2269122 ns, Reaching safepoint: 152159 ns, At safepoint: 163476 ns, Total: 315635 ns
[165.660s][info][gc       ] Trigger: Average GC time (222.33 ms) is above the time for average allocation rate (2821 MB/s) to deplete free headroom (626M) (margin of error = 1.63)
[165.664s][info][gc       ] GC(148) Concurrent reset 2.875ms
[165.664s][info][gc       ] GC(148) Pause Init Mark (unload classes) 0.103ms
[165.665s][info][safepoint] Safepoint "ShenandoahInitMark", Time since last: 997705134 ns, Reaching safepoint: 234782 ns, At safepoint: 477502 ns, Total: 712284 ns
[165.665s][info][gc       ] GC(148) Concurrent marking roots 0.241ms
[165.861s][info][gc       ] GC(148) Concurrent marking (unload classes) 195.688ms
[165.863s][info][gc       ] GC(148) Pause Final Mark (unload classes) 0.396ms
[165.863s][info][safepoint] Safepoint "ShenandoahFinalMarkStartEvac", Time since last: 197078883 ns, Reaching safepoint: 288601 ns, At safepoint: 880064 ns, Total: 1168665 ns
[165.863s][info][gc       ] GC(148) Concurrent weak references 0.059ms
[165.864s][info][gc       ] GC(148) Concurrent weak roots 0.235ms
[165.864s][info][gc       ] GC(148) Concurrent cleanup 5450M->2198M(5682M) 0.254ms
[165.865s][info][gc       ] GC(148) Concurrent class unloading 0.575ms
[165.866s][info][gc       ] GC(148) Pause Final Roots 0.002ms
[165.866s][info][safepoint] Safepoint "ShenandoahFinalRoots", Time since last: 2529790 ns, Reaching safepoint: 129057 ns, At safepoint: 235028 ns, Total: 364085 ns
[166.864s][info][gc       ] Trigger: Average GC time (228.70 ms) is above the time for average allocation rate (2914 MB/s) to deplete free headroom (664M) (margin of error = 1.63)
[166.867s][info][gc       ] GC(149) Concurrent reset 2.631ms
[166.868s][info][gc       ] GC(149) Pause Init Mark (unload classes) 0.102ms
[166.868s][info][safepoint] Safepoint "ShenandoahInitMark", Time since last: 1001310134 ns, Reaching safepoint: 187873 ns, At safepoint: 422357 ns, Total: 610230 ns
[166.869s][info][gc       ] GC(149) Concurrent marking roots 0.321ms
[167.054s][info][gc       ] GC(149) Concurrent marking (unload classes) 184.978ms
[167.055s][info][gc       ] GC(149) Pause Final Mark (unload classes) 0.515ms
[167.055s][info][safepoint] Safepoint "ShenandoahFinalMarkStartEvac", Time since last: 186396211 ns, Reaching safepoint: 198134 ns, At safepoint: 856422 ns, Total: 1054556 ns
[167.056s][info][gc       ] GC(149) Concurrent weak references 0.097ms
[167.056s][info][gc       ] GC(149) Concurrent weak roots 0.237ms
[167.057s][info][gc       ] GC(149) Concurrent cleanup 5384M->2172M(5682M) 0.214ms
[167.058s][info][gc       ] GC(149) Concurrent class unloading 0.555ms
[167.058s][info][gc       ] GC(149) Pause Final Roots 0.002ms
[167.058s][info][safepoint] Safepoint "ShenandoahFinalRoots", Time since last: 2503671 ns, Reaching safepoint: 103153 ns, At safepoint: 101991 ns, Total: 205144 ns
[168.076s][info][gc       ] Trigger: Average GC time (218.61 ms) is above the time for average allocation rate (2886 MB/s) to deplete free headroom (628M) (margin of error = 1.63)
[168.079s][info][gc       ] GC(150) Concurrent reset 2.636ms
[168.080s][info][gc       ] GC(150) Pause Init Mark (unload classes) 0.100ms
[168.080s][info][safepoint] Safepoint "ShenandoahInitMark", Time since last: 1021237620 ns, Reaching safepoint: 206766 ns, At safepoint: 348164 ns, Total: 554930 ns
[168.080s][info][gc       ] GC(150) Concurrent marking roots 0.250ms
[168.252s][info][gc       ] GC(150) Concurrent marking (unload classes) 171.488ms
[168.254s][info][gc       ] GC(150) Pause Final Mark (unload classes) 0.604ms
[168.254s][info][safepoint] Safepoint "ShenandoahFinalMarkStartEvac", Time since last: 172866191 ns, Reaching safepoint: 246450 ns, At safepoint: 1021397 ns, Total: 1267847 ns
[168.255s][info][gc       ] GC(150) Concurrent weak references 0.169ms
[168.255s][info][gc       ] GC(150) Concurrent weak roots 0.281ms
[168.256s][info][gc       ] GC(150) Concurrent cleanup 5486M->2236M(5682M) 0.210ms
[168.256s][info][gc       ] GC(150) Concurrent class unloading 0.506ms
[168.257s][info][gc       ] GC(150) Pause Final Roots 0.002ms
[168.257s][info][safepoint] Safepoint "ShenandoahFinalRoots", Time since last: 2633932 ns, Reaching safepoint: 99736 ns, At safepoint: 170214 ns, Total: 269950 ns
[169.245s][info][gc       ] Trigger: Average GC time (207.75 ms) is above the time for average allocation rate (2961 MB/s) to deplete free headroom (612M) (margin of error = 1.63)
[169.247s][info][gc       ] GC(151) Concurrent reset 2.341ms
[169.248s][info][gc       ] GC(151) Pause Init Mark (unload classes) 0.113ms
[169.249s][info][safepoint] Safepoint "ShenandoahInitMark", Time since last: 991035998 ns, Reaching safepoint: 199880 ns, At safepoint: 507537 ns, Total: 707417 ns
[169.249s][info][gc       ] GC(151) Concurrent marking roots 0.303ms
[169.417s][info][gc       ] GC(151) Concurrent marking (unload classes) 167.157ms
[169.418s][info][gc       ] GC(151) Pause Final Mark (unload classes) 0.595ms
[169.419s][info][safepoint] Safepoint "ShenandoahFinalMarkStartEvac", Time since last: 168811187 ns, Reaching safepoint: 187283 ns, At safepoint: 1001313 ns, Total: 1188596 ns
[169.419s][info][gc       ] GC(151) Concurrent weak references 0.045ms
[169.420s][info][gc       ] GC(151) Concurrent weak roots 0.247ms
[169.420s][info][gc       ] GC(151) Concurrent cleanup 5550M->2286M(5682M) 0.214ms
[169.421s][info][gc       ] GC(151) Concurrent class unloading 0.555ms
[169.421s][info][gc       ] GC(151) Pause Final Roots 0.002ms
[169.421s][info][safepoint] Safepoint "ShenandoahFinalRoots", Time since last: 2384879 ns, Reaching safepoint: 103197 ns, At safepoint: 107614 ns, Total: 210811 ns
[170.442s][info][gc       ] Trigger: Average GC time (198.79 ms) is above the time for average allocation rate (2839 MB/s) to deplete free headroom (564M) (margin of error = 1.63)
[170.446s][info][gc       ] GC(152) Concurrent reset 2.521ms
[170.446s][info][gc       ] GC(152) Pause Init Mark (unload classes) 0.110ms
[170.447s][info][safepoint] Safepoint "ShenandoahInitMark", Time since last: 1024810029 ns, Reaching safepoint: 179777 ns, At safepoint: 372585 ns, Total: 552362 ns
[170.447s][info][gc       ] GC(152) Concurrent marking roots 0.256ms
[170.634s][info][gc       ] GC(152) Concurrent marking (unload classes) 186.187ms
[170.635s][info][gc       ] GC(152) Pause Final Mark (unload classes) 0.606ms
[170.635s][info][safepoint] Safepoint "ShenandoahFinalMarkStartEvac", Time since last: 187544378 ns, Reaching safepoint: 269772 ns, At safepoint: 927201 ns, Total: 1196973 ns
[170.636s][info][gc       ] GC(152) Concurrent weak references 0.078ms
[170.636s][info][gc       ] GC(152) Concurrent weak roots 0.234ms
[170.636s][info][gc       ] GC(152) Concurrent cleanup 5628M->2318M(5682M) 0.209ms
[170.637s][info][gc       ] GC(152) Concurrent class unloading 0.550ms
[170.637s][info][gc       ] GC(152) Pause Final Roots 0.002ms
[170.638s][info][safepoint] Safepoint "ShenandoahFinalRoots", Time since last: 1979056 ns, Reaching safepoint: 178204 ns, At safepoint: 139460 ns, Total: 317664 ns
[171.624s][info][gc       ] Trigger: Average GC time (204.27 ms) is above the time for average allocation rate (2868 MB/s) to deplete free headroom (584M) (margin of error = 1.64)
[171.627s][info][gc       ] GC(153) Concurrent reset 2.500ms
[171.627s][info][gc       ] GC(153) Pause Init Mark (unload classes) 0.103ms
[171.628s][info][safepoint] Safepoint "ShenandoahInitMark", Time since last: 989376089 ns, Reaching safepoint: 304788 ns, At safepoint: 449057 ns, Total: 753845 ns
[171.628s][info][gc       ] GC(153) Concurrent marking roots 0.255ms
[171.799s][info][gc       ] GC(153) Concurrent marking (unload classes) 170.226ms
[171.800s][info][gc       ] GC(153) Pause Final Mark (unload classes) 0.554ms
[171.801s][info][safepoint] Safepoint "ShenandoahFinalMarkStartEvac", Time since last: 171897172 ns, Reaching safepoint: 214921 ns, At safepoint: 934435 ns, Total: 1149356 ns
[171.801s][info][gc       ] GC(153) Concurrent weak references 0.129ms
[171.802s][info][gc       ] GC(153) Concurrent weak roots 0.261ms
[171.802s][info][gc       ] GC(153) Concurrent cleanup 5548M->2254M(5682M) 0.220ms
[171.803s][info][gc       ] GC(153) Concurrent class unloading 0.579ms
[171.803s][info][gc       ] GC(153) Pause Final Roots 0.003ms
[171.804s][info][safepoint] Safepoint "ShenandoahFinalRoots", Time since last: 2613048 ns, Reaching safepoint: 106796 ns, At safepoint: 105379 ns, Total: 212175 ns
[172.287s][info][gc       ] Cancelling GC: Stopping VM
