[0.006s][info][gc] Using Concurrent Mark Sweep
[0.163s][info][safepoint] Entering safepoint region: Deoptimize
[0.163s][info][safepoint] Leaving safepoint region
[0.164s][info][safepoint] Total time for which application threads were stopped: 0.0009920 seconds, Stopping threads took: 0.0004980 seconds
[0.183s][info][safepoint] Application time: 0.0190343 seconds
[0.183s][info][safepoint] Entering safepoint region: EnableBiasedLocking
[0.184s][info][safepoint] Leaving safepoint region
[0.184s][info][safepoint] Total time for which application threads were stopped: 0.0004198 seconds, Stopping threads took: 0.0001843 seconds
[0.223s][info][safepoint] Application time: 0.0377364 seconds
[0.224s][info][safepoint] Entering safepoint region: GenCollectForAllocation
[0.312s][info][gc       ] GC(0) Pause Young (Allocation Failure) 106M->90M(384M) 88.118ms
[0.313s][info][safepoint] Leaving safepoint region
[0.313s][info][safepoint] Total time for which application threads were stopped: 0.0888356 seconds, Stopping threads took: 0.0003050 seconds
[0.325s][info][safepoint] Application time: 0.0122679 seconds
[0.325s][info][safepoint] Entering safepoint region: GenCollectForAllocation
[0.404s][info][gc       ] GC(1) Pause Young (Allocation Failure) 196M->200M(384M) 78.934ms
[0.405s][info][safepoint] Leaving safepoint region
[0.405s][info][safepoint] Total time for which application threads were stopped: 0.0798261 seconds, Stopping threads took: 0.0000767 seconds
[0.405s][info][safepoint] Application time: 0.0001799 seconds
[0.406s][info][safepoint] Entering safepoint region: CMS_Initial_Mark
[0.416s][info][gc       ] GC(2) Pause Initial Mark 202M->202M(384M) 10.603ms
[0.416s][info][safepoint] Leaving safepoint region
[0.417s][info][safepoint] Total time for which application threads were stopped: 0.0111611 seconds, Stopping threads took: 0.0002106 seconds
[0.417s][info][gc       ] GC(2) Concurrent Mark
[0.430s][info][safepoint] Application time: 0.0132280 seconds
[0.430s][info][safepoint] Entering safepoint region: GenCollectForAllocation
[0.514s][info][gc       ] GC(3) Pause Young (Allocation Failure) 307M->306M(414M) 83.304ms
[0.514s][info][safepoint] Leaving safepoint region
[0.515s][info][safepoint] Total time for which application threads were stopped: 0.0843239 seconds, Stopping threads took: 0.0001494 seconds
[0.529s][info][safepoint] Application time: 0.0140318 seconds
[0.529s][info][safepoint] Entering safepoint region: GenCollectForAllocation
[0.614s][info][gc       ] GC(4) Pause Young (Allocation Failure) 412M->409M(517M) 84.434ms
[0.614s][info][safepoint] Leaving safepoint region
[0.615s][info][safepoint] Total time for which application threads were stopped: 0.0855523 seconds, Stopping threads took: 0.0001892 seconds
[0.629s][info][safepoint] Application time: 0.0144184 seconds
[0.630s][info][safepoint] Entering safepoint region: GenCollectForAllocation
[0.713s][info][gc       ] GC(5) Pause Young (Allocation Failure) 515M->511M(619M) 82.780ms
[0.713s][info][safepoint] Leaving safepoint region
[0.713s][info][safepoint] Total time for which application threads were stopped: 0.0834487 seconds, Stopping threads took: 0.0001586 seconds
[0.727s][info][safepoint] Application time: 0.0141978 seconds
[0.728s][info][safepoint] Entering safepoint region: GenCollectForAllocation
[0.804s][info][gc       ] GC(6) Pause Young (Allocation Failure) 617M->624M(732M) 75.946ms
[0.804s][info][safepoint] Leaving safepoint region
[0.804s][info][safepoint] Total time for which application threads were stopped: 0.0766489 seconds, Stopping threads took: 0.0001340 seconds
[0.817s][info][safepoint] Application time: 0.0128807 seconds
[0.817s][info][safepoint] Entering safepoint region: GenCollectForAllocation
[0.888s][info][gc       ] GC(7) Pause Young (Allocation Failure) 722M->726M(834M) 70.008ms
[0.888s][info][safepoint] Leaving safepoint region
[0.888s][info][safepoint] Total time for which application threads were stopped: 0.0705061 seconds, Stopping threads took: 0.0000961 seconds
[0.904s][info][safepoint] Application time: 0.0164891 seconds
[0.905s][info][safepoint] Entering safepoint region: GenCollectForAllocation
[0.994s][info][gc       ] GC(8) Pause Young (Allocation Failure) 832M->836M(944M) 89.256ms
[0.994s][info][safepoint] Leaving safepoint region
[0.994s][info][safepoint] Total time for which application threads were stopped: 0.0897661 seconds, Stopping threads took: 0.0001349 seconds
[1.011s][info][safepoint] Application time: 0.0163824 seconds
[1.011s][info][safepoint] Entering safepoint region: GenCollectForAllocation
[1.091s][info][gc       ] GC(9) Pause Young (Allocation Failure) 942M->948M(1056M) 80.089ms
[1.092s][info][safepoint] Leaving safepoint region
[1.092s][info][safepoint] Total time for which application threads were stopped: 0.0805780 seconds, Stopping threads took: 0.0001133 seconds
[1.106s][info][safepoint] Application time: 0.0138805 seconds
[1.106s][info][safepoint] Entering safepoint region: GenCollectForAllocation
[1.185s][info][gc       ] GC(10) Pause Young (Allocation Failure) 1054M->1059M(1167M) 79.067ms
[1.185s][info][safepoint] Leaving safepoint region
[1.185s][info][safepoint] Total time for which application threads were stopped: 0.0796149 seconds, Stopping threads took: 0.0001195 seconds
[1.200s][info][safepoint] Application time: 0.0145163 seconds
[1.200s][info][safepoint] Entering safepoint region: GenCollectForAllocation
[1.282s][info][gc       ] GC(11) Pause Young (Allocation Failure) 1165M->1168M(1277M) 81.251ms
[1.282s][info][safepoint] Leaving safepoint region
[1.282s][info][safepoint] Total time for which application threads were stopped: 0.0817526 seconds, Stopping threads took: 0.0001031 seconds
[1.301s][info][safepoint] Application time: 0.0186264 seconds
[1.301s][info][safepoint] Entering safepoint region: GenCollectForAllocation
[1.380s][info][gc       ] GC(12) Pause Young (Allocation Failure) 1274M->1279M(1387M) 78.932ms
[1.380s][info][safepoint] Leaving safepoint region
[1.380s][info][safepoint] Total time for which application threads were stopped: 0.0793510 seconds, Stopping threads took: 0.0000984 seconds
[1.401s][info][safepoint] Application time: 0.0204659 seconds
[1.401s][info][safepoint] Entering safepoint region: GenCollectForAllocation
[1.478s][info][gc       ] GC(13) Pause Young (Allocation Failure) 1385M->1390M(1499M) 77.328ms
[1.479s][info][safepoint] Leaving safepoint region
[1.479s][info][safepoint] Total time for which application threads were stopped: 0.0778454 seconds, Stopping threads took: 0.0001162 seconds
[1.493s][info][safepoint] Application time: 0.0143414 seconds
[1.493s][info][safepoint] Entering safepoint region: GenCollectForAllocation
[1.574s][info][gc       ] GC(14) Pause Young (Allocation Failure) 1496M->1502M(1610M) 80.902ms
[1.575s][info][safepoint] Leaving safepoint region
[1.575s][info][safepoint] Total time for which application threads were stopped: 0.0813623 seconds, Stopping threads took: 0.0000836 seconds
[1.615s][info][safepoint] Application time: 0.0403081 seconds
[1.615s][info][safepoint] Entering safepoint region: GenCollectForAllocation
[1.691s][info][gc       ] GC(15) Pause Young (Allocation Failure) 1608M->1613M(1721M) 75.681ms
[1.692s][info][safepoint] Leaving safepoint region
[1.692s][info][safepoint] Total time for which application threads were stopped: 0.0766766 seconds, Stopping threads took: 0.0002410 seconds
[1.707s][info][safepoint] Application time: 0.0149272 seconds
[1.707s][info][safepoint] Entering safepoint region: GenCollectForAllocation
[1.810s][info][gc       ] GC(16) Pause Young (Allocation Failure) 1719M->1721M(1830M) 102.472ms
[1.810s][info][safepoint] Leaving safepoint region
[1.811s][info][safepoint] Total time for which application threads were stopped: 0.1030464 seconds, Stopping threads took: 0.0001896 seconds
[1.836s][info][safepoint] Application time: 0.0250793 seconds
[1.836s][info][safepoint] Entering safepoint region: GenCollectForAllocation
[1.917s][info][gc       ] GC(17) Pause Young (Allocation Failure) 1827M->1833M(1941M) 80.761ms
[1.917s][info][safepoint] Leaving safepoint region
[1.917s][info][safepoint] Total time for which application threads were stopped: 0.0812670 seconds, Stopping threads took: 0.0001152 seconds
[2.004s][info][safepoint] Application time: 0.0864208 seconds
[2.004s][info][safepoint] Entering safepoint region: GenCollectForAllocation
[2.238s][info][gc       ] GC(18) Pause Young (Allocation Failure) 1939M->2017M(2125M) 233.698ms
[2.238s][info][safepoint] Leaving safepoint region
[2.238s][info][safepoint] Total time for which application threads were stopped: 0.2344358 seconds, Stopping threads took: 0.0002709 seconds
[2.320s][info][gc       ] GC(2) Concurrent Mark 1902.997ms
[2.320s][info][gc       ] GC(2) Concurrent Preclean
[2.361s][info][safepoint] Application time: 0.1223981 seconds
[2.361s][info][safepoint] Entering safepoint region: GenCollectForAllocation
[2.453s][info][gc       ] GC(19) Pause Young (Allocation Failure) 2123M->2081M(2189M) 91.195ms
[2.453s][info][safepoint] Leaving safepoint region
[2.453s][info][safepoint] Total time for which application threads were stopped: 0.0917944 seconds, Stopping threads took: 0.0001773 seconds
[2.512s][info][safepoint] Application time: 0.0588086 seconds
[2.512s][info][safepoint] Entering safepoint region: GenCollectForAllocation
[2.540s][info][gc       ] GC(20) Pause Young (Allocation Failure) 2187M->2090M(2209M) 27.884ms
[2.541s][info][safepoint] Leaving safepoint region
[2.541s][info][safepoint] Total time for which application threads were stopped: 0.0285370 seconds, Stopping threads took: 0.0001527 seconds
[2.629s][info][safepoint] Application time: 0.0879289 seconds
[2.629s][info][safepoint] Entering safepoint region: GenCollectForAllocation
[2.631s][info][gc       ] GC(21) Pause Young (Allocation Failure) 2196M->2088M(2209M) 2.378ms
[2.632s][info][safepoint] Leaving safepoint region
[2.632s][info][safepoint] Total time for which application threads were stopped: 0.0028533 seconds, Stopping threads took: 0.0001239 seconds
[2.715s][info][safepoint] Application time: 0.0835100 seconds
[2.716s][info][safepoint] Entering safepoint region: GenCollectForAllocation
[2.718s][info][gc       ] GC(22) Pause Young (Allocation Failure) 2194M->2088M(2209M) 2.583ms
[2.719s][info][safepoint] Leaving safepoint region
[2.719s][info][safepoint] Total time for which application threads were stopped: 0.0031327 seconds, Stopping threads took: 0.0001716 seconds
[2.768s][info][safepoint] Application time: 0.0489032 seconds
[2.768s][info][safepoint] Entering safepoint region: GenCollectForAllocation
[2.770s][info][gc       ] GC(23) Pause Young (Allocation Failure) 2194M->2088M(2209M) 1.556ms
[2.770s][info][safepoint] Leaving safepoint region
[2.770s][info][safepoint] Total time for which application threads were stopped: 0.0020203 seconds, Stopping threads took: 0.0001341 seconds
[2.818s][info][safepoint] Application time: 0.0480960 seconds
[2.819s][info][safepoint] Entering safepoint region: GenCollectForAllocation
[2.820s][info][gc       ] GC(24) Pause Young (Allocation Failure) 2194M->2088M(2209M) 1.390ms
[2.820s][info][safepoint] Leaving safepoint region
[2.820s][info][safepoint] Total time for which application threads were stopped: 0.0018614 seconds, Stopping threads took: 0.0001324 seconds
[2.869s][info][safepoint] Application time: 0.0486659 seconds
[2.869s][info][safepoint] Entering safepoint region: GenCollectForAllocation
[2.871s][info][gc       ] GC(25) Pause Young (Allocation Failure) 2194M->2088M(2209M) 1.454ms
[2.871s][info][safepoint] Leaving safepoint region
[2.871s][info][safepoint] Total time for which application threads were stopped: 0.0019023 seconds, Stopping threads took: 0.0001109 seconds
[2.936s][info][safepoint] Application time: 0.0647441 seconds
[2.936s][info][safepoint] Entering safepoint region: GenCollectForAllocation
[2.938s][info][gc       ] GC(26) Pause Young (Allocation Failure) 2194M->2088M(2209M) 1.376ms
[2.938s][info][safepoint] Leaving safepoint region
[2.938s][info][safepoint] Total time for which application threads were stopped: 0.0019196 seconds, Stopping threads took: 0.0001208 seconds
[2.981s][info][safepoint] Application time: 0.0423945 seconds
[2.981s][info][safepoint] Entering safepoint region: GenCollectForAllocation
[2.982s][info][gc       ] GC(27) Pause Young (Allocation Failure) 2194M->2088M(2209M) 1.283ms
[2.983s][info][safepoint] Leaving safepoint region
[2.983s][info][safepoint] Total time for which application threads were stopped: 0.0018013 seconds, Stopping threads took: 0.0001128 seconds
[3.026s][info][safepoint] Application time: 0.0429873 seconds
[3.026s][info][safepoint] Entering safepoint region: GenCollectForAllocation
[3.028s][info][gc       ] GC(28) Pause Young (Allocation Failure) 2194M->2088M(2209M) 1.378ms
[3.028s][info][safepoint] Leaving safepoint region
[3.028s][info][safepoint] Total time for which application threads were stopped: 0.0018389 seconds, Stopping threads took: 0.0001441 seconds
[3.072s][info][safepoint] Application time: 0.0437665 seconds
[3.072s][info][safepoint] Entering safepoint region: GenCollectForAllocation
[3.074s][info][gc       ] GC(29) Pause Young (Allocation Failure) 2194M->2088M(2209M) 1.315ms
[3.074s][info][safepoint] Leaving safepoint region
[3.074s][info][safepoint] Total time for which application threads were stopped: 0.0017492 seconds, Stopping threads took: 0.0001436 seconds
[3.112s][info][safepoint] Application time: 0.0380394 seconds
[3.112s][info][safepoint] Entering safepoint region: GenCollectForAllocation
[3.114s][info][gc       ] GC(30) Pause Young (Allocation Failure) 2194M->2088M(2209M) 1.273ms
[3.114s][info][safepoint] Leaving safepoint region
[3.114s][info][safepoint] Total time for which application threads were stopped: 0.0017500 seconds, Stopping threads took: 0.0001213 seconds
[3.154s][info][safepoint] Application time: 0.0398281 seconds
[3.154s][info][safepoint] Entering safepoint region: GenCollectForAllocation
[3.156s][info][gc       ] GC(31) Pause Young (Allocation Failure) 2194M->2088M(2209M) 1.297ms
[3.156s][info][safepoint] Leaving safepoint region
[3.156s][info][safepoint] Total time for which application threads were stopped: 0.0018242 seconds, Stopping threads took: 0.0001575 seconds
[3.199s][info][safepoint] Application time: 0.0423318 seconds
[3.199s][info][safepoint] Entering safepoint region: GenCollectForAllocation
[3.200s][info][gc       ] GC(32) Pause Young (Allocation Failure) 2194M->2088M(2209M) 1.334ms
[3.201s][info][safepoint] Leaving safepoint region
[3.201s][info][safepoint] Total time for which application threads were stopped: 0.0017800 seconds, Stopping threads took: 0.0001132 seconds
[3.239s][info][safepoint] Application time: 0.0380139 seconds
[3.239s][info][safepoint] Entering safepoint region: GenCollectForAllocation
[3.241s][info][gc       ] GC(33) Pause Young (Allocation Failure) 2194M->2088M(2209M) 1.351ms
[3.241s][info][safepoint] Leaving safepoint region
[3.241s][info][safepoint] Total time for which application threads were stopped: 0.0018252 seconds, Stopping threads took: 0.0001399 seconds
[3.282s][info][safepoint] Application time: 0.0413983 seconds
[3.283s][info][safepoint] Entering safepoint region: GenCollectForAllocation
[3.284s][info][gc       ] GC(34) Pause Young (Allocation Failure) 2194M->2088M(2209M) 1.308ms
[3.284s][info][safepoint] Leaving safepoint region
[3.285s][info][safepoint] Total time for which application threads were stopped: 0.0020614 seconds, Stopping threads took: 0.0001386 seconds
[3.326s][info][gc       ] GC(2) Concurrent Preclean 1005.969ms
[3.326s][info][safepoint] Application time: 0.0411480 seconds
[3.327s][info][safepoint] Entering safepoint region: GenCollectForAllocation
[3.329s][info][gc       ] GC(35) Pause Young (Allocation Failure) 2194M->2088M(2209M) 1.812ms
[3.329s][info][safepoint] Leaving safepoint region
[3.329s][info][safepoint] Total time for which application threads were stopped: 0.0023132 seconds, Stopping threads took: 0.0002226 seconds
[3.329s][info][gc       ] GC(2) Concurrent Abortable Preclean
[3.366s][info][safepoint] Application time: 0.0367683 seconds
[3.366s][info][safepoint] Entering safepoint region: GenCollectForAllocation
[3.368s][info][gc       ] GC(36) Pause Young (Allocation Failure) 2194M->2088M(2209M) 1.311ms
[3.368s][info][safepoint] Leaving safepoint region
[3.368s][info][safepoint] Total time for which application threads were stopped: 0.0019863 seconds, Stopping threads took: 0.0001595 seconds
[3.406s][info][safepoint] Application time: 0.0374294 seconds
[3.406s][info][safepoint] Entering safepoint region: GenCollectForAllocation
[3.408s][info][gc       ] GC(37) Pause Young (Allocation Failure) 2194M->2088M(2209M) 1.295ms
[3.408s][info][safepoint] Leaving safepoint region
[3.408s][info][safepoint] Total time for which application threads were stopped: 0.0018619 seconds, Stopping threads took: 0.0001451 seconds
[3.448s][info][safepoint] Application time: 0.0393868 seconds
[3.448s][info][safepoint] Entering safepoint region: GenCollectForAllocation
[3.449s][info][gc       ] GC(38) Pause Young (Allocation Failure) 2194M->2088M(2209M) 1.347ms
[3.450s][info][safepoint] Leaving safepoint region
[3.450s][info][safepoint] Total time for which application threads were stopped: 0.0018084 seconds, Stopping threads took: 0.0001409 seconds
[3.488s][info][safepoint] Application time: 0.0380167 seconds
[3.488s][info][safepoint] Entering safepoint region: GenCollectForAllocation
[3.490s][info][gc       ] GC(39) Pause Young (Allocation Failure) 2194M->2088M(2209M) 1.376ms
[3.490s][info][safepoint] Leaving safepoint region
[3.491s][info][safepoint] Total time for which application threads were stopped: 0.0022495 seconds, Stopping threads took: 0.0002365 seconds
[3.527s][info][safepoint] Application time: 0.0361552 seconds
[3.527s][info][safepoint] Entering safepoint region: GenCollectForAllocation
[3.529s][info][gc       ] GC(40) Pause Young (Allocation Failure) 2194M->2088M(2209M) 1.329ms
[3.529s][info][safepoint] Leaving safepoint region
[3.529s][info][safepoint] Total time for which application threads were stopped: 0.0019963 seconds, Stopping threads took: 0.0001396 seconds
[3.567s][info][safepoint] Application time: 0.0376381 seconds
[3.567s][info][safepoint] Entering safepoint region: GenCollectForAllocation
[3.569s][info][gc       ] GC(41) Pause Young (Allocation Failure) 2194M->2088M(2209M) 1.392ms
[3.569s][info][safepoint] Leaving safepoint region
[3.569s][info][safepoint] Total time for which application threads were stopped: 0.0021944 seconds, Stopping threads took: 0.0002277 seconds
[3.606s][info][safepoint] Application time: 0.0363884 seconds
[3.606s][info][safepoint] Entering safepoint region: GenCollectForAllocation
[3.608s][info][gc       ] GC(42) Pause Young (Allocation Failure) 2194M->2088M(2209M) 1.275ms
[3.608s][info][safepoint] Leaving safepoint region
[3.608s][info][safepoint] Total time for which application threads were stopped: 0.0019332 seconds, Stopping threads took: 0.0001173 seconds
[3.647s][info][safepoint] Application time: 0.0387272 seconds
[3.648s][info][safepoint] Entering safepoint region: GenCollectForAllocation
[3.649s][info][gc       ] GC(43) Pause Young (Allocation Failure) 2194M->2088M(2209M) 1.336ms
[3.649s][info][safepoint] Leaving safepoint region
[3.650s][info][safepoint] Total time for which application threads were stopped: 0.0020899 seconds, Stopping threads took: 0.0002234 seconds
[3.684s][info][safepoint] Application time: 0.0346446 seconds
[3.685s][info][safepoint] Entering safepoint region: GenCollectForAllocation
[3.686s][info][gc       ] GC(44) Pause Young (Allocation Failure) 2194M->2088M(2209M) 1.059ms
[3.686s][info][safepoint] Leaving safepoint region
[3.687s][info][safepoint] Total time for which application threads were stopped: 0.0019516 seconds, Stopping threads took: 0.0003299 seconds
[3.722s][info][safepoint] Application time: 0.0351831 seconds
[3.723s][info][safepoint] Entering safepoint region: GenCollectForAllocation
[3.724s][info][gc       ] GC(45) Pause Young (Allocation Failure) 2194M->2088M(2209M) 1.083ms
[3.724s][info][safepoint] Leaving safepoint region
[3.725s][info][safepoint] Total time for which application threads were stopped: 0.0023914 seconds, Stopping threads took: 0.0003629 seconds
[3.761s][info][safepoint] Application time: 0.0351203 seconds
[3.761s][info][safepoint] Entering safepoint region: GenCollectForAllocation
[3.763s][info][gc       ] GC(46) Pause Young (Allocation Failure) 2194M->2088M(2209M) 1.296ms
[3.763s][info][safepoint] Leaving safepoint region
[3.763s][info][safepoint] Total time for which application threads were stopped: 0.0021593 seconds, Stopping threads took: 0.0002767 seconds
[3.799s][info][safepoint] Application time: 0.0352091 seconds
[3.799s][info][safepoint] Entering safepoint region: GenCollectForAllocation
[3.801s][info][gc       ] GC(47) Pause Young (Allocation Failure) 2194M->2088M(2209M) 1.469ms
[3.801s][info][safepoint] Leaving safepoint region
[3.801s][info][safepoint] Total time for which application threads were stopped: 0.0023035 seconds, Stopping threads took: 0.0003375 seconds
[3.835s][info][safepoint] Application time: 0.0338955 seconds
[3.836s][info][safepoint] Entering safepoint region: GenCollectForAllocation
[3.838s][info][gc       ] GC(48) Pause Young (Allocation Failure) 2194M->2088M(2209M) 1.400ms
[3.838s][info][safepoint] Leaving safepoint region
[3.839s][info][safepoint] Total time for which application threads were stopped: 0.0027677 seconds, Stopping threads took: 0.0004116 seconds
[3.872s][info][safepoint] Application time: 0.0330830 seconds
[3.872s][info][safepoint] Entering safepoint region: GenCollectForAllocation
[3.874s][info][gc       ] GC(49) Pause Young (Allocation Failure) 2194M->2088M(2209M) 1.296ms
[3.874s][info][safepoint] Leaving safepoint region
[3.875s][info][safepoint] Total time for which application threads were stopped: 0.0021123 seconds, Stopping threads took: 0.0003158 seconds
[3.911s][info][safepoint] Application time: 0.0363089 seconds
[3.911s][info][safepoint] Entering safepoint region: GenCollectForAllocation
[3.913s][info][gc       ] GC(50) Pause Young (Allocation Failure) 2194M->2088M(2209M) 1.545ms
[3.914s][info][safepoint] Leaving safepoint region
[3.914s][info][safepoint] Total time for which application threads were stopped: 0.0026755 seconds, Stopping threads took: 0.0003541 seconds
[3.949s][info][safepoint] Application time: 0.0350543 seconds
[3.950s][info][safepoint] Entering safepoint region: GenCollectForAllocation
[3.951s][info][gc       ] GC(51) Pause Young (Allocation Failure) 2194M->2088M(2209M) 1.133ms
[3.952s][info][safepoint] Leaving safepoint region
[3.952s][info][safepoint] Total time for which application threads were stopped: 0.0023993 seconds, Stopping threads took: 0.0004399 seconds
[3.987s][info][safepoint] Application time: 0.0348215 seconds
[3.988s][info][safepoint] Entering safepoint region: GenCollectForAllocation
[3.991s][info][gc       ] GC(52) Pause Young (Allocation Failure) 2194M->2088M(2209M) 1.214ms
[3.991s][info][safepoint] Leaving safepoint region
[3.992s][info][safepoint] Total time for which application threads were stopped: 0.0037738 seconds, Stopping threads took: 0.0017502 seconds
[4.027s][info][safepoint] Application time: 0.0348329 seconds
[4.027s][info][safepoint] Entering safepoint region: GenCollectForAllocation
[4.029s][info][gc       ] GC(53) Pause Young (Allocation Failure) 2194M->2088M(2209M) 1.367ms
[4.030s][info][safepoint] Leaving safepoint region
[4.030s][info][safepoint] Total time for which application threads were stopped: 0.0028135 seconds, Stopping threads took: 0.0004963 seconds
[4.065s][info][safepoint] Application time: 0.0345991 seconds
[4.066s][info][safepoint] Entering safepoint region: GenCollectForAllocation
[4.067s][info][gc       ] GC(54) Pause Young (Allocation Failure) 2194M->2088M(2209M) 1.179ms
[4.068s][info][safepoint] Leaving safepoint region
[4.068s][info][safepoint] Total time for which application threads were stopped: 0.0025143 seconds, Stopping threads took: 0.0004016 seconds
[4.103s][info][safepoint] Application time: 0.0346164 seconds
[4.103s][info][safepoint] Entering safepoint region: GenCollectForAllocation
[4.105s][info][gc       ] GC(55) Pause Young (Allocation Failure) 2194M->2088M(2209M) 1.152ms
[4.105s][info][safepoint] Leaving safepoint region
[4.106s][info][safepoint] Total time for which application threads were stopped: 0.0021909 seconds, Stopping threads took: 0.0004427 seconds
[4.140s][info][safepoint] Application time: 0.0341901 seconds
[4.141s][info][safepoint] Entering safepoint region: GenCollectForAllocation
[4.142s][info][gc       ] GC(56) Pause Young (Allocation Failure) 2194M->2088M(2209M) 1.110ms
[4.142s][info][safepoint] Leaving safepoint region
[4.143s][info][safepoint] Total time for which application threads were stopped: 0.0023324 seconds, Stopping threads took: 0.0003106 seconds
[4.178s][info][safepoint] Application time: 0.0345534 seconds
[4.178s][info][safepoint] Entering safepoint region: GenCollectForAllocation
[4.180s][info][gc       ] GC(57) Pause Young (Allocation Failure) 2194M->2088M(2209M) 1.063ms
[4.180s][info][safepoint] Leaving safepoint region
[4.180s][info][safepoint] Total time for which application threads were stopped: 0.0022192 seconds, Stopping threads took: 0.0004036 seconds
[4.215s][info][safepoint] Application time: 0.0344235 seconds
[4.216s][info][safepoint] Entering safepoint region: GenCollectForAllocation
[4.217s][info][gc       ] GC(58) Pause Young (Allocation Failure) 2194M->2088M(2209M) 1.127ms
[4.218s][info][safepoint] Leaving safepoint region
[4.218s][info][safepoint] Total time for which application threads were stopped: 0.0024530 seconds, Stopping threads took: 0.0004305 seconds
[4.253s][info][safepoint] Application time: 0.0345228 seconds
[4.253s][info][safepoint] Entering safepoint region: GenCollectForAllocation
[4.255s][info][gc       ] GC(59) Pause Young (Allocation Failure) 2194M->2088M(2209M) 1.445ms
[4.256s][info][safepoint] Leaving safepoint region
[4.256s][info][safepoint] Total time for which application threads were stopped: 0.0026420 seconds, Stopping threads took: 0.0003313 seconds
[4.291s][info][safepoint] Application time: 0.0344264 seconds
[4.291s][info][safepoint] Entering safepoint region: GenCollectForAllocation
[4.293s][info][gc       ] GC(60) Pause Young (Allocation Failure) 2194M->2088M(2209M) 1.571ms
[4.294s][info][safepoint] Leaving safepoint region
[4.294s][info][safepoint] Total time for which application threads were stopped: 0.0026877 seconds, Stopping threads took: 0.0003610 seconds
[4.331s][info][safepoint] Application time: 0.0364029 seconds
[4.331s][info][safepoint] Entering safepoint region: GenCollectForAllocation
[4.333s][info][gc       ] GC(61) Pause Young (Allocation Failure) 2194M->2088M(2209M) 1.313ms
[4.334s][info][safepoint] Leaving safepoint region
[4.334s][info][safepoint] Total time for which application threads were stopped: 0.0027665 seconds, Stopping threads took: 0.0004864 seconds
[4.375s][info][safepoint] Application time: 0.0407332 seconds
[4.376s][info][safepoint] Entering safepoint region: GenCollectForAllocation
[4.377s][info][gc       ] GC(62) Pause Young (Allocation Failure) 2194M->2088M(2209M) 1.294ms
[4.378s][info][safepoint] Leaving safepoint region
[4.378s][info][safepoint] Total time for which application threads were stopped: 0.0026338 seconds, Stopping threads took: 0.0004316 seconds
[4.420s][info][safepoint] Application time: 0.0410773 seconds
[4.420s][info][safepoint] Entering safepoint region: GenCollectForAllocation
[4.422s][info][gc       ] GC(63) Pause Young (Allocation Failure) 2194M->2088M(2209M) 1.711ms
[4.423s][info][safepoint] Leaving safepoint region
[4.423s][info][safepoint] Total time for which application threads were stopped: 0.0027559 seconds, Stopping threads took: 0.0003167 seconds
[4.466s][info][safepoint] Application time: 0.0427399 seconds
[4.466s][info][safepoint] Entering safepoint region: GenCollectForAllocation
[4.468s][info][gc       ] GC(64) Pause Young (Allocation Failure) 2194M->2088M(2209M) 1.412ms
[4.469s][info][safepoint] Leaving safepoint region
[4.469s][info][safepoint] Total time for which application threads were stopped: 0.0024730 seconds, Stopping threads took: 0.0003614 seconds
[4.509s][info][safepoint] Application time: 0.0392669 seconds
[4.509s][info][safepoint] Entering safepoint region: GenCollectForAllocation
[4.511s][info][gc       ] GC(65) Pause Young (Allocation Failure) 2194M->2088M(2209M) 1.248ms
[4.511s][info][safepoint] Leaving safepoint region
[4.511s][info][safepoint] Total time for which application threads were stopped: 0.0023400 seconds, Stopping threads took: 0.0003997 seconds
[4.547s][info][safepoint] Application time: 0.0351227 seconds
[4.547s][info][safepoint] Entering safepoint region: GenCollectForAllocation
[4.549s][info][gc       ] GC(66) Pause Young (Allocation Failure) 2194M->2088M(2209M) 1.324ms
[4.549s][info][safepoint] Leaving safepoint region
[4.549s][info][safepoint] Total time for which application threads were stopped: 0.0023552 seconds, Stopping threads took: 0.0003625 seconds
[4.584s][info][safepoint] Application time: 0.0349513 seconds
[4.585s][info][safepoint] Entering safepoint region: GenCollectForAllocation
[4.586s][info][gc       ] GC(67) Pause Young (Allocation Failure) 2194M->2088M(2209M) 1.071ms
[4.587s][info][safepoint] Leaving safepoint region
[4.587s][info][safepoint] Total time for which application threads were stopped: 0.0019492 seconds, Stopping threads took: 0.0003296 seconds
[4.622s][info][safepoint] Application time: 0.0348596 seconds
[4.622s][info][safepoint] Entering safepoint region: GenCollectForAllocation
[4.624s][info][gc       ] GC(68) Pause Young (Allocation Failure) 2194M->2088M(2209M) 1.491ms
[4.624s][info][safepoint] Leaving safepoint region
[4.625s][info][safepoint] Total time for which application threads were stopped: 0.0025117 seconds, Stopping threads took: 0.0003170 seconds
[4.659s][info][safepoint] Application time: 0.0338879 seconds
[4.659s][info][safepoint] Entering safepoint region: GenCollectForAllocation
[4.661s][info][gc       ] GC(69) Pause Young (Allocation Failure) 2194M->2088M(2209M) 1.422ms
[4.662s][info][safepoint] Leaving safepoint region
[4.662s][info][safepoint] Total time for which application threads were stopped: 0.0024792 seconds, Stopping threads took: 0.0003624 seconds
[4.695s][info][safepoint] Application time: 0.0333271 seconds
[4.696s][info][safepoint] Entering safepoint region: GenCollectForAllocation
[4.698s][info][gc       ] GC(70) Pause Young (Allocation Failure) 2194M->2088M(2209M) 1.171ms
[4.698s][info][safepoint] Leaving safepoint region
[4.698s][info][safepoint] Total time for which application threads were stopped: 0.0023958 seconds, Stopping threads took: 0.0004171 seconds
[4.734s][info][safepoint] Application time: 0.0349119 seconds
[4.734s][info][safepoint] Entering safepoint region: GenCollectForAllocation
[4.736s][info][gc       ] GC(71) Pause Young (Allocation Failure) 2194M->2088M(2209M) 1.345ms
[4.736s][info][safepoint] Leaving safepoint region
[4.736s][info][safepoint] Total time for which application threads were stopped: 0.0023366 seconds, Stopping threads took: 0.0002269 seconds
[4.772s][info][safepoint] Application time: 0.0348765 seconds
[4.772s][info][safepoint] Entering safepoint region: GenCollectForAllocation
[4.774s][info][gc       ] GC(72) Pause Young (Allocation Failure) 2194M->2088M(2209M) 1.417ms
[4.774s][info][safepoint] Leaving safepoint region
[4.774s][info][safepoint] Total time for which application threads were stopped: 0.0024368 seconds, Stopping threads took: 0.0003370 seconds
[4.810s][info][safepoint] Application time: 0.0351698 seconds
[4.810s][info][safepoint] Entering safepoint region: GenCollectForAllocation
[4.812s][info][gc       ] GC(73) Pause Young (Allocation Failure) 2194M->2088M(2209M) 1.448ms
[4.812s][info][safepoint] Leaving safepoint region
[4.813s][info][safepoint] Total time for which application threads were stopped: 0.0024938 seconds, Stopping threads took: 0.0003788 seconds
[4.846s][info][safepoint] Application time: 0.0331821 seconds
[4.846s][info][safepoint] Entering safepoint region: GenCollectForAllocation
[4.848s][info][gc       ] GC(74) Pause Young (Allocation Failure) 2194M->2088M(2209M) 1.352ms
[4.848s][info][safepoint] Leaving safepoint region
[4.849s][info][safepoint] Total time for which application threads were stopped: 0.0023349 seconds, Stopping threads took: 0.0002920 seconds
[4.882s][info][safepoint] Application time: 0.0333267 seconds
[4.883s][info][safepoint] Entering safepoint region: GenCollectForAllocation
[4.884s][info][gc       ] GC(75) Pause Young (Allocation Failure) 2194M->2088M(2209M) 1.259ms
[4.885s][info][safepoint] Leaving safepoint region
[4.885s][info][safepoint] Total time for which application threads were stopped: 0.0022743 seconds, Stopping threads took: 0.0003368 seconds
[4.918s][info][safepoint] Application time: 0.0331266 seconds
[4.919s][info][safepoint] Entering safepoint region: GenCollectForAllocation
[4.920s][info][gc       ] GC(76) Pause Young (Allocation Failure) 2194M->2088M(2209M) 1.030ms
[4.920s][info][safepoint] Leaving safepoint region
[4.921s][info][safepoint] Total time for which application threads were stopped: 0.0020295 seconds, Stopping threads took: 0.0003914 seconds
[4.956s][info][safepoint] Application time: 0.0350425 seconds
[4.956s][info][safepoint] Entering safepoint region: GenCollectForAllocation
[4.958s][info][gc       ] GC(77) Pause Young (Allocation Failure) 2194M->2088M(2209M) 1.461ms
[4.959s][info][safepoint] Leaving safepoint region
[4.959s][info][safepoint] Total time for which application threads were stopped: 0.0026728 seconds, Stopping threads took: 0.0003032 seconds
[4.994s][info][safepoint] Application time: 0.0344215 seconds
[4.994s][info][safepoint] Entering safepoint region: GenCollectForAllocation
[4.996s][info][gc       ] GC(78) Pause Young (Allocation Failure) 2194M->2088M(2209M) 1.406ms
[4.996s][info][safepoint] Leaving safepoint region
[4.996s][info][safepoint] Total time for which application threads were stopped: 0.0023349 seconds, Stopping threads took: 0.0002508 seconds
[5.031s][info][safepoint] Application time: 0.0347481 seconds
[5.032s][info][safepoint] Entering safepoint region: GenCollectForAllocation
[5.034s][info][gc       ] GC(79) Pause Young (Allocation Failure) 2194M->2088M(2209M) 1.387ms
[5.034s][info][safepoint] Leaving safepoint region
[5.034s][info][safepoint] Total time for which application threads were stopped: 0.0022148 seconds, Stopping threads took: 0.0002844 seconds
[5.069s][info][safepoint] Application time: 0.0348595 seconds
[5.070s][info][safepoint] Entering safepoint region: GenCollectForAllocation
[5.071s][info][gc       ] GC(80) Pause Young (Allocation Failure) 2194M->2088M(2209M) 1.342ms
[5.071s][info][safepoint] Leaving safepoint region
[5.072s][info][safepoint] Total time for which application threads were stopped: 0.0020753 seconds, Stopping threads took: 0.0003077 seconds
[5.107s][info][safepoint] Application time: 0.0348892 seconds
[5.107s][info][safepoint] Entering safepoint region: GenCollectForAllocation
[5.109s][info][gc       ] GC(81) Pause Young (Allocation Failure) 2194M->2088M(2209M) 1.239ms
[5.109s][info][safepoint] Leaving safepoint region
[5.109s][info][safepoint] Total time for which application threads were stopped: 0.0020756 seconds, Stopping threads took: 0.0002306 seconds
[5.145s][info][safepoint] Application time: 0.0356395 seconds
[5.146s][info][safepoint] Entering safepoint region: GenCollectForAllocation
[5.147s][info][gc       ] GC(82) Pause Young (Allocation Failure) 2194M->2088M(2209M) 1.424ms
[5.148s][info][safepoint] Leaving safepoint region
[5.148s][info][safepoint] Total time for which application threads were stopped: 0.0026134 seconds, Stopping threads took: 0.0004005 seconds
[5.182s][info][safepoint] Application time: 0.0335733 seconds
[5.183s][info][safepoint] Entering safepoint region: GenCollectForAllocation
[5.184s][info][gc       ] GC(83) Pause Young (Allocation Failure) 2194M->2088M(2209M) 1.152ms
[5.185s][info][safepoint] Leaving safepoint region
[5.185s][info][safepoint] Total time for which application threads were stopped: 0.0023964 seconds, Stopping threads took: 0.0004200 seconds
[5.220s][info][safepoint] Application time: 0.0342228 seconds
[5.220s][info][safepoint] Entering safepoint region: GenCollectForAllocation
[5.222s][info][gc       ] GC(84) Pause Young (Allocation Failure) 2194M->2088M(2209M) 1.311ms
[5.222s][info][safepoint] Leaving safepoint region
[5.222s][info][safepoint] Total time for which application threads were stopped: 0.0020902 seconds, Stopping threads took: 0.0002193 seconds
[5.259s][info][safepoint] Application time: 0.0366957 seconds
[5.259s][info][safepoint] Entering safepoint region: GenCollectForAllocation
[5.261s][info][gc       ] GC(85) Pause Young (Allocation Failure) 2194M->2088M(2209M) 1.433ms
[5.261s][info][safepoint] Leaving safepoint region
[5.261s][info][safepoint] Total time for which application threads were stopped: 0.0019910 seconds, Stopping threads took: 0.0001506 seconds
[5.298s][info][safepoint] Application time: 0.0369008 seconds
[5.299s][info][safepoint] Entering safepoint region: GenCollectForAllocation
[5.301s][info][gc       ] GC(86) Pause Young (Allocation Failure) 2194M->2088M(2209M) 1.541ms
[5.301s][info][safepoint] Leaving safepoint region
[5.301s][info][safepoint] Total time for which application threads were stopped: 0.0025119 seconds, Stopping threads took: 0.0003252 seconds
[5.337s][info][safepoint] Application time: 0.0357982 seconds
[5.338s][info][safepoint] Entering safepoint region: GenCollectForAllocation
[5.339s][info][gc       ] GC(87) Pause Young (Allocation Failure) 2194M->2088M(2209M) 1.455ms
[5.339s][info][safepoint] Leaving safepoint region
[5.340s][info][safepoint] Total time for which application threads were stopped: 0.0020798 seconds, Stopping threads took: 0.0002252 seconds
[5.376s][info][safepoint] Application time: 0.0365871 seconds
[5.377s][info][safepoint] Entering safepoint region: GenCollectForAllocation
[5.379s][info][gc       ] GC(88) Pause Young (Allocation Failure) 2194M->2088M(2209M) 1.707ms
[5.379s][info][safepoint] Leaving safepoint region
[5.379s][info][safepoint] Total time for which application threads were stopped: 0.0022097 seconds, Stopping threads took: 0.0001110 seconds
[5.419s][info][safepoint] Application time: 0.0395444 seconds
[5.419s][info][safepoint] Entering safepoint region: GenCollectForAllocation
[5.421s][info][gc       ] GC(89) Pause Young (Allocation Failure) 2194M->2088M(2209M) 1.536ms
[5.421s][info][safepoint] Leaving safepoint region
[5.421s][info][safepoint] Total time for which application threads were stopped: 0.0019945 seconds, Stopping threads took: 0.0001404 seconds
[5.459s][info][safepoint] Application time: 0.0378256 seconds
[5.459s][info][safepoint] Entering safepoint region: GenCollectForAllocation
[5.461s][info][gc       ] GC(90) Pause Young (Allocation Failure) 2194M->2088M(2209M) 1.289ms
[5.461s][info][safepoint] Leaving safepoint region
[5.461s][info][safepoint] Total time for which application threads were stopped: 0.0017945 seconds, Stopping threads took: 0.0001072 seconds
[5.503s][info][safepoint] Application time: 0.0415498 seconds
[5.503s][info][safepoint] Entering safepoint region: GenCollectForAllocation
[5.506s][info][gc       ] GC(91) Pause Young (Allocation Failure) 2194M->2088M(2209M) 2.164ms
[5.506s][info][safepoint] Leaving safepoint region
[5.506s][info][safepoint] Total time for which application threads were stopped: 0.0028749 seconds, Stopping threads took: 0.0002609 seconds
[5.542s][info][safepoint] Application time: 0.0360814 seconds
[5.543s][info][safepoint] Entering safepoint region: GenCollectForAllocation
[5.545s][info][gc       ] GC(92) Pause Young (Allocation Failure) 2194M->2088M(2209M) 1.482ms
[5.545s][info][safepoint] Leaving safepoint region
[5.545s][info][safepoint] Total time for which application threads were stopped: 0.0020901 seconds, Stopping threads took: 0.0002511 seconds
[5.582s][info][safepoint] Application time: 0.0368079 seconds
[5.582s][info][safepoint] Entering safepoint region: GenCollectForAllocation
[5.584s][info][gc       ] GC(93) Pause Young (Allocation Failure) 2194M->2088M(2209M) 1.267ms
[5.584s][info][safepoint] Leaving safepoint region
[5.584s][info][safepoint] Total time for which application threads were stopped: 0.0018571 seconds, Stopping threads took: 0.0001634 seconds
[5.621s][info][safepoint] Application time: 0.0371913 seconds
[5.622s][info][safepoint] Entering safepoint region: GenCollectForAllocation
[5.623s][info][gc       ] GC(94) Pause Young (Allocation Failure) 2194M->2088M(2209M) 1.293ms
[5.624s][info][safepoint] Leaving safepoint region
[5.624s][info][safepoint] Total time for which application threads were stopped: 0.0020663 seconds, Stopping threads took: 0.0002146 seconds
[5.661s][info][safepoint] Application time: 0.0367806 seconds
[5.661s][info][safepoint] Entering safepoint region: GenCollectForAllocation
[5.662s][info][gc       ] GC(95) Pause Young (Allocation Failure) 2194M->2088M(2209M) 1.282ms
[5.663s][info][safepoint] Leaving safepoint region
[5.663s][info][safepoint] Total time for which application threads were stopped: 0.0017921 seconds, Stopping threads took: 0.0001519 seconds
[5.700s][info][safepoint] Application time: 0.0368131 seconds
[5.700s][info][safepoint] Entering safepoint region: GenCollectForAllocation
[5.702s][info][gc       ] GC(96) Pause Young (Allocation Failure) 2194M->2088M(2209M) 1.284ms
[5.702s][info][safepoint] Leaving safepoint region
[5.702s][info][safepoint] Total time for which application threads were stopped: 0.0019325 seconds, Stopping threads took: 0.0002339 seconds
[5.740s][info][safepoint] Application time: 0.0372796 seconds
[5.740s][info][safepoint] Entering safepoint region: GenCollectForAllocation
[5.741s][info][gc       ] GC(97) Pause Young (Allocation Failure) 2194M->2088M(2209M) 1.388ms
[5.742s][info][safepoint] Leaving safepoint region
[5.742s][info][safepoint] Total time for which application threads were stopped: 0.0018665 seconds, Stopping threads took: 0.0001005 seconds
[5.779s][info][safepoint] Application time: 0.0369117 seconds
[5.779s][info][safepoint] Entering safepoint region: GenCollectForAllocation
[5.781s][info][gc       ] GC(98) Pause Young (Allocation Failure) 2194M->2088M(2209M) 1.283ms
[5.781s][info][safepoint] Leaving safepoint region
[5.781s][info][safepoint] Total time for which application threads were stopped: 0.0020626 seconds, Stopping threads took: 0.0002307 seconds
[5.816s][info][safepoint] Application time: 0.0347141 seconds
[5.816s][info][safepoint] Entering safepoint region: GenCollectForAllocation
[5.818s][info][gc       ] GC(99) Pause Young (Allocation Failure) 2194M->2088M(2209M) 1.316ms
[5.818s][info][safepoint] Leaving safepoint region
[5.819s][info][safepoint] Total time for which application threads were stopped: 0.0022457 seconds, Stopping threads took: 0.0003621 seconds
[5.854s][info][safepoint] Application time: 0.0349038 seconds
[5.854s][info][safepoint] Entering safepoint region: GenCollectForAllocation
[5.856s][info][gc       ] GC(100) Pause Young (Allocation Failure) 2194M->2088M(2209M) 1.472ms
[5.856s][info][safepoint] Leaving safepoint region
[5.857s][info][safepoint] Total time for which application threads were stopped: 0.0027411 seconds, Stopping threads took: 0.0003376 seconds
[5.892s][info][safepoint] Application time: 0.0349838 seconds
[5.893s][info][safepoint] Entering safepoint region: GenCollectForAllocation
[5.894s][info][gc       ] GC(101) Pause Young (Allocation Failure) 2194M->2088M(2209M) 1.209ms
[5.895s][info][safepoint] Leaving safepoint region
[5.895s][info][safepoint] Total time for which application threads were stopped: 0.0022847 seconds, Stopping threads took: 0.0003636 seconds
[5.929s][info][safepoint] Application time: 0.0339638 seconds
[5.930s][info][safepoint] Entering safepoint region: GenCollectForAllocation
[5.931s][info][gc       ] GC(102) Pause Young (Allocation Failure) 2194M->2088M(2209M) 1.144ms
[5.931s][info][safepoint] Leaving safepoint region
[5.932s][info][safepoint] Total time for which application threads were stopped: 0.0021060 seconds, Stopping threads took: 0.0002922 seconds
[5.966s][info][safepoint] Application time: 0.0340606 seconds
[5.966s][info][safepoint] Entering safepoint region: GenCollectForAllocation
[5.968s][info][gc       ] GC(103) Pause Young (Allocation Failure) 2194M->2088M(2209M) 1.063ms
[5.968s][info][safepoint] Leaving safepoint region
[5.968s][info][safepoint] Total time for which application threads were stopped: 0.0018031 seconds, Stopping threads took: 0.0002149 seconds
[6.002s][info][safepoint] Application time: 0.0337101 seconds
[6.002s][info][safepoint] Entering safepoint region: GenCollectForAllocation
[6.004s][info][gc       ] GC(104) Pause Young (Allocation Failure) 2194M->2088M(2209M) 1.118ms
[6.004s][info][safepoint] Leaving safepoint region
[6.004s][info][safepoint] Total time for which application threads were stopped: 0.0019827 seconds, Stopping threads took: 0.0002699 seconds
[6.038s][info][safepoint] Application time: 0.0337702 seconds
[6.039s][info][safepoint] Entering safepoint region: GenCollectForAllocation
[6.040s][info][gc       ] GC(105) Pause Young (Allocation Failure) 2194M->2088M(2209M) 1.060ms
[6.041s][info][safepoint] Leaving safepoint region
[6.041s][info][safepoint] Total time for which application threads were stopped: 0.0020198 seconds, Stopping threads took: 0.0003890 seconds
[6.075s][info][safepoint] Application time: 0.0338917 seconds
[6.075s][info][safepoint] Entering safepoint region: GenCollectForAllocation
[6.077s][info][gc       ] GC(106) Pause Young (Allocation Failure) 2194M->2088M(2209M) 1.011ms
[6.077s][info][safepoint] Leaving safepoint region
[6.077s][info][safepoint] Total time for which application threads were stopped: 0.0020072 seconds, Stopping threads took: 0.0004151 seconds
[6.112s][info][safepoint] Application time: 0.0341646 seconds
[6.112s][info][safepoint] Entering safepoint region: GenCollectForAllocation
[6.114s][info][gc       ] GC(107) Pause Young (Allocation Failure) 2194M->2088M(2209M) 1.088ms
[6.114s][info][safepoint] Leaving safepoint region
[6.114s][info][safepoint] Total time for which application threads were stopped: 0.0022879 seconds, Stopping threads took: 0.0003838 seconds
[6.149s][info][safepoint] Application time: 0.0338262 seconds
[6.149s][info][safepoint] Entering safepoint region: GenCollectForAllocation
[6.150s][info][gc       ] GC(108) Pause Young (Allocation Failure) 2194M->2088M(2209M) 1.091ms
[6.151s][info][safepoint] Leaving safepoint region
[6.151s][info][safepoint] Total time for which application threads were stopped: 0.0020370 seconds, Stopping threads took: 0.0002776 seconds
[6.185s][info][safepoint] Application time: 0.0332195 seconds
[6.185s][info][safepoint] Entering safepoint region: GenCollectForAllocation
[6.186s][info][gc       ] GC(109) Pause Young (Allocation Failure) 2194M->2088M(2209M) 1.179ms
[6.187s][info][safepoint] Leaving safepoint region
[6.187s][info][safepoint] Total time for which application threads were stopped: 0.0022278 seconds, Stopping threads took: 0.0002953 seconds
[6.221s][info][safepoint] Application time: 0.0329036 seconds
[6.221s][info][safepoint] Entering safepoint region: GenCollectForAllocation
[6.223s][info][gc       ] GC(110) Pause Young (Allocation Failure) 2194M->2088M(2209M) 1.341ms
[6.223s][info][safepoint] Leaving safepoint region
[6.223s][info][safepoint] Total time for which application threads were stopped: 0.0023034 seconds, Stopping threads took: 0.0003820 seconds
[6.258s][info][safepoint] Application time: 0.0343894 seconds
[6.258s][info][safepoint] Entering safepoint region: GenCollectForAllocation
[6.260s][info][gc       ] GC(111) Pause Young (Allocation Failure) 2194M->2088M(2209M) 1.421ms
[6.260s][info][safepoint] Leaving safepoint region
[6.261s][info][safepoint] Total time for which application threads were stopped: 0.0023571 seconds, Stopping threads took: 0.0003925 seconds
[6.294s][info][safepoint] Application time: 0.0330400 seconds
[6.294s][info][safepoint] Entering safepoint region: GenCollectForAllocation
[6.296s][info][gc       ] GC(112) Pause Young (Allocation Failure) 2194M->2088M(2209M) 1.103ms
[6.296s][info][safepoint] Leaving safepoint region
[6.296s][info][safepoint] Total time for which application threads were stopped: 0.0020618 seconds, Stopping threads took: 0.0002175 seconds
[6.329s][info][safepoint] Application time: 0.0325926 seconds
[6.330s][info][safepoint] Entering safepoint region: GenCollectForAllocation
[6.331s][info][gc       ] GC(113) Pause Young (Allocation Failure) 2194M->2088M(2209M) 1.494ms
[6.332s][info][safepoint] Leaving safepoint region
[6.332s][info][safepoint] Total time for which application threads were stopped: 0.0025984 seconds, Stopping threads took: 0.0003113 seconds
[6.366s][info][safepoint] Application time: 0.0337206 seconds
[6.366s][info][safepoint] Entering safepoint region: GenCollectForAllocation
[6.368s][info][gc       ] GC(114) Pause Young (Allocation Failure) 2194M->2088M(2209M) 1.035ms
[6.368s][info][safepoint] Leaving safepoint region
[6.369s][info][safepoint] Total time for which application threads were stopped: 0.0021343 seconds, Stopping threads took: 0.0003071 seconds
[6.402s][info][safepoint] Application time: 0.0332118 seconds
[6.403s][info][safepoint] Entering safepoint region: GenCollectForAllocation
[6.404s][info][gc       ] GC(115) Pause Young (Allocation Failure) 2194M->2088M(2209M) 1.380ms
[6.405s][info][safepoint] Leaving safepoint region
[6.405s][info][safepoint] Total time for which application threads were stopped: 0.0024145 seconds, Stopping threads took: 0.0002800 seconds
[6.438s][info][safepoint] Application time: 0.0329231 seconds
[6.439s][info][safepoint] Entering safepoint region: GenCollectForAllocation
[6.440s][info][gc       ] GC(116) Pause Young (Allocation Failure) 2194M->2088M(2209M) 1.388ms
[6.441s][info][safepoint] Leaving safepoint region
[6.441s][info][safepoint] Total time for which application threads were stopped: 0.0022801 seconds, Stopping threads took: 0.0002456 seconds
[6.475s][info][safepoint] Application time: 0.0334361 seconds
[6.475s][info][safepoint] Entering safepoint region: GenCollectForAllocation
[6.477s][info][gc       ] GC(117) Pause Young (Allocation Failure) 2194M->2088M(2209M) 1.412ms
[6.477s][info][safepoint] Leaving safepoint region
[6.477s][info][safepoint] Total time for which application threads were stopped: 0.0023056 seconds, Stopping threads took: 0.0001889 seconds
[6.511s][info][safepoint] Application time: 0.0332842 seconds
[6.511s][info][safepoint] Entering safepoint region: GenCollectForAllocation
[6.513s][info][gc       ] GC(118) Pause Young (Allocation Failure) 2194M->2088M(2209M) 1.394ms
[6.513s][info][safepoint] Leaving safepoint region
[6.514s][info][safepoint] Total time for which application threads were stopped: 0.0026657 seconds, Stopping threads took: 0.0002917 seconds
[6.548s][info][safepoint] Application time: 0.0339402 seconds
[6.549s][info][safepoint] Entering safepoint region: GenCollectForAllocation
[6.550s][info][gc       ] GC(119) Pause Young (Allocation Failure) 2194M->2088M(2209M) 1.149ms
[6.551s][info][safepoint] Leaving safepoint region
[6.551s][info][safepoint] Total time for which application threads were stopped: 0.0023086 seconds, Stopping threads took: 0.0003829 seconds
[6.590s][info][safepoint] Application time: 0.0382709 seconds
[6.590s][info][safepoint] Entering safepoint region: GenCollectForAllocation
[6.592s][info][gc       ] GC(120) Pause Young (Allocation Failure) 2194M->2088M(2209M) 1.253ms
[6.592s][info][safepoint] Leaving safepoint region
[6.593s][info][safepoint] Total time for which application threads were stopped: 0.0026382 seconds, Stopping threads took: 0.0004707 seconds
[6.635s][info][safepoint] Application time: 0.0419151 seconds
[6.635s][info][safepoint] Entering safepoint region: GenCollectForAllocation
[6.637s][info][gc       ] GC(121) Pause Young (Allocation Failure) 2194M->2088M(2209M) 1.357ms
[6.638s][info][safepoint] Leaving safepoint region
[6.638s][info][safepoint] Total time for which application threads were stopped: 0.0025602 seconds, Stopping threads took: 0.0003291 seconds
[6.673s][info][safepoint] Application time: 0.0345775 seconds
[6.673s][info][safepoint] Entering safepoint region: GenCollectForAllocation
[6.675s][info][gc       ] GC(122) Pause Young (Allocation Failure) 2194M->2088M(2209M) 1.414ms
[6.676s][info][safepoint] Leaving safepoint region
[6.676s][info][safepoint] Total time for which application threads were stopped: 0.0027361 seconds, Stopping threads took: 0.0003284 seconds
[6.711s][info][safepoint] Application time: 0.0345081 seconds
[6.711s][info][safepoint] Entering safepoint region: GenCollectForAllocation
[6.713s][info][gc       ] GC(123) Pause Young (Allocation Failure) 2194M->2088M(2209M) 1.175ms
[6.713s][info][safepoint] Leaving safepoint region
[6.715s][info][safepoint] Total time for which application threads were stopped: 0.0040912 seconds, Stopping threads took: 0.0003953 seconds
[6.750s][info][safepoint] Application time: 0.0347352 seconds
[6.751s][info][safepoint] Entering safepoint region: GenCollectForAllocation
[6.753s][info][gc       ] GC(124) Pause Young (Allocation Failure) 2194M->2088M(2209M) 1.252ms
[6.753s][info][safepoint] Leaving safepoint region
[6.753s][info][safepoint] Total time for which application threads were stopped: 0.0025245 seconds, Stopping threads took: 0.0004510 seconds
[6.788s][info][safepoint] Application time: 0.0347198 seconds
[6.789s][info][safepoint] Entering safepoint region: GenCollectForAllocation
[6.791s][info][gc       ] GC(125) Pause Young (Allocation Failure) 2194M->2088M(2209M) 1.679ms
[6.792s][info][safepoint] Leaving safepoint region
[6.792s][info][safepoint] Total time for which application threads were stopped: 0.0030786 seconds, Stopping threads took: 0.0004830 seconds
[6.827s][info][safepoint] Application time: 0.0345251 seconds
[6.827s][info][safepoint] Entering safepoint region: GenCollectForAllocation
[6.829s][info][gc       ] GC(126) Pause Young (Allocation Failure) 2194M->2088M(2209M) 1.400ms
[6.829s][info][safepoint] Leaving safepoint region
[6.830s][info][safepoint] Total time for which application threads were stopped: 0.0026059 seconds, Stopping threads took: 0.0003684 seconds
[6.864s][info][safepoint] Application time: 0.0341913 seconds
[6.865s][info][safepoint] Entering safepoint region: GenCollectForAllocation
[6.867s][info][gc       ] GC(127) Pause Young (Allocation Failure) 2194M->2088M(2209M) 1.351ms
[6.867s][info][safepoint] Leaving safepoint region
[6.868s][info][safepoint] Total time for which application threads were stopped: 0.0027486 seconds, Stopping threads took: 0.0004147 seconds
[6.902s][info][safepoint] Application time: 0.0344326 seconds
[6.903s][info][safepoint] Entering safepoint region: GenCollectForAllocation
[6.904s][info][gc       ] GC(128) Pause Young (Allocation Failure) 2194M->2088M(2209M) 1.141ms
[6.905s][info][safepoint] Leaving safepoint region
[6.905s][info][safepoint] Total time for which application threads were stopped: 0.0023498 seconds, Stopping threads took: 0.0003468 seconds
[6.940s][info][safepoint] Application time: 0.0347258 seconds
[6.941s][info][safepoint] Entering safepoint region: GenCollectForAllocation
[6.942s][info][gc       ] GC(129) Pause Young (Allocation Failure) 2194M->2088M(2209M) 1.078ms
[6.943s][info][safepoint] Leaving safepoint region
[6.943s][info][safepoint] Total time for which application threads were stopped: 0.0023312 seconds, Stopping threads took: 0.0004212 seconds
[6.978s][info][safepoint] Application time: 0.0343536 seconds
[6.978s][info][safepoint] Entering safepoint region: GenCollectForAllocation
[6.980s][info][gc       ] GC(130) Pause Young (Allocation Failure) 2194M->2088M(2209M) 1.063ms
[6.980s][info][safepoint] Leaving safepoint region
[6.981s][info][safepoint] Total time for which application threads were stopped: 0.0024159 seconds, Stopping threads took: 0.0003884 seconds
[7.016s][info][safepoint] Application time: 0.0346853 seconds
[7.016s][info][safepoint] Entering safepoint region: GenCollectForAllocation
[7.018s][info][gc       ] GC(131) Pause Young (Allocation Failure) 2194M->2088M(2209M) 1.401ms
[7.018s][info][safepoint] Leaving safepoint region
[7.019s][info][safepoint] Total time for which application threads were stopped: 0.0026441 seconds, Stopping threads took: 0.0003621 seconds
[7.051s][info][safepoint] Application time: 0.0320732 seconds
[7.052s][info][safepoint] Entering safepoint region: GenCollectForAllocation
[7.053s][info][gc       ] GC(132) Pause Young (Allocation Failure) 2194M->2088M(2209M) 0.968ms
[7.053s][info][safepoint] Leaving safepoint region
[7.054s][info][safepoint] Total time for which application threads were stopped: 0.0021434 seconds, Stopping threads took: 0.0003912 seconds
[7.088s][info][safepoint] Application time: 0.0333708 seconds
[7.088s][info][safepoint] Entering safepoint region: GenCollectForAllocation
[7.090s][info][gc       ] GC(133) Pause Young (Allocation Failure) 2194M->2088M(2209M) 1.087ms
[7.090s][info][safepoint] Leaving safepoint region
[7.090s][info][safepoint] Total time for which application threads were stopped: 0.0020642 seconds, Stopping threads took: 0.0003406 seconds
[7.125s][info][safepoint] Application time: 0.0350558 seconds
[7.126s][info][safepoint] Entering safepoint region: GenCollectForAllocation
[7.128s][info][gc       ] GC(134) Pause Young (Allocation Failure) 2194M->2088M(2209M) 1.492ms
[7.128s][info][safepoint] Leaving safepoint region
[7.128s][info][safepoint] Total time for which application threads were stopped: 0.0026821 seconds, Stopping threads took: 0.0005031 seconds
[7.164s][info][safepoint] Application time: 0.0348782 seconds
[7.164s][info][safepoint] Entering safepoint region: GenCollectForAllocation
[7.166s][info][gc       ] GC(135) Pause Young (Allocation Failure) 2194M->2088M(2209M) 1.432ms
[7.166s][info][safepoint] Leaving safepoint region
[7.166s][info][safepoint] Total time for which application threads were stopped: 0.0024547 seconds, Stopping threads took: 0.0003502 seconds
[7.202s][info][safepoint] Application time: 0.0350731 seconds
[7.202s][info][safepoint] Entering safepoint region: GenCollectForAllocation
[7.204s][info][gc       ] GC(136) Pause Young (Allocation Failure) 2194M->2088M(2209M) 1.433ms
[7.204s][info][safepoint] Leaving safepoint region
[7.204s][info][safepoint] Total time for which application threads were stopped: 0.0023017 seconds, Stopping threads took: 0.0003245 seconds
[7.240s][info][safepoint] Application time: 0.0351812 seconds
[7.240s][info][safepoint] Entering safepoint region: GenCollectForAllocation
[7.242s][info][gc       ] GC(137) Pause Young (Allocation Failure) 2194M->2088M(2209M) 1.146ms
[7.242s][info][safepoint] Leaving safepoint region
[7.242s][info][safepoint] Total time for which application threads were stopped: 0.0022490 seconds, Stopping threads took: 0.0003481 seconds
[7.278s][info][safepoint] Application time: 0.0350462 seconds
[7.278s][info][safepoint] Entering safepoint region: GenCollectForAllocation
[7.280s][info][gc       ] GC(138) Pause Young (Allocation Failure) 2194M->2088M(2209M) 1.271ms
[7.280s][info][safepoint] Leaving safepoint region
[7.280s][info][safepoint] Total time for which application threads were stopped: 0.0017368 seconds, Stopping threads took: 0.0001999 seconds
[7.315s][info][safepoint] Application time: 0.0355883 seconds
[7.316s][info][safepoint] Entering safepoint region: GenCollectForAllocation
[7.317s][info][gc       ] GC(139) Pause Young (Allocation Failure) 2194M->2088M(2209M) 1.255ms
[7.317s][info][safepoint] Leaving safepoint region
[7.318s][info][safepoint] Total time for which application threads were stopped: 0.0017120 seconds, Stopping threads took: 0.0001249 seconds
[7.356s][info][safepoint] Application time: 0.0383671 seconds
[7.356s][info][safepoint] Entering safepoint region: GenCollectForAllocation
[7.358s][info][gc       ] GC(140) Pause Young (Allocation Failure) 2194M->2088M(2209M) 1.272ms
[7.358s][info][safepoint] Leaving safepoint region
[7.359s][info][safepoint] Total time for which application threads were stopped: 0.0021170 seconds, Stopping threads took: 0.0002588 seconds
[7.395s][info][safepoint] Application time: 0.0362003 seconds
[7.395s][info][safepoint] Entering safepoint region: GenCollectForAllocation
[7.397s][info][gc       ] GC(141) Pause Young (Allocation Failure) 2194M->2088M(2209M) 1.288ms
[7.397s][info][safepoint] Leaving safepoint region
[7.397s][info][safepoint] Total time for which application threads were stopped: 0.0017320 seconds, Stopping threads took: 0.0000806 seconds
[7.438s][info][safepoint] Application time: 0.0409305 seconds
[7.438s][info][safepoint] Entering safepoint region: GenCollectForAllocation
[7.440s][info][gc       ] GC(142) Pause Young (Allocation Failure) 2194M->2088M(2209M) 1.411ms
[7.440s][info][safepoint] Leaving safepoint region
[7.440s][info][safepoint] Total time for which application threads were stopped: 0.0019444 seconds, Stopping threads took: 0.0001123 seconds
[7.484s][info][safepoint] Application time: 0.0438031 seconds
[7.484s][info][safepoint] Entering safepoint region: GenCollectForAllocation
[7.486s][info][gc       ] GC(143) Pause Young (Allocation Failure) 2194M->2088M(2209M) 1.541ms
[7.486s][info][safepoint] Leaving safepoint region
[7.486s][info][safepoint] Total time for which application threads were stopped: 0.0020165 seconds, Stopping threads took: 0.0001576 seconds
[7.525s][info][safepoint] Application time: 0.0389661 seconds
[7.526s][info][safepoint] Entering safepoint region: GenCollectForAllocation
[7.527s][info][gc       ] GC(144) Pause Young (Allocation Failure) 2194M->2088M(2209M) 1.290ms
[7.527s][info][safepoint] Leaving safepoint region
[7.527s][info][safepoint] Total time for which application threads were stopped: 0.0017098 seconds, Stopping threads took: 0.0001368 seconds
[7.566s][info][safepoint] Application time: 0.0385505 seconds
[7.566s][info][safepoint] Entering safepoint region: GenCollectForAllocation
[7.568s][info][gc       ] GC(145) Pause Young (Allocation Failure) 2194M->2088M(2209M) 1.248ms
[7.568s][info][safepoint] Leaving safepoint region
[7.568s][info][safepoint] Total time for which application threads were stopped: 0.0016200 seconds, Stopping threads took: 0.0001011 seconds
[7.608s][info][safepoint] Application time: 0.0398457 seconds
[7.608s][info][safepoint] Entering safepoint region: GenCollectForAllocation
[7.610s][info][gc       ] GC(146) Pause Young (Allocation Failure) 2194M->2088M(2209M) 1.396ms
[7.610s][info][safepoint] Leaving safepoint region
[7.610s][info][safepoint] Total time for which application threads were stopped: 0.0018045 seconds, Stopping threads took: 0.0001298 seconds
[7.648s][info][safepoint] Application time: 0.0383687 seconds
[7.649s][info][safepoint] Entering safepoint region: GenCollectForAllocation
[7.650s][info][gc       ] GC(147) Pause Young (Allocation Failure) 2194M->2088M(2209M) 1.286ms
[7.650s][info][safepoint] Leaving safepoint region
[7.650s][info][safepoint] Total time for which application threads were stopped: 0.0016538 seconds, Stopping threads took: 0.0000798 seconds
[7.689s][info][safepoint] Application time: 0.0384249 seconds
[7.689s][info][safepoint] Entering safepoint region: GenCollectForAllocation
[7.690s][info][gc       ] GC(148) Pause Young (Allocation Failure) 2194M->2088M(2209M) 1.300ms
[7.691s][info][safepoint] Leaving safepoint region
[7.691s][info][safepoint] Total time for which application threads were stopped: 0.0017959 seconds, Stopping threads took: 0.0001284 seconds
[7.728s][info][safepoint] Application time: 0.0374201 seconds
[7.729s][info][safepoint] Entering safepoint region: GenCollectForAllocation
[7.730s][info][gc       ] GC(149) Pause Young (Allocation Failure) 2194M->2088M(2209M) 1.277ms
[7.730s][info][safepoint] Leaving safepoint region
[7.731s][info][safepoint] Total time for which application threads were stopped: 0.0019324 seconds, Stopping threads took: 0.0002573 seconds
[7.766s][info][safepoint] Application time: 0.0353832 seconds
[7.766s][info][safepoint] Entering safepoint region: GenCollectForAllocation
[7.769s][info][gc       ] GC(150) Pause Young (Allocation Failure) 2194M->2088M(2209M) 1.704ms
[7.769s][info][safepoint] Leaving safepoint region
[7.769s][info][safepoint] Total time for which application threads were stopped: 0.0028854 seconds, Stopping threads took: 0.0003888 seconds
[7.805s][info][safepoint] Application time: 0.0356277 seconds
[7.806s][info][safepoint] Entering safepoint region: GenCollectForAllocation
[7.807s][info][gc       ] GC(151) Pause Young (Allocation Failure) 2194M->2088M(2209M) 1.047ms
[7.807s][info][safepoint] Leaving safepoint region
[7.808s][info][safepoint] Total time for which application threads were stopped: 0.0022092 seconds, Stopping threads took: 0.0003917 seconds
[7.844s][info][safepoint] Application time: 0.0358011 seconds
[7.845s][info][safepoint] Entering safepoint region: GenCollectForAllocation
[7.846s][info][gc       ] GC(152) Pause Young (Allocation Failure) 2194M->2088M(2209M) 1.151ms
[7.847s][info][safepoint] Leaving safepoint region
[7.847s][info][safepoint] Total time for which application threads were stopped: 0.0025394 seconds, Stopping threads took: 0.0004483 seconds
[7.883s][info][safepoint] Application time: 0.0354786 seconds
[7.884s][info][safepoint] Entering safepoint region: GenCollectForAllocation
[7.885s][info][gc       ] GC(153) Pause Young (Allocation Failure) 2194M->2088M(2209M) 1.470ms
[7.886s][info][safepoint] Leaving safepoint region
[7.886s][info][safepoint] Total time for which application threads were stopped: 0.0023540 seconds, Stopping threads took: 0.0003836 seconds
[7.922s][info][safepoint] Application time: 0.0356348 seconds
[7.922s][info][safepoint] Entering safepoint region: GenCollectForAllocation
[7.924s][info][gc       ] GC(154) Pause Young (Allocation Failure) 2194M->2088M(2209M) 1.260ms
[7.924s][info][safepoint] Leaving safepoint region
[7.925s][info][safepoint] Total time for which application threads were stopped: 0.0026435 seconds, Stopping threads took: 0.0004689 seconds
[7.960s][info][safepoint] Application time: 0.0349100 seconds
[7.961s][info][safepoint] Entering safepoint region: GenCollectForAllocation
[7.963s][info][gc       ] GC(155) Pause Young (Allocation Failure) 2194M->2088M(2209M) 1.403ms
[7.963s][info][safepoint] Leaving safepoint region
[7.963s][info][safepoint] Total time for which application threads were stopped: 0.0026843 seconds, Stopping threads took: 0.0004013 seconds
[7.998s][info][safepoint] Application time: 0.0337840 seconds
[7.998s][info][safepoint] Entering safepoint region: GenCollectForAllocation
[7.999s][info][gc       ] GC(156) Pause Young (Allocation Failure) 2194M->2088M(2209M) 1.121ms
[8.000s][info][safepoint] Leaving safepoint region
[8.000s][info][safepoint] Total time for which application threads were stopped: 0.0021171 seconds, Stopping threads took: 0.0002395 seconds
[8.035s][info][safepoint] Application time: 0.0351021 seconds
[8.036s][info][safepoint] Entering safepoint region: GenCollectForAllocation
[8.038s][info][gc       ] GC(157) Pause Young (Allocation Failure) 2194M->2088M(2209M) 1.216ms
[8.038s][info][safepoint] Leaving safepoint region
[8.038s][info][safepoint] Total time for which application threads were stopped: 0.0024301 seconds, Stopping threads took: 0.0003702 seconds
[8.074s][info][safepoint] Application time: 0.0348191 seconds
[8.074s][info][safepoint] Entering safepoint region: GenCollectForAllocation
[8.076s][info][gc       ] GC(158) Pause Young (Allocation Failure) 2194M->2088M(2209M) 1.481ms
[8.076s][info][safepoint] Leaving safepoint region
[8.077s][info][safepoint] Total time for which application threads were stopped: 0.0026153 seconds, Stopping threads took: 0.0003858 seconds
[8.112s][info][safepoint] Application time: 0.0352650 seconds
[8.113s][info][safepoint] Entering safepoint region: GenCollectForAllocation
[8.114s][info][gc       ] GC(159) Pause Young (Allocation Failure) 2194M->2088M(2209M) 1.212ms
[8.115s][info][safepoint] Leaving safepoint region
[8.115s][info][safepoint] Total time for which application threads were stopped: 0.0025469 seconds, Stopping threads took: 0.0004366 seconds
[8.150s][info][safepoint] Application time: 0.0346548 seconds
[8.151s][info][safepoint] Entering safepoint region: GenCollectForAllocation
[8.153s][info][gc       ] GC(160) Pause Young (Allocation Failure) 2194M->2088M(2209M) 1.518ms
[8.153s][info][safepoint] Leaving safepoint region
[8.154s][info][safepoint] Total time for which application threads were stopped: 0.0029237 seconds, Stopping threads took: 0.0004590 seconds
[8.187s][info][safepoint] Application time: 0.0324669 seconds
[8.187s][info][safepoint] Entering safepoint region: GenCollectForAllocation
[8.189s][info][gc       ] GC(161) Pause Young (Allocation Failure) 2194M->2088M(2209M) 1.285ms
[8.189s][info][safepoint] Leaving safepoint region
[8.189s][info][safepoint] Total time for which application threads were stopped: 0.0022991 seconds, Stopping threads took: 0.0003170 seconds
[8.223s][info][safepoint] Application time: 0.0332981 seconds
[8.223s][info][safepoint] Entering safepoint region: GenCollectForAllocation
[8.225s][info][gc       ] GC(162) Pause Young (Allocation Failure) 2194M->2088M(2209M) 1.403ms
[8.226s][info][safepoint] Leaving safepoint region
[8.226s][info][safepoint] Total time for which application threads were stopped: 0.0027484 seconds, Stopping threads took: 0.0004219 seconds
[8.261s][info][safepoint] Application time: 0.0348109 seconds
[8.262s][info][safepoint] Entering safepoint region: GenCollectForAllocation
[8.263s][info][gc       ] GC(163) Pause Young (Allocation Failure) 2194M->2088M(2209M) 1.469ms
[8.264s][info][safepoint] Leaving safepoint region
[8.264s][info][safepoint] Total time for which application threads were stopped: 0.0023102 seconds, Stopping threads took: 0.0003004 seconds
[8.300s][info][safepoint] Application time: 0.0355746 seconds
[8.300s][info][safepoint] Entering safepoint region: GenCollectForAllocation
[8.302s][info][gc       ] GC(164) Pause Young (Allocation Failure) 2194M->2088M(2209M) 1.612ms
[8.302s][info][safepoint] Leaving safepoint region
[8.303s][info][safepoint] Total time for which application threads were stopped: 0.0026355 seconds, Stopping threads took: 0.0002699 seconds
[8.338s][info][safepoint] Application time: 0.0352667 seconds
[8.339s][info][safepoint] Entering safepoint region: GenCollectForAllocation
[8.340s][info][gc       ] GC(165) Pause Young (Allocation Failure) 2194M->2088M(2209M) 0.982ms
[8.340s][info][safepoint] Leaving safepoint region
[8.341s][info][safepoint] Total time for which application threads were stopped: 0.0020884 seconds, Stopping threads took: 0.0003376 seconds
[8.343s][info][gc       ] GC(2) Concurrent Abortable Preclean 5013.623ms
[8.343s][info][safepoint] Application time: 0.0021534 seconds
[8.344s][info][safepoint] Entering safepoint region: CMS_Final_Remark
[8.345s][info][gc       ] GC(2) Pause Remark 2096M->2096M(2209M) 1.289ms
[8.345s][info][safepoint] Leaving safepoint region
[8.346s][info][safepoint] Total time for which application threads were stopped: 0.0020666 seconds, Stopping threads took: 0.0004025 seconds
[8.346s][info][gc       ] GC(2) Concurrent Sweep
[8.378s][info][safepoint] Application time: 0.0325344 seconds
[8.379s][info][safepoint] Entering safepoint region: GenCollectForAllocation
[8.380s][info][gc       ] GC(166) Pause Young (Allocation Failure) 2194M->2088M(2209M) 1.212ms
[8.381s][info][safepoint] Leaving safepoint region
[8.381s][info][safepoint] Total time for which application threads were stopped: 0.0023574 seconds, Stopping threads took: 0.0003922 seconds
[8.398s][info][gc       ] GC(2) Concurrent Sweep 51.998ms
[8.399s][info][gc       ] GC(2) Concurrent Reset
[8.410s][info][gc       ] GC(2) Concurrent Reset 10.466ms
[8.417s][info][safepoint] Application time: 0.0361458 seconds
[8.418s][info][safepoint] Entering safepoint region: GenCollectForAllocation
[8.421s][info][gc       ] GC(167) Pause Young (Allocation Failure) 2194M->2088M(3599M) 2.342ms
[8.421s][info][safepoint] Leaving safepoint region
[8.421s][info][safepoint] Total time for which application threads were stopped: 0.0035443 seconds, Stopping threads took: 0.0003260 seconds
[8.457s][info][safepoint] Application time: 0.0347545 seconds
[8.457s][info][safepoint] Entering safepoint region: GenCollectForAllocation
[8.460s][info][gc       ] GC(168) Pause Young (Allocation Failure) 2194M->2088M(3599M) 2.710ms
[8.460s][info][safepoint] Leaving safepoint region
[8.461s][info][safepoint] Total time for which application threads were stopped: 0.0036894 seconds, Stopping threads took: 0.0003844 seconds
[8.494s][info][safepoint] Application time: 0.0334427 seconds
[8.495s][info][safepoint] Entering safepoint region: GenCollectForAllocation
[8.497s][info][gc       ] GC(169) Pause Young (Allocation Failure) 2194M->2088M(3599M) 1.644ms
[8.497s][info][safepoint] Leaving safepoint region
[8.497s][info][safepoint] Total time for which application threads were stopped: 0.0025215 seconds, Stopping threads took: 0.0002989 seconds
[8.531s][info][safepoint] Application time: 0.0337711 seconds
[8.532s][info][safepoint] Entering safepoint region: GenCollectForAllocation
[8.534s][info][gc       ] GC(170) Pause Young (Allocation Failure) 2194M->2088M(3599M) 1.924ms
[8.534s][info][safepoint] Leaving safepoint region
[8.534s][info][safepoint] Total time for which application threads were stopped: 0.0028296 seconds, Stopping threads took: 0.0002851 seconds
[8.570s][info][safepoint] Application time: 0.0351253 seconds
[8.570s][info][safepoint] Entering safepoint region: GenCollectForAllocation
[8.572s][info][gc       ] GC(171) Pause Young (Allocation Failure) 2194M->2088M(3599M) 1.595ms
[8.572s][info][safepoint] Leaving safepoint region
[8.572s][info][safepoint] Total time for which application threads were stopped: 0.0024322 seconds, Stopping threads took: 0.0002424 seconds
[8.608s][info][safepoint] Application time: 0.0353531 seconds
[8.608s][info][safepoint] Entering safepoint region: GenCollectForAllocation
[8.610s][info][gc       ] GC(172) Pause Young (Allocation Failure) 2194M->2088M(3599M) 1.594ms
[8.611s][info][safepoint] Leaving safepoint region
[8.611s][info][safepoint] Total time for which application threads were stopped: 0.0025385 seconds, Stopping threads took: 0.0003273 seconds
[8.646s][info][safepoint] Application time: 0.0346973 seconds
[8.646s][info][safepoint] Entering safepoint region: GenCollectForAllocation
[8.648s][info][gc       ] GC(173) Pause Young (Allocation Failure) 2194M->2088M(3599M) 1.874ms
[8.649s][info][safepoint] Leaving safepoint region
[8.649s][info][safepoint] Total time for which application threads were stopped: 0.0030326 seconds, Stopping threads took: 0.0003143 seconds
[8.684s][info][safepoint] Application time: 0.0345860 seconds
[8.685s][info][safepoint] Entering safepoint region: GenCollectForAllocation
[8.687s][info][gc       ] GC(174) Pause Young (Allocation Failure) 2194M->2088M(3599M) 1.950ms
[8.687s][info][safepoint] Leaving safepoint region
[8.688s][info][safepoint] Total time for which application threads were stopped: 0.0029919 seconds, Stopping threads took: 0.0003213 seconds
[8.723s][info][safepoint] Application time: 0.0346937 seconds
[8.723s][info][safepoint] Entering safepoint region: GenCollectForAllocation
[8.725s][info][gc       ] GC(175) Pause Young (Allocation Failure) 2194M->2088M(3599M) 1.912ms
[8.726s][info][safepoint] Leaving safepoint region
[8.726s][info][safepoint] Total time for which application threads were stopped: 0.0030739 seconds, Stopping threads took: 0.0002926 seconds
[8.761s][info][safepoint] Application time: 0.0352135 seconds
[8.762s][info][safepoint] Entering safepoint region: GenCollectForAllocation
[8.764s][info][gc       ] GC(176) Pause Young (Allocation Failure) 2194M->2088M(3599M) 2.158ms
[8.765s][info][safepoint] Leaving safepoint region
[8.765s][info][safepoint] Total time for which application threads were stopped: 0.0032584 seconds, Stopping threads took: 0.0004203 seconds
[8.800s][info][safepoint] Application time: 0.0346114 seconds
[8.800s][info][safepoint] Entering safepoint region: GenCollectForAllocation
[8.802s][info][gc       ] GC(177) Pause Young (Allocation Failure) 2194M->2088M(3599M) 1.746ms
[8.803s][info][safepoint] Leaving safepoint region
[8.803s][info][safepoint] Total time for which application threads were stopped: 0.0025723 seconds, Stopping threads took: 0.0003137 seconds
[8.838s][info][safepoint] Application time: 0.0351483 seconds
[8.838s][info][safepoint] Entering safepoint region: GenCollectForAllocation
[8.841s][info][gc       ] GC(178) Pause Young (Allocation Failure) 2194M->2088M(3599M) 1.937ms
[8.841s][info][safepoint] Leaving safepoint region
[8.841s][info][safepoint] Total time for which application threads were stopped: 0.0028354 seconds, Stopping threads took: 0.0002299 seconds
[8.877s][info][safepoint] Application time: 0.0354670 seconds
[8.877s][info][safepoint] Entering safepoint region: GenCollectForAllocation
[8.880s][info][gc       ] GC(179) Pause Young (Allocation Failure) 2194M->2088M(3599M) 2.029ms
[8.880s][info][safepoint] Leaving safepoint region
[8.881s][info][safepoint] Total time for which application threads were stopped: 0.0032071 seconds, Stopping threads took: 0.0003913 seconds
[8.916s][info][safepoint] Application time: 0.0354962 seconds
[8.917s][info][safepoint] Entering safepoint region: GenCollectForAllocation
[8.919s][info][gc       ] GC(180) Pause Young (Allocation Failure) 2194M->2088M(3599M) 2.037ms
[8.919s][info][safepoint] Leaving safepoint region
[8.919s][info][safepoint] Total time for which application threads were stopped: 0.0026593 seconds, Stopping threads took: 0.0002252 seconds
[8.955s][info][safepoint] Application time: 0.0354221 seconds
[8.955s][info][safepoint] Entering safepoint region: GenCollectForAllocation
[8.957s][info][gc       ] GC(181) Pause Young (Allocation Failure) 2194M->2088M(3599M) 1.987ms
[8.958s][info][safepoint] Leaving safepoint region
[8.958s][info][safepoint] Total time for which application threads were stopped: 0.0028564 seconds, Stopping threads took: 0.0002403 seconds
[8.993s][info][safepoint] Application time: 0.0351297 seconds
[8.994s][info][safepoint] Entering safepoint region: GenCollectForAllocation
[8.996s][info][gc       ] GC(182) Pause Young (Allocation Failure) 2194M->2088M(3599M) 1.775ms
[8.996s][info][safepoint] Leaving safepoint region
[8.997s][info][safepoint] Total time for which application threads were stopped: 0.0028297 seconds, Stopping threads took: 0.0003908 seconds
[9.032s][info][safepoint] Application time: 0.0347213 seconds
[9.032s][info][safepoint] Entering safepoint region: GenCollectForAllocation
[9.034s][info][gc       ] GC(183) Pause Young (Allocation Failure) 2194M->2088M(3599M) 1.554ms
[9.034s][info][safepoint] Leaving safepoint region
[9.034s][info][safepoint] Total time for which application threads were stopped: 0.0023711 seconds, Stopping threads took: 0.0001909 seconds
[9.069s][info][safepoint] Application time: 0.0347872 seconds
[9.070s][info][safepoint] Entering safepoint region: GenCollectForAllocation
[9.072s][info][gc       ] GC(184) Pause Young (Allocation Failure) 2194M->2088M(3599M) 1.614ms
[9.072s][info][safepoint] Leaving safepoint region
[9.072s][info][safepoint] Total time for which application threads were stopped: 0.0023627 seconds, Stopping threads took: 0.0002984 seconds
[9.107s][info][safepoint] Application time: 0.0349345 seconds
[9.107s][info][safepoint] Entering safepoint region: GenCollectForAllocation
[9.110s][info][gc       ] GC(185) Pause Young (Allocation Failure) 2194M->2088M(3599M) 2.100ms
[9.110s][info][safepoint] Leaving safepoint region
[9.110s][info][safepoint] Total time for which application threads were stopped: 0.0029705 seconds, Stopping threads took: 0.0002670 seconds
[9.145s][info][safepoint] Application time: 0.0346847 seconds
[9.146s][info][safepoint] Entering safepoint region: GenCollectForAllocation
[9.148s][info][gc       ] GC(186) Pause Young (Allocation Failure) 2194M->2088M(3599M) 2.039ms
[9.148s][info][safepoint] Leaving safepoint region
[9.149s][info][safepoint] Total time for which application threads were stopped: 0.0029034 seconds, Stopping threads took: 0.0002836 seconds
[9.183s][info][safepoint] Application time: 0.0345801 seconds
[9.184s][info][safepoint] Entering safepoint region: GenCollectForAllocation
[9.186s][info][gc       ] GC(187) Pause Young (Allocation Failure) 2194M->2088M(3599M) 1.956ms
[9.186s][info][safepoint] Leaving safepoint region
[9.186s][info][safepoint] Total time for which application threads were stopped: 0.0028781 seconds, Stopping threads took: 0.0002349 seconds
[9.221s][info][safepoint] Application time: 0.0346203 seconds
[9.222s][info][safepoint] Entering safepoint region: GenCollectForAllocation
[9.224s][info][gc       ] GC(188) Pause Young (Allocation Failure) 2194M->2088M(3599M) 2.037ms
[9.224s][info][safepoint] Leaving safepoint region
[9.225s][info][safepoint] Total time for which application threads were stopped: 0.0029038 seconds, Stopping threads took: 0.0002328 seconds
[9.260s][info][safepoint] Application time: 0.0352483 seconds
[9.260s][info][safepoint] Entering safepoint region: GenCollectForAllocation
[9.263s][info][gc       ] GC(189) Pause Young (Allocation Failure) 2194M->2088M(3599M) 2.105ms
[9.263s][info][safepoint] Leaving safepoint region
[9.263s][info][safepoint] Total time for which application threads were stopped: 0.0030502 seconds, Stopping threads took: 0.0002961 seconds
[9.298s][info][safepoint] Application time: 0.0348120 seconds
[9.299s][info][safepoint] Entering safepoint region: GenCollectForAllocation
[9.301s][info][gc       ] GC(190) Pause Young (Allocation Failure) 2194M->2088M(3599M) 2.012ms
[9.301s][info][safepoint] Leaving safepoint region
[9.302s][info][safepoint] Total time for which application threads were stopped: 0.0028835 seconds, Stopping threads took: 0.0002117 seconds
[9.337s][info][safepoint] Application time: 0.0349743 seconds
[9.337s][info][safepoint] Entering safepoint region: GenCollectForAllocation
[9.340s][info][gc       ] GC(191) Pause Young (Allocation Failure) 2194M->2088M(3599M) 1.959ms
[9.340s][info][safepoint] Leaving safepoint region
[9.340s][info][safepoint] Total time for which application threads were stopped: 0.0030526 seconds, Stopping threads took: 0.0003963 seconds
[9.375s][info][safepoint] Application time: 0.0344638 seconds
[9.376s][info][safepoint] Entering safepoint region: GenCollectForAllocation
[9.378s][info][gc       ] GC(192) Pause Young (Allocation Failure) 2194M->2088M(3599M) 1.618ms
[9.378s][info][safepoint] Leaving safepoint region
[9.378s][info][safepoint] Total time for which application threads were stopped: 0.0025439 seconds, Stopping threads took: 0.0002961 seconds
[9.413s][info][safepoint] Application time: 0.0347917 seconds
[9.414s][info][safepoint] Entering safepoint region: GenCollectForAllocation
[9.416s][info][gc       ] GC(193) Pause Young (Allocation Failure) 2194M->2088M(3599M) 2.033ms
[9.416s][info][safepoint] Leaving safepoint region
[9.417s][info][safepoint] Total time for which application threads were stopped: 0.0031135 seconds, Stopping threads took: 0.0003399 seconds
[9.453s][info][safepoint] Application time: 0.0359559 seconds
[9.454s][info][safepoint] Entering safepoint region: GenCollectForAllocation
[9.455s][info][gc       ] GC(194) Pause Young (Allocation Failure) 2194M->2088M(3599M) 1.620ms
[9.456s][info][safepoint] Leaving safepoint region
[9.456s][info][safepoint] Total time for which application threads were stopped: 0.0024666 seconds, Stopping threads took: 0.0002752 seconds
[9.491s][info][safepoint] Application time: 0.0349922 seconds
[9.492s][info][safepoint] Entering safepoint region: GenCollectForAllocation
[9.494s][info][gc       ] GC(195) Pause Young (Allocation Failure) 2194M->2088M(3599M) 1.626ms
[9.494s][info][safepoint] Leaving safepoint region
[9.494s][info][safepoint] Total time for which application threads were stopped: 0.0028076 seconds, Stopping threads took: 0.0004632 seconds
[9.530s][info][safepoint] Application time: 0.0349050 seconds
[9.530s][info][safepoint] Entering safepoint region: GenCollectForAllocation
[9.532s][info][gc       ] GC(196) Pause Young (Allocation Failure) 2194M->2088M(3599M) 1.958ms
[9.533s][info][safepoint] Leaving safepoint region
[9.533s][info][safepoint] Total time for which application threads were stopped: 0.0030332 seconds, Stopping threads took: 0.0003768 seconds
[9.568s][info][safepoint] Application time: 0.0349495 seconds
[9.568s][info][safepoint] Entering safepoint region: GenCollectForAllocation
[9.570s][info][gc       ] GC(197) Pause Young (Allocation Failure) 2194M->2088M(3599M) 1.616ms
[9.571s][info][safepoint] Leaving safepoint region
[9.571s][info][safepoint] Total time for which application threads were stopped: 0.0024891 seconds, Stopping threads took: 0.0001824 seconds
[9.606s][info][safepoint] Application time: 0.0351904 seconds
[9.607s][info][safepoint] Entering safepoint region: GenCollectForAllocation
[9.609s][info][gc       ] GC(198) Pause Young (Allocation Failure) 2194M->2088M(3599M) 1.652ms
[9.609s][info][safepoint] Leaving safepoint region
[9.609s][info][safepoint] Total time for which application threads were stopped: 0.0027632 seconds, Stopping threads took: 0.0002711 seconds
[9.645s][info][safepoint] Application time: 0.0356943 seconds
[9.646s][info][safepoint] Entering safepoint region: GenCollectForAllocation
[9.648s][info][gc       ] GC(199) Pause Young (Allocation Failure) 2194M->2088M(3599M) 1.901ms
[9.648s][info][safepoint] Leaving safepoint region
[9.649s][info][safepoint] Total time for which application threads were stopped: 0.0029744 seconds, Stopping threads took: 0.0002720 seconds
[9.685s][info][safepoint] Application time: 0.0356000 seconds
[9.685s][info][safepoint] Entering safepoint region: GenCollectForAllocation
[9.687s][info][gc       ] GC(200) Pause Young (Allocation Failure) 2194M->2088M(3599M) 1.661ms
[9.687s][info][safepoint] Leaving safepoint region
[9.687s][info][safepoint] Total time for which application threads were stopped: 0.0025443 seconds, Stopping threads took: 0.0002796 seconds
[9.723s][info][safepoint] Application time: 0.0357030 seconds
[9.724s][info][safepoint] Entering safepoint region: GenCollectForAllocation
[9.726s][info][gc       ] GC(201) Pause Young (Allocation Failure) 2194M->2088M(3599M) 2.025ms
[9.726s][info][safepoint] Leaving safepoint region
[9.726s][info][safepoint] Total time for which application threads were stopped: 0.0029521 seconds, Stopping threads took: 0.0002497 seconds
[9.762s][info][safepoint] Application time: 0.0353117 seconds
[9.762s][info][safepoint] Entering safepoint region: GenCollectForAllocation
[9.764s][info][gc       ] GC(202) Pause Young (Allocation Failure) 2194M->2088M(3599M) 1.758ms
[9.765s][info][safepoint] Leaving safepoint region
[9.765s][info][safepoint] Total time for which application threads were stopped: 0.0026845 seconds, Stopping threads took: 0.0002711 seconds
[9.801s][info][safepoint] Application time: 0.0355136 seconds
[9.801s][info][safepoint] Entering safepoint region: GenCollectForAllocation
[9.804s][info][gc       ] GC(203) Pause Young (Allocation Failure) 2194M->2088M(3599M) 1.981ms
[9.804s][info][safepoint] Leaving safepoint region
[9.804s][info][safepoint] Total time for which application threads were stopped: 0.0031026 seconds, Stopping threads took: 0.0004226 seconds
[9.840s][info][safepoint] Application time: 0.0358735 seconds
[9.841s][info][safepoint] Entering safepoint region: GenCollectForAllocation
[9.843s][info][gc       ] GC(204) Pause Young (Allocation Failure) 2194M->2088M(3599M) 2.258ms
[9.844s][info][safepoint] Leaving safepoint region
[9.844s][info][safepoint] Total time for which application threads were stopped: 0.0031526 seconds, Stopping threads took: 0.0002901 seconds
[9.879s][info][safepoint] Application time: 0.0348455 seconds
[9.879s][info][safepoint] Entering safepoint region: GenCollectForAllocation
[9.881s][info][gc       ] GC(205) Pause Young (Allocation Failure) 2194M->2088M(3599M) 2.000ms
[9.882s][info][safepoint] Leaving safepoint region
[9.882s][info][safepoint] Total time for which application threads were stopped: 0.0029678 seconds, Stopping threads took: 0.0002755 seconds
[9.915s][info][safepoint] Application time: 0.0323058 seconds
[9.915s][info][safepoint] Entering safepoint region: GenCollectForAllocation
[9.917s][info][gc       ] GC(206) Pause Young (Allocation Failure) 2194M->2088M(3599M) 1.606ms
[9.917s][info][safepoint] Leaving safepoint region
[9.918s][info][safepoint] Total time for which application threads were stopped: 0.0025982 seconds, Stopping threads took: 0.0002704 seconds
[9.951s][info][safepoint] Application time: 0.0332609 seconds
[9.951s][info][safepoint] Entering safepoint region: GenCollectForAllocation
[9.953s][info][gc       ] GC(207) Pause Young (Allocation Failure) 2194M->2088M(3599M) 1.638ms
[9.953s][info][safepoint] Leaving safepoint region
[9.954s][info][safepoint] Total time for which application threads were stopped: 0.0024364 seconds, Stopping threads took: 0.0001178 seconds
[9.988s][info][safepoint] Application time: 0.0344138 seconds
[9.989s][info][safepoint] Entering safepoint region: GenCollectForAllocation
[9.991s][info][gc       ] GC(208) Pause Young (Allocation Failure) 2194M->2088M(3599M) 1.826ms
[9.991s][info][safepoint] Leaving safepoint region
[9.991s][info][safepoint] Total time for which application threads were stopped: 0.0025882 seconds, Stopping threads took: 0.0002524 seconds
[10.026s][info][safepoint] Application time: 0.0345652 seconds
[10.026s][info][safepoint] Entering safepoint region: GenCollectForAllocation
[10.028s][info][gc       ] GC(209) Pause Young (Allocation Failure) 2194M->2088M(3599M) 1.588ms
[10.029s][info][safepoint] Leaving safepoint region
[10.029s][info][safepoint] Total time for which application threads were stopped: 0.0024455 seconds, Stopping threads took: 0.0003330 seconds
[10.061s][info][safepoint] Application time: 0.0322194 seconds
[10.061s][info][safepoint] Entering safepoint region: GenCollectForAllocation
[10.063s][info][gc       ] GC(210) Pause Young (Allocation Failure) 2194M->2088M(3599M) 1.555ms
[10.064s][info][safepoint] Leaving safepoint region
[10.064s][info][safepoint] Total time for which application threads were stopped: 0.0025355 seconds, Stopping threads took: 0.0003028 seconds
[10.097s][info][safepoint] Application time: 0.0330669 seconds
[10.098s][info][safepoint] Entering safepoint region: GenCollectForAllocation
[10.100s][info][gc       ] GC(211) Pause Young (Allocation Failure) 2194M->2088M(3599M) 2.018ms
[10.100s][info][safepoint] Leaving safepoint region
[10.101s][info][safepoint] Total time for which application threads were stopped: 0.0029368 seconds, Stopping threads took: 0.0002527 seconds
[10.135s][info][safepoint] Application time: 0.0344576 seconds
[10.135s][info][safepoint] Entering safepoint region: GenCollectForAllocation
[10.137s][info][gc       ] GC(212) Pause Young (Allocation Failure) 2194M->2088M(3599M) 1.681ms
[10.138s][info][safepoint] Leaving safepoint region
[10.138s][info][safepoint] Total time for which application threads were stopped: 0.0026187 seconds, Stopping threads took: 0.0002508 seconds
[10.173s][info][safepoint] Application time: 0.0348565 seconds
[10.173s][info][safepoint] Entering safepoint region: GenCollectForAllocation
[10.175s][info][gc       ] GC(213) Pause Young (Allocation Failure) 2194M->2088M(3599M) 1.624ms
[10.176s][info][safepoint] Leaving safepoint region
[10.176s][info][safepoint] Total time for which application threads were stopped: 0.0025631 seconds, Stopping threads took: 0.0002999 seconds
[10.211s][info][safepoint] Application time: 0.0350949 seconds
[10.212s][info][safepoint] Entering safepoint region: GenCollectForAllocation
[10.214s][info][gc       ] GC(214) Pause Young (Allocation Failure) 2194M->2088M(3599M) 1.934ms
[10.214s][info][safepoint] Leaving safepoint region
[10.215s][info][safepoint] Total time for which application threads were stopped: 0.0029093 seconds, Stopping threads took: 0.0002660 seconds
[10.249s][info][safepoint] Application time: 0.0344886 seconds
[10.250s][info][safepoint] Entering safepoint region: GenCollectForAllocation
[10.252s][info][gc       ] GC(215) Pause Young (Allocation Failure) 2194M->2088M(3599M) 1.684ms
[10.252s][info][safepoint] Leaving safepoint region
[10.252s][info][safepoint] Total time for which application threads were stopped: 0.0028292 seconds, Stopping threads took: 0.0003455 seconds
[10.287s][info][safepoint] Application time: 0.0338220 seconds
[10.287s][info][safepoint] Entering safepoint region: GenCollectForAllocation
[10.289s][info][gc       ] GC(216) Pause Young (Allocation Failure) 2194M->2088M(3599M) 1.605ms
[10.289s][info][safepoint] Leaving safepoint region
[10.289s][info][safepoint] Total time for which application threads were stopped: 0.0025356 seconds, Stopping threads took: 0.0001895 seconds
[10.325s][info][safepoint] Application time: 0.0355559 seconds
[10.326s][info][safepoint] Entering safepoint region: GenCollectForAllocation
[10.328s][info][gc       ] GC(217) Pause Young (Allocation Failure) 2194M->2088M(3599M) 2.163ms
[10.329s][info][safepoint] Leaving safepoint region
[10.329s][info][safepoint] Total time for which application threads were stopped: 0.0032454 seconds, Stopping threads took: 0.0003789 seconds
[10.364s][info][safepoint] Application time: 0.0352352 seconds
[10.365s][info][safepoint] Entering safepoint region: GenCollectForAllocation
[10.367s][info][gc       ] GC(218) Pause Young (Allocation Failure) 2194M->2088M(3599M) 1.845ms
[10.367s][info][safepoint] Leaving safepoint region
[10.367s][info][safepoint] Total time for which application threads were stopped: 0.0025913 seconds, Stopping threads took: 0.0003102 seconds
[10.402s][info][safepoint] Application time: 0.0348004 seconds
[10.403s][info][safepoint] Entering safepoint region: GenCollectForAllocation
[10.404s][info][gc       ] GC(219) Pause Young (Allocation Failure) 2194M->2088M(3599M) 1.531ms
[10.405s][info][safepoint] Leaving safepoint region
[10.405s][info][safepoint] Total time for which application threads were stopped: 0.0023777 seconds, Stopping threads took: 0.0001883 seconds
[10.440s][info][safepoint] Application time: 0.0345937 seconds
[10.440s][info][safepoint] Entering safepoint region: GenCollectForAllocation
[10.442s][info][gc       ] GC(220) Pause Young (Allocation Failure) 2194M->2088M(3599M) 1.687ms
[10.443s][info][safepoint] Leaving safepoint region
[10.443s][info][safepoint] Total time for which application threads were stopped: 0.0026196 seconds, Stopping threads took: 0.0003462 seconds
[10.479s][info][safepoint] Application time: 0.0354106 seconds
[10.479s][info][safepoint] Entering safepoint region: GenCollectForAllocation
[10.481s][info][gc       ] GC(221) Pause Young (Allocation Failure) 2194M->2088M(3599M) 1.767ms
[10.481s][info][safepoint] Leaving safepoint region
[10.482s][info][safepoint] Total time for which application threads were stopped: 0.0027762 seconds, Stopping threads took: 0.0002650 seconds
[10.517s][info][safepoint] Application time: 0.0348876 seconds
[10.517s][info][safepoint] Entering safepoint region: GenCollectForAllocation
[10.519s][info][gc       ] GC(222) Pause Young (Allocation Failure) 2194M->2088M(3599M) 2.101ms
[10.520s][info][safepoint] Leaving safepoint region
[10.520s][info][safepoint] Total time for which application threads were stopped: 0.0029173 seconds, Stopping threads took: 0.0001908 seconds
[10.555s][info][safepoint] Application time: 0.0345804 seconds
[10.555s][info][safepoint] Entering safepoint region: GenCollectForAllocation
[10.557s][info][gc       ] GC(223) Pause Young (Allocation Failure) 2194M->2088M(3599M) 1.604ms
[10.557s][info][safepoint] Leaving safepoint region
[10.558s][info][safepoint] Total time for which application threads were stopped: 0.0024278 seconds, Stopping threads took: 0.0003232 seconds
[10.592s][info][safepoint] Application time: 0.0347230 seconds
[10.593s][info][safepoint] Entering safepoint region: GenCollectForAllocation
[10.595s][info][gc       ] GC(224) Pause Young (Allocation Failure) 2194M->2088M(3599M) 1.837ms
[10.595s][info][safepoint] Leaving safepoint region
[10.595s][info][safepoint] Total time for which application threads were stopped: 0.0026009 seconds, Stopping threads took: 0.0002691 seconds
[10.630s][info][safepoint] Application time: 0.0344741 seconds
[10.630s][info][safepoint] Entering safepoint region: GenCollectForAllocation
[10.632s][info][gc       ] GC(225) Pause Young (Allocation Failure) 2194M->2088M(3599M) 1.661ms
[10.633s][info][safepoint] Leaving safepoint region
[10.633s][info][safepoint] Total time for which application threads were stopped: 0.0025965 seconds, Stopping threads took: 0.0002734 seconds
[10.668s][info][safepoint] Application time: 0.0346464 seconds
[10.668s][info][safepoint] Entering safepoint region: GenCollectForAllocation
[10.670s][info][gc       ] GC(226) Pause Young (Allocation Failure) 2194M->2088M(3599M) 1.617ms
[10.670s][info][safepoint] Leaving safepoint region
[10.671s][info][safepoint] Total time for which application threads were stopped: 0.0023925 seconds, Stopping threads took: 0.0002907 seconds
[10.705s][info][safepoint] Application time: 0.0345396 seconds
[10.706s][info][safepoint] Entering safepoint region: GenCollectForAllocation
[10.708s][info][gc       ] GC(227) Pause Young (Allocation Failure) 2194M->2088M(3599M) 1.878ms
[10.708s][info][safepoint] Leaving safepoint region
[10.708s][info][safepoint] Total time for which application threads were stopped: 0.0027545 seconds, Stopping threads took: 0.0002750 seconds
[10.743s][info][safepoint] Application time: 0.0344334 seconds
[10.743s][info][safepoint] Entering safepoint region: GenCollectForAllocation
[10.746s][info][gc       ] GC(228) Pause Young (Allocation Failure) 2194M->2088M(3599M) 1.900ms
[10.746s][info][safepoint] Leaving safepoint region
[10.746s][info][safepoint] Total time for which application threads were stopped: 0.0028628 seconds, Stopping threads took: 0.0003656 seconds
[10.781s][info][safepoint] Application time: 0.0343699 seconds
[10.781s][info][safepoint] Entering safepoint region: GenCollectForAllocation
[10.783s][info][gc       ] GC(229) Pause Young (Allocation Failure) 2194M->2088M(3599M) 2.059ms
[10.784s][info][safepoint] Leaving safepoint region
[10.784s][info][safepoint] Total time for which application threads were stopped: 0.0028763 seconds, Stopping threads took: 0.0002571 seconds
[10.819s][info][safepoint] Application time: 0.0346375 seconds
[10.819s][info][safepoint] Entering safepoint region: GenCollectForAllocation
[10.821s][info][gc       ] GC(230) Pause Young (Allocation Failure) 2194M->2088M(3599M) 1.527ms
[10.821s][info][safepoint] Leaving safepoint region
[10.822s][info][safepoint] Total time for which application threads were stopped: 0.0022664 seconds, Stopping threads took: 0.0002662 seconds
[10.857s][info][safepoint] Application time: 0.0347901 seconds
[10.857s][info][safepoint] Entering safepoint region: GenCollectForAllocation
[10.859s][info][gc       ] GC(231) Pause Young (Allocation Failure) 2194M->2088M(3599M) 2.033ms
[10.859s][info][safepoint] Leaving safepoint region
[10.860s][info][safepoint] Total time for which application threads were stopped: 0.0027504 seconds, Stopping threads took: 0.0002354 seconds
[10.894s][info][safepoint] Application time: 0.0346173 seconds
[10.895s][info][safepoint] Entering safepoint region: GenCollectForAllocation
[10.897s][info][gc       ] GC(232) Pause Young (Allocation Failure) 2194M->2088M(3599M) 2.117ms
[10.897s][info][safepoint] Leaving safepoint region
[10.898s][info][safepoint] Total time for which application threads were stopped: 0.0029278 seconds, Stopping threads took: 0.0002238 seconds
[10.933s][info][safepoint] Application time: 0.0346626 seconds
[10.933s][info][safepoint] Entering safepoint region: GenCollectForAllocation
[10.935s][info][gc       ] GC(233) Pause Young (Allocation Failure) 2194M->2088M(3599M) 1.581ms
[10.935s][info][safepoint] Leaving safepoint region
[10.935s][info][safepoint] Total time for which application threads were stopped: 0.0026225 seconds, Stopping threads took: 0.0002934 seconds
[10.970s][info][safepoint] Application time: 0.0343064 seconds
[10.970s][info][safepoint] Entering safepoint region: GenCollectForAllocation
[10.972s][info][gc       ] GC(234) Pause Young (Allocation Failure) 2194M->2088M(3599M) 1.638ms
[10.972s][info][safepoint] Leaving safepoint region
[10.972s][info][safepoint] Total time for which application threads were stopped: 0.0021795 seconds, Stopping threads took: 0.0001180 seconds
[11.007s][info][safepoint] Application time: 0.0346114 seconds
[11.008s][info][safepoint] Entering safepoint region: GenCollectForAllocation
[11.009s][info][gc       ] GC(235) Pause Young (Allocation Failure) 2194M->2088M(3599M) 1.621ms
[11.010s][info][safepoint] Leaving safepoint region
[11.010s][info][safepoint] Total time for which application threads were stopped: 0.0025934 seconds, Stopping threads took: 0.0002154 seconds
[11.046s][info][safepoint] Application time: 0.0354086 seconds
[11.046s][info][safepoint] Entering safepoint region: GenCollectForAllocation
[11.048s][info][gc       ] GC(236) Pause Young (Allocation Failure) 2194M->2088M(3599M) 1.560ms
[11.048s][info][safepoint] Leaving safepoint region
[11.049s][info][safepoint] Total time for which application threads were stopped: 0.0027002 seconds, Stopping threads took: 0.0003521 seconds
[11.084s][info][safepoint] Application time: 0.0348769 seconds
[11.084s][info][safepoint] Entering safepoint region: GenCollectForAllocation
[11.087s][info][gc       ] GC(237) Pause Young (Allocation Failure) 2194M->2088M(3599M) 1.914ms
[11.087s][info][safepoint] Leaving safepoint region
[11.087s][info][safepoint] Total time for which application threads were stopped: 0.0028328 seconds, Stopping threads took: 0.0002631 seconds
[11.123s][info][safepoint] Application time: 0.0352347 seconds
[11.123s][info][safepoint] Entering safepoint region: GenCollectForAllocation
[11.125s][info][gc       ] GC(238) Pause Young (Allocation Failure) 2194M->2088M(3599M) 1.837ms
[11.126s][info][safepoint] Leaving safepoint region
[11.126s][info][safepoint] Total time for which application threads were stopped: 0.0029617 seconds, Stopping threads took: 0.0002822 seconds
[11.160s][info][safepoint] Application time: 0.0333088 seconds
[11.160s][info][safepoint] Entering safepoint region: GenCollectForAllocation
[11.162s][info][gc       ] GC(239) Pause Young (Allocation Failure) 2194M->2088M(3599M) 1.728ms
[11.162s][info][safepoint] Leaving safepoint region
[11.163s][info][safepoint] Total time for which application threads were stopped: 0.0025577 seconds, Stopping threads took: 0.0003113 seconds
[11.197s][info][safepoint] Application time: 0.0339429 seconds
[11.197s][info][safepoint] Entering safepoint region: GenCollectForAllocation
[11.199s][info][gc       ] GC(240) Pause Young (Allocation Failure) 2194M->2088M(3599M) 1.711ms
[11.199s][info][safepoint] Leaving safepoint region
[11.200s][info][safepoint] Total time for which application threads were stopped: 0.0026669 seconds, Stopping threads took: 0.0003917 seconds
[11.235s][info][safepoint] Application time: 0.0354050 seconds
[11.236s][info][safepoint] Entering safepoint region: GenCollectForAllocation
[11.238s][info][gc       ] GC(241) Pause Young (Allocation Failure) 2194M->2088M(3599M) 1.675ms
[11.238s][info][safepoint] Leaving safepoint region
[11.238s][info][safepoint] Total time for which application threads were stopped: 0.0023941 seconds, Stopping threads took: 0.0002693 seconds
[11.274s][info][safepoint] Application time: 0.0352649 seconds
[11.274s][info][safepoint] Entering safepoint region: GenCollectForAllocation
[11.276s][info][gc       ] GC(242) Pause Young (Allocation Failure) 2194M->2088M(3599M) 1.660ms
[11.276s][info][safepoint] Leaving safepoint region
[11.276s][info][safepoint] Total time for which application threads were stopped: 0.0024703 seconds, Stopping threads took: 0.0001780 seconds
[11.312s][info][safepoint] Application time: 0.0351459 seconds
[11.312s][info][safepoint] Entering safepoint region: GenCollectForAllocation
[11.314s][info][gc       ] GC(243) Pause Young (Allocation Failure) 2194M->2088M(3599M) 1.892ms
[11.315s][info][safepoint] Leaving safepoint region
[11.315s][info][safepoint] Total time for which application threads were stopped: 0.0029415 seconds, Stopping threads took: 0.0002361 seconds
[11.350s][info][safepoint] Application time: 0.0349651 seconds
[11.351s][info][safepoint] Entering safepoint region: GenCollectForAllocation
[11.352s][info][gc       ] GC(244) Pause Young (Allocation Failure) 2194M->2088M(3599M) 1.642ms
[11.353s][info][safepoint] Leaving safepoint region
[11.353s][info][safepoint] Total time for which application threads were stopped: 0.0025226 seconds, Stopping threads took: 0.0002464 seconds
[11.386s][info][safepoint] Application time: 0.0322141 seconds
[11.386s][info][safepoint] Entering safepoint region: GenCollectForAllocation
[11.388s][info][gc       ] GC(245) Pause Young (Allocation Failure) 2194M->2088M(3599M) 1.584ms
[11.388s][info][safepoint] Leaving safepoint region
[11.388s][info][safepoint] Total time for which application threads were stopped: 0.0023925 seconds, Stopping threads took: 0.0002887 seconds
[11.422s][info][safepoint] Application time: 0.0332434 seconds
[11.422s][info][safepoint] Entering safepoint region: GenCollectForAllocation
[11.424s][info][gc       ] GC(246) Pause Young (Allocation Failure) 2194M->2088M(3599M) 1.989ms
[11.424s][info][safepoint] Leaving safepoint region
[11.425s][info][safepoint] Total time for which application threads were stopped: 0.0027407 seconds, Stopping threads took: 0.0002434 seconds
[11.459s][info][safepoint] Application time: 0.0344110 seconds
[11.460s][info][safepoint] Entering safepoint region: GenCollectForAllocation
[11.462s][info][gc       ] GC(247) Pause Young (Allocation Failure) 2194M->2088M(3599M) 1.717ms
[11.462s][info][safepoint] Leaving safepoint region
[11.462s][info][safepoint] Total time for which application threads were stopped: 0.0025485 seconds, Stopping threads took: 0.0003523 seconds
[11.499s][info][safepoint] Application time: 0.0368134 seconds
[11.499s][info][safepoint] Entering safepoint region: GenCollectForAllocation
[11.502s][info][gc       ] GC(248) Pause Young (Allocation Failure) 2194M->2088M(3599M) 2.071ms
[11.502s][info][safepoint] Leaving safepoint region
[11.502s][info][safepoint] Total time for which application threads were stopped: 0.0027763 seconds, Stopping threads took: 0.0002505 seconds
[11.537s][info][safepoint] Application time: 0.0346931 seconds
[11.537s][info][safepoint] Entering safepoint region: GenCollectForAllocation
[11.539s][info][gc       ] GC(249) Pause Young (Allocation Failure) 2194M->2088M(3599M) 1.585ms
[11.540s][info][safepoint] Leaving safepoint region
[11.540s][info][safepoint] Total time for which application threads were stopped: 0.0025027 seconds, Stopping threads took: 0.0002859 seconds
[11.575s][info][safepoint] Application time: 0.0346927 seconds
[11.575s][info][safepoint] Entering safepoint region: GenCollectForAllocation
[11.577s][info][gc       ] GC(250) Pause Young (Allocation Failure) 2194M->2088M(3599M) 1.880ms
[11.578s][info][safepoint] Leaving safepoint region
[11.578s][info][safepoint] Total time for which application threads were stopped: 0.0028285 seconds, Stopping threads took: 0.0003368 seconds
[11.613s][info][safepoint] Application time: 0.0345415 seconds
[11.613s][info][safepoint] Entering safepoint region: GenCollectForAllocation
[11.615s][info][gc       ] GC(251) Pause Young (Allocation Failure) 2194M->2088M(3599M) 1.594ms
[11.615s][info][safepoint] Leaving safepoint region
[11.616s][info][safepoint] Total time for which application threads were stopped: 0.0024930 seconds, Stopping threads took: 0.0002651 seconds
[11.650s][info][safepoint] Application time: 0.0345103 seconds
[11.651s][info][safepoint] Entering safepoint region: GenCollectForAllocation
[11.653s][info][gc       ] GC(252) Pause Young (Allocation Failure) 2194M->2088M(3599M) 2.024ms
[11.653s][info][safepoint] Leaving safepoint region
[11.654s][info][safepoint] Total time for which application threads were stopped: 0.0029328 seconds, Stopping threads took: 0.0002736 seconds
[11.688s][info][safepoint] Application time: 0.0346930 seconds
[11.689s][info][safepoint] Entering safepoint region: GenCollectForAllocation
[11.691s][info][gc       ] GC(253) Pause Young (Allocation Failure) 2194M->2088M(3599M) 1.509ms
[11.691s][info][safepoint] Leaving safepoint region
[11.691s][info][safepoint] Total time for which application threads were stopped: 0.0021954 seconds, Stopping threads took: 0.0002096 seconds
[11.726s][info][safepoint] Application time: 0.0346595 seconds
[11.726s][info][safepoint] Entering safepoint region: GenCollectForAllocation
[11.728s][info][gc       ] GC(254) Pause Young (Allocation Failure) 2194M->2088M(3599M) 1.913ms
[11.729s][info][safepoint] Leaving safepoint region
[11.729s][info][safepoint] Total time for which application threads were stopped: 0.0030248 seconds, Stopping threads took: 0.0002712 seconds
[11.764s][info][safepoint] Application time: 0.0344511 seconds
[11.764s][info][safepoint] Entering safepoint region: GenCollectForAllocation
[11.766s][info][gc       ] GC(255) Pause Young (Allocation Failure) 2194M->2088M(3599M) 1.810ms
[11.767s][info][safepoint] Leaving safepoint region
[11.767s][info][safepoint] Total time for which application threads were stopped: 0.0030149 seconds, Stopping threads took: 0.0004183 seconds
[11.802s][info][safepoint] Application time: 0.0343929 seconds
[11.802s][info][safepoint] Entering safepoint region: GenCollectForAllocation
[11.804s][info][gc       ] GC(256) Pause Young (Allocation Failure) 2194M->2088M(3599M) 1.638ms
[11.805s][info][safepoint] Leaving safepoint region
[11.805s][info][safepoint] Total time for which application threads were stopped: 0.0025581 seconds, Stopping threads took: 0.0003106 seconds
[11.840s][info][safepoint] Application time: 0.0350145 seconds
[11.840s][info][safepoint] Entering safepoint region: GenCollectForAllocation
[11.843s][info][gc       ] GC(257) Pause Young (Allocation Failure) 2194M->2088M(3599M) 2.084ms
[11.843s][info][safepoint] Leaving safepoint region
[11.843s][info][safepoint] Total time for which application threads were stopped: 0.0028245 seconds, Stopping threads took: 0.0002983 seconds
[11.878s][info][safepoint] Application time: 0.0347966 seconds
[11.879s][info][safepoint] Entering safepoint region: GenCollectForAllocation
[11.881s][info][gc       ] GC(258) Pause Young (Allocation Failure) 2194M->2088M(3599M) 1.613ms
[11.881s][info][safepoint] Leaving safepoint region
[11.881s][info][safepoint] Total time for which application threads were stopped: 0.0026572 seconds, Stopping threads took: 0.0003486 seconds
[11.916s][info][safepoint] Application time: 0.0348461 seconds
[11.917s][info][safepoint] Entering safepoint region: GenCollectForAllocation
[11.919s][info][gc       ] GC(259) Pause Young (Allocation Failure) 2194M->2088M(3599M) 1.933ms
[11.919s][info][safepoint] Leaving safepoint region
[11.919s][info][safepoint] Total time for which application threads were stopped: 0.0026372 seconds, Stopping threads took: 0.0002510 seconds
[11.955s][info][safepoint] Application time: 0.0352875 seconds
[11.955s][info][safepoint] Entering safepoint region: GenCollectForAllocation
[11.957s][info][gc       ] GC(260) Pause Young (Allocation Failure) 2194M->2088M(3599M) 1.788ms
[11.958s][info][safepoint] Leaving safepoint region
[11.958s][info][safepoint] Total time for which application threads were stopped: 0.0027699 seconds, Stopping threads took: 0.0003029 seconds
[11.993s][info][safepoint] Application time: 0.0353893 seconds
[11.994s][info][safepoint] Entering safepoint region: GenCollectForAllocation
[11.996s][info][gc       ] GC(261) Pause Young (Allocation Failure) 2194M->2088M(3599M) 1.676ms
[11.996s][info][safepoint] Leaving safepoint region
[11.997s][info][safepoint] Total time for which application threads were stopped: 0.0027703 seconds, Stopping threads took: 0.0003519 seconds
[12.032s][info][safepoint] Application time: 0.0354589 seconds
[12.033s][info][safepoint] Entering safepoint region: GenCollectForAllocation
[12.035s][info][gc       ] GC(262) Pause Young (Allocation Failure) 2194M->2088M(3599M) 1.642ms
[12.035s][info][safepoint] Leaving safepoint region
[12.035s][info][safepoint] Total time for which application threads were stopped: 0.0025500 seconds, Stopping threads took: 0.0003292 seconds
[12.068s][info][safepoint] Application time: 0.0326344 seconds
[12.069s][info][safepoint] Entering safepoint region: GenCollectForAllocation
[12.071s][info][gc       ] GC(263) Pause Young (Allocation Failure) 2194M->2088M(3599M) 1.942ms
[12.071s][info][safepoint] Leaving safepoint region
[12.072s][info][safepoint] Total time for which application threads were stopped: 0.0032504 seconds, Stopping threads took: 0.0003856 seconds
[12.106s][info][safepoint] Application time: 0.0336439 seconds
[12.106s][info][safepoint] Entering safepoint region: GenCollectForAllocation
[12.108s][info][gc       ] GC(264) Pause Young (Allocation Failure) 2194M->2088M(3599M) 1.713ms
[12.109s][info][safepoint] Leaving safepoint region
[12.109s][info][safepoint] Total time for which application threads were stopped: 0.0029191 seconds, Stopping threads took: 0.0003467 seconds
[12.144s][info][safepoint] Application time: 0.0345072 seconds
[12.144s][info][safepoint] Entering safepoint region: GenCollectForAllocation
[12.146s][info][gc       ] GC(265) Pause Young (Allocation Failure) 2194M->2088M(3599M) 1.690ms
[12.147s][info][safepoint] Leaving safepoint region
[12.147s][info][safepoint] Total time for which application threads were stopped: 0.0030927 seconds, Stopping threads took: 0.0004030 seconds
[12.183s][info][safepoint] Application time: 0.0347871 seconds
[12.183s][info][safepoint] Entering safepoint region: GenCollectForAllocation
[12.185s][info][gc       ] GC(266) Pause Young (Allocation Failure) 2194M->2088M(3599M) 1.861ms
[12.186s][info][safepoint] Leaving safepoint region
[12.186s][info][safepoint] Total time for which application threads were stopped: 0.0028791 seconds, Stopping threads took: 0.0002911 seconds
[12.221s][info][safepoint] Application time: 0.0350375 seconds
[12.222s][info][safepoint] Entering safepoint region: GenCollectForAllocation
[12.224s][info][gc       ] GC(267) Pause Young (Allocation Failure) 2194M->2088M(3599M) 1.649ms
[12.224s][info][safepoint] Leaving safepoint region
[12.224s][info][safepoint] Total time for which application threads were stopped: 0.0024512 seconds, Stopping threads took: 0.0003243 seconds
[12.258s][info][safepoint] Application time: 0.0338668 seconds
[12.259s][info][safepoint] Entering safepoint region: GenCollectForAllocation
[12.261s][info][gc       ] GC(268) Pause Young (Allocation Failure) 2194M->2088M(3599M) 2.006ms
[12.261s][info][safepoint] Leaving safepoint region
[12.262s][info][safepoint] Total time for which application threads were stopped: 0.0031646 seconds, Stopping threads took: 0.0003193 seconds
[12.295s][info][safepoint] Application time: 0.0334276 seconds
[12.296s][info][safepoint] Entering safepoint region: GenCollectForAllocation
[12.298s][info][gc       ] GC(269) Pause Young (Allocation Failure) 2194M->2088M(3599M) 1.971ms
[12.299s][info][safepoint] Leaving safepoint region
[12.299s][info][safepoint] Total time for which application threads were stopped: 0.0032444 seconds, Stopping threads took: 0.0003883 seconds
[12.334s][info][safepoint] Application time: 0.0345173 seconds
[12.334s][info][safepoint] Entering safepoint region: GenCollectForAllocation
[12.337s][info][gc       ] GC(270) Pause Young (Allocation Failure) 2194M->2088M(3599M) 1.960ms
[12.337s][info][safepoint] Leaving safepoint region
[12.337s][info][safepoint] Total time for which application threads were stopped: 0.0031143 seconds, Stopping threads took: 0.0003743 seconds
[12.372s][info][safepoint] Application time: 0.0344798 seconds
[12.373s][info][safepoint] Entering safepoint region: GenCollectForAllocation
[12.375s][info][gc       ] GC(271) Pause Young (Allocation Failure) 2194M->2088M(3599M) 1.957ms
[12.376s][info][safepoint] Leaving safepoint region
[12.376s][info][safepoint] Total time for which application threads were stopped: 0.0032834 seconds, Stopping threads took: 0.0004710 seconds
[12.411s][info][safepoint] Application time: 0.0342878 seconds
[12.411s][info][safepoint] Entering safepoint region: GenCollectForAllocation
[12.413s][info][gc       ] GC(272) Pause Young (Allocation Failure) 2194M->2088M(3599M) 1.712ms
[12.413s][info][safepoint] Leaving safepoint region
[12.414s][info][safepoint] Total time for which application threads were stopped: 0.0025503 seconds, Stopping threads took: 0.0002342 seconds
[12.449s][info][safepoint] Application time: 0.0348556 seconds
[12.449s][info][safepoint] Entering safepoint region: GenCollectForAllocation
[12.451s][info][gc       ] GC(273) Pause Young (Allocation Failure) 2194M->2088M(3599M) 2.017ms
[12.452s][info][safepoint] Leaving safepoint region
[12.452s][info][safepoint] Total time for which application threads were stopped: 0.0032569 seconds, Stopping threads took: 0.0003599 seconds
[12.487s][info][safepoint] Application time: 0.0346604 seconds
[12.488s][info][safepoint] Entering safepoint region: GenCollectForAllocation
[12.490s][info][gc       ] GC(274) Pause Young (Allocation Failure) 2194M->2088M(3599M) 2.021ms
[12.490s][info][safepoint] Leaving safepoint region
[12.491s][info][safepoint] Total time for which application threads were stopped: 0.0031687 seconds, Stopping threads took: 0.0002423 seconds
[12.526s][info][safepoint] Application time: 0.0347839 seconds
[12.526s][info][safepoint] Entering safepoint region: GenCollectForAllocation
[12.529s][info][gc       ] GC(275) Pause Young (Allocation Failure) 2194M->2088M(3599M) 2.069ms
[12.529s][info][safepoint] Leaving safepoint region
[12.529s][info][safepoint] Total time for which application threads were stopped: 0.0026248 seconds, Stopping threads took: 0.0002742 seconds
[12.562s][info][safepoint] Application time: 0.0330032 seconds
[12.562s][info][safepoint] Entering safepoint region: GenCollectForAllocation
[12.564s][info][gc       ] GC(276) Pause Young (Allocation Failure) 2194M->2088M(3599M) 1.554ms
[12.565s][info][safepoint] Leaving safepoint region
[12.565s][info][safepoint] Total time for which application threads were stopped: 0.0025692 seconds, Stopping threads took: 0.0003185 seconds
[12.598s][info][safepoint] Application time: 0.0331427 seconds
[12.599s][info][safepoint] Entering safepoint region: GenCollectForAllocation
[12.601s][info][gc       ] GC(277) Pause Young (Allocation Failure) 2194M->2088M(3599M) 2.054ms
[12.601s][info][safepoint] Leaving safepoint region
[12.602s][info][safepoint] Total time for which application threads were stopped: 0.0031094 seconds, Stopping threads took: 0.0003556 seconds
[12.636s][info][safepoint] Application time: 0.0341322 seconds
[12.637s][info][safepoint] Entering safepoint region: GenCollectForAllocation
[12.639s][info][gc       ] GC(278) Pause Young (Allocation Failure) 2194M->2088M(3599M) 1.989ms
[12.639s][info][safepoint] Leaving safepoint region
[12.639s][info][safepoint] Total time for which application threads were stopped: 0.0027329 seconds, Stopping threads took: 0.0002780 seconds
[12.674s][info][safepoint] Application time: 0.0342278 seconds
[12.674s][info][safepoint] Entering safepoint region: GenCollectForAllocation
[12.676s][info][gc       ] GC(279) Pause Young (Allocation Failure) 2194M->2088M(3599M) 1.676ms
[12.677s][info][safepoint] Leaving safepoint region
[12.677s][info][safepoint] Total time for which application threads were stopped: 0.0026970 seconds, Stopping threads took: 0.0003498 seconds
[12.711s][info][safepoint] Application time: 0.0342816 seconds
[12.712s][info][safepoint] Entering safepoint region: GenCollectForAllocation
[12.714s][info][gc       ] GC(280) Pause Young (Allocation Failure) 2194M->2088M(3599M) 1.660ms
[12.714s][info][safepoint] Leaving safepoint region
[12.715s][info][safepoint] Total time for which application threads were stopped: 0.0027130 seconds, Stopping threads took: 0.0003006 seconds
[12.749s][info][safepoint] Application time: 0.0344756 seconds
[12.750s][info][safepoint] Entering safepoint region: GenCollectForAllocation
[12.752s][info][gc       ] GC(281) Pause Young (Allocation Failure) 2194M->2088M(3599M) 1.944ms
[12.752s][info][safepoint] Leaving safepoint region
[12.753s][info][safepoint] Total time for which application threads were stopped: 0.0030266 seconds, Stopping threads took: 0.0002500 seconds
[12.788s][info][safepoint] Application time: 0.0344719 seconds
[12.788s][info][safepoint] Entering safepoint region: GenCollectForAllocation
[12.790s][info][gc       ] GC(282) Pause Young (Allocation Failure) 2194M->2088M(3599M) 1.657ms
[12.790s][info][safepoint] Leaving safepoint region
[12.790s][info][safepoint] Total time for which application threads were stopped: 0.0025929 seconds, Stopping threads took: 0.0003071 seconds
[12.825s][info][safepoint] Application time: 0.0347188 seconds
[12.826s][info][safepoint] Entering safepoint region: GenCollectForAllocation
[12.829s][info][gc       ] GC(283) Pause Young (Allocation Failure) 2194M->2088M(3599M) 2.616ms
[12.829s][info][safepoint] Leaving safepoint region
[12.830s][info][safepoint] Total time for which application threads were stopped: 0.0037614 seconds, Stopping threads took: 0.0003417 seconds
[12.864s][info][safepoint] Application time: 0.0344836 seconds
[12.865s][info][safepoint] Entering safepoint region: GenCollectForAllocation
[12.867s][info][gc       ] GC(284) Pause Young (Allocation Failure) 2194M->2088M(3599M) 1.588ms
[12.867s][info][safepoint] Leaving safepoint region
[12.867s][info][safepoint] Total time for which application threads were stopped: 0.0025520 seconds, Stopping threads took: 0.0003230 seconds
[12.902s][info][safepoint] Application time: 0.0347896 seconds
[12.903s][info][safepoint] Entering safepoint region: GenCollectForAllocation
[12.905s][info][gc       ] GC(285) Pause Young (Allocation Failure) 2194M->2088M(3599M) 1.973ms
[12.905s][info][safepoint] Leaving safepoint region
[12.906s][info][safepoint] Total time for which application threads were stopped: 0.0030257 seconds, Stopping threads took: 0.0003430 seconds
[12.941s][info][safepoint] Application time: 0.0346397 seconds
[12.941s][info][safepoint] Entering safepoint region: GenCollectForAllocation
[12.944s][info][gc       ] GC(286) Pause Young (Allocation Failure) 2194M->2088M(3599M) 2.085ms
[12.944s][info][safepoint] Leaving safepoint region
[12.944s][info][safepoint] Total time for which application threads were stopped: 0.0030775 seconds, Stopping threads took: 0.0003418 seconds
[12.979s][info][safepoint] Application time: 0.0351193 seconds
[12.980s][info][safepoint] Entering safepoint region: GenCollectForAllocation
[12.982s][info][gc       ] GC(287) Pause Young (Allocation Failure) 2194M->2088M(3599M) 1.656ms
[12.982s][info][safepoint] Leaving safepoint region
[12.982s][info][safepoint] Total time for which application threads were stopped: 0.0025447 seconds, Stopping threads took: 0.0002042 seconds
[13.019s][info][safepoint] Application time: 0.0360901 seconds
[13.019s][info][safepoint] Entering safepoint region: GenCollectForAllocation
[13.021s][info][gc       ] GC(288) Pause Young (Allocation Failure) 2194M->2088M(3599M) 1.994ms
[13.022s][info][safepoint] Leaving safepoint region
[13.022s][info][safepoint] Total time for which application threads were stopped: 0.0026489 seconds, Stopping threads took: 0.0002393 seconds
[13.055s][info][safepoint] Application time: 0.0335400 seconds
[13.056s][info][safepoint] Entering safepoint region: GenCollectForAllocation
[13.058s][info][gc       ] GC(289) Pause Young (Allocation Failure) 2194M->2088M(3599M) 1.531ms
[13.058s][info][safepoint] Leaving safepoint region
[13.059s][info][safepoint] Total time for which application threads were stopped: 0.0028189 seconds, Stopping threads took: 0.0003924 seconds
[13.092s][info][safepoint] Application time: 0.0333035 seconds
[13.093s][info][safepoint] Entering safepoint region: GenCollectForAllocation
[13.095s][info][gc       ] GC(290) Pause Young (Allocation Failure) 2194M->2088M(3599M) 1.980ms
[13.095s][info][safepoint] Leaving safepoint region
[13.096s][info][safepoint] Total time for which application threads were stopped: 0.0032003 seconds, Stopping threads took: 0.0003407 seconds
[13.129s][info][safepoint] Application time: 0.0333771 seconds
[13.130s][info][safepoint] Entering safepoint region: GenCollectForAllocation
[13.132s][info][gc       ] GC(291) Pause Young (Allocation Failure) 2194M->2088M(3599M) 1.558ms
[13.132s][info][safepoint] Leaving safepoint region
[13.132s][info][safepoint] Total time for which application threads were stopped: 0.0022026 seconds, Stopping threads took: 0.0002112 seconds
[13.167s][info][safepoint] Application time: 0.0344738 seconds
[13.167s][info][safepoint] Entering safepoint region: GenCollectForAllocation
[13.169s][info][gc       ] GC(292) Pause Young (Allocation Failure) 2194M->2088M(3599M) 1.544ms
[13.169s][info][safepoint] Leaving safepoint region
[13.170s][info][safepoint] Total time for which application threads were stopped: 0.0028260 seconds, Stopping threads took: 0.0003948 seconds
[13.202s][info][safepoint] Application time: 0.0319372 seconds
[13.203s][info][safepoint] Entering safepoint region: GenCollectForAllocation
[13.205s][info][gc       ] GC(293) Pause Young (Allocation Failure) 2194M->2088M(3599M) 1.934ms
[13.205s][info][safepoint] Leaving safepoint region
[13.206s][info][safepoint] Total time for which application threads were stopped: 0.0028816 seconds, Stopping threads took: 0.0003280 seconds
[13.239s][info][safepoint] Application time: 0.0328989 seconds
[13.239s][info][safepoint] Entering safepoint region: GenCollectForAllocation
[13.241s][info][gc       ] GC(294) Pause Young (Allocation Failure) 2194M->2088M(3599M) 1.963ms
[13.242s][info][safepoint] Leaving safepoint region
[13.242s][info][safepoint] Total time for which application threads were stopped: 0.0032542 seconds, Stopping threads took: 0.0003781 seconds
[13.277s][info][safepoint] Application time: 0.0338868 seconds
[13.277s][info][safepoint] Entering safepoint region: GenCollectForAllocation
[13.279s][info][gc       ] GC(295) Pause Young (Allocation Failure) 2194M->2088M(3599M) 2.002ms
[13.280s][info][safepoint] Leaving safepoint region
[13.280s][info][safepoint] Total time for which application threads were stopped: 0.0033215 seconds, Stopping threads took: 0.0004541 seconds
[13.315s][info][safepoint] Application time: 0.0343566 seconds
[13.315s][info][safepoint] Entering safepoint region: GenCollectForAllocation
[13.318s][info][gc       ] GC(296) Pause Young (Allocation Failure) 2194M->2088M(3599M) 1.659ms
[13.318s][info][safepoint] Leaving safepoint region
[13.318s][info][safepoint] Total time for which application threads were stopped: 0.0030110 seconds, Stopping threads took: 0.0004292 seconds
[13.354s][info][safepoint] Application time: 0.0346166 seconds
[13.354s][info][safepoint] Entering safepoint region: GenCollectForAllocation
[13.356s][info][gc       ] GC(297) Pause Young (Allocation Failure) 2194M->2088M(3599M) 1.548ms
[13.356s][info][safepoint] Leaving safepoint region
[13.357s][info][safepoint] Total time for which application threads were stopped: 0.0029294 seconds, Stopping threads took: 0.0004719 seconds
[13.393s][info][safepoint] Application time: 0.0351660 seconds
[13.393s][info][safepoint] Entering safepoint region: GenCollectForAllocation
[13.396s][info][gc       ] GC(298) Pause Young (Allocation Failure) 2194M->2088M(3599M) 2.157ms
[13.396s][info][safepoint] Leaving safepoint region
[13.397s][info][safepoint] Total time for which application threads were stopped: 0.0035526 seconds, Stopping threads took: 0.0004727 seconds
[13.431s][info][safepoint] Application time: 0.0341747 seconds
[13.432s][info][safepoint] Entering safepoint region: GenCollectForAllocation
[13.434s][info][gc       ] GC(299) Pause Young (Allocation Failure) 2194M->2088M(3599M) 1.638ms
[13.434s][info][safepoint] Leaving safepoint region
[13.434s][info][safepoint] Total time for which application threads were stopped: 0.0028555 seconds, Stopping threads took: 0.0003873 seconds
[13.469s][info][safepoint] Application time: 0.0343571 seconds
[13.470s][info][safepoint] Entering safepoint region: GenCollectForAllocation
[13.472s][info][gc       ] GC(300) Pause Young (Allocation Failure) 2194M->2088M(3599M) 1.768ms
[13.472s][info][safepoint] Leaving safepoint region
[13.473s][info][safepoint] Total time for which application threads were stopped: 0.0030576 seconds, Stopping threads took: 0.0003854 seconds
[13.508s][info][safepoint] Application time: 0.0347267 seconds
[13.508s][info][safepoint] Entering safepoint region: GenCollectForAllocation
[13.510s][info][gc       ] GC(301) Pause Young (Allocation Failure) 2194M->2088M(3599M) 1.827ms
[13.511s][info][safepoint] Leaving safepoint region
[13.511s][info][safepoint] Total time for which application threads were stopped: 0.0033045 seconds, Stopping threads took: 0.0005089 seconds
[13.547s][info][safepoint] Application time: 0.0349548 seconds
[13.547s][info][safepoint] Entering safepoint region: GenCollectForAllocation
[13.549s][info][gc       ] GC(302) Pause Young (Allocation Failure) 2194M->2088M(3599M) 1.598ms
[13.550s][info][safepoint] Leaving safepoint region
[13.550s][info][safepoint] Total time for which application threads were stopped: 0.0029372 seconds, Stopping threads took: 0.0004312 seconds
[13.585s][info][safepoint] Application time: 0.0342494 seconds
[13.585s][info][safepoint] Entering safepoint region: GenCollectForAllocation
[13.588s][info][gc       ] GC(303) Pause Young (Allocation Failure) 2194M->2088M(3599M) 1.751ms
[13.588s][info][safepoint] Leaving safepoint region
[13.589s][info][safepoint] Total time for which application threads were stopped: 0.0033576 seconds, Stopping threads took: 0.0005296 seconds
[13.623s][info][safepoint] Application time: 0.0341455 seconds
[13.624s][info][safepoint] Entering safepoint region: GenCollectForAllocation
[13.626s][info][gc       ] GC(304) Pause Young (Allocation Failure) 2194M->2088M(3599M) 2.015ms
[13.627s][info][safepoint] Leaving safepoint region
[13.627s][info][safepoint] Total time for which application threads were stopped: 0.0034581 seconds, Stopping threads took: 0.0004132 seconds
[13.663s][info][safepoint] Application time: 0.0356157 seconds
[13.664s][info][safepoint] Entering safepoint region: GenCollectForAllocation
[13.666s][info][gc       ] GC(305) Pause Young (Allocation Failure) 2194M->2088M(3599M) 1.972ms
[13.667s][info][safepoint] Leaving safepoint region
[13.667s][info][safepoint] Total time for which application threads were stopped: 0.0032449 seconds, Stopping threads took: 0.0003977 seconds
[13.701s][info][safepoint] Application time: 0.0339392 seconds
[13.702s][info][safepoint] Entering safepoint region: GenCollectForAllocation
[13.704s][info][gc       ] GC(306) Pause Young (Allocation Failure) 2194M->2088M(3599M) 2.006ms
[13.705s][info][safepoint] Leaving safepoint region
[13.705s][info][safepoint] Total time for which application threads were stopped: 0.0033995 seconds, Stopping threads took: 0.0005149 seconds
[13.739s][info][safepoint] Application time: 0.0337565 seconds
[13.740s][info][safepoint] Entering safepoint region: GenCollectForAllocation
[13.742s][info][gc       ] GC(307) Pause Young (Allocation Failure) 2194M->2088M(3599M) 2.042ms
[13.743s][info][safepoint] Leaving safepoint region
[13.743s][info][safepoint] Total time for which application threads were stopped: 0.0033793 seconds, Stopping threads took: 0.0003791 seconds
[13.779s][info][safepoint] Application time: 0.0349544 seconds
[13.779s][info][safepoint] Entering safepoint region: GenCollectForAllocation
[13.782s][info][gc       ] GC(308) Pause Young (Allocation Failure) 2194M->2088M(3599M) 1.993ms
[13.782s][info][safepoint] Leaving safepoint region
[13.782s][info][safepoint] Total time for which application threads were stopped: 0.0031829 seconds, Stopping threads took: 0.0004194 seconds
[13.815s][info][safepoint] Application time: 0.0324321 seconds
[13.815s][info][safepoint] Entering safepoint region: GenCollectForAllocation
[13.818s][info][gc       ] GC(309) Pause Young (Allocation Failure) 2194M->2088M(3599M) 1.840ms
[13.818s][info][safepoint] Leaving safepoint region
[13.818s][info][safepoint] Total time for which application threads were stopped: 0.0030553 seconds, Stopping threads took: 0.0003659 seconds
[13.854s][info][safepoint] Application time: 0.0353143 seconds
[13.855s][info][safepoint] Entering safepoint region: GenCollectForAllocation
[13.869s][info][gc       ] GC(310) Pause Young (Allocation Failure) 2194M->2114M(3599M) 14.100ms
[13.870s][info][safepoint] Leaving safepoint region
[13.870s][info][safepoint] Total time for which application threads were stopped: 0.0154306 seconds, Stopping threads took: 0.0002472 seconds
[13.871s][info][safepoint] Application time: 0.0001700 seconds
[13.871s][info][safepoint] Entering safepoint region: CMS_Initial_Mark
[13.873s][info][gc       ] GC(311) Pause Initial Mark 2116M->2116M(3599M) 1.340ms
[13.873s][info][safepoint] Leaving safepoint region
[13.874s][info][safepoint] Total time for which application threads were stopped: 0.0026411 seconds, Stopping threads took: 0.0002947 seconds
[13.874s][info][gc       ] GC(311) Concurrent Mark
[13.881s][info][gc       ] GC(311) Concurrent Mark 7.079ms
[13.881s][info][gc       ] GC(311) Concurrent Preclean
[13.884s][info][gc       ] GC(311) Concurrent Preclean 2.764ms
[13.884s][info][gc       ] GC(311) Concurrent Abortable Preclean
[13.887s][info][safepoint] Application time: 0.0127702 seconds
[13.887s][info][safepoint] Entering safepoint region: GenCollectForAllocation
[13.977s][info][gc       ] GC(312) Pause Young (Allocation Failure) 2220M->2220M(3599M) 88.940ms
[13.977s][info][safepoint] Leaving safepoint region
[13.977s][info][safepoint] Total time for which application threads were stopped: 0.0902686 seconds, Stopping threads took: 0.0004092 seconds
[13.991s][info][safepoint] Application time: 0.0129114 seconds
[13.991s][info][safepoint] Entering safepoint region: GenCollectForAllocation
[14.076s][info][gc       ] GC(313) Pause Young (Allocation Failure) 2326M->2323M(3599M) 84.287ms
[14.076s][info][safepoint] Leaving safepoint region
[14.076s][info][safepoint] Total time for which application threads were stopped: 0.0853919 seconds, Stopping threads took: 0.0002957 seconds
[14.080s][info][gc       ] GC(311) Concurrent Abortable Preclean 195.285ms
[14.080s][info][safepoint] Application time: 0.0032008 seconds
[14.080s][info][safepoint] Entering safepoint region: CMS_Final_Remark
[14.091s][info][gc       ] GC(311) Pause Remark 2350M->2350M(3599M) 10.559ms
[14.091s][info][safepoint] Leaving safepoint region
[14.092s][info][safepoint] Total time for which application threads were stopped: 0.0115221 seconds, Stopping threads took: 0.0001829 seconds
[14.092s][info][gc       ] GC(311) Concurrent Sweep
[14.103s][info][safepoint] Application time: 0.0110799 seconds
[14.103s][info][safepoint] Entering safepoint region: GenCollectForAllocation
[14.184s][info][gc       ] GC(314) Pause Young (Allocation Failure) 2404M->2402M(3599M) 80.499ms
[14.184s][info][safepoint] Leaving safepoint region
[14.184s][info][safepoint] Total time for which application threads were stopped: 0.0811932 seconds, Stopping threads took: 0.0001219 seconds
[14.198s][info][safepoint] Application time: 0.0136266 seconds
[14.198s][info][safepoint] Entering safepoint region: GenCollectForAllocation
[14.283s][info][gc       ] GC(315) Pause Young (Allocation Failure) 2474M->2478M(3599M) 84.654ms
[14.284s][info][safepoint] Leaving safepoint region
[14.284s][info][safepoint] Total time for which application threads were stopped: 0.0853746 seconds, Stopping threads took: 0.0001113 seconds
[14.298s][info][safepoint] Application time: 0.0138935 seconds
[14.298s][info][safepoint] Entering safepoint region: GenCollectForAllocation
[14.377s][info][gc       ] GC(316) Pause Young (Allocation Failure) 2551M->2555M(3599M) 79.158ms
[14.378s][info][safepoint] Leaving safepoint region
[14.378s][info][safepoint] Total time for which application threads were stopped: 0.0796838 seconds, Stopping threads took: 0.0001028 seconds
[14.392s][info][safepoint] Application time: 0.0138793 seconds
[14.392s][info][safepoint] Entering safepoint region: GenCollectForAllocation
[14.467s][info][gc       ] GC(317) Pause Young (Allocation Failure) 2625M->2630M(3599M) 74.874ms
[14.467s][info][safepoint] Leaving safepoint region
[14.467s][info][safepoint] Total time for which application threads were stopped: 0.0753828 seconds, Stopping threads took: 0.0001403 seconds
[14.482s][info][safepoint] Application time: 0.0141413 seconds
[14.482s][info][safepoint] Entering safepoint region: GenCollectForAllocation
[14.559s][info][gc       ] GC(318) Pause Young (Allocation Failure) 2700M->2704M(3599M) 77.614ms
[14.560s][info][safepoint] Leaving safepoint region
[14.560s][info][safepoint] Total time for which application threads were stopped: 0.0780931 seconds, Stopping threads took: 0.0000940 seconds
[14.575s][info][safepoint] Application time: 0.0148024 seconds
[14.575s][info][safepoint] Entering safepoint region: GenCollectForAllocation
[14.648s][info][gc       ] GC(319) Pause Young (Allocation Failure) 2774M->2779M(3599M) 73.393ms
[14.649s][info][safepoint] Leaving safepoint region
[14.649s][info][safepoint] Total time for which application threads were stopped: 0.0739457 seconds, Stopping threads took: 0.0001064 seconds
[14.663s][info][safepoint] Application time: 0.0140100 seconds
[14.663s][info][safepoint] Entering safepoint region: GenCollectForAllocation
[14.738s][info][gc       ] GC(320) Pause Young (Allocation Failure) 2848M->2853M(3599M) 74.847ms
[14.738s][info][safepoint] Leaving safepoint region
[14.738s][info][safepoint] Total time for which application threads were stopped: 0.0752935 seconds, Stopping threads took: 0.0001051 seconds
[14.749s][info][safepoint] Application time: 0.0104039 seconds
[14.749s][info][safepoint] Entering safepoint region: GenCollectForAllocation
[14.807s][info][gc       ] GC(321) Pause Young (Allocation Failure) 2904M->2906M(3599M) 57.421ms
[14.807s][info][safepoint] Leaving safepoint region
[14.807s][info][safepoint] Total time for which application threads were stopped: 0.0579575 seconds, Stopping threads took: 0.0001032 seconds
[14.824s][info][safepoint] Application time: 0.0166137 seconds
[14.824s][info][safepoint] Entering safepoint region: GenCollectForAllocation
[14.927s][info][gc       ] GC(322) Pause Young (Allocation Failure) 2975M->2979M(3599M) 102.475ms
[14.927s][info][safepoint] Leaving safepoint region
[14.927s][info][safepoint] Total time for which application threads were stopped: 0.1030130 seconds, Stopping threads took: 0.0001489 seconds
[14.941s][info][safepoint] Application time: 0.0139553 seconds
[14.941s][info][safepoint] Entering safepoint region: GenCollectForAllocation
[15.016s][info][gc       ] GC(323) Pause Young (Allocation Failure) 3049M->3054M(3599M) 75.052ms
[15.017s][info][safepoint] Leaving safepoint region
[15.017s][info][safepoint] Total time for which application threads were stopped: 0.0755575 seconds, Stopping threads took: 0.0001230 seconds
[15.031s][info][safepoint] Application time: 0.0141618 seconds
[15.031s][info][safepoint] Entering safepoint region: GenCollectForAllocation
[15.108s][info][gc       ] GC(324) Pause Young (Allocation Failure) 3125M->3130M(3599M) 76.655ms
[15.108s][info][safepoint] Leaving safepoint region
[15.108s][info][safepoint] Total time for which application threads were stopped: 0.0771590 seconds, Stopping threads took: 0.0001048 seconds
[15.123s][info][safepoint] Application time: 0.0142486 seconds
[15.123s][info][safepoint] Entering safepoint region: GenCollectForAllocation
[15.201s][info][gc       ] GC(325) Pause Young (Allocation Failure) 3185M->3190M(3599M) 77.574ms
[15.201s][info][safepoint] Leaving safepoint region
[15.201s][info][safepoint] Total time for which application threads were stopped: 0.0780686 seconds, Stopping threads took: 0.0000889 seconds
[15.215s][info][safepoint] Application time: 0.0135615 seconds
[15.215s][info][safepoint] Entering safepoint region: GenCollectForAllocation
[15.304s][info][gc       ] GC(326) Pause Young (Allocation Failure) 3261M->3265M(3599M) 89.076ms
[15.304s][info][safepoint] Leaving safepoint region
[15.304s][info][safepoint] Total time for which application threads were stopped: 0.0895997 seconds, Stopping threads took: 0.0001071 seconds
[15.323s][info][safepoint] Application time: 0.0190716 seconds
[15.324s][info][safepoint] Entering safepoint region: GenCollectForAllocation
[15.448s][info][gc       ] GC(327) Pause Young (Allocation Failure) 3336M->3339M(3599M) 124.393ms
[15.449s][info][safepoint] Leaving safepoint region
[15.449s][info][safepoint] Total time for which application threads were stopped: 0.1249346 seconds, Stopping threads took: 0.0001279 seconds
[15.489s][info][safepoint] Application time: 0.0398599 seconds
[15.489s][info][safepoint] Entering safepoint region: GenCollectForAllocation
[15.600s][info][gc       ] GC(328) Pause Young (Allocation Failure) 3347M->3362M(3599M) 110.593ms
[15.600s][info][safepoint] Leaving safepoint region
[15.600s][info][safepoint] Total time for which application threads were stopped: 0.1111616 seconds, Stopping threads took: 0.0001615 seconds
[15.662s][info][safepoint] Application time: 0.0617683 seconds
[15.662s][info][safepoint] Entering safepoint region: GenCollectForAllocation
[15.857s][info][gc       ] GC(329) Pause Young (Allocation Failure) 3270M->3327M(3599M) 193.980ms
[15.857s][info][safepoint] Leaving safepoint region
[15.857s][info][safepoint] Total time for which application threads were stopped: 0.1947760 seconds, Stopping threads took: 0.0004291 seconds
[15.902s][info][safepoint] Application time: 0.0445686 seconds
[15.902s][info][safepoint] Entering safepoint region: GenCollectForAllocation
[15.925s][info][gc       ] GC(330) Pause Young (Allocation Failure) 3322M->3236M(3599M) 22.529ms
[15.925s][info][safepoint] Leaving safepoint region
[15.926s][info][safepoint] Total time for which application threads were stopped: 0.0235415 seconds, Stopping threads took: 0.0001473 seconds
[15.968s][info][safepoint] Application time: 0.0417442 seconds
[15.968s][info][safepoint] Entering safepoint region: GenCollectForAllocation
[15.982s][info][gc       ] GC(331) Pause Young (Allocation Failure) 3241M->3138M(3599M) 13.222ms
[15.982s][info][safepoint] Leaving safepoint region
[15.983s][info][safepoint] Total time for which application threads were stopped: 0.0145694 seconds, Stopping threads took: 0.0004401 seconds
[16.023s][info][safepoint] Application time: 0.0396779 seconds
[16.023s][info][safepoint] Entering safepoint region: GenCollectForAllocation
[16.026s][info][gc       ] GC(332) Pause Young (Allocation Failure) 3086M->2978M(3599M) 1.933ms
[16.026s][info][safepoint] Leaving safepoint region
[16.027s][info][safepoint] Total time for which application threads were stopped: 0.0032904 seconds, Stopping threads took: 0.0004958 seconds
[16.065s][info][safepoint] Application time: 0.0383914 seconds
[16.066s][info][safepoint] Entering safepoint region: GenCollectForAllocation
[16.068s][info][gc       ] GC(333) Pause Young (Allocation Failure) 2989M->2883M(3599M) 1.812ms
[16.068s][info][safepoint] Leaving safepoint region
[16.069s][info][safepoint] Total time for which application threads were stopped: 0.0032345 seconds, Stopping threads took: 0.0004015 seconds
[16.108s][info][safepoint] Application time: 0.0390339 seconds
[16.109s][info][safepoint] Entering safepoint region: GenCollectForAllocation
[16.111s][info][gc       ] GC(334) Pause Young (Allocation Failure) 2890M->2784M(3599M) 1.595ms
[16.111s][info][safepoint] Leaving safepoint region
[16.111s][info][safepoint] Total time for which application threads were stopped: 0.0024818 seconds, Stopping threads took: 0.0002259 seconds
[16.150s][info][safepoint] Application time: 0.0387116 seconds
[16.151s][info][safepoint] Entering safepoint region: GenCollectForAllocation
[16.153s][info][gc       ] GC(335) Pause Young (Allocation Failure) 2791M->2685M(3599M) 1.982ms
[16.153s][info][safepoint] Leaving safepoint region
[16.154s][info][safepoint] Total time for which application threads were stopped: 0.0031497 seconds, Stopping threads took: 0.0003759 seconds
[16.192s][info][safepoint] Application time: 0.0383098 seconds
[16.193s][info][safepoint] Entering safepoint region: GenCollectForAllocation
[16.195s][info][gc       ] GC(336) Pause Young (Allocation Failure) 2693M->2587M(3599M) 1.806ms
[16.195s][info][safepoint] Leaving safepoint region
[16.196s][info][safepoint] Total time for which application threads were stopped: 0.0031101 seconds, Stopping threads took: 0.0004085 seconds
[16.233s][info][safepoint] Application time: 0.0370527 seconds
[16.234s][info][safepoint] Entering safepoint region: GenCollectForAllocation
[16.236s][info][gc       ] GC(337) Pause Young (Allocation Failure) 2540M->2434M(3599M) 1.862ms
[16.237s][info][safepoint] Leaving safepoint region
[16.237s][info][safepoint] Total time for which application threads were stopped: 0.0031247 seconds, Stopping threads took: 0.0005398 seconds
[16.273s][info][safepoint] Application time: 0.0361632 seconds
[16.274s][info][safepoint] Entering safepoint region: GenCollectForAllocation
[16.276s][info][gc       ] GC(338) Pause Young (Allocation Failure) 2453M->2347M(3599M) 1.966ms
[16.277s][info][safepoint] Leaving safepoint region
[16.277s][info][safepoint] Total time for which application threads were stopped: 0.0032693 seconds, Stopping threads took: 0.0003842 seconds
[16.322s][info][safepoint] Application time: 0.0445348 seconds
[16.322s][info][safepoint] Entering safepoint region: GenCollectForAllocation
[16.325s][info][gc       ] GC(339) Pause Young (Allocation Failure) 2390M->2284M(3599M) 1.880ms
[16.325s][info][safepoint] Leaving safepoint region
[16.326s][info][safepoint] Total time for which application threads were stopped: 0.0033472 seconds, Stopping threads took: 0.0003813 seconds
[16.361s][info][safepoint] Application time: 0.0349912 seconds
[16.362s][info][safepoint] Entering safepoint region: GenCollectForAllocation
[16.364s][info][gc       ] GC(340) Pause Young (Allocation Failure) 2330M->2224M(3599M) 1.614ms
[16.364s][info][safepoint] Leaving safepoint region
[16.365s][info][safepoint] Total time for which application threads were stopped: 0.0029352 seconds, Stopping threads took: 0.0004766 seconds
[16.401s][info][safepoint] Application time: 0.0362393 seconds
[16.402s][info][safepoint] Entering safepoint region: GenCollectForAllocation
[16.404s][info][gc       ] GC(341) Pause Young (Allocation Failure) 2272M->2166M(3599M) 1.686ms
[16.404s][info][safepoint] Leaving safepoint region
[16.405s][info][safepoint] Total time for which application threads were stopped: 0.0027440 seconds, Stopping threads took: 0.0002645 seconds
[16.442s][info][safepoint] Application time: 0.0369018 seconds
[16.442s][info][safepoint] Entering safepoint region: GenCollectForAllocation
[16.444s][info][gc       ] GC(342) Pause Young (Allocation Failure) 2213M->2107M(3599M) 1.965ms
[16.445s][info][safepoint] Leaving safepoint region
[16.445s][info][safepoint] Total time for which application threads were stopped: 0.0028701 seconds, Stopping threads took: 0.0003019 seconds
[16.482s][info][safepoint] Application time: 0.0364022 seconds
[16.482s][info][safepoint] Entering safepoint region: GenCollectForAllocation
[16.484s][info][gc       ] GC(343) Pause Young (Allocation Failure) 2208M->2102M(3599M) 1.608ms
[16.484s][info][safepoint] Leaving safepoint region
[16.485s][info][safepoint] Total time for which application threads were stopped: 0.0028374 seconds, Stopping threads took: 0.0003763 seconds
[16.521s][info][safepoint] Application time: 0.0360131 seconds
[16.522s][info][safepoint] Entering safepoint region: GenCollectForAllocation
[16.524s][info][gc       ] GC(344) Pause Young (Allocation Failure) 2208M->2102M(3599M) 1.989ms
[16.524s][info][safepoint] Leaving safepoint region
[16.525s][info][safepoint] Total time for which application threads were stopped: 0.0032808 seconds, Stopping threads took: 0.0004539 seconds
[16.561s][info][safepoint] Application time: 0.0356741 seconds
[16.561s][info][safepoint] Entering safepoint region: GenCollectForAllocation
[16.564s][info][gc       ] GC(345) Pause Young (Allocation Failure) 2208M->2102M(3599M) 1.946ms
[16.564s][info][safepoint] Leaving safepoint region
[16.565s][info][safepoint] Total time for which application threads were stopped: 0.0032171 seconds, Stopping threads took: 0.0004119 seconds
[16.601s][info][safepoint] Application time: 0.0358200 seconds
[16.601s][info][safepoint] Entering safepoint region: GenCollectForAllocation
[16.603s][info][gc       ] GC(346) Pause Young (Allocation Failure) 2208M->2102M(3599M) 1.667ms
[16.603s][info][safepoint] Leaving safepoint region
[16.604s][info][safepoint] Total time for which application threads were stopped: 0.0026360 seconds, Stopping threads took: 0.0002767 seconds
[16.641s][info][safepoint] Application time: 0.0371016 seconds
[16.641s][info][safepoint] Entering safepoint region: GenCollectForAllocation
[16.644s][info][gc       ] GC(347) Pause Young (Allocation Failure) 2208M->2102M(3599M) 1.862ms
[16.644s][info][safepoint] Leaving safepoint region
[16.644s][info][safepoint] Total time for which application threads were stopped: 0.0028734 seconds, Stopping threads took: 0.0004318 seconds
[16.681s][info][safepoint] Application time: 0.0367470 seconds
[16.682s][info][safepoint] Entering safepoint region: GenCollectForAllocation
[16.684s][info][gc       ] GC(348) Pause Young (Allocation Failure) 2208M->2102M(3599M) 1.605ms
[16.684s][info][safepoint] Leaving safepoint region
[16.684s][info][safepoint] Total time for which application threads were stopped: 0.0026574 seconds, Stopping threads took: 0.0002466 seconds
[16.691s][info][gc       ] GC(311) Concurrent Sweep 2599.256ms
[16.692s][info][gc       ] GC(311) Concurrent Reset
[16.696s][info][gc       ] GC(311) Concurrent Reset 3.485ms
[16.722s][info][safepoint] Application time: 0.0368210 seconds
[16.722s][info][safepoint] Entering safepoint region: GenCollectForAllocation
[16.725s][info][gc       ] GC(349) Pause Young (Allocation Failure) 2208M->2102M(3623M) 2.157ms
[16.725s][info][safepoint] Leaving safepoint region
[16.725s][info][safepoint] Total time for which application threads were stopped: 0.0034007 seconds, Stopping threads took: 0.0004814 seconds
[16.761s][info][safepoint] Application time: 0.0357401 seconds
[16.762s][info][safepoint] Entering safepoint region: GenCollectForAllocation
[16.764s][info][gc       ] GC(350) Pause Young (Allocation Failure) 2208M->2102M(3623M) 1.965ms
[16.765s][info][safepoint] Leaving safepoint region
[16.765s][info][safepoint] Total time for which application threads were stopped: 0.0031322 seconds, Stopping threads took: 0.0004243 seconds
[16.802s][info][safepoint] Application time: 0.0364569 seconds
[16.802s][info][safepoint] Entering safepoint region: GenCollectForAllocation
[16.804s][info][gc       ] GC(351) Pause Young (Allocation Failure) 2208M->2102M(3623M) 1.536ms
[16.805s][info][safepoint] Leaving safepoint region
[16.805s][info][safepoint] Total time for which application threads were stopped: 0.0029745 seconds, Stopping threads took: 0.0004933 seconds
[16.842s][info][safepoint] Application time: 0.0359556 seconds
[16.842s][info][safepoint] Entering safepoint region: GenCollectForAllocation
[16.844s][info][gc       ] GC(352) Pause Young (Allocation Failure) 2208M->2102M(3623M) 1.827ms
[16.845s][info][safepoint] Leaving safepoint region
[16.845s][info][safepoint] Total time for which application threads were stopped: 0.0028828 seconds, Stopping threads took: 0.0002587 seconds
[16.882s][info][safepoint] Application time: 0.0370599 seconds
[16.883s][info][safepoint] Entering safepoint region: GenCollectForAllocation
[16.885s][info][gc       ] GC(353) Pause Young (Allocation Failure) 2208M->2102M(3623M) 1.801ms
[16.885s][info][safepoint] Leaving safepoint region
[16.886s][info][safepoint] Total time for which application threads were stopped: 0.0029446 seconds, Stopping threads took: 0.0003124 seconds
[16.923s][info][safepoint] Application time: 0.0363829 seconds
[16.923s][info][safepoint] Entering safepoint region: GenCollectForAllocation
[16.925s][info][gc       ] GC(354) Pause Young (Allocation Failure) 2208M->2102M(3623M) 1.521ms
[16.925s][info][safepoint] Leaving safepoint region
[16.926s][info][safepoint] Total time for which application threads were stopped: 0.0026407 seconds, Stopping threads took: 0.0003769 seconds
[16.960s][info][safepoint] Application time: 0.0336026 seconds
[16.960s][info][safepoint] Entering safepoint region: GenCollectForAllocation
[16.962s][info][gc       ] GC(355) Pause Young (Allocation Failure) 2208M->2102M(3623M) 2.091ms
[16.963s][info][safepoint] Leaving safepoint region
[16.963s][info][safepoint] Total time for which application threads were stopped: 0.0030444 seconds, Stopping threads took: 0.0002752 seconds
[16.998s][info][safepoint] Application time: 0.0342175 seconds
[16.998s][info][safepoint] Entering safepoint region: GenCollectForAllocation
[17.000s][info][gc       ] GC(356) Pause Young (Allocation Failure) 2208M->2102M(3623M) 1.575ms
[17.001s][info][safepoint] Leaving safepoint region
[17.001s][info][safepoint] Total time for which application threads were stopped: 0.0028260 seconds, Stopping threads took: 0.0004816 seconds
[17.034s][info][safepoint] Application time: 0.0328328 seconds
[17.034s][info][safepoint] Entering safepoint region: GenCollectForAllocation
[17.036s][info][gc       ] GC(357) Pause Young (Allocation Failure) 2208M->2102M(3623M) 1.707ms
[17.037s][info][safepoint] Leaving safepoint region
[17.037s][info][safepoint] Total time for which application threads were stopped: 0.0029448 seconds, Stopping threads took: 0.0003634 seconds
[17.071s][info][safepoint] Application time: 0.0335726 seconds
[17.072s][info][safepoint] Entering safepoint region: GenCollectForAllocation
[17.074s][info][gc       ] GC(358) Pause Young (Allocation Failure) 2208M->2102M(3623M) 1.578ms
[17.074s][info][safepoint] Leaving safepoint region
[17.074s][info][safepoint] Total time for which application threads were stopped: 0.0026604 seconds, Stopping threads took: 0.0003823 seconds
[17.110s][info][safepoint] Application time: 0.0350815 seconds
[17.110s][info][safepoint] Entering safepoint region: GenCollectForAllocation
[17.113s][info][gc       ] GC(359) Pause Young (Allocation Failure) 2208M->2102M(3623M) 1.972ms
[17.113s][info][safepoint] Leaving safepoint region
[17.113s][info][safepoint] Total time for which application threads were stopped: 0.0031954 seconds, Stopping threads took: 0.0004266 seconds
[17.149s][info][safepoint] Application time: 0.0349968 seconds
[17.149s][info][safepoint] Entering safepoint region: GenCollectForAllocation
[17.151s][info][gc       ] GC(360) Pause Young (Allocation Failure) 2208M->2102M(3623M) 1.808ms
[17.151s][info][safepoint] Leaving safepoint region
[17.151s][info][safepoint] Total time for which application threads were stopped: 0.0022500 seconds, Stopping threads took: 0.0001529 seconds
[17.189s][info][safepoint] Application time: 0.0375410 seconds
[17.189s][info][safepoint] Entering safepoint region: GenCollectForAllocation
[17.191s][info][gc       ] GC(361) Pause Young (Allocation Failure) 2208M->2102M(3623M) 1.884ms
[17.192s][info][safepoint] Leaving safepoint region
[17.192s][info][safepoint] Total time for which application threads were stopped: 0.0028542 seconds, Stopping threads took: 0.0003365 seconds
[17.226s][info][safepoint] Application time: 0.0342658 seconds
[17.227s][info][safepoint] Entering safepoint region: GenCollectForAllocation
[17.229s][info][gc       ] GC(362) Pause Young (Allocation Failure) 2208M->2102M(3623M) 1.704ms
[17.229s][info][safepoint] Leaving safepoint region
[17.230s][info][safepoint] Total time for which application threads were stopped: 0.0029878 seconds, Stopping threads took: 0.0003184 seconds
[17.265s][info][safepoint] Application time: 0.0348231 seconds
[17.266s][info][safepoint] Entering safepoint region: GenCollectForAllocation
[17.268s][info][gc       ] GC(363) Pause Young (Allocation Failure) 2208M->2102M(3623M) 1.926ms
[17.268s][info][safepoint] Leaving safepoint region
[17.269s][info][safepoint] Total time for which application threads were stopped: 0.0033239 seconds, Stopping threads took: 0.0003406 seconds
[17.303s][info][safepoint] Application time: 0.0341848 seconds
[17.304s][info][safepoint] Entering safepoint region: GenCollectForAllocation
[17.306s][info][gc       ] GC(364) Pause Young (Allocation Failure) 2208M->2102M(3623M) 1.591ms
[17.306s][info][safepoint] Leaving safepoint region
[17.306s][info][safepoint] Total time for which application threads were stopped: 0.0027288 seconds, Stopping threads took: 0.0002254 seconds
[17.341s][info][safepoint] Application time: 0.0345313 seconds
[17.342s][info][safepoint] Entering safepoint region: GenCollectForAllocation
[17.344s][info][gc       ] GC(365) Pause Young (Allocation Failure) 2208M->2102M(3623M) 1.902ms
[17.344s][info][safepoint] Leaving safepoint region
[17.345s][info][safepoint] Total time for which application threads were stopped: 0.0031095 seconds, Stopping threads took: 0.0002636 seconds
[17.381s][info][safepoint] Application time: 0.0356608 seconds
[17.381s][info][safepoint] Entering safepoint region: GenCollectForAllocation
[17.383s][info][gc       ] GC(366) Pause Young (Allocation Failure) 2208M->2102M(3623M) 1.572ms
[17.384s][info][safepoint] Leaving safepoint region
[17.384s][info][safepoint] Total time for which application threads were stopped: 0.0026367 seconds, Stopping threads took: 0.0004707 seconds
[17.420s][info][safepoint] Application time: 0.0358810 seconds
[17.421s][info][safepoint] Entering safepoint region: GenCollectForAllocation
[17.423s][info][gc       ] GC(367) Pause Young (Allocation Failure) 2208M->2102M(3623M) 1.548ms
[17.423s][info][safepoint] Leaving safepoint region
[17.424s][info][safepoint] Total time for which application threads were stopped: 0.0029061 seconds, Stopping threads took: 0.0004461 seconds
[17.461s][info][safepoint] Application time: 0.0363549 seconds
[17.461s][info][safepoint] Entering safepoint region: GenCollectForAllocation
[17.463s][info][gc       ] GC(368) Pause Young (Allocation Failure) 2208M->2102M(3623M) 2.009ms
[17.464s][info][safepoint] Leaving safepoint region
[17.464s][info][safepoint] Total time for which application threads were stopped: 0.0030671 seconds, Stopping threads took: 0.0002759 seconds
[17.500s][info][safepoint] Application time: 0.0358449 seconds
[17.500s][info][safepoint] Entering safepoint region: GenCollectForAllocation
[17.502s][info][gc       ] GC(369) Pause Young (Allocation Failure) 2208M->2102M(3623M) 1.560ms
[17.503s][info][safepoint] Leaving safepoint region
[17.503s][info][safepoint] Total time for which application threads were stopped: 0.0029562 seconds, Stopping threads took: 0.0004664 seconds
[17.541s][info][safepoint] Application time: 0.0375678 seconds
[17.542s][info][safepoint] Entering safepoint region: GenCollectForAllocation
[17.544s][info][gc       ] GC(370) Pause Young (Allocation Failure) 2208M->2102M(3623M) 1.716ms
[17.544s][info][safepoint] Leaving safepoint region
[17.545s][info][safepoint] Total time for which application threads were stopped: 0.0027728 seconds, Stopping threads took: 0.0003988 seconds
[17.584s][info][safepoint] Application time: 0.0386896 seconds
[17.584s][info][safepoint] Entering safepoint region: GenCollectForAllocation
[17.586s][info][gc       ] GC(371) Pause Young (Allocation Failure) 2208M->2102M(3623M) 1.816ms
[17.586s][info][safepoint] Leaving safepoint region
[17.587s][info][safepoint] Total time for which application threads were stopped: 0.0029859 seconds, Stopping threads took: 0.0002376 seconds
[17.623s][info][safepoint] Application time: 0.0362312 seconds
[17.624s][info][safepoint] Entering safepoint region: GenCollectForAllocation
[17.626s][info][gc       ] GC(372) Pause Young (Allocation Failure) 2208M->2102M(3623M) 1.815ms
[17.627s][info][safepoint] Leaving safepoint region
[17.627s][info][safepoint] Total time for which application threads were stopped: 0.0027869 seconds, Stopping threads took: 0.0005202 seconds
[17.661s][info][safepoint] Application time: 0.0336077 seconds
[17.661s][info][safepoint] Entering safepoint region: GenCollectForAllocation
[17.663s][info][gc       ] GC(373) Pause Young (Allocation Failure) 2208M->2102M(3623M) 1.705ms
[17.664s][info][safepoint] Leaving safepoint region
[17.664s][info][safepoint] Total time for which application threads were stopped: 0.0028811 seconds, Stopping threads took: 0.0004788 seconds
[17.698s][info][safepoint] Application time: 0.0341121 seconds
[17.699s][info][safepoint] Entering safepoint region: GenCollectForAllocation
[17.700s][info][gc       ] GC(374) Pause Young (Allocation Failure) 2208M->2102M(3623M) 1.555ms
[17.701s][info][safepoint] Leaving safepoint region
[17.701s][info][safepoint] Total time for which application threads were stopped: 0.0023550 seconds, Stopping threads took: 0.0002201 seconds
[17.737s][info][safepoint] Application time: 0.0359321 seconds
[17.737s][info][safepoint] Entering safepoint region: GenCollectForAllocation
[17.739s][info][gc       ] GC(375) Pause Young (Allocation Failure) 2208M->2102M(3623M) 1.479ms
[17.740s][info][safepoint] Leaving safepoint region
[17.740s][info][safepoint] Total time for which application threads were stopped: 0.0026957 seconds, Stopping threads took: 0.0004260 seconds
[17.777s][info][safepoint] Application time: 0.0360795 seconds
[17.777s][info][safepoint] Entering safepoint region: GenCollectForAllocation
[17.780s][info][gc       ] GC(376) Pause Young (Allocation Failure) 2208M->2102M(3623M) 1.964ms
[17.780s][info][safepoint] Leaving safepoint region
[17.780s][info][safepoint] Total time for which application threads were stopped: 0.0031154 seconds, Stopping threads took: 0.0004147 seconds
[17.817s][info][safepoint] Application time: 0.0366517 seconds
[17.818s][info][safepoint] Entering safepoint region: GenCollectForAllocation
[17.820s][info][gc       ] GC(377) Pause Young (Allocation Failure) 2208M->2102M(3623M) 2.007ms
[17.820s][info][safepoint] Leaving safepoint region
[17.821s][info][safepoint] Total time for which application threads were stopped: 0.0028317 seconds, Stopping threads took: 0.0003939 seconds
[17.857s][info][safepoint] Application time: 0.0358644 seconds
[17.857s][info][safepoint] Entering safepoint region: GenCollectForAllocation
[17.859s][info][gc       ] GC(378) Pause Young (Allocation Failure) 2208M->2102M(3623M) 2.005ms
[17.860s][info][safepoint] Leaving safepoint region
[17.860s][info][safepoint] Total time for which application threads were stopped: 0.0029629 seconds, Stopping threads took: 0.0003820 seconds
[17.893s][info][safepoint] Application time: 0.0329610 seconds
[17.894s][info][safepoint] Entering safepoint region: GenCollectForAllocation
[17.896s][info][gc       ] GC(379) Pause Young (Allocation Failure) 2208M->2102M(3623M) 1.608ms
[17.896s][info][safepoint] Leaving safepoint region
[17.897s][info][safepoint] Total time for which application threads were stopped: 0.0029216 seconds, Stopping threads took: 0.0003626 seconds
[17.932s][info][safepoint] Application time: 0.0348498 seconds
[17.932s][info][safepoint] Entering safepoint region: GenCollectForAllocation
[17.934s][info][gc       ] GC(380) Pause Young (Allocation Failure) 2208M->2102M(3623M) 1.560ms
[17.935s][info][safepoint] Leaving safepoint region
[17.935s][info][safepoint] Total time for which application threads were stopped: 0.0025015 seconds, Stopping threads took: 0.0004137 seconds
[17.971s][info][safepoint] Application time: 0.0357531 seconds
[17.971s][info][safepoint] Entering safepoint region: GenCollectForAllocation
[17.973s][info][gc       ] GC(381) Pause Young (Allocation Failure) 2208M->2102M(3623M) 1.860ms
[17.974s][info][safepoint] Leaving safepoint region
[17.974s][info][safepoint] Total time for which application threads were stopped: 0.0029862 seconds, Stopping threads took: 0.0002226 seconds
[18.010s][info][safepoint] Application time: 0.0355875 seconds
[18.010s][info][safepoint] Entering safepoint region: GenCollectForAllocation
[18.012s][info][gc       ] GC(382) Pause Young (Allocation Failure) 2208M->2102M(3623M) 1.751ms
[18.013s][info][safepoint] Leaving safepoint region
[18.013s][info][safepoint] Total time for which application threads were stopped: 0.0027267 seconds, Stopping threads took: 0.0003125 seconds
[18.049s][info][safepoint] Application time: 0.0355254 seconds
[18.049s][info][safepoint] Entering safepoint region: GenCollectForAllocation
[18.051s][info][gc       ] GC(383) Pause Young (Allocation Failure) 2208M->2102M(3623M) 1.641ms
[18.052s][info][safepoint] Leaving safepoint region
[18.052s][info][safepoint] Total time for which application threads were stopped: 0.0026719 seconds, Stopping threads took: 0.0004098 seconds
[18.085s][info][safepoint] Application time: 0.0330287 seconds
[18.086s][info][safepoint] Entering safepoint region: GenCollectForAllocation
[18.088s][info][gc       ] GC(384) Pause Young (Allocation Failure) 2208M->2102M(3623M) 1.704ms
[18.088s][info][safepoint] Leaving safepoint region
[18.089s][info][safepoint] Total time for which application threads were stopped: 0.0029146 seconds, Stopping threads took: 0.0003690 seconds
[18.125s][info][safepoint] Application time: 0.0356494 seconds
[18.125s][info][safepoint] Entering safepoint region: GenCollectForAllocation
[18.127s][info][gc       ] GC(385) Pause Young (Allocation Failure) 2208M->2102M(3623M) 1.954ms
[18.128s][info][safepoint] Leaving safepoint region
[18.128s][info][safepoint] Total time for which application threads were stopped: 0.0033824 seconds, Stopping threads took: 0.0004277 seconds
[18.165s][info][safepoint] Application time: 0.0358949 seconds
[18.165s][info][safepoint] Entering safepoint region: GenCollectForAllocation
[18.167s][info][gc       ] GC(386) Pause Young (Allocation Failure) 2208M->2102M(3623M) 1.630ms
[18.168s][info][safepoint] Leaving safepoint region
[18.168s][info][safepoint] Total time for which application threads were stopped: 0.0031024 seconds, Stopping threads took: 0.0005059 seconds
[18.204s][info][safepoint] Application time: 0.0353306 seconds
[18.204s][info][safepoint] Entering safepoint region: GenCollectForAllocation
[18.206s][info][gc       ] GC(387) Pause Young (Allocation Failure) 2208M->2102M(3623M) 1.806ms
[18.207s][info][safepoint] Leaving safepoint region
[18.207s][info][safepoint] Total time for which application threads were stopped: 0.0029410 seconds, Stopping threads took: 0.0002588 seconds
[18.243s][info][safepoint] Application time: 0.0353032 seconds
[18.243s][info][safepoint] Entering safepoint region: GenCollectForAllocation
[18.246s][info][gc       ] GC(388) Pause Young (Allocation Failure) 2208M->2102M(3623M) 1.975ms
[18.246s][info][safepoint] Leaving safepoint region
[18.246s][info][safepoint] Total time for which application threads were stopped: 0.0029966 seconds, Stopping threads took: 0.0004770 seconds
[18.283s][info][safepoint] Application time: 0.0362096 seconds
[18.283s][info][safepoint] Entering safepoint region: GenCollectForAllocation
[18.286s][info][gc       ] GC(389) Pause Young (Allocation Failure) 2208M->2102M(3623M) 1.733ms
[18.286s][info][safepoint] Leaving safepoint region
[18.286s][info][safepoint] Total time for which application threads were stopped: 0.0028162 seconds, Stopping threads took: 0.0005958 seconds
[18.323s][info][safepoint] Application time: 0.0365199 seconds
[18.323s][info][safepoint] Entering safepoint region: GenCollectForAllocation
[18.326s][info][gc       ] GC(390) Pause Young (Allocation Failure) 2208M->2102M(3623M) 2.034ms
[18.326s][info][safepoint] Leaving safepoint region
[18.326s][info][safepoint] Total time for which application threads were stopped: 0.0030398 seconds, Stopping threads took: 0.0003418 seconds
[18.360s][info][safepoint] Application time: 0.0335765 seconds
[18.361s][info][safepoint] Entering safepoint region: GenCollectForAllocation
[18.363s][info][gc       ] GC(391) Pause Young (Allocation Failure) 2208M->2102M(3623M) 1.960ms
[18.363s][info][safepoint] Leaving safepoint region
[18.364s][info][safepoint] Total time for which application threads were stopped: 0.0031531 seconds, Stopping threads took: 0.0003785 seconds
[18.399s][info][safepoint] Application time: 0.0349976 seconds
[18.399s][info][safepoint] Entering safepoint region: GenCollectForAllocation
[18.402s][info][gc       ] GC(392) Pause Young (Allocation Failure) 2208M->2102M(3623M) 1.825ms
[18.402s][info][safepoint] Leaving safepoint region
[18.402s][info][safepoint] Total time for which application threads were stopped: 0.0029707 seconds, Stopping threads took: 0.0004284 seconds
[18.438s][info][safepoint] Application time: 0.0353847 seconds
[18.439s][info][safepoint] Entering safepoint region: GenCollectForAllocation
[18.441s][info][gc       ] GC(393) Pause Young (Allocation Failure) 2208M->2102M(3623M) 1.618ms
[18.441s][info][safepoint] Leaving safepoint region
[18.441s][info][safepoint] Total time for which application threads were stopped: 0.0025982 seconds, Stopping threads took: 0.0002725 seconds
[18.477s][info][safepoint] Application time: 0.0356160 seconds
[18.477s][info][safepoint] Entering safepoint region: GenCollectForAllocation
[18.479s][info][gc       ] GC(394) Pause Young (Allocation Failure) 2208M->2102M(3623M) 1.632ms
[18.480s][info][safepoint] Leaving safepoint region
[18.480s][info][safepoint] Total time for which application threads were stopped: 0.0027358 seconds, Stopping threads took: 0.0002314 seconds
[18.516s][info][safepoint] Application time: 0.0357121 seconds
[18.517s][info][safepoint] Entering safepoint region: GenCollectForAllocation
[18.519s][info][gc       ] GC(395) Pause Young (Allocation Failure) 2208M->2102M(3623M) 1.511ms
[18.519s][info][safepoint] Leaving safepoint region
[18.519s][info][safepoint] Total time for which application threads were stopped: 0.0027113 seconds, Stopping threads took: 0.0004378 seconds
[18.556s][info][safepoint] Application time: 0.0368732 seconds
[18.557s][info][safepoint] Entering safepoint region: GenCollectForAllocation
[18.559s][info][gc       ] GC(396) Pause Young (Allocation Failure) 2208M->2102M(3623M) 1.553ms
[18.559s][info][safepoint] Leaving safepoint region
[18.560s][info][safepoint] Total time for which application threads were stopped: 0.0026185 seconds, Stopping threads took: 0.0004293 seconds
[18.597s][info][safepoint] Application time: 0.0370765 seconds
[18.597s][info][safepoint] Entering safepoint region: GenCollectForAllocation
[18.599s][info][gc       ] GC(397) Pause Young (Allocation Failure) 2208M->2102M(3623M) 1.881ms
[18.600s][info][safepoint] Leaving safepoint region
[18.600s][info][safepoint] Total time for which application threads were stopped: 0.0028039 seconds, Stopping threads took: 0.0002748 seconds
[18.636s][info][safepoint] Application time: 0.0355323 seconds
[18.636s][info][safepoint] Entering safepoint region: GenCollectForAllocation
[18.638s][info][gc       ] GC(398) Pause Young (Allocation Failure) 2208M->2102M(3623M) 1.874ms
[18.639s][info][safepoint] Leaving safepoint region
[18.639s][info][safepoint] Total time for which application threads were stopped: 0.0029334 seconds, Stopping threads took: 0.0002953 seconds
[18.675s][info][safepoint] Application time: 0.0359474 seconds
[18.676s][info][safepoint] Entering safepoint region: GenCollectForAllocation
[18.678s][info][gc       ] GC(399) Pause Young (Allocation Failure) 2208M->2102M(3623M) 1.689ms
[18.678s][info][safepoint] Leaving safepoint region
[18.679s][info][safepoint] Total time for which application threads were stopped: 0.0028609 seconds, Stopping threads took: 0.0002423 seconds
[18.715s][info][safepoint] Application time: 0.0356511 seconds
[18.715s][info][safepoint] Entering safepoint region: GenCollectForAllocation
[18.717s][info][gc       ] GC(400) Pause Young (Allocation Failure) 2208M->2102M(3623M) 1.644ms
[18.717s][info][safepoint] Leaving safepoint region
[18.717s][info][safepoint] Total time for which application threads were stopped: 0.0024220 seconds, Stopping threads took: 0.0001755 seconds
[18.753s][info][safepoint] Application time: 0.0356866 seconds
[18.754s][info][safepoint] Entering safepoint region: GenCollectForAllocation
[18.755s][info][gc       ] GC(401) Pause Young (Allocation Failure) 2208M->2102M(3623M) 1.517ms
[18.756s][info][safepoint] Leaving safepoint region
[18.756s][info][safepoint] Total time for which application threads were stopped: 0.0024462 seconds, Stopping threads took: 0.0002980 seconds
[18.792s][info][safepoint] Application time: 0.0355204 seconds
[18.792s][info][safepoint] Entering safepoint region: GenCollectForAllocation
[18.794s][info][gc       ] GC(402) Pause Young (Allocation Failure) 2208M->2102M(3623M) 1.780ms
[18.795s][info][safepoint] Leaving safepoint region
[18.795s][info][safepoint] Total time for which application threads were stopped: 0.0030139 seconds, Stopping threads took: 0.0002970 seconds
[18.833s][info][safepoint] Application time: 0.0370017 seconds
[18.833s][info][safepoint] Entering safepoint region: GenCollectForAllocation
[18.835s][info][gc       ] GC(403) Pause Young (Allocation Failure) 2208M->2102M(3623M) 1.974ms
[18.836s][info][safepoint] Leaving safepoint region
[18.836s][info][safepoint] Total time for which application threads were stopped: 0.0030031 seconds, Stopping threads took: 0.0003311 seconds
[18.870s][info][safepoint] Application time: 0.0342841 seconds
[18.871s][info][safepoint] Entering safepoint region: GenCollectForAllocation
[18.873s][info][gc       ] GC(404) Pause Young (Allocation Failure) 2208M->2102M(3623M) 1.790ms
[18.873s][info][safepoint] Leaving safepoint region
[18.874s][info][safepoint] Total time for which application threads were stopped: 0.0028243 seconds, Stopping threads took: 0.0002774 seconds
[18.911s][info][safepoint] Application time: 0.0367177 seconds
[18.911s][info][safepoint] Entering safepoint region: GenCollectForAllocation
[18.913s][info][gc       ] GC(405) Pause Young (Allocation Failure) 2208M->2102M(3623M) 1.695ms
[18.913s][info][safepoint] Leaving safepoint region
[18.914s][info][safepoint] Total time for which application threads were stopped: 0.0027590 seconds, Stopping threads took: 0.0003722 seconds
[18.950s][info][safepoint] Application time: 0.0362308 seconds
[18.951s][info][safepoint] Entering safepoint region: GenCollectForAllocation
[18.953s][info][gc       ] GC(406) Pause Young (Allocation Failure) 2208M->2102M(3623M) 1.445ms
[18.953s][info][safepoint] Leaving safepoint region
[18.953s][info][safepoint] Total time for which application threads were stopped: 0.0023783 seconds, Stopping threads took: 0.0004114 seconds
[18.988s][info][safepoint] Application time: 0.0348625 seconds
[18.988s][info][safepoint] Entering safepoint region: GenCollectForAllocation
[18.990s][info][gc       ] GC(407) Pause Young (Allocation Failure) 2208M->2102M(3623M) 1.625ms
[18.991s][info][safepoint] Leaving safepoint region
[18.991s][info][safepoint] Total time for which application threads were stopped: 0.0026900 seconds, Stopping threads took: 0.0003419 seconds
[19.027s][info][safepoint] Application time: 0.0357161 seconds
[19.028s][info][safepoint] Entering safepoint region: GenCollectForAllocation
[19.030s][info][gc       ] GC(408) Pause Young (Allocation Failure) 2208M->2102M(3623M) 1.567ms
[19.030s][info][safepoint] Leaving safepoint region
[19.030s][info][safepoint] Total time for which application threads were stopped: 0.0028861 seconds, Stopping threads took: 0.0004158 seconds
[19.066s][info][safepoint] Application time: 0.0350535 seconds
[19.066s][info][safepoint] Entering safepoint region: GenCollectForAllocation
[19.068s][info][gc       ] GC(409) Pause Young (Allocation Failure) 2208M->2102M(3623M) 1.567ms
[19.069s][info][safepoint] Leaving safepoint region
[19.069s][info][safepoint] Total time for which application threads were stopped: 0.0028827 seconds, Stopping threads took: 0.0004705 seconds
[19.105s][info][safepoint] Application time: 0.0359278 seconds
[19.106s][info][safepoint] Entering safepoint region: GenCollectForAllocation
[19.108s][info][gc       ] GC(410) Pause Young (Allocation Failure) 2208M->2102M(3623M) 2.012ms
[19.108s][info][safepoint] Leaving safepoint region
[19.109s][info][safepoint] Total time for which application threads were stopped: 0.0030167 seconds, Stopping threads took: 0.0002616 seconds
[19.145s][info][safepoint] Application time: 0.0355078 seconds
[19.145s][info][safepoint] Entering safepoint region: GenCollectForAllocation
[19.147s][info][gc       ] GC(411) Pause Young (Allocation Failure) 2208M->2102M(3623M) 1.613ms
[19.147s][info][safepoint] Leaving safepoint region
[19.148s][info][safepoint] Total time for which application threads were stopped: 0.0027220 seconds, Stopping threads took: 0.0003034 seconds
[19.184s][info][safepoint] Application time: 0.0359842 seconds
[19.184s][info][safepoint] Entering safepoint region: GenCollectForAllocation
[19.187s][info][gc       ] GC(412) Pause Young (Allocation Failure) 2208M->2102M(3623M) 1.799ms
[19.187s][info][safepoint] Leaving safepoint region
[19.188s][info][safepoint] Total time for which application threads were stopped: 0.0031674 seconds, Stopping threads took: 0.0004848 seconds
[19.224s][info][safepoint] Application time: 0.0358357 seconds
[19.224s][info][safepoint] Entering safepoint region: GenCollectForAllocation
[19.226s][info][gc       ] GC(413) Pause Young (Allocation Failure) 2208M->2102M(3623M) 1.615ms
[19.226s][info][safepoint] Leaving safepoint region
[19.227s][info][safepoint] Total time for which application threads were stopped: 0.0026670 seconds, Stopping threads took: 0.0001777 seconds
[19.263s][info][safepoint] Application time: 0.0359629 seconds
[19.264s][info][safepoint] Entering safepoint region: GenCollectForAllocation
[19.266s][info][gc       ] GC(414) Pause Young (Allocation Failure) 2208M->2102M(3623M) 1.971ms
[19.266s][info][safepoint] Leaving safepoint region
[19.267s][info][safepoint] Total time for which application threads were stopped: 0.0032502 seconds, Stopping threads took: 0.0004407 seconds
[19.303s][info][safepoint] Application time: 0.0354359 seconds
[19.303s][info][safepoint] Entering safepoint region: GenCollectForAllocation
[19.305s][info][gc       ] GC(415) Pause Young (Allocation Failure) 2208M->2102M(3623M) 1.736ms
[19.305s][info][safepoint] Leaving safepoint region
[19.306s][info][safepoint] Total time for which application threads were stopped: 0.0028315 seconds, Stopping threads took: 0.0001653 seconds
[19.342s][info][safepoint] Application time: 0.0356396 seconds
[19.342s][info][safepoint] Entering safepoint region: GenCollectForAllocation
[19.345s][info][gc       ] GC(416) Pause Young (Allocation Failure) 2208M->2102M(3623M) 1.958ms
[19.345s][info][safepoint] Leaving safepoint region
[19.345s][info][safepoint] Total time for which application threads were stopped: 0.0030201 seconds, Stopping threads took: 0.0004008 seconds
[19.381s][info][safepoint] Application time: 0.0356997 seconds
[19.381s][info][safepoint] Entering safepoint region: GenCollectForAllocation
[19.384s][info][gc       ] GC(417) Pause Young (Allocation Failure) 2208M->2102M(3623M) 1.589ms
[19.384s][info][safepoint] Leaving safepoint region
[19.384s][info][safepoint] Total time for which application threads were stopped: 0.0025992 seconds, Stopping threads took: 0.0004496 seconds
[19.420s][info][safepoint] Application time: 0.0352507 seconds
[19.420s][info][safepoint] Entering safepoint region: GenCollectForAllocation
[19.422s][info][gc       ] GC(418) Pause Young (Allocation Failure) 2208M->2102M(3623M) 1.612ms
[19.422s][info][safepoint] Leaving safepoint region
[19.423s][info][safepoint] Total time for which application threads were stopped: 0.0025935 seconds, Stopping threads took: 0.0003589 seconds
[19.458s][info][safepoint] Application time: 0.0354562 seconds
[19.459s][info][safepoint] Entering safepoint region: GenCollectForAllocation
[19.461s][info][gc       ] GC(419) Pause Young (Allocation Failure) 2208M->2102M(3623M) 1.984ms
[19.461s][info][safepoint] Leaving safepoint region
[19.462s][info][safepoint] Total time for which application threads were stopped: 0.0028969 seconds, Stopping threads took: 0.0002449 seconds
[19.497s][info][safepoint] Application time: 0.0356234 seconds
[19.498s][info][safepoint] Entering safepoint region: GenCollectForAllocation
[19.500s][info][gc       ] GC(420) Pause Young (Allocation Failure) 2208M->2102M(3623M) 1.556ms
[19.500s][info][safepoint] Leaving safepoint region
[19.501s][info][safepoint] Total time for which application threads were stopped: 0.0027908 seconds, Stopping threads took: 0.0004761 seconds
[19.536s][info][safepoint] Application time: 0.0356405 seconds
[19.537s][info][safepoint] Entering safepoint region: GenCollectForAllocation
[19.539s][info][gc       ] GC(421) Pause Young (Allocation Failure) 2208M->2102M(3623M) 2.019ms
[19.539s][info][safepoint] Leaving safepoint region
[19.540s][info][safepoint] Total time for which application threads were stopped: 0.0029578 seconds, Stopping threads took: 0.0003792 seconds
[19.573s][info][safepoint] Application time: 0.0329753 seconds
[19.573s][info][safepoint] Entering safepoint region: GenCollectForAllocation
[19.575s][info][gc       ] GC(422) Pause Young (Allocation Failure) 2208M->2102M(3623M) 1.550ms
[19.575s][info][safepoint] Leaving safepoint region
[19.576s][info][safepoint] Total time for which application threads were stopped: 0.0025463 seconds, Stopping threads took: 0.0002377 seconds
[19.609s][info][safepoint] Application time: 0.0334064 seconds
[19.610s][info][safepoint] Entering safepoint region: GenCollectForAllocation
[19.611s][info][gc       ] GC(423) Pause Young (Allocation Failure) 2208M->2102M(3623M) 1.481ms
[19.612s][info][safepoint] Leaving safepoint region
[19.612s][info][safepoint] Total time for which application threads were stopped: 0.0025345 seconds, Stopping threads took: 0.0002386 seconds
[19.646s][info][safepoint] Application time: 0.0335523 seconds
[19.647s][info][safepoint] Entering safepoint region: GenCollectForAllocation
[19.649s][info][gc       ] GC(424) Pause Young (Allocation Failure) 2208M->2102M(3623M) 1.949ms
[19.649s][info][safepoint] Leaving safepoint region
[19.650s][info][safepoint] Total time for which application threads were stopped: 0.0029477 seconds, Stopping threads took: 0.0002703 seconds
[19.683s][info][safepoint] Application time: 0.0335233 seconds
[19.684s][info][safepoint] Entering safepoint region: GenCollectForAllocation
[19.686s][info][gc       ] GC(425) Pause Young (Allocation Failure) 2208M->2102M(3623M) 1.573ms
[19.686s][info][safepoint] Leaving safepoint region
[19.686s][info][safepoint] Total time for which application threads were stopped: 0.0027306 seconds, Stopping threads took: 0.0004035 seconds
[19.720s][info][safepoint] Application time: 0.0337366 seconds
[19.721s][info][safepoint] Entering safepoint region: GenCollectForAllocation
[19.723s][info][gc       ] GC(426) Pause Young (Allocation Failure) 2208M->2102M(3623M) 1.479ms
[19.723s][info][safepoint] Leaving safepoint region
[19.723s][info][safepoint] Total time for which application threads were stopped: 0.0023362 seconds, Stopping threads took: 0.0002657 seconds
[19.757s][info][safepoint] Application time: 0.0336782 seconds
[19.757s][info][safepoint] Entering safepoint region: GenCollectForAllocation
[19.759s][info][gc       ] GC(427) Pause Young (Allocation Failure) 2208M->2102M(3623M) 1.575ms
[19.760s][info][safepoint] Leaving safepoint region
[19.760s][info][safepoint] Total time for which application threads were stopped: 0.0025964 seconds, Stopping threads took: 0.0002404 seconds
[19.793s][info][safepoint] Application time: 0.0322292 seconds
[19.793s][info][safepoint] Entering safepoint region: GenCollectForAllocation
[19.795s][info][gc       ] GC(428) Pause Young (Allocation Failure) 2208M->2102M(3623M) 1.594ms
[19.795s][info][safepoint] Leaving safepoint region
[19.796s][info][safepoint] Total time for which application threads were stopped: 0.0026458 seconds, Stopping threads took: 0.0003773 seconds
[19.828s][info][safepoint] Application time: 0.0324651 seconds
[19.829s][info][safepoint] Entering safepoint region: GenCollectForAllocation
[19.831s][info][gc       ] GC(429) Pause Young (Allocation Failure) 2208M->2102M(3623M) 1.647ms
[19.831s][info][safepoint] Leaving safepoint region
[19.831s][info][safepoint] Total time for which application threads were stopped: 0.0024080 seconds, Stopping threads took: 0.0002831 seconds
[19.865s][info][safepoint] Application time: 0.0339183 seconds
[19.866s][info][safepoint] Entering safepoint region: GenCollectForAllocation
[19.868s][info][gc       ] GC(430) Pause Young (Allocation Failure) 2208M->2102M(3623M) 1.797ms
[19.868s][info][safepoint] Leaving safepoint region
[19.868s][info][safepoint] Total time for which application threads were stopped: 0.0025444 seconds, Stopping threads took: 0.0002735 seconds
[19.902s][info][safepoint] Application time: 0.0339373 seconds
[19.903s][info][safepoint] Entering safepoint region: GenCollectForAllocation
[19.904s][info][gc       ] GC(431) Pause Young (Allocation Failure) 2208M->2102M(3623M) 1.544ms
[19.905s][info][safepoint] Leaving safepoint region
[19.905s][info][safepoint] Total time for which application threads were stopped: 0.0025027 seconds, Stopping threads took: 0.0002897 seconds
[19.939s][info][safepoint] Application time: 0.0339654 seconds
[19.940s][info][safepoint] Entering safepoint region: GenCollectForAllocation
[19.942s][info][gc       ] GC(432) Pause Young (Allocation Failure) 2208M->2102M(3623M) 1.773ms
[19.942s][info][safepoint] Leaving safepoint region
[19.943s][info][safepoint] Total time for which application threads were stopped: 0.0028868 seconds, Stopping threads took: 0.0003855 seconds
[19.977s][info][safepoint] Application time: 0.0344975 seconds
[19.977s][info][safepoint] Entering safepoint region: GenCollectForAllocation
[19.979s][info][gc       ] GC(433) Pause Young (Allocation Failure) 2208M->2102M(3623M) 1.587ms
[19.980s][info][safepoint] Leaving safepoint region
[19.980s][info][safepoint] Total time for which application threads were stopped: 0.0025853 seconds, Stopping threads took: 0.0002101 seconds
[20.014s][info][safepoint] Application time: 0.0332539 seconds
[20.014s][info][safepoint] Entering safepoint region: GenCollectForAllocation
[20.016s][info][gc       ] GC(434) Pause Young (Allocation Failure) 2208M->2102M(3623M) 1.701ms
[20.016s][info][safepoint] Leaving safepoint region
[20.016s][info][safepoint] Total time for which application threads were stopped: 0.0025007 seconds, Stopping threads took: 0.0002117 seconds
[20.050s][info][safepoint] Application time: 0.0331357 seconds
[20.050s][info][safepoint] Entering safepoint region: GenCollectForAllocation
[20.052s][info][gc       ] GC(435) Pause Young (Allocation Failure) 2208M->2102M(3623M) 1.571ms
[20.052s][info][safepoint] Leaving safepoint region
[20.053s][info][safepoint] Total time for which application threads were stopped: 0.0026823 seconds, Stopping threads took: 0.0004099 seconds
[20.087s][info][safepoint] Application time: 0.0344440 seconds
[20.088s][info][safepoint] Entering safepoint region: GenCollectForAllocation
[20.090s][info][gc       ] GC(436) Pause Young (Allocation Failure) 2208M->2102M(3623M) 1.551ms
[20.090s][info][safepoint] Leaving safepoint region
[20.091s][info][safepoint] Total time for which application threads were stopped: 0.0027059 seconds, Stopping threads took: 0.0004330 seconds
[20.126s][info][safepoint] Application time: 0.0347806 seconds
[20.126s][info][safepoint] Entering safepoint region: GenCollectForAllocation
[20.128s][info][gc       ] GC(437) Pause Young (Allocation Failure) 2208M->2102M(3623M) 1.748ms
[20.128s][info][safepoint] Leaving safepoint region
[20.129s][info][safepoint] Total time for which application threads were stopped: 0.0028816 seconds, Stopping threads took: 0.0003563 seconds
[20.164s][info][safepoint] Application time: 0.0347870 seconds
[20.164s][info][safepoint] Entering safepoint region: GenCollectForAllocation
[20.166s][info][gc       ] GC(438) Pause Young (Allocation Failure) 2208M->2102M(3623M) 1.511ms
[20.167s][info][safepoint] Leaving safepoint region
[20.167s][info][safepoint] Total time for which application threads were stopped: 0.0027401 seconds, Stopping threads took: 0.0003669 seconds
[20.200s][info][safepoint] Application time: 0.0328470 seconds
[20.201s][info][safepoint] Entering safepoint region: GenCollectForAllocation
[20.202s][info][gc       ] GC(439) Pause Young (Allocation Failure) 2208M->2102M(3623M) 1.614ms
[20.203s][info][safepoint] Leaving safepoint region
[20.203s][info][safepoint] Total time for which application threads were stopped: 0.0023812 seconds, Stopping threads took: 0.0002985 seconds
[20.236s][info][safepoint] Application time: 0.0325470 seconds
[20.236s][info][safepoint] Entering safepoint region: GenCollectForAllocation
[20.238s][info][gc       ] GC(440) Pause Young (Allocation Failure) 2208M->2102M(3623M) 1.917ms
[20.239s][info][safepoint] Leaving safepoint region
[20.239s][info][safepoint] Total time for which application threads were stopped: 0.0031178 seconds, Stopping threads took: 0.0003859 seconds
[20.272s][info][safepoint] Application time: 0.0323064 seconds
[20.272s][info][safepoint] Entering safepoint region: GenCollectForAllocation
[20.275s][info][gc       ] GC(441) Pause Young (Allocation Failure) 2208M->2102M(3623M) 1.944ms
[20.275s][info][safepoint] Leaving safepoint region
[20.275s][info][safepoint] Total time for which application threads were stopped: 0.0028022 seconds, Stopping threads took: 0.0003829 seconds
[20.309s][info][safepoint] Application time: 0.0339796 seconds
[20.309s][info][safepoint] Entering safepoint region: GenCollectForAllocation
[20.311s][info][gc       ] GC(442) Pause Young (Allocation Failure) 2208M->2102M(3623M) 1.532ms
[20.311s][info][safepoint] Leaving safepoint region
[20.312s][info][safepoint] Total time for which application threads were stopped: 0.0021820 seconds, Stopping threads took: 0.0002101 seconds
[20.346s][info][safepoint] Application time: 0.0344771 seconds
[20.347s][info][safepoint] Entering safepoint region: GenCollectForAllocation
[20.348s][info][gc       ] GC(443) Pause Young (Allocation Failure) 2208M->2102M(3623M) 1.533ms
[20.349s][info][safepoint] Leaving safepoint region
[20.349s][info][safepoint] Total time for which application threads were stopped: 0.0021298 seconds, Stopping threads took: 0.0001564 seconds
[20.383s][info][safepoint] Application time: 0.0341277 seconds
[20.383s][info][safepoint] Entering safepoint region: GenCollectForAllocation
[20.385s][info][gc       ] GC(444) Pause Young (Allocation Failure) 2208M->2102M(3623M) 1.699ms
[20.385s][info][safepoint] Leaving safepoint region
[20.385s][info][safepoint] Total time for which application threads were stopped: 0.0021196 seconds, Stopping threads took: 0.0001813 seconds
[20.420s][info][safepoint] Application time: 0.0344763 seconds
[20.420s][info][safepoint] Entering safepoint region: GenCollectForAllocation
[20.422s][info][gc       ] GC(445) Pause Young (Allocation Failure) 2208M->2102M(3623M) 1.873ms
[20.422s][info][safepoint] Leaving safepoint region
[20.423s][info][safepoint] Total time for which application threads were stopped: 0.0025398 seconds, Stopping threads took: 0.0001374 seconds
[20.457s][info][safepoint] Application time: 0.0342652 seconds
[20.457s][info][safepoint] Entering safepoint region: GenCollectForAllocation
[20.459s][info][gc       ] GC(446) Pause Young (Allocation Failure) 2208M->2102M(3623M) 1.691ms
[20.460s][info][safepoint] Leaving safepoint region
[20.460s][info][safepoint] Total time for which application threads were stopped: 0.0024151 seconds, Stopping threads took: 0.0002285 seconds
[20.493s][info][safepoint] Application time: 0.0326363 seconds
[20.493s][info][safepoint] Entering safepoint region: GenCollectForAllocation
[20.495s][info][gc       ] GC(447) Pause Young (Allocation Failure) 2208M->2102M(3623M) 1.621ms
[20.495s][info][safepoint] Leaving safepoint region
[20.496s][info][safepoint] Total time for which application threads were stopped: 0.0025422 seconds, Stopping threads took: 0.0002483 seconds
[20.529s][info][safepoint] Application time: 0.0324637 seconds
[20.529s][info][safepoint] Entering safepoint region: GenCollectForAllocation
[20.531s][info][gc       ] GC(448) Pause Young (Allocation Failure) 2208M->2102M(3623M) 1.805ms
[20.531s][info][safepoint] Leaving safepoint region
[20.531s][info][safepoint] Total time for which application threads were stopped: 0.0026265 seconds, Stopping threads took: 0.0002483 seconds
[20.566s][info][safepoint] Application time: 0.0345275 seconds
[20.567s][info][safepoint] Entering safepoint region: GenCollectForAllocation
[20.568s][info][gc       ] GC(449) Pause Young (Allocation Failure) 2208M->2102M(3623M) 1.617ms
[20.569s][info][safepoint] Leaving safepoint region
[20.569s][info][safepoint] Total time for which application threads were stopped: 0.0023091 seconds, Stopping threads took: 0.0002198 seconds
[20.604s][info][safepoint] Application time: 0.0348212 seconds
[20.604s][info][safepoint] Entering safepoint region: GenCollectForAllocation
[20.606s][info][gc       ] GC(450) Pause Young (Allocation Failure) 2208M->2102M(3623M) 1.717ms
[20.606s][info][safepoint] Leaving safepoint region
[20.606s][info][safepoint] Total time for which application threads were stopped: 0.0023062 seconds, Stopping threads took: 0.0001749 seconds
[20.641s][info][safepoint] Application time: 0.0348352 seconds
[20.642s][info][safepoint] Entering safepoint region: GenCollectForAllocation
[20.644s][info][gc       ] GC(451) Pause Young (Allocation Failure) 2208M->2102M(3623M) 1.512ms
[20.644s][info][safepoint] Leaving safepoint region
[20.644s][info][safepoint] Total time for which application threads were stopped: 0.0023227 seconds, Stopping threads took: 0.0003719 seconds
[20.679s][info][safepoint] Application time: 0.0351429 seconds
[20.680s][info][safepoint] Entering safepoint region: GenCollectForAllocation
[20.682s][info][gc       ] GC(452) Pause Young (Allocation Failure) 2208M->2102M(3623M) 1.817ms
[20.682s][info][safepoint] Leaving safepoint region
[20.682s][info][safepoint] Total time for which application threads were stopped: 0.0025668 seconds, Stopping threads took: 0.0002438 seconds
[20.717s][info][safepoint] Application time: 0.0346032 seconds
[20.717s][info][safepoint] Entering safepoint region: GenCollectForAllocation
[20.719s][info][gc       ] GC(453) Pause Young (Allocation Failure) 2208M->2102M(3623M) 1.557ms
[20.719s][info][safepoint] Leaving safepoint region
[20.719s][info][safepoint] Total time for which application threads were stopped: 0.0020574 seconds, Stopping threads took: 0.0001324 seconds
[20.755s][info][safepoint] Application time: 0.0354665 seconds
[20.755s][info][safepoint] Entering safepoint region: GenCollectForAllocation
[20.757s][info][gc       ] GC(454) Pause Young (Allocation Failure) 2208M->2102M(3623M) 1.650ms
[20.757s][info][safepoint] Leaving safepoint region
[20.758s][info][safepoint] Total time for which application threads were stopped: 0.0023209 seconds, Stopping threads took: 0.0002054 seconds
[20.793s][info][safepoint] Application time: 0.0348265 seconds
[20.793s][info][safepoint] Entering safepoint region: GenCollectForAllocation
[20.795s][info][gc       ] GC(455) Pause Young (Allocation Failure) 2208M->2102M(3623M) 1.747ms
[20.795s][info][safepoint] Leaving safepoint region
[20.795s][info][safepoint] Total time for which application threads were stopped: 0.0023818 seconds, Stopping threads took: 0.0002066 seconds
[20.830s][info][safepoint] Application time: 0.0347986 seconds
[20.830s][info][safepoint] Entering safepoint region: GenCollectForAllocation
[20.833s][info][gc       ] GC(456) Pause Young (Allocation Failure) 2208M->2102M(3623M) 2.109ms
[20.833s][info][safepoint] Leaving safepoint region
[20.833s][info][safepoint] Total time for which application threads were stopped: 0.0027925 seconds, Stopping threads took: 0.0001822 seconds
[20.867s][info][safepoint] Application time: 0.0341652 seconds
[20.868s][info][safepoint] Entering safepoint region: GenCollectForAllocation
[20.869s][info][gc       ] GC(457) Pause Young (Allocation Failure) 2208M->2102M(3623M) 1.442ms
[20.870s][info][safepoint] Leaving safepoint region
[20.870s][info][safepoint] Total time for which application threads were stopped: 0.0020045 seconds, Stopping threads took: 0.0001669 seconds
[20.903s][info][safepoint] Application time: 0.0333337 seconds
[20.903s][info][safepoint] Entering safepoint region: GenCollectForAllocation
[20.905s][info][gc       ] GC(458) Pause Young (Allocation Failure) 2208M->2102M(3623M) 1.460ms
[20.905s][info][safepoint] Leaving safepoint region
[20.906s][info][safepoint] Total time for which application threads were stopped: 0.0020977 seconds, Stopping threads took: 0.0002216 seconds
[20.940s][info][safepoint] Application time: 0.0345657 seconds
[20.941s][info][safepoint] Entering safepoint region: GenCollectForAllocation
[20.942s][info][gc       ] GC(459) Pause Young (Allocation Failure) 2208M->2102M(3623M) 1.630ms
[20.943s][info][safepoint] Leaving safepoint region
[20.943s][info][safepoint] Total time for which application threads were stopped: 0.0023800 seconds, Stopping threads took: 0.0002012 seconds
[20.977s][info][safepoint] Application time: 0.0342121 seconds
[20.978s][info][safepoint] Entering safepoint region: GenCollectForAllocation
[20.980s][info][gc       ] GC(460) Pause Young (Allocation Failure) 2208M->2102M(3623M) 1.603ms
[20.980s][info][safepoint] Leaving safepoint region
[20.980s][info][safepoint] Total time for which application threads were stopped: 0.0021645 seconds, Stopping threads took: 0.0002024 seconds
[21.014s][info][safepoint] Application time: 0.0341521 seconds
[21.014s][info][safepoint] Entering safepoint region: GenCollectForAllocation
[21.016s][info][gc       ] GC(461) Pause Young (Allocation Failure) 2208M->2102M(3623M) 1.439ms
[21.016s][info][safepoint] Leaving safepoint region
[21.016s][info][safepoint] Total time for which application threads were stopped: 0.0019762 seconds, Stopping threads took: 0.0001292 seconds
[21.050s][info][safepoint] Application time: 0.0339720 seconds
[21.051s][info][safepoint] Entering safepoint region: GenCollectForAllocation
[21.052s][info][gc       ] GC(462) Pause Young (Allocation Failure) 2208M->2102M(3623M) 1.426ms
[21.053s][info][safepoint] Leaving safepoint region
[21.053s][info][safepoint] Total time for which application threads were stopped: 0.0020811 seconds, Stopping threads took: 0.0001848 seconds
[21.087s][info][safepoint] Application time: 0.0340164 seconds
[21.087s][info][safepoint] Entering safepoint region: GenCollectForAllocation
[21.089s][info][gc       ] GC(463) Pause Young (Allocation Failure) 2208M->2102M(3623M) 1.363ms
[21.089s][info][safepoint] Leaving safepoint region
[21.089s][info][safepoint] Total time for which application threads were stopped: 0.0018886 seconds, Stopping threads took: 0.0001160 seconds
[21.123s][info][safepoint] Application time: 0.0340360 seconds
[21.124s][info][safepoint] Entering safepoint region: GenCollectForAllocation
[21.125s][info][gc       ] GC(464) Pause Young (Allocation Failure) 2208M->2102M(3623M) 1.447ms
[21.126s][info][safepoint] Leaving safepoint region
[21.126s][info][safepoint] Total time for which application threads were stopped: 0.0021077 seconds, Stopping threads took: 0.0001766 seconds
[21.160s][info][safepoint] Application time: 0.0340733 seconds
[21.160s][info][safepoint] Entering safepoint region: GenCollectForAllocation
[21.162s][info][gc       ] GC(465) Pause Young (Allocation Failure) 2208M->2102M(3623M) 1.862ms
[21.163s][info][safepoint] Leaving safepoint region
[21.163s][info][safepoint] Total time for which application threads were stopped: 0.0024056 seconds, Stopping threads took: 0.0002079 seconds
[21.197s][info][safepoint] Application time: 0.0341292 seconds
[21.197s][info][safepoint] Entering safepoint region: GenCollectForAllocation
[21.199s][info][gc       ] GC(466) Pause Young (Allocation Failure) 2208M->2102M(3623M) 1.502ms
[21.199s][info][safepoint] Leaving safepoint region
[21.199s][info][safepoint] Total time for which application threads were stopped: 0.0021867 seconds, Stopping threads took: 0.0002159 seconds
[21.234s][info][safepoint] Application time: 0.0342483 seconds
[21.234s][info][safepoint] Entering safepoint region: GenCollectForAllocation
[21.236s][info][gc       ] GC(467) Pause Young (Allocation Failure) 2208M->2102M(3623M) 1.417ms
[21.236s][info][safepoint] Leaving safepoint region
[21.236s][info][safepoint] Total time for which application threads were stopped: 0.0019912 seconds, Stopping threads took: 0.0002047 seconds
[21.271s][info][safepoint] Application time: 0.0344818 seconds
[21.271s][info][safepoint] Entering safepoint region: GenCollectForAllocation
[21.273s][info][gc       ] GC(468) Pause Young (Allocation Failure) 2208M->2102M(3623M) 1.886ms
[21.273s][info][safepoint] Leaving safepoint region
[21.274s][info][safepoint] Total time for which application threads were stopped: 0.0026056 seconds, Stopping threads took: 0.0002452 seconds
[21.308s][info][safepoint] Application time: 0.0340723 seconds
[21.308s][info][safepoint] Entering safepoint region: GenCollectForAllocation
[21.310s][info][gc       ] GC(469) Pause Young (Allocation Failure) 2208M->2102M(3623M) 1.728ms
[21.310s][info][safepoint] Leaving safepoint region
[21.311s][info][safepoint] Total time for which application threads were stopped: 0.0025740 seconds, Stopping threads took: 0.0002481 seconds
[21.346s][info][safepoint] Application time: 0.0346344 seconds
[21.346s][info][safepoint] Entering safepoint region: GenCollectForAllocation
[21.348s][info][gc       ] GC(470) Pause Young (Allocation Failure) 2208M->2102M(3623M) 1.783ms
[21.348s][info][safepoint] Leaving safepoint region
[21.348s][info][safepoint] Total time for which application threads were stopped: 0.0024013 seconds, Stopping threads took: 0.0001825 seconds
[21.383s][info][safepoint] Application time: 0.0348017 seconds
[21.383s][info][safepoint] Entering safepoint region: GenCollectForAllocation
[21.385s][info][gc       ] GC(471) Pause Young (Allocation Failure) 2208M->2102M(3623M) 1.568ms
[21.386s][info][safepoint] Leaving safepoint region
[21.386s][info][safepoint] Total time for which application threads were stopped: 0.0022568 seconds, Stopping threads took: 0.0002301 seconds
[21.420s][info][safepoint] Application time: 0.0345811 seconds
[21.421s][info][safepoint] Entering safepoint region: GenCollectForAllocation
[21.423s][info][gc       ] GC(472) Pause Young (Allocation Failure) 2208M->2102M(3623M) 1.448ms
[21.423s][info][safepoint] Leaving safepoint region
[21.423s][info][safepoint] Total time for which application threads were stopped: 0.0020912 seconds, Stopping threads took: 0.0002419 seconds
[21.457s][info][safepoint] Application time: 0.0344229 seconds
[21.458s][info][safepoint] Entering safepoint region: GenCollectForAllocation
[21.460s][info][gc       ] GC(473) Pause Young (Allocation Failure) 2208M->2102M(3623M) 2.047ms
[21.460s][info][safepoint] Leaving safepoint region
[21.461s][info][safepoint] Total time for which application threads were stopped: 0.0027266 seconds, Stopping threads took: 0.0001798 seconds
[21.494s][info][safepoint] Application time: 0.0334876 seconds
[21.495s][info][safepoint] Entering safepoint region: GenCollectForAllocation
[21.497s][info][gc       ] GC(474) Pause Young (Allocation Failure) 2208M->2102M(3623M) 1.546ms
[21.497s][info][safepoint] Leaving safepoint region
[21.497s][info][safepoint] Total time for which application threads were stopped: 0.0023889 seconds, Stopping threads took: 0.0003832 seconds
[21.530s][info][safepoint] Application time: 0.0329257 seconds
[21.530s][info][safepoint] Entering safepoint region: GenCollectForAllocation
[21.532s][info][gc       ] GC(475) Pause Young (Allocation Failure) 2208M->2102M(3623M) 1.683ms
[21.532s][info][safepoint] Leaving safepoint region
[21.533s][info][safepoint] Total time for which application threads were stopped: 0.0023330 seconds, Stopping threads took: 0.0001873 seconds
[21.567s][info][safepoint] Application time: 0.0337365 seconds
[21.567s][info][safepoint] Entering safepoint region: GenCollectForAllocation
[21.568s][info][gc       ] GC(476) Pause Young (Allocation Failure) 2208M->2102M(3623M) 1.394ms
[21.569s][info][safepoint] Leaving safepoint region
[21.569s][info][safepoint] Total time for which application threads were stopped: 0.0019984 seconds, Stopping threads took: 0.0001820 seconds
[21.603s][info][safepoint] Application time: 0.0339126 seconds
[21.603s][info][safepoint] Entering safepoint region: GenCollectForAllocation
[21.605s][info][gc       ] GC(477) Pause Young (Allocation Failure) 2208M->2102M(3623M) 1.688ms
[21.605s][info][safepoint] Leaving safepoint region
[21.605s][info][safepoint] Total time for which application threads were stopped: 0.0022486 seconds, Stopping threads took: 0.0002314 seconds
[21.640s][info][safepoint] Application time: 0.0346807 seconds
[21.640s][info][safepoint] Entering safepoint region: GenCollectForAllocation
[21.642s][info][gc       ] GC(478) Pause Young (Allocation Failure) 2208M->2102M(3623M) 1.524ms
[21.642s][info][safepoint] Leaving safepoint region
[21.643s][info][safepoint] Total time for which application threads were stopped: 0.0023354 seconds, Stopping threads took: 0.0001776 seconds
[21.677s][info][safepoint] Application time: 0.0343485 seconds
[21.678s][info][safepoint] Entering safepoint region: GenCollectForAllocation
[21.679s][info][gc       ] GC(479) Pause Young (Allocation Failure) 2208M->2102M(3623M) 1.577ms
[21.680s][info][safepoint] Leaving safepoint region
[21.680s][info][safepoint] Total time for which application threads were stopped: 0.0022196 seconds, Stopping threads took: 0.0001820 seconds
[21.714s][info][safepoint] Application time: 0.0340801 seconds
[21.714s][info][safepoint] Entering safepoint region: GenCollectForAllocation
[21.716s][info][gc       ] GC(480) Pause Young (Allocation Failure) 2208M->2102M(3623M) 1.473ms
[21.716s][info][safepoint] Leaving safepoint region
[21.717s][info][safepoint] Total time for which application threads were stopped: 0.0022996 seconds, Stopping threads took: 0.0002591 seconds
[21.751s][info][safepoint] Application time: 0.0338916 seconds
[21.751s][info][safepoint] Entering safepoint region: GenCollectForAllocation
[21.753s][info][gc       ] GC(481) Pause Young (Allocation Failure) 2208M->2102M(3623M) 1.741ms
[21.753s][info][safepoint] Leaving safepoint region
[21.754s][info][safepoint] Total time for which application threads were stopped: 0.0026235 seconds, Stopping threads took: 0.0002007 seconds
[21.788s][info][safepoint] Application time: 0.0339823 seconds
[21.788s][info][safepoint] Entering safepoint region: GenCollectForAllocation
[21.790s][info][gc       ] GC(482) Pause Young (Allocation Failure) 2208M->2102M(3623M) 1.457ms
[21.790s][info][safepoint] Leaving safepoint region
[21.790s][info][safepoint] Total time for which application threads were stopped: 0.0020832 seconds, Stopping threads took: 0.0001873 seconds
[21.825s][info][safepoint] Application time: 0.0343655 seconds
[21.825s][info][safepoint] Entering safepoint region: GenCollectForAllocation
[21.827s][info][gc       ] GC(483) Pause Young (Allocation Failure) 2208M->2102M(3623M) 1.860ms
[21.827s][info][safepoint] Leaving safepoint region
[21.828s][info][safepoint] Total time for which application threads were stopped: 0.0025997 seconds, Stopping threads took: 0.0002195 seconds
[21.860s][info][safepoint] Application time: 0.0321423 seconds
[21.860s][info][safepoint] Entering safepoint region: GenCollectForAllocation
[21.863s][info][gc       ] GC(484) Pause Young (Allocation Failure) 2208M->2102M(3623M) 2.014ms
[21.863s][info][safepoint] Leaving safepoint region
[21.864s][info][safepoint] Total time for which application threads were stopped: 0.0033097 seconds, Stopping threads took: 0.0002597 seconds
[21.896s][info][safepoint] Application time: 0.0325180 seconds
[21.897s][info][safepoint] Entering safepoint region: GenCollectForAllocation
[21.898s][info][gc       ] GC(485) Pause Young (Allocation Failure) 2208M->2102M(3623M) 1.484ms
[21.899s][info][safepoint] Leaving safepoint region
[21.899s][info][safepoint] Total time for which application threads were stopped: 0.0021927 seconds, Stopping threads took: 0.0002192 seconds
[21.933s][info][safepoint] Application time: 0.0337753 seconds
[21.933s][info][safepoint] Entering safepoint region: GenCollectForAllocation
[21.935s][info][gc       ] GC(486) Pause Young (Allocation Failure) 2208M->2102M(3623M) 1.378ms
[21.935s][info][safepoint] Leaving safepoint region
[21.935s][info][safepoint] Total time for which application threads were stopped: 0.0019100 seconds, Stopping threads took: 0.0002054 seconds
[21.969s][info][safepoint] Application time: 0.0338526 seconds
[21.969s][info][safepoint] Entering safepoint region: GenCollectForAllocation
[21.971s][info][gc       ] GC(487) Pause Young (Allocation Failure) 2208M->2102M(3623M) 1.535ms
[21.971s][info][safepoint] Leaving safepoint region
[21.971s][info][safepoint] Total time for which application threads were stopped: 0.0021018 seconds, Stopping threads took: 0.0002057 seconds
[22.006s][info][safepoint] Application time: 0.0341200 seconds
[22.006s][info][safepoint] Entering safepoint region: GenCollectForAllocation
[22.008s][info][gc       ] GC(488) Pause Young (Allocation Failure) 2208M->2102M(3623M) 1.522ms
[22.008s][info][safepoint] Leaving safepoint region
[22.008s][info][safepoint] Total time for which application threads were stopped: 0.0020563 seconds, Stopping threads took: 0.0002029 seconds
[22.042s][info][safepoint] Application time: 0.0342059 seconds
[22.042s][info][safepoint] Entering safepoint region: GenCollectForAllocation
[22.044s][info][gc       ] GC(489) Pause Young (Allocation Failure) 2208M->2102M(3623M) 1.682ms
[22.044s][info][safepoint] Leaving safepoint region
[22.045s][info][safepoint] Total time for which application threads were stopped: 0.0023207 seconds, Stopping threads took: 0.0001885 seconds
[22.079s][info][safepoint] Application time: 0.0340795 seconds
[22.079s][info][safepoint] Entering safepoint region: GenCollectForAllocation
[22.081s][info][gc       ] GC(490) Pause Young (Allocation Failure) 2208M->2102M(3623M) 1.476ms
[22.081s][info][safepoint] Leaving safepoint region
[22.081s][info][safepoint] Total time for which application threads were stopped: 0.0022138 seconds, Stopping threads took: 0.0002631 seconds
[22.116s][info][safepoint] Application time: 0.0344636 seconds
[22.117s][info][safepoint] Entering safepoint region: GenCollectForAllocation
[22.119s][info][gc       ] GC(491) Pause Young (Allocation Failure) 2208M->2102M(3623M) 1.790ms
[22.119s][info][safepoint] Leaving safepoint region
[22.119s][info][safepoint] Total time for which application threads were stopped: 0.0028003 seconds, Stopping threads took: 0.0002337 seconds
[22.154s][info][safepoint] Application time: 0.0344813 seconds
[22.154s][info][safepoint] Entering safepoint region: GenCollectForAllocation
[22.156s][info][gc       ] GC(492) Pause Young (Allocation Failure) 2208M->2102M(3623M) 1.554ms
[22.156s][info][safepoint] Leaving safepoint region
[22.157s][info][safepoint] Total time for which application threads were stopped: 0.0023360 seconds, Stopping threads took: 0.0001961 seconds
[22.192s][info][safepoint] Application time: 0.0347498 seconds
[22.192s][info][safepoint] Entering safepoint region: GenCollectForAllocation
[22.194s][info][gc       ] GC(493) Pause Young (Allocation Failure) 2208M->2102M(3623M) 1.505ms
[22.194s][info][safepoint] Leaving safepoint region
[22.195s][info][safepoint] Total time for which application threads were stopped: 0.0024499 seconds, Stopping threads took: 0.0003039 seconds
[22.229s][info][safepoint] Application time: 0.0345951 seconds
[22.230s][info][safepoint] Entering safepoint region: GenCollectForAllocation
[22.232s][info][gc       ] GC(494) Pause Young (Allocation Failure) 2208M->2102M(3623M) 1.947ms
[22.233s][info][safepoint] Leaving safepoint region
[22.233s][info][safepoint] Total time for which application threads were stopped: 0.0030911 seconds, Stopping threads took: 0.0004123 seconds
[22.267s][info][safepoint] Application time: 0.0342756 seconds
[22.268s][info][safepoint] Entering safepoint region: GenCollectForAllocation
[22.270s][info][gc       ] GC(495) Pause Young (Allocation Failure) 2208M->2102M(3623M) 1.918ms
[22.270s][info][safepoint] Leaving safepoint region
[22.271s][info][safepoint] Total time for which application threads were stopped: 0.0027488 seconds, Stopping threads took: 0.0003386 seconds
[22.305s][info][safepoint] Application time: 0.0344680 seconds
[22.306s][info][safepoint] Entering safepoint region: GenCollectForAllocation
[22.308s][info][gc       ] GC(496) Pause Young (Allocation Failure) 2208M->2102M(3623M) 1.837ms
[22.308s][info][safepoint] Leaving safepoint region
[22.308s][info][safepoint] Total time for which application threads were stopped: 0.0028170 seconds, Stopping threads took: 0.0002750 seconds
[22.343s][info][safepoint] Application time: 0.0347329 seconds
[22.344s][info][safepoint] Entering safepoint region: GenCollectForAllocation
[22.346s][info][gc       ] GC(497) Pause Young (Allocation Failure) 2208M->2102M(3623M) 1.856ms
[22.346s][info][safepoint] Leaving safepoint region
[22.347s][info][safepoint] Total time for which application threads were stopped: 0.0027363 seconds, Stopping threads took: 0.0003310 seconds
[22.381s][info][safepoint] Application time: 0.0338609 seconds
[22.381s][info][safepoint] Entering safepoint region: GenCollectForAllocation
[22.383s][info][gc       ] GC(498) Pause Young (Allocation Failure) 2208M->2102M(3623M) 1.540ms
[22.383s][info][safepoint] Leaving safepoint region
[22.384s][info][safepoint] Total time for which application threads were stopped: 0.0025210 seconds, Stopping threads took: 0.0002800 seconds
[22.418s][info][safepoint] Application time: 0.0339066 seconds
[22.418s][info][safepoint] Entering safepoint region: GenCollectForAllocation
[22.420s][info][gc       ] GC(499) Pause Young (Allocation Failure) 2208M->2102M(3623M) 1.876ms
[22.420s][info][safepoint] Leaving safepoint region
[22.421s][info][safepoint] Total time for which application threads were stopped: 0.0026742 seconds, Stopping threads took: 0.0003260 seconds
[22.455s][info][safepoint] Application time: 0.0339420 seconds
[22.455s][info][safepoint] Entering safepoint region: GenCollectForAllocation
[22.457s][info][gc       ] GC(500) Pause Young (Allocation Failure) 2208M->2102M(3623M) 1.876ms
[22.458s][info][safepoint] Leaving safepoint region
[22.458s][info][safepoint] Total time for which application threads were stopped: 0.0026764 seconds, Stopping threads took: 0.0002972 seconds
[22.492s][info][safepoint] Application time: 0.0342843 seconds
[22.492s][info][safepoint] Entering safepoint region: GenCollectForAllocation
[22.494s][info][gc       ] GC(501) Pause Young (Allocation Failure) 2208M->2102M(3623M) 1.484ms
[22.495s][info][safepoint] Leaving safepoint region
[22.495s][info][safepoint] Total time for which application threads were stopped: 0.0024117 seconds, Stopping threads took: 0.0002200 seconds
[22.530s][info][safepoint] Application time: 0.0344892 seconds
[22.530s][info][safepoint] Entering safepoint region: GenCollectForAllocation
[22.532s][info][gc       ] GC(502) Pause Young (Allocation Failure) 2208M->2102M(3623M) 1.871ms
[22.532s][info][safepoint] Leaving safepoint region
[22.533s][info][safepoint] Total time for which application threads were stopped: 0.0027390 seconds, Stopping threads took: 0.0002393 seconds
[22.567s][info][safepoint] Application time: 0.0343794 seconds
[22.568s][info][safepoint] Entering safepoint region: GenCollectForAllocation
[22.570s][info][gc       ] GC(503) Pause Young (Allocation Failure) 2208M->2102M(3623M) 2.037ms
[22.570s][info][safepoint] Leaving safepoint region
[22.570s][info][safepoint] Total time for which application threads were stopped: 0.0028292 seconds, Stopping threads took: 0.0002554 seconds
[22.605s][info][safepoint] Application time: 0.0344371 seconds
[22.605s][info][safepoint] Entering safepoint region: GenCollectForAllocation
[22.607s][info][gc       ] GC(504) Pause Young (Allocation Failure) 2208M->2102M(3623M) 1.470ms
[22.608s][info][safepoint] Leaving safepoint region
[22.608s][info][safepoint] Total time for which application threads were stopped: 0.0023847 seconds, Stopping threads took: 0.0002918 seconds
[22.643s][info][safepoint] Application time: 0.0345561 seconds
[22.643s][info][safepoint] Entering safepoint region: GenCollectForAllocation
[22.644s][info][gc       ] GC(505) Pause Young (Allocation Failure) 2208M->2102M(3623M) 1.472ms
[22.645s][info][safepoint] Leaving safepoint region
[22.645s][info][safepoint] Total time for which application threads were stopped: 0.0020007 seconds, Stopping threads took: 0.0000848 seconds
[22.679s][info][safepoint] Application time: 0.0338778 seconds
[22.679s][info][safepoint] Entering safepoint region: GenCollectForAllocation
[22.681s][info][gc       ] GC(506) Pause Young (Allocation Failure) 2208M->2102M(3623M) 1.667ms
[22.681s][info][safepoint] Leaving safepoint region
[22.682s][info][safepoint] Total time for which application threads were stopped: 0.0025396 seconds, Stopping threads took: 0.0002669 seconds
[22.716s][info][safepoint] Application time: 0.0337795 seconds
[22.716s][info][safepoint] Entering safepoint region: GenCollectForAllocation
[22.718s][info][gc       ] GC(507) Pause Young (Allocation Failure) 2208M->2102M(3623M) 1.813ms
[22.718s][info][safepoint] Leaving safepoint region
[22.719s][info][safepoint] Total time for which application threads were stopped: 0.0027823 seconds, Stopping threads took: 0.0002768 seconds
[22.753s][info][safepoint] Application time: 0.0340638 seconds
[22.753s][info][safepoint] Entering safepoint region: GenCollectForAllocation
[22.755s][info][gc       ] GC(508) Pause Young (Allocation Failure) 2208M->2102M(3623M) 1.524ms
[22.756s][info][safepoint] Leaving safepoint region
[22.756s][info][safepoint] Total time for which application threads were stopped: 0.0024453 seconds, Stopping threads took: 0.0002824 seconds
[22.790s][info][safepoint] Application time: 0.0340278 seconds
[22.791s][info][safepoint] Entering safepoint region: GenCollectForAllocation
[22.793s][info][gc       ] GC(509) Pause Young (Allocation Failure) 2208M->2102M(3623M) 1.846ms
[22.793s][info][safepoint] Leaving safepoint region
[22.794s][info][safepoint] Total time for which application threads were stopped: 0.0029746 seconds, Stopping threads took: 0.0003823 seconds
[22.828s][info][safepoint] Application time: 0.0338243 seconds
[22.828s][info][safepoint] Entering safepoint region: GenCollectForAllocation
[22.830s][info][gc       ] GC(510) Pause Young (Allocation Failure) 2208M->2102M(3623M) 1.722ms
[22.830s][info][safepoint] Leaving safepoint region
[22.831s][info][safepoint] Total time for which application threads were stopped: 0.0026387 seconds, Stopping threads took: 0.0002538 seconds
[22.866s][info][safepoint] Application time: 0.0348573 seconds
[22.866s][info][safepoint] Entering safepoint region: GenCollectForAllocation
[22.868s][info][gc       ] GC(511) Pause Young (Allocation Failure) 2208M->2102M(3623M) 1.787ms
[22.869s][info][safepoint] Leaving safepoint region
[22.869s][info][safepoint] Total time for which application threads were stopped: 0.0027750 seconds, Stopping threads took: 0.0003361 seconds
[22.904s][info][safepoint] Application time: 0.0347231 seconds
[22.904s][info][safepoint] Entering safepoint region: GenCollectForAllocation
[22.906s][info][gc       ] GC(512) Pause Young (Allocation Failure) 2208M->2102M(3623M) 1.509ms
[22.906s][info][safepoint] Leaving safepoint region
[22.907s][info][safepoint] Total time for which application threads were stopped: 0.0023247 seconds, Stopping threads took: 0.0002437 seconds
[22.942s][info][safepoint] Application time: 0.0348087 seconds
[22.942s][info][safepoint] Entering safepoint region: GenCollectForAllocation
[22.944s][info][gc       ] GC(513) Pause Young (Allocation Failure) 2208M->2102M(3623M) 1.895ms
[22.945s][info][safepoint] Leaving safepoint region
[22.945s][info][safepoint] Total time for which application threads were stopped: 0.0028914 seconds, Stopping threads took: 0.0003495 seconds
[22.980s][info][safepoint] Application time: 0.0347643 seconds
[22.980s][info][safepoint] Entering safepoint region: GenCollectForAllocation
[22.982s][info][gc       ] GC(514) Pause Young (Allocation Failure) 2208M->2102M(3623M) 1.544ms
[22.982s][info][safepoint] Leaving safepoint region
[22.983s][info][safepoint] Total time for which application threads were stopped: 0.0023661 seconds, Stopping threads took: 0.0002780 seconds
[23.018s][info][safepoint] Application time: 0.0348084 seconds
[23.018s][info][safepoint] Entering safepoint region: GenCollectForAllocation
[23.020s][info][gc       ] GC(515) Pause Young (Allocation Failure) 2208M->2102M(3623M) 1.709ms
[23.020s][info][safepoint] Leaving safepoint region
[23.021s][info][safepoint] Total time for which application threads were stopped: 0.0026107 seconds, Stopping threads took: 0.0002551 seconds
[23.056s][info][safepoint] Application time: 0.0347391 seconds
[23.056s][info][safepoint] Entering safepoint region: GenCollectForAllocation
[23.058s][info][gc       ] GC(516) Pause Young (Allocation Failure) 2208M->2102M(3623M) 1.895ms
[23.058s][info][safepoint] Leaving safepoint region
[23.059s][info][safepoint] Total time for which application threads were stopped: 0.0026602 seconds, Stopping threads took: 0.0002746 seconds
[23.093s][info][safepoint] Application time: 0.0337866 seconds
[23.093s][info][safepoint] Entering safepoint region: GenCollectForAllocation
[23.095s][info][gc       ] GC(517) Pause Young (Allocation Failure) 2208M->2102M(3623M) 1.831ms
[23.095s][info][safepoint] Leaving safepoint region
[23.096s][info][safepoint] Total time for which application threads were stopped: 0.0027454 seconds, Stopping threads took: 0.0002233 seconds
[23.130s][info][safepoint] Application time: 0.0338407 seconds
[23.130s][info][safepoint] Entering safepoint region: GenCollectForAllocation
[23.132s][info][gc       ] GC(518) Pause Young (Allocation Failure) 2208M->2102M(3623M) 1.548ms
[23.132s][info][safepoint] Leaving safepoint region
[23.133s][info][safepoint] Total time for which application threads were stopped: 0.0025344 seconds, Stopping threads took: 0.0002781 seconds
[23.168s][info][safepoint] Application time: 0.0347183 seconds
[23.168s][info][safepoint] Entering safepoint region: GenCollectForAllocation
[23.170s][info][gc       ] GC(519) Pause Young (Allocation Failure) 2208M->2102M(3623M) 1.517ms
[23.170s][info][safepoint] Leaving safepoint region
[23.171s][info][safepoint] Total time for which application threads were stopped: 0.0026692 seconds, Stopping threads took: 0.0003898 seconds
[23.207s][info][safepoint] Application time: 0.0354961 seconds
[23.207s][info][safepoint] Entering safepoint region: GenCollectForAllocation
[23.209s][info][gc       ] GC(520) Pause Young (Allocation Failure) 2208M->2102M(3623M) 1.755ms
[23.209s][info][safepoint] Leaving safepoint region
[23.210s][info][safepoint] Total time for which application threads were stopped: 0.0026211 seconds, Stopping threads took: 0.0002959 seconds
[23.245s][info][safepoint] Application time: 0.0349935 seconds
[23.245s][info][safepoint] Entering safepoint region: GenCollectForAllocation
[23.247s][info][gc       ] GC(521) Pause Young (Allocation Failure) 2208M->2102M(3623M) 1.738ms
[23.248s][info][safepoint] Leaving safepoint region
[23.248s][info][safepoint] Total time for which application threads were stopped: 0.0028229 seconds, Stopping threads took: 0.0002999 seconds
[23.283s][info][safepoint] Application time: 0.0343749 seconds
[23.283s][info][safepoint] Entering safepoint region: GenCollectForAllocation
[23.285s][info][gc       ] GC(522) Pause Young (Allocation Failure) 2208M->2102M(3623M) 1.926ms
[23.286s][info][safepoint] Leaving safepoint region
[23.286s][info][safepoint] Total time for which application threads were stopped: 0.0029444 seconds, Stopping threads took: 0.0003496 seconds
[23.320s][info][safepoint] Application time: 0.0335854 seconds
[23.320s][info][safepoint] Entering safepoint region: GenCollectForAllocation
[23.323s][info][gc       ] GC(523) Pause Young (Allocation Failure) 2208M->2102M(3623M) 2.010ms
[23.323s][info][safepoint] Leaving safepoint region
[23.324s][info][safepoint] Total time for which application threads were stopped: 0.0031776 seconds, Stopping threads took: 0.0004147 seconds
[23.358s][info][safepoint] Application time: 0.0337747 seconds
[23.358s][info][safepoint] Entering safepoint region: GenCollectForAllocation
[23.360s][info][gc       ] GC(524) Pause Young (Allocation Failure) 2208M->2102M(3623M) 2.070ms
[23.361s][info][safepoint] Leaving safepoint region
[23.361s][info][safepoint] Total time for which application threads were stopped: 0.0030650 seconds, Stopping threads took: 0.0002849 seconds
[23.394s][info][safepoint] Application time: 0.0331628 seconds
[23.395s][info][safepoint] Entering safepoint region: GenCollectForAllocation
[23.397s][info][gc       ] GC(525) Pause Young (Allocation Failure) 2208M->2102M(3623M) 1.442ms
[23.397s][info][safepoint] Leaving safepoint region
[23.397s][info][safepoint] Total time for which application threads were stopped: 0.0021547 seconds, Stopping threads took: 0.0002501 seconds
[23.431s][info][safepoint] Application time: 0.0338827 seconds
[23.431s][info][safepoint] Entering safepoint region: GenCollectForAllocation
[23.434s][info][gc       ] GC(526) Pause Young (Allocation Failure) 2208M->2102M(3623M) 1.857ms
[23.434s][info][safepoint] Leaving safepoint region
[23.434s][info][safepoint] Total time for which application threads were stopped: 0.0027228 seconds, Stopping threads took: 0.0002904 seconds
[23.468s][info][safepoint] Application time: 0.0335334 seconds
[23.468s][info][safepoint] Entering safepoint region: GenCollectForAllocation
[23.470s][info][gc       ] GC(527) Pause Young (Allocation Failure) 2208M->2102M(3623M) 1.863ms
[23.471s][info][safepoint] Leaving safepoint region
[23.471s][info][safepoint] Total time for which application threads were stopped: 0.0026724 seconds, Stopping threads took: 0.0002441 seconds
[23.505s][info][safepoint] Application time: 0.0336224 seconds
[23.505s][info][safepoint] Entering safepoint region: GenCollectForAllocation
[23.507s][info][gc       ] GC(528) Pause Young (Allocation Failure) 2208M->2102M(3623M) 1.566ms
[23.507s][info][safepoint] Leaving safepoint region
[23.508s][info][safepoint] Total time for which application threads were stopped: 0.0025446 seconds, Stopping threads took: 0.0002904 seconds
[23.542s][info][safepoint] Application time: 0.0339169 seconds
[23.542s][info][safepoint] Entering safepoint region: GenCollectForAllocation
[23.545s][info][gc       ] GC(529) Pause Young (Allocation Failure) 2208M->2102M(3623M) 1.863ms
[23.545s][info][safepoint] Leaving safepoint region
[23.545s][info][safepoint] Total time for which application threads were stopped: 0.0030264 seconds, Stopping threads took: 0.0003537 seconds
[23.579s][info][safepoint] Application time: 0.0339531 seconds
[23.580s][info][safepoint] Entering safepoint region: GenCollectForAllocation
[23.582s][info][gc       ] GC(530) Pause Young (Allocation Failure) 2208M->2102M(3623M) 1.615ms
[23.582s][info][safepoint] Leaving safepoint region
[23.582s][info][safepoint] Total time for which application threads were stopped: 0.0023655 seconds, Stopping threads took: 0.0002712 seconds
[23.616s][info][safepoint] Application time: 0.0340147 seconds
[23.617s][info][safepoint] Entering safepoint region: GenCollectForAllocation
[23.619s][info][gc       ] GC(531) Pause Young (Allocation Failure) 2208M->2102M(3623M) 1.594ms
[23.619s][info][safepoint] Leaving safepoint region
[23.619s][info][safepoint] Total time for which application threads were stopped: 0.0024134 seconds, Stopping threads took: 0.0002442 seconds
[23.651s][info][safepoint] Application time: 0.0319905 seconds
[23.652s][info][safepoint] Entering safepoint region: GenCollectForAllocation
[23.654s][info][gc       ] GC(532) Pause Young (Allocation Failure) 2208M->2102M(3623M) 1.468ms
[23.654s][info][safepoint] Leaving safepoint region
[23.654s][info][safepoint] Total time for which application threads were stopped: 0.0025587 seconds, Stopping threads took: 0.0003243 seconds
[23.687s][info][safepoint] Application time: 0.0323713 seconds
[23.688s][info][safepoint] Entering safepoint region: GenCollectForAllocation
[23.689s][info][gc       ] GC(533) Pause Young (Allocation Failure) 2208M->2102M(3623M) 1.569ms
[23.690s][info][safepoint] Leaving safepoint region
[23.690s][info][safepoint] Total time for which application threads were stopped: 0.0025764 seconds, Stopping threads took: 0.0003312 seconds
[23.724s][info][safepoint] Application time: 0.0340737 seconds
[23.725s][info][safepoint] Entering safepoint region: GenCollectForAllocation
[23.727s][info][gc       ] GC(534) Pause Young (Allocation Failure) 2208M->2102M(3623M) 1.753ms
[23.727s][info][safepoint] Leaving safepoint region
[23.727s][info][safepoint] Total time for which application threads were stopped: 0.0027004 seconds, Stopping threads took: 0.0002732 seconds
[23.762s][info][safepoint] Application time: 0.0340693 seconds
[23.762s][info][safepoint] Entering safepoint region: GenCollectForAllocation
[23.764s][info][gc       ] GC(535) Pause Young (Allocation Failure) 2208M->2102M(3623M) 1.871ms
[23.765s][info][safepoint] Leaving safepoint region
[23.765s][info][safepoint] Total time for which application threads were stopped: 0.0026268 seconds, Stopping threads took: 0.0002704 seconds
[23.799s][info][safepoint] Application time: 0.0340487 seconds
[23.799s][info][safepoint] Entering safepoint region: GenCollectForAllocation
[23.802s][info][gc       ] GC(536) Pause Young (Allocation Failure) 2208M->2102M(3623M) 1.744ms
[23.802s][info][safepoint] Leaving safepoint region
[23.802s][info][safepoint] Total time for which application threads were stopped: 0.0026910 seconds, Stopping threads took: 0.0002796 seconds
[23.836s][info][safepoint] Application time: 0.0338238 seconds
[23.837s][info][safepoint] Entering safepoint region: GenCollectForAllocation
[23.839s][info][gc       ] GC(537) Pause Young (Allocation Failure) 2208M->2102M(3623M) 1.504ms
[23.839s][info][safepoint] Leaving safepoint region
[23.839s][info][safepoint] Total time for which application threads were stopped: 0.0024183 seconds, Stopping threads took: 0.0003379 seconds
[23.873s][info][safepoint] Application time: 0.0338858 seconds
[23.874s][info][safepoint] Entering safepoint region: GenCollectForAllocation
[23.876s][info][gc       ] GC(538) Pause Young (Allocation Failure) 2208M->2102M(3623M) 1.747ms
[23.876s][info][safepoint] Leaving safepoint region
[23.876s][info][safepoint] Total time for which application threads were stopped: 0.0026739 seconds, Stopping threads took: 0.0002756 seconds
[23.911s][info][safepoint] Application time: 0.0343871 seconds
[23.911s][info][safepoint] Entering safepoint region: GenCollectForAllocation
[23.913s][info][gc       ] GC(539) Pause Young (Allocation Failure) 2208M->2102M(3623M) 1.681ms
[23.914s][info][safepoint] Leaving safepoint region
[23.914s][info][safepoint] Total time for which application threads were stopped: 0.0027315 seconds, Stopping threads took: 0.0003865 seconds
[23.949s][info][safepoint] Application time: 0.0344586 seconds
[23.949s][info][safepoint] Entering safepoint region: GenCollectForAllocation
[23.951s][info][gc       ] GC(540) Pause Young (Allocation Failure) 2208M->2102M(3623M) 1.569ms
[23.951s][info][safepoint] Leaving safepoint region
[23.952s][info][safepoint] Total time for which application threads were stopped: 0.0024606 seconds, Stopping threads took: 0.0002589 seconds
[23.986s][info][safepoint] Application time: 0.0344969 seconds
[23.987s][info][safepoint] Entering safepoint region: GenCollectForAllocation
[23.989s][info][gc       ] GC(541) Pause Young (Allocation Failure) 2208M->2102M(3623M) 1.835ms
[23.989s][info][safepoint] Leaving safepoint region
[23.990s][info][safepoint] Total time for which application threads were stopped: 0.0029544 seconds, Stopping threads took: 0.0003370 seconds
[24.024s][info][safepoint] Application time: 0.0336290 seconds
[24.024s][info][safepoint] Entering safepoint region: GenCollectForAllocation
[24.026s][info][gc       ] GC(542) Pause Young (Allocation Failure) 2208M->2102M(3623M) 1.544ms
[24.026s][info][safepoint] Leaving safepoint region
[24.027s][info][safepoint] Total time for which application threads were stopped: 0.0026098 seconds, Stopping threads took: 0.0003036 seconds
[24.059s][info][safepoint] Application time: 0.0321269 seconds
[24.060s][info][safepoint] Entering safepoint region: GenCollectForAllocation
[24.062s][info][gc       ] GC(543) Pause Young (Allocation Failure) 2208M->2102M(3623M) 1.798ms
[24.062s][info][safepoint] Leaving safepoint region
[24.062s][info][safepoint] Total time for which application threads were stopped: 0.0028093 seconds, Stopping threads took: 0.0002717 seconds
[24.095s][info][safepoint] Application time: 0.0321361 seconds
[24.095s][info][safepoint] Entering safepoint region: GenCollectForAllocation
[24.097s][info][gc       ] GC(544) Pause Young (Allocation Failure) 2208M->2102M(3623M) 1.508ms
[24.098s][info][safepoint] Leaving safepoint region
[24.098s][info][safepoint] Total time for which application threads were stopped: 0.0026386 seconds, Stopping threads took: 0.0004206 seconds
[24.132s][info][safepoint] Application time: 0.0339215 seconds
[24.132s][info][safepoint] Entering safepoint region: GenCollectForAllocation
[24.134s][info][gc       ] GC(545) Pause Young (Allocation Failure) 2208M->2102M(3623M) 1.555ms
[24.135s][info][safepoint] Leaving safepoint region
[24.135s][info][safepoint] Total time for which application threads were stopped: 0.0026842 seconds, Stopping threads took: 0.0003796 seconds
[24.169s][info][safepoint] Application time: 0.0340290 seconds
[24.170s][info][safepoint] Entering safepoint region: GenCollectForAllocation
[24.172s][info][gc       ] GC(546) Pause Young (Allocation Failure) 2208M->2102M(3623M) 1.531ms
[24.172s][info][safepoint] Leaving safepoint region
[24.172s][info][safepoint] Total time for which application threads were stopped: 0.0022674 seconds, Stopping threads took: 0.0002211 seconds
[24.207s][info][safepoint] Application time: 0.0347663 seconds
[24.207s][info][safepoint] Entering safepoint region: GenCollectForAllocation
[24.210s][info][gc       ] GC(547) Pause Young (Allocation Failure) 2208M->2102M(3623M) 1.925ms
[24.210s][info][safepoint] Leaving safepoint region
[24.210s][info][safepoint] Total time for which application threads were stopped: 0.0029440 seconds, Stopping threads took: 0.0003194 seconds
[24.245s][info][safepoint] Application time: 0.0345420 seconds
[24.246s][info][safepoint] Entering safepoint region: GenCollectForAllocation
[24.248s][info][gc       ] GC(548) Pause Young (Allocation Failure) 2208M->2102M(3623M) 1.739ms
[24.248s][info][safepoint] Leaving safepoint region
[24.248s][info][safepoint] Total time for which application threads were stopped: 0.0026419 seconds, Stopping threads took: 0.0002575 seconds
[24.283s][info][safepoint] Application time: 0.0344228 seconds
[24.283s][info][safepoint] Entering safepoint region: GenCollectForAllocation
[24.285s][info][gc       ] GC(549) Pause Young (Allocation Failure) 2208M->2102M(3623M) 1.501ms
[24.285s][info][safepoint] Leaving safepoint region
[24.286s][info][safepoint] Total time for which application threads were stopped: 0.0025633 seconds, Stopping threads took: 0.0002884 seconds
[24.319s][info][safepoint] Application time: 0.0328938 seconds
[24.319s][info][safepoint] Entering safepoint region: GenCollectForAllocation
[24.322s][info][gc       ] GC(550) Pause Young (Allocation Failure) 2208M->2102M(3623M) 1.864ms
[24.322s][info][safepoint] Leaving safepoint region
[24.322s][info][safepoint] Total time for which application threads were stopped: 0.0029158 seconds, Stopping threads took: 0.0003791 seconds
[24.355s][info][safepoint] Application time: 0.0321732 seconds
[24.355s][info][safepoint] Entering safepoint region: GenCollectForAllocation
[24.357s][info][gc       ] GC(551) Pause Young (Allocation Failure) 2208M->2102M(3623M) 1.473ms
[24.357s][info][safepoint] Leaving safepoint region
[24.358s][info][safepoint] Total time for which application threads were stopped: 0.0023981 seconds, Stopping threads took: 0.0003960 seconds
[24.391s][info][safepoint] Application time: 0.0336282 seconds
[24.392s][info][safepoint] Entering safepoint region: GenCollectForAllocation
[24.394s][info][gc       ] GC(552) Pause Young (Allocation Failure) 2208M->2102M(3623M) 1.893ms
[24.394s][info][safepoint] Leaving safepoint region
[24.395s][info][safepoint] Total time for which application threads were stopped: 0.0030562 seconds, Stopping threads took: 0.0003026 seconds
[24.429s][info][safepoint] Application time: 0.0337899 seconds
[24.429s][info][safepoint] Entering safepoint region: GenCollectForAllocation
[24.431s][info][gc       ] GC(553) Pause Young (Allocation Failure) 2208M->2102M(3623M) 1.727ms
[24.432s][info][safepoint] Leaving safepoint region
[24.432s][info][safepoint] Total time for which application threads were stopped: 0.0029694 seconds, Stopping threads took: 0.0003993 seconds
[24.466s][info][safepoint] Application time: 0.0336748 seconds
[24.467s][info][safepoint] Entering safepoint region: GenCollectForAllocation
[24.469s][info][gc       ] GC(554) Pause Young (Allocation Failure) 2208M->2102M(3623M) 1.497ms
[24.469s][info][safepoint] Leaving safepoint region
[24.469s][info][safepoint] Total time for which application threads were stopped: 0.0027420 seconds, Stopping threads took: 0.0004258 seconds
[24.503s][info][safepoint] Application time: 0.0337406 seconds
[24.504s][info][safepoint] Entering safepoint region: GenCollectForAllocation
[24.506s][info][gc       ] GC(555) Pause Young (Allocation Failure) 2208M->2102M(3623M) 1.890ms
[24.506s][info][safepoint] Leaving safepoint region
[24.506s][info][safepoint] Total time for which application threads were stopped: 0.0026313 seconds, Stopping threads took: 0.0003139 seconds
[24.540s][info][safepoint] Application time: 0.0337464 seconds
[24.541s][info][safepoint] Entering safepoint region: GenCollectForAllocation
[24.542s][info][gc       ] GC(556) Pause Young (Allocation Failure) 2208M->2102M(3623M) 1.580ms
[24.543s][info][safepoint] Leaving safepoint region
[24.543s][info][safepoint] Total time for which application threads were stopped: 0.0024633 seconds, Stopping threads took: 0.0001920 seconds
[24.577s][info][safepoint] Application time: 0.0339110 seconds
[24.578s][info][safepoint] Entering safepoint region: GenCollectForAllocation
[24.579s][info][gc       ] GC(557) Pause Young (Allocation Failure) 2208M->2102M(3623M) 1.458ms
[24.580s][info][safepoint] Leaving safepoint region
[24.580s][info][safepoint] Total time for which application threads were stopped: 0.0024158 seconds, Stopping threads took: 0.0003023 seconds
[24.614s][info][safepoint] Application time: 0.0338372 seconds
[24.614s][info][safepoint] Entering safepoint region: GenCollectForAllocation
[24.616s][info][gc       ] GC(558) Pause Young (Allocation Failure) 2208M->2102M(3623M) 1.488ms
[24.617s][info][safepoint] Leaving safepoint region
[24.617s][info][safepoint] Total time for which application threads were stopped: 0.0024446 seconds, Stopping threads took: 0.0003271 seconds
[24.650s][info][safepoint] Application time: 0.0328646 seconds
[24.650s][info][safepoint] Entering safepoint region: GenCollectForAllocation
[24.653s][info][gc       ] GC(559) Pause Young (Allocation Failure) 2208M->2102M(3623M) 1.865ms
[24.653s][info][safepoint] Leaving safepoint region
[24.653s][info][safepoint] Total time for which application threads were stopped: 0.0028665 seconds, Stopping threads took: 0.0003466 seconds
[24.687s][info][safepoint] Application time: 0.0332851 seconds
[24.687s][info][safepoint] Entering safepoint region: GenCollectForAllocation
[24.689s][info][gc       ] GC(560) Pause Young (Allocation Failure) 2208M->2102M(3623M) 1.993ms
[24.690s][info][safepoint] Leaving safepoint region
[24.690s][info][safepoint] Total time for which application threads were stopped: 0.0027999 seconds, Stopping threads took: 0.0002468 seconds
[24.724s][info][safepoint] Application time: 0.0338410 seconds
[24.724s][info][safepoint] Entering safepoint region: GenCollectForAllocation
[24.727s][info][gc       ] GC(561) Pause Young (Allocation Failure) 2208M->2102M(3623M) 2.034ms
[24.727s][info][safepoint] Leaving safepoint region
[24.727s][info][safepoint] Total time for which application threads were stopped: 0.0030656 seconds, Stopping threads took: 0.0003922 seconds
[24.760s][info][safepoint] Application time: 0.0318338 seconds
[24.760s][info][safepoint] Entering safepoint region: GenCollectForAllocation
[24.762s][info][gc       ] GC(562) Pause Young (Allocation Failure) 2208M->2102M(3623M) 1.843ms
[24.762s][info][safepoint] Leaving safepoint region
[24.763s][info][safepoint] Total time for which application threads were stopped: 0.0026843 seconds, Stopping threads took: 0.0002579 seconds
[24.795s][info][safepoint] Application time: 0.0324469 seconds
[24.796s][info][safepoint] Entering safepoint region: GenCollectForAllocation
[24.798s][info][gc       ] GC(563) Pause Young (Allocation Failure) 2208M->2102M(3623M) 1.841ms
[24.798s][info][safepoint] Leaving safepoint region
[24.798s][info][safepoint] Total time for which application threads were stopped: 0.0026449 seconds, Stopping threads took: 0.0002380 seconds
[24.832s][info][safepoint] Application time: 0.0336178 seconds
[24.832s][info][safepoint] Entering safepoint region: GenCollectForAllocation
[24.834s][info][gc       ] GC(564) Pause Young (Allocation Failure) 2208M->2102M(3623M) 1.819ms
[24.835s][info][safepoint] Leaving safepoint region
[24.835s][info][safepoint] Total time for which application threads were stopped: 0.0027138 seconds, Stopping threads took: 0.0002865 seconds
[24.869s][info][safepoint] Application time: 0.0335815 seconds
[24.869s][info][safepoint] Entering safepoint region: GenCollectForAllocation
[24.871s][info][gc       ] GC(565) Pause Young (Allocation Failure) 2208M->2102M(3623M) 1.863ms
[24.872s][info][safepoint] Leaving safepoint region
[24.872s][info][safepoint] Total time for which application threads were stopped: 0.0030706 seconds, Stopping threads took: 0.0003132 seconds
[24.906s][info][safepoint] Application time: 0.0335432 seconds
[24.906s][info][safepoint] Entering safepoint region: GenCollectForAllocation
[24.908s][info][gc       ] GC(566) Pause Young (Allocation Failure) 2208M->2102M(3623M) 1.533ms
[24.909s][info][safepoint] Leaving safepoint region
[24.909s][info][safepoint] Total time for which application threads were stopped: 0.0027930 seconds, Stopping threads took: 0.0004564 seconds
[24.944s][info][safepoint] Application time: 0.0339595 seconds
[24.944s][info][safepoint] Entering safepoint region: GenCollectForAllocation
[24.946s][info][gc       ] GC(567) Pause Young (Allocation Failure) 2208M->2102M(3623M) 1.827ms
[24.947s][info][safepoint] Leaving safepoint region
[24.947s][info][safepoint] Total time for which application threads were stopped: 0.0029990 seconds, Stopping threads took: 0.0004090 seconds
[24.981s][info][safepoint] Application time: 0.0339421 seconds
[24.982s][info][safepoint] Entering safepoint region: GenCollectForAllocation
[24.984s][info][gc       ] GC(568) Pause Young (Allocation Failure) 2208M->2102M(3623M) 1.822ms
[24.984s][info][safepoint] Leaving safepoint region
[24.985s][info][safepoint] Total time for which application threads were stopped: 0.0028803 seconds, Stopping threads took: 0.0003145 seconds
[25.019s][info][safepoint] Application time: 0.0343699 seconds
[25.020s][info][safepoint] Entering safepoint region: GenCollectForAllocation
[25.022s][info][gc       ] GC(569) Pause Young (Allocation Failure) 2208M->2102M(3623M) 1.551ms
[25.022s][info][safepoint] Leaving safepoint region
[25.022s][info][safepoint] Total time for which application threads were stopped: 0.0024540 seconds, Stopping threads took: 0.0002809 seconds
[25.057s][info][safepoint] Application time: 0.0344866 seconds
[25.057s][info][safepoint] Entering safepoint region: GenCollectForAllocation
[25.059s][info][gc       ] GC(570) Pause Young (Allocation Failure) 2208M->2102M(3623M) 1.768ms
[25.060s][info][safepoint] Leaving safepoint region
[25.060s][info][safepoint] Total time for which application threads were stopped: 0.0028550 seconds, Stopping threads took: 0.0003889 seconds
[25.095s][info][safepoint] Application time: 0.0345174 seconds
[25.095s][info][safepoint] Entering safepoint region: GenCollectForAllocation
[25.097s][info][gc       ] GC(571) Pause Young (Allocation Failure) 2208M->2102M(3623M) 1.932ms
[25.098s][info][safepoint] Leaving safepoint region
[25.098s][info][safepoint] Total time for which application threads were stopped: 0.0031283 seconds, Stopping threads took: 0.0002929 seconds
[25.133s][info][safepoint] Application time: 0.0346134 seconds
[25.134s][info][safepoint] Entering safepoint region: GenCollectForAllocation
[25.136s][info][gc       ] GC(572) Pause Young (Allocation Failure) 2208M->2102M(3623M) 1.490ms
[25.136s][info][safepoint] Leaving safepoint region
[25.136s][info][safepoint] Total time for which application threads were stopped: 0.0022370 seconds, Stopping threads took: 0.0002892 seconds
[25.171s][info][safepoint] Application time: 0.0344213 seconds
[25.171s][info][safepoint] Entering safepoint region: GenCollectForAllocation
[25.173s][info][gc       ] GC(573) Pause Young (Allocation Failure) 2208M->2102M(3623M) 1.904ms
[25.174s][info][safepoint] Leaving safepoint region
[25.174s][info][safepoint] Total time for which application threads were stopped: 0.0029738 seconds, Stopping threads took: 0.0003555 seconds
[25.209s][info][safepoint] Application time: 0.0344316 seconds
[25.209s][info][safepoint] Entering safepoint region: GenCollectForAllocation
[25.211s][info][gc       ] GC(574) Pause Young (Allocation Failure) 2208M->2102M(3623M) 1.967ms
[25.212s][info][safepoint] Leaving safepoint region
[25.212s][info][safepoint] Total time for which application threads were stopped: 0.0030975 seconds, Stopping threads took: 0.0003242 seconds
[25.247s][info][safepoint] Application time: 0.0342708 seconds
[25.247s][info][safepoint] Entering safepoint region: GenCollectForAllocation
[25.249s][info][gc       ] GC(575) Pause Young (Allocation Failure) 2208M->2102M(3623M) 1.599ms
[25.250s][info][safepoint] Leaving safepoint region
[25.250s][info][safepoint] Total time for which application threads were stopped: 0.0026931 seconds, Stopping threads took: 0.0003683 seconds
[25.284s][info][safepoint] Application time: 0.0336933 seconds
[25.284s][info][safepoint] Entering safepoint region: GenCollectForAllocation
[25.287s][info][gc       ] GC(576) Pause Young (Allocation Failure) 2208M->2102M(3623M) 1.843ms
[25.287s][info][safepoint] Leaving safepoint region
[25.287s][info][safepoint] Total time for which application threads were stopped: 0.0028425 seconds, Stopping threads took: 0.0002860 seconds
[25.321s][info][safepoint] Application time: 0.0337046 seconds
[25.321s][info][safepoint] Entering safepoint region: GenCollectForAllocation
[25.324s][info][gc       ] GC(577) Pause Young (Allocation Failure) 2208M->2102M(3623M) 1.770ms
[25.324s][info][safepoint] Leaving safepoint region
[25.324s][info][safepoint] Total time for which application threads were stopped: 0.0028960 seconds, Stopping threads took: 0.0002813 seconds
[25.358s][info][safepoint] Application time: 0.0335759 seconds
[25.359s][info][safepoint] Entering safepoint region: GenCollectForAllocation
[25.361s][info][gc       ] GC(578) Pause Young (Allocation Failure) 2208M->2102M(3623M) 1.522ms
[25.361s][info][safepoint] Leaving safepoint region
[25.361s][info][safepoint] Total time for which application threads were stopped: 0.0024960 seconds, Stopping threads took: 0.0002883 seconds
[25.395s][info][safepoint] Application time: 0.0338525 seconds
[25.396s][info][safepoint] Entering safepoint region: GenCollectForAllocation
[25.398s][info][gc       ] GC(579) Pause Young (Allocation Failure) 2208M->2102M(3623M) 2.019ms
[25.398s][info][safepoint] Leaving safepoint region
[25.399s][info][safepoint] Total time for which application threads were stopped: 0.0028560 seconds, Stopping threads took: 0.0002728 seconds
[25.433s][info][safepoint] Application time: 0.0336692 seconds
[25.433s][info][safepoint] Entering safepoint region: GenCollectForAllocation
[25.435s][info][gc       ] GC(580) Pause Young (Allocation Failure) 2208M->2102M(3623M) 1.725ms
[25.435s][info][safepoint] Leaving safepoint region
[25.436s][info][safepoint] Total time for which application threads were stopped: 0.0026498 seconds, Stopping threads took: 0.0002766 seconds
[25.469s][info][safepoint] Application time: 0.0335599 seconds
[25.470s][info][safepoint] Entering safepoint region: GenCollectForAllocation
[25.472s][info][gc       ] GC(581) Pause Young (Allocation Failure) 2208M->2102M(3623M) 1.827ms
[25.472s][info][safepoint] Leaving safepoint region
[25.472s][info][safepoint] Total time for which application threads were stopped: 0.0027029 seconds, Stopping threads took: 0.0002541 seconds
[25.506s][info][safepoint] Application time: 0.0337676 seconds
[25.507s][info][safepoint] Entering safepoint region: GenCollectForAllocation
[25.509s][info][gc       ] GC(582) Pause Young (Allocation Failure) 2208M->2102M(3623M) 1.715ms
[25.509s][info][safepoint] Leaving safepoint region
[25.509s][info][safepoint] Total time for which application threads were stopped: 0.0026175 seconds, Stopping threads took: 0.0002354 seconds
[25.543s][info][safepoint] Application time: 0.0336901 seconds
[25.544s][info][safepoint] Entering safepoint region: GenCollectForAllocation
[25.545s][info][gc       ] GC(583) Pause Young (Allocation Failure) 2208M->2102M(3623M) 1.495ms
[25.546s][info][safepoint] Leaving safepoint region
[25.546s][info][safepoint] Total time for which application threads were stopped: 0.0024192 seconds, Stopping threads took: 0.0002395 seconds
[25.580s][info][safepoint] Application time: 0.0337491 seconds
[25.580s][info][safepoint] Entering safepoint region: GenCollectForAllocation
[25.582s][info][gc       ] GC(584) Pause Young (Allocation Failure) 2208M->2102M(3623M) 1.482ms
[25.582s][info][safepoint] Leaving safepoint region
[25.583s][info][safepoint] Total time for which application threads were stopped: 0.0023525 seconds, Stopping threads took: 0.0002567 seconds
[25.616s][info][safepoint] Application time: 0.0336399 seconds
[25.617s][info][safepoint] Entering safepoint region: GenCollectForAllocation
[25.619s][info][gc       ] GC(585) Pause Young (Allocation Failure) 2208M->2102M(3623M) 1.598ms
[25.619s][info][safepoint] Leaving safepoint region
[25.620s][info][safepoint] Total time for which application threads were stopped: 0.0031936 seconds, Stopping threads took: 0.0002576 seconds
[25.654s][info][safepoint] Application time: 0.0335888 seconds
[25.654s][info][safepoint] Entering safepoint region: GenCollectForAllocation
[25.657s][info][gc       ] GC(586) Pause Young (Allocation Failure) 2208M->2102M(3623M) 2.066ms
[25.657s][info][safepoint] Leaving safepoint region
[25.657s][info][safepoint] Total time for which application threads were stopped: 0.0029714 seconds, Stopping threads took: 0.0002930 seconds
[25.691s][info][safepoint] Application time: 0.0337580 seconds
[25.692s][info][safepoint] Entering safepoint region: GenCollectForAllocation
[25.693s][info][gc       ] GC(587) Pause Young (Allocation Failure) 2208M->2102M(3623M) 1.540ms
[25.694s][info][safepoint] Leaving safepoint region
[25.694s][info][safepoint] Total time for which application threads were stopped: 0.0024602 seconds, Stopping threads took: 0.0002452 seconds
[25.728s][info][safepoint] Application time: 0.0339274 seconds
[25.729s][info][safepoint] Entering safepoint region: GenCollectForAllocation
[25.731s][info][gc       ] GC(588) Pause Young (Allocation Failure) 2208M->2102M(3623M) 1.942ms
[25.731s][info][safepoint] Leaving safepoint region
[25.731s][info][safepoint] Total time for which application threads were stopped: 0.0027849 seconds, Stopping threads took: 0.0002419 seconds
[25.765s][info][safepoint] Application time: 0.0337404 seconds
[25.766s][info][safepoint] Entering safepoint region: GenCollectForAllocation
[25.768s][info][gc       ] GC(589) Pause Young (Allocation Failure) 2208M->2102M(3623M) 1.869ms
[25.768s][info][safepoint] Leaving safepoint region
[25.768s][info][safepoint] Total time for which application threads were stopped: 0.0026802 seconds, Stopping threads took: 0.0003239 seconds
[25.802s][info][safepoint] Application time: 0.0336523 seconds
[25.802s][info][safepoint] Entering safepoint region: GenCollectForAllocation
[25.804s][info][gc       ] GC(590) Pause Young (Allocation Failure) 2208M->2102M(3623M) 1.491ms
[25.805s][info][safepoint] Leaving safepoint region
[25.805s][info][safepoint] Total time for which application threads were stopped: 0.0022773 seconds, Stopping threads took: 0.0002814 seconds
[25.839s][info][safepoint] Application time: 0.0338638 seconds
[25.839s][info][safepoint] Entering safepoint region: GenCollectForAllocation
[25.841s][info][gc       ] GC(591) Pause Young (Allocation Failure) 2208M->2102M(3623M) 1.907ms
[25.842s][info][safepoint] Leaving safepoint region
[25.842s][info][safepoint] Total time for which application threads were stopped: 0.0029969 seconds, Stopping threads took: 0.0002347 seconds
[25.876s][info][safepoint] Application time: 0.0339394 seconds
[25.877s][info][safepoint] Entering safepoint region: GenCollectForAllocation
[25.879s][info][gc       ] GC(592) Pause Young (Allocation Failure) 2208M->2102M(3623M) 1.796ms
[25.879s][info][safepoint] Leaving safepoint region
[25.879s][info][safepoint] Total time for which application threads were stopped: 0.0026897 seconds, Stopping threads took: 0.0002249 seconds
[25.914s][info][safepoint] Application time: 0.0343142 seconds
[25.914s][info][safepoint] Entering safepoint region: GenCollectForAllocation
[25.916s][info][gc       ] GC(593) Pause Young (Allocation Failure) 2208M->2102M(3623M) 1.577ms
[25.916s][info][safepoint] Leaving safepoint region
[25.917s][info][safepoint] Total time for which application threads were stopped: 0.0023900 seconds, Stopping threads took: 0.0002309 seconds
[25.951s][info][safepoint] Application time: 0.0341461 seconds
[25.951s][info][safepoint] Entering safepoint region: GenCollectForAllocation
[25.953s][info][gc       ] GC(594) Pause Young (Allocation Failure) 2208M->2102M(3623M) 1.774ms
[25.954s][info][safepoint] Leaving safepoint region
[25.954s][info][safepoint] Total time for which application threads were stopped: 0.0025984 seconds, Stopping threads took: 0.0002969 seconds
[25.988s][info][safepoint] Application time: 0.0341952 seconds
[25.989s][info][safepoint] Entering safepoint region: GenCollectForAllocation
[25.991s][info][gc       ] GC(595) Pause Young (Allocation Failure) 2208M->2102M(3623M) 1.810ms
[25.991s][info][safepoint] Leaving safepoint region
[25.991s][info][safepoint] Total time for which application threads were stopped: 0.0027583 seconds, Stopping threads took: 0.0002989 seconds
[26.026s][info][safepoint] Application time: 0.0343077 seconds
[26.026s][info][safepoint] Entering safepoint region: GenCollectForAllocation
[26.028s][info][gc       ] GC(596) Pause Young (Allocation Failure) 2208M->2102M(3623M) 1.499ms
[26.028s][info][safepoint] Leaving safepoint region
[26.029s][info][safepoint] Total time for which application threads were stopped: 0.0023741 seconds, Stopping threads took: 0.0002577 seconds
[26.063s][info][safepoint] Application time: 0.0341835 seconds
[26.063s][info][safepoint] Entering safepoint region: GenCollectForAllocation
[26.066s][info][gc       ] GC(597) Pause Young (Allocation Failure) 2208M->2102M(3623M) 1.901ms
[26.066s][info][safepoint] Leaving safepoint region
[26.066s][info][safepoint] Total time for which application threads were stopped: 0.0027352 seconds, Stopping threads took: 0.0003664 seconds
[26.101s][info][safepoint] Application time: 0.0342253 seconds
[26.101s][info][safepoint] Entering safepoint region: GenCollectForAllocation
[26.103s][info][gc       ] GC(598) Pause Young (Allocation Failure) 2208M->2102M(3623M) 1.501ms
[26.103s][info][safepoint] Leaving safepoint region
[26.103s][info][safepoint] Total time for which application threads were stopped: 0.0023285 seconds, Stopping threads took: 0.0002336 seconds
[26.137s][info][safepoint] Application time: 0.0337755 seconds
[26.138s][info][safepoint] Entering safepoint region: GenCollectForAllocation
[26.139s][info][gc       ] GC(599) Pause Young (Allocation Failure) 2208M->2102M(3623M) 1.449ms
[26.140s][info][safepoint] Leaving safepoint region
[26.140s][info][safepoint] Total time for which application threads were stopped: 0.0023047 seconds, Stopping threads took: 0.0002691 seconds
[26.174s][info][safepoint] Application time: 0.0338053 seconds
[26.174s][info][safepoint] Entering safepoint region: GenCollectForAllocation
[26.176s][info][gc       ] GC(600) Pause Young (Allocation Failure) 2208M->2102M(3623M) 1.721ms
[26.176s][info][safepoint] Leaving safepoint region
[26.177s][info][safepoint] Total time for which application threads were stopped: 0.0023030 seconds, Stopping threads took: 0.0002400 seconds
[26.211s][info][safepoint] Application time: 0.0346238 seconds
[26.212s][info][safepoint] Entering safepoint region: GenCollectForAllocation
[26.214s][info][gc       ] GC(601) Pause Young (Allocation Failure) 2208M->2102M(3623M) 1.936ms
[26.214s][info][safepoint] Leaving safepoint region
[26.215s][info][safepoint] Total time for which application threads were stopped: 0.0028411 seconds, Stopping threads took: 0.0002799 seconds
[26.250s][info][safepoint] Application time: 0.0353689 seconds
[26.251s][info][safepoint] Entering safepoint region: GenCollectForAllocation
[26.253s][info][gc       ] GC(602) Pause Young (Allocation Failure) 2208M->2102M(3623M) 1.742ms
[26.253s][info][safepoint] Leaving safepoint region
[26.253s][info][safepoint] Total time for which application threads were stopped: 0.0026676 seconds, Stopping threads took: 0.0002651 seconds
[26.288s][info][safepoint] Application time: 0.0347438 seconds
[26.288s][info][safepoint] Entering safepoint region: GenCollectForAllocation
[26.291s][info][gc       ] GC(603) Pause Young (Allocation Failure) 2208M->2102M(3623M) 1.935ms
[26.291s][info][safepoint] Leaving safepoint region
[26.291s][info][safepoint] Total time for which application threads were stopped: 0.0028857 seconds, Stopping threads took: 0.0002703 seconds
[26.326s][info][safepoint] Application time: 0.0346987 seconds
[26.327s][info][safepoint] Entering safepoint region: GenCollectForAllocation
[26.329s][info][gc       ] GC(604) Pause Young (Allocation Failure) 2208M->2102M(3623M) 1.941ms
[26.329s][info][safepoint] Leaving safepoint region
[26.330s][info][safepoint] Total time for which application threads were stopped: 0.0028826 seconds, Stopping threads took: 0.0003071 seconds
[26.364s][info][safepoint] Application time: 0.0345360 seconds
[26.365s][info][safepoint] Entering safepoint region: GenCollectForAllocation
[26.367s][info][gc       ] GC(605) Pause Young (Allocation Failure) 2208M->2102M(3623M) 1.499ms
[26.367s][info][safepoint] Leaving safepoint region
[26.367s][info][safepoint] Total time for which application threads were stopped: 0.0022436 seconds, Stopping threads took: 0.0002766 seconds
[26.402s][info][safepoint] Application time: 0.0347120 seconds
[26.402s][info][safepoint] Entering safepoint region: GenCollectForAllocation
[26.404s][info][gc       ] GC(606) Pause Young (Allocation Failure) 2208M->2102M(3623M) 1.762ms
[26.405s][info][safepoint] Leaving safepoint region
[26.405s][info][safepoint] Total time for which application threads were stopped: 0.0027448 seconds, Stopping threads took: 0.0003038 seconds
[26.440s][info][safepoint] Application time: 0.0346252 seconds
[26.440s][info][safepoint] Entering safepoint region: GenCollectForAllocation
[26.442s][info][gc       ] GC(607) Pause Young (Allocation Failure) 2208M->2102M(3623M) 1.776ms
[26.443s][info][safepoint] Leaving safepoint region
[26.443s][info][safepoint] Total time for which application threads were stopped: 0.0028271 seconds, Stopping threads took: 0.0002047 seconds
[26.478s][info][safepoint] Application time: 0.0343109 seconds
[26.478s][info][safepoint] Entering safepoint region: GenCollectForAllocation
[26.480s][info][gc       ] GC(608) Pause Young (Allocation Failure) 2208M->2102M(3623M) 1.860ms
[26.481s][info][safepoint] Leaving safepoint region
[26.481s][info][safepoint] Total time for which application threads were stopped: 0.0031294 seconds, Stopping threads took: 0.0004116 seconds
[26.515s][info][safepoint] Application time: 0.0338236 seconds
[26.516s][info][safepoint] Entering safepoint region: GenCollectForAllocation
[26.517s][info][gc       ] GC(609) Pause Young (Allocation Failure) 2208M->2102M(3623M) 1.498ms
[26.518s][info][safepoint] Leaving safepoint region
[26.518s][info][safepoint] Total time for which application threads were stopped: 0.0026187 seconds, Stopping threads took: 0.0002835 seconds
[26.553s][info][safepoint] Application time: 0.0346593 seconds
[26.554s][info][safepoint] Entering safepoint region: GenCollectForAllocation
[26.556s][info][gc       ] GC(610) Pause Young (Allocation Failure) 2208M->2102M(3623M) 1.493ms
[26.556s][info][safepoint] Leaving safepoint region
[26.556s][info][safepoint] Total time for which application threads were stopped: 0.0025634 seconds, Stopping threads took: 0.0003895 seconds
[26.591s][info][safepoint] Application time: 0.0347009 seconds
[26.592s][info][safepoint] Entering safepoint region: GenCollectForAllocation
[26.594s][info][gc       ] GC(611) Pause Young (Allocation Failure) 2208M->2102M(3623M) 1.560ms
[26.594s][info][safepoint] Leaving safepoint region
[26.594s][info][safepoint] Total time for which application threads were stopped: 0.0026779 seconds, Stopping threads took: 0.0002551 seconds
[26.629s][info][safepoint] Application time: 0.0347038 seconds
[26.630s][info][safepoint] Entering safepoint region: GenCollectForAllocation
[26.632s][info][gc       ] GC(612) Pause Young (Allocation Failure) 2208M->2102M(3623M) 1.513ms
[26.632s][info][safepoint] Leaving safepoint region
[26.632s][info][safepoint] Total time for which application threads were stopped: 0.0025991 seconds, Stopping threads took: 0.0004402 seconds
[26.667s][info][safepoint] Application time: 0.0347119 seconds
[26.668s][info][safepoint] Entering safepoint region: GenCollectForAllocation
[26.670s][info][gc       ] GC(613) Pause Young (Allocation Failure) 2208M->2102M(3623M) 1.764ms
[26.670s][info][safepoint] Leaving safepoint region
[26.671s][info][safepoint] Total time for which application threads were stopped: 0.0030297 seconds, Stopping threads took: 0.0003690 seconds
[26.706s][info][safepoint] Application time: 0.0345245 seconds
[26.706s][info][safepoint] Entering safepoint region: GenCollectForAllocation
[26.708s][info][gc       ] GC(614) Pause Young (Allocation Failure) 2208M->2102M(3623M) 1.560ms
[26.708s][info][safepoint] Leaving safepoint region
[26.708s][info][safepoint] Total time for which application threads were stopped: 0.0023824 seconds, Stopping threads took: 0.0002963 seconds
[26.742s][info][safepoint] Application time: 0.0332533 seconds
[26.742s][info][safepoint] Entering safepoint region: GenCollectForAllocation
[26.745s][info][gc       ] GC(615) Pause Young (Allocation Failure) 2208M->2102M(3623M) 1.926ms
[26.745s][info][safepoint] Leaving safepoint region
[26.745s][info][safepoint] Total time for which application threads were stopped: 0.0030572 seconds, Stopping threads took: 0.0004521 seconds
[26.779s][info][safepoint] Application time: 0.0330305 seconds
[26.779s][info][safepoint] Entering safepoint region: GenCollectForAllocation
[26.781s][info][gc       ] GC(616) Pause Young (Allocation Failure) 2208M->2102M(3623M) 1.833ms
[26.781s][info][safepoint] Leaving safepoint region
[26.782s][info][safepoint] Total time for which application threads were stopped: 0.0027473 seconds, Stopping threads took: 0.0003087 seconds
[26.816s][info][safepoint] Application time: 0.0338326 seconds
[26.816s][info][safepoint] Entering safepoint region: GenCollectForAllocation
[26.818s][info][gc       ] GC(617) Pause Young (Allocation Failure) 2208M->2102M(3623M) 1.514ms
[26.818s][info][safepoint] Leaving safepoint region
[26.819s][info][safepoint] Total time for which application threads were stopped: 0.0024553 seconds, Stopping threads took: 0.0002780 seconds
[26.853s][info][safepoint] Application time: 0.0339148 seconds
[26.853s][info][safepoint] Entering safepoint region: GenCollectForAllocation
[26.855s][info][gc       ] GC(618) Pause Young (Allocation Failure) 2208M->2102M(3623M) 1.568ms
[26.856s][info][safepoint] Leaving safepoint region
[26.856s][info][safepoint] Total time for which application threads were stopped: 0.0026627 seconds, Stopping threads took: 0.0003512 seconds
[26.890s][info][safepoint] Application time: 0.0336251 seconds
[26.890s][info][safepoint] Entering safepoint region: GenCollectForAllocation
[26.892s][info][gc       ] GC(619) Pause Young (Allocation Failure) 2208M->2102M(3623M) 1.897ms
[26.893s][info][safepoint] Leaving safepoint region
[26.893s][info][safepoint] Total time for which application threads were stopped: 0.0029429 seconds, Stopping threads took: 0.0002543 seconds
[26.927s][info][safepoint] Application time: 0.0337513 seconds
[26.928s][info][safepoint] Entering safepoint region: GenCollectForAllocation
[26.930s][info][gc       ] GC(620) Pause Young (Allocation Failure) 2208M->2102M(3623M) 1.915ms
[26.930s][info][safepoint] Leaving safepoint region
[26.931s][info][safepoint] Total time for which application threads were stopped: 0.0029666 seconds, Stopping threads took: 0.0003316 seconds
[26.951s][info][safepoint] Application time: 0.0201691 seconds
[26.951s][info][safepoint] Entering safepoint region: GenCollectForAllocation
[26.985s][info][gc       ] GC(621) Pause Young (Allocation Failure) 2208M->2166M(3623M) 32.947ms
[26.985s][info][safepoint] Leaving safepoint region
[26.986s][info][safepoint] Total time for which application threads were stopped: 0.0341624 seconds, Stopping threads took: 0.0002514 seconds
[26.986s][info][safepoint] Application time: 0.0001368 seconds
[26.998s][info][safepoint] Entering safepoint region: CMS_Initial_Mark
[27.004s][info][gc       ] GC(622) Pause Initial Mark 2272M->2272M(3623M) 6.146ms
[27.004s][info][safepoint] Leaving safepoint region
[27.005s][info][safepoint] Total time for which application threads were stopped: 0.0071370 seconds, Stopping threads took: 0.0003313 seconds
[27.005s][info][gc       ] GC(622) Concurrent Mark
[27.006s][info][safepoint] Application time: 0.0007748 seconds
[27.006s][info][safepoint] Entering safepoint region: GenCollectForAllocation
[27.071s][info][gc       ] GC(623) Pause Young (Allocation Failure) 2272M->2271M(3623M) 65.431ms
[27.072s][info][safepoint] Leaving safepoint region
[27.072s][info][safepoint] Total time for which application threads were stopped: 0.0663737 seconds, Stopping threads took: 0.0001669 seconds
[27.087s][info][safepoint] Application time: 0.0142966 seconds
[27.087s][info][safepoint] Entering safepoint region: GenCollectForAllocation
[27.154s][info][gc       ] GC(624) Pause Young (Allocation Failure) 2377M->2377M(3623M) 67.103ms
[27.155s][info][safepoint] Leaving safepoint region
[27.155s][info][safepoint] Total time for which application threads were stopped: 0.0676240 seconds, Stopping threads took: 0.0000997 seconds
[27.168s][info][safepoint] Application time: 0.0137376 seconds
[27.169s][info][safepoint] Entering safepoint region: GenCollectForAllocation
[27.237s][info][gc       ] GC(625) Pause Young (Allocation Failure) 2483M->2481M(3623M) 68.675ms
[27.238s][info][safepoint] Leaving safepoint region
[27.238s][info][safepoint] Total time for which application threads were stopped: 0.0691363 seconds, Stopping threads took: 0.0001005 seconds
[27.252s][info][safepoint] Application time: 0.0143149 seconds
[27.252s][info][safepoint] Entering safepoint region: GenCollectForAllocation
[27.330s][info][gc       ] GC(626) Pause Young (Allocation Failure) 2587M->2581M(3623M) 77.109ms
[27.330s][info][safepoint] Leaving safepoint region
[27.330s][info][safepoint] Total time for which application threads were stopped: 0.0775932 seconds, Stopping threads took: 0.0000927 seconds
[27.344s][info][safepoint] Application time: 0.0141359 seconds
[27.344s][info][safepoint] Entering safepoint region: GenCollectForAllocation
[27.416s][info][gc       ] GC(627) Pause Young (Allocation Failure) 2687M->2692M(3623M) 71.702ms
[27.416s][info][safepoint] Leaving safepoint region
[27.417s][info][safepoint] Total time for which application threads were stopped: 0.0722056 seconds, Stopping threads took: 0.0000999 seconds
[27.431s][info][safepoint] Application time: 0.0142591 seconds
[27.431s][info][safepoint] Entering safepoint region: GenCollectForAllocation
[27.500s][info][gc       ] GC(628) Pause Young (Allocation Failure) 2798M->2803M(3623M) 68.604ms
[27.500s][info][safepoint] Leaving safepoint region
[27.500s][info][safepoint] Total time for which application threads were stopped: 0.0691167 seconds, Stopping threads took: 0.0001098 seconds
[27.514s][info][safepoint] Application time: 0.0141699 seconds
[27.515s][info][safepoint] Entering safepoint region: GenCollectForAllocation
[27.597s][info][gc       ] GC(629) Pause Young (Allocation Failure) 2909M->2913M(3623M) 82.187ms
[27.597s][info][safepoint] Leaving safepoint region
[27.597s][info][safepoint] Total time for which application threads were stopped: 0.0826871 seconds, Stopping threads took: 0.0000993 seconds
[27.612s][info][safepoint] Application time: 0.0146282 seconds
[27.612s][info][safepoint] Entering safepoint region: GenCollectForAllocation
[27.685s][info][gc       ] GC(630) Pause Young (Allocation Failure) 3019M->3024M(3623M) 72.466ms
[27.685s][info][safepoint] Leaving safepoint region
[27.685s][info][safepoint] Total time for which application threads were stopped: 0.0730108 seconds, Stopping threads took: 0.0001154 seconds
[27.707s][info][safepoint] Application time: 0.0215248 seconds
[27.707s][info][safepoint] Entering safepoint region: GenCollectForAllocation
[27.775s][info][gc       ] GC(631) Pause Young (Allocation Failure) 3130M->3135M(3623M) 67.469ms
[27.775s][info][safepoint] Leaving safepoint region
[27.775s][info][safepoint] Total time for which application threads were stopped: 0.0680974 seconds, Stopping threads took: 0.0001685 seconds
[27.789s][info][safepoint] Application time: 0.0141167 seconds
[27.789s][info][safepoint] Entering safepoint region: GenCollectForAllocation
[27.872s][info][gc       ] GC(632) Pause Young (Allocation Failure) 3241M->3245M(3623M) 82.260ms
[27.872s][info][safepoint] Leaving safepoint region
[27.872s][info][safepoint] Total time for which application threads were stopped: 0.0827439 seconds, Stopping threads took: 0.0001115 seconds
[27.886s][info][safepoint] Application time: 0.0139455 seconds
[27.886s][info][safepoint] Entering safepoint region: GenCollectForAllocation
[27.971s][info][gc       ] GC(633) Pause Young (Allocation Failure) 3351M->3356M(3623M) 84.264ms
[27.971s][info][safepoint] Leaving safepoint region
[27.971s][info][safepoint] Total time for which application threads were stopped: 0.0850156 seconds, Stopping threads took: 0.0001209 seconds
[27.986s][info][safepoint] Application time: 0.0139757 seconds
[27.986s][info][safepoint] Entering safepoint region: GenCollectForAllocation
[28.062s][info][gc       ] GC(634) Pause Young (Allocation Failure) 3462M->3467M(3623M) 76.212ms
[28.063s][info][safepoint] Leaving safepoint region
[28.063s][info][safepoint] Total time for which application threads were stopped: 0.0769813 seconds, Stopping threads took: 0.0001422 seconds
[28.077s][info][safepoint] Application time: 0.0142339 seconds
[28.077s][info][safepoint] Entering safepoint region: GenCollectForAllocation
[28.157s][info][gc       ] GC(635) Pause Young (Allocation Failure) 3573M->3578M(3686M) 79.486ms
[28.157s][info][safepoint] Leaving safepoint region
[28.157s][info][safepoint] Total time for which application threads were stopped: 0.0800599 seconds, Stopping threads took: 0.0000902 seconds
[28.180s][info][safepoint] Application time: 0.0227170 seconds
[28.180s][info][safepoint] Entering safepoint region: GenCollectForAllocation
[28.276s][info][gc       ] GC(636) Pause Young (Allocation Failure) 3684M->3689M(3797M) 95.073ms
[28.276s][info][safepoint] Leaving safepoint region
[28.276s][info][safepoint] Total time for which application threads were stopped: 0.0958198 seconds, Stopping threads took: 0.0001087 seconds
[28.291s][info][safepoint] Application time: 0.0147085 seconds
[28.291s][info][safepoint] Entering safepoint region: GenCollectForAllocation
[28.387s][info][gc       ] GC(637) Pause Young (Allocation Failure) 3796M->3798M(3906M) 95.776ms
[28.388s][info][safepoint] Leaving safepoint region
[28.388s][info][safepoint] Total time for which application threads were stopped: 0.0965129 seconds, Stopping threads took: 0.0001642 seconds
[28.433s][info][safepoint] Application time: 0.0453896 seconds
[28.434s][info][safepoint] Entering safepoint region: GenCollectForAllocation
[28.530s][info][gc       ] GC(638) Pause Young (Allocation Failure) 3904M->3910M(4017M) 95.761ms
[28.530s][info][safepoint] Leaving safepoint region
[28.530s][info][safepoint] Total time for which application threads were stopped: 0.0967400 seconds, Stopping threads took: 0.0001259 seconds
[28.559s][info][gc       ] GC(622) Concurrent Mark 1554.210ms
[28.559s][info][gc       ] GC(622) Concurrent Preclean
[28.596s][info][safepoint] Application time: 0.0656821 seconds
[28.597s][info][safepoint] Entering safepoint region: GenCollectForAllocation
[28.813s][info][gc       ] GC(639) Pause Young (Allocation Failure) 4016M->4063M(4171M) 215.492ms
[28.813s][info][safepoint] Leaving safepoint region
[28.813s][info][safepoint] Total time for which application threads were stopped: 0.2162647 seconds, Stopping threads took: 0.0003667 seconds
[28.861s][info][safepoint] Application time: 0.0479689 seconds
[28.862s][info][safepoint] Entering safepoint region: GenCollectForAllocation
[28.957s][info][gc       ] GC(640) Pause Young (Allocation Failure) 4169M->4130M(4238M) 95.150ms
[28.957s][info][safepoint] Leaving safepoint region
[28.957s][info][safepoint] Total time for which application threads were stopped: 0.0957184 seconds, Stopping threads took: 0.0001691 seconds
[28.998s][info][safepoint] Application time: 0.0405272 seconds
[28.998s][info][safepoint] Entering safepoint region: GenCollectForAllocation
[29.024s][info][gc       ] GC(641) Pause Young (Allocation Failure) 4236M->4137M(4257M) 25.944ms
[29.025s][info][safepoint] Leaving safepoint region
[29.025s][info][safepoint] Total time for which application threads were stopped: 0.0269404 seconds, Stopping threads took: 0.0001813 seconds
[29.066s][info][safepoint] Application time: 0.0408675 seconds
[29.067s][info][safepoint] Entering safepoint region: GenCollectForAllocation
[29.070s][info][gc       ] GC(642) Pause Young (Allocation Failure) 4244M->4137M(4257M) 2.937ms
[29.071s][info][safepoint] Leaving safepoint region
[29.071s][info][safepoint] Total time for which application threads were stopped: 0.0044573 seconds, Stopping threads took: 0.0005423 seconds
[29.113s][info][safepoint] Application time: 0.0410366 seconds
[29.113s][info][safepoint] Entering safepoint region: GenCollectForAllocation
[29.116s][info][gc       ] GC(643) Pause Young (Allocation Failure) 4243M->4136M(4257M) 2.517ms
[29.116s][info][safepoint] Leaving safepoint region
[29.117s][info][safepoint] Total time for which application threads were stopped: 0.0034637 seconds, Stopping threads took: 0.0004099 seconds
[29.173s][info][safepoint] Application time: 0.0557446 seconds
[29.173s][info][safepoint] Entering safepoint region: GenCollectForAllocation
[29.176s][info][gc       ] GC(644) Pause Young (Allocation Failure) 4243M->4136M(4257M) 2.733ms
[29.177s][info][safepoint] Leaving safepoint region
[29.177s][info][safepoint] Total time for which application threads were stopped: 0.0038372 seconds, Stopping threads took: 0.0005196 seconds
[29.213s][info][safepoint] Application time: 0.0354334 seconds
[29.213s][info][safepoint] Entering safepoint region: GenCollectForAllocation
[29.216s][info][gc       ] GC(645) Pause Young (Allocation Failure) 4243M->4136M(4257M) 2.256ms
[29.216s][info][safepoint] Leaving safepoint region
[29.217s][info][safepoint] Total time for which application threads were stopped: 0.0035103 seconds, Stopping threads took: 0.0002974 seconds
[29.255s][info][safepoint] Application time: 0.0377310 seconds
[29.255s][info][safepoint] Entering safepoint region: GenCollectForAllocation
[29.259s][info][gc       ] GC(646) Pause Young (Allocation Failure) 4243M->4136M(4257M) 2.628ms
[29.259s][info][safepoint] Leaving safepoint region
[29.259s][info][safepoint] Total time for which application threads were stopped: 0.0038840 seconds, Stopping threads took: 0.0005114 seconds
[29.299s][info][safepoint] Application time: 0.0399227 seconds
[29.300s][info][safepoint] Entering safepoint region: GenCollectForAllocation
[29.303s][info][gc       ] GC(647) Pause Young (Allocation Failure) 4243M->4136M(4257M) 2.570ms
[29.303s][info][safepoint] Leaving safepoint region
[29.303s][info][safepoint] Total time for which application threads were stopped: 0.0032445 seconds, Stopping threads took: 0.0002011 seconds
[29.343s][info][safepoint] Application time: 0.0400341 seconds
[29.344s][info][safepoint] Entering safepoint region: GenCollectForAllocation
[29.346s][info][gc       ] GC(648) Pause Young (Allocation Failure) 4243M->4136M(4257M) 2.237ms
[29.347s][info][safepoint] Leaving safepoint region
[29.347s][info][safepoint] Total time for which application threads were stopped: 0.0034916 seconds, Stopping threads took: 0.0003207 seconds
[29.388s][info][safepoint] Application time: 0.0404329 seconds
[29.389s][info][safepoint] Entering safepoint region: GenCollectForAllocation
[29.391s][info][gc       ] GC(649) Pause Young (Allocation Failure) 4243M->4136M(4257M) 2.076ms
[29.392s][info][safepoint] Leaving safepoint region
[29.392s][info][safepoint] Total time for which application threads were stopped: 0.0035127 seconds, Stopping threads took: 0.0004536 seconds
[29.429s][info][safepoint] Application time: 0.0368136 seconds
[29.430s][info][safepoint] Entering safepoint region: GenCollectForAllocation
[29.432s][info][gc       ] GC(650) Pause Young (Allocation Failure) 4243M->4136M(4257M) 2.097ms
[29.433s][info][safepoint] Leaving safepoint region
[29.433s][info][safepoint] Total time for which application threads were stopped: 0.0032300 seconds, Stopping threads took: 0.0004084 seconds
[29.492s][info][safepoint] Application time: 0.0587543 seconds
[29.492s][info][safepoint] Entering safepoint region: GenCollectForAllocation
[29.495s][info][gc       ] GC(651) Pause Young (Allocation Failure) 4243M->4136M(4257M) 2.383ms
[29.496s][info][safepoint] Leaving safepoint region
[29.496s][info][safepoint] Total time for which application threads were stopped: 0.0038393 seconds, Stopping threads took: 0.0005111 seconds
[29.534s][info][safepoint] Application time: 0.0372840 seconds
[29.534s][info][safepoint] Entering safepoint region: GenCollectForAllocation
[29.537s][info][gc       ] GC(652) Pause Young (Allocation Failure) 4243M->4136M(4257M) 2.515ms
[29.538s][info][safepoint] Leaving safepoint region
[29.538s][info][safepoint] Total time for which application threads were stopped: 0.0039979 seconds, Stopping threads took: 0.0004170 seconds
[29.574s][info][safepoint] Application time: 0.0355446 seconds
[29.575s][info][safepoint] Entering safepoint region: GenCollectForAllocation
[29.577s][info][gc       ] GC(653) Pause Young (Allocation Failure) 4243M->4136M(4257M) 2.002ms
[29.578s][info][safepoint] Leaving safepoint region
[29.578s][info][safepoint] Total time for which application threads were stopped: 0.0033753 seconds, Stopping threads took: 0.0004445 seconds
[29.617s][info][safepoint] Application time: 0.0380547 seconds
[29.617s][info][safepoint] Entering safepoint region: GenCollectForAllocation
[29.620s][info][gc       ] GC(654) Pause Young (Allocation Failure) 4243M->4136M(4257M) 2.148ms
[29.620s][info][safepoint] Leaving safepoint region
[29.621s][info][safepoint] Total time for which application threads were stopped: 0.0036635 seconds, Stopping threads took: 0.0004954 seconds
[29.661s][info][safepoint] Application time: 0.0398360 seconds
[29.662s][info][safepoint] Entering safepoint region: GenCollectForAllocation
[29.665s][info][gc       ] GC(655) Pause Young (Allocation Failure) 4243M->4136M(4257M) 2.549ms
[29.665s][info][safepoint] Leaving safepoint region
[29.665s][info][safepoint] Total time for which application threads were stopped: 0.0037989 seconds, Stopping threads took: 0.0004203 seconds
[29.704s][info][safepoint] Application time: 0.0382511 seconds
[29.705s][info][safepoint] Entering safepoint region: GenCollectForAllocation
[29.708s][info][gc       ] GC(656) Pause Young (Allocation Failure) 4243M->4136M(4257M) 2.421ms
[29.708s][info][safepoint] Leaving safepoint region
[29.708s][info][safepoint] Total time for which application threads were stopped: 0.0034530 seconds, Stopping threads took: 0.0004439 seconds
[29.728s][info][gc       ] GC(622) Concurrent Preclean 1168.081ms
[29.728s][info][gc       ] GC(622) Concurrent Abortable Preclean
[29.746s][info][safepoint] Application time: 0.0380267 seconds
[29.747s][info][safepoint] Entering safepoint region: GenCollectForAllocation
[29.750s][info][gc       ] GC(657) Pause Young (Allocation Failure) 4243M->4136M(4257M) 2.452ms
[29.750s][info][safepoint] Leaving safepoint region
[29.750s][info][safepoint] Total time for which application threads were stopped: 0.0036305 seconds, Stopping threads took: 0.0004340 seconds
[29.751s][info][gc       ] GC(622) Concurrent Abortable Preclean 22.941ms
[29.751s][info][safepoint] Application time: 0.0005076 seconds
[29.751s][info][safepoint] Entering safepoint region: CMS_Final_Remark
[29.753s][info][gc       ] GC(622) Pause Remark 4139M->4139M(4257M) 1.267ms
[29.753s][info][safepoint] Leaving safepoint region
[29.753s][info][safepoint] Total time for which application threads were stopped: 0.0019014 seconds, Stopping threads took: 0.0001797 seconds
[29.754s][info][gc       ] GC(622) Concurrent Sweep
[29.790s][info][safepoint] Application time: 0.0369235 seconds
[29.791s][info][safepoint] Entering safepoint region: GenCollectForAllocation
[29.794s][info][gc       ] GC(658) Pause Young (Allocation Failure) 4152M->4045M(4257M) 2.338ms
[29.794s][info][safepoint] Leaving safepoint region
[29.795s][info][safepoint] Total time for which application threads were stopped: 0.0035413 seconds, Stopping threads took: 0.0004046 seconds
[29.835s][info][safepoint] Application time: 0.0399235 seconds
[29.835s][info][safepoint] Entering safepoint region: GenCollectForAllocation
[29.838s][info][gc       ] GC(659) Pause Young (Allocation Failure) 4052M->3946M(4257M) 2.485ms
[29.838s][info][safepoint] Leaving safepoint region
[29.839s][info][safepoint] Total time for which application threads were stopped: 0.0033923 seconds, Stopping threads took: 0.0003856 seconds
[29.879s][info][safepoint] Application time: 0.0396834 seconds
[29.879s][info][safepoint] Entering safepoint region: GenCollectForAllocation
[29.882s][info][gc       ] GC(660) Pause Young (Allocation Failure) 3953M->3846M(4257M) 2.270ms
[29.882s][info][safepoint] Leaving safepoint region
[29.882s][info][safepoint] Total time for which application threads were stopped: 0.0032096 seconds, Stopping threads took: 0.0003201 seconds
[29.922s][info][safepoint] Application time: 0.0396794 seconds
[29.922s][info][safepoint] Entering safepoint region: GenCollectForAllocation
[29.925s][info][gc       ] GC(661) Pause Young (Allocation Failure) 3853M->3747M(4257M) 2.151ms
[29.925s][info][safepoint] Leaving safepoint region
[29.926s][info][safepoint] Total time for which application threads were stopped: 0.0031574 seconds, Stopping threads took: 0.0003318 seconds
[29.965s][info][safepoint] Application time: 0.0395803 seconds
[29.966s][info][safepoint] Entering safepoint region: GenCollectForAllocation
[29.969s][info][gc       ] GC(662) Pause Young (Allocation Failure) 3753M->3647M(4257M) 2.282ms
[29.969s][info][safepoint] Leaving safepoint region
[29.969s][info][safepoint] Total time for which application threads were stopped: 0.0034601 seconds, Stopping threads took: 0.0004747 seconds
[30.010s][info][safepoint] Application time: 0.0400119 seconds
[30.010s][info][safepoint] Entering safepoint region: GenCollectForAllocation
[30.013s][info][gc       ] GC(663) Pause Young (Allocation Failure) 3659M->3553M(4257M) 2.584ms
[30.013s][info][safepoint] Leaving safepoint region
[30.014s][info][safepoint] Total time for which application threads were stopped: 0.0038315 seconds, Stopping threads took: 0.0005158 seconds
[30.053s][info][safepoint] Application time: 0.0385765 seconds
[30.053s][info][safepoint] Entering safepoint region: GenCollectForAllocation
[30.056s][info][gc       ] GC(664) Pause Young (Allocation Failure) 3613M->3507M(4257M) 2.147ms
[30.056s][info][safepoint] Leaving safepoint region
[30.057s][info][safepoint] Total time for which application threads were stopped: 0.0032824 seconds, Stopping threads took: 0.0004600 seconds
[30.098s][info][safepoint] Application time: 0.0413056 seconds
[30.099s][info][safepoint] Entering safepoint region: GenCollectForAllocation
[30.101s][info][gc       ] GC(665) Pause Young (Allocation Failure) 3553M->3447M(4257M) 2.492ms
[30.102s][info][safepoint] Leaving safepoint region
[30.102s][info][safepoint] Total time for which application threads were stopped: 0.0033998 seconds, Stopping threads took: 0.0003646 seconds
[30.141s][info][safepoint] Application time: 0.0386248 seconds
[30.141s][info][safepoint] Entering safepoint region: GenCollectForAllocation
[30.144s][info][gc       ] GC(666) Pause Young (Allocation Failure) 3501M->3395M(4257M) 2.286ms
[30.144s][info][safepoint] Leaving safepoint region
[30.144s][info][safepoint] Total time for which application threads were stopped: 0.0032523 seconds, Stopping threads took: 0.0002813 seconds
[30.182s][info][safepoint] Application time: 0.0370601 seconds
[30.182s][info][safepoint] Entering safepoint region: GenCollectForAllocation
[30.185s][info][gc       ] GC(667) Pause Young (Allocation Failure) 3487M->3381M(4257M) 2.048ms
[30.185s][info][safepoint] Leaving safepoint region
[30.185s][info][safepoint] Total time for which application threads were stopped: 0.0029745 seconds, Stopping threads took: 0.0004973 seconds
[30.223s][info][safepoint] Application time: 0.0383181 seconds
[30.224s][info][safepoint] Entering safepoint region: GenCollectForAllocation
[30.227s][info][gc       ] GC(668) Pause Young (Allocation Failure) 3487M->3381M(4257M) 2.113ms
[30.227s][info][safepoint] Leaving safepoint region
[30.227s][info][safepoint] Total time for which application threads were stopped: 0.0033435 seconds, Stopping threads took: 0.0004786 seconds
[30.266s][info][safepoint] Application time: 0.0383072 seconds
[30.267s][info][safepoint] Entering safepoint region: GenCollectForAllocation
[30.269s][info][gc       ] GC(669) Pause Young (Allocation Failure) 3487M->3381M(4257M) 2.104ms
[30.270s][info][safepoint] Leaving safepoint region
[30.270s][info][safepoint] Total time for which application threads were stopped: 0.0034826 seconds, Stopping threads took: 0.0005711 seconds
[30.309s][info][safepoint] Application time: 0.0380689 seconds
[30.309s][info][safepoint] Entering safepoint region: GenCollectForAllocation
[30.312s][info][gc       ] GC(670) Pause Young (Allocation Failure) 3487M->3381M(4257M) 2.411ms
[30.312s][info][safepoint] Leaving safepoint region
[30.313s][info][safepoint] Total time for which application threads were stopped: 0.0035809 seconds, Stopping threads took: 0.0002823 seconds
[30.350s][info][safepoint] Application time: 0.0369677 seconds
[30.351s][info][safepoint] Entering safepoint region: GenCollectForAllocation
[30.354s][info][gc       ] GC(671) Pause Young (Allocation Failure) 3487M->3380M(4257M) 2.390ms
[30.354s][info][safepoint] Leaving safepoint region
[30.354s][info][safepoint] Total time for which application threads were stopped: 0.0038449 seconds, Stopping threads took: 0.0006046 seconds
[30.395s][info][safepoint] Application time: 0.0401545 seconds
[30.396s][info][safepoint] Entering safepoint region: GenCollectForAllocation
[30.398s][info][gc       ] GC(672) Pause Young (Allocation Failure) 3486M->3380M(4257M) 2.130ms
[30.399s][info][safepoint] Leaving safepoint region
[30.399s][info][safepoint] Total time for which application threads were stopped: 0.0035052 seconds, Stopping threads took: 0.0005048 seconds
[30.439s][info][safepoint] Application time: 0.0397950 seconds
[30.440s][info][safepoint] Entering safepoint region: GenCollectForAllocation
[30.443s][info][gc       ] GC(673) Pause Young (Allocation Failure) 3409M->3303M(4257M) 2.512ms
[30.443s][info][safepoint] Leaving safepoint region
[30.444s][info][safepoint] Total time for which application threads were stopped: 0.0040191 seconds, Stopping threads took: 0.0005303 seconds
[30.484s][info][safepoint] Application time: 0.0393317 seconds
[30.484s][info][safepoint] Entering safepoint region: GenCollectForAllocation
[30.487s][info][gc       ] GC(674) Pause Young (Allocation Failure) 3309M->3203M(4257M) 2.325ms
[30.487s][info][safepoint] Leaving safepoint region
[30.488s][info][safepoint] Total time for which application threads were stopped: 0.0037565 seconds, Stopping threads took: 0.0004872 seconds
[30.528s][info][safepoint] Application time: 0.0396955 seconds
[30.528s][info][safepoint] Entering safepoint region: GenCollectForAllocation
[30.531s][info][gc       ] GC(675) Pause Young (Allocation Failure) 3209M->3103M(4257M) 2.169ms
[30.531s][info][safepoint] Leaving safepoint region
[30.532s][info][safepoint] Total time for which application threads were stopped: 0.0034921 seconds, Stopping threads took: 0.0004153 seconds
[30.571s][info][safepoint] Application time: 0.0390962 seconds
[30.572s][info][safepoint] Entering safepoint region: GenCollectForAllocation
[30.574s][info][gc       ] GC(676) Pause Young (Allocation Failure) 3064M->2958M(4257M) 1.981ms
[30.575s][info][safepoint] Leaving safepoint region
[30.575s][info][safepoint] Total time for which application threads were stopped: 0.0032396 seconds, Stopping threads took: 0.0004841 seconds
[30.611s][info][safepoint] Application time: 0.0352454 seconds
[30.611s][info][safepoint] Entering safepoint region: GenCollectForAllocation
[30.613s][info][gc       ] GC(677) Pause Young (Allocation Failure) 2966M->2860M(4257M) 2.100ms
[30.614s][info][safepoint] Leaving safepoint region
[30.614s][info][safepoint] Total time for which application threads were stopped: 0.0028159 seconds, Stopping threads took: 0.0002097 seconds
[30.650s][info][safepoint] Application time: 0.0364357 seconds
[30.651s][info][safepoint] Entering safepoint region: GenCollectForAllocation
[30.654s][info][gc       ] GC(678) Pause Young (Allocation Failure) 2828M->2722M(4257M) 2.222ms
[30.654s][info][safepoint] Leaving safepoint region
[30.655s][info][safepoint] Total time for which application threads were stopped: 0.0035213 seconds, Stopping threads took: 0.0004515 seconds
[30.694s][info][safepoint] Application time: 0.0391310 seconds
[30.695s][info][safepoint] Entering safepoint region: GenCollectForAllocation
[30.697s][info][gc       ] GC(679) Pause Young (Allocation Failure) 2734M->2628M(4257M) 2.151ms
[30.698s][info][safepoint] Leaving safepoint region
[30.698s][info][safepoint] Total time for which application threads were stopped: 0.0035373 seconds, Stopping threads took: 0.0004904 seconds
[30.737s][info][safepoint] Application time: 0.0389343 seconds
[30.738s][info][safepoint] Entering safepoint region: GenCollectForAllocation
[30.741s][info][gc       ] GC(680) Pause Young (Allocation Failure) 2591M->2485M(4257M) 2.479ms
[30.741s][info][safepoint] Leaving safepoint region
[30.742s][info][safepoint] Total time for which application threads were stopped: 0.0039596 seconds, Stopping threads took: 0.0005232 seconds
[30.782s][info][safepoint] Application time: 0.0397600 seconds
[30.782s][info][safepoint] Entering safepoint region: GenCollectForAllocation
[30.785s][info][gc       ] GC(681) Pause Young (Allocation Failure) 2492M->2386M(4257M) 1.980ms
[30.785s][info][safepoint] Leaving safepoint region
[30.786s][info][safepoint] Total time for which application threads were stopped: 0.0031088 seconds, Stopping threads took: 0.0004547 seconds
[30.826s][info][safepoint] Application time: 0.0401848 seconds
[30.826s][info][safepoint] Entering safepoint region: GenCollectForAllocation
[30.829s][info][gc       ] GC(682) Pause Young (Allocation Failure) 2393M->2287M(4257M) 2.272ms
[30.829s][info][safepoint] Leaving safepoint region
[30.830s][info][safepoint] Total time for which application threads were stopped: 0.0032365 seconds, Stopping threads took: 0.0003893 seconds
[30.869s][info][safepoint] Application time: 0.0395911 seconds
[30.870s][info][safepoint] Entering safepoint region: GenCollectForAllocation
[30.873s][info][gc       ] GC(683) Pause Young (Allocation Failure) 2241M->2135M(4257M) 2.286ms
[30.873s][info][safepoint] Leaving safepoint region
[30.873s][info][safepoint] Total time for which application threads were stopped: 0.0036257 seconds, Stopping threads took: 0.0003893 seconds
[30.914s][info][safepoint] Application time: 0.0396715 seconds
[30.914s][info][safepoint] Entering safepoint region: GenCollectForAllocation
[30.916s][info][gc       ] GC(684) Pause Young (Allocation Failure) 2198M->2092M(4257M) 2.070ms
[30.917s][info][safepoint] Leaving safepoint region
[30.917s][info][safepoint] Total time for which application threads were stopped: 0.0029379 seconds, Stopping threads took: 0.0003106 seconds
[30.928s][info][gc       ] GC(622) Concurrent Sweep 1174.419ms
[30.928s][info][gc       ] GC(622) Concurrent Reset
[30.931s][info][gc       ] GC(622) Concurrent Reset 3.002ms
[30.954s][info][safepoint] Application time: 0.0364918 seconds
[30.954s][info][safepoint] Entering safepoint region: GenCollectForAllocation
[30.956s][info][gc       ] GC(685) Pause Young (Allocation Failure) 2198M->2092M(4257M) 2.087ms
[30.957s][info][safepoint] Leaving safepoint region
[30.957s][info][safepoint] Total time for which application threads were stopped: 0.0032001 seconds, Stopping threads took: 0.0002630 seconds
[30.993s][info][safepoint] Application time: 0.0358331 seconds
[30.994s][info][safepoint] Entering safepoint region: GenCollectForAllocation
[30.996s][info][gc       ] GC(686) Pause Young (Allocation Failure) 2198M->2092M(4257M) 1.944ms
[30.996s][info][safepoint] Leaving safepoint region
[30.997s][info][safepoint] Total time for which application threads were stopped: 0.0028169 seconds, Stopping threads took: 0.0003309 seconds
[31.032s][info][safepoint] Application time: 0.0355400 seconds
[31.033s][info][safepoint] Entering safepoint region: GenCollectForAllocation
[31.035s][info][gc       ] GC(687) Pause Young (Allocation Failure) 2198M->2092M(4257M) 1.908ms
[31.035s][info][safepoint] Leaving safepoint region
[31.035s][info][safepoint] Total time for which application threads were stopped: 0.0028693 seconds, Stopping threads took: 0.0003468 seconds
[31.069s][info][safepoint] Application time: 0.0334147 seconds
[31.070s][info][safepoint] Entering safepoint region: GenCollectForAllocation
[31.072s][info][gc       ] GC(688) Pause Young (Allocation Failure) 2198M->2092M(4257M) 1.867ms
[31.072s][info][safepoint] Leaving safepoint region
[31.073s][info][safepoint] Total time for which application threads were stopped: 0.0029817 seconds, Stopping threads took: 0.0003006 seconds
[31.106s][info][safepoint] Application time: 0.0335653 seconds
[31.107s][info][safepoint] Entering safepoint region: GenCollectForAllocation
[31.109s][info][gc       ] GC(689) Pause Young (Allocation Failure) 2198M->2092M(4257M) 2.221ms
[31.110s][info][safepoint] Leaving safepoint region
[31.110s][info][safepoint] Total time for which application threads were stopped: 0.0033656 seconds, Stopping threads took: 0.0002606 seconds
[31.144s][info][safepoint] Application time: 0.0334593 seconds
[31.144s][info][safepoint] Entering safepoint region: GenCollectForAllocation
[31.147s][info][gc       ] GC(690) Pause Young (Allocation Failure) 2198M->2092M(4257M) 2.080ms
[31.147s][info][safepoint] Leaving safepoint region
[31.147s][info][safepoint] Total time for which application threads were stopped: 0.0027806 seconds, Stopping threads took: 0.0002088 seconds
[31.182s][info][safepoint] Application time: 0.0347019 seconds
[31.182s][info][safepoint] Entering safepoint region: GenCollectForAllocation
[31.184s][info][gc       ] GC(691) Pause Young (Allocation Failure) 2198M->2092M(4257M) 1.972ms
[31.185s][info][safepoint] Leaving safepoint region
[31.185s][info][safepoint] Total time for which application threads were stopped: 0.0025411 seconds, Stopping threads took: 0.0002145 seconds
[31.220s][info][safepoint] Application time: 0.0346954 seconds
[31.220s][info][safepoint] Entering safepoint region: GenCollectForAllocation
[31.222s][info][gc       ] GC(692) Pause Young (Allocation Failure) 2198M->2092M(4257M) 1.833ms
[31.222s][info][safepoint] Leaving safepoint region
[31.223s][info][safepoint] Total time for which application threads were stopped: 0.0025933 seconds, Stopping threads took: 0.0002436 seconds
[31.258s][info][safepoint] Application time: 0.0349152 seconds
[31.258s][info][safepoint] Entering safepoint region: GenCollectForAllocation
[31.260s][info][gc       ] GC(693) Pause Young (Allocation Failure) 2198M->2092M(4257M) 1.875ms
[31.261s][info][safepoint] Leaving safepoint region
[31.261s][info][safepoint] Total time for which application threads were stopped: 0.0028261 seconds, Stopping threads took: 0.0003557 seconds
[31.296s][info][safepoint] Application time: 0.0344222 seconds
[31.296s][info][safepoint] Entering safepoint region: GenCollectForAllocation
[31.298s][info][gc       ] GC(694) Pause Young (Allocation Failure) 2198M->2092M(4257M) 2.018ms
[31.298s][info][safepoint] Leaving safepoint region
[31.299s][info][safepoint] Total time for which application threads were stopped: 0.0027379 seconds, Stopping threads took: 0.0002311 seconds
[31.334s][info][safepoint] Application time: 0.0348033 seconds
[31.334s][info][safepoint] Entering safepoint region: GenCollectForAllocation
[31.336s][info][gc       ] GC(695) Pause Young (Allocation Failure) 2198M->2092M(4257M) 1.803ms
[31.336s][info][safepoint] Leaving safepoint region
[31.337s][info][safepoint] Total time for which application threads were stopped: 0.0027055 seconds, Stopping threads took: 0.0003788 seconds
[31.371s][info][safepoint] Application time: 0.0345954 seconds
[31.372s][info][safepoint] Entering safepoint region: GenCollectForAllocation
[31.374s][info][gc       ] GC(696) Pause Young (Allocation Failure) 2198M->2092M(4257M) 2.172ms
[31.374s][info][safepoint] Leaving safepoint region
[31.375s][info][safepoint] Total time for which application threads were stopped: 0.0029322 seconds, Stopping threads took: 0.0002478 seconds
[31.409s][info][safepoint] Application time: 0.0345638 seconds
[31.410s][info][safepoint] Entering safepoint region: GenCollectForAllocation
[31.412s][info][gc       ] GC(697) Pause Young (Allocation Failure) 2198M->2092M(4257M) 2.130ms
[31.412s][info][safepoint] Leaving safepoint region
[31.413s][info][safepoint] Total time for which application threads were stopped: 0.0030426 seconds, Stopping threads took: 0.0002202 seconds
[31.448s][info][safepoint] Application time: 0.0351060 seconds
[31.448s][info][safepoint] Entering safepoint region: GenCollectForAllocation
[31.450s][info][gc       ] GC(698) Pause Young (Allocation Failure) 2198M->2092M(4257M) 1.809ms
[31.451s][info][safepoint] Leaving safepoint region
[31.451s][info][safepoint] Total time for which application threads were stopped: 0.0025096 seconds, Stopping threads took: 0.0001379 seconds
[31.486s][info][safepoint] Application time: 0.0346786 seconds
[31.486s][info][safepoint] Entering safepoint region: GenCollectForAllocation
[31.488s][info][gc       ] GC(699) Pause Young (Allocation Failure) 2198M->2092M(4257M) 1.740ms
[31.488s][info][safepoint] Leaving safepoint region
[31.488s][info][safepoint] Total time for which application threads were stopped: 0.0024875 seconds, Stopping threads took: 0.0001895 seconds
[31.524s][info][safepoint] Application time: 0.0352021 seconds
[31.524s][info][safepoint] Entering safepoint region: GenCollectForAllocation
[31.526s][info][gc       ] GC(700) Pause Young (Allocation Failure) 2198M->2092M(4257M) 2.053ms
[31.527s][info][safepoint] Leaving safepoint region
[31.527s][info][safepoint] Total time for which application threads were stopped: 0.0028101 seconds, Stopping threads took: 0.0001833 seconds
[31.562s][info][safepoint] Application time: 0.0350338 seconds
[31.563s][info][safepoint] Entering safepoint region: GenCollectForAllocation
[31.565s][info][gc       ] GC(701) Pause Young (Allocation Failure) 2198M->2092M(4257M) 1.766ms
[31.565s][info][safepoint] Leaving safepoint region
[31.565s][info][safepoint] Total time for which application threads were stopped: 0.0026631 seconds, Stopping threads took: 0.0003108 seconds
[31.600s][info][safepoint] Application time: 0.0346489 seconds
[31.600s][info][safepoint] Entering safepoint region: GenCollectForAllocation
[31.602s][info][gc       ] GC(702) Pause Young (Allocation Failure) 2198M->2092M(4257M) 1.784ms
[31.603s][info][safepoint] Leaving safepoint region
[31.603s][info][safepoint] Total time for which application threads were stopped: 0.0025520 seconds, Stopping threads took: 0.0002427 seconds
[31.636s][info][safepoint] Application time: 0.0332248 seconds
[31.637s][info][safepoint] Entering safepoint region: GenCollectForAllocation
[31.639s][info][gc       ] GC(703) Pause Young (Allocation Failure) 2198M->2092M(4257M) 1.934ms
[31.639s][info][safepoint] Leaving safepoint region
[31.639s][info][safepoint] Total time for which application threads were stopped: 0.0028237 seconds, Stopping threads took: 0.0001922 seconds
[31.672s][info][safepoint] Application time: 0.0327199 seconds
[31.673s][info][safepoint] Entering safepoint region: GenCollectForAllocation
[31.675s][info][gc       ] GC(704) Pause Young (Allocation Failure) 2198M->2092M(4257M) 1.731ms
[31.675s][info][safepoint] Leaving safepoint region
[31.675s][info][safepoint] Total time for which application threads were stopped: 0.0026713 seconds, Stopping threads took: 0.0002577 seconds
[31.710s][info][safepoint] Application time: 0.0347716 seconds
[31.711s][info][safepoint] Entering safepoint region: GenCollectForAllocation
[31.713s][info][gc       ] GC(705) Pause Young (Allocation Failure) 2198M->2092M(4257M) 1.870ms
[31.713s][info][safepoint] Leaving safepoint region
[31.713s][info][safepoint] Total time for which application threads were stopped: 0.0024112 seconds, Stopping threads took: 0.0002234 seconds
[31.748s][info][safepoint] Application time: 0.0345438 seconds
[31.748s][info][safepoint] Entering safepoint region: GenCollectForAllocation
[31.750s][info][gc       ] GC(706) Pause Young (Allocation Failure) 2198M->2092M(4257M) 1.753ms
[31.750s][info][safepoint] Leaving safepoint region
[31.751s][info][safepoint] Total time for which application threads were stopped: 0.0024798 seconds, Stopping threads took: 0.0001924 seconds
[31.786s][info][safepoint] Application time: 0.0348608 seconds
[31.786s][info][safepoint] Entering safepoint region: GenCollectForAllocation
[31.789s][info][gc       ] GC(707) Pause Young (Allocation Failure) 2198M->2092M(4257M) 2.042ms
[31.789s][info][safepoint] Leaving safepoint region
[31.789s][info][safepoint] Total time for which application threads were stopped: 0.0029721 seconds, Stopping threads took: 0.0003400 seconds
[31.824s][info][safepoint] Application time: 0.0349886 seconds
[31.825s][info][safepoint] Entering safepoint region: GenCollectForAllocation
[31.827s][info][gc       ] GC(708) Pause Young (Allocation Failure) 2198M->2092M(4257M) 1.871ms
[31.827s][info][safepoint] Leaving safepoint region
[31.827s][info][safepoint] Total time for which application threads were stopped: 0.0027045 seconds, Stopping threads took: 0.0002885 seconds
[31.863s][info][safepoint] Application time: 0.0349131 seconds
[31.863s][info][safepoint] Entering safepoint region: GenCollectForAllocation
[31.865s][info][gc       ] GC(709) Pause Young (Allocation Failure) 2198M->2092M(4257M) 1.854ms
[31.866s][info][safepoint] Leaving safepoint region
[31.866s][info][safepoint] Total time for which application threads were stopped: 0.0030903 seconds, Stopping threads took: 0.0003708 seconds
[31.901s][info][safepoint] Application time: 0.0347439 seconds
[31.902s][info][safepoint] Entering safepoint region: GenCollectForAllocation
[31.904s][info][gc       ] GC(710) Pause Young (Allocation Failure) 2198M->2092M(4257M) 1.830ms
[31.904s][info][safepoint] Leaving safepoint region
[31.905s][info][safepoint] Total time for which application threads were stopped: 0.0031924 seconds, Stopping threads took: 0.0004533 seconds
[31.940s][info][safepoint] Application time: 0.0349209 seconds
[31.941s][info][safepoint] Entering safepoint region: GenCollectForAllocation
[31.943s][info][gc       ] GC(711) Pause Young (Allocation Failure) 2198M->2092M(4257M) 2.196ms
[31.944s][info][safepoint] Leaving safepoint region
[31.944s][info][safepoint] Total time for which application threads were stopped: 0.0033790 seconds, Stopping threads took: 0.0003497 seconds
[31.979s][info][safepoint] Application time: 0.0347718 seconds
[31.979s][info][safepoint] Entering safepoint region: GenCollectForAllocation
[31.982s][info][gc       ] GC(712) Pause Young (Allocation Failure) 2198M->2092M(4257M) 1.904ms
[31.982s][info][safepoint] Leaving safepoint region
[31.982s][info][safepoint] Total time for which application threads were stopped: 0.0029991 seconds, Stopping threads took: 0.0002610 seconds
[32.018s][info][safepoint] Application time: 0.0351141 seconds
[32.018s][info][safepoint] Entering safepoint region: GenCollectForAllocation
[32.021s][info][gc       ] GC(713) Pause Young (Allocation Failure) 2198M->2092M(4257M) 2.169ms
[32.021s][info][safepoint] Leaving safepoint region
[32.022s][info][safepoint] Total time for which application threads were stopped: 0.0032838 seconds, Stopping threads took: 0.0003060 seconds
[32.057s][info][safepoint] Application time: 0.0348246 seconds
[32.057s][info][safepoint] Entering safepoint region: GenCollectForAllocation
[32.060s][info][gc       ] GC(714) Pause Young (Allocation Failure) 2198M->2092M(4257M) 2.050ms
[32.060s][info][safepoint] Leaving safepoint region
[32.060s][info][safepoint] Total time for which application threads were stopped: 0.0031048 seconds, Stopping threads took: 0.0003317 seconds
[32.095s][info][safepoint] Application time: 0.0348156 seconds
[32.096s][info][safepoint] Entering safepoint region: GenCollectForAllocation
[32.098s][info][gc       ] GC(715) Pause Young (Allocation Failure) 2198M->2092M(4257M) 1.794ms
[32.098s][info][safepoint] Leaving safepoint region
[32.099s][info][safepoint] Total time for which application threads were stopped: 0.0027370 seconds, Stopping threads took: 0.0002749 seconds
[32.134s][info][safepoint] Application time: 0.0348473 seconds
[32.134s][info][safepoint] Entering safepoint region: GenCollectForAllocation
[32.137s][info][gc       ] GC(716) Pause Young (Allocation Failure) 2198M->2092M(4257M) 2.058ms
[32.137s][info][safepoint] Leaving safepoint region
[32.137s][info][safepoint] Total time for which application threads were stopped: 0.0031904 seconds, Stopping threads took: 0.0003083 seconds
[32.173s][info][safepoint] Application time: 0.0348043 seconds
[32.173s][info][safepoint] Entering safepoint region: GenCollectForAllocation
[32.175s][info][gc       ] GC(717) Pause Young (Allocation Failure) 2198M->2092M(4257M) 1.917ms
[32.175s][info][safepoint] Leaving safepoint region
[32.176s][info][safepoint] Total time for which application threads were stopped: 0.0028757 seconds, Stopping threads took: 0.0001772 seconds
[32.209s][info][safepoint] Application time: 0.0328151 seconds
[32.209s][info][safepoint] Entering safepoint region: GenCollectForAllocation
[32.211s][info][gc       ] GC(718) Pause Young (Allocation Failure) 2198M->2092M(4257M) 2.059ms
[32.212s][info][safepoint] Leaving safepoint region
[32.212s][info][safepoint] Total time for which application threads were stopped: 0.0034020 seconds, Stopping threads took: 0.0003950 seconds
[32.249s][info][safepoint] Application time: 0.0361876 seconds
[32.250s][info][safepoint] Entering safepoint region: GenCollectForAllocation
[32.252s][info][gc       ] GC(719) Pause Young (Allocation Failure) 2198M->2092M(4257M) 2.280ms
[32.253s][info][safepoint] Leaving safepoint region
[32.253s][info][safepoint] Total time for which application threads were stopped: 0.0033876 seconds, Stopping threads took: 0.0004468 seconds
[32.287s][info][safepoint] Application time: 0.0341649 seconds
[32.288s][info][safepoint] Entering safepoint region: GenCollectForAllocation
[32.290s][info][gc       ] GC(720) Pause Young (Allocation Failure) 2198M->2092M(4257M) 1.931ms
[32.290s][info][safepoint] Leaving safepoint region
[32.291s][info][safepoint] Total time for which application threads were stopped: 0.0029454 seconds, Stopping threads took: 0.0003446 seconds
[32.324s][info][safepoint] Application time: 0.0332408 seconds
[32.325s][info][safepoint] Entering safepoint region: GenCollectForAllocation
[32.327s][info][gc       ] GC(721) Pause Young (Allocation Failure) 2198M->2092M(4257M) 2.013ms
[32.327s][info][safepoint] Leaving safepoint region
[32.328s][info][safepoint] Total time for which application threads were stopped: 0.0030619 seconds, Stopping threads took: 0.0002146 seconds
[32.362s][info][safepoint] Application time: 0.0342827 seconds
[32.362s][info][safepoint] Entering safepoint region: GenCollectForAllocation
[32.365s][info][gc       ] GC(722) Pause Young (Allocation Failure) 2198M->2092M(4257M) 1.914ms
[32.365s][info][safepoint] Leaving safepoint region
[32.365s][info][safepoint] Total time for which application threads were stopped: 0.0026742 seconds, Stopping threads took: 0.0002507 seconds
[32.399s][info][safepoint] Application time: 0.0341150 seconds
[32.400s][info][safepoint] Entering safepoint region: GenCollectForAllocation
[32.402s][info][gc       ] GC(723) Pause Young (Allocation Failure) 2198M->2092M(4257M) 2.054ms
[32.402s][info][safepoint] Leaving safepoint region
[32.403s][info][safepoint] Total time for which application threads were stopped: 0.0030062 seconds, Stopping threads took: 0.0002184 seconds
[32.437s][info][safepoint] Application time: 0.0342222 seconds
[32.438s][info][safepoint] Entering safepoint region: GenCollectForAllocation
[32.440s][info][gc       ] GC(724) Pause Young (Allocation Failure) 2198M->2092M(4257M) 2.105ms
[32.440s][info][safepoint] Leaving safepoint region
[32.441s][info][safepoint] Total time for which application threads were stopped: 0.0032931 seconds, Stopping threads took: 0.0002951 seconds
[32.476s][info][safepoint] Application time: 0.0343762 seconds
[32.476s][info][safepoint] Entering safepoint region: GenCollectForAllocation
[32.478s][info][gc       ] GC(725) Pause Young (Allocation Failure) 2198M->2092M(4257M) 1.831ms
[32.478s][info][safepoint] Leaving safepoint region
[32.479s][info][safepoint] Total time for which application threads were stopped: 0.0027291 seconds, Stopping threads took: 0.0002727 seconds
[32.511s][info][safepoint] Application time: 0.0325291 seconds
[32.512s][info][safepoint] Entering safepoint region: GenCollectForAllocation
[32.514s][info][gc       ] GC(726) Pause Young (Allocation Failure) 2198M->2092M(4257M) 1.923ms
[32.514s][info][safepoint] Leaving safepoint region
[32.515s][info][safepoint] Total time for which application threads were stopped: 0.0029314 seconds, Stopping threads took: 0.0002353 seconds
[32.548s][info][safepoint] Application time: 0.0333972 seconds
[32.549s][info][safepoint] Entering safepoint region: GenCollectForAllocation
[32.551s][info][gc       ] GC(727) Pause Young (Allocation Failure) 2198M->2092M(4257M) 1.880ms
[32.551s][info][safepoint] Leaving safepoint region
[32.552s][info][safepoint] Total time for which application threads were stopped: 0.0029758 seconds, Stopping threads took: 0.0003068 seconds
[32.587s][info][safepoint] Application time: 0.0351736 seconds
[32.588s][info][safepoint] Entering safepoint region: GenCollectForAllocation
[32.590s][info][gc       ] GC(728) Pause Young (Allocation Failure) 2198M->2092M(4257M) 2.052ms
[32.591s][info][safepoint] Leaving safepoint region
[32.591s][info][safepoint] Total time for which application threads were stopped: 0.0033728 seconds, Stopping threads took: 0.0004241 seconds
[32.626s][info][safepoint] Application time: 0.0345562 seconds
[32.626s][info][safepoint] Entering safepoint region: GenCollectForAllocation
[32.629s][info][gc       ] GC(729) Pause Young (Allocation Failure) 2198M->2092M(4257M) 2.005ms
[32.629s][info][safepoint] Leaving safepoint region
[32.630s][info][safepoint] Total time for which application threads were stopped: 0.0032293 seconds, Stopping threads took: 0.0004086 seconds
[32.664s][info][safepoint] Application time: 0.0342064 seconds
[32.665s][info][safepoint] Entering safepoint region: GenCollectForAllocation
[32.667s][info][gc       ] GC(730) Pause Young (Allocation Failure) 2198M->2092M(4257M) 1.772ms
[32.667s][info][safepoint] Leaving safepoint region
[32.668s][info][safepoint] Total time for which application threads were stopped: 0.0028817 seconds, Stopping threads took: 0.0004327 seconds
[32.703s][info][safepoint] Application time: 0.0353605 seconds
[32.704s][info][safepoint] Entering safepoint region: GenCollectForAllocation
[32.706s][info][gc       ] GC(731) Pause Young (Allocation Failure) 2198M->2092M(4257M) 1.842ms
[32.706s][info][safepoint] Leaving safepoint region
[32.707s][info][safepoint] Total time for which application threads were stopped: 0.0028188 seconds, Stopping threads took: 0.0004161 seconds
[32.741s][info][safepoint] Application time: 0.0346806 seconds
[32.742s][info][safepoint] Entering safepoint region: GenCollectForAllocation
[32.744s][info][gc       ] GC(732) Pause Young (Allocation Failure) 2198M->2092M(4257M) 1.925ms
[32.745s][info][safepoint] Leaving safepoint region
[32.745s][info][safepoint] Total time for which application threads were stopped: 0.0031842 seconds, Stopping threads took: 0.0004271 seconds
[32.780s][info][safepoint] Application time: 0.0346994 seconds
[32.780s][info][safepoint] Entering safepoint region: GenCollectForAllocation
[32.783s][info][gc       ] GC(733) Pause Young (Allocation Failure) 2198M->2092M(4257M) 2.138ms
[32.783s][info][safepoint] Leaving safepoint region
[32.784s][info][safepoint] Total time for which application threads were stopped: 0.0032189 seconds, Stopping threads took: 0.0003937 seconds
[32.818s][info][safepoint] Application time: 0.0343530 seconds
[32.819s][info][safepoint] Entering safepoint region: GenCollectForAllocation
[32.821s][info][gc       ] GC(734) Pause Young (Allocation Failure) 2198M->2092M(4257M) 1.883ms
[32.821s][info][safepoint] Leaving safepoint region
[32.822s][info][safepoint] Total time for which application threads were stopped: 0.0031191 seconds, Stopping threads took: 0.0003557 seconds
[32.854s][info][safepoint] Application time: 0.0316270 seconds
[32.854s][info][safepoint] Entering safepoint region: GenCollectForAllocation
[32.856s][info][gc       ] GC(735) Pause Young (Allocation Failure) 2198M->2092M(4257M) 1.912ms
[32.857s][info][safepoint] Leaving safepoint region
[32.857s][info][safepoint] Total time for which application threads were stopped: 0.0030729 seconds, Stopping threads took: 0.0003211 seconds
[32.890s][info][safepoint] Application time: 0.0326537 seconds
[32.891s][info][safepoint] Entering safepoint region: GenCollectForAllocation
[32.893s][info][gc       ] GC(736) Pause Young (Allocation Failure) 2198M->2092M(4257M) 1.986ms
[32.893s][info][safepoint] Leaving safepoint region
[32.894s][info][safepoint] Total time for which application threads were stopped: 0.0032983 seconds, Stopping threads took: 0.0003870 seconds
[32.927s][info][safepoint] Application time: 0.0325986 seconds
[32.927s][info][safepoint] Entering safepoint region: GenCollectForAllocation
[32.929s][info][gc       ] GC(737) Pause Young (Allocation Failure) 2198M->2092M(4257M) 1.912ms
[32.930s][info][safepoint] Leaving safepoint region
[32.930s][info][safepoint] Total time for which application threads were stopped: 0.0031439 seconds, Stopping threads took: 0.0002570 seconds
[32.965s][info][safepoint] Application time: 0.0338833 seconds
[32.965s][info][safepoint] Entering safepoint region: GenCollectForAllocation
[32.967s][info][gc       ] GC(738) Pause Young (Allocation Failure) 2198M->2092M(4257M) 1.693ms
[32.967s][info][safepoint] Leaving safepoint region
[32.968s][info][safepoint] Total time for which application threads were stopped: 0.0027931 seconds, Stopping threads took: 0.0003695 seconds
[33.002s][info][safepoint] Application time: 0.0342125 seconds
[33.003s][info][safepoint] Entering safepoint region: GenCollectForAllocation
[33.005s][info][gc       ] GC(739) Pause Young (Allocation Failure) 2198M->2092M(4257M) 1.828ms
[33.005s][info][safepoint] Leaving safepoint region
[33.005s][info][safepoint] Total time for which application threads were stopped: 0.0025255 seconds, Stopping threads took: 0.0003294 seconds
[33.040s][info][safepoint] Application time: 0.0344575 seconds
[33.040s][info][safepoint] Entering safepoint region: GenCollectForAllocation
[33.043s][info][gc       ] GC(740) Pause Young (Allocation Failure) 2198M->2092M(4257M) 2.207ms
[33.043s][info][safepoint] Leaving safepoint region
[33.044s][info][safepoint] Total time for which application threads were stopped: 0.0036504 seconds, Stopping threads took: 0.0004338 seconds
[33.076s][info][safepoint] Application time: 0.0319954 seconds
[33.077s][info][safepoint] Entering safepoint region: GenCollectForAllocation
[33.079s][info][gc       ] GC(741) Pause Young (Allocation Failure) 2198M->2092M(4257M) 1.772ms
[33.080s][info][safepoint] Leaving safepoint region
[33.080s][info][safepoint] Total time for which application threads were stopped: 0.0032285 seconds, Stopping threads took: 0.0005058 seconds
[33.113s][info][safepoint] Application time: 0.0329366 seconds
[33.114s][info][safepoint] Entering safepoint region: GenCollectForAllocation
[33.116s][info][gc       ] GC(742) Pause Young (Allocation Failure) 2198M->2092M(4257M) 1.765ms
[33.116s][info][safepoint] Leaving safepoint region
[33.116s][info][safepoint] Total time for which application threads were stopped: 0.0026193 seconds, Stopping threads took: 0.0002139 seconds
[33.150s][info][safepoint] Application time: 0.0335131 seconds
[33.151s][info][safepoint] Entering safepoint region: GenCollectForAllocation
[33.153s][info][gc       ] GC(743) Pause Young (Allocation Failure) 2198M->2092M(4257M) 1.842ms
[33.153s][info][safepoint] Leaving safepoint region
[33.154s][info][safepoint] Total time for which application threads were stopped: 0.0030849 seconds, Stopping threads took: 0.0003937 seconds
[33.187s][info][safepoint] Application time: 0.0331642 seconds
[33.188s][info][safepoint] Entering safepoint region: GenCollectForAllocation
[33.190s][info][gc       ] GC(744) Pause Young (Allocation Failure) 2198M->2092M(4257M) 1.766ms
[33.190s][info][safepoint] Leaving safepoint region
[33.190s][info][safepoint] Total time for which application threads were stopped: 0.0029434 seconds, Stopping threads took: 0.0003828 seconds
[33.223s][info][safepoint] Application time: 0.0319367 seconds
[33.223s][info][safepoint] Entering safepoint region: GenCollectForAllocation
[33.225s][info][gc       ] GC(745) Pause Young (Allocation Failure) 2198M->2092M(4257M) 1.777ms
[33.226s][info][safepoint] Leaving safepoint region
[33.226s][info][safepoint] Total time for which application threads were stopped: 0.0027371 seconds, Stopping threads took: 0.0003046 seconds
[33.259s][info][safepoint] Application time: 0.0332799 seconds
[33.260s][info][safepoint] Entering safepoint region: GenCollectForAllocation
[33.262s][info][gc       ] GC(746) Pause Young (Allocation Failure) 2198M->2092M(4257M) 2.056ms
[33.263s][info][safepoint] Leaving safepoint region
[33.263s][info][safepoint] Total time for which application threads were stopped: 0.0032427 seconds, Stopping threads took: 0.0003083 seconds
[33.297s][info][safepoint] Application time: 0.0332185 seconds
[33.297s][info][safepoint] Entering safepoint region: GenCollectForAllocation
[33.299s][info][gc       ] GC(747) Pause Young (Allocation Failure) 2198M->2092M(4257M) 1.694ms
[33.300s][info][safepoint] Leaving safepoint region
[33.300s][info][safepoint] Total time for which application threads were stopped: 0.0029769 seconds, Stopping threads took: 0.0004712 seconds
[33.334s][info][safepoint] Application time: 0.0331279 seconds
[33.334s][info][safepoint] Entering safepoint region: GenCollectForAllocation
[33.336s][info][gc       ] GC(748) Pause Young (Allocation Failure) 2198M->2092M(4257M) 2.103ms
[33.337s][info][safepoint] Leaving safepoint region
[33.337s][info][safepoint] Total time for which application threads were stopped: 0.0033108 seconds, Stopping threads took: 0.0003452 seconds
[33.371s][info][safepoint] Application time: 0.0332215 seconds
[33.371s][info][safepoint] Entering safepoint region: GenCollectForAllocation
[33.374s][info][gc       ] GC(749) Pause Young (Allocation Failure) 2198M->2092M(4257M) 1.837ms
[33.374s][info][safepoint] Leaving safepoint region
[33.374s][info][safepoint] Total time for which application threads were stopped: 0.0030975 seconds, Stopping threads took: 0.0003725 seconds
[33.408s][info][safepoint] Application time: 0.0329245 seconds
[33.408s][info][safepoint] Entering safepoint region: GenCollectForAllocation
[33.411s][info][gc       ] GC(750) Pause Young (Allocation Failure) 2198M->2092M(4257M) 2.213ms
[33.411s][info][safepoint] Leaving safepoint region
[33.412s][info][safepoint] Total time for which application threads were stopped: 0.0035886 seconds, Stopping threads took: 0.0004415 seconds
[33.446s][info][safepoint] Application time: 0.0341433 seconds
[33.447s][info][safepoint] Entering safepoint region: GenCollectForAllocation
[33.449s][info][gc       ] GC(751) Pause Young (Allocation Failure) 2198M->2092M(4257M) 2.005ms
[33.450s][info][safepoint] Leaving safepoint region
[33.450s][info][safepoint] Total time for which application threads were stopped: 0.0032610 seconds, Stopping threads took: 0.0003940 seconds
[33.484s][info][safepoint] Application time: 0.0338968 seconds
[33.485s][info][safepoint] Entering safepoint region: GenCollectForAllocation
[33.486s][info][gc       ] GC(752) Pause Young (Allocation Failure) 2198M->2092M(4257M) 1.681ms
[33.487s][info][safepoint] Leaving safepoint region
[33.487s][info][safepoint] Total time for which application threads were stopped: 0.0027948 seconds, Stopping threads took: 0.0002130 seconds
[33.522s][info][safepoint] Application time: 0.0340920 seconds
[33.522s][info][safepoint] Entering safepoint region: GenCollectForAllocation
[33.525s][info][gc       ] GC(753) Pause Young (Allocation Failure) 2198M->2092M(4257M) 2.260ms
[33.525s][info][safepoint] Leaving safepoint region
[33.526s][info][safepoint] Total time for which application threads were stopped: 0.0035501 seconds, Stopping threads took: 0.0004529 seconds
[33.559s][info][safepoint] Application time: 0.0330911 seconds
[33.560s][info][safepoint] Entering safepoint region: GenCollectForAllocation
[33.562s][info][gc       ] GC(754) Pause Young (Allocation Failure) 2198M->2092M(4257M) 1.865ms
[33.562s][info][safepoint] Leaving safepoint region
[33.563s][info][safepoint] Total time for which application threads were stopped: 0.0031609 seconds, Stopping threads took: 0.0004242 seconds
[33.596s][info][safepoint] Application time: 0.0328985 seconds
[33.597s][info][safepoint] Entering safepoint region: GenCollectForAllocation
[33.599s][info][gc       ] GC(755) Pause Young (Allocation Failure) 2198M->2092M(4257M) 1.770ms
[33.599s][info][safepoint] Leaving safepoint region
[33.600s][info][safepoint] Total time for which application threads were stopped: 0.0030022 seconds, Stopping threads took: 0.0004497 seconds
[33.634s][info][safepoint] Application time: 0.0342979 seconds
[33.635s][info][safepoint] Entering safepoint region: GenCollectForAllocation
[33.637s][info][gc       ] GC(756) Pause Young (Allocation Failure) 2198M->2092M(4257M) 1.924ms
[33.637s][info][safepoint] Leaving safepoint region
[33.638s][info][safepoint] Total time for which application threads were stopped: 0.0029904 seconds, Stopping threads took: 0.0003464 seconds
[33.671s][info][safepoint] Application time: 0.0334426 seconds
[33.672s][info][safepoint] Entering safepoint region: GenCollectForAllocation
[33.674s][info][gc       ] GC(757) Pause Young (Allocation Failure) 2198M->2092M(4257M) 1.867ms
[33.674s][info][safepoint] Leaving safepoint region
[33.675s][info][safepoint] Total time for which application threads were stopped: 0.0029863 seconds, Stopping threads took: 0.0003791 seconds
[33.709s][info][safepoint] Application time: 0.0341676 seconds
[33.710s][info][safepoint] Entering safepoint region: GenCollectForAllocation
[33.712s][info][gc       ] GC(758) Pause Young (Allocation Failure) 2198M->2092M(4257M) 2.134ms
[33.713s][info][safepoint] Leaving safepoint region
[33.713s][info][safepoint] Total time for which application threads were stopped: 0.0033181 seconds, Stopping threads took: 0.0002664 seconds
[33.747s][info][safepoint] Application time: 0.0333354 seconds
[33.747s][info][safepoint] Entering safepoint region: GenCollectForAllocation
[33.750s][info][gc       ] GC(759) Pause Young (Allocation Failure) 2198M->2092M(4257M) 2.509ms
[33.751s][info][safepoint] Leaving safepoint region
[33.751s][info][safepoint] Total time for which application threads were stopped: 0.0037427 seconds, Stopping threads took: 0.0002759 seconds
[33.785s][info][safepoint] Application time: 0.0332647 seconds
[33.785s][info][safepoint] Entering safepoint region: GenCollectForAllocation
[33.787s][info][gc       ] GC(760) Pause Young (Allocation Failure) 2198M->2092M(4257M) 1.902ms
[33.788s][info][safepoint] Leaving safepoint region
[33.788s][info][safepoint] Total time for which application threads were stopped: 0.0031873 seconds, Stopping threads took: 0.0003832 seconds
[33.822s][info][safepoint] Application time: 0.0338451 seconds
[33.823s][info][safepoint] Entering safepoint region: GenCollectForAllocation
[33.825s][info][gc       ] GC(761) Pause Young (Allocation Failure) 2198M->2092M(4257M) 1.891ms
[33.825s][info][safepoint] Leaving safepoint region
[33.826s][info][safepoint] Total time for which application threads were stopped: 0.0029160 seconds, Stopping threads took: 0.0003789 seconds
[33.860s][info][safepoint] Application time: 0.0343591 seconds
[33.861s][info][safepoint] Entering safepoint region: GenCollectForAllocation
[33.863s][info][gc       ] GC(762) Pause Young (Allocation Failure) 2198M->2092M(4257M) 1.801ms
[33.863s][info][safepoint] Leaving safepoint region
[33.863s][info][safepoint] Total time for which application threads were stopped: 0.0027755 seconds, Stopping threads took: 0.0002778 seconds
[33.897s][info][safepoint] Application time: 0.0331746 seconds
[33.897s][info][safepoint] Entering safepoint region: GenCollectForAllocation
[33.899s][info][gc       ] GC(763) Pause Young (Allocation Failure) 2198M->2092M(4257M) 1.912ms
[33.900s][info][safepoint] Leaving safepoint region
[33.900s][info][safepoint] Total time for which application threads were stopped: 0.0029896 seconds, Stopping threads took: 0.0002580 seconds
[33.935s][info][safepoint] Application time: 0.0346510 seconds
[33.935s][info][safepoint] Entering safepoint region: GenCollectForAllocation
[33.938s][info][gc       ] GC(764) Pause Young (Allocation Failure) 2198M->2092M(4257M) 2.093ms
[33.938s][info][safepoint] Leaving safepoint region
[33.938s][info][safepoint] Total time for which application threads were stopped: 0.0031519 seconds, Stopping threads took: 0.0002965 seconds
[33.973s][info][safepoint] Application time: 0.0344629 seconds
[33.974s][info][safepoint] Entering safepoint region: GenCollectForAllocation
[33.976s][info][gc       ] GC(765) Pause Young (Allocation Failure) 2198M->2092M(4257M) 2.329ms
[33.977s][info][safepoint] Leaving safepoint region
[33.977s][info][safepoint] Total time for which application threads were stopped: 0.0034083 seconds, Stopping threads took: 0.0004020 seconds
[34.011s][info][safepoint] Application time: 0.0336564 seconds
[34.011s][info][safepoint] Entering safepoint region: GenCollectForAllocation
[34.014s][info][gc       ] GC(766) Pause Young (Allocation Failure) 2198M->2092M(4257M) 1.882ms
[34.014s][info][safepoint] Leaving safepoint region
[34.014s][info][safepoint] Total time for which application threads were stopped: 0.0031263 seconds, Stopping threads took: 0.0003846 seconds
[34.049s][info][safepoint] Application time: 0.0341956 seconds
[34.049s][info][safepoint] Entering safepoint region: GenCollectForAllocation
[34.053s][info][gc       ] GC(767) Pause Young (Allocation Failure) 2198M->2092M(4257M) 2.863ms
[34.053s][info][safepoint] Leaving safepoint region
[34.054s][info][safepoint] Total time for which application threads were stopped: 0.0042129 seconds, Stopping threads took: 0.0003427 seconds
[34.087s][info][safepoint] Application time: 0.0333411 seconds
[34.088s][info][safepoint] Entering safepoint region: GenCollectForAllocation
[34.090s][info][gc       ] GC(768) Pause Young (Allocation Failure) 2198M->2092M(4257M) 1.814ms
[34.091s][info][safepoint] Leaving safepoint region
[34.091s][info][safepoint] Total time for which application threads were stopped: 0.0030042 seconds, Stopping threads took: 0.0004081 seconds
[34.124s][info][safepoint] Application time: 0.0328961 seconds
[34.124s][info][safepoint] Entering safepoint region: GenCollectForAllocation
[34.127s][info][gc       ] GC(769) Pause Young (Allocation Failure) 2198M->2092M(4257M) 2.015ms
[34.127s][info][safepoint] Leaving safepoint region
[34.127s][info][safepoint] Total time for which application threads were stopped: 0.0029391 seconds, Stopping threads took: 0.0001564 seconds
[34.161s][info][safepoint] Application time: 0.0334626 seconds
[34.162s][info][safepoint] Entering safepoint region: GenCollectForAllocation
[34.164s][info][gc       ] GC(770) Pause Young (Allocation Failure) 2198M->2092M(4257M) 2.084ms
[34.165s][info][safepoint] Leaving safepoint region
[34.165s][info][safepoint] Total time for which application threads were stopped: 0.0034681 seconds, Stopping threads took: 0.0004430 seconds
[34.199s][info][safepoint] Application time: 0.0331970 seconds
[34.199s][info][safepoint] Entering safepoint region: GenCollectForAllocation
[34.202s][info][gc       ] GC(771) Pause Young (Allocation Failure) 2198M->2092M(4257M) 2.031ms
[34.202s][info][safepoint] Leaving safepoint region
[34.202s][info][safepoint] Total time for which application threads were stopped: 0.0033953 seconds, Stopping threads took: 0.0004874 seconds
[34.237s][info][safepoint] Application time: 0.0340104 seconds
[34.237s][info][safepoint] Entering safepoint region: GenCollectForAllocation
[34.240s][info][gc       ] GC(772) Pause Young (Allocation Failure) 2198M->2092M(4257M) 2.210ms
[34.240s][info][safepoint] Leaving safepoint region
[34.241s][info][safepoint] Total time for which application threads were stopped: 0.0034563 seconds, Stopping threads took: 0.0004340 seconds
[34.276s][info][safepoint] Application time: 0.0343405 seconds
[34.276s][info][safepoint] Entering safepoint region: GenCollectForAllocation
[34.279s][info][gc       ] GC(773) Pause Young (Allocation Failure) 2198M->2092M(4257M) 2.096ms
[34.279s][info][safepoint] Leaving safepoint region
[34.279s][info][safepoint] Total time for which application threads were stopped: 0.0034927 seconds, Stopping threads took: 0.0004475 seconds
[34.314s][info][safepoint] Application time: 0.0338766 seconds
[34.314s][info][safepoint] Entering safepoint region: GenCollectForAllocation
[34.317s][info][gc       ] GC(774) Pause Young (Allocation Failure) 2198M->2092M(4257M) 1.814ms
[34.317s][info][safepoint] Leaving safepoint region
[34.317s][info][safepoint] Total time for which application threads were stopped: 0.0030679 seconds, Stopping threads took: 0.0004359 seconds
[34.350s][info][safepoint] Application time: 0.0321972 seconds
[34.350s][info][safepoint] Entering safepoint region: GenCollectForAllocation
[34.353s][info][gc       ] GC(775) Pause Young (Allocation Failure) 2198M->2092M(4257M) 1.971ms
[34.353s][info][safepoint] Leaving safepoint region
[34.354s][info][safepoint] Total time for which application threads were stopped: 0.0032935 seconds, Stopping threads took: 0.0004036 seconds
[34.387s][info][safepoint] Application time: 0.0334122 seconds
[34.388s][info][safepoint] Entering safepoint region: GenCollectForAllocation
[34.390s][info][gc       ] GC(776) Pause Young (Allocation Failure) 2198M->2092M(4257M) 2.090ms
[34.391s][info][safepoint] Leaving safepoint region
[34.391s][info][safepoint] Total time for which application threads were stopped: 0.0033301 seconds, Stopping threads took: 0.0003948 seconds
[34.424s][info][safepoint] Application time: 0.0325261 seconds
[34.425s][info][safepoint] Entering safepoint region: GenCollectForAllocation
[34.427s][info][gc       ] GC(777) Pause Young (Allocation Failure) 2198M->2092M(4257M) 1.986ms
[34.428s][info][safepoint] Leaving safepoint region
[34.428s][info][safepoint] Total time for which application threads were stopped: 0.0035492 seconds, Stopping threads took: 0.0004727 seconds
[34.460s][info][safepoint] Application time: 0.0314400 seconds
[34.460s][info][safepoint] Entering safepoint region: GenCollectForAllocation
[34.462s][info][gc       ] GC(778) Pause Young (Allocation Failure) 2198M->2092M(4257M) 1.915ms
[34.463s][info][safepoint] Leaving safepoint region
[34.463s][info][safepoint] Total time for which application threads were stopped: 0.0029954 seconds, Stopping threads took: 0.0002029 seconds
[34.496s][info][safepoint] Application time: 0.0325351 seconds
[34.497s][info][safepoint] Entering safepoint region: GenCollectForAllocation
[34.499s][info][gc       ] GC(779) Pause Young (Allocation Failure) 2198M->2092M(4257M) 2.144ms
[34.499s][info][safepoint] Leaving safepoint region
[34.500s][info][safepoint] Total time for which application threads were stopped: 0.0029556 seconds, Stopping threads took: 0.0002771 seconds
[34.532s][info][safepoint] Application time: 0.0321692 seconds
[34.532s][info][safepoint] Entering safepoint region: GenCollectForAllocation
[34.535s][info][gc       ] GC(780) Pause Young (Allocation Failure) 2198M->2092M(4257M) 1.832ms
[34.535s][info][safepoint] Leaving safepoint region
[34.535s][info][safepoint] Total time for which application threads were stopped: 0.0030309 seconds, Stopping threads took: 0.0003419 seconds
[34.569s][info][safepoint] Application time: 0.0334013 seconds
[34.570s][info][safepoint] Entering safepoint region: GenCollectForAllocation
[34.572s][info][gc       ] GC(781) Pause Young (Allocation Failure) 2198M->2092M(4257M) 1.852ms
[34.572s][info][safepoint] Leaving safepoint region
[34.573s][info][safepoint] Total time for which application threads were stopped: 0.0029837 seconds, Stopping threads took: 0.0003152 seconds
[34.607s][info][safepoint] Application time: 0.0344517 seconds
[34.608s][info][safepoint] Entering safepoint region: GenCollectForAllocation
[34.610s][info][gc       ] GC(782) Pause Young (Allocation Failure) 2198M->2092M(4257M) 1.919ms
[34.610s][info][safepoint] Leaving safepoint region
[34.611s][info][safepoint] Total time for which application threads were stopped: 0.0029465 seconds, Stopping threads took: 0.0002346 seconds
[34.646s][info][safepoint] Application time: 0.0349380 seconds
[34.646s][info][safepoint] Entering safepoint region: GenCollectForAllocation
[34.648s][info][gc       ] GC(783) Pause Young (Allocation Failure) 2198M->2092M(4257M) 1.792ms
[34.649s][info][safepoint] Leaving safepoint region
[34.649s][info][safepoint] Total time for which application threads were stopped: 0.0029534 seconds, Stopping threads took: 0.0004076 seconds
[34.685s][info][safepoint] Application time: 0.0352478 seconds
[34.685s][info][safepoint] Entering safepoint region: GenCollectForAllocation
[34.688s][info][gc       ] GC(784) Pause Young (Allocation Failure) 2198M->2092M(4257M) 2.157ms
[34.688s][info][safepoint] Leaving safepoint region
[34.689s][info][safepoint] Total time for which application threads were stopped: 0.0035057 seconds, Stopping threads took: 0.0004272 seconds
[34.722s][info][safepoint] Application time: 0.0324107 seconds
[34.722s][info][safepoint] Entering safepoint region: GenCollectForAllocation
[34.725s][info][gc       ] GC(785) Pause Young (Allocation Failure) 2198M->2092M(4257M) 2.137ms
[34.725s][info][safepoint] Leaving safepoint region
[34.725s][info][safepoint] Total time for which application threads were stopped: 0.0031510 seconds, Stopping threads took: 0.0003313 seconds
[34.759s][info][safepoint] Application time: 0.0340356 seconds
[34.760s][info][safepoint] Entering safepoint region: GenCollectForAllocation
[34.762s][info][gc       ] GC(786) Pause Young (Allocation Failure) 2198M->2092M(4257M) 1.903ms
[34.763s][info][safepoint] Leaving safepoint region
[34.763s][info][safepoint] Total time for which application threads were stopped: 0.0031901 seconds, Stopping threads took: 0.0003722 seconds
[34.798s][info][safepoint] Application time: 0.0345674 seconds
[34.799s][info][safepoint] Entering safepoint region: GenCollectForAllocation
[34.801s][info][gc       ] GC(787) Pause Young (Allocation Failure) 2198M->2092M(4257M) 1.785ms
[34.801s][info][safepoint] Leaving safepoint region
[34.801s][info][safepoint] Total time for which application threads were stopped: 0.0027712 seconds, Stopping threads took: 0.0003497 seconds
[34.836s][info][safepoint] Application time: 0.0342062 seconds
[34.836s][info][safepoint] Entering safepoint region: GenCollectForAllocation
[34.839s][info][gc       ] GC(788) Pause Young (Allocation Failure) 2198M->2092M(4257M) 1.987ms
[34.839s][info][safepoint] Leaving safepoint region
[34.840s][info][safepoint] Total time for which application threads were stopped: 0.0033429 seconds, Stopping threads took: 0.0003917 seconds
[34.874s][info][safepoint] Application time: 0.0342844 seconds
[34.875s][info][safepoint] Entering safepoint region: GenCollectForAllocation
[34.877s][info][gc       ] GC(789) Pause Young (Allocation Failure) 2198M->2092M(4257M) 1.917ms
[34.877s][info][safepoint] Leaving safepoint region
[34.878s][info][safepoint] Total time for which application threads were stopped: 0.0032195 seconds, Stopping threads took: 0.0003892 seconds
[34.912s][info][safepoint] Application time: 0.0341463 seconds
[34.913s][info][safepoint] Entering safepoint region: GenCollectForAllocation
[34.915s][info][gc       ] GC(790) Pause Young (Allocation Failure) 2198M->2092M(4257M) 1.791ms
[34.915s][info][safepoint] Leaving safepoint region
[34.916s][info][safepoint] Total time for which application threads were stopped: 0.0030386 seconds, Stopping threads took: 0.0004351 seconds
[34.950s][info][safepoint] Application time: 0.0343459 seconds
[34.951s][info][safepoint] Entering safepoint region: GenCollectForAllocation
[34.953s][info][gc       ] GC(791) Pause Young (Allocation Failure) 2198M->2092M(4257M) 1.881ms
[34.953s][info][safepoint] Leaving safepoint region
[34.954s][info][safepoint] Total time for which application threads were stopped: 0.0030390 seconds, Stopping threads took: 0.0003006 seconds
[34.989s][info][safepoint] Application time: 0.0342048 seconds
[34.989s][info][safepoint] Entering safepoint region: GenCollectForAllocation
[34.991s][info][gc       ] GC(792) Pause Young (Allocation Failure) 2198M->2092M(4257M) 1.642ms
[34.991s][info][safepoint] Leaving safepoint region
[34.992s][info][safepoint] Total time for which application threads were stopped: 0.0027180 seconds, Stopping threads took: 0.0002896 seconds
[35.026s][info][safepoint] Application time: 0.0343205 seconds
[35.027s][info][safepoint] Entering safepoint region: GenCollectForAllocation
[35.029s][info][gc       ] GC(793) Pause Young (Allocation Failure) 2198M->2092M(4257M) 1.861ms
[35.029s][info][safepoint] Leaving safepoint region
[35.030s][info][safepoint] Total time for which application threads were stopped: 0.0030797 seconds, Stopping threads took: 0.0003890 seconds
[35.064s][info][safepoint] Application time: 0.0341599 seconds
[35.065s][info][safepoint] Entering safepoint region: GenCollectForAllocation
[35.067s][info][gc       ] GC(794) Pause Young (Allocation Failure) 2198M->2092M(4257M) 2.178ms
[35.068s][info][safepoint] Leaving safepoint region
[35.068s][info][safepoint] Total time for which application threads were stopped: 0.0031116 seconds, Stopping threads took: 0.0003923 seconds
[35.102s][info][safepoint] Application time: 0.0344462 seconds
[35.103s][info][safepoint] Entering safepoint region: GenCollectForAllocation
[35.105s][info][gc       ] GC(795) Pause Young (Allocation Failure) 2198M->2092M(4257M) 1.790ms
[35.105s][info][safepoint] Leaving safepoint region
[35.106s][info][safepoint] Total time for which application threads were stopped: 0.0027767 seconds, Stopping threads took: 0.0002792 seconds
[35.141s][info][safepoint] Application time: 0.0345941 seconds
[35.141s][info][safepoint] Entering safepoint region: GenCollectForAllocation
[35.143s][info][gc       ] GC(796) Pause Young (Allocation Failure) 2198M->2092M(4257M) 1.916ms
[35.144s][info][safepoint] Leaving safepoint region
[35.144s][info][safepoint] Total time for which application threads were stopped: 0.0031379 seconds, Stopping threads took: 0.0004100 seconds
[35.179s][info][safepoint] Application time: 0.0345618 seconds
[35.180s][info][safepoint] Entering safepoint region: GenCollectForAllocation
[35.182s][info][gc       ] GC(797) Pause Young (Allocation Failure) 2198M->2092M(4257M) 2.046ms
[35.182s][info][safepoint] Leaving safepoint region
[35.182s][info][safepoint] Total time for which application threads were stopped: 0.0029182 seconds, Stopping threads took: 0.0004247 seconds
[35.217s][info][safepoint] Application time: 0.0343840 seconds
[35.217s][info][safepoint] Entering safepoint region: GenCollectForAllocation
[35.220s][info][gc       ] GC(798) Pause Young (Allocation Failure) 2198M->2092M(4257M) 1.782ms
[35.220s][info][safepoint] Leaving safepoint region
[35.220s][info][safepoint] Total time for which application threads were stopped: 0.0027768 seconds, Stopping threads took: 0.0004186 seconds
[35.253s][info][safepoint] Application time: 0.0329793 seconds
[35.254s][info][safepoint] Entering safepoint region: GenCollectForAllocation
[35.256s][info][gc       ] GC(799) Pause Young (Allocation Failure) 2198M->2092M(4257M) 2.197ms
[35.257s][info][safepoint] Leaving safepoint region
[35.257s][info][safepoint] Total time for which application threads were stopped: 0.0033420 seconds, Stopping threads took: 0.0003451 seconds
[35.291s][info][safepoint] Application time: 0.0331337 seconds
[35.291s][info][safepoint] Entering safepoint region: GenCollectForAllocation
[35.293s][info][gc       ] GC(800) Pause Young (Allocation Failure) 2198M->2092M(4257M) 1.853ms
[35.294s][info][safepoint] Leaving safepoint region
[35.294s][info][safepoint] Total time for which application threads were stopped: 0.0029839 seconds, Stopping threads took: 0.0003557 seconds
[35.329s][info][safepoint] Application time: 0.0344963 seconds
[35.329s][info][safepoint] Entering safepoint region: GenCollectForAllocation
[35.331s][info][gc       ] GC(801) Pause Young (Allocation Failure) 2198M->2092M(4257M) 1.939ms
[35.332s][info][safepoint] Leaving safepoint region
[35.332s][info][safepoint] Total time for which application threads were stopped: 0.0029346 seconds, Stopping threads took: 0.0003163 seconds
[35.367s][info][safepoint] Application time: 0.0341249 seconds
[35.367s][info][safepoint] Entering safepoint region: GenCollectForAllocation
[35.369s][info][gc       ] GC(802) Pause Young (Allocation Failure) 2198M->2092M(4257M) 1.854ms
[35.369s][info][safepoint] Leaving safepoint region
[35.369s][info][safepoint] Total time for which application threads were stopped: 0.0024599 seconds, Stopping threads took: 0.0000825 seconds
[35.404s][info][safepoint] Application time: 0.0344220 seconds
[35.404s][info][safepoint] Entering safepoint region: GenCollectForAllocation
[35.406s][info][gc       ] GC(803) Pause Young (Allocation Failure) 2198M->2092M(4257M) 1.702ms
[35.407s][info][safepoint] Leaving safepoint region
[35.407s][info][safepoint] Total time for which application threads were stopped: 0.0028333 seconds, Stopping threads took: 0.0003544 seconds
[35.442s][info][safepoint] Application time: 0.0345901 seconds
[35.442s][info][safepoint] Entering safepoint region: GenCollectForAllocation
[35.444s][info][gc       ] GC(804) Pause Young (Allocation Failure) 2198M->2092M(4257M) 1.761ms
[35.445s][info][safepoint] Leaving safepoint region
[35.445s][info][safepoint] Total time for which application threads were stopped: 0.0025764 seconds, Stopping threads took: 0.0002465 seconds
[35.482s][info][safepoint] Application time: 0.0369527 seconds
[35.482s][info][safepoint] Entering safepoint region: GenCollectForAllocation
[35.486s][info][gc       ] GC(805) Pause Young (Allocation Failure) 2198M->2092M(4257M) 3.299ms
[35.486s][info][safepoint] Leaving safepoint region
[35.486s][info][safepoint] Total time for which application threads were stopped: 0.0040353 seconds, Stopping threads took: 0.0001477 seconds
[35.525s][info][safepoint] Application time: 0.0384757 seconds
[35.525s][info][safepoint] Entering safepoint region: GenCollectForAllocation
[35.528s][info][gc       ] GC(806) Pause Young (Allocation Failure) 2198M->2092M(4257M) 2.064ms
[35.528s][info][safepoint] Leaving safepoint region
[35.528s][info][safepoint] Total time for which application threads were stopped: 0.0027644 seconds, Stopping threads took: 0.0001223 seconds
[35.564s][info][safepoint] Application time: 0.0360677 seconds
[35.565s][info][safepoint] Entering safepoint region: GenCollectForAllocation
[35.567s][info][gc       ] GC(807) Pause Young (Allocation Failure) 2198M->2092M(4257M) 1.962ms
[35.567s][info][safepoint] Leaving safepoint region
[35.567s][info][safepoint] Total time for which application threads were stopped: 0.0028012 seconds, Stopping threads took: 0.0001967 seconds
[35.604s][info][safepoint] Application time: 0.0359092 seconds
[35.604s][info][safepoint] Entering safepoint region: GenCollectForAllocation
[35.606s][info][gc       ] GC(808) Pause Young (Allocation Failure) 2198M->2092M(4257M) 1.980ms
[35.607s][info][safepoint] Leaving safepoint region
[35.607s][info][safepoint] Total time for which application threads were stopped: 0.0028573 seconds, Stopping threads took: 0.0002329 seconds
[35.643s][info][safepoint] Application time: 0.0362507 seconds
[35.644s][info][safepoint] Entering safepoint region: GenCollectForAllocation
[35.646s][info][gc       ] GC(809) Pause Young (Allocation Failure) 2198M->2092M(4257M) 1.936ms
[35.646s][info][safepoint] Leaving safepoint region
[35.646s][info][safepoint] Total time for which application threads were stopped: 0.0028321 seconds, Stopping threads took: 0.0002504 seconds
[35.681s][info][safepoint] Application time: 0.0341686 seconds
[35.681s][info][safepoint] Entering safepoint region: GenCollectForAllocation
[35.684s][info][gc       ] GC(810) Pause Young (Allocation Failure) 2198M->2092M(4257M) 2.239ms
[35.684s][info][safepoint] Leaving safepoint region
[35.685s][info][safepoint] Total time for which application threads were stopped: 0.0035064 seconds, Stopping threads took: 0.0003858 seconds
[35.719s][info][safepoint] Application time: 0.0339655 seconds
[35.720s][info][safepoint] Entering safepoint region: GenCollectForAllocation
[35.722s][info][gc       ] GC(811) Pause Young (Allocation Failure) 2198M->2092M(4257M) 1.856ms
[35.722s][info][safepoint] Leaving safepoint region
[35.722s][info][safepoint] Total time for which application threads were stopped: 0.0026915 seconds, Stopping threads took: 0.0002901 seconds
[35.757s][info][safepoint] Application time: 0.0350067 seconds
[35.758s][info][safepoint] Entering safepoint region: GenCollectForAllocation
[35.760s][info][gc       ] GC(812) Pause Young (Allocation Failure) 2198M->2092M(4257M) 1.951ms
[35.761s][info][safepoint] Leaving safepoint region
[35.761s][info][safepoint] Total time for which application threads were stopped: 0.0032292 seconds, Stopping threads took: 0.0004543 seconds
[35.797s][info][safepoint] Application time: 0.0350993 seconds
[35.797s][info][safepoint] Entering safepoint region: GenCollectForAllocation
[35.799s][info][gc       ] GC(813) Pause Young (Allocation Failure) 2198M->2092M(4257M) 1.831ms
[35.800s][info][safepoint] Leaving safepoint region
[35.800s][info][safepoint] Total time for which application threads were stopped: 0.0029613 seconds, Stopping threads took: 0.0002859 seconds
[35.835s][info][safepoint] Application time: 0.0346896 seconds
[35.836s][info][safepoint] Entering safepoint region: GenCollectForAllocation
[35.838s][info][gc       ] GC(814) Pause Young (Allocation Failure) 2198M->2092M(4257M) 2.142ms
[35.838s][info][safepoint] Leaving safepoint region
[35.839s][info][safepoint] Total time for which application threads were stopped: 0.0031623 seconds, Stopping threads took: 0.0003247 seconds
[35.874s][info][safepoint] Application time: 0.0351703 seconds
[35.875s][info][safepoint] Entering safepoint region: GenCollectForAllocation
[35.877s][info][gc       ] GC(815) Pause Young (Allocation Failure) 2198M->2092M(4257M) 2.033ms
[35.877s][info][safepoint] Leaving safepoint region
[35.878s][info][safepoint] Total time for which application threads were stopped: 0.0032695 seconds, Stopping threads took: 0.0003816 seconds
[35.913s][info][safepoint] Application time: 0.0346815 seconds
[35.913s][info][safepoint] Entering safepoint region: GenCollectForAllocation
[35.915s][info][gc       ] GC(816) Pause Young (Allocation Failure) 2198M->2092M(4257M) 1.882ms
[35.916s][info][safepoint] Leaving safepoint region
[35.916s][info][safepoint] Total time for which application threads were stopped: 0.0029451 seconds, Stopping threads took: 0.0002821 seconds
[35.951s][info][safepoint] Application time: 0.0347065 seconds
[35.952s][info][safepoint] Entering safepoint region: GenCollectForAllocation
[35.954s][info][gc       ] GC(817) Pause Young (Allocation Failure) 2198M->2092M(4257M) 1.714ms
[35.954s][info][safepoint] Leaving safepoint region
[35.954s][info][safepoint] Total time for which application threads were stopped: 0.0027101 seconds, Stopping threads took: 0.0004193 seconds
[35.990s][info][safepoint] Application time: 0.0352322 seconds
[35.990s][info][safepoint] Entering safepoint region: GenCollectForAllocation
[35.993s][info][gc       ] GC(818) Pause Young (Allocation Failure) 2198M->2092M(4257M) 1.837ms
[35.993s][info][safepoint] Leaving safepoint region
[35.993s][info][safepoint] Total time for which application threads were stopped: 0.0029295 seconds, Stopping threads took: 0.0004844 seconds
[36.028s][info][safepoint] Application time: 0.0349795 seconds
[36.029s][info][safepoint] Entering safepoint region: GenCollectForAllocation
[36.031s][info][gc       ] GC(819) Pause Young (Allocation Failure) 2198M->2092M(4257M) 1.887ms
[36.031s][info][safepoint] Leaving safepoint region
[36.032s][info][safepoint] Total time for which application threads were stopped: 0.0027215 seconds, Stopping threads took: 0.0003779 seconds
[36.067s][info][safepoint] Application time: 0.0356708 seconds
[36.068s][info][safepoint] Entering safepoint region: GenCollectForAllocation
[36.070s][info][gc       ] GC(820) Pause Young (Allocation Failure) 2198M->2092M(4257M) 1.804ms
[36.071s][info][safepoint] Leaving safepoint region
[36.071s][info][safepoint] Total time for which application threads were stopped: 0.0033071 seconds, Stopping threads took: 0.0004295 seconds
[36.107s][info][safepoint] Application time: 0.0355023 seconds
[36.108s][info][safepoint] Entering safepoint region: GenCollectForAllocation
[36.110s][info][gc       ] GC(821) Pause Young (Allocation Failure) 2198M->2092M(4257M) 1.866ms
[36.110s][info][safepoint] Leaving safepoint region
[36.111s][info][safepoint] Total time for which application threads were stopped: 0.0033540 seconds, Stopping threads took: 0.0005260 seconds
[36.147s][info][safepoint] Application time: 0.0354639 seconds
[36.147s][info][safepoint] Entering safepoint region: GenCollectForAllocation
[36.149s][info][gc       ] GC(822) Pause Young (Allocation Failure) 2198M->2092M(4257M) 1.863ms
[36.150s][info][safepoint] Leaving safepoint region
[36.150s][info][safepoint] Total time for which application threads were stopped: 0.0029743 seconds, Stopping threads took: 0.0003558 seconds
[36.186s][info][safepoint] Application time: 0.0352385 seconds
[36.186s][info][safepoint] Entering safepoint region: GenCollectForAllocation
[36.188s][info][gc       ] GC(823) Pause Young (Allocation Failure) 2198M->2092M(4257M) 1.900ms
[36.189s][info][safepoint] Leaving safepoint region
[36.189s][info][safepoint] Total time for which application threads were stopped: 0.0031604 seconds, Stopping threads took: 0.0004137 seconds
[36.225s][info][safepoint] Application time: 0.0353757 seconds
[36.225s][info][safepoint] Entering safepoint region: GenCollectForAllocation
[36.228s][info][gc       ] GC(824) Pause Young (Allocation Failure) 2198M->2092M(4257M) 2.099ms
[36.228s][info][safepoint] Leaving safepoint region
[36.229s][info][safepoint] Total time for which application threads were stopped: 0.0032836 seconds, Stopping threads took: 0.0004776 seconds
[36.262s][info][safepoint] Application time: 0.0324192 seconds
[36.262s][info][safepoint] Entering safepoint region: GenCollectForAllocation
[36.265s][info][gc       ] GC(825) Pause Young (Allocation Failure) 2198M->2092M(4257M) 2.190ms
[36.265s][info][safepoint] Leaving safepoint region
[36.265s][info][safepoint] Total time for which application threads were stopped: 0.0035021 seconds, Stopping threads took: 0.0004312 seconds
[36.299s][info][safepoint] Application time: 0.0332051 seconds
[36.299s][info][safepoint] Entering safepoint region: GenCollectForAllocation
[36.302s][info][gc       ] GC(826) Pause Young (Allocation Failure) 2198M->2092M(4257M) 2.154ms
[36.302s][info][safepoint] Leaving safepoint region
[36.303s][info][safepoint] Total time for which application threads were stopped: 0.0031043 seconds, Stopping threads took: 0.0003582 seconds
[36.337s][info][safepoint] Application time: 0.0346583 seconds
[36.338s][info][safepoint] Entering safepoint region: GenCollectForAllocation
[36.340s][info][gc       ] GC(827) Pause Young (Allocation Failure) 2198M->2092M(4257M) 1.885ms
[36.341s][info][safepoint] Leaving safepoint region
[36.341s][info][safepoint] Total time for which application threads were stopped: 0.0029481 seconds, Stopping threads took: 0.0004165 seconds
[36.376s][info][safepoint] Application time: 0.0350132 seconds
[36.376s][info][safepoint] Entering safepoint region: GenCollectForAllocation
[36.379s][info][gc       ] GC(828) Pause Young (Allocation Failure) 2198M->2092M(4257M) 1.997ms
[36.379s][info][safepoint] Leaving safepoint region
[36.380s][info][safepoint] Total time for which application threads were stopped: 0.0031525 seconds, Stopping threads took: 0.0004215 seconds
[36.415s][info][safepoint] Application time: 0.0350864 seconds
[36.415s][info][safepoint] Entering safepoint region: GenCollectForAllocation
[36.418s][info][gc       ] GC(829) Pause Young (Allocation Failure) 2198M->2092M(4257M) 1.836ms
[36.418s][info][safepoint] Leaving safepoint region
[36.419s][info][safepoint] Total time for which application threads were stopped: 0.0031268 seconds, Stopping threads took: 0.0004105 seconds
[36.453s][info][safepoint] Application time: 0.0345421 seconds
[36.454s][info][safepoint] Entering safepoint region: GenCollectForAllocation
[36.456s][info][gc       ] GC(830) Pause Young (Allocation Failure) 2198M->2092M(4257M) 2.266ms
[36.457s][info][safepoint] Leaving safepoint region
[36.457s][info][safepoint] Total time for which application threads were stopped: 0.0033109 seconds, Stopping threads took: 0.0003110 seconds
[36.492s][info][safepoint] Application time: 0.0345628 seconds
[36.492s][info][safepoint] Entering safepoint region: GenCollectForAllocation
[36.495s][info][gc       ] GC(831) Pause Young (Allocation Failure) 2198M->2092M(4257M) 2.084ms
[36.495s][info][safepoint] Leaving safepoint region
[36.496s][info][safepoint] Total time for which application threads were stopped: 0.0034745 seconds, Stopping threads took: 0.0004574 seconds
[36.530s][info][safepoint] Application time: 0.0340939 seconds
[36.531s][info][safepoint] Entering safepoint region: GenCollectForAllocation
[36.533s][info][gc       ] GC(832) Pause Young (Allocation Failure) 2198M->2092M(4257M) 1.868ms
[36.533s][info][safepoint] Leaving safepoint region
[36.534s][info][safepoint] Total time for which application threads were stopped: 0.0029246 seconds, Stopping threads took: 0.0004606 seconds
[36.568s][info][safepoint] Application time: 0.0344457 seconds
[36.569s][info][safepoint] Entering safepoint region: GenCollectForAllocation
[36.571s][info][gc       ] GC(833) Pause Young (Allocation Failure) 2198M->2092M(4257M) 1.707ms
[36.571s][info][safepoint] Leaving safepoint region
[36.572s][info][safepoint] Total time for which application threads were stopped: 0.0028850 seconds, Stopping threads took: 0.0003864 seconds
[36.606s][info][safepoint] Application time: 0.0342562 seconds
[36.607s][info][safepoint] Entering safepoint region: GenCollectForAllocation
[36.609s][info][gc       ] GC(834) Pause Young (Allocation Failure) 2198M->2092M(4257M) 2.018ms
[36.609s][info][safepoint] Leaving safepoint region
[36.610s][info][safepoint] Total time for which application threads were stopped: 0.0028924 seconds, Stopping threads took: 0.0003723 seconds
[36.644s][info][safepoint] Application time: 0.0340764 seconds
[36.644s][info][safepoint] Entering safepoint region: GenCollectForAllocation
[36.647s][info][gc       ] GC(835) Pause Young (Allocation Failure) 2198M->2092M(4257M) 2.014ms
[36.647s][info][safepoint] Leaving safepoint region
[36.647s][info][safepoint] Total time for which application threads were stopped: 0.0032376 seconds, Stopping threads took: 0.0004209 seconds
[36.682s][info][safepoint] Application time: 0.0341623 seconds
[36.682s][info][safepoint] Entering safepoint region: GenCollectForAllocation
[36.685s][info][gc       ] GC(836) Pause Young (Allocation Failure) 2198M->2092M(4257M) 1.815ms
[36.685s][info][safepoint] Leaving safepoint region
[36.686s][info][safepoint] Total time for which application threads were stopped: 0.0030944 seconds, Stopping threads took: 0.0003966 seconds
[36.720s][info][safepoint] Application time: 0.0342723 seconds
[36.721s][info][safepoint] Entering safepoint region: GenCollectForAllocation
[36.723s][info][gc       ] GC(837) Pause Young (Allocation Failure) 2198M->2092M(4257M) 2.242ms
[36.724s][info][safepoint] Leaving safepoint region
[36.724s][info][safepoint] Total time for which application threads were stopped: 0.0033171 seconds, Stopping threads took: 0.0003166 seconds
[36.760s][info][safepoint] Application time: 0.0352709 seconds
[36.760s][info][safepoint] Entering safepoint region: GenCollectForAllocation
[36.762s][info][gc       ] GC(838) Pause Young (Allocation Failure) 2198M->2092M(4257M) 1.914ms
[36.763s][info][safepoint] Leaving safepoint region
[36.763s][info][safepoint] Total time for which application threads were stopped: 0.0031111 seconds, Stopping threads took: 0.0002939 seconds
[36.798s][info][safepoint] Application time: 0.0344047 seconds
[36.798s][info][safepoint] Entering safepoint region: GenCollectForAllocation
[36.801s][info][gc       ] GC(839) Pause Young (Allocation Failure) 2198M->2092M(4257M) 1.821ms
[36.801s][info][safepoint] Leaving safepoint region
[36.802s][info][safepoint] Total time for which application threads were stopped: 0.0032215 seconds, Stopping threads took: 0.0003927 seconds
[36.837s][info][safepoint] Application time: 0.0345001 seconds
[36.837s][info][safepoint] Entering safepoint region: GenCollectForAllocation
[36.840s][info][gc       ] GC(840) Pause Young (Allocation Failure) 2198M->2092M(4257M) 2.080ms
[36.840s][info][safepoint] Leaving safepoint region
[36.841s][info][safepoint] Total time for which application threads were stopped: 0.0035104 seconds, Stopping threads took: 0.0004091 seconds
[36.875s][info][safepoint] Application time: 0.0335156 seconds
[36.875s][info][safepoint] Entering safepoint region: GenCollectForAllocation
[36.877s][info][gc       ] GC(841) Pause Young (Allocation Failure) 2198M->2092M(4257M) 2.048ms
[36.878s][info][safepoint] Leaving safepoint region
[36.878s][info][safepoint] Total time for which application threads were stopped: 0.0029970 seconds, Stopping threads took: 0.0003449 seconds
[36.912s][info][safepoint] Application time: 0.0339272 seconds
[36.912s][info][safepoint] Entering safepoint region: GenCollectForAllocation
[36.915s][info][gc       ] GC(842) Pause Young (Allocation Failure) 2198M->2092M(4257M) 2.373ms
[36.916s][info][safepoint] Leaving safepoint region
[36.916s][info][safepoint] Total time for which application threads were stopped: 0.0036825 seconds, Stopping threads took: 0.0003981 seconds
[36.950s][info][safepoint] Application time: 0.0335557 seconds
[36.950s][info][safepoint] Entering safepoint region: GenCollectForAllocation
[36.953s][info][gc       ] GC(843) Pause Young (Allocation Failure) 2198M->2092M(4257M) 1.991ms
[36.953s][info][safepoint] Leaving safepoint region
[36.954s][info][safepoint] Total time for which application threads were stopped: 0.0032914 seconds, Stopping threads took: 0.0003615 seconds
[36.989s][info][safepoint] Application time: 0.0351732 seconds
[36.990s][info][safepoint] Entering safepoint region: GenCollectForAllocation
[36.993s][info][gc       ] GC(844) Pause Young (Allocation Failure) 2198M->2092M(4257M) 2.175ms
[36.993s][info][safepoint] Leaving safepoint region
[36.994s][info][safepoint] Total time for which application threads were stopped: 0.0036254 seconds, Stopping threads took: 0.0005387 seconds
[37.028s][info][safepoint] Application time: 0.0339277 seconds
[37.028s][info][safepoint] Entering safepoint region: GenCollectForAllocation
[37.031s][info][gc       ] GC(845) Pause Young (Allocation Failure) 2198M->2092M(4257M) 1.981ms
[37.031s][info][safepoint] Leaving safepoint region
[37.032s][info][safepoint] Total time for which application threads were stopped: 0.0033692 seconds, Stopping threads took: 0.0004713 seconds
[37.066s][info][safepoint] Application time: 0.0342774 seconds
[37.067s][info][safepoint] Entering safepoint region: GenCollectForAllocation
[37.069s][info][gc       ] GC(846) Pause Young (Allocation Failure) 2198M->2092M(4257M) 2.016ms
[37.070s][info][safepoint] Leaving safepoint region
[37.070s][info][safepoint] Total time for which application threads were stopped: 0.0031820 seconds, Stopping threads took: 0.0002573 seconds
[37.106s][info][safepoint] Application time: 0.0350431 seconds
[37.106s][info][safepoint] Entering safepoint region: GenCollectForAllocation
[37.109s][info][gc       ] GC(847) Pause Young (Allocation Failure) 2198M->2092M(4257M) 2.068ms
[37.109s][info][safepoint] Leaving safepoint region
[37.109s][info][safepoint] Total time for which application threads were stopped: 0.0033555 seconds, Stopping threads took: 0.0004484 seconds
[37.146s][info][safepoint] Application time: 0.0358382 seconds
[37.146s][info][safepoint] Entering safepoint region: GenCollectForAllocation
[37.149s][info][gc       ] GC(848) Pause Young (Allocation Failure) 2198M->2092M(4257M) 2.211ms
[37.149s][info][safepoint] Leaving safepoint region
[37.150s][info][safepoint] Total time for which application threads were stopped: 0.0035694 seconds, Stopping threads took: 0.0003891 seconds
[37.184s][info][safepoint] Application time: 0.0338838 seconds
[37.184s][info][safepoint] Entering safepoint region: GenCollectForAllocation
[37.187s][info][gc       ] GC(849) Pause Young (Allocation Failure) 2198M->2092M(4257M) 1.996ms
[37.187s][info][safepoint] Leaving safepoint region
[37.188s][info][safepoint] Total time for which application threads were stopped: 0.0034629 seconds, Stopping threads took: 0.0004699 seconds
[37.223s][info][safepoint] Application time: 0.0345558 seconds
[37.223s][info][safepoint] Entering safepoint region: GenCollectForAllocation
[37.226s][info][gc       ] GC(850) Pause Young (Allocation Failure) 2198M->2092M(4257M) 1.973ms
[37.226s][info][safepoint] Leaving safepoint region
[37.227s][info][safepoint] Total time for which application threads were stopped: 0.0033013 seconds, Stopping threads took: 0.0003562 seconds
[37.261s][info][safepoint] Application time: 0.0342354 seconds
[37.262s][info][safepoint] Entering safepoint region: GenCollectForAllocation
[37.264s][info][gc       ] GC(851) Pause Young (Allocation Failure) 2198M->2092M(4257M) 2.005ms
[37.264s][info][safepoint] Leaving safepoint region
[37.265s][info][safepoint] Total time for which application threads were stopped: 0.0034058 seconds, Stopping threads took: 0.0004416 seconds
[37.301s][info][safepoint] Application time: 0.0354286 seconds
[37.301s][info][safepoint] Entering safepoint region: GenCollectForAllocation
[37.304s][info][gc       ] GC(852) Pause Young (Allocation Failure) 2198M->2092M(4257M) 2.040ms
[37.304s][info][safepoint] Leaving safepoint region
[37.305s][info][safepoint] Total time for which application threads were stopped: 0.0033710 seconds, Stopping threads took: 0.0004208 seconds
[37.340s][info][safepoint] Application time: 0.0348227 seconds
[37.340s][info][safepoint] Entering safepoint region: GenCollectForAllocation
[37.343s][info][gc       ] GC(853) Pause Young (Allocation Failure) 2198M->2092M(4257M) 2.113ms
[37.343s][info][safepoint] Leaving safepoint region
[37.344s][info][safepoint] Total time for which application threads were stopped: 0.0034749 seconds, Stopping threads took: 0.0003078 seconds
[37.378s][info][safepoint] Application time: 0.0344362 seconds
[37.379s][info][safepoint] Entering safepoint region: GenCollectForAllocation
[37.382s][info][gc       ] GC(854) Pause Young (Allocation Failure) 2198M->2092M(4257M) 2.204ms
[37.382s][info][safepoint] Leaving safepoint region
[37.383s][info][safepoint] Total time for which application threads were stopped: 0.0035834 seconds, Stopping threads took: 0.0005239 seconds
[37.415s][info][safepoint] Application time: 0.0321075 seconds
[37.416s][info][safepoint] Entering safepoint region: GenCollectForAllocation
[37.418s][info][gc       ] GC(855) Pause Young (Allocation Failure) 2198M->2092M(4257M) 1.785ms
[37.418s][info][safepoint] Leaving safepoint region
[37.418s][info][safepoint] Total time for which application threads were stopped: 0.0028300 seconds, Stopping threads took: 0.0003486 seconds
[37.452s][info][safepoint] Application time: 0.0334109 seconds
[37.453s][info][safepoint] Entering safepoint region: GenCollectForAllocation
[37.455s][info][gc       ] GC(856) Pause Young (Allocation Failure) 2198M->2092M(4257M) 1.722ms
[37.455s][info][safepoint] Leaving safepoint region
[37.456s][info][safepoint] Total time for which application threads were stopped: 0.0032571 seconds, Stopping threads took: 0.0005683 seconds
[37.490s][info][safepoint] Application time: 0.0334722 seconds
[37.490s][info][safepoint] Entering safepoint region: GenCollectForAllocation
[37.493s][info][gc       ] GC(857) Pause Young (Allocation Failure) 2198M->2092M(4257M) 2.185ms
[37.493s][info][safepoint] Leaving safepoint region
[37.494s][info][safepoint] Total time for which application threads were stopped: 0.0035100 seconds, Stopping threads took: 0.0004343 seconds
[37.526s][info][safepoint] Application time: 0.0320208 seconds
[37.527s][info][safepoint] Entering safepoint region: GenCollectForAllocation
[37.529s][info][gc       ] GC(858) Pause Young (Allocation Failure) 2198M->2092M(4257M) 2.137ms
[37.530s][info][safepoint] Leaving safepoint region
[37.530s][info][safepoint] Total time for which application threads were stopped: 0.0036342 seconds, Stopping threads took: 0.0005477 seconds
[37.563s][info][safepoint] Application time: 0.0324997 seconds
[37.564s][info][safepoint] Entering safepoint region: GenCollectForAllocation
[37.566s][info][gc       ] GC(859) Pause Young (Allocation Failure) 2198M->2092M(4257M) 1.757ms
[37.566s][info][safepoint] Leaving safepoint region
[37.567s][info][safepoint] Total time for which application threads were stopped: 0.0030961 seconds, Stopping threads took: 0.0004424 seconds
[37.600s][info][safepoint] Application time: 0.0328499 seconds
[37.600s][info][safepoint] Entering safepoint region: GenCollectForAllocation
[37.603s][info][gc       ] GC(860) Pause Young (Allocation Failure) 2198M->2092M(4257M) 1.980ms
[37.603s][info][safepoint] Leaving safepoint region
[37.604s][info][safepoint] Total time for which application threads were stopped: 0.0030759 seconds, Stopping threads took: 0.0004018 seconds
[37.637s][info][safepoint] Application time: 0.0335634 seconds
[37.638s][info][safepoint] Entering safepoint region: GenCollectForAllocation
[37.640s][info][gc       ] GC(861) Pause Young (Allocation Failure) 2198M->2092M(4257M) 2.006ms
[37.640s][info][safepoint] Leaving safepoint region
[37.641s][info][safepoint] Total time for which application threads were stopped: 0.0031660 seconds, Stopping threads took: 0.0003157 seconds
[37.673s][info][safepoint] Application time: 0.0321353 seconds
[37.674s][info][safepoint] Entering safepoint region: GenCollectForAllocation
[37.676s][info][gc       ] GC(862) Pause Young (Allocation Failure) 2198M->2092M(4257M) 1.888ms
[37.677s][info][safepoint] Leaving safepoint region
[37.677s][info][safepoint] Total time for which application threads were stopped: 0.0033818 seconds, Stopping threads took: 0.0005503 seconds
[37.711s][info][safepoint] Application time: 0.0337024 seconds
[37.712s][info][safepoint] Entering safepoint region: GenCollectForAllocation
[37.714s][info][gc       ] GC(863) Pause Young (Allocation Failure) 2198M->2092M(4257M) 1.889ms
[37.715s][info][safepoint] Leaving safepoint region
[37.715s][info][safepoint] Total time for which application threads were stopped: 0.0033067 seconds, Stopping threads took: 0.0004802 seconds
[37.750s][info][safepoint] Application time: 0.0341427 seconds
[37.750s][info][safepoint] Entering safepoint region: GenCollectForAllocation
[37.753s][info][gc       ] GC(864) Pause Young (Allocation Failure) 2198M->2092M(4257M) 2.184ms
[37.753s][info][safepoint] Leaving safepoint region
[37.754s][info][safepoint] Total time for which application threads were stopped: 0.0036434 seconds, Stopping threads took: 0.0004962 seconds
[37.788s][info][safepoint] Application time: 0.0340148 seconds
[37.789s][info][safepoint] Entering safepoint region: GenCollectForAllocation
[37.791s][info][gc       ] GC(865) Pause Young (Allocation Failure) 2198M->2092M(4257M) 1.877ms
[37.791s][info][safepoint] Leaving safepoint region
[37.792s][info][safepoint] Total time for which application threads were stopped: 0.0031039 seconds, Stopping threads took: 0.0004090 seconds
[37.826s][info][safepoint] Application time: 0.0345422 seconds
[37.827s][info][safepoint] Entering safepoint region: GenCollectForAllocation
[37.829s][info][gc       ] GC(866) Pause Young (Allocation Failure) 2198M->2092M(4257M) 2.120ms
[37.830s][info][safepoint] Leaving safepoint region
[37.830s][info][safepoint] Total time for which application threads were stopped: 0.0030451 seconds, Stopping threads took: 0.0002365 seconds
[37.864s][info][safepoint] Application time: 0.0340579 seconds
[37.865s][info][safepoint] Entering safepoint region: GenCollectForAllocation
[37.867s][info][gc       ] GC(867) Pause Young (Allocation Failure) 2198M->2092M(4257M) 1.733ms
[37.867s][info][safepoint] Leaving safepoint region
[37.867s][info][safepoint] Total time for which application threads were stopped: 0.0027517 seconds, Stopping threads took: 0.0002422 seconds
[37.902s][info][safepoint] Application time: 0.0345068 seconds
[37.903s][info][safepoint] Entering safepoint region: GenCollectForAllocation
[37.905s][info][gc       ] GC(868) Pause Young (Allocation Failure) 2198M->2092M(4257M) 1.954ms
[37.905s][info][safepoint] Leaving safepoint region
[37.906s][info][safepoint] Total time for which application threads were stopped: 0.0031272 seconds, Stopping threads took: 0.0003514 seconds
[37.938s][info][safepoint] Application time: 0.0324228 seconds
[37.939s][info][safepoint] Entering safepoint region: GenCollectForAllocation
[37.941s][info][gc       ] GC(869) Pause Young (Allocation Failure) 2198M->2092M(4257M) 1.762ms
[37.941s][info][safepoint] Leaving safepoint region
[37.941s][info][safepoint] Total time for which application threads were stopped: 0.0024645 seconds, Stopping threads took: 0.0002339 seconds
[37.974s][info][safepoint] Application time: 0.0330175 seconds
[37.975s][info][safepoint] Entering safepoint region: GenCollectForAllocation
[37.977s][info][gc       ] GC(870) Pause Young (Allocation Failure) 2198M->2092M(4257M) 1.805ms
[37.977s][info][safepoint] Leaving safepoint region
[37.978s][info][safepoint] Total time for which application threads were stopped: 0.0030200 seconds, Stopping threads took: 0.0004166 seconds
[38.013s][info][safepoint] Application time: 0.0350354 seconds
[38.014s][info][safepoint] Entering safepoint region: GenCollectForAllocation
[38.016s][info][gc       ] GC(871) Pause Young (Allocation Failure) 2198M->2092M(4257M) 1.801ms
[38.016s][info][safepoint] Leaving safepoint region
[38.017s][info][safepoint] Total time for which application threads were stopped: 0.0029799 seconds, Stopping threads took: 0.0003854 seconds
[38.050s][info][safepoint] Application time: 0.0329792 seconds
[38.050s][info][safepoint] Entering safepoint region: GenCollectForAllocation
[38.052s][info][gc       ] GC(872) Pause Young (Allocation Failure) 2198M->2092M(4257M) 1.731ms
[38.053s][info][safepoint] Leaving safepoint region
[38.053s][info][safepoint] Total time for which application threads were stopped: 0.0025726 seconds, Stopping threads took: 0.0003031 seconds
[38.086s][info][safepoint] Application time: 0.0334829 seconds
[38.087s][info][safepoint] Entering safepoint region: GenCollectForAllocation
[38.090s][info][gc       ] GC(873) Pause Young (Allocation Failure) 2198M->2092M(4257M) 2.252ms
[38.090s][info][safepoint] Leaving safepoint region
[38.090s][info][safepoint] Total time for which application threads were stopped: 0.0031770 seconds, Stopping threads took: 0.0003928 seconds
[38.125s][info][safepoint] Application time: 0.0347047 seconds
[38.126s][info][safepoint] Entering safepoint region: GenCollectForAllocation
[38.128s][info][gc       ] GC(874) Pause Young (Allocation Failure) 2198M->2092M(4257M) 1.826ms
[38.128s][info][safepoint] Leaving safepoint region
[38.129s][info][safepoint] Total time for which application threads were stopped: 0.0030293 seconds, Stopping threads took: 0.0003952 seconds
[38.164s][info][safepoint] Application time: 0.0348912 seconds
[38.164s][info][safepoint] Entering safepoint region: GenCollectForAllocation
[38.166s][info][gc       ] GC(875) Pause Young (Allocation Failure) 2198M->2092M(4257M) 2.113ms
[38.167s][info][safepoint] Leaving safepoint region
[38.167s][info][safepoint] Total time for which application threads were stopped: 0.0030063 seconds, Stopping threads took: 0.0001914 seconds
[38.202s][info][safepoint] Application time: 0.0347139 seconds
[38.202s][info][safepoint] Entering safepoint region: GenCollectForAllocation
[38.205s][info][gc       ] GC(876) Pause Young (Allocation Failure) 2198M->2092M(4257M) 1.913ms
[38.205s][info][safepoint] Leaving safepoint region
[38.206s][info][safepoint] Total time for which application threads were stopped: 0.0031851 seconds, Stopping threads took: 0.0003875 seconds
[38.241s][info][safepoint] Application time: 0.0349725 seconds
[38.242s][info][safepoint] Entering safepoint region: GenCollectForAllocation
[38.244s][info][gc       ] GC(877) Pause Young (Allocation Failure) 2198M->2092M(4257M) 2.184ms
[38.245s][info][safepoint] Leaving safepoint region
[38.245s][info][safepoint] Total time for which application threads were stopped: 0.0034130 seconds, Stopping threads took: 0.0003770 seconds
[38.280s][info][safepoint] Application time: 0.0345600 seconds
[38.280s][info][safepoint] Entering safepoint region: GenCollectForAllocation
[38.283s][info][gc       ] GC(878) Pause Young (Allocation Failure) 2198M->2092M(4257M) 2.173ms
[38.283s][info][safepoint] Leaving safepoint region
[38.284s][info][safepoint] Total time for which application threads were stopped: 0.0033796 seconds, Stopping threads took: 0.0004039 seconds
[38.319s][info][safepoint] Application time: 0.0351675 seconds
[38.320s][info][safepoint] Entering safepoint region: GenCollectForAllocation
[38.322s][info][gc       ] GC(879) Pause Young (Allocation Failure) 2198M->2092M(4257M) 2.199ms
[38.323s][info][safepoint] Leaving safepoint region
[38.323s][info][safepoint] Total time for which application threads were stopped: 0.0034463 seconds, Stopping threads took: 0.0004343 seconds
[38.358s][info][safepoint] Application time: 0.0349931 seconds
[38.359s][info][safepoint] Entering safepoint region: GenCollectForAllocation
[38.361s][info][gc       ] GC(880) Pause Young (Allocation Failure) 2198M->2092M(4257M) 2.202ms
[38.362s][info][safepoint] Leaving safepoint region
[38.362s][info][safepoint] Total time for which application threads were stopped: 0.0033292 seconds, Stopping threads took: 0.0003221 seconds
[38.397s][info][safepoint] Application time: 0.0341986 seconds
[38.397s][info][safepoint] Entering safepoint region: GenCollectForAllocation
[38.399s][info][gc       ] GC(881) Pause Young (Allocation Failure) 2198M->2092M(4257M) 1.825ms
[38.400s][info][safepoint] Leaving safepoint region
[38.400s][info][safepoint] Total time for which application threads were stopped: 0.0030252 seconds, Stopping threads took: 0.0003528 seconds
[38.435s][info][safepoint] Application time: 0.0346709 seconds
[38.435s][info][safepoint] Entering safepoint region: GenCollectForAllocation
[38.437s][info][gc       ] GC(882) Pause Young (Allocation Failure) 2198M->2092M(4257M) 1.828ms
[38.438s][info][safepoint] Leaving safepoint region
[38.438s][info][safepoint] Total time for which application threads were stopped: 0.0025606 seconds, Stopping threads took: 0.0001415 seconds
[38.472s][info][safepoint] Application time: 0.0340333 seconds
[38.472s][info][safepoint] Entering safepoint region: GenCollectForAllocation
[38.475s][info][gc       ] GC(883) Pause Young (Allocation Failure) 2198M->2092M(4257M) 1.950ms
[38.475s][info][safepoint] Leaving safepoint region
[38.476s][info][safepoint] Total time for which application threads were stopped: 0.0031397 seconds, Stopping threads took: 0.0003744 seconds
[38.511s][info][safepoint] Application time: 0.0347801 seconds
[38.511s][info][safepoint] Entering safepoint region: GenCollectForAllocation
[38.513s][info][gc       ] GC(884) Pause Young (Allocation Failure) 2198M->2092M(4257M) 2.005ms
[38.514s][info][safepoint] Leaving safepoint region
[38.514s][info][safepoint] Total time for which application threads were stopped: 0.0032377 seconds, Stopping threads took: 0.0003751 seconds
[38.549s][info][safepoint] Application time: 0.0346171 seconds
[38.550s][info][safepoint] Entering safepoint region: GenCollectForAllocation
[38.552s][info][gc       ] GC(885) Pause Young (Allocation Failure) 2198M->2092M(4257M) 1.872ms
[38.552s][info][safepoint] Leaving safepoint region
[38.553s][info][safepoint] Total time for which application threads were stopped: 0.0030933 seconds, Stopping threads took: 0.0004053 seconds
[38.585s][info][safepoint] Application time: 0.0315523 seconds
[38.585s][info][safepoint] Entering safepoint region: GenCollectForAllocation
[38.588s][info][gc       ] GC(886) Pause Young (Allocation Failure) 2198M->2092M(4257M) 2.096ms
[38.588s][info][safepoint] Leaving safepoint region
[38.588s][info][safepoint] Total time for which application threads were stopped: 0.0031934 seconds, Stopping threads took: 0.0004425 seconds
[38.621s][info][safepoint] Application time: 0.0328794 seconds
[38.622s][info][safepoint] Entering safepoint region: GenCollectForAllocation
[38.624s][info][gc       ] GC(887) Pause Young (Allocation Failure) 2198M->2092M(4257M) 2.042ms
[38.625s][info][safepoint] Leaving safepoint region
[38.625s][info][safepoint] Total time for which application threads were stopped: 0.0033435 seconds, Stopping threads took: 0.0004067 seconds
[38.658s][info][safepoint] Application time: 0.0327140 seconds
[38.659s][info][safepoint] Entering safepoint region: GenCollectForAllocation
[38.661s][info][gc       ] GC(888) Pause Young (Allocation Failure) 2198M->2092M(4257M) 1.872ms
[38.661s][info][safepoint] Leaving safepoint region
[38.662s][info][safepoint] Total time for which application threads were stopped: 0.0030070 seconds, Stopping threads took: 0.0003540 seconds
[38.696s][info][safepoint] Application time: 0.0338104 seconds
[38.696s][info][safepoint] Entering safepoint region: GenCollectForAllocation
[38.698s][info][gc       ] GC(889) Pause Young (Allocation Failure) 2198M->2092M(4257M) 1.907ms
[38.699s][info][safepoint] Leaving safepoint region
[38.699s][info][safepoint] Total time for which application threads were stopped: 0.0031240 seconds, Stopping threads took: 0.0004351 seconds
[38.732s][info][safepoint] Application time: 0.0323724 seconds
[38.732s][info][safepoint] Entering safepoint region: GenCollectForAllocation
[38.735s][info][gc       ] GC(890) Pause Young (Allocation Failure) 2198M->2092M(4257M) 2.188ms
[38.735s][info][safepoint] Leaving safepoint region
[38.736s][info][safepoint] Total time for which application threads were stopped: 0.0035333 seconds, Stopping threads took: 0.0004355 seconds
[38.769s][info][safepoint] Application time: 0.0328441 seconds
[38.769s][info][safepoint] Entering safepoint region: GenCollectForAllocation
[38.771s][info][gc       ] GC(891) Pause Young (Allocation Failure) 2198M->2092M(4257M) 1.812ms
[38.772s][info][safepoint] Leaving safepoint region
[38.772s][info][safepoint] Total time for which application threads were stopped: 0.0029559 seconds, Stopping threads took: 0.0002713 seconds
[38.808s][info][safepoint] Application time: 0.0349489 seconds
[38.808s][info][safepoint] Entering safepoint region: GenCollectForAllocation
[38.810s][info][gc       ] GC(892) Pause Young (Allocation Failure) 2198M->2092M(4257M) 1.882ms
[38.811s][info][safepoint] Leaving safepoint region
[38.811s][info][safepoint] Total time for which application threads were stopped: 0.0030561 seconds, Stopping threads took: 0.0002918 seconds
[38.846s][info][safepoint] Application time: 0.0341066 seconds
[38.846s][info][safepoint] Entering safepoint region: GenCollectForAllocation
[38.848s][info][gc       ] GC(893) Pause Young (Allocation Failure) 2198M->2092M(4257M) 1.826ms
[38.848s][info][safepoint] Leaving safepoint region
[38.849s][info][safepoint] Total time for which application threads were stopped: 0.0027107 seconds, Stopping threads took: 0.0003653 seconds
[38.883s][info][safepoint] Application time: 0.0343614 seconds
[38.884s][info][safepoint] Entering safepoint region: GenCollectForAllocation
[38.885s][info][gc       ] GC(894) Pause Young (Allocation Failure) 2198M->2092M(4257M) 1.751ms
[38.886s][info][safepoint] Leaving safepoint region
[38.886s][info][safepoint] Total time for which application threads were stopped: 0.0023914 seconds, Stopping threads took: 0.0001906 seconds
[38.921s][info][safepoint] Application time: 0.0346311 seconds
[38.921s][info][safepoint] Entering safepoint region: GenCollectForAllocation
[38.924s][info][gc       ] GC(895) Pause Young (Allocation Failure) 2198M->2092M(4257M) 2.071ms
[38.924s][info][safepoint] Leaving safepoint region
[38.924s][info][safepoint] Total time for which application threads were stopped: 0.0030938 seconds, Stopping threads took: 0.0003504 seconds
[38.959s][info][safepoint] Application time: 0.0346629 seconds
[38.960s][info][safepoint] Entering safepoint region: GenCollectForAllocation
[38.962s][info][gc       ] GC(896) Pause Young (Allocation Failure) 2198M->2092M(4257M) 2.006ms
[38.962s][info][safepoint] Leaving safepoint region
[38.963s][info][safepoint] Total time for which application threads were stopped: 0.0031262 seconds, Stopping threads took: 0.0003898 seconds
[38.997s][info][safepoint] Application time: 0.0344359 seconds
[38.998s][info][safepoint] Entering safepoint region: GenCollectForAllocation
[39.000s][info][gc       ] GC(897) Pause Young (Allocation Failure) 2198M->2092M(4257M) 1.668ms
[39.000s][info][safepoint] Leaving safepoint region
[39.000s][info][safepoint] Total time for which application threads were stopped: 0.0026347 seconds, Stopping threads took: 0.0003380 seconds
[39.035s][info][safepoint] Application time: 0.0346283 seconds
[39.036s][info][safepoint] Entering safepoint region: GenCollectForAllocation
[39.038s][info][gc       ] GC(898) Pause Young (Allocation Failure) 2198M->2092M(4257M) 2.007ms
[39.038s][info][safepoint] Leaving safepoint region
[39.039s][info][safepoint] Total time for which application threads were stopped: 0.0030839 seconds, Stopping threads took: 0.0003358 seconds
[39.071s][info][safepoint] Application time: 0.0322492 seconds
[39.072s][info][safepoint] Entering safepoint region: GenCollectForAllocation
[39.074s][info][gc       ] GC(899) Pause Young (Allocation Failure) 2198M->2092M(4257M) 1.723ms
[39.074s][info][safepoint] Leaving safepoint region
[39.074s][info][safepoint] Total time for which application threads were stopped: 0.0025760 seconds, Stopping threads took: 0.0002937 seconds
[39.106s][info][safepoint] Application time: 0.0316577 seconds
[39.107s][info][safepoint] Entering safepoint region: GenCollectForAllocation
[39.109s][info][gc       ] GC(900) Pause Young (Allocation Failure) 2198M->2092M(4257M) 1.796ms
[39.109s][info][safepoint] Leaving safepoint region
[39.110s][info][safepoint] Total time for which application threads were stopped: 0.0028406 seconds, Stopping threads took: 0.0004213 seconds
[39.143s][info][safepoint] Application time: 0.0332427 seconds
[39.143s][info][safepoint] Entering safepoint region: GenCollectForAllocation
[39.146s][info][gc       ] GC(901) Pause Young (Allocation Failure) 2198M->2092M(4257M) 2.240ms
[39.146s][info][safepoint] Leaving safepoint region
[39.147s][info][safepoint] Total time for which application threads were stopped: 0.0033259 seconds, Stopping threads took: 0.0002920 seconds
[39.181s][info][safepoint] Application time: 0.0341935 seconds
[39.182s][info][safepoint] Entering safepoint region: GenCollectForAllocation
[39.184s][info][gc       ] GC(902) Pause Young (Allocation Failure) 2198M->2092M(4257M) 1.838ms
[39.184s][info][safepoint] Leaving safepoint region
[39.185s][info][safepoint] Total time for which application threads were stopped: 0.0029240 seconds, Stopping threads took: 0.0003296 seconds
[39.219s][info][safepoint] Application time: 0.0345862 seconds
[39.220s][info][safepoint] Entering safepoint region: GenCollectForAllocation
[39.222s][info][gc       ] GC(903) Pause Young (Allocation Failure) 2198M->2092M(4257M) 2.169ms
[39.223s][info][safepoint] Leaving safepoint region
[39.223s][info][safepoint] Total time for which application threads were stopped: 0.0030830 seconds, Stopping threads took: 0.0002733 seconds
[39.258s][info][safepoint] Application time: 0.0344011 seconds
[39.258s][info][safepoint] Entering safepoint region: GenCollectForAllocation
[39.260s][info][gc       ] GC(904) Pause Young (Allocation Failure) 2198M->2092M(4257M) 1.907ms
[39.261s][info][safepoint] Leaving safepoint region
[39.261s][info][safepoint] Total time for which application threads were stopped: 0.0032710 seconds, Stopping threads took: 0.0004049 seconds
[39.296s][info][safepoint] Application time: 0.0343314 seconds
[39.296s][info][safepoint] Entering safepoint region: GenCollectForAllocation
[39.299s][info][gc       ] GC(905) Pause Young (Allocation Failure) 2198M->2092M(4257M) 1.964ms
[39.299s][info][safepoint] Leaving safepoint region
[39.299s][info][safepoint] Total time for which application threads were stopped: 0.0029834 seconds, Stopping threads took: 0.0002925 seconds
[39.332s][info][safepoint] Application time: 0.0322838 seconds
[39.332s][info][safepoint] Entering safepoint region: GenCollectForAllocation
[39.334s][info][gc       ] GC(906) Pause Young (Allocation Failure) 2198M->2092M(4257M) 1.730ms
[39.335s][info][safepoint] Leaving safepoint region
[39.335s][info][safepoint] Total time for which application threads were stopped: 0.0025496 seconds, Stopping threads took: 0.0003595 seconds
[39.369s][info][safepoint] Application time: 0.0337776 seconds
[39.369s][info][safepoint] Entering safepoint region: GenCollectForAllocation
[39.371s][info][gc       ] GC(907) Pause Young (Allocation Failure) 2198M->2092M(4257M) 1.786ms
[39.372s][info][safepoint] Leaving safepoint region
[39.372s][info][safepoint] Total time for which application threads were stopped: 0.0031765 seconds, Stopping threads took: 0.0004239 seconds
[39.407s][info][safepoint] Application time: 0.0345294 seconds
[39.408s][info][safepoint] Entering safepoint region: GenCollectForAllocation
[39.410s][info][gc       ] GC(908) Pause Young (Allocation Failure) 2198M->2092M(4257M) 1.909ms
[39.410s][info][safepoint] Leaving safepoint region
[39.411s][info][safepoint] Total time for which application threads were stopped: 0.0031506 seconds, Stopping threads took: 0.0003698 seconds
[39.446s][info][safepoint] Application time: 0.0351815 seconds
[39.447s][info][safepoint] Entering safepoint region: GenCollectForAllocation
[39.449s][info][gc       ] GC(909) Pause Young (Allocation Failure) 2198M->2092M(4257M) 2.022ms
[39.449s][info][safepoint] Leaving safepoint region
[39.450s][info][safepoint] Total time for which application threads were stopped: 0.0029737 seconds, Stopping threads took: 0.0003480 seconds
[39.485s][info][safepoint] Application time: 0.0355778 seconds
[39.486s][info][safepoint] Entering safepoint region: GenCollectForAllocation
[39.488s][info][gc       ] GC(910) Pause Young (Allocation Failure) 2198M->2092M(4257M) 1.813ms
[39.489s][info][safepoint] Leaving safepoint region
[39.489s][info][safepoint] Total time for which application threads were stopped: 0.0030000 seconds, Stopping threads took: 0.0004067 seconds
[39.524s][info][safepoint] Application time: 0.0345976 seconds
[39.524s][info][safepoint] Entering safepoint region: GenCollectForAllocation
[39.527s][info][gc       ] GC(911) Pause Young (Allocation Failure) 2198M->2092M(4257M) 2.022ms
[39.527s][info][safepoint] Leaving safepoint region
[39.527s][info][safepoint] Total time for which application threads were stopped: 0.0028263 seconds, Stopping threads took: 0.0002827 seconds
[39.562s][info][safepoint] Application time: 0.0348325 seconds
[39.563s][info][safepoint] Entering safepoint region: GenCollectForAllocation
[39.565s][info][gc       ] GC(912) Pause Young (Allocation Failure) 2198M->2092M(4257M) 1.851ms
[39.565s][info][safepoint] Leaving safepoint region
[39.565s][info][safepoint] Total time for which application threads were stopped: 0.0027588 seconds, Stopping threads took: 0.0003197 seconds
[39.600s][info][safepoint] Application time: 0.0343961 seconds
[39.600s][info][safepoint] Entering safepoint region: GenCollectForAllocation
[39.603s][info][gc       ] GC(913) Pause Young (Allocation Failure) 2198M->2092M(4257M) 1.975ms
[39.603s][info][safepoint] Leaving safepoint region
[39.603s][info][safepoint] Total time for which application threads were stopped: 0.0031413 seconds, Stopping threads took: 0.0003246 seconds
[39.636s][info][safepoint] Application time: 0.0324222 seconds
[39.636s][info][safepoint] Entering safepoint region: GenCollectForAllocation
[39.639s][info][gc       ] GC(914) Pause Young (Allocation Failure) 2198M->2092M(4257M) 1.786ms
[39.639s][info][safepoint] Leaving safepoint region
[39.639s][info][safepoint] Total time for which application threads were stopped: 0.0026931 seconds, Stopping threads took: 0.0003739 seconds
[39.673s][info][safepoint] Application time: 0.0337823 seconds
[39.674s][info][safepoint] Entering safepoint region: GenCollectForAllocation
[39.676s][info][gc       ] GC(915) Pause Young (Allocation Failure) 2198M->2092M(4257M) 1.906ms
[39.676s][info][safepoint] Leaving safepoint region
[39.677s][info][safepoint] Total time for which application threads were stopped: 0.0029966 seconds, Stopping threads took: 0.0003802 seconds
[39.711s][info][safepoint] Application time: 0.0346151 seconds
[39.712s][info][safepoint] Entering safepoint region: GenCollectForAllocation
[39.714s][info][gc       ] GC(916) Pause Young (Allocation Failure) 2198M->2092M(4257M) 1.901ms
[39.714s][info][safepoint] Leaving safepoint region
[39.715s][info][safepoint] Total time for which application threads were stopped: 0.0030475 seconds, Stopping threads took: 0.0003486 seconds
[39.750s][info][safepoint] Application time: 0.0346525 seconds
[39.750s][info][safepoint] Entering safepoint region: GenCollectForAllocation
[39.752s][info][gc       ] GC(917) Pause Young (Allocation Failure) 2198M->2092M(4257M) 1.853ms
[39.753s][info][safepoint] Leaving safepoint region
[39.753s][info][safepoint] Total time for which application threads were stopped: 0.0026940 seconds, Stopping threads took: 0.0002668 seconds
[39.785s][info][safepoint] Application time: 0.0324998 seconds
[39.786s][info][safepoint] Entering safepoint region: GenCollectForAllocation
[39.788s][info][gc       ] GC(918) Pause Young (Allocation Failure) 2198M->2092M(4257M) 1.943ms
[39.788s][info][safepoint] Leaving safepoint region
[39.789s][info][safepoint] Total time for which application threads were stopped: 0.0028563 seconds, Stopping threads took: 0.0003111 seconds
[39.823s][info][safepoint] Application time: 0.0338455 seconds
[39.823s][info][safepoint] Entering safepoint region: GenCollectForAllocation
[39.826s][info][gc       ] GC(919) Pause Young (Allocation Failure) 2198M->2092M(4257M) 2.212ms
[39.826s][info][safepoint] Leaving safepoint region
[39.826s][info][safepoint] Total time for which application threads were stopped: 0.0029711 seconds, Stopping threads took: 0.0002664 seconds
[39.859s][info][safepoint] Application time: 0.0323490 seconds
[39.859s][info][safepoint] Entering safepoint region: GenCollectForAllocation
[39.862s][info][gc       ] GC(920) Pause Young (Allocation Failure) 2198M->2092M(4257M) 2.001ms
[39.862s][info][safepoint] Leaving safepoint region
[39.862s][info][safepoint] Total time for which application threads were stopped: 0.0032139 seconds, Stopping threads took: 0.0004143 seconds
[39.896s][info][safepoint] Application time: 0.0328996 seconds
[39.896s][info][safepoint] Entering safepoint region: GenCollectForAllocation
[39.898s][info][gc       ] GC(921) Pause Young (Allocation Failure) 2198M->2092M(4257M) 1.801ms
[39.898s][info][safepoint] Leaving safepoint region
[39.899s][info][safepoint] Total time for which application threads were stopped: 0.0025817 seconds, Stopping threads took: 0.0002789 seconds
[39.933s][info][safepoint] Application time: 0.0345771 seconds
[39.934s][info][safepoint] Entering safepoint region: GenCollectForAllocation
[39.936s][info][gc       ] GC(922) Pause Young (Allocation Failure) 2198M->2092M(4257M) 2.150ms
[39.936s][info][safepoint] Leaving safepoint region
[39.937s][info][safepoint] Total time for which application threads were stopped: 0.0030587 seconds, Stopping threads took: 0.0002740 seconds
[39.971s][info][safepoint] Application time: 0.0342886 seconds
[39.972s][info][safepoint] Entering safepoint region: GenCollectForAllocation
[39.974s][info][gc       ] GC(923) Pause Young (Allocation Failure) 2198M->2092M(4257M) 1.915ms
[39.974s][info][safepoint] Leaving safepoint region
[39.975s][info][safepoint] Total time for which application threads were stopped: 0.0030139 seconds, Stopping threads took: 0.0002724 seconds
[40.007s][info][safepoint] Application time: 0.0322724 seconds
[40.007s][info][safepoint] Entering safepoint region: GenCollectForAllocation
[40.010s][info][gc       ] GC(924) Pause Young (Allocation Failure) 2198M->2092M(4257M) 2.017ms
[40.010s][info][safepoint] Leaving safepoint region
[40.010s][info][safepoint] Total time for which application threads were stopped: 0.0029626 seconds, Stopping threads took: 0.0002485 seconds
[40.045s][info][safepoint] Application time: 0.0340133 seconds
[40.045s][info][safepoint] Entering safepoint region: GenCollectForAllocation
[40.048s][info][gc       ] GC(925) Pause Young (Allocation Failure) 2198M->2092M(4257M) 2.389ms
[40.049s][info][safepoint] Leaving safepoint region
[40.049s][info][safepoint] Total time for which application threads were stopped: 0.0036900 seconds, Stopping threads took: 0.0006832 seconds
[40.084s][info][safepoint] Application time: 0.0350176 seconds
[40.084s][info][safepoint] Entering safepoint region: GenCollectForAllocation
[40.087s][info][gc       ] GC(926) Pause Young (Allocation Failure) 2198M->2092M(4257M) 1.859ms
[40.087s][info][safepoint] Leaving safepoint region
[40.087s][info][safepoint] Total time for which application threads were stopped: 0.0028119 seconds, Stopping threads took: 0.0003308 seconds
[40.123s][info][safepoint] Application time: 0.0352209 seconds
[40.123s][info][safepoint] Entering safepoint region: GenCollectForAllocation
[40.126s][info][gc       ] GC(927) Pause Young (Allocation Failure) 2198M->2092M(4257M) 2.882ms
[40.127s][info][safepoint] Leaving safepoint region
[40.127s][info][safepoint] Total time for which application threads were stopped: 0.0039631 seconds, Stopping threads took: 0.0003320 seconds
[40.162s][info][safepoint] Application time: 0.0350843 seconds
[40.163s][info][safepoint] Entering safepoint region: GenCollectForAllocation
[40.165s][info][gc       ] GC(928) Pause Young (Allocation Failure) 2198M->2092M(4257M) 1.866ms
[40.165s][info][safepoint] Leaving safepoint region
[40.166s][info][safepoint] Total time for which application threads were stopped: 0.0029790 seconds, Stopping threads took: 0.0003823 seconds
[40.201s][info][safepoint] Application time: 0.0351979 seconds
[40.202s][info][safepoint] Entering safepoint region: GenCollectForAllocation
[40.204s][info][gc       ] GC(929) Pause Young (Allocation Failure) 2198M->2092M(4257M) 2.122ms
[40.205s][info][safepoint] Leaving safepoint region
[40.205s][info][safepoint] Total time for which application threads were stopped: 0.0033364 seconds, Stopping threads took: 0.0003987 seconds
[40.241s][info][safepoint] Application time: 0.0350678 seconds
[40.241s][info][safepoint] Entering safepoint region: GenCollectForAllocation
[40.244s][info][gc       ] GC(930) Pause Young (Allocation Failure) 2198M->2092M(4257M) 2.261ms
[40.244s][info][safepoint] Leaving safepoint region
[40.245s][info][safepoint] Total time for which application threads were stopped: 0.0036784 seconds, Stopping threads took: 0.0004233 seconds
[40.273s][info][safepoint] Application time: 0.0275282 seconds
[40.273s][info][safepoint] Entering safepoint region: GenCollectForAllocation
[40.288s][info][gc       ] GC(931) Pause Young (Allocation Failure) 2198M->2123M(4257M) 14.609ms
[40.289s][info][safepoint] Leaving safepoint region
[40.289s][info][safepoint] Total time for which application threads were stopped: 0.0159301 seconds, Stopping threads took: 0.0004049 seconds
[40.302s][info][safepoint] Application time: 0.0124605 seconds
[40.302s][info][safepoint] Entering safepoint region: GenCollectForAllocation
[40.368s][info][gc       ] GC(932) Pause Young (Allocation Failure) 2229M->2229M(4257M) 66.227ms
[40.369s][info][safepoint] Leaving safepoint region
[40.369s][info][safepoint] Total time for which application threads were stopped: 0.0673344 seconds, Stopping threads took: 0.0001314 seconds
[40.370s][info][safepoint] Application time: 0.0001575 seconds
[40.372s][info][safepoint] Entering safepoint region: CMS_Initial_Mark
[40.400s][info][gc       ] GC(933) Pause Initial Mark 2236M->2236M(4257M) 27.919ms
[40.400s][info][safepoint] Leaving safepoint region
[40.400s][info][safepoint] Total time for which application threads were stopped: 0.0303116 seconds, Stopping threads took: 0.0019754 seconds
[40.401s][info][gc       ] GC(933) Concurrent Mark
[40.413s][info][safepoint] Application time: 0.0123147 seconds
[40.413s][info][safepoint] Entering safepoint region: GenCollectForAllocation
[40.478s][info][gc       ] GC(934) Pause Young (Allocation Failure) 2335M->2332M(4257M) 64.513ms
[40.478s][info][safepoint] Leaving safepoint region
[40.479s][info][safepoint] Total time for which application threads were stopped: 0.0655255 seconds, Stopping threads took: 0.0001932 seconds
[40.493s][info][safepoint] Application time: 0.0142007 seconds
[40.494s][info][safepoint] Entering safepoint region: GenCollectForAllocation
[40.565s][info][gc       ] GC(935) Pause Young (Allocation Failure) 2438M->2436M(4257M) 70.999ms
[40.565s][info][safepoint] Leaving safepoint region
[40.565s][info][safepoint] Total time for which application threads were stopped: 0.0717629 seconds, Stopping threads took: 0.0002871 seconds
[40.580s][info][safepoint] Application time: 0.0146270 seconds
[40.580s][info][safepoint] Entering safepoint region: GenCollectForAllocation
[40.659s][info][gc       ] GC(936) Pause Young (Allocation Failure) 2542M->2547M(4257M) 78.983ms
[40.660s][info][safepoint] Leaving safepoint region
[40.660s][info][safepoint] Total time for which application threads were stopped: 0.0794619 seconds, Stopping threads took: 0.0001147 seconds
[40.674s][info][safepoint] Application time: 0.0144700 seconds
[40.674s][info][safepoint] Entering safepoint region: GenCollectForAllocation
[40.752s][info][gc       ] GC(937) Pause Young (Allocation Failure) 2653M->2657M(4257M) 76.982ms
[40.752s][info][safepoint] Leaving safepoint region
[40.752s][info][safepoint] Total time for which application threads were stopped: 0.0775848 seconds, Stopping threads took: 0.0001228 seconds
[40.766s][info][safepoint] Application time: 0.0142840 seconds
[40.767s][info][safepoint] Entering safepoint region: GenCollectForAllocation
[40.837s][info][gc       ] GC(938) Pause Young (Allocation Failure) 2763M->2768M(4257M) 70.737ms
[40.838s][info][safepoint] Leaving safepoint region
[40.838s][info][safepoint] Total time for which application threads were stopped: 0.0712150 seconds, Stopping threads took: 0.0000836 seconds
[40.852s][info][safepoint] Application time: 0.0141028 seconds
[40.852s][info][safepoint] Entering safepoint region: GenCollectForAllocation
[40.927s][info][gc       ] GC(939) Pause Young (Allocation Failure) 2874M->2878M(4257M) 74.236ms
[40.927s][info][safepoint] Leaving safepoint region
[40.927s][info][safepoint] Total time for which application threads were stopped: 0.0747468 seconds, Stopping threads took: 0.0001257 seconds
[40.941s][info][safepoint] Application time: 0.0142138 seconds
[40.941s][info][safepoint] Entering safepoint region: GenCollectForAllocation
[41.013s][info][gc       ] GC(940) Pause Young (Allocation Failure) 2984M->2989M(4257M) 72.008ms
[41.014s][info][safepoint] Leaving safepoint region
[41.014s][info][safepoint] Total time for which application threads were stopped: 0.0724898 seconds, Stopping threads took: 0.0001133 seconds
[41.028s][info][safepoint] Application time: 0.0140071 seconds
[41.028s][info][safepoint] Entering safepoint region: GenCollectForAllocation
[41.097s][info][gc       ] GC(941) Pause Young (Allocation Failure) 3095M->3100M(4257M) 68.690ms
[41.097s][info][safepoint] Leaving safepoint region
[41.097s][info][safepoint] Total time for which application threads were stopped: 0.0692404 seconds, Stopping threads took: 0.0001091 seconds
[41.112s][info][safepoint] Application time: 0.0142650 seconds
[41.112s][info][safepoint] Entering safepoint region: GenCollectForAllocation
[41.189s][info][gc       ] GC(942) Pause Young (Allocation Failure) 3207M->3210M(4257M) 76.714ms
[41.189s][info][safepoint] Leaving safepoint region
[41.189s][info][safepoint] Total time for which application threads were stopped: 0.0772173 seconds, Stopping threads took: 0.0000980 seconds
[41.203s][info][safepoint] Application time: 0.0135058 seconds
[41.203s][info][safepoint] Entering safepoint region: GenCollectForAllocation
[41.270s][info][gc       ] GC(943) Pause Young (Allocation Failure) 3316M->3321M(4257M) 66.658ms
[41.270s][info][safepoint] Leaving safepoint region
[41.270s][info][safepoint] Total time for which application threads were stopped: 0.0671488 seconds, Stopping threads took: 0.0000917 seconds
[41.284s][info][safepoint] Application time: 0.0144966 seconds
[41.285s][info][safepoint] Entering safepoint region: GenCollectForAllocation
[41.355s][info][gc       ] GC(944) Pause Young (Allocation Failure) 3427M->3432M(4257M) 70.695ms
[41.356s][info][safepoint] Leaving safepoint region
[41.356s][info][safepoint] Total time for which application threads were stopped: 0.0711873 seconds, Stopping threads took: 0.0001208 seconds
[41.371s][info][safepoint] Application time: 0.0152237 seconds
[41.371s][info][safepoint] Entering safepoint region: GenCollectForAllocation
[41.442s][info][gc       ] GC(945) Pause Young (Allocation Failure) 3538M->3543M(4257M) 70.267ms
[41.442s][info][safepoint] Leaving safepoint region
[41.442s][info][safepoint] Total time for which application threads were stopped: 0.0707819 seconds, Stopping threads took: 0.0001332 seconds
[41.456s][info][safepoint] Application time: 0.0140831 seconds
[41.456s][info][safepoint] Entering safepoint region: GenCollectForAllocation
[41.524s][info][gc       ] GC(946) Pause Young (Allocation Failure) 3649M->3654M(4257M) 67.930ms
[41.525s][info][safepoint] Leaving safepoint region
[41.525s][info][safepoint] Total time for which application threads were stopped: 0.0685233 seconds, Stopping threads took: 0.0000896 seconds
[41.534s][info][safepoint] Application time: 0.0093800 seconds
[41.535s][info][safepoint] Entering safepoint region: GenCollectForAllocation
[41.579s][info][gc       ] GC(947) Pause Young (Allocation Failure) 3722M->3725M(4257M) 44.566ms
[41.579s][info][safepoint] Leaving safepoint region
[41.580s][info][safepoint] Total time for which application threads were stopped: 0.0449973 seconds, Stopping threads took: 0.0001012 seconds
[41.594s][info][safepoint] Application time: 0.0145985 seconds
[41.594s][info][safepoint] Entering safepoint region: GenCollectForAllocation
[41.696s][info][gc       ] GC(948) Pause Young (Allocation Failure) 3831M->3834M(4257M) 101.291ms
[41.696s][info][safepoint] Leaving safepoint region
[41.696s][info][safepoint] Total time for which application threads were stopped: 0.1018184 seconds, Stopping threads took: 0.0001016 seconds
[41.740s][info][safepoint] Application time: 0.0441355 seconds
[41.741s][info][safepoint] Entering safepoint region: GenCollectForAllocation
[41.837s][info][gc       ] GC(949) Pause Young (Allocation Failure) 3940M->3955M(4257M) 96.295ms
[41.837s][info][safepoint] Leaving safepoint region
[41.838s][info][safepoint] Total time for which application threads were stopped: 0.0968754 seconds, Stopping threads took: 0.0001454 seconds
[41.903s][info][safepoint] Application time: 0.0654267 seconds
[41.903s][info][safepoint] Entering safepoint region: GenCollectForAllocation
[42.088s][info][gc       ] GC(950) Pause Young (Allocation Failure) 4061M->4115M(4257M) 184.348ms
[42.088s][info][safepoint] Leaving safepoint region
[42.088s][info][safepoint] Total time for which application threads were stopped: 0.1848365 seconds, Stopping threads took: 0.0000947 seconds
[42.135s][info][safepoint] Application time: 0.0468653 seconds
[42.135s][info][safepoint] Entering safepoint region: GenCollectForAllocation
[42.161s][info][gc       ] GC(951) Pause Young (Allocation Failure) 4221M->4137M(4257M) 25.278ms
[42.161s][info][safepoint] Leaving safepoint region
[42.162s][info][safepoint] Total time for which application threads were stopped: 0.0262998 seconds, Stopping threads took: 0.0001069 seconds
[42.174s][info][gc       ] GC(933) Concurrent Mark 1773.411ms
[42.174s][info][gc       ] GC(933) Concurrent Preclean
[42.202s][info][safepoint] Application time: 0.0402611 seconds
[42.202s][info][safepoint] Entering safepoint region: GenCollectForAllocation
[42.217s][info][gc       ] GC(952) Pause Young (Allocation Failure) 4243M->4138M(4258M) 14.800ms
[42.218s][info][safepoint] Leaving safepoint region
[42.218s][info][safepoint] Total time for which application threads were stopped: 0.0158399 seconds, Stopping threads took: 0.0001983 seconds
[42.257s][info][safepoint] Application time: 0.0382389 seconds
[42.257s][info][safepoint] Entering safepoint region: GenCollectForAllocation
[42.260s][info][gc       ] GC(953) Pause Young (Allocation Failure) 4244M->4138M(4258M) 2.524ms
[42.261s][info][safepoint] Leaving safepoint region
[42.261s][info][safepoint] Total time for which application threads were stopped: 0.0037761 seconds, Stopping threads took: 0.0004651 seconds
[42.297s][info][safepoint] Application time: 0.0358871 seconds
[42.298s][info][safepoint] Entering safepoint region: GenCollectForAllocation
[42.301s][info][gc       ] GC(954) Pause Young (Allocation Failure) 4244M->4137M(4258M) 2.315ms
[42.301s][info][safepoint] Leaving safepoint region
[42.301s][info][safepoint] Total time for which application threads were stopped: 0.0036405 seconds, Stopping threads took: 0.0003666 seconds
[42.338s][info][safepoint] Application time: 0.0361961 seconds
[42.339s][info][safepoint] Entering safepoint region: GenCollectForAllocation
[42.342s][info][gc       ] GC(955) Pause Young (Allocation Failure) 4244M->4137M(4258M) 2.365ms
[42.342s][info][safepoint] Leaving safepoint region
[42.342s][info][safepoint] Total time for which application threads were stopped: 0.0038285 seconds, Stopping threads took: 0.0005038 seconds
[42.380s][info][safepoint] Application time: 0.0370836 seconds
[42.381s][info][safepoint] Entering safepoint region: GenCollectForAllocation
[42.383s][info][gc       ] GC(956) Pause Young (Allocation Failure) 4244M->4137M(4258M) 2.165ms
[42.384s][info][safepoint] Leaving safepoint region
[42.384s][info][safepoint] Total time for which application threads were stopped: 0.0035627 seconds, Stopping threads took: 0.0004968 seconds
[42.423s][info][safepoint] Application time: 0.0379764 seconds
[42.423s][info][safepoint] Entering safepoint region: GenCollectForAllocation
[42.426s][info][gc       ] GC(957) Pause Young (Allocation Failure) 4244M->4137M(4258M) 2.225ms
[42.426s][info][safepoint] Leaving safepoint region
[42.427s][info][safepoint] Total time for which application threads were stopped: 0.0035517 seconds, Stopping threads took: 0.0005327 seconds
[42.465s][info][safepoint] Application time: 0.0375359 seconds
[42.465s][info][safepoint] Entering safepoint region: GenCollectForAllocation
[42.468s][info][gc       ] GC(958) Pause Young (Allocation Failure) 4244M->4137M(4258M) 2.435ms
[42.468s][info][safepoint] Leaving safepoint region
[42.468s][info][safepoint] Total time for which application threads were stopped: 0.0035822 seconds, Stopping threads took: 0.0003470 seconds
[42.505s][info][safepoint] Application time: 0.0363305 seconds
[42.506s][info][safepoint] Entering safepoint region: GenCollectForAllocation
[42.508s][info][gc       ] GC(959) Pause Young (Allocation Failure) 4244M->4137M(4258M) 2.047ms
[42.509s][info][safepoint] Leaving safepoint region
[42.509s][info][safepoint] Total time for which application threads were stopped: 0.0032654 seconds, Stopping threads took: 0.0004392 seconds
[42.545s][info][safepoint] Application time: 0.0360589 seconds
[42.546s][info][safepoint] Entering safepoint region: GenCollectForAllocation
[42.548s][info][gc       ] GC(960) Pause Young (Allocation Failure) 4244M->4137M(4258M) 2.199ms
[42.549s][info][safepoint] Leaving safepoint region
[42.549s][info][safepoint] Total time for which application threads were stopped: 0.0035275 seconds, Stopping threads took: 0.0003863 seconds
[42.604s][info][safepoint] Application time: 0.0546793 seconds
[42.605s][info][safepoint] Entering safepoint region: GenCollectForAllocation
[42.607s][info][gc       ] GC(961) Pause Young (Allocation Failure) 4244M->4137M(4258M) 2.137ms
[42.608s][info][safepoint] Leaving safepoint region
[42.608s][info][safepoint] Total time for which application threads were stopped: 0.0031404 seconds, Stopping threads took: 0.0004012 seconds
[42.643s][info][safepoint] Application time: 0.0345631 seconds
[42.643s][info][safepoint] Entering safepoint region: GenCollectForAllocation
[42.646s][info][gc       ] GC(962) Pause Young (Allocation Failure) 4244M->4137M(4258M) 2.441ms
[42.646s][info][safepoint] Leaving safepoint region
[42.647s][info][safepoint] Total time for which application threads were stopped: 0.0034307 seconds, Stopping threads took: 0.0003955 seconds
[42.682s][info][safepoint] Application time: 0.0348497 seconds
[42.682s][info][safepoint] Entering safepoint region: GenCollectForAllocation
[42.685s][info][gc       ] GC(963) Pause Young (Allocation Failure) 4244M->4137M(4258M) 2.466ms
[42.686s][info][safepoint] Leaving safepoint region
[42.686s][info][safepoint] Total time for which application threads were stopped: 0.0038379 seconds, Stopping threads took: 0.0003822 seconds
[42.723s][info][safepoint] Application time: 0.0360705 seconds
[42.723s][info][safepoint] Entering safepoint region: GenCollectForAllocation
[42.726s][info][gc       ] GC(964) Pause Young (Allocation Failure) 4244M->4137M(4258M) 2.398ms
[42.726s][info][safepoint] Leaving safepoint region
[42.727s][info][safepoint] Total time for which application threads were stopped: 0.0039103 seconds, Stopping threads took: 0.0003975 seconds
[42.774s][info][safepoint] Application time: 0.0463259 seconds
[42.774s][info][safepoint] Entering safepoint region: GenCollectForAllocation
[42.777s][info][gc       ] GC(965) Pause Young (Allocation Failure) 4244M->4137M(4258M) 2.567ms
[42.778s][info][safepoint] Leaving safepoint region
[42.778s][info][safepoint] Total time for which application threads were stopped: 0.0040373 seconds, Stopping threads took: 0.0005676 seconds
[42.813s][info][safepoint] Application time: 0.0342325 seconds
[42.813s][info][safepoint] Entering safepoint region: GenCollectForAllocation
[42.816s][info][gc       ] GC(966) Pause Young (Allocation Failure) 4244M->4137M(4258M) 2.405ms
[42.816s][info][safepoint] Leaving safepoint region
[42.817s][info][safepoint] Total time for which application threads were stopped: 0.0037811 seconds, Stopping threads took: 0.0003288 seconds
[42.853s][info][safepoint] Application time: 0.0354605 seconds
[42.853s][info][safepoint] Entering safepoint region: GenCollectForAllocation
[42.856s][info][gc       ] GC(967) Pause Young (Allocation Failure) 4244M->4137M(4258M) 2.075ms
[42.856s][info][safepoint] Leaving safepoint region
[42.856s][info][safepoint] Total time for which application threads were stopped: 0.0029535 seconds, Stopping threads took: 0.0003883 seconds
[42.900s][info][safepoint] Application time: 0.0435490 seconds
[42.901s][info][safepoint] Entering safepoint region: GenCollectForAllocation
[42.903s][info][gc       ] GC(968) Pause Young (Allocation Failure) 4244M->4137M(4258M) 2.492ms
[42.904s][info][safepoint] Leaving safepoint region
[42.904s][info][safepoint] Total time for which application threads were stopped: 0.0037399 seconds, Stopping threads took: 0.0004427 seconds
[42.929s][info][gc       ] GC(933) Concurrent Preclean 754.582ms
[42.929s][info][gc       ] GC(933) Concurrent Abortable Preclean
[42.940s][info][safepoint] Application time: 0.0359082 seconds
[42.941s][info][safepoint] Entering safepoint region: GenCollectForAllocation
[42.943s][info][gc       ] GC(969) Pause Young (Allocation Failure) 4244M->4137M(4258M) 2.275ms
[42.944s][info][safepoint] Leaving safepoint region
[42.944s][info][safepoint] Total time for which application threads were stopped: 0.0032395 seconds, Stopping threads took: 0.0002191 seconds
[42.944s][info][gc       ] GC(933) Concurrent Abortable Preclean 15.076ms
[42.944s][info][safepoint] Application time: 0.0002241 seconds
[42.945s][info][safepoint] Entering safepoint region: CMS_Final_Remark
[42.946s][info][gc       ] GC(933) Pause Remark 4140M->4140M(4258M) 1.291ms
[42.947s][info][safepoint] Leaving safepoint region
[42.947s][info][safepoint] Total time for which application threads were stopped: 0.0020820 seconds, Stopping threads took: 0.0001901 seconds
[42.947s][info][gc       ] GC(933) Concurrent Sweep
[42.982s][info][safepoint] Application time: 0.0351379 seconds
[42.983s][info][safepoint] Entering safepoint region: GenCollectForAllocation
[42.985s][info][gc       ] GC(970) Pause Young (Allocation Failure) 4244M->4137M(4258M) 2.434ms
[42.986s][info][safepoint] Leaving safepoint region
[42.986s][info][safepoint] Total time for which application threads were stopped: 0.0037337 seconds, Stopping threads took: 0.0003779 seconds
[43.022s][info][safepoint] Application time: 0.0352576 seconds
[43.022s][info][safepoint] Entering safepoint region: GenCollectForAllocation
[43.025s][info][gc       ] GC(971) Pause Young (Allocation Failure) 4244M->4137M(4258M) 2.311ms
[43.026s][info][safepoint] Leaving safepoint region
[43.026s][info][safepoint] Total time for which application threads were stopped: 0.0034137 seconds, Stopping threads took: 0.0003809 seconds
[43.062s][info][safepoint] Application time: 0.0357932 seconds
[43.062s][info][safepoint] Entering safepoint region: GenCollectForAllocation
[43.064s][info][gc       ] GC(972) Pause Young (Allocation Failure) 4244M->4137M(4258M) 1.959ms
[43.065s][info][safepoint] Leaving safepoint region
[43.065s][info][safepoint] Total time for which application threads were stopped: 0.0027100 seconds, Stopping threads took: 0.0002305 seconds
[43.101s][info][safepoint] Application time: 0.0356846 seconds
[43.101s][info][safepoint] Entering safepoint region: GenCollectForAllocation
[43.104s][info][gc       ] GC(973) Pause Young (Allocation Failure) 4176M->4070M(4258M) 2.406ms
[43.104s][info][safepoint] Leaving safepoint region
[43.105s][info][safepoint] Total time for which application threads were stopped: 0.0034583 seconds, Stopping threads took: 0.0004128 seconds
[43.141s][info][safepoint] Application time: 0.0361593 seconds
[43.142s][info][safepoint] Entering safepoint region: GenCollectForAllocation
[43.144s][info][gc       ] GC(974) Pause Young (Allocation Failure) 4128M->4022M(4258M) 2.331ms
[43.145s][info][safepoint] Leaving safepoint region
[43.145s][info][safepoint] Total time for which application threads were stopped: 0.0033549 seconds, Stopping threads took: 0.0003106 seconds
[43.181s][info][safepoint] Application time: 0.0361587 seconds
[43.182s][info][safepoint] Entering safepoint region: GenCollectForAllocation
[43.184s][info][gc       ] GC(975) Pause Young (Allocation Failure) 4014M->3908M(4258M) 2.184ms
[43.184s][info][safepoint] Leaving safepoint region
[43.185s][info][safepoint] Total time for which application threads were stopped: 0.0030290 seconds, Stopping threads took: 0.0001952 seconds
[43.221s][info][safepoint] Application time: 0.0357836 seconds
[43.221s][info][safepoint] Entering safepoint region: GenCollectForAllocation
[43.224s][info][gc       ] GC(976) Pause Young (Allocation Failure) 3897M->3791M(4258M) 2.198ms
[43.224s][info][safepoint] Leaving safepoint region
[43.224s][info][safepoint] Total time for which application threads were stopped: 0.0029260 seconds, Stopping threads took: 0.0002421 seconds
[43.260s][info][safepoint] Application time: 0.0360617 seconds
[43.261s][info][safepoint] Entering safepoint region: GenCollectForAllocation
[43.263s][info][gc       ] GC(977) Pause Young (Allocation Failure) 3790M->3684M(4258M) 2.229ms
[43.263s][info][safepoint] Leaving safepoint region
[43.264s][info][safepoint] Total time for which application threads were stopped: 0.0029852 seconds, Stopping threads took: 0.0002472 seconds
[43.299s][info][safepoint] Application time: 0.0356237 seconds
[43.300s][info][safepoint] Entering safepoint region: GenCollectForAllocation
[43.302s][info][gc       ] GC(978) Pause Young (Allocation Failure) 3689M->3583M(4258M) 2.153ms
[43.302s][info][safepoint] Leaving safepoint region
[43.303s][info][safepoint] Total time for which application threads were stopped: 0.0029445 seconds, Stopping threads took: 0.0002218 seconds
[43.339s][info][safepoint] Application time: 0.0356838 seconds
[43.339s][info][safepoint] Entering safepoint region: GenCollectForAllocation
[43.341s][info][gc       ] GC(979) Pause Young (Allocation Failure) 3608M->3502M(4258M) 2.055ms
[43.341s][info][safepoint] Leaving safepoint region
[43.342s][info][safepoint] Total time for which application threads were stopped: 0.0028932 seconds, Stopping threads took: 0.0002024 seconds
[43.377s][info][safepoint] Application time: 0.0353600 seconds
[43.378s][info][safepoint] Entering safepoint region: GenCollectForAllocation
[43.380s][info][gc       ] GC(980) Pause Young (Allocation Failure) 3547M->3440M(4258M) 1.954ms
[43.380s][info][safepoint] Leaving safepoint region
[43.380s][info][safepoint] Total time for which application threads were stopped: 0.0027628 seconds, Stopping threads took: 0.0002830 seconds
[43.416s][info][safepoint] Application time: 0.0356508 seconds
[43.417s][info][safepoint] Entering safepoint region: GenCollectForAllocation
[43.419s][info][gc       ] GC(981) Pause Young (Allocation Failure) 3474M->3368M(4258M) 2.085ms
[43.419s][info][safepoint] Leaving safepoint region
[43.420s][info][safepoint] Total time for which application threads were stopped: 0.0029384 seconds, Stopping threads took: 0.0002585 seconds
[43.457s][info][safepoint] Application time: 0.0369036 seconds
[43.457s][info][safepoint] Entering safepoint region: GenCollectForAllocation
[43.460s][info][gc       ] GC(982) Pause Young (Allocation Failure) 3371M->3265M(4258M) 2.328ms
[43.460s][info][safepoint] Leaving safepoint region
[43.461s][info][safepoint] Total time for which application threads were stopped: 0.0033374 seconds, Stopping threads took: 0.0001817 seconds
[43.497s][info][safepoint] Application time: 0.0357735 seconds
[43.497s][info][safepoint] Entering safepoint region: GenCollectForAllocation
[43.499s][info][gc       ] GC(983) Pause Young (Allocation Failure) 3281M->3175M(4258M) 2.119ms
[43.500s][info][safepoint] Leaving safepoint region
[43.500s][info][safepoint] Total time for which application threads were stopped: 0.0028181 seconds, Stopping threads took: 0.0002312 seconds
[43.537s][info][safepoint] Application time: 0.0364367 seconds
[43.537s][info][safepoint] Entering safepoint region: GenCollectForAllocation
[43.539s][info][gc       ] GC(984) Pause Young (Allocation Failure) 3141M->3035M(4258M) 2.249ms
[43.540s][info][safepoint] Leaving safepoint region
[43.540s][info][safepoint] Total time for which application threads were stopped: 0.0030305 seconds, Stopping threads took: 0.0002591 seconds
[43.577s][info][safepoint] Application time: 0.0370835 seconds
[43.577s][info][safepoint] Entering safepoint region: GenCollectForAllocation
[43.580s][info][gc       ] GC(985) Pause Young (Allocation Failure) 3084M->2977M(4258M) 2.121ms
[43.580s][info][safepoint] Leaving safepoint region
[43.580s][info][safepoint] Total time for which application threads were stopped: 0.0029324 seconds, Stopping threads took: 0.0002133 seconds
[43.617s][info][safepoint] Application time: 0.0362649 seconds
[43.617s][info][safepoint] Entering safepoint region: GenCollectForAllocation
[43.620s][info][gc       ] GC(986) Pause Young (Allocation Failure) 3026M->2920M(4258M) 2.084ms
[43.620s][info][safepoint] Leaving safepoint region
[43.621s][info][safepoint] Total time for which application threads were stopped: 0.0031907 seconds, Stopping threads took: 0.0003985 seconds
[43.658s][info][safepoint] Application time: 0.0370495 seconds
[43.658s][info][safepoint] Entering safepoint region: GenCollectForAllocation
[43.661s][info][gc       ] GC(987) Pause Young (Allocation Failure) 2964M->2858M(4258M) 2.276ms
[43.661s][info][safepoint] Leaving safepoint region
[43.662s][info][safepoint] Total time for which application threads were stopped: 0.0035274 seconds, Stopping threads took: 0.0003712 seconds
[43.698s][info][safepoint] Application time: 0.0355626 seconds
[43.698s][info][safepoint] Entering safepoint region: GenCollectForAllocation
[43.700s][info][gc       ] GC(988) Pause Young (Allocation Failure) 2964M->2858M(4258M) 1.834ms
[43.701s][info][safepoint] Leaving safepoint region
[43.701s][info][safepoint] Total time for which application threads were stopped: 0.0029993 seconds, Stopping threads took: 0.0003434 seconds
[43.737s][info][safepoint] Application time: 0.0357891 seconds
[43.738s][info][safepoint] Entering safepoint region: GenCollectForAllocation
[43.740s][info][gc       ] GC(989) Pause Young (Allocation Failure) 2964M->2858M(4258M) 1.881ms
[43.740s][info][safepoint] Leaving safepoint region
[43.741s][info][safepoint] Total time for which application threads were stopped: 0.0028757 seconds, Stopping threads took: 0.0004106 seconds
[43.777s][info][safepoint] Application time: 0.0357924 seconds
[43.777s][info][safepoint] Entering safepoint region: GenCollectForAllocation
[43.779s][info][gc       ] GC(990) Pause Young (Allocation Failure) 2964M->2858M(4258M) 2.059ms
[43.780s][info][safepoint] Leaving safepoint region
[43.780s][info][safepoint] Total time for which application threads were stopped: 0.0032889 seconds, Stopping threads took: 0.0003526 seconds
[43.816s][info][safepoint] Application time: 0.0358541 seconds
[43.817s][info][safepoint] Entering safepoint region: GenCollectForAllocation
[43.819s][info][gc       ] GC(991) Pause Young (Allocation Failure) 2964M->2858M(4258M) 2.119ms
[43.820s][info][safepoint] Leaving safepoint region
[43.820s][info][safepoint] Total time for which application threads were stopped: 0.0032181 seconds, Stopping threads took: 0.0002878 seconds
[43.856s][info][safepoint] Application time: 0.0355202 seconds
[43.856s][info][safepoint] Entering safepoint region: GenCollectForAllocation
[43.859s][info][gc       ] GC(992) Pause Young (Allocation Failure) 2964M->2858M(4258M) 1.877ms
[43.859s][info][safepoint] Leaving safepoint region
[43.859s][info][safepoint] Total time for which application threads were stopped: 0.0027992 seconds, Stopping threads took: 0.0003661 seconds
[43.895s][info][safepoint] Application time: 0.0359742 seconds
[43.896s][info][safepoint] Entering safepoint region: GenCollectForAllocation
[43.898s][info][gc       ] GC(993) Pause Young (Allocation Failure) 2955M->2849M(4258M) 1.984ms
[43.898s][info][safepoint] Leaving safepoint region
[43.899s][info][safepoint] Total time for which application threads were stopped: 0.0029179 seconds, Stopping threads took: 0.0002515 seconds
[43.935s][info][safepoint] Application time: 0.0359464 seconds
[43.935s][info][safepoint] Entering safepoint region: GenCollectForAllocation
[43.938s][info][gc       ] GC(994) Pause Young (Allocation Failure) 2839M->2732M(4258M) 1.971ms
[43.938s][info][safepoint] Leaving safepoint region
[43.938s][info][safepoint] Total time for which application threads were stopped: 0.0027912 seconds, Stopping threads took: 0.0003808 seconds
[43.975s][info][safepoint] Application time: 0.0367716 seconds
[43.975s][info][safepoint] Entering safepoint region: GenCollectForAllocation
[43.977s][info][gc       ] GC(995) Pause Young (Allocation Failure) 2769M->2663M(4258M) 1.991ms
[43.978s][info][safepoint] Leaving safepoint region
[43.978s][info][safepoint] Total time for which application threads were stopped: 0.0026559 seconds, Stopping threads took: 0.0001866 seconds
[44.014s][info][safepoint] Application time: 0.0357483 seconds
[44.014s][info][safepoint] Entering safepoint region: GenCollectForAllocation
[44.016s][info][gc       ] GC(996) Pause Young (Allocation Failure) 2699M->2593M(4258M) 1.978ms
[44.017s][info][safepoint] Leaving safepoint region
[44.017s][info][safepoint] Total time for which application threads were stopped: 0.0028923 seconds, Stopping threads took: 0.0003049 seconds
[44.052s][info][safepoint] Application time: 0.0352185 seconds
[44.053s][info][safepoint] Entering safepoint region: GenCollectForAllocation
[44.055s][info][gc       ] GC(997) Pause Young (Allocation Failure) 2563M->2457M(4258M) 2.095ms
[44.055s][info][safepoint] Leaving safepoint region
[44.056s][info][safepoint] Total time for which application threads were stopped: 0.0029705 seconds, Stopping threads took: 0.0002289 seconds
[44.091s][info][safepoint] Application time: 0.0354871 seconds
[44.092s][info][safepoint] Entering safepoint region: GenCollectForAllocation
[44.094s][info][gc       ] GC(998) Pause Young (Allocation Failure) 2495M->2389M(4258M) 1.770ms
[44.094s][info][safepoint] Leaving safepoint region
[44.094s][info][safepoint] Total time for which application threads were stopped: 0.0024985 seconds, Stopping threads took: 0.0002979 seconds
[44.130s][info][safepoint] Application time: 0.0357115 seconds
[44.130s][info][safepoint] Entering safepoint region: GenCollectForAllocation
[44.133s][info][gc       ] GC(999) Pause Young (Allocation Failure) 2436M->2330M(4258M) 1.797ms
[44.133s][info][safepoint] Leaving safepoint region
[44.133s][info][safepoint] Total time for which application threads were stopped: 0.0026537 seconds, Stopping threads took: 0.0002358 seconds
[44.169s][info][safepoint] Application time: 0.0354877 seconds
[44.169s][info][safepoint] Entering safepoint region: GenCollectForAllocation
[44.171s][info][gc       ] GC(1000) Pause Young (Allocation Failure) 2378M->2272M(4258M) 1.765ms
[44.172s][info][safepoint] Leaving safepoint region
[44.172s][info][safepoint] Total time for which application threads were stopped: 0.0026157 seconds, Stopping threads took: 0.0002439 seconds
[44.206s][info][safepoint] Application time: 0.0344165 seconds
[44.207s][info][safepoint] Entering safepoint region: GenCollectForAllocation
[44.209s][info][gc       ] GC(1001) Pause Young (Allocation Failure) 2344M->2238M(4258M) 2.391ms
[44.210s][info][safepoint] Leaving safepoint region
[44.210s][info][safepoint] Total time for which application threads were stopped: 0.0031046 seconds, Stopping threads took: 0.0002301 seconds
[44.255s][info][safepoint] Application time: 0.0454179 seconds
[44.256s][info][safepoint] Entering safepoint region: GenCollectForAllocation
[44.258s][info][gc       ] GC(1002) Pause Young (Allocation Failure) 2298M->2192M(4258M) 2.201ms
[44.259s][info][safepoint] Leaving safepoint region
[44.259s][info][safepoint] Total time for which application threads were stopped: 0.0032689 seconds, Stopping threads took: 0.0002710 seconds
[44.295s][info][safepoint] Application time: 0.0356836 seconds
[44.295s][info][safepoint] Entering safepoint region: GenCollectForAllocation
[44.298s][info][gc       ] GC(1003) Pause Young (Allocation Failure) 2246M->2140M(4258M) 2.231ms
[44.298s][info][safepoint] Leaving safepoint region
[44.298s][info][safepoint] Total time for which application threads were stopped: 0.0030850 seconds, Stopping threads took: 0.0003634 seconds
[44.334s][info][safepoint] Application time: 0.0351901 seconds
[44.334s][info][safepoint] Entering safepoint region: GenCollectForAllocation
[44.337s][info][gc       ] GC(1004) Pause Young (Allocation Failure) 2214M->2108M(4258M) 2.223ms
[44.337s][info][safepoint] Leaving safepoint region
[44.337s][info][safepoint] Total time for which application threads were stopped: 0.0029036 seconds, Stopping threads took: 0.0002584 seconds
[44.344s][info][gc       ] GC(933) Concurrent Sweep 1397.278ms
[44.345s][info][gc       ] GC(933) Concurrent Reset
[44.348s][info][gc       ] GC(933) Concurrent Reset 3.125ms
[44.373s][info][safepoint] Application time: 0.0357727 seconds
[44.373s][info][safepoint] Entering safepoint region: GenCollectForAllocation
[44.375s][info][gc       ] GC(1005) Pause Young (Allocation Failure) 2209M->2103M(4258M) 1.833ms
[44.376s][info][safepoint] Leaving safepoint region
[44.376s][info][safepoint] Total time for which application threads were stopped: 0.0025043 seconds, Stopping threads took: 0.0002580 seconds
[44.411s][info][safepoint] Application time: 0.0354378 seconds
[44.412s][info][safepoint] Entering safepoint region: GenCollectForAllocation
[44.414s][info][gc       ] GC(1006) Pause Young (Allocation Failure) 2209M->2103M(4258M) 2.014ms
[44.414s][info][safepoint] Leaving safepoint region
[44.415s][info][safepoint] Total time for which application threads were stopped: 0.0028778 seconds, Stopping threads took: 0.0002742 seconds
[44.450s][info][safepoint] Application time: 0.0354040 seconds
[44.451s][info][safepoint] Entering safepoint region: GenCollectForAllocation
[44.453s][info][gc       ] GC(1007) Pause Young (Allocation Failure) 2209M->2103M(4258M) 1.902ms
[44.453s][info][safepoint] Leaving safepoint region
[44.453s][info][safepoint] Total time for which application threads were stopped: 0.0027691 seconds, Stopping threads took: 0.0002977 seconds
[44.489s][info][safepoint] Application time: 0.0353423 seconds
[44.489s][info][safepoint] Entering safepoint region: GenCollectForAllocation
[44.492s][info][gc       ] GC(1008) Pause Young (Allocation Failure) 2209M->2103M(4258M) 2.231ms
[44.492s][info][safepoint] Leaving safepoint region
[44.492s][info][safepoint] Total time for which application threads were stopped: 0.0030569 seconds, Stopping threads took: 0.0002261 seconds
[44.527s][info][safepoint] Application time: 0.0345817 seconds
[44.527s][info][safepoint] Entering safepoint region: GenCollectForAllocation
[44.529s][info][gc       ] GC(1009) Pause Young (Allocation Failure) 2209M->2103M(4258M) 1.798ms
[44.529s][info][safepoint] Leaving safepoint region
[44.530s][info][safepoint] Total time for which application threads were stopped: 0.0024193 seconds, Stopping threads took: 0.0002021 seconds
[44.565s][info][safepoint] Application time: 0.0347168 seconds
[44.565s][info][safepoint] Entering safepoint region: GenCollectForAllocation
[44.567s][info][gc       ] GC(1010) Pause Young (Allocation Failure) 2209M->2103M(4258M) 1.840ms
[44.567s][info][safepoint] Leaving safepoint region
[44.567s][info][safepoint] Total time for which application threads were stopped: 0.0026347 seconds, Stopping threads took: 0.0002150 seconds
[44.602s][info][safepoint] Application time: 0.0346508 seconds
[44.603s][info][safepoint] Entering safepoint region: GenCollectForAllocation
[44.605s][info][gc       ] GC(1011) Pause Young (Allocation Failure) 2209M->2103M(4258M) 1.666ms
[44.605s][info][safepoint] Leaving safepoint region
[44.605s][info][safepoint] Total time for which application threads were stopped: 0.0026661 seconds, Stopping threads took: 0.0003314 seconds
[44.641s][info][safepoint] Application time: 0.0350271 seconds
[44.641s][info][safepoint] Entering safepoint region: GenCollectForAllocation
[44.643s][info][gc       ] GC(1012) Pause Young (Allocation Failure) 2209M->2103M(4258M) 2.260ms
[44.644s][info][safepoint] Leaving safepoint region
[44.644s][info][safepoint] Total time for which application threads were stopped: 0.0031640 seconds, Stopping threads took: 0.0001965 seconds
[44.679s][info][safepoint] Application time: 0.0349399 seconds
[44.680s][info][safepoint] Entering safepoint region: GenCollectForAllocation
[44.682s][info][gc       ] GC(1013) Pause Young (Allocation Failure) 2209M->2103M(4258M) 2.061ms
[44.682s][info][safepoint] Leaving safepoint region
[44.682s][info][safepoint] Total time for which application threads were stopped: 0.0028025 seconds, Stopping threads took: 0.0002259 seconds
[44.717s][info][safepoint] Application time: 0.0348341 seconds
[44.718s][info][safepoint] Entering safepoint region: GenCollectForAllocation
[44.720s][info][gc       ] GC(1014) Pause Young (Allocation Failure) 2209M->2103M(4258M) 1.871ms
[44.720s][info][safepoint] Leaving safepoint region
[44.720s][info][safepoint] Total time for which application threads were stopped: 0.0027006 seconds, Stopping threads took: 0.0001909 seconds
[44.755s][info][safepoint] Application time: 0.0348130 seconds
[44.756s][info][safepoint] Entering safepoint region: GenCollectForAllocation
[44.758s][info][gc       ] GC(1015) Pause Young (Allocation Failure) 2209M->2103M(4258M) 1.746ms
[44.758s][info][safepoint] Leaving safepoint region
[44.758s][info][safepoint] Total time for which application threads were stopped: 0.0025778 seconds, Stopping threads took: 0.0002330 seconds
[44.794s][info][safepoint] Application time: 0.0351786 seconds
[44.794s][info][safepoint] Entering safepoint region: GenCollectForAllocation
[44.797s][info][gc       ] GC(1016) Pause Young (Allocation Failure) 2209M->2103M(4258M) 2.080ms
[44.797s][info][safepoint] Leaving safepoint region
[44.797s][info][safepoint] Total time for which application threads were stopped: 0.0027527 seconds, Stopping threads took: 0.0002331 seconds
[44.832s][info][safepoint] Application time: 0.0348330 seconds
[44.832s][info][safepoint] Entering safepoint region: GenCollectForAllocation
[44.835s][info][gc       ] GC(1017) Pause Young (Allocation Failure) 2209M->2103M(4258M) 2.151ms
[44.835s][info][safepoint] Leaving safepoint region
[44.835s][info][safepoint] Total time for which application threads were stopped: 0.0030107 seconds, Stopping threads took: 0.0002733 seconds
[44.870s][info][safepoint] Application time: 0.0345088 seconds
[44.870s][info][safepoint] Entering safepoint region: GenCollectForAllocation
[44.872s][info][gc       ] GC(1018) Pause Young (Allocation Failure) 2209M->2103M(4258M) 1.815ms
[44.873s][info][safepoint] Leaving safepoint region
[44.873s][info][safepoint] Total time for which application threads were stopped: 0.0025819 seconds, Stopping threads took: 0.0002004 seconds
[44.908s][info][safepoint] Application time: 0.0346894 seconds
[44.908s][info][safepoint] Entering safepoint region: GenCollectForAllocation
[44.911s][info][gc       ] GC(1019) Pause Young (Allocation Failure) 2209M->2103M(4258M) 1.872ms
[44.911s][info][safepoint] Leaving safepoint region
[44.911s][info][safepoint] Total time for which application threads were stopped: 0.0026749 seconds, Stopping threads took: 0.0003252 seconds
[44.946s][info][safepoint] Application time: 0.0347139 seconds
[44.946s][info][safepoint] Entering safepoint region: GenCollectForAllocation
[44.948s][info][gc       ] GC(1020) Pause Young (Allocation Failure) 2209M->2103M(4258M) 1.747ms
[44.949s][info][safepoint] Leaving safepoint region
[44.949s][info][safepoint] Total time for which application threads were stopped: 0.0024434 seconds, Stopping threads took: 0.0002185 seconds
[44.984s][info][safepoint] Application time: 0.0351120 seconds
[44.984s][info][safepoint] Entering safepoint region: GenCollectForAllocation
[44.987s][info][gc       ] GC(1021) Pause Young (Allocation Failure) 2209M->2103M(4258M) 1.776ms
[44.987s][info][safepoint] Leaving safepoint region
[44.987s][info][safepoint] Total time for which application threads were stopped: 0.0026433 seconds, Stopping threads took: 0.0002563 seconds
[45.022s][info][safepoint] Application time: 0.0345526 seconds
[45.022s][info][safepoint] Entering safepoint region: GenCollectForAllocation
[45.024s][info][gc       ] GC(1022) Pause Young (Allocation Failure) 2209M->2103M(4258M) 1.724ms
[45.025s][info][safepoint] Leaving safepoint region
[45.025s][info][safepoint] Total time for which application threads were stopped: 0.0025730 seconds, Stopping threads took: 0.0002093 seconds
[45.060s][info][safepoint] Application time: 0.0346071 seconds
[45.060s][info][safepoint] Entering safepoint region: GenCollectForAllocation
[45.062s][info][gc       ] GC(1023) Pause Young (Allocation Failure) 2209M->2103M(4258M) 1.741ms
[45.063s][info][safepoint] Leaving safepoint region
[45.063s][info][safepoint] Total time for which application threads were stopped: 0.0026290 seconds, Stopping threads took: 0.0003121 seconds
[45.098s][info][safepoint] Application time: 0.0346319 seconds
[45.098s][info][safepoint] Entering safepoint region: GenCollectForAllocation
[45.100s][info][gc       ] GC(1024) Pause Young (Allocation Failure) 2209M->2103M(4258M) 1.699ms
[45.100s][info][safepoint] Leaving safepoint region
[45.101s][info][safepoint] Total time for which application threads were stopped: 0.0026177 seconds, Stopping threads took: 0.0002495 seconds
[45.136s][info][safepoint] Application time: 0.0353680 seconds
[45.137s][info][safepoint] Entering safepoint region: GenCollectForAllocation
[45.139s][info][gc       ] GC(1025) Pause Young (Allocation Failure) 2209M->2103M(4258M) 1.760ms
[45.139s][info][safepoint] Leaving safepoint region
[45.139s][info][safepoint] Total time for which application threads were stopped: 0.0025184 seconds, Stopping threads took: 0.0003166 seconds
[45.174s][info][safepoint] Application time: 0.0346765 seconds
[45.174s][info][safepoint] Entering safepoint region: GenCollectForAllocation
[45.177s][info][gc       ] GC(1026) Pause Young (Allocation Failure) 2209M->2103M(4258M) 2.140ms
[45.177s][info][safepoint] Leaving safepoint region
[45.178s][info][safepoint] Total time for which application threads were stopped: 0.0032184 seconds, Stopping threads took: 0.0002790 seconds
[45.213s][info][safepoint] Application time: 0.0349690 seconds
[45.213s][info][safepoint] Entering safepoint region: GenCollectForAllocation
[45.215s][info][gc       ] GC(1027) Pause Young (Allocation Failure) 2209M->2103M(4258M) 1.694ms
[45.216s][info][safepoint] Leaving safepoint region
[45.216s][info][safepoint] Total time for which application threads were stopped: 0.0026059 seconds, Stopping threads took: 0.0002785 seconds
[45.250s][info][safepoint] Application time: 0.0341997 seconds
[45.251s][info][safepoint] Entering safepoint region: GenCollectForAllocation
[45.253s][info][gc       ] GC(1028) Pause Young (Allocation Failure) 2209M->2103M(4258M) 1.970ms
[45.253s][info][safepoint] Leaving safepoint region
[45.254s][info][safepoint] Total time for which application threads were stopped: 0.0030246 seconds, Stopping threads took: 0.0003352 seconds
[45.288s][info][safepoint] Application time: 0.0340998 seconds
[45.288s][info][safepoint] Entering safepoint region: GenCollectForAllocation
[45.291s][info][gc       ] GC(1029) Pause Young (Allocation Failure) 2209M->2103M(4258M) 2.079ms
[45.291s][info][safepoint] Leaving safepoint region
[45.292s][info][safepoint] Total time for which application threads were stopped: 0.0035416 seconds, Stopping threads took: 0.0003342 seconds
[45.326s][info][safepoint] Application time: 0.0339112 seconds
[45.327s][info][safepoint] Entering safepoint region: GenCollectForAllocation
[45.329s][info][gc       ] GC(1030) Pause Young (Allocation Failure) 2209M->2103M(4258M) 1.764ms
[45.329s][info][safepoint] Leaving safepoint region
[45.329s][info][safepoint] Total time for which application threads were stopped: 0.0028050 seconds, Stopping threads took: 0.0003030 seconds
[45.364s][info][safepoint] Application time: 0.0345672 seconds
[45.365s][info][safepoint] Entering safepoint region: GenCollectForAllocation
[45.367s][info][gc       ] GC(1031) Pause Young (Allocation Failure) 2209M->2103M(4258M) 2.057ms
[45.367s][info][safepoint] Leaving safepoint region
[45.368s][info][safepoint] Total time for which application threads were stopped: 0.0031768 seconds, Stopping threads took: 0.0003137 seconds
[45.403s][info][safepoint] Application time: 0.0344485 seconds
[45.403s][info][safepoint] Entering safepoint region: GenCollectForAllocation
[45.405s][info][gc       ] GC(1032) Pause Young (Allocation Failure) 2209M->2103M(4258M) 1.822ms
[45.405s][info][safepoint] Leaving safepoint region
[45.406s][info][safepoint] Total time for which application threads were stopped: 0.0028400 seconds, Stopping threads took: 0.0003194 seconds
[45.441s][info][safepoint] Application time: 0.0347422 seconds
[45.441s][info][safepoint] Entering safepoint region: GenCollectForAllocation
[45.444s][info][gc       ] GC(1033) Pause Young (Allocation Failure) 2209M->2103M(4258M) 2.202ms
[45.444s][info][safepoint] Leaving safepoint region
[45.444s][info][safepoint] Total time for which application threads were stopped: 0.0031674 seconds, Stopping threads took: 0.0004084 seconds
[45.479s][info][safepoint] Application time: 0.0347716 seconds
[45.480s][info][safepoint] Entering safepoint region: GenCollectForAllocation
[45.482s][info][gc       ] GC(1034) Pause Young (Allocation Failure) 2209M->2103M(4258M) 2.090ms
[45.483s][info][safepoint] Leaving safepoint region
[45.483s][info][safepoint] Total time for which application threads were stopped: 0.0030755 seconds, Stopping threads took: 0.0003817 seconds
[45.518s][info][safepoint] Application time: 0.0346007 seconds
[45.518s][info][safepoint] Entering safepoint region: GenCollectForAllocation
[45.520s][info][gc       ] GC(1035) Pause Young (Allocation Failure) 2209M->2103M(4258M) 1.797ms
[45.521s][info][safepoint] Leaving safepoint region
[45.521s][info][safepoint] Total time for which application threads were stopped: 0.0029820 seconds, Stopping threads took: 0.0003542 seconds
[45.556s][info][safepoint] Application time: 0.0345483 seconds
[45.556s][info][safepoint] Entering safepoint region: GenCollectForAllocation
[45.559s][info][gc       ] GC(1036) Pause Young (Allocation Failure) 2209M->2103M(4258M) 2.238ms
[45.559s][info][safepoint] Leaving safepoint region
[45.560s][info][safepoint] Total time for which application threads were stopped: 0.0034815 seconds, Stopping threads took: 0.0003752 seconds
[45.595s][info][safepoint] Application time: 0.0345305 seconds
[45.595s][info][safepoint] Entering safepoint region: GenCollectForAllocation
[45.597s][info][gc       ] GC(1037) Pause Young (Allocation Failure) 2209M->2103M(4258M) 1.760ms
[45.597s][info][safepoint] Leaving safepoint region
[45.598s][info][safepoint] Total time for which application threads were stopped: 0.0026058 seconds, Stopping threads took: 0.0002483 seconds
[45.632s][info][safepoint] Application time: 0.0345455 seconds
[45.633s][info][safepoint] Entering safepoint region: GenCollectForAllocation
[45.635s][info][gc       ] GC(1038) Pause Young (Allocation Failure) 2209M->2103M(4258M) 1.736ms
[45.635s][info][safepoint] Leaving safepoint region
[45.635s][info][safepoint] Total time for which application threads were stopped: 0.0025619 seconds, Stopping threads took: 0.0002318 seconds
[45.669s][info][safepoint] Application time: 0.0338027 seconds
[45.670s][info][safepoint] Entering safepoint region: GenCollectForAllocation
[45.672s][info][gc       ] GC(1039) Pause Young (Allocation Failure) 2209M->2103M(4258M) 2.133ms
[45.673s][info][safepoint] Leaving safepoint region
[45.673s][info][safepoint] Total time for which application threads were stopped: 0.0033465 seconds, Stopping threads took: 0.0004370 seconds
[45.707s][info][safepoint] Application time: 0.0336557 seconds
[45.708s][info][safepoint] Entering safepoint region: GenCollectForAllocation
[45.710s][info][gc       ] GC(1040) Pause Young (Allocation Failure) 2209M->2103M(4258M) 1.757ms
[45.710s][info][safepoint] Leaving safepoint region
[45.710s][info][safepoint] Total time for which application threads were stopped: 0.0029248 seconds, Stopping threads took: 0.0003678 seconds
[45.746s][info][safepoint] Application time: 0.0350535 seconds
[45.746s][info][safepoint] Entering safepoint region: GenCollectForAllocation
[45.748s][info][gc       ] GC(1041) Pause Young (Allocation Failure) 2209M->2103M(4258M) 1.795ms
[45.749s][info][safepoint] Leaving safepoint region
[45.749s][info][safepoint] Total time for which application threads were stopped: 0.0028738 seconds, Stopping threads took: 0.0002802 seconds
[45.784s][info][safepoint] Application time: 0.0348227 seconds
[45.785s][info][safepoint] Entering safepoint region: GenCollectForAllocation
[45.787s][info][gc       ] GC(1042) Pause Young (Allocation Failure) 2209M->2103M(4258M) 2.063ms
[45.787s][info][safepoint] Leaving safepoint region
[45.787s][info][safepoint] Total time for which application threads were stopped: 0.0028510 seconds, Stopping threads took: 0.0001858 seconds
[45.823s][info][safepoint] Application time: 0.0348644 seconds
[45.823s][info][safepoint] Entering safepoint region: GenCollectForAllocation
[45.826s][info][gc       ] GC(1043) Pause Young (Allocation Failure) 2209M->2103M(4258M) 2.502ms
[45.826s][info][safepoint] Leaving safepoint region
[45.827s][info][safepoint] Total time for which application threads were stopped: 0.0035854 seconds, Stopping threads took: 0.0003007 seconds
[45.862s][info][safepoint] Application time: 0.0347040 seconds
[45.862s][info][safepoint] Entering safepoint region: GenCollectForAllocation
[45.864s][info][gc       ] GC(1044) Pause Young (Allocation Failure) 2209M->2103M(4258M) 1.834ms
[45.865s][info][safepoint] Leaving safepoint region
[45.865s][info][safepoint] Total time for which application threads were stopped: 0.0029662 seconds, Stopping threads took: 0.0003930 seconds
[45.899s][info][safepoint] Application time: 0.0337847 seconds
[45.899s][info][safepoint] Entering safepoint region: GenCollectForAllocation
[45.901s][info][gc       ] GC(1045) Pause Young (Allocation Failure) 2209M->2103M(4258M) 1.810ms
[45.902s][info][safepoint] Leaving safepoint region
[45.902s][info][safepoint] Total time for which application threads were stopped: 0.0026022 seconds, Stopping threads took: 0.0001811 seconds
[45.936s][info][safepoint] Application time: 0.0337190 seconds
[45.936s][info][safepoint] Entering safepoint region: GenCollectForAllocation
[45.938s][info][gc       ] GC(1046) Pause Young (Allocation Failure) 2209M->2103M(4258M) 1.879ms
[45.939s][info][safepoint] Leaving safepoint region
[45.939s][info][safepoint] Total time for which application threads were stopped: 0.0028626 seconds, Stopping threads took: 0.0002989 seconds
[45.973s][info][safepoint] Application time: 0.0336493 seconds
[45.973s][info][safepoint] Entering safepoint region: GenCollectForAllocation
[45.976s][info][gc       ] GC(1047) Pause Young (Allocation Failure) 2209M->2103M(4258M) 1.883ms
[45.976s][info][safepoint] Leaving safepoint region
[45.976s][info][safepoint] Total time for which application threads were stopped: 0.0030595 seconds, Stopping threads took: 0.0002834 seconds
[46.010s][info][safepoint] Application time: 0.0336892 seconds
[46.011s][info][safepoint] Entering safepoint region: GenCollectForAllocation
[46.013s][info][gc       ] GC(1048) Pause Young (Allocation Failure) 2209M->2103M(4258M) 1.806ms
[46.013s][info][safepoint] Leaving safepoint region
[46.014s][info][safepoint] Total time for which application threads were stopped: 0.0026941 seconds, Stopping threads took: 0.0002828 seconds
[46.048s][info][safepoint] Application time: 0.0339054 seconds
[46.048s][info][safepoint] Entering safepoint region: GenCollectForAllocation
[46.050s][info][gc       ] GC(1049) Pause Young (Allocation Failure) 2209M->2103M(4258M) 1.739ms
[46.051s][info][safepoint] Leaving safepoint region
[46.051s][info][safepoint] Total time for which application threads were stopped: 0.0029057 seconds, Stopping threads took: 0.0003200 seconds
[46.085s][info][safepoint] Application time: 0.0335999 seconds
[46.085s][info][safepoint] Entering safepoint region: GenCollectForAllocation
[46.087s][info][gc       ] GC(1050) Pause Young (Allocation Failure) 2209M->2103M(4258M) 1.701ms
[46.088s][info][safepoint] Leaving safepoint region
[46.088s][info][safepoint] Total time for which application threads were stopped: 0.0026082 seconds, Stopping threads took: 0.0003159 seconds
[46.122s][info][safepoint] Application time: 0.0339943 seconds
[46.123s][info][safepoint] Entering safepoint region: GenCollectForAllocation
[46.125s][info][gc       ] GC(1051) Pause Young (Allocation Failure) 2209M->2103M(4258M) 1.764ms
[46.125s][info][safepoint] Leaving safepoint region
[46.125s][info][safepoint] Total time for which application threads were stopped: 0.0026097 seconds, Stopping threads took: 0.0002709 seconds
[46.159s][info][safepoint] Application time: 0.0339769 seconds
[46.160s][info][safepoint] Entering safepoint region: GenCollectForAllocation
[46.162s][info][gc       ] GC(1052) Pause Young (Allocation Failure) 2209M->2103M(4258M) 2.039ms
[46.162s][info][safepoint] Leaving safepoint region
[46.163s][info][safepoint] Total time for which application threads were stopped: 0.0030027 seconds, Stopping threads took: 0.0002834 seconds
[46.197s][info][safepoint] Application time: 0.0341941 seconds
[46.197s][info][safepoint] Entering safepoint region: GenCollectForAllocation
[46.200s][info][gc       ] GC(1053) Pause Young (Allocation Failure) 2209M->2103M(4258M) 1.746ms
[46.200s][info][safepoint] Leaving safepoint region
[46.200s][info][safepoint] Total time for which application threads were stopped: 0.0029084 seconds, Stopping threads took: 0.0002780 seconds
[46.235s][info][safepoint] Application time: 0.0340641 seconds
[46.235s][info][safepoint] Entering safepoint region: GenCollectForAllocation
[46.238s][info][gc       ] GC(1054) Pause Young (Allocation Failure) 2209M->2103M(4258M) 2.099ms
[46.238s][info][safepoint] Leaving safepoint region
[46.238s][info][safepoint] Total time for which application threads were stopped: 0.0032443 seconds, Stopping threads took: 0.0002885 seconds
[46.272s][info][safepoint] Application time: 0.0330854 seconds
[46.272s][info][safepoint] Entering safepoint region: GenCollectForAllocation
[46.274s][info][gc       ] GC(1055) Pause Young (Allocation Failure) 2209M->2103M(4258M) 1.910ms
[46.275s][info][safepoint] Leaving safepoint region
[46.275s][info][safepoint] Total time for which application threads were stopped: 0.0030507 seconds, Stopping threads took: 0.0003227 seconds
[46.309s][info][safepoint] Application time: 0.0334593 seconds
[46.309s][info][safepoint] Entering safepoint region: GenCollectForAllocation
[46.312s][info][gc       ] GC(1056) Pause Young (Allocation Failure) 2209M->2103M(4258M) 2.025ms
[46.312s][info][safepoint] Leaving safepoint region
[46.313s][info][safepoint] Total time for which application threads were stopped: 0.0033288 seconds, Stopping threads took: 0.0003712 seconds
[46.347s][info][safepoint] Application time: 0.0338937 seconds
[46.348s][info][safepoint] Entering safepoint region: GenCollectForAllocation
[46.350s][info][gc       ] GC(1057) Pause Young (Allocation Failure) 2209M->2103M(4258M) 2.174ms
[46.351s][info][safepoint] Leaving safepoint region
[46.351s][info][safepoint] Total time for which application threads were stopped: 0.0036318 seconds, Stopping threads took: 0.0004396 seconds
[46.385s][info][safepoint] Application time: 0.0335537 seconds
[46.386s][info][safepoint] Entering safepoint region: GenCollectForAllocation
[46.388s][info][gc       ] GC(1058) Pause Young (Allocation Failure) 2209M->2103M(4258M) 2.222ms
[46.389s][info][safepoint] Leaving safepoint region
[46.389s][info][safepoint] Total time for which application threads were stopped: 0.0036114 seconds, Stopping threads took: 0.0004267 seconds
[46.423s][info][safepoint] Application time: 0.0333213 seconds
[46.424s][info][safepoint] Entering safepoint region: GenCollectForAllocation
[46.426s][info][gc       ] GC(1059) Pause Young (Allocation Failure) 2209M->2103M(4258M) 1.760ms
[46.426s][info][safepoint] Leaving safepoint region
[46.427s][info][safepoint] Total time for which application threads were stopped: 0.0031474 seconds, Stopping threads took: 0.0004556 seconds
[46.461s][info][safepoint] Application time: 0.0337048 seconds
[46.461s][info][safepoint] Entering safepoint region: GenCollectForAllocation
[46.463s][info][gc       ] GC(1060) Pause Young (Allocation Failure) 2209M->2103M(4258M) 1.651ms
[46.464s][info][safepoint] Leaving safepoint region
[46.464s][info][safepoint] Total time for which application threads were stopped: 0.0028177 seconds, Stopping threads took: 0.0004224 seconds
[46.498s][info][safepoint] Application time: 0.0335968 seconds
[46.499s][info][safepoint] Entering safepoint region: GenCollectForAllocation
[46.501s][info][gc       ] GC(1061) Pause Young (Allocation Failure) 2209M->2103M(4258M) 1.655ms
[46.501s][info][safepoint] Leaving safepoint region
[46.501s][info][safepoint] Total time for which application threads were stopped: 0.0029189 seconds, Stopping threads took: 0.0004038 seconds
[46.535s][info][safepoint] Application time: 0.0333695 seconds
[46.536s][info][safepoint] Entering safepoint region: GenCollectForAllocation
[46.538s][info][gc       ] GC(1062) Pause Young (Allocation Failure) 2209M->2103M(4258M) 2.086ms
[46.538s][info][safepoint] Leaving safepoint region
[46.539s][info][safepoint] Total time for which application threads were stopped: 0.0029761 seconds, Stopping threads took: 0.0002048 seconds
[46.573s][info][safepoint] Application time: 0.0344036 seconds
[46.574s][info][safepoint] Entering safepoint region: GenCollectForAllocation
[46.577s][info][gc       ] GC(1063) Pause Young (Allocation Failure) 2209M->2103M(4258M) 2.348ms
[46.577s][info][safepoint] Leaving safepoint region
[46.577s][info][safepoint] Total time for which application threads were stopped: 0.0035963 seconds, Stopping threads took: 0.0004487 seconds
[46.611s][info][safepoint] Application time: 0.0333148 seconds
[46.611s][info][safepoint] Entering safepoint region: GenCollectForAllocation
[46.614s][info][gc       ] GC(1064) Pause Young (Allocation Failure) 2209M->2103M(4258M) 1.727ms
[46.614s][info][safepoint] Leaving safepoint region
[46.614s][info][safepoint] Total time for which application threads were stopped: 0.0028001 seconds, Stopping threads took: 0.0004367 seconds
[46.649s][info][safepoint] Application time: 0.0342690 seconds
[46.649s][info][safepoint] Entering safepoint region: GenCollectForAllocation
[46.652s][info][gc       ] GC(1065) Pause Young (Allocation Failure) 2209M->2103M(4258M) 2.115ms
[46.652s][info][safepoint] Leaving safepoint region
[46.652s][info][safepoint] Total time for which application threads were stopped: 0.0033472 seconds, Stopping threads took: 0.0004173 seconds
[46.686s][info][safepoint] Application time: 0.0334200 seconds
[46.687s][info][safepoint] Entering safepoint region: GenCollectForAllocation
[46.689s][info][gc       ] GC(1066) Pause Young (Allocation Failure) 2209M->2103M(4258M) 2.116ms
[46.690s][info][safepoint] Leaving safepoint region
[46.690s][info][safepoint] Total time for which application threads were stopped: 0.0032551 seconds, Stopping threads took: 0.0003751 seconds
[46.725s][info][safepoint] Application time: 0.0342408 seconds
[46.725s][info][safepoint] Entering safepoint region: GenCollectForAllocation
[46.727s][info][gc       ] GC(1067) Pause Young (Allocation Failure) 2209M->2103M(4258M) 1.771ms
[46.728s][info][safepoint] Leaving safepoint region
[46.728s][info][safepoint] Total time for which application threads were stopped: 0.0027816 seconds, Stopping threads took: 0.0002773 seconds
[46.762s][info][safepoint] Application time: 0.0344669 seconds
[46.763s][info][safepoint] Entering safepoint region: GenCollectForAllocation
[46.765s][info][gc       ] GC(1068) Pause Young (Allocation Failure) 2209M->2103M(4258M) 1.999ms
[46.765s][info][safepoint] Leaving safepoint region
[46.765s][info][safepoint] Total time for which application threads were stopped: 0.0027834 seconds, Stopping threads took: 0.0002567 seconds
[46.800s][info][safepoint] Application time: 0.0342924 seconds
[46.800s][info][safepoint] Entering safepoint region: GenCollectForAllocation
[46.803s][info][gc       ] GC(1069) Pause Young (Allocation Failure) 2209M->2103M(4258M) 1.930ms
[46.803s][info][safepoint] Leaving safepoint region
[46.803s][info][safepoint] Total time for which application threads were stopped: 0.0029367 seconds, Stopping threads took: 0.0003036 seconds
[46.838s][info][safepoint] Application time: 0.0339695 seconds
[46.838s][info][safepoint] Entering safepoint region: GenCollectForAllocation
[46.841s][info][gc       ] GC(1070) Pause Young (Allocation Failure) 2209M->2103M(4258M) 2.659ms
[46.841s][info][safepoint] Leaving safepoint region
[46.842s][info][safepoint] Total time for which application threads were stopped: 0.0036641 seconds, Stopping threads took: 0.0003844 seconds
[46.877s][info][safepoint] Application time: 0.0345762 seconds
[46.877s][info][safepoint] Entering safepoint region: GenCollectForAllocation
[46.879s][info][gc       ] GC(1071) Pause Young (Allocation Failure) 2209M->2103M(4258M) 1.702ms
[46.879s][info][safepoint] Leaving safepoint region
[46.879s][info][safepoint] Total time for which application threads were stopped: 0.0025281 seconds, Stopping threads took: 0.0002224 seconds
[46.915s][info][safepoint] Application time: 0.0349432 seconds
[46.915s][info][safepoint] Entering safepoint region: GenCollectForAllocation
[46.917s][info][gc       ] GC(1072) Pause Young (Allocation Failure) 2209M->2103M(4258M) 1.883ms
[46.917s][info][safepoint] Leaving safepoint region
[46.918s][info][safepoint] Total time for which application threads were stopped: 0.0026319 seconds, Stopping threads took: 0.0001962 seconds
[46.953s][info][safepoint] Application time: 0.0348978 seconds
[46.953s][info][safepoint] Entering safepoint region: GenCollectForAllocation
[46.955s][info][gc       ] GC(1073) Pause Young (Allocation Failure) 2209M->2103M(4258M) 1.727ms
[46.955s][info][safepoint] Leaving safepoint region
[46.956s][info][safepoint] Total time for which application threads were stopped: 0.0025568 seconds, Stopping threads took: 0.0003488 seconds
[46.991s][info][safepoint] Application time: 0.0346379 seconds
[46.991s][info][safepoint] Entering safepoint region: GenCollectForAllocation
[46.993s][info][gc       ] GC(1074) Pause Young (Allocation Failure) 2209M->2103M(4258M) 1.891ms
[46.993s][info][safepoint] Leaving safepoint region
[46.994s][info][safepoint] Total time for which application threads were stopped: 0.0027141 seconds, Stopping threads took: 0.0002845 seconds
[47.028s][info][safepoint] Application time: 0.0346545 seconds
[47.029s][info][safepoint] Entering safepoint region: GenCollectForAllocation
[47.031s][info][gc       ] GC(1075) Pause Young (Allocation Failure) 2209M->2103M(4258M) 2.126ms
[47.031s][info][safepoint] Leaving safepoint region
[47.032s][info][safepoint] Total time for which application threads were stopped: 0.0028794 seconds, Stopping threads took: 0.0002748 seconds
[47.066s][info][safepoint] Application time: 0.0345777 seconds
[47.067s][info][safepoint] Entering safepoint region: GenCollectForAllocation
[47.069s][info][gc       ] GC(1076) Pause Young (Allocation Failure) 2209M->2103M(4258M) 1.799ms
[47.069s][info][safepoint] Leaving safepoint region
[47.069s][info][safepoint] Total time for which application threads were stopped: 0.0026462 seconds, Stopping threads took: 0.0002341 seconds
[47.104s][info][safepoint] Application time: 0.0347737 seconds
[47.105s][info][safepoint] Entering safepoint region: GenCollectForAllocation
[47.107s][info][gc       ] GC(1077) Pause Young (Allocation Failure) 2209M->2103M(4258M) 1.862ms
[47.107s][info][safepoint] Leaving safepoint region
[47.108s][info][safepoint] Total time for which application threads were stopped: 0.0029019 seconds, Stopping threads took: 0.0002347 seconds
[47.143s][info][safepoint] Application time: 0.0349158 seconds
[47.143s][info][safepoint] Entering safepoint region: GenCollectForAllocation
[47.145s][info][gc       ] GC(1078) Pause Young (Allocation Failure) 2209M->2103M(4258M) 1.785ms
[47.145s][info][safepoint] Leaving safepoint region
[47.146s][info][safepoint] Total time for which application threads were stopped: 0.0023404 seconds, Stopping threads took: 0.0002086 seconds
[47.180s][info][safepoint] Application time: 0.0339609 seconds
[47.180s][info][safepoint] Entering safepoint region: GenCollectForAllocation
[47.182s][info][gc       ] GC(1079) Pause Young (Allocation Failure) 2209M->2103M(4258M) 2.005ms
[47.183s][info][safepoint] Leaving safepoint region
[47.183s][info][safepoint] Total time for which application threads were stopped: 0.0027207 seconds, Stopping threads took: 0.0003096 seconds
[47.217s][info][safepoint] Application time: 0.0338183 seconds
[47.217s][info][safepoint] Entering safepoint region: GenCollectForAllocation
[47.219s][info][gc       ] GC(1080) Pause Young (Allocation Failure) 2209M->2103M(4258M) 2.201ms
[47.220s][info][safepoint] Leaving safepoint region
[47.220s][info][safepoint] Total time for which application threads were stopped: 0.0033004 seconds, Stopping threads took: 0.0001975 seconds
[47.255s][info][safepoint] Application time: 0.0343507 seconds
[47.255s][info][safepoint] Entering safepoint region: GenCollectForAllocation
[47.257s][info][gc       ] GC(1081) Pause Young (Allocation Failure) 2209M->2103M(4258M) 1.750ms
[47.257s][info][safepoint] Leaving safepoint region
[47.258s][info][safepoint] Total time for which application threads were stopped: 0.0024649 seconds, Stopping threads took: 0.0002292 seconds
[47.293s][info][safepoint] Application time: 0.0350669 seconds
[47.293s][info][safepoint] Entering safepoint region: GenCollectForAllocation
[47.295s][info][gc       ] GC(1082) Pause Young (Allocation Failure) 2209M->2103M(4258M) 1.930ms
[47.296s][info][safepoint] Leaving safepoint region
[47.296s][info][safepoint] Total time for which application threads were stopped: 0.0028362 seconds, Stopping threads took: 0.0002660 seconds
[47.333s][info][safepoint] Application time: 0.0363122 seconds
[47.333s][info][safepoint] Entering safepoint region: GenCollectForAllocation
[47.335s][info][gc       ] GC(1083) Pause Young (Allocation Failure) 2209M->2103M(4258M) 2.281ms
[47.336s][info][safepoint] Leaving safepoint region
[47.336s][info][safepoint] Total time for which application threads were stopped: 0.0027754 seconds, Stopping threads took: 0.0001277 seconds
[47.372s][info][safepoint] Application time: 0.0363824 seconds
[47.373s][info][safepoint] Entering safepoint region: GenCollectForAllocation
[47.375s][info][gc       ] GC(1084) Pause Young (Allocation Failure) 2209M->2103M(4258M) 1.931ms
[47.375s][info][safepoint] Leaving safepoint region
[47.375s][info][safepoint] Total time for which application threads were stopped: 0.0025946 seconds, Stopping threads took: 0.0002276 seconds
[47.410s][info][safepoint] Application time: 0.0350152 seconds
[47.411s][info][safepoint] Entering safepoint region: GenCollectForAllocation
[47.413s][info][gc       ] GC(1085) Pause Young (Allocation Failure) 2209M->2103M(4258M) 1.816ms
[47.413s][info][safepoint] Leaving safepoint region
[47.413s][info][safepoint] Total time for which application threads were stopped: 0.0026236 seconds, Stopping threads took: 0.0001957 seconds
[47.449s][info][safepoint] Application time: 0.0355723 seconds
[47.450s][info][safepoint] Entering safepoint region: GenCollectForAllocation
[47.452s][info][gc       ] GC(1086) Pause Young (Allocation Failure) 2209M->2103M(4258M) 1.974ms
[47.452s][info][safepoint] Leaving safepoint region
[47.452s][info][safepoint] Total time for which application threads were stopped: 0.0027315 seconds, Stopping threads took: 0.0002755 seconds
[47.487s][info][safepoint] Application time: 0.0343057 seconds
[47.487s][info][safepoint] Entering safepoint region: GenCollectForAllocation
[47.489s][info][gc       ] GC(1087) Pause Young (Allocation Failure) 2209M->2103M(4258M) 1.782ms
[47.489s][info][safepoint] Leaving safepoint region
[47.490s][info][safepoint] Total time for which application threads were stopped: 0.0025187 seconds, Stopping threads took: 0.0002130 seconds
[47.524s][info][safepoint] Application time: 0.0339696 seconds
[47.524s][info][safepoint] Entering safepoint region: GenCollectForAllocation
[47.526s][info][gc       ] GC(1088) Pause Young (Allocation Failure) 2209M->2103M(4258M) 1.790ms
[47.527s][info][safepoint] Leaving safepoint region
[47.527s][info][safepoint] Total time for which application threads were stopped: 0.0026946 seconds, Stopping threads took: 0.0002623 seconds
[47.561s][info][safepoint] Application time: 0.0340867 seconds
[47.562s][info][safepoint] Entering safepoint region: GenCollectForAllocation
[47.563s][info][gc       ] GC(1089) Pause Young (Allocation Failure) 2209M->2103M(4258M) 1.703ms
[47.564s][info][safepoint] Leaving safepoint region
[47.564s][info][safepoint] Total time for which application threads were stopped: 0.0024447 seconds, Stopping threads took: 0.0002536 seconds
[47.598s][info][safepoint] Application time: 0.0341235 seconds
[47.599s][info][safepoint] Entering safepoint region: GenCollectForAllocation
[47.601s][info][gc       ] GC(1090) Pause Young (Allocation Failure) 2209M->2103M(4258M) 2.188ms
[47.601s][info][safepoint] Leaving safepoint region
[47.602s][info][safepoint] Total time for which application threads were stopped: 0.0030945 seconds, Stopping threads took: 0.0002923 seconds
[47.636s][info][safepoint] Application time: 0.0337690 seconds
[47.636s][info][safepoint] Entering safepoint region: GenCollectForAllocation
[47.638s][info][gc       ] GC(1091) Pause Young (Allocation Failure) 2209M->2103M(4258M) 1.695ms
[47.638s][info][safepoint] Leaving safepoint region
[47.639s][info][safepoint] Total time for which application threads were stopped: 0.0025421 seconds, Stopping threads took: 0.0002779 seconds
[47.673s][info][safepoint] Application time: 0.0338403 seconds
[47.673s][info][safepoint] Entering safepoint region: GenCollectForAllocation
[47.675s][info][gc       ] GC(1092) Pause Young (Allocation Failure) 2209M->2103M(4258M) 1.786ms
[47.675s][info][safepoint] Leaving safepoint region
[47.676s][info][safepoint] Total time for which application threads were stopped: 0.0027211 seconds, Stopping threads took: 0.0002931 seconds
[47.710s][info][safepoint] Application time: 0.0338107 seconds
[47.710s][info][safepoint] Entering safepoint region: GenCollectForAllocation
[47.713s][info][gc       ] GC(1093) Pause Young (Allocation Failure) 2209M->2103M(4258M) 2.170ms
[47.713s][info][safepoint] Leaving safepoint region
[47.713s][info][safepoint] Total time for which application threads were stopped: 0.0030413 seconds, Stopping threads took: 0.0002883 seconds
[47.747s][info][safepoint] Application time: 0.0336858 seconds
[47.747s][info][safepoint] Entering safepoint region: GenCollectForAllocation
[47.750s][info][gc       ] GC(1094) Pause Young (Allocation Failure) 2209M->2103M(4258M) 1.885ms
[47.750s][info][safepoint] Leaving safepoint region
[47.750s][info][safepoint] Total time for which application threads were stopped: 0.0028711 seconds, Stopping threads took: 0.0003214 seconds
[47.784s][info][safepoint] Application time: 0.0335090 seconds
[47.785s][info][safepoint] Entering safepoint region: GenCollectForAllocation
[47.787s][info][gc       ] GC(1095) Pause Young (Allocation Failure) 2209M->2103M(4258M) 2.109ms
[47.787s][info][safepoint] Leaving safepoint region
[47.788s][info][safepoint] Total time for which application threads were stopped: 0.0030154 seconds, Stopping threads took: 0.0002549 seconds
[47.821s][info][safepoint] Application time: 0.0335493 seconds
[47.822s][info][safepoint] Entering safepoint region: GenCollectForAllocation
[47.824s][info][gc       ] GC(1096) Pause Young (Allocation Failure) 2209M->2103M(4258M) 2.077ms
[47.824s][info][safepoint] Leaving safepoint region
[47.825s][info][safepoint] Total time for which application threads were stopped: 0.0028843 seconds, Stopping threads took: 0.0002561 seconds
[47.858s][info][safepoint] Application time: 0.0334864 seconds
[47.859s][info][safepoint] Entering safepoint region: GenCollectForAllocation
[47.861s][info][gc       ] GC(1097) Pause Young (Allocation Failure) 2209M->2103M(4258M) 2.169ms
[47.862s][info][safepoint] Leaving safepoint region
[47.862s][info][safepoint] Total time for which application threads were stopped: 0.0032195 seconds, Stopping threads took: 0.0003518 seconds
[47.896s][info][safepoint] Application time: 0.0334067 seconds
[47.896s][info][safepoint] Entering safepoint region: GenCollectForAllocation
[47.899s][info][gc       ] GC(1098) Pause Young (Allocation Failure) 2209M->2103M(4258M) 2.031ms
[47.899s][info][safepoint] Leaving safepoint region
[47.899s][info][safepoint] Total time for which application threads were stopped: 0.0030491 seconds, Stopping threads took: 0.0003315 seconds
[47.933s][info][safepoint] Application time: 0.0334482 seconds
[47.933s][info][safepoint] Entering safepoint region: GenCollectForAllocation
[47.935s][info][gc       ] GC(1099) Pause Young (Allocation Failure) 2209M->2103M(4258M) 1.644ms
[47.936s][info][safepoint] Leaving safepoint region
[47.936s][info][safepoint] Total time for which application threads were stopped: 0.0029173 seconds, Stopping threads took: 0.0004094 seconds
[47.970s][info][safepoint] Application time: 0.0337304 seconds
[47.971s][info][safepoint] Entering safepoint region: GenCollectForAllocation
[47.973s][info][gc       ] GC(1100) Pause Young (Allocation Failure) 2209M->2103M(4258M) 1.720ms
[47.973s][info][safepoint] Leaving safepoint region
[47.974s][info][safepoint] Total time for which application threads were stopped: 0.0027046 seconds, Stopping threads took: 0.0003034 seconds
[48.008s][info][safepoint] Application time: 0.0337696 seconds
[48.008s][info][safepoint] Entering safepoint region: GenCollectForAllocation
[48.011s][info][gc       ] GC(1101) Pause Young (Allocation Failure) 2209M->2103M(4258M) 2.115ms
[48.011s][info][safepoint] Leaving safepoint region
[48.011s][info][safepoint] Total time for which application threads were stopped: 0.0030607 seconds, Stopping threads took: 0.0003005 seconds
[48.045s][info][safepoint] Application time: 0.0334827 seconds
[48.045s][info][safepoint] Entering safepoint region: GenCollectForAllocation
[48.048s][info][gc       ] GC(1102) Pause Young (Allocation Failure) 2209M->2103M(4258M) 1.767ms
[48.048s][info][safepoint] Leaving safepoint region
[48.048s][info][safepoint] Total time for which application threads were stopped: 0.0029982 seconds, Stopping threads took: 0.0004411 seconds
[48.082s][info][safepoint] Application time: 0.0333852 seconds
[48.083s][info][safepoint] Entering safepoint region: GenCollectForAllocation
[48.085s][info][gc       ] GC(1103) Pause Young (Allocation Failure) 2209M->2103M(4258M) 1.625ms
[48.085s][info][safepoint] Leaving safepoint region
[48.085s][info][safepoint] Total time for which application threads were stopped: 0.0026943 seconds, Stopping threads took: 0.0003658 seconds
[48.119s][info][safepoint] Application time: 0.0336387 seconds
[48.120s][info][safepoint] Entering safepoint region: GenCollectForAllocation
[48.123s][info][gc       ] GC(1104) Pause Young (Allocation Failure) 2209M->2103M(4258M) 2.546ms
[48.123s][info][safepoint] Leaving safepoint region
[48.123s][info][safepoint] Total time for which application threads were stopped: 0.0037608 seconds, Stopping threads took: 0.0004515 seconds
[48.157s][info][safepoint] Application time: 0.0335503 seconds
[48.158s][info][safepoint] Entering safepoint region: GenCollectForAllocation
[48.160s][info][gc       ] GC(1105) Pause Young (Allocation Failure) 2209M->2103M(4258M) 2.053ms
[48.161s][info][safepoint] Leaving safepoint region
[48.161s][info][safepoint] Total time for which application threads were stopped: 0.0031911 seconds, Stopping threads took: 0.0003550 seconds
[48.195s][info][safepoint] Application time: 0.0340915 seconds
[48.196s][info][safepoint] Entering safepoint region: GenCollectForAllocation
[48.198s][info][gc       ] GC(1106) Pause Young (Allocation Failure) 2209M->2103M(4258M) 1.912ms
[48.198s][info][safepoint] Leaving safepoint region
[48.199s][info][safepoint] Total time for which application threads were stopped: 0.0030777 seconds, Stopping threads took: 0.0003336 seconds
[48.233s][info][safepoint] Application time: 0.0341171 seconds
[48.234s][info][safepoint] Entering safepoint region: GenCollectForAllocation
[48.236s][info][gc       ] GC(1107) Pause Young (Allocation Failure) 2209M->2103M(4258M) 2.339ms
[48.237s][info][safepoint] Leaving safepoint region
[48.237s][info][safepoint] Total time for which application threads were stopped: 0.0034953 seconds, Stopping threads took: 0.0003878 seconds
[48.271s][info][safepoint] Application time: 0.0340474 seconds
[48.272s][info][safepoint] Entering safepoint region: GenCollectForAllocation
[48.274s][info][gc       ] GC(1108) Pause Young (Allocation Failure) 2209M->2103M(4258M) 2.016ms
[48.275s][info][safepoint] Leaving safepoint region
[48.275s][info][safepoint] Total time for which application threads were stopped: 0.0032328 seconds, Stopping threads took: 0.0003275 seconds
[48.310s][info][safepoint] Application time: 0.0346968 seconds
[48.311s][info][safepoint] Entering safepoint region: GenCollectForAllocation
[48.313s][info][gc       ] GC(1109) Pause Young (Allocation Failure) 2209M->2103M(4258M) 2.075ms
[48.313s][info][safepoint] Leaving safepoint region
[48.314s][info][safepoint] Total time for which application threads were stopped: 0.0029729 seconds, Stopping threads took: 0.0002820 seconds
[48.349s][info][safepoint] Application time: 0.0348954 seconds
[48.349s][info][safepoint] Entering safepoint region: GenCollectForAllocation
[48.351s][info][gc       ] GC(1110) Pause Young (Allocation Failure) 2209M->2103M(4258M) 1.982ms
[48.352s][info][safepoint] Leaving safepoint region
[48.352s][info][safepoint] Total time for which application threads were stopped: 0.0030649 seconds, Stopping threads took: 0.0003642 seconds
[48.387s][info][safepoint] Application time: 0.0342972 seconds
[48.387s][info][safepoint] Entering safepoint region: GenCollectForAllocation
[48.390s][info][gc       ] GC(1111) Pause Young (Allocation Failure) 2209M->2103M(4258M) 2.003ms
[48.390s][info][safepoint] Leaving safepoint region
[48.390s][info][safepoint] Total time for which application threads were stopped: 0.0032389 seconds, Stopping threads took: 0.0003399 seconds
[48.425s][info][safepoint] Application time: 0.0339441 seconds
[48.425s][info][safepoint] Entering safepoint region: GenCollectForAllocation
[48.427s][info][gc       ] GC(1112) Pause Young (Allocation Failure) 2209M->2103M(4258M) 1.770ms
[48.428s][info][safepoint] Leaving safepoint region
[48.428s][info][safepoint] Total time for which application threads were stopped: 0.0029403 seconds, Stopping threads took: 0.0004071 seconds
[48.462s][info][safepoint] Application time: 0.0334664 seconds
[48.462s][info][safepoint] Entering safepoint region: GenCollectForAllocation
[48.464s][info][gc       ] GC(1113) Pause Young (Allocation Failure) 2209M->2103M(4258M) 1.735ms
[48.465s][info][safepoint] Leaving safepoint region
[48.465s][info][safepoint] Total time for which application threads were stopped: 0.0028304 seconds, Stopping threads took: 0.0003023 seconds
[48.499s][info][safepoint] Application time: 0.0339160 seconds
[48.500s][info][safepoint] Entering safepoint region: GenCollectForAllocation
[48.502s][info][gc       ] GC(1114) Pause Young (Allocation Failure) 2209M->2103M(4258M) 1.897ms
[48.502s][info][safepoint] Leaving safepoint region
[48.503s][info][safepoint] Total time for which application threads were stopped: 0.0029237 seconds, Stopping threads took: 0.0003690 seconds
[48.535s][info][safepoint] Application time: 0.0320543 seconds
[48.535s][info][safepoint] Entering safepoint region: GenCollectForAllocation
[48.538s][info][gc       ] GC(1115) Pause Young (Allocation Failure) 2209M->2103M(4258M) 1.827ms
[48.538s][info][safepoint] Leaving safepoint region
[48.538s][info][safepoint] Total time for which application threads were stopped: 0.0026997 seconds, Stopping threads took: 0.0002896 seconds
[48.570s][info][safepoint] Application time: 0.0317137 seconds
[48.570s][info][safepoint] Entering safepoint region: GenCollectForAllocation
[48.573s][info][gc       ] GC(1116) Pause Young (Allocation Failure) 2209M->2103M(4258M) 1.808ms
[48.573s][info][safepoint] Leaving safepoint region
[48.573s][info][safepoint] Total time for which application threads were stopped: 0.0028414 seconds, Stopping threads took: 0.0003875 seconds
[48.607s][info][safepoint] Application time: 0.0335165 seconds
[48.607s][info][safepoint] Entering safepoint region: GenCollectForAllocation
[48.609s][info][gc       ] GC(1117) Pause Young (Allocation Failure) 2209M->2103M(4258M) 1.798ms
[48.610s][info][safepoint] Leaving safepoint region
[48.610s][info][safepoint] Total time for which application threads were stopped: 0.0025675 seconds, Stopping threads took: 0.0001750 seconds
[48.644s][info][safepoint] Application time: 0.0335852 seconds
[48.644s][info][safepoint] Entering safepoint region: GenCollectForAllocation
[48.646s][info][gc       ] GC(1118) Pause Young (Allocation Failure) 2209M->2103M(4258M) 1.746ms
[48.646s][info][safepoint] Leaving safepoint region
[48.647s][info][safepoint] Total time for which application threads were stopped: 0.0026575 seconds, Stopping threads took: 0.0002820 seconds
[48.681s][info][safepoint] Application time: 0.0334579 seconds
[48.681s][info][safepoint] Entering safepoint region: GenCollectForAllocation
[48.683s][info][gc       ] GC(1119) Pause Young (Allocation Failure) 2209M->2103M(4258M) 1.700ms
[48.683s][info][safepoint] Leaving safepoint region
[48.684s][info][safepoint] Total time for which application threads were stopped: 0.0027487 seconds, Stopping threads took: 0.0003734 seconds
[48.718s][info][safepoint] Application time: 0.0336422 seconds
[48.718s][info][safepoint] Entering safepoint region: GenCollectForAllocation
[48.720s][info][gc       ] GC(1120) Pause Young (Allocation Failure) 2209M->2103M(4258M) 1.717ms
[48.720s][info][safepoint] Leaving safepoint region
[48.721s][info][safepoint] Total time for which application threads were stopped: 0.0025939 seconds, Stopping threads took: 0.0002888 seconds
[48.755s][info][safepoint] Application time: 0.0338726 seconds
[48.755s][info][safepoint] Entering safepoint region: GenCollectForAllocation
[48.757s][info][gc       ] GC(1121) Pause Young (Allocation Failure) 2209M->2103M(4258M) 1.777ms
[48.757s][info][safepoint] Leaving safepoint region
[48.758s][info][safepoint] Total time for which application threads were stopped: 0.0027709 seconds, Stopping threads took: 0.0002336 seconds
[48.792s][info][safepoint] Application time: 0.0334214 seconds
[48.792s][info][safepoint] Entering safepoint region: GenCollectForAllocation
[48.795s][info][gc       ] GC(1122) Pause Young (Allocation Failure) 2209M->2103M(4258M) 2.174ms
[48.795s][info][safepoint] Leaving safepoint region
[48.795s][info][safepoint] Total time for which application threads were stopped: 0.0033000 seconds, Stopping threads took: 0.0003475 seconds
[48.829s][info][safepoint] Application time: 0.0338022 seconds
[48.830s][info][safepoint] Entering safepoint region: GenCollectForAllocation
[48.832s][info][gc       ] GC(1123) Pause Young (Allocation Failure) 2209M->2103M(4258M) 2.088ms
[48.833s][info][safepoint] Leaving safepoint region
[48.833s][info][safepoint] Total time for which application threads were stopped: 0.0032144 seconds, Stopping threads took: 0.0002656 seconds
[48.868s][info][safepoint] Application time: 0.0343701 seconds
[48.868s][info][safepoint] Entering safepoint region: GenCollectForAllocation
[48.870s][info][gc       ] GC(1124) Pause Young (Allocation Failure) 2209M->2103M(4258M) 1.944ms
[48.871s][info][safepoint] Leaving safepoint region
[48.871s][info][safepoint] Total time for which application threads were stopped: 0.0027855 seconds, Stopping threads took: 0.0002917 seconds
[48.905s][info][safepoint] Application time: 0.0337955 seconds
[48.905s][info][safepoint] Entering safepoint region: GenCollectForAllocation
[48.907s][info][gc       ] GC(1125) Pause Young (Allocation Failure) 2209M->2103M(4258M) 1.731ms
[48.908s][info][safepoint] Leaving safepoint region
[48.908s][info][safepoint] Total time for which application threads were stopped: 0.0029551 seconds, Stopping threads took: 0.0003928 seconds
[48.943s][info][safepoint] Application time: 0.0339635 seconds
[48.943s][info][safepoint] Entering safepoint region: GenCollectForAllocation
[48.945s][info][gc       ] GC(1126) Pause Young (Allocation Failure) 2209M->2103M(4258M) 1.714ms
[48.945s][info][safepoint] Leaving safepoint region
[48.946s][info][safepoint] Total time for which application threads were stopped: 0.0027671 seconds, Stopping threads took: 0.0003328 seconds
[48.980s][info][safepoint] Application time: 0.0339201 seconds
[48.980s][info][safepoint] Entering safepoint region: GenCollectForAllocation
[48.983s][info][gc       ] GC(1127) Pause Young (Allocation Failure) 2209M->2103M(4258M) 1.921ms
[48.983s][info][safepoint] Leaving safepoint region
[48.983s][info][safepoint] Total time for which application threads were stopped: 0.0028881 seconds, Stopping threads took: 0.0002996 seconds
[49.018s][info][safepoint] Application time: 0.0342763 seconds
[49.018s][info][safepoint] Entering safepoint region: GenCollectForAllocation
[49.020s][info][gc       ] GC(1128) Pause Young (Allocation Failure) 2209M->2103M(4258M) 1.740ms
[49.021s][info][safepoint] Leaving safepoint region
[49.021s][info][safepoint] Total time for which application threads were stopped: 0.0026872 seconds, Stopping threads took: 0.0004182 seconds
[49.055s][info][safepoint] Application time: 0.0344991 seconds
[49.056s][info][safepoint] Entering safepoint region: GenCollectForAllocation
[49.058s][info][gc       ] GC(1129) Pause Young (Allocation Failure) 2209M->2103M(4258M) 2.204ms
[49.059s][info][safepoint] Leaving safepoint region
[49.059s][info][safepoint] Total time for which application threads were stopped: 0.0033503 seconds, Stopping threads took: 0.0003387 seconds
[49.093s][info][safepoint] Application time: 0.0336971 seconds
[49.094s][info][safepoint] Entering safepoint region: GenCollectForAllocation
[49.096s][info][gc       ] GC(1130) Pause Young (Allocation Failure) 2209M->2103M(4258M) 2.074ms
[49.096s][info][safepoint] Leaving safepoint region
[49.097s][info][safepoint] Total time for which application threads were stopped: 0.0032140 seconds, Stopping threads took: 0.0002947 seconds
[49.131s][info][safepoint] Application time: 0.0334931 seconds
[49.131s][info][safepoint] Entering safepoint region: GenCollectForAllocation
[49.133s][info][gc       ] GC(1131) Pause Young (Allocation Failure) 2209M->2103M(4258M) 2.058ms
[49.134s][info][safepoint] Leaving safepoint region
[49.134s][info][safepoint] Total time for which application threads were stopped: 0.0031125 seconds, Stopping threads took: 0.0003371 seconds
[49.168s][info][safepoint] Application time: 0.0333013 seconds
[49.168s][info][safepoint] Entering safepoint region: GenCollectForAllocation
[49.170s][info][gc       ] GC(1132) Pause Young (Allocation Failure) 2209M->2103M(4258M) 1.698ms
[49.171s][info][safepoint] Leaving safepoint region
[49.171s][info][safepoint] Total time for which application threads were stopped: 0.0027683 seconds, Stopping threads took: 0.0003473 seconds
[49.205s][info][safepoint] Application time: 0.0335783 seconds
[49.205s][info][safepoint] Entering safepoint region: GenCollectForAllocation
[49.207s][info][gc       ] GC(1133) Pause Young (Allocation Failure) 2209M->2103M(4258M) 1.741ms
[49.208s][info][safepoint] Leaving safepoint region
[49.208s][info][safepoint] Total time for which application threads were stopped: 0.0026424 seconds, Stopping threads took: 0.0002511 seconds
[49.241s][info][safepoint] Application time: 0.0332835 seconds
[49.242s][info][safepoint] Entering safepoint region: GenCollectForAllocation
[49.244s][info][gc       ] GC(1134) Pause Young (Allocation Failure) 2209M->2103M(4258M) 2.097ms
[49.245s][info][safepoint] Leaving safepoint region
[49.245s][info][safepoint] Total time for which application threads were stopped: 0.0029351 seconds, Stopping threads took: 0.0002803 seconds
[49.279s][info][safepoint] Application time: 0.0338060 seconds
[49.279s][info][safepoint] Entering safepoint region: GenCollectForAllocation
[49.281s][info][gc       ] GC(1135) Pause Young (Allocation Failure) 2209M->2103M(4258M) 1.778ms
[49.281s][info][safepoint] Leaving safepoint region
[49.282s][info][safepoint] Total time for which application threads were stopped: 0.0025655 seconds, Stopping threads took: 0.0002904 seconds
[49.315s][info][safepoint] Application time: 0.0336769 seconds
[49.316s][info][safepoint] Entering safepoint region: GenCollectForAllocation
[49.318s][info][gc       ] GC(1136) Pause Young (Allocation Failure) 2209M->2103M(4258M) 2.030ms
[49.318s][info][safepoint] Leaving safepoint region
[49.319s][info][safepoint] Total time for which application threads were stopped: 0.0029254 seconds, Stopping threads took: 0.0002974 seconds
[49.352s][info][safepoint] Application time: 0.0333989 seconds
[49.353s][info][safepoint] Entering safepoint region: GenCollectForAllocation
[49.355s][info][gc       ] GC(1137) Pause Young (Allocation Failure) 2209M->2103M(4258M) 2.018ms
[49.355s][info][safepoint] Leaving safepoint region
[49.356s][info][safepoint] Total time for which application threads were stopped: 0.0029138 seconds, Stopping threads took: 0.0002577 seconds
[49.389s][info][safepoint] Application time: 0.0335454 seconds
[49.390s][info][safepoint] Entering safepoint region: GenCollectForAllocation
[49.392s][info][gc       ] GC(1138) Pause Young (Allocation Failure) 2209M->2103M(4258M) 2.120ms
[49.392s][info][safepoint] Leaving safepoint region
[49.393s][info][safepoint] Total time for which application threads were stopped: 0.0028784 seconds, Stopping threads took: 0.0002833 seconds
[49.426s][info][safepoint] Application time: 0.0334956 seconds
[49.427s][info][safepoint] Entering safepoint region: GenCollectForAllocation
[49.429s][info][gc       ] GC(1139) Pause Young (Allocation Failure) 2209M->2103M(4258M) 1.631ms
[49.429s][info][safepoint] Leaving safepoint region
[49.429s][info][safepoint] Total time for which application threads were stopped: 0.0024853 seconds, Stopping threads took: 0.0003408 seconds
[49.463s][info][safepoint] Application time: 0.0337088 seconds
[49.463s][info][safepoint] Entering safepoint region: GenCollectForAllocation
[49.466s][info][gc       ] GC(1140) Pause Young (Allocation Failure) 2209M->2103M(4258M) 2.056ms
[49.466s][info][safepoint] Leaving safepoint region
[49.466s][info][safepoint] Total time for which application threads were stopped: 0.0029566 seconds, Stopping threads took: 0.0002785 seconds
[49.501s][info][safepoint] Application time: 0.0339877 seconds
[49.501s][info][safepoint] Entering safepoint region: GenCollectForAllocation
[49.503s][info][gc       ] GC(1141) Pause Young (Allocation Failure) 2209M->2103M(4258M) 1.663ms
[49.503s][info][safepoint] Leaving safepoint region
[49.504s][info][safepoint] Total time for which application threads were stopped: 0.0026324 seconds, Stopping threads took: 0.0003048 seconds
[49.538s][info][safepoint] Application time: 0.0342701 seconds
[49.539s][info][safepoint] Entering safepoint region: GenCollectForAllocation
[49.541s][info][gc       ] GC(1142) Pause Young (Allocation Failure) 2209M->2103M(4258M) 2.159ms
[49.541s][info][safepoint] Leaving safepoint region
[49.542s][info][safepoint] Total time for which application threads were stopped: 0.0030893 seconds, Stopping threads took: 0.0002741 seconds
[49.576s][info][safepoint] Application time: 0.0343230 seconds
[49.577s][info][safepoint] Entering safepoint region: GenCollectForAllocation
[49.579s][info][gc       ] GC(1143) Pause Young (Allocation Failure) 2209M->2103M(4258M) 1.753ms
[49.579s][info][safepoint] Leaving safepoint region
[49.579s][info][safepoint] Total time for which application threads were stopped: 0.0025764 seconds, Stopping threads took: 0.0003106 seconds
[49.614s][info][safepoint] Application time: 0.0342828 seconds
[49.614s][info][safepoint] Entering safepoint region: GenCollectForAllocation
[49.616s][info][gc       ] GC(1144) Pause Young (Allocation Failure) 2209M->2103M(4258M) 1.720ms
[49.616s][info][safepoint] Leaving safepoint region
[49.617s][info][safepoint] Total time for which application threads were stopped: 0.0026191 seconds, Stopping threads took: 0.0002639 seconds
[49.651s][info][safepoint] Application time: 0.0339965 seconds
[49.651s][info][safepoint] Entering safepoint region: GenCollectForAllocation
[49.653s][info][gc       ] GC(1145) Pause Young (Allocation Failure) 2209M->2103M(4258M) 1.760ms
[49.654s][info][safepoint] Leaving safepoint region
[49.654s][info][safepoint] Total time for which application threads were stopped: 0.0029586 seconds, Stopping threads took: 0.0004254 seconds
[49.689s][info][safepoint] Application time: 0.0345419 seconds
[49.689s][info][safepoint] Entering safepoint region: GenCollectForAllocation
[49.692s][info][gc       ] GC(1146) Pause Young (Allocation Failure) 2209M->2103M(4258M) 1.789ms
[49.692s][info][safepoint] Leaving safepoint region
[49.692s][info][safepoint] Total time for which application threads were stopped: 0.0028838 seconds, Stopping threads took: 0.0003392 seconds
[49.725s][info][safepoint] Application time: 0.0320885 seconds
[49.725s][info][safepoint] Entering safepoint region: GenCollectForAllocation
[49.728s][info][gc       ] GC(1147) Pause Young (Allocation Failure) 2209M->2103M(4258M) 1.918ms
[49.728s][info][safepoint] Leaving safepoint region
[49.728s][info][safepoint] Total time for which application threads were stopped: 0.0031332 seconds, Stopping threads took: 0.0004199 seconds
[49.761s][info][safepoint] Application time: 0.0320539 seconds
[49.761s][info][safepoint] Entering safepoint region: GenCollectForAllocation
[49.763s][info][gc       ] GC(1148) Pause Young (Allocation Failure) 2209M->2103M(4258M) 1.974ms
[49.764s][info][safepoint] Leaving safepoint region
[49.764s][info][safepoint] Total time for which application threads were stopped: 0.0031218 seconds, Stopping threads took: 0.0004159 seconds
[49.798s][info][safepoint] Application time: 0.0332152 seconds
[49.798s][info][safepoint] Entering safepoint region: GenCollectForAllocation
[49.801s][info][gc       ] GC(1149) Pause Young (Allocation Failure) 2209M->2103M(4258M) 2.047ms
[49.801s][info][safepoint] Leaving safepoint region
[49.801s][info][safepoint] Total time for which application threads were stopped: 0.0032766 seconds, Stopping threads took: 0.0004031 seconds
[49.835s][info][safepoint] Application time: 0.0333476 seconds
[49.835s][info][safepoint] Entering safepoint region: GenCollectForAllocation
[49.837s][info][gc       ] GC(1150) Pause Young (Allocation Failure) 2209M->2103M(4258M) 1.670ms
[49.838s][info][safepoint] Leaving safepoint region
[49.838s][info][safepoint] Total time for which application threads were stopped: 0.0027015 seconds, Stopping threads took: 0.0002918 seconds
[49.872s][info][safepoint] Application time: 0.0335512 seconds
[49.872s][info][safepoint] Entering safepoint region: GenCollectForAllocation
[49.875s][info][gc       ] GC(1151) Pause Young (Allocation Failure) 2209M->2103M(4258M) 1.707ms
[49.875s][info][safepoint] Leaving safepoint region
[49.875s][info][safepoint] Total time for which application threads were stopped: 0.0026540 seconds, Stopping threads took: 0.0004132 seconds
[49.909s][info][safepoint] Application time: 0.0336060 seconds
[49.909s][info][safepoint] Entering safepoint region: GenCollectForAllocation
[49.913s][info][gc       ] GC(1152) Pause Young (Allocation Failure) 2209M->2103M(4258M) 3.397ms
[49.913s][info][safepoint] Leaving safepoint region
[49.913s][info][safepoint] Total time for which application threads were stopped: 0.0042436 seconds, Stopping threads took: 0.0003495 seconds
[49.947s][info][safepoint] Application time: 0.0335145 seconds
[49.947s][info][safepoint] Entering safepoint region: GenCollectForAllocation
[49.949s][info][gc       ] GC(1153) Pause Young (Allocation Failure) 2209M->2103M(4258M) 1.704ms
[49.950s][info][safepoint] Leaving safepoint region
[49.950s][info][safepoint] Total time for which application threads were stopped: 0.0023467 seconds, Stopping threads took: 0.0002002 seconds
[49.984s][info][safepoint] Application time: 0.0338256 seconds
[49.984s][info][safepoint] Entering safepoint region: GenCollectForAllocation
[49.986s][info][gc       ] GC(1154) Pause Young (Allocation Failure) 2209M->2103M(4258M) 1.630ms
[49.986s][info][safepoint] Leaving safepoint region
[49.987s][info][safepoint] Total time for which application threads were stopped: 0.0026521 seconds, Stopping threads took: 0.0003076 seconds
[50.021s][info][safepoint] Application time: 0.0337730 seconds
[50.021s][info][safepoint] Entering safepoint region: GenCollectForAllocation
[50.024s][info][gc       ] GC(1155) Pause Young (Allocation Failure) 2209M->2103M(4258M) 2.012ms
[50.024s][info][safepoint] Leaving safepoint region
[50.024s][info][safepoint] Total time for which application threads were stopped: 0.0031860 seconds, Stopping threads took: 0.0003502 seconds
[50.059s][info][safepoint] Application time: 0.0339875 seconds
[50.059s][info][safepoint] Entering safepoint region: GenCollectForAllocation
[50.061s][info][gc       ] GC(1156) Pause Young (Allocation Failure) 2209M->2103M(4258M) 1.884ms
[50.062s][info][safepoint] Leaving safepoint region
[50.062s][info][safepoint] Total time for which application threads were stopped: 0.0029550 seconds, Stopping threads took: 0.0002373 seconds
[50.096s][info][safepoint] Application time: 0.0337074 seconds
[50.096s][info][safepoint] Entering safepoint region: GenCollectForAllocation
[50.099s][info][gc       ] GC(1157) Pause Young (Allocation Failure) 2209M->2103M(4258M) 2.124ms
[50.099s][info][safepoint] Leaving safepoint region
[50.100s][info][safepoint] Total time for which application threads were stopped: 0.0032775 seconds, Stopping threads took: 0.0003133 seconds
[50.134s][info][safepoint] Application time: 0.0338993 seconds
[50.134s][info][safepoint] Entering safepoint region: GenCollectForAllocation
[50.137s][info][gc       ] GC(1158) Pause Young (Allocation Failure) 2209M->2103M(4258M) 2.008ms
[50.137s][info][safepoint] Leaving safepoint region
[50.137s][info][safepoint] Total time for which application threads were stopped: 0.0028211 seconds, Stopping threads took: 0.0002861 seconds
[50.171s][info][safepoint] Application time: 0.0336749 seconds
[50.172s][info][safepoint] Entering safepoint region: GenCollectForAllocation
[50.174s][info][gc       ] GC(1159) Pause Young (Allocation Failure) 2209M->2103M(4258M) 1.764ms
[50.174s][info][safepoint] Leaving safepoint region
[50.174s][info][safepoint] Total time for which application threads were stopped: 0.0027454 seconds, Stopping threads took: 0.0003807 seconds
[50.208s][info][safepoint] Application time: 0.0334804 seconds
[50.208s][info][safepoint] Entering safepoint region: GenCollectForAllocation
[50.210s][info][gc       ] GC(1160) Pause Young (Allocation Failure) 2209M->2103M(4258M) 1.685ms
[50.211s][info][safepoint] Leaving safepoint region
[50.211s][info][safepoint] Total time for which application threads were stopped: 0.0028311 seconds, Stopping threads took: 0.0003372 seconds
[50.245s][info][safepoint] Application time: 0.0337591 seconds
[50.246s][info][safepoint] Entering safepoint region: GenCollectForAllocation
[50.248s][info][gc       ] GC(1161) Pause Young (Allocation Failure) 2209M->2103M(4258M) 2.161ms
[50.249s][info][safepoint] Leaving safepoint region
[50.249s][info][safepoint] Total time for which application threads were stopped: 0.0032114 seconds, Stopping threads took: 0.0003566 seconds
[50.283s][info][safepoint] Application time: 0.0333761 seconds
[50.283s][info][safepoint] Entering safepoint region: GenCollectForAllocation
[50.286s][info][gc       ] GC(1162) Pause Young (Allocation Failure) 2209M->2103M(4258M) 2.051ms
[50.286s][info][safepoint] Leaving safepoint region
[50.286s][info][safepoint] Total time for which application threads were stopped: 0.0030931 seconds, Stopping threads took: 0.0003838 seconds
[50.320s][info][safepoint] Application time: 0.0340027 seconds
[50.321s][info][safepoint] Entering safepoint region: GenCollectForAllocation
[50.323s][info][gc       ] GC(1163) Pause Young (Allocation Failure) 2209M->2103M(4258M) 1.948ms
[50.324s][info][safepoint] Leaving safepoint region
[50.324s][info][safepoint] Total time for which application threads were stopped: 0.0032138 seconds, Stopping threads took: 0.0004227 seconds
[50.357s][info][safepoint] Application time: 0.0330452 seconds
[50.358s][info][safepoint] Entering safepoint region: GenCollectForAllocation
[50.360s][info][gc       ] GC(1164) Pause Young (Allocation Failure) 2209M->2103M(4258M) 1.817ms
[50.361s][info][safepoint] Leaving safepoint region
[50.361s][info][safepoint] Total time for which application threads were stopped: 0.0029962 seconds, Stopping threads took: 0.0003590 seconds
[50.395s][info][safepoint] Application time: 0.0334677 seconds
[50.395s][info][safepoint] Entering safepoint region: GenCollectForAllocation
[50.397s][info][gc       ] GC(1165) Pause Young (Allocation Failure) 2209M->2103M(4258M) 1.663ms
[50.397s][info][safepoint] Leaving safepoint region
[50.397s][info][safepoint] Total time for which application threads were stopped: 0.0025269 seconds, Stopping threads took: 0.0002833 seconds
[50.432s][info][safepoint] Application time: 0.0343355 seconds
[50.432s][info][safepoint] Entering safepoint region: GenCollectForAllocation
[50.435s][info][gc       ] GC(1166) Pause Young (Allocation Failure) 2209M->2103M(4258M) 1.748ms
[50.435s][info][safepoint] Leaving safepoint region
[50.435s][info][safepoint] Total time for which application threads were stopped: 0.0028068 seconds, Stopping threads took: 0.0003901 seconds
[50.470s][info][safepoint] Application time: 0.0347139 seconds
[50.471s][info][safepoint] Entering safepoint region: GenCollectForAllocation
[50.473s][info][gc       ] GC(1167) Pause Young (Allocation Failure) 2209M->2103M(4258M) 1.889ms
[50.473s][info][safepoint] Leaving safepoint region
[50.474s][info][safepoint] Total time for which application threads were stopped: 0.0032264 seconds, Stopping threads took: 0.0004778 seconds
[50.508s][info][safepoint] Application time: 0.0341877 seconds
[50.509s][info][safepoint] Entering safepoint region: GenCollectForAllocation
[50.511s][info][gc       ] GC(1168) Pause Young (Allocation Failure) 2209M->2103M(4258M) 1.655ms
[50.511s][info][safepoint] Leaving safepoint region
[50.512s][info][safepoint] Total time for which application threads were stopped: 0.0027431 seconds, Stopping threads took: 0.0003642 seconds
[50.546s][info][safepoint] Application time: 0.0340837 seconds
[50.546s][info][safepoint] Entering safepoint region: GenCollectForAllocation
[50.548s][info][gc       ] GC(1169) Pause Young (Allocation Failure) 2209M->2103M(4258M) 1.687ms
[50.549s][info][safepoint] Leaving safepoint region
[50.549s][info][safepoint] Total time for which application threads were stopped: 0.0026654 seconds, Stopping threads took: 0.0003247 seconds
[50.584s][info][safepoint] Application time: 0.0344516 seconds
[50.584s][info][safepoint] Entering safepoint region: GenCollectForAllocation
[50.586s][info][gc       ] GC(1170) Pause Young (Allocation Failure) 2209M->2103M(4258M) 1.676ms
[50.587s][info][safepoint] Leaving safepoint region
[50.587s][info][safepoint] Total time for which application threads were stopped: 0.0026300 seconds, Stopping threads took: 0.0004281 seconds
[50.621s][info][safepoint] Application time: 0.0344294 seconds
[50.622s][info][safepoint] Entering safepoint region: GenCollectForAllocation
[50.624s][info][gc       ] GC(1171) Pause Young (Allocation Failure) 2209M->2103M(4258M) 1.750ms
[50.624s][info][safepoint] Leaving safepoint region
[50.625s][info][safepoint] Total time for which application threads were stopped: 0.0029345 seconds, Stopping threads took: 0.0003294 seconds
[50.659s][info][safepoint] Application time: 0.0338011 seconds
[50.659s][info][safepoint] Entering safepoint region: GenCollectForAllocation
[50.662s][info][gc       ] GC(1172) Pause Young (Allocation Failure) 2209M->2103M(4258M) 2.211ms
[50.662s][info][safepoint] Leaving safepoint region
[50.663s][info][safepoint] Total time for which application threads were stopped: 0.0033241 seconds, Stopping threads took: 0.0003782 seconds
[50.696s][info][safepoint] Application time: 0.0334252 seconds
[50.697s][info][safepoint] Entering safepoint region: GenCollectForAllocation
[50.699s][info][gc       ] GC(1173) Pause Young (Allocation Failure) 2209M->2103M(4258M) 2.055ms
[50.699s][info][safepoint] Leaving safepoint region
[50.700s][info][safepoint] Total time for which application threads were stopped: 0.0030955 seconds, Stopping threads took: 0.0003647 seconds
[50.734s][info][safepoint] Application time: 0.0338868 seconds
[50.734s][info][safepoint] Entering safepoint region: GenCollectForAllocation
[50.737s][info][gc       ] GC(1174) Pause Young (Allocation Failure) 2209M->2103M(4258M) 2.111ms
[50.737s][info][safepoint] Leaving safepoint region
[50.738s][info][safepoint] Total time for which application threads were stopped: 0.0033147 seconds, Stopping threads took: 0.0003770 seconds
[50.773s][info][safepoint] Application time: 0.0346375 seconds
[50.773s][info][safepoint] Entering safepoint region: GenCollectForAllocation
[50.775s][info][gc       ] GC(1175) Pause Young (Allocation Failure) 2209M->2103M(4258M) 2.040ms
[50.776s][info][safepoint] Leaving safepoint region
[50.776s][info][safepoint] Total time for which application threads were stopped: 0.0030890 seconds, Stopping threads took: 0.0003805 seconds
[50.810s][info][safepoint] Application time: 0.0336758 seconds
[50.811s][info][safepoint] Entering safepoint region: GenCollectForAllocation
[50.813s][info][gc       ] GC(1176) Pause Young (Allocation Failure) 2209M->2103M(4258M) 1.995ms
[50.813s][info][safepoint] Leaving safepoint region
[50.814s][info][safepoint] Total time for which application threads were stopped: 0.0033082 seconds, Stopping threads took: 0.0004639 seconds
[50.848s][info][safepoint] Application time: 0.0336200 seconds
[50.848s][info][safepoint] Entering safepoint region: GenCollectForAllocation
[50.850s][info][gc       ] GC(1177) Pause Young (Allocation Failure) 2209M->2103M(4258M) 2.051ms
[50.851s][info][safepoint] Leaving safepoint region
[50.851s][info][safepoint] Total time for which application threads were stopped: 0.0032204 seconds, Stopping threads took: 0.0003413 seconds
[50.885s][info][safepoint] Application time: 0.0337592 seconds
[50.886s][info][safepoint] Entering safepoint region: GenCollectForAllocation
[50.888s][info][gc       ] GC(1178) Pause Young (Allocation Failure) 2209M->2103M(4258M) 1.816ms
[50.889s][info][safepoint] Leaving safepoint region
[50.889s][info][safepoint] Total time for which application threads were stopped: 0.0030384 seconds, Stopping threads took: 0.0004182 seconds
[50.923s][info][safepoint] Application time: 0.0334331 seconds
[50.923s][info][safepoint] Entering safepoint region: GenCollectForAllocation
[50.928s][info][gc       ] GC(1179) Pause Young (Allocation Failure) 2209M->2103M(4258M) 4.739ms
[50.929s][info][safepoint] Leaving safepoint region
[50.929s][info][safepoint] Total time for which application threads were stopped: 0.0059902 seconds, Stopping threads took: 0.0003847 seconds
[50.963s][info][safepoint] Application time: 0.0331886 seconds
[50.963s][info][safepoint] Entering safepoint region: GenCollectForAllocation
[50.965s][info][gc       ] GC(1180) Pause Young (Allocation Failure) 2209M->2103M(4258M) 1.685ms
[50.965s][info][safepoint] Leaving safepoint region
[50.965s][info][safepoint] Total time for which application threads were stopped: 0.0024972 seconds, Stopping threads took: 0.0002066 seconds
[50.999s][info][safepoint] Application time: 0.0338431 seconds
[51.000s][info][safepoint] Entering safepoint region: GenCollectForAllocation
[51.002s][info][gc       ] GC(1181) Pause Young (Allocation Failure) 2209M->2103M(4258M) 1.992ms
[51.002s][info][safepoint] Leaving safepoint region
[51.003s][info][safepoint] Total time for which application threads were stopped: 0.0027544 seconds, Stopping threads took: 0.0002706 seconds
[51.035s][info][safepoint] Application time: 0.0320327 seconds
[51.035s][info][safepoint] Entering safepoint region: GenCollectForAllocation
[51.037s][info][gc       ] GC(1182) Pause Young (Allocation Failure) 2209M->2103M(4258M) 1.716ms
[51.038s][info][safepoint] Leaving safepoint region
[51.038s][info][safepoint] Total time for which application threads were stopped: 0.0029888 seconds, Stopping threads took: 0.0005497 seconds
[51.071s][info][safepoint] Application time: 0.0321293 seconds
[51.071s][info][safepoint] Entering safepoint region: GenCollectForAllocation
[51.073s][info][gc       ] GC(1183) Pause Young (Allocation Failure) 2209M->2103M(4258M) 2.076ms
[51.074s][info][safepoint] Leaving safepoint region
[51.074s][info][safepoint] Total time for which application threads were stopped: 0.0029169 seconds, Stopping threads took: 0.0002702 seconds
[51.107s][info][safepoint] Application time: 0.0330651 seconds
[51.108s][info][safepoint] Entering safepoint region: GenCollectForAllocation
[51.110s][info][gc       ] GC(1184) Pause Young (Allocation Failure) 2209M->2103M(4258M) 2.043ms
[51.110s][info][safepoint] Leaving safepoint region
[51.111s][info][safepoint] Total time for which application threads were stopped: 0.0031986 seconds, Stopping threads took: 0.0004127 seconds
[51.145s][info][safepoint] Application time: 0.0341964 seconds
[51.146s][info][safepoint] Entering safepoint region: GenCollectForAllocation
[51.148s][info][gc       ] GC(1185) Pause Young (Allocation Failure) 2209M->2103M(4258M) 1.846ms
[51.148s][info][safepoint] Leaving safepoint region
[51.149s][info][safepoint] Total time for which application threads were stopped: 0.0031200 seconds, Stopping threads took: 0.0004020 seconds
[51.183s][info][safepoint] Application time: 0.0341741 seconds
[51.184s][info][safepoint] Entering safepoint region: GenCollectForAllocation
[51.186s][info][gc       ] GC(1186) Pause Young (Allocation Failure) 2209M->2103M(4258M) 1.961ms
[51.186s][info][safepoint] Leaving safepoint region
[51.186s][info][safepoint] Total time for which application threads were stopped: 0.0028057 seconds, Stopping threads took: 0.0002854 seconds
[51.221s][info][safepoint] Application time: 0.0340107 seconds
[51.221s][info][safepoint] Entering safepoint region: GenCollectForAllocation
[51.223s][info][gc       ] GC(1187) Pause Young (Allocation Failure) 2209M->2103M(4258M) 1.721ms
[51.223s][info][safepoint] Leaving safepoint region
[51.223s][info][safepoint] Total time for which application threads were stopped: 0.0025188 seconds, Stopping threads took: 0.0003100 seconds
[51.258s][info][safepoint] Application time: 0.0339916 seconds
[51.258s][info][safepoint] Entering safepoint region: GenCollectForAllocation
[51.261s][info][gc       ] GC(1188) Pause Young (Allocation Failure) 2209M->2103M(4258M) 2.194ms
[51.261s][info][safepoint] Leaving safepoint region
[51.261s][info][safepoint] Total time for which application threads were stopped: 0.0031983 seconds, Stopping threads took: 0.0003290 seconds
[51.295s][info][safepoint] Application time: 0.0335337 seconds
[51.295s][info][safepoint] Entering safepoint region: GenCollectForAllocation
[51.298s][info][gc       ] GC(1189) Pause Young (Allocation Failure) 2209M->2103M(4258M) 1.756ms
[51.298s][info][safepoint] Leaving safepoint region
[51.298s][info][safepoint] Total time for which application threads were stopped: 0.0025805 seconds, Stopping threads took: 0.0003353 seconds
[51.332s][info][safepoint] Application time: 0.0340515 seconds
[51.333s][info][safepoint] Entering safepoint region: GenCollectForAllocation
[51.335s][info][gc       ] GC(1190) Pause Young (Allocation Failure) 2209M->2103M(4258M) 1.752ms
[51.335s][info][safepoint] Leaving safepoint region
[51.335s][info][safepoint] Total time for which application threads were stopped: 0.0028394 seconds, Stopping threads took: 0.0003407 seconds
[51.369s][info][safepoint] Application time: 0.0337467 seconds
[51.370s][info][safepoint] Entering safepoint region: GenCollectForAllocation
[51.372s][info][gc       ] GC(1191) Pause Young (Allocation Failure) 2209M->2103M(4258M) 2.028ms
[51.372s][info][safepoint] Leaving safepoint region
[51.373s][info][safepoint] Total time for which application threads were stopped: 0.0026843 seconds, Stopping threads took: 0.0002305 seconds
[51.407s][info][safepoint] Application time: 0.0339025 seconds
[51.407s][info][safepoint] Entering safepoint region: GenCollectForAllocation
[51.409s][info][gc       ] GC(1192) Pause Young (Allocation Failure) 2209M->2103M(4258M) 1.710ms
[51.409s][info][safepoint] Leaving safepoint region
[51.409s][info][safepoint] Total time for which application threads were stopped: 0.0025022 seconds, Stopping threads took: 0.0002572 seconds
[51.444s][info][safepoint] Application time: 0.0338846 seconds
[51.444s][info][safepoint] Entering safepoint region: GenCollectForAllocation
[51.446s][info][gc       ] GC(1193) Pause Young (Allocation Failure) 2209M->2103M(4258M) 2.097ms
[51.447s][info][safepoint] Leaving safepoint region
[51.447s][info][safepoint] Total time for which application threads were stopped: 0.0030286 seconds, Stopping threads took: 0.0002922 seconds
[51.481s][info][safepoint] Application time: 0.0341110 seconds
[51.482s][info][safepoint] Entering safepoint region: GenCollectForAllocation
[51.484s][info][gc       ] GC(1194) Pause Young (Allocation Failure) 2209M->2103M(4258M) 1.648ms
[51.484s][info][safepoint] Leaving safepoint region
[51.484s][info][safepoint] Total time for which application threads were stopped: 0.0024951 seconds, Stopping threads took: 0.0002892 seconds
[51.519s][info][safepoint] Application time: 0.0342351 seconds
[51.519s][info][safepoint] Entering safepoint region: GenCollectForAllocation
[51.522s][info][gc       ] GC(1195) Pause Young (Allocation Failure) 2209M->2103M(4258M) 2.038ms
[51.522s][info][safepoint] Leaving safepoint region
[51.522s][info][safepoint] Total time for which application threads were stopped: 0.0030923 seconds, Stopping threads took: 0.0003438 seconds
[51.557s][info][safepoint] Application time: 0.0341477 seconds
[51.557s][info][safepoint] Entering safepoint region: GenCollectForAllocation
[51.559s][info][gc       ] GC(1196) Pause Young (Allocation Failure) 2209M->2103M(4258M) 2.070ms
[51.560s][info][safepoint] Leaving safepoint region
[51.560s][info][safepoint] Total time for which application threads were stopped: 0.0031737 seconds, Stopping threads took: 0.0002561 seconds
[51.594s][info][safepoint] Application time: 0.0335282 seconds
[51.594s][info][safepoint] Entering safepoint region: GenCollectForAllocation
[51.596s][info][gc       ] GC(1197) Pause Young (Allocation Failure) 2209M->2103M(4258M) 1.721ms
[51.597s][info][safepoint] Leaving safepoint region
[51.597s][info][safepoint] Total time for which application threads were stopped: 0.0027093 seconds, Stopping threads took: 0.0002907 seconds
[51.631s][info][safepoint] Application time: 0.0333532 seconds
[51.631s][info][safepoint] Entering safepoint region: GenCollectForAllocation
[51.633s][info][gc       ] GC(1198) Pause Young (Allocation Failure) 2209M->2103M(4258M) 1.704ms
[51.633s][info][safepoint] Leaving safepoint region
[51.634s][info][safepoint] Total time for which application threads were stopped: 0.0026823 seconds, Stopping threads took: 0.0002960 seconds
[51.668s][info][safepoint] Application time: 0.0337138 seconds
[51.668s][info][safepoint] Entering safepoint region: GenCollectForAllocation
[51.670s][info][gc       ] GC(1199) Pause Young (Allocation Failure) 2209M->2103M(4258M) 1.957ms
[51.671s][info][safepoint] Leaving safepoint region
[51.671s][info][safepoint] Total time for which application threads were stopped: 0.0028801 seconds, Stopping threads took: 0.0002537 seconds
[51.705s][info][safepoint] Application time: 0.0340196 seconds
[51.706s][info][safepoint] Entering safepoint region: GenCollectForAllocation
[51.707s][info][gc       ] GC(1200) Pause Young (Allocation Failure) 2209M->2103M(4258M) 1.756ms
[51.708s][info][safepoint] Leaving safepoint region
[51.708s][info][safepoint] Total time for which application threads were stopped: 0.0023098 seconds, Stopping threads took: 0.0001138 seconds
[51.742s][info][safepoint] Application time: 0.0340227 seconds
[51.742s][info][safepoint] Entering safepoint region: GenCollectForAllocation
[51.745s][info][gc       ] GC(1201) Pause Young (Allocation Failure) 2209M->2103M(4258M) 2.004ms
[51.745s][info][safepoint] Leaving safepoint region
[51.745s][info][safepoint] Total time for which application threads were stopped: 0.0026998 seconds, Stopping threads took: 0.0003351 seconds
[51.779s][info][safepoint] Application time: 0.0334269 seconds
[51.779s][info][safepoint] Entering safepoint region: GenCollectForAllocation
[51.781s][info][gc       ] GC(1202) Pause Young (Allocation Failure) 2209M->2103M(4258M) 2.071ms
[51.782s][info][safepoint] Leaving safepoint region
[51.782s][info][safepoint] Total time for which application threads were stopped: 0.0028615 seconds, Stopping threads took: 0.0002703 seconds
[51.815s][info][safepoint] Application time: 0.0333903 seconds
[51.816s][info][safepoint] Entering safepoint region: GenCollectForAllocation
[51.818s][info][gc       ] GC(1203) Pause Young (Allocation Failure) 2209M->2103M(4258M) 2.047ms
[51.818s][info][safepoint] Leaving safepoint region
[51.819s][info][safepoint] Total time for which application threads were stopped: 0.0031670 seconds, Stopping threads took: 0.0003163 seconds
[51.853s][info][safepoint] Application time: 0.0333372 seconds
[51.853s][info][safepoint] Entering safepoint region: GenCollectForAllocation
[51.855s][info][gc       ] GC(1204) Pause Young (Allocation Failure) 2209M->2103M(4258M) 1.976ms
[51.855s][info][safepoint] Leaving safepoint region
[51.856s][info][safepoint] Total time for which application threads were stopped: 0.0027305 seconds, Stopping threads took: 0.0002274 seconds
[51.889s][info][safepoint] Application time: 0.0334422 seconds
[51.890s][info][safepoint] Entering safepoint region: GenCollectForAllocation
[51.892s][info][gc       ] GC(1205) Pause Young (Allocation Failure) 2209M->2103M(4258M) 2.027ms
[51.892s][info][safepoint] Leaving safepoint region
[51.893s][info][safepoint] Total time for which application threads were stopped: 0.0029768 seconds, Stopping threads took: 0.0002056 seconds
[51.927s][info][safepoint] Application time: 0.0339911 seconds
[51.927s][info][safepoint] Entering safepoint region: GenCollectForAllocation
[51.929s][info][gc       ] GC(1206) Pause Young (Allocation Failure) 2209M->2103M(4258M) 1.752ms
[51.930s][info][safepoint] Leaving safepoint region
[51.930s][info][safepoint] Total time for which application threads were stopped: 0.0026620 seconds, Stopping threads took: 0.0002979 seconds
[51.963s][info][safepoint] Application time: 0.0332876 seconds
[51.964s][info][safepoint] Entering safepoint region: GenCollectForAllocation
[51.966s][info][gc       ] GC(1207) Pause Young (Allocation Failure) 2209M->2103M(4258M) 1.684ms
[51.966s][info][safepoint] Leaving safepoint region
[51.966s][info][safepoint] Total time for which application threads were stopped: 0.0024290 seconds, Stopping threads took: 0.0002465 seconds
[52.000s][info][safepoint] Application time: 0.0335082 seconds
[52.000s][info][safepoint] Entering safepoint region: GenCollectForAllocation
[52.003s][info][gc       ] GC(1208) Pause Young (Allocation Failure) 2209M->2103M(4258M) 2.061ms
[52.003s][info][safepoint] Leaving safepoint region
[52.003s][info][safepoint] Total time for which application threads were stopped: 0.0029537 seconds, Stopping threads took: 0.0002398 seconds
[52.037s][info][safepoint] Application time: 0.0335170 seconds
[52.037s][info][safepoint] Entering safepoint region: GenCollectForAllocation
[52.039s][info][gc       ] GC(1209) Pause Young (Allocation Failure) 2209M->2103M(4258M) 1.643ms
[52.040s][info][safepoint] Leaving safepoint region
[52.040s][info][safepoint] Total time for which application threads were stopped: 0.0023907 seconds, Stopping threads took: 0.0002576 seconds
[52.074s][info][safepoint] Application time: 0.0337629 seconds
[52.074s][info][safepoint] Entering safepoint region: GenCollectForAllocation
[52.077s][info][gc       ] GC(1210) Pause Young (Allocation Failure) 2209M->2103M(4258M) 2.024ms
[52.077s][info][safepoint] Leaving safepoint region
[52.077s][info][safepoint] Total time for which application threads were stopped: 0.0030195 seconds, Stopping threads took: 0.0003041 seconds
[52.111s][info][safepoint] Application time: 0.0337030 seconds
[52.111s][info][safepoint] Entering safepoint region: GenCollectForAllocation
[52.114s][info][gc       ] GC(1211) Pause Young (Allocation Failure) 2209M->2103M(4258M) 1.766ms
[52.114s][info][safepoint] Leaving safepoint region
[52.114s][info][safepoint] Total time for which application threads were stopped: 0.0026382 seconds, Stopping threads took: 0.0002931 seconds
[52.148s][info][safepoint] Application time: 0.0339018 seconds
[52.149s][info][safepoint] Entering safepoint region: GenCollectForAllocation
[52.150s][info][gc       ] GC(1212) Pause Young (Allocation Failure) 2209M->2103M(4258M) 1.668ms
[52.151s][info][safepoint] Leaving safepoint region
[52.151s][info][safepoint] Total time for which application threads were stopped: 0.0025147 seconds, Stopping threads took: 0.0002850 seconds
[52.185s][info][safepoint] Application time: 0.0340443 seconds
[52.186s][info][safepoint] Entering safepoint region: GenCollectForAllocation
[52.188s][info][gc       ] GC(1213) Pause Young (Allocation Failure) 2209M->2103M(4258M) 1.847ms
[52.188s][info][safepoint] Leaving safepoint region
[52.188s][info][safepoint] Total time for which application threads were stopped: 0.0024934 seconds, Stopping threads took: 0.0001561 seconds
[52.222s][info][safepoint] Application time: 0.0340626 seconds
[52.223s][info][safepoint] Entering safepoint region: GenCollectForAllocation
[52.225s][info][gc       ] GC(1214) Pause Young (Allocation Failure) 2209M->2103M(4258M) 2.073ms
[52.225s][info][safepoint] Leaving safepoint region
[52.226s][info][safepoint] Total time for which application threads were stopped: 0.0030972 seconds, Stopping threads took: 0.0002497 seconds
[52.260s][info][safepoint] Application time: 0.0341205 seconds
[52.260s][info][safepoint] Entering safepoint region: GenCollectForAllocation
[52.263s][info][gc       ] GC(1215) Pause Young (Allocation Failure) 2209M->2103M(4258M) 2.078ms
[52.263s][info][safepoint] Leaving safepoint region
[52.263s][info][safepoint] Total time for which application threads were stopped: 0.0029641 seconds, Stopping threads took: 0.0002911 seconds
[52.298s][info][safepoint] Application time: 0.0340307 seconds
[52.298s][info][safepoint] Entering safepoint region: GenCollectForAllocation
[52.300s][info][gc       ] GC(1216) Pause Young (Allocation Failure) 2209M->2103M(4258M) 1.928ms
[52.300s][info][safepoint] Leaving safepoint region
[52.301s][info][safepoint] Total time for which application threads were stopped: 0.0027182 seconds, Stopping threads took: 0.0002269 seconds
[52.335s][info][safepoint] Application time: 0.0339075 seconds
[52.335s][info][safepoint] Entering safepoint region: GenCollectForAllocation
[52.337s][info][gc       ] GC(1217) Pause Young (Allocation Failure) 2209M->2103M(4258M) 2.141ms
[52.338s][info][safepoint] Leaving safepoint region
[52.338s][info][safepoint] Total time for which application threads were stopped: 0.0029457 seconds, Stopping threads took: 0.0001895 seconds
[52.372s][info][safepoint] Application time: 0.0341220 seconds
[52.373s][info][safepoint] Entering safepoint region: GenCollectForAllocation
[52.375s][info][gc       ] GC(1218) Pause Young (Allocation Failure) 2209M->2103M(4258M) 2.105ms
[52.375s][info][safepoint] Leaving safepoint region
[52.376s][info][safepoint] Total time for which application threads were stopped: 0.0030906 seconds, Stopping threads took: 0.0002613 seconds
[52.410s][info][safepoint] Application time: 0.0341217 seconds
[52.411s][info][safepoint] Entering safepoint region: GenCollectForAllocation
[52.412s][info][gc       ] GC(1219) Pause Young (Allocation Failure) 2209M->2103M(4258M) 1.660ms
[52.413s][info][safepoint] Leaving safepoint region
[52.413s][info][safepoint] Total time for which application threads were stopped: 0.0024259 seconds, Stopping threads took: 0.0001944 seconds
[52.447s][info][safepoint] Application time: 0.0335747 seconds
[52.447s][info][safepoint] Entering safepoint region: GenCollectForAllocation
[52.449s][info][gc       ] GC(1220) Pause Young (Allocation Failure) 2209M->2103M(4258M) 1.728ms
[52.449s][info][safepoint] Leaving safepoint region
[52.450s][info][safepoint] Total time for which application threads were stopped: 0.0025280 seconds, Stopping threads took: 0.0002119 seconds
[52.483s][info][safepoint] Application time: 0.0333747 seconds
[52.483s][info][safepoint] Entering safepoint region: GenCollectForAllocation
[52.485s][info][gc       ] GC(1221) Pause Young (Allocation Failure) 2209M->2103M(4258M) 1.811ms
[52.486s][info][safepoint] Leaving safepoint region
[52.486s][info][safepoint] Total time for which application threads were stopped: 0.0025728 seconds, Stopping threads took: 0.0001846 seconds
[52.520s][info][safepoint] Application time: 0.0341539 seconds
[52.521s][info][safepoint] Entering safepoint region: GenCollectForAllocation
[52.523s][info][gc       ] GC(1222) Pause Young (Allocation Failure) 2209M->2103M(4258M) 1.667ms
[52.523s][info][safepoint] Leaving safepoint region
[52.523s][info][safepoint] Total time for which application threads were stopped: 0.0025187 seconds, Stopping threads took: 0.0003018 seconds
[52.558s][info][safepoint] Application time: 0.0344878 seconds
[52.558s][info][safepoint] Entering safepoint region: GenCollectForAllocation
[52.561s][info][gc       ] GC(1223) Pause Young (Allocation Failure) 2209M->2103M(4258M) 2.193ms
[52.561s][info][safepoint] Leaving safepoint region
[52.561s][info][safepoint] Total time for which application threads were stopped: 0.0029218 seconds, Stopping threads took: 0.0002506 seconds
[52.596s][info][safepoint] Application time: 0.0344650 seconds
[52.596s][info][safepoint] Entering safepoint region: GenCollectForAllocation
[52.598s][info][gc       ] GC(1224) Pause Young (Allocation Failure) 2209M->2103M(4258M) 1.968ms
[52.599s][info][safepoint] Leaving safepoint region
[52.599s][info][safepoint] Total time for which application threads were stopped: 0.0029220 seconds, Stopping threads took: 0.0002921 seconds
[52.634s][info][safepoint] Application time: 0.0346208 seconds
[52.634s][info][safepoint] Entering safepoint region: GenCollectForAllocation
[52.636s][info][gc       ] GC(1225) Pause Young (Allocation Failure) 2209M->2103M(4258M) 1.913ms
[52.636s][info][safepoint] Leaving safepoint region
[52.637s][info][safepoint] Total time for which application threads were stopped: 0.0024590 seconds, Stopping threads took: 0.0001968 seconds
[52.671s][info][safepoint] Application time: 0.0345696 seconds
[52.672s][info][safepoint] Entering safepoint region: GenCollectForAllocation
[52.674s][info][gc       ] GC(1226) Pause Young (Allocation Failure) 2209M->2103M(4258M) 1.852ms
[52.674s][info][safepoint] Leaving safepoint region
[52.674s][info][safepoint] Total time for which application threads were stopped: 0.0026415 seconds, Stopping threads took: 0.0002889 seconds
[52.709s][info][safepoint] Application time: 0.0345050 seconds
[52.709s][info][safepoint] Entering safepoint region: GenCollectForAllocation
[52.711s][info][gc       ] GC(1227) Pause Young (Allocation Failure) 2209M->2103M(4258M) 1.730ms
[52.712s][info][safepoint] Leaving safepoint region
[52.712s][info][safepoint] Total time for which application threads were stopped: 0.0026098 seconds, Stopping threads took: 0.0002838 seconds
[52.747s][info][safepoint] Application time: 0.0344377 seconds
[52.747s][info][safepoint] Entering safepoint region: GenCollectForAllocation
[52.749s][info][gc       ] GC(1228) Pause Young (Allocation Failure) 2209M->2103M(4258M) 1.760ms
[52.749s][info][safepoint] Leaving safepoint region
[52.749s][info][safepoint] Total time for which application threads were stopped: 0.0025182 seconds, Stopping threads took: 0.0003123 seconds
[52.784s][info][safepoint] Application time: 0.0343539 seconds
[52.784s][info][safepoint] Entering safepoint region: GenCollectForAllocation
[52.787s][info][gc       ] GC(1229) Pause Young (Allocation Failure) 2209M->2103M(4258M) 2.153ms
[52.787s][info][safepoint] Leaving safepoint region
[52.787s][info][safepoint] Total time for which application threads were stopped: 0.0028683 seconds, Stopping threads took: 0.0002855 seconds
[52.821s][info][safepoint] Application time: 0.0336024 seconds
[52.821s][info][safepoint] Entering safepoint region: GenCollectForAllocation
[52.823s][info][gc       ] GC(1230) Pause Young (Allocation Failure) 2209M->2103M(4258M) 1.896ms
[52.824s][info][safepoint] Leaving safepoint region
[52.824s][info][safepoint] Total time for which application threads were stopped: 0.0029106 seconds, Stopping threads took: 0.0002530 seconds
[52.857s][info][safepoint] Application time: 0.0325771 seconds
[52.857s][info][safepoint] Entering safepoint region: GenCollectForAllocation
[52.860s][info][gc       ] GC(1231) Pause Young (Allocation Failure) 2209M->2103M(4258M) 1.918ms
[52.860s][info][safepoint] Leaving safepoint region
[52.860s][info][safepoint] Total time for which application threads were stopped: 0.0028362 seconds, Stopping threads took: 0.0003786 seconds
[52.893s][info][safepoint] Application time: 0.0320013 seconds
[52.893s][info][safepoint] Entering safepoint region: GenCollectForAllocation
[52.895s][info][gc       ] GC(1232) Pause Young (Allocation Failure) 2209M->2103M(4258M) 1.719ms
[52.895s][info][safepoint] Leaving safepoint region
[52.896s][info][safepoint] Total time for which application threads were stopped: 0.0027578 seconds, Stopping threads took: 0.0003291 seconds
[52.929s][info][safepoint] Application time: 0.0331478 seconds
[52.929s][info][safepoint] Entering safepoint region: GenCollectForAllocation
[52.931s][info][gc       ] GC(1233) Pause Young (Allocation Failure) 2209M->2103M(4258M) 1.652ms
[52.932s][info][safepoint] Leaving safepoint region
[52.932s][info][safepoint] Total time for which application threads were stopped: 0.0023074 seconds, Stopping threads took: 0.0002323 seconds
[52.965s][info][safepoint] Application time: 0.0335359 seconds
[52.966s][info][safepoint] Entering safepoint region: GenCollectForAllocation
[52.968s][info][gc       ] GC(1234) Pause Young (Allocation Failure) 2209M->2103M(4258M) 1.678ms
[52.968s][info][safepoint] Leaving safepoint region
[52.968s][info][safepoint] Total time for which application threads were stopped: 0.0023271 seconds, Stopping threads took: 0.0001854 seconds
[53.002s][info][safepoint] Application time: 0.0333749 seconds
[53.002s][info][safepoint] Entering safepoint region: GenCollectForAllocation
[53.004s][info][gc       ] GC(1235) Pause Young (Allocation Failure) 2209M->2103M(4258M) 2.004ms
[53.004s][info][safepoint] Leaving safepoint region
[53.005s][info][safepoint] Total time for which application threads were stopped: 0.0028820 seconds, Stopping threads took: 0.0002154 seconds
[53.038s][info][safepoint] Application time: 0.0335006 seconds
[53.039s][info][safepoint] Entering safepoint region: GenCollectForAllocation
[53.041s][info][gc       ] GC(1236) Pause Young (Allocation Failure) 2209M->2103M(4258M) 1.695ms
[53.041s][info][safepoint] Leaving safepoint region
[53.042s][info][safepoint] Total time for which application threads were stopped: 0.0028042 seconds, Stopping threads took: 0.0003393 seconds
[53.076s][info][safepoint] Application time: 0.0337021 seconds
[53.076s][info][safepoint] Entering safepoint region: GenCollectForAllocation
[53.078s][info][gc       ] GC(1237) Pause Young (Allocation Failure) 2209M->2103M(4258M) 1.850ms
[53.079s][info][safepoint] Leaving safepoint region
[53.079s][info][safepoint] Total time for which application threads were stopped: 0.0028201 seconds, Stopping threads took: 0.0003701 seconds
[53.113s][info][safepoint] Application time: 0.0336554 seconds
[53.113s][info][safepoint] Entering safepoint region: GenCollectForAllocation
[53.115s][info][gc       ] GC(1238) Pause Young (Allocation Failure) 2209M->2103M(4258M) 1.677ms
[53.115s][info][safepoint] Leaving safepoint region
[53.116s][info][safepoint] Total time for which application threads were stopped: 0.0025262 seconds, Stopping threads took: 0.0003167 seconds
[53.150s][info][safepoint] Application time: 0.0336571 seconds
[53.150s][info][safepoint] Entering safepoint region: GenCollectForAllocation
[53.152s][info][gc       ] GC(1239) Pause Young (Allocation Failure) 2209M->2103M(4258M) 1.648ms
[53.152s][info][safepoint] Leaving safepoint region
[53.152s][info][safepoint] Total time for which application threads were stopped: 0.0024437 seconds, Stopping threads took: 0.0002202 seconds
[53.186s][info][safepoint] Application time: 0.0337798 seconds
[53.187s][info][safepoint] Entering safepoint region: GenCollectForAllocation
[53.189s][info][gc       ] GC(1240) Pause Young (Allocation Failure) 2209M->2103M(4258M) 2.096ms
[53.189s][info][safepoint] Leaving safepoint region
[53.190s][info][safepoint] Total time for which application threads were stopped: 0.0030381 seconds, Stopping threads took: 0.0003275 seconds
[53.224s][info][safepoint] Application time: 0.0338913 seconds
[53.224s][info][safepoint] Entering safepoint region: GenCollectForAllocation
[53.226s][info][gc       ] GC(1241) Pause Young (Allocation Failure) 2209M->2103M(4258M) 2.050ms
[53.227s][info][safepoint] Leaving safepoint region
[53.227s][info][safepoint] Total time for which application threads were stopped: 0.0029431 seconds, Stopping threads took: 0.0002644 seconds
[53.248s][info][safepoint] Application time: 0.0202639 seconds
[53.248s][info][safepoint] Entering safepoint region: GenCollectForAllocation
[53.282s][info][gc       ] GC(1242) Pause Young (Allocation Failure) 2209M->2166M(4258M) 33.880ms
[53.283s][info][safepoint] Leaving safepoint region
[53.283s][info][safepoint] Total time for which application threads were stopped: 0.0350836 seconds, Stopping threads took: 0.0002820 seconds
[53.284s][info][safepoint] Application time: 0.0002031 seconds
[53.284s][info][safepoint] Entering safepoint region: CMS_Initial_Mark
[53.288s][info][gc       ] GC(1243) Pause Initial Mark 2175M->2175M(4258M) 3.298ms
[53.288s][info][safepoint] Leaving safepoint region
[53.288s][info][safepoint] Total time for which application threads were stopped: 0.0042988 seconds, Stopping threads took: 0.0004317 seconds
[53.289s][info][gc       ] GC(1243) Concurrent Mark
[53.302s][info][safepoint] Application time: 0.0133164 seconds
[53.302s][info][safepoint] Entering safepoint region: GenCollectForAllocation
[53.368s][info][gc       ] GC(1244) Pause Young (Allocation Failure) 2273M->2272M(4258M) 66.080ms
[53.369s][info][safepoint] Leaving safepoint region
[53.369s][info][safepoint] Total time for which application threads were stopped: 0.0670749 seconds, Stopping threads took: 0.0002189 seconds
[53.372s][info][gc       ] GC(1243) Concurrent Mark 83.931ms
[53.373s][info][gc       ] GC(1243) Concurrent Preclean
[53.383s][info][safepoint] Application time: 0.0140715 seconds
[53.384s][info][safepoint] Entering safepoint region: GenCollectForAllocation
[53.451s][info][gc       ] GC(1245) Pause Young (Allocation Failure) 2378M->2378M(4258M) 67.097ms
[53.451s][info][safepoint] Leaving safepoint region
[53.451s][info][safepoint] Total time for which application threads were stopped: 0.0675910 seconds, Stopping threads took: 0.0001096 seconds
[53.465s][info][safepoint] Application time: 0.0131936 seconds
[53.465s][info][safepoint] Entering safepoint region: GenCollectForAllocation
[53.534s][info][gc       ] GC(1246) Pause Young (Allocation Failure) 2484M->2482M(4258M) 69.005ms
[53.534s][info][safepoint] Leaving safepoint region
[53.534s][info][safepoint] Total time for which application threads were stopped: 0.0695676 seconds, Stopping threads took: 0.0001902 seconds
[53.548s][info][safepoint] Application time: 0.0137390 seconds
[53.548s][info][safepoint] Entering safepoint region: GenCollectForAllocation
[53.619s][info][gc       ] GC(1247) Pause Young (Allocation Failure) 2588M->2582M(4258M) 70.594ms
[53.619s][info][safepoint] Leaving safepoint region
[53.619s][info][safepoint] Total time for which application threads were stopped: 0.0710586 seconds, Stopping threads took: 0.0001007 seconds
[53.633s][info][safepoint] Application time: 0.0135024 seconds
[53.633s][info][safepoint] Entering safepoint region: GenCollectForAllocation
[53.702s][info][gc       ] GC(1248) Pause Young (Allocation Failure) 2688M->2693M(4258M) 68.534ms
[53.702s][info][safepoint] Leaving safepoint region
[53.702s][info][safepoint] Total time for which application threads were stopped: 0.0689955 seconds, Stopping threads took: 0.0001004 seconds
[53.716s][info][safepoint] Application time: 0.0138337 seconds
[53.716s][info][safepoint] Entering safepoint region: GenCollectForAllocation
[53.783s][info][gc       ] GC(1249) Pause Young (Allocation Failure) 2799M->2804M(4258M) 67.045ms
[53.784s][info][safepoint] Leaving safepoint region
[53.784s][info][safepoint] Total time for which application threads were stopped: 0.0674821 seconds, Stopping threads took: 0.0000884 seconds
[53.797s][info][safepoint] Application time: 0.0135624 seconds
[53.798s][info][safepoint] Entering safepoint region: GenCollectForAllocation
[53.879s][info][gc       ] GC(1250) Pause Young (Allocation Failure) 2910M->2914M(4258M) 80.801ms
[53.879s][info][safepoint] Leaving safepoint region
[53.879s][info][safepoint] Total time for which application threads were stopped: 0.0813167 seconds, Stopping threads took: 0.0001006 seconds
[53.892s][info][safepoint] Application time: 0.0133693 seconds
[53.893s][info][safepoint] Entering safepoint region: GenCollectForAllocation
[53.959s][info][gc       ] GC(1251) Pause Young (Allocation Failure) 3020M->3025M(4258M) 66.431ms
[53.959s][info][safepoint] Leaving safepoint region
[53.959s][info][safepoint] Total time for which application threads were stopped: 0.0669287 seconds, Stopping threads took: 0.0001082 seconds
[53.973s][info][safepoint] Application time: 0.0137130 seconds
[53.973s][info][safepoint] Entering safepoint region: GenCollectForAllocation
[54.039s][info][gc       ] GC(1252) Pause Young (Allocation Failure) 3131M->3136M(4258M) 65.336ms
[54.039s][info][safepoint] Leaving safepoint region
[54.039s][info][safepoint] Total time for which application threads were stopped: 0.0658630 seconds, Stopping threads took: 0.0001476 seconds
[54.054s][info][safepoint] Application time: 0.0145430 seconds
[54.054s][info][safepoint] Entering safepoint region: GenCollectForAllocation
[54.136s][info][gc       ] GC(1253) Pause Young (Allocation Failure) 3242M->3246M(4258M) 81.328ms
[54.136s][info][safepoint] Leaving safepoint region
[54.136s][info][safepoint] Total time for which application threads were stopped: 0.0818413 seconds, Stopping threads took: 0.0000997 seconds
[54.149s][info][safepoint] Application time: 0.0133029 seconds
[54.150s][info][safepoint] Entering safepoint region: GenCollectForAllocation
[54.220s][info][gc       ] GC(1254) Pause Young (Allocation Failure) 3352M->3357M(4258M) 70.112ms
[54.220s][info][safepoint] Leaving safepoint region
[54.220s][info][safepoint] Total time for which application threads were stopped: 0.0706715 seconds, Stopping threads took: 0.0001007 seconds
[54.235s][info][safepoint] Application time: 0.0146095 seconds
[54.235s][info][safepoint] Entering safepoint region: GenCollectForAllocation
[54.303s][info][gc       ] GC(1255) Pause Young (Allocation Failure) 3463M->3468M(4258M) 67.354ms
[54.303s][info][safepoint] Leaving safepoint region
[54.303s][info][safepoint] Total time for which application threads were stopped: 0.0678930 seconds, Stopping threads took: 0.0001025 seconds
[54.318s][info][safepoint] Application time: 0.0144522 seconds
[54.318s][info][safepoint] Entering safepoint region: GenCollectForAllocation
[54.389s][info][gc       ] GC(1256) Pause Young (Allocation Failure) 3574M->3579M(4258M) 70.672ms
[54.389s][info][safepoint] Leaving safepoint region
[54.389s][info][safepoint] Total time for which application threads were stopped: 0.0711591 seconds, Stopping threads took: 0.0000968 seconds
[54.404s][info][safepoint] Application time: 0.0148060 seconds
[54.404s][info][safepoint] Entering safepoint region: GenCollectForAllocation
[54.473s][info][gc       ] GC(1257) Pause Young (Allocation Failure) 3685M->3690M(4258M) 69.114ms
[54.474s][info][safepoint] Leaving safepoint region
[54.474s][info][safepoint] Total time for which application threads were stopped: 0.0696025 seconds, Stopping threads took: 0.0001222 seconds
[54.487s][info][safepoint] Application time: 0.0135498 seconds
[54.487s][info][safepoint] Entering safepoint region: GenCollectForAllocation
[54.578s][info][gc       ] GC(1258) Pause Young (Allocation Failure) 3796M->3799M(4258M) 90.458ms
[54.578s][info][safepoint] Leaving safepoint region
[54.579s][info][safepoint] Total time for which application threads were stopped: 0.0911269 seconds, Stopping threads took: 0.0000902 seconds
[54.594s][info][safepoint] Application time: 0.0150423 seconds
[54.594s][info][safepoint] Entering safepoint region: GenCollectForAllocation
[54.662s][info][gc       ] GC(1259) Pause Young (Allocation Failure) 3905M->3910M(4258M) 67.592ms
[54.662s][info][safepoint] Leaving safepoint region
[54.662s][info][safepoint] Total time for which application threads were stopped: 0.0682652 seconds, Stopping threads took: 0.0001458 seconds
[54.728s][info][safepoint] Application time: 0.0656244 seconds
[54.729s][info][safepoint] Entering safepoint region: GenCollectForAllocation
[54.905s][info][gc       ] GC(1260) Pause Young (Allocation Failure) 4016M->4064M(4258M) 175.634ms
[54.905s][info][safepoint] Leaving safepoint region
[54.905s][info][safepoint] Total time for which application threads were stopped: 0.1765006 seconds, Stopping threads took: 0.0004108 seconds
[54.974s][info][safepoint] Application time: 0.0683508 seconds
[54.974s][info][safepoint] Entering safepoint region: GenCollectForAllocation
[55.052s][info][gc       ] GC(1261) Pause Young (Allocation Failure) 4170M->4131M(4258M) 76.924ms
[55.052s][info][safepoint] Leaving safepoint region
[55.052s][info][safepoint] Total time for which application threads were stopped: 0.0778799 seconds, Stopping threads took: 0.0005914 seconds
[55.092s][info][safepoint] Application time: 0.0398202 seconds
[55.092s][info][safepoint] Entering safepoint region: GenCollectForAllocation
[55.107s][info][gc       ] GC(1262) Pause Young (Allocation Failure) 4237M->4139M(4258M) 14.807ms
[55.108s][info][safepoint] Leaving safepoint region
[55.108s][info][safepoint] Total time for which application threads were stopped: 0.0161097 seconds, Stopping threads took: 0.0002142 seconds
[55.147s][info][safepoint] Application time: 0.0374686 seconds
[55.147s][info][safepoint] Entering safepoint region: GenCollectForAllocation
[55.149s][info][gc       ] GC(1263) Pause Young (Allocation Failure) 4246M->4138M(4258M) 2.126ms
[55.150s][info][safepoint] Leaving safepoint region
[55.150s][info][safepoint] Total time for which application threads were stopped: 0.0030058 seconds, Stopping threads took: 0.0002314 seconds
[55.188s][info][safepoint] Application time: 0.0384099 seconds
[55.189s][info][safepoint] Entering safepoint region: GenCollectForAllocation
[55.192s][info][gc       ] GC(1264) Pause Young (Allocation Failure) 4244M->4137M(4258M) 2.533ms
[55.192s][info][safepoint] Leaving safepoint region
[55.193s][info][safepoint] Total time for which application threads were stopped: 0.0038042 seconds, Stopping threads took: 0.0003240 seconds
[55.247s][info][safepoint] Application time: 0.0534949 seconds
[55.247s][info][safepoint] Entering safepoint region: GenCollectForAllocation
[55.250s][info][gc       ] GC(1265) Pause Young (Allocation Failure) 4244M->4137M(4258M) 2.480ms
[55.251s][info][safepoint] Leaving safepoint region
[55.251s][info][safepoint] Total time for which application threads were stopped: 0.0038456 seconds, Stopping threads took: 0.0005134 seconds
[55.290s][info][safepoint] Application time: 0.0382544 seconds
[55.290s][info][safepoint] Entering safepoint region: GenCollectForAllocation
[55.293s][info][gc       ] GC(1266) Pause Young (Allocation Failure) 4244M->4137M(4258M) 2.428ms
[55.294s][info][safepoint] Leaving safepoint region
[55.294s][info][safepoint] Total time for which application threads were stopped: 0.0040133 seconds, Stopping threads took: 0.0005610 seconds
[55.333s][info][safepoint] Application time: 0.0381353 seconds
[55.333s][info][safepoint] Entering safepoint region: GenCollectForAllocation
[55.336s][info][gc       ] GC(1267) Pause Young (Allocation Failure) 4243M->4137M(4258M) 2.209ms
[55.337s][info][safepoint] Leaving safepoint region
[55.337s][info][safepoint] Total time for which application threads were stopped: 0.0038308 seconds, Stopping threads took: 0.0005661 seconds
[55.374s][info][safepoint] Application time: 0.0362035 seconds
[55.374s][info][safepoint] Entering safepoint region: GenCollectForAllocation
[55.377s][info][gc       ] GC(1268) Pause Young (Allocation Failure) 4243M->4137M(4258M) 2.162ms
[55.377s][info][safepoint] Leaving safepoint region
[55.378s][info][safepoint] Total time for which application threads were stopped: 0.0032569 seconds, Stopping threads took: 0.0002738 seconds
[55.414s][info][safepoint] Application time: 0.0362071 seconds
[55.415s][info][safepoint] Entering safepoint region: GenCollectForAllocation
[55.417s][info][gc       ] GC(1269) Pause Young (Allocation Failure) 4243M->4137M(4258M) 2.376ms
[55.418s][info][safepoint] Leaving safepoint region
[55.418s][info][safepoint] Total time for which application threads were stopped: 0.0037062 seconds, Stopping threads took: 0.0004679 seconds
[55.455s][info][safepoint] Application time: 0.0362806 seconds
[55.456s][info][safepoint] Entering safepoint region: GenCollectForAllocation
[55.458s][info][gc       ] GC(1270) Pause Young (Allocation Failure) 4243M->4137M(4258M) 2.077ms
[55.459s][info][safepoint] Leaving safepoint region
[55.459s][info][safepoint] Total time for which application threads were stopped: 0.0035269 seconds, Stopping threads took: 0.0006159 seconds
[55.495s][info][safepoint] Application time: 0.0360205 seconds
[55.496s][info][safepoint] Entering safepoint region: GenCollectForAllocation
[55.498s][info][gc       ] GC(1271) Pause Young (Allocation Failure) 4243M->4137M(4258M) 2.123ms
[55.499s][info][safepoint] Leaving safepoint region
[55.499s][info][safepoint] Total time for which application threads were stopped: 0.0033163 seconds, Stopping threads took: 0.0004461 seconds
[55.538s][info][safepoint] Application time: 0.0388574 seconds
[55.539s][info][safepoint] Entering safepoint region: GenCollectForAllocation
[55.542s][info][gc       ] GC(1272) Pause Young (Allocation Failure) 4243M->4137M(4258M) 2.428ms
[55.543s][info][safepoint] Leaving safepoint region
[55.543s][info][safepoint] Total time for which application threads were stopped: 0.0038782 seconds, Stopping threads took: 0.0005530 seconds
[55.581s][info][safepoint] Application time: 0.0378446 seconds
[55.582s][info][safepoint] Entering safepoint region: GenCollectForAllocation
[55.584s][info][gc       ] GC(1273) Pause Young (Allocation Failure) 4243M->4137M(4258M) 2.125ms
[55.585s][info][safepoint] Leaving safepoint region
[55.585s][info][safepoint] Total time for which application threads were stopped: 0.0034283 seconds, Stopping threads took: 0.0004488 seconds
[55.624s][info][safepoint] Application time: 0.0384932 seconds
[55.625s][info][safepoint] Entering safepoint region: GenCollectForAllocation
[55.627s][info][gc       ] GC(1274) Pause Young (Allocation Failure) 4243M->4137M(4258M) 2.451ms
[55.628s][info][safepoint] Leaving safepoint region
[55.628s][info][safepoint] Total time for which application threads were stopped: 0.0036720 seconds, Stopping threads took: 0.0003843 seconds
[55.648s][info][gc       ] GC(1243) Concurrent Preclean 2275.287ms
[55.649s][info][gc       ] GC(1243) Concurrent Abortable Preclean
[55.665s][info][safepoint] Application time: 0.0364668 seconds
[55.665s][info][safepoint] Entering safepoint region: GenCollectForAllocation
[55.668s][info][gc       ] GC(1275) Pause Young (Allocation Failure) 4243M->4137M(4258M) 2.028ms
[55.668s][info][safepoint] Leaving safepoint region
[55.669s][info][safepoint] Total time for which application threads were stopped: 0.0031641 seconds, Stopping threads took: 0.0003711 seconds
[55.669s][info][gc       ] GC(1243) Concurrent Abortable Preclean 20.439ms
[55.669s][info][safepoint] Application time: 0.0003720 seconds
[55.670s][info][safepoint] Entering safepoint region: CMS_Final_Remark
[55.671s][info][gc       ] GC(1243) Pause Remark 4139M->4139M(4258M) 1.211ms
[55.671s][info][safepoint] Leaving safepoint region
[55.671s][info][safepoint] Total time for which application threads were stopped: 0.0017505 seconds, Stopping threads took: 0.0002055 seconds
[55.671s][info][gc       ] GC(1243) Concurrent Sweep
[55.707s][info][safepoint] Application time: 0.0360896 seconds
[55.708s][info][safepoint] Entering safepoint region: GenCollectForAllocation
[55.711s][info][gc       ] GC(1276) Pause Young (Allocation Failure) 4152M->4046M(4258M) 2.671ms
[55.711s][info][safepoint] Leaving safepoint region
[55.712s][info][safepoint] Total time for which application threads were stopped: 0.0038638 seconds, Stopping threads took: 0.0004638 seconds
[55.750s][info][safepoint] Application time: 0.0374375 seconds
[55.750s][info][safepoint] Entering safepoint region: GenCollectForAllocation
[55.753s][info][gc       ] GC(1277) Pause Young (Allocation Failure) 4053M->3946M(4258M) 2.294ms
[55.753s][info][safepoint] Leaving safepoint region
[55.753s][info][safepoint] Total time for which application threads were stopped: 0.0034566 seconds, Stopping threads took: 0.0004177 seconds
[55.791s][info][safepoint] Application time: 0.0368892 seconds
[55.791s][info][safepoint] Entering safepoint region: GenCollectForAllocation
[55.794s][info][gc       ] GC(1278) Pause Young (Allocation Failure) 3954M->3848M(4258M) 2.244ms
[55.794s][info][safepoint] Leaving safepoint region
[55.795s][info][safepoint] Total time for which application threads were stopped: 0.0036332 seconds, Stopping threads took: 0.0005188 seconds
[55.830s][info][safepoint] Application time: 0.0352459 seconds
[55.831s][info][safepoint] Entering safepoint region: GenCollectForAllocation
[55.834s][info][gc       ] GC(1279) Pause Young (Allocation Failure) 3874M->3768M(4258M) 2.436ms
[55.834s][info][safepoint] Leaving safepoint region
[55.835s][info][safepoint] Total time for which application threads were stopped: 0.0038966 seconds, Stopping threads took: 0.0004523 seconds
[55.872s][info][safepoint] Application time: 0.0368157 seconds
[55.873s][info][safepoint] Entering safepoint region: GenCollectForAllocation
[55.875s][info][gc       ] GC(1280) Pause Young (Allocation Failure) 3784M->3678M(4258M) 2.163ms
[55.876s][info][safepoint] Leaving safepoint region
[55.876s][info][safepoint] Total time for which application threads were stopped: 0.0035202 seconds, Stopping threads took: 0.0005479 seconds
[55.912s][info][safepoint] Application time: 0.0358147 seconds
[55.913s][info][safepoint] Entering safepoint region: GenCollectForAllocation
[55.915s][info][gc       ] GC(1281) Pause Young (Allocation Failure) 3709M->3602M(4258M) 2.113ms
[55.916s][info][safepoint] Leaving safepoint region
[55.916s][info][safepoint] Total time for which application threads were stopped: 0.0033328 seconds, Stopping threads took: 0.0003115 seconds
[55.953s][info][safepoint] Application time: 0.0368123 seconds
[55.954s][info][safepoint] Entering safepoint region: GenCollectForAllocation
[55.956s][info][gc       ] GC(1282) Pause Young (Allocation Failure) 3646M->3540M(4258M) 2.092ms
[55.957s][info][safepoint] Leaving safepoint region
[55.957s][info][safepoint] Total time for which application threads were stopped: 0.0032860 seconds, Stopping threads took: 0.0003257 seconds
[55.994s][info][safepoint] Application time: 0.0368423 seconds
[55.995s][info][safepoint] Entering safepoint region: GenCollectForAllocation
[55.997s][info][gc       ] GC(1283) Pause Young (Allocation Failure) 3602M->3496M(4258M) 2.122ms
[55.998s][info][safepoint] Leaving safepoint region
[55.998s][info][safepoint] Total time for which application threads were stopped: 0.0033516 seconds, Stopping threads took: 0.0004247 seconds
[56.037s][info][safepoint] Application time: 0.0385962 seconds
[56.038s][info][safepoint] Entering safepoint region: GenCollectForAllocation
[56.040s][info][gc       ] GC(1284) Pause Young (Allocation Failure) 3544M->3438M(4258M) 2.053ms
[56.041s][info][safepoint] Leaving safepoint region
[56.041s][info][safepoint] Total time for which application threads were stopped: 0.0035237 seconds, Stopping threads took: 0.0005701 seconds
[56.077s][info][safepoint] Application time: 0.0358981 seconds
[56.078s][info][safepoint] Entering safepoint region: GenCollectForAllocation
[56.080s][info][gc       ] GC(1285) Pause Young (Allocation Failure) 3502M->3396M(4258M) 2.109ms
[56.081s][info][safepoint] Leaving safepoint region
[56.081s][info][safepoint] Total time for which application threads were stopped: 0.0033598 seconds, Stopping threads took: 0.0003830 seconds
[56.117s][info][safepoint] Application time: 0.0356257 seconds
[56.118s][info][safepoint] Entering safepoint region: GenCollectForAllocation
[56.120s][info][gc       ] GC(1286) Pause Young (Allocation Failure) 3488M->3382M(4258M) 1.976ms
[56.120s][info][safepoint] Leaving safepoint region
[56.121s][info][safepoint] Total time for which application threads were stopped: 0.0032286 seconds, Stopping threads took: 0.0004119 seconds
[56.158s][info][safepoint] Application time: 0.0366956 seconds
[56.158s][info][safepoint] Entering safepoint region: GenCollectForAllocation
[56.161s][info][gc       ] GC(1287) Pause Young (Allocation Failure) 3488M->3382M(4258M) 1.962ms
[56.161s][info][safepoint] Leaving safepoint region
[56.162s][info][safepoint] Total time for which application threads were stopped: 0.0032581 seconds, Stopping threads took: 0.0004067 seconds
[56.197s][info][safepoint] Application time: 0.0355273 seconds
[56.198s][info][safepoint] Entering safepoint region: GenCollectForAllocation
[56.200s][info][gc       ] GC(1288) Pause Young (Allocation Failure) 3488M->3382M(4258M) 2.040ms
[56.201s][info][safepoint] Leaving safepoint region
[56.201s][info][safepoint] Total time for which application threads were stopped: 0.0034065 seconds, Stopping threads took: 0.0004859 seconds
[56.237s][info][safepoint] Application time: 0.0355887 seconds
[56.238s][info][safepoint] Entering safepoint region: GenCollectForAllocation
[56.240s][info][gc       ] GC(1289) Pause Young (Allocation Failure) 3488M->3382M(4258M) 2.154ms
[56.241s][info][safepoint] Leaving safepoint region
[56.241s][info][safepoint] Total time for which application threads were stopped: 0.0036196 seconds, Stopping threads took: 0.0004547 seconds
[56.276s][info][safepoint] Application time: 0.0346145 seconds
[56.277s][info][safepoint] Entering safepoint region: GenCollectForAllocation
[56.279s][info][gc       ] GC(1290) Pause Young (Allocation Failure) 3488M->3382M(4258M) 2.010ms
[56.279s][info][safepoint] Leaving safepoint region
[56.280s][info][safepoint] Total time for which application threads were stopped: 0.0032746 seconds, Stopping threads took: 0.0003565 seconds
[56.319s][info][safepoint] Application time: 0.0382059 seconds
[56.319s][info][safepoint] Entering safepoint region: GenCollectForAllocation
[56.322s][info][gc       ] GC(1291) Pause Young (Allocation Failure) 3487M->3381M(4258M) 2.294ms
[56.323s][info][safepoint] Leaving safepoint region
[56.323s][info][safepoint] Total time for which application threads were stopped: 0.0041388 seconds, Stopping threads took: 0.0006675 seconds
[56.359s][info][safepoint] Application time: 0.0355430 seconds
[56.360s][info][safepoint] Entering safepoint region: GenCollectForAllocation
[56.362s][info][gc       ] GC(1292) Pause Young (Allocation Failure) 3434M->3328M(4258M) 1.942ms
[56.362s][info][safepoint] Leaving safepoint region
[56.363s][info][safepoint] Total time for which application threads were stopped: 0.0028261 seconds, Stopping threads took: 0.0003292 seconds
[56.400s][info][safepoint] Application time: 0.0370012 seconds
[56.400s][info][safepoint] Entering safepoint region: GenCollectForAllocation
[56.403s][info][gc       ] GC(1293) Pause Young (Allocation Failure) 3359M->3253M(4258M) 2.422ms
[56.404s][info][safepoint] Leaving safepoint region
[56.404s][info][safepoint] Total time for which application threads were stopped: 0.0037646 seconds, Stopping threads took: 0.0005261 seconds
[56.440s][info][safepoint] Application time: 0.0352990 seconds
[56.440s][info][safepoint] Entering safepoint region: GenCollectForAllocation
[56.443s][info][gc       ] GC(1294) Pause Young (Allocation Failure) 3285M->3179M(4258M) 2.129ms
[56.443s][info][safepoint] Leaving safepoint region
[56.444s][info][safepoint] Total time for which application threads were stopped: 0.0034524 seconds, Stopping threads took: 0.0004261 seconds
[56.479s][info][safepoint] Application time: 0.0353770 seconds
[56.480s][info][safepoint] Entering safepoint region: GenCollectForAllocation
[56.483s][info][gc       ] GC(1295) Pause Young (Allocation Failure) 3211M->3105M(4258M) 2.292ms
[56.483s][info][safepoint] Leaving safepoint region
[56.484s][info][safepoint] Total time for which application threads were stopped: 0.0036578 seconds, Stopping threads took: 0.0004253 seconds
[56.520s][info][safepoint] Application time: 0.0357070 seconds
[56.520s][info][safepoint] Entering safepoint region: GenCollectForAllocation
[56.523s][info][gc       ] GC(1296) Pause Young (Allocation Failure) 3048M->2941M(4258M) 2.064ms
[56.523s][info][safepoint] Leaving safepoint region
[56.523s][info][safepoint] Total time for which application threads were stopped: 0.0033940 seconds, Stopping threads took: 0.0004318 seconds
[56.560s][info][safepoint] Application time: 0.0361528 seconds
[56.560s][info][safepoint] Entering safepoint region: GenCollectForAllocation
[56.563s][info][gc       ] GC(1297) Pause Young (Allocation Failure) 2974M->2868M(4258M) 1.990ms
[56.563s][info][safepoint] Leaving safepoint region
[56.564s][info][safepoint] Total time for which application threads were stopped: 0.0032631 seconds, Stopping threads took: 0.0004058 seconds
[56.600s][info][safepoint] Application time: 0.0356650 seconds
[56.600s][info][safepoint] Entering safepoint region: GenCollectForAllocation
[56.602s][info][gc       ] GC(1298) Pause Young (Allocation Failure) 2932M->2826M(4258M) 1.917ms
[56.603s][info][safepoint] Leaving safepoint region
[56.603s][info][safepoint] Total time for which application threads were stopped: 0.0027922 seconds, Stopping threads took: 0.0002216 seconds
[56.639s][info][safepoint] Application time: 0.0358493 seconds
[56.639s][info][safepoint] Entering safepoint region: GenCollectForAllocation
[56.642s][info][gc       ] GC(1299) Pause Young (Allocation Failure) 2894M->2787M(4258M) 1.923ms
[56.642s][info][safepoint] Leaving safepoint region
[56.642s][info][safepoint] Total time for which application threads were stopped: 0.0031063 seconds, Stopping threads took: 0.0004059 seconds
[56.679s][info][safepoint] Application time: 0.0358393 seconds
[56.679s][info][safepoint] Entering safepoint region: GenCollectForAllocation
[56.681s][info][gc       ] GC(1300) Pause Young (Allocation Failure) 2865M->2759M(4258M) 1.989ms
[56.682s][info][safepoint] Leaving safepoint region
[56.682s][info][safepoint] Total time for which application threads were stopped: 0.0031327 seconds, Stopping threads took: 0.0002383 seconds
[56.718s][info][safepoint] Application time: 0.0355679 seconds
[56.719s][info][safepoint] Entering safepoint region: GenCollectForAllocation
[56.721s][info][gc       ] GC(1301) Pause Young (Allocation Failure) 2832M->2726M(4258M) 1.890ms
[56.722s][info][safepoint] Leaving safepoint region
[56.722s][info][safepoint] Total time for which application threads were stopped: 0.0031691 seconds, Stopping threads took: 0.0004216 seconds
[56.758s][info][safepoint] Application time: 0.0358286 seconds
[56.758s][info][safepoint] Entering safepoint region: GenCollectForAllocation
[56.761s][info][gc       ] GC(1302) Pause Young (Allocation Failure) 2765M->2659M(4258M) 2.022ms
[56.761s][info][safepoint] Leaving safepoint region
[56.762s][info][safepoint] Total time for which application threads were stopped: 0.0032941 seconds, Stopping threads took: 0.0004617 seconds
[56.798s][info][safepoint] Application time: 0.0358913 seconds
[56.799s][info][safepoint] Entering safepoint region: GenCollectForAllocation
[56.801s][info][gc       ] GC(1303) Pause Young (Allocation Failure) 2695M->2589M(4258M) 2.411ms
[56.802s][info][safepoint] Leaving safepoint region
[56.802s][info][safepoint] Total time for which application threads were stopped: 0.0036083 seconds, Stopping threads took: 0.0004392 seconds
[56.838s][info][safepoint] Application time: 0.0357031 seconds
[56.839s][info][safepoint] Entering safepoint region: GenCollectForAllocation
[56.841s][info][gc       ] GC(1304) Pause Young (Allocation Failure) 2567M->2461M(4258M) 2.171ms
[56.842s][info][safepoint] Leaving safepoint region
[56.842s][info][safepoint] Total time for which application threads were stopped: 0.0034112 seconds, Stopping threads took: 0.0004194 seconds
[56.878s][info][safepoint] Application time: 0.0358192 seconds
[56.879s][info][safepoint] Entering safepoint region: GenCollectForAllocation
[56.881s][info][gc       ] GC(1305) Pause Young (Allocation Failure) 2497M->2391M(4258M) 2.261ms
[56.882s][info][safepoint] Leaving safepoint region
[56.882s][info][safepoint] Total time for which application threads were stopped: 0.0034412 seconds, Stopping threads took: 0.0004513 seconds
[56.918s][info][safepoint] Application time: 0.0359225 seconds
[56.919s][info][safepoint] Entering safepoint region: GenCollectForAllocation
[56.921s][info][gc       ] GC(1306) Pause Young (Allocation Failure) 2427M->2321M(4258M) 1.893ms
[56.921s][info][safepoint] Leaving safepoint region
[56.922s][info][safepoint] Total time for which application threads were stopped: 0.0029757 seconds, Stopping threads took: 0.0004542 seconds
[56.958s][info][safepoint] Application time: 0.0360387 seconds
[56.958s][info][safepoint] Entering safepoint region: GenCollectForAllocation
[56.961s][info][gc       ] GC(1307) Pause Young (Allocation Failure) 2357M->2251M(4258M) 2.013ms
[56.961s][info][safepoint] Leaving safepoint region
[56.962s][info][safepoint] Total time for which application threads were stopped: 0.0036609 seconds, Stopping threads took: 0.0002573 seconds
[56.999s][info][safepoint] Application time: 0.0372016 seconds
[57.000s][info][safepoint] Entering safepoint region: GenCollectForAllocation
[57.002s][info][gc       ] GC(1308) Pause Young (Allocation Failure) 2235M->2129M(4258M) 2.030ms
[57.003s][info][safepoint] Leaving safepoint region
[57.003s][info][safepoint] Total time for which application threads were stopped: 0.0031758 seconds, Stopping threads took: 0.0003966 seconds
[57.039s][info][safepoint] Application time: 0.0357870 seconds
[57.039s][info][safepoint] Entering safepoint region: GenCollectForAllocation
[57.042s][info][gc       ] GC(1309) Pause Young (Allocation Failure) 2204M->2098M(4258M) 1.841ms
[57.042s][info][safepoint] Leaving safepoint region
[57.042s][info][safepoint] Total time for which application threads were stopped: 0.0029602 seconds, Stopping threads took: 0.0003310 seconds
[57.078s][info][safepoint] Application time: 0.0358870 seconds
[57.079s][info][safepoint] Entering safepoint region: GenCollectForAllocation
[57.081s][info][gc       ] GC(1310) Pause Young (Allocation Failure) 2200M->2094M(4258M) 1.896ms
[57.082s][info][safepoint] Leaving safepoint region
[57.082s][info][safepoint] Total time for which application threads were stopped: 0.0031042 seconds, Stopping threads took: 0.0004143 seconds
[57.119s][info][safepoint] Application time: 0.0365658 seconds
[57.119s][info][safepoint] Entering safepoint region: GenCollectForAllocation
[57.122s][info][gc       ] GC(1311) Pause Young (Allocation Failure) 2200M->2094M(4258M) 1.954ms
[57.122s][info][safepoint] Leaving safepoint region
[57.122s][info][safepoint] Total time for which application threads were stopped: 0.0028646 seconds, Stopping threads took: 0.0003117 seconds
[57.159s][info][safepoint] Application time: 0.0366512 seconds
[57.159s][info][safepoint] Entering safepoint region: GenCollectForAllocation
[57.162s][info][gc       ] GC(1312) Pause Young (Allocation Failure) 2200M->2094M(4258M) 1.983ms
[57.162s][info][safepoint] Leaving safepoint region
[57.163s][info][safepoint] Total time for which application threads were stopped: 0.0031599 seconds, Stopping threads took: 0.0003264 seconds
[57.200s][info][safepoint] Application time: 0.0370366 seconds
[57.200s][info][safepoint] Entering safepoint region: GenCollectForAllocation
[57.203s][info][gc       ] GC(1313) Pause Young (Allocation Failure) 2200M->2094M(4258M) 2.174ms
[57.203s][info][safepoint] Leaving safepoint region
[57.204s][info][safepoint] Total time for which application threads were stopped: 0.0033618 seconds, Stopping threads took: 0.0003908 seconds
[57.216s][info][gc       ] GC(1243) Concurrent Sweep 1544.376ms
[57.216s][info][gc       ] GC(1243) Concurrent Reset
[57.219s][info][gc       ] GC(1243) Concurrent Reset 3.198ms
[57.240s][info][safepoint] Application time: 0.0359103 seconds
[57.240s][info][safepoint] Entering safepoint region: GenCollectForAllocation
[57.243s][info][gc       ] GC(1314) Pause Young (Allocation Failure) 2199M->2093M(4258M) 2.206ms
[57.243s][info][safepoint] Leaving safepoint region
[57.244s][info][safepoint] Total time for which application threads were stopped: 0.0033713 seconds, Stopping threads took: 0.0004214 seconds
[57.280s][info][safepoint] Application time: 0.0356534 seconds
[57.280s][info][safepoint] Entering safepoint region: GenCollectForAllocation
[57.283s][info][gc       ] GC(1315) Pause Young (Allocation Failure) 2199M->2093M(4258M) 1.911ms
[57.283s][info][safepoint] Leaving safepoint region
[57.284s][info][safepoint] Total time for which application threads were stopped: 0.0033162 seconds, Stopping threads took: 0.0004329 seconds
[57.319s][info][safepoint] Application time: 0.0355046 seconds
[57.320s][info][safepoint] Entering safepoint region: GenCollectForAllocation
[57.322s][info][gc       ] GC(1316) Pause Young (Allocation Failure) 2199M->2093M(4258M) 2.095ms
[57.323s][info][safepoint] Leaving safepoint region
[57.323s][info][safepoint] Total time for which application threads were stopped: 0.0030886 seconds, Stopping threads took: 0.0004446 seconds
[57.359s][info][safepoint] Application time: 0.0354148 seconds
[57.359s][info][safepoint] Entering safepoint region: GenCollectForAllocation
[57.361s][info][gc       ] GC(1317) Pause Young (Allocation Failure) 2199M->2093M(4258M) 1.883ms
[57.362s][info][safepoint] Leaving safepoint region
[57.362s][info][safepoint] Total time for which application threads were stopped: 0.0030304 seconds, Stopping threads took: 0.0003487 seconds
[57.398s][info][safepoint] Application time: 0.0354663 seconds
[57.398s][info][safepoint] Entering safepoint region: GenCollectForAllocation
[57.401s][info][gc       ] GC(1318) Pause Young (Allocation Failure) 2199M->2093M(4258M) 1.818ms
[57.401s][info][safepoint] Leaving safepoint region
[57.401s][info][safepoint] Total time for which application threads were stopped: 0.0026347 seconds, Stopping threads took: 0.0003404 seconds
[57.437s][info][safepoint] Application time: 0.0353873 seconds
[57.437s][info][safepoint] Entering safepoint region: GenCollectForAllocation
[57.439s][info][gc       ] GC(1319) Pause Young (Allocation Failure) 2199M->2093M(4258M) 1.787ms
[57.440s][info][safepoint] Leaving safepoint region
[57.440s][info][safepoint] Total time for which application threads were stopped: 0.0029758 seconds, Stopping threads took: 0.0003666 seconds
[57.476s][info][safepoint] Application time: 0.0356329 seconds
[57.476s][info][safepoint] Entering safepoint region: GenCollectForAllocation
[57.479s][info][gc       ] GC(1320) Pause Young (Allocation Failure) 2199M->2093M(4258M) 2.270ms
[57.479s][info][safepoint] Leaving safepoint region
[57.480s][info][safepoint] Total time for which application threads were stopped: 0.0032880 seconds, Stopping threads took: 0.0004092 seconds
[57.516s][info][safepoint] Application time: 0.0356841 seconds
[57.516s][info][safepoint] Entering safepoint region: GenCollectForAllocation
[57.518s][info][gc       ] GC(1321) Pause Young (Allocation Failure) 2199M->2093M(4258M) 1.992ms
[57.519s][info][safepoint] Leaving safepoint region
[57.519s][info][safepoint] Total time for which application threads were stopped: 0.0030861 seconds, Stopping threads took: 0.0004094 seconds
[57.555s][info][safepoint] Application time: 0.0353254 seconds
[57.555s][info][safepoint] Entering safepoint region: GenCollectForAllocation
[57.557s][info][gc       ] GC(1322) Pause Young (Allocation Failure) 2199M->2093M(4258M) 1.791ms
[57.558s][info][safepoint] Leaving safepoint region
[57.558s][info][safepoint] Total time for which application threads were stopped: 0.0030086 seconds, Stopping threads took: 0.0003582 seconds
[57.594s][info][safepoint] Application time: 0.0354336 seconds
[57.594s][info][safepoint] Entering safepoint region: GenCollectForAllocation
[57.596s][info][gc       ] GC(1323) Pause Young (Allocation Failure) 2199M->2093M(4258M) 1.877ms
[57.597s][info][safepoint] Leaving safepoint region
[57.597s][info][safepoint] Total time for which application threads were stopped: 0.0030550 seconds, Stopping threads took: 0.0003858 seconds
[57.633s][info][safepoint] Application time: 0.0352091 seconds
[57.633s][info][safepoint] Entering safepoint region: GenCollectForAllocation
[57.636s][info][gc       ] GC(1324) Pause Young (Allocation Failure) 2199M->2093M(4258M) 2.240ms
[57.636s][info][safepoint] Leaving safepoint region
[57.637s][info][safepoint] Total time for which application threads were stopped: 0.0035244 seconds, Stopping threads took: 0.0004497 seconds
[57.672s][info][safepoint] Application time: 0.0347665 seconds
[57.672s][info][safepoint] Entering safepoint region: GenCollectForAllocation
[57.675s][info][gc       ] GC(1325) Pause Young (Allocation Failure) 2199M->2093M(4258M) 2.003ms
[57.675s][info][safepoint] Leaving safepoint region
[57.675s][info][safepoint] Total time for which application threads were stopped: 0.0031431 seconds, Stopping threads took: 0.0003993 seconds
[57.710s][info][safepoint] Application time: 0.0344464 seconds
[57.710s][info][safepoint] Entering safepoint region: GenCollectForAllocation
[57.713s][info][gc       ] GC(1326) Pause Young (Allocation Failure) 2199M->2093M(4258M) 2.334ms
[57.714s][info][safepoint] Leaving safepoint region
[57.714s][info][safepoint] Total time for which application threads were stopped: 0.0034692 seconds, Stopping threads took: 0.0004182 seconds
[57.749s][info][safepoint] Application time: 0.0345013 seconds
[57.749s][info][safepoint] Entering safepoint region: GenCollectForAllocation
[57.751s][info][gc       ] GC(1327) Pause Young (Allocation Failure) 2199M->2093M(4258M) 2.126ms
[57.752s][info][safepoint] Leaving safepoint region
[57.752s][info][safepoint] Total time for which application threads were stopped: 0.0030641 seconds, Stopping threads took: 0.0002819 seconds
[57.788s][info][safepoint] Application time: 0.0355102 seconds
[57.788s][info][safepoint] Entering safepoint region: GenCollectForAllocation
[57.791s][info][gc       ] GC(1328) Pause Young (Allocation Failure) 2199M->2093M(4258M) 1.888ms
[57.791s][info][safepoint] Leaving safepoint region
[57.791s][info][safepoint] Total time for which application threads were stopped: 0.0030202 seconds, Stopping threads took: 0.0003022 seconds
[57.827s][info][safepoint] Application time: 0.0352167 seconds
[57.827s][info][safepoint] Entering safepoint region: GenCollectForAllocation
[57.830s][info][gc       ] GC(1329) Pause Young (Allocation Failure) 2199M->2093M(4258M) 2.173ms
[57.830s][info][safepoint] Leaving safepoint region
[57.831s][info][safepoint] Total time for which application threads were stopped: 0.0033695 seconds, Stopping threads took: 0.0003638 seconds
[57.866s][info][safepoint] Application time: 0.0351821 seconds
[57.867s][info][safepoint] Entering safepoint region: GenCollectForAllocation
[57.869s][info][gc       ] GC(1330) Pause Young (Allocation Failure) 2199M->2093M(4258M) 1.845ms
[57.869s][info][safepoint] Leaving safepoint region
[57.870s][info][safepoint] Total time for which application threads were stopped: 0.0029906 seconds, Stopping threads took: 0.0002947 seconds
[57.905s][info][safepoint] Application time: 0.0352809 seconds
[57.905s][info][safepoint] Entering safepoint region: GenCollectForAllocation
[57.908s][info][gc       ] GC(1331) Pause Young (Allocation Failure) 2199M->2093M(4258M) 1.910ms
[57.908s][info][safepoint] Leaving safepoint region
[57.908s][info][safepoint] Total time for which application threads were stopped: 0.0028980 seconds, Stopping threads took: 0.0002479 seconds
[57.944s][info][safepoint] Application time: 0.0349954 seconds
[57.944s][info][safepoint] Entering safepoint region: GenCollectForAllocation
[57.946s][info][gc       ] GC(1332) Pause Young (Allocation Failure) 2199M->2093M(4258M) 1.985ms
[57.947s][info][safepoint] Leaving safepoint region
[57.947s][info][safepoint] Total time for which application threads were stopped: 0.0030664 seconds, Stopping threads took: 0.0003573 seconds
[57.984s][info][safepoint] Application time: 0.0361186 seconds
[57.984s][info][safepoint] Entering safepoint region: GenCollectForAllocation
[57.986s][info][gc       ] GC(1333) Pause Young (Allocation Failure) 2199M->2093M(4258M) 1.856ms
[57.987s][info][safepoint] Leaving safepoint region
[57.987s][info][safepoint] Total time for which application threads were stopped: 0.0030355 seconds, Stopping threads took: 0.0003930 seconds
[58.023s][info][safepoint] Application time: 0.0360295 seconds
[58.024s][info][safepoint] Entering safepoint region: GenCollectForAllocation
[58.026s][info][gc       ] GC(1334) Pause Young (Allocation Failure) 2199M->2093M(4258M) 2.218ms
[58.027s][info][safepoint] Leaving safepoint region
[58.027s][info][safepoint] Total time for which application threads were stopped: 0.0033662 seconds, Stopping threads took: 0.0004129 seconds
[58.063s][info][safepoint] Application time: 0.0352655 seconds
[58.063s][info][safepoint] Entering safepoint region: GenCollectForAllocation
[58.066s][info][gc       ] GC(1335) Pause Young (Allocation Failure) 2199M->2093M(4258M) 2.269ms
[58.066s][info][safepoint] Leaving safepoint region
[58.066s][info][safepoint] Total time for which application threads were stopped: 0.0032613 seconds, Stopping threads took: 0.0003910 seconds
[58.100s][info][safepoint] Application time: 0.0335809 seconds
[58.101s][info][safepoint] Entering safepoint region: GenCollectForAllocation
[58.103s][info][gc       ] GC(1336) Pause Young (Allocation Failure) 2199M->2093M(4258M) 2.210ms
[58.104s][info][safepoint] Leaving safepoint region
[58.104s][info][safepoint] Total time for which application threads were stopped: 0.0035705 seconds, Stopping threads took: 0.0004166 seconds
[58.139s][info][safepoint] Application time: 0.0341323 seconds
[58.139s][info][safepoint] Entering safepoint region: GenCollectForAllocation
[58.142s][info][gc       ] GC(1337) Pause Young (Allocation Failure) 2199M->2093M(4258M) 2.214ms
[58.142s][info][safepoint] Leaving safepoint region
[58.142s][info][safepoint] Total time for which application threads were stopped: 0.0031594 seconds, Stopping threads took: 0.0002650 seconds
[58.178s][info][safepoint] Application time: 0.0352393 seconds
[58.178s][info][safepoint] Entering safepoint region: GenCollectForAllocation
[58.181s][info][gc       ] GC(1338) Pause Young (Allocation Failure) 2199M->2093M(4258M) 1.957ms
[58.181s][info][safepoint] Leaving safepoint region
[58.181s][info][safepoint] Total time for which application threads were stopped: 0.0031633 seconds, Stopping threads took: 0.0004384 seconds
[58.217s][info][safepoint] Application time: 0.0354191 seconds
[58.217s][info][safepoint] Entering safepoint region: GenCollectForAllocation
[58.220s][info][gc       ] GC(1339) Pause Young (Allocation Failure) 2199M->2093M(4258M) 2.056ms
[58.220s][info][safepoint] Leaving safepoint region
[58.221s][info][safepoint] Total time for which application threads were stopped: 0.0031976 seconds, Stopping threads took: 0.0003891 seconds
[58.256s][info][safepoint] Application time: 0.0352286 seconds
[58.257s][info][safepoint] Entering safepoint region: GenCollectForAllocation
[58.259s][info][gc       ] GC(1340) Pause Young (Allocation Failure) 2199M->2093M(4258M) 2.062ms
[58.260s][info][safepoint] Leaving safepoint region
[58.260s][info][safepoint] Total time for which application threads were stopped: 0.0032789 seconds, Stopping threads took: 0.0004198 seconds
[58.296s][info][safepoint] Application time: 0.0359712 seconds
[58.296s][info][safepoint] Entering safepoint region: GenCollectForAllocation
[58.299s][info][gc       ] GC(1341) Pause Young (Allocation Failure) 2199M->2093M(4258M) 2.100ms
[58.299s][info][safepoint] Leaving safepoint region
[58.300s][info][safepoint] Total time for which application threads were stopped: 0.0034378 seconds, Stopping threads took: 0.0004206 seconds
[58.334s][info][safepoint] Application time: 0.0333853 seconds
[58.334s][info][safepoint] Entering safepoint region: GenCollectForAllocation
[58.336s][info][gc       ] GC(1342) Pause Young (Allocation Failure) 2199M->2093M(4258M) 1.808ms
[58.337s][info][safepoint] Leaving safepoint region
[58.337s][info][safepoint] Total time for which application threads were stopped: 0.0031237 seconds, Stopping threads took: 0.0004150 seconds
[58.372s][info][safepoint] Application time: 0.0342046 seconds
[58.372s][info][safepoint] Entering safepoint region: GenCollectForAllocation
[58.375s][info][gc       ] GC(1343) Pause Young (Allocation Failure) 2199M->2093M(4258M) 2.184ms
[58.375s][info][safepoint] Leaving safepoint region
[58.376s][info][safepoint] Total time for which application threads were stopped: 0.0033125 seconds, Stopping threads took: 0.0003696 seconds
[58.410s][info][safepoint] Application time: 0.0343544 seconds
[58.411s][info][safepoint] Entering safepoint region: GenCollectForAllocation
[58.413s][info][gc       ] GC(1344) Pause Young (Allocation Failure) 2199M->2093M(4258M) 2.189ms
[58.414s][info][safepoint] Leaving safepoint region
[58.414s][info][safepoint] Total time for which application threads were stopped: 0.0032652 seconds, Stopping threads took: 0.0003539 seconds
[58.448s][info][safepoint] Application time: 0.0342183 seconds
[58.449s][info][safepoint] Entering safepoint region: GenCollectForAllocation
[58.451s][info][gc       ] GC(1345) Pause Young (Allocation Failure) 2199M->2093M(4258M) 1.818ms
[58.451s][info][safepoint] Leaving safepoint region
[58.452s][info][safepoint] Total time for which application threads were stopped: 0.0027206 seconds, Stopping threads took: 0.0003694 seconds
[58.486s][info][safepoint] Application time: 0.0342520 seconds
[58.486s][info][safepoint] Entering safepoint region: GenCollectForAllocation
[58.488s][info][gc       ] GC(1346) Pause Young (Allocation Failure) 2199M->2093M(4258M) 1.765ms
[58.489s][info][safepoint] Leaving safepoint region
[58.489s][info][safepoint] Total time for which application threads were stopped: 0.0029418 seconds, Stopping threads took: 0.0003049 seconds
[58.524s][info][safepoint] Application time: 0.0343237 seconds
[58.524s][info][safepoint] Entering safepoint region: GenCollectForAllocation
[58.527s][info][gc       ] GC(1347) Pause Young (Allocation Failure) 2199M->2093M(4258M) 2.197ms
[58.527s][info][safepoint] Leaving safepoint region
[58.528s][info][safepoint] Total time for which application threads were stopped: 0.0034076 seconds, Stopping threads took: 0.0002593 seconds
[58.562s][info][safepoint] Application time: 0.0342598 seconds
[58.563s][info][safepoint] Entering safepoint region: GenCollectForAllocation
[58.565s][info][gc       ] GC(1348) Pause Young (Allocation Failure) 2199M->2093M(4258M) 1.985ms
[58.566s][info][safepoint] Leaving safepoint region
[58.566s][info][safepoint] Total time for which application threads were stopped: 0.0030485 seconds, Stopping threads took: 0.0002890 seconds
[58.601s][info][safepoint] Application time: 0.0344610 seconds
[58.601s][info][safepoint] Entering safepoint region: GenCollectForAllocation
[58.603s][info][gc       ] GC(1349) Pause Young (Allocation Failure) 2199M->2093M(4258M) 1.866ms
[58.604s][info][safepoint] Leaving safepoint region
[58.604s][info][safepoint] Total time for which application threads were stopped: 0.0031546 seconds, Stopping threads took: 0.0003880 seconds
[58.639s][info][safepoint] Application time: 0.0345268 seconds
[58.640s][info][safepoint] Entering safepoint region: GenCollectForAllocation
[58.642s][info][gc       ] GC(1350) Pause Young (Allocation Failure) 2199M->2093M(4258M) 1.866ms
[58.642s][info][safepoint] Leaving safepoint region
[58.643s][info][safepoint] Total time for which application threads were stopped: 0.0030552 seconds, Stopping threads took: 0.0003870 seconds
[58.678s][info][safepoint] Application time: 0.0348364 seconds
[58.678s][info][safepoint] Entering safepoint region: GenCollectForAllocation
[58.680s][info][gc       ] GC(1351) Pause Young (Allocation Failure) 2199M->2093M(4258M) 1.875ms
[58.681s][info][safepoint] Leaving safepoint region
[58.681s][info][safepoint] Total time for which application threads were stopped: 0.0029214 seconds, Stopping threads took: 0.0003611 seconds
[58.716s][info][safepoint] Application time: 0.0351029 seconds
[58.717s][info][safepoint] Entering safepoint region: GenCollectForAllocation
[58.720s][info][gc       ] GC(1352) Pause Young (Allocation Failure) 2199M->2093M(4258M) 2.255ms
[58.720s][info][safepoint] Leaving safepoint region
[58.721s][info][safepoint] Total time for which application threads were stopped: 0.0036246 seconds, Stopping threads took: 0.0003857 seconds
[58.756s][info][safepoint] Application time: 0.0349886 seconds
[58.756s][info][safepoint] Entering safepoint region: GenCollectForAllocation
[58.759s][info][gc       ] GC(1353) Pause Young (Allocation Failure) 2199M->2093M(4258M) 2.074ms
[58.759s][info][safepoint] Leaving safepoint region
[58.760s][info][safepoint] Total time for which application threads were stopped: 0.0033275 seconds, Stopping threads took: 0.0004298 seconds
[58.794s][info][safepoint] Application time: 0.0343406 seconds
[58.795s][info][safepoint] Entering safepoint region: GenCollectForAllocation
[58.797s][info][gc       ] GC(1354) Pause Young (Allocation Failure) 2199M->2093M(4258M) 2.086ms
[58.798s][info][safepoint] Leaving safepoint region
[58.798s][info][safepoint] Total time for which application threads were stopped: 0.0033072 seconds, Stopping threads took: 0.0004783 seconds
[58.832s][info][safepoint] Application time: 0.0340680 seconds
[58.833s][info][safepoint] Entering safepoint region: GenCollectForAllocation
[58.836s][info][gc       ] GC(1355) Pause Young (Allocation Failure) 2199M->2093M(4258M) 2.123ms
[58.836s][info][safepoint] Leaving safepoint region
[58.836s][info][safepoint] Total time for which application threads were stopped: 0.0034818 seconds, Stopping threads took: 0.0004481 seconds
[58.872s][info][safepoint] Application time: 0.0349509 seconds
[58.872s][info][safepoint] Entering safepoint region: GenCollectForAllocation
[58.875s][info][gc       ] GC(1356) Pause Young (Allocation Failure) 2199M->2093M(4258M) 2.106ms
[58.875s][info][safepoint] Leaving safepoint region
[58.875s][info][safepoint] Total time for which application threads were stopped: 0.0032698 seconds, Stopping threads took: 0.0004048 seconds
[58.911s][info][safepoint] Application time: 0.0349078 seconds
[58.911s][info][safepoint] Entering safepoint region: GenCollectForAllocation
[58.913s][info][gc       ] GC(1357) Pause Young (Allocation Failure) 2199M->2093M(4258M) 1.910ms
[58.914s][info][safepoint] Leaving safepoint region
[58.914s][info][safepoint] Total time for which application threads were stopped: 0.0032393 seconds, Stopping threads took: 0.0003692 seconds
[58.948s][info][safepoint] Application time: 0.0333058 seconds
[58.949s][info][safepoint] Entering safepoint region: GenCollectForAllocation
[58.951s][info][gc       ] GC(1358) Pause Young (Allocation Failure) 2199M->2093M(4258M) 1.868ms
[58.951s][info][safepoint] Leaving safepoint region
[58.952s][info][safepoint] Total time for which application threads were stopped: 0.0032808 seconds, Stopping threads took: 0.0004664 seconds
[58.986s][info][safepoint] Application time: 0.0332978 seconds
[58.986s][info][safepoint] Entering safepoint region: GenCollectForAllocation
[58.988s][info][gc       ] GC(1359) Pause Young (Allocation Failure) 2199M->2093M(4258M) 1.861ms
[58.989s][info][safepoint] Leaving safepoint region
[58.989s][info][safepoint] Total time for which application threads were stopped: 0.0032309 seconds, Stopping threads took: 0.0004714 seconds
[59.024s][info][safepoint] Application time: 0.0343458 seconds
[59.025s][info][safepoint] Entering safepoint region: GenCollectForAllocation
[59.028s][info][gc       ] GC(1360) Pause Young (Allocation Failure) 2199M->2093M(4258M) 2.633ms
[59.028s][info][safepoint] Leaving safepoint region
[59.028s][info][safepoint] Total time for which application threads were stopped: 0.0037584 seconds, Stopping threads took: 0.0004811 seconds
[59.063s][info][safepoint] Application time: 0.0341530 seconds
[59.063s][info][safepoint] Entering safepoint region: GenCollectForAllocation
[59.066s][info][gc       ] GC(1361) Pause Young (Allocation Failure) 2199M->2093M(4258M) 2.198ms
[59.066s][info][safepoint] Leaving safepoint region
[59.066s][info][safepoint] Total time for which application threads were stopped: 0.0033391 seconds, Stopping threads took: 0.0003852 seconds
[59.101s][info][safepoint] Application time: 0.0343010 seconds
[59.101s][info][safepoint] Entering safepoint region: GenCollectForAllocation
[59.104s][info][gc       ] GC(1362) Pause Young (Allocation Failure) 2199M->2093M(4258M) 2.224ms
[59.104s][info][safepoint] Leaving safepoint region
[59.105s][info][safepoint] Total time for which application threads were stopped: 0.0033603 seconds, Stopping threads took: 0.0003924 seconds
[59.139s][info][safepoint] Application time: 0.0341530 seconds
[59.140s][info][safepoint] Entering safepoint region: GenCollectForAllocation
[59.142s][info][gc       ] GC(1363) Pause Young (Allocation Failure) 2199M->2093M(4258M) 1.816ms
[59.142s][info][safepoint] Leaving safepoint region
[59.143s][info][safepoint] Total time for which application threads were stopped: 0.0029582 seconds, Stopping threads took: 0.0003813 seconds
[59.177s][info][safepoint] Application time: 0.0342633 seconds
[59.177s][info][safepoint] Entering safepoint region: GenCollectForAllocation
[59.180s][info][gc       ] GC(1364) Pause Young (Allocation Failure) 2199M->2093M(4258M) 1.992ms
[59.180s][info][safepoint] Leaving safepoint region
[59.181s][info][safepoint] Total time for which application threads were stopped: 0.0031519 seconds, Stopping threads took: 0.0003871 seconds
[59.215s][info][safepoint] Application time: 0.0342058 seconds
[59.216s][info][safepoint] Entering safepoint region: GenCollectForAllocation
[59.218s][info][gc       ] GC(1365) Pause Young (Allocation Failure) 2199M->2093M(4258M) 1.831ms
[59.218s][info][safepoint] Leaving safepoint region
[59.219s][info][safepoint] Total time for which application threads were stopped: 0.0030568 seconds, Stopping threads took: 0.0003451 seconds
[59.253s][info][safepoint] Application time: 0.0343248 seconds
[59.254s][info][safepoint] Entering safepoint region: GenCollectForAllocation
[59.256s][info][gc       ] GC(1366) Pause Young (Allocation Failure) 2199M->2093M(4258M) 1.797ms
[59.256s][info][safepoint] Leaving safepoint region
[59.257s][info][safepoint] Total time for which application threads were stopped: 0.0029002 seconds, Stopping threads took: 0.0003377 seconds
[59.291s][info][safepoint] Application time: 0.0342830 seconds
[59.292s][info][safepoint] Entering safepoint region: GenCollectForAllocation
[59.294s][info][gc       ] GC(1367) Pause Young (Allocation Failure) 2199M->2093M(4258M) 2.227ms
[59.295s][info][safepoint] Leaving safepoint region
[59.295s][info][safepoint] Total time for which application threads were stopped: 0.0032689 seconds, Stopping threads took: 0.0003873 seconds
[59.329s][info][safepoint] Application time: 0.0341490 seconds
[59.330s][info][safepoint] Entering safepoint region: GenCollectForAllocation
[59.332s][info][gc       ] GC(1368) Pause Young (Allocation Failure) 2199M->2093M(4258M) 2.003ms
[59.332s][info][safepoint] Leaving safepoint region
[59.333s][info][safepoint] Total time for which application threads were stopped: 0.0029760 seconds, Stopping threads took: 0.0002724 seconds
[59.367s][info][safepoint] Application time: 0.0344269 seconds
[59.368s][info][safepoint] Entering safepoint region: GenCollectForAllocation
[59.370s][info][gc       ] GC(1369) Pause Young (Allocation Failure) 2199M->2093M(4258M) 1.877ms
[59.370s][info][safepoint] Leaving safepoint region
[59.371s][info][safepoint] Total time for which application threads were stopped: 0.0030277 seconds, Stopping threads took: 0.0003734 seconds
[59.406s][info][safepoint] Application time: 0.0353644 seconds
[59.407s][info][safepoint] Entering safepoint region: GenCollectForAllocation
[59.410s][info][gc       ] GC(1370) Pause Young (Allocation Failure) 2199M->2093M(4258M) 2.266ms
[59.410s][info][safepoint] Leaving safepoint region
[59.410s][info][safepoint] Total time for which application threads were stopped: 0.0035660 seconds, Stopping threads took: 0.0004277 seconds
[59.445s][info][safepoint] Application time: 0.0339375 seconds
[59.445s][info][safepoint] Entering safepoint region: GenCollectForAllocation
[59.447s][info][gc       ] GC(1371) Pause Young (Allocation Failure) 2199M->2093M(4258M) 2.159ms
[59.448s][info][safepoint] Leaving safepoint region
[59.448s][info][safepoint] Total time for which application threads were stopped: 0.0031436 seconds, Stopping threads took: 0.0002285 seconds
[59.483s][info][safepoint] Application time: 0.0342464 seconds
[59.483s][info][safepoint] Entering safepoint region: GenCollectForAllocation
[59.485s][info][gc       ] GC(1372) Pause Young (Allocation Failure) 2199M->2093M(4258M) 2.098ms
[59.486s][info][safepoint] Leaving safepoint region
[59.486s][info][safepoint] Total time for which application threads were stopped: 0.0032820 seconds, Stopping threads took: 0.0002451 seconds
[59.521s][info][safepoint] Application time: 0.0341635 seconds
[59.521s][info][safepoint] Entering safepoint region: GenCollectForAllocation
[59.524s][info][gc       ] GC(1373) Pause Young (Allocation Failure) 2199M->2093M(4258M) 2.194ms
[59.524s][info][safepoint] Leaving safepoint region
[59.525s][info][safepoint] Total time for which application threads were stopped: 0.0034040 seconds, Stopping threads took: 0.0003750 seconds
[59.560s][info][safepoint] Application time: 0.0347056 seconds
[59.560s][info][safepoint] Entering safepoint region: GenCollectForAllocation
[59.563s][info][gc       ] GC(1374) Pause Young (Allocation Failure) 2199M->2093M(4258M) 2.008ms
[59.563s][info][safepoint] Leaving safepoint region
[59.563s][info][safepoint] Total time for which application threads were stopped: 0.0032713 seconds, Stopping threads took: 0.0003405 seconds
[59.598s][info][safepoint] Application time: 0.0345972 seconds
[59.599s][info][safepoint] Entering safepoint region: GenCollectForAllocation
[59.602s][info][gc       ] GC(1375) Pause Young (Allocation Failure) 2199M->2093M(4258M) 2.222ms
[59.602s][info][safepoint] Leaving safepoint region
[59.602s][info][safepoint] Total time for which application threads were stopped: 0.0033723 seconds, Stopping threads took: 0.0003587 seconds
[59.637s][info][safepoint] Application time: 0.0346342 seconds
[59.638s][info][safepoint] Entering safepoint region: GenCollectForAllocation
[59.640s][info][gc       ] GC(1376) Pause Young (Allocation Failure) 2199M->2093M(4258M) 1.893ms
[59.640s][info][safepoint] Leaving safepoint region
[59.641s][info][safepoint] Total time for which application threads were stopped: 0.0031135 seconds, Stopping threads took: 0.0004097 seconds
[59.676s][info][safepoint] Application time: 0.0347713 seconds
[59.676s][info][safepoint] Entering safepoint region: GenCollectForAllocation
[59.679s][info][gc       ] GC(1377) Pause Young (Allocation Failure) 2199M->2093M(4258M) 1.862ms
[59.679s][info][safepoint] Leaving safepoint region
[59.679s][info][safepoint] Total time for which application threads were stopped: 0.0029549 seconds, Stopping threads took: 0.0004108 seconds
[59.715s][info][safepoint] Application time: 0.0353089 seconds
[59.715s][info][safepoint] Entering safepoint region: GenCollectForAllocation
[59.718s][info][gc       ] GC(1378) Pause Young (Allocation Failure) 2199M->2093M(4258M) 2.049ms
[59.718s][info][safepoint] Leaving safepoint region
[59.718s][info][safepoint] Total time for which application threads were stopped: 0.0033047 seconds, Stopping threads took: 0.0004201 seconds
[59.754s][info][safepoint] Application time: 0.0350350 seconds
[59.754s][info][safepoint] Entering safepoint region: GenCollectForAllocation
[59.757s][info][gc       ] GC(1379) Pause Young (Allocation Failure) 2199M->2093M(4258M) 1.970ms
[59.757s][info][safepoint] Leaving safepoint region
[59.757s][info][safepoint] Total time for which application threads were stopped: 0.0030532 seconds, Stopping threads took: 0.0003257 seconds
[59.792s][info][safepoint] Application time: 0.0343376 seconds
[59.792s][info][safepoint] Entering safepoint region: GenCollectForAllocation
[59.795s][info][gc       ] GC(1380) Pause Young (Allocation Failure) 2199M->2093M(4258M) 1.965ms
[59.795s][info][safepoint] Leaving safepoint region
[59.796s][info][safepoint] Total time for which application threads were stopped: 0.0031752 seconds, Stopping threads took: 0.0002780 seconds
[59.830s][info][safepoint] Application time: 0.0342482 seconds
[59.830s][info][safepoint] Entering safepoint region: GenCollectForAllocation
[59.833s][info][gc       ] GC(1381) Pause Young (Allocation Failure) 2199M->2093M(4258M) 1.799ms
[59.833s][info][safepoint] Leaving safepoint region
[59.833s][info][safepoint] Total time for which application threads were stopped: 0.0026889 seconds, Stopping threads took: 0.0002987 seconds
[59.868s][info][safepoint] Application time: 0.0344667 seconds
[59.868s][info][safepoint] Entering safepoint region: GenCollectForAllocation
[59.871s][info][gc       ] GC(1382) Pause Young (Allocation Failure) 2199M->2093M(4258M) 2.190ms
[59.871s][info][safepoint] Leaving safepoint region
[59.872s][info][safepoint] Total time for which application threads were stopped: 0.0033831 seconds, Stopping threads took: 0.0003126 seconds
[59.907s][info][safepoint] Application time: 0.0351581 seconds
[59.908s][info][safepoint] Entering safepoint region: GenCollectForAllocation
[59.910s][info][gc       ] GC(1383) Pause Young (Allocation Failure) 2199M->2093M(4258M) 1.915ms
[59.910s][info][safepoint] Leaving safepoint region
[59.910s][info][safepoint] Total time for which application threads were stopped: 0.0028602 seconds, Stopping threads took: 0.0003774 seconds
[59.946s][info][safepoint] Application time: 0.0352644 seconds
[59.946s][info][safepoint] Entering safepoint region: GenCollectForAllocation
[59.949s][info][gc       ] GC(1384) Pause Young (Allocation Failure) 2199M->2093M(4258M) 1.866ms
[59.949s][info][safepoint] Leaving safepoint region
[59.949s][info][safepoint] Total time for which application threads were stopped: 0.0031130 seconds, Stopping threads took: 0.0003892 seconds
[59.985s][info][safepoint] Application time: 0.0350908 seconds
[59.985s][info][safepoint] Entering safepoint region: GenCollectForAllocation
[59.988s][info][gc       ] GC(1385) Pause Young (Allocation Failure) 2199M->2093M(4258M) 2.227ms
[59.988s][info][safepoint] Leaving safepoint region
[59.989s][info][safepoint] Total time for which application threads were stopped: 0.0035412 seconds, Stopping threads took: 0.0003764 seconds
[60.024s][info][safepoint] Application time: 0.0352181 seconds
[60.025s][info][safepoint] Entering safepoint region: GenCollectForAllocation
[60.027s][info][gc       ] GC(1386) Pause Young (Allocation Failure) 2199M->2093M(4258M) 1.836ms
[60.028s][info][safepoint] Leaving safepoint region
[60.028s][info][safepoint] Total time for which application threads were stopped: 0.0031056 seconds, Stopping threads took: 0.0003913 seconds
[60.064s][info][safepoint] Application time: 0.0359482 seconds
[60.065s][info][safepoint] Entering safepoint region: GenCollectForAllocation
[60.067s][info][gc       ] GC(1387) Pause Young (Allocation Failure) 2199M->2093M(4258M) 1.887ms
[60.067s][info][safepoint] Leaving safepoint region
[60.068s][info][safepoint] Total time for which application threads were stopped: 0.0029788 seconds, Stopping threads took: 0.0002726 seconds
[60.103s][info][safepoint] Application time: 0.0352975 seconds
[60.104s][info][safepoint] Entering safepoint region: GenCollectForAllocation
[60.106s][info][gc       ] GC(1388) Pause Young (Allocation Failure) 2199M->2093M(4258M) 2.114ms
[60.107s][info][safepoint] Leaving safepoint region
[60.107s][info][safepoint] Total time for which application threads were stopped: 0.0032770 seconds, Stopping threads took: 0.0003018 seconds
[60.141s][info][safepoint] Application time: 0.0340893 seconds
[60.142s][info][safepoint] Entering safepoint region: GenCollectForAllocation
[60.144s][info][gc       ] GC(1389) Pause Young (Allocation Failure) 2199M->2093M(4258M) 1.898ms
[60.145s][info][safepoint] Leaving safepoint region
[60.145s][info][safepoint] Total time for which application threads were stopped: 0.0031606 seconds, Stopping threads took: 0.0003788 seconds
[60.178s][info][safepoint] Application time: 0.0324227 seconds
[60.178s][info][safepoint] Entering safepoint region: GenCollectForAllocation
[60.181s][info][gc       ] GC(1390) Pause Young (Allocation Failure) 2199M->2093M(4258M) 2.346ms
[60.181s][info][safepoint] Leaving safepoint region
[60.181s][info][safepoint] Total time for which application threads were stopped: 0.0034560 seconds, Stopping threads took: 0.0003531 seconds
[60.215s][info][safepoint] Application time: 0.0337198 seconds
[60.216s][info][safepoint] Entering safepoint region: GenCollectForAllocation
[60.218s][info][gc       ] GC(1391) Pause Young (Allocation Failure) 2199M->2093M(4258M) 2.106ms
[60.219s][info][safepoint] Leaving safepoint region
[60.219s][info][safepoint] Total time for which application threads were stopped: 0.0032438 seconds, Stopping threads took: 0.0003804 seconds
[60.253s][info][safepoint] Application time: 0.0339325 seconds
[60.254s][info][safepoint] Entering safepoint region: GenCollectForAllocation
[60.256s][info][gc       ] GC(1392) Pause Young (Allocation Failure) 2199M->2093M(4258M) 1.850ms
[60.256s][info][safepoint] Leaving safepoint region
[60.256s][info][safepoint] Total time for which application threads were stopped: 0.0028095 seconds, Stopping threads took: 0.0002760 seconds
[60.292s][info][safepoint] Application time: 0.0348911 seconds
[60.292s][info][safepoint] Entering safepoint region: GenCollectForAllocation
[60.294s][info][gc       ] GC(1393) Pause Young (Allocation Failure) 2199M->2093M(4258M) 2.025ms
[60.294s][info][safepoint] Leaving safepoint region
[60.295s][info][safepoint] Total time for which application threads were stopped: 0.0028062 seconds, Stopping threads took: 0.0001544 seconds
[60.329s][info][safepoint] Application time: 0.0342658 seconds
[60.329s][info][safepoint] Entering safepoint region: GenCollectForAllocation
[60.331s][info][gc       ] GC(1394) Pause Young (Allocation Failure) 2199M->2093M(4258M) 1.755ms
[60.332s][info][safepoint] Leaving safepoint region
[60.332s][info][safepoint] Total time for which application threads were stopped: 0.0025317 seconds, Stopping threads took: 0.0002332 seconds
[60.366s][info][safepoint] Application time: 0.0339107 seconds
[60.366s][info][safepoint] Entering safepoint region: GenCollectForAllocation
[60.369s][info][gc       ] GC(1395) Pause Young (Allocation Failure) 2199M->2093M(4258M) 2.165ms
[60.369s][info][safepoint] Leaving safepoint region
[60.370s][info][safepoint] Total time for which application threads were stopped: 0.0032223 seconds, Stopping threads took: 0.0002610 seconds
[60.404s][info][safepoint] Application time: 0.0339397 seconds
[60.404s][info][safepoint] Entering safepoint region: GenCollectForAllocation
[60.406s][info][gc       ] GC(1396) Pause Young (Allocation Failure) 2199M->2093M(4258M) 2.022ms
[60.407s][info][safepoint] Leaving safepoint region
[60.407s][info][safepoint] Total time for which application threads were stopped: 0.0028433 seconds, Stopping threads took: 0.0002191 seconds
[60.442s][info][safepoint] Application time: 0.0344541 seconds
[60.442s][info][safepoint] Entering safepoint region: GenCollectForAllocation
[60.444s][info][gc       ] GC(1397) Pause Young (Allocation Failure) 2199M->2093M(4258M) 1.773ms
[60.444s][info][safepoint] Leaving safepoint region
[60.444s][info][safepoint] Total time for which application threads were stopped: 0.0025100 seconds, Stopping threads took: 0.0001928 seconds
[60.479s][info][safepoint] Application time: 0.0342016 seconds
[60.479s][info][safepoint] Entering safepoint region: GenCollectForAllocation
[60.482s][info][gc       ] GC(1398) Pause Young (Allocation Failure) 2199M->2093M(4258M) 2.298ms
[60.482s][info][safepoint] Leaving safepoint region
[60.482s][info][safepoint] Total time for which application threads were stopped: 0.0030953 seconds, Stopping threads took: 0.0002687 seconds
[60.517s][info][safepoint] Application time: 0.0343156 seconds
[60.517s][info][safepoint] Entering safepoint region: GenCollectForAllocation
[60.520s][info][gc       ] GC(1399) Pause Young (Allocation Failure) 2199M->2093M(4258M) 2.167ms
[60.520s][info][safepoint] Leaving safepoint region
[60.520s][info][safepoint] Total time for which application threads were stopped: 0.0030621 seconds, Stopping threads took: 0.0002429 seconds
[60.555s][info][safepoint] Application time: 0.0344485 seconds
[60.555s][info][safepoint] Entering safepoint region: GenCollectForAllocation
[60.557s][info][gc       ] GC(1400) Pause Young (Allocation Failure) 2199M->2093M(4258M) 1.712ms
[60.557s][info][safepoint] Leaving safepoint region
[60.558s][info][safepoint] Total time for which application threads were stopped: 0.0025422 seconds, Stopping threads took: 0.0002644 seconds
[60.591s][info][safepoint] Application time: 0.0327333 seconds
[60.591s][info][safepoint] Entering safepoint region: GenCollectForAllocation
[60.593s][info][gc       ] GC(1401) Pause Young (Allocation Failure) 2199M->2093M(4258M) 1.742ms
[60.593s][info][safepoint] Leaving safepoint region
[60.594s][info][safepoint] Total time for which application threads were stopped: 0.0026357 seconds, Stopping threads took: 0.0002027 seconds
[60.628s][info][safepoint] Application time: 0.0344182 seconds
[60.629s][info][safepoint] Entering safepoint region: GenCollectForAllocation
[60.631s][info][gc       ] GC(1402) Pause Young (Allocation Failure) 2199M->2093M(4258M) 1.923ms
[60.631s][info][safepoint] Leaving safepoint region
[60.631s][info][safepoint] Total time for which application threads were stopped: 0.0028233 seconds, Stopping threads took: 0.0002849 seconds
[60.666s][info][safepoint] Application time: 0.0338601 seconds
[60.666s][info][safepoint] Entering safepoint region: GenCollectForAllocation
[60.668s][info][gc       ] GC(1403) Pause Young (Allocation Failure) 2199M->2093M(4258M) 2.077ms
[60.669s][info][safepoint] Leaving safepoint region
[60.669s][info][safepoint] Total time for which application threads were stopped: 0.0030058 seconds, Stopping threads took: 0.0004029 seconds
[60.703s][info][safepoint] Application time: 0.0341283 seconds
[60.704s][info][safepoint] Entering safepoint region: GenCollectForAllocation
[60.706s][info][gc       ] GC(1404) Pause Young (Allocation Failure) 2199M->2093M(4258M) 1.887ms
[60.706s][info][safepoint] Leaving safepoint region
[60.707s][info][safepoint] Total time for which application threads were stopped: 0.0031912 seconds, Stopping threads took: 0.0003654 seconds
[60.741s][info][safepoint] Application time: 0.0341961 seconds
[60.742s][info][safepoint] Entering safepoint region: GenCollectForAllocation
[60.745s][info][gc       ] GC(1405) Pause Young (Allocation Failure) 2199M->2093M(4258M) 2.156ms
[60.745s][info][safepoint] Leaving safepoint region
[60.745s][info][safepoint] Total time for which application threads were stopped: 0.0034980 seconds, Stopping threads took: 0.0004298 seconds
[60.780s][info][safepoint] Application time: 0.0344250 seconds
[60.781s][info][safepoint] Entering safepoint region: GenCollectForAllocation
[60.783s][info][gc       ] GC(1406) Pause Young (Allocation Failure) 2199M->2093M(4258M) 2.049ms
[60.784s][info][safepoint] Leaving safepoint region
[60.784s][info][safepoint] Total time for which application threads were stopped: 0.0036113 seconds, Stopping threads took: 0.0004494 seconds
[60.819s][info][safepoint] Application time: 0.0342522 seconds
[60.820s][info][safepoint] Entering safepoint region: GenCollectForAllocation
[60.822s][info][gc       ] GC(1407) Pause Young (Allocation Failure) 2199M->2093M(4258M) 1.784ms
[60.822s][info][safepoint] Leaving safepoint region
[60.823s][info][safepoint] Total time for which application threads were stopped: 0.0030524 seconds, Stopping threads took: 0.0004240 seconds
[60.857s][info][safepoint] Application time: 0.0343650 seconds
[60.858s][info][safepoint] Entering safepoint region: GenCollectForAllocation
[60.860s][info][gc       ] GC(1408) Pause Young (Allocation Failure) 2199M->2093M(4258M) 1.845ms
[60.860s][info][safepoint] Leaving safepoint region
[60.861s][info][safepoint] Total time for which application threads were stopped: 0.0029965 seconds, Stopping threads took: 0.0003072 seconds
[60.895s][info][safepoint] Application time: 0.0344017 seconds
[60.896s][info][safepoint] Entering safepoint region: GenCollectForAllocation
[60.898s][info][gc       ] GC(1409) Pause Young (Allocation Failure) 2199M->2093M(4258M) 1.900ms
[60.899s][info][safepoint] Leaving safepoint region
[60.899s][info][safepoint] Total time for which application threads were stopped: 0.0030708 seconds, Stopping threads took: 0.0004114 seconds
[60.934s][info][safepoint] Application time: 0.0344184 seconds
[60.934s][info][safepoint] Entering safepoint region: GenCollectForAllocation
[60.936s][info][gc       ] GC(1410) Pause Young (Allocation Failure) 2199M->2093M(4258M) 1.776ms
[60.937s][info][safepoint] Leaving safepoint region
[60.937s][info][safepoint] Total time for which application threads were stopped: 0.0031217 seconds, Stopping threads took: 0.0003684 seconds
[60.970s][info][safepoint] Application time: 0.0330257 seconds
[60.971s][info][safepoint] Entering safepoint region: GenCollectForAllocation
[60.973s][info][gc       ] GC(1411) Pause Young (Allocation Failure) 2199M->2093M(4258M) 2.146ms
[60.974s][info][safepoint] Leaving safepoint region
[60.974s][info][safepoint] Total time for which application threads were stopped: 0.0032084 seconds, Stopping threads took: 0.0002777 seconds
[61.008s][info][safepoint] Application time: 0.0336456 seconds
[61.008s][info][safepoint] Entering safepoint region: GenCollectForAllocation
[61.011s][info][gc       ] GC(1412) Pause Young (Allocation Failure) 2199M->2093M(4258M) 1.820ms
[61.011s][info][safepoint] Leaving safepoint region
[61.011s][info][safepoint] Total time for which application threads were stopped: 0.0026841 seconds, Stopping threads took: 0.0002469 seconds
[61.046s][info][safepoint] Application time: 0.0349407 seconds
[61.047s][info][safepoint] Entering safepoint region: GenCollectForAllocation
[61.051s][info][gc       ] GC(1413) Pause Young (Allocation Failure) 2199M->2093M(4258M) 3.988ms
[61.052s][info][safepoint] Leaving safepoint region
[61.052s][info][safepoint] Total time for which application threads were stopped: 0.0051834 seconds, Stopping threads took: 0.0003795 seconds
[61.087s][info][safepoint] Application time: 0.0345838 seconds
[61.088s][info][safepoint] Entering safepoint region: GenCollectForAllocation
[61.090s][info][gc       ] GC(1414) Pause Young (Allocation Failure) 2199M->2093M(4258M) 1.985ms
[61.091s][info][safepoint] Leaving safepoint region
[61.091s][info][safepoint] Total time for which application threads were stopped: 0.0032239 seconds, Stopping threads took: 0.0005858 seconds
[61.125s][info][safepoint] Application time: 0.0344914 seconds
[61.126s][info][safepoint] Entering safepoint region: GenCollectForAllocation
[61.128s][info][gc       ] GC(1415) Pause Young (Allocation Failure) 2199M->2093M(4258M) 1.884ms
[61.129s][info][safepoint] Leaving safepoint region
[61.129s][info][safepoint] Total time for which application threads were stopped: 0.0031800 seconds, Stopping threads took: 0.0005113 seconds
[61.164s][info][safepoint] Application time: 0.0342915 seconds
[61.164s][info][safepoint] Entering safepoint region: GenCollectForAllocation
[61.167s][info][gc       ] GC(1416) Pause Young (Allocation Failure) 2199M->2093M(4258M) 1.981ms
[61.167s][info][safepoint] Leaving safepoint region
[61.167s][info][safepoint] Total time for which application threads were stopped: 0.0031802 seconds, Stopping threads took: 0.0004804 seconds
[61.203s][info][safepoint] Application time: 0.0347745 seconds
[61.203s][info][safepoint] Entering safepoint region: GenCollectForAllocation
[61.205s][info][gc       ] GC(1417) Pause Young (Allocation Failure) 2199M->2093M(4258M) 1.833ms
[61.206s][info][safepoint] Leaving safepoint region
[61.206s][info][safepoint] Total time for which application threads were stopped: 0.0034008 seconds, Stopping threads took: 0.0004949 seconds
[61.242s][info][safepoint] Application time: 0.0349873 seconds
[61.242s][info][safepoint] Entering safepoint region: GenCollectForAllocation
[61.245s][info][gc       ] GC(1418) Pause Young (Allocation Failure) 2199M->2093M(4258M) 1.962ms
[61.245s][info][safepoint] Leaving safepoint region
[61.246s][info][safepoint] Total time for which application threads were stopped: 0.0034221 seconds, Stopping threads took: 0.0005178 seconds
[61.281s][info][safepoint] Application time: 0.0350503 seconds
[61.282s][info][safepoint] Entering safepoint region: GenCollectForAllocation
[61.284s][info][gc       ] GC(1419) Pause Young (Allocation Failure) 2199M->2093M(4258M) 2.081ms
[61.285s][info][safepoint] Leaving safepoint region
[61.285s][info][safepoint] Total time for which application threads were stopped: 0.0035408 seconds, Stopping threads took: 0.0004213 seconds
[61.318s][info][safepoint] Application time: 0.0324651 seconds
[61.318s][info][safepoint] Entering safepoint region: GenCollectForAllocation
[61.321s][info][gc       ] GC(1420) Pause Young (Allocation Failure) 2199M->2093M(4258M) 2.130ms
[61.321s][info][safepoint] Leaving safepoint region
[61.322s][info][safepoint] Total time for which application threads were stopped: 0.0035162 seconds, Stopping threads took: 0.0004951 seconds
[61.355s][info][safepoint] Application time: 0.0330298 seconds
[61.356s][info][safepoint] Entering safepoint region: GenCollectForAllocation
[61.358s][info][gc       ] GC(1421) Pause Young (Allocation Failure) 2199M->2093M(4258M) 1.755ms
[61.358s][info][safepoint] Leaving safepoint region
[61.358s][info][safepoint] Total time for which application threads were stopped: 0.0029371 seconds, Stopping threads took: 0.0002323 seconds
[61.392s][info][safepoint] Application time: 0.0334788 seconds
[61.393s][info][safepoint] Entering safepoint region: GenCollectForAllocation
[61.395s][info][gc       ] GC(1422) Pause Young (Allocation Failure) 2199M->2093M(4258M) 2.239ms
[61.396s][info][safepoint] Leaving safepoint region
[61.396s][info][safepoint] Total time for which application threads were stopped: 0.0036615 seconds, Stopping threads took: 0.0004185 seconds
[61.432s][info][safepoint] Application time: 0.0354574 seconds
[61.433s][info][safepoint] Entering safepoint region: GenCollectForAllocation
[61.435s][info][gc       ] GC(1423) Pause Young (Allocation Failure) 2199M->2093M(4258M) 1.807ms
[61.435s][info][safepoint] Leaving safepoint region
[61.435s][info][safepoint] Total time for which application threads were stopped: 0.0029377 seconds, Stopping threads took: 0.0003015 seconds
[61.471s][info][safepoint] Application time: 0.0355617 seconds
[61.472s][info][safepoint] Entering safepoint region: GenCollectForAllocation
[61.474s][info][gc       ] GC(1424) Pause Young (Allocation Failure) 2199M->2093M(4258M) 2.182ms
[61.475s][info][safepoint] Leaving safepoint region
[61.475s][info][safepoint] Total time for which application threads were stopped: 0.0032962 seconds, Stopping threads took: 0.0004248 seconds
[61.511s][info][safepoint] Application time: 0.0360730 seconds
[61.512s][info][safepoint] Entering safepoint region: GenCollectForAllocation
[61.514s][info][gc       ] GC(1425) Pause Young (Allocation Failure) 2199M->2093M(4258M) 1.912ms
[61.515s][info][safepoint] Leaving safepoint region
[61.515s][info][safepoint] Total time for which application threads were stopped: 0.0032005 seconds, Stopping threads took: 0.0004434 seconds
[61.550s][info][safepoint] Application time: 0.0341538 seconds
[61.550s][info][safepoint] Entering safepoint region: GenCollectForAllocation
[61.553s][info][gc       ] GC(1426) Pause Young (Allocation Failure) 2199M->2093M(4258M) 2.106ms
[61.553s][info][safepoint] Leaving safepoint region
[61.553s][info][safepoint] Total time for which application threads were stopped: 0.0033290 seconds, Stopping threads took: 0.0003611 seconds
[61.589s][info][safepoint] Application time: 0.0353223 seconds
[61.590s][info][safepoint] Entering safepoint region: GenCollectForAllocation
[61.592s][info][gc       ] GC(1427) Pause Young (Allocation Failure) 2199M->2093M(4258M) 1.870ms
[61.592s][info][safepoint] Leaving safepoint region
[61.593s][info][safepoint] Total time for which application threads were stopped: 0.0032564 seconds, Stopping threads took: 0.0005042 seconds
[61.626s][info][safepoint] Application time: 0.0331215 seconds
[61.627s][info][safepoint] Entering safepoint region: GenCollectForAllocation
[61.629s][info][gc       ] GC(1428) Pause Young (Allocation Failure) 2199M->2093M(4258M) 1.896ms
[61.630s][info][safepoint] Leaving safepoint region
[61.630s][info][safepoint] Total time for which application threads were stopped: 0.0033096 seconds, Stopping threads took: 0.0004466 seconds
[61.664s][info][safepoint] Application time: 0.0335428 seconds
[61.665s][info][safepoint] Entering safepoint region: GenCollectForAllocation
[61.667s][info][gc       ] GC(1429) Pause Young (Allocation Failure) 2199M->2093M(4258M) 1.825ms
[61.667s][info][safepoint] Leaving safepoint region
[61.668s][info][safepoint] Total time for which application threads were stopped: 0.0029716 seconds, Stopping threads took: 0.0004893 seconds
[61.703s][info][safepoint] Application time: 0.0348893 seconds
[61.703s][info][safepoint] Entering safepoint region: GenCollectForAllocation
[61.706s][info][gc       ] GC(1430) Pause Young (Allocation Failure) 2199M->2093M(4258M) 1.796ms
[61.706s][info][safepoint] Leaving safepoint region
[61.706s][info][safepoint] Total time for which application threads were stopped: 0.0031843 seconds, Stopping threads took: 0.0005426 seconds
[61.742s][info][safepoint] Application time: 0.0347463 seconds
[61.742s][info][safepoint] Entering safepoint region: GenCollectForAllocation
[61.744s][info][gc       ] GC(1431) Pause Young (Allocation Failure) 2199M->2093M(4258M) 2.057ms
[61.745s][info][safepoint] Leaving safepoint region
[61.745s][info][safepoint] Total time for which application threads were stopped: 0.0030624 seconds, Stopping threads took: 0.0002711 seconds
[61.780s][info][safepoint] Application time: 0.0347623 seconds
[61.781s][info][safepoint] Entering safepoint region: GenCollectForAllocation
[61.783s][info][gc       ] GC(1432) Pause Young (Allocation Failure) 2199M->2093M(4258M) 1.812ms
[61.783s][info][safepoint] Leaving safepoint region
[61.784s][info][safepoint] Total time for which application threads were stopped: 0.0031744 seconds, Stopping threads took: 0.0004028 seconds
[61.819s][info][safepoint] Application time: 0.0345990 seconds
[61.819s][info][safepoint] Entering safepoint region: GenCollectForAllocation
[61.822s][info][gc       ] GC(1433) Pause Young (Allocation Failure) 2199M->2093M(4258M) 2.167ms
[61.822s][info][safepoint] Leaving safepoint region
[61.823s][info][safepoint] Total time for which application threads were stopped: 0.0035814 seconds, Stopping threads took: 0.0004799 seconds
[61.858s][info][safepoint] Application time: 0.0351798 seconds
[61.859s][info][safepoint] Entering safepoint region: GenCollectForAllocation
[61.861s][info][gc       ] GC(1434) Pause Young (Allocation Failure) 2199M->2093M(4258M) 2.126ms
[61.862s][info][safepoint] Leaving safepoint region
[61.862s][info][safepoint] Total time for which application threads were stopped: 0.0035142 seconds, Stopping threads took: 0.0004926 seconds
[61.898s][info][safepoint] Application time: 0.0353474 seconds
[61.898s][info][safepoint] Entering safepoint region: GenCollectForAllocation
[61.901s][info][gc       ] GC(1435) Pause Young (Allocation Failure) 2199M->2093M(4258M) 1.796ms
[61.901s][info][safepoint] Leaving safepoint region
[61.902s][info][safepoint] Total time for which application threads were stopped: 0.0032242 seconds, Stopping threads took: 0.0004701 seconds
[61.937s][info][safepoint] Application time: 0.0348506 seconds
[61.937s][info][safepoint] Entering safepoint region: GenCollectForAllocation
[61.940s][info][gc       ] GC(1436) Pause Young (Allocation Failure) 2199M->2093M(4258M) 1.797ms
[61.940s][info][safepoint] Leaving safepoint region
[61.940s][info][safepoint] Total time for which application threads were stopped: 0.0030604 seconds, Stopping threads took: 0.0004514 seconds
[61.976s][info][safepoint] Application time: 0.0350743 seconds
[61.976s][info][safepoint] Entering safepoint region: GenCollectForAllocation
[61.979s][info][gc       ] GC(1437) Pause Young (Allocation Failure) 2199M->2093M(4258M) 1.848ms
[61.979s][info][safepoint] Leaving safepoint region
[61.980s][info][safepoint] Total time for which application threads were stopped: 0.0031896 seconds, Stopping threads took: 0.0004443 seconds
[62.015s][info][safepoint] Application time: 0.0352207 seconds
[62.015s][info][safepoint] Entering safepoint region: GenCollectForAllocation
[62.018s][info][gc       ] GC(1438) Pause Young (Allocation Failure) 2199M->2093M(4258M) 1.743ms
[62.018s][info][safepoint] Leaving safepoint region
[62.018s][info][safepoint] Total time for which application threads were stopped: 0.0029765 seconds, Stopping threads took: 0.0003825 seconds
[62.055s][info][safepoint] Application time: 0.0360970 seconds
[62.055s][info][safepoint] Entering safepoint region: GenCollectForAllocation
[62.058s][info][gc       ] GC(1439) Pause Young (Allocation Failure) 2199M->2093M(4258M) 1.818ms
[62.058s][info][safepoint] Leaving safepoint region
[62.058s][info][safepoint] Total time for which application threads were stopped: 0.0029834 seconds, Stopping threads took: 0.0003588 seconds
[62.091s][info][safepoint] Application time: 0.0325725 seconds
[62.092s][info][safepoint] Entering safepoint region: GenCollectForAllocation
[62.094s][info][gc       ] GC(1440) Pause Young (Allocation Failure) 2199M->2093M(4258M) 1.867ms
[62.094s][info][safepoint] Leaving safepoint region
[62.095s][info][safepoint] Total time for which application threads were stopped: 0.0030578 seconds, Stopping threads took: 0.0003797 seconds
[62.129s][info][safepoint] Application time: 0.0338851 seconds
[62.129s][info][safepoint] Entering safepoint region: GenCollectForAllocation
[62.132s][info][gc       ] GC(1441) Pause Young (Allocation Failure) 2199M->2093M(4258M) 1.839ms
[62.132s][info][safepoint] Leaving safepoint region
[62.133s][info][safepoint] Total time for which application threads were stopped: 0.0031069 seconds, Stopping threads took: 0.0003924 seconds
[62.168s][info][safepoint] Application time: 0.0352886 seconds
[62.169s][info][safepoint] Entering safepoint region: GenCollectForAllocation
[62.171s][info][gc       ] GC(1442) Pause Young (Allocation Failure) 2199M->2093M(4258M) 1.827ms
[62.171s][info][safepoint] Leaving safepoint region
[62.172s][info][safepoint] Total time for which application threads were stopped: 0.0031710 seconds, Stopping threads took: 0.0004050 seconds
[62.208s][info][safepoint] Application time: 0.0357859 seconds
[62.209s][info][safepoint] Entering safepoint region: GenCollectForAllocation
[62.211s][info][gc       ] GC(1443) Pause Young (Allocation Failure) 2199M->2093M(4258M) 2.172ms
[62.212s][info][safepoint] Leaving safepoint region
[62.212s][info][safepoint] Total time for which application threads were stopped: 0.0035603 seconds, Stopping threads took: 0.0004608 seconds
[62.248s][info][safepoint] Application time: 0.0356461 seconds
[62.249s][info][safepoint] Entering safepoint region: GenCollectForAllocation
[62.251s][info][gc       ] GC(1444) Pause Young (Allocation Failure) 2199M->2093M(4258M) 2.178ms
[62.252s][info][safepoint] Leaving safepoint region
[62.252s][info][safepoint] Total time for which application threads were stopped: 0.0036452 seconds, Stopping threads took: 0.0005017 seconds
[62.289s][info][safepoint] Application time: 0.0360351 seconds
[62.289s][info][safepoint] Entering safepoint region: GenCollectForAllocation
[62.292s][info][gc       ] GC(1445) Pause Young (Allocation Failure) 2199M->2093M(4258M) 2.376ms
[62.292s][info][safepoint] Leaving safepoint region
[62.293s][info][safepoint] Total time for which application threads were stopped: 0.0035316 seconds, Stopping threads took: 0.0002388 seconds
[62.326s][info][safepoint] Application time: 0.0329491 seconds
[62.327s][info][safepoint] Entering safepoint region: GenCollectForAllocation
[62.329s][info][gc       ] GC(1446) Pause Young (Allocation Failure) 2199M->2093M(4258M) 2.026ms
[62.329s][info][safepoint] Leaving safepoint region
[62.330s][info][safepoint] Total time for which application threads were stopped: 0.0034639 seconds, Stopping threads took: 0.0003148 seconds
[62.363s][info][safepoint] Application time: 0.0329501 seconds
[62.364s][info][safepoint] Entering safepoint region: GenCollectForAllocation
[62.366s][info][gc       ] GC(1447) Pause Young (Allocation Failure) 2199M->2093M(4258M) 1.797ms
[62.367s][info][safepoint] Leaving safepoint region
[62.367s][info][safepoint] Total time for which application threads were stopped: 0.0032891 seconds, Stopping threads took: 0.0005230 seconds
[62.402s][info][safepoint] Application time: 0.0346306 seconds
[62.403s][info][safepoint] Entering safepoint region: GenCollectForAllocation
[62.405s][info][gc       ] GC(1448) Pause Young (Allocation Failure) 2199M->2093M(4258M) 1.787ms
[62.405s][info][safepoint] Leaving safepoint region
[62.406s][info][safepoint] Total time for which application threads were stopped: 0.0029851 seconds, Stopping threads took: 0.0003528 seconds
[62.441s][info][safepoint] Application time: 0.0349842 seconds
[62.441s][info][safepoint] Entering safepoint region: GenCollectForAllocation
[62.444s][info][gc       ] GC(1449) Pause Young (Allocation Failure) 2199M->2093M(4258M) 2.039ms
[62.444s][info][safepoint] Leaving safepoint region
[62.445s][info][safepoint] Total time for which application threads were stopped: 0.0030325 seconds, Stopping threads took: 0.0002305 seconds
[62.479s][info][safepoint] Application time: 0.0346613 seconds
[62.480s][info][safepoint] Entering safepoint region: GenCollectForAllocation
[62.482s][info][gc       ] GC(1450) Pause Young (Allocation Failure) 2199M->2093M(4258M) 2.082ms
[62.482s][info][safepoint] Leaving safepoint region
[62.483s][info][safepoint] Total time for which application threads were stopped: 0.0027498 seconds, Stopping threads took: 0.0001746 seconds
[62.518s][info][safepoint] Application time: 0.0356468 seconds
[62.519s][info][safepoint] Entering safepoint region: GenCollectForAllocation
[62.521s][info][gc       ] GC(1451) Pause Young (Allocation Failure) 2199M->2093M(4258M) 1.883ms
[62.522s][info][safepoint] Leaving safepoint region
[62.522s][info][safepoint] Total time for which application threads were stopped: 0.0030556 seconds, Stopping threads took: 0.0003582 seconds
[62.559s][info][safepoint] Application time: 0.0365357 seconds
[62.559s][info][safepoint] Entering safepoint region: GenCollectForAllocation
[62.562s][info][gc       ] GC(1452) Pause Young (Allocation Failure) 2199M->2093M(4258M) 2.020ms
[62.562s][info][safepoint] Leaving safepoint region
[62.562s][info][safepoint] Total time for which application threads were stopped: 0.0032865 seconds, Stopping threads took: 0.0004021 seconds
[62.599s][info][safepoint] Application time: 0.0360089 seconds
[62.599s][info][safepoint] Entering safepoint region: GenCollectForAllocation
[62.602s][info][gc       ] GC(1453) Pause Young (Allocation Failure) 2199M->2093M(4258M) 1.990ms
[62.602s][info][safepoint] Leaving safepoint region
[62.602s][info][safepoint] Total time for which application threads were stopped: 0.0032893 seconds, Stopping threads took: 0.0005498 seconds
[62.639s][info][safepoint] Application time: 0.0360199 seconds
[62.639s][info][safepoint] Entering safepoint region: GenCollectForAllocation
[62.642s][info][gc       ] GC(1454) Pause Young (Allocation Failure) 2199M->2093M(4258M) 2.042ms
[62.642s][info][safepoint] Leaving safepoint region
[62.643s][info][safepoint] Total time for which application threads were stopped: 0.0032809 seconds, Stopping threads took: 0.0004058 seconds
[62.679s][info][safepoint] Application time: 0.0356066 seconds
[62.679s][info][safepoint] Entering safepoint region: GenCollectForAllocation
[62.682s][info][gc       ] GC(1455) Pause Young (Allocation Failure) 2199M->2093M(4258M) 1.893ms
[62.682s][info][safepoint] Leaving safepoint region
[62.682s][info][safepoint] Total time for which application threads were stopped: 0.0034185 seconds, Stopping threads took: 0.0005786 seconds
[62.718s][info][safepoint] Application time: 0.0347397 seconds
[62.718s][info][safepoint] Entering safepoint region: GenCollectForAllocation
[62.720s][info][gc       ] GC(1456) Pause Young (Allocation Failure) 2199M->2093M(4258M) 2.191ms
[62.721s][info][safepoint] Leaving safepoint region
[62.721s][info][safepoint] Total time for which application threads were stopped: 0.0032760 seconds, Stopping threads took: 0.0003684 seconds
[62.757s][info][safepoint] Application time: 0.0352760 seconds
[62.757s][info][safepoint] Entering safepoint region: GenCollectForAllocation
[62.760s][info][gc       ] GC(1457) Pause Young (Allocation Failure) 2199M->2093M(4258M) 2.082ms
[62.760s][info][safepoint] Leaving safepoint region
[62.761s][info][safepoint] Total time for which application threads were stopped: 0.0035708 seconds, Stopping threads took: 0.0004822 seconds
[62.792s][info][safepoint] Application time: 0.0313480 seconds
[62.793s][info][safepoint] Entering safepoint region: GenCollectForAllocation
[62.796s][info][gc       ] GC(1458) Pause Young (Allocation Failure) 2199M->2093M(4258M) 2.229ms
[62.796s][info][safepoint] Leaving safepoint region
[62.796s][info][safepoint] Total time for which application threads were stopped: 0.0034880 seconds, Stopping threads took: 0.0003891 seconds
[62.830s][info][safepoint] Application time: 0.0331979 seconds
[62.830s][info][safepoint] Entering safepoint region: GenCollectForAllocation
[62.833s][info][gc       ] GC(1459) Pause Young (Allocation Failure) 2199M->2093M(4258M) 2.146ms
[62.833s][info][safepoint] Leaving safepoint region
[62.834s][info][safepoint] Total time for which application threads were stopped: 0.0032867 seconds, Stopping threads took: 0.0003384 seconds
[62.869s][info][safepoint] Application time: 0.0345156 seconds
[62.869s][info][safepoint] Entering safepoint region: GenCollectForAllocation
[62.872s][info][gc       ] GC(1460) Pause Young (Allocation Failure) 2199M->2093M(4258M) 1.929ms
[62.872s][info][safepoint] Leaving safepoint region
[62.872s][info][safepoint] Total time for which application threads were stopped: 0.0031786 seconds, Stopping threads took: 0.0004919 seconds
[62.907s][info][safepoint] Application time: 0.0346632 seconds
[62.908s][info][safepoint] Entering safepoint region: GenCollectForAllocation
[62.910s][info][gc       ] GC(1461) Pause Young (Allocation Failure) 2199M->2093M(4258M) 2.188ms
[62.911s][info][safepoint] Leaving safepoint region
[62.911s][info][safepoint] Total time for which application threads were stopped: 0.0031994 seconds, Stopping threads took: 0.0004098 seconds
[62.946s][info][safepoint] Application time: 0.0350938 seconds
[62.946s][info][safepoint] Entering safepoint region: GenCollectForAllocation
[62.949s][info][gc       ] GC(1462) Pause Young (Allocation Failure) 2199M->2093M(4258M) 2.132ms
[62.949s][info][safepoint] Leaving safepoint region
[62.950s][info][safepoint] Total time for which application threads were stopped: 0.0033232 seconds, Stopping threads took: 0.0003809 seconds
[62.985s][info][safepoint] Application time: 0.0349508 seconds
[62.985s][info][safepoint] Entering safepoint region: GenCollectForAllocation
[62.988s][info][gc       ] GC(1463) Pause Young (Allocation Failure) 2199M->2093M(4258M) 2.087ms
[62.988s][info][safepoint] Leaving safepoint region
[62.989s][info][safepoint] Total time for which application threads were stopped: 0.0033840 seconds, Stopping threads took: 0.0004014 seconds
[63.025s][info][safepoint] Application time: 0.0354660 seconds
[63.025s][info][safepoint] Entering safepoint region: GenCollectForAllocation
[63.027s][info][gc       ] GC(1464) Pause Young (Allocation Failure) 2199M->2093M(4258M) 1.991ms
[63.028s][info][safepoint] Leaving safepoint region
[63.028s][info][safepoint] Total time for which application threads were stopped: 0.0032324 seconds, Stopping threads took: 0.0003698 seconds
[63.064s][info][safepoint] Application time: 0.0356752 seconds
[63.065s][info][safepoint] Entering safepoint region: GenCollectForAllocation
[63.067s][info][gc       ] GC(1465) Pause Young (Allocation Failure) 2199M->2093M(4258M) 2.078ms
[63.068s][info][safepoint] Leaving safepoint region
[63.068s][info][safepoint] Total time for which application threads were stopped: 0.0032968 seconds, Stopping threads took: 0.0003649 seconds
[63.104s][info][safepoint] Application time: 0.0352204 seconds
[63.104s][info][safepoint] Entering safepoint region: GenCollectForAllocation
[63.106s][info][gc       ] GC(1466) Pause Young (Allocation Failure) 2199M->2093M(4258M) 1.779ms
[63.106s][info][safepoint] Leaving safepoint region
[63.107s][info][safepoint] Total time for which application threads were stopped: 0.0028196 seconds, Stopping threads took: 0.0003401 seconds
[63.142s][info][safepoint] Application time: 0.0349999 seconds
[63.142s][info][safepoint] Entering safepoint region: GenCollectForAllocation
[63.145s][info][gc       ] GC(1467) Pause Young (Allocation Failure) 2199M->2093M(4258M) 2.009ms
[63.145s][info][safepoint] Leaving safepoint region
[63.146s][info][safepoint] Total time for which application threads were stopped: 0.0033569 seconds, Stopping threads took: 0.0004858 seconds
[63.181s][info][safepoint] Application time: 0.0351476 seconds
[63.182s][info][safepoint] Entering safepoint region: GenCollectForAllocation
[63.184s][info][gc       ] GC(1468) Pause Young (Allocation Failure) 2199M->2093M(4258M) 1.854ms
[63.185s][info][safepoint] Leaving safepoint region
[63.185s][info][safepoint] Total time for which application threads were stopped: 0.0031104 seconds, Stopping threads took: 0.0004553 seconds
[63.221s][info][safepoint] Application time: 0.0351333 seconds
[63.221s][info][safepoint] Entering safepoint region: GenCollectForAllocation
[63.224s][info][gc       ] GC(1469) Pause Young (Allocation Failure) 2199M->2093M(4258M) 2.350ms
[63.224s][info][safepoint] Leaving safepoint region
[63.225s][info][safepoint] Total time for which application threads were stopped: 0.0035636 seconds, Stopping threads took: 0.0004241 seconds
[63.260s][info][safepoint] Application time: 0.0351980 seconds
[63.261s][info][safepoint] Entering safepoint region: GenCollectForAllocation
[63.263s][info][gc       ] GC(1470) Pause Young (Allocation Failure) 2199M->2093M(4258M) 2.228ms
[63.264s][info][safepoint] Leaving safepoint region
[63.264s][info][safepoint] Total time for which application threads were stopped: 0.0034649 seconds, Stopping threads took: 0.0005411 seconds
[63.299s][info][safepoint] Application time: 0.0350356 seconds
[63.300s][info][safepoint] Entering safepoint region: GenCollectForAllocation
[63.303s][info][gc       ] GC(1471) Pause Young (Allocation Failure) 2199M->2093M(4258M) 2.209ms
[63.303s][info][safepoint] Leaving safepoint region
[63.304s][info][safepoint] Total time for which application threads were stopped: 0.0035684 seconds, Stopping threads took: 0.0005154 seconds
[63.339s][info][safepoint] Application time: 0.0349172 seconds
[63.340s][info][safepoint] Entering safepoint region: GenCollectForAllocation
[63.342s][info][gc       ] GC(1472) Pause Young (Allocation Failure) 2199M->2093M(4258M) 2.020ms
[63.342s][info][safepoint] Leaving safepoint region
[63.343s][info][safepoint] Total time for which application threads were stopped: 0.0033530 seconds, Stopping threads took: 0.0004384 seconds
[63.379s][info][safepoint] Application time: 0.0354518 seconds
[63.379s][info][safepoint] Entering safepoint region: GenCollectForAllocation
[63.381s][info][gc       ] GC(1473) Pause Young (Allocation Failure) 2199M->2093M(4258M) 1.832ms
[63.381s][info][safepoint] Leaving safepoint region
[63.381s][info][safepoint] Total time for which application threads were stopped: 0.0023603 seconds, Stopping threads took: 0.0001389 seconds
[63.417s][info][safepoint] Application time: 0.0356013 seconds
[63.418s][info][safepoint] Entering safepoint region: GenCollectForAllocation
[63.420s][info][gc       ] GC(1474) Pause Young (Allocation Failure) 2199M->2093M(4258M) 2.295ms
[63.421s][info][safepoint] Leaving safepoint region
[63.421s][info][safepoint] Total time for which application threads were stopped: 0.0033778 seconds, Stopping threads took: 0.0003500 seconds
[63.457s][info][safepoint] Application time: 0.0358051 seconds
[63.457s][info][safepoint] Entering safepoint region: GenCollectForAllocation
[63.460s][info][gc       ] GC(1475) Pause Young (Allocation Failure) 2199M->2093M(4258M) 2.064ms
[63.460s][info][safepoint] Leaving safepoint region
[63.460s][info][safepoint] Total time for which application threads were stopped: 0.0031027 seconds, Stopping threads took: 0.0002363 seconds
[63.497s][info][safepoint] Application time: 0.0358642 seconds
[63.497s][info][safepoint] Entering safepoint region: GenCollectForAllocation
[63.500s][info][gc       ] GC(1476) Pause Young (Allocation Failure) 2199M->2093M(4258M) 2.240ms
[63.500s][info][safepoint] Leaving safepoint region
[63.500s][info][safepoint] Total time for which application threads were stopped: 0.0030747 seconds, Stopping threads took: 0.0002775 seconds
[63.536s][info][safepoint] Application time: 0.0356214 seconds
[63.536s][info][safepoint] Entering safepoint region: GenCollectForAllocation
[63.539s][info][gc       ] GC(1477) Pause Young (Allocation Failure) 2199M->2093M(4258M) 2.142ms
[63.539s][info][safepoint] Leaving safepoint region
[63.539s][info][safepoint] Total time for which application threads were stopped: 0.0031807 seconds, Stopping threads took: 0.0002795 seconds
[63.576s][info][safepoint] Application time: 0.0361750 seconds
[63.576s][info][safepoint] Entering safepoint region: GenCollectForAllocation
[63.579s][info][gc       ] GC(1478) Pause Young (Allocation Failure) 2199M->2093M(4258M) 2.028ms
[63.579s][info][safepoint] Leaving safepoint region
[63.579s][info][safepoint] Total time for which application threads were stopped: 0.0029879 seconds, Stopping threads took: 0.0003703 seconds
[63.615s][info][safepoint] Application time: 0.0351850 seconds
[63.615s][info][safepoint] Entering safepoint region: GenCollectForAllocation
[63.618s][info][gc       ] GC(1479) Pause Young (Allocation Failure) 2199M->2093M(4258M) 2.027ms
[63.618s][info][safepoint] Leaving safepoint region
[63.618s][info][safepoint] Total time for which application threads were stopped: 0.0031770 seconds, Stopping threads took: 0.0003875 seconds
[63.654s][info][safepoint] Application time: 0.0354326 seconds
[63.654s][info][safepoint] Entering safepoint region: GenCollectForAllocation
[63.657s][info][gc       ] GC(1480) Pause Young (Allocation Failure) 2199M->2093M(4258M) 1.889ms
[63.657s][info][safepoint] Leaving safepoint region
[63.657s][info][safepoint] Total time for which application threads were stopped: 0.0028234 seconds, Stopping threads took: 0.0004022 seconds
[63.692s][info][safepoint] Application time: 0.0349915 seconds
[63.693s][info][safepoint] Entering safepoint region: GenCollectForAllocation
[63.695s][info][gc       ] GC(1481) Pause Young (Allocation Failure) 2199M->2093M(4258M) 1.904ms
[63.696s][info][safepoint] Leaving safepoint region
[63.696s][info][safepoint] Total time for which application threads were stopped: 0.0030222 seconds, Stopping threads took: 0.0003755 seconds
[63.731s][info][safepoint] Application time: 0.0349412 seconds
[63.731s][info][safepoint] Entering safepoint region: GenCollectForAllocation
[63.734s][info][gc       ] GC(1482) Pause Young (Allocation Failure) 2199M->2093M(4258M) 1.988ms
[63.734s][info][safepoint] Leaving safepoint region
[63.734s][info][safepoint] Total time for which application threads were stopped: 0.0028657 seconds, Stopping threads took: 0.0003121 seconds
[63.770s][info][safepoint] Application time: 0.0350945 seconds
[63.770s][info][safepoint] Entering safepoint region: GenCollectForAllocation
[63.773s][info][gc       ] GC(1483) Pause Young (Allocation Failure) 2199M->2093M(4258M) 2.201ms
[63.773s][info][safepoint] Leaving safepoint region
[63.774s][info][safepoint] Total time for which application threads were stopped: 0.0034109 seconds, Stopping threads took: 0.0004478 seconds
[63.809s][info][safepoint] Application time: 0.0352699 seconds
[63.810s][info][safepoint] Entering safepoint region: GenCollectForAllocation
[63.812s][info][gc       ] GC(1484) Pause Young (Allocation Failure) 2199M->2093M(4258M) 2.197ms
[63.813s][info][safepoint] Leaving safepoint region
[63.813s][info][safepoint] Total time for which application threads were stopped: 0.0034897 seconds, Stopping threads took: 0.0004801 seconds
[63.849s][info][safepoint] Application time: 0.0355303 seconds
[63.849s][info][safepoint] Entering safepoint region: GenCollectForAllocation
[63.851s][info][gc       ] GC(1485) Pause Young (Allocation Failure) 2199M->2093M(4258M) 1.819ms
[63.851s][info][safepoint] Leaving safepoint region
[63.851s][info][safepoint] Total time for which application threads were stopped: 0.0021697 seconds, Stopping threads took: 0.0000885 seconds
[63.887s][info][safepoint] Application time: 0.0357159 seconds
[63.888s][info][safepoint] Entering safepoint region: GenCollectForAllocation
[63.890s][info][gc       ] GC(1486) Pause Young (Allocation Failure) 2199M->2093M(4258M) 2.067ms
[63.890s][info][safepoint] Leaving safepoint region
[63.891s][info][safepoint] Total time for which application threads were stopped: 0.0031856 seconds, Stopping threads took: 0.0003384 seconds
[63.926s][info][safepoint] Application time: 0.0352639 seconds
[63.927s][info][safepoint] Entering safepoint region: GenCollectForAllocation
[63.929s][info][gc       ] GC(1487) Pause Young (Allocation Failure) 2199M->2093M(4258M) 1.858ms
[63.929s][info][safepoint] Leaving safepoint region
[63.930s][info][safepoint] Total time for which application threads were stopped: 0.0028032 seconds, Stopping threads took: 0.0003562 seconds
[63.965s][info][safepoint] Application time: 0.0350709 seconds
[63.965s][info][safepoint] Entering safepoint region: GenCollectForAllocation
[63.968s][info][gc       ] GC(1488) Pause Young (Allocation Failure) 2199M->2093M(4258M) 2.115ms
[63.968s][info][safepoint] Leaving safepoint region
[63.969s][info][safepoint] Total time for which application threads were stopped: 0.0033158 seconds, Stopping threads took: 0.0004331 seconds
[64.004s][info][safepoint] Application time: 0.0349424 seconds
[64.005s][info][safepoint] Entering safepoint region: GenCollectForAllocation
[64.007s][info][gc       ] GC(1489) Pause Young (Allocation Failure) 2199M->2093M(4258M) 1.737ms
[64.007s][info][safepoint] Leaving safepoint region
[64.007s][info][safepoint] Total time for which application threads were stopped: 0.0028494 seconds, Stopping threads took: 0.0005568 seconds
[64.039s][info][safepoint] Application time: 0.0312770 seconds
[64.039s][info][safepoint] Entering safepoint region: GenCollectForAllocation
[64.041s][info][gc       ] GC(1490) Pause Young (Allocation Failure) 2199M->2093M(4258M) 1.699ms
[64.042s][info][safepoint] Leaving safepoint region
[64.042s][info][safepoint] Total time for which application threads were stopped: 0.0027054 seconds, Stopping threads took: 0.0003080 seconds
[64.076s][info][safepoint] Application time: 0.0336671 seconds
[64.076s][info][safepoint] Entering safepoint region: GenCollectForAllocation
[64.078s][info][gc       ] GC(1491) Pause Young (Allocation Failure) 2199M->2093M(4258M) 1.868ms
[64.079s][info][safepoint] Leaving safepoint region
[64.079s][info][safepoint] Total time for which application threads were stopped: 0.0027507 seconds, Stopping threads took: 0.0002721 seconds
[64.114s][info][safepoint] Application time: 0.0346857 seconds
[64.114s][info][safepoint] Entering safepoint region: GenCollectForAllocation
[64.116s][info][gc       ] GC(1492) Pause Young (Allocation Failure) 2199M->2093M(4258M) 1.872ms
[64.117s][info][safepoint] Leaving safepoint region
[64.117s][info][safepoint] Total time for which application threads were stopped: 0.0027321 seconds, Stopping threads took: 0.0003020 seconds
[64.152s][info][safepoint] Application time: 0.0346442 seconds
[64.152s][info][safepoint] Entering safepoint region: GenCollectForAllocation
[64.154s][info][gc       ] GC(1493) Pause Young (Allocation Failure) 2199M->2093M(4258M) 1.862ms
[64.155s][info][safepoint] Leaving safepoint region
[64.155s][info][safepoint] Total time for which application threads were stopped: 0.0031426 seconds, Stopping threads took: 0.0003487 seconds
[64.190s][info][safepoint] Application time: 0.0346383 seconds
[64.191s][info][safepoint] Entering safepoint region: GenCollectForAllocation
[64.193s][info][gc       ] GC(1494) Pause Young (Allocation Failure) 2199M->2093M(4258M) 1.817ms
[64.193s][info][safepoint] Leaving safepoint region
[64.194s][info][safepoint] Total time for which application threads were stopped: 0.0031893 seconds, Stopping threads took: 0.0004336 seconds
[64.229s][info][safepoint] Application time: 0.0347945 seconds
[64.230s][info][safepoint] Entering safepoint region: GenCollectForAllocation
[64.232s][info][gc       ] GC(1495) Pause Young (Allocation Failure) 2199M->2093M(4258M) 2.049ms
[64.232s][info][safepoint] Leaving safepoint region
[64.233s][info][safepoint] Total time for which application threads were stopped: 0.0032625 seconds, Stopping threads took: 0.0003770 seconds
[64.268s][info][safepoint] Application time: 0.0350732 seconds
[64.269s][info][safepoint] Entering safepoint region: GenCollectForAllocation
[64.271s][info][gc       ] GC(1496) Pause Young (Allocation Failure) 2199M->2093M(4258M) 2.115ms
[64.271s][info][safepoint] Leaving safepoint region
[64.272s][info][safepoint] Total time for which application threads were stopped: 0.0031473 seconds, Stopping threads took: 0.0002453 seconds
[64.307s][info][safepoint] Application time: 0.0350291 seconds
[64.308s][info][safepoint] Entering safepoint region: GenCollectForAllocation
[64.310s][info][gc       ] GC(1497) Pause Young (Allocation Failure) 2199M->2093M(4258M) 1.957ms
[64.311s][info][safepoint] Leaving safepoint region
[64.311s][info][safepoint] Total time for which application threads were stopped: 0.0032444 seconds, Stopping threads took: 0.0004187 seconds
[64.347s][info][safepoint] Application time: 0.0354204 seconds
[64.347s][info][safepoint] Entering safepoint region: GenCollectForAllocation
[64.350s][info][gc       ] GC(1498) Pause Young (Allocation Failure) 2199M->2093M(4258M) 1.891ms
[64.350s][info][safepoint] Leaving safepoint region
[64.350s][info][safepoint] Total time for which application threads were stopped: 0.0031312 seconds, Stopping threads took: 0.0003811 seconds
[64.386s][info][safepoint] Application time: 0.0351111 seconds
[64.386s][info][safepoint] Entering safepoint region: GenCollectForAllocation
[64.389s][info][gc       ] GC(1499) Pause Young (Allocation Failure) 2199M->2093M(4258M) 2.198ms
[64.389s][info][safepoint] Leaving safepoint region
[64.390s][info][safepoint] Total time for which application threads were stopped: 0.0035379 seconds, Stopping threads took: 0.0003873 seconds
[64.426s][info][safepoint] Application time: 0.0357730 seconds
[64.427s][info][safepoint] Entering safepoint region: GenCollectForAllocation
[64.429s][info][gc       ] GC(1500) Pause Young (Allocation Failure) 2199M->2093M(4258M) 2.327ms
[64.430s][info][safepoint] Leaving safepoint region
[64.430s][info][safepoint] Total time for which application threads were stopped: 0.0036214 seconds, Stopping threads took: 0.0004825 seconds
[64.463s][info][safepoint] Application time: 0.0323427 seconds
[64.463s][info][safepoint] Entering safepoint region: GenCollectForAllocation
[64.466s][info][gc       ] GC(1501) Pause Young (Allocation Failure) 2199M->2093M(4258M) 2.211ms
[64.466s][info][safepoint] Leaving safepoint region
[64.467s][info][safepoint] Total time for which application threads were stopped: 0.0033743 seconds, Stopping threads took: 0.0003461 seconds
[64.500s][info][safepoint] Application time: 0.0330947 seconds
[64.501s][info][safepoint] Entering safepoint region: GenCollectForAllocation
[64.503s][info][gc       ] GC(1502) Pause Young (Allocation Failure) 2199M->2093M(4258M) 1.678ms
[64.503s][info][safepoint] Leaving safepoint region
[64.503s][info][safepoint] Total time for which application threads were stopped: 0.0026265 seconds, Stopping threads took: 0.0002363 seconds
[64.537s][info][safepoint] Application time: 0.0336651 seconds
[64.538s][info][safepoint] Entering safepoint region: GenCollectForAllocation
[64.540s][info][gc       ] GC(1503) Pause Young (Allocation Failure) 2199M->2093M(4258M) 1.983ms
[64.540s][info][safepoint] Leaving safepoint region
[64.541s][info][safepoint] Total time for which application threads were stopped: 0.0031778 seconds, Stopping threads took: 0.0003441 seconds
[64.575s][info][safepoint] Application time: 0.0338906 seconds
[64.576s][info][safepoint] Entering safepoint region: GenCollectForAllocation
[64.578s][info][gc       ] GC(1504) Pause Young (Allocation Failure) 2199M->2093M(4258M) 1.796ms
[64.578s][info][safepoint] Leaving safepoint region
[64.579s][info][safepoint] Total time for which application threads were stopped: 0.0030767 seconds, Stopping threads took: 0.0004493 seconds
[64.612s][info][safepoint] Application time: 0.0333487 seconds
[64.613s][info][safepoint] Entering safepoint region: GenCollectForAllocation
[64.615s][info][gc       ] GC(1505) Pause Young (Allocation Failure) 2199M->2093M(4258M) 1.889ms
[64.616s][info][safepoint] Leaving safepoint region
[64.616s][info][safepoint] Total time for which application threads were stopped: 0.0033119 seconds, Stopping threads took: 0.0005278 seconds
[64.650s][info][safepoint] Application time: 0.0330111 seconds
[64.650s][info][safepoint] Entering safepoint region: GenCollectForAllocation
[64.652s][info][gc       ] GC(1506) Pause Young (Allocation Failure) 2199M->2093M(4258M) 1.679ms
[64.653s][info][safepoint] Leaving safepoint region
[64.653s][info][safepoint] Total time for which application threads were stopped: 0.0030128 seconds, Stopping threads took: 0.0004195 seconds
[64.687s][info][safepoint] Application time: 0.0333156 seconds
[64.687s][info][safepoint] Entering safepoint region: GenCollectForAllocation
[64.690s][info][gc       ] GC(1507) Pause Young (Allocation Failure) 2199M->2093M(4258M) 2.129ms
[64.690s][info][safepoint] Leaving safepoint region
[64.691s][info][safepoint] Total time for which application threads were stopped: 0.0031564 seconds, Stopping threads took: 0.0004502 seconds
[64.724s][info][safepoint] Application time: 0.0332184 seconds
[64.725s][info][safepoint] Entering safepoint region: GenCollectForAllocation
[64.727s][info][gc       ] GC(1508) Pause Young (Allocation Failure) 2199M->2093M(4258M) 1.813ms
[64.727s][info][safepoint] Leaving safepoint region
[64.728s][info][safepoint] Total time for which application threads were stopped: 0.0030423 seconds, Stopping threads took: 0.0003136 seconds
[64.761s][info][safepoint] Application time: 0.0333767 seconds
[64.762s][info][safepoint] Entering safepoint region: GenCollectForAllocation
[64.764s][info][gc       ] GC(1509) Pause Young (Allocation Failure) 2199M->2093M(4258M) 1.820ms
[64.764s][info][safepoint] Leaving safepoint region
[64.764s][info][safepoint] Total time for which application threads were stopped: 0.0026229 seconds, Stopping threads took: 0.0002031 seconds
[64.798s][info][safepoint] Application time: 0.0335161 seconds
[64.798s][info][safepoint] Entering safepoint region: GenCollectForAllocation
[64.801s][info][gc       ] GC(1510) Pause Young (Allocation Failure) 2199M->2093M(4258M) 1.843ms
[64.801s][info][safepoint] Leaving safepoint region
[64.801s][info][safepoint] Total time for which application threads were stopped: 0.0030410 seconds, Stopping threads took: 0.0003812 seconds
[64.835s][info][safepoint] Application time: 0.0336046 seconds
[64.836s][info][safepoint] Entering safepoint region: GenCollectForAllocation
[64.838s][info][gc       ] GC(1511) Pause Young (Allocation Failure) 2199M->2093M(4258M) 1.780ms
[64.838s][info][safepoint] Leaving safepoint region
[64.839s][info][safepoint] Total time for which application threads were stopped: 0.0030455 seconds, Stopping threads took: 0.0004276 seconds
[64.873s][info][safepoint] Application time: 0.0334102 seconds
[64.873s][info][safepoint] Entering safepoint region: GenCollectForAllocation
[64.875s][info][gc       ] GC(1512) Pause Young (Allocation Failure) 2199M->2093M(4258M) 1.746ms
[64.876s][info][safepoint] Leaving safepoint region
[64.876s][info][safepoint] Total time for which application threads were stopped: 0.0029213 seconds, Stopping threads took: 0.0004230 seconds
[64.910s][info][safepoint] Application time: 0.0334641 seconds
[64.910s][info][safepoint] Entering safepoint region: GenCollectForAllocation
[64.913s][info][gc       ] GC(1513) Pause Young (Allocation Failure) 2199M->2093M(4258M) 2.203ms
[64.913s][info][safepoint] Leaving safepoint region
[64.914s][info][safepoint] Total time for which application threads were stopped: 0.0036389 seconds, Stopping threads took: 0.0004896 seconds
[64.947s][info][safepoint] Application time: 0.0331610 seconds
[64.948s][info][safepoint] Entering safepoint region: GenCollectForAllocation
[64.950s][info][gc       ] GC(1514) Pause Young (Allocation Failure) 2199M->2093M(4258M) 1.834ms
[64.950s][info][safepoint] Leaving safepoint region
[64.951s][info][safepoint] Total time for which application threads were stopped: 0.0029879 seconds, Stopping threads took: 0.0003855 seconds
[64.985s][info][safepoint] Application time: 0.0339067 seconds
[64.985s][info][safepoint] Entering safepoint region: GenCollectForAllocation
[64.988s][info][gc       ] GC(1515) Pause Young (Allocation Failure) 2199M->2093M(4258M) 1.824ms
[64.988s][info][safepoint] Leaving safepoint region
[64.989s][info][safepoint] Total time for which application threads were stopped: 0.0032198 seconds, Stopping threads took: 0.0004120 seconds
[65.022s][info][safepoint] Application time: 0.0333575 seconds
[65.023s][info][safepoint] Entering safepoint region: GenCollectForAllocation
[65.025s][info][gc       ] GC(1516) Pause Young (Allocation Failure) 2199M->2093M(4258M) 1.798ms
[65.026s][info][safepoint] Leaving safepoint region
[65.026s][info][safepoint] Total time for which application threads were stopped: 0.0030607 seconds, Stopping threads took: 0.0004645 seconds
[65.060s][info][safepoint] Application time: 0.0337888 seconds
[65.060s][info][safepoint] Entering safepoint region: GenCollectForAllocation
[65.063s][info][gc       ] GC(1517) Pause Young (Allocation Failure) 2199M->2093M(4258M) 1.829ms
[65.063s][info][safepoint] Leaving safepoint region
[65.063s][info][safepoint] Total time for which application threads were stopped: 0.0029845 seconds, Stopping threads took: 0.0004371 seconds
[65.097s][info][safepoint] Application time: 0.0337664 seconds
[65.098s][info][safepoint] Entering safepoint region: GenCollectForAllocation
[65.100s][info][gc       ] GC(1518) Pause Young (Allocation Failure) 2199M->2093M(4258M) 1.832ms
[65.100s][info][safepoint] Leaving safepoint region
[65.101s][info][safepoint] Total time for which application threads were stopped: 0.0030386 seconds, Stopping threads took: 0.0002901 seconds
[65.135s][info][safepoint] Application time: 0.0336595 seconds
[65.135s][info][safepoint] Entering safepoint region: GenCollectForAllocation
[65.137s][info][gc       ] GC(1519) Pause Young (Allocation Failure) 2199M->2093M(4258M) 1.844ms
[65.138s][info][safepoint] Leaving safepoint region
[65.138s][info][safepoint] Total time for which application threads were stopped: 0.0032752 seconds, Stopping threads took: 0.0005019 seconds
[65.172s][info][safepoint] Application time: 0.0327726 seconds
[65.172s][info][safepoint] Entering safepoint region: GenCollectForAllocation
[65.175s][info][gc       ] GC(1520) Pause Young (Allocation Failure) 2199M->2093M(4258M) 2.098ms
[65.175s][info][safepoint] Leaving safepoint region
[65.175s][info][safepoint] Total time for which application threads were stopped: 0.0033080 seconds, Stopping threads took: 0.0004413 seconds
[65.209s][info][safepoint] Application time: 0.0338208 seconds
[65.210s][info][safepoint] Entering safepoint region: GenCollectForAllocation
[65.212s][info][gc       ] GC(1521) Pause Young (Allocation Failure) 2199M->2093M(4258M) 1.816ms
[65.212s][info][safepoint] Leaving safepoint region
[65.213s][info][safepoint] Total time for which application threads were stopped: 0.0027018 seconds, Stopping threads took: 0.0002832 seconds
[65.245s][info][safepoint] Application time: 0.0327376 seconds
[65.246s][info][safepoint] Entering safepoint region: GenCollectForAllocation
[65.248s][info][gc       ] GC(1522) Pause Young (Allocation Failure) 2199M->2093M(4258M) 2.125ms
[65.249s][info][safepoint] Leaving safepoint region
[65.249s][info][safepoint] Total time for which application threads were stopped: 0.0033256 seconds, Stopping threads took: 0.0002769 seconds
[65.282s][info][safepoint] Application time: 0.0326309 seconds
[65.283s][info][safepoint] Entering safepoint region: GenCollectForAllocation
[65.285s][info][gc       ] GC(1523) Pause Young (Allocation Failure) 2199M->2093M(4258M) 2.163ms
[65.285s][info][safepoint] Leaving safepoint region
[65.286s][info][safepoint] Total time for which application threads were stopped: 0.0031124 seconds, Stopping threads took: 0.0002973 seconds
[65.320s][info][safepoint] Application time: 0.0336599 seconds
[65.320s][info][safepoint] Entering safepoint region: GenCollectForAllocation
[65.322s][info][gc       ] GC(1524) Pause Young (Allocation Failure) 2199M->2093M(4258M) 2.155ms
[65.323s][info][safepoint] Leaving safepoint region
[65.323s][info][safepoint] Total time for which application threads were stopped: 0.0033524 seconds, Stopping threads took: 0.0003067 seconds
[65.358s][info][safepoint] Application time: 0.0340986 seconds
[65.358s][info][safepoint] Entering safepoint region: GenCollectForAllocation
[65.360s][info][gc       ] GC(1525) Pause Young (Allocation Failure) 2199M->2093M(4258M) 1.907ms
[65.361s][info][safepoint] Leaving safepoint region
[65.361s][info][safepoint] Total time for which application threads were stopped: 0.0027904 seconds, Stopping threads took: 0.0002199 seconds
[65.395s][info][safepoint] Application time: 0.0338115 seconds
[65.395s][info][safepoint] Entering safepoint region: GenCollectForAllocation
[65.397s][info][gc       ] GC(1526) Pause Young (Allocation Failure) 2199M->2093M(4258M) 1.746ms
[65.398s][info][safepoint] Leaving safepoint region
[65.398s][info][safepoint] Total time for which application threads were stopped: 0.0028473 seconds, Stopping threads took: 0.0002911 seconds
[65.432s][info][safepoint] Application time: 0.0339782 seconds
[65.433s][info][safepoint] Entering safepoint region: GenCollectForAllocation
[65.435s][info][gc       ] GC(1527) Pause Young (Allocation Failure) 2199M->2093M(4258M) 2.040ms
[65.435s][info][safepoint] Leaving safepoint region
[65.436s][info][safepoint] Total time for which application threads were stopped: 0.0028567 seconds, Stopping threads took: 0.0001879 seconds
[65.470s][info][safepoint] Application time: 0.0341976 seconds
[65.470s][info][safepoint] Entering safepoint region: GenCollectForAllocation
[65.472s][info][gc       ] GC(1528) Pause Young (Allocation Failure) 2199M->2093M(4258M) 1.952ms
[65.473s][info][safepoint] Leaving safepoint region
[65.473s][info][safepoint] Total time for which application threads were stopped: 0.0030858 seconds, Stopping threads took: 0.0002073 seconds
[65.508s][info][safepoint] Application time: 0.0340699 seconds
[65.508s][info][safepoint] Entering safepoint region: GenCollectForAllocation
[65.510s][info][gc       ] GC(1529) Pause Young (Allocation Failure) 2199M->2093M(4258M) 1.881ms
[65.511s][info][safepoint] Leaving safepoint region
[65.511s][info][safepoint] Total time for which application threads were stopped: 0.0029813 seconds, Stopping threads took: 0.0002736 seconds
[65.546s][info][safepoint] Application time: 0.0344697 seconds
[65.546s][info][safepoint] Entering safepoint region: GenCollectForAllocation
[65.549s][info][gc       ] GC(1530) Pause Young (Allocation Failure) 2199M->2093M(4258M) 1.802ms
[65.549s][info][safepoint] Leaving safepoint region
[65.549s][info][safepoint] Total time for which application threads were stopped: 0.0030151 seconds, Stopping threads took: 0.0003447 seconds
[65.584s][info][safepoint] Application time: 0.0344816 seconds
[65.585s][info][safepoint] Entering safepoint region: GenCollectForAllocation
[65.587s][info][gc       ] GC(1531) Pause Young (Allocation Failure) 2199M->2093M(4258M) 1.960ms
[65.588s][info][safepoint] Leaving safepoint region
[65.588s][info][safepoint] Total time for which application threads were stopped: 0.0032794 seconds, Stopping threads took: 0.0004732 seconds
[65.623s][info][safepoint] Application time: 0.0345183 seconds
[65.623s][info][safepoint] Entering safepoint region: GenCollectForAllocation
[65.626s][info][gc       ] GC(1532) Pause Young (Allocation Failure) 2199M->2093M(4258M) 2.211ms
[65.626s][info][safepoint] Leaving safepoint region
[65.627s][info][safepoint] Total time for which application threads were stopped: 0.0031285 seconds, Stopping threads took: 0.0002504 seconds
[65.661s][info][safepoint] Application time: 0.0341233 seconds
[65.661s][info][safepoint] Entering safepoint region: GenCollectForAllocation
[65.663s][info][gc       ] GC(1533) Pause Young (Allocation Failure) 2199M->2093M(4258M) 1.854ms
[65.664s][info][safepoint] Leaving safepoint region
[65.664s][info][safepoint] Total time for which application threads were stopped: 0.0026478 seconds, Stopping threads took: 0.0002417 seconds
[65.697s][info][safepoint] Application time: 0.0334267 seconds
[65.698s][info][safepoint] Entering safepoint region: GenCollectForAllocation
[65.700s][info][gc       ] GC(1534) Pause Young (Allocation Failure) 2199M->2093M(4258M) 1.801ms
[65.700s][info][safepoint] Leaving safepoint region
[65.701s][info][safepoint] Total time for which application threads were stopped: 0.0030107 seconds, Stopping threads took: 0.0003503 seconds
[65.735s][info][safepoint] Application time: 0.0336420 seconds
[65.735s][info][safepoint] Entering safepoint region: GenCollectForAllocation
[65.738s][info][gc       ] GC(1535) Pause Young (Allocation Failure) 2199M->2093M(4258M) 2.108ms
[65.738s][info][safepoint] Leaving safepoint region
[65.738s][info][safepoint] Total time for which application threads were stopped: 0.0030220 seconds, Stopping threads took: 0.0002722 seconds
[65.773s][info][safepoint] Application time: 0.0348250 seconds
[65.774s][info][safepoint] Entering safepoint region: GenCollectForAllocation
[65.776s][info][gc       ] GC(1536) Pause Young (Allocation Failure) 2199M->2093M(4258M) 1.991ms
[65.776s][info][safepoint] Leaving safepoint region
[65.777s][info][safepoint] Total time for which application threads were stopped: 0.0030599 seconds, Stopping threads took: 0.0002574 seconds
[65.810s][info][safepoint] Application time: 0.0327123 seconds
[65.810s][info][safepoint] Entering safepoint region: GenCollectForAllocation
[65.812s][info][gc       ] GC(1537) Pause Young (Allocation Failure) 2199M->2093M(4258M) 1.856ms
[65.813s][info][safepoint] Leaving safepoint region
[65.813s][info][safepoint] Total time for which application threads were stopped: 0.0030168 seconds, Stopping threads took: 0.0003945 seconds
[65.847s][info][safepoint] Application time: 0.0341421 seconds
[65.848s][info][safepoint] Entering safepoint region: GenCollectForAllocation
[65.850s][info][gc       ] GC(1538) Pause Young (Allocation Failure) 2199M->2093M(4258M) 2.206ms
[65.851s][info][safepoint] Leaving safepoint region
[65.851s][info][safepoint] Total time for which application threads were stopped: 0.0032520 seconds, Stopping threads took: 0.0003561 seconds
[65.886s][info][safepoint] Application time: 0.0344727 seconds
[65.886s][info][safepoint] Entering safepoint region: GenCollectForAllocation
[65.888s][info][gc       ] GC(1539) Pause Young (Allocation Failure) 2199M->2093M(4258M) 1.796ms
[65.889s][info][safepoint] Leaving safepoint region
[65.889s][info][safepoint] Total time for which application threads were stopped: 0.0029466 seconds, Stopping threads took: 0.0003171 seconds
[65.924s][info][safepoint] Application time: 0.0345920 seconds
[65.925s][info][safepoint] Entering safepoint region: GenCollectForAllocation
[65.927s][info][gc       ] GC(1540) Pause Young (Allocation Failure) 2199M->2093M(4258M) 2.226ms
[65.927s][info][safepoint] Leaving safepoint region
[65.928s][info][safepoint] Total time for which application threads were stopped: 0.0034484 seconds, Stopping threads took: 0.0002473 seconds
[65.963s][info][safepoint] Application time: 0.0348094 seconds
[65.964s][info][safepoint] Entering safepoint region: GenCollectForAllocation
[65.966s][info][gc       ] GC(1541) Pause Young (Allocation Failure) 2199M->2093M(4258M) 2.069ms
[65.967s][info][safepoint] Leaving safepoint region
[65.967s][info][safepoint] Total time for which application threads were stopped: 0.0033835 seconds, Stopping threads took: 0.0004608 seconds
[66.002s][info][safepoint] Application time: 0.0349087 seconds
[66.003s][info][safepoint] Entering safepoint region: GenCollectForAllocation
[66.005s][info][gc       ] GC(1542) Pause Young (Allocation Failure) 2199M->2093M(4258M) 2.128ms
[66.006s][info][safepoint] Leaving safepoint region
[66.007s][info][safepoint] Total time for which application threads were stopped: 0.0035832 seconds, Stopping threads took: 0.0003897 seconds
[66.041s][info][safepoint] Application time: 0.0338772 seconds
[66.041s][info][safepoint] Entering safepoint region: GenCollectForAllocation
[66.044s][info][gc       ] GC(1543) Pause Young (Allocation Failure) 2199M->2093M(4258M) 1.800ms
[66.044s][info][safepoint] Leaving safepoint region
[66.044s][info][safepoint] Total time for which application threads were stopped: 0.0030847 seconds, Stopping threads took: 0.0003952 seconds
[66.079s][info][safepoint] Application time: 0.0339714 seconds
[66.080s][info][safepoint] Entering safepoint region: GenCollectForAllocation
[66.082s][info][gc       ] GC(1544) Pause Young (Allocation Failure) 2199M->2093M(4258M) 2.141ms
[66.083s][info][safepoint] Leaving safepoint region
[66.083s][info][safepoint] Total time for which application threads were stopped: 0.0034868 seconds, Stopping threads took: 0.0005002 seconds
[66.117s][info][safepoint] Application time: 0.0337070 seconds
[66.118s][info][safepoint] Entering safepoint region: GenCollectForAllocation
[66.120s][info][gc       ] GC(1545) Pause Young (Allocation Failure) 2199M->2093M(4258M) 1.796ms
[66.120s][info][safepoint] Leaving safepoint region
[66.120s][info][safepoint] Total time for which application threads were stopped: 0.0027672 seconds, Stopping threads took: 0.0003990 seconds
[66.154s][info][safepoint] Application time: 0.0337647 seconds
[66.155s][info][safepoint] Entering safepoint region: GenCollectForAllocation
[66.157s][info][gc       ] GC(1546) Pause Young (Allocation Failure) 2199M->2093M(4258M) 1.796ms
[66.157s][info][safepoint] Leaving safepoint region
[66.158s][info][safepoint] Total time for which application threads were stopped: 0.0031117 seconds, Stopping threads took: 0.0003570 seconds
[66.192s][info][safepoint] Application time: 0.0338565 seconds
[66.193s][info][safepoint] Entering safepoint region: GenCollectForAllocation
[66.195s][info][gc       ] GC(1547) Pause Young (Allocation Failure) 2199M->2093M(4258M) 1.818ms
[66.195s][info][safepoint] Leaving safepoint region
[66.196s][info][safepoint] Total time for which application threads were stopped: 0.0029589 seconds, Stopping threads took: 0.0003198 seconds
[66.230s][info][safepoint] Application time: 0.0339000 seconds
[66.230s][info][safepoint] Entering safepoint region: GenCollectForAllocation
[66.233s][info][gc       ] GC(1548) Pause Young (Allocation Failure) 2199M->2093M(4258M) 1.971ms
[66.233s][info][safepoint] Leaving safepoint region
[66.234s][info][safepoint] Total time for which application threads were stopped: 0.0032884 seconds, Stopping threads took: 0.0004259 seconds
[66.267s][info][safepoint] Application time: 0.0332142 seconds
[66.267s][info][safepoint] Entering safepoint region: GenCollectForAllocation
[66.269s][info][gc       ] GC(1549) Pause Young (Allocation Failure) 2199M->2093M(4258M) 1.765ms
[66.270s][info][safepoint] Leaving safepoint region
[66.270s][info][safepoint] Total time for which application threads were stopped: 0.0028486 seconds, Stopping threads took: 0.0003657 seconds
[66.304s][info][safepoint] Application time: 0.0331803 seconds
[66.304s][info][safepoint] Entering safepoint region: GenCollectForAllocation
[66.307s][info][gc       ] GC(1550) Pause Young (Allocation Failure) 2199M->2093M(4258M) 2.153ms
[66.307s][info][safepoint] Leaving safepoint region
[66.308s][info][safepoint] Total time for which application threads were stopped: 0.0033599 seconds, Stopping threads took: 0.0004124 seconds
[66.342s][info][safepoint] Application time: 0.0340857 seconds
[66.343s][info][safepoint] Entering safepoint region: GenCollectForAllocation
[66.345s][info][gc       ] GC(1551) Pause Young (Allocation Failure) 2199M->2093M(4258M) 2.368ms
[66.346s][info][safepoint] Leaving safepoint region
[66.346s][info][safepoint] Total time for which application threads were stopped: 0.0034601 seconds, Stopping threads took: 0.0003065 seconds
[66.373s][info][safepoint] Application time: 0.0267391 seconds
[66.373s][info][safepoint] Entering safepoint region: GenCollectForAllocation
[66.390s][info][gc       ] GC(1552) Pause Young (Allocation Failure) 2199M->2126M(4258M) 15.901ms
[66.390s][info][safepoint] Leaving safepoint region
[66.391s][info][safepoint] Total time for which application threads were stopped: 0.0173563 seconds, Stopping threads took: 0.0004029 seconds
[66.403s][info][safepoint] Application time: 0.0115400 seconds
[66.403s][info][safepoint] Entering safepoint region: GenCollectForAllocation
[66.468s][info][gc       ] GC(1553) Pause Young (Allocation Failure) 2232M->2231M(4258M) 64.797ms
[66.469s][info][safepoint] Leaving safepoint region
[66.469s][info][safepoint] Total time for which application threads were stopped: 0.0659918 seconds, Stopping threads took: 0.0003970 seconds
[66.470s][info][safepoint] Application time: 0.0002648 seconds
[66.470s][info][safepoint] Entering safepoint region: CMS_Initial_Mark
[66.489s][info][gc       ] GC(1554) Pause Initial Mark 2238M->2238M(4258M) 18.330ms
[66.489s][info][safepoint] Leaving safepoint region
[66.489s][info][safepoint] Total time for which application threads were stopped: 0.0192346 seconds, Stopping threads took: 0.0004850 seconds
[66.489s][info][gc       ] GC(1554) Concurrent Mark
[66.502s][info][safepoint] Application time: 0.0129435 seconds
[66.503s][info][safepoint] Entering safepoint region: GenCollectForAllocation
[66.568s][info][gc       ] GC(1555) Pause Young (Allocation Failure) 2337M->2334M(4258M) 64.545ms
[66.568s][info][safepoint] Leaving safepoint region
[66.568s][info][safepoint] Total time for which application threads were stopped: 0.0656230 seconds, Stopping threads took: 0.0002888 seconds
[66.583s][info][safepoint] Application time: 0.0142764 seconds
[66.583s][info][safepoint] Entering safepoint region: GenCollectForAllocation
[66.654s][info][gc       ] GC(1556) Pause Young (Allocation Failure) 2440M->2438M(4258M) 70.952ms
[66.655s][info][safepoint] Leaving safepoint region
[66.655s][info][safepoint] Total time for which application threads were stopped: 0.0714890 seconds, Stopping threads took: 0.0001101 seconds
[66.669s][info][safepoint] Application time: 0.0141709 seconds
[66.669s][info][safepoint] Entering safepoint region: GenCollectForAllocation
[66.748s][info][gc       ] GC(1557) Pause Young (Allocation Failure) 2544M->2549M(4258M) 78.428ms
[66.748s][info][safepoint] Leaving safepoint region
[66.748s][info][safepoint] Total time for which application threads were stopped: 0.0788907 seconds, Stopping threads took: 0.0000964 seconds
[66.768s][info][safepoint] Application time: 0.0203042 seconds
[66.769s][info][safepoint] Entering safepoint region: GenCollectForAllocation
[66.846s][info][gc       ] GC(1558) Pause Young (Allocation Failure) 2655M->2659M(4258M) 77.371ms
[66.846s][info][safepoint] Leaving safepoint region
[66.846s][info][safepoint] Total time for which application threads were stopped: 0.0778805 seconds, Stopping threads took: 0.0001503 seconds
[66.861s][info][safepoint] Application time: 0.0141946 seconds
[66.861s][info][safepoint] Entering safepoint region: GenCollectForAllocation
[66.932s][info][gc       ] GC(1559) Pause Young (Allocation Failure) 2765M->2770M(4258M) 70.626ms
[66.932s][info][safepoint] Leaving safepoint region
[66.932s][info][safepoint] Total time for which application threads were stopped: 0.0711475 seconds, Stopping threads took: 0.0001074 seconds
[66.947s][info][safepoint] Application time: 0.0145315 seconds
[66.947s][info][safepoint] Entering safepoint region: GenCollectForAllocation
[67.023s][info][gc       ] GC(1560) Pause Young (Allocation Failure) 2876M->2880M(4258M) 76.351ms
[67.024s][info][safepoint] Leaving safepoint region
[67.024s][info][safepoint] Total time for which application threads were stopped: 0.0767959 seconds, Stopping threads took: 0.0000995 seconds
[67.038s][info][safepoint] Application time: 0.0145624 seconds
[67.038s][info][safepoint] Entering safepoint region: GenCollectForAllocation
[67.107s][info][gc       ] GC(1561) Pause Young (Allocation Failure) 2986M->2991M(4258M) 68.251ms
[67.107s][info][safepoint] Leaving safepoint region
[67.107s][info][safepoint] Total time for which application threads were stopped: 0.0688025 seconds, Stopping threads took: 0.0001038 seconds
[67.122s][info][safepoint] Application time: 0.0143587 seconds
[67.122s][info][safepoint] Entering safepoint region: GenCollectForAllocation
[67.194s][info][gc       ] GC(1562) Pause Young (Allocation Failure) 3098M->3103M(4258M) 71.841ms
[67.194s][info][safepoint] Leaving safepoint region
[67.194s][info][safepoint] Total time for which application threads were stopped: 0.0723293 seconds, Stopping threads took: 0.0000993 seconds
[67.208s][info][safepoint] Application time: 0.0138423 seconds
[67.208s][info][safepoint] Entering safepoint region: GenCollectForAllocation
[67.276s][info][gc       ] GC(1563) Pause Young (Allocation Failure) 3209M->3212M(4258M) 67.303ms
[67.276s][info][safepoint] Leaving safepoint region
[67.276s][info][safepoint] Total time for which application threads were stopped: 0.0677214 seconds, Stopping threads took: 0.0001060 seconds
[67.290s][info][safepoint] Application time: 0.0139298 seconds
[67.290s][info][safepoint] Entering safepoint region: GenCollectForAllocation
[67.360s][info][gc       ] GC(1564) Pause Young (Allocation Failure) 3318M->3323M(4258M) 69.921ms
[67.360s][info][safepoint] Leaving safepoint region
[67.360s][info][safepoint] Total time for which application threads were stopped: 0.0703816 seconds, Stopping threads took: 0.0000885 seconds
[67.392s][info][safepoint] Application time: 0.0309628 seconds
[67.392s][info][safepoint] Entering safepoint region: GenCollectForAllocation
[67.466s][info][gc       ] GC(1565) Pause Young (Allocation Failure) 3429M->3434M(4258M) 74.301ms
[67.466s][info][safepoint] Leaving safepoint region
[67.467s][info][safepoint] Total time for which application threads were stopped: 0.0748773 seconds, Stopping threads took: 0.0001220 seconds
[67.493s][info][safepoint] Application time: 0.0264010 seconds
[67.493s][info][safepoint] Entering safepoint region: GenCollectForAllocation
[67.561s][info][gc       ] GC(1566) Pause Young (Allocation Failure) 3540M->3546M(4258M) 66.973ms
[67.561s][info][safepoint] Leaving safepoint region
[67.561s][info][safepoint] Total time for which application threads were stopped: 0.0675848 seconds, Stopping threads took: 0.0001248 seconds
[67.588s][info][safepoint] Application time: 0.0267366 seconds
[67.588s][info][safepoint] Entering safepoint region: GenCollectForAllocation
[67.653s][info][gc       ] GC(1567) Pause Young (Allocation Failure) 3652M->3657M(4258M) 65.050ms
[67.654s][info][safepoint] Leaving safepoint region
[67.654s][info][safepoint] Total time for which application threads were stopped: 0.0656004 seconds, Stopping threads took: 0.0000975 seconds
[67.663s][info][safepoint] Application time: 0.0089282 seconds
[67.663s][info][safepoint] Entering safepoint region: GenCollectForAllocation
[67.706s][info][gc       ] GC(1568) Pause Young (Allocation Failure) 3725M->3726M(4258M) 43.471ms
[67.707s][info][safepoint] Leaving safepoint region
[67.707s][info][safepoint] Total time for which application threads were stopped: 0.0439594 seconds, Stopping threads took: 0.0000989 seconds
[67.722s][info][safepoint] Application time: 0.0150156 seconds
[67.722s][info][safepoint] Entering safepoint region: GenCollectForAllocation
[67.829s][info][gc       ] GC(1569) Pause Young (Allocation Failure) 3832M->3835M(4258M) 106.564ms
[67.829s][info][safepoint] Leaving safepoint region
[67.829s][info][safepoint] Total time for which application threads were stopped: 0.1070631 seconds, Stopping threads took: 0.0001449 seconds
[67.847s][info][gc       ] GC(1554) Concurrent Mark 1357.130ms
[67.847s][info][gc       ] GC(1554) Concurrent Preclean
[67.864s][info][safepoint] Application time: 0.0344602 seconds
[67.864s][info][safepoint] Entering safepoint region: GenCollectForAllocation
[67.965s][info][gc       ] GC(1570) Pause Young (Allocation Failure) 3941M->3956M(4258M) 101.023ms
[67.965s][info][safepoint] Leaving safepoint region
[67.965s][info][safepoint] Total time for which application threads were stopped: 0.1015641 seconds, Stopping threads took: 0.0000995 seconds
[68.024s][info][safepoint] Application time: 0.0589187 seconds
[68.025s][info][safepoint] Entering safepoint region: GenCollectForAllocation
[68.207s][info][gc       ] GC(1571) Pause Young (Allocation Failure) 4062M->4116M(4258M) 182.157ms
[68.207s][info][safepoint] Leaving safepoint region
[68.207s][info][safepoint] Total time for which application threads were stopped: 0.1827954 seconds, Stopping threads took: 0.0002344 seconds
[68.249s][info][safepoint] Application time: 0.0410254 seconds
[68.249s][info][safepoint] Entering safepoint region: GenCollectForAllocation
[68.282s][info][gc       ] GC(1572) Pause Young (Allocation Failure) 4222M->4138M(4258M) 32.727ms
[68.282s][info][safepoint] Leaving safepoint region
[68.282s][info][safepoint] Total time for which application threads were stopped: 0.0336380 seconds, Stopping threads took: 0.0001212 seconds
[68.323s][info][safepoint] Application time: 0.0400465 seconds
[68.323s][info][safepoint] Entering safepoint region: GenCollectForAllocation
[68.337s][info][gc       ] GC(1573) Pause Young (Allocation Failure) 4244M->4140M(4259M) 13.185ms
[68.337s][info][safepoint] Leaving safepoint region
[68.338s][info][safepoint] Total time for which application threads were stopped: 0.0146097 seconds, Stopping threads took: 0.0002986 seconds
[68.378s][info][safepoint] Application time: 0.0403502 seconds
[68.379s][info][safepoint] Entering safepoint region: GenCollectForAllocation
[68.382s][info][gc       ] GC(1574) Pause Young (Allocation Failure) 4246M->4139M(4259M) 3.047ms
[68.383s][info][safepoint] Leaving safepoint region
[68.383s][info][safepoint] Total time for which application threads were stopped: 0.0041694 seconds, Stopping threads took: 0.0003548 seconds
[68.422s][info][safepoint] Application time: 0.0383981 seconds
[68.422s][info][safepoint] Entering safepoint region: GenCollectForAllocation
[68.425s][info][gc       ] GC(1575) Pause Young (Allocation Failure) 4245M->4139M(4259M) 2.179ms
[68.425s][info][safepoint] Leaving safepoint region
[68.426s][info][safepoint] Total time for which application threads were stopped: 0.0033960 seconds, Stopping threads took: 0.0003889 seconds
[68.463s][info][safepoint] Application time: 0.0368466 seconds
[68.463s][info][safepoint] Entering safepoint region: GenCollectForAllocation
[68.467s][info][gc       ] GC(1576) Pause Young (Allocation Failure) 4245M->4138M(4259M) 2.603ms
[68.467s][info][safepoint] Leaving safepoint region
[68.467s][info][safepoint] Total time for which application threads were stopped: 0.0039588 seconds, Stopping threads took: 0.0004226 seconds
[68.503s][info][safepoint] Application time: 0.0354659 seconds
[68.504s][info][safepoint] Entering safepoint region: GenCollectForAllocation
[68.506s][info][gc       ] GC(1577) Pause Young (Allocation Failure) 4245M->4138M(4259M) 2.330ms
[68.507s][info][safepoint] Leaving safepoint region
[68.507s][info][safepoint] Total time for which application threads were stopped: 0.0036001 seconds, Stopping threads took: 0.0002408 seconds
[68.547s][info][safepoint] Application time: 0.0395726 seconds
[68.548s][info][safepoint] Entering safepoint region: GenCollectForAllocation
[68.551s][info][gc       ] GC(1578) Pause Young (Allocation Failure) 4245M->4138M(5113M) 2.988ms
[68.552s][info][safepoint] Leaving safepoint region
[68.553s][info][safepoint] Total time for which application threads were stopped: 0.0047372 seconds, Stopping threads took: 0.0004814 seconds
[68.921s][info][gc       ] GC(1554) Concurrent Preclean 1074.116ms
[68.921s][info][gc       ] GC(1554) Concurrent Abortable Preclean
[68.969s][info][safepoint] Application time: 0.4161644 seconds
[68.970s][info][safepoint] Entering safepoint region: GenCollectForAllocation
[68.973s][info][gc       ] GC(1579) Pause Young (Allocation Failure) 5004M->4138M(5113M) 2.433ms
[68.973s][info][safepoint] Leaving safepoint region
[68.974s][info][safepoint] Total time for which application threads were stopped: 0.0036568 seconds, Stopping threads took: 0.0003149 seconds
[68.974s][info][gc       ] GC(1554) Concurrent Abortable Preclean 52.708ms
[68.974s][info][safepoint] Application time: 0.0005480 seconds
[68.975s][info][safepoint] Entering safepoint region: CMS_Final_Remark
[68.976s][info][gc       ] GC(1554) Pause Remark 4156M->4156M(5113M) 1.207ms
[68.977s][info][safepoint] Leaving safepoint region
[68.977s][info][safepoint] Total time for which application threads were stopped: 0.0025700 seconds, Stopping threads took: 0.0004153 seconds
[68.978s][info][gc       ] GC(1554) Concurrent Sweep
[69.276s][info][safepoint] Application time: 0.2982171 seconds
[69.276s][info][safepoint] Entering safepoint region: GenCollectForAllocation
[69.279s][info][gc       ] GC(1580) Pause Young (Allocation Failure) 4562M->3697M(5113M) 2.289ms
[69.280s][info][safepoint] Leaving safepoint region
[69.280s][info][safepoint] Total time for which application threads were stopped: 0.0037335 seconds, Stopping threads took: 0.0005426 seconds
[69.574s][info][safepoint] Application time: 0.2938304 seconds
[69.575s][info][safepoint] Entering safepoint region: GenCollectForAllocation
[69.577s][info][gc       ] GC(1581) Pause Young (Allocation Failure) 3731M->2866M(5113M) 2.266ms
[69.578s][info][safepoint] Leaving safepoint region
[69.578s][info][safepoint] Total time for which application threads were stopped: 0.0036807 seconds, Stopping threads took: 0.0004161 seconds
[69.870s][info][safepoint] Application time: 0.2908923 seconds
[69.870s][info][safepoint] Entering safepoint region: GenCollectForAllocation
[69.873s][info][gc       ] GC(1582) Pause Young (Allocation Failure) 3523M->2658M(5113M) 2.060ms
[69.873s][info][safepoint] Leaving safepoint region
[69.874s][info][safepoint] Total time for which application threads were stopped: 0.0035234 seconds, Stopping threads took: 0.0005303 seconds
[70.133s][info][gc       ] GC(1554) Concurrent Sweep 1155.356ms
[70.134s][info][gc       ] GC(1554) Concurrent Reset
[70.137s][info][gc       ] GC(1554) Concurrent Reset 3.138ms
[70.166s][info][safepoint] Application time: 0.2916538 seconds
[70.166s][info][safepoint] Entering safepoint region: GenCollectForAllocation
[70.169s][info][gc       ] GC(1583) Pause Young (Allocation Failure) 2969M->2104M(5113M) 2.181ms
[70.169s][info][safepoint] Leaving safepoint region
[70.169s][info][safepoint] Total time for which application threads were stopped: 0.0031084 seconds, Stopping threads took: 0.0002585 seconds
[70.460s][info][safepoint] Application time: 0.2907853 seconds
[70.461s][info][safepoint] Entering safepoint region: GenCollectForAllocation
[70.464s][info][gc       ] GC(1584) Pause Young (Allocation Failure) 2969M->2104M(5113M) 2.261ms
[70.464s][info][safepoint] Leaving safepoint region
[70.464s][info][safepoint] Total time for which application threads were stopped: 0.0036323 seconds, Stopping threads took: 0.0003834 seconds
[70.748s][info][safepoint] Application time: 0.2833719 seconds
[70.749s][info][safepoint] Entering safepoint region: GenCollectForAllocation
[70.752s][info][gc       ] GC(1585) Pause Young (Allocation Failure) 2969M->2104M(5113M) 2.383ms
[70.752s][info][safepoint] Leaving safepoint region
[70.752s][info][safepoint] Total time for which application threads were stopped: 0.0036947 seconds, Stopping threads took: 0.0004413 seconds
[71.035s][info][safepoint] Application time: 0.2825327 seconds
[71.036s][info][safepoint] Entering safepoint region: GenCollectForAllocation
[71.038s][info][gc       ] GC(1586) Pause Young (Allocation Failure) 2969M->2104M(5113M) 2.133ms
[71.039s][info][safepoint] Leaving safepoint region
[71.039s][info][safepoint] Total time for which application threads were stopped: 0.0034514 seconds, Stopping threads took: 0.0003418 seconds
[71.323s][info][safepoint] Application time: 0.2837006 seconds
[71.324s][info][safepoint] Entering safepoint region: GenCollectForAllocation
[71.327s][info][gc       ] GC(1587) Pause Young (Allocation Failure) 2969M->2104M(5113M) 2.216ms
[71.327s][info][safepoint] Leaving safepoint region
[71.328s][info][safepoint] Total time for which application threads were stopped: 0.0035046 seconds, Stopping threads took: 0.0003933 seconds
[71.614s][info][safepoint] Application time: 0.2861991 seconds
[71.614s][info][safepoint] Entering safepoint region: GenCollectForAllocation
[71.617s][info][gc       ] GC(1588) Pause Young (Allocation Failure) 2969M->2104M(5113M) 2.087ms
[71.617s][info][safepoint] Leaving safepoint region
[71.618s][info][safepoint] Total time for which application threads were stopped: 0.0034823 seconds, Stopping threads took: 0.0004251 seconds
[71.903s][info][safepoint] Application time: 0.2846716 seconds
[71.903s][info][safepoint] Entering safepoint region: GenCollectForAllocation
[71.906s][info][gc       ] GC(1589) Pause Young (Allocation Failure) 2969M->2104M(5113M) 2.198ms
[71.906s][info][safepoint] Leaving safepoint region
[71.907s][info][safepoint] Total time for which application threads were stopped: 0.0031363 seconds, Stopping threads took: 0.0002750 seconds
[72.188s][info][safepoint] Application time: 0.2810008 seconds
[72.188s][info][safepoint] Entering safepoint region: GenCollectForAllocation
[72.191s][info][gc       ] GC(1590) Pause Young (Allocation Failure) 2969M->2104M(5113M) 2.218ms
[72.191s][info][safepoint] Leaving safepoint region
[72.191s][info][safepoint] Total time for which application threads were stopped: 0.0032090 seconds, Stopping threads took: 0.0004527 seconds
[72.474s][info][safepoint] Application time: 0.2821824 seconds
[72.474s][info][safepoint] Entering safepoint region: GenCollectForAllocation
[72.476s][info][gc       ] GC(1591) Pause Young (Allocation Failure) 2969M->2104M(5113M) 1.960ms
[72.477s][info][safepoint] Leaving safepoint region
[72.477s][info][safepoint] Total time for which application threads were stopped: 0.0029177 seconds, Stopping threads took: 0.0002340 seconds
[72.760s][info][safepoint] Application time: 0.2821192 seconds
[72.760s][info][safepoint] Entering safepoint region: GenCollectForAllocation
[72.763s][info][gc       ] GC(1592) Pause Young (Allocation Failure) 2969M->2104M(5113M) 2.186ms
[72.763s][info][safepoint] Leaving safepoint region
[72.763s][info][safepoint] Total time for which application threads were stopped: 0.0033803 seconds, Stopping threads took: 0.0003822 seconds
[73.049s][info][safepoint] Application time: 0.2856692 seconds
[73.050s][info][safepoint] Entering safepoint region: GenCollectForAllocation
[73.052s][info][gc       ] GC(1593) Pause Young (Allocation Failure) 2969M->2104M(5113M) 1.969ms
[73.052s][info][safepoint] Leaving safepoint region
[73.053s][info][safepoint] Total time for which application threads were stopped: 0.0028330 seconds, Stopping threads took: 0.0002083 seconds
[73.326s][info][safepoint] Application time: 0.2730949 seconds
[73.326s][info][safepoint] Entering safepoint region: GenCollectForAllocation
[73.329s][info][gc       ] GC(1594) Pause Young (Allocation Failure) 2969M->2104M(5113M) 2.016ms
[73.329s][info][safepoint] Leaving safepoint region
[73.329s][info][safepoint] Total time for which application threads were stopped: 0.0027517 seconds, Stopping threads took: 0.0002433 seconds
[73.605s][info][safepoint] Application time: 0.2763073 seconds
[73.606s][info][safepoint] Entering safepoint region: GenCollectForAllocation
[73.609s][info][gc       ] GC(1595) Pause Young (Allocation Failure) 2969M->2104M(5113M) 2.220ms
[73.609s][info][safepoint] Leaving safepoint region
[73.609s][info][safepoint] Total time for which application threads were stopped: 0.0034386 seconds, Stopping threads took: 0.0004014 seconds
[73.887s][info][safepoint] Application time: 0.2774828 seconds
[73.888s][info][safepoint] Entering safepoint region: GenCollectForAllocation
[73.890s][info][gc       ] GC(1596) Pause Young (Allocation Failure) 2969M->2104M(5113M) 2.117ms
[73.890s][info][safepoint] Leaving safepoint region
[73.890s][info][safepoint] Total time for which application threads were stopped: 0.0028632 seconds, Stopping threads took: 0.0002769 seconds
[74.166s][info][safepoint] Application time: 0.2751587 seconds
[74.166s][info][safepoint] Entering safepoint region: GenCollectForAllocation
[74.169s][info][gc       ] GC(1597) Pause Young (Allocation Failure) 2969M->2104M(5113M) 2.149ms
[74.169s][info][safepoint] Leaving safepoint region
[74.169s][info][safepoint] Total time for which application threads were stopped: 0.0030781 seconds, Stopping threads took: 0.0003172 seconds
[74.453s][info][safepoint] Application time: 0.2831586 seconds
[74.453s][info][safepoint] Entering safepoint region: GenCollectForAllocation
[74.456s][info][gc       ] GC(1598) Pause Young (Allocation Failure) 2969M->2104M(5113M) 2.088ms
[74.456s][info][safepoint] Leaving safepoint region
[74.456s][info][safepoint] Total time for which application threads were stopped: 0.0031698 seconds, Stopping threads took: 0.0003135 seconds
[74.735s][info][safepoint] Application time: 0.2785366 seconds
[74.736s][info][safepoint] Entering safepoint region: GenCollectForAllocation
[74.738s][info][gc       ] GC(1599) Pause Young (Allocation Failure) 2969M->2104M(5113M) 2.217ms
[74.739s][info][safepoint] Leaving safepoint region
[74.739s][info][safepoint] Total time for which application threads were stopped: 0.0033866 seconds, Stopping threads took: 0.0004655 seconds
[75.016s][info][safepoint] Application time: 0.2769239 seconds
[75.017s][info][safepoint] Entering safepoint region: GenCollectForAllocation
[75.019s][info][gc       ] GC(1600) Pause Young (Allocation Failure) 2969M->2104M(5113M) 2.264ms
[75.020s][info][safepoint] Leaving safepoint region
[75.020s][info][safepoint] Total time for which application threads were stopped: 0.0032808 seconds, Stopping threads took: 0.0001968 seconds
[75.301s][info][safepoint] Application time: 0.2803081 seconds
[75.301s][info][safepoint] Entering safepoint region: GenCollectForAllocation
[75.303s][info][gc       ] GC(1601) Pause Young (Allocation Failure) 2969M->2104M(5113M) 1.942ms
[75.304s][info][safepoint] Leaving safepoint region
[75.304s][info][safepoint] Total time for which application threads were stopped: 0.0031638 seconds, Stopping threads took: 0.0003629 seconds
[75.582s][info][safepoint] Application time: 0.2775703 seconds
[75.583s][info][safepoint] Entering safepoint region: GenCollectForAllocation
[75.585s][info][gc       ] GC(1602) Pause Young (Allocation Failure) 2969M->2104M(5113M) 1.897ms
[75.585s][info][safepoint] Leaving safepoint region
[75.586s][info][safepoint] Total time for which application threads were stopped: 0.0031656 seconds, Stopping threads took: 0.0003662 seconds
[75.862s][info][safepoint] Application time: 0.2760329 seconds
[75.863s][info][safepoint] Entering safepoint region: GenCollectForAllocation
[75.865s][info][gc       ] GC(1603) Pause Young (Allocation Failure) 2969M->2104M(5113M) 2.035ms
[75.865s][info][safepoint] Leaving safepoint region
[75.866s][info][safepoint] Total time for which application threads were stopped: 0.0031814 seconds, Stopping threads took: 0.0004080 seconds
[76.145s][info][safepoint] Application time: 0.2785758 seconds
[76.145s][info][safepoint] Entering safepoint region: GenCollectForAllocation
[76.149s][info][gc       ] GC(1604) Pause Young (Allocation Failure) 2969M->2104M(5113M) 2.782ms
[76.149s][info][safepoint] Leaving safepoint region
[76.149s][info][safepoint] Total time for which application threads were stopped: 0.0040908 seconds, Stopping threads took: 0.0005215 seconds
[76.429s][info][safepoint] Application time: 0.2795377 seconds
[76.429s][info][safepoint] Entering safepoint region: GenCollectForAllocation
[76.432s][info][gc       ] GC(1605) Pause Young (Allocation Failure) 2969M->2104M(5113M) 2.153ms
[76.432s][info][safepoint] Leaving safepoint region
[76.433s][info][safepoint] Total time for which application threads were stopped: 0.0032651 seconds, Stopping threads took: 0.0003030 seconds
[76.696s][info][safepoint] Application time: 0.2627261 seconds
[76.696s][info][safepoint] Entering safepoint region: GenCollectForAllocation
[76.699s][info][gc       ] GC(1606) Pause Young (Allocation Failure) 2969M->2104M(5113M) 2.065ms
[76.699s][info][safepoint] Leaving safepoint region
[76.700s][info][safepoint] Total time for which application threads were stopped: 0.0034876 seconds, Stopping threads took: 0.0004678 seconds
[76.977s][info][safepoint] Application time: 0.2763962 seconds
[76.977s][info][safepoint] Entering safepoint region: GenCollectForAllocation
[76.980s][info][gc       ] GC(1607) Pause Young (Allocation Failure) 2969M->2104M(5113M) 2.210ms
[76.980s][info][safepoint] Leaving safepoint region
[76.981s][info][safepoint] Total time for which application threads were stopped: 0.0035587 seconds, Stopping threads took: 0.0004574 seconds
[77.263s][info][safepoint] Application time: 0.2814156 seconds
[77.263s][info][safepoint] Entering safepoint region: GenCollectForAllocation
[77.265s][info][gc       ] GC(1608) Pause Young (Allocation Failure) 2969M->2104M(5113M) 2.145ms
[77.266s][info][safepoint] Leaving safepoint region
[77.266s][info][safepoint] Total time for which application threads were stopped: 0.0031961 seconds, Stopping threads took: 0.0002753 seconds
[77.546s][info][safepoint] Application time: 0.2796453 seconds
[77.547s][info][safepoint] Entering safepoint region: GenCollectForAllocation
[77.549s][info][gc       ] GC(1609) Pause Young (Allocation Failure) 2969M->2104M(5113M) 2.028ms
[77.549s][info][safepoint] Leaving safepoint region
[77.550s][info][safepoint] Total time for which application threads were stopped: 0.0029419 seconds, Stopping threads took: 0.0002096 seconds
[77.836s][info][safepoint] Application time: 0.2863292 seconds
[77.837s][info][safepoint] Entering safepoint region: GenCollectForAllocation
[77.839s][info][gc       ] GC(1610) Pause Young (Allocation Failure) 2969M->2104M(5113M) 2.242ms
[77.840s][info][safepoint] Leaving safepoint region
[77.840s][info][safepoint] Total time for which application threads were stopped: 0.0033913 seconds, Stopping threads took: 0.0004035 seconds
[78.121s][info][safepoint] Application time: 0.2803567 seconds
[78.121s][info][safepoint] Entering safepoint region: GenCollectForAllocation
[78.124s][info][gc       ] GC(1611) Pause Young (Allocation Failure) 2969M->2104M(5113M) 2.186ms
[78.124s][info][safepoint] Leaving safepoint region
[78.125s][info][safepoint] Total time for which application threads were stopped: 0.0036000 seconds, Stopping threads took: 0.0004524 seconds
[78.405s][info][safepoint] Application time: 0.2799231 seconds
[78.406s][info][safepoint] Entering safepoint region: GenCollectForAllocation
[78.408s][info][gc       ] GC(1612) Pause Young (Allocation Failure) 2969M->2104M(5113M) 2.210ms
[78.409s][info][safepoint] Leaving safepoint region
[78.409s][info][safepoint] Total time for which application threads were stopped: 0.0032851 seconds, Stopping threads took: 0.0003793 seconds
[78.663s][info][safepoint] Application time: 0.2542308 seconds
[78.664s][info][safepoint] Entering safepoint region: GenCollectForAllocation
[78.734s][info][gc       ] GC(1613) Pause Young (Allocation Failure) 2969M->2217M(5113M) 69.770ms
[78.734s][info][safepoint] Leaving safepoint region
[78.735s][info][safepoint] Total time for which application threads were stopped: 0.0710953 seconds, Stopping threads took: 0.0003368 seconds
[78.844s][info][safepoint] Application time: 0.1083680 seconds
[78.844s][info][safepoint] Entering safepoint region: GenCollectForAllocation
[79.353s][info][gc       ] GC(1614) Pause Young (Allocation Failure) 3083M->3143M(5113M) 508.746ms
[79.354s][info][safepoint] Leaving safepoint region
[79.354s][info][safepoint] Total time for which application threads were stopped: 0.5095843 seconds, Stopping threads took: 0.0004767 seconds
[79.354s][info][safepoint] Application time: 0.0000904 seconds
[79.357s][info][safepoint] Entering safepoint region: CMS_Initial_Mark
[79.404s][info][gc       ] GC(1615) Pause Initial Mark 3178M->3178M(5113M) 47.591ms
[79.405s][info][safepoint] Leaving safepoint region
[79.405s][info][safepoint] Total time for which application threads were stopped: 0.0510868 seconds, Stopping threads took: 0.0027172 seconds
[79.405s][info][gc       ] GC(1615) Concurrent Mark
[79.599s][info][safepoint] Application time: 0.1938689 seconds
[79.600s][info][safepoint] Entering safepoint region: GenCollectForAllocation
[80.172s][info][gc       ] GC(1616) Pause Young (Allocation Failure) 4009M->3974M(5113M) 571.477ms
[80.172s][info][safepoint] Leaving safepoint region
[80.172s][info][safepoint] Total time for which application threads were stopped: 0.5722321 seconds, Stopping threads took: 0.0003275 seconds
[80.317s][info][gc       ] GC(1615) Concurrent Mark 911.954ms
[80.318s][info][gc       ] GC(1615) Concurrent Preclean
[80.506s][info][safepoint] Application time: 0.3337435 seconds
[80.506s][info][safepoint] Entering safepoint region: GenCollectForAllocation
[80.636s][info][gc       ] GC(1617) Pause Young (Allocation Failure) 4839M->4117M(5113M) 129.317ms
[80.636s][info][safepoint] Leaving safepoint region
[80.637s][info][safepoint] Total time for which application threads were stopped: 0.1305527 seconds, Stopping threads took: 0.0003708 seconds
[80.972s][info][safepoint] Application time: 0.3351877 seconds
[80.973s][info][safepoint] Entering safepoint region: GenCollectForAllocation
[81.040s][info][gc       ] GC(1618) Pause Young (Allocation Failure) 4982M->4124M(5113M) 66.597ms
[81.040s][info][safepoint] Leaving safepoint region
[81.041s][info][safepoint] Total time for which application threads were stopped: 0.0681013 seconds, Stopping threads took: 0.0003912 seconds
[81.310s][info][gc       ] GC(1615) Concurrent Preclean 992.299ms
[81.311s][info][gc       ] GC(1615) Concurrent Abortable Preclean
[81.334s][info][safepoint] Application time: 0.2923748 seconds
[81.334s][info][safepoint] Entering safepoint region: GenCollectForAllocation
[81.336s][info][gc       ] GC(1619) Pause Young (Allocation Failure) 4989M->4116M(5113M) 2.102ms
[81.337s][info][safepoint] Leaving safepoint region
[81.337s][info][safepoint] Total time for which application threads were stopped: 0.0029659 seconds, Stopping threads took: 0.0002434 seconds
[81.337s][info][gc       ] GC(1615) Concurrent Abortable Preclean 26.569ms
[81.337s][info][safepoint] Application time: 0.0003230 seconds
[81.338s][info][safepoint] Entering safepoint region: CMS_Final_Remark
[81.339s][info][gc       ] GC(1615) Pause Remark 4133M->4133M(5113M) 1.219ms
[81.339s][info][safepoint] Leaving safepoint region
[81.339s][info][safepoint] Total time for which application threads were stopped: 0.0017636 seconds, Stopping threads took: 0.0001426 seconds
[81.339s][info][gc       ] GC(1615) Concurrent Sweep
[81.634s][info][safepoint] Application time: 0.2942866 seconds
[81.634s][info][safepoint] Entering safepoint region: GenCollectForAllocation
[81.637s][info][gc       ] GC(1620) Pause Young (Allocation Failure) 4250M->3383M(5113M) 2.190ms
[81.637s][info][safepoint] Leaving safepoint region
[81.637s][info][safepoint] Total time for which application threads were stopped: 0.0029519 seconds, Stopping threads took: 0.0002725 seconds
[81.929s][info][safepoint] Application time: 0.2912566 seconds
[81.929s][info][safepoint] Entering safepoint region: GenCollectForAllocation
[81.932s][info][gc       ] GC(1621) Pause Young (Allocation Failure) 4049M->3183M(5113M) 2.422ms
[81.932s][info][safepoint] Leaving safepoint region
[81.932s][info][safepoint] Total time for which application threads were stopped: 0.0034496 seconds, Stopping threads took: 0.0003253 seconds
[82.225s][info][safepoint] Application time: 0.2921023 seconds
[82.225s][info][safepoint] Entering safepoint region: GenCollectForAllocation
[82.228s][info][gc       ] GC(1622) Pause Young (Allocation Failure) 3161M->2296M(5113M) 2.353ms
[82.229s][info][safepoint] Leaving safepoint region
[82.229s][info][safepoint] Total time for which application threads were stopped: 0.0034802 seconds, Stopping threads took: 0.0004190 seconds
[82.481s][info][gc       ] GC(1615) Concurrent Sweep 1141.426ms
[82.481s][info][gc       ] GC(1615) Concurrent Reset
[82.484s][info][gc       ] GC(1615) Concurrent Reset 2.957ms
[82.518s][info][safepoint] Application time: 0.2889372 seconds
[82.519s][info][safepoint] Entering safepoint region: GenCollectForAllocation
[82.521s][info][gc       ] GC(1623) Pause Young (Allocation Failure) 2912M->2046M(5113M) 2.257ms
[82.522s][info][safepoint] Leaving safepoint region
[82.522s][info][safepoint] Total time for which application threads were stopped: 0.0036938 seconds, Stopping threads took: 0.0004083 seconds
[82.808s][info][safepoint] Application time: 0.2855065 seconds
[82.809s][info][safepoint] Entering safepoint region: GenCollectForAllocation
[82.811s][info][gc       ] GC(1624) Pause Young (Allocation Failure) 2912M->2046M(5113M) 2.156ms
[82.812s][info][safepoint] Leaving safepoint region
[82.812s][info][safepoint] Total time for which application threads were stopped: 0.0034236 seconds, Stopping threads took: 0.0004440 seconds
[83.096s][info][safepoint] Application time: 0.2835680 seconds
[83.096s][info][safepoint] Entering safepoint region: GenCollectForAllocation
[83.098s][info][gc       ] GC(1625) Pause Young (Allocation Failure) 2912M->2046M(5113M) 1.990ms
[83.099s][info][safepoint] Leaving safepoint region
[83.099s][info][safepoint] Total time for which application threads were stopped: 0.0025259 seconds, Stopping threads took: 0.0001844 seconds
[83.397s][info][safepoint] Application time: 0.2984101 seconds
[83.398s][info][safepoint] Entering safepoint region: GenCollectForAllocation
[83.400s][info][gc       ] GC(1626) Pause Young (Allocation Failure) 2912M->2046M(5113M) 2.381ms
[83.401s][info][safepoint] Leaving safepoint region
[83.401s][info][safepoint] Total time for which application threads were stopped: 0.0032552 seconds, Stopping threads took: 0.0002666 seconds
[83.695s][info][safepoint] Application time: 0.2932282 seconds
[83.695s][info][safepoint] Entering safepoint region: GenCollectForAllocation
[83.697s][info][gc       ] GC(1627) Pause Young (Allocation Failure) 2912M->2046M(5113M) 2.093ms
[83.697s][info][safepoint] Leaving safepoint region
[83.698s][info][safepoint] Total time for which application threads were stopped: 0.0026953 seconds, Stopping threads took: 0.0002327 seconds
[83.975s][info][safepoint] Application time: 0.2776906 seconds
[83.976s][info][safepoint] Entering safepoint region: GenCollectForAllocation
[83.978s][info][gc       ] GC(1628) Pause Young (Allocation Failure) 2912M->2046M(5113M) 1.989ms
[83.978s][info][safepoint] Leaving safepoint region
[83.979s][info][safepoint] Total time for which application threads were stopped: 0.0028133 seconds, Stopping threads took: 0.0001833 seconds
[84.264s][info][safepoint] Application time: 0.2849932 seconds
[84.264s][info][safepoint] Entering safepoint region: GenCollectForAllocation
[84.267s][info][gc       ] GC(1629) Pause Young (Allocation Failure) 2912M->2046M(5113M) 2.428ms
[84.267s][info][safepoint] Leaving safepoint region
[84.268s][info][safepoint] Total time for which application threads were stopped: 0.0034491 seconds, Stopping threads took: 0.0003020 seconds
[84.547s][info][safepoint] Application time: 0.2791091 seconds
[84.547s][info][safepoint] Entering safepoint region: GenCollectForAllocation
[84.549s][info][gc       ] GC(1630) Pause Young (Allocation Failure) 2912M->2046M(5113M) 1.911ms
[84.550s][info][safepoint] Leaving safepoint region
[84.550s][info][safepoint] Total time for which application threads were stopped: 0.0026443 seconds, Stopping threads took: 0.0002883 seconds
[84.833s][info][safepoint] Application time: 0.2826538 seconds
[84.833s][info][safepoint] Entering safepoint region: GenCollectForAllocation
[84.835s][info][gc       ] GC(1631) Pause Young (Allocation Failure) 2912M->2046M(5113M) 1.974ms
[84.835s][info][safepoint] Leaving safepoint region
[84.836s][info][safepoint] Total time for which application threads were stopped: 0.0026041 seconds, Stopping threads took: 0.0001982 seconds
[85.119s][info][safepoint] Application time: 0.2828909 seconds
[85.119s][info][safepoint] Entering safepoint region: GenCollectForAllocation
[85.121s][info][gc       ] GC(1632) Pause Young (Allocation Failure) 2912M->2046M(5113M) 2.138ms
[85.122s][info][safepoint] Leaving safepoint region
[85.122s][info][safepoint] Total time for which application threads were stopped: 0.0027810 seconds, Stopping threads took: 0.0002458 seconds
[85.406s][info][safepoint] Application time: 0.2837715 seconds
[85.406s][info][safepoint] Entering safepoint region: GenCollectForAllocation
[85.409s][info][gc       ] GC(1633) Pause Young (Allocation Failure) 2912M->2046M(5113M) 2.322ms
[85.409s][info][safepoint] Leaving safepoint region
[85.409s][info][safepoint] Total time for which application threads were stopped: 0.0031407 seconds, Stopping threads took: 0.0002740 seconds
[85.693s][info][safepoint] Application time: 0.2832971 seconds
[85.693s][info][safepoint] Entering safepoint region: GenCollectForAllocation
[85.696s][info][gc       ] GC(1634) Pause Young (Allocation Failure) 2912M->2046M(5113M) 2.048ms
[85.696s][info][safepoint] Leaving safepoint region
[85.696s][info][safepoint] Total time for which application threads were stopped: 0.0028572 seconds, Stopping threads took: 0.0002982 seconds
[85.980s][info][safepoint] Application time: 0.2834031 seconds
[85.980s][info][safepoint] Entering safepoint region: GenCollectForAllocation
[85.983s][info][gc       ] GC(1635) Pause Young (Allocation Failure) 2912M->2046M(5113M) 2.310ms
[85.983s][info][safepoint] Leaving safepoint region
[85.983s][info][safepoint] Total time for which application threads were stopped: 0.0032139 seconds, Stopping threads took: 0.0002801 seconds
[86.264s][info][safepoint] Application time: 0.2802909 seconds
[86.264s][info][safepoint] Entering safepoint region: GenCollectForAllocation
[86.267s][info][gc       ] GC(1636) Pause Young (Allocation Failure) 2912M->2046M(5113M) 2.248ms
[86.267s][info][safepoint] Leaving safepoint region
[86.267s][info][safepoint] Total time for which application threads were stopped: 0.0032136 seconds, Stopping threads took: 0.0003544 seconds
[86.543s][info][safepoint] Application time: 0.2750019 seconds
[86.543s][info][safepoint] Entering safepoint region: GenCollectForAllocation
[86.546s][info][gc       ] GC(1637) Pause Young (Allocation Failure) 2912M->2046M(5113M) 2.237ms
[86.546s][info][safepoint] Leaving safepoint region
[86.546s][info][safepoint] Total time for which application threads were stopped: 0.0030040 seconds, Stopping threads took: 0.0002785 seconds
[86.829s][info][safepoint] Application time: 0.2829401 seconds
[86.830s][info][safepoint] Entering safepoint region: GenCollectForAllocation
[86.832s][info][gc       ] GC(1638) Pause Young (Allocation Failure) 2912M->2046M(5113M) 2.410ms
[86.833s][info][safepoint] Leaving safepoint region
[86.833s][info][safepoint] Total time for which application threads were stopped: 0.0033241 seconds, Stopping threads took: 0.0003048 seconds
[87.116s][info][safepoint] Application time: 0.2828660 seconds
[87.116s][info][safepoint] Entering safepoint region: GenCollectForAllocation
[87.119s][info][gc       ] GC(1639) Pause Young (Allocation Failure) 2912M->2046M(5113M) 2.174ms
[87.119s][info][safepoint] Leaving safepoint region
[87.120s][info][safepoint] Total time for which application threads were stopped: 0.0032694 seconds, Stopping threads took: 0.0003178 seconds
[87.404s][info][safepoint] Application time: 0.2837508 seconds
[87.404s][info][safepoint] Entering safepoint region: GenCollectForAllocation
[87.407s][info][gc       ] GC(1640) Pause Young (Allocation Failure) 2912M->2046M(5113M) 2.145ms
[87.407s][info][safepoint] Leaving safepoint region
[87.407s][info][safepoint] Total time for which application threads were stopped: 0.0030010 seconds, Stopping threads took: 0.0001635 seconds
[87.687s][info][safepoint] Application time: 0.2792728 seconds
[87.687s][info][safepoint] Entering safepoint region: GenCollectForAllocation
[87.689s][info][gc       ] GC(1641) Pause Young (Allocation Failure) 2912M->2046M(5113M) 1.948ms
[87.690s][info][safepoint] Leaving safepoint region
[87.690s][info][safepoint] Total time for which application threads were stopped: 0.0028414 seconds, Stopping threads took: 0.0002917 seconds
[87.969s][info][safepoint] Application time: 0.2784852 seconds
[87.969s][info][safepoint] Entering safepoint region: GenCollectForAllocation
[87.971s][info][gc       ] GC(1642) Pause Young (Allocation Failure) 2912M->2046M(5113M) 2.147ms
[87.972s][info][safepoint] Leaving safepoint region
[87.972s][info][safepoint] Total time for which application threads were stopped: 0.0031390 seconds, Stopping threads took: 0.0002630 seconds
[88.252s][info][safepoint] Application time: 0.2798129 seconds
[88.253s][info][safepoint] Entering safepoint region: GenCollectForAllocation
[88.255s][info][gc       ] GC(1643) Pause Young (Allocation Failure) 2912M->2046M(5113M) 2.011ms
[88.255s][info][safepoint] Leaving safepoint region
[88.256s][info][safepoint] Total time for which application threads were stopped: 0.0029492 seconds, Stopping threads took: 0.0002801 seconds
[88.534s][info][safepoint] Application time: 0.2784751 seconds
[88.535s][info][safepoint] Entering safepoint region: GenCollectForAllocation
[88.537s][info][gc       ] GC(1644) Pause Young (Allocation Failure) 2912M->2046M(5113M) 2.218ms
[88.537s][info][safepoint] Leaving safepoint region
[88.538s][info][safepoint] Total time for which application threads were stopped: 0.0030750 seconds, Stopping threads took: 0.0002894 seconds
[88.820s][info][safepoint] Application time: 0.2819303 seconds
[88.820s][info][safepoint] Entering safepoint region: GenCollectForAllocation
[88.823s][info][gc       ] GC(1645) Pause Young (Allocation Failure) 2912M->2046M(5113M) 2.020ms
[88.823s][info][safepoint] Leaving safepoint region
[88.824s][info][safepoint] Total time for which application threads were stopped: 0.0033251 seconds, Stopping threads took: 0.0003901 seconds
[89.106s][info][safepoint] Application time: 0.2817823 seconds
[89.106s][info][safepoint] Entering safepoint region: GenCollectForAllocation
[89.108s][info][gc       ] GC(1646) Pause Young (Allocation Failure) 2912M->2046M(5113M) 2.037ms
[89.109s][info][safepoint] Leaving safepoint region
[89.109s][info][safepoint] Total time for which application threads were stopped: 0.0029255 seconds, Stopping threads took: 0.0002966 seconds
[89.393s][info][safepoint] Application time: 0.2842254 seconds
[89.394s][info][safepoint] Entering safepoint region: GenCollectForAllocation
[89.396s][info][gc       ] GC(1647) Pause Young (Allocation Failure) 2912M->2046M(5113M) 2.190ms
[89.396s][info][safepoint] Leaving safepoint region
[89.397s][info][safepoint] Total time for which application threads were stopped: 0.0028227 seconds, Stopping threads took: 0.0001916 seconds
[89.681s][info][safepoint] Application time: 0.2838102 seconds
[89.681s][info][safepoint] Entering safepoint region: GenCollectForAllocation
[89.683s][info][gc       ] GC(1648) Pause Young (Allocation Failure) 2912M->2046M(5113M) 1.928ms
[89.683s][info][safepoint] Leaving safepoint region
[89.684s][info][safepoint] Total time for which application threads were stopped: 0.0027767 seconds, Stopping threads took: 0.0002179 seconds
[89.959s][info][safepoint] Application time: 0.2755075 seconds
[89.960s][info][safepoint] Entering safepoint region: GenCollectForAllocation
[89.962s][info][gc       ] GC(1649) Pause Young (Allocation Failure) 2912M->2046M(5113M) 2.191ms
[89.962s][info][safepoint] Leaving safepoint region
[89.963s][info][safepoint] Total time for which application threads were stopped: 0.0028876 seconds, Stopping threads took: 0.0002481 seconds
[90.245s][info][safepoint] Application time: 0.2818996 seconds
[90.245s][info][safepoint] Entering safepoint region: GenCollectForAllocation
[90.247s][info][gc       ] GC(1650) Pause Young (Allocation Failure) 2912M->2046M(5113M) 2.168ms
[90.248s][info][safepoint] Leaving safepoint region
[90.248s][info][safepoint] Total time for which application threads were stopped: 0.0029978 seconds, Stopping threads took: 0.0002267 seconds
[90.532s][info][safepoint] Application time: 0.2842711 seconds
[90.533s][info][safepoint] Entering safepoint region: GenCollectForAllocation
[90.535s][info][gc       ] GC(1651) Pause Young (Allocation Failure) 2912M->2046M(5113M) 2.250ms
[90.536s][info][safepoint] Leaving safepoint region
[90.536s][info][safepoint] Total time for which application threads were stopped: 0.0031374 seconds, Stopping threads took: 0.0002747 seconds
[90.781s][info][safepoint] Application time: 0.2446687 seconds
[90.781s][info][safepoint] Entering safepoint region: GenCollectForAllocation
[90.843s][info][gc       ] GC(1652) Pause Young (Allocation Failure) 2912M->2222M(5113M) 61.289ms
[90.843s][info][safepoint] Leaving safepoint region
[90.843s][info][safepoint] Total time for which application threads were stopped: 0.0621838 seconds, Stopping threads took: 0.0002058 seconds
[90.952s][info][safepoint] Application time: 0.1083595 seconds
[90.952s][info][safepoint] Entering safepoint region: GenCollectForAllocation
[91.458s][info][gc       ] GC(1653) Pause Young (Allocation Failure) 3087M->3089M(5113M) 505.585ms
[91.458s][info][safepoint] Leaving safepoint region
[91.458s][info][safepoint] Total time for which application threads were stopped: 0.5060409 seconds, Stopping threads took: 0.0001405 seconds
[91.459s][info][safepoint] Application time: 0.0000867 seconds
[91.460s][info][safepoint] Entering safepoint region: CMS_Initial_Mark
[91.510s][info][gc       ] GC(1654) Pause Initial Mark 3106M->3106M(5113M) 49.957ms
[91.511s][info][safepoint] Leaving safepoint region
[91.511s][info][safepoint] Total time for which application threads were stopped: 0.0521082 seconds, Stopping threads took: 0.0016334 seconds
[91.511s][info][gc       ] GC(1654) Concurrent Mark
[91.732s][info][gc       ] GC(1654) Concurrent Mark 221.018ms
[91.733s][info][gc       ] GC(1654) Concurrent Preclean
[91.735s][info][safepoint] Application time: 0.2241935 seconds
[91.735s][info][safepoint] Entering safepoint region: GenCollectForAllocation
[92.259s][info][gc       ] GC(1655) Pause Young (Allocation Failure) 3954M->3862M(5113M) 523.387ms
[92.259s][info][safepoint] Leaving safepoint region
[92.259s][info][safepoint] Total time for which application threads were stopped: 0.5239344 seconds, Stopping threads took: 0.0002389 seconds
[92.267s][info][gc       ] GC(1654) Concurrent Preclean 534.412ms
[92.267s][info][gc       ] GC(1654) Concurrent Abortable Preclean
[92.562s][info][safepoint] Application time: 0.3025837 seconds
[92.562s][info][safepoint] Entering safepoint region: GenCollectForAllocation
[92.666s][info][gc       ] GC(1656) Pause Young (Allocation Failure) 4727M->4009M(5113M) 103.706ms
[92.667s][info][safepoint] Leaving safepoint region
[92.667s][info][safepoint] Total time for which application threads were stopped: 0.1044162 seconds, Stopping threads took: 0.0002190 seconds
[92.975s][info][safepoint] Application time: 0.3082988 seconds
[92.976s][info][safepoint] Entering safepoint region: GenCollectForAllocation
[92.981s][info][gc       ] GC(1657) Pause Young (Allocation Failure) 4874M->3933M(5113M) 4.728ms
[92.981s][info][safepoint] Leaving safepoint region
[92.981s][info][safepoint] Total time for which application threads were stopped: 0.0056451 seconds, Stopping threads took: 0.0002543 seconds
[93.150s][info][gc       ] GC(1654) Concurrent Abortable Preclean 883.047ms
[93.151s][info][safepoint] Application time: 0.1694758 seconds
[93.151s][info][safepoint] Entering safepoint region: CMS_Final_Remark
[93.165s][info][gc       ] GC(1654) Pause Remark 4452M->4452M(5113M) 14.035ms
[93.166s][info][safepoint] Leaving safepoint region
[93.166s][info][safepoint] Total time for which application threads were stopped: 0.0150168 seconds, Stopping threads took: 0.0002220 seconds
[93.166s][info][gc       ] GC(1654) Concurrent Sweep
[93.288s][info][safepoint] Application time: 0.1218576 seconds
[93.289s][info][safepoint] Entering safepoint region: GenCollectForAllocation
[93.293s][info][gc       ] GC(1658) Pause Young (Allocation Failure) 4748M->3864M(5113M) 4.299ms
[93.294s][info][safepoint] Leaving safepoint region
[93.294s][info][safepoint] Total time for which application threads were stopped: 0.0051325 seconds, Stopping threads took: 0.0002803 seconds
[93.596s][info][safepoint] Application time: 0.3022444 seconds
[93.596s][info][safepoint] Entering safepoint region: GenCollectForAllocation
[93.601s][info][gc       ] GC(1659) Pause Young (Allocation Failure) 3964M->3097M(5113M) 3.992ms
[93.601s][info][safepoint] Leaving safepoint region
[93.601s][info][safepoint] Total time for which application threads were stopped: 0.0045743 seconds, Stopping threads took: 0.0001198 seconds
[93.895s][info][safepoint] Application time: 0.2941446 seconds
[93.896s][info][safepoint] Entering safepoint region: GenCollectForAllocation
[93.900s][info][gc       ] GC(1660) Pause Young (Allocation Failure) 3522M->2656M(5113M) 3.857ms
[93.900s][info][safepoint] Leaving safepoint region
[93.900s][info][safepoint] Total time for which application threads were stopped: 0.0045902 seconds, Stopping threads took: 0.0002625 seconds
[94.290s][info][safepoint] Application time: 0.3897476 seconds
[94.291s][info][safepoint] Entering safepoint region: GenCollectForAllocation
[94.295s][info][gc       ] GC(1661) Pause Young (Allocation Failure) 3236M->2370M(5113M) 4.218ms
[94.296s][info][safepoint] Leaving safepoint region
[94.296s][info][safepoint] Total time for which application threads were stopped: 0.0053516 seconds, Stopping threads took: 0.0004931 seconds
[94.535s][info][gc       ] GC(1654) Concurrent Sweep 1368.091ms
[94.535s][info][gc       ] GC(1654) Concurrent Reset
[94.538s][info][gc       ] GC(1654) Concurrent Reset 3.151ms
[94.583s][info][safepoint] Application time: 0.2865529 seconds
[94.583s][info][safepoint] Entering safepoint region: GenCollectForAllocation
[94.592s][info][gc       ] GC(1662) Pause Young (Allocation Failure) 2797M->1933M(5113M) 8.728ms
[94.593s][info][safepoint] Leaving safepoint region
[94.593s][info][safepoint] Total time for which application threads were stopped: 0.0099269 seconds, Stopping threads took: 0.0003413 seconds
[94.880s][info][safepoint] Application time: 0.2865765 seconds
[94.880s][info][safepoint] Entering safepoint region: GenCollectForAllocation
[94.883s][info][gc       ] GC(1663) Pause Young (Allocation Failure) 2798M->1932M(5113M) 2.218ms
[94.883s][info][safepoint] Leaving safepoint region
[94.884s][info][safepoint] Total time for which application threads were stopped: 0.0032988 seconds, Stopping threads took: 0.0002960 seconds
[95.169s][info][safepoint] Application time: 0.2849282 seconds
[95.169s][info][safepoint] Entering safepoint region: GenCollectForAllocation
[95.172s][info][gc       ] GC(1664) Pause Young (Allocation Failure) 2798M->1932M(5113M) 2.203ms
[95.172s][info][safepoint] Leaving safepoint region
[95.173s][info][safepoint] Total time for which application threads were stopped: 0.0031367 seconds, Stopping threads took: 0.0003489 seconds
[95.458s][info][safepoint] Application time: 0.2857521 seconds
[95.459s][info][safepoint] Entering safepoint region: GenCollectForAllocation
[95.461s][info][gc       ] GC(1665) Pause Young (Allocation Failure) 2798M->1932M(5113M) 2.092ms
[95.462s][info][safepoint] Leaving safepoint region
[95.462s][info][safepoint] Total time for which application threads were stopped: 0.0028997 seconds, Stopping threads took: 0.0002022 seconds
[95.748s][info][safepoint] Application time: 0.2864559 seconds
[95.749s][info][safepoint] Entering safepoint region: GenCollectForAllocation
[95.751s][info][gc       ] GC(1666) Pause Young (Allocation Failure) 2797M->1932M(5113M) 2.042ms
[95.751s][info][safepoint] Leaving safepoint region
[95.752s][info][safepoint] Total time for which application threads were stopped: 0.0029598 seconds, Stopping threads took: 0.0002851 seconds
[96.038s][info][safepoint] Application time: 0.2858335 seconds
[96.038s][info][safepoint] Entering safepoint region: GenCollectForAllocation
[96.040s][info][gc       ] GC(1667) Pause Young (Allocation Failure) 2797M->1932M(5113M) 1.866ms
[96.040s][info][safepoint] Leaving safepoint region
[96.041s][info][safepoint] Total time for which application threads were stopped: 0.0026038 seconds, Stopping threads took: 0.0001717 seconds
[96.325s][info][safepoint] Application time: 0.2845020 seconds
[96.326s][info][safepoint] Entering safepoint region: GenCollectForAllocation
[96.328s][info][gc       ] GC(1668) Pause Young (Allocation Failure) 2797M->1932M(5113M) 2.147ms
[96.328s][info][safepoint] Leaving safepoint region
[96.329s][info][safepoint] Total time for which application threads were stopped: 0.0030884 seconds, Stopping threads took: 0.0002650 seconds
[96.613s][info][safepoint] Application time: 0.2840877 seconds
[96.613s][info][safepoint] Entering safepoint region: GenCollectForAllocation
[96.616s][info][gc       ] GC(1669) Pause Young (Allocation Failure) 2797M->1932M(5113M) 2.224ms
[96.616s][info][safepoint] Leaving safepoint region
[96.617s][info][safepoint] Total time for which application threads were stopped: 0.0032452 seconds, Stopping threads took: 0.0002981 seconds
[96.900s][info][safepoint] Application time: 0.2829020 seconds
[96.900s][info][safepoint] Entering safepoint region: GenCollectForAllocation
[96.902s][info][gc       ] GC(1670) Pause Young (Allocation Failure) 2797M->1932M(5113M) 1.906ms
[96.903s][info][safepoint] Leaving safepoint region
[96.903s][info][safepoint] Total time for which application threads were stopped: 0.0026689 seconds, Stopping threads took: 0.0002651 seconds
[97.187s][info][safepoint] Application time: 0.2839875 seconds
[97.187s][info][safepoint] Entering safepoint region: GenCollectForAllocation
[97.190s][info][gc       ] GC(1671) Pause Young (Allocation Failure) 2797M->1932M(5113M) 2.194ms
[97.190s][info][safepoint] Leaving safepoint region
[97.191s][info][safepoint] Total time for which application threads were stopped: 0.0030675 seconds, Stopping threads took: 0.0003547 seconds
[97.476s][info][safepoint] Application time: 0.2852284 seconds
[97.476s][info][safepoint] Entering safepoint region: GenCollectForAllocation
[97.479s][info][gc       ] GC(1672) Pause Young (Allocation Failure) 2797M->1932M(5113M) 2.044ms
[97.479s][info][safepoint] Leaving safepoint region
[97.479s][info][safepoint] Total time for which application threads were stopped: 0.0030034 seconds, Stopping threads took: 0.0003491 seconds
[97.761s][info][safepoint] Application time: 0.2819799 seconds
[97.762s][info][safepoint] Entering safepoint region: GenCollectForAllocation
[97.764s][info][gc       ] GC(1673) Pause Young (Allocation Failure) 2797M->1932M(5113M) 2.190ms
[97.765s][info][safepoint] Leaving safepoint region
[97.765s][info][safepoint] Total time for which application threads were stopped: 0.0030250 seconds, Stopping threads took: 0.0002930 seconds
[98.049s][info][safepoint] Application time: 0.2833928 seconds
[98.049s][info][safepoint] Entering safepoint region: GenCollectForAllocation
[98.051s][info][gc       ] GC(1674) Pause Young (Allocation Failure) 2797M->1932M(5113M) 2.234ms
[98.052s][info][safepoint] Leaving safepoint region
[98.052s][info][safepoint] Total time for which application threads were stopped: 0.0031013 seconds, Stopping threads took: 0.0002344 seconds
[98.339s][info][safepoint] Application time: 0.2856131 seconds
[98.339s][info][safepoint] Entering safepoint region: GenCollectForAllocation
[98.342s][info][gc       ] GC(1675) Pause Young (Allocation Failure) 2797M->1932M(5113M) 2.349ms
[98.342s][info][safepoint] Leaving safepoint region
[98.342s][info][safepoint] Total time for which application threads were stopped: 0.0029674 seconds, Stopping threads took: 0.0001955 seconds
[98.632s][info][safepoint] Application time: 0.2895081 seconds
[98.632s][info][safepoint] Entering safepoint region: GenCollectForAllocation
[98.635s][info][gc       ] GC(1676) Pause Young (Allocation Failure) 2797M->1932M(5113M) 2.177ms
[98.635s][info][safepoint] Leaving safepoint region
[98.635s][info][safepoint] Total time for which application threads were stopped: 0.0030037 seconds, Stopping threads took: 0.0003603 seconds
[98.920s][info][safepoint] Application time: 0.2846741 seconds
[98.921s][info][safepoint] Entering safepoint region: GenCollectForAllocation
[98.923s][info][gc       ] GC(1677) Pause Young (Allocation Failure) 2797M->1932M(5113M) 1.928ms
[98.923s][info][safepoint] Leaving safepoint region
[98.923s][info][safepoint] Total time for which application threads were stopped: 0.0027846 seconds, Stopping threads took: 0.0002435 seconds
[99.205s][info][safepoint] Application time: 0.2817711 seconds
[99.206s][info][safepoint] Entering safepoint region: GenCollectForAllocation
[99.208s][info][gc       ] GC(1678) Pause Young (Allocation Failure) 2797M->1932M(5113M) 2.221ms
[99.209s][info][safepoint] Leaving safepoint region
[99.209s][info][safepoint] Total time for which application threads were stopped: 0.0030407 seconds, Stopping threads took: 0.0002195 seconds
[99.481s][info][safepoint] Application time: 0.2716987 seconds
[99.481s][info][safepoint] Entering safepoint region: GenCollectForAllocation
[99.483s][info][gc       ] GC(1679) Pause Young (Allocation Failure) 2797M->1932M(5113M) 2.169ms
[99.484s][info][safepoint] Leaving safepoint region
[99.484s][info][safepoint] Total time for which application threads were stopped: 0.0030372 seconds, Stopping threads took: 0.0002273 seconds
[99.767s][info][safepoint] Application time: 0.2831311 seconds
[99.768s][info][safepoint] Entering safepoint region: GenCollectForAllocation
[99.770s][info][gc       ] GC(1680) Pause Young (Allocation Failure) 2797M->1932M(5113M) 1.924ms
[99.771s][info][safepoint] Leaving safepoint region
[99.771s][info][safepoint] Total time for which application threads were stopped: 0.0029690 seconds, Stopping threads took: 0.0003917 seconds
[100.054s][info][safepoint] Application time: 0.2834006 seconds
[100.055s][info][safepoint] Entering safepoint region: GenCollectForAllocation
[100.057s][info][gc       ] GC(1681) Pause Young (Allocation Failure) 2797M->1932M(5113M) 1.962ms
[100.057s][info][safepoint] Leaving safepoint region
[100.058s][info][safepoint] Total time for which application threads were stopped: 0.0030060 seconds, Stopping threads took: 0.0002025 seconds
[100.342s][info][safepoint] Application time: 0.2841341 seconds
[100.343s][info][safepoint] Entering safepoint region: GenCollectForAllocation
[100.345s][info][gc       ] GC(1682) Pause Young (Allocation Failure) 2797M->1932M(5113M) 2.063ms
[100.345s][info][safepoint] Leaving safepoint region
[100.346s][info][safepoint] Total time for which application threads were stopped: 0.0029782 seconds, Stopping threads took: 0.0002691 seconds
[100.629s][info][safepoint] Application time: 0.2832292 seconds
[100.629s][info][safepoint] Entering safepoint region: GenCollectForAllocation
[100.632s][info][gc       ] GC(1683) Pause Young (Allocation Failure) 2797M->1932M(5113M) 2.220ms
[100.632s][info][safepoint] Leaving safepoint region
[100.633s][info][safepoint] Total time for which application threads were stopped: 0.0032523 seconds, Stopping threads took: 0.0003089 seconds
[100.916s][info][safepoint] Application time: 0.2828830 seconds
[100.916s][info][safepoint] Entering safepoint region: GenCollectForAllocation
[100.919s][info][gc       ] GC(1684) Pause Young (Allocation Failure) 2797M->1932M(5113M) 2.109ms
[100.919s][info][safepoint] Leaving safepoint region
[100.919s][info][safepoint] Total time for which application threads were stopped: 0.0031748 seconds, Stopping threads took: 0.0002829 seconds
[101.203s][info][safepoint] Application time: 0.2828943 seconds
[101.203s][info][safepoint] Entering safepoint region: GenCollectForAllocation
[101.206s][info][gc       ] GC(1685) Pause Young (Allocation Failure) 2797M->1932M(5113M) 2.290ms
[101.206s][info][safepoint] Leaving safepoint region
[101.206s][info][safepoint] Total time for which application threads were stopped: 0.0032311 seconds, Stopping threads took: 0.0003885 seconds
[101.489s][info][safepoint] Application time: 0.2824840 seconds
[101.489s][info][safepoint] Entering safepoint region: GenCollectForAllocation
[101.492s][info][gc       ] GC(1686) Pause Young (Allocation Failure) 2797M->1932M(5113M) 2.318ms
[101.492s][info][safepoint] Leaving safepoint region
[101.493s][info][safepoint] Total time for which application threads were stopped: 0.0032373 seconds, Stopping threads took: 0.0002256 seconds
[101.776s][info][safepoint] Application time: 0.2834905 seconds
[101.777s][info][safepoint] Entering safepoint region: GenCollectForAllocation
[101.779s][info][gc       ] GC(1687) Pause Young (Allocation Failure) 2797M->1932M(5113M) 2.110ms
[101.779s][info][safepoint] Leaving safepoint region
[101.779s][info][safepoint] Total time for which application threads were stopped: 0.0029063 seconds, Stopping threads took: 0.0001328 seconds
[102.061s][info][safepoint] Application time: 0.2810926 seconds
[102.061s][info][safepoint] Entering safepoint region: GenCollectForAllocation
[102.063s][info][gc       ] GC(1688) Pause Young (Allocation Failure) 2797M->1932M(5113M) 2.017ms
[102.064s][info][safepoint] Leaving safepoint region
[102.064s][info][safepoint] Total time for which application threads were stopped: 0.0030470 seconds, Stopping threads took: 0.0002950 seconds
[102.347s][info][safepoint] Application time: 0.2824266 seconds
[102.347s][info][safepoint] Entering safepoint region: GenCollectForAllocation
[102.349s][info][gc       ] GC(1689) Pause Young (Allocation Failure) 2797M->1932M(5113M) 1.893ms
[102.350s][info][safepoint] Leaving safepoint region
[102.350s][info][safepoint] Total time for which application threads were stopped: 0.0026412 seconds, Stopping threads took: 0.0002851 seconds
[102.634s][info][safepoint] Application time: 0.2839966 seconds
[102.634s][info][safepoint] Entering safepoint region: GenCollectForAllocation
[102.637s][info][gc       ] GC(1690) Pause Young (Allocation Failure) 2797M->1932M(5113M) 2.041ms
[102.637s][info][safepoint] Leaving safepoint region
[102.638s][info][safepoint] Total time for which application threads were stopped: 0.0030582 seconds, Stopping threads took: 0.0003064 seconds
[102.870s][info][safepoint] Application time: 0.2322321 seconds
[102.871s][info][safepoint] Entering safepoint region: GenCollectForAllocation
[102.977s][info][gc       ] GC(1691) Pause Young (Allocation Failure) 2797M->2174M(5113M) 105.767ms
[102.977s][info][safepoint] Leaving safepoint region
[102.977s][info][safepoint] Total time for which application threads were stopped: 0.1067847 seconds, Stopping threads took: 0.0003275 seconds
[103.089s][info][safepoint] Application time: 0.1117872 seconds
[103.090s][info][safepoint] Entering safepoint region: GenCollectForAllocation
[103.593s][info][gc       ] GC(1692) Pause Young (Allocation Failure) 3039M->3020M(5113M) 502.424ms
[103.593s][info][safepoint] Leaving safepoint region
[103.593s][info][safepoint] Total time for which application threads were stopped: 0.5032383 seconds, Stopping threads took: 0.0004283 seconds
[103.593s][info][safepoint] Application time: 0.0000885 seconds
[103.596s][info][safepoint] Entering safepoint region: CMS_Initial_Mark
[103.652s][info][gc       ] GC(1693) Pause Initial Mark 3037M->3037M(5113M) 56.385ms
[103.653s][info][safepoint] Leaving safepoint region
[103.653s][info][safepoint] Total time for which application threads were stopped: 0.0599558 seconds, Stopping threads took: 0.0027123 seconds
[103.654s][info][gc       ] GC(1693) Concurrent Mark
[103.861s][info][gc       ] GC(1693) Concurrent Mark 206.988ms
[103.861s][info][gc       ] GC(1693) Concurrent Preclean
[103.895s][info][safepoint] Application time: 0.2417862 seconds
[103.896s][info][safepoint] Entering safepoint region: GenCollectForAllocation
[104.415s][info][gc       ] GC(1694) Pause Young (Allocation Failure) 3885M->3753M(5113M) 518.949ms
[104.415s][info][safepoint] Leaving safepoint region
[104.415s][info][safepoint] Total time for which application threads were stopped: 0.5197142 seconds, Stopping threads took: 0.0003923 seconds
[104.418s][info][gc       ] GC(1693) Concurrent Preclean 556.835ms
[104.418s][info][gc       ] GC(1693) Concurrent Abortable Preclean
[104.709s][info][safepoint] Application time: 0.2939342 seconds
[104.710s][info][safepoint] Entering safepoint region: GenCollectForAllocation
[104.810s][info][gc       ] GC(1695) Pause Young (Allocation Failure) 4618M->3812M(5113M) 99.680ms
[104.810s][info][safepoint] Leaving safepoint region
[104.810s][info][safepoint] Total time for which application threads were stopped: 0.1003596 seconds, Stopping threads took: 0.0001305 seconds
[105.130s][info][safepoint] Application time: 0.3192675 seconds
[105.130s][info][safepoint] Entering safepoint region: GenCollectForAllocation
[105.133s][info][gc       ] GC(1696) Pause Young (Allocation Failure) 4678M->3799M(5113M) 2.418ms
[105.133s][info][safepoint] Leaving safepoint region
[105.134s][info][safepoint] Total time for which application threads were stopped: 0.0035511 seconds, Stopping threads took: 0.0003375 seconds
[105.308s][info][gc       ] GC(1693) Concurrent Abortable Preclean 889.918ms
[105.308s][info][safepoint] Application time: 0.1745101 seconds
[105.309s][info][safepoint] Entering safepoint region: CMS_Final_Remark
[105.323s][info][gc       ] GC(1693) Pause Remark 4318M->4318M(5113M) 13.782ms
[105.323s][info][safepoint] Leaving safepoint region
[105.324s][info][safepoint] Total time for which application threads were stopped: 0.0149514 seconds, Stopping threads took: 0.0003503 seconds
[105.324s][info][gc       ] GC(1693) Concurrent Sweep
[105.448s][info][safepoint] Application time: 0.1241964 seconds
[105.449s][info][safepoint] Entering safepoint region: GenCollectForAllocation
[105.452s][info][gc       ] GC(1697) Pause Young (Allocation Failure) 4272M->3406M(5113M) 2.532ms
[105.452s][info][safepoint] Leaving safepoint region
[105.452s][info][safepoint] Total time for which application threads were stopped: 0.0032327 seconds, Stopping threads took: 0.0002490 seconds
[105.747s][info][safepoint] Application time: 0.2953344 seconds
[105.748s][info][safepoint] Entering safepoint region: GenCollectForAllocation
[105.750s][info][gc       ] GC(1698) Pause Young (Allocation Failure) 3947M->3081M(5113M) 2.049ms
[105.750s][info][safepoint] Leaving safepoint region
[105.750s][info][safepoint] Total time for which application threads were stopped: 0.0026193 seconds, Stopping threads took: 0.0001713 seconds
[106.127s][info][safepoint] Application time: 0.3769433 seconds
[106.128s][info][safepoint] Entering safepoint region: GenCollectForAllocation
[106.131s][info][gc       ] GC(1699) Pause Young (Allocation Failure) 3503M->2637M(5113M) 2.354ms
[106.131s][info][safepoint] Leaving safepoint region
[106.131s][info][safepoint] Total time for which application threads were stopped: 0.0032451 seconds, Stopping threads took: 0.0003486 seconds
[106.418s][info][safepoint] Application time: 0.2866399 seconds
[106.418s][info][safepoint] Entering safepoint region: GenCollectForAllocation
[106.421s][info][gc       ] GC(1700) Pause Young (Allocation Failure) 2840M->1975M(5113M) 2.055ms
[106.421s][info][safepoint] Leaving safepoint region
[106.421s][info][safepoint] Total time for which application threads were stopped: 0.0030474 seconds, Stopping threads took: 0.0003631 seconds
[106.481s][info][gc       ] GC(1693) Concurrent Sweep 1156.861ms
[106.482s][info][gc       ] GC(1693) Concurrent Reset
[106.485s][info][gc       ] GC(1693) Concurrent Reset 2.987ms
[106.709s][info][safepoint] Application time: 0.2876611 seconds
[106.710s][info][safepoint] Entering safepoint region: GenCollectForAllocation
[106.712s][info][gc       ] GC(1701) Pause Young (Allocation Failure) 2813M->1948M(5113M) 2.220ms
[106.712s][info][safepoint] Leaving safepoint region
[106.713s][info][safepoint] Total time for which application threads were stopped: 0.0029809 seconds, Stopping threads took: 0.0002309 seconds
[106.998s][info][safepoint] Application time: 0.2850841 seconds
[106.998s][info][safepoint] Entering safepoint region: GenCollectForAllocation
[107.001s][info][gc       ] GC(1702) Pause Young (Allocation Failure) 2813M->1948M(5113M) 2.124ms
[107.001s][info][safepoint] Leaving safepoint region
[107.001s][info][safepoint] Total time for which application threads were stopped: 0.0028860 seconds, Stopping threads took: 0.0002787 seconds
[107.286s][info][safepoint] Application time: 0.2845282 seconds
[107.286s][info][safepoint] Entering safepoint region: GenCollectForAllocation
[107.289s][info][gc       ] GC(1703) Pause Young (Allocation Failure) 2813M->1948M(5113M) 2.211ms
[107.289s][info][safepoint] Leaving safepoint region
[107.289s][info][safepoint] Total time for which application threads were stopped: 0.0028436 seconds, Stopping threads took: 0.0002099 seconds
[107.574s][info][safepoint] Application time: 0.2844555 seconds
[107.574s][info][safepoint] Entering safepoint region: GenCollectForAllocation
[107.576s][info][gc       ] GC(1704) Pause Young (Allocation Failure) 2813M->1948M(5113M) 2.017ms
[107.576s][info][safepoint] Leaving safepoint region
[107.577s][info][safepoint] Total time for which application threads were stopped: 0.0026688 seconds, Stopping threads took: 0.0002040 seconds
[107.869s][info][safepoint] Application time: 0.2920328 seconds
[107.869s][info][safepoint] Entering safepoint region: GenCollectForAllocation
[107.872s][info][gc       ] GC(1705) Pause Young (Allocation Failure) 2813M->1948M(5113M) 2.292ms
[107.872s][info][safepoint] Leaving safepoint region
[107.872s][info][safepoint] Total time for which application threads were stopped: 0.0031125 seconds, Stopping threads took: 0.0003629 seconds
[108.158s][info][safepoint] Application time: 0.2859548 seconds
[108.159s][info][safepoint] Entering safepoint region: GenCollectForAllocation
[108.161s][info][gc       ] GC(1706) Pause Young (Allocation Failure) 2813M->1948M(5113M) 2.086ms
[108.162s][info][safepoint] Leaving safepoint region
[108.162s][info][safepoint] Total time for which application threads were stopped: 0.0030377 seconds, Stopping threads took: 0.0002629 seconds
[108.447s][info][safepoint] Application time: 0.2845251 seconds
[108.447s][info][safepoint] Entering safepoint region: GenCollectForAllocation
[108.449s][info][gc       ] GC(1707) Pause Young (Allocation Failure) 2813M->1948M(5113M) 2.164ms
[108.449s][info][safepoint] Leaving safepoint region
[108.450s][info][safepoint] Total time for which application threads were stopped: 0.0028816 seconds, Stopping threads took: 0.0001288 seconds
[108.734s][info][safepoint] Application time: 0.2845254 seconds
[108.735s][info][safepoint] Entering safepoint region: GenCollectForAllocation
[108.737s][info][gc       ] GC(1708) Pause Young (Allocation Failure) 2813M->1948M(5113M) 2.169ms
[108.738s][info][safepoint] Leaving safepoint region
[108.738s][info][safepoint] Total time for which application threads were stopped: 0.0032708 seconds, Stopping threads took: 0.0003640 seconds
[109.014s][info][safepoint] Application time: 0.2761378 seconds
[109.015s][info][safepoint] Entering safepoint region: GenCollectForAllocation
[109.017s][info][gc       ] GC(1709) Pause Young (Allocation Failure) 2813M->1948M(5113M) 1.902ms
[109.018s][info][safepoint] Leaving safepoint region
[109.018s][info][safepoint] Total time for which application threads were stopped: 0.0028339 seconds, Stopping threads took: 0.0003742 seconds
[109.299s][info][safepoint] Application time: 0.2814257 seconds
[109.300s][info][safepoint] Entering safepoint region: GenCollectForAllocation
[109.302s][info][gc       ] GC(1710) Pause Young (Allocation Failure) 2813M->1948M(5113M) 2.055ms
[109.303s][info][safepoint] Leaving safepoint region
[109.303s][info][safepoint] Total time for which application threads were stopped: 0.0031206 seconds, Stopping threads took: 0.0003684 seconds
[109.582s][info][safepoint] Application time: 0.2787088 seconds
[109.582s][info][safepoint] Entering safepoint region: GenCollectForAllocation
[109.585s][info][gc       ] GC(1711) Pause Young (Allocation Failure) 2813M->1948M(5113M) 2.085ms
[109.585s][info][safepoint] Leaving safepoint region
[109.585s][info][safepoint] Total time for which application threads were stopped: 0.0027667 seconds, Stopping threads took: 0.0002570 seconds
[109.867s][info][safepoint] Application time: 0.2819085 seconds
[109.868s][info][safepoint] Entering safepoint region: GenCollectForAllocation
[109.870s][info][gc       ] GC(1712) Pause Young (Allocation Failure) 2813M->1948M(5113M) 2.586ms
[109.871s][info][safepoint] Leaving safepoint region
[109.871s][info][safepoint] Total time for which application threads were stopped: 0.0032590 seconds, Stopping threads took: 0.0002342 seconds
[110.148s][info][safepoint] Application time: 0.2771193 seconds
[110.148s][info][safepoint] Entering safepoint region: GenCollectForAllocation
[110.151s][info][gc       ] GC(1713) Pause Young (Allocation Failure) 2813M->1948M(5113M) 2.227ms
[110.151s][info][safepoint] Leaving safepoint region
[110.152s][info][safepoint] Total time for which application threads were stopped: 0.0030663 seconds, Stopping threads took: 0.0002895 seconds
[110.432s][info][safepoint] Application time: 0.2799182 seconds
[110.432s][info][safepoint] Entering safepoint region: GenCollectForAllocation
[110.435s][info][gc       ] GC(1714) Pause Young (Allocation Failure) 2813M->1948M(5113M) 2.112ms
[110.435s][info][safepoint] Leaving safepoint region
[110.435s][info][safepoint] Total time for which application threads were stopped: 0.0032550 seconds, Stopping threads took: 0.0003747 seconds
[110.715s][info][safepoint] Application time: 0.2792910 seconds
[110.716s][info][safepoint] Entering safepoint region: GenCollectForAllocation
[110.718s][info][gc       ] GC(1715) Pause Young (Allocation Failure) 2813M->1948M(5113M) 2.245ms
[110.719s][info][safepoint] Leaving safepoint region
[110.719s][info][safepoint] Total time for which application threads were stopped: 0.0036633 seconds, Stopping threads took: 0.0004247 seconds
[111.001s][info][safepoint] Application time: 0.2813580 seconds
[111.001s][info][safepoint] Entering safepoint region: GenCollectForAllocation
[111.004s][info][gc       ] GC(1716) Pause Young (Allocation Failure) 2813M->1948M(5113M) 2.249ms
[111.005s][info][safepoint] Leaving safepoint region
[111.005s][info][safepoint] Total time for which application threads were stopped: 0.0036404 seconds, Stopping threads took: 0.0004311 seconds
[111.283s][info][safepoint] Application time: 0.2774952 seconds
[111.284s][info][safepoint] Entering safepoint region: GenCollectForAllocation
[111.286s][info][gc       ] GC(1717) Pause Young (Allocation Failure) 2813M->1948M(5113M) 2.283ms
[111.287s][info][safepoint] Leaving safepoint region
[111.287s][info][safepoint] Total time for which application threads were stopped: 0.0038647 seconds, Stopping threads took: 0.0003877 seconds
[111.567s][info][safepoint] Application time: 0.2789252 seconds
[111.567s][info][safepoint] Entering safepoint region: GenCollectForAllocation
[111.570s][info][gc       ] GC(1718) Pause Young (Allocation Failure) 2813M->1948M(5113M) 2.235ms
[111.571s][info][safepoint] Leaving safepoint region
[111.571s][info][safepoint] Total time for which application threads were stopped: 0.0034246 seconds, Stopping threads took: 0.0004722 seconds
[111.849s][info][safepoint] Application time: 0.2780456 seconds
[111.850s][info][safepoint] Entering safepoint region: GenCollectForAllocation
[111.852s][info][gc       ] GC(1719) Pause Young (Allocation Failure) 2813M->1948M(5113M) 2.096ms
[111.852s][info][safepoint] Leaving safepoint region
[111.853s][info][safepoint] Total time for which application threads were stopped: 0.0032761 seconds, Stopping threads took: 0.0003846 seconds
[112.133s][info][safepoint] Application time: 0.2798472 seconds
[112.133s][info][safepoint] Entering safepoint region: GenCollectForAllocation
[112.136s][info][gc       ] GC(1720) Pause Young (Allocation Failure) 2813M->1948M(5113M) 1.976ms
[112.136s][info][safepoint] Leaving safepoint region
[112.137s][info][safepoint] Total time for which application threads were stopped: 0.0034203 seconds, Stopping threads took: 0.0003769 seconds
[112.414s][info][safepoint] Application time: 0.2766776 seconds
[112.415s][info][safepoint] Entering safepoint region: GenCollectForAllocation
[112.417s][info][gc       ] GC(1721) Pause Young (Allocation Failure) 2813M->1948M(5113M) 2.343ms
[112.418s][info][safepoint] Leaving safepoint region
[112.418s][info][safepoint] Total time for which application threads were stopped: 0.0038591 seconds, Stopping threads took: 0.0004904 seconds
[112.693s][info][safepoint] Application time: 0.2740314 seconds
[112.693s][info][safepoint] Entering safepoint region: GenCollectForAllocation
[112.696s][info][gc       ] GC(1722) Pause Young (Allocation Failure) 2813M->1948M(5113M) 2.111ms
[112.697s][info][safepoint] Leaving safepoint region
[112.697s][info][safepoint] Total time for which application threads were stopped: 0.0036422 seconds, Stopping threads took: 0.0005083 seconds
[112.973s][info][safepoint] Application time: 0.2754308 seconds
[112.973s][info][safepoint] Entering safepoint region: GenCollectForAllocation
[112.976s][info][gc       ] GC(1723) Pause Young (Allocation Failure) 2813M->1948M(5113M) 2.061ms
[112.976s][info][safepoint] Leaving safepoint region
[112.977s][info][safepoint] Total time for which application threads were stopped: 0.0033013 seconds, Stopping threads took: 0.0005278 seconds
[113.252s][info][safepoint] Application time: 0.2753798 seconds
[113.253s][info][safepoint] Entering safepoint region: GenCollectForAllocation
[113.255s][info][gc       ] GC(1724) Pause Young (Allocation Failure) 2813M->1948M(5113M) 2.201ms
[113.256s][info][safepoint] Leaving safepoint region
[113.256s][info][safepoint] Total time for which application threads were stopped: 0.0034214 seconds, Stopping threads took: 0.0003450 seconds
[113.543s][info][safepoint] Application time: 0.2864435 seconds
[113.544s][info][safepoint] Entering safepoint region: GenCollectForAllocation
[113.546s][info][gc       ] GC(1725) Pause Young (Allocation Failure) 2813M->1948M(5113M) 2.254ms
[113.547s][info][safepoint] Leaving safepoint region
[113.547s][info][safepoint] Total time for which application threads were stopped: 0.0036073 seconds, Stopping threads took: 0.0004822 seconds
[113.825s][info][safepoint] Application time: 0.2773210 seconds
[113.825s][info][safepoint] Entering safepoint region: GenCollectForAllocation
[113.828s][info][gc       ] GC(1726) Pause Young (Allocation Failure) 2813M->1948M(5113M) 2.241ms
[113.828s][info][safepoint] Leaving safepoint region
[113.829s][info][safepoint] Total time for which application threads were stopped: 0.0033480 seconds, Stopping threads took: 0.0002500 seconds
[114.109s][info][safepoint] Application time: 0.2801205 seconds
[114.110s][info][safepoint] Entering safepoint region: GenCollectForAllocation
[114.112s][info][gc       ] GC(1727) Pause Young (Allocation Failure) 2813M->1948M(5113M) 2.173ms
[114.113s][info][safepoint] Leaving safepoint region
[114.113s][info][safepoint] Total time for which application threads were stopped: 0.0032985 seconds, Stopping threads took: 0.0003617 seconds
[114.392s][info][safepoint] Application time: 0.2788070 seconds
[114.393s][info][safepoint] Entering safepoint region: GenCollectForAllocation
[114.395s][info][gc       ] GC(1728) Pause Young (Allocation Failure) 2813M->1948M(5113M) 2.246ms
[114.396s][info][safepoint] Leaving safepoint region
[114.396s][info][safepoint] Total time for which application threads were stopped: 0.0036885 seconds, Stopping threads took: 0.0004037 seconds
[114.671s][info][safepoint] Application time: 0.2738574 seconds
[114.671s][info][safepoint] Entering safepoint region: GenCollectForAllocation
[114.674s][info][gc       ] GC(1729) Pause Young (Allocation Failure) 2813M->1948M(5113M) 2.034ms
[114.674s][info][safepoint] Leaving safepoint region
[114.674s][info][safepoint] Total time for which application threads were stopped: 0.0029349 seconds, Stopping threads took: 0.0004054 seconds
[114.888s][info][safepoint] Application time: 0.2135416 seconds
[114.888s][info][safepoint] Entering safepoint region: GenCollectForAllocation
[115.027s][info][gc       ] GC(1730) Pause Young (Allocation Failure) 2813M->2258M(5113M) 138.579ms
[115.028s][info][safepoint] Leaving safepoint region
[115.028s][info][safepoint] Total time for which application threads were stopped: 0.1393970 seconds, Stopping threads took: 0.0003133 seconds
[115.028s][info][safepoint] Application time: 0.0000914 seconds
[115.028s][info][safepoint] Entering safepoint region: CMS_Initial_Mark
[115.043s][info][gc       ] GC(1731) Pause Initial Mark 2268M->2268M(5113M) 14.412ms
[115.043s][info][safepoint] Leaving safepoint region
[115.043s][info][safepoint] Total time for which application threads were stopped: 0.0151446 seconds, Stopping threads took: 0.0004406 seconds
[115.043s][info][gc       ] GC(1731) Concurrent Mark
[115.095s][info][gc       ] GC(1731) Concurrent Mark 51.598ms
[115.095s][info][gc       ] GC(1731) Concurrent Preclean
[115.099s][info][gc       ] GC(1731) Concurrent Preclean 4.115ms
[115.099s][info][gc       ] GC(1731) Concurrent Abortable Preclean
[115.158s][info][safepoint] Application time: 0.1149941 seconds
[115.159s][info][safepoint] Entering safepoint region: GenCollectForAllocation
[115.694s][info][gc       ] GC(1732) Pause Young (Allocation Failure) 3123M->3104M(5113M) 535.255ms
[115.695s][info][safepoint] Leaving safepoint region
[115.695s][info][safepoint] Total time for which application threads were stopped: 0.5360034 seconds, Stopping threads took: 0.0003800 seconds
[115.940s][info][safepoint] Application time: 0.2452684 seconds
[115.940s][info][safepoint] Entering safepoint region: GenCollectForAllocation
[116.408s][info][gc       ] GC(1733) Pause Young (Allocation Failure) 3969M->3777M(5113M) 466.869ms
[116.408s][info][safepoint] Leaving safepoint region
[116.408s][info][safepoint] Total time for which application threads were stopped: 0.4675717 seconds, Stopping threads took: 0.0003345 seconds
[116.699s][info][safepoint] Application time: 0.2906092 seconds
[116.699s][info][safepoint] Entering safepoint region: GenCollectForAllocation
[116.813s][info][gc       ] GC(1734) Pause Young (Allocation Failure) 4642M->3837M(5113M) 113.315ms
[116.814s][info][safepoint] Leaving safepoint region
[116.814s][info][safepoint] Total time for which application threads were stopped: 0.1147857 seconds, Stopping threads took: 0.0004468 seconds
[116.818s][info][gc       ] GC(1731) Concurrent Abortable Preclean 1718.215ms
[116.818s][info][safepoint] Application time: 0.0037338 seconds
[116.818s][info][safepoint] Entering safepoint region: CMS_Final_Remark
[116.871s][info][gc       ] GC(1731) Pause Remark 3855M->3855M(5113M) 51.842ms
[116.871s][info][safepoint] Leaving safepoint region
[116.871s][info][safepoint] Total time for which application threads were stopped: 0.0526193 seconds, Stopping threads took: 0.0003278 seconds
[116.871s][info][gc       ] GC(1731) Concurrent Sweep
[117.174s][info][safepoint] Application time: 0.3031635 seconds
[117.175s][info][safepoint] Entering safepoint region: GenCollectForAllocation
[117.178s][info][gc       ] GC(1735) Pause Young (Allocation Failure) 4322M->3445M(5113M) 2.328ms
[117.178s][info][safepoint] Leaving safepoint region
[117.178s][info][safepoint] Total time for which application threads were stopped: 0.0032543 seconds, Stopping threads took: 0.0004500 seconds
[117.473s][info][safepoint] Application time: 0.2952897 seconds
[117.474s][info][safepoint] Entering safepoint region: GenCollectForAllocation
[117.477s][info][gc       ] GC(1736) Pause Young (Allocation Failure) 3479M->2611M(5113M) 2.227ms
[117.477s][info][safepoint] Leaving safepoint region
[117.477s][info][safepoint] Total time for which application threads were stopped: 0.0033396 seconds, Stopping threads took: 0.0004058 seconds
[117.766s][info][safepoint] Application time: 0.2882666 seconds
[117.766s][info][safepoint] Entering safepoint region: GenCollectForAllocation
[117.769s][info][gc       ] GC(1737) Pause Young (Allocation Failure) 3260M->2394M(5113M) 2.212ms
[117.769s][info][safepoint] Leaving safepoint region
[117.770s][info][safepoint] Total time for which application threads were stopped: 0.0032974 seconds, Stopping threads took: 0.0003990 seconds
[117.939s][info][gc       ] GC(1731) Concurrent Sweep 1068.267ms
[117.940s][info][gc       ] GC(1731) Concurrent Reset
[117.943s][info][gc       ] GC(1731) Concurrent Reset 3.458ms
[118.057s][info][safepoint] Application time: 0.2871748 seconds
[118.058s][info][safepoint] Entering safepoint region: GenCollectForAllocation
[118.060s][info][gc       ] GC(1738) Pause Young (Allocation Failure) 2866M->2000M(5113M) 2.339ms
[118.061s][info][safepoint] Leaving safepoint region
[118.061s][info][safepoint] Total time for which application threads were stopped: 0.0033890 seconds, Stopping threads took: 0.0003320 seconds
[118.345s][info][safepoint] Application time: 0.2836861 seconds
[118.346s][info][safepoint] Entering safepoint region: GenCollectForAllocation
[118.348s][info][gc       ] GC(1739) Pause Young (Allocation Failure) 2865M->2000M(5113M) 2.332ms
[118.349s][info][safepoint] Leaving safepoint region
[118.349s][info][safepoint] Total time for which application threads were stopped: 0.0036272 seconds, Stopping threads took: 0.0004847 seconds
[118.625s][info][safepoint] Application time: 0.2759661 seconds
[118.626s][info][safepoint] Entering safepoint region: GenCollectForAllocation
[118.628s][info][gc       ] GC(1740) Pause Young (Allocation Failure) 2865M->2000M(5113M) 2.050ms
[118.629s][info][safepoint] Leaving safepoint region
[118.629s][info][safepoint] Total time for which application threads were stopped: 0.0031529 seconds, Stopping threads took: 0.0002994 seconds
[118.912s][info][safepoint] Application time: 0.2824680 seconds
[118.912s][info][safepoint] Entering safepoint region: GenCollectForAllocation
[118.915s][info][gc       ] GC(1741) Pause Young (Allocation Failure) 2865M->2000M(5113M) 2.205ms
[118.915s][info][safepoint] Leaving safepoint region
[118.916s][info][safepoint] Total time for which application threads were stopped: 0.0035337 seconds, Stopping threads took: 0.0004438 seconds
[119.198s][info][safepoint] Application time: 0.2814909 seconds
[119.198s][info][safepoint] Entering safepoint region: GenCollectForAllocation
[119.201s][info][gc       ] GC(1742) Pause Young (Allocation Failure) 2865M->2000M(5113M) 2.222ms
[119.201s][info][safepoint] Leaving safepoint region
[119.202s][info][safepoint] Total time for which application threads were stopped: 0.0035120 seconds, Stopping threads took: 0.0004360 seconds
[119.483s][info][safepoint] Application time: 0.2813687 seconds
[119.484s][info][safepoint] Entering safepoint region: GenCollectForAllocation
[119.486s][info][gc       ] GC(1743) Pause Young (Allocation Failure) 2865M->2000M(5113M) 2.143ms
[119.487s][info][safepoint] Leaving safepoint region
[119.487s][info][safepoint] Total time for which application threads were stopped: 0.0031447 seconds, Stopping threads took: 0.0002579 seconds
[119.763s][info][safepoint] Application time: 0.2758180 seconds
[119.764s][info][safepoint] Entering safepoint region: GenCollectForAllocation
[119.766s][info][gc       ] GC(1744) Pause Young (Allocation Failure) 2865M->2000M(5113M) 2.237ms
[119.767s][info][safepoint] Leaving safepoint region
[119.767s][info][safepoint] Total time for which application threads were stopped: 0.0035308 seconds, Stopping threads took: 0.0004135 seconds
[120.048s][info][safepoint] Application time: 0.2804470 seconds
[120.048s][info][safepoint] Entering safepoint region: GenCollectForAllocation
[120.051s][info][gc       ] GC(1745) Pause Young (Allocation Failure) 2865M->2000M(5113M) 2.084ms
[120.051s][info][safepoint] Leaving safepoint region
[120.052s][info][safepoint] Total time for which application threads were stopped: 0.0030725 seconds, Stopping threads took: 0.0003962 seconds
[120.334s][info][safepoint] Application time: 0.2821591 seconds
[120.334s][info][safepoint] Entering safepoint region: GenCollectForAllocation
[120.337s][info][gc       ] GC(1746) Pause Young (Allocation Failure) 2865M->2000M(5113M) 2.258ms
[120.337s][info][safepoint] Leaving safepoint region
[120.338s][info][safepoint] Total time for which application threads were stopped: 0.0035601 seconds, Stopping threads took: 0.0003635 seconds
[120.622s][info][safepoint] Application time: 0.2838806 seconds
[120.623s][info][safepoint] Entering safepoint region: GenCollectForAllocation
[120.626s][info][gc       ] GC(1747) Pause Young (Allocation Failure) 2865M->2000M(5113M) 2.567ms
[120.626s][info][safepoint] Leaving safepoint region
[120.626s][info][safepoint] Total time for which application threads were stopped: 0.0037965 seconds, Stopping threads took: 0.0003715 seconds
[120.914s][info][safepoint] Application time: 0.2874540 seconds
[120.915s][info][safepoint] Entering safepoint region: GenCollectForAllocation
[120.917s][info][gc       ] GC(1748) Pause Young (Allocation Failure) 2865M->2000M(5113M) 2.021ms
[120.918s][info][safepoint] Leaving safepoint region
[120.918s][info][safepoint] Total time for which application threads were stopped: 0.0034103 seconds, Stopping threads took: 0.0004228 seconds
[121.202s][info][safepoint] Application time: 0.2838608 seconds
[121.203s][info][safepoint] Entering safepoint region: GenCollectForAllocation
[121.205s][info][gc       ] GC(1749) Pause Young (Allocation Failure) 2865M->2000M(5113M) 2.125ms
[121.206s][info][safepoint] Leaving safepoint region
[121.206s][info][safepoint] Total time for which application threads were stopped: 0.0032519 seconds, Stopping threads took: 0.0003541 seconds
[121.484s][info][safepoint] Application time: 0.2774738 seconds
[121.484s][info][safepoint] Entering safepoint region: GenCollectForAllocation
[121.487s][info][gc       ] GC(1750) Pause Young (Allocation Failure) 2865M->2000M(5113M) 1.979ms
[121.487s][info][safepoint] Leaving safepoint region
[121.488s][info][safepoint] Total time for which application threads were stopped: 0.0032491 seconds, Stopping threads took: 0.0003908 seconds
[121.776s][info][safepoint] Application time: 0.2874682 seconds
[121.776s][info][safepoint] Entering safepoint region: GenCollectForAllocation
[121.779s][info][gc       ] GC(1751) Pause Young (Allocation Failure) 2865M->2000M(5113M) 2.204ms
[121.779s][info][safepoint] Leaving safepoint region
[121.780s][info][safepoint] Total time for which application threads were stopped: 0.0036323 seconds, Stopping threads took: 0.0004734 seconds
[122.063s][info][safepoint] Application time: 0.2830820 seconds
[122.064s][info][safepoint] Entering safepoint region: GenCollectForAllocation
[122.066s][info][gc       ] GC(1752) Pause Young (Allocation Failure) 2865M->2000M(5113M) 2.165ms
[122.067s][info][safepoint] Leaving safepoint region
[122.067s][info][safepoint] Total time for which application threads were stopped: 0.0035103 seconds, Stopping threads took: 0.0004204 seconds
[122.354s][info][safepoint] Application time: 0.2858234 seconds
[122.354s][info][safepoint] Entering safepoint region: GenCollectForAllocation
[122.357s][info][gc       ] GC(1753) Pause Young (Allocation Failure) 2865M->2000M(5113M) 2.329ms
[122.357s][info][safepoint] Leaving safepoint region
[122.357s][info][safepoint] Total time for which application threads were stopped: 0.0033327 seconds, Stopping threads took: 0.0002789 seconds
[122.642s][info][safepoint] Application time: 0.2845322 seconds
[122.643s][info][safepoint] Entering safepoint region: GenCollectForAllocation
[122.646s][info][gc       ] GC(1754) Pause Young (Allocation Failure) 2865M->2000M(5113M) 2.560ms
[122.646s][info][safepoint] Leaving safepoint region
[122.647s][info][safepoint] Total time for which application threads were stopped: 0.0039047 seconds, Stopping threads took: 0.0004800 seconds
[122.929s][info][safepoint] Application time: 0.2817697 seconds
[122.929s][info][safepoint] Entering safepoint region: GenCollectForAllocation
[122.932s][info][gc       ] GC(1755) Pause Young (Allocation Failure) 2865M->2000M(5113M) 1.984ms
[122.932s][info][safepoint] Leaving safepoint region
[122.933s][info][safepoint] Total time for which application threads were stopped: 0.0034237 seconds, Stopping threads took: 0.0004477 seconds
[123.213s][info][safepoint] Application time: 0.2799679 seconds
[123.214s][info][safepoint] Entering safepoint region: GenCollectForAllocation
[123.216s][info][gc       ] GC(1756) Pause Young (Allocation Failure) 2865M->2000M(5113M) 2.191ms
[123.217s][info][safepoint] Leaving safepoint region
[123.217s][info][safepoint] Total time for which application threads were stopped: 0.0036299 seconds, Stopping threads took: 0.0004637 seconds
[123.497s][info][safepoint] Application time: 0.2793607 seconds
[123.498s][info][safepoint] Entering safepoint region: GenCollectForAllocation
[123.500s][info][gc       ] GC(1757) Pause Young (Allocation Failure) 2865M->2000M(5113M) 1.955ms
[123.501s][info][safepoint] Leaving safepoint region
[123.501s][info][safepoint] Total time for which application threads were stopped: 0.0035597 seconds, Stopping threads took: 0.0005291 seconds
[123.782s][info][safepoint] Application time: 0.2799877 seconds
[123.782s][info][safepoint] Entering safepoint region: GenCollectForAllocation
[123.785s][info][gc       ] GC(1758) Pause Young (Allocation Failure) 2865M->2000M(5113M) 2.017ms
[123.785s][info][safepoint] Leaving safepoint region
[123.785s][info][safepoint] Total time for which application threads were stopped: 0.0030483 seconds, Stopping threads took: 0.0003448 seconds
[124.067s][info][safepoint] Application time: 0.2817026 seconds
[124.068s][info][safepoint] Entering safepoint region: GenCollectForAllocation
[124.070s][info][gc       ] GC(1759) Pause Young (Allocation Failure) 2865M->2000M(5113M) 2.088ms
[124.071s][info][safepoint] Leaving safepoint region
[124.071s][info][safepoint] Total time for which application threads were stopped: 0.0035528 seconds, Stopping threads took: 0.0004191 seconds
[124.351s][info][safepoint] Application time: 0.2789715 seconds
[124.351s][info][safepoint] Entering safepoint region: GenCollectForAllocation
[124.354s][info][gc       ] GC(1760) Pause Young (Allocation Failure) 2865M->2000M(5113M) 2.189ms
[124.354s][info][safepoint] Leaving safepoint region
[124.355s][info][safepoint] Total time for which application threads were stopped: 0.0035105 seconds, Stopping threads took: 0.0003045 seconds
[124.634s][info][safepoint] Application time: 0.2791092 seconds
[124.635s][info][safepoint] Entering safepoint region: GenCollectForAllocation
[124.637s][info][gc       ] GC(1761) Pause Young (Allocation Failure) 2865M->2000M(5113M) 2.100ms
[124.638s][info][safepoint] Leaving safepoint region
[124.638s][info][safepoint] Total time for which application threads were stopped: 0.0033490 seconds, Stopping threads took: 0.0003217 seconds
[124.921s][info][safepoint] Application time: 0.2821029 seconds
[124.921s][info][safepoint] Entering safepoint region: GenCollectForAllocation
[124.924s][info][gc       ] GC(1762) Pause Young (Allocation Failure) 2865M->2000M(5113M) 2.145ms
[124.924s][info][safepoint] Leaving safepoint region
[124.924s][info][safepoint] Total time for which application threads were stopped: 0.0032128 seconds, Stopping threads took: 0.0003593 seconds
[125.205s][info][safepoint] Application time: 0.2802635 seconds
[125.205s][info][safepoint] Entering safepoint region: GenCollectForAllocation
[125.207s][info][gc       ] GC(1763) Pause Young (Allocation Failure) 2865M->2000M(5113M) 2.013ms
[125.208s][info][safepoint] Leaving safepoint region
[125.208s][info][safepoint] Total time for which application threads were stopped: 0.0029961 seconds, Stopping threads took: 0.0002626 seconds
[125.482s][info][safepoint] Application time: 0.2735473 seconds
[125.482s][info][safepoint] Entering safepoint region: GenCollectForAllocation
[125.485s][info][gc       ] GC(1764) Pause Young (Allocation Failure) 2865M->2000M(5113M) 1.915ms
[125.485s][info][safepoint] Leaving safepoint region
[125.485s][info][safepoint] Total time for which application threads were stopped: 0.0031127 seconds, Stopping threads took: 0.0004170 seconds
[125.764s][info][safepoint] Application time: 0.2784908 seconds
[125.765s][info][safepoint] Entering safepoint region: GenCollectForAllocation
[125.767s][info][gc       ] GC(1765) Pause Young (Allocation Failure) 2865M->2000M(5113M) 1.980ms
[125.767s][info][safepoint] Leaving safepoint region
[125.768s][info][safepoint] Total time for which application threads were stopped: 0.0032619 seconds, Stopping threads took: 0.0003634 seconds
[126.045s][info][safepoint] Application time: 0.2760893 seconds
[126.045s][info][safepoint] Entering safepoint region: GenCollectForAllocation
[126.048s][info][gc       ] GC(1766) Pause Young (Allocation Failure) 2865M->2000M(5113M) 2.563ms
[126.049s][info][safepoint] Leaving safepoint region
[126.049s][info][safepoint] Total time for which application threads were stopped: 0.0040228 seconds, Stopping threads took: 0.0004958 seconds
[126.331s][info][safepoint] Application time: 0.2812681 seconds
[126.331s][info][safepoint] Entering safepoint region: GenCollectForAllocation
[126.334s][info][gc       ] GC(1767) Pause Young (Allocation Failure) 2865M->2000M(5113M) 2.058ms
[126.334s][info][safepoint] Leaving safepoint region
[126.335s][info][safepoint] Total time for which application threads were stopped: 0.0032551 seconds, Stopping threads took: 0.0003593 seconds
[126.610s][info][safepoint] Application time: 0.2754621 seconds
[126.611s][info][safepoint] Entering safepoint region: GenCollectForAllocation
[126.614s][info][gc       ] GC(1768) Pause Young (Allocation Failure) 2865M->2000M(5113M) 2.316ms
[126.614s][info][safepoint] Leaving safepoint region
[126.615s][info][safepoint] Total time for which application threads were stopped: 0.0038390 seconds, Stopping threads took: 0.0004884 seconds
[126.811s][info][safepoint] Application time: 0.1959076 seconds
[126.812s][info][safepoint] Entering safepoint region: GenCollectForAllocation
[126.997s][info][gc       ] GC(1769) Pause Young (Allocation Failure) 2865M->2374M(5113M) 184.571ms
[126.997s][info][safepoint] Leaving safepoint region
[126.997s][info][safepoint] Total time for which application threads were stopped: 0.1852002 seconds, Stopping threads took: 0.0002453 seconds
[126.997s][info][safepoint] Application time: 0.0001023 seconds
[127.000s][info][safepoint] Entering safepoint region: CMS_Initial_Mark
[127.017s][info][gc       ] GC(1770) Pause Initial Mark 2409M->2409M(5113M) 16.665ms
[127.017s][info][safepoint] Leaving safepoint region
[127.017s][info][safepoint] Total time for which application threads were stopped: 0.0197525 seconds, Stopping threads took: 0.0027479 seconds
[127.017s][info][gc       ] GC(1770) Concurrent Mark
[127.081s][info][gc       ] GC(1770) Concurrent Mark 64.338ms
[127.082s][info][gc       ] GC(1770) Concurrent Preclean
[127.086s][info][gc       ] GC(1770) Concurrent Preclean 4.140ms
[127.086s][info][gc       ] GC(1770) Concurrent Abortable Preclean
[127.132s][info][safepoint] Application time: 0.1149970 seconds
[127.133s][info][safepoint] Entering safepoint region: GenCollectForAllocation
[127.672s][info][gc       ] GC(1771) Pause Young (Allocation Failure) 3239M->3227M(5113M) 538.991ms
[127.672s][info][safepoint] Leaving safepoint region
[127.673s][info][safepoint] Total time for which application threads were stopped: 0.5400090 seconds, Stopping threads took: 0.0006217 seconds
[127.922s][info][safepoint] Application time: 0.2493902 seconds
[127.922s][info][safepoint] Entering safepoint region: GenCollectForAllocation
[128.349s][info][gc       ] GC(1772) Pause Young (Allocation Failure) 4092M->3836M(5113M) 426.479ms
[128.350s][info][safepoint] Leaving safepoint region
[128.350s][info][safepoint] Total time for which application threads were stopped: 0.4272998 seconds, Stopping threads took: 0.0004865 seconds
[128.652s][info][safepoint] Application time: 0.3025952 seconds
[128.653s][info][safepoint] Entering safepoint region: GenCollectForAllocation
[128.771s][info][gc       ] GC(1773) Pause Young (Allocation Failure) 4701M->3892M(5113M) 117.390ms
[128.771s][info][safepoint] Leaving safepoint region
[128.771s][info][safepoint] Total time for which application threads were stopped: 0.1184080 seconds, Stopping threads took: 0.0005033 seconds
[128.775s][info][gc       ] GC(1770) Concurrent Abortable Preclean 1689.008ms
[128.775s][info][safepoint] Application time: 0.0037786 seconds
[128.775s][info][safepoint] Entering safepoint region: CMS_Final_Remark
[128.822s][info][gc       ] GC(1770) Pause Remark 3909M->3909M(5113M) 46.557ms
[128.823s][info][safepoint] Leaving safepoint region
[128.823s][info][safepoint] Total time for which application threads were stopped: 0.0472656 seconds, Stopping threads took: 0.0001807 seconds
[128.823s][info][gc       ] GC(1770) Concurrent Sweep
[129.220s][info][safepoint] Application time: 0.3969665 seconds
[129.220s][info][safepoint] Entering safepoint region: GenCollectForAllocation
[129.223s][info][gc       ] GC(1774) Pause Young (Allocation Failure) 4063M->3197M(5113M) 2.522ms
[129.224s][info][safepoint] Leaving safepoint region
[129.224s][info][safepoint] Total time for which application threads were stopped: 0.0038176 seconds, Stopping threads took: 0.0004155 seconds
[129.517s][info][safepoint] Application time: 0.2926415 seconds
[129.518s][info][safepoint] Entering safepoint region: GenCollectForAllocation
[129.520s][info][gc       ] GC(1775) Pause Young (Allocation Failure) 3845M->2972M(5113M) 2.369ms
[129.521s][info][safepoint] Leaving safepoint region
[129.521s][info][safepoint] Total time for which application threads were stopped: 0.0037216 seconds, Stopping threads took: 0.0003096 seconds
[129.820s][info][safepoint] Application time: 0.2977168 seconds
[129.820s][info][safepoint] Entering safepoint region: GenCollectForAllocation
[129.823s][info][gc       ] GC(1776) Pause Young (Allocation Failure) 3077M->2211M(5113M) 2.347ms
[129.823s][info][safepoint] Leaving safepoint region
[129.824s][info][safepoint] Total time for which application threads were stopped: 0.0036835 seconds, Stopping threads took: 0.0003584 seconds
[130.006s][info][gc       ] GC(1770) Concurrent Sweep 1182.940ms
[130.006s][info][gc       ] GC(1770) Concurrent Reset
[130.010s][info][gc       ] GC(1770) Concurrent Reset 3.305ms
[130.113s][info][safepoint] Application time: 0.2888255 seconds
[130.113s][info][safepoint] Entering safepoint region: GenCollectForAllocation
[130.116s][info][gc       ] GC(1777) Pause Young (Allocation Failure) 2876M->2010M(5113M) 2.103ms
[130.116s][info][safepoint] Leaving safepoint region
[130.117s][info][safepoint] Total time for which application threads were stopped: 0.0034581 seconds, Stopping threads took: 0.0004516 seconds
[130.401s][info][safepoint] Application time: 0.2841112 seconds
[130.402s][info][safepoint] Entering safepoint region: GenCollectForAllocation
[130.404s][info][gc       ] GC(1778) Pause Young (Allocation Failure) 2875M->2010M(5113M) 1.989ms
[130.405s][info][safepoint] Leaving safepoint region
[130.405s][info][safepoint] Total time for which application threads were stopped: 0.0031448 seconds, Stopping threads took: 0.0004316 seconds
[130.685s][info][safepoint] Application time: 0.2799194 seconds
[130.686s][info][safepoint] Entering safepoint region: GenCollectForAllocation
[130.688s][info][gc       ] GC(1779) Pause Young (Allocation Failure) 2875M->2010M(5113M) 2.106ms
[130.689s][info][safepoint] Leaving safepoint region
[130.689s][info][safepoint] Total time for which application threads were stopped: 0.0034157 seconds, Stopping threads took: 0.0004585 seconds
[130.969s][info][safepoint] Application time: 0.2797909 seconds
[130.970s][info][safepoint] Entering safepoint region: GenCollectForAllocation
[130.973s][info][gc       ] GC(1780) Pause Young (Allocation Failure) 2875M->2010M(5113M) 2.266ms
[130.973s][info][safepoint] Leaving safepoint region
[130.973s][info][safepoint] Total time for which application threads were stopped: 0.0032629 seconds, Stopping threads took: 0.0003005 seconds
[131.253s][info][safepoint] Application time: 0.2788876 seconds
[131.253s][info][safepoint] Entering safepoint region: GenCollectForAllocation
[131.255s][info][gc       ] GC(1781) Pause Young (Allocation Failure) 2875M->2010M(5113M) 2.032ms
[131.256s][info][safepoint] Leaving safepoint region
[131.256s][info][safepoint] Total time for which application threads were stopped: 0.0032753 seconds, Stopping threads took: 0.0003432 seconds
[131.539s][info][safepoint] Application time: 0.2827686 seconds
[131.540s][info][safepoint] Entering safepoint region: GenCollectForAllocation
[131.543s][info][gc       ] GC(1782) Pause Young (Allocation Failure) 2875M->2010M(5113M) 2.227ms
[131.543s][info][safepoint] Leaving safepoint region
[131.543s][info][safepoint] Total time for which application threads were stopped: 0.0034787 seconds, Stopping threads took: 0.0004374 seconds
[131.821s][info][safepoint] Application time: 0.2773190 seconds
[131.822s][info][safepoint] Entering safepoint region: GenCollectForAllocation
[131.825s][info][gc       ] GC(1783) Pause Young (Allocation Failure) 2875M->2010M(5113M) 2.181ms
[131.825s][info][safepoint] Leaving safepoint region
[131.825s][info][safepoint] Total time for which application threads were stopped: 0.0036418 seconds, Stopping threads took: 0.0005313 seconds
[132.105s][info][safepoint] Application time: 0.2788267 seconds
[132.105s][info][safepoint] Entering safepoint region: GenCollectForAllocation
[132.107s][info][gc       ] GC(1784) Pause Young (Allocation Failure) 2875M->2010M(5113M) 2.168ms
[132.108s][info][safepoint] Leaving safepoint region
[132.108s][info][safepoint] Total time for which application threads were stopped: 0.0032157 seconds, Stopping threads took: 0.0002182 seconds
[132.390s][info][safepoint] Application time: 0.2810723 seconds
[132.390s][info][safepoint] Entering safepoint region: GenCollectForAllocation
[132.393s][info][gc       ] GC(1785) Pause Young (Allocation Failure) 2875M->2010M(5113M) 2.250ms
[132.393s][info][safepoint] Leaving safepoint region
[132.393s][info][safepoint] Total time for which application threads were stopped: 0.0033612 seconds, Stopping threads took: 0.0002690 seconds
[132.673s][info][safepoint] Application time: 0.2793119 seconds
[132.674s][info][safepoint] Entering safepoint region: GenCollectForAllocation
[132.676s][info][gc       ] GC(1786) Pause Young (Allocation Failure) 2875M->2010M(5113M) 2.311ms
[132.677s][info][safepoint] Leaving safepoint region
[132.677s][info][safepoint] Total time for which application threads were stopped: 0.0037153 seconds, Stopping threads took: 0.0004670 seconds
[132.961s][info][safepoint] Application time: 0.2838124 seconds
[132.962s][info][safepoint] Entering safepoint region: GenCollectForAllocation
[132.965s][info][gc       ] GC(1787) Pause Young (Allocation Failure) 2875M->2010M(5113M) 2.044ms
[132.965s][info][safepoint] Leaving safepoint region
[132.966s][info][safepoint] Total time for which application threads were stopped: 0.0035037 seconds, Stopping threads took: 0.0005233 seconds
[133.247s][info][safepoint] Application time: 0.2805293 seconds
[133.247s][info][safepoint] Entering safepoint region: GenCollectForAllocation
[133.250s][info][gc       ] GC(1788) Pause Young (Allocation Failure) 2875M->2010M(5113M) 2.244ms
[133.250s][info][safepoint] Leaving safepoint region
[133.251s][info][safepoint] Total time for which application threads were stopped: 0.0035085 seconds, Stopping threads took: 0.0004189 seconds
[133.534s][info][safepoint] Application time: 0.2831848 seconds
[133.535s][info][safepoint] Entering safepoint region: GenCollectForAllocation
[133.537s][info][gc       ] GC(1789) Pause Young (Allocation Failure) 2875M->2010M(5113M) 2.201ms
[133.538s][info][safepoint] Leaving safepoint region
[133.538s][info][safepoint] Total time for which application threads were stopped: 0.0037243 seconds, Stopping threads took: 0.0005249 seconds
[133.818s][info][safepoint] Application time: 0.2796896 seconds
[133.819s][info][safepoint] Entering safepoint region: GenCollectForAllocation
[133.821s][info][gc       ] GC(1790) Pause Young (Allocation Failure) 2875M->2010M(5113M) 2.021ms
[133.822s][info][safepoint] Leaving safepoint region
[133.822s][info][safepoint] Total time for which application threads were stopped: 0.0032212 seconds, Stopping threads took: 0.0004657 seconds
[134.107s][info][safepoint] Application time: 0.2845996 seconds
[134.108s][info][safepoint] Entering safepoint region: GenCollectForAllocation
[134.110s][info][gc       ] GC(1791) Pause Young (Allocation Failure) 2875M->2010M(5113M) 2.225ms
[134.111s][info][safepoint] Leaving safepoint region
[134.111s][info][safepoint] Total time for which application threads were stopped: 0.0035808 seconds, Stopping threads took: 0.0004794 seconds
[134.389s][info][safepoint] Application time: 0.2772849 seconds
[134.389s][info][safepoint] Entering safepoint region: GenCollectForAllocation
[134.392s][info][gc       ] GC(1792) Pause Young (Allocation Failure) 2875M->2010M(5113M) 2.302ms
[134.393s][info][safepoint] Leaving safepoint region
[134.393s][info][safepoint] Total time for which application threads were stopped: 0.0038093 seconds, Stopping threads took: 0.0004860 seconds
[134.678s][info][safepoint] Application time: 0.2839261 seconds
[134.678s][info][safepoint] Entering safepoint region: GenCollectForAllocation
[134.681s][info][gc       ] GC(1793) Pause Young (Allocation Failure) 2875M->2010M(5113M) 2.293ms
[134.681s][info][safepoint] Leaving safepoint region
[134.682s][info][safepoint] Total time for which application threads were stopped: 0.0037474 seconds, Stopping threads took: 0.0005058 seconds
[134.967s][info][safepoint] Application time: 0.2843796 seconds
[134.967s][info][safepoint] Entering safepoint region: GenCollectForAllocation
[134.969s][info][gc       ] GC(1794) Pause Young (Allocation Failure) 2875M->2010M(5113M) 2.148ms
[134.970s][info][safepoint] Leaving safepoint region
[134.970s][info][safepoint] Total time for which application threads were stopped: 0.0030514 seconds, Stopping threads took: 0.0002775 seconds
[135.253s][info][safepoint] Application time: 0.2828989 seconds
[135.254s][info][safepoint] Entering safepoint region: GenCollectForAllocation
[135.257s][info][gc       ] GC(1795) Pause Young (Allocation Failure) 2875M->2010M(5113M) 2.396ms
[135.257s][info][safepoint] Leaving safepoint region
[135.257s][info][safepoint] Total time for which application threads were stopped: 0.0037689 seconds, Stopping threads took: 0.0004601 seconds
[135.532s][info][safepoint] Application time: 0.2746340 seconds
[135.533s][info][safepoint] Entering safepoint region: GenCollectForAllocation
[135.536s][info][gc       ] GC(1796) Pause Young (Allocation Failure) 2875M->2010M(5113M) 2.183ms
[135.536s][info][safepoint] Leaving safepoint region
[135.536s][info][safepoint] Total time for which application threads were stopped: 0.0035209 seconds, Stopping threads took: 0.0004415 seconds
[135.817s][info][safepoint] Application time: 0.2801376 seconds
[135.817s][info][safepoint] Entering safepoint region: GenCollectForAllocation
[135.820s][info][gc       ] GC(1797) Pause Young (Allocation Failure) 2875M->2010M(5113M) 2.218ms
[135.821s][info][safepoint] Leaving safepoint region
[135.821s][info][safepoint] Total time for which application threads were stopped: 0.0033812 seconds, Stopping threads took: 0.0003664 seconds
[136.098s][info][safepoint] Application time: 0.2765255 seconds
[136.098s][info][safepoint] Entering safepoint region: GenCollectForAllocation
[136.101s][info][gc       ] GC(1798) Pause Young (Allocation Failure) 2875M->2010M(5113M) 2.078ms
[136.101s][info][safepoint] Leaving safepoint region
[136.102s][info][safepoint] Total time for which application threads were stopped: 0.0034580 seconds, Stopping threads took: 0.0004356 seconds
[136.380s][info][safepoint] Application time: 0.2783736 seconds
[136.381s][info][safepoint] Entering safepoint region: GenCollectForAllocation
[136.384s][info][gc       ] GC(1799) Pause Young (Allocation Failure) 2875M->2010M(5113M) 2.322ms
[136.384s][info][safepoint] Leaving safepoint region
[136.385s][info][safepoint] Total time for which application threads were stopped: 0.0039367 seconds, Stopping threads took: 0.0004954 seconds
[136.667s][info][safepoint] Application time: 0.2819151 seconds
[136.668s][info][safepoint] Entering safepoint region: GenCollectForAllocation
[136.671s][info][gc       ] GC(1800) Pause Young (Allocation Failure) 2875M->2010M(5113M) 2.255ms
[136.671s][info][safepoint] Leaving safepoint region
[136.672s][info][safepoint] Total time for which application threads were stopped: 0.0037362 seconds, Stopping threads took: 0.0004766 seconds
[136.947s][info][safepoint] Application time: 0.2748736 seconds
[136.948s][info][safepoint] Entering safepoint region: GenCollectForAllocation
[136.950s][info][gc       ] GC(1801) Pause Young (Allocation Failure) 2875M->2010M(5113M) 2.338ms
[136.951s][info][safepoint] Leaving safepoint region
[136.951s][info][safepoint] Total time for which application threads were stopped: 0.0039181 seconds, Stopping threads took: 0.0004796 seconds
[137.235s][info][safepoint] Application time: 0.2826133 seconds
[137.235s][info][safepoint] Entering safepoint region: GenCollectForAllocation
[137.238s][info][gc       ] GC(1802) Pause Young (Allocation Failure) 2875M->2010M(5113M) 1.962ms
[137.238s][info][safepoint] Leaving safepoint region
[137.239s][info][safepoint] Total time for which application threads were stopped: 0.0035493 seconds, Stopping threads took: 0.0004946 seconds
[137.516s][info][safepoint] Application time: 0.2767341 seconds
[137.516s][info][safepoint] Entering safepoint region: GenCollectForAllocation
[137.519s][info][gc       ] GC(1803) Pause Young (Allocation Failure) 2875M->2010M(5113M) 2.165ms
[137.519s][info][safepoint] Leaving safepoint region
[137.520s][info][safepoint] Total time for which application threads were stopped: 0.0034755 seconds, Stopping threads took: 0.0004990 seconds
[137.802s][info][safepoint] Application time: 0.2812264 seconds
[137.802s][info][safepoint] Entering safepoint region: GenCollectForAllocation
[137.805s][info][gc       ] GC(1804) Pause Young (Allocation Failure) 2875M->2010M(5113M) 2.090ms
[137.805s][info][safepoint] Leaving safepoint region
[137.805s][info][safepoint] Total time for which application threads were stopped: 0.0033798 seconds, Stopping threads took: 0.0003840 seconds
[138.081s][info][safepoint] Application time: 0.2756494 seconds
[138.082s][info][safepoint] Entering safepoint region: GenCollectForAllocation
[138.084s][info][gc       ] GC(1805) Pause Young (Allocation Failure) 2875M->2010M(5113M) 1.978ms
[138.085s][info][safepoint] Leaving safepoint region
[138.085s][info][safepoint] Total time for which application threads were stopped: 0.0032210 seconds, Stopping threads took: 0.0004964 seconds
[138.364s][info][safepoint] Application time: 0.2781817 seconds
[138.364s][info][safepoint] Entering safepoint region: GenCollectForAllocation
[138.367s][info][gc       ] GC(1806) Pause Young (Allocation Failure) 2875M->2010M(5113M) 1.984ms
[138.367s][info][safepoint] Leaving safepoint region
[138.368s][info][safepoint] Total time for which application threads were stopped: 0.0034173 seconds, Stopping threads took: 0.0004997 seconds
[138.643s][info][safepoint] Application time: 0.2748192 seconds
[138.643s][info][safepoint] Entering safepoint region: GenCollectForAllocation
[138.646s][info][gc       ] GC(1807) Pause Young (Allocation Failure) 2875M->2010M(5113M) 2.267ms
[138.647s][info][safepoint] Leaving safepoint region
[138.647s][info][safepoint] Total time for which application threads were stopped: 0.0037706 seconds, Stopping threads took: 0.0004635 seconds
[138.832s][info][safepoint] Application time: 0.1848613 seconds
[138.833s][info][safepoint] Entering safepoint region: GenCollectForAllocation
[139.052s][info][gc       ] GC(1808) Pause Young (Allocation Failure) 2875M->2455M(5113M) 218.571ms
[139.052s][info][safepoint] Leaving safepoint region
[139.052s][info][safepoint] Total time for which application threads were stopped: 0.2194159 seconds, Stopping threads took: 0.0004568 seconds
[139.053s][info][safepoint] Application time: 0.0000843 seconds
[139.055s][info][safepoint] Entering safepoint region: CMS_Initial_Mark
[139.076s][info][gc       ] GC(1809) Pause Initial Mark 2490M->2490M(5113M) 20.805ms
[139.077s][info][safepoint] Leaving safepoint region
[139.077s][info][safepoint] Total time for which application threads were stopped: 0.0240597 seconds, Stopping threads took: 0.0027449 seconds
[139.077s][info][gc       ] GC(1809) Concurrent Mark
[139.158s][info][gc       ] GC(1809) Concurrent Mark 81.483ms
[139.159s][info][gc       ] GC(1809) Concurrent Preclean
[139.163s][info][gc       ] GC(1809) Concurrent Preclean 4.076ms
[139.163s][info][gc       ] GC(1809) Concurrent Abortable Preclean
[139.192s][info][safepoint] Application time: 0.1149052 seconds
[139.192s][info][safepoint] Entering safepoint region: GenCollectForAllocation
[139.742s][info][gc       ] GC(1810) Pause Young (Allocation Failure) 3321M->3309M(5113M) 549.773ms
[139.743s][info][safepoint] Leaving safepoint region
[139.743s][info][safepoint] Total time for which application threads were stopped: 0.5505821 seconds, Stopping threads took: 0.0004335 seconds
[140.007s][info][safepoint] Application time: 0.2642820 seconds
[140.008s][info][safepoint] Entering safepoint region: GenCollectForAllocation
[140.393s][info][gc       ] GC(1811) Pause Young (Allocation Failure) 4174M->3855M(5113M) 385.144ms
[140.393s][info][safepoint] Leaving safepoint region
[140.394s][info][safepoint] Total time for which application threads were stopped: 0.3859561 seconds, Stopping threads took: 0.0003870 seconds
[140.696s][info][safepoint] Application time: 0.3024764 seconds
[140.697s][info][safepoint] Entering safepoint region: GenCollectForAllocation
[140.815s][info][gc       ] GC(1812) Pause Young (Allocation Failure) 4720M->3912M(5113M) 117.541ms
[140.815s][info][safepoint] Leaving safepoint region
[140.815s][info][safepoint] Total time for which application threads were stopped: 0.1183537 seconds, Stopping threads took: 0.0004126 seconds
[140.818s][info][gc       ] GC(1809) Concurrent Abortable Preclean 1655.010ms
[140.818s][info][safepoint] Application time: 0.0033901 seconds
[140.819s][info][safepoint] Entering safepoint region: CMS_Final_Remark
[140.870s][info][gc       ] GC(1809) Pause Remark 3929M->3929M(5113M) 51.629ms
[140.871s][info][safepoint] Leaving safepoint region
[140.871s][info][safepoint] Total time for which application threads were stopped: 0.0521474 seconds, Stopping threads took: 0.0000749 seconds
[140.871s][info][gc       ] GC(1809) Concurrent Sweep
[141.200s][info][safepoint] Application time: 0.3291677 seconds
[141.201s][info][safepoint] Entering safepoint region: GenCollectForAllocation
[141.203s][info][gc       ] GC(1813) Pause Young (Allocation Failure) 4413M->3542M(5113M) 2.450ms
[141.204s][info][safepoint] Leaving safepoint region
[141.204s][info][safepoint] Total time for which application threads were stopped: 0.0039624 seconds, Stopping threads took: 0.0004585 seconds
[141.498s][info][safepoint] Application time: 0.2934309 seconds
[141.499s][info][safepoint] Entering safepoint region: GenCollectForAllocation
[141.502s][info][gc       ] GC(1814) Pause Young (Allocation Failure) 3564M->2698M(5113M) 2.355ms
[141.502s][info][safepoint] Leaving safepoint region
[141.502s][info][safepoint] Total time for which application threads were stopped: 0.0036872 seconds, Stopping threads took: 0.0004319 seconds
[141.919s][info][safepoint] Application time: 0.4159249 seconds
[141.919s][info][safepoint] Entering safepoint region: GenCollectForAllocation
[141.922s][info][gc       ] GC(1815) Pause Young (Allocation Failure) 3427M->2561M(5113M) 2.238ms
[141.922s][info][safepoint] Leaving safepoint region
[141.923s][info][safepoint] Total time for which application threads were stopped: 0.0035885 seconds, Stopping threads took: 0.0004390 seconds
[142.153s][info][gc       ] GC(1809) Concurrent Sweep 1282.198ms
[142.153s][info][gc       ] GC(1809) Concurrent Reset
[142.157s][info][gc       ] GC(1809) Concurrent Reset 3.231ms
[142.209s][info][safepoint] Application time: 0.2860269 seconds
[142.210s][info][safepoint] Entering safepoint region: GenCollectForAllocation
[142.212s][info][gc       ] GC(1816) Pause Young (Allocation Failure) 2886M->2020M(5113M) 2.146ms
[142.213s][info][safepoint] Leaving safepoint region
[142.213s][info][safepoint] Total time for which application threads were stopped: 0.0035490 seconds, Stopping threads took: 0.0003440 seconds
[142.494s][info][safepoint] Application time: 0.2799560 seconds
[142.494s][info][safepoint] Entering safepoint region: GenCollectForAllocation
[142.497s][info][gc       ] GC(1817) Pause Young (Allocation Failure) 2886M->2020M(5113M) 2.257ms
[142.497s][info][safepoint] Leaving safepoint region
[142.498s][info][safepoint] Total time for which application threads were stopped: 0.0036512 seconds, Stopping threads took: 0.0004632 seconds
[142.777s][info][safepoint] Application time: 0.2789547 seconds
[142.778s][info][safepoint] Entering safepoint region: GenCollectForAllocation
[142.780s][info][gc       ] GC(1818) Pause Young (Allocation Failure) 2885M->2020M(5113M) 2.066ms
[142.781s][info][safepoint] Leaving safepoint region
[142.781s][info][safepoint] Total time for which application threads were stopped: 0.0033122 seconds, Stopping threads took: 0.0004402 seconds
[143.058s][info][safepoint] Application time: 0.2760178 seconds
[143.058s][info][safepoint] Entering safepoint region: GenCollectForAllocation
[143.061s][info][gc       ] GC(1819) Pause Young (Allocation Failure) 2885M->2020M(5113M) 1.981ms
[143.061s][info][safepoint] Leaving safepoint region
[143.062s][info][safepoint] Total time for which application threads were stopped: 0.0035853 seconds, Stopping threads took: 0.0005145 seconds
[143.345s][info][safepoint] Application time: 0.2828735 seconds
[143.346s][info][safepoint] Entering safepoint region: GenCollectForAllocation
[143.348s][info][gc       ] GC(1820) Pause Young (Allocation Failure) 2885M->2020M(5113M) 2.243ms
[143.349s][info][safepoint] Leaving safepoint region
[143.349s][info][safepoint] Total time for which application threads were stopped: 0.0038171 seconds, Stopping threads took: 0.0004961 seconds
[143.624s][info][safepoint] Application time: 0.2744999 seconds
[143.625s][info][safepoint] Entering safepoint region: GenCollectForAllocation
[143.628s][info][gc       ] GC(1821) Pause Young (Allocation Failure) 2885M->2020M(5113M) 2.254ms
[143.628s][info][safepoint] Leaving safepoint region
[143.629s][info][safepoint] Total time for which application threads were stopped: 0.0039354 seconds, Stopping threads took: 0.0005196 seconds
[143.909s][info][safepoint] Application time: 0.2792547 seconds
[143.909s][info][safepoint] Entering safepoint region: GenCollectForAllocation
[143.912s][info][gc       ] GC(1822) Pause Young (Allocation Failure) 2885M->2020M(5113M) 2.692ms
[143.912s][info][safepoint] Leaving safepoint region
[143.913s][info][safepoint] Total time for which application threads were stopped: 0.0039211 seconds, Stopping threads took: 0.0003284 seconds
[144.188s][info][safepoint] Application time: 0.2744484 seconds
[144.188s][info][safepoint] Entering safepoint region: GenCollectForAllocation
[144.191s][info][gc       ] GC(1823) Pause Young (Allocation Failure) 2885M->2020M(5113M) 2.221ms
[144.192s][info][safepoint] Leaving safepoint region
[144.192s][info][safepoint] Total time for which application threads were stopped: 0.0037090 seconds, Stopping threads took: 0.0004980 seconds
[144.472s][info][safepoint] Application time: 0.2798846 seconds
[144.473s][info][safepoint] Entering safepoint region: GenCollectForAllocation
[144.475s][info][gc       ] GC(1824) Pause Young (Allocation Failure) 2885M->2020M(5113M) 1.998ms
[144.475s][info][safepoint] Leaving safepoint region
[144.476s][info][safepoint] Total time for which application threads were stopped: 0.0028720 seconds, Stopping threads took: 0.0003372 seconds
[144.752s][info][safepoint] Application time: 0.2757428 seconds
[144.752s][info][safepoint] Entering safepoint region: GenCollectForAllocation
[144.755s][info][gc       ] GC(1825) Pause Young (Allocation Failure) 2885M->2020M(5113M) 2.201ms
[144.755s][info][safepoint] Leaving safepoint region
[144.756s][info][safepoint] Total time for which application threads were stopped: 0.0035794 seconds, Stopping threads took: 0.0004249 seconds
[145.038s][info][safepoint] Application time: 0.2825475 seconds
[145.039s][info][safepoint] Entering safepoint region: GenCollectForAllocation
[145.042s][info][gc       ] GC(1826) Pause Young (Allocation Failure) 2885M->2020M(5113M) 2.187ms
[145.042s][info][safepoint] Leaving safepoint region
[145.043s][info][safepoint] Total time for which application threads were stopped: 0.0034626 seconds, Stopping threads took: 0.0004088 seconds
[145.328s][info][safepoint] Application time: 0.2850056 seconds
[145.328s][info][safepoint] Entering safepoint region: GenCollectForAllocation
[145.331s][info][gc       ] GC(1827) Pause Young (Allocation Failure) 2885M->2020M(5113M) 1.914ms
[145.331s][info][safepoint] Leaving safepoint region
[145.332s][info][safepoint] Total time for which application threads were stopped: 0.0033572 seconds, Stopping threads took: 0.0004799 seconds
[145.619s][info][safepoint] Application time: 0.2865088 seconds
[145.619s][info][safepoint] Entering safepoint region: GenCollectForAllocation
[145.622s][info][gc       ] GC(1828) Pause Young (Allocation Failure) 2885M->2020M(5113M) 2.273ms
[145.623s][info][safepoint] Leaving safepoint region
[145.623s][info][safepoint] Total time for which application threads were stopped: 0.0039443 seconds, Stopping threads took: 0.0005818 seconds
[145.919s][info][safepoint] Application time: 0.2952473 seconds
[145.919s][info][safepoint] Entering safepoint region: GenCollectForAllocation
[145.922s][info][gc       ] GC(1829) Pause Young (Allocation Failure) 2885M->2020M(5113M) 2.316ms
[145.923s][info][safepoint] Leaving safepoint region
[145.923s][info][safepoint] Total time for which application threads were stopped: 0.0037824 seconds, Stopping threads took: 0.0004571 seconds
[146.220s][info][safepoint] Application time: 0.2959597 seconds
[146.220s][info][safepoint] Entering safepoint region: GenCollectForAllocation
[146.223s][info][gc       ] GC(1830) Pause Young (Allocation Failure) 2885M->2020M(5113M) 2.148ms
[146.223s][info][safepoint] Leaving safepoint region
[146.224s][info][safepoint] Total time for which application threads were stopped: 0.0036318 seconds, Stopping threads took: 0.0003879 seconds
[146.508s][info][safepoint] Application time: 0.2833853 seconds
[146.508s][info][safepoint] Entering safepoint region: GenCollectForAllocation
[146.511s][info][gc       ] GC(1831) Pause Young (Allocation Failure) 2885M->2020M(5113M) 2.274ms
[146.511s][info][safepoint] Leaving safepoint region
[146.512s][info][safepoint] Total time for which application threads were stopped: 0.0037628 seconds, Stopping threads took: 0.0004621 seconds
[146.793s][info][safepoint] Application time: 0.2805918 seconds
[146.793s][info][safepoint] Entering safepoint region: GenCollectForAllocation
[146.796s][info][gc       ] GC(1832) Pause Young (Allocation Failure) 2885M->2020M(5113M) 2.228ms
[146.797s][info][safepoint] Leaving safepoint region
[146.797s][info][safepoint] Total time for which application threads were stopped: 0.0038911 seconds, Stopping threads took: 0.0005450 seconds
[147.076s][info][safepoint] Application time: 0.2777695 seconds
[147.076s][info][safepoint] Entering safepoint region: GenCollectForAllocation
[147.079s][info][gc       ] GC(1833) Pause Young (Allocation Failure) 2885M->2020M(5113M) 2.283ms
[147.079s][info][safepoint] Leaving safepoint region
[147.080s][info][safepoint] Total time for which application threads were stopped: 0.0036283 seconds, Stopping threads took: 0.0004134 seconds
[147.370s][info][safepoint] Application time: 0.2896966 seconds
[147.370s][info][safepoint] Entering safepoint region: GenCollectForAllocation
[147.373s][info][gc       ] GC(1834) Pause Young (Allocation Failure) 2885M->2020M(5113M) 2.002ms
[147.373s][info][safepoint] Leaving safepoint region
[147.374s][info][safepoint] Total time for which application threads were stopped: 0.0034126 seconds, Stopping threads took: 0.0003972 seconds
[147.657s][info][safepoint] Application time: 0.2824564 seconds
[147.657s][info][safepoint] Entering safepoint region: GenCollectForAllocation
[147.660s][info][gc       ] GC(1835) Pause Young (Allocation Failure) 2885M->2020M(5113M) 1.922ms
[147.660s][info][safepoint] Leaving safepoint region
[147.661s][info][safepoint] Total time for which application threads were stopped: 0.0035235 seconds, Stopping threads took: 0.0005345 seconds
[147.951s][info][safepoint] Application time: 0.2896932 seconds
[147.952s][info][safepoint] Entering safepoint region: GenCollectForAllocation
[147.954s][info][gc       ] GC(1836) Pause Young (Allocation Failure) 2885M->2020M(5113M) 2.249ms
[147.955s][info][safepoint] Leaving safepoint region
[147.955s][info][safepoint] Total time for which application threads were stopped: 0.0039013 seconds, Stopping threads took: 0.0005135 seconds
[148.245s][info][safepoint] Application time: 0.2888288 seconds
[148.245s][info][safepoint] Entering safepoint region: GenCollectForAllocation
[148.248s][info][gc       ] GC(1837) Pause Young (Allocation Failure) 2885M->2020M(5113M) 2.150ms
[148.248s][info][safepoint] Leaving safepoint region
[148.249s][info][safepoint] Total time for which application threads were stopped: 0.0035975 seconds, Stopping threads took: 0.0005199 seconds
[148.533s][info][safepoint] Application time: 0.2831939 seconds
[148.533s][info][safepoint] Entering safepoint region: GenCollectForAllocation
[148.536s][info][gc       ] GC(1838) Pause Young (Allocation Failure) 2885M->2020M(5113M) 2.019ms
[148.536s][info][safepoint] Leaving safepoint region
[148.537s][info][safepoint] Total time for which application threads were stopped: 0.0035111 seconds, Stopping threads took: 0.0004556 seconds
[148.814s][info][safepoint] Application time: 0.2773139 seconds
[148.815s][info][safepoint] Entering safepoint region: GenCollectForAllocation
[148.818s][info][gc       ] GC(1839) Pause Young (Allocation Failure) 2885M->2020M(5113M) 2.204ms
[148.818s][info][safepoint] Leaving safepoint region
[148.819s][info][safepoint] Total time for which application threads were stopped: 0.0039159 seconds, Stopping threads took: 0.0005185 seconds
[149.104s][info][safepoint] Application time: 0.2848105 seconds
[149.105s][info][safepoint] Entering safepoint region: GenCollectForAllocation
[149.107s][info][gc       ] GC(1840) Pause Young (Allocation Failure) 2885M->2020M(5113M) 2.177ms
[149.108s][info][safepoint] Leaving safepoint region
[149.109s][info][safepoint] Total time for which application threads were stopped: 0.0039031 seconds, Stopping threads took: 0.0005190 seconds
[149.385s][info][safepoint] Application time: 0.2756876 seconds
[149.385s][info][safepoint] Entering safepoint region: GenCollectForAllocation
[149.388s][info][gc       ] GC(1841) Pause Young (Allocation Failure) 2885M->2020M(5113M) 2.216ms
[149.389s][info][safepoint] Leaving safepoint region
[149.389s][info][safepoint] Total time for which application threads were stopped: 0.0038601 seconds, Stopping threads took: 0.0005139 seconds
[149.677s][info][safepoint] Application time: 0.2874392 seconds
[149.678s][info][safepoint] Entering safepoint region: GenCollectForAllocation
[149.680s][info][gc       ] GC(1842) Pause Young (Allocation Failure) 2885M->2020M(5113M) 2.097ms
[149.681s][info][safepoint] Leaving safepoint region
[149.681s][info][safepoint] Total time for which application threads were stopped: 0.0036758 seconds, Stopping threads took: 0.0005932 seconds
[149.971s][info][safepoint] Application time: 0.2895212 seconds
[149.972s][info][safepoint] Entering safepoint region: GenCollectForAllocation
[149.975s][info][gc       ] GC(1843) Pause Young (Allocation Failure) 2885M->2020M(5113M) 2.324ms
[149.975s][info][safepoint] Leaving safepoint region
[149.976s][info][safepoint] Total time for which application threads were stopped: 0.0037712 seconds, Stopping threads took: 0.0005077 seconds
[150.266s][info][safepoint] Application time: 0.2896739 seconds
[150.266s][info][safepoint] Entering safepoint region: GenCollectForAllocation
[150.268s][info][gc       ] GC(1844) Pause Young (Allocation Failure) 2885M->2020M(5113M) 1.925ms
[150.269s][info][safepoint] Leaving safepoint region
[150.269s][info][safepoint] Total time for which application threads were stopped: 0.0030597 seconds, Stopping threads took: 0.0003678 seconds
[150.553s][info][safepoint] Application time: 0.2840584 seconds
[150.554s][info][safepoint] Entering safepoint region: GenCollectForAllocation
[150.557s][info][gc       ] GC(1845) Pause Young (Allocation Failure) 2885M->2020M(5113M) 2.185ms
[150.557s][info][safepoint] Leaving safepoint region
[150.557s][info][safepoint] Total time for which application threads were stopped: 0.0033183 seconds, Stopping threads took: 0.0004111 seconds
[150.833s][info][safepoint] Application time: 0.2752397 seconds
[150.833s][info][safepoint] Entering safepoint region: GenCollectForAllocation
[150.836s][info][gc       ] GC(1846) Pause Young (Allocation Failure) 2885M->2020M(5113M) 2.024ms
[150.836s][info][safepoint] Leaving safepoint region
[150.837s][info][safepoint] Total time for which application threads were stopped: 0.0032875 seconds, Stopping threads took: 0.0003993 seconds
[151.015s][info][safepoint] Application time: 0.1784787 seconds
[151.016s][info][safepoint] Entering safepoint region: GenCollectForAllocation
[151.281s][info][gc       ] GC(1847) Pause Young (Allocation Failure) 2885M->2526M(5113M) 264.184ms
[151.281s][info][safepoint] Leaving safepoint region
[151.281s][info][safepoint] Total time for which application threads were stopped: 0.2650871 seconds, Stopping threads took: 0.0004406 seconds
[151.281s][info][safepoint] Application time: 0.0000999 seconds
[151.284s][info][safepoint] Entering safepoint region: CMS_Initial_Mark
[151.309s][info][gc       ] GC(1848) Pause Initial Mark 2560M->2560M(5113M) 25.436ms
[151.310s][info][safepoint] Leaving safepoint region
[151.310s][info][safepoint] Total time for which application threads were stopped: 0.0283782 seconds, Stopping threads took: 0.0025716 seconds
[151.310s][info][gc       ] GC(1848) Concurrent Mark
[151.401s][info][gc       ] GC(1848) Concurrent Mark 90.846ms
[151.401s][info][gc       ] GC(1848) Concurrent Preclean
[151.405s][info][gc       ] GC(1848) Concurrent Preclean 4.240ms
[151.405s][info][gc       ] GC(1848) Concurrent Abortable Preclean
[151.426s][info][safepoint] Application time: 0.1165936 seconds
[151.427s][info][safepoint] Entering safepoint region: GenCollectForAllocation
[151.972s][info][gc       ] GC(1849) Pause Young (Allocation Failure) 3391M->3390M(5113M) 544.421ms
[151.972s][info][safepoint] Leaving safepoint region
[151.972s][info][safepoint] Total time for which application threads were stopped: 0.5451754 seconds, Stopping threads took: 0.0004427 seconds
[152.253s][info][safepoint] Application time: 0.2807519 seconds
[152.253s][info][safepoint] Entering safepoint region: GenCollectForAllocation
[152.597s][info][gc       ] GC(1850) Pause Young (Allocation Failure) 4255M->3872M(5113M) 343.801ms
[152.598s][info][safepoint] Leaving safepoint region
[152.598s][info][safepoint] Total time for which application threads were stopped: 0.3448195 seconds, Stopping threads took: 0.0004086 seconds
[152.909s][info][safepoint] Application time: 0.3108913 seconds
[152.909s][info][safepoint] Entering safepoint region: GenCollectForAllocation
[153.040s][info][gc       ] GC(1851) Pause Young (Allocation Failure) 4738M->3939M(5113M) 129.787ms
[153.040s][info][safepoint] Leaving safepoint region
[153.041s][info][safepoint] Total time for which application threads were stopped: 0.1310210 seconds, Stopping threads took: 0.0004705 seconds
[153.420s][info][safepoint] Application time: 0.3790887 seconds
[153.420s][info][safepoint] Entering safepoint region: GenCollectForAllocation
[153.424s][info][gc       ] GC(1852) Pause Young (Allocation Failure) 4804M->3928M(5113M) 2.530ms
[153.424s][info][safepoint] Leaving safepoint region
[153.424s][info][safepoint] Total time for which application threads were stopped: 0.0039480 seconds, Stopping threads took: 0.0005902 seconds
[153.428s][info][gc       ] GC(1848) Concurrent Abortable Preclean 2022.720ms
[153.429s][info][safepoint] Application time: 0.0039157 seconds
[153.429s][info][safepoint] Entering safepoint region: CMS_Final_Remark
[153.440s][info][gc       ] GC(1848) Pause Remark 3945M->3945M(5113M) 10.476ms
[153.441s][info][safepoint] Leaving safepoint region
[153.441s][info][safepoint] Total time for which application threads were stopped: 0.0121139 seconds, Stopping threads took: 0.0004357 seconds
[153.442s][info][gc       ] GC(1848) Concurrent Sweep
[153.737s][info][safepoint] Application time: 0.2955211 seconds
[153.738s][info][safepoint] Entering safepoint region: GenCollectForAllocation
[153.741s][info][gc       ] GC(1853) Pause Young (Allocation Failure) 4083M->3215M(5113M) 2.361ms
[153.741s][info][safepoint] Leaving safepoint region
[153.742s][info][safepoint] Total time for which application threads were stopped: 0.0037712 seconds, Stopping threads took: 0.0004345 seconds
[154.043s][info][safepoint] Application time: 0.3006364 seconds
[154.043s][info][safepoint] Entering safepoint region: GenCollectForAllocation
[154.046s][info][gc       ] GC(1854) Pause Young (Allocation Failure) 3829M->2964M(5113M) 2.242ms
[154.046s][info][safepoint] Leaving safepoint region
[154.047s][info][safepoint] Total time for which application threads were stopped: 0.0036903 seconds, Stopping threads took: 0.0004602 seconds
[154.370s][info][safepoint] Application time: 0.3223546 seconds
[154.370s][info][safepoint] Entering safepoint region: GenCollectForAllocation
[154.373s][info][gc       ] GC(1855) Pause Young (Allocation Failure) 3046M->2180M(5113M) 2.339ms
[154.374s][info][safepoint] Leaving safepoint region
[154.374s][info][safepoint] Total time for which application threads were stopped: 0.0038224 seconds, Stopping threads took: 0.0004630 seconds
[154.579s][info][gc       ] GC(1848) Concurrent Sweep 1136.964ms
[154.579s][info][gc       ] GC(1848) Concurrent Reset
[154.583s][info][gc       ] GC(1848) Concurrent Reset 3.134ms
[154.676s][info][safepoint] Application time: 0.3016217 seconds
[154.677s][info][safepoint] Entering safepoint region: GenCollectForAllocation
[154.679s][info][gc       ] GC(1856) Pause Young (Allocation Failure) 2896M->2030M(5113M) 2.120ms
[154.680s][info][safepoint] Leaving safepoint region
[154.680s][info][safepoint] Total time for which application threads were stopped: 0.0034790 seconds, Stopping threads took: 0.0004563 seconds
[154.969s][info][safepoint] Application time: 0.2882821 seconds
[154.969s][info][safepoint] Entering safepoint region: GenCollectForAllocation
[154.972s][info][gc       ] GC(1857) Pause Young (Allocation Failure) 2896M->2030M(5113M) 2.462ms
[154.973s][info][safepoint] Leaving safepoint region
[154.973s][info][safepoint] Total time for which application threads were stopped: 0.0038056 seconds, Stopping threads took: 0.0004126 seconds
[155.260s][info][safepoint] Application time: 0.2871160 seconds
[155.261s][info][safepoint] Entering safepoint region: GenCollectForAllocation
[155.264s][info][gc       ] GC(1858) Pause Young (Allocation Failure) 2895M->2030M(5113M) 2.220ms
[155.264s][info][safepoint] Leaving safepoint region
[155.265s][info][safepoint] Total time for which application threads were stopped: 0.0036515 seconds, Stopping threads took: 0.0003979 seconds
[155.548s][info][safepoint] Application time: 0.2829438 seconds
[155.548s][info][safepoint] Entering safepoint region: GenCollectForAllocation
[155.551s][info][gc       ] GC(1859) Pause Young (Allocation Failure) 2895M->2030M(5113M) 2.123ms
[155.551s][info][safepoint] Leaving safepoint region
[155.552s][info][safepoint] Total time for which application threads were stopped: 0.0034104 seconds, Stopping threads took: 0.0003553 seconds
[155.827s][info][safepoint] Application time: 0.2752448 seconds
[155.828s][info][safepoint] Entering safepoint region: GenCollectForAllocation
[155.831s][info][gc       ] GC(1860) Pause Young (Allocation Failure) 2895M->2030M(5113M) 2.270ms
[155.831s][info][safepoint] Leaving safepoint region
[155.832s][info][safepoint] Total time for which application threads were stopped: 0.0037627 seconds, Stopping threads took: 0.0004760 seconds
[156.119s][info][safepoint] Application time: 0.2867039 seconds
[156.119s][info][safepoint] Entering safepoint region: GenCollectForAllocation
[156.122s][info][gc       ] GC(1861) Pause Young (Allocation Failure) 2895M->2030M(5113M) 2.425ms
[156.123s][info][safepoint] Leaving safepoint region
[156.123s][info][safepoint] Total time for which application threads were stopped: 0.0038594 seconds, Stopping threads took: 0.0004906 seconds
[156.401s][info][safepoint] Application time: 0.2767867 seconds
[156.401s][info][safepoint] Entering safepoint region: GenCollectForAllocation
[156.404s][info][gc       ] GC(1862) Pause Young (Allocation Failure) 2895M->2030M(5113M) 2.133ms
[156.404s][info][safepoint] Leaving safepoint region
[156.405s][info][safepoint] Total time for which application threads were stopped: 0.0036024 seconds, Stopping threads took: 0.0004451 seconds
[156.684s][info][safepoint] Application time: 0.2789688 seconds
[156.685s][info][safepoint] Entering safepoint region: GenCollectForAllocation
[156.687s][info][gc       ] GC(1863) Pause Young (Allocation Failure) 2895M->2030M(5113M) 2.101ms
[156.688s][info][safepoint] Leaving safepoint region
[156.688s][info][safepoint] Total time for which application threads were stopped: 0.0035231 seconds, Stopping threads took: 0.0004921 seconds
[156.968s][info][safepoint] Application time: 0.2794909 seconds
[156.969s][info][safepoint] Entering safepoint region: GenCollectForAllocation
[156.971s][info][gc       ] GC(1864) Pause Young (Allocation Failure) 2895M->2030M(5113M) 2.021ms
[156.972s][info][safepoint] Leaving safepoint region
[156.972s][info][safepoint] Total time for which application threads were stopped: 0.0034503 seconds, Stopping threads took: 0.0005074 seconds
[157.253s][info][safepoint] Application time: 0.2802400 seconds
[157.253s][info][safepoint] Entering safepoint region: GenCollectForAllocation
[157.256s][info][gc       ] GC(1865) Pause Young (Allocation Failure) 2895M->2030M(5113M) 2.169ms
[157.256s][info][safepoint] Leaving safepoint region
[157.257s][info][safepoint] Total time for which application threads were stopped: 0.0035533 seconds, Stopping threads took: 0.0004387 seconds
[157.546s][info][safepoint] Application time: 0.2887677 seconds
[157.546s][info][safepoint] Entering safepoint region: GenCollectForAllocation
[157.549s][info][gc       ] GC(1866) Pause Young (Allocation Failure) 2895M->2030M(5113M) 2.320ms
[157.549s][info][safepoint] Leaving safepoint region
[157.550s][info][safepoint] Total time for which application threads were stopped: 0.0035255 seconds, Stopping threads took: 0.0003793 seconds
[157.831s][info][safepoint] Application time: 0.2806141 seconds
[157.831s][info][safepoint] Entering safepoint region: GenCollectForAllocation
[157.834s][info][gc       ] GC(1867) Pause Young (Allocation Failure) 2895M->2030M(5113M) 2.258ms
[157.834s][info][safepoint] Leaving safepoint region
[157.835s][info][safepoint] Total time for which application threads were stopped: 0.0033034 seconds, Stopping threads took: 0.0003803 seconds
[158.117s][info][safepoint] Application time: 0.2824016 seconds
[158.118s][info][safepoint] Entering safepoint region: GenCollectForAllocation
[158.120s][info][gc       ] GC(1868) Pause Young (Allocation Failure) 2895M->2030M(5113M) 2.259ms
[158.121s][info][safepoint] Leaving safepoint region
[158.121s][info][safepoint] Total time for which application threads were stopped: 0.0034244 seconds, Stopping threads took: 0.0003934 seconds
[158.404s][info][safepoint] Application time: 0.2823782 seconds
[158.404s][info][safepoint] Entering safepoint region: GenCollectForAllocation
[158.407s][info][gc       ] GC(1869) Pause Young (Allocation Failure) 2895M->2030M(5113M) 2.254ms
[158.407s][info][safepoint] Leaving safepoint region
[158.408s][info][safepoint] Total time for which application threads were stopped: 0.0035709 seconds, Stopping threads took: 0.0004019 seconds
[158.693s][info][safepoint] Application time: 0.2850796 seconds
[158.694s][info][safepoint] Entering safepoint region: GenCollectForAllocation
[158.697s][info][gc       ] GC(1870) Pause Young (Allocation Failure) 2895M->2030M(5113M) 2.162ms
[158.697s][info][safepoint] Leaving safepoint region
[158.697s][info][safepoint] Total time for which application threads were stopped: 0.0035330 seconds, Stopping threads took: 0.0004360 seconds
[158.987s][info][safepoint] Application time: 0.2885773 seconds
[158.987s][info][safepoint] Entering safepoint region: GenCollectForAllocation
[158.990s][info][gc       ] GC(1871) Pause Young (Allocation Failure) 2895M->2030M(5113M) 2.383ms
[158.990s][info][safepoint] Leaving safepoint region
[158.990s][info][safepoint] Total time for which application threads were stopped: 0.0034027 seconds, Stopping threads took: 0.0004025 seconds
[159.268s][info][safepoint] Application time: 0.2769291 seconds
[159.268s][info][safepoint] Entering safepoint region: GenCollectForAllocation
[159.271s][info][gc       ] GC(1872) Pause Young (Allocation Failure) 2895M->2030M(5113M) 2.237ms
[159.271s][info][safepoint] Leaving safepoint region
[159.272s][info][safepoint] Total time for which application threads were stopped: 0.0034089 seconds, Stopping threads took: 0.0004393 seconds
[159.553s][info][safepoint] Application time: 0.2808573 seconds
[159.553s][info][safepoint] Entering safepoint region: GenCollectForAllocation
[159.556s][info][gc       ] GC(1873) Pause Young (Allocation Failure) 2895M->2030M(5113M) 2.079ms
[159.556s][info][safepoint] Leaving safepoint region
[159.556s][info][safepoint] Total time for which application threads were stopped: 0.0032850 seconds, Stopping threads took: 0.0004358 seconds
[159.836s][info][safepoint] Application time: 0.2793799 seconds
[159.837s][info][safepoint] Entering safepoint region: GenCollectForAllocation
[159.839s][info][gc       ] GC(1874) Pause Young (Allocation Failure) 2895M->2030M(5113M) 2.307ms
[159.840s][info][safepoint] Leaving safepoint region
[159.840s][info][safepoint] Total time for which application threads were stopped: 0.0035519 seconds, Stopping threads took: 0.0003889 seconds
[160.121s][info][safepoint] Application time: 0.2808599 seconds
[160.122s][info][safepoint] Entering safepoint region: GenCollectForAllocation
[160.124s][info][gc       ] GC(1875) Pause Young (Allocation Failure) 2895M->2030M(5113M) 2.128ms
[160.125s][info][safepoint] Leaving safepoint region
[160.125s][info][safepoint] Total time for which application threads were stopped: 0.0033821 seconds, Stopping threads took: 0.0003905 seconds
[160.408s][info][safepoint] Application time: 0.2822329 seconds
[160.408s][info][safepoint] Entering safepoint region: GenCollectForAllocation
[160.411s][info][gc       ] GC(1876) Pause Young (Allocation Failure) 2895M->2030M(5113M) 2.249ms
[160.412s][info][safepoint] Leaving safepoint region
[160.412s][info][safepoint] Total time for which application threads were stopped: 0.0037289 seconds, Stopping threads took: 0.0004534 seconds
[160.694s][info][safepoint] Application time: 0.2811956 seconds
[160.694s][info][safepoint] Entering safepoint region: GenCollectForAllocation
[160.697s][info][gc       ] GC(1877) Pause Young (Allocation Failure) 2895M->2030M(5113M) 2.140ms
[160.698s][info][safepoint] Leaving safepoint region
[160.698s][info][safepoint] Total time for which application threads were stopped: 0.0035786 seconds, Stopping threads took: 0.0005182 seconds
[160.978s][info][safepoint] Application time: 0.2796993 seconds
[160.979s][info][safepoint] Entering safepoint region: GenCollectForAllocation
[160.981s][info][gc       ] GC(1878) Pause Young (Allocation Failure) 2895M->2030M(5113M) 2.278ms
[160.982s][info][safepoint] Leaving safepoint region
[160.982s][info][safepoint] Total time for which application threads were stopped: 0.0035682 seconds, Stopping threads took: 0.0004144 seconds
[161.261s][info][safepoint] Application time: 0.2784995 seconds
[161.262s][info][safepoint] Entering safepoint region: GenCollectForAllocation
[161.264s][info][gc       ] GC(1879) Pause Young (Allocation Failure) 2895M->2030M(5113M) 1.991ms
[161.264s][info][safepoint] Leaving safepoint region
[161.264s][info][safepoint] Total time for which application threads were stopped: 0.0029652 seconds, Stopping threads took: 0.0002641 seconds
[161.544s][info][safepoint] Application time: 0.2794832 seconds
[161.545s][info][safepoint] Entering safepoint region: GenCollectForAllocation
[161.547s][info][gc       ] GC(1880) Pause Young (Allocation Failure) 2895M->2030M(5113M) 2.016ms
[161.547s][info][safepoint] Leaving safepoint region
[161.548s][info][safepoint] Total time for which application threads were stopped: 0.0032248 seconds, Stopping threads took: 0.0003851 seconds
[161.822s][info][safepoint] Application time: 0.2735027 seconds
[161.822s][info][safepoint] Entering safepoint region: GenCollectForAllocation
[161.825s][info][gc       ] GC(1881) Pause Young (Allocation Failure) 2895M->2030M(5113M) 2.250ms
[161.825s][info][safepoint] Leaving safepoint region
[161.826s][info][safepoint] Total time for which application threads were stopped: 0.0034690 seconds, Stopping threads took: 0.0003929 seconds
[162.107s][info][safepoint] Application time: 0.2805477 seconds
[162.107s][info][safepoint] Entering safepoint region: GenCollectForAllocation
[162.110s][info][gc       ] GC(1882) Pause Young (Allocation Failure) 2895M->2030M(5113M) 2.206ms
[162.110s][info][safepoint] Leaving safepoint region
[162.110s][info][safepoint] Total time for which application threads were stopped: 0.0033676 seconds, Stopping threads took: 0.0003424 seconds
[162.395s][info][safepoint] Application time: 0.2838797 seconds
[162.395s][info][safepoint] Entering safepoint region: GenCollectForAllocation
[162.398s][info][gc       ] GC(1883) Pause Young (Allocation Failure) 2895M->2030M(5113M) 2.118ms
[162.398s][info][safepoint] Leaving safepoint region
[162.398s][info][safepoint] Total time for which application threads were stopped: 0.0031679 seconds, Stopping threads took: 0.0003430 seconds
[162.682s][info][safepoint] Application time: 0.2832079 seconds
[162.682s][info][safepoint] Entering safepoint region: GenCollectForAllocation
[162.685s][info][gc       ] GC(1884) Pause Young (Allocation Failure) 2895M->2030M(5113M) 1.928ms
[162.685s][info][safepoint] Leaving safepoint region
[162.686s][info][safepoint] Total time for which application threads were stopped: 0.0033203 seconds, Stopping threads took: 0.0004290 seconds
[162.960s][info][safepoint] Application time: 0.2735171 seconds
[162.960s][info][safepoint] Entering safepoint region: GenCollectForAllocation
[162.963s][info][gc       ] GC(1885) Pause Young (Allocation Failure) 2895M->2030M(5113M) 2.171ms
[162.963s][info][safepoint] Leaving safepoint region
[162.963s][info][safepoint] Total time for which application threads were stopped: 0.0032243 seconds, Stopping threads took: 0.0004216 seconds
[163.122s][info][safepoint] Application time: 0.1585955 seconds
[163.123s][info][safepoint] Entering safepoint region: GenCollectForAllocation
[163.420s][info][gc       ] GC(1886) Pause Young (Allocation Failure) 2895M->2607M(5113M) 297.314ms
[163.421s][info][safepoint] Leaving safepoint region
[163.421s][info][safepoint] Total time for which application threads were stopped: 0.2980336 seconds, Stopping threads took: 0.0002731 seconds
[163.421s][info][safepoint] Application time: 0.0000876 seconds
[163.423s][info][safepoint] Entering safepoint region: CMS_Initial_Mark
[163.451s][info][gc       ] GC(1887) Pause Initial Mark 2642M->2642M(5113M) 27.493ms
[163.451s][info][safepoint] Leaving safepoint region
[163.452s][info][safepoint] Total time for which application threads were stopped: 0.0307260 seconds, Stopping threads took: 0.0027513 seconds
[163.452s][info][gc       ] GC(1887) Concurrent Mark
[163.562s][info][gc       ] GC(1887) Concurrent Mark 110.475ms
[163.563s][info][gc       ] GC(1887) Concurrent Preclean
[163.567s][info][gc       ] GC(1887) Concurrent Preclean 4.130ms
[163.567s][info][gc       ] GC(1887) Concurrent Abortable Preclean
[163.577s][info][safepoint] Application time: 0.1257400 seconds
[163.578s][info][safepoint] Entering safepoint region: GenCollectForAllocation
[164.139s][info][gc       ] GC(1888) Pause Young (Allocation Failure) 3472M->3471M(5113M) 560.976ms
[164.139s][info][safepoint] Leaving safepoint region
[164.139s][info][safepoint] Total time for which application threads were stopped: 0.5616109 seconds, Stopping threads took: 0.0002916 seconds
[164.437s][info][safepoint] Application time: 0.2977181 seconds
[164.438s][info][safepoint] Entering safepoint region: GenCollectForAllocation
[164.751s][info][gc       ] GC(1889) Pause Young (Allocation Failure) 4336M->3891M(5113M) 312.684ms
[164.751s][info][safepoint] Leaving safepoint region
[164.751s][info][safepoint] Total time for which application threads were stopped: 0.3134881 seconds, Stopping threads took: 0.0003998 seconds
[165.108s][info][safepoint] Application time: 0.3569496 seconds
[165.109s][info][safepoint] Entering safepoint region: GenCollectForAllocation
[165.241s][info][gc       ] GC(1890) Pause Young (Allocation Failure) 4756M->3958M(5113M) 131.764ms
[165.241s][info][safepoint] Leaving safepoint region
[165.241s][info][safepoint] Total time for which application threads were stopped: 0.1327726 seconds, Stopping threads took: 0.0004584 seconds
[165.539s][info][safepoint] Application time: 0.2975693 seconds
[165.540s][info][safepoint] Entering safepoint region: GenCollectForAllocation
[165.542s][info][gc       ] GC(1891) Pause Young (Allocation Failure) 4824M->3947M(5113M) 2.216ms
[165.543s][info][safepoint] Leaving safepoint region
[165.543s][info][safepoint] Total time for which application threads were stopped: 0.0035955 seconds, Stopping threads took: 0.0003961 seconds
[165.547s][info][gc       ] GC(1887) Concurrent Abortable Preclean 1979.763ms
[165.547s][info][safepoint] Application time: 0.0036067 seconds
[165.548s][info][safepoint] Entering safepoint region: CMS_Final_Remark
[165.554s][info][gc       ] GC(1887) Pause Remark 3964M->3964M(5113M) 5.820ms
[165.555s][info][safepoint] Leaving safepoint region
[165.555s][info][safepoint] Total time for which application threads were stopped: 0.0074327 seconds, Stopping threads took: 0.0004613 seconds
[165.556s][info][gc       ] GC(1887) Concurrent Sweep
[165.853s][info][safepoint] Application time: 0.2974312 seconds
[165.854s][info][safepoint] Entering safepoint region: GenCollectForAllocation
[165.856s][info][gc       ] GC(1892) Pause Young (Allocation Failure) 4435M->3566M(5113M) 2.251ms
[165.857s][info][safepoint] Leaving safepoint region
[165.857s][info][safepoint] Total time for which application threads were stopped: 0.0034320 seconds, Stopping threads took: 0.0004224 seconds
[166.181s][info][safepoint] Application time: 0.3236076 seconds
[166.182s][info][safepoint] Entering safepoint region: GenCollectForAllocation
[166.184s][info][gc       ] GC(1893) Pause Young (Allocation Failure) 3600M->2734M(5113M) 2.168ms
[166.185s][info][safepoint] Leaving safepoint region
[166.185s][info][safepoint] Total time for which application threads were stopped: 0.0037113 seconds, Stopping threads took: 0.0006110 seconds
[166.480s][info][safepoint] Application time: 0.2944022 seconds
[166.480s][info][safepoint] Entering safepoint region: GenCollectForAllocation
[166.483s][info][gc       ] GC(1894) Pause Young (Allocation Failure) 3413M->2547M(5113M) 2.126ms
[166.483s][info][safepoint] Leaving safepoint region
[166.484s][info][safepoint] Total time for which application threads were stopped: 0.0031708 seconds, Stopping threads took: 0.0002408 seconds
[166.705s][info][gc       ] GC(1887) Concurrent Sweep 1148.790ms
[166.705s][info][gc       ] GC(1887) Concurrent Reset
[166.709s][info][gc       ] GC(1887) Concurrent Reset 3.462ms
[166.774s][info][safepoint] Application time: 0.2898048 seconds
[166.774s][info][safepoint] Entering safepoint region: GenCollectForAllocation
[166.777s][info][gc       ] GC(1895) Pause Young (Allocation Failure) 2905M->2040M(5113M) 2.090ms
[166.777s][info][safepoint] Leaving safepoint region
[166.778s][info][safepoint] Total time for which application threads were stopped: 0.0034045 seconds, Stopping threads took: 0.0003910 seconds
[167.064s][info][safepoint] Application time: 0.2856420 seconds
[167.064s][info][safepoint] Entering safepoint region: GenCollectForAllocation
[167.067s][info][gc       ] GC(1896) Pause Young (Allocation Failure) 2905M->2040M(5113M) 2.229ms
[167.067s][info][safepoint] Leaving safepoint region
[167.067s][info][safepoint] Total time for which application threads were stopped: 0.0031292 seconds, Stopping threads took: 0.0003275 seconds
[167.343s][info][safepoint] Application time: 0.2759291 seconds
[167.344s][info][safepoint] Entering safepoint region: GenCollectForAllocation
[167.346s][info][gc       ] GC(1897) Pause Young (Allocation Failure) 2905M->2040M(5113M) 2.387ms
[167.347s][info][safepoint] Leaving safepoint region
[167.347s][info][safepoint] Total time for which application threads were stopped: 0.0035712 seconds, Stopping threads took: 0.0002846 seconds
[167.632s][info][safepoint] Application time: 0.2847387 seconds
[167.633s][info][safepoint] Entering safepoint region: GenCollectForAllocation
[167.636s][info][gc       ] GC(1898) Pause Young (Allocation Failure) 2905M->2040M(5113M) 2.166ms
[167.636s][info][safepoint] Leaving safepoint region
[167.636s][info][safepoint] Total time for which application threads were stopped: 0.0032609 seconds, Stopping threads took: 0.0004051 seconds
[167.923s][info][safepoint] Application time: 0.2869995 seconds
[167.924s][info][safepoint] Entering safepoint region: GenCollectForAllocation
[167.926s][info][gc       ] GC(1899) Pause Young (Allocation Failure) 2905M->2040M(5113M) 2.221ms
[167.927s][info][safepoint] Leaving safepoint region
[167.927s][info][safepoint] Total time for which application threads were stopped: 0.0032686 seconds, Stopping threads took: 0.0003165 seconds
[168.221s][info][safepoint] Application time: 0.2932396 seconds
[168.221s][info][safepoint] Entering safepoint region: GenCollectForAllocation
[168.224s][info][gc       ] GC(1900) Pause Young (Allocation Failure) 2905M->2040M(5113M) 2.143ms
[168.224s][info][safepoint] Leaving safepoint region
[168.224s][info][safepoint] Total time for which application threads were stopped: 0.0033906 seconds, Stopping threads took: 0.0003909 seconds
[168.500s][info][safepoint] Application time: 0.2747338 seconds
[168.500s][info][safepoint] Entering safepoint region: GenCollectForAllocation
[168.503s][info][gc       ] GC(1901) Pause Young (Allocation Failure) 2905M->2040M(5113M) 2.247ms
[168.503s][info][safepoint] Leaving safepoint region
[168.504s][info][safepoint] Total time for which application threads were stopped: 0.0036763 seconds, Stopping threads took: 0.0004024 seconds
[168.785s][info][safepoint] Application time: 0.2804235 seconds
[168.785s][info][safepoint] Entering safepoint region: GenCollectForAllocation
[168.788s][info][gc       ] GC(1902) Pause Young (Allocation Failure) 2905M->2040M(5113M) 2.227ms
[168.788s][info][safepoint] Leaving safepoint region
[168.788s][info][safepoint] Total time for which application threads were stopped: 0.0034004 seconds, Stopping threads took: 0.0004468 seconds
[169.066s][info][safepoint] Application time: 0.2772971 seconds
[169.066s][info][safepoint] Entering safepoint region: GenCollectForAllocation
[169.069s][info][gc       ] GC(1903) Pause Young (Allocation Failure) 2905M->2040M(5113M) 2.016ms
[169.069s][info][safepoint] Leaving safepoint region
[169.069s][info][safepoint] Total time for which application threads were stopped: 0.0029543 seconds, Stopping threads took: 0.0002936 seconds
[169.355s][info][safepoint] Application time: 0.2849202 seconds
[169.355s][info][safepoint] Entering safepoint region: GenCollectForAllocation
[169.358s][info][gc       ] GC(1904) Pause Young (Allocation Failure) 2905M->2040M(5113M) 2.170ms
[169.358s][info][safepoint] Leaving safepoint region
[169.358s][info][safepoint] Total time for which application threads were stopped: 0.0033464 seconds, Stopping threads took: 0.0003573 seconds
[169.634s][info][safepoint] Application time: 0.2748965 seconds
[169.634s][info][safepoint] Entering safepoint region: GenCollectForAllocation
[169.636s][info][gc       ] GC(1905) Pause Young (Allocation Failure) 2905M->2040M(5113M) 1.939ms
[169.637s][info][safepoint] Leaving safepoint region
[169.637s][info][safepoint] Total time for which application threads were stopped: 0.0031973 seconds, Stopping threads took: 0.0004047 seconds
[169.920s][info][safepoint] Application time: 0.2818926 seconds
[169.920s][info][safepoint] Entering safepoint region: GenCollectForAllocation
[169.923s][info][gc       ] GC(1906) Pause Young (Allocation Failure) 2905M->2040M(5113M) 2.351ms
[169.923s][info][safepoint] Leaving safepoint region
[169.924s][info][safepoint] Total time for which application threads were stopped: 0.0036911 seconds, Stopping threads took: 0.0004046 seconds
[170.215s][info][safepoint] Application time: 0.2902897 seconds
[170.215s][info][safepoint] Entering safepoint region: GenCollectForAllocation
[170.218s][info][gc       ] GC(1907) Pause Young (Allocation Failure) 2905M->2040M(5113M) 2.188ms
[170.218s][info][safepoint] Leaving safepoint region
[170.218s][info][safepoint] Total time for which application threads were stopped: 0.0033041 seconds, Stopping threads took: 0.0004326 seconds
[170.497s][info][safepoint] Application time: 0.2785004 seconds
[170.497s][info][safepoint] Entering safepoint region: GenCollectForAllocation
[170.500s][info][gc       ] GC(1908) Pause Young (Allocation Failure) 2905M->2040M(5113M) 2.403ms
[170.501s][info][safepoint] Leaving safepoint region
[170.501s][info][safepoint] Total time for which application threads were stopped: 0.0034531 seconds, Stopping threads took: 0.0003859 seconds
[170.786s][info][safepoint] Application time: 0.2847405 seconds
[170.786s][info][safepoint] Entering safepoint region: GenCollectForAllocation
[170.789s][info][gc       ] GC(1909) Pause Young (Allocation Failure) 2905M->2040M(5113M) 2.192ms
[170.789s][info][safepoint] Leaving safepoint region
[170.790s][info][safepoint] Total time for which application threads were stopped: 0.0034139 seconds, Stopping threads took: 0.0002705 seconds
[171.071s][info][safepoint] Application time: 0.2806711 seconds
[171.071s][info][safepoint] Entering safepoint region: GenCollectForAllocation
[171.074s][info][gc       ] GC(1910) Pause Young (Allocation Failure) 2905M->2040M(5113M) 2.365ms
[171.074s][info][safepoint] Leaving safepoint region
[171.075s][info][safepoint] Total time for which application threads were stopped: 0.0037119 seconds, Stopping threads took: 0.0004789 seconds
[171.359s][info][safepoint] Application time: 0.2839857 seconds
[171.360s][info][safepoint] Entering safepoint region: GenCollectForAllocation
[171.362s][info][gc       ] GC(1911) Pause Young (Allocation Failure) 2905M->2040M(5113M) 2.435ms
[171.363s][info][safepoint] Leaving safepoint region
[171.363s][info][safepoint] Total time for which application threads were stopped: 0.0038350 seconds, Stopping threads took: 0.0003003 seconds
[171.650s][info][safepoint] Application time: 0.2862966 seconds
[171.651s][info][safepoint] Entering safepoint region: GenCollectForAllocation
[171.653s][info][gc       ] GC(1912) Pause Young (Allocation Failure) 2905M->2040M(5113M) 2.169ms
[171.653s][info][safepoint] Leaving safepoint region
[171.654s][info][safepoint] Total time for which application threads were stopped: 0.0030168 seconds, Stopping threads took: 0.0003927 seconds
[171.928s][info][safepoint] Application time: 0.2743649 seconds
[171.929s][info][safepoint] Entering safepoint region: GenCollectForAllocation
[171.931s][info][gc       ] GC(1913) Pause Young (Allocation Failure) 2905M->2040M(5113M) 2.165ms
[171.932s][info][safepoint] Leaving safepoint region
[171.932s][info][safepoint] Total time for which application threads were stopped: 0.0035308 seconds, Stopping threads took: 0.0003648 seconds
[172.214s][info][safepoint] Application time: 0.2818446 seconds
[172.215s][info][safepoint] Entering safepoint region: GenCollectForAllocation
[172.218s][info][gc       ] GC(1914) Pause Young (Allocation Failure) 2905M->2040M(5113M) 2.237ms
[172.218s][info][safepoint] Leaving safepoint region
[172.218s][info][safepoint] Total time for which application threads were stopped: 0.0035781 seconds, Stopping threads took: 0.0004238 seconds
[172.505s][info][safepoint] Application time: 0.2866240 seconds
[172.506s][info][safepoint] Entering safepoint region: GenCollectForAllocation
[172.509s][info][gc       ] GC(1915) Pause Young (Allocation Failure) 2905M->2040M(5113M) 1.956ms
[172.509s][info][safepoint] Leaving safepoint region
[172.509s][info][safepoint] Total time for which application threads were stopped: 0.0031172 seconds, Stopping threads took: 0.0004345 seconds
[172.796s][info][safepoint] Application time: 0.2862250 seconds
[172.796s][info][safepoint] Entering safepoint region: GenCollectForAllocation
[172.799s][info][gc       ] GC(1916) Pause Young (Allocation Failure) 2905M->2040M(5113M) 1.922ms
[172.799s][info][safepoint] Leaving safepoint region
[172.799s][info][safepoint] Total time for which application threads were stopped: 0.0031825 seconds, Stopping threads took: 0.0004411 seconds
[173.084s][info][safepoint] Application time: 0.2839462 seconds
[173.084s][info][safepoint] Entering safepoint region: GenCollectForAllocation
[173.087s][info][gc       ] GC(1917) Pause Young (Allocation Failure) 2905M->2040M(5113M) 2.025ms
[173.087s][info][safepoint] Leaving safepoint region
[173.087s][info][safepoint] Total time for which application threads were stopped: 0.0031550 seconds, Stopping threads took: 0.0004192 seconds
[173.373s][info][safepoint] Application time: 0.2855588 seconds
[173.374s][info][safepoint] Entering safepoint region: GenCollectForAllocation
[173.376s][info][gc       ] GC(1918) Pause Young (Allocation Failure) 2905M->2040M(5113M) 2.212ms
[173.377s][info][safepoint] Leaving safepoint region
[173.377s][info][safepoint] Total time for which application threads were stopped: 0.0034842 seconds, Stopping threads took: 0.0003789 seconds
[173.663s][info][safepoint] Application time: 0.2852696 seconds
[173.663s][info][safepoint] Entering safepoint region: GenCollectForAllocation
[173.666s][info][gc       ] GC(1919) Pause Young (Allocation Failure) 2905M->2040M(5113M) 2.024ms
[173.666s][info][safepoint] Leaving safepoint region
[173.667s][info][safepoint] Total time for which application threads were stopped: 0.0034766 seconds, Stopping threads took: 0.0004631 seconds
[173.943s][info][safepoint] Application time: 0.2753944 seconds
[173.943s][info][safepoint] Entering safepoint region: GenCollectForAllocation
[173.946s][info][gc       ] GC(1920) Pause Young (Allocation Failure) 2905M->2040M(5113M) 2.067ms
[173.946s][info][safepoint] Leaving safepoint region
[173.946s][info][safepoint] Total time for which application threads were stopped: 0.0032129 seconds, Stopping threads took: 0.0003164 seconds
[174.226s][info][safepoint] Application time: 0.2789090 seconds
[174.226s][info][safepoint] Entering safepoint region: GenCollectForAllocation
[174.229s][info][gc       ] GC(1921) Pause Young (Allocation Failure) 2905M->2040M(5113M) 2.242ms
[174.229s][info][safepoint] Leaving safepoint region
[174.230s][info][safepoint] Total time for which application threads were stopped: 0.0035524 seconds, Stopping threads took: 0.0003754 seconds
[174.502s][info][safepoint] Application time: 0.2717072 seconds
[174.502s][info][safepoint] Entering safepoint region: GenCollectForAllocation
[174.505s][info][gc       ] GC(1922) Pause Young (Allocation Failure) 2905M->2040M(5113M) 1.999ms
[174.505s][info][safepoint] Leaving safepoint region
[174.506s][info][safepoint] Total time for which application threads were stopped: 0.0033301 seconds, Stopping threads took: 0.0004795 seconds
[174.787s][info][safepoint] Application time: 0.2807364 seconds
[174.787s][info][safepoint] Entering safepoint region: GenCollectForAllocation
[174.790s][info][gc       ] GC(1923) Pause Young (Allocation Failure) 2905M->2040M(5113M) 2.326ms
[174.790s][info][safepoint] Leaving safepoint region
[174.791s][info][safepoint] Total time for which application threads were stopped: 0.0036260 seconds, Stopping threads took: 0.0003798 seconds
[175.073s][info][safepoint] Application time: 0.2819281 seconds
[175.074s][info][safepoint] Entering safepoint region: GenCollectForAllocation
[175.076s][info][gc       ] GC(1924) Pause Young (Allocation Failure) 2905M->2040M(5113M) 2.129ms
[175.077s][info][safepoint] Leaving safepoint region
[175.077s][info][safepoint] Total time for which application threads were stopped: 0.0034269 seconds, Stopping threads took: 0.0003551 seconds
[175.219s][info][safepoint] Application time: 0.1411494 seconds
[175.219s][info][safepoint] Entering safepoint region: GenCollectForAllocation
[175.567s][info][gc       ] GC(1925) Pause Young (Allocation Failure) 2905M->2688M(5113M) 347.594ms
[175.567s][info][safepoint] Leaving safepoint region
[175.567s][info][safepoint] Total time for which application threads were stopped: 0.3482581 seconds, Stopping threads took: 0.0002499 seconds
[175.568s][info][safepoint] Application time: 0.0000842 seconds
[175.570s][info][safepoint] Entering safepoint region: CMS_Initial_Mark
[175.600s][info][gc       ] GC(1926) Pause Initial Mark 2723M->2723M(5113M) 30.095ms
[175.601s][info][safepoint] Leaving safepoint region
[175.601s][info][safepoint] Total time for which application threads were stopped: 0.0332261 seconds, Stopping threads took: 0.0027379 seconds
[175.601s][info][gc       ] GC(1926) Concurrent Mark
[175.715s][info][safepoint] Application time: 0.1136921 seconds
[175.715s][info][safepoint] Entering safepoint region: GenCollectForAllocation
[176.282s][info][gc       ] GC(1927) Pause Young (Allocation Failure) 3553M->3552M(5113M) 565.960ms
[176.282s][info][safepoint] Leaving safepoint region
[176.282s][info][safepoint] Total time for which application threads were stopped: 0.5667114 seconds, Stopping threads took: 0.0003600 seconds
[176.464s][info][gc       ] GC(1926) Concurrent Mark 863.288ms
[176.465s][info][gc       ] GC(1926) Concurrent Preclean
[176.612s][info][safepoint] Application time: 0.3304782 seconds
[176.613s][info][safepoint] Entering safepoint region: GenCollectForAllocation
[176.893s][info][gc       ] GC(1928) Pause Young (Allocation Failure) 4418M->3910M(5113M) 280.145ms
[176.894s][info][safepoint] Leaving safepoint region
[176.894s][info][safepoint] Total time for which application threads were stopped: 0.2810508 seconds, Stopping threads took: 0.0004454 seconds
[177.219s][info][safepoint] Application time: 0.3249209 seconds
[177.219s][info][safepoint] Entering safepoint region: GenCollectForAllocation
[177.360s][info][gc       ] GC(1929) Pause Young (Allocation Failure) 4775M->3978M(5113M) 140.372ms
[177.360s][info][safepoint] Leaving safepoint region
[177.361s][info][safepoint] Total time for which application threads were stopped: 0.1413128 seconds, Stopping threads took: 0.0002643 seconds
[177.657s][info][gc       ] GC(1926) Concurrent Preclean 1192.057ms
[177.657s][info][safepoint] Application time: 0.2960214 seconds
[177.658s][info][safepoint] Entering safepoint region: GenCollectForAllocation
[177.660s][info][gc       ] GC(1930) Pause Young (Allocation Failure) 4844M->3969M(5113M) 2.132ms
[177.661s][info][safepoint] Leaving safepoint region
[177.661s][info][safepoint] Total time for which application threads were stopped: 0.0031223 seconds, Stopping threads took: 0.0003330 seconds
[177.661s][info][safepoint] Application time: 0.0002604 seconds
[177.662s][info][safepoint] Entering safepoint region: CMS_Final_Remark
[177.663s][info][gc       ] GC(1926) Pause Remark 3986M->3986M(5113M) 1.212ms
[177.663s][info][safepoint] Leaving safepoint region
[177.664s][info][safepoint] Total time for which application threads were stopped: 0.0022361 seconds, Stopping threads took: 0.0002760 seconds
[177.664s][info][gc       ] GC(1926) Concurrent Sweep
[177.962s][info][safepoint] Application time: 0.2984725 seconds
[177.963s][info][safepoint] Entering safepoint region: GenCollectForAllocation
[177.966s][info][gc       ] GC(1931) Pause Young (Allocation Failure) 4125M->3254M(5113M) 2.365ms
[177.966s][info][safepoint] Leaving safepoint region
[177.967s][info][safepoint] Total time for which application threads were stopped: 0.0035607 seconds, Stopping threads took: 0.0004825 seconds
[178.288s][info][safepoint] Application time: 0.3211826 seconds
[178.289s][info][safepoint] Entering safepoint region: GenCollectForAllocation
[178.292s][info][gc       ] GC(1932) Pause Young (Allocation Failure) 3847M->2982M(5113M) 2.547ms
[178.292s][info][safepoint] Leaving safepoint region
[178.293s][info][safepoint] Total time for which application threads were stopped: 0.0042349 seconds, Stopping threads took: 0.0004827 seconds
[178.591s][info][safepoint] Application time: 0.2981819 seconds
[178.592s][info][safepoint] Entering safepoint region: GenCollectForAllocation
[178.595s][info][gc       ] GC(1933) Pause Young (Allocation Failure) 3080M->2215M(5113M) 2.242ms
[178.595s][info][safepoint] Leaving safepoint region
[178.595s][info][safepoint] Total time for which application threads were stopped: 0.0036023 seconds, Stopping threads took: 0.0004510 seconds
[178.851s][info][gc       ] GC(1926) Concurrent Sweep 1187.240ms
[178.852s][info][gc       ] GC(1926) Concurrent Reset
[178.855s][info][gc       ] GC(1926) Concurrent Reset 3.111ms
[178.932s][info][safepoint] Application time: 0.3358624 seconds
[178.932s][info][safepoint] Entering safepoint region: GenCollectForAllocation
[178.935s][info][gc       ] GC(1934) Pause Young (Allocation Failure) 2916M->2050M(5113M) 2.239ms
[178.935s][info][safepoint] Leaving safepoint region
[178.936s][info][safepoint] Total time for which application threads were stopped: 0.0037572 seconds, Stopping threads took: 0.0004511 seconds
[179.222s][info][safepoint] Application time: 0.2851098 seconds
[179.222s][info][safepoint] Entering safepoint region: GenCollectForAllocation
[179.224s][info][gc       ] GC(1935) Pause Young (Allocation Failure) 2916M->2050M(5113M) 2.122ms
[179.225s][info][safepoint] Leaving safepoint region
[179.225s][info][safepoint] Total time for which application threads were stopped: 0.0034279 seconds, Stopping threads took: 0.0003521 seconds
[179.512s][info][safepoint] Application time: 0.2864727 seconds
[179.513s][info][safepoint] Entering safepoint region: GenCollectForAllocation
[179.515s][info][gc       ] GC(1936) Pause Young (Allocation Failure) 2916M->2050M(5113M) 2.206ms
[179.516s][info][safepoint] Leaving safepoint region
[179.516s][info][safepoint] Total time for which application threads were stopped: 0.0035683 seconds, Stopping threads took: 0.0004027 seconds
[179.791s][info][safepoint] Application time: 0.2737406 seconds
[179.791s][info][safepoint] Entering safepoint region: GenCollectForAllocation
[179.793s][info][gc       ] GC(1937) Pause Young (Allocation Failure) 2916M->2050M(5113M) 2.133ms
[179.794s][info][safepoint] Leaving safepoint region
[179.794s][info][safepoint] Total time for which application threads were stopped: 0.0034331 seconds, Stopping threads took: 0.0003328 seconds
[180.078s][info][safepoint] Application time: 0.2835415 seconds
[180.079s][info][safepoint] Entering safepoint region: GenCollectForAllocation
[180.082s][info][gc       ] GC(1938) Pause Young (Allocation Failure) 2916M->2050M(5113M) 2.262ms
[180.082s][info][safepoint] Leaving safepoint region
[180.083s][info][safepoint] Total time for which application threads were stopped: 0.0035812 seconds, Stopping threads took: 0.0004467 seconds
[180.370s][info][safepoint] Application time: 0.2866173 seconds
[180.370s][info][safepoint] Entering safepoint region: GenCollectForAllocation
[180.373s][info][gc       ] GC(1939) Pause Young (Allocation Failure) 2916M->2050M(5113M) 2.043ms
[180.373s][info][safepoint] Leaving safepoint region
[180.373s][info][safepoint] Total time for which application threads were stopped: 0.0033609 seconds, Stopping threads took: 0.0003909 seconds
[180.652s][info][safepoint] Application time: 0.2785297 seconds
[180.653s][info][safepoint] Entering safepoint region: GenCollectForAllocation
[180.655s][info][gc       ] GC(1940) Pause Young (Allocation Failure) 2916M->2050M(5113M) 2.079ms
[180.656s][info][safepoint] Leaving safepoint region
[180.656s][info][safepoint] Total time for which application threads were stopped: 0.0033301 seconds, Stopping threads took: 0.0004008 seconds
[180.932s][info][safepoint] Application time: 0.2757010 seconds
[180.933s][info][safepoint] Entering safepoint region: GenCollectForAllocation
[180.936s][info][gc       ] GC(1941) Pause Young (Allocation Failure) 2916M->2050M(5113M) 2.274ms
[180.936s][info][safepoint] Leaving safepoint region
[180.937s][info][safepoint] Total time for which application threads were stopped: 0.0036953 seconds, Stopping threads took: 0.0004516 seconds
[181.219s][info][safepoint] Application time: 0.2815577 seconds
[181.219s][info][safepoint] Entering safepoint region: GenCollectForAllocation
[181.222s][info][gc       ] GC(1942) Pause Young (Allocation Failure) 2916M->2050M(5113M) 2.475ms
[181.222s][info][safepoint] Leaving safepoint region
[181.223s][info][safepoint] Total time for which application threads were stopped: 0.0036865 seconds, Stopping threads took: 0.0004491 seconds
[181.509s][info][safepoint] Application time: 0.2860602 seconds
[181.509s][info][safepoint] Entering safepoint region: GenCollectForAllocation
[181.512s][info][gc       ] GC(1943) Pause Young (Allocation Failure) 2916M->2050M(5113M) 2.293ms
[181.512s][info][safepoint] Leaving safepoint region
[181.513s][info][safepoint] Total time for which application threads were stopped: 0.0035539 seconds, Stopping threads took: 0.0002672 seconds
[181.801s][info][safepoint] Application time: 0.2875473 seconds
[181.801s][info][safepoint] Entering safepoint region: GenCollectForAllocation
[181.804s][info][gc       ] GC(1944) Pause Young (Allocation Failure) 2916M->2050M(5113M) 2.238ms
[181.805s][info][safepoint] Leaving safepoint region
[181.805s][info][safepoint] Total time for which application threads were stopped: 0.0034390 seconds, Stopping threads took: 0.0003677 seconds
[182.089s][info][safepoint] Application time: 0.2840999 seconds
[182.090s][info][safepoint] Entering safepoint region: GenCollectForAllocation
[182.093s][info][gc       ] GC(1945) Pause Young (Allocation Failure) 2916M->2050M(5113M) 2.007ms
[182.093s][info][safepoint] Leaving safepoint region
[182.093s][info][safepoint] Total time for which application threads were stopped: 0.0032971 seconds, Stopping threads took: 0.0004323 seconds
[182.380s][info][safepoint] Application time: 0.2858338 seconds
[182.380s][info][safepoint] Entering safepoint region: GenCollectForAllocation
[182.383s][info][gc       ] GC(1946) Pause Young (Allocation Failure) 2916M->2050M(5113M) 2.176ms
[182.383s][info][safepoint] Leaving safepoint region
[182.384s][info][safepoint] Total time for which application threads were stopped: 0.0037102 seconds, Stopping threads took: 0.0004702 seconds
[182.661s][info][safepoint] Application time: 0.2769407 seconds
[182.662s][info][safepoint] Entering safepoint region: GenCollectForAllocation
[182.664s][info][gc       ] GC(1947) Pause Young (Allocation Failure) 2916M->2050M(5113M) 2.305ms
[182.665s][info][safepoint] Leaving safepoint region
[182.665s][info][safepoint] Total time for which application threads were stopped: 0.0035185 seconds, Stopping threads took: 0.0004204 seconds
[182.945s][info][safepoint] Application time: 0.2795511 seconds
[182.946s][info][safepoint] Entering safepoint region: GenCollectForAllocation
[182.948s][info][gc       ] GC(1948) Pause Young (Allocation Failure) 2916M->2050M(5113M) 2.002ms
[182.949s][info][safepoint] Leaving safepoint region
[182.949s][info][safepoint] Total time for which application threads were stopped: 0.0034910 seconds, Stopping threads took: 0.0004474 seconds
[183.234s][info][safepoint] Application time: 0.2842036 seconds
[183.234s][info][safepoint] Entering safepoint region: GenCollectForAllocation
[183.237s][info][gc       ] GC(1949) Pause Young (Allocation Failure) 2916M->2050M(5113M) 2.096ms
[183.237s][info][safepoint] Leaving safepoint region
[183.238s][info][safepoint] Total time for which application threads were stopped: 0.0034685 seconds, Stopping threads took: 0.0004023 seconds
[183.527s][info][safepoint] Application time: 0.2890917 seconds
[183.528s][info][safepoint] Entering safepoint region: GenCollectForAllocation
[183.530s][info][gc       ] GC(1950) Pause Young (Allocation Failure) 2916M->2050M(5113M) 2.141ms
[183.531s][info][safepoint] Leaving safepoint region
[183.531s][info][safepoint] Total time for which application threads were stopped: 0.0036163 seconds, Stopping threads took: 0.0003906 seconds
[183.808s][info][safepoint] Application time: 0.2766867 seconds
[183.809s][info][safepoint] Entering safepoint region: GenCollectForAllocation
[183.812s][info][gc       ] GC(1951) Pause Young (Allocation Failure) 2916M->2050M(5113M) 2.014ms
[183.812s][info][safepoint] Leaving safepoint region
[183.812s][info][safepoint] Total time for which application threads were stopped: 0.0033804 seconds, Stopping threads took: 0.0004998 seconds
[184.094s][info][safepoint] Application time: 0.2809236 seconds
[184.094s][info][safepoint] Entering safepoint region: GenCollectForAllocation
[184.097s][info][gc       ] GC(1952) Pause Young (Allocation Failure) 2916M->2050M(5113M) 2.201ms
[184.097s][info][safepoint] Leaving safepoint region
[184.098s][info][safepoint] Total time for which application threads were stopped: 0.0037462 seconds, Stopping threads took: 0.0004716 seconds
[184.384s][info][safepoint] Application time: 0.2852163 seconds
[184.384s][info][safepoint] Entering safepoint region: GenCollectForAllocation
[184.386s][info][gc       ] GC(1953) Pause Young (Allocation Failure) 2916M->2050M(5113M) 2.042ms
[184.387s][info][safepoint] Leaving safepoint region
[184.387s][info][safepoint] Total time for which application threads were stopped: 0.0032723 seconds, Stopping threads took: 0.0003950 seconds
[184.673s][info][safepoint] Application time: 0.2855705 seconds
[184.674s][info][safepoint] Entering safepoint region: GenCollectForAllocation
[184.676s][info][gc       ] GC(1954) Pause Young (Allocation Failure) 2916M->2050M(5113M) 2.244ms
[184.677s][info][safepoint] Leaving safepoint region
[184.677s][info][safepoint] Total time for which application threads were stopped: 0.0035889 seconds, Stopping threads took: 0.0004755 seconds
[184.962s][info][safepoint] Application time: 0.2843988 seconds
[184.963s][info][safepoint] Entering safepoint region: GenCollectForAllocation
[184.965s][info][gc       ] GC(1955) Pause Young (Allocation Failure) 2916M->2050M(5113M) 2.244ms
[184.966s][info][safepoint] Leaving safepoint region
[184.966s][info][safepoint] Total time for which application threads were stopped: 0.0036258 seconds, Stopping threads took: 0.0003926 seconds
[185.241s][info][safepoint] Application time: 0.2745257 seconds
[185.242s][info][safepoint] Entering safepoint region: GenCollectForAllocation
[185.244s][info][gc       ] GC(1956) Pause Young (Allocation Failure) 2916M->2050M(5113M) 2.223ms
[185.245s][info][safepoint] Leaving safepoint region
[185.245s][info][safepoint] Total time for which application threads were stopped: 0.0035480 seconds, Stopping threads took: 0.0003704 seconds
[185.525s][info][safepoint] Application time: 0.2792640 seconds
[185.525s][info][safepoint] Entering safepoint region: GenCollectForAllocation
[185.528s][info][gc       ] GC(1957) Pause Young (Allocation Failure) 2916M->2050M(5113M) 2.066ms
[185.528s][info][safepoint] Leaving safepoint region
[185.529s][info][safepoint] Total time for which application threads were stopped: 0.0035221 seconds, Stopping threads took: 0.0004102 seconds
[185.813s][info][safepoint] Application time: 0.2833952 seconds
[185.813s][info][safepoint] Entering safepoint region: GenCollectForAllocation
[185.815s][info][gc       ] GC(1958) Pause Young (Allocation Failure) 2916M->2050M(5113M) 2.189ms
[185.816s][info][safepoint] Leaving safepoint region
[185.816s][info][safepoint] Total time for which application threads were stopped: 0.0030099 seconds, Stopping threads took: 0.0001985 seconds
[186.093s][info][safepoint] Application time: 0.2771860 seconds
[186.094s][info][safepoint] Entering safepoint region: GenCollectForAllocation
[186.097s][info][gc       ] GC(1959) Pause Young (Allocation Failure) 2916M->2050M(5113M) 2.329ms
[186.097s][info][safepoint] Leaving safepoint region
[186.097s][info][safepoint] Total time for which application threads were stopped: 0.0035837 seconds, Stopping threads took: 0.0004486 seconds
[186.374s][info][safepoint] Application time: 0.2761862 seconds
[186.374s][info][safepoint] Entering safepoint region: GenCollectForAllocation
[186.377s][info][gc       ] GC(1960) Pause Young (Allocation Failure) 2916M->2050M(5113M) 2.270ms
[186.378s][info][safepoint] Leaving safepoint region
[186.378s][info][safepoint] Total time for which application threads were stopped: 0.0035669 seconds, Stopping threads took: 0.0004985 seconds
[186.660s][info][safepoint] Application time: 0.2816739 seconds
[186.661s][info][safepoint] Entering safepoint region: GenCollectForAllocation
[186.664s][info][gc       ] GC(1961) Pause Young (Allocation Failure) 2916M->2050M(5113M) 2.588ms
[186.664s][info][safepoint] Leaving safepoint region
[186.664s][info][safepoint] Total time for which application threads were stopped: 0.0038116 seconds, Stopping threads took: 0.0004052 seconds
[186.941s][info][safepoint] Application time: 0.2763614 seconds
[186.942s][info][safepoint] Entering safepoint region: GenCollectForAllocation
[186.944s][info][gc       ] GC(1962) Pause Young (Allocation Failure) 2916M->2050M(5113M) 2.280ms
[186.945s][info][safepoint] Leaving safepoint region
[186.945s][info][safepoint] Total time for which application threads were stopped: 0.0035442 seconds, Stopping threads took: 0.0003510 seconds
[187.226s][info][safepoint] Application time: 0.2800046 seconds
[187.226s][info][safepoint] Entering safepoint region: GenCollectForAllocation
[187.229s][info][gc       ] GC(1963) Pause Young (Allocation Failure) 2916M->2050M(5113M) 2.305ms
[187.229s][info][safepoint] Leaving safepoint region
[187.229s][info][safepoint] Total time for which application threads were stopped: 0.0033052 seconds, Stopping threads took: 0.0003100 seconds
[187.275s][info][safepoint] Application time: 0.0449235 seconds
[187.275s][info][safepoint] Entering safepoint region: Halt
