[0.004s][info][gc] Using G1
[0.132s][info][safepoint] Safepoint "ICBufferFull", Time since last: 121901834 ns, Reaching safepoint: 66895 ns, At safepoint: 18992 ns, Total: 85887 ns
[0.202s][info][gc       ] GC(0) Pause Young (Normal) (G1 Evacuation Pause) 23M->16M(408M) 6.278ms
[0.203s][info][safepoint] Safepoint "G1CollectForAllocation", Time since last: 64085574 ns, Reaching safepoint: 69516 ns, At safepoint: 6605110 ns, Total: 6674626 ns
[0.215s][info][gc       ] GC(1) Pause Young (Normal) (G1 Evacuation Pause) 32M->33M(408M) 8.120ms
[0.216s][info][safepoint] Safepoint "G1CollectForAllocation", Time since last: 4475474 ns, Reaching safepoint: 97827 ns, At safepoint: 8345370 ns, Total: 8443197 ns
[0.229s][info][gc       ] GC(2) Pause Young (Normal) (G1 Evacuation Pause) 53M->54M(408M) 6.601ms
[0.229s][info][safepoint] Safepoint "G1CollectForAllocation", Time since last: 6162342 ns, Reaching safepoint: 86587 ns, At safepoint: 6981352 ns, Total: 7067939 ns
[0.242s][info][gc       ] GC(3) Pause Young (Normal) (G1 Evacuation Pause) 86M->87M(408M) 8.880ms
[0.243s][info][safepoint] Safepoint "G1CollectForAllocation", Time since last: 4511048 ns, Reaching safepoint: 99836 ns, At safepoint: 9267792 ns, Total: 9367628 ns
[0.260s][info][gc       ] GC(4) Pause Young (Normal) (G1 Evacuation Pause) 127M->130M(1224M) 11.924ms
[0.261s][info][safepoint] Safepoint "G1CollectForAllocation", Time since last: 5535979 ns, Reaching safepoint: 111931 ns, At safepoint: 12421266 ns, Total: 12533197 ns
[0.293s][info][gc       ] GC(5) Pause Young (Normal) (G1 Evacuation Pause) 190M->194M(1224M) 22.647ms
[0.294s][info][safepoint] Safepoint "G1CollectForAllocation", Time since last: 9859632 ns, Reaching safepoint: 116666 ns, At safepoint: 23218438 ns, Total: 23335104 ns
[0.321s][info][gc       ] GC(6) Pause Young (Normal) (G1 Evacuation Pause) 258M->263M(1224M) 17.015ms
[0.321s][info][safepoint] Safepoint "G1CollectForAllocation", Time since last: 9581063 ns, Reaching safepoint: 160656 ns, At safepoint: 17612215 ns, Total: 17772871 ns
[0.356s][info][gc       ] GC(7) Pause Young (Normal) (G1 Evacuation Pause) 335M->341M(1224M) 23.334ms
[0.356s][info][safepoint] Safepoint "G1CollectForAllocation", Time since last: 10895189 ns, Reaching safepoint: 162906 ns, At safepoint: 23815777 ns, Total: 23978683 ns
[0.400s][info][gc       ] GC(8) Pause Young (Normal) (G1 Evacuation Pause) 445M->455M(3280M) 27.503ms
[0.401s][info][safepoint] Safepoint "G1CollectForAllocation", Time since last: 16048243 ns, Reaching safepoint: 185696 ns, At safepoint: 28152870 ns, Total: 28338566 ns
[0.471s][info][gc       ] GC(9) Pause Young (Normal) (G1 Evacuation Pause) 619M->625M(3280M) 40.707ms
[0.471s][info][safepoint] Safepoint "G1CollectForAllocation", Time since last: 29310234 ns, Reaching safepoint: 144871 ns, At safepoint: 41124279 ns, Total: 41269150 ns
[0.532s][info][gc       ] GC(10) Pause Young (Normal) (G1 Evacuation Pause) 789M->799M(3280M) 37.483ms
[0.533s][info][safepoint] Safepoint "G1CollectForAllocation", Time since last: 23538769 ns, Reaching safepoint: 168481 ns, At safepoint: 37868672 ns, Total: 38037153 ns
[0.589s][info][gc       ] GC(11) Pause Young (Normal) (G1 Evacuation Pause) 955M->971M(3280M) 35.093ms
[0.590s][info][safepoint] Safepoint "G1CollectForAllocation", Time since last: 21449157 ns, Reaching safepoint: 140738 ns, At safepoint: 35418443 ns, Total: 35559181 ns
[0.670s][info][gc       ] GC(12) Pause Young (Normal) (G1 Evacuation Pause) 1199M->1213M(4512M) 46.908ms
[0.671s][info][safepoint] Safepoint "G1CollectForAllocation", Time since last: 33563838 ns, Reaching safepoint: 127646 ns, At safepoint: 47240677 ns, Total: 47368323 ns
[0.768s][info][gc       ] GC(13) Pause Young (Normal) (G1 Evacuation Pause) 1441M->1455M(4512M) 52.609ms
[0.768s][info][safepoint] Safepoint "G1CollectForAllocation", Time since last: 44113065 ns, Reaching safepoint: 159968 ns, At safepoint: 52850177 ns, Total: 53010145 ns
[0.883s][info][gc       ] GC(14) Pause Young (Normal) (G1 Evacuation Pause) 1783M->1803M(4512M) 63.488ms
[0.883s][info][safepoint] Safepoint "G1CollectForAllocation", Time since last: 51058545 ns, Reaching safepoint: 145962 ns, At safepoint: 63741061 ns, Total: 63887023 ns
[1.305s][info][gc       ] GC(15) Pause Young (Normal) (G1 Evacuation Pause) 2111M->2049M(4512M) 124.456ms
[1.305s][info][safepoint] Safepoint "G1CollectForAllocation", Time since last: 297375131 ns, Reaching safepoint: 173686 ns, At safepoint: 124866534 ns, Total: 125040220 ns
[1.488s][info][gc       ] GC(16) Pause Young (Normal) (G1 Evacuation Pause) 2229M->2066M(5252M) 40.207ms
[1.488s][info][safepoint] Safepoint "G1CollectForAllocation", Time since last: 141830313 ns, Reaching safepoint: 216777 ns, At safepoint: 40555141 ns, Total: 40771918 ns
[1.624s][info][gc       ] GC(17) Pause Young (Normal) (G1 Evacuation Pause) 2322M->2066M(5252M) 1.547ms
[1.625s][info][safepoint] Safepoint "G1CollectForAllocation", Time since last: 134805743 ns, Reaching safepoint: 243563 ns, At safepoint: 1884763 ns, Total: 2128326 ns
[1.720s][info][gc       ] GC(18) Pause Young (Normal) (G1 Evacuation Pause) 2322M->2066M(5252M) 2.336ms
[1.720s][info][safepoint] Safepoint "G1CollectForAllocation", Time since last: 92527710 ns, Reaching safepoint: 315342 ns, At safepoint: 2545171 ns, Total: 2860513 ns
[1.811s][info][gc       ] GC(19) Pause Young (Normal) (G1 Evacuation Pause) 2322M->2065M(5252M) 1.584ms
[1.811s][info][safepoint] Safepoint "G1CollectForAllocation", Time since last: 89026862 ns, Reaching safepoint: 339615 ns, At safepoint: 1908425 ns, Total: 2248040 ns
[1.901s][info][gc       ] GC(20) Pause Young (Normal) (G1 Evacuation Pause) 2321M->2065M(5252M) 1.212ms
[1.901s][info][safepoint] Safepoint "G1CollectForAllocation", Time since last: 87726069 ns, Reaching safepoint: 168177 ns, At safepoint: 1400404 ns, Total: 1568581 ns
[1.985s][info][gc       ] GC(21) Pause Young (Normal) (G1 Evacuation Pause) 2321M->2065M(5252M) 1.655ms
[1.986s][info][safepoint] Safepoint "G1CollectForAllocation", Time since last: 82825138 ns, Reaching safepoint: 218304 ns, At safepoint: 1904388 ns, Total: 2122692 ns
[2.086s][info][gc       ] GC(22) Pause Young (Normal) (G1 Evacuation Pause) 2321M->2065M(5252M) 1.361ms
[2.086s][info][safepoint] Safepoint "G1CollectForAllocation", Time since last: 99022914 ns, Reaching safepoint: 164673 ns, At safepoint: 1632247 ns, Total: 1796920 ns
[2.187s][info][gc       ] GC(23) Pause Young (Normal) (G1 Evacuation Pause) 2321M->2065M(5252M) 1.677ms
[2.187s][info][safepoint] Safepoint "G1CollectForAllocation", Time since last: 98174066 ns, Reaching safepoint: 180444 ns, At safepoint: 1957061 ns, Total: 2137505 ns
[2.283s][info][gc       ] GC(24) Pause Young (Normal) (G1 Evacuation Pause) 2321M->2065M(5252M) 1.371ms
[2.284s][info][safepoint] Safepoint "G1CollectForAllocation", Time since last: 95059040 ns, Reaching safepoint: 173965 ns, At safepoint: 1832811 ns, Total: 2006776 ns
[2.372s][info][gc       ] GC(25) Pause Young (Normal) (G1 Evacuation Pause) 2321M->2065M(5252M) 1.569ms
[2.372s][info][safepoint] Safepoint "G1CollectForAllocation", Time since last: 85955134 ns, Reaching safepoint: 218733 ns, At safepoint: 1844624 ns, Total: 2063357 ns
[2.522s][info][gc       ] GC(26) Pause Young (Normal) (G1 Evacuation Pause) 2437M->2065M(5252M) 1.526ms
[2.522s][info][safepoint] Safepoint "G1CollectForAllocation", Time since last: 147995456 ns, Reaching safepoint: 252555 ns, At safepoint: 1828524 ns, Total: 2081079 ns
[3.599s][info][gc       ] GC(27) Pause Young (Normal) (G1 Evacuation Pause) 4653M->2065M(5252M) 3.026ms
[3.599s][info][safepoint] Safepoint "G1CollectForAllocation", Time since last: 1073612412 ns, Reaching safepoint: 198785 ns, At safepoint: 3297684 ns, Total: 3496469 ns
[4.437s][info][gc       ] GC(28) Pause Young (Normal) (G1 Evacuation Pause) 4665M->2065M(5252M) 3.588ms
[4.438s][info][safepoint] Safepoint "G1CollectForAllocation", Time since last: 834377174 ns, Reaching safepoint: 290845 ns, At safepoint: 3896914 ns, Total: 4187759 ns
[4.523s][info][gc       ] GC(29) Pause Young (Normal) (G1 Evacuation Pause) 2321M->2065M(5252M) 2.615ms
[4.523s][info][safepoint] Safepoint "G1CollectForAllocation", Time since last: 82407144 ns, Reaching safepoint: 163908 ns, At safepoint: 2921078 ns, Total: 3084986 ns
[4.608s][info][gc       ] GC(30) Pause Young (Normal) (G1 Evacuation Pause) 2321M->2065M(5252M) 1.886ms
[4.608s][info][safepoint] Safepoint "G1CollectForAllocation", Time since last: 82574836 ns, Reaching safepoint: 194133 ns, At safepoint: 2153224 ns, Total: 2347357 ns
[4.693s][info][gc       ] GC(31) Pause Young (Normal) (G1 Evacuation Pause) 2321M->2065M(5252M) 1.910ms
[4.693s][info][safepoint] Safepoint "G1CollectForAllocation", Time since last: 82704733 ns, Reaching safepoint: 158060 ns, At safepoint: 2262157 ns, Total: 2420217 ns
[4.777s][info][gc       ] GC(32) Pause Young (Normal) (G1 Evacuation Pause) 2321M->2065M(5252M) 1.684ms
[4.778s][info][safepoint] Safepoint "G1CollectForAllocation", Time since last: 82443385 ns, Reaching safepoint: 188186 ns, At safepoint: 1842164 ns, Total: 2030350 ns
[4.858s][info][gc       ] GC(33) Pause Young (Normal) (G1 Evacuation Pause) 2321M->2065M(5252M) 2.420ms
[4.859s][info][safepoint] Safepoint "G1CollectForAllocation", Time since last: 78251898 ns, Reaching safepoint: 143082 ns, At safepoint: 2696133 ns, Total: 2839215 ns
[4.942s][info][gc       ] GC(34) Pause Young (Normal) (G1 Evacuation Pause) 2321M->2065M(5252M) 2.284ms
[4.943s][info][safepoint] Safepoint "G1CollectForAllocation", Time since last: 81265114 ns, Reaching safepoint: 195603 ns, At safepoint: 2506350 ns, Total: 2701953 ns
[5.027s][info][gc       ] GC(35) Pause Young (Normal) (G1 Evacuation Pause) 2321M->2065M(5252M) 1.695ms
[5.028s][info][safepoint] Safepoint "G1CollectForAllocation", Time since last: 82778840 ns, Reaching safepoint: 294565 ns, At safepoint: 2119348 ns, Total: 2413913 ns
[5.112s][info][gc       ] GC(36) Pause Young (Normal) (G1 Evacuation Pause) 2321M->2066M(5252M) 1.752ms
[5.112s][info][safepoint] Safepoint "G1CollectForAllocation", Time since last: 82356055 ns, Reaching safepoint: 203472 ns, At safepoint: 1886180 ns, Total: 2089652 ns
[5.952s][info][gc       ] GC(37) Pause Young (Normal) (G1 Evacuation Pause) 4702M->2066M(5252M) 2.569ms
[5.952s][info][safepoint] Safepoint "G1CollectForAllocation", Time since last: 836743319 ns, Reaching safepoint: 191485 ns, At safepoint: 2862646 ns, Total: 3054131 ns
[6.809s][info][gc       ] GC(38) Pause Young (Normal) (G1 Evacuation Pause) 4706M->2066M(5252M) 4.221ms
[6.810s][info][safepoint] Safepoint "G1CollectForAllocation", Time since last: 852754140 ns, Reaching safepoint: 199498 ns, At safepoint: 4560562 ns, Total: 4760060 ns
[7.633s][info][gc       ] GC(39) Pause Young (Normal) (G1 Evacuation Pause) 4706M->2066M(5252M) 1.614ms
[7.633s][info][safepoint] Safepoint "G1CollectForAllocation", Time since last: 821143410 ns, Reaching safepoint: 213080 ns, At safepoint: 1924386 ns, Total: 2137466 ns
[8.479s][info][gc       ] GC(40) Pause Young (Normal) (G1 Evacuation Pause) 4706M->2066M(5252M) 2.096ms
[8.480s][info][safepoint] Safepoint "G1CollectForAllocation", Time since last: 844261658 ns, Reaching safepoint: 161486 ns, At safepoint: 2606893 ns, Total: 2768379 ns
[9.330s][info][gc       ] GC(41) Pause Young (Normal) (G1 Evacuation Pause) 4710M->2066M(5252M) 4.392ms
[9.331s][info][safepoint] Safepoint "G1CollectForAllocation", Time since last: 845701748 ns, Reaching safepoint: 231178 ns, At safepoint: 4808201 ns, Total: 5039379 ns
[10.179s][info][gc       ] GC(42) Pause Young (Normal) (G1 Evacuation Pause) 4710M->2066M(5252M) 2.227ms
[10.179s][info][safepoint] Safepoint "G1CollectForAllocation", Time since last: 845829726 ns, Reaching safepoint: 204257 ns, At safepoint: 2543471 ns, Total: 2747728 ns
[11.017s][info][gc       ] GC(43) Pause Young (Normal) (G1 Evacuation Pause) 4710M->2066M(5252M) 2.141ms
[11.018s][info][safepoint] Safepoint "G1CollectForAllocation", Time since last: 835508808 ns, Reaching safepoint: 220404 ns, At safepoint: 2561568 ns, Total: 2781972 ns
[12.043s][info][gc       ] GC(44) Pause Young (Normal) (G1 Evacuation Pause) 4746M->2466M(5252M) 240.346ms
[12.043s][info][safepoint] Safepoint "G1CollectForAllocation", Time since last: 784850921 ns, Reaching safepoint: 196166 ns, At safepoint: 240635273 ns, Total: 240831439 ns
[12.136s][info][gc       ] GC(45) Pause Young (Normal) (G1 Evacuation Pause) 2482M->2478M(5252M) 88.790ms
[12.136s][info][safepoint] Safepoint "G1CollectForAllocation", Time since last: 3820663 ns, Reaching safepoint: 141285 ns, At safepoint: 89090984 ns, Total: 89232269 ns
[12.160s][info][gc       ] GC(46) Pause Young (Concurrent Start) (G1 Humongous Allocation) 2546M->2555M(5252M) 13.395ms
[12.161s][info][safepoint] Safepoint "G1TryInitiateConcMark", Time since last: 10490463 ns, Reaching safepoint: 166187 ns, At safepoint: 13666570 ns, Total: 13832757 ns
[12.161s][info][gc       ] GC(47) Concurrent Mark Cycle
[12.250s][info][gc       ] GC(48) Pause Young (Normal) (G1 Evacuation Pause) 2819M->2829M(5252M) 45.212ms
[12.250s][info][safepoint] Safepoint "G1CollectForAllocation", Time since last: 43815613 ns, Reaching safepoint: 247588 ns, At safepoint: 45713187 ns, Total: 45960775 ns
[12.326s][info][gc       ] GC(49) Pause Young (Normal) (G1 Evacuation Pause) 3053M->3065M(5696M) 41.535ms
[12.327s][info][safepoint] Safepoint "G1CollectForAllocation", Time since last: 34282545 ns, Reaching safepoint: 228476 ns, At safepoint: 41967627 ns, Total: 42196103 ns
[12.342s][info][gc       ] GC(47) Pause Remark 3103M->1083M(3640M) 1.573ms
[12.342s][info][safepoint] Safepoint "G1Concurrent", Time since last: 13057438 ns, Reaching safepoint: 431819 ns, At safepoint: 1832638 ns, Total: 2264457 ns
[12.426s][info][gc       ] GC(50) Pause Young (Normal) (G1 Evacuation Pause) 1329M->1343M(3640M) 45.981ms
[12.426s][info][safepoint] Safepoint "G1CollectForAllocation", Time since last: 36811920 ns, Reaching safepoint: 530007 ns, At safepoint: 46381828 ns, Total: 46911835 ns
[12.515s][info][gc       ] GC(47) Pause Cleanup 1873M->1873M(3640M) 0.199ms
[12.516s][info][safepoint] Safepoint "G1Concurrent", Time since last: 88547417 ns, Reaching safepoint: 276988 ns, At safepoint: 832459 ns, Total: 1109447 ns
[12.525s][info][gc       ] GC(47) Concurrent Mark Cycle 363.969ms
[12.870s][info][gc       ] GC(51) Pause Young (Prepare Mixed) (G1 Evacuation Pause) 2055M->1983M(3640M) 158.057ms
[12.870s][info][safepoint] Safepoint "G1CollectForAllocation", Time since last: 196303672 ns, Reaching safepoint: 153354 ns, At safepoint: 158412780 ns, Total: 158566134 ns
[12.964s][info][gc       ] GC(52) Pause Young (Mixed) (G1 Evacuation Pause) 2075M->1994M(3640M) 41.122ms
[12.964s][info][safepoint] Safepoint "G1CollectForAllocation", Time since last: 52210417 ns, Reaching safepoint: 195421 ns, At safepoint: 41556357 ns, Total: 41751778 ns
[13.028s][info][gc       ] GC(53) Pause Young (Mixed) (G1 Evacuation Pause) 2166M->1986M(3640M) 1.751ms
[13.029s][info][safepoint] Safepoint "G1CollectForAllocation", Time since last: 62142092 ns, Reaching safepoint: 167592 ns, At safepoint: 2098427 ns, Total: 2266019 ns
[13.089s][info][gc       ] GC(54) Pause Young (Concurrent Start) (G1 Evacuation Pause) 2162M->1986M(3640M) 1.927ms
[13.089s][info][safepoint] Safepoint "G1CollectForAllocation", Time since last: 57672978 ns, Reaching safepoint: 150032 ns, At safepoint: 2318062 ns, Total: 2468094 ns
[13.089s][info][gc       ] GC(55) Concurrent Mark Cycle
[13.156s][info][gc       ] GC(56) Pause Young (Normal) (G1 Evacuation Pause) 2162M->1985M(3640M) 1.661ms
[13.157s][info][safepoint] Safepoint "G1CollectForAllocation", Time since last: 65306700 ns, Reaching safepoint: 440900 ns, At safepoint: 2104255 ns, Total: 2545155 ns
[13.225s][info][gc       ] GC(57) Pause Young (Normal) (G1 Evacuation Pause) 2161M->1985M(3640M) 1.344ms
[13.226s][info][safepoint] Safepoint "G1CollectForAllocation", Time since last: 66627149 ns, Reaching safepoint: 495051 ns, At safepoint: 1671706 ns, Total: 2166757 ns
[13.295s][info][gc       ] GC(58) Pause Young (Normal) (G1 Evacuation Pause) 2161M->1985M(3640M) 1.328ms
[13.295s][info][safepoint] Safepoint "G1CollectForAllocation", Time since last: 67489239 ns, Reaching safepoint: 323666 ns, At safepoint: 1804230 ns, Total: 2127896 ns
[13.394s][info][gc       ] GC(59) Pause Young (Normal) (G1 Evacuation Pause) 2161M->1985M(3640M) 1.300ms
[13.394s][info][safepoint] Safepoint "G1CollectForAllocation", Time since last: 96809181 ns, Reaching safepoint: 446676 ns, At safepoint: 1732738 ns, Total: 2179414 ns
[13.459s][info][gc       ] GC(60) Pause Young (Normal) (G1 Evacuation Pause) 2161M->1985M(3640M) 1.568ms
[13.459s][info][safepoint] Safepoint "G1CollectForAllocation", Time since last: 62696834 ns, Reaching safepoint: 328076 ns, At safepoint: 1900738 ns, Total: 2228814 ns
[13.472s][info][gc       ] GC(55) Pause Remark 2019M->1931M(3640M) 1.039ms
[13.472s][info][safepoint] Safepoint "G1Concurrent", Time since last: 11510050 ns, Reaching safepoint: 224955 ns, At safepoint: 1287810 ns, Total: 1512765 ns
[13.527s][info][gc       ] GC(61) Pause Young (Normal) (G1 Evacuation Pause) 2081M->1897M(4284M) 2.081ms
[13.528s][info][safepoint] Safepoint "G1CollectForAllocation", Time since last: 52578731 ns, Reaching safepoint: 529719 ns, At safepoint: 2537207 ns, Total: 3066926 ns
[13.611s][info][gc       ] GC(62) Pause Young (Normal) (G1 Evacuation Pause) 2105M->1897M(4284M) 1.437ms
[13.611s][info][safepoint] Safepoint "G1CollectForAllocation", Time since last: 81580962 ns, Reaching safepoint: 291922 ns, At safepoint: 1782702 ns, Total: 2074624 ns
[13.702s][info][gc       ] GC(55) Pause Cleanup 2083M->2083M(4284M) 0.246ms
[13.703s][info][safepoint] Safepoint "G1Concurrent", Time since last: 90503153 ns, Reaching safepoint: 242258 ns, At safepoint: 719656 ns, Total: 961914 ns
[13.726s][info][gc       ] GC(63) Pause Young (Prepare Mixed) (G1 Evacuation Pause) 2117M->1897M(4284M) 1.671ms
[13.727s][info][safepoint] Safepoint "G1CollectForAllocation", Time since last: 21334508 ns, Reaching safepoint: 220282 ns, At safepoint: 2074056 ns, Total: 2294338 ns
[13.729s][info][gc       ] GC(55) Concurrent Mark Cycle 639.592ms
[13.800s][info][gc       ] GC(64) Pause Young (Mixed) (G1 Evacuation Pause) 2105M->1873M(4284M) 1.423ms
[13.800s][info][safepoint] Safepoint "G1CollectForAllocation", Time since last: 71528252 ns, Reaching safepoint: 185688 ns, At safepoint: 1696623 ns, Total: 1882311 ns
[13.898s][info][gc       ] GC(65) Pause Young (Normal) (G1 Evacuation Pause) 2109M->1873M(4284M) 1.841ms
[13.898s][info][safepoint] Safepoint "G1CollectForAllocation", Time since last: 96041801 ns, Reaching safepoint: 249297 ns, At safepoint: 2155862 ns, Total: 2405159 ns
[14.007s][info][gc       ] GC(66) Pause Young (Normal) (G1 Evacuation Pause) 2153M->1873M(4284M) 2.054ms
[14.008s][info][safepoint] Safepoint "G1CollectForAllocation", Time since last: 106769151 ns, Reaching safepoint: 208789 ns, At safepoint: 2462394 ns, Total: 2671183 ns
[14.096s][info][gc       ] GC(67) Pause Young (Normal) (G1 Evacuation Pause) 2137M->1873M(4284M) 1.765ms
[14.096s][info][safepoint] Safepoint "G1CollectForAllocation", Time since last: 85790200 ns, Reaching safepoint: 167380 ns, At safepoint: 2029775 ns, Total: 2197155 ns
[14.189s][info][gc       ] GC(68) Pause Young (Normal) (G1 Evacuation Pause) 2153M->1873M(4284M) 1.384ms
[14.189s][info][safepoint] Safepoint "G1CollectForAllocation", Time since last: 91114638 ns, Reaching safepoint: 179553 ns, At safepoint: 1607782 ns, Total: 1787335 ns
[14.299s][info][gc       ] GC(69) Pause Young (Normal) (G1 Evacuation Pause) 2205M->1873M(4284M) 1.661ms
[14.300s][info][safepoint] Safepoint "G1CollectForAllocation", Time since last: 108866514 ns, Reaching safepoint: 203048 ns, At safepoint: 2041945 ns, Total: 2244993 ns
[14.438s][info][gc       ] GC(70) Pause Young (Normal) (G1 Evacuation Pause) 2289M->1873M(4284M) 1.812ms
[14.438s][info][safepoint] Safepoint "G1CollectForAllocation", Time since last: 135545910 ns, Reaching safepoint: 278634 ns, At safepoint: 2183236 ns, Total: 2461870 ns
[14.640s][info][gc       ] GC(71) Pause Young (Normal) (G1 Evacuation Pause) 2437M->1873M(4284M) 2.842ms
[14.640s][info][safepoint] Safepoint "G1CollectForAllocation", Time since last: 198645386 ns, Reaching safepoint: 189856 ns, At safepoint: 3182075 ns, Total: 3371931 ns
[14.919s][info][gc       ] GC(72) Pause Young (Normal) (G1 Evacuation Pause) 2621M->1873M(4284M) 1.175ms
[14.920s][info][safepoint] Safepoint "G1CollectForAllocation", Time since last: 278185733 ns, Reaching safepoint: 207368 ns, At safepoint: 1458874 ns, Total: 1666242 ns
[15.273s][info][gc       ] GC(73) Pause Young (Normal) (G1 Evacuation Pause) 2837M->1873M(4284M) 1.159ms
[15.273s][info][safepoint] Safepoint "G1CollectForAllocation", Time since last: 352130266 ns, Reaching safepoint: 208141 ns, At safepoint: 1423750 ns, Total: 1631891 ns
[15.758s][info][gc       ] GC(74) Pause Young (Normal) (G1 Evacuation Pause) 3193M->1873M(4284M) 1.860ms
[15.758s][info][safepoint] Safepoint "G1CollectForAllocation", Time since last: 482421614 ns, Reaching safepoint: 200481 ns, At safepoint: 2150275 ns, Total: 2350756 ns
[16.346s][info][gc       ] GC(75) Pause Young (Normal) (G1 Evacuation Pause) 3641M->1873M(4284M) 2.101ms
[16.346s][info][safepoint] Safepoint "G1CollectForAllocation", Time since last: 585162854 ns, Reaching safepoint: 196882 ns, At safepoint: 2534011 ns, Total: 2730893 ns
[16.909s][info][gc       ] GC(76) Pause Young (Normal) (G1 Evacuation Pause) 3673M->1873M(4284M) 2.123ms
[16.910s][info][safepoint] Safepoint "G1CollectForAllocation", Time since last: 560859691 ns, Reaching safepoint: 181664 ns, At safepoint: 2477076 ns, Total: 2658740 ns
[17.489s][info][gc       ] GC(77) Pause Young (Normal) (G1 Evacuation Pause) 3701M->1873M(4284M) 2.324ms
[17.490s][info][safepoint] Safepoint "G1CollectForAllocation", Time since last: 577070687 ns, Reaching safepoint: 189784 ns, At safepoint: 2753183 ns, Total: 2942967 ns
[18.076s][info][gc       ] GC(78) Pause Young (Normal) (G1 Evacuation Pause) 3721M->1873M(4284M) 2.386ms
[18.076s][info][safepoint] Safepoint "G1CollectForAllocation", Time since last: 583690103 ns, Reaching safepoint: 169271 ns, At safepoint: 2733654 ns, Total: 2902925 ns
[18.670s][info][gc       ] GC(79) Pause Young (Normal) (G1 Evacuation Pause) 3741M->1873M(4284M) 2.001ms
[18.670s][info][safepoint] Safepoint "G1CollectForAllocation", Time since last: 591468071 ns, Reaching safepoint: 186686 ns, At safepoint: 2519313 ns, Total: 2705999 ns
[19.029s][info][gc       ] GC(80) Pause Young (Normal) (G1 Evacuation Pause) 3017M->1873M(4284M) 1.879ms
[19.030s][info][safepoint] Safepoint "G1CollectForAllocation", Time since last: 356691262 ns, Reaching safepoint: 177716 ns, At safepoint: 2210875 ns, Total: 2388591 ns
[19.528s][info][gc       ] GC(81) Pause Young (Normal) (G1 Evacuation Pause) 3457M->1873M(4284M) 1.513ms
[19.529s][info][safepoint] Safepoint "G1CollectForAllocation", Time since last: 497165431 ns, Reaching safepoint: 208013 ns, At safepoint: 1991918 ns, Total: 2199931 ns
[20.133s][info][gc       ] GC(82) Pause Young (Normal) (G1 Evacuation Pause) 3781M->1873M(4284M) 2.029ms
[20.133s][info][safepoint] Safepoint "G1CollectForAllocation", Time since last: 601975079 ns, Reaching safepoint: 272224 ns, At safepoint: 2213053 ns, Total: 2485277 ns
[20.744s][info][gc       ] GC(83) Pause Young (Normal) (G1 Evacuation Pause) 3789M->1873M(4284M) 2.537ms
[20.745s][info][safepoint] Safepoint "G1CollectForAllocation", Time since last: 608028768 ns, Reaching safepoint: 190303 ns, At safepoint: 2972085 ns, Total: 3162388 ns
[21.357s][info][gc       ] GC(84) Pause Young (Normal) (G1 Evacuation Pause) 3797M->1873M(4284M) 2.133ms
[21.358s][info][safepoint] Safepoint "G1CollectForAllocation", Time since last: 610428143 ns, Reaching safepoint: 207111 ns, At safepoint: 2707659 ns, Total: 2914770 ns
[21.964s][info][gc       ] GC(85) Pause Young (Normal) (G1 Evacuation Pause) 3805M->1873M(4284M) 1.781ms
[21.964s][info][safepoint] Safepoint "G1CollectForAllocation", Time since last: 603851459 ns, Reaching safepoint: 226018 ns, At safepoint: 2161154 ns, Total: 2387172 ns
[22.571s][info][gc       ] GC(86) Pause Young (Normal) (G1 Evacuation Pause) 3809M->1873M(4284M) 1.841ms
[22.572s][info][safepoint] Safepoint "G1CollectForAllocation", Time since last: 605029229 ns, Reaching safepoint: 192600 ns, At safepoint: 2265217 ns, Total: 2457817 ns
[23.179s][info][gc       ] GC(87) Pause Young (Normal) (G1 Evacuation Pause) 3813M->1923M(4284M) 9.016ms
[23.179s][info][safepoint] Safepoint "G1CollectForAllocation", Time since last: 598073454 ns, Reaching safepoint: 191345 ns, At safepoint: 9346732 ns, Total: 9538077 ns
[23.315s][info][gc       ] GC(88) Pause Young (Concurrent Start) (G1 Humongous Allocation) 2351M->2352M(4284M) 83.065ms
[23.315s][info][gc       ] GC(89) Concurrent Mark Cycle
[23.315s][info][safepoint] Safepoint "G1TryInitiateConcMark", Time since last: 52072908 ns, Reaching safepoint: 217438 ns, At safepoint: 83471872 ns, Total: 83689310 ns
[23.401s][info][gc       ] GC(90) Pause Young (Normal) (G1 Evacuation Pause) 2376M->2393M(4284M) 54.012ms
[23.401s][info][safepoint] Safepoint "G1CollectForAllocation", Time since last: 5211650 ns, Reaching safepoint: 166632 ns, At safepoint: 81010941 ns, Total: 81177573 ns
[23.407s][info][gc       ] GC(89) Pause Remark 2425M->591M(2000M) 1.232ms
[23.408s][info][safepoint] Safepoint "G1Concurrent", Time since last: 4525919 ns, Reaching safepoint: 341035 ns, At safepoint: 1388428 ns, Total: 1729463 ns
[23.465s][info][gc       ] GC(91) Pause Young (Normal) (G1 Evacuation Pause) 759M->769M(2000M) 32.195ms
[23.465s][info][safepoint] Safepoint "G1CollectForAllocation", Time since last: 24421714 ns, Reaching safepoint: 232472 ns, At safepoint: 32501226 ns, Total: 32733698 ns
[23.503s][info][gc       ] GC(92) Pause Young (Normal) (G1 Evacuation Pause) 889M->903M(2000M) 20.627ms
[23.503s][info][safepoint] Safepoint "G1CollectForAllocation", Time since last: 17217354 ns, Reaching safepoint: 254939 ns, At safepoint: 20910862 ns, Total: 21165801 ns
[23.514s][info][gc       ] GC(89) Pause Cleanup 975M->975M(2000M) 0.204ms
[23.514s][info][safepoint] Safepoint "G1Concurrent", Time since last: 10532190 ns, Reaching safepoint: 218694 ns, At safepoint: 422097 ns, Total: 640791 ns
[23.516s][info][gc       ] GC(89) Concurrent Mark Cycle 200.842ms
[23.547s][info][gc       ] GC(93) Pause Young (Prepare Mixed) (G1 Evacuation Pause) 1031M->1045M(2000M) 23.548ms
[23.547s][info][safepoint] Safepoint "G1CollectForAllocation", Time since last: 8866768 ns, Reaching safepoint: 126979 ns, At safepoint: 23855237 ns, Total: 23982216 ns
[23.579s][info][gc       ] GC(94) Pause Young (Mixed) (G1 Evacuation Pause) 1125M->1129M(3744M) 20.429ms
[23.579s][info][safepoint] Safepoint "G1CollectForAllocation", Time since last: 10617611 ns, Reaching safepoint: 402180 ns, At safepoint: 20716263 ns, Total: 21118443 ns
[23.592s][info][gc       ] GC(95) Pause Young (Concurrent Start) (G1 Humongous Allocation) 1167M->1173M(3744M) 8.442ms
[23.592s][info][gc       ] GC(96) Concurrent Mark Cycle
[23.592s][info][safepoint] Safepoint "G1TryInitiateConcMark", Time since last: 4707515 ns, Reaching safepoint: 128232 ns, At safepoint: 8658695 ns, Total: 8786927 ns
[23.654s][info][gc       ] GC(97) Pause Young (Normal) (G1 Evacuation Pause) 1369M->1375M(3744M) 30.459ms
[23.655s][info][safepoint] Safepoint "G1CollectForAllocation", Time since last: 31055641 ns, Reaching safepoint: 393164 ns, At safepoint: 30998998 ns, Total: 31392162 ns
[23.730s][info][gc       ] GC(98) Pause Young (Normal) (G1 Evacuation Pause) 1535M->1547M(3744M) 29.484ms
[23.731s][info][safepoint] Safepoint "G1CollectForAllocation", Time since last: 45584100 ns, Reaching safepoint: 302962 ns, At safepoint: 30079953 ns, Total: 30382915 ns
[23.822s][info][gc       ] GC(99) Pause Young (Normal) (G1 Evacuation Pause) 1783M->1791M(4792M) 38.039ms
[23.822s][info][safepoint] Safepoint "G1CollectForAllocation", Time since last: 52395208 ns, Reaching safepoint: 310486 ns, At safepoint: 38695249 ns, Total: 39005735 ns
[23.908s][info][gc       ] GC(96) Pause Remark 1933M->1905M(4792M) 1.356ms
[23.908s][info][safepoint] Safepoint "G1Concurrent", Time since last: 83846016 ns, Reaching safepoint: 382870 ns, At safepoint: 1977134 ns, Total: 2360004 ns
[24.155s][info][gc       ] GC(100) Pause Young (Normal) (G1 Evacuation Pause) 1991M->2005M(4792M) 97.263ms
[24.156s][info][safepoint] Safepoint "G1CollectForAllocation", Time since last: 149122369 ns, Reaching safepoint: 284350 ns, At safepoint: 97729826 ns, Total: 98014176 ns
[24.350s][info][gc       ] GC(101) Pause Young (Normal) (G1 Evacuation Pause) 2209M->2061M(4792M) 47.738ms
[24.350s][info][safepoint] Safepoint "G1CollectForAllocation", Time since last: 146550678 ns, Reaching safepoint: 187438 ns, At safepoint: 48111271 ns, Total: 48298709 ns
[24.358s][info][gc       ] GC(96) Pause Cleanup 2075M->2075M(4792M) 0.228ms
[24.359s][info][safepoint] Safepoint "G1Concurrent", Time since last: 7551721 ns, Reaching safepoint: 274565 ns, At safepoint: 515717 ns, Total: 790282 ns
[24.364s][info][gc       ] GC(96) Concurrent Mark Cycle 771.644ms
[24.461s][info][gc       ] GC(102) Pause Young (Prepare Mixed) (G1 Evacuation Pause) 2265M->2066M(4792M) 22.046ms
[24.462s][info][safepoint] Safepoint "G1CollectForAllocation", Time since last: 80292062 ns, Reaching safepoint: 160231 ns, At safepoint: 22326542 ns, Total: 22486773 ns
[24.543s][info][gc       ] GC(103) Pause Young (Mixed) (G1 Evacuation Pause) 2298M->2062M(4792M) 1.926ms
[24.543s][info][safepoint] Safepoint "G1CollectForAllocation", Time since last: 79358988 ns, Reaching safepoint: 166005 ns, At safepoint: 2256488 ns, Total: 2422493 ns
[24.621s][info][gc       ] GC(104) Pause Young (Mixed) (G1 Evacuation Pause) 2294M->2059M(4792M) 1.693ms
[24.621s][info][safepoint] Safepoint "G1CollectForAllocation", Time since last: 75902106 ns, Reaching safepoint: 149034 ns, At safepoint: 2038488 ns, Total: 2187522 ns
[24.699s][info][gc       ] GC(105) Pause Young (Mixed) (G1 Evacuation Pause) 2291M->2055M(4792M) 1.802ms
[24.699s][info][safepoint] Safepoint "G1CollectForAllocation", Time since last: 75628662 ns, Reaching safepoint: 153001 ns, At safepoint: 2139973 ns, Total: 2292974 ns
[24.776s][info][gc       ] GC(106) Pause Young (Mixed) (G1 Evacuation Pause) 2287M->2051M(4792M) 1.649ms
[24.776s][info][safepoint] Safepoint "G1CollectForAllocation", Time since last: 74976846 ns, Reaching safepoint: 156648 ns, At safepoint: 1893267 ns, Total: 2049915 ns
[24.853s][info][gc       ] GC(107) Pause Young (Mixed) (G1 Evacuation Pause) 2283M->2047M(4792M) 1.648ms
[24.853s][info][safepoint] Safepoint "G1CollectForAllocation", Time since last: 74617921 ns, Reaching safepoint: 178096 ns, At safepoint: 1913833 ns, Total: 2091929 ns
[24.930s][info][gc       ] GC(108) Pause Young (Concurrent Start) (G1 Evacuation Pause) 2279M->2047M(4792M) 1.798ms
[24.930s][info][gc       ] GC(109) Concurrent Mark Cycle
[24.930s][info][safepoint] Safepoint "G1CollectForAllocation", Time since last: 74988566 ns, Reaching safepoint: 167682 ns, At safepoint: 2077609 ns, Total: 2245291 ns
[25.016s][info][gc       ] GC(110) Pause Young (Normal) (G1 Evacuation Pause) 2279M->2047M(4792M) 1.710ms
[25.016s][info][safepoint] Safepoint "G1CollectForAllocation", Time since last: 83292300 ns, Reaching safepoint: 288143 ns, At safepoint: 2034342 ns, Total: 2322485 ns
[25.192s][info][gc       ] GC(111) Pause Young (Normal) (G1 Evacuation Pause) 2391M->2047M(4792M) 1.732ms
[25.192s][info][safepoint] Safepoint "G1CollectForAllocation", Time since last: 173949005 ns, Reaching safepoint: 328427 ns, At safepoint: 2230199 ns, Total: 2558626 ns
[25.290s][info][gc       ] GC(112) Pause Young (Normal) (G1 Evacuation Pause) 2295M->2047M(4792M) 1.613ms
[25.290s][info][safepoint] Safepoint "G1CollectForAllocation", Time since last: 95498534 ns, Reaching safepoint: 345300 ns, At safepoint: 1930810 ns, Total: 2276110 ns
[25.315s][info][gc       ] GC(109) Pause Remark 2105M->2045M(4792M) 1.448ms
[25.315s][info][safepoint] Safepoint "G1Concurrent", Time since last: 23061477 ns, Reaching safepoint: 259286 ns, At safepoint: 1789809 ns, Total: 2049095 ns
[25.410s][info][gc       ] GC(113) Pause Young (Normal) (G1 Evacuation Pause) 2287M->1987M(4792M) 1.663ms
[25.410s][info][safepoint] Safepoint "G1CollectForAllocation", Time since last: 92185336 ns, Reaching safepoint: 310495 ns, At safepoint: 1957773 ns, Total: 2268268 ns
[25.522s][info][gc       ] GC(109) Pause Cleanup 2279M->2279M(4792M) 0.310ms
[25.522s][info][safepoint] Safepoint "G1Concurrent", Time since last: 111183593 ns, Reaching safepoint: 307843 ns, At safepoint: 612479 ns, Total: 920322 ns
[25.525s][info][gc       ] GC(109) Concurrent Mark Cycle 594.989ms
[25.533s][info][gc       ] GC(114) Pause Young (Prepare Mixed) (G1 Evacuation Pause) 2303M->1987M(4792M) 1.467ms
[25.534s][info][safepoint] Safepoint "G1CollectForAllocation", Time since last: 9860764 ns, Reaching safepoint: 152267 ns, At safepoint: 1637195 ns, Total: 1789462 ns
[25.616s][info][gc       ] GC(115) Pause Young (Mixed) (G1 Evacuation Pause) 2219M->1950M(4792M) 3.851ms
[25.616s][info][safepoint] Safepoint "G1CollectForAllocation", Time since last: 78071080 ns, Reaching safepoint: 174385 ns, At safepoint: 4111017 ns, Total: 4285402 ns
[25.738s][info][gc       ] GC(116) Pause Young (Normal) (G1 Evacuation Pause) 2318M->1950M(4792M) 1.526ms
[25.739s][info][safepoint] Safepoint "G1CollectForAllocation", Time since last: 120608285 ns, Reaching safepoint: 277404 ns, At safepoint: 1774909 ns, Total: 2052313 ns
[25.887s][info][gc       ] GC(117) Pause Young (Normal) (G1 Evacuation Pause) 2366M->1950M(4792M) 2.074ms
[25.887s][info][safepoint] Safepoint "G1CollectForAllocation", Time since last: 145892174 ns, Reaching safepoint: 186572 ns, At safepoint: 2433640 ns, Total: 2620212 ns
[26.056s][info][gc       ] GC(118) Pause Young (Concurrent Start) (G1 Evacuation Pause) 2434M->1950M(4792M) 2.153ms
[26.056s][info][safepoint] Safepoint "G1CollectForAllocation", Time since last: 166662045 ns, Reaching safepoint: 165716 ns, At safepoint: 2415364 ns, Total: 2581080 ns
[26.056s][info][gc       ] GC(119) Concurrent Mark Cycle
[26.259s][info][gc       ] GC(120) Pause Young (Normal) (G1 Evacuation Pause) 2478M->1950M(4792M) 1.687ms
[26.260s][info][safepoint] Safepoint "G1CollectForAllocation", Time since last: 200449059 ns, Reaching safepoint: 211990 ns, At safepoint: 3188287 ns, Total: 3400277 ns
[26.436s][info][gc       ] GC(119) Pause Remark 2400M->2400M(4792M) 1.172ms
[26.436s][info][safepoint] Safepoint "G1Concurrent", Time since last: 174158258 ns, Reaching safepoint: 255426 ns, At safepoint: 1485591 ns, Total: 1741017 ns
[26.460s][info][gc       ] GC(121) Pause Young (Normal) (G1 Evacuation Pause) 2458M->1950M(4792M) 1.463ms
[26.460s][info][safepoint] Safepoint "G1CollectForAllocation", Time since last: 22170616 ns, Reaching safepoint: 241730 ns, At safepoint: 1664369 ns, Total: 1906099 ns
[26.631s][info][gc       ] GC(119) Pause Cleanup 2412M->2412M(4792M) 0.241ms
[26.631s][info][safepoint] Safepoint "G1Concurrent", Time since last: 169878606 ns, Reaching safepoint: 254125 ns, At safepoint: 534963 ns, Total: 789088 ns
[26.634s][info][gc       ] GC(119) Concurrent Mark Cycle 577.472ms
[26.689s][info][gc       ] GC(122) Pause Young (Prepare Mixed) (G1 Evacuation Pause) 2550M->1950M(4792M) 1.397ms
[26.689s][info][safepoint] Safepoint "G1CollectForAllocation", Time since last: 56657144 ns, Reaching safepoint: 178762 ns, At safepoint: 1750363 ns, Total: 1929125 ns
[26.769s][info][gc       ] GC(123) Pause Young (Mixed) (G1 Evacuation Pause) 2182M->1924M(4792M) 3.895ms
[26.770s][info][safepoint] Safepoint "G1CollectForAllocation", Time since last: 75823014 ns, Reaching safepoint: 179580 ns, At safepoint: 4285429 ns, Total: 4465009 ns
[27.035s][info][gc       ] GC(124) Pause Young (Normal) (G1 Evacuation Pause) 2740M->1924M(4792M) 2.198ms
[27.036s][info][safepoint] Safepoint "G1CollectForAllocation", Time since last: 263345264 ns, Reaching safepoint: 162824 ns, At safepoint: 2571684 ns, Total: 2734508 ns
[27.327s][info][gc       ] GC(125) Pause Young (Normal) (G1 Evacuation Pause) 2816M->1924M(4792M) 1.878ms
[27.327s][info][safepoint] Safepoint "G1CollectForAllocation", Time since last: 288881181 ns, Reaching safepoint: 170554 ns, At safepoint: 2303458 ns, Total: 2474012 ns
[27.665s][info][gc       ] GC(126) Pause Young (Concurrent Start) (G1 Evacuation Pause) 2944M->1924M(4792M) 1.574ms
[27.666s][info][gc       ] GC(127) Concurrent Mark Cycle
[27.666s][info][safepoint] Safepoint "G1CollectForAllocation", Time since last: 336474611 ns, Reaching safepoint: 201403 ns, At safepoint: 1838734 ns, Total: 2040137 ns
[28.071s][info][gc       ] GC(127) Pause Remark 2864M->2864M(4796M) 1.630ms
[28.072s][info][safepoint] Safepoint "G1Concurrent", Time since last: 403539740 ns, Reaching safepoint: 315430 ns, At safepoint: 2112977 ns, Total: 2428407 ns
[28.094s][info][gc       ] GC(128) Pause Young (Normal) (G1 Evacuation Pause) 2916M->1924M(4796M) 1.573ms
[28.095s][info][safepoint] Safepoint "G1CollectForAllocation", Time since last: 20627108 ns, Reaching safepoint: 265148 ns, At safepoint: 2050452 ns, Total: 2315600 ns
[28.257s][info][gc       ] GC(127) Pause Cleanup 2372M->2372M(4796M) 0.264ms
[28.257s][info][safepoint] Safepoint "G1Concurrent", Time since last: 161650195 ns, Reaching safepoint: 251918 ns, At safepoint: 608083 ns, Total: 860001 ns
[28.261s][info][gc       ] GC(127) Concurrent Mark Cycle 595.016ms
[28.501s][info][gc       ] GC(129) Pause Young (Prepare Mixed) (G1 Evacuation Pause) 3088M->1924M(4796M) 1.527ms
[28.502s][info][safepoint] Safepoint "G1CollectForAllocation", Time since last: 242625028 ns, Reaching safepoint: 178112 ns, At safepoint: 1836230 ns, Total: 2014342 ns
[28.584s][info][gc       ] GC(130) Pause Young (Mixed) (G1 Evacuation Pause) 2156M->1903M(4796M) 3.530ms
[28.584s][info][safepoint] Safepoint "G1CollectForAllocation", Time since last: 78460473 ns, Reaching safepoint: 225459 ns, At safepoint: 3919466 ns, Total: 4144925 ns
[29.143s][info][gc       ] GC(131) Pause Young (Normal) (G1 Evacuation Pause) 3599M->1903M(4796M) 1.648ms
[29.143s][info][safepoint] Safepoint "G1CollectForAllocation", Time since last: 556511095 ns, Reaching safepoint: 177103 ns, At safepoint: 1970149 ns, Total: 2147252 ns
[29.842s][info][gc       ] GC(132) Pause Young (Normal) (G1 Evacuation Pause) 4087M->1903M(4796M) 1.714ms
[29.842s][info][safepoint] Safepoint "G1CollectForAllocation", Time since last: 696796214 ns, Reaching safepoint: 193486 ns, At safepoint: 2046310 ns, Total: 2239796 ns
[30.547s][info][gc       ] GC(133) Pause Young (Concurrent Start) (G1 Evacuation Pause) 4123M->1903M(4796M) 2.596ms
[30.548s][info][gc       ] GC(134) Concurrent Mark Cycle
[30.548s][info][safepoint] Safepoint "G1CollectForAllocation", Time since last: 702251001 ns, Reaching safepoint: 180811 ns, At safepoint: 3150166 ns, Total: 3330977 ns
[30.963s][info][gc       ] GC(134) Pause Remark 2645M->2645M(4796M) 1.651ms
[30.964s][info][safepoint] Safepoint "G1Concurrent", Time since last: 413483073 ns, Reaching safepoint: 324545 ns, At safepoint: 2107328 ns, Total: 2431873 ns
[31.141s][info][gc       ] GC(134) Pause Cleanup 3145M->3145M(4796M) 0.284ms
[31.141s][info][safepoint] Safepoint "G1Concurrent", Time since last: 176853586 ns, Reaching safepoint: 233151 ns, At safepoint: 882735 ns, Total: 1115886 ns
[31.145s][info][gc       ] GC(134) Concurrent Mark Cycle 597.431ms
[31.401s][info][gc       ] GC(135) Pause Young (Prepare Mixed) (G1 Evacuation Pause) 3939M->1903M(4796M) 1.728ms
[31.401s][info][safepoint] Safepoint "G1CollectForAllocation", Time since last: 257161160 ns, Reaching safepoint: 181090 ns, At safepoint: 2239915 ns, Total: 2421005 ns
[31.480s][info][gc       ] GC(136) Pause Young (Mixed) (G1 Evacuation Pause) 2135M->1886M(4796M) 3.699ms
[31.480s][info][safepoint] Safepoint "G1CollectForAllocation", Time since last: 74672495 ns, Reaching safepoint: 181630 ns, At safepoint: 4135916 ns, Total: 4317546 ns
[32.214s][info][gc       ] GC(137) Pause Young (Normal) (G1 Evacuation Pause) 4178M->1886M(4796M) 2.197ms
[32.214s][info][safepoint] Safepoint "G1CollectForAllocation", Time since last: 731376639 ns, Reaching safepoint: 164896 ns, At safepoint: 2640648 ns, Total: 2805544 ns
[32.941s][info][gc       ] GC(138) Pause Young (Normal) (G1 Evacuation Pause) 4198M->1886M(4796M) 2.067ms
[32.941s][info][safepoint] Safepoint "G1CollectForAllocation", Time since last: 724260883 ns, Reaching safepoint: 187183 ns, At safepoint: 2473252 ns, Total: 2660435 ns
[33.698s][info][gc       ] GC(139) Pause Young (Concurrent Start) (G1 Evacuation Pause) 4218M->1886M(4796M) 1.631ms
[33.698s][info][gc       ] GC(140) Concurrent Mark Cycle
[33.698s][info][safepoint] Safepoint "G1CollectForAllocation", Time since last: 755073137 ns, Reaching safepoint: 245603 ns, At safepoint: 1933110 ns, Total: 2178713 ns
[34.116s][info][gc       ] GC(140) Pause Remark 2810M->2810M(4796M) 1.814ms
[34.116s][info][safepoint] Safepoint "G1Concurrent", Time since last: 415046197 ns, Reaching safepoint: 292378 ns, At safepoint: 2332684 ns, Total: 2625062 ns
[34.298s][info][gc       ] GC(140) Pause Cleanup 3308M->3308M(4796M) 0.271ms
[34.299s][info][safepoint] Safepoint "G1Concurrent", Time since last: 181674234 ns, Reaching safepoint: 250150 ns, At safepoint: 707274 ns, Total: 957424 ns
[34.302s][info][gc       ] GC(140) Concurrent Mark Cycle 603.504ms
[34.601s][info][gc       ] GC(141) Pause Young (Prepare Mixed) (G1 Evacuation Pause) 4230M->1886M(4796M) 1.771ms
[34.601s][info][safepoint] Safepoint "G1CollectForAllocation", Time since last: 299944556 ns, Reaching safepoint: 186555 ns, At safepoint: 2236906 ns, Total: 2423461 ns
[34.681s][info][gc       ] GC(142) Pause Young (Mixed) (G1 Evacuation Pause) 2118M->1872M(4796M) 4.195ms
[34.681s][info][safepoint] Safepoint "G1CollectForAllocation", Time since last: 75503363 ns, Reaching safepoint: 210711 ns, At safepoint: 4669699 ns, Total: 4880410 ns
[35.792s][info][gc       ] GC(143) Pause Young (Normal) (G1 Evacuation Pause) 4352M->2995M(5372M) 528.804ms
[35.792s][info][safepoint] Safepoint "G1CollectForAllocation", Time since last: 581276168 ns, Reaching safepoint: 208594 ns, At safepoint: 529159737 ns, Total: 529368331 ns
[35.914s][info][gc       ] GC(144) Pause Young (Normal) (G1 Evacuation Pause) 3159M->3165M(5372M) 99.085ms
[35.915s][info][safepoint] Safepoint "G1CollectForAllocation", Time since last: 22959850 ns, Reaching safepoint: 130577 ns, At safepoint: 99352568 ns, Total: 99483145 ns
[35.989s][info][gc       ] GC(145) Pause Young (Normal) (G1 Evacuation Pause) 3373M->3387M(5372M) 42.244ms
[35.989s][info][safepoint] Safepoint "G1CollectForAllocation", Time since last: 31586954 ns, Reaching safepoint: 163881 ns, At safepoint: 42484581 ns, Total: 42648462 ns
[36.027s][info][gc       ] GC(146) Pause Young (Concurrent Start) (G1 Humongous Allocation) 3493M->3507M(5372M) 22.443ms
[36.027s][info][safepoint] Safepoint "G1TryInitiateConcMark", Time since last: 15675936 ns, Reaching safepoint: 205001 ns, At safepoint: 22712817 ns, Total: 22917818 ns
[36.027s][info][gc       ] GC(147) Concurrent Mark Cycle
[36.367s][info][gc       ] GC(148) Pause Young (Normal) (G1 Evacuation Pause) 3795M->3809M(5768M) 100.242ms
[36.367s][info][safepoint] Safepoint "G1CollectForAllocation", Time since last: 238829810 ns, Reaching safepoint: 363653 ns, At safepoint: 100711604 ns, Total: 101075257 ns
[36.633s][info][gc       ] GC(147) Pause Remark 4041M->2113M(5768M) 1.360ms
[36.633s][info][safepoint] Safepoint "G1Concurrent", Time since last: 263706258 ns, Reaching safepoint: 691411 ns, At safepoint: 1601561 ns, Total: 2292972 ns
[36.702s][info][gc       ] GC(149) Pause Young (Normal) (G1 Evacuation Pause) 2133M->1937M(5768M) 56.779ms
[36.702s][info][safepoint] Safepoint "G1CollectForAllocation", Time since last: 11819730 ns, Reaching safepoint: 227801 ns, At safepoint: 57115961 ns, Total: 57343762 ns
[36.848s][info][gc       ] GC(150) Pause Young (Normal) (G1 Evacuation Pause) 2189M->1949M(5768M) 23.179ms
[36.849s][info][safepoint] Safepoint "G1CollectForAllocation", Time since last: 122503354 ns, Reaching safepoint: 275066 ns, At safepoint: 23550516 ns, Total: 23825582 ns
[36.951s][info][gc       ] GC(147) Pause Cleanup 2205M->2205M(5768M) 0.335ms
[36.951s][info][safepoint] Safepoint "G1Concurrent", Time since last: 101159065 ns, Reaching safepoint: 269594 ns, At safepoint: 652133 ns, Total: 921727 ns
[36.956s][info][gc       ] GC(147) Concurrent Mark Cycle 928.920ms
[36.965s][info][gc       ] GC(151) Pause Young (Prepare Mixed) (G1 Evacuation Pause) 2233M->1949M(5768M) 1.936ms
[36.965s][info][safepoint] Safepoint "G1CollectForAllocation", Time since last: 11628907 ns, Reaching safepoint: 183022 ns, At safepoint: 2148933 ns, Total: 2331955 ns
[37.060s][info][gc       ] GC(152) Pause Young (Mixed) (G1 Evacuation Pause) 2233M->1945M(5768M) 1.766ms
[37.061s][info][safepoint] Safepoint "G1CollectForAllocation", Time since last: 93311938 ns, Reaching safepoint: 238117 ns, At safepoint: 2186286 ns, Total: 2424403 ns
[37.157s][info][gc       ] GC(153) Pause Young (Normal) (G1 Evacuation Pause) 2229M->1945M(5768M) 2.155ms
[37.158s][info][safepoint] Safepoint "G1CollectForAllocation", Time since last: 94474678 ns, Reaching safepoint: 222635 ns, At safepoint: 2514271 ns, Total: 2736906 ns
[37.252s][info][gc       ] GC(154) Pause Young (Normal) (G1 Evacuation Pause) 2229M->1945M(5768M) 1.663ms
[37.252s][info][safepoint] Safepoint "G1CollectForAllocation", Time since last: 92214260 ns, Reaching safepoint: 222164 ns, At safepoint: 1897273 ns, Total: 2119437 ns
[37.348s][info][gc       ] GC(155) Pause Young (Normal) (G1 Evacuation Pause) 2229M->1945M(5768M) 1.779ms
[37.348s][info][safepoint] Safepoint "G1CollectForAllocation", Time since last: 93818421 ns, Reaching safepoint: 303909 ns, At safepoint: 2182766 ns, Total: 2486675 ns
[37.443s][info][gc       ] GC(156) Pause Young (Normal) (G1 Evacuation Pause) 2229M->1945M(5768M) 1.853ms
[37.443s][info][safepoint] Safepoint "G1CollectForAllocation", Time since last: 92504235 ns, Reaching safepoint: 196599 ns, At safepoint: 2306851 ns, Total: 2503450 ns
[37.537s][info][gc       ] GC(157) Pause Young (Normal) (G1 Evacuation Pause) 2229M->1945M(5768M) 1.739ms
[37.537s][info][safepoint] Safepoint "G1CollectForAllocation", Time since last: 91689166 ns, Reaching safepoint: 146873 ns, At safepoint: 1998492 ns, Total: 2145365 ns
[37.631s][info][gc       ] GC(158) Pause Young (Normal) (G1 Evacuation Pause) 2229M->1945M(5768M) 1.981ms
[37.631s][info][safepoint] Safepoint "G1CollectForAllocation", Time since last: 91130222 ns, Reaching safepoint: 153050 ns, At safepoint: 2327191 ns, Total: 2480241 ns
[37.726s][info][gc       ] GC(159) Pause Young (Normal) (G1 Evacuation Pause) 2233M->1945M(5768M) 2.567ms
[37.727s][info][safepoint] Safepoint "G1CollectForAllocation", Time since last: 92815337 ns, Reaching safepoint: 182503 ns, At safepoint: 3027079 ns, Total: 3209582 ns
[37.884s][info][gc       ] GC(160) Pause Young (Normal) (G1 Evacuation Pause) 2353M->1945M(5768M) 1.943ms
[37.885s][info][safepoint] Safepoint "G1CollectForAllocation", Time since last: 155103418 ns, Reaching safepoint: 196302 ns, At safepoint: 2381860 ns, Total: 2578162 ns
[38.072s][info][gc       ] GC(161) Pause Young (Normal) (G1 Evacuation Pause) 2501M->1945M(5768M) 2.047ms
[38.072s][info][safepoint] Safepoint "G1CollectForAllocation", Time since last: 184792536 ns, Reaching safepoint: 192915 ns, At safepoint: 2623036 ns, Total: 2815951 ns
[38.336s][info][gc       ] GC(162) Pause Young (Normal) (G1 Evacuation Pause) 2753M->1945M(5768M) 1.820ms
[38.336s][info][safepoint] Safepoint "G1CollectForAllocation", Time since last: 261324754 ns, Reaching safepoint: 399044 ns, At safepoint: 2271281 ns, Total: 2670325 ns
[38.694s][info][gc       ] GC(163) Pause Young (Normal) (G1 Evacuation Pause) 2993M->1945M(5768M) 1.821ms
[38.694s][info][safepoint] Safepoint "G1CollectForAllocation", Time since last: 355470342 ns, Reaching safepoint: 223271 ns, At safepoint: 2135658 ns, Total: 2358929 ns
[38.862s][info][gc       ] GC(164) Pause Young (Normal) (G1 Evacuation Pause) 2437M->1945M(5768M) 1.958ms
[38.863s][info][safepoint] Safepoint "G1CollectForAllocation", Time since last: 166237428 ns, Reaching safepoint: 226430 ns, At safepoint: 2403806 ns, Total: 2630236 ns
[39.086s][info][gc       ] GC(165) Pause Young (Normal) (G1 Evacuation Pause) 2629M->1945M(5768M) 1.639ms
[39.087s][info][safepoint] Safepoint "G1CollectForAllocation", Time since last: 221625500 ns, Reaching safepoint: 207227 ns, At safepoint: 1943659 ns, Total: 2150886 ns
[39.391s][info][gc       ] GC(166) Pause Young (Normal) (G1 Evacuation Pause) 2877M->1945M(5768M) 1.816ms
[39.391s][info][safepoint] Safepoint "G1CollectForAllocation", Time since last: 302192914 ns, Reaching safepoint: 162146 ns, At safepoint: 2231764 ns, Total: 2393910 ns
[39.860s][info][gc       ] GC(167) Pause Young (Normal) (G1 Evacuation Pause) 3245M->1945M(5768M) 1.225ms
[39.861s][info][safepoint] Safepoint "G1CollectForAllocation", Time since last: 467861118 ns, Reaching safepoint: 180633 ns, At safepoint: 1481193 ns, Total: 1661826 ns
[40.490s][info][gc       ] GC(168) Pause Young (Normal) (G1 Evacuation Pause) 3709M->1945M(5768M) 2.051ms
[40.490s][info][safepoint] Safepoint "G1CollectForAllocation", Time since last: 626526473 ns, Reaching safepoint: 312924 ns, At safepoint: 2448509 ns, Total: 2761433 ns
[41.180s][info][gc       ] GC(169) Pause Young (Normal) (G1 Evacuation Pause) 3905M->1945M(5768M) 2.540ms
[41.181s][info][safepoint] Safepoint "G1CollectForAllocation", Time since last: 687521536 ns, Reaching safepoint: 180488 ns, At safepoint: 2885176 ns, Total: 3065664 ns
[42.106s][info][gc       ] GC(170) Pause Young (Concurrent Start) (G1 Evacuation Pause) 4777M->1945M(5768M) 2.618ms
[42.106s][info][gc       ] GC(171) Concurrent Mark Cycle
[42.106s][info][safepoint] Safepoint "G1CollectForAllocation", Time since last: 922228905 ns, Reaching safepoint: 204508 ns, At safepoint: 3041366 ns, Total: 3245874 ns
[42.566s][info][gc       ] GC(171) Pause Remark 3129M->3093M(5768M) 1.709ms
[42.567s][info][safepoint] Safepoint "G1Concurrent", Time since last: 458017836 ns, Reaching safepoint: 359075 ns, At safepoint: 2227862 ns, Total: 2586937 ns
[42.760s][info][gc       ] GC(171) Pause Cleanup 3629M->3629M(5768M) 0.261ms
[42.760s][info][safepoint] Safepoint "G1Concurrent", Time since last: 192557609 ns, Reaching safepoint: 257101 ns, At safepoint: 633414 ns, Total: 890515 ns
[42.764s][info][gc       ] GC(171) Concurrent Mark Cycle 658.019ms
[43.220s][info][gc       ] GC(172) Pause Young (Prepare Mixed) (G1 Evacuation Pause) 5057M->1909M(5768M) 2.554ms
[43.220s][info][safepoint] Safepoint "G1CollectForAllocation", Time since last: 456914378 ns, Reaching safepoint: 197671 ns, At safepoint: 2946004 ns, Total: 3143675 ns
[43.311s][info][gc       ] GC(173) Pause Young (Mixed) (G1 Evacuation Pause) 2193M->1890M(5768M) 2.469ms
[43.312s][info][safepoint] Safepoint "G1CollectForAllocation", Time since last: 88309663 ns, Reaching safepoint: 134585 ns, At safepoint: 2908228 ns, Total: 3042813 ns
[44.337s][info][gc       ] GC(174) Pause Young (Normal) (G1 Evacuation Pause) 5110M->1890M(5768M) 1.854ms
[44.338s][info][safepoint] Safepoint "G1CollectForAllocation", Time since last: 1023618123 ns, Reaching safepoint: 234362 ns, At safepoint: 2389169 ns, Total: 2623531 ns
[45.339s][info][safepoint] Safepoint "Cleanup", Time since last: 1000413842 ns, Reaching safepoint: 282019 ns, At safepoint: 22963 ns, Total: 304982 ns
[45.413s][info][gc       ] GC(175) Pause Young (Normal) (G1 Evacuation Pause) 5118M->1890M(5768M) 2.081ms
[45.413s][info][safepoint] Safepoint "G1CollectForAllocation", Time since last: 72134739 ns, Reaching safepoint: 231785 ns, At safepoint: 2346810 ns, Total: 2578595 ns
[46.474s][info][gc       ] GC(176) Pause Young (Concurrent Start) (G1 Evacuation Pause) 5130M->1890M(5768M) 2.071ms
[46.474s][info][safepoint] Safepoint "G1CollectForAllocation", Time since last: 1058393346 ns, Reaching safepoint: 186344 ns, At safepoint: 2580236 ns, Total: 2766580 ns
[46.474s][info][gc       ] GC(177) Concurrent Mark Cycle
[46.851s][info][gc       ] GC(177) Pause Remark 2882M->2882M(5768M) 1.503ms
[46.852s][info][safepoint] Safepoint "G1Concurrent", Time since last: 374925513 ns, Reaching safepoint: 294991 ns, At safepoint: 1957577 ns, Total: 2252568 ns
[47.031s][info][gc       ] GC(177) Pause Cleanup 3384M->3384M(5768M) 0.281ms
[47.031s][info][safepoint] Safepoint "G1Concurrent", Time since last: 178783243 ns, Reaching safepoint: 282049 ns, At safepoint: 639977 ns, Total: 922026 ns
[47.035s][info][gc       ] GC(177) Concurrent Mark Cycle 560.688ms
[47.910s][info][gc       ] GC(178) To-space exhausted
[47.910s][info][gc       ] GC(178) Pause Young (Prepare Mixed) (G1 Evacuation Pause) 5250M->3291M(6360M) 528.416ms
[47.910s][info][safepoint] Safepoint "G1CollectForAllocation", Time since last: 350140890 ns, Reaching safepoint: 174812 ns, At safepoint: 528570169 ns, Total: 528744981 ns
[48.022s][info][gc       ] GC(179) Pause Young (Mixed) (G1 Evacuation Pause) 3295M->3289M(6360M) 107.035ms
[48.022s][info][safepoint] Safepoint "G1CollectForAllocation", Time since last: 4147795 ns, Reaching safepoint: 196880 ns, At safepoint: 107310073 ns, Total: 107506953 ns
[48.136s][info][gc       ] GC(180) Pause Young (Normal) (G1 Evacuation Pause) 3681M->3691M(6360M) 57.867ms
[48.137s][info][safepoint] Safepoint "G1CollectForAllocation", Time since last: 56612611 ns, Reaching safepoint: 181240 ns, At safepoint: 58124521 ns, Total: 58305761 ns
[48.536s][info][gc       ] GC(181) Pause Young (Normal) (G1 Evacuation Pause) 3963M->3867M(6360M) 102.612ms
[48.536s][info][safepoint] Safepoint "G1CollectForAllocation", Time since last: 296000380 ns, Reaching safepoint: 207357 ns, At safepoint: 102905874 ns, Total: 103113231 ns
[48.681s][info][gc       ] GC(182) Pause Young (Concurrent Start) (G1 Evacuation Pause) 4143M->3881M(6360M) 26.220ms
[48.681s][info][safepoint] Safepoint "G1CollectForAllocation", Time since last: 118494892 ns, Reaching safepoint: 303006 ns, At safepoint: 26700678 ns, Total: 27003684 ns
[48.681s][info][gc       ] GC(183) Concurrent Mark Cycle
[48.800s][info][gc       ] GC(184) Pause Young (Normal) (G1 Evacuation Pause) 4193M->3880M(6360M) 1.620ms
[48.801s][info][safepoint] Safepoint "G1CollectForAllocation", Time since last: 116633013 ns, Reaching safepoint: 527677 ns, At safepoint: 2044222 ns, Total: 2571899 ns
[48.917s][info][gc       ] GC(185) Pause Young (Normal) (G1 Evacuation Pause) 4192M->3880M(6360M) 1.483ms
[48.917s][info][safepoint] Safepoint "G1CollectForAllocation", Time since last: 114476989 ns, Reaching safepoint: 357614 ns, At safepoint: 1791874 ns, Total: 2149488 ns
[49.035s][info][gc       ] GC(186) Pause Young (Normal) (G1 Evacuation Pause) 4192M->3880M(6360M) 1.543ms
[49.035s][info][safepoint] Safepoint "G1CollectForAllocation", Time since last: 116030114 ns, Reaching safepoint: 310887 ns, At safepoint: 1840277 ns, Total: 2151164 ns
[49.064s][info][gc       ] GC(183) Pause Remark 3950M->1974M(6360M) 1.975ms
[49.064s][info][safepoint] Safepoint "G1Concurrent", Time since last: 26008881 ns, Reaching safepoint: 258825 ns, At safepoint: 2449969 ns, Total: 2708794 ns
[49.153s][info][gc       ] GC(187) Pause Young (Normal) (G1 Evacuation Pause) 2216M->1903M(6360M) 1.511ms
[49.153s][info][safepoint] Safepoint "G1CollectForAllocation", Time since last: 86716819 ns, Reaching safepoint: 277941 ns, At safepoint: 1819362 ns, Total: 2097303 ns
[49.267s][info][gc       ] GC(183) Pause Cleanup 2195M->2195M(6360M) 0.328ms
[49.268s][info][safepoint] Safepoint "G1Concurrent", Time since last: 113745600 ns, Reaching safepoint: 252627 ns, At safepoint: 664575 ns, Total: 917202 ns
[49.272s][info][gc       ] GC(183) Concurrent Mark Cycle 590.471ms
[49.278s][info][gc       ] GC(188) Pause Young (Prepare Mixed) (G1 Evacuation Pause) 2215M->1903M(6360M) 1.467ms
[49.278s][info][safepoint] Safepoint "G1CollectForAllocation", Time since last: 8673403 ns, Reaching safepoint: 161517 ns, At safepoint: 1605587 ns, Total: 1767104 ns
[49.387s][info][gc       ] GC(189) Pause Young (Mixed) (G1 Evacuation Pause) 2215M->1900M(6360M) 2.068ms
[49.387s][info][safepoint] Safepoint "G1CollectForAllocation", Time since last: 106338478 ns, Reaching safepoint: 200531 ns, At safepoint: 2459559 ns, Total: 2660090 ns
[49.494s][info][gc       ] GC(190) Pause Young (Mixed) (G1 Evacuation Pause) 2212M->1896M(6360M) 1.682ms
[49.495s][info][safepoint] Safepoint "G1CollectForAllocation", Time since last: 105456811 ns, Reaching safepoint: 168505 ns, At safepoint: 2161066 ns, Total: 2329571 ns
[49.603s][info][gc       ] GC(191) Pause Young (Mixed) (G1 Evacuation Pause) 2208M->1892M(6360M) 2.306ms
[49.603s][info][safepoint] Safepoint "G1CollectForAllocation", Time since last: 105299403 ns, Reaching safepoint: 297918 ns, At safepoint: 2643173 ns, Total: 2941091 ns
[49.710s][info][gc       ] GC(192) Pause Young (Mixed) (G1 Evacuation Pause) 2204M->1888M(6360M) 2.300ms
[49.711s][info][safepoint] Safepoint "G1CollectForAllocation", Time since last: 104832940 ns, Reaching safepoint: 181359 ns, At safepoint: 2551281 ns, Total: 2732640 ns
[49.909s][info][gc       ] GC(193) Pause Young (Normal) (G1 Evacuation Pause) 2496M->1888M(6360M) 2.474ms
[49.910s][info][safepoint] Safepoint "G1CollectForAllocation", Time since last: 196059821 ns, Reaching safepoint: 171826 ns, At safepoint: 2926654 ns, Total: 3098480 ns
[50.034s][info][gc       ] GC(194) Pause Young (Normal) (G1 Evacuation Pause) 2268M->1888M(6360M) 1.858ms
[50.034s][info][safepoint] Safepoint "G1CollectForAllocation", Time since last: 121974541 ns, Reaching safepoint: 173393 ns, At safepoint: 2305994 ns, Total: 2479387 ns
[50.166s][info][gc       ] GC(195) Pause Young (Normal) (G1 Evacuation Pause) 2292M->1888M(6360M) 1.487ms
[50.166s][info][safepoint] Safepoint "G1CollectForAllocation", Time since last: 130167869 ns, Reaching safepoint: 168711 ns, At safepoint: 1749511 ns, Total: 1918222 ns
[50.301s][info][gc       ] GC(196) Pause Young (Normal) (G1 Evacuation Pause) 2284M->1888M(6360M) 1.804ms
[50.301s][info][safepoint] Safepoint "G1CollectForAllocation", Time since last: 132711172 ns, Reaching safepoint: 149258 ns, At safepoint: 2192656 ns, Total: 2341914 ns
[50.460s][info][gc       ] GC(197) Pause Young (Normal) (G1 Evacuation Pause) 2360M->1888M(6360M) 1.786ms
[50.460s][info][safepoint] Safepoint "G1CollectForAllocation", Time since last: 156565104 ns, Reaching safepoint: 163888 ns, At safepoint: 2263084 ns, Total: 2426972 ns
[50.664s][info][gc       ] GC(198) Pause Young (Normal) (G1 Evacuation Pause) 2500M->1888M(6360M) 1.929ms
[50.665s][info][safepoint] Safepoint "G1CollectForAllocation", Time since last: 202019218 ns, Reaching safepoint: 184824 ns, At safepoint: 2308052 ns, Total: 2492876 ns
[50.930s][info][gc       ] GC(199) Pause Young (Normal) (G1 Evacuation Pause) 2700M->1888M(6360M) 1.878ms
[50.930s][info][safepoint] Safepoint "G1CollectForAllocation", Time since last: 262799837 ns, Reaching safepoint: 162217 ns, At safepoint: 2284415 ns, Total: 2446632 ns
[51.218s][info][gc       ] GC(200) Pause Young (Normal) (G1 Evacuation Pause) 2764M->1888M(6360M) 3.012ms
[51.218s][info][safepoint] Safepoint "G1CollectForAllocation", Time since last: 284723288 ns, Reaching safepoint: 167653 ns, At safepoint: 3382991 ns, Total: 3550644 ns
[51.570s][info][gc       ] GC(201) Pause Young (Normal) (G1 Evacuation Pause) 2940M->1888M(6360M) 2.459ms
[51.570s][info][safepoint] Safepoint "G1CollectForAllocation", Time since last: 348528866 ns, Reaching safepoint: 159892 ns, At safepoint: 2926353 ns, Total: 3086245 ns
[51.961s][info][gc       ] GC(202) Pause Young (Normal) (G1 Evacuation Pause) 3084M->1888M(6360M) 1.546ms
[51.962s][info][safepoint] Safepoint "G1CollectForAllocation", Time since last: 389447122 ns, Reaching safepoint: 317578 ns, At safepoint: 1911375 ns, Total: 2228953 ns
[52.508s][info][gc       ] GC(203) Pause Young (Normal) (G1 Evacuation Pause) 3564M->1888M(6360M) 2.407ms
[52.508s][info][safepoint] Safepoint "G1CollectForAllocation", Time since last: 543455679 ns, Reaching safepoint: 182128 ns, At safepoint: 2910375 ns, Total: 3092503 ns
[53.099s][info][gc       ] GC(204) Pause Young (Normal) (G1 Evacuation Pause) 3668M->1888M(6360M) 2.406ms
[53.100s][info][safepoint] Safepoint "G1CollectForAllocation", Time since last: 588680644 ns, Reaching safepoint: 188611 ns, At safepoint: 2798532 ns, Total: 2987143 ns
[53.924s][info][gc       ] GC(205) Pause Young (Normal) (G1 Evacuation Pause) 4396M->1888M(6360M) 1.919ms
[53.924s][info][safepoint] Safepoint "G1CollectForAllocation", Time since last: 821619383 ns, Reaching safepoint: 219541 ns, At safepoint: 2203705 ns, Total: 2423246 ns
[55.062s][info][gc       ] GC(206) Pause Young (Normal) (G1 Evacuation Pause) 5396M->1888M(6360M) 2.240ms
[55.062s][info][safepoint] Safepoint "G1CollectForAllocation", Time since last: 1135657375 ns, Reaching safepoint: 191512 ns, At safepoint: 2589659 ns, Total: 2781171 ns
[56.239s][info][gc       ] GC(207) Pause Young (Concurrent Start) (G1 Evacuation Pause) 5564M->1888M(6360M) 2.231ms
[56.239s][info][safepoint] Safepoint "G1CollectForAllocation", Time since last: 1173817011 ns, Reaching safepoint: 192832 ns, At safepoint: 2680469 ns, Total: 2873301 ns
[56.239s][info][gc       ] GC(208) Concurrent Mark Cycle
[56.638s][info][gc       ] GC(208) Pause Remark 2964M->2964M(6360M) 1.743ms
[56.639s][info][safepoint] Safepoint "G1Concurrent", Time since last: 397251422 ns, Reaching safepoint: 386699 ns, At safepoint: 2241910 ns, Total: 2628609 ns
[56.859s][info][gc       ] GC(208) Pause Cleanup 3570M->3570M(6360M) 0.404ms
[56.859s][info][safepoint] Safepoint "G1Concurrent", Time since last: 218998095 ns, Reaching safepoint: 398021 ns, At safepoint: 843964 ns, Total: 1241985 ns
[56.863s][info][gc       ] GC(208) Concurrent Mark Cycle 624.390ms
[57.500s][info][gc       ] GC(209) Pause Young (Prepare Mixed) (G1 Evacuation Pause) 5588M->1888M(6360M) 1.808ms
[57.501s][info][safepoint] Safepoint "G1CollectForAllocation", Time since last: 639260742 ns, Reaching safepoint: 182292 ns, At safepoint: 2333194 ns, Total: 2515486 ns
[57.604s][info][gc       ] GC(210) Pause Young (Mixed) (G1 Evacuation Pause) 2200M->1876M(6360M) 2.771ms
[57.604s][info][safepoint] Safepoint "G1CollectForAllocation", Time since last: 99665868 ns, Reaching safepoint: 153106 ns, At safepoint: 3202847 ns, Total: 3355953 ns
[58.792s][info][gc       ] GC(211) Pause Young (Normal) (G1 Evacuation Pause) 5612M->1876M(6360M) 3.130ms
[58.793s][info][safepoint] Safepoint "G1CollectForAllocation", Time since last: 1184798040 ns, Reaching safepoint: 187963 ns, At safepoint: 3637876 ns, Total: 3825839 ns
[58.818s][info][gc       ] GC(212) Pause Young (Concurrent Start) (G1 Humongous Allocation) 1968M->1936M(6360M) 9.036ms
[58.818s][info][safepoint] Safepoint "G1TryInitiateConcMark", Time since last: 16033851 ns, Reaching safepoint: 164561 ns, At safepoint: 9554433 ns, Total: 9718994 ns
[58.818s][info][gc       ] GC(213) Concurrent Mark Cycle
[58.829s][info][gc       ] GC(213) Pause Remark 1992M->128M(456M) 1.835ms
[58.829s][info][safepoint] Safepoint "G1Concurrent", Time since last: 8218764 ns, Reaching safepoint: 328602 ns, At safepoint: 2342081 ns, Total: 2670683 ns
[58.832s][info][gc       ] GC(213) Pause Cleanup 148M->148M(456M) 0.170ms
[58.832s][info][safepoint] Safepoint "G1Concurrent", Time since last: 2488858 ns, Reaching safepoint: 363853 ns, At safepoint: 382642 ns, Total: 746495 ns
[58.833s][info][gc       ] GC(213) Concurrent Mark Cycle 14.401ms
[58.855s][info][gc       ] GC(214) Pause Young (Concurrent Start) (G1 Humongous Allocation) 154M->153M(456M) 21.641ms
[58.855s][info][safepoint] Safepoint "G1TryInitiateConcMark", Time since last: 798161 ns, Reaching safepoint: 124541 ns, At safepoint: 22067701 ns, Total: 22192242 ns
[58.855s][info][gc       ] GC(215) Concurrent Mark Cycle
[58.867s][info][gc       ] GC(215) Pause Remark 221M->217M(456M) 1.227ms
[58.868s][info][safepoint] Safepoint "G1Concurrent", Time since last: 10300363 ns, Reaching safepoint: 364190 ns, At safepoint: 1589451 ns, Total: 1953641 ns
[58.872s][info][gc       ] GC(215) Pause Cleanup 245M->245M(456M) 0.158ms
[58.872s][info][safepoint] Safepoint "G1Concurrent", Time since last: 3712064 ns, Reaching safepoint: 437451 ns, At safepoint: 433167 ns, Total: 870618 ns
[58.873s][info][gc       ] GC(215) Concurrent Mark Cycle 17.310ms
[58.923s][info][gc       ] GC(216) Pause Young (Normal) (G1 Evacuation Pause) 265M->266M(508M) 47.896ms
[58.924s][info][safepoint] Safepoint "G1CollectForAllocation", Time since last: 3159442 ns, Reaching safepoint: 121584 ns, At safepoint: 48172915 ns, Total: 48294499 ns
[58.947s][info][gc       ] GC(217) Pause Young (Concurrent Start) (G1 Evacuation Pause) 326M->339M(508M) 15.162ms
[58.948s][info][safepoint] Safepoint "G1CollectForAllocation", Time since last: 8358036 ns, Reaching safepoint: 114753 ns, At safepoint: 15519085 ns, Total: 15633838 ns
[58.948s][info][gc       ] GC(218) Concurrent Mark Cycle
[58.965s][info][gc       ] GC(219) Pause Young (Normal) (G1 Evacuation Pause) 383M->391M(1524M) 9.542ms
[58.965s][info][safepoint] Safepoint "G1CollectForAllocation", Time since last: 7444487 ns, Reaching safepoint: 194347 ns, At safepoint: 9899592 ns, Total: 10093939 ns
[58.986s][info][gc       ] GC(218) Pause Remark 395M->383M(1296M) 20.310ms
[58.987s][info][safepoint] Safepoint "G1Concurrent", Time since last: 410917 ns, Reaching safepoint: 183750 ns, At safepoint: 20670208 ns, Total: 20853958 ns
[59.054s][info][gc       ] GC(220) Pause Young (Normal) (G1 Evacuation Pause) 595M->599M(1296M) 34.818ms
[59.055s][info][safepoint] Safepoint "G1CollectForAllocation", Time since last: 32491967 ns, Reaching safepoint: 330398 ns, At safepoint: 35368109 ns, Total: 35698507 ns
[59.062s][info][gc       ] GC(218) Pause Cleanup 643M->643M(1296M) 0.157ms
[59.062s][info][safepoint] Safepoint "G1Concurrent", Time since last: 6462702 ns, Reaching safepoint: 288640 ns, At safepoint: 457814 ns, Total: 746454 ns
[59.063s][info][gc       ] GC(218) Concurrent Mark Cycle 115.413ms
[59.102s][info][gc       ] GC(221) Pause Young (Concurrent Start) (G1 Humongous Allocation) 735M->749M(1296M) 26.972ms
[59.103s][info][safepoint] Safepoint "G1TryInitiateConcMark", Time since last: 13423495 ns, Reaching safepoint: 155817 ns, At safepoint: 27367766 ns, Total: 27523583 ns
[59.103s][info][gc       ] GC(222) Concurrent Mark Cycle
[59.153s][info][gc       ] GC(223) Pause Young (Normal) (G1 Evacuation Pause) 897M->911M(1296M) 24.806ms
[59.153s][info][safepoint] Safepoint "G1CollectForAllocation", Time since last: 24607719 ns, Reaching safepoint: 321361 ns, At safepoint: 25169659 ns, Total: 25491020 ns
[59.180s][info][gc       ] GC(224) Pause Young (Normal) (G1 Evacuation Pause) 983M->997M(1296M) 15.257ms
[59.180s][info][safepoint] Safepoint "G1CollectForAllocation", Time since last: 11506559 ns, Reaching safepoint: 216773 ns, At safepoint: 15787111 ns, Total: 16003884 ns
[59.203s][info][gc       ] GC(225) Pause Young (Normal) (G1 Evacuation Pause) 1049M->1059M(3324M) 13.998ms
[59.203s][info][safepoint] Safepoint "G1CollectForAllocation", Time since last: 7882285 ns, Reaching safepoint: 258809 ns, At safepoint: 14445901 ns, Total: 14704710 ns
[59.346s][info][gc       ] GC(226) Pause Young (Normal) (G1 Evacuation Pause) 1523M->1527M(3324M) 70.902ms
[59.346s][info][safepoint] Safepoint "G1CollectForAllocation", Time since last: 71752332 ns, Reaching safepoint: 202275 ns, At safepoint: 71427141 ns, Total: 71629416 ns
[59.357s][info][gc       ] GC(222) Pause Remark 1591M->1571M(3324M) 0.932ms
[59.358s][info][safepoint] Safepoint "G1Concurrent", Time since last: 9775520 ns, Reaching safepoint: 235965 ns, At safepoint: 1145208 ns, Total: 1381173 ns
[59.613s][info][gc       ] GC(222) Pause Cleanup 1965M->1965M(3324M) 0.182ms
[59.613s][info][safepoint] Safepoint "G1Concurrent", Time since last: 254689088 ns, Reaching safepoint: 248877 ns, At safepoint: 471263 ns, Total: 720140 ns
[59.616s][info][gc       ] GC(222) Concurrent Mark Cycle 512.852ms
[59.779s][info][gc       ] GC(227) Pause Young (Prepare Mixed) (G1 Evacuation Pause) 2015M->1969M(3324M) 134.939ms
[59.779s][info][safepoint] Safepoint "G1CollectForAllocation", Time since last: 30482846 ns, Reaching safepoint: 134443 ns, At safepoint: 135252496 ns, Total: 135386939 ns
[59.866s][info][gc       ] GC(228) Pause Young (Mixed) (G1 Evacuation Pause) 2069M->1982M(3324M) 37.595ms
[59.867s][info][safepoint] Safepoint "G1CollectForAllocation", Time since last: 49602286 ns, Reaching safepoint: 181211 ns, At safepoint: 38050275 ns, Total: 38231486 ns
[59.930s][info][gc       ] GC(229) Pause Young (Concurrent Start) (G1 Evacuation Pause) 2142M->1982M(3324M) 1.874ms
[59.930s][info][gc       ] GC(230) Concurrent Mark Cycle
[59.930s][info][safepoint] Safepoint "G1CollectForAllocation", Time since last: 61036070 ns, Reaching safepoint: 152420 ns, At safepoint: 2202173 ns, Total: 2354593 ns
[59.992s][info][gc       ] GC(231) Pause Young (Normal) (G1 Evacuation Pause) 2142M->1982M(3324M) 1.387ms
[59.992s][info][safepoint] Safepoint "G1CollectForAllocation", Time since last: 59995706 ns, Reaching safepoint: 291119 ns, At safepoint: 1696522 ns, Total: 1987641 ns
[60.055s][info][gc       ] GC(232) Pause Young (Normal) (G1 Evacuation Pause) 2142M->1981M(3324M) 1.599ms
[60.056s][info][safepoint] Safepoint "G1CollectForAllocation", Time since last: 61347030 ns, Reaching safepoint: 316523 ns, At safepoint: 2107323 ns, Total: 2423846 ns
[60.117s][info][gc       ] GC(233) Pause Young (Normal) (G1 Evacuation Pause) 2141M->1981M(3324M) 1.557ms
[60.118s][info][safepoint] Safepoint "G1CollectForAllocation", Time since last: 59694494 ns, Reaching safepoint: 240442 ns, At safepoint: 1811589 ns, Total: 2052031 ns
[60.180s][info][gc       ] GC(234) Pause Young (Normal) (G1 Evacuation Pause) 2141M->1981M(3324M) 1.633ms
[60.180s][info][safepoint] Safepoint "G1CollectForAllocation", Time since last: 60279520 ns, Reaching safepoint: 315441 ns, At safepoint: 2174089 ns, Total: 2489530 ns
[60.249s][info][gc       ] GC(235) Pause Young (Normal) (G1 Evacuation Pause) 2141M->1981M(3324M) 1.287ms
[60.249s][info][safepoint] Safepoint "G1CollectForAllocation", Time since last: 66898881 ns, Reaching safepoint: 368339 ns, At safepoint: 1633436 ns, Total: 2001775 ns
[60.318s][info][gc       ] GC(236) Pause Young (Normal) (G1 Evacuation Pause) 2141M->1981M(3324M) 1.655ms
[60.319s][info][safepoint] Safepoint "G1CollectForAllocation", Time since last: 66862593 ns, Reaching safepoint: 370580 ns, At safepoint: 2397178 ns, Total: 2767758 ns
[60.337s][info][gc       ] GC(230) Pause Remark 2023M->1947M(3324M) 1.146ms
[60.337s][info][safepoint] Safepoint "G1Concurrent", Time since last: 16965160 ns, Reaching safepoint: 281612 ns, At safepoint: 1346267 ns, Total: 1627879 ns
[60.389s][info][gc       ] GC(237) Pause Young (Normal) (G1 Evacuation Pause) 2069M->1905M(4176M) 2.235ms
[60.389s][info][safepoint] Safepoint "G1CollectForAllocation", Time since last: 48659306 ns, Reaching safepoint: 223474 ns, At safepoint: 2927381 ns, Total: 3150855 ns
[60.476s][info][gc       ] GC(238) Pause Young (Normal) (G1 Evacuation Pause) 2109M->1905M(4176M) 1.761ms
[60.476s][info][safepoint] Safepoint "G1CollectForAllocation", Time since last: 84251786 ns, Reaching safepoint: 404404 ns, At safepoint: 2216835 ns, Total: 2621239 ns
[60.554s][info][gc       ] GC(239) Pause Young (Normal) (G1 Evacuation Pause) 2113M->1905M(4176M) 1.581ms
[60.554s][info][safepoint] Safepoint "G1CollectForAllocation", Time since last: 75349159 ns, Reaching safepoint: 455704 ns, At safepoint: 2018421 ns, Total: 2474125 ns
[60.571s][info][gc       ] GC(230) Pause Cleanup 1951M->1951M(4176M) 0.388ms
[60.571s][info][safepoint] Safepoint "G1Concurrent", Time since last: 16063062 ns, Reaching safepoint: 279220 ns, At safepoint: 789074 ns, Total: 1068294 ns
[60.575s][info][gc       ] GC(230) Concurrent Mark Cycle 645.059ms
[60.635s][info][gc       ] GC(240) Pause Young (Prepare Mixed) (G1 Evacuation Pause) 2137M->1905M(4176M) 1.642ms
[60.636s][info][safepoint] Safepoint "G1CollectForAllocation", Time since last: 62519585 ns, Reaching safepoint: 169780 ns, At safepoint: 2067248 ns, Total: 2237028 ns
[60.707s][info][gc       ] GC(241) Pause Young (Mixed) (G1 Evacuation Pause) 2109M->1884M(4176M) 2.592ms
[60.707s][info][safepoint] Safepoint "G1CollectForAllocation", Time since last: 68431031 ns, Reaching safepoint: 163389 ns, At safepoint: 2984444 ns, Total: 3147833 ns
[60.888s][info][gc       ] GC(242) Pause Young (Concurrent Start) (G1 Evacuation Pause) 2424M->1884M(4176M) 2.008ms
[60.888s][info][safepoint] Safepoint "G1CollectForAllocation", Time since last: 178406993 ns, Reaching safepoint: 184675 ns, At safepoint: 2421068 ns, Total: 2605743 ns
[60.889s][info][gc       ] GC(243) Concurrent Mark Cycle
[61.004s][info][gc       ] GC(244) Pause Young (Normal) (G1 Evacuation Pause) 2180M->1884M(4176M) 1.887ms
[61.004s][info][safepoint] Safepoint "G1CollectForAllocation", Time since last: 113248874 ns, Reaching safepoint: 385390 ns, At safepoint: 2327678 ns, Total: 2713068 ns
[61.152s][info][gc       ] GC(245) Pause Young (Normal) (G1 Evacuation Pause) 2172M->1884M(4176M) 1.676ms
[61.153s][info][safepoint] Safepoint "G1CollectForAllocation", Time since last: 145804279 ns, Reaching safepoint: 317482 ns, At safepoint: 2040561 ns, Total: 2358043 ns
[61.276s][info][gc       ] GC(246) Pause Young (Normal) (G1 Evacuation Pause) 2204M->1884M(4176M) 1.935ms
[61.276s][info][safepoint] Safepoint "G1CollectForAllocation", Time since last: 121079541 ns, Reaching safepoint: 334613 ns, At safepoint: 2323248 ns, Total: 2657861 ns
[61.325s][info][gc       ] GC(243) Pause Remark 2012M->2012M(4176M) 1.465ms
[61.326s][info][safepoint] Safepoint "G1Concurrent", Time since last: 47325480 ns, Reaching safepoint: 289264 ns, At safepoint: 1972004 ns, Total: 2261268 ns
[61.409s][info][gc       ] GC(247) Pause Young (Normal) (G1 Evacuation Pause) 2232M->1884M(4176M) 1.700ms
[61.409s][info][safepoint] Safepoint "G1CollectForAllocation", Time since last: 80848212 ns, Reaching safepoint: 345987 ns, At safepoint: 2130509 ns, Total: 2476496 ns
[61.515s][info][gc       ] GC(243) Pause Cleanup 2126M->2126M(4176M) 0.258ms
[61.515s][info][safepoint] Safepoint "G1Concurrent", Time since last: 104816171 ns, Reaching safepoint: 286381 ns, At safepoint: 791156 ns, Total: 1077537 ns
[61.519s][info][gc       ] GC(243) Concurrent Mark Cycle 630.554ms
[61.565s][info][gc       ] GC(248) Pause Young (Prepare Mixed) (G1 Evacuation Pause) 2264M->1884M(4176M) 1.693ms
[61.565s][info][safepoint] Safepoint "G1CollectForAllocation", Time since last: 47745032 ns, Reaching safepoint: 148606 ns, At safepoint: 2071266 ns, Total: 2219872 ns
[61.632s][info][gc       ] GC(249) Pause Young (Mixed) (G1 Evacuation Pause) 2088M->1864M(4176M) 3.066ms
[61.632s][info][safepoint] Safepoint "G1CollectForAllocation", Time since last: 63657861 ns, Reaching safepoint: 176267 ns, At safepoint: 3336935 ns, Total: 3513202 ns
[61.911s][info][gc       ] GC(250) Pause Young (Normal) (G1 Evacuation Pause) 2676M->1864M(4176M) 1.496ms
[61.911s][info][safepoint] Safepoint "G1CollectForAllocation", Time since last: 276862741 ns, Reaching safepoint: 236968 ns, At safepoint: 1775509 ns, Total: 2012477 ns
[62.141s][info][gc       ] GC(251) Pause Young (Normal) (G1 Evacuation Pause) 2480M->1864M(4176M) 1.546ms
[62.141s][info][safepoint] Safepoint "G1CollectForAllocation", Time since last: 228108621 ns, Reaching safepoint: 210472 ns, At safepoint: 1827171 ns, Total: 2037643 ns
[62.430s][info][gc       ] GC(252) Pause Young (Concurrent Start) (G1 Evacuation Pause) 2640M->1864M(4176M) 1.524ms
[62.430s][info][gc       ] GC(253) Concurrent Mark Cycle
[62.430s][info][safepoint] Safepoint "G1CollectForAllocation", Time since last: 286451216 ns, Reaching safepoint: 199679 ns, At safepoint: 1794353 ns, Total: 1994032 ns
[62.665s][info][gc       ] GC(254) Pause Young (Normal) (G1 Evacuation Pause) 2452M->1864M(4176M) 1.660ms
[62.665s][info][safepoint] Safepoint "G1CollectForAllocation", Time since last: 233130834 ns, Reaching safepoint: 346731 ns, At safepoint: 2147844 ns, Total: 2494575 ns
[62.855s][info][gc       ] GC(253) Pause Remark 2328M->2328M(4176M) 1.141ms
[62.855s][info][safepoint] Safepoint "G1Concurrent", Time since last: 188204242 ns, Reaching safepoint: 243633 ns, At safepoint: 1505143 ns, Total: 1748776 ns
[62.939s][info][gc       ] GC(255) Pause Young (Normal) (G1 Evacuation Pause) 2528M->1864M(4176M) 1.544ms
[62.939s][info][safepoint] Safepoint "G1CollectForAllocation", Time since last: 81347618 ns, Reaching safepoint: 332109 ns, At safepoint: 1855781 ns, Total: 2187890 ns
[63.052s][info][gc       ] GC(253) Pause Cleanup 2140M->2140M(4176M) 0.284ms
[63.053s][info][safepoint] Safepoint "G1Concurrent", Time since last: 112911315 ns, Reaching safepoint: 237416 ns, At safepoint: 538307 ns, Total: 775723 ns
[63.055s][info][gc       ] GC(253) Concurrent Mark Cycle 625.727ms
[63.250s][info][gc       ] GC(256) Pause Young (Prepare Mixed) (G1 Evacuation Pause) 2648M->1864M(4176M) 1.782ms
[63.251s][info][safepoint] Safepoint "G1CollectForAllocation", Time since last: 195687974 ns, Reaching safepoint: 260140 ns, At safepoint: 2228129 ns, Total: 2488269 ns
[63.330s][info][gc       ] GC(257) Pause Young (Mixed) (G1 Evacuation Pause) 2068M->1850M(4176M) 4.116ms
[63.330s][info][safepoint] Safepoint "G1CollectForAllocation", Time since last: 74556577 ns, Reaching safepoint: 359082 ns, At safepoint: 4576045 ns, Total: 4935127 ns
[63.665s][info][gc       ] GC(258) Pause Young (Normal) (G1 Evacuation Pause) 2858M->1850M(4176M) 2.153ms
[63.665s][info][safepoint] Safepoint "G1CollectForAllocation", Time since last: 332417959 ns, Reaching safepoint: 200020 ns, At safepoint: 2622551 ns, Total: 2822571 ns
[64.025s][info][gc       ] GC(259) Pause Young (Normal) (G1 Evacuation Pause) 2838M->1850M(4176M) 1.638ms
[64.025s][info][safepoint] Safepoint "G1CollectForAllocation", Time since last: 357273946 ns, Reaching safepoint: 230222 ns, At safepoint: 1956374 ns, Total: 2186596 ns
[64.423s][info][gc       ] GC(260) Pause Young (Concurrent Start) (G1 Evacuation Pause) 2974M->1850M(4176M) 1.314ms
[64.423s][info][safepoint] Safepoint "G1CollectForAllocation", Time since last: 396489150 ns, Reaching safepoint: 149365 ns, At safepoint: 1677368 ns, Total: 1826733 ns
[64.423s][info][gc       ] GC(261) Concurrent Mark Cycle
[64.838s][info][gc       ] GC(261) Pause Remark 2746M->2746M(4596M) 1.953ms
[64.838s][info][safepoint] Safepoint "G1Concurrent", Time since last: 412312329 ns, Reaching safepoint: 317039 ns, At safepoint: 2313890 ns, Total: 2630929 ns
[65.031s][info][gc       ] GC(262) Pause Young (Normal) (G1 Evacuation Pause) 3198M->1850M(4596M) 3.523ms
[65.031s][info][safepoint] Safepoint "G1CollectForAllocation", Time since last: 188884090 ns, Reaching safepoint: 322213 ns, At safepoint: 3818805 ns, Total: 4141018 ns
[65.036s][info][gc       ] GC(261) Pause Cleanup 1862M->1862M(4596M) 0.244ms
[65.036s][info][safepoint] Safepoint "G1Concurrent", Time since last: 4474422 ns, Reaching safepoint: 238379 ns, At safepoint: 482617 ns, Total: 720996 ns
[65.043s][info][gc       ] GC(261) Concurrent Mark Cycle 619.298ms
[65.453s][info][gc       ] GC(263) Pause Young (Prepare Mixed) (G1 Evacuation Pause) 3074M->1850M(4596M) 2.090ms
[65.453s][info][safepoint] Safepoint "G1CollectForAllocation", Time since last: 414135304 ns, Reaching safepoint: 191617 ns, At safepoint: 2415101 ns, Total: 2606718 ns
[65.539s][info][gc       ] GC(264) Pause Young (Mixed) (G1 Evacuation Pause) 2074M->1840M(4596M) 3.993ms
[65.539s][info][safepoint] Safepoint "G1CollectForAllocation", Time since last: 81406623 ns, Reaching safepoint: 289995 ns, At safepoint: 4460601 ns, Total: 4750596 ns
[66.331s][info][gc       ] GC(265) Pause Young (Normal) (G1 Evacuation Pause) 3688M->1840M(4596M) 1.838ms
[66.331s][info][safepoint] Safepoint "G1CollectForAllocation", Time since last: 789226278 ns, Reaching safepoint: 185077 ns, At safepoint: 2083471 ns, Total: 2268548 ns
[67.093s][info][gc       ] GC(266) Pause Young (Normal) (G1 Evacuation Pause) 3940M->1840M(4596M) 2.324ms
[67.094s][info][safepoint] Safepoint "G1CollectForAllocation", Time since last: 760024984 ns, Reaching safepoint: 221274 ns, At safepoint: 2778483 ns, Total: 2999757 ns
[67.785s][info][gc       ] GC(267) Pause Young (Concurrent Start) (G1 Evacuation Pause) 3976M->1840M(4596M) 2.758ms
[67.786s][info][safepoint] Safepoint "G1CollectForAllocation", Time since last: 688463449 ns, Reaching safepoint: 176783 ns, At safepoint: 3136412 ns, Total: 3313195 ns
[67.786s][info][gc       ] GC(268) Concurrent Mark Cycle
[68.213s][info][gc       ] GC(268) Pause Remark 2686M->2686M(4596M) 1.847ms
[68.214s][info][safepoint] Safepoint "G1Concurrent", Time since last: 425685138 ns, Reaching safepoint: 244410 ns, At safepoint: 2590183 ns, Total: 2834593 ns
[68.412s][info][gc       ] GC(268) Pause Cleanup 3100M->3100M(4596M) 0.319ms
[68.412s][info][safepoint] Safepoint "G1Concurrent", Time since last: 197289914 ns, Reaching safepoint: 259545 ns, At safepoint: 815635 ns, Total: 1075180 ns
[68.417s][info][gc       ] GC(268) Concurrent Mark Cycle 630.972ms
[68.695s][info][gc       ] GC(269) Pause Young (Prepare Mixed) (G1 Evacuation Pause) 3948M->1840M(4596M) 2.221ms
[68.695s][info][safepoint] Safepoint "G1CollectForAllocation", Time since last: 280012643 ns, Reaching safepoint: 180934 ns, At safepoint: 2610858 ns, Total: 2791792 ns
[68.769s][info][gc       ] GC(270) Pause Young (Mixed) (G1 Evacuation Pause) 2064M->1831M(4596M) 5.353ms
[68.769s][info][safepoint] Safepoint "G1CollectForAllocation", Time since last: 67932907 ns, Reaching safepoint: 167731 ns, At safepoint: 5830791 ns, Total: 5998522 ns
[69.497s][info][gc       ] GC(271) Pause Young (Normal) (G1 Evacuation Pause) 4023M->1831M(4596M) 2.178ms
[69.497s][info][safepoint] Safepoint "G1CollectForAllocation", Time since last: 725316620 ns, Reaching safepoint: 190501 ns, At safepoint: 2509984 ns, Total: 2700485 ns
[70.211s][info][gc       ] GC(272) Pause Young (Normal) (G1 Evacuation Pause) 4039M->1831M(4596M) 2.347ms
[70.211s][info][safepoint] Safepoint "G1CollectForAllocation", Time since last: 710984987 ns, Reaching safepoint: 182500 ns, At safepoint: 2902458 ns, Total: 3084958 ns
[70.919s][info][gc       ] GC(273) Pause Young (Concurrent Start) (G1 Evacuation Pause) 4055M->1831M(4596M) 2.566ms
[70.920s][info][safepoint] Safepoint "G1CollectForAllocation", Time since last: 704862983 ns, Reaching safepoint: 307838 ns, At safepoint: 3173631 ns, Total: 3481469 ns
[70.920s][info][gc       ] GC(274) Concurrent Mark Cycle
[71.303s][info][gc       ] GC(274) Pause Remark 3015M->3015M(5040M) 2.443ms
[71.304s][info][safepoint] Safepoint "G1Concurrent", Time since last: 380792970 ns, Reaching safepoint: 352577 ns, At safepoint: 3136334 ns, Total: 3488911 ns
[71.498s][info][gc       ] GC(274) Pause Cleanup 3567M->3567M(5040M) 0.405ms
[71.498s][info][safepoint] Safepoint "G1Concurrent", Time since last: 193177220 ns, Reaching safepoint: 284808 ns, At safepoint: 945402 ns, Total: 1230210 ns
[71.503s][info][gc       ] GC(274) Concurrent Mark Cycle 583.344ms
[72.200s][info][gc       ] GC(275) Pause Young (Prepare Mixed) (G1 Evacuation Pause) 4135M->3279M(5480M) 593.102ms
[72.201s][info][safepoint] Safepoint "G1CollectForAllocation", Time since last: 108613216 ns, Reaching safepoint: 175299 ns, At safepoint: 593388902 ns, Total: 593564201 ns
[72.270s][info][gc       ] GC(276) Pause Young (Mixed) (G1 Evacuation Pause) 3283M->3303M(5480M) 68.520ms
[72.270s][info][safepoint] Safepoint "G1CollectForAllocation", Time since last: 770119 ns, Reaching safepoint: 146842 ns, At safepoint: 68773141 ns, Total: 68919983 ns
[72.358s][info][gc       ] GC(277) Pause Young (Normal) (G1 Evacuation Pause) 3603M->3595M(5480M) 44.112ms
[72.358s][info][safepoint] Safepoint "G1CollectForAllocation", Time since last: 43018419 ns, Reaching safepoint: 183138 ns, At safepoint: 44458839 ns, Total: 44641977 ns
[72.753s][info][gc       ] GC(278) Pause Young (Normal) (G1 Evacuation Pause) 3831M->3801M(5480M) 105.224ms
[72.754s][info][safepoint] Safepoint "G1CollectForAllocation", Time since last: 290111268 ns, Reaching safepoint: 201739 ns, At safepoint: 105653606 ns, Total: 105855345 ns
[72.873s][info][gc       ] GC(279) Pause Young (Concurrent Start) (G1 Evacuation Pause) 4037M->3819M(5832M) 23.450ms
[72.873s][info][safepoint] Safepoint "G1CollectForAllocation", Time since last: 95243736 ns, Reaching safepoint: 161298 ns, At safepoint: 24123322 ns, Total: 24284620 ns
[72.873s][info][gc       ] GC(280) Concurrent Mark Cycle
[73.057s][info][gc       ] GC(281) Pause Young (Normal) (G1 Evacuation Pause) 4103M->3818M(5832M) 1.593ms
[73.057s][info][safepoint] Safepoint "G1CollectForAllocation", Time since last: 181499706 ns, Reaching safepoint: 283754 ns, At safepoint: 2111807 ns, Total: 2395561 ns
[73.170s][info][gc       ] GC(282) Pause Young (Normal) (G1 Evacuation Pause) 4102M->3818M(5832M) 1.648ms
[73.170s][info][safepoint] Safepoint "G1CollectForAllocation", Time since last: 110717799 ns, Reaching safepoint: 294260 ns, At safepoint: 2086688 ns, Total: 2380948 ns
[73.277s][info][gc       ] GC(283) Pause Young (Normal) (G1 Evacuation Pause) 4102M->3817M(5832M) 2.063ms
[73.277s][info][safepoint] Safepoint "G1CollectForAllocation", Time since last: 104081999 ns, Reaching safepoint: 459283 ns, At safepoint: 2457867 ns, Total: 2917150 ns
[73.295s][info][gc       ] GC(280) Pause Remark 3859M->1967M(5832M) 2.369ms
[73.296s][info][safepoint] Safepoint "G1Concurrent", Time since last: 15329858 ns, Reaching safepoint: 265725 ns, At safepoint: 2918700 ns, Total: 3184425 ns
[73.390s][info][gc       ] GC(284) Pause Young (Normal) (G1 Evacuation Pause) 2209M->1925M(5832M) 1.841ms
[73.390s][info][safepoint] Safepoint "G1CollectForAllocation", Time since last: 91497630 ns, Reaching safepoint: 319142 ns, At safepoint: 2280645 ns, Total: 2599787 ns
[73.497s][info][gc       ] GC(280) Pause Cleanup 2205M->2205M(5832M) 0.391ms
[73.497s][info][safepoint] Safepoint "G1Concurrent", Time since last: 106266314 ns, Reaching safepoint: 272135 ns, At safepoint: 849112 ns, Total: 1121247 ns
[73.502s][info][gc       ] GC(285) Pause Young (Prepare Mixed) (G1 Evacuation Pause) 2209M->1925M(5832M) 1.529ms
[73.502s][info][safepoint] Safepoint "G1CollectForAllocation", Time since last: 2505122 ns, Reaching safepoint: 351828 ns, At safepoint: 1819547 ns, Total: 2171375 ns
[73.505s][info][gc       ] GC(280) Concurrent Mark Cycle 631.126ms
[73.602s][info][gc       ] GC(286) Pause Young (Mixed) (G1 Evacuation Pause) 2209M->1921M(5832M) 1.843ms
[73.602s][info][safepoint] Safepoint "G1CollectForAllocation", Time since last: 97879250 ns, Reaching safepoint: 189532 ns, At safepoint: 2325649 ns, Total: 2515181 ns
[73.703s][info][gc       ] GC(287) Pause Young (Mixed) (G1 Evacuation Pause) 2205M->1917M(5832M) 2.144ms
[73.703s][info][safepoint] Safepoint "G1CollectForAllocation", Time since last: 97983431 ns, Reaching safepoint: 182180 ns, At safepoint: 2658091 ns, Total: 2840271 ns
[73.802s][info][gc       ] GC(288) Pause Young (Mixed) (G1 Evacuation Pause) 2201M->1913M(5832M) 1.642ms
[73.802s][info][safepoint] Safepoint "G1CollectForAllocation", Time since last: 96783887 ns, Reaching safepoint: 159052 ns, At safepoint: 2162159 ns, Total: 2321211 ns
[73.898s][info][gc       ] GC(289) Pause Young (Mixed) (G1 Evacuation Pause) 2197M->1909M(5832M) 1.867ms
[73.899s][info][safepoint] Safepoint "G1CollectForAllocation", Time since last: 93846619 ns, Reaching safepoint: 173709 ns, At safepoint: 2311898 ns, Total: 2485607 ns
[74.035s][info][gc       ] GC(290) Pause Young (Normal) (G1 Evacuation Pause) 2309M->1909M(5832M) 1.729ms
[74.036s][info][safepoint] Safepoint "G1CollectForAllocation", Time since last: 134500817 ns, Reaching safepoint: 166188 ns, At safepoint: 2191867 ns, Total: 2358055 ns
[74.171s][info][gc       ] GC(291) Pause Young (Normal) (G1 Evacuation Pause) 2321M->1909M(5832M) 2.036ms
[74.171s][info][safepoint] Safepoint "G1CollectForAllocation", Time since last: 133212596 ns, Reaching safepoint: 132501 ns, At safepoint: 2562768 ns, Total: 2695269 ns
[74.338s][info][gc       ] GC(292) Pause Young (Normal) (G1 Evacuation Pause) 2417M->1909M(5832M) 1.932ms
[74.338s][info][safepoint] Safepoint "G1CollectForAllocation", Time since last: 164312776 ns, Reaching safepoint: 154259 ns, At safepoint: 2352650 ns, Total: 2506909 ns
[74.525s][info][gc       ] GC(293) Pause Young (Normal) (G1 Evacuation Pause) 2469M->1909M(5832M) 2.349ms
[74.526s][info][safepoint] Safepoint "G1CollectForAllocation", Time since last: 184306457 ns, Reaching safepoint: 220387 ns, At safepoint: 2809870 ns, Total: 3030257 ns
[74.766s][info][gc       ] GC(294) Pause Young (Normal) (G1 Evacuation Pause) 2617M->1909M(5832M) 1.962ms
[74.767s][info][safepoint] Safepoint "G1CollectForAllocation", Time since last: 238628709 ns, Reaching safepoint: 153464 ns, At safepoint: 2399283 ns, Total: 2552747 ns
[75.071s][info][gc       ] GC(295) Pause Young (Normal) (G1 Evacuation Pause) 2813M->1909M(5832M) 2.076ms
[75.072s][info][safepoint] Safepoint "G1CollectForAllocation", Time since last: 301955474 ns, Reaching safepoint: 191332 ns, At safepoint: 2598057 ns, Total: 2789389 ns
[75.369s][info][gc       ] GC(296) Pause Young (Normal) (G1 Evacuation Pause) 2837M->1909M(5832M) 1.933ms
[75.370s][info][safepoint] Safepoint "G1CollectForAllocation", Time since last: 295635742 ns, Reaching safepoint: 314644 ns, At safepoint: 2172299 ns, Total: 2486943 ns
[75.755s][info][gc       ] GC(297) Pause Young (Normal) (G1 Evacuation Pause) 3069M->1909M(5832M) 1.750ms
[75.755s][info][safepoint] Safepoint "G1CollectForAllocation", Time since last: 382898246 ns, Reaching safepoint: 211599 ns, At safepoint: 2278855 ns, Total: 2490454 ns
[76.115s][info][gc       ] GC(298) Pause Young (Normal) (G1 Evacuation Pause) 2997M->1909M(5832M) 1.751ms
[76.115s][info][safepoint] Safepoint "G1CollectForAllocation", Time since last: 357979642 ns, Reaching safepoint: 204420 ns, At safepoint: 2190233 ns, Total: 2394653 ns
[76.492s][info][gc       ] GC(299) Pause Young (Normal) (G1 Evacuation Pause) 3081M->1909M(5832M) 1.863ms
[76.493s][info][safepoint] Safepoint "G1CollectForAllocation", Time since last: 374624538 ns, Reaching safepoint: 284871 ns, At safepoint: 2336272 ns, Total: 2621143 ns
[77.043s][info][gc       ] GC(300) Pause Young (Normal) (G1 Evacuation Pause) 3549M->1909M(5832M) 2.415ms
[77.043s][info][safepoint] Safepoint "G1CollectForAllocation", Time since last: 547345151 ns, Reaching safepoint: 190423 ns, At safepoint: 2722573 ns, Total: 2912996 ns
[77.577s][info][gc       ] GC(301) Pause Young (Normal) (G1 Evacuation Pause) 3561M->1909M(5832M) 2.388ms
[77.578s][info][safepoint] Safepoint "G1CollectForAllocation", Time since last: 531535844 ns, Reaching safepoint: 214508 ns, At safepoint: 2893666 ns, Total: 3108174 ns
[78.270s][info][gc       ] GC(302) Pause Young (Normal) (G1 Evacuation Pause) 3985M->1909M(5832M) 1.845ms
[78.270s][info][safepoint] Safepoint "G1CollectForAllocation", Time since last: 690204969 ns, Reaching safepoint: 179449 ns, At safepoint: 2152876 ns, Total: 2332325 ns
[79.143s][info][gc       ] GC(303) Pause Young (Normal) (G1 Evacuation Pause) 4465M->1909M(5832M) 2.473ms
[79.144s][info][safepoint] Safepoint "G1CollectForAllocation", Time since last: 870365772 ns, Reaching safepoint: 169210 ns, At safepoint: 2942330 ns, Total: 3111540 ns
[80.180s][info][gc       ] GC(304) Pause Young (Normal) (G1 Evacuation Pause) 5089M->1910M(5832M) 2.972ms
[80.180s][info][safepoint] Safepoint "G1CollectForAllocation", Time since last: 1033392871 ns, Reaching safepoint: 152617 ns, At safepoint: 3333175 ns, Total: 3485792 ns
[81.227s][info][gc       ] GC(305) Pause Young (Concurrent Start) (G1 Evacuation Pause) 5114M->1910M(5832M) 2.308ms
[81.228s][info][safepoint] Safepoint "G1CollectForAllocation", Time since last: 1044011471 ns, Reaching safepoint: 276018 ns, At safepoint: 2878723 ns, Total: 3154741 ns
[81.228s][info][gc       ] GC(306) Concurrent Mark Cycle
[81.670s][info][gc       ] GC(306) Pause Remark 3102M->3102M(5832M) 1.837ms
[81.671s][info][safepoint] Safepoint "G1Concurrent", Time since last: 440773448 ns, Reaching safepoint: 242257 ns, At safepoint: 2331658 ns, Total: 2573915 ns
[81.850s][info][gc       ] GC(306) Pause Cleanup 3630M->3630M(5832M) 0.309ms
[81.850s][info][safepoint] Safepoint "G1Concurrent", Time since last: 178213835 ns, Reaching safepoint: 235315 ns, At safepoint: 703469 ns, Total: 938784 ns
[81.855s][info][gc       ] GC(306) Concurrent Mark Cycle 627.100ms
[82.337s][info][gc       ] GC(307) Pause Young (Prepare Mixed) (G1 Evacuation Pause) 5134M->1910M(5832M) 2.465ms
[82.337s][info][safepoint] Safepoint "G1CollectForAllocation", Time since last: 484209039 ns, Reaching safepoint: 181607 ns, At safepoint: 2897261 ns, Total: 3078868 ns
[82.427s][info][gc       ] GC(308) Pause Young (Mixed) (G1 Evacuation Pause) 2194M->1894M(5832M) 2.145ms
[82.427s][info][safepoint] Safepoint "G1CollectForAllocation", Time since last: 87280713 ns, Reaching safepoint: 171153 ns, At safepoint: 2466471 ns, Total: 2637624 ns
[83.581s][info][gc       ] GC(309) Pause Young (Normal) (G1 Evacuation Pause) 5226M->2796M(6064M) 263.635ms
[83.581s][info][safepoint] Safepoint "G1CollectForAllocation", Time since last: 889611282 ns, Reaching safepoint: 172788 ns, At safepoint: 263913076 ns, Total: 264085864 ns
[83.768s][info][gc       ] GC(310) Pause Young (Normal) (G1 Evacuation Pause) 3036M->3039M(6064M) 150.397ms
[83.768s][info][safepoint] Safepoint "G1CollectForAllocation", Time since last: 35855741 ns, Reaching safepoint: 270998 ns, At safepoint: 150718662 ns, Total: 150989660 ns
[83.844s][info][gc       ] GC(311) Pause Young (Normal) (G1 Evacuation Pause) 3259M->3271M(6064M) 46.087ms
[83.844s][info][safepoint] Safepoint "G1CollectForAllocation", Time since last: 29882170 ns, Reaching safepoint: 139605 ns, At safepoint: 46399430 ns, Total: 46539035 ns
[83.922s][info][gc       ] GC(312) Pause Young (Concurrent Start) (G1 Humongous Allocation) 3513M->3527M(6064M) 44.220ms
[83.923s][info][gc       ] GC(313) Concurrent Mark Cycle
[83.923s][info][safepoint] Safepoint "G1TryInitiateConcMark", Time since last: 33649856 ns, Reaching safepoint: 263252 ns, At safepoint: 44791686 ns, Total: 45054938 ns
[84.315s][info][gc       ] GC(314) Pause Young (Normal) (G1 Evacuation Pause) 3843M->3855M(6184M) 112.358ms
[84.316s][info][safepoint] Safepoint "G1CollectForAllocation", Time since last: 279642198 ns, Reaching safepoint: 273969 ns, At safepoint: 112847137 ns, Total: 113121106 ns
[84.469s][info][gc       ] GC(313) Pause Remark 4025M->2093M(6184M) 1.657ms
[84.470s][info][safepoint] Safepoint "G1Concurrent", Time since last: 151704492 ns, Reaching safepoint: 330015 ns, At safepoint: 2111347 ns, Total: 2441362 ns
[84.545s][info][gc       ] GC(315) Pause Young (Normal) (G1 Evacuation Pause) 2191M->1955M(6184M) 36.947ms
[84.546s][info][safepoint] Safepoint "G1CollectForAllocation", Time since last: 38231178 ns, Reaching safepoint: 266645 ns, At safepoint: 37559891 ns, Total: 37826536 ns
[84.672s][info][gc       ] GC(316) Pause Young (Normal) (G1 Evacuation Pause) 2243M->1953M(6184M) 10.879ms
[84.673s][info][safepoint] Safepoint "G1CollectForAllocation", Time since last: 115308407 ns, Reaching safepoint: 254846 ns, At safepoint: 11442615 ns, Total: 11697461 ns
[84.736s][info][gc       ] GC(313) Pause Cleanup 2103M->2103M(6184M) 0.296ms
[84.736s][info][safepoint] Safepoint "G1Concurrent", Time since last: 62377617 ns, Reaching safepoint: 287101 ns, At safepoint: 748042 ns, Total: 1035143 ns
[84.740s][info][gc       ] GC(313) Concurrent Mark Cycle 817.512ms
[84.803s][info][gc       ] GC(317) Pause Young (Prepare Mixed) (G1 Evacuation Pause) 2241M->1953M(6184M) 11.466ms
[84.803s][info][safepoint] Safepoint "G1CollectForAllocation", Time since last: 54487452 ns, Reaching safepoint: 241447 ns, At safepoint: 11927191 ns, Total: 12168638 ns
[84.914s][info][gc       ] GC(318) Pause Young (Mixed) (G1 Evacuation Pause) 2241M->1949M(6184M) 11.509ms
[84.914s][info][safepoint] Safepoint "G1CollectForAllocation", Time since last: 98890312 ns, Reaching safepoint: 173617 ns, At safepoint: 12030662 ns, Total: 12204279 ns
[85.024s][info][gc       ] GC(319) Pause Young (Mixed) (G1 Evacuation Pause) 2237M->1945M(6184M) 11.553ms
[85.024s][info][safepoint] Safepoint "G1CollectForAllocation", Time since last: 97665881 ns, Reaching safepoint: 166481 ns, At safepoint: 12136568 ns, Total: 12303049 ns
[85.142s][info][gc       ] GC(320) Pause Young (Normal) (G1 Evacuation Pause) 2233M->1945M(6228M) 11.738ms
[85.143s][info][safepoint] Safepoint "G1CollectForAllocation", Time since last: 106278025 ns, Reaching safepoint: 181413 ns, At safepoint: 12269615 ns, Total: 12451028 ns
[85.256s][info][gc       ] GC(321) Pause Young (Normal) (G1 Evacuation Pause) 2233M->1945M(6228M) 11.926ms
[85.256s][info][safepoint] Safepoint "G1CollectForAllocation", Time since last: 100756208 ns, Reaching safepoint: 184614 ns, At safepoint: 12517883 ns, Total: 12702497 ns
[85.471s][info][gc       ] GC(322) Pause Young (Normal) (G1 Evacuation Pause) 2525M->1945M(6228M) 11.591ms
[85.471s][info][safepoint] Safepoint "G1CollectForAllocation", Time since last: 202332379 ns, Reaching safepoint: 272476 ns, At safepoint: 12176849 ns, Total: 12449325 ns
[85.835s][info][gc       ] GC(323) Pause Young (Normal) (G1 Evacuation Pause) 2985M->1945M(6228M) 11.913ms
[85.836s][info][safepoint] Safepoint "G1CollectForAllocation", Time since last: 352009837 ns, Reaching safepoint: 219851 ns, At safepoint: 12289993 ns, Total: 12509844 ns
[86.427s][info][gc       ] GC(324) Pause Young (Concurrent Start) (G1 Evacuation Pause) 3693M->1945M(6228M) 11.800ms
[86.428s][info][safepoint] Safepoint "G1CollectForAllocation", Time since last: 579784303 ns, Reaching safepoint: 171067 ns, At safepoint: 12377465 ns, Total: 12548532 ns
[86.428s][info][gc       ] GC(325) Concurrent Mark Cycle
[86.613s][info][gc       ] GC(326) Pause Young (Normal) (G1 Evacuation Pause) 2373M->1945M(6228M) 12.364ms
[86.614s][info][safepoint] Safepoint "G1CollectForAllocation", Time since last: 172702329 ns, Reaching safepoint: 369188 ns, At safepoint: 12937787 ns, Total: 13306975 ns
[86.866s][info][gc       ] GC(327) Pause Young (Normal) (G1 Evacuation Pause) 2529M->1945M(6228M) 12.013ms
[86.866s][info][safepoint] Safepoint "G1CollectForAllocation", Time since last: 239376820 ns, Reaching safepoint: 239413 ns, At safepoint: 12624006 ns, Total: 12863419 ns
[86.891s][info][gc       ] GC(325) Pause Remark 1985M->1949M(6228M) 1.884ms
[86.891s][info][safepoint] Safepoint "G1Concurrent", Time since last: 22421877 ns, Reaching safepoint: 402634 ns, At safepoint: 2270088 ns, Total: 2672722 ns
[87.133s][info][gc       ] GC(325) Pause Cleanup 2577M->2577M(6228M) 0.355ms
[87.134s][info][safepoint] Safepoint "G1Concurrent", Time since last: 241433043 ns, Reaching safepoint: 242516 ns, At safepoint: 795546 ns, Total: 1038062 ns
[87.138s][info][gc       ] GC(325) Concurrent Mark Cycle 709.787ms
[87.190s][info][gc       ] GC(328) Pause Young (Prepare Mixed) (G1 Evacuation Pause) 2697M->1909M(6228M) 11.489ms
[87.191s][info][safepoint] Safepoint "G1CollectForAllocation", Time since last: 44960364 ns, Reaching safepoint: 223342 ns, At safepoint: 12017376 ns, Total: 12240718 ns
[87.297s][info][gc       ] GC(329) Pause Young (Mixed) (G1 Evacuation Pause) 2197M->1889M(6228M) 11.969ms
[87.298s][info][safepoint] Safepoint "G1CollectForAllocation", Time since last: 94216556 ns, Reaching safepoint: 186828 ns, At safepoint: 12562468 ns, Total: 12749296 ns
[88.210s][info][gc       ] GC(330) Pause Young (Normal) (G1 Evacuation Pause) 4661M->1890M(6248M) 12.889ms
[88.211s][info][safepoint] Safepoint "G1CollectForAllocation", Time since last: 899044378 ns, Reaching safepoint: 185499 ns, At safepoint: 13481241 ns, Total: 13666740 ns
[89.185s][info][gc       ] GC(331) Pause Young (Normal) (G1 Evacuation Pause) 4822M->1889M(6248M) 12.196ms
[89.186s][info][safepoint] Safepoint "G1CollectForAllocation", Time since last: 962299289 ns, Reaching safepoint: 333074 ns, At safepoint: 12671833 ns, Total: 13004907 ns
[90.187s][info][safepoint] Safepoint "Cleanup", Time since last: 1000561055 ns, Reaching safepoint: 284780 ns, At safepoint: 12431 ns, Total: 297211 ns
[90.196s][info][gc       ] GC(332) Pause Young (Concurrent Start) (G1 Evacuation Pause) 4945M->1888M(6248M) 2.150ms
[90.196s][info][safepoint] Safepoint "G1CollectForAllocation", Time since last: 6871191 ns, Reaching safepoint: 134159 ns, At safepoint: 2583727 ns, Total: 2717886 ns
[90.196s][info][gc       ] GC(333) Concurrent Mark Cycle
[90.569s][info][gc       ] GC(333) Pause Remark 2904M->2904M(6248M) 1.457ms
[90.569s][info][safepoint] Safepoint "G1Concurrent", Time since last: 370540833 ns, Reaching safepoint: 243884 ns, At safepoint: 1933894 ns, Total: 2177778 ns
[90.767s][info][gc       ] GC(333) Pause Cleanup 3294M->3294M(6248M) 0.366ms
[90.768s][info][safepoint] Safepoint "G1Concurrent", Time since last: 197592571 ns, Reaching safepoint: 246570 ns, At safepoint: 855258 ns, Total: 1101828 ns
[90.772s][info][gc       ] GC(333) Concurrent Mark Cycle 575.479ms
[90.937s][info][gc       ] GC(334) Pause Young (Prepare Mixed) (G1 Evacuation Pause) 3804M->1888M(6248M) 2.300ms
[90.938s][info][safepoint] Safepoint "G1CollectForAllocation", Time since last: 166589514 ns, Reaching safepoint: 269920 ns, At safepoint: 2882934 ns, Total: 3152854 ns
[91.037s][info][gc       ] GC(335) Pause Young (Mixed) (G1 Evacuation Pause) 2196M->1873M(6248M) 2.101ms
[91.038s][info][safepoint] Safepoint "G1CollectForAllocation", Time since last: 97131852 ns, Reaching safepoint: 299319 ns, At safepoint: 2670076 ns, Total: 2969395 ns
[91.759s][info][gc       ] GC(336) Pause Young (Normal) (G1 Evacuation Pause) 4089M->1873M(6248M) 2.149ms
[91.759s][info][safepoint] Safepoint "G1CollectForAllocation", Time since last: 718816690 ns, Reaching safepoint: 308429 ns, At safepoint: 2498176 ns, Total: 2806605 ns
[92.386s][info][gc       ] GC(337) Pause Young (Normal) (G1 Evacuation Pause) 3857M->1873M(6248M) 2.231ms
[92.386s][info][safepoint] Safepoint "G1CollectForAllocation", Time since last: 624227060 ns, Reaching safepoint: 178645 ns, At safepoint: 2706512 ns, Total: 2885157 ns
[92.897s][info][gc       ] GC(338) Pause Young (Concurrent Start) (G1 Evacuation Pause) 3449M->1873M(6248M) 2.516ms
[92.898s][info][safepoint] Safepoint "G1CollectForAllocation", Time since last: 508421247 ns, Reaching safepoint: 160975 ns, At safepoint: 2833981 ns, Total: 2994956 ns
[92.898s][info][gc       ] GC(339) Concurrent Mark Cycle
[93.296s][info][gc       ] GC(339) Pause Remark 2831M->2831M(6248M) 1.606ms
[93.296s][info][safepoint] Safepoint "G1Concurrent", Time since last: 396295942 ns, Reaching safepoint: 261101 ns, At safepoint: 2138093 ns, Total: 2399194 ns
[93.479s][info][gc       ] GC(339) Pause Cleanup 3325M->3325M(6248M) 0.340ms
[93.479s][info][safepoint] Safepoint "G1Concurrent", Time since last: 181512265 ns, Reaching safepoint: 254636 ns, At safepoint: 800018 ns, Total: 1054654 ns
[93.483s][info][gc       ] GC(339) Concurrent Mark Cycle 585.435ms
[94.136s][info][gc       ] GC(340) Pause Young (Prepare Mixed) (G1 Evacuation Pause) 5341M->1873M(6248M) 2.768ms
[94.137s][info][safepoint] Safepoint "G1CollectForAllocation", Time since last: 654069105 ns, Reaching safepoint: 223997 ns, At safepoint: 3177284 ns, Total: 3401281 ns
[94.235s][info][gc       ] GC(341) Pause Young (Mixed) (G1 Evacuation Pause) 2181M->1860M(6248M) 2.216ms
[94.235s][info][safepoint] Safepoint "G1CollectForAllocation", Time since last: 96005564 ns, Reaching safepoint: 165857 ns, At safepoint: 2696793 ns, Total: 2862650 ns
[95.383s][info][gc       ] GC(342) Pause Young (Normal) (G1 Evacuation Pause) 5436M->2494M(6248M) 112.342ms
[95.383s][info][safepoint] Safepoint "G1CollectForAllocation", Time since last: 1034663728 ns, Reaching safepoint: 187693 ns, At safepoint: 112600510 ns, Total: 112788203 ns
[95.502s][info][gc       ] GC(343) Pause Young (Normal) (G1 Evacuation Pause) 2578M->2575M(6248M) 105.923ms
[95.502s][info][safepoint] Safepoint "G1CollectForAllocation", Time since last: 12700805 ns, Reaching safepoint: 165569 ns, At safepoint: 106230381 ns, Total: 106395950 ns
[95.515s][info][gc       ] GC(344) Pause Young (Concurrent Start) (G1 Humongous Allocation) 2577M->2617M(6248M) 12.067ms
[95.515s][info][gc       ] GC(345) Concurrent Mark Cycle
[95.515s][info][safepoint] Safepoint "G1TryInitiateConcMark", Time since last: 494459 ns, Reaching safepoint: 153983 ns, At safepoint: 12338726 ns, Total: 12492709 ns
[95.610s][info][gc       ] GC(346) Pause Young (Normal) (G1 Evacuation Pause) 2925M->2917M(6248M) 46.692ms
[95.610s][info][safepoint] Safepoint "G1CollectForAllocation", Time since last: 47926003 ns, Reaching safepoint: 424789 ns, At safepoint: 47052516 ns, Total: 47477305 ns
[95.738s][info][gc       ] GC(347) Pause Young (Normal) (G1 Evacuation Pause) 3225M->3235M(6296M) 51.374ms
[95.738s][info][safepoint] Safepoint "G1CollectForAllocation", Time since last: 75773569 ns, Reaching safepoint: 246373 ns, At safepoint: 51748298 ns, Total: 51994671 ns
[95.761s][info][gc       ] GC(345) Pause Remark 3367M->1499M(5016M) 1.630ms
[95.761s][info][safepoint] Safepoint "G1Concurrent", Time since last: 20440787 ns, Reaching safepoint: 372017 ns, At safepoint: 1921189 ns, Total: 2293206 ns
[95.849s][info][gc       ] GC(348) Pause Young (Normal) (G1 Evacuation Pause) 1695M->1707M(5016M) 59.100ms
[95.849s][info][safepoint] Safepoint "G1CollectForAllocation", Time since last: 28691483 ns, Reaching safepoint: 315783 ns, At safepoint: 59489762 ns, Total: 59805545 ns
[96.047s][info][gc       ] GC(345) Pause Cleanup 1937M->1937M(5016M) 0.219ms
[96.047s][info][safepoint] Safepoint "G1Concurrent", Time since last: 196865333 ns, Reaching safepoint: 293449 ns, At safepoint: 575886 ns, Total: 869335 ns
[96.051s][info][gc       ] GC(345) Concurrent Mark Cycle 536.426ms
[96.170s][info][gc       ] GC(349) Pause Young (Prepare Mixed) (G1 Evacuation Pause) 1947M->1959M(5016M) 103.262ms
[96.171s][info][safepoint] Safepoint "G1CollectForAllocation", Time since last: 19875193 ns, Reaching safepoint: 184280 ns, At safepoint: 103642101 ns, Total: 103826381 ns
[96.328s][info][gc       ] GC(350) Pause Young (Mixed) (G1 Evacuation Pause) 2171M->1997M(5016M) 35.237ms
[96.329s][info][safepoint] Safepoint "G1CollectForAllocation", Time since last: 122294817 ns, Reaching safepoint: 181432 ns, At safepoint: 35607136 ns, Total: 35788568 ns
[96.435s][info][gc       ] GC(351) Pause Young (Concurrent Start) (G1 Evacuation Pause) 2213M->2003M(5016M) 19.167ms
[96.435s][info][safepoint] Safepoint "G1CollectForAllocation", Time since last: 86321308 ns, Reaching safepoint: 210435 ns, At safepoint: 19654365 ns, Total: 19864800 ns
[96.435s][info][gc       ] GC(352) Concurrent Mark Cycle
[96.534s][info][gc       ] GC(353) Pause Young (Normal) (G1 Evacuation Pause) 2247M->2002M(5016M) 1.326ms
[96.534s][info][safepoint] Safepoint "G1CollectForAllocation", Time since last: 97425900 ns, Reaching safepoint: 227422 ns, At safepoint: 1617782 ns, Total: 1845204 ns
[96.632s][info][gc       ] GC(354) Pause Young (Normal) (G1 Evacuation Pause) 2246M->2002M(5016M) 1.508ms
[96.632s][info][safepoint] Safepoint "G1CollectForAllocation", Time since last: 96052814 ns, Reaching safepoint: 290075 ns, At safepoint: 1850088 ns, Total: 2140163 ns
[96.729s][info][gc       ] GC(355) Pause Young (Normal) (G1 Evacuation Pause) 2246M->2002M(5016M) 1.413ms
[96.729s][info][safepoint] Safepoint "G1CollectForAllocation", Time since last: 94770161 ns, Reaching safepoint: 217512 ns, At safepoint: 1914422 ns, Total: 2131934 ns
[96.810s][info][gc       ] GC(352) Pause Remark 2206M->2130M(5016M) 1.030ms
[96.810s][info][safepoint] Safepoint "G1Concurrent", Time since last: 78957066 ns, Reaching safepoint: 264453 ns, At safepoint: 1303413 ns, Total: 1567866 ns
[96.827s][info][gc       ] GC(356) Pause Young (Normal) (G1 Evacuation Pause) 2170M->1926M(5016M) 1.306ms
[96.827s][info][safepoint] Safepoint "G1CollectForAllocation", Time since last: 15268035 ns, Reaching safepoint: 281530 ns, At safepoint: 1626731 ns, Total: 1908261 ns
[96.919s][info][gc       ] GC(357) Pause Young (Normal) (G1 Evacuation Pause) 2170M->1926M(5016M) 1.584ms
[96.920s][info][safepoint] Safepoint "G1CollectForAllocation", Time since last: 90277800 ns, Reaching safepoint: 427879 ns, At safepoint: 1861070 ns, Total: 2288949 ns
[97.017s][info][gc       ] GC(352) Pause Cleanup 2180M->2180M(5016M) 0.322ms
[97.017s][info][safepoint] Safepoint "G1Concurrent", Time since last: 96498149 ns, Reaching safepoint: 245415 ns, At safepoint: 631165 ns, Total: 876580 ns
[97.021s][info][gc       ] GC(352) Concurrent Mark Cycle 585.516ms
[97.031s][info][gc       ] GC(358) Pause Young (Prepare Mixed) (G1 Evacuation Pause) 2210M->1926M(5016M) 1.356ms
[97.031s][info][safepoint] Safepoint "G1CollectForAllocation", Time since last: 12494148 ns, Reaching safepoint: 168651 ns, At safepoint: 1537507 ns, Total: 1706158 ns
[97.123s][info][gc       ] GC(359) Pause Young (Mixed) (G1 Evacuation Pause) 2170M->1903M(5532M) 2.043ms
[97.124s][info][safepoint] Safepoint "G1CollectForAllocation", Time since last: 89736321 ns, Reaching safepoint: 231671 ns, At safepoint: 2449008 ns, Total: 2680679 ns
[97.304s][info][gc       ] GC(360) Pause Young (Concurrent Start) (G1 Evacuation Pause) 2371M->1903M(5532M) 1.671ms
[97.304s][info][gc       ] GC(361) Concurrent Mark Cycle
[97.304s][info][safepoint] Safepoint "G1CollectForAllocation", Time since last: 178677254 ns, Reaching safepoint: 192654 ns, At safepoint: 1910205 ns, Total: 2102859 ns
[97.495s][info][gc       ] GC(362) Pause Young (Normal) (G1 Evacuation Pause) 2311M->1903M(5532M) 1.719ms
[97.495s][info][safepoint] Safepoint "G1CollectForAllocation", Time since last: 188460575 ns, Reaching safepoint: 455336 ns, At safepoint: 2028612 ns, Total: 2483948 ns
[97.685s][info][gc       ] GC(363) Pause Young (Normal) (G1 Evacuation Pause) 2379M->1903M(5532M) 1.490ms
[97.685s][info][safepoint] Safepoint "G1CollectForAllocation", Time since last: 187498163 ns, Reaching safepoint: 314977 ns, At safepoint: 1767699 ns, Total: 2082676 ns
[97.698s][info][gc       ] GC(361) Pause Remark 1937M->1937M(5532M) 0.991ms
[97.698s][info][safepoint] Safepoint "G1Concurrent", Time since last: 12102595 ns, Reaching safepoint: 231640 ns, At safepoint: 1197848 ns, Total: 1429488 ns
[97.928s][info][gc       ] GC(364) Pause Young (Normal) (G1 Evacuation Pause) 2315M->1903M(5532M) 1.318ms
[97.928s][info][safepoint] Safepoint "G1CollectForAllocation", Time since last: 228121414 ns, Reaching safepoint: 244378 ns, At safepoint: 1590499 ns, Total: 1834877 ns
[97.957s][info][gc       ] GC(361) Pause Cleanup 1973M->1973M(5532M) 0.354ms
[97.957s][info][safepoint] Safepoint "G1Concurrent", Time since last: 27467711 ns, Reaching safepoint: 270940 ns, At safepoint: 609570 ns, Total: 880510 ns
[97.962s][info][gc       ] GC(361) Concurrent Mark Cycle 657.551ms
[98.129s][info][gc       ] GC(365) Pause Young (Prepare Mixed) (G1 Evacuation Pause) 2387M->1903M(5532M) 1.575ms
[98.129s][info][safepoint] Safepoint "G1CollectForAllocation", Time since last: 170172129 ns, Reaching safepoint: 190751 ns, At safepoint: 1801497 ns, Total: 1992248 ns
[98.222s][info][gc       ] GC(366) Pause Young (Mixed) (G1 Evacuation Pause) 2175M->1886M(5532M) 2.160ms
[98.222s][info][safepoint] Safepoint "G1CollectForAllocation", Time since last: 90588918 ns, Reaching safepoint: 241665 ns, At safepoint: 2477064 ns, Total: 2718729 ns
[98.523s][info][gc       ] GC(367) Pause Young (Concurrent Start) (G1 Evacuation Pause) 2686M->1886M(5532M) 1.870ms
[98.523s][info][safepoint] Safepoint "G1CollectForAllocation", Time since last: 298419252 ns, Reaching safepoint: 286987 ns, At safepoint: 2318725 ns, Total: 2605712 ns
[98.523s][info][gc       ] GC(368) Concurrent Mark Cycle
[98.761s][info][gc       ] GC(369) Pause Young (Normal) (G1 Evacuation Pause) 2502M->1886M(5532M) 1.875ms
[98.761s][info][safepoint] Safepoint "G1CollectForAllocation", Time since last: 235479020 ns, Reaching safepoint: 266353 ns, At safepoint: 2247650 ns, Total: 2514003 ns
[98.964s][info][gc       ] GC(368) Pause Remark 2374M->2374M(5532M) 1.319ms
[98.965s][info][safepoint] Safepoint "G1Concurrent", Time since last: 201456222 ns, Reaching safepoint: 258110 ns, At safepoint: 1622731 ns, Total: 1880841 ns
[99.063s][info][gc       ] GC(370) Pause Young (Normal) (G1 Evacuation Pause) 2618M->1886M(5532M) 1.310ms
[99.063s][info][safepoint] Safepoint "G1CollectForAllocation", Time since last: 96781117 ns, Reaching safepoint: 345890 ns, At safepoint: 1579851 ns, Total: 1925741 ns
[99.174s][info][gc       ] GC(368) Pause Cleanup 2172M->2172M(5532M) 0.295ms
[99.174s][info][safepoint] Safepoint "G1Concurrent", Time since last: 109799379 ns, Reaching safepoint: 286445 ns, At safepoint: 652016 ns, Total: 938461 ns
[99.179s][info][gc       ] GC(368) Concurrent Mark Cycle 655.590ms
[99.402s][info][gc       ] GC(371) Pause Young (Prepare Mixed) (G1 Evacuation Pause) 2750M->1886M(5532M) 1.336ms
[99.402s][info][safepoint] Safepoint "G1CollectForAllocation", Time since last: 226245615 ns, Reaching safepoint: 194735 ns, At safepoint: 1571371 ns, Total: 1766106 ns
[99.510s][info][gc       ] GC(372) Pause Young (Mixed) (G1 Evacuation Pause) 2158M->1871M(5532M) 2.752ms
[99.511s][info][safepoint] Safepoint "G1CollectForAllocation", Time since last: 105394428 ns, Reaching safepoint: 174444 ns, At safepoint: 2999604 ns, Total: 3174048 ns
[99.921s][info][gc       ] GC(373) Pause Young (Concurrent Start) (G1 Evacuation Pause) 3003M->1871M(5532M) 2.551ms
[99.921s][info][safepoint] Safepoint "G1CollectForAllocation", Time since last: 407487262 ns, Reaching safepoint: 195440 ns, At safepoint: 3105541 ns, Total: 3300981 ns
[99.921s][info][gc       ] GC(374) Concurrent Mark Cycle
[100.287s][info][gc       ] GC(374) Pause Remark 2867M->2867M(5532M) 1.681ms
[100.288s][info][safepoint] Safepoint "G1Concurrent", Time since last: 363976520 ns, Reaching safepoint: 296998 ns, At safepoint: 2146726 ns, Total: 2443724 ns
[100.336s][info][gc       ] GC(375) Pause Young (Normal) (G1 Evacuation Pause) 2999M->1871M(5532M) 1.803ms
[100.337s][info][safepoint] Safepoint "G1CollectForAllocation", Time since last: 46528079 ns, Reaching safepoint: 223748 ns, At safepoint: 2024169 ns, Total: 2247917 ns
[100.471s][info][gc       ] GC(374) Pause Cleanup 2247M->2247M(5532M) 0.311ms
[100.472s][info][safepoint] Safepoint "G1Concurrent", Time since last: 133989005 ns, Reaching safepoint: 292549 ns, At safepoint: 749330 ns, Total: 1041879 ns
[100.476s][info][gc       ] GC(374) Concurrent Mark Cycle 554.282ms
[100.638s][info][gc       ] GC(376) Pause Young (Prepare Mixed) (G1 Evacuation Pause) 2707M->1871M(5532M) 1.907ms
[100.638s][info][safepoint] Safepoint "G1CollectForAllocation", Time since last: 163871366 ns, Reaching safepoint: 172175 ns, At safepoint: 2311854 ns, Total: 2484029 ns
[100.737s][info][gc       ] GC(377) Pause Young (Mixed) (G1 Evacuation Pause) 2143M->1862M(5532M) 3.425ms
[100.737s][info][safepoint] Safepoint "G1CollectForAllocation", Time since last: 95404135 ns, Reaching safepoint: 168420 ns, At safepoint: 3880072 ns, Total: 4048492 ns
[101.165s][info][gc       ] GC(378) Pause Young (Concurrent Start) (G1 Evacuation Pause) 3138M->1862M(5532M) 2.336ms
[101.166s][info][gc       ] GC(379) Concurrent Mark Cycle
[101.166s][info][safepoint] Safepoint "G1CollectForAllocation", Time since last: 425426072 ns, Reaching safepoint: 177569 ns, At safepoint: 2651132 ns, Total: 2828701 ns
[101.547s][info][gc       ] GC(379) Pause Remark 2848M->2848M(5532M) 1.446ms
[101.548s][info][safepoint] Safepoint "G1Concurrent", Time since last: 379707644 ns, Reaching safepoint: 261262 ns, At safepoint: 2087531 ns, Total: 2348793 ns
[101.575s][info][gc       ] GC(380) Pause Young (Normal) (G1 Evacuation Pause) 2898M->1862M(5532M) 1.833ms
[101.575s][info][safepoint] Safepoint "G1CollectForAllocation", Time since last: 25073374 ns, Reaching safepoint: 322736 ns, At safepoint: 2234246 ns, Total: 2556982 ns
[101.733s][info][gc       ] GC(379) Pause Cleanup 2310M->2310M(5532M) 0.278ms
[101.734s][info][safepoint] Safepoint "G1Concurrent", Time since last: 157552416 ns, Reaching safepoint: 239230 ns, At safepoint: 766502 ns, Total: 1005732 ns
[101.738s][info][gc       ] GC(379) Concurrent Mark Cycle 571.979ms
[101.986s][info][gc       ] GC(381) Pause Young (Prepare Mixed) (G1 Evacuation Pause) 3066M->1862M(5532M) 2.161ms
[101.986s][info][safepoint] Safepoint "G1CollectForAllocation", Time since last: 249201097 ns, Reaching safepoint: 202788 ns, At safepoint: 2445307 ns, Total: 2648095 ns
[102.078s][info][gc       ] GC(382) Pause Young (Mixed) (G1 Evacuation Pause) 2134M->1853M(5532M) 3.713ms
[102.078s][info][safepoint] Safepoint "G1CollectForAllocation", Time since last: 88255068 ns, Reaching safepoint: 155765 ns, At safepoint: 4078180 ns, Total: 4233945 ns
[102.719s][info][gc       ] GC(383) Pause Young (Concurrent Start) (G1 Evacuation Pause) 3769M->1853M(5532M) 1.801ms
[102.720s][info][gc       ] GC(384) Concurrent Mark Cycle
[102.720s][info][safepoint] Safepoint "G1CollectForAllocation", Time since last: 639009313 ns, Reaching safepoint: 229070 ns, At safepoint: 2146078 ns, Total: 2375148 ns
[103.142s][info][gc       ] GC(384) Pause Remark 2991M->2991M(5532M) 1.293ms
[103.143s][info][safepoint] Safepoint "G1Concurrent", Time since last: 420995916 ns, Reaching safepoint: 262527 ns, At safepoint: 1860651 ns, Total: 2123178 ns
[103.277s][info][gc       ] GC(385) Pause Young (Normal) (G1 Evacuation Pause) 3361M->1853M(5532M) 1.463ms
[103.278s][info][safepoint] Safepoint "G1CollectForAllocation", Time since last: 132714471 ns, Reaching safepoint: 303210 ns, At safepoint: 1873642 ns, Total: 2176852 ns
[103.327s][info][gc       ] GC(384) Pause Cleanup 1991M->1991M(5532M) 0.297ms
[103.327s][info][safepoint] Safepoint "G1Concurrent", Time since last: 48621376 ns, Reaching safepoint: 236082 ns, At safepoint: 678919 ns, Total: 915001 ns
[103.331s][info][gc       ] GC(384) Concurrent Mark Cycle 611.592ms
[103.878s][info][gc       ] GC(386) Pause Young (Prepare Mixed) (G1 Evacuation Pause) 3581M->1853M(5532M) 2.085ms
[103.879s][info][safepoint] Safepoint "G1CollectForAllocation", Time since last: 548621873 ns, Reaching safepoint: 275092 ns, At safepoint: 2537331 ns, Total: 2812423 ns
[103.975s][info][gc       ] GC(387) Pause Young (Mixed) (G1 Evacuation Pause) 2125M->1847M(5532M) 3.321ms
[103.975s][info][safepoint] Safepoint "G1CollectForAllocation", Time since last: 92398688 ns, Reaching safepoint: 166228 ns, At safepoint: 3851303 ns, Total: 4017531 ns
[104.819s][info][gc       ] GC(388) Pause Young (Concurrent Start) (G1 Evacuation Pause) 4263M->1847M(5532M) 1.629ms
[104.819s][info][gc       ] GC(389) Concurrent Mark Cycle
[104.819s][info][safepoint] Safepoint "G1CollectForAllocation", Time since last: 842087481 ns, Reaching safepoint: 187174 ns, At safepoint: 1911624 ns, Total: 2098798 ns
[105.211s][info][gc       ] GC(389) Pause Remark 2755M->2755M(5532M) 1.372ms
[105.212s][info][safepoint] Safepoint "G1Concurrent", Time since last: 390463393 ns, Reaching safepoint: 313976 ns, At safepoint: 1735598 ns, Total: 2049574 ns
[105.399s][info][gc       ] GC(389) Pause Cleanup 3261M->3261M(5532M) 0.345ms
[105.400s][info][safepoint] Safepoint "G1Concurrent", Time since last: 186864555 ns, Reaching safepoint: 251190 ns, At safepoint: 674218 ns, Total: 925408 ns
[105.403s][info][gc       ] GC(389) Concurrent Mark Cycle 583.888ms
[105.659s][info][gc       ] GC(390) Pause Young (Prepare Mixed) (G1 Evacuation Pause) 4019M->1847M(5532M) 1.783ms
[105.660s][info][safepoint] Safepoint "G1CollectForAllocation", Time since last: 257895884 ns, Reaching safepoint: 179284 ns, At safepoint: 2103186 ns, Total: 2282470 ns
[105.762s][info][gc       ] GC(391) Pause Young (Mixed) (G1 Evacuation Pause) 2119M->1842M(5532M) 2.933ms
[105.762s][info][safepoint] Safepoint "G1CollectForAllocation", Time since last: 98510532 ns, Reaching safepoint: 307427 ns, At safepoint: 3330498 ns, Total: 3637925 ns
[106.729s][info][gc       ] GC(392) Pause Young (Concurrent Start) (G1 Evacuation Pause) 4810M->1842M(5532M) 2.456ms
[106.730s][info][safepoint] Safepoint "G1CollectForAllocation", Time since last: 964836160 ns, Reaching safepoint: 205387 ns, At safepoint: 2808179 ns, Total: 3013566 ns
[106.730s][info][gc       ] GC(393) Concurrent Mark Cycle
[107.098s][info][gc       ] GC(393) Pause Remark 2834M->2834M(5532M) 1.600ms
[107.099s][info][safepoint] Safepoint "G1Concurrent", Time since last: 366495058 ns, Reaching safepoint: 285112 ns, At safepoint: 2046430 ns, Total: 2331542 ns
[107.337s][info][gc       ] GC(393) Pause Cleanup 3490M->3490M(5532M) 0.215ms
[107.337s][info][safepoint] Safepoint "G1Concurrent", Time since last: 237677828 ns, Reaching safepoint: 309591 ns, At safepoint: 692454 ns, Total: 1002045 ns
[107.341s][info][gc       ] GC(393) Concurrent Mark Cycle 611.356ms
[107.749s][info][gc       ] GC(394) Pause Young (Prepare Mixed) (G1 Evacuation Pause) 4742M->2184M(5532M) 55.498ms
[107.749s][info][safepoint] Safepoint "G1CollectForAllocation", Time since last: 355378772 ns, Reaching safepoint: 352714 ns, At safepoint: 56010482 ns, Total: 56363196 ns
[107.827s][info][gc       ] GC(395) Pause Young (Mixed) (G1 Evacuation Pause) 2188M->2183M(5532M) 76.560ms
[107.827s][info][safepoint] Safepoint "G1CollectForAllocation", Time since last: 1188417 ns, Reaching safepoint: 155160 ns, At safepoint: 76810485 ns, Total: 76965645 ns
[107.870s][info][gc       ] GC(396) Pause Young (Concurrent Start) (G1 Humongous Allocation) 2321M->2320M(5532M) 22.405ms
[107.870s][info][gc       ] GC(397) Concurrent Mark Cycle
[107.870s][info][safepoint] Safepoint "G1TryInitiateConcMark", Time since last: 20418937 ns, Reaching safepoint: 147871 ns, At safepoint: 22719349 ns, Total: 22867220 ns
[107.936s][info][gc       ] GC(398) Pause Young (Normal) (G1 Evacuation Pause) 2464M->2465M(5532M) 42.595ms
[107.936s][info][safepoint] Safepoint "G1CollectForAllocation", Time since last: 22861082 ns, Reaching safepoint: 178418 ns, At safepoint: 42907291 ns, Total: 43085709 ns
[108.020s][info][gc       ] GC(399) Pause Young (Normal) (G1 Evacuation Pause) 2729M->2741M(5864M) 44.094ms
[108.021s][info][safepoint] Safepoint "G1CollectForAllocation", Time since last: 39490713 ns, Reaching safepoint: 266181 ns, At safepoint: 44484714 ns, Total: 44750895 ns
[108.039s][info][gc       ] GC(397) Pause Remark 2849M->1017M(3416M) 1.274ms
[108.039s][info][safepoint] Safepoint "G1Concurrent", Time since last: 16218219 ns, Reaching safepoint: 441755 ns, At safepoint: 1536836 ns, Total: 1978591 ns
[108.118s][info][gc       ] GC(400) Pause Young (Normal) (G1 Evacuation Pause) 1201M->1217M(3416M) 51.776ms
[108.119s][info][safepoint] Safepoint "G1CollectForAllocation", Time since last: 27239924 ns, Reaching safepoint: 259043 ns, At safepoint: 52203903 ns, Total: 52462946 ns
[108.183s][info][gc       ] GC(401) Pause Young (Normal) (G1 Evacuation Pause) 1345M->1359M(3416M) 27.218ms
[108.183s][info][safepoint] Safepoint "G1CollectForAllocation", Time since last: 36637472 ns, Reaching safepoint: 243262 ns, At safepoint: 27527468 ns, Total: 27770730 ns
[108.245s][info][gc       ] GC(402) Pause Young (Normal) (G1 Evacuation Pause) 1503M->1517M(3416M) 26.784ms
[108.246s][info][safepoint] Safepoint "G1CollectForAllocation", Time since last: 35407275 ns, Reaching safepoint: 236508 ns, At safepoint: 27261213 ns, Total: 27497721 ns
[108.248s][info][gc       ] GC(397) Pause Cleanup 1525M->1525M(3416M) 0.185ms
[108.248s][info][safepoint] Safepoint "G1Concurrent", Time since last: 1525683 ns, Reaching safepoint: 326467 ns, At safepoint: 432791 ns, Total: 759258 ns
[108.251s][info][gc       ] GC(397) Concurrent Mark Cycle 380.146ms
[108.297s][info][gc       ] GC(403) Pause Young (Normal) (G1 Evacuation Pause) 1661M->1671M(3416M) 26.873ms
[108.297s][info][safepoint] Safepoint "G1CollectForAllocation", Time since last: 21618796 ns, Reaching safepoint: 168750 ns, At safepoint: 27304351 ns, Total: 27473101 ns
[108.303s][info][gc       ] GC(404) Pause Young (Concurrent Start) (G1 Humongous Allocation) 1673M->1684M(3416M) 4.833ms
[108.303s][info][gc       ] GC(405) Concurrent Mark Cycle
[108.303s][info][safepoint] Safepoint "G1TryInitiateConcMark", Time since last: 545541 ns, Reaching safepoint: 256522 ns, At safepoint: 5058511 ns, Total: 5315033 ns
[108.485s][info][gc       ] GC(406) Pause Young (Normal) (G1 Evacuation Pause) 1916M->1918M(4596M) 53.803ms
[108.485s][info][safepoint] Safepoint "G1CollectForAllocation", Time since last: 127746817 ns, Reaching safepoint: 229742 ns, At safepoint: 54290485 ns, Total: 54520227 ns
[108.837s][info][gc       ] GC(407) Pause Young (Normal) (G1 Evacuation Pause) 2122M->2033M(4596M) 80.062ms
[108.837s][info][safepoint] Safepoint "G1CollectForAllocation", Time since last: 271131513 ns, Reaching safepoint: 259594 ns, At safepoint: 80424872 ns, Total: 80684466 ns
[108.910s][info][gc       ] GC(405) Pause Remark 2183M->2131M(4596M) 0.989ms
[108.911s][info][safepoint] Safepoint "G1Concurrent", Time since last: 72019554 ns, Reaching safepoint: 245861 ns, At safepoint: 1215441 ns, Total: 1461302 ns
[108.948s][info][gc       ] GC(408) Pause Young (Normal) (G1 Evacuation Pause) 2177M->1989M(4596M) 19.660ms
[108.948s][info][safepoint] Safepoint "G1CollectForAllocation", Time since last: 17094154 ns, Reaching safepoint: 189129 ns, At safepoint: 20151410 ns, Total: 20340539 ns
[109.035s][info][gc       ] GC(409) Pause Young (Normal) (G1 Evacuation Pause) 2213M->1989M(4596M) 1.294ms
[109.036s][info][safepoint] Safepoint "G1CollectForAllocation", Time since last: 85674966 ns, Reaching safepoint: 327042 ns, At safepoint: 1618412 ns, Total: 1945454 ns
[109.124s][info][gc       ] GC(410) Pause Young (Normal) (G1 Evacuation Pause) 2213M->1989M(4596M) 1.351ms
[109.124s][info][safepoint] Safepoint "G1CollectForAllocation", Time since last: 86285833 ns, Reaching safepoint: 352846 ns, At safepoint: 1626364 ns, Total: 1979210 ns
[109.139s][info][gc       ] GC(405) Pause Cleanup 2027M->2027M(4596M) 0.225ms
[109.139s][info][safepoint] Safepoint "G1Concurrent", Time since last: 14178377 ns, Reaching safepoint: 204875 ns, At safepoint: 495338 ns, Total: 700213 ns
[109.143s][info][gc       ] GC(405) Concurrent Mark Cycle 840.182ms
[109.211s][info][gc       ] GC(411) Pause Young (Prepare Mixed) (G1 Evacuation Pause) 2213M->1989M(4596M) 1.430ms
[109.211s][info][safepoint] Safepoint "G1CollectForAllocation", Time since last: 70613133 ns, Reaching safepoint: 186776 ns, At safepoint: 1689917 ns, Total: 1876693 ns
[109.294s][info][gc       ] GC(412) Pause Young (Mixed) (G1 Evacuation Pause) 2213M->1985M(4596M) 1.377ms
[109.294s][info][safepoint] Safepoint "G1CollectForAllocation", Time since last: 81015644 ns, Reaching safepoint: 163222 ns, At safepoint: 1594328 ns, Total: 1757550 ns
[109.376s][info][gc       ] GC(413) Pause Young (Mixed) (G1 Evacuation Pause) 2209M->1983M(4596M) 1.740ms
[109.376s][info][safepoint] Safepoint "G1CollectForAllocation", Time since last: 80090818 ns, Reaching safepoint: 187843 ns, At safepoint: 1963452 ns, Total: 2151295 ns
[109.449s][info][gc       ] GC(414) Pause Young (Mixed) (G1 Evacuation Pause) 2207M->1979M(4596M) 1.473ms
[109.449s][info][safepoint] Safepoint "G1CollectForAllocation", Time since last: 70753105 ns, Reaching safepoint: 172502 ns, At safepoint: 1731199 ns, Total: 1903701 ns
[109.525s][info][gc       ] GC(415) Pause Young (Mixed) (G1 Evacuation Pause) 2203M->1975M(4596M) 1.823ms
[109.525s][info][safepoint] Safepoint "G1CollectForAllocation", Time since last: 74036829 ns, Reaching safepoint: 153467 ns, At safepoint: 2108110 ns, Total: 2261577 ns
[109.601s][info][gc       ] GC(416) Pause Young (Concurrent Start) (G1 Evacuation Pause) 2199M->1975M(4596M) 1.592ms
[109.601s][info][safepoint] Safepoint "G1CollectForAllocation", Time since last: 73585616 ns, Reaching safepoint: 243346 ns, At safepoint: 2077020 ns, Total: 2320366 ns
[109.601s][info][gc       ] GC(417) Concurrent Mark Cycle
[109.689s][info][gc       ] GC(418) Pause Young (Normal) (G1 Evacuation Pause) 2199M->1975M(4596M) 1.286ms
[109.690s][info][safepoint] Safepoint "G1CollectForAllocation", Time since last: 86582294 ns, Reaching safepoint: 212481 ns, At safepoint: 1639645 ns, Total: 1852126 ns
[109.778s][info][gc       ] GC(419) Pause Young (Normal) (G1 Evacuation Pause) 2199M->1975M(4596M) 1.388ms
[109.779s][info][safepoint] Safepoint "G1CollectForAllocation", Time since last: 86972705 ns, Reaching safepoint: 282753 ns, At safepoint: 1700731 ns, Total: 1983484 ns
[109.874s][info][gc       ] GC(420) Pause Young (Normal) (G1 Evacuation Pause) 2199M->1975M(4596M) 1.593ms
[109.874s][info][safepoint] Safepoint "G1CollectForAllocation", Time since last: 93100654 ns, Reaching safepoint: 420694 ns, At safepoint: 1894660 ns, Total: 2315354 ns
[109.968s][info][gc       ] GC(421) Pause Young (Normal) (G1 Evacuation Pause) 2231M->1975M(4596M) 1.493ms
[109.968s][info][safepoint] Safepoint "G1CollectForAllocation", Time since last: 91902120 ns, Reaching safepoint: 287960 ns, At safepoint: 1835961 ns, Total: 2123921 ns
[109.990s][info][gc       ] GC(417) Pause Remark 2033M->1997M(4596M) 1.199ms
[109.990s][info][safepoint] Safepoint "G1Concurrent", Time since last: 20608778 ns, Reaching safepoint: 250088 ns, At safepoint: 1515313 ns, Total: 1765401 ns
[110.081s][info][gc       ] GC(422) Pause Young (Normal) (G1 Evacuation Pause) 2235M->1939M(4596M) 1.601ms
[110.081s][info][safepoint] Safepoint "G1CollectForAllocation", Time since last: 88506847 ns, Reaching safepoint: 452524 ns, At safepoint: 1933957 ns, Total: 2386481 ns
[110.186s][info][gc       ] GC(417) Pause Cleanup 2185M->2185M(4596M) 0.296ms
[110.186s][info][safepoint] Safepoint "G1Concurrent", Time since last: 103898828 ns, Reaching safepoint: 240240 ns, At safepoint: 610473 ns, Total: 850713 ns
[110.191s][info][gc       ] GC(417) Concurrent Mark Cycle 589.422ms
[110.235s][info][gc       ] GC(423) Pause Young (Prepare Mixed) (G1 Evacuation Pause) 2259M->1939M(4596M) 2.068ms
[110.236s][info][safepoint] Safepoint "G1CollectForAllocation", Time since last: 46778940 ns, Reaching safepoint: 209626 ns, At safepoint: 2471587 ns, Total: 2681213 ns
[110.327s][info][gc       ] GC(424) Pause Young (Mixed) (G1 Evacuation Pause) 2163M->1914M(4596M) 2.929ms
[110.327s][info][safepoint] Safepoint "G1CollectForAllocation", Time since last: 88188402 ns, Reaching safepoint: 231762 ns, At safepoint: 3254712 ns, Total: 3486474 ns
[110.473s][info][gc       ] GC(425) Pause Young (Concurrent Start) (G1 Evacuation Pause) 2302M->1914M(4596M) 1.944ms
[110.473s][info][gc       ] GC(426) Concurrent Mark Cycle
[110.473s][info][safepoint] Safepoint "G1CollectForAllocation", Time since last: 143418936 ns, Reaching safepoint: 235879 ns, At safepoint: 2302078 ns, Total: 2537957 ns
[110.612s][info][gc       ] GC(427) Pause Young (Normal) (G1 Evacuation Pause) 2290M->1914M(4596M) 1.546ms
[110.612s][info][safepoint] Safepoint "G1CollectForAllocation", Time since last: 136853065 ns, Reaching safepoint: 323658 ns, At safepoint: 2013455 ns, Total: 2337113 ns
[110.795s][info][gc       ] GC(428) Pause Young (Normal) (G1 Evacuation Pause) 2366M->1914M(4596M) 2.713ms
[110.795s][info][safepoint] Safepoint "G1CollectForAllocation", Time since last: 179443690 ns, Reaching safepoint: 374940 ns, At safepoint: 3078376 ns, Total: 3453316 ns
[110.868s][info][gc       ] GC(426) Pause Remark 2096M->2096M(4596M) 1.143ms
[110.869s][info][safepoint] Safepoint "G1Concurrent", Time since last: 71598298 ns, Reaching safepoint: 265594 ns, At safepoint: 1460755 ns, Total: 1726349 ns
[111.052s][info][gc       ] GC(429) Pause Young (Normal) (G1 Evacuation Pause) 2458M->1914M(4596M) 1.496ms
[111.053s][info][safepoint] Safepoint "G1CollectForAllocation", Time since last: 181942595 ns, Reaching safepoint: 289301 ns, At safepoint: 1793372 ns, Total: 2082673 ns
[111.079s][info][gc       ] GC(426) Pause Cleanup 1978M->1978M(4596M) 0.316ms
[111.079s][info][safepoint] Safepoint "G1Concurrent", Time since last: 25530727 ns, Reaching safepoint: 263614 ns, At safepoint: 650443 ns, Total: 914057 ns
[111.082s][info][gc       ] GC(426) Concurrent Mark Cycle 609.183ms
[111.294s][info][gc       ] GC(430) Pause Young (Prepare Mixed) (G1 Evacuation Pause) 2526M->1914M(4596M) 1.333ms
[111.294s][info][safepoint] Safepoint "G1CollectForAllocation", Time since last: 213636689 ns, Reaching safepoint: 180105 ns, At safepoint: 1598598 ns, Total: 1778703 ns
[111.374s][info][gc       ] GC(431) Pause Young (Mixed) (G1 Evacuation Pause) 2138M->1893M(4596M) 2.588ms
[111.374s][info][safepoint] Safepoint "G1CollectForAllocation", Time since last: 76260335 ns, Reaching safepoint: 268065 ns, At safepoint: 2897829 ns, Total: 3165894 ns
[111.741s][info][gc       ] GC(432) Pause Young (Concurrent Start) (G1 Evacuation Pause) 2821M->1893M(4596M) 1.502ms
[111.742s][info][gc       ] GC(433) Concurrent Mark Cycle
[111.742s][info][safepoint] Safepoint "G1CollectForAllocation", Time since last: 365698222 ns, Reaching safepoint: 206954 ns, At safepoint: 1769673 ns, Total: 1976627 ns
[112.178s][info][gc       ] GC(433) Pause Remark 2647M->2647M(4596M) 1.504ms
[112.179s][info][safepoint] Safepoint "G1Concurrent", Time since last: 434696622 ns, Reaching safepoint: 300143 ns, At safepoint: 1963638 ns, Total: 2263781 ns
[112.185s][info][gc       ] GC(434) Pause Young (Normal) (G1 Evacuation Pause) 2661M->1893M(4596M) 1.406ms
[112.186s][info][safepoint] Safepoint "G1CollectForAllocation", Time since last: 5107021 ns, Reaching safepoint: 415586 ns, At safepoint: 1606093 ns, Total: 2021679 ns
[112.363s][info][gc       ] GC(433) Pause Cleanup 2385M->2385M(4596M) 0.347ms
[112.363s][info][safepoint] Safepoint "G1Concurrent", Time since last: 176549704 ns, Reaching safepoint: 255574 ns, At safepoint: 856815 ns, Total: 1112389 ns
[112.367s][info][gc       ] GC(433) Concurrent Mark Cycle 625.003ms
[112.393s][info][gc       ] GC(435) Pause Young (Prepare Mixed) (G1 Evacuation Pause) 2465M->1893M(4596M) 1.599ms
[112.393s][info][safepoint] Safepoint "G1CollectForAllocation", Time since last: 27585474 ns, Reaching safepoint: 170942 ns, At safepoint: 1810850 ns, Total: 1981792 ns
[112.477s][info][gc       ] GC(436) Pause Young (Mixed) (G1 Evacuation Pause) 2117M->1877M(4596M) 3.120ms
[112.477s][info][safepoint] Safepoint "G1CollectForAllocation", Time since last: 80444101 ns, Reaching safepoint: 196145 ns, At safepoint: 3652314 ns, Total: 3848459 ns
[113.073s][info][gc       ] GC(437) Pause Young (Concurrent Start) (G1 Evacuation Pause) 3297M->1877M(4596M) 2.127ms
[113.073s][info][gc       ] GC(438) Concurrent Mark Cycle
[113.073s][info][safepoint] Safepoint "G1CollectForAllocation", Time since last: 593337945 ns, Reaching safepoint: 194239 ns, At safepoint: 2557019 ns, Total: 2751258 ns
[113.362s][info][gc       ] GC(439) Pause Young (Normal) (G1 Evacuation Pause) 2581M->1877M(4596M) 1.728ms
[113.362s][info][safepoint] Safepoint "G1CollectForAllocation", Time since last: 286600725 ns, Reaching safepoint: 381704 ns, At safepoint: 2184219 ns, Total: 2565923 ns
[113.517s][info][gc       ] GC(438) Pause Remark 2275M->2275M(4596M) 1.290ms
[113.518s][info][safepoint] Safepoint "G1Concurrent", Time since last: 153475241 ns, Reaching safepoint: 285393 ns, At safepoint: 1730069 ns, Total: 2015462 ns
[113.681s][info][gc       ] GC(440) Pause Young (Normal) (G1 Evacuation Pause) 2697M->1877M(4596M) 1.517ms
[113.681s][info][safepoint] Safepoint "G1CollectForAllocation", Time since last: 160932153 ns, Reaching safepoint: 318483 ns, At safepoint: 2008100 ns, Total: 2326583 ns
[113.710s][info][gc       ] GC(438) Pause Cleanup 1953M->1953M(4596M) 0.215ms
[113.710s][info][safepoint] Safepoint "G1Concurrent", Time since last: 28230421 ns, Reaching safepoint: 234904 ns, At safepoint: 404693 ns, Total: 639597 ns
[113.713s][info][gc       ] GC(438) Concurrent Mark Cycle 639.729ms
[114.012s][info][gc       ] GC(441) Pause Young (Prepare Mixed) (G1 Evacuation Pause) 2837M->1877M(4596M) 2.132ms
[114.013s][info][safepoint] Safepoint "G1CollectForAllocation", Time since last: 299744978 ns, Reaching safepoint: 197375 ns, At safepoint: 2697433 ns, Total: 2894808 ns
[114.088s][info][gc       ] GC(442) Pause Young (Mixed) (G1 Evacuation Pause) 2101M->1864M(4596M) 3.394ms
[114.089s][info][safepoint] Safepoint "G1CollectForAllocation", Time since last: 72112574 ns, Reaching safepoint: 212680 ns, At safepoint: 3853680 ns, Total: 4066360 ns
[114.729s][info][gc       ] GC(443) Pause Young (Concurrent Start) (G1 Evacuation Pause) 3864M->1864M(4596M) 2.005ms
[114.729s][info][gc       ] GC(444) Concurrent Mark Cycle
[114.729s][info][safepoint] Safepoint "G1CollectForAllocation", Time since last: 637950730 ns, Reaching safepoint: 190827 ns, At safepoint: 2413967 ns, Total: 2604794 ns
[115.154s][info][gc       ] GC(444) Pause Remark 3024M->3024M(5060M) 2.280ms
[115.155s][info][safepoint] Safepoint "G1Concurrent", Time since last: 422480414 ns, Reaching safepoint: 281773 ns, At safepoint: 2852243 ns, Total: 3134016 ns
[115.177s][info][gc       ] GC(445) Pause Young (Normal) (G1 Evacuation Pause) 3056M->1864M(5060M) 2.038ms
[115.177s][info][safepoint] Safepoint "G1CollectForAllocation", Time since last: 19105420 ns, Reaching safepoint: 320229 ns, At safepoint: 2457665 ns, Total: 2777894 ns
[115.336s][info][gc       ] GC(444) Pause Cleanup 2208M->2208M(5060M) 0.363ms
[115.336s][info][safepoint] Safepoint "G1Concurrent", Time since last: 158274383 ns, Reaching safepoint: 245454 ns, At safepoint: 871518 ns, Total: 1116972 ns
[115.340s][info][gc       ] GC(444) Concurrent Mark Cycle 611.086ms
[115.781s][info][gc       ] GC(446) Pause Young (Prepare Mixed) (G1 Evacuation Pause) 3332M->1864M(5060M) 1.999ms
[115.782s][info][safepoint] Safepoint "G1CollectForAllocation", Time since last: 442807228 ns, Reaching safepoint: 197984 ns, At safepoint: 2474457 ns, Total: 2672441 ns
[115.872s][info][gc       ] GC(447) Pause Young (Mixed) (G1 Evacuation Pause) 2112M->1855M(5060M) 3.712ms
[115.872s][info][safepoint] Safepoint "G1CollectForAllocation", Time since last: 86111372 ns, Reaching safepoint: 175099 ns, At safepoint: 4150513 ns, Total: 4325612 ns
[116.667s][info][gc       ] GC(448) Pause Young (Concurrent Start) (G1 Evacuation Pause) 4331M->1855M(5060M) 2.528ms
[116.667s][info][gc       ] GC(449) Concurrent Mark Cycle
[116.667s][info][safepoint] Safepoint "G1CollectForAllocation", Time since last: 791867542 ns, Reaching safepoint: 188882 ns, At safepoint: 3113356 ns, Total: 3302238 ns
[117.075s][info][gc       ] GC(449) Pause Remark 2937M->2937M(5060M) 2.077ms
[117.076s][info][safepoint] Safepoint "G1Concurrent", Time since last: 405295125 ns, Reaching safepoint: 256807 ns, At safepoint: 2683629 ns, Total: 2940436 ns
[117.276s][info][gc       ] GC(449) Pause Cleanup 3493M->3493M(5060M) 0.263ms
[117.277s][info][safepoint] Safepoint "G1Concurrent", Time since last: 199851571 ns, Reaching safepoint: 343816 ns, At safepoint: 733654 ns, Total: 1077470 ns
[117.281s][info][gc       ] GC(449) Concurrent Mark Cycle 613.962ms
[117.359s][info][gc       ] GC(450) Pause Young (Prepare Mixed) (G1 Evacuation Pause) 3735M->1855M(5060M) 1.895ms
[117.360s][info][safepoint] Safepoint "G1CollectForAllocation", Time since last: 80477358 ns, Reaching safepoint: 284971 ns, At safepoint: 2290554 ns, Total: 2575525 ns
[117.448s][info][gc       ] GC(451) Pause Young (Mixed) (G1 Evacuation Pause) 2103M->1848M(5060M) 4.173ms
[117.449s][info][safepoint] Safepoint "G1CollectForAllocation", Time since last: 84499167 ns, Reaching safepoint: 151568 ns, At safepoint: 4686646 ns, Total: 4838214 ns
[118.284s][info][gc       ] GC(452) Pause Young (Normal) (G1 Evacuation Pause) 4392M->1848M(5060M) 2.150ms
[118.284s][info][safepoint] Safepoint "G1CollectForAllocation", Time since last: 832618777 ns, Reaching safepoint: 178587 ns, At safepoint: 2591127 ns, Total: 2769714 ns
[119.130s][info][gc       ] GC(453) Pause Young (Normal) (G1 Evacuation Pause) 4416M->1848M(5060M) 1.775ms
[119.130s][info][safepoint] Safepoint "G1CollectForAllocation", Time since last: 843662371 ns, Reaching safepoint: 236365 ns, At safepoint: 2115396 ns, Total: 2351761 ns
[120.005s][info][gc       ] GC(454) Pause Young (Concurrent Start) (G1 Evacuation Pause) 4436M->1848M(5060M) 1.788ms
[120.005s][info][gc       ] GC(455) Concurrent Mark Cycle
[120.005s][info][safepoint] Safepoint "G1CollectForAllocation", Time since last: 872690055 ns, Reaching safepoint: 312243 ns, At safepoint: 2037431 ns, Total: 2349674 ns
[120.437s][info][gc       ] GC(455) Pause Remark 3400M->3400M(5688M) 2.199ms
[120.437s][info][safepoint] Safepoint "G1Concurrent", Time since last: 428853486 ns, Reaching safepoint: 326874 ns, At safepoint: 2676669 ns, Total: 3003543 ns
[120.642s][info][gc       ] GC(455) Pause Cleanup 4188M->4188M(5688M) 0.275ms
[120.642s][info][safepoint] Safepoint "G1Concurrent", Time since last: 204036750 ns, Reaching safepoint: 334344 ns, At safepoint: 599252 ns, Total: 933596 ns
[120.648s][info][gc       ] GC(455) Concurrent Mark Cycle 642.328ms
[121.422s][info][gc       ] GC(456) Pause Young (Prepare Mixed) (G1 Evacuation Pause) 4560M->3656M(6212M) 588.909ms
[121.423s][info][safepoint] Safepoint "G1CollectForAllocation", Time since last: 190946553 ns, Reaching safepoint: 212315 ns, At safepoint: 589176495 ns, Total: 589388810 ns
[121.507s][info][gc       ] GC(457) Pause Young (Mixed) (G1 Evacuation Pause) 3660M->3663M(6212M) 82.299ms
[121.507s][info][safepoint] Safepoint "G1CollectForAllocation", Time since last: 1788482 ns, Reaching safepoint: 160684 ns, At safepoint: 82553045 ns, Total: 82713729 ns
[121.622s][info][gc       ] GC(458) Pause Young (Concurrent Start) (G1 Evacuation Pause) 3967M->3661M(6212M) 1.984ms
[121.622s][info][gc       ] GC(459) Concurrent Mark Cycle
[121.622s][info][safepoint] Safepoint "G1CollectForAllocation", Time since last: 112816092 ns, Reaching safepoint: 204898 ns, At safepoint: 2309769 ns, Total: 2514667 ns
[121.742s][info][gc       ] GC(460) Pause Young (Normal) (G1 Evacuation Pause) 3965M->3660M(6212M) 1.919ms
[121.743s][info][safepoint] Safepoint "G1CollectForAllocation", Time since last: 117587275 ns, Reaching safepoint: 397865 ns, At safepoint: 2276898 ns, Total: 2674763 ns
[121.865s][info][gc       ] GC(461) Pause Young (Normal) (G1 Evacuation Pause) 3964M->3660M(6212M) 1.634ms
[121.865s][info][safepoint] Safepoint "G1CollectForAllocation", Time since last: 120009977 ns, Reaching safepoint: 357861 ns, At safepoint: 1983462 ns, Total: 2341323 ns
[122.000s][info][gc       ] GC(462) Pause Young (Normal) (G1 Evacuation Pause) 4004M->3659M(6212M) 1.866ms
[122.001s][info][safepoint] Safepoint "G1CollectForAllocation", Time since last: 133144054 ns, Reaching safepoint: 209533 ns, At safepoint: 2248483 ns, Total: 2458016 ns
[122.011s][info][gc       ] GC(459) Pause Remark 3681M->1761M(5908M) 1.668ms
[122.011s][info][safepoint] Safepoint "G1Concurrent", Time since last: 8277409 ns, Reaching safepoint: 363616 ns, At safepoint: 1929922 ns, Total: 2293538 ns
[122.158s][info][gc       ] GC(463) Pause Young (Normal) (G1 Evacuation Pause) 2123M->1739M(5908M) 1.598ms
[122.158s][info][safepoint] Safepoint "G1CollectForAllocation", Time since last: 144733854 ns, Reaching safepoint: 330815 ns, At safepoint: 1955337 ns, Total: 2286152 ns
[122.207s][info][gc       ] GC(459) Pause Cleanup 1859M->1859M(5908M) 0.274ms
[122.208s][info][safepoint] Safepoint "G1Concurrent", Time since last: 48466625 ns, Reaching safepoint: 320013 ns, At safepoint: 608021 ns, Total: 928034 ns
[122.212s][info][gc       ] GC(459) Concurrent Mark Cycle 589.662ms
[122.322s][info][gc       ] GC(464) Pause Young (Prepare Mixed) (G1 Evacuation Pause) 2155M->1739M(5908M) 1.941ms
[122.322s][info][safepoint] Safepoint "G1CollectForAllocation", Time since last: 112028535 ns, Reaching safepoint: 154737 ns, At safepoint: 2310301 ns, Total: 2465038 ns
[122.424s][info][gc       ] GC(465) Pause Young (Mixed) (G1 Evacuation Pause) 2027M->1735M(5908M) 1.610ms
[122.424s][info][safepoint] Safepoint "G1CollectForAllocation", Time since last: 99675973 ns, Reaching safepoint: 214773 ns, At safepoint: 1938903 ns, Total: 2153676 ns
[122.589s][info][gc       ] GC(466) Pause Young (Normal) (G1 Evacuation Pause) 2211M->1735M(5908M) 1.583ms
[122.590s][info][safepoint] Safepoint "G1CollectForAllocation", Time since last: 163549914 ns, Reaching safepoint: 181240 ns, At safepoint: 1933054 ns, Total: 2114294 ns
[122.792s][info][gc       ] GC(467) Pause Young (Normal) (G1 Evacuation Pause) 2307M->1735M(5908M) 1.497ms
[122.792s][info][safepoint] Safepoint "G1CollectForAllocation", Time since last: 200715176 ns, Reaching safepoint: 167236 ns, At safepoint: 1780678 ns, Total: 1947914 ns
[123.029s][info][gc       ] GC(468) Pause Young (Normal) (G1 Evacuation Pause) 2387M->1735M(5908M) 1.412ms
[123.029s][info][safepoint] Safepoint "G1CollectForAllocation", Time since last: 234718899 ns, Reaching safepoint: 201768 ns, At safepoint: 1685446 ns, Total: 1887214 ns
[123.311s][info][gc       ] GC(469) Pause Young (Normal) (G1 Evacuation Pause) 2567M->1735M(5908M) 2.010ms
[123.311s][info][safepoint] Safepoint "G1CollectForAllocation", Time since last: 279602477 ns, Reaching safepoint: 169324 ns, At safepoint: 2420720 ns, Total: 2590044 ns
[123.581s][info][gc       ] GC(470) Pause Young (Normal) (G1 Evacuation Pause) 2539M->1735M(5908M) 1.894ms
[123.581s][info][safepoint] Safepoint "G1CollectForAllocation", Time since last: 267457839 ns, Reaching safepoint: 309131 ns, At safepoint: 2339063 ns, Total: 2648194 ns
[123.892s][info][gc       ] GC(471) Pause Young (Normal) (G1 Evacuation Pause) 2683M->1735M(5908M) 1.987ms
[123.893s][info][safepoint] Safepoint "G1CollectForAllocation", Time since last: 308990706 ns, Reaching safepoint: 180591 ns, At safepoint: 2339699 ns, Total: 2520290 ns
[124.263s][info][gc       ] GC(472) Pause Young (Normal) (G1 Evacuation Pause) 2843M->1735M(5908M) 2.036ms
[124.263s][info][safepoint] Safepoint "G1CollectForAllocation", Time since last: 368298206 ns, Reaching safepoint: 234034 ns, At safepoint: 2268134 ns, Total: 2502168 ns
[124.692s][info][gc       ] GC(473) Pause Young (Normal) (G1 Evacuation Pause) 3023M->1735M(5908M) 2.029ms
[124.693s][info][safepoint] Safepoint "G1CollectForAllocation", Time since last: 426508654 ns, Reaching safepoint: 178414 ns, At safepoint: 2435953 ns, Total: 2614367 ns
[125.263s][info][gc       ] GC(474) Pause Young (Normal) (G1 Evacuation Pause) 3447M->1735M(5908M) 2.263ms
[125.263s][info][safepoint] Safepoint "G1CollectForAllocation", Time since last: 567643158 ns, Reaching safepoint: 167883 ns, At safepoint: 2642601 ns, Total: 2810484 ns
[126.366s][info][gc       ] GC(475) Pause Young (Normal) (G1 Evacuation Pause) 5147M->1735M(5908M) 2.086ms
[126.366s][info][safepoint] Safepoint "G1CollectForAllocation", Time since last: 1100551647 ns, Reaching safepoint: 178709 ns, At safepoint: 2386219 ns, Total: 2564928 ns
[127.515s][info][gc       ] GC(476) Pause Young (Concurrent Start) (G1 Evacuation Pause) 5175M->1735M(5908M) 2.420ms
[127.515s][info][safepoint] Safepoint "G1CollectForAllocation", Time since last: 1146011267 ns, Reaching safepoint: 175772 ns, At safepoint: 2799250 ns, Total: 2975022 ns
[127.515s][info][gc       ] GC(477) Concurrent Mark Cycle
[127.913s][info][gc       ] GC(477) Pause Remark 2563M->2563M(5908M) 1.512ms
[127.914s][info][safepoint] Safepoint "G1Concurrent", Time since last: 396627340 ns, Reaching safepoint: 211827 ns, At safepoint: 1908294 ns, Total: 2120121 ns
[128.080s][info][gc       ] GC(477) Pause Cleanup 2995M->2995M(5908M) 0.359ms
[128.080s][info][safepoint] Safepoint "G1Concurrent", Time since last: 165531224 ns, Reaching safepoint: 262209 ns, At safepoint: 721083 ns, Total: 983292 ns
[128.084s][info][gc       ] GC(477) Concurrent Mark Cycle 569.081ms
[128.796s][info][gc       ] GC(478) Pause Young (Prepare Mixed) (G1 Evacuation Pause) 5199M->1735M(5908M) 2.162ms
[128.797s][info][safepoint] Safepoint "G1CollectForAllocation", Time since last: 713690967 ns, Reaching safepoint: 183659 ns, At safepoint: 2500951 ns, Total: 2684610 ns
[128.888s][info][gc       ] GC(479) Pause Young (Mixed) (G1 Evacuation Pause) 2023M->1732M(5908M) 1.602ms
[128.888s][info][safepoint] Safepoint "G1CollectForAllocation", Time since last: 89159857 ns, Reaching safepoint: 170723 ns, At safepoint: 1990524 ns, Total: 2161247 ns
[130.041s][info][gc       ] GC(480) Pause Young (Normal) (G1 Evacuation Pause) 5216M->1732M(5908M) 2.146ms
[130.041s][info][safepoint] Safepoint "G1CollectForAllocation", Time since last: 1150681692 ns, Reaching safepoint: 182467 ns, At safepoint: 2481104 ns, Total: 2663571 ns
[131.185s][info][gc       ] GC(481) Pause Young (Normal) (G1 Evacuation Pause) 5232M->1732M(5908M) 2.349ms
[131.185s][info][safepoint] Safepoint "G1CollectForAllocation", Time since last: 1140536515 ns, Reaching safepoint: 200466 ns, At safepoint: 2784364 ns, Total: 2984830 ns
[131.978s][info][gc       ] GC(482) Pause Young (Concurrent Start) (G1 Humongous Allocation) 4234M->1792M(5908M) 10.108ms
[131.978s][info][safepoint] Safepoint "G1TryInitiateConcMark", Time since last: 782704382 ns, Reaching safepoint: 167895 ns, At safepoint: 10482963 ns, Total: 10650858 ns
[131.978s][info][gc       ] GC(483) Concurrent Mark Cycle
[131.988s][info][gc       ] GC(483) Pause Remark 1848M->136M(496M) 2.364ms
[131.989s][info][safepoint] Safepoint "G1Concurrent", Time since last: 7389893 ns, Reaching safepoint: 427657 ns, At safepoint: 2674730 ns, Total: 3102387 ns
[131.992s][info][gc       ] GC(483) Pause Cleanup 160M->160M(496M) 0.145ms
[131.992s][info][safepoint] Safepoint "G1Concurrent", Time since last: 3092363 ns, Reaching safepoint: 281350 ns, At safepoint: 276498 ns, Total: 557848 ns
[131.993s][info][gc       ] GC(483) Concurrent Mark Cycle 14.440ms
[132.015s][info][gc       ] GC(484) Pause Young (Concurrent Start) (G1 Humongous Allocation) 162M->163M(496M) 22.457ms
[132.016s][info][safepoint] Safepoint "G1TryInitiateConcMark", Time since last: 402917 ns, Reaching safepoint: 132546 ns, At safepoint: 22910282 ns, Total: 23042828 ns
[132.016s][info][gc       ] GC(485) Concurrent Mark Cycle
[132.058s][info][gc       ] GC(486) Pause Young (Normal) (G1 Evacuation Pause) 179M->189M(496M) 34.476ms
[132.059s][info][safepoint] Safepoint "G1CollectForAllocation", Time since last: 3271664 ns, Reaching safepoint: 140667 ns, At safepoint: 39407318 ns, Total: 39547985 ns
[132.063s][info][gc       ] GC(485) Pause Remark 209M->205M(496M) 0.863ms
[132.063s][info][safepoint] Safepoint "G1Concurrent", Time since last: 2687239 ns, Reaching safepoint: 444507 ns, At safepoint: 1020989 ns, Total: 1465496 ns
[132.093s][info][gc       ] GC(487) Pause Young (Normal) (G1 Evacuation Pause) 289M->287M(496M) 17.765ms
[132.093s][info][safepoint] Safepoint "G1CollectForAllocation", Time since last: 11905932 ns, Reaching safepoint: 195707 ns, At safepoint: 18162560 ns, Total: 18358267 ns
[132.094s][info][gc       ] GC(485) Pause Cleanup 289M->289M(496M) 0.139ms
[132.094s][info][safepoint] Safepoint "G1Concurrent", Time since last: 500667 ns, Reaching safepoint: 413023 ns, At safepoint: 370201 ns, Total: 783224 ns
[132.095s][info][gc       ] GC(485) Concurrent Mark Cycle 78.870ms
[132.112s][info][gc       ] GC(488) Pause Young (Normal) (G1 Evacuation Pause) 331M->337M(1488M) 11.380ms
[132.112s][info][safepoint] Safepoint "G1CollectForAllocation", Time since last: 6103537 ns, Reaching safepoint: 127644 ns, At safepoint: 11691766 ns, Total: 11819410 ns
[132.119s][info][gc       ] GC(489) Pause Young (Concurrent Start) (G1 Humongous Allocation) 353M->353M(1488M) 4.332ms
[132.119s][info][gc       ] GC(490) Concurrent Mark Cycle
[132.119s][info][safepoint] Safepoint "G1TryInitiateConcMark", Time since last: 2263205 ns, Reaching safepoint: 143664 ns, At safepoint: 4511605 ns, Total: 4655269 ns
[132.148s][info][gc       ] GC(491) Pause Young (Normal) (G1 Evacuation Pause) 437M->437M(1488M) 16.039ms
[132.149s][info][safepoint] Safepoint "G1CollectForAllocation", Time since last: 12702713 ns, Reaching safepoint: 340942 ns, At safepoint: 16459043 ns, Total: 16799985 ns
[132.191s][info][gc       ] GC(492) Pause Young (Normal) (G1 Evacuation Pause) 565M->572M(1488M) 21.091ms
[132.191s][info][safepoint] Safepoint "G1CollectForAllocation", Time since last: 20601600 ns, Reaching safepoint: 247647 ns, At safepoint: 21487446 ns, Total: 21735093 ns
[132.242s][info][gc       ] GC(493) Pause Young (Normal) (G1 Evacuation Pause) 712M->720M(3440M) 28.315ms
[132.243s][info][safepoint] Safepoint "G1CollectForAllocation", Time since last: 22585498 ns, Reaching safepoint: 208371 ns, At safepoint: 28685764 ns, Total: 28894135 ns
[132.255s][info][gc       ] GC(490) Pause Remark 786M->774M(2616M) 1.291ms
[132.255s][info][safepoint] Safepoint "G1Concurrent", Time since last: 10872313 ns, Reaching safepoint: 433675 ns, At safepoint: 1556825 ns, Total: 1990500 ns
[132.308s][info][gc       ] GC(494) Pause Young (Normal) (G1 Evacuation Pause) 904M->918M(2616M) 32.553ms
[132.308s][info][safepoint] Safepoint "G1CollectForAllocation", Time since last: 19692810 ns, Reaching safepoint: 303904 ns, At safepoint: 32864601 ns, Total: 33168505 ns
[132.388s][info][gc       ] GC(495) Pause Young (Normal) (G1 Evacuation Pause) 1166M->1184M(2616M) 41.409ms
[132.388s][info][safepoint] Safepoint "G1CollectForAllocation", Time since last: 38166075 ns, Reaching safepoint: 272052 ns, At safepoint: 41708765 ns, Total: 41980817 ns
[132.421s][info][gc       ] GC(490) Pause Cleanup 1392M->1392M(2616M) 0.220ms
[132.421s][info][safepoint] Safepoint "G1Concurrent", Time since last: 31712187 ns, Reaching safepoint: 421308 ns, At safepoint: 443839 ns, Total: 865147 ns
[132.423s][info][gc       ] GC(490) Concurrent Mark Cycle 303.716ms
[132.475s][info][gc       ] GC(496) Pause Young (Prepare Mixed) (G1 Evacuation Pause) 1440M->1452M(2616M) 45.515ms
[132.475s][info][safepoint] Safepoint "G1CollectForAllocation", Time since last: 8397123 ns, Reaching safepoint: 215183 ns, At safepoint: 45730712 ns, Total: 45945895 ns
[132.510s][info][gc       ] GC(497) Pause Young (Mixed) (G1 Evacuation Pause) 1544M->1555M(2616M) 20.805ms
[132.510s][info][safepoint] Safepoint "G1CollectForAllocation", Time since last: 13454666 ns, Reaching safepoint: 154105 ns, At safepoint: 21056795 ns, Total: 21210900 ns
[132.554s][info][gc       ] GC(498) Pause Young (Concurrent Start) (G1 Humongous Allocation) 1687M->1695M(4116M) 24.723ms
[132.555s][info][gc       ] GC(499) Concurrent Mark Cycle
[132.555s][info][safepoint] Safepoint "G1TryInitiateConcMark", Time since last: 19244560 ns, Reaching safepoint: 155919 ns, At safepoint: 25093356 ns, Total: 25249275 ns
[132.924s][info][gc       ] GC(500) Pause Young (Normal) (G1 Evacuation Pause) 1999M->2007M(4116M) 116.405ms
[132.924s][info][safepoint] Safepoint "G1CollectForAllocation", Time since last: 252356342 ns, Reaching safepoint: 346160 ns, At safepoint: 116864523 ns, Total: 117210683 ns
[133.099s][info][gc       ] GC(501) Pause Young (Normal) (G1 Evacuation Pause) 2175M->2047M(4116M) 43.571ms
[133.099s][info][safepoint] Safepoint "G1CollectForAllocation", Time since last: 131059264 ns, Reaching safepoint: 253235 ns, At safepoint: 44052761 ns, Total: 44305996 ns
[133.172s][info][gc       ] GC(499) Pause Remark 2187M->2127M(4116M) 1.011ms
[133.172s][info][safepoint] Safepoint "G1Concurrent", Time since last: 70775811 ns, Reaching safepoint: 343639 ns, At safepoint: 1256793 ns, Total: 1600432 ns
[133.204s][info][gc       ] GC(502) Pause Young (Normal) (G1 Evacuation Pause) 2163M->1995M(4116M) 17.032ms
[133.204s][info][safepoint] Safepoint "G1CollectForAllocation", Time since last: 14505391 ns, Reaching safepoint: 213050 ns, At safepoint: 17336124 ns, Total: 17549174 ns
[133.294s][info][gc       ] GC(503) Pause Young (Normal) (G1 Evacuation Pause) 2195M->1994M(4116M) 1.216ms
[133.294s][info][safepoint] Safepoint "G1CollectForAllocation", Time since last: 88454101 ns, Reaching safepoint: 315300 ns, At safepoint: 1484835 ns, Total: 1800135 ns
[133.372s][info][gc       ] GC(504) Pause Young (Normal) (G1 Evacuation Pause) 2194M->1994M(4116M) 1.209ms
[133.372s][info][safepoint] Safepoint "G1CollectForAllocation", Time since last: 75935772 ns, Reaching safepoint: 300616 ns, At safepoint: 1670036 ns, Total: 1970652 ns
[133.391s][info][gc       ] GC(499) Pause Cleanup 2042M->2042M(4116M) 0.207ms
[133.391s][info][safepoint] Safepoint "G1Concurrent", Time since last: 18746603 ns, Reaching safepoint: 220756 ns, At safepoint: 464641 ns, Total: 685397 ns
[133.395s][info][gc       ] GC(499) Concurrent Mark Cycle 840.493ms
[133.447s][info][gc       ] GC(505) Pause Young (Prepare Mixed) (G1 Evacuation Pause) 2194M->1994M(4116M) 1.514ms
[133.447s][info][safepoint] Safepoint "G1CollectForAllocation", Time since last: 53959197 ns, Reaching safepoint: 158060 ns, At safepoint: 1759085 ns, Total: 1917145 ns
[133.519s][info][gc       ] GC(506) Pause Young (Mixed) (G1 Evacuation Pause) 2194M->1990M(4116M) 1.446ms
[133.519s][info][safepoint] Safepoint "G1CollectForAllocation", Time since last: 69977501 ns, Reaching safepoint: 197878 ns, At safepoint: 1747804 ns, Total: 1945682 ns
[133.591s][info][gc       ] GC(507) Pause Young (Mixed) (G1 Evacuation Pause) 2190M->1987M(4116M) 1.581ms
[133.591s][info][safepoint] Safepoint "G1CollectForAllocation", Time since last: 69727318 ns, Reaching safepoint: 174871 ns, At safepoint: 2094830 ns, Total: 2269701 ns
[133.663s][info][gc       ] GC(508) Pause Young (Mixed) (G1 Evacuation Pause) 2187M->1983M(4116M) 1.913ms
[133.664s][info][safepoint] Safepoint "G1CollectForAllocation", Time since last: 69937199 ns, Reaching safepoint: 190185 ns, At safepoint: 2128047 ns, Total: 2318232 ns
[133.735s][info][gc       ] GC(509) Pause Young (Mixed) (G1 Evacuation Pause) 2183M->1979M(4116M) 1.480ms
[133.735s][info][safepoint] Safepoint "G1CollectForAllocation", Time since last: 69365831 ns, Reaching safepoint: 158460 ns, At safepoint: 1734938 ns, Total: 1893398 ns
[133.803s][info][gc       ] GC(510) Pause Young (Mixed) (G1 Evacuation Pause) 2179M->1975M(4116M) 1.795ms
[133.803s][info][safepoint] Safepoint "G1CollectForAllocation", Time since last: 65887001 ns, Reaching safepoint: 163685 ns, At safepoint: 2251143 ns, Total: 2414828 ns
[133.877s][info][gc       ] GC(511) Pause Young (Concurrent Start) (G1 Evacuation Pause) 2191M->1975M(4116M) 1.804ms
[133.878s][info][gc       ] GC(512) Concurrent Mark Cycle
[133.878s][info][safepoint] Safepoint "G1CollectForAllocation", Time since last: 72342322 ns, Reaching safepoint: 179098 ns, At safepoint: 2108882 ns, Total: 2287980 ns
[133.970s][info][gc       ] GC(513) Pause Young (Normal) (G1 Evacuation Pause) 2223M->1975M(4116M) 1.776ms
[133.970s][info][safepoint] Safepoint "G1CollectForAllocation", Time since last: 89815786 ns, Reaching safepoint: 220280 ns, At safepoint: 2390679 ns, Total: 2610959 ns
[134.078s][info][gc       ] GC(514) Pause Young (Normal) (G1 Evacuation Pause) 2255M->1975M(4116M) 1.411ms
[134.079s][info][safepoint] Safepoint "G1CollectForAllocation", Time since last: 106607461 ns, Reaching safepoint: 224532 ns, At safepoint: 1706256 ns, Total: 1930788 ns
[134.225s][info][gc       ] GC(515) Pause Young (Normal) (G1 Evacuation Pause) 2267M->1975M(4116M) 1.670ms
[134.226s][info][safepoint] Safepoint "G1CollectForAllocation", Time since last: 144634555 ns, Reaching safepoint: 361463 ns, At safepoint: 2147071 ns, Total: 2508534 ns
[134.273s][info][gc       ] GC(512) Pause Remark 2091M->2055M(4116M) 1.588ms
[134.274s][info][safepoint] Safepoint "G1Concurrent", Time since last: 45725182 ns, Reaching safepoint: 290662 ns, At safepoint: 1897109 ns, Total: 2187771 ns
[134.357s][info][gc       ] GC(516) Pause Young (Normal) (G1 Evacuation Pause) 2251M->1939M(4116M) 1.676ms
[134.357s][info][safepoint] Safepoint "G1CollectForAllocation", Time since last: 80670927 ns, Reaching safepoint: 410875 ns, At safepoint: 1962188 ns, Total: 2373063 ns
[134.465s][info][gc       ] GC(512) Pause Cleanup 2237M->2237M(4116M) 0.268ms
[134.465s][info][safepoint] Safepoint "G1Concurrent", Time since last: 107715830 ns, Reaching safepoint: 239246 ns, At safepoint: 646246 ns, Total: 885492 ns
[134.469s][info][gc       ] GC(512) Concurrent Mark Cycle 591.302ms
[134.486s][info][gc       ] GC(517) Pause Young (Prepare Mixed) (G1 Evacuation Pause) 2287M->1939M(4116M) 1.908ms
[134.487s][info][safepoint] Safepoint "G1CollectForAllocation", Time since last: 18904452 ns, Reaching safepoint: 193559 ns, At safepoint: 2142608 ns, Total: 2336167 ns
[134.560s][info][gc       ] GC(518) Pause Young (Mixed) (G1 Evacuation Pause) 2139M->1911M(4116M) 2.420ms
[134.560s][info][safepoint] Safepoint "G1CollectForAllocation", Time since last: 70434038 ns, Reaching safepoint: 148240 ns, At safepoint: 2797831 ns, Total: 2946071 ns
[134.754s][info][gc       ] GC(519) Pause Young (Concurrent Start) (G1 Evacuation Pause) 2467M->1911M(4116M) 1.458ms
[134.755s][info][gc       ] GC(520) Concurrent Mark Cycle
[134.755s][info][safepoint] Safepoint "G1CollectForAllocation", Time since last: 192647275 ns, Reaching safepoint: 196741 ns, At safepoint: 1813154 ns, Total: 2009895 ns
[135.009s][info][gc       ] GC(521) Pause Young (Normal) (G1 Evacuation Pause) 2343M->1911M(4116M) 1.449ms
[135.009s][info][safepoint] Safepoint "G1CollectForAllocation", Time since last: 252425664 ns, Reaching safepoint: 316234 ns, At safepoint: 1775936 ns, Total: 2092170 ns
[135.204s][info][gc       ] GC(520) Pause Remark 2389M->2389M(4116M) 1.199ms
[135.205s][info][safepoint] Safepoint "G1Concurrent", Time since last: 193831782 ns, Reaching safepoint: 237495 ns, At safepoint: 1433129 ns, Total: 1670624 ns
[135.216s][info][gc       ] GC(522) Pause Young (Normal) (G1 Evacuation Pause) 2415M->1911M(4116M) 1.284ms
[135.216s][info][safepoint] Safepoint "G1CollectForAllocation", Time since last: 9547029 ns, Reaching safepoint: 222016 ns, At safepoint: 1497155 ns, Total: 1719171 ns
[135.422s][info][gc       ] GC(523) Pause Young (Normal) (G1 Evacuation Pause) 2443M->1911M(4116M) 1.294ms
[135.422s][info][safepoint] Safepoint "G1CollectForAllocation", Time since last: 203973220 ns, Reaching safepoint: 387223 ns, At safepoint: 1583729 ns, Total: 1970952 ns
[135.425s][info][gc       ] GC(520) Pause Cleanup 1919M->1919M(4116M) 0.268ms
[135.425s][info][safepoint] Safepoint "G1Concurrent", Time since last: 2782074 ns, Reaching safepoint: 230839 ns, At safepoint: 503232 ns, Total: 734071 ns
[135.428s][info][gc       ] GC(520) Concurrent Mark Cycle 673.666ms
[135.655s][info][gc       ] GC(524) Pause Young (Prepare Mixed) (G1 Evacuation Pause) 2475M->1911M(4116M) 1.315ms
[135.655s][info][safepoint] Safepoint "G1CollectForAllocation", Time since last: 228045821 ns, Reaching safepoint: 198587 ns, At safepoint: 1604874 ns, Total: 1803461 ns
[135.733s][info][gc       ] GC(525) Pause Young (Mixed) (G1 Evacuation Pause) 2111M->1891M(4116M) 3.098ms
[135.733s][info][safepoint] Safepoint "G1CollectForAllocation", Time since last: 74627891 ns, Reaching safepoint: 166006 ns, At safepoint: 3439258 ns, Total: 3605264 ns
[136.067s][info][gc       ] GC(526) Pause Young (Concurrent Start) (G1 Evacuation Pause) 2687M->1891M(4116M) 1.516ms
[136.067s][info][gc       ] GC(527) Concurrent Mark Cycle
[136.067s][info][safepoint] Safepoint "G1CollectForAllocation", Time since last: 331423798 ns, Reaching safepoint: 161173 ns, At safepoint: 1808718 ns, Total: 1969891 ns
[136.396s][info][gc       ] GC(528) Pause Young (Normal) (G1 Evacuation Pause) 2583M->1891M(4116M) 1.707ms
[136.396s][info][safepoint] Safepoint "G1CollectForAllocation", Time since last: 326680855 ns, Reaching safepoint: 322546 ns, At safepoint: 2077663 ns, Total: 2400209 ns
[136.495s][info][gc       ] GC(527) Pause Remark 2105M->2105M(4116M) 1.499ms
[136.495s][info][safepoint] Safepoint "G1Concurrent", Time since last: 97244493 ns, Reaching safepoint: 280152 ns, At safepoint: 1921457 ns, Total: 2201609 ns
[136.688s][info][gc       ] GC(527) Pause Cleanup 2549M->2549M(4116M) 0.232ms
[136.689s][info][safepoint] Safepoint "G1Concurrent", Time since last: 192543236 ns, Reaching safepoint: 276971 ns, At safepoint: 523303 ns, Total: 800274 ns
[136.692s][info][gc       ] GC(527) Concurrent Mark Cycle 625.381ms
[136.742s][info][gc       ] GC(529) Pause Young (Prepare Mixed) (G1 Evacuation Pause) 2695M->1891M(4116M) 1.165ms
[136.742s][info][safepoint] Safepoint "G1CollectForAllocation", Time since last: 52014183 ns, Reaching safepoint: 176442 ns, At safepoint: 1412599 ns, Total: 1589041 ns
[136.826s][info][gc       ] GC(530) Pause Young (Mixed) (G1 Evacuation Pause) 2091M->1876M(4116M) 3.442ms
[136.826s][info][safepoint] Safepoint "G1CollectForAllocation", Time since last: 79599907 ns, Reaching safepoint: 217551 ns, At safepoint: 3838300 ns, Total: 4055851 ns
[137.294s][info][gc       ] GC(531) Pause Young (Concurrent Start) (G1 Evacuation Pause) 3084M->1876M(4116M) 1.533ms
[137.295s][info][safepoint] Safepoint "G1CollectForAllocation", Time since last: 466471436 ns, Reaching safepoint: 333216 ns, At safepoint: 1945001 ns, Total: 2278217 ns
[137.295s][info][gc       ] GC(532) Concurrent Mark Cycle
[137.725s][info][gc       ] GC(532) Pause Remark 2848M->2848M(4768M) 1.941ms
[137.726s][info][safepoint] Safepoint "G1Concurrent", Time since last: 428413215 ns, Reaching safepoint: 285151 ns, At safepoint: 2275281 ns, Total: 2560432 ns
[137.772s][info][gc       ] GC(533) Pause Young (Normal) (G1 Evacuation Pause) 2908M->1876M(4768M) 1.794ms
[137.772s][info][safepoint] Safepoint "G1CollectForAllocation", Time since last: 43979129 ns, Reaching safepoint: 249123 ns, At safepoint: 2154617 ns, Total: 2403740 ns
[137.927s][info][gc       ] GC(532) Pause Cleanup 2240M->2240M(4768M) 0.267ms
[137.927s][info][safepoint] Safepoint "G1Concurrent", Time since last: 154220928 ns, Reaching safepoint: 519751 ns, At safepoint: 602011 ns, Total: 1121762 ns
[137.932s][info][gc       ] GC(532) Concurrent Mark Cycle 637.440ms
[138.335s][info][gc       ] GC(534) Pause Young (Prepare Mixed) (G1 Evacuation Pause) 2964M->1876M(4768M) 1.708ms
[138.336s][info][safepoint] Safepoint "G1CollectForAllocation", Time since last: 405889549 ns, Reaching safepoint: 225443 ns, At safepoint: 2054490 ns, Total: 2279933 ns
[138.419s][info][gc       ] GC(535) Pause Young (Mixed) (G1 Evacuation Pause) 2108M->1865M(4768M) 3.696ms
[138.420s][info][safepoint] Safepoint "G1CollectForAllocation", Time since last: 79964098 ns, Reaching safepoint: 161945 ns, At safepoint: 4170843 ns, Total: 4332788 ns
[138.933s][info][gc       ] GC(536) Pause Young (Normal) (G1 Evacuation Pause) 3469M->1865M(4768M) 2.067ms
[138.934s][info][safepoint] Safepoint "G1CollectForAllocation", Time since last: 511249388 ns, Reaching safepoint: 190786 ns, At safepoint: 2471676 ns, Total: 2662462 ns
[139.560s][info][gc       ] GC(537) Pause Young (Normal) (G1 Evacuation Pause) 3809M->1865M(4768M) 1.896ms
[139.560s][info][safepoint] Safepoint "G1CollectForAllocation", Time since last: 624208988 ns, Reaching safepoint: 185485 ns, At safepoint: 2222632 ns, Total: 2408117 ns
[140.267s][info][gc       ] GC(538) Pause Young (Concurrent Start) (G1 Evacuation Pause) 3993M->1865M(4768M) 2.495ms
[140.267s][info][gc       ] GC(539) Concurrent Mark Cycle
[140.267s][info][safepoint] Safepoint "G1CollectForAllocation", Time since last: 703342594 ns, Reaching safepoint: 194856 ns, At safepoint: 2861664 ns, Total: 3056520 ns
[140.655s][info][gc       ] GC(539) Pause Remark 2935M->2935M(4916M) 1.710ms
[140.655s][info][safepoint] Safepoint "G1Concurrent", Time since last: 386060447 ns, Reaching safepoint: 243061 ns, At safepoint: 2149619 ns, Total: 2392680 ns
[140.832s][info][gc       ] GC(539) Pause Cleanup 3355M->3355M(4916M) 0.298ms
[140.832s][info][safepoint] Safepoint "G1Concurrent", Time since last: 175992242 ns, Reaching safepoint: 299823 ns, At safepoint: 675027 ns, Total: 974850 ns
[140.837s][info][gc       ] GC(539) Concurrent Mark Cycle 569.918ms
[140.956s][info][gc       ] GC(540) Pause Young (Prepare Mixed) (G1 Evacuation Pause) 3693M->1865M(4916M) 2.208ms
[140.957s][info][safepoint] Safepoint "G1CollectForAllocation", Time since last: 121632608 ns, Reaching safepoint: 166610 ns, At safepoint: 2632481 ns, Total: 2799091 ns
[141.043s][info][gc       ] GC(541) Pause Young (Mixed) (G1 Evacuation Pause) 2105M->1857M(4916M) 3.361ms
[141.044s][info][safepoint] Safepoint "G1CollectForAllocation", Time since last: 83155536 ns, Reaching safepoint: 215921 ns, At safepoint: 3795592 ns, Total: 4011513 ns
[141.807s][info][gc       ] GC(542) Pause Young (Normal) (G1 Evacuation Pause) 4201M->1857M(4916M) 2.322ms
[141.807s][info][safepoint] Safepoint "G1CollectForAllocation", Time since last: 760376401 ns, Reaching safepoint: 181776 ns, At safepoint: 2650734 ns, Total: 2832510 ns
[142.592s][info][gc       ] GC(543) Pause Young (Normal) (G1 Evacuation Pause) 4233M->1857M(4916M) 2.350ms
[142.592s][info][safepoint] Safepoint "G1CollectForAllocation", Time since last: 781801582 ns, Reaching safepoint: 311733 ns, At safepoint: 2870960 ns, Total: 3182693 ns
[143.368s][info][gc       ] GC(544) Pause Young (Concurrent Start) (G1 Evacuation Pause) 4265M->1857M(4916M) 2.450ms
[143.369s][info][gc       ] GC(545) Concurrent Mark Cycle
[143.369s][info][safepoint] Safepoint "G1CollectForAllocation", Time since last: 773369548 ns, Reaching safepoint: 298892 ns, At safepoint: 2761116 ns, Total: 3060008 ns
[143.813s][info][gc       ] GC(545) Pause Remark 2889M->2889M(4916M) 1.700ms
[143.813s][info][safepoint] Safepoint "G1Concurrent", Time since last: 442453686 ns, Reaching safepoint: 416991 ns, At safepoint: 2111029 ns, Total: 2528020 ns
[143.992s][info][gc       ] GC(545) Pause Cleanup 3381M->3381M(4916M) 0.219ms
[143.993s][info][safepoint] Safepoint "G1Concurrent", Time since last: 178356926 ns, Reaching safepoint: 264564 ns, At safepoint: 681798 ns, Total: 946362 ns
[143.996s][info][gc       ] GC(545) Concurrent Mark Cycle 627.607ms
[144.297s][info][gc       ] GC(546) Pause Young (Prepare Mixed) (G1 Evacuation Pause) 4289M->1857M(4916M) 2.200ms
[144.298s][info][safepoint] Safepoint "G1CollectForAllocation", Time since last: 302047553 ns, Reaching safepoint: 218014 ns, At safepoint: 2618788 ns, Total: 2836802 ns
[144.379s][info][gc       ] GC(547) Pause Young (Mixed) (G1 Evacuation Pause) 2097M->1851M(4916M) 3.912ms
[144.380s][info][safepoint] Safepoint "G1CollectForAllocation", Time since last: 77245817 ns, Reaching safepoint: 184128 ns, At safepoint: 4395667 ns, Total: 4579795 ns
[145.949s][info][gc       ] GC(548) Pause Young (Normal) (G1 Evacuation Pause) 4479M->3630M(6100M) 964.513ms
[145.950s][info][safepoint] Safepoint "G1CollectForAllocation", Time since last: 605042259 ns, Reaching safepoint: 344162 ns, At safepoint: 964817214 ns, Total: 965161376 ns
[146.146s][info][gc       ] GC(549) Pause Young (Normal) (G1 Evacuation Pause) 3802M->3673M(6100M) 98.005ms
[146.146s][info][safepoint] Safepoint "G1CollectForAllocation", Time since last: 97737586 ns, Reaching safepoint: 211987 ns, At safepoint: 98286674 ns, Total: 98498661 ns
[146.266s][info][gc       ] GC(550) Pause Young (Concurrent Start) (G1 Evacuation Pause) 3941M->3671M(6100M) 15.935ms
[146.266s][info][safepoint] Safepoint "G1CollectForAllocation", Time since last: 103806265 ns, Reaching safepoint: 158598 ns, At safepoint: 16469574 ns, Total: 16628172 ns
[146.266s][info][gc       ] GC(551) Concurrent Mark Cycle
[146.384s][info][gc       ] GC(552) Pause Young (Normal) (G1 Evacuation Pause) 3971M->3670M(6100M) 1.523ms
[146.385s][info][safepoint] Safepoint "G1CollectForAllocation", Time since last: 116248335 ns, Reaching safepoint: 321720 ns, At safepoint: 1862728 ns, Total: 2184448 ns
[146.503s][info][gc       ] GC(553) Pause Young (Normal) (G1 Evacuation Pause) 3970M->3670M(6100M) 1.574ms
[146.504s][info][safepoint] Safepoint "G1CollectForAllocation", Time since last: 116495841 ns, Reaching safepoint: 320400 ns, At safepoint: 1995585 ns, Total: 2315985 ns
[146.620s][info][gc       ] GC(554) Pause Young (Normal) (G1 Evacuation Pause) 3970M->3669M(6100M) 1.788ms
[146.620s][info][safepoint] Safepoint "G1CollectForAllocation", Time since last: 114261954 ns, Reaching safepoint: 342733 ns, At safepoint: 2222414 ns, Total: 2565147 ns
[146.626s][info][gc       ] GC(551) Pause Remark 3677M->1761M(5908M) 1.880ms
[146.626s][info][safepoint] Safepoint "G1Concurrent", Time since last: 3193749 ns, Reaching safepoint: 291495 ns, At safepoint: 2053114 ns, Total: 2344609 ns
[146.733s][info][gc       ] GC(555) Pause Young (Normal) (G1 Evacuation Pause) 2053M->1753M(6092M) 1.990ms
[146.734s][info][safepoint] Safepoint "G1CollectForAllocation", Time since last: 105138344 ns, Reaching safepoint: 239453 ns, At safepoint: 2444111 ns, Total: 2683564 ns
[146.823s][info][gc       ] GC(551) Pause Cleanup 1983M->1983M(6092M) 0.321ms
[146.824s][info][safepoint] Safepoint "G1Concurrent", Time since last: 88972089 ns, Reaching safepoint: 295905 ns, At safepoint: 650849 ns, Total: 946754 ns
[146.829s][info][gc       ] GC(551) Concurrent Mark Cycle 562.526ms
[146.852s][info][gc       ] GC(556) Pause Young (Prepare Mixed) (G1 Evacuation Pause) 2053M->1753M(6092M) 1.894ms
[146.852s][info][safepoint] Safepoint "G1CollectForAllocation", Time since last: 25800481 ns, Reaching safepoint: 167880 ns, At safepoint: 2136709 ns, Total: 2304589 ns
[146.959s][info][gc       ] GC(557) Pause Young (Mixed) (G1 Evacuation Pause) 2053M->1745M(6092M) 1.954ms
[146.959s][info][safepoint] Safepoint "G1CollectForAllocation", Time since last: 104790022 ns, Reaching safepoint: 171773 ns, At safepoint: 2281767 ns, Total: 2453540 ns
[147.097s][info][gc       ] GC(558) Pause Young (Normal) (G1 Evacuation Pause) 2145M->1745M(6092M) 1.938ms
[147.097s][info][safepoint] Safepoint "G1CollectForAllocation", Time since last: 135627588 ns, Reaching safepoint: 188801 ns, At safepoint: 2413169 ns, Total: 2601970 ns
[147.260s][info][gc       ] GC(559) Pause Young (Normal) (G1 Evacuation Pause) 2229M->1745M(6092M) 2.084ms
[147.260s][info][safepoint] Safepoint "G1CollectForAllocation", Time since last: 160227466 ns, Reaching safepoint: 217524 ns, At safepoint: 2497397 ns, Total: 2714921 ns
[147.425s][info][gc       ] GC(560) Pause Young (Normal) (G1 Evacuation Pause) 2241M->1745M(6092M) 1.759ms
[147.425s][info][safepoint] Safepoint "G1CollectForAllocation", Time since last: 162811906 ns, Reaching safepoint: 178826 ns, At safepoint: 2095731 ns, Total: 2274557 ns
[147.612s][info][gc       ] GC(561) Pause Young (Normal) (G1 Evacuation Pause) 2309M->1745M(6092M) 1.985ms
[147.613s][info][safepoint] Safepoint "G1CollectForAllocation", Time since last: 184844200 ns, Reaching safepoint: 199014 ns, At safepoint: 2230151 ns, Total: 2429165 ns
[147.822s][info][gc       ] GC(562) Pause Young (Normal) (G1 Evacuation Pause) 2381M->1745M(6092M) 1.897ms
[147.822s][info][safepoint] Safepoint "G1CollectForAllocation", Time since last: 206937195 ns, Reaching safepoint: 177100 ns, At safepoint: 2250668 ns, Total: 2427768 ns
[148.064s][info][gc       ] GC(563) Pause Young (Normal) (G1 Evacuation Pause) 2481M->1745M(6092M) 2.190ms
[148.064s][info][safepoint] Safepoint "G1CollectForAllocation", Time since last: 239817894 ns, Reaching safepoint: 167422 ns, At safepoint: 2485300 ns, Total: 2652722 ns
[148.335s][info][gc       ] GC(564) Pause Young (Normal) (G1 Evacuation Pause) 2585M->1745M(6092M) 1.737ms
[148.335s][info][safepoint] Safepoint "G1CollectForAllocation", Time since last: 268233590 ns, Reaching safepoint: 179031 ns, At safepoint: 2132703 ns, Total: 2311734 ns
[148.697s][info][gc       ] GC(565) Pause Young (Normal) (G1 Evacuation Pause) 2857M->1745M(6092M) 2.032ms
[148.697s][info][safepoint] Safepoint "G1CollectForAllocation", Time since last: 359571741 ns, Reaching safepoint: 184185 ns, At safepoint: 2342651 ns, Total: 2526836 ns
[149.109s][info][gc       ] GC(566) Pause Young (Normal) (G1 Evacuation Pause) 2973M->1745M(6092M) 1.718ms
[149.109s][info][safepoint] Safepoint "G1CollectForAllocation", Time since last: 409882445 ns, Reaching safepoint: 205001 ns, At safepoint: 1965887 ns, Total: 2170888 ns
[149.654s][info][gc       ] GC(567) Pause Young (Normal) (G1 Evacuation Pause) 3401M->1745M(6092M) 1.924ms
[149.654s][info][safepoint] Safepoint "G1CollectForAllocation", Time since last: 542281531 ns, Reaching safepoint: 205730 ns, At safepoint: 2267431 ns, Total: 2473161 ns
[150.445s][info][gc       ] GC(568) Pause Young (Normal) (G1 Evacuation Pause) 4149M->1745M(6092M) 2.229ms
[150.445s][info][safepoint] Safepoint "G1CollectForAllocation", Time since last: 788798042 ns, Reaching safepoint: 195013 ns, At safepoint: 2560301 ns, Total: 2755314 ns
[151.318s][info][gc       ] GC(569) Pause Young (Normal) (G1 Evacuation Pause) 4301M->1745M(6092M) 1.968ms
[151.318s][info][safepoint] Safepoint "G1CollectForAllocation", Time since last: 869721611 ns, Reaching safepoint: 331545 ns, At safepoint: 2330023 ns, Total: 2661568 ns
[152.034s][info][gc       ] GC(570) Pause Young (Normal) (G1 Evacuation Pause) 3957M->1745M(6092M) 2.475ms
[152.035s][info][safepoint] Safepoint "G1CollectForAllocation", Time since last: 713799431 ns, Reaching safepoint: 195364 ns, At safepoint: 2928820 ns, Total: 3124184 ns
[153.095s][info][gc       ] GC(571) Pause Young (Normal) (G1 Evacuation Pause) 5005M->1745M(6092M) 1.843ms
[153.095s][info][safepoint] Safepoint "G1CollectForAllocation", Time since last: 1058065619 ns, Reaching safepoint: 192681 ns, At safepoint: 2110568 ns, Total: 2303249 ns
[154.247s][info][gc       ] GC(572) Pause Young (Concurrent Start) (G1 Evacuation Pause) 5321M->1745M(6092M) 2.845ms
[154.248s][info][gc       ] GC(573) Concurrent Mark Cycle
[154.248s][info][safepoint] Safepoint "G1CollectForAllocation", Time since last: 1149070220 ns, Reaching safepoint: 213444 ns, At safepoint: 3199706 ns, Total: 3413150 ns
[154.625s][info][gc       ] GC(573) Pause Remark 2743M->2743M(6092M) 1.568ms
[154.626s][info][safepoint] Safepoint "G1Concurrent", Time since last: 375771110 ns, Reaching safepoint: 499281 ns, At safepoint: 1929802 ns, Total: 2429083 ns
[154.787s][info][gc       ] GC(573) Pause Cleanup 3207M->3207M(6092M) 0.315ms
[154.787s][info][safepoint] Safepoint "G1Concurrent", Time since last: 160644980 ns, Reaching safepoint: 239304 ns, At safepoint: 660752 ns, Total: 900056 ns
[154.792s][info][gc       ] GC(573) Concurrent Mark Cycle 544.101ms
[155.488s][info][gc       ] GC(574) Pause Young (Prepare Mixed) (G1 Evacuation Pause) 5345M->1745M(6092M) 2.303ms
[155.488s][info][safepoint] Safepoint "G1CollectForAllocation", Time since last: 697987952 ns, Reaching safepoint: 225681 ns, At safepoint: 2677873 ns, Total: 2903554 ns
[155.589s][info][gc       ] GC(575) Pause Young (Mixed) (G1 Evacuation Pause) 2045M->1740M(6092M) 2.506ms
[155.589s][info][safepoint] Safepoint "G1CollectForAllocation", Time since last: 97978498 ns, Reaching safepoint: 137258 ns, At safepoint: 2859801 ns, Total: 2997059 ns
[156.923s][info][gc       ] GC(576) To-space exhausted
[156.924s][info][gc       ] GC(576) Pause Young (Normal) (G1 Evacuation Pause) 5444M->2835M(6360M) 337.811ms
[156.924s][info][safepoint] Safepoint "G1CollectForAllocation", Time since last: 996227730 ns, Reaching safepoint: 216746 ns, At safepoint: 337971324 ns, Total: 338188070 ns
[157.107s][info][gc       ] GC(577) Pause Young (Normal) (G1 Evacuation Pause) 3083M->3085M(6360M) 147.867ms
[157.108s][info][safepoint] Safepoint "G1CollectForAllocation", Time since last: 35781460 ns, Reaching safepoint: 160440 ns, At safepoint: 148102998 ns, Total: 148263438 ns
[157.193s][info][gc       ] GC(578) Pause Young (Normal) (G1 Evacuation Pause) 3317M->3331M(6360M) 48.299ms
[157.193s][info][safepoint] Safepoint "G1CollectForAllocation", Time since last: 36399257 ns, Reaching safepoint: 168188 ns, At safepoint: 48546005 ns, Total: 48714193 ns
[157.483s][info][gc       ] GC(579) Pause Young (Normal) (G1 Evacuation Pause) 3663M->3675M(6360M) 99.266ms
[157.483s][info][safepoint] Safepoint "G1CollectForAllocation", Time since last: 190832543 ns, Reaching safepoint: 192290 ns, At safepoint: 99639265 ns, Total: 99831555 ns
[157.723s][info][gc       ] GC(580) Pause Young (Concurrent Start) (G1 Evacuation Pause) 3951M->3741M(6360M) 58.945ms
[157.723s][info][gc       ] GC(581) Concurrent Mark Cycle
[157.723s][info][safepoint] Safepoint "G1CollectForAllocation", Time since last: 180514848 ns, Reaching safepoint: 240725 ns, At safepoint: 59210672 ns, Total: 59451397 ns
[157.877s][info][gc       ] GC(582) Pause Young (Normal) (G1 Evacuation Pause) 4017M->3753M(6360M) 24.771ms
[157.878s][info][safepoint] Safepoint "G1CollectForAllocation", Time since last: 128856960 ns, Reaching safepoint: 266432 ns, At safepoint: 25087509 ns, Total: 25353941 ns
[158.007s][info][gc       ] GC(583) Pause Young (Normal) (G1 Evacuation Pause) 4065M->3752M(6360M) 1.584ms
[158.008s][info][safepoint] Safepoint "G1CollectForAllocation", Time since last: 127810262 ns, Reaching safepoint: 251170 ns, At safepoint: 1866310 ns, Total: 2117480 ns
[158.109s][info][gc       ] GC(581) Pause Remark 4008M->2188M(6360M) 1.786ms
[158.109s][info][safepoint] Safepoint "G1Concurrent", Time since last: 99178979 ns, Reaching safepoint: 235745 ns, At safepoint: 2348094 ns, Total: 2583839 ns
[158.133s][info][gc       ] GC(584) Pause Young (Normal) (G1 Evacuation Pause) 2244M->1932M(6360M) 2.436ms
[158.133s][info][safepoint] Safepoint "G1CollectForAllocation", Time since last: 20641049 ns, Reaching safepoint: 299708 ns, At safepoint: 2816881 ns, Total: 3116589 ns
[158.297s][info][gc       ] GC(585) Pause Young (Normal) (G1 Evacuation Pause) 2244M->1931M(6360M) 1.927ms
[158.297s][info][safepoint] Safepoint "G1CollectForAllocation", Time since last: 161483605 ns, Reaching safepoint: 311637 ns, At safepoint: 2304728 ns, Total: 2616365 ns
[158.328s][info][gc       ] GC(581) Pause Cleanup 2019M->2019M(6360M) 0.255ms
[158.328s][info][safepoint] Safepoint "G1Concurrent", Time since last: 30427811 ns, Reaching safepoint: 224768 ns, At safepoint: 485759 ns, Total: 710527 ns
[158.332s][info][gc       ] GC(581) Concurrent Mark Cycle 609.073ms
[158.409s][info][gc       ] GC(586) Pause Young (Prepare Mixed) (G1 Evacuation Pause) 2243M->1931M(6360M) 1.915ms
[158.409s][info][safepoint] Safepoint "G1CollectForAllocation", Time since last: 78524654 ns, Reaching safepoint: 164506 ns, At safepoint: 2215817 ns, Total: 2380323 ns
[158.518s][info][gc       ] GC(587) Pause Young (Mixed) (G1 Evacuation Pause) 2243M->1927M(6360M) 2.075ms
[158.518s][info][safepoint] Safepoint "G1CollectForAllocation", Time since last: 106108117 ns, Reaching safepoint: 207674 ns, At safepoint: 2384850 ns, Total: 2592524 ns
[158.619s][info][gc       ] GC(588) Pause Young (Mixed) (G1 Evacuation Pause) 2239M->1924M(6360M) 1.838ms
[158.619s][info][safepoint] Safepoint "G1CollectForAllocation", Time since last: 98717192 ns, Reaching safepoint: 277725 ns, At safepoint: 2162774 ns, Total: 2440499 ns
[158.723s][info][gc       ] GC(589) Pause Young (Mixed) (G1 Evacuation Pause) 2236M->1920M(6360M) 2.052ms
[158.724s][info][safepoint] Safepoint "G1CollectForAllocation", Time since last: 101988200 ns, Reaching safepoint: 179082 ns, At safepoint: 2343050 ns, Total: 2522132 ns
[158.829s][info][gc       ] GC(590) Pause Young (Mixed) (G1 Evacuation Pause) 2232M->1916M(6360M) 1.720ms
[158.830s][info][safepoint] Safepoint "G1CollectForAllocation", Time since last: 103815305 ns, Reaching safepoint: 177068 ns, At safepoint: 1994831 ns, Total: 2171899 ns
[158.993s][info][gc       ] GC(591) Pause Young (Normal) (G1 Evacuation Pause) 2408M->1916M(6360M) 1.469ms
[158.993s][info][safepoint] Safepoint "G1CollectForAllocation", Time since last: 161926693 ns, Reaching safepoint: 242123 ns, At safepoint: 1674334 ns, Total: 1916457 ns
[159.174s][info][gc       ] GC(592) Pause Young (Normal) (G1 Evacuation Pause) 2472M->1916M(6360M) 2.261ms
[159.174s][info][safepoint] Safepoint "G1CollectForAllocation", Time since last: 178048182 ns, Reaching safepoint: 279541 ns, At safepoint: 2658521 ns, Total: 2938062 ns
[159.331s][info][gc       ] GC(593) Pause Young (Normal) (G1 Evacuation Pause) 2380M->1916M(6360M) 2.017ms
[159.332s][info][safepoint] Safepoint "G1CollectForAllocation", Time since last: 154670976 ns, Reaching safepoint: 268402 ns, At safepoint: 2390650 ns, Total: 2659052 ns
[159.504s][info][gc       ] GC(594) Pause Young (Normal) (G1 Evacuation Pause) 2460M->1916M(6360M) 1.971ms
[159.504s][info][safepoint] Safepoint "G1CollectForAllocation", Time since last: 170328482 ns, Reaching safepoint: 185385 ns, At safepoint: 2230567 ns, Total: 2415952 ns
[159.694s][info][gc       ] GC(595) Pause Young (Normal) (G1 Evacuation Pause) 2480M->1916M(6360M) 2.303ms
[159.695s][info][safepoint] Safepoint "G1CollectForAllocation", Time since last: 187409529 ns, Reaching safepoint: 175433 ns, At safepoint: 2651195 ns, Total: 2826628 ns
[159.876s][info][gc       ] GC(596) Pause Young (Normal) (G1 Evacuation Pause) 2464M->1916M(6360M) 1.945ms
[159.876s][info][safepoint] Safepoint "G1CollectForAllocation", Time since last: 178799890 ns, Reaching safepoint: 179402 ns, At safepoint: 2405265 ns, Total: 2584667 ns
[160.103s][info][gc       ] GC(597) Pause Young (Normal) (G1 Evacuation Pause) 2604M->1916M(6360M) 1.897ms
[160.104s][info][safepoint] Safepoint "G1CollectForAllocation", Time since last: 225157044 ns, Reaching safepoint: 162016 ns, At safepoint: 2083471 ns, Total: 2245487 ns
[160.387s][info][gc       ] GC(598) Pause Young (Normal) (G1 Evacuation Pause) 2772M->1916M(6360M) 2.339ms
[160.388s][info][safepoint] Safepoint "G1CollectForAllocation", Time since last: 281427674 ns, Reaching safepoint: 169039 ns, At safepoint: 2747756 ns, Total: 2916795 ns
[160.688s][info][gc       ] GC(599) Pause Young (Normal) (G1 Evacuation Pause) 2836M->1916M(6360M) 2.332ms
[160.688s][info][safepoint] Safepoint "G1CollectForAllocation", Time since last: 297175502 ns, Reaching safepoint: 155550 ns, At safepoint: 2917470 ns, Total: 3073020 ns
[161.021s][info][gc       ] GC(600) Pause Young (Normal) (G1 Evacuation Pause) 2932M->1916M(6360M) 1.931ms
[161.021s][info][safepoint] Safepoint "G1CollectForAllocation", Time since last: 330500966 ns, Reaching safepoint: 189197 ns, At safepoint: 2411701 ns, Total: 2600898 ns
[161.461s][info][gc       ] GC(601) Pause Young (Normal) (G1 Evacuation Pause) 3280M->1916M(6360M) 1.905ms
[161.461s][info][safepoint] Safepoint "G1CollectForAllocation", Time since last: 437466977 ns, Reaching safepoint: 202118 ns, At safepoint: 2296781 ns, Total: 2498899 ns
[161.981s][info][gc       ] GC(602) Pause Young (Normal) (G1 Evacuation Pause) 3484M->1916M(6360M) 2.193ms
[161.981s][info][safepoint] Safepoint "G1CollectForAllocation", Time since last: 517137155 ns, Reaching safepoint: 183065 ns, At safepoint: 2550018 ns, Total: 2733083 ns
[162.542s][info][gc       ] GC(603) Pause Young (Normal) (G1 Evacuation Pause) 3660M->1916M(6360M) 2.278ms
[162.542s][info][safepoint] Safepoint "G1CollectForAllocation", Time since last: 558176220 ns, Reaching safepoint: 188407 ns, At safepoint: 2721581 ns, Total: 2909988 ns
[162.806s][info][gc       ] GC(604) Pause Young (Normal) (G1 Evacuation Pause) 2716M->1916M(6360M) 1.888ms
[162.806s][info][safepoint] Safepoint "G1CollectForAllocation", Time since last: 261688761 ns, Reaching safepoint: 166223 ns, At safepoint: 2476805 ns, Total: 2643028 ns
[163.147s][info][gc       ] GC(605) Pause Young (Normal) (G1 Evacuation Pause) 2952M->1916M(6360M) 2.317ms
[163.147s][info][safepoint] Safepoint "G1CollectForAllocation", Time since last: 337526016 ns, Reaching safepoint: 176847 ns, At safepoint: 2737056 ns, Total: 2913903 ns
[163.587s][info][gc       ] GC(606) Pause Young (Normal) (G1 Evacuation Pause) 3264M->1916M(6360M) 1.816ms
[163.587s][info][safepoint] Safepoint "G1CollectForAllocation", Time since last: 437796197 ns, Reaching safepoint: 217279 ns, At safepoint: 2255165 ns, Total: 2472444 ns
[164.200s][info][gc       ] GC(607) Pause Young (Normal) (G1 Evacuation Pause) 3824M->1916M(6360M) 2.509ms
[164.200s][info][safepoint] Safepoint "G1CollectForAllocation", Time since last: 609997420 ns, Reaching safepoint: 225105 ns, At safepoint: 2867418 ns, Total: 3092523 ns
[165.067s][info][gc       ] GC(608) Pause Young (Normal) (G1 Evacuation Pause) 4624M->1916M(6360M) 2.020ms
[165.067s][info][safepoint] Safepoint "G1CollectForAllocation", Time since last: 864441448 ns, Reaching safepoint: 184761 ns, At safepoint: 2371869 ns, Total: 2556630 ns
[166.127s][info][gc       ] GC(609) Pause Young (Concurrent Start) (G1 Evacuation Pause) 5228M->1916M(6360M) 2.034ms
[166.127s][info][safepoint] Safepoint "G1CollectForAllocation", Time since last: 1056998439 ns, Reaching safepoint: 239363 ns, At safepoint: 2380939 ns, Total: 2620302 ns
[166.127s][info][gc       ] GC(610) Concurrent Mark Cycle
[166.538s][info][gc       ] GC(610) Pause Remark 2824M->2824M(6360M) 1.561ms
[166.538s][info][safepoint] Safepoint "G1Concurrent", Time since last: 409159612 ns, Reaching safepoint: 294613 ns, At safepoint: 2116976 ns, Total: 2411589 ns
[166.714s][info][gc       ] GC(610) Pause Cleanup 3330M->3330M(6360M) 0.295ms
[166.715s][info][safepoint] Safepoint "G1Concurrent", Time since last: 175123960 ns, Reaching safepoint: 233408 ns, At safepoint: 780113 ns, Total: 1013521 ns
[166.719s][info][gc       ] GC(610) Concurrent Mark Cycle 592.102ms
[167.442s][info][gc       ] GC(611) Pause Young (Prepare Mixed) (G1 Evacuation Pause) 5612M->1916M(6360M) 2.273ms
[167.442s][info][safepoint] Safepoint "G1CollectForAllocation", Time since last: 724616825 ns, Reaching safepoint: 331424 ns, At safepoint: 2498017 ns, Total: 2829441 ns
[167.540s][info][gc       ] GC(612) Pause Young (Mixed) (G1 Evacuation Pause) 2228M->1900M(6360M) 2.072ms
[167.540s][info][safepoint] Safepoint "G1CollectForAllocation", Time since last: 95503494 ns, Reaching safepoint: 323165 ns, At safepoint: 2453637 ns, Total: 2776802 ns
[169.023s][info][gc       ] GC(613) To-space exhausted
[169.023s][info][gc       ] GC(613) Pause Young (Normal) (G1 Evacuation Pause) 5796M->3851M(6360M) 507.076ms
[169.024s][info][safepoint] Safepoint "G1CollectForAllocation", Time since last: 975843444 ns, Reaching safepoint: 180787 ns, At safepoint: 507281549 ns, Total: 507462336 ns
[169.532s][info][gc       ] GC(614) Pause Young (Normal) (G1 Evacuation Pause) 4871M->3848M(6360M) 120.102ms
[169.533s][info][safepoint] Safepoint "G1CollectForAllocation", Time since last: 388199846 ns, Reaching safepoint: 173066 ns, At safepoint: 120529739 ns, Total: 120702805 ns
[169.920s][info][gc       ] GC(615) Pause Young (Concurrent Start) (G1 Evacuation Pause) 5064M->3848M(6360M) 2.044ms
[169.921s][info][safepoint] Safepoint "G1CollectForAllocation", Time since last: 385696148 ns, Reaching safepoint: 178066 ns, At safepoint: 2617300 ns, Total: 2795366 ns
[169.921s][info][gc       ] GC(616) Concurrent Mark Cycle
[170.275s][info][gc       ] GC(616) Pause Remark 4796M->2800M(6360M) 2.235ms
[170.276s][info][safepoint] Safepoint "G1Concurrent", Time since last: 351499608 ns, Reaching safepoint: 346338 ns, At safepoint: 2787545 ns, Total: 3133883 ns
[170.498s][info][gc       ] GC(617) Pause Young (Normal) (G1 Evacuation Pause) 3400M->1851M(6360M) 1.625ms
[170.499s][info][safepoint] Safepoint "G1CollectForAllocation", Time since last: 220346228 ns, Reaching safepoint: 464682 ns, At safepoint: 2122056 ns, Total: 2586738 ns
[170.524s][info][gc       ] GC(616) Pause Cleanup 1921M->1921M(6360M) 0.382ms
[170.525s][info][safepoint] Safepoint "G1Concurrent", Time since last: 24997448 ns, Reaching safepoint: 342334 ns, At safepoint: 859488 ns, Total: 1201822 ns
[170.529s][info][gc       ] GC(616) Concurrent Mark Cycle 608.107ms
[171.099s][info][gc       ] GC(618) Pause Young (Prepare Mixed) (G1 Evacuation Pause) 3707M->1851M(6360M) 2.064ms
[171.099s][info][safepoint] Safepoint "G1CollectForAllocation", Time since last: 571884087 ns, Reaching safepoint: 193202 ns, At safepoint: 2459476 ns, Total: 2652678 ns
[171.202s][info][gc       ] GC(619) Pause Young (Mixed) (G1 Evacuation Pause) 2163M->1833M(6360M) 2.877ms
[171.202s][info][safepoint] Safepoint "G1CollectForAllocation", Time since last: 99514597 ns, Reaching safepoint: 276208 ns, At safepoint: 3281909 ns, Total: 3558117 ns
[171.803s][info][gc       ] GC(620) Pause Young (Normal) (G1 Evacuation Pause) 3713M->1833M(6360M) 2.243ms
[171.803s][info][safepoint] Safepoint "G1CollectForAllocation", Time since last: 598057703 ns, Reaching safepoint: 190906 ns, At safepoint: 2684778 ns, Total: 2875684 ns
[172.405s][info][gc       ] GC(621) Pause Young (Normal) (G1 Evacuation Pause) 3717M->1833M(6360M) 2.666ms
[172.405s][info][safepoint] Safepoint "G1CollectForAllocation", Time since last: 598869590 ns, Reaching safepoint: 168166 ns, At safepoint: 3094627 ns, Total: 3262793 ns
[173.002s][info][gc       ] GC(622) Pause Young (Normal) (G1 Evacuation Pause) 3685M->1833M(6360M) 2.100ms
[173.002s][info][safepoint] Safepoint "G1CollectForAllocation", Time since last: 593953715 ns, Reaching safepoint: 185173 ns, At safepoint: 2566362 ns, Total: 2751535 ns
[173.598s][info][gc       ] GC(623) Pause Young (Normal) (G1 Evacuation Pause) 3717M->1833M(6360M) 2.345ms
[173.598s][info][safepoint] Safepoint "G1CollectForAllocation", Time since last: 593287158 ns, Reaching safepoint: 250290 ns, At safepoint: 2715964 ns, Total: 2966254 ns
[174.291s][info][gc       ] GC(624) Pause Young (Normal) (G1 Evacuation Pause) 4013M->1833M(6360M) 2.003ms
[174.292s][info][safepoint] Safepoint "G1CollectForAllocation", Time since last: 690823687 ns, Reaching safepoint: 172906 ns, At safepoint: 2292044 ns, Total: 2464950 ns
[175.495s][info][gc       ] GC(625) Pause Young (Normal) (G1 Evacuation Pause) 5609M->1833M(6360M) 2.736ms
[175.495s][info][safepoint] Safepoint "G1CollectForAllocation", Time since last: 1199967460 ns, Reaching safepoint: 176499 ns, At safepoint: 3029838 ns, Total: 3206337 ns
[176.706s][info][gc       ] GC(626) Pause Young (Concurrent Start) (G1 Evacuation Pause) 5629M->1833M(6360M) 2.218ms
[176.706s][info][safepoint] Safepoint "G1CollectForAllocation", Time since last: 1208275654 ns, Reaching safepoint: 194161 ns, At safepoint: 2661180 ns, Total: 2855341 ns
[176.706s][info][gc       ] GC(627) Concurrent Mark Cycle
[177.056s][info][gc       ] GC(627) Pause Remark 2779M->2779M(6360M) 1.502ms
[177.056s][info][safepoint] Safepoint "G1Concurrent", Time since last: 348053592 ns, Reaching safepoint: 267144 ns, At safepoint: 1956308 ns, Total: 2223452 ns
[177.259s][info][gc       ] GC(627) Pause Cleanup 3335M->3335M(6360M) 0.369ms
[177.259s][info][safepoint] Safepoint "G1Concurrent", Time since last: 201739933 ns, Reaching safepoint: 317629 ns, At safepoint: 993554 ns, Total: 1311183 ns
[177.264s][info][gc       ] GC(627) Concurrent Mark Cycle 558.068ms
[177.988s][info][gc       ] GC(628) Pause Young (Prepare Mixed) (G1 Evacuation Pause) 5645M->1833M(6360M) 2.588ms
[177.988s][info][safepoint] Safepoint "G1CollectForAllocation", Time since last: 725625686 ns, Reaching safepoint: 176768 ns, At safepoint: 3107901 ns, Total: 3284669 ns
[178.087s][info][gc       ] GC(629) Pause Young (Mixed) (G1 Evacuation Pause) 2145M->1820M(6360M) 3.120ms
[178.088s][info][safepoint] Safepoint "G1CollectForAllocation", Time since last: 95800453 ns, Reaching safepoint: 165723 ns, At safepoint: 3500869 ns, Total: 3666592 ns
