[0.005s][info][gc] Using Serial
[0.133s][info][safepoint] Safepoint "ICBufferFull", Time since last: 124177347 ns, Reaching safepoint: 47385 ns, At safepoint: 692 ns, Total: 48077 ns
[0.275s][info][gc       ] GC(0) Pause Young (Allocation Failure) 106M->79M(384M) 46.829ms
[0.276s][info][safepoint] Safepoint "GenCollectForAllocation", Time since last: 95428560 ns, Reaching safepoint: 38654 ns, At safepoint: 47493505 ns, Total: 47532159 ns
[0.345s][info][gc       ] GC(1) Pause Young (Allocation Failure) 185M->180M(384M) 57.510ms
[0.345s][info][safepoint] Safepoint "GenCollectForAllocation", Time since last: 11276171 ns, Reaching safepoint: 281488 ns, At safepoint: 58157277 ns, Total: 58438765 ns
[0.415s][info][gc       ] GC(2) Pause Young (Allocation Failure) 286M->281M(387M) 56.755ms
[0.548s][info][gc       ] GC(3) Pause Full (Allocation Failure) 281M->281M(648M) 131.951ms
[0.548s][info][safepoint] Safepoint "GenCollectForAllocation", Time since last: 13156539 ns, Reaching safepoint: 14040 ns, At safepoint: 189699187 ns, Total: 189713227 ns
[0.689s][info][gc       ] GC(4) Pause Young (Allocation Failure) 447M->438M(648M) 119.724ms
[0.690s][info][safepoint] Safepoint "GenCollectForAllocation", Time since last: 21055521 ns, Reaching safepoint: 6797 ns, At safepoint: 120398308 ns, Total: 120405105 ns
[0.821s][info][gc       ] GC(5) Pause Young (Allocation Failure) 617M->607M(786M) 112.521ms
[1.129s][info][gc       ] GC(6) Pause Full (Allocation Failure) 607M->607M(1413M) 307.216ms
[1.129s][info][safepoint] Safepoint "GenCollectForAllocation", Time since last: 19018685 ns, Reaching safepoint: 6515 ns, At safepoint: 420641485 ns, Total: 420648000 ns
[1.438s][info][gc       ] GC(7) Pause Young (Allocation Failure) 974M->959M(1413M) 261.820ms
[1.439s][info][safepoint] Safepoint "GenCollectForAllocation", Time since last: 47178081 ns, Reaching safepoint: 7815 ns, At safepoint: 262340029 ns, Total: 262347844 ns
[1.718s][info][gc       ] GC(8) Pause Young (Allocation Failure) 1349M->1325M(1715M) 237.460ms
[2.382s][info][gc       ] GC(9) Pause Full (Allocation Failure) 1325M->1325M(3086M) 663.941ms
[2.383s][info][safepoint] Safepoint "GenCollectForAllocation", Time since last: 41347533 ns, Reaching safepoint: 3435 ns, At safepoint: 902258939 ns, Total: 902262374 ns
[3.174s][info][gc       ] GC(10) Pause Young (Allocation Failure) 2128M->1780M(3086M) 524.733ms
[3.175s][info][safepoint] Safepoint "GenCollectForAllocation", Time since last: 266939839 ns, Reaching safepoint: 53491 ns, At safepoint: 525350186 ns, Total: 525403677 ns
[3.504s][info][gc       ] GC(11) Pause Young (Allocation Failure) 2632M->1780M(3086M) 79.538ms
[3.504s][info][safepoint] Safepoint "GenCollectForAllocation", Time since last: 249254672 ns, Reaching safepoint: 7612 ns, At safepoint: 80027568 ns, Total: 80035180 ns
[3.758s][info][gc       ] GC(12) Pause Young (Allocation Failure) 2632M->1780M(3086M) 0.573ms
[3.759s][info][safepoint] Safepoint "GenCollectForAllocation", Time since last: 253451080 ns, Reaching safepoint: 28128 ns, At safepoint: 921371 ns, Total: 949499 ns
[4.018s][info][gc       ] GC(13) Pause Young (Allocation Failure) 2632M->1780M(3086M) 0.657ms
[4.018s][info][safepoint] Safepoint "GenCollectForAllocation", Time since last: 258707374 ns, Reaching safepoint: 12343 ns, At safepoint: 1035578 ns, Total: 1047921 ns
[4.299s][info][gc       ] GC(14) Pause Young (Allocation Failure) 2632M->1780M(3086M) 0.546ms
[4.300s][info][safepoint] Safepoint "GenCollectForAllocation", Time since last: 280263127 ns, Reaching safepoint: 16595 ns, At safepoint: 909120 ns, Total: 925715 ns
[4.587s][info][gc       ] GC(15) Pause Young (Allocation Failure) 2632M->1780M(3086M) 0.716ms
[4.587s][info][safepoint] Safepoint "GenCollectForAllocation", Time since last: 286660832 ns, Reaching safepoint: 9649 ns, At safepoint: 996280 ns, Total: 1005929 ns
[4.851s][info][gc       ] GC(16) Pause Young (Allocation Failure) 2632M->1780M(3086M) 0.543ms
[4.852s][info][safepoint] Safepoint "GenCollectForAllocation", Time since last: 263484449 ns, Reaching safepoint: 9013 ns, At safepoint: 878087 ns, Total: 887100 ns
[5.116s][info][gc       ] GC(17) Pause Young (Allocation Failure) 2632M->1780M(3086M) 0.585ms
[5.116s][info][safepoint] Safepoint "GenCollectForAllocation", Time since last: 263804005 ns, Reaching safepoint: 10696 ns, At safepoint: 950199 ns, Total: 960895 ns
[5.378s][info][gc       ] GC(18) Pause Young (Allocation Failure) 2632M->1780M(3086M) 0.540ms
[5.378s][info][safepoint] Safepoint "GenCollectForAllocation", Time since last: 261216364 ns, Reaching safepoint: 7515 ns, At safepoint: 888988 ns, Total: 896503 ns
[5.638s][info][gc       ] GC(19) Pause Young (Allocation Failure) 2632M->1780M(3086M) 0.594ms
[5.638s][info][safepoint] Safepoint "GenCollectForAllocation", Time since last: 258864086 ns, Reaching safepoint: 8953 ns, At safepoint: 1042637 ns, Total: 1051590 ns
[5.907s][info][gc       ] GC(20) Pause Young (Allocation Failure) 2632M->1780M(3086M) 0.556ms
[5.907s][info][safepoint] Safepoint "GenCollectForAllocation", Time since last: 267743747 ns, Reaching safepoint: 26442 ns, At safepoint: 966686 ns, Total: 993128 ns
[6.161s][info][gc       ] GC(21) Pause Young (Allocation Failure) 2632M->1780M(3086M) 0.515ms
[6.161s][info][safepoint] Safepoint "GenCollectForAllocation", Time since last: 253078429 ns, Reaching safepoint: 7085 ns, At safepoint: 889745 ns, Total: 896830 ns
[6.402s][info][gc       ] GC(22) Pause Young (Allocation Failure) 2632M->1780M(3086M) 0.548ms
[6.402s][info][safepoint] Safepoint "GenCollectForAllocation", Time since last: 239986550 ns, Reaching safepoint: 7281 ns, At safepoint: 989314 ns, Total: 996595 ns
[6.667s][info][gc       ] GC(23) Pause Young (Allocation Failure) 2632M->1780M(3086M) 0.605ms
[6.667s][info][safepoint] Safepoint "GenCollectForAllocation", Time since last: 263900949 ns, Reaching safepoint: 14373 ns, At safepoint: 1071182 ns, Total: 1085555 ns
[6.929s][info][gc       ] GC(24) Pause Young (Allocation Failure) 2632M->1780M(3086M) 0.647ms
[6.930s][info][safepoint] Safepoint "GenCollectForAllocation", Time since last: 261587268 ns, Reaching safepoint: 8761 ns, At safepoint: 1151155 ns, Total: 1159916 ns
[7.196s][info][gc       ] GC(25) Pause Young (Allocation Failure) 2632M->1780M(3086M) 0.665ms
[7.196s][info][safepoint] Safepoint "GenCollectForAllocation", Time since last: 265163517 ns, Reaching safepoint: 8798 ns, At safepoint: 1024070 ns, Total: 1032868 ns
[7.457s][info][gc       ] GC(26) Pause Young (Allocation Failure) 2632M->1780M(3086M) 0.607ms
[7.458s][info][safepoint] Safepoint "GenCollectForAllocation", Time since last: 260515268 ns, Reaching safepoint: 9007 ns, At safepoint: 1064178 ns, Total: 1073185 ns
[7.710s][info][gc       ] GC(27) Pause Young (Allocation Failure) 2632M->1780M(3086M) 0.530ms
[7.710s][info][safepoint] Safepoint "GenCollectForAllocation", Time since last: 251574128 ns, Reaching safepoint: 13192 ns, At safepoint: 877049 ns, Total: 890241 ns
[7.959s][info][gc       ] GC(28) Pause Young (Allocation Failure) 2632M->1780M(3086M) 0.516ms
[7.959s][info][safepoint] Safepoint "GenCollectForAllocation", Time since last: 248199582 ns, Reaching safepoint: 14732 ns, At safepoint: 1052756 ns, Total: 1067488 ns
[8.202s][info][gc       ] GC(29) Pause Young (Allocation Failure) 2632M->1780M(3086M) 0.683ms
[8.202s][info][safepoint] Safepoint "GenCollectForAllocation", Time since last: 241997095 ns, Reaching safepoint: 7449 ns, At safepoint: 1110822 ns, Total: 1118271 ns
[8.442s][info][gc       ] GC(30) Pause Young (Allocation Failure) 2632M->1780M(3086M) 0.538ms
[8.442s][info][safepoint] Safepoint "GenCollectForAllocation", Time since last: 238932320 ns, Reaching safepoint: 7550 ns, At safepoint: 1063321 ns, Total: 1070871 ns
[8.681s][info][gc       ] GC(31) Pause Young (Allocation Failure) 2632M->1780M(3086M) 0.520ms
[8.682s][info][safepoint] Safepoint "GenCollectForAllocation", Time since last: 238268626 ns, Reaching safepoint: 19808 ns, At safepoint: 973055 ns, Total: 992863 ns
[8.925s][info][gc       ] GC(32) Pause Young (Allocation Failure) 2632M->1780M(3086M) 1.027ms
[8.925s][info][safepoint] Safepoint "GenCollectForAllocation", Time since last: 242126435 ns, Reaching safepoint: 7856 ns, At safepoint: 1515523 ns, Total: 1523379 ns
[9.167s][info][gc       ] GC(33) Pause Young (Allocation Failure) 2632M->1780M(3086M) 0.486ms
[9.168s][info][safepoint] Safepoint "GenCollectForAllocation", Time since last: 241071468 ns, Reaching safepoint: 7897 ns, At safepoint: 1076140 ns, Total: 1084037 ns
[9.409s][info][gc       ] GC(34) Pause Young (Allocation Failure) 2632M->1780M(3086M) 0.476ms
[9.409s][info][safepoint] Safepoint "GenCollectForAllocation", Time since last: 240876305 ns, Reaching safepoint: 7641 ns, At safepoint: 890384 ns, Total: 898025 ns
[9.649s][info][gc       ] GC(35) Pause Young (Allocation Failure) 2632M->1780M(3086M) 0.475ms
[9.650s][info][safepoint] Safepoint "GenCollectForAllocation", Time since last: 239239903 ns, Reaching safepoint: 7628 ns, At safepoint: 979461 ns, Total: 987089 ns
[9.891s][info][gc       ] GC(36) Pause Young (Allocation Failure) 2632M->1780M(3086M) 0.470ms
[9.892s][info][safepoint] Safepoint "GenCollectForAllocation", Time since last: 241214595 ns, Reaching safepoint: 7749 ns, At safepoint: 1449419 ns, Total: 1457168 ns
[10.131s][info][gc       ] GC(37) Pause Young (Allocation Failure) 2632M->1780M(3086M) 0.459ms
[10.131s][info][safepoint] Safepoint "GenCollectForAllocation", Time since last: 238159805 ns, Reaching safepoint: 8851 ns, At safepoint: 906116 ns, Total: 914967 ns
[10.378s][info][gc       ] GC(38) Pause Young (Allocation Failure) 2632M->1780M(3086M) 0.535ms
[10.378s][info][safepoint] Safepoint "GenCollectForAllocation", Time since last: 245707807 ns, Reaching safepoint: 7708 ns, At safepoint: 908236 ns, Total: 915944 ns
[10.619s][info][gc       ] GC(39) Pause Young (Allocation Failure) 2632M->1780M(3086M) 0.451ms
[10.620s][info][safepoint] Safepoint "GenCollectForAllocation", Time since last: 240963262 ns, Reaching safepoint: 7336 ns, At safepoint: 873172 ns, Total: 880508 ns
[10.867s][info][gc       ] GC(40) Pause Young (Allocation Failure) 2632M->1780M(3086M) 0.463ms
[10.867s][info][safepoint] Safepoint "GenCollectForAllocation", Time since last: 246543079 ns, Reaching safepoint: 11586 ns, At safepoint: 928359 ns, Total: 939945 ns
[11.103s][info][gc       ] GC(41) Pause Young (Allocation Failure) 2632M->1780M(3086M) 0.479ms
[11.103s][info][safepoint] Safepoint "GenCollectForAllocation", Time since last: 234905165 ns, Reaching safepoint: 6198 ns, At safepoint: 992329 ns, Total: 998527 ns
[11.343s][info][gc       ] GC(42) Pause Young (Allocation Failure) 2632M->1780M(3086M) 0.468ms
[11.344s][info][safepoint] Safepoint "GenCollectForAllocation", Time since last: 239846421 ns, Reaching safepoint: 6620 ns, At safepoint: 919302 ns, Total: 925922 ns
[11.583s][info][gc       ] GC(43) Pause Young (Allocation Failure) 2632M->1780M(3086M) 0.484ms
[11.584s][info][safepoint] Safepoint "GenCollectForAllocation", Time since last: 238823175 ns, Reaching safepoint: 6942 ns, At safepoint: 984549 ns, Total: 991491 ns
[11.823s][info][gc       ] GC(44) Pause Young (Allocation Failure) 2632M->1780M(3086M) 0.474ms
[11.824s][info][safepoint] Safepoint "GenCollectForAllocation", Time since last: 239031911 ns, Reaching safepoint: 7767 ns, At safepoint: 866433 ns, Total: 874200 ns
[12.066s][info][gc       ] GC(45) Pause Young (Allocation Failure) 2632M->1780M(3086M) 0.464ms
[12.066s][info][safepoint] Safepoint "GenCollectForAllocation", Time since last: 241724520 ns, Reaching safepoint: 7473 ns, At safepoint: 946672 ns, Total: 954145 ns
[12.301s][info][gc       ] GC(46) Pause Young (Allocation Failure) 2632M->1780M(3086M) 0.458ms
[12.302s][info][safepoint] Safepoint "GenCollectForAllocation", Time since last: 234459711 ns, Reaching safepoint: 11110 ns, At safepoint: 924313 ns, Total: 935423 ns
[12.942s][info][gc       ] GC(47) Pause Young (Allocation Failure) 2632M->2570M(3422M) 539.517ms
[13.710s][info][gc       ] GC(48) Pause Full (Allocation Failure) 2570M->793M(3086M) 766.818ms
[13.710s][info][safepoint] Safepoint "GenCollectForAllocation", Time since last: 101157239 ns, Reaching safepoint: 21662 ns, At safepoint: 1307335689 ns, Total: 1307357351 ns
[14.197s][info][gc       ] GC(49) Pause Young (Allocation Failure) 1644M->1609M(3086M) 391.244ms
[14.198s][info][safepoint] Safepoint "GenCollectForAllocation", Time since last: 95895507 ns, Reaching safepoint: 8040 ns, At safepoint: 391630674 ns, Total: 391638714 ns
[14.695s][info][gc       ] GC(50) Pause Young (Allocation Failure) 2460M->1818M(3086M) 249.233ms
[14.695s][info][safepoint] Safepoint "GenCollectForAllocation", Time since last: 247917330 ns, Reaching safepoint: 23027 ns, At safepoint: 249763099 ns, Total: 249786126 ns
[15.077s][info][gc       ] GC(51) Pause Young (Allocation Failure) 2669M->1818M(3086M) 132.612ms
[15.078s][info][safepoint] Safepoint "GenCollectForAllocation", Time since last: 249354168 ns, Reaching safepoint: 7841 ns, At safepoint: 133162597 ns, Total: 133170438 ns
[15.317s][info][gc       ] GC(52) Pause Young (Allocation Failure) 2669M->1818M(3086M) 0.489ms
[15.318s][info][safepoint] Safepoint "GenCollectForAllocation", Time since last: 238954903 ns, Reaching safepoint: 7225 ns, At safepoint: 1020577 ns, Total: 1027802 ns
[15.562s][info][gc       ] GC(53) Pause Young (Allocation Failure) 2669M->1818M(3086M) 0.467ms
[15.563s][info][safepoint] Safepoint "GenCollectForAllocation", Time since last: 243810803 ns, Reaching safepoint: 6475 ns, At safepoint: 966396 ns, Total: 972871 ns
[15.801s][info][gc       ] GC(54) Pause Young (Allocation Failure) 2669M->1818M(3086M) 0.482ms
[15.801s][info][safepoint] Safepoint "GenCollectForAllocation", Time since last: 237624770 ns, Reaching safepoint: 7599 ns, At safepoint: 1004465 ns, Total: 1012064 ns
[16.047s][info][gc       ] GC(55) Pause Young (Allocation Failure) 2669M->1818M(3086M) 0.466ms
[16.047s][info][safepoint] Safepoint "GenCollectForAllocation", Time since last: 244842646 ns, Reaching safepoint: 6587 ns, At safepoint: 1008827 ns, Total: 1015414 ns
[16.293s][info][gc       ] GC(56) Pause Young (Allocation Failure) 2669M->1818M(3086M) 0.499ms
[16.294s][info][safepoint] Safepoint "GenCollectForAllocation", Time since last: 245644361 ns, Reaching safepoint: 7114 ns, At safepoint: 1061456 ns, Total: 1068570 ns
[16.537s][info][gc       ] GC(57) Pause Young (Allocation Failure) 2669M->1818M(3086M) 0.459ms
[16.538s][info][safepoint] Safepoint "GenCollectForAllocation", Time since last: 242953615 ns, Reaching safepoint: 8134 ns, At safepoint: 904304 ns, Total: 912438 ns
[16.780s][info][gc       ] GC(58) Pause Young (Allocation Failure) 2669M->1818M(3086M) 0.473ms
[16.780s][info][safepoint] Safepoint "GenCollectForAllocation", Time since last: 241609635 ns, Reaching safepoint: 6898 ns, At safepoint: 1046003 ns, Total: 1052901 ns
[17.026s][info][gc       ] GC(59) Pause Young (Allocation Failure) 2669M->1818M(3086M) 0.489ms
[17.026s][info][safepoint] Safepoint "GenCollectForAllocation", Time since last: 244591173 ns, Reaching safepoint: 9300 ns, At safepoint: 1016509 ns, Total: 1025809 ns
[17.261s][info][gc       ] GC(60) Pause Young (Allocation Failure) 2669M->1818M(3086M) 0.462ms
[17.262s][info][safepoint] Safepoint "GenCollectForAllocation", Time since last: 234833737 ns, Reaching safepoint: 6095 ns, At safepoint: 934998 ns, Total: 941093 ns
[17.504s][info][gc       ] GC(61) Pause Young (Allocation Failure) 2669M->1818M(3086M) 0.489ms
[17.504s][info][safepoint] Safepoint "GenCollectForAllocation", Time since last: 241281945 ns, Reaching safepoint: 10595 ns, At safepoint: 968044 ns, Total: 978639 ns
[17.741s][info][gc       ] GC(62) Pause Young (Allocation Failure) 2669M->1818M(3086M) 0.466ms
[17.742s][info][safepoint] Safepoint "GenCollectForAllocation", Time since last: 236788720 ns, Reaching safepoint: 8009 ns, At safepoint: 988089 ns, Total: 996098 ns
[17.981s][info][gc       ] GC(63) Pause Young (Allocation Failure) 2669M->1818M(3086M) 0.493ms
[17.981s][info][safepoint] Safepoint "GenCollectForAllocation", Time since last: 238359652 ns, Reaching safepoint: 7516 ns, At safepoint: 1001251 ns, Total: 1008767 ns
[18.223s][info][gc       ] GC(64) Pause Young (Allocation Failure) 2669M->1818M(3086M) 0.465ms
[18.224s][info][safepoint] Safepoint "GenCollectForAllocation", Time since last: 241689409 ns, Reaching safepoint: 7384 ns, At safepoint: 957729 ns, Total: 965113 ns
[18.479s][info][gc       ] GC(65) Pause Young (Allocation Failure) 2669M->1818M(3086M) 0.462ms
[18.479s][info][safepoint] Safepoint "GenCollectForAllocation", Time since last: 254248804 ns, Reaching safepoint: 12300 ns, At safepoint: 939770 ns, Total: 952070 ns
[18.722s][info][gc       ] GC(66) Pause Young (Allocation Failure) 2669M->1818M(3086M) 0.482ms
[18.722s][info][safepoint] Safepoint "GenCollectForAllocation", Time since last: 242009287 ns, Reaching safepoint: 7903 ns, At safepoint: 1048479 ns, Total: 1056382 ns
[18.968s][info][gc       ] GC(67) Pause Young (Allocation Failure) 2669M->1818M(3086M) 0.491ms
[18.969s][info][safepoint] Safepoint "GenCollectForAllocation", Time since last: 245564122 ns, Reaching safepoint: 7121 ns, At safepoint: 1021593 ns, Total: 1028714 ns
[19.204s][info][gc       ] GC(68) Pause Young (Allocation Failure) 2669M->1818M(3086M) 0.456ms
[19.204s][info][safepoint] Safepoint "GenCollectForAllocation", Time since last: 234266740 ns, Reaching safepoint: 33716 ns, At safepoint: 970151 ns, Total: 1003867 ns
[19.444s][info][gc       ] GC(69) Pause Young (Allocation Failure) 2669M->1818M(3086M) 0.505ms
[19.445s][info][safepoint] Safepoint "GenCollectForAllocation", Time since last: 239443912 ns, Reaching safepoint: 7308 ns, At safepoint: 1070015 ns, Total: 1077323 ns
[19.683s][info][gc       ] GC(70) Pause Young (Allocation Failure) 2669M->1818M(3086M) 0.457ms
[19.683s][info][safepoint] Safepoint "GenCollectForAllocation", Time since last: 237695426 ns, Reaching safepoint: 7232 ns, At safepoint: 958442 ns, Total: 965674 ns
[19.927s][info][gc       ] GC(71) Pause Young (Allocation Failure) 2669M->1818M(3086M) 0.473ms
[19.927s][info][safepoint] Safepoint "GenCollectForAllocation", Time since last: 242916000 ns, Reaching safepoint: 7568 ns, At safepoint: 930216 ns, Total: 937784 ns
[20.169s][info][gc       ] GC(72) Pause Young (Allocation Failure) 2669M->1818M(3086M) 0.466ms
[20.170s][info][safepoint] Safepoint "GenCollectForAllocation", Time since last: 241909638 ns, Reaching safepoint: 5741 ns, At safepoint: 923563 ns, Total: 929304 ns
[20.412s][info][gc       ] GC(73) Pause Young (Allocation Failure) 2669M->1818M(3086M) 0.440ms
[20.413s][info][safepoint] Safepoint "GenCollectForAllocation", Time since last: 241687140 ns, Reaching safepoint: 6029 ns, At safepoint: 952764 ns, Total: 958793 ns
[20.651s][info][gc       ] GC(74) Pause Young (Allocation Failure) 2669M->1818M(3086M) 0.465ms
[20.651s][info][safepoint] Safepoint "GenCollectForAllocation", Time since last: 237663467 ns, Reaching safepoint: 78919 ns, At safepoint: 966834 ns, Total: 1045753 ns
[20.893s][info][gc       ] GC(75) Pause Young (Allocation Failure) 2669M->1818M(3086M) 0.467ms
[20.894s][info][safepoint] Safepoint "GenCollectForAllocation", Time since last: 241700367 ns, Reaching safepoint: 6619 ns, At safepoint: 946669 ns, Total: 953288 ns
[21.137s][info][gc       ] GC(76) Pause Young (Allocation Failure) 2669M->1818M(3086M) 0.473ms
[21.138s][info][safepoint] Safepoint "GenCollectForAllocation", Time since last: 242816329 ns, Reaching safepoint: 7414 ns, At safepoint: 924724 ns, Total: 932138 ns
[21.381s][info][gc       ] GC(77) Pause Young (Allocation Failure) 2669M->1818M(3086M) 0.461ms
[21.381s][info][safepoint] Safepoint "GenCollectForAllocation", Time since last: 242357441 ns, Reaching safepoint: 6750 ns, At safepoint: 866943 ns, Total: 873693 ns
[21.624s][info][gc       ] GC(78) Pause Young (Allocation Failure) 2669M->1818M(3086M) 0.462ms
[21.625s][info][safepoint] Safepoint "GenCollectForAllocation", Time since last: 243048652 ns, Reaching safepoint: 10330 ns, At safepoint: 968434 ns, Total: 978764 ns
[21.863s][info][gc       ] GC(79) Pause Young (Allocation Failure) 2669M->1818M(3086M) 0.459ms
[21.864s][info][safepoint] Safepoint "GenCollectForAllocation", Time since last: 237842784 ns, Reaching safepoint: 6971 ns, At safepoint: 975801 ns, Total: 982772 ns
[22.106s][info][gc       ] GC(80) Pause Young (Allocation Failure) 2669M->1818M(3086M) 0.493ms
[22.106s][info][safepoint] Safepoint "GenCollectForAllocation", Time since last: 241608030 ns, Reaching safepoint: 7534 ns, At safepoint: 1027609 ns, Total: 1035143 ns
[22.347s][info][gc       ] GC(81) Pause Young (Allocation Failure) 2669M->1818M(3086M) 0.462ms
[22.347s][info][safepoint] Safepoint "GenCollectForAllocation", Time since last: 239984029 ns, Reaching safepoint: 6715 ns, At safepoint: 967409 ns, Total: 974124 ns
[22.590s][info][gc       ] GC(82) Pause Young (Allocation Failure) 2669M->1818M(3086M) 0.480ms
[22.590s][info][safepoint] Safepoint "GenCollectForAllocation", Time since last: 241794113 ns, Reaching safepoint: 6986 ns, At safepoint: 894424 ns, Total: 901410 ns
[22.836s][info][gc       ] GC(83) Pause Young (Allocation Failure) 2669M->1818M(3086M) 0.473ms
[22.836s][info][safepoint] Safepoint "GenCollectForAllocation", Time since last: 245339806 ns, Reaching safepoint: 7595 ns, At safepoint: 957583 ns, Total: 965178 ns
[23.080s][info][gc       ] GC(84) Pause Young (Allocation Failure) 2669M->1818M(3086M) 0.470ms
[23.080s][info][safepoint] Safepoint "GenCollectForAllocation", Time since last: 242918397 ns, Reaching safepoint: 7191 ns, At safepoint: 991002 ns, Total: 998193 ns
[23.318s][info][gc       ] GC(85) Pause Young (Allocation Failure) 2669M->1818M(3086M) 0.460ms
[23.318s][info][safepoint] Safepoint "GenCollectForAllocation", Time since last: 236875419 ns, Reaching safepoint: 6261 ns, At safepoint: 921404 ns, Total: 927665 ns
[23.644s][info][gc       ] GC(86) Pause Young (Allocation Failure) 2669M->2171M(3086M) 150.571ms
[23.644s][info][safepoint] Safepoint "GenCollectForAllocation", Time since last: 175176651 ns, Reaching safepoint: 8392 ns, At safepoint: 151096432 ns, Total: 151104824 ns
[24.304s][info][gc       ] GC(87) Pause Young (Allocation Failure) 3023M->2973M(3825M) 566.179ms
[25.232s][info][gc       ] GC(88) Pause Full (Allocation Failure) 2973M->1158M(3086M) 927.415ms
[25.233s][info][safepoint] Safepoint "GenCollectForAllocation", Time since last: 93762438 ns, Reaching safepoint: 7616 ns, At safepoint: 1494880997 ns, Total: 1494888613 ns
[25.787s][info][gc       ] GC(89) Pause Young (Allocation Failure) 2009M->1799M(3086M) 376.139ms
[25.787s][info][safepoint] Safepoint "GenCollectForAllocation", Time since last: 177806074 ns, Reaching safepoint: 7676 ns, At safepoint: 376615061 ns, Total: 376622737 ns
[26.125s][info][gc       ] GC(90) Pause Young (Allocation Failure) 2651M->1799M(3086M) 101.774ms
[26.125s][info][safepoint] Safepoint "GenCollectForAllocation", Time since last: 235676417 ns, Reaching safepoint: 12411 ns, At safepoint: 102248885 ns, Total: 102261296 ns
[26.363s][info][gc       ] GC(91) Pause Young (Allocation Failure) 2651M->1799M(3086M) 0.465ms
[26.364s][info][safepoint] Safepoint "GenCollectForAllocation", Time since last: 237562598 ns, Reaching safepoint: 7180 ns, At safepoint: 948368 ns, Total: 955548 ns
[26.606s][info][gc       ] GC(92) Pause Young (Allocation Failure) 2651M->1799M(3086M) 0.517ms
[26.607s][info][safepoint] Safepoint "GenCollectForAllocation", Time since last: 241575177 ns, Reaching safepoint: 22779 ns, At safepoint: 1036869 ns, Total: 1059648 ns
[26.850s][info][gc       ] GC(93) Pause Young (Allocation Failure) 2651M->1799M(3086M) 0.455ms
[26.851s][info][safepoint] Safepoint "GenCollectForAllocation", Time since last: 242972151 ns, Reaching safepoint: 6978 ns, At safepoint: 987183 ns, Total: 994161 ns
[27.103s][info][gc       ] GC(94) Pause Young (Allocation Failure) 2651M->1799M(3086M) 0.477ms
[27.103s][info][safepoint] Safepoint "GenCollectForAllocation", Time since last: 251813754 ns, Reaching safepoint: 7120 ns, At safepoint: 1045128 ns, Total: 1052248 ns
[27.346s][info][gc       ] GC(95) Pause Young (Allocation Failure) 2651M->1799M(3086M) 0.472ms
[27.346s][info][safepoint] Safepoint "GenCollectForAllocation", Time since last: 241853060 ns, Reaching safepoint: 6581 ns, At safepoint: 1023063 ns, Total: 1029644 ns
[27.587s][info][gc       ] GC(96) Pause Young (Allocation Failure) 2651M->1799M(3086M) 0.464ms
[27.588s][info][safepoint] Safepoint "GenCollectForAllocation", Time since last: 240685594 ns, Reaching safepoint: 7908 ns, At safepoint: 1039861 ns, Total: 1047769 ns
[27.851s][info][gc       ] GC(97) Pause Young (Allocation Failure) 2651M->1799M(3086M) 0.505ms
[27.852s][info][safepoint] Safepoint "GenCollectForAllocation", Time since last: 262698054 ns, Reaching safepoint: 7950 ns, At safepoint: 860925 ns, Total: 868875 ns
[28.110s][info][gc       ] GC(98) Pause Young (Allocation Failure) 2651M->1799M(3086M) 0.480ms
[28.111s][info][safepoint] Safepoint "GenCollectForAllocation", Time since last: 257875744 ns, Reaching safepoint: 8166 ns, At safepoint: 1084874 ns, Total: 1093040 ns
[28.351s][info][gc       ] GC(99) Pause Young (Allocation Failure) 2651M->1799M(3086M) 0.453ms
[28.352s][info][safepoint] Safepoint "GenCollectForAllocation", Time since last: 240501571 ns, Reaching safepoint: 7290 ns, At safepoint: 1020833 ns, Total: 1028123 ns
[28.596s][info][gc       ] GC(100) Pause Young (Allocation Failure) 2651M->1799M(3086M) 0.493ms
[28.597s][info][safepoint] Safepoint "GenCollectForAllocation", Time since last: 243524733 ns, Reaching safepoint: 10071 ns, At safepoint: 1000464 ns, Total: 1010535 ns
[28.841s][info][gc       ] GC(101) Pause Young (Allocation Failure) 2651M->1799M(3086M) 0.467ms
[28.842s][info][safepoint] Safepoint "GenCollectForAllocation", Time since last: 244189136 ns, Reaching safepoint: 7693 ns, At safepoint: 1044593 ns, Total: 1052286 ns
[29.087s][info][gc       ] GC(102) Pause Young (Allocation Failure) 2651M->1799M(3086M) 0.491ms
[29.087s][info][safepoint] Safepoint "GenCollectForAllocation", Time since last: 244536870 ns, Reaching safepoint: 8110 ns, At safepoint: 1017665 ns, Total: 1025775 ns
[29.329s][info][gc       ] GC(103) Pause Young (Allocation Failure) 2651M->1799M(3086M) 0.446ms
[29.329s][info][safepoint] Safepoint "GenCollectForAllocation", Time since last: 241112615 ns, Reaching safepoint: 6786 ns, At safepoint: 932432 ns, Total: 939218 ns
[29.572s][info][gc       ] GC(104) Pause Young (Allocation Failure) 2651M->1799M(3086M) 0.500ms
[29.573s][info][safepoint] Safepoint "GenCollectForAllocation", Time since last: 242535648 ns, Reaching safepoint: 6828 ns, At safepoint: 972675 ns, Total: 979503 ns
[29.810s][info][gc       ] GC(105) Pause Young (Allocation Failure) 2651M->1799M(3086M) 0.476ms
[29.811s][info][safepoint] Safepoint "GenCollectForAllocation", Time since last: 236807036 ns, Reaching safepoint: 12143 ns, At safepoint: 1038124 ns, Total: 1050267 ns
[30.058s][info][gc       ] GC(106) Pause Young (Allocation Failure) 2651M->1799M(3086M) 0.480ms
[30.058s][info][safepoint] Safepoint "GenCollectForAllocation", Time since last: 246480155 ns, Reaching safepoint: 6969 ns, At safepoint: 992997 ns, Total: 999966 ns
[30.301s][info][gc       ] GC(107) Pause Young (Allocation Failure) 2651M->1799M(3086M) 0.466ms
[30.301s][info][safepoint] Safepoint "GenCollectForAllocation", Time since last: 241788088 ns, Reaching safepoint: 27358 ns, At safepoint: 977889 ns, Total: 1005247 ns
[30.544s][info][gc       ] GC(108) Pause Young (Allocation Failure) 2651M->1799M(3086M) 0.449ms
[30.544s][info][safepoint] Safepoint "GenCollectForAllocation", Time since last: 242052811 ns, Reaching safepoint: 6711 ns, At safepoint: 1034643 ns, Total: 1041354 ns
[30.783s][info][gc       ] GC(109) Pause Young (Allocation Failure) 2651M->1799M(3086M) 0.493ms
[30.783s][info][safepoint] Safepoint "GenCollectForAllocation", Time since last: 237825255 ns, Reaching safepoint: 8355 ns, At safepoint: 997736 ns, Total: 1006091 ns
[31.026s][info][gc       ] GC(110) Pause Young (Allocation Failure) 2651M->1799M(3086M) 0.470ms
[31.027s][info][safepoint] Safepoint "GenCollectForAllocation", Time since last: 242946449 ns, Reaching safepoint: 7135 ns, At safepoint: 1030279 ns, Total: 1037414 ns
[31.277s][info][gc       ] GC(111) Pause Young (Allocation Failure) 2651M->1799M(3086M) 0.476ms
[31.277s][info][safepoint] Safepoint "GenCollectForAllocation", Time since last: 249049134 ns, Reaching safepoint: 7667 ns, At safepoint: 1089844 ns, Total: 1097511 ns
[31.518s][info][gc       ] GC(112) Pause Young (Allocation Failure) 2651M->1799M(3086M) 0.449ms
[31.519s][info][safepoint] Safepoint "GenCollectForAllocation", Time since last: 240729856 ns, Reaching safepoint: 6731 ns, At safepoint: 1013951 ns, Total: 1020682 ns
[31.763s][info][gc       ] GC(113) Pause Young (Allocation Failure) 2651M->1799M(3086M) 0.458ms
[31.764s][info][safepoint] Safepoint "GenCollectForAllocation", Time since last: 243808826 ns, Reaching safepoint: 7492 ns, At safepoint: 984712 ns, Total: 992204 ns
[32.002s][info][gc       ] GC(114) Pause Young (Allocation Failure) 2651M->1799M(3086M) 0.450ms
[32.002s][info][safepoint] Safepoint "GenCollectForAllocation", Time since last: 237667769 ns, Reaching safepoint: 7202 ns, At safepoint: 981576 ns, Total: 988778 ns
[32.247s][info][gc       ] GC(115) Pause Young (Allocation Failure) 2651M->1799M(3086M) 0.486ms
[32.247s][info][safepoint] Safepoint "GenCollectForAllocation", Time since last: 244172049 ns, Reaching safepoint: 18304 ns, At safepoint: 912601 ns, Total: 930905 ns
[32.484s][info][gc       ] GC(116) Pause Young (Allocation Failure) 2651M->1799M(3086M) 0.457ms
[32.485s][info][safepoint] Safepoint "GenCollectForAllocation", Time since last: 236383934 ns, Reaching safepoint: 7141 ns, At safepoint: 910213 ns, Total: 917354 ns
[32.728s][info][gc       ] GC(117) Pause Young (Allocation Failure) 2651M->1799M(3086M) 0.481ms
[32.728s][info][safepoint] Safepoint "GenCollectForAllocation", Time since last: 242671976 ns, Reaching safepoint: 7332 ns, At safepoint: 939879 ns, Total: 947211 ns
[32.965s][info][gc       ] GC(118) Pause Young (Allocation Failure) 2651M->1799M(3086M) 0.455ms
[32.966s][info][safepoint] Safepoint "GenCollectForAllocation", Time since last: 236491550 ns, Reaching safepoint: 7650 ns, At safepoint: 887534 ns, Total: 895184 ns
[33.209s][info][gc       ] GC(119) Pause Young (Allocation Failure) 2651M->1799M(3086M) 0.460ms
[33.209s][info][safepoint] Safepoint "GenCollectForAllocation", Time since last: 242596537 ns, Reaching safepoint: 6722 ns, At safepoint: 876254 ns, Total: 882976 ns
[33.450s][info][gc       ] GC(120) Pause Young (Allocation Failure) 2651M->1799M(3086M) 0.479ms
[33.451s][info][safepoint] Safepoint "GenCollectForAllocation", Time since last: 240690168 ns, Reaching safepoint: 10105 ns, At safepoint: 1019788 ns, Total: 1029893 ns
[33.692s][info][gc       ] GC(121) Pause Young (Allocation Failure) 2651M->1799M(3086M) 0.480ms
[33.693s][info][safepoint] Safepoint "GenCollectForAllocation", Time since last: 240829636 ns, Reaching safepoint: 7604 ns, At safepoint: 993820 ns, Total: 1001424 ns
[33.930s][info][gc       ] GC(122) Pause Young (Allocation Failure) 2651M->1799M(3086M) 0.456ms
[33.930s][info][safepoint] Safepoint "GenCollectForAllocation", Time since last: 236413648 ns, Reaching safepoint: 12747 ns, At safepoint: 841824 ns, Total: 854571 ns
[34.168s][info][gc       ] GC(123) Pause Young (Allocation Failure) 2651M->1799M(3086M) 0.469ms
[34.169s][info][safepoint] Safepoint "GenCollectForAllocation", Time since last: 237840266 ns, Reaching safepoint: 6563 ns, At safepoint: 944599 ns, Total: 951162 ns
[34.414s][info][gc       ] GC(124) Pause Young (Allocation Failure) 2651M->1799M(3086M) 0.472ms
[34.414s][info][safepoint] Safepoint "GenCollectForAllocation", Time since last: 244235406 ns, Reaching safepoint: 6882 ns, At safepoint: 959265 ns, Total: 966147 ns
[34.656s][info][gc       ] GC(125) Pause Young (Allocation Failure) 2651M->1799M(3086M) 0.454ms
[34.656s][info][safepoint] Safepoint "GenCollectForAllocation", Time since last: 241422689 ns, Reaching safepoint: 9116 ns, At safepoint: 993134 ns, Total: 1002250 ns
[35.132s][info][gc       ] GC(126) Pause Young (Allocation Failure) 2651M->2519M(3370M) 371.549ms
[35.796s][info][gc       ] GC(127) Pause Full (Allocation Failure) 2519M->722M(3086M) 663.260ms
[35.797s][info][safepoint] Safepoint "GenCollectForAllocation", Time since last: 104297218 ns, Reaching safepoint: 14324 ns, At safepoint: 1035870915 ns, Total: 1035885239 ns
[36.262s][info][gc       ] GC(128) Pause Young (Allocation Failure) 1541M->1540M(3086M) 373.098ms
[36.262s][info][safepoint] Safepoint "GenCollectForAllocation", Time since last: 92111522 ns, Reaching safepoint: 7347 ns, At safepoint: 373588329 ns, Total: 373595676 ns
[36.731s][info][gc       ] GC(129) Pause Young (Allocation Failure) 2392M->1822M(3086M) 252.737ms
[36.731s][info][safepoint] Safepoint "GenCollectForAllocation", Time since last: 215570574 ns, Reaching safepoint: 15247 ns, At safepoint: 253274184 ns, Total: 253289431 ns
[37.087s][info][gc       ] GC(130) Pause Young (Allocation Failure) 2673M->1822M(3086M) 118.087ms
[37.087s][info][safepoint] Safepoint "GenCollectForAllocation", Time since last: 237393029 ns, Reaching safepoint: 7448 ns, At safepoint: 118597559 ns, Total: 118605007 ns
[37.330s][info][gc       ] GC(131) Pause Young (Allocation Failure) 2673M->1822M(3086M) 0.489ms
[37.331s][info][safepoint] Safepoint "GenCollectForAllocation", Time since last: 242676024 ns, Reaching safepoint: 6760 ns, At safepoint: 995889 ns, Total: 1002649 ns
[37.575s][info][gc       ] GC(132) Pause Young (Allocation Failure) 2673M->1822M(3086M) 0.467ms
[37.575s][info][safepoint] Safepoint "GenCollectForAllocation", Time since last: 243470876 ns, Reaching safepoint: 7033 ns, At safepoint: 851645 ns, Total: 858678 ns
[37.818s][info][gc       ] GC(133) Pause Young (Allocation Failure) 2673M->1822M(3086M) 0.558ms
[37.818s][info][safepoint] Safepoint "GenCollectForAllocation", Time since last: 242223087 ns, Reaching safepoint: 7377 ns, At safepoint: 979105 ns, Total: 986482 ns
[38.059s][info][gc       ] GC(134) Pause Young (Allocation Failure) 2673M->1822M(3086M) 0.476ms
[38.059s][info][safepoint] Safepoint "GenCollectForAllocation", Time since last: 239925283 ns, Reaching safepoint: 6473 ns, At safepoint: 952696 ns, Total: 959169 ns
[38.301s][info][gc       ] GC(135) Pause Young (Allocation Failure) 2673M->1822M(3086M) 0.460ms
[38.302s][info][safepoint] Safepoint "GenCollectForAllocation", Time since last: 241673400 ns, Reaching safepoint: 7194 ns, At safepoint: 969678 ns, Total: 976872 ns
[38.541s][info][gc       ] GC(136) Pause Young (Allocation Failure) 2673M->1822M(3086M) 0.477ms
[38.541s][info][safepoint] Safepoint "GenCollectForAllocation", Time since last: 238474910 ns, Reaching safepoint: 6349 ns, At safepoint: 932450 ns, Total: 938799 ns
[38.784s][info][gc       ] GC(137) Pause Young (Allocation Failure) 2673M->1822M(3086M) 0.455ms
[38.784s][info][safepoint] Safepoint "GenCollectForAllocation", Time since last: 241869814 ns, Reaching safepoint: 5431 ns, At safepoint: 883278 ns, Total: 888709 ns
[39.028s][info][gc       ] GC(138) Pause Young (Allocation Failure) 2673M->1822M(3086M) 0.474ms
[39.028s][info][safepoint] Safepoint "GenCollectForAllocation", Time since last: 243159636 ns, Reaching safepoint: 6501 ns, At safepoint: 950956 ns, Total: 957457 ns
[39.267s][info][gc       ] GC(139) Pause Young (Allocation Failure) 2673M->1822M(3086M) 0.452ms
[39.267s][info][safepoint] Safepoint "GenCollectForAllocation", Time since last: 238101637 ns, Reaching safepoint: 8971 ns, At safepoint: 973565 ns, Total: 982536 ns
[39.510s][info][gc       ] GC(140) Pause Young (Allocation Failure) 2673M->1822M(3086M) 0.467ms
[39.510s][info][safepoint] Safepoint "GenCollectForAllocation", Time since last: 242024180 ns, Reaching safepoint: 6518 ns, At safepoint: 915064 ns, Total: 921582 ns
[39.761s][info][gc       ] GC(141) Pause Young (Allocation Failure) 2673M->1822M(3086M) 0.463ms
[39.761s][info][safepoint] Safepoint "GenCollectForAllocation", Time since last: 249775689 ns, Reaching safepoint: 10491 ns, At safepoint: 959785 ns, Total: 970276 ns
[40.004s][info][gc       ] GC(142) Pause Young (Allocation Failure) 2673M->1822M(3086M) 0.486ms
[40.004s][info][safepoint] Safepoint "GenCollectForAllocation", Time since last: 242149700 ns, Reaching safepoint: 7896 ns, At safepoint: 1087598 ns, Total: 1095494 ns
[40.248s][info][gc       ] GC(143) Pause Young (Allocation Failure) 2673M->1822M(3086M) 0.482ms
[40.249s][info][safepoint] Safepoint "GenCollectForAllocation", Time since last: 243351694 ns, Reaching safepoint: 6714 ns, At safepoint: 1034494 ns, Total: 1041208 ns
[40.494s][info][gc       ] GC(144) Pause Young (Allocation Failure) 2673M->1822M(3086M) 0.481ms
[40.495s][info][safepoint] Safepoint "GenCollectForAllocation", Time since last: 244964243 ns, Reaching safepoint: 7277 ns, At safepoint: 969249 ns, Total: 976526 ns
[40.738s][info][gc       ] GC(145) Pause Young (Allocation Failure) 2673M->1822M(3086M) 0.485ms
[40.739s][info][safepoint] Safepoint "GenCollectForAllocation", Time since last: 242940226 ns, Reaching safepoint: 7001 ns, At safepoint: 983910 ns, Total: 990911 ns
[40.981s][info][gc       ] GC(146) Pause Young (Allocation Failure) 2673M->1822M(3086M) 0.475ms
[40.981s][info][safepoint] Safepoint "GenCollectForAllocation", Time since last: 241526852 ns, Reaching safepoint: 7667 ns, At safepoint: 1010920 ns, Total: 1018587 ns
[41.220s][info][gc       ] GC(147) Pause Young (Allocation Failure) 2673M->1822M(3086M) 0.489ms
[41.221s][info][safepoint] Safepoint "GenCollectForAllocation", Time since last: 238801964 ns, Reaching safepoint: 7605 ns, At safepoint: 901512 ns, Total: 909117 ns
[41.466s][info][gc       ] GC(148) Pause Young (Allocation Failure) 2673M->1822M(3086M) 0.481ms
[41.467s][info][safepoint] Safepoint "GenCollectForAllocation", Time since last: 244971706 ns, Reaching safepoint: 7093 ns, At safepoint: 978935 ns, Total: 986028 ns
[41.711s][info][gc       ] GC(149) Pause Young (Allocation Failure) 2673M->1822M(3086M) 0.467ms
[41.712s][info][safepoint] Safepoint "GenCollectForAllocation", Time since last: 244065383 ns, Reaching safepoint: 10069 ns, At safepoint: 971673 ns, Total: 981742 ns
[41.949s][info][gc       ] GC(150) Pause Young (Allocation Failure) 2673M->1822M(3086M) 0.455ms
[41.950s][info][safepoint] Safepoint "GenCollectForAllocation", Time since last: 236898123 ns, Reaching safepoint: 7337 ns, At safepoint: 993303 ns, Total: 1000640 ns
[42.188s][info][gc       ] GC(151) Pause Young (Allocation Failure) 2673M->1822M(3086M) 0.456ms
[42.189s][info][safepoint] Safepoint "GenCollectForAllocation", Time since last: 237969218 ns, Reaching safepoint: 6402 ns, At safepoint: 966994 ns, Total: 973396 ns
[42.431s][info][gc       ] GC(152) Pause Young (Allocation Failure) 2673M->1822M(3086M) 0.458ms
[42.431s][info][safepoint] Safepoint "GenCollectForAllocation", Time since last: 241867008 ns, Reaching safepoint: 6188 ns, At safepoint: 905974 ns, Total: 912162 ns
[42.676s][info][gc       ] GC(153) Pause Young (Allocation Failure) 2673M->1822M(3086M) 0.612ms
[42.676s][info][safepoint] Safepoint "GenCollectForAllocation", Time since last: 243717407 ns, Reaching safepoint: 8123 ns, At safepoint: 1195683 ns, Total: 1203806 ns
[42.933s][info][gc       ] GC(154) Pause Young (Allocation Failure) 2673M->1822M(3086M) 0.488ms
[42.934s][info][safepoint] Safepoint "GenCollectForAllocation", Time since last: 256590387 ns, Reaching safepoint: 9171 ns, At safepoint: 920145 ns, Total: 929316 ns
[43.176s][info][gc       ] GC(155) Pause Young (Allocation Failure) 2673M->1822M(3086M) 0.457ms
[43.176s][info][safepoint] Safepoint "GenCollectForAllocation", Time since last: 241262936 ns, Reaching safepoint: 6470 ns, At safepoint: 907520 ns, Total: 913990 ns
[43.421s][info][gc       ] GC(156) Pause Young (Allocation Failure) 2673M->1822M(3086M) 0.462ms
[43.421s][info][safepoint] Safepoint "GenCollectForAllocation", Time since last: 244046754 ns, Reaching safepoint: 7197 ns, At safepoint: 909081 ns, Total: 916278 ns
[43.672s][info][gc       ] GC(157) Pause Young (Allocation Failure) 2673M->1822M(3086M) 0.559ms
[43.673s][info][safepoint] Safepoint "GenCollectForAllocation", Time since last: 250498940 ns, Reaching safepoint: 8530 ns, At safepoint: 1362210 ns, Total: 1370740 ns
[43.924s][info][gc       ] GC(158) Pause Young (Allocation Failure) 2673M->1822M(3086M) 0.485ms
[43.925s][info][safepoint] Safepoint "GenCollectForAllocation", Time since last: 251039360 ns, Reaching safepoint: 7162 ns, At safepoint: 972597 ns, Total: 979759 ns
[44.170s][info][gc       ] GC(159) Pause Young (Allocation Failure) 2673M->1822M(3086M) 0.510ms
[44.170s][info][safepoint] Safepoint "GenCollectForAllocation", Time since last: 244104093 ns, Reaching safepoint: 15169 ns, At safepoint: 980670 ns, Total: 995839 ns
[44.415s][info][gc       ] GC(160) Pause Young (Allocation Failure) 2673M->1822M(3086M) 0.515ms
[44.415s][info][safepoint] Safepoint "GenCollectForAllocation", Time since last: 244128015 ns, Reaching safepoint: 11797 ns, At safepoint: 988959 ns, Total: 1000756 ns
[44.659s][info][gc       ] GC(161) Pause Young (Allocation Failure) 2673M->1822M(3086M) 0.476ms
[44.660s][info][safepoint] Safepoint "GenCollectForAllocation", Time since last: 243687557 ns, Reaching safepoint: 5711 ns, At safepoint: 923114 ns, Total: 928825 ns
[44.900s][info][gc       ] GC(162) Pause Young (Allocation Failure) 2673M->1822M(3086M) 0.463ms
[44.900s][info][safepoint] Safepoint "GenCollectForAllocation", Time since last: 239661596 ns, Reaching safepoint: 6648 ns, At safepoint: 972788 ns, Total: 979436 ns
[45.143s][info][gc       ] GC(163) Pause Young (Allocation Failure) 2673M->1822M(3086M) 0.455ms
[45.144s][info][safepoint] Safepoint "GenCollectForAllocation", Time since last: 242190474 ns, Reaching safepoint: 9434 ns, At safepoint: 932641 ns, Total: 942075 ns
[45.382s][info][gc       ] GC(164) Pause Young (Allocation Failure) 2673M->1822M(3086M) 0.517ms
[45.383s][info][safepoint] Safepoint "GenCollectForAllocation", Time since last: 238053790 ns, Reaching safepoint: 5702 ns, At safepoint: 927678 ns, Total: 933380 ns
[45.686s][info][gc       ] GC(165) Pause Young (Allocation Failure) 2673M->2083M(3086M) 110.994ms
[45.687s][info][safepoint] Safepoint "GenCollectForAllocation", Time since last: 192640957 ns, Reaching safepoint: 8076 ns, At safepoint: 111535665 ns, Total: 111543741 ns
[46.336s][info][gc       ] GC(166) Pause Young (Allocation Failure) 2935M->2878M(3730M) 556.233ms
[47.237s][info][gc       ] GC(167) Pause Full (Allocation Failure) 2878M->1059M(3086M) 900.256ms
[47.237s][info][safepoint] Safepoint "GenCollectForAllocation", Time since last: 93291085 ns, Reaching safepoint: 8009 ns, At safepoint: 1457374633 ns, Total: 1457382642 ns
[47.835s][info][gc       ] GC(168) Pause Young (Allocation Failure) 1911M->1790M(3086M) 440.635ms
[47.835s][info][safepoint] Safepoint "GenCollectForAllocation", Time since last: 156958934 ns, Reaching safepoint: 14107 ns, At safepoint: 440980347 ns, Total: 440994454 ns
[48.176s][info][gc       ] GC(169) Pause Young (Allocation Failure) 2642M->1790M(3086M) 98.851ms
[48.177s][info][safepoint] Safepoint "GenCollectForAllocation", Time since last: 242094676 ns, Reaching safepoint: 8138 ns, At safepoint: 99346239 ns, Total: 99354377 ns
[48.421s][info][gc       ] GC(170) Pause Young (Allocation Failure) 2642M->1790M(3086M) 0.460ms
[48.421s][info][safepoint] Safepoint "GenCollectForAllocation", Time since last: 243650609 ns, Reaching safepoint: 7444 ns, At safepoint: 986597 ns, Total: 994041 ns
[48.663s][info][gc       ] GC(171) Pause Young (Allocation Failure) 2642M->1790M(3086M) 0.456ms
[48.663s][info][safepoint] Safepoint "GenCollectForAllocation", Time since last: 240841518 ns, Reaching safepoint: 6726 ns, At safepoint: 903292 ns, Total: 910018 ns
[48.908s][info][gc       ] GC(172) Pause Young (Allocation Failure) 2642M->1790M(3086M) 0.484ms
[48.909s][info][safepoint] Safepoint "GenCollectForAllocation", Time since last: 244814465 ns, Reaching safepoint: 6660 ns, At safepoint: 975680 ns, Total: 982340 ns
[49.154s][info][gc       ] GC(173) Pause Young (Allocation Failure) 2642M->1790M(3086M) 0.463ms
[49.154s][info][safepoint] Safepoint "GenCollectForAllocation", Time since last: 244089045 ns, Reaching safepoint: 7005 ns, At safepoint: 871088 ns, Total: 878093 ns
[49.391s][info][gc       ] GC(174) Pause Young (Allocation Failure) 2642M->1790M(3086M) 0.472ms
[49.392s][info][safepoint] Safepoint "GenCollectForAllocation", Time since last: 236889845 ns, Reaching safepoint: 7093 ns, At safepoint: 951587 ns, Total: 958680 ns
[49.634s][info][gc       ] GC(175) Pause Young (Allocation Failure) 2642M->1790M(3086M) 0.447ms
[49.635s][info][safepoint] Safepoint "GenCollectForAllocation", Time since last: 241943386 ns, Reaching safepoint: 7230 ns, At safepoint: 993727 ns, Total: 1000957 ns
[49.879s][info][gc       ] GC(176) Pause Young (Allocation Failure) 2642M->1790M(3086M) 0.476ms
[49.879s][info][safepoint] Safepoint "GenCollectForAllocation", Time since last: 243650075 ns, Reaching safepoint: 7169 ns, At safepoint: 990073 ns, Total: 997242 ns
[50.122s][info][gc       ] GC(177) Pause Young (Allocation Failure) 2642M->1790M(3086M) 0.451ms
[50.123s][info][safepoint] Safepoint "GenCollectForAllocation", Time since last: 242250633 ns, Reaching safepoint: 9142 ns, At safepoint: 902707 ns, Total: 911849 ns
[50.360s][info][gc       ] GC(178) Pause Young (Allocation Failure) 2642M->1790M(3086M) 0.445ms
[50.361s][info][safepoint] Safepoint "GenCollectForAllocation", Time since last: 237006079 ns, Reaching safepoint: 6522 ns, At safepoint: 993213 ns, Total: 999735 ns
[50.602s][info][gc       ] GC(179) Pause Young (Allocation Failure) 2642M->1790M(3086M) 0.456ms
[50.602s][info][safepoint] Safepoint "GenCollectForAllocation", Time since last: 241007434 ns, Reaching safepoint: 5542 ns, At safepoint: 928386 ns, Total: 933928 ns
[50.847s][info][gc       ] GC(180) Pause Young (Allocation Failure) 2642M->1790M(3086M) 0.466ms
[50.848s][info][safepoint] Safepoint "GenCollectForAllocation", Time since last: 244357585 ns, Reaching safepoint: 7945 ns, At safepoint: 912187 ns, Total: 920132 ns
[51.092s][info][gc       ] GC(181) Pause Young (Allocation Failure) 2642M->1790M(3086M) 0.484ms
[51.092s][info][safepoint] Safepoint "GenCollectForAllocation", Time since last: 243379307 ns, Reaching safepoint: 6810 ns, At safepoint: 939870 ns, Total: 946680 ns
[51.336s][info][gc       ] GC(182) Pause Young (Allocation Failure) 2642M->1790M(3086M) 0.518ms
[51.336s][info][safepoint] Safepoint "GenCollectForAllocation", Time since last: 243277905 ns, Reaching safepoint: 6533 ns, At safepoint: 918001 ns, Total: 924534 ns
[51.582s][info][gc       ] GC(183) Pause Young (Allocation Failure) 2642M->1790M(3086M) 0.482ms
[51.583s][info][safepoint] Safepoint "GenCollectForAllocation", Time since last: 245611866 ns, Reaching safepoint: 9866 ns, At safepoint: 941558 ns, Total: 951424 ns
[51.824s][info][gc       ] GC(184) Pause Young (Allocation Failure) 2642M->1790M(3086M) 0.457ms
[51.824s][info][safepoint] Safepoint "GenCollectForAllocation", Time since last: 240564571 ns, Reaching safepoint: 7226 ns, At safepoint: 946664 ns, Total: 953890 ns
[52.071s][info][gc       ] GC(185) Pause Young (Allocation Failure) 2642M->1790M(3086M) 0.588ms
[52.071s][info][safepoint] Safepoint "GenCollectForAllocation", Time since last: 245962102 ns, Reaching safepoint: 9313 ns, At safepoint: 1057311 ns, Total: 1066624 ns
[52.320s][info][gc       ] GC(186) Pause Young (Allocation Failure) 2642M->1790M(3086M) 0.494ms
[52.320s][info][safepoint] Safepoint "GenCollectForAllocation", Time since last: 247799989 ns, Reaching safepoint: 12794 ns, At safepoint: 997839 ns, Total: 1010633 ns
[52.569s][info][gc       ] GC(187) Pause Young (Allocation Failure) 2642M->1790M(3086M) 0.528ms
[52.570s][info][safepoint] Safepoint "GenCollectForAllocation", Time since last: 248499383 ns, Reaching safepoint: 6456 ns, At safepoint: 921796 ns, Total: 928252 ns
[52.818s][info][gc       ] GC(188) Pause Young (Allocation Failure) 2642M->1790M(3086M) 0.457ms
[52.818s][info][safepoint] Safepoint "GenCollectForAllocation", Time since last: 247626198 ns, Reaching safepoint: 7869 ns, At safepoint: 924845 ns, Total: 932714 ns
[53.065s][info][gc       ] GC(189) Pause Young (Allocation Failure) 2642M->1790M(3086M) 0.479ms
[53.065s][info][safepoint] Safepoint "GenCollectForAllocation", Time since last: 245976935 ns, Reaching safepoint: 10627 ns, At safepoint: 949901 ns, Total: 960528 ns
[53.304s][info][gc       ] GC(190) Pause Young (Allocation Failure) 2642M->1790M(3086M) 0.460ms
[53.305s][info][safepoint] Safepoint "GenCollectForAllocation", Time since last: 238687554 ns, Reaching safepoint: 10300 ns, At safepoint: 905967 ns, Total: 916267 ns
[53.548s][info][gc       ] GC(191) Pause Young (Allocation Failure) 2642M->1790M(3086M) 0.455ms
[53.549s][info][safepoint] Safepoint "GenCollectForAllocation", Time since last: 242953018 ns, Reaching safepoint: 7555 ns, At safepoint: 934377 ns, Total: 941932 ns
[53.804s][info][gc       ] GC(192) Pause Young (Allocation Failure) 2642M->1790M(3086M) 0.590ms
[53.804s][info][safepoint] Safepoint "GenCollectForAllocation", Time since last: 254814549 ns, Reaching safepoint: 8380 ns, At safepoint: 984499 ns, Total: 992879 ns
[54.059s][info][gc       ] GC(193) Pause Young (Allocation Failure) 2642M->1790M(3086M) 0.477ms
[54.059s][info][safepoint] Safepoint "GenCollectForAllocation", Time since last: 254118854 ns, Reaching safepoint: 8545 ns, At safepoint: 830216 ns, Total: 838761 ns
[54.320s][info][gc       ] GC(194) Pause Young (Allocation Failure) 2642M->1790M(3086M) 0.501ms
[54.320s][info][safepoint] Safepoint "GenCollectForAllocation", Time since last: 259757251 ns, Reaching safepoint: 7880 ns, At safepoint: 953307 ns, Total: 961187 ns
[54.578s][info][gc       ] GC(195) Pause Young (Allocation Failure) 2642M->1790M(3086M) 0.501ms
[54.579s][info][safepoint] Safepoint "GenCollectForAllocation", Time since last: 257528172 ns, Reaching safepoint: 17569 ns, At safepoint: 889830 ns, Total: 907399 ns
[54.830s][info][gc       ] GC(196) Pause Young (Allocation Failure) 2642M->1790M(3086M) 0.459ms
[54.831s][info][safepoint] Safepoint "GenCollectForAllocation", Time since last: 251246639 ns, Reaching safepoint: 9263 ns, At safepoint: 963481 ns, Total: 972744 ns
[55.084s][info][gc       ] GC(197) Pause Young (Allocation Failure) 2642M->1790M(3086M) 0.499ms
[55.084s][info][safepoint] Safepoint "GenCollectForAllocation", Time since last: 252238196 ns, Reaching safepoint: 8493 ns, At safepoint: 1074682 ns, Total: 1083175 ns
[55.342s][info][gc       ] GC(198) Pause Young (Allocation Failure) 2642M->1790M(3086M) 0.484ms
[55.342s][info][safepoint] Safepoint "GenCollectForAllocation", Time since last: 257378162 ns, Reaching safepoint: 15219 ns, At safepoint: 1008287 ns, Total: 1023506 ns
[55.590s][info][gc       ] GC(199) Pause Young (Allocation Failure) 2642M->1790M(3086M) 0.518ms
[55.590s][info][safepoint] Safepoint "GenCollectForAllocation", Time since last: 246608340 ns, Reaching safepoint: 7924 ns, At safepoint: 861712 ns, Total: 869636 ns
[55.834s][info][gc       ] GC(200) Pause Young (Allocation Failure) 2642M->1790M(3086M) 0.469ms
[55.834s][info][safepoint] Safepoint "GenCollectForAllocation", Time since last: 243394157 ns, Reaching safepoint: 7024 ns, At safepoint: 966830 ns, Total: 973854 ns
[56.081s][info][gc       ] GC(201) Pause Young (Allocation Failure) 2642M->1790M(3086M) 0.455ms
[56.082s][info][safepoint] Safepoint "GenCollectForAllocation", Time since last: 246578616 ns, Reaching safepoint: 6971 ns, At safepoint: 992303 ns, Total: 999274 ns
[56.331s][info][gc       ] GC(202) Pause Young (Allocation Failure) 2642M->1790M(3086M) 0.463ms
[56.332s][info][safepoint] Safepoint "GenCollectForAllocation", Time since last: 249082827 ns, Reaching safepoint: 7713 ns, At safepoint: 972418 ns, Total: 980131 ns
[56.581s][info][gc       ] GC(203) Pause Young (Allocation Failure) 2642M->1790M(3086M) 0.487ms
[56.581s][info][safepoint] Safepoint "GenCollectForAllocation", Time since last: 248299796 ns, Reaching safepoint: 7801 ns, At safepoint: 1012676 ns, Total: 1020477 ns
[56.830s][info][gc       ] GC(204) Pause Young (Allocation Failure) 2642M->1790M(3086M) 0.461ms
[56.831s][info][safepoint] Safepoint "GenCollectForAllocation", Time since last: 248712933 ns, Reaching safepoint: 7960 ns, At safepoint: 907589 ns, Total: 915549 ns
[57.267s][info][gc       ] GC(205) Pause Young (Allocation Failure) 2642M->2429M(3280M) 316.318ms
[57.895s][info][gc       ] GC(206) Pause Full (Allocation Failure) 2429M->641M(3086M) 627.083ms
[57.895s][info][safepoint] Safepoint "GenCollectForAllocation", Time since last: 119785419 ns, Reaching safepoint: 7230 ns, At safepoint: 944422320 ns, Total: 944429550 ns
[58.360s][info][gc       ] GC(207) Pause Young (Allocation Failure) 1493M->1469M(3086M) 369.489ms
[58.361s][info][safepoint] Safepoint "GenCollectForAllocation", Time since last: 95527480 ns, Reaching safepoint: 8466 ns, At safepoint: 370011678 ns, Total: 370020144 ns
[58.835s][info][gc       ] GC(208) Pause Young (Allocation Failure) 2321M->1805M(3086M) 267.329ms
[58.835s][info][safepoint] Safepoint "GenCollectForAllocation", Time since last: 206673812 ns, Reaching safepoint: 7451 ns, At safepoint: 267845942 ns, Total: 267853393 ns
[59.192s][info][gc       ] GC(209) Pause Young (Allocation Failure) 2656M->1805M(3086M) 117.778ms
[59.192s][info][safepoint] Safepoint "GenCollectForAllocation", Time since last: 238832204 ns, Reaching safepoint: 7482 ns, At safepoint: 118370414 ns, Total: 118377896 ns
[59.439s][info][gc       ] GC(210) Pause Young (Allocation Failure) 2656M->1805M(3086M) 0.471ms
[59.439s][info][safepoint] Safepoint "GenCollectForAllocation", Time since last: 245608734 ns, Reaching safepoint: 7306 ns, At safepoint: 949127 ns, Total: 956433 ns
[59.681s][info][gc       ] GC(211) Pause Young (Allocation Failure) 2656M->1805M(3086M) 0.470ms
[59.681s][info][safepoint] Safepoint "GenCollectForAllocation", Time since last: 241129442 ns, Reaching safepoint: 10933 ns, At safepoint: 930434 ns, Total: 941367 ns
[59.929s][info][gc       ] GC(212) Pause Young (Allocation Failure) 2656M->1805M(3086M) 0.466ms
[59.929s][info][safepoint] Safepoint "GenCollectForAllocation", Time since last: 247445549 ns, Reaching safepoint: 7554 ns, At safepoint: 955381 ns, Total: 962935 ns
[60.172s][info][gc       ] GC(213) Pause Young (Allocation Failure) 2656M->1805M(3086M) 0.547ms
[60.173s][info][safepoint] Safepoint "GenCollectForAllocation", Time since last: 242257220 ns, Reaching safepoint: 39089 ns, At safepoint: 1012164 ns, Total: 1051253 ns
[60.419s][info][gc       ] GC(214) Pause Young (Allocation Failure) 2656M->1805M(3086M) 0.518ms
[60.420s][info][safepoint] Safepoint "GenCollectForAllocation", Time since last: 245861449 ns, Reaching safepoint: 18034 ns, At safepoint: 987296 ns, Total: 1005330 ns
[60.660s][info][gc       ] GC(215) Pause Young (Allocation Failure) 2656M->1805M(3086M) 0.463ms
[60.661s][info][safepoint] Safepoint "GenCollectForAllocation", Time since last: 239941853 ns, Reaching safepoint: 7448 ns, At safepoint: 982753 ns, Total: 990201 ns
[60.905s][info][gc       ] GC(216) Pause Young (Allocation Failure) 2656M->1805M(3086M) 0.522ms
[60.906s][info][safepoint] Safepoint "GenCollectForAllocation", Time since last: 244230408 ns, Reaching safepoint: 7001 ns, At safepoint: 904419 ns, Total: 911420 ns
[61.153s][info][gc       ] GC(217) Pause Young (Allocation Failure) 2656M->1805M(3086M) 0.586ms
[61.154s][info][safepoint] Safepoint "GenCollectForAllocation", Time since last: 246746387 ns, Reaching safepoint: 8555 ns, At safepoint: 1159409 ns, Total: 1167964 ns
[61.395s][info][gc       ] GC(218) Pause Young (Allocation Failure) 2656M->1805M(3086M) 0.470ms
[61.396s][info][safepoint] Safepoint "GenCollectForAllocation", Time since last: 241132793 ns, Reaching safepoint: 7728 ns, At safepoint: 1000876 ns, Total: 1008604 ns
[61.643s][info][gc       ] GC(219) Pause Young (Allocation Failure) 2656M->1805M(3086M) 0.462ms
[61.643s][info][safepoint] Safepoint "GenCollectForAllocation", Time since last: 246580916 ns, Reaching safepoint: 7696 ns, At safepoint: 1060588 ns, Total: 1068284 ns
[61.886s][info][gc       ] GC(220) Pause Young (Allocation Failure) 2656M->1805M(3086M) 0.532ms
[61.886s][info][safepoint] Safepoint "GenCollectForAllocation", Time since last: 241529198 ns, Reaching safepoint: 7806 ns, At safepoint: 1129663 ns, Total: 1137469 ns
[62.127s][info][gc       ] GC(221) Pause Young (Allocation Failure) 2656M->1805M(3086M) 0.484ms
[62.128s][info][safepoint] Safepoint "GenCollectForAllocation", Time since last: 240782658 ns, Reaching safepoint: 7128 ns, At safepoint: 948641 ns, Total: 955769 ns
[62.371s][info][gc       ] GC(222) Pause Young (Allocation Failure) 2656M->1805M(3086M) 0.451ms
[62.372s][info][safepoint] Safepoint "GenCollectForAllocation", Time since last: 242984097 ns, Reaching safepoint: 7173 ns, At safepoint: 1045637 ns, Total: 1052810 ns
[62.616s][info][gc       ] GC(223) Pause Young (Allocation Failure) 2656M->1805M(3086M) 0.485ms
[62.616s][info][safepoint] Safepoint "GenCollectForAllocation", Time since last: 243465980 ns, Reaching safepoint: 20291 ns, At safepoint: 955450 ns, Total: 975741 ns
[62.862s][info][gc       ] GC(224) Pause Young (Allocation Failure) 2656M->1805M(3086M) 0.456ms
[62.862s][info][safepoint] Safepoint "GenCollectForAllocation", Time since last: 244742842 ns, Reaching safepoint: 7599 ns, At safepoint: 1018153 ns, Total: 1025752 ns
[63.109s][info][gc       ] GC(225) Pause Young (Allocation Failure) 2656M->1805M(3086M) 0.455ms
[63.109s][info][safepoint] Safepoint "GenCollectForAllocation", Time since last: 246461030 ns, Reaching safepoint: 6797 ns, At safepoint: 844290 ns, Total: 851087 ns
[63.353s][info][gc       ] GC(226) Pause Young (Allocation Failure) 2656M->1805M(3086M) 0.450ms
[63.354s][info][safepoint] Safepoint "GenCollectForAllocation", Time since last: 243484775 ns, Reaching safepoint: 7303 ns, At safepoint: 1023211 ns, Total: 1030514 ns
[63.601s][info][gc       ] GC(227) Pause Young (Allocation Failure) 2656M->1805M(3086M) 0.450ms
[63.601s][info][safepoint] Safepoint "GenCollectForAllocation", Time since last: 246134076 ns, Reaching safepoint: 7097 ns, At safepoint: 963981 ns, Total: 971078 ns
[63.845s][info][gc       ] GC(228) Pause Young (Allocation Failure) 2656M->1805M(3086M) 0.486ms
[63.845s][info][safepoint] Safepoint "GenCollectForAllocation", Time since last: 243330795 ns, Reaching safepoint: 6942 ns, At safepoint: 873967 ns, Total: 880909 ns
[64.090s][info][gc       ] GC(229) Pause Young (Allocation Failure) 2656M->1805M(3086M) 0.458ms
[64.091s][info][safepoint] Safepoint "GenCollectForAllocation", Time since last: 244727712 ns, Reaching safepoint: 7393 ns, At safepoint: 1009736 ns, Total: 1017129 ns
[64.338s][info][gc       ] GC(230) Pause Young (Allocation Failure) 2656M->1805M(3086M) 0.520ms
[64.338s][info][safepoint] Safepoint "GenCollectForAllocation", Time since last: 246095831 ns, Reaching safepoint: 7227 ns, At safepoint: 894593 ns, Total: 901820 ns
[64.581s][info][gc       ] GC(231) Pause Young (Allocation Failure) 2656M->1805M(3086M) 0.464ms
[64.582s][info][safepoint] Safepoint "GenCollectForAllocation", Time since last: 242995700 ns, Reaching safepoint: 7516 ns, At safepoint: 970311 ns, Total: 977827 ns
[64.824s][info][gc       ] GC(232) Pause Young (Allocation Failure) 2656M->1805M(3086M) 0.459ms
[64.825s][info][safepoint] Safepoint "GenCollectForAllocation", Time since last: 241735114 ns, Reaching safepoint: 6818 ns, At safepoint: 877197 ns, Total: 884015 ns
[65.071s][info][gc       ] GC(233) Pause Young (Allocation Failure) 2656M->1805M(3086M) 0.493ms
[65.071s][info][safepoint] Safepoint "GenCollectForAllocation", Time since last: 245699810 ns, Reaching safepoint: 6615 ns, At safepoint: 1024331 ns, Total: 1030946 ns
[65.318s][info][gc       ] GC(234) Pause Young (Allocation Failure) 2656M->1805M(3086M) 0.476ms
[65.318s][info][safepoint] Safepoint "GenCollectForAllocation", Time since last: 246009046 ns, Reaching safepoint: 7376 ns, At safepoint: 956046 ns, Total: 963422 ns
[65.563s][info][gc       ] GC(235) Pause Young (Allocation Failure) 2656M->1805M(3086M) 0.474ms
[65.564s][info][safepoint] Safepoint "GenCollectForAllocation", Time since last: 244425690 ns, Reaching safepoint: 8375 ns, At safepoint: 901777 ns, Total: 910152 ns
[65.811s][info][gc       ] GC(236) Pause Young (Allocation Failure) 2656M->1805M(3086M) 0.464ms
[65.811s][info][safepoint] Safepoint "GenCollectForAllocation", Time since last: 246495625 ns, Reaching safepoint: 7276 ns, At safepoint: 975093 ns, Total: 982369 ns
[66.057s][info][gc       ] GC(237) Pause Young (Allocation Failure) 2656M->1805M(3086M) 0.475ms
[66.057s][info][safepoint] Safepoint "GenCollectForAllocation", Time since last: 245294226 ns, Reaching safepoint: 6847 ns, At safepoint: 1008596 ns, Total: 1015443 ns
[66.304s][info][gc       ] GC(238) Pause Young (Allocation Failure) 2656M->1805M(3086M) 0.487ms
[66.304s][info][safepoint] Safepoint "GenCollectForAllocation", Time since last: 246030536 ns, Reaching safepoint: 7552 ns, At safepoint: 960368 ns, Total: 967920 ns
[66.547s][info][gc       ] GC(239) Pause Young (Allocation Failure) 2656M->1805M(3086M) 0.454ms
[66.547s][info][safepoint] Safepoint "GenCollectForAllocation", Time since last: 241884805 ns, Reaching safepoint: 7197 ns, At safepoint: 1001155 ns, Total: 1008352 ns
[66.791s][info][gc       ] GC(240) Pause Young (Allocation Failure) 2656M->1805M(3086M) 0.458ms
[66.792s][info][safepoint] Safepoint "GenCollectForAllocation", Time since last: 243283888 ns, Reaching safepoint: 6635 ns, At safepoint: 1030882 ns, Total: 1037517 ns
[67.033s][info][gc       ] GC(241) Pause Young (Allocation Failure) 2656M->1805M(3086M) 0.453ms
[67.034s][info][safepoint] Safepoint "GenCollectForAllocation", Time since last: 241343374 ns, Reaching safepoint: 6761 ns, At safepoint: 987141 ns, Total: 993902 ns
[67.276s][info][gc       ] GC(242) Pause Young (Allocation Failure) 2656M->1805M(3086M) 0.463ms
[67.277s][info][safepoint] Safepoint "GenCollectForAllocation", Time since last: 241572384 ns, Reaching safepoint: 7845 ns, At safepoint: 981676 ns, Total: 989521 ns
[67.521s][info][gc       ] GC(243) Pause Young (Allocation Failure) 2656M->1805M(3086M) 0.478ms
[67.521s][info][safepoint] Safepoint "GenCollectForAllocation", Time since last: 243651601 ns, Reaching safepoint: 7392 ns, At safepoint: 729726 ns, Total: 737118 ns
[67.807s][info][gc       ] GC(244) Pause Young (Allocation Failure) 2656M->2004M(3086M) 83.158ms
[67.808s][info][safepoint] Safepoint "GenCollectForAllocation", Time since last: 203263391 ns, Reaching safepoint: 7743 ns, At safepoint: 83647418 ns, Total: 83655161 ns
[68.445s][info][gc       ] GC(245) Pause Young (Allocation Failure) 2856M->2814M(3666M) 547.528ms
[69.281s][info][gc       ] GC(246) Pause Full (Allocation Failure) 2814M->1012M(3086M) 836.010ms
[69.282s][info][safepoint] Safepoint "GenCollectForAllocation", Time since last: 89452436 ns, Reaching safepoint: 7503 ns, At safepoint: 1384618756 ns, Total: 1384626259 ns
[69.830s][info][gc       ] GC(247) Pause Young (Allocation Failure) 1863M->1775M(3086M) 404.233ms
[69.830s][info][safepoint] Safepoint "GenCollectForAllocation", Time since last: 143631944 ns, Reaching safepoint: 6858 ns, At safepoint: 404801048 ns, Total: 404807906 ns
[70.207s][info][gc       ] GC(248) Pause Young (Allocation Failure) 2626M->1780M(3086M) 130.621ms
[70.208s][info][safepoint] Safepoint "GenCollectForAllocation", Time since last: 245899122 ns, Reaching safepoint: 7946 ns, At safepoint: 131278725 ns, Total: 131286671 ns
[70.456s][info][gc       ] GC(249) Pause Young (Allocation Failure) 2632M->1780M(3086M) 6.299ms
[70.456s][info][safepoint] Safepoint "GenCollectForAllocation", Time since last: 241718292 ns, Reaching safepoint: 6679 ns, At safepoint: 6795679 ns, Total: 6802358 ns
[70.711s][info][gc       ] GC(250) Pause Young (Allocation Failure) 2632M->1780M(3086M) 6.428ms
[70.712s][info][safepoint] Safepoint "GenCollectForAllocation", Time since last: 248686357 ns, Reaching safepoint: 7709 ns, At safepoint: 7021919 ns, Total: 7029628 ns
[70.962s][info][gc       ] GC(251) Pause Young (Allocation Failure) 2632M->1780M(3086M) 9.772ms
[70.962s][info][safepoint] Safepoint "GenCollectForAllocation", Time since last: 240241045 ns, Reaching safepoint: 18977 ns, At safepoint: 10103293 ns, Total: 10122270 ns
[71.216s][info][gc       ] GC(252) Pause Young (Allocation Failure) 2632M->1780M(3086M) 6.165ms
[71.216s][info][safepoint] Safepoint "GenCollectForAllocation", Time since last: 247231726 ns, Reaching safepoint: 7468 ns, At safepoint: 6700445 ns, Total: 6707913 ns
[71.470s][info][gc       ] GC(253) Pause Young (Allocation Failure) 2632M->1780M(3086M) 6.173ms
[71.471s][info][safepoint] Safepoint "GenCollectForAllocation", Time since last: 248152618 ns, Reaching safepoint: 7466 ns, At safepoint: 6618758 ns, Total: 6626224 ns
[71.726s][info][gc       ] GC(254) Pause Young (Allocation Failure) 2632M->1780M(3086M) 7.114ms
[71.726s][info][safepoint] Safepoint "GenCollectForAllocation", Time since last: 247966484 ns, Reaching safepoint: 9452 ns, At safepoint: 7554390 ns, Total: 7563842 ns
[71.986s][info][gc       ] GC(255) Pause Young (Allocation Failure) 2632M->1780M(3086M) 6.474ms
[71.987s][info][safepoint] Safepoint "GenCollectForAllocation", Time since last: 253584887 ns, Reaching safepoint: 7835 ns, At safepoint: 6922914 ns, Total: 6930749 ns
[72.243s][info][gc       ] GC(256) Pause Young (Allocation Failure) 2632M->1780M(3086M) 6.424ms
[72.244s][info][safepoint] Safepoint "GenCollectForAllocation", Time since last: 249875806 ns, Reaching safepoint: 7053 ns, At safepoint: 6843845 ns, Total: 6850898 ns
[72.499s][info][gc       ] GC(257) Pause Young (Allocation Failure) 2632M->1780M(3086M) 6.347ms
[72.500s][info][safepoint] Safepoint "GenCollectForAllocation", Time since last: 249451297 ns, Reaching safepoint: 7030 ns, At safepoint: 6790549 ns, Total: 6797579 ns
[72.756s][info][gc       ] GC(258) Pause Young (Allocation Failure) 2632M->1780M(3086M) 6.453ms
[72.756s][info][safepoint] Safepoint "GenCollectForAllocation", Time since last: 249263802 ns, Reaching safepoint: 6855 ns, At safepoint: 6956262 ns, Total: 6963117 ns
[73.013s][info][gc       ] GC(259) Pause Young (Allocation Failure) 2632M->1780M(3086M) 6.778ms
[73.014s][info][safepoint] Safepoint "GenCollectForAllocation", Time since last: 250158741 ns, Reaching safepoint: 8192 ns, At safepoint: 7268516 ns, Total: 7276708 ns
[73.269s][info][gc       ] GC(260) Pause Young (Allocation Failure) 2632M->1780M(3086M) 6.602ms
[73.270s][info][safepoint] Safepoint "GenCollectForAllocation", Time since last: 249341850 ns, Reaching safepoint: 7564 ns, At safepoint: 7072859 ns, Total: 7080423 ns
[73.525s][info][gc       ] GC(261) Pause Young (Allocation Failure) 2632M->1780M(3086M) 6.213ms
[73.526s][info][safepoint] Safepoint "GenCollectForAllocation", Time since last: 249114769 ns, Reaching safepoint: 7542 ns, At safepoint: 6727422 ns, Total: 6734964 ns
[73.792s][info][gc       ] GC(262) Pause Young (Allocation Failure) 2632M->1780M(3086M) 6.912ms
[73.792s][info][safepoint] Safepoint "GenCollectForAllocation", Time since last: 258900809 ns, Reaching safepoint: 8033 ns, At safepoint: 7508169 ns, Total: 7516202 ns
[74.048s][info][gc       ] GC(263) Pause Young (Allocation Failure) 2632M->1780M(3086M) 6.485ms
[74.048s][info][safepoint] Safepoint "GenCollectForAllocation", Time since last: 249038829 ns, Reaching safepoint: 6853 ns, At safepoint: 6964151 ns, Total: 6971004 ns
[74.294s][info][gc       ] GC(264) Pause Young (Allocation Failure) 2632M->1780M(3086M) 0.479ms
[74.295s][info][safepoint] Safepoint "GenCollectForAllocation", Time since last: 245645022 ns, Reaching safepoint: 7177 ns, At safepoint: 951013 ns, Total: 958190 ns
[74.542s][info][gc       ] GC(265) Pause Young (Allocation Failure) 2632M->1780M(3086M) 0.453ms
[74.542s][info][safepoint] Safepoint "GenCollectForAllocation", Time since last: 246615295 ns, Reaching safepoint: 6442 ns, At safepoint: 915360 ns, Total: 921802 ns
[74.787s][info][gc       ] GC(266) Pause Young (Allocation Failure) 2632M->1780M(3086M) 0.543ms
[74.790s][info][safepoint] Safepoint "GenCollectForAllocation", Time since last: 244322884 ns, Reaching safepoint: 23662 ns, At safepoint: 3331951 ns, Total: 3355613 ns
[75.047s][info][gc       ] GC(267) Pause Young (Allocation Failure) 2632M->1780M(3086M) 0.472ms
[75.047s][info][safepoint] Safepoint "GenCollectForAllocation", Time since last: 256626433 ns, Reaching safepoint: 7988 ns, At safepoint: 816565 ns, Total: 824553 ns
[75.302s][info][gc       ] GC(268) Pause Young (Allocation Failure) 2632M->1780M(3086M) 0.571ms
[75.302s][info][safepoint] Safepoint "GenCollectForAllocation", Time since last: 253908616 ns, Reaching safepoint: 8164 ns, At safepoint: 977046 ns, Total: 985210 ns
[75.548s][info][gc       ] GC(269) Pause Young (Allocation Failure) 2632M->1780M(3086M) 0.454ms
[75.549s][info][safepoint] Safepoint "GenCollectForAllocation", Time since last: 245380148 ns, Reaching safepoint: 7505 ns, At safepoint: 919967 ns, Total: 927472 ns
[75.799s][info][gc       ] GC(270) Pause Young (Allocation Failure) 2632M->1780M(3086M) 0.502ms
[75.799s][info][safepoint] Safepoint "GenCollectForAllocation", Time since last: 249611146 ns, Reaching safepoint: 8442 ns, At safepoint: 777466 ns, Total: 785908 ns
[76.055s][info][gc       ] GC(271) Pause Young (Allocation Failure) 2632M->1780M(3086M) 0.507ms
[76.055s][info][safepoint] Safepoint "GenCollectForAllocation", Time since last: 255327146 ns, Reaching safepoint: 8276 ns, At safepoint: 829283 ns, Total: 837559 ns
[76.311s][info][gc       ] GC(272) Pause Young (Allocation Failure) 2632M->1780M(3086M) 0.472ms
[76.311s][info][safepoint] Safepoint "GenCollectForAllocation", Time since last: 255279527 ns, Reaching safepoint: 7666 ns, At safepoint: 939606 ns, Total: 947272 ns
[76.554s][info][gc       ] GC(273) Pause Young (Allocation Failure) 2632M->1780M(3086M) 0.462ms
[76.554s][info][safepoint] Safepoint "GenCollectForAllocation", Time since last: 241587938 ns, Reaching safepoint: 8081 ns, At safepoint: 1065421 ns, Total: 1073502 ns
[76.801s][info][gc       ] GC(274) Pause Young (Allocation Failure) 2632M->1780M(3086M) 0.466ms
[76.802s][info][safepoint] Safepoint "GenCollectForAllocation", Time since last: 246597929 ns, Reaching safepoint: 7231 ns, At safepoint: 986952 ns, Total: 994183 ns
[77.047s][info][gc       ] GC(275) Pause Young (Allocation Failure) 2632M->1780M(3086M) 0.463ms
[77.047s][info][safepoint] Safepoint "GenCollectForAllocation", Time since last: 244331979 ns, Reaching safepoint: 6480 ns, At safepoint: 1011852 ns, Total: 1018332 ns
[77.289s][info][gc       ] GC(276) Pause Young (Allocation Failure) 2632M->1780M(3086M) 0.480ms
[77.290s][info][safepoint] Safepoint "GenCollectForAllocation", Time since last: 241482651 ns, Reaching safepoint: 7106 ns, At safepoint: 1010578 ns, Total: 1017684 ns
[77.532s][info][gc       ] GC(277) Pause Young (Allocation Failure) 2632M->1780M(3086M) 0.458ms
[77.532s][info][safepoint] Safepoint "GenCollectForAllocation", Time since last: 241561880 ns, Reaching safepoint: 6675 ns, At safepoint: 888910 ns, Total: 895585 ns
[77.777s][info][gc       ] GC(278) Pause Young (Allocation Failure) 2632M->1780M(3086M) 0.468ms
[77.777s][info][safepoint] Safepoint "GenCollectForAllocation", Time since last: 244093544 ns, Reaching safepoint: 7275 ns, At safepoint: 969672 ns, Total: 976947 ns
[78.026s][info][gc       ] GC(279) Pause Young (Allocation Failure) 2632M->1780M(3086M) 0.479ms
[78.026s][info][safepoint] Safepoint "GenCollectForAllocation", Time since last: 248167981 ns, Reaching safepoint: 7624 ns, At safepoint: 965889 ns, Total: 973513 ns
[78.273s][info][gc       ] GC(280) Pause Young (Allocation Failure) 2632M->1780M(3086M) 0.485ms
[78.273s][info][safepoint] Safepoint "GenCollectForAllocation", Time since last: 245866603 ns, Reaching safepoint: 8216 ns, At safepoint: 970394 ns, Total: 978610 ns
[78.518s][info][gc       ] GC(281) Pause Young (Allocation Failure) 2632M->1780M(3086M) 0.464ms
[78.519s][info][safepoint] Safepoint "GenCollectForAllocation", Time since last: 244814753 ns, Reaching safepoint: 6673 ns, At safepoint: 1025576 ns, Total: 1032249 ns
[78.759s][info][gc       ] GC(282) Pause Young (Allocation Failure) 2632M->1780M(3086M) 0.453ms
[78.760s][info][safepoint] Safepoint "GenCollectForAllocation", Time since last: 239796625 ns, Reaching safepoint: 6148 ns, At safepoint: 985785 ns, Total: 991933 ns
[79.001s][info][gc       ] GC(283) Pause Young (Allocation Failure) 2632M->1780M(3086M) 0.444ms
[79.002s][info][safepoint] Safepoint "GenCollectForAllocation", Time since last: 241232231 ns, Reaching safepoint: 6589 ns, At safepoint: 911812 ns, Total: 918401 ns
[79.413s][info][gc       ] GC(284) Pause Young (Allocation Failure) 2632M->2345M(3196M) 276.146ms
[79.963s][info][gc       ] GC(285) Pause Full (Allocation Failure) 2345M->567M(3086M) 549.621ms
[79.963s][info][safepoint] Safepoint "GenCollectForAllocation", Time since last: 134461861 ns, Reaching safepoint: 8972 ns, At safepoint: 826917192 ns, Total: 826926164 ns
[80.433s][info][gc       ] GC(286) Pause Young (Allocation Failure) 1419M->1395M(3086M) 376.217ms
[80.434s][info][safepoint] Safepoint "GenCollectForAllocation", Time since last: 93827893 ns, Reaching safepoint: 7277 ns, At safepoint: 376705551 ns, Total: 376712828 ns
[80.939s][info][gc       ] GC(287) Pause Young (Allocation Failure) 2247M->1791M(3086M) 305.022ms
[80.940s][info][safepoint] Safepoint "GenCollectForAllocation", Time since last: 200318095 ns, Reaching safepoint: 9910 ns, At safepoint: 305604350 ns, Total: 305614260 ns
[81.305s][info][gc       ] GC(288) Pause Young (Allocation Failure) 2642M->1791M(3086M) 120.797ms
[81.306s][info][safepoint] Safepoint "GenCollectForAllocation", Time since last: 244912032 ns, Reaching safepoint: 6955 ns, At safepoint: 121344677 ns, Total: 121351632 ns
[81.552s][info][gc       ] GC(289) Pause Young (Allocation Failure) 2642M->1791M(3086M) 0.508ms
[81.553s][info][safepoint] Safepoint "GenCollectForAllocation", Time since last: 245490248 ns, Reaching safepoint: 7482 ns, At safepoint: 1093328 ns, Total: 1100810 ns
[81.793s][info][gc       ] GC(290) Pause Young (Allocation Failure) 2642M->1791M(3086M) 0.482ms
[81.794s][info][safepoint] Safepoint "GenCollectForAllocation", Time since last: 239972500 ns, Reaching safepoint: 6627 ns, At safepoint: 1068885 ns, Total: 1075512 ns
[82.041s][info][gc       ] GC(291) Pause Young (Allocation Failure) 2642M->1791M(3086M) 0.447ms
[82.042s][info][safepoint] Safepoint "GenCollectForAllocation", Time since last: 247149172 ns, Reaching safepoint: 7091 ns, At safepoint: 1021596 ns, Total: 1028687 ns
[82.287s][info][gc       ] GC(292) Pause Young (Allocation Failure) 2642M->1791M(3086M) 0.493ms
[82.288s][info][safepoint] Safepoint "GenCollectForAllocation", Time since last: 245081905 ns, Reaching safepoint: 7286 ns, At safepoint: 1063976 ns, Total: 1071262 ns
[82.534s][info][gc       ] GC(293) Pause Young (Allocation Failure) 2642M->1791M(3086M) 0.555ms
[82.535s][info][safepoint] Safepoint "GenCollectForAllocation", Time since last: 245873419 ns, Reaching safepoint: 7362 ns, At safepoint: 985772 ns, Total: 993134 ns
[82.783s][info][gc       ] GC(294) Pause Young (Allocation Failure) 2642M->1791M(3086M) 0.450ms
[82.784s][info][safepoint] Safepoint "GenCollectForAllocation", Time since last: 247837896 ns, Reaching safepoint: 27346 ns, At safepoint: 834951 ns, Total: 862297 ns
[83.028s][info][gc       ] GC(295) Pause Young (Allocation Failure) 2642M->1791M(3086M) 0.466ms
[83.029s][info][safepoint] Safepoint "GenCollectForAllocation", Time since last: 244085430 ns, Reaching safepoint: 7480 ns, At safepoint: 1054765 ns, Total: 1062245 ns
[83.274s][info][gc       ] GC(296) Pause Young (Allocation Failure) 2642M->1791M(3086M) 0.469ms
[83.275s][info][safepoint] Safepoint "GenCollectForAllocation", Time since last: 245301511 ns, Reaching safepoint: 6161 ns, At safepoint: 1055296 ns, Total: 1061457 ns
[83.517s][info][gc       ] GC(297) Pause Young (Allocation Failure) 2642M->1791M(3086M) 0.459ms
[83.517s][info][safepoint] Safepoint "GenCollectForAllocation", Time since last: 241279109 ns, Reaching safepoint: 6948 ns, At safepoint: 1024979 ns, Total: 1031927 ns
[83.762s][info][gc       ] GC(298) Pause Young (Allocation Failure) 2642M->1791M(3086M) 0.471ms
[83.763s][info][safepoint] Safepoint "GenCollectForAllocation", Time since last: 244313720 ns, Reaching safepoint: 6991 ns, At safepoint: 1067804 ns, Total: 1074795 ns
[84.008s][info][gc       ] GC(299) Pause Young (Allocation Failure) 2642M->1791M(3086M) 0.465ms
[84.008s][info][safepoint] Safepoint "GenCollectForAllocation", Time since last: 244571905 ns, Reaching safepoint: 24030 ns, At safepoint: 1006177 ns, Total: 1030207 ns
[84.249s][info][gc       ] GC(300) Pause Young (Allocation Failure) 2642M->1791M(3086M) 0.468ms
[84.250s][info][safepoint] Safepoint "GenCollectForAllocation", Time since last: 240217646 ns, Reaching safepoint: 82117 ns, At safepoint: 927719 ns, Total: 1009836 ns
[84.498s][info][gc       ] GC(301) Pause Young (Allocation Failure) 2642M->1791M(3086M) 0.474ms
[84.499s][info][safepoint] Safepoint "GenCollectForAllocation", Time since last: 247899813 ns, Reaching safepoint: 7820 ns, At safepoint: 1086153 ns, Total: 1093973 ns
[84.741s][info][gc       ] GC(302) Pause Young (Allocation Failure) 2642M->1791M(3086M) 0.470ms
[84.742s][info][safepoint] Safepoint "GenCollectForAllocation", Time since last: 242078731 ns, Reaching safepoint: 8579 ns, At safepoint: 992997 ns, Total: 1001576 ns
[84.988s][info][gc       ] GC(303) Pause Young (Allocation Failure) 2642M->1791M(3086M) 0.497ms
[84.989s][info][safepoint] Safepoint "GenCollectForAllocation", Time since last: 246271318 ns, Reaching safepoint: 8364 ns, At safepoint: 1035830 ns, Total: 1044194 ns
[85.242s][info][gc       ] GC(304) Pause Young (Allocation Failure) 2642M->1791M(3086M) 0.524ms
[85.242s][info][safepoint] Safepoint "GenCollectForAllocation", Time since last: 252386807 ns, Reaching safepoint: 8365 ns, At safepoint: 760471 ns, Total: 768836 ns
[85.484s][info][gc       ] GC(305) Pause Young (Allocation Failure) 2642M->1791M(3086M) 0.457ms
[85.484s][info][safepoint] Safepoint "GenCollectForAllocation", Time since last: 241040323 ns, Reaching safepoint: 7523 ns, At safepoint: 965804 ns, Total: 973327 ns
[85.732s][info][gc       ] GC(306) Pause Young (Allocation Failure) 2642M->1791M(3086M) 0.509ms
[85.733s][info][safepoint] Safepoint "GenCollectForAllocation", Time since last: 247539280 ns, Reaching safepoint: 7837 ns, At safepoint: 1035034 ns, Total: 1042871 ns
[85.978s][info][gc       ] GC(307) Pause Young (Allocation Failure) 2642M->1791M(3086M) 0.498ms
[85.978s][info][safepoint] Safepoint "GenCollectForAllocation", Time since last: 244673374 ns, Reaching safepoint: 7194 ns, At safepoint: 1093552 ns, Total: 1100746 ns
[86.223s][info][gc       ] GC(308) Pause Young (Allocation Failure) 2642M->1791M(3086M) 0.478ms
[86.224s][info][safepoint] Safepoint "GenCollectForAllocation", Time since last: 243996454 ns, Reaching safepoint: 7869 ns, At safepoint: 1098471 ns, Total: 1106340 ns
[86.468s][info][gc       ] GC(309) Pause Young (Allocation Failure) 2642M->1791M(3086M) 0.464ms
[86.468s][info][safepoint] Safepoint "GenCollectForAllocation", Time since last: 243825359 ns, Reaching safepoint: 13781 ns, At safepoint: 1018006 ns, Total: 1031787 ns
[86.720s][info][gc       ] GC(310) Pause Young (Allocation Failure) 2642M->1791M(3086M) 0.535ms
[86.721s][info][safepoint] Safepoint "GenCollectForAllocation", Time since last: 251026621 ns, Reaching safepoint: 9503 ns, At safepoint: 1073149 ns, Total: 1082652 ns
[86.969s][info][gc       ] GC(311) Pause Young (Allocation Failure) 2642M->1791M(3086M) 0.504ms
[86.969s][info][safepoint] Safepoint "GenCollectForAllocation", Time since last: 247507981 ns, Reaching safepoint: 8121 ns, At safepoint: 1049960 ns, Total: 1058081 ns
[87.218s][info][gc       ] GC(312) Pause Young (Allocation Failure) 2642M->1791M(3086M) 0.486ms
[87.218s][info][safepoint] Safepoint "GenCollectForAllocation", Time since last: 248369764 ns, Reaching safepoint: 8376 ns, At safepoint: 945395 ns, Total: 953771 ns
[87.473s][info][gc       ] GC(313) Pause Young (Allocation Failure) 2642M->1791M(3086M) 0.489ms
[87.474s][info][safepoint] Safepoint "GenCollectForAllocation", Time since last: 253978672 ns, Reaching safepoint: 7750 ns, At safepoint: 1089056 ns, Total: 1096806 ns
[87.719s][info][gc       ] GC(314) Pause Young (Allocation Failure) 2642M->1791M(3086M) 0.481ms
[87.720s][info][safepoint] Safepoint "GenCollectForAllocation", Time since last: 245392242 ns, Reaching safepoint: 7383 ns, At safepoint: 1033894 ns, Total: 1041277 ns
[87.964s][info][gc       ] GC(315) Pause Young (Allocation Failure) 2642M->1791M(3086M) 0.454ms
[87.964s][info][safepoint] Safepoint "GenCollectForAllocation", Time since last: 243449882 ns, Reaching safepoint: 7536 ns, At safepoint: 1061639 ns, Total: 1069175 ns
[88.218s][info][gc       ] GC(316) Pause Young (Allocation Failure) 2642M->1791M(3086M) 0.558ms
[88.219s][info][safepoint] Safepoint "GenCollectForAllocation", Time since last: 253311450 ns, Reaching safepoint: 10734 ns, At safepoint: 1079320 ns, Total: 1090054 ns
[88.469s][info][gc       ] GC(317) Pause Young (Allocation Failure) 2642M->1791M(3086M) 0.475ms
[88.470s][info][safepoint] Safepoint "GenCollectForAllocation", Time since last: 249877083 ns, Reaching safepoint: 7834 ns, At safepoint: 1087266 ns, Total: 1095100 ns
[88.717s][info][gc       ] GC(318) Pause Young (Allocation Failure) 2642M->1791M(3086M) 0.452ms
[88.717s][info][safepoint] Safepoint "GenCollectForAllocation", Time since last: 246240991 ns, Reaching safepoint: 6983 ns, At safepoint: 941380 ns, Total: 948363 ns
[88.962s][info][gc       ] GC(319) Pause Young (Allocation Failure) 2642M->1791M(3086M) 0.494ms
[88.963s][info][safepoint] Safepoint "GenCollectForAllocation", Time since last: 244616701 ns, Reaching safepoint: 6906 ns, At safepoint: 856437 ns, Total: 863343 ns
[89.213s][info][gc       ] GC(320) Pause Young (Allocation Failure) 2642M->1791M(3086M) 0.464ms
[89.213s][info][safepoint] Safepoint "GenCollectForAllocation", Time since last: 249655877 ns, Reaching safepoint: 7752 ns, At safepoint: 978067 ns, Total: 985819 ns
[89.460s][info][gc       ] GC(321) Pause Young (Allocation Failure) 2642M->1791M(3086M) 0.473ms
[89.461s][info][safepoint] Safepoint "GenCollectForAllocation", Time since last: 246792814 ns, Reaching safepoint: 7603 ns, At safepoint: 1089764 ns, Total: 1097367 ns
[89.707s][info][gc       ] GC(322) Pause Young (Allocation Failure) 2642M->1791M(3086M) 0.449ms
[89.708s][info][safepoint] Safepoint "GenCollectForAllocation", Time since last: 245693856 ns, Reaching safepoint: 7371 ns, At safepoint: 1012271 ns, Total: 1019642 ns
[89.984s][info][gc       ] GC(323) Pause Young (Allocation Failure) 2642M->1921M(3086M) 53.442ms
[89.985s][info][safepoint] Safepoint "GenCollectForAllocation", Time since last: 222903248 ns, Reaching safepoint: 7751 ns, At safepoint: 53975381 ns, Total: 53983132 ns
[90.591s][info][gc       ] GC(324) Pause Young (Allocation Failure) 2773M->2732M(3584M) 514.675ms
[91.425s][info][gc       ] GC(325) Pause Full (Allocation Failure) 2732M->944M(3086M) 832.991ms
[91.425s][info][safepoint] Safepoint "GenCollectForAllocation", Time since last: 91944738 ns, Reaching safepoint: 7875 ns, At safepoint: 1348798491 ns, Total: 1348806366 ns
[91.955s][info][gc       ] GC(326) Pause Young (Allocation Failure) 1795M->1760M(3086M) 419.073ms
[91.955s][info][safepoint] Safepoint "GenCollectForAllocation", Time since last: 110420236 ns, Reaching safepoint: 13593 ns, At safepoint: 419425566 ns, Total: 419439159 ns
[92.391s][info][gc       ] GC(327) Pause Young (Allocation Failure) 2612M->1827M(3086M) 181.414ms
[92.391s][info][safepoint] Safepoint "GenCollectForAllocation", Time since last: 254165816 ns, Reaching safepoint: 8119 ns, At safepoint: 181949485 ns, Total: 181957604 ns
[92.727s][info][gc       ] GC(328) Pause Young (Allocation Failure) 2679M->1827M(3086M) 85.585ms
[92.727s][info][safepoint] Safepoint "GenCollectForAllocation", Time since last: 249996675 ns, Reaching safepoint: 8159 ns, At safepoint: 85985159 ns, Total: 85993318 ns
[92.973s][info][gc       ] GC(329) Pause Young (Allocation Failure) 2679M->1827M(3086M) 0.531ms
[92.973s][info][safepoint] Safepoint "GenCollectForAllocation", Time since last: 244574041 ns, Reaching safepoint: 9946 ns, At safepoint: 748627 ns, Total: 758573 ns
[93.227s][info][gc       ] GC(330) Pause Young (Allocation Failure) 2679M->1827M(3086M) 0.477ms
[93.227s][info][safepoint] Safepoint "GenCollectForAllocation", Time since last: 253465940 ns, Reaching safepoint: 10014 ns, At safepoint: 896719 ns, Total: 906733 ns
[93.483s][info][gc       ] GC(331) Pause Young (Allocation Failure) 2679M->1827M(3086M) 0.490ms
[93.483s][info][safepoint] Safepoint "GenCollectForAllocation", Time since last: 255318233 ns, Reaching safepoint: 7785 ns, At safepoint: 1048353 ns, Total: 1056138 ns
[93.728s][info][gc       ] GC(332) Pause Young (Allocation Failure) 2679M->1827M(3086M) 0.461ms
[93.728s][info][safepoint] Safepoint "GenCollectForAllocation", Time since last: 244039381 ns, Reaching safepoint: 7915 ns, At safepoint: 911755 ns, Total: 919670 ns
[93.976s][info][gc       ] GC(333) Pause Young (Allocation Failure) 2679M->1827M(3086M) 0.511ms
[93.977s][info][safepoint] Safepoint "GenCollectForAllocation", Time since last: 247196346 ns, Reaching safepoint: 8656 ns, At safepoint: 1064638 ns, Total: 1073294 ns
[94.225s][info][gc       ] GC(334) Pause Young (Allocation Failure) 2679M->1827M(3086M) 0.482ms
[94.225s][info][safepoint] Safepoint "GenCollectForAllocation", Time since last: 247380523 ns, Reaching safepoint: 7840 ns, At safepoint: 1019062 ns, Total: 1026902 ns
[94.480s][info][gc       ] GC(335) Pause Young (Allocation Failure) 2679M->1827M(3086M) 0.482ms
[94.480s][info][safepoint] Safepoint "GenCollectForAllocation", Time since last: 254014627 ns, Reaching safepoint: 8334 ns, At safepoint: 1007565 ns, Total: 1015899 ns
[94.727s][info][gc       ] GC(336) Pause Young (Allocation Failure) 2679M->1827M(3086M) 0.474ms
[94.727s][info][safepoint] Safepoint "GenCollectForAllocation", Time since last: 246331372 ns, Reaching safepoint: 7328 ns, At safepoint: 998744 ns, Total: 1006072 ns
[94.973s][info][gc       ] GC(337) Pause Young (Allocation Failure) 2679M->1827M(3086M) 0.484ms
[94.974s][info][safepoint] Safepoint "GenCollectForAllocation", Time since last: 245117805 ns, Reaching safepoint: 7506 ns, At safepoint: 1020948 ns, Total: 1028454 ns
[95.214s][info][gc       ] GC(338) Pause Young (Allocation Failure) 2679M->1827M(3086M) 0.481ms
[95.215s][info][safepoint] Safepoint "GenCollectForAllocation", Time since last: 240323490 ns, Reaching safepoint: 6953 ns, At safepoint: 1030106 ns, Total: 1037059 ns
[95.462s][info][gc       ] GC(339) Pause Young (Allocation Failure) 2679M->1827M(3086M) 0.489ms
[95.463s][info][safepoint] Safepoint "GenCollectForAllocation", Time since last: 246794751 ns, Reaching safepoint: 7687 ns, At safepoint: 1061872 ns, Total: 1069559 ns
[95.704s][info][gc       ] GC(340) Pause Young (Allocation Failure) 2679M->1827M(3086M) 0.453ms
[95.705s][info][safepoint] Safepoint "GenCollectForAllocation", Time since last: 240954495 ns, Reaching safepoint: 6594 ns, At safepoint: 925503 ns, Total: 932097 ns
[95.947s][info][gc       ] GC(341) Pause Young (Allocation Failure) 2679M->1827M(3086M) 0.533ms
[95.948s][info][safepoint] Safepoint "GenCollectForAllocation", Time since last: 241856590 ns, Reaching safepoint: 7300 ns, At safepoint: 1007155 ns, Total: 1014455 ns
[96.192s][info][gc       ] GC(342) Pause Young (Allocation Failure) 2679M->1827M(3086M) 0.472ms
[96.192s][info][safepoint] Safepoint "GenCollectForAllocation", Time since last: 243787731 ns, Reaching safepoint: 7247 ns, At safepoint: 1042604 ns, Total: 1049851 ns
[96.440s][info][gc       ] GC(343) Pause Young (Allocation Failure) 2679M->1827M(3086M) 0.495ms
[96.440s][info][safepoint] Safepoint "GenCollectForAllocation", Time since last: 247024483 ns, Reaching safepoint: 7591 ns, At safepoint: 985406 ns, Total: 992997 ns
[96.685s][info][gc       ] GC(344) Pause Young (Allocation Failure) 2679M->1827M(3086M) 0.500ms
[96.685s][info][safepoint] Safepoint "GenCollectForAllocation", Time since last: 243807338 ns, Reaching safepoint: 7153 ns, At safepoint: 990808 ns, Total: 997961 ns
[96.929s][info][gc       ] GC(345) Pause Young (Allocation Failure) 2679M->1827M(3086M) 0.461ms
[96.929s][info][safepoint] Safepoint "GenCollectForAllocation", Time since last: 242964154 ns, Reaching safepoint: 8436 ns, At safepoint: 1029824 ns, Total: 1038260 ns
[97.174s][info][gc       ] GC(346) Pause Young (Allocation Failure) 2679M->1827M(3086M) 0.462ms
[97.174s][info][safepoint] Safepoint "GenCollectForAllocation", Time since last: 243870613 ns, Reaching safepoint: 6898 ns, At safepoint: 1037292 ns, Total: 1044190 ns
[97.419s][info][gc       ] GC(347) Pause Young (Allocation Failure) 2679M->1827M(3086M) 0.483ms
[97.420s][info][safepoint] Safepoint "GenCollectForAllocation", Time since last: 244504746 ns, Reaching safepoint: 11109 ns, At safepoint: 989721 ns, Total: 1000830 ns
[97.666s][info][gc       ] GC(348) Pause Young (Allocation Failure) 2679M->1827M(3086M) 0.463ms
[97.666s][info][safepoint] Safepoint "GenCollectForAllocation", Time since last: 245400567 ns, Reaching safepoint: 7157 ns, At safepoint: 927312 ns, Total: 934469 ns
[97.911s][info][gc       ] GC(349) Pause Young (Allocation Failure) 2679M->1827M(3086M) 0.500ms
[97.912s][info][safepoint] Safepoint "GenCollectForAllocation", Time since last: 244803264 ns, Reaching safepoint: 11185 ns, At safepoint: 910741 ns, Total: 921926 ns
[98.155s][info][gc       ] GC(350) Pause Young (Allocation Failure) 2679M->1827M(3086M) 0.459ms
[98.156s][info][safepoint] Safepoint "GenCollectForAllocation", Time since last: 243079249 ns, Reaching safepoint: 7504 ns, At safepoint: 1003900 ns, Total: 1011404 ns
[98.404s][info][gc       ] GC(351) Pause Young (Allocation Failure) 2679M->1827M(3086M) 0.464ms
[98.405s][info][safepoint] Safepoint "GenCollectForAllocation", Time since last: 247901681 ns, Reaching safepoint: 7383 ns, At safepoint: 942021 ns, Total: 949404 ns
[98.647s][info][gc       ] GC(352) Pause Young (Allocation Failure) 2679M->1827M(3086M) 0.479ms
[98.647s][info][safepoint] Safepoint "GenCollectForAllocation", Time since last: 241424442 ns, Reaching safepoint: 7026 ns, At safepoint: 1074658 ns, Total: 1081684 ns
[98.891s][info][gc       ] GC(353) Pause Young (Allocation Failure) 2679M->1827M(3086M) 0.452ms
[98.891s][info][safepoint] Safepoint "GenCollectForAllocation", Time since last: 243291935 ns, Reaching safepoint: 7690 ns, At safepoint: 975613 ns, Total: 983303 ns
[99.138s][info][gc       ] GC(354) Pause Young (Allocation Failure) 2679M->1827M(3086M) 0.479ms
[99.139s][info][safepoint] Safepoint "GenCollectForAllocation", Time since last: 246102196 ns, Reaching safepoint: 7166 ns, At safepoint: 1056659 ns, Total: 1063825 ns
[99.386s][info][gc       ] GC(355) Pause Young (Allocation Failure) 2679M->1827M(3086M) 0.440ms
[99.386s][info][safepoint] Safepoint "GenCollectForAllocation", Time since last: 246571282 ns, Reaching safepoint: 6564 ns, At safepoint: 1012694 ns, Total: 1019258 ns
[99.633s][info][gc       ] GC(356) Pause Young (Allocation Failure) 2679M->1827M(3086M) 0.489ms
[99.633s][info][safepoint] Safepoint "GenCollectForAllocation", Time since last: 246194343 ns, Reaching safepoint: 7390 ns, At safepoint: 982082 ns, Total: 989472 ns
[99.877s][info][gc       ] GC(357) Pause Young (Allocation Failure) 2679M->1827M(3086M) 0.466ms
[99.878s][info][safepoint] Safepoint "GenCollectForAllocation", Time since last: 243609090 ns, Reaching safepoint: 14101 ns, At safepoint: 852940 ns, Total: 867041 ns
[100.127s][info][gc       ] GC(358) Pause Young (Allocation Failure) 2679M->1827M(3086M) 0.472ms
[100.127s][info][safepoint] Safepoint "GenCollectForAllocation", Time since last: 248283350 ns, Reaching safepoint: 9696 ns, At safepoint: 952513 ns, Total: 962209 ns
[100.371s][info][gc       ] GC(359) Pause Young (Allocation Failure) 2679M->1827M(3086M) 0.458ms
[100.371s][info][safepoint] Safepoint "GenCollectForAllocation", Time since last: 242922199 ns, Reaching safepoint: 7764 ns, At safepoint: 1125469 ns, Total: 1133233 ns
[100.617s][info][gc       ] GC(360) Pause Young (Allocation Failure) 2679M->1827M(3086M) 0.475ms
[100.617s][info][safepoint] Safepoint "GenCollectForAllocation", Time since last: 245092900 ns, Reaching safepoint: 7447 ns, At safepoint: 996671 ns, Total: 1004118 ns
[100.868s][info][gc       ] GC(361) Pause Young (Allocation Failure) 2679M->1827M(3086M) 0.547ms
[100.869s][info][safepoint] Safepoint "GenCollectForAllocation", Time since last: 250325381 ns, Reaching safepoint: 7935 ns, At safepoint: 1116018 ns, Total: 1123953 ns
[101.117s][info][gc       ] GC(362) Pause Young (Allocation Failure) 2679M->1827M(3086M) 0.477ms
[101.117s][info][safepoint] Safepoint "GenCollectForAllocation", Time since last: 247567554 ns, Reaching safepoint: 6916 ns, At safepoint: 938585 ns, Total: 945501 ns
[101.498s][info][gc       ] GC(363) Pause Young (Allocation Failure) 2679M->2327M(3179M) 234.348ms
[102.017s][info][gc       ] GC(364) Pause Full (Allocation Failure) 2327M->503M(3086M) 518.496ms
[102.018s][info][safepoint] Safepoint "GenCollectForAllocation", Time since last: 146742825 ns, Reaching safepoint: 7958 ns, At safepoint: 753822514 ns, Total: 753830472 ns
[102.487s][info][gc       ] GC(365) Pause Young (Allocation Failure) 1354M->1331M(3086M) 379.889ms
[102.488s][info][safepoint] Safepoint "GenCollectForAllocation", Time since last: 89751424 ns, Reaching safepoint: 7688 ns, At safepoint: 380449065 ns, Total: 380456753 ns
[103.001s][info][gc       ] GC(366) Pause Young (Allocation Failure) 2182M->1778M(3086M) 323.709ms
[103.001s][info][safepoint] Safepoint "GenCollectForAllocation", Time since last: 188835754 ns, Reaching safepoint: 7578 ns, At safepoint: 324343526 ns, Total: 324351104 ns
[103.366s][info][gc       ] GC(367) Pause Young (Allocation Failure) 2630M->1778M(3086M) 125.504ms
[103.366s][info][safepoint] Safepoint "GenCollectForAllocation", Time since last: 238901971 ns, Reaching safepoint: 7129 ns, At safepoint: 125927505 ns, Total: 125934634 ns
[103.613s][info][gc       ] GC(368) Pause Young (Allocation Failure) 2630M->1778M(3086M) 0.529ms
[103.613s][info][safepoint] Safepoint "GenCollectForAllocation", Time since last: 246268610 ns, Reaching safepoint: 8474 ns, At safepoint: 1027008 ns, Total: 1035482 ns
[103.880s][info][gc       ] GC(369) Pause Young (Allocation Failure) 2630M->1778M(3086M) 0.484ms
[103.880s][info][safepoint] Safepoint "GenCollectForAllocation", Time since last: 266077176 ns, Reaching safepoint: 8739 ns, At safepoint: 797646 ns, Total: 806385 ns
[104.136s][info][gc       ] GC(370) Pause Young (Allocation Failure) 2630M->1778M(3086M) 0.492ms
[104.137s][info][safepoint] Safepoint "GenCollectForAllocation", Time since last: 255644181 ns, Reaching safepoint: 7420 ns, At safepoint: 893104 ns, Total: 900524 ns
[104.382s][info][gc       ] GC(371) Pause Young (Allocation Failure) 2630M->1778M(3086M) 0.474ms
[104.383s][info][safepoint] Safepoint "GenCollectForAllocation", Time since last: 245053650 ns, Reaching safepoint: 7411 ns, At safepoint: 1052639 ns, Total: 1060050 ns
[104.629s][info][gc       ] GC(372) Pause Young (Allocation Failure) 2630M->1778M(3086M) 0.469ms
[104.630s][info][safepoint] Safepoint "GenCollectForAllocation", Time since last: 245774583 ns, Reaching safepoint: 7579 ns, At safepoint: 1056286 ns, Total: 1063865 ns
[104.886s][info][gc       ] GC(373) Pause Young (Allocation Failure) 2630M->1778M(3086M) 0.467ms
[104.887s][info][safepoint] Safepoint "GenCollectForAllocation", Time since last: 256083618 ns, Reaching safepoint: 8066 ns, At safepoint: 1077177 ns, Total: 1085243 ns
[105.137s][info][gc       ] GC(374) Pause Young (Allocation Failure) 2630M->1778M(3086M) 0.461ms
[105.137s][info][safepoint] Safepoint "GenCollectForAllocation", Time since last: 249556472 ns, Reaching safepoint: 5998 ns, At safepoint: 834054 ns, Total: 840052 ns
[105.379s][info][gc       ] GC(375) Pause Young (Allocation Failure) 2630M->1778M(3086M) 0.470ms
[105.379s][info][safepoint] Safepoint "GenCollectForAllocation", Time since last: 241064900 ns, Reaching safepoint: 6728 ns, At safepoint: 812859 ns, Total: 819587 ns
[105.627s][info][gc       ] GC(376) Pause Young (Allocation Failure) 2630M->1778M(3086M) 0.458ms
[105.628s][info][safepoint] Safepoint "GenCollectForAllocation", Time since last: 247827218 ns, Reaching safepoint: 9647 ns, At safepoint: 897036 ns, Total: 906683 ns
[105.874s][info][gc       ] GC(377) Pause Young (Allocation Failure) 2630M->1778M(3086M) 0.484ms
[105.874s][info][safepoint] Safepoint "GenCollectForAllocation", Time since last: 245132924 ns, Reaching safepoint: 7679 ns, At safepoint: 989700 ns, Total: 997379 ns
[106.116s][info][gc       ] GC(378) Pause Young (Allocation Failure) 2630M->1778M(3086M) 0.449ms
[106.117s][info][safepoint] Safepoint "GenCollectForAllocation", Time since last: 241524536 ns, Reaching safepoint: 7335 ns, At safepoint: 972218 ns, Total: 979553 ns
[106.364s][info][gc       ] GC(379) Pause Young (Allocation Failure) 2630M->1778M(3086M) 0.465ms
[106.365s][info][safepoint] Safepoint "GenCollectForAllocation", Time since last: 247171176 ns, Reaching safepoint: 8006 ns, At safepoint: 1012155 ns, Total: 1020161 ns
[106.612s][info][gc       ] GC(380) Pause Young (Allocation Failure) 2630M->1778M(3086M) 0.491ms
[106.613s][info][safepoint] Safepoint "GenCollectForAllocation", Time since last: 247100364 ns, Reaching safepoint: 8518 ns, At safepoint: 970734 ns, Total: 979252 ns
[106.862s][info][gc       ] GC(381) Pause Young (Allocation Failure) 2630M->1778M(3086M) 0.475ms
[106.863s][info][safepoint] Safepoint "GenCollectForAllocation", Time since last: 248895541 ns, Reaching safepoint: 8129 ns, At safepoint: 810772 ns, Total: 818901 ns
[107.112s][info][gc       ] GC(382) Pause Young (Allocation Failure) 2630M->1778M(3086M) 0.455ms
[107.112s][info][safepoint] Safepoint "GenCollectForAllocation", Time since last: 248523941 ns, Reaching safepoint: 7525 ns, At safepoint: 1003035 ns, Total: 1010560 ns
[107.358s][info][gc       ] GC(383) Pause Young (Allocation Failure) 2630M->1778M(3086M) 0.459ms
[107.358s][info][safepoint] Safepoint "GenCollectForAllocation", Time since last: 245262058 ns, Reaching safepoint: 7283 ns, At safepoint: 1088074 ns, Total: 1095357 ns
[107.598s][info][gc       ] GC(384) Pause Young (Allocation Failure) 2630M->1778M(3086M) 0.469ms
[107.598s][info][safepoint] Safepoint "GenCollectForAllocation", Time since last: 238627404 ns, Reaching safepoint: 7025 ns, At safepoint: 943213 ns, Total: 950238 ns
[107.843s][info][gc       ] GC(385) Pause Young (Allocation Failure) 2630M->1778M(3086M) 0.450ms
[107.844s][info][safepoint] Safepoint "GenCollectForAllocation", Time since last: 244902623 ns, Reaching safepoint: 7177 ns, At safepoint: 947726 ns, Total: 954903 ns
[108.090s][info][gc       ] GC(386) Pause Young (Allocation Failure) 2630M->1778M(3086M) 0.461ms
[108.090s][info][safepoint] Safepoint "GenCollectForAllocation", Time since last: 245574513 ns, Reaching safepoint: 7324 ns, At safepoint: 985291 ns, Total: 992615 ns
[108.332s][info][gc       ] GC(387) Pause Young (Allocation Failure) 2630M->1778M(3086M) 0.443ms
[108.332s][info][safepoint] Safepoint "GenCollectForAllocation", Time since last: 240845424 ns, Reaching safepoint: 7309 ns, At safepoint: 988519 ns, Total: 995828 ns
[108.577s][info][gc       ] GC(388) Pause Young (Allocation Failure) 2630M->1778M(3086M) 0.468ms
[108.578s][info][safepoint] Safepoint "GenCollectForAllocation", Time since last: 244687197 ns, Reaching safepoint: 7322 ns, At safepoint: 985628 ns, Total: 992950 ns
[108.821s][info][gc       ] GC(389) Pause Young (Allocation Failure) 2630M->1778M(3086M) 0.453ms
[108.821s][info][safepoint] Safepoint "GenCollectForAllocation", Time since last: 242439082 ns, Reaching safepoint: 6960 ns, At safepoint: 943577 ns, Total: 950537 ns
[109.063s][info][gc       ] GC(390) Pause Young (Allocation Failure) 2630M->1778M(3086M) 0.433ms
[109.064s][info][safepoint] Safepoint "GenCollectForAllocation", Time since last: 241587934 ns, Reaching safepoint: 6300 ns, At safepoint: 998798 ns, Total: 1005098 ns
[109.310s][info][gc       ] GC(391) Pause Young (Allocation Failure) 2630M->1778M(3086M) 0.468ms
[109.311s][info][safepoint] Safepoint "GenCollectForAllocation", Time since last: 245958149 ns, Reaching safepoint: 7742 ns, At safepoint: 942652 ns, Total: 950394 ns
[109.556s][info][gc       ] GC(392) Pause Young (Allocation Failure) 2630M->1778M(3086M) 0.481ms
[109.556s][info][safepoint] Safepoint "GenCollectForAllocation", Time since last: 244359924 ns, Reaching safepoint: 7564 ns, At safepoint: 1097148 ns, Total: 1104712 ns
[109.808s][info][gc       ] GC(393) Pause Young (Allocation Failure) 2630M->1778M(3086M) 0.456ms
[109.809s][info][safepoint] Safepoint "GenCollectForAllocation", Time since last: 251711567 ns, Reaching safepoint: 7269 ns, At safepoint: 887219 ns, Total: 894488 ns
[110.052s][info][gc       ] GC(394) Pause Young (Allocation Failure) 2630M->1778M(3086M) 0.556ms
[110.052s][info][safepoint] Safepoint "GenCollectForAllocation", Time since last: 242428194 ns, Reaching safepoint: 7070 ns, At safepoint: 1147813 ns, Total: 1154883 ns
[110.296s][info][gc       ] GC(395) Pause Young (Allocation Failure) 2630M->1778M(3086M) 0.462ms
[110.297s][info][safepoint] Safepoint "GenCollectForAllocation", Time since last: 243469908 ns, Reaching safepoint: 6211 ns, At safepoint: 979078 ns, Total: 985289 ns
[110.542s][info][gc       ] GC(396) Pause Young (Allocation Failure) 2630M->1778M(3086M) 0.466ms
[110.542s][info][safepoint] Safepoint "GenCollectForAllocation", Time since last: 244484331 ns, Reaching safepoint: 6687 ns, At safepoint: 984793 ns, Total: 991480 ns
[110.792s][info][gc       ] GC(397) Pause Young (Allocation Failure) 2630M->1778M(3086M) 0.484ms
[110.792s][info][safepoint] Safepoint "GenCollectForAllocation", Time since last: 249082630 ns, Reaching safepoint: 7764 ns, At safepoint: 860225 ns, Total: 867989 ns
[111.033s][info][gc       ] GC(398) Pause Young (Allocation Failure) 2630M->1778M(3086M) 0.456ms
[111.034s][info][safepoint] Safepoint "GenCollectForAllocation", Time since last: 240403256 ns, Reaching safepoint: 6924 ns, At safepoint: 810412 ns, Total: 817336 ns
[111.280s][info][gc       ] GC(399) Pause Young (Allocation Failure) 2630M->1778M(3086M) 0.484ms
[111.280s][info][safepoint] Safepoint "GenCollectForAllocation", Time since last: 245598395 ns, Reaching safepoint: 10704 ns, At safepoint: 1063066 ns, Total: 1073770 ns
[111.526s][info][gc       ] GC(400) Pause Young (Allocation Failure) 2630M->1778M(3086M) 0.464ms
[111.527s][info][safepoint] Safepoint "GenCollectForAllocation", Time since last: 245226610 ns, Reaching safepoint: 6753 ns, At safepoint: 1046407 ns, Total: 1053160 ns
[111.772s][info][gc       ] GC(401) Pause Young (Allocation Failure) 2630M->1778M(3086M) 0.468ms
[111.772s][info][safepoint] Safepoint "GenCollectForAllocation", Time since last: 244533060 ns, Reaching safepoint: 7251 ns, At safepoint: 985898 ns, Total: 993149 ns
[112.031s][info][gc       ] GC(402) Pause Young (Allocation Failure) 2630M->1848M(3086M) 28.396ms
[112.031s][info][safepoint] Safepoint "GenCollectForAllocation", Time since last: 230207212 ns, Reaching safepoint: 7457 ns, At safepoint: 28910362 ns, Total: 28917819 ns
[112.599s][info][gc       ] GC(403) Pause Young (Allocation Failure) 2699M->2656M(3508M) 473.846ms
[113.363s][info][gc       ] GC(404) Pause Full (Allocation Failure) 2656M->881M(3086M) 762.987ms
[113.363s][info][safepoint] Safepoint "GenCollectForAllocation", Time since last: 94193648 ns, Reaching safepoint: 7725 ns, At safepoint: 1237916945 ns, Total: 1237924670 ns
[113.833s][info][gc       ] GC(405) Pause Young (Allocation Failure) 1732M->1697M(3086M) 377.092ms
[113.834s][info][safepoint] Safepoint "GenCollectForAllocation", Time since last: 93067351 ns, Reaching safepoint: 5790 ns, At safepoint: 377632120 ns, Total: 377637910 ns
[114.275s][info][gc       ] GC(406) Pause Young (Allocation Failure) 2548M->1826M(3086M) 197.810ms
[114.276s][info][safepoint] Safepoint "GenCollectForAllocation", Time since last: 243165086 ns, Reaching safepoint: 7514 ns, At safepoint: 198450194 ns, Total: 198457708 ns
[114.649s][info][gc       ] GC(407) Pause Young (Allocation Failure) 2678M->1826M(3086M) 125.255ms
[114.650s][info][safepoint] Safepoint "GenCollectForAllocation", Time since last: 248102109 ns, Reaching safepoint: 7155 ns, At safepoint: 125836954 ns, Total: 125844109 ns
[114.890s][info][gc       ] GC(408) Pause Young (Allocation Failure) 2678M->1826M(3086M) 0.464ms
[114.891s][info][safepoint] Safepoint "GenCollectForAllocation", Time since last: 240060262 ns, Reaching safepoint: 7375 ns, At safepoint: 1065979 ns, Total: 1073354 ns
[115.136s][info][gc       ] GC(409) Pause Young (Allocation Failure) 2678M->1826M(3086M) 0.513ms
[115.136s][info][safepoint] Safepoint "GenCollectForAllocation", Time since last: 244578052 ns, Reaching safepoint: 9417 ns, At safepoint: 787666 ns, Total: 797083 ns
[115.379s][info][gc       ] GC(410) Pause Young (Allocation Failure) 2678M->1826M(3086M) 0.463ms
[115.379s][info][safepoint] Safepoint "GenCollectForAllocation", Time since last: 242220749 ns, Reaching safepoint: 7400 ns, At safepoint: 1002443 ns, Total: 1009843 ns
[115.623s][info][gc       ] GC(411) Pause Young (Allocation Failure) 2678M->1826M(3086M) 0.488ms
[115.624s][info][safepoint] Safepoint "GenCollectForAllocation", Time since last: 243378614 ns, Reaching safepoint: 7384 ns, At safepoint: 1038029 ns, Total: 1045413 ns
[115.871s][info][gc       ] GC(412) Pause Young (Allocation Failure) 2678M->1826M(3086M) 0.491ms
[115.871s][info][safepoint] Safepoint "GenCollectForAllocation", Time since last: 246556042 ns, Reaching safepoint: 7539 ns, At safepoint: 1044376 ns, Total: 1051915 ns
[116.121s][info][gc       ] GC(413) Pause Young (Allocation Failure) 2678M->1826M(3086M) 0.469ms
[116.121s][info][safepoint] Safepoint "GenCollectForAllocation", Time since last: 249007050 ns, Reaching safepoint: 8040 ns, At safepoint: 1063098 ns, Total: 1071138 ns
[116.369s][info][gc       ] GC(414) Pause Young (Allocation Failure) 2678M->1826M(3086M) 0.466ms
[116.369s][info][safepoint] Safepoint "GenCollectForAllocation", Time since last: 246874149 ns, Reaching safepoint: 7238 ns, At safepoint: 939830 ns, Total: 947068 ns
[116.616s][info][gc       ] GC(415) Pause Young (Allocation Failure) 2678M->1826M(3086M) 0.460ms
[116.616s][info][safepoint] Safepoint "GenCollectForAllocation", Time since last: 245956037 ns, Reaching safepoint: 7459 ns, At safepoint: 972320 ns, Total: 979779 ns
[116.863s][info][gc       ] GC(416) Pause Young (Allocation Failure) 2678M->1826M(3086M) 0.470ms
[116.863s][info][safepoint] Safepoint "GenCollectForAllocation", Time since last: 246189940 ns, Reaching safepoint: 6994 ns, At safepoint: 1051857 ns, Total: 1058851 ns
[117.108s][info][gc       ] GC(417) Pause Young (Allocation Failure) 2678M->1826M(3086M) 0.454ms
[117.109s][info][safepoint] Safepoint "GenCollectForAllocation", Time since last: 244241599 ns, Reaching safepoint: 7027 ns, At safepoint: 965737 ns, Total: 972764 ns
[117.355s][info][gc       ] GC(418) Pause Young (Allocation Failure) 2678M->1826M(3086M) 0.456ms
[117.355s][info][safepoint] Safepoint "GenCollectForAllocation", Time since last: 245398060 ns, Reaching safepoint: 6474 ns, At safepoint: 934684 ns, Total: 941158 ns
[117.603s][info][gc       ] GC(419) Pause Young (Allocation Failure) 2678M->1826M(3086M) 0.608ms
[117.603s][info][safepoint] Safepoint "GenCollectForAllocation", Time since last: 247311091 ns, Reaching safepoint: 9663 ns, At safepoint: 1174608 ns, Total: 1184271 ns
[117.849s][info][gc       ] GC(420) Pause Young (Allocation Failure) 2678M->1826M(3086M) 0.451ms
[117.849s][info][safepoint] Safepoint "GenCollectForAllocation", Time since last: 244897882 ns, Reaching safepoint: 7361 ns, At safepoint: 993447 ns, Total: 1000808 ns
[118.095s][info][gc       ] GC(421) Pause Young (Allocation Failure) 2678M->1826M(3086M) 0.490ms
[118.096s][info][safepoint] Safepoint "GenCollectForAllocation", Time since last: 245262833 ns, Reaching safepoint: 8060 ns, At safepoint: 983855 ns, Total: 991915 ns
[118.349s][info][gc       ] GC(422) Pause Young (Allocation Failure) 2678M->1826M(3086M) 0.486ms
[118.349s][info][safepoint] Safepoint "GenCollectForAllocation", Time since last: 252666509 ns, Reaching safepoint: 7385 ns, At safepoint: 1035938 ns, Total: 1043323 ns
[118.599s][info][gc       ] GC(423) Pause Young (Allocation Failure) 2678M->1826M(3086M) 0.464ms
[118.599s][info][safepoint] Safepoint "GenCollectForAllocation", Time since last: 248794653 ns, Reaching safepoint: 7890 ns, At safepoint: 949519 ns, Total: 957409 ns
[118.847s][info][gc       ] GC(424) Pause Young (Allocation Failure) 2678M->1826M(3086M) 0.531ms
[118.847s][info][safepoint] Safepoint "GenCollectForAllocation", Time since last: 247171328 ns, Reaching safepoint: 9489 ns, At safepoint: 929507 ns, Total: 938996 ns
[119.096s][info][gc       ] GC(425) Pause Young (Allocation Failure) 2678M->1826M(3086M) 0.474ms
[119.097s][info][safepoint] Safepoint "GenCollectForAllocation", Time since last: 248259705 ns, Reaching safepoint: 7837 ns, At safepoint: 1047680 ns, Total: 1055517 ns
[119.343s][info][gc       ] GC(426) Pause Young (Allocation Failure) 2678M->1826M(3086M) 0.483ms
[119.344s][info][safepoint] Safepoint "GenCollectForAllocation", Time since last: 246339992 ns, Reaching safepoint: 7521 ns, At safepoint: 1003341 ns, Total: 1010862 ns
[119.588s][info][gc       ] GC(427) Pause Young (Allocation Failure) 2678M->1826M(3086M) 0.461ms
[119.588s][info][safepoint] Safepoint "GenCollectForAllocation", Time since last: 243564415 ns, Reaching safepoint: 6991 ns, At safepoint: 956699 ns, Total: 963690 ns
[119.833s][info][gc       ] GC(428) Pause Young (Allocation Failure) 2678M->1826M(3086M) 0.469ms
[119.834s][info][safepoint] Safepoint "GenCollectForAllocation", Time since last: 244513850 ns, Reaching safepoint: 9423 ns, At safepoint: 926594 ns, Total: 936017 ns
[120.082s][info][gc       ] GC(429) Pause Young (Allocation Failure) 2678M->1826M(3086M) 0.465ms
[120.083s][info][safepoint] Safepoint "GenCollectForAllocation", Time since last: 247872031 ns, Reaching safepoint: 7376 ns, At safepoint: 966963 ns, Total: 974339 ns
[120.327s][info][gc       ] GC(430) Pause Young (Allocation Failure) 2678M->1826M(3086M) 0.490ms
[120.328s][info][safepoint] Safepoint "GenCollectForAllocation", Time since last: 243878490 ns, Reaching safepoint: 7666 ns, At safepoint: 1047586 ns, Total: 1055252 ns
[120.575s][info][gc       ] GC(431) Pause Young (Allocation Failure) 2678M->1826M(3086M) 0.473ms
[120.576s][info][safepoint] Safepoint "GenCollectForAllocation", Time since last: 246861187 ns, Reaching safepoint: 7430 ns, At safepoint: 1036431 ns, Total: 1043861 ns
[120.826s][info][gc       ] GC(432) Pause Young (Allocation Failure) 2678M->1826M(3086M) 0.474ms
[120.827s][info][safepoint] Safepoint "GenCollectForAllocation", Time since last: 250290292 ns, Reaching safepoint: 7961 ns, At safepoint: 948664 ns, Total: 956625 ns
[121.067s][info][gc       ] GC(433) Pause Young (Allocation Failure) 2678M->1826M(3086M) 0.475ms
[121.068s][info][safepoint] Safepoint "GenCollectForAllocation", Time since last: 240196060 ns, Reaching safepoint: 6701 ns, At safepoint: 910046 ns, Total: 916747 ns
[121.313s][info][gc       ] GC(434) Pause Young (Allocation Failure) 2678M->1826M(3086M) 0.477ms
[121.314s][info][safepoint] Safepoint "GenCollectForAllocation", Time since last: 245098585 ns, Reaching safepoint: 7636 ns, At safepoint: 1013598 ns, Total: 1021234 ns
[121.561s][info][gc       ] GC(435) Pause Young (Allocation Failure) 2678M->1826M(3086M) 0.478ms
[121.562s][info][safepoint] Safepoint "GenCollectForAllocation", Time since last: 246684560 ns, Reaching safepoint: 7909 ns, At safepoint: 1005553 ns, Total: 1013462 ns
[121.808s][info][gc       ] GC(436) Pause Young (Allocation Failure) 2678M->1826M(3086M) 0.461ms
[121.808s][info][safepoint] Safepoint "GenCollectForAllocation", Time since last: 245831801 ns, Reaching safepoint: 7458 ns, At safepoint: 875093 ns, Total: 882551 ns
[122.055s][info][gc       ] GC(437) Pause Young (Allocation Failure) 2678M->1826M(3086M) 0.461ms
[122.055s][info][safepoint] Safepoint "GenCollectForAllocation", Time since last: 245861511 ns, Reaching safepoint: 7334 ns, At safepoint: 951935 ns, Total: 959269 ns
[122.302s][info][gc       ] GC(438) Pause Young (Allocation Failure) 2678M->1826M(3086M) 0.494ms
[122.303s][info][safepoint] Safepoint "GenCollectForAllocation", Time since last: 246282411 ns, Reaching safepoint: 7881 ns, At safepoint: 963724 ns, Total: 971605 ns
[122.547s][info][gc       ] GC(439) Pause Young (Allocation Failure) 2678M->1826M(3086M) 0.477ms
[122.547s][info][safepoint] Safepoint "GenCollectForAllocation", Time since last: 243871431 ns, Reaching safepoint: 7390 ns, At safepoint: 1045210 ns, Total: 1052600 ns
[122.789s][info][gc       ] GC(440) Pause Young (Allocation Failure) 2678M->1826M(3086M) 0.455ms
[122.790s][info][safepoint] Safepoint "GenCollectForAllocation", Time since last: 241126155 ns, Reaching safepoint: 7332 ns, At safepoint: 999902 ns, Total: 1007234 ns
[123.035s][info][gc       ] GC(441) Pause Young (Allocation Failure) 2678M->1826M(3086M) 0.487ms
[123.036s][info][safepoint] Safepoint "GenCollectForAllocation", Time since last: 245011124 ns, Reaching safepoint: 22770 ns, At safepoint: 1035408 ns, Total: 1058178 ns
[123.396s][info][gc       ] GC(442) Pause Young (Allocation Failure) 2678M->2274M(3125M) 200.084ms
[123.890s][info][gc       ] GC(443) Pause Full (Allocation Failure) 2274M->450M(3086M) 493.982ms
[123.891s][info][safepoint] Safepoint "GenCollectForAllocation", Time since last: 160168602 ns, Reaching safepoint: 8129 ns, At safepoint: 695089310 ns, Total: 695097439 ns
[124.341s][info][gc       ] GC(444) Pause Young (Allocation Failure) 1302M->1263M(3086M) 360.293ms
[124.341s][info][safepoint] Safepoint "GenCollectForAllocation", Time since last: 89365244 ns, Reaching safepoint: 7624 ns, At safepoint: 360917057 ns, Total: 360924681 ns
[124.863s][info][gc       ] GC(445) Pause Young (Allocation Failure) 2114M->1784M(3086M) 335.890ms
[124.863s][info][safepoint] Safepoint "GenCollectForAllocation", Time since last: 185770024 ns, Reaching safepoint: 7622 ns, At safepoint: 336446282 ns, Total: 336453904 ns
[125.214s][info][gc       ] GC(446) Pause Young (Allocation Failure) 2635M->1784M(3086M) 105.455ms
[125.215s][info][safepoint] Safepoint "GenCollectForAllocation", Time since last: 245571584 ns, Reaching safepoint: 8657 ns, At safepoint: 106042171 ns, Total: 106050828 ns
[125.454s][info][gc       ] GC(447) Pause Young (Allocation Failure) 2635M->1784M(3086M) 0.484ms
[125.455s][info][safepoint] Safepoint "GenCollectForAllocation", Time since last: 238581840 ns, Reaching safepoint: 6932 ns, At safepoint: 1012142 ns, Total: 1019074 ns
[125.703s][info][gc       ] GC(448) Pause Young (Allocation Failure) 2635M->1784M(3086M) 0.471ms
[125.704s][info][safepoint] Safepoint "GenCollectForAllocation", Time since last: 248099566 ns, Reaching safepoint: 7069 ns, At safepoint: 938433 ns, Total: 945502 ns
[125.951s][info][gc       ] GC(449) Pause Young (Allocation Failure) 2635M->1784M(3086M) 0.624ms
[125.952s][info][safepoint] Safepoint "GenCollectForAllocation", Time since last: 247131002 ns, Reaching safepoint: 13313 ns, At safepoint: 1140523 ns, Total: 1153836 ns
[126.196s][info][gc       ] GC(450) Pause Young (Allocation Failure) 2635M->1784M(3086M) 0.475ms
[126.197s][info][safepoint] Safepoint "GenCollectForAllocation", Time since last: 243803503 ns, Reaching safepoint: 7010 ns, At safepoint: 953863 ns, Total: 960873 ns
[126.441s][info][gc       ] GC(451) Pause Young (Allocation Failure) 2635M->1784M(3086M) 0.451ms
[126.441s][info][safepoint] Safepoint "GenCollectForAllocation", Time since last: 243588199 ns, Reaching safepoint: 6268 ns, At safepoint: 867676 ns, Total: 873944 ns
[126.695s][info][gc       ] GC(452) Pause Young (Allocation Failure) 2635M->1784M(3086M) 0.470ms
[126.695s][info][safepoint] Safepoint "GenCollectForAllocation", Time since last: 253124167 ns, Reaching safepoint: 8563 ns, At safepoint: 905079 ns, Total: 913642 ns
[126.963s][info][gc       ] GC(453) Pause Young (Allocation Failure) 2635M->1784M(3086M) 0.514ms
[126.963s][info][safepoint] Safepoint "GenCollectForAllocation", Time since last: 266973738 ns, Reaching safepoint: 8792 ns, At safepoint: 946341 ns, Total: 955133 ns
[127.213s][info][gc       ] GC(454) Pause Young (Allocation Failure) 2635M->1784M(3086M) 0.477ms
[127.214s][info][safepoint] Safepoint "GenCollectForAllocation", Time since last: 249612374 ns, Reaching safepoint: 10934 ns, At safepoint: 901689 ns, Total: 912623 ns
[127.460s][info][gc       ] GC(455) Pause Young (Allocation Failure) 2635M->1784M(3086M) 0.470ms
[127.460s][info][safepoint] Safepoint "GenCollectForAllocation", Time since last: 245606474 ns, Reaching safepoint: 6033 ns, At safepoint: 1014656 ns, Total: 1020689 ns
[127.709s][info][gc       ] GC(456) Pause Young (Allocation Failure) 2635M->1784M(3086M) 0.461ms
[127.710s][info][safepoint] Safepoint "GenCollectForAllocation", Time since last: 248627794 ns, Reaching safepoint: 7897 ns, At safepoint: 966835 ns, Total: 974732 ns
[127.957s][info][gc       ] GC(457) Pause Young (Allocation Failure) 2635M->1784M(3086M) 0.444ms
[127.958s][info][safepoint] Safepoint "GenCollectForAllocation", Time since last: 246752700 ns, Reaching safepoint: 6912 ns, At safepoint: 914402 ns, Total: 921314 ns
[128.203s][info][gc       ] GC(458) Pause Young (Allocation Failure) 2635M->1784M(3086M) 0.460ms
[128.204s][info][safepoint] Safepoint "GenCollectForAllocation", Time since last: 245343870 ns, Reaching safepoint: 7582 ns, At safepoint: 930950 ns, Total: 938532 ns
[128.450s][info][gc       ] GC(459) Pause Young (Allocation Failure) 2635M->1784M(3086M) 0.469ms
[128.451s][info][safepoint] Safepoint "GenCollectForAllocation", Time since last: 246128948 ns, Reaching safepoint: 11118 ns, At safepoint: 930942 ns, Total: 942060 ns
[128.697s][info][gc       ] GC(460) Pause Young (Allocation Failure) 2635M->1784M(3086M) 0.471ms
[128.697s][info][safepoint] Safepoint "GenCollectForAllocation", Time since last: 245091131 ns, Reaching safepoint: 10294 ns, At safepoint: 812567 ns, Total: 822861 ns
[128.952s][info][gc       ] GC(461) Pause Young (Allocation Failure) 2635M->1784M(3086M) 0.513ms
[128.952s][info][safepoint] Safepoint "GenCollectForAllocation", Time since last: 254653663 ns, Reaching safepoint: 10101 ns, At safepoint: 834843 ns, Total: 844944 ns
[129.210s][info][gc       ] GC(462) Pause Young (Allocation Failure) 2635M->1784M(3086M) 0.531ms
[129.210s][info][safepoint] Safepoint "GenCollectForAllocation", Time since last: 257082841 ns, Reaching safepoint: 8086 ns, At safepoint: 813447 ns, Total: 821533 ns
[129.466s][info][gc       ] GC(463) Pause Young (Allocation Failure) 2635M->1784M(3086M) 0.481ms
[129.466s][info][safepoint] Safepoint "GenCollectForAllocation", Time since last: 255134663 ns, Reaching safepoint: 8499 ns, At safepoint: 786409 ns, Total: 794908 ns
[129.727s][info][gc       ] GC(464) Pause Young (Allocation Failure) 2635M->1784M(3086M) 0.568ms
[129.728s][info][safepoint] Safepoint "GenCollectForAllocation", Time since last: 260632865 ns, Reaching safepoint: 10195 ns, At safepoint: 881056 ns, Total: 891251 ns
[129.985s][info][gc       ] GC(465) Pause Young (Allocation Failure) 2635M->1784M(3086M) 0.470ms
[129.986s][info][safepoint] Safepoint "GenCollectForAllocation", Time since last: 257171049 ns, Reaching safepoint: 7532 ns, At safepoint: 854696 ns, Total: 862228 ns
[130.237s][info][gc       ] GC(466) Pause Young (Allocation Failure) 2635M->1784M(3086M) 0.591ms
[130.237s][info][safepoint] Safepoint "GenCollectForAllocation", Time since last: 250405895 ns, Reaching safepoint: 8688 ns, At safepoint: 882425 ns, Total: 891113 ns
[130.501s][info][gc       ] GC(467) Pause Young (Allocation Failure) 2635M->1784M(3086M) 0.627ms
[130.502s][info][safepoint] Safepoint "GenCollectForAllocation", Time since last: 263313733 ns, Reaching safepoint: 8651 ns, At safepoint: 1157989 ns, Total: 1166640 ns
[130.765s][info][gc       ] GC(468) Pause Young (Allocation Failure) 2635M->1784M(3086M) 0.481ms
[130.765s][info][safepoint] Safepoint "GenCollectForAllocation", Time since last: 262992284 ns, Reaching safepoint: 8707 ns, At safepoint: 843594 ns, Total: 852301 ns
[131.008s][info][gc       ] GC(469) Pause Young (Allocation Failure) 2635M->1784M(3086M) 0.486ms
[131.008s][info][safepoint] Safepoint "GenCollectForAllocation", Time since last: 241874439 ns, Reaching safepoint: 7537 ns, At safepoint: 961266 ns, Total: 968803 ns
[131.258s][info][gc       ] GC(470) Pause Young (Allocation Failure) 2635M->1784M(3086M) 0.492ms
[131.259s][info][safepoint] Safepoint "GenCollectForAllocation", Time since last: 249438329 ns, Reaching safepoint: 8279 ns, At safepoint: 952021 ns, Total: 960300 ns
[131.509s][info][gc       ] GC(471) Pause Young (Allocation Failure) 2635M->1784M(3086M) 0.478ms
[131.509s][info][safepoint] Safepoint "GenCollectForAllocation", Time since last: 249853426 ns, Reaching safepoint: 7398 ns, At safepoint: 984760 ns, Total: 992158 ns
[131.761s][info][gc       ] GC(472) Pause Young (Allocation Failure) 2635M->1784M(3086M) 0.568ms
[131.761s][info][safepoint] Safepoint "GenCollectForAllocation", Time since last: 250483990 ns, Reaching safepoint: 9116 ns, At safepoint: 1220876 ns, Total: 1229992 ns
[132.020s][info][gc       ] GC(473) Pause Young (Allocation Failure) 2635M->1784M(3086M) 0.494ms
[132.021s][info][safepoint] Safepoint "GenCollectForAllocation", Time since last: 258707811 ns, Reaching safepoint: 10449 ns, At safepoint: 813876 ns, Total: 824325 ns
[132.279s][info][gc       ] GC(474) Pause Young (Allocation Failure) 2635M->1784M(3086M) 0.495ms
[132.279s][info][safepoint] Safepoint "GenCollectForAllocation", Time since last: 257450736 ns, Reaching safepoint: 8290 ns, At safepoint: 879905 ns, Total: 888195 ns
[132.545s][info][gc       ] GC(475) Pause Young (Allocation Failure) 2635M->1784M(3086M) 0.625ms
[132.545s][info][safepoint] Safepoint "GenCollectForAllocation", Time since last: 264981769 ns, Reaching safepoint: 7356 ns, At safepoint: 904129 ns, Total: 911485 ns
[132.811s][info][gc       ] GC(476) Pause Young (Allocation Failure) 2635M->1784M(3086M) 0.621ms
[132.812s][info][safepoint] Safepoint "GenCollectForAllocation", Time since last: 265801168 ns, Reaching safepoint: 8611 ns, At safepoint: 976816 ns, Total: 985427 ns
[133.110s][info][gc       ] GC(477) Pause Young (Allocation Failure) 2635M->1784M(3086M) 0.525ms
[133.111s][info][safepoint] Safepoint "GenCollectForAllocation", Time since last: 297944005 ns, Reaching safepoint: 8546 ns, At safepoint: 931953 ns, Total: 940499 ns
[133.356s][info][gc       ] GC(478) Pause Young (Allocation Failure) 2635M->1784M(3086M) 0.464ms
[133.357s][info][safepoint] Safepoint "GenCollectForAllocation", Time since last: 245263179 ns, Reaching safepoint: 7371 ns, At safepoint: 962547 ns, Total: 969918 ns
[133.602s][info][gc       ] GC(479) Pause Young (Allocation Failure) 2635M->1784M(3086M) 0.480ms
[133.603s][info][safepoint] Safepoint "GenCollectForAllocation", Time since last: 244647941 ns, Reaching safepoint: 7656 ns, At safepoint: 1026923 ns, Total: 1034579 ns
[133.855s][info][gc       ] GC(480) Pause Young (Allocation Failure) 2635M->1784M(3086M) 0.485ms
[133.856s][info][safepoint] Safepoint "GenCollectForAllocation", Time since last: 252369637 ns, Reaching safepoint: 7062 ns, At safepoint: 883485 ns, Total: 890547 ns
[134.106s][info][gc       ] GC(481) Pause Young (Allocation Failure) 2635M->1795M(3086M) 5.112ms
[134.107s][info][safepoint] Safepoint "GenCollectForAllocation", Time since last: 245554984 ns, Reaching safepoint: 7609 ns, At safepoint: 5677020 ns, Total: 5684629 ns
[134.652s][info][gc       ] GC(482) Pause Young (Allocation Failure) 2646M->2600M(3452M) 451.108ms
[135.378s][info][gc       ] GC(483) Pause Full (Allocation Failure) 2600M->819M(3086M) 725.598ms
[135.378s][info][safepoint] Safepoint "GenCollectForAllocation", Time since last: 93475582 ns, Reaching safepoint: 16268 ns, At safepoint: 1177667430 ns, Total: 1177683698 ns
[135.843s][info][gc       ] GC(484) Pause Young (Allocation Failure) 1671M->1635M(3086M) 374.359ms
[135.843s][info][safepoint] Safepoint "GenCollectForAllocation", Time since last: 89962051 ns, Reaching safepoint: 5951 ns, At safepoint: 374827738 ns, Total: 374833689 ns
[136.308s][info][gc       ] GC(485) Pause Young (Allocation Failure) 2487M->1819M(3086M) 223.183ms
[136.308s][info][safepoint] Safepoint "GenCollectForAllocation", Time since last: 241342383 ns, Reaching safepoint: 7688 ns, At safepoint: 223682197 ns, Total: 223689885 ns
[136.683s][info][gc       ] GC(486) Pause Young (Allocation Failure) 2670M->1819M(3086M) 127.530ms
[136.684s][info][safepoint] Safepoint "GenCollectForAllocation", Time since last: 247532598 ns, Reaching safepoint: 8969 ns, At safepoint: 128094192 ns, Total: 128103161 ns
[136.926s][info][gc       ] GC(487) Pause Young (Allocation Failure) 2670M->1819M(3086M) 0.486ms
[136.927s][info][safepoint] Safepoint "GenCollectForAllocation", Time since last: 242008776 ns, Reaching safepoint: 24985 ns, At safepoint: 1023673 ns, Total: 1048658 ns
[137.174s][info][gc       ] GC(488) Pause Young (Allocation Failure) 2670M->1819M(3086M) 0.491ms
[137.174s][info][safepoint] Safepoint "GenCollectForAllocation", Time since last: 246672480 ns, Reaching safepoint: 7416 ns, At safepoint: 880947 ns, Total: 888363 ns
[137.424s][info][gc       ] GC(489) Pause Young (Allocation Failure) 2670M->1819M(3086M) 0.491ms
[137.424s][info][safepoint] Safepoint "GenCollectForAllocation", Time since last: 249183817 ns, Reaching safepoint: 6981 ns, At safepoint: 922018 ns, Total: 928999 ns
[137.675s][info][gc       ] GC(490) Pause Young (Allocation Failure) 2670M->1819M(3086M) 0.486ms
[137.676s][info][safepoint] Safepoint "GenCollectForAllocation", Time since last: 250186071 ns, Reaching safepoint: 7559 ns, At safepoint: 1045258 ns, Total: 1052817 ns
[137.922s][info][gc       ] GC(491) Pause Young (Allocation Failure) 2670M->1819M(3086M) 0.485ms
[137.922s][info][safepoint] Safepoint "GenCollectForAllocation", Time since last: 245536986 ns, Reaching safepoint: 6551 ns, At safepoint: 1055436 ns, Total: 1061987 ns
[138.171s][info][gc       ] GC(492) Pause Young (Allocation Failure) 2670M->1819M(3086M) 0.475ms
[138.171s][info][safepoint] Safepoint "GenCollectForAllocation", Time since last: 248298955 ns, Reaching safepoint: 15227 ns, At safepoint: 923361 ns, Total: 938588 ns
[138.425s][info][gc       ] GC(493) Pause Young (Allocation Failure) 2670M->1819M(3086M) 0.463ms
[138.425s][info][safepoint] Safepoint "GenCollectForAllocation", Time since last: 252596877 ns, Reaching safepoint: 7260 ns, At safepoint: 786547 ns, Total: 793807 ns
[138.672s][info][gc       ] GC(494) Pause Young (Allocation Failure) 2670M->1819M(3086M) 0.467ms
[138.672s][info][safepoint] Safepoint "GenCollectForAllocation", Time since last: 246253860 ns, Reaching safepoint: 6994 ns, At safepoint: 942164 ns, Total: 949158 ns
[138.921s][info][gc       ] GC(495) Pause Young (Allocation Failure) 2670M->1819M(3086M) 0.469ms
[138.922s][info][safepoint] Safepoint "GenCollectForAllocation", Time since last: 248966250 ns, Reaching safepoint: 6836 ns, At safepoint: 975586 ns, Total: 982422 ns
[139.168s][info][gc       ] GC(496) Pause Young (Allocation Failure) 2670M->1819M(3086M) 0.480ms
[139.169s][info][safepoint] Safepoint "GenCollectForAllocation", Time since last: 246002133 ns, Reaching safepoint: 6087 ns, At safepoint: 894938 ns, Total: 901025 ns
[139.417s][info][gc       ] GC(497) Pause Young (Allocation Failure) 2670M->1819M(3086M) 0.511ms
[139.418s][info][safepoint] Safepoint "GenCollectForAllocation", Time since last: 247871977 ns, Reaching safepoint: 7357 ns, At safepoint: 965169 ns, Total: 972526 ns
[139.665s][info][gc       ] GC(498) Pause Young (Allocation Failure) 2670M->1819M(3086M) 0.566ms
[139.666s][info][safepoint] Safepoint "GenCollectForAllocation", Time since last: 247008044 ns, Reaching safepoint: 7356 ns, At safepoint: 972359 ns, Total: 979715 ns
[139.912s][info][gc       ] GC(499) Pause Young (Allocation Failure) 2670M->1819M(3086M) 0.492ms
[139.913s][info][safepoint] Safepoint "GenCollectForAllocation", Time since last: 245913627 ns, Reaching safepoint: 7844 ns, At safepoint: 1012371 ns, Total: 1020215 ns
[140.158s][info][gc       ] GC(500) Pause Young (Allocation Failure) 2670M->1819M(3086M) 0.475ms
[140.159s][info][safepoint] Safepoint "GenCollectForAllocation", Time since last: 244954696 ns, Reaching safepoint: 6110 ns, At safepoint: 955517 ns, Total: 961627 ns
[140.410s][info][gc       ] GC(501) Pause Young (Allocation Failure) 2670M->1819M(3086M) 0.461ms
[140.410s][info][safepoint] Safepoint "GenCollectForAllocation", Time since last: 250619699 ns, Reaching safepoint: 7775 ns, At safepoint: 795170 ns, Total: 802945 ns
[140.653s][info][gc       ] GC(502) Pause Young (Allocation Failure) 2670M->1819M(3086M) 0.458ms
[140.653s][info][safepoint] Safepoint "GenCollectForAllocation", Time since last: 242339995 ns, Reaching safepoint: 6536 ns, At safepoint: 796566 ns, Total: 803102 ns
[140.910s][info][gc       ] GC(503) Pause Young (Allocation Failure) 2670M->1819M(3086M) 0.484ms
[140.910s][info][safepoint] Safepoint "GenCollectForAllocation", Time since last: 256067845 ns, Reaching safepoint: 7640 ns, At safepoint: 997158 ns, Total: 1004798 ns
[141.162s][info][gc       ] GC(504) Pause Young (Allocation Failure) 2670M->1819M(3086M) 0.461ms
[141.162s][info][safepoint] Safepoint "GenCollectForAllocation", Time since last: 251123426 ns, Reaching safepoint: 6841 ns, At safepoint: 979305 ns, Total: 986146 ns
[141.410s][info][gc       ] GC(505) Pause Young (Allocation Failure) 2670M->1819M(3086M) 0.480ms
[141.410s][info][safepoint] Safepoint "GenCollectForAllocation", Time since last: 246930480 ns, Reaching safepoint: 7110 ns, At safepoint: 1011034 ns, Total: 1018144 ns
[141.657s][info][gc       ] GC(506) Pause Young (Allocation Failure) 2670M->1819M(3086M) 0.480ms
[141.658s][info][safepoint] Safepoint "GenCollectForAllocation", Time since last: 246466835 ns, Reaching safepoint: 6504 ns, At safepoint: 997112 ns, Total: 1003616 ns
[141.910s][info][gc       ] GC(507) Pause Young (Allocation Failure) 2670M->1819M(3086M) 0.488ms
[141.910s][info][safepoint] Safepoint "GenCollectForAllocation", Time since last: 251719055 ns, Reaching safepoint: 8042 ns, At safepoint: 987951 ns, Total: 995993 ns
[142.162s][info][gc       ] GC(508) Pause Young (Allocation Failure) 2670M->1819M(3086M) 0.455ms
[142.162s][info][safepoint] Safepoint "GenCollectForAllocation", Time since last: 250640605 ns, Reaching safepoint: 7154 ns, At safepoint: 778291 ns, Total: 785445 ns
[142.411s][info][gc       ] GC(509) Pause Young (Allocation Failure) 2670M->1819M(3086M) 0.486ms
[142.411s][info][safepoint] Safepoint "GenCollectForAllocation", Time since last: 248510979 ns, Reaching safepoint: 10478 ns, At safepoint: 899156 ns, Total: 909634 ns
[142.655s][info][gc       ] GC(510) Pause Young (Allocation Failure) 2670M->1819M(3086M) 0.466ms
[142.655s][info][safepoint] Safepoint "GenCollectForAllocation", Time since last: 243160994 ns, Reaching safepoint: 7899 ns, At safepoint: 930775 ns, Total: 938674 ns
[142.903s][info][gc       ] GC(511) Pause Young (Allocation Failure) 2670M->1819M(3086M) 0.480ms
[142.904s][info][safepoint] Safepoint "GenCollectForAllocation", Time since last: 247427125 ns, Reaching safepoint: 7324 ns, At safepoint: 948044 ns, Total: 955368 ns
[143.144s][info][gc       ] GC(512) Pause Young (Allocation Failure) 2670M->1819M(3086M) 0.474ms
[143.144s][info][safepoint] Safepoint "GenCollectForAllocation", Time since last: 239661780 ns, Reaching safepoint: 7569 ns, At safepoint: 1011216 ns, Total: 1018785 ns
[143.391s][info][gc       ] GC(513) Pause Young (Allocation Failure) 2670M->1819M(3086M) 0.468ms
[143.392s][info][safepoint] Safepoint "GenCollectForAllocation", Time since last: 246437706 ns, Reaching safepoint: 5785 ns, At safepoint: 958232 ns, Total: 964017 ns
[143.632s][info][gc       ] GC(514) Pause Young (Allocation Failure) 2670M->1819M(3086M) 0.474ms
[143.633s][info][safepoint] Safepoint "GenCollectForAllocation", Time since last: 240124721 ns, Reaching safepoint: 9281 ns, At safepoint: 943997 ns, Total: 953278 ns
[143.877s][info][gc       ] GC(515) Pause Young (Allocation Failure) 2670M->1819M(3086M) 0.457ms
[143.877s][info][safepoint] Safepoint "GenCollectForAllocation", Time since last: 243425481 ns, Reaching safepoint: 7140 ns, At safepoint: 835079 ns, Total: 842219 ns
[144.119s][info][gc       ] GC(516) Pause Young (Allocation Failure) 2670M->1819M(3086M) 0.472ms
[144.120s][info][safepoint] Safepoint "GenCollectForAllocation", Time since last: 241306430 ns, Reaching safepoint: 7232 ns, At safepoint: 971940 ns, Total: 979172 ns
[144.367s][info][gc       ] GC(517) Pause Young (Allocation Failure) 2670M->1819M(3086M) 0.479ms
[144.368s][info][safepoint] Safepoint "GenCollectForAllocation", Time since last: 247006109 ns, Reaching safepoint: 7575 ns, At safepoint: 1013801 ns, Total: 1021376 ns
[144.612s][info][gc       ] GC(518) Pause Young (Allocation Failure) 2670M->1819M(3086M) 0.483ms
[144.613s][info][safepoint] Safepoint "GenCollectForAllocation", Time since last: 244311552 ns, Reaching safepoint: 9084 ns, At safepoint: 896287 ns, Total: 905371 ns
[144.863s][info][gc       ] GC(519) Pause Young (Allocation Failure) 2670M->1819M(3086M) 0.461ms
[144.864s][info][safepoint] Safepoint "GenCollectForAllocation", Time since last: 250237331 ns, Reaching safepoint: 7763 ns, At safepoint: 898244 ns, Total: 906007 ns
[145.113s][info][gc       ] GC(520) Pause Young (Allocation Failure) 2670M->1819M(3086M) 0.526ms
[145.113s][info][safepoint] Safepoint "GenCollectForAllocation", Time since last: 248125955 ns, Reaching safepoint: 82891 ns, At safepoint: 984250 ns, Total: 1067141 ns
[145.456s][info][gc       ] GC(521) Pause Young (Allocation Failure) 2670M->2205M(3086M) 166.241ms
[145.456s][info][safepoint] Safepoint "GenCollectForAllocation", Time since last: 176585249 ns, Reaching safepoint: 8453 ns, At safepoint: 166802978 ns, Total: 166811431 ns
[146.145s][info][gc       ] GC(522) Pause Young (Allocation Failure) 3056M->3007M(3858M) 594.842ms
[147.141s][info][gc       ] GC(523) Pause Full (Allocation Failure) 3007M->1191M(3086M) 996.015ms
[147.142s][info][safepoint] Safepoint "GenCollectForAllocation", Time since last: 93547859 ns, Reaching safepoint: 7850 ns, At safepoint: 1591907417 ns, Total: 1591915267 ns
[147.686s][info][gc       ] GC(524) Pause Young (Allocation Failure) 2042M->1803M(3086M) 369.235ms
[147.687s][info][safepoint] Safepoint "GenCollectForAllocation", Time since last: 175037424 ns, Reaching safepoint: 19390 ns, At safepoint: 369825205 ns, Total: 369844595 ns
[148.040s][info][gc       ] GC(525) Pause Young (Allocation Failure) 2654M->1803M(3086M) 107.032ms
[148.040s][info][safepoint] Safepoint "GenCollectForAllocation", Time since last: 245665823 ns, Reaching safepoint: 7213 ns, At safepoint: 107509222 ns, Total: 107516435 ns
[148.286s][info][gc       ] GC(526) Pause Young (Allocation Failure) 2654M->1803M(3086M) 0.518ms
[148.287s][info][safepoint] Safepoint "GenCollectForAllocation", Time since last: 245798107 ns, Reaching safepoint: 20542 ns, At safepoint: 1026098 ns, Total: 1046640 ns
[148.538s][info][gc       ] GC(527) Pause Young (Allocation Failure) 2654M->1803M(3086M) 0.480ms
[148.539s][info][safepoint] Safepoint "GenCollectForAllocation", Time since last: 250732451 ns, Reaching safepoint: 7179 ns, At safepoint: 963789 ns, Total: 970968 ns
[148.797s][info][gc       ] GC(528) Pause Young (Allocation Failure) 2654M->1803M(3086M) 0.456ms
[148.797s][info][safepoint] Safepoint "GenCollectForAllocation", Time since last: 257531038 ns, Reaching safepoint: 9408 ns, At safepoint: 800282 ns, Total: 809690 ns
[149.046s][info][gc       ] GC(529) Pause Young (Allocation Failure) 2654M->1803M(3086M) 0.473ms
[149.046s][info][safepoint] Safepoint "GenCollectForAllocation", Time since last: 248570742 ns, Reaching safepoint: 7644 ns, At safepoint: 902869 ns, Total: 910513 ns
[149.302s][info][gc       ] GC(530) Pause Young (Allocation Failure) 2654M->1803M(3086M) 0.482ms
[149.302s][info][safepoint] Safepoint "GenCollectForAllocation", Time since last: 254875548 ns, Reaching safepoint: 7202 ns, At safepoint: 834621 ns, Total: 841823 ns
[149.553s][info][gc       ] GC(531) Pause Young (Allocation Failure) 2654M->1803M(3086M) 0.436ms
[149.554s][info][safepoint] Safepoint "GenCollectForAllocation", Time since last: 250887501 ns, Reaching safepoint: 5327 ns, At safepoint: 878149 ns, Total: 883476 ns
[149.810s][info][gc       ] GC(532) Pause Young (Allocation Failure) 2654M->1803M(3086M) 0.616ms
[149.810s][info][safepoint] Safepoint "GenCollectForAllocation", Time since last: 255480765 ns, Reaching safepoint: 7672 ns, At safepoint: 946347 ns, Total: 954019 ns
[150.069s][info][gc       ] GC(533) Pause Young (Allocation Failure) 2654M->1803M(3086M) 0.500ms
[150.069s][info][safepoint] Safepoint "GenCollectForAllocation", Time since last: 257748982 ns, Reaching safepoint: 7542 ns, At safepoint: 901885 ns, Total: 909427 ns
[150.321s][info][gc       ] GC(534) Pause Young (Allocation Failure) 2654M->1803M(3086M) 0.473ms
[150.322s][info][safepoint] Safepoint "GenCollectForAllocation", Time since last: 251727615 ns, Reaching safepoint: 11189 ns, At safepoint: 881563 ns, Total: 892752 ns
[150.572s][info][gc       ] GC(535) Pause Young (Allocation Failure) 2654M->1803M(3086M) 0.451ms
[150.573s][info][safepoint] Safepoint "GenCollectForAllocation", Time since last: 250129919 ns, Reaching safepoint: 5845 ns, At safepoint: 898274 ns, Total: 904119 ns
[150.819s][info][gc       ] GC(536) Pause Young (Allocation Failure) 2654M->1803M(3086M) 0.487ms
[150.820s][info][safepoint] Safepoint "GenCollectForAllocation", Time since last: 245992547 ns, Reaching safepoint: 7235 ns, At safepoint: 931516 ns, Total: 938751 ns
[151.070s][info][gc       ] GC(537) Pause Young (Allocation Failure) 2654M->1803M(3086M) 0.466ms
[151.070s][info][safepoint] Safepoint "GenCollectForAllocation", Time since last: 249922789 ns, Reaching safepoint: 7968 ns, At safepoint: 873881 ns, Total: 881849 ns
[151.321s][info][gc       ] GC(538) Pause Young (Allocation Failure) 2654M->1803M(3086M) 0.472ms
[151.321s][info][safepoint] Safepoint "GenCollectForAllocation", Time since last: 249807898 ns, Reaching safepoint: 7786 ns, At safepoint: 962873 ns, Total: 970659 ns
[151.579s][info][gc       ] GC(539) Pause Young (Allocation Failure) 2654M->1803M(3086M) 0.513ms
[151.579s][info][safepoint] Safepoint "GenCollectForAllocation", Time since last: 257393614 ns, Reaching safepoint: 7181 ns, At safepoint: 908924 ns, Total: 916105 ns
[151.837s][info][gc       ] GC(540) Pause Young (Allocation Failure) 2654M->1803M(3086M) 0.470ms
[151.837s][info][safepoint] Safepoint "GenCollectForAllocation", Time since last: 256835107 ns, Reaching safepoint: 8201 ns, At safepoint: 1021528 ns, Total: 1029729 ns
[152.085s][info][gc       ] GC(541) Pause Young (Allocation Failure) 2654M->1803M(3086M) 0.483ms
[152.086s][info][safepoint] Safepoint "GenCollectForAllocation", Time since last: 247562631 ns, Reaching safepoint: 7242 ns, At safepoint: 951572 ns, Total: 958814 ns
[152.333s][info][gc       ] GC(542) Pause Young (Allocation Failure) 2654M->1803M(3086M) 0.449ms
[152.333s][info][safepoint] Safepoint "GenCollectForAllocation", Time since last: 246559345 ns, Reaching safepoint: 7445 ns, At safepoint: 1009480 ns, Total: 1016925 ns
[152.584s][info][gc       ] GC(543) Pause Young (Allocation Failure) 2654M->1803M(3086M) 0.456ms
[152.585s][info][safepoint] Safepoint "GenCollectForAllocation", Time since last: 250288801 ns, Reaching safepoint: 6864 ns, At safepoint: 862267 ns, Total: 869131 ns
[152.838s][info][gc       ] GC(544) Pause Young (Allocation Failure) 2654M->1803M(3086M) 0.478ms
[152.839s][info][safepoint] Safepoint "GenCollectForAllocation", Time since last: 253253888 ns, Reaching safepoint: 7553 ns, At safepoint: 1065431 ns, Total: 1072984 ns
[153.093s][info][gc       ] GC(545) Pause Young (Allocation Failure) 2654M->1803M(3086M) 0.463ms
[153.094s][info][safepoint] Safepoint "GenCollectForAllocation", Time since last: 254091758 ns, Reaching safepoint: 7479 ns, At safepoint: 1067363 ns, Total: 1074842 ns
[153.342s][info][gc       ] GC(546) Pause Young (Allocation Failure) 2654M->1803M(3086M) 0.478ms
[153.342s][info][safepoint] Safepoint "GenCollectForAllocation", Time since last: 247208503 ns, Reaching safepoint: 24186 ns, At safepoint: 998125 ns, Total: 1022311 ns
[153.595s][info][gc       ] GC(547) Pause Young (Allocation Failure) 2654M->1803M(3086M) 0.457ms
[153.595s][info][safepoint] Safepoint "GenCollectForAllocation", Time since last: 251931627 ns, Reaching safepoint: 6011 ns, At safepoint: 1011470 ns, Total: 1017481 ns
[153.837s][info][gc       ] GC(548) Pause Young (Allocation Failure) 2654M->1803M(3086M) 0.442ms
[153.838s][info][safepoint] Safepoint "GenCollectForAllocation", Time since last: 241717809 ns, Reaching safepoint: 6773 ns, At safepoint: 1008974 ns, Total: 1015747 ns
[154.085s][info][gc       ] GC(549) Pause Young (Allocation Failure) 2654M->1803M(3086M) 0.461ms
[154.085s][info][safepoint] Safepoint "GenCollectForAllocation", Time since last: 246301486 ns, Reaching safepoint: 7322 ns, At safepoint: 883430 ns, Total: 890752 ns
[154.336s][info][gc       ] GC(550) Pause Young (Allocation Failure) 2654M->1803M(3086M) 0.479ms
[154.336s][info][safepoint] Safepoint "GenCollectForAllocation", Time since last: 250099999 ns, Reaching safepoint: 6790 ns, At safepoint: 854942 ns, Total: 861732 ns
[154.585s][info][gc       ] GC(551) Pause Young (Allocation Failure) 2654M->1803M(3086M) 0.454ms
[154.585s][info][safepoint] Safepoint "GenCollectForAllocation", Time since last: 248112648 ns, Reaching safepoint: 7023 ns, At safepoint: 991674 ns, Total: 998697 ns
[154.835s][info][gc       ] GC(552) Pause Young (Allocation Failure) 2654M->1803M(3086M) 1.274ms
[154.836s][info][safepoint] Safepoint "GenCollectForAllocation", Time since last: 248729996 ns, Reaching safepoint: 9015 ns, At safepoint: 1733377 ns, Total: 1742392 ns
[155.084s][info][gc       ] GC(553) Pause Young (Allocation Failure) 2654M->1803M(3086M) 0.482ms
[155.085s][info][safepoint] Safepoint "GenCollectForAllocation", Time since last: 248176107 ns, Reaching safepoint: 13285 ns, At safepoint: 942748 ns, Total: 956033 ns
[155.340s][info][gc       ] GC(554) Pause Young (Allocation Failure) 2654M->1803M(3086M) 0.479ms
[155.341s][info][safepoint] Safepoint "GenCollectForAllocation", Time since last: 254927934 ns, Reaching safepoint: 7412 ns, At safepoint: 983583 ns, Total: 990995 ns
[155.588s][info][gc       ] GC(555) Pause Young (Allocation Failure) 2654M->1803M(3086M) 0.480ms
[155.589s][info][safepoint] Safepoint "GenCollectForAllocation", Time since last: 246847491 ns, Reaching safepoint: 7133 ns, At safepoint: 970579 ns, Total: 977712 ns
[155.829s][info][gc       ] GC(556) Pause Young (Allocation Failure) 2654M->1803M(3086M) 0.452ms
[155.829s][info][safepoint] Safepoint "GenCollectForAllocation", Time since last: 239800236 ns, Reaching safepoint: 7291 ns, At safepoint: 828782 ns, Total: 836073 ns
[156.078s][info][gc       ] GC(557) Pause Young (Allocation Failure) 2654M->1803M(3086M) 0.462ms
[156.079s][info][safepoint] Safepoint "GenCollectForAllocation", Time since last: 248458951 ns, Reaching safepoint: 6683 ns, At safepoint: 884827 ns, Total: 891510 ns
[156.334s][info][gc       ] GC(558) Pause Young (Allocation Failure) 2654M->1803M(3086M) 0.561ms
[156.334s][info][safepoint] Safepoint "GenCollectForAllocation", Time since last: 254628366 ns, Reaching safepoint: 7639 ns, At safepoint: 1089809 ns, Total: 1097448 ns
[156.583s][info][gc       ] GC(559) Pause Young (Allocation Failure) 2654M->1803M(3086M) 0.476ms
[156.584s][info][safepoint] Safepoint "GenCollectForAllocation", Time since last: 248455506 ns, Reaching safepoint: 8548 ns, At safepoint: 1053814 ns, Total: 1062362 ns
[156.840s][info][gc       ] GC(560) Pause Young (Allocation Failure) 2654M->1803M(3086M) 0.473ms
[156.841s][info][safepoint] Safepoint "GenCollectForAllocation", Time since last: 256100196 ns, Reaching safepoint: 6554 ns, At safepoint: 919425 ns, Total: 925979 ns
[157.344s][info][gc       ] GC(561) Pause Young (Allocation Failure) 2654M->2557M(3409M) 394.894ms
[158.026s][info][gc       ] GC(562) Pause Full (Allocation Failure) 2557M->757M(3086M) 681.474ms
[158.026s][info][safepoint] Safepoint "GenCollectForAllocation", Time since last: 108336996 ns, Reaching safepoint: 8424 ns, At safepoint: 1077305862 ns, Total: 1077314286 ns
[158.498s][info][gc       ] GC(563) Pause Young (Allocation Failure) 1609M->1574M(3086M) 375.376ms
[158.499s][info][safepoint] Safepoint "GenCollectForAllocation", Time since last: 96337825 ns, Reaching safepoint: 6608 ns, At safepoint: 375825925 ns, Total: 375832533 ns
[158.979s][info][gc       ] GC(564) Pause Young (Allocation Failure) 2425M->1817M(3086M) 249.738ms
[158.979s][info][safepoint] Safepoint "GenCollectForAllocation", Time since last: 230205778 ns, Reaching safepoint: 6768 ns, At safepoint: 250234912 ns, Total: 250241680 ns
[159.352s][info][gc       ] GC(565) Pause Young (Allocation Failure) 2668M->1817M(3086M) 129.408ms
[159.353s][info][safepoint] Safepoint "GenCollectForAllocation", Time since last: 243725172 ns, Reaching safepoint: 9826 ns, At safepoint: 129956912 ns, Total: 129966738 ns
[159.593s][info][gc       ] GC(566) Pause Young (Allocation Failure) 2668M->1817M(3086M) 0.470ms
[159.594s][info][safepoint] Safepoint "GenCollectForAllocation", Time since last: 239907398 ns, Reaching safepoint: 6111 ns, At safepoint: 943060 ns, Total: 949171 ns
[159.841s][info][gc       ] GC(567) Pause Young (Allocation Failure) 2668M->1817M(3086M) 0.480ms
[159.841s][info][safepoint] Safepoint "GenCollectForAllocation", Time since last: 246551641 ns, Reaching safepoint: 6768 ns, At safepoint: 929053 ns, Total: 935821 ns
[160.088s][info][gc       ] GC(568) Pause Young (Allocation Failure) 2668M->1817M(3086M) 0.479ms
[160.089s][info][safepoint] Safepoint "GenCollectForAllocation", Time since last: 246805048 ns, Reaching safepoint: 9197 ns, At safepoint: 985886 ns, Total: 995083 ns
[160.336s][info][gc       ] GC(569) Pause Young (Allocation Failure) 2668M->1817M(3086M) 0.468ms
[160.337s][info][safepoint] Safepoint "GenCollectForAllocation", Time since last: 246658355 ns, Reaching safepoint: 18709 ns, At safepoint: 884934 ns, Total: 903643 ns
[160.587s][info][gc       ] GC(570) Pause Young (Allocation Failure) 2668M->1817M(3086M) 0.482ms
[160.587s][info][safepoint] Safepoint "GenCollectForAllocation", Time since last: 250021924 ns, Reaching safepoint: 6648 ns, At safepoint: 943732 ns, Total: 950380 ns
[160.840s][info][gc       ] GC(571) Pause Young (Allocation Failure) 2668M->1817M(3086M) 0.492ms
[160.840s][info][safepoint] Safepoint "GenCollectForAllocation", Time since last: 251571414 ns, Reaching safepoint: 8716 ns, At safepoint: 870187 ns, Total: 878903 ns
[161.094s][info][gc       ] GC(572) Pause Young (Allocation Failure) 2668M->1817M(3086M) 0.485ms
[161.094s][info][safepoint] Safepoint "GenCollectForAllocation", Time since last: 253544927 ns, Reaching safepoint: 6327 ns, At safepoint: 983263 ns, Total: 989590 ns
[161.350s][info][gc       ] GC(573) Pause Young (Allocation Failure) 2668M->1817M(3086M) 0.513ms
[161.351s][info][safepoint] Safepoint "GenCollectForAllocation", Time since last: 255474139 ns, Reaching safepoint: 9337 ns, At safepoint: 839238 ns, Total: 848575 ns
[161.604s][info][gc       ] GC(574) Pause Young (Allocation Failure) 2668M->1817M(3086M) 0.486ms
[161.605s][info][safepoint] Safepoint "GenCollectForAllocation", Time since last: 252877320 ns, Reaching safepoint: 6986 ns, At safepoint: 995181 ns, Total: 1002167 ns
[161.851s][info][gc       ] GC(575) Pause Young (Allocation Failure) 2668M->1817M(3086M) 0.461ms
[161.852s][info][safepoint] Safepoint "GenCollectForAllocation", Time since last: 246151336 ns, Reaching safepoint: 6918 ns, At safepoint: 1059468 ns, Total: 1066386 ns
[162.097s][info][gc       ] GC(576) Pause Young (Allocation Failure) 2668M->1817M(3086M) 0.470ms
[162.097s][info][safepoint] Safepoint "GenCollectForAllocation", Time since last: 244387737 ns, Reaching safepoint: 8447 ns, At safepoint: 865191 ns, Total: 873638 ns
[162.344s][info][gc       ] GC(577) Pause Young (Allocation Failure) 2668M->1817M(3086M) 0.486ms
[162.344s][info][safepoint] Safepoint "GenCollectForAllocation", Time since last: 246133652 ns, Reaching safepoint: 7037 ns, At safepoint: 989213 ns, Total: 996250 ns
[162.591s][info][gc       ] GC(578) Pause Young (Allocation Failure) 2668M->1817M(3086M) 0.472ms
[162.591s][info][safepoint] Safepoint "GenCollectForAllocation", Time since last: 245949612 ns, Reaching safepoint: 7536 ns, At safepoint: 967025 ns, Total: 974561 ns
[162.838s][info][gc       ] GC(579) Pause Young (Allocation Failure) 2668M->1817M(3086M) 0.480ms
[162.838s][info][safepoint] Safepoint "GenCollectForAllocation", Time since last: 246189961 ns, Reaching safepoint: 6054 ns, At safepoint: 940381 ns, Total: 946435 ns
[163.081s][info][gc       ] GC(580) Pause Young (Allocation Failure) 2668M->1817M(3086M) 0.462ms
[163.081s][info][safepoint] Safepoint "GenCollectForAllocation", Time since last: 242162436 ns, Reaching safepoint: 7695 ns, At safepoint: 916887 ns, Total: 924582 ns
[163.329s][info][gc       ] GC(581) Pause Young (Allocation Failure) 2668M->1817M(3086M) 0.463ms
[163.329s][info][safepoint] Safepoint "GenCollectForAllocation", Time since last: 246754048 ns, Reaching safepoint: 7300 ns, At safepoint: 1115043 ns, Total: 1122343 ns
[163.577s][info][gc       ] GC(582) Pause Young (Allocation Failure) 2668M->1817M(3086M) 0.458ms
[163.578s][info][safepoint] Safepoint "GenCollectForAllocation", Time since last: 247261159 ns, Reaching safepoint: 11057 ns, At safepoint: 924954 ns, Total: 936011 ns
[163.833s][info][gc       ] GC(583) Pause Young (Allocation Failure) 2668M->1817M(3086M) 0.481ms
[163.833s][info][safepoint] Safepoint "GenCollectForAllocation", Time since last: 254675461 ns, Reaching safepoint: 123496 ns, At safepoint: 955216 ns, Total: 1078712 ns
[164.081s][info][gc       ] GC(584) Pause Young (Allocation Failure) 2668M->1817M(3086M) 0.539ms
[164.082s][info][safepoint] Safepoint "GenCollectForAllocation", Time since last: 247625559 ns, Reaching safepoint: 6777 ns, At safepoint: 1023655 ns, Total: 1030432 ns
[164.331s][info][gc       ] GC(585) Pause Young (Allocation Failure) 2668M->1817M(3086M) 0.468ms
[164.331s][info][safepoint] Safepoint "GenCollectForAllocation", Time since last: 248432256 ns, Reaching safepoint: 11118 ns, At safepoint: 967981 ns, Total: 979099 ns
[164.576s][info][gc       ] GC(586) Pause Young (Allocation Failure) 2668M->1817M(3086M) 0.471ms
[164.576s][info][safepoint] Safepoint "GenCollectForAllocation", Time since last: 243862376 ns, Reaching safepoint: 5965 ns, At safepoint: 957272 ns, Total: 963237 ns
[164.820s][info][gc       ] GC(587) Pause Young (Allocation Failure) 2668M->1817M(3086M) 0.491ms
[164.820s][info][safepoint] Safepoint "GenCollectForAllocation", Time since last: 243411539 ns, Reaching safepoint: 8438 ns, At safepoint: 888938 ns, Total: 897376 ns
[165.062s][info][gc       ] GC(588) Pause Young (Allocation Failure) 2668M->1817M(3086M) 0.464ms
[165.063s][info][safepoint] Safepoint "GenCollectForAllocation", Time since last: 241218600 ns, Reaching safepoint: 10098 ns, At safepoint: 994048 ns, Total: 1004146 ns
[165.312s][info][gc       ] GC(589) Pause Young (Allocation Failure) 2668M->1817M(3086M) 0.475ms
[165.312s][info][safepoint] Safepoint "GenCollectForAllocation", Time since last: 248515750 ns, Reaching safepoint: 7419 ns, At safepoint: 1013459 ns, Total: 1020878 ns
[165.564s][info][gc       ] GC(590) Pause Young (Allocation Failure) 2668M->1817M(3086M) 0.483ms
[165.565s][info][safepoint] Safepoint "GenCollectForAllocation", Time since last: 251538409 ns, Reaching safepoint: 7105 ns, At safepoint: 945296 ns, Total: 952401 ns
[165.819s][info][gc       ] GC(591) Pause Young (Allocation Failure) 2668M->1817M(3086M) 0.468ms
[165.820s][info][safepoint] Safepoint "GenCollectForAllocation", Time since last: 253905313 ns, Reaching safepoint: 6777 ns, At safepoint: 923532 ns, Total: 930309 ns
[166.073s][info][gc       ] GC(592) Pause Young (Allocation Failure) 2668M->1817M(3086M) 0.485ms
[166.073s][info][safepoint] Safepoint "GenCollectForAllocation", Time since last: 252899132 ns, Reaching safepoint: 7127 ns, At safepoint: 902743 ns, Total: 909870 ns
[166.326s][info][gc       ] GC(593) Pause Young (Allocation Failure) 2668M->1817M(3086M) 0.466ms
[166.327s][info][safepoint] Safepoint "GenCollectForAllocation", Time since last: 252622154 ns, Reaching safepoint: 7987 ns, At safepoint: 1003127 ns, Total: 1011114 ns
[166.581s][info][gc       ] GC(594) Pause Young (Allocation Failure) 2668M->1817M(3086M) 0.486ms
[166.582s][info][safepoint] Safepoint "GenCollectForAllocation", Time since last: 253590041 ns, Reaching safepoint: 7100 ns, At safepoint: 1021512 ns, Total: 1028612 ns
[166.836s][info][gc       ] GC(595) Pause Young (Allocation Failure) 2668M->1817M(3086M) 0.469ms
[166.837s][info][safepoint] Safepoint "GenCollectForAllocation", Time since last: 254407412 ns, Reaching safepoint: 7677 ns, At safepoint: 863896 ns, Total: 871573 ns
[167.083s][info][gc       ] GC(596) Pause Young (Allocation Failure) 2668M->1817M(3086M) 0.528ms
[167.084s][info][safepoint] Safepoint "GenCollectForAllocation", Time since last: 245796765 ns, Reaching safepoint: 10715 ns, At safepoint: 908951 ns, Total: 919666 ns
[167.325s][info][gc       ] GC(597) Pause Young (Allocation Failure) 2668M->1817M(3086M) 0.501ms
[167.326s][info][safepoint] Safepoint "GenCollectForAllocation", Time since last: 240922227 ns, Reaching safepoint: 16665 ns, At safepoint: 1152342 ns, Total: 1169007 ns
[167.567s][info][gc       ] GC(598) Pause Young (Allocation Failure) 2668M->1817M(3086M) 0.505ms
[167.567s][info][safepoint] Safepoint "GenCollectForAllocation", Time since last: 240576890 ns, Reaching safepoint: 11002 ns, At safepoint: 896744 ns, Total: 907746 ns
[167.813s][info][gc       ] GC(599) Pause Young (Allocation Failure) 2668M->1817M(3086M) 0.450ms
[167.813s][info][safepoint] Safepoint "GenCollectForAllocation", Time since last: 245259587 ns, Reaching safepoint: 7592 ns, At safepoint: 954474 ns, Total: 962066 ns
