[0.009s][info][gc] Using G1
[17.903s][info][gc] GC(0) Pause Young (Normal) (G1 Evacuation Pause) 24M->3M(508M) 3.858ms
[17.910s][info][gc] GC(1) Pause Young (Normal) (G1 Evacuation Pause) 31M->4M(508M) 1.873ms
[17.984s][info][gc] GC(2) Pause Young (Normal) (G1 Evacuation Pause) 304M->4M(508M) 1.043ms
[18.010s][info][gc] GC(3) Pause Young (Normal) (G1 Evacuation Pause) 303M->3M(508M) 1.204ms
[18.036s][info][gc] GC(4) Pause Young (Normal) (G1 Evacuation Pause) 303M->3M(508M) 0.965ms
[18.062s][info][gc] GC(5) Pause Young (Normal) (G1 Evacuation Pause) 303M->3M(1016M) 1.801ms
[18.195s][info][gc] GC(6) Pause Young (Normal) (G1 Evacuation Pause) 607M->3M(1016M) 1.119ms
[18.245s][info][gc] GC(7) Pause Young (Normal) (G1 Evacuation Pause) 607M->4M(1016M) 0.999ms
[18.295s][info][gc] GC(8) Pause Young (Normal) (G1 Evacuation Pause) 607M->4M(1016M) 0.973ms
[18.344s][info][gc] GC(9) Pause Young (Normal) (G1 Evacuation Pause) 608M->4M(1016M) 0.837ms
[18.392s][info][gc] GC(10) Pause Young (Normal) (G1 Evacuation Pause) 607M->4M(1016M) 1.100ms
[18.440s][info][gc] GC(11) Pause Young (Normal) (G1 Evacuation Pause) 608M->4M(1016M) 1.065ms
[18.491s][info][gc] GC(12) Pause Young (Normal) (G1 Evacuation Pause) 607M->4M(1016M) 1.475ms
[18.541s][info][gc] GC(13) Pause Young (Normal) (G1 Evacuation Pause) 608M->4M(1228M) 2.075ms
[18.646s][info][gc] GC(14) Pause Young (Normal) (G1 Evacuation Pause) 735M->4M(1228M) 1.391ms
[18.704s][info][gc] GC(15) Pause Young (Normal) (G1 Evacuation Pause) 735M->4M(1228M) 1.194ms
[18.764s][info][gc] GC(16) Pause Young (Normal) (G1 Evacuation Pause) 735M->4M(1228M) 1.545ms
[18.822s][info][gc] GC(17) Pause Young (Normal) (G1 Evacuation Pause) 736M->4M(1228M) 1.371ms
[18.880s][info][gc] GC(18) Pause Young (Normal) (G1 Evacuation Pause) 736M->4M(1228M) 1.257ms
[18.939s][info][gc] GC(19) Pause Young (Normal) (G1 Evacuation Pause) 736M->4M(1228M) 1.736ms
[18.999s][info][gc] GC(20) Pause Young (Normal) (G1 Evacuation Pause) 736M->4M(1228M) 1.581ms
[19.059s][info][gc] GC(21) Pause Young (Normal) (G1 Evacuation Pause) 736M->4M(1476M) 2.291ms
[19.187s][info][gc] GC(22) Pause Young (Normal) (G1 Evacuation Pause) 884M->4M(1476M) 1.209ms
[19.259s][info][gc] GC(23) Pause Young (Normal) (G1 Evacuation Pause) 884M->4M(1476M) 1.575ms
[19.332s][info][gc] GC(24) Pause Young (Normal) (G1 Evacuation Pause) 884M->4M(1476M) 1.529ms
[19.403s][info][gc] GC(25) Pause Young (Normal) (G1 Evacuation Pause) 884M->4M(1476M) 1.634ms
[19.474s][info][gc] GC(26) Pause Young (Normal) (G1 Evacuation Pause) 884M->4M(1476M) 1.303ms
[19.546s][info][gc] GC(27) Pause Young (Normal) (G1 Evacuation Pause) 884M->4M(1476M) 1.389ms
[19.620s][info][gc] GC(28) Pause Young (Normal) (G1 Evacuation Pause) 884M->4M(1476M) 1.643ms
[19.699s][info][gc] GC(29) Pause Young (Normal) (G1 Evacuation Pause) 884M->4M(1476M) 2.076ms
[19.770s][info][gc] GC(30) Pause Young (Normal) (G1 Evacuation Pause) 884M->4M(1476M) 1.591ms
[19.840s][info][gc] GC(31) Pause Young (Normal) (G1 Evacuation Pause) 884M->4M(1476M) 1.175ms
[19.912s][info][gc] GC(32) Pause Young (Normal) (G1 Evacuation Pause) 884M->4M(1476M) 1.402ms
[19.981s][info][gc] GC(33) Pause Young (Normal) (G1 Evacuation Pause) 884M->4M(1476M) 1.531ms
[20.052s][info][gc] GC(34) Pause Young (Normal) (G1 Evacuation Pause) 884M->4M(1476M) 1.455ms
[20.125s][info][gc] GC(35) Pause Young (Normal) (G1 Evacuation Pause) 884M->4M(1476M) 1.665ms
[20.199s][info][gc] GC(36) Pause Young (Normal) (G1 Evacuation Pause) 884M->4M(1476M) 1.417ms
[20.268s][info][gc] GC(37) Pause Young (Normal) (G1 Evacuation Pause) 884M->4M(1476M) 1.666ms
[20.339s][info][gc] GC(38) Pause Young (Normal) (G1 Evacuation Pause) 884M->5M(1476M) 1.319ms
[20.410s][info][gc] GC(39) Pause Young (Normal) (G1 Evacuation Pause) 884M->5M(1476M) 1.371ms
[20.483s][info][gc] GC(40) Pause Young (Normal) (G1 Evacuation Pause) 884M->4M(1476M) 1.738ms
[20.555s][info][gc] GC(41) Pause Young (Normal) (G1 Evacuation Pause) 884M->4M(1476M) 1.511ms
[20.626s][info][gc] GC(42) Pause Young (Normal) (G1 Evacuation Pause) 884M->4M(1476M) 1.800ms
[20.698s][info][gc] GC(43) Pause Young (Normal) (G1 Evacuation Pause) 884M->4M(1476M) 1.573ms
[20.771s][info][gc] GC(44) Pause Young (Normal) (G1 Evacuation Pause) 884M->4M(1476M) 1.529ms
[20.846s][info][gc] GC(45) Pause Young (Normal) (G1 Evacuation Pause) 884M->4M(1476M) 1.417ms
[20.923s][info][gc] GC(46) Pause Young (Normal) (G1 Evacuation Pause) 884M->4M(1476M) 1.836ms
[20.996s][info][gc] GC(47) Pause Young (Normal) (G1 Evacuation Pause) 884M->4M(1476M) 1.370ms
[21.068s][info][gc] GC(48) Pause Young (Normal) (G1 Evacuation Pause) 884M->5M(1476M) 1.519ms
[21.141s][info][gc] GC(49) Pause Young (Normal) (G1 Evacuation Pause) 885M->5M(1476M) 1.338ms
[21.215s][info][gc] GC(50) Pause Young (Normal) (G1 Evacuation Pause) 885M->4M(1476M) 1.264ms
[21.289s][info][gc] GC(51) Pause Young (Normal) (G1 Evacuation Pause) 884M->5M(1476M) 1.556ms
[21.363s][info][gc] GC(52) Pause Young (Normal) (G1 Evacuation Pause) 885M->5M(1476M) 1.621ms
[21.439s][info][gc] GC(53) Pause Young (Normal) (G1 Evacuation Pause) 885M->5M(1476M) 1.389ms
[21.519s][info][gc] GC(54) Pause Young (Normal) (G1 Evacuation Pause) 884M->5M(1476M) 1.337ms
[21.591s][info][gc] GC(55) Pause Young (Normal) (G1 Evacuation Pause) 884M->5M(1476M) 1.430ms
[21.664s][info][gc] GC(56) Pause Young (Normal) (G1 Evacuation Pause) 884M->5M(1476M) 1.389ms
[21.737s][info][gc] GC(57) Pause Young (Normal) (G1 Evacuation Pause) 884M->5M(1476M) 0.976ms
[21.811s][info][gc] GC(58) Pause Young (Normal) (G1 Evacuation Pause) 884M->5M(1476M) 1.082ms
[21.888s][info][gc] GC(59) Pause Young (Normal) (G1 Evacuation Pause) 884M->5M(1476M) 1.592ms
[21.965s][info][gc] GC(60) Pause Young (Normal) (G1 Evacuation Pause) 885M->5M(1476M) 1.284ms
[22.045s][info][gc] GC(61) Pause Young (Normal) (G1 Evacuation Pause) 885M->5M(1476M) 1.430ms
[22.124s][info][gc] GC(62) Pause Young (Normal) (G1 Evacuation Pause) 885M->5M(1476M) 1.620ms
[22.204s][info][gc] GC(63) Pause Young (Normal) (G1 Evacuation Pause) 885M->6M(1476M) 1.783ms
[22.283s][info][gc] GC(64) Pause Young (Normal) (G1 Evacuation Pause) 885M->5M(1476M) 1.213ms
[22.356s][info][gc] GC(65) Pause Young (Normal) (G1 Evacuation Pause) 885M->5M(1476M) 1.180ms
[22.429s][info][gc] GC(66) Pause Young (Normal) (G1 Evacuation Pause) 884M->6M(1476M) 1.505ms
[22.503s][info][gc] GC(67) Pause Young (Normal) (G1 Evacuation Pause) 885M->5M(1476M) 1.593ms
[22.575s][info][gc] GC(68) Pause Young (Normal) (G1 Evacuation Pause) 885M->5M(1476M) 1.413ms
[22.649s][info][gc] GC(69) Pause Young (Normal) (G1 Evacuation Pause) 885M->5M(1476M) 1.528ms
[22.723s][info][gc] GC(70) Pause Young (Normal) (G1 Evacuation Pause) 885M->5M(1476M) 1.323ms
[22.808s][info][gc] GC(71) Pause Young (Normal) (G1 Evacuation Pause) 885M->5M(1476M) 0.611ms
[22.897s][info][gc] GC(72) Pause Young (Normal) (G1 Evacuation Pause) 885M->5M(1476M) 1.148ms
[22.981s][info][gc] GC(73) Pause Young (Normal) (G1 Evacuation Pause) 885M->5M(1476M) 1.095ms
[23.057s][info][gc] GC(74) Pause Young (Normal) (G1 Evacuation Pause) 885M->5M(1476M) 1.111ms
[23.138s][info][gc] GC(75) Pause Young (Normal) (G1 Evacuation Pause) 884M->5M(1476M) 0.916ms
[23.216s][info][gc] GC(76) Pause Young (Normal) (G1 Evacuation Pause) 885M->5M(1476M) 1.179ms
[23.301s][info][gc] GC(77) Pause Young (Normal) (G1 Evacuation Pause) 885M->6M(1476M) 1.206ms
[23.376s][info][gc] GC(78) Pause Young (Normal) (G1 Evacuation Pause) 885M->6M(1476M) 1.316ms
[23.446s][info][gc] GC(79) Pause Young (Normal) (G1 Evacuation Pause) 885M->6M(1476M) 1.117ms
[23.516s][info][gc] GC(80) Pause Young (Normal) (G1 Evacuation Pause) 885M->6M(1476M) 1.117ms
[23.587s][info][gc] GC(81) Pause Young (Normal) (G1 Evacuation Pause) 885M->6M(1476M) 1.244ms
[23.659s][info][gc] GC(82) Pause Young (Normal) (G1 Evacuation Pause) 885M->6M(1476M) 1.215ms
[23.732s][info][gc] GC(83) Pause Young (Normal) (G1 Evacuation Pause) 885M->6M(1476M) 0.952ms
[23.810s][info][gc] GC(84) Pause Young (Normal) (G1 Evacuation Pause) 885M->6M(1476M) 1.165ms
[23.889s][info][gc] GC(85) Pause Young (Normal) (G1 Evacuation Pause) 885M->6M(1476M) 1.245ms
[23.966s][info][gc] GC(86) Pause Young (Normal) (G1 Evacuation Pause) 885M->6M(1476M) 1.170ms
[24.042s][info][gc] GC(87) Pause Young (Normal) (G1 Evacuation Pause) 885M->6M(1476M) 1.215ms
[24.117s][info][gc] GC(88) Pause Young (Normal) (G1 Evacuation Pause) 886M->6M(1476M) 1.182ms
[24.191s][info][gc] GC(89) Pause Young (Normal) (G1 Evacuation Pause) 886M->6M(1476M) 1.060ms
[24.267s][info][gc] GC(90) Pause Young (Normal) (G1 Evacuation Pause) 886M->6M(1476M) 1.211ms
[24.342s][info][gc] GC(91) Pause Young (Normal) (G1 Evacuation Pause) 886M->6M(1476M) 1.188ms
[24.419s][info][gc] GC(92) Pause Young (Normal) (G1 Evacuation Pause) 886M->6M(1476M) 1.179ms
[24.496s][info][gc] GC(93) Pause Young (Normal) (G1 Evacuation Pause) 886M->6M(1476M) 1.245ms
[24.575s][info][gc] GC(94) Pause Young (Normal) (G1 Evacuation Pause) 886M->6M(1476M) 0.941ms
[24.654s][info][gc] GC(95) Pause Young (Normal) (G1 Evacuation Pause) 885M->5M(1476M) 1.161ms
[24.732s][info][gc] GC(96) Pause Young (Normal) (G1 Evacuation Pause) 885M->6M(1476M) 1.278ms
[24.804s][info][gc] GC(97) Pause Young (Normal) (G1 Evacuation Pause) 885M->6M(1476M) 1.027ms
[24.879s][info][gc] GC(98) Pause Young (Normal) (G1 Evacuation Pause) 885M->6M(1476M) 1.352ms
[24.951s][info][gc] GC(99) Pause Young (Normal) (G1 Evacuation Pause) 885M->6M(1476M) 1.304ms
[25.023s][info][gc] GC(100) Pause Young (Normal) (G1 Evacuation Pause) 885M->6M(1476M) 1.050ms
[25.094s][info][gc] GC(101) Pause Young (Normal) (G1 Evacuation Pause) 885M->6M(1476M) 0.945ms
[25.168s][info][gc] GC(102) Pause Young (Normal) (G1 Evacuation Pause) 885M->6M(1476M) 1.139ms
[25.239s][info][gc] GC(103) Pause Young (Normal) (G1 Evacuation Pause) 885M->6M(1476M) 0.850ms
[25.313s][info][gc] GC(104) Pause Young (Normal) (G1 Evacuation Pause) 885M->6M(1476M) 1.008ms
[25.387s][info][gc] GC(105) Pause Young (Normal) (G1 Evacuation Pause) 885M->6M(1476M) 1.263ms
[25.460s][info][gc] GC(106) Pause Young (Normal) (G1 Evacuation Pause) 885M->6M(1476M) 1.206ms
[25.534s][info][gc] GC(107) Pause Young (Normal) (G1 Evacuation Pause) 885M->6M(1476M) 1.281ms
[25.608s][info][gc] GC(108) Pause Young (Normal) (G1 Evacuation Pause) 885M->6M(1476M) 1.006ms
[25.683s][info][gc] GC(109) Pause Young (Normal) (G1 Evacuation Pause) 885M->6M(1476M) 1.214ms
[25.760s][info][gc] GC(110) Pause Young (Normal) (G1 Evacuation Pause) 886M->6M(1476M) 1.021ms
[25.836s][info][gc] GC(111) Pause Young (Normal) (G1 Evacuation Pause) 886M->6M(1476M) 1.175ms
[25.923s][info][gc] GC(112) Pause Young (Normal) (G1 Evacuation Pause) 886M->6M(1476M) 1.330ms
[26.000s][info][gc] GC(113) Pause Young (Normal) (G1 Evacuation Pause) 886M->6M(1476M) 1.033ms
[26.082s][info][gc] GC(114) Pause Young (Normal) (G1 Evacuation Pause) 886M->6M(1476M) 0.985ms
[26.159s][info][gc] GC(115) Pause Young (Normal) (G1 Evacuation Pause) 886M->6M(1476M) 1.180ms
[26.236s][info][gc] GC(116) Pause Young (Normal) (G1 Evacuation Pause) 886M->6M(1476M) 1.191ms
[26.314s][info][gc] GC(117) Pause Young (Normal) (G1 Evacuation Pause) 886M->6M(1476M) 1.220ms
[26.394s][info][gc] GC(118) Pause Young (Normal) (G1 Evacuation Pause) 886M->6M(1476M) 1.050ms
[26.473s][info][gc] GC(119) Pause Young (Normal) (G1 Evacuation Pause) 886M->6M(1476M) 1.011ms
[26.552s][info][gc] GC(120) Pause Young (Normal) (G1 Evacuation Pause) 886M->7M(1476M) 1.021ms
[26.638s][info][gc] GC(121) Pause Young (Normal) (G1 Evacuation Pause) 886M->6M(1476M) 1.032ms
[26.727s][info][gc] GC(122) Pause Young (Normal) (G1 Evacuation Pause) 886M->6M(1476M) 1.014ms
[26.815s][info][gc] GC(123) Pause Young (Normal) (G1 Evacuation Pause) 886M->7M(1476M) 1.145ms
[26.898s][info][gc] GC(124) Pause Young (Normal) (G1 Evacuation Pause) 886M->6M(1476M) 1.199ms
[26.976s][info][gc] GC(125) Pause Young (Normal) (G1 Evacuation Pause) 886M->6M(1476M) 1.167ms
[27.047s][info][gc] GC(126) Pause Young (Normal) (G1 Evacuation Pause) 886M->6M(1476M) 1.054ms
[27.130s][info][gc] GC(127) Pause Young (Normal) (G1 Evacuation Pause) 886M->6M(1476M) 1.093ms
[27.214s][info][gc] GC(128) Pause Young (Normal) (G1 Evacuation Pause) 886M->6M(1476M) 0.810ms
[27.288s][info][gc] GC(129) Pause Young (Normal) (G1 Evacuation Pause) 886M->6M(1476M) 0.945ms
[27.365s][info][gc] GC(130) Pause Young (Normal) (G1 Evacuation Pause) 886M->6M(1476M) 1.311ms
[27.441s][info][gc] GC(131) Pause Young (Normal) (G1 Evacuation Pause) 886M->6M(1476M) 1.104ms
[27.516s][info][gc] GC(132) Pause Young (Normal) (G1 Evacuation Pause) 886M->6M(1476M) 0.988ms
[27.600s][info][gc] GC(133) Pause Young (Normal) (G1 Evacuation Pause) 886M->6M(1476M) 1.092ms
[27.681s][info][gc] GC(134) Pause Young (Normal) (G1 Evacuation Pause) 886M->6M(1476M) 1.034ms
[27.777s][info][gc] GC(135) Pause Young (Normal) (G1 Evacuation Pause) 886M->6M(1476M) 0.477ms
[27.852s][info][gc] GC(136) Pause Young (Normal) (G1 Evacuation Pause) 886M->6M(1476M) 1.283ms
[27.928s][info][gc] GC(137) Pause Young (Normal) (G1 Evacuation Pause) 886M->6M(1476M) 1.058ms
[28.003s][info][gc] GC(138) Pause Young (Normal) (G1 Evacuation Pause) 886M->6M(1476M) 1.298ms
[28.079s][info][gc] GC(139) Pause Young (Normal) (G1 Evacuation Pause) 886M->6M(1476M) 0.845ms
[28.160s][info][gc] GC(140) Pause Young (Normal) (G1 Evacuation Pause) 886M->6M(1476M) 1.077ms
[28.237s][info][gc] GC(141) Pause Young (Normal) (G1 Evacuation Pause) 886M->6M(1476M) 1.257ms
[28.315s][info][gc] GC(142) Pause Young (Normal) (G1 Evacuation Pause) 886M->6M(1476M) 1.304ms
[28.393s][info][gc] GC(143) Pause Young (Normal) (G1 Evacuation Pause) 886M->7M(1476M) 0.924ms
[28.472s][info][gc] GC(144) Pause Young (Normal) (G1 Evacuation Pause) 886M->7M(1476M) 1.360ms
[28.550s][info][gc] GC(145) Pause Young (Normal) (G1 Evacuation Pause) 886M->7M(1476M) 1.183ms
[28.631s][info][gc] GC(146) Pause Young (Normal) (G1 Evacuation Pause) 886M->7M(1476M) 0.963ms
[28.709s][info][gc] GC(147) Pause Young (Normal) (G1 Evacuation Pause) 886M->7M(1476M) 0.988ms
[28.789s][info][gc] GC(148) Pause Young (Normal) (G1 Evacuation Pause) 886M->7M(1476M) 0.965ms
[28.874s][info][gc] GC(149) Pause Young (Normal) (G1 Evacuation Pause) 886M->7M(1476M) 1.450ms
[28.958s][info][gc] GC(150) Pause Young (Normal) (G1 Evacuation Pause) 886M->7M(1476M) 1.037ms
[29.035s][info][gc] GC(151) Pause Young (Normal) (G1 Evacuation Pause) 886M->7M(1476M) 0.966ms
[29.120s][info][gc] GC(152) Pause Young (Normal) (G1 Evacuation Pause) 886M->7M(1476M) 1.174ms
[29.200s][info][gc] GC(153) Pause Young (Normal) (G1 Evacuation Pause) 887M->7M(1476M) 1.311ms
[29.281s][info][gc] GC(154) Pause Young (Normal) (G1 Evacuation Pause) 887M->7M(1476M) 1.185ms
[29.361s][info][gc] GC(155) Pause Young (Normal) (G1 Evacuation Pause) 887M->7M(1476M) 1.340ms
[29.441s][info][gc] GC(156) Pause Young (Normal) (G1 Evacuation Pause) 887M->7M(1476M) 1.306ms
[29.520s][info][gc] GC(157) Pause Young (Normal) (G1 Evacuation Pause) 887M->7M(1476M) 1.135ms
[29.600s][info][gc] GC(158) Pause Young (Normal) (G1 Evacuation Pause) 887M->7M(1476M) 0.922ms
[29.684s][info][gc] GC(159) Pause Young (Normal) (G1 Evacuation Pause) 887M->7M(1476M) 1.077ms
[29.766s][info][gc] GC(160) Pause Young (Normal) (G1 Evacuation Pause) 887M->7M(1476M) 1.333ms
[29.850s][info][gc] GC(161) Pause Young (Normal) (G1 Evacuation Pause) 887M->7M(1476M) 1.012ms
[29.932s][info][gc] GC(162) Pause Young (Normal) (G1 Evacuation Pause) 887M->7M(1476M) 1.262ms
[30.019s][info][gc] GC(163) Pause Young (Normal) (G1 Evacuation Pause) 887M->7M(1476M) 0.940ms
[30.102s][info][gc] GC(164) Pause Young (Normal) (G1 Evacuation Pause) 887M->8M(1476M) 1.253ms
[30.185s][info][gc] GC(165) Pause Young (Normal) (G1 Evacuation Pause) 888M->7M(1476M) 1.108ms
[30.268s][info][gc] GC(166) Pause Young (Normal) (G1 Evacuation Pause) 887M->7M(1476M) 1.192ms
[30.353s][info][gc] GC(167) Pause Young (Normal) (G1 Evacuation Pause) 887M->8M(1476M) 1.412ms
[30.426s][info][gc] GC(168) Pause Young (Normal) (G1 Evacuation Pause) 887M->7M(1476M) 1.313ms
[30.496s][info][gc] GC(169) Pause Young (Normal) (G1 Evacuation Pause) 886M->7M(1476M) 1.235ms
[30.567s][info][gc] GC(170) Pause Young (Normal) (G1 Evacuation Pause) 886M->8M(1476M) 1.403ms
[30.639s][info][gc] GC(171) Pause Young (Normal) (G1 Evacuation Pause) 886M->7M(1476M) 1.129ms
[30.715s][info][gc] GC(172) Pause Young (Normal) (G1 Evacuation Pause) 886M->7M(1476M) 1.328ms
[30.804s][info][gc] GC(173) Pause Young (Normal) (G1 Evacuation Pause) 886M->8M(1476M) 1.256ms
[30.877s][info][gc] GC(174) Pause Young (Normal) (G1 Evacuation Pause) 887M->7M(1476M) 1.431ms
[30.949s][info][gc] GC(175) Pause Young (Normal) (G1 Evacuation Pause) 887M->7M(1476M) 1.168ms
[31.026s][info][gc] GC(176) Pause Young (Normal) (G1 Evacuation Pause) 887M->8M(1476M) 0.991ms
[31.100s][info][gc] GC(177) Pause Young (Normal) (G1 Evacuation Pause) 887M->7M(1476M) 1.217ms
[31.177s][info][gc] GC(178) Pause Young (Normal) (G1 Evacuation Pause) 887M->7M(1476M) 1.019ms
[31.251s][info][gc] GC(179) Pause Young (Normal) (G1 Evacuation Pause) 887M->8M(1476M) 1.243ms
[31.331s][info][gc] GC(180) Pause Young (Normal) (G1 Evacuation Pause) 887M->7M(1476M) 1.201ms
[31.408s][info][gc] GC(181) Pause Young (Normal) (G1 Evacuation Pause) 887M->7M(1476M) 1.228ms
[31.480s][info][gc] GC(182) Pause Young (Normal) (G1 Evacuation Pause) 887M->8M(1476M) 1.211ms
[31.553s][info][gc] GC(183) Pause Young (Normal) (G1 Evacuation Pause) 887M->7M(1476M) 1.139ms
[31.626s][info][gc] GC(184) Pause Young (Normal) (G1 Evacuation Pause) 887M->7M(1476M) 1.148ms
[31.700s][info][gc] GC(185) Pause Young (Normal) (G1 Evacuation Pause) 887M->8M(1476M) 1.289ms
[31.774s][info][gc] GC(186) Pause Young (Normal) (G1 Evacuation Pause) 887M->7M(1476M) 1.234ms
[31.848s][info][gc] GC(187) Pause Young (Normal) (G1 Evacuation Pause) 887M->7M(1476M) 1.044ms
[31.932s][info][gc] GC(188) Pause Young (Normal) (G1 Evacuation Pause) 887M->8M(1476M) 1.407ms
[32.010s][info][gc] GC(189) Pause Young (Normal) (G1 Evacuation Pause) 887M->7M(1476M) 1.267ms
[32.084s][info][gc] GC(190) Pause Young (Normal) (G1 Evacuation Pause) 887M->7M(1476M) 1.404ms
[32.159s][info][gc] GC(191) Pause Young (Normal) (G1 Evacuation Pause) 887M->8M(1476M) 1.107ms
[32.233s][info][gc] GC(192) Pause Young (Normal) (G1 Evacuation Pause) 887M->8M(1476M) 1.048ms
[32.310s][info][gc] GC(193) Pause Young (Normal) (G1 Evacuation Pause) 887M->8M(1476M) 1.100ms
[32.386s][info][gc] GC(194) Pause Young (Normal) (G1 Evacuation Pause) 887M->8M(1476M) 1.407ms
[32.460s][info][gc] GC(195) Pause Young (Normal) (G1 Evacuation Pause) 887M->8M(1476M) 1.026ms
[32.536s][info][gc] GC(196) Pause Young (Normal) (G1 Evacuation Pause) 887M->8M(1476M) 1.152ms
[32.611s][info][gc] GC(197) Pause Young (Normal) (G1 Evacuation Pause) 887M->8M(1476M) 1.141ms
[32.687s][info][gc] GC(198) Pause Young (Normal) (G1 Evacuation Pause) 887M->8M(1476M) 1.241ms
[32.764s][info][gc] GC(199) Pause Young (Normal) (G1 Evacuation Pause) 887M->8M(1476M) 1.229ms
[32.841s][info][gc] GC(200) Pause Young (Normal) (G1 Evacuation Pause) 887M->8M(1476M) 1.198ms
[32.920s][info][gc] GC(201) Pause Young (Normal) (G1 Evacuation Pause) 887M->8M(1476M) 1.071ms
[33.003s][info][gc] GC(202) Pause Young (Normal) (G1 Evacuation Pause) 887M->8M(1476M) 1.075ms
[33.082s][info][gc] GC(203) Pause Young (Normal) (G1 Evacuation Pause) 887M->9M(1476M) 1.136ms
[33.160s][info][gc] GC(204) Pause Young (Normal) (G1 Evacuation Pause) 888M->9M(1476M) 1.194ms
[33.246s][info][gc] GC(205) Pause Young (Normal) (G1 Evacuation Pause) 888M->8M(1476M) 1.064ms
[33.330s][info][gc] GC(206) Pause Young (Normal) (G1 Evacuation Pause) 887M->9M(1476M) 1.261ms
[33.409s][info][gc] GC(207) Pause Young (Normal) (G1 Evacuation Pause) 888M->8M(1476M) 1.181ms
[33.486s][info][gc] GC(208) Pause Young (Normal) (G1 Evacuation Pause) 888M->8M(1476M) 1.095ms
[33.564s][info][gc] GC(209) Pause Young (Normal) (G1 Evacuation Pause) 888M->9M(1476M) 1.231ms
[33.642s][info][gc] GC(210) Pause Young (Normal) (G1 Evacuation Pause) 888M->8M(1476M) 0.865ms
[33.720s][info][gc] GC(211) Pause Young (Normal) (G1 Evacuation Pause) 888M->8M(1476M) 1.034ms
[33.806s][info][gc] GC(212) Pause Young (Normal) (G1 Evacuation Pause) 888M->9M(1476M) 1.148ms
[33.886s][info][gc] GC(213) Pause Young (Normal) (G1 Evacuation Pause) 888M->8M(1476M) 1.306ms
[33.966s][info][gc] GC(214) Pause Young (Normal) (G1 Evacuation Pause) 888M->8M(1476M) 1.120ms
[34.048s][info][gc] GC(215) Pause Young (Normal) (G1 Evacuation Pause) 888M->9M(1476M) 1.297ms
[34.129s][info][gc] GC(216) Pause Young (Normal) (G1 Evacuation Pause) 888M->8M(1476M) 1.266ms
[34.209s][info][gc] GC(217) Pause Young (Normal) (G1 Evacuation Pause) 888M->8M(1476M) 1.208ms
[34.296s][info][gc] GC(218) Pause Young (Normal) (G1 Evacuation Pause) 888M->9M(1476M) 1.335ms
[34.379s][info][gc] GC(219) Pause Young (Normal) (G1 Evacuation Pause) 888M->8M(1476M) 1.302ms
[34.463s][info][gc] GC(220) Pause Young (Normal) (G1 Evacuation Pause) 888M->8M(1476M) 1.331ms
[34.543s][info][gc] GC(221) Pause Young (Normal) (G1 Evacuation Pause) 888M->9M(1476M) 1.347ms
[34.624s][info][gc] GC(222) Pause Young (Normal) (G1 Evacuation Pause) 888M->8M(1476M) 1.053ms
[34.704s][info][gc] GC(223) Pause Young (Normal) (G1 Evacuation Pause) 888M->8M(1476M) 1.099ms
[34.787s][info][gc] GC(224) Pause Young (Normal) (G1 Evacuation Pause) 888M->9M(1476M) 1.153ms
[34.871s][info][gc] GC(225) Pause Young (Normal) (G1 Evacuation Pause) 888M->8M(1476M) 0.996ms
[34.954s][info][gc] GC(226) Pause Young (Normal) (G1 Evacuation Pause) 888M->8M(1476M) 1.246ms
[35.038s][info][gc] GC(227) Pause Young (Normal) (G1 Evacuation Pause) 888M->9M(1476M) 1.184ms
[35.123s][info][gc] GC(228) Pause Young (Normal) (G1 Evacuation Pause) 889M->8M(1476M) 1.042ms
[35.214s][info][gc] GC(229) Pause Young (Normal) (G1 Evacuation Pause) 887M->8M(1476M) 1.300ms
[35.305s][info][gc] GC(230) Pause Young (Normal) (G1 Evacuation Pause) 888M->8M(1476M) 1.017ms
[35.389s][info][gc] GC(231) Pause Young (Normal) (G1 Evacuation Pause) 888M->9M(1476M) 1.192ms
[35.472s][info][gc] GC(232) Pause Young (Normal) (G1 Evacuation Pause) 888M->8M(1476M) 1.091ms
[35.563s][info][gc] GC(233) Pause Young (Normal) (G1 Evacuation Pause) 888M->8M(1476M) 1.326ms
[35.646s][info][gc] GC(234) Pause Young (Normal) (G1 Evacuation Pause) 888M->9M(1476M) 1.146ms
[35.729s][info][gc] GC(235) Pause Young (Normal) (G1 Evacuation Pause) 888M->8M(1476M) 1.066ms
[35.812s][info][gc] GC(236) Pause Young (Normal) (G1 Evacuation Pause) 888M->8M(1476M) 1.258ms
[35.903s][info][gc] GC(237) Pause Young (Normal) (G1 Evacuation Pause) 888M->9M(1476M) 1.252ms
[35.989s][info][gc] GC(238) Pause Young (Normal) (G1 Evacuation Pause) 888M->8M(1476M) 1.218ms
[36.075s][info][gc] GC(239) Pause Young (Normal) (G1 Evacuation Pause) 888M->9M(1476M) 1.215ms
[36.158s][info][gc] GC(240) Pause Young (Normal) (G1 Evacuation Pause) 888M->9M(1476M) 1.293ms
[36.226s][info][gc] GC(241) Pause Young (Normal) (G1 Evacuation Pause) 889M->9M(1476M) 1.063ms
[36.295s][info][gc] GC(242) Pause Young (Normal) (G1 Evacuation Pause) 889M->9M(1476M) 1.210ms
[36.363s][info][gc] GC(243) Pause Young (Normal) (G1 Evacuation Pause) 889M->9M(1476M) 1.344ms
[36.432s][info][gc] GC(244) Pause Young (Normal) (G1 Evacuation Pause) 889M->9M(1476M) 1.368ms
[36.501s][info][gc] GC(245) Pause Young (Normal) (G1 Evacuation Pause) 889M->9M(1476M) 1.259ms
[36.570s][info][gc] GC(246) Pause Young (Normal) (G1 Evacuation Pause) 889M->9M(1476M) 1.319ms
[36.644s][info][gc] GC(247) Pause Young (Normal) (G1 Evacuation Pause) 889M->9M(1476M) 1.056ms
[36.715s][info][gc] GC(248) Pause Young (Normal) (G1 Evacuation Pause) 889M->10M(1476M) 1.257ms
[36.785s][info][gc] GC(249) Pause Young (Normal) (G1 Evacuation Pause) 889M->10M(1476M) 1.225ms
[36.855s][info][gc] GC(250) Pause Young (Normal) (G1 Evacuation Pause) 889M->10M(1476M) 1.172ms
[36.926s][info][gc] GC(251) Pause Young (Normal) (G1 Evacuation Pause) 889M->10M(1476M) 1.297ms
[36.997s][info][gc] GC(252) Pause Young (Normal) (G1 Evacuation Pause) 889M->10M(1476M) 1.355ms
[37.071s][info][gc] GC(253) Pause Young (Normal) (G1 Evacuation Pause) 889M->10M(1476M) 1.156ms
[37.148s][info][gc] GC(254) Pause Young (Normal) (G1 Evacuation Pause) 889M->10M(1476M) 1.273ms
[37.221s][info][gc] GC(255) Pause Young (Normal) (G1 Evacuation Pause) 889M->10M(1476M) 1.330ms
[37.292s][info][gc] GC(256) Pause Young (Normal) (G1 Evacuation Pause) 889M->10M(1476M) 1.244ms
[37.362s][info][gc] GC(257) Pause Young (Normal) (G1 Evacuation Pause) 889M->10M(1476M) 1.216ms
[37.434s][info][gc] GC(258) Pause Young (Normal) (G1 Evacuation Pause) 889M->10M(1476M) 1.159ms
[37.505s][info][gc] GC(259) Pause Young (Normal) (G1 Evacuation Pause) 889M->10M(1476M) 1.319ms
[37.583s][info][gc] GC(260) Pause Young (Normal) (G1 Evacuation Pause) 889M->10M(1476M) 1.397ms
[37.655s][info][gc] GC(261) Pause Young (Normal) (G1 Evacuation Pause) 889M->10M(1476M) 0.956ms
[37.726s][info][gc] GC(262) Pause Young (Normal) (G1 Evacuation Pause) 889M->10M(1476M) 1.299ms
[37.803s][info][gc] GC(263) Pause Young (Normal) (G1 Evacuation Pause) 889M->10M(1476M) 1.339ms
[37.879s][info][gc] GC(264) Pause Young (Normal) (G1 Evacuation Pause) 889M->10M(1476M) 1.239ms
[37.953s][info][gc] GC(265) Pause Young (Normal) (G1 Evacuation Pause) 889M->10M(1476M) 1.323ms
[38.024s][info][gc] GC(266) Pause Young (Normal) (G1 Evacuation Pause) 889M->10M(1476M) 1.134ms
[38.096s][info][gc] GC(267) Pause Young (Normal) (G1 Evacuation Pause) 889M->10M(1476M) 1.692ms
[38.168s][info][gc] GC(268) Pause Young (Normal) (G1 Evacuation Pause) 889M->10M(1476M) 1.089ms
[38.241s][info][gc] GC(269) Pause Young (Normal) (G1 Evacuation Pause) 889M->10M(1476M) 1.321ms
[38.318s][info][gc] GC(270) Pause Young (Normal) (G1 Evacuation Pause) 889M->10M(1476M) 1.100ms
[38.390s][info][gc] GC(271) Pause Young (Normal) (G1 Evacuation Pause) 889M->10M(1476M) 1.122ms
[38.465s][info][gc] GC(272) Pause Young (Normal) (G1 Evacuation Pause) 889M->10M(1476M) 1.356ms
[38.537s][info][gc] GC(273) Pause Young (Normal) (G1 Evacuation Pause) 889M->10M(1476M) 1.221ms
[38.609s][info][gc] GC(274) Pause Young (Normal) (G1 Evacuation Pause) 889M->10M(1476M) 1.139ms
[38.681s][info][gc] GC(275) Pause Young (Normal) (G1 Evacuation Pause) 889M->10M(1476M) 1.090ms
[38.753s][info][gc] GC(276) Pause Young (Normal) (G1 Evacuation Pause) 890M->10M(1476M) 1.289ms
[38.830s][info][gc] GC(277) Pause Young (Normal) (G1 Evacuation Pause) 890M->10M(1476M) 1.301ms
[38.905s][info][gc] GC(278) Pause Young (Normal) (G1 Evacuation Pause) 890M->10M(1476M) 1.346ms
[38.986s][info][gc] GC(279) Pause Young (Normal) (G1 Evacuation Pause) 890M->10M(1476M) 1.310ms
[39.059s][info][gc] GC(280) Pause Young (Normal) (G1 Evacuation Pause) 890M->10M(1476M) 1.322ms
[39.137s][info][gc] GC(281) Pause Young (Normal) (G1 Evacuation Pause) 890M->10M(1476M) 1.201ms
[39.217s][info][gc] GC(282) Pause Young (Normal) (G1 Evacuation Pause) 890M->10M(1476M) 1.352ms
[39.293s][info][gc] GC(283) Pause Young (Normal) (G1 Evacuation Pause) 890M->10M(1476M) 1.302ms
[39.366s][info][gc] GC(284) Pause Young (Normal) (G1 Evacuation Pause) 890M->10M(1476M) 1.233ms
[39.440s][info][gc] GC(285) Pause Young (Normal) (G1 Evacuation Pause) 890M->10M(1476M) 1.327ms
[39.514s][info][gc] GC(286) Pause Young (Normal) (G1 Evacuation Pause) 890M->10M(1476M) 1.336ms
[39.587s][info][gc] GC(287) Pause Young (Normal) (G1 Evacuation Pause) 890M->10M(1476M) 1.344ms
[39.663s][info][gc] GC(288) Pause Young (Normal) (G1 Evacuation Pause) 890M->10M(1476M) 1.354ms
[39.737s][info][gc] GC(289) Pause Young (Normal) (G1 Evacuation Pause) 890M->10M(1476M) 1.020ms
[39.812s][info][gc] GC(290) Pause Young (Normal) (G1 Evacuation Pause) 890M->10M(1476M) 1.359ms
[39.888s][info][gc] GC(291) Pause Young (Normal) (G1 Evacuation Pause) 890M->10M(1476M) 1.356ms
[39.965s][info][gc] GC(292) Pause Young (Normal) (G1 Evacuation Pause) 890M->10M(1476M) 1.227ms
[40.042s][info][gc] GC(293) Pause Young (Normal) (G1 Evacuation Pause) 890M->11M(1476M) 1.443ms
[40.116s][info][gc] GC(294) Pause Young (Normal) (G1 Evacuation Pause) 890M->11M(1476M) 1.174ms
[40.191s][info][gc] GC(295) Pause Young (Normal) (G1 Evacuation Pause) 890M->11M(1476M) 1.095ms
[40.266s][info][gc] GC(296) Pause Young (Normal) (G1 Evacuation Pause) 890M->11M(1476M) 1.180ms
[40.341s][info][gc] GC(297) Pause Young (Normal) (G1 Evacuation Pause) 890M->11M(1476M) 1.320ms
[40.416s][info][gc] GC(298) Pause Young (Normal) (G1 Evacuation Pause) 890M->11M(1476M) 1.093ms
[40.494s][info][gc] GC(299) Pause Young (Normal) (G1 Evacuation Pause) 890M->11M(1476M) 1.246ms
[40.570s][info][gc] GC(300) Pause Young (Normal) (G1 Evacuation Pause) 890M->11M(1476M) 1.445ms
[40.645s][info][gc] GC(301) Pause Young (Normal) (G1 Evacuation Pause) 890M->11M(1476M) 1.319ms
[40.721s][info][gc] GC(302) Pause Young (Normal) (G1 Evacuation Pause) 890M->11M(1476M) 1.126ms
[40.798s][info][gc] GC(303) Pause Young (Normal) (G1 Evacuation Pause) 890M->11M(1476M) 1.132ms
[40.876s][info][gc] GC(304) Pause Young (Normal) (G1 Evacuation Pause) 890M->11M(1476M) 1.070ms
[40.952s][info][gc] GC(305) Pause Young (Normal) (G1 Evacuation Pause) 890M->11M(1476M) 1.508ms
[41.028s][info][gc] GC(306) Pause Young (Normal) (G1 Evacuation Pause) 890M->11M(1476M) 1.287ms
[41.109s][info][gc] GC(307) Pause Young (Normal) (G1 Evacuation Pause) 890M->11M(1476M) 1.400ms
[41.185s][info][gc] GC(308) Pause Young (Normal) (G1 Evacuation Pause) 890M->11M(1476M) 1.327ms
[41.263s][info][gc] GC(309) Pause Young (Normal) (G1 Evacuation Pause) 890M->11M(1476M) 1.301ms
[41.348s][info][gc] GC(310) Pause Young (Normal) (G1 Evacuation Pause) 890M->11M(1476M) 1.520ms
[41.426s][info][gc] GC(311) Pause Young (Normal) (G1 Evacuation Pause) 891M->11M(1476M) 1.351ms
[41.512s][info][gc] GC(312) Pause Young (Normal) (G1 Evacuation Pause) 891M->11M(1476M) 1.214ms
[41.589s][info][gc] GC(313) Pause Young (Normal) (G1 Evacuation Pause) 891M->11M(1476M) 1.179ms
[41.667s][info][gc] GC(314) Pause Young (Normal) (G1 Evacuation Pause) 891M->11M(1476M) 1.254ms
[41.744s][info][gc] GC(315) Pause Young (Normal) (G1 Evacuation Pause) 891M->11M(1476M) 1.484ms
[41.823s][info][gc] GC(316) Pause Young (Normal) (G1 Evacuation Pause) 891M->11M(1476M) 1.315ms
[41.903s][info][gc] GC(317) Pause Young (Normal) (G1 Evacuation Pause) 891M->11M(1476M) 1.389ms
[41.981s][info][gc] GC(318) Pause Young (Normal) (G1 Evacuation Pause) 891M->11M(1476M) 1.358ms
[42.058s][info][gc] GC(319) Pause Young (Normal) (G1 Evacuation Pause) 891M->11M(1476M) 1.359ms
[42.141s][info][gc] GC(320) Pause Young (Normal) (G1 Evacuation Pause) 891M->11M(1476M) 1.310ms
[42.220s][info][gc] GC(321) Pause Young (Normal) (G1 Evacuation Pause) 891M->11M(1476M) 1.182ms
[42.299s][info][gc] GC(322) Pause Young (Normal) (G1 Evacuation Pause) 891M->11M(1476M) 1.341ms
[42.376s][info][gc] GC(323) Pause Young (Normal) (G1 Evacuation Pause) 891M->11M(1476M) 1.154ms
[42.455s][info][gc] GC(324) Pause Young (Normal) (G1 Evacuation Pause) 891M->11M(1476M) 1.228ms
[42.533s][info][gc] GC(325) Pause Young (Normal) (G1 Evacuation Pause) 891M->11M(1476M) 1.302ms
[42.611s][info][gc] GC(326) Pause Young (Normal) (G1 Evacuation Pause) 891M->11M(1476M) 1.340ms
[42.690s][info][gc] GC(327) Pause Young (Normal) (G1 Evacuation Pause) 891M->11M(1476M) 1.023ms
[42.776s][info][gc] GC(328) Pause Young (Normal) (G1 Evacuation Pause) 891M->11M(1476M) 1.368ms
[42.858s][info][gc] GC(329) Pause Young (Normal) (G1 Evacuation Pause) 891M->11M(1476M) 1.340ms
[42.938s][info][gc] GC(330) Pause Young (Normal) (G1 Evacuation Pause) 891M->11M(1476M) 1.412ms
[43.018s][info][gc] GC(331) Pause Young (Normal) (G1 Evacuation Pause) 891M->11M(1476M) 1.427ms
[43.101s][info][gc] GC(332) Pause Young (Normal) (G1 Evacuation Pause) 891M->11M(1476M) 1.353ms
[43.186s][info][gc] GC(333) Pause Young (Normal) (G1 Evacuation Pause) 890M->10M(1476M) 1.422ms
[43.274s][info][gc] GC(334) Pause Young (Normal) (G1 Evacuation Pause) 890M->10M(1476M) 1.389ms
[43.356s][info][gc] GC(335) Pause Young (Normal) (G1 Evacuation Pause) 890M->10M(1476M) 1.426ms
[43.440s][info][gc] GC(336) Pause Young (Normal) (G1 Evacuation Pause) 890M->11M(1476M) 1.348ms
[43.523s][info][gc] GC(337) Pause Young (Normal) (G1 Evacuation Pause) 890M->11M(1476M) 1.216ms
[43.604s][info][gc] GC(338) Pause Young (Normal) (G1 Evacuation Pause) 890M->11M(1476M) 1.135ms
[43.684s][info][gc] GC(339) Pause Young (Normal) (G1 Evacuation Pause) 890M->11M(1476M) 1.177ms
[43.767s][info][gc] GC(340) Pause Young (Normal) (G1 Evacuation Pause) 890M->11M(1476M) 1.416ms
[43.849s][info][gc] GC(341) Pause Young (Normal) (G1 Evacuation Pause) 890M->11M(1476M) 1.021ms
[43.932s][info][gc] GC(342) Pause Young (Normal) (G1 Evacuation Pause) 890M->11M(1476M) 1.020ms
[44.012s][info][gc] GC(343) Pause Young (Normal) (G1 Evacuation Pause) 890M->11M(1476M) 1.119ms
[44.095s][info][gc] GC(344) Pause Young (Normal) (G1 Evacuation Pause) 890M->12M(1476M) 1.308ms
[44.175s][info][gc] GC(345) Pause Young (Normal) (G1 Evacuation Pause) 891M->12M(1476M) 1.236ms
[44.256s][info][gc] GC(346) Pause Young (Normal) (G1 Evacuation Pause) 891M->12M(1476M) 1.078ms
[44.340s][info][gc] GC(347) Pause Young (Normal) (G1 Evacuation Pause) 891M->12M(1476M) 1.332ms
[44.427s][info][gc] GC(348) Pause Young (Normal) (G1 Evacuation Pause) 892M->12M(1476M) 1.403ms
[44.508s][info][gc] GC(349) Pause Young (Normal) (G1 Evacuation Pause) 892M->12M(1476M) 1.357ms
[44.589s][info][gc] GC(350) Pause Young (Normal) (G1 Evacuation Pause) 892M->12M(1476M) 1.233ms
[44.670s][info][gc] GC(351) Pause Young (Normal) (G1 Evacuation Pause) 892M->12M(1476M) 1.397ms
[44.752s][info][gc] GC(352) Pause Young (Normal) (G1 Evacuation Pause) 892M->12M(1476M) 1.193ms
[44.842s][info][gc] GC(353) Pause Young (Normal) (G1 Evacuation Pause) 892M->12M(1476M) 1.329ms
[44.925s][info][gc] GC(354) Pause Young (Normal) (G1 Evacuation Pause) 892M->12M(1476M) 1.237ms
[45.010s][info][gc] GC(355) Pause Young (Normal) (G1 Evacuation Pause) 892M->12M(1476M) 1.208ms
[45.095s][info][gc] GC(356) Pause Young (Normal) (G1 Evacuation Pause) 892M->12M(1476M) 1.304ms
[45.178s][info][gc] GC(357) Pause Young (Normal) (G1 Evacuation Pause) 892M->12M(1476M) 1.148ms
[45.261s][info][gc] GC(358) Pause Young (Normal) (G1 Evacuation Pause) 892M->12M(1476M) 1.381ms
[45.345s][info][gc] GC(359) Pause Young (Normal) (G1 Evacuation Pause) 892M->12M(1476M) 1.294ms
[45.427s][info][gc] GC(360) Pause Young (Normal) (G1 Evacuation Pause) 892M->12M(1476M) 1.369ms
[45.510s][info][gc] GC(361) Pause Young (Normal) (G1 Evacuation Pause) 892M->12M(1476M) 1.159ms
[45.594s][info][gc] GC(362) Pause Young (Normal) (G1 Evacuation Pause) 892M->12M(1476M) 1.245ms
[45.677s][info][gc] GC(363) Pause Young (Normal) (G1 Evacuation Pause) 892M->12M(1476M) 1.153ms
[45.761s][info][gc] GC(364) Pause Young (Normal) (G1 Evacuation Pause) 892M->12M(1476M) 1.528ms
[45.846s][info][gc] GC(365) Pause Young (Normal) (G1 Evacuation Pause) 892M->12M(1476M) 2.053ms
[45.933s][info][gc] GC(366) Pause Young (Normal) (G1 Evacuation Pause) 891M->11M(1476M) 1.067ms
[46.018s][info][gc] GC(367) Pause Young (Normal) (G1 Evacuation Pause) 891M->11M(1476M) 1.303ms
[46.104s][info][gc] GC(368) Pause Young (Normal) (G1 Evacuation Pause) 891M->11M(1476M) 1.369ms
[46.187s][info][gc] GC(369) Pause Young (Normal) (G1 Evacuation Pause) 891M->11M(1476M) 1.195ms
[46.276s][info][gc] GC(370) Pause Young (Normal) (G1 Evacuation Pause) 891M->11M(1476M) 1.122ms
[46.363s][info][gc] GC(371) Pause Young (Normal) (G1 Evacuation Pause) 891M->11M(1476M) 1.414ms
[46.446s][info][gc] GC(372) Pause Young (Normal) (G1 Evacuation Pause) 891M->11M(1476M) 1.225ms
[46.531s][info][gc] GC(373) Pause Young (Normal) (G1 Evacuation Pause) 891M->11M(1476M) 1.086ms
[46.614s][info][gc] GC(374) Pause Young (Normal) (G1 Evacuation Pause) 891M->12M(1476M) 1.198ms
[46.699s][info][gc] GC(375) Pause Young (Normal) (G1 Evacuation Pause) 891M->11M(1476M) 0.927ms
[46.782s][info][gc] GC(376) Pause Young (Normal) (G1 Evacuation Pause) 891M->11M(1476M) 1.280ms
[46.876s][info][gc] GC(377) Pause Young (Concurrent Start) (G1 Humongous Allocation) 1212M->11M(1476M) 1.850ms
[46.876s][info][gc] GC(378) Concurrent Undo Cycle
[46.885s][info][gc] GC(378) Concurrent Undo Cycle 8.384ms
[46.942s][info][gc] GC(379) Pause Young (Concurrent Start) (G1 Humongous Allocation) 1097M->11M(1476M) 1.353ms
[46.942s][info][gc] GC(380) Concurrent Undo Cycle
[46.944s][info][gc] GC(380) Concurrent Undo Cycle 1.510ms
[47.010s][info][gc] GC(381) Pause Young (Concurrent Start) (G1 Humongous Allocation) 1097M->11M(1476M) 1.818ms
[47.010s][info][gc] GC(382) Concurrent Undo Cycle
[47.012s][info][gc] GC(382) Concurrent Undo Cycle 1.913ms
[47.076s][info][gc] GC(383) Pause Young (Concurrent Start) (G1 Humongous Allocation) 1097M->11M(1476M) 1.350ms
[47.076s][info][gc] GC(384) Concurrent Undo Cycle
[47.078s][info][gc] GC(384) Concurrent Undo Cycle 1.914ms
[47.154s][info][gc] GC(385) Pause Young (Concurrent Start) (G1 Humongous Allocation) 1098M->12M(1476M) 1.930ms
[47.154s][info][gc] GC(386) Concurrent Undo Cycle
[47.156s][info][gc] GC(386) Concurrent Undo Cycle 1.279ms
[47.228s][info][gc] GC(387) Pause Young (Concurrent Start) (G1 Humongous Allocation) 1098M->12M(1476M) 1.347ms
[47.228s][info][gc] GC(388) Concurrent Undo Cycle
[47.229s][info][gc] GC(388) Concurrent Undo Cycle 1.444ms
[47.298s][info][gc] GC(389) Pause Young (Concurrent Start) (G1 Humongous Allocation) 1098M->12M(1476M) 1.293ms
[47.299s][info][gc] GC(390) Concurrent Undo Cycle
[47.300s][info][gc] GC(390) Concurrent Undo Cycle 1.684ms
[47.368s][info][gc] GC(391) Pause Young (Concurrent Start) (G1 Humongous Allocation) 1098M->12M(1476M) 1.342ms
[47.368s][info][gc] GC(392) Concurrent Undo Cycle
[47.370s][info][gc] GC(392) Concurrent Undo Cycle 1.865ms
[47.435s][info][gc] GC(393) Pause Young (Concurrent Start) (G1 Humongous Allocation) 1098M->12M(1476M) 1.326ms
[47.435s][info][gc] GC(394) Concurrent Undo Cycle
[47.436s][info][gc] GC(394) Concurrent Undo Cycle 1.296ms
[47.499s][info][gc] GC(395) Pause Young (Concurrent Start) (G1 Humongous Allocation) 1098M->12M(1476M) 1.293ms
[47.499s][info][gc] GC(396) Concurrent Undo Cycle
[47.500s][info][gc] GC(396) Concurrent Undo Cycle 1.315ms
[47.564s][info][gc] GC(397) Pause Young (Concurrent Start) (G1 Humongous Allocation) 1098M->12M(1476M) 1.407ms
[47.564s][info][gc] GC(398) Concurrent Undo Cycle
[47.565s][info][gc] GC(398) Concurrent Undo Cycle 1.542ms
[47.628s][info][gc] GC(399) Pause Young (Concurrent Start) (G1 Humongous Allocation) 1098M->12M(1476M) 1.263ms
[47.628s][info][gc] GC(400) Concurrent Undo Cycle
[47.629s][info][gc] GC(400) Concurrent Undo Cycle 1.335ms
[47.698s][info][gc] GC(401) Pause Young (Concurrent Start) (G1 Humongous Allocation) 1098M->12M(1476M) 1.451ms
[47.698s][info][gc] GC(402) Concurrent Undo Cycle
[47.699s][info][gc] GC(402) Concurrent Undo Cycle 1.344ms
[47.762s][info][gc] GC(403) Pause Young (Concurrent Start) (G1 Humongous Allocation) 1098M->12M(1476M) 1.226ms
[47.762s][info][gc] GC(404) Concurrent Undo Cycle
[47.764s][info][gc] GC(404) Concurrent Undo Cycle 1.843ms
[47.827s][info][gc] GC(405) Pause Young (Concurrent Start) (G1 Humongous Allocation) 1098M->12M(1476M) 1.344ms
[47.827s][info][gc] GC(406) Concurrent Undo Cycle
[47.828s][info][gc] GC(406) Concurrent Undo Cycle 1.280ms
[47.893s][info][gc] GC(407) Pause Young (Concurrent Start) (G1 Humongous Allocation) 1098M->12M(1476M) 1.377ms
[47.893s][info][gc] GC(408) Concurrent Undo Cycle
[47.895s][info][gc] GC(408) Concurrent Undo Cycle 1.556ms
[47.959s][info][gc] GC(409) Pause Young (Concurrent Start) (G1 Humongous Allocation) 1098M->12M(1476M) 1.292ms
[47.959s][info][gc] GC(410) Concurrent Undo Cycle
[47.961s][info][gc] GC(410) Concurrent Undo Cycle 1.329ms
[48.024s][info][gc] GC(411) Pause Young (Concurrent Start) (G1 Humongous Allocation) 1098M->12M(1476M) 1.161ms
[48.024s][info][gc] GC(412) Concurrent Undo Cycle
[48.026s][info][gc] GC(412) Concurrent Undo Cycle 1.846ms
[48.091s][info][gc] GC(413) Pause Young (Concurrent Start) (G1 Humongous Allocation) 1098M->12M(1476M) 1.350ms
[48.091s][info][gc] GC(414) Concurrent Undo Cycle
[48.093s][info][gc] GC(414) Concurrent Undo Cycle 2.036ms
[48.156s][info][gc] GC(415) Pause Young (Concurrent Start) (G1 Humongous Allocation) 1098M->12M(1476M) 1.281ms
[48.156s][info][gc] GC(416) Concurrent Undo Cycle
[48.158s][info][gc] GC(416) Concurrent Undo Cycle 1.327ms
[48.223s][info][gc] GC(417) Pause Young (Concurrent Start) (G1 Humongous Allocation) 1098M->12M(1476M) 1.358ms
[48.223s][info][gc] GC(418) Concurrent Undo Cycle
[48.225s][info][gc] GC(418) Concurrent Undo Cycle 1.435ms
[48.289s][info][gc] GC(419) Pause Young (Concurrent Start) (G1 Humongous Allocation) 1098M->12M(1476M) 1.379ms
[48.289s][info][gc] GC(420) Concurrent Undo Cycle
[48.290s][info][gc] GC(420) Concurrent Undo Cycle 1.375ms
[48.356s][info][gc] GC(421) Pause Young (Concurrent Start) (G1 Humongous Allocation) 1098M->12M(1476M) 1.291ms
[48.356s][info][gc] GC(422) Concurrent Undo Cycle
[48.357s][info][gc] GC(422) Concurrent Undo Cycle 1.431ms
[48.421s][info][gc] GC(423) Pause Young (Concurrent Start) (G1 Humongous Allocation) 1098M->12M(1476M) 1.235ms
[48.421s][info][gc] GC(424) Concurrent Undo Cycle
[48.423s][info][gc] GC(424) Concurrent Undo Cycle 1.329ms
[48.487s][info][gc] GC(425) Pause Young (Concurrent Start) (G1 Humongous Allocation) 1098M->12M(1476M) 1.324ms
[48.487s][info][gc] GC(426) Concurrent Undo Cycle
[48.489s][info][gc] GC(426) Concurrent Undo Cycle 1.358ms
[48.553s][info][gc] GC(427) Pause Young (Concurrent Start) (G1 Humongous Allocation) 1098M->12M(1476M) 1.172ms
[48.553s][info][gc] GC(428) Concurrent Undo Cycle
[48.555s][info][gc] GC(428) Concurrent Undo Cycle 1.897ms
[48.619s][info][gc] GC(429) Pause Young (Concurrent Start) (G1 Humongous Allocation) 1098M->12M(1476M) 1.453ms
[48.619s][info][gc] GC(430) Concurrent Undo Cycle
[48.621s][info][gc] GC(430) Concurrent Undo Cycle 1.510ms
[48.685s][info][gc] GC(431) Pause Young (Concurrent Start) (G1 Humongous Allocation) 1098M->12M(1476M) 1.408ms
[48.685s][info][gc] GC(432) Concurrent Undo Cycle
[48.687s][info][gc] GC(432) Concurrent Undo Cycle 1.858ms
[48.752s][info][gc] GC(433) Pause Young (Concurrent Start) (G1 Humongous Allocation) 1098M->12M(1476M) 1.220ms
[48.752s][info][gc] GC(434) Concurrent Undo Cycle
[48.753s][info][gc] GC(434) Concurrent Undo Cycle 1.318ms
[48.818s][info][gc] GC(435) Pause Young (Concurrent Start) (G1 Humongous Allocation) 1098M->12M(1476M) 1.266ms
[48.819s][info][gc] GC(436) Concurrent Undo Cycle
[48.820s][info][gc] GC(436) Concurrent Undo Cycle 1.308ms
[48.884s][info][gc] GC(437) Pause Young (Concurrent Start) (G1 Humongous Allocation) 1098M->12M(1476M) 1.357ms
[48.884s][info][gc] GC(438) Concurrent Undo Cycle
[48.886s][info][gc] GC(438) Concurrent Undo Cycle 1.433ms
[48.952s][info][gc] GC(439) Pause Young (Concurrent Start) (G1 Humongous Allocation) 1098M->12M(1476M) 1.201ms
[48.952s][info][gc] GC(440) Concurrent Undo Cycle
[48.953s][info][gc] GC(440) Concurrent Undo Cycle 1.417ms
[49.026s][info][gc] GC(441) Pause Young (Concurrent Start) (G1 Humongous Allocation) 1098M->12M(1476M) 1.450ms
[49.026s][info][gc] GC(442) Concurrent Undo Cycle
[49.029s][info][gc] GC(442) Concurrent Undo Cycle 3.423ms
[49.095s][info][gc] GC(443) Pause Young (Concurrent Start) (G1 Humongous Allocation) 1098M->12M(1476M) 1.296ms
[49.095s][info][gc] GC(444) Concurrent Undo Cycle
[49.096s][info][gc] GC(444) Concurrent Undo Cycle 1.836ms
[49.162s][info][gc] GC(445) Pause Young (Concurrent Start) (G1 Humongous Allocation) 1098M->12M(1476M) 1.861ms
[49.162s][info][gc] GC(446) Concurrent Undo Cycle
[49.164s][info][gc] GC(446) Concurrent Undo Cycle 1.347ms
[49.230s][info][gc] GC(447) Pause Young (Concurrent Start) (G1 Humongous Allocation) 1098M->12M(1476M) 1.268ms
[49.230s][info][gc] GC(448) Concurrent Undo Cycle
[49.231s][info][gc] GC(448) Concurrent Undo Cycle 1.446ms
[49.297s][info][gc] GC(449) Pause Young (Concurrent Start) (G1 Humongous Allocation) 1098M->12M(1476M) 1.239ms
[49.297s][info][gc] GC(450) Concurrent Undo Cycle
[49.299s][info][gc] GC(450) Concurrent Undo Cycle 1.918ms
[49.364s][info][gc] GC(451) Pause Young (Concurrent Start) (G1 Humongous Allocation) 1098M->12M(1476M) 1.495ms
[49.364s][info][gc] GC(452) Concurrent Undo Cycle
[49.366s][info][gc] GC(452) Concurrent Undo Cycle 1.876ms
[49.431s][info][gc] GC(453) Pause Young (Concurrent Start) (G1 Humongous Allocation) 1098M->12M(1476M) 1.258ms
[49.431s][info][gc] GC(454) Concurrent Undo Cycle
[49.433s][info][gc] GC(454) Concurrent Undo Cycle 1.887ms
[49.498s][info][gc] GC(455) Pause Young (Concurrent Start) (G1 Humongous Allocation) 1098M->12M(1476M) 1.415ms
[49.498s][info][gc] GC(456) Concurrent Undo Cycle
[49.500s][info][gc] GC(456) Concurrent Undo Cycle 1.387ms
[49.566s][info][gc] GC(457) Pause Young (Concurrent Start) (G1 Humongous Allocation) 1098M->12M(1476M) 1.167ms
[49.566s][info][gc] GC(458) Concurrent Undo Cycle
[49.568s][info][gc] GC(458) Concurrent Undo Cycle 1.900ms
[49.633s][info][gc] GC(459) Pause Young (Concurrent Start) (G1 Humongous Allocation) 1098M->12M(1476M) 1.397ms
[49.634s][info][gc] GC(460) Concurrent Undo Cycle
[49.635s][info][gc] GC(460) Concurrent Undo Cycle 1.902ms
[49.701s][info][gc] GC(461) Pause Young (Concurrent Start) (G1 Humongous Allocation) 1098M->12M(1476M) 1.211ms
[49.701s][info][gc] GC(462) Concurrent Undo Cycle
[49.702s][info][gc] GC(462) Concurrent Undo Cycle 1.307ms
[49.770s][info][gc] GC(463) Pause Young (Concurrent Start) (G1 Humongous Allocation) 1098M->12M(1476M) 1.349ms
[49.770s][info][gc] GC(464) Concurrent Undo Cycle
[49.771s][info][gc] GC(464) Concurrent Undo Cycle 1.292ms
[49.839s][info][gc] GC(465) Pause Young (Concurrent Start) (G1 Humongous Allocation) 1098M->12M(1476M) 1.312ms
[49.839s][info][gc] GC(466) Concurrent Undo Cycle
[49.842s][info][gc] GC(466) Concurrent Undo Cycle 3.287ms
[49.909s][info][gc] GC(467) Pause Young (Concurrent Start) (G1 Humongous Allocation) 1098M->12M(1476M) 1.480ms
[49.909s][info][gc] GC(468) Concurrent Undo Cycle
[49.911s][info][gc] GC(468) Concurrent Undo Cycle 1.483ms
[49.982s][info][gc] GC(469) Pause Young (Concurrent Start) (G1 Humongous Allocation) 1099M->12M(1476M) 1.117ms
[49.982s][info][gc] GC(470) Concurrent Undo Cycle
[49.984s][info][gc] GC(470) Concurrent Undo Cycle 1.874ms
[50.050s][info][gc] GC(471) Pause Young (Concurrent Start) (G1 Humongous Allocation) 1099M->12M(1476M) 1.242ms
[50.050s][info][gc] GC(472) Concurrent Undo Cycle
[50.051s][info][gc] GC(472) Concurrent Undo Cycle 1.276ms
[50.116s][info][gc] GC(473) Pause Young (Concurrent Start) (G1 Humongous Allocation) 1099M->12M(1476M) 1.308ms
[50.116s][info][gc] GC(474) Concurrent Undo Cycle
[50.118s][info][gc] GC(474) Concurrent Undo Cycle 1.850ms
[50.185s][info][gc] GC(475) Pause Young (Concurrent Start) (G1 Humongous Allocation) 1099M->12M(1476M) 1.295ms
[50.185s][info][gc] GC(476) Concurrent Undo Cycle
[50.187s][info][gc] GC(476) Concurrent Undo Cycle 1.844ms
[50.253s][info][gc] GC(477) Pause Young (Concurrent Start) (G1 Humongous Allocation) 1099M->12M(1476M) 1.327ms
[50.253s][info][gc] GC(478) Concurrent Undo Cycle
[50.254s][info][gc] GC(478) Concurrent Undo Cycle 1.274ms
[50.320s][info][gc] GC(479) Pause Young (Concurrent Start) (G1 Humongous Allocation) 1099M->12M(1476M) 1.417ms
[50.320s][info][gc] GC(480) Concurrent Undo Cycle
[50.321s][info][gc] GC(480) Concurrent Undo Cycle 1.324ms
[50.388s][info][gc] GC(481) Pause Young (Concurrent Start) (G1 Humongous Allocation) 1099M->12M(1476M) 1.542ms
[50.388s][info][gc] GC(482) Concurrent Undo Cycle
[50.389s][info][gc] GC(482) Concurrent Undo Cycle 1.370ms
[50.457s][info][gc] GC(483) Pause Young (Concurrent Start) (G1 Humongous Allocation) 1099M->12M(1476M) 1.212ms
[50.457s][info][gc] GC(484) Concurrent Undo Cycle
[50.459s][info][gc] GC(484) Concurrent Undo Cycle 1.909ms
[50.525s][info][gc] GC(485) Pause Young (Concurrent Start) (G1 Humongous Allocation) 1099M->12M(1476M) 1.272ms
[50.525s][info][gc] GC(486) Concurrent Undo Cycle
[50.527s][info][gc] GC(486) Concurrent Undo Cycle 1.309ms
[50.593s][info][gc] GC(487) Pause Young (Concurrent Start) (G1 Humongous Allocation) 1099M->12M(1476M) 1.323ms
[50.593s][info][gc] GC(488) Concurrent Undo Cycle
[50.594s][info][gc] GC(488) Concurrent Undo Cycle 1.322ms
[50.661s][info][gc] GC(489) Pause Young (Concurrent Start) (G1 Humongous Allocation) 1099M->12M(1476M) 1.258ms
[50.661s][info][gc] GC(490) Concurrent Undo Cycle
[50.662s][info][gc] GC(490) Concurrent Undo Cycle 1.390ms
[50.729s][info][gc] GC(491) Pause Young (Concurrent Start) (G1 Humongous Allocation) 1099M->13M(1476M) 1.438ms
[50.729s][info][gc] GC(492) Concurrent Undo Cycle
[50.731s][info][gc] GC(492) Concurrent Undo Cycle 1.518ms
[50.801s][info][gc] GC(493) Pause Young (Concurrent Start) (G1 Humongous Allocation) 1099M->13M(1476M) 1.452ms
[50.801s][info][gc] GC(494) Concurrent Undo Cycle
[50.804s][info][gc] GC(494) Concurrent Undo Cycle 3.355ms
[50.872s][info][gc] GC(495) Pause Young (Concurrent Start) (G1 Humongous Allocation) 1099M->13M(1476M) 1.151ms
[50.872s][info][gc] GC(496) Concurrent Undo Cycle
[50.873s][info][gc] GC(496) Concurrent Undo Cycle 1.262ms
[50.940s][info][gc] GC(497) Pause Young (Concurrent Start) (G1 Humongous Allocation) 1099M->13M(1476M) 1.279ms
[50.941s][info][gc] GC(498) Concurrent Undo Cycle
[50.942s][info][gc] GC(498) Concurrent Undo Cycle 1.281ms
[51.009s][info][gc] GC(499) Pause Young (Concurrent Start) (G1 Humongous Allocation) 1099M->13M(1476M) 1.230ms
[51.009s][info][gc] GC(500) Concurrent Undo Cycle
[51.010s][info][gc] GC(500) Concurrent Undo Cycle 1.273ms
[51.077s][info][gc] GC(501) Pause Young (Concurrent Start) (G1 Humongous Allocation) 1099M->13M(1476M) 1.262ms
[51.077s][info][gc] GC(502) Concurrent Undo Cycle
[51.079s][info][gc] GC(502) Concurrent Undo Cycle 1.914ms
[51.152s][info][gc] GC(503) Pause Young (Concurrent Start) (G1 Humongous Allocation) 1099M->13M(1476M) 1.415ms
[51.152s][info][gc] GC(504) Concurrent Undo Cycle
[51.154s][info][gc] GC(504) Concurrent Undo Cycle 1.932ms
[51.232s][info][gc] GC(505) Pause Young (Concurrent Start) (G1 Humongous Allocation) 1099M->13M(1476M) 1.347ms
[51.232s][info][gc] GC(506) Concurrent Undo Cycle
[51.233s][info][gc] GC(506) Concurrent Undo Cycle 1.579ms
[51.305s][info][gc] GC(507) Pause Young (Concurrent Start) (G1 Humongous Allocation) 1099M->13M(1476M) 1.207ms
[51.305s][info][gc] GC(508) Concurrent Undo Cycle
[51.306s][info][gc] GC(508) Concurrent Undo Cycle 1.311ms
[51.373s][info][gc] GC(509) Pause Young (Concurrent Start) (G1 Humongous Allocation) 1099M->13M(1476M) 1.367ms
[51.373s][info][gc] GC(510) Concurrent Undo Cycle
[51.374s][info][gc] GC(510) Concurrent Undo Cycle 1.522ms
[51.456s][info][gc] GC(511) Pause Young (Concurrent Start) (G1 Humongous Allocation) 1099M->13M(1476M) 1.385ms
[51.456s][info][gc] GC(512) Concurrent Undo Cycle
[51.459s][info][gc] GC(512) Concurrent Undo Cycle 2.996ms
[51.527s][info][gc] GC(513) Pause Young (Concurrent Start) (G1 Humongous Allocation) 1099M->13M(1476M) 1.394ms
[51.527s][info][gc] GC(514) Concurrent Undo Cycle
[51.529s][info][gc] GC(514) Concurrent Undo Cycle 1.833ms
[51.595s][info][gc] GC(515) Pause Young (Concurrent Start) (G1 Humongous Allocation) 1099M->13M(1476M) 1.158ms
[51.595s][info][gc] GC(516) Concurrent Undo Cycle
[51.597s][info][gc] GC(516) Concurrent Undo Cycle 1.247ms
[51.664s][info][gc] GC(517) Pause Young (Concurrent Start) (G1 Humongous Allocation) 1099M->13M(1476M) 1.225ms
[51.664s][info][gc] GC(518) Concurrent Undo Cycle
[51.667s][info][gc] GC(518) Concurrent Undo Cycle 3.064ms
[51.741s][info][gc] GC(519) Pause Young (Concurrent Start) (G1 Humongous Allocation) 1093M->13M(1476M) 1.441ms
[51.741s][info][gc] GC(520) Concurrent Undo Cycle
[51.742s][info][gc] GC(520) Concurrent Undo Cycle 1.466ms
[51.811s][info][gc] GC(521) Pause Young (Concurrent Start) (G1 Humongous Allocation) 1093M->13M(1476M) 2.190ms
[51.811s][info][gc] GC(522) Concurrent Undo Cycle
[51.813s][info][gc] GC(522) Concurrent Undo Cycle 1.285ms
[51.886s][info][gc] GC(523) Pause Young (Concurrent Start) (G1 Humongous Allocation) 1093M->13M(1476M) 1.420ms
[51.887s][info][gc] GC(524) Concurrent Undo Cycle
[51.888s][info][gc] GC(524) Concurrent Undo Cycle 1.273ms
[51.961s][info][gc] GC(525) Pause Young (Concurrent Start) (G1 Humongous Allocation) 1093M->13M(1476M) 1.573ms
[51.961s][info][gc] GC(526) Concurrent Undo Cycle
[51.962s][info][gc] GC(526) Concurrent Undo Cycle 1.419ms
[52.033s][info][gc] GC(527) Pause Young (Concurrent Start) (G1 Humongous Allocation) 1093M->13M(1476M) 1.270ms
[52.033s][info][gc] GC(528) Concurrent Undo Cycle
[52.035s][info][gc] GC(528) Concurrent Undo Cycle 1.506ms
[52.108s][info][gc] GC(529) Pause Young (Concurrent Start) (G1 Humongous Allocation) 1093M->13M(1476M) 1.253ms
[52.108s][info][gc] GC(530) Concurrent Undo Cycle
[52.109s][info][gc] GC(530) Concurrent Undo Cycle 1.247ms
[52.179s][info][gc] GC(531) Pause Young (Concurrent Start) (G1 Humongous Allocation) 1093M->13M(1476M) 1.955ms
[52.179s][info][gc] GC(532) Concurrent Undo Cycle
[52.180s][info][gc] GC(532) Concurrent Undo Cycle 1.290ms
[52.247s][info][gc] GC(533) Pause Young (Concurrent Start) (G1 Humongous Allocation) 1093M->13M(1476M) 1.096ms
[52.247s][info][gc] GC(534) Concurrent Undo Cycle
[52.248s][info][gc] GC(534) Concurrent Undo Cycle 1.276ms
[52.316s][info][gc] GC(535) Pause Young (Concurrent Start) (G1 Humongous Allocation) 1093M->13M(1476M) 1.347ms
[52.316s][info][gc] GC(536) Concurrent Undo Cycle
[52.317s][info][gc] GC(536) Concurrent Undo Cycle 1.387ms
[52.384s][info][gc] GC(537) Pause Young (Concurrent Start) (G1 Humongous Allocation) 1093M->13M(1476M) 1.198ms
[52.384s][info][gc] GC(538) Concurrent Undo Cycle
[52.385s][info][gc] GC(538) Concurrent Undo Cycle 1.340ms
[52.453s][info][gc] GC(539) Pause Young (Concurrent Start) (G1 Humongous Allocation) 1093M->13M(1476M) 1.185ms
[52.453s][info][gc] GC(540) Concurrent Undo Cycle
[52.454s][info][gc] GC(540) Concurrent Undo Cycle 1.371ms
[52.522s][info][gc] GC(541) Pause Young (Concurrent Start) (G1 Humongous Allocation) 1093M->13M(1476M) 1.283ms
[52.523s][info][gc] GC(542) Concurrent Undo Cycle
[52.524s][info][gc] GC(542) Concurrent Undo Cycle 1.307ms
[52.592s][info][gc] GC(543) Pause Young (Concurrent Start) (G1 Humongous Allocation) 1093M->13M(1476M) 1.255ms
[52.592s][info][gc] GC(544) Concurrent Undo Cycle
[52.594s][info][gc] GC(544) Concurrent Undo Cycle 1.309ms
[52.661s][info][gc] GC(545) Pause Young (Concurrent Start) (G1 Humongous Allocation) 1093M->13M(1476M) 1.061ms
[52.661s][info][gc] GC(546) Concurrent Undo Cycle
[52.662s][info][gc] GC(546) Concurrent Undo Cycle 1.329ms
[52.730s][info][gc] GC(547) Pause Young (Concurrent Start) (G1 Humongous Allocation) 1093M->13M(1476M) 1.210ms
[52.730s][info][gc] GC(548) Concurrent Undo Cycle
[52.731s][info][gc] GC(548) Concurrent Undo Cycle 1.349ms
[52.799s][info][gc] GC(549) Pause Young (Concurrent Start) (G1 Humongous Allocation) 1093M->13M(1476M) 1.248ms
[52.799s][info][gc] GC(550) Concurrent Undo Cycle
[52.800s][info][gc] GC(550) Concurrent Undo Cycle 1.669ms
[52.868s][info][gc] GC(551) Pause Young (Concurrent Start) (G1 Humongous Allocation) 1093M->13M(1476M) 1.103ms
[52.868s][info][gc] GC(552) Concurrent Undo Cycle
[52.870s][info][gc] GC(552) Concurrent Undo Cycle 1.847ms
[52.939s][info][gc] GC(553) Pause Young (Concurrent Start) (G1 Humongous Allocation) 1093M->13M(1476M) 1.271ms
[52.939s][info][gc] GC(554) Concurrent Undo Cycle
[52.940s][info][gc] GC(554) Concurrent Undo Cycle 1.342ms
[53.009s][info][gc] GC(555) Pause Young (Concurrent Start) (G1 Humongous Allocation) 1093M->13M(1476M) 1.123ms
[53.009s][info][gc] GC(556) Concurrent Undo Cycle
[53.010s][info][gc] GC(556) Concurrent Undo Cycle 1.276ms
[53.079s][info][gc] GC(557) Pause Young (Concurrent Start) (G1 Humongous Allocation) 1093M->13M(1476M) 1.434ms
[53.079s][info][gc] GC(558) Concurrent Undo Cycle
[53.081s][info][gc] GC(558) Concurrent Undo Cycle 1.908ms
[53.149s][info][gc] GC(559) Pause Young (Concurrent Start) (G1 Humongous Allocation) 1093M->13M(1476M) 1.221ms
[53.149s][info][gc] GC(560) Concurrent Undo Cycle
[53.150s][info][gc] GC(560) Concurrent Undo Cycle 1.290ms
[53.221s][info][gc] GC(561) Pause Young (Concurrent Start) (G1 Humongous Allocation) 1093M->13M(1476M) 1.252ms
[53.221s][info][gc] GC(562) Concurrent Undo Cycle
[53.222s][info][gc] GC(562) Concurrent Undo Cycle 1.554ms
[53.295s][info][gc] GC(563) Pause Young (Concurrent Start) (G1 Humongous Allocation) 1093M->13M(1476M) 1.558ms
[53.295s][info][gc] GC(564) Concurrent Undo Cycle
[53.296s][info][gc] GC(564) Concurrent Undo Cycle 1.289ms
[53.364s][info][gc] GC(565) Pause Young (Concurrent Start) (G1 Humongous Allocation) 1093M->13M(1476M) 1.104ms
[53.364s][info][gc] GC(566) Concurrent Undo Cycle
[53.365s][info][gc] GC(566) Concurrent Undo Cycle 1.341ms
[53.435s][info][gc] GC(567) Pause Young (Concurrent Start) (G1 Humongous Allocation) 1093M->13M(1476M) 1.357ms
[53.435s][info][gc] GC(568) Concurrent Undo Cycle
[53.439s][info][gc] GC(568) Concurrent Undo Cycle 3.147ms
[53.507s][info][gc] GC(569) Pause Young (Concurrent Start) (G1 Humongous Allocation) 1093M->13M(1476M) 1.426ms
[53.507s][info][gc] GC(570) Concurrent Undo Cycle
[53.509s][info][gc] GC(570) Concurrent Undo Cycle 1.863ms
[53.577s][info][gc] GC(571) Pause Young (Concurrent Start) (G1 Humongous Allocation) 1093M->13M(1476M) 1.262ms
[53.577s][info][gc] GC(572) Concurrent Undo Cycle
[53.579s][info][gc] GC(572) Concurrent Undo Cycle 1.316ms
[53.647s][info][gc] GC(573) Pause Young (Concurrent Start) (G1 Humongous Allocation) 1093M->13M(1476M) 1.198ms
[53.647s][info][gc] GC(574) Concurrent Undo Cycle
[53.649s][info][gc] GC(574) Concurrent Undo Cycle 1.865ms
[53.718s][info][gc] GC(575) Pause Young (Concurrent Start) (G1 Humongous Allocation) 1093M->13M(1476M) 1.129ms
[53.718s][info][gc] GC(576) Concurrent Undo Cycle
[53.720s][info][gc] GC(576) Concurrent Undo Cycle 1.941ms
[53.793s][info][gc] GC(577) Pause Young (Concurrent Start) (G1 Humongous Allocation) 1093M->13M(1476M) 1.408ms
[53.793s][info][gc] GC(578) Concurrent Undo Cycle
[53.795s][info][gc] GC(578) Concurrent Undo Cycle 1.867ms
[53.865s][info][gc] GC(579) Pause Young (Concurrent Start) (G1 Humongous Allocation) 1094M->13M(1476M) 1.324ms
[53.865s][info][gc] GC(580) Concurrent Undo Cycle
[53.866s][info][gc] GC(580) Concurrent Undo Cycle 1.370ms
[53.941s][info][gc] GC(581) Pause Young (Concurrent Start) (G1 Humongous Allocation) 1094M->13M(1476M) 1.328ms
[53.941s][info][gc] GC(582) Concurrent Undo Cycle
[53.943s][info][gc] GC(582) Concurrent Undo Cycle 1.889ms
[54.012s][info][gc] GC(583) Pause Young (Concurrent Start) (G1 Humongous Allocation) 1094M->13M(1476M) 1.298ms
[54.013s][info][gc] GC(584) Concurrent Undo Cycle
[54.014s][info][gc] GC(584) Concurrent Undo Cycle 1.285ms
[54.083s][info][gc] GC(585) Pause Young (Concurrent Start) (G1 Humongous Allocation) 1094M->13M(1476M) 1.402ms
[54.083s][info][gc] GC(586) Concurrent Undo Cycle
[54.085s][info][gc] GC(586) Concurrent Undo Cycle 1.754ms
[54.155s][info][gc] GC(587) Pause Young (Concurrent Start) (G1 Humongous Allocation) 1094M->13M(1476M) 1.374ms
[54.155s][info][gc] GC(588) Concurrent Undo Cycle
[54.157s][info][gc] GC(588) Concurrent Undo Cycle 1.522ms
[54.226s][info][gc] GC(589) Pause Young (Concurrent Start) (G1 Humongous Allocation) 1094M->13M(1476M) 1.140ms
[54.226s][info][gc] GC(590) Concurrent Undo Cycle
[54.228s][info][gc] GC(590) Concurrent Undo Cycle 2.050ms
[54.299s][info][gc] GC(591) Pause Young (Concurrent Start) (G1 Humongous Allocation) 1094M->13M(1476M) 1.283ms
[54.299s][info][gc] GC(592) Concurrent Undo Cycle
[54.301s][info][gc] GC(592) Concurrent Undo Cycle 1.983ms
[54.370s][info][gc] GC(593) Pause Young (Concurrent Start) (G1 Humongous Allocation) 1094M->13M(1476M) 1.339ms
[54.370s][info][gc] GC(594) Concurrent Undo Cycle
[54.372s][info][gc] GC(594) Concurrent Undo Cycle 1.502ms
[54.440s][info][gc] GC(595) Pause Young (Concurrent Start) (G1 Humongous Allocation) 1094M->13M(1476M) 1.350ms
[54.441s][info][gc] GC(596) Concurrent Undo Cycle
[54.442s][info][gc] GC(596) Concurrent Undo Cycle 1.884ms
[54.511s][info][gc] GC(597) Pause Young (Concurrent Start) (G1 Humongous Allocation) 1094M->13M(1476M) 1.189ms
[54.512s][info][gc] GC(598) Concurrent Undo Cycle
[54.513s][info][gc] GC(598) Concurrent Undo Cycle 1.355ms
[54.589s][info][gc] GC(599) Pause Young (Concurrent Start) (G1 Humongous Allocation) 1094M->13M(1476M) 1.481ms
[54.590s][info][gc] GC(600) Concurrent Undo Cycle
[54.591s][info][gc] GC(600) Concurrent Undo Cycle 1.797ms
[54.662s][info][gc] GC(601) Pause Young (Concurrent Start) (G1 Humongous Allocation) 1094M->13M(1476M) 1.382ms
[54.662s][info][gc] GC(602) Concurrent Undo Cycle
[54.663s][info][gc] GC(602) Concurrent Undo Cycle 1.336ms
[54.733s][info][gc] GC(603) Pause Young (Concurrent Start) (G1 Humongous Allocation) 1094M->13M(1476M) 1.371ms
[54.733s][info][gc] GC(604) Concurrent Undo Cycle
[54.736s][info][gc] GC(604) Concurrent Undo Cycle 3.149ms
[54.805s][info][gc] GC(605) Pause Young (Concurrent Start) (G1 Humongous Allocation) 1094M->13M(1476M) 1.243ms
[54.805s][info][gc] GC(606) Concurrent Undo Cycle
[54.807s][info][gc] GC(606) Concurrent Undo Cycle 1.353ms
[54.879s][info][gc] GC(607) Pause Young (Concurrent Start) (G1 Humongous Allocation) 1094M->14M(1476M) 1.211ms
[54.879s][info][gc] GC(608) Concurrent Undo Cycle
[54.881s][info][gc] GC(608) Concurrent Undo Cycle 1.871ms
[54.956s][info][gc] GC(609) Pause Young (Concurrent Start) (G1 Humongous Allocation) 1094M->14M(1476M) 1.221ms
[54.956s][info][gc] GC(610) Concurrent Undo Cycle
[54.958s][info][gc] GC(610) Concurrent Undo Cycle 1.801ms
[55.031s][info][gc] GC(611) Pause Young (Concurrent Start) (G1 Humongous Allocation) 1094M->14M(1476M) 1.551ms
[55.031s][info][gc] GC(612) Concurrent Undo Cycle
[55.034s][info][gc] GC(612) Concurrent Undo Cycle 2.924ms
[55.113s][info][gc] GC(613) Pause Young (Concurrent Start) (G1 Humongous Allocation) 1094M->14M(1476M) 1.361ms
[55.113s][info][gc] GC(614) Concurrent Undo Cycle
[55.114s][info][gc] GC(614) Concurrent Undo Cycle 1.665ms
[55.196s][info][gc] GC(615) Pause Young (Concurrent Start) (G1 Humongous Allocation) 1094M->14M(1476M) 1.973ms
[55.196s][info][gc] GC(616) Concurrent Undo Cycle
[55.198s][info][gc] GC(616) Concurrent Undo Cycle 1.935ms
[55.283s][info][gc] GC(617) Pause Young (Concurrent Start) (G1 Humongous Allocation) 1094M->14M(1476M) 1.284ms
[55.283s][info][gc] GC(618) Concurrent Undo Cycle
[55.286s][info][gc] GC(618) Concurrent Undo Cycle 2.672ms
[55.360s][info][gc] GC(619) Pause Young (Concurrent Start) (G1 Humongous Allocation) 1094M->14M(1476M) 1.104ms
[55.360s][info][gc] GC(620) Concurrent Undo Cycle
[55.361s][info][gc] GC(620) Concurrent Undo Cycle 1.280ms
[55.434s][info][gc] GC(621) Pause Young (Concurrent Start) (G1 Humongous Allocation) 1094M->14M(1476M) 1.292ms
[55.434s][info][gc] GC(622) Concurrent Undo Cycle
[55.435s][info][gc] GC(622) Concurrent Undo Cycle 1.266ms
[55.508s][info][gc] GC(623) Pause Young (Concurrent Start) (G1 Humongous Allocation) 1094M->14M(1476M) 1.531ms
[55.508s][info][gc] GC(624) Concurrent Undo Cycle
[55.509s][info][gc] GC(624) Concurrent Undo Cycle 1.169ms
[55.584s][info][gc] GC(625) Pause Young (Concurrent Start) (G1 Humongous Allocation) 1094M->14M(1476M) 1.357ms
[55.584s][info][gc] GC(626) Concurrent Undo Cycle
[55.585s][info][gc] GC(626) Concurrent Undo Cycle 1.263ms
[55.657s][info][gc] GC(627) Pause Young (Concurrent Start) (G1 Humongous Allocation) 1094M->14M(1476M) 1.475ms
[55.657s][info][gc] GC(628) Concurrent Undo Cycle
[55.658s][info][gc] GC(628) Concurrent Undo Cycle 1.291ms
[55.729s][info][gc] GC(629) Pause Young (Concurrent Start) (G1 Humongous Allocation) 1094M->14M(1476M) 1.470ms
[55.729s][info][gc] GC(630) Concurrent Undo Cycle
[55.731s][info][gc] GC(630) Concurrent Undo Cycle 1.798ms
[55.804s][info][gc] GC(631) Pause Young (Concurrent Start) (G1 Humongous Allocation) 1094M->14M(1476M) 1.536ms
[55.804s][info][gc] GC(632) Concurrent Undo Cycle
[55.806s][info][gc] GC(632) Concurrent Undo Cycle 1.889ms
[55.878s][info][gc] GC(633) Pause Young (Concurrent Start) (G1 Humongous Allocation) 1094M->14M(1476M) 1.375ms
[55.878s][info][gc] GC(634) Concurrent Undo Cycle
[55.881s][info][gc] GC(634) Concurrent Undo Cycle 3.119ms
[55.954s][info][gc] GC(635) Pause Young (Concurrent Start) (G1 Humongous Allocation) 1094M->14M(1476M) 1.146ms
[55.954s][info][gc] GC(636) Concurrent Undo Cycle
[55.956s][info][gc] GC(636) Concurrent Undo Cycle 1.320ms
[56.026s][info][gc] GC(637) Pause Young (Concurrent Start) (G1 Humongous Allocation) 1094M->14M(1476M) 1.192ms
[56.026s][info][gc] GC(638) Concurrent Undo Cycle
[56.028s][info][gc] GC(638) Concurrent Undo Cycle 1.637ms
[56.102s][info][gc] GC(639) Pause Young (Concurrent Start) (G1 Humongous Allocation) 1094M->14M(1476M) 1.391ms
[56.102s][info][gc] GC(640) Concurrent Undo Cycle
[56.103s][info][gc] GC(640) Concurrent Undo Cycle 1.550ms
[56.175s][info][gc] GC(641) Pause Young (Concurrent Start) (G1 Humongous Allocation) 1094M->14M(1476M) 1.347ms
[56.175s][info][gc] GC(642) Concurrent Undo Cycle
[56.176s][info][gc] GC(642) Concurrent Undo Cycle 1.299ms
[56.248s][info][gc] GC(643) Pause Young (Concurrent Start) (G1 Humongous Allocation) 1094M->14M(1476M) 1.466ms
[56.248s][info][gc] GC(644) Concurrent Undo Cycle
[56.250s][info][gc] GC(644) Concurrent Undo Cycle 1.435ms
[56.323s][info][gc] GC(645) Pause Young (Concurrent Start) (G1 Humongous Allocation) 1094M->14M(1476M) 1.472ms
[56.323s][info][gc] GC(646) Concurrent Undo Cycle
[56.325s][info][gc] GC(646) Concurrent Undo Cycle 1.936ms
[56.396s][info][gc] GC(647) Pause Young (Concurrent Start) (G1 Humongous Allocation) 1094M->14M(1476M) 1.268ms
[56.396s][info][gc] GC(648) Concurrent Undo Cycle
[56.398s][info][gc] GC(648) Concurrent Undo Cycle 1.545ms
[56.468s][info][gc] GC(649) Pause Young (Concurrent Start) (G1 Humongous Allocation) 1094M->14M(1476M) 1.222ms
[56.468s][info][gc] GC(650) Concurrent Undo Cycle
[56.470s][info][gc] GC(650) Concurrent Undo Cycle 1.894ms
[56.541s][info][gc] GC(651) Pause Young (Concurrent Start) (G1 Humongous Allocation) 1094M->14M(1476M) 1.456ms
[56.541s][info][gc] GC(652) Concurrent Undo Cycle
[56.543s][info][gc] GC(652) Concurrent Undo Cycle 1.924ms
[56.615s][info][gc] GC(653) Pause Young (Concurrent Start) (G1 Humongous Allocation) 1094M->14M(1476M) 1.431ms
[56.615s][info][gc] GC(654) Concurrent Undo Cycle
[56.617s][info][gc] GC(654) Concurrent Undo Cycle 1.895ms
[56.688s][info][gc] GC(655) Pause Young (Concurrent Start) (G1 Humongous Allocation) 1094M->14M(1476M) 1.093ms
[56.688s][info][gc] GC(656) Concurrent Undo Cycle
[56.689s][info][gc] GC(656) Concurrent Undo Cycle 1.345ms
[56.761s][info][gc] GC(657) Pause Young (Concurrent Start) (G1 Humongous Allocation) 1094M->14M(1476M) 1.369ms
[56.761s][info][gc] GC(658) Concurrent Undo Cycle
[56.763s][info][gc] GC(658) Concurrent Undo Cycle 1.988ms
[56.836s][info][gc] GC(659) Pause Young (Concurrent Start) (G1 Humongous Allocation) 1094M->14M(1476M) 1.210ms
[56.836s][info][gc] GC(660) Concurrent Undo Cycle
[56.837s][info][gc] GC(660) Concurrent Undo Cycle 1.347ms
[56.910s][info][gc] GC(661) Pause Young (Concurrent Start) (G1 Humongous Allocation) 1094M->14M(1476M) 1.206ms
[56.910s][info][gc] GC(662) Concurrent Undo Cycle
[56.911s][info][gc] GC(662) Concurrent Undo Cycle 1.307ms
[56.984s][info][gc] GC(663) Pause Young (Concurrent Start) (G1 Humongous Allocation) 1094M->14M(1476M) 1.541ms
[56.984s][info][gc] GC(664) Concurrent Undo Cycle
[56.986s][info][gc] GC(664) Concurrent Undo Cycle 1.960ms
[57.060s][info][gc] GC(665) Pause Young (Concurrent Start) (G1 Humongous Allocation) 1094M->14M(1476M) 1.352ms
[57.060s][info][gc] GC(666) Concurrent Undo Cycle
[57.062s][info][gc] GC(666) Concurrent Undo Cycle 1.742ms
[57.135s][info][gc] GC(667) Pause Young (Concurrent Start) (G1 Humongous Allocation) 1094M->14M(1476M) 1.336ms
[57.135s][info][gc] GC(668) Concurrent Undo Cycle
[57.136s][info][gc] GC(668) Concurrent Undo Cycle 1.286ms
[57.207s][info][gc] GC(669) Pause Young (Concurrent Start) (G1 Humongous Allocation) 1094M->14M(1476M) 1.197ms
[57.207s][info][gc] GC(670) Concurrent Undo Cycle
[57.209s][info][gc] GC(670) Concurrent Undo Cycle 1.267ms
[57.281s][info][gc] GC(671) Pause Young (Concurrent Start) (G1 Humongous Allocation) 1094M->14M(1476M) 1.425ms
[57.281s][info][gc] GC(672) Concurrent Undo Cycle
[57.282s][info][gc] GC(672) Concurrent Undo Cycle 1.780ms
[57.355s][info][gc] GC(673) Pause Young (Concurrent Start) (G1 Humongous Allocation) 1094M->14M(1476M) 1.297ms
[57.355s][info][gc] GC(674) Concurrent Undo Cycle
[57.356s][info][gc] GC(674) Concurrent Undo Cycle 1.540ms
[57.430s][info][gc] GC(675) Pause Young (Concurrent Start) (G1 Humongous Allocation) 1094M->14M(1476M) 1.586ms
[57.430s][info][gc] GC(676) Concurrent Undo Cycle
[57.432s][info][gc] GC(676) Concurrent Undo Cycle 1.894ms
[57.503s][info][gc] GC(677) Pause Young (Concurrent Start) (G1 Humongous Allocation) 1094M->14M(1476M) 1.490ms
[57.503s][info][gc] GC(678) Concurrent Undo Cycle
[57.505s][info][gc] GC(678) Concurrent Undo Cycle 1.939ms
[57.578s][info][gc] GC(679) Pause Young (Concurrent Start) (G1 Humongous Allocation) 1094M->14M(1476M) 1.482ms
[57.578s][info][gc] GC(680) Concurrent Undo Cycle
[57.580s][info][gc] GC(680) Concurrent Undo Cycle 1.330ms
[57.652s][info][gc] GC(681) Pause Young (Concurrent Start) (G1 Humongous Allocation) 1094M->14M(1476M) 1.407ms
[57.652s][info][gc] GC(682) Concurrent Undo Cycle
[57.654s][info][gc] GC(682) Concurrent Undo Cycle 1.321ms
[57.726s][info][gc] GC(683) Pause Young (Concurrent Start) (G1 Humongous Allocation) 1094M->14M(1476M) 1.313ms
[57.726s][info][gc] GC(684) Concurrent Undo Cycle
[57.727s][info][gc] GC(684) Concurrent Undo Cycle 1.339ms
[57.800s][info][gc] GC(685) Pause Young (Concurrent Start) (G1 Humongous Allocation) 1094M->14M(1476M) 1.317ms
[57.800s][info][gc] GC(686) Concurrent Undo Cycle
[57.801s][info][gc] GC(686) Concurrent Undo Cycle 1.353ms
[57.874s][info][gc] GC(687) Pause Young (Concurrent Start) (G1 Humongous Allocation) 1095M->14M(1476M) 1.471ms
[57.874s][info][gc] GC(688) Concurrent Undo Cycle
[57.876s][info][gc] GC(688) Concurrent Undo Cycle 1.597ms
[57.949s][info][gc] GC(689) Pause Young (Concurrent Start) (G1 Humongous Allocation) 1095M->14M(1476M) 1.392ms
[57.949s][info][gc] GC(690) Concurrent Undo Cycle
[57.951s][info][gc] GC(690) Concurrent Undo Cycle 1.346ms
[58.027s][info][gc] GC(691) Pause Young (Concurrent Start) (G1 Humongous Allocation) 1095M->14M(1476M) 1.230ms
[58.028s][info][gc] GC(692) Concurrent Undo Cycle
[58.029s][info][gc] GC(692) Concurrent Undo Cycle 1.319ms
[58.103s][info][gc] GC(693) Pause Young (Concurrent Start) (G1 Humongous Allocation) 1095M->14M(1476M) 1.345ms
[58.103s][info][gc] GC(694) Concurrent Undo Cycle
[58.104s][info][gc] GC(694) Concurrent Undo Cycle 1.319ms
[58.179s][info][gc] GC(695) Pause Young (Concurrent Start) (G1 Humongous Allocation) 1095M->14M(1476M) 1.414ms
[58.179s][info][gc] GC(696) Concurrent Undo Cycle
[58.182s][info][gc] GC(696) Concurrent Undo Cycle 3.271ms
[58.255s][info][gc] GC(697) Pause Young (Concurrent Start) (G1 Humongous Allocation) 1095M->14M(1476M) 1.200ms
[58.255s][info][gc] GC(698) Concurrent Undo Cycle
[58.257s][info][gc] GC(698) Concurrent Undo Cycle 1.910ms
[58.337s][info][gc] GC(699) Pause Young (Concurrent Start) (G1 Humongous Allocation) 1095M->14M(1476M) 1.495ms
[58.337s][info][gc] GC(700) Concurrent Undo Cycle
[58.338s][info][gc] GC(700) Concurrent Undo Cycle 1.323ms
[58.411s][info][gc] GC(701) Pause Young (Concurrent Start) (G1 Humongous Allocation) 1095M->14M(1476M) 1.217ms
[58.411s][info][gc] GC(702) Concurrent Undo Cycle
[58.412s][info][gc] GC(702) Concurrent Undo Cycle 1.304ms
[58.485s][info][gc] GC(703) Pause Young (Concurrent Start) (G1 Humongous Allocation) 1095M->14M(1476M) 1.464ms
[58.485s][info][gc] GC(704) Concurrent Undo Cycle
[58.486s][info][gc] GC(704) Concurrent Undo Cycle 1.318ms
[58.559s][info][gc] GC(705) Pause Young (Concurrent Start) (G1 Humongous Allocation) 1095M->14M(1476M) 1.355ms
[58.559s][info][gc] GC(706) Concurrent Undo Cycle
[58.560s][info][gc] GC(706) Concurrent Undo Cycle 1.300ms
[58.635s][info][gc] GC(707) Pause Young (Concurrent Start) (G1 Humongous Allocation) 1095M->14M(1476M) 1.308ms
[58.635s][info][gc] GC(708) Concurrent Undo Cycle
[58.636s][info][gc] GC(708) Concurrent Undo Cycle 1.295ms
[58.709s][info][gc] GC(709) Pause Young (Concurrent Start) (G1 Humongous Allocation) 1095M->14M(1476M) 1.444ms
[58.709s][info][gc] GC(710) Concurrent Undo Cycle
[58.710s][info][gc] GC(710) Concurrent Undo Cycle 1.328ms
[58.784s][info][gc] GC(711) Pause Young (Concurrent Start) (G1 Humongous Allocation) 1095M->14M(1476M) 1.220ms
[58.784s][info][gc] GC(712) Concurrent Undo Cycle
[58.785s][info][gc] GC(712) Concurrent Undo Cycle 1.280ms
[58.860s][info][gc] GC(713) Pause Young (Concurrent Start) (G1 Humongous Allocation) 1095M->14M(1476M) 1.409ms
[58.860s][info][gc] GC(714) Concurrent Undo Cycle
[58.862s][info][gc] GC(714) Concurrent Undo Cycle 1.924ms
[58.935s][info][gc] GC(715) Pause Young (Concurrent Start) (G1 Humongous Allocation) 1095M->14M(1476M) 1.161ms
[58.935s][info][gc] GC(716) Concurrent Undo Cycle
[58.936s][info][gc] GC(716) Concurrent Undo Cycle 1.344ms
[59.013s][info][gc] GC(717) Pause Young (Concurrent Start) (G1 Humongous Allocation) 1095M->14M(1476M) 1.239ms
[59.013s][info][gc] GC(718) Concurrent Undo Cycle
[59.015s][info][gc] GC(718) Concurrent Undo Cycle 1.822ms
[59.099s][info][gc] GC(719) Pause Young (Concurrent Start) (G1 Humongous Allocation) 1095M->14M(1476M) 1.127ms
[59.099s][info][gc] GC(720) Concurrent Undo Cycle
[59.101s][info][gc] GC(720) Concurrent Undo Cycle 1.437ms
[59.182s][info][gc] GC(721) Pause Young (Concurrent Start) (G1 Humongous Allocation) 1095M->14M(1476M) 1.465ms
[59.182s][info][gc] GC(722) Concurrent Undo Cycle
[59.184s][info][gc] GC(722) Concurrent Undo Cycle 1.600ms
[59.263s][info][gc] GC(723) Pause Young (Concurrent Start) (G1 Humongous Allocation) 1095M->14M(1476M) 1.224ms
[59.263s][info][gc] GC(724) Concurrent Undo Cycle
[59.264s][info][gc] GC(724) Concurrent Undo Cycle 1.297ms
[59.340s][info][gc] GC(725) Pause Young (Concurrent Start) (G1 Humongous Allocation) 1095M->14M(1476M) 1.242ms
[59.340s][info][gc] GC(726) Concurrent Undo Cycle
[59.342s][info][gc] GC(726) Concurrent Undo Cycle 1.883ms
[59.416s][info][gc] GC(727) Pause Young (Concurrent Start) (G1 Humongous Allocation) 1095M->14M(1476M) 1.462ms
[59.416s][info][gc] GC(728) Concurrent Undo Cycle
[59.418s][info][gc] GC(728) Concurrent Undo Cycle 1.909ms
[59.493s][info][gc] GC(729) Pause Young (Concurrent Start) (G1 Humongous Allocation) 1095M->14M(1476M) 1.470ms
[59.493s][info][gc] GC(730) Concurrent Undo Cycle
[59.494s][info][gc] GC(730) Concurrent Undo Cycle 1.279ms
[59.568s][info][gc] GC(731) Pause Young (Concurrent Start) (G1 Humongous Allocation) 1095M->15M(1476M) 1.437ms
[59.568s][info][gc] GC(732) Concurrent Undo Cycle
[59.570s][info][gc] GC(732) Concurrent Undo Cycle 1.525ms
[59.644s][info][gc] GC(733) Pause Young (Concurrent Start) (G1 Humongous Allocation) 1095M->15M(1476M) 1.289ms
[59.644s][info][gc] GC(734) Concurrent Undo Cycle
[59.645s][info][gc] GC(734) Concurrent Undo Cycle 1.309ms
[59.719s][info][gc] GC(735) Pause Young (Concurrent Start) (G1 Humongous Allocation) 1095M->15M(1476M) 1.254ms
[59.719s][info][gc] GC(736) Concurrent Undo Cycle
[59.721s][info][gc] GC(736) Concurrent Undo Cycle 1.911ms
[59.798s][info][gc] GC(737) Pause Young (Concurrent Start) (G1 Humongous Allocation) 1095M->15M(1476M) 1.413ms
[59.798s][info][gc] GC(738) Concurrent Undo Cycle
[59.800s][info][gc] GC(738) Concurrent Undo Cycle 1.328ms
[59.874s][info][gc] GC(739) Pause Young (Concurrent Start) (G1 Humongous Allocation) 1095M->15M(1476M) 1.318ms
[59.874s][info][gc] GC(740) Concurrent Undo Cycle
[59.875s][info][gc] GC(740) Concurrent Undo Cycle 1.429ms
[59.960s][info][gc] GC(741) Pause Young (Concurrent Start) (G1 Humongous Allocation) 1095M->15M(1476M) 1.201ms
[59.960s][info][gc] GC(742) Concurrent Undo Cycle
[59.962s][info][gc] GC(742) Concurrent Undo Cycle 1.264ms
[60.036s][info][gc] GC(743) Pause Young (Concurrent Start) (G1 Humongous Allocation) 1095M->15M(1476M) 1.256ms
[60.037s][info][gc] GC(744) Concurrent Undo Cycle
[60.038s][info][gc] GC(744) Concurrent Undo Cycle 1.285ms
[60.113s][info][gc] GC(745) Pause Young (Concurrent Start) (G1 Humongous Allocation) 1095M->15M(1476M) 1.393ms
[60.113s][info][gc] GC(746) Concurrent Undo Cycle
[60.114s][info][gc] GC(746) Concurrent Undo Cycle 1.298ms
[60.189s][info][gc] GC(747) Pause Young (Concurrent Start) (G1 Humongous Allocation) 1095M->15M(1476M) 1.131ms
[60.189s][info][gc] GC(748) Concurrent Undo Cycle
[60.190s][info][gc] GC(748) Concurrent Undo Cycle 1.316ms
[60.265s][info][gc] GC(749) Pause Young (Concurrent Start) (G1 Humongous Allocation) 1095M->15M(1476M) 1.245ms
[60.265s][info][gc] GC(750) Concurrent Undo Cycle
[60.266s][info][gc] GC(750) Concurrent Undo Cycle 1.315ms
[60.341s][info][gc] GC(751) Pause Young (Concurrent Start) (G1 Humongous Allocation) 1095M->15M(1476M) 1.415ms
[60.341s][info][gc] GC(752) Concurrent Undo Cycle
[60.343s][info][gc] GC(752) Concurrent Undo Cycle 1.880ms
[60.418s][info][gc] GC(753) Pause Young (Concurrent Start) (G1 Humongous Allocation) 1095M->15M(1476M) 1.423ms
[60.418s][info][gc] GC(754) Concurrent Undo Cycle
[60.419s][info][gc] GC(754) Concurrent Undo Cycle 1.357ms
[60.494s][info][gc] GC(755) Pause Young (Concurrent Start) (G1 Humongous Allocation) 1095M->15M(1476M) 1.195ms
[60.494s][info][gc] GC(756) Concurrent Undo Cycle
[60.495s][info][gc] GC(756) Concurrent Undo Cycle 1.303ms
[60.569s][info][gc] GC(757) Pause Young (Concurrent Start) (G1 Humongous Allocation) 1095M->15M(1476M) 1.176ms
[60.569s][info][gc] GC(758) Concurrent Undo Cycle
[60.571s][info][gc] GC(758) Concurrent Undo Cycle 1.824ms
[60.646s][info][gc] GC(759) Pause Young (Concurrent Start) (G1 Humongous Allocation) 1095M->15M(1476M) 1.307ms
[60.646s][info][gc] GC(760) Concurrent Undo Cycle
[60.648s][info][gc] GC(760) Concurrent Undo Cycle 1.827ms
[60.725s][info][gc] GC(761) Pause Young (Concurrent Start) (G1 Humongous Allocation) 1095M->15M(1476M) 1.214ms
[60.725s][info][gc] GC(762) Concurrent Undo Cycle
[60.726s][info][gc] GC(762) Concurrent Undo Cycle 1.314ms
[60.801s][info][gc] GC(763) Pause Young (Concurrent Start) (G1 Humongous Allocation) 1095M->15M(1476M) 1.110ms
[60.801s][info][gc] GC(764) Concurrent Undo Cycle
[60.802s][info][gc] GC(764) Concurrent Undo Cycle 1.336ms
[60.884s][info][gc] GC(765) Pause Young (Concurrent Start) (G1 Humongous Allocation) 1095M->15M(1476M) 1.250ms
[60.884s][info][gc] GC(766) Concurrent Undo Cycle
[60.886s][info][gc] GC(766) Concurrent Undo Cycle 1.302ms
[60.962s][info][gc] GC(767) Pause Young (Concurrent Start) (G1 Humongous Allocation) 1095M->15M(1476M) 1.443ms
[60.962s][info][gc] GC(768) Concurrent Undo Cycle
[60.963s][info][gc] GC(768) Concurrent Undo Cycle 1.415ms
[61.039s][info][gc] GC(769) Pause Young (Concurrent Start) (G1 Humongous Allocation) 1095M->15M(1476M) 1.302ms
[61.039s][info][gc] GC(770) Concurrent Undo Cycle
[61.040s][info][gc] GC(770) Concurrent Undo Cycle 1.276ms
[61.115s][info][gc] GC(771) Pause Young (Concurrent Start) (G1 Humongous Allocation) 1095M->15M(1476M) 1.392ms
[61.115s][info][gc] GC(772) Concurrent Undo Cycle
[61.117s][info][gc] GC(772) Concurrent Undo Cycle 1.328ms
[61.192s][info][gc] GC(773) Pause Young (Concurrent Start) (G1 Humongous Allocation) 1095M->15M(1476M) 1.132ms
[61.192s][info][gc] GC(774) Concurrent Undo Cycle
[61.193s][info][gc] GC(774) Concurrent Undo Cycle 1.316ms
[61.271s][info][gc] GC(775) Pause Young (Concurrent Start) (G1 Humongous Allocation) 1095M->15M(1476M) 1.185ms
[61.271s][info][gc] GC(776) Concurrent Undo Cycle
[61.272s][info][gc] GC(776) Concurrent Undo Cycle 1.331ms
[61.351s][info][gc] GC(777) Pause Young (Concurrent Start) (G1 Humongous Allocation) 1095M->15M(1476M) 1.782ms
[61.351s][info][gc] GC(778) Concurrent Undo Cycle
[61.353s][info][gc] GC(778) Concurrent Undo Cycle 1.909ms
[61.429s][info][gc] GC(779) Pause Young (Concurrent Start) (G1 Humongous Allocation) 1095M->15M(1476M) 1.517ms
[61.429s][info][gc] GC(780) Concurrent Undo Cycle
[61.431s][info][gc] GC(780) Concurrent Undo Cycle 1.858ms
[61.508s][info][gc] GC(781) Pause Young (Concurrent Start) (G1 Humongous Allocation) 1095M->15M(1476M) 1.251ms
[61.508s][info][gc] GC(782) Concurrent Undo Cycle
[61.510s][info][gc] GC(782) Concurrent Undo Cycle 1.291ms
[61.590s][info][gc] GC(783) Pause Young (Concurrent Start) (G1 Humongous Allocation) 1095M->15M(1476M) 1.252ms
[61.590s][info][gc] GC(784) Concurrent Undo Cycle
[61.591s][info][gc] GC(784) Concurrent Undo Cycle 1.904ms
[61.669s][info][gc] GC(785) Pause Young (Concurrent Start) (G1 Humongous Allocation) 1095M->15M(1476M) 1.456ms
[61.669s][info][gc] GC(786) Concurrent Undo Cycle
[61.671s][info][gc] GC(786) Concurrent Undo Cycle 1.505ms
[61.747s][info][gc] GC(787) Pause Young (Concurrent Start) (G1 Humongous Allocation) 1095M->15M(1476M) 1.441ms
[61.747s][info][gc] GC(788) Concurrent Undo Cycle
[61.749s][info][gc] GC(788) Concurrent Undo Cycle 1.336ms
[61.825s][info][gc] GC(789) Pause Young (Concurrent Start) (G1 Humongous Allocation) 1095M->15M(1476M) 1.115ms
[61.825s][info][gc] GC(790) Concurrent Undo Cycle
[61.826s][info][gc] GC(790) Concurrent Undo Cycle 1.331ms
[61.904s][info][gc] GC(791) Pause Young (Concurrent Start) (G1 Humongous Allocation) 1095M->15M(1476M) 1.143ms
[61.904s][info][gc] GC(792) Concurrent Undo Cycle
[61.905s][info][gc] GC(792) Concurrent Undo Cycle 1.226ms
[61.982s][info][gc] GC(793) Pause Young (Concurrent Start) (G1 Humongous Allocation) 1095M->15M(1476M) 1.469ms
[61.982s][info][gc] GC(794) Concurrent Undo Cycle
[61.984s][info][gc] GC(794) Concurrent Undo Cycle 1.316ms
[62.059s][info][gc] GC(795) Pause Young (Concurrent Start) (G1 Humongous Allocation) 1095M->15M(1476M) 1.138ms
[62.059s][info][gc] GC(796) Concurrent Undo Cycle
[62.061s][info][gc] GC(796) Concurrent Undo Cycle 1.322ms
[62.136s][info][gc] GC(797) Pause Young (Concurrent Start) (G1 Humongous Allocation) 1095M->15M(1476M) 1.066ms
[62.136s][info][gc] GC(798) Concurrent Undo Cycle
[62.138s][info][gc] GC(798) Concurrent Undo Cycle 1.359ms
[62.214s][info][gc] GC(799) Pause Young (Concurrent Start) (G1 Humongous Allocation) 1095M->15M(1476M) 1.183ms
[62.215s][info][gc] GC(800) Concurrent Undo Cycle
[62.216s][info][gc] GC(800) Concurrent Undo Cycle 1.342ms
[62.293s][info][gc] GC(801) Pause Young (Concurrent Start) (G1 Humongous Allocation) 1096M->15M(1476M) 1.277ms
[62.293s][info][gc] GC(802) Concurrent Undo Cycle
[62.295s][info][gc] GC(802) Concurrent Undo Cycle 1.284ms
[62.373s][info][gc] GC(803) Pause Young (Concurrent Start) (G1 Humongous Allocation) 1096M->15M(1476M) 1.410ms
[62.373s][info][gc] GC(804) Concurrent Undo Cycle
[62.375s][info][gc] GC(804) Concurrent Undo Cycle 1.868ms
[62.453s][info][gc] GC(805) Pause Young (Concurrent Start) (G1 Humongous Allocation) 1096M->15M(1476M) 1.378ms
[62.453s][info][gc] GC(806) Concurrent Undo Cycle
[62.455s][info][gc] GC(806) Concurrent Undo Cycle 1.776ms
[62.531s][info][gc] GC(807) Pause Young (Concurrent Start) (G1 Humongous Allocation) 1096M->15M(1476M) 1.313ms
[62.531s][info][gc] GC(808) Concurrent Undo Cycle
[62.533s][info][gc] GC(808) Concurrent Undo Cycle 1.824ms
[62.609s][info][gc] GC(809) Pause Young (Concurrent Start) (G1 Humongous Allocation) 1096M->15M(1476M) 1.208ms
[62.609s][info][gc] GC(810) Concurrent Undo Cycle
[62.611s][info][gc] GC(810) Concurrent Undo Cycle 1.319ms
[62.691s][info][gc] GC(811) Pause Young (Concurrent Start) (G1 Humongous Allocation) 1096M->15M(1476M) 1.575ms
[62.691s][info][gc] GC(812) Concurrent Undo Cycle
[62.692s][info][gc] GC(812) Concurrent Undo Cycle 1.196ms
[62.771s][info][gc] GC(813) Pause Young (Concurrent Start) (G1 Humongous Allocation) 1096M->15M(1476M) 1.424ms
[62.771s][info][gc] GC(814) Concurrent Undo Cycle
[62.772s][info][gc] GC(814) Concurrent Undo Cycle 1.545ms
[62.850s][info][gc] GC(815) Pause Young (Concurrent Start) (G1 Humongous Allocation) 1096M->15M(1476M) 1.516ms
[62.850s][info][gc] GC(816) Concurrent Undo Cycle
[62.852s][info][gc] GC(816) Concurrent Undo Cycle 1.528ms
[62.930s][info][gc] GC(817) Pause Young (Concurrent Start) (G1 Humongous Allocation) 1096M->15M(1476M) 1.230ms
[62.931s][info][gc] GC(818) Concurrent Undo Cycle
[62.932s][info][gc] GC(818) Concurrent Undo Cycle 1.375ms
[63.010s][info][gc] GC(819) Pause Young (Concurrent Start) (G1 Humongous Allocation) 1096M->15M(1476M) 1.385ms
[63.010s][info][gc] GC(820) Concurrent Undo Cycle
[63.011s][info][gc] GC(820) Concurrent Undo Cycle 1.405ms
[63.094s][info][gc] GC(821) Pause Young (Concurrent Start) (G1 Humongous Allocation) 1096M->15M(1476M) 1.317ms
[63.094s][info][gc] GC(822) Concurrent Undo Cycle
[63.096s][info][gc] GC(822) Concurrent Undo Cycle 1.615ms
[63.180s][info][gc] GC(823) Pause Young (Concurrent Start) (G1 Humongous Allocation) 1096M->15M(1476M) 1.210ms
[63.180s][info][gc] GC(824) Concurrent Undo Cycle
[63.181s][info][gc] GC(824) Concurrent Undo Cycle 1.325ms
[63.268s][info][gc] GC(825) Pause Young (Concurrent Start) (G1 Humongous Allocation) 1096M->15M(1476M) 1.133ms
[63.268s][info][gc] GC(826) Concurrent Undo Cycle
[63.269s][info][gc] GC(826) Concurrent Undo Cycle 1.359ms
[63.348s][info][gc] GC(827) Pause Young (Concurrent Start) (G1 Humongous Allocation) 1096M->15M(1476M) 1.329ms
[63.348s][info][gc] GC(828) Concurrent Undo Cycle
[63.349s][info][gc] GC(828) Concurrent Undo Cycle 1.287ms
[63.428s][info][gc] GC(829) Pause Young (Concurrent Start) (G1 Humongous Allocation) 1096M->15M(1476M) 1.205ms
[63.428s][info][gc] GC(830) Concurrent Undo Cycle
[63.430s][info][gc] GC(830) Concurrent Undo Cycle 1.414ms
[63.507s][info][gc] GC(831) Pause Young (Concurrent Start) (G1 Humongous Allocation) 1096M->15M(1476M) 1.400ms
[63.507s][info][gc] GC(832) Concurrent Undo Cycle
[63.508s][info][gc] GC(832) Concurrent Undo Cycle 1.338ms
[63.586s][info][gc] GC(833) Pause Young (Concurrent Start) (G1 Humongous Allocation) 1096M->15M(1476M) 1.169ms
[63.586s][info][gc] GC(834) Concurrent Undo Cycle
[63.587s][info][gc] GC(834) Concurrent Undo Cycle 1.838ms
[63.665s][info][gc] GC(835) Pause Young (Concurrent Start) (G1 Humongous Allocation) 1096M->15M(1476M) 1.432ms
[63.665s][info][gc] GC(836) Concurrent Undo Cycle
[63.667s][info][gc] GC(836) Concurrent Undo Cycle 1.364ms
[63.747s][info][gc] GC(837) Pause Young (Concurrent Start) (G1 Humongous Allocation) 1096M->15M(1476M) 1.588ms
[63.747s][info][gc] GC(838) Concurrent Undo Cycle
[63.748s][info][gc] GC(838) Concurrent Undo Cycle 1.238ms
[63.828s][info][gc] GC(839) Pause Young (Concurrent Start) (G1 Humongous Allocation) 1096M->15M(1476M) 1.266ms
[63.828s][info][gc] GC(840) Concurrent Undo Cycle
[63.829s][info][gc] GC(840) Concurrent Undo Cycle 1.310ms
[63.912s][info][gc] GC(841) Pause Young (Concurrent Start) (G1 Humongous Allocation) 1096M->15M(1476M) 1.125ms
[63.912s][info][gc] GC(842) Concurrent Undo Cycle
[63.913s][info][gc] GC(842) Concurrent Undo Cycle 1.418ms
[63.991s][info][gc] GC(843) Pause Young (Concurrent Start) (G1 Humongous Allocation) 1096M->15M(1476M) 1.159ms
[63.991s][info][gc] GC(844) Concurrent Undo Cycle
[63.992s][info][gc] GC(844) Concurrent Undo Cycle 1.262ms
[64.079s][info][gc] GC(845) Pause Young (Concurrent Start) (G1 Humongous Allocation) 1096M->15M(1476M) 1.604ms
[64.079s][info][gc] GC(846) Concurrent Undo Cycle
[64.082s][info][gc] GC(846) Concurrent Undo Cycle 3.420ms
[64.161s][info][gc] GC(847) Pause Young (Concurrent Start) (G1 Humongous Allocation) 1096M->15M(1476M) 1.305ms
[64.161s][info][gc] GC(848) Concurrent Undo Cycle
[64.163s][info][gc] GC(848) Concurrent Undo Cycle 1.842ms
[64.242s][info][gc] GC(849) Pause Young (Concurrent Start) (G1 Humongous Allocation) 1096M->15M(1476M) 1.264ms
[64.242s][info][gc] GC(850) Concurrent Undo Cycle
[64.243s][info][gc] GC(850) Concurrent Undo Cycle 1.298ms
[64.323s][info][gc] GC(851) Pause Young (Concurrent Start) (G1 Humongous Allocation) 1096M->15M(1476M) 1.621ms
[64.323s][info][gc] GC(852) Concurrent Undo Cycle
[64.325s][info][gc] GC(852) Concurrent Undo Cycle 1.869ms
[64.404s][info][gc] GC(853) Pause Young (Concurrent Start) (G1 Humongous Allocation) 1096M->15M(1476M) 1.129ms
[64.404s][info][gc] GC(854) Concurrent Undo Cycle
[64.406s][info][gc] GC(854) Concurrent Undo Cycle 1.379ms
[64.493s][info][gc] GC(855) Pause Young (Concurrent Start) (G1 Humongous Allocation) 1096M->15M(1476M) 1.372ms
[64.493s][info][gc] GC(856) Concurrent Undo Cycle
[64.494s][info][gc] GC(856) Concurrent Undo Cycle 1.369ms
[64.574s][info][gc] GC(857) Pause Young (Concurrent Start) (G1 Humongous Allocation) 1096M->16M(1476M) 1.172ms
[64.574s][info][gc] GC(858) Concurrent Undo Cycle
[64.575s][info][gc] GC(858) Concurrent Undo Cycle 1.348ms
[64.655s][info][gc] GC(859) Pause Young (Concurrent Start) (G1 Humongous Allocation) 1096M->16M(1476M) 1.285ms
[64.655s][info][gc] GC(860) Concurrent Undo Cycle
[64.656s][info][gc] GC(860) Concurrent Undo Cycle 1.896ms
[64.757s][info][gc] GC(861) Pause Young (Concurrent Start) (G1 Humongous Allocation) 1096M->16M(1476M) 1.751ms
[64.757s][info][gc] GC(862) Concurrent Undo Cycle
[64.759s][info][gc] GC(862) Concurrent Undo Cycle 1.994ms
[64.841s][info][gc] GC(863) Pause Young (Concurrent Start) (G1 Humongous Allocation) 1096M->16M(1476M) 1.388ms
[64.841s][info][gc] GC(864) Concurrent Undo Cycle
[64.842s][info][gc] GC(864) Concurrent Undo Cycle 1.334ms
[64.921s][info][gc] GC(865) Pause Young (Concurrent Start) (G1 Humongous Allocation) 1096M->16M(1476M) 1.235ms
[64.921s][info][gc] GC(866) Concurrent Undo Cycle
[64.923s][info][gc] GC(866) Concurrent Undo Cycle 1.933ms
[65.002s][info][gc] GC(867) Pause Young (Concurrent Start) (G1 Humongous Allocation) 1096M->16M(1476M) 1.309ms
[65.002s][info][gc] GC(868) Concurrent Undo Cycle
[65.004s][info][gc] GC(868) Concurrent Undo Cycle 1.465ms
[65.089s][info][gc] GC(869) Pause Young (Concurrent Start) (G1 Humongous Allocation) 1096M->16M(1476M) 1.400ms
[65.089s][info][gc] GC(870) Concurrent Undo Cycle
[65.091s][info][gc] GC(870) Concurrent Undo Cycle 1.332ms
[65.172s][info][gc] GC(871) Pause Young (Concurrent Start) (G1 Humongous Allocation) 1097M->16M(1476M) 1.142ms
[65.172s][info][gc] GC(872) Concurrent Undo Cycle
[65.174s][info][gc] GC(872) Concurrent Undo Cycle 1.877ms
[65.254s][info][gc] GC(873) Pause Young (Concurrent Start) (G1 Humongous Allocation) 1096M->16M(1476M) 1.359ms
[65.254s][info][gc] GC(874) Concurrent Undo Cycle
[65.256s][info][gc] GC(874) Concurrent Undo Cycle 1.677ms
[65.335s][info][gc] GC(875) Pause Young (Concurrent Start) (G1 Humongous Allocation) 1096M->16M(1476M) 1.325ms
[65.335s][info][gc] GC(876) Concurrent Undo Cycle
[65.339s][info][gc] GC(876) Concurrent Undo Cycle 3.220ms
[65.418s][info][gc] GC(877) Pause Young (Concurrent Start) (G1 Humongous Allocation) 1096M->16M(1476M) 1.201ms
[65.418s][info][gc] GC(878) Concurrent Undo Cycle
[65.420s][info][gc] GC(878) Concurrent Undo Cycle 1.861ms
[65.499s][info][gc] GC(879) Pause Young (Concurrent Start) (G1 Humongous Allocation) 1096M->16M(1476M) 1.143ms
[65.499s][info][gc] GC(880) Concurrent Undo Cycle
[65.501s][info][gc] GC(880) Concurrent Undo Cycle 1.321ms
[65.580s][info][gc] GC(881) Pause Young (Concurrent Start) (G1 Humongous Allocation) 1096M->16M(1476M) 1.365ms
[65.580s][info][gc] GC(882) Concurrent Undo Cycle
[65.581s][info][gc] GC(882) Concurrent Undo Cycle 1.315ms
[65.661s][info][gc] GC(883) Pause Young (Concurrent Start) (G1 Humongous Allocation) 1096M->16M(1476M) 1.313ms
[65.661s][info][gc] GC(884) Concurrent Undo Cycle
[65.663s][info][gc] GC(884) Concurrent Undo Cycle 1.910ms
[65.752s][info][gc] GC(885) Pause Young (Concurrent Start) (G1 Humongous Allocation) 1096M->16M(1476M) 1.775ms
[65.752s][info][gc] GC(886) Concurrent Undo Cycle
[65.754s][info][gc] GC(886) Concurrent Undo Cycle 1.984ms
[65.833s][info][gc] GC(887) Pause Young (Concurrent Start) (G1 Humongous Allocation) 1096M->16M(1476M) 1.125ms
[65.833s][info][gc] GC(888) Concurrent Undo Cycle
[65.834s][info][gc] GC(888) Concurrent Undo Cycle 1.256ms
[65.914s][info][gc] GC(889) Pause Young (Concurrent Start) (G1 Humongous Allocation) 1096M->16M(1476M) 1.264ms
[65.914s][info][gc] GC(890) Concurrent Undo Cycle
[65.916s][info][gc] GC(890) Concurrent Undo Cycle 1.540ms
[65.996s][info][gc] GC(891) Pause Young (Concurrent Start) (G1 Humongous Allocation) 1096M->16M(1476M) 1.272ms
[65.996s][info][gc] GC(892) Concurrent Undo Cycle
[65.997s][info][gc] GC(892) Concurrent Undo Cycle 1.286ms
[66.077s][info][gc] GC(893) Pause Young (Concurrent Start) (G1 Humongous Allocation) 1096M->16M(1476M) 1.447ms
[66.077s][info][gc] GC(894) Concurrent Undo Cycle
[66.079s][info][gc] GC(894) Concurrent Undo Cycle 1.467ms
[66.160s][info][gc] GC(895) Pause Young (Concurrent Start) (G1 Humongous Allocation) 1096M->16M(1476M) 1.358ms
[66.160s][info][gc] GC(896) Concurrent Undo Cycle
[66.161s][info][gc] GC(896) Concurrent Undo Cycle 1.315ms
[66.241s][info][gc] GC(897) Pause Young (Concurrent Start) (G1 Humongous Allocation) 1096M->16M(1476M) 1.395ms
[66.241s][info][gc] GC(898) Concurrent Undo Cycle
[66.243s][info][gc] GC(898) Concurrent Undo Cycle 1.865ms
[66.324s][info][gc] GC(899) Pause Young (Concurrent Start) (G1 Humongous Allocation) 1096M->16M(1476M) 1.184ms
[66.324s][info][gc] GC(900) Concurrent Undo Cycle
[66.325s][info][gc] GC(900) Concurrent Undo Cycle 1.412ms
[66.405s][info][gc] GC(901) Pause Young (Concurrent Start) (G1 Humongous Allocation) 1096M->16M(1476M) 1.473ms
[66.405s][info][gc] GC(902) Concurrent Undo Cycle
[66.406s][info][gc] GC(902) Concurrent Undo Cycle 1.278ms
[66.488s][info][gc] GC(903) Pause Young (Concurrent Start) (G1 Humongous Allocation) 1096M->16M(1476M) 1.374ms
[66.488s][info][gc] GC(904) Concurrent Undo Cycle
[66.491s][info][gc] GC(904) Concurrent Undo Cycle 3.035ms
[66.571s][info][gc] GC(905) Pause Young (Concurrent Start) (G1 Humongous Allocation) 1096M->16M(1476M) 1.195ms
[66.571s][info][gc] GC(906) Concurrent Undo Cycle
[66.573s][info][gc] GC(906) Concurrent Undo Cycle 1.303ms
[66.652s][info][gc] GC(907) Pause Young (Concurrent Start) (G1 Humongous Allocation) 1096M->16M(1476M) 1.301ms
[66.652s][info][gc] GC(908) Concurrent Undo Cycle
[66.654s][info][gc] GC(908) Concurrent Undo Cycle 1.287ms
[66.734s][info][gc] GC(909) Pause Young (Concurrent Start) (G1 Humongous Allocation) 1096M->16M(1476M) 1.220ms
[66.734s][info][gc] GC(910) Concurrent Undo Cycle
[66.735s][info][gc] GC(910) Concurrent Undo Cycle 1.336ms
[66.828s][info][gc] GC(911) Pause Young (Concurrent Start) (G1 Humongous Allocation) 1096M->16M(1476M) 1.142ms
[66.828s][info][gc] GC(912) Concurrent Undo Cycle
[66.829s][info][gc] GC(912) Concurrent Undo Cycle 1.312ms
[66.914s][info][gc] GC(913) Pause Young (Concurrent Start) (G1 Humongous Allocation) 1097M->16M(1476M) 1.359ms
[66.914s][info][gc] GC(914) Concurrent Undo Cycle
[66.916s][info][gc] GC(914) Concurrent Undo Cycle 1.835ms
[66.996s][info][gc] GC(915) Pause Young (Concurrent Start) (G1 Humongous Allocation) 1097M->16M(1476M) 1.337ms
[66.996s][info][gc] GC(916) Concurrent Undo Cycle
[66.998s][info][gc] GC(916) Concurrent Undo Cycle 1.309ms
[67.078s][info][gc] GC(917) Pause Young (Concurrent Start) (G1 Humongous Allocation) 1097M->16M(1476M) 1.346ms
[67.078s][info][gc] GC(918) Concurrent Undo Cycle
[67.079s][info][gc] GC(918) Concurrent Undo Cycle 1.330ms
[67.168s][info][gc] GC(919) Pause Young (Concurrent Start) (G1 Humongous Allocation) 1097M->16M(1476M) 1.113ms
[67.168s][info][gc] GC(920) Concurrent Undo Cycle
[67.169s][info][gc] GC(920) Concurrent Undo Cycle 1.522ms
[67.253s][info][gc] GC(921) Pause Young (Concurrent Start) (G1 Humongous Allocation) 1097M->16M(1476M) 1.247ms
[67.253s][info][gc] GC(922) Concurrent Undo Cycle
[67.254s][info][gc] GC(922) Concurrent Undo Cycle 1.292ms
[67.335s][info][gc] GC(923) Pause Young (Concurrent Start) (G1 Humongous Allocation) 1097M->16M(1476M) 1.239ms
[67.335s][info][gc] GC(924) Concurrent Undo Cycle
[67.337s][info][gc] GC(924) Concurrent Undo Cycle 1.331ms
[67.417s][info][gc] GC(925) Pause Young (Concurrent Start) (G1 Humongous Allocation) 1097M->16M(1476M) 1.137ms
[67.417s][info][gc] GC(926) Concurrent Undo Cycle
[67.419s][info][gc] GC(926) Concurrent Undo Cycle 1.329ms
[67.500s][info][gc] GC(927) Pause Young (Concurrent Start) (G1 Humongous Allocation) 1097M->16M(1476M) 1.381ms
[67.500s][info][gc] GC(928) Concurrent Undo Cycle
[67.501s][info][gc] GC(928) Concurrent Undo Cycle 1.281ms
[67.582s][info][gc] GC(929) Pause Young (Concurrent Start) (G1 Humongous Allocation) 1097M->16M(1476M) 1.405ms
[67.582s][info][gc] GC(930) Concurrent Undo Cycle
[67.584s][info][gc] GC(930) Concurrent Undo Cycle 1.536ms
[67.666s][info][gc] GC(931) Pause Young (Concurrent Start) (G1 Humongous Allocation) 1097M->16M(1476M) 1.338ms
[67.666s][info][gc] GC(932) Concurrent Undo Cycle
[67.667s][info][gc] GC(932) Concurrent Undo Cycle 1.294ms
[67.748s][info][gc] GC(933) Pause Young (Concurrent Start) (G1 Humongous Allocation) 1097M->16M(1476M) 1.460ms
[67.749s][info][gc] GC(934) Concurrent Undo Cycle
[67.750s][info][gc] GC(934) Concurrent Undo Cycle 1.856ms
[67.834s][info][gc] GC(935) Pause Young (Concurrent Start) (G1 Humongous Allocation) 1097M->16M(1476M) 1.315ms
[67.834s][info][gc] GC(936) Concurrent Undo Cycle
[67.836s][info][gc] GC(936) Concurrent Undo Cycle 1.307ms
[67.926s][info][gc] GC(937) Pause Young (Concurrent Start) (G1 Humongous Allocation) 1097M->16M(1476M) 1.411ms
[67.926s][info][gc] GC(938) Concurrent Undo Cycle
[67.927s][info][gc] GC(938) Concurrent Undo Cycle 1.305ms
[68.018s][info][gc] GC(939) Pause Young (Concurrent Start) (G1 Humongous Allocation) 1097M->16M(1476M) 1.417ms
[68.018s][info][gc] GC(940) Concurrent Undo Cycle
[68.020s][info][gc] GC(940) Concurrent Undo Cycle 1.847ms
[68.102s][info][gc] GC(941) Pause Young (Concurrent Start) (G1 Humongous Allocation) 1097M->16M(1476M) 1.414ms
[68.102s][info][gc] GC(942) Concurrent Undo Cycle
[68.104s][info][gc] GC(942) Concurrent Undo Cycle 1.990ms
[68.187s][info][gc] GC(943) Pause Young (Concurrent Start) (G1 Humongous Allocation) 1097M->16M(1476M) 1.406ms
[68.187s][info][gc] GC(944) Concurrent Undo Cycle
[68.188s][info][gc] GC(944) Concurrent Undo Cycle 1.352ms
[68.270s][info][gc] GC(945) Pause Young (Concurrent Start) (G1 Humongous Allocation) 1097M->16M(1476M) 1.465ms
[68.270s][info][gc] GC(946) Concurrent Undo Cycle
[68.271s][info][gc] GC(946) Concurrent Undo Cycle 1.441ms
[68.353s][info][gc] GC(947) Pause Young (Concurrent Start) (G1 Humongous Allocation) 1097M->16M(1476M) 1.215ms
[68.353s][info][gc] GC(948) Concurrent Undo Cycle
[68.355s][info][gc] GC(948) Concurrent Undo Cycle 1.307ms
[68.441s][info][gc] GC(949) Pause Young (Concurrent Start) (G1 Humongous Allocation) 1097M->16M(1476M) 1.399ms
[68.441s][info][gc] GC(950) Concurrent Undo Cycle
[68.442s][info][gc] GC(950) Concurrent Undo Cycle 1.341ms
[68.524s][info][gc] GC(951) Pause Young (Concurrent Start) (G1 Humongous Allocation) 1097M->16M(1476M) 1.354ms
[68.524s][info][gc] GC(952) Concurrent Undo Cycle
[68.526s][info][gc] GC(952) Concurrent Undo Cycle 1.917ms
[68.608s][info][gc] GC(953) Pause Young (Concurrent Start) (G1 Humongous Allocation) 1097M->16M(1476M) 1.272ms
[68.608s][info][gc] GC(954) Concurrent Undo Cycle
[68.610s][info][gc] GC(954) Concurrent Undo Cycle 1.251ms
[68.691s][info][gc] GC(955) Pause Young (Concurrent Start) (G1 Humongous Allocation) 1097M->16M(1476M) 1.293ms
[68.691s][info][gc] GC(956) Concurrent Undo Cycle
[68.693s][info][gc] GC(956) Concurrent Undo Cycle 1.322ms
[68.775s][info][gc] GC(957) Pause Young (Concurrent Start) (G1 Humongous Allocation) 1097M->16M(1476M) 1.438ms
[68.775s][info][gc] GC(958) Concurrent Undo Cycle
[68.777s][info][gc] GC(958) Concurrent Undo Cycle 1.951ms
[68.859s][info][gc] GC(959) Pause Young (Concurrent Start) (G1 Humongous Allocation) 1097M->16M(1476M) 1.217ms
[68.859s][info][gc] GC(960) Concurrent Undo Cycle
[68.861s][info][gc] GC(960) Concurrent Undo Cycle 1.946ms
[68.944s][info][gc] GC(961) Pause Young (Concurrent Start) (G1 Humongous Allocation) 1097M->16M(1476M) 1.249ms
[68.944s][info][gc] GC(962) Concurrent Undo Cycle
[68.945s][info][gc] GC(962) Concurrent Undo Cycle 1.250ms
[69.027s][info][gc] GC(963) Pause Young (Concurrent Start) (G1 Humongous Allocation) 1097M->16M(1476M) 1.162ms
[69.027s][info][gc] GC(964) Concurrent Undo Cycle
[69.028s][info][gc] GC(964) Concurrent Undo Cycle 1.360ms
[69.111s][info][gc] GC(965) Pause Young (Concurrent Start) (G1 Humongous Allocation) 1097M->16M(1476M) 1.404ms
[69.111s][info][gc] GC(966) Concurrent Undo Cycle
[69.112s][info][gc] GC(966) Concurrent Undo Cycle 1.311ms
[69.195s][info][gc] GC(967) Pause Young (Concurrent Start) (G1 Humongous Allocation) 1097M->16M(1476M) 1.397ms
[69.195s][info][gc] GC(968) Concurrent Undo Cycle
[69.197s][info][gc] GC(968) Concurrent Undo Cycle 1.925ms
[69.282s][info][gc] GC(969) Pause Young (Concurrent Start) (G1 Humongous Allocation) 1097M->16M(1476M) 1.766ms
[69.282s][info][gc] GC(970) Concurrent Undo Cycle
[69.283s][info][gc] GC(970) Concurrent Undo Cycle 1.557ms
[69.366s][info][gc] GC(971) Pause Young (Concurrent Start) (G1 Humongous Allocation) 1097M->16M(1476M) 1.288ms
[69.366s][info][gc] GC(972) Concurrent Undo Cycle
[69.367s][info][gc] GC(972) Concurrent Undo Cycle 1.806ms
[69.450s][info][gc] GC(973) Pause Young (Concurrent Start) (G1 Humongous Allocation) 1097M->16M(1476M) 1.207ms
[69.450s][info][gc] GC(974) Concurrent Undo Cycle
[69.451s][info][gc] GC(974) Concurrent Undo Cycle 1.412ms
[69.534s][info][gc] GC(975) Pause Young (Concurrent Start) (G1 Humongous Allocation) 1097M->16M(1476M) 1.180ms
[69.534s][info][gc] GC(976) Concurrent Undo Cycle
[69.536s][info][gc] GC(976) Concurrent Undo Cycle 1.405ms
[69.617s][info][gc] GC(977) Pause Young (Concurrent Start) (G1 Humongous Allocation) 1097M->16M(1476M) 1.338ms
[69.617s][info][gc] GC(978) Concurrent Undo Cycle
[69.619s][info][gc] GC(978) Concurrent Undo Cycle 1.325ms
[69.701s][info][gc] GC(979) Pause Young (Concurrent Start) (G1 Humongous Allocation) 1097M->16M(1476M) 1.265ms
[69.701s][info][gc] GC(980) Concurrent Undo Cycle
[69.703s][info][gc] GC(980) Concurrent Undo Cycle 1.364ms
[69.785s][info][gc] GC(981) Pause Young (Concurrent Start) (G1 Humongous Allocation) 1097M->16M(1476M) 1.252ms
[69.785s][info][gc] GC(982) Concurrent Undo Cycle
[69.786s][info][gc] GC(982) Concurrent Undo Cycle 1.295ms
[69.871s][info][gc] GC(983) Pause Young (Concurrent Start) (G1 Humongous Allocation) 1097M->16M(1476M) 1.210ms
[69.871s][info][gc] GC(984) Concurrent Undo Cycle
[69.873s][info][gc] GC(984) Concurrent Undo Cycle 2.368ms
[69.957s][info][gc] GC(985) Pause Young (Concurrent Start) (G1 Humongous Allocation) 1097M->17M(1476M) 1.405ms
[69.957s][info][gc] GC(986) Concurrent Undo Cycle
[69.958s][info][gc] GC(986) Concurrent Undo Cycle 1.324ms
[70.048s][info][gc] GC(987) Pause Young (Concurrent Start) (G1 Humongous Allocation) 1097M->17M(1476M) 1.261ms
[70.048s][info][gc] GC(988) Concurrent Undo Cycle
[70.050s][info][gc] GC(988) Concurrent Undo Cycle 1.935ms
[70.132s][info][gc] GC(989) Pause Young (Concurrent Start) (G1 Humongous Allocation) 1098M->17M(1476M) 1.264ms
[70.132s][info][gc] GC(990) Concurrent Undo Cycle
[70.133s][info][gc] GC(990) Concurrent Undo Cycle 1.316ms
[70.216s][info][gc] GC(991) Pause Young (Concurrent Start) (G1 Humongous Allocation) 1146M->17M(1476M) 1.404ms
[70.216s][info][gc] GC(992) Concurrent Undo Cycle
[70.218s][info][gc] GC(992) Concurrent Undo Cycle 1.834ms
[70.301s][info][gc] GC(993) Pause Young (Concurrent Start) (G1 Humongous Allocation) 1310M->17M(1476M) 1.456ms
[70.301s][info][gc] GC(994) Concurrent Undo Cycle
[70.303s][info][gc] GC(994) Concurrent Undo Cycle 1.454ms
[70.387s][info][gc] GC(995) Pause Young (Concurrent Start) (G1 Humongous Allocation) 1310M->17M(1476M) 1.348ms
[70.387s][info][gc] GC(996) Concurrent Undo Cycle
[70.388s][info][gc] GC(996) Concurrent Undo Cycle 1.297ms
[70.472s][info][gc] GC(997) Pause Young (Concurrent Start) (G1 Humongous Allocation) 1310M->17M(1476M) 1.134ms
[70.472s][info][gc] GC(998) Concurrent Undo Cycle
[70.474s][info][gc] GC(998) Concurrent Undo Cycle 1.304ms
[70.557s][info][gc] GC(999) Pause Young (Concurrent Start) (G1 Humongous Allocation) 1310M->17M(1476M) 1.364ms
[70.557s][info][gc] GC(1000) Concurrent Undo Cycle
[70.560s][info][gc] GC(1000) Concurrent Undo Cycle 2.713ms
[70.644s][info][gc] GC(1001) Pause Young (Concurrent Start) (G1 Humongous Allocation) 1310M->17M(1476M) 1.294ms
[70.645s][info][gc] GC(1002) Concurrent Undo Cycle
[70.647s][info][gc] GC(1002) Concurrent Undo Cycle 1.975ms
[70.731s][info][gc] GC(1003) Pause Young (Concurrent Start) (G1 Humongous Allocation) 1310M->17M(1476M) 1.256ms
[70.731s][info][gc] GC(1004) Concurrent Undo Cycle
[70.734s][info][gc] GC(1004) Concurrent Undo Cycle 2.417ms
[70.817s][info][gc] GC(1005) Pause Young (Concurrent Start) (G1 Humongous Allocation) 1310M->17M(1476M) 1.145ms
[70.817s][info][gc] GC(1006) Concurrent Undo Cycle
[70.818s][info][gc] GC(1006) Concurrent Undo Cycle 1.298ms
[70.906s][info][gc] GC(1007) Pause Young (Concurrent Start) (G1 Humongous Allocation) 1310M->17M(1476M) 1.536ms
[70.906s][info][gc] GC(1008) Concurrent Undo Cycle
[70.909s][info][gc] GC(1008) Concurrent Undo Cycle 2.450ms
[71.002s][info][gc] GC(1009) Pause Young (Concurrent Start) (G1 Humongous Allocation) 1310M->17M(1476M) 1.257ms
[71.002s][info][gc] GC(1010) Concurrent Undo Cycle
[71.004s][info][gc] GC(1010) Concurrent Undo Cycle 1.918ms
[71.089s][info][gc] GC(1011) Pause Young (Concurrent Start) (G1 Humongous Allocation) 1310M->17M(1476M) 1.294ms
[71.089s][info][gc] GC(1012) Concurrent Undo Cycle
[71.091s][info][gc] GC(1012) Concurrent Undo Cycle 1.353ms
[71.183s][info][gc] GC(1013) Pause Young (Concurrent Start) (G1 Humongous Allocation) 1310M->17M(1476M) 1.528ms
[71.183s][info][gc] GC(1014) Concurrent Undo Cycle
[71.185s][info][gc] GC(1014) Concurrent Undo Cycle 1.636ms
[71.271s][info][gc] GC(1015) Pause Young (Concurrent Start) (G1 Humongous Allocation) 1310M->17M(1476M) 1.433ms
[71.271s][info][gc] GC(1016) Concurrent Undo Cycle
[71.273s][info][gc] GC(1016) Concurrent Undo Cycle 1.321ms
[71.359s][info][gc] GC(1017) Pause Young (Concurrent Start) (G1 Humongous Allocation) 1310M->17M(1476M) 1.204ms
[71.359s][info][gc] GC(1018) Concurrent Undo Cycle
[71.361s][info][gc] GC(1018) Concurrent Undo Cycle 1.899ms
[71.445s][info][gc] GC(1019) Pause Young (Concurrent Start) (G1 Humongous Allocation) 1310M->17M(1476M) 1.295ms
[71.445s][info][gc] GC(1020) Concurrent Undo Cycle
[71.447s][info][gc] GC(1020) Concurrent Undo Cycle 1.540ms
[71.539s][info][gc] GC(1021) Pause Young (Concurrent Start) (G1 Humongous Allocation) 1310M->17M(1476M) 1.432ms
[71.539s][info][gc] GC(1022) Concurrent Undo Cycle
[71.541s][info][gc] GC(1022) Concurrent Undo Cycle 2.138ms
[71.625s][info][gc] GC(1023) Pause Young (Concurrent Start) (G1 Humongous Allocation) 1310M->17M(1476M) 1.451ms
[71.625s][info][gc] GC(1024) Concurrent Undo Cycle
[71.627s][info][gc] GC(1024) Concurrent Undo Cycle 1.543ms
[71.711s][info][gc] GC(1025) Pause Young (Concurrent Start) (G1 Humongous Allocation) 1310M->17M(1476M) 1.413ms
[71.711s][info][gc] GC(1026) Concurrent Undo Cycle
[71.713s][info][gc] GC(1026) Concurrent Undo Cycle 1.477ms
[71.798s][info][gc] GC(1027) Pause Young (Concurrent Start) (G1 Humongous Allocation) 1310M->17M(1476M) 1.439ms
[71.798s][info][gc] GC(1028) Concurrent Undo Cycle
[71.800s][info][gc] GC(1028) Concurrent Undo Cycle 1.896ms
[71.912s][info][gc] GC(1029) Pause Young (Concurrent Start) (G1 Humongous Allocation) 1310M->17M(1476M) 0.979ms
[71.912s][info][gc] GC(1030) Concurrent Undo Cycle
[71.913s][info][gc] GC(1030) Concurrent Undo Cycle 1.595ms
[72.019s][info][gc] GC(1031) Pause Young (Concurrent Start) (G1 Humongous Allocation) 1310M->17M(1476M) 1.145ms
[72.019s][info][gc] GC(1032) Concurrent Undo Cycle
[72.021s][info][gc] GC(1032) Concurrent Undo Cycle 2.031ms
[72.106s][info][gc] GC(1033) Pause Young (Concurrent Start) (G1 Humongous Allocation) 1310M->17M(1476M) 1.194ms
[72.107s][info][gc] GC(1034) Concurrent Undo Cycle
[72.109s][info][gc] GC(1034) Concurrent Undo Cycle 1.985ms
[72.195s][info][gc] GC(1035) Pause Young (Concurrent Start) (G1 Humongous Allocation) 1310M->17M(1476M) 1.534ms
[72.195s][info][gc] GC(1036) Concurrent Undo Cycle
[72.197s][info][gc] GC(1036) Concurrent Undo Cycle 2.189ms
[72.286s][info][gc] GC(1037) Pause Young (Concurrent Start) (G1 Humongous Allocation) 1310M->17M(1476M) 1.466ms
[72.286s][info][gc] GC(1038) Concurrent Undo Cycle
[72.288s][info][gc] GC(1038) Concurrent Undo Cycle 1.912ms
[72.375s][info][gc] GC(1039) Pause Young (Concurrent Start) (G1 Humongous Allocation) 1310M->17M(1476M) 1.423ms
[72.375s][info][gc] GC(1040) Concurrent Undo Cycle
[72.378s][info][gc] GC(1040) Concurrent Undo Cycle 3.161ms
[72.466s][info][gc] GC(1041) Pause Young (Concurrent Start) (G1 Humongous Allocation) 1310M->17M(1476M) 1.518ms
[72.466s][info][gc] GC(1042) Concurrent Undo Cycle
[72.468s][info][gc] GC(1042) Concurrent Undo Cycle 1.949ms
[72.554s][info][gc] GC(1043) Pause Young (Concurrent Start) (G1 Humongous Allocation) 1310M->17M(1476M) 1.306ms
[72.554s][info][gc] GC(1044) Concurrent Undo Cycle
[72.556s][info][gc] GC(1044) Concurrent Undo Cycle 1.917ms
[72.641s][info][gc] GC(1045) Pause Young (Concurrent Start) (G1 Humongous Allocation) 1310M->17M(1476M) 1.140ms
[72.642s][info][gc] GC(1046) Concurrent Undo Cycle
[72.643s][info][gc] GC(1046) Concurrent Undo Cycle 1.344ms
[72.730s][info][gc] GC(1047) Pause Young (Concurrent Start) (G1 Humongous Allocation) 1310M->17M(1476M) 1.370ms
[72.730s][info][gc] GC(1048) Concurrent Undo Cycle
[72.731s][info][gc] GC(1048) Concurrent Undo Cycle 1.310ms
[72.817s][info][gc] GC(1049) Pause Young (Concurrent Start) (G1 Humongous Allocation) 1310M->17M(1476M) 1.438ms
[72.817s][info][gc] GC(1050) Concurrent Undo Cycle
[72.819s][info][gc] GC(1050) Concurrent Undo Cycle 2.013ms
[72.910s][info][gc] GC(1051) Pause Young (Concurrent Start) (G1 Humongous Allocation) 1303M->17M(1476M) 1.281ms
[72.910s][info][gc] GC(1052) Concurrent Undo Cycle
[72.911s][info][gc] GC(1052) Concurrent Undo Cycle 1.521ms
[73.012s][info][gc] GC(1053) Pause Young (Concurrent Start) (G1 Humongous Allocation) 1303M->17M(1476M) 1.519ms
[73.012s][info][gc] GC(1054) Concurrent Undo Cycle
[73.014s][info][gc] GC(1054) Concurrent Undo Cycle 1.493ms
[73.123s][info][gc] GC(1055) Pause Young (Concurrent Start) (G1 Humongous Allocation) 1303M->17M(1476M) 1.096ms
[73.123s][info][gc] GC(1056) Concurrent Undo Cycle
[73.124s][info][gc] GC(1056) Concurrent Undo Cycle 1.602ms
[73.233s][info][gc] GC(1057) Pause Young (Concurrent Start) (G1 Humongous Allocation) 1303M->17M(1476M) 1.156ms
[73.233s][info][gc] GC(1058) Concurrent Undo Cycle
[73.234s][info][gc] GC(1058) Concurrent Undo Cycle 1.590ms
[73.333s][info][gc] GC(1059) Pause Young (Concurrent Start) (G1 Humongous Allocation) 1303M->17M(1476M) 1.319ms
[73.333s][info][gc] GC(1060) Concurrent Undo Cycle
[73.335s][info][gc] GC(1060) Concurrent Undo Cycle 1.738ms
[73.436s][info][gc] GC(1061) Pause Young (Concurrent Start) (G1 Humongous Allocation) 1303M->17M(1476M) 1.579ms
[73.436s][info][gc] GC(1062) Concurrent Undo Cycle
[73.438s][info][gc] GC(1062) Concurrent Undo Cycle 1.950ms
[73.529s][info][gc] GC(1063) Pause Young (Concurrent Start) (G1 Humongous Allocation) 1303M->17M(1476M) 1.213ms
[73.529s][info][gc] GC(1064) Concurrent Undo Cycle
[73.530s][info][gc] GC(1064) Concurrent Undo Cycle 1.844ms
[73.617s][info][gc] GC(1065) Pause Young (Concurrent Start) (G1 Humongous Allocation) 1303M->17M(1476M) 1.121ms
[73.617s][info][gc] GC(1066) Concurrent Undo Cycle
[73.618s][info][gc] GC(1066) Concurrent Undo Cycle 1.324ms
[73.707s][info][gc] GC(1067) Pause Young (Concurrent Start) (G1 Humongous Allocation) 1303M->17M(1476M) 1.319ms
[73.707s][info][gc] GC(1068) Concurrent Undo Cycle
[73.709s][info][gc] GC(1068) Concurrent Undo Cycle 1.454ms
[73.805s][info][gc] GC(1069) Pause Young (Concurrent Start) (G1 Humongous Allocation) 1303M->17M(1476M) 1.078ms
[73.805s][info][gc] GC(1070) Concurrent Undo Cycle
[73.807s][info][gc] GC(1070) Concurrent Undo Cycle 1.918ms
[73.900s][info][gc] GC(1071) Pause Young (Concurrent Start) (G1 Humongous Allocation) 1303M->17M(1476M) 1.238ms
[73.900s][info][gc] GC(1072) Concurrent Undo Cycle
[73.902s][info][gc] GC(1072) Concurrent Undo Cycle 2.428ms
[73.991s][info][gc] GC(1073) Pause Young (Concurrent Start) (G1 Humongous Allocation) 1303M->17M(1476M) 1.407ms
[73.991s][info][gc] GC(1074) Concurrent Undo Cycle
[73.992s][info][gc] GC(1074) Concurrent Undo Cycle 1.297ms
[74.099s][info][gc] GC(1075) Pause Young (Concurrent Start) (G1 Humongous Allocation) 1303M->17M(1476M) 1.243ms
[74.099s][info][gc] GC(1076) Concurrent Undo Cycle
[74.100s][info][gc] GC(1076) Concurrent Undo Cycle 1.278ms
[74.189s][info][gc] GC(1077) Pause Young (Concurrent Start) (G1 Humongous Allocation) 1303M->17M(1476M) 1.382ms
[74.189s][info][gc] GC(1078) Concurrent Undo Cycle
[74.191s][info][gc] GC(1078) Concurrent Undo Cycle 1.904ms
[74.277s][info][gc] GC(1079) Pause Young (Concurrent Start) (G1 Humongous Allocation) 1303M->17M(1476M) 1.343ms
[74.277s][info][gc] GC(1080) Concurrent Undo Cycle
[74.278s][info][gc] GC(1080) Concurrent Undo Cycle 1.314ms
[74.367s][info][gc] GC(1081) Pause Young (Concurrent Start) (G1 Humongous Allocation) 1303M->17M(1476M) 1.296ms
[74.368s][info][gc] GC(1082) Concurrent Undo Cycle
[74.369s][info][gc] GC(1082) Concurrent Undo Cycle 1.281ms
[74.455s][info][gc] GC(1083) Pause Young (Concurrent Start) (G1 Humongous Allocation) 1303M->17M(1476M) 1.398ms
[74.455s][info][gc] GC(1084) Concurrent Undo Cycle
[74.456s][info][gc] GC(1084) Concurrent Undo Cycle 1.283ms
[74.549s][info][gc] GC(1085) Pause Young (Concurrent Start) (G1 Humongous Allocation) 1303M->17M(1476M) 1.270ms
[74.549s][info][gc] GC(1086) Concurrent Undo Cycle
[74.550s][info][gc] GC(1086) Concurrent Undo Cycle 1.511ms
[74.637s][info][gc] GC(1087) Pause Young (Concurrent Start) (G1 Humongous Allocation) 1303M->17M(1476M) 1.288ms
[74.637s][info][gc] GC(1088) Concurrent Undo Cycle
[74.639s][info][gc] GC(1088) Concurrent Undo Cycle 1.561ms
[74.727s][info][gc] GC(1089) Pause Young (Concurrent Start) (G1 Humongous Allocation) 1303M->17M(1476M) 1.368ms
[74.727s][info][gc] GC(1090) Concurrent Undo Cycle
[74.728s][info][gc] GC(1090) Concurrent Undo Cycle 1.342ms
[74.817s][info][gc] GC(1091) Pause Young (Concurrent Start) (G1 Humongous Allocation) 1303M->17M(1476M) 1.262ms
[74.817s][info][gc] GC(1092) Concurrent Undo Cycle
[74.818s][info][gc] GC(1092) Concurrent Undo Cycle 1.438ms
[74.907s][info][gc] GC(1093) Pause Young (Concurrent Start) (G1 Humongous Allocation) 1303M->17M(1476M) 1.349ms
[74.907s][info][gc] GC(1094) Concurrent Undo Cycle
[74.909s][info][gc] GC(1094) Concurrent Undo Cycle 1.457ms
[74.995s][info][gc] GC(1095) Pause Young (Concurrent Start) (G1 Humongous Allocation) 1303M->17M(1476M) 1.235ms
[74.995s][info][gc] GC(1096) Concurrent Undo Cycle
[74.997s][info][gc] GC(1096) Concurrent Undo Cycle 1.298ms
[75.088s][info][gc] GC(1097) Pause Young (Concurrent Start) (G1 Humongous Allocation) 1303M->17M(1476M) 1.519ms
[75.088s][info][gc] GC(1098) Concurrent Undo Cycle
[75.090s][info][gc] GC(1098) Concurrent Undo Cycle 1.428ms
[75.184s][info][gc] GC(1099) Pause Young (Concurrent Start) (G1 Humongous Allocation) 1303M->17M(1476M) 1.499ms
[75.184s][info][gc] GC(1100) Concurrent Undo Cycle
[75.186s][info][gc] GC(1100) Concurrent Undo Cycle 2.049ms
[75.279s][info][gc] GC(1101) Pause Young (Concurrent Start) (G1 Humongous Allocation) 1303M->17M(1476M) 1.327ms
[75.279s][info][gc] GC(1102) Concurrent Undo Cycle
[75.281s][info][gc] GC(1102) Concurrent Undo Cycle 1.591ms
[75.367s][info][gc] GC(1103) Pause Young (Concurrent Start) (G1 Humongous Allocation) 1303M->17M(1476M) 1.430ms
[75.367s][info][gc] GC(1104) Concurrent Undo Cycle
[75.368s][info][gc] GC(1104) Concurrent Undo Cycle 1.346ms
[75.456s][info][gc] GC(1105) Pause Young (Concurrent Start) (G1 Humongous Allocation) 1303M->17M(1476M) 1.375ms
[75.456s][info][gc] GC(1106) Concurrent Undo Cycle
[75.458s][info][gc] GC(1106) Concurrent Undo Cycle 1.389ms
[75.544s][info][gc] GC(1107) Pause Young (Concurrent Start) (G1 Humongous Allocation) 1303M->17M(1476M) 1.159ms
[75.544s][info][gc] GC(1108) Concurrent Undo Cycle
[75.545s][info][gc] GC(1108) Concurrent Undo Cycle 1.295ms
[75.633s][info][gc] GC(1109) Pause Young (Concurrent Start) (G1 Humongous Allocation) 1303M->18M(1476M) 1.423ms
[75.633s][info][gc] GC(1110) Concurrent Undo Cycle
[75.635s][info][gc] GC(1110) Concurrent Undo Cycle 1.959ms
[75.722s][info][gc] GC(1111) Pause Young (Concurrent Start) (G1 Humongous Allocation) 1303M->18M(1476M) 1.400ms
[75.722s][info][gc] GC(1112) Concurrent Undo Cycle
[75.725s][info][gc] GC(1112) Concurrent Undo Cycle 3.138ms
[75.813s][info][gc] GC(1113) Pause Young (Concurrent Start) (G1 Humongous Allocation) 1303M->18M(1476M) 1.126ms
[75.813s][info][gc] GC(1114) Concurrent Undo Cycle
[75.815s][info][gc] GC(1114) Concurrent Undo Cycle 1.271ms
[75.902s][info][gc] GC(1115) Pause Young (Concurrent Start) (G1 Humongous Allocation) 1303M->18M(1476M) 1.274ms
[75.902s][info][gc] GC(1116) Concurrent Undo Cycle
[75.904s][info][gc] GC(1116) Concurrent Undo Cycle 1.813ms
[75.990s][info][gc] GC(1117) Pause Young (Concurrent Start) (G1 Humongous Allocation) 1303M->18M(1476M) 1.269ms
[75.990s][info][gc] GC(1118) Concurrent Undo Cycle
[75.992s][info][gc] GC(1118) Concurrent Undo Cycle 1.940ms
[76.080s][info][gc] GC(1119) Pause Young (Concurrent Start) (G1 Humongous Allocation) 1303M->18M(1476M) 1.191ms
[76.080s][info][gc] GC(1120) Concurrent Undo Cycle
[76.081s][info][gc] GC(1120) Concurrent Undo Cycle 1.242ms
[76.169s][info][gc] GC(1121) Pause Young (Concurrent Start) (G1 Humongous Allocation) 1303M->18M(1476M) 1.273ms
[76.169s][info][gc] GC(1122) Concurrent Undo Cycle
[76.171s][info][gc] GC(1122) Concurrent Undo Cycle 2.068ms
[76.259s][info][gc] GC(1123) Pause Young (Concurrent Start) (G1 Humongous Allocation) 1303M->18M(1476M) 1.511ms
[76.259s][info][gc] GC(1124) Concurrent Undo Cycle
[76.261s][info][gc] GC(1124) Concurrent Undo Cycle 1.883ms
[76.354s][info][gc] GC(1125) Pause Young (Concurrent Start) (G1 Humongous Allocation) 1303M->18M(1476M) 1.242ms
[76.354s][info][gc] GC(1126) Concurrent Undo Cycle
[76.355s][info][gc] GC(1126) Concurrent Undo Cycle 1.340ms
[76.445s][info][gc] GC(1127) Pause Young (Concurrent Start) (G1 Humongous Allocation) 1303M->18M(1476M) 1.240ms
[76.445s][info][gc] GC(1128) Concurrent Undo Cycle
[76.447s][info][gc] GC(1128) Concurrent Undo Cycle 1.938ms
[76.534s][info][gc] GC(1129) Pause Young (Concurrent Start) (G1 Humongous Allocation) 1303M->18M(1476M) 1.392ms
[76.534s][info][gc] GC(1130) Concurrent Undo Cycle
[76.536s][info][gc] GC(1130) Concurrent Undo Cycle 1.831ms
[76.624s][info][gc] GC(1131) Pause Young (Concurrent Start) (G1 Humongous Allocation) 1303M->18M(1476M) 1.235ms
[76.624s][info][gc] GC(1132) Concurrent Undo Cycle
[76.626s][info][gc] GC(1132) Concurrent Undo Cycle 1.809ms
[76.713s][info][gc] GC(1133) Pause Young (Concurrent Start) (G1 Humongous Allocation) 1303M->18M(1476M) 1.275ms
[76.713s][info][gc] GC(1134) Concurrent Undo Cycle
[76.714s][info][gc] GC(1134) Concurrent Undo Cycle 1.272ms
[76.803s][info][gc] GC(1135) Pause Young (Concurrent Start) (G1 Humongous Allocation) 1303M->18M(1476M) 1.371ms
[76.803s][info][gc] GC(1136) Concurrent Undo Cycle
[76.805s][info][gc] GC(1136) Concurrent Undo Cycle 1.913ms
[76.894s][info][gc] GC(1137) Pause Young (Concurrent Start) (G1 Humongous Allocation) 1303M->18M(1476M) 1.282ms
[76.894s][info][gc] GC(1138) Concurrent Undo Cycle
[76.895s][info][gc] GC(1138) Concurrent Undo Cycle 1.276ms
[76.984s][info][gc] GC(1139) Pause Young (Concurrent Start) (G1 Humongous Allocation) 1303M->18M(1476M) 1.410ms
[76.984s][info][gc] GC(1140) Concurrent Undo Cycle
[76.985s][info][gc] GC(1140) Concurrent Undo Cycle 1.331ms
[77.077s][info][gc] GC(1141) Pause Young (Concurrent Start) (G1 Humongous Allocation) 1303M->18M(1476M) 1.402ms
[77.077s][info][gc] GC(1142) Concurrent Undo Cycle
[77.079s][info][gc] GC(1142) Concurrent Undo Cycle 1.973ms
[77.168s][info][gc] GC(1143) Pause Young (Concurrent Start) (G1 Humongous Allocation) 1303M->18M(1476M) 1.324ms
[77.168s][info][gc] GC(1144) Concurrent Undo Cycle
[77.171s][info][gc] GC(1144) Concurrent Undo Cycle 2.348ms
[77.260s][info][gc] GC(1145) Pause Young (Concurrent Start) (G1 Humongous Allocation) 1303M->18M(1476M) 1.367ms
[77.260s][info][gc] GC(1146) Concurrent Undo Cycle
[77.261s][info][gc] GC(1146) Concurrent Undo Cycle 1.278ms
[77.351s][info][gc] GC(1147) Pause Young (Concurrent Start) (G1 Humongous Allocation) 1303M->18M(1476M) 1.222ms
[77.351s][info][gc] GC(1148) Concurrent Undo Cycle
[77.353s][info][gc] GC(1148) Concurrent Undo Cycle 1.971ms
[77.442s][info][gc] GC(1149) Pause Young (Concurrent Start) (G1 Humongous Allocation) 1303M->18M(1476M) 1.320ms
[77.442s][info][gc] GC(1150) Concurrent Undo Cycle
[77.443s][info][gc] GC(1150) Concurrent Undo Cycle 1.376ms
[77.536s][info][gc] GC(1151) Pause Young (Concurrent Start) (G1 Humongous Allocation) 1303M->18M(1476M) 1.218ms
[77.536s][info][gc] GC(1152) Concurrent Undo Cycle
[77.538s][info][gc] GC(1152) Concurrent Undo Cycle 1.999ms
[77.626s][info][gc] GC(1153) Pause Young (Concurrent Start) (G1 Humongous Allocation) 1304M->18M(1476M) 1.233ms
[77.626s][info][gc] GC(1154) Concurrent Undo Cycle
[77.628s][info][gc] GC(1154) Concurrent Undo Cycle 1.260ms
[77.721s][info][gc] GC(1155) Pause Young (Concurrent Start) (G1 Humongous Allocation) 1304M->18M(1476M) 1.467ms
[77.721s][info][gc] GC(1156) Concurrent Undo Cycle
[77.723s][info][gc] GC(1156) Concurrent Undo Cycle 1.908ms
[77.811s][info][gc] GC(1157) Pause Young (Concurrent Start) (G1 Humongous Allocation) 1304M->18M(1476M) 1.215ms
[77.811s][info][gc] GC(1158) Concurrent Undo Cycle
[77.813s][info][gc] GC(1158) Concurrent Undo Cycle 1.909ms
[77.903s][info][gc] GC(1159) Pause Young (Concurrent Start) (G1 Humongous Allocation) 1304M->18M(1476M) 1.163ms
[77.903s][info][gc] GC(1160) Concurrent Undo Cycle
[77.904s][info][gc] GC(1160) Concurrent Undo Cycle 1.340ms
[77.996s][info][gc] GC(1161) Pause Young (Concurrent Start) (G1 Humongous Allocation) 1304M->18M(1476M) 1.221ms
[77.996s][info][gc] GC(1162) Concurrent Undo Cycle
[77.998s][info][gc] GC(1162) Concurrent Undo Cycle 1.851ms
[78.089s][info][gc] GC(1163) Pause Young (Concurrent Start) (G1 Humongous Allocation) 1304M->18M(1476M) 1.355ms
[78.089s][info][gc] GC(1164) Concurrent Undo Cycle
[78.091s][info][gc] GC(1164) Concurrent Undo Cycle 1.863ms
[78.181s][info][gc] GC(1165) Pause Young (Concurrent Start) (G1 Humongous Allocation) 1304M->18M(1476M) 1.292ms
[78.181s][info][gc] GC(1166) Concurrent Undo Cycle
[78.183s][info][gc] GC(1166) Concurrent Undo Cycle 2.451ms
[78.276s][info][gc] GC(1167) Pause Young (Concurrent Start) (G1 Humongous Allocation) 1304M->18M(1476M) 1.441ms
[78.276s][info][gc] GC(1168) Concurrent Undo Cycle
[78.278s][info][gc] GC(1168) Concurrent Undo Cycle 1.949ms
[78.367s][info][gc] GC(1169) Pause Young (Concurrent Start) (G1 Humongous Allocation) 1304M->18M(1476M) 1.181ms
[78.367s][info][gc] GC(1170) Concurrent Undo Cycle
[78.368s][info][gc] GC(1170) Concurrent Undo Cycle 1.393ms
[78.458s][info][gc] GC(1171) Pause Young (Concurrent Start) (G1 Humongous Allocation) 1304M->18M(1476M) 1.365ms
[78.459s][info][gc] GC(1172) Concurrent Undo Cycle
[78.460s][info][gc] GC(1172) Concurrent Undo Cycle 1.534ms
[78.548s][info][gc] GC(1173) Pause Young (Concurrent Start) (G1 Humongous Allocation) 1304M->18M(1476M) 1.305ms
[78.548s][info][gc] GC(1174) Concurrent Undo Cycle
[78.550s][info][gc] GC(1174) Concurrent Undo Cycle 1.343ms
[78.638s][info][gc] GC(1175) Pause Young (Concurrent Start) (G1 Humongous Allocation) 1304M->18M(1476M) 1.309ms
[78.638s][info][gc] GC(1176) Concurrent Undo Cycle
[78.640s][info][gc] GC(1176) Concurrent Undo Cycle 1.508ms
[78.728s][info][gc] GC(1177) Pause Young (Concurrent Start) (G1 Humongous Allocation) 1304M->18M(1476M) 1.198ms
[78.728s][info][gc] GC(1178) Concurrent Undo Cycle
[78.730s][info][gc] GC(1178) Concurrent Undo Cycle 1.326ms
[78.819s][info][gc] GC(1179) Pause Young (Concurrent Start) (G1 Humongous Allocation) 1304M->18M(1476M) 1.163ms
[78.819s][info][gc] GC(1180) Concurrent Undo Cycle
[78.820s][info][gc] GC(1180) Concurrent Undo Cycle 1.352ms
[78.910s][info][gc] GC(1181) Pause Young (Concurrent Start) (G1 Humongous Allocation) 1304M->18M(1476M) 1.361ms
[78.910s][info][gc] GC(1182) Concurrent Undo Cycle
[78.911s][info][gc] GC(1182) Concurrent Undo Cycle 1.877ms
[79.000s][info][gc] GC(1183) Pause Young (Concurrent Start) (G1 Humongous Allocation) 1304M->18M(1476M) 1.465ms
[79.000s][info][gc] GC(1184) Concurrent Undo Cycle
[79.002s][info][gc] GC(1184) Concurrent Undo Cycle 1.556ms
[79.094s][info][gc] GC(1185) Pause Young (Concurrent Start) (G1 Humongous Allocation) 1304M->18M(1476M) 1.129ms
[79.094s][info][gc] GC(1186) Concurrent Undo Cycle
[79.095s][info][gc] GC(1186) Concurrent Undo Cycle 1.470ms
[79.194s][info][gc] GC(1187) Pause Young (Concurrent Start) (G1 Humongous Allocation) 1304M->18M(1476M) 1.386ms
[79.194s][info][gc] GC(1188) Concurrent Undo Cycle
[79.196s][info][gc] GC(1188) Concurrent Undo Cycle 1.351ms
[79.288s][info][gc] GC(1189) Pause Young (Concurrent Start) (G1 Humongous Allocation) 1304M->18M(1476M) 1.407ms
[79.288s][info][gc] GC(1190) Concurrent Undo Cycle
[79.289s][info][gc] GC(1190) Concurrent Undo Cycle 1.538ms
[79.379s][info][gc] GC(1191) Pause Young (Concurrent Start) (G1 Humongous Allocation) 1304M->18M(1476M) 1.391ms
[79.379s][info][gc] GC(1192) Concurrent Undo Cycle
[79.381s][info][gc] GC(1192) Concurrent Undo Cycle 2.130ms
[79.476s][info][gc] GC(1193) Pause Young (Concurrent Start) (G1 Humongous Allocation) 1304M->18M(1476M) 1.294ms
[79.476s][info][gc] GC(1194) Concurrent Undo Cycle
[79.478s][info][gc] GC(1194) Concurrent Undo Cycle 1.429ms
[79.568s][info][gc] GC(1195) Pause Young (Concurrent Start) (G1 Humongous Allocation) 1304M->18M(1476M) 1.233ms
[79.568s][info][gc] GC(1196) Concurrent Undo Cycle
[79.570s][info][gc] GC(1196) Concurrent Undo Cycle 1.906ms
[79.659s][info][gc] GC(1197) Pause Young (Concurrent Start) (G1 Humongous Allocation) 1304M->18M(1476M) 1.327ms
[79.659s][info][gc] GC(1198) Concurrent Undo Cycle
[79.661s][info][gc] GC(1198) Concurrent Undo Cycle 1.362ms
[79.750s][info][gc] GC(1199) Pause Young (Concurrent Start) (G1 Humongous Allocation) 1304M->18M(1476M) 1.251ms
[79.750s][info][gc] GC(1200) Concurrent Undo Cycle
[79.752s][info][gc] GC(1200) Concurrent Undo Cycle 1.451ms
[79.842s][info][gc] GC(1201) Pause Young (Concurrent Start) (G1 Humongous Allocation) 1304M->18M(1476M) 1.180ms
[79.842s][info][gc] GC(1202) Concurrent Undo Cycle
[79.844s][info][gc] GC(1202) Concurrent Undo Cycle 1.372ms
[79.935s][info][gc] GC(1203) Pause Young (Concurrent Start) (G1 Humongous Allocation) 1304M->18M(1476M) 1.130ms
[79.935s][info][gc] GC(1204) Concurrent Undo Cycle
[79.937s][info][gc] GC(1204) Concurrent Undo Cycle 1.818ms
[80.027s][info][gc] GC(1205) Pause Young (Concurrent Start) (G1 Humongous Allocation) 1304M->18M(1476M) 1.335ms
[80.027s][info][gc] GC(1206) Concurrent Undo Cycle
[80.029s][info][gc] GC(1206) Concurrent Undo Cycle 1.863ms
[80.121s][info][gc] GC(1207) Pause Young (Concurrent Start) (G1 Humongous Allocation) 1304M->18M(1476M) 1.301ms
[80.121s][info][gc] GC(1208) Concurrent Undo Cycle
[80.123s][info][gc] GC(1208) Concurrent Undo Cycle 1.984ms
[80.214s][info][gc] GC(1209) Pause Young (Concurrent Start) (G1 Humongous Allocation) 1304M->18M(1476M) 1.458ms
[80.214s][info][gc] GC(1210) Concurrent Undo Cycle
[80.216s][info][gc] GC(1210) Concurrent Undo Cycle 1.898ms
[80.310s][info][gc] GC(1211) Pause Young (Concurrent Start) (G1 Humongous Allocation) 1304M->18M(1476M) 1.349ms
[80.310s][info][gc] GC(1212) Concurrent Undo Cycle
[80.311s][info][gc] GC(1212) Concurrent Undo Cycle 1.252ms
[80.401s][info][gc] GC(1213) Pause Young (Concurrent Start) (G1 Humongous Allocation) 1304M->18M(1476M) 1.215ms
[80.401s][info][gc] GC(1214) Concurrent Undo Cycle
[80.402s][info][gc] GC(1214) Concurrent Undo Cycle 1.310ms
[80.495s][info][gc] GC(1215) Pause Young (Concurrent Start) (G1 Humongous Allocation) 1304M->18M(1476M) 1.470ms
[80.495s][info][gc] GC(1216) Concurrent Undo Cycle
[80.497s][info][gc] GC(1216) Concurrent Undo Cycle 1.908ms
[80.587s][info][gc] GC(1217) Pause Young (Concurrent Start) (G1 Humongous Allocation) 1304M->18M(1476M) 1.414ms
[80.588s][info][gc] GC(1218) Concurrent Undo Cycle
[80.589s][info][gc] GC(1218) Concurrent Undo Cycle 1.315ms
[80.679s][info][gc] GC(1219) Pause Young (Concurrent Start) (G1 Humongous Allocation) 1304M->18M(1476M) 1.423ms
[80.679s][info][gc] GC(1220) Concurrent Undo Cycle
[80.681s][info][gc] GC(1220) Concurrent Undo Cycle 1.898ms
[80.772s][info][gc] GC(1221) Pause Young (Concurrent Start) (G1 Humongous Allocation) 1304M->18M(1476M) 1.417ms
[80.772s][info][gc] GC(1222) Concurrent Undo Cycle
[80.774s][info][gc] GC(1222) Concurrent Undo Cycle 1.823ms
[80.868s][info][gc] GC(1223) Pause Young (Concurrent Start) (G1 Humongous Allocation) 1304M->18M(1476M) 1.287ms
[80.868s][info][gc] GC(1224) Concurrent Undo Cycle
[80.870s][info][gc] GC(1224) Concurrent Undo Cycle 1.251ms
[80.963s][info][gc] GC(1225) Pause Young (Concurrent Start) (G1 Humongous Allocation) 1304M->18M(1476M) 1.479ms
[80.963s][info][gc] GC(1226) Concurrent Undo Cycle
[80.965s][info][gc] GC(1226) Concurrent Undo Cycle 1.981ms
[81.057s][info][gc] GC(1227) Pause Young (Concurrent Start) (G1 Humongous Allocation) 1304M->18M(1476M) 1.119ms
[81.057s][info][gc] GC(1228) Concurrent Undo Cycle
[81.059s][info][gc] GC(1228) Concurrent Undo Cycle 1.950ms
[81.155s][info][gc] GC(1229) Pause Young (Concurrent Start) (G1 Humongous Allocation) 1304M->18M(1476M) 1.222ms
[81.155s][info][gc] GC(1230) Concurrent Undo Cycle
[81.156s][info][gc] GC(1230) Concurrent Undo Cycle 1.296ms
[81.247s][info][gc] GC(1231) Pause Young (Concurrent Start) (G1 Humongous Allocation) 1304M->18M(1476M) 1.493ms
[81.247s][info][gc] GC(1232) Concurrent Undo Cycle
[81.249s][info][gc] GC(1232) Concurrent Undo Cycle 1.887ms
[81.339s][info][gc] GC(1233) Pause Young (Concurrent Start) (G1 Humongous Allocation) 1304M->18M(1476M) 1.413ms
[81.340s][info][gc] GC(1234) Concurrent Undo Cycle
[81.341s][info][gc] GC(1234) Concurrent Undo Cycle 1.289ms
[81.433s][info][gc] GC(1235) Pause Young (Concurrent Start) (G1 Humongous Allocation) 1304M->19M(1476M) 1.436ms
[81.433s][info][gc] GC(1236) Concurrent Undo Cycle
[81.434s][info][gc] GC(1236) Concurrent Undo Cycle 1.363ms
[81.526s][info][gc] GC(1237) Pause Young (Concurrent Start) (G1 Humongous Allocation) 1304M->19M(1476M) 1.270ms
[81.526s][info][gc] GC(1238) Concurrent Undo Cycle
[81.527s][info][gc] GC(1238) Concurrent Undo Cycle 1.295ms
[81.618s][info][gc] GC(1239) Pause Young (Concurrent Start) (G1 Humongous Allocation) 1304M->19M(1476M) 1.113ms
[81.618s][info][gc] GC(1240) Concurrent Undo Cycle
[81.619s][info][gc] GC(1240) Concurrent Undo Cycle 1.332ms
[81.713s][info][gc] GC(1241) Pause Young (Concurrent Start) (G1 Humongous Allocation) 1304M->19M(1476M) 1.459ms
[81.713s][info][gc] GC(1242) Concurrent Undo Cycle
[81.715s][info][gc] GC(1242) Concurrent Undo Cycle 1.837ms
[81.807s][info][gc] GC(1243) Pause Young (Concurrent Start) (G1 Humongous Allocation) 1304M->19M(1476M) 1.403ms
[81.807s][info][gc] GC(1244) Concurrent Undo Cycle
[81.808s][info][gc] GC(1244) Concurrent Undo Cycle 1.371ms
[81.899s][info][gc] GC(1245) Pause Young (Concurrent Start) (G1 Humongous Allocation) 1304M->19M(1476M) 1.250ms
[81.899s][info][gc] GC(1246) Concurrent Undo Cycle
[81.901s][info][gc] GC(1246) Concurrent Undo Cycle 1.358ms
[82.000s][info][gc] GC(1247) Pause Young (Concurrent Start) (G1 Humongous Allocation) 1304M->19M(1476M) 1.169ms
[82.000s][info][gc] GC(1248) Concurrent Undo Cycle
[82.002s][info][gc] GC(1248) Concurrent Undo Cycle 1.899ms
[82.100s][info][gc] GC(1249) Pause Young (Concurrent Start) (G1 Humongous Allocation) 1304M->19M(1476M) 1.244ms
[82.100s][info][gc] GC(1250) Concurrent Undo Cycle
[82.101s][info][gc] GC(1250) Concurrent Undo Cycle 1.437ms
[82.193s][info][gc] GC(1251) Pause Young (Concurrent Start) (G1 Humongous Allocation) 1305M->19M(1476M) 1.364ms
[82.193s][info][gc] GC(1252) Concurrent Undo Cycle
[82.195s][info][gc] GC(1252) Concurrent Undo Cycle 1.856ms
[82.289s][info][gc] GC(1253) Pause Young (Concurrent Start) (G1 Humongous Allocation) 1305M->19M(1476M) 1.542ms
[82.289s][info][gc] GC(1254) Concurrent Undo Cycle
[82.290s][info][gc] GC(1254) Concurrent Undo Cycle 1.286ms
[82.383s][info][gc] GC(1255) Pause Young (Concurrent Start) (G1 Humongous Allocation) 1305M->19M(1476M) 1.382ms
[82.383s][info][gc] GC(1256) Concurrent Undo Cycle
[82.384s][info][gc] GC(1256) Concurrent Undo Cycle 1.560ms
[82.476s][info][gc] GC(1257) Pause Young (Concurrent Start) (G1 Humongous Allocation) 1305M->19M(1476M) 1.265ms
[82.476s][info][gc] GC(1258) Concurrent Undo Cycle
[82.477s][info][gc] GC(1258) Concurrent Undo Cycle 1.320ms
[82.569s][info][gc] GC(1259) Pause Young (Concurrent Start) (G1 Humongous Allocation) 1305M->19M(1476M) 1.370ms
[82.569s][info][gc] GC(1260) Concurrent Undo Cycle
[82.571s][info][gc] GC(1260) Concurrent Undo Cycle 1.874ms
[82.664s][info][gc] GC(1261) Pause Young (Concurrent Start) (G1 Humongous Allocation) 1305M->19M(1476M) 1.381ms
[82.664s][info][gc] GC(1262) Concurrent Undo Cycle
[82.665s][info][gc] GC(1262) Concurrent Undo Cycle 1.292ms
[82.767s][info][gc] GC(1263) Pause Young (Concurrent Start) (G1 Humongous Allocation) 1305M->19M(1476M) 1.464ms
[82.767s][info][gc] GC(1264) Concurrent Undo Cycle
[82.769s][info][gc] GC(1264) Concurrent Undo Cycle 2.199ms
[82.863s][info][gc] GC(1265) Pause Young (Concurrent Start) (G1 Humongous Allocation) 1305M->19M(1476M) 1.298ms
[82.863s][info][gc] GC(1266) Concurrent Undo Cycle
[82.865s][info][gc] GC(1266) Concurrent Undo Cycle 1.410ms
[82.970s][info][gc] GC(1267) Pause Young (Concurrent Start) (G1 Humongous Allocation) 1305M->19M(1476M) 1.330ms
[82.970s][info][gc] GC(1268) Concurrent Undo Cycle
[82.971s][info][gc] GC(1268) Concurrent Undo Cycle 1.279ms
[83.070s][info][gc] GC(1269) Pause Young (Concurrent Start) (G1 Humongous Allocation) 1305M->19M(1476M) 1.460ms
[83.071s][info][gc] GC(1270) Concurrent Undo Cycle
[83.072s][info][gc] GC(1270) Concurrent Undo Cycle 1.735ms
[83.179s][info][gc] GC(1271) Pause Young (Concurrent Start) (G1 Humongous Allocation) 1305M->19M(1476M) 1.389ms
[83.179s][info][gc] GC(1272) Concurrent Undo Cycle
[83.181s][info][gc] GC(1272) Concurrent Undo Cycle 1.917ms
[83.277s][info][gc] GC(1273) Pause Young (Concurrent Start) (G1 Humongous Allocation) 1305M->19M(1476M) 1.389ms
[83.277s][info][gc] GC(1274) Concurrent Undo Cycle
[83.279s][info][gc] GC(1274) Concurrent Undo Cycle 2.049ms
[83.372s][info][gc] GC(1275) Pause Young (Concurrent Start) (G1 Humongous Allocation) 1305M->19M(1476M) 1.504ms
[83.372s][info][gc] GC(1276) Concurrent Undo Cycle
[83.373s][info][gc] GC(1276) Concurrent Undo Cycle 1.594ms
[83.467s][info][gc] GC(1277) Pause Young (Concurrent Start) (G1 Humongous Allocation) 1305M->19M(1476M) 1.397ms
[83.467s][info][gc] GC(1278) Concurrent Undo Cycle
[83.469s][info][gc] GC(1278) Concurrent Undo Cycle 1.923ms
[83.564s][info][gc] GC(1279) Pause Young (Concurrent Start) (G1 Humongous Allocation) 1305M->19M(1476M) 1.334ms
[83.564s][info][gc] GC(1280) Concurrent Undo Cycle
[83.567s][info][gc] GC(1280) Concurrent Undo Cycle 2.963ms
[83.663s][info][gc] GC(1281) Pause Young (Concurrent Start) (G1 Humongous Allocation) 1305M->19M(1476M) 1.454ms
[83.663s][info][gc] GC(1282) Concurrent Undo Cycle
[83.665s][info][gc] GC(1282) Concurrent Undo Cycle 1.911ms
[83.758s][info][gc] GC(1283) Pause Young (Concurrent Start) (G1 Humongous Allocation) 1305M->19M(1476M) 1.357ms
[83.758s][info][gc] GC(1284) Concurrent Undo Cycle
[83.759s][info][gc] GC(1284) Concurrent Undo Cycle 1.240ms
[83.852s][info][gc] GC(1285) Pause Young (Concurrent Start) (G1 Humongous Allocation) 1305M->19M(1476M) 1.573ms
[83.852s][info][gc] GC(1286) Concurrent Undo Cycle
[83.853s][info][gc] GC(1286) Concurrent Undo Cycle 1.243ms
[83.950s][info][gc] GC(1287) Pause Young (Concurrent Start) (G1 Humongous Allocation) 1305M->19M(1476M) 1.341ms
[83.950s][info][gc] GC(1288) Concurrent Undo Cycle
[83.952s][info][gc] GC(1288) Concurrent Undo Cycle 2.284ms
[84.046s][info][gc] GC(1289) Pause Young (Concurrent Start) (G1 Humongous Allocation) 1305M->19M(1476M) 1.490ms
[84.046s][info][gc] GC(1290) Concurrent Undo Cycle
[84.048s][info][gc] GC(1290) Concurrent Undo Cycle 1.465ms
[84.141s][info][gc] GC(1291) Pause Young (Concurrent Start) (G1 Humongous Allocation) 1305M->19M(1476M) 1.362ms
[84.141s][info][gc] GC(1292) Concurrent Undo Cycle
[84.143s][info][gc] GC(1292) Concurrent Undo Cycle 1.873ms
[84.235s][info][gc] GC(1293) Pause Young (Concurrent Start) (G1 Humongous Allocation) 1305M->19M(1476M) 1.211ms
[84.235s][info][gc] GC(1294) Concurrent Undo Cycle
[84.238s][info][gc] GC(1294) Concurrent Undo Cycle 2.220ms
[84.330s][info][gc] GC(1295) Pause Young (Concurrent Start) (G1 Humongous Allocation) 1305M->19M(1476M) 1.299ms
[84.330s][info][gc] GC(1296) Concurrent Undo Cycle
[84.331s][info][gc] GC(1296) Concurrent Undo Cycle 1.323ms
[84.429s][info][gc] GC(1297) Pause Young (Concurrent Start) (G1 Humongous Allocation) 1305M->19M(1476M) 1.312ms
[84.429s][info][gc] GC(1298) Concurrent Undo Cycle
[84.431s][info][gc] GC(1298) Concurrent Undo Cycle 1.377ms
[84.525s][info][gc] GC(1299) Pause Young (Concurrent Start) (G1 Humongous Allocation) 1305M->19M(1476M) 1.339ms
[84.525s][info][gc] GC(1300) Concurrent Undo Cycle
[84.527s][info][gc] GC(1300) Concurrent Undo Cycle 1.873ms
[84.619s][info][gc] GC(1301) Pause Young (Concurrent Start) (G1 Humongous Allocation) 1305M->19M(1476M) 1.274ms
[84.619s][info][gc] GC(1302) Concurrent Undo Cycle
[84.621s][info][gc] GC(1302) Concurrent Undo Cycle 1.286ms
[84.715s][info][gc] GC(1303) Pause Young (Concurrent Start) (G1 Humongous Allocation) 1305M->19M(1476M) 1.346ms
[84.715s][info][gc] GC(1304) Concurrent Undo Cycle
[84.717s][info][gc] GC(1304) Concurrent Undo Cycle 1.621ms
[84.809s][info][gc] GC(1305) Pause Young (Concurrent Start) (G1 Humongous Allocation) 1305M->19M(1476M) 1.313ms
[84.810s][info][gc] GC(1306) Concurrent Undo Cycle
[84.811s][info][gc] GC(1306) Concurrent Undo Cycle 1.306ms
[84.910s][info][gc] GC(1307) Pause Young (Concurrent Start) (G1 Humongous Allocation) 1305M->19M(1476M) 1.204ms
[84.911s][info][gc] GC(1308) Concurrent Undo Cycle
[84.912s][info][gc] GC(1308) Concurrent Undo Cycle 1.298ms
[85.006s][info][gc] GC(1309) Pause Young (Concurrent Start) (G1 Humongous Allocation) 1305M->19M(1476M) 1.811ms
[85.006s][info][gc] GC(1310) Concurrent Undo Cycle
[85.008s][info][gc] GC(1310) Concurrent Undo Cycle 1.255ms
[85.108s][info][gc] GC(1311) Pause Young (Concurrent Start) (G1 Humongous Allocation) 1305M->19M(1476M) 1.368ms
[85.109s][info][gc] GC(1312) Concurrent Undo Cycle
[85.111s][info][gc] GC(1312) Concurrent Undo Cycle 2.028ms
[85.214s][info][gc] GC(1313) Pause Young (Concurrent Start) (G1 Humongous Allocation) 1305M->19M(1476M) 1.232ms
[85.214s][info][gc] GC(1314) Concurrent Undo Cycle
[85.216s][info][gc] GC(1314) Concurrent Undo Cycle 1.846ms
[85.310s][info][gc] GC(1315) Pause Young (Concurrent Start) (G1 Humongous Allocation) 1305M->19M(1476M) 1.360ms
[85.310s][info][gc] GC(1316) Concurrent Undo Cycle
[85.312s][info][gc] GC(1316) Concurrent Undo Cycle 1.890ms
[85.406s][info][gc] GC(1317) Pause Young (Concurrent Start) (G1 Humongous Allocation) 1305M->19M(1476M) 1.254ms
[85.406s][info][gc] GC(1318) Concurrent Undo Cycle
[85.407s][info][gc] GC(1318) Concurrent Undo Cycle 1.327ms
[85.501s][info][gc] GC(1319) Pause Young (Concurrent Start) (G1 Humongous Allocation) 1305M->19M(1476M) 1.349ms
[85.501s][info][gc] GC(1320) Concurrent Undo Cycle
[85.502s][info][gc] GC(1320) Concurrent Undo Cycle 1.358ms
[85.597s][info][gc] GC(1321) Pause Young (Concurrent Start) (G1 Humongous Allocation) 1305M->19M(1476M) 1.244ms
[85.597s][info][gc] GC(1322) Concurrent Undo Cycle
[85.599s][info][gc] GC(1322) Concurrent Undo Cycle 1.960ms
[85.692s][info][gc] GC(1323) Pause Young (Concurrent Start) (G1 Humongous Allocation) 1305M->19M(1476M) 1.401ms
[85.693s][info][gc] GC(1324) Concurrent Undo Cycle
[85.696s][info][gc] GC(1324) Concurrent Undo Cycle 3.057ms
[85.790s][info][gc] GC(1325) Pause Young (Concurrent Start) (G1 Humongous Allocation) 1305M->19M(1476M) 1.324ms
[85.790s][info][gc] GC(1326) Concurrent Undo Cycle
[85.791s][info][gc] GC(1326) Concurrent Undo Cycle 1.348ms
[85.893s][info][gc] GC(1327) Pause Young (Concurrent Start) (G1 Humongous Allocation) 1305M->19M(1476M) 1.221ms
[85.893s][info][gc] GC(1328) Concurrent Undo Cycle
[85.894s][info][gc] GC(1328) Concurrent Undo Cycle 1.321ms
[85.990s][info][gc] GC(1329) Pause Young (Concurrent Start) (G1 Humongous Allocation) 1305M->19M(1476M) 1.327ms
[85.990s][info][gc] GC(1330) Concurrent Undo Cycle
[85.992s][info][gc] GC(1330) Concurrent Undo Cycle 1.316ms
[86.093s][info][gc] GC(1331) Pause Young (Concurrent Start) (G1 Humongous Allocation) 1305M->19M(1476M) 1.461ms
[86.093s][info][gc] GC(1332) Concurrent Undo Cycle
[86.097s][info][gc] GC(1332) Concurrent Undo Cycle 3.228ms
[86.193s][info][gc] GC(1333) Pause Young (Concurrent Start) (G1 Humongous Allocation) 1305M->19M(1476M) 1.435ms
[86.193s][info][gc] GC(1334) Concurrent Undo Cycle
[86.195s][info][gc] GC(1334) Concurrent Undo Cycle 1.595ms
[86.307s][info][gc] GC(1335) Pause Young (Concurrent Start) (G1 Humongous Allocation) 1305M->19M(1476M) 1.357ms
[86.307s][info][gc] GC(1336) Concurrent Undo Cycle
[86.309s][info][gc] GC(1336) Concurrent Undo Cycle 1.622ms
[86.415s][info][gc] GC(1337) Pause Young (Concurrent Start) (G1 Humongous Allocation) 1305M->19M(1476M) 1.086ms
[86.416s][info][gc] GC(1338) Concurrent Undo Cycle
[86.417s][info][gc] GC(1338) Concurrent Undo Cycle 1.354ms
[86.519s][info][gc] GC(1339) Pause Young (Concurrent Start) (G1 Humongous Allocation) 1305M->19M(1476M) 1.258ms
[86.519s][info][gc] GC(1340) Concurrent Undo Cycle
[86.521s][info][gc] GC(1340) Concurrent Undo Cycle 1.520ms
[86.629s][info][gc] GC(1341) Pause Young (Concurrent Start) (G1 Humongous Allocation) 1305M->19M(1476M) 1.252ms
[86.629s][info][gc] GC(1342) Concurrent Undo Cycle
[86.631s][info][gc] GC(1342) Concurrent Undo Cycle 2.221ms
[86.729s][info][gc] GC(1343) Pause Young (Concurrent Start) (G1 Humongous Allocation) 1305M->19M(1476M) 1.463ms
[86.729s][info][gc] GC(1344) Concurrent Undo Cycle
[86.730s][info][gc] GC(1344) Concurrent Undo Cycle 1.306ms
[86.825s][info][gc] GC(1345) Pause Young (Concurrent Start) (G1 Humongous Allocation) 1305M->19M(1476M) 1.346ms
[86.826s][info][gc] GC(1346) Concurrent Undo Cycle
[86.827s][info][gc] GC(1346) Concurrent Undo Cycle 1.559ms
[86.931s][info][gc] GC(1347) Pause Young (Concurrent Start) (G1 Humongous Allocation) 1305M->19M(1476M) 1.131ms
[86.931s][info][gc] GC(1348) Concurrent Undo Cycle
[86.932s][info][gc] GC(1348) Concurrent Undo Cycle 1.352ms
[87.028s][info][gc] GC(1349) Pause Young (Concurrent Start) (G1 Humongous Allocation) 1305M->19M(1476M) 1.373ms
[87.028s][info][gc] GC(1350) Concurrent Undo Cycle
[87.030s][info][gc] GC(1350) Concurrent Undo Cycle 2.032ms
[87.126s][info][gc] GC(1351) Pause Young (Concurrent Start) (G1 Humongous Allocation) 1305M->19M(1476M) 1.165ms
[87.126s][info][gc] GC(1352) Concurrent Undo Cycle
[87.128s][info][gc] GC(1352) Concurrent Undo Cycle 1.872ms
[87.231s][info][gc] GC(1353) Pause Young (Concurrent Start) (G1 Humongous Allocation) 1305M->19M(1476M) 1.108ms
[87.231s][info][gc] GC(1354) Concurrent Undo Cycle
[87.233s][info][gc] GC(1354) Concurrent Undo Cycle 1.910ms
[87.328s][info][gc] GC(1355) Pause Young (Concurrent Start) (G1 Humongous Allocation) 1306M->19M(1476M) 1.302ms
[87.328s][info][gc] GC(1356) Concurrent Undo Cycle
[87.330s][info][gc] GC(1356) Concurrent Undo Cycle 1.401ms
[87.429s][info][gc] GC(1357) Pause Young (Concurrent Start) (G1 Humongous Allocation) 1306M->19M(1476M) 1.546ms
[87.429s][info][gc] GC(1358) Concurrent Undo Cycle
[87.431s][info][gc] GC(1358) Concurrent Undo Cycle 1.458ms
[87.528s][info][gc] GC(1359) Pause Young (Concurrent Start) (G1 Humongous Allocation) 1306M->19M(1476M) 1.330ms
[87.528s][info][gc] GC(1360) Concurrent Undo Cycle
[87.531s][info][gc] GC(1360) Concurrent Undo Cycle 3.197ms
[87.627s][info][gc] GC(1361) Pause Young (Concurrent Start) (G1 Humongous Allocation) 1306M->19M(1476M) 1.218ms
[87.627s][info][gc] GC(1362) Concurrent Undo Cycle
[87.629s][info][gc] GC(1362) Concurrent Undo Cycle 1.929ms
[87.725s][info][gc] GC(1363) Pause Young (Concurrent Start) (G1 Humongous Allocation) 1306M->19M(1476M) 1.261ms
[87.725s][info][gc] GC(1364) Concurrent Undo Cycle
[87.726s][info][gc] GC(1364) Concurrent Undo Cycle 1.357ms
[87.821s][info][gc] GC(1365) Pause Young (Concurrent Start) (G1 Humongous Allocation) 1306M->19M(1476M) 1.176ms
[87.821s][info][gc] GC(1366) Concurrent Undo Cycle
[87.823s][info][gc] GC(1366) Concurrent Undo Cycle 1.423ms
[87.924s][info][gc] GC(1367) Pause Young (Concurrent Start) (G1 Humongous Allocation) 1306M->20M(1476M) 1.359ms
[87.924s][info][gc] GC(1368) Concurrent Undo Cycle
[87.926s][info][gc] GC(1368) Concurrent Undo Cycle 1.326ms
[88.021s][info][gc] GC(1369) Pause Young (Concurrent Start) (G1 Humongous Allocation) 1306M->20M(1476M) 1.569ms
[88.022s][info][gc] GC(1370) Concurrent Undo Cycle
[88.023s][info][gc] GC(1370) Concurrent Undo Cycle 1.489ms
[88.127s][info][gc] GC(1371) Pause Young (Concurrent Start) (G1 Humongous Allocation) 1306M->20M(1476M) 1.472ms
[88.127s][info][gc] GC(1372) Concurrent Undo Cycle
[88.129s][info][gc] GC(1372) Concurrent Undo Cycle 1.305ms
[88.227s][info][gc] GC(1373) Pause Young (Concurrent Start) (G1 Humongous Allocation) 1306M->20M(1476M) 1.165ms
[88.227s][info][gc] GC(1374) Concurrent Undo Cycle
[88.228s][info][gc] GC(1374) Concurrent Undo Cycle 1.496ms
[88.327s][info][gc] GC(1375) Pause Young (Concurrent Start) (G1 Humongous Allocation) 1306M->20M(1476M) 1.272ms
[88.327s][info][gc] GC(1376) Concurrent Undo Cycle
[88.328s][info][gc] GC(1376) Concurrent Undo Cycle 1.278ms
[88.423s][info][gc] GC(1377) Pause Young (Concurrent Start) (G1 Humongous Allocation) 1306M->20M(1476M) 1.162ms
[88.423s][info][gc] GC(1378) Concurrent Undo Cycle
[88.425s][info][gc] GC(1378) Concurrent Undo Cycle 1.926ms
[88.521s][info][gc] GC(1379) Pause Young (Concurrent Start) (G1 Humongous Allocation) 1306M->20M(1476M) 1.266ms
[88.521s][info][gc] GC(1380) Concurrent Undo Cycle
[88.523s][info][gc] GC(1380) Concurrent Undo Cycle 1.920ms
[88.625s][info][gc] GC(1381) Pause Young (Concurrent Start) (G1 Humongous Allocation) 1306M->20M(1476M) 1.296ms
[88.626s][info][gc] GC(1382) Concurrent Undo Cycle
[88.627s][info][gc] GC(1382) Concurrent Undo Cycle 1.310ms
[88.723s][info][gc] GC(1383) Pause Young (Concurrent Start) (G1 Humongous Allocation) 1306M->20M(1476M) 1.365ms
[88.723s][info][gc] GC(1384) Concurrent Undo Cycle
[88.724s][info][gc] GC(1384) Concurrent Undo Cycle 1.356ms
[88.820s][info][gc] GC(1385) Pause Young (Concurrent Start) (G1 Humongous Allocation) 1306M->20M(1476M) 1.258ms
[88.820s][info][gc] GC(1386) Concurrent Undo Cycle
[88.822s][info][gc] GC(1386) Concurrent Undo Cycle 1.529ms
[88.920s][info][gc] GC(1387) Pause Young (Concurrent Start) (G1 Humongous Allocation) 1306M->20M(1476M) 1.553ms
[88.920s][info][gc] GC(1388) Concurrent Undo Cycle
[88.922s][info][gc] GC(1388) Concurrent Undo Cycle 2.002ms
[89.019s][info][gc] GC(1389) Pause Young (Concurrent Start) (G1 Humongous Allocation) 1306M->20M(1476M) 1.445ms
[89.019s][info][gc] GC(1390) Concurrent Undo Cycle
[89.020s][info][gc] GC(1390) Concurrent Undo Cycle 1.291ms
[89.117s][info][gc] GC(1391) Pause Young (Concurrent Start) (G1 Humongous Allocation) 1306M->20M(1476M) 1.192ms
[89.117s][info][gc] GC(1392) Concurrent Undo Cycle
[89.119s][info][gc] GC(1392) Concurrent Undo Cycle 1.962ms
[89.216s][info][gc] GC(1393) Pause Young (Concurrent Start) (G1 Humongous Allocation) 1306M->20M(1476M) 1.202ms
[89.216s][info][gc] GC(1394) Concurrent Undo Cycle
[89.217s][info][gc] GC(1394) Concurrent Undo Cycle 1.315ms
[89.315s][info][gc] GC(1395) Pause Young (Concurrent Start) (G1 Humongous Allocation) 1306M->20M(1476M) 1.273ms
[89.315s][info][gc] GC(1396) Concurrent Undo Cycle
[89.318s][info][gc] GC(1396) Concurrent Undo Cycle 2.443ms
[89.414s][info][gc] GC(1397) Pause Young (Concurrent Start) (G1 Humongous Allocation) 1306M->20M(1476M) 1.133ms
[89.414s][info][gc] GC(1398) Concurrent Undo Cycle
[89.415s][info][gc] GC(1398) Concurrent Undo Cycle 1.301ms
[89.512s][info][gc] GC(1399) Pause Young (Concurrent Start) (G1 Humongous Allocation) 1306M->20M(1476M) 1.369ms
[89.512s][info][gc] GC(1400) Concurrent Undo Cycle
[89.513s][info][gc] GC(1400) Concurrent Undo Cycle 1.498ms
[89.621s][info][gc] GC(1401) Pause Young (Concurrent Start) (G1 Humongous Allocation) 1306M->20M(1476M) 1.315ms
[89.621s][info][gc] GC(1402) Concurrent Undo Cycle
[89.623s][info][gc] GC(1402) Concurrent Undo Cycle 2.218ms
[89.721s][info][gc] GC(1403) Pause Young (Concurrent Start) (G1 Humongous Allocation) 1306M->20M(1476M) 1.164ms
[89.722s][info][gc] GC(1404) Concurrent Undo Cycle
[89.723s][info][gc] GC(1404) Concurrent Undo Cycle 1.334ms
[89.823s][info][gc] GC(1405) Pause Young (Concurrent Start) (G1 Humongous Allocation) 1306M->20M(1476M) 1.378ms
[89.823s][info][gc] GC(1406) Concurrent Undo Cycle
[89.824s][info][gc] GC(1406) Concurrent Undo Cycle 1.321ms
[89.928s][info][gc] GC(1407) Pause Young (Concurrent Start) (G1 Humongous Allocation) 1306M->20M(1476M) 1.205ms
[89.928s][info][gc] GC(1408) Concurrent Undo Cycle
[89.931s][info][gc] GC(1408) Concurrent Undo Cycle 2.900ms
[90.030s][info][gc] GC(1409) Pause Young (Concurrent Start) (G1 Humongous Allocation) 1306M->20M(1476M) 1.374ms
[90.030s][info][gc] GC(1410) Concurrent Undo Cycle
[90.031s][info][gc] GC(1410) Concurrent Undo Cycle 1.384ms
[90.130s][info][gc] GC(1411) Pause Young (Concurrent Start) (G1 Humongous Allocation) 1306M->20M(1476M) 1.226ms
[90.130s][info][gc] GC(1412) Concurrent Undo Cycle
[90.132s][info][gc] GC(1412) Concurrent Undo Cycle 2.241ms
[90.230s][info][gc] GC(1413) Pause Young (Concurrent Start) (G1 Humongous Allocation) 1306M->20M(1476M) 1.126ms
[90.230s][info][gc] GC(1414) Concurrent Undo Cycle
[90.231s][info][gc] GC(1414) Concurrent Undo Cycle 1.302ms
[90.332s][info][gc] GC(1415) Pause Young (Concurrent Start) (G1 Humongous Allocation) 1306M->20M(1476M) 1.376ms
[90.332s][info][gc] GC(1416) Concurrent Undo Cycle
[90.333s][info][gc] GC(1416) Concurrent Undo Cycle 1.351ms
[90.431s][info][gc] GC(1417) Pause Young (Concurrent Start) (G1 Humongous Allocation) 1306M->20M(1476M) 1.384ms
[90.431s][info][gc] GC(1418) Concurrent Undo Cycle
[90.433s][info][gc] GC(1418) Concurrent Undo Cycle 1.566ms
[90.531s][info][gc] GC(1419) Pause Young (Concurrent Start) (G1 Humongous Allocation) 1306M->20M(1476M) 1.258ms
[90.531s][info][gc] GC(1420) Concurrent Undo Cycle
[90.533s][info][gc] GC(1420) Concurrent Undo Cycle 1.874ms
[90.630s][info][gc] GC(1421) Pause Young (Concurrent Start) (G1 Humongous Allocation) 1306M->20M(1476M) 1.359ms
[90.630s][info][gc] GC(1422) Concurrent Undo Cycle
[90.632s][info][gc] GC(1422) Concurrent Undo Cycle 2.030ms
[90.732s][info][gc] GC(1423) Pause Young (Concurrent Start) (G1 Humongous Allocation) 1306M->20M(1476M) 1.343ms
[90.732s][info][gc] GC(1424) Concurrent Undo Cycle
[90.733s][info][gc] GC(1424) Concurrent Undo Cycle 1.357ms
[90.831s][info][gc] GC(1425) Pause Young (Concurrent Start) (G1 Humongous Allocation) 1306M->20M(1476M) 1.385ms
[90.831s][info][gc] GC(1426) Concurrent Undo Cycle
[90.833s][info][gc] GC(1426) Concurrent Undo Cycle 1.315ms
[90.933s][info][gc] GC(1427) Pause Young (Concurrent Start) (G1 Humongous Allocation) 1306M->20M(1476M) 1.404ms
[90.933s][info][gc] GC(1428) Concurrent Undo Cycle
[90.934s][info][gc] GC(1428) Concurrent Undo Cycle 1.497ms
[91.032s][info][gc] GC(1429) Pause Young (Concurrent Start) (G1 Humongous Allocation) 1306M->20M(1476M) 1.202ms
[91.032s][info][gc] GC(1430) Concurrent Undo Cycle
[91.034s][info][gc] GC(1430) Concurrent Undo Cycle 1.287ms
[91.133s][info][gc] GC(1431) Pause Young (Concurrent Start) (G1 Humongous Allocation) 1306M->20M(1476M) 1.381ms
[91.133s][info][gc] GC(1432) Concurrent Undo Cycle
[91.135s][info][gc] GC(1432) Concurrent Undo Cycle 1.459ms
[91.249s][info][gc] GC(1433) Pause Young (Concurrent Start) (G1 Humongous Allocation) 1306M->20M(1476M) 1.324ms
[91.249s][info][gc] GC(1434) Concurrent Undo Cycle
[91.250s][info][gc] GC(1434) Concurrent Undo Cycle 1.624ms
[91.354s][info][gc] GC(1435) Pause Young (Concurrent Start) (G1 Humongous Allocation) 1306M->20M(1476M) 1.318ms
[91.354s][info][gc] GC(1436) Concurrent Undo Cycle
[91.355s][info][gc] GC(1436) Concurrent Undo Cycle 1.459ms
[91.459s][info][gc] GC(1437) Pause Young (Concurrent Start) (G1 Humongous Allocation) 1306M->20M(1476M) 1.363ms
[91.459s][info][gc] GC(1438) Concurrent Undo Cycle
[91.461s][info][gc] GC(1438) Concurrent Undo Cycle 1.809ms
[91.574s][info][gc] GC(1439) Pause Young (Concurrent Start) (G1 Humongous Allocation) 1306M->20M(1476M) 1.509ms
[91.574s][info][gc] GC(1440) Concurrent Undo Cycle
[91.576s][info][gc] GC(1440) Concurrent Undo Cycle 1.364ms
[91.674s][info][gc] GC(1441) Pause Young (Concurrent Start) (G1 Humongous Allocation) 1306M->20M(1476M) 1.424ms
[91.674s][info][gc] GC(1442) Concurrent Undo Cycle
[91.675s][info][gc] GC(1442) Concurrent Undo Cycle 1.518ms
[91.773s][info][gc] GC(1443) Pause Young (Concurrent Start) (G1 Humongous Allocation) 1306M->20M(1476M) 1.206ms
[91.773s][info][gc] GC(1444) Concurrent Undo Cycle
[91.775s][info][gc] GC(1444) Concurrent Undo Cycle 1.996ms
[91.877s][info][gc] GC(1445) Pause Young (Concurrent Start) (G1 Humongous Allocation) 1306M->20M(1476M) 1.473ms
[91.877s][info][gc] GC(1446) Concurrent Undo Cycle
[91.879s][info][gc] GC(1446) Concurrent Undo Cycle 2.123ms
[91.978s][info][gc] GC(1447) Pause Young (Concurrent Start) (G1 Humongous Allocation) 1306M->20M(1476M) 1.331ms
[91.978s][info][gc] GC(1448) Concurrent Undo Cycle
[91.980s][info][gc] GC(1448) Concurrent Undo Cycle 1.910ms
[92.080s][info][gc] GC(1449) Pause Young (Concurrent Start) (G1 Humongous Allocation) 1306M->20M(1476M) 1.361ms
[92.080s][info][gc] GC(1450) Concurrent Undo Cycle
[92.082s][info][gc] GC(1450) Concurrent Undo Cycle 1.312ms
[92.180s][info][gc] GC(1451) Pause Young (Concurrent Start) (G1 Humongous Allocation) 1306M->20M(1476M) 1.114ms
[92.180s][info][gc] GC(1452) Concurrent Undo Cycle
[92.182s][info][gc] GC(1452) Concurrent Undo Cycle 1.412ms
[92.281s][info][gc] GC(1453) Pause Young (Concurrent Start) (G1 Humongous Allocation) 1306M->20M(1476M) 1.530ms
[92.281s][info][gc] GC(1454) Concurrent Undo Cycle
[92.282s][info][gc] GC(1454) Concurrent Undo Cycle 1.541ms
[92.381s][info][gc] GC(1455) Pause Young (Concurrent Start) (G1 Humongous Allocation) 1306M->20M(1476M) 1.500ms
[92.381s][info][gc] GC(1456) Concurrent Undo Cycle
[92.383s][info][gc] GC(1456) Concurrent Undo Cycle 1.326ms
[92.482s][info][gc] GC(1457) Pause Young (Concurrent Start) (G1 Humongous Allocation) 1307M->20M(1476M) 1.312ms
[92.482s][info][gc] GC(1458) Concurrent Undo Cycle
[92.484s][info][gc] GC(1458) Concurrent Undo Cycle 1.319ms
[92.583s][info][gc] GC(1459) Pause Young (Concurrent Start) (G1 Humongous Allocation) 1307M->20M(1476M) 1.337ms
[92.583s][info][gc] GC(1460) Concurrent Undo Cycle
[92.584s][info][gc] GC(1460) Concurrent Undo Cycle 1.296ms
[92.683s][info][gc] GC(1461) Pause Young (Concurrent Start) (G1 Humongous Allocation) 1307M->20M(1476M) 1.284ms
[92.683s][info][gc] GC(1462) Concurrent Undo Cycle
[92.684s][info][gc] GC(1462) Concurrent Undo Cycle 1.306ms
[92.783s][info][gc] GC(1463) Pause Young (Concurrent Start) (G1 Humongous Allocation) 1307M->20M(1476M) 1.250ms
[92.783s][info][gc] GC(1464) Concurrent Undo Cycle
[92.785s][info][gc] GC(1464) Concurrent Undo Cycle 1.322ms
[92.885s][info][gc] GC(1465) Pause Young (Concurrent Start) (G1 Humongous Allocation) 1307M->20M(1476M) 1.125ms
[92.885s][info][gc] GC(1466) Concurrent Undo Cycle
[92.886s][info][gc] GC(1466) Concurrent Undo Cycle 1.336ms
[92.986s][info][gc] GC(1467) Pause Young (Concurrent Start) (G1 Humongous Allocation) 1307M->20M(1476M) 1.282ms
[92.986s][info][gc] GC(1468) Concurrent Undo Cycle
[92.987s][info][gc] GC(1468) Concurrent Undo Cycle 1.338ms
[93.094s][info][gc] GC(1469) Pause Young (Concurrent Start) (G1 Humongous Allocation) 1307M->20M(1476M) 1.523ms
[93.094s][info][gc] GC(1470) Concurrent Undo Cycle
[93.095s][info][gc] GC(1470) Concurrent Undo Cycle 1.339ms
[93.195s][info][gc] GC(1471) Pause Young (Concurrent Start) (G1 Humongous Allocation) 1307M->20M(1476M) 1.493ms
[93.195s][info][gc] GC(1472) Concurrent Undo Cycle
[93.196s][info][gc] GC(1472) Concurrent Undo Cycle 1.661ms
[93.311s][info][gc] GC(1473) Pause Young (Concurrent Start) (G1 Humongous Allocation) 1307M->20M(1476M) 1.240ms
[93.311s][info][gc] GC(1474) Concurrent Undo Cycle
[93.312s][info][gc] GC(1474) Concurrent Undo Cycle 1.387ms
[93.411s][info][gc] GC(1475) Pause Young (Concurrent Start) (G1 Humongous Allocation) 1307M->20M(1476M) 1.349ms
[93.411s][info][gc] GC(1476) Concurrent Undo Cycle
[93.413s][info][gc] GC(1476) Concurrent Undo Cycle 1.313ms
[93.512s][info][gc] GC(1477) Pause Young (Concurrent Start) (G1 Humongous Allocation) 1307M->20M(1476M) 1.347ms
[93.512s][info][gc] GC(1478) Concurrent Undo Cycle
[93.514s][info][gc] GC(1478) Concurrent Undo Cycle 2.006ms
[93.614s][info][gc] GC(1479) Pause Young (Concurrent Start) (G1 Humongous Allocation) 1307M->20M(1476M) 1.393ms
[93.614s][info][gc] GC(1480) Concurrent Undo Cycle
[93.616s][info][gc] GC(1480) Concurrent Undo Cycle 1.273ms
[93.715s][info][gc] GC(1481) Pause Young (Concurrent Start) (G1 Humongous Allocation) 1307M->20M(1476M) 1.257ms
[93.715s][info][gc] GC(1482) Concurrent Undo Cycle
[93.716s][info][gc] GC(1482) Concurrent Undo Cycle 1.331ms
[93.820s][info][gc] GC(1483) Pause Young (Concurrent Start) (G1 Humongous Allocation) 1307M->20M(1476M) 1.421ms
[93.820s][info][gc] GC(1484) Concurrent Undo Cycle
[93.824s][info][gc] GC(1484) Concurrent Undo Cycle 3.452ms
[93.928s][info][gc] GC(1485) Pause Young (Concurrent Start) (G1 Humongous Allocation) 1307M->20M(1476M) 1.248ms
[93.928s][info][gc] GC(1486) Concurrent Undo Cycle
[93.930s][info][gc] GC(1486) Concurrent Undo Cycle 2.328ms
[94.031s][info][gc] GC(1487) Pause Young (Concurrent Start) (G1 Humongous Allocation) 1307M->20M(1476M) 1.443ms
[94.031s][info][gc] GC(1488) Concurrent Undo Cycle
[94.034s][info][gc] GC(1488) Concurrent Undo Cycle 2.098ms
[94.135s][info][gc] GC(1489) Pause Young (Concurrent Start) (G1 Humongous Allocation) 1307M->20M(1476M) 1.313ms
[94.135s][info][gc] GC(1490) Concurrent Undo Cycle
[94.136s][info][gc] GC(1490) Concurrent Undo Cycle 1.369ms
[94.237s][info][gc] GC(1491) Pause Young (Concurrent Start) (G1 Humongous Allocation) 1307M->20M(1476M) 1.343ms
[94.237s][info][gc] GC(1492) Concurrent Undo Cycle
[94.239s][info][gc] GC(1492) Concurrent Undo Cycle 1.931ms
[94.347s][info][gc] GC(1493) Pause Young (Concurrent Start) (G1 Humongous Allocation) 1307M->20M(1476M) 1.304ms
[94.347s][info][gc] GC(1494) Concurrent Undo Cycle
[94.349s][info][gc] GC(1494) Concurrent Undo Cycle 1.902ms
[94.458s][info][gc] GC(1495) Pause Young (Concurrent Start) (G1 Humongous Allocation) 1307M->20M(1476M) 1.423ms
[94.458s][info][gc] GC(1496) Concurrent Undo Cycle
[94.460s][info][gc] GC(1496) Concurrent Undo Cycle 2.475ms
[94.569s][info][gc] GC(1497) Pause Young (Concurrent Start) (G1 Humongous Allocation) 1307M->20M(1476M) 1.380ms
[94.569s][info][gc] GC(1498) Concurrent Undo Cycle
[94.570s][info][gc] GC(1498) Concurrent Undo Cycle 1.318ms
[94.671s][info][gc] GC(1499) Pause Young (Concurrent Start) (G1 Humongous Allocation) 1307M->20M(1476M) 1.352ms
[94.671s][info][gc] GC(1500) Concurrent Undo Cycle
[94.673s][info][gc] GC(1500) Concurrent Undo Cycle 1.979ms
[94.776s][info][gc] GC(1501) Pause Young (Concurrent Start) (G1 Humongous Allocation) 1307M->21M(1476M) 1.555ms
[94.776s][info][gc] GC(1502) Concurrent Undo Cycle
[94.778s][info][gc] GC(1502) Concurrent Undo Cycle 1.905ms
[94.879s][info][gc] GC(1503) Pause Young (Concurrent Start) (G1 Humongous Allocation) 1307M->21M(1476M) 1.403ms
[94.880s][info][gc] GC(1504) Concurrent Undo Cycle
[94.881s][info][gc] GC(1504) Concurrent Undo Cycle 1.548ms
[94.982s][info][gc] GC(1505) Pause Young (Concurrent Start) (G1 Humongous Allocation) 1307M->21M(1476M) 1.306ms
[94.982s][info][gc] GC(1506) Concurrent Undo Cycle
[94.984s][info][gc] GC(1506) Concurrent Undo Cycle 2.035ms
[95.091s][info][gc] GC(1507) Pause Young (Concurrent Start) (G1 Humongous Allocation) 1307M->21M(1476M) 1.181ms
[95.091s][info][gc] GC(1508) Concurrent Undo Cycle
[95.093s][info][gc] GC(1508) Concurrent Undo Cycle 2.125ms
[95.202s][info][gc] GC(1509) Pause Young (Concurrent Start) (G1 Humongous Allocation) 1307M->21M(1476M) 1.247ms
[95.202s][info][gc] GC(1510) Concurrent Undo Cycle
[95.204s][info][gc] GC(1510) Concurrent Undo Cycle 1.330ms
[95.305s][info][gc] GC(1511) Pause Young (Concurrent Start) (G1 Humongous Allocation) 1307M->21M(1476M) 1.243ms
[95.305s][info][gc] GC(1512) Concurrent Undo Cycle
[95.308s][info][gc] GC(1512) Concurrent Undo Cycle 2.506ms
[95.415s][info][gc] GC(1513) Pause Young (Concurrent Start) (G1 Humongous Allocation) 1307M->21M(1476M) 1.134ms
[95.415s][info][gc] GC(1514) Concurrent Undo Cycle
[95.417s][info][gc] GC(1514) Concurrent Undo Cycle 1.281ms
[95.518s][info][gc] GC(1515) Pause Young (Concurrent Start) (G1 Humongous Allocation) 1307M->21M(1476M) 1.250ms
[95.518s][info][gc] GC(1516) Concurrent Undo Cycle
[95.519s][info][gc] GC(1516) Concurrent Undo Cycle 1.336ms
[95.622s][info][gc] GC(1517) Pause Young (Concurrent Start) (G1 Humongous Allocation) 1307M->21M(1476M) 1.235ms
[95.622s][info][gc] GC(1518) Concurrent Undo Cycle
[95.624s][info][gc] GC(1518) Concurrent Undo Cycle 1.974ms
[95.725s][info][gc] GC(1519) Pause Young (Concurrent Start) (G1 Humongous Allocation) 1307M->21M(1476M) 1.415ms
[95.725s][info][gc] GC(1520) Concurrent Undo Cycle
[95.727s][info][gc] GC(1520) Concurrent Undo Cycle 1.971ms
[95.830s][info][gc] GC(1521) Pause Young (Concurrent Start) (G1 Humongous Allocation) 1307M->21M(1476M) 1.559ms
[95.830s][info][gc] GC(1522) Concurrent Undo Cycle
[95.831s][info][gc] GC(1522) Concurrent Undo Cycle 1.420ms
[95.933s][info][gc] GC(1523) Pause Young (Concurrent Start) (G1 Humongous Allocation) 1307M->21M(1476M) 1.311ms
[95.933s][info][gc] GC(1524) Concurrent Undo Cycle
[95.935s][info][gc] GC(1524) Concurrent Undo Cycle 1.933ms
[96.037s][info][gc] GC(1525) Pause Young (Concurrent Start) (G1 Humongous Allocation) 1307M->21M(1476M) 1.194ms
[96.037s][info][gc] GC(1526) Concurrent Undo Cycle
[96.039s][info][gc] GC(1526) Concurrent Undo Cycle 1.933ms
[96.142s][info][gc] GC(1527) Pause Young (Concurrent Start) (G1 Humongous Allocation) 1307M->21M(1476M) 1.379ms
[96.142s][info][gc] GC(1528) Concurrent Undo Cycle
[96.144s][info][gc] GC(1528) Concurrent Undo Cycle 1.975ms
[96.250s][info][gc] GC(1529) Pause Young (Concurrent Start) (G1 Humongous Allocation) 1307M->21M(1476M) 1.466ms
[96.250s][info][gc] GC(1530) Concurrent Undo Cycle
[96.252s][info][gc] GC(1530) Concurrent Undo Cycle 1.901ms
[96.357s][info][gc] GC(1531) Pause Young (Concurrent Start) (G1 Humongous Allocation) 1307M->21M(1476M) 2.923ms
[96.357s][info][gc] GC(1532) Concurrent Undo Cycle
[96.359s][info][gc] GC(1532) Concurrent Undo Cycle 2.014ms
[96.467s][info][gc] GC(1533) Pause Young (Concurrent Start) (G1 Humongous Allocation) 1307M->21M(1476M) 1.343ms
[96.467s][info][gc] GC(1534) Concurrent Undo Cycle
[96.469s][info][gc] GC(1534) Concurrent Undo Cycle 1.410ms
[96.571s][info][gc] GC(1535) Pause Young (Concurrent Start) (G1 Humongous Allocation) 1307M->21M(1476M) 1.306ms
[96.571s][info][gc] GC(1536) Concurrent Undo Cycle
[96.572s][info][gc] GC(1536) Concurrent Undo Cycle 1.393ms
[96.674s][info][gc] GC(1537) Pause Young (Concurrent Start) (G1 Humongous Allocation) 1307M->21M(1476M) 1.341ms
[96.674s][info][gc] GC(1538) Concurrent Undo Cycle
[96.676s][info][gc] GC(1538) Concurrent Undo Cycle 1.941ms
[96.778s][info][gc] GC(1539) Pause Young (Concurrent Start) (G1 Humongous Allocation) 1307M->21M(1476M) 1.443ms
[96.778s][info][gc] GC(1540) Concurrent Undo Cycle
[96.779s][info][gc] GC(1540) Concurrent Undo Cycle 1.299ms
[96.882s][info][gc] GC(1541) Pause Young (Concurrent Start) (G1 Humongous Allocation) 1307M->21M(1476M) 1.516ms
[96.883s][info][gc] GC(1542) Concurrent Undo Cycle
[96.885s][info][gc] GC(1542) Concurrent Undo Cycle 2.327ms
[96.988s][info][gc] GC(1543) Pause Young (Concurrent Start) (G1 Humongous Allocation) 1307M->21M(1476M) 1.267ms
[96.988s][info][gc] GC(1544) Concurrent Undo Cycle
[96.989s][info][gc] GC(1544) Concurrent Undo Cycle 1.336ms
[97.105s][info][gc] GC(1545) Pause Young (Concurrent Start) (G1 Humongous Allocation) 1307M->21M(1476M) 1.274ms
[97.105s][info][gc] GC(1546) Concurrent Undo Cycle
[97.107s][info][gc] GC(1546) Concurrent Undo Cycle 1.313ms
[97.217s][info][gc] GC(1547) Pause Young (Concurrent Start) (G1 Humongous Allocation) 1307M->21M(1476M) 1.198ms
[97.217s][info][gc] GC(1548) Concurrent Undo Cycle
[97.219s][info][gc] GC(1548) Concurrent Undo Cycle 2.340ms
[97.322s][info][gc] GC(1549) Pause Young (Concurrent Start) (G1 Humongous Allocation) 1307M->21M(1476M) 1.310ms
[97.322s][info][gc] GC(1550) Concurrent Undo Cycle
[97.324s][info][gc] GC(1550) Concurrent Undo Cycle 1.956ms
[97.428s][info][gc] GC(1551) Pause Young (Concurrent Start) (G1 Humongous Allocation) 1307M->21M(1476M) 1.428ms
[97.428s][info][gc] GC(1552) Concurrent Undo Cycle
[97.431s][info][gc] GC(1552) Concurrent Undo Cycle 3.126ms
[97.534s][info][gc] GC(1553) Pause Young (Concurrent Start) (G1 Humongous Allocation) 1307M->21M(1476M) 1.356ms
[97.534s][info][gc] GC(1554) Concurrent Undo Cycle
[97.536s][info][gc] GC(1554) Concurrent Undo Cycle 1.933ms
[97.639s][info][gc] GC(1555) Pause Young (Concurrent Start) (G1 Humongous Allocation) 1307M->21M(1476M) 1.244ms
[97.639s][info][gc] GC(1556) Concurrent Undo Cycle
[97.641s][info][gc] GC(1556) Concurrent Undo Cycle 2.217ms
[97.745s][info][gc] GC(1557) Pause Young (Concurrent Start) (G1 Humongous Allocation) 1307M->21M(1476M) 2.049ms
[97.745s][info][gc] GC(1558) Concurrent Undo Cycle
[97.748s][info][gc] GC(1558) Concurrent Undo Cycle 2.740ms
[97.851s][info][gc] GC(1559) Pause Young (Concurrent Start) (G1 Humongous Allocation) 1308M->21M(1476M) 1.201ms
[97.851s][info][gc] GC(1560) Concurrent Undo Cycle
[97.853s][info][gc] GC(1560) Concurrent Undo Cycle 1.291ms
[97.960s][info][gc] GC(1561) Pause Young (Concurrent Start) (G1 Humongous Allocation) 1308M->21M(1476M) 1.350ms
[97.960s][info][gc] GC(1562) Concurrent Undo Cycle
[97.961s][info][gc] GC(1562) Concurrent Undo Cycle 1.318ms
[98.064s][info][gc] GC(1563) Pause Young (Concurrent Start) (G1 Humongous Allocation) 1308M->21M(1476M) 1.486ms
[98.064s][info][gc] GC(1564) Concurrent Undo Cycle
[98.065s][info][gc] GC(1564) Concurrent Undo Cycle 1.322ms
[98.168s][info][gc] GC(1565) Pause Young (Concurrent Start) (G1 Humongous Allocation) 1308M->21M(1476M) 1.222ms
[98.168s][info][gc] GC(1566) Concurrent Undo Cycle
[98.170s][info][gc] GC(1566) Concurrent Undo Cycle 1.365ms
[98.273s][info][gc] GC(1567) Pause Young (Concurrent Start) (G1 Humongous Allocation) 1308M->21M(1476M) 1.247ms
[98.273s][info][gc] GC(1568) Concurrent Undo Cycle
[98.276s][info][gc] GC(1568) Concurrent Undo Cycle 2.852ms
[98.380s][info][gc] GC(1569) Pause Young (Concurrent Start) (G1 Humongous Allocation) 1308M->21M(1476M) 1.198ms
[98.380s][info][gc] GC(1570) Concurrent Undo Cycle
[98.382s][info][gc] GC(1570) Concurrent Undo Cycle 2.030ms
[98.486s][info][gc] GC(1571) Pause Young (Concurrent Start) (G1 Humongous Allocation) 1308M->21M(1476M) 1.238ms
[98.486s][info][gc] GC(1572) Concurrent Undo Cycle
[98.487s][info][gc] GC(1572) Concurrent Undo Cycle 1.393ms
[98.592s][info][gc] GC(1573) Pause Young (Concurrent Start) (G1 Humongous Allocation) 1308M->21M(1476M) 1.320ms
[98.592s][info][gc] GC(1574) Concurrent Undo Cycle
[98.594s][info][gc] GC(1574) Concurrent Undo Cycle 1.973ms
[98.697s][info][gc] GC(1575) Pause Young (Concurrent Start) (G1 Humongous Allocation) 1308M->21M(1476M) 1.323ms
[98.697s][info][gc] GC(1576) Concurrent Undo Cycle
[98.698s][info][gc] GC(1576) Concurrent Undo Cycle 1.346ms
[98.802s][info][gc] GC(1577) Pause Young (Concurrent Start) (G1 Humongous Allocation) 1308M->21M(1476M) 1.425ms
[98.802s][info][gc] GC(1578) Concurrent Undo Cycle
[98.805s][info][gc] GC(1578) Concurrent Undo Cycle 2.988ms
[98.910s][info][gc] GC(1579) Pause Young (Concurrent Start) (G1 Humongous Allocation) 1308M->21M(1476M) 1.264ms
[98.910s][info][gc] GC(1580) Concurrent Undo Cycle
[98.911s][info][gc] GC(1580) Concurrent Undo Cycle 1.435ms
[99.014s][info][gc] GC(1581) Pause Young (Concurrent Start) (G1 Humongous Allocation) 1308M->21M(1476M) 1.317ms
[99.014s][info][gc] GC(1582) Concurrent Undo Cycle
[99.016s][info][gc] GC(1582) Concurrent Undo Cycle 2.155ms
[99.121s][info][gc] GC(1583) Pause Young (Concurrent Start) (G1 Humongous Allocation) 1308M->21M(1476M) 1.417ms
[99.122s][info][gc] GC(1584) Concurrent Undo Cycle
[99.123s][info][gc] GC(1584) Concurrent Undo Cycle 1.403ms
[99.232s][info][gc] GC(1585) Pause Young (Concurrent Start) (G1 Humongous Allocation) 1308M->21M(1476M) 1.382ms
[99.232s][info][gc] GC(1586) Concurrent Undo Cycle
[99.234s][info][gc] GC(1586) Concurrent Undo Cycle 1.363ms
[99.339s][info][gc] GC(1587) Pause Young (Concurrent Start) (G1 Humongous Allocation) 1308M->21M(1476M) 1.180ms
[99.339s][info][gc] GC(1588) Concurrent Undo Cycle
[99.341s][info][gc] GC(1588) Concurrent Undo Cycle 1.359ms
[99.444s][info][gc] GC(1589) Pause Young (Concurrent Start) (G1 Humongous Allocation) 1308M->21M(1476M) 1.312ms
[99.444s][info][gc] GC(1590) Concurrent Undo Cycle
[99.446s][info][gc] GC(1590) Concurrent Undo Cycle 1.305ms
[99.550s][info][gc] GC(1591) Pause Young (Concurrent Start) (G1 Humongous Allocation) 1308M->21M(1476M) 1.125ms
[99.550s][info][gc] GC(1592) Concurrent Undo Cycle
[99.552s][info][gc] GC(1592) Concurrent Undo Cycle 1.359ms
[99.655s][info][gc] GC(1593) Pause Young (Concurrent Start) (G1 Humongous Allocation) 1308M->21M(1476M) 1.158ms
[99.655s][info][gc] GC(1594) Concurrent Undo Cycle
[99.656s][info][gc] GC(1594) Concurrent Undo Cycle 1.323ms
[99.761s][info][gc] GC(1595) Pause Young (Concurrent Start) (G1 Humongous Allocation) 1308M->21M(1476M) 1.276ms
[99.761s][info][gc] GC(1596) Concurrent Undo Cycle
[99.763s][info][gc] GC(1596) Concurrent Undo Cycle 1.919ms
[99.866s][info][gc] GC(1597) Pause Young (Concurrent Start) (G1 Humongous Allocation) 1308M->21M(1476M) 1.310ms
[99.866s][info][gc] GC(1598) Concurrent Undo Cycle
[99.867s][info][gc] GC(1598) Concurrent Undo Cycle 1.311ms
[99.974s][info][gc] GC(1599) Pause Young (Concurrent Start) (G1 Humongous Allocation) 1308M->21M(1476M) 1.560ms
[99.974s][info][gc] GC(1600) Concurrent Undo Cycle
[99.977s][info][gc] GC(1600) Concurrent Undo Cycle 3.136ms
[100.086s][info][gc] GC(1601) Pause Young (Concurrent Start) (G1 Humongous Allocation) 1308M->21M(1476M) 1.123ms
[100.086s][info][gc] GC(1602) Concurrent Undo Cycle
[100.088s][info][gc] GC(1602) Concurrent Undo Cycle 1.910ms
[100.196s][info][gc] GC(1603) Pause Young (Concurrent Start) (G1 Humongous Allocation) 1308M->21M(1476M) 1.224ms
[100.196s][info][gc] GC(1604) Concurrent Undo Cycle
[100.198s][info][gc] GC(1604) Concurrent Undo Cycle 1.331ms
[100.302s][info][gc] GC(1605) Pause Young (Concurrent Start) (G1 Humongous Allocation) 1308M->21M(1476M) 1.460ms
[100.302s][info][gc] GC(1606) Concurrent Undo Cycle
[100.304s][info][gc] GC(1606) Concurrent Undo Cycle 1.942ms
[100.410s][info][gc] GC(1607) Pause Young (Concurrent Start) (G1 Humongous Allocation) 1308M->21M(1476M) 1.462ms
[100.411s][info][gc] GC(1608) Concurrent Undo Cycle
[100.413s][info][gc] GC(1608) Concurrent Undo Cycle 2.049ms
[100.518s][info][gc] GC(1609) Pause Young (Concurrent Start) (G1 Humongous Allocation) 1308M->21M(1476M) 1.307ms
[100.518s][info][gc] GC(1610) Concurrent Undo Cycle
[100.519s][info][gc] GC(1610) Concurrent Undo Cycle 1.382ms
[100.624s][info][gc] GC(1611) Pause Young (Concurrent Start) (G1 Humongous Allocation) 1300M->21M(1476M) 1.412ms
[100.624s][info][gc] GC(1612) Concurrent Undo Cycle
[100.626s][info][gc] GC(1612) Concurrent Undo Cycle 1.949ms
[100.730s][info][gc] GC(1613) Pause Young (Concurrent Start) (G1 Humongous Allocation) 1300M->21M(1476M) 1.175ms
[100.730s][info][gc] GC(1614) Concurrent Undo Cycle
[100.732s][info][gc] GC(1614) Concurrent Undo Cycle 2.066ms
[100.837s][info][gc] GC(1615) Pause Young (Concurrent Start) (G1 Humongous Allocation) 1300M->21M(1476M) 1.180ms
[100.837s][info][gc] GC(1616) Concurrent Undo Cycle
[100.838s][info][gc] GC(1616) Concurrent Undo Cycle 1.387ms
[100.946s][info][gc] GC(1617) Pause Young (Concurrent Start) (G1 Humongous Allocation) 1300M->21M(1476M) 1.314ms
[100.946s][info][gc] GC(1618) Concurrent Undo Cycle
[100.948s][info][gc] GC(1618) Concurrent Undo Cycle 1.938ms
[101.054s][info][gc] GC(1619) Pause Young (Concurrent Start) (G1 Humongous Allocation) 1300M->21M(1476M) 1.472ms
[101.054s][info][gc] GC(1620) Concurrent Undo Cycle
[101.055s][info][gc] GC(1620) Concurrent Undo Cycle 1.331ms
[101.167s][info][gc] GC(1621) Pause Young (Concurrent Start) (G1 Humongous Allocation) 1300M->21M(1476M) 1.320ms
[101.167s][info][gc] GC(1622) Concurrent Undo Cycle
[101.168s][info][gc] GC(1622) Concurrent Undo Cycle 1.307ms
[101.274s][info][gc] GC(1623) Pause Young (Concurrent Start) (G1 Humongous Allocation) 1300M->21M(1476M) 1.194ms
[101.274s][info][gc] GC(1624) Concurrent Undo Cycle
[101.275s][info][gc] GC(1624) Concurrent Undo Cycle 1.452ms
[101.380s][info][gc] GC(1625) Pause Young (Concurrent Start) (G1 Humongous Allocation) 1300M->21M(1476M) 1.260ms
[101.380s][info][gc] GC(1626) Concurrent Undo Cycle
[101.382s][info][gc] GC(1626) Concurrent Undo Cycle 1.968ms
[101.487s][info][gc] GC(1627) Pause Young (Concurrent Start) (G1 Humongous Allocation) 1300M->21M(1476M) 1.174ms
[101.487s][info][gc] GC(1628) Concurrent Undo Cycle
[101.489s][info][gc] GC(1628) Concurrent Undo Cycle 1.386ms
[101.593s][info][gc] GC(1629) Pause Young (Concurrent Start) (G1 Humongous Allocation) 1300M->22M(1476M) 1.356ms
[101.593s][info][gc] GC(1630) Concurrent Undo Cycle
[101.595s][info][gc] GC(1630) Concurrent Undo Cycle 1.340ms
[101.698s][info][gc] GC(1631) Pause Young (Concurrent Start) (G1 Humongous Allocation) 1300M->22M(1476M) 1.301ms
[101.698s][info][gc] GC(1632) Concurrent Undo Cycle
[101.700s][info][gc] GC(1632) Concurrent Undo Cycle 1.365ms
[101.804s][info][gc] GC(1633) Pause Young (Concurrent Start) (G1 Humongous Allocation) 1300M->22M(1476M) 1.352ms
[101.804s][info][gc] GC(1634) Concurrent Undo Cycle
[101.806s][info][gc] GC(1634) Concurrent Undo Cycle 1.910ms
[101.919s][info][gc] GC(1635) Pause Young (Concurrent Start) (G1 Humongous Allocation) 1300M->22M(1476M) 1.571ms
[101.920s][info][gc] GC(1636) Concurrent Undo Cycle
[101.921s][info][gc] GC(1636) Concurrent Undo Cycle 1.879ms
[102.032s][info][gc] GC(1637) Pause Young (Concurrent Start) (G1 Humongous Allocation) 1300M->22M(1476M) 1.121ms
[102.032s][info][gc] GC(1638) Concurrent Undo Cycle
[102.033s][info][gc] GC(1638) Concurrent Undo Cycle 1.351ms
[102.138s][info][gc] GC(1639) Pause Young (Concurrent Start) (G1 Humongous Allocation) 1300M->22M(1476M) 1.635ms
[102.138s][info][gc] GC(1640) Concurrent Undo Cycle
[102.139s][info][gc] GC(1640) Concurrent Undo Cycle 1.332ms
[102.246s][info][gc] GC(1641) Pause Young (Concurrent Start) (G1 Humongous Allocation) 1300M->22M(1476M) 1.457ms
[102.246s][info][gc] GC(1642) Concurrent Undo Cycle
[102.248s][info][gc] GC(1642) Concurrent Undo Cycle 1.365ms
[102.360s][info][gc] GC(1643) Pause Young (Concurrent Start) (G1 Humongous Allocation) 1300M->22M(1476M) 1.238ms
[102.360s][info][gc] GC(1644) Concurrent Undo Cycle
[102.362s][info][gc] GC(1644) Concurrent Undo Cycle 2.507ms
[102.473s][info][gc] GC(1645) Pause Young (Concurrent Start) (G1 Humongous Allocation) 1300M->22M(1476M) 1.325ms
[102.473s][info][gc] GC(1646) Concurrent Undo Cycle
[102.475s][info][gc] GC(1646) Concurrent Undo Cycle 1.434ms
[102.581s][info][gc] GC(1647) Pause Young (Concurrent Start) (G1 Humongous Allocation) 1300M->22M(1476M) 1.445ms
[102.581s][info][gc] GC(1648) Concurrent Undo Cycle
[102.583s][info][gc] GC(1648) Concurrent Undo Cycle 1.898ms
[102.691s][info][gc] GC(1649) Pause Young (Concurrent Start) (G1 Humongous Allocation) 1300M->22M(1476M) 1.164ms
[102.691s][info][gc] GC(1650) Concurrent Undo Cycle
[102.693s][info][gc] GC(1650) Concurrent Undo Cycle 1.929ms
[102.810s][info][gc] GC(1651) Pause Young (Concurrent Start) (G1 Humongous Allocation) 1300M->22M(1476M) 1.419ms
[102.810s][info][gc] GC(1652) Concurrent Undo Cycle
[102.812s][info][gc] GC(1652) Concurrent Undo Cycle 2.163ms
[102.937s][info][gc] GC(1653) Pause Young (Concurrent Start) (G1 Humongous Allocation) 1300M->22M(1476M) 1.737ms
[102.937s][info][gc] GC(1654) Concurrent Undo Cycle
[102.939s][info][gc] GC(1654) Concurrent Undo Cycle 1.922ms
[103.058s][info][gc] GC(1655) Pause Young (Concurrent Start) (G1 Humongous Allocation) 1300M->22M(1476M) 1.192ms
[103.058s][info][gc] GC(1656) Concurrent Undo Cycle
[103.059s][info][gc] GC(1656) Concurrent Undo Cycle 1.379ms
[103.183s][info][gc] GC(1657) Pause Young (Concurrent Start) (G1 Humongous Allocation) 1300M->22M(1476M) 1.272ms
[103.183s][info][gc] GC(1658) Concurrent Undo Cycle
[103.185s][info][gc] GC(1658) Concurrent Undo Cycle 1.757ms
[103.300s][info][gc] GC(1659) Pause Young (Concurrent Start) (G1 Humongous Allocation) 1301M->22M(1476M) 1.531ms
[103.301s][info][gc] GC(1660) Concurrent Undo Cycle
[103.302s][info][gc] GC(1660) Concurrent Undo Cycle 1.421ms
[103.417s][info][gc] GC(1661) Pause Young (Concurrent Start) (G1 Humongous Allocation) 1301M->22M(1476M) 1.382ms
[103.417s][info][gc] GC(1662) Concurrent Undo Cycle
[103.418s][info][gc] GC(1662) Concurrent Undo Cycle 1.375ms
[103.543s][info][gc] GC(1663) Pause Young (Concurrent Start) (G1 Humongous Allocation) 1301M->22M(1476M) 1.240ms
[103.543s][info][gc] GC(1664) Concurrent Undo Cycle
[103.544s][info][gc] GC(1664) Concurrent Undo Cycle 1.312ms
[103.668s][info][gc] GC(1665) Pause Young (Concurrent Start) (G1 Humongous Allocation) 1301M->22M(1476M) 1.277ms
[103.669s][info][gc] GC(1666) Concurrent Undo Cycle
[103.670s][info][gc] GC(1666) Concurrent Undo Cycle 1.393ms
[103.791s][info][gc] GC(1667) Pause Young (Concurrent Start) (G1 Humongous Allocation) 1301M->22M(1476M) 1.350ms
[103.791s][info][gc] GC(1668) Concurrent Undo Cycle
[103.794s][info][gc] GC(1668) Concurrent Undo Cycle 3.037ms
[103.909s][info][gc] GC(1669) Pause Young (Concurrent Start) (G1 Humongous Allocation) 1301M->22M(1476M) 1.167ms
[103.909s][info][gc] GC(1670) Concurrent Undo Cycle
[103.910s][info][gc] GC(1670) Concurrent Undo Cycle 1.456ms
[104.021s][info][gc] GC(1671) Pause Young (Concurrent Start) (G1 Humongous Allocation) 1301M->22M(1476M) 1.458ms
[104.021s][info][gc] GC(1672) Concurrent Undo Cycle
[104.022s][info][gc] GC(1672) Concurrent Undo Cycle 1.377ms
[104.129s][info][gc] GC(1673) Pause Young (Concurrent Start) (G1 Humongous Allocation) 1301M->22M(1476M) 1.178ms
[104.129s][info][gc] GC(1674) Concurrent Undo Cycle
[104.130s][info][gc] GC(1674) Concurrent Undo Cycle 1.359ms
[104.237s][info][gc] GC(1675) Pause Young (Concurrent Start) (G1 Humongous Allocation) 1301M->22M(1476M) 1.356ms
[104.237s][info][gc] GC(1676) Concurrent Undo Cycle
[104.239s][info][gc] GC(1676) Concurrent Undo Cycle 1.861ms
[104.345s][info][gc] GC(1677) Pause Young (Concurrent Start) (G1 Humongous Allocation) 1301M->22M(1476M) 1.189ms
[104.345s][info][gc] GC(1678) Concurrent Undo Cycle
[104.347s][info][gc] GC(1678) Concurrent Undo Cycle 1.338ms
[104.454s][info][gc] GC(1679) Pause Young (Concurrent Start) (G1 Humongous Allocation) 1301M->22M(1476M) 1.287ms
[104.454s][info][gc] GC(1680) Concurrent Undo Cycle
[104.455s][info][gc] GC(1680) Concurrent Undo Cycle 1.336ms
[104.571s][info][gc] GC(1681) Pause Young (Concurrent Start) (G1 Humongous Allocation) 1301M->22M(1476M) 1.262ms
[104.571s][info][gc] GC(1682) Concurrent Undo Cycle
[104.573s][info][gc] GC(1682) Concurrent Undo Cycle 1.326ms
[104.690s][info][gc] GC(1683) Pause Young (Concurrent Start) (G1 Humongous Allocation) 1301M->22M(1476M) 1.236ms
[104.690s][info][gc] GC(1684) Concurrent Undo Cycle
[104.691s][info][gc] GC(1684) Concurrent Undo Cycle 1.317ms
[104.799s][info][gc] GC(1685) Pause Young (Concurrent Start) (G1 Humongous Allocation) 1301M->22M(1476M) 1.228ms
[104.799s][info][gc] GC(1686) Concurrent Undo Cycle
[104.801s][info][gc] GC(1686) Concurrent Undo Cycle 2.012ms
[104.910s][info][gc] GC(1687) Pause Young (Concurrent Start) (G1 Humongous Allocation) 1301M->22M(1476M) 1.345ms
[104.910s][info][gc] GC(1688) Concurrent Undo Cycle
[104.911s][info][gc] GC(1688) Concurrent Undo Cycle 1.389ms
[105.020s][info][gc] GC(1689) Pause Young (Concurrent Start) (G1 Humongous Allocation) 1301M->22M(1476M) 1.479ms
[105.020s][info][gc] GC(1690) Concurrent Undo Cycle
[105.022s][info][gc] GC(1690) Concurrent Undo Cycle 2.033ms
[105.149s][info][gc] GC(1691) Pause Young (Concurrent Start) (G1 Humongous Allocation) 1301M->22M(1476M) 1.144ms
[105.149s][info][gc] GC(1692) Concurrent Undo Cycle
[105.151s][info][gc] GC(1692) Concurrent Undo Cycle 2.008ms
[105.259s][info][gc] GC(1693) Pause Young (Concurrent Start) (G1 Humongous Allocation) 1301M->22M(1476M) 1.499ms
[105.259s][info][gc] GC(1694) Concurrent Undo Cycle
[105.260s][info][gc] GC(1694) Concurrent Undo Cycle 1.330ms
[105.371s][info][gc] GC(1695) Pause Young (Concurrent Start) (G1 Humongous Allocation) 1301M->22M(1476M) 1.422ms
[105.371s][info][gc] GC(1696) Concurrent Undo Cycle
[105.373s][info][gc] GC(1696) Concurrent Undo Cycle 1.381ms
[105.486s][info][gc] GC(1697) Pause Young (Concurrent Start) (G1 Humongous Allocation) 1301M->22M(1476M) 1.197ms
[105.486s][info][gc] GC(1698) Concurrent Undo Cycle
[105.487s][info][gc] GC(1698) Concurrent Undo Cycle 1.330ms
[105.597s][info][gc] GC(1699) Pause Young (Concurrent Start) (G1 Humongous Allocation) 1301M->22M(1476M) 1.559ms
[105.597s][info][gc] GC(1700) Concurrent Undo Cycle
[105.599s][info][gc] GC(1700) Concurrent Undo Cycle 1.386ms
[105.710s][info][gc] GC(1701) Pause Young (Concurrent Start) (G1 Humongous Allocation) 1301M->22M(1476M) 1.594ms
[105.710s][info][gc] GC(1702) Concurrent Undo Cycle
[105.712s][info][gc] GC(1702) Concurrent Undo Cycle 1.979ms
[105.821s][info][gc] GC(1703) Pause Young (Concurrent Start) (G1 Humongous Allocation) 1301M->22M(1476M) 1.173ms
[105.821s][info][gc] GC(1704) Concurrent Undo Cycle
[105.823s][info][gc] GC(1704) Concurrent Undo Cycle 1.319ms
[105.930s][info][gc] GC(1705) Pause Young (Concurrent Start) (G1 Humongous Allocation) 1301M->22M(1476M) 1.300ms
[105.930s][info][gc] GC(1706) Concurrent Undo Cycle
[105.931s][info][gc] GC(1706) Concurrent Undo Cycle 1.335ms
[106.040s][info][gc] GC(1707) Pause Young (Concurrent Start) (G1 Humongous Allocation) 1301M->22M(1476M) 1.224ms
[106.040s][info][gc] GC(1708) Concurrent Undo Cycle
[106.042s][info][gc] GC(1708) Concurrent Undo Cycle 1.928ms
[106.151s][info][gc] GC(1709) Pause Young (Concurrent Start) (G1 Humongous Allocation) 1301M->22M(1476M) 1.243ms
[106.151s][info][gc] GC(1710) Concurrent Undo Cycle
[106.153s][info][gc] GC(1710) Concurrent Undo Cycle 1.327ms
[106.264s][info][gc] GC(1711) Pause Young (Concurrent Start) (G1 Humongous Allocation) 1301M->22M(1476M) 1.358ms
[106.264s][info][gc] GC(1712) Concurrent Undo Cycle
[106.266s][info][gc] GC(1712) Concurrent Undo Cycle 1.393ms
[106.380s][info][gc] GC(1713) Pause Young (Concurrent Start) (G1 Humongous Allocation) 1301M->22M(1476M) 1.160ms
[106.380s][info][gc] GC(1714) Concurrent Undo Cycle
[106.381s][info][gc] GC(1714) Concurrent Undo Cycle 1.547ms
[106.497s][info][gc] GC(1715) Pause Young (Concurrent Start) (G1 Humongous Allocation) 1301M->22M(1476M) 1.270ms
[106.497s][info][gc] GC(1716) Concurrent Undo Cycle
[106.499s][info][gc] GC(1716) Concurrent Undo Cycle 1.379ms
[106.616s][info][gc] GC(1717) Pause Young (Concurrent Start) (G1 Humongous Allocation) 1301M->22M(1476M) 1.354ms
[106.616s][info][gc] GC(1718) Concurrent Undo Cycle
[106.618s][info][gc] GC(1718) Concurrent Undo Cycle 2.049ms
[106.727s][info][gc] GC(1719) Pause Young (Concurrent Start) (G1 Humongous Allocation) 1301M->22M(1476M) 1.346ms
[106.727s][info][gc] GC(1720) Concurrent Undo Cycle
[106.729s][info][gc] GC(1720) Concurrent Undo Cycle 2.599ms
[106.840s][info][gc] GC(1721) Pause Young (Concurrent Start) (G1 Humongous Allocation) 1301M->22M(1476M) 1.308ms
[106.840s][info][gc] GC(1722) Concurrent Undo Cycle
[106.842s][info][gc] GC(1722) Concurrent Undo Cycle 2.080ms
[106.954s][info][gc] GC(1723) Pause Young (Concurrent Start) (G1 Humongous Allocation) 1301M->22M(1476M) 1.440ms
[106.954s][info][gc] GC(1724) Concurrent Undo Cycle
[106.956s][info][gc] GC(1724) Concurrent Undo Cycle 2.005ms
[107.085s][info][gc] GC(1725) Pause Young (Concurrent Start) (G1 Humongous Allocation) 1301M->22M(1476M) 1.327ms
[107.085s][info][gc] GC(1726) Concurrent Undo Cycle
[107.087s][info][gc] GC(1726) Concurrent Undo Cycle 2.018ms
[107.203s][info][gc] GC(1727) Pause Young (Concurrent Start) (G1 Humongous Allocation) 1301M->22M(1476M) 1.345ms
[107.204s][info][gc] GC(1728) Concurrent Undo Cycle
[107.206s][info][gc] GC(1728) Concurrent Undo Cycle 2.140ms
[107.319s][info][gc] GC(1729) Pause Young (Concurrent Start) (G1 Humongous Allocation) 1301M->22M(1476M) 1.124ms
[107.319s][info][gc] GC(1730) Concurrent Undo Cycle
[107.320s][info][gc] GC(1730) Concurrent Undo Cycle 1.391ms
[107.438s][info][gc] GC(1731) Pause Young (Concurrent Start) (G1 Humongous Allocation) 1301M->22M(1476M) 1.212ms
[107.438s][info][gc] GC(1732) Concurrent Undo Cycle
[107.439s][info][gc] GC(1732) Concurrent Undo Cycle 1.325ms
[107.548s][info][gc] GC(1733) Pause Young (Concurrent Start) (G1 Humongous Allocation) 1301M->22M(1476M) 1.459ms
[107.548s][info][gc] GC(1734) Concurrent Undo Cycle
[107.550s][info][gc] GC(1734) Concurrent Undo Cycle 1.678ms
[107.665s][info][gc] GC(1735) Pause Young (Concurrent Start) (G1 Humongous Allocation) 1301M->22M(1476M) 1.241ms
[107.665s][info][gc] GC(1736) Concurrent Undo Cycle
[107.666s][info][gc] GC(1736) Concurrent Undo Cycle 1.321ms
[107.783s][info][gc] GC(1737) Pause Young (Concurrent Start) (G1 Humongous Allocation) 1301M->22M(1476M) 1.369ms
[107.783s][info][gc] GC(1738) Concurrent Undo Cycle
[107.785s][info][gc] GC(1738) Concurrent Undo Cycle 2.229ms
[107.896s][info][gc] GC(1739) Pause Young (Concurrent Start) (G1 Humongous Allocation) 1301M->22M(1476M) 1.287ms
[107.896s][info][gc] GC(1740) Concurrent Undo Cycle
[107.897s][info][gc] GC(1740) Concurrent Undo Cycle 1.287ms
[108.008s][info][gc] GC(1741) Pause Young (Concurrent Start) (G1 Humongous Allocation) 1301M->22M(1476M) 1.366ms
[108.008s][info][gc] GC(1742) Concurrent Undo Cycle
[108.010s][info][gc] GC(1742) Concurrent Undo Cycle 1.581ms
[108.121s][info][gc] GC(1743) Pause Young (Concurrent Start) (G1 Humongous Allocation) 1301M->22M(1476M) 1.288ms
[108.121s][info][gc] GC(1744) Concurrent Undo Cycle
[108.123s][info][gc] GC(1744) Concurrent Undo Cycle 2.028ms
[108.236s][info][gc] GC(1745) Pause Young (Concurrent Start) (G1 Humongous Allocation) 1301M->22M(1476M) 1.610ms
[108.236s][info][gc] GC(1746) Concurrent Undo Cycle
[108.237s][info][gc] GC(1746) Concurrent Undo Cycle 1.511ms
[108.348s][info][gc] GC(1747) Pause Young (Concurrent Start) (G1 Humongous Allocation) 1301M->22M(1476M) 1.392ms
[108.348s][info][gc] GC(1748) Concurrent Undo Cycle
[108.350s][info][gc] GC(1748) Concurrent Undo Cycle 2.275ms
[108.461s][info][gc] GC(1749) Pause Young (Concurrent Start) (G1 Humongous Allocation) 1301M->22M(1476M) 1.239ms
[108.461s][info][gc] GC(1750) Concurrent Undo Cycle
[108.463s][info][gc] GC(1750) Concurrent Undo Cycle 1.351ms
[108.573s][info][gc] GC(1751) Pause Young (Concurrent Start) (G1 Humongous Allocation) 1301M->23M(1476M) 1.350ms
[108.573s][info][gc] GC(1752) Concurrent Undo Cycle
[108.575s][info][gc] GC(1752) Concurrent Undo Cycle 2.201ms
[108.689s][info][gc] GC(1753) Pause Young (Concurrent Start) (G1 Humongous Allocation) 1301M->23M(1476M) 1.200ms
[108.690s][info][gc] GC(1754) Concurrent Undo Cycle
[108.691s][info][gc] GC(1754) Concurrent Undo Cycle 1.937ms
[108.817s][info][gc] GC(1755) Pause Young (Concurrent Start) (G1 Humongous Allocation) 1301M->23M(1476M) 1.260ms
[108.817s][info][gc] GC(1756) Concurrent Undo Cycle
[108.819s][info][gc] GC(1756) Concurrent Undo Cycle 1.556ms
[108.938s][info][gc] GC(1757) Pause Young (Concurrent Start) (G1 Humongous Allocation) 1302M->23M(1476M) 1.172ms
[108.938s][info][gc] GC(1758) Concurrent Undo Cycle
[108.940s][info][gc] GC(1758) Concurrent Undo Cycle 1.916ms
[109.085s][info][gc] GC(1759) Pause Young (Concurrent Start) (G1 Humongous Allocation) 1302M->23M(1476M) 1.194ms
[109.085s][info][gc] GC(1760) Concurrent Undo Cycle
[109.087s][info][gc] GC(1760) Concurrent Undo Cycle 1.456ms
[109.210s][info][gc] GC(1761) Pause Young (Concurrent Start) (G1 Humongous Allocation) 1302M->23M(1476M) 1.768ms
[109.210s][info][gc] GC(1762) Concurrent Undo Cycle
[109.212s][info][gc] GC(1762) Concurrent Undo Cycle 1.307ms
[109.328s][info][gc] GC(1763) Pause Young (Concurrent Start) (G1 Humongous Allocation) 1302M->23M(1476M) 1.414ms
[109.328s][info][gc] GC(1764) Concurrent Undo Cycle
[109.329s][info][gc] GC(1764) Concurrent Undo Cycle 1.347ms
[109.458s][info][gc] GC(1765) Pause Young (Concurrent Start) (G1 Humongous Allocation) 1302M->23M(1476M) 1.717ms
[109.458s][info][gc] GC(1766) Concurrent Undo Cycle
[109.460s][info][gc] GC(1766) Concurrent Undo Cycle 1.868ms
[109.581s][info][gc] GC(1767) Pause Young (Concurrent Start) (G1 Humongous Allocation) 1302M->23M(1476M) 1.311ms
[109.581s][info][gc] GC(1768) Concurrent Undo Cycle
[109.583s][info][gc] GC(1768) Concurrent Undo Cycle 1.984ms
[109.700s][info][gc] GC(1769) Pause Young (Concurrent Start) (G1 Humongous Allocation) 1302M->23M(1476M) 1.221ms
[109.700s][info][gc] GC(1770) Concurrent Undo Cycle
[109.701s][info][gc] GC(1770) Concurrent Undo Cycle 1.319ms
[109.823s][info][gc] GC(1771) Pause Young (Concurrent Start) (G1 Humongous Allocation) 1302M->23M(1476M) 1.513ms
[109.823s][info][gc] GC(1772) Concurrent Undo Cycle
[109.825s][info][gc] GC(1772) Concurrent Undo Cycle 1.999ms
[109.951s][info][gc] GC(1773) Pause Young (Concurrent Start) (G1 Humongous Allocation) 1302M->23M(1476M) 1.208ms
[109.951s][info][gc] GC(1774) Concurrent Undo Cycle
[109.953s][info][gc] GC(1774) Concurrent Undo Cycle 1.328ms
[110.080s][info][gc] GC(1775) Pause Young (Concurrent Start) (G1 Humongous Allocation) 1302M->23M(1476M) 1.554ms
[110.080s][info][gc] GC(1776) Concurrent Undo Cycle
[110.082s][info][gc] GC(1776) Concurrent Undo Cycle 1.832ms
[110.231s][info][gc] GC(1777) Pause Young (Concurrent Start) (G1 Humongous Allocation) 1302M->23M(1476M) 0.902ms
[110.231s][info][gc] GC(1778) Concurrent Undo Cycle
[110.232s][info][gc] GC(1778) Concurrent Undo Cycle 1.509ms
[110.360s][info][gc] GC(1779) Pause Young (Concurrent Start) (G1 Humongous Allocation) 1302M->23M(1476M) 1.070ms
[110.360s][info][gc] GC(1780) Concurrent Undo Cycle
[110.362s][info][gc] GC(1780) Concurrent Undo Cycle 1.379ms
[110.480s][info][gc] GC(1781) Pause Young (Concurrent Start) (G1 Humongous Allocation) 1302M->23M(1476M) 1.454ms
[110.480s][info][gc] GC(1782) Concurrent Undo Cycle
[110.482s][info][gc] GC(1782) Concurrent Undo Cycle 1.934ms
[110.602s][info][gc] GC(1783) Pause Young (Concurrent Start) (G1 Humongous Allocation) 1302M->23M(1476M) 1.211ms
[110.602s][info][gc] GC(1784) Concurrent Undo Cycle
[110.603s][info][gc] GC(1784) Concurrent Undo Cycle 1.328ms
[110.725s][info][gc] GC(1785) Pause Young (Concurrent Start) (G1 Humongous Allocation) 1302M->23M(1476M) 1.243ms
[110.725s][info][gc] GC(1786) Concurrent Undo Cycle
[110.727s][info][gc] GC(1786) Concurrent Undo Cycle 1.566ms
[110.843s][info][gc] GC(1787) Pause Young (Concurrent Start) (G1 Humongous Allocation) 1302M->23M(1476M) 1.186ms
[110.843s][info][gc] GC(1788) Concurrent Undo Cycle
[110.844s][info][gc] GC(1788) Concurrent Undo Cycle 1.397ms
[110.958s][info][gc] GC(1789) Pause Young (Concurrent Start) (G1 Humongous Allocation) 1302M->23M(1476M) 1.412ms
[110.958s][info][gc] GC(1790) Concurrent Undo Cycle
[110.960s][info][gc] GC(1790) Concurrent Undo Cycle 1.350ms
[111.073s][info][gc] GC(1791) Pause Young (Concurrent Start) (G1 Humongous Allocation) 1302M->23M(1476M) 1.378ms
[111.073s][info][gc] GC(1792) Concurrent Undo Cycle
[111.075s][info][gc] GC(1792) Concurrent Undo Cycle 1.647ms
[111.191s][info][gc] GC(1793) Pause Young (Concurrent Start) (G1 Humongous Allocation) 1302M->23M(1476M) 1.143ms
[111.191s][info][gc] GC(1794) Concurrent Undo Cycle
[111.193s][info][gc] GC(1794) Concurrent Undo Cycle 1.919ms
[111.306s][info][gc] GC(1795) Pause Young (Concurrent Start) (G1 Humongous Allocation) 1302M->23M(1476M) 1.326ms
[111.306s][info][gc] GC(1796) Concurrent Undo Cycle
[111.307s][info][gc] GC(1796) Concurrent Undo Cycle 1.334ms
[111.436s][info][gc] GC(1797) Pause Young (Concurrent Start) (G1 Humongous Allocation) 1302M->23M(1476M) 1.206ms
[111.436s][info][gc] GC(1798) Concurrent Undo Cycle
[111.438s][info][gc] GC(1798) Concurrent Undo Cycle 1.991ms
[111.572s][info][gc] GC(1799) Pause Young (Concurrent Start) (G1 Humongous Allocation) 1302M->23M(1476M) 1.494ms
[111.572s][info][gc] GC(1800) Concurrent Undo Cycle
[111.575s][info][gc] GC(1800) Concurrent Undo Cycle 2.638ms
[111.723s][info][gc] GC(1801) Pause Young (Concurrent Start) (G1 Humongous Allocation) 1302M->23M(1476M) 1.766ms
[111.723s][info][gc] GC(1802) Concurrent Undo Cycle
[111.725s][info][gc] GC(1802) Concurrent Undo Cycle 1.852ms
[111.855s][info][gc] GC(1803) Pause Young (Concurrent Start) (G1 Humongous Allocation) 1302M->23M(1476M) 1.374ms
[111.855s][info][gc] GC(1804) Concurrent Undo Cycle
[111.857s][info][gc] GC(1804) Concurrent Undo Cycle 1.749ms
[111.980s][info][gc] GC(1805) Pause Young (Concurrent Start) (G1 Humongous Allocation) 1302M->23M(1476M) 1.382ms
[111.980s][info][gc] GC(1806) Concurrent Undo Cycle
[111.982s][info][gc] GC(1806) Concurrent Undo Cycle 1.403ms
[112.093s][info][gc] GC(1807) Pause Young (Concurrent Start) (G1 Humongous Allocation) 1302M->23M(1476M) 1.434ms
[112.093s][info][gc] GC(1808) Concurrent Undo Cycle
[112.095s][info][gc] GC(1808) Concurrent Undo Cycle 1.371ms
[112.241s][info][gc] GC(1809) Pause Young (Concurrent Start) (G1 Humongous Allocation) 1302M->23M(1476M) 1.458ms
[112.242s][info][gc] GC(1810) Concurrent Undo Cycle
[112.245s][info][gc] GC(1810) Concurrent Undo Cycle 3.898ms
[112.374s][info][gc] GC(1811) Pause Young (Concurrent Start) (G1 Humongous Allocation) 1302M->23M(1476M) 1.265ms
[112.374s][info][gc] GC(1812) Concurrent Undo Cycle
[112.376s][info][gc] GC(1812) Concurrent Undo Cycle 2.131ms
[112.490s][info][gc] GC(1813) Pause Young (Concurrent Start) (G1 Humongous Allocation) 1302M->23M(1476M) 1.536ms
[112.490s][info][gc] GC(1814) Concurrent Undo Cycle
[112.493s][info][gc] GC(1814) Concurrent Undo Cycle 3.442ms
[112.605s][info][gc] GC(1815) Pause Young (Concurrent Start) (G1 Humongous Allocation) 1302M->23M(1476M) 1.245ms
[112.605s][info][gc] GC(1816) Concurrent Undo Cycle
[112.607s][info][gc] GC(1816) Concurrent Undo Cycle 1.340ms
[112.721s][info][gc] GC(1817) Pause Young (Concurrent Start) (G1 Humongous Allocation) 1302M->23M(1476M) 1.516ms
[112.721s][info][gc] GC(1818) Concurrent Undo Cycle
[112.723s][info][gc] GC(1818) Concurrent Undo Cycle 1.953ms
[112.842s][info][gc] GC(1819) Pause Young (Concurrent Start) (G1 Humongous Allocation) 1302M->23M(1476M) 1.210ms
[112.842s][info][gc] GC(1820) Concurrent Undo Cycle
[112.843s][info][gc] GC(1820) Concurrent Undo Cycle 1.520ms
[112.968s][info][gc] GC(1821) Pause Young (Concurrent Start) (G1 Humongous Allocation) 1302M->23M(1476M) 1.277ms
[112.968s][info][gc] GC(1822) Concurrent Undo Cycle
[112.970s][info][gc] GC(1822) Concurrent Undo Cycle 1.299ms
[113.085s][info][gc] GC(1823) Pause Young (Concurrent Start) (G1 Humongous Allocation) 1302M->23M(1476M) 1.453ms
[113.085s][info][gc] GC(1824) Concurrent Undo Cycle
[113.087s][info][gc] GC(1824) Concurrent Undo Cycle 1.919ms
[113.202s][info][gc] GC(1825) Pause Young (Concurrent Start) (G1 Humongous Allocation) 1302M->23M(1476M) 1.303ms
[113.202s][info][gc] GC(1826) Concurrent Undo Cycle
[113.205s][info][gc] GC(1826) Concurrent Undo Cycle 3.114ms
[113.322s][info][gc] GC(1827) Pause Young (Concurrent Start) (G1 Humongous Allocation) 1302M->23M(1476M) 1.378ms
[113.322s][info][gc] GC(1828) Concurrent Undo Cycle
[113.324s][info][gc] GC(1828) Concurrent Undo Cycle 1.946ms
[113.437s][info][gc] GC(1829) Pause Young (Concurrent Start) (G1 Humongous Allocation) 1302M->23M(1476M) 1.464ms
[113.437s][info][gc] GC(1830) Concurrent Undo Cycle
[113.438s][info][gc] GC(1830) Concurrent Undo Cycle 1.692ms
[113.551s][info][gc] GC(1831) Pause Young (Concurrent Start) (G1 Humongous Allocation) 1302M->23M(1476M) 1.333ms
[113.551s][info][gc] GC(1832) Concurrent Undo Cycle
[113.553s][info][gc] GC(1832) Concurrent Undo Cycle 1.321ms
[113.674s][info][gc] GC(1833) Pause Young (Concurrent Start) (G1 Humongous Allocation) 1302M->23M(1476M) 1.406ms
[113.674s][info][gc] GC(1834) Concurrent Undo Cycle
[113.676s][info][gc] GC(1834) Concurrent Undo Cycle 1.991ms
[113.792s][info][gc] GC(1835) Pause Young (Concurrent Start) (G1 Humongous Allocation) 1302M->23M(1476M) 1.198ms
[113.792s][info][gc] GC(1836) Concurrent Undo Cycle
[113.794s][info][gc] GC(1836) Concurrent Undo Cycle 1.901ms
[113.916s][info][gc] GC(1837) Pause Young (Concurrent Start) (G1 Humongous Allocation) 1302M->23M(1476M) 1.629ms
[113.916s][info][gc] GC(1838) Concurrent Undo Cycle
[113.918s][info][gc] GC(1838) Concurrent Undo Cycle 2.628ms
[114.035s][info][gc] GC(1839) Pause Young (Concurrent Start) (G1 Humongous Allocation) 1302M->23M(1476M) 1.225ms
[114.035s][info][gc] GC(1840) Concurrent Undo Cycle
[114.036s][info][gc] GC(1840) Concurrent Undo Cycle 1.545ms
[114.151s][info][gc] GC(1841) Pause Young (Concurrent Start) (G1 Humongous Allocation) 1302M->23M(1476M) 1.319ms
[114.151s][info][gc] GC(1842) Concurrent Undo Cycle
[114.153s][info][gc] GC(1842) Concurrent Undo Cycle 1.553ms
[114.267s][info][gc] GC(1843) Pause Young (Concurrent Start) (G1 Humongous Allocation) 1302M->23M(1476M) 1.439ms
[114.268s][info][gc] GC(1844) Concurrent Undo Cycle
[114.269s][info][gc] GC(1844) Concurrent Undo Cycle 1.647ms
[114.387s][info][gc] GC(1845) Pause Young (Concurrent Start) (G1 Humongous Allocation) 1302M->23M(1476M) 1.216ms
[114.387s][info][gc] GC(1846) Concurrent Undo Cycle
[114.388s][info][gc] GC(1846) Concurrent Undo Cycle 1.448ms
[114.506s][info][gc] GC(1847) Pause Young (Concurrent Start) (G1 Humongous Allocation) 1302M->23M(1476M) 1.181ms
[114.507s][info][gc] GC(1848) Concurrent Undo Cycle
[114.508s][info][gc] GC(1848) Concurrent Undo Cycle 1.349ms
[114.626s][info][gc] GC(1849) Pause Young (Concurrent Start) (G1 Humongous Allocation) 1302M->23M(1476M) 1.205ms
[114.626s][info][gc] GC(1850) Concurrent Undo Cycle
[114.628s][info][gc] GC(1850) Concurrent Undo Cycle 2.000ms
[114.743s][info][gc] GC(1851) Pause Young (Concurrent Start) (G1 Humongous Allocation) 1302M->23M(1476M) 1.226ms
[114.743s][info][gc] GC(1852) Concurrent Undo Cycle
[114.744s][info][gc] GC(1852) Concurrent Undo Cycle 1.383ms
[114.872s][info][gc] GC(1853) Pause Young (Concurrent Start) (G1 Humongous Allocation) 1302M->23M(1476M) 1.341ms
[114.872s][info][gc] GC(1854) Concurrent Undo Cycle
[114.873s][info][gc] GC(1854) Concurrent Undo Cycle 1.336ms
[114.999s][info][gc] GC(1855) Pause Young (Concurrent Start) (G1 Humongous Allocation) 1302M->23M(1476M) 1.695ms
[114.999s][info][gc] GC(1856) Concurrent Undo Cycle
[115.001s][info][gc] GC(1856) Concurrent Undo Cycle 1.985ms
[115.116s][info][gc] GC(1857) Pause Young (Concurrent Start) (G1 Humongous Allocation) 1302M->23M(1476M) 1.335ms
[115.116s][info][gc] GC(1858) Concurrent Undo Cycle
[115.118s][info][gc] GC(1858) Concurrent Undo Cycle 2.014ms
[115.242s][info][gc] GC(1859) Pause Young (Concurrent Start) (G1 Humongous Allocation) 1303M->23M(1476M) 1.172ms
[115.242s][info][gc] GC(1860) Concurrent Undo Cycle
[115.243s][info][gc] GC(1860) Concurrent Undo Cycle 1.362ms
[115.366s][info][gc] GC(1861) Pause Young (Concurrent Start) (G1 Humongous Allocation) 1303M->23M(1476M) 1.427ms
[115.366s][info][gc] GC(1862) Concurrent Undo Cycle
[115.368s][info][gc] GC(1862) Concurrent Undo Cycle 2.267ms
[115.503s][info][gc] GC(1863) Pause Young (Concurrent Start) (G1 Humongous Allocation) 1303M->23M(1476M) 1.403ms
[115.503s][info][gc] GC(1864) Concurrent Undo Cycle
[115.504s][info][gc] GC(1864) Concurrent Undo Cycle 1.324ms
[115.621s][info][gc] GC(1865) Pause Young (Concurrent Start) (G1 Humongous Allocation) 1303M->23M(1476M) 1.331ms
[115.621s][info][gc] GC(1866) Concurrent Undo Cycle
[115.623s][info][gc] GC(1866) Concurrent Undo Cycle 1.976ms
[115.740s][info][gc] GC(1867) Pause Young (Concurrent Start) (G1 Humongous Allocation) 1303M->23M(1476M) 1.213ms
[115.740s][info][gc] GC(1868) Concurrent Undo Cycle
[115.742s][info][gc] GC(1868) Concurrent Undo Cycle 1.392ms
[115.863s][info][gc] GC(1869) Pause Young (Concurrent Start) (G1 Humongous Allocation) 1303M->23M(1476M) 1.261ms
[115.863s][info][gc] GC(1870) Concurrent Undo Cycle
[115.865s][info][gc] GC(1870) Concurrent Undo Cycle 1.857ms
[115.995s][info][gc] GC(1871) Pause Young (Concurrent Start) (G1 Humongous Allocation) 1303M->23M(1476M) 1.549ms
[115.995s][info][gc] GC(1872) Concurrent Undo Cycle
[115.999s][info][gc] GC(1872) Concurrent Undo Cycle 4.079ms
[116.124s][info][gc] GC(1873) Pause Young (Concurrent Start) (G1 Humongous Allocation) 1303M->23M(1476M) 1.196ms
[116.124s][info][gc] GC(1874) Concurrent Undo Cycle
[116.126s][info][gc] GC(1874) Concurrent Undo Cycle 1.301ms
[116.255s][info][gc] GC(1875) Pause Young (Concurrent Start) (G1 Humongous Allocation) 1303M->23M(1476M) 1.218ms
[116.255s][info][gc] GC(1876) Concurrent Undo Cycle
[116.256s][info][gc] GC(1876) Concurrent Undo Cycle 1.376ms
[116.379s][info][gc] GC(1877) Pause Young (Concurrent Start) (G1 Humongous Allocation) 1303M->23M(1476M) 1.131ms
[116.380s][info][gc] GC(1878) Concurrent Undo Cycle
[116.381s][info][gc] GC(1878) Concurrent Undo Cycle 1.306ms
[116.499s][info][gc] GC(1879) Pause Young (Concurrent Start) (G1 Humongous Allocation) 1303M->23M(1476M) 1.375ms
[116.499s][info][gc] GC(1880) Concurrent Undo Cycle
[116.501s][info][gc] GC(1880) Concurrent Undo Cycle 1.949ms
[116.624s][info][gc] GC(1881) Pause Young (Concurrent Start) (G1 Humongous Allocation) 1303M->23M(1476M) 1.111ms
[116.624s][info][gc] GC(1882) Concurrent Undo Cycle
[116.625s][info][gc] GC(1882) Concurrent Undo Cycle 1.595ms
[116.745s][info][gc] GC(1883) Pause Young (Concurrent Start) (G1 Humongous Allocation) 1303M->23M(1476M) 1.341ms
[116.745s][info][gc] GC(1884) Concurrent Undo Cycle
[116.747s][info][gc] GC(1884) Concurrent Undo Cycle 1.446ms
[116.863s][info][gc] GC(1885) Pause Young (Concurrent Start) (G1 Humongous Allocation) 1303M->24M(1476M) 1.513ms
[116.863s][info][gc] GC(1886) Concurrent Undo Cycle
[116.865s][info][gc] GC(1886) Concurrent Undo Cycle 1.848ms
[116.981s][info][gc] GC(1887) Pause Young (Concurrent Start) (G1 Humongous Allocation) 1303M->24M(1476M) 1.280ms
[116.981s][info][gc] GC(1888) Concurrent Undo Cycle
[116.982s][info][gc] GC(1888) Concurrent Undo Cycle 1.278ms
[117.103s][info][gc] GC(1889) Pause Young (Concurrent Start) (G1 Humongous Allocation) 1303M->24M(1476M) 1.418ms
[117.103s][info][gc] GC(1890) Concurrent Undo Cycle
[117.105s][info][gc] GC(1890) Concurrent Undo Cycle 1.409ms
[117.222s][info][gc] GC(1891) Pause Young (Concurrent Start) (G1 Humongous Allocation) 1303M->24M(1476M) 1.289ms
[117.222s][info][gc] GC(1892) Concurrent Undo Cycle
[117.223s][info][gc] GC(1892) Concurrent Undo Cycle 1.435ms
[117.342s][info][gc] GC(1893) Pause Young (Concurrent Start) (G1 Humongous Allocation) 1303M->24M(1476M) 1.317ms
[117.342s][info][gc] GC(1894) Concurrent Undo Cycle
[117.344s][info][gc] GC(1894) Concurrent Undo Cycle 1.476ms
[117.462s][info][gc] GC(1895) Pause Young (Concurrent Start) (G1 Humongous Allocation) 1303M->24M(1476M) 1.375ms
[117.462s][info][gc] GC(1896) Concurrent Undo Cycle
[117.464s][info][gc] GC(1896) Concurrent Undo Cycle 2.103ms
[117.583s][info][gc] GC(1897) Pause Young (Concurrent Start) (G1 Humongous Allocation) 1303M->24M(1476M) 1.122ms
[117.584s][info][gc] GC(1898) Concurrent Undo Cycle
[117.585s][info][gc] GC(1898) Concurrent Undo Cycle 1.415ms
[117.700s][info][gc] GC(1899) Pause Young (Concurrent Start) (G1 Humongous Allocation) 1303M->24M(1476M) 1.136ms
[117.700s][info][gc] GC(1900) Concurrent Undo Cycle
[117.701s][info][gc] GC(1900) Concurrent Undo Cycle 1.361ms
[117.815s][info][gc] GC(1901) Pause Young (Concurrent Start) (G1 Humongous Allocation) 1303M->24M(1476M) 1.234ms
[117.815s][info][gc] GC(1902) Concurrent Undo Cycle
[117.817s][info][gc] GC(1902) Concurrent Undo Cycle 1.353ms
[117.935s][info][gc] GC(1903) Pause Young (Concurrent Start) (G1 Humongous Allocation) 1303M->24M(1476M) 1.588ms
[117.935s][info][gc] GC(1904) Concurrent Undo Cycle
[117.936s][info][gc] GC(1904) Concurrent Undo Cycle 1.423ms
[118.061s][info][gc] GC(1905) Pause Young (Concurrent Start) (G1 Humongous Allocation) 1303M->24M(1476M) 1.615ms
[118.061s][info][gc] GC(1906) Concurrent Undo Cycle
[118.062s][info][gc] GC(1906) Concurrent Undo Cycle 1.539ms
[118.181s][info][gc] GC(1907) Pause Young (Concurrent Start) (G1 Humongous Allocation) 1303M->24M(1476M) 1.266ms
[118.181s][info][gc] GC(1908) Concurrent Undo Cycle
[118.182s][info][gc] GC(1908) Concurrent Undo Cycle 1.310ms
[118.300s][info][gc] GC(1909) Pause Young (Concurrent Start) (G1 Humongous Allocation) 1303M->24M(1476M) 1.126ms
[118.300s][info][gc] GC(1910) Concurrent Undo Cycle
[118.302s][info][gc] GC(1910) Concurrent Undo Cycle 2.075ms
[118.418s][info][gc] GC(1911) Pause Young (Concurrent Start) (G1 Humongous Allocation) 1303M->24M(1476M) 1.306ms
[118.418s][info][gc] GC(1912) Concurrent Undo Cycle
[118.419s][info][gc] GC(1912) Concurrent Undo Cycle 1.353ms
[118.534s][info][gc] GC(1913) Pause Young (Concurrent Start) (G1 Humongous Allocation) 1303M->24M(1476M) 1.482ms
[118.534s][info][gc] GC(1914) Concurrent Undo Cycle
[118.535s][info][gc] GC(1914) Concurrent Undo Cycle 1.383ms
[118.650s][info][gc] GC(1915) Pause Young (Concurrent Start) (G1 Humongous Allocation) 1303M->24M(1476M) 1.551ms
[118.650s][info][gc] GC(1916) Concurrent Undo Cycle
[118.651s][info][gc] GC(1916) Concurrent Undo Cycle 1.428ms
[118.766s][info][gc] GC(1917) Pause Young (Concurrent Start) (G1 Humongous Allocation) 1303M->24M(1476M) 1.195ms
[118.766s][info][gc] GC(1918) Concurrent Undo Cycle
[118.767s][info][gc] GC(1918) Concurrent Undo Cycle 1.352ms
[118.884s][info][gc] GC(1919) Pause Young (Concurrent Start) (G1 Humongous Allocation) 1303M->24M(1476M) 1.321ms
[118.884s][info][gc] GC(1920) Concurrent Undo Cycle
[118.886s][info][gc] GC(1920) Concurrent Undo Cycle 1.308ms
[119.001s][info][gc] GC(1921) Pause Young (Concurrent Start) (G1 Humongous Allocation) 1303M->24M(1476M) 1.573ms
[119.001s][info][gc] GC(1922) Concurrent Undo Cycle
[119.002s][info][gc] GC(1922) Concurrent Undo Cycle 1.332ms
[119.120s][info][gc] GC(1923) Pause Young (Concurrent Start) (G1 Humongous Allocation) 1303M->24M(1476M) 1.484ms
[119.120s][info][gc] GC(1924) Concurrent Undo Cycle
[119.122s][info][gc] GC(1924) Concurrent Undo Cycle 1.593ms
[119.239s][info][gc] GC(1925) Pause Young (Concurrent Start) (G1 Humongous Allocation) 1303M->24M(1476M) 1.514ms
[119.239s][info][gc] GC(1926) Concurrent Undo Cycle
[119.240s][info][gc] GC(1926) Concurrent Undo Cycle 1.326ms
[119.360s][info][gc] GC(1927) Pause Young (Concurrent Start) (G1 Humongous Allocation) 1303M->24M(1476M) 1.502ms
[119.360s][info][gc] GC(1928) Concurrent Undo Cycle
[119.362s][info][gc] GC(1928) Concurrent Undo Cycle 1.407ms
[119.477s][info][gc] GC(1929) Pause Young (Concurrent Start) (G1 Humongous Allocation) 1303M->24M(1476M) 1.269ms
[119.477s][info][gc] GC(1930) Concurrent Undo Cycle
[119.479s][info][gc] GC(1930) Concurrent Undo Cycle 1.353ms
[119.594s][info][gc] GC(1931) Pause Young (Concurrent Start) (G1 Humongous Allocation) 1303M->24M(1476M) 1.101ms
[119.594s][info][gc] GC(1932) Concurrent Undo Cycle
[119.595s][info][gc] GC(1932) Concurrent Undo Cycle 1.349ms
[119.711s][info][gc] GC(1933) Pause Young (Concurrent Start) (G1 Humongous Allocation) 1303M->24M(1476M) 1.514ms
[119.711s][info][gc] GC(1934) Concurrent Undo Cycle
[119.713s][info][gc] GC(1934) Concurrent Undo Cycle 1.438ms
[119.835s][info][gc] GC(1935) Pause Young (Concurrent Start) (G1 Humongous Allocation) 1303M->24M(1476M) 1.252ms
[119.836s][info][gc] GC(1936) Concurrent Undo Cycle
[119.837s][info][gc] GC(1936) Concurrent Undo Cycle 1.407ms
[119.961s][info][gc] GC(1937) Pause Young (Concurrent Start) (G1 Humongous Allocation) 1303M->24M(1476M) 1.223ms
[119.961s][info][gc] GC(1938) Concurrent Undo Cycle
[119.962s][info][gc] GC(1938) Concurrent Undo Cycle 1.348ms
[120.090s][info][gc] GC(1939) Pause Young (Concurrent Start) (G1 Humongous Allocation) 1303M->24M(1476M) 1.329ms
[120.090s][info][gc] GC(1940) Concurrent Undo Cycle
[120.092s][info][gc] GC(1940) Concurrent Undo Cycle 2.104ms
[120.210s][info][gc] GC(1941) Pause Young (Concurrent Start) (G1 Humongous Allocation) 1303M->24M(1476M) 1.336ms
[120.211s][info][gc] GC(1942) Concurrent Undo Cycle
[120.212s][info][gc] GC(1942) Concurrent Undo Cycle 1.666ms
[120.328s][info][gc] GC(1943) Pause Young (Concurrent Start) (G1 Humongous Allocation) 1303M->24M(1476M) 1.380ms
[120.328s][info][gc] GC(1944) Concurrent Undo Cycle
[120.330s][info][gc] GC(1944) Concurrent Undo Cycle 1.411ms
[120.453s][info][gc] GC(1945) Pause Young (Concurrent Start) (G1 Humongous Allocation) 1303M->24M(1476M) 1.128ms
[120.453s][info][gc] GC(1946) Concurrent Undo Cycle
[120.454s][info][gc] GC(1946) Concurrent Undo Cycle 1.324ms
[120.570s][info][gc] GC(1947) Pause Young (Concurrent Start) (G1 Humongous Allocation) 1303M->24M(1476M) 1.288ms
[120.570s][info][gc] GC(1948) Concurrent Undo Cycle
[120.572s][info][gc] GC(1948) Concurrent Undo Cycle 1.880ms
[120.693s][info][gc] GC(1949) Pause Young (Concurrent Start) (G1 Humongous Allocation) 1303M->24M(1476M) 1.223ms
[120.693s][info][gc] GC(1950) Concurrent Undo Cycle
[120.695s][info][gc] GC(1950) Concurrent Undo Cycle 1.408ms
[120.813s][info][gc] GC(1951) Pause Young (Concurrent Start) (G1 Humongous Allocation) 1303M->24M(1476M) 1.374ms
[120.813s][info][gc] GC(1952) Concurrent Undo Cycle
[120.815s][info][gc] GC(1952) Concurrent Undo Cycle 1.958ms
[120.936s][info][gc] GC(1953) Pause Young (Concurrent Start) (G1 Humongous Allocation) 1303M->24M(1476M) 1.411ms
[120.936s][info][gc] GC(1954) Concurrent Undo Cycle
[120.937s][info][gc] GC(1954) Concurrent Undo Cycle 1.309ms
[121.059s][info][gc] GC(1955) Pause Young (Concurrent Start) (G1 Humongous Allocation) 1303M->24M(1476M) 1.368ms
[121.059s][info][gc] GC(1956) Concurrent Undo Cycle
[121.061s][info][gc] GC(1956) Concurrent Undo Cycle 1.926ms
[121.178s][info][gc] GC(1957) Pause Young (Concurrent Start) (G1 Humongous Allocation) 1303M->24M(1476M) 1.481ms
[121.178s][info][gc] GC(1958) Concurrent Undo Cycle
[121.180s][info][gc] GC(1958) Concurrent Undo Cycle 2.039ms
[121.303s][info][gc] GC(1959) Pause Young (Concurrent Start) (G1 Humongous Allocation) 1303M->24M(1476M) 1.319ms
[121.303s][info][gc] GC(1960) Concurrent Undo Cycle
[121.305s][info][gc] GC(1960) Concurrent Undo Cycle 1.595ms
[121.421s][info][gc] GC(1961) Pause Young (Concurrent Start) (G1 Humongous Allocation) 1303M->24M(1476M) 1.501ms
[121.421s][info][gc] GC(1962) Concurrent Undo Cycle
[121.422s][info][gc] GC(1962) Concurrent Undo Cycle 1.376ms
[121.539s][info][gc] GC(1963) Pause Young (Concurrent Start) (G1 Humongous Allocation) 1304M->24M(1476M) 1.065ms
[121.539s][info][gc] GC(1964) Concurrent Undo Cycle
[121.541s][info][gc] GC(1964) Concurrent Undo Cycle 1.342ms
[121.657s][info][gc] GC(1965) Pause Young (Concurrent Start) (G1 Humongous Allocation) 1304M->24M(1476M) 1.470ms
[121.657s][info][gc] GC(1966) Concurrent Undo Cycle
[121.658s][info][gc] GC(1966) Concurrent Undo Cycle 1.360ms
[121.775s][info][gc] GC(1967) Pause Young (Concurrent Start) (G1 Humongous Allocation) 1304M->24M(1476M) 1.468ms
[121.775s][info][gc] GC(1968) Concurrent Undo Cycle
[121.777s][info][gc] GC(1968) Concurrent Undo Cycle 1.806ms
[121.898s][info][gc] GC(1969) Pause Young (Concurrent Start) (G1 Humongous Allocation) 1304M->24M(1476M) 1.324ms
[121.898s][info][gc] GC(1970) Concurrent Undo Cycle
[121.900s][info][gc] GC(1970) Concurrent Undo Cycle 1.581ms
[122.026s][info][gc] GC(1971) Pause Young (Concurrent Start) (G1 Humongous Allocation) 1304M->24M(1476M) 1.303ms
[122.026s][info][gc] GC(1972) Concurrent Undo Cycle
[122.028s][info][gc] GC(1972) Concurrent Undo Cycle 2.029ms
[122.152s][info][gc] GC(1973) Pause Young (Concurrent Start) (G1 Humongous Allocation) 1304M->24M(1476M) 1.336ms
[122.152s][info][gc] GC(1974) Concurrent Undo Cycle
[122.154s][info][gc] GC(1974) Concurrent Undo Cycle 1.365ms
[122.272s][info][gc] GC(1975) Pause Young (Concurrent Start) (G1 Humongous Allocation) 1304M->24M(1476M) 1.171ms
[122.272s][info][gc] GC(1976) Concurrent Undo Cycle
[122.274s][info][gc] GC(1976) Concurrent Undo Cycle 1.954ms
[122.397s][info][gc] GC(1977) Pause Young (Concurrent Start) (G1 Humongous Allocation) 1304M->24M(1476M) 1.122ms
[122.397s][info][gc] GC(1978) Concurrent Undo Cycle
[122.399s][info][gc] GC(1978) Concurrent Undo Cycle 1.358ms
[122.519s][info][gc] GC(1979) Pause Young (Concurrent Start) (G1 Humongous Allocation) 1304M->24M(1476M) 1.187ms
[122.520s][info][gc] GC(1980) Concurrent Undo Cycle
[122.521s][info][gc] GC(1980) Concurrent Undo Cycle 1.351ms
[122.642s][info][gc] GC(1981) Pause Young (Concurrent Start) (G1 Humongous Allocation) 1304M->24M(1476M) 1.167ms
[122.642s][info][gc] GC(1982) Concurrent Undo Cycle
[122.644s][info][gc] GC(1982) Concurrent Undo Cycle 1.410ms
[122.764s][info][gc] GC(1983) Pause Young (Concurrent Start) (G1 Humongous Allocation) 1304M->24M(1476M) 1.421ms
[122.765s][info][gc] GC(1984) Concurrent Undo Cycle
[122.766s][info][gc] GC(1984) Concurrent Undo Cycle 1.375ms
[122.883s][info][gc] GC(1985) Pause Young (Concurrent Start) (G1 Humongous Allocation) 1304M->24M(1476M) 1.289ms
[122.883s][info][gc] GC(1986) Concurrent Undo Cycle
[122.885s][info][gc] GC(1986) Concurrent Undo Cycle 1.432ms
[123.003s][info][gc] GC(1987) Pause Young (Concurrent Start) (G1 Humongous Allocation) 1304M->24M(1476M) 1.418ms
[123.003s][info][gc] GC(1988) Concurrent Undo Cycle
[123.005s][info][gc] GC(1988) Concurrent Undo Cycle 2.010ms
[123.123s][info][gc] GC(1989) Pause Young (Concurrent Start) (G1 Humongous Allocation) 1304M->24M(1476M) 1.249ms
[123.123s][info][gc] GC(1990) Concurrent Undo Cycle
[123.125s][info][gc] GC(1990) Concurrent Undo Cycle 1.543ms
[123.260s][info][gc] GC(1991) Pause Young (Concurrent Start) (G1 Humongous Allocation) 1304M->24M(1476M) 1.269ms
[123.260s][info][gc] GC(1992) Concurrent Undo Cycle
[123.262s][info][gc] GC(1992) Concurrent Undo Cycle 1.582ms
[123.382s][info][gc] GC(1993) Pause Young (Concurrent Start) (G1 Humongous Allocation) 1304M->24M(1476M) 1.386ms
[123.382s][info][gc] GC(1994) Concurrent Undo Cycle
[123.384s][info][gc] GC(1994) Concurrent Undo Cycle 1.899ms
[123.506s][info][gc] GC(1995) Pause Young (Concurrent Start) (G1 Humongous Allocation) 1304M->24M(1476M) 1.226ms
[123.506s][info][gc] GC(1996) Concurrent Undo Cycle
[123.508s][info][gc] GC(1996) Concurrent Undo Cycle 1.704ms
[123.635s][info][gc] GC(1997) Pause Young (Concurrent Start) (G1 Humongous Allocation) 1304M->24M(1476M) 1.209ms
[123.635s][info][gc] GC(1998) Concurrent Undo Cycle
[123.637s][info][gc] GC(1998) Concurrent Undo Cycle 1.411ms
[123.763s][info][gc] GC(1999) Pause Young (Concurrent Start) (G1 Humongous Allocation) 1304M->24M(1476M) 1.207ms
[123.763s][info][gc] GC(2000) Concurrent Undo Cycle
[123.765s][info][gc] GC(2000) Concurrent Undo Cycle 1.460ms
[123.890s][info][gc] GC(2001) Pause Young (Concurrent Start) (G1 Humongous Allocation) 1304M->24M(1476M) 1.461ms
[123.890s][info][gc] GC(2002) Concurrent Undo Cycle
[123.892s][info][gc] GC(2002) Concurrent Undo Cycle 2.145ms
[124.023s][info][gc] GC(2003) Pause Young (Concurrent Start) (G1 Humongous Allocation) 1304M->24M(1476M) 1.405ms
[124.023s][info][gc] GC(2004) Concurrent Undo Cycle
[124.025s][info][gc] GC(2004) Concurrent Undo Cycle 2.199ms
[124.151s][info][gc] GC(2005) Pause Young (Concurrent Start) (G1 Humongous Allocation) 1304M->24M(1476M) 1.322ms
[124.151s][info][gc] GC(2006) Concurrent Undo Cycle
[124.152s][info][gc] GC(2006) Concurrent Undo Cycle 1.457ms
[124.273s][info][gc] GC(2007) Pause Young (Concurrent Start) (G1 Humongous Allocation) 1304M->24M(1476M) 1.316ms
[124.273s][info][gc] GC(2008) Concurrent Undo Cycle
[124.275s][info][gc] GC(2008) Concurrent Undo Cycle 1.500ms
[124.405s][info][gc] GC(2009) Pause Young (Concurrent Start) (G1 Humongous Allocation) 1304M->24M(1476M) 1.181ms
[124.405s][info][gc] GC(2010) Concurrent Undo Cycle
[124.407s][info][gc] GC(2010) Concurrent Undo Cycle 1.528ms
[124.540s][info][gc] GC(2011) Pause Young (Concurrent Start) (G1 Humongous Allocation) 1304M->24M(1476M) 1.265ms
[124.540s][info][gc] GC(2012) Concurrent Undo Cycle
[124.542s][info][gc] GC(2012) Concurrent Undo Cycle 1.647ms
[124.666s][info][gc] GC(2013) Pause Young (Concurrent Start) (G1 Humongous Allocation) 1304M->24M(1476M) 1.154ms
[124.666s][info][gc] GC(2014) Concurrent Undo Cycle
[124.667s][info][gc] GC(2014) Concurrent Undo Cycle 1.391ms
[124.801s][info][gc] GC(2015) Pause Young (Concurrent Start) (G1 Humongous Allocation) 1304M->25M(1476M) 1.196ms
[124.801s][info][gc] GC(2016) Concurrent Undo Cycle
[124.803s][info][gc] GC(2016) Concurrent Undo Cycle 1.997ms
[124.934s][info][gc] GC(2017) Pause Young (Concurrent Start) (G1 Humongous Allocation) 1304M->25M(1476M) 1.141ms
[124.934s][info][gc] GC(2018) Concurrent Undo Cycle
[124.936s][info][gc] GC(2018) Concurrent Undo Cycle 2.084ms
[125.077s][info][gc] GC(2019) Pause Young (Concurrent Start) (G1 Humongous Allocation) 1304M->25M(1476M) 1.574ms
[125.077s][info][gc] GC(2020) Concurrent Undo Cycle
[125.079s][info][gc] GC(2020) Concurrent Undo Cycle 2.107ms
[125.200s][info][gc] GC(2021) Pause Young (Concurrent Start) (G1 Humongous Allocation) 1304M->25M(1476M) 1.151ms
[125.200s][info][gc] GC(2022) Concurrent Undo Cycle
[125.201s][info][gc] GC(2022) Concurrent Undo Cycle 1.369ms
[125.324s][info][gc] GC(2023) Pause Young (Concurrent Start) (G1 Humongous Allocation) 1304M->25M(1476M) 1.387ms
[125.325s][info][gc] GC(2024) Concurrent Undo Cycle
[125.326s][info][gc] GC(2024) Concurrent Undo Cycle 1.634ms
[125.445s][info][gc] GC(2025) Pause Young (Concurrent Start) (G1 Humongous Allocation) 1304M->25M(1476M) 1.246ms
[125.445s][info][gc] GC(2026) Concurrent Undo Cycle
[125.448s][info][gc] GC(2026) Concurrent Undo Cycle 2.938ms
[125.568s][info][gc] GC(2027) Pause Young (Concurrent Start) (G1 Humongous Allocation) 1304M->25M(1476M) 1.359ms
[125.568s][info][gc] GC(2028) Concurrent Undo Cycle
[125.569s][info][gc] GC(2028) Concurrent Undo Cycle 1.481ms
[125.687s][info][gc] GC(2029) Pause Young (Concurrent Start) (G1 Humongous Allocation) 1304M->25M(1476M) 1.167ms
[125.687s][info][gc] GC(2030) Concurrent Undo Cycle
[125.689s][info][gc] GC(2030) Concurrent Undo Cycle 1.360ms
[125.809s][info][gc] GC(2031) Pause Young (Concurrent Start) (G1 Humongous Allocation) 1304M->25M(1476M) 1.285ms
[125.809s][info][gc] GC(2032) Concurrent Undo Cycle
[125.811s][info][gc] GC(2032) Concurrent Undo Cycle 1.973ms
[125.932s][info][gc] GC(2033) Pause Young (Concurrent Start) (G1 Humongous Allocation) 1304M->25M(1476M) 1.312ms
[125.932s][info][gc] GC(2034) Concurrent Undo Cycle
[125.933s][info][gc] GC(2034) Concurrent Undo Cycle 1.391ms
[126.051s][info][gc] GC(2035) Pause Young (Concurrent Start) (G1 Humongous Allocation) 1304M->25M(1476M) 1.413ms
[126.051s][info][gc] GC(2036) Concurrent Undo Cycle
[126.053s][info][gc] GC(2036) Concurrent Undo Cycle 1.418ms
[126.173s][info][gc] GC(2037) Pause Young (Concurrent Start) (G1 Humongous Allocation) 1304M->25M(1476M) 1.172ms
[126.173s][info][gc] GC(2038) Concurrent Undo Cycle
[126.175s][info][gc] GC(2038) Concurrent Undo Cycle 1.386ms
[126.295s][info][gc] GC(2039) Pause Young (Concurrent Start) (G1 Humongous Allocation) 1304M->25M(1476M) 1.215ms
[126.295s][info][gc] GC(2040) Concurrent Undo Cycle
[126.297s][info][gc] GC(2040) Concurrent Undo Cycle 1.405ms
[126.418s][info][gc] GC(2041) Pause Young (Concurrent Start) (G1 Humongous Allocation) 1304M->25M(1476M) 1.159ms
[126.418s][info][gc] GC(2042) Concurrent Undo Cycle
[126.419s][info][gc] GC(2042) Concurrent Undo Cycle 1.480ms
[126.541s][info][gc] GC(2043) Pause Young (Concurrent Start) (G1 Humongous Allocation) 1304M->25M(1476M) 1.442ms
[126.541s][info][gc] GC(2044) Concurrent Undo Cycle
[126.543s][info][gc] GC(2044) Concurrent Undo Cycle 1.874ms
[126.667s][info][gc] GC(2045) Pause Young (Concurrent Start) (G1 Humongous Allocation) 1304M->25M(1476M) 1.723ms
[126.667s][info][gc] GC(2046) Concurrent Undo Cycle
[126.669s][info][gc] GC(2046) Concurrent Undo Cycle 1.426ms
[126.797s][info][gc] GC(2047) Pause Young (Concurrent Start) (G1 Humongous Allocation) 1304M->25M(1476M) 1.225ms
[126.797s][info][gc] GC(2048) Concurrent Undo Cycle
[126.799s][info][gc] GC(2048) Concurrent Undo Cycle 1.899ms
[126.921s][info][gc] GC(2049) Pause Young (Concurrent Start) (G1 Humongous Allocation) 1304M->25M(1476M) 1.323ms
[126.921s][info][gc] GC(2050) Concurrent Undo Cycle
[126.923s][info][gc] GC(2050) Concurrent Undo Cycle 2.020ms
[127.043s][info][gc] GC(2051) Pause Young (Concurrent Start) (G1 Humongous Allocation) 1304M->25M(1476M) 1.156ms
[127.044s][info][gc] GC(2052) Concurrent Undo Cycle
[127.045s][info][gc] GC(2052) Concurrent Undo Cycle 1.393ms
[127.173s][info][gc] GC(2053) Pause Young (Concurrent Start) (G1 Humongous Allocation) 1304M->25M(1476M) 1.137ms
[127.173s][info][gc] GC(2054) Concurrent Undo Cycle
[127.175s][info][gc] GC(2054) Concurrent Undo Cycle 1.399ms
[127.297s][info][gc] GC(2055) Pause Young (Concurrent Start) (G1 Humongous Allocation) 1304M->25M(1476M) 1.377ms
[127.297s][info][gc] GC(2056) Concurrent Undo Cycle
[127.299s][info][gc] GC(2056) Concurrent Undo Cycle 2.053ms
[127.427s][info][gc] GC(2057) Pause Young (Concurrent Start) (G1 Humongous Allocation) 1304M->25M(1476M) 1.178ms
[127.427s][info][gc] GC(2058) Concurrent Undo Cycle
[127.429s][info][gc] GC(2058) Concurrent Undo Cycle 1.884ms
[127.560s][info][gc] GC(2059) Pause Young (Concurrent Start) (G1 Humongous Allocation) 1304M->25M(1476M) 1.225ms
[127.561s][info][gc] GC(2060) Concurrent Undo Cycle
[127.562s][info][gc] GC(2060) Concurrent Undo Cycle 1.357ms
[127.706s][info][gc] GC(2061) Pause Young (Concurrent Start) (G1 Humongous Allocation) 1304M->25M(1476M) 1.236ms
[127.706s][info][gc] GC(2062) Concurrent Undo Cycle
[127.707s][info][gc] GC(2062) Concurrent Undo Cycle 1.347ms
[127.839s][info][gc] GC(2063) Pause Young (Concurrent Start) (G1 Humongous Allocation) 1305M->25M(1476M) 1.573ms
[127.839s][info][gc] GC(2064) Concurrent Undo Cycle
[127.841s][info][gc] GC(2064) Concurrent Undo Cycle 2.038ms
[127.966s][info][gc] GC(2065) Pause Young (Concurrent Start) (G1 Humongous Allocation) 1305M->25M(1476M) 1.518ms
[127.966s][info][gc] GC(2066) Concurrent Undo Cycle
[127.967s][info][gc] GC(2066) Concurrent Undo Cycle 1.430ms
[128.092s][info][gc] GC(2067) Pause Young (Concurrent Start) (G1 Humongous Allocation) 1305M->25M(1476M) 1.232ms
[128.093s][info][gc] GC(2068) Concurrent Undo Cycle
[128.094s][info][gc] GC(2068) Concurrent Undo Cycle 1.874ms
[128.220s][info][gc] GC(2069) Pause Young (Concurrent Start) (G1 Humongous Allocation) 1305M->25M(1476M) 1.467ms
[128.220s][info][gc] GC(2070) Concurrent Undo Cycle
[128.222s][info][gc] GC(2070) Concurrent Undo Cycle 1.423ms
[128.348s][info][gc] GC(2071) Pause Young (Concurrent Start) (G1 Humongous Allocation) 1305M->25M(1476M) 1.189ms
[128.349s][info][gc] GC(2072) Concurrent Undo Cycle
[128.350s][info][gc] GC(2072) Concurrent Undo Cycle 1.330ms
[128.470s][info][gc] GC(2073) Pause Young (Concurrent Start) (G1 Humongous Allocation) 1305M->25M(1476M) 1.199ms
[128.470s][info][gc] GC(2074) Concurrent Undo Cycle
[128.472s][info][gc] GC(2074) Concurrent Undo Cycle 1.942ms
[128.594s][info][gc] GC(2075) Pause Young (Concurrent Start) (G1 Humongous Allocation) 1305M->25M(1476M) 1.291ms
[128.594s][info][gc] GC(2076) Concurrent Undo Cycle
[128.595s][info][gc] GC(2076) Concurrent Undo Cycle 1.827ms
[128.716s][info][gc] GC(2077) Pause Young (Concurrent Start) (G1 Humongous Allocation) 1305M->25M(1476M) 1.351ms
[128.716s][info][gc] GC(2078) Concurrent Undo Cycle
[128.718s][info][gc] GC(2078) Concurrent Undo Cycle 1.930ms
[128.844s][info][gc] GC(2079) Pause Young (Concurrent Start) (G1 Humongous Allocation) 1305M->25M(1476M) 1.134ms
[128.844s][info][gc] GC(2080) Concurrent Undo Cycle
[128.845s][info][gc] GC(2080) Concurrent Undo Cycle 1.402ms
[128.967s][info][gc] GC(2081) Pause Young (Concurrent Start) (G1 Humongous Allocation) 1305M->25M(1476M) 1.329ms
[128.967s][info][gc] GC(2082) Concurrent Undo Cycle
[128.969s][info][gc] GC(2082) Concurrent Undo Cycle 1.355ms
[129.090s][info][gc] GC(2083) Pause Young (Concurrent Start) (G1 Humongous Allocation) 1305M->25M(1476M) 1.577ms
[129.090s][info][gc] GC(2084) Concurrent Undo Cycle
[129.092s][info][gc] GC(2084) Concurrent Undo Cycle 1.584ms
[129.214s][info][gc] GC(2085) Pause Young (Concurrent Start) (G1 Humongous Allocation) 1305M->25M(1476M) 1.384ms
[129.214s][info][gc] GC(2086) Concurrent Undo Cycle
[129.215s][info][gc] GC(2086) Concurrent Undo Cycle 1.359ms
[129.337s][info][gc] GC(2087) Pause Young (Concurrent Start) (G1 Humongous Allocation) 1305M->25M(1476M) 1.332ms
[129.337s][info][gc] GC(2088) Concurrent Undo Cycle
[129.338s][info][gc] GC(2088) Concurrent Undo Cycle 1.485ms
[129.470s][info][gc] GC(2089) Pause Young (Concurrent Start) (G1 Humongous Allocation) 1305M->25M(1476M) 1.179ms
[129.470s][info][gc] GC(2090) Concurrent Undo Cycle
[129.472s][info][gc] GC(2090) Concurrent Undo Cycle 1.342ms
[129.599s][info][gc] GC(2091) Pause Young (Concurrent Start) (G1 Humongous Allocation) 1305M->25M(1476M) 1.798ms
[129.599s][info][gc] GC(2092) Concurrent Undo Cycle
[129.601s][info][gc] GC(2092) Concurrent Undo Cycle 1.538ms
[129.732s][info][gc] GC(2093) Pause Young (Concurrent Start) (G1 Humongous Allocation) 1305M->25M(1476M) 1.159ms
[129.732s][info][gc] GC(2094) Concurrent Undo Cycle
[129.734s][info][gc] GC(2094) Concurrent Undo Cycle 2.380ms
[129.866s][info][gc] GC(2095) Pause Young (Concurrent Start) (G1 Humongous Allocation) 1305M->25M(1476M) 1.413ms
[129.866s][info][gc] GC(2096) Concurrent Undo Cycle
[129.868s][info][gc] GC(2096) Concurrent Undo Cycle 1.935ms
[130.008s][info][gc] GC(2097) Pause Young (Concurrent Start) (G1 Humongous Allocation) 1305M->25M(1476M) 1.176ms
[130.008s][info][gc] GC(2098) Concurrent Undo Cycle
[130.009s][info][gc] GC(2098) Concurrent Undo Cycle 1.356ms
[130.145s][info][gc] GC(2099) Pause Young (Concurrent Start) (G1 Humongous Allocation) 1305M->25M(1476M) 1.482ms
[130.145s][info][gc] GC(2100) Concurrent Undo Cycle
[130.147s][info][gc] GC(2100) Concurrent Undo Cycle 1.493ms
[130.275s][info][gc] GC(2101) Pause Young (Concurrent Start) (G1 Humongous Allocation) 1305M->25M(1476M) 1.620ms
[130.275s][info][gc] GC(2102) Concurrent Undo Cycle
[130.277s][info][gc] GC(2102) Concurrent Undo Cycle 2.679ms
[130.401s][info][gc] GC(2103) Pause Young (Concurrent Start) (G1 Humongous Allocation) 1305M->25M(1476M) 1.351ms
[130.401s][info][gc] GC(2104) Concurrent Undo Cycle
[130.402s][info][gc] GC(2104) Concurrent Undo Cycle 1.522ms
[130.527s][info][gc] GC(2105) Pause Young (Concurrent Start) (G1 Humongous Allocation) 1305M->25M(1476M) 1.308ms
[130.527s][info][gc] GC(2106) Concurrent Undo Cycle
[130.528s][info][gc] GC(2106) Concurrent Undo Cycle 1.382ms
[130.651s][info][gc] GC(2107) Pause Young (Concurrent Start) (G1 Humongous Allocation) 1305M->25M(1476M) 1.624ms
[130.651s][info][gc] GC(2108) Concurrent Undo Cycle
[130.653s][info][gc] GC(2108) Concurrent Undo Cycle 1.467ms
[130.775s][info][gc] GC(2109) Pause Young (Concurrent Start) (G1 Humongous Allocation) 1305M->25M(1476M) 1.419ms
[130.776s][info][gc] GC(2110) Concurrent Undo Cycle
[130.779s][info][gc] GC(2110) Concurrent Undo Cycle 3.199ms
[130.917s][info][gc] GC(2111) Pause Young (Concurrent Start) (G1 Humongous Allocation) 1305M->25M(1476M) 1.097ms
[130.917s][info][gc] GC(2112) Concurrent Undo Cycle
[130.919s][info][gc] GC(2112) Concurrent Undo Cycle 1.980ms
[131.070s][info][gc] GC(2113) Pause Young (Concurrent Start) (G1 Humongous Allocation) 1305M->25M(1476M) 0.776ms
[131.070s][info][gc] GC(2114) Concurrent Undo Cycle
[131.072s][info][gc] GC(2114) Concurrent Undo Cycle 1.513ms
[131.212s][info][gc] GC(2115) Pause Young (Concurrent Start) (G1 Humongous Allocation) 1305M->25M(1476M) 1.181ms
[131.213s][info][gc] GC(2116) Concurrent Undo Cycle
[131.214s][info][gc] GC(2116) Concurrent Undo Cycle 1.750ms
[131.353s][info][gc] GC(2117) Pause Young (Concurrent Start) (G1 Humongous Allocation) 1305M->25M(1476M) 1.076ms
[131.353s][info][gc] GC(2118) Concurrent Undo Cycle
[131.354s][info][gc] GC(2118) Concurrent Undo Cycle 1.424ms
[131.493s][info][gc] GC(2119) Pause Young (Concurrent Start) (G1 Humongous Allocation) 1305M->25M(1476M) 1.197ms
[131.493s][info][gc] GC(2120) Concurrent Undo Cycle
[131.495s][info][gc] GC(2120) Concurrent Undo Cycle 1.428ms
[131.632s][info][gc] GC(2121) Pause Young (Concurrent Start) (G1 Humongous Allocation) 1305M->25M(1476M) 1.177ms
[131.632s][info][gc] GC(2122) Concurrent Undo Cycle
[131.634s][info][gc] GC(2122) Concurrent Undo Cycle 1.552ms
[131.769s][info][gc] GC(2123) Pause Young (Concurrent Start) (G1 Humongous Allocation) 1305M->25M(1476M) 1.318ms
[131.769s][info][gc] GC(2124) Concurrent Undo Cycle
[131.770s][info][gc] GC(2124) Concurrent Undo Cycle 1.579ms
[131.908s][info][gc] GC(2125) Pause Young (Concurrent Start) (G1 Humongous Allocation) 1305M->25M(1476M) 1.235ms
[131.908s][info][gc] GC(2126) Concurrent Undo Cycle
[131.909s][info][gc] GC(2126) Concurrent Undo Cycle 1.408ms
[132.046s][info][gc] GC(2127) Pause Young (Concurrent Start) (G1 Humongous Allocation) 1305M->25M(1476M) 1.148ms
[132.046s][info][gc] GC(2128) Concurrent Undo Cycle
[132.047s][info][gc] GC(2128) Concurrent Undo Cycle 1.477ms
[132.181s][info][gc] GC(2129) Pause Young (Concurrent Start) (G1 Humongous Allocation) 1305M->25M(1476M) 1.544ms
[132.181s][info][gc] GC(2130) Concurrent Undo Cycle
[132.183s][info][gc] GC(2130) Concurrent Undo Cycle 2.250ms
[132.319s][info][gc] GC(2131) Pause Young (Concurrent Start) (G1 Humongous Allocation) 1305M->25M(1476M) 1.278ms
[132.319s][info][gc] GC(2132) Concurrent Undo Cycle
[132.320s][info][gc] GC(2132) Concurrent Undo Cycle 1.463ms
[132.454s][info][gc] GC(2133) Pause Young (Concurrent Start) (G1 Humongous Allocation) 1305M->25M(1476M) 1.170ms
[132.454s][info][gc] GC(2134) Concurrent Undo Cycle
[132.455s][info][gc] GC(2134) Concurrent Undo Cycle 1.584ms
[132.590s][info][gc] GC(2135) Pause Young (Concurrent Start) (G1 Humongous Allocation) 1305M->25M(1476M) 1.191ms
[132.590s][info][gc] GC(2136) Concurrent Undo Cycle
[132.592s][info][gc] GC(2136) Concurrent Undo Cycle 1.542ms
[132.726s][info][gc] GC(2137) Pause Young (Concurrent Start) (G1 Humongous Allocation) 1305M->25M(1476M) 1.153ms
[132.726s][info][gc] GC(2138) Concurrent Undo Cycle
[132.728s][info][gc] GC(2138) Concurrent Undo Cycle 1.844ms
[132.861s][info][gc] GC(2139) Pause Young (Concurrent Start) (G1 Humongous Allocation) 1305M->25M(1476M) 1.122ms
[132.861s][info][gc] GC(2140) Concurrent Undo Cycle
[132.863s][info][gc] GC(2140) Concurrent Undo Cycle 1.930ms
[133.000s][info][gc] GC(2141) Pause Young (Concurrent Start) (G1 Humongous Allocation) 1305M->26M(1476M) 1.322ms
[133.000s][info][gc] GC(2142) Concurrent Undo Cycle
[133.002s][info][gc] GC(2142) Concurrent Undo Cycle 1.487ms
[133.138s][info][gc] GC(2143) Pause Young (Concurrent Start) (G1 Humongous Allocation) 1305M->26M(1476M) 1.180ms
[133.138s][info][gc] GC(2144) Concurrent Undo Cycle
[133.139s][info][gc] GC(2144) Concurrent Undo Cycle 1.543ms
[133.275s][info][gc] GC(2145) Pause Young (Concurrent Start) (G1 Humongous Allocation) 1305M->26M(1476M) 1.222ms
[133.275s][info][gc] GC(2146) Concurrent Undo Cycle
[133.276s][info][gc] GC(2146) Concurrent Undo Cycle 1.477ms
[133.414s][info][gc] GC(2147) Pause Young (Concurrent Start) (G1 Humongous Allocation) 1305M->26M(1476M) 1.226ms
[133.415s][info][gc] GC(2148) Concurrent Undo Cycle
[133.416s][info][gc] GC(2148) Concurrent Undo Cycle 1.449ms
[133.541s][info][gc] GC(2149) Pause Young (Concurrent Start) (G1 Humongous Allocation) 1305M->26M(1476M) 1.245ms
[133.541s][info][gc] GC(2150) Concurrent Undo Cycle
[133.543s][info][gc] GC(2150) Concurrent Undo Cycle 2.081ms
[133.667s][info][gc] GC(2151) Pause Young (Concurrent Start) (G1 Humongous Allocation) 1305M->26M(1476M) 1.415ms
[133.667s][info][gc] GC(2152) Concurrent Undo Cycle
[133.669s][info][gc] GC(2152) Concurrent Undo Cycle 1.955ms
[133.797s][info][gc] GC(2153) Pause Young (Concurrent Start) (G1 Humongous Allocation) 1305M->26M(1476M) 1.403ms
[133.797s][info][gc] GC(2154) Concurrent Undo Cycle
[133.798s][info][gc] GC(2154) Concurrent Undo Cycle 1.492ms
[133.924s][info][gc] GC(2155) Pause Young (Concurrent Start) (G1 Humongous Allocation) 1305M->26M(1476M) 1.361ms
[133.925s][info][gc] GC(2156) Concurrent Undo Cycle
[133.926s][info][gc] GC(2156) Concurrent Undo Cycle 1.416ms
[134.052s][info][gc] GC(2157) Pause Young (Concurrent Start) (G1 Humongous Allocation) 1305M->26M(1476M) 1.365ms
[134.052s][info][gc] GC(2158) Concurrent Undo Cycle
[134.054s][info][gc] GC(2158) Concurrent Undo Cycle 1.968ms
[134.179s][info][gc] GC(2159) Pause Young (Concurrent Start) (G1 Humongous Allocation) 1297M->26M(1476M) 1.343ms
[134.179s][info][gc] GC(2160) Concurrent Undo Cycle
[134.180s][info][gc] GC(2160) Concurrent Undo Cycle 1.423ms
[134.309s][info][gc] GC(2161) Pause Young (Concurrent Start) (G1 Humongous Allocation) 1297M->26M(1476M) 2.222ms
[134.309s][info][gc] GC(2162) Concurrent Undo Cycle
[134.311s][info][gc] GC(2162) Concurrent Undo Cycle 2.020ms
[134.434s][info][gc] GC(2163) Pause Young (Concurrent Start) (G1 Humongous Allocation) 1298M->26M(1476M) 1.377ms
[134.434s][info][gc] GC(2164) Concurrent Undo Cycle
[134.436s][info][gc] GC(2164) Concurrent Undo Cycle 1.655ms
[134.560s][info][gc] GC(2165) Pause Young (Concurrent Start) (G1 Humongous Allocation) 1298M->26M(1476M) 1.298ms
[134.560s][info][gc] GC(2166) Concurrent Undo Cycle
[134.561s][info][gc] GC(2166) Concurrent Undo Cycle 1.383ms
[134.684s][info][gc] GC(2167) Pause Young (Concurrent Start) (G1 Humongous Allocation) 1298M->26M(1476M) 1.308ms
[134.684s][info][gc] GC(2168) Concurrent Undo Cycle
[134.686s][info][gc] GC(2168) Concurrent Undo Cycle 2.035ms
[134.818s][info][gc] GC(2169) Pause Young (Concurrent Start) (G1 Humongous Allocation) 1298M->26M(1476M) 1.371ms
[134.818s][info][gc] GC(2170) Concurrent Undo Cycle
[134.820s][info][gc] GC(2170) Concurrent Undo Cycle 2.025ms
[134.946s][info][gc] GC(2171) Pause Young (Concurrent Start) (G1 Humongous Allocation) 1298M->26M(1476M) 1.456ms
[134.946s][info][gc] GC(2172) Concurrent Undo Cycle
[134.948s][info][gc] GC(2172) Concurrent Undo Cycle 1.482ms
[135.079s][info][gc] GC(2173) Pause Young (Concurrent Start) (G1 Humongous Allocation) 1298M->26M(1476M) 1.173ms
[135.079s][info][gc] GC(2174) Concurrent Undo Cycle
[135.080s][info][gc] GC(2174) Concurrent Undo Cycle 1.329ms
[135.219s][info][gc] GC(2175) Pause Young (Concurrent Start) (G1 Humongous Allocation) 1298M->26M(1476M) 1.347ms
[135.219s][info][gc] GC(2176) Concurrent Undo Cycle
[135.220s][info][gc] GC(2176) Concurrent Undo Cycle 1.334ms
[135.355s][info][gc] GC(2177) Pause Young (Concurrent Start) (G1 Humongous Allocation) 1298M->26M(1476M) 1.287ms
[135.355s][info][gc] GC(2178) Concurrent Undo Cycle
[135.357s][info][gc] GC(2178) Concurrent Undo Cycle 1.599ms
[135.492s][info][gc] GC(2179) Pause Young (Concurrent Start) (G1 Humongous Allocation) 1298M->26M(1476M) 1.106ms
[135.492s][info][gc] GC(2180) Concurrent Undo Cycle
[135.493s][info][gc] GC(2180) Concurrent Undo Cycle 1.373ms
[135.630s][info][gc] GC(2181) Pause Young (Concurrent Start) (G1 Humongous Allocation) 1298M->26M(1476M) 1.339ms
[135.630s][info][gc] GC(2182) Concurrent Undo Cycle
[135.632s][info][gc] GC(2182) Concurrent Undo Cycle 1.654ms
[135.774s][info][gc] GC(2183) Pause Young (Concurrent Start) (G1 Humongous Allocation) 1298M->26M(1476M) 1.321ms
[135.774s][info][gc] GC(2184) Concurrent Undo Cycle
[135.776s][info][gc] GC(2184) Concurrent Undo Cycle 1.915ms
[135.907s][info][gc] GC(2185) Pause Young (Concurrent Start) (G1 Humongous Allocation) 1298M->26M(1476M) 1.226ms
[135.907s][info][gc] GC(2186) Concurrent Undo Cycle
[135.909s][info][gc] GC(2186) Concurrent Undo Cycle 1.367ms
[136.039s][info][gc] GC(2187) Pause Young (Concurrent Start) (G1 Humongous Allocation) 1298M->26M(1476M) 1.171ms
[136.039s][info][gc] GC(2188) Concurrent Undo Cycle
[136.040s][info][gc] GC(2188) Concurrent Undo Cycle 1.330ms
[136.167s][info][gc] GC(2189) Pause Young (Concurrent Start) (G1 Humongous Allocation) 1298M->26M(1476M) 1.543ms
[136.167s][info][gc] GC(2190) Concurrent Undo Cycle
[136.169s][info][gc] GC(2190) Concurrent Undo Cycle 2.025ms
[136.299s][info][gc] GC(2191) Pause Young (Concurrent Start) (G1 Humongous Allocation) 1300M->26M(1476M) 1.479ms
[136.299s][info][gc] GC(2192) Concurrent Undo Cycle
[136.302s][info][gc] GC(2192) Concurrent Undo Cycle 3.204ms
[136.433s][info][gc] GC(2193) Pause Young (Concurrent Start) (G1 Humongous Allocation) 1300M->26M(1476M) 1.202ms
[136.433s][info][gc] GC(2194) Concurrent Undo Cycle
[136.435s][info][gc] GC(2194) Concurrent Undo Cycle 1.925ms
[136.565s][info][gc] GC(2195) Pause Young (Concurrent Start) (G1 Humongous Allocation) 1300M->26M(1476M) 1.345ms
[136.566s][info][gc] GC(2196) Concurrent Undo Cycle
[136.567s][info][gc] GC(2196) Concurrent Undo Cycle 1.956ms
[136.694s][info][gc] GC(2197) Pause Young (Concurrent Start) (G1 Humongous Allocation) 1300M->26M(1476M) 1.254ms
[136.694s][info][gc] GC(2198) Concurrent Undo Cycle
[136.696s][info][gc] GC(2198) Concurrent Undo Cycle 1.395ms
[136.826s][info][gc] GC(2199) Pause Young (Concurrent Start) (G1 Humongous Allocation) 1300M->26M(1476M) 1.374ms
[136.826s][info][gc] GC(2200) Concurrent Undo Cycle
[136.828s][info][gc] GC(2200) Concurrent Undo Cycle 2.082ms
[136.956s][info][gc] GC(2201) Pause Young (Concurrent Start) (G1 Humongous Allocation) 1300M->26M(1476M) 1.343ms
[136.956s][info][gc] GC(2202) Concurrent Undo Cycle
[136.957s][info][gc] GC(2202) Concurrent Undo Cycle 1.427ms
[137.091s][info][gc] GC(2203) Pause Young (Concurrent Start) (G1 Humongous Allocation) 1300M->26M(1476M) 1.335ms
[137.091s][info][gc] GC(2204) Concurrent Undo Cycle
[137.093s][info][gc] GC(2204) Concurrent Undo Cycle 1.780ms
[137.240s][info][gc] GC(2205) Pause Young (Concurrent Start) (G1 Humongous Allocation) 1300M->26M(1476M) 1.194ms
[137.240s][info][gc] GC(2206) Concurrent Undo Cycle
[137.242s][info][gc] GC(2206) Concurrent Undo Cycle 1.924ms
[137.393s][info][gc] GC(2207) Pause Young (Concurrent Start) (G1 Humongous Allocation) 1300M->26M(1476M) 1.611ms
[137.394s][info][gc] GC(2208) Concurrent Undo Cycle
[137.396s][info][gc] GC(2208) Concurrent Undo Cycle 2.290ms
[137.530s][info][gc] GC(2209) Pause Young (Concurrent Start) (G1 Humongous Allocation) 1300M->26M(1476M) 1.270ms
[137.530s][info][gc] GC(2210) Concurrent Undo Cycle
[137.531s][info][gc] GC(2210) Concurrent Undo Cycle 1.390ms
[137.668s][info][gc] GC(2211) Pause Young (Concurrent Start) (G1 Humongous Allocation) 1300M->26M(1476M) 1.294ms
[137.668s][info][gc] GC(2212) Concurrent Undo Cycle
[137.669s][info][gc] GC(2212) Concurrent Undo Cycle 1.537ms
[137.796s][info][gc] GC(2213) Pause Young (Concurrent Start) (G1 Humongous Allocation) 1300M->26M(1476M) 1.454ms
[137.796s][info][gc] GC(2214) Concurrent Undo Cycle
[137.799s][info][gc] GC(2214) Concurrent Undo Cycle 2.987ms
[137.936s][info][gc] GC(2215) Pause Young (Concurrent Start) (G1 Humongous Allocation) 1300M->26M(1476M) 1.188ms
[137.936s][info][gc] GC(2216) Concurrent Undo Cycle
[137.938s][info][gc] GC(2216) Concurrent Undo Cycle 1.903ms
[138.065s][info][gc] GC(2217) Pause Young (Concurrent Start) (G1 Humongous Allocation) 1300M->26M(1476M) 1.180ms
[138.065s][info][gc] GC(2218) Concurrent Undo Cycle
[138.067s][info][gc] GC(2218) Concurrent Undo Cycle 1.866ms
[138.193s][info][gc] GC(2219) Pause Young (Concurrent Start) (G1 Humongous Allocation) 1300M->26M(1476M) 1.193ms
[138.193s][info][gc] GC(2220) Concurrent Undo Cycle
[138.194s][info][gc] GC(2220) Concurrent Undo Cycle 1.401ms
[138.331s][info][gc] GC(2221) Pause Young (Concurrent Start) (G1 Humongous Allocation) 1300M->26M(1476M) 1.036ms
[138.331s][info][gc] GC(2222) Concurrent Undo Cycle
[138.332s][info][gc] GC(2222) Concurrent Undo Cycle 1.455ms
[138.460s][info][gc] GC(2223) Pause Young (Concurrent Start) (G1 Humongous Allocation) 1300M->26M(1476M) 1.143ms
[138.460s][info][gc] GC(2224) Concurrent Undo Cycle
[138.462s][info][gc] GC(2224) Concurrent Undo Cycle 1.481ms
[138.589s][info][gc] GC(2225) Pause Young (Concurrent Start) (G1 Humongous Allocation) 1300M->26M(1476M) 1.199ms
[138.589s][info][gc] GC(2226) Concurrent Undo Cycle
[138.590s][info][gc] GC(2226) Concurrent Undo Cycle 1.345ms
[138.720s][info][gc] GC(2227) Pause Young (Concurrent Start) (G1 Humongous Allocation) 1300M->26M(1476M) 1.221ms
[138.720s][info][gc] GC(2228) Concurrent Undo Cycle
[138.722s][info][gc] GC(2228) Concurrent Undo Cycle 1.965ms
[138.848s][info][gc] GC(2229) Pause Young (Concurrent Start) (G1 Humongous Allocation) 1300M->26M(1476M) 1.426ms
[138.848s][info][gc] GC(2230) Concurrent Undo Cycle
[138.850s][info][gc] GC(2230) Concurrent Undo Cycle 1.321ms
[138.975s][info][gc] GC(2231) Pause Young (Concurrent Start) (G1 Humongous Allocation) 1300M->26M(1476M) 1.174ms
[138.975s][info][gc] GC(2232) Concurrent Undo Cycle
[138.977s][info][gc] GC(2232) Concurrent Undo Cycle 1.340ms
[139.103s][info][gc] GC(2233) Pause Young (Concurrent Start) (G1 Humongous Allocation) 1300M->26M(1476M) 1.321ms
[139.103s][info][gc] GC(2234) Concurrent Undo Cycle
[139.104s][info][gc] GC(2234) Concurrent Undo Cycle 1.702ms
[139.243s][info][gc] GC(2235) Pause Young (Concurrent Start) (G1 Humongous Allocation) 1300M->26M(1476M) 1.442ms
[139.243s][info][gc] GC(2236) Concurrent Undo Cycle
[139.244s][info][gc] GC(2236) Concurrent Undo Cycle 1.433ms
[139.281s][info][gc] GC(2237) Pause Young (Concurrent Start) (G1 Humongous Allocation) 700M->32M(1476M) 1.158ms
[139.282s][info][gc] GC(2238) Concurrent Undo Cycle
[139.283s][info][gc] GC(2238) Concurrent Undo Cycle 1.292ms
[139.314s][info][gc] GC(2239) Pause Young (Concurrent Start) (G1 Humongous Allocation) 662M->28M(1476M) 1.354ms
[139.315s][info][gc] GC(2240) Concurrent Undo Cycle
[139.316s][info][gc] GC(2240) Concurrent Undo Cycle 1.909ms
[139.349s][info][gc] GC(2241) Pause Young (Concurrent Start) (G1 Humongous Allocation) 666M->32M(1476M) 1.606ms
[139.349s][info][gc] GC(2242) Concurrent Undo Cycle
[139.351s][info][gc] GC(2242) Concurrent Undo Cycle 1.519ms
[139.382s][info][gc] GC(2243) Pause Young (Concurrent Start) (G1 Humongous Allocation) 662M->28M(1476M) 1.366ms
[139.382s][info][gc] GC(2244) Concurrent Undo Cycle
[139.384s][info][gc] GC(2244) Concurrent Undo Cycle 1.930ms
[139.416s][info][gc] GC(2245) Pause Young (Concurrent Start) (G1 Humongous Allocation) 666M->32M(1744M) 1.649ms
[139.416s][info][gc] GC(2246) Concurrent Undo Cycle
[139.419s][info][gc] GC(2246) Concurrent Undo Cycle 3.617ms
[139.457s][info][gc] GC(2247) Pause Young (Concurrent Start) (G1 Humongous Allocation) 786M->32M(1744M) 1.187ms
[139.457s][info][gc] GC(2248) Concurrent Undo Cycle
[139.459s][info][gc] GC(2248) Concurrent Undo Cycle 1.532ms
[139.497s][info][gc] GC(2249) Pause Young (Concurrent Start) (G1 Humongous Allocation) 786M->32M(1744M) 1.265ms
[139.497s][info][gc] GC(2250) Concurrent Undo Cycle
[139.499s][info][gc] GC(2250) Concurrent Undo Cycle 1.598ms
[139.537s][info][gc] GC(2251) Pause Young (Concurrent Start) (G1 Humongous Allocation) 786M->32M(1744M) 1.223ms
[139.537s][info][gc] GC(2252) Concurrent Undo Cycle
[139.538s][info][gc] GC(2252) Concurrent Undo Cycle 1.566ms
[139.576s][info][gc] GC(2253) Pause Young (Concurrent Start) (G1 Humongous Allocation) 786M->32M(1744M) 1.217ms
[139.576s][info][gc] GC(2254) Concurrent Undo Cycle
[139.577s][info][gc] GC(2254) Concurrent Undo Cycle 1.558ms
[139.615s][info][gc] GC(2255) Pause Young (Concurrent Start) (G1 Humongous Allocation) 786M->32M(1744M) 1.407ms
[139.615s][info][gc] GC(2256) Concurrent Undo Cycle
[139.617s][info][gc] GC(2256) Concurrent Undo Cycle 1.636ms
[139.655s][info][gc] GC(2257) Pause Young (Concurrent Start) (G1 Humongous Allocation) 786M->32M(1744M) 1.270ms
[139.656s][info][gc] GC(2258) Concurrent Undo Cycle
[139.658s][info][gc] GC(2258) Concurrent Undo Cycle 2.337ms
[139.695s][info][gc] GC(2259) Pause Young (Concurrent Start) (G1 Humongous Allocation) 786M->32M(1744M) 1.203ms
[139.695s][info][gc] GC(2260) Concurrent Undo Cycle
[139.698s][info][gc] GC(2260) Concurrent Undo Cycle 2.739ms
[139.746s][info][gc] GC(2261) Pause Young (Concurrent Start) (G1 Humongous Allocation) 786M->32M(1744M) 1.274ms
[139.746s][info][gc] GC(2262) Concurrent Undo Cycle
[139.748s][info][gc] GC(2262) Concurrent Undo Cycle 1.592ms
[139.787s][info][gc] GC(2263) Pause Young (Concurrent Start) (G1 Humongous Allocation) 786M->32M(1744M) 1.236ms
[139.787s][info][gc] GC(2264) Concurrent Undo Cycle
[139.789s][info][gc] GC(2264) Concurrent Undo Cycle 1.529ms
[139.828s][info][gc] GC(2265) Pause Young (Concurrent Start) (G1 Humongous Allocation) 786M->32M(1744M) 1.335ms
[139.828s][info][gc] GC(2266) Concurrent Undo Cycle
[139.830s][info][gc] GC(2266) Concurrent Undo Cycle 1.896ms
[139.869s][info][gc] GC(2267) Pause Young (Concurrent Start) (G1 Humongous Allocation) 786M->32M(1744M) 1.127ms
[139.869s][info][gc] GC(2268) Concurrent Undo Cycle
[139.872s][info][gc] GC(2268) Concurrent Undo Cycle 2.940ms
[139.911s][info][gc] GC(2269) Pause Young (Concurrent Start) (G1 Humongous Allocation) 786M->32M(1744M) 1.106ms
[139.911s][info][gc] GC(2270) Concurrent Undo Cycle
[139.913s][info][gc] GC(2270) Concurrent Undo Cycle 1.556ms
[139.951s][info][gc] GC(2271) Pause Young (Concurrent Start) (G1 Humongous Allocation) 787M->32M(1744M) 1.164ms
[139.951s][info][gc] GC(2272) Concurrent Undo Cycle
[139.953s][info][gc] GC(2272) Concurrent Undo Cycle 2.605ms
[139.991s][info][gc] GC(2273) Pause Young (Concurrent Start) (G1 Humongous Allocation) 787M->33M(1744M) 1.072ms
[139.991s][info][gc] GC(2274) Concurrent Undo Cycle
[139.993s][info][gc] GC(2274) Concurrent Undo Cycle 1.578ms
[140.030s][info][gc] GC(2275) Pause Young (Concurrent Start) (G1 Humongous Allocation) 787M->33M(1744M) 1.427ms
[140.030s][info][gc] GC(2276) Concurrent Undo Cycle
[140.034s][info][gc] GC(2276) Concurrent Undo Cycle 3.630ms
[140.072s][info][gc] GC(2277) Pause Young (Concurrent Start) (G1 Humongous Allocation) 787M->33M(1744M) 1.392ms
[140.072s][info][gc] GC(2278) Concurrent Undo Cycle
[140.076s][info][gc] GC(2278) Concurrent Undo Cycle 3.447ms
[140.113s][info][gc] GC(2279) Pause Young (Concurrent Start) (G1 Humongous Allocation) 787M->33M(1744M) 1.485ms
[140.113s][info][gc] GC(2280) Concurrent Undo Cycle
[140.115s][info][gc] GC(2280) Concurrent Undo Cycle 2.180ms
[140.153s][info][gc] GC(2281) Pause Young (Concurrent Start) (G1 Humongous Allocation) 787M->33M(1744M) 1.152ms
[140.153s][info][gc] GC(2282) Concurrent Undo Cycle
[140.155s][info][gc] GC(2282) Concurrent Undo Cycle 2.214ms
[140.192s][info][gc] GC(2283) Pause Young (Concurrent Start) (G1 Humongous Allocation) 787M->33M(1744M) 1.406ms
[140.192s][info][gc] GC(2284) Concurrent Undo Cycle
[140.194s][info][gc] GC(2284) Concurrent Undo Cycle 2.209ms
[140.232s][info][gc] GC(2285) Pause Young (Concurrent Start) (G1 Humongous Allocation) 787M->33M(1744M) 1.251ms
[140.232s][info][gc] GC(2286) Concurrent Undo Cycle
[140.234s][info][gc] GC(2286) Concurrent Undo Cycle 1.743ms
[140.273s][info][gc] GC(2287) Pause Young (Concurrent Start) (G1 Humongous Allocation) 787M->33M(1744M) 1.043ms
[140.273s][info][gc] GC(2288) Concurrent Undo Cycle
[140.276s][info][gc] GC(2288) Concurrent Undo Cycle 2.192ms
[140.312s][info][gc] GC(2289) Pause Young (Concurrent Start) (G1 Humongous Allocation) 787M->33M(1744M) 1.290ms
[140.313s][info][gc] GC(2290) Concurrent Undo Cycle
[140.314s][info][gc] GC(2290) Concurrent Undo Cycle 1.683ms
[140.351s][info][gc] GC(2291) Pause Young (Concurrent Start) (G1 Humongous Allocation) 787M->33M(1744M) 1.073ms
[140.351s][info][gc] GC(2292) Concurrent Undo Cycle
[140.353s][info][gc] GC(2292) Concurrent Undo Cycle 1.509ms
[140.392s][info][gc] GC(2293) Pause Young (Concurrent Start) (G1 Humongous Allocation) 787M->33M(1744M) 1.140ms
[140.392s][info][gc] GC(2294) Concurrent Undo Cycle
[140.394s][info][gc] GC(2294) Concurrent Undo Cycle 1.497ms
[140.431s][info][gc] GC(2295) Pause Young (Concurrent Start) (G1 Humongous Allocation) 787M->33M(1744M) 1.197ms
[140.431s][info][gc] GC(2296) Concurrent Undo Cycle
[140.433s][info][gc] GC(2296) Concurrent Undo Cycle 1.573ms
[140.470s][info][gc] GC(2297) Pause Young (Concurrent Start) (G1 Humongous Allocation) 787M->33M(1744M) 1.365ms
[140.470s][info][gc] GC(2298) Concurrent Undo Cycle
[140.472s][info][gc] GC(2298) Concurrent Undo Cycle 1.541ms
[140.510s][info][gc] GC(2299) Pause Young (Concurrent Start) (G1 Humongous Allocation) 787M->33M(1744M) 1.284ms
[140.510s][info][gc] GC(2300) Concurrent Undo Cycle
[140.511s][info][gc] GC(2300) Concurrent Undo Cycle 1.477ms
[140.548s][info][gc] GC(2301) Pause Young (Concurrent Start) (G1 Humongous Allocation) 787M->33M(1744M) 1.215ms
[140.548s][info][gc] GC(2302) Concurrent Undo Cycle
[140.550s][info][gc] GC(2302) Concurrent Undo Cycle 1.568ms
[140.588s][info][gc] GC(2303) Pause Young (Concurrent Start) (G1 Humongous Allocation) 787M->33M(1744M) 1.601ms
[140.588s][info][gc] GC(2304) Concurrent Undo Cycle
[140.590s][info][gc] GC(2304) Concurrent Undo Cycle 2.376ms
[140.628s][info][gc] GC(2305) Pause Young (Concurrent Start) (G1 Humongous Allocation) 787M->33M(1744M) 1.251ms
[140.628s][info][gc] GC(2306) Concurrent Undo Cycle
[140.629s][info][gc] GC(2306) Concurrent Undo Cycle 1.603ms
[140.669s][info][gc] GC(2307) Pause Young (Concurrent Start) (G1 Humongous Allocation) 787M->33M(1744M) 1.878ms
[140.669s][info][gc] GC(2308) Concurrent Undo Cycle
[140.671s][info][gc] GC(2308) Concurrent Undo Cycle 2.271ms
[140.709s][info][gc] GC(2309) Pause Young (Concurrent Start) (G1 Humongous Allocation) 787M->33M(1744M) 1.266ms
[140.709s][info][gc] GC(2310) Concurrent Undo Cycle
[140.710s][info][gc] GC(2310) Concurrent Undo Cycle 1.775ms
[140.748s][info][gc] GC(2311) Pause Young (Concurrent Start) (G1 Humongous Allocation) 787M->33M(1744M) 1.499ms
[140.748s][info][gc] GC(2312) Concurrent Undo Cycle
[140.750s][info][gc] GC(2312) Concurrent Undo Cycle 1.905ms
[140.788s][info][gc] GC(2313) Pause Young (Concurrent Start) (G1 Humongous Allocation) 787M->33M(2000M) 2.225ms
[140.788s][info][gc] GC(2314) Concurrent Undo Cycle
[140.791s][info][gc] GC(2314) Concurrent Undo Cycle 2.919ms
[140.835s][info][gc] GC(2315) Pause Young (Concurrent Start) (G1 Humongous Allocation) 899M->33M(2000M) 1.229ms
[140.835s][info][gc] GC(2316) Concurrent Undo Cycle
[140.837s][info][gc] GC(2316) Concurrent Undo Cycle 1.831ms
[140.881s][info][gc] GC(2317) Pause Young (Concurrent Start) (G1 Humongous Allocation) 899M->33M(2000M) 1.415ms
[140.881s][info][gc] GC(2318) Concurrent Undo Cycle
[140.883s][info][gc] GC(2318) Concurrent Undo Cycle 1.735ms
[140.926s][info][gc] GC(2319) Pause Young (Concurrent Start) (G1 Humongous Allocation) 899M->33M(2000M) 1.244ms
[140.926s][info][gc] GC(2320) Concurrent Undo Cycle
[140.928s][info][gc] GC(2320) Concurrent Undo Cycle 1.753ms
[140.971s][info][gc] GC(2321) Pause Young (Concurrent Start) (G1 Humongous Allocation) 899M->33M(2000M) 1.316ms
[140.971s][info][gc] GC(2322) Concurrent Undo Cycle
[140.973s][info][gc] GC(2322) Concurrent Undo Cycle 1.883ms
[141.016s][info][gc] GC(2323) Pause Young (Concurrent Start) (G1 Humongous Allocation) 899M->33M(2000M) 1.314ms
[141.016s][info][gc] GC(2324) Concurrent Undo Cycle
[141.019s][info][gc] GC(2324) Concurrent Undo Cycle 2.794ms
[141.062s][info][gc] GC(2325) Pause Young (Concurrent Start) (G1 Humongous Allocation) 899M->33M(2000M) 1.183ms
[141.062s][info][gc] GC(2326) Concurrent Undo Cycle
[141.064s][info][gc] GC(2326) Concurrent Undo Cycle 2.548ms
[141.107s][info][gc] GC(2327) Pause Young (Concurrent Start) (G1 Humongous Allocation) 899M->33M(2000M) 1.305ms
[141.107s][info][gc] GC(2328) Concurrent Undo Cycle
[141.110s][info][gc] GC(2328) Concurrent Undo Cycle 2.567ms
[141.153s][info][gc] GC(2329) Pause Young (Concurrent Start) (G1 Humongous Allocation) 899M->33M(2000M) 1.232ms
[141.153s][info][gc] GC(2330) Concurrent Undo Cycle
[141.156s][info][gc] GC(2330) Concurrent Undo Cycle 2.558ms
[141.198s][info][gc] GC(2331) Pause Young (Concurrent Start) (G1 Humongous Allocation) 899M->33M(2000M) 1.213ms
[141.198s][info][gc] GC(2332) Concurrent Undo Cycle
[141.201s][info][gc] GC(2332) Concurrent Undo Cycle 2.586ms
[141.244s][info][gc] GC(2333) Pause Young (Concurrent Start) (G1 Humongous Allocation) 899M->33M(2000M) 1.093ms
[141.244s][info][gc] GC(2334) Concurrent Undo Cycle
[141.246s][info][gc] GC(2334) Concurrent Undo Cycle 1.680ms
[141.288s][info][gc] GC(2335) Pause Young (Concurrent Start) (G1 Humongous Allocation) 899M->33M(2000M) 1.118ms
[141.288s][info][gc] GC(2336) Concurrent Undo Cycle
[141.290s][info][gc] GC(2336) Concurrent Undo Cycle 1.852ms
[141.333s][info][gc] GC(2337) Pause Young (Concurrent Start) (G1 Humongous Allocation) 899M->33M(2000M) 1.401ms
[141.333s][info][gc] GC(2338) Concurrent Undo Cycle
[141.336s][info][gc] GC(2338) Concurrent Undo Cycle 2.541ms
[141.386s][info][gc] GC(2339) Pause Young (Concurrent Start) (G1 Humongous Allocation) 899M->33M(2000M) 1.507ms
[141.386s][info][gc] GC(2340) Concurrent Undo Cycle
[141.388s][info][gc] GC(2340) Concurrent Undo Cycle 1.753ms
[141.434s][info][gc] GC(2341) Pause Young (Concurrent Start) (G1 Humongous Allocation) 899M->33M(2000M) 1.187ms
[141.434s][info][gc] GC(2342) Concurrent Undo Cycle
[141.437s][info][gc] GC(2342) Concurrent Undo Cycle 3.319ms
[141.481s][info][gc] GC(2343) Pause Young (Concurrent Start) (G1 Humongous Allocation) 899M->33M(2000M) 1.231ms
[141.481s][info][gc] GC(2344) Concurrent Undo Cycle
[141.484s][info][gc] GC(2344) Concurrent Undo Cycle 2.808ms
[141.528s][info][gc] GC(2345) Pause Young (Concurrent Start) (G1 Humongous Allocation) 899M->33M(2000M) 1.236ms
[141.528s][info][gc] GC(2346) Concurrent Undo Cycle
[141.530s][info][gc] GC(2346) Concurrent Undo Cycle 1.832ms
[141.580s][info][gc] GC(2347) Pause Young (Concurrent Start) (G1 Humongous Allocation) 899M->33M(2000M) 1.293ms
[141.580s][info][gc] GC(2348) Concurrent Undo Cycle
[141.582s][info][gc] GC(2348) Concurrent Undo Cycle 2.744ms
[141.628s][info][gc] GC(2349) Pause Young (Concurrent Start) (G1 Humongous Allocation) 899M->33M(2000M) 1.406ms
[141.628s][info][gc] GC(2350) Concurrent Undo Cycle
[141.629s][info][gc] GC(2350) Concurrent Undo Cycle 1.736ms
[141.675s][info][gc] GC(2351) Pause Young (Concurrent Start) (G1 Humongous Allocation) 899M->33M(2000M) 1.232ms
[141.675s][info][gc] GC(2352) Concurrent Undo Cycle
[141.677s][info][gc] GC(2352) Concurrent Undo Cycle 2.664ms
[141.724s][info][gc] GC(2353) Pause Young (Concurrent Start) (G1 Humongous Allocation) 899M->33M(2000M) 1.420ms
[141.724s][info][gc] GC(2354) Concurrent Undo Cycle
[141.726s][info][gc] GC(2354) Concurrent Undo Cycle 1.942ms
[141.771s][info][gc] GC(2355) Pause Young (Concurrent Start) (G1 Humongous Allocation) 899M->33M(2000M) 1.200ms
[141.771s][info][gc] GC(2356) Concurrent Undo Cycle
[141.773s][info][gc] GC(2356) Concurrent Undo Cycle 1.833ms
[141.817s][info][gc] GC(2357) Pause Young (Concurrent Start) (G1 Humongous Allocation) 899M->33M(2000M) 1.263ms
[141.818s][info][gc] GC(2358) Concurrent Undo Cycle
[141.819s][info][gc] GC(2358) Concurrent Undo Cycle 1.907ms
[141.863s][info][gc] GC(2359) Pause Young (Concurrent Start) (G1 Humongous Allocation) 899M->33M(2000M) 1.521ms
[141.863s][info][gc] GC(2360) Concurrent Undo Cycle
[141.865s][info][gc] GC(2360) Concurrent Undo Cycle 1.839ms
[141.909s][info][gc] GC(2361) Pause Young (Concurrent Start) (G1 Humongous Allocation) 899M->33M(2000M) 1.388ms
[141.909s][info][gc] GC(2362) Concurrent Undo Cycle
[141.913s][info][gc] GC(2362) Concurrent Undo Cycle 4.103ms
[141.955s][info][gc] GC(2363) Pause Young (Concurrent Start) (G1 Humongous Allocation) 899M->33M(2000M) 1.319ms
[141.955s][info][gc] GC(2364) Concurrent Undo Cycle
[141.957s][info][gc] GC(2364) Concurrent Undo Cycle 1.740ms
[142.000s][info][gc] GC(2365) Pause Young (Concurrent Start) (G1 Humongous Allocation) 899M->33M(2000M) 1.164ms
[142.000s][info][gc] GC(2366) Concurrent Undo Cycle
[142.002s][info][gc] GC(2366) Concurrent Undo Cycle 1.787ms
[142.045s][info][gc] GC(2367) Pause Young (Concurrent Start) (G1 Humongous Allocation) 899M->33M(2000M) 1.385ms
[142.045s][info][gc] GC(2368) Concurrent Undo Cycle
[142.048s][info][gc] GC(2368) Concurrent Undo Cycle 2.665ms
[142.092s][info][gc] GC(2369) Pause Young (Concurrent Start) (G1 Humongous Allocation) 899M->33M(2000M) 1.614ms
[142.092s][info][gc] GC(2370) Concurrent Undo Cycle
[142.094s][info][gc] GC(2370) Concurrent Undo Cycle 2.080ms
[142.146s][info][gc] GC(2371) Pause Young (Concurrent Start) (G1 Humongous Allocation) 899M->33M(2000M) 1.518ms
[142.146s][info][gc] GC(2372) Concurrent Undo Cycle
[142.148s][info][gc] GC(2372) Concurrent Undo Cycle 1.833ms
[142.192s][info][gc] GC(2373) Pause Young (Concurrent Start) (G1 Humongous Allocation) 899M->33M(2000M) 1.153ms
[142.192s][info][gc] GC(2374) Concurrent Undo Cycle
[142.194s][info][gc] GC(2374) Concurrent Undo Cycle 1.718ms
[142.238s][info][gc] GC(2375) Pause Young (Concurrent Start) (G1 Humongous Allocation) 899M->33M(2000M) 1.112ms
[142.238s][info][gc] GC(2376) Concurrent Undo Cycle
[142.241s][info][gc] GC(2376) Concurrent Undo Cycle 2.550ms
[142.286s][info][gc] GC(2377) Pause Young (Concurrent Start) (G1 Humongous Allocation) 899M->33M(2000M) 1.331ms
[142.286s][info][gc] GC(2378) Concurrent Undo Cycle
[142.288s][info][gc] GC(2378) Concurrent Undo Cycle 1.774ms
[142.331s][info][gc] GC(2379) Pause Young (Concurrent Start) (G1 Humongous Allocation) 899M->33M(2000M) 1.330ms
[142.331s][info][gc] GC(2380) Concurrent Undo Cycle
[142.333s][info][gc] GC(2380) Concurrent Undo Cycle 1.719ms
[142.377s][info][gc] GC(2381) Pause Young (Concurrent Start) (G1 Humongous Allocation) 899M->33M(2000M) 1.586ms
[142.377s][info][gc] GC(2382) Concurrent Undo Cycle
[142.378s][info][gc] GC(2382) Concurrent Undo Cycle 1.698ms
[142.421s][info][gc] GC(2383) Pause Young (Concurrent Start) (G1 Humongous Allocation) 899M->33M(2000M) 1.066ms
[142.421s][info][gc] GC(2384) Concurrent Undo Cycle
[142.425s][info][gc] GC(2384) Concurrent Undo Cycle 3.369ms
[142.472s][info][gc] GC(2385) Pause Young (Concurrent Start) (G1 Humongous Allocation) 899M->33M(2000M) 1.239ms
[142.472s][info][gc] GC(2386) Concurrent Undo Cycle
[142.475s][info][gc] GC(2386) Concurrent Undo Cycle 2.611ms
[142.525s][info][gc] GC(2387) Pause Young (Concurrent Start) (G1 Humongous Allocation) 899M->33M(2000M) 1.302ms
[142.525s][info][gc] GC(2388) Concurrent Undo Cycle
[142.526s][info][gc] GC(2388) Concurrent Undo Cycle 1.782ms
[142.578s][info][gc] GC(2389) Pause Young (Concurrent Start) (G1 Humongous Allocation) 899M->33M(2000M) 1.186ms
[142.578s][info][gc] GC(2390) Concurrent Undo Cycle
[142.581s][info][gc] GC(2390) Concurrent Undo Cycle 2.519ms
[142.624s][info][gc] GC(2391) Pause Young (Concurrent Start) (G1 Humongous Allocation) 899M->33M(2000M) 1.181ms
[142.624s][info][gc] GC(2392) Concurrent Undo Cycle
[142.626s][info][gc] GC(2392) Concurrent Undo Cycle 1.745ms
[142.669s][info][gc] GC(2393) Pause Young (Concurrent Start) (G1 Humongous Allocation) 899M->33M(2000M) 1.112ms
[142.669s][info][gc] GC(2394) Concurrent Undo Cycle
[142.671s][info][gc] GC(2394) Concurrent Undo Cycle 2.055ms
[142.714s][info][gc] GC(2395) Pause Young (Concurrent Start) (G1 Humongous Allocation) 899M->33M(2000M) 1.151ms
[142.714s][info][gc] GC(2396) Concurrent Undo Cycle
[142.716s][info][gc] GC(2396) Concurrent Undo Cycle 1.728ms
[142.759s][info][gc] GC(2397) Pause Young (Concurrent Start) (G1 Humongous Allocation) 899M->33M(2000M) 1.625ms
[142.759s][info][gc] GC(2398) Concurrent Undo Cycle
[142.761s][info][gc] GC(2398) Concurrent Undo Cycle 2.067ms
[142.804s][info][gc] GC(2399) Pause Young (Concurrent Start) (G1 Humongous Allocation) 899M->33M(2000M) 1.290ms
[142.804s][info][gc] GC(2400) Concurrent Undo Cycle
[142.806s][info][gc] GC(2400) Concurrent Undo Cycle 1.954ms
[142.850s][info][gc] GC(2401) Pause Young (Concurrent Start) (G1 Humongous Allocation) 899M->33M(2000M) 1.350ms
[142.850s][info][gc] GC(2402) Concurrent Undo Cycle
[142.852s][info][gc] GC(2402) Concurrent Undo Cycle 1.730ms
[142.896s][info][gc] GC(2403) Pause Young (Concurrent Start) (G1 Humongous Allocation) 899M->33M(2000M) 1.322ms
[142.896s][info][gc] GC(2404) Concurrent Undo Cycle
[142.898s][info][gc] GC(2404) Concurrent Undo Cycle 1.756ms
[142.941s][info][gc] GC(2405) Pause Young (Concurrent Start) (G1 Humongous Allocation) 899M->33M(2000M) 1.472ms
[142.942s][info][gc] GC(2406) Concurrent Undo Cycle
[142.944s][info][gc] GC(2406) Concurrent Undo Cycle 2.058ms
[142.988s][info][gc] GC(2407) Pause Young (Concurrent Start) (G1 Humongous Allocation) 899M->33M(2000M) 1.097ms
[142.988s][info][gc] GC(2408) Concurrent Undo Cycle
[142.991s][info][gc] GC(2408) Concurrent Undo Cycle 2.908ms
[143.036s][info][gc] GC(2409) Pause Young (Concurrent Start) (G1 Humongous Allocation) 899M->33M(2000M) 1.124ms
[143.037s][info][gc] GC(2410) Concurrent Undo Cycle
[143.039s][info][gc] GC(2410) Concurrent Undo Cycle 2.840ms
[143.085s][info][gc] GC(2411) Pause Young (Concurrent Start) (G1 Humongous Allocation) 899M->33M(2000M) 1.147ms
[143.085s][info][gc] GC(2412) Concurrent Undo Cycle
[143.087s][info][gc] GC(2412) Concurrent Undo Cycle 2.589ms
[143.134s][info][gc] GC(2413) Pause Young (Concurrent Start) (G1 Humongous Allocation) 900M->33M(2000M) 1.188ms
[143.134s][info][gc] GC(2414) Concurrent Undo Cycle
[143.136s][info][gc] GC(2414) Concurrent Undo Cycle 1.757ms
[143.189s][info][gc] GC(2415) Pause Young (Concurrent Start) (G1 Humongous Allocation) 900M->34M(2000M) 1.197ms
[143.189s][info][gc] GC(2416) Concurrent Undo Cycle
[143.192s][info][gc] GC(2416) Concurrent Undo Cycle 2.433ms
[143.245s][info][gc] GC(2417) Pause Young (Concurrent Start) (G1 Humongous Allocation) 900M->34M(2000M) 1.227ms
[143.245s][info][gc] GC(2418) Concurrent Undo Cycle
[143.246s][info][gc] GC(2418) Concurrent Undo Cycle 1.703ms
[143.296s][info][gc] GC(2419) Pause Young (Concurrent Start) (G1 Humongous Allocation) 900M->34M(2000M) 1.353ms
[143.296s][info][gc] GC(2420) Concurrent Undo Cycle
[143.298s][info][gc] GC(2420) Concurrent Undo Cycle 1.882ms
[143.343s][info][gc] GC(2421) Pause Young (Concurrent Start) (G1 Humongous Allocation) 900M->34M(2000M) 1.171ms
[143.343s][info][gc] GC(2422) Concurrent Undo Cycle
[143.345s][info][gc] GC(2422) Concurrent Undo Cycle 1.885ms
[143.389s][info][gc] GC(2423) Pause Young (Concurrent Start) (G1 Humongous Allocation) 900M->34M(2000M) 1.335ms
[143.389s][info][gc] GC(2424) Concurrent Undo Cycle
[143.391s][info][gc] GC(2424) Concurrent Undo Cycle 2.028ms
[143.435s][info][gc] GC(2425) Pause Young (Concurrent Start) (G1 Humongous Allocation) 900M->34M(2000M) 1.406ms
[143.435s][info][gc] GC(2426) Concurrent Undo Cycle
[143.437s][info][gc] GC(2426) Concurrent Undo Cycle 1.802ms
[143.486s][info][gc] GC(2427) Pause Young (Concurrent Start) (G1 Humongous Allocation) 900M->34M(2000M) 1.321ms
[143.486s][info][gc] GC(2428) Concurrent Undo Cycle
[143.488s][info][gc] GC(2428) Concurrent Undo Cycle 2.070ms
[143.534s][info][gc] GC(2429) Pause Young (Concurrent Start) (G1 Humongous Allocation) 900M->34M(2000M) 1.396ms
[143.534s][info][gc] GC(2430) Concurrent Undo Cycle
[143.536s][info][gc] GC(2430) Concurrent Undo Cycle 1.760ms
[143.579s][info][gc] GC(2431) Pause Young (Concurrent Start) (G1 Humongous Allocation) 900M->34M(2000M) 1.403ms
[143.579s][info][gc] GC(2432) Concurrent Undo Cycle
[143.581s][info][gc] GC(2432) Concurrent Undo Cycle 2.015ms
[143.624s][info][gc] GC(2433) Pause Young (Concurrent Start) (G1 Humongous Allocation) 900M->34M(2000M) 1.138ms
[143.625s][info][gc] GC(2434) Concurrent Undo Cycle
[143.626s][info][gc] GC(2434) Concurrent Undo Cycle 1.733ms
[143.670s][info][gc] GC(2435) Pause Young (Concurrent Start) (G1 Humongous Allocation) 900M->34M(2000M) 1.122ms
[143.670s][info][gc] GC(2436) Concurrent Undo Cycle
[143.671s][info][gc] GC(2436) Concurrent Undo Cycle 1.770ms
[143.715s][info][gc] GC(2437) Pause Young (Concurrent Start) (G1 Humongous Allocation) 900M->34M(2000M) 1.227ms
[143.715s][info][gc] GC(2438) Concurrent Undo Cycle
[143.717s][info][gc] GC(2438) Concurrent Undo Cycle 1.761ms
[143.769s][info][gc] GC(2439) Pause Young (Concurrent Start) (G1 Humongous Allocation) 900M->34M(2000M) 1.302ms
[143.769s][info][gc] GC(2440) Concurrent Undo Cycle
[143.772s][info][gc] GC(2440) Concurrent Undo Cycle 2.900ms
[143.816s][info][gc] GC(2441) Pause Young (Concurrent Start) (G1 Humongous Allocation) 900M->34M(2000M) 1.237ms
[143.816s][info][gc] GC(2442) Concurrent Undo Cycle
[143.818s][info][gc] GC(2442) Concurrent Undo Cycle 1.890ms
[143.861s][info][gc] GC(2443) Pause Young (Concurrent Start) (G1 Humongous Allocation) 900M->34M(2000M) 1.250ms
[143.861s][info][gc] GC(2444) Concurrent Undo Cycle
[143.864s][info][gc] GC(2444) Concurrent Undo Cycle 2.589ms
[143.913s][info][gc] GC(2445) Pause Young (Concurrent Start) (G1 Humongous Allocation) 900M->34M(2000M) 1.381ms
[143.913s][info][gc] GC(2446) Concurrent Undo Cycle
[143.916s][info][gc] GC(2446) Concurrent Undo Cycle 2.936ms
[143.964s][info][gc] GC(2447) Pause Young (Concurrent Start) (G1 Humongous Allocation) 900M->34M(2000M) 1.190ms
[143.964s][info][gc] GC(2448) Concurrent Undo Cycle
[143.966s][info][gc] GC(2448) Concurrent Undo Cycle 2.195ms
[144.017s][info][gc] GC(2449) Pause Young (Concurrent Start) (G1 Humongous Allocation) 900M->34M(2000M) 1.306ms
[144.017s][info][gc] GC(2450) Concurrent Undo Cycle
[144.019s][info][gc] GC(2450) Concurrent Undo Cycle 2.363ms
[144.069s][info][gc] GC(2451) Pause Young (Concurrent Start) (G1 Humongous Allocation) 900M->34M(2000M) 1.220ms
[144.069s][info][gc] GC(2452) Concurrent Undo Cycle
[144.071s][info][gc] GC(2452) Concurrent Undo Cycle 1.719ms
[144.115s][info][gc] GC(2453) Pause Young (Concurrent Start) (G1 Humongous Allocation) 900M->34M(2000M) 1.263ms
[144.115s][info][gc] GC(2454) Concurrent Undo Cycle
[144.118s][info][gc] GC(2454) Concurrent Undo Cycle 2.639ms
[144.162s][info][gc] GC(2455) Pause Young (Concurrent Start) (G1 Humongous Allocation) 900M->34M(2000M) 1.467ms
[144.162s][info][gc] GC(2456) Concurrent Undo Cycle
[144.164s][info][gc] GC(2456) Concurrent Undo Cycle 1.738ms
[144.207s][info][gc] GC(2457) Pause Young (Concurrent Start) (G1 Humongous Allocation) 900M->34M(2000M) 1.304ms
[144.207s][info][gc] GC(2458) Concurrent Undo Cycle
[144.209s][info][gc] GC(2458) Concurrent Undo Cycle 1.751ms
[144.255s][info][gc] GC(2459) Pause Young (Concurrent Start) (G1 Humongous Allocation) 900M->34M(2000M) 1.371ms
[144.255s][info][gc] GC(2460) Concurrent Undo Cycle
[144.258s][info][gc] GC(2460) Concurrent Undo Cycle 3.404ms
[144.302s][info][gc] GC(2461) Pause Young (Concurrent Start) (G1 Humongous Allocation) 900M->34M(2000M) 1.447ms
[144.302s][info][gc] GC(2462) Concurrent Undo Cycle
[144.304s][info][gc] GC(2462) Concurrent Undo Cycle 1.788ms
[144.348s][info][gc] GC(2463) Pause Young (Concurrent Start) (G1 Humongous Allocation) 900M->34M(2000M) 1.354ms
[144.348s][info][gc] GC(2464) Concurrent Undo Cycle
[144.350s][info][gc] GC(2464) Concurrent Undo Cycle 2.096ms
[144.394s][info][gc] GC(2465) Pause Young (Concurrent Start) (G1 Humongous Allocation) 900M->34M(2000M) 1.332ms
[144.394s][info][gc] GC(2466) Concurrent Undo Cycle
[144.396s][info][gc] GC(2466) Concurrent Undo Cycle 1.731ms
[144.441s][info][gc] GC(2467) Pause Young (Concurrent Start) (G1 Humongous Allocation) 900M->34M(2000M) 1.357ms
[144.441s][info][gc] GC(2468) Concurrent Undo Cycle
[144.443s][info][gc] GC(2468) Concurrent Undo Cycle 2.616ms
[144.490s][info][gc] GC(2469) Pause Young (Concurrent Start) (G1 Humongous Allocation) 900M->34M(2000M) 1.271ms
[144.490s][info][gc] GC(2470) Concurrent Undo Cycle
[144.493s][info][gc] GC(2470) Concurrent Undo Cycle 2.580ms
[144.546s][info][gc] GC(2471) Pause Young (Concurrent Start) (G1 Humongous Allocation) 900M->34M(2000M) 1.471ms
[144.546s][info][gc] GC(2472) Concurrent Undo Cycle
[144.548s][info][gc] GC(2472) Concurrent Undo Cycle 2.061ms
[144.603s][info][gc] GC(2473) Pause Young (Concurrent Start) (G1 Humongous Allocation) 900M->34M(2000M) 1.239ms
[144.603s][info][gc] GC(2474) Concurrent Undo Cycle
[144.605s][info][gc] GC(2474) Concurrent Undo Cycle 1.789ms
[144.654s][info][gc] GC(2475) Pause Young (Concurrent Start) (G1 Humongous Allocation) 900M->34M(2000M) 1.152ms
[144.654s][info][gc] GC(2476) Concurrent Undo Cycle
[144.655s][info][gc] GC(2476) Concurrent Undo Cycle 1.767ms
[144.703s][info][gc] GC(2477) Pause Young (Concurrent Start) (G1 Humongous Allocation) 900M->34M(2000M) 1.180ms
[144.703s][info][gc] GC(2478) Concurrent Undo Cycle
[144.706s][info][gc] GC(2478) Concurrent Undo Cycle 2.513ms
[144.751s][info][gc] GC(2479) Pause Young (Concurrent Start) (G1 Humongous Allocation) 900M->34M(2000M) 1.085ms
[144.751s][info][gc] GC(2480) Concurrent Undo Cycle
[144.753s][info][gc] GC(2480) Concurrent Undo Cycle 1.935ms
[144.797s][info][gc] GC(2481) Pause Young (Concurrent Start) (G1 Humongous Allocation) 900M->34M(2000M) 1.326ms
[144.797s][info][gc] GC(2482) Concurrent Undo Cycle
[144.800s][info][gc] GC(2482) Concurrent Undo Cycle 2.560ms
[144.844s][info][gc] GC(2483) Pause Young (Concurrent Start) (G1 Humongous Allocation) 900M->34M(2000M) 1.218ms
[144.844s][info][gc] GC(2484) Concurrent Undo Cycle
[144.847s][info][gc] GC(2484) Concurrent Undo Cycle 2.575ms
[144.891s][info][gc] GC(2485) Pause Young (Concurrent Start) (G1 Humongous Allocation) 900M->34M(2000M) 1.277ms
[144.891s][info][gc] GC(2486) Concurrent Undo Cycle
[144.893s][info][gc] GC(2486) Concurrent Undo Cycle 2.562ms
[144.943s][info][gc] GC(2487) Pause Young (Concurrent Start) (G1 Humongous Allocation) 900M->34M(2000M) 1.262ms
[144.943s][info][gc] GC(2488) Concurrent Undo Cycle
[144.945s][info][gc] GC(2488) Concurrent Undo Cycle 1.722ms
[144.989s][info][gc] GC(2489) Pause Young (Concurrent Start) (G1 Humongous Allocation) 900M->34M(2000M) 1.267ms
[144.989s][info][gc] GC(2490) Concurrent Undo Cycle
[144.991s][info][gc] GC(2490) Concurrent Undo Cycle 2.473ms
[145.036s][info][gc] GC(2491) Pause Young (Concurrent Start) (G1 Humongous Allocation) 900M->34M(2000M) 1.083ms
[145.036s][info][gc] GC(2492) Concurrent Undo Cycle
[145.038s][info][gc] GC(2492) Concurrent Undo Cycle 1.786ms
[145.083s][info][gc] GC(2493) Pause Young (Concurrent Start) (G1 Humongous Allocation) 900M->34M(2000M) 1.097ms
[145.083s][info][gc] GC(2494) Concurrent Undo Cycle
[145.086s][info][gc] GC(2494) Concurrent Undo Cycle 2.652ms
[145.133s][info][gc] GC(2495) Pause Young (Concurrent Start) (G1 Humongous Allocation) 900M->34M(2000M) 1.082ms
[145.133s][info][gc] GC(2496) Concurrent Undo Cycle
[145.134s][info][gc] GC(2496) Concurrent Undo Cycle 1.730ms
[145.179s][info][gc] GC(2497) Pause Young (Concurrent Start) (G1 Humongous Allocation) 900M->34M(2000M) 1.359ms
[145.179s][info][gc] GC(2498) Concurrent Undo Cycle
[145.181s][info][gc] GC(2498) Concurrent Undo Cycle 2.561ms
[145.225s][info][gc] GC(2499) Pause Young (Concurrent Start) (G1 Humongous Allocation) 900M->34M(2000M) 1.270ms
[145.225s][info][gc] GC(2500) Concurrent Undo Cycle
[145.228s][info][gc] GC(2500) Concurrent Undo Cycle 2.562ms
[145.271s][info][gc] GC(2501) Pause Young (Concurrent Start) (G1 Humongous Allocation) 900M->34M(2000M) 1.224ms
[145.271s][info][gc] GC(2502) Concurrent Undo Cycle
[145.273s][info][gc] GC(2502) Concurrent Undo Cycle 1.907ms
[145.321s][info][gc] GC(2503) Pause Young (Concurrent Start) (G1 Humongous Allocation) 900M->34M(2000M) 1.201ms
[145.321s][info][gc] GC(2504) Concurrent Undo Cycle
[145.323s][info][gc] GC(2504) Concurrent Undo Cycle 1.583ms
[145.376s][info][gc] GC(2505) Pause Young (Concurrent Start) (G1 Humongous Allocation) 900M->34M(2000M) 1.215ms
[145.376s][info][gc] GC(2506) Concurrent Undo Cycle
[145.378s][info][gc] GC(2506) Concurrent Undo Cycle 1.802ms
[145.434s][info][gc] GC(2507) Pause Young (Concurrent Start) (G1 Humongous Allocation) 900M->34M(2000M) 1.242ms
[145.434s][info][gc] GC(2508) Concurrent Undo Cycle
[145.436s][info][gc] GC(2508) Concurrent Undo Cycle 2.735ms
[145.491s][info][gc] GC(2509) Pause Young (Concurrent Start) (G1 Humongous Allocation) 900M->34M(2000M) 1.465ms
[145.491s][info][gc] GC(2510) Concurrent Undo Cycle
[145.494s][info][gc] GC(2510) Concurrent Undo Cycle 3.111ms
[145.544s][info][gc] GC(2511) Pause Young (Concurrent Start) (G1 Humongous Allocation) 900M->34M(2000M) 1.611ms
[145.544s][info][gc] GC(2512) Concurrent Undo Cycle
[145.547s][info][gc] GC(2512) Concurrent Undo Cycle 3.093ms
[145.599s][info][gc] GC(2513) Pause Young (Concurrent Start) (G1 Humongous Allocation) 900M->34M(2000M) 1.553ms
[145.599s][info][gc] GC(2514) Concurrent Undo Cycle
[145.602s][info][gc] GC(2514) Concurrent Undo Cycle 2.633ms
[145.660s][info][gc] GC(2515) Pause Young (Concurrent Start) (G1 Humongous Allocation) 900M->34M(2000M) 1.327ms
[145.660s][info][gc] GC(2516) Concurrent Undo Cycle
[145.663s][info][gc] GC(2516) Concurrent Undo Cycle 2.583ms
[145.720s][info][gc] GC(2517) Pause Young (Concurrent Start) (G1 Humongous Allocation) 900M->34M(2000M) 1.221ms
[145.720s][info][gc] GC(2518) Concurrent Undo Cycle
[145.722s][info][gc] GC(2518) Concurrent Undo Cycle 1.617ms
[145.768s][info][gc] GC(2519) Pause Young (Concurrent Start) (G1 Humongous Allocation) 900M->34M(2000M) 1.274ms
[145.768s][info][gc] GC(2520) Concurrent Undo Cycle
[145.770s][info][gc] GC(2520) Concurrent Undo Cycle 2.239ms
[145.814s][info][gc] GC(2521) Pause Young (Concurrent Start) (G1 Humongous Allocation) 900M->34M(2000M) 1.216ms
[145.814s][info][gc] GC(2522) Concurrent Undo Cycle
[145.816s][info][gc] GC(2522) Concurrent Undo Cycle 1.810ms
[145.861s][info][gc] GC(2523) Pause Young (Concurrent Start) (G1 Humongous Allocation) 900M->34M(2000M) 1.205ms
[145.861s][info][gc] GC(2524) Concurrent Undo Cycle
[145.863s][info][gc] GC(2524) Concurrent Undo Cycle 1.769ms
[145.907s][info][gc] GC(2525) Pause Young (Concurrent Start) (G1 Humongous Allocation) 900M->34M(2000M) 1.113ms
[145.907s][info][gc] GC(2526) Concurrent Undo Cycle
[145.909s][info][gc] GC(2526) Concurrent Undo Cycle 1.706ms
[145.953s][info][gc] GC(2527) Pause Young (Concurrent Start) (G1 Humongous Allocation) 900M->34M(2000M) 1.254ms
[145.953s][info][gc] GC(2528) Concurrent Undo Cycle
[145.955s][info][gc] GC(2528) Concurrent Undo Cycle 2.576ms
[145.999s][info][gc] GC(2529) Pause Young (Concurrent Start) (G1 Humongous Allocation) 900M->34M(2000M) 1.282ms
[145.999s][info][gc] GC(2530) Concurrent Undo Cycle
[146.001s][info][gc] GC(2530) Concurrent Undo Cycle 2.544ms
[146.046s][info][gc] GC(2531) Pause Young (Concurrent Start) (G1 Humongous Allocation) 900M->34M(2000M) 1.407ms
[146.046s][info][gc] GC(2532) Concurrent Undo Cycle
[146.048s][info][gc] GC(2532) Concurrent Undo Cycle 1.759ms
[146.092s][info][gc] GC(2533) Pause Young (Concurrent Start) (G1 Humongous Allocation) 900M->34M(2000M) 1.233ms
[146.092s][info][gc] GC(2534) Concurrent Undo Cycle
[146.094s][info][gc] GC(2534) Concurrent Undo Cycle 1.851ms
[146.138s][info][gc] GC(2535) Pause Young (Concurrent Start) (G1 Humongous Allocation) 900M->34M(2000M) 1.263ms
[146.139s][info][gc] GC(2536) Concurrent Undo Cycle
[146.140s][info][gc] GC(2536) Concurrent Undo Cycle 1.958ms
[146.184s][info][gc] GC(2537) Pause Young (Concurrent Start) (G1 Humongous Allocation) 900M->34M(2000M) 1.345ms
[146.184s][info][gc] GC(2538) Concurrent Undo Cycle
[146.186s][info][gc] GC(2538) Concurrent Undo Cycle 2.090ms
[146.230s][info][gc] GC(2539) Pause Young (Concurrent Start) (G1 Humongous Allocation) 900M->34M(2000M) 1.355ms
[146.230s][info][gc] GC(2540) Concurrent Undo Cycle
[146.232s][info][gc] GC(2540) Concurrent Undo Cycle 1.760ms
[146.276s][info][gc] GC(2541) Pause Young (Concurrent Start) (G1 Humongous Allocation) 900M->34M(2000M) 1.427ms
[146.276s][info][gc] GC(2542) Concurrent Undo Cycle
[146.278s][info][gc] GC(2542) Concurrent Undo Cycle 1.755ms
[146.327s][info][gc] GC(2543) Pause Young (Concurrent Start) (G1 Humongous Allocation) 900M->34M(2000M) 1.302ms
[146.327s][info][gc] GC(2544) Concurrent Undo Cycle
[146.329s][info][gc] GC(2544) Concurrent Undo Cycle 2.111ms
[146.378s][info][gc] GC(2545) Pause Young (Concurrent Start) (G1 Humongous Allocation) 900M->34M(2000M) 1.193ms
[146.378s][info][gc] GC(2546) Concurrent Undo Cycle
[146.379s][info][gc] GC(2546) Concurrent Undo Cycle 1.713ms
[146.434s][info][gc] GC(2547) Pause Young (Concurrent Start) (G1 Humongous Allocation) 900M->34M(2000M) 1.254ms
[146.434s][info][gc] GC(2548) Concurrent Undo Cycle
[146.435s][info][gc] GC(2548) Concurrent Undo Cycle 1.770ms
[146.484s][info][gc] GC(2549) Pause Young (Concurrent Start) (G1 Humongous Allocation) 901M->35M(2000M) 1.117ms
[146.484s][info][gc] GC(2550) Concurrent Undo Cycle
[146.485s][info][gc] GC(2550) Concurrent Undo Cycle 1.793ms
[146.535s][info][gc] GC(2551) Pause Young (Concurrent Start) (G1 Humongous Allocation) 901M->35M(2000M) 1.146ms
[146.536s][info][gc] GC(2552) Concurrent Undo Cycle
[146.538s][info][gc] GC(2552) Concurrent Undo Cycle 2.865ms
[146.584s][info][gc] GC(2553) Pause Young (Concurrent Start) (G1 Humongous Allocation) 901M->35M(2000M) 1.296ms
[146.584s][info][gc] GC(2554) Concurrent Undo Cycle
[146.587s][info][gc] GC(2554) Concurrent Undo Cycle 2.090ms
[146.633s][info][gc] GC(2555) Pause Young (Concurrent Start) (G1 Humongous Allocation) 901M->35M(2000M) 1.228ms
[146.633s][info][gc] GC(2556) Concurrent Undo Cycle
[146.635s][info][gc] GC(2556) Concurrent Undo Cycle 1.809ms
[146.680s][info][gc] GC(2557) Pause Young (Concurrent Start) (G1 Humongous Allocation) 901M->35M(2000M) 1.059ms
[146.680s][info][gc] GC(2558) Concurrent Undo Cycle
[146.684s][info][gc] GC(2558) Concurrent Undo Cycle 3.329ms
[146.732s][info][gc] GC(2559) Pause Young (Concurrent Start) (G1 Humongous Allocation) 901M->35M(2000M) 1.236ms
[146.732s][info][gc] GC(2560) Concurrent Undo Cycle
[146.734s][info][gc] GC(2560) Concurrent Undo Cycle 1.744ms
[146.779s][info][gc] GC(2561) Pause Young (Concurrent Start) (G1 Humongous Allocation) 901M->35M(2000M) 1.034ms
[146.779s][info][gc] GC(2562) Concurrent Undo Cycle
[146.782s][info][gc] GC(2562) Concurrent Undo Cycle 2.723ms
[146.828s][info][gc] GC(2563) Pause Young (Concurrent Start) (G1 Humongous Allocation) 901M->35M(2000M) 1.114ms
[146.828s][info][gc] GC(2564) Concurrent Undo Cycle
[146.831s][info][gc] GC(2564) Concurrent Undo Cycle 2.648ms
[146.877s][info][gc] GC(2565) Pause Young (Concurrent Start) (G1 Humongous Allocation) 901M->35M(2000M) 1.190ms
[146.877s][info][gc] GC(2566) Concurrent Undo Cycle
[146.879s][info][gc] GC(2566) Concurrent Undo Cycle 1.802ms
[146.925s][info][gc] GC(2567) Pause Young (Concurrent Start) (G1 Humongous Allocation) 901M->35M(2000M) 1.151ms
[146.925s][info][gc] GC(2568) Concurrent Undo Cycle
[146.927s][info][gc] GC(2568) Concurrent Undo Cycle 1.776ms
[146.973s][info][gc] GC(2569) Pause Young (Concurrent Start) (G1 Humongous Allocation) 901M->35M(2000M) 1.061ms
[146.973s][info][gc] GC(2570) Concurrent Undo Cycle
[146.975s][info][gc] GC(2570) Concurrent Undo Cycle 2.569ms
[147.021s][info][gc] GC(2571) Pause Young (Concurrent Start) (G1 Humongous Allocation) 901M->35M(2000M) 1.207ms
[147.021s][info][gc] GC(2572) Concurrent Undo Cycle
[147.023s][info][gc] GC(2572) Concurrent Undo Cycle 2.589ms
[147.068s][info][gc] GC(2573) Pause Young (Concurrent Start) (G1 Humongous Allocation) 901M->35M(2000M) 1.199ms
[147.068s][info][gc] GC(2574) Concurrent Undo Cycle
[147.070s][info][gc] GC(2574) Concurrent Undo Cycle 2.030ms
[147.116s][info][gc] GC(2575) Pause Young (Concurrent Start) (G1 Humongous Allocation) 901M->35M(2000M) 1.409ms
[147.116s][info][gc] GC(2576) Concurrent Undo Cycle
[147.119s][info][gc] GC(2576) Concurrent Undo Cycle 2.623ms
[147.164s][info][gc] GC(2577) Pause Young (Concurrent Start) (G1 Humongous Allocation) 901M->35M(2000M) 1.077ms
[147.164s][info][gc] GC(2578) Concurrent Undo Cycle
[147.167s][info][gc] GC(2578) Concurrent Undo Cycle 2.598ms
[147.212s][info][gc] GC(2579) Pause Young (Concurrent Start) (G1 Humongous Allocation) 901M->35M(2000M) 1.311ms
[147.212s][info][gc] GC(2580) Concurrent Undo Cycle
[147.214s][info][gc] GC(2580) Concurrent Undo Cycle 1.757ms
[147.258s][info][gc] GC(2581) Pause Young (Concurrent Start) (G1 Humongous Allocation) 901M->35M(2000M) 1.251ms
[147.258s][info][gc] GC(2582) Concurrent Undo Cycle
[147.260s][info][gc] GC(2582) Concurrent Undo Cycle 1.765ms
[147.307s][info][gc] GC(2583) Pause Young (Concurrent Start) (G1 Humongous Allocation) 901M->35M(2000M) 1.286ms
[147.307s][info][gc] GC(2584) Concurrent Undo Cycle
[147.310s][info][gc] GC(2584) Concurrent Undo Cycle 2.671ms
[147.355s][info][gc] GC(2585) Pause Young (Concurrent Start) (G1 Humongous Allocation) 901M->35M(2000M) 1.320ms
[147.355s][info][gc] GC(2586) Concurrent Undo Cycle
[147.358s][info][gc] GC(2586) Concurrent Undo Cycle 2.584ms
[147.402s][info][gc] GC(2587) Pause Young (Concurrent Start) (G1 Humongous Allocation) 901M->35M(2000M) 1.172ms
[147.402s][info][gc] GC(2588) Concurrent Undo Cycle
[147.404s][info][gc] GC(2588) Concurrent Undo Cycle 2.033ms
[147.449s][info][gc] GC(2589) Pause Young (Concurrent Start) (G1 Humongous Allocation) 901M->35M(2000M) 1.199ms
[147.449s][info][gc] GC(2590) Concurrent Undo Cycle
[147.451s][info][gc] GC(2590) Concurrent Undo Cycle 1.792ms
[147.496s][info][gc] GC(2591) Pause Young (Concurrent Start) (G1 Humongous Allocation) 901M->35M(2000M) 1.075ms
[147.496s][info][gc] GC(2592) Concurrent Undo Cycle
[147.498s][info][gc] GC(2592) Concurrent Undo Cycle 1.765ms
[147.543s][info][gc] GC(2593) Pause Young (Concurrent Start) (G1 Humongous Allocation) 901M->35M(2000M) 1.477ms
[147.543s][info][gc] GC(2594) Concurrent Undo Cycle
[147.545s][info][gc] GC(2594) Concurrent Undo Cycle 2.620ms
[147.590s][info][gc] GC(2595) Pause Young (Concurrent Start) (G1 Humongous Allocation) 901M->35M(2000M) 1.257ms
[147.590s][info][gc] GC(2596) Concurrent Undo Cycle
[147.591s][info][gc] GC(2596) Concurrent Undo Cycle 1.738ms
[147.635s][info][gc] GC(2597) Pause Young (Concurrent Start) (G1 Humongous Allocation) 901M->35M(2000M) 1.377ms
[147.636s][info][gc] GC(2598) Concurrent Undo Cycle
[147.639s][info][gc] GC(2598) Concurrent Undo Cycle 3.482ms
[147.683s][info][gc] GC(2599) Pause Young (Concurrent Start) (G1 Humongous Allocation) 901M->35M(2000M) 1.422ms
[147.683s][info][gc] GC(2600) Concurrent Undo Cycle
[147.685s][info][gc] GC(2600) Concurrent Undo Cycle 1.771ms
[147.730s][info][gc] GC(2601) Pause Young (Concurrent Start) (G1 Humongous Allocation) 901M->35M(2000M) 1.266ms
[147.730s][info][gc] GC(2602) Concurrent Undo Cycle
[147.732s][info][gc] GC(2602) Concurrent Undo Cycle 1.839ms
[147.776s][info][gc] GC(2603) Pause Young (Concurrent Start) (G1 Humongous Allocation) 901M->35M(2000M) 1.189ms
[147.776s][info][gc] GC(2604) Concurrent Undo Cycle
[147.778s][info][gc] GC(2604) Concurrent Undo Cycle 1.757ms
[147.823s][info][gc] GC(2605) Pause Young (Concurrent Start) (G1 Humongous Allocation) 901M->35M(2000M) 1.682ms
[147.823s][info][gc] GC(2606) Concurrent Undo Cycle
[147.827s][info][gc] GC(2606) Concurrent Undo Cycle 4.482ms
[147.876s][info][gc] GC(2607) Pause Young (Concurrent Start) (G1 Humongous Allocation) 901M->35M(2000M) 1.189ms
[147.876s][info][gc] GC(2608) Concurrent Undo Cycle
[147.878s][info][gc] GC(2608) Concurrent Undo Cycle 1.786ms
[147.922s][info][gc] GC(2609) Pause Young (Concurrent Start) (G1 Humongous Allocation) 901M->35M(2000M) 1.310ms
[147.922s][info][gc] GC(2610) Concurrent Undo Cycle
[147.926s][info][gc] GC(2610) Concurrent Undo Cycle 3.600ms
[147.970s][info][gc] GC(2611) Pause Young (Concurrent Start) (G1 Humongous Allocation) 901M->35M(2000M) 1.187ms
[147.970s][info][gc] GC(2612) Concurrent Undo Cycle
[147.973s][info][gc] GC(2612) Concurrent Undo Cycle 2.563ms
[148.017s][info][gc] GC(2613) Pause Young (Concurrent Start) (G1 Humongous Allocation) 901M->35M(2000M) 1.192ms
[148.017s][info][gc] GC(2614) Concurrent Undo Cycle
[148.019s][info][gc] GC(2614) Concurrent Undo Cycle 2.025ms
[148.063s][info][gc] GC(2615) Pause Young (Concurrent Start) (G1 Humongous Allocation) 901M->35M(2000M) 1.211ms
[148.063s][info][gc] GC(2616) Concurrent Undo Cycle
[148.065s][info][gc] GC(2616) Concurrent Undo Cycle 1.750ms
[148.109s][info][gc] GC(2617) Pause Young (Concurrent Start) (G1 Humongous Allocation) 901M->35M(2000M) 1.207ms
[148.109s][info][gc] GC(2618) Concurrent Undo Cycle
[148.113s][info][gc] GC(2618) Concurrent Undo Cycle 4.060ms
[148.158s][info][gc] GC(2619) Pause Young (Concurrent Start) (G1 Humongous Allocation) 901M->35M(2000M) 1.175ms
[148.158s][info][gc] GC(2620) Concurrent Undo Cycle
[148.160s][info][gc] GC(2620) Concurrent Undo Cycle 1.785ms
[148.204s][info][gc] GC(2621) Pause Young (Concurrent Start) (G1 Humongous Allocation) 901M->35M(2000M) 1.182ms
[148.204s][info][gc] GC(2622) Concurrent Undo Cycle
[148.205s][info][gc] GC(2622) Concurrent Undo Cycle 1.777ms
[148.250s][info][gc] GC(2623) Pause Young (Concurrent Start) (G1 Humongous Allocation) 901M->35M(2000M) 1.403ms
[148.250s][info][gc] GC(2624) Concurrent Undo Cycle
[148.252s][info][gc] GC(2624) Concurrent Undo Cycle 2.520ms
[148.296s][info][gc] GC(2625) Pause Young (Concurrent Start) (G1 Humongous Allocation) 901M->35M(2000M) 1.676ms
[148.296s][info][gc] GC(2626) Concurrent Undo Cycle
[148.298s][info][gc] GC(2626) Concurrent Undo Cycle 1.810ms
[148.343s][info][gc] GC(2627) Pause Young (Concurrent Start) (G1 Humongous Allocation) 901M->35M(2000M) 1.528ms
[148.343s][info][gc] GC(2628) Concurrent Undo Cycle
[148.346s][info][gc] GC(2628) Concurrent Undo Cycle 2.548ms
[148.390s][info][gc] GC(2629) Pause Young (Concurrent Start) (G1 Humongous Allocation) 901M->35M(2000M) 1.098ms
[148.390s][info][gc] GC(2630) Concurrent Undo Cycle
[148.392s][info][gc] GC(2630) Concurrent Undo Cycle 1.725ms
[148.438s][info][gc] GC(2631) Pause Young (Concurrent Start) (G1 Humongous Allocation) 901M->35M(2000M) 1.355ms
[148.438s][info][gc] GC(2632) Concurrent Undo Cycle
[148.441s][info][gc] GC(2632) Concurrent Undo Cycle 2.564ms
[148.485s][info][gc] GC(2633) Pause Young (Concurrent Start) (G1 Humongous Allocation) 901M->35M(2000M) 1.191ms
[148.485s][info][gc] GC(2634) Concurrent Undo Cycle
[148.487s][info][gc] GC(2634) Concurrent Undo Cycle 1.712ms
[148.531s][info][gc] GC(2635) Pause Young (Concurrent Start) (G1 Humongous Allocation) 901M->35M(2000M) 1.091ms
[148.531s][info][gc] GC(2636) Concurrent Undo Cycle
[148.533s][info][gc] GC(2636) Concurrent Undo Cycle 1.661ms
[148.578s][info][gc] GC(2637) Pause Young (Concurrent Start) (G1 Humongous Allocation) 901M->35M(2000M) 1.116ms
[148.578s][info][gc] GC(2638) Concurrent Undo Cycle
[148.579s][info][gc] GC(2638) Concurrent Undo Cycle 1.731ms
[148.626s][info][gc] GC(2639) Pause Young (Concurrent Start) (G1 Humongous Allocation) 901M->35M(2000M) 1.231ms
[148.626s][info][gc] GC(2640) Concurrent Undo Cycle
[148.628s][info][gc] GC(2640) Concurrent Undo Cycle 1.987ms
[148.672s][info][gc] GC(2641) Pause Young (Concurrent Start) (G1 Humongous Allocation) 901M->35M(2000M) 1.392ms
[148.672s][info][gc] GC(2642) Concurrent Undo Cycle
[148.675s][info][gc] GC(2642) Concurrent Undo Cycle 2.588ms
[148.719s][info][gc] GC(2643) Pause Young (Concurrent Start) (G1 Humongous Allocation) 901M->35M(2000M) 1.343ms
[148.719s][info][gc] GC(2644) Concurrent Undo Cycle
[148.722s][info][gc] GC(2644) Concurrent Undo Cycle 2.526ms
[148.766s][info][gc] GC(2645) Pause Young (Concurrent Start) (G1 Humongous Allocation) 901M->35M(2000M) 1.266ms
[148.766s][info][gc] GC(2646) Concurrent Undo Cycle
[148.768s][info][gc] GC(2646) Concurrent Undo Cycle 1.760ms
[148.818s][info][gc] GC(2647) Pause Young (Concurrent Start) (G1 Humongous Allocation) 901M->35M(2000M) 1.106ms
[148.818s][info][gc] GC(2648) Concurrent Undo Cycle
[148.820s][info][gc] GC(2648) Concurrent Undo Cycle 1.622ms
[148.870s][info][gc] GC(2649) Pause Young (Concurrent Start) (G1 Humongous Allocation) 901M->35M(2000M) 1.063ms
[148.870s][info][gc] GC(2650) Concurrent Undo Cycle
[148.871s][info][gc] GC(2650) Concurrent Undo Cycle 1.712ms
[148.926s][info][gc] GC(2651) Pause Young (Concurrent Start) (G1 Humongous Allocation) 901M->35M(2000M) 1.236ms
[148.926s][info][gc] GC(2652) Concurrent Undo Cycle
[148.927s][info][gc] GC(2652) Concurrent Undo Cycle 1.781ms
[148.982s][info][gc] GC(2653) Pause Young (Concurrent Start) (G1 Humongous Allocation) 901M->35M(2000M) 1.198ms
[148.982s][info][gc] GC(2654) Concurrent Undo Cycle
[148.985s][info][gc] GC(2654) Concurrent Undo Cycle 2.657ms
[149.029s][info][gc] GC(2655) Pause Young (Concurrent Start) (G1 Humongous Allocation) 901M->35M(2000M) 1.140ms
[149.029s][info][gc] GC(2656) Concurrent Undo Cycle
[149.032s][info][gc] GC(2656) Concurrent Undo Cycle 2.393ms
[149.076s][info][gc] GC(2657) Pause Young (Concurrent Start) (G1 Humongous Allocation) 901M->35M(2000M) 1.329ms
[149.077s][info][gc] GC(2658) Concurrent Undo Cycle
[149.078s][info][gc] GC(2658) Concurrent Undo Cycle 1.671ms
[149.124s][info][gc] GC(2659) Pause Young (Concurrent Start) (G1 Humongous Allocation) 901M->35M(2000M) 1.243ms
[149.124s][info][gc] GC(2660) Concurrent Undo Cycle
[149.125s][info][gc] GC(2660) Concurrent Undo Cycle 1.753ms
[149.170s][info][gc] GC(2661) Pause Young (Concurrent Start) (G1 Humongous Allocation) 901M->35M(2000M) 1.454ms
[149.170s][info][gc] GC(2662) Concurrent Undo Cycle
[149.173s][info][gc] GC(2662) Concurrent Undo Cycle 2.543ms
[149.217s][info][gc] GC(2663) Pause Young (Concurrent Start) (G1 Humongous Allocation) 901M->35M(2000M) 1.475ms
[149.217s][info][gc] GC(2664) Concurrent Undo Cycle
[149.221s][info][gc] GC(2664) Concurrent Undo Cycle 4.323ms
[149.266s][info][gc] GC(2665) Pause Young (Concurrent Start) (G1 Humongous Allocation) 901M->35M(2000M) 1.259ms
[149.266s][info][gc] GC(2666) Concurrent Undo Cycle
[149.268s][info][gc] GC(2666) Concurrent Undo Cycle 2.512ms
[149.315s][info][gc] GC(2667) Pause Young (Concurrent Start) (G1 Humongous Allocation) 901M->35M(2000M) 1.191ms
[149.315s][info][gc] GC(2668) Concurrent Undo Cycle
[149.316s][info][gc] GC(2668) Concurrent Undo Cycle 1.769ms
[149.368s][info][gc] GC(2669) Pause Young (Concurrent Start) (G1 Humongous Allocation) 901M->35M(2000M) 1.112ms
[149.368s][info][gc] GC(2670) Concurrent Undo Cycle
[149.370s][info][gc] GC(2670) Concurrent Undo Cycle 1.697ms
[149.417s][info][gc] GC(2671) Pause Young (Concurrent Start) (G1 Humongous Allocation) 901M->35M(2000M) 1.106ms
[149.417s][info][gc] GC(2672) Concurrent Undo Cycle
[149.420s][info][gc] GC(2672) Concurrent Undo Cycle 2.555ms
[149.470s][info][gc] GC(2673) Pause Young (Concurrent Start) (G1 Humongous Allocation) 901M->35M(2000M) 1.158ms
[149.470s][info][gc] GC(2674) Concurrent Undo Cycle
[149.472s][info][gc] GC(2674) Concurrent Undo Cycle 1.816ms
[149.517s][info][gc] GC(2675) Pause Young (Concurrent Start) (G1 Humongous Allocation) 901M->35M(2000M) 1.314ms
[149.517s][info][gc] GC(2676) Concurrent Undo Cycle
[149.519s][info][gc] GC(2676) Concurrent Undo Cycle 1.944ms
[149.563s][info][gc] GC(2677) Pause Young (Concurrent Start) (G1 Humongous Allocation) 901M->35M(2000M) 1.239ms
[149.564s][info][gc] GC(2678) Concurrent Undo Cycle
[149.566s][info][gc] GC(2678) Concurrent Undo Cycle 2.589ms
[149.611s][info][gc] GC(2679) Pause Young (Concurrent Start) (G1 Humongous Allocation) 901M->35M(2000M) 1.302ms
[149.611s][info][gc] GC(2680) Concurrent Undo Cycle
[149.613s][info][gc] GC(2680) Concurrent Undo Cycle 2.018ms
[149.657s][info][gc] GC(2681) Pause Young (Concurrent Start) (G1 Humongous Allocation) 901M->35M(2000M) 1.699ms
[149.657s][info][gc] GC(2682) Concurrent Undo Cycle
[149.659s][info][gc] GC(2682) Concurrent Undo Cycle 1.732ms
[149.703s][info][gc] GC(2683) Pause Young (Concurrent Start) (G1 Humongous Allocation) 901M->35M(2000M) 1.649ms
[149.703s][info][gc] GC(2684) Concurrent Undo Cycle
[149.706s][info][gc] GC(2684) Concurrent Undo Cycle 3.043ms
[149.751s][info][gc] GC(2685) Pause Young (Concurrent Start) (G1 Humongous Allocation) 901M->35M(2000M) 1.829ms
[149.751s][info][gc] GC(2686) Concurrent Undo Cycle
[149.754s][info][gc] GC(2686) Concurrent Undo Cycle 2.401ms
[149.799s][info][gc] GC(2687) Pause Young (Concurrent Start) (G1 Humongous Allocation) 901M->35M(2000M) 1.422ms
[149.799s][info][gc] GC(2688) Concurrent Undo Cycle
[149.804s][info][gc] GC(2688) Concurrent Undo Cycle 4.706ms
[149.854s][info][gc] GC(2689) Pause Young (Concurrent Start) (G1 Humongous Allocation) 902M->36M(2000M) 1.387ms
[149.854s][info][gc] GC(2690) Concurrent Undo Cycle
[149.856s][info][gc] GC(2690) Concurrent Undo Cycle 1.727ms
[149.902s][info][gc] GC(2691) Pause Young (Concurrent Start) (G1 Humongous Allocation) 902M->36M(2000M) 1.306ms
[149.902s][info][gc] GC(2692) Concurrent Undo Cycle
[149.904s][info][gc] GC(2692) Concurrent Undo Cycle 2.527ms
[149.949s][info][gc] GC(2693) Pause Young (Concurrent Start) (G1 Humongous Allocation) 902M->36M(2000M) 1.261ms
[149.949s][info][gc] GC(2694) Concurrent Undo Cycle
[149.951s][info][gc] GC(2694) Concurrent Undo Cycle 1.798ms
[149.997s][info][gc] GC(2695) Pause Young (Concurrent Start) (G1 Humongous Allocation) 902M->36M(2000M) 1.271ms
[149.997s][info][gc] GC(2696) Concurrent Undo Cycle
[149.999s][info][gc] GC(2696) Concurrent Undo Cycle 1.960ms
[150.044s][info][gc] GC(2697) Pause Young (Concurrent Start) (G1 Humongous Allocation) 902M->36M(2000M) 1.290ms
[150.044s][info][gc] GC(2698) Concurrent Undo Cycle
[150.046s][info][gc] GC(2698) Concurrent Undo Cycle 1.797ms
[150.090s][info][gc] GC(2699) Pause Young (Concurrent Start) (G1 Humongous Allocation) 902M->36M(2000M) 1.270ms
[150.090s][info][gc] GC(2700) Concurrent Undo Cycle
[150.092s][info][gc] GC(2700) Concurrent Undo Cycle 1.767ms
[150.137s][info][gc] GC(2701) Pause Young (Concurrent Start) (G1 Humongous Allocation) 902M->36M(2000M) 1.315ms
[150.137s][info][gc] GC(2702) Concurrent Undo Cycle
[150.140s][info][gc] GC(2702) Concurrent Undo Cycle 2.552ms
[150.185s][info][gc] GC(2703) Pause Young (Concurrent Start) (G1 Humongous Allocation) 902M->36M(2000M) 1.107ms
[150.185s][info][gc] GC(2704) Concurrent Undo Cycle
[150.186s][info][gc] GC(2704) Concurrent Undo Cycle 1.722ms
[150.231s][info][gc] GC(2705) Pause Young (Concurrent Start) (G1 Humongous Allocation) 902M->36M(2000M) 1.205ms
[150.231s][info][gc] GC(2706) Concurrent Undo Cycle
[150.233s][info][gc] GC(2706) Concurrent Undo Cycle 1.763ms
[150.277s][info][gc] GC(2707) Pause Young (Concurrent Start) (G1 Humongous Allocation) 902M->36M(2000M) 1.308ms
[150.278s][info][gc] GC(2708) Concurrent Undo Cycle
[150.280s][info][gc] GC(2708) Concurrent Undo Cycle 2.086ms
[150.324s][info][gc] GC(2709) Pause Young (Concurrent Start) (G1 Humongous Allocation) 902M->36M(2000M) 1.412ms
[150.324s][info][gc] GC(2710) Concurrent Undo Cycle
[150.325s][info][gc] GC(2710) Concurrent Undo Cycle 1.867ms
[150.370s][info][gc] GC(2711) Pause Young (Concurrent Start) (G1 Humongous Allocation) 902M->36M(2000M) 1.291ms
[150.370s][info][gc] GC(2712) Concurrent Undo Cycle
[150.372s][info][gc] GC(2712) Concurrent Undo Cycle 1.800ms
[150.417s][info][gc] GC(2713) Pause Young (Concurrent Start) (G1 Humongous Allocation) 902M->36M(2000M) 1.140ms
[150.417s][info][gc] GC(2714) Concurrent Undo Cycle
[150.419s][info][gc] GC(2714) Concurrent Undo Cycle 1.748ms
[150.463s][info][gc] GC(2715) Pause Young (Concurrent Start) (G1 Humongous Allocation) 902M->36M(2000M) 1.281ms
[150.463s][info][gc] GC(2716) Concurrent Undo Cycle
[150.466s][info][gc] GC(2716) Concurrent Undo Cycle 2.573ms
[150.510s][info][gc] GC(2717) Pause Young (Concurrent Start) (G1 Humongous Allocation) 894M->32M(2000M) 1.363ms
[150.510s][info][gc] GC(2718) Concurrent Undo Cycle
[150.513s][info][gc] GC(2718) Concurrent Undo Cycle 2.580ms
[150.557s][info][gc] GC(2719) Pause Young (Concurrent Start) (G1 Humongous Allocation) 898M->32M(2000M) 1.226ms
[150.557s][info][gc] GC(2720) Concurrent Undo Cycle
[150.559s][info][gc] GC(2720) Concurrent Undo Cycle 2.021ms
[150.604s][info][gc] GC(2721) Pause Young (Concurrent Start) (G1 Humongous Allocation) 898M->32M(2000M) 1.396ms
[150.604s][info][gc] GC(2722) Concurrent Undo Cycle
[150.606s][info][gc] GC(2722) Concurrent Undo Cycle 2.018ms
[150.650s][info][gc] GC(2723) Pause Young (Concurrent Start) (G1 Humongous Allocation) 898M->32M(2000M) 1.321ms
[150.650s][info][gc] GC(2724) Concurrent Undo Cycle
[150.655s][info][gc] GC(2724) Concurrent Undo Cycle 4.338ms
[150.699s][info][gc] GC(2725) Pause Young (Concurrent Start) (G1 Humongous Allocation) 898M->32M(2000M) 1.240ms
[150.699s][info][gc] GC(2726) Concurrent Undo Cycle
[150.702s][info][gc] GC(2726) Concurrent Undo Cycle 2.576ms
[150.747s][info][gc] GC(2727) Pause Young (Concurrent Start) (G1 Humongous Allocation) 898M->32M(2000M) 1.263ms
[150.747s][info][gc] GC(2728) Concurrent Undo Cycle
[150.748s][info][gc] GC(2728) Concurrent Undo Cycle 1.730ms
[150.794s][info][gc] GC(2729) Pause Young (Concurrent Start) (G1 Humongous Allocation) 898M->32M(2000M) 1.288ms
[150.794s][info][gc] GC(2730) Concurrent Undo Cycle
[150.796s][info][gc] GC(2730) Concurrent Undo Cycle 2.577ms
[150.842s][info][gc] GC(2731) Pause Young (Concurrent Start) (G1 Humongous Allocation) 898M->32M(2000M) 1.448ms
[150.842s][info][gc] GC(2732) Concurrent Undo Cycle
[150.844s][info][gc] GC(2732) Concurrent Undo Cycle 1.801ms
[150.888s][info][gc] GC(2733) Pause Young (Concurrent Start) (G1 Humongous Allocation) 898M->32M(2000M) 1.344ms
[150.888s][info][gc] GC(2734) Concurrent Undo Cycle
[150.890s][info][gc] GC(2734) Concurrent Undo Cycle 1.755ms
[150.936s][info][gc] GC(2735) Pause Young (Concurrent Start) (G1 Humongous Allocation) 898M->32M(2000M) 1.382ms
[150.936s][info][gc] GC(2736) Concurrent Undo Cycle
[150.938s][info][gc] GC(2736) Concurrent Undo Cycle 1.626ms
[150.983s][info][gc] GC(2737) Pause Young (Concurrent Start) (G1 Humongous Allocation) 898M->32M(2000M) 1.273ms
[150.983s][info][gc] GC(2738) Concurrent Undo Cycle
[150.985s][info][gc] GC(2738) Concurrent Undo Cycle 1.708ms
[151.029s][info][gc] GC(2739) Pause Young (Concurrent Start) (G1 Humongous Allocation) 898M->32M(2000M) 1.412ms
[151.029s][info][gc] GC(2740) Concurrent Undo Cycle
[151.031s][info][gc] GC(2740) Concurrent Undo Cycle 1.791ms
[151.075s][info][gc] GC(2741) Pause Young (Concurrent Start) (G1 Humongous Allocation) 898M->32M(2000M) 1.236ms
[151.075s][info][gc] GC(2742) Concurrent Undo Cycle
[151.078s][info][gc] GC(2742) Concurrent Undo Cycle 2.692ms
[151.123s][info][gc] GC(2743) Pause Young (Concurrent Start) (G1 Humongous Allocation) 898M->32M(2000M) 1.402ms
[151.124s][info][gc] GC(2744) Concurrent Undo Cycle
[151.126s][info][gc] GC(2744) Concurrent Undo Cycle 2.646ms
[151.172s][info][gc] GC(2745) Pause Young (Concurrent Start) (G1 Humongous Allocation) 898M->32M(2000M) 1.366ms
[151.173s][info][gc] GC(2746) Concurrent Undo Cycle
[151.175s][info][gc] GC(2746) Concurrent Undo Cycle 2.418ms
[151.221s][info][gc] GC(2747) Pause Young (Concurrent Start) (G1 Humongous Allocation) 898M->32M(2000M) 1.416ms
[151.221s][info][gc] GC(2748) Concurrent Undo Cycle
[151.223s][info][gc] GC(2748) Concurrent Undo Cycle 1.859ms
[151.268s][info][gc] GC(2749) Pause Young (Concurrent Start) (G1 Humongous Allocation) 898M->32M(2000M) 1.282ms
[151.268s][info][gc] GC(2750) Concurrent Undo Cycle
[151.270s][info][gc] GC(2750) Concurrent Undo Cycle 1.966ms
[151.315s][info][gc] GC(2751) Pause Young (Concurrent Start) (G1 Humongous Allocation) 898M->32M(2000M) 1.166ms
[151.315s][info][gc] GC(2752) Concurrent Undo Cycle
[151.317s][info][gc] GC(2752) Concurrent Undo Cycle 1.830ms
[151.362s][info][gc] GC(2753) Pause Young (Concurrent Start) (G1 Humongous Allocation) 898M->32M(2000M) 1.233ms
[151.363s][info][gc] GC(2754) Concurrent Undo Cycle
[151.365s][info][gc] GC(2754) Concurrent Undo Cycle 2.618ms
[151.412s][info][gc] GC(2755) Pause Young (Concurrent Start) (G1 Humongous Allocation) 898M->32M(2000M) 1.331ms
[151.412s][info][gc] GC(2756) Concurrent Undo Cycle
[151.413s][info][gc] GC(2756) Concurrent Undo Cycle 1.666ms
[151.458s][info][gc] GC(2757) Pause Young (Concurrent Start) (G1 Humongous Allocation) 898M->32M(2000M) 1.361ms
[151.458s][info][gc] GC(2758) Concurrent Undo Cycle
[151.461s][info][gc] GC(2758) Concurrent Undo Cycle 2.451ms
[151.505s][info][gc] GC(2759) Pause Young (Concurrent Start) (G1 Humongous Allocation) 898M->32M(2000M) 1.312ms
[151.505s][info][gc] GC(2760) Concurrent Undo Cycle
[151.508s][info][gc] GC(2760) Concurrent Undo Cycle 2.122ms
[151.552s][info][gc] GC(2761) Pause Young (Concurrent Start) (G1 Humongous Allocation) 898M->32M(2000M) 1.318ms
[151.552s][info][gc] GC(2762) Concurrent Undo Cycle
[151.554s][info][gc] GC(2762) Concurrent Undo Cycle 1.833ms
[151.598s][info][gc] GC(2763) Pause Young (Concurrent Start) (G1 Humongous Allocation) 898M->32M(2000M) 1.202ms
[151.598s][info][gc] GC(2764) Concurrent Undo Cycle
[151.600s][info][gc] GC(2764) Concurrent Undo Cycle 1.746ms
[151.650s][info][gc] GC(2765) Pause Young (Concurrent Start) (G1 Humongous Allocation) 898M->32M(2000M) 1.309ms
[151.650s][info][gc] GC(2766) Concurrent Undo Cycle
[151.652s][info][gc] GC(2766) Concurrent Undo Cycle 1.870ms
[151.697s][info][gc] GC(2767) Pause Young (Concurrent Start) (G1 Humongous Allocation) 898M->32M(2000M) 1.329ms
[151.697s][info][gc] GC(2768) Concurrent Undo Cycle
[151.700s][info][gc] GC(2768) Concurrent Undo Cycle 2.526ms
[151.744s][info][gc] GC(2769) Pause Young (Concurrent Start) (G1 Humongous Allocation) 898M->32M(2000M) 1.279ms
[151.744s][info][gc] GC(2770) Concurrent Undo Cycle
[151.746s][info][gc] GC(2770) Concurrent Undo Cycle 1.969ms
[151.791s][info][gc] GC(2771) Pause Young (Concurrent Start) (G1 Humongous Allocation) 898M->32M(2000M) 1.253ms
[151.791s][info][gc] GC(2772) Concurrent Undo Cycle
[151.792s][info][gc] GC(2772) Concurrent Undo Cycle 1.724ms
[151.837s][info][gc] GC(2773) Pause Young (Concurrent Start) (G1 Humongous Allocation) 898M->32M(2000M) 1.365ms
[151.837s][info][gc] GC(2774) Concurrent Undo Cycle
[151.840s][info][gc] GC(2774) Concurrent Undo Cycle 2.621ms
[151.885s][info][gc] GC(2775) Pause Young (Concurrent Start) (G1 Humongous Allocation) 898M->32M(2000M) 1.226ms
[151.885s][info][gc] GC(2776) Concurrent Undo Cycle
[151.887s][info][gc] GC(2776) Concurrent Undo Cycle 1.986ms
[151.932s][info][gc] GC(2777) Pause Young (Concurrent Start) (G1 Humongous Allocation) 898M->32M(2000M) 1.221ms
[151.932s][info][gc] GC(2778) Concurrent Undo Cycle
[151.934s][info][gc] GC(2778) Concurrent Undo Cycle 1.685ms
[151.980s][info][gc] GC(2779) Pause Young (Concurrent Start) (G1 Humongous Allocation) 898M->32M(2000M) 1.340ms
[151.981s][info][gc] GC(2780) Concurrent Undo Cycle
[151.982s][info][gc] GC(2780) Concurrent Undo Cycle 1.706ms
[152.028s][info][gc] GC(2781) Pause Young (Concurrent Start) (G1 Humongous Allocation) 898M->32M(2000M) 1.290ms
[152.028s][info][gc] GC(2782) Concurrent Undo Cycle
[152.030s][info][gc] GC(2782) Concurrent Undo Cycle 2.467ms
[152.075s][info][gc] GC(2783) Pause Young (Concurrent Start) (G1 Humongous Allocation) 898M->32M(2000M) 1.311ms
[152.075s][info][gc] GC(2784) Concurrent Undo Cycle
[152.077s][info][gc] GC(2784) Concurrent Undo Cycle 2.540ms
[152.124s][info][gc] GC(2785) Pause Young (Concurrent Start) (G1 Humongous Allocation) 898M->32M(2000M) 1.100ms
[152.124s][info][gc] GC(2786) Concurrent Undo Cycle
[152.126s][info][gc] GC(2786) Concurrent Undo Cycle 2.617ms
[152.174s][info][gc] GC(2787) Pause Young (Concurrent Start) (G1 Humongous Allocation) 898M->32M(2000M) 1.045ms
[152.174s][info][gc] GC(2788) Concurrent Undo Cycle
[152.176s][info][gc] GC(2788) Concurrent Undo Cycle 1.770ms
[152.223s][info][gc] GC(2789) Pause Young (Concurrent Start) (G1 Humongous Allocation) 898M->32M(2000M) 1.135ms
[152.223s][info][gc] GC(2790) Concurrent Undo Cycle
[152.225s][info][gc] GC(2790) Concurrent Undo Cycle 1.700ms
[152.272s][info][gc] GC(2791) Pause Young (Concurrent Start) (G1 Humongous Allocation) 898M->32M(2000M) 1.149ms
[152.272s][info][gc] GC(2792) Concurrent Undo Cycle
[152.274s][info][gc] GC(2792) Concurrent Undo Cycle 2.124ms
[152.323s][info][gc] GC(2793) Pause Young (Concurrent Start) (G1 Humongous Allocation) 898M->32M(2000M) 1.285ms
[152.323s][info][gc] GC(2794) Concurrent Undo Cycle
[152.325s][info][gc] GC(2794) Concurrent Undo Cycle 1.763ms
[152.374s][info][gc] GC(2795) Pause Young (Concurrent Start) (G1 Humongous Allocation) 898M->32M(2000M) 1.043ms
[152.374s][info][gc] GC(2796) Concurrent Undo Cycle
[152.377s][info][gc] GC(2796) Concurrent Undo Cycle 2.611ms
[152.427s][info][gc] GC(2797) Pause Young (Concurrent Start) (G1 Humongous Allocation) 898M->32M(2000M) 1.018ms
[152.427s][info][gc] GC(2798) Concurrent Undo Cycle
[152.430s][info][gc] GC(2798) Concurrent Undo Cycle 2.649ms
[152.477s][info][gc] GC(2799) Pause Young (Concurrent Start) (G1 Humongous Allocation) 898M->32M(2000M) 1.044ms
[152.477s][info][gc] GC(2800) Concurrent Undo Cycle
[152.479s][info][gc] GC(2800) Concurrent Undo Cycle 1.785ms
[152.526s][info][gc] GC(2801) Pause Young (Concurrent Start) (G1 Humongous Allocation) 898M->32M(2000M) 1.174ms
[152.526s][info][gc] GC(2802) Concurrent Undo Cycle
[152.528s][info][gc] GC(2802) Concurrent Undo Cycle 1.777ms
[152.574s][info][gc] GC(2803) Pause Young (Concurrent Start) (G1 Humongous Allocation) 898M->32M(2000M) 1.318ms
[152.574s][info][gc] GC(2804) Concurrent Undo Cycle
[152.576s][info][gc] GC(2804) Concurrent Undo Cycle 2.557ms
[152.621s][info][gc] GC(2805) Pause Young (Concurrent Start) (G1 Humongous Allocation) 898M->32M(2000M) 1.234ms
[152.621s][info][gc] GC(2806) Concurrent Undo Cycle
[152.624s][info][gc] GC(2806) Concurrent Undo Cycle 2.733ms
[152.669s][info][gc] GC(2807) Pause Young (Concurrent Start) (G1 Humongous Allocation) 898M->32M(2000M) 1.311ms
[152.669s][info][gc] GC(2808) Concurrent Undo Cycle
[152.671s][info][gc] GC(2808) Concurrent Undo Cycle 2.049ms
[152.716s][info][gc] GC(2809) Pause Young (Concurrent Start) (G1 Humongous Allocation) 898M->32M(2000M) 1.335ms
[152.716s][info][gc] GC(2810) Concurrent Undo Cycle
[152.718s][info][gc] GC(2810) Concurrent Undo Cycle 1.737ms
[152.765s][info][gc] GC(2811) Pause Young (Concurrent Start) (G1 Humongous Allocation) 898M->32M(2000M) 1.271ms
[152.765s][info][gc] GC(2812) Concurrent Undo Cycle
[152.767s][info][gc] GC(2812) Concurrent Undo Cycle 1.728ms
[152.812s][info][gc] GC(2813) Pause Young (Concurrent Start) (G1 Humongous Allocation) 898M->32M(2000M) 1.174ms
[152.813s][info][gc] GC(2814) Concurrent Undo Cycle
[152.815s][info][gc] GC(2814) Concurrent Undo Cycle 2.009ms
[152.862s][info][gc] GC(2815) Pause Young (Concurrent Start) (G1 Humongous Allocation) 898M->32M(2000M) 1.408ms
[152.862s][info][gc] GC(2816) Concurrent Undo Cycle
[152.864s][info][gc] GC(2816) Concurrent Undo Cycle 1.780ms
[152.911s][info][gc] GC(2817) Pause Young (Concurrent Start) (G1 Humongous Allocation) 898M->32M(2000M) 1.743ms
[152.911s][info][gc] GC(2818) Concurrent Undo Cycle
[152.913s][info][gc] GC(2818) Concurrent Undo Cycle 2.100ms
[152.959s][info][gc] GC(2819) Pause Young (Concurrent Start) (G1 Humongous Allocation) 898M->32M(2000M) 1.296ms
[152.959s][info][gc] GC(2820) Concurrent Undo Cycle
[152.961s][info][gc] GC(2820) Concurrent Undo Cycle 1.784ms
[153.007s][info][gc] GC(2821) Pause Young (Concurrent Start) (G1 Humongous Allocation) 898M->32M(2000M) 1.332ms
[153.007s][info][gc] GC(2822) Concurrent Undo Cycle
[153.009s][info][gc] GC(2822) Concurrent Undo Cycle 1.681ms
[153.056s][info][gc] GC(2823) Pause Young (Concurrent Start) (G1 Humongous Allocation) 899M->32M(2000M) 1.123ms
[153.056s][info][gc] GC(2824) Concurrent Undo Cycle
[153.059s][info][gc] GC(2824) Concurrent Undo Cycle 3.614ms
[153.106s][info][gc] GC(2825) Pause Young (Concurrent Start) (G1 Humongous Allocation) 899M->33M(2000M) 1.250ms
[153.106s][info][gc] GC(2826) Concurrent Undo Cycle
[153.109s][info][gc] GC(2826) Concurrent Undo Cycle 2.806ms
[153.155s][info][gc] GC(2827) Pause Young (Concurrent Start) (G1 Humongous Allocation) 899M->33M(2000M) 1.123ms
[153.155s][info][gc] GC(2828) Concurrent Undo Cycle
[153.158s][info][gc] GC(2828) Concurrent Undo Cycle 2.938ms
[153.205s][info][gc] GC(2829) Pause Young (Concurrent Start) (G1 Humongous Allocation) 899M->33M(2000M) 1.359ms
[153.205s][info][gc] GC(2830) Concurrent Undo Cycle
[153.208s][info][gc] GC(2830) Concurrent Undo Cycle 2.735ms
[153.258s][info][gc] GC(2831) Pause Young (Concurrent Start) (G1 Humongous Allocation) 899M->33M(2000M) 1.317ms
[153.258s][info][gc] GC(2832) Concurrent Undo Cycle
[153.260s][info][gc] GC(2832) Concurrent Undo Cycle 1.938ms
[153.307s][info][gc] GC(2833) Pause Young (Concurrent Start) (G1 Humongous Allocation) 899M->33M(2000M) 1.635ms
[153.307s][info][gc] GC(2834) Concurrent Undo Cycle
[153.312s][info][gc] GC(2834) Concurrent Undo Cycle 4.332ms
[153.360s][info][gc] GC(2835) Pause Young (Concurrent Start) (G1 Humongous Allocation) 899M->33M(2000M) 1.425ms
[153.360s][info][gc] GC(2836) Concurrent Undo Cycle
[153.363s][info][gc] GC(2836) Concurrent Undo Cycle 2.675ms
[153.409s][info][gc] GC(2837) Pause Young (Concurrent Start) (G1 Humongous Allocation) 899M->33M(2000M) 1.226ms
[153.409s][info][gc] GC(2838) Concurrent Undo Cycle
[153.411s][info][gc] GC(2838) Concurrent Undo Cycle 1.768ms
[153.464s][info][gc] GC(2839) Pause Young (Concurrent Start) (G1 Humongous Allocation) 899M->33M(2000M) 1.137ms
[153.464s][info][gc] GC(2840) Concurrent Undo Cycle
[153.467s][info][gc] GC(2840) Concurrent Undo Cycle 2.530ms
[153.514s][info][gc] GC(2841) Pause Young (Concurrent Start) (G1 Humongous Allocation) 899M->33M(2000M) 1.324ms
[153.514s][info][gc] GC(2842) Concurrent Undo Cycle
[153.517s][info][gc] GC(2842) Concurrent Undo Cycle 2.799ms
[153.563s][info][gc] GC(2843) Pause Young (Concurrent Start) (G1 Humongous Allocation) 899M->33M(2000M) 1.458ms
[153.563s][info][gc] GC(2844) Concurrent Undo Cycle
[153.566s][info][gc] GC(2844) Concurrent Undo Cycle 2.849ms
[153.624s][info][gc] GC(2845) Pause Young (Concurrent Start) (G1 Humongous Allocation) 899M->33M(2000M) 1.105ms
[153.624s][info][gc] GC(2846) Concurrent Undo Cycle
[153.627s][info][gc] GC(2846) Concurrent Undo Cycle 2.232ms
[153.677s][info][gc] GC(2847) Pause Young (Concurrent Start) (G1 Humongous Allocation) 899M->33M(2000M) 1.040ms
[153.677s][info][gc] GC(2848) Concurrent Undo Cycle
[153.679s][info][gc] GC(2848) Concurrent Undo Cycle 1.711ms
[153.730s][info][gc] GC(2849) Pause Young (Concurrent Start) (G1 Humongous Allocation) 899M->33M(2000M) 1.016ms
[153.730s][info][gc] GC(2850) Concurrent Undo Cycle
[153.733s][info][gc] GC(2850) Concurrent Undo Cycle 2.710ms
[153.784s][info][gc] GC(2851) Pause Young (Concurrent Start) (G1 Humongous Allocation) 899M->33M(2000M) 1.192ms
[153.784s][info][gc] GC(2852) Concurrent Undo Cycle
[153.785s][info][gc] GC(2852) Concurrent Undo Cycle 1.700ms
[153.836s][info][gc] GC(2853) Pause Young (Concurrent Start) (G1 Humongous Allocation) 899M->33M(2000M) 1.134ms
[153.836s][info][gc] GC(2854) Concurrent Undo Cycle
[153.839s][info][gc] GC(2854) Concurrent Undo Cycle 2.519ms
[153.884s][info][gc] GC(2855) Pause Young (Concurrent Start) (G1 Humongous Allocation) 899M->33M(2000M) 1.174ms
[153.884s][info][gc] GC(2856) Concurrent Undo Cycle
[153.886s][info][gc] GC(2856) Concurrent Undo Cycle 2.046ms
[153.938s][info][gc] GC(2857) Pause Young (Concurrent Start) (G1 Humongous Allocation) 899M->33M(2000M) 1.123ms
[153.938s][info][gc] GC(2858) Concurrent Undo Cycle
[153.940s][info][gc] GC(2858) Concurrent Undo Cycle 2.073ms
[153.989s][info][gc] GC(2859) Pause Young (Concurrent Start) (G1 Humongous Allocation) 899M->33M(2000M) 1.076ms
[153.989s][info][gc] GC(2860) Concurrent Undo Cycle
[153.991s][info][gc] GC(2860) Concurrent Undo Cycle 2.096ms
[154.040s][info][gc] GC(2861) Pause Young (Concurrent Start) (G1 Humongous Allocation) 899M->33M(2000M) 1.272ms
[154.040s][info][gc] GC(2862) Concurrent Undo Cycle
[154.043s][info][gc] GC(2862) Concurrent Undo Cycle 2.670ms
[154.091s][info][gc] GC(2863) Pause Young (Concurrent Start) (G1 Humongous Allocation) 899M->33M(2000M) 1.405ms
[154.091s][info][gc] GC(2864) Concurrent Undo Cycle
[154.094s][info][gc] GC(2864) Concurrent Undo Cycle 2.579ms
[154.140s][info][gc] GC(2865) Pause Young (Concurrent Start) (G1 Humongous Allocation) 899M->33M(2000M) 1.535ms
[154.140s][info][gc] GC(2866) Concurrent Undo Cycle
[154.142s][info][gc] GC(2866) Concurrent Undo Cycle 1.935ms
[154.188s][info][gc] GC(2867) Pause Young (Concurrent Start) (G1 Humongous Allocation) 899M->33M(2000M) 1.198ms
[154.189s][info][gc] GC(2868) Concurrent Undo Cycle
[154.191s][info][gc] GC(2868) Concurrent Undo Cycle 2.000ms
[154.237s][info][gc] GC(2869) Pause Young (Concurrent Start) (G1 Humongous Allocation) 899M->33M(2000M) 1.431ms
[154.237s][info][gc] GC(2870) Concurrent Undo Cycle
[154.239s][info][gc] GC(2870) Concurrent Undo Cycle 1.688ms
[154.285s][info][gc] GC(2871) Pause Young (Concurrent Start) (G1 Humongous Allocation) 899M->33M(2000M) 1.348ms
[154.285s][info][gc] GC(2872) Concurrent Undo Cycle
[154.287s][info][gc] GC(2872) Concurrent Undo Cycle 1.691ms
[154.332s][info][gc] GC(2873) Pause Young (Concurrent Start) (G1 Humongous Allocation) 899M->33M(2000M) 1.346ms
[154.332s][info][gc] GC(2874) Concurrent Undo Cycle
[154.335s][info][gc] GC(2874) Concurrent Undo Cycle 2.526ms
[154.380s][info][gc] GC(2875) Pause Young (Concurrent Start) (G1 Humongous Allocation) 899M->33M(2000M) 1.228ms
[154.380s][info][gc] GC(2876) Concurrent Undo Cycle
[154.383s][info][gc] GC(2876) Concurrent Undo Cycle 2.548ms
[154.428s][info][gc] GC(2877) Pause Young (Concurrent Start) (G1 Humongous Allocation) 899M->33M(2000M) 1.220ms
[154.428s][info][gc] GC(2878) Concurrent Undo Cycle
[154.430s][info][gc] GC(2878) Concurrent Undo Cycle 2.502ms
[154.475s][info][gc] GC(2879) Pause Young (Concurrent Start) (G1 Humongous Allocation) 899M->33M(2000M) 1.307ms
[154.475s][info][gc] GC(2880) Concurrent Undo Cycle
[154.477s][info][gc] GC(2880) Concurrent Undo Cycle 1.754ms
[154.522s][info][gc] GC(2881) Pause Young (Concurrent Start) (G1 Humongous Allocation) 899M->33M(2000M) 1.234ms
[154.522s][info][gc] GC(2882) Concurrent Undo Cycle
[154.524s][info][gc] GC(2882) Concurrent Undo Cycle 1.952ms
[154.570s][info][gc] GC(2883) Pause Young (Concurrent Start) (G1 Humongous Allocation) 899M->33M(2000M) 1.129ms
[154.570s][info][gc] GC(2884) Concurrent Undo Cycle
[154.572s][info][gc] GC(2884) Concurrent Undo Cycle 1.885ms
[154.617s][info][gc] GC(2885) Pause Young (Concurrent Start) (G1 Humongous Allocation) 899M->33M(2000M) 1.176ms
[154.617s][info][gc] GC(2886) Concurrent Undo Cycle
[154.619s][info][gc] GC(2886) Concurrent Undo Cycle 1.867ms
[154.665s][info][gc] GC(2887) Pause Young (Concurrent Start) (G1 Humongous Allocation) 899M->33M(2000M) 1.200ms
[154.665s][info][gc] GC(2888) Concurrent Undo Cycle
[154.667s][info][gc] GC(2888) Concurrent Undo Cycle 1.895ms
[154.712s][info][gc] GC(2889) Pause Young (Concurrent Start) (G1 Humongous Allocation) 899M->33M(2000M) 1.159ms
[154.712s][info][gc] GC(2890) Concurrent Undo Cycle
[154.715s][info][gc] GC(2890) Concurrent Undo Cycle 2.855ms
[154.768s][info][gc] GC(2891) Pause Young (Concurrent Start) (G1 Humongous Allocation) 899M->33M(2000M) 1.224ms
[154.768s][info][gc] GC(2892) Concurrent Undo Cycle
[154.770s][info][gc] GC(2892) Concurrent Undo Cycle 1.887ms
[154.818s][info][gc] GC(2893) Pause Young (Concurrent Start) (G1 Humongous Allocation) 899M->33M(2000M) 1.331ms
[154.818s][info][gc] GC(2894) Concurrent Undo Cycle
[154.820s][info][gc] GC(2894) Concurrent Undo Cycle 1.901ms
[154.871s][info][gc] GC(2895) Pause Young (Concurrent Start) (G1 Humongous Allocation) 899M->33M(2000M) 1.152ms
[154.871s][info][gc] GC(2896) Concurrent Undo Cycle
[154.872s][info][gc] GC(2896) Concurrent Undo Cycle 1.793ms
[154.918s][info][gc] GC(2897) Pause Young (Concurrent Start) (G1 Humongous Allocation) 899M->33M(2000M) 1.159ms
[154.918s][info][gc] GC(2898) Concurrent Undo Cycle
[154.921s][info][gc] GC(2898) Concurrent Undo Cycle 2.575ms
[154.970s][info][gc] GC(2899) Pause Young (Concurrent Start) (G1 Humongous Allocation) 899M->33M(2000M) 1.157ms
[154.970s][info][gc] GC(2900) Concurrent Undo Cycle
[154.973s][info][gc] GC(2900) Concurrent Undo Cycle 2.920ms
[155.023s][info][gc] GC(2901) Pause Young (Concurrent Start) (G1 Humongous Allocation) 899M->33M(2000M) 1.450ms
[155.023s][info][gc] GC(2902) Concurrent Undo Cycle
[155.026s][info][gc] GC(2902) Concurrent Undo Cycle 2.652ms
[155.077s][info][gc] GC(2903) Pause Young (Concurrent Start) (G1 Humongous Allocation) 899M->33M(2000M) 1.233ms
[155.077s][info][gc] GC(2904) Concurrent Undo Cycle
[155.080s][info][gc] GC(2904) Concurrent Undo Cycle 2.582ms
[155.129s][info][gc] GC(2905) Pause Young (Concurrent Start) (G1 Humongous Allocation) 899M->33M(2000M) 1.197ms
[155.129s][info][gc] GC(2906) Concurrent Undo Cycle
[155.131s][info][gc] GC(2906) Concurrent Undo Cycle 2.219ms
[155.183s][info][gc] GC(2907) Pause Young (Concurrent Start) (G1 Humongous Allocation) 899M->33M(2000M) 1.324ms
[155.183s][info][gc] GC(2908) Concurrent Undo Cycle
[155.186s][info][gc] GC(2908) Concurrent Undo Cycle 3.191ms
[155.233s][info][gc] GC(2909) Pause Young (Concurrent Start) (G1 Humongous Allocation) 899M->33M(2000M) 1.268ms
[155.233s][info][gc] GC(2910) Concurrent Undo Cycle
[155.235s][info][gc] GC(2910) Concurrent Undo Cycle 1.742ms
[155.281s][info][gc] GC(2911) Pause Young (Concurrent Start) (G1 Humongous Allocation) 899M->33M(2000M) 1.066ms
[155.281s][info][gc] GC(2912) Concurrent Undo Cycle
[155.284s][info][gc] GC(2912) Concurrent Undo Cycle 2.352ms
[155.330s][info][gc] GC(2913) Pause Young (Concurrent Start) (G1 Humongous Allocation) 899M->33M(2000M) 1.088ms
[155.330s][info][gc] GC(2914) Concurrent Undo Cycle
[155.332s][info][gc] GC(2914) Concurrent Undo Cycle 2.687ms
[155.385s][info][gc] GC(2915) Pause Young (Concurrent Start) (G1 Humongous Allocation) 899M->33M(2000M) 1.594ms
[155.385s][info][gc] GC(2916) Concurrent Undo Cycle
[155.387s][info][gc] GC(2916) Concurrent Undo Cycle 2.185ms
[155.436s][info][gc] GC(2917) Pause Young (Concurrent Start) (G1 Humongous Allocation) 899M->33M(2000M) 1.214ms
[155.436s][info][gc] GC(2918) Concurrent Undo Cycle
[155.438s][info][gc] GC(2918) Concurrent Undo Cycle 1.674ms
[155.486s][info][gc] GC(2919) Pause Young (Concurrent Start) (G1 Humongous Allocation) 899M->33M(2000M) 1.077ms
[155.486s][info][gc] GC(2920) Concurrent Undo Cycle
[155.487s][info][gc] GC(2920) Concurrent Undo Cycle 1.675ms
[155.542s][info][gc] GC(2921) Pause Young (Concurrent Start) (G1 Humongous Allocation) 899M->33M(2000M) 1.389ms
[155.542s][info][gc] GC(2922) Concurrent Undo Cycle
[155.544s][info][gc] GC(2922) Concurrent Undo Cycle 2.732ms
[155.600s][info][gc] GC(2923) Pause Young (Concurrent Start) (G1 Humongous Allocation) 899M->33M(2000M) 1.402ms
[155.600s][info][gc] GC(2924) Concurrent Undo Cycle
[155.602s][info][gc] GC(2924) Concurrent Undo Cycle 2.781ms
[155.652s][info][gc] GC(2925) Pause Young (Concurrent Start) (G1 Humongous Allocation) 899M->33M(2000M) 1.147ms
[155.652s][info][gc] GC(2926) Concurrent Undo Cycle
[155.654s][info][gc] GC(2926) Concurrent Undo Cycle 1.829ms
[155.712s][info][gc] GC(2927) Pause Young (Concurrent Start) (G1 Humongous Allocation) 899M->33M(2000M) 1.270ms
[155.712s][info][gc] GC(2928) Concurrent Undo Cycle
[155.715s][info][gc] GC(2928) Concurrent Undo Cycle 2.636ms
[155.769s][info][gc] GC(2929) Pause Young (Concurrent Start) (G1 Humongous Allocation) 899M->33M(2000M) 2.051ms
[155.769s][info][gc] GC(2930) Concurrent Undo Cycle
[155.772s][info][gc] GC(2930) Concurrent Undo Cycle 2.657ms
[155.818s][info][gc] GC(2931) Pause Young (Concurrent Start) (G1 Humongous Allocation) 899M->33M(2000M) 1.240ms
[155.818s][info][gc] GC(2932) Concurrent Undo Cycle
[155.820s][info][gc] GC(2932) Concurrent Undo Cycle 2.599ms
[155.871s][info][gc] GC(2933) Pause Young (Concurrent Start) (G1 Humongous Allocation) 899M->33M(2000M) 1.265ms
[155.871s][info][gc] GC(2934) Concurrent Undo Cycle
[155.873s][info][gc] GC(2934) Concurrent Undo Cycle 1.769ms
[155.927s][info][gc] GC(2935) Pause Young (Concurrent Start) (G1 Humongous Allocation) 899M->33M(2000M) 1.233ms
[155.927s][info][gc] GC(2936) Concurrent Undo Cycle
[155.929s][info][gc] GC(2936) Concurrent Undo Cycle 1.862ms
[155.978s][info][gc] GC(2937) Pause Young (Concurrent Start) (G1 Humongous Allocation) 899M->33M(2000M) 1.223ms
[155.978s][info][gc] GC(2938) Concurrent Undo Cycle
[155.980s][info][gc] GC(2938) Concurrent Undo Cycle 1.780ms
[156.037s][info][gc] GC(2939) Pause Young (Concurrent Start) (G1 Humongous Allocation) 899M->33M(2000M) 1.090ms
[156.037s][info][gc] GC(2940) Concurrent Undo Cycle
[156.039s][info][gc] GC(2940) Concurrent Undo Cycle 1.726ms
[156.085s][info][gc] GC(2941) Pause Young (Concurrent Start) (G1 Humongous Allocation) 899M->33M(2000M) 1.263ms
[156.085s][info][gc] GC(2942) Concurrent Undo Cycle
[156.088s][info][gc] GC(2942) Concurrent Undo Cycle 2.638ms
[156.136s][info][gc] GC(2943) Pause Young (Concurrent Start) (G1 Humongous Allocation) 899M->33M(2000M) 0.781ms
[156.136s][info][gc] GC(2944) Concurrent Undo Cycle
[156.138s][info][gc] GC(2944) Concurrent Undo Cycle 1.683ms
[156.221s][info][gc] GC(2945) Pause Young (Concurrent Start) (G1 Humongous Allocation) 899M->33M(2000M) 1.114ms
[156.221s][info][gc] GC(2946) Concurrent Undo Cycle
[156.224s][info][gc] GC(2946) Concurrent Undo Cycle 2.630ms
[156.298s][info][gc] GC(2947) Pause Young (Concurrent Start) (G1 Humongous Allocation) 899M->33M(2000M) 1.460ms
[156.298s][info][gc] GC(2948) Concurrent Undo Cycle
[156.300s][info][gc] GC(2948) Concurrent Undo Cycle 2.151ms
[156.349s][info][gc] GC(2949) Pause Young (Concurrent Start) (G1 Humongous Allocation) 899M->33M(2000M) 1.433ms
[156.349s][info][gc] GC(2950) Concurrent Undo Cycle
[156.351s][info][gc] GC(2950) Concurrent Undo Cycle 2.075ms
[156.398s][info][gc] GC(2951) Pause Young (Concurrent Start) (G1 Humongous Allocation) 899M->33M(2000M) 1.164ms
[156.398s][info][gc] GC(2952) Concurrent Undo Cycle
[156.401s][info][gc] GC(2952) Concurrent Undo Cycle 2.580ms
[156.447s][info][gc] GC(2953) Pause Young (Concurrent Start) (G1 Humongous Allocation) 899M->33M(2000M) 1.126ms
[156.447s][info][gc] GC(2954) Concurrent Undo Cycle
[156.450s][info][gc] GC(2954) Concurrent Undo Cycle 2.863ms
[156.504s][info][gc] GC(2955) Pause Young (Concurrent Start) (G1 Humongous Allocation) 899M->33M(2000M) 1.679ms
[156.504s][info][gc] GC(2956) Concurrent Undo Cycle
[156.506s][info][gc] GC(2956) Concurrent Undo Cycle 2.251ms
[156.568s][info][gc] GC(2957) Pause Young (Concurrent Start) (G1 Humongous Allocation) 899M->33M(2000M) 1.197ms
[156.568s][info][gc] GC(2958) Concurrent Undo Cycle
[156.570s][info][gc] GC(2958) Concurrent Undo Cycle 1.698ms
[156.627s][info][gc] GC(2959) Pause Young (Concurrent Start) (G1 Humongous Allocation) 899M->33M(2000M) 1.040ms
[156.627s][info][gc] GC(2960) Concurrent Undo Cycle
[156.629s][info][gc] GC(2960) Concurrent Undo Cycle 1.761ms
[156.681s][info][gc] GC(2961) Pause Young (Concurrent Start) (G1 Humongous Allocation) 899M->33M(2000M) 1.193ms
[156.681s][info][gc] GC(2962) Concurrent Undo Cycle
[156.685s][info][gc] GC(2962) Concurrent Undo Cycle 3.135ms
[156.733s][info][gc] GC(2963) Pause Young (Concurrent Start) (G1 Humongous Allocation) 899M->33M(2000M) 1.107ms
[156.733s][info][gc] GC(2964) Concurrent Undo Cycle
[156.735s][info][gc] GC(2964) Concurrent Undo Cycle 1.969ms
[156.789s][info][gc] GC(2965) Pause Young (Concurrent Start) (G1 Humongous Allocation) 900M->34M(2000M) 1.114ms
[156.789s][info][gc] GC(2966) Concurrent Undo Cycle
[156.791s][info][gc] GC(2966) Concurrent Undo Cycle 1.883ms
[156.839s][info][gc] GC(2967) Pause Young (Concurrent Start) (G1 Humongous Allocation) 900M->34M(2000M) 1.531ms
[156.839s][info][gc] GC(2968) Concurrent Undo Cycle
[156.842s][info][gc] GC(2968) Concurrent Undo Cycle 2.082ms
[156.889s][info][gc] GC(2969) Pause Young (Concurrent Start) (G1 Humongous Allocation) 900M->34M(2000M) 1.281ms
[156.889s][info][gc] GC(2970) Concurrent Undo Cycle
[156.891s][info][gc] GC(2970) Concurrent Undo Cycle 1.785ms
[156.944s][info][gc] GC(2971) Pause Young (Concurrent Start) (G1 Humongous Allocation) 900M->34M(2000M) 1.348ms
[156.944s][info][gc] GC(2972) Concurrent Undo Cycle
[156.946s][info][gc] GC(2972) Concurrent Undo Cycle 1.763ms
[156.994s][info][gc] GC(2973) Pause Young (Concurrent Start) (G1 Humongous Allocation) 900M->34M(2000M) 1.162ms
[156.995s][info][gc] GC(2974) Concurrent Undo Cycle
[156.997s][info][gc] GC(2974) Concurrent Undo Cycle 2.567ms
[157.070s][info][gc] GC(2975) Pause Young (Concurrent Start) (G1 Humongous Allocation) 900M->34M(2000M) 1.501ms
[157.070s][info][gc] GC(2976) Concurrent Undo Cycle
[157.073s][info][gc] GC(2976) Concurrent Undo Cycle 2.463ms
[157.156s][info][gc] GC(2977) Pause Young (Concurrent Start) (G1 Humongous Allocation) 900M->34M(2000M) 1.854ms
[157.156s][info][gc] GC(2978) Concurrent Undo Cycle
[157.159s][info][gc] GC(2978) Concurrent Undo Cycle 2.507ms
[157.237s][info][gc] GC(2979) Pause Young (Concurrent Start) (G1 Humongous Allocation) 900M->34M(2000M) 1.337ms
[157.237s][info][gc] GC(2980) Concurrent Undo Cycle
[157.242s][info][gc] GC(2980) Concurrent Undo Cycle 4.272ms
[157.295s][info][gc] GC(2981) Pause Young (Concurrent Start) (G1 Humongous Allocation) 900M->34M(2000M) 1.591ms
[157.295s][info][gc] GC(2982) Concurrent Undo Cycle
[157.298s][info][gc] GC(2982) Concurrent Undo Cycle 2.712ms
[157.413s][info][gc] GC(2983) Pause Young (Concurrent Start) (G1 Humongous Allocation) 900M->34M(2000M) 1.498ms
[157.413s][info][gc] GC(2984) Concurrent Undo Cycle
[157.416s][info][gc] GC(2984) Concurrent Undo Cycle 2.698ms
[157.523s][info][gc] GC(2985) Pause Young (Concurrent Start) (G1 Humongous Allocation) 900M->34M(2000M) 1.327ms
[157.523s][info][gc] GC(2986) Concurrent Undo Cycle
[157.525s][info][gc] GC(2986) Concurrent Undo Cycle 1.823ms
[157.573s][info][gc] GC(2987) Pause Young (Concurrent Start) (G1 Humongous Allocation) 900M->34M(2000M) 1.184ms
[157.573s][info][gc] GC(2988) Concurrent Undo Cycle
[157.575s][info][gc] GC(2988) Concurrent Undo Cycle 1.720ms
[157.628s][info][gc] GC(2989) Pause Young (Concurrent Start) (G1 Humongous Allocation) 900M->34M(2000M) 1.375ms
[157.629s][info][gc] GC(2990) Concurrent Undo Cycle
[157.631s][info][gc] GC(2990) Concurrent Undo Cycle 1.980ms
[157.683s][info][gc] GC(2991) Pause Young (Concurrent Start) (G1 Humongous Allocation) 900M->34M(2000M) 0.807ms
[157.683s][info][gc] GC(2992) Concurrent Undo Cycle
[157.685s][info][gc] GC(2992) Concurrent Undo Cycle 2.190ms
[157.742s][info][gc] GC(2993) Pause Young (Concurrent Start) (G1 Humongous Allocation) 900M->34M(2000M) 1.239ms
[157.742s][info][gc] GC(2994) Concurrent Undo Cycle
[157.744s][info][gc] GC(2994) Concurrent Undo Cycle 2.622ms
[157.793s][info][gc] GC(2995) Pause Young (Concurrent Start) (G1 Humongous Allocation) 900M->34M(2000M) 1.250ms
[157.793s][info][gc] GC(2996) Concurrent Undo Cycle
[157.795s][info][gc] GC(2996) Concurrent Undo Cycle 1.815ms
[157.844s][info][gc] GC(2997) Pause Young (Concurrent Start) (G1 Humongous Allocation) 900M->34M(2000M) 1.176ms
[157.844s][info][gc] GC(2998) Concurrent Undo Cycle
[157.846s][info][gc] GC(2998) Concurrent Undo Cycle 1.908ms
[157.893s][info][gc] GC(2999) Pause Young (Concurrent Start) (G1 Humongous Allocation) 900M->34M(2000M) 1.387ms
[157.894s][info][gc] GC(3000) Concurrent Undo Cycle
[157.896s][info][gc] GC(3000) Concurrent Undo Cycle 2.727ms
[157.944s][info][gc] GC(3001) Pause Young (Concurrent Start) (G1 Humongous Allocation) 900M->34M(2000M) 1.236ms
[157.944s][info][gc] GC(3002) Concurrent Undo Cycle
[157.946s][info][gc] GC(3002) Concurrent Undo Cycle 1.863ms
[157.992s][info][gc] GC(3003) Pause Young (Concurrent Start) (G1 Humongous Allocation) 900M->34M(2000M) 1.347ms
[157.992s][info][gc] GC(3004) Concurrent Undo Cycle
[157.994s][info][gc] GC(3004) Concurrent Undo Cycle 2.008ms
[158.041s][info][gc] GC(3005) Pause Young (Concurrent Start) (G1 Humongous Allocation) 900M->34M(2000M) 1.333ms
[158.041s][info][gc] GC(3006) Concurrent Undo Cycle
[158.043s][info][gc] GC(3006) Concurrent Undo Cycle 1.815ms
[158.091s][info][gc] GC(3007) Pause Young (Concurrent Start) (G1 Humongous Allocation) 900M->34M(2000M) 1.363ms
[158.091s][info][gc] GC(3008) Concurrent Undo Cycle
[158.093s][info][gc] GC(3008) Concurrent Undo Cycle 2.472ms
[158.144s][info][gc] GC(3009) Pause Young (Concurrent Start) (G1 Humongous Allocation) 900M->34M(2000M) 1.300ms
[158.144s][info][gc] GC(3010) Concurrent Undo Cycle
[158.149s][info][gc] GC(3010) Concurrent Undo Cycle 4.710ms
[158.196s][info][gc] GC(3011) Pause Young (Concurrent Start) (G1 Humongous Allocation) 900M->34M(2000M) 1.233ms
[158.196s][info][gc] GC(3012) Concurrent Undo Cycle
[158.198s][info][gc] GC(3012) Concurrent Undo Cycle 2.011ms
[158.248s][info][gc] GC(3013) Pause Young (Concurrent Start) (G1 Humongous Allocation) 900M->34M(2000M) 1.078ms
[158.248s][info][gc] GC(3014) Concurrent Undo Cycle
[158.250s][info][gc] GC(3014) Concurrent Undo Cycle 1.723ms
[158.300s][info][gc] GC(3015) Pause Young (Concurrent Start) (G1 Humongous Allocation) 900M->34M(2000M) 1.319ms
[158.300s][info][gc] GC(3016) Concurrent Undo Cycle
[158.303s][info][gc] GC(3016) Concurrent Undo Cycle 2.893ms
[158.350s][info][gc] GC(3017) Pause Young (Concurrent Start) (G1 Humongous Allocation) 900M->34M(2000M) 1.166ms
[158.350s][info][gc] GC(3018) Concurrent Undo Cycle
[158.353s][info][gc] GC(3018) Concurrent Undo Cycle 2.072ms
[158.401s][info][gc] GC(3019) Pause Young (Concurrent Start) (G1 Humongous Allocation) 900M->34M(2000M) 1.286ms
[158.401s][info][gc] GC(3020) Concurrent Undo Cycle
[158.403s][info][gc] GC(3020) Concurrent Undo Cycle 1.745ms
[158.462s][info][gc] GC(3021) Pause Young (Concurrent Start) (G1 Humongous Allocation) 900M->34M(2000M) 1.280ms
[158.462s][info][gc] GC(3022) Concurrent Undo Cycle
[158.464s][info][gc] GC(3022) Concurrent Undo Cycle 1.906ms
[158.525s][info][gc] GC(3023) Pause Young (Concurrent Start) (G1 Humongous Allocation) 900M->34M(2000M) 1.237ms
[158.525s][info][gc] GC(3024) Concurrent Undo Cycle
[158.526s][info][gc] GC(3024) Concurrent Undo Cycle 1.811ms
[158.577s][info][gc] GC(3025) Pause Young (Concurrent Start) (G1 Humongous Allocation) 900M->34M(2000M) 1.309ms
[158.577s][info][gc] GC(3026) Concurrent Undo Cycle
[158.579s][info][gc] GC(3026) Concurrent Undo Cycle 1.869ms
[158.627s][info][gc] GC(3027) Pause Young (Concurrent Start) (G1 Humongous Allocation) 900M->34M(2000M) 1.175ms
[158.627s][info][gc] GC(3028) Concurrent Undo Cycle
[158.629s][info][gc] GC(3028) Concurrent Undo Cycle 1.986ms
[158.685s][info][gc] GC(3029) Pause Young (Concurrent Start) (G1 Humongous Allocation) 900M->34M(2000M) 1.386ms
[158.685s][info][gc] GC(3030) Concurrent Undo Cycle
[158.687s][info][gc] GC(3030) Concurrent Undo Cycle 1.777ms
[158.735s][info][gc] GC(3031) Pause Young (Concurrent Start) (G1 Humongous Allocation) 900M->34M(2000M) 1.471ms
[158.735s][info][gc] GC(3032) Concurrent Undo Cycle
[158.738s][info][gc] GC(3032) Concurrent Undo Cycle 3.087ms
[158.792s][info][gc] GC(3033) Pause Young (Concurrent Start) (G1 Humongous Allocation) 900M->34M(2000M) 1.111ms
[158.792s][info][gc] GC(3034) Concurrent Undo Cycle
[158.795s][info][gc] GC(3034) Concurrent Undo Cycle 2.842ms
[158.848s][info][gc] GC(3035) Pause Young (Concurrent Start) (G1 Humongous Allocation) 900M->34M(2000M) 1.247ms
[158.848s][info][gc] GC(3036) Concurrent Undo Cycle
[158.850s][info][gc] GC(3036) Concurrent Undo Cycle 1.960ms
[158.903s][info][gc] GC(3037) Pause Young (Concurrent Start) (G1 Humongous Allocation) 900M->34M(2000M) 1.121ms
[158.903s][info][gc] GC(3038) Concurrent Undo Cycle
[158.904s][info][gc] GC(3038) Concurrent Undo Cycle 1.615ms
[158.968s][info][gc] GC(3039) Pause Young (Concurrent Start) (G1 Humongous Allocation) 900M->34M(2000M) 2.078ms
[158.968s][info][gc] GC(3040) Concurrent Undo Cycle
[158.971s][info][gc] GC(3040) Concurrent Undo Cycle 2.450ms
[159.027s][info][gc] GC(3041) Pause Young (Concurrent Start) (G1 Humongous Allocation) 900M->34M(2000M) 1.424ms
[159.027s][info][gc] GC(3042) Concurrent Undo Cycle
[159.028s][info][gc] GC(3042) Concurrent Undo Cycle 1.659ms
[159.086s][info][gc] GC(3043) Pause Young (Concurrent Start) (G1 Humongous Allocation) 900M->34M(2000M) 1.170ms
[159.086s][info][gc] GC(3044) Concurrent Undo Cycle
[159.088s][info][gc] GC(3044) Concurrent Undo Cycle 1.652ms
[159.137s][info][gc] GC(3045) Pause Young (Concurrent Start) (G1 Humongous Allocation) 900M->34M(2000M) 1.144ms
[159.137s][info][gc] GC(3046) Concurrent Undo Cycle
[159.139s][info][gc] GC(3046) Concurrent Undo Cycle 1.865ms
[159.191s][info][gc] GC(3047) Pause Young (Concurrent Start) (G1 Humongous Allocation) 900M->34M(2000M) 1.216ms
[159.191s][info][gc] GC(3048) Concurrent Undo Cycle
[159.193s][info][gc] GC(3048) Concurrent Undo Cycle 2.082ms
[159.258s][info][gc] GC(3049) Pause Young (Concurrent Start) (G1 Humongous Allocation) 900M->34M(2000M) 1.346ms
[159.258s][info][gc] GC(3050) Concurrent Undo Cycle
[159.261s][info][gc] GC(3050) Concurrent Undo Cycle 2.604ms
[159.325s][info][gc] GC(3051) Pause Young (Concurrent Start) (G1 Humongous Allocation) 900M->34M(2000M) 1.366ms
[159.325s][info][gc] GC(3052) Concurrent Undo Cycle
[159.328s][info][gc] GC(3052) Concurrent Undo Cycle 2.564ms
[159.384s][info][gc] GC(3053) Pause Young (Concurrent Start) (G1 Humongous Allocation) 900M->34M(2000M) 1.293ms
[159.384s][info][gc] GC(3054) Concurrent Undo Cycle
[159.387s][info][gc] GC(3054) Concurrent Undo Cycle 2.389ms
[159.445s][info][gc] GC(3055) Pause Young (Concurrent Start) (G1 Humongous Allocation) 900M->34M(2000M) 1.352ms
[159.445s][info][gc] GC(3056) Concurrent Undo Cycle
[159.448s][info][gc] GC(3056) Concurrent Undo Cycle 2.604ms
[159.496s][info][gc] GC(3057) Pause Young (Concurrent Start) (G1 Humongous Allocation) 900M->34M(2000M) 1.265ms
[159.496s][info][gc] GC(3058) Concurrent Undo Cycle
[159.498s][info][gc] GC(3058) Concurrent Undo Cycle 1.708ms
[159.549s][info][gc] GC(3059) Pause Young (Concurrent Start) (G1 Humongous Allocation) 900M->34M(2000M) 1.803ms
[159.549s][info][gc] GC(3060) Concurrent Undo Cycle
[159.552s][info][gc] GC(3060) Concurrent Undo Cycle 2.737ms
[159.601s][info][gc] GC(3061) Pause Young (Concurrent Start) (G1 Humongous Allocation) 900M->34M(2000M) 1.504ms
[159.601s][info][gc] GC(3062) Concurrent Undo Cycle
[159.603s][info][gc] GC(3062) Concurrent Undo Cycle 2.362ms
[159.657s][info][gc] GC(3063) Pause Young (Concurrent Start) (G1 Humongous Allocation) 900M->34M(2000M) 1.245ms
[159.657s][info][gc] GC(3064) Concurrent Undo Cycle
[159.659s][info][gc] GC(3064) Concurrent Undo Cycle 1.772ms
[159.714s][info][gc] GC(3065) Pause Young (Concurrent Start) (G1 Humongous Allocation) 900M->34M(2000M) 1.346ms
[159.714s][info][gc] GC(3066) Concurrent Undo Cycle
[159.718s][info][gc] GC(3066) Concurrent Undo Cycle 4.557ms
[159.781s][info][gc] GC(3067) Pause Young (Concurrent Start) (G1 Humongous Allocation) 900M->34M(2000M) 1.265ms
[159.782s][info][gc] GC(3068) Concurrent Undo Cycle
[159.784s][info][gc] GC(3068) Concurrent Undo Cycle 2.353ms
[159.838s][info][gc] GC(3069) Pause Young (Concurrent Start) (G1 Humongous Allocation) 900M->34M(2000M) 1.165ms
[159.838s][info][gc] GC(3070) Concurrent Undo Cycle
[159.839s][info][gc] GC(3070) Concurrent Undo Cycle 1.695ms
[159.888s][info][gc] GC(3071) Pause Young (Concurrent Start) (G1 Humongous Allocation) 900M->34M(2000M) 1.110ms
[159.888s][info][gc] GC(3072) Concurrent Undo Cycle
[159.890s][info][gc] GC(3072) Concurrent Undo Cycle 1.969ms
[159.950s][info][gc] GC(3073) Pause Young (Concurrent Start) (G1 Humongous Allocation) 900M->34M(2000M) 1.208ms
[159.950s][info][gc] GC(3074) Concurrent Undo Cycle
[159.955s][info][gc] GC(3074) Concurrent Undo Cycle 5.230ms
[160.002s][info][gc] GC(3075) Pause Young (Concurrent Start) (G1 Humongous Allocation) 900M->34M(2000M) 1.223ms
[160.002s][info][gc] GC(3076) Concurrent Undo Cycle
[160.004s][info][gc] GC(3076) Concurrent Undo Cycle 2.060ms
[160.050s][info][gc] GC(3077) Pause Young (Concurrent Start) (G1 Humongous Allocation) 900M->34M(2000M) 1.326ms
[160.050s][info][gc] GC(3078) Concurrent Undo Cycle
[160.052s][info][gc] GC(3078) Concurrent Undo Cycle 1.848ms
[160.106s][info][gc] GC(3079) Pause Young (Concurrent Start) (G1 Humongous Allocation) 900M->34M(2000M) 1.003ms
[160.106s][info][gc] GC(3080) Concurrent Undo Cycle
[160.107s][info][gc] GC(3080) Concurrent Undo Cycle 1.692ms
[160.157s][info][gc] GC(3081) Pause Young (Concurrent Start) (G1 Humongous Allocation) 900M->34M(2000M) 1.280ms
[160.157s][info][gc] GC(3082) Concurrent Undo Cycle
[160.158s][info][gc] GC(3082) Concurrent Undo Cycle 1.786ms
[160.208s][info][gc] GC(3083) Pause Young (Concurrent Start) (G1 Humongous Allocation) 900M->34M(2000M) 0.841ms
[160.208s][info][gc] GC(3084) Concurrent Undo Cycle
[160.210s][info][gc] GC(3084) Concurrent Undo Cycle 1.880ms
[160.318s][info][gc] GC(3085) Pause Young (Concurrent Start) (G1 Humongous Allocation) 900M->34M(2000M) 1.160ms
[160.318s][info][gc] GC(3086) Concurrent Undo Cycle
[160.321s][info][gc] GC(3086) Concurrent Undo Cycle 2.843ms
[160.376s][info][gc] GC(3087) Pause Young (Concurrent Start) (G1 Humongous Allocation) 900M->34M(2000M) 1.289ms
[160.376s][info][gc] GC(3088) Concurrent Undo Cycle
[160.379s][info][gc] GC(3088) Concurrent Undo Cycle 2.638ms
[160.442s][info][gc] GC(3089) Pause Young (Concurrent Start) (G1 Humongous Allocation) 900M->34M(2000M) 1.549ms
[160.442s][info][gc] GC(3090) Concurrent Undo Cycle
[160.445s][info][gc] GC(3090) Concurrent Undo Cycle 2.571ms
[160.494s][info][gc] GC(3091) Pause Young (Concurrent Start) (G1 Humongous Allocation) 900M->34M(2000M) 1.336ms
[160.494s][info][gc] GC(3092) Concurrent Undo Cycle
[160.496s][info][gc] GC(3092) Concurrent Undo Cycle 1.687ms
[160.544s][info][gc] GC(3093) Pause Young (Concurrent Start) (G1 Humongous Allocation) 900M->34M(2000M) 1.310ms
[160.544s][info][gc] GC(3094) Concurrent Undo Cycle
[160.546s][info][gc] GC(3094) Concurrent Undo Cycle 1.687ms
[160.595s][info][gc] GC(3095) Pause Young (Concurrent Start) (G1 Humongous Allocation) 900M->34M(2000M) 1.274ms
[160.595s][info][gc] GC(3096) Concurrent Undo Cycle
[160.598s][info][gc] GC(3096) Concurrent Undo Cycle 2.603ms
[160.647s][info][gc] GC(3097) Pause Young (Concurrent Start) (G1 Humongous Allocation) 900M->34M(2000M) 1.151ms
[160.647s][info][gc] GC(3098) Concurrent Undo Cycle
[160.649s][info][gc] GC(3098) Concurrent Undo Cycle 1.872ms
[160.702s][info][gc] GC(3099) Pause Young (Concurrent Start) (G1 Humongous Allocation) 901M->35M(2000M) 1.100ms
[160.702s][info][gc] GC(3100) Concurrent Undo Cycle
[160.704s][info][gc] GC(3100) Concurrent Undo Cycle 1.710ms
[160.753s][info][gc] GC(3101) Pause Young (Concurrent Start) (G1 Humongous Allocation) 901M->35M(2000M) 1.215ms
[160.753s][info][gc] GC(3102) Concurrent Undo Cycle
[160.755s][info][gc] GC(3102) Concurrent Undo Cycle 2.039ms
[160.809s][info][gc] GC(3103) Pause Young (Concurrent Start) (G1 Humongous Allocation) 901M->35M(2000M) 1.234ms
[160.809s][info][gc] GC(3104) Concurrent Undo Cycle
[160.813s][info][gc] GC(3104) Concurrent Undo Cycle 4.317ms
[160.861s][info][gc] GC(3105) Pause Young (Concurrent Start) (G1 Humongous Allocation) 901M->35M(2000M) 1.125ms
[160.861s][info][gc] GC(3106) Concurrent Undo Cycle
[160.863s][info][gc] GC(3106) Concurrent Undo Cycle 1.766ms
[160.936s][info][gc] GC(3107) Pause Young (Concurrent Start) (G1 Humongous Allocation) 901M->35M(2000M) 1.445ms
[160.936s][info][gc] GC(3108) Concurrent Undo Cycle
[160.939s][info][gc] GC(3108) Concurrent Undo Cycle 2.535ms
[161.018s][info][gc] GC(3109) Pause Young (Concurrent Start) (G1 Humongous Allocation) 901M->35M(2000M) 1.568ms
[161.018s][info][gc] GC(3110) Concurrent Undo Cycle
[161.021s][info][gc] GC(3110) Concurrent Undo Cycle 2.193ms
[161.091s][info][gc] GC(3111) Pause Young (Concurrent Start) (G1 Humongous Allocation) 901M->35M(2000M) 1.359ms
[161.091s][info][gc] GC(3112) Concurrent Undo Cycle
[161.093s][info][gc] GC(3112) Concurrent Undo Cycle 1.968ms
[161.151s][info][gc] GC(3113) Pause Young (Concurrent Start) (G1 Humongous Allocation) 901M->35M(2000M) 1.321ms
[161.151s][info][gc] GC(3114) Concurrent Undo Cycle
[161.153s][info][gc] GC(3114) Concurrent Undo Cycle 2.647ms
[161.200s][info][gc] GC(3115) Pause Young (Concurrent Start) (G1 Humongous Allocation) 901M->35M(2000M) 1.217ms
[161.200s][info][gc] GC(3116) Concurrent Undo Cycle
[161.202s][info][gc] GC(3116) Concurrent Undo Cycle 2.143ms
[161.249s][info][gc] GC(3117) Pause Young (Concurrent Start) (G1 Humongous Allocation) 901M->35M(2000M) 1.366ms
[161.249s][info][gc] GC(3118) Concurrent Undo Cycle
[161.251s][info][gc] GC(3118) Concurrent Undo Cycle 1.755ms
[161.297s][info][gc] GC(3119) Pause Young (Concurrent Start) (G1 Humongous Allocation) 901M->35M(2000M) 1.244ms
[161.297s][info][gc] GC(3120) Concurrent Undo Cycle
[161.299s][info][gc] GC(3120) Concurrent Undo Cycle 1.887ms
[161.346s][info][gc] GC(3121) Pause Young (Concurrent Start) (G1 Humongous Allocation) 901M->35M(2000M) 1.233ms
[161.346s][info][gc] GC(3122) Concurrent Undo Cycle
[161.348s][info][gc] GC(3122) Concurrent Undo Cycle 1.721ms
[161.394s][info][gc] GC(3123) Pause Young (Concurrent Start) (G1 Humongous Allocation) 901M->35M(2000M) 1.411ms
[161.395s][info][gc] GC(3124) Concurrent Undo Cycle
[161.397s][info][gc] GC(3124) Concurrent Undo Cycle 2.592ms
[161.443s][info][gc] GC(3125) Pause Young (Concurrent Start) (G1 Humongous Allocation) 901M->35M(2000M) 1.201ms
[161.443s][info][gc] GC(3126) Concurrent Undo Cycle
[161.445s][info][gc] GC(3126) Concurrent Undo Cycle 2.071ms
[161.492s][info][gc] GC(3127) Pause Young (Concurrent Start) (G1 Humongous Allocation) 901M->35M(2000M) 1.122ms
[161.492s][info][gc] GC(3128) Concurrent Undo Cycle
[161.494s][info][gc] GC(3128) Concurrent Undo Cycle 1.769ms
[161.540s][info][gc] GC(3129) Pause Young (Concurrent Start) (G1 Humongous Allocation) 901M->35M(2000M) 1.331ms
[161.541s][info][gc] GC(3130) Concurrent Undo Cycle
[161.543s][info][gc] GC(3130) Concurrent Undo Cycle 2.627ms
[161.591s][info][gc] GC(3131) Pause Young (Concurrent Start) (G1 Humongous Allocation) 901M->35M(2000M) 1.286ms
[161.591s][info][gc] GC(3132) Concurrent Undo Cycle
[161.593s][info][gc] GC(3132) Concurrent Undo Cycle 1.862ms
[161.640s][info][gc] GC(3133) Pause Young (Concurrent Start) (G1 Humongous Allocation) 901M->35M(2000M) 1.150ms
[161.640s][info][gc] GC(3134) Concurrent Undo Cycle
[161.642s][info][gc] GC(3134) Concurrent Undo Cycle 2.595ms
[161.694s][info][gc] GC(3135) Pause Young (Concurrent Start) (G1 Humongous Allocation) 901M->35M(2000M) 1.253ms
[161.694s][info][gc] GC(3136) Concurrent Undo Cycle
[161.695s][info][gc] GC(3136) Concurrent Undo Cycle 1.772ms
[161.744s][info][gc] GC(3137) Pause Young (Concurrent Start) (G1 Humongous Allocation) 901M->35M(2000M) 1.621ms
[161.744s][info][gc] GC(3138) Concurrent Undo Cycle
[161.745s][info][gc] GC(3138) Concurrent Undo Cycle 1.734ms
[161.793s][info][gc] GC(3139) Pause Young (Concurrent Start) (G1 Humongous Allocation) 901M->35M(2000M) 1.914ms
[161.793s][info][gc] GC(3140) Concurrent Undo Cycle
[161.795s][info][gc] GC(3140) Concurrent Undo Cycle 1.745ms
[161.842s][info][gc] GC(3141) Pause Young (Concurrent Start) (G1 Humongous Allocation) 901M->35M(2000M) 1.555ms
[161.842s][info][gc] GC(3142) Concurrent Undo Cycle
[161.844s][info][gc] GC(3142) Concurrent Undo Cycle 2.489ms
[161.892s][info][gc] GC(3143) Pause Young (Concurrent Start) (G1 Humongous Allocation) 901M->35M(2000M) 1.188ms
[161.892s][info][gc] GC(3144) Concurrent Undo Cycle
[161.895s][info][gc] GC(3144) Concurrent Undo Cycle 2.629ms
[161.942s][info][gc] GC(3145) Pause Young (Concurrent Start) (G1 Humongous Allocation) 901M->35M(2000M) 1.418ms
[161.942s][info][gc] GC(3146) Concurrent Undo Cycle
[161.944s][info][gc] GC(3146) Concurrent Undo Cycle 1.686ms
[161.991s][info][gc] GC(3147) Pause Young (Concurrent Start) (G1 Humongous Allocation) 901M->35M(2000M) 1.314ms
[161.991s][info][gc] GC(3148) Concurrent Undo Cycle
[161.994s][info][gc] GC(3148) Concurrent Undo Cycle 2.627ms
[162.041s][info][gc] GC(3149) Pause Young (Concurrent Start) (G1 Humongous Allocation) 901M->35M(2000M) 1.518ms
[162.041s][info][gc] GC(3150) Concurrent Undo Cycle
[162.044s][info][gc] GC(3150) Concurrent Undo Cycle 2.640ms
[162.090s][info][gc] GC(3151) Pause Young (Concurrent Start) (G1 Humongous Allocation) 901M->35M(2000M) 1.334ms
[162.090s][info][gc] GC(3152) Concurrent Undo Cycle
[162.093s][info][gc] GC(3152) Concurrent Undo Cycle 2.562ms
[162.140s][info][gc] GC(3153) Pause Young (Concurrent Start) (G1 Humongous Allocation) 901M->35M(2000M) 1.480ms
[162.140s][info][gc] GC(3154) Concurrent Undo Cycle
[162.143s][info][gc] GC(3154) Concurrent Undo Cycle 2.652ms
[162.190s][info][gc] GC(3155) Pause Young (Concurrent Start) (G1 Humongous Allocation) 901M->35M(2000M) 1.591ms
[162.190s][info][gc] GC(3156) Concurrent Undo Cycle
[162.192s][info][gc] GC(3156) Concurrent Undo Cycle 2.105ms
[162.240s][info][gc] GC(3157) Pause Young (Concurrent Start) (G1 Humongous Allocation) 901M->35M(2000M) 1.472ms
[162.240s][info][gc] GC(3158) Concurrent Undo Cycle
[162.243s][info][gc] GC(3158) Concurrent Undo Cycle 2.915ms
[162.292s][info][gc] GC(3159) Pause Young (Concurrent Start) (G1 Humongous Allocation) 901M->35M(2000M) 1.164ms
[162.292s][info][gc] GC(3160) Concurrent Undo Cycle
[162.296s][info][gc] GC(3160) Concurrent Undo Cycle 4.272ms
[162.342s][info][gc] GC(3161) Pause Young (Concurrent Start) (G1 Humongous Allocation) 901M->35M(2000M) 1.128ms
[162.342s][info][gc] GC(3162) Concurrent Undo Cycle
[162.345s][info][gc] GC(3162) Concurrent Undo Cycle 2.514ms
[162.392s][info][gc] GC(3163) Pause Young (Concurrent Start) (G1 Humongous Allocation) 901M->35M(2000M) 1.164ms
[162.392s][info][gc] GC(3164) Concurrent Undo Cycle
[162.396s][info][gc] GC(3164) Concurrent Undo Cycle 3.890ms
[162.444s][info][gc] GC(3165) Pause Young (Concurrent Start) (G1 Humongous Allocation) 901M->35M(2000M) 1.190ms
[162.444s][info][gc] GC(3166) Concurrent Undo Cycle
[162.446s][info][gc] GC(3166) Concurrent Undo Cycle 2.026ms
[162.498s][info][gc] GC(3167) Pause Young (Concurrent Start) (G1 Humongous Allocation) 901M->35M(2000M) 1.202ms
[162.498s][info][gc] GC(3168) Concurrent Undo Cycle
[162.500s][info][gc] GC(3168) Concurrent Undo Cycle 1.688ms
[162.546s][info][gc] GC(3169) Pause Young (Concurrent Start) (G1 Humongous Allocation) 901M->35M(2000M) 1.436ms
[162.546s][info][gc] GC(3170) Concurrent Undo Cycle
[162.549s][info][gc] GC(3170) Concurrent Undo Cycle 2.515ms
[162.595s][info][gc] GC(3171) Pause Young (Concurrent Start) (G1 Humongous Allocation) 901M->35M(2000M) 1.260ms
[162.595s][info][gc] GC(3172) Concurrent Undo Cycle
[162.598s][info][gc] GC(3172) Concurrent Undo Cycle 2.471ms
[162.644s][info][gc] GC(3173) Pause Young (Concurrent Start) (G1 Humongous Allocation) 901M->35M(2000M) 1.225ms
[162.644s][info][gc] GC(3174) Concurrent Undo Cycle
[162.647s][info][gc] GC(3174) Concurrent Undo Cycle 2.550ms
[162.692s][info][gc] GC(3175) Pause Young (Concurrent Start) (G1 Humongous Allocation) 901M->35M(2000M) 1.146ms
[162.692s][info][gc] GC(3176) Concurrent Undo Cycle
[162.695s][info][gc] GC(3176) Concurrent Undo Cycle 2.555ms
[162.741s][info][gc] GC(3177) Pause Young (Concurrent Start) (G1 Humongous Allocation) 901M->35M(2000M) 1.299ms
[162.741s][info][gc] GC(3178) Concurrent Undo Cycle
[162.744s][info][gc] GC(3178) Concurrent Undo Cycle 2.561ms
[162.790s][info][gc] GC(3179) Pause Young (Concurrent Start) (G1 Humongous Allocation) 901M->35M(2000M) 1.251ms
[162.790s][info][gc] GC(3180) Concurrent Undo Cycle
[162.793s][info][gc] GC(3180) Concurrent Undo Cycle 2.533ms
[162.839s][info][gc] GC(3181) Pause Young (Concurrent Start) (G1 Humongous Allocation) 901M->35M(2000M) 1.235ms
[162.839s][info][gc] GC(3182) Concurrent Undo Cycle
[162.841s][info][gc] GC(3182) Concurrent Undo Cycle 1.936ms
[162.888s][info][gc] GC(3183) Pause Young (Concurrent Start) (G1 Humongous Allocation) 901M->35M(2000M) 1.252ms
[162.888s][info][gc] GC(3184) Concurrent Undo Cycle
[162.891s][info][gc] GC(3184) Concurrent Undo Cycle 2.619ms
[162.938s][info][gc] GC(3185) Pause Young (Concurrent Start) (G1 Humongous Allocation) 901M->35M(2000M) 1.256ms
[162.938s][info][gc] GC(3186) Concurrent Undo Cycle
[162.940s][info][gc] GC(3186) Concurrent Undo Cycle 1.803ms
[162.986s][info][gc] GC(3187) Pause Young (Concurrent Start) (G1 Humongous Allocation) 901M->35M(2000M) 1.181ms
[162.986s][info][gc] GC(3188) Concurrent Undo Cycle
[162.988s][info][gc] GC(3188) Concurrent Undo Cycle 1.980ms
[163.035s][info][gc] GC(3189) Pause Young (Concurrent Start) (G1 Humongous Allocation) 901M->35M(2000M) 1.310ms
[163.035s][info][gc] GC(3190) Concurrent Undo Cycle
[163.037s][info][gc] GC(3190) Concurrent Undo Cycle 1.778ms
[163.083s][info][gc] GC(3191) Pause Young (Concurrent Start) (G1 Humongous Allocation) 901M->35M(2000M) 1.179ms
[163.083s][info][gc] GC(3192) Concurrent Undo Cycle
[163.086s][info][gc] GC(3192) Concurrent Undo Cycle 2.575ms
[163.133s][info][gc] GC(3193) Pause Young (Concurrent Start) (G1 Humongous Allocation) 901M->35M(2000M) 1.280ms
[163.133s][info][gc] GC(3194) Concurrent Undo Cycle
[163.135s][info][gc] GC(3194) Concurrent Undo Cycle 1.992ms
[163.188s][info][gc] GC(3195) Pause Young (Concurrent Start) (G1 Humongous Allocation) 901M->35M(2000M) 1.606ms
[163.188s][info][gc] GC(3196) Concurrent Undo Cycle
[163.190s][info][gc] GC(3196) Concurrent Undo Cycle 2.035ms
[163.243s][info][gc] GC(3197) Pause Young (Concurrent Start) (G1 Humongous Allocation) 901M->35M(2000M) 1.121ms
[163.243s][info][gc] GC(3198) Concurrent Undo Cycle
[163.245s][info][gc] GC(3198) Concurrent Undo Cycle 2.231ms
[163.294s][info][gc] GC(3199) Pause Young (Concurrent Start) (G1 Humongous Allocation) 901M->35M(2000M) 1.170ms
[163.294s][info][gc] GC(3200) Concurrent Undo Cycle
[163.296s][info][gc] GC(3200) Concurrent Undo Cycle 1.684ms
[163.343s][info][gc] GC(3201) Pause Young (Concurrent Start) (G1 Humongous Allocation) 901M->35M(2000M) 1.192ms
[163.343s][info][gc] GC(3202) Concurrent Undo Cycle
[163.345s][info][gc] GC(3202) Concurrent Undo Cycle 1.766ms
[163.393s][info][gc] GC(3203) Pause Young (Concurrent Start) (G1 Humongous Allocation) 901M->35M(2000M) 1.204ms
[163.393s][info][gc] GC(3204) Concurrent Undo Cycle
[163.396s][info][gc] GC(3204) Concurrent Undo Cycle 2.671ms
[163.442s][info][gc] GC(3205) Pause Young (Concurrent Start) (G1 Humongous Allocation) 901M->35M(2000M) 1.337ms
[163.442s][info][gc] GC(3206) Concurrent Undo Cycle
[163.445s][info][gc] GC(3206) Concurrent Undo Cycle 2.588ms
[163.492s][info][gc] GC(3207) Pause Young (Concurrent Start) (G1 Humongous Allocation) 901M->35M(2000M) 1.282ms
[163.492s][info][gc] GC(3208) Concurrent Undo Cycle
[163.494s][info][gc] GC(3208) Concurrent Undo Cycle 2.009ms
[163.541s][info][gc] GC(3209) Pause Young (Concurrent Start) (G1 Humongous Allocation) 901M->35M(2000M) 1.362ms
[163.542s][info][gc] GC(3210) Concurrent Undo Cycle
[163.544s][info][gc] GC(3210) Concurrent Undo Cycle 2.590ms
[163.591s][info][gc] GC(3211) Pause Young (Concurrent Start) (G1 Humongous Allocation) 901M->35M(2000M) 1.257ms
[163.591s][info][gc] GC(3212) Concurrent Undo Cycle
[163.593s][info][gc] GC(3212) Concurrent Undo Cycle 2.682ms
[163.640s][info][gc] GC(3213) Pause Young (Concurrent Start) (G1 Humongous Allocation) 901M->35M(2000M) 1.255ms
[163.640s][info][gc] GC(3214) Concurrent Undo Cycle
[163.643s][info][gc] GC(3214) Concurrent Undo Cycle 2.688ms
[163.690s][info][gc] GC(3215) Pause Young (Concurrent Start) (G1 Humongous Allocation) 901M->35M(2000M) 1.332ms
[163.690s][info][gc] GC(3216) Concurrent Undo Cycle
[163.693s][info][gc] GC(3216) Concurrent Undo Cycle 3.464ms
[163.741s][info][gc] GC(3217) Pause Young (Concurrent Start) (G1 Humongous Allocation) 901M->35M(2000M) 1.136ms
[163.741s][info][gc] GC(3218) Concurrent Undo Cycle
[163.743s][info][gc] GC(3218) Concurrent Undo Cycle 1.731ms
[163.789s][info][gc] GC(3219) Pause Young (Concurrent Start) (G1 Humongous Allocation) 901M->35M(2000M) 1.115ms
[163.789s][info][gc] GC(3220) Concurrent Undo Cycle
[163.791s][info][gc] GC(3220) Concurrent Undo Cycle 2.034ms
[163.838s][info][gc] GC(3221) Pause Young (Concurrent Start) (G1 Humongous Allocation) 901M->35M(2000M) 1.294ms
[163.838s][info][gc] GC(3222) Concurrent Undo Cycle
[163.840s][info][gc] GC(3222) Concurrent Undo Cycle 1.752ms
[163.887s][info][gc] GC(3223) Pause Young (Concurrent Start) (G1 Humongous Allocation) 901M->35M(2000M) 1.371ms
[163.888s][info][gc] GC(3224) Concurrent Undo Cycle
[163.890s][info][gc] GC(3224) Concurrent Undo Cycle 2.711ms
[163.938s][info][gc] GC(3225) Pause Young (Concurrent Start) (G1 Humongous Allocation) 901M->35M(2000M) 1.149ms
[163.938s][info][gc] GC(3226) Concurrent Undo Cycle
[163.939s][info][gc] GC(3226) Concurrent Undo Cycle 1.853ms
[163.986s][info][gc] GC(3227) Pause Young (Concurrent Start) (G1 Humongous Allocation) 901M->35M(2000M) 1.427ms
[163.986s][info][gc] GC(3228) Concurrent Undo Cycle
[163.989s][info][gc] GC(3228) Concurrent Undo Cycle 2.820ms
[164.035s][info][gc] GC(3229) Pause Young (Concurrent Start) (G1 Humongous Allocation) 901M->35M(2000M) 1.327ms
[164.035s][info][gc] GC(3230) Concurrent Undo Cycle
[164.038s][info][gc] GC(3230) Concurrent Undo Cycle 2.585ms
[164.085s][info][gc] GC(3231) Pause Young (Concurrent Start) (G1 Humongous Allocation) 901M->35M(2000M) 1.257ms
[164.085s][info][gc] GC(3232) Concurrent Undo Cycle
[164.087s][info][gc] GC(3232) Concurrent Undo Cycle 1.935ms
[164.134s][info][gc] GC(3233) Pause Young (Concurrent Start) (G1 Humongous Allocation) 901M->35M(2000M) 1.394ms
[164.134s][info][gc] GC(3234) Concurrent Undo Cycle
[164.136s][info][gc] GC(3234) Concurrent Undo Cycle 1.676ms
[164.184s][info][gc] GC(3235) Pause Young (Concurrent Start) (G1 Humongous Allocation) 902M->35M(2000M) 1.364ms
[164.184s][info][gc] GC(3236) Concurrent Undo Cycle
[164.188s][info][gc] GC(3236) Concurrent Undo Cycle 4.278ms
[164.235s][info][gc] GC(3237) Pause Young (Concurrent Start) (G1 Humongous Allocation) 902M->36M(2000M) 1.203ms
[164.235s][info][gc] GC(3238) Concurrent Undo Cycle
[164.238s][info][gc] GC(3238) Concurrent Undo Cycle 2.578ms
[164.284s][info][gc] GC(3239) Pause Young (Concurrent Start) (G1 Humongous Allocation) 902M->36M(2000M) 1.224ms
[164.284s][info][gc] GC(3240) Concurrent Undo Cycle
[164.286s][info][gc] GC(3240) Concurrent Undo Cycle 1.705ms
[164.333s][info][gc] GC(3241) Pause Young (Concurrent Start) (G1 Humongous Allocation) 902M->36M(2000M) 1.334ms
[164.333s][info][gc] GC(3242) Concurrent Undo Cycle
[164.335s][info][gc] GC(3242) Concurrent Undo Cycle 1.785ms
[164.382s][info][gc] GC(3243) Pause Young (Concurrent Start) (G1 Humongous Allocation) 902M->36M(2000M) 1.198ms
[164.382s][info][gc] GC(3244) Concurrent Undo Cycle
[164.383s][info][gc] GC(3244) Concurrent Undo Cycle 1.724ms
[164.430s][info][gc] GC(3245) Pause Young (Concurrent Start) (G1 Humongous Allocation) 902M->36M(2000M) 1.282ms
[164.430s][info][gc] GC(3246) Concurrent Undo Cycle
[164.432s][info][gc] GC(3246) Concurrent Undo Cycle 1.799ms
[164.479s][info][gc] GC(3247) Pause Young (Concurrent Start) (G1 Humongous Allocation) 902M->36M(2000M) 1.319ms
[164.479s][info][gc] GC(3248) Concurrent Undo Cycle
[164.481s][info][gc] GC(3248) Concurrent Undo Cycle 2.111ms
[164.530s][info][gc] GC(3249) Pause Young (Concurrent Start) (G1 Humongous Allocation) 902M->36M(2000M) 1.285ms
[164.530s][info][gc] GC(3250) Concurrent Undo Cycle
[164.532s][info][gc] GC(3250) Concurrent Undo Cycle 1.842ms
[164.584s][info][gc] GC(3251) Pause Young (Concurrent Start) (G1 Humongous Allocation) 902M->36M(2000M) 1.435ms
[164.584s][info][gc] GC(3252) Concurrent Undo Cycle
[164.587s][info][gc] GC(3252) Concurrent Undo Cycle 2.240ms
[164.634s][info][gc] GC(3253) Pause Young (Concurrent Start) (G1 Humongous Allocation) 902M->36M(2000M) 1.347ms
[164.634s][info][gc] GC(3254) Concurrent Undo Cycle
[164.636s][info][gc] GC(3254) Concurrent Undo Cycle 1.729ms
[164.689s][info][gc] GC(3255) Pause Young (Concurrent Start) (G1 Humongous Allocation) 902M->36M(2000M) 1.145ms
[164.689s][info][gc] GC(3256) Concurrent Undo Cycle
[164.691s][info][gc] GC(3256) Concurrent Undo Cycle 2.018ms
[164.740s][info][gc] GC(3257) Pause Young (Concurrent Start) (G1 Humongous Allocation) 902M->36M(2000M) 1.431ms
[164.740s][info][gc] GC(3258) Concurrent Undo Cycle
[164.742s][info][gc] GC(3258) Concurrent Undo Cycle 2.563ms
[164.790s][info][gc] GC(3259) Pause Young (Concurrent Start) (G1 Humongous Allocation) 902M->36M(2000M) 1.367ms
[164.790s][info][gc] GC(3260) Concurrent Undo Cycle
[164.792s][info][gc] GC(3260) Concurrent Undo Cycle 2.041ms
[164.839s][info][gc] GC(3261) Pause Young (Concurrent Start) (G1 Humongous Allocation) 902M->36M(2000M) 1.394ms
[164.839s][info][gc] GC(3262) Concurrent Undo Cycle
[164.842s][info][gc] GC(3262) Concurrent Undo Cycle 2.957ms
[164.890s][info][gc] GC(3263) Pause Young (Concurrent Start) (G1 Humongous Allocation) 902M->36M(2000M) 0.877ms
[164.890s][info][gc] GC(3264) Concurrent Undo Cycle
[164.893s][info][gc] GC(3264) Concurrent Undo Cycle 2.196ms
[164.976s][info][gc] GC(3265) Pause Young (Concurrent Start) (G1 Humongous Allocation) 898M->36M(2000M) 1.963ms
[164.977s][info][gc] GC(3266) Concurrent Undo Cycle
[164.979s][info][gc] GC(3266) Concurrent Undo Cycle 2.344ms
[165.095s][info][gc] GC(3267) Pause Young (Concurrent Start) (G1 Humongous Allocation) 898M->40M(2000M) 1.272ms
[165.095s][info][gc] GC(3268) Concurrent Undo Cycle
[165.097s][info][gc] GC(3268) Concurrent Undo Cycle 2.120ms
[165.155s][info][gc] GC(3269) Pause Young (Concurrent Start) (G1 Humongous Allocation) 898M->36M(2000M) 1.142ms
[165.155s][info][gc] GC(3270) Concurrent Undo Cycle
[165.157s][info][gc] GC(3270) Concurrent Undo Cycle 1.790ms
[165.205s][info][gc] GC(3271) Pause Young (Concurrent Start) (G1 Humongous Allocation) 898M->36M(2000M) 1.424ms
[165.205s][info][gc] GC(3272) Concurrent Undo Cycle
[165.206s][info][gc] GC(3272) Concurrent Undo Cycle 1.733ms
[165.257s][info][gc] GC(3273) Pause Young (Concurrent Start) (G1 Humongous Allocation) 898M->40M(2000M) 1.134ms
[165.257s][info][gc] GC(3274) Concurrent Undo Cycle
[165.259s][info][gc] GC(3274) Concurrent Undo Cycle 2.528ms
[165.308s][info][gc] GC(3275) Pause Young (Concurrent Start) (G1 Humongous Allocation) 898M->36M(2000M) 1.240ms
[165.308s][info][gc] GC(3276) Concurrent Undo Cycle
[165.310s][info][gc] GC(3276) Concurrent Undo Cycle 2.601ms
[165.360s][info][gc] GC(3277) Pause Young (Concurrent Start) (G1 Humongous Allocation) 898M->36M(2000M) 1.227ms
[165.360s][info][gc] GC(3278) Concurrent Undo Cycle
[165.362s][info][gc] GC(3278) Concurrent Undo Cycle 1.730ms
[165.424s][info][gc] GC(3279) Pause Young (Concurrent Start) (G1 Humongous Allocation) 898M->40M(2000M) 1.623ms
[165.424s][info][gc] GC(3280) Concurrent Undo Cycle
[165.426s][info][gc] GC(3280) Concurrent Undo Cycle 1.775ms
[165.474s][info][gc] GC(3281) Pause Young (Concurrent Start) (G1 Humongous Allocation) 898M->36M(2000M) 1.224ms
[165.474s][info][gc] GC(3282) Concurrent Undo Cycle
[165.476s][info][gc] GC(3282) Concurrent Undo Cycle 1.742ms
[165.526s][info][gc] GC(3283) Pause Young (Concurrent Start) (G1 Humongous Allocation) 898M->36M(2000M) 1.496ms
[165.526s][info][gc] GC(3284) Concurrent Undo Cycle
[165.528s][info][gc] GC(3284) Concurrent Undo Cycle 2.352ms
[165.577s][info][gc] GC(3285) Pause Young (Concurrent Start) (G1 Humongous Allocation) 898M->40M(2000M) 1.403ms
[165.577s][info][gc] GC(3286) Concurrent Undo Cycle
[165.579s][info][gc] GC(3286) Concurrent Undo Cycle 1.903ms
[165.633s][info][gc] GC(3287) Pause Young (Concurrent Start) (G1 Humongous Allocation) 898M->36M(2000M) 0.862ms
[165.633s][info][gc] GC(3288) Concurrent Undo Cycle
[165.637s][info][gc] GC(3288) Concurrent Undo Cycle 3.205ms
[165.689s][info][gc] GC(3289) Pause Young (Concurrent Start) (G1 Humongous Allocation) 898M->36M(2000M) 1.032ms
[165.690s][info][gc] GC(3290) Concurrent Undo Cycle
[165.691s][info][gc] GC(3290) Concurrent Undo Cycle 1.748ms
[165.745s][info][gc] GC(3291) Pause Young (Concurrent Start) (G1 Humongous Allocation) 898M->40M(2000M) 1.123ms
[165.745s][info][gc] GC(3292) Concurrent Undo Cycle
[165.747s][info][gc] GC(3292) Concurrent Undo Cycle 1.838ms
[165.799s][info][gc] GC(3293) Pause Young (Concurrent Start) (G1 Humongous Allocation) 898M->36M(2000M) 1.141ms
[165.799s][info][gc] GC(3294) Concurrent Undo Cycle
[165.801s][info][gc] GC(3294) Concurrent Undo Cycle 1.847ms
[165.848s][info][gc] GC(3295) Pause Young (Concurrent Start) (G1 Humongous Allocation) 898M->36M(2000M) 1.330ms
[165.848s][info][gc] GC(3296) Concurrent Undo Cycle
[165.850s][info][gc] GC(3296) Concurrent Undo Cycle 1.824ms
[165.898s][info][gc] GC(3297) Pause Young (Concurrent Start) (G1 Humongous Allocation) 898M->40M(2000M) 1.073ms
[165.898s][info][gc] GC(3298) Concurrent Undo Cycle
[165.901s][info][gc] GC(3298) Concurrent Undo Cycle 2.257ms
[165.951s][info][gc] GC(3299) Pause Young (Concurrent Start) (G1 Humongous Allocation) 898M->36M(2000M) 1.549ms
[165.951s][info][gc] GC(3300) Concurrent Undo Cycle
[165.953s][info][gc] GC(3300) Concurrent Undo Cycle 1.890ms
[166.005s][info][gc] GC(3301) Pause Young (Concurrent Start) (G1 Humongous Allocation) 898M->36M(2000M) 1.210ms
[166.005s][info][gc] GC(3302) Concurrent Undo Cycle
[166.007s][info][gc] GC(3302) Concurrent Undo Cycle 2.183ms
[166.058s][info][gc] GC(3303) Pause Young (Concurrent Start) (G1 Humongous Allocation) 898M->40M(2000M) 1.199ms
[166.058s][info][gc] GC(3304) Concurrent Undo Cycle
[166.060s][info][gc] GC(3304) Concurrent Undo Cycle 1.713ms
[166.109s][info][gc] GC(3305) Pause Young (Concurrent Start) (G1 Humongous Allocation) 898M->36M(2000M) 1.058ms
[166.109s][info][gc] GC(3306) Concurrent Undo Cycle
[166.111s][info][gc] GC(3306) Concurrent Undo Cycle 1.746ms
[166.160s][info][gc] GC(3307) Pause Young (Concurrent Start) (G1 Humongous Allocation) 898M->36M(2000M) 1.509ms
[166.161s][info][gc] GC(3308) Concurrent Undo Cycle
[166.163s][info][gc] GC(3308) Concurrent Undo Cycle 2.616ms
[166.217s][info][gc] GC(3309) Pause Young (Concurrent Start) (G1 Humongous Allocation) 898M->40M(2000M) 1.199ms
[166.217s][info][gc] GC(3310) Concurrent Undo Cycle
[166.219s][info][gc] GC(3310) Concurrent Undo Cycle 1.907ms
[166.267s][info][gc] GC(3311) Pause Young (Concurrent Start) (G1 Humongous Allocation) 898M->36M(2000M) 1.276ms
[166.267s][info][gc] GC(3312) Concurrent Undo Cycle
[166.270s][info][gc] GC(3312) Concurrent Undo Cycle 2.604ms
[166.317s][info][gc] GC(3313) Pause Young (Concurrent Start) (G1 Humongous Allocation) 898M->36M(2000M) 1.331ms
[166.317s][info][gc] GC(3314) Concurrent Undo Cycle
[166.318s][info][gc] GC(3314) Concurrent Undo Cycle 1.657ms
[166.366s][info][gc] GC(3315) Pause Young (Concurrent Start) (G1 Humongous Allocation) 898M->40M(2000M) 1.266ms
[166.366s][info][gc] GC(3316) Concurrent Undo Cycle
[166.369s][info][gc] GC(3316) Concurrent Undo Cycle 2.629ms
[166.418s][info][gc] GC(3317) Pause Young (Concurrent Start) (G1 Humongous Allocation) 898M->36M(2000M) 1.166ms
[166.418s][info][gc] GC(3318) Concurrent Undo Cycle
[166.419s][info][gc] GC(3318) Concurrent Undo Cycle 1.776ms
[166.467s][info][gc] GC(3319) Pause Young (Concurrent Start) (G1 Humongous Allocation) 898M->36M(2000M) 1.074ms
[166.467s][info][gc] GC(3320) Concurrent Undo Cycle
[166.469s][info][gc] GC(3320) Concurrent Undo Cycle 1.809ms
[166.516s][info][gc] GC(3321) Pause Young (Concurrent Start) (G1 Humongous Allocation) 898M->40M(2000M) 1.358ms
[166.516s][info][gc] GC(3322) Concurrent Undo Cycle
[166.518s][info][gc] GC(3322) Concurrent Undo Cycle 1.964ms
[166.566s][info][gc] GC(3323) Pause Young (Concurrent Start) (G1 Humongous Allocation) 898M->36M(2000M) 1.075ms
[166.566s][info][gc] GC(3324) Concurrent Undo Cycle
[166.568s][info][gc] GC(3324) Concurrent Undo Cycle 1.670ms
[166.614s][info][gc] GC(3325) Pause Young (Concurrent Start) (G1 Humongous Allocation) 898M->36M(2000M) 1.337ms
[166.614s][info][gc] GC(3326) Concurrent Undo Cycle
[166.617s][info][gc] GC(3326) Concurrent Undo Cycle 2.515ms
[166.665s][info][gc] GC(3327) Pause Young (Concurrent Start) (G1 Humongous Allocation) 898M->40M(2000M) 1.254ms
[166.665s][info][gc] GC(3328) Concurrent Undo Cycle
[166.668s][info][gc] GC(3328) Concurrent Undo Cycle 2.659ms
[166.717s][info][gc] GC(3329) Pause Young (Concurrent Start) (G1 Humongous Allocation) 898M->36M(2000M) 1.522ms
[166.717s][info][gc] GC(3330) Concurrent Undo Cycle
[166.719s][info][gc] GC(3330) Concurrent Undo Cycle 1.887ms
[166.766s][info][gc] GC(3331) Pause Young (Concurrent Start) (G1 Humongous Allocation) 898M->36M(2000M) 1.304ms
[166.766s][info][gc] GC(3332) Concurrent Undo Cycle
[166.768s][info][gc] GC(3332) Concurrent Undo Cycle 1.752ms
[166.815s][info][gc] GC(3333) Pause Young (Concurrent Start) (G1 Humongous Allocation) 898M->40M(2000M) 1.291ms
[166.815s][info][gc] GC(3334) Concurrent Undo Cycle
[166.817s][info][gc] GC(3334) Concurrent Undo Cycle 1.759ms
[166.864s][info][gc] GC(3335) Pause Young (Concurrent Start) (G1 Humongous Allocation) 898M->36M(2000M) 1.313ms
[166.864s][info][gc] GC(3336) Concurrent Undo Cycle
[166.866s][info][gc] GC(3336) Concurrent Undo Cycle 1.969ms
[166.915s][info][gc] GC(3337) Pause Young (Concurrent Start) (G1 Humongous Allocation) 898M->36M(2000M) 1.286ms
[166.915s][info][gc] GC(3338) Concurrent Undo Cycle
[166.917s][info][gc] GC(3338) Concurrent Undo Cycle 1.744ms
[166.965s][info][gc] GC(3339) Pause Young (Concurrent Start) (G1 Humongous Allocation) 898M->40M(2000M) 1.225ms
[166.965s][info][gc] GC(3340) Concurrent Undo Cycle
[166.967s][info][gc] GC(3340) Concurrent Undo Cycle 2.021ms
[167.016s][info][gc] GC(3341) Pause Young (Concurrent Start) (G1 Humongous Allocation) 898M->36M(2000M) 1.199ms
[167.016s][info][gc] GC(3342) Concurrent Undo Cycle
[167.018s][info][gc] GC(3342) Concurrent Undo Cycle 1.700ms
[167.070s][info][gc] GC(3343) Pause Young (Concurrent Start) (G1 Humongous Allocation) 898M->36M(2000M) 1.187ms
[167.070s][info][gc] GC(3344) Concurrent Undo Cycle
[167.072s][info][gc] GC(3344) Concurrent Undo Cycle 1.778ms
[167.125s][info][gc] GC(3345) Pause Young (Concurrent Start) (G1 Humongous Allocation) 899M->40M(2000M) 1.046ms
[167.125s][info][gc] GC(3346) Concurrent Undo Cycle
[167.127s][info][gc] GC(3346) Concurrent Undo Cycle 2.107ms
[167.181s][info][gc] GC(3347) Pause Young (Concurrent Start) (G1 Humongous Allocation) 898M->36M(2000M) 1.176ms
[167.181s][info][gc] GC(3348) Concurrent Undo Cycle
[167.184s][info][gc] GC(3348) Concurrent Undo Cycle 2.968ms
[167.235s][info][gc] GC(3349) Pause Young (Concurrent Start) (G1 Humongous Allocation) 898M->36M(2000M) 1.246ms
[167.235s][info][gc] GC(3350) Concurrent Undo Cycle
[167.238s][info][gc] GC(3350) Concurrent Undo Cycle 2.658ms
[167.288s][info][gc] GC(3351) Pause Young (Concurrent Start) (G1 Humongous Allocation) 898M->40M(2000M) 1.508ms
[167.288s][info][gc] GC(3352) Concurrent Undo Cycle
[167.290s][info][gc] GC(3352) Concurrent Undo Cycle 1.999ms
[167.342s][info][gc] GC(3353) Pause Young (Concurrent Start) (G1 Humongous Allocation) 898M->36M(2000M) 1.164ms
[167.342s][info][gc] GC(3354) Concurrent Undo Cycle
[167.344s][info][gc] GC(3354) Concurrent Undo Cycle 2.745ms
[167.392s][info][gc] GC(3355) Pause Young (Concurrent Start) (G1 Humongous Allocation) 898M->36M(2000M) 1.168ms
[167.392s][info][gc] GC(3356) Concurrent Undo Cycle
[167.394s][info][gc] GC(3356) Concurrent Undo Cycle 1.959ms
[167.445s][info][gc] GC(3357) Pause Young (Concurrent Start) (G1 Humongous Allocation) 898M->40M(2000M) 1.367ms
[167.445s][info][gc] GC(3358) Concurrent Undo Cycle
[167.447s][info][gc] GC(3358) Concurrent Undo Cycle 2.063ms
[167.494s][info][gc] GC(3359) Pause Young (Concurrent Start) (G1 Humongous Allocation) 898M->36M(2000M) 1.335ms
[167.494s][info][gc] GC(3360) Concurrent Undo Cycle
[167.497s][info][gc] GC(3360) Concurrent Undo Cycle 2.586ms
[167.546s][info][gc] GC(3361) Pause Young (Concurrent Start) (G1 Humongous Allocation) 898M->36M(2000M) 1.232ms
[167.546s][info][gc] GC(3362) Concurrent Undo Cycle
[167.549s][info][gc] GC(3362) Concurrent Undo Cycle 2.576ms
[167.596s][info][gc] GC(3363) Pause Young (Concurrent Start) (G1 Humongous Allocation) 898M->40M(2000M) 1.331ms
[167.596s][info][gc] GC(3364) Concurrent Undo Cycle
[167.598s][info][gc] GC(3364) Concurrent Undo Cycle 2.027ms
[167.646s][info][gc] GC(3365) Pause Young (Concurrent Start) (G1 Humongous Allocation) 898M->36M(2000M) 1.394ms
[167.646s][info][gc] GC(3366) Concurrent Undo Cycle
[167.648s][info][gc] GC(3366) Concurrent Undo Cycle 1.728ms
[167.694s][info][gc] GC(3367) Pause Young (Concurrent Start) (G1 Humongous Allocation) 898M->36M(2000M) 1.102ms
[167.694s][info][gc] GC(3368) Concurrent Undo Cycle
[167.696s][info][gc] GC(3368) Concurrent Undo Cycle 1.744ms
[167.745s][info][gc] GC(3369) Pause Young (Concurrent Start) (G1 Humongous Allocation) 898M->40M(2000M) 1.296ms
[167.746s][info][gc] GC(3370) Concurrent Undo Cycle
[167.747s][info][gc] GC(3370) Concurrent Undo Cycle 1.823ms
[167.796s][info][gc] GC(3371) Pause Young (Concurrent Start) (G1 Humongous Allocation) 898M->36M(2000M) 1.350ms
[167.796s][info][gc] GC(3372) Concurrent Undo Cycle
[167.800s][info][gc] GC(3372) Concurrent Undo Cycle 4.436ms
[167.847s][info][gc] GC(3373) Pause Young (Concurrent Start) (G1 Humongous Allocation) 899M->36M(2000M) 1.120ms
[167.847s][info][gc] GC(3374) Concurrent Undo Cycle
[167.849s][info][gc] GC(3374) Concurrent Undo Cycle 1.737ms
[167.896s][info][gc] GC(3375) Pause Young (Concurrent Start) (G1 Humongous Allocation) 899M->41M(2000M) 1.236ms
[167.897s][info][gc] GC(3376) Concurrent Undo Cycle
[167.899s][info][gc] GC(3376) Concurrent Undo Cycle 2.042ms
[167.948s][info][gc] GC(3377) Pause Young (Concurrent Start) (G1 Humongous Allocation) 899M->37M(2000M) 1.264ms
[167.948s][info][gc] GC(3378) Concurrent Undo Cycle
[167.950s][info][gc] GC(3378) Concurrent Undo Cycle 2.619ms
[167.997s][info][gc] GC(3379) Pause Young (Concurrent Start) (G1 Humongous Allocation) 899M->37M(2000M) 1.155ms
[167.997s][info][gc] GC(3380) Concurrent Undo Cycle
[167.999s][info][gc] GC(3380) Concurrent Undo Cycle 1.760ms
[168.046s][info][gc] GC(3381) Pause Young (Concurrent Start) (G1 Humongous Allocation) 899M->41M(2000M) 1.067ms
[168.046s][info][gc] GC(3382) Concurrent Undo Cycle
[168.048s][info][gc] GC(3382) Concurrent Undo Cycle 1.765ms
[168.095s][info][gc] GC(3383) Pause Young (Concurrent Start) (G1 Humongous Allocation) 899M->37M(2000M) 1.096ms
[168.095s][info][gc] GC(3384) Concurrent Undo Cycle
[168.097s][info][gc] GC(3384) Concurrent Undo Cycle 1.734ms
[168.144s][info][gc] GC(3385) Pause Young (Concurrent Start) (G1 Humongous Allocation) 899M->37M(2000M) 1.195ms
[168.144s][info][gc] GC(3386) Concurrent Undo Cycle
[168.146s][info][gc] GC(3386) Concurrent Undo Cycle 1.711ms
[168.195s][info][gc] GC(3387) Pause Young (Concurrent Start) (G1 Humongous Allocation) 899M->41M(2000M) 1.360ms
[168.195s][info][gc] GC(3388) Concurrent Undo Cycle
[168.197s][info][gc] GC(3388) Concurrent Undo Cycle 1.694ms
[168.245s][info][gc] GC(3389) Pause Young (Concurrent Start) (G1 Humongous Allocation) 899M->37M(2000M) 1.306ms
[168.245s][info][gc] GC(3390) Concurrent Undo Cycle
[168.247s][info][gc] GC(3390) Concurrent Undo Cycle 1.678ms
[168.295s][info][gc] GC(3391) Pause Young (Concurrent Start) (G1 Humongous Allocation) 899M->37M(2000M) 1.395ms
[168.295s][info][gc] GC(3392) Concurrent Undo Cycle
[168.297s][info][gc] GC(3392) Concurrent Undo Cycle 2.432ms
[168.344s][info][gc] GC(3393) Pause Young (Concurrent Start) (G1 Humongous Allocation) 899M->41M(2000M) 1.263ms
[168.344s][info][gc] GC(3394) Concurrent Undo Cycle
[168.347s][info][gc] GC(3394) Concurrent Undo Cycle 3.235ms
[168.394s][info][gc] GC(3395) Pause Young (Concurrent Start) (G1 Humongous Allocation) 899M->37M(2000M) 1.195ms
[168.395s][info][gc] GC(3396) Concurrent Undo Cycle
[168.396s][info][gc] GC(3396) Concurrent Undo Cycle 1.698ms
[168.445s][info][gc] GC(3397) Pause Young (Concurrent Start) (G1 Humongous Allocation) 899M->37M(2000M) 1.223ms
[168.445s][info][gc] GC(3398) Concurrent Undo Cycle
[168.447s][info][gc] GC(3398) Concurrent Undo Cycle 1.809ms
[168.494s][info][gc] GC(3399) Pause Young (Concurrent Start) (G1 Humongous Allocation) 899M->41M(2000M) 1.330ms
[168.494s][info][gc] GC(3400) Concurrent Undo Cycle
[168.496s][info][gc] GC(3400) Concurrent Undo Cycle 1.807ms
[168.543s][info][gc] GC(3401) Pause Young (Concurrent Start) (G1 Humongous Allocation) 899M->37M(2000M) 1.236ms
[168.543s][info][gc] GC(3402) Concurrent Undo Cycle
[168.548s][info][gc] GC(3402) Concurrent Undo Cycle 4.608ms
[168.595s][info][gc] GC(3403) Pause Young (Concurrent Start) (G1 Humongous Allocation) 899M->37M(2000M) 1.136ms
[168.595s][info][gc] GC(3404) Concurrent Undo Cycle
[168.596s][info][gc] GC(3404) Concurrent Undo Cycle 1.647ms
[168.644s][info][gc] GC(3405) Pause Young (Concurrent Start) (G1 Humongous Allocation) 899M->41M(2000M) 1.312ms
[168.644s][info][gc] GC(3406) Concurrent Undo Cycle
[168.646s][info][gc] GC(3406) Concurrent Undo Cycle 1.881ms
[168.692s][info][gc] GC(3407) Pause Young (Concurrent Start) (G1 Humongous Allocation) 899M->37M(2000M) 1.348ms
[168.693s][info][gc] GC(3408) Concurrent Undo Cycle
[168.694s][info][gc] GC(3408) Concurrent Undo Cycle 1.946ms
[168.744s][info][gc] GC(3409) Pause Young (Concurrent Start) (G1 Humongous Allocation) 899M->37M(2000M) 1.259ms
[168.744s][info][gc] GC(3410) Concurrent Undo Cycle
[168.746s][info][gc] GC(3410) Concurrent Undo Cycle 1.668ms
[168.795s][info][gc] GC(3411) Pause Young (Concurrent Start) (G1 Humongous Allocation) 899M->41M(2000M) 1.373ms
[168.795s][info][gc] GC(3412) Concurrent Undo Cycle
[168.796s][info][gc] GC(3412) Concurrent Undo Cycle 1.673ms
[168.844s][info][gc] GC(3413) Pause Young (Concurrent Start) (G1 Humongous Allocation) 899M->37M(2000M) 1.296ms
[168.844s][info][gc] GC(3414) Concurrent Undo Cycle
[168.846s][info][gc] GC(3414) Concurrent Undo Cycle 1.892ms
[168.894s][info][gc] GC(3415) Pause Young (Concurrent Start) (G1 Humongous Allocation) 899M->37M(2000M) 1.254ms
[168.894s][info][gc] GC(3416) Concurrent Undo Cycle
[168.896s][info][gc] GC(3416) Concurrent Undo Cycle 2.495ms
[168.944s][info][gc] GC(3417) Pause Young (Concurrent Start) (G1 Humongous Allocation) 899M->41M(2000M) 1.189ms
[168.944s][info][gc] GC(3418) Concurrent Undo Cycle
[168.947s][info][gc] GC(3418) Concurrent Undo Cycle 2.663ms
[168.994s][info][gc] GC(3419) Pause Young (Concurrent Start) (G1 Humongous Allocation) 899M->37M(2000M) 1.260ms
[168.994s][info][gc] GC(3420) Concurrent Undo Cycle
[168.996s][info][gc] GC(3420) Concurrent Undo Cycle 1.720ms
[169.048s][info][gc] GC(3421) Pause Young (Concurrent Start) (G1 Humongous Allocation) 899M->37M(2000M) 1.172ms
[169.048s][info][gc] GC(3422) Concurrent Undo Cycle
[169.051s][info][gc] GC(3422) Concurrent Undo Cycle 2.700ms
[169.101s][info][gc] GC(3423) Pause Young (Concurrent Start) (G1 Humongous Allocation) 899M->41M(2000M) 1.112ms
[169.101s][info][gc] GC(3424) Concurrent Undo Cycle
[169.103s][info][gc] GC(3424) Concurrent Undo Cycle 1.826ms
[169.153s][info][gc] GC(3425) Pause Young (Concurrent Start) (G1 Humongous Allocation) 899M->37M(2000M) 1.048ms
[169.153s][info][gc] GC(3426) Concurrent Undo Cycle
[169.155s][info][gc] GC(3426) Concurrent Undo Cycle 1.734ms
[169.204s][info][gc] GC(3427) Pause Young (Concurrent Start) (G1 Humongous Allocation) 899M->37M(2000M) 1.027ms
[169.204s][info][gc] GC(3428) Concurrent Undo Cycle
[169.206s][info][gc] GC(3428) Concurrent Undo Cycle 1.899ms
[169.256s][info][gc] GC(3429) Pause Young (Concurrent Start) (G1 Humongous Allocation) 899M->41M(2000M) 1.193ms
[169.256s][info][gc] GC(3430) Concurrent Undo Cycle
[169.259s][info][gc] GC(3430) Concurrent Undo Cycle 2.790ms
[169.309s][info][gc] GC(3431) Pause Young (Concurrent Start) (G1 Humongous Allocation) 899M->37M(2000M) 1.049ms
[169.309s][info][gc] GC(3432) Concurrent Undo Cycle
[169.311s][info][gc] GC(3432) Concurrent Undo Cycle 1.894ms
[169.359s][info][gc] GC(3433) Pause Young (Concurrent Start) (G1 Humongous Allocation) 899M->37M(2000M) 1.162ms
[169.359s][info][gc] GC(3434) Concurrent Undo Cycle
[169.360s][info][gc] GC(3434) Concurrent Undo Cycle 1.683ms
[169.415s][info][gc] GC(3435) Pause Young (Concurrent Start) (G1 Humongous Allocation) 899M->41M(2000M) 1.148ms
[169.415s][info][gc] GC(3436) Concurrent Undo Cycle
[169.416s][info][gc] GC(3436) Concurrent Undo Cycle 1.747ms
[169.464s][info][gc] GC(3437) Pause Young (Concurrent Start) (G1 Humongous Allocation) 899M->37M(2000M) 1.286ms
[169.464s][info][gc] GC(3438) Concurrent Undo Cycle
[169.466s][info][gc] GC(3438) Concurrent Undo Cycle 1.744ms
[169.519s][info][gc] GC(3439) Pause Young (Concurrent Start) (G1 Humongous Allocation) 899M->37M(2000M) 1.220ms
[169.519s][info][gc] GC(3440) Concurrent Undo Cycle
[169.521s][info][gc] GC(3440) Concurrent Undo Cycle 2.454ms
[169.574s][info][gc] GC(3441) Pause Young (Concurrent Start) (G1 Humongous Allocation) 899M->41M(2000M) 1.190ms
[169.574s][info][gc] GC(3442) Concurrent Undo Cycle
[169.575s][info][gc] GC(3442) Concurrent Undo Cycle 1.780ms
[169.632s][info][gc] GC(3443) Pause Young (Concurrent Start) (G1 Humongous Allocation) 899M->37M(2000M) 1.060ms
[169.632s][info][gc] GC(3444) Concurrent Undo Cycle
[169.634s][info][gc] GC(3444) Concurrent Undo Cycle 1.724ms
[169.688s][info][gc] GC(3445) Pause Young (Concurrent Start) (G1 Humongous Allocation) 899M->37M(2000M) 1.172ms
[169.688s][info][gc] GC(3446) Concurrent Undo Cycle
[169.690s][info][gc] GC(3446) Concurrent Undo Cycle 1.715ms
[169.743s][info][gc] GC(3447) Pause Young (Concurrent Start) (G1 Humongous Allocation) 899M->41M(2000M) 1.214ms
[169.743s][info][gc] GC(3448) Concurrent Undo Cycle
[169.748s][info][gc] GC(3448) Concurrent Undo Cycle 4.385ms
[169.801s][info][gc] GC(3449) Pause Young (Concurrent Start) (G1 Humongous Allocation) 899M->37M(2000M) 1.143ms
[169.801s][info][gc] GC(3450) Concurrent Undo Cycle
[169.802s][info][gc] GC(3450) Concurrent Undo Cycle 1.746ms
[169.860s][info][gc] GC(3451) Pause Young (Concurrent Start) (G1 Humongous Allocation) 899M->37M(2000M) 1.346ms
[169.860s][info][gc] GC(3452) Concurrent Undo Cycle
[169.863s][info][gc] GC(3452) Concurrent Undo Cycle 2.978ms
[169.917s][info][gc] GC(3453) Pause Young (Concurrent Start) (G1 Humongous Allocation) 899M->41M(2000M) 1.133ms
[169.917s][info][gc] GC(3454) Concurrent Undo Cycle
[169.919s][info][gc] GC(3454) Concurrent Undo Cycle 1.873ms
[169.968s][info][gc] GC(3455) Pause Young (Concurrent Start) (G1 Humongous Allocation) 899M->37M(2000M) 1.997ms
[169.968s][info][gc] GC(3456) Concurrent Undo Cycle
[169.971s][info][gc] GC(3456) Concurrent Undo Cycle 2.650ms
[170.018s][info][gc] GC(3457) Pause Young (Concurrent Start) (G1 Humongous Allocation) 899M->37M(2000M) 1.146ms
[170.018s][info][gc] GC(3458) Concurrent Undo Cycle
[170.020s][info][gc] GC(3458) Concurrent Undo Cycle 1.735ms
[170.068s][info][gc] GC(3459) Pause Young (Concurrent Start) (G1 Humongous Allocation) 899M->41M(2000M) 1.251ms
[170.068s][info][gc] GC(3460) Concurrent Undo Cycle
[170.070s][info][gc] GC(3460) Concurrent Undo Cycle 1.910ms
[170.117s][info][gc] GC(3461) Pause Young (Concurrent Start) (G1 Humongous Allocation) 899M->37M(2000M) 1.204ms
[170.117s][info][gc] GC(3462) Concurrent Undo Cycle
[170.119s][info][gc] GC(3462) Concurrent Undo Cycle 1.710ms
[170.166s][info][gc] GC(3463) Pause Young (Concurrent Start) (G1 Humongous Allocation) 899M->37M(2000M) 1.233ms
[170.167s][info][gc] GC(3464) Concurrent Undo Cycle
[170.168s][info][gc] GC(3464) Concurrent Undo Cycle 1.716ms
[170.216s][info][gc] GC(3465) Pause Young (Concurrent Start) (G1 Humongous Allocation) 899M->41M(2000M) 1.224ms
[170.216s][info][gc] GC(3466) Concurrent Undo Cycle
[170.218s][info][gc] GC(3466) Concurrent Undo Cycle 1.788ms
[170.268s][info][gc] GC(3467) Pause Young (Concurrent Start) (G1 Humongous Allocation) 899M->37M(2000M) 1.392ms
[170.268s][info][gc] GC(3468) Concurrent Undo Cycle
[170.270s][info][gc] GC(3468) Concurrent Undo Cycle 1.833ms
[170.318s][info][gc] GC(3469) Pause Young (Concurrent Start) (G1 Humongous Allocation) 899M->37M(2000M) 1.355ms
[170.318s][info][gc] GC(3470) Concurrent Undo Cycle
[170.321s][info][gc] GC(3470) Concurrent Undo Cycle 2.510ms
[170.368s][info][gc] GC(3471) Pause Young (Concurrent Start) (G1 Humongous Allocation) 899M->41M(2000M) 1.076ms
[170.368s][info][gc] GC(3472) Concurrent Undo Cycle
[170.370s][info][gc] GC(3472) Concurrent Undo Cycle 1.757ms
[170.417s][info][gc] GC(3473) Pause Young (Concurrent Start) (G1 Humongous Allocation) 899M->37M(2000M) 1.157ms
[170.417s][info][gc] GC(3474) Concurrent Undo Cycle
[170.419s][info][gc] GC(3474) Concurrent Undo Cycle 1.719ms
[170.467s][info][gc] GC(3475) Pause Young (Concurrent Start) (G1 Humongous Allocation) 899M->37M(2000M) 1.347ms
[170.467s][info][gc] GC(3476) Concurrent Undo Cycle
[170.470s][info][gc] GC(3476) Concurrent Undo Cycle 2.474ms
[170.516s][info][gc] GC(3477) Pause Young (Concurrent Start) (G1 Humongous Allocation) 899M->41M(2000M) 1.231ms
[170.516s][info][gc] GC(3478) Concurrent Undo Cycle
[170.519s][info][gc] GC(3478) Concurrent Undo Cycle 2.625ms
[170.571s][info][gc] GC(3479) Pause Young (Concurrent Start) (G1 Humongous Allocation) 899M->37M(2000M) 1.310ms
[170.571s][info][gc] GC(3480) Concurrent Undo Cycle
[170.573s][info][gc] GC(3480) Concurrent Undo Cycle 1.734ms
[170.620s][info][gc] GC(3481) Pause Young (Concurrent Start) (G1 Humongous Allocation) 899M->37M(2000M) 1.231ms
[170.620s][info][gc] GC(3482) Concurrent Undo Cycle
[170.622s][info][gc] GC(3482) Concurrent Undo Cycle 1.810ms
[170.670s][info][gc] GC(3483) Pause Young (Concurrent Start) (G1 Humongous Allocation) 899M->41M(2000M) 1.345ms
[170.670s][info][gc] GC(3484) Concurrent Undo Cycle
[170.673s][info][gc] GC(3484) Concurrent Undo Cycle 2.803ms
[170.720s][info][gc] GC(3485) Pause Young (Concurrent Start) (G1 Humongous Allocation) 899M->37M(2000M) 1.283ms
[170.720s][info][gc] GC(3486) Concurrent Undo Cycle
[170.723s][info][gc] GC(3486) Concurrent Undo Cycle 2.573ms
[170.769s][info][gc] GC(3487) Pause Young (Concurrent Start) (G1 Humongous Allocation) 899M->37M(2000M) 1.192ms
[170.770s][info][gc] GC(3488) Concurrent Undo Cycle
[170.771s][info][gc] GC(3488) Concurrent Undo Cycle 1.769ms
[170.819s][info][gc] GC(3489) Pause Young (Concurrent Start) (G1 Humongous Allocation) 899M->41M(2000M) 1.062ms
[170.819s][info][gc] GC(3490) Concurrent Undo Cycle
[170.820s][info][gc] GC(3490) Concurrent Undo Cycle 1.788ms
[170.868s][info][gc] GC(3491) Pause Young (Concurrent Start) (G1 Humongous Allocation) 899M->37M(2000M) 1.344ms
[170.868s][info][gc] GC(3492) Concurrent Undo Cycle
[170.870s][info][gc] GC(3492) Concurrent Undo Cycle 2.520ms
[170.917s][info][gc] GC(3493) Pause Young (Concurrent Start) (G1 Humongous Allocation) 899M->37M(2000M) 1.079ms
[170.917s][info][gc] GC(3494) Concurrent Undo Cycle
[170.919s][info][gc] GC(3494) Concurrent Undo Cycle 1.815ms
[170.968s][info][gc] GC(3495) Pause Young (Concurrent Start) (G1 Humongous Allocation) 899M->41M(2000M) 1.428ms
[170.968s][info][gc] GC(3496) Concurrent Undo Cycle
[170.970s][info][gc] GC(3496) Concurrent Undo Cycle 2.037ms
[171.017s][info][gc] GC(3497) Pause Young (Concurrent Start) (G1 Humongous Allocation) 899M->37M(2000M) 1.285ms
[171.017s][info][gc] GC(3498) Concurrent Undo Cycle
[171.019s][info][gc] GC(3498) Concurrent Undo Cycle 1.741ms
[171.068s][info][gc] GC(3499) Pause Young (Concurrent Start) (G1 Humongous Allocation) 899M->37M(2000M) 1.252ms
[171.068s][info][gc] GC(3500) Concurrent Undo Cycle
[171.070s][info][gc] GC(3500) Concurrent Undo Cycle 1.688ms
[171.119s][info][gc] GC(3501) Pause Young (Concurrent Start) (G1 Humongous Allocation) 900M->41M(2000M) 1.258ms
[171.119s][info][gc] GC(3502) Concurrent Undo Cycle
[171.121s][info][gc] GC(3502) Concurrent Undo Cycle 1.949ms
[171.170s][info][gc] GC(3503) Pause Young (Concurrent Start) (G1 Humongous Allocation) 899M->37M(2000M) 1.350ms
[171.170s][info][gc] GC(3504) Concurrent Undo Cycle
[171.172s][info][gc] GC(3504) Concurrent Undo Cycle 1.936ms
[171.221s][info][gc] GC(3505) Pause Young (Concurrent Start) (G1 Humongous Allocation) 899M->37M(2000M) 1.200ms
[171.221s][info][gc] GC(3506) Concurrent Undo Cycle
[171.224s][info][gc] GC(3506) Concurrent Undo Cycle 2.594ms
[171.271s][info][gc] GC(3507) Pause Young (Concurrent Start) (G1 Humongous Allocation) 899M->41M(2000M) 1.427ms
[171.271s][info][gc] GC(3508) Concurrent Undo Cycle
[171.273s][info][gc] GC(3508) Concurrent Undo Cycle 1.899ms
[171.322s][info][gc] GC(3509) Pause Young (Concurrent Start) (G1 Humongous Allocation) 899M->37M(2000M) 1.356ms
[171.322s][info][gc] GC(3510) Concurrent Undo Cycle
[171.325s][info][gc] GC(3510) Concurrent Undo Cycle 2.675ms
[171.372s][info][gc] GC(3511) Pause Young (Concurrent Start) (G1 Humongous Allocation) 899M->37M(2000M) 1.369ms
[171.372s][info][gc] GC(3512) Concurrent Undo Cycle
[171.375s][info][gc] GC(3512) Concurrent Undo Cycle 2.475ms
[171.428s][info][gc] GC(3513) Pause Young (Concurrent Start) (G1 Humongous Allocation) 900M->42M(2000M) 1.450ms
[171.428s][info][gc] GC(3514) Concurrent Undo Cycle
[171.430s][info][gc] GC(3514) Concurrent Undo Cycle 1.846ms
[171.477s][info][gc] GC(3515) Pause Young (Concurrent Start) (G1 Humongous Allocation) 900M->38M(2000M) 1.161ms
[171.478s][info][gc] GC(3516) Concurrent Undo Cycle
[171.479s][info][gc] GC(3516) Concurrent Undo Cycle 1.784ms
[171.527s][info][gc] GC(3517) Pause Young (Concurrent Start) (G1 Humongous Allocation) 900M->38M(2000M) 1.399ms
[171.527s][info][gc] GC(3518) Concurrent Undo Cycle
[171.529s][info][gc] GC(3518) Concurrent Undo Cycle 1.721ms
[171.577s][info][gc] GC(3519) Pause Young (Concurrent Start) (G1 Humongous Allocation) 900M->42M(2000M) 1.409ms
[171.577s][info][gc] GC(3520) Concurrent Undo Cycle
[171.579s][info][gc] GC(3520) Concurrent Undo Cycle 1.766ms
[171.626s][info][gc] GC(3521) Pause Young (Concurrent Start) (G1 Humongous Allocation) 900M->38M(2000M) 1.185ms
[171.626s][info][gc] GC(3522) Concurrent Undo Cycle
[171.628s][info][gc] GC(3522) Concurrent Undo Cycle 1.757ms
[171.676s][info][gc] GC(3523) Pause Young (Concurrent Start) (G1 Humongous Allocation) 900M->38M(2000M) 1.230ms
[171.676s][info][gc] GC(3524) Concurrent Undo Cycle
[171.678s][info][gc] GC(3524) Concurrent Undo Cycle 1.690ms
[171.728s][info][gc] GC(3525) Pause Young (Concurrent Start) (G1 Humongous Allocation) 900M->42M(2000M) 1.547ms
[171.728s][info][gc] GC(3526) Concurrent Undo Cycle
[171.730s][info][gc] GC(3526) Concurrent Undo Cycle 2.603ms
[171.784s][info][gc] GC(3527) Pause Young (Concurrent Start) (G1 Humongous Allocation) 900M->38M(2000M) 1.185ms
[171.784s][info][gc] GC(3528) Concurrent Undo Cycle
[171.786s][info][gc] GC(3528) Concurrent Undo Cycle 1.709ms
[171.834s][info][gc] GC(3529) Pause Young (Concurrent Start) (G1 Humongous Allocation) 900M->38M(2000M) 1.304ms
[171.834s][info][gc] GC(3530) Concurrent Undo Cycle
[171.836s][info][gc] GC(3530) Concurrent Undo Cycle 1.847ms
[171.883s][info][gc] GC(3531) Pause Young (Concurrent Start) (G1 Humongous Allocation) 900M->42M(2000M) 0.994ms
[171.883s][info][gc] GC(3532) Concurrent Undo Cycle
[171.885s][info][gc] GC(3532) Concurrent Undo Cycle 1.757ms
[171.938s][info][gc] GC(3533) Pause Young (Concurrent Start) (G1 Humongous Allocation) 900M->38M(2000M) 1.215ms
[171.938s][info][gc] GC(3534) Concurrent Undo Cycle
[171.939s][info][gc] GC(3534) Concurrent Undo Cycle 1.622ms
[171.993s][info][gc] GC(3535) Pause Young (Concurrent Start) (G1 Humongous Allocation) 900M->38M(2000M) 1.236ms
[171.993s][info][gc] GC(3536) Concurrent Undo Cycle
[171.995s][info][gc] GC(3536) Concurrent Undo Cycle 2.508ms
[172.048s][info][gc] GC(3537) Pause Young (Concurrent Start) (G1 Humongous Allocation) 900M->42M(2000M) 1.450ms
[172.048s][info][gc] GC(3538) Concurrent Undo Cycle
[172.051s][info][gc] GC(3538) Concurrent Undo Cycle 3.212ms
[172.110s][info][gc] GC(3539) Pause Young (Concurrent Start) (G1 Humongous Allocation) 900M->38M(2000M) 1.465ms
[172.110s][info][gc] GC(3540) Concurrent Undo Cycle
[172.112s][info][gc] GC(3540) Concurrent Undo Cycle 1.985ms
[172.168s][info][gc] GC(3541) Pause Young (Concurrent Start) (G1 Humongous Allocation) 900M->38M(2000M) 1.348ms
[172.168s][info][gc] GC(3542) Concurrent Undo Cycle
[172.171s][info][gc] GC(3542) Concurrent Undo Cycle 2.707ms
[172.219s][info][gc] GC(3543) Pause Young (Concurrent Start) (G1 Humongous Allocation) 900M->42M(2000M) 1.217ms
[172.219s][info][gc] GC(3544) Concurrent Undo Cycle
[172.223s][info][gc] GC(3544) Concurrent Undo Cycle 3.593ms
[172.271s][info][gc] GC(3545) Pause Young (Concurrent Start) (G1 Humongous Allocation) 900M->38M(2000M) 1.178ms
[172.271s][info][gc] GC(3546) Concurrent Undo Cycle
[172.273s][info][gc] GC(3546) Concurrent Undo Cycle 1.742ms
[172.322s][info][gc] GC(3547) Pause Young (Concurrent Start) (G1 Humongous Allocation) 900M->38M(2000M) 1.311ms
[172.322s][info][gc] GC(3548) Concurrent Undo Cycle
[172.324s][info][gc] GC(3548) Concurrent Undo Cycle 2.082ms
[172.372s][info][gc] GC(3549) Pause Young (Concurrent Start) (G1 Humongous Allocation) 900M->42M(2000M) 1.229ms
[172.372s][info][gc] GC(3550) Concurrent Undo Cycle
[172.374s][info][gc] GC(3550) Concurrent Undo Cycle 1.941ms
[172.422s][info][gc] GC(3551) Pause Young (Concurrent Start) (G1 Humongous Allocation) 900M->38M(2000M) 1.242ms
[172.422s][info][gc] GC(3552) Concurrent Undo Cycle
[172.424s][info][gc] GC(3552) Concurrent Undo Cycle 1.706ms
[172.475s][info][gc] GC(3553) Pause Young (Concurrent Start) (G1 Humongous Allocation) 900M->38M(2000M) 1.315ms
[172.475s][info][gc] GC(3554) Concurrent Undo Cycle
[172.476s][info][gc] GC(3554) Concurrent Undo Cycle 1.704ms
[172.529s][info][gc] GC(3555) Pause Young (Concurrent Start) (G1 Humongous Allocation) 900M->42M(2000M) 1.252ms
[172.529s][info][gc] GC(3556) Concurrent Undo Cycle
[172.531s][info][gc] GC(3556) Concurrent Undo Cycle 1.754ms
[172.583s][info][gc] GC(3557) Pause Young (Concurrent Start) (G1 Humongous Allocation) 900M->38M(2000M) 1.186ms
[172.583s][info][gc] GC(3558) Concurrent Undo Cycle
[172.585s][info][gc] GC(3558) Concurrent Undo Cycle 1.704ms
[172.632s][info][gc] GC(3559) Pause Young (Concurrent Start) (G1 Humongous Allocation) 900M->38M(2000M) 1.340ms
[172.632s][info][gc] GC(3560) Concurrent Undo Cycle
[172.634s][info][gc] GC(3560) Concurrent Undo Cycle 1.701ms
[172.682s][info][gc] GC(3561) Pause Young (Concurrent Start) (G1 Humongous Allocation) 900M->42M(2000M) 1.368ms
[172.682s][info][gc] GC(3562) Concurrent Undo Cycle
[172.684s][info][gc] GC(3562) Concurrent Undo Cycle 1.720ms
[172.733s][info][gc] GC(3563) Pause Young (Concurrent Start) (G1 Humongous Allocation) 900M->38M(2000M) 1.179ms
[172.733s][info][gc] GC(3564) Concurrent Undo Cycle
[172.735s][info][gc] GC(3564) Concurrent Undo Cycle 1.724ms
[172.790s][info][gc] GC(3565) Pause Young (Concurrent Start) (G1 Humongous Allocation) 900M->38M(2000M) 1.215ms
[172.790s][info][gc] GC(3566) Concurrent Undo Cycle
[172.792s][info][gc] GC(3566) Concurrent Undo Cycle 1.850ms
[172.843s][info][gc] GC(3567) Pause Young (Concurrent Start) (G1 Humongous Allocation) 900M->42M(2000M) 1.137ms
[172.843s][info][gc] GC(3568) Concurrent Undo Cycle
[172.845s][info][gc] GC(3568) Concurrent Undo Cycle 1.931ms
[172.894s][info][gc] GC(3569) Pause Young (Concurrent Start) (G1 Humongous Allocation) 900M->38M(2000M) 1.227ms
[172.894s][info][gc] GC(3570) Concurrent Undo Cycle
[172.896s][info][gc] GC(3570) Concurrent Undo Cycle 1.863ms
[172.945s][info][gc] GC(3571) Pause Young (Concurrent Start) (G1 Humongous Allocation) 900M->38M(2000M) 1.065ms
[172.945s][info][gc] GC(3572) Concurrent Undo Cycle
[172.947s][info][gc] GC(3572) Concurrent Undo Cycle 1.755ms
[172.995s][info][gc] GC(3573) Pause Young (Concurrent Start) (G1 Humongous Allocation) 900M->42M(2000M) 1.194ms
[172.995s][info][gc] GC(3574) Concurrent Undo Cycle
[172.998s][info][gc] GC(3574) Concurrent Undo Cycle 2.696ms
[173.050s][info][gc] GC(3575) Pause Young (Concurrent Start) (G1 Humongous Allocation) 900M->38M(2000M) 1.283ms
[173.050s][info][gc] GC(3576) Concurrent Undo Cycle
[173.052s][info][gc] GC(3576) Concurrent Undo Cycle 1.701ms
[173.101s][info][gc] GC(3577) Pause Young (Concurrent Start) (G1 Humongous Allocation) 900M->38M(2000M) 1.278ms
[173.102s][info][gc] GC(3578) Concurrent Undo Cycle
[173.104s][info][gc] GC(3578) Concurrent Undo Cycle 2.018ms
[173.151s][info][gc] GC(3579) Pause Young (Concurrent Start) (G1 Humongous Allocation) 900M->42M(2000M) 1.204ms
[173.151s][info][gc] GC(3580) Concurrent Undo Cycle
[173.153s][info][gc] GC(3580) Concurrent Undo Cycle 1.754ms
[173.202s][info][gc] GC(3581) Pause Young (Concurrent Start) (G1 Humongous Allocation) 900M->38M(2000M) 1.219ms
[173.202s][info][gc] GC(3582) Concurrent Undo Cycle
[173.204s][info][gc] GC(3582) Concurrent Undo Cycle 1.975ms
[173.254s][info][gc] GC(3583) Pause Young (Concurrent Start) (G1 Humongous Allocation) 900M->38M(2000M) 1.475ms
[173.254s][info][gc] GC(3584) Concurrent Undo Cycle
[173.256s][info][gc] GC(3584) Concurrent Undo Cycle 1.985ms
[173.305s][info][gc] GC(3585) Pause Young (Concurrent Start) (G1 Humongous Allocation) 900M->42M(2000M) 1.316ms
[173.305s][info][gc] GC(3586) Concurrent Undo Cycle
[173.307s][info][gc] GC(3586) Concurrent Undo Cycle 1.852ms
[173.355s][info][gc] GC(3587) Pause Young (Concurrent Start) (G1 Humongous Allocation) 900M->38M(2000M) 1.276ms
[173.355s][info][gc] GC(3588) Concurrent Undo Cycle
[173.357s][info][gc] GC(3588) Concurrent Undo Cycle 1.713ms
[173.405s][info][gc] GC(3589) Pause Young (Concurrent Start) (G1 Humongous Allocation) 900M->38M(2000M) 1.210ms
[173.405s][info][gc] GC(3590) Concurrent Undo Cycle
[173.406s][info][gc] GC(3590) Concurrent Undo Cycle 1.727ms
[173.464s][info][gc] GC(3591) Pause Young (Concurrent Start) (G1 Humongous Allocation) 900M->42M(2000M) 1.270ms
[173.464s][info][gc] GC(3592) Concurrent Undo Cycle
[173.467s][info][gc] GC(3592) Concurrent Undo Cycle 2.621ms
[173.519s][info][gc] GC(3593) Pause Young (Concurrent Start) (G1 Humongous Allocation) 900M->38M(2000M) 1.243ms
[173.519s][info][gc] GC(3594) Concurrent Undo Cycle
[173.521s][info][gc] GC(3594) Concurrent Undo Cycle 1.804ms
[173.576s][info][gc] GC(3595) Pause Young (Concurrent Start) (G1 Humongous Allocation) 900M->38M(2000M) 1.382ms
[173.576s][info][gc] GC(3596) Concurrent Undo Cycle
[173.578s][info][gc] GC(3596) Concurrent Undo Cycle 2.265ms
[173.633s][info][gc] GC(3597) Pause Young (Concurrent Start) (G1 Humongous Allocation) 900M->42M(2000M) 1.061ms
[173.633s][info][gc] GC(3598) Concurrent Undo Cycle
[173.635s][info][gc] GC(3598) Concurrent Undo Cycle 1.860ms
[173.688s][info][gc] GC(3599) Pause Young (Concurrent Start) (G1 Humongous Allocation) 900M->38M(2000M) 1.305ms
[173.688s][info][gc] GC(3600) Concurrent Undo Cycle
[173.690s][info][gc] GC(3600) Concurrent Undo Cycle 1.755ms
[173.747s][info][gc] GC(3601) Pause Young (Concurrent Start) (G1 Humongous Allocation) 900M->38M(2000M) 1.552ms
[173.747s][info][gc] GC(3602) Concurrent Undo Cycle
[173.749s][info][gc] GC(3602) Concurrent Undo Cycle 1.594ms
[173.801s][info][gc] GC(3603) Pause Young (Concurrent Start) (G1 Humongous Allocation) 900M->42M(2000M) 1.274ms
[173.801s][info][gc] GC(3604) Concurrent Undo Cycle
[173.804s][info][gc] GC(3604) Concurrent Undo Cycle 2.569ms
[173.857s][info][gc] GC(3605) Pause Young (Concurrent Start) (G1 Humongous Allocation) 900M->38M(2000M) 1.300ms
[173.857s][info][gc] GC(3606) Concurrent Undo Cycle
[173.860s][info][gc] GC(3606) Concurrent Undo Cycle 2.913ms
[173.915s][info][gc] GC(3607) Pause Young (Concurrent Start) (G1 Humongous Allocation) 900M->38M(2000M) 1.108ms
[173.915s][info][gc] GC(3608) Concurrent Undo Cycle
[173.917s][info][gc] GC(3608) Concurrent Undo Cycle 1.761ms
[173.967s][info][gc] GC(3609) Pause Young (Concurrent Start) (G1 Humongous Allocation) 900M->42M(2000M) 1.127ms
[173.967s][info][gc] GC(3610) Concurrent Undo Cycle
[173.969s][info][gc] GC(3610) Concurrent Undo Cycle 2.119ms
[174.019s][info][gc] GC(3611) Pause Young (Concurrent Start) (G1 Humongous Allocation) 900M->38M(2000M) 1.163ms
[174.019s][info][gc] GC(3612) Concurrent Undo Cycle
[174.021s][info][gc] GC(3612) Concurrent Undo Cycle 1.713ms
[174.072s][info][gc] GC(3613) Pause Young (Concurrent Start) (G1 Humongous Allocation) 900M->38M(2000M) 1.308ms
[174.072s][info][gc] GC(3614) Concurrent Undo Cycle
[174.074s][info][gc] GC(3614) Concurrent Undo Cycle 1.865ms
[174.124s][info][gc] GC(3615) Pause Young (Concurrent Start) (G1 Humongous Allocation) 900M->42M(2000M) 1.398ms
[174.124s][info][gc] GC(3616) Concurrent Undo Cycle
[174.127s][info][gc] GC(3616) Concurrent Undo Cycle 2.200ms
[174.177s][info][gc] GC(3617) Pause Young (Concurrent Start) (G1 Humongous Allocation) 900M->38M(2000M) 1.856ms
[174.177s][info][gc] GC(3618) Concurrent Undo Cycle
[174.181s][info][gc] GC(3618) Concurrent Undo Cycle 3.695ms
[174.234s][info][gc] GC(3619) Pause Young (Concurrent Start) (G1 Humongous Allocation) 900M->38M(2000M) 1.480ms
[174.234s][info][gc] GC(3620) Concurrent Undo Cycle
[174.237s][info][gc] GC(3620) Concurrent Undo Cycle 2.584ms
[174.287s][info][gc] GC(3621) Pause Young (Concurrent Start) (G1 Humongous Allocation) 900M->42M(2000M) 1.344ms
[174.287s][info][gc] GC(3622) Concurrent Undo Cycle
[174.289s][info][gc] GC(3622) Concurrent Undo Cycle 1.706ms
[174.341s][info][gc] GC(3623) Pause Young (Concurrent Start) (G1 Humongous Allocation) 900M->38M(2000M) 1.090ms
[174.341s][info][gc] GC(3624) Concurrent Undo Cycle
[174.343s][info][gc] GC(3624) Concurrent Undo Cycle 1.988ms
[174.394s][info][gc] GC(3625) Pause Young (Concurrent Start) (G1 Humongous Allocation) 900M->38M(2000M) 1.487ms
[174.394s][info][gc] GC(3626) Concurrent Undo Cycle
[174.397s][info][gc] GC(3626) Concurrent Undo Cycle 2.581ms
[174.446s][info][gc] GC(3627) Pause Young (Concurrent Start) (G1 Humongous Allocation) 900M->42M(2000M) 1.127ms
[174.446s][info][gc] GC(3628) Concurrent Undo Cycle
[174.448s][info][gc] GC(3628) Concurrent Undo Cycle 1.889ms
[174.499s][info][gc] GC(3629) Pause Young (Concurrent Start) (G1 Humongous Allocation) 900M->38M(2000M) 1.236ms
[174.499s][info][gc] GC(3630) Concurrent Undo Cycle
[174.501s][info][gc] GC(3630) Concurrent Undo Cycle 1.678ms
[174.551s][info][gc] GC(3631) Pause Young (Concurrent Start) (G1 Humongous Allocation) 900M->38M(2000M) 1.247ms
[174.551s][info][gc] GC(3632) Concurrent Undo Cycle
[174.553s][info][gc] GC(3632) Concurrent Undo Cycle 1.739ms
[174.606s][info][gc] GC(3633) Pause Young (Concurrent Start) (G1 Humongous Allocation) 900M->42M(2000M) 0.979ms
[174.606s][info][gc] GC(3634) Concurrent Undo Cycle
[174.608s][info][gc] GC(3634) Concurrent Undo Cycle 1.949ms
[174.662s][info][gc] GC(3635) Pause Young (Concurrent Start) (G1 Humongous Allocation) 900M->38M(2000M) 1.137ms
[174.662s][info][gc] GC(3636) Concurrent Undo Cycle
[174.665s][info][gc] GC(3636) Concurrent Undo Cycle 2.619ms
[174.715s][info][gc] GC(3637) Pause Young (Concurrent Start) (G1 Humongous Allocation) 900M->38M(2000M) 1.163ms
[174.715s][info][gc] GC(3638) Concurrent Undo Cycle
[174.717s][info][gc] GC(3638) Concurrent Undo Cycle 2.069ms
[174.768s][info][gc] GC(3639) Pause Young (Concurrent Start) (G1 Humongous Allocation) 900M->42M(2000M) 1.146ms
[174.768s][info][gc] GC(3640) Concurrent Undo Cycle
[174.770s][info][gc] GC(3640) Concurrent Undo Cycle 1.685ms
[174.820s][info][gc] GC(3641) Pause Young (Concurrent Start) (G1 Humongous Allocation) 900M->38M(2000M) 1.127ms
[174.820s][info][gc] GC(3642) Concurrent Undo Cycle
[174.822s][info][gc] GC(3642) Concurrent Undo Cycle 1.912ms
[174.874s][info][gc] GC(3643) Pause Young (Concurrent Start) (G1 Humongous Allocation) 900M->38M(2000M) 1.248ms
[174.874s][info][gc] GC(3644) Concurrent Undo Cycle
[174.876s][info][gc] GC(3644) Concurrent Undo Cycle 1.778ms
[174.928s][info][gc] GC(3645) Pause Young (Concurrent Start) (G1 Humongous Allocation) 900M->42M(2000M) 1.746ms
[174.928s][info][gc] GC(3646) Concurrent Undo Cycle
[174.930s][info][gc] GC(3646) Concurrent Undo Cycle 1.726ms
[174.981s][info][gc] GC(3647) Pause Young (Concurrent Start) (G1 Humongous Allocation) 900M->38M(2000M) 1.319ms
[174.981s][info][gc] GC(3648) Concurrent Undo Cycle
[174.983s][info][gc] GC(3648) Concurrent Undo Cycle 2.543ms
[175.033s][info][gc] GC(3649) Pause Young (Concurrent Start) (G1 Humongous Allocation) 900M->38M(2000M) 0.970ms
[175.033s][info][gc] GC(3650) Concurrent Undo Cycle
[175.035s][info][gc] GC(3650) Concurrent Undo Cycle 1.713ms
[175.086s][info][gc] GC(3651) Pause Young (Concurrent Start) (G1 Humongous Allocation) 901M->43M(2000M) 1.394ms
[175.086s][info][gc] GC(3652) Concurrent Undo Cycle
[175.088s][info][gc] GC(3652) Concurrent Undo Cycle 1.769ms
[175.139s][info][gc] GC(3653) Pause Young (Concurrent Start) (G1 Humongous Allocation) 901M->39M(2000M) 1.169ms
[175.139s][info][gc] GC(3654) Concurrent Undo Cycle
[175.141s][info][gc] GC(3654) Concurrent Undo Cycle 2.184ms
[175.198s][info][gc] GC(3655) Pause Young (Concurrent Start) (G1 Humongous Allocation) 901M->39M(2000M) 0.959ms
[175.198s][info][gc] GC(3656) Concurrent Undo Cycle
[175.200s][info][gc] GC(3656) Concurrent Undo Cycle 1.682ms
[175.252s][info][gc] GC(3657) Pause Young (Concurrent Start) (G1 Humongous Allocation) 901M->43M(2000M) 1.075ms
[175.252s][info][gc] GC(3658) Concurrent Undo Cycle
[175.254s][info][gc] GC(3658) Concurrent Undo Cycle 1.811ms
[175.304s][info][gc] GC(3659) Pause Young (Concurrent Start) (G1 Humongous Allocation) 901M->39M(2000M) 1.056ms
[175.304s][info][gc] GC(3660) Concurrent Undo Cycle
[175.306s][info][gc] GC(3660) Concurrent Undo Cycle 1.754ms
[175.359s][info][gc] GC(3661) Pause Young (Concurrent Start) (G1 Humongous Allocation) 901M->39M(2000M) 1.360ms
[175.360s][info][gc] GC(3662) Concurrent Undo Cycle
[175.361s][info][gc] GC(3662) Concurrent Undo Cycle 1.760ms
[175.412s][info][gc] GC(3663) Pause Young (Concurrent Start) (G1 Humongous Allocation) 901M->43M(2000M) 1.421ms
[175.412s][info][gc] GC(3664) Concurrent Undo Cycle
[175.416s][info][gc] GC(3664) Concurrent Undo Cycle 3.173ms
[175.467s][info][gc] GC(3665) Pause Young (Concurrent Start) (G1 Humongous Allocation) 901M->39M(2000M) 1.284ms
[175.467s][info][gc] GC(3666) Concurrent Undo Cycle
[175.470s][info][gc] GC(3666) Concurrent Undo Cycle 2.916ms
[175.525s][info][gc] GC(3667) Pause Young (Concurrent Start) (G1 Humongous Allocation) 901M->39M(2000M) 1.535ms
[175.526s][info][gc] GC(3668) Concurrent Undo Cycle
[175.530s][info][gc] GC(3668) Concurrent Undo Cycle 4.619ms
[175.590s][info][gc] GC(3669) Pause Young (Concurrent Start) (G1 Humongous Allocation) 901M->43M(2000M) 1.250ms
[175.590s][info][gc] GC(3670) Concurrent Undo Cycle
[175.593s][info][gc] GC(3670) Concurrent Undo Cycle 2.638ms
[175.644s][info][gc] GC(3671) Pause Young (Concurrent Start) (G1 Humongous Allocation) 901M->39M(2000M) 1.119ms
[175.644s][info][gc] GC(3672) Concurrent Undo Cycle
[175.647s][info][gc] GC(3672) Concurrent Undo Cycle 2.623ms
[175.702s][info][gc] GC(3673) Pause Young (Concurrent Start) (G1 Humongous Allocation) 901M->39M(2000M) 1.224ms
[175.702s][info][gc] GC(3674) Concurrent Undo Cycle
[175.704s][info][gc] GC(3674) Concurrent Undo Cycle 2.221ms
[175.762s][info][gc] GC(3675) Pause Young (Concurrent Start) (G1 Humongous Allocation) 901M->43M(2000M) 1.225ms
[175.762s][info][gc] GC(3676) Concurrent Undo Cycle
[175.764s][info][gc] GC(3676) Concurrent Undo Cycle 1.871ms
[175.822s][info][gc] GC(3677) Pause Young (Concurrent Start) (G1 Humongous Allocation) 901M->39M(2000M) 1.163ms
[175.822s][info][gc] GC(3678) Concurrent Undo Cycle
[175.825s][info][gc] GC(3678) Concurrent Undo Cycle 2.491ms
[175.878s][info][gc] GC(3679) Pause Young (Concurrent Start) (G1 Humongous Allocation) 901M->39M(2000M) 1.175ms
[175.878s][info][gc] GC(3680) Concurrent Undo Cycle
[175.881s][info][gc] GC(3680) Concurrent Undo Cycle 2.641ms
[175.934s][info][gc] GC(3681) Pause Young (Concurrent Start) (G1 Humongous Allocation) 901M->43M(2000M) 2.971ms
[175.934s][info][gc] GC(3682) Concurrent Undo Cycle
[175.936s][info][gc] GC(3682) Concurrent Undo Cycle 1.733ms
[175.985s][info][gc] GC(3683) Pause Young (Concurrent Start) (G1 Humongous Allocation) 901M->39M(2000M) 1.182ms
[175.985s][info][gc] GC(3684) Concurrent Undo Cycle
[175.986s][info][gc] GC(3684) Concurrent Undo Cycle 1.713ms
[176.037s][info][gc] GC(3685) Pause Young (Concurrent Start) (G1 Humongous Allocation) 901M->39M(2000M) 1.043ms
[176.037s][info][gc] GC(3686) Concurrent Undo Cycle
[176.039s][info][gc] GC(3686) Concurrent Undo Cycle 1.773ms
[176.090s][info][gc] GC(3687) Pause Young (Concurrent Start) (G1 Humongous Allocation) 901M->43M(2000M) 1.282ms
[176.090s][info][gc] GC(3688) Concurrent Undo Cycle
[176.092s][info][gc] GC(3688) Concurrent Undo Cycle 1.839ms
[176.145s][info][gc] GC(3689) Pause Young (Concurrent Start) (G1 Humongous Allocation) 901M->39M(2000M) 1.312ms
[176.145s][info][gc] GC(3690) Concurrent Undo Cycle
[176.147s][info][gc] GC(3690) Concurrent Undo Cycle 1.756ms
[176.197s][info][gc] GC(3691) Pause Young (Concurrent Start) (G1 Humongous Allocation) 901M->39M(2000M) 1.240ms
[176.197s][info][gc] GC(3692) Concurrent Undo Cycle
[176.199s][info][gc] GC(3692) Concurrent Undo Cycle 2.521ms
[176.252s][info][gc] GC(3693) Pause Young (Concurrent Start) (G1 Humongous Allocation) 901M->43M(2000M) 1.267ms
[176.252s][info][gc] GC(3694) Concurrent Undo Cycle
[176.254s][info][gc] GC(3694) Concurrent Undo Cycle 1.746ms
[176.303s][info][gc] GC(3695) Pause Young (Concurrent Start) (G1 Humongous Allocation) 901M->39M(2000M) 1.370ms
[176.303s][info][gc] GC(3696) Concurrent Undo Cycle
[176.305s][info][gc] GC(3696) Concurrent Undo Cycle 2.612ms
[176.355s][info][gc] GC(3697) Pause Young (Concurrent Start) (G1 Humongous Allocation) 901M->39M(2000M) 1.325ms
[176.355s][info][gc] GC(3698) Concurrent Undo Cycle
[176.357s][info][gc] GC(3698) Concurrent Undo Cycle 1.926ms
[176.406s][info][gc] GC(3699) Pause Young (Concurrent Start) (G1 Humongous Allocation) 901M->43M(2000M) 1.254ms
[176.406s][info][gc] GC(3700) Concurrent Undo Cycle
[176.408s][info][gc] GC(3700) Concurrent Undo Cycle 2.146ms
[176.457s][info][gc] GC(3701) Pause Young (Concurrent Start) (G1 Humongous Allocation) 901M->39M(2000M) 1.361ms
[176.457s][info][gc] GC(3702) Concurrent Undo Cycle
[176.459s][info][gc] GC(3702) Concurrent Undo Cycle 1.731ms
[176.509s][info][gc] GC(3703) Pause Young (Concurrent Start) (G1 Humongous Allocation) 901M->39M(2000M) 1.314ms
[176.509s][info][gc] GC(3704) Concurrent Undo Cycle
[176.511s][info][gc] GC(3704) Concurrent Undo Cycle 2.660ms
[176.569s][info][gc] GC(3705) Pause Young (Concurrent Start) (G1 Humongous Allocation) 901M->43M(2000M) 1.404ms
[176.569s][info][gc] GC(3706) Concurrent Undo Cycle
[176.571s][info][gc] GC(3706) Concurrent Undo Cycle 2.012ms
[176.627s][info][gc] GC(3707) Pause Young (Concurrent Start) (G1 Humongous Allocation) 901M->39M(2000M) 1.547ms
[176.627s][info][gc] GC(3708) Concurrent Undo Cycle
[176.629s][info][gc] GC(3708) Concurrent Undo Cycle 1.907ms
[176.681s][info][gc] GC(3709) Pause Young (Concurrent Start) (G1 Humongous Allocation) 901M->39M(2000M) 1.153ms
[176.681s][info][gc] GC(3710) Concurrent Undo Cycle
[176.684s][info][gc] GC(3710) Concurrent Undo Cycle 2.607ms
[176.737s][info][gc] GC(3711) Pause Young (Concurrent Start) (G1 Humongous Allocation) 901M->43M(2000M) 1.248ms
[176.737s][info][gc] GC(3712) Concurrent Undo Cycle
[176.740s][info][gc] GC(3712) Concurrent Undo Cycle 2.625ms
[176.796s][info][gc] GC(3713) Pause Young (Concurrent Start) (G1 Humongous Allocation) 901M->39M(2000M) 1.377ms
[176.796s][info][gc] GC(3714) Concurrent Undo Cycle
[176.798s][info][gc] GC(3714) Concurrent Undo Cycle 1.788ms
[176.859s][info][gc] GC(3715) Pause Young (Concurrent Start) (G1 Humongous Allocation) 901M->39M(2000M) 1.163ms
[176.859s][info][gc] GC(3716) Concurrent Undo Cycle
[176.861s][info][gc] GC(3716) Concurrent Undo Cycle 2.351ms
[176.915s][info][gc] GC(3717) Pause Young (Concurrent Start) (G1 Humongous Allocation) 901M->43M(2000M) 1.340ms
[176.916s][info][gc] GC(3718) Concurrent Undo Cycle
[176.918s][info][gc] GC(3718) Concurrent Undo Cycle 2.160ms
[176.971s][info][gc] GC(3719) Pause Young (Concurrent Start) (G1 Humongous Allocation) 901M->39M(2000M) 1.292ms
[176.971s][info][gc] GC(3720) Concurrent Undo Cycle
[176.973s][info][gc] GC(3720) Concurrent Undo Cycle 1.998ms
[177.030s][info][gc] GC(3721) Pause Young (Concurrent Start) (G1 Humongous Allocation) 901M->39M(2000M) 1.111ms
[177.030s][info][gc] GC(3722) Concurrent Undo Cycle
[177.032s][info][gc] GC(3722) Concurrent Undo Cycle 1.746ms
[177.087s][info][gc] GC(3723) Pause Young (Concurrent Start) (G1 Humongous Allocation) 901M->43M(2000M) 1.153ms
[177.087s][info][gc] GC(3724) Concurrent Undo Cycle
[177.089s][info][gc] GC(3724) Concurrent Undo Cycle 1.704ms
[177.150s][info][gc] GC(3725) Pause Young (Concurrent Start) (G1 Humongous Allocation) 901M->39M(2000M) 1.191ms
[177.150s][info][gc] GC(3726) Concurrent Undo Cycle
[177.152s][info][gc] GC(3726) Concurrent Undo Cycle 1.825ms
[177.212s][info][gc] GC(3727) Pause Young (Concurrent Start) (G1 Humongous Allocation) 901M->39M(2000M) 1.081ms
[177.212s][info][gc] GC(3728) Concurrent Undo Cycle
[177.214s][info][gc] GC(3728) Concurrent Undo Cycle 1.682ms
[177.274s][info][gc] GC(3729) Pause Young (Concurrent Start) (G1 Humongous Allocation) 901M->43M(2000M) 1.282ms
[177.274s][info][gc] GC(3730) Concurrent Undo Cycle
[177.276s][info][gc] GC(3730) Concurrent Undo Cycle 2.423ms
[177.332s][info][gc] GC(3731) Pause Young (Concurrent Start) (G1 Humongous Allocation) 901M->39M(2000M) 1.106ms
[177.332s][info][gc] GC(3732) Concurrent Undo Cycle
[177.334s][info][gc] GC(3732) Concurrent Undo Cycle 1.785ms
[177.385s][info][gc] GC(3733) Pause Young (Concurrent Start) (G1 Humongous Allocation) 901M->39M(2000M) 1.326ms
[177.385s][info][gc] GC(3734) Concurrent Undo Cycle
[177.386s][info][gc] GC(3734) Concurrent Undo Cycle 1.687ms
[177.445s][info][gc] GC(3735) Pause Young (Concurrent Start) (G1 Humongous Allocation) 901M->43M(2000M) 1.325ms
[177.445s][info][gc] GC(3736) Concurrent Undo Cycle
[177.447s][info][gc] GC(3736) Concurrent Undo Cycle 2.066ms
[177.505s][info][gc] GC(3737) Pause Young (Concurrent Start) (G1 Humongous Allocation) 901M->39M(2000M) 1.144ms
[177.505s][info][gc] GC(3738) Concurrent Undo Cycle
[177.507s][info][gc] GC(3738) Concurrent Undo Cycle 1.927ms
[177.559s][info][gc] GC(3739) Pause Young (Concurrent Start) (G1 Humongous Allocation) 901M->39M(2000M) 1.309ms
[177.559s][info][gc] GC(3740) Concurrent Undo Cycle
[177.562s][info][gc] GC(3740) Concurrent Undo Cycle 2.672ms
[177.616s][info][gc] GC(3741) Pause Young (Concurrent Start) (G1 Humongous Allocation) 901M->43M(2000M) 1.292ms
[177.616s][info][gc] GC(3742) Concurrent Undo Cycle
[177.619s][info][gc] GC(3742) Concurrent Undo Cycle 2.719ms
[177.680s][info][gc] GC(3743) Pause Young (Concurrent Start) (G1 Humongous Allocation) 901M->39M(2000M) 1.361ms
[177.680s][info][gc] GC(3744) Concurrent Undo Cycle
[177.681s][info][gc] GC(3744) Concurrent Undo Cycle 1.647ms
[177.739s][info][gc] GC(3745) Pause Young (Concurrent Start) (G1 Humongous Allocation) 901M->39M(2000M) 1.136ms
[177.739s][info][gc] GC(3746) Concurrent Undo Cycle
[177.741s][info][gc] GC(3746) Concurrent Undo Cycle 1.905ms
[177.802s][info][gc] GC(3747) Pause Young (Concurrent Start) (G1 Humongous Allocation) 901M->43M(2000M) 1.338ms
[177.802s][info][gc] GC(3748) Concurrent Undo Cycle
[177.804s][info][gc] GC(3748) Concurrent Undo Cycle 1.869ms
[177.853s][info][gc] GC(3749) Pause Young (Concurrent Start) (G1 Humongous Allocation) 901M->39M(2000M) 1.314ms
[177.853s][info][gc] GC(3750) Concurrent Undo Cycle
[177.855s][info][gc] GC(3750) Concurrent Undo Cycle 1.726ms
[177.908s][info][gc] GC(3751) Pause Young (Concurrent Start) (G1 Humongous Allocation) 901M->39M(2000M) 1.483ms
[177.908s][info][gc] GC(3752) Concurrent Undo Cycle
[177.911s][info][gc] GC(3752) Concurrent Undo Cycle 2.710ms
[177.960s][info][gc] GC(3753) Pause Young (Concurrent Start) (G1 Humongous Allocation) 901M->43M(2000M) 1.087ms
[177.961s][info][gc] GC(3754) Concurrent Undo Cycle
[177.962s][info][gc] GC(3754) Concurrent Undo Cycle 1.782ms
[178.016s][info][gc] GC(3755) Pause Young (Concurrent Start) (G1 Humongous Allocation) 901M->39M(2000M) 1.151ms
[178.016s][info][gc] GC(3756) Concurrent Undo Cycle
[178.017s][info][gc] GC(3756) Concurrent Undo Cycle 1.746ms
[178.067s][info][gc] GC(3757) Pause Young (Concurrent Start) (G1 Humongous Allocation) 901M->39M(2000M) 1.216ms
[178.067s][info][gc] GC(3758) Concurrent Undo Cycle
[178.070s][info][gc] GC(3758) Concurrent Undo Cycle 2.518ms
[178.120s][info][gc] GC(3759) Pause Young (Concurrent Start) (G1 Humongous Allocation) 901M->43M(2000M) 1.322ms
[178.120s][info][gc] GC(3760) Concurrent Undo Cycle
[178.122s][info][gc] GC(3760) Concurrent Undo Cycle 1.951ms
[178.173s][info][gc] GC(3761) Pause Young (Concurrent Start) (G1 Humongous Allocation) 901M->39M(2000M) 1.140ms
[178.173s][info][gc] GC(3762) Concurrent Undo Cycle
[178.175s][info][gc] GC(3762) Concurrent Undo Cycle 1.729ms
[178.230s][info][gc] GC(3763) Pause Young (Concurrent Start) (G1 Humongous Allocation) 901M->39M(2000M) 1.218ms
[178.230s][info][gc] GC(3764) Concurrent Undo Cycle
[178.233s][info][gc] GC(3764) Concurrent Undo Cycle 2.698ms
[178.284s][info][gc] GC(3765) Pause Young (Concurrent Start) (G1 Humongous Allocation) 901M->43M(2000M) 1.361ms
[178.284s][info][gc] GC(3766) Concurrent Undo Cycle
[178.289s][info][gc] GC(3766) Concurrent Undo Cycle 4.467ms
[178.340s][info][gc] GC(3767) Pause Young (Concurrent Start) (G1 Humongous Allocation) 901M->39M(2000M) 1.326ms
[178.340s][info][gc] GC(3768) Concurrent Undo Cycle
[178.342s][info][gc] GC(3768) Concurrent Undo Cycle 1.763ms
[178.397s][info][gc] GC(3769) Pause Young (Concurrent Start) (G1 Humongous Allocation) 901M->39M(2000M) 1.167ms
[178.397s][info][gc] GC(3770) Concurrent Undo Cycle
[178.399s][info][gc] GC(3770) Concurrent Undo Cycle 1.761ms
[178.449s][info][gc] GC(3771) Pause Young (Concurrent Start) (G1 Humongous Allocation) 901M->43M(2000M) 1.235ms
[178.449s][info][gc] GC(3772) Concurrent Undo Cycle
[178.451s][info][gc] GC(3772) Concurrent Undo Cycle 2.203ms
[178.508s][info][gc] GC(3773) Pause Young (Concurrent Start) (G1 Humongous Allocation) 901M->39M(2000M) 1.486ms
[178.508s][info][gc] GC(3774) Concurrent Undo Cycle
[178.512s][info][gc] GC(3774) Concurrent Undo Cycle 3.727ms
[178.564s][info][gc] GC(3775) Pause Young (Concurrent Start) (G1 Humongous Allocation) 901M->39M(2000M) 1.210ms
[178.565s][info][gc] GC(3776) Concurrent Undo Cycle
[178.566s][info][gc] GC(3776) Concurrent Undo Cycle 1.698ms
[178.625s][info][gc] GC(3777) Pause Young (Concurrent Start) (G1 Humongous Allocation) 901M->43M(2000M) 1.143ms
[178.625s][info][gc] GC(3778) Concurrent Undo Cycle
[178.627s][info][gc] GC(3778) Concurrent Undo Cycle 2.029ms
[178.677s][info][gc] GC(3779) Pause Young (Concurrent Start) (G1 Humongous Allocation) 901M->39M(2000M) 1.285ms
[178.677s][info][gc] GC(3780) Concurrent Undo Cycle
[178.679s][info][gc] GC(3780) Concurrent Undo Cycle 1.745ms
[178.728s][info][gc] GC(3781) Pause Young (Concurrent Start) (G1 Humongous Allocation) 901M->39M(2000M) 1.503ms
[178.729s][info][gc] GC(3782) Concurrent Undo Cycle
[178.731s][info][gc] GC(3782) Concurrent Undo Cycle 2.507ms
[178.786s][info][gc] GC(3783) Pause Young (Concurrent Start) (G1 Humongous Allocation) 902M->44M(2000M) 1.143ms
[178.786s][info][gc] GC(3784) Concurrent Undo Cycle
[178.788s][info][gc] GC(3784) Concurrent Undo Cycle 1.808ms
[178.844s][info][gc] GC(3785) Pause Young (Concurrent Start) (G1 Humongous Allocation) 902M->40M(2000M) 1.289ms
[178.844s][info][gc] GC(3786) Concurrent Undo Cycle
[178.846s][info][gc] GC(3786) Concurrent Undo Cycle 1.772ms
[178.899s][info][gc] GC(3787) Pause Young (Concurrent Start) (G1 Humongous Allocation) 902M->40M(2000M) 1.243ms
[178.899s][info][gc] GC(3788) Concurrent Undo Cycle
[178.902s][info][gc] GC(3788) Concurrent Undo Cycle 2.589ms
[178.958s][info][gc] GC(3789) Pause Young (Concurrent Start) (G1 Humongous Allocation) 902M->44M(2000M) 1.127ms
[178.959s][info][gc] GC(3790) Concurrent Undo Cycle
[178.962s][info][gc] GC(3790) Concurrent Undo Cycle 2.975ms
[179.018s][info][gc] GC(3791) Pause Young (Concurrent Start) (G1 Humongous Allocation) 902M->40M(2000M) 1.511ms
[179.018s][info][gc] GC(3792) Concurrent Undo Cycle
[179.019s][info][gc] GC(3792) Concurrent Undo Cycle 1.746ms
[179.075s][info][gc] GC(3793) Pause Young (Concurrent Start) (G1 Humongous Allocation) 902M->40M(2000M) 1.288ms
[179.075s][info][gc] GC(3794) Concurrent Undo Cycle
[179.078s][info][gc] GC(3794) Concurrent Undo Cycle 2.855ms
[179.135s][info][gc] GC(3795) Pause Young (Concurrent Start) (G1 Humongous Allocation) 902M->44M(2000M) 1.391ms
[179.135s][info][gc] GC(3796) Concurrent Undo Cycle
[179.140s][info][gc] GC(3796) Concurrent Undo Cycle 4.926ms
[179.198s][info][gc] GC(3797) Pause Young (Concurrent Start) (G1 Humongous Allocation) 902M->40M(2000M) 1.151ms
[179.198s][info][gc] GC(3798) Concurrent Undo Cycle
[179.201s][info][gc] GC(3798) Concurrent Undo Cycle 2.614ms
[179.252s][info][gc] GC(3799) Pause Young (Concurrent Start) (G1 Humongous Allocation) 902M->40M(2000M) 1.403ms
[179.252s][info][gc] GC(3800) Concurrent Undo Cycle
[179.254s][info][gc] GC(3800) Concurrent Undo Cycle 2.245ms
[179.311s][info][gc] GC(3801) Pause Young (Concurrent Start) (G1 Humongous Allocation) 902M->44M(2000M) 1.276ms
[179.311s][info][gc] GC(3802) Concurrent Undo Cycle
[179.313s][info][gc] GC(3802) Concurrent Undo Cycle 1.952ms
[179.371s][info][gc] GC(3803) Pause Young (Concurrent Start) (G1 Humongous Allocation) 902M->40M(2000M) 1.206ms
[179.371s][info][gc] GC(3804) Concurrent Undo Cycle
[179.373s][info][gc] GC(3804) Concurrent Undo Cycle 2.524ms
[179.428s][info][gc] GC(3805) Pause Young (Concurrent Start) (G1 Humongous Allocation) 902M->40M(2000M) 1.325ms
[179.428s][info][gc] GC(3806) Concurrent Undo Cycle
[179.431s][info][gc] GC(3806) Concurrent Undo Cycle 2.589ms
[179.488s][info][gc] GC(3807) Pause Young (Concurrent Start) (G1 Humongous Allocation) 902M->44M(2000M) 1.055ms
[179.488s][info][gc] GC(3808) Concurrent Undo Cycle
[179.490s][info][gc] GC(3808) Concurrent Undo Cycle 1.781ms
[179.540s][info][gc] GC(3809) Pause Young (Concurrent Start) (G1 Humongous Allocation) 902M->40M(2000M) 1.287ms
[179.540s][info][gc] GC(3810) Concurrent Undo Cycle
[179.542s][info][gc] GC(3810) Concurrent Undo Cycle 1.764ms
[179.591s][info][gc] GC(3811) Pause Young (Concurrent Start) (G1 Humongous Allocation) 898M->44M(2000M) 1.164ms
[179.591s][info][gc] GC(3812) Concurrent Undo Cycle
[179.593s][info][gc] GC(3812) Concurrent Undo Cycle 1.885ms
[179.645s][info][gc] GC(3813) Pause Young (Concurrent Start) (G1 Humongous Allocation) 898M->40M(2000M) 1.144ms
[179.645s][info][gc] GC(3814) Concurrent Undo Cycle
[179.647s][info][gc] GC(3814) Concurrent Undo Cycle 1.896ms
[179.697s][info][gc] GC(3815) Pause Young (Concurrent Start) (G1 Humongous Allocation) 894M->40M(2000M) 1.123ms
[179.697s][info][gc] GC(3816) Concurrent Undo Cycle
[179.699s][info][gc] GC(3816) Concurrent Undo Cycle 1.909ms
[179.748s][info][gc] GC(3817) Pause Young (Concurrent Start) (G1 Humongous Allocation) 898M->44M(2000M) 1.239ms
[179.748s][info][gc] GC(3818) Concurrent Undo Cycle
[179.751s][info][gc] GC(3818) Concurrent Undo Cycle 2.649ms
[179.799s][info][gc] GC(3819) Pause Young (Concurrent Start) (G1 Humongous Allocation) 898M->40M(2000M) 1.234ms
[179.799s][info][gc] GC(3820) Concurrent Undo Cycle
[179.802s][info][gc] GC(3820) Concurrent Undo Cycle 2.539ms
[179.850s][info][gc] GC(3821) Pause Young (Concurrent Start) (G1 Humongous Allocation) 894M->40M(2000M) 1.153ms
[179.850s][info][gc] GC(3822) Concurrent Undo Cycle
[179.852s][info][gc] GC(3822) Concurrent Undo Cycle 1.780ms
[179.901s][info][gc] GC(3823) Pause Young (Concurrent Start) (G1 Humongous Allocation) 898M->44M(2000M) 1.209ms
[179.901s][info][gc] GC(3824) Concurrent Undo Cycle
[179.903s][info][gc] GC(3824) Concurrent Undo Cycle 2.638ms
[179.954s][info][gc] GC(3825) Pause Young (Concurrent Start) (G1 Humongous Allocation) 898M->40M(2000M) 1.211ms
[179.954s][info][gc] GC(3826) Concurrent Undo Cycle
[179.956s][info][gc] GC(3826) Concurrent Undo Cycle 2.245ms
[180.005s][info][gc] GC(3827) Pause Young (Concurrent Start) (G1 Humongous Allocation) 894M->40M(2000M) 1.247ms
[180.005s][info][gc] GC(3828) Concurrent Undo Cycle
[180.007s][info][gc] GC(3828) Concurrent Undo Cycle 1.742ms
[180.056s][info][gc] GC(3829) Pause Young (Concurrent Start) (G1 Humongous Allocation) 898M->44M(2000M) 1.148ms
[180.056s][info][gc] GC(3830) Concurrent Undo Cycle
[180.058s][info][gc] GC(3830) Concurrent Undo Cycle 1.805ms
[180.106s][info][gc] GC(3831) Pause Young (Concurrent Start) (G1 Humongous Allocation) 898M->40M(2000M) 1.270ms
[180.106s][info][gc] GC(3832) Concurrent Undo Cycle
[180.108s][info][gc] GC(3832) Concurrent Undo Cycle 1.728ms
[180.157s][info][gc] GC(3833) Pause Young (Concurrent Start) (G1 Humongous Allocation) 894M->40M(2000M) 1.290ms
[180.157s][info][gc] GC(3834) Concurrent Undo Cycle
[180.158s][info][gc] GC(3834) Concurrent Undo Cycle 1.700ms
[180.207s][info][gc] GC(3835) Pause Young (Concurrent Start) (G1 Humongous Allocation) 898M->44M(2000M) 1.221ms
[180.207s][info][gc] GC(3836) Concurrent Undo Cycle
[180.208s][info][gc] GC(3836) Concurrent Undo Cycle 1.728ms
[180.257s][info][gc] GC(3837) Pause Young (Concurrent Start) (G1 Humongous Allocation) 898M->40M(2000M) 1.441ms
[180.257s][info][gc] GC(3838) Concurrent Undo Cycle
[180.262s][info][gc] GC(3838) Concurrent Undo Cycle 4.518ms
[180.310s][info][gc] GC(3839) Pause Young (Concurrent Start) (G1 Humongous Allocation) 894M->40M(2000M) 1.330ms
[180.310s][info][gc] GC(3840) Concurrent Undo Cycle
[180.312s][info][gc] GC(3840) Concurrent Undo Cycle 2.042ms
[180.362s][info][gc] GC(3841) Pause Young (Concurrent Start) (G1 Humongous Allocation) 898M->44M(2000M) 1.074ms
[180.362s][info][gc] GC(3842) Concurrent Undo Cycle
[180.364s][info][gc] GC(3842) Concurrent Undo Cycle 1.880ms
[180.413s][info][gc] GC(3843) Pause Young (Concurrent Start) (G1 Humongous Allocation) 898M->40M(2000M) 1.124ms
[180.413s][info][gc] GC(3844) Concurrent Undo Cycle
[180.414s][info][gc] GC(3844) Concurrent Undo Cycle 1.817ms
[180.470s][info][gc] GC(3845) Pause Young (Concurrent Start) (G1 Humongous Allocation) 894M->40M(2000M) 1.226ms
[180.470s][info][gc] GC(3846) Concurrent Undo Cycle
[180.472s][info][gc] GC(3846) Concurrent Undo Cycle 1.773ms
[180.520s][info][gc] GC(3847) Pause Young (Concurrent Start) (G1 Humongous Allocation) 898M->44M(2000M) 1.169ms
[180.520s][info][gc] GC(3848) Concurrent Undo Cycle
[180.523s][info][gc] GC(3848) Concurrent Undo Cycle 2.512ms
[180.570s][info][gc] GC(3849) Pause Young (Concurrent Start) (G1 Humongous Allocation) 898M->40M(2000M) 1.193ms
[180.570s][info][gc] GC(3850) Concurrent Undo Cycle
[180.573s][info][gc] GC(3850) Concurrent Undo Cycle 2.463ms
[180.621s][info][gc] GC(3851) Pause Young (Concurrent Start) (G1 Humongous Allocation) 894M->40M(2000M) 1.328ms
[180.621s][info][gc] GC(3852) Concurrent Undo Cycle
[180.622s][info][gc] GC(3852) Concurrent Undo Cycle 1.675ms
[180.671s][info][gc] GC(3853) Pause Young (Concurrent Start) (G1 Humongous Allocation) 898M->44M(2000M) 1.208ms
[180.671s][info][gc] GC(3854) Concurrent Undo Cycle
[180.673s][info][gc] GC(3854) Concurrent Undo Cycle 1.734ms
[180.721s][info][gc] GC(3855) Pause Young (Concurrent Start) (G1 Humongous Allocation) 898M->40M(2000M) 1.406ms
[180.721s][info][gc] GC(3856) Concurrent Undo Cycle
[180.724s][info][gc] GC(3856) Concurrent Undo Cycle 2.328ms
[180.774s][info][gc] GC(3857) Pause Young (Concurrent Start) (G1 Humongous Allocation) 894M->40M(2000M) 1.350ms
[180.774s][info][gc] GC(3858) Concurrent Undo Cycle
[180.777s][info][gc] GC(3858) Concurrent Undo Cycle 2.668ms
[180.830s][info][gc] GC(3859) Pause Young (Concurrent Start) (G1 Humongous Allocation) 898M->44M(2000M) 1.383ms
[180.830s][info][gc] GC(3860) Concurrent Undo Cycle
[180.832s][info][gc] GC(3860) Concurrent Undo Cycle 2.067ms
[180.883s][info][gc] GC(3861) Pause Young (Concurrent Start) (G1 Humongous Allocation) 898M->40M(2000M) 1.350ms
[180.883s][info][gc] GC(3862) Concurrent Undo Cycle
[180.885s][info][gc] GC(3862) Concurrent Undo Cycle 1.856ms
[180.937s][info][gc] GC(3863) Pause Young (Concurrent Start) (G1 Humongous Allocation) 894M->40M(2000M) 1.233ms
[180.937s][info][gc] GC(3864) Concurrent Undo Cycle
[180.939s][info][gc] GC(3864) Concurrent Undo Cycle 1.763ms
[180.996s][info][gc] GC(3865) Pause Young (Concurrent Start) (G1 Humongous Allocation) 898M->44M(2000M) 1.293ms
[180.996s][info][gc] GC(3866) Concurrent Undo Cycle
[180.998s][info][gc] GC(3866) Concurrent Undo Cycle 2.662ms
[181.048s][info][gc] GC(3867) Pause Young (Concurrent Start) (G1 Humongous Allocation) 898M->40M(2000M) 1.123ms
[181.048s][info][gc] GC(3868) Concurrent Undo Cycle
[181.050s][info][gc] GC(3868) Concurrent Undo Cycle 1.798ms
[181.101s][info][gc] GC(3869) Pause Young (Concurrent Start) (G1 Humongous Allocation) 894M->40M(2000M) 1.413ms
[181.101s][info][gc] GC(3870) Concurrent Undo Cycle
[181.104s][info][gc] GC(3870) Concurrent Undo Cycle 2.683ms
[181.154s][info][gc] GC(3871) Pause Young (Concurrent Start) (G1 Humongous Allocation) 898M->44M(2000M) 1.441ms
[181.154s][info][gc] GC(3872) Concurrent Undo Cycle
[181.157s][info][gc] GC(3872) Concurrent Undo Cycle 2.675ms
[181.206s][info][gc] GC(3873) Pause Young (Concurrent Start) (G1 Humongous Allocation) 898M->40M(2000M) 1.386ms
[181.206s][info][gc] GC(3874) Concurrent Undo Cycle
[181.209s][info][gc] GC(3874) Concurrent Undo Cycle 2.706ms
[181.262s][info][gc] GC(3875) Pause Young (Concurrent Start) (G1 Humongous Allocation) 894M->40M(2000M) 1.283ms
[181.262s][info][gc] GC(3876) Concurrent Undo Cycle
[181.264s][info][gc] GC(3876) Concurrent Undo Cycle 2.503ms
[181.320s][info][gc] GC(3877) Pause Young (Concurrent Start) (G1 Humongous Allocation) 898M->44M(2000M) 1.199ms
[181.320s][info][gc] GC(3878) Concurrent Undo Cycle
[181.322s][info][gc] GC(3878) Concurrent Undo Cycle 1.732ms
[181.379s][info][gc] GC(3879) Pause Young (Concurrent Start) (G1 Humongous Allocation) 898M->40M(2000M) 1.377ms
[181.379s][info][gc] GC(3880) Concurrent Undo Cycle
[181.380s][info][gc] GC(3880) Concurrent Undo Cycle 1.703ms
[181.435s][info][gc] GC(3881) Pause Young (Concurrent Start) (G1 Humongous Allocation) 894M->40M(2000M) 1.015ms
[181.435s][info][gc] GC(3882) Concurrent Undo Cycle
[181.437s][info][gc] GC(3882) Concurrent Undo Cycle 1.805ms
[181.487s][info][gc] GC(3883) Pause Young (Concurrent Start) (G1 Humongous Allocation) 898M->44M(2000M) 1.170ms
[181.488s][info][gc] GC(3884) Concurrent Undo Cycle
[181.490s][info][gc] GC(3884) Concurrent Undo Cycle 2.638ms
[181.540s][info][gc] GC(3885) Pause Young (Concurrent Start) (G1 Humongous Allocation) 898M->40M(2000M) 1.184ms
[181.540s][info][gc] GC(3886) Concurrent Undo Cycle
[181.542s][info][gc] GC(3886) Concurrent Undo Cycle 1.893ms
[181.594s][info][gc] GC(3887) Pause Young (Concurrent Start) (G1 Humongous Allocation) 894M->40M(2000M) 1.255ms
[181.594s][info][gc] GC(3888) Concurrent Undo Cycle
[181.597s][info][gc] GC(3888) Concurrent Undo Cycle 2.782ms
[181.647s][info][gc] GC(3889) Pause Young (Concurrent Start) (G1 Humongous Allocation) 898M->44M(2000M) 1.030ms
[181.647s][info][gc] GC(3890) Concurrent Undo Cycle
[181.649s][info][gc] GC(3890) Concurrent Undo Cycle 2.067ms
[181.700s][info][gc] GC(3891) Pause Young (Concurrent Start) (G1 Humongous Allocation) 898M->40M(2000M) 1.267ms
[181.700s][info][gc] GC(3892) Concurrent Undo Cycle
[181.702s][info][gc] GC(3892) Concurrent Undo Cycle 1.705ms
[181.759s][info][gc] GC(3893) Pause Young (Concurrent Start) (G1 Humongous Allocation) 894M->40M(2000M) 1.169ms
[181.759s][info][gc] GC(3894) Concurrent Undo Cycle
[181.761s][info][gc] GC(3894) Concurrent Undo Cycle 1.763ms
[181.820s][info][gc] GC(3895) Pause Young (Concurrent Start) (G1 Humongous Allocation) 898M->44M(2000M) 1.175ms
[181.820s][info][gc] GC(3896) Concurrent Undo Cycle
[181.822s][info][gc] GC(3896) Concurrent Undo Cycle 1.895ms
[181.872s][info][gc] GC(3897) Pause Young (Concurrent Start) (G1 Humongous Allocation) 898M->40M(2000M) 1.256ms
[181.872s][info][gc] GC(3898) Concurrent Undo Cycle
[181.874s][info][gc] GC(3898) Concurrent Undo Cycle 1.813ms
[181.928s][info][gc] GC(3899) Pause Young (Concurrent Start) (G1 Humongous Allocation) 894M->40M(2000M) 1.297ms
[181.928s][info][gc] GC(3900) Concurrent Undo Cycle
[181.931s][info][gc] GC(3900) Concurrent Undo Cycle 3.652ms
[181.990s][info][gc] GC(3901) Pause Young (Concurrent Start) (G1 Humongous Allocation) 898M->44M(2000M) 1.334ms
[181.990s][info][gc] GC(3902) Concurrent Undo Cycle
[181.992s][info][gc] GC(3902) Concurrent Undo Cycle 1.858ms
[182.046s][info][gc] GC(3903) Pause Young (Concurrent Start) (G1 Humongous Allocation) 898M->40M(2000M) 1.267ms
[182.047s][info][gc] GC(3904) Concurrent Undo Cycle
[182.049s][info][gc] GC(3904) Concurrent Undo Cycle 2.066ms
[182.104s][info][gc] GC(3905) Pause Young (Concurrent Start) (G1 Humongous Allocation) 894M->40M(2000M) 1.192ms
[182.104s][info][gc] GC(3906) Concurrent Undo Cycle
[182.106s][info][gc] GC(3906) Concurrent Undo Cycle 1.715ms
[182.162s][info][gc] GC(3907) Pause Young (Concurrent Start) (G1 Humongous Allocation) 898M->44M(2000M) 1.180ms
[182.162s][info][gc] GC(3908) Concurrent Undo Cycle
[182.163s][info][gc] GC(3908) Concurrent Undo Cycle 1.736ms
[182.224s][info][gc] GC(3909) Pause Young (Concurrent Start) (G1 Humongous Allocation) 898M->40M(2000M) 1.477ms
[182.224s][info][gc] GC(3910) Concurrent Undo Cycle
[182.226s][info][gc] GC(3910) Concurrent Undo Cycle 2.063ms
[182.279s][info][gc] GC(3911) Pause Young (Concurrent Start) (G1 Humongous Allocation) 894M->40M(2000M) 1.350ms
[182.279s][info][gc] GC(3912) Concurrent Undo Cycle
[182.282s][info][gc] GC(3912) Concurrent Undo Cycle 3.037ms
[182.339s][info][gc] GC(3913) Pause Young (Concurrent Start) (G1 Humongous Allocation) 898M->44M(2000M) 1.740ms
[182.339s][info][gc] GC(3914) Concurrent Undo Cycle
[182.342s][info][gc] GC(3914) Concurrent Undo Cycle 2.782ms
[182.391s][info][gc] GC(3915) Pause Young (Concurrent Start) (G1 Humongous Allocation) 898M->40M(2000M) 1.125ms
[182.391s][info][gc] GC(3916) Concurrent Undo Cycle
[182.395s][info][gc] GC(3916) Concurrent Undo Cycle 4.109ms
[182.444s][info][gc] GC(3917) Pause Young (Concurrent Start) (G1 Humongous Allocation) 894M->40M(2000M) 1.358ms
[182.444s][info][gc] GC(3918) Concurrent Undo Cycle
[182.446s][info][gc] GC(3918) Concurrent Undo Cycle 2.081ms
[182.496s][info][gc] GC(3919) Pause Young (Concurrent Start) (G1 Humongous Allocation) 898M->44M(2000M) 1.147ms
[182.497s][info][gc] GC(3920) Concurrent Undo Cycle
[182.498s][info][gc] GC(3920) Concurrent Undo Cycle 1.691ms
[182.547s][info][gc] GC(3921) Pause Young (Concurrent Start) (G1 Humongous Allocation) 899M->41M(2000M) 1.148ms
[182.547s][info][gc] GC(3922) Concurrent Undo Cycle
[182.550s][info][gc] GC(3922) Concurrent Undo Cycle 2.518ms
[182.599s][info][gc] GC(3923) Pause Young (Concurrent Start) (G1 Humongous Allocation) 895M->41M(2000M) 1.310ms
[182.599s][info][gc] GC(3924) Concurrent Undo Cycle
[182.600s][info][gc] GC(3924) Concurrent Undo Cycle 1.697ms
[182.649s][info][gc] GC(3925) Pause Young (Concurrent Start) (G1 Humongous Allocation) 899M->45M(2000M) 1.310ms
[182.650s][info][gc] GC(3926) Concurrent Undo Cycle
[182.652s][info][gc] GC(3926) Concurrent Undo Cycle 2.078ms
[182.705s][info][gc] GC(3927) Pause Young (Concurrent Start) (G1 Humongous Allocation) 899M->41M(2000M) 1.311ms
[182.705s][info][gc] GC(3928) Concurrent Undo Cycle
[182.708s][info][gc] GC(3928) Concurrent Undo Cycle 2.416ms
[182.759s][info][gc] GC(3929) Pause Young (Concurrent Start) (G1 Humongous Allocation) 895M->41M(2000M) 1.261ms
[182.759s][info][gc] GC(3930) Concurrent Undo Cycle
[182.763s][info][gc] GC(3930) Concurrent Undo Cycle 4.322ms
[182.812s][info][gc] GC(3931) Pause Young (Concurrent Start) (G1 Humongous Allocation) 899M->45M(2000M) 1.314ms
[182.813s][info][gc] GC(3932) Concurrent Undo Cycle
[182.814s][info][gc] GC(3932) Concurrent Undo Cycle 1.755ms
[182.864s][info][gc] GC(3933) Pause Young (Concurrent Start) (G1 Humongous Allocation) 899M->41M(2000M) 1.395ms
[182.864s][info][gc] GC(3934) Concurrent Undo Cycle
[182.866s][info][gc] GC(3934) Concurrent Undo Cycle 2.434ms
[182.915s][info][gc] GC(3935) Pause Young (Concurrent Start) (G1 Humongous Allocation) 895M->41M(2000M) 1.309ms
[182.915s][info][gc] GC(3936) Concurrent Undo Cycle
[182.917s][info][gc] GC(3936) Concurrent Undo Cycle 1.728ms
[182.970s][info][gc] GC(3937) Pause Young (Concurrent Start) (G1 Humongous Allocation) 899M->45M(2000M) 2.432ms
[182.970s][info][gc] GC(3938) Concurrent Undo Cycle
[182.973s][info][gc] GC(3938) Concurrent Undo Cycle 2.671ms
[183.022s][info][gc] GC(3939) Pause Young (Concurrent Start) (G1 Humongous Allocation) 899M->41M(2000M) 1.320ms
[183.022s][info][gc] GC(3940) Concurrent Undo Cycle
[183.024s][info][gc] GC(3940) Concurrent Undo Cycle 1.766ms
[183.073s][info][gc] GC(3941) Pause Young (Concurrent Start) (G1 Humongous Allocation) 895M->41M(2000M) 1.209ms
[183.073s][info][gc] GC(3942) Concurrent Undo Cycle
[183.074s][info][gc] GC(3942) Concurrent Undo Cycle 1.716ms
[183.124s][info][gc] GC(3943) Pause Young (Concurrent Start) (G1 Humongous Allocation) 899M->45M(2000M) 1.247ms
[183.124s][info][gc] GC(3944) Concurrent Undo Cycle
[183.127s][info][gc] GC(3944) Concurrent Undo Cycle 2.589ms
[183.178s][info][gc] GC(3945) Pause Young (Concurrent Start) (G1 Humongous Allocation) 899M->41M(2000M) 1.213ms
[183.178s][info][gc] GC(3946) Concurrent Undo Cycle
[183.179s][info][gc] GC(3946) Concurrent Undo Cycle 1.662ms
[183.233s][info][gc] GC(3947) Pause Young (Concurrent Start) (G1 Humongous Allocation) 895M->41M(2000M) 1.284ms
[183.233s][info][gc] GC(3948) Concurrent Undo Cycle
[183.235s][info][gc] GC(3948) Concurrent Undo Cycle 1.877ms
[183.289s][info][gc] GC(3949) Pause Young (Concurrent Start) (G1 Humongous Allocation) 899M->45M(2000M) 1.293ms
[183.289s][info][gc] GC(3950) Concurrent Undo Cycle
[183.291s][info][gc] GC(3950) Concurrent Undo Cycle 1.888ms
[183.341s][info][gc] GC(3951) Pause Young (Concurrent Start) (G1 Humongous Allocation) 899M->41M(2000M) 1.236ms
[183.341s][info][gc] GC(3952) Concurrent Undo Cycle
[183.342s][info][gc] GC(3952) Concurrent Undo Cycle 1.716ms
[183.392s][info][gc] GC(3953) Pause Young (Concurrent Start) (G1 Humongous Allocation) 895M->41M(2000M) 1.308ms
[183.392s][info][gc] GC(3954) Concurrent Undo Cycle
[183.394s][info][gc] GC(3954) Concurrent Undo Cycle 1.995ms
[183.443s][info][gc] GC(3955) Pause Young (Concurrent Start) (G1 Humongous Allocation) 899M->45M(2000M) 1.276ms
[183.443s][info][gc] GC(3956) Concurrent Undo Cycle
[183.445s][info][gc] GC(3956) Concurrent Undo Cycle 1.801ms
[183.495s][info][gc] GC(3957) Pause Young (Concurrent Start) (G1 Humongous Allocation) 899M->41M(2000M) 1.320ms
[183.495s][info][gc] GC(3958) Concurrent Undo Cycle
[183.497s][info][gc] GC(3958) Concurrent Undo Cycle 2.485ms
[183.546s][info][gc] GC(3959) Pause Young (Concurrent Start) (G1 Humongous Allocation) 895M->41M(2000M) 1.302ms
[183.546s][info][gc] GC(3960) Concurrent Undo Cycle
[183.548s][info][gc] GC(3960) Concurrent Undo Cycle 1.710ms
[183.597s][info][gc] GC(3961) Pause Young (Concurrent Start) (G1 Humongous Allocation) 899M->45M(2000M) 1.112ms
[183.597s][info][gc] GC(3962) Concurrent Undo Cycle
[183.598s][info][gc] GC(3962) Concurrent Undo Cycle 1.770ms
[183.650s][info][gc] GC(3963) Pause Young (Concurrent Start) (G1 Humongous Allocation) 899M->41M(2000M) 1.282ms
[183.650s][info][gc] GC(3964) Concurrent Undo Cycle
[183.652s][info][gc] GC(3964) Concurrent Undo Cycle 2.521ms
[183.701s][info][gc] GC(3965) Pause Young (Concurrent Start) (G1 Humongous Allocation) 895M->41M(2000M) 1.160ms
[183.701s][info][gc] GC(3966) Concurrent Undo Cycle
[183.703s][info][gc] GC(3966) Concurrent Undo Cycle 2.095ms
[183.752s][info][gc] GC(3967) Pause Young (Concurrent Start) (G1 Humongous Allocation) 899M->45M(2000M) 1.311ms
[183.752s][info][gc] GC(3968) Concurrent Undo Cycle
[183.754s][info][gc] GC(3968) Concurrent Undo Cycle 1.704ms
[183.804s][info][gc] GC(3969) Pause Young (Concurrent Start) (G1 Humongous Allocation) 899M->41M(2000M) 1.483ms
[183.804s][info][gc] GC(3970) Concurrent Undo Cycle
[183.806s][info][gc] GC(3970) Concurrent Undo Cycle 1.700ms
[183.855s][info][gc] GC(3971) Pause Young (Concurrent Start) (G1 Humongous Allocation) 895M->41M(2000M) 1.281ms
[183.855s][info][gc] GC(3972) Concurrent Undo Cycle
[183.857s][info][gc] GC(3972) Concurrent Undo Cycle 1.704ms
[183.906s][info][gc] GC(3973) Pause Young (Concurrent Start) (G1 Humongous Allocation) 899M->45M(2000M) 1.372ms
[183.906s][info][gc] GC(3974) Concurrent Undo Cycle
[183.908s][info][gc] GC(3974) Concurrent Undo Cycle 1.813ms
[183.958s][info][gc] GC(3975) Pause Young (Concurrent Start) (G1 Humongous Allocation) 899M->41M(2000M) 1.360ms
[183.958s][info][gc] GC(3976) Concurrent Undo Cycle
[183.960s][info][gc] GC(3976) Concurrent Undo Cycle 1.829ms
[184.015s][info][gc] GC(3977) Pause Young (Concurrent Start) (G1 Humongous Allocation) 895M->41M(2000M) 1.193ms
[184.015s][info][gc] GC(3978) Concurrent Undo Cycle
[184.017s][info][gc] GC(3978) Concurrent Undo Cycle 1.831ms
[184.069s][info][gc] GC(3979) Pause Young (Concurrent Start) (G1 Humongous Allocation) 899M->45M(2000M) 1.239ms
[184.069s][info][gc] GC(3980) Concurrent Undo Cycle
[184.071s][info][gc] GC(3980) Concurrent Undo Cycle 1.759ms
[184.121s][info][gc] GC(3981) Pause Young (Concurrent Start) (G1 Humongous Allocation) 899M->41M(2000M) 1.180ms
[184.121s][info][gc] GC(3982) Concurrent Undo Cycle
[184.123s][info][gc] GC(3982) Concurrent Undo Cycle 2.521ms
[184.172s][info][gc] GC(3983) Pause Young (Concurrent Start) (G1 Humongous Allocation) 895M->41M(2000M) 1.286ms
[184.173s][info][gc] GC(3984) Concurrent Undo Cycle
[184.175s][info][gc] GC(3984) Concurrent Undo Cycle 2.553ms
[184.224s][info][gc] GC(3985) Pause Young (Concurrent Start) (G1 Humongous Allocation) 899M->45M(2000M) 1.075ms
[184.224s][info][gc] GC(3986) Concurrent Undo Cycle
[184.226s][info][gc] GC(3986) Concurrent Undo Cycle 1.837ms
[184.276s][info][gc] GC(3987) Pause Young (Concurrent Start) (G1 Humongous Allocation) 899M->41M(2000M) 1.202ms
[184.276s][info][gc] GC(3988) Concurrent Undo Cycle
[184.278s][info][gc] GC(3988) Concurrent Undo Cycle 1.716ms
[184.327s][info][gc] GC(3989) Pause Young (Concurrent Start) (G1 Humongous Allocation) 895M->41M(2000M) 1.222ms
[184.327s][info][gc] GC(3990) Concurrent Undo Cycle
[184.329s][info][gc] GC(3990) Concurrent Undo Cycle 2.536ms
[184.378s][info][gc] GC(3991) Pause Young (Concurrent Start) (G1 Humongous Allocation) 899M->45M(2000M) 1.248ms
[184.378s][info][gc] GC(3992) Concurrent Undo Cycle
[184.380s][info][gc] GC(3992) Concurrent Undo Cycle 1.730ms
[184.429s][info][gc] GC(3993) Pause Young (Concurrent Start) (G1 Humongous Allocation) 899M->41M(2000M) 1.235ms
[184.429s][info][gc] GC(3994) Concurrent Undo Cycle
[184.431s][info][gc] GC(3994) Concurrent Undo Cycle 1.759ms
[184.480s][info][gc] GC(3995) Pause Young (Concurrent Start) (G1 Humongous Allocation) 895M->41M(2000M) 1.328ms
[184.480s][info][gc] GC(3996) Concurrent Undo Cycle
[184.482s][info][gc] GC(3996) Concurrent Undo Cycle 1.697ms
[184.537s][info][gc] GC(3997) Pause Young (Concurrent Start) (G1 Humongous Allocation) 899M->45M(2000M) 1.046ms
[184.537s][info][gc] GC(3998) Concurrent Undo Cycle
[184.538s][info][gc] GC(3998) Concurrent Undo Cycle 1.743ms
[184.587s][info][gc] GC(3999) Pause Young (Concurrent Start) (G1 Humongous Allocation) 899M->41M(2000M) 1.198ms
[184.587s][info][gc] GC(4000) Concurrent Undo Cycle
[184.591s][info][gc] GC(4000) Concurrent Undo Cycle 3.704ms
[184.641s][info][gc] GC(4001) Pause Young (Concurrent Start) (G1 Humongous Allocation) 895M->41M(2000M) 1.111ms
[184.641s][info][gc] GC(4002) Concurrent Undo Cycle
[184.643s][info][gc] GC(4002) Concurrent Undo Cycle 1.697ms
[184.692s][info][gc] GC(4003) Pause Young (Concurrent Start) (G1 Humongous Allocation) 899M->45M(2000M) 1.272ms
[184.692s][info][gc] GC(4004) Concurrent Undo Cycle
[184.694s][info][gc] GC(4004) Concurrent Undo Cycle 1.959ms
[184.748s][info][gc] GC(4005) Pause Young (Concurrent Start) (G1 Humongous Allocation) 899M->41M(2000M) 1.462ms
[184.748s][info][gc] GC(4006) Concurrent Undo Cycle
[184.752s][info][gc] GC(4006) Concurrent Undo Cycle 3.888ms
[184.813s][info][gc] GC(4007) Pause Young (Concurrent Start) (G1 Humongous Allocation) 895M->41M(2000M) 1.621ms
[184.813s][info][gc] GC(4008) Concurrent Undo Cycle
[184.815s][info][gc] GC(4008) Concurrent Undo Cycle 2.149ms
[184.866s][info][gc] GC(4009) Pause Young (Concurrent Start) (G1 Humongous Allocation) 899M->45M(2000M) 1.472ms
[184.866s][info][gc] GC(4010) Concurrent Undo Cycle
[184.867s][info][gc] GC(4010) Concurrent Undo Cycle 1.746ms
[184.917s][info][gc] GC(4011) Pause Young (Concurrent Start) (G1 Humongous Allocation) 899M->41M(2000M) 1.339ms
[184.917s][info][gc] GC(4012) Concurrent Undo Cycle
[184.919s][info][gc] GC(4012) Concurrent Undo Cycle 1.958ms
[184.969s][info][gc] GC(4013) Pause Young (Concurrent Start) (G1 Humongous Allocation) 895M->41M(2000M) 1.256ms
[184.969s][info][gc] GC(4014) Concurrent Undo Cycle
[184.973s][info][gc] GC(4014) Concurrent Undo Cycle 4.230ms
[185.026s][info][gc] GC(4015) Pause Young (Concurrent Start) (G1 Humongous Allocation) 899M->45M(2000M) 1.198ms
[185.026s][info][gc] GC(4016) Concurrent Undo Cycle
[185.028s][info][gc] GC(4016) Concurrent Undo Cycle 1.837ms
[185.077s][info][gc] GC(4017) Pause Young (Concurrent Start) (G1 Humongous Allocation) 899M->41M(2000M) 1.240ms
[185.077s][info][gc] GC(4018) Concurrent Undo Cycle
[185.079s][info][gc] GC(4018) Concurrent Undo Cycle 2.626ms
[185.129s][info][gc] GC(4019) Pause Young (Concurrent Start) (G1 Humongous Allocation) 895M->41M(2000M) 1.312ms
[185.129s][info][gc] GC(4020) Concurrent Undo Cycle
[185.131s][info][gc] GC(4020) Concurrent Undo Cycle 1.743ms
[185.180s][info][gc] GC(4021) Pause Young (Concurrent Start) (G1 Humongous Allocation) 899M->45M(2000M) 1.267ms
[185.180s][info][gc] GC(4022) Concurrent Undo Cycle
[185.182s][info][gc] GC(4022) Concurrent Undo Cycle 1.792ms
[185.231s][info][gc] GC(4023) Pause Young (Concurrent Start) (G1 Humongous Allocation) 899M->41M(2000M) 1.238ms
[185.231s][info][gc] GC(4024) Concurrent Undo Cycle
[185.233s][info][gc] GC(4024) Concurrent Undo Cycle 1.831ms
[185.283s][info][gc] GC(4025) Pause Young (Concurrent Start) (G1 Humongous Allocation) 895M->41M(2000M) 1.178ms
[185.283s][info][gc] GC(4026) Concurrent Undo Cycle
[185.285s][info][gc] GC(4026) Concurrent Undo Cycle 1.849ms
[185.334s][info][gc] GC(4027) Pause Young (Concurrent Start) (G1 Humongous Allocation) 899M->45M(2000M) 1.220ms
[185.334s][info][gc] GC(4028) Concurrent Undo Cycle
[185.336s][info][gc] GC(4028) Concurrent Undo Cycle 1.863ms
[185.386s][info][gc] GC(4029) Pause Young (Concurrent Start) (G1 Humongous Allocation) 899M->41M(2000M) 1.142ms
[185.386s][info][gc] GC(4030) Concurrent Undo Cycle
[185.388s][info][gc] GC(4030) Concurrent Undo Cycle 1.723ms
[185.439s][info][gc] GC(4031) Pause Young (Concurrent Start) (G1 Humongous Allocation) 895M->41M(2000M) 1.236ms
[185.439s][info][gc] GC(4032) Concurrent Undo Cycle
[185.441s][info][gc] GC(4032) Concurrent Undo Cycle 1.824ms
[185.498s][info][gc] GC(4033) Pause Young (Concurrent Start) (G1 Humongous Allocation) 899M->45M(2000M) 1.640ms
[185.498s][info][gc] GC(4034) Concurrent Undo Cycle
[185.500s][info][gc] GC(4034) Concurrent Undo Cycle 2.553ms
[185.550s][info][gc] GC(4035) Pause Young (Concurrent Start) (G1 Humongous Allocation) 899M->41M(2000M) 1.179ms
[185.550s][info][gc] GC(4036) Concurrent Undo Cycle
[185.552s][info][gc] GC(4036) Concurrent Undo Cycle 2.491ms
[185.602s][info][gc] GC(4037) Pause Young (Concurrent Start) (G1 Humongous Allocation) 895M->41M(2000M) 1.103ms
[185.602s][info][gc] GC(4038) Concurrent Undo Cycle
[185.603s][info][gc] GC(4038) Concurrent Undo Cycle 1.778ms
[185.653s][info][gc] GC(4039) Pause Young (Concurrent Start) (G1 Humongous Allocation) 899M->45M(2000M) 1.262ms
[185.653s][info][gc] GC(4040) Concurrent Undo Cycle
[185.656s][info][gc] GC(4040) Concurrent Undo Cycle 2.668ms
[185.706s][info][gc] GC(4041) Pause Young (Concurrent Start) (G1 Humongous Allocation) 899M->41M(2000M) 1.339ms
[185.706s][info][gc] GC(4042) Concurrent Undo Cycle
[185.709s][info][gc] GC(4042) Concurrent Undo Cycle 2.531ms
[185.771s][info][gc] GC(4043) Pause Young (Concurrent Start) (G1 Humongous Allocation) 895M->41M(2000M) 1.393ms
[185.771s][info][gc] GC(4044) Concurrent Undo Cycle
[185.773s][info][gc] GC(4044) Concurrent Undo Cycle 1.732ms
[185.822s][info][gc] GC(4045) Pause Young (Concurrent Start) (G1 Humongous Allocation) 899M->45M(2000M) 1.177ms
[185.822s][info][gc] GC(4046) Concurrent Undo Cycle
[185.824s][info][gc] GC(4046) Concurrent Undo Cycle 1.711ms
[185.875s][info][gc] GC(4047) Pause Young (Concurrent Start) (G1 Humongous Allocation) 899M->41M(2000M) 1.175ms
[185.875s][info][gc] GC(4048) Concurrent Undo Cycle
[185.877s][info][gc] GC(4048) Concurrent Undo Cycle 2.612ms
[185.926s][info][gc] GC(4049) Pause Young (Concurrent Start) (G1 Humongous Allocation) 895M->41M(2000M) 1.218ms
[185.926s][info][gc] GC(4050) Concurrent Undo Cycle
[185.928s][info][gc] GC(4050) Concurrent Undo Cycle 1.824ms
[185.977s][info][gc] GC(4051) Pause Young (Concurrent Start) (G1 Humongous Allocation) 899M->45M(2000M) 1.355ms
[185.977s][info][gc] GC(4052) Concurrent Undo Cycle
[185.979s][info][gc] GC(4052) Concurrent Undo Cycle 1.797ms
[186.029s][info][gc] GC(4053) Pause Young (Concurrent Start) (G1 Humongous Allocation) 899M->41M(2000M) 1.297ms
[186.029s][info][gc] GC(4054) Concurrent Undo Cycle
[186.031s][info][gc] GC(4054) Concurrent Undo Cycle 2.561ms
[186.087s][info][gc] GC(4055) Pause Young (Concurrent Start) (G1 Humongous Allocation) 896M->41M(2000M) 1.415ms
[186.087s][info][gc] GC(4056) Concurrent Undo Cycle
[186.089s][info][gc] GC(4056) Concurrent Undo Cycle 1.716ms
[186.141s][info][gc] GC(4057) Pause Young (Concurrent Start) (G1 Humongous Allocation) 900M->46M(2000M) 1.305ms
[186.141s][info][gc] GC(4058) Concurrent Undo Cycle
[186.143s][info][gc] GC(4058) Concurrent Undo Cycle 1.786ms
[186.194s][info][gc] GC(4059) Pause Young (Concurrent Start) (G1 Humongous Allocation) 900M->42M(2000M) 1.212ms
[186.194s][info][gc] GC(4060) Concurrent Undo Cycle
[186.196s][info][gc] GC(4060) Concurrent Undo Cycle 2.084ms
[186.251s][info][gc] GC(4061) Pause Young (Concurrent Start) (G1 Humongous Allocation) 896M->42M(2000M) 1.204ms
[186.251s][info][gc] GC(4062) Concurrent Undo Cycle
[186.253s][info][gc] GC(4062) Concurrent Undo Cycle 1.810ms
[186.307s][info][gc] GC(4063) Pause Young (Concurrent Start) (G1 Humongous Allocation) 900M->46M(2000M) 1.251ms
[186.307s][info][gc] GC(4064) Concurrent Undo Cycle
[186.309s][info][gc] GC(4064) Concurrent Undo Cycle 1.806ms
[186.361s][info][gc] GC(4065) Pause Young (Concurrent Start) (G1 Humongous Allocation) 900M->42M(2000M) 1.362ms
[186.361s][info][gc] GC(4066) Concurrent Undo Cycle
[186.363s][info][gc] GC(4066) Concurrent Undo Cycle 1.767ms
[186.417s][info][gc] GC(4067) Pause Young (Concurrent Start) (G1 Humongous Allocation) 896M->42M(2000M) 1.118ms
[186.417s][info][gc] GC(4068) Concurrent Undo Cycle
[186.420s][info][gc] GC(4068) Concurrent Undo Cycle 2.623ms
[186.470s][info][gc] GC(4069) Pause Young (Concurrent Start) (G1 Humongous Allocation) 900M->46M(2000M) 1.275ms
[186.470s][info][gc] GC(4070) Concurrent Undo Cycle
[186.472s][info][gc] GC(4070) Concurrent Undo Cycle 1.770ms
[186.527s][info][gc] GC(4071) Pause Young (Concurrent Start) (G1 Humongous Allocation) 900M->42M(2000M) 1.146ms
[186.527s][info][gc] GC(4072) Concurrent Undo Cycle
[186.529s][info][gc] GC(4072) Concurrent Undo Cycle 1.864ms
[186.582s][info][gc] GC(4073) Pause Young (Concurrent Start) (G1 Humongous Allocation) 896M->42M(2000M) 1.201ms
[186.582s][info][gc] GC(4074) Concurrent Undo Cycle
[186.585s][info][gc] GC(4074) Concurrent Undo Cycle 2.575ms
[186.635s][info][gc] GC(4075) Pause Young (Concurrent Start) (G1 Humongous Allocation) 900M->46M(2000M) 1.116ms
[186.636s][info][gc] GC(4076) Concurrent Undo Cycle
[186.637s][info][gc] GC(4076) Concurrent Undo Cycle 1.783ms
[186.689s][info][gc] GC(4077) Pause Young (Concurrent Start) (G1 Humongous Allocation) 900M->42M(2000M) 1.268ms
[186.689s][info][gc] GC(4078) Concurrent Undo Cycle
[186.693s][info][gc] GC(4078) Concurrent Undo Cycle 3.570ms
[186.744s][info][gc] GC(4079) Pause Young (Concurrent Start) (G1 Humongous Allocation) 896M->42M(2000M) 1.053ms
[186.744s][info][gc] GC(4080) Concurrent Undo Cycle
[186.745s][info][gc] GC(4080) Concurrent Undo Cycle 1.760ms
[186.796s][info][gc] GC(4081) Pause Young (Concurrent Start) (G1 Humongous Allocation) 900M->46M(2000M) 1.321ms
[186.796s][info][gc] GC(4082) Concurrent Undo Cycle
[186.799s][info][gc] GC(4082) Concurrent Undo Cycle 2.637ms
[186.849s][info][gc] GC(4083) Pause Young (Concurrent Start) (G1 Humongous Allocation) 900M->42M(2000M) 1.285ms
[186.849s][info][gc] GC(4084) Concurrent Undo Cycle
[186.851s][info][gc] GC(4084) Concurrent Undo Cycle 2.596ms
[186.908s][info][gc] GC(4085) Pause Young (Concurrent Start) (G1 Humongous Allocation) 896M->42M(2000M) 1.151ms
[186.908s][info][gc] GC(4086) Concurrent Undo Cycle
[186.910s][info][gc] GC(4086) Concurrent Undo Cycle 2.482ms
[186.967s][info][gc] GC(4087) Pause Young (Concurrent Start) (G1 Humongous Allocation) 900M->46M(2000M) 1.277ms
[186.967s][info][gc] GC(4088) Concurrent Undo Cycle
[186.969s][info][gc] GC(4088) Concurrent Undo Cycle 1.764ms
[187.019s][info][gc] GC(4089) Pause Young (Concurrent Start) (G1 Humongous Allocation) 900M->42M(2000M) 1.248ms
[187.019s][info][gc] GC(4090) Concurrent Undo Cycle
[187.021s][info][gc] GC(4090) Concurrent Undo Cycle 1.732ms
[187.071s][info][gc] GC(4091) Pause Young (Concurrent Start) (G1 Humongous Allocation) 896M->42M(2000M) 1.305ms
[187.071s][info][gc] GC(4092) Concurrent Undo Cycle
[187.074s][info][gc] GC(4092) Concurrent Undo Cycle 2.625ms
[187.126s][info][gc] GC(4093) Pause Young (Concurrent Start) (G1 Humongous Allocation) 900M->46M(2000M) 1.566ms
[187.126s][info][gc] GC(4094) Concurrent Undo Cycle
[187.128s][info][gc] GC(4094) Concurrent Undo Cycle 1.833ms
[187.181s][info][gc] GC(4095) Pause Young (Concurrent Start) (G1 Humongous Allocation) 900M->42M(2000M) 1.192ms
[187.181s][info][gc] GC(4096) Concurrent Undo Cycle
[187.182s][info][gc] GC(4096) Concurrent Undo Cycle 1.755ms
[187.233s][info][gc] GC(4097) Pause Young (Concurrent Start) (G1 Humongous Allocation) 896M->42M(2000M) 1.295ms
[187.233s][info][gc] GC(4098) Concurrent Undo Cycle
[187.234s][info][gc] GC(4098) Concurrent Undo Cycle 1.712ms
[187.285s][info][gc] GC(4099) Pause Young (Concurrent Start) (G1 Humongous Allocation) 900M->46M(2000M) 1.352ms
[187.285s][info][gc] GC(4100) Concurrent Undo Cycle
[187.287s][info][gc] GC(4100) Concurrent Undo Cycle 1.782ms
[187.338s][info][gc] GC(4101) Pause Young (Concurrent Start) (G1 Humongous Allocation) 900M->42M(2000M) 1.269ms
[187.338s][info][gc] GC(4102) Concurrent Undo Cycle
[187.339s][info][gc] GC(4102) Concurrent Undo Cycle 1.717ms
[187.389s][info][gc] GC(4103) Pause Young (Concurrent Start) (G1 Humongous Allocation) 896M->42M(2000M) 1.345ms
[187.389s][info][gc] GC(4104) Concurrent Undo Cycle
[187.391s][info][gc] GC(4104) Concurrent Undo Cycle 1.863ms
[187.442s][info][gc] GC(4105) Pause Young (Concurrent Start) (G1 Humongous Allocation) 900M->46M(2000M) 1.196ms
[187.442s][info][gc] GC(4106) Concurrent Undo Cycle
[187.444s][info][gc] GC(4106) Concurrent Undo Cycle 2.433ms
[187.494s][info][gc] GC(4107) Pause Young (Concurrent Start) (G1 Humongous Allocation) 900M->42M(2000M) 1.161ms
[187.494s][info][gc] GC(4108) Concurrent Undo Cycle
[187.496s][info][gc] GC(4108) Concurrent Undo Cycle 2.434ms
[187.551s][info][gc] GC(4109) Pause Young (Concurrent Start) (G1 Humongous Allocation) 896M->42M(2000M) 1.560ms
[187.551s][info][gc] GC(4110) Concurrent Undo Cycle
[187.553s][info][gc] GC(4110) Concurrent Undo Cycle 1.737ms
[187.603s][info][gc] GC(4111) Pause Young (Concurrent Start) (G1 Humongous Allocation) 900M->46M(2000M) 1.373ms
[187.603s][info][gc] GC(4112) Concurrent Undo Cycle
[187.605s][info][gc] GC(4112) Concurrent Undo Cycle 1.722ms
[187.654s][info][gc] GC(4113) Pause Young (Concurrent Start) (G1 Humongous Allocation) 900M->42M(2000M) 1.294ms
[187.654s][info][gc] GC(4114) Concurrent Undo Cycle
[187.656s][info][gc] GC(4114) Concurrent Undo Cycle 1.764ms
[187.706s][info][gc] GC(4115) Pause Young (Concurrent Start) (G1 Humongous Allocation) 896M->42M(2000M) 1.342ms
[187.706s][info][gc] GC(4116) Concurrent Undo Cycle
[187.708s][info][gc] GC(4116) Concurrent Undo Cycle 1.806ms
[187.760s][info][gc] GC(4117) Pause Young (Concurrent Start) (G1 Humongous Allocation) 900M->46M(2000M) 2.016ms
[187.760s][info][gc] GC(4118) Concurrent Undo Cycle
[187.762s][info][gc] GC(4118) Concurrent Undo Cycle 1.752ms
[187.811s][info][gc] GC(4119) Pause Young (Concurrent Start) (G1 Humongous Allocation) 900M->42M(2000M) 1.261ms
[187.811s][info][gc] GC(4120) Concurrent Undo Cycle
[187.813s][info][gc] GC(4120) Concurrent Undo Cycle 1.755ms
[187.862s][info][gc] GC(4121) Pause Young (Concurrent Start) (G1 Humongous Allocation) 896M->42M(2000M) 1.255ms
[187.862s][info][gc] GC(4122) Concurrent Undo Cycle
[187.865s][info][gc] GC(4122) Concurrent Undo Cycle 2.554ms
[187.920s][info][gc] GC(4123) Pause Young (Concurrent Start) (G1 Humongous Allocation) 900M->46M(2000M) 1.428ms
[187.920s][info][gc] GC(4124) Concurrent Undo Cycle
[187.923s][info][gc] GC(4124) Concurrent Undo Cycle 2.680ms
[187.975s][info][gc] GC(4125) Pause Young (Concurrent Start) (G1 Humongous Allocation) 900M->42M(2000M) 1.267ms
[187.975s][info][gc] GC(4126) Concurrent Undo Cycle
[187.977s][info][gc] GC(4126) Concurrent Undo Cycle 2.435ms
[188.028s][info][gc] GC(4127) Pause Young (Concurrent Start) (G1 Humongous Allocation) 896M->42M(2000M) 1.484ms
[188.028s][info][gc] GC(4128) Concurrent Undo Cycle
[188.030s][info][gc] GC(4128) Concurrent Undo Cycle 1.732ms
[188.081s][info][gc] GC(4129) Pause Young (Concurrent Start) (G1 Humongous Allocation) 900M->46M(2000M) 1.516ms
[188.081s][info][gc] GC(4130) Concurrent Undo Cycle
[188.082s][info][gc] GC(4130) Concurrent Undo Cycle 1.718ms
[188.133s][info][gc] GC(4131) Pause Young (Concurrent Start) (G1 Humongous Allocation) 900M->42M(2000M) 1.141ms
[188.133s][info][gc] GC(4132) Concurrent Undo Cycle
[188.134s][info][gc] GC(4132) Concurrent Undo Cycle 1.747ms
[188.185s][info][gc] GC(4133) Pause Young (Concurrent Start) (G1 Humongous Allocation) 896M->42M(2000M) 1.091ms
[188.185s][info][gc] GC(4134) Concurrent Undo Cycle
[188.187s][info][gc] GC(4134) Concurrent Undo Cycle 2.537ms
[188.237s][info][gc] GC(4135) Pause Young (Concurrent Start) (G1 Humongous Allocation) 900M->46M(2000M) 1.430ms
[188.237s][info][gc] GC(4136) Concurrent Undo Cycle
[188.239s][info][gc] GC(4136) Concurrent Undo Cycle 2.026ms
[188.289s][info][gc] GC(4137) Pause Young (Concurrent Start) (G1 Humongous Allocation) 900M->42M(2000M) 1.337ms
[188.289s][info][gc] GC(4138) Concurrent Undo Cycle
[188.291s][info][gc] GC(4138) Concurrent Undo Cycle 1.786ms
[188.341s][info][gc] GC(4139) Pause Young (Concurrent Start) (G1 Humongous Allocation) 896M->42M(2000M) 1.263ms
[188.342s][info][gc] GC(4140) Concurrent Undo Cycle
[188.343s][info][gc] GC(4140) Concurrent Undo Cycle 1.714ms
[188.393s][info][gc] GC(4141) Pause Young (Concurrent Start) (G1 Humongous Allocation) 900M->46M(2000M) 1.346ms
[188.393s][info][gc] GC(4142) Concurrent Undo Cycle
[188.395s][info][gc] GC(4142) Concurrent Undo Cycle 1.802ms
[188.445s][info][gc] GC(4143) Pause Young (Concurrent Start) (G1 Humongous Allocation) 900M->42M(2000M) 1.159ms
[188.445s][info][gc] GC(4144) Concurrent Undo Cycle
[188.446s][info][gc] GC(4144) Concurrent Undo Cycle 1.645ms
[188.503s][info][gc] GC(4145) Pause Young (Concurrent Start) (G1 Humongous Allocation) 896M->42M(2000M) 1.146ms
[188.503s][info][gc] GC(4146) Concurrent Undo Cycle
[188.505s][info][gc] GC(4146) Concurrent Undo Cycle 1.941ms
[188.556s][info][gc] GC(4147) Pause Young (Concurrent Start) (G1 Humongous Allocation) 900M->46M(2000M) 1.296ms
[188.556s][info][gc] GC(4148) Concurrent Undo Cycle
[188.558s][info][gc] GC(4148) Concurrent Undo Cycle 1.912ms
[188.608s][info][gc] GC(4149) Pause Young (Concurrent Start) (G1 Humongous Allocation) 900M->42M(2000M) 1.225ms
[188.608s][info][gc] GC(4150) Concurrent Undo Cycle
[188.610s][info][gc] GC(4150) Concurrent Undo Cycle 2.539ms
[188.660s][info][gc] GC(4151) Pause Young (Concurrent Start) (G1 Humongous Allocation) 896M->42M(2000M) 1.245ms
[188.660s][info][gc] GC(4152) Concurrent Undo Cycle
[188.662s][info][gc] GC(4152) Concurrent Undo Cycle 1.711ms
[188.713s][info][gc] GC(4153) Pause Young (Concurrent Start) (G1 Humongous Allocation) 900M->46M(2000M) 1.301ms
[188.713s][info][gc] GC(4154) Concurrent Undo Cycle
[188.715s][info][gc] GC(4154) Concurrent Undo Cycle 2.003ms
[188.766s][info][gc] GC(4155) Pause Young (Concurrent Start) (G1 Humongous Allocation) 900M->42M(2000M) 1.879ms
[188.767s][info][gc] GC(4156) Concurrent Undo Cycle
[188.768s][info][gc] GC(4156) Concurrent Undo Cycle 1.691ms
[188.818s][info][gc] GC(4157) Pause Young (Concurrent Start) (G1 Humongous Allocation) 896M->42M(2000M) 1.265ms
[188.818s][info][gc] GC(4158) Concurrent Undo Cycle
[188.820s][info][gc] GC(4158) Concurrent Undo Cycle 1.834ms
[188.870s][info][gc] GC(4159) Pause Young (Concurrent Start) (G1 Humongous Allocation) 900M->46M(2000M) 1.334ms
[188.870s][info][gc] GC(4160) Concurrent Undo Cycle
[188.873s][info][gc] GC(4160) Concurrent Undo Cycle 2.540ms
[188.923s][info][gc] GC(4161) Pause Young (Concurrent Start) (G1 Humongous Allocation) 900M->42M(2000M) 1.273ms
[188.923s][info][gc] GC(4162) Concurrent Undo Cycle
[188.926s][info][gc] GC(4162) Concurrent Undo Cycle 2.862ms
[188.976s][info][gc] GC(4163) Pause Young (Concurrent Start) (G1 Humongous Allocation) 896M->42M(2000M) 1.135ms
[188.976s][info][gc] GC(4164) Concurrent Undo Cycle
[188.978s][info][gc] GC(4164) Concurrent Undo Cycle 1.752ms
[189.028s][info][gc] GC(4165) Pause Young (Concurrent Start) (G1 Humongous Allocation) 900M->46M(2000M) 1.319ms
[189.028s][info][gc] GC(4166) Concurrent Undo Cycle
[189.030s][info][gc] GC(4166) Concurrent Undo Cycle 2.580ms
[189.080s][info][gc] GC(4167) Pause Young (Concurrent Start) (G1 Humongous Allocation) 900M->42M(2000M) 1.079ms
[189.080s][info][gc] GC(4168) Concurrent Undo Cycle
[189.082s][info][gc] GC(4168) Concurrent Undo Cycle 1.742ms
[189.134s][info][gc] GC(4169) Pause Young (Concurrent Start) (G1 Humongous Allocation) 896M->42M(2000M) 1.113ms
[189.134s][info][gc] GC(4170) Concurrent Undo Cycle
[189.136s][info][gc] GC(4170) Concurrent Undo Cycle 2.031ms
[189.188s][info][gc] GC(4171) Pause Young (Concurrent Start) (G1 Humongous Allocation) 900M->46M(2000M) 1.195ms
[189.188s][info][gc] GC(4172) Concurrent Undo Cycle
[189.190s][info][gc] GC(4172) Concurrent Undo Cycle 1.749ms
[189.241s][info][gc] GC(4173) Pause Young (Concurrent Start) (G1 Humongous Allocation) 900M->42M(2000M) 1.229ms
[189.241s][info][gc] GC(4174) Concurrent Undo Cycle
[189.243s][info][gc] GC(4174) Concurrent Undo Cycle 1.993ms
[189.293s][info][gc] GC(4175) Pause Young (Concurrent Start) (G1 Humongous Allocation) 896M->42M(2000M) 1.261ms
[189.293s][info][gc] GC(4176) Concurrent Undo Cycle
[189.296s][info][gc] GC(4176) Concurrent Undo Cycle 2.578ms
[189.346s][info][gc] GC(4177) Pause Young (Concurrent Start) (G1 Humongous Allocation) 900M->46M(2000M) 1.212ms
[189.346s][info][gc] GC(4178) Concurrent Undo Cycle
[189.348s][info][gc] GC(4178) Concurrent Undo Cycle 2.565ms
[189.398s][info][gc] GC(4179) Pause Young (Concurrent Start) (G1 Humongous Allocation) 900M->42M(2000M) 1.235ms
[189.398s][info][gc] GC(4180) Concurrent Undo Cycle
[189.400s][info][gc] GC(4180) Concurrent Undo Cycle 1.724ms
[189.451s][info][gc] GC(4181) Pause Young (Concurrent Start) (G1 Humongous Allocation) 896M->42M(2000M) 1.195ms
[189.452s][info][gc] GC(4182) Concurrent Undo Cycle
[189.454s][info][gc] GC(4182) Concurrent Undo Cycle 2.465ms
[189.506s][info][gc] GC(4183) Pause Young (Concurrent Start) (G1 Humongous Allocation) 900M->46M(2000M) 1.233ms
[189.506s][info][gc] GC(4184) Concurrent Undo Cycle
[189.509s][info][gc] GC(4184) Concurrent Undo Cycle 2.441ms
[189.558s][info][gc] GC(4185) Pause Young (Concurrent Start) (G1 Humongous Allocation) 900M->42M(2000M) 1.149ms
[189.558s][info][gc] GC(4186) Concurrent Undo Cycle
[189.561s][info][gc] GC(4186) Concurrent Undo Cycle 2.474ms
[189.610s][info][gc] GC(4187) Pause Young (Concurrent Start) (G1 Humongous Allocation) 896M->42M(2000M) 1.091ms
[189.610s][info][gc] GC(4188) Concurrent Undo Cycle
[189.613s][info][gc] GC(4188) Concurrent Undo Cycle 2.697ms
[189.663s][info][gc] GC(4189) Pause Young (Concurrent Start) (G1 Humongous Allocation) 900M->46M(2000M) 1.149ms
[189.663s][info][gc] GC(4190) Concurrent Undo Cycle
[189.664s][info][gc] GC(4190) Concurrent Undo Cycle 1.758ms
[189.715s][info][gc] GC(4191) Pause Young (Concurrent Start) (G1 Humongous Allocation) 900M->42M(2000M) 1.253ms
[189.715s][info][gc] GC(4192) Concurrent Undo Cycle
[189.717s][info][gc] GC(4192) Concurrent Undo Cycle 2.506ms
[189.767s][info][gc] GC(4193) Pause Young (Concurrent Start) (G1 Humongous Allocation) 896M->42M(2000M) 1.144ms
[189.767s][info][gc] GC(4194) Concurrent Undo Cycle
[189.769s][info][gc] GC(4194) Concurrent Undo Cycle 1.724ms
[189.819s][info][gc] GC(4195) Pause Young (Concurrent Start) (G1 Humongous Allocation) 901M->47M(2000M) 1.209ms
[189.819s][info][gc] GC(4196) Concurrent Undo Cycle
[189.821s][info][gc] GC(4196) Concurrent Undo Cycle 1.730ms
[189.877s][info][gc] GC(4197) Pause Young (Concurrent Start) (G1 Humongous Allocation) 901M->43M(2000M) 1.271ms
[189.877s][info][gc] GC(4198) Concurrent Undo Cycle
[189.879s][info][gc] GC(4198) Concurrent Undo Cycle 1.986ms
[189.931s][info][gc] GC(4199) Pause Young (Concurrent Start) (G1 Humongous Allocation) 897M->43M(2000M) 1.440ms
[189.931s][info][gc] GC(4200) Concurrent Undo Cycle
[189.933s][info][gc] GC(4200) Concurrent Undo Cycle 2.138ms
[189.983s][info][gc] GC(4201) Pause Young (Concurrent Start) (G1 Humongous Allocation) 901M->47M(2000M) 1.399ms
[189.983s][info][gc] GC(4202) Concurrent Undo Cycle
[189.985s][info][gc] GC(4202) Concurrent Undo Cycle 1.681ms
[190.042s][info][gc] GC(4203) Pause Young (Concurrent Start) (G1 Humongous Allocation) 901M->43M(2000M) 1.600ms
[190.042s][info][gc] GC(4204) Concurrent Undo Cycle
[190.044s][info][gc] GC(4204) Concurrent Undo Cycle 2.064ms
[190.099s][info][gc] GC(4205) Pause Young (Concurrent Start) (G1 Humongous Allocation) 897M->43M(2000M) 1.172ms
[190.099s][info][gc] GC(4206) Concurrent Undo Cycle
[190.102s][info][gc] GC(4206) Concurrent Undo Cycle 2.133ms
[190.156s][info][gc] GC(4207) Pause Young (Concurrent Start) (G1 Humongous Allocation) 901M->47M(2000M) 1.167ms
[190.157s][info][gc] GC(4208) Concurrent Undo Cycle
[190.158s][info][gc] GC(4208) Concurrent Undo Cycle 1.732ms
[190.213s][info][gc] GC(4209) Pause Young (Concurrent Start) (G1 Humongous Allocation) 901M->43M(2000M) 1.211ms
[190.213s][info][gc] GC(4210) Concurrent Undo Cycle
[190.215s][info][gc] GC(4210) Concurrent Undo Cycle 1.784ms
[190.277s][info][gc] GC(4211) Pause Young (Concurrent Start) (G1 Humongous Allocation) 897M->43M(2000M) 1.208ms
[190.277s][info][gc] GC(4212) Concurrent Undo Cycle
[190.279s][info][gc] GC(4212) Concurrent Undo Cycle 2.050ms
[190.341s][info][gc] GC(4213) Pause Young (Concurrent Start) (G1 Humongous Allocation) 901M->47M(2000M) 1.175ms
[190.341s][info][gc] GC(4214) Concurrent Undo Cycle
[190.343s][info][gc] GC(4214) Concurrent Undo Cycle 2.142ms
[190.400s][info][gc] GC(4215) Pause Young (Concurrent Start) (G1 Humongous Allocation) 901M->43M(2000M) 1.217ms
[190.400s][info][gc] GC(4216) Concurrent Undo Cycle
[190.402s][info][gc] GC(4216) Concurrent Undo Cycle 1.825ms
[190.453s][info][gc] GC(4217) Pause Young (Concurrent Start) (G1 Humongous Allocation) 897M->43M(2000M) 1.202ms
[190.453s][info][gc] GC(4218) Concurrent Undo Cycle
[190.455s][info][gc] GC(4218) Concurrent Undo Cycle 2.070ms
[190.506s][info][gc] GC(4219) Pause Young (Concurrent Start) (G1 Humongous Allocation) 901M->47M(2000M) 1.320ms
[190.507s][info][gc] GC(4220) Concurrent Undo Cycle
[190.509s][info][gc] GC(4220) Concurrent Undo Cycle 2.476ms
[190.559s][info][gc] GC(4221) Pause Young (Concurrent Start) (G1 Humongous Allocation) 901M->43M(2000M) 1.281ms
[190.559s][info][gc] GC(4222) Concurrent Undo Cycle
[190.561s][info][gc] GC(4222) Concurrent Undo Cycle 1.712ms
[190.613s][info][gc] GC(4223) Pause Young (Concurrent Start) (G1 Humongous Allocation) 897M->43M(2000M) 1.395ms
[190.613s][info][gc] GC(4224) Concurrent Undo Cycle
[190.614s][info][gc] GC(4224) Concurrent Undo Cycle 1.708ms
[190.665s][info][gc] GC(4225) Pause Young (Concurrent Start) (G1 Humongous Allocation) 901M->47M(2000M) 1.256ms
[190.665s][info][gc] GC(4226) Concurrent Undo Cycle
[190.667s][info][gc] GC(4226) Concurrent Undo Cycle 1.758ms
[190.717s][info][gc] GC(4227) Pause Young (Concurrent Start) (G1 Humongous Allocation) 901M->43M(2000M) 1.271ms
[190.717s][info][gc] GC(4228) Concurrent Undo Cycle
[190.719s][info][gc] GC(4228) Concurrent Undo Cycle 1.849ms
[190.771s][info][gc] GC(4229) Pause Young (Concurrent Start) (G1 Humongous Allocation) 897M->43M(2000M) 1.228ms
[190.771s][info][gc] GC(4230) Concurrent Undo Cycle
[190.774s][info][gc] GC(4230) Concurrent Undo Cycle 3.163ms
[190.829s][info][gc] GC(4231) Pause Young (Concurrent Start) (G1 Humongous Allocation) 901M->47M(2000M) 1.339ms
[190.829s][info][gc] GC(4232) Concurrent Undo Cycle
[190.831s][info][gc] GC(4232) Concurrent Undo Cycle 1.789ms
[190.884s][info][gc] GC(4233) Pause Young (Concurrent Start) (G1 Humongous Allocation) 901M->43M(2000M) 1.149ms
[190.884s][info][gc] GC(4234) Concurrent Undo Cycle
[190.887s][info][gc] GC(4234) Concurrent Undo Cycle 2.442ms
[190.937s][info][gc] GC(4235) Pause Young (Concurrent Start) (G1 Humongous Allocation) 897M->43M(2000M) 1.262ms
[190.937s][info][gc] GC(4236) Concurrent Undo Cycle
[190.941s][info][gc] GC(4236) Concurrent Undo Cycle 4.269ms
[190.991s][info][gc] GC(4237) Pause Young (Concurrent Start) (G1 Humongous Allocation) 901M->47M(2000M) 1.307ms
[190.991s][info][gc] GC(4238) Concurrent Undo Cycle
[190.993s][info][gc] GC(4238) Concurrent Undo Cycle 1.748ms
[191.045s][info][gc] GC(4239) Pause Young (Concurrent Start) (G1 Humongous Allocation) 901M->43M(2000M) 1.242ms
[191.045s][info][gc] GC(4240) Concurrent Undo Cycle
[191.046s][info][gc] GC(4240) Concurrent Undo Cycle 1.741ms
[191.098s][info][gc] GC(4241) Pause Young (Concurrent Start) (G1 Humongous Allocation) 897M->43M(2000M) 1.219ms
[191.098s][info][gc] GC(4242) Concurrent Undo Cycle
[191.100s][info][gc] GC(4242) Concurrent Undo Cycle 1.693ms
[191.152s][info][gc] GC(4243) Pause Young (Concurrent Start) (G1 Humongous Allocation) 901M->47M(2000M) 1.308ms
[191.152s][info][gc] GC(4244) Concurrent Undo Cycle
[191.154s][info][gc] GC(4244) Concurrent Undo Cycle 1.791ms
[191.212s][info][gc] GC(4245) Pause Young (Concurrent Start) (G1 Humongous Allocation) 901M->43M(2000M) 1.262ms
[191.212s][info][gc] GC(4246) Concurrent Undo Cycle
[191.214s][info][gc] GC(4246) Concurrent Undo Cycle 1.707ms
[191.274s][info][gc] GC(4247) Pause Young (Concurrent Start) (G1 Humongous Allocation) 897M->43M(2000M) 1.303ms
[191.274s][info][gc] GC(4248) Concurrent Undo Cycle
[191.276s][info][gc] GC(4248) Concurrent Undo Cycle 1.732ms
[191.327s][info][gc] GC(4249) Pause Young (Concurrent Start) (G1 Humongous Allocation) 901M->47M(2000M) 1.315ms
[191.327s][info][gc] GC(4250) Concurrent Undo Cycle
[191.329s][info][gc] GC(4250) Concurrent Undo Cycle 2.621ms
[191.379s][info][gc] GC(4251) Pause Young (Concurrent Start) (G1 Humongous Allocation) 901M->43M(2000M) 1.216ms
[191.379s][info][gc] GC(4252) Concurrent Undo Cycle
[191.381s][info][gc] GC(4252) Concurrent Undo Cycle 1.758ms
[191.431s][info][gc] GC(4253) Pause Young (Concurrent Start) (G1 Humongous Allocation) 897M->43M(2000M) 1.257ms
[191.431s][info][gc] GC(4254) Concurrent Undo Cycle
[191.433s][info][gc] GC(4254) Concurrent Undo Cycle 1.735ms
[191.483s][info][gc] GC(4255) Pause Young (Concurrent Start) (G1 Humongous Allocation) 901M->47M(2000M) 1.326ms
[191.483s][info][gc] GC(4256) Concurrent Undo Cycle
[191.485s][info][gc] GC(4256) Concurrent Undo Cycle 1.765ms
[191.536s][info][gc] GC(4257) Pause Young (Concurrent Start) (G1 Humongous Allocation) 901M->43M(2000M) 1.453ms
[191.536s][info][gc] GC(4258) Concurrent Undo Cycle
[191.538s][info][gc] GC(4258) Concurrent Undo Cycle 1.747ms
[191.588s][info][gc] GC(4259) Pause Young (Concurrent Start) (G1 Humongous Allocation) 897M->43M(2000M) 1.194ms
[191.588s][info][gc] GC(4260) Concurrent Undo Cycle
[191.591s][info][gc] GC(4260) Concurrent Undo Cycle 2.628ms
[191.641s][info][gc] GC(4261) Pause Young (Concurrent Start) (G1 Humongous Allocation) 901M->47M(2000M) 1.261ms
[191.641s][info][gc] GC(4262) Concurrent Undo Cycle
[191.643s][info][gc] GC(4262) Concurrent Undo Cycle 2.514ms
[191.699s][info][gc] GC(4263) Pause Young (Concurrent Start) (G1 Humongous Allocation) 901M->43M(2000M) 1.169ms
[191.699s][info][gc] GC(4264) Concurrent Undo Cycle
[191.703s][info][gc] GC(4264) Concurrent Undo Cycle 3.808ms
[191.755s][info][gc] GC(4265) Pause Young (Concurrent Start) (G1 Humongous Allocation) 897M->43M(2000M) 1.082ms
[191.755s][info][gc] GC(4266) Concurrent Undo Cycle
[191.757s][info][gc] GC(4266) Concurrent Undo Cycle 1.706ms
[191.807s][info][gc] GC(4267) Pause Young (Concurrent Start) (G1 Humongous Allocation) 901M->47M(2000M) 1.080ms
[191.807s][info][gc] GC(4268) Concurrent Undo Cycle
[191.809s][info][gc] GC(4268) Concurrent Undo Cycle 2.009ms
[191.867s][info][gc] GC(4269) Pause Young (Concurrent Start) (G1 Humongous Allocation) 901M->43M(2000M) 1.206ms
[191.867s][info][gc] GC(4270) Concurrent Undo Cycle
[191.869s][info][gc] GC(4270) Concurrent Undo Cycle 1.761ms
[191.919s][info][gc] GC(4271) Pause Young (Concurrent Start) (G1 Humongous Allocation) 897M->43M(2000M) 1.522ms
[191.919s][info][gc] GC(4272) Concurrent Undo Cycle
[191.921s][info][gc] GC(4272) Concurrent Undo Cycle 1.754ms
[191.972s][info][gc] GC(4273) Pause Young (Concurrent Start) (G1 Humongous Allocation) 901M->47M(2000M) 1.150ms
[191.972s][info][gc] GC(4274) Concurrent Undo Cycle
[191.974s][info][gc] GC(4274) Concurrent Undo Cycle 1.775ms
[192.025s][info][gc] GC(4275) Pause Young (Concurrent Start) (G1 Humongous Allocation) 901M->43M(2000M) 1.306ms
[192.025s][info][gc] GC(4276) Concurrent Undo Cycle
[192.028s][info][gc] GC(4276) Concurrent Undo Cycle 2.538ms
[192.078s][info][gc] GC(4277) Pause Young (Concurrent Start) (G1 Humongous Allocation) 897M->43M(2000M) 1.141ms
[192.078s][info][gc] GC(4278) Concurrent Undo Cycle
[192.081s][info][gc] GC(4278) Concurrent Undo Cycle 2.627ms
[192.131s][info][gc] GC(4279) Pause Young (Concurrent Start) (G1 Humongous Allocation) 901M->47M(2000M) 1.169ms
[192.131s][info][gc] GC(4280) Concurrent Undo Cycle
[192.133s][info][gc] GC(4280) Concurrent Undo Cycle 1.761ms
[192.187s][info][gc] GC(4281) Pause Young (Concurrent Start) (G1 Humongous Allocation) 901M->43M(2000M) 1.246ms
[192.187s][info][gc] GC(4282) Concurrent Undo Cycle
[192.190s][info][gc] GC(4282) Concurrent Undo Cycle 2.591ms
[192.240s][info][gc] GC(4283) Pause Young (Concurrent Start) (G1 Humongous Allocation) 897M->43M(2000M) 1.293ms
[192.240s][info][gc] GC(4284) Concurrent Undo Cycle
[192.242s][info][gc] GC(4284) Concurrent Undo Cycle 1.756ms
[192.293s][info][gc] GC(4285) Pause Young (Concurrent Start) (G1 Humongous Allocation) 901M->47M(2000M) 1.195ms
[192.293s][info][gc] GC(4286) Concurrent Undo Cycle
[192.295s][info][gc] GC(4286) Concurrent Undo Cycle 2.771ms
[192.346s][info][gc] GC(4287) Pause Young (Concurrent Start) (G1 Humongous Allocation) 901M->43M(2000M) 1.148ms
[192.346s][info][gc] GC(4288) Concurrent Undo Cycle
[192.347s][info][gc] GC(4288) Concurrent Undo Cycle 1.746ms
[192.398s][info][gc] GC(4289) Pause Young (Concurrent Start) (G1 Humongous Allocation) 897M->43M(2000M) 1.276ms
[192.398s][info][gc] GC(4290) Concurrent Undo Cycle
[192.400s][info][gc] GC(4290) Concurrent Undo Cycle 1.736ms
[192.450s][info][gc] GC(4291) Pause Young (Concurrent Start) (G1 Humongous Allocation) 901M->47M(2000M) 1.271ms
[192.450s][info][gc] GC(4292) Concurrent Undo Cycle
[192.452s][info][gc] GC(4292) Concurrent Undo Cycle 1.871ms
[192.504s][info][gc] GC(4293) Pause Young (Concurrent Start) (G1 Humongous Allocation) 901M->43M(2000M) 1.206ms
[192.504s][info][gc] GC(4294) Concurrent Undo Cycle
[192.506s][info][gc] GC(4294) Concurrent Undo Cycle 1.727ms
[192.556s][info][gc] GC(4295) Pause Young (Concurrent Start) (G1 Humongous Allocation) 897M->43M(2000M) 1.308ms
[192.556s][info][gc] GC(4296) Concurrent Undo Cycle
[192.559s][info][gc] GC(4296) Concurrent Undo Cycle 2.607ms
[192.609s][info][gc] GC(4297) Pause Young (Concurrent Start) (G1 Humongous Allocation) 901M->47M(2000M) 1.043ms
[192.609s][info][gc] GC(4298) Concurrent Undo Cycle
[192.611s][info][gc] GC(4298) Concurrent Undo Cycle 1.735ms
[192.661s][info][gc] GC(4299) Pause Young (Concurrent Start) (G1 Humongous Allocation) 901M->43M(2000M) 1.381ms
[192.661s][info][gc] GC(4300) Concurrent Undo Cycle
[192.663s][info][gc] GC(4300) Concurrent Undo Cycle 2.014ms
[192.721s][info][gc] GC(4301) Pause Young (Concurrent Start) (G1 Humongous Allocation) 897M->43M(2000M) 1.224ms
[192.721s][info][gc] GC(4302) Concurrent Undo Cycle
[192.722s][info][gc] GC(4302) Concurrent Undo Cycle 1.770ms
[192.774s][info][gc] GC(4303) Pause Young (Concurrent Start) (G1 Humongous Allocation) 901M->47M(2000M) 1.662ms
[192.774s][info][gc] GC(4304) Concurrent Undo Cycle
[192.776s][info][gc] GC(4304) Concurrent Undo Cycle 1.772ms
[192.827s][info][gc] GC(4305) Pause Young (Concurrent Start) (G1 Humongous Allocation) 901M->43M(2000M) 1.391ms
[192.827s][info][gc] GC(4306) Concurrent Undo Cycle
[192.829s][info][gc] GC(4306) Concurrent Undo Cycle 2.536ms
[192.880s][info][gc] GC(4307) Pause Young (Concurrent Start) (G1 Humongous Allocation) 897M->43M(2000M) 1.121ms
[192.880s][info][gc] GC(4308) Concurrent Undo Cycle
[192.882s][info][gc] GC(4308) Concurrent Undo Cycle 1.976ms
[192.940s][info][gc] GC(4309) Pause Young (Concurrent Start) (G1 Humongous Allocation) 901M->47M(2000M) 1.334ms
[192.940s][info][gc] GC(4310) Concurrent Undo Cycle
[192.943s][info][gc] GC(4310) Concurrent Undo Cycle 2.642ms
[192.993s][info][gc] GC(4311) Pause Young (Concurrent Start) (G1 Humongous Allocation) 901M->43M(2000M) 1.324ms
[192.993s][info][gc] GC(4312) Concurrent Undo Cycle
[192.995s][info][gc] GC(4312) Concurrent Undo Cycle 1.820ms
[193.046s][info][gc] GC(4313) Pause Young (Concurrent Start) (G1 Humongous Allocation) 897M->43M(2000M) 1.131ms
[193.046s][info][gc] GC(4314) Concurrent Undo Cycle
[193.048s][info][gc] GC(4314) Concurrent Undo Cycle 1.931ms
[193.099s][info][gc] GC(4315) Pause Young (Concurrent Start) (G1 Humongous Allocation) 901M->47M(2000M) 1.161ms
[193.099s][info][gc] GC(4316) Concurrent Undo Cycle
[193.101s][info][gc] GC(4316) Concurrent Undo Cycle 2.629ms
[193.152s][info][gc] GC(4317) Pause Young (Concurrent Start) (G1 Humongous Allocation) 901M->43M(2000M) 1.221ms
[193.152s][info][gc] GC(4318) Concurrent Undo Cycle
[193.154s][info][gc] GC(4318) Concurrent Undo Cycle 1.756ms
[193.205s][info][gc] GC(4319) Pause Young (Concurrent Start) (G1 Humongous Allocation) 897M->43M(2000M) 1.038ms
[193.205s][info][gc] GC(4320) Concurrent Undo Cycle
[193.207s][info][gc] GC(4320) Concurrent Undo Cycle 2.551ms
[193.258s][info][gc] GC(4321) Pause Young (Concurrent Start) (G1 Humongous Allocation) 901M->47M(2000M) 1.300ms
[193.258s][info][gc] GC(4322) Concurrent Undo Cycle
[193.260s][info][gc] GC(4322) Concurrent Undo Cycle 1.881ms
[193.311s][info][gc] GC(4323) Pause Young (Concurrent Start) (G1 Humongous Allocation) 901M->43M(2000M) 1.302ms
[193.311s][info][gc] GC(4324) Concurrent Undo Cycle
[193.312s][info][gc] GC(4324) Concurrent Undo Cycle 1.764ms
[193.363s][info][gc] GC(4325) Pause Young (Concurrent Start) (G1 Humongous Allocation) 897M->43M(2000M) 1.434ms
[193.363s][info][gc] GC(4326) Concurrent Undo Cycle
[193.365s][info][gc] GC(4326) Concurrent Undo Cycle 1.737ms
[193.416s][info][gc] GC(4327) Pause Young (Concurrent Start) (G1 Humongous Allocation) 901M->47M(2000M) 1.180ms
[193.416s][info][gc] GC(4328) Concurrent Undo Cycle
[193.418s][info][gc] GC(4328) Concurrent Undo Cycle 2.038ms
[193.468s][info][gc] GC(4329) Pause Young (Concurrent Start) (G1 Humongous Allocation) 902M->43M(2000M) 1.274ms
[193.468s][info][gc] GC(4330) Concurrent Undo Cycle
[193.471s][info][gc] GC(4330) Concurrent Undo Cycle 2.524ms
[193.523s][info][gc] GC(4331) Pause Young (Concurrent Start) (G1 Humongous Allocation) 898M->44M(2000M) 1.221ms
[193.523s][info][gc] GC(4332) Concurrent Undo Cycle
[193.525s][info][gc] GC(4332) Concurrent Undo Cycle 2.351ms
[193.576s][info][gc] GC(4333) Pause Young (Concurrent Start) (G1 Humongous Allocation) 902M->48M(2000M) 1.200ms
[193.577s][info][gc] GC(4334) Concurrent Undo Cycle
[193.578s][info][gc] GC(4334) Concurrent Undo Cycle 1.916ms
[193.629s][info][gc] GC(4335) Pause Young (Concurrent Start) (G1 Humongous Allocation) 902M->44M(2000M) 1.195ms
[193.629s][info][gc] GC(4336) Concurrent Undo Cycle
[193.631s][info][gc] GC(4336) Concurrent Undo Cycle 1.734ms
[193.681s][info][gc] GC(4337) Pause Young (Concurrent Start) (G1 Humongous Allocation) 898M->44M(2000M) 1.354ms
[193.681s][info][gc] GC(4338) Concurrent Undo Cycle
[193.684s][info][gc] GC(4338) Concurrent Undo Cycle 2.607ms
[193.735s][info][gc] GC(4339) Pause Young (Concurrent Start) (G1 Humongous Allocation) 902M->48M(2000M) 1.219ms
[193.735s][info][gc] GC(4340) Concurrent Undo Cycle
[193.737s][info][gc] GC(4340) Concurrent Undo Cycle 1.655ms
[193.789s][info][gc] GC(4341) Pause Young (Concurrent Start) (G1 Humongous Allocation) 902M->44M(2000M) 1.394ms
[193.789s][info][gc] GC(4342) Concurrent Undo Cycle
[193.791s][info][gc] GC(4342) Concurrent Undo Cycle 1.725ms
[193.841s][info][gc] GC(4343) Pause Young (Concurrent Start) (G1 Humongous Allocation) 898M->44M(2000M) 1.327ms
[193.841s][info][gc] GC(4344) Concurrent Undo Cycle
[193.846s][info][gc] GC(4344) Concurrent Undo Cycle 4.244ms
[193.896s][info][gc] GC(4345) Pause Young (Concurrent Start) (G1 Humongous Allocation) 902M->48M(2000M) 1.582ms
[193.897s][info][gc] GC(4346) Concurrent Undo Cycle
[193.901s][info][gc] GC(4346) Concurrent Undo Cycle 4.380ms
[193.952s][info][gc] GC(4347) Pause Young (Concurrent Start) (G1 Humongous Allocation) 902M->44M(2000M) 1.460ms
[193.952s][info][gc] GC(4348) Concurrent Undo Cycle
[193.954s][info][gc] GC(4348) Concurrent Undo Cycle 1.760ms
[194.004s][info][gc] GC(4349) Pause Young (Concurrent Start) (G1 Humongous Allocation) 898M->44M(2000M) 1.274ms
[194.004s][info][gc] GC(4350) Concurrent Undo Cycle
[194.006s][info][gc] GC(4350) Concurrent Undo Cycle 1.864ms
[194.059s][info][gc] GC(4351) Pause Young (Concurrent Start) (G1 Humongous Allocation) 902M->48M(2000M) 1.280ms
[194.059s][info][gc] GC(4352) Concurrent Undo Cycle
[194.060s][info][gc] GC(4352) Concurrent Undo Cycle 1.755ms
[194.113s][info][gc] GC(4353) Pause Young (Concurrent Start) (G1 Humongous Allocation) 902M->44M(2000M) 1.212ms
[194.113s][info][gc] GC(4354) Concurrent Undo Cycle
[194.115s][info][gc] GC(4354) Concurrent Undo Cycle 1.775ms
[194.166s][info][gc] GC(4355) Pause Young (Concurrent Start) (G1 Humongous Allocation) 898M->44M(2000M) 1.170ms
[194.166s][info][gc] GC(4356) Concurrent Undo Cycle
[194.168s][info][gc] GC(4356) Concurrent Undo Cycle 1.720ms
[194.218s][info][gc] GC(4357) Pause Young (Concurrent Start) (G1 Humongous Allocation) 894M->44M(2000M) 1.273ms
[194.218s][info][gc] GC(4358) Concurrent Undo Cycle
[194.220s][info][gc] GC(4358) Concurrent Undo Cycle 1.738ms
[194.271s][info][gc] GC(4359) Pause Young (Concurrent Start) (G1 Humongous Allocation) 894M->44M(2000M) 1.275ms
[194.271s][info][gc] GC(4360) Concurrent Undo Cycle
[194.273s][info][gc] GC(4360) Concurrent Undo Cycle 2.610ms
[194.324s][info][gc] GC(4361) Pause Young (Concurrent Start) (G1 Humongous Allocation) 894M->44M(2000M) 1.232ms
[194.324s][info][gc] GC(4362) Concurrent Undo Cycle
[194.325s][info][gc] GC(4362) Concurrent Undo Cycle 1.745ms
[194.376s][info][gc] GC(4363) Pause Young (Concurrent Start) (G1 Humongous Allocation) 894M->44M(2000M) 1.096ms
[194.376s][info][gc] GC(4364) Concurrent Undo Cycle
[194.378s][info][gc] GC(4364) Concurrent Undo Cycle 1.822ms
[194.430s][info][gc] GC(4365) Pause Young (Concurrent Start) (G1 Humongous Allocation) 894M->44M(2000M) 1.375ms
[194.430s][info][gc] GC(4366) Concurrent Undo Cycle
[194.433s][info][gc] GC(4366) Concurrent Undo Cycle 2.583ms
[194.482s][info][gc] GC(4367) Pause Young (Concurrent Start) (G1 Humongous Allocation) 894M->44M(2000M) 1.189ms
[194.482s][info][gc] GC(4368) Concurrent Undo Cycle
[194.485s][info][gc] GC(4368) Concurrent Undo Cycle 2.047ms
[194.535s][info][gc] GC(4369) Pause Young (Concurrent Start) (G1 Humongous Allocation) 894M->44M(2000M) 1.314ms
[194.535s][info][gc] GC(4370) Concurrent Undo Cycle
[194.537s][info][gc] GC(4370) Concurrent Undo Cycle 2.590ms
[194.600s][info][gc] GC(4371) Pause Young (Concurrent Start) (G1 Humongous Allocation) 894M->44M(2000M) 1.293ms
[194.600s][info][gc] GC(4372) Concurrent Undo Cycle
[194.602s][info][gc] GC(4372) Concurrent Undo Cycle 1.771ms
[194.653s][info][gc] GC(4373) Pause Young (Concurrent Start) (G1 Humongous Allocation) 894M->44M(2000M) 1.448ms
[194.653s][info][gc] GC(4374) Concurrent Undo Cycle
[194.655s][info][gc] GC(4374) Concurrent Undo Cycle 1.743ms
[194.706s][info][gc] GC(4375) Pause Young (Concurrent Start) (G1 Humongous Allocation) 894M->44M(2000M) 1.254ms
[194.706s][info][gc] GC(4376) Concurrent Undo Cycle
[194.707s][info][gc] GC(4376) Concurrent Undo Cycle 1.869ms
[194.758s][info][gc] GC(4377) Pause Young (Concurrent Start) (G1 Humongous Allocation) 894M->44M(2000M) 1.386ms
[194.758s][info][gc] GC(4378) Concurrent Undo Cycle
[194.760s][info][gc] GC(4378) Concurrent Undo Cycle 1.873ms
[194.812s][info][gc] GC(4379) Pause Young (Concurrent Start) (G1 Humongous Allocation) 894M->44M(2000M) 1.435ms
[194.812s][info][gc] GC(4380) Concurrent Undo Cycle
[194.815s][info][gc] GC(4380) Concurrent Undo Cycle 2.666ms
[194.865s][info][gc] GC(4381) Pause Young (Concurrent Start) (G1 Humongous Allocation) 894M->44M(2000M) 1.238ms
[194.865s][info][gc] GC(4382) Concurrent Undo Cycle
[194.868s][info][gc] GC(4382) Concurrent Undo Cycle 2.759ms
[194.919s][info][gc] GC(4383) Pause Young (Concurrent Start) (G1 Humongous Allocation) 894M->44M(2000M) 1.182ms
[194.919s][info][gc] GC(4384) Concurrent Undo Cycle
[194.921s][info][gc] GC(4384) Concurrent Undo Cycle 1.690ms
[194.972s][info][gc] GC(4385) Pause Young (Concurrent Start) (G1 Humongous Allocation) 894M->44M(2000M) 1.175ms
[194.972s][info][gc] GC(4386) Concurrent Undo Cycle
[194.974s][info][gc] GC(4386) Concurrent Undo Cycle 2.003ms
[195.024s][info][gc] GC(4387) Pause Young (Concurrent Start) (G1 Humongous Allocation) 894M->44M(2000M) 1.285ms
[195.024s][info][gc] GC(4388) Concurrent Undo Cycle
[195.027s][info][gc] GC(4388) Concurrent Undo Cycle 2.775ms
[195.078s][info][gc] GC(4389) Pause Young (Concurrent Start) (G1 Humongous Allocation) 894M->44M(2000M) 1.121ms
[195.078s][info][gc] GC(4390) Concurrent Undo Cycle
[195.079s][info][gc] GC(4390) Concurrent Undo Cycle 1.794ms
[195.132s][info][gc] GC(4391) Pause Young (Concurrent Start) (G1 Humongous Allocation) 896M->44M(2000M) 1.294ms
[195.132s][info][gc] GC(4392) Concurrent Undo Cycle
[195.134s][info][gc] GC(4392) Concurrent Undo Cycle 1.740ms
[195.186s][info][gc] GC(4393) Pause Young (Concurrent Start) (G1 Humongous Allocation) 894M->44M(2000M) 1.337ms
[195.186s][info][gc] GC(4394) Concurrent Undo Cycle
[195.188s][info][gc] GC(4394) Concurrent Undo Cycle 1.751ms
[195.239s][info][gc] GC(4395) Pause Young (Concurrent Start) (G1 Humongous Allocation) 894M->44M(2000M) 1.126ms
[195.239s][info][gc] GC(4396) Concurrent Undo Cycle
[195.241s][info][gc] GC(4396) Concurrent Undo Cycle 1.928ms
[195.292s][info][gc] GC(4397) Pause Young (Concurrent Start) (G1 Humongous Allocation) 894M->44M(2000M) 1.180ms
[195.292s][info][gc] GC(4398) Concurrent Undo Cycle
[195.293s][info][gc] GC(4398) Concurrent Undo Cycle 1.739ms
[195.345s][info][gc] GC(4399) Pause Young (Concurrent Start) (G1 Humongous Allocation) 894M->44M(2000M) 1.217ms
[195.345s][info][gc] GC(4400) Concurrent Undo Cycle
[195.347s][info][gc] GC(4400) Concurrent Undo Cycle 1.926ms
[195.397s][info][gc] GC(4401) Pause Young (Concurrent Start) (G1 Humongous Allocation) 894M->44M(2000M) 1.168ms
[195.398s][info][gc] GC(4402) Concurrent Undo Cycle
[195.399s][info][gc] GC(4402) Concurrent Undo Cycle 1.768ms
[195.450s][info][gc] GC(4403) Pause Young (Concurrent Start) (G1 Humongous Allocation) 894M->44M(2000M) 1.280ms
[195.450s][info][gc] GC(4404) Concurrent Undo Cycle
[195.452s][info][gc] GC(4404) Concurrent Undo Cycle 1.790ms
[195.502s][info][gc] GC(4405) Pause Young (Concurrent Start) (G1 Humongous Allocation) 894M->44M(2000M) 1.322ms
[195.503s][info][gc] GC(4406) Concurrent Undo Cycle
[195.504s][info][gc] GC(4406) Concurrent Undo Cycle 1.780ms
[195.555s][info][gc] GC(4407) Pause Young (Concurrent Start) (G1 Humongous Allocation) 894M->44M(2000M) 1.288ms
[195.555s][info][gc] GC(4408) Concurrent Undo Cycle
[195.557s][info][gc] GC(4408) Concurrent Undo Cycle 1.742ms
[195.608s][info][gc] GC(4409) Pause Young (Concurrent Start) (G1 Humongous Allocation) 894M->44M(2000M) 1.276ms
[195.608s][info][gc] GC(4410) Concurrent Undo Cycle
[195.609s][info][gc] GC(4410) Concurrent Undo Cycle 1.663ms
[195.660s][info][gc] GC(4411) Pause Young (Concurrent Start) (G1 Humongous Allocation) 894M->44M(2000M) 1.448ms
[195.660s][info][gc] GC(4412) Concurrent Undo Cycle
[195.662s][info][gc] GC(4412) Concurrent Undo Cycle 1.841ms
[195.713s][info][gc] GC(4413) Pause Young (Concurrent Start) (G1 Humongous Allocation) 894M->44M(2000M) 1.450ms
[195.713s][info][gc] GC(4414) Concurrent Undo Cycle
[195.715s][info][gc] GC(4414) Concurrent Undo Cycle 2.508ms
[195.765s][info][gc] GC(4415) Pause Young (Concurrent Start) (G1 Humongous Allocation) 894M->44M(2000M) 1.321ms
[195.765s][info][gc] GC(4416) Concurrent Undo Cycle
[195.767s][info][gc] GC(4416) Concurrent Undo Cycle 1.720ms
[195.817s][info][gc] GC(4417) Pause Young (Concurrent Start) (G1 Humongous Allocation) 894M->44M(2000M) 1.073ms
[195.817s][info][gc] GC(4418) Concurrent Undo Cycle
[195.819s][info][gc] GC(4418) Concurrent Undo Cycle 1.740ms
[195.869s][info][gc] GC(4419) Pause Young (Concurrent Start) (G1 Humongous Allocation) 894M->44M(2000M) 1.105ms
[195.869s][info][gc] GC(4420) Concurrent Undo Cycle
[195.871s][info][gc] GC(4420) Concurrent Undo Cycle 1.964ms
[195.922s][info][gc] GC(4421) Pause Young (Concurrent Start) (G1 Humongous Allocation) 894M->44M(2000M) 1.113ms
[195.922s][info][gc] GC(4422) Concurrent Undo Cycle
[195.924s][info][gc] GC(4422) Concurrent Undo Cycle 1.733ms
[195.976s][info][gc] GC(4423) Pause Young (Concurrent Start) (G1 Humongous Allocation) 894M->44M(2000M) 1.224ms
[195.976s][info][gc] GC(4424) Concurrent Undo Cycle
[195.978s][info][gc] GC(4424) Concurrent Undo Cycle 1.741ms
[196.029s][info][gc] GC(4425) Pause Young (Concurrent Start) (G1 Humongous Allocation) 894M->44M(2000M) 1.334ms
[196.029s][info][gc] GC(4426) Concurrent Undo Cycle
[196.032s][info][gc] GC(4426) Concurrent Undo Cycle 2.117ms
[196.082s][info][gc] GC(4427) Pause Young (Concurrent Start) (G1 Humongous Allocation) 894M->44M(2000M) 1.295ms
[196.082s][info][gc] GC(4428) Concurrent Undo Cycle
[196.084s][info][gc] GC(4428) Concurrent Undo Cycle 1.753ms
[196.134s][info][gc] GC(4429) Pause Young (Concurrent Start) (G1 Humongous Allocation) 894M->44M(2000M) 1.207ms
[196.134s][info][gc] GC(4430) Concurrent Undo Cycle
[196.136s][info][gc] GC(4430) Concurrent Undo Cycle 2.004ms
[196.187s][info][gc] GC(4431) Pause Young (Concurrent Start) (G1 Humongous Allocation) 894M->44M(2000M) 1.404ms
[196.187s][info][gc] GC(4432) Concurrent Undo Cycle
[196.189s][info][gc] GC(4432) Concurrent Undo Cycle 1.991ms
[196.246s][info][gc] GC(4433) Pause Young (Concurrent Start) (G1 Humongous Allocation) 894M->44M(2000M) 1.374ms
[196.246s][info][gc] GC(4434) Concurrent Undo Cycle
[196.248s][info][gc] GC(4434) Concurrent Undo Cycle 2.015ms
[196.299s][info][gc] GC(4435) Pause Young (Concurrent Start) (G1 Humongous Allocation) 894M->44M(2000M) 1.334ms
[196.299s][info][gc] GC(4436) Concurrent Undo Cycle
[196.301s][info][gc] GC(4436) Concurrent Undo Cycle 2.039ms
[196.351s][info][gc] GC(4437) Pause Young (Concurrent Start) (G1 Humongous Allocation) 894M->44M(2000M) 1.258ms
[196.351s][info][gc] GC(4438) Concurrent Undo Cycle
[196.353s][info][gc] GC(4438) Concurrent Undo Cycle 2.064ms
[196.414s][info][gc] GC(4439) Pause Young (Concurrent Start) (G1 Humongous Allocation) 894M->44M(2000M) 1.033ms
[196.414s][info][gc] GC(4440) Concurrent Undo Cycle
[196.416s][info][gc] GC(4440) Concurrent Undo Cycle 2.018ms
[196.473s][info][gc] GC(4441) Pause Young (Concurrent Start) (G1 Humongous Allocation) 894M->44M(2000M) 1.192ms
[196.473s][info][gc] GC(4442) Concurrent Undo Cycle
[196.475s][info][gc] GC(4442) Concurrent Undo Cycle 1.766ms
[196.532s][info][gc] GC(4443) Pause Young (Concurrent Start) (G1 Humongous Allocation) 894M->44M(2000M) 1.260ms
[196.532s][info][gc] GC(4444) Concurrent Undo Cycle
[196.534s][info][gc] GC(4444) Concurrent Undo Cycle 2.060ms
[196.585s][info][gc] GC(4445) Pause Young (Concurrent Start) (G1 Humongous Allocation) 894M->44M(2000M) 1.132ms
[196.585s][info][gc] GC(4446) Concurrent Undo Cycle
[196.587s][info][gc] GC(4446) Concurrent Undo Cycle 1.778ms
[196.638s][info][gc] GC(4447) Pause Young (Concurrent Start) (G1 Humongous Allocation) 894M->44M(2000M) 1.306ms
[196.638s][info][gc] GC(4448) Concurrent Undo Cycle
[196.639s][info][gc] GC(4448) Concurrent Undo Cycle 1.709ms
[196.691s][info][gc] GC(4449) Pause Young (Concurrent Start) (G1 Humongous Allocation) 894M->44M(2000M) 1.306ms
[196.691s][info][gc] GC(4450) Concurrent Undo Cycle
[196.693s][info][gc] GC(4450) Concurrent Undo Cycle 2.583ms
[196.747s][info][gc] GC(4451) Pause Young (Concurrent Start) (G1 Humongous Allocation) 894M->44M(2000M) 1.283ms
[196.747s][info][gc] GC(4452) Concurrent Undo Cycle
[196.750s][info][gc] GC(4452) Concurrent Undo Cycle 2.657ms
[196.802s][info][gc] GC(4453) Pause Young (Concurrent Start) (G1 Humongous Allocation) 894M->44M(2000M) 1.315ms
[196.802s][info][gc] GC(4454) Concurrent Undo Cycle
[196.803s][info][gc] GC(4454) Concurrent Undo Cycle 1.714ms
[196.854s][info][gc] GC(4455) Pause Young (Concurrent Start) (G1 Humongous Allocation) 894M->44M(2000M) 1.211ms
[196.854s][info][gc] GC(4456) Concurrent Undo Cycle
[196.856s][info][gc] GC(4456) Concurrent Undo Cycle 1.843ms
[196.912s][info][gc] GC(4457) Pause Young (Concurrent Start) (G1 Humongous Allocation) 894M->44M(2000M) 1.346ms
[196.912s][info][gc] GC(4458) Concurrent Undo Cycle
[196.913s][info][gc] GC(4458) Concurrent Undo Cycle 1.743ms
[196.964s][info][gc] GC(4459) Pause Young (Concurrent Start) (G1 Humongous Allocation) 894M->44M(2000M) 1.187ms
[196.964s][info][gc] GC(4460) Concurrent Undo Cycle
[196.967s][info][gc] GC(4460) Concurrent Undo Cycle 2.614ms
[197.018s][info][gc] GC(4461) Pause Young (Concurrent Start) (G1 Humongous Allocation) 894M->44M(2000M) 1.413ms
[197.018s][info][gc] GC(4462) Concurrent Undo Cycle
[197.020s][info][gc] GC(4462) Concurrent Undo Cycle 1.713ms
[197.072s][info][gc] GC(4463) Pause Young (Concurrent Start) (G1 Humongous Allocation) 894M->44M(2000M) 1.246ms
[197.072s][info][gc] GC(4464) Concurrent Undo Cycle
[197.074s][info][gc] GC(4464) Concurrent Undo Cycle 1.715ms
[197.124s][info][gc] GC(4465) Pause Young (Concurrent Start) (G1 Humongous Allocation) 895M->44M(2000M) 1.309ms
[197.125s][info][gc] GC(4466) Concurrent Undo Cycle
[197.127s][info][gc] GC(4466) Concurrent Undo Cycle 1.958ms
[197.177s][info][gc] GC(4467) Pause Young (Concurrent Start) (G1 Humongous Allocation) 895M->44M(2000M) 1.295ms
[197.177s][info][gc] GC(4468) Concurrent Undo Cycle
[197.179s][info][gc] GC(4468) Concurrent Undo Cycle 1.737ms
[197.230s][info][gc] GC(4469) Pause Young (Concurrent Start) (G1 Humongous Allocation) 895M->45M(2000M) 1.236ms
[197.230s][info][gc] GC(4470) Concurrent Undo Cycle
[197.232s][info][gc] GC(4470) Concurrent Undo Cycle 1.733ms
[197.282s][info][gc] GC(4471) Pause Young (Concurrent Start) (G1 Humongous Allocation) 895M->45M(2000M) 1.379ms
[197.283s][info][gc] GC(4472) Concurrent Undo Cycle
[197.287s][info][gc] GC(4472) Concurrent Undo Cycle 4.150ms
[197.337s][info][gc] GC(4473) Pause Young (Concurrent Start) (G1 Humongous Allocation) 895M->45M(2000M) 1.209ms
[197.337s][info][gc] GC(4474) Concurrent Undo Cycle
[197.338s][info][gc] GC(4474) Concurrent Undo Cycle 1.763ms
[197.390s][info][gc] GC(4475) Pause Young (Concurrent Start) (G1 Humongous Allocation) 895M->45M(2000M) 1.226ms
[197.390s][info][gc] GC(4476) Concurrent Undo Cycle
[197.392s][info][gc] GC(4476) Concurrent Undo Cycle 1.757ms
[197.443s][info][gc] GC(4477) Pause Young (Concurrent Start) (G1 Humongous Allocation) 895M->45M(2000M) 1.086ms
[197.443s][info][gc] GC(4478) Concurrent Undo Cycle
[197.446s][info][gc] GC(4478) Concurrent Undo Cycle 2.527ms
[197.497s][info][gc] GC(4479) Pause Young (Concurrent Start) (G1 Humongous Allocation) 895M->45M(2000M) 1.227ms
[197.497s][info][gc] GC(4480) Concurrent Undo Cycle
[197.499s][info][gc] GC(4480) Concurrent Undo Cycle 1.929ms
[197.550s][info][gc] GC(4481) Pause Young (Concurrent Start) (G1 Humongous Allocation) 895M->45M(2000M) 1.257ms
[197.550s][info][gc] GC(4482) Concurrent Undo Cycle
[197.552s][info][gc] GC(4482) Concurrent Undo Cycle 1.736ms
[197.603s][info][gc] GC(4483) Pause Young (Concurrent Start) (G1 Humongous Allocation) 895M->45M(2000M) 1.329ms
[197.603s][info][gc] GC(4484) Concurrent Undo Cycle
[197.605s][info][gc] GC(4484) Concurrent Undo Cycle 1.704ms
[197.656s][info][gc] GC(4485) Pause Young (Concurrent Start) (G1 Humongous Allocation) 895M->45M(2000M) 1.265ms
[197.656s][info][gc] GC(4486) Concurrent Undo Cycle
[197.658s][info][gc] GC(4486) Concurrent Undo Cycle 1.726ms
[197.709s][info][gc] GC(4487) Pause Young (Concurrent Start) (G1 Humongous Allocation) 895M->45M(2000M) 1.151ms
[197.709s][info][gc] GC(4488) Concurrent Undo Cycle
[197.711s][info][gc] GC(4488) Concurrent Undo Cycle 1.716ms
[197.762s][info][gc] GC(4489) Pause Young (Concurrent Start) (G1 Humongous Allocation) 895M->45M(2000M) 1.200ms
[197.762s][info][gc] GC(4490) Concurrent Undo Cycle
[197.764s][info][gc] GC(4490) Concurrent Undo Cycle 1.905ms
[197.816s][info][gc] GC(4491) Pause Young (Concurrent Start) (G1 Humongous Allocation) 895M->45M(2000M) 1.036ms
[197.816s][info][gc] GC(4492) Concurrent Undo Cycle
[197.818s][info][gc] GC(4492) Concurrent Undo Cycle 1.879ms
[197.869s][info][gc] GC(4493) Pause Young (Concurrent Start) (G1 Humongous Allocation) 895M->45M(2000M) 1.324ms
[197.869s][info][gc] GC(4494) Concurrent Undo Cycle
[197.871s][info][gc] GC(4494) Concurrent Undo Cycle 2.011ms
[197.930s][info][gc] GC(4495) Pause Young (Concurrent Start) (G1 Humongous Allocation) 895M->45M(2000M) 1.250ms
[197.930s][info][gc] GC(4496) Concurrent Undo Cycle
[197.931s][info][gc] GC(4496) Concurrent Undo Cycle 1.782ms
[197.982s][info][gc] GC(4497) Pause Young (Concurrent Start) (G1 Humongous Allocation) 895M->45M(2000M) 1.243ms
[197.982s][info][gc] GC(4498) Concurrent Undo Cycle
[197.984s][info][gc] GC(4498) Concurrent Undo Cycle 1.732ms
[198.035s][info][gc] GC(4499) Pause Young (Concurrent Start) (G1 Humongous Allocation) 895M->45M(2000M) 1.192ms
[198.035s][info][gc] GC(4500) Concurrent Undo Cycle
[198.037s][info][gc] GC(4500) Concurrent Undo Cycle 1.764ms
[198.091s][info][gc] GC(4501) Pause Young (Concurrent Start) (G1 Humongous Allocation) 895M->45M(2000M) 1.362ms
[198.091s][info][gc] GC(4502) Concurrent Undo Cycle
[198.092s][info][gc] GC(4502) Concurrent Undo Cycle 1.927ms
[198.143s][info][gc] GC(4503) Pause Young (Concurrent Start) (G1 Humongous Allocation) 895M->45M(2000M) 1.164ms
[198.144s][info][gc] GC(4504) Concurrent Undo Cycle
[198.145s][info][gc] GC(4504) Concurrent Undo Cycle 1.719ms
[198.197s][info][gc] GC(4505) Pause Young (Concurrent Start) (G1 Humongous Allocation) 895M->45M(2000M) 1.423ms
[198.197s][info][gc] GC(4506) Concurrent Undo Cycle
[198.199s][info][gc] GC(4506) Concurrent Undo Cycle 1.772ms
[198.252s][info][gc] GC(4507) Pause Young (Concurrent Start) (G1 Humongous Allocation) 895M->45M(2000M) 1.201ms
[198.252s][info][gc] GC(4508) Concurrent Undo Cycle
[198.254s][info][gc] GC(4508) Concurrent Undo Cycle 2.593ms
[198.306s][info][gc] GC(4509) Pause Young (Concurrent Start) (G1 Humongous Allocation) 895M->45M(2000M) 1.293ms
[198.306s][info][gc] GC(4510) Concurrent Undo Cycle
[198.308s][info][gc] GC(4510) Concurrent Undo Cycle 2.567ms
[198.359s][info][gc] GC(4511) Pause Young (Concurrent Start) (G1 Humongous Allocation) 895M->45M(2000M) 1.243ms
[198.359s][info][gc] GC(4512) Concurrent Undo Cycle
[198.361s][info][gc] GC(4512) Concurrent Undo Cycle 1.760ms
[198.413s][info][gc] GC(4513) Pause Young (Concurrent Start) (G1 Humongous Allocation) 895M->45M(2000M) 1.326ms
[198.413s][info][gc] GC(4514) Concurrent Undo Cycle
[198.415s][info][gc] GC(4514) Concurrent Undo Cycle 1.741ms
[198.466s][info][gc] GC(4515) Pause Young (Concurrent Start) (G1 Humongous Allocation) 895M->45M(2000M) 1.304ms
[198.466s][info][gc] GC(4516) Concurrent Undo Cycle
[198.468s][info][gc] GC(4516) Concurrent Undo Cycle 1.875ms
[198.531s][info][gc] GC(4517) Pause Young (Concurrent Start) (G1 Humongous Allocation) 895M->45M(2000M) 1.478ms
[198.531s][info][gc] GC(4518) Concurrent Undo Cycle
[198.535s][info][gc] GC(4518) Concurrent Undo Cycle 4.385ms
[198.586s][info][gc] GC(4519) Pause Young (Concurrent Start) (G1 Humongous Allocation) 895M->45M(2000M) 1.305ms
[198.586s][info][gc] GC(4520) Concurrent Undo Cycle
[198.589s][info][gc] GC(4520) Concurrent Undo Cycle 2.520ms
[198.640s][info][gc] GC(4521) Pause Young (Concurrent Start) (G1 Humongous Allocation) 895M->45M(2000M) 1.041ms
[198.640s][info][gc] GC(4522) Concurrent Undo Cycle
[198.642s][info][gc] GC(4522) Concurrent Undo Cycle 1.759ms
[198.694s][info][gc] GC(4523) Pause Young (Concurrent Start) (G1 Humongous Allocation) 895M->45M(2000M) 1.775ms
[198.694s][info][gc] GC(4524) Concurrent Undo Cycle
[198.696s][info][gc] GC(4524) Concurrent Undo Cycle 1.770ms
[198.757s][info][gc] GC(4525) Pause Young (Concurrent Start) (G1 Humongous Allocation) 895M->45M(2000M) 1.422ms
[198.757s][info][gc] GC(4526) Concurrent Undo Cycle
[198.760s][info][gc] GC(4526) Concurrent Undo Cycle 2.766ms
[198.811s][info][gc] GC(4527) Pause Young (Concurrent Start) (G1 Humongous Allocation) 895M->45M(2000M) 1.297ms
[198.811s][info][gc] GC(4528) Concurrent Undo Cycle
[198.812s][info][gc] GC(4528) Concurrent Undo Cycle 1.752ms
[198.864s][info][gc] GC(4529) Pause Young (Concurrent Start) (G1 Humongous Allocation) 895M->45M(2000M) 1.380ms
[198.864s][info][gc] GC(4530) Concurrent Undo Cycle
[198.866s][info][gc] GC(4530) Concurrent Undo Cycle 2.475ms
[198.923s][info][gc] GC(4531) Pause Young (Concurrent Start) (G1 Humongous Allocation) 895M->45M(2000M) 1.201ms
[198.923s][info][gc] GC(4532) Concurrent Undo Cycle
[198.926s][info][gc] GC(4532) Concurrent Undo Cycle 2.787ms
[198.978s][info][gc] GC(4533) Pause Young (Concurrent Start) (G1 Humongous Allocation) 895M->45M(2000M) 1.286ms
[198.978s][info][gc] GC(4534) Concurrent Undo Cycle
[198.980s][info][gc] GC(4534) Concurrent Undo Cycle 1.999ms
[199.037s][info][gc] GC(4535) Pause Young (Concurrent Start) (G1 Humongous Allocation) 895M->45M(2000M) 1.403ms
[199.037s][info][gc] GC(4536) Concurrent Undo Cycle
[199.040s][info][gc] GC(4536) Concurrent Undo Cycle 2.568ms
[199.090s][info][gc] GC(4537) Pause Young (Concurrent Start) (G1 Humongous Allocation) 895M->45M(2000M) 1.421ms
[199.090s][info][gc] GC(4538) Concurrent Undo Cycle
[199.093s][info][gc] GC(4538) Concurrent Undo Cycle 2.694ms
[199.146s][info][gc] GC(4539) Pause Young (Concurrent Start) (G1 Humongous Allocation) 895M->45M(2000M) 1.234ms
[199.146s][info][gc] GC(4540) Concurrent Undo Cycle
[199.148s][info][gc] GC(4540) Concurrent Undo Cycle 1.862ms
[199.209s][info][gc] GC(4541) Pause Young (Concurrent Start) (G1 Humongous Allocation) 895M->45M(2000M) 1.306ms
[199.209s][info][gc] GC(4542) Concurrent Undo Cycle
[199.211s][info][gc] GC(4542) Concurrent Undo Cycle 2.131ms
[199.265s][info][gc] GC(4543) Pause Young (Concurrent Start) (G1 Humongous Allocation) 895M->45M(2000M) 1.181ms
[199.265s][info][gc] GC(4544) Concurrent Undo Cycle
[199.267s][info][gc] GC(4544) Concurrent Undo Cycle 2.647ms
[199.321s][info][gc] GC(4545) Pause Young (Concurrent Start) (G1 Humongous Allocation) 895M->45M(2000M) 1.558ms
[199.321s][info][gc] GC(4546) Concurrent Undo Cycle
[199.323s][info][gc] GC(4546) Concurrent Undo Cycle 2.227ms
[199.379s][info][gc] GC(4547) Pause Young (Concurrent Start) (G1 Humongous Allocation) 895M->45M(2000M) 1.224ms
[199.380s][info][gc] GC(4548) Concurrent Undo Cycle
[199.381s][info][gc] GC(4548) Concurrent Undo Cycle 1.913ms
[199.439s][info][gc] GC(4549) Pause Young (Concurrent Start) (G1 Humongous Allocation) 895M->45M(2000M) 1.242ms
[199.439s][info][gc] GC(4550) Concurrent Undo Cycle
[199.441s][info][gc] GC(4550) Concurrent Undo Cycle 1.942ms
[199.492s][info][gc] GC(4551) Pause Young (Concurrent Start) (G1 Humongous Allocation) 895M->45M(2000M) 1.196ms
[199.492s][info][gc] GC(4552) Concurrent Undo Cycle
[199.494s][info][gc] GC(4552) Concurrent Undo Cycle 2.538ms
[199.551s][info][gc] GC(4553) Pause Young (Concurrent Start) (G1 Humongous Allocation) 895M->45M(2000M) 1.305ms
[199.551s][info][gc] GC(4554) Concurrent Undo Cycle
[199.553s][info][gc] GC(4554) Concurrent Undo Cycle 1.899ms
[199.604s][info][gc] GC(4555) Pause Young (Concurrent Start) (G1 Humongous Allocation) 895M->45M(2000M) 1.240ms
[199.604s][info][gc] GC(4556) Concurrent Undo Cycle
[199.606s][info][gc] GC(4556) Concurrent Undo Cycle 1.739ms
[199.657s][info][gc] GC(4557) Pause Young (Concurrent Start) (G1 Humongous Allocation) 895M->45M(2000M) 1.193ms
[199.657s][info][gc] GC(4558) Concurrent Undo Cycle
[199.659s][info][gc] GC(4558) Concurrent Undo Cycle 1.751ms
[199.713s][info][gc] GC(4559) Pause Young (Concurrent Start) (G1 Humongous Allocation) 895M->45M(2000M) 1.234ms
[199.713s][info][gc] GC(4560) Concurrent Undo Cycle
[199.715s][info][gc] GC(4560) Concurrent Undo Cycle 2.678ms
[199.766s][info][gc] GC(4561) Pause Young (Concurrent Start) (G1 Humongous Allocation) 895M->45M(2000M) 1.175ms
[199.766s][info][gc] GC(4562) Concurrent Undo Cycle
[199.769s][info][gc] GC(4562) Concurrent Undo Cycle 2.563ms
[199.820s][info][gc] GC(4563) Pause Young (Concurrent Start) (G1 Humongous Allocation) 895M->45M(2000M) 1.116ms
[199.820s][info][gc] GC(4564) Concurrent Undo Cycle
[199.821s][info][gc] GC(4564) Concurrent Undo Cycle 1.759ms
[199.873s][info][gc] GC(4565) Pause Young (Concurrent Start) (G1 Humongous Allocation) 895M->45M(2000M) 1.389ms
[199.873s][info][gc] GC(4566) Concurrent Undo Cycle
[199.875s][info][gc] GC(4566) Concurrent Undo Cycle 1.897ms
[199.927s][info][gc] GC(4567) Pause Young (Concurrent Start) (G1 Humongous Allocation) 895M->45M(2000M) 1.259ms
[199.927s][info][gc] GC(4568) Concurrent Undo Cycle
[199.929s][info][gc] GC(4568) Concurrent Undo Cycle 1.809ms
[199.981s][info][gc] GC(4569) Pause Young (Concurrent Start) (G1 Humongous Allocation) 895M->45M(2000M) 1.370ms
[199.981s][info][gc] GC(4570) Concurrent Undo Cycle
[199.983s][info][gc] GC(4570) Concurrent Undo Cycle 2.518ms
[200.036s][info][gc] GC(4571) Pause Young (Concurrent Start) (G1 Humongous Allocation) 895M->45M(2000M) 1.237ms
[200.036s][info][gc] GC(4572) Concurrent Undo Cycle
[200.038s][info][gc] GC(4572) Concurrent Undo Cycle 1.988ms
[200.090s][info][gc] GC(4573) Pause Young (Concurrent Start) (G1 Humongous Allocation) 895M->45M(2000M) 1.133ms
[200.090s][info][gc] GC(4574) Concurrent Undo Cycle
[200.091s][info][gc] GC(4574) Concurrent Undo Cycle 1.724ms
[200.147s][info][gc] GC(4575) Pause Young (Concurrent Start) (G1 Humongous Allocation) 895M->45M(2000M) 1.138ms
[200.148s][info][gc] GC(4576) Concurrent Undo Cycle
[200.149s][info][gc] GC(4576) Concurrent Undo Cycle 1.720ms
[200.202s][info][gc] GC(4577) Pause Young (Concurrent Start) (G1 Humongous Allocation) 895M->45M(2000M) 1.402ms
[200.202s][info][gc] GC(4578) Concurrent Undo Cycle
[200.204s][info][gc] GC(4578) Concurrent Undo Cycle 2.574ms
[200.256s][info][gc] GC(4579) Pause Young (Concurrent Start) (G1 Humongous Allocation) 895M->45M(2000M) 1.355ms
[200.256s][info][gc] GC(4580) Concurrent Undo Cycle
[200.258s][info][gc] GC(4580) Concurrent Undo Cycle 1.760ms
[200.309s][info][gc] GC(4581) Pause Young (Concurrent Start) (G1 Humongous Allocation) 895M->45M(2000M) 1.283ms
[200.309s][info][gc] GC(4582) Concurrent Undo Cycle
[200.311s][info][gc] GC(4582) Concurrent Undo Cycle 1.768ms
[200.370s][info][gc] GC(4583) Pause Young (Concurrent Start) (G1 Humongous Allocation) 895M->45M(2000M) 1.481ms
[200.370s][info][gc] GC(4584) Concurrent Undo Cycle
[200.372s][info][gc] GC(4584) Concurrent Undo Cycle 2.609ms
[200.427s][info][gc] GC(4585) Pause Young (Concurrent Start) (G1 Humongous Allocation) 895M->45M(2000M) 1.214ms
[200.427s][info][gc] GC(4586) Concurrent Undo Cycle
[200.429s][info][gc] GC(4586) Concurrent Undo Cycle 1.826ms
[200.482s][info][gc] GC(4587) Pause Young (Concurrent Start) (G1 Humongous Allocation) 895M->45M(2000M) 1.511ms
[200.482s][info][gc] GC(4588) Concurrent Undo Cycle
[200.484s][info][gc] GC(4588) Concurrent Undo Cycle 2.569ms
[200.537s][info][gc] GC(4589) Pause Young (Concurrent Start) (G1 Humongous Allocation) 895M->45M(2000M) 1.243ms
[200.537s][info][gc] GC(4590) Concurrent Undo Cycle
[200.539s][info][gc] GC(4590) Concurrent Undo Cycle 1.934ms
[200.592s][info][gc] GC(4591) Pause Young (Concurrent Start) (G1 Humongous Allocation) 895M->45M(2000M) 1.435ms
[200.592s][info][gc] GC(4592) Concurrent Undo Cycle
[200.594s][info][gc] GC(4592) Concurrent Undo Cycle 2.581ms
[200.648s][info][gc] GC(4593) Pause Young (Concurrent Start) (G1 Humongous Allocation) 895M->45M(2000M) 1.255ms
[200.648s][info][gc] GC(4594) Concurrent Undo Cycle
[200.650s][info][gc] GC(4594) Concurrent Undo Cycle 2.603ms
[200.702s][info][gc] GC(4595) Pause Young (Concurrent Start) (G1 Humongous Allocation) 896M->45M(2000M) 1.366ms
[200.702s][info][gc] GC(4596) Concurrent Undo Cycle
[200.704s][info][gc] GC(4596) Concurrent Undo Cycle 1.779ms
[200.756s][info][gc] GC(4597) Pause Young (Concurrent Start) (G1 Humongous Allocation) 896M->46M(2000M) 1.398ms
[200.756s][info][gc] GC(4598) Concurrent Undo Cycle
[200.760s][info][gc] GC(4598) Concurrent Undo Cycle 4.324ms
[200.811s][info][gc] GC(4599) Pause Young (Concurrent Start) (G1 Humongous Allocation) 896M->46M(2000M) 1.246ms
[200.811s][info][gc] GC(4600) Concurrent Undo Cycle
[200.813s][info][gc] GC(4600) Concurrent Undo Cycle 1.719ms
[200.866s][info][gc] GC(4601) Pause Young (Concurrent Start) (G1 Humongous Allocation) 896M->46M(2000M) 1.353ms
[200.866s][info][gc] GC(4602) Concurrent Undo Cycle
[200.871s][info][gc] GC(4602) Concurrent Undo Cycle 4.548ms
[200.924s][info][gc] GC(4603) Pause Young (Concurrent Start) (G1 Humongous Allocation) 896M->46M(2000M) 1.189ms
[200.924s][info][gc] GC(4604) Concurrent Undo Cycle
[200.926s][info][gc] GC(4604) Concurrent Undo Cycle 1.926ms
[200.977s][info][gc] GC(4605) Pause Young (Concurrent Start) (G1 Humongous Allocation) 896M->46M(2000M) 1.277ms
[200.977s][info][gc] GC(4606) Concurrent Undo Cycle
[200.980s][info][gc] GC(4606) Concurrent Undo Cycle 2.507ms
[201.031s][info][gc] GC(4607) Pause Young (Concurrent Start) (G1 Humongous Allocation) 896M->46M(2000M) 1.233ms
[201.031s][info][gc] GC(4608) Concurrent Undo Cycle
[201.034s][info][gc] GC(4608) Concurrent Undo Cycle 2.480ms
[201.086s][info][gc] GC(4609) Pause Young (Concurrent Start) (G1 Humongous Allocation) 896M->46M(2000M) 1.299ms
[201.086s][info][gc] GC(4610) Concurrent Undo Cycle
[201.088s][info][gc] GC(4610) Concurrent Undo Cycle 2.054ms
[201.140s][info][gc] GC(4611) Pause Young (Concurrent Start) (G1 Humongous Allocation) 896M->46M(2000M) 1.417ms
[201.140s][info][gc] GC(4612) Concurrent Undo Cycle
[201.143s][info][gc] GC(4612) Concurrent Undo Cycle 2.838ms
[201.194s][info][gc] GC(4613) Pause Young (Concurrent Start) (G1 Humongous Allocation) 896M->46M(2000M) 1.389ms
[201.194s][info][gc] GC(4614) Concurrent Undo Cycle
[201.196s][info][gc] GC(4614) Concurrent Undo Cycle 1.926ms
[201.248s][info][gc] GC(4615) Pause Young (Concurrent Start) (G1 Humongous Allocation) 896M->46M(2000M) 1.295ms
[201.248s][info][gc] GC(4616) Concurrent Undo Cycle
[201.250s][info][gc] GC(4616) Concurrent Undo Cycle 1.711ms
[201.302s][info][gc] GC(4617) Pause Young (Concurrent Start) (G1 Humongous Allocation) 896M->46M(2000M) 1.317ms
[201.302s][info][gc] GC(4618) Concurrent Undo Cycle
[201.304s][info][gc] GC(4618) Concurrent Undo Cycle 1.766ms
[201.355s][info][gc] GC(4619) Pause Young (Concurrent Start) (G1 Humongous Allocation) 896M->46M(2000M) 1.287ms
[201.355s][info][gc] GC(4620) Concurrent Undo Cycle
[201.357s][info][gc] GC(4620) Concurrent Undo Cycle 2.051ms
[201.412s][info][gc] GC(4621) Pause Young (Concurrent Start) (G1 Humongous Allocation) 896M->46M(2000M) 1.274ms
[201.412s][info][gc] GC(4622) Concurrent Undo Cycle
[201.414s][info][gc] GC(4622) Concurrent Undo Cycle 1.745ms
[201.466s][info][gc] GC(4623) Pause Young (Concurrent Start) (G1 Humongous Allocation) 896M->46M(2000M) 1.369ms
[201.466s][info][gc] GC(4624) Concurrent Undo Cycle
[201.467s][info][gc] GC(4624) Concurrent Undo Cycle 1.726ms
[201.519s][info][gc] GC(4625) Pause Young (Concurrent Start) (G1 Humongous Allocation) 896M->46M(2000M) 1.071ms
[201.519s][info][gc] GC(4626) Concurrent Undo Cycle
[201.521s][info][gc] GC(4626) Concurrent Undo Cycle 1.773ms
[201.573s][info][gc] GC(4627) Pause Young (Concurrent Start) (G1 Humongous Allocation) 896M->46M(2000M) 1.241ms
[201.573s][info][gc] GC(4628) Concurrent Undo Cycle
[201.574s][info][gc] GC(4628) Concurrent Undo Cycle 1.756ms
[201.627s][info][gc] GC(4629) Pause Young (Concurrent Start) (G1 Humongous Allocation) 896M->46M(2000M) 1.266ms
[201.627s][info][gc] GC(4630) Concurrent Undo Cycle
[201.629s][info][gc] GC(4630) Concurrent Undo Cycle 2.673ms
[201.681s][info][gc] GC(4631) Pause Young (Concurrent Start) (G1 Humongous Allocation) 896M->46M(2000M) 1.335ms
[201.681s][info][gc] GC(4632) Concurrent Undo Cycle
[201.683s][info][gc] GC(4632) Concurrent Undo Cycle 1.824ms
[201.739s][info][gc] GC(4633) Pause Young (Concurrent Start) (G1 Humongous Allocation) 896M->46M(2000M) 1.318ms
[201.739s][info][gc] GC(4634) Concurrent Undo Cycle
[201.741s][info][gc] GC(4634) Concurrent Undo Cycle 1.933ms
[201.793s][info][gc] GC(4635) Pause Young (Concurrent Start) (G1 Humongous Allocation) 896M->46M(2000M) 1.381ms
[201.793s][info][gc] GC(4636) Concurrent Undo Cycle
[201.795s][info][gc] GC(4636) Concurrent Undo Cycle 2.448ms
[201.847s][info][gc] GC(4637) Pause Young (Concurrent Start) (G1 Humongous Allocation) 896M->46M(2000M) 1.224ms
[201.847s][info][gc] GC(4638) Concurrent Undo Cycle
[201.848s][info][gc] GC(4638) Concurrent Undo Cycle 1.785ms
[201.900s][info][gc] GC(4639) Pause Young (Concurrent Start) (G1 Humongous Allocation) 896M->46M(2000M) 1.224ms
[201.900s][info][gc] GC(4640) Concurrent Undo Cycle
[201.902s][info][gc] GC(4640) Concurrent Undo Cycle 1.844ms
[201.954s][info][gc] GC(4641) Pause Young (Concurrent Start) (G1 Humongous Allocation) 896M->46M(2000M) 1.361ms
[201.954s][info][gc] GC(4642) Concurrent Undo Cycle
[201.956s][info][gc] GC(4642) Concurrent Undo Cycle 1.746ms
[202.008s][info][gc] GC(4643) Pause Young (Concurrent Start) (G1 Humongous Allocation) 896M->46M(2000M) 1.353ms
[202.008s][info][gc] GC(4644) Concurrent Undo Cycle
[202.010s][info][gc] GC(4644) Concurrent Undo Cycle 2.417ms
[202.063s][info][gc] GC(4645) Pause Young (Concurrent Start) (G1 Humongous Allocation) 896M->46M(2000M) 1.665ms
[202.063s][info][gc] GC(4646) Concurrent Undo Cycle
[202.064s][info][gc] GC(4646) Concurrent Undo Cycle 1.852ms
[202.115s][info][gc] GC(4647) Pause Young (Concurrent Start) (G1 Humongous Allocation) 896M->46M(2000M) 1.053ms
[202.115s][info][gc] GC(4648) Concurrent Undo Cycle
[202.117s][info][gc] GC(4648) Concurrent Undo Cycle 1.788ms
[202.169s][info][gc] GC(4649) Pause Young (Concurrent Start) (G1 Humongous Allocation) 896M->46M(2000M) 1.312ms
[202.169s][info][gc] GC(4650) Concurrent Undo Cycle
[202.172s][info][gc] GC(4650) Concurrent Undo Cycle 2.607ms
[202.229s][info][gc] GC(4651) Pause Young (Concurrent Start) (G1 Humongous Allocation) 896M->46M(2000M) 1.207ms
[202.229s][info][gc] GC(4652) Concurrent Undo Cycle
[202.231s][info][gc] GC(4652) Concurrent Undo Cycle 1.759ms
[202.283s][info][gc] GC(4653) Pause Young (Concurrent Start) (G1 Humongous Allocation) 896M->46M(2000M) 1.231ms
[202.283s][info][gc] GC(4654) Concurrent Undo Cycle
[202.285s][info][gc] GC(4654) Concurrent Undo Cycle 1.723ms
[202.336s][info][gc] GC(4655) Pause Young (Concurrent Start) (G1 Humongous Allocation) 896M->46M(2000M) 1.126ms
[202.336s][info][gc] GC(4656) Concurrent Undo Cycle
[202.337s][info][gc] GC(4656) Concurrent Undo Cycle 1.736ms
[202.389s][info][gc] GC(4657) Pause Young (Concurrent Start) (G1 Humongous Allocation) 896M->46M(2000M) 1.195ms
[202.389s][info][gc] GC(4658) Concurrent Undo Cycle
[202.391s][info][gc] GC(4658) Concurrent Undo Cycle 2.524ms
[202.443s][info][gc] GC(4659) Pause Young (Concurrent Start) (G1 Humongous Allocation) 896M->46M(2000M) 1.236ms
[202.443s][info][gc] GC(4660) Concurrent Undo Cycle
[202.445s][info][gc] GC(4660) Concurrent Undo Cycle 1.874ms
[202.497s][info][gc] GC(4661) Pause Young (Concurrent Start) (G1 Humongous Allocation) 896M->46M(2000M) 1.191ms
[202.497s][info][gc] GC(4662) Concurrent Undo Cycle
[202.499s][info][gc] GC(4662) Concurrent Undo Cycle 1.758ms
[202.550s][info][gc] GC(4663) Pause Young (Concurrent Start) (G1 Humongous Allocation) 896M->46M(2000M) 1.279ms
[202.550s][info][gc] GC(4664) Concurrent Undo Cycle
[202.552s][info][gc] GC(4664) Concurrent Undo Cycle 1.721ms
[202.603s][info][gc] GC(4665) Pause Young (Concurrent Start) (G1 Humongous Allocation) 896M->46M(2000M) 1.310ms
[202.603s][info][gc] GC(4666) Concurrent Undo Cycle
[202.605s][info][gc] GC(4666) Concurrent Undo Cycle 1.744ms
[202.656s][info][gc] GC(4667) Pause Young (Concurrent Start) (G1 Humongous Allocation) 896M->46M(2000M) 1.156ms
[202.656s][info][gc] GC(4668) Concurrent Undo Cycle
[202.658s][info][gc] GC(4668) Concurrent Undo Cycle 1.790ms
[202.710s][info][gc] GC(4669) Pause Young (Concurrent Start) (G1 Humongous Allocation) 896M->46M(2000M) 1.189ms
[202.710s][info][gc] GC(4670) Concurrent Undo Cycle
[202.712s][info][gc] GC(4670) Concurrent Undo Cycle 1.798ms
[202.764s][info][gc] GC(4671) Pause Young (Concurrent Start) (G1 Humongous Allocation) 896M->46M(2000M) 1.334ms
[202.764s][info][gc] GC(4672) Concurrent Undo Cycle
[202.766s][info][gc] GC(4672) Concurrent Undo Cycle 1.739ms
[202.818s][info][gc] GC(4673) Pause Young (Concurrent Start) (G1 Humongous Allocation) 896M->46M(2000M) 1.400ms
[202.818s][info][gc] GC(4674) Concurrent Undo Cycle
[202.820s][info][gc] GC(4674) Concurrent Undo Cycle 2.558ms
[202.872s][info][gc] GC(4675) Pause Young (Concurrent Start) (G1 Humongous Allocation) 896M->46M(2000M) 1.385ms
[202.872s][info][gc] GC(4676) Concurrent Undo Cycle
[202.873s][info][gc] GC(4676) Concurrent Undo Cycle 1.804ms
[202.925s][info][gc] GC(4677) Pause Young (Concurrent Start) (G1 Humongous Allocation) 896M->46M(2000M) 1.432ms
[202.925s][info][gc] GC(4678) Concurrent Undo Cycle
[202.928s][info][gc] GC(4678) Concurrent Undo Cycle 2.722ms
[202.980s][info][gc] GC(4679) Pause Young (Concurrent Start) (G1 Humongous Allocation) 896M->46M(2000M) 1.395ms
[202.980s][info][gc] GC(4680) Concurrent Undo Cycle
[202.982s][info][gc] GC(4680) Concurrent Undo Cycle 2.600ms
[203.038s][info][gc] GC(4681) Pause Young (Concurrent Start) (G1 Humongous Allocation) 896M->46M(2000M) 1.249ms
[203.038s][info][gc] GC(4682) Concurrent Undo Cycle
[203.040s][info][gc] GC(4682) Concurrent Undo Cycle 2.021ms
[203.096s][info][gc] GC(4683) Pause Young (Concurrent Start) (G1 Humongous Allocation) 896M->46M(2000M) 1.240ms
[203.096s][info][gc] GC(4684) Concurrent Undo Cycle
[203.098s][info][gc] GC(4684) Concurrent Undo Cycle 1.919ms
[203.154s][info][gc] GC(4685) Pause Young (Concurrent Start) (G1 Humongous Allocation) 896M->46M(2000M) 1.169ms
[203.154s][info][gc] GC(4686) Concurrent Undo Cycle
[203.156s][info][gc] GC(4686) Concurrent Undo Cycle 2.067ms
[203.214s][info][gc] GC(4687) Pause Young (Concurrent Start) (G1 Humongous Allocation) 896M->46M(2000M) 1.391ms
[203.214s][info][gc] GC(4688) Concurrent Undo Cycle
[203.216s][info][gc] GC(4688) Concurrent Undo Cycle 1.802ms
[203.272s][info][gc] GC(4689) Pause Young (Concurrent Start) (G1 Humongous Allocation) 896M->46M(2000M) 1.145ms
[203.272s][info][gc] GC(4690) Concurrent Undo Cycle
[203.274s][info][gc] GC(4690) Concurrent Undo Cycle 1.903ms
[203.326s][info][gc] GC(4691) Pause Young (Concurrent Start) (G1 Humongous Allocation) 896M->46M(2000M) 1.217ms
[203.326s][info][gc] GC(4692) Concurrent Undo Cycle
[203.328s][info][gc] GC(4692) Concurrent Undo Cycle 1.757ms
[203.379s][info][gc] GC(4693) Pause Young (Concurrent Start) (G1 Humongous Allocation) 896M->46M(2000M) 1.259ms
[203.380s][info][gc] GC(4694) Concurrent Undo Cycle
[203.381s][info][gc] GC(4694) Concurrent Undo Cycle 1.745ms
[203.433s][info][gc] GC(4695) Pause Young (Concurrent Start) (G1 Humongous Allocation) 896M->46M(2000M) 1.323ms
[203.433s][info][gc] GC(4696) Concurrent Undo Cycle
[203.435s][info][gc] GC(4696) Concurrent Undo Cycle 1.927ms
[203.488s][info][gc] GC(4697) Pause Young (Concurrent Start) (G1 Humongous Allocation) 896M->46M(2000M) 1.298ms
[203.488s][info][gc] GC(4698) Concurrent Undo Cycle
[203.491s][info][gc] GC(4698) Concurrent Undo Cycle 2.581ms
[203.545s][info][gc] GC(4699) Pause Young (Concurrent Start) (G1 Humongous Allocation) 896M->46M(2000M) 1.384ms
[203.545s][info][gc] GC(4700) Concurrent Undo Cycle
[203.547s][info][gc] GC(4700) Concurrent Undo Cycle 1.872ms
[203.599s][info][gc] GC(4701) Pause Young (Concurrent Start) (G1 Humongous Allocation) 896M->46M(2000M) 1.328ms
[203.599s][info][gc] GC(4702) Concurrent Undo Cycle
[203.601s][info][gc] GC(4702) Concurrent Undo Cycle 1.751ms
[203.652s][info][gc] GC(4703) Pause Young (Concurrent Start) (G1 Humongous Allocation) 896M->46M(2000M) 1.171ms
[203.652s][info][gc] GC(4704) Concurrent Undo Cycle
[203.654s][info][gc] GC(4704) Concurrent Undo Cycle 1.728ms
[203.706s][info][gc] GC(4705) Pause Young (Concurrent Start) (G1 Humongous Allocation) 896M->46M(2000M) 1.152ms
[203.706s][info][gc] GC(4706) Concurrent Undo Cycle
[203.708s][info][gc] GC(4706) Concurrent Undo Cycle 1.704ms
[203.760s][info][gc] GC(4707) Pause Young (Concurrent Start) (G1 Humongous Allocation) 896M->46M(2000M) 1.304ms
[203.760s][info][gc] GC(4708) Concurrent Undo Cycle
[203.762s][info][gc] GC(4708) Concurrent Undo Cycle 2.059ms
[203.813s][info][gc] GC(4709) Pause Young (Concurrent Start) (G1 Humongous Allocation) 896M->46M(2000M) 1.327ms
[203.813s][info][gc] GC(4710) Concurrent Undo Cycle
[203.815s][info][gc] GC(4710) Concurrent Undo Cycle 1.731ms
[203.871s][info][gc] GC(4711) Pause Young (Concurrent Start) (G1 Humongous Allocation) 896M->46M(2000M) 1.146ms
[203.871s][info][gc] GC(4712) Concurrent Undo Cycle
[203.873s][info][gc] GC(4712) Concurrent Undo Cycle 1.799ms
[203.925s][info][gc] GC(4713) Pause Young (Concurrent Start) (G1 Humongous Allocation) 896M->46M(2000M) 1.196ms
[203.925s][info][gc] GC(4714) Concurrent Undo Cycle
[203.927s][info][gc] GC(4714) Concurrent Undo Cycle 2.038ms
[203.981s][info][gc] GC(4715) Pause Young (Concurrent Start) (G1 Humongous Allocation) 896M->46M(2000M) 1.506ms
[203.981s][info][gc] GC(4716) Concurrent Undo Cycle
[203.984s][info][gc] GC(4716) Concurrent Undo Cycle 2.630ms
[204.036s][info][gc] GC(4717) Pause Young (Concurrent Start) (G1 Humongous Allocation) 896M->46M(2000M) 1.356ms
[204.036s][info][gc] GC(4718) Concurrent Undo Cycle
[204.038s][info][gc] GC(4718) Concurrent Undo Cycle 2.063ms
[204.095s][info][gc] GC(4719) Pause Young (Concurrent Start) (G1 Humongous Allocation) 896M->46M(2000M) 1.168ms
[204.095s][info][gc] GC(4720) Concurrent Undo Cycle
[204.097s][info][gc] GC(4720) Concurrent Undo Cycle 2.609ms
[204.149s][info][gc] GC(4721) Pause Young (Concurrent Start) (G1 Humongous Allocation) 896M->46M(2000M) 1.258ms
[204.149s][info][gc] GC(4722) Concurrent Undo Cycle
[204.151s][info][gc] GC(4722) Concurrent Undo Cycle 1.963ms
[204.206s][info][gc] GC(4723) Pause Young (Concurrent Start) (G1 Humongous Allocation) 896M->46M(2000M) 1.266ms
[204.207s][info][gc] GC(4724) Concurrent Undo Cycle
[204.209s][info][gc] GC(4724) Concurrent Undo Cycle 2.569ms
[204.263s][info][gc] GC(4725) Pause Young (Concurrent Start) (G1 Humongous Allocation) 896M->46M(2000M) 1.309ms
[204.264s][info][gc] GC(4726) Concurrent Undo Cycle
[204.266s][info][gc] GC(4726) Concurrent Undo Cycle 2.556ms
[204.322s][info][gc] GC(4727) Pause Young (Concurrent Start) (G1 Humongous Allocation) 896M->46M(2000M) 1.356ms
[204.322s][info][gc] GC(4728) Concurrent Undo Cycle
[204.325s][info][gc] GC(4728) Concurrent Undo Cycle 2.582ms
[204.377s][info][gc] GC(4729) Pause Young (Concurrent Start) (G1 Humongous Allocation) 896M->46M(2000M) 1.288ms
[204.377s][info][gc] GC(4730) Concurrent Undo Cycle
[204.380s][info][gc] GC(4730) Concurrent Undo Cycle 2.577ms
[204.432s][info][gc] GC(4731) Pause Young (Concurrent Start) (G1 Humongous Allocation) 896M->46M(2000M) 1.337ms
[204.432s][info][gc] GC(4732) Concurrent Undo Cycle
[204.434s][info][gc] GC(4732) Concurrent Undo Cycle 2.581ms
[204.488s][info][gc] GC(4733) Pause Young (Concurrent Start) (G1 Humongous Allocation) 897M->46M(2000M) 1.135ms
[204.488s][info][gc] GC(4734) Concurrent Undo Cycle
[204.490s][info][gc] GC(4734) Concurrent Undo Cycle 1.725ms
[204.543s][info][gc] GC(4735) Pause Young (Concurrent Start) (G1 Humongous Allocation) 897M->47M(2000M) 1.267ms
[204.543s][info][gc] GC(4736) Concurrent Undo Cycle
[204.546s][info][gc] GC(4736) Concurrent Undo Cycle 2.564ms
[204.600s][info][gc] GC(4737) Pause Young (Concurrent Start) (G1 Humongous Allocation) 897M->47M(2000M) 1.323ms
[204.600s][info][gc] GC(4738) Concurrent Undo Cycle
[204.601s][info][gc] GC(4738) Concurrent Undo Cycle 1.810ms
[204.653s][info][gc] GC(4739) Pause Young (Concurrent Start) (G1 Humongous Allocation) 897M->47M(2000M) 1.298ms
[204.653s][info][gc] GC(4740) Concurrent Undo Cycle
[204.656s][info][gc] GC(4740) Concurrent Undo Cycle 2.596ms
[204.708s][info][gc] GC(4741) Pause Young (Concurrent Start) (G1 Humongous Allocation) 897M->47M(2000M) 1.266ms
[204.708s][info][gc] GC(4742) Concurrent Undo Cycle
[204.710s][info][gc] GC(4742) Concurrent Undo Cycle 1.801ms
[204.762s][info][gc] GC(4743) Pause Young (Concurrent Start) (G1 Humongous Allocation) 897M->47M(2000M) 1.207ms
[204.762s][info][gc] GC(4744) Concurrent Undo Cycle
[204.764s][info][gc] GC(4744) Concurrent Undo Cycle 2.035ms
[204.816s][info][gc] GC(4745) Pause Young (Concurrent Start) (G1 Humongous Allocation) 897M->47M(2000M) 1.222ms
[204.816s][info][gc] GC(4746) Concurrent Undo Cycle
[204.818s][info][gc] GC(4746) Concurrent Undo Cycle 1.774ms
[204.870s][info][gc] GC(4747) Pause Young (Concurrent Start) (G1 Humongous Allocation) 897M->47M(2000M) 1.387ms
[204.870s][info][gc] GC(4748) Concurrent Undo Cycle
[204.872s][info][gc] GC(4748) Concurrent Undo Cycle 1.991ms
[204.929s][info][gc] GC(4749) Pause Young (Concurrent Start) (G1 Humongous Allocation) 897M->47M(2000M) 1.172ms
[204.929s][info][gc] GC(4750) Concurrent Undo Cycle
[204.931s][info][gc] GC(4750) Concurrent Undo Cycle 1.735ms
[204.995s][info][gc] GC(4751) Pause Young (Concurrent Start) (G1 Humongous Allocation) 897M->47M(2000M) 1.466ms
[204.995s][info][gc] GC(4752) Concurrent Undo Cycle
[205.000s][info][gc] GC(4752) Concurrent Undo Cycle 4.496ms
[205.052s][info][gc] GC(4753) Pause Young (Concurrent Start) (G1 Humongous Allocation) 897M->47M(2000M) 1.139ms
[205.052s][info][gc] GC(4754) Concurrent Undo Cycle
[205.055s][info][gc] GC(4754) Concurrent Undo Cycle 2.579ms
[205.107s][info][gc] GC(4755) Pause Young (Concurrent Start) (G1 Humongous Allocation) 897M->47M(2000M) 1.327ms
[205.107s][info][gc] GC(4756) Concurrent Undo Cycle
[205.110s][info][gc] GC(4756) Concurrent Undo Cycle 2.685ms
[205.162s][info][gc] GC(4757) Pause Young (Concurrent Start) (G1 Humongous Allocation) 897M->47M(2000M) 1.178ms
[205.162s][info][gc] GC(4758) Concurrent Undo Cycle
[205.164s][info][gc] GC(4758) Concurrent Undo Cycle 1.775ms
[205.216s][info][gc] GC(4759) Pause Young (Concurrent Start) (G1 Humongous Allocation) 897M->47M(2000M) 1.227ms
[205.216s][info][gc] GC(4760) Concurrent Undo Cycle
[205.217s][info][gc] GC(4760) Concurrent Undo Cycle 1.831ms
[205.272s][info][gc] GC(4761) Pause Young (Concurrent Start) (G1 Humongous Allocation) 897M->47M(2000M) 1.122ms
[205.272s][info][gc] GC(4762) Concurrent Undo Cycle
[205.274s][info][gc] GC(4762) Concurrent Undo Cycle 1.962ms
[205.331s][info][gc] GC(4763) Pause Young (Concurrent Start) (G1 Humongous Allocation) 897M->47M(2000M) 1.468ms
[205.331s][info][gc] GC(4764) Concurrent Undo Cycle
[205.333s][info][gc] GC(4764) Concurrent Undo Cycle 1.952ms
[205.385s][info][gc] GC(4765) Pause Young (Concurrent Start) (G1 Humongous Allocation) 897M->47M(2000M) 1.297ms
[205.385s][info][gc] GC(4766) Concurrent Undo Cycle
[205.388s][info][gc] GC(4766) Concurrent Undo Cycle 2.550ms
[205.440s][info][gc] GC(4767) Pause Young (Concurrent Start) (G1 Humongous Allocation) 897M->47M(2000M) 1.147ms
[205.440s][info][gc] GC(4768) Concurrent Undo Cycle
[205.442s][info][gc] GC(4768) Concurrent Undo Cycle 1.739ms
[205.496s][info][gc] GC(4769) Pause Young (Concurrent Start) (G1 Humongous Allocation) 897M->47M(2000M) 1.121ms
[205.496s][info][gc] GC(4770) Concurrent Undo Cycle
[205.497s][info][gc] GC(4770) Concurrent Undo Cycle 1.733ms
[205.553s][info][gc] GC(4771) Pause Young (Concurrent Start) (G1 Humongous Allocation) 897M->47M(2000M) 1.159ms
[205.553s][info][gc] GC(4772) Concurrent Undo Cycle
[205.555s][info][gc] GC(4772) Concurrent Undo Cycle 1.760ms
[205.607s][info][gc] GC(4773) Pause Young (Concurrent Start) (G1 Humongous Allocation) 897M->47M(2000M) 1.292ms
[205.607s][info][gc] GC(4774) Concurrent Undo Cycle
[205.609s][info][gc] GC(4774) Concurrent Undo Cycle 2.517ms
[205.661s][info][gc] GC(4775) Pause Young (Concurrent Start) (G1 Humongous Allocation) 897M->47M(2000M) 1.362ms
[205.661s][info][gc] GC(4776) Concurrent Undo Cycle
[205.663s][info][gc] GC(4776) Concurrent Undo Cycle 2.477ms
[205.715s][info][gc] GC(4777) Pause Young (Concurrent Start) (G1 Humongous Allocation) 897M->47M(2000M) 1.323ms
[205.715s][info][gc] GC(4778) Concurrent Undo Cycle
[205.718s][info][gc] GC(4778) Concurrent Undo Cycle 2.035ms
[205.771s][info][gc] GC(4779) Pause Young (Concurrent Start) (G1 Humongous Allocation) 897M->47M(2000M) 1.182ms
[205.771s][info][gc] GC(4780) Concurrent Undo Cycle
[205.773s][info][gc] GC(4780) Concurrent Undo Cycle 2.570ms
[205.826s][info][gc] GC(4781) Pause Young (Concurrent Start) (G1 Humongous Allocation) 897M->47M(2000M) 1.327ms
[205.826s][info][gc] GC(4782) Concurrent Undo Cycle
[205.829s][info][gc] GC(4782) Concurrent Undo Cycle 2.702ms
[205.881s][info][gc] GC(4783) Pause Young (Concurrent Start) (G1 Humongous Allocation) 897M->47M(2000M) 1.293ms
[205.881s][info][gc] GC(4784) Concurrent Undo Cycle
[205.882s][info][gc] GC(4784) Concurrent Undo Cycle 1.761ms
[205.936s][info][gc] GC(4785) Pause Young (Concurrent Start) (G1 Humongous Allocation) 897M->47M(2000M) 1.232ms
[205.936s][info][gc] GC(4786) Concurrent Undo Cycle
[205.938s][info][gc] GC(4786) Concurrent Undo Cycle 1.816ms
[205.995s][info][gc] GC(4787) Pause Young (Concurrent Start) (G1 Humongous Allocation) 897M->47M(2000M) 1.260ms
[205.996s][info][gc] GC(4788) Concurrent Undo Cycle
[205.998s][info][gc] GC(4788) Concurrent Undo Cycle 2.555ms
[206.051s][info][gc] GC(4789) Pause Young (Concurrent Start) (G1 Humongous Allocation) 897M->47M(2000M) 1.543ms
[206.051s][info][gc] GC(4790) Concurrent Undo Cycle
[206.053s][info][gc] GC(4790) Concurrent Undo Cycle 2.569ms
[206.106s][info][gc] GC(4791) Pause Young (Concurrent Start) (G1 Humongous Allocation) 897M->47M(2000M) 1.254ms
[206.106s][info][gc] GC(4792) Concurrent Undo Cycle
[206.108s][info][gc] GC(4792) Concurrent Undo Cycle 2.584ms
[206.161s][info][gc] GC(4793) Pause Young (Concurrent Start) (G1 Humongous Allocation) 897M->47M(2000M) 1.345ms
[206.161s][info][gc] GC(4794) Concurrent Undo Cycle
[206.163s][info][gc] GC(4794) Concurrent Undo Cycle 2.674ms
[206.215s][info][gc] GC(4795) Pause Young (Concurrent Start) (G1 Humongous Allocation) 897M->47M(2000M) 1.196ms
[206.215s][info][gc] GC(4796) Concurrent Undo Cycle
[206.217s][info][gc] GC(4796) Concurrent Undo Cycle 1.817ms
[206.269s][info][gc] GC(4797) Pause Young (Concurrent Start) (G1 Humongous Allocation) 897M->47M(2000M) 1.246ms
[206.269s][info][gc] GC(4798) Concurrent Undo Cycle
[206.272s][info][gc] GC(4798) Concurrent Undo Cycle 2.587ms
[206.325s][info][gc] GC(4799) Pause Young (Concurrent Start) (G1 Humongous Allocation) 897M->47M(2000M) 1.062ms
[206.325s][info][gc] GC(4800) Concurrent Undo Cycle
[206.327s][info][gc] GC(4800) Concurrent Undo Cycle 1.767ms
[206.379s][info][gc] GC(4801) Pause Young (Concurrent Start) (G1 Humongous Allocation) 897M->47M(2000M) 1.236ms
[206.379s][info][gc] GC(4802) Concurrent Undo Cycle
[206.381s][info][gc] GC(4802) Concurrent Undo Cycle 1.706ms
[206.434s][info][gc] GC(4803) Pause Young (Concurrent Start) (G1 Humongous Allocation) 897M->47M(2000M) 1.280ms
[206.434s][info][gc] GC(4804) Concurrent Undo Cycle
[206.436s][info][gc] GC(4804) Concurrent Undo Cycle 1.823ms
[206.488s][info][gc] GC(4805) Pause Young (Concurrent Start) (G1 Humongous Allocation) 897M->47M(2000M) 1.300ms
[206.489s][info][gc] GC(4806) Concurrent Undo Cycle
[206.490s][info][gc] GC(4806) Concurrent Undo Cycle 1.744ms
[206.548s][info][gc] GC(4807) Pause Young (Concurrent Start) (G1 Humongous Allocation) 897M->47M(2000M) 1.246ms
[206.548s][info][gc] GC(4808) Concurrent Undo Cycle
[206.549s][info][gc] GC(4808) Concurrent Undo Cycle 1.850ms
[206.601s][info][gc] GC(4809) Pause Young (Concurrent Start) (G1 Humongous Allocation) 897M->47M(2000M) 1.177ms
[206.601s][info][gc] GC(4810) Concurrent Undo Cycle
[206.604s][info][gc] GC(4810) Concurrent Undo Cycle 2.604ms
[206.656s][info][gc] GC(4811) Pause Young (Concurrent Start) (G1 Humongous Allocation) 897M->47M(2000M) 1.239ms
[206.656s][info][gc] GC(4812) Concurrent Undo Cycle
[206.658s][info][gc] GC(4812) Concurrent Undo Cycle 1.765ms
[206.710s][info][gc] GC(4813) Pause Young (Concurrent Start) (G1 Humongous Allocation) 897M->47M(2000M) 1.071ms
[206.710s][info][gc] GC(4814) Concurrent Undo Cycle
[206.711s][info][gc] GC(4814) Concurrent Undo Cycle 1.730ms
[206.765s][info][gc] GC(4815) Pause Young (Concurrent Start) (G1 Humongous Allocation) 897M->47M(2000M) 1.368ms
[206.765s][info][gc] GC(4816) Concurrent Undo Cycle
[206.769s][info][gc] GC(4816) Concurrent Undo Cycle 3.770ms
[206.821s][info][gc] GC(4817) Pause Young (Concurrent Start) (G1 Humongous Allocation) 897M->47M(2000M) 1.240ms
[206.821s][info][gc] GC(4818) Concurrent Undo Cycle
[206.823s][info][gc] GC(4818) Concurrent Undo Cycle 1.743ms
[206.876s][info][gc] GC(4819) Pause Young (Concurrent Start) (G1 Humongous Allocation) 897M->47M(2000M) 1.200ms
[206.876s][info][gc] GC(4820) Concurrent Undo Cycle
[206.878s][info][gc] GC(4820) Concurrent Undo Cycle 2.068ms
[206.931s][info][gc] GC(4821) Pause Young (Concurrent Start) (G1 Humongous Allocation) 897M->47M(2000M) 1.124ms
[206.931s][info][gc] GC(4822) Concurrent Undo Cycle
[206.933s][info][gc] GC(4822) Concurrent Undo Cycle 1.718ms
[206.985s][info][gc] GC(4823) Pause Young (Concurrent Start) (G1 Humongous Allocation) 897M->47M(2000M) 1.112ms
[206.985s][info][gc] GC(4824) Concurrent Undo Cycle
[206.987s][info][gc] GC(4824) Concurrent Undo Cycle 1.712ms
[207.040s][info][gc] GC(4825) Pause Young (Concurrent Start) (G1 Humongous Allocation) 897M->47M(2000M) 1.445ms
[207.040s][info][gc] GC(4826) Concurrent Undo Cycle
[207.042s][info][gc] GC(4826) Concurrent Undo Cycle 1.696ms
[207.095s][info][gc] GC(4827) Pause Young (Concurrent Start) (G1 Humongous Allocation) 897M->47M(2000M) 1.148ms
[207.095s][info][gc] GC(4828) Concurrent Undo Cycle
[207.097s][info][gc] GC(4828) Concurrent Undo Cycle 1.846ms
[207.150s][info][gc] GC(4829) Pause Young (Concurrent Start) (G1 Humongous Allocation) 897M->47M(2000M) 1.392ms
[207.150s][info][gc] GC(4830) Concurrent Undo Cycle
[207.153s][info][gc] GC(4830) Concurrent Undo Cycle 2.820ms
[207.209s][info][gc] GC(4831) Pause Young (Concurrent Start) (G1 Humongous Allocation) 897M->47M(2000M) 1.140ms
[207.209s][info][gc] GC(4832) Concurrent Undo Cycle
[207.211s][info][gc] GC(4832) Concurrent Undo Cycle 1.870ms
[207.263s][info][gc] GC(4833) Pause Young (Concurrent Start) (G1 Humongous Allocation) 897M->47M(2000M) 1.362ms
[207.263s][info][gc] GC(4834) Concurrent Undo Cycle
[207.265s][info][gc] GC(4834) Concurrent Undo Cycle 1.794ms
[207.317s][info][gc] GC(4835) Pause Young (Concurrent Start) (G1 Humongous Allocation) 897M->47M(2000M) 1.093ms
[207.317s][info][gc] GC(4836) Concurrent Undo Cycle
[207.319s][info][gc] GC(4836) Concurrent Undo Cycle 1.763ms
[207.371s][info][gc] GC(4837) Pause Young (Concurrent Start) (G1 Humongous Allocation) 897M->47M(2000M) 1.271ms
[207.371s][info][gc] GC(4838) Concurrent Undo Cycle
[207.373s][info][gc] GC(4838) Concurrent Undo Cycle 1.735ms
[207.425s][info][gc] GC(4839) Pause Young (Concurrent Start) (G1 Humongous Allocation) 897M->47M(2000M) 1.178ms
[207.425s][info][gc] GC(4840) Concurrent Undo Cycle
[207.428s][info][gc] GC(4840) Concurrent Undo Cycle 2.431ms
[207.492s][info][gc] GC(4841) Pause Young (Concurrent Start) (G1 Humongous Allocation) 897M->47M(2000M) 1.320ms
[207.492s][info][gc] GC(4842) Concurrent Undo Cycle
[207.495s][info][gc] GC(4842) Concurrent Undo Cycle 2.670ms
[207.559s][info][gc] GC(4843) Pause Young (Concurrent Start) (G1 Humongous Allocation) 897M->47M(2000M) 1.276ms
[207.559s][info][gc] GC(4844) Concurrent Undo Cycle
[207.560s][info][gc] GC(4844) Concurrent Undo Cycle 1.742ms
[207.619s][info][gc] GC(4845) Pause Young (Concurrent Start) (G1 Humongous Allocation) 897M->47M(2000M) 1.220ms
[207.619s][info][gc] GC(4846) Concurrent Undo Cycle
[207.620s][info][gc] GC(4846) Concurrent Undo Cycle 1.793ms
[207.672s][info][gc] GC(4847) Pause Young (Concurrent Start) (G1 Humongous Allocation) 897M->47M(2000M) 1.273ms
[207.672s][info][gc] GC(4848) Concurrent Undo Cycle
[207.675s][info][gc] GC(4848) Concurrent Undo Cycle 2.581ms
[207.730s][info][gc] GC(4849) Pause Young (Concurrent Start) (G1 Humongous Allocation) 897M->47M(2000M) 1.391ms
[207.730s][info][gc] GC(4850) Concurrent Undo Cycle
[207.732s][info][gc] GC(4850) Concurrent Undo Cycle 2.110ms
[207.784s][info][gc] GC(4851) Pause Young (Concurrent Start) (G1 Humongous Allocation) 897M->47M(2000M) 1.336ms
[207.784s][info][gc] GC(4852) Concurrent Undo Cycle
[207.786s][info][gc] GC(4852) Concurrent Undo Cycle 1.795ms
[207.841s][info][gc] GC(4853) Pause Young (Concurrent Start) (G1 Humongous Allocation) 897M->47M(2000M) 1.274ms
[207.841s][info][gc] GC(4854) Concurrent Undo Cycle
[207.843s][info][gc] GC(4854) Concurrent Undo Cycle 1.758ms
[207.895s][info][gc] GC(4855) Pause Young (Concurrent Start) (G1 Humongous Allocation) 897M->47M(2000M) 1.331ms
[207.895s][info][gc] GC(4856) Concurrent Undo Cycle
[207.898s][info][gc] GC(4856) Concurrent Undo Cycle 2.420ms
[207.956s][info][gc] GC(4857) Pause Young (Concurrent Start) (G1 Humongous Allocation) 897M->47M(2000M) 1.178ms
[207.956s][info][gc] GC(4858) Concurrent Undo Cycle
[207.958s][info][gc] GC(4858) Concurrent Undo Cycle 2.334ms
[208.027s][info][gc] GC(4859) Pause Young (Concurrent Start) (G1 Humongous Allocation) 897M->47M(2000M) 1.262ms
[208.027s][info][gc] GC(4860) Concurrent Undo Cycle
[208.030s][info][gc] GC(4860) Concurrent Undo Cycle 2.564ms
[208.083s][info][gc] GC(4861) Pause Young (Concurrent Start) (G1 Humongous Allocation) 897M->47M(2000M) 1.339ms
[208.083s][info][gc] GC(4862) Concurrent Undo Cycle
[208.086s][info][gc] GC(4862) Concurrent Undo Cycle 2.570ms
[208.138s][info][gc] GC(4863) Pause Young (Concurrent Start) (G1 Humongous Allocation) 897M->47M(2000M) 1.216ms
[208.138s][info][gc] GC(4864) Concurrent Undo Cycle
[208.140s][info][gc] GC(4864) Concurrent Undo Cycle 1.837ms
[208.192s][info][gc] GC(4865) Pause Young (Concurrent Start) (G1 Humongous Allocation) 897M->47M(2000M) 1.257ms
[208.192s][info][gc] GC(4866) Concurrent Undo Cycle
[208.194s][info][gc] GC(4866) Concurrent Undo Cycle 1.741ms
[208.247s][info][gc] GC(4867) Pause Young (Concurrent Start) (G1 Humongous Allocation) 897M->47M(2000M) 1.276ms
[208.247s][info][gc] GC(4868) Concurrent Undo Cycle
[208.250s][info][gc] GC(4868) Concurrent Undo Cycle 2.598ms
[208.303s][info][gc] GC(4869) Pause Young (Concurrent Start) (G1 Humongous Allocation) 897M->47M(2000M) 1.352ms
[208.303s][info][gc] GC(4870) Concurrent Undo Cycle
[208.306s][info][gc] GC(4870) Concurrent Undo Cycle 2.562ms
[208.358s][info][gc] GC(4871) Pause Young (Concurrent Start) (G1 Humongous Allocation) 897M->47M(2000M) 1.107ms
[208.358s][info][gc] GC(4872) Concurrent Undo Cycle
[208.359s][info][gc] GC(4872) Concurrent Undo Cycle 1.740ms
[208.413s][info][gc] GC(4873) Pause Young (Concurrent Start) (G1 Humongous Allocation) 898M->47M(2000M) 1.347ms
[208.413s][info][gc] GC(4874) Concurrent Undo Cycle
[208.416s][info][gc] GC(4874) Concurrent Undo Cycle 2.504ms
[208.468s][info][gc] GC(4875) Pause Young (Concurrent Start) (G1 Humongous Allocation) 898M->48M(2000M) 1.214ms
[208.468s][info][gc] GC(4876) Concurrent Undo Cycle
[208.470s][info][gc] GC(4876) Concurrent Undo Cycle 2.505ms
[208.523s][info][gc] GC(4877) Pause Young (Concurrent Start) (G1 Humongous Allocation) 898M->48M(2000M) 1.330ms
[208.523s][info][gc] GC(4878) Concurrent Undo Cycle
[208.525s][info][gc] GC(4878) Concurrent Undo Cycle 1.918ms
[208.577s][info][gc] GC(4879) Pause Young (Concurrent Start) (G1 Humongous Allocation) 898M->48M(2000M) 1.148ms
[208.577s][info][gc] GC(4880) Concurrent Undo Cycle
[208.579s][info][gc] GC(4880) Concurrent Undo Cycle 1.962ms
[208.632s][info][gc] GC(4881) Pause Young (Concurrent Start) (G1 Humongous Allocation) 898M->48M(2000M) 1.338ms
[208.632s][info][gc] GC(4882) Concurrent Undo Cycle
[208.634s][info][gc] GC(4882) Concurrent Undo Cycle 2.595ms
[208.687s][info][gc] GC(4883) Pause Young (Concurrent Start) (G1 Humongous Allocation) 898M->48M(2000M) 1.037ms
[208.687s][info][gc] GC(4884) Concurrent Undo Cycle
[208.689s][info][gc] GC(4884) Concurrent Undo Cycle 2.574ms
[208.742s][info][gc] GC(4885) Pause Young (Concurrent Start) (G1 Humongous Allocation) 898M->48M(2000M) 1.224ms
[208.742s][info][gc] GC(4886) Concurrent Undo Cycle
[208.744s][info][gc] GC(4886) Concurrent Undo Cycle 1.775ms
[208.797s][info][gc] GC(4887) Pause Young (Concurrent Start) (G1 Humongous Allocation) 898M->48M(2000M) 1.320ms
[208.797s][info][gc] GC(4888) Concurrent Undo Cycle
[208.799s][info][gc] GC(4888) Concurrent Undo Cycle 1.734ms
[208.857s][info][gc] GC(4889) Pause Young (Concurrent Start) (G1 Humongous Allocation) 898M->48M(2000M) 1.166ms
[208.857s][info][gc] GC(4890) Concurrent Undo Cycle
[208.860s][info][gc] GC(4890) Concurrent Undo Cycle 2.721ms
[208.913s][info][gc] GC(4891) Pause Young (Concurrent Start) (G1 Humongous Allocation) 898M->48M(2000M) 1.130ms
[208.913s][info][gc] GC(4892) Concurrent Undo Cycle
[208.915s][info][gc] GC(4892) Concurrent Undo Cycle 2.545ms
[208.970s][info][gc] GC(4893) Pause Young (Concurrent Start) (G1 Humongous Allocation) 898M->48M(2000M) 1.357ms
[208.970s][info][gc] GC(4894) Concurrent Undo Cycle
[208.971s][info][gc] GC(4894) Concurrent Undo Cycle 1.722ms
[209.024s][info][gc] GC(4895) Pause Young (Concurrent Start) (G1 Humongous Allocation) 898M->48M(2000M) 1.358ms
[209.025s][info][gc] GC(4896) Concurrent Undo Cycle
[209.026s][info][gc] GC(4896) Concurrent Undo Cycle 1.744ms
[209.079s][info][gc] GC(4897) Pause Young (Concurrent Start) (G1 Humongous Allocation) 898M->48M(2000M) 1.209ms
[209.079s][info][gc] GC(4898) Concurrent Undo Cycle
[209.080s][info][gc] GC(4898) Concurrent Undo Cycle 1.758ms
[209.134s][info][gc] GC(4899) Pause Young (Concurrent Start) (G1 Humongous Allocation) 898M->48M(2000M) 1.566ms
[209.134s][info][gc] GC(4900) Concurrent Undo Cycle
[209.136s][info][gc] GC(4900) Concurrent Undo Cycle 1.736ms
[209.189s][info][gc] GC(4901) Pause Young (Concurrent Start) (G1 Humongous Allocation) 898M->48M(2000M) 1.222ms
[209.189s][info][gc] GC(4902) Concurrent Undo Cycle
[209.191s][info][gc] GC(4902) Concurrent Undo Cycle 2.607ms
[209.245s][info][gc] GC(4903) Pause Young (Concurrent Start) (G1 Humongous Allocation) 898M->48M(2000M) 1.574ms
[209.245s][info][gc] GC(4904) Concurrent Undo Cycle
[209.247s][info][gc] GC(4904) Concurrent Undo Cycle 2.360ms
[209.305s][info][gc] GC(4905) Pause Young (Concurrent Start) (G1 Humongous Allocation) 898M->48M(2000M) 1.151ms
[209.305s][info][gc] GC(4906) Concurrent Undo Cycle
[209.307s][info][gc] GC(4906) Concurrent Undo Cycle 1.787ms
[209.359s][info][gc] GC(4907) Pause Young (Concurrent Start) (G1 Humongous Allocation) 898M->48M(2000M) 1.155ms
[209.359s][info][gc] GC(4908) Concurrent Undo Cycle
[209.361s][info][gc] GC(4908) Concurrent Undo Cycle 2.493ms
[209.413s][info][gc] GC(4909) Pause Young (Concurrent Start) (G1 Humongous Allocation) 898M->48M(2000M) 1.182ms
[209.413s][info][gc] GC(4910) Concurrent Undo Cycle
[209.416s][info][gc] GC(4910) Concurrent Undo Cycle 2.461ms
[209.468s][info][gc] GC(4911) Pause Young (Concurrent Start) (G1 Humongous Allocation) 898M->48M(2000M) 1.127ms
[209.468s][info][gc] GC(4912) Concurrent Undo Cycle
[209.470s][info][gc] GC(4912) Concurrent Undo Cycle 1.757ms
[209.522s][info][gc] GC(4913) Pause Young (Concurrent Start) (G1 Humongous Allocation) 898M->48M(2000M) 1.330ms
[209.522s][info][gc] GC(4914) Concurrent Undo Cycle
[209.525s][info][gc] GC(4914) Concurrent Undo Cycle 2.544ms
[209.577s][info][gc] GC(4915) Pause Young (Concurrent Start) (G1 Humongous Allocation) 898M->48M(2000M) 1.245ms
[209.577s][info][gc] GC(4916) Concurrent Undo Cycle
[209.579s][info][gc] GC(4916) Concurrent Undo Cycle 2.452ms
[209.633s][info][gc] GC(4917) Pause Young (Concurrent Start) (G1 Humongous Allocation) 898M->48M(2000M) 1.189ms
[209.633s][info][gc] GC(4918) Concurrent Undo Cycle
[209.635s][info][gc] GC(4918) Concurrent Undo Cycle 1.744ms
[209.688s][info][gc] GC(4919) Pause Young (Concurrent Start) (G1 Humongous Allocation) 898M->48M(2000M) 1.277ms
[209.688s][info][gc] GC(4920) Concurrent Undo Cycle
[209.691s][info][gc] GC(4920) Concurrent Undo Cycle 2.415ms
[209.746s][info][gc] GC(4921) Pause Young (Concurrent Start) (G1 Humongous Allocation) 898M->48M(2000M) 1.238ms
[209.746s][info][gc] GC(4922) Concurrent Undo Cycle
[209.748s][info][gc] GC(4922) Concurrent Undo Cycle 2.403ms
[209.801s][info][gc] GC(4923) Pause Young (Concurrent Start) (G1 Humongous Allocation) 898M->48M(2000M) 1.257ms
[209.801s][info][gc] GC(4924) Concurrent Undo Cycle
[209.803s][info][gc] GC(4924) Concurrent Undo Cycle 1.763ms
[209.856s][info][gc] GC(4925) Pause Young (Concurrent Start) (G1 Humongous Allocation) 898M->48M(2000M) 1.424ms
[209.856s][info][gc] GC(4926) Concurrent Undo Cycle
[209.857s][info][gc] GC(4926) Concurrent Undo Cycle 1.716ms
[209.913s][info][gc] GC(4927) Pause Young (Concurrent Start) (G1 Humongous Allocation) 898M->48M(2000M) 1.400ms
[209.913s][info][gc] GC(4928) Concurrent Undo Cycle
[209.915s][info][gc] GC(4928) Concurrent Undo Cycle 2.022ms
[209.967s][info][gc] GC(4929) Pause Young (Concurrent Start) (G1 Humongous Allocation) 898M->48M(2000M) 1.424ms
[209.967s][info][gc] GC(4930) Concurrent Undo Cycle
[209.972s][info][gc] GC(4930) Concurrent Undo Cycle 4.245ms
[210.024s][info][gc] GC(4931) Pause Young (Concurrent Start) (G1 Humongous Allocation) 898M->48M(2000M) 1.200ms
[210.024s][info][gc] GC(4932) Concurrent Undo Cycle
[210.026s][info][gc] GC(4932) Concurrent Undo Cycle 2.068ms
[210.080s][info][gc] GC(4933) Pause Young (Concurrent Start) (G1 Humongous Allocation) 898M->48M(2000M) 1.198ms
[210.080s][info][gc] GC(4934) Concurrent Undo Cycle
[210.082s][info][gc] GC(4934) Concurrent Undo Cycle 1.741ms
[210.136s][info][gc] GC(4935) Pause Young (Concurrent Start) (G1 Humongous Allocation) 898M->48M(2000M) 1.351ms
[210.136s][info][gc] GC(4936) Concurrent Undo Cycle
[210.139s][info][gc] GC(4936) Concurrent Undo Cycle 2.872ms
[210.191s][info][gc] GC(4937) Pause Young (Concurrent Start) (G1 Humongous Allocation) 898M->48M(2000M) 1.030ms
[210.191s][info][gc] GC(4938) Concurrent Undo Cycle
[210.193s][info][gc] GC(4938) Concurrent Undo Cycle 1.740ms
[210.246s][info][gc] GC(4939) Pause Young (Concurrent Start) (G1 Humongous Allocation) 898M->48M(2000M) 1.270ms
[210.247s][info][gc] GC(4940) Concurrent Undo Cycle
[210.250s][info][gc] GC(4940) Concurrent Undo Cycle 3.954ms
[210.303s][info][gc] GC(4941) Pause Young (Concurrent Start) (G1 Humongous Allocation) 898M->48M(2000M) 1.180ms
[210.303s][info][gc] GC(4942) Concurrent Undo Cycle
[210.305s][info][gc] GC(4942) Concurrent Undo Cycle 2.592ms
[210.358s][info][gc] GC(4943) Pause Young (Concurrent Start) (G1 Humongous Allocation) 898M->48M(2000M) 1.234ms
[210.358s][info][gc] GC(4944) Concurrent Undo Cycle
[210.360s][info][gc] GC(4944) Concurrent Undo Cycle 2.548ms
[210.413s][info][gc] GC(4945) Pause Young (Concurrent Start) (G1 Humongous Allocation) 898M->48M(2000M) 1.077ms
[210.413s][info][gc] GC(4946) Concurrent Undo Cycle
[210.416s][info][gc] GC(4946) Concurrent Undo Cycle 2.561ms
[210.468s][info][gc] GC(4947) Pause Young (Concurrent Start) (G1 Humongous Allocation) 898M->48M(2000M) 1.239ms
[210.468s][info][gc] GC(4948) Concurrent Undo Cycle
[210.470s][info][gc] GC(4948) Concurrent Undo Cycle 1.745ms
[210.523s][info][gc] GC(4949) Pause Young (Concurrent Start) (G1 Humongous Allocation) 898M->48M(2000M) 1.122ms
[210.523s][info][gc] GC(4950) Concurrent Undo Cycle
[210.525s][info][gc] GC(4950) Concurrent Undo Cycle 1.966ms
[210.578s][info][gc] GC(4951) Pause Young (Concurrent Start) (G1 Humongous Allocation) 898M->48M(2000M) 1.268ms
[210.578s][info][gc] GC(4952) Concurrent Undo Cycle
[210.580s][info][gc] GC(4952) Concurrent Undo Cycle 2.494ms
[210.633s][info][gc] GC(4953) Pause Young (Concurrent Start) (G1 Humongous Allocation) 898M->48M(2000M) 1.448ms
[210.633s][info][gc] GC(4954) Concurrent Undo Cycle
[210.634s][info][gc] GC(4954) Concurrent Undo Cycle 1.763ms
[210.687s][info][gc] GC(4955) Pause Young (Concurrent Start) (G1 Humongous Allocation) 898M->48M(2000M) 1.346ms
[210.687s][info][gc] GC(4956) Concurrent Undo Cycle
[210.690s][info][gc] GC(4956) Concurrent Undo Cycle 2.505ms
[210.742s][info][gc] GC(4957) Pause Young (Concurrent Start) (G1 Humongous Allocation) 898M->48M(2000M) 1.355ms
[210.742s][info][gc] GC(4958) Concurrent Undo Cycle
[210.746s][info][gc] GC(4958) Concurrent Undo Cycle 4.145ms
[210.799s][info][gc] GC(4959) Pause Young (Concurrent Start) (G1 Humongous Allocation) 898M->48M(2000M) 1.196ms
[210.799s][info][gc] GC(4960) Concurrent Undo Cycle
[210.800s][info][gc] GC(4960) Concurrent Undo Cycle 1.753ms
[210.853s][info][gc] GC(4961) Pause Young (Concurrent Start) (G1 Humongous Allocation) 898M->48M(2000M) 1.319ms
[210.853s][info][gc] GC(4962) Concurrent Undo Cycle
[210.857s][info][gc] GC(4962) Concurrent Undo Cycle 4.002ms
[210.910s][info][gc] GC(4963) Pause Young (Concurrent Start) (G1 Humongous Allocation) 898M->48M(2000M) 1.324ms
[210.910s][info][gc] GC(4964) Concurrent Undo Cycle
[210.913s][info][gc] GC(4964) Concurrent Undo Cycle 2.567ms
[210.966s][info][gc] GC(4965) Pause Young (Concurrent Start) (G1 Humongous Allocation) 898M->48M(2000M) 1.351ms
[210.966s][info][gc] GC(4966) Concurrent Undo Cycle
[210.967s][info][gc] GC(4966) Concurrent Undo Cycle 1.897ms
[211.024s][info][gc] GC(4967) Pause Young (Concurrent Start) (G1 Humongous Allocation) 898M->48M(2000M) 1.138ms
[211.024s][info][gc] GC(4968) Concurrent Undo Cycle
[211.026s][info][gc] GC(4968) Concurrent Undo Cycle 1.765ms
[211.079s][info][gc] GC(4969) Pause Young (Concurrent Start) (G1 Humongous Allocation) 898M->48M(2000M) 1.364ms
[211.079s][info][gc] GC(4970) Concurrent Undo Cycle
[211.082s][info][gc] GC(4970) Concurrent Undo Cycle 2.526ms
[211.136s][info][gc] GC(4971) Pause Young (Concurrent Start) (G1 Humongous Allocation) 898M->48M(2000M) 1.114ms
[211.136s][info][gc] GC(4972) Concurrent Undo Cycle
[211.138s][info][gc] GC(4972) Concurrent Undo Cycle 2.457ms
[211.195s][info][gc] GC(4973) Pause Young (Concurrent Start) (G1 Humongous Allocation) 898M->48M(2000M) 1.441ms
[211.195s][info][gc] GC(4974) Concurrent Undo Cycle
[211.197s][info][gc] GC(4974) Concurrent Undo Cycle 1.737ms
[211.256s][info][gc] GC(4975) Pause Young (Concurrent Start) (G1 Humongous Allocation) 898M->48M(2000M) 1.141ms
[211.256s][info][gc] GC(4976) Concurrent Undo Cycle
[211.259s][info][gc] GC(4976) Concurrent Undo Cycle 2.521ms
[211.311s][info][gc] GC(4977) Pause Young (Concurrent Start) (G1 Humongous Allocation) 898M->48M(2000M) 1.367ms
[211.312s][info][gc] GC(4978) Concurrent Undo Cycle
[211.314s][info][gc] GC(4978) Concurrent Undo Cycle 2.551ms
[211.367s][info][gc] GC(4979) Pause Young (Concurrent Start) (G1 Humongous Allocation) 898M->48M(2000M) 1.466ms
[211.367s][info][gc] GC(4980) Concurrent Undo Cycle
[211.369s][info][gc] GC(4980) Concurrent Undo Cycle 2.514ms
[211.422s][info][gc] GC(4981) Pause Young (Concurrent Start) (G1 Humongous Allocation) 898M->48M(2000M) 1.324ms
[211.422s][info][gc] GC(4982) Concurrent Undo Cycle
[211.424s][info][gc] GC(4982) Concurrent Undo Cycle 2.522ms
[211.477s][info][gc] GC(4983) Pause Young (Concurrent Start) (G1 Humongous Allocation) 898M->48M(2000M) 1.334ms
[211.477s][info][gc] GC(4984) Concurrent Undo Cycle
[211.479s][info][gc] GC(4984) Concurrent Undo Cycle 1.831ms
[211.533s][info][gc] GC(4985) Pause Young (Concurrent Start) (G1 Humongous Allocation) 898M->48M(2000M) 1.572ms
[211.533s][info][gc] GC(4986) Concurrent Undo Cycle
[211.537s][info][gc] GC(4986) Concurrent Undo Cycle 3.808ms
[211.590s][info][gc] GC(4987) Pause Young (Concurrent Start) (G1 Humongous Allocation) 898M->48M(2000M) 1.099ms
[211.590s][info][gc] GC(4988) Concurrent Undo Cycle
[211.592s][info][gc] GC(4988) Concurrent Undo Cycle 1.924ms
[211.644s][info][gc] GC(4989) Pause Young (Concurrent Start) (G1 Humongous Allocation) 898M->48M(2000M) 1.238ms
[211.645s][info][gc] GC(4990) Concurrent Undo Cycle
[211.647s][info][gc] GC(4990) Concurrent Undo Cycle 2.536ms
[211.700s][info][gc] GC(4991) Pause Young (Concurrent Start) (G1 Humongous Allocation) 898M->48M(2000M) 1.086ms
[211.700s][info][gc] GC(4992) Concurrent Undo Cycle
[211.702s][info][gc] GC(4992) Concurrent Undo Cycle 1.784ms
[211.755s][info][gc] GC(4993) Pause Young (Concurrent Start) (G1 Humongous Allocation) 898M->48M(2000M) 1.130ms
[211.755s][info][gc] GC(4994) Concurrent Undo Cycle
[211.757s][info][gc] GC(4994) Concurrent Undo Cycle 1.757ms
[211.809s][info][gc] GC(4995) Pause Young (Concurrent Start) (G1 Humongous Allocation) 898M->48M(2000M) 1.145ms
[211.809s][info][gc] GC(4996) Concurrent Undo Cycle
[211.812s][info][gc] GC(4996) Concurrent Undo Cycle 2.608ms
[211.865s][info][gc] GC(4997) Pause Young (Concurrent Start) (G1 Humongous Allocation) 898M->48M(2000M) 1.367ms
[211.865s][info][gc] GC(4998) Concurrent Undo Cycle
[211.867s][info][gc] GC(4998) Concurrent Undo Cycle 1.725ms
[211.921s][info][gc] GC(4999) Pause Young (Concurrent Start) (G1 Humongous Allocation) 898M->48M(2000M) 1.328ms
[211.921s][info][gc] GC(5000) Concurrent Undo Cycle
[211.923s][info][gc] GC(5000) Concurrent Undo Cycle 2.555ms
[211.977s][info][gc] GC(5001) Pause Young (Concurrent Start) (G1 Humongous Allocation) 898M->48M(2000M) 1.189ms
[211.977s][info][gc] GC(5002) Concurrent Undo Cycle
[211.979s][info][gc] GC(5002) Concurrent Undo Cycle 1.712ms
[212.032s][info][gc] GC(5003) Pause Young (Concurrent Start) (G1 Humongous Allocation) 898M->48M(2000M) 1.213ms
[212.032s][info][gc] GC(5004) Concurrent Undo Cycle
[212.034s][info][gc] GC(5004) Concurrent Undo Cycle 2.481ms
[212.087s][info][gc] GC(5005) Pause Young (Concurrent Start) (G1 Humongous Allocation) 898M->48M(2000M) 1.522ms
[212.088s][info][gc] GC(5006) Concurrent Undo Cycle
[212.091s][info][gc] GC(5006) Concurrent Undo Cycle 3.688ms
[212.145s][info][gc] GC(5007) Pause Young (Concurrent Start) (G1 Humongous Allocation) 898M->48M(2000M) 1.373ms
[212.145s][info][gc] GC(5008) Concurrent Undo Cycle
[212.147s][info][gc] GC(5008) Concurrent Undo Cycle 2.592ms
[212.206s][info][gc] GC(5009) Pause Young (Concurrent Start) (G1 Humongous Allocation) 898M->48M(2000M) 1.227ms
[212.206s][info][gc] GC(5010) Concurrent Undo Cycle
[212.208s][info][gc] GC(5010) Concurrent Undo Cycle 1.720ms
[212.266s][info][gc] GC(5011) Pause Young (Concurrent Start) (G1 Humongous Allocation) 898M->48M(2000M) 1.244ms
[212.266s][info][gc] GC(5012) Concurrent Undo Cycle
[212.268s][info][gc] GC(5012) Concurrent Undo Cycle 1.796ms
[212.321s][info][gc] GC(5013) Pause Young (Concurrent Start) (G1 Humongous Allocation) 899M->48M(2000M) 1.219ms
[212.321s][info][gc] GC(5014) Concurrent Undo Cycle
[212.323s][info][gc] GC(5014) Concurrent Undo Cycle 1.725ms
[212.376s][info][gc] GC(5015) Pause Young (Concurrent Start) (G1 Humongous Allocation) 899M->48M(2000M) 1.239ms
[212.376s][info][gc] GC(5016) Concurrent Undo Cycle
[212.378s][info][gc] GC(5016) Concurrent Undo Cycle 2.618ms
[212.437s][info][gc] GC(5017) Pause Young (Concurrent Start) (G1 Humongous Allocation) 899M->49M(2000M) 1.405ms
[212.437s][info][gc] GC(5018) Concurrent Undo Cycle
[212.440s][info][gc] GC(5018) Concurrent Undo Cycle 2.612ms
[212.520s][info][gc] GC(5019) Pause Young (Concurrent Start) (G1 Humongous Allocation) 899M->49M(2000M) 1.467ms
[212.521s][info][gc] GC(5020) Concurrent Undo Cycle
[212.523s][info][gc] GC(5020) Concurrent Undo Cycle 2.276ms
[212.590s][info][gc] GC(5021) Pause Young (Concurrent Start) (G1 Humongous Allocation) 899M->49M(2000M) 1.488ms
[212.590s][info][gc] GC(5022) Concurrent Undo Cycle
[212.592s][info][gc] GC(5022) Concurrent Undo Cycle 1.821ms
[212.654s][info][gc] GC(5023) Pause Young (Concurrent Start) (G1 Humongous Allocation) 899M->49M(2000M) 1.237ms
[212.654s][info][gc] GC(5024) Concurrent Undo Cycle
[212.656s][info][gc] GC(5024) Concurrent Undo Cycle 1.858ms
[212.717s][info][gc] GC(5025) Pause Young (Concurrent Start) (G1 Humongous Allocation) 899M->49M(2000M) 1.232ms
[212.717s][info][gc] GC(5026) Concurrent Undo Cycle
[212.719s][info][gc] GC(5026) Concurrent Undo Cycle 2.191ms
[212.787s][info][gc] GC(5027) Pause Young (Concurrent Start) (G1 Humongous Allocation) 899M->49M(2000M) 1.692ms
[212.787s][info][gc] GC(5028) Concurrent Undo Cycle
[212.790s][info][gc] GC(5028) Concurrent Undo Cycle 2.888ms
[212.853s][info][gc] GC(5029) Pause Young (Concurrent Start) (G1 Humongous Allocation) 899M->49M(2000M) 1.619ms
[212.853s][info][gc] GC(5030) Concurrent Undo Cycle
[212.855s][info][gc] GC(5030) Concurrent Undo Cycle 1.868ms
[212.919s][info][gc] GC(5031) Pause Young (Concurrent Start) (G1 Humongous Allocation) 899M->49M(2000M) 1.208ms
[212.919s][info][gc] GC(5032) Concurrent Undo Cycle
[212.921s][info][gc] GC(5032) Concurrent Undo Cycle 2.281ms
[212.992s][info][gc] GC(5033) Pause Young (Concurrent Start) (G1 Humongous Allocation) 899M->49M(2000M) 2.166ms
[212.992s][info][gc] GC(5034) Concurrent Undo Cycle
[212.994s][info][gc] GC(5034) Concurrent Undo Cycle 2.364ms
[213.063s][info][gc] GC(5035) Pause Young (Concurrent Start) (G1 Humongous Allocation) 899M->49M(2000M) 1.102ms
[213.064s][info][gc] GC(5036) Concurrent Undo Cycle
[213.066s][info][gc] GC(5036) Concurrent Undo Cycle 2.133ms
[213.139s][info][gc] GC(5037) Pause Young (Concurrent Start) (G1 Humongous Allocation) 899M->49M(2000M) 1.612ms
[213.140s][info][gc] GC(5038) Concurrent Undo Cycle
[213.142s][info][gc] GC(5038) Concurrent Undo Cycle 2.308ms
[213.210s][info][gc] GC(5039) Pause Young (Concurrent Start) (G1 Humongous Allocation) 899M->49M(2000M) 1.765ms
[213.210s][info][gc] GC(5040) Concurrent Undo Cycle
[213.212s][info][gc] GC(5040) Concurrent Undo Cycle 2.116ms
[213.274s][info][gc] GC(5041) Pause Young (Concurrent Start) (G1 Humongous Allocation) 899M->49M(2000M) 1.783ms
[213.274s][info][gc] GC(5042) Concurrent Undo Cycle
[213.277s][info][gc] GC(5042) Concurrent Undo Cycle 2.826ms
[213.343s][info][gc] GC(5043) Pause Young (Concurrent Start) (G1 Humongous Allocation) 899M->49M(2000M) 1.490ms
[213.343s][info][gc] GC(5044) Concurrent Undo Cycle
[213.351s][info][gc] GC(5044) Concurrent Undo Cycle 7.129ms
[213.415s][info][gc] GC(5045) Pause Young (Concurrent Start) (G1 Humongous Allocation) 899M->49M(2000M) 1.649ms
[213.415s][info][gc] GC(5046) Concurrent Undo Cycle
[213.417s][info][gc] GC(5046) Concurrent Undo Cycle 2.187ms
[213.489s][info][gc] GC(5047) Pause Young (Concurrent Start) (G1 Humongous Allocation) 899M->49M(2000M) 1.427ms
[213.489s][info][gc] GC(5048) Concurrent Undo Cycle
[213.492s][info][gc] GC(5048) Concurrent Undo Cycle 2.658ms
[213.561s][info][gc] GC(5049) Pause Young (Concurrent Start) (G1 Humongous Allocation) 899M->49M(2000M) 2.414ms
[213.561s][info][gc] GC(5050) Concurrent Undo Cycle
[213.563s][info][gc] GC(5050) Concurrent Undo Cycle 2.143ms
[213.628s][info][gc] GC(5051) Pause Young (Concurrent Start) (G1 Humongous Allocation) 899M->49M(2000M) 1.603ms
[213.628s][info][gc] GC(5052) Concurrent Undo Cycle
[213.630s][info][gc] GC(5052) Concurrent Undo Cycle 1.771ms
[213.694s][info][gc] GC(5053) Pause Young (Concurrent Start) (G1 Humongous Allocation) 899M->49M(2000M) 1.209ms
[213.694s][info][gc] GC(5054) Concurrent Undo Cycle
[213.696s][info][gc] GC(5054) Concurrent Undo Cycle 2.548ms
[213.752s][info][gc] GC(5055) Pause Young (Concurrent Start) (G1 Humongous Allocation) 899M->49M(2000M) 1.464ms
[213.752s][info][gc] GC(5056) Concurrent Undo Cycle
[213.753s][info][gc] GC(5056) Concurrent Undo Cycle 1.646ms
[213.815s][info][gc] GC(5057) Pause Young (Concurrent Start) (G1 Humongous Allocation) 899M->49M(2000M) 1.243ms
[213.815s][info][gc] GC(5058) Concurrent Undo Cycle
[213.817s][info][gc] GC(5058) Concurrent Undo Cycle 1.793ms
[213.878s][info][gc] GC(5059) Pause Young (Concurrent Start) (G1 Humongous Allocation) 899M->49M(2000M) 2.123ms
[213.878s][info][gc] GC(5060) Concurrent Undo Cycle
[213.880s][info][gc] GC(5060) Concurrent Undo Cycle 2.252ms
[213.950s][info][gc] GC(5061) Pause Young (Concurrent Start) (G1 Humongous Allocation) 899M->49M(2000M) 0.847ms
[213.950s][info][gc] GC(5062) Concurrent Undo Cycle
[213.952s][info][gc] GC(5062) Concurrent Undo Cycle 1.866ms
[214.014s][info][gc] GC(5063) Pause Young (Concurrent Start) (G1 Humongous Allocation) 899M->49M(2000M) 1.184ms
[214.014s][info][gc] GC(5064) Concurrent Undo Cycle
[214.016s][info][gc] GC(5064) Concurrent Undo Cycle 1.885ms
[214.083s][info][gc] GC(5065) Pause Young (Concurrent Start) (G1 Humongous Allocation) 899M->49M(2000M) 1.284ms
[214.083s][info][gc] GC(5066) Concurrent Undo Cycle
[214.085s][info][gc] GC(5066) Concurrent Undo Cycle 1.978ms
[214.145s][info][gc] GC(5067) Pause Young (Concurrent Start) (G1 Humongous Allocation) 899M->49M(2000M) 1.235ms
[214.145s][info][gc] GC(5068) Concurrent Undo Cycle
[214.147s][info][gc] GC(5068) Concurrent Undo Cycle 2.607ms
[214.202s][info][gc] GC(5069) Pause Young (Concurrent Start) (G1 Humongous Allocation) 899M->49M(2000M) 1.113ms
[214.202s][info][gc] GC(5070) Concurrent Undo Cycle
[214.204s][info][gc] GC(5070) Concurrent Undo Cycle 2.118ms
[214.259s][info][gc] GC(5071) Pause Young (Concurrent Start) (G1 Humongous Allocation) 899M->49M(2000M) 1.480ms
[214.259s][info][gc] GC(5072) Concurrent Undo Cycle
[214.262s][info][gc] GC(5072) Concurrent Undo Cycle 2.470ms
[214.315s][info][gc] GC(5073) Pause Young (Concurrent Start) (G1 Humongous Allocation) 899M->49M(2000M) 1.322ms
[214.315s][info][gc] GC(5074) Concurrent Undo Cycle
[214.317s][info][gc] GC(5074) Concurrent Undo Cycle 2.102ms
[214.370s][info][gc] GC(5075) Pause Young (Concurrent Start) (G1 Humongous Allocation) 899M->49M(2000M) 1.402ms
[214.370s][info][gc] GC(5076) Concurrent Undo Cycle
[214.372s][info][gc] GC(5076) Concurrent Undo Cycle 1.767ms
[214.425s][info][gc] GC(5077) Pause Young (Concurrent Start) (G1 Humongous Allocation) 899M->49M(2000M) 1.284ms
[214.425s][info][gc] GC(5078) Concurrent Undo Cycle
[214.428s][info][gc] GC(5078) Concurrent Undo Cycle 2.554ms
[214.487s][info][gc] GC(5079) Pause Young (Concurrent Start) (G1 Humongous Allocation) 899M->49M(2000M) 1.207ms
[214.487s][info][gc] GC(5080) Concurrent Undo Cycle
[214.489s][info][gc] GC(5080) Concurrent Undo Cycle 2.535ms
[214.543s][info][gc] GC(5081) Pause Young (Concurrent Start) (G1 Humongous Allocation) 899M->49M(2000M) 1.129ms
[214.543s][info][gc] GC(5082) Concurrent Undo Cycle
[214.545s][info][gc] GC(5082) Concurrent Undo Cycle 2.521ms
[214.598s][info][gc] GC(5083) Pause Young (Concurrent Start) (G1 Humongous Allocation) 899M->49M(2000M) 1.207ms
[214.598s][info][gc] GC(5084) Concurrent Undo Cycle
[214.600s][info][gc] GC(5084) Concurrent Undo Cycle 1.742ms
[214.657s][info][gc] GC(5085) Pause Young (Concurrent Start) (G1 Humongous Allocation) 899M->49M(2000M) 1.194ms
[214.657s][info][gc] GC(5086) Concurrent Undo Cycle
[214.658s][info][gc] GC(5086) Concurrent Undo Cycle 1.788ms
[214.711s][info][gc] GC(5087) Pause Young (Concurrent Start) (G1 Humongous Allocation) 899M->49M(2000M) 1.177ms
[214.711s][info][gc] GC(5088) Concurrent Undo Cycle
[214.713s][info][gc] GC(5088) Concurrent Undo Cycle 1.795ms
[214.767s][info][gc] GC(5089) Pause Young (Concurrent Start) (G1 Humongous Allocation) 899M->49M(2000M) 1.475ms
[214.767s][info][gc] GC(5090) Concurrent Undo Cycle
[214.771s][info][gc] GC(5090) Concurrent Undo Cycle 3.441ms
[214.824s][info][gc] GC(5091) Pause Young (Concurrent Start) (G1 Humongous Allocation) 899M->49M(2000M) 1.228ms
[214.824s][info][gc] GC(5092) Concurrent Undo Cycle
[214.827s][info][gc] GC(5092) Concurrent Undo Cycle 2.630ms
[214.880s][info][gc] GC(5093) Pause Young (Concurrent Start) (G1 Humongous Allocation) 899M->49M(2000M) 1.105ms
[214.880s][info][gc] GC(5094) Concurrent Undo Cycle
[214.882s][info][gc] GC(5094) Concurrent Undo Cycle 1.741ms
[214.935s][info][gc] GC(5095) Pause Young (Concurrent Start) (G1 Humongous Allocation) 899M->49M(2000M) 1.180ms
[214.936s][info][gc] GC(5096) Concurrent Undo Cycle
[214.937s][info][gc] GC(5096) Concurrent Undo Cycle 1.747ms
[214.992s][info][gc] GC(5097) Pause Young (Concurrent Start) (G1 Humongous Allocation) 899M->49M(2000M) 1.287ms
[214.992s][info][gc] GC(5098) Concurrent Undo Cycle
[214.994s][info][gc] GC(5098) Concurrent Undo Cycle 2.514ms
[215.047s][info][gc] GC(5099) Pause Young (Concurrent Start) (G1 Humongous Allocation) 899M->49M(2000M) 1.180ms
[215.047s][info][gc] GC(5100) Concurrent Undo Cycle
[215.049s][info][gc] GC(5100) Concurrent Undo Cycle 1.748ms
[215.104s][info][gc] GC(5101) Pause Young (Concurrent Start) (G1 Humongous Allocation) 899M->49M(2000M) 1.261ms
[215.104s][info][gc] GC(5102) Concurrent Undo Cycle
[215.107s][info][gc] GC(5102) Concurrent Undo Cycle 2.610ms
[215.162s][info][gc] GC(5103) Pause Young (Concurrent Start) (G1 Humongous Allocation) 899M->49M(2000M) 1.309ms
[215.162s][info][gc] GC(5104) Concurrent Undo Cycle
[215.164s][info][gc] GC(5104) Concurrent Undo Cycle 2.045ms
[215.219s][info][gc] GC(5105) Pause Young (Concurrent Start) (G1 Humongous Allocation) 899M->49M(2000M) 1.125ms
[215.220s][info][gc] GC(5106) Concurrent Undo Cycle
[215.221s][info][gc] GC(5106) Concurrent Undo Cycle 1.780ms
[215.275s][info][gc] GC(5107) Pause Young (Concurrent Start) (G1 Humongous Allocation) 899M->49M(2000M) 1.293ms
[215.275s][info][gc] GC(5108) Concurrent Undo Cycle
[215.277s][info][gc] GC(5108) Concurrent Undo Cycle 2.101ms
[215.331s][info][gc] GC(5109) Pause Young (Concurrent Start) (G1 Humongous Allocation) 899M->49M(2000M) 1.143ms
[215.331s][info][gc] GC(5110) Concurrent Undo Cycle
[215.334s][info][gc] GC(5110) Concurrent Undo Cycle 2.552ms
[215.387s][info][gc] GC(5111) Pause Young (Concurrent Start) (G1 Humongous Allocation) 899M->49M(2000M) 1.350ms
[215.387s][info][gc] GC(5112) Concurrent Undo Cycle
[215.389s][info][gc] GC(5112) Concurrent Undo Cycle 1.774ms
[215.442s][info][gc] GC(5113) Pause Young (Concurrent Start) (G1 Humongous Allocation) 899M->49M(2000M) 1.232ms
[215.442s][info][gc] GC(5114) Concurrent Undo Cycle
[215.444s][info][gc] GC(5114) Concurrent Undo Cycle 1.928ms
[215.498s][info][gc] GC(5115) Pause Young (Concurrent Start) (G1 Humongous Allocation) 899M->49M(2000M) 1.217ms
[215.498s][info][gc] GC(5116) Concurrent Undo Cycle
[215.500s][info][gc] GC(5116) Concurrent Undo Cycle 2.609ms
[215.553s][info][gc] GC(5117) Pause Young (Concurrent Start) (G1 Humongous Allocation) 899M->49M(2000M) 1.166ms
[215.553s][info][gc] GC(5118) Concurrent Undo Cycle
[215.556s][info][gc] GC(5118) Concurrent Undo Cycle 2.555ms
[215.609s][info][gc] GC(5119) Pause Young (Concurrent Start) (G1 Humongous Allocation) 899M->49M(2000M) 1.176ms
[215.609s][info][gc] GC(5120) Concurrent Undo Cycle
[215.611s][info][gc] GC(5120) Concurrent Undo Cycle 1.839ms
[215.664s][info][gc] GC(5121) Pause Young (Concurrent Start) (G1 Humongous Allocation) 899M->49M(2000M) 1.208ms
[215.664s][info][gc] GC(5122) Concurrent Undo Cycle
[215.667s][info][gc] GC(5122) Concurrent Undo Cycle 2.559ms
[215.720s][info][gc] GC(5123) Pause Young (Concurrent Start) (G1 Humongous Allocation) 899M->49M(2000M) 1.219ms
[215.720s][info][gc] GC(5124) Concurrent Undo Cycle
[215.723s][info][gc] GC(5124) Concurrent Undo Cycle 2.657ms
[215.776s][info][gc] GC(5125) Pause Young (Concurrent Start) (G1 Humongous Allocation) 899M->49M(2000M) 1.084ms
[215.776s][info][gc] GC(5126) Concurrent Undo Cycle
[215.778s][info][gc] GC(5126) Concurrent Undo Cycle 1.994ms
[215.832s][info][gc] GC(5127) Pause Young (Concurrent Start) (G1 Humongous Allocation) 899M->49M(2000M) 1.192ms
[215.832s][info][gc] GC(5128) Concurrent Undo Cycle
[215.834s][info][gc] GC(5128) Concurrent Undo Cycle 2.593ms
[215.887s][info][gc] GC(5129) Pause Young (Concurrent Start) (G1 Humongous Allocation) 899M->49M(2000M) 1.204ms
[215.887s][info][gc] GC(5130) Concurrent Undo Cycle
[215.889s][info][gc] GC(5130) Concurrent Undo Cycle 1.773ms
[215.948s][info][gc] GC(5131) Pause Young (Concurrent Start) (G1 Humongous Allocation) 899M->49M(2000M) 1.909ms
[215.948s][info][gc] GC(5132) Concurrent Undo Cycle
[215.950s][info][gc] GC(5132) Concurrent Undo Cycle 2.543ms
[216.005s][info][gc] GC(5133) Pause Young (Concurrent Start) (G1 Humongous Allocation) 899M->49M(2000M) 1.142ms
[216.005s][info][gc] GC(5134) Concurrent Undo Cycle
[216.007s][info][gc] GC(5134) Concurrent Undo Cycle 2.008ms
[216.061s][info][gc] GC(5135) Pause Young (Concurrent Start) (G1 Humongous Allocation) 899M->49M(2000M) 1.221ms
[216.061s][info][gc] GC(5136) Concurrent Undo Cycle
[216.062s][info][gc] GC(5136) Concurrent Undo Cycle 1.742ms
[216.116s][info][gc] GC(5137) Pause Young (Concurrent Start) (G1 Humongous Allocation) 899M->49M(2000M) 1.205ms
[216.116s][info][gc] GC(5138) Concurrent Undo Cycle
[216.118s][info][gc] GC(5138) Concurrent Undo Cycle 1.725ms
[216.172s][info][gc] GC(5139) Pause Young (Concurrent Start) (G1 Humongous Allocation) 899M->49M(2000M) 1.264ms
[216.172s][info][gc] GC(5140) Concurrent Undo Cycle
[216.174s][info][gc] GC(5140) Concurrent Undo Cycle 2.569ms
[216.236s][info][gc] GC(5141) Pause Young (Concurrent Start) (G1 Humongous Allocation) 899M->49M(2000M) 1.384ms
[216.236s][info][gc] GC(5142) Concurrent Undo Cycle
[216.238s][info][gc] GC(5142) Concurrent Undo Cycle 2.055ms
[216.296s][info][gc] GC(5143) Pause Young (Concurrent Start) (G1 Humongous Allocation) 899M->49M(2000M) 1.700ms
[216.296s][info][gc] GC(5144) Concurrent Undo Cycle
[216.299s][info][gc] GC(5144) Concurrent Undo Cycle 2.934ms
[216.355s][info][gc] GC(5145) Pause Young (Concurrent Start) (G1 Humongous Allocation) 899M->49M(2000M) 1.456ms
[216.355s][info][gc] GC(5146) Concurrent Undo Cycle
[216.357s][info][gc] GC(5146) Concurrent Undo Cycle 1.790ms
[216.410s][info][gc] GC(5147) Pause Young (Concurrent Start) (G1 Humongous Allocation) 899M->49M(2000M) 1.255ms
[216.410s][info][gc] GC(5148) Concurrent Undo Cycle
[216.412s][info][gc] GC(5148) Concurrent Undo Cycle 1.741ms
[216.465s][info][gc] GC(5149) Pause Young (Concurrent Start) (G1 Humongous Allocation) 899M->49M(2000M) 1.112ms
[216.465s][info][gc] GC(5150) Concurrent Undo Cycle
[216.467s][info][gc] GC(5150) Concurrent Undo Cycle 1.738ms
[216.520s][info][gc] GC(5151) Pause Young (Concurrent Start) (G1 Humongous Allocation) 899M->49M(2000M) 1.220ms
[216.520s][info][gc] GC(5152) Concurrent Undo Cycle
[216.522s][info][gc] GC(5152) Concurrent Undo Cycle 1.763ms
[216.583s][info][gc] GC(5153) Pause Young (Concurrent Start) (G1 Humongous Allocation) 899M->49M(2000M) 1.342ms
[216.583s][info][gc] GC(5154) Concurrent Undo Cycle
[216.587s][info][gc] GC(5154) Concurrent Undo Cycle 4.647ms
[216.641s][info][gc] GC(5155) Pause Young (Concurrent Start) (G1 Humongous Allocation) 900M->49M(2000M) 1.250ms
[216.641s][info][gc] GC(5156) Concurrent Undo Cycle
[216.644s][info][gc] GC(5156) Concurrent Undo Cycle 2.657ms
[216.697s][info][gc] GC(5157) Pause Young (Concurrent Start) (G1 Humongous Allocation) 900M->50M(2000M) 1.169ms
[216.697s][info][gc] GC(5158) Concurrent Undo Cycle
[216.699s][info][gc] GC(5158) Concurrent Undo Cycle 1.776ms
[216.753s][info][gc] GC(5159) Pause Young (Concurrent Start) (G1 Humongous Allocation) 900M->50M(2000M) 1.471ms
[216.753s][info][gc] GC(5160) Concurrent Undo Cycle
[216.756s][info][gc] GC(5160) Concurrent Undo Cycle 2.623ms
[216.811s][info][gc] GC(5161) Pause Young (Concurrent Start) (G1 Humongous Allocation) 900M->50M(2000M) 1.429ms
[216.811s][info][gc] GC(5162) Concurrent Undo Cycle
[216.813s][info][gc] GC(5162) Concurrent Undo Cycle 2.258ms
[216.867s][info][gc] GC(5163) Pause Young (Concurrent Start) (G1 Humongous Allocation) 900M->50M(2000M) 1.285ms
[216.867s][info][gc] GC(5164) Concurrent Undo Cycle
[216.869s][info][gc] GC(5164) Concurrent Undo Cycle 1.770ms
[216.926s][info][gc] GC(5165) Pause Young (Concurrent Start) (G1 Humongous Allocation) 900M->50M(2000M) 1.315ms
[216.926s][info][gc] GC(5166) Concurrent Undo Cycle
[216.929s][info][gc] GC(5166) Concurrent Undo Cycle 3.658ms
[216.986s][info][gc] GC(5167) Pause Young (Concurrent Start) (G1 Humongous Allocation) 900M->50M(2000M) 1.252ms
[216.986s][info][gc] GC(5168) Concurrent Undo Cycle
[216.988s][info][gc] GC(5168) Concurrent Undo Cycle 2.520ms
[217.041s][info][gc] GC(5169) Pause Young (Concurrent Start) (G1 Humongous Allocation) 900M->50M(2000M) 1.261ms
[217.041s][info][gc] GC(5170) Concurrent Undo Cycle
[217.043s][info][gc] GC(5170) Concurrent Undo Cycle 1.875ms
[217.097s][info][gc] GC(5171) Pause Young (Concurrent Start) (G1 Humongous Allocation) 900M->50M(2000M) 1.209ms
[217.097s][info][gc] GC(5172) Concurrent Undo Cycle
[217.100s][info][gc] GC(5172) Concurrent Undo Cycle 2.045ms
[217.153s][info][gc] GC(5173) Pause Young (Concurrent Start) (G1 Humongous Allocation) 900M->50M(2000M) 1.419ms
[217.154s][info][gc] GC(5174) Concurrent Undo Cycle
[217.155s][info][gc] GC(5174) Concurrent Undo Cycle 1.890ms
[217.209s][info][gc] GC(5175) Pause Young (Concurrent Start) (G1 Humongous Allocation) 900M->50M(2000M) 1.401ms
[217.209s][info][gc] GC(5176) Concurrent Undo Cycle
[217.211s][info][gc] GC(5176) Concurrent Undo Cycle 2.501ms
[217.266s][info][gc] GC(5177) Pause Young (Concurrent Start) (G1 Humongous Allocation) 900M->50M(2000M) 1.274ms
[217.266s][info][gc] GC(5178) Concurrent Undo Cycle
[217.268s][info][gc] GC(5178) Concurrent Undo Cycle 1.811ms
[217.324s][info][gc] GC(5179) Pause Young (Concurrent Start) (G1 Humongous Allocation) 900M->50M(2000M) 1.314ms
[217.324s][info][gc] GC(5180) Concurrent Undo Cycle
[217.326s][info][gc] GC(5180) Concurrent Undo Cycle 1.911ms
[217.380s][info][gc] GC(5181) Pause Young (Concurrent Start) (G1 Humongous Allocation) 900M->50M(2000M) 1.358ms
[217.380s][info][gc] GC(5182) Concurrent Undo Cycle
[217.382s][info][gc] GC(5182) Concurrent Undo Cycle 2.170ms
[217.438s][info][gc] GC(5183) Pause Young (Concurrent Start) (G1 Humongous Allocation) 900M->50M(2000M) 1.294ms
[217.438s][info][gc] GC(5184) Concurrent Undo Cycle
[217.440s][info][gc] GC(5184) Concurrent Undo Cycle 1.747ms
[217.494s][info][gc] GC(5185) Pause Young (Concurrent Start) (G1 Humongous Allocation) 900M->50M(2000M) 1.396ms
[217.494s][info][gc] GC(5186) Concurrent Undo Cycle
[217.495s][info][gc] GC(5186) Concurrent Undo Cycle 1.763ms
[217.549s][info][gc] GC(5187) Pause Young (Concurrent Start) (G1 Humongous Allocation) 900M->50M(2000M) 1.339ms
[217.549s][info][gc] GC(5188) Concurrent Undo Cycle
[217.551s][info][gc] GC(5188) Concurrent Undo Cycle 1.999ms
[217.604s][info][gc] GC(5189) Pause Young (Concurrent Start) (G1 Humongous Allocation) 900M->50M(2000M) 1.169ms
[217.604s][info][gc] GC(5190) Concurrent Undo Cycle
[217.608s][info][gc] GC(5190) Concurrent Undo Cycle 3.832ms
[217.662s][info][gc] GC(5191) Pause Young (Concurrent Start) (G1 Humongous Allocation) 900M->50M(2000M) 1.314ms
[217.662s][info][gc] GC(5192) Concurrent Undo Cycle
[217.664s][info][gc] GC(5192) Concurrent Undo Cycle 1.753ms
[217.717s][info][gc] GC(5193) Pause Young (Concurrent Start) (G1 Humongous Allocation) 900M->50M(2000M) 1.608ms
[217.717s][info][gc] GC(5194) Concurrent Undo Cycle
[217.720s][info][gc] GC(5194) Concurrent Undo Cycle 2.584ms
[217.773s][info][gc] GC(5195) Pause Young (Concurrent Start) (G1 Humongous Allocation) 900M->50M(2000M) 1.208ms
[217.773s][info][gc] GC(5196) Concurrent Undo Cycle
[217.775s][info][gc] GC(5196) Concurrent Undo Cycle 2.008ms
[217.829s][info][gc] GC(5197) Pause Young (Concurrent Start) (G1 Humongous Allocation) 900M->50M(2000M) 1.355ms
[217.829s][info][gc] GC(5198) Concurrent Undo Cycle
[217.831s][info][gc] GC(5198) Concurrent Undo Cycle 2.518ms
[217.884s][info][gc] GC(5199) Pause Young (Concurrent Start) (G1 Humongous Allocation) 900M->50M(2000M) 1.301ms
[217.884s][info][gc] GC(5200) Concurrent Undo Cycle
[217.887s][info][gc] GC(5200) Concurrent Undo Cycle 2.548ms
[217.940s][info][gc] GC(5201) Pause Young (Concurrent Start) (G1 Humongous Allocation) 900M->50M(2000M) 1.072ms
[217.940s][info][gc] GC(5202) Concurrent Undo Cycle
[217.942s][info][gc] GC(5202) Concurrent Undo Cycle 1.739ms
[217.996s][info][gc] GC(5203) Pause Young (Concurrent Start) (G1 Humongous Allocation) 900M->50M(2000M) 1.409ms
[217.996s][info][gc] GC(5204) Concurrent Undo Cycle
[217.999s][info][gc] GC(5204) Concurrent Undo Cycle 2.636ms
[218.053s][info][gc] GC(5205) Pause Young (Concurrent Start) (G1 Humongous Allocation) 900M->50M(2000M) 1.188ms
[218.053s][info][gc] GC(5206) Concurrent Undo Cycle
[218.054s][info][gc] GC(5206) Concurrent Undo Cycle 1.773ms
[218.109s][info][gc] GC(5207) Pause Young (Concurrent Start) (G1 Humongous Allocation) 900M->50M(2000M) 1.192ms
[218.109s][info][gc] GC(5208) Concurrent Undo Cycle
[218.110s][info][gc] GC(5208) Concurrent Undo Cycle 1.754ms
[218.171s][info][gc] GC(5209) Pause Young (Concurrent Start) (G1 Humongous Allocation) 900M->50M(2000M) 1.193ms
[218.171s][info][gc] GC(5210) Concurrent Undo Cycle
[218.173s][info][gc] GC(5210) Concurrent Undo Cycle 1.838ms
[218.230s][info][gc] GC(5211) Pause Young (Concurrent Start) (G1 Humongous Allocation) 900M->50M(2000M) 1.121ms
[218.230s][info][gc] GC(5212) Concurrent Undo Cycle
[218.233s][info][gc] GC(5212) Concurrent Undo Cycle 2.530ms
[218.286s][info][gc] GC(5213) Pause Young (Concurrent Start) (G1 Humongous Allocation) 900M->50M(2000M) 1.147ms
[218.286s][info][gc] GC(5214) Concurrent Undo Cycle
[218.288s][info][gc] GC(5214) Concurrent Undo Cycle 1.940ms
[218.341s][info][gc] GC(5215) Pause Young (Concurrent Start) (G1 Humongous Allocation) 900M->50M(2000M) 1.217ms
[218.342s][info][gc] GC(5216) Concurrent Undo Cycle
[218.343s][info][gc] GC(5216) Concurrent Undo Cycle 1.736ms
[218.397s][info][gc] GC(5217) Pause Young (Concurrent Start) (G1 Humongous Allocation) 900M->50M(2000M) 1.310ms
[218.397s][info][gc] GC(5218) Concurrent Undo Cycle
[218.399s][info][gc] GC(5218) Concurrent Undo Cycle 1.676ms
[218.453s][info][gc] GC(5219) Pause Young (Concurrent Start) (G1 Humongous Allocation) 900M->50M(2000M) 1.115ms
[218.453s][info][gc] GC(5220) Concurrent Undo Cycle
[218.455s][info][gc] GC(5220) Concurrent Undo Cycle 1.799ms
[218.509s][info][gc] GC(5221) Pause Young (Concurrent Start) (G1 Humongous Allocation) 900M->50M(2000M) 1.385ms
[218.509s][info][gc] GC(5222) Concurrent Undo Cycle
[218.510s][info][gc] GC(5222) Concurrent Undo Cycle 1.730ms
[218.564s][info][gc] GC(5223) Pause Young (Concurrent Start) (G1 Humongous Allocation) 900M->50M(2000M) 1.243ms
[218.564s][info][gc] GC(5224) Concurrent Undo Cycle
[218.566s][info][gc] GC(5224) Concurrent Undo Cycle 1.716ms
[218.622s][info][gc] GC(5225) Pause Young (Concurrent Start) (G1 Humongous Allocation) 900M->50M(2000M) 1.190ms
[218.622s][info][gc] GC(5226) Concurrent Undo Cycle
[218.624s][info][gc] GC(5226) Concurrent Undo Cycle 1.788ms
[218.679s][info][gc] GC(5227) Pause Young (Concurrent Start) (G1 Humongous Allocation) 900M->50M(2000M) 1.275ms
[218.679s][info][gc] GC(5228) Concurrent Undo Cycle
[218.681s][info][gc] GC(5228) Concurrent Undo Cycle 1.903ms
[218.736s][info][gc] GC(5229) Pause Young (Concurrent Start) (G1 Humongous Allocation) 900M->50M(2000M) 1.352ms
[218.736s][info][gc] GC(5230) Concurrent Undo Cycle
[218.738s][info][gc] GC(5230) Concurrent Undo Cycle 1.917ms
[218.797s][info][gc] GC(5231) Pause Young (Concurrent Start) (G1 Humongous Allocation) 900M->50M(2000M) 1.173ms
[218.797s][info][gc] GC(5232) Concurrent Undo Cycle
[218.799s][info][gc] GC(5232) Concurrent Undo Cycle 1.783ms
[218.853s][info][gc] GC(5233) Pause Young (Concurrent Start) (G1 Humongous Allocation) 900M->50M(2000M) 1.134ms
[218.853s][info][gc] GC(5234) Concurrent Undo Cycle
[218.855s][info][gc] GC(5234) Concurrent Undo Cycle 1.747ms
[218.909s][info][gc] GC(5235) Pause Young (Concurrent Start) (G1 Humongous Allocation) 900M->50M(2000M) 1.421ms
[218.909s][info][gc] GC(5236) Concurrent Undo Cycle
[218.911s][info][gc] GC(5236) Concurrent Undo Cycle 1.757ms
[218.965s][info][gc] GC(5237) Pause Young (Concurrent Start) (G1 Humongous Allocation) 900M->50M(2000M) 1.253ms
[218.965s][info][gc] GC(5238) Concurrent Undo Cycle
[218.967s][info][gc] GC(5238) Concurrent Undo Cycle 1.756ms
[219.022s][info][gc] GC(5239) Pause Young (Concurrent Start) (G1 Humongous Allocation) 900M->50M(2000M) 1.273ms
[219.022s][info][gc] GC(5240) Concurrent Undo Cycle
[219.025s][info][gc] GC(5240) Concurrent Undo Cycle 2.627ms
[219.079s][info][gc] GC(5241) Pause Young (Concurrent Start) (G1 Humongous Allocation) 900M->50M(2000M) 1.374ms
[219.079s][info][gc] GC(5242) Concurrent Undo Cycle
[219.081s][info][gc] GC(5242) Concurrent Undo Cycle 2.625ms
[219.142s][info][gc] GC(5243) Pause Young (Concurrent Start) (G1 Humongous Allocation) 900M->50M(2000M) 1.154ms
[219.142s][info][gc] GC(5244) Concurrent Undo Cycle
[219.146s][info][gc] GC(5244) Concurrent Undo Cycle 3.928ms
[219.202s][info][gc] GC(5245) Pause Young (Concurrent Start) (G1 Humongous Allocation) 900M->50M(2000M) 1.144ms
[219.202s][info][gc] GC(5246) Concurrent Undo Cycle
[219.205s][info][gc] GC(5246) Concurrent Undo Cycle 2.584ms
[219.259s][info][gc] GC(5247) Pause Young (Concurrent Start) (G1 Humongous Allocation) 900M->50M(2000M) 1.341ms
[219.259s][info][gc] GC(5248) Concurrent Undo Cycle
[219.261s][info][gc] GC(5248) Concurrent Undo Cycle 1.764ms
[219.316s][info][gc] GC(5249) Pause Young (Concurrent Start) (G1 Humongous Allocation) 900M->50M(2000M) 1.440ms
[219.316s][info][gc] GC(5250) Concurrent Undo Cycle
[219.318s][info][gc] GC(5250) Concurrent Undo Cycle 1.735ms
[219.373s][info][gc] GC(5251) Pause Young (Concurrent Start) (G1 Humongous Allocation) 900M->50M(2000M) 1.428ms
[219.373s][info][gc] GC(5252) Concurrent Undo Cycle
[219.375s][info][gc] GC(5252) Concurrent Undo Cycle 1.748ms
[219.431s][info][gc] GC(5253) Pause Young (Concurrent Start) (G1 Humongous Allocation) 900M->50M(2000M) 1.429ms
[219.431s][info][gc] GC(5254) Concurrent Undo Cycle
[219.432s][info][gc] GC(5254) Concurrent Undo Cycle 1.753ms
[219.486s][info][gc] GC(5255) Pause Young (Concurrent Start) (G1 Humongous Allocation) 900M->50M(2000M) 1.313ms
[219.486s][info][gc] GC(5256) Concurrent Undo Cycle
[219.488s][info][gc] GC(5256) Concurrent Undo Cycle 1.755ms
[219.543s][info][gc] GC(5257) Pause Young (Concurrent Start) (G1 Humongous Allocation) 900M->50M(2000M) 1.120ms
[219.543s][info][gc] GC(5258) Concurrent Undo Cycle
[219.545s][info][gc] GC(5258) Concurrent Undo Cycle 2.501ms
[219.598s][info][gc] GC(5259) Pause Young (Concurrent Start) (G1 Humongous Allocation) 900M->50M(2000M) 1.231ms
[219.598s][info][gc] GC(5260) Concurrent Undo Cycle
[219.601s][info][gc] GC(5260) Concurrent Undo Cycle 2.529ms
[219.659s][info][gc] GC(5261) Pause Young (Concurrent Start) (G1 Humongous Allocation) 900M->50M(2000M) 1.179ms
[219.659s][info][gc] GC(5262) Concurrent Undo Cycle
[219.663s][info][gc] GC(5262) Concurrent Undo Cycle 3.841ms
[219.717s][info][gc] GC(5263) Pause Young (Concurrent Start) (G1 Humongous Allocation) 900M->50M(2000M) 1.251ms
[219.717s][info][gc] GC(5264) Concurrent Undo Cycle
[219.719s][info][gc] GC(5264) Concurrent Undo Cycle 1.772ms
[219.773s][info][gc] GC(5265) Pause Young (Concurrent Start) (G1 Humongous Allocation) 900M->50M(2000M) 1.232ms
[219.773s][info][gc] GC(5266) Concurrent Undo Cycle
[219.775s][info][gc] GC(5266) Concurrent Undo Cycle 1.756ms
[219.836s][info][gc] GC(5267) Pause Young (Concurrent Start) (G1 Humongous Allocation) 900M->50M(2000M) 1.334ms
[219.836s][info][gc] GC(5268) Concurrent Undo Cycle
[219.837s][info][gc] GC(5268) Concurrent Undo Cycle 1.756ms
[219.892s][info][gc] GC(5269) Pause Young (Concurrent Start) (G1 Humongous Allocation) 900M->50M(2000M) 1.306ms
[219.892s][info][gc] GC(5270) Concurrent Undo Cycle
[219.894s][info][gc] GC(5270) Concurrent Undo Cycle 2.520ms
[219.955s][info][gc] GC(5271) Pause Young (Concurrent Start) (G1 Humongous Allocation) 900M->50M(2000M) 1.173ms
[219.955s][info][gc] GC(5272) Concurrent Undo Cycle
[219.956s][info][gc] GC(5272) Concurrent Undo Cycle 1.735ms
[220.012s][info][gc] GC(5273) Pause Young (Concurrent Start) (G1 Humongous Allocation) 900M->50M(2000M) 1.105ms
[220.012s][info][gc] GC(5274) Concurrent Undo Cycle
[220.014s][info][gc] GC(5274) Concurrent Undo Cycle 1.753ms
[220.074s][info][gc] GC(5275) Pause Young (Concurrent Start) (G1 Humongous Allocation) 900M->50M(2000M) 1.214ms
[220.074s][info][gc] GC(5276) Concurrent Undo Cycle
[220.076s][info][gc] GC(5276) Concurrent Undo Cycle 1.768ms
[220.130s][info][gc] GC(5277) Pause Young (Concurrent Start) (G1 Humongous Allocation) 900M->50M(2000M) 1.316ms
[220.130s][info][gc] GC(5278) Concurrent Undo Cycle
[220.132s][info][gc] GC(5278) Concurrent Undo Cycle 1.720ms
[220.187s][info][gc] GC(5279) Pause Young (Concurrent Start) (G1 Humongous Allocation) 900M->50M(2000M) 1.188ms
[220.187s][info][gc] GC(5280) Concurrent Undo Cycle
[220.189s][info][gc] GC(5280) Concurrent Undo Cycle 2.489ms
[220.249s][info][gc] GC(5281) Pause Young (Concurrent Start) (G1 Humongous Allocation) 900M->50M(2000M) 1.133ms
[220.249s][info][gc] GC(5282) Concurrent Undo Cycle
[220.251s][info][gc] GC(5282) Concurrent Undo Cycle 2.485ms
[220.305s][info][gc] GC(5283) Pause Young (Concurrent Start) (G1 Humongous Allocation) 900M->50M(2000M) 1.374ms
[220.305s][info][gc] GC(5284) Concurrent Undo Cycle
[220.307s][info][gc] GC(5284) Concurrent Undo Cycle 1.757ms
[220.362s][info][gc] GC(5285) Pause Young (Concurrent Start) (G1 Humongous Allocation) 900M->50M(2000M) 1.222ms
[220.362s][info][gc] GC(5286) Concurrent Undo Cycle
[220.364s][info][gc] GC(5286) Concurrent Undo Cycle 1.729ms
[220.418s][info][gc] GC(5287) Pause Young (Concurrent Start) (G1 Humongous Allocation) 900M->50M(2000M) 1.179ms
[220.418s][info][gc] GC(5288) Concurrent Undo Cycle
[220.420s][info][gc] GC(5288) Concurrent Undo Cycle 2.433ms
[220.474s][info][gc] GC(5289) Pause Young (Concurrent Start) (G1 Humongous Allocation) 900M->50M(2000M) 1.180ms
[220.474s][info][gc] GC(5290) Concurrent Undo Cycle
[220.476s][info][gc] GC(5290) Concurrent Undo Cycle 1.758ms
[220.532s][info][gc] GC(5291) Pause Young (Concurrent Start) (G1 Humongous Allocation) 901M->50M(2000M) 1.420ms
[220.532s][info][gc] GC(5292) Concurrent Undo Cycle
[220.534s][info][gc] GC(5292) Concurrent Undo Cycle 1.724ms
[220.588s][info][gc] GC(5293) Pause Young (Concurrent Start) (G1 Humongous Allocation) 901M->51M(2000M) 1.395ms
[220.588s][info][gc] GC(5294) Concurrent Undo Cycle
[220.590s][info][gc] GC(5294) Concurrent Undo Cycle 1.781ms
[220.647s][info][gc] GC(5295) Pause Young (Concurrent Start) (G1 Humongous Allocation) 901M->51M(2000M) 1.462ms
[220.647s][info][gc] GC(5296) Concurrent Undo Cycle
[220.649s][info][gc] GC(5296) Concurrent Undo Cycle 1.762ms
[220.703s][info][gc] GC(5297) Pause Young (Concurrent Start) (G1 Humongous Allocation) 901M->51M(2000M) 1.351ms
[220.703s][info][gc] GC(5298) Concurrent Undo Cycle
[220.705s][info][gc] GC(5298) Concurrent Undo Cycle 1.726ms
[220.758s][info][gc] GC(5299) Pause Young (Concurrent Start) (G1 Humongous Allocation) 901M->51M(2000M) 1.232ms
[220.759s][info][gc] GC(5300) Concurrent Undo Cycle
[220.760s][info][gc] GC(5300) Concurrent Undo Cycle 1.911ms
[220.822s][info][gc] GC(5301) Pause Young (Concurrent Start) (G1 Humongous Allocation) 901M->51M(2000M) 1.147ms
[220.822s][info][gc] GC(5302) Concurrent Undo Cycle
[220.824s][info][gc] GC(5302) Concurrent Undo Cycle 2.038ms
[220.879s][info][gc] GC(5303) Pause Young (Concurrent Start) (G1 Humongous Allocation) 901M->51M(2000M) 1.333ms
[220.879s][info][gc] GC(5304) Concurrent Undo Cycle
[220.881s][info][gc] GC(5304) Concurrent Undo Cycle 2.236ms
[220.939s][info][gc] GC(5305) Pause Young (Concurrent Start) (G1 Humongous Allocation) 901M->51M(2000M) 1.401ms
[220.939s][info][gc] GC(5306) Concurrent Undo Cycle
[220.941s][info][gc] GC(5306) Concurrent Undo Cycle 1.968ms
[221.002s][info][gc] GC(5307) Pause Young (Concurrent Start) (G1 Humongous Allocation) 901M->51M(2000M) 1.343ms
[221.002s][info][gc] GC(5308) Concurrent Undo Cycle
[221.004s][info][gc] GC(5308) Concurrent Undo Cycle 1.907ms
[221.069s][info][gc] GC(5309) Pause Young (Concurrent Start) (G1 Humongous Allocation) 901M->51M(2000M) 1.253ms
[221.069s][info][gc] GC(5310) Concurrent Undo Cycle
[221.070s][info][gc] GC(5310) Concurrent Undo Cycle 1.755ms
[221.124s][info][gc] GC(5311) Pause Young (Concurrent Start) (G1 Humongous Allocation) 901M->51M(2000M) 1.070ms
[221.124s][info][gc] GC(5312) Concurrent Undo Cycle
[221.127s][info][gc] GC(5312) Concurrent Undo Cycle 2.557ms
[221.182s][info][gc] GC(5313) Pause Young (Concurrent Start) (G1 Humongous Allocation) 901M->51M(2000M) 1.315ms
[221.182s][info][gc] GC(5314) Concurrent Undo Cycle
[221.183s][info][gc] GC(5314) Concurrent Undo Cycle 1.761ms
[221.238s][info][gc] GC(5315) Pause Young (Concurrent Start) (G1 Humongous Allocation) 901M->51M(2000M) 1.271ms
[221.238s][info][gc] GC(5316) Concurrent Undo Cycle
[221.240s][info][gc] GC(5316) Concurrent Undo Cycle 1.746ms
[221.295s][info][gc] GC(5317) Pause Young (Concurrent Start) (G1 Humongous Allocation) 901M->51M(2000M) 1.248ms
[221.295s][info][gc] GC(5318) Concurrent Undo Cycle
[221.297s][info][gc] GC(5318) Concurrent Undo Cycle 1.823ms
[221.351s][info][gc] GC(5319) Pause Young (Concurrent Start) (G1 Humongous Allocation) 901M->51M(2000M) 1.062ms
[221.351s][info][gc] GC(5320) Concurrent Undo Cycle
[221.353s][info][gc] GC(5320) Concurrent Undo Cycle 1.775ms
[221.407s][info][gc] GC(5321) Pause Young (Concurrent Start) (G1 Humongous Allocation) 901M->51M(2000M) 1.313ms
[221.407s][info][gc] GC(5322) Concurrent Undo Cycle
[221.409s][info][gc] GC(5322) Concurrent Undo Cycle 1.759ms
[221.463s][info][gc] GC(5323) Pause Young (Concurrent Start) (G1 Humongous Allocation) 901M->51M(2000M) 1.314ms
[221.463s][info][gc] GC(5324) Concurrent Undo Cycle
[221.465s][info][gc] GC(5324) Concurrent Undo Cycle 1.783ms
[221.519s][info][gc] GC(5325) Pause Young (Concurrent Start) (G1 Humongous Allocation) 901M->51M(2000M) 1.082ms
[221.519s][info][gc] GC(5326) Concurrent Undo Cycle
[221.521s][info][gc] GC(5326) Concurrent Undo Cycle 2.499ms
[221.577s][info][gc] GC(5327) Pause Young (Concurrent Start) (G1 Humongous Allocation) 901M->51M(2000M) 1.175ms
[221.577s][info][gc] GC(5328) Concurrent Undo Cycle
[221.579s][info][gc] GC(5328) Concurrent Undo Cycle 1.989ms
[221.633s][info][gc] GC(5329) Pause Young (Concurrent Start) (G1 Humongous Allocation) 901M->51M(2000M) 1.313ms
[221.633s][info][gc] GC(5330) Concurrent Undo Cycle
[221.636s][info][gc] GC(5330) Concurrent Undo Cycle 2.573ms
[221.690s][info][gc] GC(5331) Pause Young (Concurrent Start) (G1 Humongous Allocation) 901M->51M(2000M) 1.433ms
[221.691s][info][gc] GC(5332) Concurrent Undo Cycle
[221.693s][info][gc] GC(5332) Concurrent Undo Cycle 2.393ms
[221.747s][info][gc] GC(5333) Pause Young (Concurrent Start) (G1 Humongous Allocation) 901M->51M(2000M) 1.267ms
[221.747s][info][gc] GC(5334) Concurrent Undo Cycle
[221.748s][info][gc] GC(5334) Concurrent Undo Cycle 1.920ms
[221.803s][info][gc] GC(5335) Pause Young (Concurrent Start) (G1 Humongous Allocation) 901M->51M(2000M) 1.334ms
[221.803s][info][gc] GC(5336) Concurrent Undo Cycle
[221.805s][info][gc] GC(5336) Concurrent Undo Cycle 1.736ms
[221.865s][info][gc] GC(5337) Pause Young (Concurrent Start) (G1 Humongous Allocation) 901M->51M(2000M) 1.535ms
[221.865s][info][gc] GC(5338) Concurrent Undo Cycle
[221.869s][info][gc] GC(5338) Concurrent Undo Cycle 3.851ms
[221.922s][info][gc] GC(5339) Pause Young (Concurrent Start) (G1 Humongous Allocation) 901M->51M(2000M) 1.343ms
[221.923s][info][gc] GC(5340) Concurrent Undo Cycle
[221.925s][info][gc] GC(5340) Concurrent Undo Cycle 2.640ms
[221.979s][info][gc] GC(5341) Pause Young (Concurrent Start) (G1 Humongous Allocation) 901M->51M(2000M) 1.195ms
[221.979s][info][gc] GC(5342) Concurrent Undo Cycle
[221.981s][info][gc] GC(5342) Concurrent Undo Cycle 1.810ms
[222.037s][info][gc] GC(5343) Pause Young (Concurrent Start) (G1 Humongous Allocation) 901M->51M(2000M) 1.434ms
[222.037s][info][gc] GC(5344) Concurrent Undo Cycle
[222.040s][info][gc] GC(5344) Concurrent Undo Cycle 2.554ms
[222.095s][info][gc] GC(5345) Pause Young (Concurrent Start) (G1 Humongous Allocation) 901M->51M(2000M) 1.385ms
[222.095s][info][gc] GC(5346) Concurrent Undo Cycle
[222.097s][info][gc] GC(5346) Concurrent Undo Cycle 1.741ms
[222.151s][info][gc] GC(5347) Pause Young (Concurrent Start) (G1 Humongous Allocation) 901M->51M(2000M) 1.213ms
[222.151s][info][gc] GC(5348) Concurrent Undo Cycle
[222.153s][info][gc] GC(5348) Concurrent Undo Cycle 1.759ms
[222.208s][info][gc] GC(5349) Pause Young (Concurrent Start) (G1 Humongous Allocation) 901M->51M(2000M) 1.409ms
[222.208s][info][gc] GC(5350) Concurrent Undo Cycle
[222.210s][info][gc] GC(5350) Concurrent Undo Cycle 1.972ms
[222.265s][info][gc] GC(5351) Pause Young (Concurrent Start) (G1 Humongous Allocation) 901M->51M(2000M) 1.352ms
[222.265s][info][gc] GC(5352) Concurrent Undo Cycle
[222.270s][info][gc] GC(5352) Concurrent Undo Cycle 4.400ms
[222.324s][info][gc] GC(5353) Pause Young (Concurrent Start) (G1 Humongous Allocation) 901M->51M(2000M) 1.236ms
[222.324s][info][gc] GC(5354) Concurrent Undo Cycle
[222.326s][info][gc] GC(5354) Concurrent Undo Cycle 2.610ms
[222.381s][info][gc] GC(5355) Pause Young (Concurrent Start) (G1 Humongous Allocation) 901M->51M(2000M) 1.010ms
[222.381s][info][gc] GC(5356) Concurrent Undo Cycle
[222.382s][info][gc] GC(5356) Concurrent Undo Cycle 1.793ms
[222.437s][info][gc] GC(5357) Pause Young (Concurrent Start) (G1 Humongous Allocation) 901M->51M(2000M) 1.313ms
[222.437s][info][gc] GC(5358) Concurrent Undo Cycle
[222.440s][info][gc] GC(5358) Concurrent Undo Cycle 2.615ms
[222.494s][info][gc] GC(5359) Pause Young (Concurrent Start) (G1 Humongous Allocation) 901M->51M(2000M) 1.359ms
[222.495s][info][gc] GC(5360) Concurrent Undo Cycle
[222.497s][info][gc] GC(5360) Concurrent Undo Cycle 2.060ms
[222.553s][info][gc] GC(5361) Pause Young (Concurrent Start) (G1 Humongous Allocation) 901M->51M(2000M) 1.208ms
[222.553s][info][gc] GC(5362) Concurrent Undo Cycle
[222.556s][info][gc] GC(5362) Concurrent Undo Cycle 3.069ms
[222.611s][info][gc] GC(5363) Pause Young (Concurrent Start) (G1 Humongous Allocation) 901M->51M(2000M) 1.329ms
[222.611s][info][gc] GC(5364) Concurrent Undo Cycle
[222.613s][info][gc] GC(5364) Concurrent Undo Cycle 1.774ms
[222.668s][info][gc] GC(5365) Pause Young (Concurrent Start) (G1 Humongous Allocation) 901M->51M(2000M) 1.293ms
[222.668s][info][gc] GC(5366) Concurrent Undo Cycle
[222.670s][info][gc] GC(5366) Concurrent Undo Cycle 2.533ms
[222.725s][info][gc] GC(5367) Pause Young (Concurrent Start) (G1 Humongous Allocation) 901M->51M(2000M) 1.297ms
[222.725s][info][gc] GC(5368) Concurrent Undo Cycle
[222.727s][info][gc] GC(5368) Concurrent Undo Cycle 1.886ms
[222.781s][info][gc] GC(5369) Pause Young (Concurrent Start) (G1 Humongous Allocation) 901M->51M(2000M) 1.227ms
[222.781s][info][gc] GC(5370) Concurrent Undo Cycle
[222.783s][info][gc] GC(5370) Concurrent Undo Cycle 1.733ms
[222.837s][info][gc] GC(5371) Pause Young (Concurrent Start) (G1 Humongous Allocation) 901M->51M(2000M) 1.197ms
[222.837s][info][gc] GC(5372) Concurrent Undo Cycle
[222.839s][info][gc] GC(5372) Concurrent Undo Cycle 1.806ms
[222.894s][info][gc] GC(5373) Pause Young (Concurrent Start) (G1 Humongous Allocation) 901M->51M(2000M) 1.226ms
[222.894s][info][gc] GC(5374) Concurrent Undo Cycle
[222.896s][info][gc] GC(5374) Concurrent Undo Cycle 1.800ms
[222.957s][info][gc] GC(5375) Pause Young (Concurrent Start) (G1 Humongous Allocation) 901M->51M(2000M) 1.140ms
[222.957s][info][gc] GC(5376) Concurrent Undo Cycle
[222.959s][info][gc] GC(5376) Concurrent Undo Cycle 1.762ms
[223.015s][info][gc] GC(5377) Pause Young (Concurrent Start) (G1 Humongous Allocation) 901M->51M(2000M) 1.387ms
[223.015s][info][gc] GC(5378) Concurrent Undo Cycle
[223.017s][info][gc] GC(5378) Concurrent Undo Cycle 2.647ms
[223.073s][info][gc] GC(5379) Pause Young (Concurrent Start) (G1 Humongous Allocation) 901M->51M(2000M) 1.188ms
[223.073s][info][gc] GC(5380) Concurrent Undo Cycle
[223.075s][info][gc] GC(5380) Concurrent Undo Cycle 1.715ms
[223.132s][info][gc] GC(5381) Pause Young (Concurrent Start) (G1 Humongous Allocation) 901M->51M(2000M) 1.247ms
[223.132s][info][gc] GC(5382) Concurrent Undo Cycle
[223.133s][info][gc] GC(5382) Concurrent Undo Cycle 1.734ms
[223.190s][info][gc] GC(5383) Pause Young (Concurrent Start) (G1 Humongous Allocation) 901M->51M(2000M) 1.155ms
[223.190s][info][gc] GC(5384) Concurrent Undo Cycle
[223.192s][info][gc] GC(5384) Concurrent Undo Cycle 1.763ms
[223.249s][info][gc] GC(5385) Pause Young (Concurrent Start) (G1 Humongous Allocation) 901M->51M(2000M) 1.552ms
[223.249s][info][gc] GC(5386) Concurrent Undo Cycle
[223.251s][info][gc] GC(5386) Concurrent Undo Cycle 1.795ms
[223.306s][info][gc] GC(5387) Pause Young (Concurrent Start) (G1 Humongous Allocation) 901M->51M(2000M) 1.219ms
[223.306s][info][gc] GC(5388) Concurrent Undo Cycle
[223.308s][info][gc] GC(5388) Concurrent Undo Cycle 1.766ms
[223.364s][info][gc] GC(5389) Pause Young (Concurrent Start) (G1 Humongous Allocation) 901M->51M(2000M) 1.285ms
[223.364s][info][gc] GC(5390) Concurrent Undo Cycle
[223.366s][info][gc] GC(5390) Concurrent Undo Cycle 1.930ms
[223.420s][info][gc] GC(5391) Pause Young (Concurrent Start) (G1 Humongous Allocation) 901M->51M(2000M) 1.103ms
[223.420s][info][gc] GC(5392) Concurrent Undo Cycle
[223.423s][info][gc] GC(5392) Concurrent Undo Cycle 2.552ms
[223.477s][info][gc] GC(5393) Pause Young (Concurrent Start) (G1 Humongous Allocation) 901M->51M(2000M) 1.154ms
[223.477s][info][gc] GC(5394) Concurrent Undo Cycle
[223.479s][info][gc] GC(5394) Concurrent Undo Cycle 1.928ms
[223.534s][info][gc] GC(5395) Pause Young (Concurrent Start) (G1 Humongous Allocation) 901M->51M(2000M) 1.382ms
[223.534s][info][gc] GC(5396) Concurrent Undo Cycle
[223.536s][info][gc] GC(5396) Concurrent Undo Cycle 2.655ms
[223.591s][info][gc] GC(5397) Pause Young (Concurrent Start) (G1 Humongous Allocation) 901M->51M(2000M) 1.581ms
[223.592s][info][gc] GC(5398) Concurrent Undo Cycle
[223.594s][info][gc] GC(5398) Concurrent Undo Cycle 2.237ms
[223.650s][info][gc] GC(5399) Pause Young (Concurrent Start) (G1 Humongous Allocation) 901M->51M(2000M) 1.273ms
[223.650s][info][gc] GC(5400) Concurrent Undo Cycle
[223.652s][info][gc] GC(5400) Concurrent Undo Cycle 2.207ms
[223.706s][info][gc] GC(5401) Pause Young (Concurrent Start) (G1 Humongous Allocation) 901M->51M(2000M) 1.371ms
[223.706s][info][gc] GC(5402) Concurrent Undo Cycle
[223.709s][info][gc] GC(5402) Concurrent Undo Cycle 2.598ms
[223.764s][info][gc] GC(5403) Pause Young (Concurrent Start) (G1 Humongous Allocation) 901M->51M(2000M) 1.627ms
[223.764s][info][gc] GC(5404) Concurrent Undo Cycle
[223.766s][info][gc] GC(5404) Concurrent Undo Cycle 2.623ms
[223.821s][info][gc] GC(5405) Pause Young (Concurrent Start) (G1 Humongous Allocation) 901M->51M(2000M) 1.215ms
[223.821s][info][gc] GC(5406) Concurrent Undo Cycle
[223.823s][info][gc] GC(5406) Concurrent Undo Cycle 1.776ms
[223.878s][info][gc] GC(5407) Pause Young (Concurrent Start) (G1 Humongous Allocation) 901M->51M(2000M) 1.378ms
[223.878s][info][gc] GC(5408) Concurrent Undo Cycle
[223.879s][info][gc] GC(5408) Concurrent Undo Cycle 1.745ms
[223.942s][info][gc] GC(5409) Pause Young (Concurrent Start) (G1 Humongous Allocation) 901M->51M(2000M) 1.256ms
[223.942s][info][gc] GC(5410) Concurrent Undo Cycle
[223.946s][info][gc] GC(5410) Concurrent Undo Cycle 4.219ms
[224.002s][info][gc] GC(5411) Pause Young (Concurrent Start) (G1 Humongous Allocation) 901M->51M(2000M) 1.505ms
[224.002s][info][gc] GC(5412) Concurrent Undo Cycle
[224.004s][info][gc] GC(5412) Concurrent Undo Cycle 1.781ms
[224.059s][info][gc] GC(5413) Pause Young (Concurrent Start) (G1 Humongous Allocation) 901M->51M(2000M) 1.258ms
[224.059s][info][gc] GC(5414) Concurrent Undo Cycle
[224.061s][info][gc] GC(5414) Concurrent Undo Cycle 1.848ms
[224.115s][info][gc] GC(5415) Pause Young (Concurrent Start) (G1 Humongous Allocation) 901M->51M(2000M) 1.331ms
[224.115s][info][gc] GC(5416) Concurrent Undo Cycle
[224.117s][info][gc] GC(5416) Concurrent Undo Cycle 1.796ms
[224.176s][info][gc] GC(5417) Pause Young (Concurrent Start) (G1 Humongous Allocation) 901M->51M(2000M) 1.433ms
[224.177s][info][gc] GC(5418) Concurrent Undo Cycle
[224.178s][info][gc] GC(5418) Concurrent Undo Cycle 1.845ms
[224.234s][info][gc] GC(5419) Pause Young (Concurrent Start) (G1 Humongous Allocation) 901M->51M(2000M) 1.200ms
[224.234s][info][gc] GC(5420) Concurrent Undo Cycle
[224.236s][info][gc] GC(5420) Concurrent Undo Cycle 1.770ms
[224.290s][info][gc] GC(5421) Pause Young (Concurrent Start) (G1 Humongous Allocation) 901M->51M(2000M) 1.393ms
[224.290s][info][gc] GC(5422) Concurrent Undo Cycle
[224.292s][info][gc] GC(5422) Concurrent Undo Cycle 1.789ms
[224.346s][info][gc] GC(5423) Pause Young (Concurrent Start) (G1 Humongous Allocation) 901M->51M(2000M) 1.311ms
[224.346s][info][gc] GC(5424) Concurrent Undo Cycle
[224.348s][info][gc] GC(5424) Concurrent Undo Cycle 1.978ms
[224.409s][info][gc] GC(5425) Pause Young (Concurrent Start) (G1 Humongous Allocation) 901M->51M(2000M) 1.253ms
[224.409s][info][gc] GC(5426) Concurrent Undo Cycle
[224.414s][info][gc] GC(5426) Concurrent Undo Cycle 4.743ms
[224.469s][info][gc] GC(5427) Pause Young (Concurrent Start) (G1 Humongous Allocation) 901M->51M(2000M) 1.363ms
[224.469s][info][gc] GC(5428) Concurrent Undo Cycle
[224.471s][info][gc] GC(5428) Concurrent Undo Cycle 1.776ms
[224.526s][info][gc] GC(5429) Pause Young (Concurrent Start) (G1 Humongous Allocation) 902M->52M(2000M) 1.222ms
[224.527s][info][gc] GC(5430) Concurrent Undo Cycle
[224.529s][info][gc] GC(5430) Concurrent Undo Cycle 2.570ms
[224.588s][info][gc] GC(5431) Pause Young (Concurrent Start) (G1 Humongous Allocation) 902M->52M(2000M) 1.204ms
[224.588s][info][gc] GC(5432) Concurrent Undo Cycle
[224.590s][info][gc] GC(5432) Concurrent Undo Cycle 2.227ms
[224.645s][info][gc] GC(5433) Pause Young (Concurrent Start) (G1 Humongous Allocation) 902M->52M(2000M) 1.309ms
[224.645s][info][gc] GC(5434) Concurrent Undo Cycle
[224.647s][info][gc] GC(5434) Concurrent Undo Cycle 2.051ms
[224.701s][info][gc] GC(5435) Pause Young (Concurrent Start) (G1 Humongous Allocation) 902M->52M(2000M) 1.291ms
[224.701s][info][gc] GC(5436) Concurrent Undo Cycle
[224.703s][info][gc] GC(5436) Concurrent Undo Cycle 1.816ms
[224.758s][info][gc] GC(5437) Pause Young (Concurrent Start) (G1 Humongous Allocation) 902M->52M(2000M) 1.230ms
[224.758s][info][gc] GC(5438) Concurrent Undo Cycle
[224.760s][info][gc] GC(5438) Concurrent Undo Cycle 2.594ms
[224.815s][info][gc] GC(5439) Pause Young (Concurrent Start) (G1 Humongous Allocation) 902M->52M(2000M) 1.265ms
[224.815s][info][gc] GC(5440) Concurrent Undo Cycle
[224.817s][info][gc] GC(5440) Concurrent Undo Cycle 2.021ms
[224.873s][info][gc] GC(5441) Pause Young (Concurrent Start) (G1 Humongous Allocation) 902M->52M(2000M) 1.327ms
[224.873s][info][gc] GC(5442) Concurrent Undo Cycle
[224.875s][info][gc] GC(5442) Concurrent Undo Cycle 1.782ms
[224.932s][info][gc] GC(5443) Pause Young (Concurrent Start) (G1 Humongous Allocation) 902M->52M(2000M) 1.310ms
[224.932s][info][gc] GC(5444) Concurrent Undo Cycle
[224.934s][info][gc] GC(5444) Concurrent Undo Cycle 1.632ms
[224.989s][info][gc] GC(5445) Pause Young (Concurrent Start) (G1 Humongous Allocation) 902M->52M(2000M) 1.330ms
[224.989s][info][gc] GC(5446) Concurrent Undo Cycle
[224.991s][info][gc] GC(5446) Concurrent Undo Cycle 1.769ms
[225.048s][info][gc] GC(5447) Pause Young (Concurrent Start) (G1 Humongous Allocation) 902M->52M(2000M) 1.273ms
[225.048s][info][gc] GC(5448) Concurrent Undo Cycle
[225.050s][info][gc] GC(5448) Concurrent Undo Cycle 1.716ms
[225.106s][info][gc] GC(5449) Pause Young (Concurrent Start) (G1 Humongous Allocation) 902M->52M(2000M) 1.311ms
[225.106s][info][gc] GC(5450) Concurrent Undo Cycle
[225.108s][info][gc] GC(5450) Concurrent Undo Cycle 2.656ms
[225.163s][info][gc] GC(5451) Pause Young (Concurrent Start) (G1 Humongous Allocation) 902M->52M(2000M) 1.185ms
[225.163s][info][gc] GC(5452) Concurrent Undo Cycle
[225.165s][info][gc] GC(5452) Concurrent Undo Cycle 1.795ms
[225.220s][info][gc] GC(5453) Pause Young (Concurrent Start) (G1 Humongous Allocation) 902M->52M(2000M) 1.353ms
[225.220s][info][gc] GC(5454) Concurrent Undo Cycle
[225.222s][info][gc] GC(5454) Concurrent Undo Cycle 1.774ms
[225.280s][info][gc] GC(5455) Pause Young (Concurrent Start) (G1 Humongous Allocation) 902M->52M(2000M) 1.403ms
[225.280s][info][gc] GC(5456) Concurrent Undo Cycle
[225.283s][info][gc] GC(5456) Concurrent Undo Cycle 2.598ms
[225.337s][info][gc] GC(5457) Pause Young (Concurrent Start) (G1 Humongous Allocation) 898M->52M(2000M) 1.110ms
[225.337s][info][gc] GC(5458) Concurrent Undo Cycle
[225.339s][info][gc] GC(5458) Concurrent Undo Cycle 1.824ms
[225.395s][info][gc] GC(5459) Pause Young (Concurrent Start) (G1 Humongous Allocation) 898M->56M(2000M) 1.353ms
[225.395s][info][gc] GC(5460) Concurrent Undo Cycle
[225.398s][info][gc] GC(5460) Concurrent Undo Cycle 2.519ms
[225.451s][info][gc] GC(5461) Pause Young (Concurrent Start) (G1 Humongous Allocation) 898M->52M(2000M) 1.345ms
[225.451s][info][gc] GC(5462) Concurrent Undo Cycle
[225.453s][info][gc] GC(5462) Concurrent Undo Cycle 1.936ms
[225.508s][info][gc] GC(5463) Pause Young (Concurrent Start) (G1 Humongous Allocation) 898M->52M(2000M) 1.487ms
[225.508s][info][gc] GC(5464) Concurrent Undo Cycle
[225.509s][info][gc] GC(5464) Concurrent Undo Cycle 1.722ms
[225.565s][info][gc] GC(5465) Pause Young (Concurrent Start) (G1 Humongous Allocation) 898M->56M(2000M) 1.191ms
[225.565s][info][gc] GC(5466) Concurrent Undo Cycle
[225.568s][info][gc] GC(5466) Concurrent Undo Cycle 2.523ms
[225.623s][info][gc] GC(5467) Pause Young (Concurrent Start) (G1 Humongous Allocation) 898M->52M(2000M) 1.217ms
[225.623s][info][gc] GC(5468) Concurrent Undo Cycle
[225.625s][info][gc] GC(5468) Concurrent Undo Cycle 1.766ms
[225.679s][info][gc] GC(5469) Pause Young (Concurrent Start) (G1 Humongous Allocation) 898M->52M(2000M) 1.139ms
[225.679s][info][gc] GC(5470) Concurrent Undo Cycle
[225.681s][info][gc] GC(5470) Concurrent Undo Cycle 1.840ms
[225.737s][info][gc] GC(5471) Pause Young (Concurrent Start) (G1 Humongous Allocation) 898M->56M(2000M) 1.192ms
[225.737s][info][gc] GC(5472) Concurrent Undo Cycle
[225.739s][info][gc] GC(5472) Concurrent Undo Cycle 2.600ms
[225.794s][info][gc] GC(5473) Pause Young (Concurrent Start) (G1 Humongous Allocation) 898M->52M(2000M) 1.461ms
[225.794s][info][gc] GC(5474) Concurrent Undo Cycle
[225.797s][info][gc] GC(5474) Concurrent Undo Cycle 2.547ms
[225.857s][info][gc] GC(5475) Pause Young (Concurrent Start) (G1 Humongous Allocation) 898M->52M(2000M) 1.222ms
[225.857s][info][gc] GC(5476) Concurrent Undo Cycle
[225.858s][info][gc] GC(5476) Concurrent Undo Cycle 1.706ms
[225.913s][info][gc] GC(5477) Pause Young (Concurrent Start) (G1 Humongous Allocation) 898M->56M(2000M) 1.263ms
[225.914s][info][gc] GC(5478) Concurrent Undo Cycle
[225.915s][info][gc] GC(5478) Concurrent Undo Cycle 1.663ms
[225.977s][info][gc] GC(5479) Pause Young (Concurrent Start) (G1 Humongous Allocation) 898M->52M(2000M) 1.024ms
[225.977s][info][gc] GC(5480) Concurrent Undo Cycle
[225.979s][info][gc] GC(5480) Concurrent Undo Cycle 2.027ms
[226.038s][info][gc] GC(5481) Pause Young (Concurrent Start) (G1 Humongous Allocation) 898M->52M(2000M) 1.142ms
[226.038s][info][gc] GC(5482) Concurrent Undo Cycle
[226.041s][info][gc] GC(5482) Concurrent Undo Cycle 2.908ms
[226.102s][info][gc] GC(5483) Pause Young (Concurrent Start) (G1 Humongous Allocation) 898M->56M(2000M) 0.838ms
[226.102s][info][gc] GC(5484) Concurrent Undo Cycle
[226.104s][info][gc] GC(5484) Concurrent Undo Cycle 1.821ms
[226.163s][info][gc] GC(5485) Pause Young (Concurrent Start) (G1 Humongous Allocation) 898M->52M(2000M) 1.181ms
[226.164s][info][gc] GC(5486) Concurrent Undo Cycle
[226.166s][info][gc] GC(5486) Concurrent Undo Cycle 2.846ms
[226.225s][info][gc] GC(5487) Pause Young (Concurrent Start) (G1 Humongous Allocation) 898M->52M(2000M) 1.001ms
[226.225s][info][gc] GC(5488) Concurrent Undo Cycle
[226.227s][info][gc] GC(5488) Concurrent Undo Cycle 1.978ms
[226.287s][info][gc] GC(5489) Pause Young (Concurrent Start) (G1 Humongous Allocation) 898M->56M(2000M) 1.030ms
[226.287s][info][gc] GC(5490) Concurrent Undo Cycle
[226.289s][info][gc] GC(5490) Concurrent Undo Cycle 1.897ms
[226.348s][info][gc] GC(5491) Pause Young (Concurrent Start) (G1 Humongous Allocation) 898M->52M(2000M) 1.200ms
[226.348s][info][gc] GC(5492) Concurrent Undo Cycle
[226.350s][info][gc] GC(5492) Concurrent Undo Cycle 1.884ms
[226.414s][info][gc] GC(5493) Pause Young (Concurrent Start) (G1 Humongous Allocation) 898M->52M(2000M) 0.636ms
[226.414s][info][gc] GC(5494) Concurrent Undo Cycle
[226.416s][info][gc] GC(5494) Concurrent Undo Cycle 1.839ms
[226.479s][info][gc] GC(5495) Pause Young (Concurrent Start) (G1 Humongous Allocation) 898M->56M(2000M) 1.070ms
[226.479s][info][gc] GC(5496) Concurrent Undo Cycle
[226.481s][info][gc] GC(5496) Concurrent Undo Cycle 1.981ms
[226.538s][info][gc] GC(5497) Pause Young (Concurrent Start) (G1 Humongous Allocation) 898M->52M(2000M) 1.192ms
[226.538s][info][gc] GC(5498) Concurrent Undo Cycle
[226.541s][info][gc] GC(5498) Concurrent Undo Cycle 2.566ms
[226.595s][info][gc] GC(5499) Pause Young (Concurrent Start) (G1 Humongous Allocation) 898M->52M(2000M) 1.109ms
[226.595s][info][gc] GC(5500) Concurrent Undo Cycle
[226.598s][info][gc] GC(5500) Concurrent Undo Cycle 2.532ms
[226.652s][info][gc] GC(5501) Pause Young (Concurrent Start) (G1 Humongous Allocation) 898M->56M(2000M) 1.252ms
[226.652s][info][gc] GC(5502) Concurrent Undo Cycle
[226.654s][info][gc] GC(5502) Concurrent Undo Cycle 2.097ms
[226.713s][info][gc] GC(5503) Pause Young (Concurrent Start) (G1 Humongous Allocation) 898M->52M(2000M) 1.270ms
[226.713s][info][gc] GC(5504) Concurrent Undo Cycle
[226.718s][info][gc] GC(5504) Concurrent Undo Cycle 4.433ms
[226.772s][info][gc] GC(5505) Pause Young (Concurrent Start) (G1 Humongous Allocation) 898M->52M(2000M) 1.311ms
[226.772s][info][gc] GC(5506) Concurrent Undo Cycle
[226.774s][info][gc] GC(5506) Concurrent Undo Cycle 1.812ms
[226.829s][info][gc] GC(5507) Pause Young (Concurrent Start) (G1 Humongous Allocation) 898M->56M(2000M) 1.314ms
[226.829s][info][gc] GC(5508) Concurrent Undo Cycle
[226.831s][info][gc] GC(5508) Concurrent Undo Cycle 1.744ms
[226.887s][info][gc] GC(5509) Pause Young (Concurrent Start) (G1 Humongous Allocation) 898M->52M(2000M) 1.410ms
[226.887s][info][gc] GC(5510) Concurrent Undo Cycle
[226.889s][info][gc] GC(5510) Concurrent Undo Cycle 1.813ms
[226.945s][info][gc] GC(5511) Pause Young (Concurrent Start) (G1 Humongous Allocation) 898M->52M(2000M) 1.272ms
[226.945s][info][gc] GC(5512) Concurrent Undo Cycle
[226.947s][info][gc] GC(5512) Concurrent Undo Cycle 2.530ms
[227.002s][info][gc] GC(5513) Pause Young (Concurrent Start) (G1 Humongous Allocation) 898M->56M(2000M) 1.334ms
[227.002s][info][gc] GC(5514) Concurrent Undo Cycle
[227.005s][info][gc] GC(5514) Concurrent Undo Cycle 2.635ms
[227.059s][info][gc] GC(5515) Pause Young (Concurrent Start) (G1 Humongous Allocation) 898M->52M(2000M) 1.221ms
[227.059s][info][gc] GC(5516) Concurrent Undo Cycle
[227.061s][info][gc] GC(5516) Concurrent Undo Cycle 1.921ms
[227.118s][info][gc] GC(5517) Pause Young (Concurrent Start) (G1 Humongous Allocation) 898M->52M(2000M) 1.176ms
[227.118s][info][gc] GC(5518) Concurrent Undo Cycle
[227.120s][info][gc] GC(5518) Concurrent Undo Cycle 2.178ms
[227.177s][info][gc] GC(5519) Pause Young (Concurrent Start) (G1 Humongous Allocation) 898M->56M(2000M) 1.332ms
[227.177s][info][gc] GC(5520) Concurrent Undo Cycle
[227.179s][info][gc] GC(5520) Concurrent Undo Cycle 1.962ms
[227.235s][info][gc] GC(5521) Pause Young (Concurrent Start) (G1 Humongous Allocation) 898M->52M(2000M) 1.426ms
[227.235s][info][gc] GC(5522) Concurrent Undo Cycle
[227.239s][info][gc] GC(5522) Concurrent Undo Cycle 4.589ms
[227.298s][info][gc] GC(5523) Pause Young (Concurrent Start) (G1 Humongous Allocation) 898M->52M(2000M) 1.156ms
[227.298s][info][gc] GC(5524) Concurrent Undo Cycle
[227.300s][info][gc] GC(5524) Concurrent Undo Cycle 1.818ms
[227.355s][info][gc] GC(5525) Pause Young (Concurrent Start) (G1 Humongous Allocation) 898M->56M(2000M) 1.225ms
[227.355s][info][gc] GC(5526) Concurrent Undo Cycle
[227.357s][info][gc] GC(5526) Concurrent Undo Cycle 1.985ms
[227.413s][info][gc] GC(5527) Pause Young (Concurrent Start) (G1 Humongous Allocation) 898M->52M(2000M) 1.207ms
[227.413s][info][gc] GC(5528) Concurrent Undo Cycle
[227.415s][info][gc] GC(5528) Concurrent Undo Cycle 2.574ms
[227.471s][info][gc] GC(5529) Pause Young (Concurrent Start) (G1 Humongous Allocation) 898M->52M(2000M) 1.333ms
[227.471s][info][gc] GC(5530) Concurrent Undo Cycle
[227.473s][info][gc] GC(5530) Concurrent Undo Cycle 1.762ms
[227.528s][info][gc] GC(5531) Pause Young (Concurrent Start) (G1 Humongous Allocation) 898M->56M(2000M) 1.252ms
[227.528s][info][gc] GC(5532) Concurrent Undo Cycle
[227.530s][info][gc] GC(5532) Concurrent Undo Cycle 1.788ms
[227.585s][info][gc] GC(5533) Pause Young (Concurrent Start) (G1 Humongous Allocation) 898M->52M(2000M) 1.252ms
[227.585s][info][gc] GC(5534) Concurrent Undo Cycle
[227.587s][info][gc] GC(5534) Concurrent Undo Cycle 1.755ms
[227.642s][info][gc] GC(5535) Pause Young (Concurrent Start) (G1 Humongous Allocation) 898M->52M(2000M) 1.185ms
[227.642s][info][gc] GC(5536) Concurrent Undo Cycle
[227.643s][info][gc] GC(5536) Concurrent Undo Cycle 1.775ms
[227.699s][info][gc] GC(5537) Pause Young (Concurrent Start) (G1 Humongous Allocation) 898M->56M(2000M) 1.381ms
[227.699s][info][gc] GC(5538) Concurrent Undo Cycle
[227.700s][info][gc] GC(5538) Concurrent Undo Cycle 1.634ms
[227.756s][info][gc] GC(5539) Pause Young (Concurrent Start) (G1 Humongous Allocation) 898M->52M(2000M) 1.380ms
[227.756s][info][gc] GC(5540) Concurrent Undo Cycle
[227.758s][info][gc] GC(5540) Concurrent Undo Cycle 1.796ms
[227.813s][info][gc] GC(5541) Pause Young (Concurrent Start) (G1 Humongous Allocation) 898M->52M(2000M) 1.343ms
[227.813s][info][gc] GC(5542) Concurrent Undo Cycle
[227.816s][info][gc] GC(5542) Concurrent Undo Cycle 2.526ms
[227.871s][info][gc] GC(5543) Pause Young (Concurrent Start) (G1 Humongous Allocation) 898M->56M(2000M) 1.323ms
[227.871s][info][gc] GC(5544) Concurrent Undo Cycle
[227.873s][info][gc] GC(5544) Concurrent Undo Cycle 2.562ms
[227.933s][info][gc] GC(5545) Pause Young (Concurrent Start) (G1 Humongous Allocation) 898M->52M(2000M) 1.466ms
[227.933s][info][gc] GC(5546) Concurrent Undo Cycle
[227.935s][info][gc] GC(5546) Concurrent Undo Cycle 2.233ms
[227.991s][info][gc] GC(5547) Pause Young (Concurrent Start) (G1 Humongous Allocation) 898M->52M(2000M) 1.313ms
[227.991s][info][gc] GC(5548) Concurrent Undo Cycle
[227.994s][info][gc] GC(5548) Concurrent Undo Cycle 2.028ms
[228.050s][info][gc] GC(5549) Pause Young (Concurrent Start) (G1 Humongous Allocation) 898M->56M(2000M) 1.262ms
[228.050s][info][gc] GC(5550) Concurrent Undo Cycle
[228.052s][info][gc] GC(5550) Concurrent Undo Cycle 2.007ms
[228.109s][info][gc] GC(5551) Pause Young (Concurrent Start) (G1 Humongous Allocation) 898M->52M(2000M) 1.196ms
[228.109s][info][gc] GC(5552) Concurrent Undo Cycle
[228.112s][info][gc] GC(5552) Concurrent Undo Cycle 2.554ms
[228.167s][info][gc] GC(5553) Pause Young (Concurrent Start) (G1 Humongous Allocation) 898M->52M(2000M) 1.329ms
[228.167s][info][gc] GC(5554) Concurrent Undo Cycle
[228.170s][info][gc] GC(5554) Concurrent Undo Cycle 2.449ms
[228.225s][info][gc] GC(5555) Pause Young (Concurrent Start) (G1 Humongous Allocation) 898M->56M(2000M) 1.291ms
[228.225s][info][gc] GC(5556) Concurrent Undo Cycle
[228.228s][info][gc] GC(5556) Concurrent Undo Cycle 2.675ms
[228.283s][info][gc] GC(5557) Pause Young (Concurrent Start) (G1 Humongous Allocation) 898M->52M(2000M) 1.128ms
[228.283s][info][gc] GC(5558) Concurrent Undo Cycle
[228.285s][info][gc] GC(5558) Concurrent Undo Cycle 2.030ms
[228.342s][info][gc] GC(5559) Pause Young (Concurrent Start) (G1 Humongous Allocation) 898M->52M(2000M) 1.387ms
[228.342s][info][gc] GC(5560) Concurrent Undo Cycle
[228.344s][info][gc] GC(5560) Concurrent Undo Cycle 1.757ms
[228.399s][info][gc] GC(5561) Pause Young (Concurrent Start) (G1 Humongous Allocation) 898M->56M(2000M) 0.993ms
[228.399s][info][gc] GC(5562) Concurrent Undo Cycle
[228.401s][info][gc] GC(5562) Concurrent Undo Cycle 1.817ms
[228.455s][info][gc] GC(5563) Pause Young (Concurrent Start) (G1 Humongous Allocation) 898M->52M(2000M) 1.223ms
[228.455s][info][gc] GC(5564) Concurrent Undo Cycle
[228.458s][info][gc] GC(5564) Concurrent Undo Cycle 2.566ms
[228.513s][info][gc] GC(5565) Pause Young (Concurrent Start) (G1 Humongous Allocation) 898M->52M(2000M) 1.290ms
[228.513s][info][gc] GC(5566) Concurrent Undo Cycle
[228.515s][info][gc] GC(5566) Concurrent Undo Cycle 1.727ms
[228.570s][info][gc] GC(5567) Pause Young (Concurrent Start) (G1 Humongous Allocation) 898M->56M(2000M) 1.325ms
[228.570s][info][gc] GC(5568) Concurrent Undo Cycle
[228.572s][info][gc] GC(5568) Concurrent Undo Cycle 1.893ms
[228.626s][info][gc] GC(5569) Pause Young (Concurrent Start) (G1 Humongous Allocation) 899M->52M(2000M) 1.187ms
[228.626s][info][gc] GC(5570) Concurrent Undo Cycle
[228.629s][info][gc] GC(5570) Concurrent Undo Cycle 2.562ms
[228.684s][info][gc] GC(5571) Pause Young (Concurrent Start) (G1 Humongous Allocation) 899M->53M(2000M) 1.399ms
[228.684s][info][gc] GC(5572) Concurrent Undo Cycle
[228.686s][info][gc] GC(5572) Concurrent Undo Cycle 1.740ms
[228.741s][info][gc] GC(5573) Pause Young (Concurrent Start) (G1 Humongous Allocation) 899M->57M(2000M) 1.376ms
[228.741s][info][gc] GC(5574) Concurrent Undo Cycle
[228.743s][info][gc] GC(5574) Concurrent Undo Cycle 1.776ms
[228.798s][info][gc] GC(5575) Pause Young (Concurrent Start) (G1 Humongous Allocation) 899M->53M(2000M) 1.006ms
[228.798s][info][gc] GC(5576) Concurrent Undo Cycle
[228.799s][info][gc] GC(5576) Concurrent Undo Cycle 1.722ms
[228.854s][info][gc] GC(5577) Pause Young (Concurrent Start) (G1 Humongous Allocation) 899M->53M(2000M) 1.294ms
[228.854s][info][gc] GC(5578) Concurrent Undo Cycle
[228.856s][info][gc] GC(5578) Concurrent Undo Cycle 1.746ms
[228.911s][info][gc] GC(5579) Pause Young (Concurrent Start) (G1 Humongous Allocation) 899M->57M(2000M) 1.260ms
[228.911s][info][gc] GC(5580) Concurrent Undo Cycle
[228.912s][info][gc] GC(5580) Concurrent Undo Cycle 1.718ms
[228.968s][info][gc] GC(5581) Pause Young (Concurrent Start) (G1 Humongous Allocation) 899M->53M(2000M) 1.120ms
[228.968s][info][gc] GC(5582) Concurrent Undo Cycle
[228.970s][info][gc] GC(5582) Concurrent Undo Cycle 1.935ms
[229.025s][info][gc] GC(5583) Pause Young (Concurrent Start) (G1 Humongous Allocation) 899M->53M(2000M) 1.115ms
[229.025s][info][gc] GC(5584) Concurrent Undo Cycle
[229.027s][info][gc] GC(5584) Concurrent Undo Cycle 1.829ms
[229.083s][info][gc] GC(5585) Pause Young (Concurrent Start) (G1 Humongous Allocation) 899M->57M(2000M) 1.230ms
[229.083s][info][gc] GC(5586) Concurrent Undo Cycle
[229.085s][info][gc] GC(5586) Concurrent Undo Cycle 1.955ms
[229.140s][info][gc] GC(5587) Pause Young (Concurrent Start) (G1 Humongous Allocation) 899M->53M(2000M) 1.290ms
[229.140s][info][gc] GC(5588) Concurrent Undo Cycle
[229.142s][info][gc] GC(5588) Concurrent Undo Cycle 1.801ms
[229.196s][info][gc] GC(5589) Pause Young (Concurrent Start) (G1 Humongous Allocation) 899M->53M(2000M) 1.176ms
[229.196s][info][gc] GC(5590) Concurrent Undo Cycle
[229.198s][info][gc] GC(5590) Concurrent Undo Cycle 1.730ms
[229.253s][info][gc] GC(5591) Pause Young (Concurrent Start) (G1 Humongous Allocation) 899M->57M(2000M) 1.305ms
[229.253s][info][gc] GC(5592) Concurrent Undo Cycle
[229.256s][info][gc] GC(5592) Concurrent Undo Cycle 2.597ms
[229.310s][info][gc] GC(5593) Pause Young (Concurrent Start) (G1 Humongous Allocation) 899M->53M(2000M) 1.220ms
[229.310s][info][gc] GC(5594) Concurrent Undo Cycle
[229.312s][info][gc] GC(5594) Concurrent Undo Cycle 1.786ms
[229.368s][info][gc] GC(5595) Pause Young (Concurrent Start) (G1 Humongous Allocation) 899M->53M(2000M) 1.206ms
[229.368s][info][gc] GC(5596) Concurrent Undo Cycle
[229.370s][info][gc] GC(5596) Concurrent Undo Cycle 2.720ms
[229.425s][info][gc] GC(5597) Pause Young (Concurrent Start) (G1 Humongous Allocation) 899M->57M(2000M) 1.170ms
[229.426s][info][gc] GC(5598) Concurrent Undo Cycle
[229.427s][info][gc] GC(5598) Concurrent Undo Cycle 1.766ms
[229.482s][info][gc] GC(5599) Pause Young (Concurrent Start) (G1 Humongous Allocation) 899M->53M(2000M) 1.193ms
[229.482s][info][gc] GC(5600) Concurrent Undo Cycle
[229.484s][info][gc] GC(5600) Concurrent Undo Cycle 1.905ms
[229.539s][info][gc] GC(5601) Pause Young (Concurrent Start) (G1 Humongous Allocation) 899M->53M(2000M) 1.278ms
[229.539s][info][gc] GC(5602) Concurrent Undo Cycle
[229.540s][info][gc] GC(5602) Concurrent Undo Cycle 1.760ms
[229.595s][info][gc] GC(5603) Pause Young (Concurrent Start) (G1 Humongous Allocation) 899M->57M(2000M) 1.300ms
[229.596s][info][gc] GC(5604) Concurrent Undo Cycle
[229.597s][info][gc] GC(5604) Concurrent Undo Cycle 1.777ms
[229.652s][info][gc] GC(5605) Pause Young (Concurrent Start) (G1 Humongous Allocation) 899M->53M(2000M) 1.249ms
[229.652s][info][gc] GC(5606) Concurrent Undo Cycle
[229.654s][info][gc] GC(5606) Concurrent Undo Cycle 1.724ms
[229.709s][info][gc] GC(5607) Pause Young (Concurrent Start) (G1 Humongous Allocation) 899M->53M(2000M) 1.356ms
[229.709s][info][gc] GC(5608) Concurrent Undo Cycle
[229.711s][info][gc] GC(5608) Concurrent Undo Cycle 2.578ms
[229.766s][info][gc] GC(5609) Pause Young (Concurrent Start) (G1 Humongous Allocation) 899M->57M(2000M) 1.205ms
[229.766s][info][gc] GC(5610) Concurrent Undo Cycle
[229.768s][info][gc] GC(5610) Concurrent Undo Cycle 1.820ms
[229.824s][info][gc] GC(5611) Pause Young (Concurrent Start) (G1 Humongous Allocation) 899M->53M(2000M) 1.434ms
[229.824s][info][gc] GC(5612) Concurrent Undo Cycle
[229.825s][info][gc] GC(5612) Concurrent Undo Cycle 1.745ms
[229.880s][info][gc] GC(5613) Pause Young (Concurrent Start) (G1 Humongous Allocation) 899M->53M(2000M) 1.323ms
[229.880s][info][gc] GC(5614) Concurrent Undo Cycle
[229.882s][info][gc] GC(5614) Concurrent Undo Cycle 1.996ms
[229.938s][info][gc] GC(5615) Pause Young (Concurrent Start) (G1 Humongous Allocation) 899M->57M(2000M) 1.153ms
[229.938s][info][gc] GC(5616) Concurrent Undo Cycle
[229.940s][info][gc] GC(5616) Concurrent Undo Cycle 1.791ms
[229.996s][info][gc] GC(5617) Pause Young (Concurrent Start) (G1 Humongous Allocation) 899M->53M(2000M) 1.326ms
[229.996s][info][gc] GC(5618) Concurrent Undo Cycle
[229.997s][info][gc] GC(5618) Concurrent Undo Cycle 1.762ms
[230.056s][info][gc] GC(5619) Pause Young (Concurrent Start) (G1 Humongous Allocation) 899M->53M(2000M) 1.213ms
[230.056s][info][gc] GC(5620) Concurrent Undo Cycle
[230.058s][info][gc] GC(5620) Concurrent Undo Cycle 1.743ms
[230.113s][info][gc] GC(5621) Pause Young (Concurrent Start) (G1 Humongous Allocation) 899M->57M(2000M) 1.207ms
[230.113s][info][gc] GC(5622) Concurrent Undo Cycle
[230.116s][info][gc] GC(5622) Concurrent Undo Cycle 2.638ms
[230.172s][info][gc] GC(5623) Pause Young (Concurrent Start) (G1 Humongous Allocation) 899M->53M(2000M) 1.374ms
[230.172s][info][gc] GC(5624) Concurrent Undo Cycle
[230.175s][info][gc] GC(5624) Concurrent Undo Cycle 2.521ms
[230.229s][info][gc] GC(5625) Pause Young (Concurrent Start) (G1 Humongous Allocation) 899M->53M(2000M) 1.574ms
[230.229s][info][gc] GC(5626) Concurrent Undo Cycle
[230.233s][info][gc] GC(5626) Concurrent Undo Cycle 3.536ms
[230.288s][info][gc] GC(5627) Pause Young (Concurrent Start) (G1 Humongous Allocation) 899M->57M(2000M) 1.293ms
[230.288s][info][gc] GC(5628) Concurrent Undo Cycle
[230.290s][info][gc] GC(5628) Concurrent Undo Cycle 1.777ms
[230.347s][info][gc] GC(5629) Pause Young (Concurrent Start) (G1 Humongous Allocation) 899M->53M(2000M) 1.081ms
[230.347s][info][gc] GC(5630) Concurrent Undo Cycle
[230.351s][info][gc] GC(5630) Concurrent Undo Cycle 3.672ms
[230.407s][info][gc] GC(5631) Pause Young (Concurrent Start) (G1 Humongous Allocation) 899M->53M(2000M) 1.213ms
[230.407s][info][gc] GC(5632) Concurrent Undo Cycle
[230.409s][info][gc] GC(5632) Concurrent Undo Cycle 1.825ms
[230.463s][info][gc] GC(5633) Pause Young (Concurrent Start) (G1 Humongous Allocation) 899M->57M(2000M) 1.151ms
[230.463s][info][gc] GC(5634) Concurrent Undo Cycle
[230.465s][info][gc] GC(5634) Concurrent Undo Cycle 1.760ms
[230.520s][info][gc] GC(5635) Pause Young (Concurrent Start) (G1 Humongous Allocation) 899M->53M(2000M) 1.367ms
[230.520s][info][gc] GC(5636) Concurrent Undo Cycle
[230.522s][info][gc] GC(5636) Concurrent Undo Cycle 1.798ms
[230.589s][info][gc] GC(5637) Pause Young (Concurrent Start) (G1 Humongous Allocation) 899M->53M(2000M) 1.295ms
[230.589s][info][gc] GC(5638) Concurrent Undo Cycle
[230.591s][info][gc] GC(5638) Concurrent Undo Cycle 2.536ms
[230.648s][info][gc] GC(5639) Pause Young (Concurrent Start) (G1 Humongous Allocation) 899M->57M(2000M) 1.404ms
[230.649s][info][gc] GC(5640) Concurrent Undo Cycle
[230.650s][info][gc] GC(5640) Concurrent Undo Cycle 1.738ms
[230.705s][info][gc] GC(5641) Pause Young (Concurrent Start) (G1 Humongous Allocation) 899M->53M(2000M) 1.206ms
[230.705s][info][gc] GC(5642) Concurrent Undo Cycle
[230.708s][info][gc] GC(5642) Concurrent Undo Cycle 2.561ms
[230.763s][info][gc] GC(5643) Pause Young (Concurrent Start) (G1 Humongous Allocation) 899M->53M(2000M) 1.283ms
[230.763s][info][gc] GC(5644) Concurrent Undo Cycle
[230.765s][info][gc] GC(5644) Concurrent Undo Cycle 2.060ms
[230.825s][info][gc] GC(5645) Pause Young (Concurrent Start) (G1 Humongous Allocation) 899M->57M(2000M) 1.326ms
[230.825s][info][gc] GC(5646) Concurrent Undo Cycle
[230.828s][info][gc] GC(5646) Concurrent Undo Cycle 2.601ms
[230.883s][info][gc] GC(5647) Pause Young (Concurrent Start) (G1 Humongous Allocation) 899M->53M(2000M) 1.184ms
[230.883s][info][gc] GC(5648) Concurrent Undo Cycle
[230.886s][info][gc] GC(5648) Concurrent Undo Cycle 2.128ms
[230.941s][info][gc] GC(5649) Pause Young (Concurrent Start) (G1 Humongous Allocation) 899M->53M(2000M) 1.157ms
[230.941s][info][gc] GC(5650) Concurrent Undo Cycle
[230.942s][info][gc] GC(5650) Concurrent Undo Cycle 1.770ms
[230.997s][info][gc] GC(5651) Pause Young (Concurrent Start) (G1 Humongous Allocation) 899M->57M(2000M) 1.262ms
[230.998s][info][gc] GC(5652) Concurrent Undo Cycle
[230.999s][info][gc] GC(5652) Concurrent Undo Cycle 1.750ms
[231.055s][info][gc] GC(5653) Pause Young (Concurrent Start) (G1 Humongous Allocation) 899M->53M(2000M) 1.177ms
[231.055s][info][gc] GC(5654) Concurrent Undo Cycle
[231.058s][info][gc] GC(5654) Concurrent Undo Cycle 2.551ms
[231.114s][info][gc] GC(5655) Pause Young (Concurrent Start) (G1 Humongous Allocation) 899M->53M(2000M) 1.238ms
[231.115s][info][gc] GC(5656) Concurrent Undo Cycle
[231.117s][info][gc] GC(5656) Concurrent Undo Cycle 2.611ms
[231.176s][info][gc] GC(5657) Pause Young (Concurrent Start) (G1 Humongous Allocation) 899M->57M(2000M) 1.373ms
[231.176s][info][gc] GC(5658) Concurrent Undo Cycle
[231.177s][info][gc] GC(5658) Concurrent Undo Cycle 1.809ms
[231.237s][info][gc] GC(5659) Pause Young (Concurrent Start) (G1 Humongous Allocation) 899M->53M(2000M) 1.278ms
[231.237s][info][gc] GC(5660) Concurrent Undo Cycle
[231.239s][info][gc] GC(5660) Concurrent Undo Cycle 2.033ms
[231.297s][info][gc] GC(5661) Pause Young (Concurrent Start) (G1 Humongous Allocation) 899M->53M(2000M) 1.281ms
[231.298s][info][gc] GC(5662) Concurrent Undo Cycle
[231.300s][info][gc] GC(5662) Concurrent Undo Cycle 2.204ms
[231.360s][info][gc] GC(5663) Pause Young (Concurrent Start) (G1 Humongous Allocation) 899M->57M(2000M) 1.159ms
[231.360s][info][gc] GC(5664) Concurrent Undo Cycle
[231.362s][info][gc] GC(5664) Concurrent Undo Cycle 2.586ms
[231.424s][info][gc] GC(5665) Pause Young (Concurrent Start) (G1 Humongous Allocation) 899M->53M(2000M) 1.270ms
[231.424s][info][gc] GC(5666) Concurrent Undo Cycle
[231.426s][info][gc] GC(5666) Concurrent Undo Cycle 1.755ms
[231.481s][info][gc] GC(5667) Pause Young (Concurrent Start) (G1 Humongous Allocation) 899M->53M(2000M) 1.382ms
[231.481s][info][gc] GC(5668) Concurrent Undo Cycle
[231.483s][info][gc] GC(5668) Concurrent Undo Cycle 1.736ms
[231.538s][info][gc] GC(5669) Pause Young (Concurrent Start) (G1 Humongous Allocation) 899M->57M(2000M) 1.269ms
[231.538s][info][gc] GC(5670) Concurrent Undo Cycle
[231.540s][info][gc] GC(5670) Concurrent Undo Cycle 1.873ms
[231.595s][info][gc] GC(5671) Pause Young (Concurrent Start) (G1 Humongous Allocation) 899M->53M(2000M) 1.271ms
[231.595s][info][gc] GC(5672) Concurrent Undo Cycle
[231.597s][info][gc] GC(5672) Concurrent Undo Cycle 1.755ms
[231.653s][info][gc] GC(5673) Pause Young (Concurrent Start) (G1 Humongous Allocation) 899M->53M(2000M) 1.169ms
[231.653s][info][gc] GC(5674) Concurrent Undo Cycle
[231.655s][info][gc] GC(5674) Concurrent Undo Cycle 1.814ms
[231.711s][info][gc] GC(5675) Pause Young (Concurrent Start) (G1 Humongous Allocation) 899M->57M(2000M) 1.205ms
[231.711s][info][gc] GC(5676) Concurrent Undo Cycle
[231.713s][info][gc] GC(5676) Concurrent Undo Cycle 1.683ms
[231.768s][info][gc] GC(5677) Pause Young (Concurrent Start) (G1 Humongous Allocation) 899M->53M(2000M) 1.330ms
[231.768s][info][gc] GC(5678) Concurrent Undo Cycle
[231.770s][info][gc] GC(5678) Concurrent Undo Cycle 1.771ms
[231.827s][info][gc] GC(5679) Pause Young (Concurrent Start) (G1 Humongous Allocation) 899M->53M(2000M) 1.345ms
[231.827s][info][gc] GC(5680) Concurrent Undo Cycle
[231.829s][info][gc] GC(5680) Concurrent Undo Cycle 1.699ms
[231.884s][info][gc] GC(5681) Pause Young (Concurrent Start) (G1 Humongous Allocation) 899M->57M(2000M) 1.205ms
[231.884s][info][gc] GC(5682) Concurrent Undo Cycle
[231.887s][info][gc] GC(5682) Concurrent Undo Cycle 2.532ms
[231.941s][info][gc] GC(5683) Pause Young (Concurrent Start) (G1 Humongous Allocation) 899M->53M(2000M) 1.156ms
[231.941s][info][gc] GC(5684) Concurrent Undo Cycle
[231.943s][info][gc] GC(5684) Concurrent Undo Cycle 1.705ms
[231.998s][info][gc] GC(5685) Pause Young (Concurrent Start) (G1 Humongous Allocation) 899M->53M(2000M) 1.380ms
[231.998s][info][gc] GC(5686) Concurrent Undo Cycle
[232.000s][info][gc] GC(5686) Concurrent Undo Cycle 1.694ms
[232.056s][info][gc] GC(5687) Pause Young (Concurrent Start) (G1 Humongous Allocation) 899M->57M(2000M) 1.097ms
[232.056s][info][gc] GC(5688) Concurrent Undo Cycle
[232.058s][info][gc] GC(5688) Concurrent Undo Cycle 1.821ms
[232.114s][info][gc] GC(5689) Pause Young (Concurrent Start) (G1 Humongous Allocation) 899M->53M(2000M) 1.204ms
[232.114s][info][gc] GC(5690) Concurrent Undo Cycle
[232.116s][info][gc] GC(5690) Concurrent Undo Cycle 1.961ms
[232.171s][info][gc] GC(5691) Pause Young (Concurrent Start) (G1 Humongous Allocation) 899M->53M(2000M) 1.220ms
[232.171s][info][gc] GC(5692) Concurrent Undo Cycle
[232.173s][info][gc] GC(5692) Concurrent Undo Cycle 1.722ms
[232.228s][info][gc] GC(5693) Pause Young (Concurrent Start) (G1 Humongous Allocation) 899M->57M(2000M) 1.216ms
[232.228s][info][gc] GC(5694) Concurrent Undo Cycle
[232.230s][info][gc] GC(5694) Concurrent Undo Cycle 2.189ms
[232.287s][info][gc] GC(5695) Pause Young (Concurrent Start) (G1 Humongous Allocation) 899M->53M(2000M) 1.194ms
[232.287s][info][gc] GC(5696) Concurrent Undo Cycle
[232.289s][info][gc] GC(5696) Concurrent Undo Cycle 2.527ms
[232.344s][info][gc] GC(5697) Pause Young (Concurrent Start) (G1 Humongous Allocation) 899M->53M(2000M) 1.327ms
[232.345s][info][gc] GC(5698) Concurrent Undo Cycle
[232.346s][info][gc] GC(5698) Concurrent Undo Cycle 1.718ms
[232.402s][info][gc] GC(5699) Pause Young (Concurrent Start) (G1 Humongous Allocation) 899M->57M(2000M) 1.230ms
[232.402s][info][gc] GC(5700) Concurrent Undo Cycle
[232.404s][info][gc] GC(5700) Concurrent Undo Cycle 1.758ms
[232.459s][info][gc] GC(5701) Pause Young (Concurrent Start) (G1 Humongous Allocation) 900M->53M(2000M) 1.137ms
[232.459s][info][gc] GC(5702) Concurrent Undo Cycle
[232.461s][info][gc] GC(5702) Concurrent Undo Cycle 1.723ms
[232.517s][info][gc] GC(5703) Pause Young (Concurrent Start) (G1 Humongous Allocation) 900M->54M(2000M) 1.311ms
[232.518s][info][gc] GC(5704) Concurrent Undo Cycle
[232.519s][info][gc] GC(5704) Concurrent Undo Cycle 1.791ms
[232.575s][info][gc] GC(5705) Pause Young (Concurrent Start) (G1 Humongous Allocation) 900M->58M(2000M) 1.059ms
[232.575s][info][gc] GC(5706) Concurrent Undo Cycle
[232.577s][info][gc] GC(5706) Concurrent Undo Cycle 1.742ms
[232.632s][info][gc] GC(5707) Pause Young (Concurrent Start) (G1 Humongous Allocation) 900M->54M(2000M) 1.163ms
[232.632s][info][gc] GC(5708) Concurrent Undo Cycle
[232.634s][info][gc] GC(5708) Concurrent Undo Cycle 1.727ms
[232.689s][info][gc] GC(5709) Pause Young (Concurrent Start) (G1 Humongous Allocation) 900M->54M(2000M) 1.284ms
[232.689s][info][gc] GC(5710) Concurrent Undo Cycle
[232.691s][info][gc] GC(5710) Concurrent Undo Cycle 1.584ms
[232.747s][info][gc] GC(5711) Pause Young (Concurrent Start) (G1 Humongous Allocation) 900M->58M(2000M) 1.200ms
[232.747s][info][gc] GC(5712) Concurrent Undo Cycle
[232.749s][info][gc] GC(5712) Concurrent Undo Cycle 1.730ms
[232.804s][info][gc] GC(5713) Pause Young (Concurrent Start) (G1 Humongous Allocation) 900M->54M(2000M) 1.245ms
[232.804s][info][gc] GC(5714) Concurrent Undo Cycle
[232.807s][info][gc] GC(5714) Concurrent Undo Cycle 2.557ms
[232.862s][info][gc] GC(5715) Pause Young (Concurrent Start) (G1 Humongous Allocation) 900M->54M(2000M) 1.201ms
[232.862s][info][gc] GC(5716) Concurrent Undo Cycle
[232.864s][info][gc] GC(5716) Concurrent Undo Cycle 1.710ms
[232.920s][info][gc] GC(5717) Pause Young (Concurrent Start) (G1 Humongous Allocation) 900M->58M(2000M) 1.474ms
[232.920s][info][gc] GC(5718) Concurrent Undo Cycle
[232.924s][info][gc] GC(5718) Concurrent Undo Cycle 4.310ms
[232.979s][info][gc] GC(5719) Pause Young (Concurrent Start) (G1 Humongous Allocation) 900M->54M(2000M) 1.127ms
[232.979s][info][gc] GC(5720) Concurrent Undo Cycle
[232.983s][info][gc] GC(5720) Concurrent Undo Cycle 3.508ms
[233.038s][info][gc] GC(5721) Pause Young (Concurrent Start) (G1 Humongous Allocation) 900M->54M(2000M) 1.178ms
[233.038s][info][gc] GC(5722) Concurrent Undo Cycle
[233.041s][info][gc] GC(5722) Concurrent Undo Cycle 2.522ms
[233.103s][info][gc] GC(5723) Pause Young (Concurrent Start) (G1 Humongous Allocation) 900M->58M(2000M) 1.371ms
[233.103s][info][gc] GC(5724) Concurrent Undo Cycle
[233.105s][info][gc] GC(5724) Concurrent Undo Cycle 1.861ms
[233.161s][info][gc] GC(5725) Pause Young (Concurrent Start) (G1 Humongous Allocation) 900M->54M(2000M) 1.133ms
[233.161s][info][gc] GC(5726) Concurrent Undo Cycle
[233.163s][info][gc] GC(5726) Concurrent Undo Cycle 1.754ms
[233.219s][info][gc] GC(5727) Pause Young (Concurrent Start) (G1 Humongous Allocation) 900M->54M(2000M) 1.361ms
[233.219s][info][gc] GC(5728) Concurrent Undo Cycle
[233.221s][info][gc] GC(5728) Concurrent Undo Cycle 2.558ms
[233.282s][info][gc] GC(5729) Pause Young (Concurrent Start) (G1 Humongous Allocation) 900M->58M(2000M) 1.155ms
[233.282s][info][gc] GC(5730) Concurrent Undo Cycle
[233.285s][info][gc] GC(5730) Concurrent Undo Cycle 2.774ms
[233.342s][info][gc] GC(5731) Pause Young (Concurrent Start) (G1 Humongous Allocation) 900M->54M(2000M) 1.183ms
[233.342s][info][gc] GC(5732) Concurrent Undo Cycle
[233.345s][info][gc] GC(5732) Concurrent Undo Cycle 2.530ms
[233.400s][info][gc] GC(5733) Pause Young (Concurrent Start) (G1 Humongous Allocation) 900M->54M(2000M) 1.157ms
[233.400s][info][gc] GC(5734) Concurrent Undo Cycle
[233.402s][info][gc] GC(5734) Concurrent Undo Cycle 1.792ms
[233.457s][info][gc] GC(5735) Pause Young (Concurrent Start) (G1 Humongous Allocation) 900M->58M(2000M) 1.384ms
[233.457s][info][gc] GC(5736) Concurrent Undo Cycle
[233.459s][info][gc] GC(5736) Concurrent Undo Cycle 1.677ms
[233.515s][info][gc] GC(5737) Pause Young (Concurrent Start) (G1 Humongous Allocation) 900M->54M(2000M) 1.298ms
[233.515s][info][gc] GC(5738) Concurrent Undo Cycle
[233.517s][info][gc] GC(5738) Concurrent Undo Cycle 1.887ms
[233.580s][info][gc] GC(5739) Pause Young (Concurrent Start) (G1 Humongous Allocation) 900M->54M(2000M) 1.290ms
[233.580s][info][gc] GC(5740) Concurrent Undo Cycle
[233.582s][info][gc] GC(5740) Concurrent Undo Cycle 1.698ms
[233.639s][info][gc] GC(5741) Pause Young (Concurrent Start) (G1 Humongous Allocation) 900M->58M(2000M) 1.405ms
[233.639s][info][gc] GC(5742) Concurrent Undo Cycle
[233.641s][info][gc] GC(5742) Concurrent Undo Cycle 1.785ms
[233.699s][info][gc] GC(5743) Pause Young (Concurrent Start) (G1 Humongous Allocation) 900M->54M(2000M) 1.178ms
[233.699s][info][gc] GC(5744) Concurrent Undo Cycle
[233.702s][info][gc] GC(5744) Concurrent Undo Cycle 2.482ms
[233.757s][info][gc] GC(5745) Pause Young (Concurrent Start) (G1 Humongous Allocation) 900M->54M(2000M) 1.211ms
[233.757s][info][gc] GC(5746) Concurrent Undo Cycle
[233.760s][info][gc] GC(5746) Concurrent Undo Cycle 2.609ms
[233.815s][info][gc] GC(5747) Pause Young (Concurrent Start) (G1 Humongous Allocation) 900M->58M(2000M) 1.287ms
[233.815s][info][gc] GC(5748) Concurrent Undo Cycle
[233.817s][info][gc] GC(5748) Concurrent Undo Cycle 1.658ms
[233.874s][info][gc] GC(5749) Pause Young (Concurrent Start) (G1 Humongous Allocation) 900M->54M(2000M) 1.219ms
[233.874s][info][gc] GC(5750) Concurrent Undo Cycle
[233.876s][info][gc] GC(5750) Concurrent Undo Cycle 1.780ms
[233.931s][info][gc] GC(5751) Pause Young (Concurrent Start) (G1 Humongous Allocation) 900M->54M(2000M) 1.192ms
[233.931s][info][gc] GC(5752) Concurrent Undo Cycle
[233.933s][info][gc] GC(5752) Concurrent Undo Cycle 1.763ms
[233.990s][info][gc] GC(5753) Pause Young (Concurrent Start) (G1 Humongous Allocation) 900M->58M(2000M) 1.204ms
[233.990s][info][gc] GC(5754) Concurrent Undo Cycle
[233.993s][info][gc] GC(5754) Concurrent Undo Cycle 2.693ms
[234.049s][info][gc] GC(5755) Pause Young (Concurrent Start) (G1 Humongous Allocation) 900M->54M(2000M) 1.756ms
[234.050s][info][gc] GC(5756) Concurrent Undo Cycle
[234.051s][info][gc] GC(5756) Concurrent Undo Cycle 1.936ms
[234.109s][info][gc] GC(5757) Pause Young (Concurrent Start) (G1 Humongous Allocation) 900M->54M(2000M) 1.146ms
[234.109s][info][gc] GC(5758) Concurrent Undo Cycle
[234.111s][info][gc] GC(5758) Concurrent Undo Cycle 2.505ms
[234.166s][info][gc] GC(5759) Pause Young (Concurrent Start) (G1 Humongous Allocation) 900M->58M(2000M) 1.280ms
[234.166s][info][gc] GC(5760) Concurrent Undo Cycle
[234.169s][info][gc] GC(5760) Concurrent Undo Cycle 2.570ms
[234.224s][info][gc] GC(5761) Pause Young (Concurrent Start) (G1 Humongous Allocation) 900M->54M(2000M) 1.079ms
[234.224s][info][gc] GC(5762) Concurrent Undo Cycle
[234.227s][info][gc] GC(5762) Concurrent Undo Cycle 2.595ms
[234.283s][info][gc] GC(5763) Pause Young (Concurrent Start) (G1 Humongous Allocation) 900M->54M(2000M) 1.303ms
[234.283s][info][gc] GC(5764) Concurrent Undo Cycle
[234.285s][info][gc] GC(5764) Concurrent Undo Cycle 1.761ms
[234.342s][info][gc] GC(5765) Pause Young (Concurrent Start) (G1 Humongous Allocation) 900M->58M(2000M) 1.268ms
[234.342s][info][gc] GC(5766) Concurrent Undo Cycle
[234.344s][info][gc] GC(5766) Concurrent Undo Cycle 2.583ms
[234.400s][info][gc] GC(5767) Pause Young (Concurrent Start) (G1 Humongous Allocation) 900M->54M(2000M) 1.002ms
[234.400s][info][gc] GC(5768) Concurrent Undo Cycle
[234.402s][info][gc] GC(5768) Concurrent Undo Cycle 1.711ms
[234.458s][info][gc] GC(5769) Pause Young (Concurrent Start) (G1 Humongous Allocation) 900M->54M(2000M) 1.314ms
[234.458s][info][gc] GC(5770) Concurrent Undo Cycle
[234.460s][info][gc] GC(5770) Concurrent Undo Cycle 2.549ms
[234.518s][info][gc] GC(5771) Pause Young (Concurrent Start) (G1 Humongous Allocation) 900M->58M(2000M) 1.214ms
[234.518s][info][gc] GC(5772) Concurrent Undo Cycle
[234.521s][info][gc] GC(5772) Concurrent Undo Cycle 2.594ms
[234.576s][info][gc] GC(5773) Pause Young (Concurrent Start) (G1 Humongous Allocation) 900M->54M(2000M) 1.193ms
[234.576s][info][gc] GC(5774) Concurrent Undo Cycle
[234.578s][info][gc] GC(5774) Concurrent Undo Cycle 1.859ms
[234.633s][info][gc] GC(5775) Pause Young (Concurrent Start) (G1 Humongous Allocation) 900M->54M(2000M) 1.311ms
[234.633s][info][gc] GC(5776) Concurrent Undo Cycle
[234.636s][info][gc] GC(5776) Concurrent Undo Cycle 2.580ms
[234.691s][info][gc] GC(5777) Pause Young (Concurrent Start) (G1 Humongous Allocation) 900M->58M(2000M) 1.363ms
[234.691s][info][gc] GC(5778) Concurrent Undo Cycle
[234.693s][info][gc] GC(5778) Concurrent Undo Cycle 1.929ms
[234.749s][info][gc] GC(5779) Pause Young (Concurrent Start) (G1 Humongous Allocation) 900M->54M(2000M) 1.260ms
[234.749s][info][gc] GC(5780) Concurrent Undo Cycle
[234.751s][info][gc] GC(5780) Concurrent Undo Cycle 1.910ms
[234.806s][info][gc] GC(5781) Pause Young (Concurrent Start) (G1 Humongous Allocation) 900M->54M(2000M) 1.246ms
[234.806s][info][gc] GC(5782) Concurrent Undo Cycle
[234.809s][info][gc] GC(5782) Concurrent Undo Cycle 2.562ms
[234.865s][info][gc] GC(5783) Pause Young (Concurrent Start) (G1 Humongous Allocation) 900M->58M(2000M) 1.430ms
[234.865s][info][gc] GC(5784) Concurrent Undo Cycle
[234.868s][info][gc] GC(5784) Concurrent Undo Cycle 2.673ms
[234.925s][info][gc] GC(5785) Pause Young (Concurrent Start) (G1 Humongous Allocation) 900M->54M(2000M) 1.425ms
[234.925s][info][gc] GC(5786) Concurrent Undo Cycle
[234.928s][info][gc] GC(5786) Concurrent Undo Cycle 2.696ms
[234.984s][info][gc] GC(5787) Pause Young (Concurrent Start) (G1 Humongous Allocation) 900M->54M(2000M) 1.193ms
[234.984s][info][gc] GC(5788) Concurrent Undo Cycle
[234.986s][info][gc] GC(5788) Concurrent Undo Cycle 1.720ms
[235.041s][info][gc] GC(5789) Pause Young (Concurrent Start) (G1 Humongous Allocation) 900M->58M(2000M) 1.147ms
[235.041s][info][gc] GC(5790) Concurrent Undo Cycle
[235.043s][info][gc] GC(5790) Concurrent Undo Cycle 1.874ms
[235.098s][info][gc] GC(5791) Pause Young (Concurrent Start) (G1 Humongous Allocation) 900M->54M(2000M) 1.129ms
[235.099s][info][gc] GC(5792) Concurrent Undo Cycle
[235.100s][info][gc] GC(5792) Concurrent Undo Cycle 1.746ms
[235.163s][info][gc] GC(5793) Pause Young (Concurrent Start) (G1 Humongous Allocation) 900M->54M(2000M) 1.367ms
[235.163s][info][gc] GC(5794) Concurrent Undo Cycle
[235.165s][info][gc] GC(5794) Concurrent Undo Cycle 1.747ms
[235.226s][info][gc] GC(5795) Pause Young (Concurrent Start) (G1 Humongous Allocation) 900M->58M(2000M) 1.290ms
[235.226s][info][gc] GC(5796) Concurrent Undo Cycle
[235.228s][info][gc] GC(5796) Concurrent Undo Cycle 1.959ms
[235.297s][info][gc] GC(5797) Pause Young (Concurrent Start) (G1 Humongous Allocation) 900M->54M(2000M) 1.282ms
[235.297s][info][gc] GC(5798) Concurrent Undo Cycle
[235.299s][info][gc] GC(5798) Concurrent Undo Cycle 1.726ms
[235.356s][info][gc] GC(5799) Pause Young (Concurrent Start) (G1 Humongous Allocation) 900M->54M(2000M) 1.239ms
[235.356s][info][gc] GC(5800) Concurrent Undo Cycle
[235.359s][info][gc] GC(5800) Concurrent Undo Cycle 2.616ms
[235.421s][info][gc] GC(5801) Pause Young (Concurrent Start) (G1 Humongous Allocation) 900M->58M(2000M) 1.159ms
[235.421s][info][gc] GC(5802) Concurrent Undo Cycle
[235.425s][info][gc] GC(5802) Concurrent Undo Cycle 4.497ms
[235.492s][info][gc] GC(5803) Pause Young (Concurrent Start) (G1 Humongous Allocation) 900M->54M(2000M) 1.306ms
[235.492s][info][gc] GC(5804) Concurrent Undo Cycle
[235.494s][info][gc] GC(5804) Concurrent Undo Cycle 1.778ms
[235.552s][info][gc] GC(5805) Pause Young (Concurrent Start) (G1 Humongous Allocation) 900M->54M(2000M) 1.340ms
[235.552s][info][gc] GC(5806) Concurrent Undo Cycle
[235.555s][info][gc] GC(5806) Concurrent Undo Cycle 2.463ms
[235.610s][info][gc] GC(5807) Pause Young (Concurrent Start) (G1 Humongous Allocation) 900M->58M(2000M) 1.390ms
[235.610s][info][gc] GC(5808) Concurrent Undo Cycle
[235.613s][info][gc] GC(5808) Concurrent Undo Cycle 2.604ms
[235.668s][info][gc] GC(5809) Pause Young (Concurrent Start) (G1 Humongous Allocation) 900M->54M(2000M) 1.171ms
[235.668s][info][gc] GC(5810) Concurrent Undo Cycle
[235.670s][info][gc] GC(5810) Concurrent Undo Cycle 1.777ms
[235.726s][info][gc] GC(5811) Pause Young (Concurrent Start) (G1 Humongous Allocation) 900M->54M(2000M) 1.274ms
[235.726s][info][gc] GC(5812) Concurrent Undo Cycle
[235.728s][info][gc] GC(5812) Concurrent Undo Cycle 1.716ms
[235.786s][info][gc] GC(5813) Pause Young (Concurrent Start) (G1 Humongous Allocation) 900M->58M(2000M) 1.270ms
[235.786s][info][gc] GC(5814) Concurrent Undo Cycle
[235.789s][info][gc] GC(5814) Concurrent Undo Cycle 2.562ms
[235.848s][info][gc] GC(5815) Pause Young (Concurrent Start) (G1 Humongous Allocation) 900M->54M(2000M) 1.576ms
[235.848s][info][gc] GC(5816) Concurrent Undo Cycle
[235.851s][info][gc] GC(5816) Concurrent Undo Cycle 2.601ms
[235.907s][info][gc] GC(5817) Pause Young (Concurrent Start) (G1 Humongous Allocation) 900M->54M(2000M) 1.391ms
[235.907s][info][gc] GC(5818) Concurrent Undo Cycle
[235.909s][info][gc] GC(5818) Concurrent Undo Cycle 2.455ms
[235.966s][info][gc] GC(5819) Pause Young (Concurrent Start) (G1 Humongous Allocation) 900M->58M(2000M) 1.107ms
[235.966s][info][gc] GC(5820) Concurrent Undo Cycle
[235.968s][info][gc] GC(5820) Concurrent Undo Cycle 1.678ms
[236.024s][info][gc] GC(5821) Pause Young (Concurrent Start) (G1 Humongous Allocation) 900M->54M(2000M) 1.249ms
[236.024s][info][gc] GC(5822) Concurrent Undo Cycle
[236.026s][info][gc] GC(5822) Concurrent Undo Cycle 1.762ms
[236.082s][info][gc] GC(5823) Pause Young (Concurrent Start) (G1 Humongous Allocation) 900M->54M(2000M) 1.334ms
[236.082s][info][gc] GC(5824) Concurrent Undo Cycle
[236.084s][info][gc] GC(5824) Concurrent Undo Cycle 1.746ms
[236.141s][info][gc] GC(5825) Pause Young (Concurrent Start) (G1 Humongous Allocation) 900M->58M(2000M) 1.039ms
[236.141s][info][gc] GC(5826) Concurrent Undo Cycle
[236.142s][info][gc] GC(5826) Concurrent Undo Cycle 1.853ms
[236.210s][info][gc] GC(5827) Pause Young (Concurrent Start) (G1 Humongous Allocation) 900M->54M(2000M) 1.321ms
[236.211s][info][gc] GC(5828) Concurrent Undo Cycle
[236.213s][info][gc] GC(5828) Concurrent Undo Cycle 2.691ms
[236.271s][info][gc] GC(5829) Pause Young (Concurrent Start) (G1 Humongous Allocation) 900M->54M(2000M) 1.455ms
[236.271s][info][gc] GC(5830) Concurrent Undo Cycle
[236.274s][info][gc] GC(5830) Concurrent Undo Cycle 3.139ms
[236.336s][info][gc] GC(5831) Pause Young (Concurrent Start) (G1 Humongous Allocation) 900M->58M(2000M) 1.247ms
[236.336s][info][gc] GC(5832) Concurrent Undo Cycle
[236.338s][info][gc] GC(5832) Concurrent Undo Cycle 2.068ms
[236.397s][info][gc] GC(5833) Pause Young (Concurrent Start) (G1 Humongous Allocation) 900M->54M(2000M) 1.408ms
[236.398s][info][gc] GC(5834) Concurrent Undo Cycle
[236.400s][info][gc] GC(5834) Concurrent Undo Cycle 2.826ms
[236.458s][info][gc] GC(5835) Pause Young (Concurrent Start) (G1 Humongous Allocation) 900M->54M(2000M) 1.253ms
[236.458s][info][gc] GC(5836) Concurrent Undo Cycle
[236.460s][info][gc] GC(5836) Concurrent Undo Cycle 1.673ms
[236.518s][info][gc] GC(5837) Pause Young (Concurrent Start) (G1 Humongous Allocation) 901M->58M(2000M) 1.098ms
[236.518s][info][gc] GC(5838) Concurrent Undo Cycle
[236.520s][info][gc] GC(5838) Concurrent Undo Cycle 1.669ms
[236.578s][info][gc] GC(5839) Pause Young (Concurrent Start) (G1 Humongous Allocation) 901M->55M(2000M) 1.302ms
[236.578s][info][gc] GC(5840) Concurrent Undo Cycle
[236.580s][info][gc] GC(5840) Concurrent Undo Cycle 2.653ms
[236.638s][info][gc] GC(5841) Pause Young (Concurrent Start) (G1 Humongous Allocation) 901M->55M(2000M) 1.294ms
[236.638s][info][gc] GC(5842) Concurrent Undo Cycle
[236.640s][info][gc] GC(5842) Concurrent Undo Cycle 1.892ms
[236.702s][info][gc] GC(5843) Pause Young (Concurrent Start) (G1 Humongous Allocation) 901M->59M(2000M) 1.219ms
[236.702s][info][gc] GC(5844) Concurrent Undo Cycle
[236.704s][info][gc] GC(5844) Concurrent Undo Cycle 1.687ms
[236.762s][info][gc] GC(5845) Pause Young (Concurrent Start) (G1 Humongous Allocation) 901M->55M(2000M) 1.552ms
[236.762s][info][gc] GC(5846) Concurrent Undo Cycle
[236.764s][info][gc] GC(5846) Concurrent Undo Cycle 2.602ms
[236.821s][info][gc] GC(5847) Pause Young (Concurrent Start) (G1 Humongous Allocation) 901M->55M(2000M) 1.212ms
[236.821s][info][gc] GC(5848) Concurrent Undo Cycle
[236.823s][info][gc] GC(5848) Concurrent Undo Cycle 1.855ms
[236.879s][info][gc] GC(5849) Pause Young (Concurrent Start) (G1 Humongous Allocation) 901M->59M(2000M) 1.131ms
[236.879s][info][gc] GC(5850) Concurrent Undo Cycle
[236.882s][info][gc] GC(5850) Concurrent Undo Cycle 2.554ms
[236.952s][info][gc] GC(5851) Pause Young (Concurrent Start) (G1 Humongous Allocation) 901M->55M(2000M) 1.508ms
[236.952s][info][gc] GC(5852) Concurrent Undo Cycle
[236.954s][info][gc] GC(5852) Concurrent Undo Cycle 1.985ms
[237.013s][info][gc] GC(5853) Pause Young (Concurrent Start) (G1 Humongous Allocation) 901M->55M(2000M) 1.582ms
[237.013s][info][gc] GC(5854) Concurrent Undo Cycle
[237.015s][info][gc] GC(5854) Concurrent Undo Cycle 2.056ms
[237.073s][info][gc] GC(5855) Pause Young (Concurrent Start) (G1 Humongous Allocation) 901M->59M(2000M) 1.477ms
[237.073s][info][gc] GC(5856) Concurrent Undo Cycle
[237.075s][info][gc] GC(5856) Concurrent Undo Cycle 1.741ms
[237.132s][info][gc] GC(5857) Pause Young (Concurrent Start) (G1 Humongous Allocation) 901M->55M(2000M) 1.375ms
[237.132s][info][gc] GC(5858) Concurrent Undo Cycle
[237.134s][info][gc] GC(5858) Concurrent Undo Cycle 1.996ms
[237.192s][info][gc] GC(5859) Pause Young (Concurrent Start) (G1 Humongous Allocation) 901M->55M(2000M) 1.561ms
[237.192s][info][gc] GC(5860) Concurrent Undo Cycle
[237.194s][info][gc] GC(5860) Concurrent Undo Cycle 1.960ms
[237.251s][info][gc] GC(5861) Pause Young (Concurrent Start) (G1 Humongous Allocation) 901M->59M(2000M) 1.379ms
[237.251s][info][gc] GC(5862) Concurrent Undo Cycle
[237.253s][info][gc] GC(5862) Concurrent Undo Cycle 1.837ms
[237.309s][info][gc] GC(5863) Pause Young (Concurrent Start) (G1 Humongous Allocation) 901M->55M(2000M) 1.414ms
[237.309s][info][gc] GC(5864) Concurrent Undo Cycle
[237.310s][info][gc] GC(5864) Concurrent Undo Cycle 1.795ms
[237.367s][info][gc] GC(5865) Pause Young (Concurrent Start) (G1 Humongous Allocation) 901M->55M(2000M) 1.571ms
[237.367s][info][gc] GC(5866) Concurrent Undo Cycle
[237.368s][info][gc] GC(5866) Concurrent Undo Cycle 1.760ms
[237.425s][info][gc] GC(5867) Pause Young (Concurrent Start) (G1 Humongous Allocation) 901M->59M(2000M) 1.410ms
[237.425s][info][gc] GC(5868) Concurrent Undo Cycle
[237.427s][info][gc] GC(5868) Concurrent Undo Cycle 1.721ms
[237.484s][info][gc] GC(5869) Pause Young (Concurrent Start) (G1 Humongous Allocation) 901M->55M(2000M) 1.715ms
[237.484s][info][gc] GC(5870) Concurrent Undo Cycle
[237.486s][info][gc] GC(5870) Concurrent Undo Cycle 1.881ms
[237.543s][info][gc] GC(5871) Pause Young (Concurrent Start) (G1 Humongous Allocation) 901M->55M(2000M) 1.512ms
[237.543s][info][gc] GC(5872) Concurrent Undo Cycle
[237.545s][info][gc] GC(5872) Concurrent Undo Cycle 1.907ms
[237.602s][info][gc] GC(5873) Pause Young (Concurrent Start) (G1 Humongous Allocation) 901M->59M(2000M) 1.501ms
[237.602s][info][gc] GC(5874) Concurrent Undo Cycle
[237.604s][info][gc] GC(5874) Concurrent Undo Cycle 1.812ms
[237.660s][info][gc] GC(5875) Pause Young (Concurrent Start) (G1 Humongous Allocation) 901M->55M(2000M) 1.595ms
[237.660s][info][gc] GC(5876) Concurrent Undo Cycle
[237.662s][info][gc] GC(5876) Concurrent Undo Cycle 1.816ms
[237.718s][info][gc] GC(5877) Pause Young (Concurrent Start) (G1 Humongous Allocation) 901M->55M(2000M) 1.669ms
[237.718s][info][gc] GC(5878) Concurrent Undo Cycle
[237.721s][info][gc] GC(5878) Concurrent Undo Cycle 2.226ms
[237.777s][info][gc] GC(5879) Pause Young (Concurrent Start) (G1 Humongous Allocation) 901M->59M(2000M) 1.566ms
[237.777s][info][gc] GC(5880) Concurrent Undo Cycle
[237.778s][info][gc] GC(5880) Concurrent Undo Cycle 1.781ms
[237.834s][info][gc] GC(5881) Pause Young (Concurrent Start) (G1 Humongous Allocation) 901M->55M(2000M) 1.453ms
[237.834s][info][gc] GC(5882) Concurrent Undo Cycle
[237.836s][info][gc] GC(5882) Concurrent Undo Cycle 1.909ms
[237.892s][info][gc] GC(5883) Pause Young (Concurrent Start) (G1 Humongous Allocation) 901M->55M(2000M) 1.419ms
[237.892s][info][gc] GC(5884) Concurrent Undo Cycle
[237.894s][info][gc] GC(5884) Concurrent Undo Cycle 1.843ms
[237.951s][info][gc] GC(5885) Pause Young (Concurrent Start) (G1 Humongous Allocation) 901M->59M(2000M) 1.810ms
[237.951s][info][gc] GC(5886) Concurrent Undo Cycle
[237.954s][info][gc] GC(5886) Concurrent Undo Cycle 2.313ms
[238.011s][info][gc] GC(5887) Pause Young (Concurrent Start) (G1 Humongous Allocation) 901M->55M(2000M) 1.731ms
[238.011s][info][gc] GC(5888) Concurrent Undo Cycle
[238.013s][info][gc] GC(5888) Concurrent Undo Cycle 1.984ms
[238.071s][info][gc] GC(5889) Pause Young (Concurrent Start) (G1 Humongous Allocation) 901M->55M(2000M) 2.445ms
[238.071s][info][gc] GC(5890) Concurrent Undo Cycle
[238.073s][info][gc] GC(5890) Concurrent Undo Cycle 1.771ms
[238.130s][info][gc] GC(5891) Pause Young (Concurrent Start) (G1 Humongous Allocation) 901M->59M(2000M) 1.841ms
[238.130s][info][gc] GC(5892) Concurrent Undo Cycle
[238.131s][info][gc] GC(5892) Concurrent Undo Cycle 1.759ms
[238.188s][info][gc] GC(5893) Pause Young (Concurrent Start) (G1 Humongous Allocation) 901M->55M(2000M) 1.633ms
[238.188s][info][gc] GC(5894) Concurrent Undo Cycle
[238.190s][info][gc] GC(5894) Concurrent Undo Cycle 1.808ms
[238.247s][info][gc] GC(5895) Pause Young (Concurrent Start) (G1 Humongous Allocation) 901M->55M(2000M) 1.656ms
[238.247s][info][gc] GC(5896) Concurrent Undo Cycle
[238.248s][info][gc] GC(5896) Concurrent Undo Cycle 1.771ms
[238.305s][info][gc] GC(5897) Pause Young (Concurrent Start) (G1 Humongous Allocation) 901M->59M(2000M) 1.450ms
[238.305s][info][gc] GC(5898) Concurrent Undo Cycle
[238.307s][info][gc] GC(5898) Concurrent Undo Cycle 1.760ms
[238.364s][info][gc] GC(5899) Pause Young (Concurrent Start) (G1 Humongous Allocation) 901M->55M(2000M) 1.661ms
[238.364s][info][gc] GC(5900) Concurrent Undo Cycle
[238.365s][info][gc] GC(5900) Concurrent Undo Cycle 1.804ms
[238.422s][info][gc] GC(5901) Pause Young (Concurrent Start) (G1 Humongous Allocation) 901M->55M(2000M) 1.573ms
[238.422s][info][gc] GC(5902) Concurrent Undo Cycle
[238.424s][info][gc] GC(5902) Concurrent Undo Cycle 1.943ms
[238.480s][info][gc] GC(5903) Pause Young (Concurrent Start) (G1 Humongous Allocation) 901M->59M(2000M) 1.436ms
[238.480s][info][gc] GC(5904) Concurrent Undo Cycle
[238.482s][info][gc] GC(5904) Concurrent Undo Cycle 1.784ms
[238.539s][info][gc] GC(5905) Pause Young (Concurrent Start) (G1 Humongous Allocation) 901M->55M(2000M) 1.647ms
[238.540s][info][gc] GC(5906) Concurrent Undo Cycle
[238.542s][info][gc] GC(5906) Concurrent Undo Cycle 1.981ms
[238.598s][info][gc] GC(5907) Pause Young (Concurrent Start) (G1 Humongous Allocation) 901M->55M(2000M) 1.431ms
[238.598s][info][gc] GC(5908) Concurrent Undo Cycle
[238.600s][info][gc] GC(5908) Concurrent Undo Cycle 1.984ms
[238.657s][info][gc] GC(5909) Pause Young (Concurrent Start) (G1 Humongous Allocation) 901M->59M(2000M) 1.639ms
[238.657s][info][gc] GC(5910) Concurrent Undo Cycle
[238.659s][info][gc] GC(5910) Concurrent Undo Cycle 2.036ms
[238.716s][info][gc] GC(5911) Pause Young (Concurrent Start) (G1 Humongous Allocation) 901M->55M(2000M) 1.434ms
[238.716s][info][gc] GC(5912) Concurrent Undo Cycle
[238.718s][info][gc] GC(5912) Concurrent Undo Cycle 1.839ms
[238.775s][info][gc] GC(5913) Pause Young (Concurrent Start) (G1 Humongous Allocation) 901M->55M(2000M) 1.657ms
[238.775s][info][gc] GC(5914) Concurrent Undo Cycle
[238.777s][info][gc] GC(5914) Concurrent Undo Cycle 1.841ms
[238.833s][info][gc] GC(5915) Pause Young (Concurrent Start) (G1 Humongous Allocation) 901M->59M(2000M) 1.406ms
[238.833s][info][gc] GC(5916) Concurrent Undo Cycle
[238.835s][info][gc] GC(5916) Concurrent Undo Cycle 1.875ms
[238.891s][info][gc] GC(5917) Pause Young (Concurrent Start) (G1 Humongous Allocation) 901M->55M(2000M) 1.330ms
[238.891s][info][gc] GC(5918) Concurrent Undo Cycle
[238.893s][info][gc] GC(5918) Concurrent Undo Cycle 1.855ms
[238.950s][info][gc] GC(5919) Pause Young (Concurrent Start) (G1 Humongous Allocation) 901M->55M(2000M) 1.638ms
[238.950s][info][gc] GC(5920) Concurrent Undo Cycle
[238.952s][info][gc] GC(5920) Concurrent Undo Cycle 2.064ms
[239.008s][info][gc] GC(5921) Pause Young (Concurrent Start) (G1 Humongous Allocation) 901M->59M(2000M) 1.566ms
[239.009s][info][gc] GC(5922) Concurrent Undo Cycle
[239.011s][info][gc] GC(5922) Concurrent Undo Cycle 2.269ms
[239.068s][info][gc] GC(5923) Pause Young (Concurrent Start) (G1 Humongous Allocation) 901M->55M(2000M) 1.550ms
[239.068s][info][gc] GC(5924) Concurrent Undo Cycle
[239.070s][info][gc] GC(5924) Concurrent Undo Cycle 1.896ms
[239.128s][info][gc] GC(5925) Pause Young (Concurrent Start) (G1 Humongous Allocation) 901M->55M(2000M) 1.474ms
[239.128s][info][gc] GC(5926) Concurrent Undo Cycle
[239.130s][info][gc] GC(5926) Concurrent Undo Cycle 1.801ms
[239.188s][info][gc] GC(5927) Pause Young (Concurrent Start) (G1 Humongous Allocation) 901M->59M(2000M) 1.522ms
[239.188s][info][gc] GC(5928) Concurrent Undo Cycle
[239.190s][info][gc] GC(5928) Concurrent Undo Cycle 1.692ms
[239.247s][info][gc] GC(5929) Pause Young (Concurrent Start) (G1 Humongous Allocation) 901M->55M(2000M) 1.390ms
[239.247s][info][gc] GC(5930) Concurrent Undo Cycle
[239.249s][info][gc] GC(5930) Concurrent Undo Cycle 1.875ms
[239.306s][info][gc] GC(5931) Pause Young (Concurrent Start) (G1 Humongous Allocation) 901M->55M(2000M) 1.385ms
[239.306s][info][gc] GC(5932) Concurrent Undo Cycle
[239.308s][info][gc] GC(5932) Concurrent Undo Cycle 1.909ms
[239.365s][info][gc] GC(5933) Pause Young (Concurrent Start) (G1 Humongous Allocation) 901M->59M(2000M) 1.827ms
[239.366s][info][gc] GC(5934) Concurrent Undo Cycle
[239.367s][info][gc] GC(5934) Concurrent Undo Cycle 1.875ms
[239.424s][info][gc] GC(5935) Pause Young (Concurrent Start) (G1 Humongous Allocation) 901M->55M(2000M) 1.519ms
[239.424s][info][gc] GC(5936) Concurrent Undo Cycle
[239.426s][info][gc] GC(5936) Concurrent Undo Cycle 2.231ms
[239.482s][info][gc] GC(5937) Pause Young (Concurrent Start) (G1 Humongous Allocation) 901M->55M(2000M) 1.519ms
[239.483s][info][gc] GC(5938) Concurrent Undo Cycle
[239.484s][info][gc] GC(5938) Concurrent Undo Cycle 1.835ms
[239.541s][info][gc] GC(5939) Pause Young (Concurrent Start) (G1 Humongous Allocation) 901M->59M(2000M) 1.686ms
[239.541s][info][gc] GC(5940) Concurrent Undo Cycle
[239.543s][info][gc] GC(5940) Concurrent Undo Cycle 1.897ms
[239.600s][info][gc] GC(5941) Pause Young (Concurrent Start) (G1 Humongous Allocation) 901M->55M(2000M) 1.533ms
[239.600s][info][gc] GC(5942) Concurrent Undo Cycle
[239.602s][info][gc] GC(5942) Concurrent Undo Cycle 1.999ms
[239.660s][info][gc] GC(5943) Pause Young (Concurrent Start) (G1 Humongous Allocation) 901M->55M(2000M) 1.657ms
[239.660s][info][gc] GC(5944) Concurrent Undo Cycle
[239.662s][info][gc] GC(5944) Concurrent Undo Cycle 1.880ms
[239.719s][info][gc] GC(5945) Pause Young (Concurrent Start) (G1 Humongous Allocation) 901M->59M(2000M) 1.409ms
[239.719s][info][gc] GC(5946) Concurrent Undo Cycle
[239.721s][info][gc] GC(5946) Concurrent Undo Cycle 1.999ms
[239.778s][info][gc] GC(5947) Pause Young (Concurrent Start) (G1 Humongous Allocation) 901M->55M(2000M) 1.585ms
[239.778s][info][gc] GC(5948) Concurrent Undo Cycle
[239.780s][info][gc] GC(5948) Concurrent Undo Cycle 1.885ms
[239.836s][info][gc] GC(5949) Pause Young (Concurrent Start) (G1 Humongous Allocation) 901M->55M(2000M) 1.561ms
[239.836s][info][gc] GC(5950) Concurrent Undo Cycle
[239.838s][info][gc] GC(5950) Concurrent Undo Cycle 1.880ms
[239.894s][info][gc] GC(5951) Pause Young (Concurrent Start) (G1 Humongous Allocation) 901M->59M(2000M) 1.522ms
[239.894s][info][gc] GC(5952) Concurrent Undo Cycle
[239.896s][info][gc] GC(5952) Concurrent Undo Cycle 1.812ms
[239.953s][info][gc] GC(5953) Pause Young (Concurrent Start) (G1 Humongous Allocation) 901M->55M(2000M) 1.550ms
[239.953s][info][gc] GC(5954) Concurrent Undo Cycle
[239.955s][info][gc] GC(5954) Concurrent Undo Cycle 1.950ms
[240.011s][info][gc] GC(5955) Pause Young (Concurrent Start) (G1 Humongous Allocation) 901M->55M(2000M) 1.566ms
[240.011s][info][gc] GC(5956) Concurrent Undo Cycle
[240.013s][info][gc] GC(5956) Concurrent Undo Cycle 1.879ms
[240.070s][info][gc] GC(5957) Pause Young (Concurrent Start) (G1 Humongous Allocation) 901M->59M(2000M) 1.716ms
[240.070s][info][gc] GC(5958) Concurrent Undo Cycle
[240.072s][info][gc] GC(5958) Concurrent Undo Cycle 1.946ms
[240.131s][info][gc] GC(5959) Pause Young (Concurrent Start) (G1 Humongous Allocation) 901M->55M(2000M) 1.455ms
[240.131s][info][gc] GC(5960) Concurrent Undo Cycle
[240.133s][info][gc] GC(5960) Concurrent Undo Cycle 1.856ms
[240.191s][info][gc] GC(5961) Pause Young (Concurrent Start) (G1 Humongous Allocation) 901M->55M(2000M) 1.504ms
[240.191s][info][gc] GC(5962) Concurrent Undo Cycle
[240.193s][info][gc] GC(5962) Concurrent Undo Cycle 1.857ms
[240.250s][info][gc] GC(5963) Pause Young (Concurrent Start) (G1 Humongous Allocation) 901M->59M(2000M) 1.501ms
[240.250s][info][gc] GC(5964) Concurrent Undo Cycle
[240.252s][info][gc] GC(5964) Concurrent Undo Cycle 1.823ms
[240.309s][info][gc] GC(5965) Pause Young (Concurrent Start) (G1 Humongous Allocation) 901M->55M(2000M) 1.653ms
[240.309s][info][gc] GC(5966) Concurrent Undo Cycle
[240.311s][info][gc] GC(5966) Concurrent Undo Cycle 1.918ms
[240.367s][info][gc] GC(5967) Pause Young (Concurrent Start) (G1 Humongous Allocation) 901M->55M(2000M) 1.558ms
[240.368s][info][gc] GC(5968) Concurrent Undo Cycle
[240.369s][info][gc] GC(5968) Concurrent Undo Cycle 1.945ms
[240.426s][info][gc] GC(5969) Pause Young (Concurrent Start) (G1 Humongous Allocation) 902M->59M(2000M) 1.731ms
[240.426s][info][gc] GC(5970) Concurrent Undo Cycle
[240.428s][info][gc] GC(5970) Concurrent Undo Cycle 1.911ms
[240.485s][info][gc] GC(5971) Pause Young (Concurrent Start) (G1 Humongous Allocation) 902M->55M(2000M) 1.578ms
[240.485s][info][gc] GC(5972) Concurrent Undo Cycle
[240.487s][info][gc] GC(5972) Concurrent Undo Cycle 1.923ms
[240.544s][info][gc] GC(5973) Pause Young (Concurrent Start) (G1 Humongous Allocation) 902M->56M(2000M) 1.638ms
[240.544s][info][gc] GC(5974) Concurrent Undo Cycle
[240.546s][info][gc] GC(5974) Concurrent Undo Cycle 1.769ms
[240.602s][info][gc] GC(5975) Pause Young (Concurrent Start) (G1 Humongous Allocation) 902M->60M(2000M) 1.337ms
[240.602s][info][gc] GC(5976) Concurrent Undo Cycle
[240.604s][info][gc] GC(5976) Concurrent Undo Cycle 1.869ms
[240.662s][info][gc] GC(5977) Pause Young (Concurrent Start) (G1 Humongous Allocation) 902M->56M(2000M) 1.301ms
[240.662s][info][gc] GC(5978) Concurrent Undo Cycle
[240.664s][info][gc] GC(5978) Concurrent Undo Cycle 1.890ms
[240.721s][info][gc] GC(5979) Pause Young (Concurrent Start) (G1 Humongous Allocation) 902M->56M(2000M) 1.496ms
[240.721s][info][gc] GC(5980) Concurrent Undo Cycle
[240.723s][info][gc] GC(5980) Concurrent Undo Cycle 1.780ms
[240.782s][info][gc] GC(5981) Pause Young (Concurrent Start) (G1 Humongous Allocation) 902M->60M(2000M) 1.537ms
[240.782s][info][gc] GC(5982) Concurrent Undo Cycle
[240.783s][info][gc] GC(5982) Concurrent Undo Cycle 1.726ms
[240.840s][info][gc] GC(5983) Pause Young (Concurrent Start) (G1 Humongous Allocation) 902M->56M(2000M) 1.589ms
[240.840s][info][gc] GC(5984) Concurrent Undo Cycle
[240.842s][info][gc] GC(5984) Concurrent Undo Cycle 1.968ms
[240.899s][info][gc] GC(5985) Pause Young (Concurrent Start) (G1 Humongous Allocation) 902M->56M(2000M) 1.744ms
[240.899s][info][gc] GC(5986) Concurrent Undo Cycle
[240.901s][info][gc] GC(5986) Concurrent Undo Cycle 1.884ms
[240.958s][info][gc] GC(5987) Pause Young (Concurrent Start) (G1 Humongous Allocation) 902M->60M(2000M) 1.647ms
[240.958s][info][gc] GC(5988) Concurrent Undo Cycle
[240.960s][info][gc] GC(5988) Concurrent Undo Cycle 2.072ms
[241.017s][info][gc] GC(5989) Pause Young (Concurrent Start) (G1 Humongous Allocation) 902M->56M(2000M) 1.570ms
[241.017s][info][gc] GC(5990) Concurrent Undo Cycle
[241.019s][info][gc] GC(5990) Concurrent Undo Cycle 1.959ms
[241.075s][info][gc] GC(5991) Pause Young (Concurrent Start) (G1 Humongous Allocation) 902M->56M(2000M) 1.468ms
[241.076s][info][gc] GC(5992) Concurrent Undo Cycle
[241.077s][info][gc] GC(5992) Concurrent Undo Cycle 1.856ms
[241.135s][info][gc] GC(5993) Pause Young (Concurrent Start) (G1 Humongous Allocation) 902M->60M(2000M) 1.537ms
[241.135s][info][gc] GC(5994) Concurrent Undo Cycle
[241.137s][info][gc] GC(5994) Concurrent Undo Cycle 1.972ms
[241.194s][info][gc] GC(5995) Pause Young (Concurrent Start) (G1 Humongous Allocation) 902M->56M(2000M) 1.440ms
[241.194s][info][gc] GC(5996) Concurrent Undo Cycle
[241.196s][info][gc] GC(5996) Concurrent Undo Cycle 1.959ms
[241.257s][info][gc] GC(5997) Pause Young (Concurrent Start) (G1 Humongous Allocation) 902M->56M(2000M) 1.657ms
[241.257s][info][gc] GC(5998) Concurrent Undo Cycle
[241.259s][info][gc] GC(5998) Concurrent Undo Cycle 2.001ms
[241.324s][info][gc] GC(5999) Pause Young (Concurrent Start) (G1 Humongous Allocation) 902M->60M(2000M) 1.345ms
[241.324s][info][gc] GC(6000) Concurrent Undo Cycle
[241.325s][info][gc] GC(6000) Concurrent Undo Cycle 1.880ms
[241.383s][info][gc] GC(6001) Pause Young (Concurrent Start) (G1 Humongous Allocation) 898M->56M(2000M) 1.501ms
[241.383s][info][gc] GC(6002) Concurrent Undo Cycle
[241.385s][info][gc] GC(6002) Concurrent Undo Cycle 1.815ms
[241.442s][info][gc] GC(6003) Pause Young (Concurrent Start) (G1 Humongous Allocation) 894M->56M(2000M) 1.369ms
[241.442s][info][gc] GC(6004) Concurrent Undo Cycle
[241.444s][info][gc] GC(6004) Concurrent Undo Cycle 1.840ms
[241.500s][info][gc] GC(6005) Pause Young (Concurrent Start) (G1 Humongous Allocation) 898M->60M(2000M) 1.587ms
[241.500s][info][gc] GC(6006) Concurrent Undo Cycle
[241.502s][info][gc] GC(6006) Concurrent Undo Cycle 1.816ms
[241.558s][info][gc] GC(6007) Pause Young (Concurrent Start) (G1 Humongous Allocation) 898M->56M(2000M) 1.607ms
[241.558s][info][gc] GC(6008) Concurrent Undo Cycle
[241.560s][info][gc] GC(6008) Concurrent Undo Cycle 1.870ms
[241.616s][info][gc] GC(6009) Pause Young (Concurrent Start) (G1 Humongous Allocation) 894M->56M(2000M) 1.529ms
[241.616s][info][gc] GC(6010) Concurrent Undo Cycle
[241.618s][info][gc] GC(6010) Concurrent Undo Cycle 1.877ms
[241.675s][info][gc] GC(6011) Pause Young (Concurrent Start) (G1 Humongous Allocation) 898M->60M(2000M) 1.658ms
[241.675s][info][gc] GC(6012) Concurrent Undo Cycle
[241.677s][info][gc] GC(6012) Concurrent Undo Cycle 2.043ms
[241.734s][info][gc] GC(6013) Pause Young (Concurrent Start) (G1 Humongous Allocation) 898M->56M(2000M) 1.571ms
[241.734s][info][gc] GC(6014) Concurrent Undo Cycle
[241.736s][info][gc] GC(6014) Concurrent Undo Cycle 1.922ms
[241.793s][info][gc] GC(6015) Pause Young (Concurrent Start) (G1 Humongous Allocation) 894M->56M(2000M) 1.618ms
[241.794s][info][gc] GC(6016) Concurrent Undo Cycle
[241.795s][info][gc] GC(6016) Concurrent Undo Cycle 1.880ms
[241.852s][info][gc] GC(6017) Pause Young (Concurrent Start) (G1 Humongous Allocation) 898M->60M(2000M) 1.569ms
[241.852s][info][gc] GC(6018) Concurrent Undo Cycle
[241.854s][info][gc] GC(6018) Concurrent Undo Cycle 1.930ms
[241.911s][info][gc] GC(6019) Pause Young (Concurrent Start) (G1 Humongous Allocation) 898M->56M(2000M) 1.505ms
[241.911s][info][gc] GC(6020) Concurrent Undo Cycle
[241.913s][info][gc] GC(6020) Concurrent Undo Cycle 1.872ms
[241.969s][info][gc] GC(6021) Pause Young (Concurrent Start) (G1 Humongous Allocation) 894M->56M(2000M) 1.546ms
[241.969s][info][gc] GC(6022) Concurrent Undo Cycle
[241.971s][info][gc] GC(6022) Concurrent Undo Cycle 1.978ms
[242.028s][info][gc] GC(6023) Pause Young (Concurrent Start) (G1 Humongous Allocation) 898M->60M(2000M) 1.520ms
[242.028s][info][gc] GC(6024) Concurrent Undo Cycle
[242.030s][info][gc] GC(6024) Concurrent Undo Cycle 1.833ms
[242.087s][info][gc] GC(6025) Pause Young (Concurrent Start) (G1 Humongous Allocation) 898M->56M(2000M) 1.496ms
[242.087s][info][gc] GC(6026) Concurrent Undo Cycle
[242.089s][info][gc] GC(6026) Concurrent Undo Cycle 1.915ms
[242.147s][info][gc] GC(6027) Pause Young (Concurrent Start) (G1 Humongous Allocation) 894M->56M(2000M) 1.595ms
[242.147s][info][gc] GC(6028) Concurrent Undo Cycle
[242.149s][info][gc] GC(6028) Concurrent Undo Cycle 1.804ms
[242.206s][info][gc] GC(6029) Pause Young (Concurrent Start) (G1 Humongous Allocation) 898M->60M(2000M) 1.423ms
[242.206s][info][gc] GC(6030) Concurrent Undo Cycle
[242.208s][info][gc] GC(6030) Concurrent Undo Cycle 1.770ms
[242.265s][info][gc] GC(6031) Pause Young (Concurrent Start) (G1 Humongous Allocation) 898M->56M(2000M) 1.454ms
[242.266s][info][gc] GC(6032) Concurrent Undo Cycle
[242.268s][info][gc] GC(6032) Concurrent Undo Cycle 2.109ms
[242.325s][info][gc] GC(6033) Pause Young (Concurrent Start) (G1 Humongous Allocation) 894M->56M(2000M) 1.440ms
[242.326s][info][gc] GC(6034) Concurrent Undo Cycle
[242.328s][info][gc] GC(6034) Concurrent Undo Cycle 1.881ms
[242.384s][info][gc] GC(6035) Pause Young (Concurrent Start) (G1 Humongous Allocation) 898M->60M(2000M) 1.413ms
[242.385s][info][gc] GC(6036) Concurrent Undo Cycle
[242.386s][info][gc] GC(6036) Concurrent Undo Cycle 1.846ms
[242.443s][info][gc] GC(6037) Pause Young (Concurrent Start) (G1 Humongous Allocation) 898M->56M(2000M) 1.401ms
[242.443s][info][gc] GC(6038) Concurrent Undo Cycle
[242.445s][info][gc] GC(6038) Concurrent Undo Cycle 1.810ms
[242.501s][info][gc] GC(6039) Pause Young (Concurrent Start) (G1 Humongous Allocation) 894M->56M(2000M) 1.436ms
[242.501s][info][gc] GC(6040) Concurrent Undo Cycle
[242.503s][info][gc] GC(6040) Concurrent Undo Cycle 1.829ms
[242.560s][info][gc] GC(6041) Pause Young (Concurrent Start) (G1 Humongous Allocation) 898M->60M(2000M) 1.601ms
[242.560s][info][gc] GC(6042) Concurrent Undo Cycle
[242.562s][info][gc] GC(6042) Concurrent Undo Cycle 1.971ms
[242.618s][info][gc] GC(6043) Pause Young (Concurrent Start) (G1 Humongous Allocation) 898M->56M(2000M) 1.402ms
[242.618s][info][gc] GC(6044) Concurrent Undo Cycle
[242.620s][info][gc] GC(6044) Concurrent Undo Cycle 2.003ms
[242.677s][info][gc] GC(6045) Pause Young (Concurrent Start) (G1 Humongous Allocation) 894M->56M(2000M) 1.576ms
[242.677s][info][gc] GC(6046) Concurrent Undo Cycle
[242.679s][info][gc] GC(6046) Concurrent Undo Cycle 1.889ms
[242.736s][info][gc] GC(6047) Pause Young (Concurrent Start) (G1 Humongous Allocation) 898M->60M(2000M) 1.417ms
[242.736s][info][gc] GC(6048) Concurrent Undo Cycle
[242.738s][info][gc] GC(6048) Concurrent Undo Cycle 1.740ms
[242.796s][info][gc] GC(6049) Pause Young (Concurrent Start) (G1 Humongous Allocation) 898M->56M(2000M) 1.469ms
[242.796s][info][gc] GC(6050) Concurrent Undo Cycle
[242.798s][info][gc] GC(6050) Concurrent Undo Cycle 1.947ms
[242.855s][info][gc] GC(6051) Pause Young (Concurrent Start) (G1 Humongous Allocation) 894M->56M(2000M) 1.500ms
[242.855s][info][gc] GC(6052) Concurrent Undo Cycle
[242.857s][info][gc] GC(6052) Concurrent Undo Cycle 1.913ms
[242.914s][info][gc] GC(6053) Pause Young (Concurrent Start) (G1 Humongous Allocation) 898M->60M(2000M) 1.411ms
[242.914s][info][gc] GC(6054) Concurrent Undo Cycle
[242.916s][info][gc] GC(6054) Concurrent Undo Cycle 1.905ms
[242.973s][info][gc] GC(6055) Pause Young (Concurrent Start) (G1 Humongous Allocation) 898M->56M(2000M) 1.639ms
[242.973s][info][gc] GC(6056) Concurrent Undo Cycle
[242.975s][info][gc] GC(6056) Concurrent Undo Cycle 2.028ms
[243.031s][info][gc] GC(6057) Pause Young (Concurrent Start) (G1 Humongous Allocation) 894M->56M(2000M) 1.649ms
[243.031s][info][gc] GC(6058) Concurrent Undo Cycle
[243.033s][info][gc] GC(6058) Concurrent Undo Cycle 1.999ms
[243.090s][info][gc] GC(6059) Pause Young (Concurrent Start) (G1 Humongous Allocation) 898M->60M(2000M) 1.617ms
[243.090s][info][gc] GC(6060) Concurrent Undo Cycle
[243.092s][info][gc] GC(6060) Concurrent Undo Cycle 1.902ms
[243.150s][info][gc] GC(6061) Pause Young (Concurrent Start) (G1 Humongous Allocation) 898M->56M(2000M) 1.334ms
[243.150s][info][gc] GC(6062) Concurrent Undo Cycle
[243.152s][info][gc] GC(6062) Concurrent Undo Cycle 1.863ms
[243.213s][info][gc] GC(6063) Pause Young (Concurrent Start) (G1 Humongous Allocation) 894M->56M(2000M) 1.298ms
[243.213s][info][gc] GC(6064) Concurrent Undo Cycle
[243.214s][info][gc] GC(6064) Concurrent Undo Cycle 1.771ms
[243.272s][info][gc] GC(6065) Pause Young (Concurrent Start) (G1 Humongous Allocation) 898M->60M(2000M) 1.700ms
[243.272s][info][gc] GC(6066) Concurrent Undo Cycle
[243.274s][info][gc] GC(6066) Concurrent Undo Cycle 1.904ms
[243.333s][info][gc] GC(6067) Pause Young (Concurrent Start) (G1 Humongous Allocation) 898M->56M(2000M) 1.606ms
[243.333s][info][gc] GC(6068) Concurrent Undo Cycle
[243.335s][info][gc] GC(6068) Concurrent Undo Cycle 1.912ms
[243.392s][info][gc] GC(6069) Pause Young (Concurrent Start) (G1 Humongous Allocation) 894M->56M(2000M) 1.558ms
[243.392s][info][gc] GC(6070) Concurrent Undo Cycle
[243.394s][info][gc] GC(6070) Concurrent Undo Cycle 1.982ms
[243.452s][info][gc] GC(6071) Pause Young (Concurrent Start) (G1 Humongous Allocation) 898M->60M(2000M) 1.648ms
[243.452s][info][gc] GC(6072) Concurrent Undo Cycle
[243.454s][info][gc] GC(6072) Concurrent Undo Cycle 1.960ms
[243.510s][info][gc] GC(6073) Pause Young (Concurrent Start) (G1 Humongous Allocation) 898M->56M(2000M) 1.758ms
[243.511s][info][gc] GC(6074) Concurrent Undo Cycle
[243.513s][info][gc] GC(6074) Concurrent Undo Cycle 2.023ms
[243.569s][info][gc] GC(6075) Pause Young (Concurrent Start) (G1 Humongous Allocation) 894M->56M(2000M) 1.515ms
[243.569s][info][gc] GC(6076) Concurrent Undo Cycle
[243.571s][info][gc] GC(6076) Concurrent Undo Cycle 1.962ms
[243.628s][info][gc] GC(6077) Pause Young (Concurrent Start) (G1 Humongous Allocation) 898M->60M(2000M) 1.564ms
[243.628s][info][gc] GC(6078) Concurrent Undo Cycle
[243.630s][info][gc] GC(6078) Concurrent Undo Cycle 1.916ms
[243.687s][info][gc] GC(6079) Pause Young (Concurrent Start) (G1 Humongous Allocation) 898M->56M(2000M) 1.572ms
[243.687s][info][gc] GC(6080) Concurrent Undo Cycle
[243.689s][info][gc] GC(6080) Concurrent Undo Cycle 1.965ms
[243.746s][info][gc] GC(6081) Pause Young (Concurrent Start) (G1 Humongous Allocation) 894M->56M(2000M) 1.577ms
[243.746s][info][gc] GC(6082) Concurrent Undo Cycle
[243.748s][info][gc] GC(6082) Concurrent Undo Cycle 1.926ms
[243.805s][info][gc] GC(6083) Pause Young (Concurrent Start) (G1 Humongous Allocation) 898M->60M(2000M) 1.539ms
[243.806s][info][gc] GC(6084) Concurrent Undo Cycle
[243.807s][info][gc] GC(6084) Concurrent Undo Cycle 1.927ms
[243.865s][info][gc] GC(6085) Pause Young (Concurrent Start) (G1 Humongous Allocation) 898M->56M(2000M) 1.549ms
[243.865s][info][gc] GC(6086) Concurrent Undo Cycle
[243.867s][info][gc] GC(6086) Concurrent Undo Cycle 1.822ms
[243.924s][info][gc] GC(6087) Pause Young (Concurrent Start) (G1 Humongous Allocation) 894M->56M(2000M) 1.577ms
[243.924s][info][gc] GC(6088) Concurrent Undo Cycle
[243.926s][info][gc] GC(6088) Concurrent Undo Cycle 1.917ms
[243.983s][info][gc] GC(6089) Pause Young (Concurrent Start) (G1 Humongous Allocation) 898M->60M(2000M) 1.461ms
[243.983s][info][gc] GC(6090) Concurrent Undo Cycle
[243.986s][info][gc] GC(6090) Concurrent Undo Cycle 2.107ms
[244.042s][info][gc] GC(6091) Pause Young (Concurrent Start) (G1 Humongous Allocation) 898M->56M(2000M) 1.515ms
[244.042s][info][gc] GC(6092) Concurrent Undo Cycle
[244.044s][info][gc] GC(6092) Concurrent Undo Cycle 1.965ms
[244.100s][info][gc] GC(6093) Pause Young (Concurrent Start) (G1 Humongous Allocation) 894M->56M(2000M) 1.513ms
[244.100s][info][gc] GC(6094) Concurrent Undo Cycle
[244.102s][info][gc] GC(6094) Concurrent Undo Cycle 1.901ms
[244.159s][info][gc] GC(6095) Pause Young (Concurrent Start) (G1 Humongous Allocation) 898M->60M(2000M) 1.501ms
[244.159s][info][gc] GC(6096) Concurrent Undo Cycle
[244.161s][info][gc] GC(6096) Concurrent Undo Cycle 1.992ms
[244.218s][info][gc] GC(6097) Pause Young (Concurrent Start) (G1 Humongous Allocation) 898M->56M(2000M) 1.515ms
[244.218s][info][gc] GC(6098) Concurrent Undo Cycle
[244.220s][info][gc] GC(6098) Concurrent Undo Cycle 1.845ms
[244.277s][info][gc] GC(6099) Pause Young (Concurrent Start) (G1 Humongous Allocation) 894M->56M(2000M) 1.602ms
[244.277s][info][gc] GC(6100) Concurrent Undo Cycle
[244.279s][info][gc] GC(6100) Concurrent Undo Cycle 2.025ms
[244.336s][info][gc] GC(6101) Pause Young (Concurrent Start) (G1 Humongous Allocation) 898M->60M(2000M) 1.556ms
[244.337s][info][gc] GC(6102) Concurrent Undo Cycle
[244.339s][info][gc] GC(6102) Concurrent Undo Cycle 1.922ms
[244.396s][info][gc] GC(6103) Pause Young (Concurrent Start) (G1 Humongous Allocation) 898M->56M(2000M) 1.480ms
[244.396s][info][gc] GC(6104) Concurrent Undo Cycle
[244.398s][info][gc] GC(6104) Concurrent Undo Cycle 2.074ms
[244.456s][info][gc] GC(6105) Pause Young (Concurrent Start) (G1 Humongous Allocation) 894M->56M(2000M) 1.565ms
[244.456s][info][gc] GC(6106) Concurrent Undo Cycle
[244.458s][info][gc] GC(6106) Concurrent Undo Cycle 1.804ms
[244.517s][info][gc] GC(6107) Pause Young (Concurrent Start) (G1 Humongous Allocation) 898M->60M(2000M) 1.300ms
[244.517s][info][gc] GC(6108) Concurrent Undo Cycle
[244.519s][info][gc] GC(6108) Concurrent Undo Cycle 1.852ms
[244.576s][info][gc] GC(6109) Pause Young (Concurrent Start) (G1 Humongous Allocation) 898M->56M(2000M) 1.613ms
[244.576s][info][gc] GC(6110) Concurrent Undo Cycle
[244.578s][info][gc] GC(6110) Concurrent Undo Cycle 1.855ms
[244.634s][info][gc] GC(6111) Pause Young (Concurrent Start) (G1 Humongous Allocation) 894M->56M(2000M) 1.512ms
[244.635s][info][gc] GC(6112) Concurrent Undo Cycle
[244.637s][info][gc] GC(6112) Concurrent Undo Cycle 1.984ms
[244.693s][info][gc] GC(6113) Pause Young (Concurrent Start) (G1 Humongous Allocation) 899M->60M(2000M) 1.427ms
[244.693s][info][gc] GC(6114) Concurrent Undo Cycle
[244.695s][info][gc] GC(6114) Concurrent Undo Cycle 1.862ms
[244.751s][info][gc] GC(6115) Pause Young (Concurrent Start) (G1 Humongous Allocation) 899M->57M(2000M) 1.489ms
[244.751s][info][gc] GC(6116) Concurrent Undo Cycle
[244.753s][info][gc] GC(6116) Concurrent Undo Cycle 1.794ms
[244.810s][info][gc] GC(6117) Pause Young (Concurrent Start) (G1 Humongous Allocation) 895M->57M(2000M) 1.453ms
[244.810s][info][gc] GC(6118) Concurrent Undo Cycle
[244.812s][info][gc] GC(6118) Concurrent Undo Cycle 1.836ms
[244.869s][info][gc] GC(6119) Pause Young (Concurrent Start) (G1 Humongous Allocation) 899M->61M(2000M) 1.709ms
[244.870s][info][gc] GC(6120) Concurrent Undo Cycle
[244.871s][info][gc] GC(6120) Concurrent Undo Cycle 1.796ms
[244.929s][info][gc] GC(6121) Pause Young (Concurrent Start) (G1 Humongous Allocation) 899M->57M(2000M) 1.405ms
[244.929s][info][gc] GC(6122) Concurrent Undo Cycle
[244.931s][info][gc] GC(6122) Concurrent Undo Cycle 1.940ms
[244.989s][info][gc] GC(6123) Pause Young (Concurrent Start) (G1 Humongous Allocation) 895M->57M(2000M) 1.466ms
[244.990s][info][gc] GC(6124) Concurrent Undo Cycle
[244.991s][info][gc] GC(6124) Concurrent Undo Cycle 1.893ms
[245.050s][info][gc] GC(6125) Pause Young (Concurrent Start) (G1 Humongous Allocation) 899M->61M(2000M) 1.580ms
[245.050s][info][gc] GC(6126) Concurrent Undo Cycle
[245.052s][info][gc] GC(6126) Concurrent Undo Cycle 1.834ms
[245.110s][info][gc] GC(6127) Pause Young (Concurrent Start) (G1 Humongous Allocation) 899M->57M(2000M) 2.457ms
[245.110s][info][gc] GC(6128) Concurrent Undo Cycle
[245.112s][info][gc] GC(6128) Concurrent Undo Cycle 1.805ms
[245.170s][info][gc] GC(6129) Pause Young (Concurrent Start) (G1 Humongous Allocation) 895M->57M(2000M) 1.601ms
[245.170s][info][gc] GC(6130) Concurrent Undo Cycle
[245.172s][info][gc] GC(6130) Concurrent Undo Cycle 2.036ms
[245.229s][info][gc] GC(6131) Pause Young (Concurrent Start) (G1 Humongous Allocation) 899M->61M(2000M) 1.450ms
[245.230s][info][gc] GC(6132) Concurrent Undo Cycle
[245.231s][info][gc] GC(6132) Concurrent Undo Cycle 1.833ms
[245.288s][info][gc] GC(6133) Pause Young (Concurrent Start) (G1 Humongous Allocation) 899M->57M(2000M) 1.373ms
[245.288s][info][gc] GC(6134) Concurrent Undo Cycle
[245.290s][info][gc] GC(6134) Concurrent Undo Cycle 1.840ms
[245.347s][info][gc] GC(6135) Pause Young (Concurrent Start) (G1 Humongous Allocation) 895M->57M(2000M) 1.588ms
[245.347s][info][gc] GC(6136) Concurrent Undo Cycle
[245.349s][info][gc] GC(6136) Concurrent Undo Cycle 2.002ms
[245.407s][info][gc] GC(6137) Pause Young (Concurrent Start) (G1 Humongous Allocation) 899M->61M(2000M) 1.368ms
[245.407s][info][gc] GC(6138) Concurrent Undo Cycle
[245.409s][info][gc] GC(6138) Concurrent Undo Cycle 1.909ms
[245.467s][info][gc] GC(6139) Pause Young (Concurrent Start) (G1 Humongous Allocation) 899M->57M(2000M) 1.407ms
[245.467s][info][gc] GC(6140) Concurrent Undo Cycle
[245.469s][info][gc] GC(6140) Concurrent Undo Cycle 1.794ms
[245.526s][info][gc] GC(6141) Pause Young (Concurrent Start) (G1 Humongous Allocation) 895M->57M(2000M) 1.495ms
[245.526s][info][gc] GC(6142) Concurrent Undo Cycle
[245.528s][info][gc] GC(6142) Concurrent Undo Cycle 1.883ms
[245.585s][info][gc] GC(6143) Pause Young (Concurrent Start) (G1 Humongous Allocation) 899M->61M(2000M) 1.477ms
[245.585s][info][gc] GC(6144) Concurrent Undo Cycle
[245.587s][info][gc] GC(6144) Concurrent Undo Cycle 2.038ms
[245.644s][info][gc] GC(6145) Pause Young (Concurrent Start) (G1 Humongous Allocation) 899M->57M(2000M) 1.438ms
[245.644s][info][gc] GC(6146) Concurrent Undo Cycle
[245.646s][info][gc] GC(6146) Concurrent Undo Cycle 1.773ms
[245.703s][info][gc] GC(6147) Pause Young (Concurrent Start) (G1 Humongous Allocation) 895M->57M(2000M) 1.727ms
[245.703s][info][gc] GC(6148) Concurrent Undo Cycle
[245.705s][info][gc] GC(6148) Concurrent Undo Cycle 1.897ms
[245.762s][info][gc] GC(6149) Pause Young (Concurrent Start) (G1 Humongous Allocation) 899M->61M(2000M) 1.262ms
[245.762s][info][gc] GC(6150) Concurrent Undo Cycle
[245.764s][info][gc] GC(6150) Concurrent Undo Cycle 2.055ms
[245.820s][info][gc] GC(6151) Pause Young (Concurrent Start) (G1 Humongous Allocation) 899M->57M(2000M) 1.373ms
[245.821s][info][gc] GC(6152) Concurrent Undo Cycle
[245.823s][info][gc] GC(6152) Concurrent Undo Cycle 1.933ms
[245.879s][info][gc] GC(6153) Pause Young (Concurrent Start) (G1 Humongous Allocation) 895M->57M(2000M) 1.521ms
[245.880s][info][gc] GC(6154) Concurrent Undo Cycle
[245.881s][info][gc] GC(6154) Concurrent Undo Cycle 1.912ms
[245.940s][info][gc] GC(6155) Pause Young (Concurrent Start) (G1 Humongous Allocation) 899M->61M(2000M) 1.512ms
[245.940s][info][gc] GC(6156) Concurrent Undo Cycle
[245.942s][info][gc] GC(6156) Concurrent Undo Cycle 1.884ms
[246.000s][info][gc] GC(6157) Pause Young (Concurrent Start) (G1 Humongous Allocation) 899M->57M(2000M) 1.551ms
[246.000s][info][gc] GC(6158) Concurrent Undo Cycle
[246.003s][info][gc] GC(6158) Concurrent Undo Cycle 2.057ms
[246.060s][info][gc] GC(6159) Pause Young (Concurrent Start) (G1 Humongous Allocation) 895M->57M(2000M) 1.587ms
[246.060s][info][gc] GC(6160) Concurrent Undo Cycle
[246.062s][info][gc] GC(6160) Concurrent Undo Cycle 1.946ms
[246.120s][info][gc] GC(6161) Pause Young (Concurrent Start) (G1 Humongous Allocation) 899M->61M(2000M) 1.460ms
[246.120s][info][gc] GC(6162) Concurrent Undo Cycle
[246.122s][info][gc] GC(6162) Concurrent Undo Cycle 2.137ms
[246.180s][info][gc] GC(6163) Pause Young (Concurrent Start) (G1 Humongous Allocation) 899M->57M(2000M) 1.706ms
[246.180s][info][gc] GC(6164) Concurrent Undo Cycle
[246.182s][info][gc] GC(6164) Concurrent Undo Cycle 1.813ms
[246.241s][info][gc] GC(6165) Pause Young (Concurrent Start) (G1 Humongous Allocation) 895M->57M(2000M) 1.611ms
[246.241s][info][gc] GC(6166) Concurrent Undo Cycle
[246.243s][info][gc] GC(6166) Concurrent Undo Cycle 2.205ms
[246.300s][info][gc] GC(6167) Pause Young (Concurrent Start) (G1 Humongous Allocation) 899M->61M(2000M) 1.419ms
[246.301s][info][gc] GC(6168) Concurrent Undo Cycle
[246.302s][info][gc] GC(6168) Concurrent Undo Cycle 1.852ms
[246.360s][info][gc] GC(6169) Pause Young (Concurrent Start) (G1 Humongous Allocation) 899M->57M(2000M) 1.539ms
[246.360s][info][gc] GC(6170) Concurrent Undo Cycle
[246.362s][info][gc] GC(6170) Concurrent Undo Cycle 2.071ms
[246.419s][info][gc] GC(6171) Pause Young (Concurrent Start) (G1 Humongous Allocation) 895M->57M(2000M) 1.595ms
[246.419s][info][gc] GC(6172) Concurrent Undo Cycle
[246.420s][info][gc] GC(6172) Concurrent Undo Cycle 1.825ms
[246.479s][info][gc] GC(6173) Pause Young (Concurrent Start) (G1 Humongous Allocation) 899M->61M(2000M) 1.566ms
[246.479s][info][gc] GC(6174) Concurrent Undo Cycle
[246.481s][info][gc] GC(6174) Concurrent Undo Cycle 1.910ms
[246.539s][info][gc] GC(6175) Pause Young (Concurrent Start) (G1 Humongous Allocation) 899M->57M(2000M) 1.601ms
[246.539s][info][gc] GC(6176) Concurrent Undo Cycle
[246.541s][info][gc] GC(6176) Concurrent Undo Cycle 1.885ms
[246.598s][info][gc] GC(6177) Pause Young (Concurrent Start) (G1 Humongous Allocation) 895M->57M(2000M) 1.690ms
[246.599s][info][gc] GC(6178) Concurrent Undo Cycle
[246.600s][info][gc] GC(6178) Concurrent Undo Cycle 1.871ms
[246.657s][info][gc] GC(6179) Pause Young (Concurrent Start) (G1 Humongous Allocation) 899M->61M(2000M) 1.412ms
[246.657s][info][gc] GC(6180) Concurrent Undo Cycle
[246.659s][info][gc] GC(6180) Concurrent Undo Cycle 1.840ms
[246.716s][info][gc] GC(6181) Pause Young (Concurrent Start) (G1 Humongous Allocation) 899M->57M(2000M) 1.604ms
[246.716s][info][gc] GC(6182) Concurrent Undo Cycle
[246.718s][info][gc] GC(6182) Concurrent Undo Cycle 1.806ms
[246.775s][info][gc] GC(6183) Pause Young (Concurrent Start) (G1 Humongous Allocation) 895M->57M(2000M) 1.545ms
[246.775s][info][gc] GC(6184) Concurrent Undo Cycle
[246.777s][info][gc] GC(6184) Concurrent Undo Cycle 1.818ms
[246.834s][info][gc] GC(6185) Pause Young (Concurrent Start) (G1 Humongous Allocation) 899M->61M(2000M) 1.383ms
[246.834s][info][gc] GC(6186) Concurrent Undo Cycle
[246.836s][info][gc] GC(6186) Concurrent Undo Cycle 1.900ms
[246.893s][info][gc] GC(6187) Pause Young (Concurrent Start) (G1 Humongous Allocation) 899M->57M(2000M) 1.455ms
[246.893s][info][gc] GC(6188) Concurrent Undo Cycle
[246.895s][info][gc] GC(6188) Concurrent Undo Cycle 1.866ms
[246.953s][info][gc] GC(6189) Pause Young (Concurrent Start) (G1 Humongous Allocation) 895M->57M(2000M) 1.626ms
[246.953s][info][gc] GC(6190) Concurrent Undo Cycle
[246.955s][info][gc] GC(6190) Concurrent Undo Cycle 1.875ms
[247.014s][info][gc] GC(6191) Pause Young (Concurrent Start) (G1 Humongous Allocation) 899M->61M(2000M) 1.646ms
[247.014s][info][gc] GC(6192) Concurrent Undo Cycle
[247.016s][info][gc] GC(6192) Concurrent Undo Cycle 1.887ms
[247.073s][info][gc] GC(6193) Pause Young (Concurrent Start) (G1 Humongous Allocation) 899M->57M(2000M) 1.383ms
[247.073s][info][gc] GC(6194) Concurrent Undo Cycle
[247.075s][info][gc] GC(6194) Concurrent Undo Cycle 1.834ms
[247.134s][info][gc] GC(6195) Pause Young (Concurrent Start) (G1 Humongous Allocation) 895M->57M(2000M) 1.211ms
[247.134s][info][gc] GC(6196) Concurrent Undo Cycle
[247.136s][info][gc] GC(6196) Concurrent Undo Cycle 2.148ms
[247.195s][info][gc] GC(6197) Pause Young (Concurrent Start) (G1 Humongous Allocation) 899M->61M(2000M) 1.525ms
[247.195s][info][gc] GC(6198) Concurrent Undo Cycle
[247.197s][info][gc] GC(6198) Concurrent Undo Cycle 1.841ms
[247.255s][info][gc] GC(6199) Pause Young (Concurrent Start) (G1 Humongous Allocation) 899M->57M(2000M) 1.563ms
[247.255s][info][gc] GC(6200) Concurrent Undo Cycle
[247.257s][info][gc] GC(6200) Concurrent Undo Cycle 1.796ms
[247.315s][info][gc] GC(6201) Pause Young (Concurrent Start) (G1 Humongous Allocation) 895M->57M(2000M) 1.445ms
[247.315s][info][gc] GC(6202) Concurrent Undo Cycle
[247.317s][info][gc] GC(6202) Concurrent Undo Cycle 1.836ms
[247.375s][info][gc] GC(6203) Pause Young (Concurrent Start) (G1 Humongous Allocation) 899M->61M(2000M) 1.645ms
[247.375s][info][gc] GC(6204) Concurrent Undo Cycle
[247.376s][info][gc] GC(6204) Concurrent Undo Cycle 1.689ms
[247.434s][info][gc] GC(6205) Pause Young (Concurrent Start) (G1 Humongous Allocation) 899M->57M(2000M) 1.683ms
[247.435s][info][gc] GC(6206) Concurrent Undo Cycle
[247.436s][info][gc] GC(6206) Concurrent Undo Cycle 1.784ms
[247.494s][info][gc] GC(6207) Pause Young (Concurrent Start) (G1 Humongous Allocation) 895M->57M(2000M) 1.423ms
[247.494s][info][gc] GC(6208) Concurrent Undo Cycle
[247.496s][info][gc] GC(6208) Concurrent Undo Cycle 1.827ms
[247.554s][info][gc] GC(6209) Pause Young (Concurrent Start) (G1 Humongous Allocation) 899M->61M(2000M) 1.436ms
[247.554s][info][gc] GC(6210) Concurrent Undo Cycle
[247.556s][info][gc] GC(6210) Concurrent Undo Cycle 1.808ms
[247.613s][info][gc] GC(6211) Pause Young (Concurrent Start) (G1 Humongous Allocation) 899M->57M(2000M) 1.357ms
[247.613s][info][gc] GC(6212) Concurrent Undo Cycle
[247.615s][info][gc] GC(6212) Concurrent Undo Cycle 1.899ms
[247.673s][info][gc] GC(6213) Pause Young (Concurrent Start) (G1 Humongous Allocation) 895M->57M(2000M) 1.595ms
[247.673s][info][gc] GC(6214) Concurrent Undo Cycle
[247.675s][info][gc] GC(6214) Concurrent Undo Cycle 1.908ms
[247.732s][info][gc] GC(6215) Pause Young (Concurrent Start) (G1 Humongous Allocation) 899M->61M(2000M) 1.535ms
[247.732s][info][gc] GC(6216) Concurrent Undo Cycle
[247.734s][info][gc] GC(6216) Concurrent Undo Cycle 1.997ms
[247.791s][info][gc] GC(6217) Pause Young (Concurrent Start) (G1 Humongous Allocation) 899M->57M(2000M) 1.392ms
[247.791s][info][gc] GC(6218) Concurrent Undo Cycle
[247.793s][info][gc] GC(6218) Concurrent Undo Cycle 1.872ms
[247.850s][info][gc] GC(6219) Pause Young (Concurrent Start) (G1 Humongous Allocation) 895M->57M(2000M) 1.496ms
[247.850s][info][gc] GC(6220) Concurrent Undo Cycle
[247.852s][info][gc] GC(6220) Concurrent Undo Cycle 1.924ms
[247.909s][info][gc] GC(6221) Pause Young (Concurrent Start) (G1 Humongous Allocation) 899M->61M(2000M) 1.548ms
[247.909s][info][gc] GC(6222) Concurrent Undo Cycle
[247.911s][info][gc] GC(6222) Concurrent Undo Cycle 1.989ms
[247.969s][info][gc] GC(6223) Pause Young (Concurrent Start) (G1 Humongous Allocation) 899M->57M(2000M) 1.638ms
[247.969s][info][gc] GC(6224) Concurrent Undo Cycle
[247.971s][info][gc] GC(6224) Concurrent Undo Cycle 1.892ms
[248.028s][info][gc] GC(6225) Pause Young (Concurrent Start) (G1 Humongous Allocation) 895M->57M(2000M) 1.395ms
[248.028s][info][gc] GC(6226) Concurrent Undo Cycle
[248.030s][info][gc] GC(6226) Concurrent Undo Cycle 1.961ms
[248.088s][info][gc] GC(6227) Pause Young (Concurrent Start) (G1 Humongous Allocation) 899M->61M(2000M) 1.528ms
[248.088s][info][gc] GC(6228) Concurrent Undo Cycle
[248.090s][info][gc] GC(6228) Concurrent Undo Cycle 1.921ms
[248.148s][info][gc] GC(6229) Pause Young (Concurrent Start) (G1 Humongous Allocation) 899M->57M(2000M) 1.555ms
[248.149s][info][gc] GC(6230) Concurrent Undo Cycle
[248.150s][info][gc] GC(6230) Concurrent Undo Cycle 1.898ms
[248.208s][info][gc] GC(6231) Pause Young (Concurrent Start) (G1 Humongous Allocation) 895M->57M(2000M) 1.629ms
[248.208s][info][gc] GC(6232) Concurrent Undo Cycle
[248.210s][info][gc] GC(6232) Concurrent Undo Cycle 1.850ms
[248.267s][info][gc] GC(6233) Pause Young (Concurrent Start) (G1 Humongous Allocation) 899M->61M(2000M) 1.442ms
[248.268s][info][gc] GC(6234) Concurrent Undo Cycle
[248.269s][info][gc] GC(6234) Concurrent Undo Cycle 1.889ms
[248.326s][info][gc] GC(6235) Pause Young (Concurrent Start) (G1 Humongous Allocation) 899M->57M(2000M) 1.391ms
[248.326s][info][gc] GC(6236) Concurrent Undo Cycle
[248.328s][info][gc] GC(6236) Concurrent Undo Cycle 1.862ms
[248.390s][info][gc] GC(6237) Pause Young (Concurrent Start) (G1 Humongous Allocation) 895M->57M(2000M) 1.575ms
[248.390s][info][gc] GC(6238) Concurrent Undo Cycle
[248.392s][info][gc] GC(6238) Concurrent Undo Cycle 1.864ms
[248.452s][info][gc] GC(6239) Pause Young (Concurrent Start) (G1 Humongous Allocation) 899M->61M(2000M) 1.312ms
[248.452s][info][gc] GC(6240) Concurrent Undo Cycle
[248.454s][info][gc] GC(6240) Concurrent Undo Cycle 1.778ms
[248.511s][info][gc] GC(6241) Pause Young (Concurrent Start) (G1 Humongous Allocation) 899M->57M(2000M) 1.558ms
[248.511s][info][gc] GC(6242) Concurrent Undo Cycle
[248.513s][info][gc] GC(6242) Concurrent Undo Cycle 1.869ms
[248.571s][info][gc] GC(6243) Pause Young (Concurrent Start) (G1 Humongous Allocation) 895M->57M(2000M) 1.498ms
[248.571s][info][gc] GC(6244) Concurrent Undo Cycle
[248.573s][info][gc] GC(6244) Concurrent Undo Cycle 2.224ms
[248.632s][info][gc] GC(6245) Pause Young (Concurrent Start) (G1 Humongous Allocation) 899M->61M(2000M) 1.522ms
[248.633s][info][gc] GC(6246) Concurrent Undo Cycle
[248.634s][info][gc] GC(6246) Concurrent Undo Cycle 1.775ms
[248.692s][info][gc] GC(6247) Pause Young (Concurrent Start) (G1 Humongous Allocation) 899M->57M(2000M) 1.682ms
[248.692s][info][gc] GC(6248) Concurrent Undo Cycle
[248.694s][info][gc] GC(6248) Concurrent Undo Cycle 1.860ms
[248.753s][info][gc] GC(6249) Pause Young (Concurrent Start) (G1 Humongous Allocation) 895M->57M(2000M) 1.590ms
[248.753s][info][gc] GC(6250) Concurrent Undo Cycle
[248.755s][info][gc] GC(6250) Concurrent Undo Cycle 1.837ms
[248.813s][info][gc] GC(6251) Pause Young (Concurrent Start) (G1 Humongous Allocation) 900M->61M(2000M) 1.416ms
[248.813s][info][gc] GC(6252) Concurrent Undo Cycle
[248.814s][info][gc] GC(6252) Concurrent Undo Cycle 1.819ms
[248.871s][info][gc] GC(6253) Pause Young (Concurrent Start) (G1 Humongous Allocation) 900M->58M(2000M) 1.534ms
[248.872s][info][gc] GC(6254) Concurrent Undo Cycle
[248.873s][info][gc] GC(6254) Concurrent Undo Cycle 1.875ms
[248.931s][info][gc] GC(6255) Pause Young (Concurrent Start) (G1 Humongous Allocation) 896M->58M(2000M) 1.720ms
[248.931s][info][gc] GC(6256) Concurrent Undo Cycle
[248.933s][info][gc] GC(6256) Concurrent Undo Cycle 1.980ms
[248.991s][info][gc] GC(6257) Pause Young (Concurrent Start) (G1 Humongous Allocation) 900M->62M(2000M) 1.723ms
[248.991s][info][gc] GC(6258) Concurrent Undo Cycle
[248.993s][info][gc] GC(6258) Concurrent Undo Cycle 1.982ms
[249.051s][info][gc] GC(6259) Pause Young (Concurrent Start) (G1 Humongous Allocation) 900M->58M(2000M) 1.492ms
[249.051s][info][gc] GC(6260) Concurrent Undo Cycle
[249.053s][info][gc] GC(6260) Concurrent Undo Cycle 1.820ms
[249.111s][info][gc] GC(6261) Pause Young (Concurrent Start) (G1 Humongous Allocation) 896M->58M(2000M) 1.522ms
[249.111s][info][gc] GC(6262) Concurrent Undo Cycle
[249.113s][info][gc] GC(6262) Concurrent Undo Cycle 1.873ms
[249.172s][info][gc] GC(6263) Pause Young (Concurrent Start) (G1 Humongous Allocation) 900M->62M(2000M) 1.417ms
[249.172s][info][gc] GC(6264) Concurrent Undo Cycle
[249.174s][info][gc] GC(6264) Concurrent Undo Cycle 1.908ms
[249.232s][info][gc] GC(6265) Pause Young (Concurrent Start) (G1 Humongous Allocation) 900M->58M(2000M) 1.503ms
[249.232s][info][gc] GC(6266) Concurrent Undo Cycle
[249.234s][info][gc] GC(6266) Concurrent Undo Cycle 1.949ms
[249.293s][info][gc] GC(6267) Pause Young (Concurrent Start) (G1 Humongous Allocation) 896M->58M(2000M) 1.518ms
[249.293s][info][gc] GC(6268) Concurrent Undo Cycle
[249.295s][info][gc] GC(6268) Concurrent Undo Cycle 1.897ms
[249.352s][info][gc] GC(6269) Pause Young (Concurrent Start) (G1 Humongous Allocation) 900M->62M(2000M) 1.441ms
[249.352s][info][gc] GC(6270) Concurrent Undo Cycle
[249.354s][info][gc] GC(6270) Concurrent Undo Cycle 2.108ms
[249.412s][info][gc] GC(6271) Pause Young (Concurrent Start) (G1 Humongous Allocation) 900M->58M(2000M) 1.543ms
[249.412s][info][gc] GC(6272) Concurrent Undo Cycle
[249.414s][info][gc] GC(6272) Concurrent Undo Cycle 1.856ms
[249.471s][info][gc] GC(6273) Pause Young (Concurrent Start) (G1 Humongous Allocation) 896M->58M(2000M) 1.635ms
[249.471s][info][gc] GC(6274) Concurrent Undo Cycle
[249.473s][info][gc] GC(6274) Concurrent Undo Cycle 1.958ms
[249.531s][info][gc] GC(6275) Pause Young (Concurrent Start) (G1 Humongous Allocation) 900M->62M(2000M) 1.684ms
[249.531s][info][gc] GC(6276) Concurrent Undo Cycle
[249.533s][info][gc] GC(6276) Concurrent Undo Cycle 1.863ms
[249.590s][info][gc] GC(6277) Pause Young (Concurrent Start) (G1 Humongous Allocation) 900M->58M(2000M) 1.484ms
[249.590s][info][gc] GC(6278) Concurrent Undo Cycle
[249.592s][info][gc] GC(6278) Concurrent Undo Cycle 1.964ms
[249.650s][info][gc] GC(6279) Pause Young (Concurrent Start) (G1 Humongous Allocation) 896M->58M(2000M) 1.385ms
[249.650s][info][gc] GC(6280) Concurrent Undo Cycle
[249.651s][info][gc] GC(6280) Concurrent Undo Cycle 1.860ms
[249.710s][info][gc] GC(6281) Pause Young (Concurrent Start) (G1 Humongous Allocation) 900M->62M(2000M) 1.713ms
[249.710s][info][gc] GC(6282) Concurrent Undo Cycle
[249.712s][info][gc] GC(6282) Concurrent Undo Cycle 1.847ms
[249.770s][info][gc] GC(6283) Pause Young (Concurrent Start) (G1 Humongous Allocation) 900M->58M(2000M) 1.464ms
[249.770s][info][gc] GC(6284) Concurrent Undo Cycle
[249.772s][info][gc] GC(6284) Concurrent Undo Cycle 1.859ms
[249.830s][info][gc] GC(6285) Pause Young (Concurrent Start) (G1 Humongous Allocation) 896M->58M(2000M) 1.490ms
[249.830s][info][gc] GC(6286) Concurrent Undo Cycle
[249.832s][info][gc] GC(6286) Concurrent Undo Cycle 1.865ms
[249.889s][info][gc] GC(6287) Pause Young (Concurrent Start) (G1 Humongous Allocation) 900M->62M(2000M) 1.526ms
[249.889s][info][gc] GC(6288) Concurrent Undo Cycle
[249.891s][info][gc] GC(6288) Concurrent Undo Cycle 1.822ms
[249.949s][info][gc] GC(6289) Pause Young (Concurrent Start) (G1 Humongous Allocation) 900M->58M(2000M) 1.512ms
[249.949s][info][gc] GC(6290) Concurrent Undo Cycle
[249.951s][info][gc] GC(6290) Concurrent Undo Cycle 1.838ms
[250.008s][info][gc] GC(6291) Pause Young (Concurrent Start) (G1 Humongous Allocation) 896M->58M(2000M) 1.384ms
[250.008s][info][gc] GC(6292) Concurrent Undo Cycle
[250.010s][info][gc] GC(6292) Concurrent Undo Cycle 2.131ms
[250.068s][info][gc] GC(6293) Pause Young (Concurrent Start) (G1 Humongous Allocation) 900M->62M(2000M) 1.320ms
[250.068s][info][gc] GC(6294) Concurrent Undo Cycle
[250.070s][info][gc] GC(6294) Concurrent Undo Cycle 1.802ms
[250.127s][info][gc] GC(6295) Pause Young (Concurrent Start) (G1 Humongous Allocation) 900M->58M(2000M) 1.541ms
[250.127s][info][gc] GC(6296) Concurrent Undo Cycle
[250.129s][info][gc] GC(6296) Concurrent Undo Cycle 1.920ms
[250.188s][info][gc] GC(6297) Pause Young (Concurrent Start) (G1 Humongous Allocation) 896M->58M(2000M) 1.474ms
[250.188s][info][gc] GC(6298) Concurrent Undo Cycle
[250.190s][info][gc] GC(6298) Concurrent Undo Cycle 1.862ms
[250.249s][info][gc] GC(6299) Pause Young (Concurrent Start) (G1 Humongous Allocation) 900M->62M(2000M) 1.656ms
[250.249s][info][gc] GC(6300) Concurrent Undo Cycle
[250.250s][info][gc] GC(6300) Concurrent Undo Cycle 1.819ms
[250.309s][info][gc] GC(6301) Pause Young (Concurrent Start) (G1 Humongous Allocation) 900M->58M(2000M) 1.458ms
[250.309s][info][gc] GC(6302) Concurrent Undo Cycle
[250.311s][info][gc] GC(6302) Concurrent Undo Cycle 1.930ms
[250.368s][info][gc] GC(6303) Pause Young (Concurrent Start) (G1 Humongous Allocation) 896M->58M(2000M) 1.556ms
[250.368s][info][gc] GC(6304) Concurrent Undo Cycle
[250.370s][info][gc] GC(6304) Concurrent Undo Cycle 1.887ms
[250.428s][info][gc] GC(6305) Pause Young (Concurrent Start) (G1 Humongous Allocation) 900M->62M(2000M) 1.440ms
[250.428s][info][gc] GC(6306) Concurrent Undo Cycle
[250.430s][info][gc] GC(6306) Concurrent Undo Cycle 1.894ms
[250.488s][info][gc] GC(6307) Pause Young (Concurrent Start) (G1 Humongous Allocation) 900M->58M(2000M) 1.524ms
[250.488s][info][gc] GC(6308) Concurrent Undo Cycle
[250.490s][info][gc] GC(6308) Concurrent Undo Cycle 1.854ms
[250.547s][info][gc] GC(6309) Pause Young (Concurrent Start) (G1 Humongous Allocation) 896M->58M(2000M) 1.518ms
[250.547s][info][gc] GC(6310) Concurrent Undo Cycle
[250.549s][info][gc] GC(6310) Concurrent Undo Cycle 1.863ms
[250.606s][info][gc] GC(6311) Pause Young (Concurrent Start) (G1 Humongous Allocation) 900M->62M(2000M) 1.317ms
[250.606s][info][gc] GC(6312) Concurrent Undo Cycle
[250.608s][info][gc] GC(6312) Concurrent Undo Cycle 1.796ms
[250.665s][info][gc] GC(6313) Pause Young (Concurrent Start) (G1 Humongous Allocation) 900M->58M(2000M) 1.311ms
[250.665s][info][gc] GC(6314) Concurrent Undo Cycle
[250.667s][info][gc] GC(6314) Concurrent Undo Cycle 1.795ms
[250.726s][info][gc] GC(6315) Pause Young (Concurrent Start) (G1 Humongous Allocation) 896M->58M(2000M) 1.434ms
[250.726s][info][gc] GC(6316) Concurrent Undo Cycle
[250.728s][info][gc] GC(6316) Concurrent Undo Cycle 2.003ms
[250.786s][info][gc] GC(6317) Pause Young (Concurrent Start) (G1 Humongous Allocation) 900M->62M(2000M) 1.540ms
[250.786s][info][gc] GC(6318) Concurrent Undo Cycle
[250.788s][info][gc] GC(6318) Concurrent Undo Cycle 1.898ms
[250.847s][info][gc] GC(6319) Pause Young (Concurrent Start) (G1 Humongous Allocation) 900M->58M(2000M) 1.570ms
[250.847s][info][gc] GC(6320) Concurrent Undo Cycle
[250.849s][info][gc] GC(6320) Concurrent Undo Cycle 1.876ms
[250.906s][info][gc] GC(6321) Pause Young (Concurrent Start) (G1 Humongous Allocation) 896M->58M(2000M) 1.763ms
[250.906s][info][gc] GC(6322) Concurrent Undo Cycle
[250.908s][info][gc] GC(6322) Concurrent Undo Cycle 1.916ms
[250.966s][info][gc] GC(6323) Pause Young (Concurrent Start) (G1 Humongous Allocation) 900M->62M(2000M) 1.615ms
[250.966s][info][gc] GC(6324) Concurrent Undo Cycle
[250.968s][info][gc] GC(6324) Concurrent Undo Cycle 1.944ms
[251.026s][info][gc] GC(6325) Pause Young (Concurrent Start) (G1 Humongous Allocation) 900M->58M(2000M) 1.473ms
[251.026s][info][gc] GC(6326) Concurrent Undo Cycle
[251.028s][info][gc] GC(6326) Concurrent Undo Cycle 1.892ms
[251.086s][info][gc] GC(6327) Pause Young (Concurrent Start) (G1 Humongous Allocation) 896M->58M(2000M) 1.579ms
[251.086s][info][gc] GC(6328) Concurrent Undo Cycle
[251.088s][info][gc] GC(6328) Concurrent Undo Cycle 1.895ms
[251.146s][info][gc] GC(6329) Pause Young (Concurrent Start) (G1 Humongous Allocation) 900M->62M(2000M) 1.412ms
[251.146s][info][gc] GC(6330) Concurrent Undo Cycle
[251.148s][info][gc] GC(6330) Concurrent Undo Cycle 1.750ms
[251.209s][info][gc] GC(6331) Pause Young (Concurrent Start) (G1 Humongous Allocation) 900M->58M(2000M) 1.579ms
[251.209s][info][gc] GC(6332) Concurrent Undo Cycle
[251.211s][info][gc] GC(6332) Concurrent Undo Cycle 1.908ms
[251.271s][info][gc] GC(6333) Pause Young (Concurrent Start) (G1 Humongous Allocation) 896M->58M(2000M) 1.693ms
[251.271s][info][gc] GC(6334) Concurrent Undo Cycle
[251.273s][info][gc] GC(6334) Concurrent Undo Cycle 2.013ms
[251.331s][info][gc] GC(6335) Pause Young (Concurrent Start) (G1 Humongous Allocation) 900M->62M(2000M) 1.363ms
[251.331s][info][gc] GC(6336) Concurrent Undo Cycle
[251.333s][info][gc] GC(6336) Concurrent Undo Cycle 1.899ms
[251.391s][info][gc] GC(6337) Pause Young (Concurrent Start) (G1 Humongous Allocation) 900M->58M(2000M) 1.493ms
[251.391s][info][gc] GC(6338) Concurrent Undo Cycle
[251.393s][info][gc] GC(6338) Concurrent Undo Cycle 1.827ms
[251.450s][info][gc] GC(6339) Pause Young (Concurrent Start) (G1 Humongous Allocation) 896M->58M(2000M) 1.551ms
[251.450s][info][gc] GC(6340) Concurrent Undo Cycle
[251.452s][info][gc] GC(6340) Concurrent Undo Cycle 1.860ms
[251.510s][info][gc] GC(6341) Pause Young (Concurrent Start) (G1 Humongous Allocation) 900M->62M(2000M) 1.419ms
[251.510s][info][gc] GC(6342) Concurrent Undo Cycle
[251.512s][info][gc] GC(6342) Concurrent Undo Cycle 1.801ms
[251.569s][info][gc] GC(6343) Pause Young (Concurrent Start) (G1 Humongous Allocation) 900M->58M(2000M) 1.724ms
[251.570s][info][gc] GC(6344) Concurrent Undo Cycle
[251.572s][info][gc] GC(6344) Concurrent Undo Cycle 2.037ms
[251.629s][info][gc] GC(6345) Pause Young (Concurrent Start) (G1 Humongous Allocation) 896M->58M(2000M) 1.718ms
[251.629s][info][gc] GC(6346) Concurrent Undo Cycle
[251.631s][info][gc] GC(6346) Concurrent Undo Cycle 1.847ms
[251.689s][info][gc] GC(6347) Pause Young (Concurrent Start) (G1 Humongous Allocation) 900M->62M(2000M) 1.361ms
[251.689s][info][gc] GC(6348) Concurrent Undo Cycle
[251.691s][info][gc] GC(6348) Concurrent Undo Cycle 1.920ms
[251.749s][info][gc] GC(6349) Pause Young (Concurrent Start) (G1 Humongous Allocation) 900M->58M(2000M) 1.551ms
[251.749s][info][gc] GC(6350) Concurrent Undo Cycle
[251.751s][info][gc] GC(6350) Concurrent Undo Cycle 1.850ms
[251.809s][info][gc] GC(6351) Pause Young (Concurrent Start) (G1 Humongous Allocation) 896M->58M(2000M) 1.680ms
[251.809s][info][gc] GC(6352) Concurrent Undo Cycle
[251.811s][info][gc] GC(6352) Concurrent Undo Cycle 1.963ms
[251.870s][info][gc] GC(6353) Pause Young (Concurrent Start) (G1 Humongous Allocation) 900M->62M(2000M) 1.509ms
[251.870s][info][gc] GC(6354) Concurrent Undo Cycle
[251.872s][info][gc] GC(6354) Concurrent Undo Cycle 1.950ms
[251.929s][info][gc] GC(6355) Pause Young (Concurrent Start) (G1 Humongous Allocation) 900M->58M(2000M) 1.458ms
[251.929s][info][gc] GC(6356) Concurrent Undo Cycle
[251.931s][info][gc] GC(6356) Concurrent Undo Cycle 1.908ms
[251.989s][info][gc] GC(6357) Pause Young (Concurrent Start) (G1 Humongous Allocation) 896M->58M(2000M) 1.538ms
[251.989s][info][gc] GC(6358) Concurrent Undo Cycle
[251.991s][info][gc] GC(6358) Concurrent Undo Cycle 1.863ms
[252.049s][info][gc] GC(6359) Pause Young (Concurrent Start) (G1 Humongous Allocation) 900M->62M(2000M) 1.570ms
[252.049s][info][gc] GC(6360) Concurrent Undo Cycle
[252.051s][info][gc] GC(6360) Concurrent Undo Cycle 2.021ms
[252.109s][info][gc] GC(6361) Pause Young (Concurrent Start) (G1 Humongous Allocation) 900M->58M(2000M) 1.648ms
[252.109s][info][gc] GC(6362) Concurrent Undo Cycle
[252.111s][info][gc] GC(6362) Concurrent Undo Cycle 1.862ms
[252.168s][info][gc] GC(6363) Pause Young (Concurrent Start) (G1 Humongous Allocation) 896M->58M(2000M) 1.473ms
[252.169s][info][gc] GC(6364) Concurrent Undo Cycle
[252.170s][info][gc] GC(6364) Concurrent Undo Cycle 1.904ms
[252.229s][info][gc] GC(6365) Pause Young (Concurrent Start) (G1 Humongous Allocation) 900M->62M(2000M) 1.513ms
[252.229s][info][gc] GC(6366) Concurrent Undo Cycle
[252.231s][info][gc] GC(6366) Concurrent Undo Cycle 1.900ms
[252.291s][info][gc] GC(6367) Pause Young (Concurrent Start) (G1 Humongous Allocation) 900M->58M(2000M) 1.839ms
[252.292s][info][gc] GC(6368) Concurrent Undo Cycle
[252.293s][info][gc] GC(6368) Concurrent Undo Cycle 1.874ms
[252.352s][info][gc] GC(6369) Pause Young (Concurrent Start) (G1 Humongous Allocation) 896M->58M(2000M) 1.443ms
[252.353s][info][gc] GC(6370) Concurrent Undo Cycle
[252.354s][info][gc] GC(6370) Concurrent Undo Cycle 1.865ms
[252.414s][info][gc] GC(6371) Pause Young (Concurrent Start) (G1 Humongous Allocation) 900M->62M(2000M) 1.438ms
[252.414s][info][gc] GC(6372) Concurrent Undo Cycle
[252.417s][info][gc] GC(6372) Concurrent Undo Cycle 2.610ms
[252.475s][info][gc] GC(6373) Pause Young (Concurrent Start) (G1 Humongous Allocation) 900M->58M(2000M) 1.738ms
[252.475s][info][gc] GC(6374) Concurrent Undo Cycle
[252.477s][info][gc] GC(6374) Concurrent Undo Cycle 1.873ms
[252.535s][info][gc] GC(6375) Pause Young (Concurrent Start) (G1 Humongous Allocation) 896M->58M(2000M) 1.625ms
[252.535s][info][gc] GC(6376) Concurrent Undo Cycle
[252.537s][info][gc] GC(6376) Concurrent Undo Cycle 1.952ms
[252.595s][info][gc] GC(6377) Pause Young (Concurrent Start) (G1 Humongous Allocation) 900M->62M(2000M) 1.657ms
[252.595s][info][gc] GC(6378) Concurrent Undo Cycle
[252.597s][info][gc] GC(6378) Concurrent Undo Cycle 1.840ms
[252.654s][info][gc] GC(6379) Pause Young (Concurrent Start) (G1 Humongous Allocation) 900M->58M(2000M) 1.321ms
[252.655s][info][gc] GC(6380) Concurrent Undo Cycle
[252.656s][info][gc] GC(6380) Concurrent Undo Cycle 1.865ms
[252.714s][info][gc] GC(6381) Pause Young (Concurrent Start) (G1 Humongous Allocation) 896M->58M(2000M) 1.604ms
[252.714s][info][gc] GC(6382) Concurrent Undo Cycle
[252.716s][info][gc] GC(6382) Concurrent Undo Cycle 1.902ms
[252.774s][info][gc] GC(6383) Pause Young (Concurrent Start) (G1 Humongous Allocation) 900M->62M(2000M) 1.486ms
[252.774s][info][gc] GC(6384) Concurrent Undo Cycle
[252.776s][info][gc] GC(6384) Concurrent Undo Cycle 1.852ms
[252.836s][info][gc] GC(6385) Pause Young (Concurrent Start) (G1 Humongous Allocation) 900M->58M(2000M) 1.433ms
[252.836s][info][gc] GC(6386) Concurrent Undo Cycle
[252.838s][info][gc] GC(6386) Concurrent Undo Cycle 1.843ms
[252.897s][info][gc] GC(6387) Pause Young (Concurrent Start) (G1 Humongous Allocation) 896M->58M(2000M) 1.540ms
[252.897s][info][gc] GC(6388) Concurrent Undo Cycle
[252.898s][info][gc] GC(6388) Concurrent Undo Cycle 1.819ms
[252.957s][info][gc] GC(6389) Pause Young (Concurrent Start) (G1 Humongous Allocation) 900M->62M(2000M) 1.510ms
[252.957s][info][gc] GC(6390) Concurrent Undo Cycle
[252.959s][info][gc] GC(6390) Concurrent Undo Cycle 1.901ms
[253.017s][info][gc] GC(6391) Pause Young (Concurrent Start) (G1 Humongous Allocation) 900M->58M(2000M) 1.422ms
[253.017s][info][gc] GC(6392) Concurrent Undo Cycle
[253.019s][info][gc] GC(6392) Concurrent Undo Cycle 1.812ms
[253.077s][info][gc] GC(6393) Pause Young (Concurrent Start) (G1 Humongous Allocation) 896M->58M(2000M) 1.592ms
[253.078s][info][gc] GC(6394) Concurrent Undo Cycle
[253.080s][info][gc] GC(6394) Concurrent Undo Cycle 1.929ms
[253.137s][info][gc] GC(6395) Pause Young (Concurrent Start) (G1 Humongous Allocation) 901M->62M(2000M) 1.508ms
[253.137s][info][gc] GC(6396) Concurrent Undo Cycle
[253.139s][info][gc] GC(6396) Concurrent Undo Cycle 1.890ms
[253.198s][info][gc] GC(6397) Pause Young (Concurrent Start) (G1 Humongous Allocation) 901M->59M(2000M) 1.583ms
[253.198s][info][gc] GC(6398) Concurrent Undo Cycle
[253.200s][info][gc] GC(6398) Concurrent Undo Cycle 2.031ms
[253.258s][info][gc] GC(6399) Pause Young (Concurrent Start) (G1 Humongous Allocation) 897M->59M(2000M) 1.593ms
[253.258s][info][gc] GC(6400) Concurrent Undo Cycle
[253.260s][info][gc] GC(6400) Concurrent Undo Cycle 1.856ms
[253.318s][info][gc] GC(6401) Pause Young (Concurrent Start) (G1 Humongous Allocation) 901M->63M(2000M) 1.618ms
[253.318s][info][gc] GC(6402) Concurrent Undo Cycle
[253.320s][info][gc] GC(6402) Concurrent Undo Cycle 1.965ms
[253.380s][info][gc] GC(6403) Pause Young (Concurrent Start) (G1 Humongous Allocation) 901M->59M(2000M) 1.469ms
[253.380s][info][gc] GC(6404) Concurrent Undo Cycle
[253.382s][info][gc] GC(6404) Concurrent Undo Cycle 2.036ms
[253.441s][info][gc] GC(6405) Pause Young (Concurrent Start) (G1 Humongous Allocation) 897M->59M(2000M) 2.023ms
[253.441s][info][gc] GC(6406) Concurrent Undo Cycle
[253.443s][info][gc] GC(6406) Concurrent Undo Cycle 1.891ms
[253.502s][info][gc] GC(6407) Pause Young (Concurrent Start) (G1 Humongous Allocation) 901M->63M(2000M) 1.289ms
[253.502s][info][gc] GC(6408) Concurrent Undo Cycle
[253.503s][info][gc] GC(6408) Concurrent Undo Cycle 1.902ms
[253.562s][info][gc] GC(6409) Pause Young (Concurrent Start) (G1 Humongous Allocation) 901M->59M(2000M) 1.537ms
[253.562s][info][gc] GC(6410) Concurrent Undo Cycle
[253.564s][info][gc] GC(6410) Concurrent Undo Cycle 1.863ms
[253.622s][info][gc] GC(6411) Pause Young (Concurrent Start) (G1 Humongous Allocation) 897M->59M(2000M) 1.589ms
[253.622s][info][gc] GC(6412) Concurrent Undo Cycle
[253.624s][info][gc] GC(6412) Concurrent Undo Cycle 1.909ms
[253.682s][info][gc] GC(6413) Pause Young (Concurrent Start) (G1 Humongous Allocation) 901M->63M(2000M) 1.514ms
[253.682s][info][gc] GC(6414) Concurrent Undo Cycle
[253.683s][info][gc] GC(6414) Concurrent Undo Cycle 1.782ms
[253.742s][info][gc] GC(6415) Pause Young (Concurrent Start) (G1 Humongous Allocation) 901M->59M(2000M) 1.557ms
[253.742s][info][gc] GC(6416) Concurrent Undo Cycle
[253.744s][info][gc] GC(6416) Concurrent Undo Cycle 1.793ms
[253.802s][info][gc] GC(6417) Pause Young (Concurrent Start) (G1 Humongous Allocation) 897M->59M(2000M) 1.483ms
[253.802s][info][gc] GC(6418) Concurrent Undo Cycle
[253.804s][info][gc] GC(6418) Concurrent Undo Cycle 2.118ms
[253.863s][info][gc] GC(6419) Pause Young (Concurrent Start) (G1 Humongous Allocation) 901M->63M(2000M) 1.564ms
[253.863s][info][gc] GC(6420) Concurrent Undo Cycle
[253.865s][info][gc] GC(6420) Concurrent Undo Cycle 1.909ms
[253.924s][info][gc] GC(6421) Pause Young (Concurrent Start) (G1 Humongous Allocation) 901M->59M(2000M) 1.464ms
[253.924s][info][gc] GC(6422) Concurrent Undo Cycle
[253.926s][info][gc] GC(6422) Concurrent Undo Cycle 1.889ms
[253.985s][info][gc] GC(6423) Pause Young (Concurrent Start) (G1 Humongous Allocation) 897M->59M(2000M) 1.431ms
[253.985s][info][gc] GC(6424) Concurrent Undo Cycle
[253.987s][info][gc] GC(6424) Concurrent Undo Cycle 1.890ms
[254.045s][info][gc] GC(6425) Pause Young (Concurrent Start) (G1 Humongous Allocation) 901M->63M(2000M) 1.751ms
[254.045s][info][gc] GC(6426) Concurrent Undo Cycle
[254.047s][info][gc] GC(6426) Concurrent Undo Cycle 1.910ms
[254.105s][info][gc] GC(6427) Pause Young (Concurrent Start) (G1 Humongous Allocation) 901M->59M(2000M) 1.433ms
[254.105s][info][gc] GC(6428) Concurrent Undo Cycle
[254.107s][info][gc] GC(6428) Concurrent Undo Cycle 1.970ms
[254.165s][info][gc] GC(6429) Pause Young (Concurrent Start) (G1 Humongous Allocation) 897M->59M(2000M) 1.158ms
[254.165s][info][gc] GC(6430) Concurrent Undo Cycle
[254.167s][info][gc] GC(6430) Concurrent Undo Cycle 1.819ms
[254.225s][info][gc] GC(6431) Pause Young (Concurrent Start) (G1 Humongous Allocation) 901M->63M(2000M) 1.556ms
[254.226s][info][gc] GC(6432) Concurrent Undo Cycle
[254.227s][info][gc] GC(6432) Concurrent Undo Cycle 1.808ms
[254.285s][info][gc] GC(6433) Pause Young (Concurrent Start) (G1 Humongous Allocation) 901M->59M(2000M) 1.564ms
[254.285s][info][gc] GC(6434) Concurrent Undo Cycle
[254.287s][info][gc] GC(6434) Concurrent Undo Cycle 1.889ms
[254.345s][info][gc] GC(6435) Pause Young (Concurrent Start) (G1 Humongous Allocation) 897M->59M(2000M) 1.521ms
[254.345s][info][gc] GC(6436) Concurrent Undo Cycle
[254.347s][info][gc] GC(6436) Concurrent Undo Cycle 1.942ms
[254.406s][info][gc] GC(6437) Pause Young (Concurrent Start) (G1 Humongous Allocation) 901M->63M(2000M) 1.549ms
[254.406s][info][gc] GC(6438) Concurrent Undo Cycle
[254.408s][info][gc] GC(6438) Concurrent Undo Cycle 1.885ms
[254.467s][info][gc] GC(6439) Pause Young (Concurrent Start) (G1 Humongous Allocation) 901M->59M(2000M) 1.461ms
[254.467s][info][gc] GC(6440) Concurrent Undo Cycle
[254.469s][info][gc] GC(6440) Concurrent Undo Cycle 1.928ms
[254.528s][info][gc] GC(6441) Pause Young (Concurrent Start) (G1 Humongous Allocation) 897M->59M(2000M) 1.605ms
[254.528s][info][gc] GC(6442) Concurrent Undo Cycle
[254.530s][info][gc] GC(6442) Concurrent Undo Cycle 1.888ms
[254.589s][info][gc] GC(6443) Pause Young (Concurrent Start) (G1 Humongous Allocation) 901M->63M(2000M) 1.544ms
[254.589s][info][gc] GC(6444) Concurrent Undo Cycle
[254.590s][info][gc] GC(6444) Concurrent Undo Cycle 1.890ms
[254.648s][info][gc] GC(6445) Pause Young (Concurrent Start) (G1 Humongous Allocation) 901M->59M(2000M) 1.441ms
[254.648s][info][gc] GC(6446) Concurrent Undo Cycle
[254.650s][info][gc] GC(6446) Concurrent Undo Cycle 1.904ms
[254.708s][info][gc] GC(6447) Pause Young (Concurrent Start) (G1 Humongous Allocation) 897M->59M(2000M) 1.495ms
[254.708s][info][gc] GC(6448) Concurrent Undo Cycle
[254.710s][info][gc] GC(6448) Concurrent Undo Cycle 1.868ms
[254.768s][info][gc] GC(6449) Pause Young (Concurrent Start) (G1 Humongous Allocation) 901M->63M(2000M) 1.557ms
[254.768s][info][gc] GC(6450) Concurrent Undo Cycle
[254.770s][info][gc] GC(6450) Concurrent Undo Cycle 1.989ms
[254.828s][info][gc] GC(6451) Pause Young (Concurrent Start) (G1 Humongous Allocation) 901M->59M(2000M) 1.525ms
[254.828s][info][gc] GC(6452) Concurrent Undo Cycle
[254.830s][info][gc] GC(6452) Concurrent Undo Cycle 1.742ms
[254.888s][info][gc] GC(6453) Pause Young (Concurrent Start) (G1 Humongous Allocation) 897M->59M(2000M) 1.493ms
[254.888s][info][gc] GC(6454) Concurrent Undo Cycle
[254.890s][info][gc] GC(6454) Concurrent Undo Cycle 1.900ms
[254.949s][info][gc] GC(6455) Pause Young (Concurrent Start) (G1 Humongous Allocation) 901M->63M(2000M) 1.528ms
[254.949s][info][gc] GC(6456) Concurrent Undo Cycle
[254.951s][info][gc] GC(6456) Concurrent Undo Cycle 1.905ms
[255.010s][info][gc] GC(6457) Pause Young (Concurrent Start) (G1 Humongous Allocation) 901M->59M(2000M) 1.476ms
[255.010s][info][gc] GC(6458) Concurrent Undo Cycle
[255.012s][info][gc] GC(6458) Concurrent Undo Cycle 1.880ms
[255.071s][info][gc] GC(6459) Pause Young (Concurrent Start) (G1 Humongous Allocation) 897M->59M(2000M) 1.531ms
[255.071s][info][gc] GC(6460) Concurrent Undo Cycle
[255.073s][info][gc] GC(6460) Concurrent Undo Cycle 1.993ms
[255.133s][info][gc] GC(6461) Pause Young (Concurrent Start) (G1 Humongous Allocation) 903M->63M(2000M) 1.554ms
[255.133s][info][gc] GC(6462) Concurrent Undo Cycle
[255.134s][info][gc] GC(6462) Concurrent Undo Cycle 1.800ms
[255.195s][info][gc] GC(6463) Pause Young (Concurrent Start) (G1 Humongous Allocation) 901M->59M(2000M) 1.505ms
[255.195s][info][gc] GC(6464) Concurrent Undo Cycle
[255.197s][info][gc] GC(6464) Concurrent Undo Cycle 1.961ms
[255.257s][info][gc] GC(6465) Pause Young (Concurrent Start) (G1 Humongous Allocation) 897M->59M(2000M) 1.503ms
[255.257s][info][gc] GC(6466) Concurrent Undo Cycle
[255.259s][info][gc] GC(6466) Concurrent Undo Cycle 2.007ms
[255.321s][info][gc] GC(6467) Pause Young (Concurrent Start) (G1 Humongous Allocation) 901M->63M(2000M) 1.354ms
[255.321s][info][gc] GC(6468) Concurrent Undo Cycle
[255.323s][info][gc] GC(6468) Concurrent Undo Cycle 1.887ms
[255.381s][info][gc] GC(6469) Pause Young (Concurrent Start) (G1 Humongous Allocation) 901M->59M(2000M) 1.547ms
[255.381s][info][gc] GC(6470) Concurrent Undo Cycle
[255.383s][info][gc] GC(6470) Concurrent Undo Cycle 1.899ms
[255.441s][info][gc] GC(6471) Pause Young (Concurrent Start) (G1 Humongous Allocation) 897M->59M(2000M) 1.702ms
[255.441s][info][gc] GC(6472) Concurrent Undo Cycle
[255.443s][info][gc] GC(6472) Concurrent Undo Cycle 1.958ms
[255.503s][info][gc] GC(6473) Pause Young (Concurrent Start) (G1 Humongous Allocation) 901M->63M(2000M) 1.632ms
[255.503s][info][gc] GC(6474) Concurrent Undo Cycle
[255.505s][info][gc] GC(6474) Concurrent Undo Cycle 1.857ms
[255.564s][info][gc] GC(6475) Pause Young (Concurrent Start) (G1 Humongous Allocation) 901M->59M(2000M) 1.554ms
[255.564s][info][gc] GC(6476) Concurrent Undo Cycle
[255.566s][info][gc] GC(6476) Concurrent Undo Cycle 1.873ms
[255.625s][info][gc] GC(6477) Pause Young (Concurrent Start) (G1 Humongous Allocation) 897M->59M(2000M) 1.492ms
[255.625s][info][gc] GC(6478) Concurrent Undo Cycle
[255.627s][info][gc] GC(6478) Concurrent Undo Cycle 1.867ms
[255.685s][info][gc] GC(6479) Pause Young (Concurrent Start) (G1 Humongous Allocation) 901M->63M(2000M) 1.449ms
[255.685s][info][gc] GC(6480) Concurrent Undo Cycle
[255.687s][info][gc] GC(6480) Concurrent Undo Cycle 1.956ms
[255.745s][info][gc] GC(6481) Pause Young (Concurrent Start) (G1 Humongous Allocation) 901M->59M(2000M) 1.572ms
[255.745s][info][gc] GC(6482) Concurrent Undo Cycle
[255.747s][info][gc] GC(6482) Concurrent Undo Cycle 1.901ms
[255.805s][info][gc] GC(6483) Pause Young (Concurrent Start) (G1 Humongous Allocation) 897M->59M(2000M) 1.449ms
[255.805s][info][gc] GC(6484) Concurrent Undo Cycle
[255.807s][info][gc] GC(6484) Concurrent Undo Cycle 1.863ms
[255.865s][info][gc] GC(6485) Pause Young (Concurrent Start) (G1 Humongous Allocation) 901M->63M(2000M) 1.547ms
[255.865s][info][gc] GC(6486) Concurrent Undo Cycle
[255.867s][info][gc] GC(6486) Concurrent Undo Cycle 1.802ms
[255.925s][info][gc] GC(6487) Pause Young (Concurrent Start) (G1 Humongous Allocation) 901M->59M(2000M) 1.572ms
[255.925s][info][gc] GC(6488) Concurrent Undo Cycle
[255.927s][info][gc] GC(6488) Concurrent Undo Cycle 1.969ms
[255.986s][info][gc] GC(6489) Pause Young (Concurrent Start) (G1 Humongous Allocation) 897M->59M(2000M) 1.670ms
[255.986s][info][gc] GC(6490) Concurrent Undo Cycle
[255.988s][info][gc] GC(6490) Concurrent Undo Cycle 1.849ms
[256.048s][info][gc] GC(6491) Pause Young (Concurrent Start) (G1 Humongous Allocation) 901M->63M(2000M) 1.556ms
[256.048s][info][gc] GC(6492) Concurrent Undo Cycle
[256.050s][info][gc] GC(6492) Concurrent Undo Cycle 1.928ms
[256.109s][info][gc] GC(6493) Pause Young (Concurrent Start) (G1 Humongous Allocation) 901M->59M(2000M) 1.589ms
[256.109s][info][gc] GC(6494) Concurrent Undo Cycle
[256.111s][info][gc] GC(6494) Concurrent Undo Cycle 1.814ms
[256.170s][info][gc] GC(6495) Pause Young (Concurrent Start) (G1 Humongous Allocation) 897M->59M(2000M) 1.512ms
[256.170s][info][gc] GC(6496) Concurrent Undo Cycle
[256.172s][info][gc] GC(6496) Concurrent Undo Cycle 1.792ms
[256.232s][info][gc] GC(6497) Pause Young (Concurrent Start) (G1 Humongous Allocation) 901M->63M(2000M) 1.504ms
[256.232s][info][gc] GC(6498) Concurrent Undo Cycle
[256.234s][info][gc] GC(6498) Concurrent Undo Cycle 1.954ms
[256.294s][info][gc] GC(6499) Pause Young (Concurrent Start) (G1 Humongous Allocation) 901M->59M(2000M) 1.401ms
[256.294s][info][gc] GC(6500) Concurrent Undo Cycle
[256.296s][info][gc] GC(6500) Concurrent Undo Cycle 1.957ms
[256.354s][info][gc] GC(6501) Pause Young (Concurrent Start) (G1 Humongous Allocation) 897M->59M(2000M) 1.516ms
[256.354s][info][gc] GC(6502) Concurrent Undo Cycle
[256.356s][info][gc] GC(6502) Concurrent Undo Cycle 1.891ms
[256.414s][info][gc] GC(6503) Pause Young (Concurrent Start) (G1 Humongous Allocation) 901M->63M(2000M) 1.531ms
[256.414s][info][gc] GC(6504) Concurrent Undo Cycle
[256.416s][info][gc] GC(6504) Concurrent Undo Cycle 1.912ms
[256.475s][info][gc] GC(6505) Pause Young (Concurrent Start) (G1 Humongous Allocation) 901M->59M(2000M) 1.660ms
[256.475s][info][gc] GC(6506) Concurrent Undo Cycle
[256.477s][info][gc] GC(6506) Concurrent Undo Cycle 1.943ms
[256.536s][info][gc] GC(6507) Pause Young (Concurrent Start) (G1 Humongous Allocation) 897M->59M(2000M) 1.629ms
[256.536s][info][gc] GC(6508) Concurrent Undo Cycle
[256.538s][info][gc] GC(6508) Concurrent Undo Cycle 1.794ms
[256.597s][info][gc] GC(6509) Pause Young (Concurrent Start) (G1 Humongous Allocation) 901M->63M(2000M) 1.657ms
[256.598s][info][gc] GC(6510) Concurrent Undo Cycle
[256.599s][info][gc] GC(6510) Concurrent Undo Cycle 1.771ms
[256.658s][info][gc] GC(6511) Pause Young (Concurrent Start) (G1 Humongous Allocation) 901M->59M(2000M) 1.525ms
[256.658s][info][gc] GC(6512) Concurrent Undo Cycle
[256.660s][info][gc] GC(6512) Concurrent Undo Cycle 1.929ms
[256.719s][info][gc] GC(6513) Pause Young (Concurrent Start) (G1 Humongous Allocation) 897M->59M(2000M) 1.316ms
[256.719s][info][gc] GC(6514) Concurrent Undo Cycle
[256.721s][info][gc] GC(6514) Concurrent Undo Cycle 1.865ms
[256.779s][info][gc] GC(6515) Pause Young (Concurrent Start) (G1 Humongous Allocation) 901M->63M(2000M) 1.511ms
[256.779s][info][gc] GC(6516) Concurrent Undo Cycle
[256.781s][info][gc] GC(6516) Concurrent Undo Cycle 2.021ms
[256.839s][info][gc] GC(6517) Pause Young (Concurrent Start) (G1 Humongous Allocation) 901M->59M(2000M) 1.496ms
[256.839s][info][gc] GC(6518) Concurrent Undo Cycle
[256.841s][info][gc] GC(6518) Concurrent Undo Cycle 1.819ms
[256.899s][info][gc] GC(6519) Pause Young (Concurrent Start) (G1 Humongous Allocation) 897M->59M(2000M) 1.633ms
[256.900s][info][gc] GC(6520) Concurrent Undo Cycle
[256.902s][info][gc] GC(6520) Concurrent Undo Cycle 1.980ms
[256.960s][info][gc] GC(6521) Pause Young (Concurrent Start) (G1 Humongous Allocation) 901M->63M(2000M) 1.885ms
[256.961s][info][gc] GC(6522) Concurrent Undo Cycle
[256.962s][info][gc] GC(6522) Concurrent Undo Cycle 1.900ms
[257.020s][info][gc] GC(6523) Pause Young (Concurrent Start) (G1 Humongous Allocation) 901M->59M(2000M) 1.470ms
[257.021s][info][gc] GC(6524) Concurrent Undo Cycle
[257.022s][info][gc] GC(6524) Concurrent Undo Cycle 1.772ms
[257.082s][info][gc] GC(6525) Pause Young (Concurrent Start) (G1 Humongous Allocation) 897M->59M(2000M) 1.673ms
[257.082s][info][gc] GC(6526) Concurrent Undo Cycle
[257.084s][info][gc] GC(6526) Concurrent Undo Cycle 1.950ms
[257.143s][info][gc] GC(6527) Pause Young (Concurrent Start) (G1 Humongous Allocation) 901M->63M(2000M) 1.500ms
[257.143s][info][gc] GC(6528) Concurrent Undo Cycle
[257.145s][info][gc] GC(6528) Concurrent Undo Cycle 1.845ms
[257.205s][info][gc] GC(6529) Pause Young (Concurrent Start) (G1 Humongous Allocation) 901M->59M(2000M) 1.397ms
[257.205s][info][gc] GC(6530) Concurrent Undo Cycle
[257.207s][info][gc] GC(6530) Concurrent Undo Cycle 1.869ms
[257.266s][info][gc] GC(6531) Pause Young (Concurrent Start) (G1 Humongous Allocation) 898M->59M(2000M) 1.553ms
[257.267s][info][gc] GC(6532) Concurrent Undo Cycle
[257.269s][info][gc] GC(6532) Concurrent Undo Cycle 2.298ms
[257.328s][info][gc] GC(6533) Pause Young (Concurrent Start) (G1 Humongous Allocation) 902M->64M(2000M) 1.536ms
[257.328s][info][gc] GC(6534) Concurrent Undo Cycle
[257.330s][info][gc] GC(6534) Concurrent Undo Cycle 1.874ms
[257.389s][info][gc] GC(6535) Pause Young (Concurrent Start) (G1 Humongous Allocation) 902M->60M(2000M) 1.378ms
[257.389s][info][gc] GC(6536) Concurrent Undo Cycle
[257.391s][info][gc] GC(6536) Concurrent Undo Cycle 1.912ms
[257.451s][info][gc] GC(6537) Pause Young (Concurrent Start) (G1 Humongous Allocation) 898M->60M(2000M) 1.561ms
[257.451s][info][gc] GC(6538) Concurrent Undo Cycle
[257.453s][info][gc] GC(6538) Concurrent Undo Cycle 1.862ms
[257.511s][info][gc] GC(6539) Pause Young (Concurrent Start) (G1 Humongous Allocation) 902M->64M(2000M) 1.567ms
[257.512s][info][gc] GC(6540) Concurrent Undo Cycle
[257.513s][info][gc] GC(6540) Concurrent Undo Cycle 1.856ms
[257.572s][info][gc] GC(6541) Pause Young (Concurrent Start) (G1 Humongous Allocation) 902M->60M(2000M) 1.580ms
[257.572s][info][gc] GC(6542) Concurrent Undo Cycle
[257.573s][info][gc] GC(6542) Concurrent Undo Cycle 1.801ms
[257.633s][info][gc] GC(6543) Pause Young (Concurrent Start) (G1 Humongous Allocation) 898M->60M(2000M) 1.514ms
[257.634s][info][gc] GC(6544) Concurrent Undo Cycle
[257.636s][info][gc] GC(6544) Concurrent Undo Cycle 2.009ms
[257.695s][info][gc] GC(6545) Pause Young (Concurrent Start) (G1 Humongous Allocation) 902M->64M(2000M) 1.416ms
[257.695s][info][gc] GC(6546) Concurrent Undo Cycle
[257.697s][info][gc] GC(6546) Concurrent Undo Cycle 1.847ms
[257.755s][info][gc] GC(6547) Pause Young (Concurrent Start) (G1 Humongous Allocation) 902M->60M(2000M) 1.519ms
[257.755s][info][gc] GC(6548) Concurrent Undo Cycle
[257.757s][info][gc] GC(6548) Concurrent Undo Cycle 1.822ms
[257.815s][info][gc] GC(6549) Pause Young (Concurrent Start) (G1 Humongous Allocation) 898M->60M(2000M) 1.358ms
[257.815s][info][gc] GC(6550) Concurrent Undo Cycle
[257.817s][info][gc] GC(6550) Concurrent Undo Cycle 1.917ms
[257.876s][info][gc] GC(6551) Pause Young (Concurrent Start) (G1 Humongous Allocation) 902M->64M(2000M) 1.521ms
[257.876s][info][gc] GC(6552) Concurrent Undo Cycle
[257.878s][info][gc] GC(6552) Concurrent Undo Cycle 1.825ms
[257.937s][info][gc] GC(6553) Pause Young (Concurrent Start) (G1 Humongous Allocation) 902M->60M(2000M) 1.614ms
[257.937s][info][gc] GC(6554) Concurrent Undo Cycle
[257.939s][info][gc] GC(6554) Concurrent Undo Cycle 1.921ms
[257.997s][info][gc] GC(6555) Pause Young (Concurrent Start) (G1 Humongous Allocation) 898M->60M(2000M) 1.591ms
[257.997s][info][gc] GC(6556) Concurrent Undo Cycle
[257.999s][info][gc] GC(6556) Concurrent Undo Cycle 2.000ms
[258.058s][info][gc] GC(6557) Pause Young (Concurrent Start) (G1 Humongous Allocation) 902M->64M(2000M) 1.504ms
[258.058s][info][gc] GC(6558) Concurrent Undo Cycle
[258.060s][info][gc] GC(6558) Concurrent Undo Cycle 1.917ms
[258.119s][info][gc] GC(6559) Pause Young (Concurrent Start) (G1 Humongous Allocation) 898M->64M(2000M) 1.649ms
[258.119s][info][gc] GC(6560) Concurrent Undo Cycle
[258.121s][info][gc] GC(6560) Concurrent Undo Cycle 1.902ms
[258.181s][info][gc] GC(6561) Pause Young (Concurrent Start) (G1 Humongous Allocation) 898M->64M(2000M) 2.209ms
[258.181s][info][gc] GC(6562) Concurrent Undo Cycle
[258.183s][info][gc] GC(6562) Concurrent Undo Cycle 1.870ms
[258.243s][info][gc] GC(6563) Pause Young (Concurrent Start) (G1 Humongous Allocation) 898M->64M(2000M) 1.577ms
[258.243s][info][gc] GC(6564) Concurrent Undo Cycle
[258.245s][info][gc] GC(6564) Concurrent Undo Cycle 1.830ms
[258.303s][info][gc] GC(6565) Pause Young (Concurrent Start) (G1 Humongous Allocation) 898M->64M(2000M) 1.479ms
[258.303s][info][gc] GC(6566) Concurrent Undo Cycle
[258.305s][info][gc] GC(6566) Concurrent Undo Cycle 1.879ms
[258.364s][info][gc] GC(6567) Pause Young (Concurrent Start) (G1 Humongous Allocation) 898M->64M(2000M) 1.408ms
[258.365s][info][gc] GC(6568) Concurrent Undo Cycle
[258.366s][info][gc] GC(6568) Concurrent Undo Cycle 1.927ms
[258.425s][info][gc] GC(6569) Pause Young (Concurrent Start) (G1 Humongous Allocation) 898M->64M(2000M) 1.558ms
[258.425s][info][gc] GC(6570) Concurrent Undo Cycle
[258.427s][info][gc] GC(6570) Concurrent Undo Cycle 1.902ms
[258.485s][info][gc] GC(6571) Pause Young (Concurrent Start) (G1 Humongous Allocation) 898M->64M(2000M) 1.611ms
[258.485s][info][gc] GC(6572) Concurrent Undo Cycle
[258.487s][info][gc] GC(6572) Concurrent Undo Cycle 1.862ms
[258.546s][info][gc] GC(6573) Pause Young (Concurrent Start) (G1 Humongous Allocation) 898M->64M(2000M) 1.724ms
[258.546s][info][gc] GC(6574) Concurrent Undo Cycle
[258.548s][info][gc] GC(6574) Concurrent Undo Cycle 1.762ms
[258.606s][info][gc] GC(6575) Pause Young (Concurrent Start) (G1 Humongous Allocation) 898M->64M(2000M) 1.467ms
[258.606s][info][gc] GC(6576) Concurrent Undo Cycle
[258.608s][info][gc] GC(6576) Concurrent Undo Cycle 1.872ms
[258.667s][info][gc] GC(6577) Pause Young (Concurrent Start) (G1 Humongous Allocation) 898M->64M(2000M) 1.486ms
[258.667s][info][gc] GC(6578) Concurrent Undo Cycle
[258.669s][info][gc] GC(6578) Concurrent Undo Cycle 2.010ms
[258.728s][info][gc] GC(6579) Pause Young (Concurrent Start) (G1 Humongous Allocation) 898M->64M(2000M) 1.385ms
[258.728s][info][gc] GC(6580) Concurrent Undo Cycle
[258.730s][info][gc] GC(6580) Concurrent Undo Cycle 1.869ms
[258.790s][info][gc] GC(6581) Pause Young (Concurrent Start) (G1 Humongous Allocation) 898M->64M(2000M) 1.511ms
[258.790s][info][gc] GC(6582) Concurrent Undo Cycle
[258.792s][info][gc] GC(6582) Concurrent Undo Cycle 1.847ms
[258.850s][info][gc] GC(6583) Pause Young (Concurrent Start) (G1 Humongous Allocation) 898M->64M(2000M) 1.574ms
[258.850s][info][gc] GC(6584) Concurrent Undo Cycle
[258.852s][info][gc] GC(6584) Concurrent Undo Cycle 1.909ms
[258.910s][info][gc] GC(6585) Pause Young (Concurrent Start) (G1 Humongous Allocation) 898M->64M(2000M) 1.515ms
[258.910s][info][gc] GC(6586) Concurrent Undo Cycle
[258.912s][info][gc] GC(6586) Concurrent Undo Cycle 1.869ms
[258.971s][info][gc] GC(6587) Pause Young (Concurrent Start) (G1 Humongous Allocation) 898M->64M(2000M) 1.492ms
[258.971s][info][gc] GC(6588) Concurrent Undo Cycle
[258.973s][info][gc] GC(6588) Concurrent Undo Cycle 1.723ms
[259.031s][info][gc] GC(6589) Pause Young (Concurrent Start) (G1 Humongous Allocation) 898M->64M(2000M) 1.542ms
[259.031s][info][gc] GC(6590) Concurrent Undo Cycle
[259.033s][info][gc] GC(6590) Concurrent Undo Cycle 1.794ms
[259.091s][info][gc] GC(6591) Pause Young (Concurrent Start) (G1 Humongous Allocation) 898M->64M(2000M) 1.394ms
[259.091s][info][gc] GC(6592) Concurrent Undo Cycle
[259.093s][info][gc] GC(6592) Concurrent Undo Cycle 1.800ms
[259.152s][info][gc] GC(6593) Pause Young (Concurrent Start) (G1 Humongous Allocation) 898M->64M(2000M) 1.559ms
[259.152s][info][gc] GC(6594) Concurrent Undo Cycle
[259.154s][info][gc] GC(6594) Concurrent Undo Cycle 1.901ms
[259.215s][info][gc] GC(6595) Pause Young (Concurrent Start) (G1 Humongous Allocation) 898M->64M(2000M) 1.534ms
[259.215s][info][gc] GC(6596) Concurrent Undo Cycle
[259.217s][info][gc] GC(6596) Concurrent Undo Cycle 1.953ms
[259.276s][info][gc] GC(6597) Pause Young (Concurrent Start) (G1 Humongous Allocation) 898M->64M(2000M) 1.648ms
[259.276s][info][gc] GC(6598) Concurrent Undo Cycle
[259.278s][info][gc] GC(6598) Concurrent Undo Cycle 1.909ms
[259.337s][info][gc] GC(6599) Pause Young (Concurrent Start) (G1 Humongous Allocation) 898M->64M(2000M) 1.421ms
[259.337s][info][gc] GC(6600) Concurrent Undo Cycle
[259.339s][info][gc] GC(6600) Concurrent Undo Cycle 1.863ms
[259.397s][info][gc] GC(6601) Pause Young (Concurrent Start) (G1 Humongous Allocation) 898M->64M(2000M) 1.455ms
[259.397s][info][gc] GC(6602) Concurrent Undo Cycle
[259.399s][info][gc] GC(6602) Concurrent Undo Cycle 1.787ms
[259.457s][info][gc] GC(6603) Pause Young (Concurrent Start) (G1 Humongous Allocation) 898M->64M(2000M) 1.525ms
[259.457s][info][gc] GC(6604) Concurrent Undo Cycle
[259.459s][info][gc] GC(6604) Concurrent Undo Cycle 1.902ms
[259.518s][info][gc] GC(6605) Pause Young (Concurrent Start) (G1 Humongous Allocation) 898M->64M(2000M) 1.563ms
[259.518s][info][gc] GC(6606) Concurrent Undo Cycle
[259.520s][info][gc] GC(6606) Concurrent Undo Cycle 1.938ms
[259.578s][info][gc] GC(6607) Pause Young (Concurrent Start) (G1 Humongous Allocation) 898M->64M(2000M) 1.510ms
[259.578s][info][gc] GC(6608) Concurrent Undo Cycle
[259.580s][info][gc] GC(6608) Concurrent Undo Cycle 1.985ms
[259.638s][info][gc] GC(6609) Pause Young (Concurrent Start) (G1 Humongous Allocation) 898M->64M(2000M) 1.523ms
[259.638s][info][gc] GC(6610) Concurrent Undo Cycle
[259.640s][info][gc] GC(6610) Concurrent Undo Cycle 1.879ms
[259.699s][info][gc] GC(6611) Pause Young (Concurrent Start) (G1 Humongous Allocation) 898M->64M(2000M) 1.602ms
[259.699s][info][gc] GC(6612) Concurrent Undo Cycle
[259.701s][info][gc] GC(6612) Concurrent Undo Cycle 2.156ms
[259.760s][info][gc] GC(6613) Pause Young (Concurrent Start) (G1 Humongous Allocation) 898M->64M(2000M) 1.519ms
[259.760s][info][gc] GC(6614) Concurrent Undo Cycle
[259.763s][info][gc] GC(6614) Concurrent Undo Cycle 2.052ms
[259.821s][info][gc] GC(6615) Pause Young (Concurrent Start) (G1 Humongous Allocation) 898M->64M(2000M) 1.355ms
[259.821s][info][gc] GC(6616) Concurrent Undo Cycle
[259.823s][info][gc] GC(6616) Concurrent Undo Cycle 1.901ms
[259.882s][info][gc] GC(6617) Pause Young (Concurrent Start) (G1 Humongous Allocation) 898M->64M(2000M) 1.350ms
[259.882s][info][gc] GC(6618) Concurrent Undo Cycle
[259.884s][info][gc] GC(6618) Concurrent Undo Cycle 1.867ms
[259.942s][info][gc] GC(6619) Pause Young (Concurrent Start) (G1 Humongous Allocation) 898M->64M(2000M) 1.621ms
[259.942s][info][gc] GC(6620) Concurrent Undo Cycle
[259.944s][info][gc] GC(6620) Concurrent Undo Cycle 1.703ms
[260.003s][info][gc] GC(6621) Pause Young (Concurrent Start) (G1 Humongous Allocation) 898M->64M(2000M) 1.457ms
[260.003s][info][gc] GC(6622) Concurrent Undo Cycle
[260.005s][info][gc] GC(6622) Concurrent Undo Cycle 1.890ms
[260.064s][info][gc] GC(6623) Pause Young (Concurrent Start) (G1 Humongous Allocation) 898M->64M(2000M) 1.629ms
[260.064s][info][gc] GC(6624) Concurrent Undo Cycle
[260.066s][info][gc] GC(6624) Concurrent Undo Cycle 1.741ms
[260.124s][info][gc] GC(6625) Pause Young (Concurrent Start) (G1 Humongous Allocation) 898M->64M(2000M) 1.583ms
[260.124s][info][gc] GC(6626) Concurrent Undo Cycle
[260.126s][info][gc] GC(6626) Concurrent Undo Cycle 1.893ms
[260.184s][info][gc] GC(6627) Pause Young (Concurrent Start) (G1 Humongous Allocation) 898M->64M(2000M) 1.466ms
[260.185s][info][gc] GC(6628) Concurrent Undo Cycle
[260.186s][info][gc] GC(6628) Concurrent Undo Cycle 1.859ms
[260.246s][info][gc] GC(6629) Pause Young (Concurrent Start) (G1 Humongous Allocation) 898M->64M(2000M) 1.609ms
[260.246s][info][gc] GC(6630) Concurrent Undo Cycle
[260.248s][info][gc] GC(6630) Concurrent Undo Cycle 1.846ms
[260.308s][info][gc] GC(6631) Pause Young (Concurrent Start) (G1 Humongous Allocation) 898M->64M(2000M) 1.512ms
[260.308s][info][gc] GC(6632) Concurrent Undo Cycle
[260.310s][info][gc] GC(6632) Concurrent Undo Cycle 1.852ms
[260.369s][info][gc] GC(6633) Pause Young (Concurrent Start) (G1 Humongous Allocation) 898M->64M(2000M) 1.487ms
[260.369s][info][gc] GC(6634) Concurrent Undo Cycle
[260.371s][info][gc] GC(6634) Concurrent Undo Cycle 1.849ms
[260.429s][info][gc] GC(6635) Pause Young (Concurrent Start) (G1 Humongous Allocation) 898M->64M(2000M) 1.702ms
[260.429s][info][gc] GC(6636) Concurrent Undo Cycle
[260.431s][info][gc] GC(6636) Concurrent Undo Cycle 2.056ms
[260.490s][info][gc] GC(6637) Pause Young (Concurrent Start) (G1 Humongous Allocation) 898M->64M(2000M) 1.391ms
[260.490s][info][gc] GC(6638) Concurrent Undo Cycle
[260.492s][info][gc] GC(6638) Concurrent Undo Cycle 1.928ms
[260.550s][info][gc] GC(6639) Pause Young (Concurrent Start) (G1 Humongous Allocation) 898M->64M(2000M) 1.290ms
[260.550s][info][gc] GC(6640) Concurrent Undo Cycle
[260.552s][info][gc] GC(6640) Concurrent Undo Cycle 1.859ms
[260.611s][info][gc] GC(6641) Pause Young (Concurrent Start) (G1 Humongous Allocation) 898M->64M(2000M) 1.429ms
[260.611s][info][gc] GC(6642) Concurrent Undo Cycle
[260.613s][info][gc] GC(6642) Concurrent Undo Cycle 1.927ms
[260.671s][info][gc] GC(6643) Pause Young (Concurrent Start) (G1 Humongous Allocation) 898M->64M(2000M) 1.621ms
[260.671s][info][gc] GC(6644) Concurrent Undo Cycle
[260.673s][info][gc] GC(6644) Concurrent Undo Cycle 1.816ms
[260.731s][info][gc] GC(6645) Pause Young (Concurrent Start) (G1 Humongous Allocation) 898M->64M(2000M) 1.508ms
[260.731s][info][gc] GC(6646) Concurrent Undo Cycle
[260.733s][info][gc] GC(6646) Concurrent Undo Cycle 1.877ms
[260.793s][info][gc] GC(6647) Pause Young (Concurrent Start) (G1 Humongous Allocation) 898M->64M(2000M) 1.447ms
[260.793s][info][gc] GC(6648) Concurrent Undo Cycle
[260.795s][info][gc] GC(6648) Concurrent Undo Cycle 1.908ms
[260.854s][info][gc] GC(6649) Pause Young (Concurrent Start) (G1 Humongous Allocation) 898M->64M(2000M) 1.463ms
[260.854s][info][gc] GC(6650) Concurrent Undo Cycle
[260.856s][info][gc] GC(6650) Concurrent Undo Cycle 1.884ms
[260.915s][info][gc] GC(6651) Pause Young (Concurrent Start) (G1 Humongous Allocation) 898M->64M(2000M) 1.553ms
[260.915s][info][gc] GC(6652) Concurrent Undo Cycle
[260.917s][info][gc] GC(6652) Concurrent Undo Cycle 1.883ms
[260.975s][info][gc] GC(6653) Pause Young (Concurrent Start) (G1 Humongous Allocation) 898M->64M(2000M) 1.472ms
[260.975s][info][gc] GC(6654) Concurrent Undo Cycle
[260.977s][info][gc] GC(6654) Concurrent Undo Cycle 1.858ms
[261.036s][info][gc] GC(6655) Pause Young (Concurrent Start) (G1 Humongous Allocation) 898M->64M(2000M) 1.535ms
[261.036s][info][gc] GC(6656) Concurrent Undo Cycle
[261.038s][info][gc] GC(6656) Concurrent Undo Cycle 1.813ms
[261.096s][info][gc] GC(6657) Pause Young (Concurrent Start) (G1 Humongous Allocation) 898M->64M(2000M) 1.483ms
[261.096s][info][gc] GC(6658) Concurrent Undo Cycle
[261.098s][info][gc] GC(6658) Concurrent Undo Cycle 1.899ms
[261.156s][info][gc] GC(6659) Pause Young (Concurrent Start) (G1 Humongous Allocation) 898M->64M(2000M) 1.633ms
[261.157s][info][gc] GC(6660) Concurrent Undo Cycle
[261.159s][info][gc] GC(6660) Concurrent Undo Cycle 1.950ms
[261.218s][info][gc] GC(6661) Pause Young (Concurrent Start) (G1 Humongous Allocation) 898M->64M(2000M) 1.340ms
[261.218s][info][gc] GC(6662) Concurrent Undo Cycle
[261.219s][info][gc] GC(6662) Concurrent Undo Cycle 1.842ms
[261.278s][info][gc] GC(6663) Pause Young (Concurrent Start) (G1 Humongous Allocation) 898M->64M(2000M) 1.676ms
[261.278s][info][gc] GC(6664) Concurrent Undo Cycle
[261.281s][info][gc] GC(6664) Concurrent Undo Cycle 2.090ms
[261.342s][info][gc] GC(6665) Pause Young (Concurrent Start) (G1 Humongous Allocation) 898M->64M(2000M) 1.491ms
[261.342s][info][gc] GC(6666) Concurrent Undo Cycle
[261.345s][info][gc] GC(6666) Concurrent Undo Cycle 2.975ms
[261.403s][info][gc] GC(6667) Pause Young (Concurrent Start) (G1 Humongous Allocation) 898M->64M(2000M) 1.374ms
[261.403s][info][gc] GC(6668) Concurrent Undo Cycle
[261.405s][info][gc] GC(6668) Concurrent Undo Cycle 1.865ms
[261.464s][info][gc] GC(6669) Pause Young (Concurrent Start) (G1 Humongous Allocation) 899M->64M(2000M) 1.488ms
[261.464s][info][gc] GC(6670) Concurrent Undo Cycle
[261.466s][info][gc] GC(6670) Concurrent Undo Cycle 1.885ms
[261.525s][info][gc] GC(6671) Pause Young (Concurrent Start) (G1 Humongous Allocation) 899M->65M(2000M) 1.528ms
[261.525s][info][gc] GC(6672) Concurrent Undo Cycle
[261.527s][info][gc] GC(6672) Concurrent Undo Cycle 1.866ms
[261.586s][info][gc] GC(6673) Pause Young (Concurrent Start) (G1 Humongous Allocation) 899M->65M(2000M) 1.419ms
[261.586s][info][gc] GC(6674) Concurrent Undo Cycle
[261.588s][info][gc] GC(6674) Concurrent Undo Cycle 1.780ms
[261.647s][info][gc] GC(6675) Pause Young (Concurrent Start) (G1 Humongous Allocation) 899M->65M(2000M) 1.727ms
[261.647s][info][gc] GC(6676) Concurrent Undo Cycle
[261.649s][info][gc] GC(6676) Concurrent Undo Cycle 1.837ms
[261.707s][info][gc] GC(6677) Pause Young (Concurrent Start) (G1 Humongous Allocation) 899M->65M(2000M) 1.564ms
[261.707s][info][gc] GC(6678) Concurrent Undo Cycle
[261.709s][info][gc] GC(6678) Concurrent Undo Cycle 1.938ms
[261.768s][info][gc] GC(6679) Pause Young (Concurrent Start) (G1 Humongous Allocation) 899M->65M(2000M) 1.462ms
[261.768s][info][gc] GC(6680) Concurrent Undo Cycle
[261.770s][info][gc] GC(6680) Concurrent Undo Cycle 1.893ms
[261.829s][info][gc] GC(6681) Pause Young (Concurrent Start) (G1 Humongous Allocation) 899M->65M(2000M) 1.486ms
[261.829s][info][gc] GC(6682) Concurrent Undo Cycle
[261.831s][info][gc] GC(6682) Concurrent Undo Cycle 1.857ms
[261.891s][info][gc] GC(6683) Pause Young (Concurrent Start) (G1 Humongous Allocation) 899M->65M(2000M) 1.583ms
[261.891s][info][gc] GC(6684) Concurrent Undo Cycle
[261.893s][info][gc] GC(6684) Concurrent Undo Cycle 1.828ms
[261.952s][info][gc] GC(6685) Pause Young (Concurrent Start) (G1 Humongous Allocation) 899M->65M(2000M) 1.388ms
[261.952s][info][gc] GC(6686) Concurrent Undo Cycle
[261.954s][info][gc] GC(6686) Concurrent Undo Cycle 1.858ms
[262.013s][info][gc] GC(6687) Pause Young (Concurrent Start) (G1 Humongous Allocation) 899M->65M(2000M) 1.560ms
[262.013s][info][gc] GC(6688) Concurrent Undo Cycle
[262.015s][info][gc] GC(6688) Concurrent Undo Cycle 2.028ms
[262.074s][info][gc] GC(6689) Pause Young (Concurrent Start) (G1 Humongous Allocation) 899M->65M(2000M) 1.563ms
[262.074s][info][gc] GC(6690) Concurrent Undo Cycle
[262.076s][info][gc] GC(6690) Concurrent Undo Cycle 1.879ms
[262.134s][info][gc] GC(6691) Pause Young (Concurrent Start) (G1 Humongous Allocation) 899M->65M(2000M) 1.512ms
[262.134s][info][gc] GC(6692) Concurrent Undo Cycle
[262.136s][info][gc] GC(6692) Concurrent Undo Cycle 1.818ms
[262.195s][info][gc] GC(6693) Pause Young (Concurrent Start) (G1 Humongous Allocation) 899M->65M(2000M) 1.538ms
[262.195s][info][gc] GC(6694) Concurrent Undo Cycle
[262.197s][info][gc] GC(6694) Concurrent Undo Cycle 1.837ms
[262.257s][info][gc] GC(6695) Pause Young (Concurrent Start) (G1 Humongous Allocation) 899M->65M(2000M) 1.697ms
[262.257s][info][gc] GC(6696) Concurrent Undo Cycle
[262.259s][info][gc] GC(6696) Concurrent Undo Cycle 1.986ms
[262.317s][info][gc] GC(6697) Pause Young (Concurrent Start) (G1 Humongous Allocation) 899M->65M(2000M) 1.517ms
[262.317s][info][gc] GC(6698) Concurrent Undo Cycle
[262.319s][info][gc] GC(6698) Concurrent Undo Cycle 1.796ms
[262.379s][info][gc] GC(6699) Pause Young (Concurrent Start) (G1 Humongous Allocation) 899M->65M(2000M) 1.505ms
[262.379s][info][gc] GC(6700) Concurrent Undo Cycle
[262.381s][info][gc] GC(6700) Concurrent Undo Cycle 1.833ms
[262.440s][info][gc] GC(6701) Pause Young (Concurrent Start) (G1 Humongous Allocation) 899M->65M(2000M) 1.649ms
[262.440s][info][gc] GC(6702) Concurrent Undo Cycle
[262.442s][info][gc] GC(6702) Concurrent Undo Cycle 1.957ms
[262.502s][info][gc] GC(6703) Pause Young (Concurrent Start) (G1 Humongous Allocation) 899M->65M(2000M) 1.673ms
[262.502s][info][gc] GC(6704) Concurrent Undo Cycle
[262.504s][info][gc] GC(6704) Concurrent Undo Cycle 1.959ms
[262.563s][info][gc] GC(6705) Pause Young (Concurrent Start) (G1 Humongous Allocation) 899M->65M(2000M) 1.444ms
[262.563s][info][gc] GC(6706) Concurrent Undo Cycle
[262.565s][info][gc] GC(6706) Concurrent Undo Cycle 1.790ms
[262.623s][info][gc] GC(6707) Pause Young (Concurrent Start) (G1 Humongous Allocation) 899M->65M(2000M) 1.345ms
[262.623s][info][gc] GC(6708) Concurrent Undo Cycle
[262.625s][info][gc] GC(6708) Concurrent Undo Cycle 1.831ms
[262.684s][info][gc] GC(6709) Pause Young (Concurrent Start) (G1 Humongous Allocation) 899M->65M(2000M) 1.590ms
[262.684s][info][gc] GC(6710) Concurrent Undo Cycle
[262.686s][info][gc] GC(6710) Concurrent Undo Cycle 1.881ms
[262.744s][info][gc] GC(6711) Pause Young (Concurrent Start) (G1 Humongous Allocation) 899M->65M(2000M) 1.466ms
[262.744s][info][gc] GC(6712) Concurrent Undo Cycle
[262.746s][info][gc] GC(6712) Concurrent Undo Cycle 1.948ms
[262.805s][info][gc] GC(6713) Pause Young (Concurrent Start) (G1 Humongous Allocation) 899M->65M(2000M) 1.403ms
[262.805s][info][gc] GC(6714) Concurrent Undo Cycle
[262.807s][info][gc] GC(6714) Concurrent Undo Cycle 1.901ms
[262.865s][info][gc] GC(6715) Pause Young (Concurrent Start) (G1 Humongous Allocation) 899M->65M(2000M) 1.406ms
[262.865s][info][gc] GC(6716) Concurrent Undo Cycle
[262.867s][info][gc] GC(6716) Concurrent Undo Cycle 1.889ms
[262.927s][info][gc] GC(6717) Pause Young (Concurrent Start) (G1 Humongous Allocation) 899M->65M(2000M) 1.504ms
[262.927s][info][gc] GC(6718) Concurrent Undo Cycle
[262.929s][info][gc] GC(6718) Concurrent Undo Cycle 1.809ms
[262.989s][info][gc] GC(6719) Pause Young (Concurrent Start) (G1 Humongous Allocation) 899M->65M(2000M) 1.418ms
[262.989s][info][gc] GC(6720) Concurrent Undo Cycle
[262.991s][info][gc] GC(6720) Concurrent Undo Cycle 1.929ms
[263.050s][info][gc] GC(6721) Pause Young (Concurrent Start) (G1 Humongous Allocation) 899M->65M(2000M) 1.489ms
[263.050s][info][gc] GC(6722) Concurrent Undo Cycle
[263.052s][info][gc] GC(6722) Concurrent Undo Cycle 1.834ms
[263.111s][info][gc] GC(6723) Pause Young (Concurrent Start) (G1 Humongous Allocation) 899M->65M(2000M) 1.538ms
[263.111s][info][gc] GC(6724) Concurrent Undo Cycle
[263.113s][info][gc] GC(6724) Concurrent Undo Cycle 1.850ms
[263.173s][info][gc] GC(6725) Pause Young (Concurrent Start) (G1 Humongous Allocation) 899M->65M(2000M) 1.362ms
[263.173s][info][gc] GC(6726) Concurrent Undo Cycle
[263.175s][info][gc] GC(6726) Concurrent Undo Cycle 2.037ms
[263.236s][info][gc] GC(6727) Pause Young (Concurrent Start) (G1 Humongous Allocation) 899M->65M(2000M) 1.340ms
[263.237s][info][gc] GC(6728) Concurrent Undo Cycle
[263.239s][info][gc] GC(6728) Concurrent Undo Cycle 2.033ms
[263.299s][info][gc] GC(6729) Pause Young (Concurrent Start) (G1 Humongous Allocation) 899M->65M(2000M) 1.506ms
[263.299s][info][gc] GC(6730) Concurrent Undo Cycle
[263.301s][info][gc] GC(6730) Concurrent Undo Cycle 1.920ms
[263.360s][info][gc] GC(6731) Pause Young (Concurrent Start) (G1 Humongous Allocation) 899M->65M(2000M) 1.522ms
[263.360s][info][gc] GC(6732) Concurrent Undo Cycle
[263.362s][info][gc] GC(6732) Concurrent Undo Cycle 1.877ms
[263.421s][info][gc] GC(6733) Pause Young (Concurrent Start) (G1 Humongous Allocation) 899M->65M(2000M) 1.523ms
[263.422s][info][gc] GC(6734) Concurrent Undo Cycle
[263.423s][info][gc] GC(6734) Concurrent Undo Cycle 1.903ms
[263.488s][info][gc] GC(6735) Pause Young (Concurrent Start) (G1 Humongous Allocation) 899M->65M(2000M) 1.535ms
[263.488s][info][gc] GC(6736) Concurrent Undo Cycle
[263.490s][info][gc] GC(6736) Concurrent Undo Cycle 1.836ms
[263.554s][info][gc] GC(6737) Pause Young (Concurrent Start) (G1 Humongous Allocation) 899M->65M(2000M) 1.330ms
[263.554s][info][gc] GC(6738) Concurrent Undo Cycle
[263.556s][info][gc] GC(6738) Concurrent Undo Cycle 1.858ms
[263.614s][info][gc] GC(6739) Pause Young (Concurrent Start) (G1 Humongous Allocation) 899M->65M(2000M) 1.488ms
[263.615s][info][gc] GC(6740) Concurrent Undo Cycle
[263.616s][info][gc] GC(6740) Concurrent Undo Cycle 1.807ms
[263.675s][info][gc] GC(6741) Pause Young (Concurrent Start) (G1 Humongous Allocation) 899M->65M(2000M) 1.456ms
[263.675s][info][gc] GC(6742) Concurrent Undo Cycle
[263.677s][info][gc] GC(6742) Concurrent Undo Cycle 1.790ms
[263.736s][info][gc] GC(6743) Pause Young (Concurrent Start) (G1 Humongous Allocation) 899M->65M(2000M) 1.525ms
[263.736s][info][gc] GC(6744) Concurrent Undo Cycle
[263.738s][info][gc] GC(6744) Concurrent Undo Cycle 1.852ms
[263.798s][info][gc] GC(6745) Pause Young (Concurrent Start) (G1 Humongous Allocation) 899M->65M(2000M) 1.537ms
[263.798s][info][gc] GC(6746) Concurrent Undo Cycle
[263.800s][info][gc] GC(6746) Concurrent Undo Cycle 2.043ms
[263.859s][info][gc] GC(6747) Pause Young (Concurrent Start) (G1 Humongous Allocation) 899M->65M(2000M) 1.546ms
[263.859s][info][gc] GC(6748) Concurrent Undo Cycle
[263.861s][info][gc] GC(6748) Concurrent Undo Cycle 1.822ms
[263.920s][info][gc] GC(6749) Pause Young (Concurrent Start) (G1 Humongous Allocation) 899M->65M(2000M) 1.560ms
[263.920s][info][gc] GC(6750) Concurrent Undo Cycle
[263.922s][info][gc] GC(6750) Concurrent Undo Cycle 1.828ms
[263.982s][info][gc] GC(6751) Pause Young (Concurrent Start) (G1 Humongous Allocation) 899M->65M(2000M) 1.284ms
[263.982s][info][gc] GC(6752) Concurrent Undo Cycle
[263.984s][info][gc] GC(6752) Concurrent Undo Cycle 1.891ms
[264.044s][info][gc] GC(6753) Pause Young (Concurrent Start) (G1 Humongous Allocation) 899M->65M(2000M) 1.506ms
[264.044s][info][gc] GC(6754) Concurrent Undo Cycle
[264.046s][info][gc] GC(6754) Concurrent Undo Cycle 2.018ms
[264.106s][info][gc] GC(6755) Pause Young (Concurrent Start) (G1 Humongous Allocation) 899M->65M(2000M) 1.587ms
[264.106s][info][gc] GC(6756) Concurrent Undo Cycle
[264.107s][info][gc] GC(6756) Concurrent Undo Cycle 1.874ms
[264.166s][info][gc] GC(6757) Pause Young (Concurrent Start) (G1 Humongous Allocation) 899M->65M(2000M) 1.431ms
[264.166s][info][gc] GC(6758) Concurrent Undo Cycle
[264.168s][info][gc] GC(6758) Concurrent Undo Cycle 1.812ms
[264.227s][info][gc] GC(6759) Pause Young (Concurrent Start) (G1 Humongous Allocation) 899M->65M(2000M) 1.357ms
[264.227s][info][gc] GC(6760) Concurrent Undo Cycle
[264.229s][info][gc] GC(6760) Concurrent Undo Cycle 1.863ms
[264.289s][info][gc] GC(6761) Pause Young (Concurrent Start) (G1 Humongous Allocation) 899M->65M(2000M) 1.497ms
[264.289s][info][gc] GC(6762) Concurrent Undo Cycle
[264.291s][info][gc] GC(6762) Concurrent Undo Cycle 1.821ms
[264.350s][info][gc] GC(6763) Pause Young (Concurrent Start) (G1 Humongous Allocation) 899M->65M(2000M) 1.674ms
[264.350s][info][gc] GC(6764) Concurrent Undo Cycle
[264.352s][info][gc] GC(6764) Concurrent Undo Cycle 1.828ms
[264.412s][info][gc] GC(6765) Pause Young (Concurrent Start) (G1 Humongous Allocation) 899M->65M(2000M) 1.460ms
[264.412s][info][gc] GC(6766) Concurrent Undo Cycle
[264.414s][info][gc] GC(6766) Concurrent Undo Cycle 1.797ms
[264.474s][info][gc] GC(6767) Pause Young (Concurrent Start) (G1 Humongous Allocation) 899M->65M(2000M) 1.641ms
[264.474s][info][gc] GC(6768) Concurrent Undo Cycle
[264.476s][info][gc] GC(6768) Concurrent Undo Cycle 1.854ms
[264.536s][info][gc] GC(6769) Pause Young (Concurrent Start) (G1 Humongous Allocation) 899M->65M(2000M) 1.688ms
[264.536s][info][gc] GC(6770) Concurrent Undo Cycle
[264.538s][info][gc] GC(6770) Concurrent Undo Cycle 1.874ms
[264.599s][info][gc] GC(6771) Pause Young (Concurrent Start) (G1 Humongous Allocation) 899M->65M(2000M) 1.776ms
[264.599s][info][gc] GC(6772) Concurrent Undo Cycle
[264.601s][info][gc] GC(6772) Concurrent Undo Cycle 1.819ms
[264.659s][info][gc] GC(6773) Pause Young (Concurrent Start) (G1 Humongous Allocation) 899M->65M(2000M) 1.386ms
[264.660s][info][gc] GC(6774) Concurrent Undo Cycle
[264.662s][info][gc] GC(6774) Concurrent Undo Cycle 2.066ms
[264.720s][info][gc] GC(6775) Pause Young (Concurrent Start) (G1 Humongous Allocation) 899M->65M(2000M) 1.471ms
[264.721s][info][gc] GC(6776) Concurrent Undo Cycle
[264.723s][info][gc] GC(6776) Concurrent Undo Cycle 1.953ms
[264.781s][info][gc] GC(6777) Pause Young (Concurrent Start) (G1 Humongous Allocation) 899M->65M(2000M) 1.294ms
[264.781s][info][gc] GC(6778) Concurrent Undo Cycle
[264.783s][info][gc] GC(6778) Concurrent Undo Cycle 1.845ms
[264.842s][info][gc] GC(6779) Pause Young (Concurrent Start) (G1 Humongous Allocation) 899M->65M(2000M) 1.451ms
[264.842s][info][gc] GC(6780) Concurrent Undo Cycle
[264.844s][info][gc] GC(6780) Concurrent Undo Cycle 1.919ms
[264.903s][info][gc] GC(6781) Pause Young (Concurrent Start) (G1 Humongous Allocation) 899M->65M(2000M) 1.522ms
[264.903s][info][gc] GC(6782) Concurrent Undo Cycle
[264.905s][info][gc] GC(6782) Concurrent Undo Cycle 1.774ms
[264.965s][info][gc] GC(6783) Pause Young (Concurrent Start) (G1 Humongous Allocation) 899M->65M(2000M) 1.466ms
[264.966s][info][gc] GC(6784) Concurrent Undo Cycle
[264.967s][info][gc] GC(6784) Concurrent Undo Cycle 1.806ms
[265.028s][info][gc] GC(6785) Pause Young (Concurrent Start) (G1 Humongous Allocation) 899M->65M(2000M) 1.682ms
[265.028s][info][gc] GC(6786) Concurrent Undo Cycle
[265.030s][info][gc] GC(6786) Concurrent Undo Cycle 1.927ms
[265.090s][info][gc] GC(6787) Pause Young (Concurrent Start) (G1 Humongous Allocation) 899M->65M(2000M) 1.340ms
[265.090s][info][gc] GC(6788) Concurrent Undo Cycle
[265.092s][info][gc] GC(6788) Concurrent Undo Cycle 1.930ms
[265.152s][info][gc] GC(6789) Pause Young (Concurrent Start) (G1 Humongous Allocation) 899M->65M(2000M) 1.520ms
[265.153s][info][gc] GC(6790) Concurrent Undo Cycle
[265.155s][info][gc] GC(6790) Concurrent Undo Cycle 2.092ms
[265.214s][info][gc] GC(6791) Pause Young (Concurrent Start) (G1 Humongous Allocation) 899M->65M(2000M) 1.601ms
[265.214s][info][gc] GC(6792) Concurrent Undo Cycle
[265.216s][info][gc] GC(6792) Concurrent Undo Cycle 1.909ms
[265.276s][info][gc] GC(6793) Pause Young (Concurrent Start) (G1 Humongous Allocation) 899M->65M(2000M) 1.593ms
[265.276s][info][gc] GC(6794) Concurrent Undo Cycle
[265.278s][info][gc] GC(6794) Concurrent Undo Cycle 1.852ms
[265.337s][info][gc] GC(6795) Pause Young (Concurrent Start) (G1 Humongous Allocation) 899M->65M(2000M) 1.636ms
[265.337s][info][gc] GC(6796) Concurrent Undo Cycle
[265.339s][info][gc] GC(6796) Concurrent Undo Cycle 2.008ms
[265.398s][info][gc] GC(6797) Pause Young (Concurrent Start) (G1 Humongous Allocation) 899M->65M(2000M) 1.485ms
[265.398s][info][gc] GC(6798) Concurrent Undo Cycle
[265.400s][info][gc] GC(6798) Concurrent Undo Cycle 1.905ms
[265.460s][info][gc] GC(6799) Pause Young (Concurrent Start) (G1 Humongous Allocation) 899M->65M(2000M) 1.671ms
[265.460s][info][gc] GC(6800) Concurrent Undo Cycle
[265.462s][info][gc] GC(6800) Concurrent Undo Cycle 1.970ms
[265.521s][info][gc] GC(6801) Pause Young (Concurrent Start) (G1 Humongous Allocation) 899M->65M(2000M) 1.653ms
[265.521s][info][gc] GC(6802) Concurrent Undo Cycle
[265.523s][info][gc] GC(6802) Concurrent Undo Cycle 2.091ms
[265.583s][info][gc] GC(6803) Pause Young (Concurrent Start) (G1 Humongous Allocation) 899M->65M(2000M) 1.313ms
[265.584s][info][gc] GC(6804) Concurrent Undo Cycle
[265.585s][info][gc] GC(6804) Concurrent Undo Cycle 1.872ms
[265.645s][info][gc] GC(6805) Pause Young (Concurrent Start) (G1 Humongous Allocation) 899M->65M(2000M) 1.641ms
[265.645s][info][gc] GC(6806) Concurrent Undo Cycle
[265.647s][info][gc] GC(6806) Concurrent Undo Cycle 1.894ms
[265.707s][info][gc] GC(6807) Pause Young (Concurrent Start) (G1 Humongous Allocation) 899M->65M(2000M) 1.494ms
[265.707s][info][gc] GC(6808) Concurrent Undo Cycle
[265.709s][info][gc] GC(6808) Concurrent Undo Cycle 2.065ms
[265.769s][info][gc] GC(6809) Pause Young (Concurrent Start) (G1 Humongous Allocation) 900M->65M(2000M) 1.495ms
[265.770s][info][gc] GC(6810) Concurrent Undo Cycle
[265.771s][info][gc] GC(6810) Concurrent Undo Cycle 1.895ms
[265.831s][info][gc] GC(6811) Pause Young (Concurrent Start) (G1 Humongous Allocation) 900M->66M(2000M) 1.467ms
[265.832s][info][gc] GC(6812) Concurrent Undo Cycle
[265.833s][info][gc] GC(6812) Concurrent Undo Cycle 1.799ms
[265.896s][info][gc] GC(6813) Pause Young (Concurrent Start) (G1 Humongous Allocation) 900M->66M(2000M) 1.452ms
[265.896s][info][gc] GC(6814) Concurrent Undo Cycle
[265.898s][info][gc] GC(6814) Concurrent Undo Cycle 1.918ms
[265.963s][info][gc] GC(6815) Pause Young (Concurrent Start) (G1 Humongous Allocation) 900M->66M(2000M) 1.412ms
[265.963s][info][gc] GC(6816) Concurrent Undo Cycle
[265.965s][info][gc] GC(6816) Concurrent Undo Cycle 1.916ms
[266.028s][info][gc] GC(6817) Pause Young (Concurrent Start) (G1 Humongous Allocation) 900M->66M(2000M) 1.631ms
[266.028s][info][gc] GC(6818) Concurrent Undo Cycle
[266.030s][info][gc] GC(6818) Concurrent Undo Cycle 1.968ms
[266.096s][info][gc] GC(6819) Pause Young (Concurrent Start) (G1 Humongous Allocation) 900M->66M(2000M) 1.540ms
[266.096s][info][gc] GC(6820) Concurrent Undo Cycle
[266.098s][info][gc] GC(6820) Concurrent Undo Cycle 2.143ms
[266.161s][info][gc] GC(6821) Pause Young (Concurrent Start) (G1 Humongous Allocation) 900M->66M(2000M) 1.522ms
[266.161s][info][gc] GC(6822) Concurrent Undo Cycle
[266.164s][info][gc] GC(6822) Concurrent Undo Cycle 2.066ms
[266.223s][info][gc] GC(6823) Pause Young (Concurrent Start) (G1 Humongous Allocation) 900M->66M(2000M) 1.441ms
[266.223s][info][gc] GC(6824) Concurrent Undo Cycle
[266.225s][info][gc] GC(6824) Concurrent Undo Cycle 1.937ms
[266.286s][info][gc] GC(6825) Pause Young (Concurrent Start) (G1 Humongous Allocation) 900M->66M(2000M) 1.612ms
[266.287s][info][gc] GC(6826) Concurrent Undo Cycle
[266.289s][info][gc] GC(6826) Concurrent Undo Cycle 1.998ms
[266.348s][info][gc] GC(6827) Pause Young (Concurrent Start) (G1 Humongous Allocation) 900M->66M(2000M) 1.500ms
[266.348s][info][gc] GC(6828) Concurrent Undo Cycle
[266.350s][info][gc] GC(6828) Concurrent Undo Cycle 1.816ms
[266.409s][info][gc] GC(6829) Pause Young (Concurrent Start) (G1 Humongous Allocation) 900M->66M(2000M) 1.431ms
[266.409s][info][gc] GC(6830) Concurrent Undo Cycle
[266.411s][info][gc] GC(6830) Concurrent Undo Cycle 1.832ms
[266.474s][info][gc] GC(6831) Pause Young (Concurrent Start) (G1 Humongous Allocation) 900M->66M(2000M) 1.603ms
[266.474s][info][gc] GC(6832) Concurrent Undo Cycle
[266.476s][info][gc] GC(6832) Concurrent Undo Cycle 2.078ms
[266.538s][info][gc] GC(6833) Pause Young (Concurrent Start) (G1 Humongous Allocation) 900M->66M(2000M) 1.420ms
[266.539s][info][gc] GC(6834) Concurrent Undo Cycle
[266.540s][info][gc] GC(6834) Concurrent Undo Cycle 1.931ms
[266.601s][info][gc] GC(6835) Pause Young (Concurrent Start) (G1 Humongous Allocation) 900M->66M(2000M) 1.419ms
[266.601s][info][gc] GC(6836) Concurrent Undo Cycle
[266.603s][info][gc] GC(6836) Concurrent Undo Cycle 1.899ms
[266.663s][info][gc] GC(6837) Pause Young (Concurrent Start) (G1 Humongous Allocation) 900M->66M(2000M) 1.734ms
[266.664s][info][gc] GC(6838) Concurrent Undo Cycle
[266.666s][info][gc] GC(6838) Concurrent Undo Cycle 1.929ms
[266.725s][info][gc] GC(6839) Pause Young (Concurrent Start) (G1 Humongous Allocation) 900M->66M(2000M) 1.442ms
[266.725s][info][gc] GC(6840) Concurrent Undo Cycle
[266.727s][info][gc] GC(6840) Concurrent Undo Cycle 1.856ms
[266.788s][info][gc] GC(6841) Pause Young (Concurrent Start) (G1 Humongous Allocation) 900M->66M(2000M) 1.535ms
[266.789s][info][gc] GC(6842) Concurrent Undo Cycle
[266.791s][info][gc] GC(6842) Concurrent Undo Cycle 1.978ms
[266.852s][info][gc] GC(6843) Pause Young (Concurrent Start) (G1 Humongous Allocation) 900M->66M(2000M) 1.516ms
[266.852s][info][gc] GC(6844) Concurrent Undo Cycle
[266.854s][info][gc] GC(6844) Concurrent Undo Cycle 1.841ms
[266.915s][info][gc] GC(6845) Pause Young (Concurrent Start) (G1 Humongous Allocation) 900M->66M(2000M) 1.379ms
[266.915s][info][gc] GC(6846) Concurrent Undo Cycle
[266.917s][info][gc] GC(6846) Concurrent Undo Cycle 1.807ms
[266.982s][info][gc] GC(6847) Pause Young (Concurrent Start) (G1 Humongous Allocation) 900M->66M(2000M) 1.722ms
[266.982s][info][gc] GC(6848) Concurrent Undo Cycle
[266.984s][info][gc] GC(6848) Concurrent Undo Cycle 1.959ms
[267.054s][info][gc] GC(6849) Pause Young (Concurrent Start) (G1 Humongous Allocation) 900M->66M(2000M) 1.491ms
[267.054s][info][gc] GC(6850) Concurrent Undo Cycle
[267.056s][info][gc] GC(6850) Concurrent Undo Cycle 1.925ms
[267.124s][info][gc] GC(6851) Pause Young (Concurrent Start) (G1 Humongous Allocation) 900M->66M(2000M) 1.125ms
[267.124s][info][gc] GC(6852) Concurrent Undo Cycle
[267.127s][info][gc] GC(6852) Concurrent Undo Cycle 3.575ms
[267.199s][info][gc] GC(6853) Pause Young (Concurrent Start) (G1 Humongous Allocation) 900M->66M(2000M) 1.869ms
[267.199s][info][gc] GC(6854) Concurrent Undo Cycle
[267.201s][info][gc] GC(6854) Concurrent Undo Cycle 1.985ms
[267.271s][info][gc] GC(6855) Pause Young (Concurrent Start) (G1 Humongous Allocation) 900M->66M(2000M) 1.461ms
[267.271s][info][gc] GC(6856) Concurrent Undo Cycle
[267.273s][info][gc] GC(6856) Concurrent Undo Cycle 1.993ms
[267.338s][info][gc] GC(6857) Pause Young (Concurrent Start) (G1 Humongous Allocation) 900M->66M(2000M) 1.399ms
[267.339s][info][gc] GC(6858) Concurrent Undo Cycle
[267.340s][info][gc] GC(6858) Concurrent Undo Cycle 1.961ms
[267.408s][info][gc] GC(6859) Pause Young (Concurrent Start) (G1 Humongous Allocation) 900M->66M(2000M) 1.661ms
[267.408s][info][gc] GC(6860) Concurrent Undo Cycle
[267.410s][info][gc] GC(6860) Concurrent Undo Cycle 1.873ms
[267.473s][info][gc] GC(6861) Pause Young (Concurrent Start) (G1 Humongous Allocation) 900M->66M(2000M) 1.703ms
[267.473s][info][gc] GC(6862) Concurrent Undo Cycle
[267.475s][info][gc] GC(6862) Concurrent Undo Cycle 2.057ms
[267.544s][info][gc] GC(6863) Pause Young (Concurrent Start) (G1 Humongous Allocation) 900M->66M(2000M) 1.464ms
[267.544s][info][gc] GC(6864) Concurrent Undo Cycle
[267.546s][info][gc] GC(6864) Concurrent Undo Cycle 2.046ms
[267.613s][info][gc] GC(6865) Pause Young (Concurrent Start) (G1 Humongous Allocation) 900M->66M(2000M) 1.072ms
[267.613s][info][gc] GC(6866) Concurrent Undo Cycle
[267.615s][info][gc] GC(6866) Concurrent Undo Cycle 1.886ms
[267.685s][info][gc] GC(6867) Pause Young (Concurrent Start) (G1 Humongous Allocation) 900M->66M(2000M) 1.337ms
[267.685s][info][gc] GC(6868) Concurrent Undo Cycle
[267.687s][info][gc] GC(6868) Concurrent Undo Cycle 2.013ms
[267.757s][info][gc] GC(6869) Pause Young (Concurrent Start) (G1 Humongous Allocation) 900M->66M(2000M) 1.390ms
[267.757s][info][gc] GC(6870) Concurrent Undo Cycle
[267.759s][info][gc] GC(6870) Concurrent Undo Cycle 1.915ms
[267.828s][info][gc] GC(6871) Pause Young (Concurrent Start) (G1 Humongous Allocation) 900M->66M(2000M) 1.270ms
[267.828s][info][gc] GC(6872) Concurrent Undo Cycle
[267.830s][info][gc] GC(6872) Concurrent Undo Cycle 2.029ms
[267.895s][info][gc] GC(6873) Pause Young (Concurrent Start) (G1 Humongous Allocation) 900M->66M(2000M) 1.532ms
[267.896s][info][gc] GC(6874) Concurrent Undo Cycle
[267.897s][info][gc] GC(6874) Concurrent Undo Cycle 1.925ms
[267.963s][info][gc] GC(6875) Pause Young (Concurrent Start) (G1 Humongous Allocation) 900M->66M(2000M) 1.566ms
[267.963s][info][gc] GC(6876) Concurrent Undo Cycle
[267.965s][info][gc] GC(6876) Concurrent Undo Cycle 1.817ms
[268.028s][info][gc] GC(6877) Pause Young (Concurrent Start) (G1 Humongous Allocation) 900M->66M(2000M) 1.490ms
[268.029s][info][gc] GC(6878) Concurrent Undo Cycle
[268.030s][info][gc] GC(6878) Concurrent Undo Cycle 1.879ms
[268.091s][info][gc] GC(6879) Pause Young (Concurrent Start) (G1 Humongous Allocation) 900M->66M(2000M) 1.564ms
[268.091s][info][gc] GC(6880) Concurrent Undo Cycle
[268.093s][info][gc] GC(6880) Concurrent Undo Cycle 1.874ms
[268.154s][info][gc] GC(6881) Pause Young (Concurrent Start) (G1 Humongous Allocation) 900M->66M(2000M) 1.507ms
[268.154s][info][gc] GC(6882) Concurrent Undo Cycle
[268.155s][info][gc] GC(6882) Concurrent Undo Cycle 1.767ms
[268.217s][info][gc] GC(6883) Pause Young (Concurrent Start) (G1 Humongous Allocation) 900M->66M(2000M) 1.692ms
[268.217s][info][gc] GC(6884) Concurrent Undo Cycle
[268.218s][info][gc] GC(6884) Concurrent Undo Cycle 1.793ms
[268.284s][info][gc] GC(6885) Pause Young (Concurrent Start) (G1 Humongous Allocation) 900M->66M(2000M) 1.300ms
[268.284s][info][gc] GC(6886) Concurrent Undo Cycle
[268.286s][info][gc] GC(6886) Concurrent Undo Cycle 1.948ms
[268.347s][info][gc] GC(6887) Pause Young (Concurrent Start) (G1 Humongous Allocation) 900M->66M(2000M) 1.649ms
[268.347s][info][gc] GC(6888) Concurrent Undo Cycle
[268.349s][info][gc] GC(6888) Concurrent Undo Cycle 1.790ms
[268.408s][info][gc] GC(6889) Pause Young (Concurrent Start) (G1 Humongous Allocation) 900M->66M(2000M) 1.474ms
[268.408s][info][gc] GC(6890) Concurrent Undo Cycle
[268.410s][info][gc] GC(6890) Concurrent Undo Cycle 1.889ms
[268.470s][info][gc] GC(6891) Pause Young (Concurrent Start) (G1 Humongous Allocation) 900M->66M(2000M) 1.479ms
[268.470s][info][gc] GC(6892) Concurrent Undo Cycle
[268.472s][info][gc] GC(6892) Concurrent Undo Cycle 1.856ms
[268.531s][info][gc] GC(6893) Pause Young (Concurrent Start) (G1 Humongous Allocation) 900M->66M(2000M) 1.655ms
[268.532s][info][gc] GC(6894) Concurrent Undo Cycle
[268.534s][info][gc] GC(6894) Concurrent Undo Cycle 1.918ms
[268.594s][info][gc] GC(6895) Pause Young (Concurrent Start) (G1 Humongous Allocation) 900M->66M(2000M) 1.482ms
[268.594s][info][gc] GC(6896) Concurrent Undo Cycle
[268.596s][info][gc] GC(6896) Concurrent Undo Cycle 1.827ms
[268.657s][info][gc] GC(6897) Pause Young (Concurrent Start) (G1 Humongous Allocation) 900M->66M(2000M) 1.394ms
[268.657s][info][gc] GC(6898) Concurrent Undo Cycle
[268.658s][info][gc] GC(6898) Concurrent Undo Cycle 1.778ms
[268.719s][info][gc] GC(6899) Pause Young (Concurrent Start) (G1 Humongous Allocation) 900M->66M(2000M) 1.613ms
[268.719s][info][gc] GC(6900) Concurrent Undo Cycle
[268.721s][info][gc] GC(6900) Concurrent Undo Cycle 2.005ms
[268.783s][info][gc] GC(6901) Pause Young (Concurrent Start) (G1 Humongous Allocation) 900M->66M(2000M) 1.505ms
[268.783s][info][gc] GC(6902) Concurrent Undo Cycle
[268.785s][info][gc] GC(6902) Concurrent Undo Cycle 1.845ms
[268.845s][info][gc] GC(6903) Pause Young (Concurrent Start) (G1 Humongous Allocation) 900M->66M(2000M) 1.505ms
[268.845s][info][gc] GC(6904) Concurrent Undo Cycle
[268.847s][info][gc] GC(6904) Concurrent Undo Cycle 2.015ms
[268.907s][info][gc] GC(6905) Pause Young (Concurrent Start) (G1 Humongous Allocation) 900M->66M(2000M) 1.567ms
[268.907s][info][gc] GC(6906) Concurrent Undo Cycle
[268.909s][info][gc] GC(6906) Concurrent Undo Cycle 2.070ms
[268.969s][info][gc] GC(6907) Pause Young (Concurrent Start) (G1 Humongous Allocation) 900M->66M(2000M) 1.470ms
[268.969s][info][gc] GC(6908) Concurrent Undo Cycle
[268.971s][info][gc] GC(6908) Concurrent Undo Cycle 1.847ms
[269.031s][info][gc] GC(6909) Pause Young (Concurrent Start) (G1 Humongous Allocation) 900M->66M(2000M) 1.638ms
[269.031s][info][gc] GC(6910) Concurrent Undo Cycle
[269.033s][info][gc] GC(6910) Concurrent Undo Cycle 1.803ms
[269.092s][info][gc] GC(6911) Pause Young (Concurrent Start) (G1 Humongous Allocation) 900M->66M(2000M) 1.476ms
[269.092s][info][gc] GC(6912) Concurrent Undo Cycle
[269.094s][info][gc] GC(6912) Concurrent Undo Cycle 1.910ms
[269.154s][info][gc] GC(6913) Pause Young (Concurrent Start) (G1 Humongous Allocation) 900M->66M(2000M) 1.457ms
[269.154s][info][gc] GC(6914) Concurrent Undo Cycle
[269.156s][info][gc] GC(6914) Concurrent Undo Cycle 1.922ms
[269.215s][info][gc] GC(6915) Pause Young (Concurrent Start) (G1 Humongous Allocation) 900M->66M(2000M) 1.680ms
[269.215s][info][gc] GC(6916) Concurrent Undo Cycle
[269.217s][info][gc] GC(6916) Concurrent Undo Cycle 1.919ms
[269.280s][info][gc] GC(6917) Pause Young (Concurrent Start) (G1 Humongous Allocation) 900M->66M(2000M) 1.412ms
[269.280s][info][gc] GC(6918) Concurrent Undo Cycle
[269.282s][info][gc] GC(6918) Concurrent Undo Cycle 1.921ms
[269.342s][info][gc] GC(6919) Pause Young (Concurrent Start) (G1 Humongous Allocation) 900M->66M(2000M) 1.734ms
[269.342s][info][gc] GC(6920) Concurrent Undo Cycle
[269.344s][info][gc] GC(6920) Concurrent Undo Cycle 1.962ms
[269.404s][info][gc] GC(6921) Pause Young (Concurrent Start) (G1 Humongous Allocation) 900M->66M(2000M) 1.441ms
[269.404s][info][gc] GC(6922) Concurrent Undo Cycle
[269.406s][info][gc] GC(6922) Concurrent Undo Cycle 1.836ms
[269.466s][info][gc] GC(6923) Pause Young (Concurrent Start) (G1 Humongous Allocation) 900M->66M(2000M) 1.583ms
[269.466s][info][gc] GC(6924) Concurrent Undo Cycle
[269.468s][info][gc] GC(6924) Concurrent Undo Cycle 2.001ms
[269.527s][info][gc] GC(6925) Pause Young (Concurrent Start) (G1 Humongous Allocation) 900M->66M(2000M) 1.333ms
[269.527s][info][gc] GC(6926) Concurrent Undo Cycle
[269.529s][info][gc] GC(6926) Concurrent Undo Cycle 1.936ms
[269.589s][info][gc] GC(6927) Pause Young (Concurrent Start) (G1 Humongous Allocation) 900M->66M(2000M) 1.661ms
[269.589s][info][gc] GC(6928) Concurrent Undo Cycle
[269.591s][info][gc] GC(6928) Concurrent Undo Cycle 1.923ms
[269.652s][info][gc] GC(6929) Pause Young (Concurrent Start) (G1 Humongous Allocation) 900M->66M(2000M) 1.209ms
[269.652s][info][gc] GC(6930) Concurrent Undo Cycle
[269.654s][info][gc] GC(6930) Concurrent Undo Cycle 1.848ms
[269.714s][info][gc] GC(6931) Pause Young (Concurrent Start) (G1 Humongous Allocation) 900M->66M(2000M) 1.401ms
[269.714s][info][gc] GC(6932) Concurrent Undo Cycle
[269.716s][info][gc] GC(6932) Concurrent Undo Cycle 1.881ms
[269.776s][info][gc] GC(6933) Pause Young (Concurrent Start) (G1 Humongous Allocation) 900M->66M(2000M) 1.229ms
[269.776s][info][gc] GC(6934) Concurrent Undo Cycle
[269.778s][info][gc] GC(6934) Concurrent Undo Cycle 1.968ms
[269.839s][info][gc] GC(6935) Pause Young (Concurrent Start) (G1 Humongous Allocation) 900M->66M(2000M) 1.512ms
[269.839s][info][gc] GC(6936) Concurrent Undo Cycle
[269.841s][info][gc] GC(6936) Concurrent Undo Cycle 1.825ms
[269.902s][info][gc] GC(6937) Pause Young (Concurrent Start) (G1 Humongous Allocation) 900M->66M(2000M) 1.474ms
[269.902s][info][gc] GC(6938) Concurrent Undo Cycle
[269.904s][info][gc] GC(6938) Concurrent Undo Cycle 1.760ms
[269.964s][info][gc] GC(6939) Pause Young (Concurrent Start) (G1 Humongous Allocation) 900M->66M(2000M) 1.563ms
[269.964s][info][gc] GC(6940) Concurrent Undo Cycle
[269.966s][info][gc] GC(6940) Concurrent Undo Cycle 2.046ms
[270.026s][info][gc] GC(6941) Pause Young (Concurrent Start) (G1 Humongous Allocation) 900M->66M(2000M) 1.441ms
[270.026s][info][gc] GC(6942) Concurrent Undo Cycle
[270.027s][info][gc] GC(6942) Concurrent Undo Cycle 1.861ms
[270.087s][info][gc] GC(6943) Pause Young (Concurrent Start) (G1 Humongous Allocation) 900M->66M(2000M) 1.345ms
[270.087s][info][gc] GC(6944) Concurrent Undo Cycle
[270.089s][info][gc] GC(6944) Concurrent Undo Cycle 2.052ms
[270.149s][info][gc] GC(6945) Pause Young (Concurrent Start) (G1 Humongous Allocation) 900M->66M(2000M) 1.598ms
[270.149s][info][gc] GC(6946) Concurrent Undo Cycle
[270.151s][info][gc] GC(6946) Concurrent Undo Cycle 1.883ms
[270.210s][info][gc] GC(6947) Pause Young (Concurrent Start) (G1 Humongous Allocation) 900M->66M(2000M) 1.656ms
[270.211s][info][gc] GC(6948) Concurrent Undo Cycle
[270.212s][info][gc] GC(6948) Concurrent Undo Cycle 1.852ms
[270.273s][info][gc] GC(6949) Pause Young (Concurrent Start) (G1 Humongous Allocation) 900M->66M(2000M) 1.429ms
[270.273s][info][gc] GC(6950) Concurrent Undo Cycle
[270.275s][info][gc] GC(6950) Concurrent Undo Cycle 1.843ms
[270.336s][info][gc] GC(6951) Pause Young (Concurrent Start) (G1 Humongous Allocation) 901M->66M(2000M) 1.497ms
[270.336s][info][gc] GC(6952) Concurrent Undo Cycle
[270.338s][info][gc] GC(6952) Concurrent Undo Cycle 1.890ms
[270.399s][info][gc] GC(6953) Pause Young (Concurrent Start) (G1 Humongous Allocation) 901M->67M(2000M) 1.711ms
[270.399s][info][gc] GC(6954) Concurrent Undo Cycle
[270.401s][info][gc] GC(6954) Concurrent Undo Cycle 1.995ms
[270.463s][info][gc] GC(6955) Pause Young (Concurrent Start) (G1 Humongous Allocation) 901M->67M(2000M) 1.656ms
[270.463s][info][gc] GC(6956) Concurrent Undo Cycle
[270.465s][info][gc] GC(6956) Concurrent Undo Cycle 1.868ms
[270.524s][info][gc] GC(6957) Pause Young (Concurrent Start) (G1 Humongous Allocation) 901M->67M(2000M) 1.752ms
[270.524s][info][gc] GC(6958) Concurrent Undo Cycle
[270.526s][info][gc] GC(6958) Concurrent Undo Cycle 1.871ms
[270.586s][info][gc] GC(6959) Pause Young (Concurrent Start) (G1 Humongous Allocation) 901M->67M(2000M) 1.558ms
[270.586s][info][gc] GC(6960) Concurrent Undo Cycle
[270.588s][info][gc] GC(6960) Concurrent Undo Cycle 1.929ms
[270.649s][info][gc] GC(6961) Pause Young (Concurrent Start) (G1 Humongous Allocation) 901M->67M(2000M) 1.592ms
[270.649s][info][gc] GC(6962) Concurrent Undo Cycle
[270.651s][info][gc] GC(6962) Concurrent Undo Cycle 1.856ms
[270.711s][info][gc] GC(6963) Pause Young (Concurrent Start) (G1 Humongous Allocation) 901M->67M(2000M) 1.576ms
[270.711s][info][gc] GC(6964) Concurrent Undo Cycle
[270.713s][info][gc] GC(6964) Concurrent Undo Cycle 1.931ms
[270.772s][info][gc] GC(6965) Pause Young (Concurrent Start) (G1 Humongous Allocation) 901M->67M(2000M) 1.521ms
[270.772s][info][gc] GC(6966) Concurrent Undo Cycle
[270.774s][info][gc] GC(6966) Concurrent Undo Cycle 1.937ms
[270.834s][info][gc] GC(6967) Pause Young (Concurrent Start) (G1 Humongous Allocation) 901M->67M(2000M) 1.437ms
[270.834s][info][gc] GC(6968) Concurrent Undo Cycle
[270.836s][info][gc] GC(6968) Concurrent Undo Cycle 1.842ms
[270.897s][info][gc] GC(6969) Pause Young (Concurrent Start) (G1 Humongous Allocation) 901M->67M(2000M) 1.378ms
[270.897s][info][gc] GC(6970) Concurrent Undo Cycle
[270.899s][info][gc] GC(6970) Concurrent Undo Cycle 1.901ms
[270.960s][info][gc] GC(6971) Pause Young (Concurrent Start) (G1 Humongous Allocation) 901M->67M(2000M) 1.362ms
[270.960s][info][gc] GC(6972) Concurrent Undo Cycle
[270.962s][info][gc] GC(6972) Concurrent Undo Cycle 1.825ms
[271.022s][info][gc] GC(6973) Pause Young (Concurrent Start) (G1 Humongous Allocation) 901M->67M(2000M) 1.641ms
[271.022s][info][gc] GC(6974) Concurrent Undo Cycle
[271.024s][info][gc] GC(6974) Concurrent Undo Cycle 1.918ms
[271.084s][info][gc] GC(6975) Pause Young (Concurrent Start) (G1 Humongous Allocation) 901M->67M(2000M) 1.094ms
[271.084s][info][gc] GC(6976) Concurrent Undo Cycle
[271.086s][info][gc] GC(6976) Concurrent Undo Cycle 1.805ms
[271.146s][info][gc] GC(6977) Pause Young (Concurrent Start) (G1 Humongous Allocation) 901M->67M(2000M) 1.073ms
[271.146s][info][gc] GC(6978) Concurrent Undo Cycle
[271.148s][info][gc] GC(6978) Concurrent Undo Cycle 1.833ms
[271.211s][info][gc] GC(6979) Pause Young (Concurrent Start) (G1 Humongous Allocation) 901M->67M(2000M) 1.177ms
[271.211s][info][gc] GC(6980) Concurrent Undo Cycle
[271.213s][info][gc] GC(6980) Concurrent Undo Cycle 2.015ms
[271.278s][info][gc] GC(6981) Pause Young (Concurrent Start) (G1 Humongous Allocation) 901M->67M(2000M) 1.135ms
[271.278s][info][gc] GC(6982) Concurrent Undo Cycle
[271.280s][info][gc] GC(6982) Concurrent Undo Cycle 1.917ms
[271.344s][info][gc] GC(6983) Pause Young (Concurrent Start) (G1 Humongous Allocation) 901M->67M(2000M) 1.239ms
[271.344s][info][gc] GC(6984) Concurrent Undo Cycle
[271.346s][info][gc] GC(6984) Concurrent Undo Cycle 1.963ms
[271.411s][info][gc] GC(6985) Pause Young (Concurrent Start) (G1 Humongous Allocation) 901M->67M(2000M) 1.538ms
[271.411s][info][gc] GC(6986) Concurrent Undo Cycle
[271.413s][info][gc] GC(6986) Concurrent Undo Cycle 1.869ms
[271.479s][info][gc] GC(6987) Pause Young (Concurrent Start) (G1 Humongous Allocation) 901M->67M(2000M) 2.220ms
[271.479s][info][gc] GC(6988) Concurrent Undo Cycle
[271.480s][info][gc] GC(6988) Concurrent Undo Cycle 1.826ms
[271.540s][info][gc] GC(6989) Pause Young (Concurrent Start) (G1 Humongous Allocation) 901M->67M(2000M) 1.173ms
[271.540s][info][gc] GC(6990) Concurrent Undo Cycle
[271.542s][info][gc] GC(6990) Concurrent Undo Cycle 1.884ms
[271.602s][info][gc] GC(6991) Pause Young (Concurrent Start) (G1 Humongous Allocation) 901M->67M(2000M) 1.254ms
[271.602s][info][gc] GC(6992) Concurrent Undo Cycle
[271.604s][info][gc] GC(6992) Concurrent Undo Cycle 1.946ms
[271.663s][info][gc] GC(6993) Pause Young (Concurrent Start) (G1 Humongous Allocation) 901M->67M(2000M) 1.054ms
[271.663s][info][gc] GC(6994) Concurrent Undo Cycle
[271.665s][info][gc] GC(6994) Concurrent Undo Cycle 1.781ms
[271.724s][info][gc] GC(6995) Pause Young (Concurrent Start) (G1 Humongous Allocation) 901M->67M(2000M) 1.195ms
[271.725s][info][gc] GC(6996) Concurrent Undo Cycle
[271.726s][info][gc] GC(6996) Concurrent Undo Cycle 1.779ms
[271.786s][info][gc] GC(6997) Pause Young (Concurrent Start) (G1 Humongous Allocation) 901M->67M(2000M) 1.185ms
[271.786s][info][gc] GC(6998) Concurrent Undo Cycle
[271.788s][info][gc] GC(6998) Concurrent Undo Cycle 1.802ms
[271.849s][info][gc] GC(6999) Pause Young (Concurrent Start) (G1 Humongous Allocation) 901M->67M(2000M) 1.335ms
[271.849s][info][gc] GC(7000) Concurrent Undo Cycle
[271.850s][info][gc] GC(7000) Concurrent Undo Cycle 1.831ms
[271.911s][info][gc] GC(7001) Pause Young (Concurrent Start) (G1 Humongous Allocation) 901M->67M(2000M) 1.232ms
[271.911s][info][gc] GC(7002) Concurrent Undo Cycle
[271.913s][info][gc] GC(7002) Concurrent Undo Cycle 1.908ms
[271.974s][info][gc] GC(7003) Pause Young (Concurrent Start) (G1 Humongous Allocation) 901M->67M(2000M) 1.153ms
[271.974s][info][gc] GC(7004) Concurrent Undo Cycle
[271.976s][info][gc] GC(7004) Concurrent Undo Cycle 1.853ms
[272.036s][info][gc] GC(7005) Pause Young (Concurrent Start) (G1 Humongous Allocation) 901M->67M(2000M) 1.200ms
[272.036s][info][gc] GC(7006) Concurrent Undo Cycle
[272.037s][info][gc] GC(7006) Concurrent Undo Cycle 1.814ms
[272.097s][info][gc] GC(7007) Pause Young (Concurrent Start) (G1 Humongous Allocation) 901M->67M(2000M) 1.086ms
[272.097s][info][gc] GC(7008) Concurrent Undo Cycle
[272.099s][info][gc] GC(7008) Concurrent Undo Cycle 1.965ms
[272.158s][info][gc] GC(7009) Pause Young (Concurrent Start) (G1 Humongous Allocation) 901M->67M(2000M) 1.072ms
[272.158s][info][gc] GC(7010) Concurrent Undo Cycle
[272.160s][info][gc] GC(7010) Concurrent Undo Cycle 1.792ms
[272.219s][info][gc] GC(7011) Pause Young (Concurrent Start) (G1 Humongous Allocation) 901M->67M(2000M) 1.320ms
[272.219s][info][gc] GC(7012) Concurrent Undo Cycle
[272.221s][info][gc] GC(7012) Concurrent Undo Cycle 1.793ms
[272.281s][info][gc] GC(7013) Pause Young (Concurrent Start) (G1 Humongous Allocation) 901M->67M(2000M) 1.072ms
[272.281s][info][gc] GC(7014) Concurrent Undo Cycle
[272.283s][info][gc] GC(7014) Concurrent Undo Cycle 1.843ms
[272.342s][info][gc] GC(7015) Pause Young (Concurrent Start) (G1 Humongous Allocation) 901M->67M(2000M) 1.161ms
[272.342s][info][gc] GC(7016) Concurrent Undo Cycle
[272.344s][info][gc] GC(7016) Concurrent Undo Cycle 1.820ms
[272.404s][info][gc] GC(7017) Pause Young (Concurrent Start) (G1 Humongous Allocation) 901M->67M(2000M) 1.325ms
[272.404s][info][gc] GC(7018) Concurrent Undo Cycle
[272.406s][info][gc] GC(7018) Concurrent Undo Cycle 1.964ms
[272.466s][info][gc] GC(7019) Pause Young (Concurrent Start) (G1 Humongous Allocation) 901M->67M(2000M) 1.552ms
[272.467s][info][gc] GC(7020) Concurrent Undo Cycle
[272.468s][info][gc] GC(7020) Concurrent Undo Cycle 1.862ms
[272.528s][info][gc] GC(7021) Pause Young (Concurrent Start) (G1 Humongous Allocation) 901M->67M(2000M) 1.143ms
[272.528s][info][gc] GC(7022) Concurrent Undo Cycle
[272.530s][info][gc] GC(7022) Concurrent Undo Cycle 1.853ms
[272.590s][info][gc] GC(7023) Pause Young (Concurrent Start) (G1 Humongous Allocation) 901M->67M(2000M) 1.163ms
[272.590s][info][gc] GC(7024) Concurrent Undo Cycle
[272.592s][info][gc] GC(7024) Concurrent Undo Cycle 1.820ms
[272.652s][info][gc] GC(7025) Pause Young (Concurrent Start) (G1 Humongous Allocation) 901M->67M(2000M) 1.151ms
[272.652s][info][gc] GC(7026) Concurrent Undo Cycle
[272.654s][info][gc] GC(7026) Concurrent Undo Cycle 1.805ms
[272.713s][info][gc] GC(7027) Pause Young (Concurrent Start) (G1 Humongous Allocation) 901M->67M(2000M) 1.156ms
[272.714s][info][gc] GC(7028) Concurrent Undo Cycle
[272.715s][info][gc] GC(7028) Concurrent Undo Cycle 1.826ms
[272.775s][info][gc] GC(7029) Pause Young (Concurrent Start) (G1 Humongous Allocation) 901M->67M(2000M) 1.258ms
[272.775s][info][gc] GC(7030) Concurrent Undo Cycle
[272.777s][info][gc] GC(7030) Concurrent Undo Cycle 1.808ms
[272.837s][info][gc] GC(7031) Pause Young (Concurrent Start) (G1 Humongous Allocation) 901M->67M(2000M) 1.115ms
[272.837s][info][gc] GC(7032) Concurrent Undo Cycle
[272.839s][info][gc] GC(7032) Concurrent Undo Cycle 1.881ms
[272.898s][info][gc] GC(7033) Pause Young (Concurrent Start) (G1 Humongous Allocation) 901M->67M(2000M) 1.307ms
[272.898s][info][gc] GC(7034) Concurrent Undo Cycle
[272.900s][info][gc] GC(7034) Concurrent Undo Cycle 1.766ms
[272.960s][info][gc] GC(7035) Pause Young (Concurrent Start) (G1 Humongous Allocation) 901M->67M(2000M) 1.194ms
[272.960s][info][gc] GC(7036) Concurrent Undo Cycle
[272.962s][info][gc] GC(7036) Concurrent Undo Cycle 2.044ms
[273.023s][info][gc] GC(7037) Pause Young (Concurrent Start) (G1 Humongous Allocation) 901M->67M(2000M) 1.110ms
[273.023s][info][gc] GC(7038) Concurrent Undo Cycle
[273.025s][info][gc] GC(7038) Concurrent Undo Cycle 2.016ms
[273.085s][info][gc] GC(7039) Pause Young (Concurrent Start) (G1 Humongous Allocation) 901M->67M(2000M) 1.099ms
[273.085s][info][gc] GC(7040) Concurrent Undo Cycle
[273.087s][info][gc] GC(7040) Concurrent Undo Cycle 1.945ms
[273.147s][info][gc] GC(7041) Pause Young (Concurrent Start) (G1 Humongous Allocation) 901M->67M(2000M) 1.161ms
[273.147s][info][gc] GC(7042) Concurrent Undo Cycle
[273.149s][info][gc] GC(7042) Concurrent Undo Cycle 1.894ms
[273.209s][info][gc] GC(7043) Pause Young (Concurrent Start) (G1 Humongous Allocation) 901M->67M(2000M) 1.109ms
[273.209s][info][gc] GC(7044) Concurrent Undo Cycle
[273.211s][info][gc] GC(7044) Concurrent Undo Cycle 1.831ms
[273.272s][info][gc] GC(7045) Pause Young (Concurrent Start) (G1 Humongous Allocation) 901M->67M(2000M) 1.111ms
[273.272s][info][gc] GC(7046) Concurrent Undo Cycle
[273.274s][info][gc] GC(7046) Concurrent Undo Cycle 1.871ms
[273.333s][info][gc] GC(7047) Pause Young (Concurrent Start) (G1 Humongous Allocation) 901M->67M(2000M) 1.087ms
[273.333s][info][gc] GC(7048) Concurrent Undo Cycle
[273.335s][info][gc] GC(7048) Concurrent Undo Cycle 1.821ms
[273.395s][info][gc] GC(7049) Pause Young (Concurrent Start) (G1 Humongous Allocation) 901M->67M(2000M) 1.205ms
[273.395s][info][gc] GC(7050) Concurrent Undo Cycle
[273.397s][info][gc] GC(7050) Concurrent Undo Cycle 1.790ms
[273.458s][info][gc] GC(7051) Pause Young (Concurrent Start) (G1 Humongous Allocation) 901M->67M(2000M) 1.191ms
[273.458s][info][gc] GC(7052) Concurrent Undo Cycle
[273.459s][info][gc] GC(7052) Concurrent Undo Cycle 1.758ms
[273.520s][info][gc] GC(7053) Pause Young (Concurrent Start) (G1 Humongous Allocation) 901M->67M(2000M) 1.264ms
[273.520s][info][gc] GC(7054) Concurrent Undo Cycle
[273.522s][info][gc] GC(7054) Concurrent Undo Cycle 1.947ms
[273.583s][info][gc] GC(7055) Pause Young (Concurrent Start) (G1 Humongous Allocation) 901M->67M(2000M) 1.269ms
[273.583s][info][gc] GC(7056) Concurrent Undo Cycle
[273.585s][info][gc] GC(7056) Concurrent Undo Cycle 2.264ms
[273.645s][info][gc] GC(7057) Pause Young (Concurrent Start) (G1 Humongous Allocation) 901M->67M(2000M) 1.067ms
[273.645s][info][gc] GC(7058) Concurrent Undo Cycle
[273.647s][info][gc] GC(7058) Concurrent Undo Cycle 1.666ms
[273.706s][info][gc] GC(7059) Pause Young (Concurrent Start) (G1 Humongous Allocation) 901M->67M(2000M) 1.178ms
[273.706s][info][gc] GC(7060) Concurrent Undo Cycle
[273.708s][info][gc] GC(7060) Concurrent Undo Cycle 1.820ms
[273.768s][info][gc] GC(7061) Pause Young (Concurrent Start) (G1 Humongous Allocation) 901M->67M(2000M) 1.356ms
[273.768s][info][gc] GC(7062) Concurrent Undo Cycle
[273.770s][info][gc] GC(7062) Concurrent Undo Cycle 1.959ms
[273.830s][info][gc] GC(7063) Pause Young (Concurrent Start) (G1 Humongous Allocation) 901M->67M(2000M) 1.171ms
[273.830s][info][gc] GC(7064) Concurrent Undo Cycle
[273.832s][info][gc] GC(7064) Concurrent Undo Cycle 1.804ms
[273.891s][info][gc] GC(7065) Pause Young (Concurrent Start) (G1 Humongous Allocation) 901M->67M(2000M) 1.084ms
[273.891s][info][gc] GC(7066) Concurrent Undo Cycle
[273.893s][info][gc] GC(7066) Concurrent Undo Cycle 1.817ms
[273.953s][info][gc] GC(7067) Pause Young (Concurrent Start) (G1 Humongous Allocation) 901M->67M(2000M) 1.146ms
[273.953s][info][gc] GC(7068) Concurrent Undo Cycle
[273.955s][info][gc] GC(7068) Concurrent Undo Cycle 1.993ms
[274.015s][info][gc] GC(7069) Pause Young (Concurrent Start) (G1 Humongous Allocation) 901M->67M(2000M) 1.082ms
[274.015s][info][gc] GC(7070) Concurrent Undo Cycle
[274.017s][info][gc] GC(7070) Concurrent Undo Cycle 2.015ms
[274.078s][info][gc] GC(7071) Pause Young (Concurrent Start) (G1 Humongous Allocation) 901M->67M(2000M) 1.404ms
[274.078s][info][gc] GC(7072) Concurrent Undo Cycle
[274.080s][info][gc] GC(7072) Concurrent Undo Cycle 1.915ms
[274.140s][info][gc] GC(7073) Pause Young (Concurrent Start) (G1 Humongous Allocation) 901M->67M(2000M) 1.089ms
[274.140s][info][gc] GC(7074) Concurrent Undo Cycle
[274.142s][info][gc] GC(7074) Concurrent Undo Cycle 1.727ms
[274.202s][info][gc] GC(7075) Pause Young (Concurrent Start) (G1 Humongous Allocation) 901M->67M(2000M) 1.127ms
[274.202s][info][gc] GC(7076) Concurrent Undo Cycle
[274.204s][info][gc] GC(7076) Concurrent Undo Cycle 2.007ms
[274.264s][info][gc] GC(7077) Pause Young (Concurrent Start) (G1 Humongous Allocation) 901M->67M(2000M) 1.185ms
[274.264s][info][gc] GC(7078) Concurrent Undo Cycle
[274.266s][info][gc] GC(7078) Concurrent Undo Cycle 1.845ms
[274.326s][info][gc] GC(7079) Pause Young (Concurrent Start) (G1 Humongous Allocation) 901M->67M(2000M) 1.273ms
[274.326s][info][gc] GC(7080) Concurrent Undo Cycle
[274.328s][info][gc] GC(7080) Concurrent Undo Cycle 1.911ms
[274.388s][info][gc] GC(7081) Pause Young (Concurrent Start) (G1 Humongous Allocation) 901M->67M(2000M) 1.270ms
[274.388s][info][gc] GC(7082) Concurrent Undo Cycle
[274.390s][info][gc] GC(7082) Concurrent Undo Cycle 1.953ms
[274.449s][info][gc] GC(7083) Pause Young (Concurrent Start) (G1 Humongous Allocation) 901M->67M(2000M) 1.246ms
[274.449s][info][gc] GC(7084) Concurrent Undo Cycle
[274.451s][info][gc] GC(7084) Concurrent Undo Cycle 1.824ms
[274.511s][info][gc] GC(7085) Pause Young (Concurrent Start) (G1 Humongous Allocation) 902M->67M(2000M) 1.117ms
[274.511s][info][gc] GC(7086) Concurrent Undo Cycle
[274.513s][info][gc] GC(7086) Concurrent Undo Cycle 1.820ms
[274.574s][info][gc] GC(7087) Pause Young (Concurrent Start) (G1 Humongous Allocation) 902M->68M(2000M) 1.321ms
[274.574s][info][gc] GC(7088) Concurrent Undo Cycle
[274.576s][info][gc] GC(7088) Concurrent Undo Cycle 1.927ms
[274.636s][info][gc] GC(7089) Pause Young (Concurrent Start) (G1 Humongous Allocation) 902M->68M(2000M) 1.225ms
[274.637s][info][gc] GC(7090) Concurrent Undo Cycle
[274.639s][info][gc] GC(7090) Concurrent Undo Cycle 2.054ms
[274.700s][info][gc] GC(7091) Pause Young (Concurrent Start) (G1 Humongous Allocation) 902M->68M(2000M) 1.225ms
[274.700s][info][gc] GC(7092) Concurrent Undo Cycle
[274.702s][info][gc] GC(7092) Concurrent Undo Cycle 1.979ms
[274.761s][info][gc] GC(7093) Pause Young (Concurrent Start) (G1 Humongous Allocation) 902M->68M(2000M) 1.114ms
[274.762s][info][gc] GC(7094) Concurrent Undo Cycle
[274.763s][info][gc] GC(7094) Concurrent Undo Cycle 1.796ms
[274.823s][info][gc] GC(7095) Pause Young (Concurrent Start) (G1 Humongous Allocation) 902M->68M(2000M) 1.186ms
[274.823s][info][gc] GC(7096) Concurrent Undo Cycle
[274.825s][info][gc] GC(7096) Concurrent Undo Cycle 1.838ms
[274.885s][info][gc] GC(7097) Pause Young (Concurrent Start) (G1 Humongous Allocation) 902M->68M(2000M) 1.102ms
[274.885s][info][gc] GC(7098) Concurrent Undo Cycle
[274.887s][info][gc] GC(7098) Concurrent Undo Cycle 1.809ms
[274.947s][info][gc] GC(7099) Pause Young (Concurrent Start) (G1 Humongous Allocation) 902M->68M(2000M) 1.147ms
[274.947s][info][gc] GC(7100) Concurrent Undo Cycle
[274.949s][info][gc] GC(7100) Concurrent Undo Cycle 1.960ms
[275.009s][info][gc] GC(7101) Pause Young (Concurrent Start) (G1 Humongous Allocation) 902M->68M(2000M) 1.132ms
[275.009s][info][gc] GC(7102) Concurrent Undo Cycle
[275.011s][info][gc] GC(7102) Concurrent Undo Cycle 1.817ms
[275.071s][info][gc] GC(7103) Pause Young (Concurrent Start) (G1 Humongous Allocation) 902M->68M(2000M) 1.287ms
[275.071s][info][gc] GC(7104) Concurrent Undo Cycle
[275.073s][info][gc] GC(7104) Concurrent Undo Cycle 1.855ms
[275.136s][info][gc] GC(7105) Pause Young (Concurrent Start) (G1 Humongous Allocation) 902M->68M(2000M) 1.903ms
[275.136s][info][gc] GC(7106) Concurrent Undo Cycle
[275.137s][info][gc] GC(7106) Concurrent Undo Cycle 1.800ms
[275.199s][info][gc] GC(7107) Pause Young (Concurrent Start) (G1 Humongous Allocation) 902M->68M(2000M) 1.223ms
[275.199s][info][gc] GC(7108) Concurrent Undo Cycle
[275.201s][info][gc] GC(7108) Concurrent Undo Cycle 2.018ms
[275.262s][info][gc] GC(7109) Pause Young (Concurrent Start) (G1 Humongous Allocation) 902M->68M(2000M) 1.242ms
[275.262s][info][gc] GC(7110) Concurrent Undo Cycle
[275.264s][info][gc] GC(7110) Concurrent Undo Cycle 1.831ms
[275.323s][info][gc] GC(7111) Pause Young (Concurrent Start) (G1 Humongous Allocation) 894M->64M(2000M) 1.056ms
[275.324s][info][gc] GC(7112) Concurrent Undo Cycle
[275.325s][info][gc] GC(7112) Concurrent Undo Cycle 1.960ms
[275.386s][info][gc] GC(7113) Pause Young (Concurrent Start) (G1 Humongous Allocation) 898M->64M(2000M) 1.321ms
[275.386s][info][gc] GC(7114) Concurrent Undo Cycle
[275.388s][info][gc] GC(7114) Concurrent Undo Cycle 1.953ms
[275.448s][info][gc] GC(7115) Pause Young (Concurrent Start) (G1 Humongous Allocation) 898M->64M(2000M) 1.122ms
[275.448s][info][gc] GC(7116) Concurrent Undo Cycle
[275.450s][info][gc] GC(7116) Concurrent Undo Cycle 1.855ms
[275.509s][info][gc] GC(7117) Pause Young (Concurrent Start) (G1 Humongous Allocation) 898M->64M(2000M) 1.092ms
[275.509s][info][gc] GC(7118) Concurrent Undo Cycle
[275.511s][info][gc] GC(7118) Concurrent Undo Cycle 1.798ms
[275.571s][info][gc] GC(7119) Pause Young (Concurrent Start) (G1 Humongous Allocation) 898M->64M(2000M) 1.205ms
[275.572s][info][gc] GC(7120) Concurrent Undo Cycle
[275.573s][info][gc] GC(7120) Concurrent Undo Cycle 1.847ms
[275.634s][info][gc] GC(7121) Pause Young (Concurrent Start) (G1 Humongous Allocation) 898M->64M(2000M) 1.259ms
[275.634s][info][gc] GC(7122) Concurrent Undo Cycle
[275.636s][info][gc] GC(7122) Concurrent Undo Cycle 1.963ms
[275.697s][info][gc] GC(7123) Pause Young (Concurrent Start) (G1 Humongous Allocation) 898M->64M(2000M) 1.122ms
[275.697s][info][gc] GC(7124) Concurrent Undo Cycle
[275.699s][info][gc] GC(7124) Concurrent Undo Cycle 1.858ms
[275.759s][info][gc] GC(7125) Pause Young (Concurrent Start) (G1 Humongous Allocation) 898M->64M(2000M) 1.160ms
[275.759s][info][gc] GC(7126) Concurrent Undo Cycle
[275.761s][info][gc] GC(7126) Concurrent Undo Cycle 1.986ms
[275.821s][info][gc] GC(7127) Pause Young (Concurrent Start) (G1 Humongous Allocation) 898M->64M(2000M) 1.173ms
[275.821s][info][gc] GC(7128) Concurrent Undo Cycle
[275.823s][info][gc] GC(7128) Concurrent Undo Cycle 1.875ms
[275.883s][info][gc] GC(7129) Pause Young (Concurrent Start) (G1 Humongous Allocation) 898M->64M(2000M) 1.167ms
[275.883s][info][gc] GC(7130) Concurrent Undo Cycle
[275.885s][info][gc] GC(7130) Concurrent Undo Cycle 1.896ms
[275.945s][info][gc] GC(7131) Pause Young (Concurrent Start) (G1 Humongous Allocation) 898M->64M(2000M) 1.362ms
[275.945s][info][gc] GC(7132) Concurrent Undo Cycle
[275.947s][info][gc] GC(7132) Concurrent Undo Cycle 1.886ms
[276.007s][info][gc] GC(7133) Pause Young (Concurrent Start) (G1 Humongous Allocation) 898M->64M(2000M) 1.087ms
[276.007s][info][gc] GC(7134) Concurrent Undo Cycle
[276.009s][info][gc] GC(7134) Concurrent Undo Cycle 1.858ms
[276.071s][info][gc] GC(7135) Pause Young (Concurrent Start) (G1 Humongous Allocation) 898M->64M(2000M) 1.150ms
[276.071s][info][gc] GC(7136) Concurrent Undo Cycle
[276.073s][info][gc] GC(7136) Concurrent Undo Cycle 1.819ms
[276.136s][info][gc] GC(7137) Pause Young (Concurrent Start) (G1 Humongous Allocation) 898M->64M(2000M) 1.177ms
[276.136s][info][gc] GC(7138) Concurrent Undo Cycle
[276.138s][info][gc] GC(7138) Concurrent Undo Cycle 1.933ms
[276.201s][info][gc] GC(7139) Pause Young (Concurrent Start) (G1 Humongous Allocation) 898M->64M(2000M) 1.365ms
[276.201s][info][gc] GC(7140) Concurrent Undo Cycle
[276.203s][info][gc] GC(7140) Concurrent Undo Cycle 2.085ms
[276.264s][info][gc] GC(7141) Pause Young (Concurrent Start) (G1 Humongous Allocation) 898M->64M(2000M) 1.287ms
[276.264s][info][gc] GC(7142) Concurrent Undo Cycle
[276.266s][info][gc] GC(7142) Concurrent Undo Cycle 2.095ms
[276.327s][info][gc] GC(7143) Pause Young (Concurrent Start) (G1 Humongous Allocation) 898M->64M(2000M) 1.109ms
[276.327s][info][gc] GC(7144) Concurrent Undo Cycle
[276.328s][info][gc] GC(7144) Concurrent Undo Cycle 1.848ms
[276.389s][info][gc] GC(7145) Pause Young (Concurrent Start) (G1 Humongous Allocation) 898M->64M(2000M) 1.307ms
[276.389s][info][gc] GC(7146) Concurrent Undo Cycle
[276.391s][info][gc] GC(7146) Concurrent Undo Cycle 1.877ms
[276.453s][info][gc] GC(7147) Pause Young (Concurrent Start) (G1 Humongous Allocation) 898M->64M(2000M) 1.199ms
[276.453s][info][gc] GC(7148) Concurrent Undo Cycle
[276.455s][info][gc] GC(7148) Concurrent Undo Cycle 1.894ms
[276.516s][info][gc] GC(7149) Pause Young (Concurrent Start) (G1 Humongous Allocation) 898M->64M(2000M) 1.246ms
[276.516s][info][gc] GC(7150) Concurrent Undo Cycle
[276.518s][info][gc] GC(7150) Concurrent Undo Cycle 1.841ms
[276.578s][info][gc] GC(7151) Pause Young (Concurrent Start) (G1 Humongous Allocation) 898M->64M(2000M) 1.231ms
[276.578s][info][gc] GC(7152) Concurrent Undo Cycle
[276.580s][info][gc] GC(7152) Concurrent Undo Cycle 1.830ms
[276.640s][info][gc] GC(7153) Pause Young (Concurrent Start) (G1 Humongous Allocation) 898M->64M(2000M) 1.195ms
[276.640s][info][gc] GC(7154) Concurrent Undo Cycle
[276.642s][info][gc] GC(7154) Concurrent Undo Cycle 1.879ms
[276.704s][info][gc] GC(7155) Pause Young (Concurrent Start) (G1 Humongous Allocation) 898M->64M(2000M) 1.244ms
[276.704s][info][gc] GC(7156) Concurrent Undo Cycle
[276.706s][info][gc] GC(7156) Concurrent Undo Cycle 1.903ms
[276.767s][info][gc] GC(7157) Pause Young (Concurrent Start) (G1 Humongous Allocation) 898M->64M(2000M) 1.126ms
[276.767s][info][gc] GC(7158) Concurrent Undo Cycle
[276.769s][info][gc] GC(7158) Concurrent Undo Cycle 1.965ms
[276.830s][info][gc] GC(7159) Pause Young (Concurrent Start) (G1 Humongous Allocation) 898M->64M(2000M) 1.258ms
[276.830s][info][gc] GC(7160) Concurrent Undo Cycle
[276.832s][info][gc] GC(7160) Concurrent Undo Cycle 1.804ms
[276.891s][info][gc] GC(7161) Pause Young (Concurrent Start) (G1 Humongous Allocation) 898M->64M(2000M) 1.084ms
[276.892s][info][gc] GC(7162) Concurrent Undo Cycle
[276.894s][info][gc] GC(7162) Concurrent Undo Cycle 1.927ms
[276.954s][info][gc] GC(7163) Pause Young (Concurrent Start) (G1 Humongous Allocation) 898M->64M(2000M) 1.027ms
[276.954s][info][gc] GC(7164) Concurrent Undo Cycle
[276.956s][info][gc] GC(7164) Concurrent Undo Cycle 1.839ms
[277.016s][info][gc] GC(7165) Pause Young (Concurrent Start) (G1 Humongous Allocation) 898M->64M(2000M) 1.253ms
[277.016s][info][gc] GC(7166) Concurrent Undo Cycle
[277.018s][info][gc] GC(7166) Concurrent Undo Cycle 1.784ms
[277.079s][info][gc] GC(7167) Pause Young (Concurrent Start) (G1 Humongous Allocation) 898M->64M(2000M) 1.383ms
[277.079s][info][gc] GC(7168) Concurrent Undo Cycle
[277.081s][info][gc] GC(7168) Concurrent Undo Cycle 1.889ms
[277.142s][info][gc] GC(7169) Pause Young (Concurrent Start) (G1 Humongous Allocation) 898M->64M(2000M) 1.404ms
[277.142s][info][gc] GC(7170) Concurrent Undo Cycle
[277.144s][info][gc] GC(7170) Concurrent Undo Cycle 1.905ms
[277.205s][info][gc] GC(7171) Pause Young (Concurrent Start) (G1 Humongous Allocation) 898M->64M(2000M) 1.573ms
[277.205s][info][gc] GC(7172) Concurrent Undo Cycle
[277.207s][info][gc] GC(7172) Concurrent Undo Cycle 2.153ms
[277.268s][info][gc] GC(7173) Pause Young (Concurrent Start) (G1 Humongous Allocation) 898M->64M(2000M) 1.479ms
[277.268s][info][gc] GC(7174) Concurrent Undo Cycle
[277.270s][info][gc] GC(7174) Concurrent Undo Cycle 1.931ms
[277.332s][info][gc] GC(7175) Pause Young (Concurrent Start) (G1 Humongous Allocation) 898M->64M(2000M) 1.517ms
[277.332s][info][gc] GC(7176) Concurrent Undo Cycle
[277.334s][info][gc] GC(7176) Concurrent Undo Cycle 1.922ms
[277.395s][info][gc] GC(7177) Pause Young (Concurrent Start) (G1 Humongous Allocation) 898M->64M(2000M) 1.509ms
[277.395s][info][gc] GC(7178) Concurrent Undo Cycle
[277.397s][info][gc] GC(7178) Concurrent Undo Cycle 1.874ms
[277.457s][info][gc] GC(7179) Pause Young (Concurrent Start) (G1 Humongous Allocation) 898M->64M(2000M) 1.390ms
[277.457s][info][gc] GC(7180) Concurrent Undo Cycle
[277.459s][info][gc] GC(7180) Concurrent Undo Cycle 1.864ms
[277.519s][info][gc] GC(7181) Pause Young (Concurrent Start) (G1 Humongous Allocation) 898M->64M(2000M) 1.504ms
[277.519s][info][gc] GC(7182) Concurrent Undo Cycle
[277.521s][info][gc] GC(7182) Concurrent Undo Cycle 1.790ms
[277.582s][info][gc] GC(7183) Pause Young (Concurrent Start) (G1 Humongous Allocation) 898M->64M(2000M) 1.334ms
[277.582s][info][gc] GC(7184) Concurrent Undo Cycle
[277.584s][info][gc] GC(7184) Concurrent Undo Cycle 1.832ms
[277.644s][info][gc] GC(7185) Pause Young (Concurrent Start) (G1 Humongous Allocation) 898M->64M(2000M) 1.553ms
[277.645s][info][gc] GC(7186) Concurrent Undo Cycle
[277.647s][info][gc] GC(7186) Concurrent Undo Cycle 1.907ms
[277.707s][info][gc] GC(7187) Pause Young (Concurrent Start) (G1 Humongous Allocation) 898M->64M(2000M) 1.403ms
[277.707s][info][gc] GC(7188) Concurrent Undo Cycle
[277.709s][info][gc] GC(7188) Concurrent Undo Cycle 1.779ms
[277.771s][info][gc] GC(7189) Pause Young (Concurrent Start) (G1 Humongous Allocation) 898M->64M(2000M) 1.492ms
[277.771s][info][gc] GC(7190) Concurrent Undo Cycle
[277.773s][info][gc] GC(7190) Concurrent Undo Cycle 1.900ms
[277.834s][info][gc] GC(7191) Pause Young (Concurrent Start) (G1 Humongous Allocation) 898M->64M(2000M) 1.547ms
[277.834s][info][gc] GC(7192) Concurrent Undo Cycle
[277.836s][info][gc] GC(7192) Concurrent Undo Cycle 1.880ms
[277.897s][info][gc] GC(7193) Pause Young (Concurrent Start) (G1 Humongous Allocation) 898M->64M(2000M) 1.517ms
[277.897s][info][gc] GC(7194) Concurrent Undo Cycle
[277.899s][info][gc] GC(7194) Concurrent Undo Cycle 1.792ms
[277.960s][info][gc] GC(7195) Pause Young (Concurrent Start) (G1 Humongous Allocation) 898M->64M(2000M) 1.385ms
[277.960s][info][gc] GC(7196) Concurrent Undo Cycle
[277.962s][info][gc] GC(7196) Concurrent Undo Cycle 1.857ms
[278.022s][info][gc] GC(7197) Pause Young (Concurrent Start) (G1 Humongous Allocation) 898M->64M(2000M) 1.543ms
[278.022s][info][gc] GC(7198) Concurrent Undo Cycle
[278.024s][info][gc] GC(7198) Concurrent Undo Cycle 1.903ms
[278.085s][info][gc] GC(7199) Pause Young (Concurrent Start) (G1 Humongous Allocation) 898M->64M(2000M) 1.313ms
[278.085s][info][gc] GC(7200) Concurrent Undo Cycle
[278.087s][info][gc] GC(7200) Concurrent Undo Cycle 1.812ms
[278.147s][info][gc] GC(7201) Pause Young (Concurrent Start) (G1 Humongous Allocation) 898M->64M(2000M) 1.576ms
[278.147s][info][gc] GC(7202) Concurrent Undo Cycle
[278.149s][info][gc] GC(7202) Concurrent Undo Cycle 1.857ms
[278.209s][info][gc] GC(7203) Pause Young (Concurrent Start) (G1 Humongous Allocation) 898M->64M(2000M) 1.379ms
[278.209s][info][gc] GC(7204) Concurrent Undo Cycle
[278.211s][info][gc] GC(7204) Concurrent Undo Cycle 1.832ms
[278.273s][info][gc] GC(7205) Pause Young (Concurrent Start) (G1 Humongous Allocation) 898M->64M(2000M) 1.442ms
[278.273s][info][gc] GC(7206) Concurrent Undo Cycle
[278.275s][info][gc] GC(7206) Concurrent Undo Cycle 1.854ms
[278.337s][info][gc] GC(7207) Pause Young (Concurrent Start) (G1 Humongous Allocation) 898M->64M(2000M) 1.472ms
[278.337s][info][gc] GC(7208) Concurrent Undo Cycle
[278.339s][info][gc] GC(7208) Concurrent Undo Cycle 1.899ms
[278.401s][info][gc] GC(7209) Pause Young (Concurrent Start) (G1 Humongous Allocation) 898M->64M(2000M) 1.458ms
[278.401s][info][gc] GC(7210) Concurrent Undo Cycle
[278.403s][info][gc] GC(7210) Concurrent Undo Cycle 2.026ms
[278.465s][info][gc] GC(7211) Pause Young (Concurrent Start) (G1 Humongous Allocation) 898M->64M(2000M) 1.354ms
[278.465s][info][gc] GC(7212) Concurrent Undo Cycle
[278.467s][info][gc] GC(7212) Concurrent Undo Cycle 1.849ms
[278.528s][info][gc] GC(7213) Pause Young (Concurrent Start) (G1 Humongous Allocation) 898M->64M(2000M) 1.696ms
[278.528s][info][gc] GC(7214) Concurrent Undo Cycle
[278.530s][info][gc] GC(7214) Concurrent Undo Cycle 1.915ms
[278.595s][info][gc] GC(7215) Pause Young (Concurrent Start) (G1 Humongous Allocation) 898M->64M(2000M) 1.532ms
[278.595s][info][gc] GC(7216) Concurrent Undo Cycle
[278.597s][info][gc] GC(7216) Concurrent Undo Cycle 1.767ms
[278.662s][info][gc] GC(7217) Pause Young (Concurrent Start) (G1 Humongous Allocation) 898M->64M(2000M) 1.565ms
[278.662s][info][gc] GC(7218) Concurrent Undo Cycle
[278.664s][info][gc] GC(7218) Concurrent Undo Cycle 1.875ms
[278.724s][info][gc] GC(7219) Pause Young (Concurrent Start) (G1 Humongous Allocation) 898M->64M(2000M) 1.546ms
[278.725s][info][gc] GC(7220) Concurrent Undo Cycle
[278.727s][info][gc] GC(7220) Concurrent Undo Cycle 2.141ms
[278.787s][info][gc] GC(7221) Pause Young (Concurrent Start) (G1 Humongous Allocation) 898M->64M(2000M) 1.448ms
[278.787s][info][gc] GC(7222) Concurrent Undo Cycle
[278.789s][info][gc] GC(7222) Concurrent Undo Cycle 1.985ms
[278.852s][info][gc] GC(7223) Pause Young (Concurrent Start) (G1 Humongous Allocation) 898M->64M(2000M) 1.548ms
[278.852s][info][gc] GC(7224) Concurrent Undo Cycle
[278.854s][info][gc] GC(7224) Concurrent Undo Cycle 2.040ms
[278.915s][info][gc] GC(7225) Pause Young (Concurrent Start) (G1 Humongous Allocation) 899M->65M(2000M) 1.448ms
[278.915s][info][gc] GC(7226) Concurrent Undo Cycle
[278.917s][info][gc] GC(7226) Concurrent Undo Cycle 1.879ms
[278.978s][info][gc] GC(7227) Pause Young (Concurrent Start) (G1 Humongous Allocation) 899M->65M(2000M) 1.350ms
[278.978s][info][gc] GC(7228) Concurrent Undo Cycle
[278.980s][info][gc] GC(7228) Concurrent Undo Cycle 1.896ms
[279.040s][info][gc] GC(7229) Pause Young (Concurrent Start) (G1 Humongous Allocation) 899M->65M(2000M) 1.471ms
[279.040s][info][gc] GC(7230) Concurrent Undo Cycle
[279.042s][info][gc] GC(7230) Concurrent Undo Cycle 1.827ms
[279.103s][info][gc] GC(7231) Pause Young (Concurrent Start) (G1 Humongous Allocation) 899M->65M(2000M) 1.399ms
[279.103s][info][gc] GC(7232) Concurrent Undo Cycle
[279.105s][info][gc] GC(7232) Concurrent Undo Cycle 1.818ms
[279.167s][info][gc] GC(7233) Pause Young (Concurrent Start) (G1 Humongous Allocation) 899M->65M(2000M) 1.544ms
[279.167s][info][gc] GC(7234) Concurrent Undo Cycle
[279.169s][info][gc] GC(7234) Concurrent Undo Cycle 1.946ms
[279.231s][info][gc] GC(7235) Pause Young (Concurrent Start) (G1 Humongous Allocation) 899M->65M(2000M) 1.556ms
[279.231s][info][gc] GC(7236) Concurrent Undo Cycle
[279.233s][info][gc] GC(7236) Concurrent Undo Cycle 1.824ms
[279.295s][info][gc] GC(7237) Pause Young (Concurrent Start) (G1 Humongous Allocation) 899M->65M(2000M) 1.440ms
[279.295s][info][gc] GC(7238) Concurrent Undo Cycle
[279.297s][info][gc] GC(7238) Concurrent Undo Cycle 1.830ms
[279.360s][info][gc] GC(7239) Pause Young (Concurrent Start) (G1 Humongous Allocation) 899M->65M(2000M) 1.469ms
[279.360s][info][gc] GC(7240) Concurrent Undo Cycle
[279.362s][info][gc] GC(7240) Concurrent Undo Cycle 1.935ms
[279.423s][info][gc] GC(7241) Pause Young (Concurrent Start) (G1 Humongous Allocation) 899M->65M(2000M) 1.553ms
[279.423s][info][gc] GC(7242) Concurrent Undo Cycle
[279.425s][info][gc] GC(7242) Concurrent Undo Cycle 1.896ms
[279.488s][info][gc] GC(7243) Pause Young (Concurrent Start) (G1 Humongous Allocation) 899M->65M(2000M) 1.336ms
[279.488s][info][gc] GC(7244) Concurrent Undo Cycle
[279.490s][info][gc] GC(7244) Concurrent Undo Cycle 1.817ms
[279.550s][info][gc] GC(7245) Pause Young (Concurrent Start) (G1 Humongous Allocation) 899M->65M(2000M) 1.450ms
[279.550s][info][gc] GC(7246) Concurrent Undo Cycle
[279.552s][info][gc] GC(7246) Concurrent Undo Cycle 1.849ms
[279.613s][info][gc] GC(7247) Pause Young (Concurrent Start) (G1 Humongous Allocation) 899M->65M(2000M) 1.568ms
[279.613s][info][gc] GC(7248) Concurrent Undo Cycle
[279.615s][info][gc] GC(7248) Concurrent Undo Cycle 1.854ms
[279.676s][info][gc] GC(7249) Pause Young (Concurrent Start) (G1 Humongous Allocation) 899M->65M(2000M) 1.202ms
[279.676s][info][gc] GC(7250) Concurrent Undo Cycle
[279.677s][info][gc] GC(7250) Concurrent Undo Cycle 1.746ms
[279.738s][info][gc] GC(7251) Pause Young (Concurrent Start) (G1 Humongous Allocation) 899M->65M(2000M) 1.613ms
[279.738s][info][gc] GC(7252) Concurrent Undo Cycle
[279.740s][info][gc] GC(7252) Concurrent Undo Cycle 2.054ms
[279.801s][info][gc] GC(7253) Pause Young (Concurrent Start) (G1 Humongous Allocation) 899M->65M(2000M) 1.607ms
[279.801s][info][gc] GC(7254) Concurrent Undo Cycle
[279.803s][info][gc] GC(7254) Concurrent Undo Cycle 1.929ms
[279.865s][info][gc] GC(7255) Pause Young (Concurrent Start) (G1 Humongous Allocation) 899M->65M(2000M) 1.745ms
[279.865s][info][gc] GC(7256) Concurrent Undo Cycle
[279.867s][info][gc] GC(7256) Concurrent Undo Cycle 1.942ms
[279.928s][info][gc] GC(7257) Pause Young (Concurrent Start) (G1 Humongous Allocation) 899M->65M(2000M) 1.472ms
[279.928s][info][gc] GC(7258) Concurrent Undo Cycle
[279.930s][info][gc] GC(7258) Concurrent Undo Cycle 1.881ms
[279.992s][info][gc] GC(7259) Pause Young (Concurrent Start) (G1 Humongous Allocation) 899M->65M(2000M) 1.376ms
[279.992s][info][gc] GC(7260) Concurrent Undo Cycle
[279.994s][info][gc] GC(7260) Concurrent Undo Cycle 1.836ms
[280.055s][info][gc] GC(7261) Pause Young (Concurrent Start) (G1 Humongous Allocation) 899M->65M(2000M) 1.535ms
[280.055s][info][gc] GC(7262) Concurrent Undo Cycle
[280.057s][info][gc] GC(7262) Concurrent Undo Cycle 1.853ms
[280.118s][info][gc] GC(7263) Pause Young (Concurrent Start) (G1 Humongous Allocation) 899M->65M(2000M) 1.538ms
[280.118s][info][gc] GC(7264) Concurrent Undo Cycle
[280.120s][info][gc] GC(7264) Concurrent Undo Cycle 1.837ms
[280.180s][info][gc] GC(7265) Pause Young (Concurrent Start) (G1 Humongous Allocation) 899M->65M(2000M) 1.474ms
[280.181s][info][gc] GC(7266) Concurrent Undo Cycle
[280.182s][info][gc] GC(7266) Concurrent Undo Cycle 1.779ms
[280.243s][info][gc] GC(7267) Pause Young (Concurrent Start) (G1 Humongous Allocation) 899M->65M(2000M) 1.578ms
[280.243s][info][gc] GC(7268) Concurrent Undo Cycle
[280.245s][info][gc] GC(7268) Concurrent Undo Cycle 2.056ms
[280.306s][info][gc] GC(7269) Pause Young (Concurrent Start) (G1 Humongous Allocation) 899M->65M(2000M) 1.723ms
[280.306s][info][gc] GC(7270) Concurrent Undo Cycle
[280.308s][info][gc] GC(7270) Concurrent Undo Cycle 2.245ms
[280.370s][info][gc] GC(7271) Pause Young (Concurrent Start) (G1 Humongous Allocation) 899M->65M(2000M) 1.564ms
[280.370s][info][gc] GC(7272) Concurrent Undo Cycle
[280.372s][info][gc] GC(7272) Concurrent Undo Cycle 2.064ms
[280.434s][info][gc] GC(7273) Pause Young (Concurrent Start) (G1 Humongous Allocation) 899M->65M(2000M) 1.542ms
[280.434s][info][gc] GC(7274) Concurrent Undo Cycle
[280.436s][info][gc] GC(7274) Concurrent Undo Cycle 2.051ms
[280.498s][info][gc] GC(7275) Pause Young (Concurrent Start) (G1 Humongous Allocation) 899M->65M(2000M) 1.593ms
[280.498s][info][gc] GC(7276) Concurrent Undo Cycle
[280.500s][info][gc] GC(7276) Concurrent Undo Cycle 1.930ms
[280.561s][info][gc] GC(7277) Pause Young (Concurrent Start) (G1 Humongous Allocation) 899M->65M(2000M) 1.385ms
[280.561s][info][gc] GC(7278) Concurrent Undo Cycle
[280.562s][info][gc] GC(7278) Concurrent Undo Cycle 1.847ms
[280.623s][info][gc] GC(7279) Pause Young (Concurrent Start) (G1 Humongous Allocation) 899M->65M(2000M) 1.517ms
[280.623s][info][gc] GC(7280) Concurrent Undo Cycle
[280.625s][info][gc] GC(7280) Concurrent Undo Cycle 1.928ms
[280.686s][info][gc] GC(7281) Pause Young (Concurrent Start) (G1 Humongous Allocation) 899M->65M(2000M) 1.715ms
[280.686s][info][gc] GC(7282) Concurrent Undo Cycle
[280.688s][info][gc] GC(7282) Concurrent Undo Cycle 1.914ms
[280.749s][info][gc] GC(7283) Pause Young (Concurrent Start) (G1 Humongous Allocation) 899M->65M(2000M) 1.353ms
[280.749s][info][gc] GC(7284) Concurrent Undo Cycle
[280.751s][info][gc] GC(7284) Concurrent Undo Cycle 1.870ms
[280.812s][info][gc] GC(7285) Pause Young (Concurrent Start) (G1 Humongous Allocation) 899M->65M(2000M) 1.585ms
[280.812s][info][gc] GC(7286) Concurrent Undo Cycle
[280.814s][info][gc] GC(7286) Concurrent Undo Cycle 1.875ms
[280.875s][info][gc] GC(7287) Pause Young (Concurrent Start) (G1 Humongous Allocation) 899M->65M(2000M) 1.417ms
[280.875s][info][gc] GC(7288) Concurrent Undo Cycle
[280.876s][info][gc] GC(7288) Concurrent Undo Cycle 1.777ms
[280.938s][info][gc] GC(7289) Pause Young (Concurrent Start) (G1 Humongous Allocation) 899M->65M(2000M) 1.446ms
[280.938s][info][gc] GC(7290) Concurrent Undo Cycle
[280.941s][info][gc] GC(7290) Concurrent Undo Cycle 2.033ms
[281.002s][info][gc] GC(7291) Pause Young (Concurrent Start) (G1 Humongous Allocation) 899M->65M(2000M) 1.491ms
[281.002s][info][gc] GC(7292) Concurrent Undo Cycle
[281.004s][info][gc] GC(7292) Concurrent Undo Cycle 1.906ms
[281.066s][info][gc] GC(7293) Pause Young (Concurrent Start) (G1 Humongous Allocation) 899M->65M(2000M) 1.587ms
[281.066s][info][gc] GC(7294) Concurrent Undo Cycle
[281.068s][info][gc] GC(7294) Concurrent Undo Cycle 1.823ms
[281.128s][info][gc] GC(7295) Pause Young (Concurrent Start) (G1 Humongous Allocation) 899M->65M(2000M) 1.502ms
[281.128s][info][gc] GC(7296) Concurrent Undo Cycle
[281.130s][info][gc] GC(7296) Concurrent Undo Cycle 1.877ms
[281.191s][info][gc] GC(7297) Pause Young (Concurrent Start) (G1 Humongous Allocation) 899M->65M(2000M) 1.487ms
[281.191s][info][gc] GC(7298) Concurrent Undo Cycle
[281.193s][info][gc] GC(7298) Concurrent Undo Cycle 2.011ms
[281.254s][info][gc] GC(7299) Pause Young (Concurrent Start) (G1 Humongous Allocation) 899M->65M(2000M) 1.450ms
[281.254s][info][gc] GC(7300) Concurrent Undo Cycle
[281.256s][info][gc] GC(7300) Concurrent Undo Cycle 1.798ms
[281.317s][info][gc] GC(7301) Pause Young (Concurrent Start) (G1 Humongous Allocation) 899M->65M(2000M) 1.653ms
[281.318s][info][gc] GC(7302) Concurrent Undo Cycle
[281.319s][info][gc] GC(7302) Concurrent Undo Cycle 1.976ms
[281.381s][info][gc] GC(7303) Pause Young (Concurrent Start) (G1 Humongous Allocation) 899M->65M(2000M) 1.486ms
[281.381s][info][gc] GC(7304) Concurrent Undo Cycle
[281.383s][info][gc] GC(7304) Concurrent Undo Cycle 1.798ms
[281.444s][info][gc] GC(7305) Pause Young (Concurrent Start) (G1 Humongous Allocation) 899M->65M(2000M) 1.432ms
[281.444s][info][gc] GC(7306) Concurrent Undo Cycle
[281.446s][info][gc] GC(7306) Concurrent Undo Cycle 2.047ms
[281.508s][info][gc] GC(7307) Pause Young (Concurrent Start) (G1 Humongous Allocation) 899M->65M(2000M) 1.623ms
[281.509s][info][gc] GC(7308) Concurrent Undo Cycle
[281.510s][info][gc] GC(7308) Concurrent Undo Cycle 1.942ms
[281.573s][info][gc] GC(7309) Pause Young (Concurrent Start) (G1 Humongous Allocation) 899M->65M(2000M) 2.228ms
[281.573s][info][gc] GC(7310) Concurrent Undo Cycle
[281.575s][info][gc] GC(7310) Concurrent Undo Cycle 1.817ms
[281.638s][info][gc] GC(7311) Pause Young (Concurrent Start) (G1 Humongous Allocation) 899M->65M(2000M) 1.938ms
[281.638s][info][gc] GC(7312) Concurrent Undo Cycle
[281.640s][info][gc] GC(7312) Concurrent Undo Cycle 1.860ms
[281.701s][info][gc] GC(7313) Pause Young (Concurrent Start) (G1 Humongous Allocation) 899M->65M(2000M) 1.749ms
[281.701s][info][gc] GC(7314) Concurrent Undo Cycle
[281.703s][info][gc] GC(7314) Concurrent Undo Cycle 1.969ms
[281.764s][info][gc] GC(7315) Pause Young (Concurrent Start) (G1 Humongous Allocation) 899M->65M(2000M) 1.497ms
[281.764s][info][gc] GC(7316) Concurrent Undo Cycle
[281.766s][info][gc] GC(7316) Concurrent Undo Cycle 1.864ms
[281.827s][info][gc] GC(7317) Pause Young (Concurrent Start) (G1 Humongous Allocation) 899M->65M(2000M) 1.303ms
[281.827s][info][gc] GC(7318) Concurrent Undo Cycle
[281.829s][info][gc] GC(7318) Concurrent Undo Cycle 1.844ms
[281.890s][info][gc] GC(7319) Pause Young (Concurrent Start) (G1 Humongous Allocation) 899M->65M(2000M) 1.384ms
[281.890s][info][gc] GC(7320) Concurrent Undo Cycle
[281.891s][info][gc] GC(7320) Concurrent Undo Cycle 1.834ms
[281.952s][info][gc] GC(7321) Pause Young (Concurrent Start) (G1 Humongous Allocation) 899M->65M(2000M) 1.488ms
[281.952s][info][gc] GC(7322) Concurrent Undo Cycle
[281.954s][info][gc] GC(7322) Concurrent Undo Cycle 2.042ms
[282.017s][info][gc] GC(7323) Pause Young (Concurrent Start) (G1 Humongous Allocation) 899M->65M(2000M) 1.490ms
[282.017s][info][gc] GC(7324) Concurrent Undo Cycle
[282.019s][info][gc] GC(7324) Concurrent Undo Cycle 1.952ms
[282.080s][info][gc] GC(7325) Pause Young (Concurrent Start) (G1 Humongous Allocation) 899M->65M(2000M) 1.420ms
[282.080s][info][gc] GC(7326) Concurrent Undo Cycle
[282.082s][info][gc] GC(7326) Concurrent Undo Cycle 2.000ms
[282.144s][info][gc] GC(7327) Pause Young (Concurrent Start) (G1 Humongous Allocation) 899M->65M(2000M) 1.571ms
[282.146s][info][gc] GC(7328) Concurrent Undo Cycle
[282.148s][info][gc] GC(7328) Concurrent Undo Cycle 1.855ms
[282.209s][info][gc] GC(7329) Pause Young (Concurrent Start) (G1 Humongous Allocation) 899M->65M(2000M) 1.480ms
[282.209s][info][gc] GC(7330) Concurrent Undo Cycle
[282.211s][info][gc] GC(7330) Concurrent Undo Cycle 1.840ms
[282.272s][info][gc] GC(7331) Pause Young (Concurrent Start) (G1 Humongous Allocation) 899M->65M(2000M) 1.657ms
[282.272s][info][gc] GC(7332) Concurrent Undo Cycle
[282.274s][info][gc] GC(7332) Concurrent Undo Cycle 1.859ms
[282.335s][info][gc] GC(7333) Pause Young (Concurrent Start) (G1 Humongous Allocation) 899M->65M(2000M) 1.316ms
[282.335s][info][gc] GC(7334) Concurrent Undo Cycle
[282.337s][info][gc] GC(7334) Concurrent Undo Cycle 2.539ms
[282.398s][info][gc] GC(7335) Pause Young (Concurrent Start) (G1 Humongous Allocation) 899M->65M(2000M) 1.486ms
[282.398s][info][gc] GC(7336) Concurrent Undo Cycle
[282.400s][info][gc] GC(7336) Concurrent Undo Cycle 1.863ms
[282.461s][info][gc] GC(7337) Pause Young (Concurrent Start) (G1 Humongous Allocation) 899M->65M(2000M) 1.595ms
[282.461s][info][gc] GC(7338) Concurrent Undo Cycle
[282.464s][info][gc] GC(7338) Concurrent Undo Cycle 2.076ms
[282.527s][info][gc] GC(7339) Pause Young (Concurrent Start) (G1 Humongous Allocation) 899M->65M(2000M) 1.506ms
[282.527s][info][gc] GC(7340) Concurrent Undo Cycle
[282.529s][info][gc] GC(7340) Concurrent Undo Cycle 1.937ms
[282.591s][info][gc] GC(7341) Pause Young (Concurrent Start) (G1 Humongous Allocation) 899M->65M(2000M) 1.639ms
[282.591s][info][gc] GC(7342) Concurrent Undo Cycle
[282.593s][info][gc] GC(7342) Concurrent Undo Cycle 1.913ms
[282.655s][info][gc] GC(7343) Pause Young (Concurrent Start) (G1 Humongous Allocation) 899M->65M(2000M) 1.748ms
[282.655s][info][gc] GC(7344) Concurrent Undo Cycle
[282.656s][info][gc] GC(7344) Concurrent Undo Cycle 1.867ms
[282.718s][info][gc] GC(7345) Pause Young (Concurrent Start) (G1 Humongous Allocation) 899M->65M(2000M) 1.530ms
[282.718s][info][gc] GC(7346) Concurrent Undo Cycle
[282.720s][info][gc] GC(7346) Concurrent Undo Cycle 1.955ms
[282.781s][info][gc] GC(7347) Pause Young (Concurrent Start) (G1 Humongous Allocation) 899M->65M(2000M) 1.470ms
[282.781s][info][gc] GC(7348) Concurrent Undo Cycle
[282.783s][info][gc] GC(7348) Concurrent Undo Cycle 1.875ms
[282.843s][info][gc] GC(7349) Pause Young (Concurrent Start) (G1 Humongous Allocation) 899M->65M(2000M) 1.328ms
[282.844s][info][gc] GC(7350) Concurrent Undo Cycle
[282.845s][info][gc] GC(7350) Concurrent Undo Cycle 1.903ms
[282.907s][info][gc] GC(7351) Pause Young (Concurrent Start) (G1 Humongous Allocation) 899M->65M(2000M) 1.433ms
[282.907s][info][gc] GC(7352) Concurrent Undo Cycle
[282.908s][info][gc] GC(7352) Concurrent Undo Cycle 1.822ms
[282.970s][info][gc] GC(7353) Pause Young (Concurrent Start) (G1 Humongous Allocation) 899M->65M(2000M) 1.442ms
[282.970s][info][gc] GC(7354) Concurrent Undo Cycle
[282.972s][info][gc] GC(7354) Concurrent Undo Cycle 1.840ms
[283.034s][info][gc] GC(7355) Pause Young (Concurrent Start) (G1 Humongous Allocation) 899M->65M(2000M) 1.500ms
[283.034s][info][gc] GC(7356) Concurrent Undo Cycle
[283.036s][info][gc] GC(7356) Concurrent Undo Cycle 1.965ms
[283.098s][info][gc] GC(7357) Pause Young (Concurrent Start) (G1 Humongous Allocation) 899M->65M(2000M) 1.606ms
[283.098s][info][gc] GC(7358) Concurrent Undo Cycle
[283.100s][info][gc] GC(7358) Concurrent Undo Cycle 1.858ms
[283.162s][info][gc] GC(7359) Pause Young (Concurrent Start) (G1 Humongous Allocation) 900M->65M(2000M) 1.509ms
[283.163s][info][gc] GC(7360) Concurrent Undo Cycle
[283.164s][info][gc] GC(7360) Concurrent Undo Cycle 1.823ms
[283.228s][info][gc] GC(7361) Pause Young (Concurrent Start) (G1 Humongous Allocation) 899M->65M(2000M) 1.591ms
[283.228s][info][gc] GC(7362) Concurrent Undo Cycle
[283.230s][info][gc] GC(7362) Concurrent Undo Cycle 2.232ms
[283.292s][info][gc] GC(7363) Pause Young (Concurrent Start) (G1 Humongous Allocation) 899M->65M(2000M) 1.462ms
[283.292s][info][gc] GC(7364) Concurrent Undo Cycle
[283.294s][info][gc] GC(7364) Concurrent Undo Cycle 1.874ms
[283.356s][info][gc] GC(7365) Pause Young (Concurrent Start) (G1 Humongous Allocation) 900M->66M(2000M) 1.331ms
[283.356s][info][gc] GC(7366) Concurrent Undo Cycle
[283.358s][info][gc] GC(7366) Concurrent Undo Cycle 1.946ms
[283.419s][info][gc] GC(7367) Pause Young (Concurrent Start) (G1 Humongous Allocation) 900M->66M(2000M) 1.467ms
[283.419s][info][gc] GC(7368) Concurrent Undo Cycle
[283.422s][info][gc] GC(7368) Concurrent Undo Cycle 2.132ms
[283.483s][info][gc] GC(7369) Pause Young (Concurrent Start) (G1 Humongous Allocation) 900M->66M(2000M) 1.583ms
[283.483s][info][gc] GC(7370) Concurrent Undo Cycle
[283.485s][info][gc] GC(7370) Concurrent Undo Cycle 2.030ms
[283.547s][info][gc] GC(7371) Pause Young (Concurrent Start) (G1 Humongous Allocation) 900M->66M(2000M) 1.524ms
[283.547s][info][gc] GC(7372) Concurrent Undo Cycle
[283.549s][info][gc] GC(7372) Concurrent Undo Cycle 1.960ms
[283.611s][info][gc] GC(7373) Pause Young (Concurrent Start) (G1 Humongous Allocation) 900M->66M(2000M) 1.312ms
[283.611s][info][gc] GC(7374) Concurrent Undo Cycle
[283.613s][info][gc] GC(7374) Concurrent Undo Cycle 2.230ms
[283.676s][info][gc] GC(7375) Pause Young (Concurrent Start) (G1 Humongous Allocation) 900M->66M(2000M) 1.541ms
[283.676s][info][gc] GC(7376) Concurrent Undo Cycle
[283.678s][info][gc] GC(7376) Concurrent Undo Cycle 1.925ms
[283.740s][info][gc] GC(7377) Pause Young (Concurrent Start) (G1 Humongous Allocation) 900M->66M(2000M) 1.494ms
[283.740s][info][gc] GC(7378) Concurrent Undo Cycle
[283.742s][info][gc] GC(7378) Concurrent Undo Cycle 1.967ms
[283.804s][info][gc] GC(7379) Pause Young (Concurrent Start) (G1 Humongous Allocation) 900M->66M(2000M) 1.460ms
[283.804s][info][gc] GC(7380) Concurrent Undo Cycle
[283.806s][info][gc] GC(7380) Concurrent Undo Cycle 1.846ms
[283.867s][info][gc] GC(7381) Pause Young (Concurrent Start) (G1 Humongous Allocation) 900M->66M(2000M) 1.473ms
[283.867s][info][gc] GC(7382) Concurrent Undo Cycle
[283.869s][info][gc] GC(7382) Concurrent Undo Cycle 2.079ms
[283.931s][info][gc] GC(7383) Pause Young (Concurrent Start) (G1 Humongous Allocation) 900M->66M(2000M) 1.354ms
[283.931s][info][gc] GC(7384) Concurrent Undo Cycle
[283.933s][info][gc] GC(7384) Concurrent Undo Cycle 1.944ms
[283.994s][info][gc] GC(7385) Pause Young (Concurrent Start) (G1 Humongous Allocation) 900M->66M(2000M) 1.609ms
[283.994s][info][gc] GC(7386) Concurrent Undo Cycle
[283.996s][info][gc] GC(7386) Concurrent Undo Cycle 2.013ms
[284.058s][info][gc] GC(7387) Pause Young (Concurrent Start) (G1 Humongous Allocation) 900M->66M(2000M) 1.510ms
[284.058s][info][gc] GC(7388) Concurrent Undo Cycle
[284.060s][info][gc] GC(7388) Concurrent Undo Cycle 1.843ms
[284.123s][info][gc] GC(7389) Pause Young (Concurrent Start) (G1 Humongous Allocation) 900M->66M(2000M) 1.504ms
[284.123s][info][gc] GC(7390) Concurrent Undo Cycle
[284.125s][info][gc] GC(7390) Concurrent Undo Cycle 2.086ms
[284.187s][info][gc] GC(7391) Pause Young (Concurrent Start) (G1 Humongous Allocation) 900M->66M(2000M) 1.602ms
[284.187s][info][gc] GC(7392) Concurrent Undo Cycle
[284.189s][info][gc] GC(7392) Concurrent Undo Cycle 2.111ms
[284.251s][info][gc] GC(7393) Pause Young (Concurrent Start) (G1 Humongous Allocation) 900M->66M(2000M) 1.432ms
[284.251s][info][gc] GC(7394) Concurrent Undo Cycle
[284.253s][info][gc] GC(7394) Concurrent Undo Cycle 1.972ms
[284.314s][info][gc] GC(7395) Pause Young (Concurrent Start) (G1 Humongous Allocation) 900M->66M(2000M) 1.498ms
[284.314s][info][gc] GC(7396) Concurrent Undo Cycle
[284.316s][info][gc] GC(7396) Concurrent Undo Cycle 1.951ms
[284.377s][info][gc] GC(7397) Pause Young (Concurrent Start) (G1 Humongous Allocation) 900M->66M(2000M) 1.570ms
[284.377s][info][gc] GC(7398) Concurrent Undo Cycle
[284.379s][info][gc] GC(7398) Concurrent Undo Cycle 1.875ms
[284.441s][info][gc] GC(7399) Pause Young (Concurrent Start) (G1 Humongous Allocation) 900M->66M(2000M) 1.465ms
[284.441s][info][gc] GC(7400) Concurrent Undo Cycle
[284.442s][info][gc] GC(7400) Concurrent Undo Cycle 1.851ms
[284.504s][info][gc] GC(7401) Pause Young (Concurrent Start) (G1 Humongous Allocation) 900M->66M(2000M) 1.456ms
[284.504s][info][gc] GC(7402) Concurrent Undo Cycle
[284.506s][info][gc] GC(7402) Concurrent Undo Cycle 1.900ms
[284.567s][info][gc] GC(7403) Pause Young (Concurrent Start) (G1 Humongous Allocation) 900M->66M(2000M) 1.539ms
[284.567s][info][gc] GC(7404) Concurrent Undo Cycle
[284.569s][info][gc] GC(7404) Concurrent Undo Cycle 1.819ms
[284.631s][info][gc] GC(7405) Pause Young (Concurrent Start) (G1 Humongous Allocation) 900M->66M(2000M) 1.472ms
[284.631s][info][gc] GC(7406) Concurrent Undo Cycle
[284.633s][info][gc] GC(7406) Concurrent Undo Cycle 1.859ms
[284.695s][info][gc] GC(7407) Pause Young (Concurrent Start) (G1 Humongous Allocation) 900M->66M(2000M) 1.327ms
[284.695s][info][gc] GC(7408) Concurrent Undo Cycle
[284.697s][info][gc] GC(7408) Concurrent Undo Cycle 1.834ms
[284.759s][info][gc] GC(7409) Pause Young (Concurrent Start) (G1 Humongous Allocation) 900M->66M(2000M) 1.579ms
[284.760s][info][gc] GC(7410) Concurrent Undo Cycle
[284.761s][info][gc] GC(7410) Concurrent Undo Cycle 1.890ms
[284.823s][info][gc] GC(7411) Pause Young (Concurrent Start) (G1 Humongous Allocation) 900M->66M(2000M) 1.356ms
[284.823s][info][gc] GC(7412) Concurrent Undo Cycle
[284.825s][info][gc] GC(7412) Concurrent Undo Cycle 1.862ms
[284.886s][info][gc] GC(7413) Pause Young (Concurrent Start) (G1 Humongous Allocation) 900M->66M(2000M) 1.668ms
[284.886s][info][gc] GC(7414) Concurrent Undo Cycle
[284.888s][info][gc] GC(7414) Concurrent Undo Cycle 1.886ms
[284.949s][info][gc] GC(7415) Pause Young (Concurrent Start) (G1 Humongous Allocation) 900M->66M(2000M) 1.417ms
[284.950s][info][gc] GC(7416) Concurrent Undo Cycle
[284.951s][info][gc] GC(7416) Concurrent Undo Cycle 1.888ms
[285.013s][info][gc] GC(7417) Pause Young (Concurrent Start) (G1 Humongous Allocation) 900M->66M(2000M) 1.562ms
[285.013s][info][gc] GC(7418) Concurrent Undo Cycle
[285.015s][info][gc] GC(7418) Concurrent Undo Cycle 1.966ms
[285.077s][info][gc] GC(7419) Pause Young (Concurrent Start) (G1 Humongous Allocation) 900M->66M(2000M) 1.453ms
[285.077s][info][gc] GC(7420) Concurrent Undo Cycle
[285.078s][info][gc] GC(7420) Concurrent Undo Cycle 1.861ms
[285.140s][info][gc] GC(7421) Pause Young (Concurrent Start) (G1 Humongous Allocation) 900M->66M(2000M) 1.582ms
[285.140s][info][gc] GC(7422) Concurrent Undo Cycle
[285.142s][info][gc] GC(7422) Concurrent Undo Cycle 1.828ms
[285.205s][info][gc] GC(7423) Pause Young (Concurrent Start) (G1 Humongous Allocation) 900M->66M(2000M) 1.534ms
[285.205s][info][gc] GC(7424) Concurrent Undo Cycle
[285.207s][info][gc] GC(7424) Concurrent Undo Cycle 1.922ms
[285.269s][info][gc] GC(7425) Pause Young (Concurrent Start) (G1 Humongous Allocation) 900M->66M(2000M) 1.365ms
[285.269s][info][gc] GC(7426) Concurrent Undo Cycle
[285.271s][info][gc] GC(7426) Concurrent Undo Cycle 1.935ms
[285.333s][info][gc] GC(7427) Pause Young (Concurrent Start) (G1 Humongous Allocation) 900M->66M(2000M) 1.505ms
[285.333s][info][gc] GC(7428) Concurrent Undo Cycle
[285.334s][info][gc] GC(7428) Concurrent Undo Cycle 1.827ms
[285.397s][info][gc] GC(7429) Pause Young (Concurrent Start) (G1 Humongous Allocation) 900M->66M(2000M) 1.476ms
[285.397s][info][gc] GC(7430) Concurrent Undo Cycle
[285.399s][info][gc] GC(7430) Concurrent Undo Cycle 1.932ms
[285.461s][info][gc] GC(7431) Pause Young (Concurrent Start) (G1 Humongous Allocation) 900M->66M(2000M) 1.455ms
[285.461s][info][gc] GC(7432) Concurrent Undo Cycle
[285.463s][info][gc] GC(7432) Concurrent Undo Cycle 1.874ms
[285.525s][info][gc] GC(7433) Pause Young (Concurrent Start) (G1 Humongous Allocation) 900M->66M(2000M) 1.431ms
[285.525s][info][gc] GC(7434) Concurrent Undo Cycle
[285.527s][info][gc] GC(7434) Concurrent Undo Cycle 1.906ms
[285.589s][info][gc] GC(7435) Pause Young (Concurrent Start) (G1 Humongous Allocation) 900M->66M(2000M) 1.394ms
[285.589s][info][gc] GC(7436) Concurrent Undo Cycle
[285.591s][info][gc] GC(7436) Concurrent Undo Cycle 1.895ms
[285.652s][info][gc] GC(7437) Pause Young (Concurrent Start) (G1 Humongous Allocation) 900M->66M(2000M) 1.536ms
[285.652s][info][gc] GC(7438) Concurrent Undo Cycle
[285.654s][info][gc] GC(7438) Concurrent Undo Cycle 1.974ms
[285.718s][info][gc] GC(7439) Pause Young (Concurrent Start) (G1 Humongous Allocation) 900M->66M(2000M) 1.152ms
[285.718s][info][gc] GC(7440) Concurrent Undo Cycle
[285.720s][info][gc] GC(7440) Concurrent Undo Cycle 1.937ms
[285.781s][info][gc] GC(7441) Pause Young (Concurrent Start) (G1 Humongous Allocation) 900M->66M(2000M) 1.190ms
[285.781s][info][gc] GC(7442) Concurrent Undo Cycle
[285.783s][info][gc] GC(7442) Concurrent Undo Cycle 1.871ms
[285.845s][info][gc] GC(7443) Pause Young (Concurrent Start) (G1 Humongous Allocation) 900M->66M(2000M) 1.189ms
[285.845s][info][gc] GC(7444) Concurrent Undo Cycle
[285.847s][info][gc] GC(7444) Concurrent Undo Cycle 1.958ms
[285.908s][info][gc] GC(7445) Pause Young (Concurrent Start) (G1 Humongous Allocation) 900M->66M(2000M) 1.144ms
[285.908s][info][gc] GC(7446) Concurrent Undo Cycle
[285.909s][info][gc] GC(7446) Concurrent Undo Cycle 1.861ms
[285.970s][info][gc] GC(7447) Pause Young (Concurrent Start) (G1 Humongous Allocation) 900M->66M(2000M) 1.048ms
[285.970s][info][gc] GC(7448) Concurrent Undo Cycle
[285.972s][info][gc] GC(7448) Concurrent Undo Cycle 1.838ms
[286.034s][info][gc] GC(7449) Pause Young (Concurrent Start) (G1 Humongous Allocation) 900M->66M(2000M) 1.109ms
[286.034s][info][gc] GC(7450) Concurrent Undo Cycle
[286.036s][info][gc] GC(7450) Concurrent Undo Cycle 1.877ms
[286.097s][info][gc] GC(7451) Pause Young (Concurrent Start) (G1 Humongous Allocation) 900M->66M(2000M) 1.086ms
[286.097s][info][gc] GC(7452) Concurrent Undo Cycle
[286.098s][info][gc] GC(7452) Concurrent Undo Cycle 1.862ms
[286.160s][info][gc] GC(7453) Pause Young (Concurrent Start) (G1 Humongous Allocation) 900M->66M(2000M) 1.199ms
[286.160s][info][gc] GC(7454) Concurrent Undo Cycle
[286.162s][info][gc] GC(7454) Concurrent Undo Cycle 1.834ms
[286.224s][info][gc] GC(7455) Pause Young (Concurrent Start) (G1 Humongous Allocation) 900M->66M(2000M) 1.165ms
[286.224s][info][gc] GC(7456) Concurrent Undo Cycle
[286.226s][info][gc] GC(7456) Concurrent Undo Cycle 1.885ms
[286.288s][info][gc] GC(7457) Pause Young (Concurrent Start) (G1 Humongous Allocation) 900M->66M(2000M) 1.268ms
[286.288s][info][gc] GC(7458) Concurrent Undo Cycle
[286.290s][info][gc] GC(7458) Concurrent Undo Cycle 2.014ms
[286.353s][info][gc] GC(7459) Pause Young (Concurrent Start) (G1 Humongous Allocation) 900M->66M(2000M) 1.199ms
[286.353s][info][gc] GC(7460) Concurrent Undo Cycle
[286.354s][info][gc] GC(7460) Concurrent Undo Cycle 1.827ms
[286.416s][info][gc] GC(7461) Pause Young (Concurrent Start) (G1 Humongous Allocation) 900M->66M(2000M) 1.081ms
[286.416s][info][gc] GC(7462) Concurrent Undo Cycle
[286.418s][info][gc] GC(7462) Concurrent Undo Cycle 1.853ms
[286.479s][info][gc] GC(7463) Pause Young (Concurrent Start) (G1 Humongous Allocation) 900M->66M(2000M) 1.148ms
[286.479s][info][gc] GC(7464) Concurrent Undo Cycle
[286.481s][info][gc] GC(7464) Concurrent Undo Cycle 1.902ms
[286.542s][info][gc] GC(7465) Pause Young (Concurrent Start) (G1 Humongous Allocation) 900M->66M(2000M) 1.142ms
[286.542s][info][gc] GC(7466) Concurrent Undo Cycle
[286.544s][info][gc] GC(7466) Concurrent Undo Cycle 1.855ms
[286.605s][info][gc] GC(7467) Pause Young (Concurrent Start) (G1 Humongous Allocation) 900M->66M(2000M) 1.283ms
[286.605s][info][gc] GC(7468) Concurrent Undo Cycle
[286.607s][info][gc] GC(7468) Concurrent Undo Cycle 1.912ms
[286.668s][info][gc] GC(7469) Pause Young (Concurrent Start) (G1 Humongous Allocation) 900M->66M(2000M) 1.191ms
[286.668s][info][gc] GC(7470) Concurrent Undo Cycle
[286.670s][info][gc] GC(7470) Concurrent Undo Cycle 1.895ms
[286.731s][info][gc] GC(7471) Pause Young (Concurrent Start) (G1 Humongous Allocation) 900M->66M(2000M) 1.050ms
[286.732s][info][gc] GC(7472) Concurrent Undo Cycle
[286.733s][info][gc] GC(7472) Concurrent Undo Cycle 1.895ms
[286.796s][info][gc] GC(7473) Pause Young (Concurrent Start) (G1 Humongous Allocation) 900M->66M(2000M) 1.139ms
[286.796s][info][gc] GC(7474) Concurrent Undo Cycle
[286.798s][info][gc] GC(7474) Concurrent Undo Cycle 1.954ms
[286.860s][info][gc] GC(7475) Pause Young (Concurrent Start) (G1 Humongous Allocation) 900M->66M(2000M) 1.108ms
[286.860s][info][gc] GC(7476) Concurrent Undo Cycle
[286.862s][info][gc] GC(7476) Concurrent Undo Cycle 1.889ms
[286.923s][info][gc] GC(7477) Pause Young (Concurrent Start) (G1 Humongous Allocation) 900M->66M(2000M) 1.163ms
[286.923s][info][gc] GC(7478) Concurrent Undo Cycle
[286.925s][info][gc] GC(7478) Concurrent Undo Cycle 1.881ms
[286.986s][info][gc] GC(7479) Pause Young (Concurrent Start) (G1 Humongous Allocation) 900M->66M(2000M) 1.050ms
[286.986s][info][gc] GC(7480) Concurrent Undo Cycle
[286.988s][info][gc] GC(7480) Concurrent Undo Cycle 1.837ms
[287.049s][info][gc] GC(7481) Pause Young (Concurrent Start) (G1 Humongous Allocation) 900M->66M(2000M) 1.154ms
[287.049s][info][gc] GC(7482) Concurrent Undo Cycle
[287.051s][info][gc] GC(7482) Concurrent Undo Cycle 1.860ms
[287.112s][info][gc] GC(7483) Pause Young (Concurrent Start) (G1 Humongous Allocation) 900M->66M(2000M) 1.269ms
[287.112s][info][gc] GC(7484) Concurrent Undo Cycle
[287.114s][info][gc] GC(7484) Concurrent Undo Cycle 1.879ms
[287.177s][info][gc] GC(7485) Pause Young (Concurrent Start) (G1 Humongous Allocation) 901M->66M(2000M) 1.539ms
[287.177s][info][gc] GC(7486) Concurrent Undo Cycle
[287.179s][info][gc] GC(7486) Concurrent Undo Cycle 2.031ms
[287.243s][info][gc] GC(7487) Pause Young (Concurrent Start) (G1 Humongous Allocation) 900M->66M(2000M) 1.425ms
[287.243s][info][gc] GC(7488) Concurrent Undo Cycle
[287.245s][info][gc] GC(7488) Concurrent Undo Cycle 2.046ms
[287.308s][info][gc] GC(7489) Pause Young (Concurrent Start) (G1 Humongous Allocation) 900M->66M(2000M) 1.352ms
[287.308s][info][gc] GC(7490) Concurrent Undo Cycle
[287.310s][info][gc] GC(7490) Concurrent Undo Cycle 2.169ms
[287.373s][info][gc] GC(7491) Pause Young (Concurrent Start) (G1 Humongous Allocation) 900M->66M(2000M) 1.187ms
[287.373s][info][gc] GC(7492) Concurrent Undo Cycle
[287.375s][info][gc] GC(7492) Concurrent Undo Cycle 1.860ms
[287.436s][info][gc] GC(7493) Pause Young (Concurrent Start) (G1 Humongous Allocation) 900M->66M(2000M) 1.042ms
[287.436s][info][gc] GC(7494) Concurrent Undo Cycle
[287.438s][info][gc] GC(7494) Concurrent Undo Cycle 1.821ms
[287.500s][info][gc] GC(7495) Pause Young (Concurrent Start) (G1 Humongous Allocation) 900M->66M(2000M) 1.257ms
[287.500s][info][gc] GC(7496) Concurrent Undo Cycle
[287.502s][info][gc] GC(7496) Concurrent Undo Cycle 1.797ms
[287.564s][info][gc] GC(7497) Pause Young (Concurrent Start) (G1 Humongous Allocation) 900M->66M(2000M) 1.546ms
[287.564s][info][gc] GC(7498) Concurrent Undo Cycle
[287.566s][info][gc] GC(7498) Concurrent Undo Cycle 1.861ms
[287.628s][info][gc] GC(7499) Pause Young (Concurrent Start) (G1 Humongous Allocation) 900M->66M(2000M) 1.665ms
[287.628s][info][gc] GC(7500) Concurrent Undo Cycle
[287.630s][info][gc] GC(7500) Concurrent Undo Cycle 1.888ms
[287.692s][info][gc] GC(7501) Pause Young (Concurrent Start) (G1 Humongous Allocation) 900M->66M(2000M) 1.729ms
[287.692s][info][gc] GC(7502) Concurrent Undo Cycle
[287.694s][info][gc] GC(7502) Concurrent Undo Cycle 1.866ms
[287.756s][info][gc] GC(7503) Pause Young (Concurrent Start) (G1 Humongous Allocation) 901M->67M(2000M) 1.371ms
[287.756s][info][gc] GC(7504) Concurrent Undo Cycle
[287.758s][info][gc] GC(7504) Concurrent Undo Cycle 1.880ms
[287.821s][info][gc] GC(7505) Pause Young (Concurrent Start) (G1 Humongous Allocation) 901M->67M(2000M) 1.442ms
[287.821s][info][gc] GC(7506) Concurrent Undo Cycle
[287.823s][info][gc] GC(7506) Concurrent Undo Cycle 1.925ms
[287.886s][info][gc] GC(7507) Pause Young (Concurrent Start) (G1 Humongous Allocation) 901M->67M(2000M) 1.444ms
[287.886s][info][gc] GC(7508) Concurrent Undo Cycle
[287.888s][info][gc] GC(7508) Concurrent Undo Cycle 2.045ms
[287.951s][info][gc] GC(7509) Pause Young (Concurrent Start) (G1 Humongous Allocation) 901M->67M(2000M) 1.846ms
[287.952s][info][gc] GC(7510) Concurrent Undo Cycle
[287.953s][info][gc] GC(7510) Concurrent Undo Cycle 1.858ms
[288.016s][info][gc] GC(7511) Pause Young (Concurrent Start) (G1 Humongous Allocation) 901M->67M(2000M) 1.622ms
[288.016s][info][gc] GC(7512) Concurrent Undo Cycle
[288.019s][info][gc] GC(7512) Concurrent Undo Cycle 2.235ms
[288.080s][info][gc] GC(7513) Pause Young (Concurrent Start) (G1 Humongous Allocation) 901M->67M(2000M) 1.440ms
[288.080s][info][gc] GC(7514) Concurrent Undo Cycle
[288.082s][info][gc] GC(7514) Concurrent Undo Cycle 1.857ms
[288.144s][info][gc] GC(7515) Pause Young (Concurrent Start) (G1 Humongous Allocation) 901M->67M(2000M) 1.761ms
[288.145s][info][gc] GC(7516) Concurrent Undo Cycle
[288.146s][info][gc] GC(7516) Concurrent Undo Cycle 1.929ms
[288.208s][info][gc] GC(7517) Pause Young (Concurrent Start) (G1 Humongous Allocation) 901M->67M(2000M) 1.578ms
[288.208s][info][gc] GC(7518) Concurrent Undo Cycle
[288.210s][info][gc] GC(7518) Concurrent Undo Cycle 1.911ms
[288.274s][info][gc] GC(7519) Pause Young (Concurrent Start) (G1 Humongous Allocation) 901M->67M(2000M) 1.567ms
[288.274s][info][gc] GC(7520) Concurrent Undo Cycle
[288.276s][info][gc] GC(7520) Concurrent Undo Cycle 1.906ms
[288.340s][info][gc] GC(7521) Pause Young (Concurrent Start) (G1 Humongous Allocation) 901M->67M(2000M) 1.592ms
[288.340s][info][gc] GC(7522) Concurrent Undo Cycle
[288.342s][info][gc] GC(7522) Concurrent Undo Cycle 1.787ms
[288.406s][info][gc] GC(7523) Pause Young (Concurrent Start) (G1 Humongous Allocation) 901M->67M(2000M) 1.521ms
[288.406s][info][gc] GC(7524) Concurrent Undo Cycle
[288.408s][info][gc] GC(7524) Concurrent Undo Cycle 1.974ms
[288.471s][info][gc] GC(7525) Pause Young (Concurrent Start) (G1 Humongous Allocation) 901M->67M(2000M) 1.675ms
[288.471s][info][gc] GC(7526) Concurrent Undo Cycle
[288.473s][info][gc] GC(7526) Concurrent Undo Cycle 1.912ms
[288.535s][info][gc] GC(7527) Pause Young (Concurrent Start) (G1 Humongous Allocation) 901M->67M(2000M) 1.532ms
[288.535s][info][gc] GC(7528) Concurrent Undo Cycle
[288.537s][info][gc] GC(7528) Concurrent Undo Cycle 1.867ms
[288.601s][info][gc] GC(7529) Pause Young (Concurrent Start) (G1 Humongous Allocation) 901M->67M(2000M) 1.662ms
[288.601s][info][gc] GC(7530) Concurrent Undo Cycle
[288.603s][info][gc] GC(7530) Concurrent Undo Cycle 1.918ms
[288.664s][info][gc] GC(7531) Pause Young (Concurrent Start) (G1 Humongous Allocation) 901M->67M(2000M) 1.665ms
[288.665s][info][gc] GC(7532) Concurrent Undo Cycle
[288.666s][info][gc] GC(7532) Concurrent Undo Cycle 1.891ms
[288.729s][info][gc] GC(7533) Pause Young (Concurrent Start) (G1 Humongous Allocation) 901M->67M(2000M) 1.488ms
[288.729s][info][gc] GC(7534) Concurrent Undo Cycle
[288.730s][info][gc] GC(7534) Concurrent Undo Cycle 1.814ms
[288.793s][info][gc] GC(7535) Pause Young (Concurrent Start) (G1 Humongous Allocation) 901M->67M(2000M) 1.497ms
[288.793s][info][gc] GC(7536) Concurrent Undo Cycle
[288.795s][info][gc] GC(7536) Concurrent Undo Cycle 1.830ms
[288.858s][info][gc] GC(7537) Pause Young (Concurrent Start) (G1 Humongous Allocation) 901M->67M(2000M) 1.811ms
[288.858s][info][gc] GC(7538) Concurrent Undo Cycle
[288.860s][info][gc] GC(7538) Concurrent Undo Cycle 1.867ms
[288.923s][info][gc] GC(7539) Pause Young (Concurrent Start) (G1 Humongous Allocation) 901M->67M(2000M) 1.830ms
[288.924s][info][gc] GC(7540) Concurrent Undo Cycle
[288.926s][info][gc] GC(7540) Concurrent Undo Cycle 1.988ms
[288.989s][info][gc] GC(7541) Pause Young (Concurrent Start) (G1 Humongous Allocation) 901M->67M(2000M) 1.571ms
[288.989s][info][gc] GC(7542) Concurrent Undo Cycle
[288.991s][info][gc] GC(7542) Concurrent Undo Cycle 1.921ms
[289.053s][info][gc] GC(7543) Pause Young (Concurrent Start) (G1 Humongous Allocation) 901M->67M(2000M) 1.465ms
[289.053s][info][gc] GC(7544) Concurrent Undo Cycle
[289.055s][info][gc] GC(7544) Concurrent Undo Cycle 1.978ms
[289.117s][info][gc] GC(7545) Pause Young (Concurrent Start) (G1 Humongous Allocation) 901M->67M(2000M) 1.482ms
[289.117s][info][gc] GC(7546) Concurrent Undo Cycle
[289.119s][info][gc] GC(7546) Concurrent Undo Cycle 2.059ms
[289.183s][info][gc] GC(7547) Pause Young (Concurrent Start) (G1 Humongous Allocation) 901M->67M(2000M) 1.505ms
[289.183s][info][gc] GC(7548) Concurrent Undo Cycle
[289.185s][info][gc] GC(7548) Concurrent Undo Cycle 1.822ms
[289.248s][info][gc] GC(7549) Pause Young (Concurrent Start) (G1 Humongous Allocation) 901M->67M(2000M) 1.521ms
[289.248s][info][gc] GC(7550) Concurrent Undo Cycle
[289.250s][info][gc] GC(7550) Concurrent Undo Cycle 1.682ms
[289.312s][info][gc] GC(7551) Pause Young (Concurrent Start) (G1 Humongous Allocation) 901M->67M(2000M) 1.619ms
[289.312s][info][gc] GC(7552) Concurrent Undo Cycle
[289.314s][info][gc] GC(7552) Concurrent Undo Cycle 1.858ms
[289.377s][info][gc] GC(7553) Pause Young (Concurrent Start) (G1 Humongous Allocation) 901M->67M(2000M) 1.506ms
[289.377s][info][gc] GC(7554) Concurrent Undo Cycle
[289.379s][info][gc] GC(7554) Concurrent Undo Cycle 2.004ms
[289.443s][info][gc] GC(7555) Pause Young (Concurrent Start) (G1 Humongous Allocation) 901M->67M(2000M) 1.526ms
[289.443s][info][gc] GC(7556) Concurrent Undo Cycle
[289.445s][info][gc] GC(7556) Concurrent Undo Cycle 1.917ms
[289.508s][info][gc] GC(7557) Pause Young (Concurrent Start) (G1 Humongous Allocation) 901M->67M(2000M) 1.487ms
[289.508s][info][gc] GC(7558) Concurrent Undo Cycle
[289.510s][info][gc] GC(7558) Concurrent Undo Cycle 1.873ms
[289.572s][info][gc] GC(7559) Pause Young (Concurrent Start) (G1 Humongous Allocation) 901M->67M(2000M) 1.661ms
[289.572s][info][gc] GC(7560) Concurrent Undo Cycle
[289.574s][info][gc] GC(7560) Concurrent Undo Cycle 1.946ms
[289.636s][info][gc] GC(7561) Pause Young (Concurrent Start) (G1 Humongous Allocation) 901M->67M(2000M) 1.567ms
[289.636s][info][gc] GC(7562) Concurrent Undo Cycle
[289.639s][info][gc] GC(7562) Concurrent Undo Cycle 2.064ms
[289.701s][info][gc] GC(7563) Pause Young (Concurrent Start) (G1 Humongous Allocation) 901M->67M(2000M) 1.515ms
[289.701s][info][gc] GC(7564) Concurrent Undo Cycle
[289.703s][info][gc] GC(7564) Concurrent Undo Cycle 1.859ms
[289.765s][info][gc] GC(7565) Pause Young (Concurrent Start) (G1 Humongous Allocation) 901M->67M(2000M) 1.439ms
[289.765s][info][gc] GC(7566) Concurrent Undo Cycle
[289.767s][info][gc] GC(7566) Concurrent Undo Cycle 1.911ms
[289.829s][info][gc] GC(7567) Pause Young (Concurrent Start) (G1 Humongous Allocation) 901M->67M(2000M) 1.501ms
[289.829s][info][gc] GC(7568) Concurrent Undo Cycle
[289.831s][info][gc] GC(7568) Concurrent Undo Cycle 1.939ms
[289.893s][info][gc] GC(7569) Pause Young (Concurrent Start) (G1 Humongous Allocation) 901M->67M(2000M) 1.488ms
[289.893s][info][gc] GC(7570) Concurrent Undo Cycle
[289.895s][info][gc] GC(7570) Concurrent Undo Cycle 1.841ms
[289.959s][info][gc] GC(7571) Pause Young (Concurrent Start) (G1 Humongous Allocation) 901M->67M(2000M) 1.658ms
[289.959s][info][gc] GC(7572) Concurrent Undo Cycle
[289.961s][info][gc] GC(7572) Concurrent Undo Cycle 1.974ms
[290.024s][info][gc] GC(7573) Pause Young (Concurrent Start) (G1 Humongous Allocation) 901M->67M(2000M) 1.410ms
[290.024s][info][gc] GC(7574) Concurrent Undo Cycle
[290.026s][info][gc] GC(7574) Concurrent Undo Cycle 1.913ms
[290.088s][info][gc] GC(7575) Pause Young (Concurrent Start) (G1 Humongous Allocation) 901M->67M(2000M) 1.707ms
[290.088s][info][gc] GC(7576) Concurrent Undo Cycle
[290.090s][info][gc] GC(7576) Concurrent Undo Cycle 1.896ms
[290.154s][info][gc] GC(7577) Pause Young (Concurrent Start) (G1 Humongous Allocation) 901M->67M(2000M) 1.539ms
[290.154s][info][gc] GC(7578) Concurrent Undo Cycle
[290.156s][info][gc] GC(7578) Concurrent Undo Cycle 1.840ms
[290.217s][info][gc] GC(7579) Pause Young (Concurrent Start) (G1 Humongous Allocation) 901M->67M(2000M) 1.432ms
[290.218s][info][gc] GC(7580) Concurrent Undo Cycle
[290.220s][info][gc] GC(7580) Concurrent Undo Cycle 1.956ms
[290.282s][info][gc] GC(7581) Pause Young (Concurrent Start) (G1 Humongous Allocation) 901M->67M(2000M) 1.656ms
[290.282s][info][gc] GC(7582) Concurrent Undo Cycle
[290.284s][info][gc] GC(7582) Concurrent Undo Cycle 1.907ms
[290.346s][info][gc] GC(7583) Pause Young (Concurrent Start) (G1 Humongous Allocation) 901M->67M(2000M) 1.440ms
[290.346s][info][gc] GC(7584) Concurrent Undo Cycle
[290.348s][info][gc] GC(7584) Concurrent Undo Cycle 1.942ms
[290.410s][info][gc] GC(7585) Pause Young (Concurrent Start) (G1 Humongous Allocation) 901M->67M(2000M) 1.424ms
[290.410s][info][gc] GC(7586) Concurrent Undo Cycle
[290.412s][info][gc] GC(7586) Concurrent Undo Cycle 2.006ms
[290.476s][info][gc] GC(7587) Pause Young (Concurrent Start) (G1 Humongous Allocation) 901M->67M(2000M) 1.702ms
[290.476s][info][gc] GC(7588) Concurrent Undo Cycle
[290.478s][info][gc] GC(7588) Concurrent Undo Cycle 1.886ms
[290.541s][info][gc] GC(7589) Pause Young (Concurrent Start) (G1 Humongous Allocation) 901M->67M(2000M) 1.567ms
[290.541s][info][gc] GC(7590) Concurrent Undo Cycle
[290.543s][info][gc] GC(7590) Concurrent Undo Cycle 1.859ms
[290.605s][info][gc] GC(7591) Pause Young (Concurrent Start) (G1 Humongous Allocation) 901M->67M(2000M) 1.569ms
[290.605s][info][gc] GC(7592) Concurrent Undo Cycle
[290.607s][info][gc] GC(7592) Concurrent Undo Cycle 1.939ms
[290.670s][info][gc] GC(7593) Pause Young (Concurrent Start) (G1 Humongous Allocation) 901M->67M(2000M) 1.794ms
[290.670s][info][gc] GC(7594) Concurrent Undo Cycle
[290.672s][info][gc] GC(7594) Concurrent Undo Cycle 1.905ms
[290.734s][info][gc] GC(7595) Pause Young (Concurrent Start) (G1 Humongous Allocation) 901M->67M(2000M) 1.647ms
[290.734s][info][gc] GC(7596) Concurrent Undo Cycle
[290.736s][info][gc] GC(7596) Concurrent Undo Cycle 1.951ms
[290.799s][info][gc] GC(7597) Pause Young (Concurrent Start) (G1 Humongous Allocation) 901M->67M(2000M) 1.432ms
[290.799s][info][gc] GC(7598) Concurrent Undo Cycle
[290.801s][info][gc] GC(7598) Concurrent Undo Cycle 1.888ms
[290.863s][info][gc] GC(7599) Pause Young (Concurrent Start) (G1 Humongous Allocation) 901M->67M(2000M) 1.605ms
[290.863s][info][gc] GC(7600) Concurrent Undo Cycle
[290.865s][info][gc] GC(7600) Concurrent Undo Cycle 1.954ms
[290.927s][info][gc] GC(7601) Pause Young (Concurrent Start) (G1 Humongous Allocation) 901M->67M(2000M) 1.610ms
[290.927s][info][gc] GC(7602) Concurrent Undo Cycle
[290.929s][info][gc] GC(7602) Concurrent Undo Cycle 1.868ms
[290.993s][info][gc] GC(7603) Pause Young (Concurrent Start) (G1 Humongous Allocation) 901M->67M(2000M) 1.526ms
[290.993s][info][gc] GC(7604) Concurrent Undo Cycle
[290.995s][info][gc] GC(7604) Concurrent Undo Cycle 1.901ms
[291.058s][info][gc] GC(7605) Pause Young (Concurrent Start) (G1 Humongous Allocation) 901M->67M(2000M) 1.863ms
[291.058s][info][gc] GC(7606) Concurrent Undo Cycle
[291.060s][info][gc] GC(7606) Concurrent Undo Cycle 1.879ms
[291.123s][info][gc] GC(7607) Pause Young (Concurrent Start) (G1 Humongous Allocation) 901M->67M(2000M) 1.558ms
[291.123s][info][gc] GC(7608) Concurrent Undo Cycle
[291.125s][info][gc] GC(7608) Concurrent Undo Cycle 1.893ms
[291.189s][info][gc] GC(7609) Pause Young (Concurrent Start) (G1 Humongous Allocation) 901M->67M(2000M) 1.534ms
[291.189s][info][gc] GC(7610) Concurrent Undo Cycle
[291.191s][info][gc] GC(7610) Concurrent Undo Cycle 1.859ms
[291.254s][info][gc] GC(7611) Pause Young (Concurrent Start) (G1 Humongous Allocation) 901M->67M(2000M) 1.346ms
[291.254s][info][gc] GC(7612) Concurrent Undo Cycle
[291.256s][info][gc] GC(7612) Concurrent Undo Cycle 1.789ms
[291.319s][info][gc] GC(7613) Pause Young (Concurrent Start) (G1 Humongous Allocation) 901M->67M(2000M) 1.504ms
[291.319s][info][gc] GC(7614) Concurrent Undo Cycle
[291.321s][info][gc] GC(7614) Concurrent Undo Cycle 1.914ms
[291.383s][info][gc] GC(7615) Pause Young (Concurrent Start) (G1 Humongous Allocation) 901M->67M(2000M) 1.587ms
[291.384s][info][gc] GC(7616) Concurrent Undo Cycle
[291.386s][info][gc] GC(7616) Concurrent Undo Cycle 2.084ms
[291.448s][info][gc] GC(7617) Pause Young (Concurrent Start) (G1 Humongous Allocation) 901M->67M(2000M) 1.494ms
[291.448s][info][gc] GC(7618) Concurrent Undo Cycle
[291.450s][info][gc] GC(7618) Concurrent Undo Cycle 1.967ms
[291.513s][info][gc] GC(7619) Pause Young (Concurrent Start) (G1 Humongous Allocation) 901M->67M(2000M) 1.530ms
[291.513s][info][gc] GC(7620) Concurrent Undo Cycle
[291.515s][info][gc] GC(7620) Concurrent Undo Cycle 2.001ms
[291.579s][info][gc] GC(7621) Pause Young (Concurrent Start) (G1 Humongous Allocation) 901M->67M(2000M) 1.708ms
[291.579s][info][gc] GC(7622) Concurrent Undo Cycle
[291.581s][info][gc] GC(7622) Concurrent Undo Cycle 2.009ms
[291.646s][info][gc] GC(7623) Pause Young (Concurrent Start) (G1 Humongous Allocation) 901M->67M(2000M) 1.821ms
[291.646s][info][gc] GC(7624) Concurrent Undo Cycle
[291.648s][info][gc] GC(7624) Concurrent Undo Cycle 1.868ms
[291.710s][info][gc] GC(7625) Pause Young (Concurrent Start) (G1 Humongous Allocation) 901M->67M(2000M) 1.069ms
[291.710s][info][gc] GC(7626) Concurrent Undo Cycle
[291.712s][info][gc] GC(7626) Concurrent Undo Cycle 1.933ms
[291.774s][info][gc] GC(7627) Pause Young (Concurrent Start) (G1 Humongous Allocation) 901M->67M(2000M) 1.165ms
[291.774s][info][gc] GC(7628) Concurrent Undo Cycle
[291.776s][info][gc] GC(7628) Concurrent Undo Cycle 1.882ms
[291.838s][info][gc] GC(7629) Pause Young (Concurrent Start) (G1 Humongous Allocation) 901M->67M(2000M) 1.218ms
[291.838s][info][gc] GC(7630) Concurrent Undo Cycle
[291.840s][info][gc] GC(7630) Concurrent Undo Cycle 1.999ms
[291.902s][info][gc] GC(7631) Pause Young (Concurrent Start) (G1 Humongous Allocation) 901M->67M(2000M) 1.260ms
[291.902s][info][gc] GC(7632) Concurrent Undo Cycle
[291.904s][info][gc] GC(7632) Concurrent Undo Cycle 1.893ms
[291.967s][info][gc] GC(7633) Pause Young (Concurrent Start) (G1 Humongous Allocation) 901M->67M(2000M) 1.236ms
[291.967s][info][gc] GC(7634) Concurrent Undo Cycle
[291.969s][info][gc] GC(7634) Concurrent Undo Cycle 2.058ms
[292.031s][info][gc] GC(7635) Pause Young (Concurrent Start) (G1 Humongous Allocation) 901M->67M(2000M) 1.237ms
[292.031s][info][gc] GC(7636) Concurrent Undo Cycle
[292.033s][info][gc] GC(7636) Concurrent Undo Cycle 1.873ms
[292.096s][info][gc] GC(7637) Pause Young (Concurrent Start) (G1 Humongous Allocation) 901M->67M(2000M) 1.245ms
[292.097s][info][gc] GC(7638) Concurrent Undo Cycle
[292.099s][info][gc] GC(7638) Concurrent Undo Cycle 1.970ms
[292.164s][info][gc] GC(7639) Pause Young (Concurrent Start) (G1 Humongous Allocation) 901M->67M(2000M) 1.210ms
[292.164s][info][gc] GC(7640) Concurrent Undo Cycle
[292.166s][info][gc] GC(7640) Concurrent Undo Cycle 1.844ms
[292.228s][info][gc] GC(7641) Pause Young (Concurrent Start) (G1 Humongous Allocation) 902M->67M(2000M) 1.144ms
[292.228s][info][gc] GC(7642) Concurrent Undo Cycle
[292.230s][info][gc] GC(7642) Concurrent Undo Cycle 1.913ms
[292.292s][info][gc] GC(7643) Pause Young (Concurrent Start) (G1 Humongous Allocation) 902M->68M(2000M) 1.308ms
[292.292s][info][gc] GC(7644) Concurrent Undo Cycle
[292.294s][info][gc] GC(7644) Concurrent Undo Cycle 1.869ms
[292.355s][info][gc] GC(7645) Pause Young (Concurrent Start) (G1 Humongous Allocation) 902M->68M(2000M) 1.138ms
[292.355s][info][gc] GC(7646) Concurrent Undo Cycle
[292.357s][info][gc] GC(7646) Concurrent Undo Cycle 1.834ms
[292.420s][info][gc] GC(7647) Pause Young (Concurrent Start) (G1 Humongous Allocation) 902M->68M(2000M) 1.368ms
[292.420s][info][gc] GC(7648) Concurrent Undo Cycle
[292.422s][info][gc] GC(7648) Concurrent Undo Cycle 1.945ms
[292.484s][info][gc] GC(7649) Pause Young (Concurrent Start) (G1 Humongous Allocation) 902M->68M(2000M) 1.161ms
[292.484s][info][gc] GC(7650) Concurrent Undo Cycle
[292.486s][info][gc] GC(7650) Concurrent Undo Cycle 1.935ms
[292.548s][info][gc] GC(7651) Pause Young (Concurrent Start) (G1 Humongous Allocation) 902M->68M(2000M) 1.616ms
[292.548s][info][gc] GC(7652) Concurrent Undo Cycle
[292.550s][info][gc] GC(7652) Concurrent Undo Cycle 1.926ms
[292.614s][info][gc] GC(7653) Pause Young (Concurrent Start) (G1 Humongous Allocation) 902M->68M(2000M) 1.567ms
[292.614s][info][gc] GC(7654) Concurrent Undo Cycle
[292.616s][info][gc] GC(7654) Concurrent Undo Cycle 2.100ms
[292.679s][info][gc] GC(7655) Pause Young (Concurrent Start) (G1 Humongous Allocation) 902M->68M(2000M) 1.520ms
[292.679s][info][gc] GC(7656) Concurrent Undo Cycle
[292.681s][info][gc] GC(7656) Concurrent Undo Cycle 1.877ms
[292.744s][info][gc] GC(7657) Pause Young (Concurrent Start) (G1 Humongous Allocation) 902M->68M(2000M) 1.537ms
[292.744s][info][gc] GC(7658) Concurrent Undo Cycle
[292.746s][info][gc] GC(7658) Concurrent Undo Cycle 1.837ms
[292.808s][info][gc] GC(7659) Pause Young (Concurrent Start) (G1 Humongous Allocation) 902M->68M(2000M) 1.443ms
[292.808s][info][gc] GC(7660) Concurrent Undo Cycle
[292.810s][info][gc] GC(7660) Concurrent Undo Cycle 1.776ms
[292.873s][info][gc] GC(7661) Pause Young (Concurrent Start) (G1 Humongous Allocation) 902M->68M(2000M) 1.487ms
[292.873s][info][gc] GC(7662) Concurrent Undo Cycle
[292.875s][info][gc] GC(7662) Concurrent Undo Cycle 1.902ms
[292.937s][info][gc] GC(7663) Pause Young (Concurrent Start) (G1 Humongous Allocation) 902M->68M(2000M) 1.593ms
[292.937s][info][gc] GC(7664) Concurrent Undo Cycle
[292.939s][info][gc] GC(7664) Concurrent Undo Cycle 1.873ms
[293.001s][info][gc] GC(7665) Pause Young (Concurrent Start) (G1 Humongous Allocation) 898M->68M(2000M) 1.531ms
[293.001s][info][gc] GC(7666) Concurrent Undo Cycle
[293.003s][info][gc] GC(7666) Concurrent Undo Cycle 1.849ms
[293.066s][info][gc] GC(7667) Pause Young (Concurrent Start) (G1 Humongous Allocation) 898M->72M(2000M) 1.454ms
[293.066s][info][gc] GC(7668) Concurrent Undo Cycle
[293.068s][info][gc] GC(7668) Concurrent Undo Cycle 1.746ms
[293.132s][info][gc] GC(7669) Pause Young (Concurrent Start) (G1 Humongous Allocation) 898M->68M(2000M) 1.595ms
[293.132s][info][gc] GC(7670) Concurrent Undo Cycle
[293.134s][info][gc] GC(7670) Concurrent Undo Cycle 1.921ms
[293.200s][info][gc] GC(7671) Pause Young (Concurrent Start) (G1 Humongous Allocation) 898M->68M(2000M) 1.373ms
[293.200s][info][gc] GC(7672) Concurrent Undo Cycle
[293.202s][info][gc] GC(7672) Concurrent Undo Cycle 1.867ms
[293.265s][info][gc] GC(7673) Pause Young (Concurrent Start) (G1 Humongous Allocation) 898M->72M(2000M) 1.543ms
[293.265s][info][gc] GC(7674) Concurrent Undo Cycle
[293.267s][info][gc] GC(7674) Concurrent Undo Cycle 1.873ms
[293.330s][info][gc] GC(7675) Pause Young (Concurrent Start) (G1 Humongous Allocation) 898M->68M(2000M) 1.657ms
[293.330s][info][gc] GC(7676) Concurrent Undo Cycle
[293.332s][info][gc] GC(7676) Concurrent Undo Cycle 2.060ms
[293.394s][info][gc] GC(7677) Pause Young (Concurrent Start) (G1 Humongous Allocation) 898M->68M(2000M) 1.449ms
[293.394s][info][gc] GC(7678) Concurrent Undo Cycle
[293.396s][info][gc] GC(7678) Concurrent Undo Cycle 1.986ms
[293.458s][info][gc] GC(7679) Pause Young (Concurrent Start) (G1 Humongous Allocation) 898M->72M(2000M) 1.631ms
[293.458s][info][gc] GC(7680) Concurrent Undo Cycle
[293.460s][info][gc] GC(7680) Concurrent Undo Cycle 1.872ms
[293.522s][info][gc] GC(7681) Pause Young (Concurrent Start) (G1 Humongous Allocation) 898M->68M(2000M) 1.529ms
[293.522s][info][gc] GC(7682) Concurrent Undo Cycle
[293.524s][info][gc] GC(7682) Concurrent Undo Cycle 1.966ms
[293.586s][info][gc] GC(7683) Pause Young (Concurrent Start) (G1 Humongous Allocation) 898M->68M(2000M) 1.497ms
[293.586s][info][gc] GC(7684) Concurrent Undo Cycle
[293.588s][info][gc] GC(7684) Concurrent Undo Cycle 1.828ms
[293.652s][info][gc] GC(7685) Pause Young (Concurrent Start) (G1 Humongous Allocation) 898M->72M(2000M) 1.617ms
[293.653s][info][gc] GC(7686) Concurrent Undo Cycle
[293.655s][info][gc] GC(7686) Concurrent Undo Cycle 2.200ms
[293.723s][info][gc] GC(7687) Pause Young (Concurrent Start) (G1 Humongous Allocation) 898M->68M(2000M) 1.349ms
[293.723s][info][gc] GC(7688) Concurrent Undo Cycle
[293.725s][info][gc] GC(7688) Concurrent Undo Cycle 1.971ms
[293.790s][info][gc] GC(7689) Pause Young (Concurrent Start) (G1 Humongous Allocation) 898M->68M(2000M) 1.515ms
[293.790s][info][gc] GC(7690) Concurrent Undo Cycle
[293.792s][info][gc] GC(7690) Concurrent Undo Cycle 1.800ms
[293.855s][info][gc] GC(7691) Pause Young (Concurrent Start) (G1 Humongous Allocation) 898M->72M(2000M) 1.647ms
[293.855s][info][gc] GC(7692) Concurrent Undo Cycle
[293.857s][info][gc] GC(7692) Concurrent Undo Cycle 1.897ms
[293.919s][info][gc] GC(7693) Pause Young (Concurrent Start) (G1 Humongous Allocation) 898M->68M(2000M) 1.440ms
[293.919s][info][gc] GC(7694) Concurrent Undo Cycle
[293.921s][info][gc] GC(7694) Concurrent Undo Cycle 2.089ms
[293.983s][info][gc] GC(7695) Pause Young (Concurrent Start) (G1 Humongous Allocation) 898M->68M(2000M) 1.696ms
[293.984s][info][gc] GC(7696) Concurrent Undo Cycle
[293.985s][info][gc] GC(7696) Concurrent Undo Cycle 1.830ms
[294.048s][info][gc] GC(7697) Pause Young (Concurrent Start) (G1 Humongous Allocation) 898M->72M(2000M) 1.613ms
[294.049s][info][gc] GC(7698) Concurrent Undo Cycle
[294.051s][info][gc] GC(7698) Concurrent Undo Cycle 2.645ms
[294.113s][info][gc] GC(7699) Pause Young (Concurrent Start) (G1 Humongous Allocation) 898M->68M(2000M) 1.675ms
[294.114s][info][gc] GC(7700) Concurrent Undo Cycle
[294.115s][info][gc] GC(7700) Concurrent Undo Cycle 1.815ms
[294.178s][info][gc] GC(7701) Pause Young (Concurrent Start) (G1 Humongous Allocation) 898M->68M(2000M) 1.486ms
[294.179s][info][gc] GC(7702) Concurrent Undo Cycle
[294.180s][info][gc] GC(7702) Concurrent Undo Cycle 1.904ms
[294.243s][info][gc] GC(7703) Pause Young (Concurrent Start) (G1 Humongous Allocation) 898M->72M(2000M) 1.584ms
[294.244s][info][gc] GC(7704) Concurrent Undo Cycle
[294.245s][info][gc] GC(7704) Concurrent Undo Cycle 1.894ms
[294.308s][info][gc] GC(7705) Pause Young (Concurrent Start) (G1 Humongous Allocation) 898M->68M(2000M) 1.532ms
[294.308s][info][gc] GC(7706) Concurrent Undo Cycle
[294.310s][info][gc] GC(7706) Concurrent Undo Cycle 1.940ms
[294.373s][info][gc] GC(7707) Pause Young (Concurrent Start) (G1 Humongous Allocation) 898M->68M(2000M) 1.650ms
[294.373s][info][gc] GC(7708) Concurrent Undo Cycle
[294.374s][info][gc] GC(7708) Concurrent Undo Cycle 1.829ms
[294.437s][info][gc] GC(7709) Pause Young (Concurrent Start) (G1 Humongous Allocation) 898M->72M(2000M) 1.507ms
[294.437s][info][gc] GC(7710) Concurrent Undo Cycle
[294.439s][info][gc] GC(7710) Concurrent Undo Cycle 1.921ms
[294.501s][info][gc] GC(7711) Pause Young (Concurrent Start) (G1 Humongous Allocation) 898M->68M(2000M) 1.405ms
[294.502s][info][gc] GC(7712) Concurrent Undo Cycle
[294.503s][info][gc] GC(7712) Concurrent Undo Cycle 1.933ms
[294.571s][info][gc] GC(7713) Pause Young (Concurrent Start) (G1 Humongous Allocation) 898M->68M(2000M) 1.382ms
[294.572s][info][gc] GC(7714) Concurrent Undo Cycle
[294.573s][info][gc] GC(7714) Concurrent Undo Cycle 1.895ms
[294.637s][info][gc] GC(7715) Pause Young (Concurrent Start) (G1 Humongous Allocation) 898M->72M(2000M) 1.359ms
[294.638s][info][gc] GC(7716) Concurrent Undo Cycle
[294.640s][info][gc] GC(7716) Concurrent Undo Cycle 2.011ms
[294.702s][info][gc] GC(7717) Pause Young (Concurrent Start) (G1 Humongous Allocation) 898M->68M(2000M) 1.709ms
[294.702s][info][gc] GC(7718) Concurrent Undo Cycle
[294.704s][info][gc] GC(7718) Concurrent Undo Cycle 2.064ms
[294.769s][info][gc] GC(7719) Pause Young (Concurrent Start) (G1 Humongous Allocation) 898M->68M(2000M) 1.780ms
[294.769s][info][gc] GC(7720) Concurrent Undo Cycle
[294.771s][info][gc] GC(7720) Concurrent Undo Cycle 1.905ms
[294.834s][info][gc] GC(7721) Pause Young (Concurrent Start) (G1 Humongous Allocation) 898M->72M(2000M) 1.574ms
[294.834s][info][gc] GC(7722) Concurrent Undo Cycle
[294.836s][info][gc] GC(7722) Concurrent Undo Cycle 1.909ms
[294.898s][info][gc] GC(7723) Pause Young (Concurrent Start) (G1 Humongous Allocation) 898M->68M(2000M) 1.485ms
[294.898s][info][gc] GC(7724) Concurrent Undo Cycle
[294.900s][info][gc] GC(7724) Concurrent Undo Cycle 1.856ms
[294.962s][info][gc] GC(7725) Pause Young (Concurrent Start) (G1 Humongous Allocation) 898M->68M(2000M) 1.492ms
[294.962s][info][gc] GC(7726) Concurrent Undo Cycle
[294.964s][info][gc] GC(7726) Concurrent Undo Cycle 1.987ms
[295.026s][info][gc] GC(7727) Pause Young (Concurrent Start) (G1 Humongous Allocation) 898M->72M(2000M) 1.346ms
[295.026s][info][gc] GC(7728) Concurrent Undo Cycle
[295.028s][info][gc] GC(7728) Concurrent Undo Cycle 1.857ms
[295.090s][info][gc] GC(7729) Pause Young (Concurrent Start) (G1 Humongous Allocation) 898M->68M(2000M) 1.653ms
[295.090s][info][gc] GC(7730) Concurrent Undo Cycle
[295.092s][info][gc] GC(7730) Concurrent Undo Cycle 1.985ms
[295.155s][info][gc] GC(7731) Pause Young (Concurrent Start) (G1 Humongous Allocation) 898M->68M(2000M) 1.453ms
[295.156s][info][gc] GC(7732) Concurrent Undo Cycle
[295.157s][info][gc] GC(7732) Concurrent Undo Cycle 1.831ms
[295.222s][info][gc] GC(7733) Pause Young (Concurrent Start) (G1 Humongous Allocation) 898M->72M(2000M) 1.602ms
[295.222s][info][gc] GC(7734) Concurrent Undo Cycle
[295.224s][info][gc] GC(7734) Concurrent Undo Cycle 2.309ms
[295.288s][info][gc] GC(7735) Pause Young (Concurrent Start) (G1 Humongous Allocation) 898M->68M(2000M) 1.448ms
[295.288s][info][gc] GC(7736) Concurrent Undo Cycle
[295.290s][info][gc] GC(7736) Concurrent Undo Cycle 2.014ms
[295.352s][info][gc] GC(7737) Pause Young (Concurrent Start) (G1 Humongous Allocation) 898M->68M(2000M) 1.495ms
[295.352s][info][gc] GC(7738) Concurrent Undo Cycle
[295.354s][info][gc] GC(7738) Concurrent Undo Cycle 1.908ms
[295.418s][info][gc] GC(7739) Pause Young (Concurrent Start) (G1 Humongous Allocation) 898M->72M(2000M) 1.460ms
[295.418s][info][gc] GC(7740) Concurrent Undo Cycle
[295.420s][info][gc] GC(7740) Concurrent Undo Cycle 1.899ms
[295.482s][info][gc] GC(7741) Pause Young (Concurrent Start) (G1 Humongous Allocation) 898M->68M(2000M) 1.496ms
[295.482s][info][gc] GC(7742) Concurrent Undo Cycle
[295.484s][info][gc] GC(7742) Concurrent Undo Cycle 2.116ms
[295.546s][info][gc] GC(7743) Pause Young (Concurrent Start) (G1 Humongous Allocation) 898M->68M(2000M) 1.443ms
[295.546s][info][gc] GC(7744) Concurrent Undo Cycle
[295.548s][info][gc] GC(7744) Concurrent Undo Cycle 1.961ms
[295.610s][info][gc] GC(7745) Pause Young (Concurrent Start) (G1 Humongous Allocation) 898M->72M(2000M) 1.574ms
[295.611s][info][gc] GC(7746) Concurrent Undo Cycle
[295.613s][info][gc] GC(7746) Concurrent Undo Cycle 1.960ms
[295.675s][info][gc] GC(7747) Pause Young (Concurrent Start) (G1 Humongous Allocation) 898M->68M(2000M) 1.427ms
[295.675s][info][gc] GC(7748) Concurrent Undo Cycle
[295.677s][info][gc] GC(7748) Concurrent Undo Cycle 2.027ms
[295.740s][info][gc] GC(7749) Pause Young (Concurrent Start) (G1 Humongous Allocation) 898M->68M(2000M) 1.679ms
[295.740s][info][gc] GC(7750) Concurrent Undo Cycle
[295.742s][info][gc] GC(7750) Concurrent Undo Cycle 2.253ms
[295.807s][info][gc] GC(7751) Pause Young (Concurrent Start) (G1 Humongous Allocation) 898M->72M(2000M) 1.638ms
[295.807s][info][gc] GC(7752) Concurrent Undo Cycle
[295.809s][info][gc] GC(7752) Concurrent Undo Cycle 1.853ms
[295.872s][info][gc] GC(7753) Pause Young (Concurrent Start) (G1 Humongous Allocation) 898M->68M(2000M) 1.706ms
[295.872s][info][gc] GC(7754) Concurrent Undo Cycle
[295.874s][info][gc] GC(7754) Concurrent Undo Cycle 1.906ms
[295.937s][info][gc] GC(7755) Pause Young (Concurrent Start) (G1 Humongous Allocation) 898M->68M(2000M) 1.497ms
[295.937s][info][gc] GC(7756) Concurrent Undo Cycle
[295.939s][info][gc] GC(7756) Concurrent Undo Cycle 1.936ms
[296.001s][info][gc] GC(7757) Pause Young (Concurrent Start) (G1 Humongous Allocation) 898M->72M(2000M) 1.455ms
[296.001s][info][gc] GC(7758) Concurrent Undo Cycle
[296.003s][info][gc] GC(7758) Concurrent Undo Cycle 1.842ms
[296.066s][info][gc] GC(7759) Pause Young (Concurrent Start) (G1 Humongous Allocation) 898M->68M(2000M) 1.535ms
[296.066s][info][gc] GC(7760) Concurrent Undo Cycle
[296.068s][info][gc] GC(7760) Concurrent Undo Cycle 1.907ms
[296.130s][info][gc] GC(7761) Pause Young (Concurrent Start) (G1 Humongous Allocation) 898M->68M(2000M) 1.600ms
[296.130s][info][gc] GC(7762) Concurrent Undo Cycle
[296.132s][info][gc] GC(7762) Concurrent Undo Cycle 1.828ms
[296.196s][info][gc] GC(7763) Pause Young (Concurrent Start) (G1 Humongous Allocation) 898M->72M(2000M) 1.496ms
[296.196s][info][gc] GC(7764) Concurrent Undo Cycle
[296.198s][info][gc] GC(7764) Concurrent Undo Cycle 1.867ms
[296.260s][info][gc] GC(7765) Pause Young (Concurrent Start) (G1 Humongous Allocation) 898M->68M(2000M) 1.594ms
[296.260s][info][gc] GC(7766) Concurrent Undo Cycle
[296.262s][info][gc] GC(7766) Concurrent Undo Cycle 1.937ms
[296.326s][info][gc] GC(7767) Pause Young (Concurrent Start) (G1 Humongous Allocation) 898M->68M(2000M) 1.494ms
[296.326s][info][gc] GC(7768) Concurrent Undo Cycle
[296.328s][info][gc] GC(7768) Concurrent Undo Cycle 1.967ms
[296.391s][info][gc] GC(7769) Pause Young (Concurrent Start) (G1 Humongous Allocation) 899M->72M(2000M) 1.507ms
[296.391s][info][gc] GC(7770) Concurrent Undo Cycle
[296.393s][info][gc] GC(7770) Concurrent Undo Cycle 1.900ms
[296.456s][info][gc] GC(7771) Pause Young (Concurrent Start) (G1 Humongous Allocation) 899M->69M(2000M) 1.477ms
[296.457s][info][gc] GC(7772) Concurrent Undo Cycle
[296.459s][info][gc] GC(7772) Concurrent Undo Cycle 2.089ms
[296.521s][info][gc] GC(7773) Pause Young (Concurrent Start) (G1 Humongous Allocation) 899M->69M(2000M) 1.622ms
[296.521s][info][gc] GC(7774) Concurrent Undo Cycle
[296.523s][info][gc] GC(7774) Concurrent Undo Cycle 2.044ms
[296.585s][info][gc] GC(7775) Pause Young (Concurrent Start) (G1 Humongous Allocation) 899M->73M(2000M) 1.389ms
[296.585s][info][gc] GC(7776) Concurrent Undo Cycle
[296.587s][info][gc] GC(7776) Concurrent Undo Cycle 1.942ms
[296.649s][info][gc] GC(7777) Pause Young (Concurrent Start) (G1 Humongous Allocation) 899M->69M(2000M) 1.560ms
[296.649s][info][gc] GC(7778) Concurrent Undo Cycle
[296.652s][info][gc] GC(7778) Concurrent Undo Cycle 2.157ms
[296.714s][info][gc] GC(7779) Pause Young (Concurrent Start) (G1 Humongous Allocation) 899M->69M(2000M) 1.606ms
[296.714s][info][gc] GC(7780) Concurrent Undo Cycle
[296.717s][info][gc] GC(7780) Concurrent Undo Cycle 2.481ms
[296.779s][info][gc] GC(7781) Pause Young (Concurrent Start) (G1 Humongous Allocation) 899M->73M(2000M) 1.566ms
[296.779s][info][gc] GC(7782) Concurrent Undo Cycle
[296.781s][info][gc] GC(7782) Concurrent Undo Cycle 1.882ms
[296.844s][info][gc] GC(7783) Pause Young (Concurrent Start) (G1 Humongous Allocation) 899M->69M(2000M) 1.468ms
[296.844s][info][gc] GC(7784) Concurrent Undo Cycle
[296.846s][info][gc] GC(7784) Concurrent Undo Cycle 1.890ms
[296.910s][info][gc] GC(7785) Pause Young (Concurrent Start) (G1 Humongous Allocation) 899M->69M(2000M) 1.565ms
[296.910s][info][gc] GC(7786) Concurrent Undo Cycle
[296.912s][info][gc] GC(7786) Concurrent Undo Cycle 1.917ms
[296.975s][info][gc] GC(7787) Pause Young (Concurrent Start) (G1 Humongous Allocation) 899M->73M(2000M) 1.711ms
[296.975s][info][gc] GC(7788) Concurrent Undo Cycle
[296.977s][info][gc] GC(7788) Concurrent Undo Cycle 1.927ms
[297.040s][info][gc] GC(7789) Pause Young (Concurrent Start) (G1 Humongous Allocation) 899M->69M(2000M) 1.484ms
[297.040s][info][gc] GC(7790) Concurrent Undo Cycle
[297.042s][info][gc] GC(7790) Concurrent Undo Cycle 1.911ms
[297.104s][info][gc] GC(7791) Pause Young (Concurrent Start) (G1 Humongous Allocation) 899M->69M(2000M) 1.466ms
[297.104s][info][gc] GC(7792) Concurrent Undo Cycle
[297.106s][info][gc] GC(7792) Concurrent Undo Cycle 1.875ms
[297.169s][info][gc] GC(7793) Pause Young (Concurrent Start) (G1 Humongous Allocation) 899M->73M(2000M) 1.726ms
[297.169s][info][gc] GC(7794) Concurrent Undo Cycle
[297.171s][info][gc] GC(7794) Concurrent Undo Cycle 1.917ms
[297.233s][info][gc] GC(7795) Pause Young (Concurrent Start) (G1 Humongous Allocation) 899M->69M(2000M) 1.480ms
[297.233s][info][gc] GC(7796) Concurrent Undo Cycle
[297.235s][info][gc] GC(7796) Concurrent Undo Cycle 1.932ms
[297.298s][info][gc] GC(7797) Pause Young (Concurrent Start) (G1 Humongous Allocation) 899M->69M(2000M) 1.552ms
[297.298s][info][gc] GC(7798) Concurrent Undo Cycle
[297.300s][info][gc] GC(7798) Concurrent Undo Cycle 2.013ms
[297.364s][info][gc] GC(7799) Pause Young (Concurrent Start) (G1 Humongous Allocation) 899M->73M(2000M) 1.466ms
[297.364s][info][gc] GC(7800) Concurrent Undo Cycle
[297.365s][info][gc] GC(7800) Concurrent Undo Cycle 1.768ms
[297.430s][info][gc] GC(7801) Pause Young (Concurrent Start) (G1 Humongous Allocation) 899M->69M(2000M) 1.444ms
[297.430s][info][gc] GC(7802) Concurrent Undo Cycle
[297.432s][info][gc] GC(7802) Concurrent Undo Cycle 1.971ms
[297.495s][info][gc] GC(7803) Pause Young (Concurrent Start) (G1 Humongous Allocation) 899M->69M(2000M) 1.341ms
[297.495s][info][gc] GC(7804) Concurrent Undo Cycle
[297.497s][info][gc] GC(7804) Concurrent Undo Cycle 1.911ms
[297.560s][info][gc] GC(7805) Pause Young (Concurrent Start) (G1 Humongous Allocation) 899M->73M(2000M) 1.657ms
[297.560s][info][gc] GC(7806) Concurrent Undo Cycle
[297.562s][info][gc] GC(7806) Concurrent Undo Cycle 1.893ms
[297.624s][info][gc] GC(7807) Pause Young (Concurrent Start) (G1 Humongous Allocation) 899M->69M(2000M) 2.271ms
[297.624s][info][gc] GC(7808) Concurrent Undo Cycle
[297.626s][info][gc] GC(7808) Concurrent Undo Cycle 1.891ms
[297.691s][info][gc] GC(7809) Pause Young (Concurrent Start) (G1 Humongous Allocation) 899M->69M(2000M) 1.519ms
[297.691s][info][gc] GC(7810) Concurrent Undo Cycle
[297.693s][info][gc] GC(7810) Concurrent Undo Cycle 1.855ms
[297.755s][info][gc] GC(7811) Pause Young (Concurrent Start) (G1 Humongous Allocation) 899M->73M(2000M) 1.491ms
[297.755s][info][gc] GC(7812) Concurrent Undo Cycle
[297.757s][info][gc] GC(7812) Concurrent Undo Cycle 1.815ms
[297.820s][info][gc] GC(7813) Pause Young (Concurrent Start) (G1 Humongous Allocation) 899M->69M(2000M) 1.466ms
[297.820s][info][gc] GC(7814) Concurrent Undo Cycle
[297.822s][info][gc] GC(7814) Concurrent Undo Cycle 1.922ms
[297.886s][info][gc] GC(7815) Pause Young (Concurrent Start) (G1 Humongous Allocation) 899M->69M(2000M) 1.502ms
[297.886s][info][gc] GC(7816) Concurrent Undo Cycle
[297.888s][info][gc] GC(7816) Concurrent Undo Cycle 2.024ms
[297.951s][info][gc] GC(7817) Pause Young (Concurrent Start) (G1 Humongous Allocation) 899M->73M(2000M) 1.501ms
[297.951s][info][gc] GC(7818) Concurrent Undo Cycle
[297.953s][info][gc] GC(7818) Concurrent Undo Cycle 1.811ms
[298.018s][info][gc] GC(7819) Pause Young (Concurrent Start) (G1 Humongous Allocation) 899M->69M(2000M) 1.328ms
[298.018s][info][gc] GC(7820) Concurrent Undo Cycle
[298.020s][info][gc] GC(7820) Concurrent Undo Cycle 1.831ms
[298.082s][info][gc] GC(7821) Pause Young (Concurrent Start) (G1 Humongous Allocation) 899M->69M(2000M) 1.517ms
[298.083s][info][gc] GC(7822) Concurrent Undo Cycle
[298.084s][info][gc] GC(7822) Concurrent Undo Cycle 1.941ms
[298.147s][info][gc] GC(7823) Pause Young (Concurrent Start) (G1 Humongous Allocation) 899M->73M(2000M) 1.581ms
[298.147s][info][gc] GC(7824) Concurrent Undo Cycle
[298.149s][info][gc] GC(7824) Concurrent Undo Cycle 1.874ms
[298.212s][info][gc] GC(7825) Pause Young (Concurrent Start) (G1 Humongous Allocation) 899M->69M(2000M) 1.530ms
[298.213s][info][gc] GC(7826) Concurrent Undo Cycle
[298.214s][info][gc] GC(7826) Concurrent Undo Cycle 1.849ms
[298.278s][info][gc] GC(7827) Pause Young (Concurrent Start) (G1 Humongous Allocation) 899M->69M(2000M) 1.736ms
[298.278s][info][gc] GC(7828) Concurrent Undo Cycle
[298.280s][info][gc] GC(7828) Concurrent Undo Cycle 1.936ms
[298.343s][info][gc] GC(7829) Pause Young (Concurrent Start) (G1 Humongous Allocation) 899M->73M(2000M) 1.382ms
[298.343s][info][gc] GC(7830) Concurrent Undo Cycle
[298.345s][info][gc] GC(7830) Concurrent Undo Cycle 1.823ms
[298.409s][info][gc] GC(7831) Pause Young (Concurrent Start) (G1 Humongous Allocation) 899M->69M(2000M) 1.581ms
[298.409s][info][gc] GC(7832) Concurrent Undo Cycle
[298.411s][info][gc] GC(7832) Concurrent Undo Cycle 2.060ms
[298.474s][info][gc] GC(7833) Pause Young (Concurrent Start) (G1 Humongous Allocation) 899M->69M(2000M) 1.545ms
[298.475s][info][gc] GC(7834) Concurrent Undo Cycle
[298.476s][info][gc] GC(7834) Concurrent Undo Cycle 1.862ms
[298.540s][info][gc] GC(7835) Pause Young (Concurrent Start) (G1 Humongous Allocation) 899M->73M(2000M) 1.419ms
[298.540s][info][gc] GC(7836) Concurrent Undo Cycle
[298.542s][info][gc] GC(7836) Concurrent Undo Cycle 1.804ms
[298.604s][info][gc] GC(7837) Pause Young (Concurrent Start) (G1 Humongous Allocation) 899M->69M(2000M) 1.405ms
[298.604s][info][gc] GC(7838) Concurrent Undo Cycle
[298.606s][info][gc] GC(7838) Concurrent Undo Cycle 1.858ms
[298.669s][info][gc] GC(7839) Pause Young (Concurrent Start) (G1 Humongous Allocation) 899M->69M(2000M) 1.430ms
[298.669s][info][gc] GC(7840) Concurrent Undo Cycle
[298.671s][info][gc] GC(7840) Concurrent Undo Cycle 1.912ms
[298.734s][info][gc] GC(7841) Pause Young (Concurrent Start) (G1 Humongous Allocation) 899M->73M(2000M) 1.700ms
[298.734s][info][gc] GC(7842) Concurrent Undo Cycle
[298.736s][info][gc] GC(7842) Concurrent Undo Cycle 1.812ms
[298.799s][info][gc] GC(7843) Pause Young (Concurrent Start) (G1 Humongous Allocation) 899M->69M(2000M) 1.368ms
[298.799s][info][gc] GC(7844) Concurrent Undo Cycle
[298.801s][info][gc] GC(7844) Concurrent Undo Cycle 1.866ms
[298.863s][info][gc] GC(7845) Pause Young (Concurrent Start) (G1 Humongous Allocation) 899M->69M(2000M) 1.407ms
[298.863s][info][gc] GC(7846) Concurrent Undo Cycle
[298.865s][info][gc] GC(7846) Concurrent Undo Cycle 1.863ms
[298.929s][info][gc] GC(7847) Pause Young (Concurrent Start) (G1 Humongous Allocation) 899M->73M(2000M) 1.408ms
[298.929s][info][gc] GC(7848) Concurrent Undo Cycle
[298.931s][info][gc] GC(7848) Concurrent Undo Cycle 1.813ms
[298.995s][info][gc] GC(7849) Pause Young (Concurrent Start) (G1 Humongous Allocation) 899M->69M(2000M) 1.306ms
[298.995s][info][gc] GC(7850) Concurrent Undo Cycle
[298.997s][info][gc] GC(7850) Concurrent Undo Cycle 2.080ms
[299.062s][info][gc] GC(7851) Pause Young (Concurrent Start) (G1 Humongous Allocation) 899M->69M(2000M) 1.525ms
[299.062s][info][gc] GC(7852) Concurrent Undo Cycle
[299.064s][info][gc] GC(7852) Concurrent Undo Cycle 1.846ms
[299.126s][info][gc] GC(7853) Pause Young (Concurrent Start) (G1 Humongous Allocation) 899M->73M(2000M) 1.547ms
[299.126s][info][gc] GC(7854) Concurrent Undo Cycle
[299.128s][info][gc] GC(7854) Concurrent Undo Cycle 2.209ms
[299.193s][info][gc] GC(7855) Pause Young (Concurrent Start) (G1 Humongous Allocation) 899M->69M(2000M) 1.483ms
[299.193s][info][gc] GC(7856) Concurrent Undo Cycle
[299.195s][info][gc] GC(7856) Concurrent Undo Cycle 1.840ms
[299.258s][info][gc] GC(7857) Pause Young (Concurrent Start) (G1 Humongous Allocation) 899M->69M(2000M) 1.457ms
[299.259s][info][gc] GC(7858) Concurrent Undo Cycle
[299.260s][info][gc] GC(7858) Concurrent Undo Cycle 1.866ms
[299.324s][info][gc] GC(7859) Pause Young (Concurrent Start) (G1 Humongous Allocation) 899M->73M(2000M) 1.437ms
[299.324s][info][gc] GC(7860) Concurrent Undo Cycle
[299.326s][info][gc] GC(7860) Concurrent Undo Cycle 1.858ms
[299.389s][info][gc] GC(7861) Pause Young (Concurrent Start) (G1 Humongous Allocation) 899M->69M(2000M) 1.472ms
[299.389s][info][gc] GC(7862) Concurrent Undo Cycle
[299.391s][info][gc] GC(7862) Concurrent Undo Cycle 1.809ms
[299.455s][info][gc] GC(7863) Pause Young (Concurrent Start) (G1 Humongous Allocation) 899M->69M(2000M) 1.500ms
[299.455s][info][gc] GC(7864) Concurrent Undo Cycle
[299.457s][info][gc] GC(7864) Concurrent Undo Cycle 1.913ms
[299.523s][info][gc] GC(7865) Pause Young (Concurrent Start) (G1 Humongous Allocation) 899M->73M(2000M) 1.554ms
[299.523s][info][gc] GC(7866) Concurrent Undo Cycle
[299.525s][info][gc] GC(7866) Concurrent Undo Cycle 1.985ms
[299.588s][info][gc] GC(7867) Pause Young (Concurrent Start) (G1 Humongous Allocation) 899M->69M(2000M) 1.443ms
[299.588s][info][gc] GC(7868) Concurrent Undo Cycle
[299.590s][info][gc] GC(7868) Concurrent Undo Cycle 2.002ms
[299.653s][info][gc] GC(7869) Pause Young (Concurrent Start) (G1 Humongous Allocation) 899M->69M(2000M) 1.476ms
[299.653s][info][gc] GC(7870) Concurrent Undo Cycle
[299.655s][info][gc] GC(7870) Concurrent Undo Cycle 1.805ms
[299.718s][info][gc] GC(7871) Pause Young (Concurrent Start) (G1 Humongous Allocation) 899M->73M(2000M) 1.493ms
[299.718s][info][gc] GC(7872) Concurrent Undo Cycle
[299.720s][info][gc] GC(7872) Concurrent Undo Cycle 1.958ms
[299.783s][info][gc] GC(7873) Pause Young (Concurrent Start) (G1 Humongous Allocation) 899M->69M(2000M) 1.448ms
[299.783s][info][gc] GC(7874) Concurrent Undo Cycle
[299.785s][info][gc] GC(7874) Concurrent Undo Cycle 1.786ms
[299.848s][info][gc] GC(7875) Pause Young (Concurrent Start) (G1 Humongous Allocation) 899M->69M(2000M) 1.425ms
[299.848s][info][gc] GC(7876) Concurrent Undo Cycle
[299.850s][info][gc] GC(7876) Concurrent Undo Cycle 1.809ms
[299.912s][info][gc] GC(7877) Pause Young (Concurrent Start) (G1 Humongous Allocation) 899M->73M(2000M) 1.473ms
[299.913s][info][gc] GC(7878) Concurrent Undo Cycle
[299.914s][info][gc] GC(7878) Concurrent Undo Cycle 1.761ms
[299.977s][info][gc] GC(7879) Pause Young (Concurrent Start) (G1 Humongous Allocation) 899M->69M(2000M) 1.447ms
[299.977s][info][gc] GC(7880) Concurrent Undo Cycle
[299.979s][info][gc] GC(7880) Concurrent Undo Cycle 1.948ms
[300.043s][info][gc] GC(7881) Pause Young (Concurrent Start) (G1 Humongous Allocation) 899M->69M(2000M) 1.481ms
[300.043s][info][gc] GC(7882) Concurrent Undo Cycle
[300.045s][info][gc] GC(7882) Concurrent Undo Cycle 1.928ms
[300.109s][info][gc] GC(7883) Pause Young (Concurrent Start) (G1 Humongous Allocation) 899M->73M(2000M) 1.362ms
[300.109s][info][gc] GC(7884) Concurrent Undo Cycle
[300.111s][info][gc] GC(7884) Concurrent Undo Cycle 1.944ms
[300.174s][info][gc] GC(7885) Pause Young (Concurrent Start) (G1 Humongous Allocation) 899M->69M(2000M) 1.562ms
[300.174s][info][gc] GC(7886) Concurrent Undo Cycle
[300.176s][info][gc] GC(7886) Concurrent Undo Cycle 1.846ms
[300.238s][info][gc] GC(7887) Pause Young (Concurrent Start) (G1 Humongous Allocation) 899M->69M(2000M) 1.581ms
[300.239s][info][gc] GC(7888) Concurrent Undo Cycle
[300.240s][info][gc] GC(7888) Concurrent Undo Cycle 1.918ms
[300.303s][info][gc] GC(7889) Pause Young (Concurrent Start) (G1 Humongous Allocation) 899M->73M(2000M) 1.393ms
[300.303s][info][gc] GC(7890) Concurrent Undo Cycle
[300.305s][info][gc] GC(7890) Concurrent Undo Cycle 1.838ms
[300.368s][info][gc] GC(7891) Pause Young (Concurrent Start) (G1 Humongous Allocation) 899M->69M(2000M) 1.215ms
[300.368s][info][gc] GC(7892) Concurrent Undo Cycle
[300.370s][info][gc] GC(7892) Concurrent Undo Cycle 1.800ms
[300.433s][info][gc] GC(7893) Pause Young (Concurrent Start) (G1 Humongous Allocation) 899M->69M(2000M) 1.357ms
[300.433s][info][gc] GC(7894) Concurrent Undo Cycle
[300.435s][info][gc] GC(7894) Concurrent Undo Cycle 1.843ms
[300.497s][info][gc] GC(7895) Pause Young (Concurrent Start) (G1 Humongous Allocation) 899M->73M(2000M) 1.501ms
[300.498s][info][gc] GC(7896) Concurrent Undo Cycle
[300.499s][info][gc] GC(7896) Concurrent Undo Cycle 1.798ms
[300.564s][info][gc] GC(7897) Pause Young (Concurrent Start) (G1 Humongous Allocation) 899M->69M(2000M) 1.571ms
[300.564s][info][gc] GC(7898) Concurrent Undo Cycle
[300.566s][info][gc] GC(7898) Concurrent Undo Cycle 1.928ms
[300.629s][info][gc] GC(7899) Pause Young (Concurrent Start) (G1 Humongous Allocation) 899M->69M(2000M) 1.468ms
[300.629s][info][gc] GC(7900) Concurrent Undo Cycle
[300.631s][info][gc] GC(7900) Concurrent Undo Cycle 1.858ms
[300.696s][info][gc] GC(7901) Pause Young (Concurrent Start) (G1 Humongous Allocation) 899M->73M(2000M) 1.403ms
[300.696s][info][gc] GC(7902) Concurrent Undo Cycle
[300.698s][info][gc] GC(7902) Concurrent Undo Cycle 1.899ms
[300.762s][info][gc] GC(7903) Pause Young (Concurrent Start) (G1 Humongous Allocation) 899M->69M(2000M) 1.513ms
[300.762s][info][gc] GC(7904) Concurrent Undo Cycle
[300.764s][info][gc] GC(7904) Concurrent Undo Cycle 2.076ms
[300.827s][info][gc] GC(7905) Pause Young (Concurrent Start) (G1 Humongous Allocation) 899M->69M(2000M) 1.628ms
[300.827s][info][gc] GC(7906) Concurrent Undo Cycle
[300.829s][info][gc] GC(7906) Concurrent Undo Cycle 1.763ms
[300.892s][info][gc] GC(7907) Pause Young (Concurrent Start) (G1 Humongous Allocation) 900M->73M(2000M) 1.522ms
[300.892s][info][gc] GC(7908) Concurrent Undo Cycle
[300.894s][info][gc] GC(7908) Concurrent Undo Cycle 1.704ms
[300.957s][info][gc] GC(7909) Pause Young (Concurrent Start) (G1 Humongous Allocation) 900M->70M(2000M) 1.362ms
[300.957s][info][gc] GC(7910) Concurrent Undo Cycle
[300.959s][info][gc] GC(7910) Concurrent Undo Cycle 1.893ms
[301.022s][info][gc] GC(7911) Pause Young (Concurrent Start) (G1 Humongous Allocation) 900M->70M(2000M) 1.460ms
[301.022s][info][gc] GC(7912) Concurrent Undo Cycle
[301.024s][info][gc] GC(7912) Concurrent Undo Cycle 1.873ms
[301.088s][info][gc] GC(7913) Pause Young (Concurrent Start) (G1 Humongous Allocation) 900M->74M(2000M) 1.417ms
[301.088s][info][gc] GC(7914) Concurrent Undo Cycle
[301.090s][info][gc] GC(7914) Concurrent Undo Cycle 1.826ms
[301.154s][info][gc] GC(7915) Pause Young (Concurrent Start) (G1 Humongous Allocation) 900M->70M(2000M) 1.520ms
[301.154s][info][gc] GC(7916) Concurrent Undo Cycle
[301.156s][info][gc] GC(7916) Concurrent Undo Cycle 1.956ms
[301.219s][info][gc] GC(7917) Pause Young (Concurrent Start) (G1 Humongous Allocation) 900M->70M(2000M) 1.572ms
[301.219s][info][gc] GC(7918) Concurrent Undo Cycle
[301.221s][info][gc] GC(7918) Concurrent Undo Cycle 1.946ms
[301.289s][info][gc] GC(7919) Pause Young (Concurrent Start) (G1 Humongous Allocation) 900M->74M(2000M) 1.138ms
[301.289s][info][gc] GC(7920) Concurrent Undo Cycle
[301.291s][info][gc] GC(7920) Concurrent Undo Cycle 1.913ms
[301.355s][info][gc] GC(7921) Pause Young (Concurrent Start) (G1 Humongous Allocation) 900M->70M(2000M) 1.599ms
[301.355s][info][gc] GC(7922) Concurrent Undo Cycle
[301.357s][info][gc] GC(7922) Concurrent Undo Cycle 1.888ms
[301.421s][info][gc] GC(7923) Pause Young (Concurrent Start) (G1 Humongous Allocation) 900M->70M(2000M) 1.692ms
[301.421s][info][gc] GC(7924) Concurrent Undo Cycle
[301.423s][info][gc] GC(7924) Concurrent Undo Cycle 1.872ms
[301.487s][info][gc] GC(7925) Pause Young (Concurrent Start) (G1 Humongous Allocation) 900M->74M(2000M) 1.538ms
[301.487s][info][gc] GC(7926) Concurrent Undo Cycle
[301.489s][info][gc] GC(7926) Concurrent Undo Cycle 1.877ms
[301.552s][info][gc] GC(7927) Pause Young (Concurrent Start) (G1 Humongous Allocation) 900M->70M(2000M) 1.367ms
[301.552s][info][gc] GC(7928) Concurrent Undo Cycle
[301.554s][info][gc] GC(7928) Concurrent Undo Cycle 1.849ms
[301.618s][info][gc] GC(7929) Pause Young (Concurrent Start) (G1 Humongous Allocation) 900M->70M(2000M) 1.742ms
[301.618s][info][gc] GC(7930) Concurrent Undo Cycle
[301.620s][info][gc] GC(7930) Concurrent Undo Cycle 1.845ms
[301.684s][info][gc] GC(7931) Pause Young (Concurrent Start) (G1 Humongous Allocation) 900M->74M(2000M) 1.700ms
[301.684s][info][gc] GC(7932) Concurrent Undo Cycle
[301.687s][info][gc] GC(7932) Concurrent Undo Cycle 2.130ms
[301.750s][info][gc] GC(7933) Pause Young (Concurrent Start) (G1 Humongous Allocation) 900M->70M(2000M) 1.531ms
[301.750s][info][gc] GC(7934) Concurrent Undo Cycle
[301.752s][info][gc] GC(7934) Concurrent Undo Cycle 1.980ms
[301.815s][info][gc] GC(7935) Pause Young (Concurrent Start) (G1 Humongous Allocation) 900M->70M(2000M) 1.341ms
[301.815s][info][gc] GC(7936) Concurrent Undo Cycle
[301.816s][info][gc] GC(7936) Concurrent Undo Cycle 1.789ms
[301.880s][info][gc] GC(7937) Pause Young (Concurrent Start) (G1 Humongous Allocation) 900M->74M(2000M) 1.582ms
[301.880s][info][gc] GC(7938) Concurrent Undo Cycle
[301.881s][info][gc] GC(7938) Concurrent Undo Cycle 1.826ms
[301.945s][info][gc] GC(7939) Pause Young (Concurrent Start) (G1 Humongous Allocation) 900M->70M(2000M) 1.528ms
[301.945s][info][gc] GC(7940) Concurrent Undo Cycle
[301.947s][info][gc] GC(7940) Concurrent Undo Cycle 1.871ms
[302.010s][info][gc] GC(7941) Pause Young (Concurrent Start) (G1 Humongous Allocation) 900M->70M(2000M) 1.746ms
[302.010s][info][gc] GC(7942) Concurrent Undo Cycle
[302.012s][info][gc] GC(7942) Concurrent Undo Cycle 2.026ms
[302.077s][info][gc] GC(7943) Pause Young (Concurrent Start) (G1 Humongous Allocation) 900M->74M(2000M) 1.100ms
[302.077s][info][gc] GC(7944) Concurrent Undo Cycle
[302.079s][info][gc] GC(7944) Concurrent Undo Cycle 1.741ms
[302.147s][info][gc] GC(7945) Pause Young (Concurrent Start) (G1 Humongous Allocation) 900M->70M(2000M) 1.529ms
[302.147s][info][gc] GC(7946) Concurrent Undo Cycle
[302.148s][info][gc] GC(7946) Concurrent Undo Cycle 1.819ms
[302.212s][info][gc] GC(7947) Pause Young (Concurrent Start) (G1 Humongous Allocation) 900M->70M(2000M) 1.404ms
[302.212s][info][gc] GC(7948) Concurrent Undo Cycle
[302.214s][info][gc] GC(7948) Concurrent Undo Cycle 1.806ms
[302.278s][info][gc] GC(7949) Pause Young (Concurrent Start) (G1 Humongous Allocation) 900M->74M(2000M) 1.705ms
[302.278s][info][gc] GC(7950) Concurrent Undo Cycle
[302.280s][info][gc] GC(7950) Concurrent Undo Cycle 1.877ms
[302.343s][info][gc] GC(7951) Pause Young (Concurrent Start) (G1 Humongous Allocation) 900M->70M(2000M) 1.381ms
[302.343s][info][gc] GC(7952) Concurrent Undo Cycle
[302.345s][info][gc] GC(7952) Concurrent Undo Cycle 1.823ms
[302.408s][info][gc] GC(7953) Pause Young (Concurrent Start) (G1 Humongous Allocation) 900M->70M(2000M) 1.669ms
[302.408s][info][gc] GC(7954) Concurrent Undo Cycle
[302.410s][info][gc] GC(7954) Concurrent Undo Cycle 1.863ms
[302.474s][info][gc] GC(7955) Pause Young (Concurrent Start) (G1 Humongous Allocation) 900M->74M(2000M) 1.541ms
[302.474s][info][gc] GC(7956) Concurrent Undo Cycle
[302.476s][info][gc] GC(7956) Concurrent Undo Cycle 1.839ms
[302.539s][info][gc] GC(7957) Pause Young (Concurrent Start) (G1 Humongous Allocation) 900M->70M(2000M) 1.242ms
[302.539s][info][gc] GC(7958) Concurrent Undo Cycle
[302.541s][info][gc] GC(7958) Concurrent Undo Cycle 1.864ms
[302.605s][info][gc] GC(7959) Pause Young (Concurrent Start) (G1 Humongous Allocation) 900M->70M(2000M) 1.384ms
[302.605s][info][gc] GC(7960) Concurrent Undo Cycle
[302.607s][info][gc] GC(7960) Concurrent Undo Cycle 1.782ms
[302.671s][info][gc] GC(7961) Pause Young (Concurrent Start) (G1 Humongous Allocation) 900M->74M(2000M) 1.592ms
[302.671s][info][gc] GC(7962) Concurrent Undo Cycle
[302.673s][info][gc] GC(7962) Concurrent Undo Cycle 1.867ms
[302.737s][info][gc] GC(7963) Pause Young (Concurrent Start) (G1 Humongous Allocation) 900M->70M(2000M) 1.421ms
[302.737s][info][gc] GC(7964) Concurrent Undo Cycle
[302.739s][info][gc] GC(7964) Concurrent Undo Cycle 2.040ms
[302.804s][info][gc] GC(7965) Pause Young (Concurrent Start) (G1 Humongous Allocation) 900M->70M(2000M) 1.479ms
[302.804s][info][gc] GC(7966) Concurrent Undo Cycle
[302.806s][info][gc] GC(7966) Concurrent Undo Cycle 1.860ms
[302.869s][info][gc] GC(7967) Pause Young (Concurrent Start) (G1 Humongous Allocation) 900M->74M(2000M) 1.511ms
[302.870s][info][gc] GC(7968) Concurrent Undo Cycle
[302.871s][info][gc] GC(7968) Concurrent Undo Cycle 1.791ms
[302.934s][info][gc] GC(7969) Pause Young (Concurrent Start) (G1 Humongous Allocation) 900M->70M(2000M) 1.412ms
[302.934s][info][gc] GC(7970) Concurrent Undo Cycle
[302.936s][info][gc] GC(7970) Concurrent Undo Cycle 1.894ms
[302.999s][info][gc] GC(7971) Pause Young (Concurrent Start) (G1 Humongous Allocation) 900M->70M(2000M) 1.458ms
[303.000s][info][gc] GC(7972) Concurrent Undo Cycle
[303.001s][info][gc] GC(7972) Concurrent Undo Cycle 1.892ms
[303.064s][info][gc] GC(7973) Pause Young (Concurrent Start) (G1 Humongous Allocation) 900M->74M(2000M) 1.368ms
[303.065s][info][gc] GC(7974) Concurrent Undo Cycle
[303.066s][info][gc] GC(7974) Concurrent Undo Cycle 1.813ms
[303.130s][info][gc] GC(7975) Pause Young (Concurrent Start) (G1 Humongous Allocation) 900M->70M(2000M) 1.434ms
[303.130s][info][gc] GC(7976) Concurrent Undo Cycle
[303.132s][info][gc] GC(7976) Concurrent Undo Cycle 2.043ms
[303.197s][info][gc] GC(7977) Pause Young (Concurrent Start) (G1 Humongous Allocation) 900M->70M(2000M) 1.415ms
[303.197s][info][gc] GC(7978) Concurrent Undo Cycle
[303.199s][info][gc] GC(7978) Concurrent Undo Cycle 2.094ms
[303.265s][info][gc] GC(7979) Pause Young (Concurrent Start) (G1 Humongous Allocation) 900M->74M(2000M) 1.373ms
[303.265s][info][gc] GC(7980) Concurrent Undo Cycle
[303.267s][info][gc] GC(7980) Concurrent Undo Cycle 1.743ms
[303.331s][info][gc] GC(7981) Pause Young (Concurrent Start) (G1 Humongous Allocation) 900M->70M(2000M) 1.488ms
[303.331s][info][gc] GC(7982) Concurrent Undo Cycle
[303.333s][info][gc] GC(7982) Concurrent Undo Cycle 1.899ms
[303.396s][info][gc] GC(7983) Pause Young (Concurrent Start) (G1 Humongous Allocation) 900M->70M(2000M) 1.448ms
[303.396s][info][gc] GC(7984) Concurrent Undo Cycle
[303.398s][info][gc] GC(7984) Concurrent Undo Cycle 1.842ms
[303.463s][info][gc] GC(7985) Pause Young (Concurrent Start) (G1 Humongous Allocation) 900M->74M(2000M) 1.668ms
[303.463s][info][gc] GC(7986) Concurrent Undo Cycle
[303.465s][info][gc] GC(7986) Concurrent Undo Cycle 1.905ms
[303.529s][info][gc] GC(7987) Pause Young (Concurrent Start) (G1 Humongous Allocation) 900M->70M(2000M) 1.588ms
[303.529s][info][gc] GC(7988) Concurrent Undo Cycle
[303.531s][info][gc] GC(7988) Concurrent Undo Cycle 1.909ms
[303.594s][info][gc] GC(7989) Pause Young (Concurrent Start) (G1 Humongous Allocation) 900M->70M(2000M) 1.442ms
[303.594s][info][gc] GC(7990) Concurrent Undo Cycle
[303.596s][info][gc] GC(7990) Concurrent Undo Cycle 1.962ms
[303.659s][info][gc] GC(7991) Pause Young (Concurrent Start) (G1 Humongous Allocation) 900M->74M(2000M) 1.492ms
[303.660s][info][gc] GC(7992) Concurrent Undo Cycle
[303.661s][info][gc] GC(7992) Concurrent Undo Cycle 1.878ms
[303.729s][info][gc] GC(7993) Pause Young (Concurrent Start) (G1 Humongous Allocation) 900M->70M(2000M) 1.641ms
[303.729s][info][gc] GC(7994) Concurrent Undo Cycle
[303.731s][info][gc] GC(7994) Concurrent Undo Cycle 1.886ms
[303.795s][info][gc] GC(7995) Pause Young (Concurrent Start) (G1 Humongous Allocation) 900M->70M(2000M) 1.422ms
[303.796s][info][gc] GC(7996) Concurrent Undo Cycle
[303.797s][info][gc] GC(7996) Concurrent Undo Cycle 1.823ms
[303.861s][info][gc] GC(7997) Pause Young (Concurrent Start) (G1 Humongous Allocation) 900M->74M(2000M) 1.720ms
[303.861s][info][gc] GC(7998) Concurrent Undo Cycle
[303.863s][info][gc] GC(7998) Concurrent Undo Cycle 1.856ms
[303.927s][info][gc] GC(7999) Pause Young (Concurrent Start) (G1 Humongous Allocation) 900M->70M(2000M) 1.388ms
[303.927s][info][gc] GC(8000) Concurrent Undo Cycle
[303.929s][info][gc] GC(8000) Concurrent Undo Cycle 1.957ms
[303.993s][info][gc] GC(8001) Pause Young (Concurrent Start) (G1 Humongous Allocation) 900M->70M(2000M) 1.401ms
[303.993s][info][gc] GC(8002) Concurrent Undo Cycle
[303.995s][info][gc] GC(8002) Concurrent Undo Cycle 1.771ms
[304.058s][info][gc] GC(8003) Pause Young (Concurrent Start) (G1 Humongous Allocation) 900M->74M(2000M) 1.407ms
[304.058s][info][gc] GC(8004) Concurrent Undo Cycle
[304.060s][info][gc] GC(8004) Concurrent Undo Cycle 1.771ms
[304.123s][info][gc] GC(8005) Pause Young (Concurrent Start) (G1 Humongous Allocation) 900M->70M(2000M) 1.416ms
[304.123s][info][gc] GC(8006) Concurrent Undo Cycle
[304.125s][info][gc] GC(8006) Concurrent Undo Cycle 1.921ms
[304.188s][info][gc] GC(8007) Pause Young (Concurrent Start) (G1 Humongous Allocation) 900M->70M(2000M) 1.585ms
[304.188s][info][gc] GC(8008) Concurrent Undo Cycle
[304.190s][info][gc] GC(8008) Concurrent Undo Cycle 1.987ms
[304.255s][info][gc] GC(8009) Pause Young (Concurrent Start) (G1 Humongous Allocation) 900M->74M(2000M) 1.534ms
[304.255s][info][gc] GC(8010) Concurrent Undo Cycle
[304.257s][info][gc] GC(8010) Concurrent Undo Cycle 1.884ms
[304.321s][info][gc] GC(8011) Pause Young (Concurrent Start) (G1 Humongous Allocation) 900M->70M(2000M) 1.560ms
[304.321s][info][gc] GC(8012) Concurrent Undo Cycle
[304.323s][info][gc] GC(8012) Concurrent Undo Cycle 2.017ms
[304.387s][info][gc] GC(8013) Pause Young (Concurrent Start) (G1 Humongous Allocation) 900M->70M(2000M) 1.717ms
[304.387s][info][gc] GC(8014) Concurrent Undo Cycle
[304.389s][info][gc] GC(8014) Concurrent Undo Cycle 1.853ms
[304.453s][info][gc] GC(8015) Pause Young (Concurrent Start) (G1 Humongous Allocation) 900M->74M(2000M) 1.634ms
[304.453s][info][gc] GC(8016) Concurrent Undo Cycle
[304.455s][info][gc] GC(8016) Concurrent Undo Cycle 1.983ms
[304.521s][info][gc] GC(8017) Pause Young (Concurrent Start) (G1 Humongous Allocation) 900M->70M(2000M) 1.467ms
[304.521s][info][gc] GC(8018) Concurrent Undo Cycle
[304.523s][info][gc] GC(8018) Concurrent Undo Cycle 1.864ms
[304.587s][info][gc] GC(8019) Pause Young (Concurrent Start) (G1 Humongous Allocation) 900M->70M(2000M) 1.531ms
[304.587s][info][gc] GC(8020) Concurrent Undo Cycle
[304.589s][info][gc] GC(8020) Concurrent Undo Cycle 2.079ms
[304.652s][info][gc] GC(8021) Pause Young (Concurrent Start) (G1 Humongous Allocation) 900M->74M(2000M) 1.746ms
[304.652s][info][gc] GC(8022) Concurrent Undo Cycle
[304.654s][info][gc] GC(8022) Concurrent Undo Cycle 2.018ms
[304.717s][info][gc] GC(8023) Pause Young (Concurrent Start) (G1 Humongous Allocation) 900M->70M(2000M) 1.507ms
[304.717s][info][gc] GC(8024) Concurrent Undo Cycle
[304.719s][info][gc] GC(8024) Concurrent Undo Cycle 1.925ms
[304.784s][info][gc] GC(8025) Pause Young (Concurrent Start) (G1 Humongous Allocation) 900M->70M(2000M) 1.835ms
[304.784s][info][gc] GC(8026) Concurrent Undo Cycle
[304.786s][info][gc] GC(8026) Concurrent Undo Cycle 1.886ms
[304.851s][info][gc] GC(8027) Pause Young (Concurrent Start) (G1 Humongous Allocation) 900M->74M(2000M) 1.443ms
[304.851s][info][gc] GC(8028) Concurrent Undo Cycle
[304.853s][info][gc] GC(8028) Concurrent Undo Cycle 1.762ms
[304.917s][info][gc] GC(8029) Pause Young (Concurrent Start) (G1 Humongous Allocation) 900M->70M(2000M) 1.712ms
[304.917s][info][gc] GC(8030) Concurrent Undo Cycle
[304.919s][info][gc] GC(8030) Concurrent Undo Cycle 1.942ms
[304.983s][info][gc] GC(8031) Pause Young (Concurrent Start) (G1 Humongous Allocation) 900M->70M(2000M) 1.715ms
[304.983s][info][gc] GC(8032) Concurrent Undo Cycle
[304.985s][info][gc] GC(8032) Concurrent Undo Cycle 1.887ms
[305.050s][info][gc] GC(8033) Pause Young (Concurrent Start) (G1 Humongous Allocation) 900M->74M(2000M) 1.560ms
[305.050s][info][gc] GC(8034) Concurrent Undo Cycle
[305.052s][info][gc] GC(8034) Concurrent Undo Cycle 2.066ms
[305.116s][info][gc] GC(8035) Pause Young (Concurrent Start) (G1 Humongous Allocation) 900M->70M(2000M) 1.441ms
[305.116s][info][gc] GC(8036) Concurrent Undo Cycle
[305.118s][info][gc] GC(8036) Concurrent Undo Cycle 1.936ms
[305.181s][info][gc] GC(8037) Pause Young (Concurrent Start) (G1 Humongous Allocation) 900M->70M(2000M) 1.405ms
[305.181s][info][gc] GC(8038) Concurrent Undo Cycle
[305.183s][info][gc] GC(8038) Concurrent Undo Cycle 1.849ms
[305.247s][info][gc] GC(8039) Pause Young (Concurrent Start) (G1 Humongous Allocation) 900M->74M(2000M) 1.688ms
[305.247s][info][gc] GC(8040) Concurrent Undo Cycle
[305.249s][info][gc] GC(8040) Concurrent Undo Cycle 1.838ms
[305.313s][info][gc] GC(8041) Pause Young (Concurrent Start) (G1 Humongous Allocation) 900M->70M(2000M) 1.588ms
[305.313s][info][gc] GC(8042) Concurrent Undo Cycle
[305.315s][info][gc] GC(8042) Concurrent Undo Cycle 1.920ms
[305.379s][info][gc] GC(8043) Pause Young (Concurrent Start) (G1 Humongous Allocation) 900M->70M(2000M) 1.449ms
[305.380s][info][gc] GC(8044) Concurrent Undo Cycle
[305.381s][info][gc] GC(8044) Concurrent Undo Cycle 1.871ms
[305.446s][info][gc] GC(8045) Pause Young (Concurrent Start) (G1 Humongous Allocation) 900M->74M(2000M) 1.456ms
[305.446s][info][gc] GC(8046) Concurrent Undo Cycle
[305.447s][info][gc] GC(8046) Concurrent Undo Cycle 1.800ms
[305.511s][info][gc] GC(8047) Pause Young (Concurrent Start) (G1 Humongous Allocation) 901M->71M(2000M) 1.567ms
[305.511s][info][gc] GC(8048) Concurrent Undo Cycle
[305.513s][info][gc] GC(8048) Concurrent Undo Cycle 1.843ms
[305.577s][info][gc] GC(8049) Pause Young (Concurrent Start) (G1 Humongous Allocation) 901M->71M(2000M) 1.646ms
[305.577s][info][gc] GC(8050) Concurrent Undo Cycle
[305.579s][info][gc] GC(8050) Concurrent Undo Cycle 2.247ms
[305.642s][info][gc] GC(8051) Pause Young (Concurrent Start) (G1 Humongous Allocation) 901M->75M(2000M) 1.539ms
[305.642s][info][gc] GC(8052) Concurrent Undo Cycle
[305.644s][info][gc] GC(8052) Concurrent Undo Cycle 1.867ms
[305.708s][info][gc] GC(8053) Pause Young (Concurrent Start) (G1 Humongous Allocation) 901M->71M(2000M) 1.643ms
[305.709s][info][gc] GC(8054) Concurrent Undo Cycle
[305.710s][info][gc] GC(8054) Concurrent Undo Cycle 1.806ms
[305.775s][info][gc] GC(8055) Pause Young (Concurrent Start) (G1 Humongous Allocation) 901M->71M(2000M) 1.838ms
[305.775s][info][gc] GC(8056) Concurrent Undo Cycle
[305.777s][info][gc] GC(8056) Concurrent Undo Cycle 1.846ms
[305.841s][info][gc] GC(8057) Pause Young (Concurrent Start) (G1 Humongous Allocation) 901M->75M(2000M) 1.448ms
[305.841s][info][gc] GC(8058) Concurrent Undo Cycle
[305.843s][info][gc] GC(8058) Concurrent Undo Cycle 1.804ms
[305.907s][info][gc] GC(8059) Pause Young (Concurrent Start) (G1 Humongous Allocation) 901M->71M(2000M) 1.565ms
[305.908s][info][gc] GC(8060) Concurrent Undo Cycle
[305.909s][info][gc] GC(8060) Concurrent Undo Cycle 1.915ms
[305.974s][info][gc] GC(8061) Pause Young (Concurrent Start) (G1 Humongous Allocation) 901M->71M(2000M) 1.748ms
[305.974s][info][gc] GC(8062) Concurrent Undo Cycle
[305.976s][info][gc] GC(8062) Concurrent Undo Cycle 1.929ms
[306.040s][info][gc] GC(8063) Pause Young (Concurrent Start) (G1 Humongous Allocation) 901M->75M(2000M) 1.396ms
[306.040s][info][gc] GC(8064) Concurrent Undo Cycle
[306.042s][info][gc] GC(8064) Concurrent Undo Cycle 1.854ms
[306.107s][info][gc] GC(8065) Pause Young (Concurrent Start) (G1 Humongous Allocation) 901M->71M(2000M) 1.880ms
[306.107s][info][gc] GC(8066) Concurrent Undo Cycle
[306.109s][info][gc] GC(8066) Concurrent Undo Cycle 1.993ms
[306.172s][info][gc] GC(8067) Pause Young (Concurrent Start) (G1 Humongous Allocation) 901M->71M(2000M) 1.424ms
[306.172s][info][gc] GC(8068) Concurrent Undo Cycle
[306.174s][info][gc] GC(8068) Concurrent Undo Cycle 1.852ms
[306.238s][info][gc] GC(8069) Pause Young (Concurrent Start) (G1 Humongous Allocation) 901M->75M(2000M) 1.520ms
[306.238s][info][gc] GC(8070) Concurrent Undo Cycle
[306.240s][info][gc] GC(8070) Concurrent Undo Cycle 1.794ms
[306.303s][info][gc] GC(8071) Pause Young (Concurrent Start) (G1 Humongous Allocation) 901M->71M(2000M) 1.421ms
[306.303s][info][gc] GC(8072) Concurrent Undo Cycle
[306.305s][info][gc] GC(8072) Concurrent Undo Cycle 1.894ms
[306.370s][info][gc] GC(8073) Pause Young (Concurrent Start) (G1 Humongous Allocation) 901M->71M(2000M) 1.679ms
[306.370s][info][gc] GC(8074) Concurrent Undo Cycle
[306.372s][info][gc] GC(8074) Concurrent Undo Cycle 1.940ms
[306.437s][info][gc] GC(8075) Pause Young (Concurrent Start) (G1 Humongous Allocation) 901M->75M(2000M) 1.323ms
[306.437s][info][gc] GC(8076) Concurrent Undo Cycle
[306.439s][info][gc] GC(8076) Concurrent Undo Cycle 1.853ms
[306.503s][info][gc] GC(8077) Pause Young (Concurrent Start) (G1 Humongous Allocation) 901M->71M(2000M) 1.458ms
[306.503s][info][gc] GC(8078) Concurrent Undo Cycle
[306.505s][info][gc] GC(8078) Concurrent Undo Cycle 1.923ms
[306.568s][info][gc] GC(8079) Pause Young (Concurrent Start) (G1 Humongous Allocation) 901M->71M(2000M) 1.541ms
[306.568s][info][gc] GC(8080) Concurrent Undo Cycle
[306.570s][info][gc] GC(8080) Concurrent Undo Cycle 1.791ms
[306.634s][info][gc] GC(8081) Pause Young (Concurrent Start) (G1 Humongous Allocation) 901M->75M(2000M) 1.528ms
[306.634s][info][gc] GC(8082) Concurrent Undo Cycle
[306.636s][info][gc] GC(8082) Concurrent Undo Cycle 1.908ms
[306.699s][info][gc] GC(8083) Pause Young (Concurrent Start) (G1 Humongous Allocation) 901M->71M(2000M) 1.490ms
[306.700s][info][gc] GC(8084) Concurrent Undo Cycle
[306.701s][info][gc] GC(8084) Concurrent Undo Cycle 1.905ms
[306.766s][info][gc] GC(8085) Pause Young (Concurrent Start) (G1 Humongous Allocation) 901M->71M(2000M) 1.481ms
[306.766s][info][gc] GC(8086) Concurrent Undo Cycle
[306.768s][info][gc] GC(8086) Concurrent Undo Cycle 1.819ms
[306.832s][info][gc] GC(8087) Pause Young (Concurrent Start) (G1 Humongous Allocation) 901M->75M(2000M) 1.266ms
[306.832s][info][gc] GC(8088) Concurrent Undo Cycle
[306.834s][info][gc] GC(8088) Concurrent Undo Cycle 1.715ms
[306.898s][info][gc] GC(8089) Pause Young (Concurrent Start) (G1 Humongous Allocation) 901M->71M(2000M) 1.747ms
[306.898s][info][gc] GC(8090) Concurrent Undo Cycle
[306.901s][info][gc] GC(8090) Concurrent Undo Cycle 2.022ms
[306.965s][info][gc] GC(8091) Pause Young (Concurrent Start) (G1 Humongous Allocation) 901M->71M(2000M) 1.419ms
[306.965s][info][gc] GC(8092) Concurrent Undo Cycle
[306.967s][info][gc] GC(8092) Concurrent Undo Cycle 1.991ms
[307.032s][info][gc] GC(8093) Pause Young (Concurrent Start) (G1 Humongous Allocation) 901M->75M(2000M) 1.578ms
[307.032s][info][gc] GC(8094) Concurrent Undo Cycle
[307.034s][info][gc] GC(8094) Concurrent Undo Cycle 1.974ms
[307.097s][info][gc] GC(8095) Pause Young (Concurrent Start) (G1 Humongous Allocation) 901M->71M(2000M) 1.408ms
[307.098s][info][gc] GC(8096) Concurrent Undo Cycle
[307.099s][info][gc] GC(8096) Concurrent Undo Cycle 1.823ms
[307.165s][info][gc] GC(8097) Pause Young (Concurrent Start) (G1 Humongous Allocation) 901M->71M(2000M) 1.513ms
[307.165s][info][gc] GC(8098) Concurrent Undo Cycle
[307.167s][info][gc] GC(8098) Concurrent Undo Cycle 2.049ms
[307.241s][info][gc] GC(8099) Pause Young (Concurrent Start) (G1 Humongous Allocation) 901M->75M(2000M) 1.510ms
[307.242s][info][gc] GC(8100) Concurrent Undo Cycle
[307.244s][info][gc] GC(8100) Concurrent Undo Cycle 2.272ms
[307.322s][info][gc] GC(8101) Pause Young (Concurrent Start) (G1 Humongous Allocation) 901M->71M(2000M) 1.381ms
[307.322s][info][gc] GC(8102) Concurrent Undo Cycle
[307.324s][info][gc] GC(8102) Concurrent Undo Cycle 2.036ms
[307.392s][info][gc] GC(8103) Pause Young (Concurrent Start) (G1 Humongous Allocation) 901M->71M(2000M) 1.375ms
[307.392s][info][gc] GC(8104) Concurrent Undo Cycle
[307.394s][info][gc] GC(8104) Concurrent Undo Cycle 1.849ms
[307.460s][info][gc] GC(8105) Pause Young (Concurrent Start) (G1 Humongous Allocation) 901M->75M(2000M) 1.484ms
[307.460s][info][gc] GC(8106) Concurrent Undo Cycle
[307.462s][info][gc] GC(8106) Concurrent Undo Cycle 2.127ms
[307.527s][info][gc] GC(8107) Pause Young (Concurrent Start) (G1 Humongous Allocation) 901M->71M(2000M) 1.334ms
[307.527s][info][gc] GC(8108) Concurrent Undo Cycle
[307.529s][info][gc] GC(8108) Concurrent Undo Cycle 1.817ms
[307.592s][info][gc] GC(8109) Pause Young (Concurrent Start) (G1 Humongous Allocation) 901M->71M(2000M) 1.476ms
[307.592s][info][gc] GC(8110) Concurrent Undo Cycle
[307.594s][info][gc] GC(8110) Concurrent Undo Cycle 1.760ms
[307.658s][info][gc] GC(8111) Pause Young (Concurrent Start) (G1 Humongous Allocation) 901M->75M(2000M) 1.613ms
[307.658s][info][gc] GC(8112) Concurrent Undo Cycle
[307.660s][info][gc] GC(8112) Concurrent Undo Cycle 1.856ms
[307.724s][info][gc] GC(8113) Pause Young (Concurrent Start) (G1 Humongous Allocation) 901M->71M(2000M) 1.411ms
[307.724s][info][gc] GC(8114) Concurrent Undo Cycle
[307.726s][info][gc] GC(8114) Concurrent Undo Cycle 1.840ms
[307.789s][info][gc] GC(8115) Pause Young (Concurrent Start) (G1 Humongous Allocation) 901M->71M(2000M) 1.341ms
[307.789s][info][gc] GC(8116) Concurrent Undo Cycle
[307.791s][info][gc] GC(8116) Concurrent Undo Cycle 1.808ms
[307.855s][info][gc] GC(8117) Pause Young (Concurrent Start) (G1 Humongous Allocation) 901M->75M(2000M) 1.485ms
[307.855s][info][gc] GC(8118) Concurrent Undo Cycle
[307.857s][info][gc] GC(8118) Concurrent Undo Cycle 1.779ms
[307.920s][info][gc] GC(8119) Pause Young (Concurrent Start) (G1 Humongous Allocation) 901M->71M(2000M) 1.469ms
[307.920s][info][gc] GC(8120) Concurrent Undo Cycle
[307.922s][info][gc] GC(8120) Concurrent Undo Cycle 1.856ms
[307.987s][info][gc] GC(8121) Pause Young (Concurrent Start) (G1 Humongous Allocation) 901M->71M(2000M) 1.476ms
[307.988s][info][gc] GC(8122) Concurrent Undo Cycle
[307.990s][info][gc] GC(8122) Concurrent Undo Cycle 1.898ms
[308.054s][info][gc] GC(8123) Pause Young (Concurrent Start) (G1 Humongous Allocation) 901M->75M(2000M) 1.484ms
[308.054s][info][gc] GC(8124) Concurrent Undo Cycle
[308.056s][info][gc] GC(8124) Concurrent Undo Cycle 1.864ms
[308.120s][info][gc] GC(8125) Pause Young (Concurrent Start) (G1 Humongous Allocation) 901M->71M(2000M) 1.483ms
[308.120s][info][gc] GC(8126) Concurrent Undo Cycle
[308.122s][info][gc] GC(8126) Concurrent Undo Cycle 1.778ms
[308.185s][info][gc] GC(8127) Pause Young (Concurrent Start) (G1 Humongous Allocation) 901M->71M(2000M) 1.326ms
[308.185s][info][gc] GC(8128) Concurrent Undo Cycle
[308.187s][info][gc] GC(8128) Concurrent Undo Cycle 1.795ms
[308.251s][info][gc] GC(8129) Pause Young (Concurrent Start) (G1 Humongous Allocation) 901M->75M(2000M) 1.458ms
[308.251s][info][gc] GC(8130) Concurrent Undo Cycle
[308.253s][info][gc] GC(8130) Concurrent Undo Cycle 1.749ms
[308.316s][info][gc] GC(8131) Pause Young (Concurrent Start) (G1 Humongous Allocation) 901M->71M(2000M) 1.687ms
[308.317s][info][gc] GC(8132) Concurrent Undo Cycle
[308.318s][info][gc] GC(8132) Concurrent Undo Cycle 1.914ms
[308.382s][info][gc] GC(8133) Pause Young (Concurrent Start) (G1 Humongous Allocation) 901M->71M(2000M) 1.469ms
[308.382s][info][gc] GC(8134) Concurrent Undo Cycle
[308.384s][info][gc] GC(8134) Concurrent Undo Cycle 1.811ms
[308.448s][info][gc] GC(8135) Pause Young (Concurrent Start) (G1 Humongous Allocation) 901M->75M(2000M) 1.320ms
[308.448s][info][gc] GC(8136) Concurrent Undo Cycle
[308.450s][info][gc] GC(8136) Concurrent Undo Cycle 1.808ms
[308.514s][info][gc] GC(8137) Pause Young (Concurrent Start) (G1 Humongous Allocation) 901M->71M(2000M) 1.436ms
[308.514s][info][gc] GC(8138) Concurrent Undo Cycle
[308.516s][info][gc] GC(8138) Concurrent Undo Cycle 1.849ms
[308.581s][info][gc] GC(8139) Pause Young (Concurrent Start) (G1 Humongous Allocation) 901M->71M(2000M) 1.637ms
[308.582s][info][gc] GC(8140) Concurrent Undo Cycle
[308.583s][info][gc] GC(8140) Concurrent Undo Cycle 1.846ms
[308.648s][info][gc] GC(8141) Pause Young (Concurrent Start) (G1 Humongous Allocation) 901M->75M(2000M) 1.502ms
[308.648s][info][gc] GC(8142) Concurrent Undo Cycle
[308.650s][info][gc] GC(8142) Concurrent Undo Cycle 1.864ms
[308.714s][info][gc] GC(8143) Pause Young (Concurrent Start) (G1 Humongous Allocation) 901M->71M(2000M) 1.458ms
[308.714s][info][gc] GC(8144) Concurrent Undo Cycle
[308.716s][info][gc] GC(8144) Concurrent Undo Cycle 1.923ms
[308.780s][info][gc] GC(8145) Pause Young (Concurrent Start) (G1 Humongous Allocation) 901M->71M(2000M) 1.586ms
[308.780s][info][gc] GC(8146) Concurrent Undo Cycle
[308.782s][info][gc] GC(8146) Concurrent Undo Cycle 1.932ms
[308.852s][info][gc] GC(8147) Pause Young (Concurrent Start) (G1 Humongous Allocation) 901M->75M(2000M) 1.154ms
[308.852s][info][gc] GC(8148) Concurrent Undo Cycle
[308.854s][info][gc] GC(8148) Concurrent Undo Cycle 1.844ms
[308.920s][info][gc] GC(8149) Pause Young (Concurrent Start) (G1 Humongous Allocation) 901M->71M(2000M) 1.488ms
[308.920s][info][gc] GC(8150) Concurrent Undo Cycle
[308.922s][info][gc] GC(8150) Concurrent Undo Cycle 1.942ms
[308.986s][info][gc] GC(8151) Pause Young (Concurrent Start) (G1 Humongous Allocation) 901M->71M(2000M) 1.402ms
[308.986s][info][gc] GC(8152) Concurrent Undo Cycle
[308.987s][info][gc] GC(8152) Concurrent Undo Cycle 1.894ms
[309.053s][info][gc] GC(8153) Pause Young (Concurrent Start) (G1 Humongous Allocation) 901M->75M(2000M) 1.496ms
[309.053s][info][gc] GC(8154) Concurrent Undo Cycle
[309.055s][info][gc] GC(8154) Concurrent Undo Cycle 1.936ms
[309.119s][info][gc] GC(8155) Pause Young (Concurrent Start) (G1 Humongous Allocation) 901M->71M(2000M) 1.488ms
[309.119s][info][gc] GC(8156) Concurrent Undo Cycle
[309.121s][info][gc] GC(8156) Concurrent Undo Cycle 2.064ms
[309.185s][info][gc] GC(8157) Pause Young (Concurrent Start) (G1 Humongous Allocation) 901M->71M(2000M) 1.371ms
[309.185s][info][gc] GC(8158) Concurrent Undo Cycle
[309.187s][info][gc] GC(8158) Concurrent Undo Cycle 1.861ms
[309.252s][info][gc] GC(8159) Pause Young (Concurrent Start) (G1 Humongous Allocation) 901M->75M(2000M) 1.537ms
[309.252s][info][gc] GC(8160) Concurrent Undo Cycle
[309.254s][info][gc] GC(8160) Concurrent Undo Cycle 1.762ms
[309.318s][info][gc] GC(8161) Pause Young (Concurrent Start) (G1 Humongous Allocation) 901M->71M(2000M) 1.461ms
[309.318s][info][gc] GC(8162) Concurrent Undo Cycle
[309.320s][info][gc] GC(8162) Concurrent Undo Cycle 1.910ms
[309.383s][info][gc] GC(8163) Pause Young (Concurrent Start) (G1 Humongous Allocation) 901M->71M(2000M) 1.341ms
[309.384s][info][gc] GC(8164) Concurrent Undo Cycle
[309.385s][info][gc] GC(8164) Concurrent Undo Cycle 1.780ms
[309.450s][info][gc] GC(8165) Pause Young (Concurrent Start) (G1 Humongous Allocation) 901M->75M(2000M) 1.609ms
[309.450s][info][gc] GC(8166) Concurrent Undo Cycle
[309.452s][info][gc] GC(8166) Concurrent Undo Cycle 1.861ms
[309.516s][info][gc] GC(8167) Pause Young (Concurrent Start) (G1 Humongous Allocation) 901M->71M(2000M) 1.613ms
[309.516s][info][gc] GC(8168) Concurrent Undo Cycle
[309.518s][info][gc] GC(8168) Concurrent Undo Cycle 1.920ms
[309.584s][info][gc] GC(8169) Pause Young (Concurrent Start) (G1 Humongous Allocation) 901M->71M(2000M) 1.522ms
[309.584s][info][gc] GC(8170) Concurrent Undo Cycle
[309.586s][info][gc] GC(8170) Concurrent Undo Cycle 1.931ms
[309.650s][info][gc] GC(8171) Pause Young (Concurrent Start) (G1 Humongous Allocation) 901M->75M(2000M) 1.559ms
[309.651s][info][gc] GC(8172) Concurrent Undo Cycle
[309.652s][info][gc] GC(8172) Concurrent Undo Cycle 1.811ms
[309.716s][info][gc] GC(8173) Pause Young (Concurrent Start) (G1 Humongous Allocation) 901M->71M(2000M) 1.383ms
[309.717s][info][gc] GC(8174) Concurrent Undo Cycle
[309.718s][info][gc] GC(8174) Concurrent Undo Cycle 1.864ms
[309.784s][info][gc] GC(8175) Pause Young (Concurrent Start) (G1 Humongous Allocation) 901M->71M(2000M) 1.644ms
[309.784s][info][gc] GC(8176) Concurrent Undo Cycle
[309.786s][info][gc] GC(8176) Concurrent Undo Cycle 1.831ms
[309.850s][info][gc] GC(8177) Pause Young (Concurrent Start) (G1 Humongous Allocation) 901M->75M(2000M) 1.451ms
[309.850s][info][gc] GC(8178) Concurrent Undo Cycle
[309.852s][info][gc] GC(8178) Concurrent Undo Cycle 1.904ms
[309.916s][info][gc] GC(8179) Pause Young (Concurrent Start) (G1 Humongous Allocation) 901M->71M(2000M) 1.557ms
[309.916s][info][gc] GC(8180) Concurrent Undo Cycle
[309.917s][info][gc] GC(8180) Concurrent Undo Cycle 1.837ms
[309.982s][info][gc] GC(8181) Pause Young (Concurrent Start) (G1 Humongous Allocation) 901M->71M(2000M) 1.504ms
[309.982s][info][gc] GC(8182) Concurrent Undo Cycle
[309.984s][info][gc] GC(8182) Concurrent Undo Cycle 1.824ms
[310.048s][info][gc] GC(8183) Pause Young (Concurrent Start) (G1 Humongous Allocation) 901M->75M(2000M) 1.542ms
[310.048s][info][gc] GC(8184) Concurrent Undo Cycle
[310.050s][info][gc] GC(8184) Concurrent Undo Cycle 1.984ms
[310.116s][info][gc] GC(8185) Pause Young (Concurrent Start) (G1 Humongous Allocation) 901M->71M(2000M) 1.417ms
[310.116s][info][gc] GC(8186) Concurrent Undo Cycle
[310.118s][info][gc] GC(8186) Concurrent Undo Cycle 1.932ms
[310.182s][info][gc] GC(8187) Pause Young (Concurrent Start) (G1 Humongous Allocation) 902M->71M(2000M) 1.488ms
[310.182s][info][gc] GC(8188) Concurrent Undo Cycle
[310.184s][info][gc] GC(8188) Concurrent Undo Cycle 1.871ms
[310.249s][info][gc] GC(8189) Pause Young (Concurrent Start) (G1 Humongous Allocation) 902M->76M(2000M) 1.817ms
[310.249s][info][gc] GC(8190) Concurrent Undo Cycle
[310.251s][info][gc] GC(8190) Concurrent Undo Cycle 1.947ms
[310.314s][info][gc] GC(8191) Pause Young (Concurrent Start) (G1 Humongous Allocation) 902M->72M(2000M) 1.435ms
[310.314s][info][gc] GC(8192) Concurrent Undo Cycle
[310.316s][info][gc] GC(8192) Concurrent Undo Cycle 1.929ms
[310.380s][info][gc] GC(8193) Pause Young (Concurrent Start) (G1 Humongous Allocation) 902M->72M(2000M) 1.488ms
[310.380s][info][gc] GC(8194) Concurrent Undo Cycle
[310.382s][info][gc] GC(8194) Concurrent Undo Cycle 1.940ms
[310.446s][info][gc] GC(8195) Pause Young (Concurrent Start) (G1 Humongous Allocation) 902M->76M(2000M) 1.495ms
[310.446s][info][gc] GC(8196) Concurrent Undo Cycle
[310.448s][info][gc] GC(8196) Concurrent Undo Cycle 1.932ms
[310.514s][info][gc] GC(8197) Pause Young (Concurrent Start) (G1 Humongous Allocation) 902M->72M(2000M) 1.518ms
[310.514s][info][gc] GC(8198) Concurrent Undo Cycle
[310.516s][info][gc] GC(8198) Concurrent Undo Cycle 1.903ms
[310.580s][info][gc] GC(8199) Pause Young (Concurrent Start) (G1 Humongous Allocation) 902M->72M(2000M) 1.528ms
[310.580s][info][gc] GC(8200) Concurrent Undo Cycle
[310.582s][info][gc] GC(8200) Concurrent Undo Cycle 1.863ms
[310.647s][info][gc] GC(8201) Pause Young (Concurrent Start) (G1 Humongous Allocation) 902M->76M(2000M) 1.533ms
[310.647s][info][gc] GC(8202) Concurrent Undo Cycle
[310.649s][info][gc] GC(8202) Concurrent Undo Cycle 1.878ms
[310.714s][info][gc] GC(8203) Pause Young (Concurrent Start) (G1 Humongous Allocation) 902M->72M(2000M) 1.409ms
[310.714s][info][gc] GC(8204) Concurrent Undo Cycle
[310.716s][info][gc] GC(8204) Concurrent Undo Cycle 1.853ms
[310.780s][info][gc] GC(8205) Pause Young (Concurrent Start) (G1 Humongous Allocation) 902M->72M(2000M) 1.689ms
[310.780s][info][gc] GC(8206) Concurrent Undo Cycle
[310.782s][info][gc] GC(8206) Concurrent Undo Cycle 1.862ms
[310.846s][info][gc] GC(8207) Pause Young (Concurrent Start) (G1 Humongous Allocation) 902M->76M(2000M) 1.479ms
[310.846s][info][gc] GC(8208) Concurrent Undo Cycle
[310.848s][info][gc] GC(8208) Concurrent Undo Cycle 2.068ms
[310.912s][info][gc] GC(8209) Pause Young (Concurrent Start) (G1 Humongous Allocation) 902M->72M(2000M) 1.454ms
[310.912s][info][gc] GC(8210) Concurrent Undo Cycle
[310.914s][info][gc] GC(8210) Concurrent Undo Cycle 1.897ms
[310.978s][info][gc] GC(8211) Pause Young (Concurrent Start) (G1 Humongous Allocation) 902M->72M(2000M) 1.494ms
[310.978s][info][gc] GC(8212) Concurrent Undo Cycle
[310.980s][info][gc] GC(8212) Concurrent Undo Cycle 1.807ms
[311.045s][info][gc] GC(8213) Pause Young (Concurrent Start) (G1 Humongous Allocation) 902M->76M(2000M) 1.672ms
[311.045s][info][gc] GC(8214) Concurrent Undo Cycle
[311.047s][info][gc] GC(8214) Concurrent Undo Cycle 1.897ms
[311.111s][info][gc] GC(8215) Pause Young (Concurrent Start) (G1 Humongous Allocation) 902M->72M(2000M) 1.493ms
[311.111s][info][gc] GC(8216) Concurrent Undo Cycle
[311.113s][info][gc] GC(8216) Concurrent Undo Cycle 1.890ms
[311.179s][info][gc] GC(8217) Pause Young (Concurrent Start) (G1 Humongous Allocation) 898M->76M(2000M) 1.464ms
[311.179s][info][gc] GC(8218) Concurrent Undo Cycle
[311.181s][info][gc] GC(8218) Concurrent Undo Cycle 1.800ms
[311.246s][info][gc] GC(8219) Pause Young (Concurrent Start) (G1 Humongous Allocation) 898M->72M(2000M) 1.427ms
[311.246s][info][gc] GC(8220) Concurrent Undo Cycle
[311.248s][info][gc] GC(8220) Concurrent Undo Cycle 1.827ms
[311.313s][info][gc] GC(8221) Pause Young (Concurrent Start) (G1 Humongous Allocation) 894M->72M(2000M) 1.512ms
[311.313s][info][gc] GC(8222) Concurrent Undo Cycle
[311.315s][info][gc] GC(8222) Concurrent Undo Cycle 1.865ms
[311.379s][info][gc] GC(8223) Pause Young (Concurrent Start) (G1 Humongous Allocation) 898M->76M(2000M) 1.571ms
[311.379s][info][gc] GC(8224) Concurrent Undo Cycle
[311.381s][info][gc] GC(8224) Concurrent Undo Cycle 1.909ms
[311.444s][info][gc] GC(8225) Pause Young (Concurrent Start) (G1 Humongous Allocation) 898M->72M(2000M) 1.513ms
[311.445s][info][gc] GC(8226) Concurrent Undo Cycle
[311.447s][info][gc] GC(8226) Concurrent Undo Cycle 2.020ms
[311.511s][info][gc] GC(8227) Pause Young (Concurrent Start) (G1 Humongous Allocation) 894M->72M(2000M) 1.435ms
[311.511s][info][gc] GC(8228) Concurrent Undo Cycle
[311.513s][info][gc] GC(8228) Concurrent Undo Cycle 1.873ms
[311.576s][info][gc] GC(8229) Pause Young (Concurrent Start) (G1 Humongous Allocation) 898M->76M(2000M) 1.551ms
[311.577s][info][gc] GC(8230) Concurrent Undo Cycle
[311.578s][info][gc] GC(8230) Concurrent Undo Cycle 1.843ms
[311.643s][info][gc] GC(8231) Pause Young (Concurrent Start) (G1 Humongous Allocation) 898M->72M(2000M) 1.541ms
[311.643s][info][gc] GC(8232) Concurrent Undo Cycle
[311.645s][info][gc] GC(8232) Concurrent Undo Cycle 2.000ms
[311.710s][info][gc] GC(8233) Pause Young (Concurrent Start) (G1 Humongous Allocation) 894M->72M(2000M) 1.440ms
[311.710s][info][gc] GC(8234) Concurrent Undo Cycle
[311.712s][info][gc] GC(8234) Concurrent Undo Cycle 1.930ms
[311.776s][info][gc] GC(8235) Pause Young (Concurrent Start) (G1 Humongous Allocation) 898M->76M(2000M) 1.345ms
[311.776s][info][gc] GC(8236) Concurrent Undo Cycle
[311.778s][info][gc] GC(8236) Concurrent Undo Cycle 1.853ms
[311.842s][info][gc] GC(8237) Pause Young (Concurrent Start) (G1 Humongous Allocation) 898M->72M(2000M) 1.448ms
[311.842s][info][gc] GC(8238) Concurrent Undo Cycle
[311.844s][info][gc] GC(8238) Concurrent Undo Cycle 1.779ms
[311.908s][info][gc] GC(8239) Pause Young (Concurrent Start) (G1 Humongous Allocation) 894M->72M(2000M) 1.796ms
[311.908s][info][gc] GC(8240) Concurrent Undo Cycle
[311.910s][info][gc] GC(8240) Concurrent Undo Cycle 1.924ms
[311.974s][info][gc] GC(8241) Pause Young (Concurrent Start) (G1 Humongous Allocation) 898M->76M(2000M) 1.708ms
[311.974s][info][gc] GC(8242) Concurrent Undo Cycle
[311.976s][info][gc] GC(8242) Concurrent Undo Cycle 1.827ms
[312.039s][info][gc] GC(8243) Pause Young (Concurrent Start) (G1 Humongous Allocation) 898M->72M(2000M) 1.515ms
[312.040s][info][gc] GC(8244) Concurrent Undo Cycle
[312.041s][info][gc] GC(8244) Concurrent Undo Cycle 1.819ms
[312.105s][info][gc] GC(8245) Pause Young (Concurrent Start) (G1 Humongous Allocation) 894M->72M(2000M) 1.500ms
[312.105s][info][gc] GC(8246) Concurrent Undo Cycle
[312.107s][info][gc] GC(8246) Concurrent Undo Cycle 1.873ms
[312.171s][info][gc] GC(8247) Pause Young (Concurrent Start) (G1 Humongous Allocation) 898M->76M(2000M) 1.442ms
[312.171s][info][gc] GC(8248) Concurrent Undo Cycle
[312.173s][info][gc] GC(8248) Concurrent Undo Cycle 1.887ms
[312.239s][info][gc] GC(8249) Pause Young (Concurrent Start) (G1 Humongous Allocation) 898M->72M(2000M) 1.534ms
[312.239s][info][gc] GC(8250) Concurrent Undo Cycle
[312.240s][info][gc] GC(8250) Concurrent Undo Cycle 1.809ms
[312.305s][info][gc] GC(8251) Pause Young (Concurrent Start) (G1 Humongous Allocation) 894M->72M(2000M) 1.687ms
[312.305s][info][gc] GC(8252) Concurrent Undo Cycle
[312.307s][info][gc] GC(8252) Concurrent Undo Cycle 2.027ms
[312.371s][info][gc] GC(8253) Pause Young (Concurrent Start) (G1 Humongous Allocation) 898M->76M(2000M) 1.492ms
[312.371s][info][gc] GC(8254) Concurrent Undo Cycle
[312.373s][info][gc] GC(8254) Concurrent Undo Cycle 1.767ms
[312.437s][info][gc] GC(8255) Pause Young (Concurrent Start) (G1 Humongous Allocation) 898M->72M(2000M) 1.541ms
[312.437s][info][gc] GC(8256) Concurrent Undo Cycle
[312.439s][info][gc] GC(8256) Concurrent Undo Cycle 1.851ms
[312.502s][info][gc] GC(8257) Pause Young (Concurrent Start) (G1 Humongous Allocation) 894M->72M(2000M) 1.543ms
[312.502s][info][gc] GC(8258) Concurrent Undo Cycle
[312.504s][info][gc] GC(8258) Concurrent Undo Cycle 1.871ms
[312.568s][info][gc] GC(8259) Pause Young (Concurrent Start) (G1 Humongous Allocation) 898M->76M(2000M) 1.617ms
[312.568s][info][gc] GC(8260) Concurrent Undo Cycle
[312.570s][info][gc] GC(8260) Concurrent Undo Cycle 1.888ms
[312.634s][info][gc] GC(8261) Pause Young (Concurrent Start) (G1 Humongous Allocation) 898M->72M(2000M) 1.353ms
[312.634s][info][gc] GC(8262) Concurrent Undo Cycle
[312.636s][info][gc] GC(8262) Concurrent Undo Cycle 1.988ms
[312.700s][info][gc] GC(8263) Pause Young (Concurrent Start) (G1 Humongous Allocation) 894M->72M(2000M) 1.572ms
[312.700s][info][gc] GC(8264) Concurrent Undo Cycle
[312.702s][info][gc] GC(8264) Concurrent Undo Cycle 2.165ms
[312.769s][info][gc] GC(8265) Pause Young (Concurrent Start) (G1 Humongous Allocation) 898M->76M(2000M) 1.531ms
[312.769s][info][gc] GC(8266) Concurrent Undo Cycle
[312.771s][info][gc] GC(8266) Concurrent Undo Cycle 1.865ms
[312.835s][info][gc] GC(8267) Pause Young (Concurrent Start) (G1 Humongous Allocation) 898M->72M(2000M) 1.661ms
[312.835s][info][gc] GC(8268) Concurrent Undo Cycle
[312.837s][info][gc] GC(8268) Concurrent Undo Cycle 1.977ms
[312.901s][info][gc] GC(8269) Pause Young (Concurrent Start) (G1 Humongous Allocation) 894M->72M(2000M) 1.556ms
[312.901s][info][gc] GC(8270) Concurrent Undo Cycle
[312.903s][info][gc] GC(8270) Concurrent Undo Cycle 1.955ms
[312.967s][info][gc] GC(8271) Pause Young (Concurrent Start) (G1 Humongous Allocation) 898M->76M(2000M) 1.402ms
[312.967s][info][gc] GC(8272) Concurrent Undo Cycle
[312.969s][info][gc] GC(8272) Concurrent Undo Cycle 1.758ms
[313.033s][info][gc] GC(8273) Pause Young (Concurrent Start) (G1 Humongous Allocation) 898M->72M(2000M) 1.521ms
[313.033s][info][gc] GC(8274) Concurrent Undo Cycle
[313.035s][info][gc] GC(8274) Concurrent Undo Cycle 1.905ms
[313.099s][info][gc] GC(8275) Pause Young (Concurrent Start) (G1 Humongous Allocation) 894M->72M(2000M) 1.487ms
[313.099s][info][gc] GC(8276) Concurrent Undo Cycle
[313.101s][info][gc] GC(8276) Concurrent Undo Cycle 1.842ms
[313.165s][info][gc] GC(8277) Pause Young (Concurrent Start) (G1 Humongous Allocation) 898M->76M(2000M) 1.476ms
[313.165s][info][gc] GC(8278) Concurrent Undo Cycle
[313.167s][info][gc] GC(8278) Concurrent Undo Cycle 1.775ms
[313.231s][info][gc] GC(8279) Pause Young (Concurrent Start) (G1 Humongous Allocation) 898M->72M(2000M) 1.379ms
[313.231s][info][gc] GC(8280) Concurrent Undo Cycle
[313.233s][info][gc] GC(8280) Concurrent Undo Cycle 1.841ms
[313.298s][info][gc] GC(8281) Pause Young (Concurrent Start) (G1 Humongous Allocation) 894M->72M(2000M) 1.472ms
[313.298s][info][gc] GC(8282) Concurrent Undo Cycle
[313.300s][info][gc] GC(8282) Concurrent Undo Cycle 1.846ms
[313.365s][info][gc] GC(8283) Pause Young (Concurrent Start) (G1 Humongous Allocation) 898M->76M(2000M) 1.758ms
[313.365s][info][gc] GC(8284) Concurrent Undo Cycle
[313.367s][info][gc] GC(8284) Concurrent Undo Cycle 1.886ms
[313.431s][info][gc] GC(8285) Pause Young (Concurrent Start) (G1 Humongous Allocation) 898M->72M(2000M) 1.516ms
[313.431s][info][gc] GC(8286) Concurrent Undo Cycle
[313.433s][info][gc] GC(8286) Concurrent Undo Cycle 1.962ms
[313.498s][info][gc] GC(8287) Pause Young (Concurrent Start) (G1 Humongous Allocation) 894M->72M(2000M) 1.846ms
[313.498s][info][gc] GC(8288) Concurrent Undo Cycle
[313.500s][info][gc] GC(8288) Concurrent Undo Cycle 1.880ms
[313.565s][info][gc] GC(8289) Pause Young (Concurrent Start) (G1 Humongous Allocation) 898M->76M(2000M) 1.473ms
[313.565s][info][gc] GC(8290) Concurrent Undo Cycle
[313.567s][info][gc] GC(8290) Concurrent Undo Cycle 1.822ms
[313.630s][info][gc] GC(8291) Pause Young (Concurrent Start) (G1 Humongous Allocation) 898M->72M(2000M) 1.412ms
[313.631s][info][gc] GC(8292) Concurrent Undo Cycle
[313.632s][info][gc] GC(8292) Concurrent Undo Cycle 1.803ms
[313.696s][info][gc] GC(8293) Pause Young (Concurrent Start) (G1 Humongous Allocation) 894M->72M(2000M) 1.414ms
[313.697s][info][gc] GC(8294) Concurrent Undo Cycle
[313.698s][info][gc] GC(8294) Concurrent Undo Cycle 1.973ms
[313.763s][info][gc] GC(8295) Pause Young (Concurrent Start) (G1 Humongous Allocation) 898M->76M(2000M) 1.426ms
[313.763s][info][gc] GC(8296) Concurrent Undo Cycle
[313.765s][info][gc] GC(8296) Concurrent Undo Cycle 1.791ms
[313.830s][info][gc] GC(8297) Pause Young (Concurrent Start) (G1 Humongous Allocation) 898M->72M(2000M) 1.629ms
[313.830s][info][gc] GC(8298) Concurrent Undo Cycle
[313.832s][info][gc] GC(8298) Concurrent Undo Cycle 1.962ms
[313.897s][info][gc] GC(8299) Pause Young (Concurrent Start) (G1 Humongous Allocation) 894M->72M(2000M) 1.370ms
[313.897s][info][gc] GC(8300) Concurrent Undo Cycle
[313.899s][info][gc] GC(8300) Concurrent Undo Cycle 1.929ms
[313.964s][info][gc] GC(8301) Pause Young (Concurrent Start) (G1 Humongous Allocation) 898M->76M(2000M) 1.453ms
[313.964s][info][gc] GC(8302) Concurrent Undo Cycle
[313.966s][info][gc] GC(8302) Concurrent Undo Cycle 1.825ms
[314.030s][info][gc] GC(8303) Pause Young (Concurrent Start) (G1 Humongous Allocation) 898M->72M(2000M) 1.595ms
[314.030s][info][gc] GC(8304) Concurrent Undo Cycle
[314.032s][info][gc] GC(8304) Concurrent Undo Cycle 1.939ms
[314.096s][info][gc] GC(8305) Pause Young (Concurrent Start) (G1 Humongous Allocation) 896M->72M(2000M) 1.507ms
[314.096s][info][gc] GC(8306) Concurrent Undo Cycle
[314.098s][info][gc] GC(8306) Concurrent Undo Cycle 1.928ms
[314.162s][info][gc] GC(8307) Pause Young (Concurrent Start) (G1 Humongous Allocation) 898M->76M(2000M) 1.545ms
[314.162s][info][gc] GC(8308) Concurrent Undo Cycle
[314.164s][info][gc] GC(8308) Concurrent Undo Cycle 1.950ms
[314.228s][info][gc] GC(8309) Pause Young (Concurrent Start) (G1 Humongous Allocation) 898M->72M(2000M) 1.333ms
[314.228s][info][gc] GC(8310) Concurrent Undo Cycle
[314.229s][info][gc] GC(8310) Concurrent Undo Cycle 1.752ms
[314.294s][info][gc] GC(8311) Pause Young (Concurrent Start) (G1 Humongous Allocation) 894M->72M(2000M) 1.354ms
[314.294s][info][gc] GC(8312) Concurrent Undo Cycle
[314.296s][info][gc] GC(8312) Concurrent Undo Cycle 1.771ms
[314.361s][info][gc] GC(8313) Pause Young (Concurrent Start) (G1 Humongous Allocation) 898M->76M(2000M) 1.529ms
[314.361s][info][gc] GC(8314) Concurrent Undo Cycle
[314.363s][info][gc] GC(8314) Concurrent Undo Cycle 1.906ms
[314.428s][info][gc] GC(8315) Pause Young (Concurrent Start) (G1 Humongous Allocation) 898M->72M(2000M) 1.596ms
[314.428s][info][gc] GC(8316) Concurrent Undo Cycle
[314.430s][info][gc] GC(8316) Concurrent Undo Cycle 1.968ms
[314.494s][info][gc] GC(8317) Pause Young (Concurrent Start) (G1 Humongous Allocation) 894M->72M(2000M) 1.379ms
[314.494s][info][gc] GC(8318) Concurrent Undo Cycle
[314.496s][info][gc] GC(8318) Concurrent Undo Cycle 1.842ms
[314.560s][info][gc] GC(8319) Pause Young (Concurrent Start) (G1 Humongous Allocation) 898M->76M(2000M) 1.457ms
[314.560s][info][gc] GC(8320) Concurrent Undo Cycle
[314.562s][info][gc] GC(8320) Concurrent Undo Cycle 1.787ms
[314.627s][info][gc] GC(8321) Pause Young (Concurrent Start) (G1 Humongous Allocation) 898M->72M(2000M) 2.292ms
[314.627s][info][gc] GC(8322) Concurrent Undo Cycle
[314.629s][info][gc] GC(8322) Concurrent Undo Cycle 1.807ms
[314.693s][info][gc] GC(8323) Pause Young (Concurrent Start) (G1 Humongous Allocation) 894M->72M(2000M) 1.606ms
[314.693s][info][gc] GC(8324) Concurrent Undo Cycle
[314.695s][info][gc] GC(8324) Concurrent Undo Cycle 1.859ms
[314.759s][info][gc] GC(8325) Pause Young (Concurrent Start) (G1 Humongous Allocation) 898M->76M(2000M) 1.343ms
[314.759s][info][gc] GC(8326) Concurrent Undo Cycle
[314.760s][info][gc] GC(8326) Concurrent Undo Cycle 1.780ms
[314.825s][info][gc] GC(8327) Pause Young (Concurrent Start) (G1 Humongous Allocation) 899M->72M(2000M) 1.421ms
[314.825s][info][gc] GC(8328) Concurrent Undo Cycle
[314.827s][info][gc] GC(8328) Concurrent Undo Cycle 1.785ms
[314.892s][info][gc] GC(8329) Pause Young (Concurrent Start) (G1 Humongous Allocation) 895M->73M(2000M) 1.463ms
[314.892s][info][gc] GC(8330) Concurrent Undo Cycle
[314.894s][info][gc] GC(8330) Concurrent Undo Cycle 1.865ms
[314.959s][info][gc] GC(8331) Pause Young (Concurrent Start) (G1 Humongous Allocation) 899M->77M(2000M) 1.396ms
[314.959s][info][gc] GC(8332) Concurrent Undo Cycle
[314.961s][info][gc] GC(8332) Concurrent Undo Cycle 1.969ms
[315.025s][info][gc] GC(8333) Pause Young (Concurrent Start) (G1 Humongous Allocation) 899M->73M(2000M) 1.637ms
[315.025s][info][gc] GC(8334) Concurrent Undo Cycle
[315.027s][info][gc] GC(8334) Concurrent Undo Cycle 1.837ms
[315.091s][info][gc] GC(8335) Pause Young (Concurrent Start) (G1 Humongous Allocation) 897M->73M(2000M) 1.477ms
[315.091s][info][gc] GC(8336) Concurrent Undo Cycle
[315.093s][info][gc] GC(8336) Concurrent Undo Cycle 1.940ms
[315.158s][info][gc] GC(8337) Pause Young (Concurrent Start) (G1 Humongous Allocation) 901M->77M(2000M) 1.488ms
[315.158s][info][gc] GC(8338) Concurrent Undo Cycle
[315.160s][info][gc] GC(8338) Concurrent Undo Cycle 1.936ms
[315.226s][info][gc] GC(8339) Pause Young (Concurrent Start) (G1 Humongous Allocation) 899M->73M(2000M) 1.389ms
[315.226s][info][gc] GC(8340) Concurrent Undo Cycle
[315.228s][info][gc] GC(8340) Concurrent Undo Cycle 1.837ms
[315.293s][info][gc] GC(8341) Pause Young (Concurrent Start) (G1 Humongous Allocation) 895M->73M(2000M) 1.605ms
[315.293s][info][gc] GC(8342) Concurrent Undo Cycle
[315.295s][info][gc] GC(8342) Concurrent Undo Cycle 1.933ms
[315.360s][info][gc] GC(8343) Pause Young (Concurrent Start) (G1 Humongous Allocation) 899M->77M(2000M) 1.736ms
[315.360s][info][gc] GC(8344) Concurrent Undo Cycle
[315.362s][info][gc] GC(8344) Concurrent Undo Cycle 1.864ms
[315.427s][info][gc] GC(8345) Pause Young (Concurrent Start) (G1 Humongous Allocation) 899M->73M(2000M) 1.496ms
[315.427s][info][gc] GC(8346) Concurrent Undo Cycle
[315.429s][info][gc] GC(8346) Concurrent Undo Cycle 2.053ms
[315.494s][info][gc] GC(8347) Pause Young (Concurrent Start) (G1 Humongous Allocation) 895M->73M(2000M) 1.568ms
[315.494s][info][gc] GC(8348) Concurrent Undo Cycle
[315.496s][info][gc] GC(8348) Concurrent Undo Cycle 1.955ms
[315.561s][info][gc] GC(8349) Pause Young (Concurrent Start) (G1 Humongous Allocation) 899M->77M(2000M) 1.591ms
[315.561s][info][gc] GC(8350) Concurrent Undo Cycle
[315.563s][info][gc] GC(8350) Concurrent Undo Cycle 1.847ms
[315.627s][info][gc] GC(8351) Pause Young (Concurrent Start) (G1 Humongous Allocation) 899M->73M(2000M) 1.504ms
[315.627s][info][gc] GC(8352) Concurrent Undo Cycle
[315.629s][info][gc] GC(8352) Concurrent Undo Cycle 1.785ms
[315.693s][info][gc] GC(8353) Pause Young (Concurrent Start) (G1 Humongous Allocation) 895M->73M(2000M) 1.401ms
[315.693s][info][gc] GC(8354) Concurrent Undo Cycle
[315.695s][info][gc] GC(8354) Concurrent Undo Cycle 2.059ms
[315.759s][info][gc] GC(8355) Pause Young (Concurrent Start) (G1 Humongous Allocation) 899M->77M(2000M) 1.358ms
[315.759s][info][gc] GC(8356) Concurrent Undo Cycle
[315.761s][info][gc] GC(8356) Concurrent Undo Cycle 1.749ms
[315.827s][info][gc] GC(8357) Pause Young (Concurrent Start) (G1 Humongous Allocation) 899M->73M(2000M) 1.667ms
[315.827s][info][gc] GC(8358) Concurrent Undo Cycle
[315.829s][info][gc] GC(8358) Concurrent Undo Cycle 1.840ms
[315.894s][info][gc] GC(8359) Pause Young (Concurrent Start) (G1 Humongous Allocation) 895M->73M(2000M) 1.761ms
[315.894s][info][gc] GC(8360) Concurrent Undo Cycle
[315.896s][info][gc] GC(8360) Concurrent Undo Cycle 1.901ms
[315.962s][info][gc] GC(8361) Pause Young (Concurrent Start) (G1 Humongous Allocation) 899M->77M(2000M) 1.515ms
[315.962s][info][gc] GC(8362) Concurrent Undo Cycle
[315.963s][info][gc] GC(8362) Concurrent Undo Cycle 1.803ms
[316.028s][info][gc] GC(8363) Pause Young (Concurrent Start) (G1 Humongous Allocation) 899M->73M(2000M) 1.413ms
[316.028s][info][gc] GC(8364) Concurrent Undo Cycle
[316.030s][info][gc] GC(8364) Concurrent Undo Cycle 2.013ms
[316.094s][info][gc] GC(8365) Pause Young (Concurrent Start) (G1 Humongous Allocation) 895M->73M(2000M) 1.481ms
[316.094s][info][gc] GC(8366) Concurrent Undo Cycle
[316.096s][info][gc] GC(8366) Concurrent Undo Cycle 2.001ms
[316.160s][info][gc] GC(8367) Pause Young (Concurrent Start) (G1 Humongous Allocation) 899M->77M(2000M) 1.547ms
[316.160s][info][gc] GC(8368) Concurrent Undo Cycle
[316.162s][info][gc] GC(8368) Concurrent Undo Cycle 1.781ms
[316.226s][info][gc] GC(8369) Pause Young (Concurrent Start) (G1 Humongous Allocation) 899M->73M(2000M) 1.387ms
[316.226s][info][gc] GC(8370) Concurrent Undo Cycle
[316.228s][info][gc] GC(8370) Concurrent Undo Cycle 1.792ms
[316.292s][info][gc] GC(8371) Pause Young (Concurrent Start) (G1 Humongous Allocation) 895M->73M(2000M) 1.445ms
[316.292s][info][gc] GC(8372) Concurrent Undo Cycle
[316.294s][info][gc] GC(8372) Concurrent Undo Cycle 1.931ms
[316.358s][info][gc] GC(8373) Pause Young (Concurrent Start) (G1 Humongous Allocation) 899M->77M(2000M) 1.413ms
[316.358s][info][gc] GC(8374) Concurrent Undo Cycle
[316.360s][info][gc] GC(8374) Concurrent Undo Cycle 1.761ms
[316.425s][info][gc] GC(8375) Pause Young (Concurrent Start) (G1 Humongous Allocation) 899M->73M(2000M) 1.498ms
[316.425s][info][gc] GC(8376) Concurrent Undo Cycle
[316.427s][info][gc] GC(8376) Concurrent Undo Cycle 1.903ms
[316.492s][info][gc] GC(8377) Pause Young (Concurrent Start) (G1 Humongous Allocation) 895M->73M(2000M) 1.503ms
[316.492s][info][gc] GC(8378) Concurrent Undo Cycle
[316.494s][info][gc] GC(8378) Concurrent Undo Cycle 2.135ms
[316.560s][info][gc] GC(8379) Pause Young (Concurrent Start) (G1 Humongous Allocation) 899M->77M(2000M) 1.674ms
[316.560s][info][gc] GC(8380) Concurrent Undo Cycle
[316.562s][info][gc] GC(8380) Concurrent Undo Cycle 1.897ms
[316.626s][info][gc] GC(8381) Pause Young (Concurrent Start) (G1 Humongous Allocation) 899M->73M(2000M) 1.572ms
[316.626s][info][gc] GC(8382) Concurrent Undo Cycle
[316.628s][info][gc] GC(8382) Concurrent Undo Cycle 1.893ms
[316.692s][info][gc] GC(8383) Pause Young (Concurrent Start) (G1 Humongous Allocation) 895M->73M(2000M) 1.396ms
[316.692s][info][gc] GC(8384) Concurrent Undo Cycle
[316.694s][info][gc] GC(8384) Concurrent Undo Cycle 1.881ms
[316.759s][info][gc] GC(8385) Pause Young (Concurrent Start) (G1 Humongous Allocation) 899M->77M(2000M) 1.499ms
[316.759s][info][gc] GC(8386) Concurrent Undo Cycle
[316.761s][info][gc] GC(8386) Concurrent Undo Cycle 1.907ms
[316.825s][info][gc] GC(8387) Pause Young (Concurrent Start) (G1 Humongous Allocation) 899M->73M(2000M) 1.509ms
[316.825s][info][gc] GC(8388) Concurrent Undo Cycle
[316.827s][info][gc] GC(8388) Concurrent Undo Cycle 1.813ms
[316.891s][info][gc] GC(8389) Pause Young (Concurrent Start) (G1 Humongous Allocation) 895M->73M(2000M) 1.583ms
[316.891s][info][gc] GC(8390) Concurrent Undo Cycle
[316.893s][info][gc] GC(8390) Concurrent Undo Cycle 2.013ms
[316.958s][info][gc] GC(8391) Pause Young (Concurrent Start) (G1 Humongous Allocation) 899M->77M(2000M) 1.498ms
[316.958s][info][gc] GC(8392) Concurrent Undo Cycle
[316.960s][info][gc] GC(8392) Concurrent Undo Cycle 1.935ms
[317.027s][info][gc] GC(8393) Pause Young (Concurrent Start) (G1 Humongous Allocation) 899M->73M(2000M) 1.506ms
[317.027s][info][gc] GC(8394) Concurrent Undo Cycle
[317.029s][info][gc] GC(8394) Concurrent Undo Cycle 1.821ms
[317.094s][info][gc] GC(8395) Pause Young (Concurrent Start) (G1 Humongous Allocation) 895M->73M(2000M) 1.388ms
[317.094s][info][gc] GC(8396) Concurrent Undo Cycle
[317.096s][info][gc] GC(8396) Concurrent Undo Cycle 1.892ms
[317.160s][info][gc] GC(8397) Pause Young (Concurrent Start) (G1 Humongous Allocation) 899M->77M(2000M) 1.557ms
[317.161s][info][gc] GC(8398) Concurrent Undo Cycle
[317.163s][info][gc] GC(8398) Concurrent Undo Cycle 2.014ms
[317.227s][info][gc] GC(8399) Pause Young (Concurrent Start) (G1 Humongous Allocation) 899M->73M(2000M) 1.559ms
[317.227s][info][gc] GC(8400) Concurrent Undo Cycle
[317.229s][info][gc] GC(8400) Concurrent Undo Cycle 1.970ms
[317.294s][info][gc] GC(8401) Pause Young (Concurrent Start) (G1 Humongous Allocation) 895M->73M(2000M) 1.495ms
[317.294s][info][gc] GC(8402) Concurrent Undo Cycle
[317.296s][info][gc] GC(8402) Concurrent Undo Cycle 1.909ms
[317.361s][info][gc] GC(8403) Pause Young (Concurrent Start) (G1 Humongous Allocation) 899M->77M(2000M) 1.394ms
[317.361s][info][gc] GC(8404) Concurrent Undo Cycle
[317.363s][info][gc] GC(8404) Concurrent Undo Cycle 1.863ms
[317.428s][info][gc] GC(8405) Pause Young (Concurrent Start) (G1 Humongous Allocation) 899M->73M(2000M) 1.627ms
[317.428s][info][gc] GC(8406) Concurrent Undo Cycle
[317.430s][info][gc] GC(8406) Concurrent Undo Cycle 1.886ms
[317.497s][info][gc] GC(8407) Pause Young (Concurrent Start) (G1 Humongous Allocation) 895M->73M(2000M) 1.520ms
[317.497s][info][gc] GC(8408) Concurrent Undo Cycle
[317.499s][info][gc] GC(8408) Concurrent Undo Cycle 1.927ms
[317.565s][info][gc] GC(8409) Pause Young (Concurrent Start) (G1 Humongous Allocation) 899M->77M(2000M) 1.579ms
[317.565s][info][gc] GC(8410) Concurrent Undo Cycle
[317.567s][info][gc] GC(8410) Concurrent Undo Cycle 1.873ms
[317.634s][info][gc] GC(8411) Pause Young (Concurrent Start) (G1 Humongous Allocation) 899M->73M(2000M) 1.533ms
[317.634s][info][gc] GC(8412) Concurrent Undo Cycle
[317.636s][info][gc] GC(8412) Concurrent Undo Cycle 1.944ms
[317.700s][info][gc] GC(8413) Pause Young (Concurrent Start) (G1 Humongous Allocation) 895M->73M(2000M) 1.471ms
[317.700s][info][gc] GC(8414) Concurrent Undo Cycle
[317.702s][info][gc] GC(8414) Concurrent Undo Cycle 1.931ms
[317.767s][info][gc] GC(8415) Pause Young (Concurrent Start) (G1 Humongous Allocation) 899M->77M(2000M) 1.572ms
[317.768s][info][gc] GC(8416) Concurrent Undo Cycle
[317.769s][info][gc] GC(8416) Concurrent Undo Cycle 1.862ms
[317.835s][info][gc] GC(8417) Pause Young (Concurrent Start) (G1 Humongous Allocation) 899M->73M(2000M) 1.462ms
[317.835s][info][gc] GC(8418) Concurrent Undo Cycle
[317.837s][info][gc] GC(8418) Concurrent Undo Cycle 1.950ms
[317.902s][info][gc] GC(8419) Pause Young (Concurrent Start) (G1 Humongous Allocation) 895M->73M(2000M) 1.735ms
[317.902s][info][gc] GC(8420) Concurrent Undo Cycle
[317.904s][info][gc] GC(8420) Concurrent Undo Cycle 1.842ms
[317.970s][info][gc] GC(8421) Pause Young (Concurrent Start) (G1 Humongous Allocation) 899M->77M(2000M) 1.559ms
[317.970s][info][gc] GC(8422) Concurrent Undo Cycle
[317.972s][info][gc] GC(8422) Concurrent Undo Cycle 2.103ms
[318.038s][info][gc] GC(8423) Pause Young (Concurrent Start) (G1 Humongous Allocation) 899M->73M(2000M) 1.606ms
[318.038s][info][gc] GC(8424) Concurrent Undo Cycle
[318.040s][info][gc] GC(8424) Concurrent Undo Cycle 1.886ms
[318.105s][info][gc] GC(8425) Pause Young (Concurrent Start) (G1 Humongous Allocation) 895M->73M(2000M) 1.327ms
[318.105s][info][gc] GC(8426) Concurrent Undo Cycle
[318.107s][info][gc] GC(8426) Concurrent Undo Cycle 1.954ms
[318.173s][info][gc] GC(8427) Pause Young (Concurrent Start) (G1 Humongous Allocation) 899M->77M(2000M) 1.518ms
[318.173s][info][gc] GC(8428) Concurrent Undo Cycle
[318.175s][info][gc] GC(8428) Concurrent Undo Cycle 1.879ms
[318.240s][info][gc] GC(8429) Pause Young (Concurrent Start) (G1 Humongous Allocation) 899M->73M(2000M) 1.570ms
[318.240s][info][gc] GC(8430) Concurrent Undo Cycle
[318.242s][info][gc] GC(8430) Concurrent Undo Cycle 2.010ms
[318.307s][info][gc] GC(8431) Pause Young (Concurrent Start) (G1 Humongous Allocation) 895M->73M(2000M) 1.602ms
[318.307s][info][gc] GC(8432) Concurrent Undo Cycle
[318.309s][info][gc] GC(8432) Concurrent Undo Cycle 1.948ms
[318.374s][info][gc] GC(8433) Pause Young (Concurrent Start) (G1 Humongous Allocation) 899M->77M(2000M) 1.539ms
[318.374s][info][gc] GC(8434) Concurrent Undo Cycle
[318.376s][info][gc] GC(8434) Concurrent Undo Cycle 1.870ms
[318.440s][info][gc] GC(8435) Pause Young (Concurrent Start) (G1 Humongous Allocation) 899M->73M(2000M) 1.780ms
[318.440s][info][gc] GC(8436) Concurrent Undo Cycle
[318.442s][info][gc] GC(8436) Concurrent Undo Cycle 1.856ms
[318.507s][info][gc] GC(8437) Pause Young (Concurrent Start) (G1 Humongous Allocation) 895M->73M(2000M) 1.423ms
[318.507s][info][gc] GC(8438) Concurrent Undo Cycle
[318.509s][info][gc] GC(8438) Concurrent Undo Cycle 2.027ms
[318.575s][info][gc] GC(8439) Pause Young (Concurrent Start) (G1 Humongous Allocation) 899M->77M(2000M) 1.514ms
[318.575s][info][gc] GC(8440) Concurrent Undo Cycle
[318.577s][info][gc] GC(8440) Concurrent Undo Cycle 1.846ms
[318.642s][info][gc] GC(8441) Pause Young (Concurrent Start) (G1 Humongous Allocation) 899M->73M(2000M) 1.514ms
[318.642s][info][gc] GC(8442) Concurrent Undo Cycle
[318.644s][info][gc] GC(8442) Concurrent Undo Cycle 1.781ms
[318.709s][info][gc] GC(8443) Pause Young (Concurrent Start) (G1 Humongous Allocation) 895M->73M(2000M) 1.512ms
[318.709s][info][gc] GC(8444) Concurrent Undo Cycle
[318.711s][info][gc] GC(8444) Concurrent Undo Cycle 1.836ms
[318.776s][info][gc] GC(8445) Pause Young (Concurrent Start) (G1 Humongous Allocation) 899M->77M(2000M) 1.486ms
[318.776s][info][gc] GC(8446) Concurrent Undo Cycle
[318.778s][info][gc] GC(8446) Concurrent Undo Cycle 1.859ms
[318.843s][info][gc] GC(8447) Pause Young (Concurrent Start) (G1 Humongous Allocation) 899M->73M(2000M) 1.315ms
[318.844s][info][gc] GC(8448) Concurrent Undo Cycle
[318.845s][info][gc] GC(8448) Concurrent Undo Cycle 1.738ms
[318.911s][info][gc] GC(8449) Pause Young (Concurrent Start) (G1 Humongous Allocation) 895M->73M(2000M) 1.556ms
[318.911s][info][gc] GC(8450) Concurrent Undo Cycle
[318.913s][info][gc] GC(8450) Concurrent Undo Cycle 1.853ms
[318.978s][info][gc] GC(8451) Pause Young (Concurrent Start) (G1 Humongous Allocation) 899M->77M(2000M) 1.401ms
[318.978s][info][gc] GC(8452) Concurrent Undo Cycle
[318.980s][info][gc] GC(8452) Concurrent Undo Cycle 1.833ms
[319.045s][info][gc] GC(8453) Pause Young (Concurrent Start) (G1 Humongous Allocation) 899M->73M(2000M) 1.455ms
[319.045s][info][gc] GC(8454) Concurrent Undo Cycle
[319.047s][info][gc] GC(8454) Concurrent Undo Cycle 1.954ms
[319.113s][info][gc] GC(8455) Pause Young (Concurrent Start) (G1 Humongous Allocation) 895M->73M(2000M) 1.710ms
[319.113s][info][gc] GC(8456) Concurrent Undo Cycle
[319.115s][info][gc] GC(8456) Concurrent Undo Cycle 1.990ms
[319.182s][info][gc] GC(8457) Pause Young (Concurrent Start) (G1 Humongous Allocation) 900M->77M(2000M) 1.531ms
[319.182s][info][gc] GC(8458) Concurrent Undo Cycle
[319.184s][info][gc] GC(8458) Concurrent Undo Cycle 2.233ms
[319.249s][info][gc] GC(8459) Pause Young (Concurrent Start) (G1 Humongous Allocation) 899M->73M(2000M) 1.536ms
[319.250s][info][gc] GC(8460) Concurrent Undo Cycle
[319.251s][info][gc] GC(8460) Concurrent Undo Cycle 1.863ms
[319.317s][info][gc] GC(8461) Pause Young (Concurrent Start) (G1 Humongous Allocation) 895M->73M(2000M) 1.448ms
[319.317s][info][gc] GC(8462) Concurrent Undo Cycle
[319.319s][info][gc] GC(8462) Concurrent Undo Cycle 1.860ms
[319.384s][info][gc] GC(8463) Pause Young (Concurrent Start) (G1 Humongous Allocation) 900M->77M(2000M) 1.441ms
[319.384s][info][gc] GC(8464) Concurrent Undo Cycle
[319.386s][info][gc] GC(8464) Concurrent Undo Cycle 1.994ms
[319.451s][info][gc] GC(8465) Pause Young (Concurrent Start) (G1 Humongous Allocation) 900M->74M(2000M) 1.655ms
[319.451s][info][gc] GC(8466) Concurrent Undo Cycle
[319.453s][info][gc] GC(8466) Concurrent Undo Cycle 2.057ms
[319.518s][info][gc] GC(8467) Pause Young (Concurrent Start) (G1 Humongous Allocation) 896M->74M(2000M) 1.505ms
[319.518s][info][gc] GC(8468) Concurrent Undo Cycle
[319.520s][info][gc] GC(8468) Concurrent Undo Cycle 1.834ms
[319.587s][info][gc] GC(8469) Pause Young (Concurrent Start) (G1 Humongous Allocation) 900M->78M(2000M) 1.623ms
[319.587s][info][gc] GC(8470) Concurrent Undo Cycle
[319.588s][info][gc] GC(8470) Concurrent Undo Cycle 1.786ms
[319.654s][info][gc] GC(8471) Pause Young (Concurrent Start) (G1 Humongous Allocation) 900M->74M(2000M) 1.471ms
[319.655s][info][gc] GC(8472) Concurrent Undo Cycle
[319.656s][info][gc] GC(8472) Concurrent Undo Cycle 1.859ms
[319.722s][info][gc] GC(8473) Pause Young (Concurrent Start) (G1 Humongous Allocation) 896M->74M(2000M) 1.546ms
[319.722s][info][gc] GC(8474) Concurrent Undo Cycle
[319.724s][info][gc] GC(8474) Concurrent Undo Cycle 1.840ms
[319.789s][info][gc] GC(8475) Pause Young (Concurrent Start) (G1 Humongous Allocation) 900M->78M(2000M) 1.528ms
[319.789s][info][gc] GC(8476) Concurrent Undo Cycle
[319.791s][info][gc] GC(8476) Concurrent Undo Cycle 2.008ms
[319.856s][info][gc] GC(8477) Pause Young (Concurrent Start) (G1 Humongous Allocation) 900M->74M(2000M) 1.476ms
[319.856s][info][gc] GC(8478) Concurrent Undo Cycle
[319.858s][info][gc] GC(8478) Concurrent Undo Cycle 1.938ms
[319.922s][info][gc] GC(8479) Pause Young (Concurrent Start) (G1 Humongous Allocation) 896M->74M(2000M) 1.619ms
[319.923s][info][gc] GC(8480) Concurrent Undo Cycle
[319.924s][info][gc] GC(8480) Concurrent Undo Cycle 1.840ms
[319.989s][info][gc] GC(8481) Pause Young (Concurrent Start) (G1 Humongous Allocation) 900M->78M(2000M) 1.610ms
[319.990s][info][gc] GC(8482) Concurrent Undo Cycle
[319.991s][info][gc] GC(8482) Concurrent Undo Cycle 1.824ms
[320.056s][info][gc] GC(8483) Pause Young (Concurrent Start) (G1 Humongous Allocation) 900M->74M(2000M) 1.665ms
[320.056s][info][gc] GC(8484) Concurrent Undo Cycle
[320.058s][info][gc] GC(8484) Concurrent Undo Cycle 1.916ms
[320.125s][info][gc] GC(8485) Pause Young (Concurrent Start) (G1 Humongous Allocation) 896M->74M(2000M) 1.547ms
[320.125s][info][gc] GC(8486) Concurrent Undo Cycle
[320.126s][info][gc] GC(8486) Concurrent Undo Cycle 1.818ms
[320.192s][info][gc] GC(8487) Pause Young (Concurrent Start) (G1 Humongous Allocation) 900M->78M(2000M) 1.335ms
[320.192s][info][gc] GC(8488) Concurrent Undo Cycle
[320.194s][info][gc] GC(8488) Concurrent Undo Cycle 1.852ms
[320.259s][info][gc] GC(8489) Pause Young (Concurrent Start) (G1 Humongous Allocation) 900M->74M(2000M) 1.146ms
[320.259s][info][gc] GC(8490) Concurrent Undo Cycle
[320.261s][info][gc] GC(8490) Concurrent Undo Cycle 1.820ms
[320.325s][info][gc] GC(8491) Pause Young (Concurrent Start) (G1 Humongous Allocation) 896M->74M(2000M) 1.264ms
[320.325s][info][gc] GC(8492) Concurrent Undo Cycle
[320.327s][info][gc] GC(8492) Concurrent Undo Cycle 1.966ms
[320.391s][info][gc] GC(8493) Pause Young (Concurrent Start) (G1 Humongous Allocation) 900M->78M(2000M) 1.208ms
[320.392s][info][gc] GC(8494) Concurrent Undo Cycle
[320.393s][info][gc] GC(8494) Concurrent Undo Cycle 1.700ms
[320.458s][info][gc] GC(8495) Pause Young (Concurrent Start) (G1 Humongous Allocation) 900M->74M(2000M) 1.297ms
[320.458s][info][gc] GC(8496) Concurrent Undo Cycle
[320.460s][info][gc] GC(8496) Concurrent Undo Cycle 1.864ms
[320.524s][info][gc] GC(8497) Pause Young (Concurrent Start) (G1 Humongous Allocation) 896M->74M(2000M) 1.188ms
[320.524s][info][gc] GC(8498) Concurrent Undo Cycle
[320.526s][info][gc] GC(8498) Concurrent Undo Cycle 1.934ms
[320.591s][info][gc] GC(8499) Pause Young (Concurrent Start) (G1 Humongous Allocation) 900M->78M(2000M) 1.146ms
[320.591s][info][gc] GC(8500) Concurrent Undo Cycle
[320.593s][info][gc] GC(8500) Concurrent Undo Cycle 1.776ms
[320.657s][info][gc] GC(8501) Pause Young (Concurrent Start) (G1 Humongous Allocation) 900M->74M(2000M) 1.230ms
[320.657s][info][gc] GC(8502) Concurrent Undo Cycle
[320.659s][info][gc] GC(8502) Concurrent Undo Cycle 1.909ms
[320.725s][info][gc] GC(8503) Pause Young (Concurrent Start) (G1 Humongous Allocation) 896M->74M(2000M) 1.229ms
[320.725s][info][gc] GC(8504) Concurrent Undo Cycle
[320.727s][info][gc] GC(8504) Concurrent Undo Cycle 1.844ms
[320.793s][info][gc] GC(8505) Pause Young (Concurrent Start) (G1 Humongous Allocation) 900M->78M(2000M) 1.222ms
[320.793s][info][gc] GC(8506) Concurrent Undo Cycle
[320.795s][info][gc] GC(8506) Concurrent Undo Cycle 1.727ms
[320.860s][info][gc] GC(8507) Pause Young (Concurrent Start) (G1 Humongous Allocation) 900M->74M(2000M) 1.221ms
[320.860s][info][gc] GC(8508) Concurrent Undo Cycle
[320.862s][info][gc] GC(8508) Concurrent Undo Cycle 1.942ms
[320.927s][info][gc] GC(8509) Pause Young (Concurrent Start) (G1 Humongous Allocation) 896M->74M(2000M) 1.268ms
[320.927s][info][gc] GC(8510) Concurrent Undo Cycle
[320.928s][info][gc] GC(8510) Concurrent Undo Cycle 1.836ms
[320.993s][info][gc] GC(8511) Pause Young (Concurrent Start) (G1 Humongous Allocation) 900M->78M(2000M) 1.193ms
[320.993s][info][gc] GC(8512) Concurrent Undo Cycle
[320.995s][info][gc] GC(8512) Concurrent Undo Cycle 2.020ms
[321.059s][info][gc] GC(8513) Pause Young (Concurrent Start) (G1 Humongous Allocation) 900M->74M(2000M) 1.185ms
[321.059s][info][gc] GC(8514) Concurrent Undo Cycle
[321.061s][info][gc] GC(8514) Concurrent Undo Cycle 2.123ms
[321.126s][info][gc] GC(8515) Pause Young (Concurrent Start) (G1 Humongous Allocation) 896M->74M(2000M) 1.107ms
[321.126s][info][gc] GC(8516) Concurrent Undo Cycle
[321.128s][info][gc] GC(8516) Concurrent Undo Cycle 1.824ms
[321.192s][info][gc] GC(8517) Pause Young (Concurrent Start) (G1 Humongous Allocation) 900M->78M(2000M) 1.128ms
[321.193s][info][gc] GC(8518) Concurrent Undo Cycle
[321.194s][info][gc] GC(8518) Concurrent Undo Cycle 1.759ms
[321.260s][info][gc] GC(8519) Pause Young (Concurrent Start) (G1 Humongous Allocation) 900M->74M(2000M) 1.135ms
[321.260s][info][gc] GC(8520) Concurrent Undo Cycle
[321.262s][info][gc] GC(8520) Concurrent Undo Cycle 1.842ms
[321.327s][info][gc] GC(8521) Pause Young (Concurrent Start) (G1 Humongous Allocation) 896M->74M(2000M) 1.190ms
[321.327s][info][gc] GC(8522) Concurrent Undo Cycle
[321.329s][info][gc] GC(8522) Concurrent Undo Cycle 1.955ms
[321.393s][info][gc] GC(8523) Pause Young (Concurrent Start) (G1 Humongous Allocation) 900M->78M(2000M) 1.148ms
[321.393s][info][gc] GC(8524) Concurrent Undo Cycle
[321.395s][info][gc] GC(8524) Concurrent Undo Cycle 1.836ms
[321.459s][info][gc] GC(8525) Pause Young (Concurrent Start) (G1 Humongous Allocation) 900M->74M(2000M) 1.228ms
[321.459s][info][gc] GC(8526) Concurrent Undo Cycle
[321.462s][info][gc] GC(8526) Concurrent Undo Cycle 2.193ms
[321.526s][info][gc] GC(8527) Pause Young (Concurrent Start) (G1 Humongous Allocation) 896M->74M(2000M) 1.226ms
[321.526s][info][gc] GC(8528) Concurrent Undo Cycle
[321.528s][info][gc] GC(8528) Concurrent Undo Cycle 1.794ms
[321.594s][info][gc] GC(8529) Pause Young (Concurrent Start) (G1 Humongous Allocation) 900M->78M(2000M) 1.243ms
[321.594s][info][gc] GC(8530) Concurrent Undo Cycle
[321.595s][info][gc] GC(8530) Concurrent Undo Cycle 1.714ms
[321.660s][info][gc] GC(8531) Pause Young (Concurrent Start) (G1 Humongous Allocation) 900M->74M(2000M) 1.237ms
[321.660s][info][gc] GC(8532) Concurrent Undo Cycle
[321.662s][info][gc] GC(8532) Concurrent Undo Cycle 1.932ms
[321.727s][info][gc] GC(8533) Pause Young (Concurrent Start) (G1 Humongous Allocation) 896M->74M(2000M) 1.228ms
[321.727s][info][gc] GC(8534) Concurrent Undo Cycle
[321.729s][info][gc] GC(8534) Concurrent Undo Cycle 1.918ms
[321.795s][info][gc] GC(8535) Pause Young (Concurrent Start) (G1 Humongous Allocation) 900M->78M(2000M) 1.183ms
[321.795s][info][gc] GC(8536) Concurrent Undo Cycle
[321.797s][info][gc] GC(8536) Concurrent Undo Cycle 1.782ms
[321.864s][info][gc] GC(8537) Pause Young (Concurrent Start) (G1 Humongous Allocation) 900M->74M(2000M) 1.292ms
[321.864s][info][gc] GC(8538) Concurrent Undo Cycle
[321.866s][info][gc] GC(8538) Concurrent Undo Cycle 2.002ms
[321.931s][info][gc] GC(8539) Pause Young (Concurrent Start) (G1 Humongous Allocation) 896M->74M(2000M) 1.114ms
[321.931s][info][gc] GC(8540) Concurrent Undo Cycle
[321.933s][info][gc] GC(8540) Concurrent Undo Cycle 1.927ms
[321.998s][info][gc] GC(8541) Pause Young (Concurrent Start) (G1 Humongous Allocation) 900M->78M(2000M) 1.268ms
[321.998s][info][gc] GC(8542) Concurrent Undo Cycle
[322.000s][info][gc] GC(8542) Concurrent Undo Cycle 1.835ms
[322.064s][info][gc] GC(8543) Pause Young (Concurrent Start) (G1 Humongous Allocation) 900M->74M(2000M) 1.247ms
[322.064s][info][gc] GC(8544) Concurrent Undo Cycle
[322.066s][info][gc] GC(8544) Concurrent Undo Cycle 2.068ms
[322.131s][info][gc] GC(8545) Pause Young (Concurrent Start) (G1 Humongous Allocation) 896M->74M(2000M) 1.188ms
[322.131s][info][gc] GC(8546) Concurrent Undo Cycle
[322.133s][info][gc] GC(8546) Concurrent Undo Cycle 2.056ms
[322.197s][info][gc] GC(8547) Pause Young (Concurrent Start) (G1 Humongous Allocation) 900M->78M(2000M) 1.321ms
[322.197s][info][gc] GC(8548) Concurrent Undo Cycle
[322.199s][info][gc] GC(8548) Concurrent Undo Cycle 1.782ms
[322.265s][info][gc] GC(8549) Pause Young (Concurrent Start) (G1 Humongous Allocation) 900M->74M(2000M) 1.354ms
[322.265s][info][gc] GC(8550) Concurrent Undo Cycle
[322.266s][info][gc] GC(8550) Concurrent Undo Cycle 1.837ms
[322.332s][info][gc] GC(8551) Pause Young (Concurrent Start) (G1 Humongous Allocation) 896M->74M(2000M) 1.067ms
[322.332s][info][gc] GC(8552) Concurrent Undo Cycle
[322.334s][info][gc] GC(8552) Concurrent Undo Cycle 1.858ms
[322.399s][info][gc] GC(8553) Pause Young (Concurrent Start) (G1 Humongous Allocation) 900M->78M(2000M) 1.192ms
[322.399s][info][gc] GC(8554) Concurrent Undo Cycle
[322.401s][info][gc] GC(8554) Concurrent Undo Cycle 1.786ms
[322.466s][info][gc] GC(8555) Pause Young (Concurrent Start) (G1 Humongous Allocation) 900M->74M(2000M) 1.162ms
[322.466s][info][gc] GC(8556) Concurrent Undo Cycle
[322.468s][info][gc] GC(8556) Concurrent Undo Cycle 1.949ms
[322.532s][info][gc] GC(8557) Pause Young (Concurrent Start) (G1 Humongous Allocation) 896M->74M(2000M) 1.128ms
[322.532s][info][gc] GC(8558) Concurrent Undo Cycle
[322.534s][info][gc] GC(8558) Concurrent Undo Cycle 1.853ms
[322.599s][info][gc] GC(8559) Pause Young (Concurrent Start) (G1 Humongous Allocation) 900M->78M(2000M) 1.111ms
[322.599s][info][gc] GC(8560) Concurrent Undo Cycle
[322.601s][info][gc] GC(8560) Concurrent Undo Cycle 1.945ms
[322.665s][info][gc] GC(8561) Pause Young (Concurrent Start) (G1 Humongous Allocation) 900M->74M(2000M) 1.213ms
[322.666s][info][gc] GC(8562) Concurrent Undo Cycle
[322.667s][info][gc] GC(8562) Concurrent Undo Cycle 1.949ms
[322.732s][info][gc] GC(8563) Pause Young (Concurrent Start) (G1 Humongous Allocation) 896M->74M(2000M) 1.130ms
[322.732s][info][gc] GC(8564) Concurrent Undo Cycle
[322.734s][info][gc] GC(8564) Concurrent Undo Cycle 1.833ms
[322.800s][info][gc] GC(8565) Pause Young (Concurrent Start) (G1 Humongous Allocation) 900M->78M(2000M) 1.198ms
[322.800s][info][gc] GC(8566) Concurrent Undo Cycle
[322.802s][info][gc] GC(8566) Concurrent Undo Cycle 2.018ms
[322.867s][info][gc] GC(8567) Pause Young (Concurrent Start) (G1 Humongous Allocation) 900M->74M(2000M) 1.204ms
[322.867s][info][gc] GC(8568) Concurrent Undo Cycle
[322.869s][info][gc] GC(8568) Concurrent Undo Cycle 1.908ms
[322.935s][info][gc] GC(8569) Pause Young (Concurrent Start) (G1 Humongous Allocation) 896M->74M(2000M) 1.409ms
[322.935s][info][gc] GC(8570) Concurrent Undo Cycle
[322.937s][info][gc] GC(8570) Concurrent Undo Cycle 1.861ms
[323.002s][info][gc] GC(8571) Pause Young (Concurrent Start) (G1 Humongous Allocation) 900M->78M(2000M) 1.234ms
[323.002s][info][gc] GC(8572) Concurrent Undo Cycle
[323.004s][info][gc] GC(8572) Concurrent Undo Cycle 1.891ms
[323.068s][info][gc] GC(8573) Pause Young (Concurrent Start) (G1 Humongous Allocation) 900M->74M(2000M) 1.073ms
[323.068s][info][gc] GC(8574) Concurrent Undo Cycle
[323.070s][info][gc] GC(8574) Concurrent Undo Cycle 1.891ms
[323.135s][info][gc] GC(8575) Pause Young (Concurrent Start) (G1 Humongous Allocation) 896M->74M(2000M) 1.345ms
[323.135s][info][gc] GC(8576) Concurrent Undo Cycle
[323.137s][info][gc] GC(8576) Concurrent Undo Cycle 2.034ms
[323.203s][info][gc] GC(8577) Pause Young (Concurrent Start) (G1 Humongous Allocation) 900M->78M(2000M) 1.162ms
[323.203s][info][gc] GC(8578) Concurrent Undo Cycle
[323.205s][info][gc] GC(8578) Concurrent Undo Cycle 1.839ms
[323.272s][info][gc] GC(8579) Pause Young (Concurrent Start) (G1 Humongous Allocation) 900M->74M(2000M) 1.224ms
[323.272s][info][gc] GC(8580) Concurrent Undo Cycle
[323.273s][info][gc] GC(8580) Concurrent Undo Cycle 1.804ms
[323.340s][info][gc] GC(8581) Pause Young (Concurrent Start) (G1 Humongous Allocation) 896M->74M(2000M) 1.293ms
[323.340s][info][gc] GC(8582) Concurrent Undo Cycle
[323.342s][info][gc] GC(8582) Concurrent Undo Cycle 2.101ms
[323.408s][info][gc] GC(8583) Pause Young (Concurrent Start) (G1 Humongous Allocation) 900M->78M(2000M) 1.323ms
[323.409s][info][gc] GC(8584) Concurrent Undo Cycle
[323.410s][info][gc] GC(8584) Concurrent Undo Cycle 1.764ms
[323.476s][info][gc] GC(8585) Pause Young (Concurrent Start) (G1 Humongous Allocation) 900M->74M(2000M) 1.165ms
[323.476s][info][gc] GC(8586) Concurrent Undo Cycle
[323.478s][info][gc] GC(8586) Concurrent Undo Cycle 2.000ms
[323.542s][info][gc] GC(8587) Pause Young (Concurrent Start) (G1 Humongous Allocation) 896M->74M(2000M) 1.277ms
[323.543s][info][gc] GC(8588) Concurrent Undo Cycle
[323.545s][info][gc] GC(8588) Concurrent Undo Cycle 2.028ms
[323.610s][info][gc] GC(8589) Pause Young (Concurrent Start) (G1 Humongous Allocation) 900M->78M(2000M) 1.202ms
[323.610s][info][gc] GC(8590) Concurrent Undo Cycle
[323.612s][info][gc] GC(8590) Concurrent Undo Cycle 1.821ms
[323.679s][info][gc] GC(8591) Pause Young (Concurrent Start) (G1 Humongous Allocation) 900M->74M(2000M) 1.943ms
[323.679s][info][gc] GC(8592) Concurrent Undo Cycle
[323.681s][info][gc] GC(8592) Concurrent Undo Cycle 1.953ms
[323.745s][info][gc] GC(8593) Pause Young (Concurrent Start) (G1 Humongous Allocation) 896M->74M(2000M) 1.148ms
[323.745s][info][gc] GC(8594) Concurrent Undo Cycle
[323.747s][info][gc] GC(8594) Concurrent Undo Cycle 1.907ms
[323.812s][info][gc] GC(8595) Pause Young (Concurrent Start) (G1 Humongous Allocation) 900M->78M(2000M) 1.261ms
[323.812s][info][gc] GC(8596) Concurrent Undo Cycle
[323.814s][info][gc] GC(8596) Concurrent Undo Cycle 1.814ms
[323.880s][info][gc] GC(8597) Pause Young (Concurrent Start) (G1 Humongous Allocation) 900M->74M(2000M) 1.216ms
[323.880s][info][gc] GC(8598) Concurrent Undo Cycle
[323.882s][info][gc] GC(8598) Concurrent Undo Cycle 1.874ms
[323.955s][info][gc] GC(8599) Pause Young (Concurrent Start) (G1 Humongous Allocation) 896M->74M(2000M) 1.383ms
[323.955s][info][gc] GC(8600) Concurrent Undo Cycle
[323.957s][info][gc] GC(8600) Concurrent Undo Cycle 1.934ms
[324.024s][info][gc] GC(8601) Pause Young (Concurrent Start) (G1 Humongous Allocation) 900M->78M(2000M) 1.130ms
[324.025s][info][gc] GC(8602) Concurrent Undo Cycle
[324.026s][info][gc] GC(8602) Concurrent Undo Cycle 1.802ms
[324.091s][info][gc] GC(8603) Pause Young (Concurrent Start) (G1 Humongous Allocation) 901M->75M(2000M) 1.226ms
[324.091s][info][gc] GC(8604) Concurrent Undo Cycle
[324.093s][info][gc] GC(8604) Concurrent Undo Cycle 1.918ms
[324.157s][info][gc] GC(8605) Pause Young (Concurrent Start) (G1 Humongous Allocation) 897M->75M(2000M) 1.243ms
[324.157s][info][gc] GC(8606) Concurrent Undo Cycle
[324.159s][info][gc] GC(8606) Concurrent Undo Cycle 1.848ms
[324.224s][info][gc] GC(8607) Pause Young (Concurrent Start) (G1 Humongous Allocation) 901M->79M(2000M) 1.159ms
[324.224s][info][gc] GC(8608) Concurrent Undo Cycle
[324.226s][info][gc] GC(8608) Concurrent Undo Cycle 1.870ms
[324.291s][info][gc] GC(8609) Pause Young (Concurrent Start) (G1 Humongous Allocation) 901M->75M(2000M) 1.109ms
[324.291s][info][gc] GC(8610) Concurrent Undo Cycle
[324.293s][info][gc] GC(8610) Concurrent Undo Cycle 1.846ms
[324.357s][info][gc] GC(8611) Pause Young (Concurrent Start) (G1 Humongous Allocation) 897M->75M(2000M) 1.076ms
[324.357s][info][gc] GC(8612) Concurrent Undo Cycle
[324.359s][info][gc] GC(8612) Concurrent Undo Cycle 1.902ms
[324.426s][info][gc] GC(8613) Pause Young (Concurrent Start) (G1 Humongous Allocation) 901M->79M(2000M) 1.387ms
[324.426s][info][gc] GC(8614) Concurrent Undo Cycle
[324.428s][info][gc] GC(8614) Concurrent Undo Cycle 1.780ms
[324.493s][info][gc] GC(8615) Pause Young (Concurrent Start) (G1 Humongous Allocation) 901M->75M(2000M) 1.210ms
[324.493s][info][gc] GC(8616) Concurrent Undo Cycle
[324.495s][info][gc] GC(8616) Concurrent Undo Cycle 1.816ms
[324.560s][info][gc] GC(8617) Pause Young (Concurrent Start) (G1 Humongous Allocation) 897M->75M(2000M) 1.092ms
[324.560s][info][gc] GC(8618) Concurrent Undo Cycle
[324.562s][info][gc] GC(8618) Concurrent Undo Cycle 1.865ms
[324.627s][info][gc] GC(8619) Pause Young (Concurrent Start) (G1 Humongous Allocation) 901M->79M(2000M) 1.171ms
[324.627s][info][gc] GC(8620) Concurrent Undo Cycle
[324.629s][info][gc] GC(8620) Concurrent Undo Cycle 2.079ms
[324.694s][info][gc] GC(8621) Pause Young (Concurrent Start) (G1 Humongous Allocation) 901M->75M(2000M) 1.319ms
[324.694s][info][gc] GC(8622) Concurrent Undo Cycle
[324.696s][info][gc] GC(8622) Concurrent Undo Cycle 1.837ms
[324.761s][info][gc] GC(8623) Pause Young (Concurrent Start) (G1 Humongous Allocation) 897M->75M(2000M) 1.104ms
[324.761s][info][gc] GC(8624) Concurrent Undo Cycle
[324.763s][info][gc] GC(8624) Concurrent Undo Cycle 1.921ms
[324.828s][info][gc] GC(8625) Pause Young (Concurrent Start) (G1 Humongous Allocation) 901M->79M(2000M) 1.530ms
[324.828s][info][gc] GC(8626) Concurrent Undo Cycle
[324.830s][info][gc] GC(8626) Concurrent Undo Cycle 2.032ms
[324.897s][info][gc] GC(8627) Pause Young (Concurrent Start) (G1 Humongous Allocation) 901M->75M(2000M) 1.177ms
[324.897s][info][gc] GC(8628) Concurrent Undo Cycle
[324.898s][info][gc] GC(8628) Concurrent Undo Cycle 1.801ms
[324.965s][info][gc] GC(8629) Pause Young (Concurrent Start) (G1 Humongous Allocation) 897M->75M(2000M) 1.159ms
[324.965s][info][gc] GC(8630) Concurrent Undo Cycle
[324.967s][info][gc] GC(8630) Concurrent Undo Cycle 1.831ms
[325.033s][info][gc] GC(8631) Pause Young (Concurrent Start) (G1 Humongous Allocation) 901M->79M(2000M) 1.212ms
[325.033s][info][gc] GC(8632) Concurrent Undo Cycle
[325.035s][info][gc] GC(8632) Concurrent Undo Cycle 1.871ms
[325.100s][info][gc] GC(8633) Pause Young (Concurrent Start) (G1 Humongous Allocation) 901M->75M(2000M) 1.198ms
[325.100s][info][gc] GC(8634) Concurrent Undo Cycle
[325.102s][info][gc] GC(8634) Concurrent Undo Cycle 1.874ms
[325.167s][info][gc] GC(8635) Pause Young (Concurrent Start) (G1 Humongous Allocation) 897M->75M(2000M) 1.152ms
[325.167s][info][gc] GC(8636) Concurrent Undo Cycle
[325.169s][info][gc] GC(8636) Concurrent Undo Cycle 1.930ms
[325.234s][info][gc] GC(8637) Pause Young (Concurrent Start) (G1 Humongous Allocation) 901M->79M(2000M) 1.182ms
[325.234s][info][gc] GC(8638) Concurrent Undo Cycle
[325.236s][info][gc] GC(8638) Concurrent Undo Cycle 1.736ms
[325.308s][info][gc] GC(8639) Pause Young (Concurrent Start) (G1 Humongous Allocation) 901M->75M(2000M) 0.978ms
[325.308s][info][gc] GC(8640) Concurrent Undo Cycle
[325.310s][info][gc] GC(8640) Concurrent Undo Cycle 1.891ms
[325.376s][info][gc] GC(8641) Pause Young (Concurrent Start) (G1 Humongous Allocation) 897M->75M(2000M) 1.218ms
[325.376s][info][gc] GC(8642) Concurrent Undo Cycle
[325.378s][info][gc] GC(8642) Concurrent Undo Cycle 1.819ms
[325.444s][info][gc] GC(8643) Pause Young (Concurrent Start) (G1 Humongous Allocation) 901M->79M(2000M) 1.192ms
[325.444s][info][gc] GC(8644) Concurrent Undo Cycle
[325.446s][info][gc] GC(8644) Concurrent Undo Cycle 1.768ms
[325.512s][info][gc] GC(8645) Pause Young (Concurrent Start) (G1 Humongous Allocation) 901M->75M(2000M) 1.165ms
[325.512s][info][gc] GC(8646) Concurrent Undo Cycle
[325.514s][info][gc] GC(8646) Concurrent Undo Cycle 1.823ms
[325.580s][info][gc] GC(8647) Pause Young (Concurrent Start) (G1 Humongous Allocation) 897M->75M(2000M) 1.171ms
[325.580s][info][gc] GC(8648) Concurrent Undo Cycle
[325.581s][info][gc] GC(8648) Concurrent Undo Cycle 1.808ms
[325.647s][info][gc] GC(8649) Pause Young (Concurrent Start) (G1 Humongous Allocation) 901M->79M(2000M) 1.296ms
[325.647s][info][gc] GC(8650) Concurrent Undo Cycle
[325.649s][info][gc] GC(8650) Concurrent Undo Cycle 1.802ms
[325.714s][info][gc] GC(8651) Pause Young (Concurrent Start) (G1 Humongous Allocation) 901M->75M(2000M) 1.145ms
[325.714s][info][gc] GC(8652) Concurrent Undo Cycle
[325.716s][info][gc] GC(8652) Concurrent Undo Cycle 1.832ms
[325.781s][info][gc] GC(8653) Pause Young (Concurrent Start) (G1 Humongous Allocation) 897M->75M(2000M) 1.051ms
[325.781s][info][gc] GC(8654) Concurrent Undo Cycle
[325.783s][info][gc] GC(8654) Concurrent Undo Cycle 1.876ms
[325.848s][info][gc] GC(8655) Pause Young (Concurrent Start) (G1 Humongous Allocation) 901M->79M(2000M) 1.182ms
[325.848s][info][gc] GC(8656) Concurrent Undo Cycle
[325.850s][info][gc] GC(8656) Concurrent Undo Cycle 1.776ms
[325.915s][info][gc] GC(8657) Pause Young (Concurrent Start) (G1 Humongous Allocation) 901M->75M(2000M) 1.166ms
[325.915s][info][gc] GC(8658) Concurrent Undo Cycle
[325.917s][info][gc] GC(8658) Concurrent Undo Cycle 1.917ms
[325.983s][info][gc] GC(8659) Pause Young (Concurrent Start) (G1 Humongous Allocation) 897M->75M(2000M) 1.140ms
[325.983s][info][gc] GC(8660) Concurrent Undo Cycle
[325.985s][info][gc] GC(8660) Concurrent Undo Cycle 1.833ms
[326.051s][info][gc] GC(8661) Pause Young (Concurrent Start) (G1 Humongous Allocation) 901M->79M(2000M) 1.306ms
[326.051s][info][gc] GC(8662) Concurrent Undo Cycle
[326.053s][info][gc] GC(8662) Concurrent Undo Cycle 1.937ms
[326.118s][info][gc] GC(8663) Pause Young (Concurrent Start) (G1 Humongous Allocation) 901M->75M(2000M) 1.161ms
[326.118s][info][gc] GC(8664) Concurrent Undo Cycle
[326.120s][info][gc] GC(8664) Concurrent Undo Cycle 1.819ms
[326.185s][info][gc] GC(8665) Pause Young (Concurrent Start) (G1 Humongous Allocation) 897M->75M(2000M) 1.154ms
[326.185s][info][gc] GC(8666) Concurrent Undo Cycle
[326.187s][info][gc] GC(8666) Concurrent Undo Cycle 1.886ms
[326.252s][info][gc] GC(8667) Pause Young (Concurrent Start) (G1 Humongous Allocation) 901M->79M(2000M) 1.122ms
[326.252s][info][gc] GC(8668) Concurrent Undo Cycle
[326.254s][info][gc] GC(8668) Concurrent Undo Cycle 1.791ms
[326.320s][info][gc] GC(8669) Pause Young (Concurrent Start) (G1 Humongous Allocation) 901M->75M(2000M) 1.230ms
[326.320s][info][gc] GC(8670) Concurrent Undo Cycle
[326.321s][info][gc] GC(8670) Concurrent Undo Cycle 1.797ms
[326.387s][info][gc] GC(8671) Pause Young (Concurrent Start) (G1 Humongous Allocation) 897M->75M(2000M) 1.323ms
[326.387s][info][gc] GC(8672) Concurrent Undo Cycle
[326.388s][info][gc] GC(8672) Concurrent Undo Cycle 1.778ms
[326.454s][info][gc] GC(8673) Pause Young (Concurrent Start) (G1 Humongous Allocation) 901M->79M(2000M) 1.137ms
[326.454s][info][gc] GC(8674) Concurrent Undo Cycle
[326.456s][info][gc] GC(8674) Concurrent Undo Cycle 1.747ms
[326.522s][info][gc] GC(8675) Pause Young (Concurrent Start) (G1 Humongous Allocation) 901M->75M(2000M) 1.106ms
[326.522s][info][gc] GC(8676) Concurrent Undo Cycle
[326.524s][info][gc] GC(8676) Concurrent Undo Cycle 2.040ms
[326.590s][info][gc] GC(8677) Pause Young (Concurrent Start) (G1 Humongous Allocation) 897M->75M(2000M) 1.176ms
[326.590s][info][gc] GC(8678) Concurrent Undo Cycle
[326.592s][info][gc] GC(8678) Concurrent Undo Cycle 2.157ms
[326.657s][info][gc] GC(8679) Pause Young (Concurrent Start) (G1 Humongous Allocation) 901M->79M(2000M) 1.164ms
[326.657s][info][gc] GC(8680) Concurrent Undo Cycle
[326.659s][info][gc] GC(8680) Concurrent Undo Cycle 1.748ms
[326.724s][info][gc] GC(8681) Pause Young (Concurrent Start) (G1 Humongous Allocation) 901M->75M(2000M) 1.171ms
[326.724s][info][gc] GC(8682) Concurrent Undo Cycle
[326.726s][info][gc] GC(8682) Concurrent Undo Cycle 1.847ms
[326.791s][info][gc] GC(8683) Pause Young (Concurrent Start) (G1 Humongous Allocation) 897M->75M(2000M) 1.269ms
[326.792s][info][gc] GC(8684) Concurrent Undo Cycle
[326.793s][info][gc] GC(8684) Concurrent Undo Cycle 1.837ms
[326.858s][info][gc] GC(8685) Pause Young (Concurrent Start) (G1 Humongous Allocation) 901M->79M(2000M) 1.080ms
[326.859s][info][gc] GC(8686) Concurrent Undo Cycle
[326.860s][info][gc] GC(8686) Concurrent Undo Cycle 1.794ms
[326.926s][info][gc] GC(8687) Pause Young (Concurrent Start) (G1 Humongous Allocation) 901M->75M(2000M) 1.206ms
[326.926s][info][gc] GC(8688) Concurrent Undo Cycle
[326.927s][info][gc] GC(8688) Concurrent Undo Cycle 1.755ms
[326.993s][info][gc] GC(8689) Pause Young (Concurrent Start) (G1 Humongous Allocation) 897M->75M(2000M) 1.221ms
[326.993s][info][gc] GC(8690) Concurrent Undo Cycle
[326.995s][info][gc] GC(8690) Concurrent Undo Cycle 1.824ms
[327.061s][info][gc] GC(8691) Pause Young (Concurrent Start) (G1 Humongous Allocation) 901M->79M(2000M) 1.183ms
[327.061s][info][gc] GC(8692) Concurrent Undo Cycle
[327.063s][info][gc] GC(8692) Concurrent Undo Cycle 1.946ms
[327.129s][info][gc] GC(8693) Pause Young (Concurrent Start) (G1 Humongous Allocation) 901M->75M(2000M) 1.263ms
[327.129s][info][gc] GC(8694) Concurrent Undo Cycle
[327.131s][info][gc] GC(8694) Concurrent Undo Cycle 2.026ms
[327.198s][info][gc] GC(8695) Pause Young (Concurrent Start) (G1 Humongous Allocation) 897M->75M(2000M) 1.130ms
[327.198s][info][gc] GC(8696) Concurrent Undo Cycle
[327.200s][info][gc] GC(8696) Concurrent Undo Cycle 2.091ms
[327.266s][info][gc] GC(8697) Pause Young (Concurrent Start) (G1 Humongous Allocation) 901M->79M(2000M) 1.132ms
[327.266s][info][gc] GC(8698) Concurrent Undo Cycle
[327.268s][info][gc] GC(8698) Concurrent Undo Cycle 1.805ms
[327.334s][info][gc] GC(8699) Pause Young (Concurrent Start) (G1 Humongous Allocation) 901M->75M(2000M) 1.173ms
[327.334s][info][gc] GC(8700) Concurrent Undo Cycle
[327.336s][info][gc] GC(8700) Concurrent Undo Cycle 1.717ms
[327.401s][info][gc] GC(8701) Pause Young (Concurrent Start) (G1 Humongous Allocation) 897M->75M(2000M) 1.203ms
[327.401s][info][gc] GC(8702) Concurrent Undo Cycle
[327.403s][info][gc] GC(8702) Concurrent Undo Cycle 1.871ms
[327.469s][info][gc] GC(8703) Pause Young (Concurrent Start) (G1 Humongous Allocation) 901M->79M(2000M) 1.091ms
[327.469s][info][gc] GC(8704) Concurrent Undo Cycle
[327.470s][info][gc] GC(8704) Concurrent Undo Cycle 1.737ms
[327.537s][info][gc] GC(8705) Pause Young (Concurrent Start) (G1 Humongous Allocation) 901M->75M(2000M) 1.131ms
[327.537s][info][gc] GC(8706) Concurrent Undo Cycle
[327.538s][info][gc] GC(8706) Concurrent Undo Cycle 1.808ms
[327.606s][info][gc] GC(8707) Pause Young (Concurrent Start) (G1 Humongous Allocation) 897M->75M(2000M) 1.262ms
[327.606s][info][gc] GC(8708) Concurrent Undo Cycle
[327.608s][info][gc] GC(8708) Concurrent Undo Cycle 2.023ms
[327.674s][info][gc] GC(8709) Pause Young (Concurrent Start) (G1 Humongous Allocation) 901M->79M(2000M) 1.248ms
[327.674s][info][gc] GC(8710) Concurrent Undo Cycle
[327.676s][info][gc] GC(8710) Concurrent Undo Cycle 1.714ms
[327.741s][info][gc] GC(8711) Pause Young (Concurrent Start) (G1 Humongous Allocation) 901M->75M(2000M) 1.207ms
[327.741s][info][gc] GC(8712) Concurrent Undo Cycle
[327.743s][info][gc] GC(8712) Concurrent Undo Cycle 1.832ms
[327.808s][info][gc] GC(8713) Pause Young (Concurrent Start) (G1 Humongous Allocation) 897M->75M(2000M) 1.072ms
[327.808s][info][gc] GC(8714) Concurrent Undo Cycle
[327.810s][info][gc] GC(8714) Concurrent Undo Cycle 1.834ms
[327.876s][info][gc] GC(8715) Pause Young (Concurrent Start) (G1 Humongous Allocation) 901M->79M(2000M) 1.748ms
[327.876s][info][gc] GC(8716) Concurrent Undo Cycle
[327.878s][info][gc] GC(8716) Concurrent Undo Cycle 2.012ms
[327.945s][info][gc] GC(8717) Pause Young (Concurrent Start) (G1 Humongous Allocation) 901M->75M(2000M) 1.102ms
[327.945s][info][gc] GC(8718) Concurrent Undo Cycle
[327.947s][info][gc] GC(8718) Concurrent Undo Cycle 1.895ms
[328.012s][info][gc] GC(8719) Pause Young (Concurrent Start) (G1 Humongous Allocation) 897M->75M(2000M) 1.196ms
[328.012s][info][gc] GC(8720) Concurrent Undo Cycle
[328.014s][info][gc] GC(8720) Concurrent Undo Cycle 1.991ms
[328.080s][info][gc] GC(8721) Pause Young (Concurrent Start) (G1 Humongous Allocation) 901M->79M(2000M) 1.248ms
[328.080s][info][gc] GC(8722) Concurrent Undo Cycle
[328.082s][info][gc] GC(8722) Concurrent Undo Cycle 1.847ms
[328.148s][info][gc] GC(8723) Pause Young (Concurrent Start) (G1 Humongous Allocation) 901M->75M(2000M) 1.248ms
[328.148s][info][gc] GC(8724) Concurrent Undo Cycle
[328.150s][info][gc] GC(8724) Concurrent Undo Cycle 2.236ms
[328.216s][info][gc] GC(8725) Pause Young (Concurrent Start) (G1 Humongous Allocation) 897M->75M(2000M) 1.103ms
[328.216s][info][gc] GC(8726) Concurrent Undo Cycle
[328.218s][info][gc] GC(8726) Concurrent Undo Cycle 1.863ms
[328.283s][info][gc] GC(8727) Pause Young (Concurrent Start) (G1 Humongous Allocation) 901M->79M(2000M) 1.131ms
[328.283s][info][gc] GC(8728) Concurrent Undo Cycle
[328.285s][info][gc] GC(8728) Concurrent Undo Cycle 1.839ms
[328.350s][info][gc] GC(8729) Pause Young (Concurrent Start) (G1 Humongous Allocation) 901M->75M(2000M) 1.255ms
[328.350s][info][gc] GC(8730) Concurrent Undo Cycle
[328.352s][info][gc] GC(8730) Concurrent Undo Cycle 1.824ms
[328.418s][info][gc] GC(8731) Pause Young (Concurrent Start) (G1 Humongous Allocation) 897M->75M(2000M) 1.255ms
[328.418s][info][gc] GC(8732) Concurrent Undo Cycle
[328.420s][info][gc] GC(8732) Concurrent Undo Cycle 1.946ms
[328.485s][info][gc] GC(8733) Pause Young (Concurrent Start) (G1 Humongous Allocation) 901M->79M(2000M) 1.156ms
[328.485s][info][gc] GC(8734) Concurrent Undo Cycle
[328.487s][info][gc] GC(8734) Concurrent Undo Cycle 2.010ms
[328.552s][info][gc] GC(8735) Pause Young (Concurrent Start) (G1 Humongous Allocation) 901M->75M(2000M) 1.270ms
[328.552s][info][gc] GC(8736) Concurrent Undo Cycle
[328.554s][info][gc] GC(8736) Concurrent Undo Cycle 1.846ms
[328.620s][info][gc] GC(8737) Pause Young (Concurrent Start) (G1 Humongous Allocation) 897M->75M(2000M) 1.272ms
[328.620s][info][gc] GC(8738) Concurrent Undo Cycle
[328.623s][info][gc] GC(8738) Concurrent Undo Cycle 2.099ms
[328.689s][info][gc] GC(8739) Pause Young (Concurrent Start) (G1 Humongous Allocation) 901M->79M(2000M) 1.130ms
[328.689s][info][gc] GC(8740) Concurrent Undo Cycle
[328.691s][info][gc] GC(8740) Concurrent Undo Cycle 1.866ms
[328.757s][info][gc] GC(8741) Pause Young (Concurrent Start) (G1 Humongous Allocation) 901M->75M(2000M) 1.261ms
[328.757s][info][gc] GC(8742) Concurrent Undo Cycle
[328.759s][info][gc] GC(8742) Concurrent Undo Cycle 1.845ms
[328.824s][info][gc] GC(8743) Pause Young (Concurrent Start) (G1 Humongous Allocation) 898M->75M(2000M) 1.122ms
[328.824s][info][gc] GC(8744) Concurrent Undo Cycle
[328.826s][info][gc] GC(8744) Concurrent Undo Cycle 1.867ms
[328.892s][info][gc] GC(8745) Pause Young (Concurrent Start) (G1 Humongous Allocation) 902M->80M(2000M) 1.266ms
[328.892s][info][gc] GC(8746) Concurrent Undo Cycle
[328.894s][info][gc] GC(8746) Concurrent Undo Cycle 1.891ms
[328.960s][info][gc] GC(8747) Pause Young (Concurrent Start) (G1 Humongous Allocation) 902M->76M(2000M) 1.241ms
[328.960s][info][gc] GC(8748) Concurrent Undo Cycle
[328.962s][info][gc] GC(8748) Concurrent Undo Cycle 1.898ms
[329.027s][info][gc] GC(8749) Pause Young (Concurrent Start) (G1 Humongous Allocation) 898M->76M(2000M) 1.101ms
[329.027s][info][gc] GC(8750) Concurrent Undo Cycle
[329.029s][info][gc] GC(8750) Concurrent Undo Cycle 1.820ms
[329.094s][info][gc] GC(8751) Pause Young (Concurrent Start) (G1 Humongous Allocation) 902M->80M(2000M) 1.148ms
[329.095s][info][gc] GC(8752) Concurrent Undo Cycle
[329.096s][info][gc] GC(8752) Concurrent Undo Cycle 1.748ms
[329.163s][info][gc] GC(8753) Pause Young (Concurrent Start) (G1 Humongous Allocation) 902M->76M(2000M) 1.237ms
[329.163s][info][gc] GC(8754) Concurrent Undo Cycle
[329.165s][info][gc] GC(8754) Concurrent Undo Cycle 2.051ms
[329.231s][info][gc] GC(8755) Pause Young (Concurrent Start) (G1 Humongous Allocation) 898M->76M(2000M) 1.112ms
[329.231s][info][gc] GC(8756) Concurrent Undo Cycle
[329.233s][info][gc] GC(8756) Concurrent Undo Cycle 1.937ms
[329.299s][info][gc] GC(8757) Pause Young (Concurrent Start) (G1 Humongous Allocation) 902M->80M(2000M) 1.133ms
[329.299s][info][gc] GC(8758) Concurrent Undo Cycle
[329.301s][info][gc] GC(8758) Concurrent Undo Cycle 1.782ms
[329.366s][info][gc] GC(8759) Pause Young (Concurrent Start) (G1 Humongous Allocation) 902M->76M(2000M) 1.442ms
[329.366s][info][gc] GC(8760) Concurrent Undo Cycle
[329.368s][info][gc] GC(8760) Concurrent Undo Cycle 1.999ms
[329.434s][info][gc] GC(8761) Pause Young (Concurrent Start) (G1 Humongous Allocation) 898M->76M(2000M) 1.222ms
[329.434s][info][gc] GC(8762) Concurrent Undo Cycle
[329.436s][info][gc] GC(8762) Concurrent Undo Cycle 1.894ms
[329.501s][info][gc] GC(8763) Pause Young (Concurrent Start) (G1 Humongous Allocation) 902M->80M(2000M) 1.181ms
[329.501s][info][gc] GC(8764) Concurrent Undo Cycle
[329.503s][info][gc] GC(8764) Concurrent Undo Cycle 1.896ms
[329.568s][info][gc] GC(8765) Pause Young (Concurrent Start) (G1 Humongous Allocation) 902M->76M(2000M) 1.145ms
[329.568s][info][gc] GC(8766) Concurrent Undo Cycle
[329.570s][info][gc] GC(8766) Concurrent Undo Cycle 1.801ms
[329.636s][info][gc] GC(8767) Pause Young (Concurrent Start) (G1 Humongous Allocation) 898M->76M(2000M) 1.116ms
[329.636s][info][gc] GC(8768) Concurrent Undo Cycle
[329.638s][info][gc] GC(8768) Concurrent Undo Cycle 1.828ms
[329.705s][info][gc] GC(8769) Pause Young (Concurrent Start) (G1 Humongous Allocation) 902M->80M(2000M) 1.161ms
[329.705s][info][gc] GC(8770) Concurrent Undo Cycle
[329.707s][info][gc] GC(8770) Concurrent Undo Cycle 1.982ms
[329.772s][info][gc] GC(8771) Pause Young (Concurrent Start) (G1 Humongous Allocation) 898M->80M(2000M) 1.153ms
[329.773s][info][gc] GC(8772) Concurrent Undo Cycle
[329.775s][info][gc] GC(8772) Concurrent Undo Cycle 1.976ms
[329.840s][info][gc] GC(8773) Pause Young (Concurrent Start) (G1 Humongous Allocation) 898M->80M(2000M) 1.690ms
[329.841s][info][gc] GC(8774) Concurrent Undo Cycle
[329.842s][info][gc] GC(8774) Concurrent Undo Cycle 1.828ms
[329.908s][info][gc] GC(8775) Pause Young (Concurrent Start) (G1 Humongous Allocation) 898M->80M(2000M) 1.163ms
[329.908s][info][gc] GC(8776) Concurrent Undo Cycle
[329.909s][info][gc] GC(8776) Concurrent Undo Cycle 1.805ms
[329.982s][info][gc] GC(8777) Pause Young (Concurrent Start) (G1 Humongous Allocation) 898M->80M(2000M) 1.443ms
[329.982s][info][gc] GC(8778) Concurrent Undo Cycle
[329.984s][info][gc] GC(8778) Concurrent Undo Cycle 2.149ms
[330.056s][info][gc] GC(8779) Pause Young (Concurrent Start) (G1 Humongous Allocation) 898M->80M(2000M) 1.652ms
[330.056s][info][gc] GC(8780) Concurrent Undo Cycle
[330.058s][info][gc] GC(8780) Concurrent Undo Cycle 1.848ms
[330.124s][info][gc] GC(8781) Pause Young (Concurrent Start) (G1 Humongous Allocation) 898M->80M(2000M) 1.423ms
[330.124s][info][gc] GC(8782) Concurrent Undo Cycle
[330.126s][info][gc] GC(8782) Concurrent Undo Cycle 1.746ms
[330.191s][info][gc] GC(8783) Pause Young (Concurrent Start) (G1 Humongous Allocation) 898M->80M(2000M) 1.642ms
[330.192s][info][gc] GC(8784) Concurrent Undo Cycle
[330.193s][info][gc] GC(8784) Concurrent Undo Cycle 1.662ms
[330.260s][info][gc] GC(8785) Pause Young (Concurrent Start) (G1 Humongous Allocation) 898M->80M(2000M) 1.514ms
[330.260s][info][gc] GC(8786) Concurrent Undo Cycle
[330.262s][info][gc] GC(8786) Concurrent Undo Cycle 1.787ms
[330.328s][info][gc] GC(8787) Pause Young (Concurrent Start) (G1 Humongous Allocation) 898M->80M(2000M) 1.744ms
[330.328s][info][gc] GC(8788) Concurrent Undo Cycle
[330.330s][info][gc] GC(8788) Concurrent Undo Cycle 1.837ms
[330.396s][info][gc] GC(8789) Pause Young (Concurrent Start) (G1 Humongous Allocation) 898M->80M(2000M) 1.626ms
[330.396s][info][gc] GC(8790) Concurrent Undo Cycle
[330.398s][info][gc] GC(8790) Concurrent Undo Cycle 1.928ms
[330.463s][info][gc] GC(8791) Pause Young (Concurrent Start) (G1 Humongous Allocation) 898M->80M(2000M) 1.605ms
[330.463s][info][gc] GC(8792) Concurrent Undo Cycle
[330.465s][info][gc] GC(8792) Concurrent Undo Cycle 1.853ms
[330.531s][info][gc] GC(8793) Pause Young (Concurrent Start) (G1 Humongous Allocation) 898M->80M(2000M) 1.633ms
[330.531s][info][gc] GC(8794) Concurrent Undo Cycle
[330.533s][info][gc] GC(8794) Concurrent Undo Cycle 1.873ms
[330.599s][info][gc] GC(8795) Pause Young (Concurrent Start) (G1 Humongous Allocation) 898M->80M(2000M) 1.762ms
[330.599s][info][gc] GC(8796) Concurrent Undo Cycle
[330.601s][info][gc] GC(8796) Concurrent Undo Cycle 1.877ms
[330.666s][info][gc] GC(8797) Pause Young (Concurrent Start) (G1 Humongous Allocation) 898M->80M(2000M) 1.466ms
[330.666s][info][gc] GC(8798) Concurrent Undo Cycle
[330.668s][info][gc] GC(8798) Concurrent Undo Cycle 1.961ms
[330.735s][info][gc] GC(8799) Pause Young (Concurrent Start) (G1 Humongous Allocation) 898M->80M(2000M) 1.565ms
[330.735s][info][gc] GC(8800) Concurrent Undo Cycle
[330.736s][info][gc] GC(8800) Concurrent Undo Cycle 1.686ms
[330.803s][info][gc] GC(8801) Pause Young (Concurrent Start) (G1 Humongous Allocation) 898M->80M(2000M) 1.446ms
[330.803s][info][gc] GC(8802) Concurrent Undo Cycle
[330.805s][info][gc] GC(8802) Concurrent Undo Cycle 1.767ms
[330.872s][info][gc] GC(8803) Pause Young (Concurrent Start) (G1 Humongous Allocation) 898M->80M(2000M) 1.718ms
[330.872s][info][gc] GC(8804) Concurrent Undo Cycle
[330.874s][info][gc] GC(8804) Concurrent Undo Cycle 1.966ms
[330.941s][info][gc] GC(8805) Pause Young (Concurrent Start) (G1 Humongous Allocation) 898M->80M(2000M) 1.434ms
[330.941s][info][gc] GC(8806) Concurrent Undo Cycle
[330.943s][info][gc] GC(8806) Concurrent Undo Cycle 1.864ms
[331.010s][info][gc] GC(8807) Pause Young (Concurrent Start) (G1 Humongous Allocation) 898M->80M(2000M) 1.491ms
[331.010s][info][gc] GC(8808) Concurrent Undo Cycle
[331.012s][info][gc] GC(8808) Concurrent Undo Cycle 1.811ms
[331.077s][info][gc] GC(8809) Pause Young (Concurrent Start) (G1 Humongous Allocation) 898M->80M(2000M) 1.538ms
[331.077s][info][gc] GC(8810) Concurrent Undo Cycle
[331.079s][info][gc] GC(8810) Concurrent Undo Cycle 1.778ms
[331.145s][info][gc] GC(8811) Pause Young (Concurrent Start) (G1 Humongous Allocation) 898M->80M(2000M) 1.581ms
[331.145s][info][gc] GC(8812) Concurrent Undo Cycle
[331.147s][info][gc] GC(8812) Concurrent Undo Cycle 1.857ms
[331.215s][info][gc] GC(8813) Pause Young (Concurrent Start) (G1 Humongous Allocation) 898M->80M(2000M) 1.808ms
[331.215s][info][gc] GC(8814) Concurrent Undo Cycle
[331.217s][info][gc] GC(8814) Concurrent Undo Cycle 1.999ms
[331.284s][info][gc] GC(8815) Pause Young (Concurrent Start) (G1 Humongous Allocation) 898M->80M(2000M) 1.438ms
[331.284s][info][gc] GC(8816) Concurrent Undo Cycle
[331.286s][info][gc] GC(8816) Concurrent Undo Cycle 1.834ms
[331.353s][info][gc] GC(8817) Pause Young (Concurrent Start) (G1 Humongous Allocation) 898M->80M(2000M) 1.600ms
[331.353s][info][gc] GC(8818) Concurrent Undo Cycle
[331.355s][info][gc] GC(8818) Concurrent Undo Cycle 2.062ms
[331.420s][info][gc] GC(8819) Pause Young (Concurrent Start) (G1 Humongous Allocation) 898M->80M(2000M) 1.383ms
[331.421s][info][gc] GC(8820) Concurrent Undo Cycle
[331.422s][info][gc] GC(8820) Concurrent Undo Cycle 1.777ms
[331.488s][info][gc] GC(8821) Pause Young (Concurrent Start) (G1 Humongous Allocation) 898M->80M(2000M) 1.685ms
[331.489s][info][gc] GC(8822) Concurrent Undo Cycle
[331.490s][info][gc] GC(8822) Concurrent Undo Cycle 1.821ms
[331.556s][info][gc] GC(8823) Pause Young (Concurrent Start) (G1 Humongous Allocation) 898M->80M(2000M) 1.342ms
[331.556s][info][gc] GC(8824) Concurrent Undo Cycle
[331.558s][info][gc] GC(8824) Concurrent Undo Cycle 1.895ms
[331.624s][info][gc] GC(8825) Pause Young (Concurrent Start) (G1 Humongous Allocation) 898M->80M(2000M) 1.369ms
[331.624s][info][gc] GC(8826) Concurrent Undo Cycle
[331.626s][info][gc] GC(8826) Concurrent Undo Cycle 1.749ms
[331.691s][info][gc] GC(8827) Pause Young (Concurrent Start) (G1 Humongous Allocation) 898M->80M(2000M) 1.173ms
[331.692s][info][gc] GC(8828) Concurrent Undo Cycle
[331.693s][info][gc] GC(8828) Concurrent Undo Cycle 1.734ms
[331.759s][info][gc] GC(8829) Pause Young (Concurrent Start) (G1 Humongous Allocation) 898M->80M(2000M) 1.580ms
[331.759s][info][gc] GC(8830) Concurrent Undo Cycle
[331.761s][info][gc] GC(8830) Concurrent Undo Cycle 1.927ms
[331.829s][info][gc] GC(8831) Pause Young (Concurrent Start) (G1 Humongous Allocation) 898M->80M(2000M) 1.678ms
[331.829s][info][gc] GC(8832) Concurrent Undo Cycle
[331.831s][info][gc] GC(8832) Concurrent Undo Cycle 1.958ms
[331.898s][info][gc] GC(8833) Pause Young (Concurrent Start) (G1 Humongous Allocation) 898M->80M(2000M) 1.767ms
[331.898s][info][gc] GC(8834) Concurrent Undo Cycle
[331.900s][info][gc] GC(8834) Concurrent Undo Cycle 2.014ms
[331.967s][info][gc] GC(8835) Pause Young (Concurrent Start) (G1 Humongous Allocation) 898M->80M(2000M) 1.550ms
[331.967s][info][gc] GC(8836) Concurrent Undo Cycle
[331.969s][info][gc] GC(8836) Concurrent Undo Cycle 2.022ms
[332.035s][info][gc] GC(8837) Pause Young (Concurrent Start) (G1 Humongous Allocation) 898M->80M(2000M) 1.650ms
[332.035s][info][gc] GC(8838) Concurrent Undo Cycle
[332.036s][info][gc] GC(8838) Concurrent Undo Cycle 1.775ms
[332.102s][info][gc] GC(8839) Pause Young (Concurrent Start) (G1 Humongous Allocation) 898M->80M(2000M) 1.587ms
[332.102s][info][gc] GC(8840) Concurrent Undo Cycle
[332.104s][info][gc] GC(8840) Concurrent Undo Cycle 1.822ms
[332.170s][info][gc] GC(8841) Pause Young (Concurrent Start) (G1 Humongous Allocation) 898M->80M(2000M) 1.487ms
[332.170s][info][gc] GC(8842) Concurrent Undo Cycle
[332.172s][info][gc] GC(8842) Concurrent Undo Cycle 2.012ms
[332.237s][info][gc] GC(8843) Pause Young (Concurrent Start) (G1 Humongous Allocation) 898M->80M(2000M) 1.446ms
[332.237s][info][gc] GC(8844) Concurrent Undo Cycle
[332.239s][info][gc] GC(8844) Concurrent Undo Cycle 1.876ms
[332.305s][info][gc] GC(8845) Pause Young (Concurrent Start) (G1 Humongous Allocation) 898M->80M(2000M) 1.499ms
[332.305s][info][gc] GC(8846) Concurrent Undo Cycle
[332.307s][info][gc] GC(8846) Concurrent Undo Cycle 1.904ms
[332.375s][info][gc] GC(8847) Pause Young (Concurrent Start) (G1 Humongous Allocation) 898M->80M(2000M) 1.672ms
[332.375s][info][gc] GC(8848) Concurrent Undo Cycle
[332.377s][info][gc] GC(8848) Concurrent Undo Cycle 1.944ms
[332.444s][info][gc] GC(8849) Pause Young (Concurrent Start) (G1 Humongous Allocation) 898M->80M(2000M) 1.512ms
[332.444s][info][gc] GC(8850) Concurrent Undo Cycle
[332.446s][info][gc] GC(8850) Concurrent Undo Cycle 1.858ms
[332.512s][info][gc] GC(8851) Pause Young (Concurrent Start) (G1 Humongous Allocation) 898M->80M(2000M) 1.670ms
[332.512s][info][gc] GC(8852) Concurrent Undo Cycle
[332.514s][info][gc] GC(8852) Concurrent Undo Cycle 1.736ms
[332.580s][info][gc] GC(8853) Pause Young (Concurrent Start) (G1 Humongous Allocation) 898M->80M(2000M) 1.440ms
[332.580s][info][gc] GC(8854) Concurrent Undo Cycle
[332.582s][info][gc] GC(8854) Concurrent Undo Cycle 1.983ms
[332.649s][info][gc] GC(8855) Pause Young (Concurrent Start) (G1 Humongous Allocation) 898M->80M(2000M) 1.514ms
[332.649s][info][gc] GC(8856) Concurrent Undo Cycle
[332.651s][info][gc] GC(8856) Concurrent Undo Cycle 1.791ms
[332.717s][info][gc] GC(8857) Pause Young (Concurrent Start) (G1 Humongous Allocation) 898M->80M(2000M) 1.540ms
[332.717s][info][gc] GC(8858) Concurrent Undo Cycle
[332.719s][info][gc] GC(8858) Concurrent Undo Cycle 1.788ms
[332.784s][info][gc] GC(8859) Pause Young (Concurrent Start) (G1 Humongous Allocation) 898M->80M(2000M) 1.525ms
[332.784s][info][gc] GC(8860) Concurrent Undo Cycle
[332.786s][info][gc] GC(8860) Concurrent Undo Cycle 1.788ms
[332.853s][info][gc] GC(8861) Pause Young (Concurrent Start) (G1 Humongous Allocation) 898M->80M(2000M) 1.685ms
[332.853s][info][gc] GC(8862) Concurrent Undo Cycle
[332.855s][info][gc] GC(8862) Concurrent Undo Cycle 1.937ms
[332.923s][info][gc] GC(8863) Pause Young (Concurrent Start) (G1 Humongous Allocation) 898M->80M(2000M) 1.474ms
[332.923s][info][gc] GC(8864) Concurrent Undo Cycle
[332.925s][info][gc] GC(8864) Concurrent Undo Cycle 1.872ms
[332.992s][info][gc] GC(8865) Pause Young (Concurrent Start) (G1 Humongous Allocation) 898M->80M(2000M) 1.510ms
[332.992s][info][gc] GC(8866) Concurrent Undo Cycle
[332.994s][info][gc] GC(8866) Concurrent Undo Cycle 1.840ms
[333.060s][info][gc] GC(8867) Pause Young (Concurrent Start) (G1 Humongous Allocation) 898M->80M(2000M) 1.743ms
[333.060s][info][gc] GC(8868) Concurrent Undo Cycle
[333.062s][info][gc] GC(8868) Concurrent Undo Cycle 2.000ms
[333.128s][info][gc] GC(8869) Pause Young (Concurrent Start) (G1 Humongous Allocation) 898M->80M(2000M) 1.531ms
[333.128s][info][gc] GC(8870) Concurrent Undo Cycle
[333.130s][info][gc] GC(8870) Concurrent Undo Cycle 1.765ms
[333.196s][info][gc] GC(8871) Pause Young (Concurrent Start) (G1 Humongous Allocation) 898M->80M(2000M) 1.496ms
[333.196s][info][gc] GC(8872) Concurrent Undo Cycle
[333.197s][info][gc] GC(8872) Concurrent Undo Cycle 1.833ms
[333.266s][info][gc] GC(8873) Pause Young (Concurrent Start) (G1 Humongous Allocation) 898M->80M(2000M) 1.667ms
[333.266s][info][gc] GC(8874) Concurrent Undo Cycle
[333.268s][info][gc] GC(8874) Concurrent Undo Cycle 2.001ms
[333.334s][info][gc] GC(8875) Pause Young (Concurrent Start) (G1 Humongous Allocation) 898M->80M(2000M) 1.434ms
[333.334s][info][gc] GC(8876) Concurrent Undo Cycle
[333.336s][info][gc] GC(8876) Concurrent Undo Cycle 2.017ms
[333.402s][info][gc] GC(8877) Pause Young (Concurrent Start) (G1 Humongous Allocation) 898M->80M(2000M) 1.406ms
[333.402s][info][gc] GC(8878) Concurrent Undo Cycle
[333.404s][info][gc] GC(8878) Concurrent Undo Cycle 1.757ms
[333.471s][info][gc] GC(8879) Pause Young (Concurrent Start) (G1 Humongous Allocation) 898M->80M(2000M) 1.620ms
[333.471s][info][gc] GC(8880) Concurrent Undo Cycle
[333.473s][info][gc] GC(8880) Concurrent Undo Cycle 1.851ms
[333.539s][info][gc] GC(8881) Pause Young (Concurrent Start) (G1 Humongous Allocation) 898M->80M(2000M) 1.424ms
[333.539s][info][gc] GC(8882) Concurrent Undo Cycle
[333.541s][info][gc] GC(8882) Concurrent Undo Cycle 1.747ms
[333.607s][info][gc] GC(8883) Pause Young (Concurrent Start) (G1 Humongous Allocation) 899M->80M(2000M) 1.462ms
[333.607s][info][gc] GC(8884) Concurrent Undo Cycle
[333.609s][info][gc] GC(8884) Concurrent Undo Cycle 1.791ms
[333.675s][info][gc] GC(8885) Pause Young (Concurrent Start) (G1 Humongous Allocation) 899M->81M(2000M) 1.540ms
[333.675s][info][gc] GC(8886) Concurrent Undo Cycle
[333.677s][info][gc] GC(8886) Concurrent Undo Cycle 1.826ms
[333.743s][info][gc] GC(8887) Pause Young (Concurrent Start) (G1 Humongous Allocation) 899M->81M(2000M) 1.388ms
[333.743s][info][gc] GC(8888) Concurrent Undo Cycle
[333.745s][info][gc] GC(8888) Concurrent Undo Cycle 1.755ms
[333.811s][info][gc] GC(8889) Pause Young (Concurrent Start) (G1 Humongous Allocation) 899M->81M(2000M) 2.257ms
[333.811s][info][gc] GC(8890) Concurrent Undo Cycle
[333.813s][info][gc] GC(8890) Concurrent Undo Cycle 1.800ms
[333.878s][info][gc] GC(8891) Pause Young (Concurrent Start) (G1 Humongous Allocation) 899M->81M(2000M) 1.521ms
[333.879s][info][gc] GC(8892) Concurrent Undo Cycle
[333.880s][info][gc] GC(8892) Concurrent Undo Cycle 1.782ms
[333.949s][info][gc] GC(8893) Pause Young (Concurrent Start) (G1 Humongous Allocation) 899M->81M(2000M) 1.765ms
[333.949s][info][gc] GC(8894) Concurrent Undo Cycle
[333.951s][info][gc] GC(8894) Concurrent Undo Cycle 1.857ms
[334.020s][info][gc] GC(8895) Pause Young (Concurrent Start) (G1 Humongous Allocation) 899M->81M(2000M) 1.623ms
[334.020s][info][gc] GC(8896) Concurrent Undo Cycle
[334.022s][info][gc] GC(8896) Concurrent Undo Cycle 1.858ms
[334.089s][info][gc] GC(8897) Pause Young (Concurrent Start) (G1 Humongous Allocation) 899M->81M(2000M) 1.661ms
[334.089s][info][gc] GC(8898) Concurrent Undo Cycle
[334.091s][info][gc] GC(8898) Concurrent Undo Cycle 1.855ms
[334.157s][info][gc] GC(8899) Pause Young (Concurrent Start) (G1 Humongous Allocation) 899M->81M(2000M) 1.738ms
[334.157s][info][gc] GC(8900) Concurrent Undo Cycle
[334.159s][info][gc] GC(8900) Concurrent Undo Cycle 1.996ms
[334.224s][info][gc] GC(8901) Pause Young (Concurrent Start) (G1 Humongous Allocation) 899M->81M(2000M) 1.366ms
[334.224s][info][gc] GC(8902) Concurrent Undo Cycle
[334.226s][info][gc] GC(8902) Concurrent Undo Cycle 1.944ms
[334.294s][info][gc] GC(8903) Pause Young (Concurrent Start) (G1 Humongous Allocation) 899M->81M(2000M) 1.496ms
[334.295s][info][gc] GC(8904) Concurrent Undo Cycle
[334.296s][info][gc] GC(8904) Concurrent Undo Cycle 1.809ms
[334.363s][info][gc] GC(8905) Pause Young (Concurrent Start) (G1 Humongous Allocation) 899M->81M(2000M) 1.625ms
[334.363s][info][gc] GC(8906) Concurrent Undo Cycle
[334.365s][info][gc] GC(8906) Concurrent Undo Cycle 1.867ms
[334.431s][info][gc] GC(8907) Pause Young (Concurrent Start) (G1 Humongous Allocation) 899M->81M(2000M) 1.363ms
[334.431s][info][gc] GC(8908) Concurrent Undo Cycle
[334.433s][info][gc] GC(8908) Concurrent Undo Cycle 1.965ms
[334.502s][info][gc] GC(8909) Pause Young (Concurrent Start) (G1 Humongous Allocation) 899M->81M(2000M) 1.665ms
[334.502s][info][gc] GC(8910) Concurrent Undo Cycle
[334.504s][info][gc] GC(8910) Concurrent Undo Cycle 1.828ms
[334.570s][info][gc] GC(8911) Pause Young (Concurrent Start) (G1 Humongous Allocation) 899M->81M(2000M) 1.411ms
[334.570s][info][gc] GC(8912) Concurrent Undo Cycle
[334.572s][info][gc] GC(8912) Concurrent Undo Cycle 1.889ms
[334.639s][info][gc] GC(8913) Pause Young (Concurrent Start) (G1 Humongous Allocation) 899M->81M(2000M) 1.528ms
[334.639s][info][gc] GC(8914) Concurrent Undo Cycle
[334.641s][info][gc] GC(8914) Concurrent Undo Cycle 1.865ms
[334.707s][info][gc] GC(8915) Pause Young (Concurrent Start) (G1 Humongous Allocation) 899M->81M(2000M) 1.689ms
[334.707s][info][gc] GC(8916) Concurrent Undo Cycle
[334.709s][info][gc] GC(8916) Concurrent Undo Cycle 2.001ms
[334.775s][info][gc] GC(8917) Pause Young (Concurrent Start) (G1 Humongous Allocation) 899M->81M(2000M) 1.507ms
[334.775s][info][gc] GC(8918) Concurrent Undo Cycle
[334.777s][info][gc] GC(8918) Concurrent Undo Cycle 1.764ms
[334.843s][info][gc] GC(8919) Pause Young (Concurrent Start) (G1 Humongous Allocation) 899M->81M(2000M) 1.697ms
[334.843s][info][gc] GC(8920) Concurrent Undo Cycle
[334.845s][info][gc] GC(8920) Concurrent Undo Cycle 1.946ms
[334.911s][info][gc] GC(8921) Pause Young (Concurrent Start) (G1 Humongous Allocation) 899M->81M(2000M) 1.799ms
[334.911s][info][gc] GC(8922) Concurrent Undo Cycle
[334.913s][info][gc] GC(8922) Concurrent Undo Cycle 2.120ms
[334.981s][info][gc] GC(8923) Pause Young (Concurrent Start) (G1 Humongous Allocation) 899M->81M(2000M) 1.521ms
[334.981s][info][gc] GC(8924) Concurrent Undo Cycle
[334.983s][info][gc] GC(8924) Concurrent Undo Cycle 1.859ms
[335.051s][info][gc] GC(8925) Pause Young (Concurrent Start) (G1 Humongous Allocation) 899M->81M(2000M) 1.747ms
[335.051s][info][gc] GC(8926) Concurrent Undo Cycle
[335.053s][info][gc] GC(8926) Concurrent Undo Cycle 1.999ms
[335.119s][info][gc] GC(8927) Pause Young (Concurrent Start) (G1 Humongous Allocation) 899M->81M(2000M) 1.597ms
[335.119s][info][gc] GC(8928) Concurrent Undo Cycle
[335.121s][info][gc] GC(8928) Concurrent Undo Cycle 1.853ms
[335.189s][info][gc] GC(8929) Pause Young (Concurrent Start) (G1 Humongous Allocation) 899M->81M(2000M) 1.778ms
[335.190s][info][gc] GC(8930) Concurrent Undo Cycle
[335.191s][info][gc] GC(8930) Concurrent Undo Cycle 1.814ms
[335.263s][info][gc] GC(8931) Pause Young (Concurrent Start) (G1 Humongous Allocation) 899M->81M(2000M) 1.537ms
[335.263s][info][gc] GC(8932) Concurrent Undo Cycle
[335.265s][info][gc] GC(8932) Concurrent Undo Cycle 2.059ms
[335.336s][info][gc] GC(8933) Pause Young (Concurrent Start) (G1 Humongous Allocation) 899M->81M(2000M) 1.475ms
[335.336s][info][gc] GC(8934) Concurrent Undo Cycle
[335.338s][info][gc] GC(8934) Concurrent Undo Cycle 1.946ms
[335.409s][info][gc] GC(8935) Pause Young (Concurrent Start) (G1 Humongous Allocation) 899M->81M(2000M) 1.493ms
[335.409s][info][gc] GC(8936) Concurrent Undo Cycle
[335.411s][info][gc] GC(8936) Concurrent Undo Cycle 1.912ms
[335.482s][info][gc] GC(8937) Pause Young (Concurrent Start) (G1 Humongous Allocation) 899M->81M(2000M) 1.498ms
[335.482s][info][gc] GC(8938) Concurrent Undo Cycle
[335.484s][info][gc] GC(8938) Concurrent Undo Cycle 1.889ms
[335.556s][info][gc] GC(8939) Pause Young (Concurrent Start) (G1 Humongous Allocation) 899M->81M(2000M) 1.607ms
[335.556s][info][gc] GC(8940) Concurrent Undo Cycle
[335.558s][info][gc] GC(8940) Concurrent Undo Cycle 1.806ms
[335.625s][info][gc] GC(8941) Pause Young (Concurrent Start) (G1 Humongous Allocation) 899M->81M(2000M) 1.550ms
[335.625s][info][gc] GC(8942) Concurrent Undo Cycle
[335.627s][info][gc] GC(8942) Concurrent Undo Cycle 1.792ms
[335.693s][info][gc] GC(8943) Pause Young (Concurrent Start) (G1 Humongous Allocation) 899M->81M(2000M) 1.648ms
[335.693s][info][gc] GC(8944) Concurrent Undo Cycle
[335.695s][info][gc] GC(8944) Concurrent Undo Cycle 2.288ms
[335.761s][info][gc] GC(8945) Pause Young (Concurrent Start) (G1 Humongous Allocation) 899M->81M(2000M) 1.338ms
[335.762s][info][gc] GC(8946) Concurrent Undo Cycle
[335.763s][info][gc] GC(8946) Concurrent Undo Cycle 1.818ms
[335.830s][info][gc] GC(8947) Pause Young (Concurrent Start) (G1 Humongous Allocation) 899M->81M(2000M) 1.670ms
[335.830s][info][gc] GC(8948) Concurrent Undo Cycle
[335.832s][info][gc] GC(8948) Concurrent Undo Cycle 1.864ms
[335.898s][info][gc] GC(8949) Pause Young (Concurrent Start) (G1 Humongous Allocation) 899M->81M(2000M) 1.574ms
[335.898s][info][gc] GC(8950) Concurrent Undo Cycle
[335.900s][info][gc] GC(8950) Concurrent Undo Cycle 1.838ms
[335.966s][info][gc] GC(8951) Pause Young (Concurrent Start) (G1 Humongous Allocation) 899M->81M(2000M) 1.554ms
[335.966s][info][gc] GC(8952) Concurrent Undo Cycle
[335.968s][info][gc] GC(8952) Concurrent Undo Cycle 1.904ms
[336.035s][info][gc] GC(8953) Pause Young (Concurrent Start) (G1 Humongous Allocation) 899M->81M(2000M) 1.578ms
[336.036s][info][gc] GC(8954) Concurrent Undo Cycle
[336.037s][info][gc] GC(8954) Concurrent Undo Cycle 1.933ms
[336.104s][info][gc] GC(8955) Pause Young (Concurrent Start) (G1 Humongous Allocation) 899M->81M(2000M) 1.500ms
[336.104s][info][gc] GC(8956) Concurrent Undo Cycle
[336.106s][info][gc] GC(8956) Concurrent Undo Cycle 2.001ms
[336.174s][info][gc] GC(8957) Pause Young (Concurrent Start) (G1 Humongous Allocation) 899M->81M(2000M) 1.685ms
[336.174s][info][gc] GC(8958) Concurrent Undo Cycle
[336.176s][info][gc] GC(8958) Concurrent Undo Cycle 1.891ms
[336.242s][info][gc] GC(8959) Pause Young (Concurrent Start) (G1 Humongous Allocation) 899M->81M(2000M) 1.533ms
[336.242s][info][gc] GC(8960) Concurrent Undo Cycle
[336.244s][info][gc] GC(8960) Concurrent Undo Cycle 1.796ms
[336.310s][info][gc] GC(8961) Pause Young (Concurrent Start) (G1 Humongous Allocation) 899M->81M(2000M) 1.469ms
[336.310s][info][gc] GC(8962) Concurrent Undo Cycle
[336.311s][info][gc] GC(8962) Concurrent Undo Cycle 1.800ms
[336.377s][info][gc] GC(8963) Pause Young (Concurrent Start) (G1 Humongous Allocation) 899M->81M(2000M) 1.395ms
[336.377s][info][gc] GC(8964) Concurrent Undo Cycle
[336.379s][info][gc] GC(8964) Concurrent Undo Cycle 1.849ms
[336.445s][info][gc] GC(8965) Pause Young (Concurrent Start) (G1 Humongous Allocation) 899M->81M(2000M) 1.591ms
[336.445s][info][gc] GC(8966) Concurrent Undo Cycle
[336.447s][info][gc] GC(8966) Concurrent Undo Cycle 1.869ms
[336.514s][info][gc] GC(8967) Pause Young (Concurrent Start) (G1 Humongous Allocation) 899M->81M(2000M) 1.509ms
[336.514s][info][gc] GC(8968) Concurrent Undo Cycle
[336.516s][info][gc] GC(8968) Concurrent Undo Cycle 1.833ms
[336.584s][info][gc] GC(8969) Pause Young (Concurrent Start) (G1 Humongous Allocation) 899M->81M(2000M) 1.529ms
[336.584s][info][gc] GC(8970) Concurrent Undo Cycle
[336.586s][info][gc] GC(8970) Concurrent Undo Cycle 1.802ms
[336.653s][info][gc] GC(8971) Pause Young (Concurrent Start) (G1 Humongous Allocation) 899M->81M(2000M) 1.444ms
[336.653s][info][gc] GC(8972) Concurrent Undo Cycle
[336.655s][info][gc] GC(8972) Concurrent Undo Cycle 1.940ms
[336.722s][info][gc] GC(8973) Pause Young (Concurrent Start) (G1 Humongous Allocation) 899M->81M(2000M) 1.538ms
[336.722s][info][gc] GC(8974) Concurrent Undo Cycle
[336.724s][info][gc] GC(8974) Concurrent Undo Cycle 1.845ms
[336.790s][info][gc] GC(8975) Pause Young (Concurrent Start) (G1 Humongous Allocation) 899M->81M(2000M) 1.590ms
[336.790s][info][gc] GC(8976) Concurrent Undo Cycle
[336.792s][info][gc] GC(8976) Concurrent Undo Cycle 1.868ms
[336.858s][info][gc] GC(8977) Pause Young (Concurrent Start) (G1 Humongous Allocation) 899M->81M(2000M) 1.767ms
[336.858s][info][gc] GC(8978) Concurrent Undo Cycle
[336.860s][info][gc] GC(8978) Concurrent Undo Cycle 1.840ms
[336.928s][info][gc] GC(8979) Pause Young (Concurrent Start) (G1 Humongous Allocation) 899M->81M(2000M) 2.112ms
[336.928s][info][gc] GC(8980) Concurrent Undo Cycle
[336.930s][info][gc] GC(8980) Concurrent Undo Cycle 1.782ms
[336.998s][info][gc] GC(8981) Pause Young (Concurrent Start) (G1 Humongous Allocation) 899M->81M(2000M) 1.359ms
[336.998s][info][gc] GC(8982) Concurrent Undo Cycle
[337.000s][info][gc] GC(8982) Concurrent Undo Cycle 1.794ms
[337.066s][info][gc] GC(8983) Pause Young (Concurrent Start) (G1 Humongous Allocation) 899M->81M(2000M) 1.417ms
[337.066s][info][gc] GC(8984) Concurrent Undo Cycle
[337.068s][info][gc] GC(8984) Concurrent Undo Cycle 1.831ms
[337.135s][info][gc] GC(8985) Pause Young (Concurrent Start) (G1 Humongous Allocation) 899M->81M(2000M) 1.421ms
[337.135s][info][gc] GC(8986) Concurrent Undo Cycle
[337.137s][info][gc] GC(8986) Concurrent Undo Cycle 1.861ms
[337.204s][info][gc] GC(8987) Pause Young (Concurrent Start) (G1 Humongous Allocation) 899M->81M(2000M) 1.584ms
[337.204s][info][gc] GC(8988) Concurrent Undo Cycle
[337.206s][info][gc] GC(8988) Concurrent Undo Cycle 1.843ms
[337.273s][info][gc] GC(8989) Pause Young (Concurrent Start) (G1 Humongous Allocation) 899M->81M(2000M) 1.394ms
[337.273s][info][gc] GC(8990) Concurrent Undo Cycle
[337.275s][info][gc] GC(8990) Concurrent Undo Cycle 1.836ms
[337.341s][info][gc] GC(8991) Pause Young (Concurrent Start) (G1 Humongous Allocation) 899M->81M(2000M) 1.470ms
[337.341s][info][gc] GC(8992) Concurrent Undo Cycle
[337.343s][info][gc] GC(8992) Concurrent Undo Cycle 1.960ms
[337.409s][info][gc] GC(8993) Pause Young (Concurrent Start) (G1 Humongous Allocation) 899M->81M(2000M) 1.543ms
[337.409s][info][gc] GC(8994) Concurrent Undo Cycle
[337.411s][info][gc] GC(8994) Concurrent Undo Cycle 1.807ms
[337.477s][info][gc] GC(8995) Pause Young (Concurrent Start) (G1 Humongous Allocation) 899M->81M(2000M) 1.662ms
[337.478s][info][gc] GC(8996) Concurrent Undo Cycle
[337.479s][info][gc] GC(8996) Concurrent Undo Cycle 1.836ms
[337.546s][info][gc] GC(8997) Pause Young (Concurrent Start) (G1 Humongous Allocation) 899M->81M(2000M) 1.450ms
[337.546s][info][gc] GC(8998) Concurrent Undo Cycle
[337.548s][info][gc] GC(8998) Concurrent Undo Cycle 2.010ms
[337.615s][info][gc] GC(8999) Pause Young (Concurrent Start) (G1 Humongous Allocation) 899M->81M(2000M) 1.600ms
[337.615s][info][gc] GC(9000) Concurrent Undo Cycle
[337.617s][info][gc] GC(9000) Concurrent Undo Cycle 1.864ms
[337.684s][info][gc] GC(9001) Pause Young (Concurrent Start) (G1 Humongous Allocation) 899M->81M(2000M) 1.472ms
[337.684s][info][gc] GC(9002) Concurrent Undo Cycle
[337.686s][info][gc] GC(9002) Concurrent Undo Cycle 1.822ms
[337.753s][info][gc] GC(9003) Pause Young (Concurrent Start) (G1 Humongous Allocation) 899M->81M(2000M) 1.495ms
[337.754s][info][gc] GC(9004) Concurrent Undo Cycle
[337.755s][info][gc] GC(9004) Concurrent Undo Cycle 1.813ms
[337.822s][info][gc] GC(9005) Pause Young (Concurrent Start) (G1 Humongous Allocation) 899M->81M(2000M) 1.522ms
[337.822s][info][gc] GC(9006) Concurrent Undo Cycle
[337.824s][info][gc] GC(9006) Concurrent Undo Cycle 1.756ms
[337.890s][info][gc] GC(9007) Pause Young (Concurrent Start) (G1 Humongous Allocation) 899M->81M(2000M) 1.562ms
[337.890s][info][gc] GC(9008) Concurrent Undo Cycle
[337.892s][info][gc] GC(9008) Concurrent Undo Cycle 1.793ms
[337.959s][info][gc] GC(9009) Pause Young (Concurrent Start) (G1 Humongous Allocation) 899M->81M(2000M) 1.518ms
[337.959s][info][gc] GC(9010) Concurrent Undo Cycle
[337.960s][info][gc] GC(9010) Concurrent Undo Cycle 1.730ms
[338.027s][info][gc] GC(9011) Pause Young (Concurrent Start) (G1 Humongous Allocation) 899M->81M(2000M) 1.454ms
[338.027s][info][gc] GC(9012) Concurrent Undo Cycle
[338.029s][info][gc] GC(9012) Concurrent Undo Cycle 1.825ms
[338.096s][info][gc] GC(9013) Pause Young (Concurrent Start) (G1 Humongous Allocation) 899M->81M(2000M) 1.505ms
[338.096s][info][gc] GC(9014) Concurrent Undo Cycle
[338.098s][info][gc] GC(9014) Concurrent Undo Cycle 1.807ms
[338.165s][info][gc] GC(9015) Pause Young (Concurrent Start) (G1 Humongous Allocation) 899M->81M(2000M) 1.627ms
[338.165s][info][gc] GC(9016) Concurrent Undo Cycle
[338.167s][info][gc] GC(9016) Concurrent Undo Cycle 1.880ms
[338.235s][info][gc] GC(9017) Pause Young (Concurrent Start) (G1 Humongous Allocation) 899M->81M(2000M) 1.518ms
[338.235s][info][gc] GC(9018) Concurrent Undo Cycle
[338.237s][info][gc] GC(9018) Concurrent Undo Cycle 2.161ms
[338.305s][info][gc] GC(9019) Pause Young (Concurrent Start) (G1 Humongous Allocation) 899M->81M(2000M) 1.581ms
[338.305s][info][gc] GC(9020) Concurrent Undo Cycle
[338.307s][info][gc] GC(9020) Concurrent Undo Cycle 1.748ms
[338.373s][info][gc] GC(9021) Pause Young (Concurrent Start) (G1 Humongous Allocation) 899M->81M(2000M) 1.418ms
[338.373s][info][gc] GC(9022) Concurrent Undo Cycle
[338.375s][info][gc] GC(9022) Concurrent Undo Cycle 1.787ms
[338.442s][info][gc] GC(9023) Pause Young (Concurrent Start) (G1 Humongous Allocation) 900M->81M(2000M) 1.565ms
[338.442s][info][gc] GC(9024) Concurrent Undo Cycle
[338.444s][info][gc] GC(9024) Concurrent Undo Cycle 1.801ms
[338.510s][info][gc] GC(9025) Pause Young (Concurrent Start) (G1 Humongous Allocation) 900M->82M(2000M) 1.391ms
[338.510s][info][gc] GC(9026) Concurrent Undo Cycle
[338.512s][info][gc] GC(9026) Concurrent Undo Cycle 1.837ms
[338.578s][info][gc] GC(9027) Pause Young (Concurrent Start) (G1 Humongous Allocation) 900M->82M(2000M) 1.551ms
[338.578s][info][gc] GC(9028) Concurrent Undo Cycle
[338.580s][info][gc] GC(9028) Concurrent Undo Cycle 1.874ms
[338.647s][info][gc] GC(9029) Pause Young (Concurrent Start) (G1 Humongous Allocation) 900M->82M(2000M) 1.639ms
[338.648s][info][gc] GC(9030) Concurrent Undo Cycle
[338.649s][info][gc] GC(9030) Concurrent Undo Cycle 1.812ms
[338.717s][info][gc] GC(9031) Pause Young (Concurrent Start) (G1 Humongous Allocation) 900M->82M(2000M) 1.401ms
[338.717s][info][gc] GC(9032) Concurrent Undo Cycle
[338.719s][info][gc] GC(9032) Concurrent Undo Cycle 1.848ms
[338.787s][info][gc] GC(9033) Pause Young (Concurrent Start) (G1 Humongous Allocation) 900M->82M(2000M) 1.731ms
[338.787s][info][gc] GC(9034) Concurrent Undo Cycle
[338.789s][info][gc] GC(9034) Concurrent Undo Cycle 2.051ms
[338.856s][info][gc] GC(9035) Pause Young (Concurrent Start) (G1 Humongous Allocation) 900M->82M(2000M) 1.682ms
[338.856s][info][gc] GC(9036) Concurrent Undo Cycle
[338.858s][info][gc] GC(9036) Concurrent Undo Cycle 1.753ms
[338.925s][info][gc] GC(9037) Pause Young (Concurrent Start) (G1 Humongous Allocation) 900M->82M(2000M) 1.599ms
[338.926s][info][gc] GC(9038) Concurrent Undo Cycle
[338.927s][info][gc] GC(9038) Concurrent Undo Cycle 1.808ms
[338.996s][info][gc] GC(9039) Pause Young (Concurrent Start) (G1 Humongous Allocation) 900M->82M(2000M) 1.668ms
[338.996s][info][gc] GC(9040) Concurrent Undo Cycle
[338.998s][info][gc] GC(9040) Concurrent Undo Cycle 1.946ms
[339.073s][info][gc] GC(9041) Pause Young (Concurrent Start) (G1 Humongous Allocation) 900M->82M(2000M) 1.519ms
[339.073s][info][gc] GC(9042) Concurrent Undo Cycle
[339.075s][info][gc] GC(9042) Concurrent Undo Cycle 1.909ms
[339.146s][info][gc] GC(9043) Pause Young (Concurrent Start) (G1 Humongous Allocation) 900M->82M(2000M) 1.530ms
[339.146s][info][gc] GC(9044) Concurrent Undo Cycle
[339.148s][info][gc] GC(9044) Concurrent Undo Cycle 1.836ms
[339.216s][info][gc] GC(9045) Pause Young (Concurrent Start) (G1 Humongous Allocation) 900M->82M(2000M) 1.598ms
[339.216s][info][gc] GC(9046) Concurrent Undo Cycle
[339.218s][info][gc] GC(9046) Concurrent Undo Cycle 2.061ms
[339.286s][info][gc] GC(9047) Pause Young (Concurrent Start) (G1 Humongous Allocation) 900M->82M(2000M) 1.484ms
[339.286s][info][gc] GC(9048) Concurrent Undo Cycle
[339.288s][info][gc] GC(9048) Concurrent Undo Cycle 1.790ms
[339.355s][info][gc] GC(9049) Pause Young (Concurrent Start) (G1 Humongous Allocation) 900M->82M(2000M) 1.472ms
[339.355s][info][gc] GC(9050) Concurrent Undo Cycle
[339.357s][info][gc] GC(9050) Concurrent Undo Cycle 1.776ms
[339.424s][info][gc] GC(9051) Pause Young (Concurrent Start) (G1 Humongous Allocation) 900M->82M(2000M) 1.544ms
[339.424s][info][gc] GC(9052) Concurrent Undo Cycle
[339.426s][info][gc] GC(9052) Concurrent Undo Cycle 1.998ms
[339.493s][info][gc] GC(9053) Pause Young (Concurrent Start) (G1 Humongous Allocation) 900M->82M(2000M) 1.692ms
[339.494s][info][gc] GC(9054) Concurrent Undo Cycle
[339.495s][info][gc] GC(9054) Concurrent Undo Cycle 1.839ms
[339.562s][info][gc] GC(9055) Pause Young (Concurrent Start) (G1 Humongous Allocation) 900M->82M(2000M) 1.550ms
[339.562s][info][gc] GC(9056) Concurrent Undo Cycle
[339.564s][info][gc] GC(9056) Concurrent Undo Cycle 1.766ms
[339.630s][info][gc] GC(9057) Pause Young (Concurrent Start) (G1 Humongous Allocation) 900M->82M(2000M) 1.476ms
[339.630s][info][gc] GC(9058) Concurrent Undo Cycle
[339.632s][info][gc] GC(9058) Concurrent Undo Cycle 1.757ms
[339.699s][info][gc] GC(9059) Pause Young (Concurrent Start) (G1 Humongous Allocation) 900M->82M(2000M) 1.578ms
[339.699s][info][gc] GC(9060) Concurrent Undo Cycle
[339.701s][info][gc] GC(9060) Concurrent Undo Cycle 1.760ms
[339.769s][info][gc] GC(9061) Pause Young (Concurrent Start) (G1 Humongous Allocation) 900M->82M(2000M) 1.762ms
[339.769s][info][gc] GC(9062) Concurrent Undo Cycle
[339.771s][info][gc] GC(9062) Concurrent Undo Cycle 1.797ms
[339.839s][info][gc] GC(9063) Pause Young (Concurrent Start) (G1 Humongous Allocation) 900M->82M(2000M) 1.727ms
[339.839s][info][gc] GC(9064) Concurrent Undo Cycle
[339.840s][info][gc] GC(9064) Concurrent Undo Cycle 1.747ms
[339.909s][info][gc] GC(9065) Pause Young (Concurrent Start) (G1 Humongous Allocation) 900M->82M(2000M) 2.522ms
[339.909s][info][gc] GC(9066) Concurrent Undo Cycle
[339.911s][info][gc] GC(9066) Concurrent Undo Cycle 1.832ms
[339.978s][info][gc] GC(9067) Pause Young (Concurrent Start) (G1 Humongous Allocation) 900M->82M(2000M) 1.635ms
[339.978s][info][gc] GC(9068) Concurrent Undo Cycle
[339.980s][info][gc] GC(9068) Concurrent Undo Cycle 1.798ms
[340.048s][info][gc] GC(9069) Pause Young (Concurrent Start) (G1 Humongous Allocation) 900M->82M(2000M) 1.406ms
[340.048s][info][gc] GC(9070) Concurrent Undo Cycle
[340.051s][info][gc] GC(9070) Concurrent Undo Cycle 2.086ms
[340.117s][info][gc] GC(9071) Pause Young (Concurrent Start) (G1 Humongous Allocation) 900M->82M(2000M) 1.442ms
[340.117s][info][gc] GC(9072) Concurrent Undo Cycle
[340.119s][info][gc] GC(9072) Concurrent Undo Cycle 1.706ms
[340.186s][info][gc] GC(9073) Pause Young (Concurrent Start) (G1 Humongous Allocation) 900M->82M(2000M) 1.571ms
[340.186s][info][gc] GC(9074) Concurrent Undo Cycle
[340.187s][info][gc] GC(9074) Concurrent Undo Cycle 1.869ms
[340.254s][info][gc] GC(9075) Pause Young (Concurrent Start) (G1 Humongous Allocation) 900M->82M(2000M) 1.774ms
[340.255s][info][gc] GC(9076) Concurrent Undo Cycle
[340.256s][info][gc] GC(9076) Concurrent Undo Cycle 1.901ms
[340.325s][info][gc] GC(9077) Pause Young (Concurrent Start) (G1 Humongous Allocation) 900M->82M(2000M) 1.536ms
[340.325s][info][gc] GC(9078) Concurrent Undo Cycle
[340.327s][info][gc] GC(9078) Concurrent Undo Cycle 1.942ms
[340.394s][info][gc] GC(9079) Pause Young (Concurrent Start) (G1 Humongous Allocation) 900M->82M(2000M) 1.635ms
[340.394s][info][gc] GC(9080) Concurrent Undo Cycle
[340.396s][info][gc] GC(9080) Concurrent Undo Cycle 1.765ms
[340.462s][info][gc] GC(9081) Pause Young (Concurrent Start) (G1 Humongous Allocation) 900M->82M(2000M) 1.520ms
[340.462s][info][gc] GC(9082) Concurrent Undo Cycle
[340.464s][info][gc] GC(9082) Concurrent Undo Cycle 1.917ms
[340.531s][info][gc] GC(9083) Pause Young (Concurrent Start) (G1 Humongous Allocation) 900M->82M(2000M) 1.266ms
[340.531s][info][gc] GC(9084) Concurrent Undo Cycle
[340.533s][info][gc] GC(9084) Concurrent Undo Cycle 1.798ms
[340.600s][info][gc] GC(9085) Pause Young (Concurrent Start) (G1 Humongous Allocation) 900M->82M(2000M) 1.552ms
[340.600s][info][gc] GC(9086) Concurrent Undo Cycle
[340.601s][info][gc] GC(9086) Concurrent Undo Cycle 1.779ms
[340.668s][info][gc] GC(9087) Pause Young (Concurrent Start) (G1 Humongous Allocation) 900M->82M(2000M) 1.557ms
[340.668s][info][gc] GC(9088) Concurrent Undo Cycle
[340.670s][info][gc] GC(9088) Concurrent Undo Cycle 1.867ms
[340.737s][info][gc] GC(9089) Pause Young (Concurrent Start) (G1 Humongous Allocation) 900M->82M(2000M) 1.607ms
[340.737s][info][gc] GC(9090) Concurrent Undo Cycle
[340.739s][info][gc] GC(9090) Concurrent Undo Cycle 1.806ms
[340.806s][info][gc] GC(9091) Pause Young (Concurrent Start) (G1 Humongous Allocation) 900M->82M(2000M) 1.420ms
[340.806s][info][gc] GC(9092) Concurrent Undo Cycle
[340.808s][info][gc] GC(9092) Concurrent Undo Cycle 1.781ms
[340.876s][info][gc] GC(9093) Pause Young (Concurrent Start) (G1 Humongous Allocation) 900M->82M(2000M) 1.475ms
[340.876s][info][gc] GC(9094) Concurrent Undo Cycle
[340.878s][info][gc] GC(9094) Concurrent Undo Cycle 1.849ms
[340.946s][info][gc] GC(9095) Pause Young (Concurrent Start) (G1 Humongous Allocation) 900M->82M(2000M) 1.601ms
[340.946s][info][gc] GC(9096) Concurrent Undo Cycle
[340.948s][info][gc] GC(9096) Concurrent Undo Cycle 1.773ms
[341.014s][info][gc] GC(9097) Pause Young (Concurrent Start) (G1 Humongous Allocation) 900M->82M(2000M) 1.486ms
[341.014s][info][gc] GC(9098) Concurrent Undo Cycle
[341.016s][info][gc] GC(9098) Concurrent Undo Cycle 1.743ms
[341.083s][info][gc] GC(9099) Pause Young (Concurrent Start) (G1 Humongous Allocation) 900M->82M(2000M) 1.758ms
[341.083s][info][gc] GC(9100) Concurrent Undo Cycle
[341.085s][info][gc] GC(9100) Concurrent Undo Cycle 1.887ms
[341.152s][info][gc] GC(9101) Pause Young (Concurrent Start) (G1 Humongous Allocation) 900M->82M(2000M) 1.517ms
[341.152s][info][gc] GC(9102) Concurrent Undo Cycle
[341.153s][info][gc] GC(9102) Concurrent Undo Cycle 1.712ms
[341.220s][info][gc] GC(9103) Pause Young (Concurrent Start) (G1 Humongous Allocation) 900M->82M(2000M) 1.532ms
[341.220s][info][gc] GC(9104) Concurrent Undo Cycle
[341.222s][info][gc] GC(9104) Concurrent Undo Cycle 1.749ms
[341.290s][info][gc] GC(9105) Pause Young (Concurrent Start) (G1 Humongous Allocation) 900M->82M(2000M) 1.571ms
[341.290s][info][gc] GC(9106) Concurrent Undo Cycle
[341.292s][info][gc] GC(9106) Concurrent Undo Cycle 1.932ms
[341.360s][info][gc] GC(9107) Pause Young (Concurrent Start) (G1 Humongous Allocation) 900M->82M(2000M) 1.533ms
[341.360s][info][gc] GC(9108) Concurrent Undo Cycle
[341.361s][info][gc] GC(9108) Concurrent Undo Cycle 1.747ms
[341.429s][info][gc] GC(9109) Pause Young (Concurrent Start) (G1 Humongous Allocation) 900M->82M(2000M) 1.490ms
[341.429s][info][gc] GC(9110) Concurrent Undo Cycle
[341.431s][info][gc] GC(9110) Concurrent Undo Cycle 1.826ms
[341.498s][info][gc] GC(9111) Pause Young (Concurrent Start) (G1 Humongous Allocation) 900M->82M(2000M) 1.775ms
[341.498s][info][gc] GC(9112) Concurrent Undo Cycle
[341.500s][info][gc] GC(9112) Concurrent Undo Cycle 1.789ms
[341.569s][info][gc] GC(9113) Pause Young (Concurrent Start) (G1 Humongous Allocation) 900M->82M(2000M) 1.675ms
[341.569s][info][gc] GC(9114) Concurrent Undo Cycle
[341.571s][info][gc] GC(9114) Concurrent Undo Cycle 1.762ms
[341.637s][info][gc] GC(9115) Pause Young (Concurrent Start) (G1 Humongous Allocation) 900M->82M(2000M) 1.300ms
[341.637s][info][gc] GC(9116) Concurrent Undo Cycle
[341.639s][info][gc] GC(9116) Concurrent Undo Cycle 1.787ms
[341.706s][info][gc] GC(9117) Pause Young (Concurrent Start) (G1 Humongous Allocation) 900M->82M(2000M) 1.413ms
[341.706s][info][gc] GC(9118) Concurrent Undo Cycle
[341.708s][info][gc] GC(9118) Concurrent Undo Cycle 1.754ms
[341.776s][info][gc] GC(9119) Pause Young (Concurrent Start) (G1 Humongous Allocation) 900M->82M(2000M) 1.935ms
[341.776s][info][gc] GC(9120) Concurrent Undo Cycle
[341.777s][info][gc] GC(9120) Concurrent Undo Cycle 1.673ms
[341.845s][info][gc] GC(9121) Pause Young (Concurrent Start) (G1 Humongous Allocation) 900M->82M(2000M) 1.438ms
[341.845s][info][gc] GC(9122) Concurrent Undo Cycle
[341.847s][info][gc] GC(9122) Concurrent Undo Cycle 1.836ms
[341.915s][info][gc] GC(9123) Pause Young (Concurrent Start) (G1 Humongous Allocation) 900M->82M(2000M) 1.503ms
[341.915s][info][gc] GC(9124) Concurrent Undo Cycle
[341.917s][info][gc] GC(9124) Concurrent Undo Cycle 1.878ms
[341.985s][info][gc] GC(9125) Pause Young (Concurrent Start) (G1 Humongous Allocation) 900M->82M(2000M) 1.391ms
[341.985s][info][gc] GC(9126) Concurrent Undo Cycle
[341.987s][info][gc] GC(9126) Concurrent Undo Cycle 1.792ms
[342.054s][info][gc] GC(9127) Pause Young (Concurrent Start) (G1 Humongous Allocation) 900M->82M(2000M) 1.658ms
[342.054s][info][gc] GC(9128) Concurrent Undo Cycle
[342.056s][info][gc] GC(9128) Concurrent Undo Cycle 1.904ms
[342.123s][info][gc] GC(9129) Pause Young (Concurrent Start) (G1 Humongous Allocation) 900M->82M(2000M) 1.779ms
[342.123s][info][gc] GC(9130) Concurrent Undo Cycle
[342.125s][info][gc] GC(9130) Concurrent Undo Cycle 1.772ms
[342.193s][info][gc] GC(9131) Pause Young (Concurrent Start) (G1 Humongous Allocation) 900M->82M(2000M) 1.644ms
[342.193s][info][gc] GC(9132) Concurrent Undo Cycle
[342.195s][info][gc] GC(9132) Concurrent Undo Cycle 1.770ms
[342.262s][info][gc] GC(9133) Pause Young (Concurrent Start) (G1 Humongous Allocation) 900M->82M(2000M) 1.720ms
[342.262s][info][gc] GC(9134) Concurrent Undo Cycle
[342.264s][info][gc] GC(9134) Concurrent Undo Cycle 1.742ms
[342.331s][info][gc] GC(9135) Pause Young (Concurrent Start) (G1 Humongous Allocation) 900M->82M(2000M) 1.634ms
[342.331s][info][gc] GC(9136) Concurrent Undo Cycle
[342.333s][info][gc] GC(9136) Concurrent Undo Cycle 1.752ms
[342.400s][info][gc] GC(9137) Pause Young (Concurrent Start) (G1 Humongous Allocation) 900M->82M(2000M) 1.519ms
[342.400s][info][gc] GC(9138) Concurrent Undo Cycle
[342.402s][info][gc] GC(9138) Concurrent Undo Cycle 1.795ms
[342.470s][info][gc] GC(9139) Pause Young (Concurrent Start) (G1 Humongous Allocation) 900M->82M(2000M) 1.541ms
[342.470s][info][gc] GC(9140) Concurrent Undo Cycle
[342.472s][info][gc] GC(9140) Concurrent Undo Cycle 1.755ms
[342.539s][info][gc] GC(9141) Pause Young (Concurrent Start) (G1 Humongous Allocation) 900M->82M(2000M) 1.440ms
[342.539s][info][gc] GC(9142) Concurrent Undo Cycle
[342.541s][info][gc] GC(9142) Concurrent Undo Cycle 1.895ms
[342.609s][info][gc] GC(9143) Pause Young (Concurrent Start) (G1 Humongous Allocation) 900M->82M(2000M) 1.688ms
[342.609s][info][gc] GC(9144) Concurrent Undo Cycle
[342.611s][info][gc] GC(9144) Concurrent Undo Cycle 1.825ms
[342.677s][info][gc] GC(9145) Pause Young (Concurrent Start) (G1 Humongous Allocation) 900M->82M(2000M) 1.475ms
[342.677s][info][gc] GC(9146) Concurrent Undo Cycle
[342.679s][info][gc] GC(9146) Concurrent Undo Cycle 1.726ms
[342.746s][info][gc] GC(9147) Pause Young (Concurrent Start) (G1 Humongous Allocation) 900M->82M(2000M) 1.619ms
[342.746s][info][gc] GC(9148) Concurrent Undo Cycle
[342.748s][info][gc] GC(9148) Concurrent Undo Cycle 1.784ms
[342.815s][info][gc] GC(9149) Pause Young (Concurrent Start) (G1 Humongous Allocation) 900M->82M(2000M) 1.463ms
[342.815s][info][gc] GC(9150) Concurrent Undo Cycle
[342.817s][info][gc] GC(9150) Concurrent Undo Cycle 1.732ms
[342.884s][info][gc] GC(9151) Pause Young (Concurrent Start) (G1 Humongous Allocation) 900M->82M(2000M) 1.632ms
[342.884s][info][gc] GC(9152) Concurrent Undo Cycle
[342.886s][info][gc] GC(9152) Concurrent Undo Cycle 1.973ms
[342.954s][info][gc] GC(9153) Pause Young (Concurrent Start) (G1 Humongous Allocation) 900M->82M(2000M) 1.504ms
[342.954s][info][gc] GC(9154) Concurrent Undo Cycle
[342.956s][info][gc] GC(9154) Concurrent Undo Cycle 1.955ms
[343.024s][info][gc] GC(9155) Pause Young (Concurrent Start) (G1 Humongous Allocation) 900M->82M(2000M) 1.479ms
[343.024s][info][gc] GC(9156) Concurrent Undo Cycle
[343.026s][info][gc] GC(9156) Concurrent Undo Cycle 1.759ms
[343.094s][info][gc] GC(9157) Pause Young (Concurrent Start) (G1 Humongous Allocation) 900M->82M(2000M) 1.475ms
[343.094s][info][gc] GC(9158) Concurrent Undo Cycle
[343.096s][info][gc] GC(9158) Concurrent Undo Cycle 1.826ms
[343.164s][info][gc] GC(9159) Pause Young (Concurrent Start) (G1 Humongous Allocation) 901M->82M(2000M) 1.448ms
[343.164s][info][gc] GC(9160) Concurrent Undo Cycle
[343.166s][info][gc] GC(9160) Concurrent Undo Cycle 1.762ms
[343.235s][info][gc] GC(9161) Pause Young (Concurrent Start) (G1 Humongous Allocation) 900M->82M(2000M) 1.451ms
[343.235s][info][gc] GC(9162) Concurrent Undo Cycle
[343.237s][info][gc] GC(9162) Concurrent Undo Cycle 1.850ms
[343.305s][info][gc] GC(9163) Pause Young (Concurrent Start) (G1 Humongous Allocation) 901M->82M(2000M) 1.520ms
[343.305s][info][gc] GC(9164) Concurrent Undo Cycle
[343.307s][info][gc] GC(9164) Concurrent Undo Cycle 1.823ms
[343.374s][info][gc] GC(9165) Pause Young (Concurrent Start) (G1 Humongous Allocation) 901M->83M(2000M) 1.505ms
[343.375s][info][gc] GC(9166) Concurrent Undo Cycle
[343.376s][info][gc] GC(9166) Concurrent Undo Cycle 1.740ms
[343.444s][info][gc] GC(9167) Pause Young (Concurrent Start) (G1 Humongous Allocation) 901M->83M(2000M) 1.572ms
[343.444s][info][gc] GC(9168) Concurrent Undo Cycle
[343.446s][info][gc] GC(9168) Concurrent Undo Cycle 1.887ms
[343.514s][info][gc] GC(9169) Pause Young (Concurrent Start) (G1 Humongous Allocation) 901M->83M(2000M) 1.515ms
[343.514s][info][gc] GC(9170) Concurrent Undo Cycle
[343.516s][info][gc] GC(9170) Concurrent Undo Cycle 1.783ms
[343.584s][info][gc] GC(9171) Pause Young (Concurrent Start) (G1 Humongous Allocation) 901M->83M(2000M) 1.577ms
[343.584s][info][gc] GC(9172) Concurrent Undo Cycle
[343.586s][info][gc] GC(9172) Concurrent Undo Cycle 1.925ms
[343.653s][info][gc] GC(9173) Pause Young (Concurrent Start) (G1 Humongous Allocation) 901M->83M(2000M) 1.449ms
[343.653s][info][gc] GC(9174) Concurrent Undo Cycle
[343.655s][info][gc] GC(9174) Concurrent Undo Cycle 1.836ms
[343.722s][info][gc] GC(9175) Pause Young (Concurrent Start) (G1 Humongous Allocation) 901M->83M(2000M) 1.431ms
[343.722s][info][gc] GC(9176) Concurrent Undo Cycle
[343.723s][info][gc] GC(9176) Concurrent Undo Cycle 1.739ms
[343.791s][info][gc] GC(9177) Pause Young (Concurrent Start) (G1 Humongous Allocation) 901M->83M(2000M) 1.653ms
[343.791s][info][gc] GC(9178) Concurrent Undo Cycle
[343.793s][info][gc] GC(9178) Concurrent Undo Cycle 1.819ms
[343.859s][info][gc] GC(9179) Pause Young (Concurrent Start) (G1 Humongous Allocation) 901M->83M(2000M) 1.525ms
[343.859s][info][gc] GC(9180) Concurrent Undo Cycle
[343.861s][info][gc] GC(9180) Concurrent Undo Cycle 1.751ms
[343.929s][info][gc] GC(9181) Pause Young (Concurrent Start) (G1 Humongous Allocation) 901M->83M(2000M) 1.512ms
[343.929s][info][gc] GC(9182) Concurrent Undo Cycle
[343.930s][info][gc] GC(9182) Concurrent Undo Cycle 1.775ms
[343.999s][info][gc] GC(9183) Pause Young (Concurrent Start) (G1 Humongous Allocation) 901M->83M(2000M) 1.563ms
[343.999s][info][gc] GC(9184) Concurrent Undo Cycle
[344.001s][info][gc] GC(9184) Concurrent Undo Cycle 1.771ms
[344.070s][info][gc] GC(9185) Pause Young (Concurrent Start) (G1 Humongous Allocation) 901M->83M(2000M) 1.757ms
[344.070s][info][gc] GC(9186) Concurrent Undo Cycle
[344.072s][info][gc] GC(9186) Concurrent Undo Cycle 1.882ms
[344.139s][info][gc] GC(9187) Pause Young (Concurrent Start) (G1 Humongous Allocation) 901M->83M(2000M) 1.613ms
[344.139s][info][gc] GC(9188) Concurrent Undo Cycle
[344.141s][info][gc] GC(9188) Concurrent Undo Cycle 1.876ms
[344.208s][info][gc] GC(9189) Pause Young (Concurrent Start) (G1 Humongous Allocation) 901M->83M(2000M) 1.456ms
[344.208s][info][gc] GC(9190) Concurrent Undo Cycle
[344.210s][info][gc] GC(9190) Concurrent Undo Cycle 1.737ms
[344.277s][info][gc] GC(9191) Pause Young (Concurrent Start) (G1 Humongous Allocation) 901M->83M(2000M) 1.545ms
[344.277s][info][gc] GC(9192) Concurrent Undo Cycle
[344.279s][info][gc] GC(9192) Concurrent Undo Cycle 1.720ms
[344.346s][info][gc] GC(9193) Pause Young (Concurrent Start) (G1 Humongous Allocation) 901M->83M(2000M) 1.389ms
[344.346s][info][gc] GC(9194) Concurrent Undo Cycle
[344.348s][info][gc] GC(9194) Concurrent Undo Cycle 1.835ms
[344.415s][info][gc] GC(9195) Pause Young (Concurrent Start) (G1 Humongous Allocation) 901M->83M(2000M) 1.365ms
[344.415s][info][gc] GC(9196) Concurrent Undo Cycle
[344.416s][info][gc] GC(9196) Concurrent Undo Cycle 1.754ms
[344.484s][info][gc] GC(9197) Pause Young (Concurrent Start) (G1 Humongous Allocation) 901M->83M(2000M) 1.496ms
[344.484s][info][gc] GC(9198) Concurrent Undo Cycle
[344.486s][info][gc] GC(9198) Concurrent Undo Cycle 2.311ms
[344.554s][info][gc] GC(9199) Pause Young (Concurrent Start) (G1 Humongous Allocation) 901M->83M(2000M) 1.552ms
[344.555s][info][gc] GC(9200) Concurrent Undo Cycle
[344.556s][info][gc] GC(9200) Concurrent Undo Cycle 1.863ms
[344.624s][info][gc] GC(9201) Pause Young (Concurrent Start) (G1 Humongous Allocation) 901M->83M(2000M) 1.655ms
[344.624s][info][gc] GC(9202) Concurrent Undo Cycle
[344.626s][info][gc] GC(9202) Concurrent Undo Cycle 1.845ms
[344.693s][info][gc] GC(9203) Pause Young (Concurrent Start) (G1 Humongous Allocation) 901M->83M(2000M) 1.444ms
[344.693s][info][gc] GC(9204) Concurrent Undo Cycle
[344.695s][info][gc] GC(9204) Concurrent Undo Cycle 1.971ms
[344.762s][info][gc] GC(9205) Pause Young (Concurrent Start) (G1 Humongous Allocation) 901M->83M(2000M) 1.501ms
[344.763s][info][gc] GC(9206) Concurrent Undo Cycle
[344.764s][info][gc] GC(9206) Concurrent Undo Cycle 1.758ms
[344.832s][info][gc] GC(9207) Pause Young (Concurrent Start) (G1 Humongous Allocation) 901M->83M(2000M) 1.491ms
[344.832s][info][gc] GC(9208) Concurrent Undo Cycle
[344.834s][info][gc] GC(9208) Concurrent Undo Cycle 1.738ms
[344.902s][info][gc] GC(9209) Pause Young (Concurrent Start) (G1 Humongous Allocation) 901M->83M(2000M) 2.268ms
[344.902s][info][gc] GC(9210) Concurrent Undo Cycle
[344.904s][info][gc] GC(9210) Concurrent Undo Cycle 1.733ms
[344.971s][info][gc] GC(9211) Pause Young (Concurrent Start) (G1 Humongous Allocation) 901M->83M(2000M) 1.650ms
[344.971s][info][gc] GC(9212) Concurrent Undo Cycle
[344.973s][info][gc] GC(9212) Concurrent Undo Cycle 1.724ms
[345.041s][info][gc] GC(9213) Pause Young (Concurrent Start) (G1 Humongous Allocation) 901M->83M(2000M) 1.431ms
[345.041s][info][gc] GC(9214) Concurrent Undo Cycle
[345.043s][info][gc] GC(9214) Concurrent Undo Cycle 1.793ms
[345.112s][info][gc] GC(9215) Pause Young (Concurrent Start) (G1 Humongous Allocation) 901M->83M(2000M) 1.479ms
[345.112s][info][gc] GC(9216) Concurrent Undo Cycle
[345.114s][info][gc] GC(9216) Concurrent Undo Cycle 1.922ms
[345.182s][info][gc] GC(9217) Pause Young (Concurrent Start) (G1 Humongous Allocation) 901M->83M(2000M) 1.552ms
[345.182s][info][gc] GC(9218) Concurrent Undo Cycle
[345.183s][info][gc] GC(9218) Concurrent Undo Cycle 1.786ms
[345.251s][info][gc] GC(9219) Pause Young (Concurrent Start) (G1 Humongous Allocation) 901M->83M(2000M) 1.566ms
[345.251s][info][gc] GC(9220) Concurrent Undo Cycle
[345.253s][info][gc] GC(9220) Concurrent Undo Cycle 1.837ms
[345.321s][info][gc] GC(9221) Pause Young (Concurrent Start) (G1 Humongous Allocation) 901M->83M(2000M) 1.558ms
[345.321s][info][gc] GC(9222) Concurrent Undo Cycle
[345.323s][info][gc] GC(9222) Concurrent Undo Cycle 1.879ms
[345.390s][info][gc] GC(9223) Pause Young (Concurrent Start) (G1 Humongous Allocation) 901M->83M(2000M) 1.829ms
[345.390s][info][gc] GC(9224) Concurrent Undo Cycle
[345.392s][info][gc] GC(9224) Concurrent Undo Cycle 1.910ms
[345.459s][info][gc] GC(9225) Pause Young (Concurrent Start) (G1 Humongous Allocation) 901M->83M(2000M) 1.384ms
[345.459s][info][gc] GC(9226) Concurrent Undo Cycle
[345.461s][info][gc] GC(9226) Concurrent Undo Cycle 1.749ms
[345.528s][info][gc] GC(9227) Pause Young (Concurrent Start) (G1 Humongous Allocation) 901M->83M(2000M) 1.448ms
[345.528s][info][gc] GC(9228) Concurrent Undo Cycle
[345.530s][info][gc] GC(9228) Concurrent Undo Cycle 1.805ms
[345.598s][info][gc] GC(9229) Pause Young (Concurrent Start) (G1 Humongous Allocation) 901M->83M(2000M) 1.464ms
[345.598s][info][gc] GC(9230) Concurrent Undo Cycle
[345.600s][info][gc] GC(9230) Concurrent Undo Cycle 1.896ms
[345.668s][info][gc] GC(9231) Pause Young (Concurrent Start) (G1 Humongous Allocation) 901M->83M(2000M) 2.349ms
[345.668s][info][gc] GC(9232) Concurrent Undo Cycle
[345.670s][info][gc] GC(9232) Concurrent Undo Cycle 1.824ms
[345.738s][info][gc] GC(9233) Pause Young (Concurrent Start) (G1 Humongous Allocation) 901M->83M(2000M) 1.571ms
[345.738s][info][gc] GC(9234) Concurrent Undo Cycle
[345.740s][info][gc] GC(9234) Concurrent Undo Cycle 1.804ms
[345.807s][info][gc] GC(9235) Pause Young (Concurrent Start) (G1 Humongous Allocation) 901M->83M(2000M) 1.531ms
[345.807s][info][gc] GC(9236) Concurrent Undo Cycle
[345.809s][info][gc] GC(9236) Concurrent Undo Cycle 1.812ms
[345.877s][info][gc] GC(9237) Pause Young (Concurrent Start) (G1 Humongous Allocation) 901M->83M(2000M) 1.641ms
[345.877s][info][gc] GC(9238) Concurrent Undo Cycle
[345.878s][info][gc] GC(9238) Concurrent Undo Cycle 1.708ms
[345.946s][info][gc] GC(9239) Pause Young (Concurrent Start) (G1 Humongous Allocation) 901M->83M(2000M) 1.456ms
[345.946s][info][gc] GC(9240) Concurrent Undo Cycle
[345.948s][info][gc] GC(9240) Concurrent Undo Cycle 1.688ms
[346.016s][info][gc] GC(9241) Pause Young (Concurrent Start) (G1 Humongous Allocation) 901M->83M(2000M) 1.609ms
[346.016s][info][gc] GC(9242) Concurrent Undo Cycle
[346.018s][info][gc] GC(9242) Concurrent Undo Cycle 2.017ms
[346.087s][info][gc] GC(9243) Pause Young (Concurrent Start) (G1 Humongous Allocation) 901M->83M(2000M) 1.542ms
[346.087s][info][gc] GC(9244) Concurrent Undo Cycle
[346.089s][info][gc] GC(9244) Concurrent Undo Cycle 1.700ms
[346.157s][info][gc] GC(9245) Pause Young (Concurrent Start) (G1 Humongous Allocation) 901M->83M(2000M) 1.495ms
[346.157s][info][gc] GC(9246) Concurrent Undo Cycle
[346.159s][info][gc] GC(9246) Concurrent Undo Cycle 1.985ms
[346.227s][info][gc] GC(9247) Pause Young (Concurrent Start) (G1 Humongous Allocation) 901M->83M(2000M) 1.417ms
[346.227s][info][gc] GC(9248) Concurrent Undo Cycle
[346.229s][info][gc] GC(9248) Concurrent Undo Cycle 1.827ms
[346.296s][info][gc] GC(9249) Pause Young (Concurrent Start) (G1 Humongous Allocation) 901M->83M(2000M) 1.693ms
[346.296s][info][gc] GC(9250) Concurrent Undo Cycle
[346.298s][info][gc] GC(9250) Concurrent Undo Cycle 1.772ms
[346.366s][info][gc] GC(9251) Pause Young (Concurrent Start) (G1 Humongous Allocation) 901M->83M(2000M) 1.509ms
[346.366s][info][gc] GC(9252) Concurrent Undo Cycle
[346.367s][info][gc] GC(9252) Concurrent Undo Cycle 1.896ms
[346.435s][info][gc] GC(9253) Pause Young (Concurrent Start) (G1 Humongous Allocation) 901M->83M(2000M) 1.642ms
[346.435s][info][gc] GC(9254) Concurrent Undo Cycle
[346.437s][info][gc] GC(9254) Concurrent Undo Cycle 1.986ms
[346.504s][info][gc] GC(9255) Pause Young (Concurrent Start) (G1 Humongous Allocation) 901M->83M(2000M) 1.437ms
[346.504s][info][gc] GC(9256) Concurrent Undo Cycle
[346.506s][info][gc] GC(9256) Concurrent Undo Cycle 1.754ms
[346.573s][info][gc] GC(9257) Pause Young (Concurrent Start) (G1 Humongous Allocation) 901M->83M(2000M) 1.555ms
[346.573s][info][gc] GC(9258) Concurrent Undo Cycle
[346.575s][info][gc] GC(9258) Concurrent Undo Cycle 1.964ms
[346.643s][info][gc] GC(9259) Pause Young (Concurrent Start) (G1 Humongous Allocation) 901M->83M(2000M) 1.442ms
[346.643s][info][gc] GC(9260) Concurrent Undo Cycle
[346.645s][info][gc] GC(9260) Concurrent Undo Cycle 1.791ms
[346.713s][info][gc] GC(9261) Pause Young (Concurrent Start) (G1 Humongous Allocation) 901M->83M(2000M) 1.487ms
[346.713s][info][gc] GC(9262) Concurrent Undo Cycle
[346.715s][info][gc] GC(9262) Concurrent Undo Cycle 1.766ms
[346.783s][info][gc] GC(9263) Pause Young (Concurrent Start) (G1 Humongous Allocation) 901M->83M(2000M) 1.518ms
[346.783s][info][gc] GC(9264) Concurrent Undo Cycle
[346.785s][info][gc] GC(9264) Concurrent Undo Cycle 1.751ms
[346.853s][info][gc] GC(9265) Pause Young (Concurrent Start) (G1 Humongous Allocation) 901M->83M(2000M) 1.712ms
[346.853s][info][gc] GC(9266) Concurrent Undo Cycle
[346.854s][info][gc] GC(9266) Concurrent Undo Cycle 1.825ms
[346.922s][info][gc] GC(9267) Pause Young (Concurrent Start) (G1 Humongous Allocation) 901M->83M(2000M) 1.639ms
[346.922s][info][gc] GC(9268) Concurrent Undo Cycle
[346.924s][info][gc] GC(9268) Concurrent Undo Cycle 1.944ms
[346.992s][info][gc] GC(9269) Pause Young (Concurrent Start) (G1 Humongous Allocation) 901M->83M(2000M) 1.533ms
[346.992s][info][gc] GC(9270) Concurrent Undo Cycle
[346.993s][info][gc] GC(9270) Concurrent Undo Cycle 1.730ms
[347.061s][info][gc] GC(9271) Pause Young (Concurrent Start) (G1 Humongous Allocation) 901M->83M(2000M) 1.654ms
[347.061s][info][gc] GC(9272) Concurrent Undo Cycle
[347.063s][info][gc] GC(9272) Concurrent Undo Cycle 1.944ms
[347.130s][info][gc] GC(9273) Pause Young (Concurrent Start) (G1 Humongous Allocation) 901M->83M(2000M) 1.575ms
[347.130s][info][gc] GC(9274) Concurrent Undo Cycle
[347.132s][info][gc] GC(9274) Concurrent Undo Cycle 1.848ms
[347.203s][info][gc] GC(9275) Pause Young (Concurrent Start) (G1 Humongous Allocation) 902M->83M(2000M) 1.593ms
[347.203s][info][gc] GC(9276) Concurrent Undo Cycle
[347.205s][info][gc] GC(9276) Concurrent Undo Cycle 1.761ms
[347.273s][info][gc] GC(9277) Pause Young (Concurrent Start) (G1 Humongous Allocation) 901M->83M(2000M) 1.518ms
[347.273s][info][gc] GC(9278) Concurrent Undo Cycle
[347.275s][info][gc] GC(9278) Concurrent Undo Cycle 1.834ms
[347.343s][info][gc] GC(9279) Pause Young (Concurrent Start) (G1 Humongous Allocation) 901M->83M(2000M) 1.640ms
[347.343s][info][gc] GC(9280) Concurrent Undo Cycle
[347.345s][info][gc] GC(9280) Concurrent Undo Cycle 1.844ms
[347.413s][info][gc] GC(9281) Pause Young (Concurrent Start) (G1 Humongous Allocation) 901M->83M(2000M) 1.352ms
[347.413s][info][gc] GC(9282) Concurrent Undo Cycle
[347.415s][info][gc] GC(9282) Concurrent Undo Cycle 1.797ms
[347.482s][info][gc] GC(9283) Pause Young (Concurrent Start) (G1 Humongous Allocation) 901M->83M(2000M) 1.367ms
[347.482s][info][gc] GC(9284) Concurrent Undo Cycle
[347.484s][info][gc] GC(9284) Concurrent Undo Cycle 1.818ms
[347.551s][info][gc] GC(9285) Pause Young (Concurrent Start) (G1 Humongous Allocation) 901M->83M(2000M) 1.494ms
[347.551s][info][gc] GC(9286) Concurrent Undo Cycle
[347.553s][info][gc] GC(9286) Concurrent Undo Cycle 1.885ms
[347.620s][info][gc] GC(9287) Pause Young (Concurrent Start) (G1 Humongous Allocation) 901M->83M(2000M) 1.453ms
[347.621s][info][gc] GC(9288) Concurrent Undo Cycle
[347.622s][info][gc] GC(9288) Concurrent Undo Cycle 1.889ms
[347.691s][info][gc] GC(9289) Pause Young (Concurrent Start) (G1 Humongous Allocation) 901M->83M(2000M) 1.681ms
[347.691s][info][gc] GC(9290) Concurrent Undo Cycle
[347.692s][info][gc] GC(9290) Concurrent Undo Cycle 1.846ms
[347.761s][info][gc] GC(9291) Pause Young (Concurrent Start) (G1 Humongous Allocation) 901M->83M(2000M) 1.639ms
[347.761s][info][gc] GC(9292) Concurrent Undo Cycle
[347.763s][info][gc] GC(9292) Concurrent Undo Cycle 1.895ms
[347.831s][info][gc] GC(9293) Pause Young (Concurrent Start) (G1 Humongous Allocation) 901M->83M(2000M) 1.516ms
[347.831s][info][gc] GC(9294) Concurrent Undo Cycle
[347.833s][info][gc] GC(9294) Concurrent Undo Cycle 1.732ms
[347.900s][info][gc] GC(9295) Pause Young (Concurrent Start) (G1 Humongous Allocation) 901M->83M(2000M) 1.549ms
[347.900s][info][gc] GC(9296) Concurrent Undo Cycle
[347.902s][info][gc] GC(9296) Concurrent Undo Cycle 1.808ms
[347.971s][info][gc] GC(9297) Pause Young (Concurrent Start) (G1 Humongous Allocation) 902M->83M(2000M) 1.882ms
[347.971s][info][gc] GC(9298) Concurrent Undo Cycle
[347.973s][info][gc] GC(9298) Concurrent Undo Cycle 1.725ms
[348.040s][info][gc] GC(9299) Pause Young (Concurrent Start) (G1 Humongous Allocation) 902M->84M(2000M) 1.575ms
[348.040s][info][gc] GC(9300) Concurrent Undo Cycle
[348.042s][info][gc] GC(9300) Concurrent Undo Cycle 1.721ms
[348.110s][info][gc] GC(9301) Pause Young (Concurrent Start) (G1 Humongous Allocation) 902M->84M(2000M) 1.677ms
[348.110s][info][gc] GC(9302) Concurrent Undo Cycle
[348.112s][info][gc] GC(9302) Concurrent Undo Cycle 1.801ms
[348.179s][info][gc] GC(9303) Pause Young (Concurrent Start) (G1 Humongous Allocation) 902M->84M(2000M) 1.568ms
[348.179s][info][gc] GC(9304) Concurrent Undo Cycle
[348.181s][info][gc] GC(9304) Concurrent Undo Cycle 1.783ms
[348.249s][info][gc] GC(9305) Pause Young (Concurrent Start) (G1 Humongous Allocation) 902M->84M(2000M) 1.418ms
[348.249s][info][gc] GC(9306) Concurrent Undo Cycle
[348.251s][info][gc] GC(9306) Concurrent Undo Cycle 1.900ms
[348.321s][info][gc] GC(9307) Pause Young (Concurrent Start) (G1 Humongous Allocation) 902M->84M(2000M) 1.731ms
[348.321s][info][gc] GC(9308) Concurrent Undo Cycle
[348.323s][info][gc] GC(9308) Concurrent Undo Cycle 1.876ms
[348.391s][info][gc] GC(9309) Pause Young (Concurrent Start) (G1 Humongous Allocation) 902M->84M(2000M) 1.415ms
[348.391s][info][gc] GC(9310) Concurrent Undo Cycle
[348.393s][info][gc] GC(9310) Concurrent Undo Cycle 1.830ms
[348.461s][info][gc] GC(9311) Pause Young (Concurrent Start) (G1 Humongous Allocation) 902M->84M(2000M) 1.357ms
[348.461s][info][gc] GC(9312) Concurrent Undo Cycle
[348.462s][info][gc] GC(9312) Concurrent Undo Cycle 1.875ms
[348.530s][info][gc] GC(9313) Pause Young (Concurrent Start) (G1 Humongous Allocation) 902M->84M(2000M) 1.334ms
[348.530s][info][gc] GC(9314) Concurrent Undo Cycle
[348.531s][info][gc] GC(9314) Concurrent Undo Cycle 1.756ms
[348.599s][info][gc] GC(9315) Pause Young (Concurrent Start) (G1 Humongous Allocation) 902M->84M(2000M) 1.570ms
[348.599s][info][gc] GC(9316) Concurrent Undo Cycle
[348.601s][info][gc] GC(9316) Concurrent Undo Cycle 2.120ms
[348.669s][info][gc] GC(9317) Pause Young (Concurrent Start) (G1 Humongous Allocation) 902M->84M(2000M) 1.596ms
[348.669s][info][gc] GC(9318) Concurrent Undo Cycle
[348.671s][info][gc] GC(9318) Concurrent Undo Cycle 1.899ms
[348.738s][info][gc] GC(9319) Pause Young (Concurrent Start) (G1 Humongous Allocation) 902M->84M(2000M) 1.440ms
[348.739s][info][gc] GC(9320) Concurrent Undo Cycle
[348.740s][info][gc] GC(9320) Concurrent Undo Cycle 1.892ms
[348.810s][info][gc] GC(9321) Pause Young (Concurrent Start) (G1 Humongous Allocation) 902M->84M(2000M) 1.412ms
[348.810s][info][gc] GC(9322) Concurrent Undo Cycle
[348.812s][info][gc] GC(9322) Concurrent Undo Cycle 1.905ms
[348.880s][info][gc] GC(9323) Pause Young (Concurrent Start) (G1 Humongous Allocation) 902M->84M(2000M) 1.421ms
[348.880s][info][gc] GC(9324) Concurrent Undo Cycle
[348.882s][info][gc] GC(9324) Concurrent Undo Cycle 1.839ms
[348.949s][info][gc] GC(9325) Pause Young (Concurrent Start) (G1 Humongous Allocation) 902M->84M(2000M) 1.228ms
[348.949s][info][gc] GC(9326) Concurrent Undo Cycle
[348.951s][info][gc] GC(9326) Concurrent Undo Cycle 1.856ms
[349.020s][info][gc] GC(9327) Pause Young (Concurrent Start) (G1 Humongous Allocation) 894M->80M(2000M) 1.782ms
[349.020s][info][gc] GC(9328) Concurrent Undo Cycle
[349.022s][info][gc] GC(9328) Concurrent Undo Cycle 1.874ms
[349.092s][info][gc] GC(9329) Pause Young (Concurrent Start) (G1 Humongous Allocation) 898M->80M(2000M) 1.529ms
[349.092s][info][gc] GC(9330) Concurrent Undo Cycle
[349.094s][info][gc] GC(9330) Concurrent Undo Cycle 1.955ms
[349.165s][info][gc] GC(9331) Pause Young (Concurrent Start) (G1 Humongous Allocation) 898M->80M(2000M) 1.615ms
[349.165s][info][gc] GC(9332) Concurrent Undo Cycle
[349.167s][info][gc] GC(9332) Concurrent Undo Cycle 1.884ms
[349.235s][info][gc] GC(9333) Pause Young (Concurrent Start) (G1 Humongous Allocation) 898M->80M(2000M) 1.651ms
[349.235s][info][gc] GC(9334) Concurrent Undo Cycle
[349.237s][info][gc] GC(9334) Concurrent Undo Cycle 1.808ms
[349.306s][info][gc] GC(9335) Pause Young (Concurrent Start) (G1 Humongous Allocation) 898M->80M(2000M) 1.500ms
[349.306s][info][gc] GC(9336) Concurrent Undo Cycle
[349.308s][info][gc] GC(9336) Concurrent Undo Cycle 1.802ms
[349.376s][info][gc] GC(9337) Pause Young (Concurrent Start) (G1 Humongous Allocation) 898M->80M(2000M) 1.472ms
[349.376s][info][gc] GC(9338) Concurrent Undo Cycle
[349.378s][info][gc] GC(9338) Concurrent Undo Cycle 1.902ms
[349.446s][info][gc] GC(9339) Pause Young (Concurrent Start) (G1 Humongous Allocation) 898M->80M(2000M) 1.654ms
[349.446s][info][gc] GC(9340) Concurrent Undo Cycle
[349.448s][info][gc] GC(9340) Concurrent Undo Cycle 2.030ms
[349.516s][info][gc] GC(9341) Pause Young (Concurrent Start) (G1 Humongous Allocation) 898M->80M(2000M) 1.436ms
[349.516s][info][gc] GC(9342) Concurrent Undo Cycle
[349.517s][info][gc] GC(9342) Concurrent Undo Cycle 1.877ms
[349.585s][info][gc] GC(9343) Pause Young (Concurrent Start) (G1 Humongous Allocation) 898M->80M(2000M) 1.511ms
[349.585s][info][gc] GC(9344) Concurrent Undo Cycle
[349.587s][info][gc] GC(9344) Concurrent Undo Cycle 1.930ms
[349.654s][info][gc] GC(9345) Pause Young (Concurrent Start) (G1 Humongous Allocation) 898M->80M(2000M) 1.405ms
[349.655s][info][gc] GC(9346) Concurrent Undo Cycle
[349.656s][info][gc] GC(9346) Concurrent Undo Cycle 1.817ms
[349.726s][info][gc] GC(9347) Pause Young (Concurrent Start) (G1 Humongous Allocation) 898M->80M(2000M) 1.447ms
[349.726s][info][gc] GC(9348) Concurrent Undo Cycle
[349.728s][info][gc] GC(9348) Concurrent Undo Cycle 1.862ms
[349.796s][info][gc] GC(9349) Pause Young (Concurrent Start) (G1 Humongous Allocation) 898M->80M(2000M) 1.489ms
[349.796s][info][gc] GC(9350) Concurrent Undo Cycle
[349.798s][info][gc] GC(9350) Concurrent Undo Cycle 1.838ms
[349.867s][info][gc] GC(9351) Pause Young (Concurrent Start) (G1 Humongous Allocation) 898M->80M(2000M) 1.442ms
[349.867s][info][gc] GC(9352) Concurrent Undo Cycle
[349.869s][info][gc] GC(9352) Concurrent Undo Cycle 2.073ms
[349.937s][info][gc] GC(9353) Pause Young (Concurrent Start) (G1 Humongous Allocation) 898M->80M(2000M) 1.382ms
[349.937s][info][gc] GC(9354) Concurrent Undo Cycle
[349.939s][info][gc] GC(9354) Concurrent Undo Cycle 1.900ms
[350.007s][info][gc] GC(9355) Pause Young (Concurrent Start) (G1 Humongous Allocation) 898M->80M(2000M) 1.522ms
[350.007s][info][gc] GC(9356) Concurrent Undo Cycle
[350.009s][info][gc] GC(9356) Concurrent Undo Cycle 1.900ms
[350.077s][info][gc] GC(9357) Pause Young (Concurrent Start) (G1 Humongous Allocation) 898M->80M(2000M) 1.490ms
[350.077s][info][gc] GC(9358) Concurrent Undo Cycle
[350.079s][info][gc] GC(9358) Concurrent Undo Cycle 1.966ms
[350.146s][info][gc] GC(9359) Pause Young (Concurrent Start) (G1 Humongous Allocation) 898M->80M(2000M) 1.474ms
[350.146s][info][gc] GC(9360) Concurrent Undo Cycle
[350.148s][info][gc] GC(9360) Concurrent Undo Cycle 2.052ms
[350.215s][info][gc] GC(9361) Pause Young (Concurrent Start) (G1 Humongous Allocation) 898M->80M(2000M) 1.415ms
[350.215s][info][gc] GC(9362) Concurrent Undo Cycle
[350.217s][info][gc] GC(9362) Concurrent Undo Cycle 1.759ms
[350.285s][info][gc] GC(9363) Pause Young (Concurrent Start) (G1 Humongous Allocation) 898M->80M(2000M) 1.558ms
[350.285s][info][gc] GC(9364) Concurrent Undo Cycle
[350.287s][info][gc] GC(9364) Concurrent Undo Cycle 1.973ms
[350.355s][info][gc] GC(9365) Pause Young (Concurrent Start) (G1 Humongous Allocation) 898M->80M(2000M) 1.459ms
[350.356s][info][gc] GC(9366) Concurrent Undo Cycle
[350.357s][info][gc] GC(9366) Concurrent Undo Cycle 1.899ms
[350.426s][info][gc] GC(9367) Pause Young (Concurrent Start) (G1 Humongous Allocation) 898M->80M(2000M) 1.509ms
[350.426s][info][gc] GC(9368) Concurrent Undo Cycle
[350.428s][info][gc] GC(9368) Concurrent Undo Cycle 2.043ms
[350.496s][info][gc] GC(9369) Pause Young (Concurrent Start) (G1 Humongous Allocation) 898M->80M(2000M) 1.492ms
[350.496s][info][gc] GC(9370) Concurrent Undo Cycle
[350.498s][info][gc] GC(9370) Concurrent Undo Cycle 1.941ms
[350.566s][info][gc] GC(9371) Pause Young (Concurrent Start) (G1 Humongous Allocation) 898M->80M(2000M) 1.681ms
[350.566s][info][gc] GC(9372) Concurrent Undo Cycle
[350.568s][info][gc] GC(9372) Concurrent Undo Cycle 1.873ms
[350.636s][info][gc] GC(9373) Pause Young (Concurrent Start) (G1 Humongous Allocation) 898M->80M(2000M) 1.791ms
[350.636s][info][gc] GC(9374) Concurrent Undo Cycle
[350.638s][info][gc] GC(9374) Concurrent Undo Cycle 1.914ms
[350.706s][info][gc] GC(9375) Pause Young (Concurrent Start) (G1 Humongous Allocation) 898M->80M(2000M) 1.527ms
[350.706s][info][gc] GC(9376) Concurrent Undo Cycle
[350.708s][info][gc] GC(9376) Concurrent Undo Cycle 1.967ms
[350.776s][info][gc] GC(9377) Pause Young (Concurrent Start) (G1 Humongous Allocation) 898M->80M(2000M) 1.488ms
[350.776s][info][gc] GC(9378) Concurrent Undo Cycle
[350.778s][info][gc] GC(9378) Concurrent Undo Cycle 1.700ms
[350.847s][info][gc] GC(9379) Pause Young (Concurrent Start) (G1 Humongous Allocation) 898M->80M(2000M) 1.744ms
[350.847s][info][gc] GC(9380) Concurrent Undo Cycle
[350.849s][info][gc] GC(9380) Concurrent Undo Cycle 1.932ms
[350.918s][info][gc] GC(9381) Pause Young (Concurrent Start) (G1 Humongous Allocation) 898M->80M(2000M) 1.326ms
[350.918s][info][gc] GC(9382) Concurrent Undo Cycle
[350.919s][info][gc] GC(9382) Concurrent Undo Cycle 1.824ms
[350.988s][info][gc] GC(9383) Pause Young (Concurrent Start) (G1 Humongous Allocation) 898M->80M(2000M) 1.632ms
[350.989s][info][gc] GC(9384) Concurrent Undo Cycle
[350.991s][info][gc] GC(9384) Concurrent Undo Cycle 2.040ms
[351.059s][info][gc] GC(9385) Pause Young (Concurrent Start) (G1 Humongous Allocation) 898M->80M(2000M) 1.495ms
[351.059s][info][gc] GC(9386) Concurrent Undo Cycle
[351.061s][info][gc] GC(9386) Concurrent Undo Cycle 2.119ms
[351.129s][info][gc] GC(9387) Pause Young (Concurrent Start) (G1 Humongous Allocation) 898M->80M(2000M) 1.527ms
[351.129s][info][gc] GC(9388) Concurrent Undo Cycle
[351.131s][info][gc] GC(9388) Concurrent Undo Cycle 1.958ms
[351.200s][info][gc] GC(9389) Pause Young (Concurrent Start) (G1 Humongous Allocation) 898M->80M(2000M) 1.504ms
[351.200s][info][gc] GC(9390) Concurrent Undo Cycle
[351.202s][info][gc] GC(9390) Concurrent Undo Cycle 1.895ms
[351.271s][info][gc] GC(9391) Pause Young (Concurrent Start) (G1 Humongous Allocation) 898M->80M(2000M) 1.590ms
[351.271s][info][gc] GC(9392) Concurrent Undo Cycle
[351.273s][info][gc] GC(9392) Concurrent Undo Cycle 1.910ms
[351.341s][info][gc] GC(9393) Pause Young (Concurrent Start) (G1 Humongous Allocation) 898M->80M(2000M) 1.586ms
[351.341s][info][gc] GC(9394) Concurrent Undo Cycle
[351.343s][info][gc] GC(9394) Concurrent Undo Cycle 1.894ms
[351.412s][info][gc] GC(9395) Pause Young (Concurrent Start) (G1 Humongous Allocation) 898M->80M(2000M) 1.514ms
[351.412s][info][gc] GC(9396) Concurrent Undo Cycle
[351.414s][info][gc] GC(9396) Concurrent Undo Cycle 2.081ms
[351.483s][info][gc] GC(9397) Pause Young (Concurrent Start) (G1 Humongous Allocation) 898M->80M(2000M) 1.746ms
[351.483s][info][gc] GC(9398) Concurrent Undo Cycle
[351.485s][info][gc] GC(9398) Concurrent Undo Cycle 2.092ms
[351.554s][info][gc] GC(9399) Pause Young (Concurrent Start) (G1 Humongous Allocation) 898M->80M(2000M) 1.444ms
[351.554s][info][gc] GC(9400) Concurrent Undo Cycle
[351.556s][info][gc] GC(9400) Concurrent Undo Cycle 1.990ms
[351.624s][info][gc] GC(9401) Pause Young (Concurrent Start) (G1 Humongous Allocation) 898M->80M(2000M) 1.681ms
[351.624s][info][gc] GC(9402) Concurrent Undo Cycle
[351.626s][info][gc] GC(9402) Concurrent Undo Cycle 1.870ms
[351.694s][info][gc] GC(9403) Pause Young (Concurrent Start) (G1 Humongous Allocation) 898M->80M(2000M) 1.557ms
[351.694s][info][gc] GC(9404) Concurrent Undo Cycle
[351.696s][info][gc] GC(9404) Concurrent Undo Cycle 1.934ms
[351.763s][info][gc] GC(9405) Pause Young (Concurrent Start) (G1 Humongous Allocation) 898M->80M(2000M) 1.467ms
[351.763s][info][gc] GC(9406) Concurrent Undo Cycle
[351.765s][info][gc] GC(9406) Concurrent Undo Cycle 1.820ms
[351.833s][info][gc] GC(9407) Pause Young (Concurrent Start) (G1 Humongous Allocation) 898M->80M(2000M) 1.532ms
[351.833s][info][gc] GC(9408) Concurrent Undo Cycle
[351.835s][info][gc] GC(9408) Concurrent Undo Cycle 1.917ms
[351.902s][info][gc] GC(9409) Pause Young (Concurrent Start) (G1 Humongous Allocation) 898M->80M(2000M) 1.478ms
[351.902s][info][gc] GC(9410) Concurrent Undo Cycle
[351.904s][info][gc] GC(9410) Concurrent Undo Cycle 1.910ms
[351.974s][info][gc] GC(9411) Pause Young (Concurrent Start) (G1 Humongous Allocation) 898M->80M(2000M) 1.546ms
[351.974s][info][gc] GC(9412) Concurrent Undo Cycle
[351.976s][info][gc] GC(9412) Concurrent Undo Cycle 2.082ms
[352.045s][info][gc] GC(9413) Pause Young (Concurrent Start) (G1 Humongous Allocation) 898M->80M(2000M) 1.540ms
[352.045s][info][gc] GC(9414) Concurrent Undo Cycle
[352.047s][info][gc] GC(9414) Concurrent Undo Cycle 1.916ms
[352.116s][info][gc] GC(9415) Pause Young (Concurrent Start) (G1 Humongous Allocation) 898M->80M(2000M) 1.681ms
[352.116s][info][gc] GC(9416) Concurrent Undo Cycle
[352.118s][info][gc] GC(9416) Concurrent Undo Cycle 1.958ms
[352.187s][info][gc] GC(9417) Pause Young (Concurrent Start) (G1 Humongous Allocation) 898M->80M(2000M) 1.697ms
[352.187s][info][gc] GC(9418) Concurrent Undo Cycle
[352.189s][info][gc] GC(9418) Concurrent Undo Cycle 2.055ms
[352.257s][info][gc] GC(9419) Pause Young (Concurrent Start) (G1 Humongous Allocation) 898M->80M(2000M) 1.559ms
[352.257s][info][gc] GC(9420) Concurrent Undo Cycle
[352.259s][info][gc] GC(9420) Concurrent Undo Cycle 1.998ms
[352.327s][info][gc] GC(9421) Pause Young (Concurrent Start) (G1 Humongous Allocation) 898M->80M(2000M) 1.472ms
[352.327s][info][gc] GC(9422) Concurrent Undo Cycle
[352.329s][info][gc] GC(9422) Concurrent Undo Cycle 1.838ms
[352.396s][info][gc] GC(9423) Pause Young (Concurrent Start) (G1 Humongous Allocation) 898M->80M(2000M) 1.597ms
[352.397s][info][gc] GC(9424) Concurrent Undo Cycle
[352.399s][info][gc] GC(9424) Concurrent Undo Cycle 1.985ms
[352.467s][info][gc] GC(9425) Pause Young (Concurrent Start) (G1 Humongous Allocation) 898M->80M(2000M) 1.616ms
[352.467s][info][gc] GC(9426) Concurrent Undo Cycle
[352.469s][info][gc] GC(9426) Concurrent Undo Cycle 1.882ms
[352.538s][info][gc] GC(9427) Pause Young (Concurrent Start) (G1 Humongous Allocation) 898M->80M(2000M) 1.441ms
[352.538s][info][gc] GC(9428) Concurrent Undo Cycle
[352.540s][info][gc] GC(9428) Concurrent Undo Cycle 1.894ms
[352.609s][info][gc] GC(9429) Pause Young (Concurrent Start) (G1 Humongous Allocation) 898M->80M(2000M) 1.520ms
[352.609s][info][gc] GC(9430) Concurrent Undo Cycle
[352.611s][info][gc] GC(9430) Concurrent Undo Cycle 1.950ms
[352.679s][info][gc] GC(9431) Pause Young (Concurrent Start) (G1 Humongous Allocation) 898M->80M(2000M) 1.572ms
[352.679s][info][gc] GC(9432) Concurrent Undo Cycle
[352.681s][info][gc] GC(9432) Concurrent Undo Cycle 1.918ms
[352.748s][info][gc] GC(9433) Pause Young (Concurrent Start) (G1 Humongous Allocation) 898M->80M(2000M) 1.408ms
[352.748s][info][gc] GC(9434) Concurrent Undo Cycle
[352.750s][info][gc] GC(9434) Concurrent Undo Cycle 1.951ms
[352.818s][info][gc] GC(9435) Pause Young (Concurrent Start) (G1 Humongous Allocation) 898M->80M(2000M) 1.384ms
[352.818s][info][gc] GC(9436) Concurrent Undo Cycle
[352.820s][info][gc] GC(9436) Concurrent Undo Cycle 1.867ms
[352.888s][info][gc] GC(9437) Pause Young (Concurrent Start) (G1 Humongous Allocation) 898M->80M(2000M) 1.731ms
[352.888s][info][gc] GC(9438) Concurrent Undo Cycle
[352.890s][info][gc] GC(9438) Concurrent Undo Cycle 1.944ms
[352.959s][info][gc] GC(9439) Pause Young (Concurrent Start) (G1 Humongous Allocation) 899M->80M(2000M) 1.624ms
[352.959s][info][gc] GC(9440) Concurrent Undo Cycle
[352.961s][info][gc] GC(9440) Concurrent Undo Cycle 1.884ms
[353.031s][info][gc] GC(9441) Pause Young (Concurrent Start) (G1 Humongous Allocation) 899M->81M(2000M) 1.532ms
[353.031s][info][gc] GC(9442) Concurrent Undo Cycle
[353.033s][info][gc] GC(9442) Concurrent Undo Cycle 1.969ms
[353.101s][info][gc] GC(9443) Pause Young (Concurrent Start) (G1 Humongous Allocation) 899M->81M(2000M) 1.411ms
[353.102s][info][gc] GC(9444) Concurrent Undo Cycle
[353.104s][info][gc] GC(9444) Concurrent Undo Cycle 1.965ms
[353.172s][info][gc] GC(9445) Pause Young (Concurrent Start) (G1 Humongous Allocation) 899M->81M(2000M) 1.508ms
[353.172s][info][gc] GC(9446) Concurrent Undo Cycle
[353.174s][info][gc] GC(9446) Concurrent Undo Cycle 1.919ms
[353.242s][info][gc] GC(9447) Pause Young (Concurrent Start) (G1 Humongous Allocation) 899M->81M(2000M) 1.416ms
[353.242s][info][gc] GC(9448) Concurrent Undo Cycle
[353.244s][info][gc] GC(9448) Concurrent Undo Cycle 1.948ms
[353.312s][info][gc] GC(9449) Pause Young (Concurrent Start) (G1 Humongous Allocation) 899M->81M(2000M) 1.698ms
[353.312s][info][gc] GC(9450) Concurrent Undo Cycle
[353.314s][info][gc] GC(9450) Concurrent Undo Cycle 2.040ms
[353.382s][info][gc] GC(9451) Pause Young (Concurrent Start) (G1 Humongous Allocation) 899M->81M(2000M) 1.507ms
[353.382s][info][gc] GC(9452) Concurrent Undo Cycle
[353.384s][info][gc] GC(9452) Concurrent Undo Cycle 1.980ms
[353.452s][info][gc] GC(9453) Pause Young (Concurrent Start) (G1 Humongous Allocation) 899M->81M(2000M) 1.458ms
[353.452s][info][gc] GC(9454) Concurrent Undo Cycle
[353.454s][info][gc] GC(9454) Concurrent Undo Cycle 2.045ms
[353.523s][info][gc] GC(9455) Pause Young (Concurrent Start) (G1 Humongous Allocation) 899M->81M(2000M) 1.566ms
[353.523s][info][gc] GC(9456) Concurrent Undo Cycle
[353.525s][info][gc] GC(9456) Concurrent Undo Cycle 1.942ms
[353.594s][info][gc] GC(9457) Pause Young (Concurrent Start) (G1 Humongous Allocation) 899M->81M(2000M) 1.467ms
[353.594s][info][gc] GC(9458) Concurrent Undo Cycle
[353.596s][info][gc] GC(9458) Concurrent Undo Cycle 2.030ms
[353.665s][info][gc] GC(9459) Pause Young (Concurrent Start) (G1 Humongous Allocation) 899M->81M(2000M) 1.522ms
[353.665s][info][gc] GC(9460) Concurrent Undo Cycle
[353.667s][info][gc] GC(9460) Concurrent Undo Cycle 1.925ms
[353.735s][info][gc] GC(9461) Pause Young (Concurrent Start) (G1 Humongous Allocation) 899M->81M(2000M) 1.418ms
[353.735s][info][gc] GC(9462) Concurrent Undo Cycle
[353.737s][info][gc] GC(9462) Concurrent Undo Cycle 1.885ms
[353.805s][info][gc] GC(9463) Pause Young (Concurrent Start) (G1 Humongous Allocation) 899M->81M(2000M) 1.335ms
[353.805s][info][gc] GC(9464) Concurrent Undo Cycle
[353.807s][info][gc] GC(9464) Concurrent Undo Cycle 2.083ms
[353.875s][info][gc] GC(9465) Pause Young (Concurrent Start) (G1 Humongous Allocation) 899M->81M(2000M) 1.442ms
[353.875s][info][gc] GC(9466) Concurrent Undo Cycle
[353.877s][info][gc] GC(9466) Concurrent Undo Cycle 2.000ms
[353.945s][info][gc] GC(9467) Pause Young (Concurrent Start) (G1 Humongous Allocation) 899M->81M(2000M) 1.688ms
[353.945s][info][gc] GC(9468) Concurrent Undo Cycle
[353.947s][info][gc] GC(9468) Concurrent Undo Cycle 1.904ms
[354.016s][info][gc] GC(9469) Pause Young (Concurrent Start) (G1 Humongous Allocation) 899M->81M(2000M) 2.363ms
[354.017s][info][gc] GC(9470) Concurrent Undo Cycle
[354.018s][info][gc] GC(9470) Concurrent Undo Cycle 1.891ms
[354.088s][info][gc] GC(9471) Pause Young (Concurrent Start) (G1 Humongous Allocation) 899M->81M(2000M) 1.576ms
[354.089s][info][gc] GC(9472) Concurrent Undo Cycle
[354.091s][info][gc] GC(9472) Concurrent Undo Cycle 2.013ms
[354.163s][info][gc] GC(9473) Pause Young (Concurrent Start) (G1 Humongous Allocation) 899M->81M(2000M) 1.412ms
[354.163s][info][gc] GC(9474) Concurrent Undo Cycle
[354.165s][info][gc] GC(9474) Concurrent Undo Cycle 1.879ms
[354.238s][info][gc] GC(9475) Pause Young (Concurrent Start) (G1 Humongous Allocation) 899M->81M(2000M) 1.595ms
[354.238s][info][gc] GC(9476) Concurrent Undo Cycle
[354.240s][info][gc] GC(9476) Concurrent Undo Cycle 1.828ms
[354.312s][info][gc] GC(9477) Pause Young (Concurrent Start) (G1 Humongous Allocation) 899M->81M(2000M) 1.365ms
[354.313s][info][gc] GC(9478) Concurrent Undo Cycle
[354.315s][info][gc] GC(9478) Concurrent Undo Cycle 1.910ms
[354.383s][info][gc] GC(9479) Pause Young (Concurrent Start) (G1 Humongous Allocation) 899M->81M(2000M) 1.398ms
[354.383s][info][gc] GC(9480) Concurrent Undo Cycle
[354.385s][info][gc] GC(9480) Concurrent Undo Cycle 1.829ms
[354.453s][info][gc] GC(9481) Pause Young (Concurrent Start) (G1 Humongous Allocation) 899M->81M(2000M) 1.434ms
[354.453s][info][gc] GC(9482) Concurrent Undo Cycle
[354.455s][info][gc] GC(9482) Concurrent Undo Cycle 1.897ms
[354.523s][info][gc] GC(9483) Pause Young (Concurrent Start) (G1 Humongous Allocation) 899M->81M(2000M) 1.439ms
[354.523s][info][gc] GC(9484) Concurrent Undo Cycle
[354.525s][info][gc] GC(9484) Concurrent Undo Cycle 2.004ms
[354.594s][info][gc] GC(9485) Pause Young (Concurrent Start) (G1 Humongous Allocation) 899M->81M(2000M) 1.583ms
[354.594s][info][gc] GC(9486) Concurrent Undo Cycle
[354.596s][info][gc] GC(9486) Concurrent Undo Cycle 2.011ms
[354.665s][info][gc] GC(9487) Pause Young (Concurrent Start) (G1 Humongous Allocation) 899M->81M(2000M) 1.544ms
[354.665s][info][gc] GC(9488) Concurrent Undo Cycle
[354.667s][info][gc] GC(9488) Concurrent Undo Cycle 2.076ms
[354.736s][info][gc] GC(9489) Pause Young (Concurrent Start) (G1 Humongous Allocation) 899M->81M(2000M) 1.429ms
[354.736s][info][gc] GC(9490) Concurrent Undo Cycle
[354.738s][info][gc] GC(9490) Concurrent Undo Cycle 1.921ms
[354.806s][info][gc] GC(9491) Pause Young (Concurrent Start) (G1 Humongous Allocation) 899M->81M(2000M) 1.435ms
[354.806s][info][gc] GC(9492) Concurrent Undo Cycle
[354.808s][info][gc] GC(9492) Concurrent Undo Cycle 1.891ms
[354.875s][info][gc] GC(9493) Pause Young (Concurrent Start) (G1 Humongous Allocation) 899M->81M(2000M) 1.516ms
[354.876s][info][gc] GC(9494) Concurrent Undo Cycle
[354.877s][info][gc] GC(9494) Concurrent Undo Cycle 1.917ms
[354.946s][info][gc] GC(9495) Pause Young (Concurrent Start) (G1 Humongous Allocation) 899M->81M(2000M) 1.571ms
[354.946s][info][gc] GC(9496) Concurrent Undo Cycle
[354.948s][info][gc] GC(9496) Concurrent Undo Cycle 1.941ms
[355.016s][info][gc] GC(9497) Pause Young (Concurrent Start) (G1 Humongous Allocation) 899M->81M(2000M) 1.722ms
[355.016s][info][gc] GC(9498) Concurrent Undo Cycle
[355.019s][info][gc] GC(9498) Concurrent Undo Cycle 2.321ms
[355.087s][info][gc] GC(9499) Pause Young (Concurrent Start) (G1 Humongous Allocation) 899M->81M(2000M) 1.331ms
[355.087s][info][gc] GC(9500) Concurrent Undo Cycle
[355.089s][info][gc] GC(9500) Concurrent Undo Cycle 1.814ms
[355.161s][info][gc] GC(9501) Pause Young (Concurrent Start) (G1 Humongous Allocation) 899M->81M(2000M) 1.512ms
[355.161s][info][gc] GC(9502) Concurrent Undo Cycle
[355.163s][info][gc] GC(9502) Concurrent Undo Cycle 1.869ms
[355.233s][info][gc] GC(9503) Pause Young (Concurrent Start) (G1 Humongous Allocation) 899M->81M(2000M) 1.527ms
[355.233s][info][gc] GC(9504) Concurrent Undo Cycle
[355.235s][info][gc] GC(9504) Concurrent Undo Cycle 1.962ms
[355.304s][info][gc] GC(9505) Pause Young (Concurrent Start) (G1 Humongous Allocation) 899M->81M(2000M) 1.307ms
[355.304s][info][gc] GC(9506) Concurrent Undo Cycle
[355.306s][info][gc] GC(9506) Concurrent Undo Cycle 2.045ms
[355.375s][info][gc] GC(9507) Pause Young (Concurrent Start) (G1 Humongous Allocation) 899M->81M(2000M) 1.498ms
[355.375s][info][gc] GC(9508) Concurrent Undo Cycle
[355.377s][info][gc] GC(9508) Concurrent Undo Cycle 1.971ms
[355.445s][info][gc] GC(9509) Pause Young (Concurrent Start) (G1 Humongous Allocation) 899M->81M(2000M) 1.581ms
[355.445s][info][gc] GC(9510) Concurrent Undo Cycle
[355.447s][info][gc] GC(9510) Concurrent Undo Cycle 1.999ms
[355.515s][info][gc] GC(9511) Pause Young (Concurrent Start) (G1 Humongous Allocation) 899M->81M(2000M) 1.470ms
[355.515s][info][gc] GC(9512) Concurrent Undo Cycle
[355.517s][info][gc] GC(9512) Concurrent Undo Cycle 1.873ms
[355.585s][info][gc] GC(9513) Pause Young (Concurrent Start) (G1 Humongous Allocation) 899M->81M(2000M) 1.563ms
[355.585s][info][gc] GC(9514) Concurrent Undo Cycle
[355.587s][info][gc] GC(9514) Concurrent Undo Cycle 1.946ms
[355.656s][info][gc] GC(9515) Pause Young (Concurrent Start) (G1 Humongous Allocation) 899M->81M(2000M) 1.492ms
[355.656s][info][gc] GC(9516) Concurrent Undo Cycle
[355.658s][info][gc] GC(9516) Concurrent Undo Cycle 2.034ms
[355.729s][info][gc] GC(9517) Pause Young (Concurrent Start) (G1 Humongous Allocation) 899M->81M(2000M) 1.423ms
[355.729s][info][gc] GC(9518) Concurrent Undo Cycle
[355.731s][info][gc] GC(9518) Concurrent Undo Cycle 2.022ms
[355.799s][info][gc] GC(9519) Pause Young (Concurrent Start) (G1 Humongous Allocation) 899M->81M(2000M) 1.458ms
[355.799s][info][gc] GC(9520) Concurrent Undo Cycle
[355.802s][info][gc] GC(9520) Concurrent Undo Cycle 2.153ms
[355.870s][info][gc] GC(9521) Pause Young (Concurrent Start) (G1 Humongous Allocation) 899M->81M(2000M) 1.347ms
[355.870s][info][gc] GC(9522) Concurrent Undo Cycle
[355.872s][info][gc] GC(9522) Concurrent Undo Cycle 1.969ms
[355.940s][info][gc] GC(9523) Pause Young (Concurrent Start) (G1 Humongous Allocation) 899M->81M(2000M) 1.766ms
[355.940s][info][gc] GC(9524) Concurrent Undo Cycle
[355.942s][info][gc] GC(9524) Concurrent Undo Cycle 2.024ms
[356.011s][info][gc] GC(9525) Pause Young (Concurrent Start) (G1 Humongous Allocation) 899M->81M(2000M) 2.282ms
[356.012s][info][gc] GC(9526) Concurrent Undo Cycle
[356.013s][info][gc] GC(9526) Concurrent Undo Cycle 1.881ms
[356.082s][info][gc] GC(9527) Pause Young (Concurrent Start) (G1 Humongous Allocation) 899M->81M(2000M) 1.655ms
[356.082s][info][gc] GC(9528) Concurrent Undo Cycle
[356.084s][info][gc] GC(9528) Concurrent Undo Cycle 1.955ms
[356.152s][info][gc] GC(9529) Pause Young (Concurrent Start) (G1 Humongous Allocation) 899M->81M(2000M) 1.360ms
[356.152s][info][gc] GC(9530) Concurrent Undo Cycle
[356.154s][info][gc] GC(9530) Concurrent Undo Cycle 2.206ms
[356.224s][info][gc] GC(9531) Pause Young (Concurrent Start) (G1 Humongous Allocation) 899M->81M(2000M) 1.515ms
[356.224s][info][gc] GC(9532) Concurrent Undo Cycle
[356.226s][info][gc] GC(9532) Concurrent Undo Cycle 1.916ms
[356.295s][info][gc] GC(9533) Pause Young (Concurrent Start) (G1 Humongous Allocation) 899M->81M(2000M) 1.477ms
[356.295s][info][gc] GC(9534) Concurrent Undo Cycle
[356.297s][info][gc] GC(9534) Concurrent Undo Cycle 1.957ms
[356.365s][info][gc] GC(9535) Pause Young (Concurrent Start) (G1 Humongous Allocation) 899M->81M(2000M) 1.521ms
[356.365s][info][gc] GC(9536) Concurrent Undo Cycle
[356.367s][info][gc] GC(9536) Concurrent Undo Cycle 1.830ms
[356.435s][info][gc] GC(9537) Pause Young (Concurrent Start) (G1 Humongous Allocation) 899M->81M(2000M) 1.611ms
[356.435s][info][gc] GC(9538) Concurrent Undo Cycle
[356.437s][info][gc] GC(9538) Concurrent Undo Cycle 1.970ms
[356.506s][info][gc] GC(9539) Pause Young (Concurrent Start) (G1 Humongous Allocation) 899M->81M(2000M) 1.569ms
[356.506s][info][gc] GC(9540) Concurrent Undo Cycle
[356.508s][info][gc] GC(9540) Concurrent Undo Cycle 1.942ms
[356.576s][info][gc] GC(9541) Pause Young (Concurrent Start) (G1 Humongous Allocation) 899M->81M(2000M) 1.427ms
[356.576s][info][gc] GC(9542) Concurrent Undo Cycle
[356.578s][info][gc] GC(9542) Concurrent Undo Cycle 1.861ms
[356.646s][info][gc] GC(9543) Pause Young (Concurrent Start) (G1 Humongous Allocation) 899M->81M(2000M) 1.532ms
[356.646s][info][gc] GC(9544) Concurrent Undo Cycle
[356.648s][info][gc] GC(9544) Concurrent Undo Cycle 1.933ms
[356.717s][info][gc] GC(9545) Pause Young (Concurrent Start) (G1 Humongous Allocation) 899M->81M(2000M) 1.566ms
[356.717s][info][gc] GC(9546) Concurrent Undo Cycle
[356.719s][info][gc] GC(9546) Concurrent Undo Cycle 1.907ms
[356.788s][info][gc] GC(9547) Pause Young (Concurrent Start) (G1 Humongous Allocation) 899M->81M(2000M) 1.442ms
[356.789s][info][gc] GC(9548) Concurrent Undo Cycle
[356.790s][info][gc] GC(9548) Concurrent Undo Cycle 1.914ms
[356.859s][info][gc] GC(9549) Pause Young (Concurrent Start) (G1 Humongous Allocation) 899M->81M(2000M) 1.505ms
[356.859s][info][gc] GC(9550) Concurrent Undo Cycle
[356.861s][info][gc] GC(9550) Concurrent Undo Cycle 1.919ms
[356.929s][info][gc] GC(9551) Pause Young (Concurrent Start) (G1 Humongous Allocation) 899M->81M(2000M) 1.484ms
[356.929s][info][gc] GC(9552) Concurrent Undo Cycle
[356.931s][info][gc] GC(9552) Concurrent Undo Cycle 1.913ms
[357.000s][info][gc] GC(9553) Pause Young (Concurrent Start) (G1 Humongous Allocation) 899M->81M(2000M) 1.648ms
[357.000s][info][gc] GC(9554) Concurrent Undo Cycle
[357.002s][info][gc] GC(9554) Concurrent Undo Cycle 1.872ms
[357.071s][info][gc] GC(9555) Pause Young (Concurrent Start) (G1 Humongous Allocation) 899M->81M(2000M) 1.506ms
[357.071s][info][gc] GC(9556) Concurrent Undo Cycle
[357.073s][info][gc] GC(9556) Concurrent Undo Cycle 1.913ms
[357.141s][info][gc] GC(9557) Pause Young (Concurrent Start) (G1 Humongous Allocation) 899M->81M(2000M) 1.435ms
[357.141s][info][gc] GC(9558) Concurrent Undo Cycle
[357.143s][info][gc] GC(9558) Concurrent Undo Cycle 1.975ms
[357.212s][info][gc] GC(9559) Pause Young (Concurrent Start) (G1 Humongous Allocation) 899M->81M(2000M) 1.452ms
[357.212s][info][gc] GC(9560) Concurrent Undo Cycle
[357.213s][info][gc] GC(9560) Concurrent Undo Cycle 1.855ms
[357.284s][info][gc] GC(9561) Pause Young (Concurrent Start) (G1 Humongous Allocation) 899M->81M(2000M) 1.673ms
[357.284s][info][gc] GC(9562) Concurrent Undo Cycle
[357.286s][info][gc] GC(9562) Concurrent Undo Cycle 1.983ms
[357.355s][info][gc] GC(9563) Pause Young (Concurrent Start) (G1 Humongous Allocation) 899M->81M(2000M) 1.603ms
[357.355s][info][gc] GC(9564) Concurrent Undo Cycle
[357.357s][info][gc] GC(9564) Concurrent Undo Cycle 1.853ms
[357.426s][info][gc] GC(9565) Pause Young (Concurrent Start) (G1 Humongous Allocation) 899M->81M(2000M) 1.621ms
[357.426s][info][gc] GC(9566) Concurrent Undo Cycle
[357.428s][info][gc] GC(9566) Concurrent Undo Cycle 2.048ms
[357.496s][info][gc] GC(9567) Pause Young (Concurrent Start) (G1 Humongous Allocation) 899M->81M(2000M) 1.506ms
[357.496s][info][gc] GC(9568) Concurrent Undo Cycle
[357.498s][info][gc] GC(9568) Concurrent Undo Cycle 1.942ms
[357.566s][info][gc] GC(9569) Pause Young (Concurrent Start) (G1 Humongous Allocation) 899M->81M(2000M) 1.428ms
[357.566s][info][gc] GC(9570) Concurrent Undo Cycle
[357.568s][info][gc] GC(9570) Concurrent Undo Cycle 1.870ms
[357.637s][info][gc] GC(9571) Pause Young (Concurrent Start) (G1 Humongous Allocation) 899M->81M(2000M) 1.659ms
[357.637s][info][gc] GC(9572) Concurrent Undo Cycle
[357.639s][info][gc] GC(9572) Concurrent Undo Cycle 2.126ms
[357.708s][info][gc] GC(9573) Pause Young (Concurrent Start) (G1 Humongous Allocation) 899M->81M(2000M) 1.557ms
[357.708s][info][gc] GC(9574) Concurrent Undo Cycle
[357.709s][info][gc] GC(9574) Concurrent Undo Cycle 1.853ms
[357.780s][info][gc] GC(9575) Pause Young (Concurrent Start) (G1 Humongous Allocation) 900M->81M(2000M) 1.655ms
[357.780s][info][gc] GC(9576) Concurrent Undo Cycle
[357.782s][info][gc] GC(9576) Concurrent Undo Cycle 1.958ms
[357.851s][info][gc] GC(9577) Pause Young (Concurrent Start) (G1 Humongous Allocation) 900M->82M(2000M) 1.334ms
[357.851s][info][gc] GC(9578) Concurrent Undo Cycle
[357.853s][info][gc] GC(9578) Concurrent Undo Cycle 1.949ms
[357.922s][info][gc] GC(9579) Pause Young (Concurrent Start) (G1 Humongous Allocation) 900M->82M(2000M) 1.478ms
[357.922s][info][gc] GC(9580) Concurrent Undo Cycle
[357.924s][info][gc] GC(9580) Concurrent Undo Cycle 1.896ms
[357.993s][info][gc] GC(9581) Pause Young (Concurrent Start) (G1 Humongous Allocation) 900M->82M(2000M) 1.584ms
[357.993s][info][gc] GC(9582) Concurrent Undo Cycle
[357.995s][info][gc] GC(9582) Concurrent Undo Cycle 1.870ms
[358.064s][info][gc] GC(9583) Pause Young (Concurrent Start) (G1 Humongous Allocation) 900M->82M(2000M) 1.742ms
[358.064s][info][gc] GC(9584) Concurrent Undo Cycle
[358.066s][info][gc] GC(9584) Concurrent Undo Cycle 1.976ms
[358.134s][info][gc] GC(9585) Pause Young (Concurrent Start) (G1 Humongous Allocation) 900M->82M(2000M) 1.556ms
[358.134s][info][gc] GC(9586) Concurrent Undo Cycle
[358.136s][info][gc] GC(9586) Concurrent Undo Cycle 1.899ms
[358.206s][info][gc] GC(9587) Pause Young (Concurrent Start) (G1 Humongous Allocation) 900M->82M(2000M) 1.690ms
[358.206s][info][gc] GC(9588) Concurrent Undo Cycle
[358.208s][info][gc] GC(9588) Concurrent Undo Cycle 2.044ms
[358.277s][info][gc] GC(9589) Pause Young (Concurrent Start) (G1 Humongous Allocation) 900M->82M(2000M) 1.482ms
[358.277s][info][gc] GC(9590) Concurrent Undo Cycle
[358.279s][info][gc] GC(9590) Concurrent Undo Cycle 2.152ms
[358.349s][info][gc] GC(9591) Pause Young (Concurrent Start) (G1 Humongous Allocation) 900M->82M(2000M) 1.638ms
[358.349s][info][gc] GC(9592) Concurrent Undo Cycle
[358.351s][info][gc] GC(9592) Concurrent Undo Cycle 1.965ms
[358.421s][info][gc] GC(9593) Pause Young (Concurrent Start) (G1 Humongous Allocation) 900M->82M(2000M) 1.806ms
[358.421s][info][gc] GC(9594) Concurrent Undo Cycle
[358.423s][info][gc] GC(9594) Concurrent Undo Cycle 1.993ms
[358.491s][info][gc] GC(9595) Pause Young (Concurrent Start) (G1 Humongous Allocation) 900M->82M(2000M) 1.348ms
[358.491s][info][gc] GC(9596) Concurrent Undo Cycle
[358.493s][info][gc] GC(9596) Concurrent Undo Cycle 1.885ms
[358.562s][info][gc] GC(9597) Pause Young (Concurrent Start) (G1 Humongous Allocation) 900M->82M(2000M) 1.802ms
[358.562s][info][gc] GC(9598) Concurrent Undo Cycle
[358.564s][info][gc] GC(9598) Concurrent Undo Cycle 1.925ms
[358.632s][info][gc] GC(9599) Pause Young (Concurrent Start) (G1 Humongous Allocation) 900M->82M(2000M) 1.406ms
[358.633s][info][gc] GC(9600) Concurrent Undo Cycle
[358.634s][info][gc] GC(9600) Concurrent Undo Cycle 1.893ms
[358.703s][info][gc] GC(9601) Pause Young (Concurrent Start) (G1 Humongous Allocation) 900M->82M(2000M) 1.562ms
[358.703s][info][gc] GC(9602) Concurrent Undo Cycle
[358.705s][info][gc] GC(9602) Concurrent Undo Cycle 1.910ms
[358.774s][info][gc] GC(9603) Pause Young (Concurrent Start) (G1 Humongous Allocation) 900M->82M(2000M) 1.583ms
[358.775s][info][gc] GC(9604) Concurrent Undo Cycle
[358.777s][info][gc] GC(9604) Concurrent Undo Cycle 1.919ms
[358.847s][info][gc] GC(9605) Pause Young (Concurrent Start) (G1 Humongous Allocation) 900M->82M(2000M) 1.529ms
[358.847s][info][gc] GC(9606) Concurrent Undo Cycle
[358.849s][info][gc] GC(9606) Concurrent Undo Cycle 1.935ms
[358.920s][info][gc] GC(9607) Pause Young (Concurrent Start) (G1 Humongous Allocation) 900M->82M(2000M) 1.472ms
[358.920s][info][gc] GC(9608) Concurrent Undo Cycle
[358.922s][info][gc] GC(9608) Concurrent Undo Cycle 1.899ms
[358.993s][info][gc] GC(9609) Pause Young (Concurrent Start) (G1 Humongous Allocation) 900M->82M(2000M) 1.478ms
[358.993s][info][gc] GC(9610) Concurrent Undo Cycle
[358.995s][info][gc] GC(9610) Concurrent Undo Cycle 1.843ms
[359.066s][info][gc] GC(9611) Pause Young (Concurrent Start) (G1 Humongous Allocation) 900M->82M(2000M) 1.323ms
[359.066s][info][gc] GC(9612) Concurrent Undo Cycle
[359.068s][info][gc] GC(9612) Concurrent Undo Cycle 1.885ms
[359.139s][info][gc] GC(9613) Pause Young (Concurrent Start) (G1 Humongous Allocation) 900M->82M(2000M) 1.207ms
[359.139s][info][gc] GC(9614) Concurrent Undo Cycle
[359.141s][info][gc] GC(9614) Concurrent Undo Cycle 2.288ms
[359.212s][info][gc] GC(9615) Pause Young (Concurrent Start) (G1 Humongous Allocation) 900M->82M(2000M) 1.097ms
[359.212s][info][gc] GC(9616) Concurrent Undo Cycle
[359.214s][info][gc] GC(9616) Concurrent Undo Cycle 1.997ms
[359.286s][info][gc] GC(9617) Pause Young (Concurrent Start) (G1 Humongous Allocation) 900M->82M(2000M) 1.534ms
[359.286s][info][gc] GC(9618) Concurrent Undo Cycle
[359.288s][info][gc] GC(9618) Concurrent Undo Cycle 1.900ms
[359.358s][info][gc] GC(9619) Pause Young (Concurrent Start) (G1 Humongous Allocation) 900M->82M(2000M) 1.123ms
[359.358s][info][gc] GC(9620) Concurrent Undo Cycle
[359.360s][info][gc] GC(9620) Concurrent Undo Cycle 1.914ms
[359.431s][info][gc] GC(9621) Pause Young (Concurrent Start) (G1 Humongous Allocation) 900M->82M(2000M) 1.559ms
[359.431s][info][gc] GC(9622) Concurrent Undo Cycle
[359.433s][info][gc] GC(9622) Concurrent Undo Cycle 1.934ms
[359.504s][info][gc] GC(9623) Pause Young (Concurrent Start) (G1 Humongous Allocation) 900M->82M(2000M) 1.687ms
[359.504s][info][gc] GC(9624) Concurrent Undo Cycle
[359.506s][info][gc] GC(9624) Concurrent Undo Cycle 2.026ms
[359.577s][info][gc] GC(9625) Pause Young (Concurrent Start) (G1 Humongous Allocation) 900M->82M(2000M) 1.376ms
[359.577s][info][gc] GC(9626) Concurrent Undo Cycle
[359.579s][info][gc] GC(9626) Concurrent Undo Cycle 1.857ms
[359.648s][info][gc] GC(9627) Pause Young (Concurrent Start) (G1 Humongous Allocation) 900M->82M(2000M) 1.429ms
[359.648s][info][gc] GC(9628) Concurrent Undo Cycle
[359.650s][info][gc] GC(9628) Concurrent Undo Cycle 1.883ms
[359.719s][info][gc] GC(9629) Pause Young (Concurrent Start) (G1 Humongous Allocation) 900M->82M(2000M) 1.816ms
[359.719s][info][gc] GC(9630) Concurrent Undo Cycle
[359.721s][info][gc] GC(9630) Concurrent Undo Cycle 1.915ms
[359.790s][info][gc] GC(9631) Pause Young (Concurrent Start) (G1 Humongous Allocation) 900M->82M(2000M) 1.474ms
[359.790s][info][gc] GC(9632) Concurrent Undo Cycle
[359.792s][info][gc] GC(9632) Concurrent Undo Cycle 1.995ms
[359.861s][info][gc] GC(9633) Pause Young (Concurrent Start) (G1 Humongous Allocation) 900M->82M(2000M) 1.591ms
[359.861s][info][gc] GC(9634) Concurrent Undo Cycle
[359.863s][info][gc] GC(9634) Concurrent Undo Cycle 1.911ms
[359.934s][info][gc] GC(9635) Pause Young (Concurrent Start) (G1 Humongous Allocation) 900M->82M(2000M) 1.387ms
[359.934s][info][gc] GC(9636) Concurrent Undo Cycle
[359.936s][info][gc] GC(9636) Concurrent Undo Cycle 1.945ms
[360.006s][info][gc] GC(9637) Pause Young (Concurrent Start) (G1 Humongous Allocation) 900M->82M(2000M) 1.383ms
[360.006s][info][gc] GC(9638) Concurrent Undo Cycle
[360.008s][info][gc] GC(9638) Concurrent Undo Cycle 1.995ms
[360.077s][info][gc] GC(9639) Pause Young (Concurrent Start) (G1 Humongous Allocation) 900M->82M(2000M) 1.482ms
[360.077s][info][gc] GC(9640) Concurrent Undo Cycle
[360.079s][info][gc] GC(9640) Concurrent Undo Cycle 2.072ms
[360.149s][info][gc] GC(9641) Pause Young (Concurrent Start) (G1 Humongous Allocation) 900M->82M(2000M) 1.607ms
[360.149s][info][gc] GC(9642) Concurrent Undo Cycle
[360.151s][info][gc] GC(9642) Concurrent Undo Cycle 1.946ms
[360.219s][info][gc] GC(9643) Pause Young (Concurrent Start) (G1 Humongous Allocation) 900M->82M(2000M) 1.693ms
[360.220s][info][gc] GC(9644) Concurrent Undo Cycle
[360.221s][info][gc] GC(9644) Concurrent Undo Cycle 1.915ms
[360.290s][info][gc] GC(9645) Pause Young (Concurrent Start) (G1 Humongous Allocation) 900M->82M(2000M) 1.571ms
[360.290s][info][gc] GC(9646) Concurrent Undo Cycle
[360.292s][info][gc] GC(9646) Concurrent Undo Cycle 1.994ms
[360.361s][info][gc] GC(9647) Pause Young (Concurrent Start) (G1 Humongous Allocation) 900M->82M(2000M) 1.530ms
[360.361s][info][gc] GC(9648) Concurrent Undo Cycle
[360.363s][info][gc] GC(9648) Concurrent Undo Cycle 1.883ms
[360.434s][info][gc] GC(9649) Pause Young (Concurrent Start) (G1 Humongous Allocation) 900M->82M(2000M) 1.674ms
[360.434s][info][gc] GC(9650) Concurrent Undo Cycle
[360.436s][info][gc] GC(9650) Concurrent Undo Cycle 1.823ms
[360.505s][info][gc] GC(9651) Pause Young (Concurrent Start) (G1 Humongous Allocation) 900M->82M(2000M) 1.474ms
[360.505s][info][gc] GC(9652) Concurrent Undo Cycle
[360.507s][info][gc] GC(9652) Concurrent Undo Cycle 1.862ms
[360.576s][info][gc] GC(9653) Pause Young (Concurrent Start) (G1 Humongous Allocation) 900M->82M(2000M) 1.691ms
[360.576s][info][gc] GC(9654) Concurrent Undo Cycle
[360.578s][info][gc] GC(9654) Concurrent Undo Cycle 1.948ms
[360.647s][info][gc] GC(9655) Pause Young (Concurrent Start) (G1 Humongous Allocation) 900M->82M(2000M) 1.511ms
[360.647s][info][gc] GC(9656) Concurrent Undo Cycle
[360.649s][info][gc] GC(9656) Concurrent Undo Cycle 1.815ms
[360.718s][info][gc] GC(9657) Pause Young (Concurrent Start) (G1 Humongous Allocation) 900M->82M(2000M) 1.422ms
[360.718s][info][gc] GC(9658) Concurrent Undo Cycle
[360.720s][info][gc] GC(9658) Concurrent Undo Cycle 2.000ms
[360.789s][info][gc] GC(9659) Pause Young (Concurrent Start) (G1 Humongous Allocation) 900M->82M(2000M) 1.489ms
[360.789s][info][gc] GC(9660) Concurrent Undo Cycle
[360.791s][info][gc] GC(9660) Concurrent Undo Cycle 1.916ms
[360.860s][info][gc] GC(9661) Pause Young (Concurrent Start) (G1 Humongous Allocation) 900M->82M(2000M) 1.391ms
[360.860s][info][gc] GC(9662) Concurrent Undo Cycle
[360.862s][info][gc] GC(9662) Concurrent Undo Cycle 1.903ms
[360.931s][info][gc] GC(9663) Pause Young (Concurrent Start) (G1 Humongous Allocation) 900M->82M(2000M) 1.507ms
[360.931s][info][gc] GC(9664) Concurrent Undo Cycle
[360.933s][info][gc] GC(9664) Concurrent Undo Cycle 1.819ms
[361.003s][info][gc] GC(9665) Pause Young (Concurrent Start) (G1 Humongous Allocation) 900M->82M(2000M) 1.461ms
[361.003s][info][gc] GC(9666) Concurrent Undo Cycle
[361.005s][info][gc] GC(9666) Concurrent Undo Cycle 1.870ms
[361.074s][info][gc] GC(9667) Pause Young (Concurrent Start) (G1 Humongous Allocation) 900M->82M(2000M) 1.508ms
[361.075s][info][gc] GC(9668) Concurrent Undo Cycle
[361.076s][info][gc] GC(9668) Concurrent Undo Cycle 1.874ms
[361.146s][info][gc] GC(9669) Pause Young (Concurrent Start) (G1 Humongous Allocation) 900M->82M(2000M) 1.471ms
[361.146s][info][gc] GC(9670) Concurrent Undo Cycle
[361.147s][info][gc] GC(9670) Concurrent Undo Cycle 1.843ms
[361.218s][info][gc] GC(9671) Pause Young (Concurrent Start) (G1 Humongous Allocation) 900M->82M(2000M) 1.199ms
[361.218s][info][gc] GC(9672) Concurrent Undo Cycle
[361.220s][info][gc] GC(9672) Concurrent Undo Cycle 1.851ms
[361.294s][info][gc] GC(9673) Pause Young (Concurrent Start) (G1 Humongous Allocation) 900M->82M(2000M) 1.696ms
[361.294s][info][gc] GC(9674) Concurrent Undo Cycle
[361.296s][info][gc] GC(9674) Concurrent Undo Cycle 1.996ms
[361.365s][info][gc] GC(9675) Pause Young (Concurrent Start) (G1 Humongous Allocation) 900M->82M(2000M) 1.745ms
[361.365s][info][gc] GC(9676) Concurrent Undo Cycle
[361.368s][info][gc] GC(9676) Concurrent Undo Cycle 2.228ms
[361.438s][info][gc] GC(9677) Pause Young (Concurrent Start) (G1 Humongous Allocation) 900M->82M(2000M) 1.764ms
[361.438s][info][gc] GC(9678) Concurrent Undo Cycle
[361.440s][info][gc] GC(9678) Concurrent Undo Cycle 1.817ms
[361.510s][info][gc] GC(9679) Pause Young (Concurrent Start) (G1 Humongous Allocation) 900M->82M(2000M) 1.718ms
[361.511s][info][gc] GC(9680) Concurrent Undo Cycle
[361.512s][info][gc] GC(9680) Concurrent Undo Cycle 1.932ms
[361.582s][info][gc] GC(9681) Pause Young (Concurrent Start) (G1 Humongous Allocation) 900M->82M(2000M) 1.730ms
[361.582s][info][gc] GC(9682) Concurrent Undo Cycle
[361.584s][info][gc] GC(9682) Concurrent Undo Cycle 1.888ms
[361.654s][info][gc] GC(9683) Pause Young (Concurrent Start) (G1 Humongous Allocation) 900M->82M(2000M) 1.518ms
[361.654s][info][gc] GC(9684) Concurrent Undo Cycle
[361.656s][info][gc] GC(9684) Concurrent Undo Cycle 1.976ms
[361.725s][info][gc] GC(9685) Pause Young (Concurrent Start) (G1 Humongous Allocation) 900M->82M(2000M) 1.536ms
[361.725s][info][gc] GC(9686) Concurrent Undo Cycle
[361.727s][info][gc] GC(9686) Concurrent Undo Cycle 1.875ms
[361.796s][info][gc] GC(9687) Pause Young (Concurrent Start) (G1 Humongous Allocation) 900M->82M(2000M) 1.708ms
[361.796s][info][gc] GC(9688) Concurrent Undo Cycle
[361.798s][info][gc] GC(9688) Concurrent Undo Cycle 1.899ms
[361.867s][info][gc] GC(9689) Pause Young (Concurrent Start) (G1 Humongous Allocation) 900M->82M(2000M) 1.289ms
[361.867s][info][gc] GC(9690) Concurrent Undo Cycle
[361.869s][info][gc] GC(9690) Concurrent Undo Cycle 1.880ms
[361.938s][info][gc] GC(9691) Pause Young (Concurrent Start) (G1 Humongous Allocation) 900M->82M(2000M) 1.546ms
[361.939s][info][gc] GC(9692) Concurrent Undo Cycle
[361.941s][info][gc] GC(9692) Concurrent Undo Cycle 2.190ms
[362.014s][info][gc] GC(9693) Pause Young (Concurrent Start) (G1 Humongous Allocation) 900M->82M(2000M) 1.454ms
[362.014s][info][gc] GC(9694) Concurrent Undo Cycle
[362.016s][info][gc] GC(9694) Concurrent Undo Cycle 1.898ms
[362.086s][info][gc] GC(9695) Pause Young (Concurrent Start) (G1 Humongous Allocation) 900M->82M(2000M) 1.239ms
[362.086s][info][gc] GC(9696) Concurrent Undo Cycle
[362.087s][info][gc] GC(9696) Concurrent Undo Cycle 1.813ms
[362.157s][info][gc] GC(9697) Pause Young (Concurrent Start) (G1 Humongous Allocation) 900M->82M(2000M) 1.111ms
[362.157s][info][gc] GC(9698) Concurrent Undo Cycle
[362.158s][info][gc] GC(9698) Concurrent Undo Cycle 1.816ms
[362.227s][info][gc] GC(9699) Pause Young (Concurrent Start) (G1 Humongous Allocation) 900M->82M(2000M) 1.224ms
[362.227s][info][gc] GC(9700) Concurrent Undo Cycle
[362.229s][info][gc] GC(9700) Concurrent Undo Cycle 1.958ms
[362.298s][info][gc] GC(9701) Pause Young (Concurrent Start) (G1 Humongous Allocation) 900M->82M(2000M) 1.228ms
[362.298s][info][gc] GC(9702) Concurrent Undo Cycle
[362.300s][info][gc] GC(9702) Concurrent Undo Cycle 2.059ms
[362.368s][info][gc] GC(9703) Pause Young (Concurrent Start) (G1 Humongous Allocation) 900M->82M(2000M) 1.111ms
[362.368s][info][gc] GC(9704) Concurrent Undo Cycle
[362.370s][info][gc] GC(9704) Concurrent Undo Cycle 1.873ms
[362.438s][info][gc] GC(9705) Pause Young (Concurrent Start) (G1 Humongous Allocation) 900M->82M(2000M) 1.142ms
[362.438s][info][gc] GC(9706) Concurrent Undo Cycle
[362.440s][info][gc] GC(9706) Concurrent Undo Cycle 1.898ms
[362.509s][info][gc] GC(9707) Pause Young (Concurrent Start) (G1 Humongous Allocation) 900M->82M(2000M) 1.105ms
[362.509s][info][gc] GC(9708) Concurrent Undo Cycle
[362.511s][info][gc] GC(9708) Concurrent Undo Cycle 1.727ms
[362.581s][info][gc] GC(9709) Pause Young (Concurrent Start) (G1 Humongous Allocation) 901M->83M(2000M) 1.297ms
[362.581s][info][gc] GC(9710) Concurrent Undo Cycle
[362.583s][info][gc] GC(9710) Concurrent Undo Cycle 1.960ms
[362.652s][info][gc] GC(9711) Pause Young (Concurrent Start) (G1 Humongous Allocation) 901M->83M(2000M) 1.236ms
[362.652s][info][gc] GC(9712) Concurrent Undo Cycle
[362.654s][info][gc] GC(9712) Concurrent Undo Cycle 1.838ms
[362.723s][info][gc] GC(9713) Pause Young (Concurrent Start) (G1 Humongous Allocation) 901M->83M(2000M) 1.197ms
[362.723s][info][gc] GC(9714) Concurrent Undo Cycle
[362.725s][info][gc] GC(9714) Concurrent Undo Cycle 1.847ms
[362.794s][info][gc] GC(9715) Pause Young (Concurrent Start) (G1 Humongous Allocation) 901M->83M(2000M) 1.174ms
[362.794s][info][gc] GC(9716) Concurrent Undo Cycle
[362.796s][info][gc] GC(9716) Concurrent Undo Cycle 2.021ms
[362.865s][info][gc] GC(9717) Pause Young (Concurrent Start) (G1 Humongous Allocation) 901M->83M(2000M) 1.355ms
[362.865s][info][gc] GC(9718) Concurrent Undo Cycle
[362.867s][info][gc] GC(9718) Concurrent Undo Cycle 1.990ms
[362.935s][info][gc] GC(9719) Pause Young (Concurrent Start) (G1 Humongous Allocation) 901M->83M(2000M) 1.068ms
[362.935s][info][gc] GC(9720) Concurrent Undo Cycle
[362.937s][info][gc] GC(9720) Concurrent Undo Cycle 1.838ms
[363.006s][info][gc] GC(9721) Pause Young (Concurrent Start) (G1 Humongous Allocation) 901M->83M(2000M) 1.158ms
[363.006s][info][gc] GC(9722) Concurrent Undo Cycle
[363.008s][info][gc] GC(9722) Concurrent Undo Cycle 2.021ms
[363.078s][info][gc] GC(9723) Pause Young (Concurrent Start) (G1 Humongous Allocation) 901M->83M(2000M) 1.172ms
[363.078s][info][gc] GC(9724) Concurrent Undo Cycle
[363.080s][info][gc] GC(9724) Concurrent Undo Cycle 1.862ms
[363.150s][info][gc] GC(9725) Pause Young (Concurrent Start) (G1 Humongous Allocation) 901M->83M(2000M) 1.162ms
[363.150s][info][gc] GC(9726) Concurrent Undo Cycle
[363.152s][info][gc] GC(9726) Concurrent Undo Cycle 1.975ms
[363.226s][info][gc] GC(9727) Pause Young (Concurrent Start) (G1 Humongous Allocation) 901M->83M(2000M) 1.454ms
[363.226s][info][gc] GC(9728) Concurrent Undo Cycle
[363.228s][info][gc] GC(9728) Concurrent Undo Cycle 1.974ms
[363.300s][info][gc] GC(9729) Pause Young (Concurrent Start) (G1 Humongous Allocation) 901M->83M(2000M) 1.346ms
[363.300s][info][gc] GC(9730) Concurrent Undo Cycle
[363.302s][info][gc] GC(9730) Concurrent Undo Cycle 2.017ms
[363.371s][info][gc] GC(9731) Pause Young (Concurrent Start) (G1 Humongous Allocation) 901M->83M(2000M) 1.137ms
[363.371s][info][gc] GC(9732) Concurrent Undo Cycle
[363.373s][info][gc] GC(9732) Concurrent Undo Cycle 1.918ms
[363.441s][info][gc] GC(9733) Pause Young (Concurrent Start) (G1 Humongous Allocation) 901M->83M(2000M) 1.287ms
[363.442s][info][gc] GC(9734) Concurrent Undo Cycle
[363.443s][info][gc] GC(9734) Concurrent Undo Cycle 1.884ms
[363.512s][info][gc] GC(9735) Pause Young (Concurrent Start) (G1 Humongous Allocation) 901M->83M(2000M) 1.262ms
[363.512s][info][gc] GC(9736) Concurrent Undo Cycle
[363.514s][info][gc] GC(9736) Concurrent Undo Cycle 1.873ms
[363.583s][info][gc] GC(9737) Pause Young (Concurrent Start) (G1 Humongous Allocation) 901M->83M(2000M) 1.224ms
[363.583s][info][gc] GC(9738) Concurrent Undo Cycle
[363.585s][info][gc] GC(9738) Concurrent Undo Cycle 1.879ms
[363.655s][info][gc] GC(9739) Pause Young (Concurrent Start) (G1 Humongous Allocation) 901M->83M(2000M) 1.163ms
[363.656s][info][gc] GC(9740) Concurrent Undo Cycle
[363.658s][info][gc] GC(9740) Concurrent Undo Cycle 2.009ms
[363.727s][info][gc] GC(9741) Pause Young (Concurrent Start) (G1 Humongous Allocation) 901M->83M(2000M) 1.361ms
[363.727s][info][gc] GC(9742) Concurrent Undo Cycle
[363.729s][info][gc] GC(9742) Concurrent Undo Cycle 1.871ms
[363.799s][info][gc] GC(9743) Pause Young (Concurrent Start) (G1 Humongous Allocation) 901M->83M(2000M) 1.221ms
[363.799s][info][gc] GC(9744) Concurrent Undo Cycle
[363.801s][info][gc] GC(9744) Concurrent Undo Cycle 2.046ms
[363.871s][info][gc] GC(9745) Pause Young (Concurrent Start) (G1 Humongous Allocation) 901M->83M(2000M) 1.136ms
[363.871s][info][gc] GC(9746) Concurrent Undo Cycle
[363.873s][info][gc] GC(9746) Concurrent Undo Cycle 1.870ms
[363.943s][info][gc] GC(9747) Pause Young (Concurrent Start) (G1 Humongous Allocation) 901M->83M(2000M) 1.213ms
[363.943s][info][gc] GC(9748) Concurrent Undo Cycle
[363.945s][info][gc] GC(9748) Concurrent Undo Cycle 1.791ms
[364.015s][info][gc] GC(9749) Pause Young (Concurrent Start) (G1 Humongous Allocation) 901M->83M(2000M) 1.232ms
[364.015s][info][gc] GC(9750) Concurrent Undo Cycle
[364.017s][info][gc] GC(9750) Concurrent Undo Cycle 1.893ms
[364.087s][info][gc] GC(9751) Pause Young (Concurrent Start) (G1 Humongous Allocation) 901M->83M(2000M) 1.700ms
[364.087s][info][gc] GC(9752) Concurrent Undo Cycle
[364.089s][info][gc] GC(9752) Concurrent Undo Cycle 1.837ms
[364.160s][info][gc] GC(9753) Pause Young (Concurrent Start) (G1 Humongous Allocation) 901M->83M(2000M) 1.610ms
[364.160s][info][gc] GC(9754) Concurrent Undo Cycle
[364.162s][info][gc] GC(9754) Concurrent Undo Cycle 2.028ms
[364.233s][info][gc] GC(9755) Pause Young (Concurrent Start) (G1 Humongous Allocation) 901M->83M(2000M) 1.290ms
[364.233s][info][gc] GC(9756) Concurrent Undo Cycle
[364.235s][info][gc] GC(9756) Concurrent Undo Cycle 1.959ms
[364.305s][info][gc] GC(9757) Pause Young (Concurrent Start) (G1 Humongous Allocation) 901M->83M(2000M) 1.305ms
[364.305s][info][gc] GC(9758) Concurrent Undo Cycle
[364.307s][info][gc] GC(9758) Concurrent Undo Cycle 1.987ms
[364.376s][info][gc] GC(9759) Pause Young (Concurrent Start) (G1 Humongous Allocation) 901M->83M(2000M) 1.151ms
[364.376s][info][gc] GC(9760) Concurrent Undo Cycle
[364.378s][info][gc] GC(9760) Concurrent Undo Cycle 1.879ms
[364.446s][info][gc] GC(9761) Pause Young (Concurrent Start) (G1 Humongous Allocation) 901M->83M(2000M) 1.151ms
[364.446s][info][gc] GC(9762) Concurrent Undo Cycle
[364.448s][info][gc] GC(9762) Concurrent Undo Cycle 1.878ms
[364.520s][info][gc] GC(9763) Pause Young (Concurrent Start) (G1 Humongous Allocation) 901M->83M(2000M) 1.109ms
[364.520s][info][gc] GC(9764) Concurrent Undo Cycle
[364.522s][info][gc] GC(9764) Concurrent Undo Cycle 1.907ms
[364.590s][info][gc] GC(9765) Pause Young (Concurrent Start) (G1 Humongous Allocation) 901M->83M(2000M) 1.049ms
[364.590s][info][gc] GC(9766) Concurrent Undo Cycle
[364.592s][info][gc] GC(9766) Concurrent Undo Cycle 1.813ms
[364.662s][info][gc] GC(9767) Pause Young (Concurrent Start) (G1 Humongous Allocation) 901M->83M(2000M) 1.319ms
[364.662s][info][gc] GC(9768) Concurrent Undo Cycle
[364.664s][info][gc] GC(9768) Concurrent Undo Cycle 2.077ms
[364.734s][info][gc] GC(9769) Pause Young (Concurrent Start) (G1 Humongous Allocation) 901M->83M(2000M) 1.216ms
[364.734s][info][gc] GC(9770) Concurrent Undo Cycle
[364.736s][info][gc] GC(9770) Concurrent Undo Cycle 1.901ms
[364.806s][info][gc] GC(9771) Pause Young (Concurrent Start) (G1 Humongous Allocation) 901M->83M(2000M) 1.452ms
[364.807s][info][gc] GC(9772) Concurrent Undo Cycle
[364.808s][info][gc] GC(9772) Concurrent Undo Cycle 1.852ms
[364.878s][info][gc] GC(9773) Pause Young (Concurrent Start) (G1 Humongous Allocation) 901M->83M(2000M) 1.508ms
[364.878s][info][gc] GC(9774) Concurrent Undo Cycle
[364.880s][info][gc] GC(9774) Concurrent Undo Cycle 1.933ms
[364.949s][info][gc] GC(9775) Pause Young (Concurrent Start) (G1 Humongous Allocation) 901M->83M(2000M) 1.646ms
[364.949s][info][gc] GC(9776) Concurrent Undo Cycle
[364.951s][info][gc] GC(9776) Concurrent Undo Cycle 1.959ms
[365.022s][info][gc] GC(9777) Pause Young (Concurrent Start) (G1 Humongous Allocation) 901M->83M(2000M) 1.566ms
[365.022s][info][gc] GC(9778) Concurrent Undo Cycle
[365.024s][info][gc] GC(9778) Concurrent Undo Cycle 1.881ms
[365.094s][info][gc] GC(9779) Pause Young (Concurrent Start) (G1 Humongous Allocation) 901M->83M(2000M) 1.544ms
[365.094s][info][gc] GC(9780) Concurrent Undo Cycle
[365.096s][info][gc] GC(9780) Concurrent Undo Cycle 1.878ms
[365.166s][info][gc] GC(9781) Pause Young (Concurrent Start) (G1 Humongous Allocation) 901M->83M(2000M) 1.404ms
[365.166s][info][gc] GC(9782) Concurrent Undo Cycle
[365.168s][info][gc] GC(9782) Concurrent Undo Cycle 1.951ms
[365.239s][info][gc] GC(9783) Pause Young (Concurrent Start) (G1 Humongous Allocation) 901M->83M(2000M) 1.390ms
[365.239s][info][gc] GC(9784) Concurrent Undo Cycle
[365.241s][info][gc] GC(9784) Concurrent Undo Cycle 1.960ms
[365.311s][info][gc] GC(9785) Pause Young (Concurrent Start) (G1 Humongous Allocation) 901M->83M(2000M) 1.529ms
[365.311s][info][gc] GC(9786) Concurrent Undo Cycle
[365.313s][info][gc] GC(9786) Concurrent Undo Cycle 1.922ms
[365.382s][info][gc] GC(9787) Pause Young (Concurrent Start) (G1 Humongous Allocation) 901M->83M(2000M) 1.391ms
[365.382s][info][gc] GC(9788) Concurrent Undo Cycle
[365.384s][info][gc] GC(9788) Concurrent Undo Cycle 1.884ms
[365.455s][info][gc] GC(9789) Pause Young (Concurrent Start) (G1 Humongous Allocation) 901M->83M(2000M) 1.555ms
[365.455s][info][gc] GC(9790) Concurrent Undo Cycle
[365.457s][info][gc] GC(9790) Concurrent Undo Cycle 1.985ms
[365.526s][info][gc] GC(9791) Pause Young (Concurrent Start) (G1 Humongous Allocation) 901M->83M(2000M) 1.491ms
[365.526s][info][gc] GC(9792) Concurrent Undo Cycle
[365.528s][info][gc] GC(9792) Concurrent Undo Cycle 1.802ms
[365.597s][info][gc] GC(9793) Pause Young (Concurrent Start) (G1 Humongous Allocation) 901M->83M(2000M) 1.620ms
[365.597s][info][gc] GC(9794) Concurrent Undo Cycle
[365.599s][info][gc] GC(9794) Concurrent Undo Cycle 2.022ms
[365.669s][info][gc] GC(9795) Pause Young (Concurrent Start) (G1 Humongous Allocation) 901M->83M(2000M) 1.627ms
[365.669s][info][gc] GC(9796) Concurrent Undo Cycle
[365.671s][info][gc] GC(9796) Concurrent Undo Cycle 1.983ms
[365.743s][info][gc] GC(9797) Pause Young (Concurrent Start) (G1 Humongous Allocation) 901M->83M(2000M) 1.605ms
[365.743s][info][gc] GC(9798) Concurrent Undo Cycle
[365.745s][info][gc] GC(9798) Concurrent Undo Cycle 2.125ms
[365.818s][info][gc] GC(9799) Pause Young (Concurrent Start) (G1 Humongous Allocation) 901M->83M(2000M) 1.524ms
[365.818s][info][gc] GC(9800) Concurrent Undo Cycle
[365.820s][info][gc] GC(9800) Concurrent Undo Cycle 1.902ms
[365.890s][info][gc] GC(9801) Pause Young (Concurrent Start) (G1 Humongous Allocation) 901M->83M(2000M) 1.773ms
[365.890s][info][gc] GC(9802) Concurrent Undo Cycle
[365.892s][info][gc] GC(9802) Concurrent Undo Cycle 1.906ms
[365.962s][info][gc] GC(9803) Pause Young (Concurrent Start) (G1 Humongous Allocation) 901M->83M(2000M) 1.524ms
[365.962s][info][gc] GC(9804) Concurrent Undo Cycle
[365.964s][info][gc] GC(9804) Concurrent Undo Cycle 1.929ms
[366.034s][info][gc] GC(9805) Pause Young (Concurrent Start) (G1 Humongous Allocation) 901M->83M(2000M) 1.468ms
[366.034s][info][gc] GC(9806) Concurrent Undo Cycle
[366.036s][info][gc] GC(9806) Concurrent Undo Cycle 1.906ms
[366.106s][info][gc] GC(9807) Pause Young (Concurrent Start) (G1 Humongous Allocation) 901M->83M(2000M) 1.615ms
[366.106s][info][gc] GC(9808) Concurrent Undo Cycle
[366.108s][info][gc] GC(9808) Concurrent Undo Cycle 1.903ms
[366.178s][info][gc] GC(9809) Pause Young (Concurrent Start) (G1 Humongous Allocation) 901M->83M(2000M) 1.462ms
[366.178s][info][gc] GC(9810) Concurrent Undo Cycle
[366.180s][info][gc] GC(9810) Concurrent Undo Cycle 1.766ms
[366.250s][info][gc] GC(9811) Pause Young (Concurrent Start) (G1 Humongous Allocation) 901M->83M(2000M) 1.501ms
[366.251s][info][gc] GC(9812) Concurrent Undo Cycle
[366.253s][info][gc] GC(9812) Concurrent Undo Cycle 1.977ms
[366.323s][info][gc] GC(9813) Pause Young (Concurrent Start) (G1 Humongous Allocation) 901M->83M(2000M) 1.475ms
[366.323s][info][gc] GC(9814) Concurrent Undo Cycle
[366.325s][info][gc] GC(9814) Concurrent Undo Cycle 1.855ms
[366.395s][info][gc] GC(9815) Pause Young (Concurrent Start) (G1 Humongous Allocation) 901M->83M(2000M) 1.565ms
[366.395s][info][gc] GC(9816) Concurrent Undo Cycle
[366.397s][info][gc] GC(9816) Concurrent Undo Cycle 1.861ms
[366.467s][info][gc] GC(9817) Pause Young (Concurrent Start) (G1 Humongous Allocation) 901M->83M(2000M) 1.723ms
[366.467s][info][gc] GC(9818) Concurrent Undo Cycle
[366.469s][info][gc] GC(9818) Concurrent Undo Cycle 1.964ms
[366.538s][info][gc] GC(9819) Pause Young (Concurrent Start) (G1 Humongous Allocation) 901M->83M(2000M) 1.514ms
[366.538s][info][gc] GC(9820) Concurrent Undo Cycle
[366.540s][info][gc] GC(9820) Concurrent Undo Cycle 1.908ms
[366.610s][info][gc] GC(9821) Pause Young (Concurrent Start) (G1 Humongous Allocation) 901M->83M(2000M) 1.597ms
[366.610s][info][gc] GC(9822) Concurrent Undo Cycle
[366.612s][info][gc] GC(9822) Concurrent Undo Cycle 1.999ms
[366.682s][info][gc] GC(9823) Pause Young (Concurrent Start) (G1 Humongous Allocation) 901M->83M(2000M) 1.718ms
[366.682s][info][gc] GC(9824) Concurrent Undo Cycle
[366.684s][info][gc] GC(9824) Concurrent Undo Cycle 1.936ms
[366.754s][info][gc] GC(9825) Pause Young (Concurrent Start) (G1 Humongous Allocation) 901M->83M(2000M) 1.521ms
[366.754s][info][gc] GC(9826) Concurrent Undo Cycle
[366.756s][info][gc] GC(9826) Concurrent Undo Cycle 1.829ms
[366.827s][info][gc] GC(9827) Pause Young (Concurrent Start) (G1 Humongous Allocation) 901M->83M(2000M) 1.434ms
[366.827s][info][gc] GC(9828) Concurrent Undo Cycle
[366.829s][info][gc] GC(9828) Concurrent Undo Cycle 1.882ms
[366.900s][info][gc] GC(9829) Pause Young (Concurrent Start) (G1 Humongous Allocation) 901M->83M(2000M) 1.485ms
[366.900s][info][gc] GC(9830) Concurrent Undo Cycle
[366.902s][info][gc] GC(9830) Concurrent Undo Cycle 2.024ms
[366.972s][info][gc] GC(9831) Pause Young (Concurrent Start) (G1 Humongous Allocation) 901M->83M(2000M) 1.630ms
[366.972s][info][gc] GC(9832) Concurrent Undo Cycle
[366.974s][info][gc] GC(9832) Concurrent Undo Cycle 2.113ms
[367.045s][info][gc] GC(9833) Pause Young (Concurrent Start) (G1 Humongous Allocation) 901M->83M(2000M) 1.691ms
[367.045s][info][gc] GC(9834) Concurrent Undo Cycle
[367.047s][info][gc] GC(9834) Concurrent Undo Cycle 1.949ms
[367.117s][info][gc] GC(9835) Pause Young (Concurrent Start) (G1 Humongous Allocation) 901M->83M(2000M) 1.711ms
[367.117s][info][gc] GC(9836) Concurrent Undo Cycle
[367.119s][info][gc] GC(9836) Concurrent Undo Cycle 2.036ms
[367.190s][info][gc] GC(9837) Pause Young (Concurrent Start) (G1 Humongous Allocation) 902M->83M(2000M) 1.661ms
[367.190s][info][gc] GC(9838) Concurrent Undo Cycle
[367.192s][info][gc] GC(9838) Concurrent Undo Cycle 1.942ms
[367.263s][info][gc] GC(9839) Pause Young (Concurrent Start) (G1 Humongous Allocation) 901M->83M(2000M) 1.778ms
[367.264s][info][gc] GC(9840) Concurrent Undo Cycle
[367.266s][info][gc] GC(9840) Concurrent Undo Cycle 2.066ms
[367.339s][info][gc] GC(9841) Pause Young (Concurrent Start) (G1 Humongous Allocation) 902M->84M(2000M) 1.481ms
[367.339s][info][gc] GC(9842) Concurrent Undo Cycle
[367.341s][info][gc] GC(9842) Concurrent Undo Cycle 1.918ms
[367.411s][info][gc] GC(9843) Pause Young (Concurrent Start) (G1 Humongous Allocation) 902M->84M(2000M) 1.501ms
[367.411s][info][gc] GC(9844) Concurrent Undo Cycle
[367.413s][info][gc] GC(9844) Concurrent Undo Cycle 2.061ms
[367.482s][info][gc] GC(9845) Pause Young (Concurrent Start) (G1 Humongous Allocation) 902M->84M(2000M) 1.446ms
[367.483s][info][gc] GC(9846) Concurrent Undo Cycle
[367.484s][info][gc] GC(9846) Concurrent Undo Cycle 1.947ms
[367.555s][info][gc] GC(9847) Pause Young (Concurrent Start) (G1 Humongous Allocation) 902M->84M(2000M) 1.567ms
[367.555s][info][gc] GC(9848) Concurrent Undo Cycle
[367.557s][info][gc] GC(9848) Concurrent Undo Cycle 2.014ms
[367.626s][info][gc] GC(9849) Pause Young (Concurrent Start) (G1 Humongous Allocation) 902M->84M(2000M) 1.521ms
[367.627s][info][gc] GC(9850) Concurrent Undo Cycle
[367.628s][info][gc] GC(9850) Concurrent Undo Cycle 1.920ms
[367.699s][info][gc] GC(9851) Pause Young (Concurrent Start) (G1 Humongous Allocation) 902M->84M(2000M) 1.494ms
[367.699s][info][gc] GC(9852) Concurrent Undo Cycle
[367.701s][info][gc] GC(9852) Concurrent Undo Cycle 1.870ms
[367.770s][info][gc] GC(9853) Pause Young (Concurrent Start) (G1 Humongous Allocation) 902M->84M(2000M) 1.492ms
[367.770s][info][gc] GC(9854) Concurrent Undo Cycle
[367.772s][info][gc] GC(9854) Concurrent Undo Cycle 1.843ms
[367.843s][info][gc] GC(9855) Pause Young (Concurrent Start) (G1 Humongous Allocation) 902M->84M(2000M) 1.476ms
[367.843s][info][gc] GC(9856) Concurrent Undo Cycle
[367.845s][info][gc] GC(9856) Concurrent Undo Cycle 1.891ms
[367.917s][info][gc] GC(9857) Pause Young (Concurrent Start) (G1 Humongous Allocation) 902M->84M(2000M) 1.535ms
[367.917s][info][gc] GC(9858) Concurrent Undo Cycle
[367.919s][info][gc] GC(9858) Concurrent Undo Cycle 2.235ms
[367.990s][info][gc] GC(9859) Pause Young (Concurrent Start) (G1 Humongous Allocation) 902M->84M(2000M) 1.516ms
[367.990s][info][gc] GC(9860) Concurrent Undo Cycle
[367.992s][info][gc] GC(9860) Concurrent Undo Cycle 1.877ms
[368.062s][info][gc] GC(9861) Pause Young (Concurrent Start) (G1 Humongous Allocation) 902M->84M(2000M) 1.867ms
[368.062s][info][gc] GC(9862) Concurrent Undo Cycle
[368.064s][info][gc] GC(9862) Concurrent Undo Cycle 1.877ms
[368.134s][info][gc] GC(9863) Pause Young (Concurrent Start) (G1 Humongous Allocation) 902M->84M(2000M) 1.602ms
[368.134s][info][gc] GC(9864) Concurrent Undo Cycle
[368.136s][info][gc] GC(9864) Concurrent Undo Cycle 1.775ms
[368.206s][info][gc] GC(9865) Pause Young (Concurrent Start) (G1 Humongous Allocation) 898M->84M(2000M) 1.636ms
[368.206s][info][gc] GC(9866) Concurrent Undo Cycle
[368.208s][info][gc] GC(9866) Concurrent Undo Cycle 1.871ms
[368.277s][info][gc] GC(9867) Pause Young (Concurrent Start) (G1 Humongous Allocation) 898M->88M(2000M) 1.533ms
[368.277s][info][gc] GC(9868) Concurrent Undo Cycle
[368.279s][info][gc] GC(9868) Concurrent Undo Cycle 1.838ms
[368.350s][info][gc] GC(9869) Pause Young (Concurrent Start) (G1 Humongous Allocation) 898M->84M(2000M) 1.884ms
[368.350s][info][gc] GC(9870) Concurrent Undo Cycle
[368.352s][info][gc] GC(9870) Concurrent Undo Cycle 1.992ms
[368.423s][info][gc] GC(9871) Pause Young (Concurrent Start) (G1 Humongous Allocation) 898M->84M(2000M) 1.394ms
[368.423s][info][gc] GC(9872) Concurrent Undo Cycle
[368.425s][info][gc] GC(9872) Concurrent Undo Cycle 1.841ms
[368.495s][info][gc] GC(9873) Pause Young (Concurrent Start) (G1 Humongous Allocation) 898M->88M(2000M) 1.586ms
[368.495s][info][gc] GC(9874) Concurrent Undo Cycle
[368.497s][info][gc] GC(9874) Concurrent Undo Cycle 1.839ms
[368.569s][info][gc] GC(9875) Pause Young (Concurrent Start) (G1 Humongous Allocation) 898M->84M(2000M) 1.453ms
[368.569s][info][gc] GC(9876) Concurrent Undo Cycle
[368.571s][info][gc] GC(9876) Concurrent Undo Cycle 1.830ms
[368.640s][info][gc] GC(9877) Pause Young (Concurrent Start) (G1 Humongous Allocation) 898M->84M(2000M) 1.819ms
[368.640s][info][gc] GC(9878) Concurrent Undo Cycle
[368.642s][info][gc] GC(9878) Concurrent Undo Cycle 1.856ms
[368.712s][info][gc] GC(9879) Pause Young (Concurrent Start) (G1 Humongous Allocation) 898M->88M(2000M) 1.482ms
[368.712s][info][gc] GC(9880) Concurrent Undo Cycle
[368.714s][info][gc] GC(9880) Concurrent Undo Cycle 1.762ms
[368.784s][info][gc] GC(9881) Pause Young (Concurrent Start) (G1 Humongous Allocation) 898M->84M(2000M) 1.675ms
[368.784s][info][gc] GC(9882) Concurrent Undo Cycle
[368.786s][info][gc] GC(9882) Concurrent Undo Cycle 1.882ms
[368.856s][info][gc] GC(9883) Pause Young (Concurrent Start) (G1 Humongous Allocation) 898M->84M(2000M) 1.633ms
[368.856s][info][gc] GC(9884) Concurrent Undo Cycle
[368.858s][info][gc] GC(9884) Concurrent Undo Cycle 1.859ms
