[0.010s][info][gc] Using G1
[18.972s][info][gc] GC(0) Pause Young (Normal) (G1 Evacuation Pause) 24M->2M(508M) 4.110ms
[18.979s][info][gc] GC(1) Pause Young (Normal) (G1 Evacuation Pause) 34M->2M(508M) 1.574ms
[19.050s][info][gc] GC(2) Pause Young (Normal) (G1 Evacuation Pause) 302M->3M(508M) 2.636ms
[19.077s][info][gc] GC(3) Pause Young (Normal) (G1 Evacuation Pause) 302M->2M(508M) 2.438ms
[19.104s][info][gc] GC(4) Pause Young (Normal) (G1 Evacuation Pause) 302M->2M(508M) 2.535ms
[19.131s][info][gc] GC(5) Pause Young (Normal) (G1 Evacuation Pause) 302M->3M(1016M) 3.324ms
[19.267s][info][gc] GC(6) Pause Young (Normal) (G1 Evacuation Pause) 606M->2M(1016M) 2.805ms
[19.320s][info][gc] GC(7) Pause Young (Normal) (G1 Evacuation Pause) 606M->3M(1016M) 2.567ms
[19.373s][info][gc] GC(8) Pause Young (Normal) (G1 Evacuation Pause) 606M->3M(1016M) 2.697ms
[19.425s][info][gc] GC(9) Pause Young (Normal) (G1 Evacuation Pause) 606M->3M(1540M) 3.642ms
[19.585s][info][gc] GC(10) Pause Young (Normal) (G1 Evacuation Pause) 923M->3M(1540M) 2.545ms
[19.662s][info][gc] GC(11) Pause Young (Normal) (G1 Evacuation Pause) 923M->3M(1540M) 2.587ms
[19.737s][info][gc] GC(12) Pause Young (Normal) (G1 Evacuation Pause) 923M->3M(1540M) 2.732ms
[19.815s][info][gc] GC(13) Pause Young (Normal) (G1 Evacuation Pause) 923M->3M(1540M) 2.446ms
[19.891s][info][gc] GC(14) Pause Young (Normal) (G1 Evacuation Pause) 922M->3M(1804M) 2.944ms
[20.020s][info][gc] GC(15) Pause Young (Normal) (G1 Evacuation Pause) 1079M->3M(1804M) 2.697ms
[20.106s][info][gc] GC(16) Pause Young (Normal) (G1 Evacuation Pause) 1079M->3M(1804M) 1.448ms
[20.191s][info][gc] GC(17) Pause Young (Normal) (G1 Evacuation Pause) 1079M->3M(1804M) 1.348ms
[20.276s][info][gc] GC(18) Pause Young (Normal) (G1 Evacuation Pause) 1079M->3M(1804M) 1.406ms
[20.361s][info][gc] GC(19) Pause Young (Normal) (G1 Evacuation Pause) 1079M->3M(1804M) 1.180ms
[20.446s][info][gc] GC(20) Pause Young (Normal) (G1 Evacuation Pause) 1079M->3M(1804M) 1.390ms
[20.533s][info][gc] GC(21) Pause Young (Normal) (G1 Evacuation Pause) 1079M->3M(1804M) 1.360ms
[20.620s][info][gc] GC(22) Pause Young (Normal) (G1 Evacuation Pause) 1079M->3M(1804M) 1.267ms
[20.706s][info][gc] GC(23) Pause Young (Normal) (G1 Evacuation Pause) 1079M->3M(1804M) 1.475ms
[20.792s][info][gc] GC(24) Pause Young (Normal) (G1 Evacuation Pause) 1079M->4M(1804M) 1.513ms
[20.878s][info][gc] GC(25) Pause Young (Normal) (G1 Evacuation Pause) 1079M->3M(1804M) 1.687ms
[20.964s][info][gc] GC(26) Pause Young (Normal) (G1 Evacuation Pause) 1079M->3M(1804M) 1.376ms
[21.052s][info][gc] GC(27) Pause Young (Normal) (G1 Evacuation Pause) 1079M->3M(1804M) 1.173ms
[21.137s][info][gc] GC(28) Pause Young (Normal) (G1 Evacuation Pause) 1079M->4M(1804M) 1.349ms
[21.229s][info][gc] GC(29) Pause Young (Normal) (G1 Evacuation Pause) 1080M->3M(1804M) 1.381ms
[21.316s][info][gc] GC(30) Pause Young (Normal) (G1 Evacuation Pause) 1079M->3M(1804M) 1.518ms
[21.406s][info][gc] GC(31) Pause Young (Normal) (G1 Evacuation Pause) 1079M->3M(1804M) 0.766ms
[21.500s][info][gc] GC(32) Pause Young (Normal) (G1 Evacuation Pause) 1079M->4M(1804M) 1.004ms
[21.594s][info][gc] GC(33) Pause Young (Normal) (G1 Evacuation Pause) 1080M->4M(1804M) 1.100ms
[21.681s][info][gc] GC(34) Pause Young (Normal) (G1 Evacuation Pause) 1080M->4M(1804M) 1.168ms
[21.767s][info][gc] GC(35) Pause Young (Normal) (G1 Evacuation Pause) 1080M->4M(1804M) 1.278ms
[21.859s][info][gc] GC(36) Pause Young (Normal) (G1 Evacuation Pause) 1080M->4M(1804M) 1.162ms
[21.950s][info][gc] GC(37) Pause Young (Normal) (G1 Evacuation Pause) 1080M->4M(1804M) 1.095ms
[22.041s][info][gc] GC(38) Pause Young (Normal) (G1 Evacuation Pause) 1080M->4M(1804M) 0.931ms
[22.129s][info][gc] GC(39) Pause Young (Normal) (G1 Evacuation Pause) 1080M->4M(1804M) 1.269ms
[22.216s][info][gc] GC(40) Pause Young (Normal) (G1 Evacuation Pause) 1079M->4M(1804M) 0.994ms
[22.308s][info][gc] GC(41) Pause Young (Normal) (G1 Evacuation Pause) 1080M->4M(1804M) 1.282ms
[22.407s][info][gc] GC(42) Pause Young (Normal) (G1 Evacuation Pause) 1080M->4M(1804M) 1.104ms
[22.501s][info][gc] GC(43) Pause Young (Normal) (G1 Evacuation Pause) 1080M->3M(1804M) 1.030ms
[22.595s][info][gc] GC(44) Pause Young (Normal) (G1 Evacuation Pause) 1079M->4M(1804M) 1.076ms
[22.686s][info][gc] GC(45) Pause Young (Normal) (G1 Evacuation Pause) 1080M->4M(1804M) 1.110ms
[22.773s][info][gc] GC(46) Pause Young (Normal) (G1 Evacuation Pause) 1079M->4M(1804M) 1.231ms
[22.862s][info][gc] GC(47) Pause Young (Normal) (G1 Evacuation Pause) 1080M->4M(1804M) 1.248ms
[22.952s][info][gc] GC(48) Pause Young (Normal) (G1 Evacuation Pause) 1080M->4M(1804M) 1.240ms
[23.045s][info][gc] GC(49) Pause Young (Normal) (G1 Evacuation Pause) 1080M->4M(1804M) 1.327ms
[23.137s][info][gc] GC(50) Pause Young (Normal) (G1 Evacuation Pause) 1080M->4M(1804M) 0.974ms
[23.229s][info][gc] GC(51) Pause Young (Normal) (G1 Evacuation Pause) 1080M->4M(1804M) 1.123ms
[23.322s][info][gc] GC(52) Pause Young (Normal) (G1 Evacuation Pause) 1080M->4M(1804M) 1.034ms
[23.411s][info][gc] GC(53) Pause Young (Normal) (G1 Evacuation Pause) 1079M->4M(1804M) 0.989ms
[23.497s][info][gc] GC(54) Pause Young (Normal) (G1 Evacuation Pause) 1080M->4M(1804M) 0.907ms
[23.584s][info][gc] GC(55) Pause Young (Normal) (G1 Evacuation Pause) 1080M->4M(1804M) 1.040ms
[23.672s][info][gc] GC(56) Pause Young (Normal) (G1 Evacuation Pause) 1080M->4M(1804M) 1.185ms
[23.764s][info][gc] GC(57) Pause Young (Normal) (G1 Evacuation Pause) 1080M->4M(1804M) 0.977ms
[23.854s][info][gc] GC(58) Pause Young (Normal) (G1 Evacuation Pause) 1080M->4M(1804M) 0.901ms
[23.944s][info][gc] GC(59) Pause Young (Normal) (G1 Evacuation Pause) 1080M->4M(1804M) 1.022ms
[24.034s][info][gc] GC(60) Pause Young (Normal) (G1 Evacuation Pause) 1080M->4M(1804M) 0.930ms
[24.130s][info][gc] GC(61) Pause Young (Normal) (G1 Evacuation Pause) 1080M->4M(1804M) 0.944ms
[24.226s][info][gc] GC(62) Pause Young (Normal) (G1 Evacuation Pause) 1080M->4M(1804M) 1.396ms
[24.323s][info][gc] GC(63) Pause Young (Normal) (G1 Evacuation Pause) 1080M->4M(1804M) 1.458ms
[24.413s][info][gc] GC(64) Pause Young (Normal) (G1 Evacuation Pause) 1080M->4M(1804M) 1.093ms
[24.500s][info][gc] GC(65) Pause Young (Normal) (G1 Evacuation Pause) 1080M->4M(1804M) 1.023ms
[24.586s][info][gc] GC(66) Pause Young (Normal) (G1 Evacuation Pause) 1080M->5M(1804M) 1.145ms
[24.673s][info][gc] GC(67) Pause Young (Normal) (G1 Evacuation Pause) 1080M->5M(1804M) 1.071ms
[24.760s][info][gc] GC(68) Pause Young (Normal) (G1 Evacuation Pause) 1080M->5M(1804M) 1.016ms
[24.850s][info][gc] GC(69) Pause Young (Normal) (G1 Evacuation Pause) 1080M->5M(1804M) 1.276ms
[24.942s][info][gc] GC(70) Pause Young (Normal) (G1 Evacuation Pause) 1080M->5M(1804M) 1.031ms
[25.034s][info][gc] GC(71) Pause Young (Normal) (G1 Evacuation Pause) 1080M->5M(1804M) 1.227ms
[25.135s][info][gc] GC(72) Pause Young (Normal) (G1 Evacuation Pause) 1080M->5M(1804M) 1.164ms
[25.232s][info][gc] GC(73) Pause Young (Normal) (G1 Evacuation Pause) 1080M->5M(1804M) 1.229ms
[25.333s][info][gc] GC(74) Pause Young (Normal) (G1 Evacuation Pause) 1081M->5M(1804M) 1.009ms
[25.434s][info][gc] GC(75) Pause Young (Normal) (G1 Evacuation Pause) 1081M->5M(1804M) 1.114ms
[25.531s][info][gc] GC(76) Pause Young (Normal) (G1 Evacuation Pause) 1081M->5M(1804M) 1.109ms
[25.639s][info][gc] GC(77) Pause Young (Normal) (G1 Evacuation Pause) 1081M->5M(1804M) 0.989ms
[25.741s][info][gc] GC(78) Pause Young (Normal) (G1 Evacuation Pause) 1080M->4M(1804M) 1.222ms
[25.838s][info][gc] GC(79) Pause Young (Normal) (G1 Evacuation Pause) 1080M->4M(1804M) 1.245ms
[25.925s][info][gc] GC(80) Pause Young (Normal) (G1 Evacuation Pause) 1079M->4M(1804M) 1.010ms
[26.013s][info][gc] GC(81) Pause Young (Normal) (G1 Evacuation Pause) 1080M->5M(1804M) 1.284ms
[26.101s][info][gc] GC(82) Pause Young (Normal) (G1 Evacuation Pause) 1080M->4M(1804M) 1.026ms
[26.192s][info][gc] GC(83) Pause Young (Normal) (G1 Evacuation Pause) 1080M->5M(1804M) 1.259ms
[26.282s][info][gc] GC(84) Pause Young (Normal) (G1 Evacuation Pause) 1081M->4M(1804M) 1.089ms
[26.374s][info][gc] GC(85) Pause Young (Normal) (G1 Evacuation Pause) 1080M->5M(1804M) 1.145ms
[26.473s][info][gc] GC(86) Pause Young (Normal) (G1 Evacuation Pause) 1081M->5M(1804M) 0.892ms
[26.570s][info][gc] GC(87) Pause Young (Normal) (G1 Evacuation Pause) 1080M->5M(1804M) 1.303ms
[26.662s][info][gc] GC(88) Pause Young (Normal) (G1 Evacuation Pause) 1081M->5M(1804M) 1.062ms
[26.756s][info][gc] GC(89) Pause Young (Normal) (G1 Evacuation Pause) 1080M->5M(1804M) 1.133ms
[26.856s][info][gc] GC(90) Pause Young (Normal) (G1 Evacuation Pause) 1081M->5M(1804M) 1.259ms
[26.951s][info][gc] GC(91) Pause Young (Normal) (G1 Evacuation Pause) 1080M->5M(1804M) 0.997ms
[27.048s][info][gc] GC(92) Pause Young (Normal) (G1 Evacuation Pause) 1081M->5M(1804M) 0.939ms
[27.149s][info][gc] GC(93) Pause Young (Normal) (G1 Evacuation Pause) 1080M->5M(1804M) 1.058ms
[27.248s][info][gc] GC(94) Pause Young (Normal) (G1 Evacuation Pause) 1081M->5M(1804M) 0.928ms
[27.347s][info][gc] GC(95) Pause Young (Normal) (G1 Evacuation Pause) 1081M->5M(1804M) 1.207ms
[27.446s][info][gc] GC(96) Pause Young (Normal) (G1 Evacuation Pause) 1081M->5M(1804M) 1.052ms
[27.542s][info][gc] GC(97) Pause Young (Normal) (G1 Evacuation Pause) 1081M->5M(1804M) 1.069ms
[27.639s][info][gc] GC(98) Pause Young (Normal) (G1 Evacuation Pause) 1081M->5M(1804M) 1.000ms
[27.744s][info][gc] GC(99) Pause Young (Normal) (G1 Evacuation Pause) 1081M->5M(1804M) 1.063ms
[27.851s][info][gc] GC(100) Pause Young (Normal) (G1 Evacuation Pause) 1081M->5M(1804M) 0.764ms
[27.977s][info][gc] GC(101) Pause Young (Normal) (G1 Evacuation Pause) 1081M->5M(1804M) 0.754ms
[28.098s][info][gc] GC(102) Pause Young (Normal) (G1 Evacuation Pause) 1081M->5M(1804M) 0.886ms
[28.201s][info][gc] GC(103) Pause Young (Normal) (G1 Evacuation Pause) 1080M->5M(1804M) 0.862ms
[28.302s][info][gc] GC(104) Pause Young (Normal) (G1 Evacuation Pause) 1080M->5M(1804M) 0.892ms
[28.399s][info][gc] GC(105) Pause Young (Normal) (G1 Evacuation Pause) 1081M->5M(1804M) 1.097ms
[28.490s][info][gc] GC(106) Pause Young (Normal) (G1 Evacuation Pause) 1080M->6M(1804M) 1.000ms
[28.579s][info][gc] GC(107) Pause Young (Normal) (G1 Evacuation Pause) 1081M->5M(1804M) 1.026ms
[28.668s][info][gc] GC(108) Pause Young (Normal) (G1 Evacuation Pause) 1080M->6M(1804M) 1.163ms
[28.759s][info][gc] GC(109) Pause Young (Normal) (G1 Evacuation Pause) 1081M->5M(1804M) 1.032ms
[28.852s][info][gc] GC(110) Pause Young (Normal) (G1 Evacuation Pause) 1081M->6M(1804M) 1.142ms
[28.941s][info][gc] GC(111) Pause Young (Normal) (G1 Evacuation Pause) 1081M->5M(1804M) 0.969ms
[29.031s][info][gc] GC(112) Pause Young (Normal) (G1 Evacuation Pause) 1081M->6M(1804M) 0.992ms
[29.135s][info][gc] GC(113) Pause Young (Normal) (G1 Evacuation Pause) 1081M->5M(1804M) 1.031ms
[29.236s][info][gc] GC(114) Pause Young (Normal) (G1 Evacuation Pause) 1081M->6M(1804M) 1.198ms
[29.332s][info][gc] GC(115) Pause Young (Normal) (G1 Evacuation Pause) 1081M->5M(1804M) 1.119ms
[29.428s][info][gc] GC(116) Pause Young (Normal) (G1 Evacuation Pause) 1081M->6M(1804M) 1.244ms
[29.521s][info][gc] GC(117) Pause Young (Normal) (G1 Evacuation Pause) 1081M->5M(1804M) 1.389ms
[29.621s][info][gc] GC(118) Pause Young (Normal) (G1 Evacuation Pause) 1081M->6M(1804M) 1.260ms
[29.719s][info][gc] GC(119) Pause Young (Normal) (G1 Evacuation Pause) 1081M->5M(1804M) 1.099ms
[29.817s][info][gc] GC(120) Pause Young (Normal) (G1 Evacuation Pause) 1081M->6M(1804M) 1.130ms
[29.915s][info][gc] GC(121) Pause Young (Normal) (G1 Evacuation Pause) 1082M->5M(1804M) 1.155ms
[30.013s][info][gc] GC(122) Pause Young (Normal) (G1 Evacuation Pause) 1081M->6M(1804M) 1.236ms
[30.112s][info][gc] GC(123) Pause Young (Normal) (G1 Evacuation Pause) 1082M->5M(1804M) 1.136ms
[30.208s][info][gc] GC(124) Pause Young (Normal) (G1 Evacuation Pause) 1081M->6M(1804M) 1.135ms
[30.303s][info][gc] GC(125) Pause Young (Normal) (G1 Evacuation Pause) 1082M->5M(1804M) 0.968ms
[30.400s][info][gc] GC(126) Pause Young (Normal) (G1 Evacuation Pause) 1081M->6M(1804M) 1.168ms
[30.500s][info][gc] GC(127) Pause Young (Normal) (G1 Evacuation Pause) 1081M->5M(1804M) 0.992ms
[30.598s][info][gc] GC(128) Pause Young (Normal) (G1 Evacuation Pause) 1081M->6M(1804M) 1.148ms
[30.696s][info][gc] GC(129) Pause Young (Normal) (G1 Evacuation Pause) 1082M->5M(1804M) 1.206ms
[30.794s][info][gc] GC(130) Pause Young (Normal) (G1 Evacuation Pause) 1081M->6M(1804M) 1.135ms
[30.892s][info][gc] GC(131) Pause Young (Normal) (G1 Evacuation Pause) 1082M->5M(1804M) 0.987ms
[30.991s][info][gc] GC(132) Pause Young (Normal) (G1 Evacuation Pause) 1081M->6M(1804M) 1.125ms
[31.091s][info][gc] GC(133) Pause Young (Normal) (G1 Evacuation Pause) 1082M->6M(1804M) 1.078ms
[31.192s][info][gc] GC(134) Pause Young (Normal) (G1 Evacuation Pause) 1082M->6M(1804M) 1.190ms
[31.292s][info][gc] GC(135) Pause Young (Normal) (G1 Evacuation Pause) 1082M->6M(1804M) 1.236ms
[31.393s][info][gc] GC(136) Pause Young (Normal) (G1 Evacuation Pause) 1082M->6M(1804M) 0.943ms
[31.494s][info][gc] GC(137) Pause Young (Normal) (G1 Evacuation Pause) 1080M->6M(1804M) 1.079ms
[31.579s][info][gc] GC(138) Pause Young (Normal) (G1 Evacuation Pause) 1081M->6M(1804M) 1.268ms
[31.666s][info][gc] GC(139) Pause Young (Normal) (G1 Evacuation Pause) 1081M->6M(1804M) 1.225ms
[31.752s][info][gc] GC(140) Pause Young (Normal) (G1 Evacuation Pause) 1081M->6M(1804M) 1.004ms
[31.840s][info][gc] GC(141) Pause Young (Normal) (G1 Evacuation Pause) 1081M->6M(1804M) 1.271ms
[31.926s][info][gc] GC(142) Pause Young (Normal) (G1 Evacuation Pause) 1081M->6M(1804M) 1.100ms
[32.016s][info][gc] GC(143) Pause Young (Normal) (G1 Evacuation Pause) 1081M->6M(1804M) 1.384ms
[32.104s][info][gc] GC(144) Pause Young (Normal) (G1 Evacuation Pause) 1081M->6M(1804M) 1.157ms
[32.193s][info][gc] GC(145) Pause Young (Normal) (G1 Evacuation Pause) 1081M->6M(1804M) 1.277ms
[32.281s][info][gc] GC(146) Pause Young (Normal) (G1 Evacuation Pause) 1081M->6M(1804M) 1.117ms
[32.373s][info][gc] GC(147) Pause Young (Normal) (G1 Evacuation Pause) 1081M->6M(1804M) 1.290ms
[32.465s][info][gc] GC(148) Pause Young (Normal) (G1 Evacuation Pause) 1081M->6M(1804M) 0.548ms
[32.567s][info][gc] GC(149) Pause Young (Normal) (G1 Evacuation Pause) 1081M->6M(1804M) 1.008ms
[32.666s][info][gc] GC(150) Pause Young (Normal) (G1 Evacuation Pause) 1081M->6M(1804M) 1.154ms
[32.757s][info][gc] GC(151) Pause Young (Normal) (G1 Evacuation Pause) 1081M->6M(1804M) 1.068ms
[32.847s][info][gc] GC(152) Pause Young (Normal) (G1 Evacuation Pause) 1081M->6M(1804M) 0.964ms
[32.937s][info][gc] GC(153) Pause Young (Normal) (G1 Evacuation Pause) 1082M->6M(1804M) 1.086ms
[33.027s][info][gc] GC(154) Pause Young (Normal) (G1 Evacuation Pause) 1082M->6M(1804M) 1.014ms
[33.122s][info][gc] GC(155) Pause Young (Normal) (G1 Evacuation Pause) 1082M->6M(1804M) 1.058ms
[33.215s][info][gc] GC(156) Pause Young (Normal) (G1 Evacuation Pause) 1082M->6M(1804M) 1.092ms
[33.309s][info][gc] GC(157) Pause Young (Normal) (G1 Evacuation Pause) 1082M->6M(1804M) 1.014ms
[33.406s][info][gc] GC(158) Pause Young (Normal) (G1 Evacuation Pause) 1082M->6M(1804M) 1.028ms
[33.502s][info][gc] GC(159) Pause Young (Normal) (G1 Evacuation Pause) 1082M->6M(1804M) 1.094ms
[33.598s][info][gc] GC(160) Pause Young (Normal) (G1 Evacuation Pause) 1082M->6M(1804M) 1.070ms
[33.690s][info][gc] GC(161) Pause Young (Normal) (G1 Evacuation Pause) 1082M->6M(1804M) 1.131ms
[33.784s][info][gc] GC(162) Pause Young (Normal) (G1 Evacuation Pause) 1082M->6M(1804M) 0.971ms
[33.881s][info][gc] GC(163) Pause Young (Normal) (G1 Evacuation Pause) 1082M->6M(1804M) 0.979ms
[33.977s][info][gc] GC(164) Pause Young (Normal) (G1 Evacuation Pause) 1082M->6M(1804M) 0.926ms
[34.072s][info][gc] GC(165) Pause Young (Normal) (G1 Evacuation Pause) 1082M->6M(1804M) 1.034ms
[34.167s][info][gc] GC(166) Pause Young (Normal) (G1 Evacuation Pause) 1082M->7M(1804M) 1.107ms
[34.261s][info][gc] GC(167) Pause Young (Normal) (G1 Evacuation Pause) 1083M->7M(1804M) 1.065ms
[34.355s][info][gc] GC(168) Pause Young (Normal) (G1 Evacuation Pause) 1083M->7M(1804M) 1.250ms
[34.453s][info][gc] GC(169) Pause Young (Normal) (G1 Evacuation Pause) 1082M->6M(1804M) 1.261ms
[34.552s][info][gc] GC(170) Pause Young (Normal) (G1 Evacuation Pause) 1082M->6M(1804M) 1.045ms
[34.648s][info][gc] GC(171) Pause Young (Normal) (G1 Evacuation Pause) 1082M->6M(1804M) 0.969ms
[34.743s][info][gc] GC(172) Pause Young (Normal) (G1 Evacuation Pause) 1082M->6M(1804M) 1.188ms
[34.839s][info][gc] GC(173) Pause Young (Normal) (G1 Evacuation Pause) 1082M->6M(1804M) 1.061ms
[34.935s][info][gc] GC(174) Pause Young (Normal) (G1 Evacuation Pause) 1082M->6M(1804M) 0.965ms
[35.032s][info][gc] GC(175) Pause Young (Normal) (G1 Evacuation Pause) 1082M->7M(1804M) 1.069ms
[35.130s][info][gc] GC(176) Pause Young (Normal) (G1 Evacuation Pause) 1082M->7M(1804M) 1.246ms
[35.226s][info][gc] GC(177) Pause Young (Normal) (G1 Evacuation Pause) 1082M->7M(1804M) 1.393ms
[35.323s][info][gc] GC(178) Pause Young (Normal) (G1 Evacuation Pause) 1082M->7M(1804M) 1.060ms
[35.421s][info][gc] GC(179) Pause Young (Normal) (G1 Evacuation Pause) 1082M->7M(1804M) 1.166ms
[35.522s][info][gc] GC(180) Pause Young (Normal) (G1 Evacuation Pause) 1082M->7M(1804M) 1.030ms
[35.623s][info][gc] GC(181) Pause Young (Normal) (G1 Evacuation Pause) 1082M->7M(1804M) 1.075ms
[35.722s][info][gc] GC(182) Pause Young (Normal) (G1 Evacuation Pause) 1082M->7M(1804M) 1.015ms
[35.823s][info][gc] GC(183) Pause Young (Normal) (G1 Evacuation Pause) 1082M->7M(1804M) 1.489ms
[35.935s][info][gc] GC(184) Pause Young (Normal) (G1 Evacuation Pause) 1083M->7M(1804M) 1.261ms
[36.059s][info][gc] GC(185) Pause Young (Normal) (G1 Evacuation Pause) 1083M->7M(1804M) 1.383ms
[36.188s][info][gc] GC(186) Pause Young (Normal) (G1 Evacuation Pause) 1083M->7M(1804M) 1.035ms
[36.307s][info][gc] GC(187) Pause Young (Normal) (G1 Evacuation Pause) 1083M->7M(1804M) 0.464ms
[36.410s][info][gc] GC(188) Pause Young (Normal) (G1 Evacuation Pause) 1083M->7M(1804M) 0.956ms
[36.510s][info][gc] GC(189) Pause Young (Normal) (G1 Evacuation Pause) 1083M->7M(1804M) 1.180ms
[36.615s][info][gc] GC(190) Pause Young (Normal) (G1 Evacuation Pause) 1083M->7M(1804M) 0.979ms
[36.723s][info][gc] GC(191) Pause Young (Normal) (G1 Evacuation Pause) 1083M->7M(1804M) 1.478ms
[36.835s][info][gc] GC(192) Pause Young (Normal) (G1 Evacuation Pause) 1083M->7M(1804M) 1.384ms
[36.953s][info][gc] GC(193) Pause Young (Normal) (G1 Evacuation Pause) 1083M->7M(1804M) 1.881ms
[37.062s][info][gc] GC(194) Pause Young (Normal) (G1 Evacuation Pause) 1083M->7M(1804M) 1.075ms
[37.169s][info][gc] GC(195) Pause Young (Normal) (G1 Evacuation Pause) 1083M->7M(1804M) 1.502ms
[37.273s][info][gc] GC(196) Pause Young (Normal) (G1 Evacuation Pause) 1083M->7M(1804M) 1.132ms
[37.369s][info][gc] GC(197) Pause Young (Normal) (G1 Evacuation Pause) 1082M->8M(1804M) 1.164ms
[37.456s][info][gc] GC(198) Pause Young (Normal) (G1 Evacuation Pause) 1083M->8M(1804M) 1.120ms
[37.543s][info][gc] GC(199) Pause Young (Normal) (G1 Evacuation Pause) 1083M->8M(1804M) 1.168ms
[37.628s][info][gc] GC(200) Pause Young (Normal) (G1 Evacuation Pause) 1083M->8M(1804M) 1.581ms
[37.716s][info][gc] GC(201) Pause Young (Normal) (G1 Evacuation Pause) 1083M->8M(1804M) 2.181ms
[37.807s][info][gc] GC(202) Pause Young (Normal) (G1 Evacuation Pause) 1083M->8M(1804M) 1.194ms
[37.895s][info][gc] GC(203) Pause Young (Normal) (G1 Evacuation Pause) 1083M->8M(1804M) 1.052ms
[37.987s][info][gc] GC(204) Pause Young (Normal) (G1 Evacuation Pause) 1083M->8M(1804M) 1.196ms
[38.074s][info][gc] GC(205) Pause Young (Normal) (G1 Evacuation Pause) 1083M->8M(1804M) 1.159ms
[38.164s][info][gc] GC(206) Pause Young (Normal) (G1 Evacuation Pause) 1083M->8M(1804M) 1.152ms
[38.255s][info][gc] GC(207) Pause Young (Normal) (G1 Evacuation Pause) 1083M->8M(1804M) 1.193ms
[38.346s][info][gc] GC(208) Pause Young (Normal) (G1 Evacuation Pause) 1083M->8M(1804M) 1.104ms
[38.437s][info][gc] GC(209) Pause Young (Normal) (G1 Evacuation Pause) 1083M->7M(1804M) 0.902ms
[38.529s][info][gc] GC(210) Pause Young (Normal) (G1 Evacuation Pause) 1083M->7M(1804M) 1.054ms
[38.631s][info][gc] GC(211) Pause Young (Normal) (G1 Evacuation Pause) 1083M->7M(1804M) 0.855ms
[38.734s][info][gc] GC(212) Pause Young (Normal) (G1 Evacuation Pause) 1083M->7M(1804M) 1.029ms
[38.831s][info][gc] GC(213) Pause Young (Normal) (G1 Evacuation Pause) 1083M->7M(1804M) 0.880ms
[38.926s][info][gc] GC(214) Pause Young (Normal) (G1 Evacuation Pause) 1083M->7M(1804M) 1.103ms
[39.025s][info][gc] GC(215) Pause Young (Normal) (G1 Evacuation Pause) 1083M->7M(1804M) 1.149ms
[39.130s][info][gc] GC(216) Pause Young (Normal) (G1 Evacuation Pause) 1083M->7M(1804M) 0.994ms
[39.236s][info][gc] GC(217) Pause Young (Normal) (G1 Evacuation Pause) 1083M->7M(1804M) 1.258ms
[39.337s][info][gc] GC(218) Pause Young (Normal) (G1 Evacuation Pause) 1083M->7M(1804M) 0.865ms
[39.439s][info][gc] GC(219) Pause Young (Normal) (G1 Evacuation Pause) 1083M->8M(1804M) 0.571ms
[39.542s][info][gc] GC(220) Pause Young (Normal) (G1 Evacuation Pause) 1083M->8M(1804M) 0.794ms
[39.646s][info][gc] GC(221) Pause Young (Normal) (G1 Evacuation Pause) 1083M->8M(1804M) 0.825ms
[39.746s][info][gc] GC(222) Pause Young (Normal) (G1 Evacuation Pause) 1083M->8M(1804M) 1.125ms
[39.852s][info][gc] GC(223) Pause Young (Normal) (G1 Evacuation Pause) 1083M->8M(1804M) 0.878ms
[39.957s][info][gc] GC(224) Pause Young (Normal) (G1 Evacuation Pause) 1083M->8M(1804M) 0.909ms
[40.055s][info][gc] GC(225) Pause Young (Normal) (G1 Evacuation Pause) 1083M->8M(1804M) 1.152ms
[40.148s][info][gc] GC(226) Pause Young (Normal) (G1 Evacuation Pause) 1083M->8M(1804M) 1.050ms
[40.244s][info][gc] GC(227) Pause Young (Normal) (G1 Evacuation Pause) 1083M->8M(1804M) 1.005ms
[40.350s][info][gc] GC(228) Pause Young (Normal) (G1 Evacuation Pause) 1083M->8M(1804M) 1.272ms
[40.453s][info][gc] GC(229) Pause Young (Normal) (G1 Evacuation Pause) 1083M->8M(1804M) 1.051ms
[40.562s][info][gc] GC(230) Pause Young (Normal) (G1 Evacuation Pause) 1083M->8M(1804M) 1.044ms
[40.663s][info][gc] GC(231) Pause Young (Normal) (G1 Evacuation Pause) 1083M->8M(1804M) 1.197ms
[40.759s][info][gc] GC(232) Pause Young (Normal) (G1 Evacuation Pause) 1083M->8M(1804M) 0.951ms
[40.865s][info][gc] GC(233) Pause Young (Normal) (G1 Evacuation Pause) 1083M->8M(1804M) 1.092ms
[40.957s][info][gc] GC(234) Pause Young (Normal) (G1 Evacuation Pause) 1083M->8M(1804M) 0.985ms
[41.051s][info][gc] GC(235) Pause Young (Normal) (G1 Evacuation Pause) 1083M->8M(1804M) 1.070ms
[41.149s][info][gc] GC(236) Pause Young (Normal) (G1 Evacuation Pause) 1083M->8M(1804M) 0.844ms
[41.245s][info][gc] GC(237) Pause Young (Normal) (G1 Evacuation Pause) 1083M->8M(1804M) 1.006ms
[41.339s][info][gc] GC(238) Pause Young (Normal) (G1 Evacuation Pause) 1083M->8M(1804M) 1.154ms
[41.430s][info][gc] GC(239) Pause Young (Normal) (G1 Evacuation Pause) 1083M->8M(1804M) 1.030ms
[41.522s][info][gc] GC(240) Pause Young (Normal) (G1 Evacuation Pause) 1083M->8M(1804M) 0.976ms
[41.613s][info][gc] GC(241) Pause Young (Normal) (G1 Evacuation Pause) 1083M->8M(1804M) 1.047ms
[41.709s][info][gc] GC(242) Pause Young (Normal) (G1 Evacuation Pause) 1084M->8M(1804M) 0.943ms
[41.802s][info][gc] GC(243) Pause Young (Normal) (G1 Evacuation Pause) 1084M->8M(1804M) 1.090ms
[41.895s][info][gc] GC(244) Pause Young (Normal) (G1 Evacuation Pause) 1084M->8M(1804M) 1.213ms
[41.991s][info][gc] GC(245) Pause Young (Normal) (G1 Evacuation Pause) 1084M->8M(1804M) 1.080ms
[42.086s][info][gc] GC(246) Pause Young (Normal) (G1 Evacuation Pause) 1084M->8M(1804M) 1.433ms
[42.178s][info][gc] GC(247) Pause Young (Normal) (G1 Evacuation Pause) 1084M->8M(1804M) 1.113ms
[42.270s][info][gc] GC(248) Pause Young (Normal) (G1 Evacuation Pause) 1084M->8M(1804M) 1.043ms
[42.364s][info][gc] GC(249) Pause Young (Normal) (G1 Evacuation Pause) 1084M->8M(1804M) 1.097ms
[42.457s][info][gc] GC(250) Pause Young (Normal) (G1 Evacuation Pause) 1084M->8M(1804M) 1.052ms
[42.550s][info][gc] GC(251) Pause Young (Normal) (G1 Evacuation Pause) 1084M->8M(1804M) 1.200ms
[42.642s][info][gc] GC(252) Pause Young (Normal) (G1 Evacuation Pause) 1084M->8M(1804M) 1.055ms
[42.737s][info][gc] GC(253) Pause Young (Normal) (G1 Evacuation Pause) 1084M->8M(1804M) 1.120ms
[42.830s][info][gc] GC(254) Pause Young (Normal) (G1 Evacuation Pause) 1084M->8M(1804M) 1.103ms
[42.923s][info][gc] GC(255) Pause Young (Normal) (G1 Evacuation Pause) 1084M->8M(1804M) 1.088ms
[43.016s][info][gc] GC(256) Pause Young (Normal) (G1 Evacuation Pause) 1084M->8M(1804M) 1.011ms
[43.108s][info][gc] GC(257) Pause Young (Normal) (G1 Evacuation Pause) 1084M->8M(1804M) 1.095ms
[43.201s][info][gc] GC(258) Pause Young (Normal) (G1 Evacuation Pause) 1084M->8M(1804M) 1.095ms
[43.294s][info][gc] GC(259) Pause Young (Normal) (G1 Evacuation Pause) 1084M->8M(1804M) 1.114ms
[43.387s][info][gc] GC(260) Pause Young (Normal) (G1 Evacuation Pause) 1084M->8M(1804M) 1.146ms
[43.480s][info][gc] GC(261) Pause Young (Normal) (G1 Evacuation Pause) 1084M->8M(1804M) 1.069ms
[43.576s][info][gc] GC(262) Pause Young (Normal) (G1 Evacuation Pause) 1084M->8M(1804M) 1.044ms
[43.671s][info][gc] GC(263) Pause Young (Normal) (G1 Evacuation Pause) 1084M->8M(1804M) 1.124ms
[43.777s][info][gc] GC(264) Pause Young (Normal) (G1 Evacuation Pause) 1084M->8M(1804M) 0.446ms
[43.876s][info][gc] GC(265) Pause Young (Normal) (G1 Evacuation Pause) 1084M->8M(1804M) 1.121ms
[43.973s][info][gc] GC(266) Pause Young (Normal) (G1 Evacuation Pause) 1084M->8M(1804M) 1.039ms
[44.073s][info][gc] GC(267) Pause Young (Normal) (G1 Evacuation Pause) 1084M->9M(1804M) 1.092ms
[44.175s][info][gc] GC(268) Pause Young (Normal) (G1 Evacuation Pause) 1084M->9M(1804M) 0.862ms
[44.272s][info][gc] GC(269) Pause Young (Normal) (G1 Evacuation Pause) 1084M->9M(1804M) 1.054ms
[44.371s][info][gc] GC(270) Pause Young (Normal) (G1 Evacuation Pause) 1084M->9M(1804M) 1.353ms
[44.472s][info][gc] GC(271) Pause Young (Normal) (G1 Evacuation Pause) 1084M->9M(1804M) 1.045ms
[44.569s][info][gc] GC(272) Pause Young (Normal) (G1 Evacuation Pause) 1084M->9M(1804M) 1.190ms
[44.665s][info][gc] GC(273) Pause Young (Normal) (G1 Evacuation Pause) 1084M->9M(1804M) 1.021ms
[44.762s][info][gc] GC(274) Pause Young (Normal) (G1 Evacuation Pause) 1084M->9M(1804M) 1.368ms
[44.869s][info][gc] GC(275) Pause Young (Normal) (G1 Evacuation Pause) 1084M->9M(1804M) 1.156ms
[44.984s][info][gc] GC(276) Pause Young (Normal) (G1 Evacuation Pause) 1084M->9M(1804M) 1.136ms
[45.089s][info][gc] GC(277) Pause Young (Normal) (G1 Evacuation Pause) 1084M->9M(1804M) 1.129ms
[45.187s][info][gc] GC(278) Pause Young (Normal) (G1 Evacuation Pause) 1084M->9M(1804M) 1.126ms
[45.283s][info][gc] GC(279) Pause Young (Normal) (G1 Evacuation Pause) 1085M->9M(1804M) 1.012ms
[45.386s][info][gc] GC(280) Pause Young (Normal) (G1 Evacuation Pause) 1085M->9M(1804M) 1.144ms
[45.484s][info][gc] GC(281) Pause Young (Normal) (G1 Evacuation Pause) 1085M->9M(1804M) 1.213ms
[45.584s][info][gc] GC(282) Pause Young (Normal) (G1 Evacuation Pause) 1085M->9M(1804M) 1.009ms
[45.686s][info][gc] GC(283) Pause Young (Normal) (G1 Evacuation Pause) 1085M->9M(1804M) 1.179ms
[45.793s][info][gc] GC(284) Pause Young (Normal) (G1 Evacuation Pause) 1085M->9M(1804M) 1.128ms
[45.896s][info][gc] GC(285) Pause Young (Normal) (G1 Evacuation Pause) 1085M->9M(1804M) 1.643ms
[45.998s][info][gc] GC(286) Pause Young (Normal) (G1 Evacuation Pause) 1085M->9M(1804M) 1.762ms
[46.100s][info][gc] GC(287) Pause Young (Normal) (G1 Evacuation Pause) 1085M->9M(1804M) 1.529ms
[46.200s][info][gc] GC(288) Pause Young (Normal) (G1 Evacuation Pause) 1085M->9M(1804M) 1.408ms
[46.300s][info][gc] GC(289) Pause Young (Normal) (G1 Evacuation Pause) 1085M->9M(1804M) 1.408ms
[46.399s][info][gc] GC(290) Pause Young (Normal) (G1 Evacuation Pause) 1085M->9M(1804M) 1.382ms
[46.501s][info][gc] GC(291) Pause Young (Normal) (G1 Evacuation Pause) 1085M->10M(1804M) 1.753ms
[46.603s][info][gc] GC(292) Pause Young (Normal) (G1 Evacuation Pause) 1086M->10M(1804M) 1.579ms
[46.706s][info][gc] GC(293) Pause Young (Normal) (G1 Evacuation Pause) 1086M->10M(1804M) 1.474ms
[46.818s][info][gc] GC(294) Pause Young (Normal) (G1 Evacuation Pause) 1086M->10M(1804M) 1.225ms
[46.939s][info][gc] GC(295) Pause Young (Normal) (G1 Evacuation Pause) 1086M->10M(1804M) 1.596ms
[47.042s][info][gc] GC(296) Pause Young (Normal) (G1 Evacuation Pause) 1086M->10M(1804M) 1.444ms
[47.144s][info][gc] GC(297) Pause Young (Normal) (G1 Evacuation Pause) 1086M->10M(1804M) 1.433ms
[47.250s][info][gc] GC(298) Pause Young (Normal) (G1 Evacuation Pause) 1086M->10M(1804M) 1.426ms
[47.358s][info][gc] GC(299) Pause Young (Normal) (G1 Evacuation Pause) 1086M->10M(1804M) 1.628ms
[47.460s][info][gc] GC(300) Pause Young (Normal) (G1 Evacuation Pause) 1085M->9M(1804M) 1.335ms
[47.562s][info][gc] GC(301) Pause Young (Normal) (G1 Evacuation Pause) 1085M->9M(1804M) 1.556ms
[47.664s][info][gc] GC(302) Pause Young (Normal) (G1 Evacuation Pause) 1085M->9M(1804M) 1.732ms
[47.766s][info][gc] GC(303) Pause Young (Normal) (G1 Evacuation Pause) 1085M->9M(1804M) 1.342ms
[47.868s][info][gc] GC(304) Pause Young (Normal) (G1 Evacuation Pause) 1085M->9M(1804M) 1.241ms
[47.982s][info][gc] GC(305) Pause Young (Normal) (G1 Evacuation Pause) 1085M->9M(1804M) 0.626ms
[48.105s][info][gc] GC(306) Pause Young (Normal) (G1 Evacuation Pause) 1085M->9M(1804M) 0.921ms
[48.219s][info][gc] GC(307) Pause Young (Normal) (G1 Evacuation Pause) 1085M->10M(1804M) 1.484ms
[48.361s][info][gc] GC(308) Pause Young (Normal) (G1 Evacuation Pause) 1397M->9M(1804M) 1.773ms
[48.451s][info][gc] GC(309) Pause Young (Concurrent Start) (G1 Humongous Allocation) 1343M->9M(1804M) 1.801ms
[48.451s][info][gc] GC(310) Concurrent Undo Cycle
[48.459s][info][gc] GC(310) Concurrent Undo Cycle 7.865ms
[48.537s][info][gc] GC(311) Pause Young (Concurrent Start) (G1 Humongous Allocation) 1342M->9M(1804M) 1.364ms
[48.537s][info][gc] GC(312) Concurrent Undo Cycle
[48.539s][info][gc] GC(312) Concurrent Undo Cycle 1.639ms
[48.623s][info][gc] GC(313) Pause Young (Concurrent Start) (G1 Humongous Allocation) 1342M->9M(1804M) 1.622ms
[48.623s][info][gc] GC(314) Concurrent Undo Cycle
[48.626s][info][gc] GC(314) Concurrent Undo Cycle 2.375ms
[48.707s][info][gc] GC(315) Pause Young (Concurrent Start) (G1 Humongous Allocation) 1342M->9M(1804M) 1.688ms
[48.707s][info][gc] GC(316) Concurrent Undo Cycle
[48.709s][info][gc] GC(316) Concurrent Undo Cycle 1.776ms
[48.792s][info][gc] GC(317) Pause Young (Concurrent Start) (G1 Humongous Allocation) 1342M->9M(1804M) 1.425ms
[48.792s][info][gc] GC(318) Concurrent Undo Cycle
[48.793s][info][gc] GC(318) Concurrent Undo Cycle 1.644ms
[48.872s][info][gc] GC(319) Pause Young (Concurrent Start) (G1 Humongous Allocation) 1343M->10M(1804M) 1.694ms
[48.872s][info][gc] GC(320) Concurrent Undo Cycle
[48.874s][info][gc] GC(320) Concurrent Undo Cycle 1.822ms
[48.961s][info][gc] GC(321) Pause Young (Concurrent Start) (G1 Humongous Allocation) 1343M->10M(1804M) 1.568ms
[48.961s][info][gc] GC(322) Concurrent Undo Cycle
[48.963s][info][gc] GC(322) Concurrent Undo Cycle 1.665ms
[49.044s][info][gc] GC(323) Pause Young (Concurrent Start) (G1 Humongous Allocation) 1343M->10M(1804M) 1.377ms
[49.044s][info][gc] GC(324) Concurrent Undo Cycle
[49.046s][info][gc] GC(324) Concurrent Undo Cycle 2.364ms
[49.128s][info][gc] GC(325) Pause Young (Concurrent Start) (G1 Humongous Allocation) 1343M->10M(1804M) 1.062ms
[49.128s][info][gc] GC(326) Concurrent Undo Cycle
[49.129s][info][gc] GC(326) Concurrent Undo Cycle 1.618ms
[49.208s][info][gc] GC(327) Pause Young (Concurrent Start) (G1 Humongous Allocation) 1343M->10M(1804M) 1.602ms
[49.208s][info][gc] GC(328) Concurrent Undo Cycle
[49.210s][info][gc] GC(328) Concurrent Undo Cycle 1.632ms
[49.287s][info][gc] GC(329) Pause Young (Concurrent Start) (G1 Humongous Allocation) 1343M->10M(1804M) 1.552ms
[49.287s][info][gc] GC(330) Concurrent Undo Cycle
[49.289s][info][gc] GC(330) Concurrent Undo Cycle 1.653ms
[49.366s][info][gc] GC(331) Pause Young (Concurrent Start) (G1 Humongous Allocation) 1343M->10M(1804M) 1.745ms
[49.366s][info][gc] GC(332) Concurrent Undo Cycle
[49.368s][info][gc] GC(332) Concurrent Undo Cycle 1.665ms
[49.445s][info][gc] GC(333) Pause Young (Concurrent Start) (G1 Humongous Allocation) 1343M->10M(1804M) 1.531ms
[49.445s][info][gc] GC(334) Concurrent Undo Cycle
[49.447s][info][gc] GC(334) Concurrent Undo Cycle 1.629ms
[49.526s][info][gc] GC(335) Pause Young (Concurrent Start) (G1 Humongous Allocation) 1343M->10M(1804M) 1.619ms
[49.526s][info][gc] GC(336) Concurrent Undo Cycle
[49.527s][info][gc] GC(336) Concurrent Undo Cycle 1.663ms
[49.607s][info][gc] GC(337) Pause Young (Concurrent Start) (G1 Humongous Allocation) 1343M->10M(1804M) 1.494ms
[49.607s][info][gc] GC(338) Concurrent Undo Cycle
[49.609s][info][gc] GC(338) Concurrent Undo Cycle 1.573ms
[49.687s][info][gc] GC(339) Pause Young (Concurrent Start) (G1 Humongous Allocation) 1343M->10M(1804M) 1.591ms
[49.687s][info][gc] GC(340) Concurrent Undo Cycle
[49.689s][info][gc] GC(340) Concurrent Undo Cycle 1.668ms
[49.767s][info][gc] GC(341) Pause Young (Concurrent Start) (G1 Humongous Allocation) 1343M->10M(1804M) 1.476ms
[49.767s][info][gc] GC(342) Concurrent Undo Cycle
[49.769s][info][gc] GC(342) Concurrent Undo Cycle 1.671ms
[49.847s][info][gc] GC(343) Pause Young (Concurrent Start) (G1 Humongous Allocation) 1343M->10M(1804M) 1.558ms
[49.847s][info][gc] GC(344) Concurrent Undo Cycle
[49.849s][info][gc] GC(344) Concurrent Undo Cycle 1.654ms
[49.928s][info][gc] GC(345) Pause Young (Concurrent Start) (G1 Humongous Allocation) 1343M->10M(1804M) 1.539ms
[49.928s][info][gc] GC(346) Concurrent Undo Cycle
[49.929s][info][gc] GC(346) Concurrent Undo Cycle 1.657ms
[50.011s][info][gc] GC(347) Pause Young (Concurrent Start) (G1 Humongous Allocation) 1343M->10M(1804M) 2.363ms
[50.011s][info][gc] GC(348) Concurrent Undo Cycle
[50.013s][info][gc] GC(348) Concurrent Undo Cycle 1.614ms
[50.100s][info][gc] GC(349) Pause Young (Concurrent Start) (G1 Humongous Allocation) 1343M->10M(1804M) 1.612ms
[50.100s][info][gc] GC(350) Concurrent Undo Cycle
[50.102s][info][gc] GC(350) Concurrent Undo Cycle 1.658ms
[50.182s][info][gc] GC(351) Pause Young (Concurrent Start) (G1 Humongous Allocation) 1343M->10M(1804M) 1.582ms
[50.182s][info][gc] GC(352) Concurrent Undo Cycle
[50.184s][info][gc] GC(352) Concurrent Undo Cycle 1.923ms
[50.263s][info][gc] GC(353) Pause Young (Concurrent Start) (G1 Humongous Allocation) 1343M->10M(1804M) 1.526ms
[50.263s][info][gc] GC(354) Concurrent Undo Cycle
[50.264s][info][gc] GC(354) Concurrent Undo Cycle 1.611ms
[50.343s][info][gc] GC(355) Pause Young (Concurrent Start) (G1 Humongous Allocation) 1343M->10M(1804M) 1.659ms
[50.343s][info][gc] GC(356) Concurrent Undo Cycle
[50.345s][info][gc] GC(356) Concurrent Undo Cycle 1.819ms
[50.427s][info][gc] GC(357) Pause Young (Concurrent Start) (G1 Humongous Allocation) 1343M->10M(1804M) 1.375ms
[50.427s][info][gc] GC(358) Concurrent Undo Cycle
[50.429s][info][gc] GC(358) Concurrent Undo Cycle 1.633ms
[50.514s][info][gc] GC(359) Pause Young (Concurrent Start) (G1 Humongous Allocation) 1343M->10M(1804M) 1.510ms
[50.514s][info][gc] GC(360) Concurrent Undo Cycle
[50.515s][info][gc] GC(360) Concurrent Undo Cycle 1.617ms
[50.598s][info][gc] GC(361) Pause Young (Concurrent Start) (G1 Humongous Allocation) 1343M->10M(1804M) 1.463ms
[50.598s][info][gc] GC(362) Concurrent Undo Cycle
[50.600s][info][gc] GC(362) Concurrent Undo Cycle 1.769ms
[50.682s][info][gc] GC(363) Pause Young (Concurrent Start) (G1 Humongous Allocation) 1343M->10M(1804M) 1.560ms
[50.682s][info][gc] GC(364) Concurrent Undo Cycle
[50.684s][info][gc] GC(364) Concurrent Undo Cycle 1.690ms
[50.771s][info][gc] GC(365) Pause Young (Concurrent Start) (G1 Humongous Allocation) 1343M->10M(1804M) 1.095ms
[50.771s][info][gc] GC(366) Concurrent Undo Cycle
[50.773s][info][gc] GC(366) Concurrent Undo Cycle 1.625ms
[50.861s][info][gc] GC(367) Pause Young (Concurrent Start) (G1 Humongous Allocation) 1343M->10M(1804M) 0.990ms
[50.861s][info][gc] GC(368) Concurrent Undo Cycle
[50.862s][info][gc] GC(368) Concurrent Undo Cycle 1.684ms
[50.946s][info][gc] GC(369) Pause Young (Concurrent Start) (G1 Humongous Allocation) 1343M->10M(1804M) 0.646ms
[50.946s][info][gc] GC(370) Concurrent Undo Cycle
[50.948s][info][gc] GC(370) Concurrent Undo Cycle 1.653ms
[51.036s][info][gc] GC(371) Pause Young (Concurrent Start) (G1 Humongous Allocation) 1343M->10M(1804M) 0.835ms
[51.037s][info][gc] GC(372) Concurrent Undo Cycle
[51.038s][info][gc] GC(372) Concurrent Undo Cycle 1.744ms
[51.125s][info][gc] GC(373) Pause Young (Concurrent Start) (G1 Humongous Allocation) 1343M->10M(1804M) 1.849ms
[51.125s][info][gc] GC(374) Concurrent Undo Cycle
[51.127s][info][gc] GC(374) Concurrent Undo Cycle 1.626ms
[51.219s][info][gc] GC(375) Pause Young (Concurrent Start) (G1 Humongous Allocation) 1343M->10M(1804M) 1.577ms
[51.219s][info][gc] GC(376) Concurrent Undo Cycle
[51.221s][info][gc] GC(376) Concurrent Undo Cycle 2.177ms
[51.306s][info][gc] GC(377) Pause Young (Concurrent Start) (G1 Humongous Allocation) 1343M->10M(1804M) 1.617ms
[51.307s][info][gc] GC(378) Concurrent Undo Cycle
[51.308s][info][gc] GC(378) Concurrent Undo Cycle 1.664ms
[51.393s][info][gc] GC(379) Pause Young (Concurrent Start) (G1 Humongous Allocation) 1343M->10M(1804M) 1.459ms
[51.393s][info][gc] GC(380) Concurrent Undo Cycle
[51.395s][info][gc] GC(380) Concurrent Undo Cycle 1.871ms
[51.476s][info][gc] GC(381) Pause Young (Concurrent Start) (G1 Humongous Allocation) 1343M->10M(1804M) 1.437ms
[51.476s][info][gc] GC(382) Concurrent Undo Cycle
[51.478s][info][gc] GC(382) Concurrent Undo Cycle 1.649ms
[51.560s][info][gc] GC(383) Pause Young (Concurrent Start) (G1 Humongous Allocation) 1343M->10M(1804M) 1.720ms
[51.560s][info][gc] GC(384) Concurrent Undo Cycle
[51.562s][info][gc] GC(384) Concurrent Undo Cycle 1.594ms
[51.644s][info][gc] GC(385) Pause Young (Concurrent Start) (G1 Humongous Allocation) 1343M->10M(1804M) 1.509ms
[51.644s][info][gc] GC(386) Concurrent Undo Cycle
[51.646s][info][gc] GC(386) Concurrent Undo Cycle 1.661ms
[51.728s][info][gc] GC(387) Pause Young (Concurrent Start) (G1 Humongous Allocation) 1343M->10M(1804M) 1.593ms
[51.728s][info][gc] GC(388) Concurrent Undo Cycle
[51.730s][info][gc] GC(388) Concurrent Undo Cycle 1.626ms
[51.814s][info][gc] GC(389) Pause Young (Concurrent Start) (G1 Humongous Allocation) 1343M->10M(1804M) 1.415ms
[51.814s][info][gc] GC(390) Concurrent Undo Cycle
[51.816s][info][gc] GC(390) Concurrent Undo Cycle 2.054ms
[51.899s][info][gc] GC(391) Pause Young (Concurrent Start) (G1 Humongous Allocation) 1343M->10M(1804M) 1.539ms
[51.899s][info][gc] GC(392) Concurrent Undo Cycle
[51.900s][info][gc] GC(392) Concurrent Undo Cycle 1.695ms
[51.991s][info][gc] GC(393) Pause Young (Concurrent Start) (G1 Humongous Allocation) 1343M->10M(1804M) 1.487ms
[51.991s][info][gc] GC(394) Concurrent Undo Cycle
[51.993s][info][gc] GC(394) Concurrent Undo Cycle 1.586ms
[52.087s][info][gc] GC(395) Pause Young (Concurrent Start) (G1 Humongous Allocation) 1343M->10M(1804M) 1.307ms
[52.087s][info][gc] GC(396) Concurrent Undo Cycle
[52.089s][info][gc] GC(396) Concurrent Undo Cycle 1.720ms
[52.186s][info][gc] GC(397) Pause Young (Concurrent Start) (G1 Humongous Allocation) 1343M->10M(1804M) 1.121ms
[52.186s][info][gc] GC(398) Concurrent Undo Cycle
[52.189s][info][gc] GC(398) Concurrent Undo Cycle 2.555ms
[52.282s][info][gc] GC(399) Pause Young (Concurrent Start) (G1 Humongous Allocation) 1343M->10M(1804M) 1.756ms
[52.282s][info][gc] GC(400) Concurrent Undo Cycle
[52.285s][info][gc] GC(400) Concurrent Undo Cycle 2.082ms
[52.377s][info][gc] GC(401) Pause Young (Concurrent Start) (G1 Humongous Allocation) 1344M->10M(1804M) 1.494ms
[52.377s][info][gc] GC(402) Concurrent Undo Cycle
[52.379s][info][gc] GC(402) Concurrent Undo Cycle 1.959ms
[52.472s][info][gc] GC(403) Pause Young (Concurrent Start) (G1 Humongous Allocation) 1344M->10M(1804M) 1.275ms
[52.472s][info][gc] GC(404) Concurrent Undo Cycle
[52.474s][info][gc] GC(404) Concurrent Undo Cycle 1.635ms
[52.564s][info][gc] GC(405) Pause Young (Concurrent Start) (G1 Humongous Allocation) 1344M->10M(1804M) 1.431ms
[52.564s][info][gc] GC(406) Concurrent Undo Cycle
[52.566s][info][gc] GC(406) Concurrent Undo Cycle 1.618ms
[52.649s][info][gc] GC(407) Pause Young (Concurrent Start) (G1 Humongous Allocation) 1344M->10M(1804M) 1.329ms
[52.649s][info][gc] GC(408) Concurrent Undo Cycle
[52.651s][info][gc] GC(408) Concurrent Undo Cycle 1.862ms
[52.740s][info][gc] GC(409) Pause Young (Concurrent Start) (G1 Humongous Allocation) 1344M->10M(1804M) 1.492ms
[52.740s][info][gc] GC(410) Concurrent Undo Cycle
[52.741s][info][gc] GC(410) Concurrent Undo Cycle 1.645ms
[52.830s][info][gc] GC(411) Pause Young (Concurrent Start) (G1 Humongous Allocation) 1344M->10M(1804M) 1.472ms
[52.830s][info][gc] GC(412) Concurrent Undo Cycle
[52.832s][info][gc] GC(412) Concurrent Undo Cycle 1.846ms
[52.919s][info][gc] GC(413) Pause Young (Concurrent Start) (G1 Humongous Allocation) 1344M->10M(1804M) 1.776ms
[52.919s][info][gc] GC(414) Concurrent Undo Cycle
[52.921s][info][gc] GC(414) Concurrent Undo Cycle 1.598ms
[53.008s][info][gc] GC(415) Pause Young (Concurrent Start) (G1 Humongous Allocation) 1344M->10M(1804M) 1.450ms
[53.008s][info][gc] GC(416) Concurrent Undo Cycle
[53.010s][info][gc] GC(416) Concurrent Undo Cycle 1.829ms
[53.098s][info][gc] GC(417) Pause Young (Concurrent Start) (G1 Humongous Allocation) 1344M->10M(1804M) 1.498ms
[53.098s][info][gc] GC(418) Concurrent Undo Cycle
[53.099s][info][gc] GC(418) Concurrent Undo Cycle 1.778ms
[53.185s][info][gc] GC(419) Pause Young (Concurrent Start) (G1 Humongous Allocation) 1344M->10M(1804M) 1.385ms
[53.185s][info][gc] GC(420) Concurrent Undo Cycle
[53.187s][info][gc] GC(420) Concurrent Undo Cycle 1.670ms
[53.274s][info][gc] GC(421) Pause Young (Concurrent Start) (G1 Humongous Allocation) 1344M->10M(1804M) 1.693ms
[53.274s][info][gc] GC(422) Concurrent Undo Cycle
[53.276s][info][gc] GC(422) Concurrent Undo Cycle 1.830ms
[53.364s][info][gc] GC(423) Pause Young (Concurrent Start) (G1 Humongous Allocation) 1344M->11M(1804M) 1.588ms
[53.364s][info][gc] GC(424) Concurrent Undo Cycle
[53.365s][info][gc] GC(424) Concurrent Undo Cycle 1.598ms
[53.451s][info][gc] GC(425) Pause Young (Concurrent Start) (G1 Humongous Allocation) 1344M->11M(1804M) 1.582ms
[53.451s][info][gc] GC(426) Concurrent Undo Cycle
[53.452s][info][gc] GC(426) Concurrent Undo Cycle 1.750ms
[53.537s][info][gc] GC(427) Pause Young (Concurrent Start) (G1 Humongous Allocation) 1344M->11M(1804M) 1.573ms
[53.537s][info][gc] GC(428) Concurrent Undo Cycle
[53.539s][info][gc] GC(428) Concurrent Undo Cycle 1.609ms
[53.626s][info][gc] GC(429) Pause Young (Concurrent Start) (G1 Humongous Allocation) 1344M->11M(1804M) 1.475ms
[53.626s][info][gc] GC(430) Concurrent Undo Cycle
[53.628s][info][gc] GC(430) Concurrent Undo Cycle 1.605ms
[53.717s][info][gc] GC(431) Pause Young (Concurrent Start) (G1 Humongous Allocation) 1344M->11M(1804M) 1.046ms
[53.717s][info][gc] GC(432) Concurrent Undo Cycle
[53.719s][info][gc] GC(432) Concurrent Undo Cycle 2.066ms
[53.805s][info][gc] GC(433) Pause Young (Concurrent Start) (G1 Humongous Allocation) 1344M->11M(1804M) 1.640ms
[53.805s][info][gc] GC(434) Concurrent Undo Cycle
[53.807s][info][gc] GC(434) Concurrent Undo Cycle 1.669ms
[53.896s][info][gc] GC(435) Pause Young (Concurrent Start) (G1 Humongous Allocation) 1344M->11M(1804M) 1.265ms
[53.897s][info][gc] GC(436) Concurrent Undo Cycle
[53.898s][info][gc] GC(436) Concurrent Undo Cycle 1.766ms
[53.986s][info][gc] GC(437) Pause Young (Concurrent Start) (G1 Humongous Allocation) 1344M->11M(1804M) 1.610ms
[53.986s][info][gc] GC(438) Concurrent Undo Cycle
[53.988s][info][gc] GC(438) Concurrent Undo Cycle 1.867ms
[54.076s][info][gc] GC(439) Pause Young (Concurrent Start) (G1 Humongous Allocation) 1344M->11M(1804M) 1.502ms
[54.076s][info][gc] GC(440) Concurrent Undo Cycle
[54.078s][info][gc] GC(440) Concurrent Undo Cycle 1.605ms
[54.168s][info][gc] GC(441) Pause Young (Concurrent Start) (G1 Humongous Allocation) 1344M->11M(1804M) 1.179ms
[54.168s][info][gc] GC(442) Concurrent Undo Cycle
[54.170s][info][gc] GC(442) Concurrent Undo Cycle 2.103ms
[54.263s][info][gc] GC(443) Pause Young (Concurrent Start) (G1 Humongous Allocation) 1344M->11M(1804M) 1.438ms
[54.263s][info][gc] GC(444) Concurrent Undo Cycle
[54.264s][info][gc] GC(444) Concurrent Undo Cycle 1.640ms
[54.354s][info][gc] GC(445) Pause Young (Concurrent Start) (G1 Humongous Allocation) 1344M->11M(1804M) 0.940ms
[54.354s][info][gc] GC(446) Concurrent Undo Cycle
[54.356s][info][gc] GC(446) Concurrent Undo Cycle 1.595ms
[54.449s][info][gc] GC(447) Pause Young (Concurrent Start) (G1 Humongous Allocation) 1344M->11M(1804M) 1.615ms
[54.449s][info][gc] GC(448) Concurrent Undo Cycle
[54.450s][info][gc] GC(448) Concurrent Undo Cycle 1.613ms
[54.539s][info][gc] GC(449) Pause Young (Concurrent Start) (G1 Humongous Allocation) 1344M->11M(1804M) 1.570ms
[54.539s][info][gc] GC(450) Concurrent Undo Cycle
[54.541s][info][gc] GC(450) Concurrent Undo Cycle 1.626ms
[54.627s][info][gc] GC(451) Pause Young (Concurrent Start) (G1 Humongous Allocation) 1344M->11M(1804M) 1.361ms
[54.627s][info][gc] GC(452) Concurrent Undo Cycle
[54.629s][info][gc] GC(452) Concurrent Undo Cycle 1.754ms
[54.716s][info][gc] GC(453) Pause Young (Concurrent Start) (G1 Humongous Allocation) 1344M->11M(1804M) 1.678ms
[54.716s][info][gc] GC(454) Concurrent Undo Cycle
[54.718s][info][gc] GC(454) Concurrent Undo Cycle 1.916ms
[54.807s][info][gc] GC(455) Pause Young (Concurrent Start) (G1 Humongous Allocation) 1344M->11M(1804M) 1.749ms
[54.807s][info][gc] GC(456) Concurrent Undo Cycle
[54.808s][info][gc] GC(456) Concurrent Undo Cycle 1.649ms
[54.897s][info][gc] GC(457) Pause Young (Concurrent Start) (G1 Humongous Allocation) 1344M->11M(1804M) 1.463ms
[54.897s][info][gc] GC(458) Concurrent Undo Cycle
[54.899s][info][gc] GC(458) Concurrent Undo Cycle 1.914ms
[54.989s][info][gc] GC(459) Pause Young (Concurrent Start) (G1 Humongous Allocation) 1344M->11M(1804M) 1.724ms
[54.989s][info][gc] GC(460) Concurrent Undo Cycle
[54.991s][info][gc] GC(460) Concurrent Undo Cycle 1.661ms
[55.080s][info][gc] GC(461) Pause Young (Concurrent Start) (G1 Humongous Allocation) 1344M->11M(1804M) 1.104ms
[55.080s][info][gc] GC(462) Concurrent Undo Cycle
[55.082s][info][gc] GC(462) Concurrent Undo Cycle 1.907ms
[55.186s][info][gc] GC(463) Pause Young (Concurrent Start) (G1 Humongous Allocation) 1344M->11M(1804M) 1.291ms
[55.186s][info][gc] GC(464) Concurrent Undo Cycle
[55.188s][info][gc] GC(464) Concurrent Undo Cycle 1.784ms
[55.276s][info][gc] GC(465) Pause Young (Concurrent Start) (G1 Humongous Allocation) 1344M->11M(1804M) 1.646ms
[55.276s][info][gc] GC(466) Concurrent Undo Cycle
[55.278s][info][gc] GC(466) Concurrent Undo Cycle 1.781ms
[55.363s][info][gc] GC(467) Pause Young (Concurrent Start) (G1 Humongous Allocation) 1344M->11M(1804M) 1.697ms
[55.364s][info][gc] GC(468) Concurrent Undo Cycle
[55.365s][info][gc] GC(468) Concurrent Undo Cycle 1.618ms
[55.451s][info][gc] GC(469) Pause Young (Concurrent Start) (G1 Humongous Allocation) 1344M->11M(1804M) 1.594ms
[55.451s][info][gc] GC(470) Concurrent Undo Cycle
[55.453s][info][gc] GC(470) Concurrent Undo Cycle 1.884ms
[55.541s][info][gc] GC(471) Pause Young (Concurrent Start) (G1 Humongous Allocation) 1344M->11M(1804M) 1.649ms
[55.542s][info][gc] GC(472) Concurrent Undo Cycle
[55.543s][info][gc] GC(472) Concurrent Undo Cycle 1.587ms
[55.630s][info][gc] GC(473) Pause Young (Concurrent Start) (G1 Humongous Allocation) 1344M->11M(1804M) 1.510ms
[55.631s][info][gc] GC(474) Concurrent Undo Cycle
[55.632s][info][gc] GC(474) Concurrent Undo Cycle 1.568ms
[55.718s][info][gc] GC(475) Pause Young (Concurrent Start) (G1 Humongous Allocation) 1344M->11M(1804M) 1.720ms
[55.719s][info][gc] GC(476) Concurrent Undo Cycle
[55.720s][info][gc] GC(476) Concurrent Undo Cycle 1.654ms
[55.806s][info][gc] GC(477) Pause Young (Concurrent Start) (G1 Humongous Allocation) 1344M->11M(1804M) 1.727ms
[55.806s][info][gc] GC(478) Concurrent Undo Cycle
[55.808s][info][gc] GC(478) Concurrent Undo Cycle 1.645ms
[55.895s][info][gc] GC(479) Pause Young (Concurrent Start) (G1 Humongous Allocation) 1344M->11M(1804M) 1.489ms
[55.895s][info][gc] GC(480) Concurrent Undo Cycle
[55.896s][info][gc] GC(480) Concurrent Undo Cycle 1.666ms
[56.018s][info][gc] GC(481) Pause Young (Concurrent Start) (G1 Humongous Allocation) 1344M->11M(1804M) 1.794ms
[56.018s][info][gc] GC(482) Concurrent Undo Cycle
[56.020s][info][gc] GC(482) Concurrent Undo Cycle 2.266ms
[56.154s][info][gc] GC(483) Pause Young (Concurrent Start) (G1 Humongous Allocation) 1344M->11M(1804M) 1.708ms
[56.154s][info][gc] GC(484) Concurrent Undo Cycle
[56.156s][info][gc] GC(484) Concurrent Undo Cycle 1.735ms
[56.244s][info][gc] GC(485) Pause Young (Concurrent Start) (G1 Humongous Allocation) 1344M->11M(1804M) 1.324ms
[56.244s][info][gc] GC(486) Concurrent Undo Cycle
[56.246s][info][gc] GC(486) Concurrent Undo Cycle 1.815ms
[56.342s][info][gc] GC(487) Pause Young (Concurrent Start) (G1 Humongous Allocation) 1344M->11M(1804M) 1.858ms
[56.342s][info][gc] GC(488) Concurrent Undo Cycle
[56.344s][info][gc] GC(488) Concurrent Undo Cycle 1.880ms
[56.436s][info][gc] GC(489) Pause Young (Concurrent Start) (G1 Humongous Allocation) 1344M->11M(1804M) 1.602ms
[56.436s][info][gc] GC(490) Concurrent Undo Cycle
[56.438s][info][gc] GC(490) Concurrent Undo Cycle 2.309ms
[56.576s][info][gc] GC(491) Pause Young (Concurrent Start) (G1 Humongous Allocation) 1345M->11M(1804M) 1.988ms
[56.576s][info][gc] GC(492) Concurrent Undo Cycle
[56.578s][info][gc] GC(492) Concurrent Undo Cycle 2.208ms
[56.676s][info][gc] GC(493) Pause Young (Concurrent Start) (G1 Humongous Allocation) 1345M->11M(1804M) 1.549ms
[56.676s][info][gc] GC(494) Concurrent Undo Cycle
[56.678s][info][gc] GC(494) Concurrent Undo Cycle 1.632ms
[56.765s][info][gc] GC(495) Pause Young (Concurrent Start) (G1 Humongous Allocation) 1345M->11M(1804M) 1.567ms
[56.765s][info][gc] GC(496) Concurrent Undo Cycle
[56.767s][info][gc] GC(496) Concurrent Undo Cycle 1.599ms
[56.853s][info][gc] GC(497) Pause Young (Concurrent Start) (G1 Humongous Allocation) 1345M->11M(1804M) 1.579ms
[56.853s][info][gc] GC(498) Concurrent Undo Cycle
[56.855s][info][gc] GC(498) Concurrent Undo Cycle 1.617ms
[56.943s][info][gc] GC(499) Pause Young (Concurrent Start) (G1 Humongous Allocation) 1345M->11M(1804M) 1.582ms
[56.943s][info][gc] GC(500) Concurrent Undo Cycle
[56.944s][info][gc] GC(500) Concurrent Undo Cycle 1.705ms
[57.050s][info][gc] GC(501) Pause Young (Concurrent Start) (G1 Humongous Allocation) 1345M->11M(1804M) 1.538ms
[57.050s][info][gc] GC(502) Concurrent Undo Cycle
[57.052s][info][gc] GC(502) Concurrent Undo Cycle 2.020ms
[57.208s][info][gc] GC(503) Pause Young (Concurrent Start) (G1 Humongous Allocation) 1345M->11M(1804M) 1.551ms
[57.208s][info][gc] GC(504) Concurrent Undo Cycle
[57.209s][info][gc] GC(504) Concurrent Undo Cycle 1.595ms
[57.311s][info][gc] GC(505) Pause Young (Concurrent Start) (G1 Humongous Allocation) 1345M->11M(1804M) 1.511ms
[57.311s][info][gc] GC(506) Concurrent Undo Cycle
[57.313s][info][gc] GC(506) Concurrent Undo Cycle 1.986ms
[57.401s][info][gc] GC(507) Pause Young (Concurrent Start) (G1 Humongous Allocation) 1345M->11M(1804M) 1.780ms
[57.401s][info][gc] GC(508) Concurrent Undo Cycle
[57.403s][info][gc] GC(508) Concurrent Undo Cycle 1.585ms
[57.495s][info][gc] GC(509) Pause Young (Concurrent Start) (G1 Humongous Allocation) 1345M->11M(1804M) 1.663ms
[57.495s][info][gc] GC(510) Concurrent Undo Cycle
[57.496s][info][gc] GC(510) Concurrent Undo Cycle 1.555ms
[57.586s][info][gc] GC(511) Pause Young (Concurrent Start) (G1 Humongous Allocation) 1345M->11M(1804M) 1.573ms
[57.586s][info][gc] GC(512) Concurrent Undo Cycle
[57.588s][info][gc] GC(512) Concurrent Undo Cycle 1.720ms
[57.676s][info][gc] GC(513) Pause Young (Concurrent Start) (G1 Humongous Allocation) 1345M->11M(1804M) 1.538ms
[57.676s][info][gc] GC(514) Concurrent Undo Cycle
[57.678s][info][gc] GC(514) Concurrent Undo Cycle 1.664ms
[57.766s][info][gc] GC(515) Pause Young (Concurrent Start) (G1 Humongous Allocation) 1345M->11M(1804M) 1.412ms
[57.766s][info][gc] GC(516) Concurrent Undo Cycle
[57.768s][info][gc] GC(516) Concurrent Undo Cycle 1.767ms
[57.856s][info][gc] GC(517) Pause Young (Concurrent Start) (G1 Humongous Allocation) 1345M->11M(1804M) 1.522ms
[57.857s][info][gc] GC(518) Concurrent Undo Cycle
[57.858s][info][gc] GC(518) Concurrent Undo Cycle 1.569ms
[57.947s][info][gc] GC(519) Pause Young (Concurrent Start) (G1 Humongous Allocation) 1345M->11M(1804M) 1.486ms
[57.947s][info][gc] GC(520) Concurrent Undo Cycle
[57.949s][info][gc] GC(520) Concurrent Undo Cycle 1.590ms
[58.043s][info][gc] GC(521) Pause Young (Concurrent Start) (G1 Humongous Allocation) 1345M->11M(1804M) 1.257ms
[58.043s][info][gc] GC(522) Concurrent Undo Cycle
[58.046s][info][gc] GC(522) Concurrent Undo Cycle 3.637ms
[58.149s][info][gc] GC(523) Pause Young (Concurrent Start) (G1 Humongous Allocation) 1345M->11M(1804M) 1.559ms
[58.149s][info][gc] GC(524) Concurrent Undo Cycle
[58.151s][info][gc] GC(524) Concurrent Undo Cycle 1.685ms
