[0.019s][info][gc] Using G1
[0.295s][info][safepoint] Safepoint "ICBufferFull", Time since last: 253509252 ns, Reaching safepoint: 412303 ns, At safepoint: 143849 ns, Total: 556152 ns
[0.439s][info][gc       ] GC(0) Pause Young (Normal) (G1 Evacuation Pause) 23M->12M(408M) 11.635ms
[0.440s][info][safepoint] Safepoint "G1CollectForAllocation", Time since last: 131920968 ns, Reaching safepoint: 199798 ns, At safepoint: 12487249 ns, Total: 12687047 ns
[0.457s][info][gc       ] GC(1) Pause Young (Normal) (G1 Evacuation Pause) 28M->22M(408M) 8.916ms
[0.458s][info][safepoint] Safepoint "G1CollectForAllocation", Time since last: 8183401 ns, Reaching safepoint: 274724 ns, At safepoint: 9622415 ns, Total: 9897139 ns
[0.484s][info][gc       ] GC(2) Pause Young (Normal) (G1 Evacuation Pause) 50M->47M(408M) 12.301ms
[0.485s][info][safepoint] Safepoint "G1CollectForAllocation", Time since last: 13470601 ns, Reaching safepoint: 248956 ns, At safepoint: 13052101 ns, Total: 13301057 ns
[0.524s][info][gc       ] GC(3) Pause Young (Normal) (G1 Evacuation Pause) 79M->81M(408M) 21.145ms
[0.525s][info][safepoint] Safepoint "G1CollectForAllocation", Time since last: 18228781 ns, Reaching safepoint: 221157 ns, At safepoint: 21733505 ns, Total: 21954662 ns
[0.561s][info][gc       ] GC(4) Pause Young (Normal) (G1 Evacuation Pause) 125M->126M(1224M) 20.338ms
[0.561s][info][safepoint] Safepoint "G1CollectForAllocation", Time since last: 15204049 ns, Reaching safepoint: 402752 ns, At safepoint: 20942578 ns, Total: 21345330 ns
[0.627s][info][gc       ] GC(5) Pause Young (Normal) (G1 Evacuation Pause) 186M->190M(1224M) 25.526ms
[0.628s][info][safepoint] Safepoint "G1CollectForAllocation", Time since last: 39193254 ns, Reaching safepoint: 709050 ns, At safepoint: 26402644 ns, Total: 27111694 ns
[0.675s][info][gc       ] GC(6) Pause Young (Normal) (G1 Evacuation Pause) 254M->259M(1224M) 24.497ms
[0.675s][info][safepoint] Safepoint "G1CollectForAllocation", Time since last: 22241666 ns, Reaching safepoint: 221582 ns, At safepoint: 25226176 ns, Total: 25447758 ns
[0.738s][info][gc       ] GC(7) Pause Young (Normal) (G1 Evacuation Pause) 343M->349M(1224M) 30.032ms
[0.738s][info][safepoint] Safepoint "G1CollectForAllocation", Time since last: 31786401 ns, Reaching safepoint: 582685 ns, At safepoint: 30704528 ns, Total: 31287213 ns
[0.808s][info][gc       ] GC(8) Pause Young (Normal) (G1 Evacuation Pause) 433M->439M(3280M) 34.652ms
[0.809s][info][safepoint] Safepoint "G1CollectForAllocation", Time since last: 34315752 ns, Reaching safepoint: 521987 ns, At safepoint: 35419168 ns, Total: 35941155 ns
[1.068s][info][gc       ] GC(9) Pause Young (Normal) (G1 Evacuation Pause) 615M->623M(3280M) 78.802ms
[1.069s][info][safepoint] Safepoint "G1CollectForAllocation", Time since last: 179980397 ns, Reaching safepoint: 579729 ns, At safepoint: 79394462 ns, Total: 79974191 ns
[1.248s][info][gc       ] GC(10) Pause Young (Normal) (G1 Evacuation Pause) 779M->779M(3280M) 77.804ms
[1.249s][info][safepoint] Safepoint "G1CollectForAllocation", Time since last: 101594427 ns, Reaching safepoint: 203471 ns, At safepoint: 78235702 ns, Total: 78439173 ns
[1.387s][info][gc       ] GC(11) Pause Young (Normal) (G1 Evacuation Pause) 939M->953M(3280M) 69.076ms
[1.387s][info][safepoint] Safepoint "G1CollectForAllocation", Time since last: 68979456 ns, Reaching safepoint: 297871 ns, At safepoint: 69510309 ns, Total: 69808180 ns
[1.529s][info][gc       ] GC(12) Pause Young (Normal) (G1 Evacuation Pause) 1133M->1145M(4512M) 63.462ms
[1.530s][info][safepoint] Safepoint "G1CollectForAllocation", Time since last: 78278432 ns, Reaching safepoint: 231819 ns, At safepoint: 64056560 ns, Total: 64288379 ns
[1.806s][info][gc       ] GC(13) Pause Young (Normal) (G1 Evacuation Pause) 1349M->1345M(4512M) 80.707ms
[1.807s][info][safepoint] Safepoint "G1CollectForAllocation", Time since last: 195183296 ns, Reaching safepoint: 365207 ns, At safepoint: 81144126 ns, Total: 81509333 ns
[1.967s][info][gc       ] GC(14) Pause Young (Normal) (G1 Evacuation Pause) 1573M->1587M(4512M) 80.326ms
[1.968s][info][safepoint] Safepoint "G1CollectForAllocation", Time since last: 79706117 ns, Reaching safepoint: 387441 ns, At safepoint: 80820560 ns, Total: 81208001 ns
[2.110s][info][gc       ] GC(15) Pause Young (Normal) (G1 Evacuation Pause) 1823M->1839M(4512M) 74.746ms
[2.111s][info][safepoint] Safepoint "G1CollectForAllocation", Time since last: 67252131 ns, Reaching safepoint: 465000 ns, At safepoint: 75204081 ns, Total: 75669081 ns
[2.362s][info][gc       ] GC(16) Pause Young (Normal) (G1 Evacuation Pause) 2051M->2053M(5252M) 89.144ms
[2.363s][info][safepoint] Safepoint "G1CollectForAllocation", Time since last: 162397554 ns, Reaching safepoint: 307622 ns, At safepoint: 89591046 ns, Total: 89898668 ns
[2.585s][info][gc       ] GC(17) Pause Young (Normal) (G1 Evacuation Pause) 2321M->2335M(5252M) 91.310ms
[2.585s][info][safepoint] Safepoint "G1CollectForAllocation", Time since last: 130172666 ns, Reaching safepoint: 239875 ns, At safepoint: 91895485 ns, Total: 92135360 ns
[2.832s][info][gc       ] GC(18) Pause Young (Normal) (G1 Evacuation Pause) 2583M->2569M(5252M) 94.396ms
[2.832s][info][safepoint] Safepoint "G1CollectForAllocation", Time since last: 151999674 ns, Reaching safepoint: 280957 ns, At safepoint: 94871146 ns, Total: 95152103 ns
[2.870s][info][gc       ] GC(19) Pause Young (Concurrent Start) (G1 Humongous Allocation) 2591M->2611M(5252M) 30.377ms
[2.870s][info][gc       ] GC(20) Concurrent Mark Cycle
[2.870s][info][safepoint] Safepoint "G1TryInitiateConcMark", Time since last: 6778554 ns, Reaching safepoint: 324966 ns, At safepoint: 31002862 ns, Total: 31327828 ns
[2.895s][info][gc       ] GC(20) Pause Remark 2683M->223M(760M) 2.839ms
[2.895s][info][safepoint] Safepoint "G1Concurrent", Time since last: 21118746 ns, Reaching safepoint: 672321 ns, At safepoint: 3216613 ns, Total: 3888934 ns
[2.922s][info][gc       ] GC(20) Pause Cleanup 295M->295M(760M) 0.211ms
[2.923s][info][safepoint] Safepoint "G1Concurrent", Time since last: 26368168 ns, Reaching safepoint: 356800 ns, At safepoint: 542672 ns, Total: 899472 ns
[2.925s][info][gc       ] GC(20) Concurrent Mark Cycle 54.526ms
[3.116s][info][gc       ] GC(21) Pause Young (Prepare Mixed) (G1 Evacuation Pause) 439M->443M(760M) 132.723ms
[3.116s][info][safepoint] Safepoint "G1CollectForAllocation", Time since last: 59810403 ns, Reaching safepoint: 306072 ns, At safepoint: 133140990 ns, Total: 133447062 ns
[3.160s][info][gc       ] GC(22) Pause Young (Mixed) (G1 Evacuation Pause) 447M->447M(2280M) 41.085ms
[3.160s][info][safepoint] Safepoint "G1CollectForAllocation", Time since last: 2537407 ns, Reaching safepoint: 354202 ns, At safepoint: 41560358 ns, Total: 41914560 ns
[3.374s][info][gc       ] GC(23) Pause Young (Normal) (G1 Evacuation Pause) 683M->685M(2280M) 70.340ms
[3.374s][info][safepoint] Safepoint "G1CollectForAllocation", Time since last: 141848006 ns, Reaching safepoint: 970573 ns, At safepoint: 71157510 ns, Total: 72128083 ns
[3.631s][info][gc       ] GC(24) Pause Young (Normal) (G1 Evacuation Pause) 969M->977M(2280M) 110.185ms
[3.631s][info][safepoint] Safepoint "G1CollectForAllocation", Time since last: 145921965 ns, Reaching safepoint: 238645 ns, At safepoint: 110590608 ns, Total: 110829253 ns
[3.746s][info][gc       ] GC(25) Pause Young (Normal) (G1 Evacuation Pause) 1133M->1149M(2280M) 57.905ms
[3.746s][info][safepoint] Safepoint "G1CollectForAllocation", Time since last: 56334281 ns, Reaching safepoint: 283951 ns, At safepoint: 58289996 ns, Total: 58573947 ns
[3.781s][info][gc       ] GC(26) Pause Young (Concurrent Start) (G1 Humongous Allocation) 1191M->1205M(3912M) 22.939ms
[3.781s][info][safepoint] Safepoint "G1TryInitiateConcMark", Time since last: 11541086 ns, Reaching safepoint: 315855 ns, At safepoint: 23462249 ns, Total: 23778104 ns
[3.781s][info][gc       ] GC(27) Concurrent Undo Cycle
[3.787s][info][gc       ] GC(27) Concurrent Undo Cycle 5.209ms
[4.074s][info][gc       ] GC(28) Pause Young (Normal) (G1 Evacuation Pause) 1505M->1489M(3912M) 104.769ms
[4.074s][info][safepoint] Safepoint "G1CollectForAllocation", Time since last: 187301744 ns, Reaching safepoint: 246109 ns, At safepoint: 105275815 ns, Total: 105521924 ns
[4.240s][info][gc       ] GC(29) Pause Young (Normal) (G1 Evacuation Pause) 1717M->1733M(3912M) 84.232ms
[4.241s][info][safepoint] Safepoint "G1CollectForAllocation", Time since last: 81198562 ns, Reaching safepoint: 546977 ns, At safepoint: 84624424 ns, Total: 85171401 ns
[4.493s][info][gc       ] GC(30) Pause Young (Normal) (G1 Evacuation Pause) 2017M->1997M(3912M) 92.726ms
[4.493s][info][safepoint] Safepoint "G1CollectForAllocation", Time since last: 159338622 ns, Reaching safepoint: 284560 ns, At safepoint: 93296713 ns, Total: 93581273 ns
[4.535s][info][gc       ] GC(31) Pause Young (Concurrent Start) (G1 Humongous Allocation) 2019M->2035M(4892M) 31.868ms
[4.535s][info][gc       ] GC(32) Concurrent Undo Cycle
[4.536s][info][safepoint] Safepoint "G1TryInitiateConcMark", Time since last: 9374298 ns, Reaching safepoint: 312362 ns, At safepoint: 32543718 ns, Total: 32856080 ns
[4.539s][info][gc       ] GC(32) Concurrent Undo Cycle 3.319ms
[4.974s][info][gc       ] GC(33) Pause Young (Normal) (G1 Evacuation Pause) 2567M->2539M(4892M) 175.239ms
[4.974s][info][safepoint] Safepoint "G1CollectForAllocation", Time since last: 262382857 ns, Reaching safepoint: 286252 ns, At safepoint: 175889514 ns, Total: 176175766 ns
[5.108s][info][gc       ] GC(34) Pause Young (Concurrent Start) (G1 Humongous Allocation) 2621M->2623M(4892M) 56.655ms
[5.109s][info][gc       ] GC(35) Concurrent Mark Cycle
[5.109s][info][safepoint] Safepoint "G1TryInitiateConcMark", Time since last: 76982107 ns, Reaching safepoint: 347579 ns, At safepoint: 57073102 ns, Total: 57420681 ns
[5.151s][info][gc       ] GC(35) Pause Remark 2673M->241M(828M) 2.912ms
[5.151s][info][safepoint] Safepoint "G1Concurrent", Time since last: 38464775 ns, Reaching safepoint: 512026 ns, At safepoint: 3587992 ns, Total: 4100018 ns
[5.181s][info][gc       ] GC(35) Pause Cleanup 337M->337M(828M) 0.236ms
[5.181s][info][safepoint] Safepoint "G1Concurrent", Time since last: 28590963 ns, Reaching safepoint: 578819 ns, At safepoint: 594807 ns, Total: 1173626 ns
[5.193s][info][gc       ] GC(35) Concurrent Mark Cycle 84.595ms
[5.312s][info][gc       ] GC(36) Pause Young (Prepare Mixed) (G1 Preventive Collection) 495M->469M(828M) 84.214ms
[5.312s][info][safepoint] Safepoint "G1CollectForAllocation", Time since last: 46165804 ns, Reaching safepoint: 443426 ns, At safepoint: 84634919 ns, Total: 85078345 ns
[5.332s][info][gc       ] GC(37) Pause Young (Mixed) (G1 Evacuation Pause) 473M->483M(828M) 16.716ms
[5.332s][info][safepoint] Safepoint "G1CollectForAllocation", Time since last: 2658460 ns, Reaching safepoint: 483148 ns, At safepoint: 17118415 ns, Total: 17601563 ns
[5.380s][info][gc       ] GC(38) Pause Young (Concurrent Start) (G1 Evacuation Pause) 559M->561M(2484M) 26.204ms
[5.380s][info][gc       ] GC(39) Concurrent Mark Cycle
[5.380s][info][safepoint] Safepoint "G1CollectForAllocation", Time since last: 20720056 ns, Reaching safepoint: 325931 ns, At safepoint: 26740973 ns, Total: 27066904 ns
[5.460s][info][gc       ] GC(39) Pause Remark 609M->513M(1736M) 62.887ms
[5.460s][info][safepoint] Safepoint "G1Concurrent", Time since last: 16095713 ns, Reaching safepoint: 870618 ns, At safepoint: 63257016 ns, Total: 64127634 ns
[5.642s][info][gc       ] GC(39) Pause Cleanup 823M->823M(1736M) 0.272ms
[5.642s][info][safepoint] Safepoint "G1Concurrent", Time since last: 180668874 ns, Reaching safepoint: 482984 ns, At safepoint: 580591 ns, Total: 1063575 ns
[5.644s][info][gc       ] GC(39) Concurrent Mark Cycle 263.387ms
[5.799s][info][gc       ] GC(40) Pause Young (Prepare Mixed) (G1 Evacuation Pause) 905M->889M(1736M) 133.038ms
[5.800s][info][safepoint] Safepoint "G1CollectForAllocation", Time since last: 23804824 ns, Reaching safepoint: 336353 ns, At safepoint: 133478610 ns, Total: 133814963 ns
[5.859s][info][gc       ] GC(41) Pause Young (Mixed) (G1 Evacuation Pause) 921M->919M(1736M) 39.017ms
[5.860s][info][safepoint] Safepoint "G1CollectForAllocation", Time since last: 19907717 ns, Reaching safepoint: 303459 ns, At safepoint: 39608627 ns, Total: 39912086 ns
[5.983s][info][gc       ] GC(42) Pause Young (Concurrent Start) (G1 Evacuation Pause) 1151M->1160M(1736M) 61.388ms
[5.984s][info][gc       ] GC(43) Concurrent Mark Cycle
[5.984s][info][safepoint] Safepoint "G1CollectForAllocation", Time since last: 61943292 ns, Reaching safepoint: 236268 ns, At safepoint: 61927826 ns, Total: 62164094 ns
[6.213s][info][gc       ] GC(44) Pause Young (Normal) (G1 Evacuation Pause) 1276M->1279M(1736M) 63.332ms
[6.214s][info][safepoint] Safepoint "G1CollectForAllocation", Time since last: 165719059 ns, Reaching safepoint: 326539 ns, At safepoint: 63908234 ns, Total: 64234773 ns
[6.256s][info][gc       ] GC(43) Pause Remark 1326M->837M(1736M) 1.525ms
[6.257s][info][safepoint] Safepoint "G1Concurrent", Time since last: 40618110 ns, Reaching safepoint: 287422 ns, At safepoint: 2004255 ns, Total: 2291677 ns
[6.308s][info][gc       ] GC(45) Pause Young (Normal) (G1 Evacuation Pause) 885M->895M(1736M) 37.586ms
[6.308s][info][safepoint] Safepoint "G1CollectForAllocation", Time since last: 13294587 ns, Reaching safepoint: 350813 ns, At safepoint: 38058357 ns, Total: 38409170 ns
[6.462s][info][gc       ] GC(46) Pause Young (Normal) (G1 Evacuation Pause) 1135M->1143M(3588M) 84.964ms
[6.462s][info][safepoint] Safepoint "G1CollectForAllocation", Time since last: 68171318 ns, Reaching safepoint: 282073 ns, At safepoint: 85397650 ns, Total: 85679723 ns
[6.503s][info][gc       ] GC(43) Pause Cleanup 1275M->1275M(3588M) 0.343ms
[6.503s][info][safepoint] Safepoint "G1Concurrent", Time since last: 39488813 ns, Reaching safepoint: 890573 ns, At safepoint: 585307 ns, Total: 1475880 ns
[6.507s][info][gc       ] GC(43) Concurrent Mark Cycle 523.480ms
[6.751s][info][gc       ] GC(47) Pause Young (Prepare Mixed) (G1 Evacuation Pause) 1463M->1443M(3588M) 112.516ms
[6.751s][info][safepoint] Safepoint "G1CollectForAllocation", Time since last: 134731066 ns, Reaching safepoint: 342113 ns, At safepoint: 112890907 ns, Total: 113233020 ns
[6.900s][info][gc       ] GC(48) Pause Young (Mixed) (G1 Evacuation Pause) 1611M->1581M(3588M) 86.907ms
[6.901s][info][safepoint] Safepoint "G1CollectForAllocation", Time since last: 61731493 ns, Reaching safepoint: 627461 ns, At safepoint: 87382188 ns, Total: 88009649 ns
[7.201s][info][gc       ] GC(49) Pause Young (Normal) (G1 Evacuation Pause) 1981M->1941M(3588M) 117.351ms
[7.201s][info][safepoint] Safepoint "G1CollectForAllocation", Time since last: 181990146 ns, Reaching safepoint: 680166 ns, At safepoint: 117859632 ns, Total: 118539798 ns
[7.519s][info][gc       ] GC(50) Pause Young (Normal) (G1 Evacuation Pause) 2401M->2409M(3588M) 169.597ms
[7.519s][info][safepoint] Safepoint "G1CollectForAllocation", Time since last: 147614896 ns, Reaching safepoint: 310794 ns, At safepoint: 169985964 ns, Total: 170296758 ns
[7.836s][info][gc       ] GC(51) Pause Young (Normal) (G1 Evacuation Pause) 2677M->2665M(4700M) 128.669ms
[7.836s][info][safepoint] Safepoint "G1CollectForAllocation", Time since last: 187319838 ns, Reaching safepoint: 230135 ns, At safepoint: 129089871 ns, Total: 129320006 ns
[8.228s][info][gc       ] GC(52) Pause Young (Normal) (G1 Evacuation Pause) 3057M->3075M(4700M) 156.545ms
[8.228s][info][safepoint] Safepoint "G1CollectForAllocation", Time since last: 234968188 ns, Reaching safepoint: 327289 ns, At safepoint: 157023341 ns, Total: 157350630 ns
[8.575s][info][gc       ] GC(53) Pause Young (Normal) (G1 Evacuation Pause) 3439M->3433M(4700M) 144.831ms
[8.576s][info][safepoint] Safepoint "G1CollectForAllocation", Time since last: 201625331 ns, Reaching safepoint: 490492 ns, At safepoint: 145316399 ns, Total: 145806891 ns
[8.799s][info][gc       ] GC(54) Pause Young (Normal) (G1 Evacuation Pause) 3717M->3731M(4700M) 120.424ms
[8.799s][info][safepoint] Safepoint "G1CollectForAllocation", Time since last: 102382823 ns, Reaching safepoint: 345178 ns, At safepoint: 120936409 ns, Total: 121281587 ns
[9.059s][info][gc       ] GC(55) Pause Young (Concurrent Start) (G1 Evacuation Pause) 3947M->3955M(5364M) 115.747ms
[9.060s][info][gc       ] GC(56) Concurrent Mark Cycle
[9.060s][info][safepoint] Safepoint "G1CollectForAllocation", Time since last: 143477196 ns, Reaching safepoint: 439970 ns, At safepoint: 116295502 ns, Total: 116735472 ns
[9.111s][info][gc       ] GC(56) Pause Remark 4015M->399M(1348M) 2.550ms
[9.112s][info][safepoint] Safepoint "G1Concurrent", Time since last: 48583922 ns, Reaching safepoint: 700254 ns, At safepoint: 2953081 ns, Total: 3653335 ns
[9.267s][info][gc       ] GC(57) Pause Young (Normal) (G1 Evacuation Pause) 647M->627M(1348M) 82.340ms
[9.268s][info][safepoint] Safepoint "G1CollectForAllocation", Time since last: 72572681 ns, Reaching safepoint: 717644 ns, At safepoint: 82863242 ns, Total: 83580886 ns
[9.269s][info][gc       ] GC(56) Pause Cleanup 631M->631M(1348M) 0.248ms
[9.270s][info][safepoint] Safepoint "G1Concurrent", Time since last: 337040 ns, Reaching safepoint: 934115 ns, At safepoint: 453861 ns, Total: 1387976 ns
[9.272s][info][gc       ] GC(56) Concurrent Mark Cycle 212.971ms
[9.478s][info][gc       ] GC(58) Pause Young (Prepare Mixed) (G1 Evacuation Pause) 803M->797M(1348M) 88.922ms
[9.478s][info][safepoint] Safepoint "G1CollectForAllocation", Time since last: 118463431 ns, Reaching safepoint: 413946 ns, At safepoint: 89566136 ns, Total: 89980082 ns
[9.525s][info][gc       ] GC(59) Pause Young (Mixed) (G1 Evacuation Pause) 841M->837M(1348M) 33.798ms
[9.526s][info][safepoint] Safepoint "G1CollectForAllocation", Time since last: 13086974 ns, Reaching safepoint: 345200 ns, At safepoint: 34299966 ns, Total: 34645166 ns
[9.561s][info][gc       ] GC(60) Pause Young (Concurrent Start) (G1 Humongous Allocation) 859M->865M(3356M) 27.480ms
[9.561s][info][gc       ] GC(61) Concurrent Undo Cycle
[9.561s][info][safepoint] Safepoint "G1TryInitiateConcMark", Time since last: 7155124 ns, Reaching safepoint: 408409 ns, At safepoint: 28010779 ns, Total: 28419188 ns
[9.564s][info][gc       ] GC(61) Concurrent Undo Cycle 2.662ms
[9.842s][info][gc       ] GC(62) Pause Young (Normal) (G1 Evacuation Pause) 1309M->1311M(3356M) 134.213ms
[9.842s][info][safepoint] Safepoint "G1CollectForAllocation", Time since last: 145706014 ns, Reaching safepoint: 302982 ns, At safepoint: 134654016 ns, Total: 134956998 ns
[10.235s][info][gc       ] GC(63) Pause Young (Normal) (G1 Evacuation Pause) 1795M->1795M(3356M) 177.081ms
[10.235s][info][safepoint] Safepoint "G1CollectForAllocation", Time since last: 215172247 ns, Reaching safepoint: 245226 ns, At safepoint: 177591776 ns, Total: 177837002 ns
[10.557s][info][gc       ] GC(64) Pause Young (Normal) (G1 Evacuation Pause) 2111M->2099M(3356M) 134.964ms
[10.558s][info][safepoint] Safepoint "G1CollectForAllocation", Time since last: 186860454 ns, Reaching safepoint: 508478 ns, At safepoint: 135433870 ns, Total: 135942348 ns
[10.723s][info][gc       ] GC(65) Pause Young (Normal) (G1 Evacuation Pause) 2287M->2303M(4560M) 85.262ms
[10.724s][info][safepoint] Safepoint "G1CollectForAllocation", Time since last: 79915590 ns, Reaching safepoint: 351165 ns, At safepoint: 85688657 ns, Total: 86039822 ns
[10.982s][info][gc       ] GC(66) Pause Young (Normal) (G1 Evacuation Pause) 2647M->2617M(4560M) 116.014ms
[10.983s][info][safepoint] Safepoint "G1CollectForAllocation", Time since last: 141440600 ns, Reaching safepoint: 990908 ns, At safepoint: 116863567 ns, Total: 117854475 ns
[11.252s][info][gc       ] GC(67) Pause Young (Normal) (G1 Evacuation Pause) 3097M->3111M(4560M) 146.566ms
[11.253s][info][safepoint] Safepoint "G1CollectForAllocation", Time since last: 122045352 ns, Reaching safepoint: 303593 ns, At safepoint: 147034259 ns, Total: 147337852 ns
[11.589s][info][gc       ] GC(68) Pause Young (Normal) (G1 Evacuation Pause) 3455M->3447M(4560M) 154.995ms
[11.589s][info][safepoint] Safepoint "G1CollectForAllocation", Time since last: 180800653 ns, Reaching safepoint: 339898 ns, At safepoint: 155404937 ns, Total: 155744835 ns
[11.770s][info][gc       ] GC(69) Pause Young (Normal) (G1 Evacuation Pause) 3687M->3701M(5280M) 98.397ms
[11.770s][info][safepoint] Safepoint "G1CollectForAllocation", Time since last: 81637609 ns, Reaching safepoint: 537191 ns, At safepoint: 98894026 ns, Total: 99431217 ns
[12.094s][info][gc       ] GC(70) Pause Young (Normal) (G1 Evacuation Pause) 4061M->4057M(5280M) 157.072ms
[12.094s][info][safepoint] Safepoint "G1CollectForAllocation", Time since last: 166021715 ns, Reaching safepoint: 338910 ns, At safepoint: 157529871 ns, Total: 157868781 ns
[12.282s][info][gc       ] GC(71) Pause Young (Normal) (G1 Evacuation Pause) 4313M->4323M(5280M) 103.979ms
[12.283s][info][safepoint] Safepoint "G1CollectForAllocation", Time since last: 84082308 ns, Reaching safepoint: 261865 ns, At safepoint: 104545495 ns, Total: 104807360 ns
[12.514s][info][gc       ] GC(72) Pause Young (Concurrent Start) (G1 Humongous Allocation) 4501M->4495M(5280M) 119.062ms
[12.514s][info][gc       ] GC(73) Concurrent Mark Cycle
[12.514s][info][safepoint] Safepoint "G1TryInitiateConcMark", Time since last: 111212074 ns, Reaching safepoint: 355365 ns, At safepoint: 119716426 ns, Total: 120071791 ns
[12.558s][info][gc       ] GC(73) Pause Remark 4631M->435M(1468M) 3.007ms
[12.559s][info][safepoint] Safepoint "G1Concurrent", Time since last: 40464110 ns, Reaching safepoint: 670293 ns, At safepoint: 3470736 ns, Total: 4141029 ns
[12.725s][info][gc       ] GC(74) Pause Young (Normal) (G1 Evacuation Pause) 579M->559M(3428M) 124.458ms
[12.725s][info][safepoint] Safepoint "G1CollectForAllocation", Time since last: 40908183 ns, Reaching safepoint: 535917 ns, At safepoint: 124968741 ns, Total: 125504658 ns
[12.751s][info][gc       ] GC(73) Pause Cleanup 629M->629M(3428M) 0.608ms
[12.752s][info][safepoint] Safepoint "G1Concurrent", Time since last: 24583024 ns, Reaching safepoint: 1003747 ns, At safepoint: 1356995 ns, Total: 2360742 ns
[12.756s][info][gc       ] GC(73) Concurrent Mark Cycle 241.678ms
[13.069s][info][gc       ] GC(75) Pause Young (Prepare Mixed) (G1 Evacuation Pause) 1071M->1043M(3428M) 150.340ms
[13.070s][info][safepoint] Safepoint "G1CollectForAllocation", Time since last: 166278834 ns, Reaching safepoint: 585744 ns, At safepoint: 150896820 ns, Total: 151482564 ns
[13.162s][info][gc       ] GC(76) Pause Young (Mixed) (G1 Evacuation Pause) 1163M->1169M(3428M) 61.485ms
[13.162s][info][safepoint] Safepoint "G1CollectForAllocation", Time since last: 30348425 ns, Reaching safepoint: 232613 ns, At safepoint: 61874614 ns, Total: 62107227 ns
[13.547s][info][gc       ] GC(77) Pause Young (Normal) (G1 Evacuation Pause) 1793M->1769M(3428M) 178.710ms
[13.547s][info][safepoint] Safepoint "G1CollectForAllocation", Time since last: 205313589 ns, Reaching safepoint: 284649 ns, At safepoint: 179365957 ns, Total: 179650606 ns
[13.900s][info][gc       ] GC(78) Pause Young (Normal) (G1 Evacuation Pause) 2229M->2209M(3428M) 172.717ms
[13.901s][info][safepoint] Safepoint "G1CollectForAllocation", Time since last: 179163767 ns, Reaching safepoint: 802834 ns, At safepoint: 173316339 ns, Total: 174119173 ns
[14.093s][info][gc       ] GC(79) Pause Young (Normal) (G1 Evacuation Pause) 2529M->2541M(4604M) 108.380ms
[14.094s][info][safepoint] Safepoint "G1CollectForAllocation", Time since last: 83674376 ns, Reaching safepoint: 247486 ns, At safepoint: 108954884 ns, Total: 109202370 ns
[14.571s][info][gc       ] GC(80) Pause Young (Normal) (G1 Evacuation Pause) 3117M->3115M(4604M) 200.225ms
[14.572s][info][safepoint] Safepoint "G1CollectForAllocation", Time since last: 276866422 ns, Reaching safepoint: 510541 ns, At safepoint: 200741251 ns, Total: 201251792 ns
[14.961s][info][gc       ] GC(81) Pause Young (Normal) (G1 Evacuation Pause) 3467M->3465M(4604M) 199.706ms
[14.961s][info][safepoint] Safepoint "G1CollectForAllocation", Time since last: 188902905 ns, Reaching safepoint: 426328 ns, At safepoint: 200358639 ns, Total: 200784967 ns
[15.168s][info][gc       ] GC(82) Pause Young (Concurrent Start) (G1 Evacuation Pause) 3709M->3723M(4604M) 105.484ms
[15.168s][info][gc       ] GC(83) Concurrent Mark Cycle
[15.168s][info][safepoint] Safepoint "G1CollectForAllocation", Time since last: 100560829 ns, Reaching safepoint: 316421 ns, At safepoint: 105935552 ns, Total: 106251973 ns
[15.431s][info][gc       ] GC(84) Pause Young (Normal) (G1 Evacuation Pause) 3923M->3913M(5308M) 119.884ms
[15.432s][info][safepoint] Safepoint "G1CollectForAllocation", Time since last: 142479394 ns, Reaching safepoint: 376966 ns, At safepoint: 120529556 ns, Total: 120906522 ns
[15.460s][info][gc       ] GC(83) Pause Remark 3973M->833M(2816M) 2.554ms
[15.461s][info][safepoint] Safepoint "G1Concurrent", Time since last: 25386819 ns, Reaching safepoint: 921251 ns, At safepoint: 2940793 ns, Total: 3862044 ns
[15.641s][info][gc       ] GC(85) Pause Young (Normal) (G1 Evacuation Pause) 1085M->1099M(2816M) 101.341ms
[15.642s][info][safepoint] Safepoint "G1CollectForAllocation", Time since last: 78510176 ns, Reaching safepoint: 459331 ns, At safepoint: 101912633 ns, Total: 102371964 ns
[15.737s][info][gc       ] GC(83) Pause Cleanup 1321M->1321M(2816M) 0.297ms
[15.737s][info][safepoint] Safepoint "G1Concurrent", Time since last: 94328364 ns, Reaching safepoint: 533540 ns, At safepoint: 825159 ns, Total: 1358699 ns
[15.743s][info][gc       ] GC(83) Concurrent Mark Cycle 574.783ms
[16.000s][info][gc       ] GC(86) Pause Young (Prepare Mixed) (G1 Evacuation Pause) 1603M->1575M(2816M) 163.574ms
[16.001s][info][safepoint] Safepoint "G1CollectForAllocation", Time since last: 98869978 ns, Reaching safepoint: 572474 ns, At safepoint: 164011316 ns, Total: 164583790 ns
[16.111s][info][gc       ] GC(87) Pause Young (Mixed) (G1 Evacuation Pause) 1667M->1661M(2816M) 67.547ms
[16.111s][info][safepoint] Safepoint "G1CollectForAllocation", Time since last: 42365824 ns, Reaching safepoint: 319480 ns, At safepoint: 68017606 ns, Total: 68337086 ns
[16.370s][info][gc       ] GC(88) Pause Young (Normal) (G1 Evacuation Pause) 1949M->1925M(2816M) 107.705ms
[16.370s][info][safepoint] Safepoint "G1CollectForAllocation", Time since last: 149984166 ns, Reaching safepoint: 361719 ns, At safepoint: 108234490 ns, Total: 108596209 ns
[16.413s][info][gc       ] GC(89) Pause Young (Concurrent Start) (G1 Humongous Allocation) 1951M->1969M(4236M) 35.095ms
[16.413s][info][gc       ] GC(90) Concurrent Undo Cycle
[16.413s][info][safepoint] Safepoint "G1TryInitiateConcMark", Time since last: 7346597 ns, Reaching safepoint: 276004 ns, At safepoint: 35720682 ns, Total: 35996686 ns
[16.418s][info][gc       ] GC(90) Concurrent Undo Cycle 5.068ms
[16.835s][info][gc       ] GC(91) Pause Young (Normal) (G1 Evacuation Pause) 2641M->2565M(4236M) 178.960ms
[16.835s][info][safepoint] Safepoint "G1CollectForAllocation", Time since last: 241960422 ns, Reaching safepoint: 543937 ns, At safepoint: 179374722 ns, Total: 179918659 ns
[17.117s][info][gc       ] GC(92) Pause Young (Normal) (G1 Evacuation Pause) 3017M->3027M(4236M) 160.684ms
[17.117s][info][safepoint] Safepoint "G1CollectForAllocation", Time since last: 120060215 ns, Reaching safepoint: 491192 ns, At safepoint: 161186779 ns, Total: 161677971 ns
[17.356s][info][gc       ] GC(93) Pause Young (Concurrent Start) (G1 Humongous Allocation) 3225M->3221M(4236M) 121.326ms
[17.357s][info][gc       ] GC(94) Concurrent Mark Cycle
[17.357s][info][safepoint] Safepoint "G1TryInitiateConcMark", Time since last: 117081985 ns, Reaching safepoint: 685099 ns, At safepoint: 121884959 ns, Total: 122570058 ns
[17.406s][info][gc       ] GC(94) Pause Remark 3301M->419M(1416M) 2.509ms
[17.407s][info][safepoint] Safepoint "G1Concurrent", Time since last: 46312015 ns, Reaching safepoint: 427600 ns, At safepoint: 3164096 ns, Total: 3591696 ns
[17.504s][info][gc       ] GC(95) Pause Young (Normal) (G1 Evacuation Pause) 555M->535M(3396M) 58.083ms
[17.505s][info][safepoint] Safepoint "G1CollectForAllocation", Time since last: 39248165 ns, Reaching safepoint: 498825 ns, At safepoint: 58532669 ns, Total: 59031494 ns
[17.535s][info][gc       ] GC(94) Pause Cleanup 645M->645M(3396M) 0.273ms
[17.535s][info][safepoint] Safepoint "G1Concurrent", Time since last: 27298047 ns, Reaching safepoint: 2389055 ns, At safepoint: 514074 ns, Total: 2903129 ns
[17.538s][info][gc       ] GC(94) Concurrent Mark Cycle 180.990ms
[17.979s][info][gc       ] GC(96) Pause Young (Prepare Mixed) (G1 Evacuation Pause) 1207M->1183M(3396M) 214.758ms
[17.980s][info][safepoint] Safepoint "G1CollectForAllocation", Time since last: 229319934 ns, Reaching safepoint: 314791 ns, At safepoint: 215383756 ns, Total: 215698547 ns
[18.083s][info][gc       ] GC(97) Pause Young (Mixed) (G1 Evacuation Pause) 1295M->1299M(3396M) 66.234ms
[18.083s][info][safepoint] Safepoint "G1CollectForAllocation", Time since last: 35935307 ns, Reaching safepoint: 376976 ns, At safepoint: 66741163 ns, Total: 67118139 ns
[18.565s][info][gc       ] GC(98) Pause Young (Normal) (G1 Evacuation Pause) 1899M->1899M(3396M) 210.647ms
[18.565s][info][safepoint] Safepoint "G1CollectForAllocation", Time since last: 270873304 ns, Reaching safepoint: 364603 ns, At safepoint: 211099565 ns, Total: 211464168 ns
[18.985s][info][gc       ] GC(99) Pause Young (Normal) (G1 Evacuation Pause) 2291M->2293M(3396M) 182.413ms
[18.986s][info][safepoint] Safepoint "G1CollectForAllocation", Time since last: 236987834 ns, Reaching safepoint: 422480 ns, At safepoint: 182896124 ns, Total: 183318604 ns
[19.030s][info][gc       ] GC(100) Pause Young (Concurrent Start) (G1 Humongous Allocation) 2303M->2321M(4584M) 40.786ms
[19.031s][info][gc       ] GC(101) Concurrent Undo Cycle
[19.031s][info][safepoint] Safepoint "G1TryInitiateConcMark", Time since last: 3218109 ns, Reaching safepoint: 398097 ns, At safepoint: 41463399 ns, Total: 41861496 ns
[19.036s][info][gc       ] GC(101) Concurrent Undo Cycle 5.639ms
[19.560s][info][gc       ] GC(102) Pause Young (Normal) (G1 Evacuation Pause) 2865M->2831M(4584M) 179.188ms
[19.560s][info][safepoint] Safepoint "G1CollectForAllocation", Time since last: 348993249 ns, Reaching safepoint: 590083 ns, At safepoint: 179839072 ns, Total: 180429155 ns
[19.634s][info][gc       ] GC(103) Pause Young (Concurrent Start) (G1 Humongous Allocation) 2901M->2917M(4584M) 50.833ms
[19.635s][info][gc       ] GC(104) Concurrent Mark Cycle
[19.635s][info][safepoint] Safepoint "G1TryInitiateConcMark", Time since last: 22425997 ns, Reaching safepoint: 653746 ns, At safepoint: 51393714 ns, Total: 52047460 ns
[19.756s][info][gc       ] GC(104) Pause Remark 3199M->775M(2616M) 2.637ms
[19.757s][info][safepoint] Safepoint "G1Concurrent", Time since last: 118566036 ns, Reaching safepoint: 315138 ns, At safepoint: 3174396 ns, Total: 3489534 ns
[19.961s][info][gc       ] GC(105) Pause Young (Normal) (G1 Evacuation Pause) 921M->885M(2616M) 138.762ms
[19.961s][info][safepoint] Safepoint "G1CollectForAllocation", Time since last: 64274085 ns, Reaching safepoint: 683942 ns, At safepoint: 139246865 ns, Total: 139930807 ns
[20.019s][info][gc       ] GC(104) Pause Cleanup 1033M->1033M(2616M) 0.345ms
[20.020s][info][safepoint] Safepoint "G1Concurrent", Time since last: 57343466 ns, Reaching safepoint: 703441 ns, At safepoint: 782316 ns, Total: 1485757 ns
[20.022s][info][gc       ] GC(104) Concurrent Mark Cycle 387.596ms
[20.377s][info][gc       ] GC(106) Pause Young (Prepare Mixed) (G1 Evacuation Pause) 1405M->1355M(2616M) 194.052ms
[20.377s][info][safepoint] Safepoint "G1CollectForAllocation", Time since last: 162348896 ns, Reaching safepoint: 499998 ns, At safepoint: 194609696 ns, Total: 195109694 ns
[20.450s][info][gc       ] GC(107) Pause Young (Mixed) (G1 Evacuation Pause) 1423M->1409M(2616M) 52.504ms
[20.450s][info][safepoint] Safepoint "G1CollectForAllocation", Time since last: 19694626 ns, Reaching safepoint: 467794 ns, At safepoint: 52990994 ns, Total: 53458788 ns
[20.470s][info][gc       ] GC(108) Pause Young (Concurrent Start) (G1 Humongous Allocation) 1417M->1420M(4116M) 16.124ms
[20.471s][info][safepoint] Safepoint "G1TryInitiateConcMark", Time since last: 3284178 ns, Reaching safepoint: 357819 ns, At safepoint: 16534248 ns, Total: 16892067 ns
[20.471s][info][gc       ] GC(109) Concurrent Undo Cycle
[20.488s][info][gc       ] GC(109) Concurrent Undo Cycle 17.722ms
[20.843s][info][gc       ] GC(110) Pause Young (Normal) (G1 Evacuation Pause) 1928M->1882M(4116M) 146.130ms
[20.844s][info][safepoint] Safepoint "G1CollectForAllocation", Time since last: 225988594 ns, Reaching safepoint: 299857 ns, At safepoint: 146600840 ns, Total: 146900697 ns
[21.232s][info][gc       ] GC(111) Pause Young (Normal) (G1 Evacuation Pause) 2442M->2449M(4116M) 199.952ms
[21.232s][info][safepoint] Safepoint "G1CollectForAllocation", Time since last: 188048179 ns, Reaching safepoint: 385789 ns, At safepoint: 200491193 ns, Total: 200876982 ns
[21.494s][info][gc       ] GC(112) Pause Young (Concurrent Start) (G1 Humongous Allocation) 2561M->2567M(4116M) 152.094ms
[21.495s][info][gc       ] GC(113) Concurrent Mark Cycle
[21.495s][info][safepoint] Safepoint "G1TryInitiateConcMark", Time since last: 109106150 ns, Reaching safepoint: 469256 ns, At safepoint: 152902813 ns, Total: 153372069 ns
[21.541s][info][gc       ] GC(113) Pause Remark 2625M->315M(1080M) 2.167ms
[21.541s][info][safepoint] Safepoint "G1Concurrent", Time since last: 42722406 ns, Reaching safepoint: 803067 ns, At safepoint: 2784027 ns, Total: 3587094 ns
[21.594s][info][gc       ] GC(113) Pause Cleanup 477M->477M(1080M) 0.334ms
[21.594s][info][safepoint] Safepoint "G1Concurrent", Time since last: 51510268 ns, Reaching safepoint: 912655 ns, At safepoint: 693331 ns, Total: 1605986 ns
[21.596s][info][gc       ] GC(113) Concurrent Mark Cycle 101.001ms
[21.754s][info][gc       ] GC(114) Pause Young (Prepare Mixed) (G1 Preventive Collection) 641M->593M(1080M) 114.707ms
[21.754s][info][safepoint] Safepoint "G1CollectForAllocation", Time since last: 44649648 ns, Reaching safepoint: 255631 ns, At safepoint: 115225680 ns, Total: 115481311 ns
[21.790s][info][gc       ] GC(115) Pause Young (Mixed) (G1 Evacuation Pause) 597M->596M(3192M) 33.179ms
[21.790s][info][safepoint] Safepoint "G1CollectForAllocation", Time since last: 1854551 ns, Reaching safepoint: 438792 ns, At safepoint: 33553887 ns, Total: 33992679 ns
[22.202s][info][gc       ] GC(116) Pause Young (Normal) (G1 Evacuation Pause) 1108M->1097M(3192M) 160.470ms
[22.203s][info][safepoint] Safepoint "G1CollectForAllocation", Time since last: 250972558 ns, Reaching safepoint: 328621 ns, At safepoint: 160962357 ns, Total: 161290978 ns
[22.538s][info][gc       ] GC(117) Pause Young (Normal) (G1 Evacuation Pause) 1465M->1439M(3192M) 163.738ms
[22.539s][info][safepoint] Safepoint "G1CollectForAllocation", Time since last: 171526049 ns, Reaching safepoint: 441061 ns, At safepoint: 164355759 ns, Total: 164796820 ns
[22.756s][info][gc       ] GC(118) Pause Young (Normal) (G1 Evacuation Pause) 1783M->1793M(3192M) 107.080ms
[22.756s][info][safepoint] Safepoint "G1CollectForAllocation", Time since last: 109433574 ns, Reaching safepoint: 500127 ns, At safepoint: 107466130 ns, Total: 107966257 ns
[22.788s][info][gc       ] GC(119) Pause Young (Concurrent Start) (G1 Humongous Allocation) 1805M->1817M(4460M) 27.105ms
[22.789s][info][gc       ] GC(120) Concurrent Undo Cycle
[22.789s][info][safepoint] Safepoint "G1TryInitiateConcMark", Time since last: 4361216 ns, Reaching safepoint: 289520 ns, At safepoint: 27661949 ns, Total: 27951469 ns
[22.795s][info][gc       ] GC(120) Concurrent Undo Cycle 6.865ms
[23.339s][info][gc       ] GC(121) Pause Young (Normal) (G1 Evacuation Pause) 2309M->2299M(4460M) 177.016ms
[23.339s][info][safepoint] Safepoint "G1CollectForAllocation", Time since last: 372472259 ns, Reaching safepoint: 402194 ns, At safepoint: 177511312 ns, Total: 177913506 ns
[23.698s][info][gc       ] GC(122) Pause Young (Normal) (G1 Evacuation Pause) 2707M->2679M(4460M) 164.869ms
[23.698s][info][safepoint] Safepoint "G1CollectForAllocation", Time since last: 193643269 ns, Reaching safepoint: 419101 ns, At safepoint: 165337643 ns, Total: 165756744 ns
[23.983s][info][gc       ] GC(123) Pause Young (Normal) (G1 Evacuation Pause) 3067M->3081M(4460M) 132.433ms
[23.983s][info][safepoint] Safepoint "G1CollectForAllocation", Time since last: 151267596 ns, Reaching safepoint: 331654 ns, At safepoint: 132988557 ns, Total: 133320211 ns
[24.223s][info][gc       ] GC(124) Pause Young (Concurrent Start) (G1 Humongous Allocation) 3241M->3229M(5220M) 109.187ms
[24.223s][info][gc       ] GC(125) Concurrent Undo Cycle
[24.223s][info][safepoint] Safepoint "G1TryInitiateConcMark", Time since last: 130169407 ns, Reaching safepoint: 358677 ns, At safepoint: 109789264 ns, Total: 110147941 ns
[24.231s][info][gc       ] GC(125) Concurrent Undo Cycle 7.482ms
[24.725s][info][gc       ] GC(126) Pause Young (Normal) (G1 Evacuation Pause) 3769M->3747M(5220M) 186.444ms
[24.726s][info][safepoint] Safepoint "G1CollectForAllocation", Time since last: 315117005 ns, Reaching safepoint: 384319 ns, At safepoint: 186940012 ns, Total: 187324331 ns
[24.875s][info][gc       ] GC(127) Pause Young (Concurrent Start) (G1 Humongous Allocation) 3821M->3837M(5220M) 100.048ms
[24.875s][info][gc       ] GC(128) Concurrent Mark Cycle
[24.875s][info][safepoint] Safepoint "G1TryInitiateConcMark", Time since last: 48105816 ns, Reaching safepoint: 648038 ns, At safepoint: 100690638 ns, Total: 101338676 ns
[24.906s][info][gc       ] GC(128) Pause Remark 3857M->267M(908M) 2.469ms
[24.907s][info][safepoint] Safepoint "G1Concurrent", Time since last: 28008329 ns, Reaching safepoint: 560588 ns, At safepoint: 2912148 ns, Total: 3472736 ns
[24.935s][info][gc       ] GC(128) Pause Cleanup 367M->367M(908M) 0.230ms
[24.935s][info][safepoint] Safepoint "G1Concurrent", Time since last: 27124472 ns, Reaching safepoint: 491906 ns, At safepoint: 539516 ns, Total: 1031422 ns
[24.937s][info][gc       ] GC(128) Concurrent Mark Cycle 62.279ms
[25.105s][info][gc       ] GC(129) Pause Young (Prepare Mixed) (G1 Preventive Collection) 559M->531M(908M) 107.747ms
[25.106s][info][safepoint] Safepoint "G1CollectForAllocation", Time since last: 62279276 ns, Reaching safepoint: 299931 ns, At safepoint: 108177374 ns, Total: 108477305 ns
[25.127s][info][gc       ] GC(130) Pause Young (Mixed) (G1 Evacuation Pause) 535M->503M(908M) 19.010ms
[25.127s][info][safepoint] Safepoint "G1CollectForAllocation", Time since last: 1667492 ns, Reaching safepoint: 209071 ns, At safepoint: 19377879 ns, Total: 19586950 ns
[25.171s][info][gc       ] GC(131) Pause Young (Concurrent Start) (G1 Humongous Allocation) 583M->587M(2724M) 23.644ms
[25.172s][info][gc       ] GC(132) Concurrent Undo Cycle
[25.172s][info][safepoint] Safepoint "G1TryInitiateConcMark", Time since last: 20358344 ns, Reaching safepoint: 493362 ns, At safepoint: 24151634 ns, Total: 24644996 ns
[25.174s][info][gc       ] GC(132) Concurrent Undo Cycle 1.936ms
[25.573s][info][gc       ] GC(133) Pause Young (Normal) (G1 Evacuation Pause) 1183M->1170M(2724M) 172.710ms
[25.573s][info][safepoint] Safepoint "G1CollectForAllocation", Time since last: 227756780 ns, Reaching safepoint: 420359 ns, At safepoint: 173183862 ns, Total: 173604221 ns
[25.913s][info][gc       ] GC(134) Pause Young (Concurrent Start) (G1 Evacuation Pause) 1586M->1577M(2724M) 160.294ms
[25.913s][info][gc       ] GC(135) Concurrent Mark Cycle
[25.913s][info][safepoint] Safepoint "G1CollectForAllocation", Time since last: 178889373 ns, Reaching safepoint: 377641 ns, At safepoint: 160788464 ns, Total: 161166105 ns
[25.972s][info][gc       ] GC(135) Pause Remark 1693M->629M(2120M) 2.062ms
[25.972s][info][safepoint] Safepoint "G1Concurrent", Time since last: 55962624 ns, Reaching safepoint: 533510 ns, At safepoint: 2426257 ns, Total: 2959767 ns
[26.127s][info][gc       ] GC(136) Pause Young (Normal) (G1 Evacuation Pause) 781M->743M(2120M) 71.752ms
[26.127s][info][safepoint] Safepoint "G1CollectForAllocation", Time since last: 82026752 ns, Reaching safepoint: 669258 ns, At safepoint: 72374993 ns, Total: 73044251 ns
[26.183s][info][gc       ] GC(135) Pause Cleanup 835M->835M(2120M) 0.399ms
[26.184s][info][safepoint] Safepoint "G1Concurrent", Time since last: 55363887 ns, Reaching safepoint: 456125 ns, At safepoint: 826409 ns, Total: 1282534 ns
[26.186s][info][gc       ] GC(135) Concurrent Mark Cycle 273.010ms
[26.433s][info][gc       ] GC(137) Pause Young (Prepare Mixed) (G1 Evacuation Pause) 1139M->1133M(2120M) 144.107ms
[26.434s][info][safepoint] Safepoint "G1CollectForAllocation", Time since last: 104591487 ns, Reaching safepoint: 799867 ns, At safepoint: 144689634 ns, Total: 145489501 ns
[26.508s][info][gc       ] GC(138) Pause Young (Mixed) (G1 Evacuation Pause) 1201M->1207M(2120M) 53.301ms
[26.509s][info][safepoint] Safepoint "G1CollectForAllocation", Time since last: 20368790 ns, Reaching safepoint: 416634 ns, At safepoint: 53781476 ns, Total: 54198110 ns
[26.569s][info][gc       ] GC(139) Pause Young (Concurrent Start) (G1 Humongous Allocation) 1305M->1319M(3816M) 34.105ms
[26.570s][info][safepoint] Safepoint "G1TryInitiateConcMark", Time since last: 26020500 ns, Reaching safepoint: 404333 ns, At safepoint: 34663111 ns, Total: 35067444 ns
[26.570s][info][gc       ] GC(140) Concurrent Undo Cycle
[26.576s][info][gc       ] GC(140) Concurrent Undo Cycle 6.249ms
[26.997s][info][gc       ] GC(141) Pause Young (Normal) (G1 Evacuation Pause) 1843M->1828M(3816M) 172.017ms
[26.997s][info][safepoint] Safepoint "G1CollectForAllocation", Time since last: 254435616 ns, Reaching safepoint: 522622 ns, At safepoint: 172500425 ns, Total: 173023047 ns
[27.371s][info][gc       ] GC(142) Pause Young (Normal) (G1 Evacuation Pause) 2264M->2245M(3816M) 184.275ms
[27.371s][info][safepoint] Safepoint "G1CollectForAllocation", Time since last: 188969252 ns, Reaching safepoint: 620295 ns, At safepoint: 184775009 ns, Total: 185395304 ns
[27.642s][info][gc       ] GC(143) Pause Young (Normal) (G1 Evacuation Pause) 2625M->2639M(3816M) 135.894ms
[27.643s][info][safepoint] Safepoint "G1CollectForAllocation", Time since last: 134761171 ns, Reaching safepoint: 272730 ns, At safepoint: 136403241 ns, Total: 136675971 ns
[27.845s][info][gc       ] GC(144) Pause Young (Concurrent Start) (G1 Humongous Allocation) 2747M->2749M(4836M) 110.376ms
[27.846s][info][gc       ] GC(145) Concurrent Undo Cycle
[27.846s][info][safepoint] Safepoint "G1TryInitiateConcMark", Time since last: 91191965 ns, Reaching safepoint: 612462 ns, At safepoint: 110987522 ns, Total: 111599984 ns
[27.854s][info][gc       ] GC(145) Concurrent Undo Cycle 7.971ms
[28.307s][info][gc       ] GC(146) Pause Young (Normal) (G1 Evacuation Pause) 3281M->3267M(4836M) 198.604ms
[28.307s][info][safepoint] Safepoint "G1CollectForAllocation", Time since last: 262196470 ns, Reaching safepoint: 366272 ns, At safepoint: 199018891 ns, Total: 199385163 ns
[28.651s][info][gc       ] GC(147) Pause Young (Concurrent Start) (G1 Evacuation Pause) 3651M->3657M(4836M) 161.820ms
[28.651s][info][gc       ] GC(148) Concurrent Mark Cycle
[28.651s][info][safepoint] Safepoint "G1CollectForAllocation", Time since last: 181512126 ns, Reaching safepoint: 241492 ns, At safepoint: 162385777 ns, Total: 162627269 ns
[28.727s][info][gc       ] GC(148) Pause Remark 3821M->683M(2296M) 2.290ms
[28.728s][info][safepoint] Safepoint "G1Concurrent", Time since last: 73025371 ns, Reaching safepoint: 619550 ns, At safepoint: 2742876 ns, Total: 3362426 ns
[28.889s][info][gc       ] GC(149) Pause Young (Normal) (G1 Evacuation Pause) 755M->733M(2296M) 100.997ms
[28.889s][info][safepoint] Safepoint "G1CollectForAllocation", Time since last: 59183360 ns, Reaching safepoint: 501916 ns, At safepoint: 101708176 ns, Total: 102210092 ns
[28.980s][info][gc       ] GC(148) Pause Cleanup 849M->849M(2296M) 0.309ms
[28.981s][info][safepoint] Safepoint "G1Concurrent", Time since last: 89974261 ns, Reaching safepoint: 989779 ns, At safepoint: 835523 ns, Total: 1825302 ns
[28.984s][info][gc       ] GC(148) Concurrent Mark Cycle 333.107ms
[29.280s][info][gc       ] GC(150) Pause Young (Prepare Mixed) (G1 Evacuation Pause) 1197M->1203M(2296M) 168.424ms
[29.280s][info][safepoint] Safepoint "G1CollectForAllocation", Time since last: 130134405 ns, Reaching safepoint: 276203 ns, At safepoint: 168915336 ns, Total: 169191539 ns
[29.368s][info][gc       ] GC(151) Pause Young (Mixed) (G1 Evacuation Pause) 1283M->1289M(2296M) 53.923ms
[29.369s][info][safepoint] Safepoint "G1CollectForAllocation", Time since last: 33774362 ns, Reaching safepoint: 356197 ns, At safepoint: 54608437 ns, Total: 54964634 ns
[29.621s][info][gc       ] GC(152) Pause Young (Concurrent Start) (G1 Humongous Allocation) 1435M->1433M(3924M) 125.241ms
[29.621s][info][gc       ] GC(153) Concurrent Undo Cycle
[29.621s][info][safepoint] Safepoint "G1TryInitiateConcMark", Time since last: 126001200 ns, Reaching safepoint: 406680 ns, At safepoint: 125916793 ns, Total: 126323473 ns
[29.627s][info][gc       ] GC(153) Concurrent Undo Cycle 5.561ms
[30.088s][info][gc       ] GC(154) Pause Young (Normal) (G1 Evacuation Pause) 1993M->1951M(3924M) 155.493ms
[30.088s][info][safepoint] Safepoint "G1CollectForAllocation", Time since last: 310855194 ns, Reaching safepoint: 207822 ns, At safepoint: 155966439 ns, Total: 156174261 ns
[30.485s][info][gc       ] GC(155) Pause Young (Normal) (G1 Evacuation Pause) 2527M->2515M(3924M) 208.306ms
[30.486s][info][safepoint] Safepoint "G1CollectForAllocation", Time since last: 187514142 ns, Reaching safepoint: 625134 ns, At safepoint: 209007063 ns, Total: 209632197 ns
[30.737s][info][gc       ] GC(156) Pause Young (Concurrent Start) (G1 Humongous Allocation) 2701M->2709M(3924M) 139.324ms
[30.738s][info][gc       ] GC(157) Concurrent Mark Cycle
[30.738s][info][safepoint] Safepoint "G1TryInitiateConcMark", Time since last: 111919419 ns, Reaching safepoint: 466896 ns, At safepoint: 139918017 ns, Total: 140384913 ns
[30.787s][info][gc       ] GC(157) Pause Remark 2803M->451M(1536M) 2.143ms
[30.787s][info][safepoint] Safepoint "G1Concurrent", Time since last: 46275707 ns, Reaching safepoint: 786612 ns, At safepoint: 2555406 ns, Total: 3342018 ns
[30.923s][info][gc       ] GC(158) Pause Young (Normal) (G1 Evacuation Pause) 641M->609M(3468M) 79.554ms
[30.924s][info][safepoint] Safepoint "G1CollectForAllocation", Time since last: 55669871 ns, Reaching safepoint: 418578 ns, At safepoint: 80079828 ns, Total: 80498406 ns
[30.939s][info][gc       ] GC(157) Pause Cleanup 665M->665M(3468M) 0.476ms
[30.940s][info][safepoint] Safepoint "G1Concurrent", Time since last: 14498730 ns, Reaching safepoint: 539922 ns, At safepoint: 959975 ns, Total: 1499897 ns
[30.942s][info][gc       ] GC(157) Concurrent Mark Cycle 204.690ms
[31.358s][info][gc       ] GC(159) Pause Young (Prepare Mixed) (G1 Evacuation Pause) 1213M->1197M(3468M) 183.718ms
[31.359s][info][safepoint] Safepoint "G1CollectForAllocation", Time since last: 234018968 ns, Reaching safepoint: 807785 ns, At safepoint: 184171731 ns, Total: 184979516 ns
[31.467s][info][gc       ] GC(160) Pause Young (Mixed) (G1 Evacuation Pause) 1321M->1319M(3468M) 67.408ms
[31.468s][info][safepoint] Safepoint "G1CollectForAllocation", Time since last: 40837328 ns, Reaching safepoint: 417190 ns, At safepoint: 67893372 ns, Total: 68310562 ns
[31.910s][info][gc       ] GC(161) Pause Young (Normal) (G1 Evacuation Pause) 1899M->1903M(3468M) 214.043ms
[31.910s][info][safepoint] Safepoint "G1CollectForAllocation", Time since last: 227720001 ns, Reaching safepoint: 292873 ns, At safepoint: 214485119 ns, Total: 214777992 ns
[32.294s][info][gc       ] GC(162) Pause Young (Normal) (G1 Evacuation Pause) 2311M->2309M(3468M) 174.989ms
[32.295s][info][safepoint] Safepoint "G1CollectForAllocation", Time since last: 208241420 ns, Reaching safepoint: 553063 ns, At safepoint: 175456740 ns, Total: 176009803 ns
[32.341s][info][gc       ] GC(163) Pause Young (Concurrent Start) (G1 Humongous Allocation) 2311M->2329M(4628M) 45.425ms
[32.341s][info][gc       ] GC(164) Concurrent Undo Cycle
[32.341s][info][safepoint] Safepoint "G1TryInitiateConcMark", Time since last: 395857 ns, Reaching safepoint: 309161 ns, At safepoint: 45998173 ns, Total: 46307334 ns
[32.346s][info][gc       ] GC(164) Concurrent Undo Cycle 5.136ms
[32.459s][info][gc       ] GC(165) Pause Young (Concurrent Start) (G1 Humongous Allocation) 2471M->2487M(4628M) 51.258ms
[32.460s][info][gc       ] GC(166) Concurrent Mark Cycle
[32.460s][info][safepoint] Safepoint "G1TryInitiateConcMark", Time since last: 66302364 ns, Reaching safepoint: 356213 ns, At safepoint: 51825648 ns, Total: 52181861 ns
[32.642s][info][gc       ] GC(166) Pause Remark 2691M->749M(2520M) 2.048ms
[32.643s][info][safepoint] Safepoint "G1Concurrent", Time since last: 179719223 ns, Reaching safepoint: 749196 ns, At safepoint: 2649801 ns, Total: 3398997 ns
[32.957s][info][gc       ] GC(167) Pause Young (Normal) (G1 Evacuation Pause) 1117M->1095M(2520M) 179.206ms
[32.957s][info][safepoint] Safepoint "G1CollectForAllocation", Time since last: 133748864 ns, Reaching safepoint: 734947 ns, At safepoint: 179821589 ns, Total: 180556536 ns
[32.964s][info][gc       ] GC(166) Pause Cleanup 1111M->1111M(2520M) 0.356ms
[32.964s][info][safepoint] Safepoint "G1Concurrent", Time since last: 6048144 ns, Reaching safepoint: 493564 ns, At safepoint: 757105 ns, Total: 1250669 ns
[32.967s][info][gc       ] GC(166) Concurrent Mark Cycle 507.318ms
[33.322s][info][gc       ] GC(168) Pause Young (Prepare Mixed) (G1 Evacuation Pause) 1503M->1489M(2520M) 171.990ms
[33.323s][info][safepoint] Safepoint "G1CollectForAllocation", Time since last: 184699777 ns, Reaching safepoint: 870529 ns, At safepoint: 172486707 ns, Total: 173357236 ns
[33.390s][info][gc       ] GC(169) Pause Young (Mixed) (G1 Evacuation Pause) 1569M->1563M(2520M) 45.414ms
[33.391s][info][safepoint] Safepoint "G1CollectForAllocation", Time since last: 22163908 ns, Reaching safepoint: 329289 ns, At safepoint: 45819387 ns, Total: 46148676 ns
[33.414s][info][gc       ] GC(170) Pause Young (Concurrent Start) (G1 Humongous Allocation) 1591M->1605M(2520M) 15.051ms
[33.415s][info][gc       ] GC(171) Concurrent Mark Cycle
[33.415s][info][safepoint] Safepoint "G1TryInitiateConcMark", Time since last: 7874761 ns, Reaching safepoint: 445818 ns, At safepoint: 15507216 ns, Total: 15953034 ns
[33.564s][info][gc       ] GC(172) Pause Young (Normal) (G1 Evacuation Pause) 1845M->1850M(4056M) 75.987ms
[33.564s][info][safepoint] Safepoint "G1CollectForAllocation", Time since last: 72599346 ns, Reaching safepoint: 471496 ns, At safepoint: 76431713 ns, Total: 76903209 ns
[33.612s][info][gc       ] GC(171) Pause Remark 1894M->708M(2388M) 2.100ms
[33.612s][info][safepoint] Safepoint "G1Concurrent", Time since last: 44754307 ns, Reaching safepoint: 877669 ns, At safepoint: 2678868 ns, Total: 3556537 ns
[33.835s][info][gc       ] GC(171) Pause Cleanup 1160M->1160M(2388M) 0.423ms
[33.836s][info][safepoint] Safepoint "G1Concurrent", Time since last: 221983241 ns, Reaching safepoint: 587338 ns, At safepoint: 761516 ns, Total: 1348854 ns
[33.838s][info][gc       ] GC(171) Concurrent Mark Cycle 423.621ms
[34.083s][info][gc       ] GC(173) Pause Young (Prepare Mixed) (G1 Evacuation Pause) 1276M->1280M(2388M) 215.847ms
[34.083s][info][safepoint] Safepoint "G1CollectForAllocation", Time since last: 30612333 ns, Reaching safepoint: 388384 ns, At safepoint: 216378250 ns, Total: 216766634 ns
[34.245s][info][gc       ] GC(174) Pause Young (Mixed) (G1 Evacuation Pause) 1324M->1308M(2388M) 113.802ms
[34.246s][info][safepoint] Safepoint "G1CollectForAllocation", Time since last: 47734449 ns, Reaching safepoint: 347773 ns, At safepoint: 114425777 ns, Total: 114773550 ns
[34.386s][info][gc       ] GC(175) Pause Young (Concurrent Start) (G1 Humongous Allocation) 1386M->1400M(2388M) 89.802ms
[34.387s][info][gc       ] GC(176) Concurrent Mark Cycle
[34.387s][info][safepoint] Safepoint "G1TryInitiateConcMark", Time since last: 50258231 ns, Reaching safepoint: 488404 ns, At safepoint: 90356724 ns, Total: 90845128 ns
[34.407s][info][gc       ] GC(176) Pause Remark 1440M->203M(696M) 1.770ms
[34.407s][info][safepoint] Safepoint "G1Concurrent", Time since last: 17907393 ns, Reaching safepoint: 367255 ns, At safepoint: 2125975 ns, Total: 2493230 ns
[34.431s][info][gc       ] GC(176) Pause Cleanup 291M->291M(696M) 0.378ms
[34.432s][info][safepoint] Safepoint "G1Concurrent", Time since last: 22886167 ns, Reaching safepoint: 775647 ns, At safepoint: 826560 ns, Total: 1602207 ns
[34.433s][info][gc       ] GC(176) Concurrent Mark Cycle 45.885ms
[34.532s][info][gc       ] GC(177) Pause Young (Prepare Mixed) (G1 Preventive Collection) 411M->383M(696M) 69.454ms
[34.532s][info][safepoint] Safepoint "G1CollectForAllocation", Time since last: 30574672 ns, Reaching safepoint: 295729 ns, At safepoint: 69915388 ns, Total: 70211117 ns
[34.551s][info][gc       ] GC(178) Pause Young (Mixed) (G1 Evacuation Pause) 387M->389M(696M) 15.858ms
[34.552s][info][safepoint] Safepoint "G1CollectForAllocation", Time since last: 2700730 ns, Reaching safepoint: 412263 ns, At safepoint: 16361248 ns, Total: 16773511 ns
[34.561s][info][gc       ] GC(179) Pause Young (Concurrent Start) (G1 Humongous Allocation) 392M->388M(2088M) 8.068ms
[34.562s][info][gc       ] GC(180) Concurrent Mark Cycle
[34.562s][info][safepoint] Safepoint "G1TryInitiateConcMark", Time since last: 975461 ns, Reaching safepoint: 352611 ns, At safepoint: 8427150 ns, Total: 8779761 ns
[34.702s][info][gc       ] GC(180) Pause Remark 676M->652M(2088M) 1.858ms
[34.703s][info][safepoint] Safepoint "G1Concurrent", Time since last: 138134123 ns, Reaching safepoint: 375033 ns, At safepoint: 2529911 ns, Total: 2904944 ns
[34.956s][info][gc       ] GC(181) Pause Young (Normal) (G1 Evacuation Pause) 920M->881M(2088M) 155.745ms
[34.957s][info][safepoint] Safepoint "G1CollectForAllocation", Time since last: 97110648 ns, Reaching safepoint: 788590 ns, At safepoint: 156423063 ns, Total: 157211653 ns
[35.001s][info][gc       ] GC(180) Pause Cleanup 1019M->1019M(2088M) 0.300ms
[35.002s][info][safepoint] Safepoint "G1Concurrent", Time since last: 43425935 ns, Reaching safepoint: 512386 ns, At safepoint: 681722 ns, Total: 1194108 ns
[35.004s][info][gc       ] GC(180) Concurrent Mark Cycle 441.982ms
[35.156s][info][gc       ] GC(182) Pause Young (Prepare Mixed) (G1 Evacuation Pause) 1165M->1177M(2088M) 103.347ms
[35.156s][info][safepoint] Safepoint "G1CollectForAllocation", Time since last: 50347863 ns, Reaching safepoint: 265304 ns, At safepoint: 103835251 ns, Total: 104100555 ns
[35.275s][info][gc       ] GC(183) Pause Young (Mixed) (G1 Evacuation Pause) 1241M->1227M(2088M) 72.441ms
[35.275s][info][safepoint] Safepoint "G1CollectForAllocation", Time since last: 45701787 ns, Reaching safepoint: 674020 ns, At safepoint: 72971451 ns, Total: 73645471 ns
[35.414s][info][gc       ] GC(184) Pause Young (Concurrent Start) (G1 Humongous Allocation) 1297M->1305M(2088M) 90.202ms
[35.415s][info][gc       ] GC(185) Concurrent Mark Cycle
[35.415s][info][safepoint] Safepoint "G1TryInitiateConcMark", Time since last: 47727748 ns, Reaching safepoint: 647068 ns, At safepoint: 90760408 ns, Total: 91407476 ns
[35.434s][info][gc       ] GC(185) Pause Remark 1369M->233M(800M) 1.696ms
[35.434s][info][safepoint] Safepoint "G1Concurrent", Time since last: 17305659 ns, Reaching safepoint: 370168 ns, At safepoint: 2038145 ns, Total: 2408313 ns
[35.464s][info][gc       ] GC(185) Pause Cleanup 329M->329M(800M) 0.260ms
[35.464s][info][safepoint] Safepoint "G1Concurrent", Time since last: 28946760 ns, Reaching safepoint: 522205 ns, At safepoint: 603882 ns, Total: 1126087 ns
[35.465s][info][gc       ] GC(185) Concurrent Mark Cycle 50.792ms
[35.538s][info][gc       ] GC(186) Pause Young (Prepare Mixed) (G1 Evacuation Pause) 377M->359M(800M) 60.579ms
[35.539s][info][safepoint] Safepoint "G1CollectForAllocation", Time since last: 12971129 ns, Reaching safepoint: 253919 ns, At safepoint: 61038036 ns, Total: 61291955 ns
[35.560s][info][gc       ] GC(187) Pause Young (Mixed) (G1 Evacuation Pause) 371M->353M(800M) 16.735ms
[35.560s][info][safepoint] Safepoint "G1CollectForAllocation", Time since last: 3969175 ns, Reaching safepoint: 602286 ns, At safepoint: 17214116 ns, Total: 17816402 ns
[35.588s][info][gc       ] GC(188) Pause Young (Concurrent Start) (G1 Humongous Allocation) 387M->393M(2400M) 15.928ms
[35.588s][info][gc       ] GC(189) Concurrent Mark Cycle
[35.588s][info][safepoint] Safepoint "G1TryInitiateConcMark", Time since last: 10738096 ns, Reaching safepoint: 466240 ns, At safepoint: 16427096 ns, Total: 16893336 ns
[35.749s][info][gc       ] GC(189) Pause Remark 697M->661M(2228M) 2.071ms
[35.750s][info][safepoint] Safepoint "G1Concurrent", Time since last: 158674576 ns, Reaching safepoint: 592968 ns, At safepoint: 2567174 ns, Total: 3160142 ns
[35.884s][info][gc       ] GC(189) Pause Cleanup 987M->987M(2228M) 0.366ms
[35.884s][info][safepoint] Safepoint "G1Concurrent", Time since last: 132706832 ns, Reaching safepoint: 872137 ns, At safepoint: 706740 ns, Total: 1578877 ns
[35.887s][info][gc       ] GC(189) Concurrent Mark Cycle 299.293ms
[36.085s][info][gc       ] GC(190) Pause Young (Prepare Mixed) (G1 Evacuation Pause) 993M->955M(2228M) 196.701ms
[36.086s][info][safepoint] Safepoint "G1CollectForAllocation", Time since last: 4248898 ns, Reaching safepoint: 229831 ns, At safepoint: 197239186 ns, Total: 197469017 ns
[36.151s][info][gc       ] GC(191) Pause Young (Mixed) (G1 Evacuation Pause) 991M->991M(2228M) 51.814ms
[36.152s][info][safepoint] Safepoint "G1CollectForAllocation", Time since last: 13267989 ns, Reaching safepoint: 444053 ns, At safepoint: 52231415 ns, Total: 52675468 ns
[36.215s][info][gc       ] GC(192) Pause Young (Concurrent Start) (G1 Humongous Allocation) 1075M->1093M(2228M) 26.639ms
[36.215s][info][gc       ] GC(193) Concurrent Mark Cycle
[36.215s][info][safepoint] Safepoint "G1TryInitiateConcMark", Time since last: 35732836 ns, Reaching safepoint: 520285 ns, At safepoint: 27285726 ns, Total: 27806011 ns
[36.452s][info][gc       ] GC(193) Pause Remark 1377M->971M(2228M) 1.550ms
[36.453s][info][safepoint] Safepoint "G1Concurrent", Time since last: 234411215 ns, Reaching safepoint: 748896 ns, At safepoint: 1972548 ns, Total: 2721444 ns
[36.600s][info][gc       ] GC(194) Pause Young (Normal) (G1 Evacuation Pause) 1011M->995M(2228M) 127.828ms
[36.601s][info][safepoint] Safepoint "G1CollectForAllocation", Time since last: 19482810 ns, Reaching safepoint: 356298 ns, At safepoint: 128325304 ns, Total: 128681602 ns
[36.707s][info][gc       ] GC(193) Pause Cleanup 1227M->1227M(2228M) 0.315ms
[36.708s][info][safepoint] Safepoint "G1Concurrent", Time since last: 105642543 ns, Reaching safepoint: 618762 ns, At safepoint: 851822 ns, Total: 1470584 ns
[36.711s][info][gc       ] GC(193) Concurrent Mark Cycle 495.930ms
[36.867s][info][gc       ] GC(195) Pause Young (Prepare Mixed) (G1 Evacuation Pause) 1359M->1373M(2228M) 120.913ms
[36.868s][info][safepoint] Safepoint "G1CollectForAllocation", Time since last: 38229297 ns, Reaching safepoint: 232539 ns, At safepoint: 121312479 ns, Total: 121545018 ns
[36.976s][info][gc       ] GC(196) Pause Young (Mixed) (G1 Evacuation Pause) 1437M->1275M(2228M) 67.215ms
[36.976s][info][safepoint] Safepoint "G1CollectForAllocation", Time since last: 40608207 ns, Reaching safepoint: 601977 ns, At safepoint: 67665110 ns, Total: 68267087 ns
[37.141s][info][gc       ] GC(197) Pause Young (Concurrent Start) (G1 Humongous Allocation) 1357M->1369M(3884M) 96.794ms
[37.141s][info][gc       ] GC(198) Concurrent Mark Cycle
[37.141s][info][safepoint] Safepoint "G1TryInitiateConcMark", Time since last: 66987583 ns, Reaching safepoint: 377117 ns, At safepoint: 97442874 ns, Total: 97819991 ns
[37.165s][info][gc       ] GC(198) Pause Remark 1433M->213M(736M) 1.947ms
[37.166s][info][safepoint] Safepoint "G1Concurrent", Time since last: 21149905 ns, Reaching safepoint: 672289 ns, At safepoint: 2434701 ns, Total: 3106990 ns
[37.194s][info][gc       ] GC(198) Pause Cleanup 289M->289M(736M) 0.306ms
[37.195s][info][safepoint] Safepoint "G1Concurrent", Time since last: 27971283 ns, Reaching safepoint: 414386 ns, At safepoint: 699786 ns, Total: 1114172 ns
[37.195s][info][gc       ] GC(198) Concurrent Mark Cycle 54.394ms
[37.325s][info][gc       ] GC(199) Pause Young (Prepare Mixed) (G1 Preventive Collection) 433M->409M(736M) 90.669ms
[37.325s][info][safepoint] Safepoint "G1CollectForAllocation", Time since last: 39266105 ns, Reaching safepoint: 333532 ns, At safepoint: 91143828 ns, Total: 91477360 ns
[37.375s][info][gc       ] GC(200) Pause Young (Mixed) (G1 Evacuation Pause) 413M->427M(736M) 46.823ms
[37.375s][info][safepoint] Safepoint "G1CollectForAllocation", Time since last: 2007620 ns, Reaching safepoint: 415013 ns, At safepoint: 47294309 ns, Total: 47709322 ns
[37.412s][info][gc       ] GC(201) Pause Young (Concurrent Start) (G1 Evacuation Pause) 491M->495M(736M) 17.704ms
[37.413s][info][gc       ] GC(202) Concurrent Mark Cycle
[37.413s][info][safepoint] Safepoint "G1CollectForAllocation", Time since last: 19380242 ns, Reaching safepoint: 264618 ns, At safepoint: 18155640 ns, Total: 18420258 ns
[37.458s][info][gc       ] GC(203) Pause Young (Normal) (G1 Evacuation Pause) 563M->569M(736M) 23.800ms
[37.459s][info][safepoint] Safepoint "G1CollectForAllocation", Time since last: 20913100 ns, Reaching safepoint: 484477 ns, At safepoint: 24280602 ns, Total: 24765079 ns
[37.496s][info][gc       ] GC(204) Pause Young (Normal) (G1 Evacuation Pause) 597M->604M(2208M) 21.910ms
[37.496s][info][safepoint] Safepoint "G1CollectForAllocation", Time since last: 14728903 ns, Reaching safepoint: 458721 ns, At safepoint: 22546395 ns, Total: 23005116 ns
[37.654s][info][gc       ] GC(202) Pause Remark 764M->712M(2208M) 1.614ms
[37.655s][info][safepoint] Safepoint "G1Concurrent", Time since last: 155352959 ns, Reaching safepoint: 747319 ns, At safepoint: 2134656 ns, Total: 2881975 ns
[37.954s][info][gc       ] GC(205) Pause Young (Normal) (G1 Evacuation Pause) 1028M->1017M(2208M) 177.151ms
[37.955s][info][safepoint] Safepoint "G1CollectForAllocation", Time since last: 122193164 ns, Reaching safepoint: 565719 ns, At safepoint: 177721545 ns, Total: 178287264 ns
[38.009s][info][gc       ] GC(202) Pause Cleanup 1127M->1127M(2208M) 0.366ms
[38.009s][info][safepoint] Safepoint "G1Concurrent", Time since last: 51919650 ns, Reaching safepoint: 1352316 ns, At safepoint: 819637 ns, Total: 2171953 ns
[38.011s][info][gc       ] GC(202) Concurrent Mark Cycle 598.474ms
[38.289s][info][gc       ] GC(206) Pause Young (Prepare Mixed) (G1 Evacuation Pause) 1345M->1327M(2208M) 150.310ms
[38.289s][info][safepoint] Safepoint "G1CollectForAllocation", Time since last: 128538206 ns, Reaching safepoint: 614884 ns, At safepoint: 150844367 ns, Total: 151459251 ns
[38.375s][info][gc       ] GC(207) Pause Young (Mixed) (G1 Evacuation Pause) 1407M->1407M(2208M) 56.901ms
[38.376s][info][safepoint] Safepoint "G1CollectForAllocation", Time since last: 29103584 ns, Reaching safepoint: 358664 ns, At safepoint: 57396406 ns, Total: 57755070 ns
[38.415s][info][gc       ] GC(208) Pause Young (Concurrent Start) (G1 Humongous Allocation) 1461M->1473M(2208M) 22.199ms
[38.415s][info][gc       ] GC(209) Concurrent Mark Cycle
[38.415s][info][safepoint] Safepoint "G1TryInitiateConcMark", Time since last: 16299717 ns, Reaching safepoint: 360461 ns, At safepoint: 22606215 ns, Total: 22966676 ns
[38.538s][info][gc       ] GC(210) Pause Young (Normal) (G1 Evacuation Pause) 1653M->1661M(2208M) 62.560ms
[38.539s][info][safepoint] Safepoint "G1CollectForAllocation", Time since last: 60233267 ns, Reaching safepoint: 355245 ns, At safepoint: 63026087 ns, Total: 63381332 ns
[38.551s][info][gc       ] GC(209) Pause Remark 1688M->518M(1748M) 1.813ms
[38.551s][info][safepoint] Safepoint "G1Concurrent", Time since last: 9310616 ns, Reaching safepoint: 654362 ns, At safepoint: 2114041 ns, Total: 2768403 ns
[38.623s][info][gc       ] GC(211) Pause Young (Normal) (G1 Evacuation Pause) 611M->623M(3596M) 41.768ms
[38.624s][info][safepoint] Safepoint "G1CollectForAllocation", Time since last: 30119319 ns, Reaching safepoint: 408261 ns, At safepoint: 42247752 ns, Total: 42656013 ns
[38.738s][info][gc       ] GC(209) Pause Cleanup 741M->741M(3596M) 0.442ms
[38.738s][info][safepoint] Safepoint "G1Concurrent", Time since last: 113323412 ns, Reaching safepoint: 478550 ns, At safepoint: 989003 ns, Total: 1467553 ns
[38.744s][info][gc       ] GC(209) Concurrent Mark Cycle 329.026ms
[39.120s][info][gc       ] GC(212) Pause Young (Prepare Mixed) (G1 Evacuation Pause) 1159M->1156M(3596M) 183.025ms
[39.121s][info][safepoint] Safepoint "G1CollectForAllocation", Time since last: 198482435 ns, Reaching safepoint: 338627 ns, At safepoint: 183553733 ns, Total: 183892360 ns
[39.274s][info][gc       ] GC(213) Pause Young (Mixed) (G1 Evacuation Pause) 1292M->1285M(3596M) 96.684ms
[39.275s][info][safepoint] Safepoint "G1CollectForAllocation", Time since last: 56668262 ns, Reaching safepoint: 258062 ns, At safepoint: 97331609 ns, Total: 97589671 ns
[39.692s][info][gc       ] GC(214) Pause Young (Concurrent Start) (G1 Humongous Allocation) 1779M->1787M(3596M) 184.607ms
[39.693s][info][gc       ] GC(215) Concurrent Mark Cycle
[39.693s][info][safepoint] Safepoint "G1TryInitiateConcMark", Time since last: 232079556 ns, Reaching safepoint: 567993 ns, At safepoint: 185271981 ns, Total: 185839974 ns
[39.770s][info][gc       ] GC(215) Pause Remark 1923M->695M(2336M) 1.911ms
[39.771s][info][safepoint] Safepoint "G1Concurrent", Time since last: 75127912 ns, Reaching safepoint: 389567 ns, At safepoint: 2391339 ns, Total: 2780906 ns
[40.041s][info][gc       ] GC(216) Pause Young (Normal) (G1 Evacuation Pause) 971M->911M(2336M) 131.962ms
[40.042s][info][safepoint] Safepoint "G1CollectForAllocation", Time since last: 137656449 ns, Reaching safepoint: 669067 ns, At safepoint: 132529878 ns, Total: 133198945 ns
[40.068s][info][gc       ] GC(215) Pause Cleanup 999M->999M(2336M) 0.313ms
[40.068s][info][safepoint] Safepoint "G1Concurrent", Time since last: 25158865 ns, Reaching safepoint: 735396 ns, At safepoint: 801659 ns, Total: 1537055 ns
[40.072s][info][gc       ] GC(215) Concurrent Mark Cycle 379.036ms
[40.339s][info][gc       ] GC(217) Pause Young (Prepare Mixed) (G1 Evacuation Pause) 1271M->1261M(2336M) 146.838ms
[40.340s][info][safepoint] Safepoint "G1CollectForAllocation", Time since last: 123434388 ns, Reaching safepoint: 292735 ns, At safepoint: 147360655 ns, Total: 147653390 ns
[40.463s][info][gc       ] GC(218) Pause Young (Mixed) (G1 Evacuation Pause) 1333M->1331M(2336M) 75.036ms
[40.463s][info][safepoint] Safepoint "G1CollectForAllocation", Time since last: 47839195 ns, Reaching safepoint: 360484 ns, At safepoint: 75598138 ns, Total: 75958622 ns
[40.484s][info][gc       ] GC(219) Pause Young (Concurrent Start) (G1 Humongous Allocation) 1341M->1343M(3948M) 16.421ms
[40.484s][info][safepoint] Safepoint "G1TryInitiateConcMark", Time since last: 3536877 ns, Reaching safepoint: 398937 ns, At safepoint: 16899763 ns, Total: 17298700 ns
[40.484s][info][gc       ] GC(220) Concurrent Undo Cycle
[40.490s][info][gc       ] GC(220) Concurrent Undo Cycle 5.923ms
[40.521s][info][gc       ] GC(221) Pause Young (Concurrent Start) (G1 Humongous Allocation) 1373M->1371M(3948M) 26.122ms
[40.521s][info][safepoint] Safepoint "G1TryInitiateConcMark", Time since last: 9744066 ns, Reaching safepoint: 481360 ns, At safepoint: 26687027 ns, Total: 27168387 ns
[40.521s][info][gc       ] GC(222) Concurrent Mark Cycle
[40.553s][info][gc       ] GC(222) Pause Remark 1469M->265M(908M) 1.880ms
[40.553s][info][safepoint] Safepoint "G1Concurrent", Time since last: 28656252 ns, Reaching safepoint: 950070 ns, At safepoint: 2367547 ns, Total: 3317617 ns
[40.574s][info][gc       ] GC(222) Pause Cleanup 339M->339M(908M) 0.403ms
[40.574s][info][safepoint] Safepoint "G1Concurrent", Time since last: 19628807 ns, Reaching safepoint: 823342 ns, At safepoint: 800507 ns, Total: 1623849 ns
[40.576s][info][gc       ] GC(222) Concurrent Mark Cycle 54.594ms
[40.757s][info][gc       ] GC(223) Pause Young (Prepare Mixed) (G1 Preventive Collection) 511M->498M(908M) 123.342ms
[40.757s][info][safepoint] Safepoint "G1CollectForAllocation", Time since last: 58885870 ns, Reaching safepoint: 341604 ns, At safepoint: 123739663 ns, Total: 124081267 ns
[40.799s][info][gc       ] GC(224) Pause Young (Mixed) (G1 Evacuation Pause) 526M->523M(908M) 36.521ms
[40.800s][info][safepoint] Safepoint "G1CollectForAllocation", Time since last: 5017546 ns, Reaching safepoint: 245167 ns, At safepoint: 37001484 ns, Total: 37246651 ns
[40.861s][info][gc       ] GC(225) Pause Young (Concurrent Start) (G1 Evacuation Pause) 607M->609M(908M) 28.835ms
[40.862s][info][gc       ] GC(226) Concurrent Mark Cycle
[40.862s][info][safepoint] Safepoint "G1CollectForAllocation", Time since last: 32458967 ns, Reaching safepoint: 280678 ns, At safepoint: 29398937 ns, Total: 29679615 ns
[41.049s][info][gc       ] GC(227) Pause Young (Normal) (G1 Evacuation Pause) 665M->671M(2724M) 84.034ms
[41.049s][info][safepoint] Safepoint "G1CollectForAllocation", Time since last: 101935310 ns, Reaching safepoint: 983069 ns, At safepoint: 84833984 ns, Total: 85817053 ns
[41.218s][info][gc       ] GC(226) Pause Remark 939M->891M(2724M) 2.006ms
[41.219s][info][safepoint] Safepoint "G1Concurrent", Time since last: 165852371 ns, Reaching safepoint: 624498 ns, At safepoint: 2653110 ns, Total: 3277608 ns
[41.416s][info][gc       ] GC(226) Pause Cleanup 1221M->1221M(2724M) 0.396ms
[41.416s][info][safepoint] Safepoint "G1Concurrent", Time since last: 196196525 ns, Reaching safepoint: 419013 ns, At safepoint: 921926 ns, Total: 1340939 ns
[41.420s][info][gc       ] GC(226) Concurrent Mark Cycle 558.657ms
[41.631s][info][gc       ] GC(228) Pause Young (Prepare Mixed) (G1 Evacuation Pause) 1247M->1178M(2724M) 192.231ms
[41.632s][info][safepoint] Safepoint "G1CollectForAllocation", Time since last: 22677595 ns, Reaching safepoint: 241596 ns, At safepoint: 192665179 ns, Total: 192906775 ns
[41.726s][info][gc       ] GC(229) Pause Young (Mixed) (G1 Evacuation Pause) 1250M->1251M(2724M) 68.196ms
[41.726s][info][safepoint] Safepoint "G1CollectForAllocation", Time since last: 25387684 ns, Reaching safepoint: 263459 ns, At safepoint: 68733118 ns, Total: 68996577 ns
[41.749s][info][gc       ] GC(230) Pause Young (Concurrent Start) (G1 Humongous Allocation) 1271M->1274M(2724M) 16.422ms
[41.749s][info][gc       ] GC(231) Concurrent Mark Cycle
[41.749s][info][safepoint] Safepoint "G1TryInitiateConcMark", Time since last: 6169690 ns, Reaching safepoint: 288484 ns, At safepoint: 16901067 ns, Total: 17189551 ns
[41.785s][info][gc       ] GC(231) Pause Remark 1378M->254M(868M) 2.157ms
[41.786s][info][safepoint] Safepoint "G1Concurrent", Time since last: 32366979 ns, Reaching safepoint: 1051465 ns, At safepoint: 2628487 ns, Total: 3679952 ns
[41.813s][info][gc       ] GC(231) Pause Cleanup 334M->334M(868M) 0.260ms
[41.814s][info][safepoint] Safepoint "G1Concurrent", Time since last: 26967649 ns, Reaching safepoint: 730548 ns, At safepoint: 675266 ns, Total: 1405814 ns
[41.815s][info][gc       ] GC(231) Concurrent Mark Cycle 65.912ms
[41.964s][info][gc       ] GC(232) Pause Young (Prepare Mixed) (G1 Preventive Collection) 490M->484M(868M) 97.842ms
[41.964s][info][safepoint] Safepoint "G1CollectForAllocation", Time since last: 51774381 ns, Reaching safepoint: 287410 ns, At safepoint: 98363208 ns, Total: 98650618 ns
[41.991s][info][gc       ] GC(233) Pause Young (Mixed) (G1 Evacuation Pause) 488M->488M(868M) 24.003ms
[41.991s][info][safepoint] Safepoint "G1CollectForAllocation", Time since last: 1957359 ns, Reaching safepoint: 478346 ns, At safepoint: 24572403 ns, Total: 25050749 ns
[42.002s][info][gc       ] GC(234) Pause Young (Concurrent Start) (G1 Humongous Allocation) 490M->489M(2604M) 9.035ms
[42.002s][info][safepoint] Safepoint "G1TryInitiateConcMark", Time since last: 1105551 ns, Reaching safepoint: 286749 ns, At safepoint: 9640722 ns, Total: 9927471 ns
[42.002s][info][gc       ] GC(235) Concurrent Undo Cycle
[42.006s][info][gc       ] GC(235) Concurrent Undo Cycle 3.135ms
[42.237s][info][gc       ] GC(236) Pause Young (Concurrent Start) (G1 Humongous Allocation) 709M->691M(2604M) 96.332ms
[42.238s][info][gc       ] GC(237) Concurrent Mark Cycle
[42.238s][info][safepoint] Safepoint "G1TryInitiateConcMark", Time since last: 138075380 ns, Reaching safepoint: 378770 ns, At safepoint: 96841020 ns, Total: 97219790 ns
[42.280s][info][gc       ] GC(237) Pause Remark 797M->341M(1160M) 1.520ms
[42.281s][info][safepoint] Safepoint "G1Concurrent", Time since last: 40682496 ns, Reaching safepoint: 518434 ns, At safepoint: 1924352 ns, Total: 2442786 ns
[42.327s][info][gc       ] GC(237) Pause Cleanup 447M->447M(1160M) 0.366ms
[42.327s][info][safepoint] Safepoint "G1Concurrent", Time since last: 44975195 ns, Reaching safepoint: 805254 ns, At safepoint: 771677 ns, Total: 1576931 ns
[42.329s][info][gc       ] GC(237) Concurrent Mark Cycle 91.076ms
[42.567s][info][gc       ] GC(238) Pause Young (Prepare Mixed) (G1 Preventive Collection) 691M->630M(1160M) 162.417ms
[42.567s][info][safepoint] Safepoint "G1CollectForAllocation", Time since last: 76468722 ns, Reaching safepoint: 279325 ns, At safepoint: 162882233 ns, Total: 163161558 ns
[42.612s][info][gc       ] GC(239) Pause Young (Mixed) (G1 Evacuation Pause) 634M->642M(1160M) 42.300ms
[42.612s][info][safepoint] Safepoint "G1CollectForAllocation", Time since last: 1894426 ns, Reaching safepoint: 425982 ns, At safepoint: 42678940 ns, Total: 43104922 ns
[42.807s][info][gc       ] GC(240) Pause Young (Concurrent Start) (G1 Evacuation Pause) 762M->765M(1160M) 95.119ms
[42.808s][info][gc       ] GC(241) Concurrent Mark Cycle
[42.808s][info][safepoint] Safepoint "G1CollectForAllocation", Time since last: 99255106 ns, Reaching safepoint: 812428 ns, At safepoint: 95823883 ns, Total: 96636311 ns
[42.832s][info][gc       ] GC(241) Pause Remark 845M->261M(896M) 1.628ms
[42.832s][info][safepoint] Safepoint "G1Concurrent", Time since last: 21917446 ns, Reaching safepoint: 400636 ns, At safepoint: 1980594 ns, Total: 2381230 ns
[42.869s][info][gc       ] GC(242) Pause Young (Normal) (G1 Evacuation Pause) 277M->267M(2688M) 32.153ms
[42.869s][info][safepoint] Safepoint "G1CollectForAllocation", Time since last: 3684276 ns, Reaching safepoint: 506964 ns, At safepoint: 32689336 ns, Total: 33196300 ns
[42.909s][info][gc       ] GC(241) Pause Cleanup 403M->403M(2688M) 0.299ms
[42.909s][info][safepoint] Safepoint "G1Concurrent", Time since last: 38808033 ns, Reaching safepoint: 820270 ns, At safepoint: 645502 ns, Total: 1465772 ns
[42.913s][info][gc       ] GC(241) Concurrent Mark Cycle 105.726ms
[43.274s][info][gc       ] GC(243) Pause Young (Prepare Mixed) (G1 Evacuation Pause) 895M->832M(2688M) 171.488ms
[43.275s][info][safepoint] Safepoint "G1CollectForAllocation", Time since last: 192900105 ns, Reaching safepoint: 351057 ns, At safepoint: 172040758 ns, Total: 172391815 ns
[43.379s][info][gc       ] GC(244) Pause Young (Mixed) (G1 Evacuation Pause) 900M->909M(2688M) 80.300ms
[43.379s][info][safepoint] Safepoint "G1CollectForAllocation", Time since last: 23064115 ns, Reaching safepoint: 720785 ns, At safepoint: 80821902 ns, Total: 81542687 ns
[43.720s][info][gc       ] GC(245) Pause Young (Normal) (G1 Evacuation Pause) 1373M->1331M(2688M) 133.000ms
[43.720s][info][safepoint] Safepoint "G1CollectForAllocation", Time since last: 207300890 ns, Reaching safepoint: 279148 ns, At safepoint: 133515073 ns, Total: 133794221 ns
[43.756s][info][gc       ] GC(246) Pause Young (Concurrent Start) (G1 Humongous Allocation) 1337M->1356M(2688M) 33.569ms
[43.757s][info][gc       ] GC(247) Concurrent Mark Cycle
[43.757s][info][safepoint] Safepoint "G1TryInitiateConcMark", Time since last: 1923055 ns, Reaching safepoint: 431651 ns, At safepoint: 34024030 ns, Total: 34455681 ns
[43.785s][info][gc       ] GC(247) Pause Remark 1424M->271M(920M) 1.957ms
[43.785s][info][safepoint] Safepoint "G1Concurrent", Time since last: 26133196 ns, Reaching safepoint: 314936 ns, At safepoint: 2322490 ns, Total: 2637426 ns
[43.829s][info][gc       ] GC(247) Pause Cleanup 377M->377M(920M) 0.479ms
[43.829s][info][safepoint] Safepoint "G1Concurrent", Time since last: 42367151 ns, Reaching safepoint: 639187 ns, At safepoint: 836350 ns, Total: 1475537 ns
[43.830s][info][gc       ] GC(247) Concurrent Mark Cycle 73.853ms
[43.998s][info][gc       ] GC(248) Pause Young (Prepare Mixed) (G1 Preventive Collection) 567M->575M(920M) 115.839ms
[43.998s][info][safepoint] Safepoint "G1CollectForAllocation", Time since last: 52329214 ns, Reaching safepoint: 217106 ns, At safepoint: 116307863 ns, Total: 116524969 ns
[44.028s][info][gc       ] GC(249) Pause Young (Mixed) (G1 Evacuation Pause) 579M->556M(2760M) 27.185ms
[44.029s][info][safepoint] Safepoint "G1CollectForAllocation", Time since last: 2686872 ns, Reaching safepoint: 351244 ns, At safepoint: 27695929 ns, Total: 28047173 ns
[44.048s][info][gc       ] GC(250) Pause Young (Concurrent Start) (G1 Humongous Allocation) 584M->581M(2760M) 9.675ms
[44.048s][info][gc       ] GC(251) Concurrent Mark Cycle
[44.048s][info][safepoint] Safepoint "G1TryInitiateConcMark", Time since last: 8819681 ns, Reaching safepoint: 234436 ns, At safepoint: 10132726 ns, Total: 10367162 ns
[44.282s][info][gc       ] GC(251) Pause Remark 941M->833M(2760M) 1.648ms
[44.283s][info][safepoint] Safepoint "G1Concurrent", Time since last: 231376733 ns, Reaching safepoint: 1104422 ns, At safepoint: 2079249 ns, Total: 3183671 ns
[44.545s][info][gc       ] GC(252) Pause Young (Normal) (G1 Evacuation Pause) 1049M->1027M(2760M) 194.445ms
[44.546s][info][safepoint] Safepoint "G1CollectForAllocation", Time since last: 67458752 ns, Reaching safepoint: 886363 ns, At safepoint: 194944367 ns, Total: 195830730 ns
[44.617s][info][gc       ] GC(251) Pause Cleanup 1185M->1185M(2760M) 0.315ms
[44.618s][info][safepoint] Safepoint "G1Concurrent", Time since last: 70642388 ns, Reaching safepoint: 397737 ns, At safepoint: 764614 ns, Total: 1162351 ns
[44.621s][info][gc       ] GC(251) Concurrent Mark Cycle 572.862ms
[44.993s][info][gc       ] GC(253) Pause Young (Prepare Mixed) (G1 Evacuation Pause) 1555M->1545M(2760M) 187.347ms
[44.994s][info][safepoint] Safepoint "G1CollectForAllocation", Time since last: 187548202 ns, Reaching safepoint: 593758 ns, At safepoint: 187823782 ns, Total: 188417540 ns
[45.074s][info][gc       ] GC(254) Pause Young (Mixed) (G1 Evacuation Pause) 1613M->1615M(2760M) 57.990ms
[45.074s][info][safepoint] Safepoint "G1CollectForAllocation", Time since last: 21669265 ns, Reaching safepoint: 702716 ns, At safepoint: 58428398 ns, Total: 59131114 ns
[45.112s][info][gc       ] GC(255) Pause Young (Concurrent Start) (G1 Humongous Allocation) 1671M->1681M(2760M) 22.121ms
[45.112s][info][gc       ] GC(256) Concurrent Mark Cycle
[45.112s][info][safepoint] Safepoint "G1TryInitiateConcMark", Time since last: 14966369 ns, Reaching safepoint: 244449 ns, At safepoint: 22521415 ns, Total: 22765864 ns
[45.432s][info][gc       ] GC(257) Pause Young (Normal) (G1 Evacuation Pause) 1965M->1949M(4200M) 126.257ms
[45.432s][info][safepoint] Safepoint "G1CollectForAllocation", Time since last: 192292290 ns, Reaching safepoint: 855202 ns, At safepoint: 126782399 ns, Total: 127637601 ns
[45.466s][info][gc       ] GC(256) Pause Remark 2017M->909M(3056M) 2.021ms
[45.466s][info][safepoint] Safepoint "G1Concurrent", Time since last: 30628013 ns, Reaching safepoint: 919343 ns, At safepoint: 2540970 ns, Total: 3460313 ns
[45.643s][info][gc       ] GC(256) Pause Cleanup 1225M->1225M(3056M) 0.570ms
[45.644s][info][safepoint] Safepoint "G1Concurrent", Time since last: 175029125 ns, Reaching safepoint: 955195 ns, At safepoint: 1351625 ns, Total: 2306820 ns
[45.647s][info][gc       ] GC(256) Concurrent Mark Cycle 534.667ms
[45.830s][info][gc       ] GC(258) Pause Young (Prepare Mixed) (G1 Evacuation Pause) 1301M->1299M(3056M) 142.556ms
[45.831s][info][safepoint] Safepoint "G1CollectForAllocation", Time since last: 43697608 ns, Reaching safepoint: 307894 ns, At safepoint: 143006158 ns, Total: 143314052 ns
[46.023s][info][gc       ] GC(259) Pause Young (Mixed) (G1 Evacuation Pause) 1399M->1379M(3056M) 108.818ms
[46.024s][info][safepoint] Safepoint "G1CollectForAllocation", Time since last: 82758766 ns, Reaching safepoint: 782022 ns, At safepoint: 109509046 ns, Total: 110291068 ns
[46.047s][info][gc       ] GC(260) Pause Young (Concurrent Start) (G1 Humongous Allocation) 1389M->1390M(3056M) 19.862ms
[46.048s][info][gc       ] GC(261) Concurrent Mark Cycle
[46.048s][info][safepoint] Safepoint "G1TryInitiateConcMark", Time since last: 3323040 ns, Reaching safepoint: 400758 ns, At safepoint: 20245450 ns, Total: 20646208 ns
[46.081s][info][gc       ] GC(261) Pause Remark 1498M->257M(880M) 2.311ms
[46.081s][info][safepoint] Safepoint "G1Concurrent", Time since last: 30134774 ns, Reaching safepoint: 616530 ns, At safepoint: 2743137 ns, Total: 3359667 ns
[46.109s][info][gc       ] GC(261) Pause Cleanup 343M->343M(880M) 0.259ms
[46.110s][info][safepoint] Safepoint "G1Concurrent", Time since last: 27462804 ns, Reaching safepoint: 362266 ns, At safepoint: 670598 ns, Total: 1032864 ns
[46.111s][info][gc       ] GC(261) Concurrent Mark Cycle 63.796ms
[46.295s][info][gc       ] GC(262) Pause Young (Prepare Mixed) (G1 Preventive Collection) 501M->483M(880M) 121.658ms
[46.296s][info][safepoint] Safepoint "G1CollectForAllocation", Time since last: 63418640 ns, Reaching safepoint: 472373 ns, At safepoint: 122238023 ns, Total: 122710396 ns
[46.331s][info][gc       ] GC(263) Pause Young (Mixed) (G1 Evacuation Pause) 487M->478M(880M) 32.975ms
[46.332s][info][safepoint] Safepoint "G1CollectForAllocation", Time since last: 2257897 ns, Reaching safepoint: 261354 ns, At safepoint: 33366283 ns, Total: 33627637 ns
[46.356s][info][gc       ] GC(264) Pause Young (Concurrent Start) (G1 Humongous Allocation) 498M->507M(2640M) 15.695ms
[46.357s][info][gc       ] GC(265) Concurrent Undo Cycle
[46.357s][info][safepoint] Safepoint "G1TryInitiateConcMark", Time since last: 8734597 ns, Reaching safepoint: 225345 ns, At safepoint: 16140488 ns, Total: 16365833 ns
[46.359s][info][gc       ] GC(265) Concurrent Undo Cycle 2.086ms
[46.573s][info][gc       ] GC(266) Pause Young (Concurrent Start) (G1 Humongous Allocation) 727M->710M(2640M) 92.094ms
[46.573s][info][gc       ] GC(267) Concurrent Mark Cycle
[46.573s][info][safepoint] Safepoint "G1TryInitiateConcMark", Time since last: 123699557 ns, Reaching safepoint: 288745 ns, At safepoint: 92654097 ns, Total: 92942842 ns
[46.610s][info][gc       ] GC(267) Pause Remark 786M->330M(1120M) 1.754ms
[46.611s][info][safepoint] Safepoint "G1Concurrent", Time since last: 34295898 ns, Reaching safepoint: 971188 ns, At safepoint: 2174217 ns, Total: 3145405 ns
[46.647s][info][gc       ] GC(267) Pause Cleanup 462M->462M(1120M) 0.221ms
[46.648s][info][safepoint] Safepoint "G1Concurrent", Time since last: 35803276 ns, Reaching safepoint: 567507 ns, At safepoint: 644692 ns, Total: 1212199 ns
[46.649s][info][gc       ] GC(267) Concurrent Mark Cycle 75.672ms
[46.826s][info][gc       ] GC(268) Pause Young (Prepare Mixed) (G1 Preventive Collection) 650M->598M(1120M) 119.937ms
[46.827s][info][safepoint] Safepoint "G1CollectForAllocation", Time since last: 58148912 ns, Reaching safepoint: 186219 ns, At safepoint: 120438191 ns, Total: 120624410 ns
[46.876s][info][gc       ] GC(269) Pause Young (Mixed) (G1 Evacuation Pause) 626M->642M(1120M) 43.397ms
[46.876s][info][safepoint] Safepoint "G1CollectForAllocation", Time since last: 5543906 ns, Reaching safepoint: 272595 ns, At safepoint: 43836581 ns, Total: 44109176 ns
[47.012s][info][gc       ] GC(270) Pause Young (Concurrent Start) (G1 Evacuation Pause) 750M->753M(1120M) 62.178ms
[47.013s][info][gc       ] GC(271) Concurrent Mark Cycle
[47.013s][info][safepoint] Safepoint "G1CollectForAllocation", Time since last: 73333722 ns, Reaching safepoint: 358495 ns, At safepoint: 62826238 ns, Total: 63184733 ns
[47.175s][info][gc       ] GC(272) Pause Young (Normal) (G1 Evacuation Pause) 824M->829M(3216M) 75.266ms
[47.176s][info][safepoint] Safepoint "G1CollectForAllocation", Time since last: 86475868 ns, Reaching safepoint: 335082 ns, At safepoint: 75952041 ns, Total: 76287123 ns
[47.302s][info][gc       ] GC(271) Pause Remark 1111M->947M(3188M) 2.158ms
[47.302s][info][safepoint] Safepoint "G1Concurrent", Time since last: 120542699 ns, Reaching safepoint: 3544824 ns, At safepoint: 2621422 ns, Total: 6166246 ns
[47.481s][info][gc       ] GC(271) Pause Cleanup 1321M->1321M(3188M) 0.666ms
[47.481s][info][safepoint] Safepoint "G1Concurrent", Time since last: 177096639 ns, Reaching safepoint: 894349 ns, At safepoint: 1176432 ns, Total: 2070781 ns
[47.486s][info][gc       ] GC(271) Concurrent Mark Cycle 473.118ms
[47.660s][info][gc       ] GC(273) Pause Young (Prepare Mixed) (G1 Evacuation Pause) 1329M->1256M(3188M) 173.059ms
[47.660s][info][safepoint] Safepoint "G1CollectForAllocation", Time since last: 4943958 ns, Reaching safepoint: 289252 ns, At safepoint: 173489215 ns, Total: 173778467 ns
[47.741s][info][gc       ] GC(274) Pause Young (Mixed) (G1 Evacuation Pause) 1352M->1351M(3188M) 56.995ms
[47.741s][info][safepoint] Safepoint "G1CollectForAllocation", Time since last: 22906370 ns, Reaching safepoint: 477687 ns, At safepoint: 57410564 ns, Total: 57888251 ns
[47.903s][info][gc       ] GC(275) Pause Young (Concurrent Start) (G1 Humongous Allocation) 1613M->1623M(3188M) 77.287ms
[47.904s][info][gc       ] GC(276) Concurrent Mark Cycle
[47.904s][info][safepoint] Safepoint "G1TryInitiateConcMark", Time since last: 84748769 ns, Reaching safepoint: 257914 ns, At safepoint: 77870552 ns, Total: 78128466 ns
[48.011s][info][gc       ] GC(276) Pause Remark 1787M->645M(2176M) 2.118ms
[48.012s][info][safepoint] Safepoint "G1Concurrent", Time since last: 104261905 ns, Reaching safepoint: 931969 ns, At safepoint: 2725029 ns, Total: 3656998 ns
[48.304s][info][gc       ] GC(277) Pause Young (Normal) (G1 Evacuation Pause) 925M->905M(2176M) 155.257ms
[48.304s][info][safepoint] Safepoint "G1CollectForAllocation", Time since last: 136185854 ns, Reaching safepoint: 510146 ns, At safepoint: 156009438 ns, Total: 156519584 ns
[48.310s][info][gc       ] GC(276) Pause Cleanup 913M->913M(2176M) 0.487ms
[48.311s][info][safepoint] Safepoint "G1Concurrent", Time since last: 4544851 ns, Reaching safepoint: 551884 ns, At safepoint: 1196868 ns, Total: 1748752 ns
[48.339s][info][gc       ] GC(276) Concurrent Mark Cycle 435.388ms
[48.619s][info][gc       ] GC(278) Pause Young (Prepare Mixed) (G1 Evacuation Pause) 1269M->1241M(2176M) 154.446ms
[48.619s][info][safepoint] Safepoint "G1CollectForAllocation", Time since last: 152946276 ns, Reaching safepoint: 489560 ns, At safepoint: 154990774 ns, Total: 155480334 ns
[48.674s][info][gc       ] GC(279) Pause Young (Mixed) (G1 Evacuation Pause) 1309M->1311M(3852M) 39.532ms
[48.674s][info][safepoint] Safepoint "G1CollectForAllocation", Time since last: 15003581 ns, Reaching safepoint: 268965 ns, At safepoint: 39937109 ns, Total: 40206074 ns
[49.038s][info][gc       ] GC(280) Pause Young (Normal) (G1 Evacuation Pause) 1839M->1787M(3852M) 146.875ms
[49.039s][info][safepoint] Safepoint "G1CollectForAllocation", Time since last: 216830882 ns, Reaching safepoint: 285704 ns, At safepoint: 147333854 ns, Total: 147619558 ns
[49.104s][info][gc       ] GC(281) Pause Young (Concurrent Start) (G1 Humongous Allocation) 1831M->1847M(3852M) 48.896ms
[49.105s][info][gc       ] GC(282) Concurrent Mark Cycle
[49.105s][info][safepoint] Safepoint "G1TryInitiateConcMark", Time since last: 16302878 ns, Reaching safepoint: 445766 ns, At safepoint: 49343540 ns, Total: 49789306 ns
[49.126s][info][gc       ] GC(282) Pause Remark 1915M->281M(960M) 2.053ms
[49.127s][info][safepoint] Safepoint "G1Concurrent", Time since last: 18651395 ns, Reaching safepoint: 842528 ns, At safepoint: 2420425 ns, Total: 3262953 ns
[49.157s][info][gc       ] GC(282) Pause Cleanup 353M->353M(960M) 0.243ms
[49.157s][info][safepoint] Safepoint "G1Concurrent", Time since last: 28780080 ns, Reaching safepoint: 772232 ns, At safepoint: 549487 ns, Total: 1321719 ns
[49.158s][info][gc       ] GC(282) Concurrent Mark Cycle 52.941ms
[49.352s][info][gc       ] GC(283) Pause Young (Prepare Mixed) (G1 Preventive Collection) 573M->573M(960M) 116.514ms
[49.352s][info][safepoint] Safepoint "G1CollectForAllocation", Time since last: 77834968 ns, Reaching safepoint: 294527 ns, At safepoint: 116960329 ns, Total: 117254856 ns
[49.386s][info][gc       ] GC(284) Pause Young (Mixed) (G1 Evacuation Pause) 577M->542M(960M) 31.314ms
[49.387s][info][safepoint] Safepoint "G1CollectForAllocation", Time since last: 2516668 ns, Reaching safepoint: 263151 ns, At safepoint: 31754014 ns, Total: 32017165 ns
[49.419s][info][gc       ] GC(285) Pause Young (Concurrent Start) (G1 Humongous Allocation) 574M->581M(2880M) 21.877ms
[49.419s][info][gc       ] GC(286) Concurrent Undo Cycle
[49.419s][info][safepoint] Safepoint "G1TryInitiateConcMark", Time since last: 10335501 ns, Reaching safepoint: 245583 ns, At safepoint: 22327125 ns, Total: 22572708 ns
[49.422s][info][gc       ] GC(286) Concurrent Undo Cycle 2.568ms
[49.830s][info][gc       ] GC(287) Pause Young (Concurrent Start) (G1 Humongous Allocation) 1055M->1037M(2880M) 155.562ms
[49.830s][info][gc       ] GC(288) Concurrent Mark Cycle
[49.830s][info][safepoint] Safepoint "G1TryInitiateConcMark", Time since last: 254252971 ns, Reaching safepoint: 599617 ns, At safepoint: 156042668 ns, Total: 156642285 ns
[49.914s][info][gc       ] GC(288) Pause Remark 1231M->673M(2268M) 1.695ms
[49.915s][info][safepoint] Safepoint "G1Concurrent", Time since last: 81712735 ns, Reaching safepoint: 600338 ns, At safepoint: 2120290 ns, Total: 2720628 ns
[50.065s][info][gc       ] GC(288) Pause Cleanup 905M->905M(2268M) 0.552ms
[50.065s][info][safepoint] Safepoint "G1Concurrent", Time since last: 148647058 ns, Reaching safepoint: 594724 ns, At safepoint: 1081757 ns, Total: 1676481 ns
[50.067s][info][gc       ] GC(288) Concurrent Mark Cycle 236.960ms
[50.182s][info][gc       ] GC(289) Pause Young (Prepare Mixed) (G1 Evacuation Pause) 911M->821M(2268M) 113.585ms
[50.182s][info][safepoint] Safepoint "G1CollectForAllocation", Time since last: 2863928 ns, Reaching safepoint: 205645 ns, At safepoint: 114172377 ns, Total: 114378022 ns
[50.243s][info][gc       ] GC(290) Pause Young (Mixed) (G1 Evacuation Pause) 885M->893M(2268M) 42.353ms
[50.243s][info][safepoint] Safepoint "G1CollectForAllocation", Time since last: 17547310 ns, Reaching safepoint: 543625 ns, At safepoint: 42878509 ns, Total: 43422134 ns
[50.262s][info][gc       ] GC(291) Pause Young (Concurrent Start) (G1 Humongous Allocation) 917M->918M(2268M) 12.001ms
[50.263s][info][gc       ] GC(292) Concurrent Mark Cycle
[50.263s][info][safepoint] Safepoint "G1TryInitiateConcMark", Time since last: 6840591 ns, Reaching safepoint: 209708 ns, At safepoint: 12571029 ns, Total: 12780737 ns
[50.351s][info][gc       ] GC(292) Pause Remark 1090M->466M(1588M) 2.435ms
[50.352s][info][safepoint] Safepoint "G1Concurrent", Time since last: 84982356 ns, Reaching safepoint: 618838 ns, At safepoint: 3207253 ns, Total: 3826091 ns
[50.438s][info][gc       ] GC(292) Pause Cleanup 654M->654M(1588M) 0.460ms
[50.438s][info][safepoint] Safepoint "G1Concurrent", Time since last: 85095864 ns, Reaching safepoint: 441254 ns, At safepoint: 1081267 ns, Total: 1522521 ns
[50.440s][info][gc       ] GC(292) Concurrent Mark Cycle 177.150ms
[50.603s][info][gc       ] GC(293) Pause Young (Prepare Mixed) (G1 Evacuation Pause) 690M->660M(1588M) 129.983ms
[50.603s][info][safepoint] Safepoint "G1CollectForAllocation", Time since last: 33495291 ns, Reaching safepoint: 702207 ns, At safepoint: 130594308 ns, Total: 131296515 ns
[50.695s][info][gc       ] GC(294) Pause Young (Mixed) (G1 Evacuation Pause) 684M->663M(3500M) 63.281ms
[50.695s][info][safepoint] Safepoint "G1CollectForAllocation", Time since last: 28174785 ns, Reaching safepoint: 342721 ns, At safepoint: 63840831 ns, Total: 64183552 ns
[51.150s][info][gc       ] GC(295) Pause Young (Normal) (G1 Evacuation Pause) 1343M->1267M(3500M) 195.949ms
[51.151s][info][safepoint] Safepoint "G1CollectForAllocation", Time since last: 258362858 ns, Reaching safepoint: 392161 ns, At safepoint: 196592918 ns, Total: 196985079 ns
[51.541s][info][gc       ] GC(296) Pause Young (Normal) (G1 Evacuation Pause) 1883M->1825M(3500M) 195.478ms
[51.542s][info][safepoint] Safepoint "G1CollectForAllocation", Time since last: 194375916 ns, Reaching safepoint: 356927 ns, At safepoint: 196054954 ns, Total: 196411881 ns
[51.591s][info][gc       ] GC(297) Pause Young (Concurrent Start) (G1 Humongous Allocation) 1843M->1863M(3500M) 43.964ms
[51.592s][info][safepoint] Safepoint "G1TryInitiateConcMark", Time since last: 5068455 ns, Reaching safepoint: 473707 ns, At safepoint: 44458474 ns, Total: 44932181 ns
[51.592s][info][gc       ] GC(298) Concurrent Mark Cycle
[51.638s][info][gc       ] GC(298) Pause Remark 1985M->373M(1268M) 2.194ms
[51.638s][info][safepoint] Safepoint "G1Concurrent", Time since last: 43418451 ns, Reaching safepoint: 625596 ns, At safepoint: 2569642 ns, Total: 3195238 ns
[51.702s][info][gc       ] GC(298) Pause Cleanup 511M->511M(1268M) 0.283ms
[51.702s][info][safepoint] Safepoint "G1Concurrent", Time since last: 62685236 ns, Reaching safepoint: 452441 ns, At safepoint: 598359 ns, Total: 1050800 ns
[51.705s][info][gc       ] GC(298) Concurrent Mark Cycle 113.073ms
[51.910s][info][gc       ] GC(299) Pause Young (Prepare Mixed) (G1 Evacuation Pause) 723M->717M(1268M) 129.339ms
[51.910s][info][safepoint] Safepoint "G1CollectForAllocation", Time since last: 77940259 ns, Reaching safepoint: 256757 ns, At safepoint: 130014756 ns, Total: 130271513 ns
[51.961s][info][gc       ] GC(300) Pause Young (Mixed) (G1 Evacuation Pause) 721M->717M(3308M) 45.045ms
[51.961s][info][safepoint] Safepoint "G1CollectForAllocation", Time since last: 4850740 ns, Reaching safepoint: 483919 ns, At safepoint: 45584450 ns, Total: 46068369 ns
[52.458s][info][gc       ] GC(301) Pause Young (Normal) (G1 Evacuation Pause) 1397M->1323M(3308M) 196.251ms
[52.459s][info][safepoint] Safepoint "G1CollectForAllocation", Time since last: 300463842 ns, Reaching safepoint: 344964 ns, At safepoint: 196876058 ns, Total: 197221022 ns
[52.521s][info][gc       ] GC(302) Pause Young (Concurrent Start) (G1 Humongous Allocation) 1347M->1368M(3308M) 53.744ms
[52.521s][info][gc       ] GC(303) Concurrent Mark Cycle
[52.522s][info][safepoint] Safepoint "G1TryInitiateConcMark", Time since last: 8025956 ns, Reaching safepoint: 356738 ns, At safepoint: 54441486 ns, Total: 54798224 ns
[52.547s][info][gc       ] GC(303) Pause Remark 1456M->292M(1000M) 1.776ms
[52.548s][info][safepoint] Safepoint "G1Concurrent", Time since last: 23440313 ns, Reaching safepoint: 557961 ns, At safepoint: 2092778 ns, Total: 2650739 ns
[52.587s][info][gc       ] GC(303) Pause Cleanup 428M->428M(1000M) 0.488ms
[52.588s][info][safepoint] Safepoint "G1Concurrent", Time since last: 38008484 ns, Reaching safepoint: 576862 ns, At safepoint: 1219759 ns, Total: 1796621 ns
[52.590s][info][gc       ] GC(303) Concurrent Mark Cycle 69.095ms
[52.779s][info][gc       ] GC(304) Pause Young (Prepare Mixed) (G1 Preventive Collection) 600M->601M(1000M) 133.587ms
[52.779s][info][safepoint] Safepoint "G1CollectForAllocation", Time since last: 56988958 ns, Reaching safepoint: 557217 ns, At safepoint: 134095548 ns, Total: 134652765 ns
[52.824s][info][gc       ] GC(305) Pause Young (Mixed) (G1 Evacuation Pause) 629M->635M(1000M) 39.820ms
[52.825s][info][safepoint] Safepoint "G1CollectForAllocation", Time since last: 5193471 ns, Reaching safepoint: 305439 ns, At safepoint: 40232041 ns, Total: 40537480 ns
[52.870s][info][gc       ] GC(306) Pause Young (Concurrent Start) (G1 Evacuation Pause) 711M->711M(3000M) 25.116ms
[52.870s][info][safepoint] Safepoint "G1CollectForAllocation", Time since last: 19750943 ns, Reaching safepoint: 366155 ns, At safepoint: 25501337 ns, Total: 25867492 ns
[52.871s][info][gc       ] GC(307) Concurrent Mark Cycle
[53.150s][info][gc       ] GC(307) Pause Remark 1161M->1021M(3000M) 1.646ms
[53.151s][info][safepoint] Safepoint "G1Concurrent", Time since last: 277451146 ns, Reaching safepoint: 722900 ns, At safepoint: 1963021 ns, Total: 2685921 ns
[53.411s][info][gc       ] GC(308) Pause Young (Normal) (G1 Evacuation Pause) 1179M->1182M(3000M) 206.065ms
[53.412s][info][safepoint] Safepoint "G1CollectForAllocation", Time since last: 54083233 ns, Reaching safepoint: 505410 ns, At safepoint: 206499877 ns, Total: 207005287 ns
[53.551s][info][gc       ] GC(307) Pause Cleanup 1270M->1270M(3000M) 0.327ms
[53.551s][info][safepoint] Safepoint "G1Concurrent", Time since last: 138656968 ns, Reaching safepoint: 265224 ns, At safepoint: 663131 ns, Total: 928355 ns
[53.555s][info][gc       ] GC(307) Concurrent Mark Cycle 684.753ms
