[0.011s][info][gc] Using G1
[1.168s][info][safepoint] Safepoint "Cleanup", Time since last: 1148623200 ns, Reaching safepoint: 327800 ns, At safepoint: 31200 ns, Total: 359000 ns
[2.188s][info][gc       ] GC(0) Pause Young (Normal) (G1 Evacuation Pause) 28M->15M(508M) 6.120ms
[2.188s][info][safepoint] Safepoint "G1CollectForAllocation", Time since last: 1013933200 ns, Reaching safepoint: 22400 ns, At safepoint: 6320800 ns, Total: 6343200 ns
[2.214s][info][gc       ] GC(1) Pause Young (Normal) (G1 Evacuation Pause) 55M->56M(508M) 14.364ms
[2.214s][info][safepoint] Safepoint "G1CollectForAllocation", Time since last: 11572200 ns, Reaching safepoint: 157399 ns, At safepoint: 14511800 ns, Total: 14669199 ns
[2.233s][info][gc       ] GC(2) Pause Young (Normal) (G1 Evacuation Pause) 88M->90M(508M) 7.404ms
[2.233s][info][safepoint] Safepoint "G1CollectForAllocation", Time since last: 10900700 ns, Reaching safepoint: 227400 ns, At safepoint: 7508901 ns, Total: 7736301 ns
[2.256s][info][gc       ] GC(3) Pause Young (Normal) (G1 Evacuation Pause) 126M->128M(508M) 11.294ms
[2.256s][info][safepoint] Safepoint "G1CollectForAllocation", Time since last: 11299700 ns, Reaching safepoint: 218299 ns, At safepoint: 11407001 ns, Total: 11625300 ns
[2.271s][info][gc       ] GC(4) Pause Young (Normal) (G1 Evacuation Pause) 152M->153M(508M) 8.265ms
[2.271s][info][safepoint] Safepoint "G1CollectForAllocation", Time since last: 6371100 ns, Reaching safepoint: 204199 ns, At safepoint: 8395701 ns, Total: 8599900 ns
[2.304s][info][gc       ] GC(5) Pause Young (Normal) (G1 Evacuation Pause) 213M->216M(1524M) 12.907ms
[2.304s][info][safepoint] Safepoint "G1CollectForAllocation", Time since last: 19898000 ns, Reaching safepoint: 214200 ns, At safepoint: 13003499 ns, Total: 13217699 ns
[2.364s][info][gc       ] GC(6) Pause Young (Normal) (G1 Evacuation Pause) 320M->322M(1524M) 17.590ms
[2.365s][info][safepoint] Safepoint "G1CollectForAllocation", Time since last: 42644800 ns, Reaching safepoint: 206701 ns, At safepoint: 17696100 ns, Total: 17902801 ns
[2.421s][info][gc       ] GC(7) Pause Young (Normal) (G1 Evacuation Pause) 442M->446M(1524M) 19.929ms
[2.421s][info][safepoint] Safepoint "G1CollectForAllocation", Time since last: 36294200 ns, Reaching safepoint: 215900 ns, At safepoint: 20062800 ns, Total: 20278700 ns
[2.487s][info][gc       ] GC(8) Pause Young (Normal) (G1 Evacuation Pause) 594M->600M(1524M) 28.937ms
[2.487s][info][safepoint] Safepoint "G1CollectForAllocation", Time since last: 36518600 ns, Reaching safepoint: 226200 ns, At safepoint: 29074500 ns, Total: 29300700 ns
[2.536s][info][gc       ] GC(9) Pause Young (Normal) (G1 Evacuation Pause) 684M->690M(4164M) 25.638ms
[2.536s][info][safepoint] Safepoint "G1CollectForAllocation", Time since last: 22775900 ns, Reaching safepoint: 132100 ns, At safepoint: 25779600 ns, Total: 25911700 ns
[2.726s][info][gc       ] GC(10) Pause Young (Normal) (G1 Evacuation Pause) 1030M->1032M(4164M) 56.099ms
[2.726s][info][safepoint] Safepoint "G1CollectForAllocation", Time since last: 133611200 ns, Reaching safepoint: 181900 ns, At safepoint: 56211500 ns, Total: 56393400 ns
[2.901s][info][gc       ] GC(11) Pause Young (Normal) (G1 Evacuation Pause) 1356M->1370M(4164M) 77.293ms
[2.901s][info][safepoint] Safepoint "G1CollectForAllocation", Time since last: 97994799 ns, Reaching safepoint: 53600 ns, At safepoint: 77419601 ns, Total: 77473201 ns
[3.030s][info][gc       ] GC(12) Pause Young (Normal) (G1 Evacuation Pause) 1630M->1640M(4164M) 51.916ms
[3.030s][info][safepoint] Safepoint "G1CollectForAllocation", Time since last: 76993600 ns, Reaching safepoint: 160500 ns, At safepoint: 52035600 ns, Total: 52196100 ns
[3.178s][info][gc       ] GC(13) Pause Young (Normal) (G1 Evacuation Pause) 1940M->1954M(5748M) 54.654ms
[3.178s][info][safepoint] Safepoint "G1CollectForAllocation", Time since last: 92433000 ns, Reaching safepoint: 190600 ns, At safepoint: 54755200 ns, Total: 54945800 ns
[3.442s][info][gc       ] GC(14) Pause Young (Normal) (G1 Evacuation Pause) 2378M->2388M(5748M) 98.875ms
[3.442s][info][safepoint] Safepoint "G1CollectForAllocation", Time since last: 164719000 ns, Reaching safepoint: 185799 ns, At safepoint: 99036501 ns, Total: 99222300 ns
[3.669s][info][gc       ] GC(15) Pause Young (Normal) (G1 Evacuation Pause) 2836M->2848M(5748M) 86.275ms
[3.669s][info][safepoint] Safepoint "G1CollectForAllocation", Time since last: 140948700 ns, Reaching safepoint: 187099 ns, At safepoint: 86399801 ns, Total: 86586900 ns
[3.720s][info][gc       ] GC(16) Pause Young (Concurrent Start) (G1 Humongous Allocation) 2934M->2944M(5748M) 28.185ms
[3.720s][info][gc       ] GC(17) Concurrent Mark Cycle
[3.721s][info][safepoint] Safepoint "G1TryInitiateConcMark", Time since last: 22805300 ns, Reaching safepoint: 185300 ns, At safepoint: 28346099 ns, Total: 28531399 ns
[3.742s][info][gc       ] GC(17) Pause Remark 3014M->222M(748M) 1.520ms
[3.742s][info][safepoint] Safepoint "G1Concurrent", Time since last: 19500901 ns, Reaching safepoint: 628499 ns, At safepoint: 1668401 ns, Total: 2296900 ns
[3.776s][info][gc       ] GC(17) Pause Cleanup 348M->348M(748M) 0.148ms
[3.776s][info][safepoint] Safepoint "G1Concurrent", Time since last: 32944400 ns, Reaching safepoint: 210799 ns, At safepoint: 264800 ns, Total: 475599 ns
[3.778s][info][gc       ] GC(17) Concurrent Mark Cycle 57.069ms
[3.883s][info][gc       ] GC(18) Pause Young (Normal) (G1 Preventive Collection) 468M->444M(748M) 78.012ms
[3.883s][info][safepoint] Safepoint "G1CollectForAllocation", Time since last: 29144800 ns, Reaching safepoint: 133900 ns, At safepoint: 78133801 ns, Total: 78267701 ns
[3.952s][info][gc       ] GC(19) Pause Young (Concurrent Start) (G1 Evacuation Pause) 568M->582M(2244M) 37.713ms
[3.952s][info][safepoint] Safepoint "G1CollectForAllocation", Time since last: 28669400 ns, Reaching safepoint: 2084200 ns, At safepoint: 37825500 ns, Total: 39909700 ns
[3.952s][info][gc       ] GC(20) Concurrent Mark Cycle
[4.059s][info][gc       ] GC(20) Pause Remark 980M->812M(2244M) 0.655ms
[4.060s][info][safepoint] Safepoint "G1Concurrent", Time since last: 92191900 ns, Reaching safepoint: 14897000 ns, At safepoint: 705800 ns, Total: 15602800 ns
[4.178s][info][gc       ] GC(21) Pause Young (Normal) (G1 Evacuation Pause) 918M->924M(2244M) 75.078ms
[4.178s][info][safepoint] Safepoint "G1CollectForAllocation", Time since last: 42670400 ns, Reaching safepoint: 449400 ns, At safepoint: 75198699 ns, Total: 75648099 ns
[4.312s][info][gc       ] GC(20) Pause Cleanup 1298M->1298M(2244M) 0.198ms
[4.312s][info][safepoint] Safepoint "G1Concurrent", Time since last: 132715900 ns, Reaching safepoint: 1402800 ns, At safepoint: 311500 ns, Total: 1714300 ns
[4.314s][info][gc       ] GC(20) Concurrent Mark Cycle 362.552ms
[4.438s][info][gc       ] GC(22) Pause Young (Prepare Mixed) (G1 Evacuation Pause) 1380M->1392M(2244M) 96.302ms
[4.438s][info][safepoint] Safepoint "G1CollectForAllocation", Time since last: 28968001 ns, Reaching safepoint: 133200 ns, At safepoint: 96386300 ns, Total: 96519500 ns
[4.509s][info][gc       ] GC(23) Pause Young (Mixed) (G1 Evacuation Pause) 1540M->1544M(2244M) 39.965ms
[4.509s][info][safepoint] Safepoint "G1CollectForAllocation", Time since last: 31423600 ns, Reaching safepoint: 147199 ns, At safepoint: 40054500 ns, Total: 40201699 ns
[4.566s][info][gc       ] GC(24) Pause Young (Concurrent Start) (G1 Humongous Allocation) 1658M->1668M(2244M) 24.203ms
[4.566s][info][gc       ] GC(25) Concurrent Mark Cycle
[4.566s][info][safepoint] Safepoint "G1TryInitiateConcMark", Time since last: 32139301 ns, Reaching safepoint: 58000 ns, At safepoint: 24267700 ns, Total: 24325700 ns
[4.645s][info][gc       ] GC(26) Pause Young (Normal) (G1 Evacuation Pause) 1892M->1900M(2244M) 24.256ms
[4.645s][info][safepoint] Safepoint "G1CollectForAllocation", Time since last: 54415600 ns, Reaching safepoint: 230499 ns, At safepoint: 24368001 ns, Total: 24598500 ns
[4.733s][info][gc       ] GC(27) Pause Young (Normal) (G1 Evacuation Pause) 2072M->2081M(4596M) 49.851ms
[4.733s][info][safepoint] Safepoint "G1CollectForAllocation", Time since last: 38379700 ns, Reaching safepoint: 221700 ns, At safepoint: 49950200 ns, Total: 50171900 ns
[4.807s][info][gc       ] GC(25) Pause Remark 2287M->1267M(4240M) 1.210ms
[4.807s][info][safepoint] Safepoint "G1Concurrent", Time since last: 65201700 ns, Reaching safepoint: 7028999 ns, At safepoint: 1362600 ns, Total: 8391599 ns
[5.193s][info][gc       ] GC(28) Pause Young (Normal) (G1 Evacuation Pause) 1845M->1849M(4240M) 165.202ms
[5.193s][info][safepoint] Safepoint "G1CollectForAllocation", Time since last: 220141701 ns, Reaching safepoint: 362100 ns, At safepoint: 165301800 ns, Total: 165663900 ns
[5.314s][info][gc       ] GC(25) Pause Cleanup 1915M->1915M(4240M) 0.132ms
[5.314s][info][safepoint] Safepoint "G1Concurrent", Time since last: 117805600 ns, Reaching safepoint: 3064199 ns, At safepoint: 187701 ns, Total: 3251900 ns
[5.320s][info][gc       ] GC(25) Concurrent Mark Cycle 753.745ms
[5.677s][info][gc       ] GC(29) Pause Young (Prepare Mixed) (G1 Evacuation Pause) 2549M->2565M(4240M) 175.305ms
[5.677s][info][safepoint] Safepoint "G1CollectForAllocation", Time since last: 187228800 ns, Reaching safepoint: 223800 ns, At safepoint: 175395700 ns, Total: 175619500 ns
[5.803s][info][gc       ] GC(30) Pause Young (Mixed) (G1 Evacuation Pause) 2853M->2853M(4240M) 69.233ms
[5.803s][info][safepoint] Safepoint "G1CollectForAllocation", Time since last: 56838500 ns, Reaching safepoint: 206400 ns, At safepoint: 69316000 ns, Total: 69522400 ns
[5.821s][info][gc       ] GC(31) Pause Young (Concurrent Start) (G1 Humongous Allocation) 2863M->2881M(4240M) 14.765ms
[5.822s][info][safepoint] Safepoint "G1TryInitiateConcMark", Time since last: 3392500 ns, Reaching safepoint: 177700 ns, At safepoint: 14866300 ns, Total: 15044000 ns
[5.822s][info][gc       ] GC(32) Concurrent Mark Cycle
[5.837s][info][gc       ] GC(32) Pause Remark 2937M->220M(748M) 1.500ms
[5.837s][info][safepoint] Safepoint "G1Concurrent", Time since last: 12856999 ns, Reaching safepoint: 658901 ns, At safepoint: 1582200 ns, Total: 2241101 ns
[5.856s][info][gc       ] GC(32) Pause Cleanup 300M->300M(748M) 0.092ms
[5.856s][info][safepoint] Safepoint "G1Concurrent", Time since last: 19197399 ns, Reaching safepoint: 338501 ns, At safepoint: 179300 ns, Total: 517801 ns
[5.857s][info][gc       ] GC(32) Concurrent Mark Cycle 35.234ms
[5.976s][info][gc       ] GC(33) Pause Young (Prepare Mixed) (G1 Preventive Collection) 508M->511M(748M) 76.871ms
[5.976s][info][safepoint] Safepoint "G1CollectForAllocation", Time since last: 42958299 ns, Reaching safepoint: 146101 ns, At safepoint: 76956200 ns, Total: 77102301 ns
[5.997s][info][gc       ] GC(34) Pause Young (Mixed) (G1 Evacuation Pause) 515M->478M(748M) 13.439ms
[5.997s][info][safepoint] Safepoint "G1CollectForAllocation", Time since last: 1451899 ns, Reaching safepoint: 5384601 ns, At safepoint: 13504499 ns, Total: 18889100 ns
[6.028s][info][gc       ] GC(35) Pause Young (Concurrent Start) (G1 Evacuation Pause) 534M->538M(2244M) 13.929ms
[6.028s][info][safepoint] Safepoint "G1CollectForAllocation", Time since last: 16992001 ns, Reaching safepoint: 102000 ns, At safepoint: 14021500 ns, Total: 14123500 ns
[6.028s][info][gc       ] GC(36) Concurrent Mark Cycle
[6.148s][info][gc       ] GC(36) Pause Remark 1006M->910M(2244M) 0.921ms
[6.148s][info][safepoint] Safepoint "G1Concurrent", Time since last: 118376799 ns, Reaching safepoint: 720201 ns, At safepoint: 964000 ns, Total: 1684201 ns
[6.353s][info][gc       ] GC(37) Pause Young (Normal) (G1 Evacuation Pause) 1210M->1210M(2244M) 133.008ms
[6.354s][info][safepoint] Safepoint "G1CollectForAllocation", Time since last: 68582300 ns, Reaching safepoint: 3884499 ns, At safepoint: 133126701 ns, Total: 137011200 ns
[6.556s][info][gc       ] GC(38) Pause Young (Normal) (G1 Evacuation Pause) 1590M->1606M(2244M) 79.959ms
[6.556s][info][safepoint] Safepoint "G1CollectForAllocation", Time since last: 122053900 ns, Reaching safepoint: 138799 ns, At safepoint: 80051801 ns, Total: 80190600 ns
[6.592s][info][gc       ] GC(36) Pause Cleanup 1614M->1614M(2244M) 0.095ms
[6.592s][info][safepoint] Safepoint "G1Concurrent", Time since last: 35789600 ns, Reaching safepoint: 610200 ns, At safepoint: 170900 ns, Total: 781100 ns
[6.594s][info][gc       ] GC(36) Concurrent Mark Cycle 566.272ms
[6.692s][info][gc       ] GC(39) Pause Young (Prepare Mixed) (G1 Evacuation Pause) 1850M->1860M(2244M) 45.170ms
[6.692s][info][safepoint] Safepoint "G1CollectForAllocation", Time since last: 54223800 ns, Reaching safepoint: 55400 ns, At safepoint: 45247100 ns, Total: 45302500 ns
[6.747s][info][gc       ] GC(40) Pause Young (Mixed) (G1 Evacuation Pause) 1984M->1980M(2244M) 28.549ms
[6.747s][info][safepoint] Safepoint "G1CollectForAllocation", Time since last: 26841800 ns, Reaching safepoint: 50400 ns, At safepoint: 28654599 ns, Total: 28704999 ns
[6.753s][info][gc       ] GC(41) Pause Young (Concurrent Start) (G1 Humongous Allocation) 1983M->1995M(2244M) 4.838ms
[6.753s][info][safepoint] Safepoint "G1TryInitiateConcMark", Time since last: 973800 ns, Reaching safepoint: 118400 ns, At safepoint: 4892501 ns, Total: 5010901 ns
[6.753s][info][gc       ] GC(42) Concurrent Mark Cycle
[6.780s][info][gc       ] GC(42) Pause Remark 2103M->283M(960M) 0.840ms
[6.780s][info][safepoint] Safepoint "G1Concurrent", Time since last: 26030100 ns, Reaching safepoint: 185500 ns, At safepoint: 879800 ns, Total: 1065300 ns
[6.837s][info][gc       ] GC(43) Pause Young (Normal) (G1 Evacuation Pause) 355M->357M(2880M) 41.543ms
[6.837s][info][safepoint] Safepoint "G1CollectForAllocation", Time since last: 14594500 ns, Reaching safepoint: 271100 ns, At safepoint: 41638600 ns, Total: 41909700 ns
[6.865s][info][gc       ] GC(42) Pause Cleanup 473M->473M(2880M) 0.211ms
[6.865s][info][safepoint] Safepoint "G1Concurrent", Time since last: 27125000 ns, Reaching safepoint: 458000 ns, At safepoint: 270900 ns, Total: 728900 ns
[6.868s][info][gc       ] GC(42) Concurrent Mark Cycle 114.976ms
[7.366s][info][gc       ] GC(44) Pause Young (Prepare Mixed) (G1 Evacuation Pause) 1481M->1485M(2880M) 200.778ms
[7.366s][info][safepoint] Safepoint "G1CollectForAllocation", Time since last: 300562600 ns, Reaching safepoint: 151399 ns, At safepoint: 200875401 ns, Total: 201026800 ns
[7.447s][info][gc       ] GC(45) Pause Young (Mixed) (G1 Evacuation Pause) 1617M->1623M(2880M) 55.662ms
[7.447s][info][safepoint] Safepoint "G1CollectForAllocation", Time since last: 24559700 ns, Reaching safepoint: 146200 ns, At safepoint: 55740500 ns, Total: 55886700 ns
[7.515s][info][gc       ] GC(46) Pause Young (Concurrent Start) (G1 Humongous Allocation) 1757M->1773M(2880M) 28.541ms
[7.515s][info][gc       ] GC(47) Concurrent Mark Cycle
[7.515s][info][safepoint] Safepoint "G1TryInitiateConcMark", Time since last: 39329400 ns, Reaching safepoint: 142500 ns, At safepoint: 28609500 ns, Total: 28752000 ns
[7.722s][info][gc       ] GC(48) Pause Young (Normal) (G1 Evacuation Pause) 2257M->2269M(2880M) 93.467ms
[7.722s][info][safepoint] Safepoint "G1CollectForAllocation", Time since last: 112893700 ns, Reaching safepoint: 240500 ns, At safepoint: 93590999 ns, Total: 93831499 ns
[7.821s][info][gc       ] GC(49) Pause Young (Normal) (G1 Evacuation Pause) 2429M->2443M(4980M) 58.039ms
[7.821s][info][safepoint] Safepoint "G1CollectForAllocation", Time since last: 41089401 ns, Reaching safepoint: 137399 ns, At safepoint: 58158100 ns, Total: 58295499 ns
[7.823s][info][gc       ] GC(47) Pause Remark 2447M->1582M(4980M) 0.841ms
[7.823s][info][safepoint] Safepoint "G1Concurrent", Time since last: 430201 ns, Reaching safepoint: 442500 ns, At safepoint: 873800 ns, Total: 1316300 ns
[8.132s][info][gc       ] GC(47) Pause Cleanup 2522M->2522M(4980M) 0.202ms
[8.132s][info][safepoint] Safepoint "G1Concurrent", Time since last: 308139000 ns, Reaching safepoint: 867000 ns, At safepoint: 290800 ns, Total: 1157800 ns
[8.139s][info][gc       ] GC(47) Concurrent Mark Cycle 624.194ms
[8.334s][info][gc       ] GC(50) Pause Young (Prepare Mixed) (G1 Evacuation Pause) 2538M->2548M(4980M) 192.135ms
[8.334s][info][safepoint] Safepoint "G1CollectForAllocation", Time since last: 9323200 ns, Reaching safepoint: 135199 ns, At safepoint: 192207601 ns, Total: 192342800 ns
[8.452s][info][gc       ] GC(51) Pause Young (Mixed) (G1 Evacuation Pause) 2796M->2728M(4980M) 59.164ms
[8.452s][info][safepoint] Safepoint "G1CollectForAllocation", Time since last: 58458000 ns, Reaching safepoint: 187799 ns, At safepoint: 59240301 ns, Total: 59428100 ns
[8.485s][info][gc       ] GC(52) Pause Young (Concurrent Start) (G1 Humongous Allocation) 2766M->2770M(4980M) 15.031ms
[8.485s][info][safepoint] Safepoint "G1TryInitiateConcMark", Time since last: 18032500 ns, Reaching safepoint: 178100 ns, At safepoint: 15141300 ns, Total: 15319400 ns
[8.485s][info][gc       ] GC(53) Concurrent Mark Cycle
[8.673s][info][gc       ] GC(53) Pause Remark 3372M->1404M(4696M) 1.040ms
[8.673s][info][safepoint] Safepoint "G1Concurrent", Time since last: 180472300 ns, Reaching safepoint: 6648100 ns, At safepoint: 1163800 ns, Total: 7811900 ns
[8.977s][info][gc       ] GC(54) Pause Young (Normal) (G1 Evacuation Pause) 1710M->1710M(4696M) 178.710ms
[8.977s][info][safepoint] Safepoint "G1CollectForAllocation", Time since last: 122265900 ns, Reaching safepoint: 2386500 ns, At safepoint: 178842900 ns, Total: 181229400 ns
[9.148s][info][gc       ] GC(53) Pause Cleanup 2348M->2348M(4696M) 0.170ms
[9.148s][info][safepoint] Safepoint "G1Concurrent", Time since last: 168350100 ns, Reaching safepoint: 2924600 ns, At safepoint: 216900 ns, Total: 3141500 ns
[9.154s][info][gc       ] GC(53) Concurrent Mark Cycle 669.073ms
[9.413s][info][gc       ] GC(55) Pause Young (Prepare Mixed) (G1 Evacuation Pause) 2638M->2646M(4696M) 195.590ms
[9.413s][info][safepoint] Safepoint "G1CollectForAllocation", Time since last: 69193299 ns, Reaching safepoint: 191901 ns, At safepoint: 195695700 ns, Total: 195887601 ns
[9.553s][info][gc       ] GC(56) Pause Young (Mixed) (G1 Evacuation Pause) 2918M->2882M(4696M) 81.687ms
[9.553s][info][safepoint] Safepoint "G1CollectForAllocation", Time since last: 57729600 ns, Reaching safepoint: 186400 ns, At safepoint: 81795800 ns, Total: 81982200 ns
[9.574s][info][gc       ] GC(57) Pause Young (Concurrent Start) (G1 Humongous Allocation) 2893M->2903M(6068M) 19.242ms
[9.574s][info][safepoint] Safepoint "G1TryInitiateConcMark", Time since last: 1446599 ns, Reaching safepoint: 131401 ns, At safepoint: 19325500 ns, Total: 19456901 ns
[9.574s][info][gc       ] GC(58) Concurrent Undo Cycle
[9.581s][info][gc       ] GC(58) Concurrent Undo Cycle 7.232ms
[9.590s][info][gc       ] GC(59) Pause Young (Concurrent Start) (G1 Humongous Allocation) 2923M->2919M(6068M) 7.556ms
[9.590s][info][gc       ] GC(60) Concurrent Mark Cycle
[9.590s][info][safepoint] Safepoint "G1TryInitiateConcMark", Time since last: 8240000 ns, Reaching safepoint: 95400 ns, At safepoint: 7633700 ns, Total: 7729100 ns
[9.604s][info][gc       ] GC(60) Pause Remark 2951M->123M(416M) 4.539ms
[9.604s][info][safepoint] Safepoint "G1Concurrent", Time since last: 6670000 ns, Reaching safepoint: 3170899 ns, At safepoint: 4598000 ns, Total: 7768899 ns
[9.610s][info][gc       ] GC(60) Pause Cleanup 147M->147M(416M) 0.041ms
[9.610s][info][safepoint] Safepoint "G1Concurrent", Time since last: 5311501 ns, Reaching safepoint: 526700 ns, At safepoint: 82000 ns, Total: 608700 ns
[9.611s][info][gc       ] GC(60) Concurrent Mark Cycle 20.612ms
[9.682s][info][gc       ] GC(61) Pause Young (Prepare Mixed) (G1 Preventive Collection) 271M->271M(416M) 43.042ms
[9.682s][info][safepoint] Safepoint "G1CollectForAllocation", Time since last: 28191800 ns, Reaching safepoint: 52500 ns, At safepoint: 43122200 ns, Total: 43174700 ns
[9.720s][info][gc       ] GC(62) Pause Young (Mixed) (G1 Evacuation Pause) 275M->234M(416M) 36.873ms
[9.720s][info][safepoint] Safepoint "G1CollectForAllocation", Time since last: 1489999 ns, Reaching safepoint: 141001 ns, At safepoint: 36945800 ns, Total: 37086801 ns
[9.731s][info][gc       ] GC(63) Pause Young (Concurrent Start) (G1 Humongous Allocation) 241M->249M(416M) 3.385ms
[9.731s][info][safepoint] Safepoint "G1TryInitiateConcMark", Time since last: 2176199 ns, Reaching safepoint: 4762001 ns, At safepoint: 3447900 ns, Total: 8209901 ns
[9.731s][info][gc       ] GC(64) Concurrent Mark Cycle
[9.761s][info][gc       ] GC(65) Pause Young (Normal) (G1 Evacuation Pause) 317M->319M(1248M) 13.367ms
[9.761s][info][safepoint] Safepoint "G1CollectForAllocation", Time since last: 16653800 ns, Reaching safepoint: 207500 ns, At safepoint: 13462500 ns, Total: 13670000 ns
[9.804s][info][gc       ] GC(64) Pause Remark 471M->423M(1248M) 0.819ms
[9.805s][info][safepoint] Safepoint "G1Concurrent", Time since last: 37303700 ns, Reaching safepoint: 5412800 ns, At safepoint: 864900 ns, Total: 6277700 ns
[9.936s][info][gc       ] GC(66) Pause Young (Normal) (G1 Evacuation Pause) 651M->654M(1248M) 74.875ms
[9.936s][info][safepoint] Safepoint "G1CollectForAllocation", Time since last: 54957700 ns, Reaching safepoint: 1395599 ns, At safepoint: 74965701 ns, Total: 76361300 ns
[9.981s][info][gc       ] GC(64) Pause Cleanup 834M->834M(1248M) 0.187ms
[9.982s][info][safepoint] Safepoint "G1Concurrent", Time since last: 29231000 ns, Reaching safepoint: 16154200 ns, At safepoint: 305100 ns, Total: 16459300 ns
[9.983s][info][gc       ] GC(64) Concurrent Mark Cycle 251.995ms
[10.063s][info][gc       ] GC(67) Pause Young (Prepare Mixed) (G1 Evacuation Pause) 914M->924M(1248M) 49.407ms
[10.063s][info][safepoint] Safepoint "G1CollectForAllocation", Time since last: 26735600 ns, Reaching safepoint: 4915799 ns, At safepoint: 49488801 ns, Total: 54404600 ns
[10.085s][info][gc       ] GC(68) Pause Young (Mixed) (G1 Evacuation Pause) 968M->974M(1248M) 11.692ms
[10.085s][info][safepoint] Safepoint "G1CollectForAllocation", Time since last: 10267700 ns, Reaching safepoint: 28100 ns, At safepoint: 11778500 ns, Total: 11806600 ns
[10.096s][info][gc       ] GC(69) Pause Young (Concurrent Start) (G1 Humongous Allocation) 977M->983M(1248M) 2.815ms
[10.096s][info][gc       ] GC(70) Concurrent Mark Cycle
[10.096s][info][safepoint] Safepoint "G1TryInitiateConcMark", Time since last: 797000 ns, Reaching safepoint: 7338600 ns, At safepoint: 2873900 ns, Total: 10212500 ns
[10.107s][info][gc       ] GC(70) Pause Remark 1035M->143M(480M) 0.448ms
[10.107s][info][safepoint] Safepoint "G1Concurrent", Time since last: 9712400 ns, Reaching safepoint: 1005200 ns, At safepoint: 493299 ns, Total: 1498499 ns
[10.149s][info][gc       ] GC(71) Pause Young (Normal) (G1 Evacuation Pause) 191M->191M(480M) 23.927ms
[10.150s][info][safepoint] Safepoint "G1CollectForAllocation", Time since last: 11737601 ns, Reaching safepoint: 6795000 ns, At safepoint: 24051900 ns, Total: 30846900 ns
[10.159s][info][gc       ] GC(70) Pause Cleanup 195M->195M(480M) 0.188ms
[10.159s][info][safepoint] Safepoint "G1Concurrent", Time since last: 1092700 ns, Reaching safepoint: 7821400 ns, At safepoint: 220600 ns, Total: 8042000 ns
[10.159s][info][gc       ] GC(70) Concurrent Mark Cycle 63.328ms
[10.225s][info][gc       ] GC(72) Pause Young (Prepare Mixed) (G1 Evacuation Pause) 323M->328M(1440M) 38.857ms
[10.225s][info][safepoint] Safepoint "G1CollectForAllocation", Time since last: 27183699 ns, Reaching safepoint: 279900 ns, At safepoint: 38956701 ns, Total: 39236601 ns
[10.273s][info][gc       ] GC(73) Pause Young (Mixed) (G1 Evacuation Pause) 388M->359M(1440M) 16.612ms
[10.273s][info][safepoint] Safepoint "G1CollectForAllocation", Time since last: 23927499 ns, Reaching safepoint: 7298901 ns, At safepoint: 16685900 ns, Total: 23984801 ns
[10.285s][info][gc       ] GC(74) Pause Young (Concurrent Start) (G1 Humongous Allocation) 365M->366M(1440M) 4.188ms
[10.285s][info][safepoint] Safepoint "G1TryInitiateConcMark", Time since last: 1549800 ns, Reaching safepoint: 6369799 ns, At safepoint: 4248001 ns, Total: 10617800 ns
[10.285s][info][gc       ] GC(75) Concurrent Mark Cycle
[10.368s][info][gc       ] GC(75) Pause Remark 638M->566M(1440M) 0.927ms
[10.369s][info][safepoint] Safepoint "G1Concurrent", Time since last: 81349399 ns, Reaching safepoint: 974901 ns, At safepoint: 1028100 ns, Total: 2003001 ns
[10.558s][info][gc       ] GC(76) Pause Young (Normal) (G1 Evacuation Pause) 834M->834M(1440M) 98.564ms
[10.559s][info][safepoint] Safepoint "G1CollectForAllocation", Time since last: 91049399 ns, Reaching safepoint: 308601 ns, At safepoint: 98686100 ns, Total: 98994701 ns
[10.566s][info][gc       ] GC(75) Pause Cleanup 854M->854M(1440M) 0.132ms
[10.566s][info][safepoint] Safepoint "G1Concurrent", Time since last: 7257000 ns, Reaching safepoint: 171500 ns, At safepoint: 217000 ns, Total: 388500 ns
[10.567s][info][gc       ] GC(75) Concurrent Mark Cycle 282.129ms
[10.660s][info][gc       ] GC(77) Pause Young (Prepare Mixed) (G1 Evacuation Pause) 1010M->1020M(1440M) 49.942ms
[10.660s][info][safepoint] Safepoint "G1CollectForAllocation", Time since last: 43290500 ns, Reaching safepoint: 267999 ns, At safepoint: 50069601 ns, Total: 50337600 ns
[10.713s][info][gc       ] GC(78) Pause Young (Mixed) (G1 Evacuation Pause) 1108M->1116M(1440M) 23.383ms
[10.713s][info][safepoint] Safepoint "G1CollectForAllocation", Time since last: 29234600 ns, Reaching safepoint: 90200 ns, At safepoint: 23508800 ns, Total: 23599000 ns
[10.737s][info][gc       ] GC(79) Pause Young (Concurrent Start) (G1 Humongous Allocation) 1150M->1157M(4116M) 14.551ms
[10.737s][info][gc       ] GC(80) Concurrent Undo Cycle
[10.737s][info][safepoint] Safepoint "G1TryInitiateConcMark", Time since last: 9910100 ns, Reaching safepoint: 119800 ns, At safepoint: 14686800 ns, Total: 14806600 ns
[10.744s][info][gc       ] GC(80) Concurrent Undo Cycle 6.994ms
[10.801s][info][gc       ] GC(81) Pause Young (Concurrent Start) (G1 Humongous Allocation) 1265M->1264M(4116M) 20.848ms
[10.801s][info][gc       ] GC(82) Concurrent Mark Cycle
[10.801s][info][safepoint] Safepoint "G1TryInitiateConcMark", Time since last: 42361000 ns, Reaching safepoint: 215000 ns, At safepoint: 20969900 ns, Total: 21184900 ns
[10.885s][info][gc       ] GC(82) Pause Remark 1506M->582M(1960M) 0.903ms
[10.885s][info][safepoint] Safepoint "G1Concurrent", Time since last: 64771799 ns, Reaching safepoint: 18350001 ns, At safepoint: 994600 ns, Total: 19344601 ns
[10.958s][info][gc       ] GC(82) Pause Cleanup 720M->720M(1960M) 0.217ms
[10.958s][info][safepoint] Safepoint "G1Concurrent", Time since last: 72068299 ns, Reaching safepoint: 1050900 ns, At safepoint: 279801 ns, Total: 1330701 ns
[10.962s][info][gc       ] GC(82) Concurrent Mark Cycle 160.564ms
[11.276s][info][gc       ] GC(83) Pause Young (Prepare Mixed) (G1 Preventive Collection) 1256M->1252M(1960M) 203.337ms
[11.276s][info][safepoint] Safepoint "G1CollectForAllocation", Time since last: 114199500 ns, Reaching safepoint: 202400 ns, At safepoint: 203412600 ns, Total: 203615000 ns
[11.311s][info][gc       ] GC(84) Pause Young (Mixed) (G1 Evacuation Pause) 1256M->1267M(1960M) 32.970ms
[11.311s][info][safepoint] Safepoint "G1CollectForAllocation", Time since last: 1378000 ns, Reaching safepoint: 111800 ns, At safepoint: 33036800 ns, Total: 33148600 ns
[11.326s][info][gc       ] GC(85) Pause Young (Concurrent Start) (G1 Humongous Allocation) 1293M->1301M(1960M) 5.068ms
[11.326s][info][gc       ] GC(86) Concurrent Mark Cycle
[11.326s][info][safepoint] Safepoint "G1TryInitiateConcMark", Time since last: 10209700 ns, Reaching safepoint: 130300 ns, At safepoint: 5120199 ns, Total: 5250499 ns
[11.472s][info][gc       ] GC(87) Pause Young (Normal) (G1 Evacuation Pause) 1577M->1582M(4428M) 69.791ms
[11.472s][info][safepoint] Safepoint "G1CollectForAllocation", Time since last: 75274901 ns, Reaching safepoint: 260200 ns, At safepoint: 69880999 ns, Total: 70141199 ns
[11.475s][info][gc       ] GC(86) Pause Remark 1590M->912M(3056M) 0.639ms
[11.475s][info][safepoint] Safepoint "G1Concurrent", Time since last: 1754701 ns, Reaching safepoint: 620500 ns, At safepoint: 665800 ns, Total: 1286300 ns
[11.607s][info][gc       ] GC(86) Pause Cleanup 1240M->1240M(3056M) 0.156ms
[11.607s][info][safepoint] Safepoint "G1Concurrent", Time since last: 130504200 ns, Reaching safepoint: 1176299 ns, At safepoint: 195100 ns, Total: 1371399 ns
[11.611s][info][gc       ] GC(86) Concurrent Mark Cycle 284.494ms
[12.153s][info][gc       ] GC(88) Pause Young (Prepare Mixed) (G1 Preventive Collection) 2172M->2178M(3056M) 248.625ms
[12.153s][info][safepoint] Safepoint "G1CollectForAllocation", Time since last: 297746101 ns, Reaching safepoint: 205000 ns, At safepoint: 248704999 ns, Total: 248909999 ns
[12.249s][info][gc       ] GC(89) Pause Young (Mixed) (G1 Evacuation Pause) 2242M->2046M(3056M) 79.641ms
[12.249s][info][safepoint] Safepoint "G1CollectForAllocation", Time since last: 16012601 ns, Reaching safepoint: 155300 ns, At safepoint: 79712300 ns, Total: 79867600 ns
[12.256s][info][gc       ] GC(90) Pause Young (Concurrent Start) (G1 Humongous Allocation) 2048M->2062M(3056M) 6.014ms
[12.256s][info][gc       ] GC(91) Concurrent Mark Cycle
[12.256s][info][safepoint] Safepoint "G1TryInitiateConcMark", Time since last: 624300 ns, Reaching safepoint: 45000 ns, At safepoint: 6069700 ns, Total: 6114700 ns
[12.275s][info][gc       ] GC(91) Pause Remark 2134M->218M(736M) 1.090ms
[12.275s][info][safepoint] Safepoint "G1Concurrent", Time since last: 15244300 ns, Reaching safepoint: 3104400 ns, At safepoint: 1175899 ns, Total: 4280299 ns
[12.297s][info][gc       ] GC(91) Pause Cleanup 306M->306M(736M) 0.138ms
[12.298s][info][safepoint] Safepoint "G1Concurrent", Time since last: 21619701 ns, Reaching safepoint: 274100 ns, At safepoint: 220700 ns, Total: 494800 ns
[12.298s][info][gc       ] GC(91) Concurrent Mark Cycle 42.122ms
[12.419s][info][gc       ] GC(92) Pause Young (Prepare Mixed) (G1 Preventive Collection) 506M->511M(736M) 82.205ms
[12.419s][info][safepoint] Safepoint "G1CollectForAllocation", Time since last: 39006200 ns, Reaching safepoint: 206500 ns, At safepoint: 82291000 ns, Total: 82497500 ns
[12.440s][info][gc       ] GC(93) Pause Young (Mixed) (G1 Evacuation Pause) 519M->490M(736M) 13.853ms
[12.440s][info][safepoint] Safepoint "G1CollectForAllocation", Time since last: 2864200 ns, Reaching safepoint: 4518999 ns, At safepoint: 13923801 ns, Total: 18442800 ns
[12.470s][info][gc       ] GC(94) Pause Young (Concurrent Start) (G1 Evacuation Pause) 538M->542M(2208M) 14.793ms
[12.470s][info][gc       ] GC(95) Concurrent Mark Cycle
[12.470s][info][safepoint] Safepoint "G1CollectForAllocation", Time since last: 14720399 ns, Reaching safepoint: 133401 ns, At safepoint: 14951599 ns, Total: 15085000 ns
[12.579s][info][gc       ] GC(95) Pause Remark 974M->864M(2208M) 1.248ms
[12.579s][info][safepoint] Safepoint "G1Concurrent", Time since last: 106641001 ns, Reaching safepoint: 613600 ns, At safepoint: 1322300 ns, Total: 1935900 ns
[12.809s][info][gc       ] GC(96) Pause Young (Normal) (G1 Evacuation Pause) 1188M->1188M(2208M) 154.016ms
[12.809s][info][safepoint] Safepoint "G1CollectForAllocation", Time since last: 76002999 ns, Reaching safepoint: 345900 ns, At safepoint: 154138200 ns, Total: 154484100 ns
[12.906s][info][gc       ] GC(95) Pause Cleanup 1504M->1504M(2208M) 0.099ms
[12.907s][info][safepoint] Safepoint "G1Concurrent", Time since last: 96310701 ns, Reaching safepoint: 469700 ns, At safepoint: 638899 ns, Total: 1108599 ns
[12.909s][info][gc       ] GC(95) Concurrent Mark Cycle 438.563ms
[13.013s][info][gc       ] GC(97) Pause Young (Prepare Mixed) (G1 Evacuation Pause) 1568M->1582M(2208M) 85.170ms
[13.013s][info][safepoint] Safepoint "G1CollectForAllocation", Time since last: 20917700 ns, Reaching safepoint: 53001 ns, At safepoint: 85248299 ns, Total: 85301300 ns
[13.060s][info][gc       ] GC(98) Pause Young (Mixed) (G1 Evacuation Pause) 1650M->1654M(2208M) 24.410ms
[13.060s][info][safepoint] Safepoint "G1CollectForAllocation", Time since last: 22231101 ns, Reaching safepoint: 66000 ns, At safepoint: 24514000 ns, Total: 24580000 ns
[13.066s][info][gc       ] GC(99) Pause Young (Concurrent Start) (G1 Humongous Allocation) 1659M->1672M(2208M) 5.073ms
[13.066s][info][gc       ] GC(100) Concurrent Mark Cycle
[13.066s][info][safepoint] Safepoint "G1TryInitiateConcMark", Time since last: 1565999 ns, Reaching safepoint: 85301 ns, At safepoint: 5188400 ns, Total: 5273701 ns
[13.146s][info][gc       ] GC(101) Pause Young (Normal) (G1 Evacuation Pause) 1892M->1894M(2208M) 27.343ms
[13.146s][info][safepoint] Safepoint "G1CollectForAllocation", Time since last: 51649300 ns, Reaching safepoint: 275400 ns, At safepoint: 27419800 ns, Total: 27695200 ns
[13.230s][info][gc       ] GC(102) Pause Young (Normal) (G1 Evacuation Pause) 2038M->2043M(4576M) 40.394ms
[13.230s][info][safepoint] Safepoint "G1CollectForAllocation", Time since last: 43242599 ns, Reaching safepoint: 283501 ns, At safepoint: 40496999 ns, Total: 40780500 ns
[13.330s][info][gc       ] GC(100) Pause Remark 2281M->1513M(4576M) 1.054ms
[13.330s][info][safepoint] Safepoint "G1Concurrent", Time since last: 98937600 ns, Reaching safepoint: 491801 ns, At safepoint: 1186500 ns, Total: 1678301 ns
[13.593s][info][gc       ] GC(100) Pause Cleanup 2167M->2167M(4576M) 0.286ms
[13.593s][info][safepoint] Safepoint "G1Concurrent", Time since last: 262203600 ns, Reaching safepoint: 441900 ns, At safepoint: 334399 ns, Total: 776299 ns
[13.600s][info][gc       ] GC(100) Concurrent Mark Cycle 533.466ms
[13.860s][info][gc       ] GC(103) Pause Young (Prepare Mixed) (G1 Evacuation Pause) 2347M->2349M(4576M) 212.253ms
[13.860s][info][safepoint] Safepoint "G1CollectForAllocation", Time since last: 53567201 ns, Reaching safepoint: 217000 ns, At safepoint: 212334900 ns, Total: 212551900 ns
[13.979s][info][gc       ] GC(104) Pause Young (Mixed) (G1 Evacuation Pause) 2549M->2462M(4576M) 70.515ms
[13.979s][info][safepoint] Safepoint "G1CollectForAllocation", Time since last: 48621100 ns, Reaching safepoint: 194000 ns, At safepoint: 70615200 ns, Total: 70809200 ns
[13.996s][info][gc       ] GC(105) Pause Young (Concurrent Start) (G1 Humongous Allocation) 2478M->2481M(4576M) 11.279ms
[13.996s][info][safepoint] Safepoint "G1TryInitiateConcMark", Time since last: 5119499 ns, Reaching safepoint: 149301 ns, At safepoint: 11450600 ns, Total: 11599901 ns
[13.996s][info][gc       ] GC(106) Concurrent Mark Cycle
[14.132s][info][gc       ] GC(106) Pause Remark 2841M->1021M(3416M) 1.312ms
[14.132s][info][safepoint] Safepoint "G1Concurrent", Time since last: 117899400 ns, Reaching safepoint: 17228200 ns, At safepoint: 1403600 ns, Total: 18631800 ns
[14.273s][info][gc       ] GC(106) Pause Cleanup 1397M->1397M(3416M) 0.224ms
[14.273s][info][safepoint] Safepoint "G1Concurrent", Time since last: 139613200 ns, Reaching safepoint: 932600 ns, At safepoint: 274500 ns, Total: 1207100 ns
[14.277s][info][gc       ] GC(106) Concurrent Mark Cycle 281.445ms
[14.485s][info][gc       ] GC(107) Pause Young (Prepare Mixed) (G1 Evacuation Pause) 1533M->1530M(3416M) 166.545ms
[14.485s][info][safepoint] Safepoint "G1CollectForAllocation", Time since last: 44703100 ns, Reaching safepoint: 173199 ns, At safepoint: 166645300 ns, Total: 166818499 ns
[14.584s][info][gc       ] GC(108) Pause Young (Mixed) (G1 Evacuation Pause) 1706M->1604M(3416M) 61.467ms
[14.584s][info][safepoint] Safepoint "G1CollectForAllocation", Time since last: 37593700 ns, Reaching safepoint: 167001 ns, At safepoint: 61527499 ns, Total: 61694500 ns
[14.655s][info][gc       ] GC(109) Pause Young (Concurrent Start) (G1 Humongous Allocation) 1740M->1754M(5300M) 31.483ms
[14.655s][info][gc       ] GC(110) Concurrent Mark Cycle
[14.655s][info][safepoint] Safepoint "G1TryInitiateConcMark", Time since last: 39664101 ns, Reaching safepoint: 93999 ns, At safepoint: 31657100 ns, Total: 31751099 ns
[14.815s][info][gc       ] GC(110) Pause Remark 2228M->1340M(4480M) 1.064ms
[14.815s][info][safepoint] Safepoint "G1Concurrent", Time since last: 153404001 ns, Reaching safepoint: 4956000 ns, At safepoint: 1160200 ns, Total: 6116200 ns
[15.018s][info][gc       ] GC(110) Pause Cleanup 1934M->1934M(4480M) 0.222ms
[15.018s][info][safepoint] Safepoint "G1Concurrent", Time since last: 202020199 ns, Reaching safepoint: 638101 ns, At safepoint: 293000 ns, Total: 931101 ns
[15.023s][info][gc       ] GC(110) Concurrent Mark Cycle 367.601ms
[15.312s][info][gc       ] GC(111) Pause Young (Prepare Mixed) (G1 Evacuation Pause) 1974M->1983M(4480M) 272.191ms
[15.312s][info][safepoint] Safepoint "G1CollectForAllocation", Time since last: 21821900 ns, Reaching safepoint: 191900 ns, At safepoint: 272328599 ns, Total: 272520499 ns
[15.432s][info][gc       ] GC(112) Pause Young (Mixed) (G1 Evacuation Pause) 2171M->2110M(4480M) 75.935ms
[15.432s][info][safepoint] Safepoint "G1CollectForAllocation", Time since last: 44202300 ns, Reaching safepoint: 141201 ns, At safepoint: 76014900 ns, Total: 76156101 ns
[15.452s][info][gc       ] GC(113) Pause Young (Concurrent Start) (G1 Humongous Allocation) 2128M->2130M(4480M) 13.215ms
[15.452s][info][safepoint] Safepoint "G1TryInitiateConcMark", Time since last: 5719299 ns, Reaching safepoint: 137201 ns, At safepoint: 13288100 ns, Total: 13425301 ns
[15.452s][info][gc       ] GC(114) Concurrent Mark Cycle
[15.489s][info][gc       ] GC(114) Pause Remark 2270M->348M(1160M) 0.962ms
[15.489s][info][safepoint] Safepoint "G1Concurrent", Time since last: 35785800 ns, Reaching safepoint: 556200 ns, At safepoint: 1045000 ns, Total: 1601200 ns
[15.527s][info][gc       ] GC(114) Pause Cleanup 512M->512M(1160M) 0.160ms
[15.527s][info][safepoint] Safepoint "G1Concurrent", Time since last: 37718200 ns, Reaching safepoint: 429200 ns, At safepoint: 235000 ns, Total: 664200 ns
[15.528s][info][gc       ] GC(114) Concurrent Mark Cycle 76.365ms
[15.681s][info][gc       ] GC(115) Pause Young (Prepare Mixed) (G1 Preventive Collection) 736M->725M(1160M) 103.013ms
[15.681s][info][safepoint] Safepoint "G1CollectForAllocation", Time since last: 50408899 ns, Reaching safepoint: 197601 ns, At safepoint: 103132599 ns, Total: 103330200 ns
[15.718s][info][gc       ] GC(116) Pause Young (Mixed) (G1 Evacuation Pause) 729M->722M(1160M) 29.430ms
[15.718s][info][safepoint] Safepoint "G1CollectForAllocation", Time since last: 1550900 ns, Reaching safepoint: 5733101 ns, At safepoint: 29562900 ns, Total: 35296001 ns
[15.748s][info][gc       ] GC(117) Pause Young (Concurrent Start) (G1 Humongous Allocation) 767M->779M(3480M) 13.770ms
[15.748s][info][safepoint] Safepoint "G1TryInitiateConcMark", Time since last: 15900300 ns, Reaching safepoint: 171500 ns, At safepoint: 13862900 ns, Total: 14034400 ns
[15.748s][info][gc       ] GC(118) Concurrent Mark Cycle
[15.943s][info][gc       ] GC(118) Pause Remark 1381M->1249M(3480M) 1.007ms
[15.943s][info][safepoint] Safepoint "G1Concurrent", Time since last: 184506400 ns, Reaching safepoint: 9420600 ns, At safepoint: 1058600 ns, Total: 10479200 ns
[16.360s][info][gc       ] GC(119) Pause Young (Normal) (G1 Evacuation Pause) 1799M->1800M(3480M) 241.979ms
[16.360s][info][safepoint] Safepoint "G1CollectForAllocation", Time since last: 174801099 ns, Reaching safepoint: 466601 ns, At safepoint: 242123400 ns, Total: 242590001 ns
[16.446s][info][gc       ] GC(118) Pause Cleanup 2092M->2092M(3480M) 0.123ms
[16.446s][info][safepoint] Safepoint "G1Concurrent", Time since last: 85453400 ns, Reaching safepoint: 512900 ns, At safepoint: 198700 ns, Total: 711600 ns
[16.449s][info][gc       ] GC(118) Concurrent Mark Cycle 701.330ms
[16.742s][info][gc       ] GC(120) Pause Young (Prepare Mixed) (G1 Evacuation Pause) 2460M->2474M(3480M) 203.552ms
[16.742s][info][safepoint] Safepoint "G1CollectForAllocation", Time since last: 92105399 ns, Reaching safepoint: 172601 ns, At safepoint: 203663800 ns, Total: 203836401 ns
[16.858s][info][gc       ] GC(121) Pause Young (Mixed) (G1 Evacuation Pause) 2702M->2702M(3480M) 57.216ms
[16.858s][info][safepoint] Safepoint "G1CollectForAllocation", Time since last: 57746700 ns, Reaching safepoint: 198800 ns, At safepoint: 57333299 ns, Total: 57532099 ns
[16.913s][info][gc       ] GC(122) Pause Young (Concurrent Start) (G1 Humongous Allocation) 2781M->2796M(3480M) 20.672ms
[16.913s][info][gc       ] GC(123) Concurrent Mark Cycle
[16.913s][info][safepoint] Safepoint "G1TryInitiateConcMark", Time since last: 34414001 ns, Reaching safepoint: 145600 ns, At safepoint: 20799300 ns, Total: 20944900 ns
[16.930s][info][gc       ] GC(123) Pause Remark 2868M->268M(896M) 1.253ms
[16.930s][info][safepoint] Safepoint "G1Concurrent", Time since last: 15182600 ns, Reaching safepoint: 602900 ns, At safepoint: 1409500 ns, Total: 2012400 ns
[16.961s][info][gc       ] GC(123) Pause Cleanup 400M->400M(896M) 0.115ms
[16.961s][info][safepoint] Safepoint "G1Concurrent", Time since last: 30713199 ns, Reaching safepoint: 269301 ns, At safepoint: 194300 ns, Total: 463601 ns
[16.962s][info][gc       ] GC(123) Concurrent Mark Cycle 48.903ms
[17.027s][info][gc       ] GC(124) Pause Young (Prepare Mixed) (G1 Evacuation Pause) 456M->440M(896M) 55.409ms
[17.027s][info][safepoint] Safepoint "G1CollectForAllocation", Time since last: 9942700 ns, Reaching safepoint: 134500 ns, At safepoint: 55523600 ns, Total: 55658100 ns
[17.054s][info][gc       ] GC(125) Pause Young (Mixed) (G1 Evacuation Pause) 460M->439M(896M) 15.690ms
[17.054s][info][safepoint] Safepoint "G1CollectForAllocation", Time since last: 7000400 ns, Reaching safepoint: 4327199 ns, At safepoint: 15777100 ns, Total: 20104299 ns
[17.075s][info][gc       ] GC(126) Pause Young (Concurrent Start) (G1 Humongous Allocation) 475M->480M(2688M) 10.255ms
[17.075s][info][gc       ] GC(127) Concurrent Mark Cycle
[17.075s][info][safepoint] Safepoint "G1TryInitiateConcMark", Time since last: 10642501 ns, Reaching safepoint: 171800 ns, At safepoint: 10423600 ns, Total: 10595400 ns
[17.156s][info][gc       ] GC(127) Pause Remark 788M->660M(2216M) 0.968ms
[17.156s][info][safepoint] Safepoint "G1Concurrent", Time since last: 79132800 ns, Reaching safepoint: 239200 ns, At safepoint: 1052400 ns, Total: 1291600 ns
[17.264s][info][gc       ] GC(127) Pause Cleanup 1100M->1100M(2216M) 0.196ms
[17.264s][info][safepoint] Safepoint "G1Concurrent", Time since last: 101341800 ns, Reaching safepoint: 6347000 ns, At safepoint: 247300 ns, Total: 6594300 ns
[17.265s][info][gc       ] GC(127) Concurrent Mark Cycle 190.001ms
[17.517s][info][gc       ] GC(128) Pause Young (Prepare Mixed) (G1 Evacuation Pause) 1376M->1376M(2216M) 193.982ms
[17.517s][info][safepoint] Safepoint "G1CollectForAllocation", Time since last: 58956400 ns, Reaching safepoint: 240800 ns, At safepoint: 194070999 ns, Total: 194311799 ns
[17.564s][info][gc       ] GC(129) Pause Young (Mixed) (G1 Evacuation Pause) 1404M->1402M(2216M) 37.311ms
[17.564s][info][safepoint] Safepoint "G1CollectForAllocation", Time since last: 9675301 ns, Reaching safepoint: 166200 ns, At safepoint: 37393500 ns, Total: 37559700 ns
[17.595s][info][gc       ] GC(130) Pause Young (Concurrent Start) (G1 Humongous Allocation) 1458M->1474M(2216M) 12.326ms
[17.595s][info][safepoint] Safepoint "G1TryInitiateConcMark", Time since last: 18110000 ns, Reaching safepoint: 127300 ns, At safepoint: 12385800 ns, Total: 12513100 ns
[17.595s][info][gc       ] GC(131) Concurrent Mark Cycle
[17.697s][info][gc       ] GC(132) Pause Young (Normal) (G1 Evacuation Pause) 1710M->1718M(2216M) 37.801ms
[17.697s][info][safepoint] Safepoint "G1CollectForAllocation", Time since last: 64222299 ns, Reaching safepoint: 181201 ns, At safepoint: 37897300 ns, Total: 38078501 ns
[17.782s][info][gc       ] GC(133) Pause Young (Normal) (G1 Evacuation Pause) 1922M->1934M(4580M) 35.617ms
[17.782s][info][safepoint] Safepoint "G1CollectForAllocation", Time since last: 49336700 ns, Reaching safepoint: 252400 ns, At safepoint: 35763600 ns, Total: 36016000 ns
[17.788s][info][gc       ] GC(131) Pause Remark 1946M->1274M(4256M) 1.013ms
[17.788s][info][safepoint] Safepoint "G1Concurrent", Time since last: 3351500 ns, Reaching safepoint: 787000 ns, At safepoint: 1079200 ns, Total: 1866200 ns
[18.001s][info][gc       ] GC(131) Pause Cleanup 1878M->1878M(4256M) 0.213ms
[18.001s][info][safepoint] Safepoint "G1Concurrent", Time since last: 212037300 ns, Reaching safepoint: 731700 ns, At safepoint: 313800 ns, Total: 1045500 ns
[18.008s][info][gc       ] GC(131) Concurrent Mark Cycle 412.890ms
[18.413s][info][gc       ] GC(134) Pause Young (Prepare Mixed) (G1 Evacuation Pause) 2370M->2371M(4256M) 245.486ms
[18.413s][info][safepoint] Safepoint "G1CollectForAllocation", Time since last: 166583500 ns, Reaching safepoint: 206900 ns, At safepoint: 245611100 ns, Total: 245818000 ns
[18.570s][info][gc       ] GC(135) Pause Young (Mixed) (G1 Evacuation Pause) 2611M->2428M(4256M) 93.572ms
[18.570s][info][safepoint] Safepoint "G1CollectForAllocation", Time since last: 62933700 ns, Reaching safepoint: 207700 ns, At safepoint: 93690999 ns, Total: 93898699 ns
[18.630s][info][gc       ] GC(136) Pause Young (Concurrent Start) (G1 Humongous Allocation) 2530M->2538M(4256M) 27.778ms
[18.630s][info][safepoint] Safepoint "G1TryInitiateConcMark", Time since last: 32134201 ns, Reaching safepoint: 124600 ns, At safepoint: 27897299 ns, Total: 28021899 ns
[18.630s][info][gc       ] GC(137) Concurrent Mark Cycle
[18.756s][info][gc       ] GC(137) Pause Remark 2898M->960M(3200M) 1.415ms
[18.756s][info][safepoint] Safepoint "G1Concurrent", Time since last: 107694701 ns, Reaching safepoint: 16863200 ns, At safepoint: 1554700 ns, Total: 18417900 ns
[18.991s][info][gc       ] GC(138) Pause Young (Normal) (G1 Evacuation Pause) 1272M->1280M(3200M) 127.250ms
[18.991s][info][safepoint] Safepoint "G1CollectForAllocation", Time since last: 106883600 ns, Reaching safepoint: 326100 ns, At safepoint: 127368700 ns, Total: 127694800 ns
[19.038s][info][gc       ] GC(137) Pause Cleanup 1392M->1392M(3200M) 0.198ms
[19.038s][info][safepoint] Safepoint "G1Concurrent", Time since last: 41707500 ns, Reaching safepoint: 5460700 ns, At safepoint: 261500 ns, Total: 5722200 ns
[19.044s][info][gc       ] GC(137) Concurrent Mark Cycle 413.447ms
[19.369s][info][gc       ] GC(139) Pause Young (Prepare Mixed) (G1 Evacuation Pause) 2104M->2114M(3200M) 168.878ms
[19.369s][info][safepoint] Safepoint "G1CollectForAllocation", Time since last: 161485700 ns, Reaching safepoint: 141700 ns, At safepoint: 168980700 ns, Total: 169122400 ns
[19.457s][info][gc       ] GC(140) Pause Young (Mixed) (G1 Evacuation Pause) 2278M->2234M(3200M) 52.088ms
[19.457s][info][safepoint] Safepoint "G1CollectForAllocation", Time since last: 35391700 ns, Reaching safepoint: 167900 ns, At safepoint: 52173100 ns, Total: 52341000 ns
[19.510s][info][gc       ] GC(141) Pause Young (Concurrent Start) (G1 Humongous Allocation) 2302M->2312M(5172M) 30.776ms
[19.510s][info][safepoint] Safepoint "G1TryInitiateConcMark", Time since last: 22258500 ns, Reaching safepoint: 46700 ns, At safepoint: 30859400 ns, Total: 30906100 ns
[19.510s][info][gc       ] GC(142) Concurrent Undo Cycle
[19.516s][info][gc       ] GC(142) Concurrent Undo Cycle 6.574ms
[19.600s][info][gc       ] GC(143) Pause Young (Concurrent Start) (G1 Humongous Allocation) 2474M->2483M(5172M) 33.108ms
[19.600s][info][gc       ] GC(144) Concurrent Mark Cycle
[19.600s][info][safepoint] Safepoint "G1TryInitiateConcMark", Time since last: 56410200 ns, Reaching safepoint: 201600 ns, At safepoint: 33268000 ns, Total: 33469600 ns
[19.703s][info][gc       ] GC(144) Pause Remark 2847M->871M(2908M) 1.301ms
[19.703s][info][safepoint] Safepoint "G1Concurrent", Time since last: 101910600 ns, Reaching safepoint: 283600 ns, At safepoint: 1353100 ns, Total: 1636700 ns
[19.835s][info][gc       ] GC(144) Pause Cleanup 1363M->1363M(2908M) 0.283ms
[19.835s][info][safepoint] Safepoint "G1Concurrent", Time since last: 127121300 ns, Reaching safepoint: 4213000 ns, At safepoint: 343500 ns, Total: 4556500 ns
[19.837s][info][gc       ] GC(144) Concurrent Mark Cycle 237.723ms
[20.149s][info][gc       ] GC(145) Pause Young (Prepare Mixed) (G1 Evacuation Pause) 1627M->1627M(2908M) 248.285ms
[20.149s][info][safepoint] Safepoint "G1CollectForAllocation", Time since last: 65797300 ns, Reaching safepoint: 213200 ns, At safepoint: 248376700 ns, Total: 248589900 ns
[20.211s][info][gc       ] GC(146) Pause Young (Mixed) (G1 Evacuation Pause) 1675M->1665M(2908M) 45.363ms
[20.211s][info][safepoint] Safepoint "G1CollectForAllocation", Time since last: 16544800 ns, Reaching safepoint: 112200 ns, At safepoint: 45466400 ns, Total: 45578600 ns
[20.225s][info][gc       ] GC(147) Pause Young (Concurrent Start) (G1 Humongous Allocation) 1683M->1693M(2908M) 7.257ms
[20.225s][info][gc       ] GC(148) Concurrent Mark Cycle
[20.225s][info][safepoint] Safepoint "G1TryInitiateConcMark", Time since last: 6272700 ns, Reaching safepoint: 120199 ns, At safepoint: 7333601 ns, Total: 7453800 ns
[20.468s][info][gc       ] GC(149) Pause Young (Normal) (G1 Evacuation Pause) 2209M->2206M(4996M) 112.157ms
[20.468s][info][safepoint] Safepoint "G1CollectForAllocation", Time since last: 130359100 ns, Reaching safepoint: 284600 ns, At safepoint: 112315999 ns, Total: 112600599 ns
[20.535s][info][gc       ] GC(148) Pause Remark 2478M->1727M(4996M) 1.070ms
[20.535s][info][safepoint] Safepoint "G1Concurrent", Time since last: 58863701 ns, Reaching safepoint: 6679799 ns, At safepoint: 1156801 ns, Total: 7836600 ns
[21.084s][info][gc       ] GC(150) Pause Young (Normal) (G1 Evacuation Pause) 2555M->2562M(4996M) 263.474ms
[21.084s][info][safepoint] Safepoint "G1CollectForAllocation", Time since last: 285125500 ns, Reaching safepoint: 338799 ns, At safepoint: 263558000 ns, Total: 263896799 ns
[21.179s][info][gc       ] GC(148) Pause Cleanup 2566M->2566M(4996M) 0.219ms
[21.180s][info][safepoint] Safepoint "G1Concurrent", Time since last: 94809101 ns, Reaching safepoint: 612199 ns, At safepoint: 290001 ns, Total: 902200 ns
[21.187s][info][gc       ] GC(148) Concurrent Mark Cycle 962.278ms
[21.665s][info][gc       ] GC(151) Pause Young (Prepare Mixed) (G1 Evacuation Pause) 3486M->3496M(4996M) 230.985ms
[21.665s][info][safepoint] Safepoint "G1CollectForAllocation", Time since last: 253714000 ns, Reaching safepoint: 269800 ns, At safepoint: 231093800 ns, Total: 231363600 ns
[21.837s][info][gc       ] GC(152) Pause Young (Mixed) (G1 Evacuation Pause) 3740M->3628M(4996M) 91.675ms
[21.837s][info][safepoint] Safepoint "G1CollectForAllocation", Time since last: 80439000 ns, Reaching safepoint: 194599 ns, At safepoint: 91788801 ns, Total: 91983400 ns
[21.877s][info][gc       ] GC(153) Pause Young (Concurrent Start) (G1 Humongous Allocation) 3678M->3690M(4996M) 22.200ms
[21.877s][info][gc       ] GC(154) Concurrent Mark Cycle
[21.877s][info][safepoint] Safepoint "G1TryInitiateConcMark", Time since last: 17458600 ns, Reaching safepoint: 151299 ns, At safepoint: 22315901 ns, Total: 22467200 ns
[22.160s][info][gc       ] GC(155) Pause Young (Normal) (G1 Evacuation Pause) 4170M->4176M(4996M) 112.168ms
[22.160s][info][safepoint] Safepoint "G1CollectForAllocation", Time since last: 170840400 ns, Reaching safepoint: 303499 ns, At safepoint: 112291200 ns, Total: 112594699 ns
[22.174s][info][gc       ] GC(154) Pause Remark 4212M->1244M(4148M) 1.337ms
[22.174s][info][safepoint] Safepoint "G1Concurrent", Time since last: 12292001 ns, Reaching safepoint: 239400 ns, At safepoint: 1437300 ns, Total: 1676700 ns
[22.347s][info][gc       ] GC(156) Pause Young (Normal) (G1 Evacuation Pause) 1556M->1568M(5740M) 102.055ms
[22.347s][info][safepoint] Safepoint "G1CollectForAllocation", Time since last: 69731800 ns, Reaching safepoint: 307899 ns, At safepoint: 102153401 ns, Total: 102461300 ns
[22.594s][info][gc       ] GC(154) Pause Cleanup 2228M->2228M(5740M) 0.197ms
[22.594s][info][safepoint] Safepoint "G1Concurrent", Time since last: 246155900 ns, Reaching safepoint: 677999 ns, At safepoint: 238000 ns, Total: 915999 ns
[22.600s][info][gc       ] GC(154) Concurrent Mark Cycle 723.409ms
[22.900s][info][gc       ] GC(157) Pause Young (Prepare Mixed) (G1 Evacuation Pause) 2520M->2528M(5740M) 220.870ms
[22.900s][info][safepoint] Safepoint "G1CollectForAllocation", Time since last: 84857401 ns, Reaching safepoint: 191299 ns, At safepoint: 220949001 ns, Total: 221140300 ns
[23.067s][info][gc       ] GC(158) Pause Young (Mixed) (G1 Evacuation Pause) 2852M->2834M(5740M) 92.600ms
[23.067s][info][safepoint] Safepoint "G1CollectForAllocation", Time since last: 74903400 ns, Reaching safepoint: 206000 ns, At safepoint: 92728900 ns, Total: 92934900 ns
[23.316s][info][gc       ] GC(159) Pause Young (Concurrent Start) (G1 Humongous Allocation) 3326M->3338M(5740M) 139.141ms
[23.316s][info][gc       ] GC(160) Concurrent Mark Cycle
[23.316s][info][safepoint] Safepoint "G1TryInitiateConcMark", Time since last: 109312000 ns, Reaching safepoint: 208700 ns, At safepoint: 139278000 ns, Total: 139486700 ns
[23.381s][info][gc       ] GC(160) Pause Remark 3566M->726M(2428M) 2.004ms
[23.381s][info][safepoint] Safepoint "G1Concurrent", Time since last: 62345599 ns, Reaching safepoint: 360001 ns, At safepoint: 2112600 ns, Total: 2472601 ns
[23.497s][info][gc       ] GC(160) Pause Cleanup 1234M->1234M(2428M) 0.169ms
[23.497s][info][safepoint] Safepoint "G1Concurrent", Time since last: 115220100 ns, Reaching safepoint: 740300 ns, At safepoint: 231400 ns, Total: 971700 ns
[23.499s][info][gc       ] GC(160) Concurrent Mark Cycle 182.765ms
[23.715s][info][gc       ] GC(161) Pause Young (Prepare Mixed) (G1 Evacuation Pause) 1398M->1388M(2428M) 176.688ms
[23.715s][info][safepoint] Safepoint "G1CollectForAllocation", Time since last: 40377000 ns, Reaching safepoint: 172100 ns, At safepoint: 176801300 ns, Total: 176973400 ns
[23.759s][info][gc       ] GC(162) Pause Young (Mixed) (G1 Evacuation Pause) 1428M->1434M(2428M) 30.111ms
[23.759s][info][safepoint] Safepoint "G1CollectForAllocation", Time since last: 14447400 ns, Reaching safepoint: 126300 ns, At safepoint: 30216499 ns, Total: 30342799 ns
[23.774s][info][gc       ] GC(163) Pause Young (Concurrent Start) (G1 Humongous Allocation) 1440M->1440M(4708M) 8.137ms
[23.774s][info][safepoint] Safepoint "G1TryInitiateConcMark", Time since last: 1742301 ns, Reaching safepoint: 4934700 ns, At safepoint: 8204200 ns, Total: 13138900 ns
[23.774s][info][gc       ] GC(164) Concurrent Undo Cycle
[23.778s][info][gc       ] GC(164) Concurrent Undo Cycle 3.307ms
[23.874s][info][gc       ] GC(165) Pause Young (Concurrent Start) (G1 Humongous Allocation) 1680M->1681M(4708M) 40.471ms
[23.874s][info][gc       ] GC(166) Concurrent Mark Cycle
[23.874s][info][safepoint] Safepoint "G1TryInitiateConcMark", Time since last: 58531700 ns, Reaching safepoint: 186599 ns, At safepoint: 40552901 ns, Total: 40739500 ns
[24.039s][info][gc       ] GC(166) Pause Remark 2301M->1427M(4708M) 0.697ms
[24.039s][info][safepoint] Safepoint "G1Concurrent", Time since last: 163943900 ns, Reaching safepoint: 410399 ns, At safepoint: 794301 ns, Total: 1204700 ns
[24.360s][info][gc       ] GC(167) Pause Young (Normal) (G1 Evacuation Pause) 1699M->1703M(4708M) 209.819ms
[24.360s][info][safepoint] Safepoint "G1CollectForAllocation", Time since last: 110659600 ns, Reaching safepoint: 507100 ns, At safepoint: 209916100 ns, Total: 210423200 ns
[24.531s][info][gc       ] GC(166) Pause Cleanup 2283M->2283M(4708M) 0.190ms
[24.531s][info][safepoint] Safepoint "G1Concurrent", Time since last: 170775500 ns, Reaching safepoint: 440699 ns, At safepoint: 288301 ns, Total: 729000 ns
[24.535s][info][gc       ] GC(166) Concurrent Mark Cycle 661.450ms
[24.838s][info][gc       ] GC(168) Pause Young (Prepare Mixed) (G1 Evacuation Pause) 2599M->2608M(4708M) 234.049ms
[24.838s][info][safepoint] Safepoint "G1CollectForAllocation", Time since last: 71990500 ns, Reaching safepoint: 205300 ns, At safepoint: 234145400 ns, Total: 234350700 ns
[24.981s][info][gc       ] GC(169) Pause Young (Mixed) (G1 Evacuation Pause) 2884M->2846M(4708M) 79.543ms
[24.981s][info][safepoint] Safepoint "G1CollectForAllocation", Time since last: 63556399 ns, Reaching safepoint: 181001 ns, At safepoint: 79618099 ns, Total: 79799100 ns
[25.016s][info][gc       ] GC(170) Pause Young (Concurrent Start) (G1 Humongous Allocation) 2901M->2916M(4708M) 18.318ms
[25.016s][info][gc       ] GC(171) Concurrent Mark Cycle
[25.016s][info][safepoint] Safepoint "G1TryInitiateConcMark", Time since last: 16717401 ns, Reaching safepoint: 116600 ns, At safepoint: 18389800 ns, Total: 18506400 ns
[25.032s][info][gc       ] GC(171) Pause Remark 2974M->222M(760M) 1.402ms
[25.032s][info][safepoint] Safepoint "G1Concurrent", Time since last: 13766400 ns, Reaching safepoint: 309099 ns, At safepoint: 1468700 ns, Total: 1777799 ns
[25.048s][info][gc       ] GC(171) Pause Cleanup 288M->288M(760M) 0.120ms
[25.048s][info][safepoint] Safepoint "G1Concurrent", Time since last: 15705901 ns, Reaching safepoint: 148600 ns, At safepoint: 176599 ns, Total: 325199 ns
[25.048s][info][gc       ] GC(171) Concurrent Mark Cycle 32.129ms
[25.160s][info][gc       ] GC(172) Pause Young (Prepare Mixed) (G1 Preventive Collection) 472M->432M(760M) 67.844ms
[25.161s][info][safepoint] Safepoint "G1CollectForAllocation", Time since last: 44538301 ns, Reaching safepoint: 176099 ns, At safepoint: 67988301 ns, Total: 68164400 ns
[25.197s][info][gc       ] GC(173) Pause Young (Mixed) (G1 Evacuation Pause) 436M->424M(2280M) 29.042ms
[25.197s][info][safepoint] Safepoint "G1CollectForAllocation", Time since last: 1562500 ns, Reaching safepoint: 6125500 ns, At safepoint: 29202300 ns, Total: 35327800 ns
[25.207s][info][gc       ] GC(174) Pause Young (Concurrent Start) (G1 Humongous Allocation) 428M->428M(2280M) 2.728ms
[25.207s][info][safepoint] Safepoint "G1TryInitiateConcMark", Time since last: 1248300 ns, Reaching safepoint: 6062100 ns, At safepoint: 2783900 ns, Total: 8846000 ns
[25.208s][info][gc       ] GC(175) Concurrent Mark Cycle
[25.299s][info][gc       ] GC(175) Pause Remark 764M->644M(2160M) 0.920ms
[25.299s][info][safepoint] Safepoint "G1Concurrent", Time since last: 89918100 ns, Reaching safepoint: 583500 ns, At safepoint: 1019300 ns, Total: 1602800 ns
[25.412s][info][gc       ] GC(175) Pause Cleanup 1124M->1124M(2160M) 0.181ms
[25.412s][info][safepoint] Safepoint "G1Concurrent", Time since last: 111864300 ns, Reaching safepoint: 784899 ns, At safepoint: 286101 ns, Total: 1071000 ns
[25.413s][info][gc       ] GC(175) Concurrent Mark Cycle 205.814ms
[25.603s][info][gc       ] GC(176) Pause Young (Prepare Mixed) (G1 Evacuation Pause) 1184M->1180M(2160M) 178.100ms
[25.603s][info][safepoint] Safepoint "G1CollectForAllocation", Time since last: 12238300 ns, Reaching safepoint: 197599 ns, At safepoint: 178181600 ns, Total: 178379199 ns
[25.651s][info][gc       ] GC(177) Pause Young (Mixed) (G1 Evacuation Pause) 1220M->1226M(2160M) 34.734ms
[25.651s][info][safepoint] Safepoint "G1CollectForAllocation", Time since last: 13931800 ns, Reaching safepoint: 126301 ns, At safepoint: 34802700 ns, Total: 34929001 ns
[25.671s][info][gc       ] GC(178) Pause Young (Concurrent Start) (G1 Humongous Allocation) 1256M->1268M(2160M) 9.682ms
[25.672s][info][gc       ] GC(179) Concurrent Mark Cycle
[25.672s][info][safepoint] Safepoint "G1TryInitiateConcMark", Time since last: 10276500 ns, Reaching safepoint: 54599 ns, At safepoint: 9758601 ns, Total: 9813200 ns
[25.758s][info][gc       ] GC(179) Pause Remark 1580M->988M(2160M) 0.894ms
[25.758s][info][safepoint] Safepoint "G1Concurrent", Time since last: 85104000 ns, Reaching safepoint: 855200 ns, At safepoint: 940200 ns, Total: 1795400 ns
[25.840s][info][gc       ] GC(180) Pause Young (Normal) (G1 Evacuation Pause) 1020M->1024M(2160M) 69.627ms
[25.840s][info][safepoint] Safepoint "G1CollectForAllocation", Time since last: 11174799 ns, Reaching safepoint: 397801 ns, At safepoint: 69727600 ns, Total: 70125401 ns
[25.956s][info][gc       ] GC(179) Pause Cleanup 1484M->1484M(2160M) 0.167ms
[25.956s][info][safepoint] Safepoint "G1Concurrent", Time since last: 116009600 ns, Reaching safepoint: 263400 ns, At safepoint: 220499 ns, Total: 483899 ns
[25.958s][info][gc       ] GC(179) Concurrent Mark Cycle 286.310ms
[26.077s][info][gc       ] GC(181) Pause Young (Prepare Mixed) (G1 Evacuation Pause) 1500M->1512M(2160M) 114.496ms
[26.077s][info][safepoint] Safepoint "G1CollectForAllocation", Time since last: 6506001 ns, Reaching safepoint: 84800 ns, At safepoint: 114574400 ns, Total: 114659200 ns
[26.150s][info][gc       ] GC(182) Pause Young (Mixed) (G1 Evacuation Pause) 1616M->1434M(4548M) 45.486ms
[26.151s][info][safepoint] Safepoint "G1CollectForAllocation", Time since last: 27541200 ns, Reaching safepoint: 26000 ns, At safepoint: 45588100 ns, Total: 45614100 ns
[26.359s][info][gc       ] GC(183) Pause Young (Mixed) (G1 Evacuation Pause) 1778M->1676M(4548M) 77.322ms
[26.359s][info][safepoint] Safepoint "G1CollectForAllocation", Time since last: 130539100 ns, Reaching safepoint: 141899 ns, At safepoint: 77460101 ns, Total: 77602000 ns
[27.018s][info][gc       ] GC(184) Pause Young (Normal) (G1 Evacuation Pause) 2884M->2892M(4548M) 283.383ms
[27.018s][info][safepoint] Safepoint "G1CollectForAllocation", Time since last: 376050100 ns, Reaching safepoint: 196100 ns, At safepoint: 283501100 ns, Total: 283697200 ns
[27.105s][info][gc       ] GC(185) Pause Young (Concurrent Start) (G1 Humongous Allocation) 2935M->2949M(4548M) 74.348ms
[27.105s][info][gc       ] GC(186) Concurrent Mark Cycle
[27.105s][info][safepoint] Safepoint "G1TryInitiateConcMark", Time since last: 11928200 ns, Reaching safepoint: 128800 ns, At safepoint: 74421099 ns, Total: 74549899 ns
[27.129s][info][gc       ] GC(186) Pause Remark 3019M->271M(920M) 1.129ms
[27.129s][info][safepoint] Safepoint "G1Concurrent", Time since last: 22830001 ns, Reaching safepoint: 380899 ns, At safepoint: 1190600 ns, Total: 1571499 ns
[27.171s][info][gc       ] GC(186) Pause Cleanup 447M->447M(920M) 0.189ms
[27.171s][info][safepoint] Safepoint "G1Concurrent", Time since last: 39195901 ns, Reaching safepoint: 2620000 ns, At safepoint: 276900 ns, Total: 2896900 ns
[27.172s][info][gc       ] GC(186) Concurrent Mark Cycle 67.360ms
[27.300s][info][gc       ] GC(187) Pause Young (Prepare Mixed) (G1 Preventive Collection) 605M->578M(920M) 93.246ms
[27.300s][info][safepoint] Safepoint "G1CollectForAllocation", Time since last: 35545999 ns, Reaching safepoint: 184901 ns, At safepoint: 93337599 ns, Total: 93522500 ns
[27.343s][info][gc       ] GC(188) Pause Young (Mixed) (G1 Evacuation Pause) 582M->593M(2760M) 34.878ms
[27.343s][info][safepoint] Safepoint "G1CollectForAllocation", Time since last: 1559601 ns, Reaching safepoint: 6070299 ns, At safepoint: 34968801 ns, Total: 41039100 ns
[27.379s][info][gc       ] GC(189) Pause Young (Concurrent Start) (G1 Humongous Allocation) 663M->670M(2760M) 12.978ms
[27.379s][info][gc       ] GC(190) Concurrent Mark Cycle
[27.379s][info][safepoint] Safepoint "G1TryInitiateConcMark", Time since last: 22728200 ns, Reaching safepoint: 133900 ns, At safepoint: 13091200 ns, Total: 13225100 ns
[27.505s][info][gc       ] GC(190) Pause Remark 1118M->900M(2760M) 1.001ms
[27.505s][info][safepoint] Safepoint "G1Concurrent", Time since last: 118417300 ns, Reaching safepoint: 6101700 ns, At safepoint: 1053300 ns, Total: 7155000 ns
[27.837s][info][gc       ] GC(191) Pause Young (Normal) (G1 Evacuation Pause) 1380M->1378M(2760M) 210.853ms
[27.837s][info][safepoint] Safepoint "G1CollectForAllocation", Time since last: 121040900 ns, Reaching safepoint: 243600 ns, At safepoint: 210943000 ns, Total: 211186600 ns
[27.874s][info][gc       ] GC(190) Pause Cleanup 1382M->1382M(2760M) 0.118ms
[27.874s][info][safepoint] Safepoint "G1Concurrent", Time since last: 36080300 ns, Reaching safepoint: 716399 ns, At safepoint: 241800 ns, Total: 958199 ns
[27.876s][info][gc       ] GC(190) Concurrent Mark Cycle 497.383ms
[28.157s][info][gc       ] GC(192) Pause Young (Prepare Mixed) (G1 Evacuation Pause) 1970M->1980M(2760M) 136.302ms
[28.157s][info][safepoint] Safepoint "G1CollectForAllocation", Time since last: 146727801 ns, Reaching safepoint: 135400 ns, At safepoint: 136414399 ns, Total: 136549799 ns
[28.235s][info][gc       ] GC(193) Pause Young (Mixed) (G1 Evacuation Pause) 2120M->2124M(2760M) 44.169ms
[28.235s][info][safepoint] Safepoint "G1CollectForAllocation", Time since last: 33742601 ns, Reaching safepoint: 193300 ns, At safepoint: 44261600 ns, Total: 44454900 ns
[28.280s][info][gc       ] GC(194) Pause Young (Concurrent Start) (G1 Humongous Allocation) 2192M->2208M(2760M) 21.803ms
[28.280s][info][safepoint] Safepoint "G1TryInitiateConcMark", Time since last: 22832400 ns, Reaching safepoint: 178400 ns, At safepoint: 21881000 ns, Total: 22059400 ns
[28.280s][info][gc       ] GC(195) Concurrent Mark Cycle
[28.399s][info][gc       ] GC(196) Pause Young (Normal) (G1 Evacuation Pause) 2460M->2468M(4908M) 55.515ms
[28.399s][info][safepoint] Safepoint "G1CollectForAllocation", Time since last: 63068900 ns, Reaching safepoint: 269100 ns, At safepoint: 55623100 ns, Total: 55892200 ns
[28.408s][info][gc       ] GC(195) Pause Remark 2492M->708M(2360M) 0.949ms
[28.408s][info][safepoint] Safepoint "G1Concurrent", Time since last: 7877500 ns, Reaching safepoint: 464400 ns, At safepoint: 982500 ns, Total: 1446900 ns
[28.554s][info][gc       ] GC(195) Pause Cleanup 1308M->1308M(2360M) 0.238ms
[28.554s][info][safepoint] Safepoint "G1Concurrent", Time since last: 140195500 ns, Reaching safepoint: 4959800 ns, At safepoint: 304800 ns, Total: 5264600 ns
[28.556s][info][gc       ] GC(195) Concurrent Mark Cycle 275.635ms
[28.878s][info][gc       ] GC(197) Pause Young (Prepare Mixed) (G1 Evacuation Pause) 1656M->1663M(2360M) 245.197ms
[28.878s][info][safepoint] Safepoint "G1CollectForAllocation", Time since last: 78447600 ns, Reaching safepoint: 216599 ns, At safepoint: 245295201 ns, Total: 245511800 ns
[28.926s][info][gc       ] GC(198) Pause Young (Mixed) (G1 Evacuation Pause) 1699M->1676M(2360M) 35.455ms
[28.926s][info][safepoint] Safepoint "G1CollectForAllocation", Time since last: 12729800 ns, Reaching safepoint: 114199 ns, At safepoint: 35559801 ns, Total: 35674000 ns
[28.973s][info][gc       ] GC(199) Pause Young (Concurrent Start) (G1 Humongous Allocation) 1762M->1774M(2360M) 17.014ms
[28.973s][info][gc       ] GC(200) Concurrent Mark Cycle
[28.973s][info][safepoint] Safepoint "G1TryInitiateConcMark", Time since last: 29487100 ns, Reaching safepoint: 46900 ns, At safepoint: 17079100 ns, Total: 17126000 ns
[29.062s][info][gc       ] GC(201) Pause Young (Normal) (G1 Evacuation Pause) 1998M->2007M(2360M) 32.458ms
[29.062s][info][safepoint] Safepoint "G1CollectForAllocation", Time since last: 55934199 ns, Reaching safepoint: 295300 ns, At safepoint: 32575801 ns, Total: 32871101 ns
[29.159s][info][gc       ] GC(202) Pause Young (Normal) (G1 Evacuation Pause) 2183M->2192M(4668M) 52.730ms
[29.159s][info][safepoint] Safepoint "G1CollectForAllocation", Time since last: 44428900 ns, Reaching safepoint: 303299 ns, At safepoint: 52826100 ns, Total: 53129399 ns
[29.242s][info][gc       ] GC(200) Pause Remark 2400M->1456M(4668M) 1.047ms
[29.242s][info][safepoint] Safepoint "G1Concurrent", Time since last: 80971201 ns, Reaching safepoint: 830000 ns, At safepoint: 1091900 ns, Total: 1921900 ns
[29.781s][info][gc       ] GC(203) Pause Young (Normal) (G1 Evacuation Pause) 2268M->2271M(4668M) 236.023ms
[29.781s][info][safepoint] Safepoint "G1CollectForAllocation", Time since last: 302454100 ns, Reaching safepoint: 301700 ns, At safepoint: 236142200 ns, Total: 236443900 ns
[29.784s][info][gc       ] GC(200) Pause Cleanup 2279M->2279M(4668M) 0.210ms
[29.784s][info][safepoint] Safepoint "G1Concurrent", Time since last: 2338000 ns, Reaching safepoint: 429900 ns, At safepoint: 340400 ns, Total: 770300 ns
[29.796s][info][gc       ] GC(200) Concurrent Mark Cycle 823.220ms
[30.241s][info][gc       ] GC(204) Pause Young (Prepare Mixed) (G1 Evacuation Pause) 3107M->3118M(4668M) 234.337ms
[30.241s][info][safepoint] Safepoint "G1CollectForAllocation", Time since last: 222119100 ns, Reaching safepoint: 206300 ns, At safepoint: 234466800 ns, Total: 234673100 ns
[30.417s][info][gc       ] GC(205) Pause Young (Mixed) (G1 Evacuation Pause) 3390M->3354M(4668M) 86.578ms
[30.417s][info][safepoint] Safepoint "G1CollectForAllocation", Time since last: 88919399 ns, Reaching safepoint: 118201 ns, At safepoint: 86655700 ns, Total: 86773901 ns
[30.463s][info][gc       ] GC(206) Pause Young (Concurrent Start) (G1 Humongous Allocation) 3422M->3434M(4668M) 24.194ms
[30.463s][info][gc       ] GC(207) Concurrent Mark Cycle
[30.463s][info][safepoint] Safepoint "G1TryInitiateConcMark", Time since last: 22206500 ns, Reaching safepoint: 168700 ns, At safepoint: 24307299 ns, Total: 24475999 ns
[30.591s][info][gc       ] GC(207) Pause Remark 3794M->898M(3000M) 1.684ms
[30.591s][info][safepoint] Safepoint "G1Concurrent", Time since last: 113395900 ns, Reaching safepoint: 12672001 ns, At safepoint: 1760599 ns, Total: 14432600 ns
[30.716s][info][gc       ] GC(208) Pause Young (Normal) (G1 Evacuation Pause) 974M->982M(3000M) 91.900ms
[30.717s][info][safepoint] Safepoint "G1CollectForAllocation", Time since last: 32728401 ns, Reaching safepoint: 572700 ns, At safepoint: 92046300 ns, Total: 92619000 ns
[30.876s][info][gc       ] GC(207) Pause Cleanup 1574M->1574M(3000M) 0.153ms
[30.876s][info][safepoint] Safepoint "G1Concurrent", Time since last: 151969499 ns, Reaching safepoint: 7180900 ns, At safepoint: 202901 ns, Total: 7383801 ns
[30.879s][info][gc       ] GC(207) Concurrent Mark Cycle 416.151ms
[31.212s][info][gc       ] GC(209) Pause Young (Prepare Mixed) (G1 Evacuation Pause) 1882M->1894M(3000M) 262.289ms
[31.212s][info][safepoint] Safepoint "G1CollectForAllocation", Time since last: 73652200 ns, Reaching safepoint: 173499 ns, At safepoint: 262414901 ns, Total: 262588400 ns
[31.287s][info][gc       ] GC(210) Pause Young (Mixed) (G1 Evacuation Pause) 1970M->1946M(3000M) 50.373ms
[31.287s][info][safepoint] Safepoint "G1CollectForAllocation", Time since last: 24256100 ns, Reaching safepoint: 132500 ns, At safepoint: 50491799 ns, Total: 50624299 ns
[31.297s][info][gc       ] GC(211) Pause Young (Concurrent Start) (G1 Humongous Allocation) 1948M->1961M(5052M) 9.100ms
[31.297s][info][gc       ] GC(212) Concurrent Undo Cycle
[31.297s][info][safepoint] Safepoint "G1TryInitiateConcMark", Time since last: 242201 ns, Reaching safepoint: 153200 ns, At safepoint: 9226999 ns, Total: 9380199 ns
[31.303s][info][gc       ] GC(212) Concurrent Undo Cycle 6.380ms
[31.313s][info][gc       ] GC(213) Pause Young (Concurrent Start) (G1 Humongous Allocation) 1997M->1994M(5052M) 7.898ms
[31.313s][info][gc       ] GC(214) Concurrent Mark Cycle
[31.313s][info][safepoint] Safepoint "G1TryInitiateConcMark", Time since last: 8536501 ns, Reaching safepoint: 149199 ns, At safepoint: 8039000 ns, Total: 8188199 ns
[31.325s][info][gc       ] GC(214) Pause Remark 2038M->164M(560M) 0.812ms
[31.325s][info][safepoint] Safepoint "G1Concurrent", Time since last: 10172700 ns, Reaching safepoint: 316001 ns, At safepoint: 868300 ns, Total: 1184301 ns
[31.335s][info][gc       ] GC(214) Pause Cleanup 208M->208M(560M) 0.049ms
[31.335s][info][safepoint] Safepoint "G1Concurrent", Time since last: 9941999 ns, Reaching safepoint: 487701 ns, At safepoint: 81200 ns, Total: 568901 ns
[31.336s][info][gc       ] GC(214) Concurrent Mark Cycle 22.223ms
[31.431s][info][gc       ] GC(215) Pause Young (Prepare Mixed) (G1 Preventive Collection) 368M->369M(560M) 59.566ms
[31.431s][info][safepoint] Safepoint "G1CollectForAllocation", Time since last: 35830100 ns, Reaching safepoint: 206700 ns, At safepoint: 59646999 ns, Total: 59853699 ns
[31.482s][info][gc       ] GC(216) Pause Young (Mixed) (G1 Evacuation Pause) 373M->332M(560M) 43.541ms
[31.482s][info][safepoint] Safepoint "G1CollectForAllocation", Time since last: 1610900 ns, Reaching safepoint: 6115901 ns, At safepoint: 43658700 ns, Total: 49774601 ns
[31.499s][info][gc       ] GC(217) Pause Young (Concurrent Start) (G1 Humongous Allocation) 359M->361M(560M) 6.982ms
[31.499s][info][gc       ] GC(218) Concurrent Mark Cycle
[31.500s][info][safepoint] Safepoint "G1TryInitiateConcMark", Time since last: 10013599 ns, Reaching safepoint: 89301 ns, At safepoint: 7101800 ns, Total: 7191101 ns
[31.543s][info][gc       ] GC(219) Pause Young (Normal) (G1 Evacuation Pause) 457M->460M(1692M) 15.325ms
[31.543s][info][safepoint] Safepoint "G1CollectForAllocation", Time since last: 24544500 ns, Reaching safepoint: 3660599 ns, At safepoint: 15405601 ns, Total: 19066200 ns
[31.607s][info][gc       ] GC(218) Pause Remark 680M->612M(1692M) 1.157ms
[31.608s][info][safepoint] Safepoint "G1Concurrent", Time since last: 62440900 ns, Reaching safepoint: 683400 ns, At safepoint: 1268199 ns, Total: 1951599 ns
[31.781s][info][gc       ] GC(220) Pause Young (Normal) (G1 Evacuation Pause) 916M->920M(1692M) 101.777ms
[31.781s][info][safepoint] Safepoint "G1CollectForAllocation", Time since last: 71449001 ns, Reaching safepoint: 467600 ns, At safepoint: 101908400 ns, Total: 102376000 ns
[31.859s][info][gc       ] GC(218) Pause Cleanup 1176M->1176M(1692M) 0.082ms
[31.859s][info][safepoint] Safepoint "G1Concurrent", Time since last: 77244299 ns, Reaching safepoint: 501801 ns, At safepoint: 145400 ns, Total: 647201 ns
[31.861s][info][gc       ] GC(218) Concurrent Mark Cycle 361.266ms
[31.958s][info][gc       ] GC(221) Pause Young (Prepare Mixed) (G1 Evacuation Pause) 1216M->1224M(1692M) 80.325ms
[31.958s][info][safepoint] Safepoint "G1CollectForAllocation", Time since last: 18367300 ns, Reaching safepoint: 56999 ns, At safepoint: 80415301 ns, Total: 80472300 ns
[32.028s][info][gc       ] GC(222) Pause Young (Mixed) (G1 Evacuation Pause) 1332M->1340M(1692M) 42.301ms
[32.028s][info][safepoint] Safepoint "G1CollectForAllocation", Time since last: 27173799 ns, Reaching safepoint: 490300 ns, At safepoint: 42388901 ns, Total: 42879201 ns
[32.073s][info][gc       ] GC(223) Pause Young (Concurrent Start) (G1 Evacuation Pause) 1412M->1420M(1692M) 19.664ms
[32.073s][info][safepoint] Safepoint "G1CollectForAllocation", Time since last: 25385200 ns, Reaching safepoint: 50999 ns, At safepoint: 19732900 ns, Total: 19783899 ns
[32.073s][info][gc       ] GC(224) Concurrent Mark Cycle
[32.141s][info][gc       ] GC(225) Pause Young (Normal) (G1 Evacuation Pause) 1572M->1579M(1692M) 26.679ms
[32.141s][info][safepoint] Safepoint "G1CollectForAllocation", Time since last: 41067801 ns, Reaching safepoint: 90600 ns, At safepoint: 26759900 ns, Total: 26850500 ns
[32.174s][info][gc       ] GC(226) Pause Young (Normal) (G1 Preventive Collection) 1623M->1630M(4268M) 16.600ms
[32.174s][info][safepoint] Safepoint "G1CollectForAllocation", Time since last: 15689300 ns, Reaching safepoint: 101300 ns, At safepoint: 16679600 ns, Total: 16780900 ns
[32.250s][info][gc       ] GC(224) Pause Remark 1804M->860M(2880M) 1.168ms
[32.250s][info][safepoint] Safepoint "G1Concurrent", Time since last: 58381500 ns, Reaching safepoint: 16948600 ns, At safepoint: 1303400 ns, Total: 18252000 ns
[32.434s][info][gc       ] GC(224) Pause Cleanup 1346M->1346M(2880M) 0.218ms
[32.434s][info][safepoint] Safepoint "G1Concurrent", Time since last: 182217399 ns, Reaching safepoint: 767601 ns, At safepoint: 277200 ns, Total: 1044801 ns
[32.437s][info][gc       ] GC(224) Concurrent Mark Cycle 364.121ms
[32.819s][info][gc       ] GC(227) Pause Young (Prepare Mixed) (G1 Evacuation Pause) 1678M->1680M(2880M) 236.516ms
[32.819s][info][safepoint] Safepoint "G1CollectForAllocation", Time since last: 148423000 ns, Reaching safepoint: 134900 ns, At safepoint: 236616199 ns, Total: 236751099 ns
[32.913s][info][gc       ] GC(228) Pause Young (Mixed) (G1 Evacuation Pause) 1864M->1860M(2880M) 59.203ms
[32.913s][info][safepoint] Safepoint "G1CollectForAllocation", Time since last: 34817601 ns, Reaching safepoint: 150600 ns, At safepoint: 59278300 ns, Total: 59428900 ns
[32.943s][info][gc       ] GC(229) Pause Young (Concurrent Start) (G1 Humongous Allocation) 1911M->1918M(2880M) 14.051ms
[32.943s][info][gc       ] GC(230) Concurrent Mark Cycle
[32.943s][info][safepoint] Safepoint "G1TryInitiateConcMark", Time since last: 15457000 ns, Reaching safepoint: 124300 ns, At safepoint: 14125800 ns, Total: 14250100 ns
[32.956s][info][gc       ] GC(230) Pause Remark 1970M->188M(628M) 1.166ms
[32.956s][info][safepoint] Safepoint "G1Concurrent", Time since last: 11757300 ns, Reaching safepoint: 504800 ns, At safepoint: 1231000 ns, Total: 1735800 ns
[32.974s][info][gc       ] GC(230) Pause Cleanup 260M->260M(628M) 0.169ms
[32.974s][info][safepoint] Safepoint "G1Concurrent", Time since last: 17463000 ns, Reaching safepoint: 391200 ns, At safepoint: 223799 ns, Total: 614999 ns
[32.975s][info][gc       ] GC(230) Concurrent Mark Cycle 32.188ms
[33.073s][info][gc       ] GC(231) Pause Young (Prepare Mixed) (G1 Preventive Collection) 412M->387M(628M) 63.496ms
[33.073s][info][safepoint] Safepoint "G1CollectForAllocation", Time since last: 35014101 ns, Reaching safepoint: 186500 ns, At safepoint: 63575300 ns, Total: 63761800 ns
[33.096s][info][gc       ] GC(232) Pause Young (Mixed) (G1 Evacuation Pause) 391M->380M(628M) 15.603ms
[33.096s][info][safepoint] Safepoint "G1CollectForAllocation", Time since last: 1584500 ns, Reaching safepoint: 5889199 ns, At safepoint: 15720001 ns, Total: 21609200 ns
[33.119s][info][gc       ] GC(233) Pause Young (Concurrent Start) (G1 Humongous Allocation) 416M->420M(1884M) 10.111ms
[33.119s][info][safepoint] Safepoint "G1TryInitiateConcMark", Time since last: 12413999 ns, Reaching safepoint: 155801 ns, At safepoint: 10205200 ns, Total: 10361001 ns
[33.119s][info][gc       ] GC(234) Concurrent Mark Cycle
[33.205s][info][gc       ] GC(234) Pause Remark 732M->640M(1884M) 1.375ms
[33.205s][info][safepoint] Safepoint "G1Concurrent", Time since last: 84061200 ns, Reaching safepoint: 390500 ns, At safepoint: 1428000 ns, Total: 1818500 ns
[33.416s][info][gc       ] GC(235) Pause Young (Normal) (G1 Evacuation Pause) 992M->991M(1884M) 127.194ms
[33.416s][info][safepoint] Safepoint "G1CollectForAllocation", Time since last: 83183999 ns, Reaching safepoint: 289301 ns, At safepoint: 127318600 ns, Total: 127607901 ns
[33.454s][info][gc       ] GC(234) Pause Cleanup 1123M->1123M(1884M) 0.223ms
[33.454s][info][safepoint] Safepoint "G1Concurrent", Time since last: 37876700 ns, Reaching safepoint: 393700 ns, At safepoint: 343000 ns, Total: 736700 ns
[33.456s][info][gc       ] GC(234) Concurrent Mark Cycle 336.758ms
[33.605s][info][gc       ] GC(236) Pause Young (Prepare Mixed) (G1 Evacuation Pause) 1359M->1374M(1884M) 90.222ms
[33.605s][info][safepoint] Safepoint "G1CollectForAllocation", Time since last: 60476300 ns, Reaching safepoint: 248999 ns, At safepoint: 90307200 ns, Total: 90556199 ns
[33.654s][info][gc       ] GC(237) Pause Young (Mixed) (G1 Evacuation Pause) 1430M->1434M(1884M) 28.658ms
[33.654s][info][safepoint] Safepoint "G1CollectForAllocation", Time since last: 20189001 ns, Reaching safepoint: 124600 ns, At safepoint: 28731800 ns, Total: 28856400 ns
[33.668s][info][gc       ] GC(238) Pause Young (Concurrent Start) (G1 Humongous Allocation) 1453M->1463M(1884M) 6.544ms
[33.668s][info][safepoint] Safepoint "G1TryInitiateConcMark", Time since last: 6934100 ns, Reaching safepoint: 164199 ns, At safepoint: 6622501 ns, Total: 6786700 ns
[33.668s][info][gc       ] GC(239) Concurrent Mark Cycle
[33.735s][info][gc       ] GC(240) Pause Young (Normal) (G1 Evacuation Pause) 1623M->1627M(1884M) 24.712ms
[33.735s][info][safepoint] Safepoint "G1CollectForAllocation", Time since last: 41848800 ns, Reaching safepoint: 294400 ns, At safepoint: 24834600 ns, Total: 25129000 ns
[33.783s][info][gc       ] GC(241) Pause Young (Normal) (G1 Preventive Collection) 1706M->1712M(4380M) 20.870ms
[33.783s][info][safepoint] Safepoint "G1CollectForAllocation", Time since last: 27061199 ns, Reaching safepoint: 262600 ns, At safepoint: 20996901 ns, Total: 21259501 ns
[33.849s][info][gc       ] GC(239) Pause Remark 1856M->1012M(3376M) 1.063ms
[33.850s][info][safepoint] Safepoint "G1Concurrent", Time since last: 64502999 ns, Reaching safepoint: 480700 ns, At safepoint: 1169701 ns, Total: 1650401 ns
[34.059s][info][gc       ] GC(239) Pause Cleanup 1532M->1532M(3376M) 0.230ms
[34.059s][info][safepoint] Safepoint "G1Concurrent", Time since last: 209084300 ns, Reaching safepoint: 172500 ns, At safepoint: 281300 ns, Total: 453800 ns
[34.064s][info][gc       ] GC(239) Concurrent Mark Cycle 395.979ms
[34.555s][info][gc       ] GC(242) Pause Young (Prepare Mixed) (G1 Evacuation Pause) 2116M->2114M(3376M) 274.480ms
[34.555s][info][safepoint] Safepoint "G1CollectForAllocation", Time since last: 221157299 ns, Reaching safepoint: 210801 ns, At safepoint: 274643100 ns, Total: 274853901 ns
[34.649s][info][gc       ] GC(243) Pause Young (Mixed) (G1 Evacuation Pause) 2230M->2180M(3376M) 63.333ms
[34.649s][info][safepoint] Safepoint "G1CollectForAllocation", Time since last: 30373300 ns, Reaching safepoint: 180400 ns, At safepoint: 63413800 ns, Total: 63594200 ns
[34.672s][info][gc       ] GC(244) Pause Young (Concurrent Start) (G1 Humongous Allocation) 2200M->2215M(3376M) 15.935ms
[34.672s][info][safepoint] Safepoint "G1TryInitiateConcMark", Time since last: 7152900 ns, Reaching safepoint: 155500 ns, At safepoint: 16041000 ns, Total: 16196500 ns
[34.672s][info][gc       ] GC(245) Concurrent Mark Cycle
[34.730s][info][gc       ] GC(245) Pause Remark 2379M->559M(1880M) 1.001ms
[34.730s][info][safepoint] Safepoint "G1Concurrent", Time since last: 52481200 ns, Reaching safepoint: 4480700 ns, At safepoint: 1077600 ns, Total: 5558300 ns
[34.803s][info][gc       ] GC(245) Pause Cleanup 815M->815M(1880M) 0.188ms
[34.803s][info][safepoint] Safepoint "G1Concurrent", Time since last: 71903300 ns, Reaching safepoint: 545700 ns, At safepoint: 239299 ns, Total: 784999 ns
[34.884s][info][gc       ] GC(246) Pause Young (Prepare Mixed) (G1 Evacuation Pause) 819M->825M(1880M) 79.020ms
[34.884s][info][safepoint] Safepoint "G1CollectForAllocation", Time since last: 1483601 ns, Reaching safepoint: 196800 ns, At safepoint: 79122099 ns, Total: 79318899 ns
[34.884s][info][gc       ] GC(245) Concurrent Mark Cycle 211.871ms
[34.939s][info][gc       ] GC(247) Pause Young (Mixed) (G1 Evacuation Pause) 881M->772M(1880M) 28.269ms
[34.939s][info][safepoint] Safepoint "G1CollectForAllocation", Time since last: 22546201 ns, Reaching safepoint: 3977200 ns, At safepoint: 28348800 ns, Total: 32326000 ns
[34.967s][info][gc       ] GC(248) Pause Young (Concurrent Start) (G1 Humongous Allocation) 800M->799M(4380M) 16.877ms
[34.967s][info][safepoint] Safepoint "G1TryInitiateConcMark", Time since last: 10603399 ns, Reaching safepoint: 190000 ns, At safepoint: 16963001 ns, Total: 17153001 ns
[34.967s][info][gc       ] GC(249) Concurrent Undo Cycle
[34.972s][info][gc       ] GC(249) Concurrent Undo Cycle 5.584ms
[35.069s][info][gc       ] GC(250) Pause Young (Concurrent Start) (G1 Humongous Allocation) 1029M->1027M(4380M) 41.515ms
[35.069s][info][safepoint] Safepoint "G1TryInitiateConcMark", Time since last: 60642900 ns, Reaching safepoint: 166200 ns, At safepoint: 41663200 ns, Total: 41829400 ns
[35.069s][info][gc       ] GC(251) Concurrent Mark Cycle
[35.093s][info][gc       ] GC(251) Pause Remark 1115M->293M(988M) 0.988ms
[35.093s][info][safepoint] Safepoint "G1Concurrent", Time since last: 22328100 ns, Reaching safepoint: 186900 ns, At safepoint: 1034200 ns, Total: 1221100 ns
[35.115s][info][gc       ] GC(251) Pause Cleanup 389M->389M(988M) 0.176ms
[35.115s][info][safepoint] Safepoint "G1Concurrent", Time since last: 21186600 ns, Reaching safepoint: 699500 ns, At safepoint: 259299 ns, Total: 958799 ns
[35.116s][info][gc       ] GC(251) Concurrent Mark Cycle 46.677ms
[35.269s][info][gc       ] GC(252) Pause Young (Prepare Mixed) (G1 Preventive Collection) 609M->513M(988M) 106.483ms
[35.269s][info][safepoint] Safepoint "G1CollectForAllocation", Time since last: 47081001 ns, Reaching safepoint: 200900 ns, At safepoint: 106565899 ns, Total: 106766799 ns
[35.333s][info][gc       ] GC(253) Pause Young (Mixed) (G1 Evacuation Pause) 517M->518M(988M) 56.376ms
[35.333s][info][safepoint] Safepoint "G1CollectForAllocation", Time since last: 1571000 ns, Reaching safepoint: 6242201 ns, At safepoint: 56460199 ns, Total: 62702400 ns
[35.371s][info][gc       ] GC(254) Pause Young (Concurrent Start) (G1 Humongous Allocation) 588M->595M(988M) 12.773ms
[35.371s][info][gc       ] GC(255) Concurrent Mark Cycle
[35.371s][info][safepoint] Safepoint "G1TryInitiateConcMark", Time since last: 24998101 ns, Reaching safepoint: 791400 ns, At safepoint: 12839700 ns, Total: 13631100 ns
[35.449s][info][gc       ] GC(256) Pause Young (Normal) (G1 Evacuation Pause) 759M->765M(2964M) 33.780ms
[35.449s][info][safepoint] Safepoint "G1CollectForAllocation", Time since last: 43575099 ns, Reaching safepoint: 456301 ns, At safepoint: 33881300 ns, Total: 34337601 ns
[35.528s][info][gc       ] GC(255) Pause Remark 969M->825M(2760M) 0.926ms
[35.528s][info][safepoint] Safepoint "G1Concurrent", Time since last: 77147100 ns, Reaching safepoint: 715400 ns, At safepoint: 1002600 ns, Total: 1718000 ns
[35.720s][info][gc       ] GC(255) Pause Cleanup 1483M->1483M(2760M) 0.196ms
[35.720s][info][safepoint] Safepoint "G1Concurrent", Time since last: 182403000 ns, Reaching safepoint: 8911200 ns, At safepoint: 300100 ns, Total: 9211300 ns
[35.722s][info][gc       ] GC(255) Concurrent Mark Cycle 350.615ms
[35.991s][info][gc       ] GC(257) Pause Young (Prepare Mixed) (G1 Evacuation Pause) 1585M->1589M(2760M) 233.972ms
[35.991s][info][safepoint] Safepoint "G1CollectForAllocation", Time since last: 37226000 ns, Reaching safepoint: 216600 ns, At safepoint: 234039200 ns, Total: 234255800 ns
[36.115s][info][gc       ] GC(258) Pause Young (Mixed) (G1 Evacuation Pause) 1765M->1771M(2760M) 64.759ms
[36.115s][info][safepoint] Safepoint "G1CollectForAllocation", Time since last: 58634600 ns, Reaching safepoint: 195199 ns, At safepoint: 64899701 ns, Total: 65094900 ns
[36.179s][info][gc       ] GC(259) Pause Young (Concurrent Start) (G1 Humongous Allocation) 1881M->1885M(2760M) 29.053ms
[36.179s][info][gc       ] GC(260) Concurrent Mark Cycle
[36.179s][info][safepoint] Safepoint "G1TryInitiateConcMark", Time since last: 34817100 ns, Reaching safepoint: 145300 ns, At safepoint: 29189599 ns, Total: 29334899 ns
[36.201s][info][gc       ] GC(260) Pause Remark 1969M->284M(948M) 1.067ms
[36.201s][info][safepoint] Safepoint "G1Concurrent", Time since last: 20051900 ns, Reaching safepoint: 288101 ns, At safepoint: 1130200 ns, Total: 1418301 ns
[36.241s][info][gc       ] GC(260) Pause Cleanup 452M->452M(948M) 0.169ms
[36.241s][info][safepoint] Safepoint "G1Concurrent", Time since last: 39648400 ns, Reaching safepoint: 537300 ns, At safepoint: 213100 ns, Total: 750400 ns
[36.242s][info][gc       ] GC(260) Concurrent Mark Cycle 62.531ms
[36.329s][info][gc       ] GC(261) Pause Young (Prepare Mixed) (G1 Evacuation Pause) 496M->472M(948M) 74.198ms
[36.329s][info][safepoint] Safepoint "G1CollectForAllocation", Time since last: 13232100 ns, Reaching safepoint: 188900 ns, At safepoint: 74320100 ns, Total: 74509000 ns
[36.356s][info][gc       ] GC(262) Pause Young (Mixed) (G1 Evacuation Pause) 488M->484M(948M) 18.853ms
[36.356s][info][safepoint] Safepoint "G1CollectForAllocation", Time since last: 6101000 ns, Reaching safepoint: 1934799 ns, At safepoint: 18958401 ns, Total: 20893200 ns
[36.369s][info][gc       ] GC(263) Pause Young (Concurrent Start) (G1 Humongous Allocation) 488M->488M(2844M) 5.836ms
[36.369s][info][gc       ] GC(264) Concurrent Mark Cycle
[36.369s][info][safepoint] Safepoint "G1TryInitiateConcMark", Time since last: 1166800 ns, Reaching safepoint: 6192399 ns, At safepoint: 5993801 ns, Total: 12186200 ns
[36.462s][info][gc       ] GC(264) Pause Remark 824M->680M(2268M) 0.897ms
[36.462s][info][safepoint] Safepoint "G1Concurrent", Time since last: 90886800 ns, Reaching safepoint: 584499 ns, At safepoint: 986601 ns, Total: 1571100 ns
[36.578s][info][gc       ] GC(264) Pause Cleanup 1148M->1148M(2268M) 0.192ms
[36.578s][info][safepoint] Safepoint "G1Concurrent", Time since last: 115417000 ns, Reaching safepoint: 695500 ns, At safepoint: 299300 ns, Total: 994800 ns
[36.580s][info][gc       ] GC(264) Concurrent Mark Cycle 210.945ms
[36.877s][info][gc       ] GC(265) Pause Young (Prepare Mixed) (G1 Evacuation Pause) 1416M->1412M(2268M) 224.905ms
[36.877s][info][safepoint] Safepoint "G1CollectForAllocation", Time since last: 73975200 ns, Reaching safepoint: 190700 ns, At safepoint: 224986700 ns, Total: 225177400 ns
[36.927s][info][gc       ] GC(266) Pause Young (Mixed) (G1 Evacuation Pause) 1440M->1442M(2268M) 39.683ms
[36.928s][info][safepoint] Safepoint "G1CollectForAllocation", Time since last: 10443200 ns, Reaching safepoint: 93600 ns, At safepoint: 39751700 ns, Total: 39845300 ns
[36.935s][info][gc       ] GC(267) Pause Young (Concurrent Start) (G1 Humongous Allocation) 1450M->1462M(2268M) 5.075ms
[36.935s][info][gc       ] GC(268) Concurrent Mark Cycle
[36.935s][info][safepoint] Safepoint "G1TryInitiateConcMark", Time since last: 2363900 ns, Reaching safepoint: 63700 ns, At safepoint: 5138000 ns, Total: 5201700 ns
[37.119s][info][gc       ] GC(269) Pause Young (Normal) (G1 Evacuation Pause) 1838M->1840M(2268M) 80.833ms
[37.120s][info][safepoint] Safepoint "G1CollectForAllocation", Time since last: 103375600 ns, Reaching safepoint: 147399 ns, At safepoint: 80970301 ns, Total: 81117700 ns
[37.179s][info][gc       ] GC(270) Pause Young (Normal) (G1 Evacuation Pause) 1928M->1936M(4612M) 30.787ms
[37.179s][info][safepoint] Safepoint "G1CollectForAllocation", Time since last: 28747900 ns, Reaching safepoint: 135100 ns, At safepoint: 30888299 ns, Total: 31023399 ns
[37.190s][info][gc       ] GC(268) Pause Remark 1972M->1264M(4216M) 0.765ms
[37.191s][info][safepoint] Safepoint "G1Concurrent", Time since last: 9946501 ns, Reaching safepoint: 401900 ns, At safepoint: 806900 ns, Total: 1208800 ns
[37.422s][info][gc       ] GC(268) Pause Cleanup 1876M->1876M(4216M) 0.295ms
[37.422s][info][safepoint] Safepoint "G1Concurrent", Time since last: 230761200 ns, Reaching safepoint: 424100 ns, At safepoint: 400099 ns, Total: 824199 ns
[37.429s][info][gc       ] GC(268) Concurrent Mark Cycle 493.796ms
[37.888s][info][gc       ] GC(271) Pause Young (Prepare Mixed) (G1 Evacuation Pause) 2348M->2353M(4216M) 306.049ms
[37.888s][info][safepoint] Safepoint "G1CollectForAllocation", Time since last: 160026201 ns, Reaching safepoint: 155700 ns, At safepoint: 306143600 ns, Total: 306299300 ns
[38.094s][info][gc       ] GC(272) Pause Young (Mixed) (G1 Evacuation Pause) 2565M->2426M(4216M) 124.976ms
[38.094s][info][safepoint] Safepoint "G1CollectForAllocation", Time since last: 80146100 ns, Reaching safepoint: 48999 ns, At safepoint: 125057001 ns, Total: 125106000 ns
[38.154s][info][gc       ] GC(273) Pause Young (Concurrent Start) (G1 Humongous Allocation) 2520M->2530M(4216M) 27.619ms
[38.154s][info][gc       ] GC(274) Concurrent Mark Cycle
[38.154s][info][safepoint] Safepoint "G1TryInitiateConcMark", Time since last: 32668000 ns, Reaching safepoint: 123800 ns, At safepoint: 27696199 ns, Total: 27819999 ns
[38.265s][info][gc       ] GC(274) Pause Remark 2890M->1006M(3360M) 0.838ms
[38.265s][info][safepoint] Safepoint "G1Concurrent", Time since last: 110097001 ns, Reaching safepoint: 331200 ns, At safepoint: 889700 ns, Total: 1220900 ns
[38.558s][info][gc       ] GC(275) Pause Young (Normal) (G1 Evacuation Pause) 1310M->1313M(3360M) 156.489ms
[38.559s][info][safepoint] Safepoint "G1CollectForAllocation", Time since last: 134914600 ns, Reaching safepoint: 1512200 ns, At safepoint: 156613800 ns, Total: 158126000 ns
[38.595s][info][gc       ] GC(274) Pause Cleanup 1381M->1381M(3360M) 0.167ms
[38.595s][info][safepoint] Safepoint "G1Concurrent", Time since last: 30312099 ns, Reaching safepoint: 6400200 ns, At safepoint: 252200 ns, Total: 6652400 ns
[38.601s][info][gc       ] GC(274) Concurrent Mark Cycle 446.363ms
[39.054s][info][gc       ] GC(276) Pause Young (Prepare Mixed) (G1 Evacuation Pause) 2185M->2196M(3360M) 230.517ms
[39.054s][info][safepoint] Safepoint "G1CollectForAllocation", Time since last: 227652601 ns, Reaching safepoint: 66099 ns, At safepoint: 230660201 ns, Total: 230726300 ns
[39.164s][info][gc       ] GC(277) Pause Young (Mixed) (G1 Evacuation Pause) 2348M->2268M(3360M) 67.860ms
[39.164s][info][safepoint] Safepoint "G1CollectForAllocation", Time since last: 42415400 ns, Reaching safepoint: 78500 ns, At safepoint: 67933600 ns, Total: 68012100 ns
[39.204s][info][gc       ] GC(278) Pause Young (Concurrent Start) (G1 Humongous Allocation) 2308M->2324M(5268M) 21.467ms
[39.205s][info][gc       ] GC(279) Concurrent Undo Cycle
[39.205s][info][safepoint] Safepoint "G1TryInitiateConcMark", Time since last: 18658700 ns, Reaching safepoint: 36500 ns, At safepoint: 21578400 ns, Total: 21614900 ns
[39.212s][info][gc       ] GC(279) Concurrent Undo Cycle 7.941ms
[39.311s][info][gc       ] GC(280) Pause Young (Concurrent Start) (G1 Humongous Allocation) 2486M->2494M(5268M) 39.073ms
[39.311s][info][gc       ] GC(281) Concurrent Mark Cycle
[39.311s][info][safepoint] Safepoint "G1TryInitiateConcMark", Time since last: 67420200 ns, Reaching safepoint: 74099 ns, At safepoint: 39198601 ns, Total: 39272700 ns
[39.436s][info][gc       ] GC(281) Pause Remark 2874M->928M(3096M) 0.733ms
[39.436s][info][safepoint] Safepoint "G1Concurrent", Time since last: 123131900 ns, Reaching safepoint: 861300 ns, At safepoint: 790499 ns, Total: 1651799 ns
[39.589s][info][gc       ] GC(281) Pause Cleanup 1464M->1464M(3096M) 0.189ms
[39.589s][info][safepoint] Safepoint "G1Concurrent", Time since last: 152315001 ns, Reaching safepoint: 138400 ns, At safepoint: 280400 ns, Total: 418800 ns
[39.591s][info][gc       ] GC(281) Concurrent Mark Cycle 279.688ms
[39.883s][info][gc       ] GC(282) Pause Young (Prepare Mixed) (G1 Evacuation Pause) 1588M->1588M(3096M) 268.021ms
[39.883s][info][safepoint] Safepoint "G1CollectForAllocation", Time since last: 25551700 ns, Reaching safepoint: 124600 ns, At safepoint: 268123300 ns, Total: 268247900 ns
[39.971s][info][gc       ] GC(283) Pause Young (Mixed) (G1 Evacuation Pause) 1656M->1638M(3096M) 62.160ms
[39.971s][info][safepoint] Safepoint "G1CollectForAllocation", Time since last: 26354800 ns, Reaching safepoint: 34000 ns, At safepoint: 62245300 ns, Total: 62279300 ns
[40.022s][info][gc       ] GC(284) Pause Young (Concurrent Start) (G1 Humongous Allocation) 1714M->1720M(3096M) 20.039ms
[40.022s][info][gc       ] GC(285) Concurrent Mark Cycle
[40.022s][info][safepoint] Safepoint "G1TryInitiateConcMark", Time since last: 30476000 ns, Reaching safepoint: 39499 ns, At safepoint: 20125201 ns, Total: 20164700 ns
[40.381s][info][gc       ] GC(286) Pause Young (Normal) (G1 Evacuation Pause) 2336M->2341M(5108M) 188.900ms
[40.382s][info][safepoint] Safepoint "G1CollectForAllocation", Time since last: 170570600 ns, Reaching safepoint: 97500 ns, At safepoint: 189032400 ns, Total: 189129900 ns
[40.438s][info][gc       ] GC(285) Pause Remark 2513M->1733M(5108M) 0.478ms
[40.438s][info][safepoint] Safepoint "G1Concurrent", Time since last: 46091500 ns, Reaching safepoint: 9635600 ns, At safepoint: 527900 ns, Total: 10163500 ns
[40.944s][info][gc       ] GC(287) Pause Young (Normal) (G1 Evacuation Pause) 2373M->2382M(5108M) 265.813ms
[40.944s][info][safepoint] Safepoint "G1CollectForAllocation", Time since last: 240198200 ns, Reaching safepoint: 301000 ns, At safepoint: 265970400 ns, Total: 266271400 ns
[41.370s][info][gc       ] GC(288) Pause Young (Normal) (G1 Evacuation Pause) 3042M->3056M(5108M) 210.553ms
[41.370s][info][safepoint] Safepoint "G1CollectForAllocation", Time since last: 214732700 ns, Reaching safepoint: 242300 ns, At safepoint: 210643499 ns, Total: 210885799 ns
[41.477s][info][gc       ] GC(285) Pause Cleanup 3280M->3280M(5108M) 0.244ms
[41.478s][info][safepoint] Safepoint "G1Concurrent", Time since last: 104924501 ns, Reaching safepoint: 2394500 ns, At safepoint: 323699 ns, Total: 2718199 ns
[41.485s][info][gc       ] GC(285) Concurrent Mark Cycle 1463.147ms
[41.905s][info][gc       ] GC(289) Pause Young (Prepare Mixed) (G1 Evacuation Pause) 3720M->3728M(5108M) 264.810ms
[41.905s][info][safepoint] Safepoint "G1CollectForAllocation", Time since last: 162116201 ns, Reaching safepoint: 82100 ns, At safepoint: 264903399 ns, Total: 264985499 ns
[42.138s][info][gc       ] GC(290) Pause Young (Mixed) (G1 Evacuation Pause) 4044M->3936M(5108M) 116.895ms
[42.138s][info][safepoint] Safepoint "G1CollectForAllocation", Time since last: 116718101 ns, Reaching safepoint: 172500 ns, At safepoint: 116973900 ns, Total: 117146400 ns
[42.162s][info][gc       ] GC(291) Pause Young (Concurrent Start) (G1 Humongous Allocation) 3940M->3961M(5108M) 21.560ms
[42.162s][info][gc       ] GC(292) Concurrent Mark Cycle
[42.162s][info][safepoint] Safepoint "G1TryInitiateConcMark", Time since last: 1323100 ns, Reaching safepoint: 108900 ns, At safepoint: 21632300 ns, Total: 21741200 ns
[42.177s][info][gc       ] GC(292) Pause Remark 4011M->183M(628M) 1.654ms
[42.177s][info][safepoint] Safepoint "G1Concurrent", Time since last: 13526900 ns, Reaching safepoint: 463500 ns, At safepoint: 1715699 ns, Total: 2179199 ns
[42.201s][info][gc       ] GC(292) Pause Cleanup 287M->287M(628M) 0.071ms
[42.201s][info][safepoint] Safepoint "G1Concurrent", Time since last: 23714201 ns, Reaching safepoint: 131000 ns, At safepoint: 132700 ns, Total: 263700 ns
[42.202s][info][gc       ] GC(292) Concurrent Mark Cycle 40.111ms
[42.305s][info][gc       ] GC(293) Pause Young (Prepare Mixed) (G1 Preventive Collection) 421M->426M(628M) 64.789ms
[42.305s][info][safepoint] Safepoint "G1CollectForAllocation", Time since last: 38487500 ns, Reaching safepoint: 150400 ns, At safepoint: 64865300 ns, Total: 65015700 ns
[42.332s][info][gc       ] GC(294) Pause Young (Mixed) (G1 Evacuation Pause) 430M->414M(1884M) 19.570ms
[42.332s][info][safepoint] Safepoint "G1CollectForAllocation", Time since last: 1595800 ns, Reaching safepoint: 6215199 ns, At safepoint: 19654201 ns, Total: 25869400 ns
[42.344s][info][gc       ] GC(295) Pause Young (Concurrent Start) (G1 Humongous Allocation) 430M->429M(1884M) 3.997ms
[42.344s][info][safepoint] Safepoint "G1TryInitiateConcMark", Time since last: 5312600 ns, Reaching safepoint: 2213499 ns, At safepoint: 4053601 ns, Total: 6267100 ns
[42.344s][info][gc       ] GC(296) Concurrent Mark Cycle
[42.435s][info][gc       ] GC(296) Pause Remark 753M->629M(1884M) 1.252ms
[42.435s][info][safepoint] Safepoint "G1Concurrent", Time since last: 89477200 ns, Reaching safepoint: 291200 ns, At safepoint: 1336599 ns, Total: 1627799 ns
[42.648s][info][gc       ] GC(297) Pause Young (Normal) (G1 Evacuation Pause) 965M->962M(1884M) 130.763ms
[42.648s][info][safepoint] Safepoint "G1CollectForAllocation", Time since last: 81904601 ns, Reaching safepoint: 525400 ns, At safepoint: 130858999 ns, Total: 131384399 ns
[42.697s][info][gc       ] GC(296) Pause Cleanup 1094M->1094M(1884M) 0.090ms
[42.697s][info][safepoint] Safepoint "G1Concurrent", Time since last: 48371101 ns, Reaching safepoint: 90300 ns, At safepoint: 163000 ns, Total: 253300 ns
[42.698s][info][gc       ] GC(296) Concurrent Mark Cycle 354.598ms
[42.875s][info][gc       ] GC(298) Pause Young (Prepare Mixed) (G1 Evacuation Pause) 1338M->1348M(1884M) 106.478ms
[42.875s][info][safepoint] Safepoint "G1CollectForAllocation", Time since last: 71566900 ns, Reaching safepoint: 160200 ns, At safepoint: 106562800 ns, Total: 106723000 ns
[42.924s][info][gc       ] GC(299) Pause Young (Mixed) (G1 Evacuation Pause) 1404M->1410M(1884M) 28.983ms
[42.924s][info][safepoint] Safepoint "G1CollectForAllocation", Time since last: 19786800 ns, Reaching safepoint: 61599 ns, At safepoint: 29063101 ns, Total: 29124700 ns
[42.935s][info][gc       ] GC(300) Pause Young (Concurrent Start) (G1 Humongous Allocation) 1425M->1439M(1884M) 5.925ms
[42.935s][info][gc       ] GC(301) Concurrent Mark Cycle
[42.935s][info][safepoint] Safepoint "G1TryInitiateConcMark", Time since last: 5324500 ns, Reaching safepoint: 156899 ns, At safepoint: 5991300 ns, Total: 6148199 ns
[43.013s][info][gc       ] GC(302) Pause Young (Normal) (G1 Evacuation Pause) 1599M->1603M(4380M) 30.916ms
[43.013s][info][safepoint] Safepoint "G1CollectForAllocation", Time since last: 46194301 ns, Reaching safepoint: 197700 ns, At safepoint: 31065700 ns, Total: 31263400 ns
[43.111s][info][gc       ] GC(301) Pause Remark 1927M->1131M(3776M) 0.917ms
[43.111s][info][safepoint] Safepoint "G1Concurrent", Time since last: 96850500 ns, Reaching safepoint: 581700 ns, At safepoint: 1014000 ns, Total: 1595700 ns
[43.316s][info][gc       ] GC(301) Pause Cleanup 1673M->1673M(3776M) 0.229ms
[43.316s][info][safepoint] Safepoint "G1Concurrent", Time since last: 197378900 ns, Reaching safepoint: 6934599 ns, At safepoint: 326401 ns, Total: 7261000 ns
[43.322s][info][gc       ] GC(301) Concurrent Mark Cycle 386.504ms
[43.601s][info][gc       ] GC(303) Pause Young (Prepare Mixed) (G1 Evacuation Pause) 1795M->1797M(3776M) 219.685ms
[43.601s][info][safepoint] Safepoint "G1CollectForAllocation", Time since last: 64705300 ns, Reaching safepoint: 205100 ns, At safepoint: 219773500 ns, Total: 219978600 ns
[43.728s][info][gc       ] GC(304) Pause Young (Mixed) (G1 Evacuation Pause) 2025M->1973M(3776M) 74.230ms
[43.728s][info][safepoint] Safepoint "G1CollectForAllocation", Time since last: 52467200 ns, Reaching safepoint: 216600 ns, At safepoint: 74309199 ns, Total: 74525799 ns
[43.759s][info][gc       ] GC(305) Pause Young (Concurrent Start) (G1 Humongous Allocation) 2011M->2013M(3776M) 18.258ms
[43.759s][info][gc       ] GC(306) Concurrent Mark Cycle
[43.759s][info][safepoint] Safepoint "G1TryInitiateConcMark", Time since last: 12996501 ns, Reaching safepoint: 158299 ns, At safepoint: 18349901 ns, Total: 18508200 ns
[43.771s][info][gc       ] GC(306) Pause Remark 2061M->150M(508M) 0.921ms
[43.771s][info][safepoint] Safepoint "G1Concurrent", Time since last: 10816099 ns, Reaching safepoint: 473501 ns, At safepoint: 970399 ns, Total: 1443900 ns
[43.778s][info][gc       ] GC(306) Pause Cleanup 178M->178M(508M) 0.116ms
[43.778s][info][safepoint] Safepoint "G1Concurrent", Time since last: 5560701 ns, Reaching safepoint: 645900 ns, At safepoint: 139400 ns, Total: 785300 ns
[43.778s][info][gc       ] GC(306) Concurrent Mark Cycle 18.963ms
[43.861s][info][gc       ] GC(307) Pause Young (Prepare Mixed) (G1 Preventive Collection) 302M->255M(508M) 50.284ms
[43.861s][info][safepoint] Safepoint "G1CollectForAllocation", Time since last: 32966400 ns, Reaching safepoint: 171700 ns, At safepoint: 50369400 ns, Total: 50541100 ns
[43.899s][info][gc       ] GC(308) Pause Young (Mixed) (G1 Evacuation Pause) 259M->253M(1524M) 35.908ms
[43.899s][info][safepoint] Safepoint "G1CollectForAllocation", Time since last: 1747200 ns, Reaching safepoint: 182600 ns, At safepoint: 36000900 ns, Total: 36183500 ns
[43.910s][info][gc       ] GC(309) Pause Young (Concurrent Start) (G1 Humongous Allocation) 259M->260M(1524M) 3.051ms
[43.910s][info][gc       ] GC(310) Concurrent Mark Cycle
[43.910s][info][safepoint] Safepoint "G1TryInitiateConcMark", Time since last: 1926499 ns, Reaching safepoint: 5932000 ns, At safepoint: 3117501 ns, Total: 9049501 ns
[43.972s][info][gc       ] GC(310) Pause Remark 484M->432M(1456M) 0.998ms
[43.972s][info][safepoint] Safepoint "G1Concurrent", Time since last: 60011400 ns, Reaching safepoint: 469899 ns, At safepoint: 1103700 ns, Total: 1573599 ns
[44.046s][info][gc       ] GC(310) Pause Cleanup 708M->708M(1456M) 0.159ms
[44.046s][info][safepoint] Safepoint "G1Concurrent", Time since last: 73355900 ns, Reaching safepoint: 236901 ns, At safepoint: 224200 ns, Total: 461101 ns
[44.047s][info][gc       ] GC(310) Concurrent Mark Cycle 136.422ms
[44.179s][info][gc       ] GC(311) Pause Young (Prepare Mixed) (G1 Evacuation Pause) 840M->839M(1456M) 114.470ms
[44.179s][info][safepoint] Safepoint "G1CollectForAllocation", Time since last: 18806600 ns, Reaching safepoint: 117399 ns, At safepoint: 114596000 ns, Total: 114713399 ns
[44.217s][info][gc       ] GC(312) Pause Young (Mixed) (G1 Evacuation Pause) 867M->879M(1456M) 27.479ms
[44.218s][info][safepoint] Safepoint "G1CollectForAllocation", Time since last: 10624001 ns, Reaching safepoint: 161700 ns, At safepoint: 27580700 ns, Total: 27742400 ns
[44.259s][info][gc       ] GC(313) Pause Young (Concurrent Start) (G1 Humongous Allocation) 955M->960M(1456M) 16.406ms
[44.259s][info][gc       ] GC(314) Concurrent Mark Cycle
[44.259s][info][safepoint] Safepoint "G1TryInitiateConcMark", Time since last: 24054700 ns, Reaching safepoint: 774400 ns, At safepoint: 16530400 ns, Total: 17304800 ns
[44.274s][info][gc       ] GC(314) Pause Remark 1018M->198M(680M) 0.703ms
[44.274s][info][safepoint] Safepoint "G1Concurrent", Time since last: 14238199 ns, Reaching safepoint: 557100 ns, At safepoint: 777900 ns, Total: 1335000 ns
[44.305s][info][gc       ] GC(314) Pause Cleanup 316M->316M(680M) 0.178ms
[44.306s][info][safepoint] Safepoint "G1Concurrent", Time since last: 27546501 ns, Reaching safepoint: 3307600 ns, At safepoint: 234000 ns, Total: 3541600 ns
[44.306s][info][gc       ] GC(314) Concurrent Mark Cycle 47.113ms
[44.350s][info][gc       ] GC(315) Pause Young (Prepare Mixed) (G1 Evacuation Pause) 320M->306M(680M) 42.672ms
[44.350s][info][safepoint] Safepoint "G1CollectForAllocation", Time since last: 1509199 ns, Reaching safepoint: 164300 ns, At safepoint: 42758001 ns, Total: 42922301 ns
[44.377s][info][gc       ] GC(316) Pause Young (Mixed) (G1 Evacuation Pause) 322M->312M(2040M) 17.778ms
[44.377s][info][safepoint] Safepoint "G1CollectForAllocation", Time since last: 6768699 ns, Reaching safepoint: 2249101 ns, At safepoint: 17866799 ns, Total: 20115900 ns
[44.386s][info][gc       ] GC(317) Pause Young (Concurrent Start) (G1 Humongous Allocation) 326M->326M(2040M) 4.453ms
[44.386s][info][safepoint] Safepoint "G1TryInitiateConcMark", Time since last: 4547301 ns, Reaching safepoint: 159400 ns, At safepoint: 4511200 ns, Total: 4670600 ns
[44.386s][info][gc       ] GC(318) Concurrent Mark Cycle
[44.447s][info][gc       ] GC(318) Pause Remark 546M->450M(1520M) 1.018ms
[44.447s][info][safepoint] Safepoint "G1Concurrent", Time since last: 59290000 ns, Reaching safepoint: 405000 ns, At safepoint: 1119100 ns, Total: 1524100 ns
[44.518s][info][gc       ] GC(318) Pause Cleanup 678M->678M(1520M) 0.185ms
[44.518s][info][safepoint] Safepoint "G1Concurrent", Time since last: 70170100 ns, Reaching safepoint: 634999 ns, At safepoint: 242301 ns, Total: 877300 ns
[44.520s][info][gc       ] GC(318) Concurrent Mark Cycle 133.936ms
[44.777s][info][gc       ] GC(319) Pause Young (Prepare Mixed) (G1 Preventive Collection) 986M->980M(1520M) 180.584ms
[44.777s][info][safepoint] Safepoint "G1CollectForAllocation", Time since last: 78300399 ns, Reaching safepoint: 219201 ns, At safepoint: 180670399 ns, Total: 180889600 ns
[44.812s][info][gc       ] GC(320) Pause Young (Mixed) (G1 Evacuation Pause) 1008M->1015M(1520M) 28.550ms
[44.812s][info][safepoint] Safepoint "G1CollectForAllocation", Time since last: 6099200 ns, Reaching safepoint: 129101 ns, At safepoint: 28621500 ns, Total: 28750601 ns
[44.823s][info][gc       ] GC(321) Pause Young (Concurrent Start) (G1 Humongous Allocation) 1027M->1042M(1520M) 6.966ms
[44.823s][info][gc       ] GC(322) Concurrent Mark Cycle
[44.823s][info][safepoint] Safepoint "G1TryInitiateConcMark", Time since last: 4206500 ns, Reaching safepoint: 166000 ns, At safepoint: 7107500 ns, Total: 7273500 ns
[44.840s][info][gc       ] GC(322) Pause Remark 1102M->252M(856M) 0.585ms
[44.840s][info][safepoint] Safepoint "G1Concurrent", Time since last: 15556000 ns, Reaching safepoint: 636500 ns, At safepoint: 635400 ns, Total: 1271900 ns
[44.860s][info][gc       ] GC(322) Pause Cleanup 324M->324M(856M) 0.083ms
[44.860s][info][safepoint] Safepoint "G1Concurrent", Time since last: 19235100 ns, Reaching safepoint: 244500 ns, At safepoint: 132599 ns, Total: 377099 ns
[44.861s][info][gc       ] GC(322) Concurrent Mark Cycle 37.610ms
[44.900s][info][gc       ] GC(323) Pause Young (Prepare Mixed) (G1 Evacuation Pause) 340M->342M(856M) 34.585ms
[44.900s][info][safepoint] Safepoint "G1CollectForAllocation", Time since last: 5555500 ns, Reaching safepoint: 27501 ns, At safepoint: 34695000 ns, Total: 34722501 ns
[44.934s][info][gc       ] GC(324) Pause Young (Mixed) (G1 Evacuation Pause) 402M->329M(2568M) 20.453ms
[44.934s][info][safepoint] Safepoint "G1CollectForAllocation", Time since last: 13577400 ns, Reaching safepoint: 129900 ns, At safepoint: 20539199 ns, Total: 20669099 ns
[44.963s][info][gc       ] GC(325) Pause Young (Concurrent Start) (G1 Humongous Allocation) 379M->379M(2568M) 11.656ms
[44.963s][info][gc       ] GC(326) Concurrent Mark Cycle
[44.963s][info][safepoint] Safepoint "G1TryInitiateConcMark", Time since last: 16882801 ns, Reaching safepoint: 146100 ns, At safepoint: 11770900 ns, Total: 11917000 ns
[45.048s][info][gc       ] GC(326) Pause Remark 643M->583M(1960M) 0.590ms
[45.048s][info][safepoint] Safepoint "G1Concurrent", Time since last: 83549600 ns, Reaching safepoint: 504599 ns, At safepoint: 639801 ns, Total: 1144400 ns
[45.147s][info][gc       ] GC(326) Pause Cleanup 847M->847M(1960M) 0.135ms
[45.147s][info][safepoint] Safepoint "G1Concurrent", Time since last: 96402900 ns, Reaching safepoint: 2196600 ns, At safepoint: 232100 ns, Total: 2428700 ns
[45.149s][info][gc       ] GC(326) Concurrent Mark Cycle 185.960ms
[45.501s][info][gc       ] GC(327) Pause Young (Prepare Mixed) (G1 Preventive Collection) 1259M->1255M(1960M) 207.453ms
[45.502s][info][safepoint] Safepoint "G1CollectForAllocation", Time since last: 147030000 ns, Reaching safepoint: 227400 ns, At safepoint: 207578800 ns, Total: 207806200 ns
[45.555s][info][gc       ] GC(328) Pause Young (Mixed) (G1 Evacuation Pause) 1319M->1325M(1960M) 43.557ms
[45.555s][info][safepoint] Safepoint "G1CollectForAllocation", Time since last: 9644100 ns, Reaching safepoint: 181400 ns, At safepoint: 43661399 ns, Total: 43842799 ns
[45.611s][info][gc       ] GC(329) Pause Young (Concurrent Start) (G1 Humongous Allocation) 1429M->1445M(1960M) 19.702ms
[45.611s][info][gc       ] GC(330) Concurrent Mark Cycle
[45.611s][info][safepoint] Safepoint "G1TryInitiateConcMark", Time since last: 35975401 ns, Reaching safepoint: 93400 ns, At safepoint: 19872199 ns, Total: 19965599 ns
[45.694s][info][gc       ] GC(331) Pause Young (Normal) (G1 Evacuation Pause) 1621M->1631M(4428M) 34.785ms
[45.694s][info][safepoint] Safepoint "G1CollectForAllocation", Time since last: 48190001 ns, Reaching safepoint: 215500 ns, At safepoint: 34951400 ns, Total: 35166900 ns
[45.761s][info][gc       ] GC(330) Pause Remark 1875M->1223M(4080M) 1.206ms
[45.761s][info][safepoint] Safepoint "G1Concurrent", Time since last: 65106499 ns, Reaching safepoint: 194101 ns, At safepoint: 1248600 ns, Total: 1442701 ns
[45.946s][info][gc       ] GC(330) Pause Cleanup 1707M->1707M(4080M) 0.239ms
[45.946s][info][safepoint] Safepoint "G1Concurrent", Time since last: 184671699 ns, Reaching safepoint: 461301 ns, At safepoint: 335100 ns, Total: 796401 ns
[45.954s][info][gc       ] GC(330) Concurrent Mark Cycle 343.218ms
[46.397s][info][gc       ] GC(332) Pause Young (Prepare Mixed) (G1 Evacuation Pause) 2175M->2179M(4080M) 293.017ms
[46.397s][info][safepoint] Safepoint "G1CollectForAllocation", Time since last: 157572600 ns, Reaching safepoint: 144799 ns, At safepoint: 293134701 ns, Total: 293279500 ns
[46.557s][info][gc       ] GC(333) Pause Young (Mixed) (G1 Evacuation Pause) 2343M->2157M(4080M) 108.206ms
[46.557s][info][safepoint] Safepoint "G1CollectForAllocation", Time since last: 50870500 ns, Reaching safepoint: 173500 ns, At safepoint: 108299600 ns, Total: 108473100 ns
[46.582s][info][gc       ] GC(334) Pause Young (Concurrent Start) (G1 Humongous Allocation) 2173M->2173M(4080M) 20.054ms
[46.582s][info][gc       ] GC(335) Concurrent Mark Cycle
[46.582s][info][safepoint] Safepoint "G1TryInitiateConcMark", Time since last: 5425500 ns, Reaching safepoint: 120400 ns, At safepoint: 20124299 ns, Total: 20244699 ns
[46.623s][info][gc       ] GC(335) Pause Remark 2317M->338M(1148M) 1.373ms
[46.623s][info][safepoint] Safepoint "G1Concurrent", Time since last: 38471301 ns, Reaching safepoint: 530700 ns, At safepoint: 1424999 ns, Total: 1955699 ns
[46.667s][info][gc       ] GC(335) Pause Cleanup 506M->506M(1148M) 0.253ms
[46.667s][info][safepoint] Safepoint "G1Concurrent", Time since last: 43881300 ns, Reaching safepoint: 505101 ns, At safepoint: 351900 ns, Total: 857001 ns
[46.668s][info][gc       ] GC(335) Concurrent Mark Cycle 86.165ms
[46.838s][info][gc       ] GC(336) Pause Young (Prepare Mixed) (G1 Preventive Collection) 722M->715M(1148M) 121.485ms
[46.838s][info][safepoint] Safepoint "G1CollectForAllocation", Time since last: 48474699 ns, Reaching safepoint: 188601 ns, At safepoint: 121567100 ns, Total: 121755701 ns
[46.868s][info][gc       ] GC(337) Pause Young (Mixed) (G1 Evacuation Pause) 719M->731M(1148M) 22.651ms
[46.868s][info][safepoint] Safepoint "G1CollectForAllocation", Time since last: 1672400 ns, Reaching safepoint: 6197100 ns, At safepoint: 22739699 ns, Total: 28936799 ns
[46.906s][info][gc       ] GC(338) Pause Young (Concurrent Start) (G1 Humongous Allocation) 777M->779M(3444M) 20.378ms
[46.906s][info][gc       ] GC(339) Concurrent Undo Cycle
[46.906s][info][safepoint] Safepoint "G1TryInitiateConcMark", Time since last: 17236201 ns, Reaching safepoint: 169799 ns, At safepoint: 20484401 ns, Total: 20654200 ns
[46.909s][info][gc       ] GC(339) Concurrent Undo Cycle 2.668ms
[46.991s][info][gc       ] GC(340) Pause Young (Concurrent Start) (G1 Humongous Allocation) 1009M->1013M(3444M) 36.147ms
[46.991s][info][safepoint] Safepoint "G1TryInitiateConcMark", Time since last: 48755099 ns, Reaching safepoint: 216801 ns, At safepoint: 36242300 ns, Total: 36459101 ns
[46.991s][info][gc       ] GC(341) Concurrent Mark Cycle
[47.012s][info][gc       ] GC(341) Pause Remark 1093M->281M(948M) 0.994ms
[47.012s][info][safepoint] Safepoint "G1Concurrent", Time since last: 19304600 ns, Reaching safepoint: 657000 ns, At safepoint: 1071600 ns, Total: 1728600 ns
[47.033s][info][gc       ] GC(341) Pause Cleanup 373M->373M(948M) 0.159ms
[47.033s][info][safepoint] Safepoint "G1Concurrent", Time since last: 19834100 ns, Reaching safepoint: 637600 ns, At safepoint: 214300 ns, Total: 851900 ns
[47.034s][info][gc       ] GC(341) Concurrent Mark Cycle 42.236ms
[47.174s][info][gc       ] GC(342) Pause Young (Prepare Mixed) (G1 Preventive Collection) 597M->517M(948M) 91.178ms
[47.174s][info][safepoint] Safepoint "G1CollectForAllocation", Time since last: 49366200 ns, Reaching safepoint: 203400 ns, At safepoint: 91262700 ns, Total: 91466100 ns
[47.231s][info][gc       ] GC(343) Pause Young (Mixed) (G1 Evacuation Pause) 521M->507M(948M) 49.090ms
[47.231s][info][safepoint] Safepoint "G1CollectForAllocation", Time since last: 1697000 ns, Reaching safepoint: 6297700 ns, At safepoint: 49168100 ns, Total: 55465800 ns
[47.275s][info][gc       ] GC(344) Pause Young (Concurrent Start) (G1 Humongous Allocation) 585M->592M(948M) 14.543ms
[47.275s][info][gc       ] GC(345) Concurrent Mark Cycle
[47.275s][info][safepoint] Safepoint "G1TryInitiateConcMark", Time since last: 29169500 ns, Reaching safepoint: 133799 ns, At safepoint: 14609101 ns, Total: 14742900 ns
[47.349s][info][gc       ] GC(346) Pause Young (Normal) (G1 Evacuation Pause) 748M->755M(2844M) 27.951ms
[47.349s][info][safepoint] Safepoint "G1CollectForAllocation", Time since last: 41860700 ns, Reaching safepoint: 4452599 ns, At safepoint: 28118601 ns, Total: 32571200 ns
[47.434s][info][gc       ] GC(345) Pause Remark 959M->819M(2748M) 0.957ms
[47.434s][info][safepoint] Safepoint "G1Concurrent", Time since last: 76899500 ns, Reaching safepoint: 6594100 ns, At safepoint: 1056000 ns, Total: 7650100 ns
[47.622s][info][gc       ] GC(345) Pause Cleanup 1391M->1391M(2748M) 0.177ms
[47.623s][info][safepoint] Safepoint "G1Concurrent", Time since last: 187616600 ns, Reaching safepoint: 726600 ns, At safepoint: 237500 ns, Total: 964100 ns
[47.624s][info][gc       ] GC(345) Concurrent Mark Cycle 349.126ms
[47.861s][info][gc       ] GC(347) Pause Young (Prepare Mixed) (G1 Evacuation Pause) 1543M->1545M(2748M) 192.397ms
[47.861s][info][safepoint] Safepoint "G1CollectForAllocation", Time since last: 45574600 ns, Reaching safepoint: 182800 ns, At safepoint: 192470300 ns, Total: 192653100 ns
[47.938s][info][gc       ] GC(348) Pause Young (Mixed) (G1 Evacuation Pause) 1609M->1611M(2748M) 54.564ms
[47.939s][info][safepoint] Safepoint "G1CollectForAllocation", Time since last: 23043900 ns, Reaching safepoint: 40500 ns, At safepoint: 54643300 ns, Total: 54683800 ns
[47.963s][info][gc       ] GC(349) Pause Young (Concurrent Start) (G1 Humongous Allocation) 1647M->1665M(2748M) 11.270ms
[47.963s][info][safepoint] Safepoint "G1TryInitiateConcMark", Time since last: 13042300 ns, Reaching safepoint: 110400 ns, At safepoint: 11331800 ns, Total: 11442200 ns
[47.963s][info][gc       ] GC(350) Concurrent Mark Cycle
[48.266s][info][gc       ] GC(351) Pause Young (Normal) (G1 Evacuation Pause) 2141M->2142M(2748M) 105.614ms
[48.266s][info][safepoint] Safepoint "G1CollectForAllocation", Time since last: 197014999 ns, Reaching safepoint: 153501 ns, At safepoint: 105746299 ns, Total: 105899800 ns
[48.277s][info][gc       ] GC(350) Pause Remark 2170M->1346M(2748M) 0.702ms
[48.277s][info][safepoint] Safepoint "G1Concurrent", Time since last: 9966001 ns, Reaching safepoint: 660900 ns, At safepoint: 762099 ns, Total: 1422999 ns
[48.395s][info][gc       ] GC(352) Pause Young (Normal) (G1 Evacuation Pause) 1474M->1490M(4900M) 86.742ms
[48.395s][info][safepoint] Safepoint "G1CollectForAllocation", Time since last: 30825501 ns, Reaching safepoint: 212399 ns, At safepoint: 86919501 ns, Total: 87131900 ns
[48.837s][info][gc       ] GC(353) Pause Young (Normal) (G1 Evacuation Pause) 2238M->2252M(4900M) 162.784ms
[48.837s][info][safepoint] Safepoint "G1CollectForAllocation", Time since last: 278842100 ns, Reaching safepoint: 264800 ns, At safepoint: 162875200 ns, Total: 163140000 ns
[48.885s][info][gc       ] GC(350) Pause Cleanup 2352M->2352M(4900M) 0.255ms
[48.885s][info][safepoint] Safepoint "G1Concurrent", Time since last: 46824900 ns, Reaching safepoint: 754800 ns, At safepoint: 346199 ns, Total: 1100999 ns
[48.894s][info][gc       ] GC(350) Concurrent Mark Cycle 930.915ms
[49.284s][info][gc       ] GC(354) Pause Young (Prepare Mixed) (G1 Evacuation Pause) 3008M->3018M(4900M) 174.035ms
[49.284s][info][safepoint] Safepoint "G1CollectForAllocation", Time since last: 224646701 ns, Reaching safepoint: 206299 ns, At safepoint: 174154900 ns, Total: 174361199 ns
[49.446s][info][gc       ] GC(355) Pause Young (Mixed) (G1 Evacuation Pause) 3298M->3252M(4900M) 90.843ms
[49.446s][info][safepoint] Safepoint "G1CollectForAllocation", Time since last: 70954401 ns, Reaching safepoint: 141100 ns, At safepoint: 90981700 ns, Total: 91122800 ns
[49.487s][info][gc       ] GC(356) Pause Young (Concurrent Start) (G1 Humongous Allocation) 3270M->3283M(4900M) 34.126ms
[49.487s][info][safepoint] Safepoint "G1TryInitiateConcMark", Time since last: 6858700 ns, Reaching safepoint: 145900 ns, At safepoint: 34250700 ns, Total: 34396600 ns
[49.488s][info][gc       ] GC(357) Concurrent Mark Cycle
[49.574s][info][gc       ] GC(357) Pause Remark 3591M->655M(2188M) 1.677ms
[49.574s][info][safepoint] Safepoint "G1Concurrent", Time since last: 84784400 ns, Reaching safepoint: 178000 ns, At safepoint: 1753599 ns, Total: 1931599 ns
[49.767s][info][gc       ] GC(358) Pause Young (Normal) (G1 Evacuation Pause) 951M->958M(2188M) 118.638ms
[49.767s][info][safepoint] Safepoint "G1CollectForAllocation", Time since last: 73903101 ns, Reaching safepoint: 371600 ns, At safepoint: 118763900 ns, Total: 119135500 ns
[49.826s][info][gc       ] GC(357) Pause Cleanup 1106M->1106M(2188M) 0.126ms
[49.826s][info][safepoint] Safepoint "G1Concurrent", Time since last: 56121700 ns, Reaching safepoint: 2149799 ns, At safepoint: 198700 ns, Total: 2348499 ns
[49.829s][info][gc       ] GC(357) Concurrent Mark Cycle 341.930ms
[50.078s][info][gc       ] GC(359) Pause Young (Prepare Mixed) (G1 Evacuation Pause) 1438M->1444M(2188M) 150.656ms
[50.078s][info][safepoint] Safepoint "G1CollectForAllocation", Time since last: 95570101 ns, Reaching safepoint: 6367800 ns, At safepoint: 150741100 ns, Total: 157108900 ns
[50.181s][info][gc       ] GC(360) Pause Young (Mixed) (G1 Evacuation Pause) 1584M->1578M(4564M) 65.804ms
[50.181s][info][safepoint] Safepoint "G1CollectForAllocation", Time since last: 36975300 ns, Reaching safepoint: 151400 ns, At safepoint: 65894800 ns, Total: 66046200 ns
[50.484s][info][gc       ] GC(361) Pause Young (Normal) (G1 Evacuation Pause) 2234M->2244M(4564M) 154.274ms
[50.484s][info][safepoint] Safepoint "G1CollectForAllocation", Time since last: 148361100 ns, Reaching safepoint: 204600 ns, At safepoint: 154391300 ns, Total: 154595900 ns
[50.520s][info][gc       ] GC(362) Pause Young (Concurrent Start) (G1 Humongous Allocation) 2254M->2268M(4564M) 32.260ms
[50.520s][info][safepoint] Safepoint "G1TryInitiateConcMark", Time since last: 3549600 ns, Reaching safepoint: 155000 ns, At safepoint: 32355900 ns, Total: 32510900 ns
[50.520s][info][gc       ] GC(363) Concurrent Mark Cycle
[50.623s][info][gc       ] GC(363) Pause Remark 2510M->702M(2348M) 1.389ms
[50.623s][info][safepoint] Safepoint "G1Concurrent", Time since last: 94370299 ns, Reaching safepoint: 7148301 ns, At safepoint: 1464099 ns, Total: 8612400 ns
[50.754s][info][gc       ] GC(363) Pause Cleanup 1068M->1068M(2348M) 0.211ms
[50.754s][info][safepoint] Safepoint "G1Concurrent", Time since last: 129714801 ns, Reaching safepoint: 714599 ns, At safepoint: 300601 ns, Total: 1015200 ns
[50.757s][info][gc       ] GC(363) Concurrent Mark Cycle 236.355ms
[51.029s][info][gc       ] GC(364) Pause Young (Prepare Mixed) (G1 Evacuation Pause) 1376M->1381M(2348M) 204.415ms
[51.029s][info][safepoint] Safepoint "G1CollectForAllocation", Time since last: 69865200 ns, Reaching safepoint: 214100 ns, At safepoint: 204501200 ns, Total: 204715300 ns
[51.094s][info][gc       ] GC(365) Pause Young (Mixed) (G1 Evacuation Pause) 1481M->1450M(2348M) 42.125ms
[51.094s][info][safepoint] Safepoint "G1CollectForAllocation", Time since last: 22536800 ns, Reaching safepoint: 149500 ns, At safepoint: 42249400 ns, Total: 42398900 ns
[51.155s][info][gc       ] GC(366) Pause Young (Concurrent Start) (G1 Humongous Allocation) 1542M->1550M(4660M) 27.936ms
[51.155s][info][gc       ] GC(367) Concurrent Undo Cycle
[51.155s][info][safepoint] Safepoint "G1TryInitiateConcMark", Time since last: 33096000 ns, Reaching safepoint: 65600 ns, At safepoint: 28096800 ns, Total: 28162400 ns
[51.162s][info][gc       ] GC(367) Concurrent Undo Cycle 7.370ms
[51.262s][info][gc       ] GC(368) Pause Young (Concurrent Start) (G1 Humongous Allocation) 1790M->1797M(4660M) 45.584ms
[51.262s][info][gc       ] GC(369) Concurrent Mark Cycle
[51.262s][info][safepoint] Safepoint "G1TryInitiateConcMark", Time since last: 61597000 ns, Reaching safepoint: 202800 ns, At safepoint: 45701600 ns, Total: 45904400 ns
[51.432s][info][gc       ] GC(369) Pause Remark 2425M->1465M(4660M) 0.941ms
[51.432s][info][safepoint] Safepoint "G1Concurrent", Time since last: 167865400 ns, Reaching safepoint: 699200 ns, At safepoint: 992800 ns, Total: 1692000 ns
[51.701s][info][gc       ] GC(370) Pause Young (Normal) (G1 Evacuation Pause) 1693M->1697M(4660M) 208.921ms
[51.701s][info][safepoint] Safepoint "G1CollectForAllocation", Time since last: 59735900 ns, Reaching safepoint: 438500 ns, At safepoint: 209043400 ns, Total: 209481900 ns
[52.148s][info][gc       ] GC(371) Pause Young (Normal) (G1 Evacuation Pause) 2461M->2470M(4660M) 213.069ms
[52.148s][info][safepoint] Safepoint "G1CollectForAllocation", Time since last: 233618099 ns, Reaching safepoint: 319401 ns, At safepoint: 213158600 ns, Total: 213478001 ns
[52.208s][info][gc       ] GC(369) Pause Cleanup 2586M->2586M(4660M) 0.194ms
[52.208s][info][safepoint] Safepoint "G1Concurrent", Time since last: 59084099 ns, Reaching safepoint: 264601 ns, At safepoint: 295800 ns, Total: 560401 ns
[52.217s][info][gc       ] GC(369) Concurrent Mark Cycle 954.777ms
[52.637s][info][gc       ] GC(372) Pause Young (Prepare Mixed) (G1 Evacuation Pause) 3238M->3244M(4660M) 192.764ms
[52.637s][info][safepoint] Safepoint "G1CollectForAllocation", Time since last: 235785600 ns, Reaching safepoint: 225200 ns, At safepoint: 192896200 ns, Total: 193121400 ns
[52.824s][info][gc       ] GC(373) Pause Young (Mixed) (G1 Evacuation Pause) 3544M->3506M(4660M) 88.647ms
[52.824s][info][safepoint] Safepoint "G1CollectForAllocation", Time since last: 97685199 ns, Reaching safepoint: 297300 ns, At safepoint: 88738501 ns, Total: 89035801 ns
[52.920s][info][gc       ] GC(374) Pause Young (Concurrent Start) (G1 Humongous Allocation) 3652M->3664M(6048M) 45.963ms
[52.920s][info][safepoint] Safepoint "G1TryInitiateConcMark", Time since last: 49855600 ns, Reaching safepoint: 186400 ns, At safepoint: 46054900 ns, Total: 46241300 ns
[52.920s][info][gc       ] GC(375) Concurrent Mark Cycle
[53.090s][info][gc       ] GC(375) Pause Remark 4004M->1068M(3560M) 2.043ms
[53.090s][info][safepoint] Safepoint "G1Concurrent", Time since last: 167703000 ns, Reaching safepoint: 363799 ns, At safepoint: 2183601 ns, Total: 2547400 ns
[53.476s][info][gc       ] GC(376) Pause Young (Normal) (G1 Evacuation Pause) 1616M->1622M(3560M) 237.329ms
[53.477s][info][safepoint] Safepoint "G1CollectForAllocation", Time since last: 148715199 ns, Reaching safepoint: 480101 ns, At safepoint: 237417500 ns, Total: 237897601 ns
[53.634s][info][gc       ] GC(375) Pause Cleanup 2042M->2042M(3560M) 0.194ms
[53.634s][info][safepoint] Safepoint "G1Concurrent", Time since last: 156282500 ns, Reaching safepoint: 658300 ns, At safepoint: 267199 ns, Total: 925499 ns
[53.637s][info][gc       ] GC(375) Concurrent Mark Cycle 716.857ms
[53.903s][info][gc       ] GC(377) Pause Young (Prepare Mixed) (G1 Evacuation Pause) 2358M->2368M(3560M) 181.933ms
[53.903s][info][safepoint] Safepoint "G1CollectForAllocation", Time since last: 87547201 ns, Reaching safepoint: 167400 ns, At safepoint: 182018900 ns, Total: 182186300 ns
[54.020s][info][gc       ] GC(378) Pause Young (Mixed) (G1 Evacuation Pause) 2556M->2538M(3560M) 68.369ms
[54.020s][info][safepoint] Safepoint "G1CollectForAllocation", Time since last: 48073000 ns, Reaching safepoint: 126000 ns, At safepoint: 68478000 ns, Total: 68604000 ns
[54.070s][info][gc       ] GC(379) Pause Young (Concurrent Start) (G1 Humongous Allocation) 2616M->2628M(3560M) 21.048ms
[54.070s][info][safepoint] Safepoint "G1TryInitiateConcMark", Time since last: 28528600 ns, Reaching safepoint: 104100 ns, At safepoint: 21131100 ns, Total: 21235200 ns
[54.070s][info][gc       ] GC(380) Concurrent Mark Cycle
[54.231s][info][gc       ] GC(381) Pause Young (Normal) (G1 Evacuation Pause) 2976M->2981M(3560M) 69.250ms
[54.231s][info][safepoint] Safepoint "G1CollectForAllocation", Time since last: 91260700 ns, Reaching safepoint: 269999 ns, At safepoint: 69380001 ns, Total: 69650000 ns
[54.369s][info][gc       ] GC(382) Pause Young (Normal) (G1 Evacuation Pause) 3245M->3258M(5388M) 65.968ms
[54.369s][info][safepoint] Safepoint "G1CollectForAllocation", Time since last: 71723400 ns, Reaching safepoint: 215700 ns, At safepoint: 66091300 ns, Total: 66307000 ns
[54.396s][info][gc       ] GC(380) Pause Remark 3330M->1406M(4696M) 1.145ms
[54.396s][info][safepoint] Safepoint "G1Concurrent", Time since last: 25083600 ns, Reaching safepoint: 519100 ns, At safepoint: 1183300 ns, Total: 1702400 ns
[54.847s][info][gc       ] GC(383) Pause Young (Normal) (G1 Evacuation Pause) 2102M->2114M(4696M) 190.698ms
[54.847s][info][safepoint] Safepoint "G1CollectForAllocation", Time since last: 260269999 ns, Reaching safepoint: 410900 ns, At safepoint: 190788701 ns, Total: 191199601 ns
[55.026s][info][gc       ] GC(380) Pause Cleanup 2586M->2586M(4696M) 0.156ms
[55.026s][info][safepoint] Safepoint "G1Concurrent", Time since last: 178169900 ns, Reaching safepoint: 492499 ns, At safepoint: 224301 ns, Total: 716800 ns
[55.031s][info][gc       ] GC(380) Concurrent Mark Cycle 961.049ms
[55.327s][info][gc       ] GC(384) Pause Young (Prepare Mixed) (G1 Evacuation Pause) 2990M->3000M(4696M) 201.506ms
[55.328s][info][safepoint] Safepoint "G1CollectForAllocation", Time since last: 99733800 ns, Reaching safepoint: 159900 ns, At safepoint: 201614300 ns, Total: 201774200 ns
[55.507s][info][gc       ] GC(385) Pause Young (Mixed) (G1 Evacuation Pause) 3272M->3262M(4696M) 96.108ms
[55.507s][info][safepoint] Safepoint "G1CollectForAllocation", Time since last: 83386999 ns, Reaching safepoint: 217201 ns, At safepoint: 96194799 ns, Total: 96412000 ns
[55.563s][info][gc       ] GC(386) Pause Young (Concurrent Start) (G1 Humongous Allocation) 3330M->3338M(4696M) 30.026ms
[55.563s][info][safepoint] Safepoint "G1TryInitiateConcMark", Time since last: 24996801 ns, Reaching safepoint: 163500 ns, At safepoint: 30116700 ns, Total: 30280200 ns
[55.563s][info][gc       ] GC(387) Concurrent Mark Cycle
[55.684s][info][gc       ] GC(387) Pause Remark 3758M->976M(3256M) 1.665ms
[55.684s][info][safepoint] Safepoint "G1Concurrent", Time since last: 118921999 ns, Reaching safepoint: 555901 ns, At safepoint: 1779600 ns, Total: 2335501 ns
[55.840s][info][gc       ] GC(388) Pause Young (Normal) (G1 Evacuation Pause) 1036M->1040M(3256M) 140.529ms
[55.840s][info][safepoint] Safepoint "G1CollectForAllocation", Time since last: 15427500 ns, Reaching safepoint: 482600 ns, At safepoint: 140743400 ns, Total: 141226000 ns
[56.036s][info][gc       ] GC(387) Pause Cleanup 1724M->1724M(3256M) 0.156ms
[56.036s][info][safepoint] Safepoint "G1Concurrent", Time since last: 194558999 ns, Reaching safepoint: 419301 ns, At safepoint: 239300 ns, Total: 658601 ns
[56.038s][info][gc       ] GC(387) Concurrent Mark Cycle 475.298ms
[56.338s][info][gc       ] GC(389) Pause Young (Prepare Mixed) (G1 Evacuation Pause) 1904M->1920M(3256M) 267.812ms
[56.338s][info][safepoint] Safepoint "G1CollectForAllocation", Time since last: 34269600 ns, Reaching safepoint: 126300 ns, At safepoint: 267898600 ns, Total: 268024900 ns
[56.429s][info][gc       ] GC(390) Pause Young (Mixed) (G1 Evacuation Pause) 2036M->2008M(3256M) 56.436ms
[56.429s][info][safepoint] Safepoint "G1CollectForAllocation", Time since last: 34461100 ns, Reaching safepoint: 168700 ns, At safepoint: 56525300 ns, Total: 56694000 ns
[56.450s][info][gc       ] GC(391) Pause Young (Concurrent Start) (G1 Humongous Allocation) 2018M->2020M(5204M) 16.348ms
[56.450s][info][gc       ] GC(392) Concurrent Undo Cycle
[56.450s][info][safepoint] Safepoint "G1TryInitiateConcMark", Time since last: 4088599 ns, Reaching safepoint: 127301 ns, At safepoint: 16429900 ns, Total: 16557201 ns
[56.456s][info][gc       ] GC(392) Concurrent Undo Cycle 6.543ms
[56.476s][info][gc       ] GC(393) Pause Young (Concurrent Start) (G1 Humongous Allocation) 2054M->2053M(5204M) 16.583ms
[56.476s][info][gc       ] GC(394) Concurrent Undo Cycle
[56.476s][info][safepoint] Safepoint "G1TryInitiateConcMark", Time since last: 9921799 ns, Reaching safepoint: 50600 ns, At safepoint: 16652200 ns, Total: 16702800 ns
[56.480s][info][gc       ] GC(394) Concurrent Undo Cycle 3.874ms
[56.521s][info][gc       ] GC(395) Pause Young (Concurrent Start) (G1 Humongous Allocation) 2101M->2103M(5204M) 29.500ms
[56.521s][info][gc       ] GC(396) Concurrent Mark Cycle
[56.521s][info][safepoint] Safepoint "G1TryInitiateConcMark", Time since last: 15310301 ns, Reaching safepoint: 38800 ns, At safepoint: 29579499 ns, Total: 29618299 ns
[56.552s][info][gc       ] GC(396) Pause Remark 2211M->323M(1096M) 1.056ms
[56.552s][info][safepoint] Safepoint "G1Concurrent", Time since last: 28740201 ns, Reaching safepoint: 934600 ns, At safepoint: 1103000 ns, Total: 2037600 ns
[56.587s][info][gc       ] GC(396) Pause Cleanup 463M->463M(1096M) 0.172ms
[56.588s][info][safepoint] Safepoint "G1Concurrent", Time since last: 34646600 ns, Reaching safepoint: 531900 ns, At safepoint: 264599 ns, Total: 796499 ns
[56.588s][info][gc       ] GC(396) Concurrent Mark Cycle 66.916ms
[56.773s][info][gc       ] GC(397) Pause Young (Prepare Mixed) (G1 Preventive Collection) 699M->697M(1096M) 129.497ms
[56.773s][info][safepoint] Safepoint "G1CollectForAllocation", Time since last: 55379501 ns, Reaching safepoint: 180200 ns, At safepoint: 129588599 ns, Total: 129768799 ns
[56.813s][info][gc       ] GC(398) Pause Young (Mixed) (G1 Evacuation Pause) 701M->685M(1096M) 32.381ms
[56.813s][info][safepoint] Safepoint "G1CollectForAllocation", Time since last: 1681501 ns, Reaching safepoint: 6185000 ns, At safepoint: 32482500 ns, Total: 38667500 ns
[56.868s][info][gc       ] GC(399) Pause Young (Concurrent Start) (G1 Evacuation Pause) 773M->773M(3288M) 23.668ms
[56.868s][info][gc       ] GC(400) Concurrent Mark Cycle
[56.868s][info][safepoint] Safepoint "G1CollectForAllocation", Time since last: 31150000 ns, Reaching safepoint: 110299 ns, At safepoint: 23762101 ns, Total: 23872400 ns
[57.064s][info][gc       ] GC(400) Pause Remark 1409M->1272M(3288M) 0.675ms
[57.064s][info][safepoint] Safepoint "G1Concurrent", Time since last: 194490500 ns, Reaching safepoint: 765400 ns, At safepoint: 763300 ns, Total: 1528700 ns
[57.347s][info][gc       ] GC(401) Pause Young (Normal) (G1 Evacuation Pause) 1540M->1545M(3288M) 204.277ms
[57.347s][info][safepoint] Safepoint "G1CollectForAllocation", Time since last: 77749999 ns, Reaching safepoint: 374700 ns, At safepoint: 204402001 ns, Total: 204776701 ns
[57.782s][info][gc       ] GC(402) Pause Young (Normal) (G1 Evacuation Pause) 2269M->2278M(3288M) 217.242ms
[57.782s][info][safepoint] Safepoint "G1CollectForAllocation", Time since last: 217564400 ns, Reaching safepoint: 207800 ns, At safepoint: 217351600 ns, Total: 217559400 ns
[57.859s][info][gc       ] GC(400) Pause Cleanup 2384M->2384M(3288M) 0.126ms
[57.859s][info][safepoint] Safepoint "G1Concurrent", Time since last: 65176600 ns, Reaching safepoint: 12164099 ns, At safepoint: 195000 ns, Total: 12359099 ns
[57.862s][info][gc       ] GC(400) Concurrent Mark Cycle 994.129ms
[58.080s][info][gc       ] GC(403) Pause Young (Prepare Mixed) (G1 Evacuation Pause) 2686M->2698M(3288M) 105.893ms
[58.080s][info][safepoint] Safepoint "G1CollectForAllocation", Time since last: 114483001 ns, Reaching safepoint: 489499 ns, At safepoint: 105985001 ns, Total: 106474500 ns
[58.168s][info][gc       ] GC(404) Pause Young (Mixed) (G1 Evacuation Pause) 2862M->2862M(3288M) 41.907ms
[58.168s][info][safepoint] Safepoint "G1CollectForAllocation", Time since last: 45896399 ns, Reaching safepoint: 137801 ns, At safepoint: 42000200 ns, Total: 42138001 ns
[58.185s][info][gc       ] GC(405) Pause Young (Concurrent Start) (G1 Humongous Allocation) 2874M->2889M(3288M) 12.514ms
[58.185s][info][safepoint] Safepoint "G1TryInitiateConcMark", Time since last: 4440900 ns, Reaching safepoint: 143199 ns, At safepoint: 12590801 ns, Total: 12734000 ns
[58.186s][info][gc       ] GC(406) Concurrent Mark Cycle
[58.217s][info][gc       ] GC(406) Pause Remark 2973M->297M(1000M) 1.047ms
[58.217s][info][safepoint] Safepoint "G1Concurrent", Time since last: 29527600 ns, Reaching safepoint: 625200 ns, At safepoint: 1108800 ns, Total: 1734000 ns
[58.255s][info][gc       ] GC(406) Pause Cleanup 437M->437M(1000M) 0.222ms
[58.255s][info][safepoint] Safepoint "G1Concurrent", Time since last: 37774000 ns, Reaching safepoint: 348700 ns, At safepoint: 277699 ns, Total: 626399 ns
[58.256s][info][gc       ] GC(406) Concurrent Mark Cycle 70.251ms
[58.308s][info][gc       ] GC(407) Pause Young (Prepare Mixed) (G1 Evacuation Pause) 437M->438M(1000M) 51.414ms
[58.308s][info][safepoint] Safepoint "G1CollectForAllocation", Time since last: 831500 ns, Reaching safepoint: 147100 ns, At safepoint: 51492301 ns, Total: 51639401 ns
[58.345s][info][gc       ] GC(408) Pause Young (Mixed) (G1 Evacuation Pause) 518M->471M(3000M) 20.487ms
[58.345s][info][safepoint] Safepoint "G1CollectForAllocation", Time since last: 15356800 ns, Reaching safepoint: 1806600 ns, At safepoint: 20592300 ns, Total: 22398900 ns
[58.490s][info][gc       ] GC(409) Pause Young (Concurrent Start) (G1 Humongous Allocation) 793M->798M(3000M) 58.254ms
[58.490s][info][safepoint] Safepoint "G1TryInitiateConcMark", Time since last: 86262300 ns, Reaching safepoint: 198900 ns, At safepoint: 58349499 ns, Total: 58548399 ns
[58.490s][info][gc       ] GC(410) Concurrent Mark Cycle
[58.652s][info][gc       ] GC(410) Pause Remark 1400M->1250M(3000M) 0.664ms
[58.652s][info][safepoint] Safepoint "G1Concurrent", Time since last: 152579001 ns, Reaching safepoint: 8510500 ns, At safepoint: 755700 ns, Total: 9266200 ns
[58.927s][info][gc       ] GC(411) Pause Young (Normal) (G1 Evacuation Pause) 1480M->1490M(3000M) 216.606ms
[58.927s][info][safepoint] Safepoint "G1CollectForAllocation", Time since last: 58368300 ns, Reaching safepoint: 332700 ns, At safepoint: 216735800 ns, Total: 217068500 ns
[59.317s][info][gc       ] GC(412) Pause Young (Normal) (G1 Evacuation Pause) 2094M->2102M(3000M) 184.691ms
[59.318s][info][safepoint] Safepoint "G1CollectForAllocation", Time since last: 204896300 ns, Reaching safepoint: 359200 ns, At safepoint: 184800500 ns, Total: 185159700 ns
[59.412s][info][gc       ] GC(410) Pause Cleanup 2398M->2398M(3000M) 0.124ms
[59.412s][info][safepoint] Safepoint "G1Concurrent", Time since last: 89820700 ns, Reaching safepoint: 4640400 ns, At safepoint: 195700 ns, Total: 4836100 ns
[59.415s][info][gc       ] GC(410) Concurrent Mark Cycle 924.383ms
[59.538s][info][gc       ] GC(413) Pause Young (Prepare Mixed) (G1 Evacuation Pause) 2418M->2432M(3000M) 107.270ms
[59.538s][info][safepoint] Safepoint "G1CollectForAllocation", Time since last: 17800399 ns, Reaching safepoint: 428100 ns, At safepoint: 107370501 ns, Total: 107798601 ns
[59.617s][info][gc       ] GC(414) Pause Young (Mixed) (G1 Evacuation Pause) 2548M->2546M(3000M) 37.380ms
[59.617s][info][safepoint] Safepoint "G1CollectForAllocation", Time since last: 41679800 ns, Reaching safepoint: 158399 ns, At safepoint: 37464201 ns, Total: 37622600 ns
[59.639s][info][gc       ] GC(415) Pause Young (Concurrent Start) (G1 Humongous Allocation) 2568M->2588M(5052M) 12.723ms
[59.639s][info][safepoint] Safepoint "G1TryInitiateConcMark", Time since last: 8644900 ns, Reaching safepoint: 117899 ns, At safepoint: 12795700 ns, Total: 12913599 ns
[59.639s][info][gc       ] GC(416) Concurrent Undo Cycle
[59.645s][info][gc       ] GC(416) Concurrent Undo Cycle 6.027ms
[59.769s][info][gc       ] GC(417) Pause Young (Concurrent Start) (G1 Humongous Allocation) 2818M->2820M(5052M) 41.379ms
[59.769s][info][gc       ] GC(418) Concurrent Mark Cycle
[59.769s][info][safepoint] Safepoint "G1TryInitiateConcMark", Time since last: 88582001 ns, Reaching safepoint: 137200 ns, At safepoint: 41524500 ns, Total: 41661700 ns
[59.794s][info][gc       ] GC(418) Pause Remark 2890M->282M(948M) 1.633ms
[59.794s][info][safepoint] Safepoint "G1Concurrent", Time since last: 20491100 ns, Reaching safepoint: 2933700 ns, At safepoint: 1692899 ns, Total: 4626599 ns
[59.816s][info][gc       ] GC(418) Pause Cleanup 376M->376M(948M) 0.191ms
[59.816s][info][safepoint] Safepoint "G1Concurrent", Time since last: 21390801 ns, Reaching safepoint: 333299 ns, At safepoint: 275801 ns, Total: 609100 ns
[59.817s][info][gc       ] GC(418) Concurrent Mark Cycle 47.907ms
[59.965s][info][gc       ] GC(419) Pause Young (Prepare Mixed) (G1 Preventive Collection) 608M->534M(948M) 97.110ms
[59.965s][info][safepoint] Safepoint "G1CollectForAllocation", Time since last: 51438600 ns, Reaching safepoint: 171800 ns, At safepoint: 97232000 ns, Total: 97403800 ns
[60.007s][info][gc       ] GC(420) Pause Young (Mixed) (G1 Evacuation Pause) 538M->523M(948M) 34.749ms
[60.007s][info][safepoint] Safepoint "G1CollectForAllocation", Time since last: 1659499 ns, Reaching safepoint: 5910900 ns, At safepoint: 34894001 ns, Total: 40804901 ns
[60.050s][info][gc       ] GC(421) Pause Young (Concurrent Start) (G1 Humongous Allocation) 601M->609M(948M) 14.073ms
[60.050s][info][gc       ] GC(422) Concurrent Mark Cycle
[60.050s][info][safepoint] Safepoint "G1TryInitiateConcMark", Time since last: 26989400 ns, Reaching safepoint: 1298600 ns, At safepoint: 14135300 ns, Total: 15433900 ns
[60.125s][info][gc       ] GC(423) Pause Young (Normal) (G1 Evacuation Pause) 761M->768M(2844M) 28.261ms
[60.125s][info][safepoint] Safepoint "G1CollectForAllocation", Time since last: 41128699 ns, Reaching safepoint: 5444901 ns, At safepoint: 28456100 ns, Total: 33901001 ns
[60.218s][info][gc       ] GC(422) Pause Remark 1040M->896M(2844M) 1.015ms
[60.218s][info][safepoint] Safepoint "G1Concurrent", Time since last: 91377600 ns, Reaching safepoint: 1218699 ns, At safepoint: 1104201 ns, Total: 2322900 ns
[60.401s][info][gc       ] GC(422) Pause Cleanup 1532M->1532M(2844M) 0.209ms
[60.401s][info][safepoint] Safepoint "G1Concurrent", Time since last: 182028800 ns, Reaching safepoint: 511800 ns, At safepoint: 270300 ns, Total: 782100 ns
[60.403s][info][gc       ] GC(422) Concurrent Mark Cycle 353.626ms
[60.605s][info][gc       ] GC(424) Pause Young (Prepare Mixed) (G1 Evacuation Pause) 1548M->1549M(2844M) 197.994ms
[60.605s][info][safepoint] Safepoint "G1CollectForAllocation", Time since last: 5931100 ns, Reaching safepoint: 175800 ns, At safepoint: 198113899 ns, Total: 198289699 ns
[60.679s][info][gc       ] GC(425) Pause Young (Mixed) (G1 Evacuation Pause) 1617M->1620M(2844M) 47.738ms
[60.679s][info][safepoint] Safepoint "G1CollectForAllocation", Time since last: 25950801 ns, Reaching safepoint: 146899 ns, At safepoint: 47822701 ns, Total: 47969600 ns
[60.706s][info][gc       ] GC(426) Pause Young (Concurrent Start) (G1 Humongous Allocation) 1660M->1670M(2844M) 11.414ms
[60.706s][info][gc       ] GC(427) Concurrent Mark Cycle
[60.706s][info][safepoint] Safepoint "G1TryInitiateConcMark", Time since last: 15039700 ns, Reaching safepoint: 104200 ns, At safepoint: 11475300 ns, Total: 11579500 ns
[60.952s][info][gc       ] GC(428) Pause Young (Normal) (G1 Evacuation Pause) 2174M->2176M(2844M) 112.902ms
[60.952s][info][safepoint] Safepoint "G1CollectForAllocation", Time since last: 132775699 ns, Reaching safepoint: 342601 ns, At safepoint: 113001500 ns, Total: 113344101 ns
[61.064s][info][gc       ] GC(429) Pause Young (Normal) (G1 Evacuation Pause) 2344M->2358M(4956M) 59.537ms
[61.064s][info][safepoint] Safepoint "G1CollectForAllocation", Time since last: 52499499 ns, Reaching safepoint: 99300 ns, At safepoint: 59649700 ns, Total: 59749000 ns
[61.105s][info][gc       ] GC(427) Pause Remark 2474M->1582M(4956M) 0.811ms
[61.105s][info][safepoint] Safepoint "G1Concurrent", Time since last: 20624801 ns, Reaching safepoint: 18875399 ns, At safepoint: 851701 ns, Total: 19727100 ns
[61.669s][info][gc       ] GC(430) Pause Young (Normal) (G1 Evacuation Pause) 2430M->2438M(4956M) 235.273ms
[61.669s][info][safepoint] Safepoint "G1CollectForAllocation", Time since last: 328683100 ns, Reaching safepoint: 359200 ns, At safepoint: 235397400 ns, Total: 235756600 ns
[61.832s][info][gc       ] GC(427) Pause Cleanup 2812M->2812M(4956M) 0.248ms
[61.832s][info][safepoint] Safepoint "G1Concurrent", Time since last: 131933300 ns, Reaching safepoint: 30220500 ns, At safepoint: 384100 ns, Total: 30604600 ns
[61.841s][info][gc       ] GC(427) Concurrent Mark Cycle 1135.155ms
[62.236s][info][gc       ] GC(431) Pause Young (Prepare Mixed) (G1 Evacuation Pause) 3314M->3326M(4956M) 213.512ms
[62.236s][info][safepoint] Safepoint "G1CollectForAllocation", Time since last: 190728500 ns, Reaching safepoint: 178400 ns, At safepoint: 213643100 ns, Total: 213821500 ns
[62.384s][info][gc       ] GC(432) Pause Young (Mixed) (G1 Evacuation Pause) 3574M->3536M(4956M) 80.855ms
[62.384s][info][safepoint] Safepoint "G1CollectForAllocation", Time since last: 66653600 ns, Reaching safepoint: 184300 ns, At safepoint: 80933799 ns, Total: 81118099 ns
[62.436s][info][gc       ] GC(433) Pause Young (Concurrent Start) (G1 Humongous Allocation) 3610M->3622M(4956M) 25.349ms
[62.436s][info][safepoint] Safepoint "G1TryInitiateConcMark", Time since last: 26022501 ns, Reaching safepoint: 208500 ns, At safepoint: 25431600 ns, Total: 25640100 ns
[62.436s][info][gc       ] GC(434) Concurrent Mark Cycle
[62.751s][info][gc       ] GC(435) Pause Young (Normal) (G1 Evacuation Pause) 4110M->4116M(4956M) 135.169ms
[62.751s][info][safepoint] Safepoint "G1CollectForAllocation", Time since last: 179653200 ns, Reaching safepoint: 301200 ns, At safepoint: 135295200 ns, Total: 135596400 ns
[62.761s][info][gc       ] GC(434) Pause Remark 4140M->1256M(4188M) 1.327ms
[62.761s][info][safepoint] Safepoint "G1Concurrent", Time since last: 8594700 ns, Reaching safepoint: 406100 ns, At safepoint: 1403700 ns, Total: 1809800 ns
[62.949s][info][gc       ] GC(436) Pause Young (Normal) (G1 Evacuation Pause) 1572M->1586M(5764M) 100.606ms
[62.949s][info][safepoint] Safepoint "G1CollectForAllocation", Time since last: 86571700 ns, Reaching safepoint: 258699 ns, At safepoint: 100755601 ns, Total: 101014300 ns
[63.206s][info][gc       ] GC(434) Pause Cleanup 2238M->2238M(5764M) 0.291ms
[63.207s][info][safepoint] Safepoint "G1Concurrent", Time since last: 256091600 ns, Reaching safepoint: 1094300 ns, At safepoint: 391999 ns, Total: 1486299 ns
[63.213s][info][gc       ] GC(434) Concurrent Mark Cycle 777.646ms
[63.466s][info][gc       ] GC(437) Pause Young (Prepare Mixed) (G1 Evacuation Pause) 2402M->2408M(5764M) 197.617ms
[63.466s][info][safepoint] Safepoint "G1CollectForAllocation", Time since last: 61765901 ns, Reaching safepoint: 200899 ns, At safepoint: 197732601 ns, Total: 197933500 ns
[63.662s][info][gc       ] GC(438) Pause Young (Mixed) (G1 Evacuation Pause) 2824M->2808M(5764M) 99.271ms
[63.662s][info][safepoint] Safepoint "G1CollectForAllocation", Time since last: 95837000 ns, Reaching safepoint: 200400 ns, At safepoint: 99353100 ns, Total: 99553500 ns
[64.187s][info][gc       ] GC(439) Pause Young (Normal) (G1 Evacuation Pause) 3884M->3888M(5764M) 263.281ms
[64.187s][info][safepoint] Safepoint "G1CollectForAllocation", Time since last: 261380700 ns, Reaching safepoint: 217200 ns, At safepoint: 263402599 ns, Total: 263619799 ns
[64.249s][info][gc       ] GC(440) Pause Young (Concurrent Start) (G1 Humongous Allocation) 3906M->3923M(5764M) 55.619ms
[64.249s][info][gc       ] GC(441) Concurrent Mark Cycle
[64.249s][info][safepoint] Safepoint "G1TryInitiateConcMark", Time since last: 6848400 ns, Reaching safepoint: 186400 ns, At safepoint: 55788300 ns, Total: 55974700 ns
[64.295s][info][gc       ] GC(441) Pause Remark 4079M->435M(1456M) 1.430ms
[64.295s][info][safepoint] Safepoint "G1Concurrent", Time since last: 37619801 ns, Reaching safepoint: 6789500 ns, At safepoint: 1483500 ns, Total: 8273000 ns
[64.370s][info][gc       ] GC(441) Pause Cleanup 747M->747M(1456M) 0.184ms
[64.370s][info][safepoint] Safepoint "G1Concurrent", Time since last: 67822600 ns, Reaching safepoint: 6624800 ns, At safepoint: 248700 ns, Total: 6873500 ns
[64.371s][info][gc       ] GC(441) Concurrent Mark Cycle 121.682ms
[64.545s][info][gc       ] GC(442) Pause Young (Prepare Mixed) (G1 Evacuation Pause) 879M->884M(1456M) 130.302ms
[64.545s][info][safepoint] Safepoint "G1CollectForAllocation", Time since last: 44335399 ns, Reaching safepoint: 204500 ns, At safepoint: 130383201 ns, Total: 130587701 ns
[64.586s][info][gc       ] GC(443) Pause Young (Mixed) (G1 Evacuation Pause) 904M->890M(4124M) 32.806ms
[64.586s][info][safepoint] Safepoint "G1CollectForAllocation", Time since last: 7685599 ns, Reaching safepoint: 115101 ns, At safepoint: 32900700 ns, Total: 33015801 ns
[64.920s][info][gc       ] GC(444) Pause Young (Concurrent Start) (G1 Humongous Allocation) 1602M->1607M(4124M) 142.515ms
[64.920s][info][gc       ] GC(445) Concurrent Mark Cycle
[64.920s][info][safepoint] Safepoint "G1TryInitiateConcMark", Time since last: 191531800 ns, Reaching safepoint: 131300 ns, At safepoint: 142667800 ns, Total: 142799100 ns
[65.025s][info][gc       ] GC(445) Pause Remark 1967M->923M(3080M) 1.535ms
[65.025s][info][safepoint] Safepoint "G1Concurrent", Time since last: 82252600 ns, Reaching safepoint: 20836500 ns, At safepoint: 1638699 ns, Total: 22475199 ns
[65.330s][info][gc       ] GC(446) Pause Young (Normal) (G1 Evacuation Pause) 1407M->1395M(3080M) 179.469ms
[65.331s][info][safepoint] Safepoint "G1CollectForAllocation", Time since last: 124478100 ns, Reaching safepoint: 1735801 ns, At safepoint: 179602800 ns, Total: 181338601 ns
[65.428s][info][gc       ] GC(445) Pause Cleanup 1577M->1577M(3080M) 0.121ms
[65.428s][info][safepoint] Safepoint "G1Concurrent", Time since last: 92848700 ns, Reaching safepoint: 4514900 ns, At safepoint: 185799 ns, Total: 4700699 ns
[65.431s][info][gc       ] GC(445) Concurrent Mark Cycle 511.075ms
[65.735s][info][gc       ] GC(447) Pause Young (Prepare Mixed) (G1 Evacuation Pause) 2071M->2081M(3080M) 157.724ms
[65.735s][info][safepoint] Safepoint "G1CollectForAllocation", Time since last: 148728000 ns, Reaching safepoint: 209401 ns, At safepoint: 157817700 ns, Total: 158027101 ns
[65.835s][info][gc       ] GC(448) Pause Young (Mixed) (G1 Evacuation Pause) 2229M->2233M(3080M) 62.008ms
[65.835s][info][safepoint] Safepoint "G1CollectForAllocation", Time since last: 38328500 ns, Reaching safepoint: 183899 ns, At safepoint: 62083501 ns, Total: 62267400 ns
[65.880s][info][gc       ] GC(449) Pause Young (Concurrent Start) (G1 Humongous Allocation) 2293M->2305M(3080M) 21.595ms
[65.880s][info][gc       ] GC(450) Concurrent Mark Cycle
[65.880s][info][safepoint] Safepoint "G1TryInitiateConcMark", Time since last: 22533399 ns, Reaching safepoint: 49801 ns, At safepoint: 21677000 ns, Total: 21726801 ns
[66.020s][info][gc       ] GC(451) Pause Young (Normal) (G1 Evacuation Pause) 2581M->2587M(5100M) 63.011ms
[66.020s][info][safepoint] Safepoint "G1CollectForAllocation", Time since last: 77018600 ns, Reaching safepoint: 196899 ns, At safepoint: 63114400 ns, Total: 63311299 ns
[66.022s][info][gc       ] GC(450) Pause Remark 2591M->700M(2336M) 1.183ms
[66.022s][info][safepoint] Safepoint "G1Concurrent", Time since last: 151000 ns, Reaching safepoint: 760201 ns, At safepoint: 1218699 ns, Total: 1978900 ns
[66.188s][info][gc       ] GC(450) Pause Cleanup 1332M->1332M(2336M) 0.229ms
[66.188s][info][safepoint] Safepoint "G1Concurrent", Time since last: 164597201 ns, Reaching safepoint: 1248299 ns, At safepoint: 355201 ns, Total: 1603500 ns
[66.191s][info][gc       ] GC(450) Concurrent Mark Cycle 310.887ms
[66.529s][info][gc       ] GC(452) Pause Young (Prepare Mixed) (G1 Preventive Collection) 1656M->1667M(2336M) 227.443ms
[66.529s][info][safepoint] Safepoint "G1CollectForAllocation", Time since last: 112722100 ns, Reaching safepoint: 129300 ns, At safepoint: 227552000 ns, Total: 227681300 ns
[66.591s][info][gc       ] GC(453) Pause Young (Mixed) (G1 Evacuation Pause) 1703M->1682M(2336M) 48.031ms
[66.591s][info][safepoint] Safepoint "G1CollectForAllocation", Time since last: 14040800 ns, Reaching safepoint: 192200 ns, At safepoint: 48113000 ns, Total: 48305200 ns
[66.635s][info][gc       ] GC(454) Pause Young (Concurrent Start) (G1 Humongous Allocation) 1756M->1774M(2336M) 15.846ms
[66.635s][info][gc       ] GC(455) Concurrent Mark Cycle
[66.635s][info][safepoint] Safepoint "G1TryInitiateConcMark", Time since last: 27820399 ns, Reaching safepoint: 69800 ns, At safepoint: 15923301 ns, Total: 15993101 ns
[66.730s][info][gc       ] GC(456) Pause Young (Normal) (G1 Evacuation Pause) 1990M->2000M(2336M) 36.872ms
[66.730s][info][safepoint] Safepoint "G1CollectForAllocation", Time since last: 57891600 ns, Reaching safepoint: 247300 ns, At safepoint: 36961700 ns, Total: 37209000 ns
[66.830s][info][gc       ] GC(457) Pause Young (Normal) (G1 Evacuation Pause) 2176M->2181M(4652M) 55.921ms
[66.830s][info][safepoint] Safepoint "G1CollectForAllocation", Time since last: 44210700 ns, Reaching safepoint: 220800 ns, At safepoint: 56021700 ns, Total: 56242500 ns
[66.930s][info][gc       ] GC(455) Pause Remark 2405M->1429M(4652M) 0.822ms
[66.930s][info][safepoint] Safepoint "G1Concurrent", Time since last: 96084699 ns, Reaching safepoint: 2913001 ns, At safepoint: 876200 ns, Total: 3789201 ns
[67.435s][info][gc       ] GC(458) Pause Young (Normal) (G1 Evacuation Pause) 2121M->2125M(4652M) 227.857ms
[67.435s][info][safepoint] Safepoint "G1CollectForAllocation", Time since last: 276142600 ns, Reaching safepoint: 236200 ns, At safepoint: 228021300 ns, Total: 228257500 ns
[67.539s][info][gc       ] GC(455) Pause Cleanup 2365M->2365M(4652M) 0.192ms
[67.539s][info][safepoint] Safepoint "G1Concurrent", Time since last: 102981999 ns, Reaching safepoint: 804301 ns, At safepoint: 268700 ns, Total: 1073001 ns
[67.550s][info][gc       ] GC(455) Concurrent Mark Cycle 915.338ms
[67.925s][info][gc       ] GC(459) Pause Young (Prepare Mixed) (G1 Evacuation Pause) 2932M->2948M(4652M) 210.662ms
[67.925s][info][safepoint] Safepoint "G1CollectForAllocation", Time since last: 175661099 ns, Reaching safepoint: 185300 ns, At safepoint: 210759201 ns, Total: 210944501 ns
[68.113s][info][gc       ] GC(460) Pause Young (Mixed) (G1 Evacuation Pause) 3220M->3188M(4652M) 98.394ms
[68.113s][info][safepoint] Safepoint "G1CollectForAllocation", Time since last: 88541400 ns, Reaching safepoint: 180500 ns, At safepoint: 98489600 ns, Total: 98670100 ns
[68.156s][info][gc       ] GC(461) Pause Young (Concurrent Start) (G1 Humongous Allocation) 3236M->3246M(4652M) 24.186ms
[68.156s][info][safepoint] Safepoint "G1TryInitiateConcMark", Time since last: 18995400 ns, Reaching safepoint: 175000 ns, At safepoint: 24283199 ns, Total: 24458199 ns
[68.156s][info][gc       ] GC(462) Concurrent Mark Cycle
[68.244s][info][gc       ] GC(462) Pause Remark 3488M->612M(2056M) 1.388ms
[68.244s][info][safepoint] Safepoint "G1Concurrent", Time since last: 78238301 ns, Reaching safepoint: 8391300 ns, At safepoint: 1475199 ns, Total: 9866499 ns
[68.465s][info][gc       ] GC(463) Pause Young (Normal) (G1 Evacuation Pause) 914M->923M(2056M) 139.060ms
[68.465s][info][safepoint] Safepoint "G1CollectForAllocation", Time since last: 81778401 ns, Reaching safepoint: 288999 ns, At safepoint: 139193301 ns, Total: 139482300 ns
[68.498s][info][gc       ] GC(462) Pause Cleanup 983M->983M(2056M) 0.201ms
[68.498s][info][safepoint] Safepoint "G1Concurrent", Time since last: 27025300 ns, Reaching safepoint: 5306600 ns, At safepoint: 269400 ns, Total: 5576000 ns
[68.500s][info][gc       ] GC(462) Concurrent Mark Cycle 344.301ms
[68.709s][info][gc       ] GC(464) Pause Young (Prepare Mixed) (G1 Evacuation Pause) 1319M->1326M(2056M) 121.111ms
[68.710s][info][safepoint] Safepoint "G1CollectForAllocation", Time since last: 88058600 ns, Reaching safepoint: 2202400 ns, At safepoint: 121257500 ns, Total: 123459900 ns
[68.776s][info][gc       ] GC(465) Pause Young (Mixed) (G1 Evacuation Pause) 1438M->1434M(2056M) 37.352ms
[68.776s][info][safepoint] Safepoint "G1CollectForAllocation", Time since last: 28629000 ns, Reaching safepoint: 91100 ns, At safepoint: 37433099 ns, Total: 37524199 ns
[68.827s][info][gc       ] GC(466) Pause Young (Concurrent Start) (G1 Humongous Allocation) 1490M->1502M(4484M) 24.896ms
[68.827s][info][safepoint] Safepoint "G1TryInitiateConcMark", Time since last: 21566401 ns, Reaching safepoint: 4991400 ns, At safepoint: 24960199 ns, Total: 29951599 ns
[68.827s][info][gc       ] GC(467) Concurrent Undo Cycle
[68.833s][info][gc       ] GC(467) Concurrent Undo Cycle 5.716ms
[68.933s][info][gc       ] GC(468) Pause Young (Concurrent Start) (G1 Humongous Allocation) 1742M->1748M(4484M) 43.666ms
[68.933s][info][gc       ] GC(469) Concurrent Mark Cycle
[68.933s][info][safepoint] Safepoint "G1TryInitiateConcMark", Time since last: 61755901 ns, Reaching safepoint: 221700 ns, At safepoint: 43807300 ns, Total: 44029000 ns
[69.118s][info][gc       ] GC(469) Pause Remark 2350M->1328M(4440M) 1.344ms
[69.118s][info][safepoint] Safepoint "G1Concurrent", Time since last: 176164700 ns, Reaching safepoint: 7114899 ns, At safepoint: 1441800 ns, Total: 8556699 ns
[69.401s][info][gc       ] GC(470) Pause Young (Normal) (G1 Evacuation Pause) 1586M->1590M(4440M) 214.309ms
[69.401s][info][safepoint] Safepoint "G1CollectForAllocation", Time since last: 68787301 ns, Reaching safepoint: 277100 ns, At safepoint: 214433600 ns, Total: 214710700 ns
[69.644s][info][gc       ] GC(469) Pause Cleanup 2202M->2202M(4440M) 0.165ms
[69.644s][info][safepoint] Safepoint "G1Concurrent", Time since last: 241931600 ns, Reaching safepoint: 507000 ns, At safepoint: 220000 ns, Total: 727000 ns
[69.649s][info][gc       ] GC(469) Concurrent Mark Cycle 716.088ms
[69.924s][info][gc       ] GC(471) Pause Young (Prepare Mixed) (G1 Evacuation Pause) 2370M->2376M(4440M) 223.489ms
[69.924s][info][safepoint] Safepoint "G1CollectForAllocation", Time since last: 56271800 ns, Reaching safepoint: 124300 ns, At safepoint: 223573500 ns, Total: 223697800 ns
[70.089s][info][gc       ] GC(472) Pause Young (Mixed) (G1 Evacuation Pause) 2604M->2586M(4440M) 87.784ms
[70.089s][info][safepoint] Safepoint "G1CollectForAllocation", Time since last: 77522499 ns, Reaching safepoint: 143601 ns, At safepoint: 87874300 ns, Total: 88017901 ns
[70.110s][info][gc       ] GC(473) Pause Young (Concurrent Start) (G1 Humongous Allocation) 2608M->2610M(4440M) 12.047ms
[70.110s][info][safepoint] Safepoint "G1TryInitiateConcMark", Time since last: 8387800 ns, Reaching safepoint: 127900 ns, At safepoint: 12134199 ns, Total: 12262099 ns
[70.110s][info][gc       ] GC(474) Concurrent Mark Cycle
[70.326s][info][gc       ] GC(474) Pause Remark 3214M->1372M(4440M) 1.427ms
[70.326s][info][safepoint] Safepoint "G1Concurrent", Time since last: 213877501 ns, Reaching safepoint: 477500 ns, At safepoint: 1507399 ns, Total: 1984899 ns
[70.545s][info][gc       ] GC(475) Pause Young (Normal) (G1 Evacuation Pause) 1564M->1562M(4440M) 170.350ms
[70.545s][info][safepoint] Safepoint "G1CollectForAllocation", Time since last: 48232700 ns, Reaching safepoint: 315500 ns, At safepoint: 170496000 ns, Total: 170811500 ns
[71.017s][info][gc       ] GC(476) Pause Young (Normal) (G1 Evacuation Pause) 2382M->2392M(5916M) 212.349ms
[71.017s][info][safepoint] Safepoint "G1CollectForAllocation", Time since last: 259387801 ns, Reaching safepoint: 200900 ns, At safepoint: 212457300 ns, Total: 212658200 ns
[71.058s][info][gc       ] GC(474) Pause Cleanup 2510M->2510M(5916M) 0.207ms
[71.059s][info][safepoint] Safepoint "G1Concurrent", Time since last: 37338900 ns, Reaching safepoint: 3937200 ns, At safepoint: 286699 ns, Total: 4223899 ns
[71.068s][info][gc       ] GC(474) Concurrent Mark Cycle 957.505ms
[71.560s][info][gc       ] GC(477) Pause Young (Prepare Mixed) (G1 Evacuation Pause) 3208M->3220M(5916M) 205.386ms
[71.560s][info][safepoint] Safepoint "G1CollectForAllocation", Time since last: 295826101 ns, Reaching safepoint: 212500 ns, At safepoint: 205467600 ns, Total: 205680100 ns
[71.768s][info][gc       ] GC(478) Pause Young (Mixed) (G1 Evacuation Pause) 3572M->3540M(5916M) 114.422ms
[71.768s][info][safepoint] Safepoint "G1CollectForAllocation", Time since last: 93246100 ns, Reaching safepoint: 229200 ns, At safepoint: 114544200 ns, Total: 114773400 ns
[71.807s][info][gc       ] GC(479) Pause Young (Concurrent Start) (G1 Humongous Allocation) 3592M->3612M(5916M) 18.874ms
[71.807s][info][gc       ] GC(480) Concurrent Mark Cycle
[71.807s][info][safepoint] Safepoint "G1TryInitiateConcMark", Time since last: 19651400 ns, Reaching safepoint: 188300 ns, At safepoint: 18952099 ns, Total: 19140399 ns
[72.006s][info][gc       ] GC(480) Pause Remark 4132M->1308M(4376M) 1.561ms
[72.006s][info][safepoint] Safepoint "G1Concurrent", Time since last: 197403701 ns, Reaching safepoint: 249500 ns, At safepoint: 1615400 ns, Total: 1864900 ns
[72.363s][info][gc       ] GC(481) Pause Young (Normal) (G1 Evacuation Pause) 1684M->1685M(4376M) 223.531ms
[72.363s][info][safepoint] Safepoint "G1CollectForAllocation", Time since last: 132354800 ns, Reaching safepoint: 520599 ns, At safepoint: 223619201 ns, Total: 224139800 ns
[72.555s][info][gc       ] GC(480) Pause Cleanup 2237M->2237M(4376M) 0.173ms
[72.555s][info][safepoint] Safepoint "G1Concurrent", Time since last: 191657100 ns, Reaching safepoint: 371500 ns, At safepoint: 240100 ns, Total: 611600 ns
[72.559s][info][gc       ] GC(480) Concurrent Mark Cycle 751.875ms
[72.849s][info][gc       ] GC(482) Pause Young (Prepare Mixed) (G1 Evacuation Pause) 2557M->2566M(4376M) 211.469ms
[72.849s][info][safepoint] Safepoint "G1CollectForAllocation", Time since last: 82623800 ns, Reaching safepoint: 156700 ns, At safepoint: 211571100 ns, Total: 211727800 ns
[73.009s][info][gc       ] GC(483) Pause Young (Mixed) (G1 Evacuation Pause) 2826M->2800M(4376M) 91.550ms
[73.009s][info][safepoint] Safepoint "G1CollectForAllocation", Time since last: 68206799 ns, Reaching safepoint: 200001 ns, At safepoint: 91641899 ns, Total: 91841900 ns
[73.086s][info][gc       ] GC(484) Pause Young (Concurrent Start) (G1 Humongous Allocation) 2891M->2898M(5876M) 30.953ms
[73.086s][info][safepoint] Safepoint "G1TryInitiateConcMark", Time since last: 45902601 ns, Reaching safepoint: 116000 ns, At safepoint: 31052600 ns, Total: 31168600 ns
[73.086s][info][gc       ] GC(485) Concurrent Undo Cycle
[73.093s][info][gc       ] GC(485) Concurrent Undo Cycle 6.586ms
[73.110s][info][gc       ] GC(486) Pause Young (Concurrent Start) (G1 Humongous Allocation) 2934M->2951M(5876M) 14.731ms
[73.111s][info][safepoint] Safepoint "G1TryInitiateConcMark", Time since last: 9142900 ns, Reaching safepoint: 194200 ns, At safepoint: 14823900 ns, Total: 15018100 ns
[73.111s][info][gc       ] GC(487) Concurrent Mark Cycle
[73.131s][info][gc       ] GC(487) Pause Remark 3027M->299M(1016M) 1.546ms
[73.131s][info][safepoint] Safepoint "G1Concurrent", Time since last: 18005100 ns, Reaching safepoint: 769899 ns, At safepoint: 1690801 ns, Total: 2460700 ns
[73.165s][info][gc       ] GC(487) Pause Cleanup 433M->433M(1016M) 0.170ms
[73.165s][info][safepoint] Safepoint "G1Concurrent", Time since last: 31443200 ns, Reaching safepoint: 2450800 ns, At safepoint: 264299 ns, Total: 2715099 ns
[73.166s][info][gc       ] GC(487) Concurrent Mark Cycle 55.274ms
[73.342s][info][gc       ] GC(488) Pause Young (Prepare Mixed) (G1 Preventive Collection) 663M->663M(1016M) 118.333ms
[73.342s][info][safepoint] Safepoint "G1CollectForAllocation", Time since last: 58630100 ns, Reaching safepoint: 198401 ns, At safepoint: 118428899 ns, Total: 118627300 ns
[73.406s][info][gc       ] GC(489) Pause Young (Mixed) (G1 Evacuation Pause) 747M->690M(1016M) 48.922ms
[73.406s][info][safepoint] Safepoint "G1CollectForAllocation", Time since last: 14083501 ns, Reaching safepoint: 186400 ns, At safepoint: 49006300 ns, Total: 49192700 ns
[73.446s][info][gc       ] GC(490) Pause Young (Concurrent Start) (G1 Evacuation Pause) 754M->759M(1016M) 13.406ms
[73.446s][info][safepoint] Safepoint "G1CollectForAllocation", Time since last: 27158600 ns, Reaching safepoint: 140899 ns, At safepoint: 13470901 ns, Total: 13611800 ns
[73.446s][info][gc       ] GC(491) Concurrent Mark Cycle
[73.474s][info][gc       ] GC(492) Pause Young (Normal) (G1 Evacuation Pause) 799M->806M(3048M) 13.040ms
[73.474s][info][safepoint] Safepoint "G1CollectForAllocation", Time since last: 14107500 ns, Reaching safepoint: 223900 ns, At safepoint: 13123699 ns, Total: 13347599 ns
[73.621s][info][gc       ] GC(491) Pause Remark 1378M->1173M(3048M) 0.753ms
[73.621s][info][safepoint] Safepoint "G1Concurrent", Time since last: 144431800 ns, Reaching safepoint: 1497101 ns, At safepoint: 869000 ns, Total: 2366101 ns
[73.952s][info][gc       ] GC(493) Pause Young (Normal) (G1 Evacuation Pause) 1565M->1565M(3048M) 222.869ms
[73.953s][info][safepoint] Safepoint "G1CollectForAllocation", Time since last: 108334199 ns, Reaching safepoint: 476201 ns, At safepoint: 222995400 ns, Total: 223471601 ns
[74.150s][info][gc       ] GC(491) Pause Cleanup 1961M->1961M(3048M) 0.158ms
[74.150s][info][safepoint] Safepoint "G1Concurrent", Time since last: 196487300 ns, Reaching safepoint: 823200 ns, At safepoint: 232899 ns, Total: 1056099 ns
[74.152s][info][gc       ] GC(491) Concurrent Mark Cycle 705.874ms
[74.386s][info][gc       ] GC(494) Pause Young (Prepare Mixed) (G1 Evacuation Pause) 2213M->2222M(3048M) 169.730ms
[74.387s][info][safepoint] Safepoint "G1CollectForAllocation", Time since last: 66421701 ns, Reaching safepoint: 231500 ns, At safepoint: 169835499 ns, Total: 170066999 ns
[74.493s][info][gc       ] GC(495) Pause Young (Mixed) (G1 Evacuation Pause) 2398M->2400M(3048M) 56.013ms
[74.493s][info][safepoint] Safepoint "G1CollectForAllocation", Time since last: 50023901 ns, Reaching safepoint: 197600 ns, At safepoint: 56105700 ns, Total: 56303300 ns
[74.598s][info][gc       ] GC(496) Pause Young (Concurrent Start) (G1 Evacuation Pause) 2532M->2548M(3048M) 34.894ms
[74.598s][info][safepoint] Safepoint "G1CollectForAllocation", Time since last: 70053199 ns, Reaching safepoint: 213401 ns, At safepoint: 34980300 ns, Total: 35193701 ns
[74.598s][info][gc       ] GC(497) Concurrent Mark Cycle
[74.706s][info][gc       ] GC(498) Pause Young (Normal) (G1 Evacuation Pause) 2804M->2810M(3048M) 41.770ms
[74.706s][info][safepoint] Safepoint "G1CollectForAllocation", Time since last: 65796299 ns, Reaching safepoint: 226201 ns, At safepoint: 41867299 ns, Total: 42093500 ns
[74.779s][info][gc       ] GC(499) Pause Young (Normal) (G1 Preventive Collection) 2934M->2948M(5080M) 38.974ms
[74.779s][info][safepoint] Safepoint "G1CollectForAllocation", Time since last: 33487401 ns, Reaching safepoint: 247400 ns, At safepoint: 39152100 ns, Total: 39399500 ns
[74.855s][info][gc       ] GC(497) Pause Remark 3116M->1316M(4388M) 1.231ms
[74.855s][info][safepoint] Safepoint "G1Concurrent", Time since last: 72036800 ns, Reaching safepoint: 2370600 ns, At safepoint: 1328400 ns, Total: 3699000 ns
[75.340s][info][gc       ] GC(500) Pause Young (Normal) (G1 Evacuation Pause) 2012M->2014M(4388M) 216.256ms
[75.340s][info][safepoint] Safepoint "G1CollectForAllocation", Time since last: 269123700 ns, Reaching safepoint: 349599 ns, At safepoint: 216347101 ns, Total: 216696700 ns
[75.409s][info][gc       ] GC(497) Pause Cleanup 2158M->2158M(4388M) 0.160ms
[75.409s][info][safepoint] Safepoint "G1Concurrent", Time since last: 68229300 ns, Reaching safepoint: 561300 ns, At safepoint: 236399 ns, Total: 797699 ns
[75.415s][info][gc       ] GC(497) Concurrent Mark Cycle 817.032ms
[75.920s][info][gc       ] GC(501) Pause Young (Prepare Mixed) (G1 Evacuation Pause) 2906M->2914M(4388M) 240.503ms
[75.920s][info][safepoint] Safepoint "G1CollectForAllocation", Time since last: 269639601 ns, Reaching safepoint: 153800 ns, At safepoint: 240629400 ns, Total: 240783200 ns
[76.061s][info][gc       ] GC(502) Pause Young (Mixed) (G1 Evacuation Pause) 3126M->3098M(4388M) 87.802ms
[76.061s][info][safepoint] Safepoint "G1CollectForAllocation", Time since last: 53244300 ns, Reaching safepoint: 127300 ns, At safepoint: 87924000 ns, Total: 88051300 ns
[76.083s][info][gc       ] GC(503) Pause Young (Concurrent Start) (G1 Humongous Allocation) 3100M->3116M(4388M) 20.968ms
[76.083s][info][gc       ] GC(504) Concurrent Mark Cycle
[76.083s][info][safepoint] Safepoint "G1TryInitiateConcMark", Time since last: 437899 ns, Reaching safepoint: 144801 ns, At safepoint: 21089800 ns, Total: 21234601 ns
[76.144s][info][gc       ] GC(504) Pause Remark 3344M->528M(1776M) 1.069ms
[76.144s][info][safepoint] Safepoint "G1Concurrent", Time since last: 59966600 ns, Reaching safepoint: 276200 ns, At safepoint: 1121200 ns, Total: 1397400 ns
[76.286s][info][gc       ] GC(505) Pause Young (Normal) (G1 Evacuation Pause) 740M->744M(1776M) 83.304ms
[76.286s][info][safepoint] Safepoint "G1CollectForAllocation", Time since last: 58226300 ns, Reaching safepoint: 486000 ns, At safepoint: 83403699 ns, Total: 83889699 ns
[76.336s][info][gc       ] GC(504) Pause Cleanup 932M->932M(1776M) 0.183ms
[76.336s][info][safepoint] Safepoint "G1Concurrent", Time since last: 31584701 ns, Reaching safepoint: 17956199 ns, At safepoint: 244401 ns, Total: 18200600 ns
[76.339s][info][gc       ] GC(504) Concurrent Mark Cycle 255.834ms
[76.519s][info][gc       ] GC(506) Pause Young (Prepare Mixed) (G1 Evacuation Pause) 1204M->1212M(1776M) 101.529ms
[76.519s][info][safepoint] Safepoint "G1CollectForAllocation", Time since last: 74481900 ns, Reaching safepoint: 6357300 ns, At safepoint: 101650900 ns, Total: 108008200 ns
[76.579s][info][gc       ] GC(507) Pause Young (Mixed) (G1 Evacuation Pause) 1296M->1282M(1776M) 32.845ms
[76.579s][info][safepoint] Safepoint "G1CollectForAllocation", Time since last: 26423300 ns, Reaching safepoint: 580700 ns, At safepoint: 32964800 ns, Total: 33545500 ns
[76.631s][info][gc       ] GC(508) Pause Young (Concurrent Start) (G1 Humongous Allocation) 1349M->1361M(4316M) 25.274ms
[76.632s][info][gc       ] GC(509) Concurrent Mark Cycle
[76.632s][info][safepoint] Safepoint "G1TryInitiateConcMark", Time since last: 25598700 ns, Reaching safepoint: 1906400 ns, At safepoint: 25438799 ns, Total: 27345199 ns
[76.708s][info][gc       ] GC(509) Pause Remark 1657M->697M(2336M) 0.951ms
[76.709s][info][safepoint] Safepoint "G1Concurrent", Time since last: 75754001 ns, Reaching safepoint: 196199 ns, At safepoint: 1050601 ns, Total: 1246800 ns
[76.828s][info][gc       ] GC(509) Pause Cleanup 1081M->1081M(2336M) 0.219ms
[76.828s][info][safepoint] Safepoint "G1Concurrent", Time since last: 116594599 ns, Reaching safepoint: 2824101 ns, At safepoint: 277800 ns, Total: 3101901 ns
[76.831s][info][gc       ] GC(509) Concurrent Mark Cycle 199.600ms
[77.162s][info][gc       ] GC(510) Pause Young (Prepare Mixed) (G1 Evacuation Pause) 1425M->1429M(2336M) 216.747ms
[77.163s][info][safepoint] Safepoint "G1CollectForAllocation", Time since last: 117251500 ns, Reaching safepoint: 200399 ns, At safepoint: 216861701 ns, Total: 217062100 ns
[77.224s][info][gc       ] GC(511) Pause Young (Mixed) (G1 Evacuation Pause) 1465M->1451M(2336M) 47.715ms
[77.225s][info][safepoint] Safepoint "G1CollectForAllocation", Time since last: 14107000 ns, Reaching safepoint: 84200 ns, At safepoint: 47829700 ns, Total: 47913900 ns
[77.256s][info][gc       ] GC(512) Pause Young (Concurrent Start) (G1 Humongous Allocation) 1499M->1505M(2336M) 12.907ms
[77.256s][info][gc       ] GC(513) Concurrent Mark Cycle
[77.256s][info][safepoint] Safepoint "G1TryInitiateConcMark", Time since last: 18306799 ns, Reaching safepoint: 202901 ns, At safepoint: 13009700 ns, Total: 13212601 ns
[77.389s][info][gc       ] GC(513) Pause Remark 1873M->1100M(2336M) 0.869ms
[77.389s][info][safepoint] Safepoint "G1Concurrent", Time since last: 131459999 ns, Reaching safepoint: 182801 ns, At safepoint: 929800 ns, Total: 1112601 ns
[77.466s][info][gc       ] GC(514) Pause Young (Normal) (G1 Evacuation Pause) 1112M->1118M(2336M) 72.685ms
[77.466s][info][safepoint] Safepoint "G1CollectForAllocation", Time since last: 4170699 ns, Reaching safepoint: 315701 ns, At safepoint: 72827800 ns, Total: 73143501 ns
[77.748s][info][gc       ] GC(515) Pause Young (Normal) (G1 Evacuation Pause) 1586M->1592M(2336M) 144.756ms
[77.748s][info][safepoint] Safepoint "G1CollectForAllocation", Time since last: 136692700 ns, Reaching safepoint: 168500 ns, At safepoint: 144894200 ns, Total: 145062700 ns
[77.930s][info][gc       ] GC(516) Pause Young (Normal) (G1 Evacuation Pause) 1828M->1840M(4652M) 94.923ms
[77.930s][info][safepoint] Safepoint "G1CollectForAllocation", Time since last: 86629100 ns, Reaching safepoint: 429400 ns, At safepoint: 95054399 ns, Total: 95483799 ns
[77.960s][info][gc       ] GC(513) Pause Cleanup 1872M->1872M(4652M) 0.202ms
[77.960s][info][safepoint] Safepoint "G1Concurrent", Time since last: 29044700 ns, Reaching safepoint: 584001 ns, At safepoint: 274800 ns, Total: 858801 ns
[77.970s][info][gc       ] GC(513) Concurrent Mark Cycle 713.917ms
[78.531s][info][gc       ] GC(517) Pause Young (Prepare Mixed) (G1 Evacuation Pause) 2800M->2808M(4652M) 239.740ms
[78.531s][info][safepoint] Safepoint "G1CollectForAllocation", Time since last: 331070000 ns, Reaching safepoint: 132099 ns, At safepoint: 239840001 ns, Total: 239972100 ns
[78.725s][info][gc       ] GC(518) Pause Young (Mixed) (G1 Evacuation Pause) 3080M->2982M(4652M) 98.557ms
[78.726s][info][safepoint] Safepoint "G1CollectForAllocation", Time since last: 95836100 ns, Reaching safepoint: 186000 ns, At safepoint: 98684000 ns, Total: 98870000 ns
[78.756s][info][gc       ] GC(519) Pause Young (Concurrent Start) (G1 Humongous Allocation) 3024M->3033M(4652M) 17.550ms
[78.756s][info][safepoint] Safepoint "G1TryInitiateConcMark", Time since last: 12963500 ns, Reaching safepoint: 122700 ns, At safepoint: 17704499 ns, Total: 17827199 ns
[78.756s][info][gc       ] GC(520) Concurrent Mark Cycle
[78.772s][info][gc       ] GC(520) Pause Remark 3089M->193M(656M) 1.825ms
[78.772s][info][safepoint] Safepoint "G1Concurrent", Time since last: 13412501 ns, Reaching safepoint: 417800 ns, At safepoint: 1965900 ns, Total: 2383700 ns
[78.790s][info][gc       ] GC(520) Pause Cleanup 261M->261M(656M) 0.171ms
[78.790s][info][safepoint] Safepoint "G1Concurrent", Time since last: 17352100 ns, Reaching safepoint: 184400 ns, At safepoint: 256399 ns, Total: 440799 ns
[78.790s][info][gc       ] GC(520) Concurrent Mark Cycle 34.025ms
[78.899s][info][gc       ] GC(521) Pause Young (Prepare Mixed) (G1 Preventive Collection) 417M->394M(656M) 71.962ms
[78.899s][info][safepoint] Safepoint "G1CollectForAllocation", Time since last: 37285801 ns, Reaching safepoint: 208200 ns, At safepoint: 72083499 ns, Total: 72291699 ns
[78.934s][info][gc       ] GC(522) Pause Young (Mixed) (G1 Evacuation Pause) 398M->388M(656M) 27.048ms
[78.935s][info][safepoint] Safepoint "G1CollectForAllocation", Time since last: 1729101 ns, Reaching safepoint: 6210800 ns, At safepoint: 27158600 ns, Total: 33369400 ns
[78.958s][info][gc       ] GC(523) Pause Young (Concurrent Start) (G1 Humongous Allocation) 419M->423M(1968M) 9.251ms
[78.959s][info][gc       ] GC(524) Concurrent Mark Cycle
[78.959s][info][safepoint] Safepoint "G1TryInitiateConcMark", Time since last: 14415600 ns, Reaching safepoint: 165399 ns, At safepoint: 9406801 ns, Total: 9572200 ns
[79.046s][info][gc       ] GC(524) Pause Remark 751M->631M(1968M) 0.890ms
[79.046s][info][safepoint] Safepoint "G1Concurrent", Time since last: 85753500 ns, Reaching safepoint: 750400 ns, At safepoint: 991000 ns, Total: 1741400 ns
[79.293s][info][gc       ] GC(525) Pause Young (Normal) (G1 Evacuation Pause) 1011M->1010M(1968M) 149.915ms
[79.293s][info][safepoint] Safepoint "G1CollectForAllocation", Time since last: 96340900 ns, Reaching safepoint: 353799 ns, At safepoint: 150047801 ns, Total: 150401600 ns
[79.327s][info][gc       ] GC(524) Pause Cleanup 1070M->1070M(1968M) 0.195ms
[79.327s][info][safepoint] Safepoint "G1Concurrent", Time since last: 32122900 ns, Reaching safepoint: 1747700 ns, At safepoint: 275300 ns, Total: 2023000 ns
[79.329s][info][gc       ] GC(524) Concurrent Mark Cycle 370.655ms
[79.525s][info][gc       ] GC(526) Pause Young (Prepare Mixed) (G1 Evacuation Pause) 1374M->1382M(1968M) 108.937ms
[79.525s][info][safepoint] Safepoint "G1CollectForAllocation", Time since last: 87245699 ns, Reaching safepoint: 2048401 ns, At safepoint: 109031200 ns, Total: 111079601 ns
[79.596s][info][gc       ] GC(527) Pause Young (Mixed) (G1 Evacuation Pause) 1522M->1530M(1968M) 36.905ms
[79.596s][info][safepoint] Safepoint "G1CollectForAllocation", Time since last: 33399800 ns, Reaching safepoint: 115200 ns, At safepoint: 37031500 ns, Total: 37146700 ns
[79.650s][info][gc       ] GC(528) Pause Young (Concurrent Start) (G1 Evacuation Pause) 1614M->1621M(1968M) 23.819ms
[79.651s][info][gc       ] GC(529) Concurrent Mark Cycle
[79.651s][info][safepoint] Safepoint "G1CollectForAllocation", Time since last: 30726000 ns, Reaching safepoint: 123700 ns, At safepoint: 23964700 ns, Total: 24088400 ns
[79.733s][info][gc       ] GC(530) Pause Young (Normal) (G1 Evacuation Pause) 1825M->1836M(1968M) 33.040ms
[79.733s][info][safepoint] Safepoint "G1CollectForAllocation", Time since last: 48757500 ns, Reaching safepoint: 223800 ns, At safepoint: 33167700 ns, Total: 33391500 ns
[79.776s][info][gc       ] GC(531) Pause Young (Normal) (G1 Preventive Collection) 1892M->1900M(4432M) 21.353ms
[79.776s][info][safepoint] Safepoint "G1CollectForAllocation", Time since last: 21225900 ns, Reaching safepoint: 275300 ns, At safepoint: 21496399 ns, Total: 21771699 ns
[79.900s][info][gc       ] GC(529) Pause Remark 2164M->1248M(4160M) 1.142ms
[79.900s][info][safepoint] Safepoint "G1Concurrent", Time since last: 106226001 ns, Reaching safepoint: 16658800 ns, At safepoint: 1265600 ns, Total: 17924400 ns
[80.180s][info][gc       ] GC(529) Pause Cleanup 1904M->1904M(4160M) 0.263ms
[80.180s][info][safepoint] Safepoint "G1Concurrent", Time since last: 279134500 ns, Reaching safepoint: 229800 ns, At safepoint: 352400 ns, Total: 582200 ns
[80.187s][info][gc       ] GC(529) Concurrent Mark Cycle 536.945ms
[80.557s][info][gc       ] GC(532) Pause Young (Prepare Mixed) (G1 Evacuation Pause) 2060M->2057M(4160M) 312.837ms
[80.557s][info][safepoint] Safepoint "G1CollectForAllocation", Time since last: 63935900 ns, Reaching safepoint: 203200 ns, At safepoint: 312961600 ns, Total: 313164800 ns
[80.692s][info][gc       ] GC(533) Pause Young (Mixed) (G1 Evacuation Pause) 2241M->2218M(4160M) 85.392ms
[80.693s][info][safepoint] Safepoint "G1CollectForAllocation", Time since last: 50092900 ns, Reaching safepoint: 201900 ns, At safepoint: 85506400 ns, Total: 85708300 ns
[80.716s][info][gc       ] GC(534) Pause Young (Concurrent Start) (G1 Humongous Allocation) 2236M->2239M(4160M) 15.489ms
[80.716s][info][safepoint] Safepoint "G1TryInitiateConcMark", Time since last: 7493099 ns, Reaching safepoint: 157801 ns, At safepoint: 15570600 ns, Total: 15728401 ns
[80.716s][info][gc       ] GC(535) Concurrent Mark Cycle
[80.813s][info][gc       ] GC(535) Pause Remark 2481M->777M(2616M) 1.850ms
[80.814s][info][safepoint] Safepoint "G1Concurrent", Time since last: 86608300 ns, Reaching safepoint: 9278999 ns, At safepoint: 1900001 ns, Total: 11179000 ns
[80.918s][info][gc       ] GC(535) Pause Cleanup 1079M->1079M(2616M) 0.242ms
[80.918s][info][safepoint] Safepoint "G1Concurrent", Time since last: 103587799 ns, Reaching safepoint: 292301 ns, At safepoint: 346300 ns, Total: 638601 ns
[80.921s][info][gc       ] GC(535) Concurrent Mark Cycle 205.252ms
[81.157s][info][gc       ] GC(536) Pause Young (Prepare Mixed) (G1 Evacuation Pause) 1331M->1327M(2616M) 171.915ms
[81.157s][info][safepoint] Safepoint "G1CollectForAllocation", Time since last: 66793300 ns, Reaching safepoint: 173800 ns, At safepoint: 172081099 ns, Total: 172254899 ns
[81.245s][info][gc       ] GC(537) Pause Young (Mixed) (G1 Evacuation Pause) 1423M->1282M(2616M) 54.399ms
[81.246s][info][safepoint] Safepoint "G1CollectForAllocation", Time since last: 28194001 ns, Reaching safepoint: 6023400 ns, At safepoint: 54482100 ns, Total: 60505500 ns
[81.293s][info][gc       ] GC(538) Pause Young (Concurrent Start) (G1 Humongous Allocation) 1336M->1342M(4820M) 19.136ms
[81.293s][info][safepoint] Safepoint "G1TryInitiateConcMark", Time since last: 22065799 ns, Reaching safepoint: 5780901 ns, At safepoint: 19235600 ns, Total: 25016501 ns
[81.293s][info][gc       ] GC(539) Concurrent Mark Cycle
[81.375s][info][gc       ] GC(539) Pause Remark 1610M->786M(2628M) 1.096ms
[81.375s][info][safepoint] Safepoint "G1Concurrent", Time since last: 79889200 ns, Reaching safepoint: 1180800 ns, At safepoint: 1150600 ns, Total: 2331400 ns
[81.486s][info][gc       ] GC(539) Pause Cleanup 1194M->1194M(2628M) 0.267ms
[81.486s][info][safepoint] Safepoint "G1Concurrent", Time since last: 109996900 ns, Reaching safepoint: 926800 ns, At safepoint: 394299 ns, Total: 1321099 ns
[81.488s][info][gc       ] GC(539) Concurrent Mark Cycle 195.397ms
[81.833s][info][gc       ] GC(540) Pause Young (Prepare Mixed) (G1 Evacuation Pause) 1602M->1606M(2628M) 240.704ms
[81.833s][info][safepoint] Safepoint "G1CollectForAllocation", Time since last: 105629201 ns, Reaching safepoint: 180300 ns, At safepoint: 240807700 ns, Total: 240988000 ns
[81.928s][info][gc       ] GC(541) Pause Young (Mixed) (G1 Evacuation Pause) 1726M->1610M(2628M) 66.685ms
[81.928s][info][safepoint] Safepoint "G1CollectForAllocation", Time since last: 28126200 ns, Reaching safepoint: 134500 ns, At safepoint: 66772800 ns, Total: 66907300 ns
[82.010s][info][gc       ] GC(542) Pause Young (Concurrent Start) (G1 Humongous Allocation) 1752M->1762M(2628M) 31.140ms
[82.010s][info][gc       ] GC(543) Concurrent Mark Cycle
[82.010s][info][safepoint] Safepoint "G1TryInitiateConcMark", Time since last: 50661300 ns, Reaching safepoint: 192400 ns, At safepoint: 31292100 ns, Total: 31484500 ns
[82.163s][info][gc       ] GC(544) Pause Young (Normal) (G1 Evacuation Pause) 2118M->2128M(2628M) 65.495ms
[82.163s][info][safepoint] Safepoint "G1CollectForAllocation", Time since last: 87235600 ns, Reaching safepoint: 290900 ns, At safepoint: 65595800 ns, Total: 65886700 ns
[82.270s][info][gc       ] GC(545) Pause Young (Normal) (G1 Evacuation Pause) 2288M->2302M(4828M) 58.930ms
[82.270s][info][safepoint] Safepoint "G1CollectForAllocation", Time since last: 47455200 ns, Reaching safepoint: 91000 ns, At safepoint: 59054800 ns, Total: 59145800 ns
[82.319s][info][gc       ] GC(543) Pause Remark 2466M->1680M(4828M) 0.906ms
[82.319s][info][safepoint] Safepoint "G1Concurrent", Time since last: 47333900 ns, Reaching safepoint: 702799 ns, At safepoint: 979001 ns, Total: 1681800 ns
[82.879s][info][gc       ] GC(546) Pause Young (Normal) (G1 Evacuation Pause) 2564M->2573M(4828M) 232.688ms
[82.879s][info][safepoint] Safepoint "G1CollectForAllocation", Time since last: 327356700 ns, Reaching safepoint: 311200 ns, At safepoint: 232796500 ns, Total: 233107700 ns
[82.949s][info][gc       ] GC(543) Pause Cleanup 2741M->2741M(4828M) 0.563ms
[82.949s][info][safepoint] Safepoint "G1Concurrent", Time since last: 44449800 ns, Reaching safepoint: 25234700 ns, At safepoint: 664200 ns, Total: 25898900 ns
[82.961s][info][gc       ] GC(543) Concurrent Mark Cycle 951.339ms
[83.420s][info][gc       ] GC(547) Pause Young (Prepare Mixed) (G1 Evacuation Pause) 3421M->3430M(4828M) 215.765ms
[83.420s][info][safepoint] Safepoint "G1CollectForAllocation", Time since last: 254390300 ns, Reaching safepoint: 259600 ns, At safepoint: 215875500 ns, Total: 216135100 ns
[83.620s][info][gc       ] GC(548) Pause Young (Mixed) (G1 Evacuation Pause) 3726M->3574M(4828M) 94.568ms
[83.620s][info][safepoint] Safepoint "G1CollectForAllocation", Time since last: 105391600 ns, Reaching safepoint: 234900 ns, At safepoint: 94695400 ns, Total: 94930300 ns
[83.703s][info][gc       ] GC(549) Pause Young (Concurrent Start) (G1 Humongous Allocation) 3700M->3714M(4828M) 39.145ms
[83.704s][info][gc       ] GC(550) Concurrent Mark Cycle
[83.704s][info][safepoint] Safepoint "G1TryInitiateConcMark", Time since last: 43860200 ns, Reaching safepoint: 135900 ns, At safepoint: 39274200 ns, Total: 39410100 ns
[83.927s][info][gc       ] GC(551) Pause Young (Normal) (G1 Evacuation Pause) 4114M->4120M(4828M) 79.915ms
[83.927s][info][safepoint] Safepoint "G1CollectForAllocation", Time since last: 143526000 ns, Reaching safepoint: 197100 ns, At safepoint: 80042999 ns, Total: 80240099 ns
[83.964s][info][gc       ] GC(550) Pause Remark 4216M->1260M(4200M) 2.164ms
[83.964s][info][safepoint] Safepoint "G1Concurrent", Time since last: 33789201 ns, Reaching safepoint: 755800 ns, At safepoint: 2265900 ns, Total: 3021700 ns
[84.117s][info][gc       ] GC(552) Pause Young (Normal) (G1 Evacuation Pause) 1464M->1474M(4200M) 95.754ms
[84.117s][info][safepoint] Safepoint "G1CollectForAllocation", Time since last: 56397000 ns, Reaching safepoint: 462700 ns, At safepoint: 95848300 ns, Total: 96311000 ns
[84.406s][info][gc       ] GC(550) Pause Cleanup 2506M->2506M(4200M) 0.274ms
[84.406s][info][safepoint] Safepoint "G1Concurrent", Time since last: 284228599 ns, Reaching safepoint: 4628601 ns, At safepoint: 334700 ns, Total: 4963301 ns
[84.674s][info][gc       ] GC(553) Pause Young (Prepare Mixed) (G1 Evacuation Pause) 2518M->2524M(4200M) 262.330ms
[84.674s][info][safepoint] Safepoint "G1CollectForAllocation", Time since last: 5430500 ns, Reaching safepoint: 234900 ns, At safepoint: 262509600 ns, Total: 262744500 ns
[84.675s][info][gc       ] GC(550) Concurrent Mark Cycle 971.453ms
[84.786s][info][gc       ] GC(554) Pause Young (Mixed) (G1 Evacuation Pause) 2652M->2632M(5772M) 65.804ms
[84.786s][info][safepoint] Safepoint "G1CollectForAllocation", Time since last: 46092499 ns, Reaching safepoint: 151501 ns, At safepoint: 65960200 ns, Total: 66111701 ns
[84.803s][info][gc       ] GC(555) Pause Young (Concurrent Start) (G1 Humongous Allocation) 2650M->2653M(5772M) 9.846ms
[84.803s][info][gc       ] GC(556) Concurrent Mark Cycle
[84.803s][info][safepoint] Safepoint "G1TryInitiateConcMark", Time since last: 6648899 ns, Reaching safepoint: 156900 ns, At safepoint: 9959701 ns, Total: 10116601 ns
[85.014s][info][gc       ] GC(556) Pause Remark 3197M->1369M(4576M) 1.337ms
[85.014s][info][safepoint] Safepoint "G1Concurrent", Time since last: 208720000 ns, Reaching safepoint: 1116300 ns, At safepoint: 1437600 ns, Total: 2553900 ns
[85.397s][info][gc       ] GC(557) Pause Young (Normal) (G1 Evacuation Pause) 1765M->1762M(4576M) 252.052ms
[85.397s][info][safepoint] Safepoint "G1CollectForAllocation", Time since last: 129741199 ns, Reaching safepoint: 642000 ns, At safepoint: 252146300 ns, Total: 252788300 ns
[85.603s][info][gc       ] GC(556) Pause Cleanup 2368M->2368M(4576M) 0.213ms
[85.603s][info][safepoint] Safepoint "G1Concurrent", Time since last: 205606001 ns, Reaching safepoint: 344000 ns, At safepoint: 273500 ns, Total: 617500 ns
[85.607s][info][gc       ] GC(556) Concurrent Mark Cycle 803.342ms
[85.923s][info][gc       ] GC(558) Pause Young (Prepare Mixed) (G1 Evacuation Pause) 2622M->2628M(4576M) 249.472ms
[85.923s][info][safepoint] Safepoint "G1CollectForAllocation", Time since last: 70144000 ns, Reaching safepoint: 164500 ns, At safepoint: 249616600 ns, Total: 249781100 ns
[86.087s][info][gc       ] GC(559) Pause Young (Mixed) (G1 Evacuation Pause) 2904M->2866M(4576M) 92.988ms
[86.087s][info][safepoint] Safepoint "G1CollectForAllocation", Time since last: 70899400 ns, Reaching safepoint: 224600 ns, At safepoint: 93120400 ns, Total: 93345000 ns
[86.121s][info][gc       ] GC(560) Pause Young (Concurrent Start) (G1 Humongous Allocation) 2909M->2921M(4576M) 19.724ms
[86.121s][info][gc       ] GC(561) Concurrent Mark Cycle
[86.121s][info][safepoint] Safepoint "G1TryInitiateConcMark", Time since last: 13924800 ns, Reaching safepoint: 121400 ns, At safepoint: 19833500 ns, Total: 19954900 ns
[86.137s][info][gc       ] GC(561) Pause Remark 2977M->217M(736M) 1.192ms
[86.137s][info][safepoint] Safepoint "G1Concurrent", Time since last: 13899700 ns, Reaching safepoint: 241800 ns, At safepoint: 1252700 ns, Total: 1494500 ns
[86.156s][info][gc       ] GC(561) Pause Cleanup 293M->293M(736M) 0.074ms
[86.156s][info][safepoint] Safepoint "G1Concurrent", Time since last: 19162299 ns, Reaching safepoint: 339901 ns, At safepoint: 124499 ns, Total: 464400 ns
[86.157s][info][gc       ] GC(561) Concurrent Mark Cycle 35.468ms
[86.297s][info][gc       ] GC(562) Pause Young (Prepare Mixed) (G1 Preventive Collection) 469M->443M(736M) 96.329ms
[86.297s][info][safepoint] Safepoint "G1CollectForAllocation", Time since last: 44451301 ns, Reaching safepoint: 139600 ns, At safepoint: 96446699 ns, Total: 96586299 ns
[86.330s][info][gc       ] GC(563) Pause Young (Mixed) (G1 Evacuation Pause) 447M->422M(2208M) 24.998ms
[86.330s][info][safepoint] Safepoint "G1CollectForAllocation", Time since last: 1713201 ns, Reaching safepoint: 6203100 ns, At safepoint: 25142800 ns, Total: 31345900 ns
[86.340s][info][gc       ] GC(564) Pause Young (Concurrent Start) (G1 Humongous Allocation) 426M->426M(2208M) 2.434ms
[86.340s][info][gc       ] GC(565) Concurrent Mark Cycle
[86.341s][info][safepoint] Safepoint "G1TryInitiateConcMark", Time since last: 1216400 ns, Reaching safepoint: 6345000 ns, At safepoint: 2537000 ns, Total: 8882000 ns
[86.438s][info][gc       ] GC(565) Pause Remark 782M->664M(2208M) 0.816ms
[86.438s][info][safepoint] Safepoint "G1Concurrent", Time since last: 96609000 ns, Reaching safepoint: 220800 ns, At safepoint: 869999 ns, Total: 1090799 ns
[86.734s][info][gc       ] GC(566) Pause Young (Normal) (G1 Evacuation Pause) 1128M->1124M(2208M) 171.841ms
[86.734s][info][safepoint] Safepoint "G1CollectForAllocation", Time since last: 119372301 ns, Reaching safepoint: 4905199 ns, At safepoint: 171975500 ns, Total: 176880699 ns
[86.745s][info][gc       ] GC(565) Pause Cleanup 1128M->1128M(2208M) 0.151ms
[86.745s][info][safepoint] Safepoint "G1Concurrent", Time since last: 6956300 ns, Reaching safepoint: 3554401 ns, At safepoint: 213800 ns, Total: 3768201 ns
[86.747s][info][gc       ] GC(565) Concurrent Mark Cycle 406.657ms
[86.978s][info][gc       ] GC(567) Pause Young (Prepare Mixed) (G1 Evacuation Pause) 1560M->1572M(2208M) 111.415ms
[86.978s][info][safepoint] Safepoint "G1CollectForAllocation", Time since last: 121390800 ns, Reaching safepoint: 277300 ns, At safepoint: 111492500 ns, Total: 111769800 ns
[87.035s][info][gc       ] GC(568) Pause Young (Mixed) (G1 Evacuation Pause) 1636M->1642M(2208M) 26.888ms
[87.035s][info][safepoint] Safepoint "G1CollectForAllocation", Time since last: 30112299 ns, Reaching safepoint: 50001 ns, At safepoint: 26958200 ns, Total: 27008201 ns
[87.056s][info][gc       ] GC(569) Pause Young (Concurrent Start) (G1 Humongous Allocation) 1667M->1682M(2208M) 8.558ms
[87.056s][info][safepoint] Safepoint "G1TryInitiateConcMark", Time since last: 12068599 ns, Reaching safepoint: 119801 ns, At safepoint: 8614600 ns, Total: 8734401 ns
[87.056s][info][gc       ] GC(570) Concurrent Mark Cycle
[87.159s][info][gc       ] GC(571) Pause Young (Normal) (G1 Evacuation Pause) 1894M->1899M(4576M) 39.703ms
[87.159s][info][safepoint] Safepoint "G1CollectForAllocation", Time since last: 62485500 ns, Reaching safepoint: 261700 ns, At safepoint: 39873700 ns, Total: 40135400 ns
[87.307s][info][gc       ] GC(570) Pause Remark 2215M->1467M(4576M) 0.674ms
[87.307s][info][safepoint] Safepoint "G1Concurrent", Time since last: 147123400 ns, Reaching safepoint: 277899 ns, At safepoint: 725901 ns, Total: 1003800 ns
[87.586s][info][gc       ] GC(570) Pause Cleanup 2171M->2171M(4576M) 0.292ms
[87.586s][info][safepoint] Safepoint "G1Concurrent", Time since last: 277577400 ns, Reaching safepoint: 897200 ns, At safepoint: 384899 ns, Total: 1282099 ns
[87.593s][info][gc       ] GC(570) Concurrent Mark Cycle 536.577ms
[87.838s][info][gc       ] GC(572) Pause Young (Prepare Mixed) (G1 Evacuation Pause) 2191M->2191M(4576M) 244.009ms
[87.838s][info][safepoint] Safepoint "G1CollectForAllocation", Time since last: 7684101 ns, Reaching safepoint: 207799 ns, At safepoint: 244116600 ns, Total: 244324399 ns
[87.991s][info][gc       ] GC(573) Pause Young (Mixed) (G1 Evacuation Pause) 2411M->2296M(4576M) 91.526ms
[87.991s][info][safepoint] Safepoint "G1CollectForAllocation", Time since last: 61223500 ns, Reaching safepoint: 208901 ns, At safepoint: 91652200 ns, Total: 91861101 ns
[88.019s][info][gc       ] GC(574) Pause Young (Concurrent Start) (G1 Humongous Allocation) 2314M->2316M(4576M) 20.649ms
[88.019s][info][gc       ] GC(575) Concurrent Mark Cycle
[88.019s][info][safepoint] Safepoint "G1TryInitiateConcMark", Time since last: 6804700 ns, Reaching safepoint: 99500 ns, At safepoint: 20781800 ns, Total: 20881300 ns
[88.106s][info][gc       ] GC(575) Pause Remark 2558M->674M(2256M) 1.363ms
[88.106s][info][safepoint] Safepoint "G1Concurrent", Time since last: 85698900 ns, Reaching safepoint: 469000 ns, At safepoint: 1496799 ns, Total: 1965799 ns
[88.215s][info][gc       ] GC(575) Pause Cleanup 1020M->1020M(2256M) 0.248ms
[88.215s][info][safepoint] Safepoint "G1Concurrent", Time since last: 102134501 ns, Reaching safepoint: 6069300 ns, At safepoint: 336099 ns, Total: 6405399 ns
[88.217s][info][gc       ] GC(575) Concurrent Mark Cycle 198.656ms
[88.492s][info][gc       ] GC(576) Pause Young (Prepare Mixed) (G1 Evacuation Pause) 1360M->1359M(2256M) 192.160ms
[88.492s][info][safepoint] Safepoint "G1CollectForAllocation", Time since last: 85126801 ns, Reaching safepoint: 190800 ns, At safepoint: 192291300 ns, Total: 192482100 ns
[88.559s][info][gc       ] GC(577) Pause Young (Mixed) (G1 Evacuation Pause) 1447M->1394M(2256M) 45.440ms
[88.559s][info][safepoint] Safepoint "G1CollectForAllocation", Time since last: 20392300 ns, Reaching safepoint: 176800 ns, At safepoint: 45518499 ns, Total: 45695299 ns
[88.622s][info][gc       ] GC(578) Pause Young (Concurrent Start) (G1 Humongous Allocation) 1486M->1498M(4604M) 30.463ms
[88.622s][info][safepoint] Safepoint "G1TryInitiateConcMark", Time since last: 33074501 ns, Reaching safepoint: 145100 ns, At safepoint: 30547800 ns, Total: 30692900 ns
[88.622s][info][gc       ] GC(579) Concurrent Undo Cycle
[88.629s][info][gc       ] GC(579) Concurrent Undo Cycle 6.346ms
[88.734s][info][gc       ] GC(580) Pause Young (Concurrent Start) (G1 Humongous Allocation) 1738M->1744M(4604M) 44.639ms
[88.734s][info][gc       ] GC(581) Concurrent Mark Cycle
[88.734s][info][safepoint] Safepoint "G1TryInitiateConcMark", Time since last: 66781600 ns, Reaching safepoint: 161700 ns, At safepoint: 44733600 ns, Total: 44895300 ns
[88.907s][info][gc       ] GC(581) Pause Remark 2408M->1604M(4604M) 0.830ms
[88.907s][info][safepoint] Safepoint "G1Concurrent", Time since last: 171607600 ns, Reaching safepoint: 328800 ns, At safepoint: 919000 ns, Total: 1247800 ns
[89.231s][info][gc       ] GC(582) Pause Young (Normal) (G1 Evacuation Pause) 1864M->1869M(4604M) 248.313ms
[89.231s][info][safepoint] Safepoint "G1CollectForAllocation", Time since last: 74890500 ns, Reaching safepoint: 463200 ns, At safepoint: 248437000 ns, Total: 248900200 ns
[89.508s][info][gc       ] GC(581) Pause Cleanup 2491M->2491M(4604M) 0.267ms
[89.508s][info][safepoint] Safepoint "G1Concurrent", Time since last: 271479099 ns, Reaching safepoint: 5266701 ns, At safepoint: 393099 ns, Total: 5659800 ns
[89.514s][info][gc       ] GC(581) Concurrent Mark Cycle 779.867ms
[89.834s][info][gc       ] GC(583) Pause Young (Prepare Mixed) (G1 Evacuation Pause) 2733M->2740M(4604M) 243.232ms
[89.834s][info][safepoint] Safepoint "G1CollectForAllocation", Time since last: 82499300 ns, Reaching safepoint: 198000 ns, At safepoint: 243332401 ns, Total: 243530401 ns
[90.034s][info][gc       ] GC(584) Pause Young (Mixed) (G1 Evacuation Pause) 3012M->2878M(4604M) 102.679ms
[90.035s][info][safepoint] Safepoint "G1CollectForAllocation", Time since last: 97726599 ns, Reaching safepoint: 233601 ns, At safepoint: 102760000 ns, Total: 102993601 ns
[90.073s][info][gc       ] GC(585) Pause Young (Concurrent Start) (G1 Humongous Allocation) 2937M->2954M(4604M) 18.804ms
[90.073s][info][safepoint] Safepoint "G1TryInitiateConcMark", Time since last: 19666399 ns, Reaching safepoint: 174601 ns, At safepoint: 18900899 ns, Total: 19075500 ns
[90.073s][info][gc       ] GC(586) Concurrent Mark Cycle
[90.092s][info][gc       ] GC(586) Pause Remark 3024M->244M(828M) 1.783ms
[90.092s][info][safepoint] Safepoint "G1Concurrent", Time since last: 15849500 ns, Reaching safepoint: 911001 ns, At safepoint: 1897500 ns, Total: 2808501 ns
[90.112s][info][gc       ] GC(586) Pause Cleanup 310M->310M(828M) 0.165ms
[90.112s][info][safepoint] Safepoint "G1Concurrent", Time since last: 19495600 ns, Reaching safepoint: 356900 ns, At safepoint: 249300 ns, Total: 606200 ns
[90.113s][info][gc       ] GC(586) Concurrent Mark Cycle 39.278ms
[90.243s][info][gc       ] GC(587) Pause Young (Prepare Mixed) (G1 Preventive Collection) 490M->447M(828M) 88.211ms
[90.243s][info][safepoint] Safepoint "G1CollectForAllocation", Time since last: 42310500 ns, Reaching safepoint: 207899 ns, At safepoint: 88347701 ns, Total: 88555600 ns
[90.290s][info][gc       ] GC(588) Pause Young (Mixed) (G1 Evacuation Pause) 507M->496M(2484M) 36.337ms
[90.290s][info][safepoint] Safepoint "G1CollectForAllocation", Time since last: 10290600 ns, Reaching safepoint: 225500 ns, At safepoint: 36519600 ns, Total: 36745100 ns
[90.346s][info][gc       ] GC(589) Pause Young (Concurrent Start) (G1 Humongous Allocation) 598M->605M(2484M) 19.673ms
[90.346s][info][safepoint] Safepoint "G1TryInitiateConcMark", Time since last: 36632500 ns, Reaching safepoint: 26200 ns, At safepoint: 19778799 ns, Total: 19804999 ns
[90.346s][info][gc       ] GC(590) Concurrent Mark Cycle
[90.469s][info][gc       ] GC(590) Pause Remark 1069M->921M(2484M) 0.794ms
[90.469s][info][safepoint] Safepoint "G1Concurrent", Time since last: 121641501 ns, Reaching safepoint: 375700 ns, At safepoint: 843900 ns, Total: 1219600 ns
[90.761s][info][gc       ] GC(591) Pause Young (Normal) (G1 Evacuation Pause) 1329M->1330M(2484M) 184.633ms
[90.761s][info][safepoint] Safepoint "G1CollectForAllocation", Time since last: 106539200 ns, Reaching safepoint: 256700 ns, At safepoint: 184756600 ns, Total: 185013300 ns
[90.837s][info][gc       ] GC(590) Pause Cleanup 1538M->1538M(2484M) 0.117ms
[90.838s][info][safepoint] Safepoint "G1Concurrent", Time since last: 75760300 ns, Reaching safepoint: 487800 ns, At safepoint: 978900 ns, Total: 1466700 ns
[90.840s][info][gc       ] GC(590) Concurrent Mark Cycle 494.102ms
[91.055s][info][gc       ] GC(592) Pause Young (Prepare Mixed) (G1 Evacuation Pause) 1806M->1818M(2484M) 138.409ms
[91.055s][info][safepoint] Safepoint "G1CollectForAllocation", Time since last: 78581800 ns, Reaching safepoint: 57100 ns, At safepoint: 138496699 ns, Total: 138553799 ns
[91.119s][info][gc       ] GC(593) Pause Young (Mixed) (G1 Evacuation Pause) 1914M->1912M(2484M) 33.702ms
[91.119s][info][safepoint] Safepoint "G1CollectForAllocation", Time since last: 30323000 ns, Reaching safepoint: 65000 ns, At safepoint: 33826901 ns, Total: 33891901 ns
[91.129s][info][gc       ] GC(594) Pause Young (Concurrent Start) (G1 Humongous Allocation) 1916M->1933M(2484M) 7.626ms
[91.129s][info][gc       ] GC(595) Concurrent Mark Cycle
[91.129s][info][safepoint] Safepoint "G1TryInitiateConcMark", Time since last: 1573900 ns, Reaching safepoint: 71900 ns, At safepoint: 7697799 ns, Total: 7769699 ns
[91.145s][info][gc       ] GC(595) Pause Remark 1981M->207M(708M) 0.777ms
[91.145s][info][safepoint] Safepoint "G1Concurrent", Time since last: 14527301 ns, Reaching safepoint: 695800 ns, At safepoint: 866700 ns, Total: 1562500 ns
[91.164s][info][gc       ] GC(595) Pause Cleanup 287M->287M(708M) 0.106ms
[91.164s][info][safepoint] Safepoint "G1Concurrent", Time since last: 18315700 ns, Reaching safepoint: 889800 ns, At safepoint: 194200 ns, Total: 1084000 ns
[91.165s][info][gc       ] GC(595) Concurrent Mark Cycle 35.889ms
[91.237s][info][gc       ] GC(596) Pause Young (Prepare Mixed) (G1 Evacuation Pause) 371M->374M(708M) 50.637ms
[91.237s][info][safepoint] Safepoint "G1CollectForAllocation", Time since last: 21437200 ns, Reaching safepoint: 276300 ns, At safepoint: 50717800 ns, Total: 50994100 ns
[91.257s][info][gc       ] GC(597) Pause Young (Mixed) (G1 Evacuation Pause) 390M->335M(2124M) 13.961ms
[91.257s][info][safepoint] Safepoint "G1CollectForAllocation", Time since last: 6624800 ns, Reaching safepoint: 137700 ns, At safepoint: 14063000 ns, Total: 14200700 ns
[91.293s][info][gc       ] GC(598) Pause Young (Concurrent Start) (G1 Humongous Allocation) 387M->387M(2124M) 9.970ms
[91.293s][info][gc       ] GC(599) Concurrent Mark Cycle
[91.293s][info][safepoint] Safepoint "G1TryInitiateConcMark", Time since last: 18414700 ns, Reaching safepoint: 6724300 ns, At safepoint: 10100300 ns, Total: 16824600 ns
[91.378s][info][gc       ] GC(599) Pause Remark 707M->639M(2124M) 0.874ms
[91.378s][info][safepoint] Safepoint "G1Concurrent", Time since last: 83871999 ns, Reaching safepoint: 466501 ns, At safepoint: 926500 ns, Total: 1393001 ns
[91.479s][info][gc       ] GC(599) Pause Cleanup 1031M->1031M(2124M) 0.178ms
[91.479s][info][safepoint] Safepoint "G1Concurrent", Time since last: 100118799 ns, Reaching safepoint: 527701 ns, At safepoint: 268399 ns, Total: 796100 ns
[91.480s][info][gc       ] GC(599) Concurrent Mark Cycle 187.676ms
[91.673s][info][gc       ] GC(600) Pause Young (Prepare Mixed) (G1 Evacuation Pause) 1119M->1115M(2124M) 171.724ms
[91.673s][info][safepoint] Safepoint "G1CollectForAllocation", Time since last: 22142201 ns, Reaching safepoint: 161700 ns, At safepoint: 171852399 ns, Total: 172014099 ns
[91.726s][info][gc       ] GC(601) Pause Young (Mixed) (G1 Evacuation Pause) 1151M->1154M(2124M) 38.770ms
[91.726s][info][safepoint] Safepoint "G1CollectForAllocation", Time since last: 14343101 ns, Reaching safepoint: 124599 ns, At safepoint: 38836201 ns, Total: 38960800 ns
[91.732s][info][gc       ] GC(602) Pause Young (Concurrent Start) (G1 Humongous Allocation) 1158M->1159M(2124M) 4.797ms
[91.732s][info][safepoint] Safepoint "G1TryInitiateConcMark", Time since last: 874199 ns, Reaching safepoint: 125501 ns, At safepoint: 4848600 ns, Total: 4974101 ns
[91.732s][info][gc       ] GC(603) Concurrent Mark Cycle
[91.796s][info][gc       ] GC(603) Pause Remark 1395M->763M(2124M) 1.023ms
[91.796s][info][safepoint] Safepoint "G1Concurrent", Time since last: 62800200 ns, Reaching safepoint: 268899 ns, At safepoint: 1133801 ns, Total: 1402700 ns
[91.928s][info][gc       ] GC(604) Pause Young (Normal) (G1 Evacuation Pause) 935M->936M(2124M) 87.801ms
[91.928s][info][safepoint] Safepoint "G1CollectForAllocation", Time since last: 43714900 ns, Reaching safepoint: 360300 ns, At safepoint: 87894000 ns, Total: 88254300 ns
[91.986s][info][gc       ] GC(603) Pause Cleanup 1156M->1156M(2124M) 0.096ms
[91.986s][info][safepoint] Safepoint "G1Concurrent", Time since last: 45095300 ns, Reaching safepoint: 12402100 ns, At safepoint: 153800 ns, Total: 12555900 ns
[91.988s][info][gc       ] GC(603) Concurrent Mark Cycle 255.365ms
[92.169s][info][gc       ] GC(605) Pause Young (Prepare Mixed) (G1 Evacuation Pause) 1432M->1442M(2124M) 106.180ms
[92.169s][info][safepoint] Safepoint "G1CollectForAllocation", Time since last: 76105500 ns, Reaching safepoint: 192600 ns, At safepoint: 106296499 ns, Total: 106489099 ns
[92.254s][info][gc       ] GC(606) Pause Young (Mixed) (G1 Evacuation Pause) 1538M->1348M(4524M) 57.217ms
[92.254s][info][safepoint] Safepoint "G1CollectForAllocation", Time since last: 27624301 ns, Reaching safepoint: 149500 ns, At safepoint: 57323200 ns, Total: 57472700 ns
[92.488s][info][gc       ] GC(607) Pause Young (Mixed) (G1 Evacuation Pause) 1692M->1650M(4524M) 79.414ms
[92.488s][info][safepoint] Safepoint "G1CollectForAllocation", Time since last: 154238500 ns, Reaching safepoint: 197100 ns, At safepoint: 79531100 ns, Total: 79728200 ns
[92.560s][info][gc       ] GC(608) Pause Young (Concurrent Start) (G1 Humongous Allocation) 1758M->1768M(4524M) 33.616ms
[92.560s][info][gc       ] GC(609) Concurrent Mark Cycle
[92.560s][info][safepoint] Safepoint "G1TryInitiateConcMark", Time since last: 38142400 ns, Reaching safepoint: 130400 ns, At safepoint: 33759599 ns, Total: 33889999 ns
[92.746s][info][gc       ] GC(609) Pause Remark 2370M->1302M(4348M) 1.519ms
[92.746s][info][safepoint] Safepoint "G1Concurrent", Time since last: 180270401 ns, Reaching safepoint: 4681800 ns, At safepoint: 1575600 ns, Total: 6257400 ns
[93.161s][info][gc       ] GC(610) Pause Young (Normal) (G1 Evacuation Pause) 1636M->1639M(4348M) 260.687ms
[93.161s][info][safepoint] Safepoint "G1CollectForAllocation", Time since last: 153634500 ns, Reaching safepoint: 306000 ns, At safepoint: 260821400 ns, Total: 261127400 ns
[93.309s][info][gc       ] GC(609) Pause Cleanup 2079M->2079M(4348M) 0.150ms
[93.309s][info][safepoint] Safepoint "G1Concurrent", Time since last: 147320400 ns, Reaching safepoint: 441600 ns, At safepoint: 221300 ns, Total: 662900 ns
[93.318s][info][gc       ] GC(609) Concurrent Mark Cycle 758.748ms
[93.687s][info][gc       ] GC(611) Pause Young (Prepare Mixed) (G1 Evacuation Pause) 2531M->2542M(4348M) 255.517ms
[93.687s][info][safepoint] Safepoint "G1CollectForAllocation", Time since last: 122592100 ns, Reaching safepoint: 147400 ns, At safepoint: 255604300 ns, Total: 255751700 ns
[93.882s][info][gc       ] GC(612) Pause Young (Mixed) (G1 Evacuation Pause) 2802M->2786M(4348M) 99.048ms
[93.882s][info][safepoint] Safepoint "G1CollectForAllocation", Time since last: 94963100 ns, Reaching safepoint: 214300 ns, At safepoint: 99132400 ns, Total: 99346700 ns
[93.910s][info][gc       ] GC(613) Pause Young (Concurrent Start) (G1 Humongous Allocation) 2817M->2828M(5860M) 19.579ms
[93.910s][info][safepoint] Safepoint "G1TryInitiateConcMark", Time since last: 8796000 ns, Reaching safepoint: 169599 ns, At safepoint: 19705401 ns, Total: 19875000 ns
[93.910s][info][gc       ] GC(614) Concurrent Undo Cycle
[93.917s][info][gc       ] GC(614) Concurrent Undo Cycle 6.671ms
[93.935s][info][gc       ] GC(615) Pause Young (Concurrent Start) (G1 Humongous Allocation) 2864M->2862M(5860M) 13.802ms
[93.935s][info][safepoint] Safepoint "G1TryInitiateConcMark", Time since last: 10970400 ns, Reaching safepoint: 177300 ns, At safepoint: 13881800 ns, Total: 14059100 ns
[93.935s][info][gc       ] GC(616) Concurrent Mark Cycle
[93.948s][info][gc       ] GC(616) Pause Remark 2896M->134M(468M) 1.501ms
[93.948s][info][safepoint] Safepoint "G1Concurrent", Time since last: 10517000 ns, Reaching safepoint: 641300 ns, At safepoint: 1555900 ns, Total: 2197200 ns
[93.956s][info][gc       ] GC(616) Pause Cleanup 152M->152M(468M) 0.110ms
[93.956s][info][safepoint] Safepoint "G1Concurrent", Time since last: 6939700 ns, Reaching safepoint: 604000 ns, At safepoint: 139200 ns, Total: 743200 ns
[93.956s][info][gc       ] GC(616) Concurrent Mark Cycle 20.640ms
[94.037s][info][gc       ] GC(617) Pause Young (Prepare Mixed) (G1 Preventive Collection) 274M->255M(468M) 50.801ms
[94.037s][info][safepoint] Safepoint "G1CollectForAllocation", Time since last: 30014800 ns, Reaching safepoint: 182599 ns, At safepoint: 50890701 ns, Total: 51073300 ns
[94.083s][info][gc       ] GC(618) Pause Young (Mixed) (G1 Evacuation Pause) 295M->285M(468M) 38.370ms
[94.083s][info][safepoint] Safepoint "G1CollectForAllocation", Time since last: 7413100 ns, Reaching safepoint: 179500 ns, At safepoint: 38571400 ns, Total: 38750900 ns
[94.107s][info][gc       ] GC(619) Pause Young (Concurrent Start) (G1 Evacuation Pause) 321M->322M(1404M) 10.227ms
[94.107s][info][safepoint] Safepoint "G1CollectForAllocation", Time since last: 13593099 ns, Reaching safepoint: 132800 ns, At safepoint: 10310501 ns, Total: 10443301 ns
[94.107s][info][gc       ] GC(620) Concurrent Mark Cycle
[94.183s][info][gc       ] GC(620) Pause Remark 610M->542M(1404M) 0.797ms
[94.183s][info][safepoint] Safepoint "G1Concurrent", Time since last: 74680600 ns, Reaching safepoint: 783700 ns, At safepoint: 848700 ns, Total: 1632400 ns
[94.331s][info][gc       ] GC(621) Pause Young (Normal) (G1 Evacuation Pause) 678M->681M(1404M) 98.976ms
[94.331s][info][safepoint] Safepoint "G1CollectForAllocation", Time since last: 48042400 ns, Reaching safepoint: 341300 ns, At safepoint: 99122400 ns, Total: 99463700 ns
[94.415s][info][gc       ] GC(620) Pause Cleanup 997M->997M(1404M) 0.085ms
[94.415s][info][safepoint] Safepoint "G1Concurrent", Time since last: 83191900 ns, Reaching safepoint: 711099 ns, At safepoint: 151201 ns, Total: 862300 ns
[94.416s][info][gc       ] GC(620) Concurrent Mark Cycle 308.877ms
[94.495s][info][gc       ] GC(622) Pause Young (Concurrent Start) (G1 Humongous Allocation) 1009M->1020M(1404M) 74.488ms
[94.495s][info][gc       ] GC(623) Concurrent Mark Cycle
[94.495s][info][safepoint] Safepoint "G1TryInitiateConcMark", Time since last: 4744600 ns, Reaching safepoint: 397500 ns, At safepoint: 74582600 ns, Total: 74980100 ns
[94.554s][info][gc       ] GC(624) Pause Young (Normal) (G1 Evacuation Pause) 1132M->1146M(1404M) 26.933ms
[94.554s][info][safepoint] Safepoint "G1CollectForAllocation", Time since last: 32342200 ns, Reaching safepoint: 198200 ns, At safepoint: 27020899 ns, Total: 27219099 ns
[94.558s][info][gc       ] GC(623) Pause Remark 1152M->424M(1404M) 0.728ms
[94.558s][info][safepoint] Safepoint "G1Concurrent", Time since last: 2782101 ns, Reaching safepoint: 517800 ns, At safepoint: 774100 ns, Total: 1291900 ns
[94.606s][info][gc       ] GC(625) Pause Young (Normal) (G1 Evacuation Pause) 506M->516M(1404M) 24.678ms
[94.606s][info][safepoint] Safepoint "G1CollectForAllocation", Time since last: 22265900 ns, Reaching safepoint: 370300 ns, At safepoint: 24760099 ns, Total: 25130399 ns
[94.703s][info][gc       ] GC(623) Pause Cleanup 852M->852M(1404M) 0.197ms
[94.703s][info][safepoint] Safepoint "G1Concurrent", Time since last: 92959601 ns, Reaching safepoint: 4395200 ns, At safepoint: 251600 ns, Total: 4646800 ns
[94.704s][info][gc       ] GC(623) Concurrent Mark Cycle 209.572ms
[94.789s][info][gc       ] GC(626) Pause Young (Prepare Mixed) (G1 Evacuation Pause) 880M->887M(1404M) 76.221ms
[94.789s][info][safepoint] Safepoint "G1CollectForAllocation", Time since last: 9454199 ns, Reaching safepoint: 166501 ns, At safepoint: 76304900 ns, Total: 76471401 ns
[94.822s][info][gc       ] GC(627) Pause Young (Mixed) (G1 Evacuation Pause) 923M->936M(1404M) 18.691ms
[94.822s][info][safepoint] Safepoint "G1CollectForAllocation", Time since last: 13991400 ns, Reaching safepoint: 79900 ns, At safepoint: 18808700 ns, Total: 18888600 ns
[94.851s][info][gc       ] GC(628) Pause Young (Concurrent Start) (G1 Humongous Allocation) 961M->966M(4092M) 19.558ms
[94.851s][info][safepoint] Safepoint "G1TryInitiateConcMark", Time since last: 9421300 ns, Reaching safepoint: 130800 ns, At safepoint: 19684299 ns, Total: 19815099 ns
[94.851s][info][gc       ] GC(629) Concurrent Undo Cycle
[94.856s][info][gc       ] GC(629) Concurrent Undo Cycle 5.086ms
[94.990s][info][gc       ] GC(630) Pause Young (Concurrent Start) (G1 Humongous Allocation) 1196M->1195M(4092M) 44.679ms
[94.990s][info][gc       ] GC(631) Concurrent Mark Cycle
[94.990s][info][safepoint] Safepoint "G1TryInitiateConcMark", Time since last: 94205501 ns, Reaching safepoint: 155300 ns, At safepoint: 44828200 ns, Total: 44983500 ns
[95.013s][info][gc       ] GC(631) Pause Remark 1279M->271M(908M) 1.211ms
[95.013s][info][safepoint] Safepoint "G1Concurrent", Time since last: 20331300 ns, Reaching safepoint: 494300 ns, At safepoint: 1306300 ns, Total: 1800600 ns
[95.028s][info][gc       ] GC(631) Pause Cleanup 323M->323M(908M) 0.149ms
[95.028s][info][safepoint] Safepoint "G1Concurrent", Time since last: 14892500 ns, Reaching safepoint: 347300 ns, At safepoint: 204400 ns, Total: 551700 ns
[95.029s][info][gc       ] GC(631) Concurrent Mark Cycle 38.618ms
[95.185s][info][gc       ] GC(632) Pause Young (Prepare Mixed) (G1 Preventive Collection) 563M->465M(908M) 99.726ms
[95.185s][info][safepoint] Safepoint "G1CollectForAllocation", Time since last: 56935900 ns, Reaching safepoint: 179900 ns, At safepoint: 99871900 ns, Total: 100051800 ns
[95.247s][info][gc       ] GC(633) Pause Young (Mixed) (G1 Evacuation Pause) 469M->462M(908M) 51.999ms
[95.247s][info][safepoint] Safepoint "G1CollectForAllocation", Time since last: 1741200 ns, Reaching safepoint: 8198400 ns, At safepoint: 52093700 ns, Total: 60292100 ns
[95.301s][info][gc       ] GC(634) Pause Young (Concurrent Start) (G1 Humongous Allocation) 560M->570M(908M) 18.976ms
[95.301s][info][safepoint] Safepoint "G1TryInitiateConcMark", Time since last: 35211900 ns, Reaching safepoint: 33200 ns, At safepoint: 19110200 ns, Total: 19143400 ns
[95.301s][info][gc       ] GC(635) Concurrent Mark Cycle
[95.381s][info][gc       ] GC(636) Pause Young (Normal) (G1 Evacuation Pause) 722M->731M(2724M) 38.419ms
[95.381s][info][safepoint] Safepoint "G1CollectForAllocation", Time since last: 41183100 ns, Reaching safepoint: 266899 ns, At safepoint: 38575701 ns, Total: 38842600 ns
[95.466s][info][gc       ] GC(635) Pause Remark 943M->819M(2724M) 0.643ms
[95.466s][info][safepoint] Safepoint "G1Concurrent", Time since last: 83337100 ns, Reaching safepoint: 426200 ns, At safepoint: 725899 ns, Total: 1152099 ns
[95.668s][info][gc       ] GC(635) Pause Cleanup 1295M->1295M(2724M) 0.121ms
[95.668s][info][safepoint] Safepoint "G1Concurrent", Time since last: 190239301 ns, Reaching safepoint: 11882399 ns, At safepoint: 197001 ns, Total: 12079400 ns
[95.670s][info][gc       ] GC(635) Concurrent Mark Cycle 368.744ms
[96.018s][info][gc       ] GC(637) Pause Young (Prepare Mixed) (G1 Evacuation Pause) 1507M->1511M(2724M) 250.165ms
[96.018s][info][safepoint] Safepoint "G1CollectForAllocation", Time since last: 99177100 ns, Reaching safepoint: 200700 ns, At safepoint: 250299900 ns, Total: 250500600 ns
[96.098s][info][gc       ] GC(638) Pause Young (Mixed) (G1 Evacuation Pause) 1579M->1587M(2724M) 53.825ms
[96.098s][info][safepoint] Safepoint "G1CollectForAllocation", Time since last: 25969999 ns, Reaching safepoint: 117600 ns, At safepoint: 53967900 ns, Total: 54085500 ns
[96.139s][info][gc       ] GC(639) Pause Young (Concurrent Start) (G1 Humongous Allocation) 1651M->1665M(2724M) 17.261ms
[96.139s][info][gc       ] GC(640) Concurrent Mark Cycle
[96.140s][info][safepoint] Safepoint "G1TryInitiateConcMark", Time since last: 24086001 ns, Reaching safepoint: 52400 ns, At safepoint: 17394600 ns, Total: 17447000 ns
[96.386s][info][gc       ] GC(641) Pause Young (Normal) (G1 Evacuation Pause) 2101M->2105M(2724M) 84.431ms
[96.386s][info][safepoint] Safepoint "G1CollectForAllocation", Time since last: 161561399 ns, Reaching safepoint: 234001 ns, At safepoint: 84603500 ns, Total: 84837501 ns
[96.425s][info][gc       ] GC(640) Pause Remark 2197M->1353M(2724M) 0.708ms
[96.425s][info][safepoint] Safepoint "G1Concurrent", Time since last: 37511500 ns, Reaching safepoint: 408600 ns, At safepoint: 794000 ns, Total: 1202600 ns
[96.511s][info][gc       ] GC(642) Pause Young (Normal) (G1 Evacuation Pause) 1453M->1464M(2724M) 61.852ms
[96.511s][info][safepoint] Safepoint "G1CollectForAllocation", Time since last: 24137300 ns, Reaching safepoint: 358500 ns, At safepoint: 61992100 ns, Total: 62350600 ns
[96.762s][info][gc       ] GC(643) Pause Young (Normal) (G1 Evacuation Pause) 1968M->1982M(4884M) 112.282ms
[96.762s][info][safepoint] Safepoint "G1CollectForAllocation", Time since last: 138003400 ns, Reaching safepoint: 436900 ns, At safepoint: 112404700 ns, Total: 112841600 ns
[96.991s][info][gc       ] GC(640) Pause Cleanup 2626M->2626M(4884M) 0.263ms
[96.991s][info][safepoint] Safepoint "G1Concurrent", Time since last: 228390200 ns, Reaching safepoint: 339500 ns, At safepoint: 324299 ns, Total: 663799 ns
[96.998s][info][gc       ] GC(640) Concurrent Mark Cycle 858.216ms
[97.351s][info][gc       ] GC(644) Pause Young (Prepare Mixed) (G1 Evacuation Pause) 2886M->2898M(4884M) 243.018ms
[97.351s][info][safepoint] Safepoint "G1CollectForAllocation", Time since last: 116363900 ns, Reaching safepoint: 202101 ns, At safepoint: 243113999 ns, Total: 243316100 ns
[97.501s][info][gc       ] GC(645) Pause Young (Mixed) (G1 Evacuation Pause) 3118M->3076M(4884M) 87.510ms
[97.501s][info][safepoint] Safepoint "G1CollectForAllocation", Time since last: 62439001 ns, Reaching safepoint: 140299 ns, At safepoint: 87607101 ns, Total: 87747400 ns
[97.519s][info][gc       ] GC(646) Pause Young (Concurrent Start) (G1 Humongous Allocation) 3078M->3091M(4884M) 17.314ms
[97.519s][info][gc       ] GC(647) Concurrent Mark Cycle
[97.519s][info][safepoint] Safepoint "G1TryInitiateConcMark", Time since last: 191000 ns, Reaching safepoint: 181500 ns, At safepoint: 17397299 ns, Total: 17578799 ns
[97.563s][info][gc       ] GC(647) Pause Remark 3203M->311M(1040M) 1.554ms
[97.564s][info][safepoint] Safepoint "G1Concurrent", Time since last: 43025701 ns, Reaching safepoint: 222700 ns, At safepoint: 1609399 ns, Total: 1832099 ns
[97.621s][info][gc       ] GC(647) Pause Cleanup 519M->519M(1040M) 0.126ms
[97.621s][info][safepoint] Safepoint "G1Concurrent", Time since last: 56805301 ns, Reaching safepoint: 698700 ns, At safepoint: 253699 ns, Total: 952399 ns
[97.622s][info][gc       ] GC(647) Concurrent Mark Cycle 103.640ms
[97.774s][info][gc       ] GC(648) Pause Young (Prepare Mixed) (G1 Preventive Collection) 711M->717M(1040M) 102.611ms
[97.775s][info][safepoint] Safepoint "G1CollectForAllocation", Time since last: 48766301 ns, Reaching safepoint: 1785200 ns, At safepoint: 102699999 ns, Total: 104485199 ns
[97.805s][info][gc       ] GC(649) Pause Young (Mixed) (G1 Evacuation Pause) 725M->734M(1040M) 23.056ms
[97.805s][info][safepoint] Safepoint "G1CollectForAllocation", Time since last: 3263101 ns, Reaching safepoint: 4437800 ns, At safepoint: 23163300 ns, Total: 27601100 ns
[97.849s][info][gc       ] GC(650) Pause Young (Concurrent Start) (G1 Humongous Allocation) 792M->801M(3120M) 17.310ms
[97.849s][info][gc       ] GC(651) Concurrent Mark Cycle
[97.849s][info][safepoint] Safepoint "G1TryInitiateConcMark", Time since last: 22348200 ns, Reaching safepoint: 3938800 ns, At safepoint: 17450600 ns, Total: 21389400 ns
[98.059s][info][gc       ] GC(651) Pause Remark 1337M->1205M(3120M) 0.706ms
[98.059s][info][safepoint] Safepoint "G1Concurrent", Time since last: 209146700 ns, Reaching safepoint: 164699 ns, At safepoint: 790401 ns, Total: 955100 ns
[98.540s][info][gc       ] GC(652) Pause Young (Normal) (G1 Evacuation Pause) 1777M->1778M(3120M) 290.922ms
[98.540s][info][safepoint] Safepoint "G1CollectForAllocation", Time since last: 189334600 ns, Reaching safepoint: 488999 ns, At safepoint: 291069901 ns, Total: 291558900 ns
[98.655s][info][gc       ] GC(651) Pause Cleanup 2094M->2094M(3120M) 0.155ms
[98.655s][info][safepoint] Safepoint "G1Concurrent", Time since last: 114064300 ns, Reaching safepoint: 980500 ns, At safepoint: 242399 ns, Total: 1222899 ns
[98.659s][info][gc       ] GC(651) Concurrent Mark Cycle 809.552ms
[98.867s][info][gc       ] GC(653) Pause Young (Prepare Mixed) (G1 Evacuation Pause) 2262M->2270M(3120M) 158.614ms
[98.867s][info][safepoint] Safepoint "G1CollectForAllocation", Time since last: 53019401 ns, Reaching safepoint: 198499 ns, At safepoint: 158712001 ns, Total: 158910500 ns
[98.981s][info][gc       ] GC(654) Pause Young (Mixed) (G1 Evacuation Pause) 2454M->2450M(3120M) 63.164ms
[98.981s][info][safepoint] Safepoint "G1CollectForAllocation", Time since last: 50242000 ns, Reaching safepoint: 199800 ns, At safepoint: 63254599 ns, Total: 63454399 ns
[99.054s][info][gc       ] GC(655) Pause Young (Concurrent Start) (G1 Humongous Allocation) 2564M->2574M(3120M) 28.611ms
[99.054s][info][safepoint] Safepoint "G1TryInitiateConcMark", Time since last: 43897400 ns, Reaching safepoint: 180201 ns, At safepoint: 28736399 ns, Total: 28916600 ns
[99.054s][info][gc       ] GC(656) Concurrent Mark Cycle
[99.167s][info][gc       ] GC(657) Pause Young (Normal) (G1 Evacuation Pause) 2854M->2862M(3120M) 47.830ms
[99.167s][info][safepoint] Safepoint "G1CollectForAllocation", Time since last: 65001001 ns, Reaching safepoint: 272200 ns, At safepoint: 47981399 ns, Total: 48253599 ns
[99.268s][info][gc       ] GC(658) Pause Young (Normal) (G1 Preventive Collection) 2998M->3012M(5124M) 47.008ms
[99.269s][info][safepoint] Safepoint "G1CollectForAllocation", Time since last: 54114801 ns, Reaching safepoint: 147700 ns, At safepoint: 47176000 ns, Total: 47323700 ns
[99.348s][info][gc       ] GC(656) Pause Remark 3198M->1318M(4400M) 1.494ms
[99.348s][info][safepoint] Safepoint "G1Concurrent", Time since last: 65146300 ns, Reaching safepoint: 13164900 ns, At safepoint: 1594000 ns, Total: 14758900 ns
[99.834s][info][gc       ] GC(659) Pause Young (Normal) (G1 Evacuation Pause) 1976M->1980M(4400M) 210.606ms
[99.834s][info][safepoint] Safepoint "G1CollectForAllocation", Time since last: 274172200 ns, Reaching safepoint: 401400 ns, At safepoint: 210727899 ns, Total: 211129299 ns
[99.933s][info][gc       ] GC(656) Pause Cleanup 2160M->2160M(4400M) 0.159ms
[99.933s][info][safepoint] Safepoint "G1Concurrent", Time since last: 98727801 ns, Reaching safepoint: 383000 ns, At safepoint: 234999 ns, Total: 617999 ns
[99.938s][info][gc       ] GC(656) Concurrent Mark Cycle 884.334ms
[100.402s][info][gc       ] GC(660) Pause Young (Prepare Mixed) (G1 Evacuation Pause) 2824M->2836M(4400M) 227.631ms
[100.402s][info][safepoint] Safepoint "G1CollectForAllocation", Time since last: 240701701 ns, Reaching safepoint: 216699 ns, At safepoint: 227709401 ns, Total: 227926100 ns
[100.559s][info][gc       ] GC(661) Pause Young (Mixed) (G1 Evacuation Pause) 3056M->3042M(4400M) 103.156ms
[100.559s][info][safepoint] Safepoint "G1CollectForAllocation", Time since last: 54012100 ns, Reaching safepoint: 182199 ns, At safepoint: 103235401 ns, Total: 103417600 ns
[100.582s][info][gc       ] GC(662) Pause Young (Concurrent Start) (G1 Humongous Allocation) 3046M->3062M(4400M) 21.460ms
[100.582s][info][gc       ] GC(663) Concurrent Mark Cycle
[100.582s][info][safepoint] Safepoint "G1TryInitiateConcMark", Time since last: 1268400 ns, Reaching safepoint: 82500 ns, At safepoint: 21609200 ns, Total: 21691700 ns
[100.643s][info][gc       ] GC(663) Pause Remark 3290M->482M(1616M) 0.943ms
[100.643s][info][safepoint] Safepoint "G1Concurrent", Time since last: 60111300 ns, Reaching safepoint: 234900 ns, At safepoint: 997700 ns, Total: 1232600 ns
[100.790s][info][gc       ] GC(664) Pause Young (Normal) (G1 Evacuation Pause) 706M->713M(1616M) 84.126ms
[100.790s][info][safepoint] Safepoint "G1CollectForAllocation", Time since last: 61393199 ns, Reaching safepoint: 525001 ns, At safepoint: 84214199 ns, Total: 84739200 ns
[100.830s][info][gc       ] GC(663) Pause Cleanup 889M->889M(1616M) 0.113ms
[100.830s][info][safepoint] Safepoint "G1Concurrent", Time since last: 28064501 ns, Reaching safepoint: 12083200 ns, At safepoint: 182300 ns, Total: 12265500 ns
[100.832s][info][gc       ] GC(663) Concurrent Mark Cycle 250.030ms
[100.992s][info][gc       ] GC(665) Pause Young (Prepare Mixed) (G1 Evacuation Pause) 1109M->1120M(1616M) 84.046ms
[100.992s][info][safepoint] Safepoint "G1CollectForAllocation", Time since last: 69996699 ns, Reaching safepoint: 7742401 ns, At safepoint: 84146700 ns, Total: 91889101 ns
[101.053s][info][gc       ] GC(666) Pause Young (Mixed) (G1 Evacuation Pause) 1188M->1188M(1616M) 30.790ms
[101.053s][info][safepoint] Safepoint "G1CollectForAllocation", Time since last: 21428100 ns, Reaching safepoint: 8748800 ns, At safepoint: 30879799 ns, Total: 39628599 ns
[101.083s][info][gc       ] GC(667) Pause Young (Concurrent Start) (G1 Humongous Allocation) 1217M->1226M(4220M) 18.088ms
[101.083s][info][safepoint] Safepoint "G1TryInitiateConcMark", Time since last: 11678901 ns, Reaching safepoint: 146100 ns, At safepoint: 18190399 ns, Total: 18336499 ns
[101.083s][info][gc       ] GC(668) Concurrent Mark Cycle
[101.138s][info][gc       ] GC(668) Pause Remark 1438M->484M(1616M) 1.194ms
[101.138s][info][safepoint] Safepoint "G1Concurrent", Time since last: 53854101 ns, Reaching safepoint: 441400 ns, At safepoint: 1261499 ns, Total: 1702899 ns
[101.217s][info][gc       ] GC(668) Pause Cleanup 684M->684M(1616M) 0.209ms
[101.217s][info][safepoint] Safepoint "G1Concurrent", Time since last: 78061301 ns, Reaching safepoint: 389699 ns, At safepoint: 307301 ns, Total: 697000 ns
[101.219s][info][gc       ] GC(668) Concurrent Mark Cycle 135.982ms
[101.514s][info][gc       ] GC(669) Pause Young (Prepare Mixed) (G1 Preventive Collection) 1066M->1064M(1616M) 156.975ms
[101.514s][info][safepoint] Safepoint "G1CollectForAllocation", Time since last: 133301199 ns, Reaching safepoint: 6103401 ns, At safepoint: 157137400 ns, Total: 163240801 ns
[101.553s][info][gc       ] GC(670) Pause Young (Mixed) (G1 Evacuation Pause) 1080M->1090M(1616M) 30.728ms
[101.553s][info][safepoint] Safepoint "G1CollectForAllocation", Time since last: 3244100 ns, Reaching safepoint: 5018000 ns, At safepoint: 30824199 ns, Total: 35842199 ns
[101.566s][info][gc       ] GC(671) Pause Young (Concurrent Start) (G1 Humongous Allocation) 1108M->1120M(1616M) 5.145ms
[101.566s][info][gc       ] GC(672) Concurrent Mark Cycle
[101.566s][info][safepoint] Safepoint "G1TryInitiateConcMark", Time since last: 6781201 ns, Reaching safepoint: 1544500 ns, At safepoint: 5221200 ns, Total: 6765700 ns
[101.599s][info][gc       ] GC(672) Pause Remark 1216M->396M(1320M) 0.695ms
[101.599s][info][safepoint] Safepoint "G1Concurrent", Time since last: 25649500 ns, Reaching safepoint: 6334500 ns, At safepoint: 757700 ns, Total: 7092200 ns
[101.658s][info][gc       ] GC(673) Pause Young (Normal) (G1 Evacuation Pause) 476M->479M(1320M) 40.143ms
[101.658s][info][safepoint] Safepoint "G1CollectForAllocation", Time since last: 18703900 ns, Reaching safepoint: 278399 ns, At safepoint: 40234501 ns, Total: 40512900 ns
[101.669s][info][gc       ] GC(672) Pause Cleanup 507M->507M(1320M) 0.157ms
[101.669s][info][safepoint] Safepoint "G1Concurrent", Time since last: 10185500 ns, Reaching safepoint: 282800 ns, At safepoint: 210000 ns, Total: 492800 ns
[101.670s][info][gc       ] GC(672) Concurrent Mark Cycle 103.889ms
[101.837s][info][gc       ] GC(674) Pause Young (Prepare Mixed) (G1 Evacuation Pause) 831M->839M(1320M) 72.844ms
[101.838s][info][safepoint] Safepoint "G1CollectForAllocation", Time since last: 95378599 ns, Reaching safepoint: 202401 ns, At safepoint: 72928400 ns, Total: 73130801 ns
[101.889s][info][gc       ] GC(675) Pause Young (Mixed) (G1 Evacuation Pause) 871M->764M(1320M) 33.053ms
[101.889s][info][safepoint] Safepoint "G1CollectForAllocation", Time since last: 18586600 ns, Reaching safepoint: 40100 ns, At safepoint: 33160000 ns, Total: 33200100 ns
[101.945s][info][gc       ] GC(676) Pause Young (Mixed) (G1 Evacuation Pause) 820M->810M(3960M) 23.670ms
[101.945s][info][safepoint] Safepoint "G1CollectForAllocation", Time since last: 32113900 ns, Reaching safepoint: 119100 ns, At safepoint: 23836300 ns, Total: 23955400 ns
[101.955s][info][gc       ] GC(677) Pause Young (Concurrent Start) (G1 Humongous Allocation) 820M->821M(3960M) 4.625ms
[101.955s][info][safepoint] Safepoint "G1TryInitiateConcMark", Time since last: 5189300 ns, Reaching safepoint: 165000 ns, At safepoint: 4699400 ns, Total: 4864400 ns
[101.955s][info][gc       ] GC(678) Concurrent Mark Cycle
[102.176s][info][gc       ] GC(678) Pause Remark 1423M->1279M(3960M) 1.754ms
[102.176s][info][safepoint] Safepoint "G1Concurrent", Time since last: 216049100 ns, Reaching safepoint: 2530699 ns, At safepoint: 1807701 ns, Total: 4338400 ns
[102.430s][info][gc       ] GC(678) Pause Cleanup 1789M->1789M(3960M) 0.177ms
[102.430s][info][safepoint] Safepoint "G1Concurrent", Time since last: 253260300 ns, Reaching safepoint: 863600 ns, At safepoint: 271100 ns, Total: 1134700 ns
[102.438s][info][gc       ] GC(678) Concurrent Mark Cycle 482.803ms
[102.720s][info][gc       ] GC(679) Pause Young (Prepare Mixed) (G1 Evacuation Pause) 1813M->1808M(3960M) 275.058ms
[102.720s][info][safepoint] Safepoint "G1CollectForAllocation", Time since last: 14760100 ns, Reaching safepoint: 184500 ns, At safepoint: 275145500 ns, Total: 275330000 ns
[102.852s][info][gc       ] GC(680) Pause Young (Mixed) (G1 Evacuation Pause) 1972M->1966M(3960M) 77.519ms
[102.852s][info][safepoint] Safepoint "G1CollectForAllocation", Time since last: 53745200 ns, Reaching safepoint: 210000 ns, At safepoint: 77637600 ns, Total: 77847600 ns
[102.879s][info][gc       ] GC(681) Pause Young (Concurrent Start) (G1 Humongous Allocation) 1978M->1980M(3960M) 22.321ms
[102.879s][info][gc       ] GC(682) Concurrent Mark Cycle
[102.879s][info][safepoint] Safepoint "G1TryInitiateConcMark", Time since last: 4784999 ns, Reaching safepoint: 128401 ns, At safepoint: 22443499 ns, Total: 22571900 ns
[102.923s][info][gc       ] GC(682) Pause Remark 2088M->304M(1028M) 1.111ms
[102.923s][info][safepoint] Safepoint "G1Concurrent", Time since last: 40138400 ns, Reaching safepoint: 2261700 ns, At safepoint: 1160900 ns, Total: 3422600 ns
[102.968s][info][gc       ] GC(682) Pause Cleanup 472M->472M(1028M) 0.175ms
[102.968s][info][safepoint] Safepoint "G1Concurrent", Time since last: 44439400 ns, Reaching safepoint: 234301 ns, At safepoint: 226800 ns, Total: 461101 ns
[102.969s][info][gc       ] GC(682) Concurrent Mark Cycle 89.566ms
[103.131s][info][gc       ] GC(683) Pause Young (Prepare Mixed) (G1 Preventive Collection) 668M->658M(1028M) 117.255ms
[103.131s][info][safepoint] Safepoint "G1CollectForAllocation", Time since last: 46022500 ns, Reaching safepoint: 269999 ns, At safepoint: 117391000 ns, Total: 117660999 ns
[103.179s][info][gc       ] GC(684) Pause Young (Mixed) (G1 Evacuation Pause) 662M->653M(3084M) 39.677ms
[103.179s][info][safepoint] Safepoint "G1CollectForAllocation", Time since last: 1793401 ns, Reaching safepoint: 6289900 ns, At safepoint: 39809600 ns, Total: 46099500 ns
[103.242s][info][gc       ] GC(685) Pause Young (Concurrent Start) (G1 Humongous Allocation) 755M->761M(3084M) 22.758ms
[103.242s][info][gc       ] GC(686) Concurrent Mark Cycle
[103.242s][info][safepoint] Safepoint "G1TryInitiateConcMark", Time since last: 38183000 ns, Reaching safepoint: 1442700 ns, At safepoint: 22886900 ns, Total: 24329600 ns
[103.438s][info][gc       ] GC(686) Pause Remark 1363M->1231M(3084M) 0.955ms
[103.438s][info][safepoint] Safepoint "G1Concurrent", Time since last: 194400400 ns, Reaching safepoint: 369400 ns, At safepoint: 1054400 ns, Total: 1423800 ns
[103.896s][info][gc       ] GC(687) Pause Young (Normal) (G1 Evacuation Pause) 1697M->1698M(3084M) 275.219ms
[103.896s][info][safepoint] Safepoint "G1CollectForAllocation", Time since last: 183161200 ns, Reaching safepoint: 298600 ns, At safepoint: 275320500 ns, Total: 275619100 ns
[104.004s][info][gc       ] GC(686) Pause Cleanup 1774M->1774M(3084M) 0.131ms
[104.004s][info][safepoint] Safepoint "G1Concurrent", Time since last: 107294599 ns, Reaching safepoint: 442601 ns, At safepoint: 208700 ns, Total: 651301 ns
[104.007s][info][gc       ] GC(686) Concurrent Mark Cycle 765.446ms
[104.286s][info][gc       ] GC(688) Pause Young (Prepare Mixed) (G1 Evacuation Pause) 2194M->2200M(3084M) 166.177ms
[104.286s][info][safepoint] Safepoint "G1CollectForAllocation", Time since last: 115466899 ns, Reaching safepoint: 200001 ns, At safepoint: 166279800 ns, Total: 166479801 ns
[104.424s][info][gc       ] GC(689) Pause Young (Mixed) (G1 Evacuation Pause) 2380M->2384M(3084M) 73.388ms
[104.424s][info][safepoint] Safepoint "G1CollectForAllocation", Time since last: 63829700 ns, Reaching safepoint: 191400 ns, At safepoint: 73477000 ns, Total: 73668400 ns
[104.508s][info][gc       ] GC(690) Pause Young (Concurrent Start) (G1 Evacuation Pause) 2516M->2534M(3084M) 35.117ms
[104.508s][info][gc       ] GC(691) Concurrent Mark Cycle
[104.508s][info][safepoint] Safepoint "G1CollectForAllocation", Time since last: 48833900 ns, Reaching safepoint: 197399 ns, At safepoint: 35252800 ns, Total: 35450199 ns
[104.618s][info][gc       ] GC(692) Pause Young (Normal) (G1 Evacuation Pause) 2794M->2798M(5100M) 45.891ms
[104.618s][info][safepoint] Safepoint "G1CollectForAllocation", Time since last: 63832000 ns, Reaching safepoint: 275801 ns, At safepoint: 46004100 ns, Total: 46279901 ns
[104.727s][info][gc       ] GC(691) Pause Remark 3046M->1210M(4040M) 0.891ms
[104.727s][info][safepoint] Safepoint "G1Concurrent", Time since last: 106286100 ns, Reaching safepoint: 1117399 ns, At safepoint: 961501 ns, Total: 2078900 ns
[105.241s][info][gc       ] GC(693) Pause Young (Normal) (G1 Evacuation Pause) 1878M->1890M(4040M) 247.587ms
[105.241s][info][safepoint] Safepoint "G1CollectForAllocation", Time since last: 266254200 ns, Reaching safepoint: 438700 ns, At safepoint: 247726999 ns, Total: 248165699 ns
[105.274s][info][gc       ] GC(691) Pause Cleanup 1990M->1990M(4040M) 0.189ms
[105.274s][info][safepoint] Safepoint "G1Concurrent", Time since last: 31608200 ns, Reaching safepoint: 892001 ns, At safepoint: 266099 ns, Total: 1158100 ns
[105.280s][info][gc       ] GC(691) Concurrent Mark Cycle 771.786ms
[105.727s][info][gc       ] GC(694) Pause Young (Prepare Mixed) (G1 Evacuation Pause) 2754M->2764M(4040M) 236.818ms
[105.727s][info][safepoint] Safepoint "G1CollectForAllocation", Time since last: 216500901 ns, Reaching safepoint: 109200 ns, At safepoint: 236912800 ns, Total: 237022000 ns
[105.843s][info][gc       ] GC(695) Pause Young (Mixed) (G1 Evacuation Pause) 2928M->2908M(4040M) 67.704ms
[105.843s][info][safepoint] Safepoint "G1CollectForAllocation", Time since last: 48071600 ns, Reaching safepoint: 73200 ns, At safepoint: 67786300 ns, Total: 67859500 ns
[105.870s][info][gc       ] GC(696) Pause Young (Concurrent Start) (G1 Humongous Allocation) 2926M->2939M(4040M) 19.101ms
[105.870s][info][gc       ] GC(697) Concurrent Mark Cycle
[105.870s][info][safepoint] Safepoint "G1TryInitiateConcMark", Time since last: 7858600 ns, Reaching safepoint: 113300 ns, At safepoint: 19168000 ns, Total: 19281300 ns
[105.895s][info][gc       ] GC(697) Pause Remark 3031M->295M(1000M) 1.254ms
[105.895s][info][safepoint] Safepoint "G1Concurrent", Time since last: 22876399 ns, Reaching safepoint: 625301 ns, At safepoint: 1341100 ns, Total: 1966401 ns
[105.927s][info][gc       ] GC(697) Pause Cleanup 411M->411M(1000M) 0.170ms
[105.927s][info][safepoint] Safepoint "G1Concurrent", Time since last: 31415800 ns, Reaching safepoint: 604399 ns, At safepoint: 207001 ns, Total: 811400 ns
[105.928s][info][gc       ] GC(697) Concurrent Mark Cycle 58.003ms
[106.049s][info][gc       ] GC(698) Pause Young (Prepare Mixed) (G1 Evacuation Pause) 547M->552M(1000M) 87.038ms
[106.049s][info][safepoint] Safepoint "G1CollectForAllocation", Time since last: 34523000 ns, Reaching safepoint: 189000 ns, At safepoint: 87139700 ns, Total: 87328700 ns
[106.074s][info][gc       ] GC(699) Pause Young (Mixed) (G1 Evacuation Pause) 568M->524M(1000M) 16.912ms
[106.074s][info][safepoint] Safepoint "G1CollectForAllocation", Time since last: 6699400 ns, Reaching safepoint: 956300 ns, At safepoint: 16980299 ns, Total: 17936599 ns
[106.095s][info][gc       ] GC(700) Pause Young (Concurrent Start) (G1 Humongous Allocation) 552M->559M(3000M) 11.025ms
[106.095s][info][safepoint] Safepoint "G1TryInitiateConcMark", Time since last: 10322700 ns, Reaching safepoint: 138901 ns, At safepoint: 11114800 ns, Total: 11253701 ns
[106.096s][info][gc       ] GC(701) Concurrent Mark Cycle
[106.232s][info][gc       ] GC(701) Pause Remark 927M->839M(2816M) 0.928ms
[106.232s][info][safepoint] Safepoint "G1Concurrent", Time since last: 135434700 ns, Reaching safepoint: 191599 ns, At safepoint: 987301 ns, Total: 1178900 ns
[106.404s][info][gc       ] GC(701) Pause Cleanup 1503M->1503M(2816M) 0.227ms
[106.405s][info][safepoint] Safepoint "G1Concurrent", Time since last: 171563000 ns, Reaching safepoint: 595599 ns, At safepoint: 330201 ns, Total: 925800 ns
[106.686s][info][gc       ] GC(702) Pause Young (Prepare Mixed) (G1 Evacuation Pause) 1503M->1502M(2816M) 280.254ms
[106.686s][info][safepoint] Safepoint "G1CollectForAllocation", Time since last: 840400 ns, Reaching safepoint: 188700 ns, At safepoint: 280411399 ns, Total: 280600099 ns
[106.687s][info][gc       ] GC(701) Concurrent Mark Cycle 591.309ms
[106.759s][info][gc       ] GC(703) Pause Young (Mixed) (G1 Evacuation Pause) 1566M->1573M(2816M) 48.290ms
[106.759s][info][safepoint] Safepoint "G1CollectForAllocation", Time since last: 24873600 ns, Reaching safepoint: 173201 ns, At safepoint: 48372099 ns, Total: 48545300 ns
[106.813s][info][gc       ] GC(704) Pause Young (Concurrent Start) (G1 Humongous Allocation) 1661M->1675M(2816M) 21.022ms
[106.813s][info][safepoint] Safepoint "G1TryInitiateConcMark", Time since last: 32007900 ns, Reaching safepoint: 141501 ns, At safepoint: 21108699 ns, Total: 21250200 ns
[106.813s][info][gc       ] GC(705) Concurrent Mark Cycle
[107.039s][info][gc       ] GC(706) Pause Young (Normal) (G1 Evacuation Pause) 2167M->2172M(2816M) 99.415ms
[107.039s][info][safepoint] Safepoint "G1CollectForAllocation", Time since last: 127030201 ns, Reaching safepoint: 138899 ns, At safepoint: 99514301 ns, Total: 99653200 ns
[107.152s][info][gc       ] GC(707) Pause Young (Normal) (G1 Evacuation Pause) 2336M->2349M(4940M) 65.105ms
[107.152s][info][safepoint] Safepoint "G1CollectForAllocation", Time since last: 47071900 ns, Reaching safepoint: 243900 ns, At safepoint: 65197000 ns, Total: 65440900 ns
[107.196s][info][gc       ] GC(705) Pause Remark 2481M->1728M(4940M) 0.792ms
[107.196s][info][safepoint] Safepoint "G1Concurrent", Time since last: 24033600 ns, Reaching safepoint: 19155499 ns, At safepoint: 856300 ns, Total: 20011799 ns
[107.756s][info][gc       ] GC(708) Pause Young (Normal) (G1 Evacuation Pause) 2544M->2552M(4940M) 221.972ms
[107.756s][info][safepoint] Safepoint "G1CollectForAllocation", Time since last: 337957301 ns, Reaching safepoint: 310800 ns, At safepoint: 222132499 ns, Total: 222443299 ns
[107.828s][info][gc       ] GC(705) Pause Cleanup 2560M->2560M(4940M) 0.193ms
[107.828s][info][safepoint] Safepoint "G1Concurrent", Time since last: 71211600 ns, Reaching safepoint: 458101 ns, At safepoint: 272400 ns, Total: 730501 ns
[107.841s][info][gc       ] GC(705) Concurrent Mark Cycle 1028.356ms
[108.245s][info][gc       ] GC(709) Pause Young (Prepare Mixed) (G1 Evacuation Pause) 3376M->3390M(4940M) 190.243ms
[108.245s][info][safepoint] Safepoint "G1CollectForAllocation", Time since last: 226442400 ns, Reaching safepoint: 203799 ns, At safepoint: 190386201 ns, Total: 190590000 ns
[108.437s][info][gc       ] GC(710) Pause Young (Mixed) (G1 Evacuation Pause) 3694M->3614M(4940M) 90.257ms
[108.437s][info][safepoint] Safepoint "G1CollectForAllocation", Time since last: 101399499 ns, Reaching safepoint: 220900 ns, At safepoint: 90379501 ns, Total: 90600401 ns
[108.501s][info][gc       ] GC(711) Pause Young (Concurrent Start) (G1 Humongous Allocation) 3716M->3728M(4940M) 26.726ms
[108.501s][info][gc       ] GC(712) Concurrent Mark Cycle
[108.501s][info][safepoint] Safepoint "G1TryInitiateConcMark", Time since last: 36539800 ns, Reaching safepoint: 153099 ns, At safepoint: 26874301 ns, Total: 27027400 ns
[108.748s][info][gc       ] GC(713) Pause Young (Normal) (G1 Evacuation Pause) 4144M->4154M(4940M) 81.777ms
[108.748s][info][safepoint] Safepoint "G1CollectForAllocation", Time since last: 165087600 ns, Reaching safepoint: 132600 ns, At safepoint: 81866100 ns, Total: 81998700 ns
[108.781s][info][gc       ] GC(712) Pause Remark 4234M->1222M(4080M) 1.270ms
[108.781s][info][safepoint] Safepoint "G1Concurrent", Time since last: 31401200 ns, Reaching safepoint: 357100 ns, At safepoint: 1320800 ns, Total: 1677900 ns
[108.965s][info][gc       ] GC(714) Pause Young (Normal) (G1 Evacuation Pause) 1526M->1536M(4080M) 107.636ms
[108.965s][info][safepoint] Safepoint "G1CollectForAllocation", Time since last: 75872000 ns, Reaching safepoint: 236199 ns, At safepoint: 107743900 ns, Total: 107980099 ns
[109.481s][info][gc       ] GC(715) Pause Young (Normal) (G1 Evacuation Pause) 2480M->2490M(5700M) 255.585ms
[109.481s][info][safepoint] Safepoint "G1CollectForAllocation", Time since last: 260303201 ns, Reaching safepoint: 315500 ns, At safepoint: 255715900 ns, Total: 256031400 ns
[109.517s][info][gc       ] GC(712) Pause Cleanup 2554M->2554M(5700M) 0.176ms
[109.518s][info][safepoint] Safepoint "G1Concurrent", Time since last: 35550900 ns, Reaching safepoint: 506700 ns, At safepoint: 258900 ns, Total: 765600 ns
[109.533s][info][gc       ] GC(712) Concurrent Mark Cycle 1031.994ms
[110.032s][info][gc       ] GC(716) Pause Young (Prepare Mixed) (G1 Evacuation Pause) 3266M->3276M(5700M) 217.779ms
[110.032s][info][safepoint] Safepoint "G1CollectForAllocation", Time since last: 296821800 ns, Reaching safepoint: 166600 ns, At safepoint: 217893500 ns, Total: 218060100 ns
[110.209s][info][gc       ] GC(717) Pause Young (Mixed) (G1 Evacuation Pause) 3568M->3552M(5700M) 96.933ms
[110.209s][info][safepoint] Safepoint "G1CollectForAllocation", Time since last: 79698200 ns, Reaching safepoint: 197500 ns, At safepoint: 97058100 ns, Total: 97255600 ns
[110.234s][info][gc       ] GC(718) Pause Young (Concurrent Start) (G1 Humongous Allocation) 3574M->3592M(5700M) 15.602ms
[110.234s][info][gc       ] GC(719) Concurrent Mark Cycle
[110.234s][info][safepoint] Safepoint "G1TryInitiateConcMark", Time since last: 8682400 ns, Reaching safepoint: 154100 ns, At safepoint: 15732099 ns, Total: 15886199 ns
[110.450s][info][gc       ] GC(719) Pause Remark 4380M->1582M(5280M) 1.720ms
[110.450s][info][safepoint] Safepoint "G1Concurrent", Time since last: 203719300 ns, Reaching safepoint: 10172601 ns, At safepoint: 1832999 ns, Total: 12005600 ns
[110.707s][info][gc       ] GC(720) Pause Young (Normal) (G1 Evacuation Pause) 1638M->1637M(5280M) 213.784ms
[110.707s][info][safepoint] Safepoint "G1CollectForAllocation", Time since last: 42834601 ns, Reaching safepoint: 351600 ns, At safepoint: 213920600 ns, Total: 214272200 ns
[111.153s][info][gc       ] GC(721) Pause Young (Normal) (G1 Evacuation Pause) 2381M->2390M(5280M) 198.792ms
[111.153s][info][safepoint] Safepoint "G1CollectForAllocation", Time since last: 246798900 ns, Reaching safepoint: 406300 ns, At safepoint: 198884800 ns, Total: 199291100 ns
[111.305s][info][gc       ] GC(719) Pause Cleanup 2838M->2838M(5280M) 0.207ms
[111.305s][info][safepoint] Safepoint "G1Concurrent", Time since last: 151792199 ns, Reaching safepoint: 115101 ns, At safepoint: 303900 ns, Total: 419001 ns
[111.311s][info][gc       ] GC(719) Concurrent Mark Cycle 1077.362ms
[111.576s][info][gc       ] GC(722) Pause Young (Prepare Mixed) (G1 Evacuation Pause) 3122M->3134M(5280M) 185.892ms
[111.576s][info][safepoint] Safepoint "G1CollectForAllocation", Time since last: 84946099 ns, Reaching safepoint: 191501 ns, At safepoint: 185983600 ns, Total: 186175101 ns
[111.780s][info][gc       ] GC(723) Pause Young (Mixed) (G1 Evacuation Pause) 3502M->3464M(6420M) 100.382ms
[111.780s][info][safepoint] Safepoint "G1CollectForAllocation", Time since last: 103462100 ns, Reaching safepoint: 204700 ns, At safepoint: 100547800 ns, Total: 100752500 ns
[111.902s][info][gc       ] GC(724) Pause Young (Concurrent Start) (G1 Humongous Allocation) 3610M->3624M(6420M) 46.852ms
[111.902s][info][gc       ] GC(725) Concurrent Mark Cycle
[111.902s][info][safepoint] Safepoint "G1TryInitiateConcMark", Time since last: 74387300 ns, Reaching safepoint: 209199 ns, At safepoint: 46980201 ns, Total: 47189400 ns
[112.103s][info][gc       ] GC(725) Pause Remark 4226M->1362M(4548M) 1.959ms
[112.103s][info][safepoint] Safepoint "G1Concurrent", Time since last: 186717400 ns, Reaching safepoint: 12117600 ns, At safepoint: 2036900 ns, Total: 14154500 ns
[112.383s][info][gc       ] GC(726) Pause Young (Normal) (G1 Evacuation Pause) 1592M->1600M(4548M) 213.390ms
[112.383s][info][safepoint] Safepoint "G1CollectForAllocation", Time since last: 66460900 ns, Reaching safepoint: 473200 ns, At safepoint: 213581300 ns, Total: 214054500 ns
[112.656s][info][gc       ] GC(725) Pause Cleanup 2324M->2324M(4548M) 0.170ms
[112.656s][info][safepoint] Safepoint "G1Concurrent", Time since last: 272310700 ns, Reaching safepoint: 428200 ns, At safepoint: 226000 ns, Total: 654200 ns
[112.660s][info][gc       ] GC(725) Concurrent Mark Cycle 757.673ms
[112.891s][info][gc       ] GC(727) Pause Young (Prepare Mixed) (G1 Evacuation Pause) 2352M->2360M(4548M) 224.746ms
[112.892s][info][safepoint] Safepoint "G1CollectForAllocation", Time since last: 10122500 ns, Reaching safepoint: 167799 ns, At safepoint: 224862901 ns, Total: 225030700 ns
[113.038s][info][gc       ] GC(728) Pause Young (Mixed) (G1 Evacuation Pause) 2596M->2574M(4548M) 79.037ms
[113.038s][info][safepoint] Safepoint "G1CollectForAllocation", Time since last: 66886800 ns, Reaching safepoint: 186099 ns, At safepoint: 79167801 ns, Total: 79353900 ns
[113.087s][info][gc       ] GC(729) Pause Young (Concurrent Start) (G1 Humongous Allocation) 2644M->2662M(4548M) 21.193ms
[113.087s][info][gc       ] GC(730) Concurrent Mark Cycle
[113.087s][info][safepoint] Safepoint "G1TryInitiateConcMark", Time since last: 27567999 ns, Reaching safepoint: 114001 ns, At safepoint: 21315999 ns, Total: 21430000 ns
[113.308s][info][gc       ] GC(730) Pause Remark 3450M->1578M(4548M) 2.210ms
[113.308s][info][safepoint] Safepoint "G1Concurrent", Time since last: 195887700 ns, Reaching safepoint: 22798601 ns, At safepoint: 2318799 ns, Total: 25117400 ns
[113.529s][info][gc       ] GC(731) Pause Young (Normal) (G1 Evacuation Pause) 1598M->1604M(4548M) 211.085ms
[113.530s][info][safepoint] Safepoint "G1CollectForAllocation", Time since last: 10156300 ns, Reaching safepoint: 443500 ns, At safepoint: 211223200 ns, Total: 211666700 ns
[114.007s][info][gc       ] GC(732) Pause Young (Normal) (G1 Evacuation Pause) 2356M->2360M(5980M) 228.715ms
[114.007s][info][safepoint] Safepoint "G1CollectForAllocation", Time since last: 248443201 ns, Reaching safepoint: 304099 ns, At safepoint: 228827201 ns, Total: 229131300 ns
[114.216s][info][gc       ] GC(730) Pause Cleanup 2948M->2948M(5980M) 0.235ms
[114.216s][info][safepoint] Safepoint "G1Concurrent", Time since last: 207971500 ns, Reaching safepoint: 431699 ns, At safepoint: 307800 ns, Total: 739499 ns
[114.224s][info][gc       ] GC(730) Concurrent Mark Cycle 1137.426ms
[114.423s][info][gc       ] GC(733) Pause Young (Prepare Mixed) (G1 Evacuation Pause) 3044M->3050M(5980M) 171.718ms
[114.423s][info][safepoint] Safepoint "G1CollectForAllocation", Time since last: 35710201 ns, Reaching safepoint: 103100 ns, At safepoint: 171805900 ns, Total: 171909000 ns
[114.611s][info][gc       ] GC(734) Pause Young (Mixed) (G1 Evacuation Pause) 3398M->3364M(5980M) 94.106ms
[114.611s][info][safepoint] Safepoint "G1CollectForAllocation", Time since last: 93586400 ns, Reaching safepoint: 163400 ns, At safepoint: 94237000 ns, Total: 94400400 ns
[114.632s][info][gc       ] GC(735) Pause Young (Concurrent Start) (G1 Humongous Allocation) 3368M->3371M(5980M) 18.906ms
[114.632s][info][gc       ] GC(736) Concurrent Mark Cycle
[114.632s][info][safepoint] Safepoint "G1TryInitiateConcMark", Time since last: 1349900 ns, Reaching safepoint: 74400 ns, At safepoint: 19034999 ns, Total: 19109399 ns
[114.775s][info][gc       ] GC(736) Pause Remark 3915M->1067M(3560M) 1.484ms
[114.775s][info][safepoint] Safepoint "G1Concurrent", Time since last: 141015501 ns, Reaching safepoint: 277499 ns, At safepoint: 1560601 ns, Total: 1838100 ns
[115.052s][info][gc       ] GC(737) Pause Young (Normal) (G1 Evacuation Pause) 1379M->1377M(3560M) 195.408ms
[115.052s][info][safepoint] Safepoint "G1CollectForAllocation", Time since last: 81176000 ns, Reaching safepoint: 351500 ns, At safepoint: 195545900 ns, Total: 195897400 ns
[115.217s][info][gc       ] GC(736) Pause Cleanup 1825M->1825M(3560M) 0.143ms
[115.217s][info][safepoint] Safepoint "G1Concurrent", Time since last: 164731800 ns, Reaching safepoint: 674600 ns, At safepoint: 200000 ns, Total: 874600 ns
[115.220s][info][gc       ] GC(736) Concurrent Mark Cycle 588.148ms
[115.510s][info][gc       ] GC(738) Pause Young (Prepare Mixed) (G1 Evacuation Pause) 2125M->2134M(3560M) 195.807ms
[115.510s][info][safepoint] Safepoint "G1CollectForAllocation", Time since last: 96058600 ns, Reaching safepoint: 146200 ns, At safepoint: 195900099 ns, Total: 196046299 ns
[115.626s][info][gc       ] GC(739) Pause Young (Mixed) (G1 Evacuation Pause) 2334M->2318M(3560M) 66.163ms
[115.626s][info][safepoint] Safepoint "G1CollectForAllocation", Time since last: 49897801 ns, Reaching safepoint: 158199 ns, At safepoint: 66257200 ns, Total: 66415399 ns
[115.700s][info][gc       ] GC(740) Pause Young (Concurrent Start) (G1 Humongous Allocation) 2404M->2418M(5388M) 26.866ms
[115.700s][info][safepoint] Safepoint "G1TryInitiateConcMark", Time since last: 46728501 ns, Reaching safepoint: 133899 ns, At safepoint: 26991601 ns, Total: 27125500 ns
[115.700s][info][gc       ] GC(741) Concurrent Mark Cycle
[115.819s][info][gc       ] GC(741) Pause Remark 2870M->1022M(3416M) 1.382ms
[115.819s][info][safepoint] Safepoint "G1Concurrent", Time since last: 117287200 ns, Reaching safepoint: 858299 ns, At safepoint: 1450201 ns, Total: 2308500 ns
[116.156s][info][gc       ] GC(742) Pause Young (Normal) (G1 Evacuation Pause) 1442M->1446M(3416M) 188.217ms
[116.156s][info][safepoint] Safepoint "G1CollectForAllocation", Time since last: 140360000 ns, Reaching safepoint: 8442100 ns, At safepoint: 188313200 ns, Total: 196755300 ns
[116.202s][info][gc       ] GC(741) Pause Cleanup 1466M->1466M(3416M) 0.156ms
[116.202s][info][safepoint] Safepoint "G1Concurrent", Time since last: 44880900 ns, Reaching safepoint: 401500 ns, At safepoint: 232300 ns, Total: 633800 ns
[116.207s][info][gc       ] GC(741) Concurrent Mark Cycle 507.047ms
[116.597s][info][gc       ] GC(743) Pause Young (Prepare Mixed) (G1 Evacuation Pause) 2246M->2256M(3416M) 183.080ms
[116.597s][info][safepoint] Safepoint "G1CollectForAllocation", Time since last: 212101799 ns, Reaching safepoint: 180201 ns, At safepoint: 183202600 ns, Total: 183382801 ns
[116.701s][info][gc       ] GC(744) Pause Young (Mixed) (G1 Evacuation Pause) 2408M->2386M(3416M) 60.177ms
[116.701s][info][safepoint] Safepoint "G1CollectForAllocation", Time since last: 43080199 ns, Reaching safepoint: 198501 ns, At safepoint: 60260100 ns, Total: 60458601 ns
[116.744s][info][gc       ] GC(745) Pause Young (Concurrent Start) (G1 Humongous Allocation) 2452M->2460M(3416M) 17.831ms
[116.744s][info][safepoint] Safepoint "G1TryInitiateConcMark", Time since last: 24675100 ns, Reaching safepoint: 163000 ns, At safepoint: 17912199 ns, Total: 18075199 ns
[116.744s][info][gc       ] GC(746) Concurrent Mark Cycle
[116.939s][info][gc       ] GC(747) Pause Young (Normal) (G1 Evacuation Pause) 2844M->2851M(3416M) 75.775ms
[116.939s][info][safepoint] Safepoint "G1CollectForAllocation", Time since last: 119245501 ns, Reaching safepoint: 224799 ns, At safepoint: 75879801 ns, Total: 76104600 ns
[116.947s][info][gc       ] GC(746) Pause Remark 2867M->977M(3268M) 1.232ms
[116.947s][info][safepoint] Safepoint "G1Concurrent", Time since last: 5709800 ns, Reaching safepoint: 579100 ns, At safepoint: 1270200 ns, Total: 1849300 ns
[117.054s][info][gc       ] GC(748) Pause Young (Normal) (G1 Evacuation Pause) 1153M->1163M(5212M) 60.054ms
[117.054s][info][safepoint] Safepoint "G1CollectForAllocation", Time since last: 46419800 ns, Reaching safepoint: 410500 ns, At safepoint: 60215100 ns, Total: 60625600 ns
[117.273s][info][gc       ] GC(746) Pause Cleanup 1891M->1891M(5212M) 0.212ms
[117.273s][info][safepoint] Safepoint "G1Concurrent", Time since last: 206468500 ns, Reaching safepoint: 12396999 ns, At safepoint: 363801 ns, Total: 12760800 ns
[117.280s][info][gc       ] GC(746) Concurrent Mark Cycle 536.072ms
[117.691s][info][gc       ] GC(749) Pause Young (Prepare Mixed) (G1 Evacuation Pause) 2291M->2295M(5212M) 258.676ms
[117.691s][info][safepoint] Safepoint "G1CollectForAllocation", Time since last: 159198200 ns, Reaching safepoint: 213300 ns, At safepoint: 258807300 ns, Total: 259020600 ns
[117.862s][info][gc       ] GC(750) Pause Young (Mixed) (G1 Evacuation Pause) 2599M->2577M(5212M) 98.759ms
[117.863s][info][safepoint] Safepoint "G1CollectForAllocation", Time since last: 72213800 ns, Reaching safepoint: 229199 ns, At safepoint: 98919301 ns, Total: 99148500 ns
[117.944s][info][gc       ] GC(751) Pause Young (Concurrent Start) (G1 Humongous Allocation) 2697M->2707M(5212M) 37.161ms
[117.944s][info][gc       ] GC(752) Concurrent Mark Cycle
[117.944s][info][safepoint] Safepoint "G1TryInitiateConcMark", Time since last: 44423900 ns, Reaching safepoint: 176300 ns, At safepoint: 37313400 ns, Total: 37489700 ns
[118.125s][info][gc       ] GC(752) Pause Remark 3399M->1458M(4868M) 1.047ms
[118.125s][info][safepoint] Safepoint "G1Concurrent", Time since last: 178635400 ns, Reaching safepoint: 435800 ns, At safepoint: 1096500 ns, Total: 1532300 ns
[118.466s][info][gc       ] GC(753) Pause Young (Normal) (G1 Evacuation Pause) 1662M->1669M(4868M) 255.682ms
[118.466s][info][safepoint] Safepoint "G1CollectForAllocation", Time since last: 85029300 ns, Reaching safepoint: 383399 ns, At safepoint: 255786700 ns, Total: 256170099 ns
[118.716s][info][gc       ] GC(752) Pause Cleanup 2409M->2409M(4868M) 0.201ms
[118.716s][info][safepoint] Safepoint "G1Concurrent", Time since last: 249183900 ns, Reaching safepoint: 886700 ns, At safepoint: 262201 ns, Total: 1148901 ns
[118.933s][info][gc       ] GC(754) Pause Young (Prepare Mixed) (G1 Evacuation Pause) 2417M->2426M(4868M) 213.558ms
[118.933s][info][safepoint] Safepoint "G1CollectForAllocation", Time since last: 3115300 ns, Reaching safepoint: 187200 ns, At safepoint: 213647700 ns, Total: 213834900 ns
[118.936s][info][gc       ] GC(752) Concurrent Mark Cycle 991.284ms
[119.147s][info][gc       ] GC(755) Pause Young (Mixed) (G1 Evacuation Pause) 2798M->2772M(4868M) 126.127ms
[119.147s][info][safepoint] Safepoint "G1CollectForAllocation", Time since last: 88079999 ns, Reaching safepoint: 85601 ns, At safepoint: 126226900 ns, Total: 126312501 ns
[119.218s][info][gc       ] GC(756) Pause Young (Concurrent Start) (G1 Humongous Allocation) 2875M->2884M(6172M) 34.296ms
[119.218s][info][safepoint] Safepoint "G1TryInitiateConcMark", Time since last: 35980600 ns, Reaching safepoint: 145099 ns, At safepoint: 34396301 ns, Total: 34541400 ns
[119.218s][info][gc       ] GC(757) Concurrent Undo Cycle
[119.225s][info][gc       ] GC(757) Concurrent Undo Cycle 6.636ms
[119.249s][info][gc       ] GC(758) Pause Young (Concurrent Start) (G1 Humongous Allocation) 2920M->2936M(6172M) 21.766ms
[119.249s][info][safepoint] Safepoint "G1TryInitiateConcMark", Time since last: 9330300 ns, Reaching safepoint: 162000 ns, At safepoint: 21852700 ns, Total: 22014700 ns
[119.249s][info][gc       ] GC(759) Concurrent Mark Cycle
[119.271s][info][gc       ] GC(759) Pause Remark 3016M->322M(1096M) 1.144ms
[119.271s][info][safepoint] Safepoint "G1Concurrent", Time since last: 20393500 ns, Reaching safepoint: 544400 ns, At safepoint: 1211200 ns, Total: 1755600 ns
[119.311s][info][gc       ] GC(759) Pause Cleanup 474M->474M(1096M) 0.138ms
[119.311s][info][safepoint] Safepoint "G1Concurrent", Time since last: 38944400 ns, Reaching safepoint: 426700 ns, At safepoint: 195199 ns, Total: 621899 ns
[119.312s][info][gc       ] GC(759) Concurrent Mark Cycle 62.431ms
[119.485s][info][gc       ] GC(760) Pause Young (Prepare Mixed) (G1 Preventive Collection) 684M->685M(1096M) 115.564ms
[119.485s][info][safepoint] Safepoint "G1CollectForAllocation", Time since last: 58086501 ns, Reaching safepoint: 188200 ns, At safepoint: 115696900 ns, Total: 115885100 ns
[119.548s][info][gc       ] GC(761) Pause Young (Mixed) (G1 Evacuation Pause) 769M->719M(1096M) 48.487ms
[119.548s][info][safepoint] Safepoint "G1CollectForAllocation", Time since last: 14085100 ns, Reaching safepoint: 143300 ns, At safepoint: 48575400 ns, Total: 48718700 ns
[119.594s][info][gc       ] GC(762) Pause Young (Concurrent Start) (G1 Evacuation Pause) 795M->801M(1096M) 15.666ms
[119.594s][info][gc       ] GC(763) Concurrent Mark Cycle
[119.594s][info][safepoint] Safepoint "G1CollectForAllocation", Time since last: 30512500 ns, Reaching safepoint: 35300 ns, At safepoint: 15760900 ns, Total: 15796200 ns
[119.629s][info][gc       ] GC(764) Pause Young (Normal) (G1 Evacuation Pause) 853M->861M(3288M) 15.769ms
[119.629s][info][safepoint] Safepoint "G1CollectForAllocation", Time since last: 18975499 ns, Reaching safepoint: 236501 ns, At safepoint: 15869900 ns, Total: 16106401 ns
[119.774s][info][gc       ] GC(763) Pause Remark 1293M->1059M(3288M) 0.902ms
[119.774s][info][safepoint] Safepoint "G1Concurrent", Time since last: 142454099 ns, Reaching safepoint: 1175701 ns, At safepoint: 994800 ns, Total: 2170501 ns
[120.005s][info][gc       ] GC(763) Pause Cleanup 1583M->1583M(3288M) 0.200ms
[120.005s][info][safepoint] Safepoint "G1Concurrent", Time since last: 229859699 ns, Reaching safepoint: 930201 ns, At safepoint: 307199 ns, Total: 1237400 ns
[120.007s][info][gc       ] GC(763) Concurrent Mark Cycle 412.989ms
[120.308s][info][gc       ] GC(765) Pause Young (Prepare Mixed) (G1 Evacuation Pause) 1747M->1748M(3288M) 259.972ms
[120.309s][info][safepoint] Safepoint "G1CollectForAllocation", Time since last: 43260001 ns, Reaching safepoint: 168600 ns, At safepoint: 260160400 ns, Total: 260329000 ns
[120.396s][info][gc       ] GC(766) Pause Young (Mixed) (G1 Evacuation Pause) 1836M->1830M(3288M) 58.412ms
[120.396s][info][safepoint] Safepoint "G1CollectForAllocation", Time since last: 28626900 ns, Reaching safepoint: 158600 ns, At safepoint: 58495000 ns, Total: 58653600 ns
[120.403s][info][gc       ] GC(767) Pause Young (Concurrent Start) (G1 Humongous Allocation) 1832M->1834M(3288M) 6.046ms
[120.403s][info][gc       ] GC(768) Concurrent Mark Cycle
[120.403s][info][safepoint] Safepoint "G1TryInitiateConcMark", Time since last: 569300 ns, Reaching safepoint: 131700 ns, At safepoint: 6119900 ns, Total: 6251600 ns
[120.417s][info][gc       ] GC(768) Pause Remark 1882M->178M(616M) 0.892ms
[120.417s][info][safepoint] Safepoint "G1Concurrent", Time since last: 13070000 ns, Reaching safepoint: 378199 ns, At safepoint: 944501 ns, Total: 1322700 ns
[120.431s][info][gc       ] GC(768) Pause Cleanup 230M->230M(616M) 0.057ms
[120.431s][info][safepoint] Safepoint "G1Concurrent", Time since last: 10615900 ns, Reaching safepoint: 3026200 ns, At safepoint: 102200 ns, Total: 3128400 ns
[120.431s][info][gc       ] GC(768) Concurrent Mark Cycle 28.483ms
[120.540s][info][gc       ] GC(769) Pause Young (Prepare Mixed) (G1 Preventive Collection) 402M->378M(616M) 66.294ms
[120.540s][info][safepoint] Safepoint "G1CollectForAllocation", Time since last: 43190400 ns, Reaching safepoint: 120900 ns, At safepoint: 66377699 ns, Total: 66498599 ns
[120.580s][info][gc       ] GC(770) Pause Young (Mixed) (G1 Evacuation Pause) 382M->342M(616M) 31.535ms
[120.580s][info][safepoint] Safepoint "G1CollectForAllocation", Time since last: 1738501 ns, Reaching safepoint: 6639500 ns, At safepoint: 31613900 ns, Total: 38253400 ns
[120.602s][info][gc       ] GC(771) Pause Young (Concurrent Start) (G1 Humongous Allocation) 373M->376M(1848M) 9.112ms
[120.602s][info][safepoint] Safepoint "G1TryInitiateConcMark", Time since last: 11957800 ns, Reaching safepoint: 174400 ns, At safepoint: 9203100 ns, Total: 9377500 ns
[120.602s][info][gc       ] GC(772) Concurrent Mark Cycle
[120.693s][info][gc       ] GC(772) Pause Remark 712M->636M(1848M) 1.005ms
[120.693s][info][safepoint] Safepoint "G1Concurrent", Time since last: 89875300 ns, Reaching safepoint: 281800 ns, At safepoint: 1089400 ns, Total: 1371200 ns
[120.914s][info][gc       ] GC(773) Pause Young (Normal) (G1 Evacuation Pause) 976M->975M(1848M) 132.976ms
[120.914s][info][safepoint] Safepoint "G1CollectForAllocation", Time since last: 87725699 ns, Reaching safepoint: 395501 ns, At safepoint: 133115800 ns, Total: 133511301 ns
[120.969s][info][gc       ] GC(772) Pause Cleanup 1035M->1035M(1848M) 0.098ms
[120.969s][info][safepoint] Safepoint "G1Concurrent", Time since last: 54386199 ns, Reaching safepoint: 628900 ns, At safepoint: 169401 ns, Total: 798301 ns
[120.971s][info][gc       ] GC(772) Concurrent Mark Cycle 369.289ms
[121.157s][info][gc       ] GC(774) Pause Young (Prepare Mixed) (G1 Evacuation Pause) 1327M->1342M(1848M) 106.061ms
[121.157s][info][safepoint] Safepoint "G1CollectForAllocation", Time since last: 80960000 ns, Reaching safepoint: 175100 ns, At safepoint: 106144000 ns, Total: 106319100 ns
[121.204s][info][gc       ] GC(775) Pause Young (Mixed) (G1 Evacuation Pause) 1398M->1402M(1848M) 24.635ms
[121.204s][info][safepoint] Safepoint "G1CollectForAllocation", Time since last: 22113300 ns, Reaching safepoint: 39900 ns, At safepoint: 24719400 ns, Total: 24759300 ns
[121.220s][info][gc       ] GC(776) Pause Young (Concurrent Start) (G1 Humongous Allocation) 1425M->1437M(1848M) 7.277ms
[121.220s][info][gc       ] GC(777) Concurrent Mark Cycle
[121.220s][info][safepoint] Safepoint "G1TryInitiateConcMark", Time since last: 8572000 ns, Reaching safepoint: 138500 ns, At safepoint: 7341899 ns, Total: 7480399 ns
[121.285s][info][gc       ] GC(778) Pause Young (Normal) (G1 Evacuation Pause) 1597M->1600M(1848M) 26.231ms
[121.285s][info][safepoint] Safepoint "G1CollectForAllocation", Time since last: 39102901 ns, Reaching safepoint: 158700 ns, At safepoint: 26319300 ns, Total: 26478000 ns
[121.337s][info][gc       ] GC(779) Pause Young (Normal) (G1 Preventive Collection) 1680M->1684M(4360M) 21.477ms
[121.337s][info][safepoint] Safepoint "G1CollectForAllocation", Time since last: 30330700 ns, Reaching safepoint: 139600 ns, At safepoint: 21727600 ns, Total: 21867200 ns
[121.408s][info][gc       ] GC(777) Pause Remark 1848M->990M(3308M) 0.932ms
[121.408s][info][safepoint] Safepoint "G1Concurrent", Time since last: 68931899 ns, Reaching safepoint: 334701 ns, At safepoint: 980500 ns, Total: 1315201 ns
[121.629s][info][gc       ] GC(777) Pause Cleanup 1518M->1518M(3308M) 0.227ms
[121.629s][info][safepoint] Safepoint "G1Concurrent", Time since last: 220954099 ns, Reaching safepoint: 311500 ns, At safepoint: 296401 ns, Total: 607901 ns
[121.634s][info][gc       ] GC(777) Concurrent Mark Cycle 414.184ms
[122.140s][info][gc       ] GC(780) Pause Young (Prepare Mixed) (G1 Evacuation Pause) 1998M->1997M(3308M) 300.373ms
[122.140s][info][safepoint] Safepoint "G1CollectForAllocation", Time since last: 210433400 ns, Reaching safepoint: 208400 ns, At safepoint: 300512800 ns, Total: 300721200 ns
[122.250s][info][gc       ] GC(781) Pause Young (Mixed) (G1 Evacuation Pause) 2125M->2112M(3308M) 68.243ms
[122.250s][info][safepoint] Safepoint "G1CollectForAllocation", Time since last: 40820100 ns, Reaching safepoint: 137800 ns, At safepoint: 68331800 ns, Total: 68469600 ns
[122.269s][info][gc       ] GC(782) Pause Young (Concurrent Start) (G1 Humongous Allocation) 2124M->2146M(3308M) 14.851ms
[122.270s][info][safepoint] Safepoint "G1TryInitiateConcMark", Time since last: 4774399 ns, Reaching safepoint: 155101 ns, At safepoint: 14961600 ns, Total: 15116701 ns
[122.270s][info][gc       ] GC(783) Concurrent Mark Cycle
[122.307s][info][gc       ] GC(783) Pause Remark 2286M->368M(1240M) 1.112ms
[122.307s][info][safepoint] Safepoint "G1Concurrent", Time since last: 35939400 ns, Reaching safepoint: 744900 ns, At safepoint: 1197999 ns, Total: 1942899 ns
[122.357s][info][gc       ] GC(783) Pause Cleanup 548M->548M(1240M) 0.177ms
[122.357s][info][safepoint] Safepoint "G1Concurrent", Time since last: 48639601 ns, Reaching safepoint: 252200 ns, At safepoint: 231599 ns, Total: 483799 ns
[122.358s][info][gc       ] GC(783) Concurrent Mark Cycle 88.672ms
[122.484s][info][gc       ] GC(784) Pause Young (Prepare Mixed) (G1 Evacuation Pause) 676M->676M(1240M) 99.999ms
[122.484s][info][safepoint] Safepoint "G1CollectForAllocation", Time since last: 26925200 ns, Reaching safepoint: 177101 ns, At safepoint: 100131699 ns, Total: 100308800 ns
[122.514s][info][gc       ] GC(785) Pause Young (Mixed) (G1 Evacuation Pause) 700M->682M(1240M) 20.243ms
[122.514s][info][safepoint] Safepoint "G1CollectForAllocation", Time since last: 10015301 ns, Reaching safepoint: 148300 ns, At safepoint: 20431799 ns, Total: 20580099 ns
[122.588s][info][gc       ] GC(786) Pause Young (Concurrent Start) (G1 Humongous Allocation) 788M->797M(3720M) 29.271ms
[122.588s][info][safepoint] Safepoint "G1TryInitiateConcMark", Time since last: 37348101 ns, Reaching safepoint: 6755800 ns, At safepoint: 29366500 ns, Total: 36122300 ns
[122.588s][info][gc       ] GC(787) Concurrent Undo Cycle
[122.592s][info][gc       ] GC(787) Concurrent Undo Cycle 4.203ms
[122.688s][info][gc       ] GC(788) Pause Young (Concurrent Start) (G1 Humongous Allocation) 1027M->1034M(3720M) 38.030ms
[122.688s][info][safepoint] Safepoint "G1TryInitiateConcMark", Time since last: 62090399 ns, Reaching safepoint: 136600 ns, At safepoint: 38144300 ns, Total: 38280900 ns
[122.688s][info][gc       ] GC(789) Concurrent Mark Cycle
[122.710s][info][gc       ] GC(789) Pause Remark 1118M->278M(936M) 0.854ms
[122.710s][info][safepoint] Safepoint "G1Concurrent", Time since last: 21030901 ns, Reaching safepoint: 177900 ns, At safepoint: 900800 ns, Total: 1078700 ns
[122.733s][info][gc       ] GC(789) Pause Cleanup 370M->370M(936M) 0.103ms
[122.734s][info][safepoint] Safepoint "G1Concurrent", Time since last: 22869599 ns, Reaching safepoint: 127900 ns, At safepoint: 154001 ns, Total: 281901 ns
[122.734s][info][gc       ] GC(789) Concurrent Mark Cycle 45.789ms
[122.877s][info][gc       ] GC(790) Pause Young (Prepare Mixed) (G1 Preventive Collection) 590M->510M(936M) 91.652ms
[122.877s][info][safepoint] Safepoint "G1CollectForAllocation", Time since last: 51161399 ns, Reaching safepoint: 186801 ns, At safepoint: 91758800 ns, Total: 91945601 ns
[122.943s][info][gc       ] GC(791) Pause Young (Mixed) (G1 Evacuation Pause) 514M->514M(936M) 56.599ms
[122.943s][info][safepoint] Safepoint "G1CollectForAllocation", Time since last: 1706200 ns, Reaching safepoint: 7641199 ns, At safepoint: 56679101 ns, Total: 64320300 ns
[122.988s][info][gc       ] GC(792) Pause Young (Concurrent Start) (G1 Humongous Allocation) 592M->600M(936M) 16.043ms
[122.988s][info][safepoint] Safepoint "G1TryInitiateConcMark", Time since last: 29180900 ns, Reaching safepoint: 132099 ns, At safepoint: 16115100 ns, Total: 16247199 ns
[122.988s][info][gc       ] GC(793) Concurrent Mark Cycle
[123.053s][info][gc       ] GC(794) Pause Young (Normal) (G1 Evacuation Pause) 748M->754M(2808M) 28.064ms
[123.053s][info][safepoint] Safepoint "G1CollectForAllocation", Time since last: 36465501 ns, Reaching safepoint: 615299 ns, At safepoint: 28169200 ns, Total: 28784499 ns
[123.144s][info][gc       ] GC(793) Pause Remark 1062M->926M(2808M) 1.070ms
[123.144s][info][safepoint] Safepoint "G1Concurrent", Time since last: 88294201 ns, Reaching safepoint: 944699 ns, At safepoint: 1123401 ns, Total: 2068100 ns
[123.338s][info][gc       ] GC(793) Pause Cleanup 1496M->1496M(2808M) 0.187ms
[123.338s][info][safepoint] Safepoint "G1Concurrent", Time since last: 191824199 ns, Reaching safepoint: 2556501 ns, At safepoint: 243299 ns, Total: 2799800 ns
[123.340s][info][gc       ] GC(793) Concurrent Mark Cycle 352.011ms
[123.564s][info][gc       ] GC(795) Pause Young (Prepare Mixed) (G1 Evacuation Pause) 1534M->1535M(2808M) 210.888ms
[123.564s][info][safepoint] Safepoint "G1CollectForAllocation", Time since last: 14554301 ns, Reaching safepoint: 162600 ns, At safepoint: 211010900 ns, Total: 211173500 ns
[123.631s][info][gc       ] GC(796) Pause Young (Mixed) (G1 Evacuation Pause) 1603M->1602M(2808M) 41.778ms
[123.631s][info][safepoint] Safepoint "G1CollectForAllocation", Time since last: 25065500 ns, Reaching safepoint: 184300 ns, At safepoint: 41858800 ns, Total: 42043100 ns
[123.665s][info][gc       ] GC(797) Pause Young (Concurrent Start) (G1 Humongous Allocation) 1654M->1674M(2808M) 14.127ms
[123.665s][info][gc       ] GC(798) Concurrent Mark Cycle
[123.665s][info][safepoint] Safepoint "G1TryInitiateConcMark", Time since last: 19524999 ns, Reaching safepoint: 142501 ns, At safepoint: 14191400 ns, Total: 14333901 ns
[123.883s][info][gc       ] GC(799) Pause Young (Normal) (G1 Evacuation Pause) 2166M->2167M(2808M) 97.080ms
[123.884s][info][safepoint] Safepoint "G1CollectForAllocation", Time since last: 121107700 ns, Reaching safepoint: 225900 ns, At safepoint: 97192700 ns, Total: 97418600 ns
[124.009s][info][gc       ] GC(800) Pause Young (Normal) (G1 Evacuation Pause) 2327M->2344M(4936M) 77.583ms
[124.010s][info][safepoint] Safepoint "G1CollectForAllocation", Time since last: 48185700 ns, Reaching safepoint: 152800 ns, At safepoint: 77685500 ns, Total: 77838300 ns
[124.063s][info][gc       ] GC(798) Pause Remark 2480M->1630M(4936M) 1.052ms
[124.063s][info][safepoint] Safepoint "G1Concurrent", Time since last: 34365100 ns, Reaching safepoint: 18334800 ns, At safepoint: 1131800 ns, Total: 19466600 ns
[124.633s][info][gc       ] GC(801) Pause Young (Normal) (G1 Evacuation Pause) 2426M->2438M(4936M) 211.724ms
[124.634s][info][safepoint] Safepoint "G1CollectForAllocation", Time since last: 357865100 ns, Reaching safepoint: 391000 ns, At safepoint: 211883800 ns, Total: 212274800 ns
[124.709s][info][gc       ] GC(798) Pause Cleanup 2586M->2586M(4936M) 0.220ms
[124.709s][info][safepoint] Safepoint "G1Concurrent", Time since last: 66231600 ns, Reaching safepoint: 8572799 ns, At safepoint: 308001 ns, Total: 8880800 ns
[124.719s][info][gc       ] GC(798) Concurrent Mark Cycle 1054.029ms
[125.150s][info][gc       ] GC(802) Pause Young (Prepare Mixed) (G1 Evacuation Pause) 3250M->3258M(4936M) 197.609ms
[125.150s][info][safepoint] Safepoint "G1CollectForAllocation", Time since last: 243929000 ns, Reaching safepoint: 212299 ns, At safepoint: 197698301 ns, Total: 197910600 ns
[125.321s][info][gc       ] GC(803) Pause Young (Mixed) (G1 Evacuation Pause) 3566M->3526M(4936M) 93.576ms
[125.321s][info][safepoint] Safepoint "G1CollectForAllocation", Time since last: 76607000 ns, Reaching safepoint: 207700 ns, At safepoint: 93680100 ns, Total: 93887800 ns
[125.415s][info][gc       ] GC(804) Pause Young (Concurrent Start) (G1 Humongous Allocation) 3656M->3668M(4936M) 47.563ms
[125.415s][info][safepoint] Safepoint "G1TryInitiateConcMark", Time since last: 45992699 ns, Reaching safepoint: 127401 ns, At safepoint: 47682800 ns, Total: 47810201 ns
[125.415s][info][gc       ] GC(805) Concurrent Mark Cycle
[125.664s][info][gc       ] GC(806) Pause Young (Normal) (G1 Evacuation Pause) 4100M->4108M(4936M) 97.750ms
[125.664s][info][safepoint] Safepoint "G1CollectForAllocation", Time since last: 151237399 ns, Reaching safepoint: 282800 ns, At safepoint: 97918901 ns, Total: 98201701 ns
[125.691s][info][gc       ] GC(805) Pause Remark 4168M->1216M(4056M) 1.165ms
[125.691s][info][safepoint] Safepoint "G1Concurrent", Time since last: 24794000 ns, Reaching safepoint: 672399 ns, At safepoint: 1262401 ns, Total: 1934800 ns
[125.870s][info][gc       ] GC(807) Pause Young (Normal) (G1 Evacuation Pause) 1536M->1548M(4056M) 96.338ms
[125.870s][info][safepoint] Safepoint "G1CollectForAllocation", Time since last: 82224899 ns, Reaching safepoint: 516201 ns, At safepoint: 96440100 ns, Total: 96956301 ns
[126.376s][info][gc       ] GC(808) Pause Young (Normal) (G1 Evacuation Pause) 2492M->2504M(5684M) 241.143ms
[126.376s][info][safepoint] Safepoint "G1CollectForAllocation", Time since last: 264577500 ns, Reaching safepoint: 449999 ns, At safepoint: 241254700 ns, Total: 241704699 ns
[126.406s][info][gc       ] GC(805) Pause Cleanup 2552M->2552M(5684M) 0.192ms
[126.406s][info][safepoint] Safepoint "G1Concurrent", Time since last: 29299101 ns, Reaching safepoint: 516900 ns, At safepoint: 263800 ns, Total: 780700 ns
[126.416s][info][gc       ] GC(805) Concurrent Mark Cycle 1000.889ms
[126.924s][info][gc       ] GC(809) Pause Young (Prepare Mixed) (G1 Evacuation Pause) 3288M->3298M(5684M) 199.563ms
[126.924s][info][safepoint] Safepoint "G1CollectForAllocation", Time since last: 317552599 ns, Reaching safepoint: 227101 ns, At safepoint: 199684300 ns, Total: 199911401 ns
[127.099s][info][gc       ] GC(810) Pause Young (Mixed) (G1 Evacuation Pause) 3590M->3576M(5684M) 91.037ms
[127.099s][info][safepoint] Safepoint "G1CollectForAllocation", Time since last: 84054500 ns, Reaching safepoint: 187099 ns, At safepoint: 91159600 ns, Total: 91346699 ns
[127.113s][info][gc       ] GC(811) Pause Young (Concurrent Start) (G1 Humongous Allocation) 3578M->3592M(5684M) 12.187ms
[127.113s][info][gc       ] GC(812) Concurrent Mark Cycle
[127.113s][info][safepoint] Safepoint "G1TryInitiateConcMark", Time since last: 809300 ns, Reaching safepoint: 159901 ns, At safepoint: 12305400 ns, Total: 12465301 ns
[127.330s][info][gc       ] GC(812) Pause Remark 4424M->1560M(5200M) 1.559ms
[127.330s][info][safepoint] Safepoint "G1Concurrent", Time since last: 215207000 ns, Reaching safepoint: 453900 ns, At safepoint: 1686800 ns, Total: 2140700 ns
[127.533s][info][gc       ] GC(813) Pause Young (Normal) (G1 Evacuation Pause) 1580M->1581M(5200M) 190.731ms
[127.533s][info][safepoint] Safepoint "G1CollectForAllocation", Time since last: 12094599 ns, Reaching safepoint: 460101 ns, At safepoint: 190857300 ns, Total: 191317401 ns
[128.012s][info][gc       ] GC(814) Pause Young (Normal) (G1 Evacuation Pause) 2365M->2372M(5200M) 223.170ms
[128.012s][info][safepoint] Safepoint "G1CollectForAllocation", Time since last: 255453199 ns, Reaching safepoint: 283201 ns, At safepoint: 223266600 ns, Total: 223549801 ns
[128.191s][info][gc       ] GC(812) Pause Cleanup 2884M->2884M(5200M) 0.189ms
[128.191s][info][safepoint] Safepoint "G1Concurrent", Time since last: 177347199 ns, Reaching safepoint: 601100 ns, At safepoint: 264201 ns, Total: 865301 ns
[128.197s][info][gc       ] GC(812) Concurrent Mark Cycle 1083.974ms
[128.454s][info][gc       ] GC(815) Pause Young (Prepare Mixed) (G1 Evacuation Pause) 3144M->3152M(5200M) 187.338ms
[128.454s][info][safepoint] Safepoint "G1CollectForAllocation", Time since last: 75501400 ns, Reaching safepoint: 144700 ns, At safepoint: 187438800 ns, Total: 187583500 ns
[128.663s][info][gc       ] GC(816) Pause Young (Mixed) (G1 Evacuation Pause) 3480M->3464M(6372M) 101.881ms
[128.663s][info][safepoint] Safepoint "G1CollectForAllocation", Time since last: 107307400 ns, Reaching safepoint: 193400 ns, At safepoint: 102041100 ns, Total: 102234500 ns
[128.749s][info][gc       ] GC(817) Pause Young (Concurrent Start) (G1 Humongous Allocation) 3562M->3580M(6372M) 36.980ms
[128.749s][info][safepoint] Safepoint "G1TryInitiateConcMark", Time since last: 48973800 ns, Reaching safepoint: 171400 ns, At safepoint: 37111000 ns, Total: 37282400 ns
[128.749s][info][gc       ] GC(818) Concurrent Mark Cycle
[128.934s][info][gc       ] GC(818) Pause Remark 4120M->1280M(4268M) 1.390ms
[128.934s][info][safepoint] Safepoint "G1Concurrent", Time since last: 183316399 ns, Reaching safepoint: 194701 ns, At safepoint: 1453699 ns, Total: 1648400 ns
[129.218s][info][gc       ] GC(819) Pause Young (Normal) (G1 Evacuation Pause) 1580M->1585M(4268M) 206.001ms
[129.218s][info][safepoint] Safepoint "G1CollectForAllocation", Time since last: 77105001 ns, Reaching safepoint: 256600 ns, At safepoint: 206097400 ns, Total: 206354000 ns
[129.457s][info][gc       ] GC(818) Pause Cleanup 2291M->2291M(4268M) 0.234ms
[129.457s][info][safepoint] Safepoint "G1Concurrent", Time since last: 233747100 ns, Reaching safepoint: 5102300 ns, At safepoint: 298300 ns, Total: 5400600 ns
[129.461s][info][gc       ] GC(818) Concurrent Mark Cycle 711.080ms
[129.707s][info][gc       ] GC(820) Pause Young (Prepare Mixed) (G1 Evacuation Pause) 2357M->2370M(4268M) 226.638ms
[129.707s][info][safepoint] Safepoint "G1CollectForAllocation", Time since last: 23270800 ns, Reaching safepoint: 195900 ns, At safepoint: 226757800 ns, Total: 226953700 ns
[129.830s][info][gc       ] GC(821) Pause Young (Mixed) (G1 Evacuation Pause) 2590M->2570M(4268M) 62.675ms
[129.830s][info][safepoint] Safepoint "G1CollectForAllocation", Time since last: 60098099 ns, Reaching safepoint: 155601 ns, At safepoint: 62769300 ns, Total: 62924901 ns
[129.871s][info][gc       ] GC(822) Pause Young (Concurrent Start) (G1 Humongous Allocation) 2628M->2644M(4268M) 18.475ms
[129.871s][info][safepoint] Safepoint "G1TryInitiateConcMark", Time since last: 21937200 ns, Reaching safepoint: 133900 ns, At safepoint: 18567900 ns, Total: 18701800 ns
[129.871s][info][gc       ] GC(823) Concurrent Mark Cycle
[130.228s][info][gc       ] GC(824) Pause Young (Normal) (G1 Evacuation Pause) 3300M->3305M(5812M) 180.847ms
[130.228s][info][safepoint] Safepoint "G1CollectForAllocation", Time since last: 176181000 ns, Reaching safepoint: 215300 ns, At safepoint: 180972800 ns, Total: 181188100 ns
[130.263s][info][gc       ] GC(823) Pause Remark 3437M->1573M(5256M) 2.029ms
[130.263s][info][safepoint] Safepoint "G1Concurrent", Time since last: 27821000 ns, Reaching safepoint: 4543400 ns, At safepoint: 2150000 ns, Total: 6693400 ns
[130.763s][info][gc       ] GC(825) Pause Young (Normal) (G1 Evacuation Pause) 2241M->2249M(5256M) 224.160ms
[130.763s][info][safepoint] Safepoint "G1CollectForAllocation", Time since last: 275682700 ns, Reaching safepoint: 287700 ns, At safepoint: 224281000 ns, Total: 224568700 ns
[130.969s][info][gc       ] GC(823) Pause Cleanup 2803M->2803M(5256M) 0.251ms
[130.969s][info][safepoint] Safepoint "G1Concurrent", Time since last: 193744000 ns, Reaching safepoint: 12325299 ns, At safepoint: 316601 ns, Total: 12641900 ns
[130.975s][info][gc       ] GC(823) Concurrent Mark Cycle 1104.028ms
[131.210s][info][gc       ] GC(826) Pause Young (Prepare Mixed) (G1 Evacuation Pause) 3001M->3009M(5256M) 180.633ms
[131.210s][info][safepoint] Safepoint "G1CollectForAllocation", Time since last: 59618200 ns, Reaching safepoint: 226000 ns, At safepoint: 180734600 ns, Total: 180960600 ns
[131.388s][info][gc       ] GC(827) Pause Young (Mixed) (G1 Evacuation Pause) 3333M->3305M(5256M) 93.323ms
[131.388s][info][safepoint] Safepoint "G1CollectForAllocation", Time since last: 84565100 ns, Reaching safepoint: 215200 ns, At safepoint: 93413700 ns, Total: 93628900 ns
[131.450s][info][gc       ] GC(828) Pause Young (Concurrent Start) (G1 Humongous Allocation) 3369M->3383M(5256M) 36.093ms
[131.450s][info][gc       ] GC(829) Concurrent Mark Cycle
[131.450s][info][safepoint] Safepoint "G1TryInitiateConcMark", Time since last: 25083400 ns, Reaching safepoint: 170200 ns, At safepoint: 36189899 ns, Total: 36360099 ns
[131.573s][info][gc       ] GC(829) Pause Remark 3863M->990M(3308M) 1.658ms
[131.573s][info][safepoint] Safepoint "G1Concurrent", Time since last: 120966600 ns, Reaching safepoint: 281201 ns, At safepoint: 1805200 ns, Total: 2086401 ns
[131.810s][info][gc       ] GC(830) Pause Young (Normal) (G1 Evacuation Pause) 1238M->1241M(3308M) 172.271ms
[131.810s][info][safepoint] Safepoint "G1CollectForAllocation", Time since last: 64761200 ns, Reaching safepoint: 498899 ns, At safepoint: 172362400 ns, Total: 172861299 ns
[131.981s][info][gc       ] GC(829) Pause Cleanup 1617M->1617M(3308M) 0.137ms
[131.981s][info][safepoint] Safepoint "G1Concurrent", Time since last: 169974101 ns, Reaching safepoint: 247600 ns, At safepoint: 191100 ns, Total: 438700 ns
[131.984s][info][gc       ] GC(829) Concurrent Mark Cycle 534.182ms
[132.294s][info][gc       ] GC(831) Pause Young (Prepare Mixed) (G1 Evacuation Pause) 2045M->2052M(3308M) 196.915ms
[132.294s][info][safepoint] Safepoint "G1CollectForAllocation", Time since last: 115835800 ns, Reaching safepoint: 215000 ns, At safepoint: 197000000 ns, Total: 197215000 ns
[132.392s][info][gc       ] GC(832) Pause Young (Mixed) (G1 Evacuation Pause) 2204M->2196M(3308M) 57.921ms
[132.392s][info][safepoint] Safepoint "G1CollectForAllocation", Time since last: 40429500 ns, Reaching safepoint: 61600 ns, At safepoint: 57988300 ns, Total: 58049900 ns
[132.435s][info][gc       ] GC(833) Pause Young (Concurrent Start) (G1 Humongous Allocation) 2240M->2254M(5236M) 24.729ms
[132.435s][info][gc       ] GC(834) Concurrent Mark Cycle
[132.435s][info][safepoint] Safepoint "G1TryInitiateConcMark", Time since last: 18196300 ns, Reaching safepoint: 49300 ns, At safepoint: 24820400 ns, Total: 24869700 ns
[132.519s][info][gc       ] GC(834) Pause Remark 2570M->756M(2520M) 1.144ms
[132.519s][info][safepoint] Safepoint "G1Concurrent", Time since last: 82201300 ns, Reaching safepoint: 694000 ns, At safepoint: 1203800 ns, Total: 1897800 ns
[132.638s][info][gc       ] GC(834) Pause Cleanup 1192M->1192M(2520M) 0.220ms
[132.638s][info][safepoint] Safepoint "G1Concurrent", Time since last: 117438000 ns, Reaching safepoint: 668600 ns, At safepoint: 271999 ns, Total: 940599 ns
[132.639s][info][gc       ] GC(834) Concurrent Mark Cycle 204.101ms
[132.852s][info][gc       ] GC(835) Pause Young (Prepare Mixed) (G1 Evacuation Pause) 1332M->1336M(2520M) 177.815ms
[132.852s][info][safepoint] Safepoint "G1CollectForAllocation", Time since last: 36052701 ns, Reaching safepoint: 135000 ns, At safepoint: 177930900 ns, Total: 178065900 ns
[132.912s][info][gc       ] GC(836) Pause Young (Mixed) (G1 Evacuation Pause) 1388M->1350M(2520M) 39.469ms
[132.912s][info][safepoint] Safepoint "G1CollectForAllocation", Time since last: 20251599 ns, Reaching safepoint: 52600 ns, At safepoint: 39558400 ns, Total: 39611000 ns
[132.922s][info][gc       ] GC(837) Pause Young (Concurrent Start) (G1 Humongous Allocation) 1352M->1353M(2520M) 4.057ms
[132.922s][info][gc       ] GC(838) Concurrent Mark Cycle
[132.922s][info][safepoint] Safepoint "G1TryInitiateConcMark", Time since last: 273801 ns, Reaching safepoint: 6140300 ns, At safepoint: 4116200 ns, Total: 10256500 ns
[133.019s][info][gc       ] GC(838) Pause Remark 1705M->881M(2520M) 0.981ms
[133.019s][info][safepoint] Safepoint "G1Concurrent", Time since last: 95266500 ns, Reaching safepoint: 343599 ns, At safepoint: 1074401 ns, Total: 1418000 ns
[133.180s][info][gc       ] GC(839) Pause Young (Normal) (G1 Evacuation Pause) 1081M->1082M(2520M) 114.745ms
[133.180s][info][safepoint] Safepoint "G1CollectForAllocation", Time since last: 45745400 ns, Reaching safepoint: 422000 ns, At safepoint: 114849200 ns, Total: 115271200 ns
[133.298s][info][gc       ] GC(838) Pause Cleanup 1434M->1434M(2520M) 0.144ms
[133.299s][info][safepoint] Safepoint "G1Concurrent", Time since last: 118189000 ns, Reaching safepoint: 88700 ns, At safepoint: 214200 ns, Total: 302900 ns
[133.300s][info][gc       ] GC(838) Concurrent Mark Cycle 377.931ms
[133.506s][info][gc       ] GC(840) Pause Young (Prepare Mixed) (G1 Evacuation Pause) 1622M->1634M(2520M) 154.437ms
[133.506s][info][safepoint] Safepoint "G1CollectForAllocation", Time since last: 52337700 ns, Reaching safepoint: 195600 ns, At safepoint: 154522099 ns, Total: 154717699 ns
[133.617s][info][gc       ] GC(841) Pause Young (Mixed) (G1 Evacuation Pause) 1786M->1648M(2520M) 73.197ms
[133.617s][info][safepoint] Safepoint "G1CollectForAllocation", Time since last: 37597201 ns, Reaching safepoint: 113800 ns, At safepoint: 73272600 ns, Total: 73386400 ns
[133.682s][info][gc       ] GC(842) Pause Young (Concurrent Start) (G1 Humongous Allocation) 1750M->1758M(4764M) 28.653ms
[133.682s][info][gc       ] GC(843) Concurrent Mark Cycle
[133.682s][info][safepoint] Safepoint "G1TryInitiateConcMark", Time since last: 36918500 ns, Reaching safepoint: 74100 ns, At safepoint: 28818000 ns, Total: 28892100 ns
[133.873s][info][gc       ] GC(843) Pause Remark 2378M->1322M(4416M) 0.847ms
[133.874s][info][safepoint] Safepoint "G1Concurrent", Time since last: 189200000 ns, Reaching safepoint: 1042000 ns, At safepoint: 946299 ns, Total: 1988299 ns
[134.236s][info][gc       ] GC(844) Pause Young (Normal) (G1 Evacuation Pause) 1634M->1639M(4416M) 209.956ms
[134.236s][info][safepoint] Safepoint "G1CollectForAllocation", Time since last: 152018800 ns, Reaching safepoint: 263301 ns, At safepoint: 210082300 ns, Total: 210345601 ns
[134.463s][info][gc       ] GC(843) Pause Cleanup 2307M->2307M(4416M) 0.139ms
[134.463s][info][safepoint] Safepoint "G1Concurrent", Time since last: 226602199 ns, Reaching safepoint: 661601 ns, At safepoint: 198900 ns, Total: 860501 ns
[134.470s][info][gc       ] GC(843) Concurrent Mark Cycle 787.996ms
[134.744s][info][gc       ] GC(845) Pause Young (Prepare Mixed) (G1 Evacuation Pause) 2527M->2540M(4416M) 222.115ms
[134.744s][info][safepoint] Safepoint "G1CollectForAllocation", Time since last: 58602799 ns, Reaching safepoint: 218101 ns, At safepoint: 222210100 ns, Total: 222428201 ns
[134.944s][info][gc       ] GC(846) Pause Young (Mixed) (G1 Evacuation Pause) 2804M->2792M(4416M) 101.836ms
[134.944s][info][safepoint] Safepoint "G1CollectForAllocation", Time since last: 97855200 ns, Reaching safepoint: 212700 ns, At safepoint: 101934400 ns, Total: 102147100 ns
[134.973s][info][gc       ] GC(847) Pause Young (Concurrent Start) (G1 Humongous Allocation) 2827M->2839M(4416M) 18.245ms
[134.973s][info][gc       ] GC(848) Concurrent Mark Cycle
[134.973s][info][safepoint] Safepoint "G1TryInitiateConcMark", Time since last: 10346099 ns, Reaching safepoint: 109000 ns, At safepoint: 18329601 ns, Total: 18438601 ns
[134.989s][info][gc       ] GC(848) Pause Remark 2883M->193M(656M) 1.349ms
[134.989s][info][safepoint] Safepoint "G1Concurrent", Time since last: 11708400 ns, Reaching safepoint: 3040700 ns, At safepoint: 1391100 ns, Total: 4431800 ns
[135.005s][info][gc       ] GC(848) Pause Cleanup 257M->257M(656M) 0.104ms
[135.005s][info][safepoint] Safepoint "G1Concurrent", Time since last: 14683500 ns, Reaching safepoint: 909200 ns, At safepoint: 154500 ns, Total: 1063700 ns
[135.006s][info][gc       ] GC(848) Concurrent Mark Cycle 32.451ms
[135.117s][info][gc       ] GC(849) Pause Young (Prepare Mixed) (G1 Preventive Collection) 429M->412M(656M) 68.227ms
[135.117s][info][safepoint] Safepoint "G1CollectForAllocation", Time since last: 43470899 ns, Reaching safepoint: 144901 ns, At safepoint: 68407399 ns, Total: 68552300 ns
[135.147s][info][gc       ] GC(850) Pause Young (Mixed) (G1 Evacuation Pause) 416M->382M(656M) 21.961ms
[135.147s][info][safepoint] Safepoint "G1CollectForAllocation", Time since last: 1754301 ns, Reaching safepoint: 6309800 ns, At safepoint: 22057499 ns, Total: 28367299 ns
[135.169s][info][gc       ] GC(851) Pause Young (Concurrent Start) (G1 Humongous Allocation) 413M->416M(1968M) 9.610ms
[135.169s][info][safepoint] Safepoint "G1TryInitiateConcMark", Time since last: 11851201 ns, Reaching safepoint: 160899 ns, At safepoint: 9701401 ns, Total: 9862300 ns
[135.169s][info][gc       ] GC(852) Concurrent Mark Cycle
[135.260s][info][gc       ] GC(852) Pause Remark 744M->626M(1968M) 0.700ms
[135.260s][info][safepoint] Safepoint "G1Concurrent", Time since last: 89521200 ns, Reaching safepoint: 522100 ns, At safepoint: 748000 ns, Total: 1270100 ns
[135.505s][info][gc       ] GC(853) Pause Young (Normal) (G1 Evacuation Pause) 1006M->1005M(1968M) 145.581ms
[135.505s][info][safepoint] Safepoint "G1CollectForAllocation", Time since last: 99086400 ns, Reaching safepoint: 384500 ns, At safepoint: 145676600 ns, Total: 146061100 ns
[135.539s][info][gc       ] GC(852) Pause Cleanup 1049M->1049M(1968M) 0.175ms
[135.539s][info][safepoint] Safepoint "G1Concurrent", Time since last: 26819300 ns, Reaching safepoint: 7177200 ns, At safepoint: 249800 ns, Total: 7427000 ns
[135.541s][info][gc       ] GC(852) Concurrent Mark Cycle 371.831ms
[135.740s][info][gc       ] GC(854) Pause Young (Prepare Mixed) (G1 Evacuation Pause) 1369M->1386M(1968M) 105.820ms
[135.740s][info][safepoint] Safepoint "G1CollectForAllocation", Time since last: 94646300 ns, Reaching safepoint: 206100 ns, At safepoint: 105902800 ns, Total: 106108900 ns
[135.819s][info][gc       ] GC(855) Pause Young (Mixed) (G1 Evacuation Pause) 1526M->1534M(1968M) 40.402ms
[135.819s][info][safepoint] Safepoint "G1CollectForAllocation", Time since last: 38507800 ns, Reaching safepoint: 84200 ns, At safepoint: 40488799 ns, Total: 40572999 ns
[135.880s][info][gc       ] GC(856) Pause Young (Concurrent Start) (G1 Evacuation Pause) 1618M->1631M(1968M) 21.716ms
[135.880s][info][gc       ] GC(857) Concurrent Mark Cycle
[135.880s][info][safepoint] Safepoint "G1CollectForAllocation", Time since last: 38912300 ns, Reaching safepoint: 106200 ns, At safepoint: 21807200 ns, Total: 21913400 ns
[135.974s][info][gc       ] GC(858) Pause Young (Normal) (G1 Evacuation Pause) 1835M->1845M(1968M) 35.880ms
[135.974s][info][safepoint] Safepoint "G1CollectForAllocation", Time since last: 57998901 ns, Reaching safepoint: 283100 ns, At safepoint: 35968899 ns, Total: 36251999 ns
[136.015s][info][gc       ] GC(859) Pause Young (Normal) (G1 Preventive Collection) 1893M->1900M(4432M) 17.966ms
[136.015s][info][safepoint] Safepoint "G1CollectForAllocation", Time since last: 22965701 ns, Reaching safepoint: 186700 ns, At safepoint: 18102999 ns, Total: 18289699 ns
[136.110s][info][gc       ] GC(857) Pause Remark 2104M->1252M(4176M) 0.827ms
[136.110s][info][safepoint] Safepoint "G1Concurrent", Time since last: 93704301 ns, Reaching safepoint: 547000 ns, At safepoint: 915799 ns, Total: 1462799 ns
[136.377s][info][gc       ] GC(857) Pause Cleanup 1910M->1910M(4176M) 0.259ms
[136.377s][info][safepoint] Safepoint "G1Concurrent", Time since last: 257241801 ns, Reaching safepoint: 9293300 ns, At safepoint: 356500 ns, Total: 9649800 ns
[136.384s][info][gc       ] GC(857) Concurrent Mark Cycle 504.304ms
[136.737s][info][gc       ] GC(860) Pause Young (Prepare Mixed) (G1 Evacuation Pause) 2108M->2105M(4176M) 258.241ms
[136.737s][info][safepoint] Safepoint "G1CollectForAllocation", Time since last: 100847500 ns, Reaching safepoint: 208400 ns, At safepoint: 258369900 ns, Total: 258578300 ns
[136.879s][info][gc       ] GC(861) Pause Young (Mixed) (G1 Evacuation Pause) 2305M->2272M(4176M) 89.084ms
[136.879s][info][safepoint] Safepoint "G1CollectForAllocation", Time since last: 52453500 ns, Reaching safepoint: 211900 ns, At safepoint: 89207100 ns, Total: 89419000 ns
[136.910s][info][gc       ] GC(862) Pause Young (Concurrent Start) (G1 Humongous Allocation) 2298M->2301M(4176M) 18.429ms
[136.910s][info][gc       ] GC(863) Concurrent Mark Cycle
[136.910s][info][safepoint] Safepoint "G1TryInitiateConcMark", Time since last: 12768900 ns, Reaching safepoint: 96600 ns, At safepoint: 18550800 ns, Total: 18647400 ns
[137.007s][info][gc       ] GC(863) Pause Remark 2543M->759M(2548M) 1.016ms
[137.007s][info][safepoint] Safepoint "G1Concurrent", Time since last: 83870600 ns, Reaching safepoint: 12276700 ns, At safepoint: 1103800 ns, Total: 13380500 ns
[137.107s][info][gc       ] GC(863) Pause Cleanup 1053M->1053M(2548M) 0.198ms
[137.107s][info][safepoint] Safepoint "G1Concurrent", Time since last: 98952599 ns, Reaching safepoint: 218800 ns, At safepoint: 263901 ns, Total: 482701 ns
[137.110s][info][gc       ] GC(863) Concurrent Mark Cycle 199.489ms
[137.331s][info][gc       ] GC(864) Pause Young (Prepare Mixed) (G1 Evacuation Pause) 1273M->1271M(2548M) 159.253ms
[137.332s][info][safepoint] Safepoint "G1CollectForAllocation", Time since last: 64507300 ns, Reaching safepoint: 926200 ns, At safepoint: 159335900 ns, Total: 160262100 ns
[137.417s][info][gc       ] GC(865) Pause Young (Mixed) (G1 Evacuation Pause) 1391M->1268M(2548M) 54.434ms
[137.417s][info][safepoint] Safepoint "G1CollectForAllocation", Time since last: 30877699 ns, Reaching safepoint: 147701 ns, At safepoint: 54528800 ns, Total: 54676501 ns
[137.471s][info][gc       ] GC(866) Pause Young (Concurrent Start) (G1 Humongous Allocation) 1338M->1348M(4780M) 27.329ms
[137.471s][info][safepoint] Safepoint "G1TryInitiateConcMark", Time since last: 26890500 ns, Reaching safepoint: 46000 ns, At safepoint: 27428900 ns, Total: 27474900 ns
[137.471s][info][gc       ] GC(867) Concurrent Undo Cycle
[137.479s][info][gc       ] GC(867) Concurrent Undo Cycle 7.055ms
[137.571s][info][gc       ] GC(868) Pause Young (Concurrent Start) (G1 Humongous Allocation) 1510M->1517M(4780M) 45.088ms
[137.571s][info][gc       ] GC(869) Concurrent Mark Cycle
[137.571s][info][safepoint] Safepoint "G1TryInitiateConcMark", Time since last: 54003899 ns, Reaching safepoint: 176601 ns, At safepoint: 45174900 ns, Total: 45351501 ns
[137.681s][info][gc       ] GC(869) Pause Remark 1893M->1033M(3456M) 1.025ms
[137.681s][info][safepoint] Safepoint "G1Concurrent", Time since last: 108670800 ns, Reaching safepoint: 335699 ns, At safepoint: 1155701 ns, Total: 1491400 ns
[137.834s][info][gc       ] GC(869) Pause Cleanup 1389M->1389M(3456M) 0.270ms
[137.834s][info][safepoint] Safepoint "G1Concurrent", Time since last: 149814099 ns, Reaching safepoint: 2470900 ns, At safepoint: 370401 ns, Total: 2841301 ns
[137.837s][info][gc       ] GC(869) Concurrent Mark Cycle 266.546ms
[138.225s][info][gc       ] GC(870) Pause Young (Prepare Mixed) (G1 Evacuation Pause) 1717M->1719M(3456M) 268.435ms
[138.225s][info][safepoint] Safepoint "G1CollectForAllocation", Time since last: 122620600 ns, Reaching safepoint: 186200 ns, At safepoint: 268595000 ns, Total: 268781200 ns
[138.308s][info][gc       ] GC(871) Pause Young (Mixed) (G1 Evacuation Pause) 1803M->1709M(3456M) 52.524ms
[138.309s][info][safepoint] Safepoint "G1CollectForAllocation", Time since last: 30713200 ns, Reaching safepoint: 171500 ns, At safepoint: 52632200 ns, Total: 52803700 ns
[138.336s][info][gc       ] GC(872) Pause Young (Concurrent Start) (G1 Humongous Allocation) 1749M->1767M(3456M) 11.723ms
[138.336s][info][safepoint] Safepoint "G1TryInitiateConcMark", Time since last: 15138800 ns, Reaching safepoint: 121700 ns, At safepoint: 11778700 ns, Total: 11900400 ns
[138.336s][info][gc       ] GC(873) Concurrent Mark Cycle
[138.687s][info][gc       ] GC(874) Pause Young (Normal) (G1 Evacuation Pause) 2467M->2468M(5324M) 169.690ms
[138.687s][info][safepoint] Safepoint "G1CollectForAllocation", Time since last: 181514400 ns, Reaching safepoint: 271200 ns, At safepoint: 169826500 ns, Total: 170097700 ns
[138.716s][info][gc       ] GC(873) Pause Remark 2556M->1723M(5324M) 1.005ms
[138.717s][info][safepoint] Safepoint "G1Concurrent", Time since last: 19542299 ns, Reaching safepoint: 8704101 ns, At safepoint: 1046400 ns, Total: 9750501 ns
[139.375s][info][gc       ] GC(875) Pause Young (Normal) (G1 Evacuation Pause) 2687M->2698M(5324M) 268.292ms
[139.375s][info][safepoint] Safepoint "G1CollectForAllocation", Time since last: 389578100 ns, Reaching safepoint: 239100 ns, At safepoint: 268401999 ns, Total: 268641099 ns
[139.377s][info][gc       ] GC(873) Pause Cleanup 2702M->2702M(5324M) 0.319ms
[139.377s][info][safepoint] Safepoint "G1Concurrent", Time since last: 1710901 ns, Reaching safepoint: 371800 ns, At safepoint: 387100 ns, Total: 758900 ns
[139.385s][info][gc       ] GC(873) Concurrent Mark Cycle 1049.201ms
[139.856s][info][gc       ] GC(876) Pause Young (Prepare Mixed) (G1 Evacuation Pause) 3494M->3500M(5324M) 215.223ms
[139.856s][info][safepoint] Safepoint "G1CollectForAllocation", Time since last: 262951699 ns, Reaching safepoint: 149301 ns, At safepoint: 215320500 ns, Total: 215469801 ns
[140.059s][info][gc       ] GC(877) Pause Young (Mixed) (G1 Evacuation Pause) 3768M->3690M(5324M) 108.647ms
[140.059s][info][safepoint] Safepoint "G1CollectForAllocation", Time since last: 94107800 ns, Reaching safepoint: 221600 ns, At safepoint: 108723900 ns, Total: 108945500 ns
[140.082s][info][gc       ] GC(878) Pause Young (Concurrent Start) (G1 Humongous Allocation) 3708M->3726M(5324M) 15.412ms
[140.082s][info][safepoint] Safepoint "G1TryInitiateConcMark", Time since last: 7238899 ns, Reaching safepoint: 170901 ns, At safepoint: 15531700 ns, Total: 15702601 ns
[140.082s][info][gc       ] GC(879) Concurrent Mark Cycle
[140.298s][info][gc       ] GC(879) Pause Remark 4328M->1384M(4640M) 1.502ms
[140.298s][info][safepoint] Safepoint "G1Concurrent", Time since last: 203764300 ns, Reaching safepoint: 10836200 ns, At safepoint: 1561500 ns, Total: 12397700 ns
[140.466s][info][gc       ] GC(880) Pause Young (Normal) (G1 Evacuation Pause) 1394M->1398M(4640M) 156.495ms
[140.466s][info][safepoint] Safepoint "G1CollectForAllocation", Time since last: 11509400 ns, Reaching safepoint: 206400 ns, At safepoint: 156613700 ns, Total: 156820100 ns
[141.005s][info][gc       ] GC(881) Pause Young (Normal) (G1 Evacuation Pause) 2210M->2220M(6036M) 256.630ms
[141.006s][info][safepoint] Safepoint "G1CollectForAllocation", Time since last: 282476000 ns, Reaching safepoint: 258900 ns, At safepoint: 256746100 ns, Total: 257005000 ns
[141.055s][info][gc       ] GC(879) Pause Cleanup 2342M->2342M(6036M) 0.213ms
[141.055s][info][safepoint] Safepoint "G1Concurrent", Time since last: 42889400 ns, Reaching safepoint: 6530700 ns, At safepoint: 295600 ns, Total: 6826300 ns
[141.070s][info][gc       ] GC(879) Concurrent Mark Cycle 988.084ms
[141.466s][info][gc       ] GC(882) Pause Young (Prepare Mixed) (G1 Evacuation Pause) 2888M->2900M(6036M) 175.282ms
[141.466s][info][safepoint] Safepoint "G1CollectForAllocation", Time since last: 234929999 ns, Reaching safepoint: 232300 ns, At safepoint: 175393300 ns, Total: 175625600 ns
[141.684s][info][gc       ] GC(883) Pause Young (Mixed) (G1 Evacuation Pause) 3308M->3276M(6036M) 121.178ms
[141.684s][info][safepoint] Safepoint "G1CollectForAllocation", Time since last: 97013601 ns, Reaching safepoint: 149900 ns, At safepoint: 121328000 ns, Total: 121477900 ns
[141.769s][info][gc       ] GC(884) Pause Young (Concurrent Start) (G1 Humongous Allocation) 3372M->3384M(6036M) 49.184ms
[141.769s][info][gc       ] GC(885) Concurrent Mark Cycle
[141.769s][info][safepoint] Safepoint "G1TryInitiateConcMark", Time since last: 35463399 ns, Reaching safepoint: 113301 ns, At safepoint: 49308700 ns, Total: 49422001 ns
[141.893s][info][gc       ] GC(885) Pause Remark 3744M->846M(2828M) 2.519ms
[141.893s][info][safepoint] Safepoint "G1Concurrent", Time since last: 112225100 ns, Reaching safepoint: 8807500 ns, At safepoint: 2638300 ns, Total: 11445800 ns
[142.168s][info][gc       ] GC(886) Pause Young (Normal) (G1 Evacuation Pause) 1218M->1223M(2828M) 175.829ms
[142.168s][info][safepoint] Safepoint "G1CollectForAllocation", Time since last: 99123700 ns, Reaching safepoint: 476100 ns, At safepoint: 175968999 ns, Total: 176445099 ns
[142.249s][info][gc       ] GC(885) Pause Cleanup 1363M->1363M(2828M) 0.132ms
[142.249s][info][safepoint] Safepoint "G1Concurrent", Time since last: 79363501 ns, Reaching safepoint: 671699 ns, At safepoint: 211200 ns, Total: 882899 ns
[142.251s][info][gc       ] GC(885) Concurrent Mark Cycle 481.763ms
[142.561s][info][gc       ] GC(887) Pause Young (Prepare Mixed) (G1 Evacuation Pause) 1887M->1900M(2828M) 166.444ms
[142.561s][info][safepoint] Safepoint "G1CollectForAllocation", Time since last: 142469901 ns, Reaching safepoint: 3188100 ns, At safepoint: 166524800 ns, Total: 169712900 ns
[142.649s][info][gc       ] GC(888) Pause Young (Mixed) (G1 Evacuation Pause) 2032M->2024M(2828M) 54.430ms
[142.649s][info][safepoint] Safepoint "G1CollectForAllocation", Time since last: 33167100 ns, Reaching safepoint: 126900 ns, At safepoint: 54512100 ns, Total: 54639000 ns
[142.695s][info][gc       ] GC(889) Pause Young (Concurrent Start) (G1 Humongous Allocation) 2048M->2062M(4948M) 37.432ms
[142.695s][info][safepoint] Safepoint "G1TryInitiateConcMark", Time since last: 8808399 ns, Reaching safepoint: 136201 ns, At safepoint: 37541100 ns, Total: 37677301 ns
[142.695s][info][gc       ] GC(890) Concurrent Mark Cycle
[142.729s][info][gc       ] GC(890) Pause Remark 2198M->364M(1216M) 0.642ms
[142.729s][info][safepoint] Safepoint "G1Concurrent", Time since last: 32744700 ns, Reaching safepoint: 673700 ns, At safepoint: 684599 ns, Total: 1358299 ns
[142.778s][info][gc       ] GC(890) Pause Cleanup 540M->540M(1216M) 0.178ms
[142.778s][info][safepoint] Safepoint "G1Concurrent", Time since last: 47302901 ns, Reaching safepoint: 785699 ns, At safepoint: 265600 ns, Total: 1051299 ns
[142.778s][info][gc       ] GC(890) Concurrent Mark Cycle 83.180ms
[142.999s][info][gc       ] GC(891) Pause Young (Prepare Mixed) (G1 Preventive Collection) 788M->792M(1216M) 155.070ms
[142.999s][info][safepoint] Safepoint "G1CollectForAllocation", Time since last: 65609400 ns, Reaching safepoint: 190701 ns, At safepoint: 155198800 ns, Total: 155389501 ns
[143.034s][info][gc       ] GC(892) Pause Young (Mixed) (G1 Evacuation Pause) 796M->768M(1216M) 26.104ms
[143.034s][info][safepoint] Safepoint "G1CollectForAllocation", Time since last: 1798400 ns, Reaching safepoint: 7816000 ns, At safepoint: 26225300 ns, Total: 34041300 ns
[143.049s][info][gc       ] GC(893) Pause Young (Concurrent Start) (G1 Humongous Allocation) 782M->796M(1216M) 4.370ms
[143.049s][info][gc       ] GC(894) Concurrent Mark Cycle
[143.049s][info][safepoint] Safepoint "G1TryInitiateConcMark", Time since last: 5436299 ns, Reaching safepoint: 4585701 ns, At safepoint: 4436600 ns, Total: 9022301 ns
[143.142s][info][gc       ] GC(895) Pause Young (Normal) (G1 Evacuation Pause) 1004M->1006M(1216M) 34.045ms
[143.142s][info][safepoint] Safepoint "G1CollectForAllocation", Time since last: 55161600 ns, Reaching safepoint: 3763900 ns, At safepoint: 34134100 ns, Total: 37898000 ns
[143.191s][info][gc       ] GC(896) Pause Young (Normal) (G1 Evacuation Pause) 1074M->1079M(3648M) 31.823ms
[143.191s][info][safepoint] Safepoint "G1CollectForAllocation", Time since last: 16596199 ns, Reaching safepoint: 264001 ns, At safepoint: 31938699 ns, Total: 32202700 ns
[143.338s][info][gc       ] GC(894) Pause Remark 1467M->1335M(3648M) 0.562ms
[143.338s][info][safepoint] Safepoint "G1Concurrent", Time since last: 146951001 ns, Reaching safepoint: 91200 ns, At safepoint: 616499 ns, Total: 707699 ns
[143.778s][info][gc       ] GC(897) Pause Young (Normal) (G1 Evacuation Pause) 1895M->1898M(3648M) 261.516ms
[143.778s][info][safepoint] Safepoint "G1CollectForAllocation", Time since last: 177647201 ns, Reaching safepoint: 359800 ns, At safepoint: 261652499 ns, Total: 262012299 ns
[143.984s][info][gc       ] GC(894) Pause Cleanup 2246M->2246M(3648M) 0.152ms
[143.984s][info][safepoint] Safepoint "G1Concurrent", Time since last: 205296201 ns, Reaching safepoint: 161500 ns, At safepoint: 199000 ns, Total: 360500 ns
[143.986s][info][gc       ] GC(894) Concurrent Mark Cycle 937.421ms
[144.279s][info][gc       ] GC(898) Pause Young (Prepare Mixed) (G1 Evacuation Pause) 2550M->2564M(3648M) 185.679ms
[144.279s][info][safepoint] Safepoint "G1CollectForAllocation", Time since last: 109190099 ns, Reaching safepoint: 109401 ns, At safepoint: 185771200 ns, Total: 185880601 ns
[144.438s][info][gc       ] GC(899) Pause Young (Mixed) (G1 Evacuation Pause) 2800M->2796M(3648M) 75.792ms
[144.438s][info][safepoint] Safepoint "G1CollectForAllocation", Time since last: 83334800 ns, Reaching safepoint: 202400 ns, At safepoint: 75878299 ns, Total: 76080699 ns
[144.449s][info][gc       ] GC(900) Pause Young (Concurrent Start) (G1 Humongous Allocation) 2803M->2824M(3648M) 9.378ms
[144.449s][info][safepoint] Safepoint "G1TryInitiateConcMark", Time since last: 1026101 ns, Reaching safepoint: 188200 ns, At safepoint: 9464400 ns, Total: 9652600 ns
[144.449s][info][gc       ] GC(901) Concurrent Mark Cycle
[144.462s][info][gc       ] GC(901) Pause Remark 2860M->188M(628M) 1.702ms
[144.462s][info][safepoint] Safepoint "G1Concurrent", Time since last: 11183700 ns, Reaching safepoint: 605600 ns, At safepoint: 1762800 ns, Total: 2368400 ns
[144.479s][info][gc       ] GC(901) Pause Cleanup 260M->260M(628M) 0.182ms
[144.479s][info][safepoint] Safepoint "G1Concurrent", Time since last: 15270400 ns, Reaching safepoint: 916600 ns, At safepoint: 244600 ns, Total: 1161200 ns
[144.479s][info][gc       ] GC(901) Concurrent Mark Cycle 30.329ms
[144.589s][info][gc       ] GC(902) Pause Young (Prepare Mixed) (G1 Preventive Collection) 432M->434M(628M) 68.978ms
[144.589s][info][safepoint] Safepoint "G1CollectForAllocation", Time since last: 41295299 ns, Reaching safepoint: 142101 ns, At safepoint: 69071200 ns, Total: 69213301 ns
[144.612s][info][gc       ] GC(903) Pause Young (Mixed) (G1 Evacuation Pause) 438M->389M(628M) 14.038ms
[144.612s][info][safepoint] Safepoint "G1CollectForAllocation", Time since last: 1770500 ns, Reaching safepoint: 6658900 ns, At safepoint: 14133500 ns, Total: 20792400 ns
[144.634s][info][gc       ] GC(904) Pause Young (Concurrent Start) (G1 Humongous Allocation) 421M->427M(1884M) 9.288ms
[144.634s][info][safepoint] Safepoint "G1TryInitiateConcMark", Time since last: 12048899 ns, Reaching safepoint: 144201 ns, At safepoint: 9378400 ns, Total: 9522601 ns
[144.634s][info][gc       ] GC(905) Concurrent Mark Cycle
[144.728s][info][gc       ] GC(905) Pause Remark 759M->647M(1884M) 0.666ms
[144.728s][info][safepoint] Safepoint "G1Concurrent", Time since last: 92987200 ns, Reaching safepoint: 463400 ns, At safepoint: 713800 ns, Total: 1177200 ns
[144.949s][info][gc       ] GC(906) Pause Young (Normal) (G1 Evacuation Pause) 979M->979M(1884M) 130.905ms
[144.950s][info][safepoint] Safepoint "G1CollectForAllocation", Time since last: 90547699 ns, Reaching safepoint: 239601 ns, At safepoint: 131031100 ns, Total: 131270701 ns
[144.991s][info][gc       ] GC(905) Pause Cleanup 1071M->1071M(1884M) 0.141ms
[144.991s][info][safepoint] Safepoint "G1Concurrent", Time since last: 40480500 ns, Reaching safepoint: 931500 ns, At safepoint: 254100 ns, Total: 1185600 ns
[144.993s][info][gc       ] GC(905) Concurrent Mark Cycle 359.310ms
[145.165s][info][gc       ] GC(907) Pause Young (Prepare Mixed) (G1 Evacuation Pause) 1351M->1362M(1884M) 96.938ms
[145.165s][info][safepoint] Safepoint "G1CollectForAllocation", Time since last: 76965699 ns, Reaching safepoint: 180101 ns, At safepoint: 97067000 ns, Total: 97247101 ns
[145.216s][info][gc       ] GC(908) Pause Young (Mixed) (G1 Evacuation Pause) 1418M->1422M(1884M) 28.496ms
[145.216s][info][safepoint] Safepoint "G1CollectForAllocation", Time since last: 22264900 ns, Reaching safepoint: 160300 ns, At safepoint: 28576900 ns, Total: 28737200 ns
[145.228s][info][gc       ] GC(909) Pause Young (Concurrent Start) (G1 Humongous Allocation) 1437M->1451M(1884M) 6.047ms
[145.228s][info][gc       ] GC(910) Concurrent Mark Cycle
[145.228s][info][safepoint] Safepoint "G1TryInitiateConcMark", Time since last: 5548400 ns, Reaching safepoint: 122799 ns, At safepoint: 6118101 ns, Total: 6240900 ns
[145.301s][info][gc       ] GC(911) Pause Young (Normal) (G1 Evacuation Pause) 1611M->1615M(1884M) 28.325ms
[145.301s][info][safepoint] Safepoint "G1CollectForAllocation", Time since last: 44352699 ns, Reaching safepoint: 309801 ns, At safepoint: 28448700 ns, Total: 28758501 ns
[145.353s][info][gc       ] GC(912) Pause Young (Normal) (G1 Preventive Collection) 1694M->1700M(4380M) 21.437ms
[145.353s][info][safepoint] Safepoint "G1CollectForAllocation", Time since last: 29434600 ns, Reaching safepoint: 287899 ns, At safepoint: 21656801 ns, Total: 21944700 ns
[145.424s][info][gc       ] GC(910) Pause Remark 1868M->988M(3296M) 0.944ms
[145.424s][info][safepoint] Safepoint "G1Concurrent", Time since last: 69927100 ns, Reaching safepoint: 534800 ns, At safepoint: 991999 ns, Total: 1526799 ns
[145.691s][info][gc       ] GC(910) Pause Cleanup 1608M->1608M(3296M) 0.235ms
[145.691s][info][safepoint] Safepoint "G1Concurrent", Time since last: 224201501 ns, Reaching safepoint: 42268299 ns, At safepoint: 338601 ns, Total: 42606900 ns
[145.696s][info][gc       ] GC(910) Concurrent Mark Cycle 467.778ms
[146.152s][info][gc       ] GC(913) Pause Young (Prepare Mixed) (G1 Evacuation Pause) 2040M->2037M(3296M) 310.731ms
[146.152s][info][safepoint] Safepoint "G1CollectForAllocation", Time since last: 149995700 ns, Reaching safepoint: 201100 ns, At safepoint: 310869199 ns, Total: 311070299 ns
[146.276s][info][gc       ] GC(914) Pause Young (Mixed) (G1 Evacuation Pause) 2161M->2150M(3296M) 79.511ms
[146.276s][info][safepoint] Safepoint "G1CollectForAllocation", Time since last: 44048901 ns, Reaching safepoint: 119500 ns, At safepoint: 79596400 ns, Total: 79715900 ns
[146.312s][info][gc       ] GC(915) Pause Young (Concurrent Start) (G1 Humongous Allocation) 2190M->2204M(3296M) 20.403ms
[146.312s][info][gc       ] GC(916) Concurrent Mark Cycle
[146.312s][info][safepoint] Safepoint "G1TryInitiateConcMark", Time since last: 15485600 ns, Reaching safepoint: 117800 ns, At safepoint: 20476800 ns, Total: 20594600 ns
[146.379s][info][gc       ] GC(916) Pause Remark 2368M->468M(1560M) 1.126ms
[146.379s][info][safepoint] Safepoint "G1Concurrent", Time since last: 49664400 ns, Reaching safepoint: 16065300 ns, At safepoint: 1229100 ns, Total: 17294400 ns
[146.445s][info][gc       ] GC(916) Pause Cleanup 692M->692M(1560M) 0.182ms
[146.445s][info][safepoint] Safepoint "G1Concurrent", Time since last: 65933699 ns, Reaching safepoint: 165201 ns, At safepoint: 280600 ns, Total: 445801 ns
[146.448s][info][gc       ] GC(916) Concurrent Mark Cycle 136.094ms
[146.544s][info][gc       ] GC(917) Pause Young (Prepare Mixed) (G1 Evacuation Pause) 708M->715M(1560M) 92.287ms
[146.544s][info][safepoint] Safepoint "G1CollectForAllocation", Time since last: 5828600 ns, Reaching safepoint: 159700 ns, At safepoint: 92403500 ns, Total: 92563200 ns
[146.583s][info][gc       ] GC(918) Pause Young (Mixed) (G1 Evacuation Pause) 755M->730M(1560M) 23.081ms
[146.583s][info][safepoint] Safepoint "G1CollectForAllocation", Time since last: 15966000 ns, Reaching safepoint: 190600 ns, At safepoint: 23215199 ns, Total: 23405799 ns
[146.627s][info][gc       ] GC(919) Pause Young (Concurrent Start) (G1 Humongous Allocation) 794M->803M(4188M) 20.133ms
[146.627s][info][gc       ] GC(920) Concurrent Mark Cycle
[146.627s][info][safepoint] Safepoint "G1TryInitiateConcMark", Time since last: 23896701 ns, Reaching safepoint: 101200 ns, At safepoint: 20304200 ns, Total: 20405400 ns
[146.828s][info][gc       ] GC(920) Pause Remark 1343M->1227M(4096M) 0.653ms
[146.828s][info][safepoint] Safepoint "G1Concurrent", Time since last: 199658400 ns, Reaching safepoint: 697700 ns, At safepoint: 708300 ns, Total: 1406000 ns
[147.071s][info][gc       ] GC(920) Pause Cleanup 1839M->1839M(4096M) 0.166ms
[147.071s][info][safepoint] Safepoint "G1Concurrent", Time since last: 241895700 ns, Reaching safepoint: 647100 ns, At safepoint: 222500 ns, Total: 869600 ns
[147.076s][info][gc       ] GC(920) Concurrent Mark Cycle 448.652ms
[147.379s][info][gc       ] GC(921) Pause Young (Prepare Mixed) (G1 Evacuation Pause) 1867M->1863M(4096M) 294.978ms
[147.379s][info][safepoint] Safepoint "G1CollectForAllocation", Time since last: 12198200 ns, Reaching safepoint: 188400 ns, At safepoint: 295061600 ns, Total: 295250000 ns
[147.531s][info][gc       ] GC(922) Pause Young (Mixed) (G1 Evacuation Pause) 2047M->2043M(4096M) 89.709ms
[147.531s][info][safepoint] Safepoint "G1CollectForAllocation", Time since last: 62750500 ns, Reaching safepoint: 130700 ns, At safepoint: 89858900 ns, Total: 89989600 ns
[147.565s][info][gc       ] GC(923) Pause Young (Concurrent Start) (G1 Humongous Allocation) 2063M->2064M(4096M) 25.946ms
[147.565s][info][safepoint] Safepoint "G1TryInitiateConcMark", Time since last: 7548700 ns, Reaching safepoint: 203600 ns, At safepoint: 26048100 ns, Total: 26251700 ns
[147.565s][info][gc       ] GC(924) Concurrent Mark Cycle
[147.621s][info][gc       ] GC(924) Pause Remark 2276M->541M(1816M) 1.338ms
[147.621s][info][safepoint] Safepoint "G1Concurrent", Time since last: 54580300 ns, Reaching safepoint: 123500 ns, At safepoint: 1436499 ns, Total: 1559999 ns
[147.704s][info][gc       ] GC(924) Pause Cleanup 821M->821M(1816M) 0.244ms
[147.704s][info][safepoint] Safepoint "G1Concurrent", Time since last: 81838101 ns, Reaching safepoint: 661000 ns, At safepoint: 376200 ns, Total: 1037200 ns
[147.706s][info][gc       ] GC(924) Concurrent Mark Cycle 140.645ms
[147.982s][info][gc       ] GC(925) Pause Young (Prepare Mixed) (G1 Evacuation Pause) 1173M->1170M(1816M) 199.201ms
[147.982s][info][safepoint] Safepoint "G1CollectForAllocation", Time since last: 76064800 ns, Reaching safepoint: 2981700 ns, At safepoint: 199284500 ns, Total: 202266200 ns
[148.025s][info][gc       ] GC(926) Pause Young (Mixed) (G1 Evacuation Pause) 1186M->1136M(1816M) 32.574ms
[148.025s][info][safepoint] Safepoint "G1CollectForAllocation", Time since last: 6699899 ns, Reaching safepoint: 3568401 ns, At safepoint: 32649299 ns, Total: 36217700 ns
[148.047s][info][gc       ] GC(927) Pause Young (Concurrent Start) (G1 Humongous Allocation) 1150M->1166M(4340M) 13.108ms
[148.047s][info][safepoint] Safepoint "G1TryInitiateConcMark", Time since last: 5350100 ns, Reaching safepoint: 2760901 ns, At safepoint: 13202900 ns, Total: 15963801 ns
[148.047s][info][gc       ] GC(928) Concurrent Mark Cycle
[148.086s][info][gc       ] GC(928) Pause Remark 1290M->522M(1748M) 1.024ms
[148.086s][info][safepoint] Safepoint "G1Concurrent", Time since last: 37819100 ns, Reaching safepoint: 586499 ns, At safepoint: 1125201 ns, Total: 1711700 ns
[148.135s][info][gc       ] GC(928) Pause Cleanup 650M->650M(1748M) 0.175ms
[148.135s][info][safepoint] Safepoint "G1Concurrent", Time since last: 47302900 ns, Reaching safepoint: 883200 ns, At safepoint: 281000 ns, Total: 1164200 ns
[148.136s][info][gc       ] GC(928) Concurrent Mark Cycle 89.418ms
[148.495s][info][gc       ] GC(929) Pause Young (Prepare Mixed) (G1 Preventive Collection) 1190M->1194M(1748M) 183.585ms
[148.495s][info][safepoint] Safepoint "G1CollectForAllocation", Time since last: 172386100 ns, Reaching safepoint: 4479700 ns, At safepoint: 183714800 ns, Total: 188194500 ns
[148.551s][info][gc       ] GC(930) Pause Young (Mixed) (G1 Evacuation Pause) 1198M->1058M(1748M) 47.509ms
[148.551s][info][safepoint] Safepoint "G1CollectForAllocation", Time since last: 1413200 ns, Reaching safepoint: 6824800 ns, At safepoint: 47584199 ns, Total: 54408999 ns
[148.617s][info][gc       ] GC(931) Pause Young (Mixed) (G1 Evacuation Pause) 1182M->1160M(1748M) 35.903ms
[148.618s][info][safepoint] Safepoint "G1CollectForAllocation", Time since last: 30420501 ns, Reaching safepoint: 40199 ns, At safepoint: 35993901 ns, Total: 36034100 ns
[148.644s][info][gc       ] GC(932) Pause Young (Concurrent Start) (G1 Humongous Allocation) 1186M->1191M(1748M) 15.665ms
[148.644s][info][safepoint] Safepoint "G1TryInitiateConcMark", Time since last: 10176400 ns, Reaching safepoint: 136400 ns, At safepoint: 15785000 ns, Total: 15921400 ns
[148.644s][info][gc       ] GC(933) Concurrent Mark Cycle
[148.682s][info][gc       ] GC(933) Pause Remark 1331M->345M(1160M) 1.036ms
[148.682s][info][safepoint] Safepoint "G1Concurrent", Time since last: 36979100 ns, Reaching safepoint: 571199 ns, At safepoint: 1091401 ns, Total: 1662600 ns
[148.740s][info][gc       ] GC(934) Pause Young (Normal) (G1 Evacuation Pause) 377M->380M(3480M) 46.494ms
[148.741s][info][safepoint] Safepoint "G1CollectForAllocation", Time since last: 11174300 ns, Reaching safepoint: 479900 ns, At safepoint: 46662800 ns, Total: 47142700 ns
[148.776s][info][gc       ] GC(933) Pause Cleanup 516M->516M(3480M) 0.113ms
[148.776s][info][safepoint] Safepoint "G1Concurrent", Time since last: 35117900 ns, Reaching safepoint: 357000 ns, At safepoint: 205299 ns, Total: 562299 ns
[148.781s][info][gc       ] GC(933) Concurrent Mark Cycle 136.929ms
[149.303s][info][gc       ] GC(935) Pause Young (Prepare Mixed) (G1 Evacuation Pause) 1456M->1460M(3480M) 250.468ms
[149.303s][info][safepoint] Safepoint "G1CollectForAllocation", Time since last: 276076700 ns, Reaching safepoint: 155301 ns, At safepoint: 250582399 ns, Total: 250737700 ns
[149.430s][info][gc       ] GC(936) Pause Young (Mixed) (G1 Evacuation Pause) 1628M->1633M(3480M) 83.879ms
[149.430s][info][safepoint] Safepoint "G1CollectForAllocation", Time since last: 42869201 ns, Reaching safepoint: 141800 ns, At safepoint: 84011899 ns, Total: 84153699 ns
[149.504s][info][gc       ] GC(937) Pause Young (Concurrent Start) (G1 Humongous Allocation) 1741M->1755M(3480M) 26.872ms
[149.504s][info][gc       ] GC(938) Concurrent Mark Cycle
[149.505s][info][safepoint] Safepoint "G1TryInitiateConcMark", Time since last: 47345501 ns, Reaching safepoint: 56200 ns, At safepoint: 26997900 ns, Total: 27054100 ns
[149.702s][info][gc       ] GC(938) Pause Remark 2239M->1426M(3480M) 0.970ms
[149.702s][info][safepoint] Safepoint "G1Concurrent", Time since last: 196218400 ns, Reaching safepoint: 523700 ns, At safepoint: 1064300 ns, Total: 1588000 ns
[149.975s][info][gc       ] GC(939) Pause Young (Normal) (G1 Evacuation Pause) 1734M->1737M(3480M) 191.054ms
[149.975s][info][safepoint] Safepoint "G1CollectForAllocation", Time since last: 80898000 ns, Reaching safepoint: 341700 ns, At safepoint: 191163900 ns, Total: 191505600 ns
[150.207s][info][gc       ] GC(938) Pause Cleanup 2389M->2389M(3480M) 0.255ms
[150.207s][info][safepoint] Safepoint "G1Concurrent", Time since last: 231558600 ns, Reaching safepoint: 323000 ns, At safepoint: 358599 ns, Total: 681599 ns
[150.211s][info][gc       ] GC(938) Concurrent Mark Cycle 706.810ms
[150.412s][info][gc       ] GC(940) Pause Young (Prepare Mixed) (G1 Evacuation Pause) 2401M->2412M(3480M) 199.796ms
[150.412s][info][safepoint] Safepoint "G1CollectForAllocation", Time since last: 5166701 ns, Reaching safepoint: 155300 ns, At safepoint: 199920800 ns, Total: 200076100 ns
[150.550s][info][gc       ] GC(941) Pause Young (Mixed) (G1 Evacuation Pause) 2576M->2396M(3480M) 77.970ms
[150.550s][info][safepoint] Safepoint "G1CollectForAllocation", Time since last: 59795399 ns, Reaching safepoint: 208601 ns, At safepoint: 78055400 ns, Total: 78264001 ns
[150.582s][info][gc       ] GC(942) Pause Young (Concurrent Start) (G1 Humongous Allocation) 2428M->2444M(5340M) 19.422ms
[150.582s][info][safepoint] Safepoint "G1TryInitiateConcMark", Time since last: 12292100 ns, Reaching safepoint: 129200 ns, At safepoint: 19519000 ns, Total: 19648200 ns
[150.582s][info][gc       ] GC(943) Concurrent Mark Cycle
[150.743s][info][gc       ] GC(943) Pause Remark 2804M->920M(3068M) 1.321ms
[150.743s][info][safepoint] Safepoint "G1Concurrent", Time since last: 131846000 ns, Reaching safepoint: 27234800 ns, At safepoint: 1382700 ns, Total: 28617500 ns
[150.911s][info][gc       ] GC(943) Pause Cleanup 1452M->1452M(3068M) 0.260ms
[150.911s][info][safepoint] Safepoint "G1Concurrent", Time since last: 167476600 ns, Reaching safepoint: 201299 ns, At safepoint: 336701 ns, Total: 538000 ns
[150.913s][info][gc       ] GC(943) Concurrent Mark Cycle 330.515ms
[151.210s][info][gc       ] GC(944) Pause Young (Prepare Mixed) (G1 Evacuation Pause) 1644M->1646M(3068M) 240.569ms
[151.210s][info][safepoint] Safepoint "G1CollectForAllocation", Time since last: 53094500 ns, Reaching safepoint: 5676800 ns, At safepoint: 240656200 ns, Total: 246333000 ns
[151.281s][info][gc       ] GC(945) Pause Young (Mixed) (G1 Evacuation Pause) 1714M->1694M(3068M) 44.900ms
[151.282s][info][safepoint] Safepoint "G1CollectForAllocation", Time since last: 26221500 ns, Reaching safepoint: 226800 ns, At safepoint: 44999500 ns, Total: 45226300 ns
[151.304s][info][gc       ] GC(946) Pause Young (Concurrent Start) (G1 Humongous Allocation) 1726M->1744M(3068M) 9.862ms
[151.304s][info][gc       ] GC(947) Concurrent Mark Cycle
[151.304s][info][safepoint] Safepoint "G1TryInitiateConcMark", Time since last: 11951700 ns, Reaching safepoint: 471300 ns, At safepoint: 9921200 ns, Total: 10392500 ns
[151.556s][info][gc       ] GC(948) Pause Young (Normal) (G1 Evacuation Pause) 2288M->2290M(3068M) 110.491ms
[151.556s][info][safepoint] Safepoint "G1CollectForAllocation", Time since last: 141100299 ns, Reaching safepoint: 163601 ns, At safepoint: 110587500 ns, Total: 110751101 ns
[151.627s][info][gc       ] GC(947) Pause Remark 2542M->1670M(3068M) 1.424ms
[151.627s][info][safepoint] Safepoint "G1Concurrent", Time since last: 69985499 ns, Reaching safepoint: 224600 ns, At safepoint: 1496601 ns, Total: 1721201 ns
[151.713s][info][gc       ] GC(949) Pause Young (Normal) (G1 Evacuation Pause) 1694M->1706M(3068M) 76.463ms
[151.713s][info][safepoint] Safepoint "G1CollectForAllocation", Time since last: 8772200 ns, Reaching safepoint: 360100 ns, At safepoint: 76551799 ns, Total: 76911899 ns
[151.985s][info][gc       ] GC(950) Pause Young (Normal) (G1 Evacuation Pause) 2226M->2232M(5092M) 127.900ms
[151.985s][info][safepoint] Safepoint "G1CollectForAllocation", Time since last: 143096201 ns, Reaching safepoint: 371700 ns, At safepoint: 128024400 ns, Total: 128396100 ns
[152.295s][info][gc       ] GC(947) Pause Cleanup 3002M->3002M(5092M) 0.282ms
[152.295s][info][safepoint] Safepoint "G1Concurrent", Time since last: 309396900 ns, Reaching safepoint: 814800 ns, At safepoint: 340300 ns, Total: 1155100 ns
[152.302s][info][gc       ] GC(947) Concurrent Mark Cycle 998.514ms
[152.630s][info][gc       ] GC(951) Pause Young (Prepare Mixed) (G1 Evacuation Pause) 3200M->3210M(5092M) 264.911ms
[152.630s][info][safepoint] Safepoint "G1CollectForAllocation", Time since last: 69843800 ns, Reaching safepoint: 224500 ns, At safepoint: 265000300 ns, Total: 265224800 ns
[152.809s][info][gc       ] GC(952) Pause Young (Mixed) (G1 Evacuation Pause) 3470M->3422M(5092M) 96.510ms
[152.809s][info][safepoint] Safepoint "G1CollectForAllocation", Time since last: 82163100 ns, Reaching safepoint: 189500 ns, At safepoint: 96592500 ns, Total: 96782000 ns
[152.836s][info][gc       ] GC(953) Pause Young (Concurrent Start) (G1 Humongous Allocation) 3450M->3468M(5092M) 15.518ms
[152.836s][info][safepoint] Safepoint "G1TryInitiateConcMark", Time since last: 10739300 ns, Reaching safepoint: 209400 ns, At safepoint: 15604000 ns, Total: 15813400 ns
[152.836s][info][gc       ] GC(954) Concurrent Mark Cycle
[152.982s][info][gc       ] GC(954) Pause Remark 3828M->916M(3068M) 2.576ms
[152.982s][info][safepoint] Safepoint "G1Concurrent", Time since last: 131192800 ns, Reaching safepoint: 12625600 ns, At safepoint: 2641900 ns, Total: 15267500 ns
[153.156s][info][gc       ] GC(955) Pause Young (Normal) (G1 Evacuation Pause) 1148M->1149M(3068M) 109.911ms
[153.157s][info][safepoint] Safepoint "G1CollectForAllocation", Time since last: 64087799 ns, Reaching safepoint: 238201 ns, At safepoint: 110033700 ns, Total: 110271901 ns
[153.313s][info][gc       ] GC(954) Pause Cleanup 1633M->1633M(3068M) 0.145ms
[153.313s][info][safepoint] Safepoint "G1Concurrent", Time since last: 155946800 ns, Reaching safepoint: 291600 ns, At safepoint: 214600 ns, Total: 506200 ns
[153.316s][info][gc       ] GC(954) Concurrent Mark Cycle 480.382ms
[153.599s][info][gc       ] GC(956) Pause Young (Prepare Mixed) (G1 Evacuation Pause) 1961M->1974M(3068M) 200.631ms
[153.599s][info][safepoint] Safepoint "G1CollectForAllocation", Time since last: 85504599 ns, Reaching safepoint: 181301 ns, At safepoint: 200719000 ns, Total: 200900301 ns
[153.684s][info][gc       ] GC(957) Pause Young (Mixed) (G1 Evacuation Pause) 2110M->2086M(3068M) 49.101ms
[153.684s][info][safepoint] Safepoint "G1CollectForAllocation", Time since last: 35061300 ns, Reaching safepoint: 136500 ns, At safepoint: 49179300 ns, Total: 49315800 ns
[153.719s][info][gc       ] GC(958) Pause Young (Concurrent Start) (G1 Humongous Allocation) 2098M->2113M(5092M) 30.184ms
[153.719s][info][gc       ] GC(959) Concurrent Undo Cycle
[153.719s][info][safepoint] Safepoint "G1TryInitiateConcMark", Time since last: 4414000 ns, Reaching safepoint: 207099 ns, At safepoint: 30393201 ns, Total: 30600300 ns
[153.726s][info][gc       ] GC(959) Concurrent Undo Cycle 6.846ms
[153.755s][info][gc       ] GC(960) Pause Young (Concurrent Start) (G1 Humongous Allocation) 2185M->2186M(5092M) 15.641ms
[153.755s][info][gc       ] GC(961) Concurrent Mark Cycle
[153.755s][info][safepoint] Safepoint "G1TryInitiateConcMark", Time since last: 20623700 ns, Reaching safepoint: 150200 ns, At safepoint: 15747700 ns, Total: 15897900 ns
[153.809s][info][gc       ] GC(961) Pause Remark 2390M->466M(1560M) 1.521ms
[153.809s][info][safepoint] Safepoint "G1Concurrent", Time since last: 51651900 ns, Reaching safepoint: 377999 ns, At safepoint: 1659701 ns, Total: 2037700 ns
[153.875s][info][gc       ] GC(961) Pause Cleanup 702M->702M(1560M) 0.136ms
[153.875s][info][safepoint] Safepoint "G1Concurrent", Time since last: 65212700 ns, Reaching safepoint: 146200 ns, At safepoint: 194600 ns, Total: 340800 ns
[153.876s][info][gc       ] GC(961) Concurrent Mark Cycle 120.420ms
[154.145s][info][gc       ] GC(962) Pause Young (Prepare Mixed) (G1 Preventive Collection) 1006M->1004M(1560M) 185.428ms
[154.145s][info][safepoint] Safepoint "G1CollectForAllocation", Time since last: 76222099 ns, Reaching safepoint: 8570701 ns, At safepoint: 185522700 ns, Total: 194093401 ns
[154.192s][info][gc       ] GC(963) Pause Young (Mixed) (G1 Evacuation Pause) 1012M->1015M(1560M) 37.270ms
[154.192s][info][safepoint] Safepoint "G1CollectForAllocation", Time since last: 2317500 ns, Reaching safepoint: 7655100 ns, At safepoint: 37352700 ns, Total: 45007800 ns
[154.204s][info][gc       ] GC(964) Pause Young (Concurrent Start) (G1 Humongous Allocation) 1019M->1012M(1560M) 2.149ms
[154.204s][info][gc       ] GC(965) Concurrent Mark Cycle
[154.204s][info][safepoint] Safepoint "G1TryInitiateConcMark", Time since last: 959800 ns, Reaching safepoint: 8830199 ns, At safepoint: 2215301 ns, Total: 11045500 ns
[154.223s][info][gc       ] GC(965) Pause Remark 1064M->186M(640M) 0.494ms
[154.223s][info][safepoint] Safepoint "G1Concurrent", Time since last: 9579400 ns, Reaching safepoint: 8556300 ns, At safepoint: 536900 ns, Total: 9093200 ns
[154.242s][info][gc       ] GC(965) Pause Cleanup 234M->234M(640M) 0.055ms
[154.242s][info][safepoint] Safepoint "G1Concurrent", Time since last: 11061300 ns, Reaching safepoint: 7979999 ns, At safepoint: 109101 ns, Total: 8089100 ns
[154.242s][info][gc       ] GC(965) Concurrent Mark Cycle 38.228ms
[154.313s][info][gc       ] GC(966) Pause Young (Prepare Mixed) (G1 Evacuation Pause) 322M->323M(640M) 46.431ms
[154.313s][info][safepoint] Safepoint "G1CollectForAllocation", Time since last: 24322400 ns, Reaching safepoint: 165700 ns, At safepoint: 46523100 ns, Total: 46688800 ns
[154.347s][info][gc       ] GC(967) Pause Young (Mixed) (G1 Evacuation Pause) 371M->317M(1920M) 22.355ms
[154.347s][info][safepoint] Safepoint "G1CollectForAllocation", Time since last: 11394900 ns, Reaching safepoint: 142300 ns, At safepoint: 22439300 ns, Total: 22581600 ns
[154.423s][info][gc       ] GC(968) Pause Young (Mixed) (G1 Evacuation Pause) 465M->454M(1920M) 28.732ms
[154.423s][info][safepoint] Safepoint "G1CollectForAllocation", Time since last: 47137300 ns, Reaching safepoint: 92100 ns, At safepoint: 28821100 ns, Total: 28913200 ns
[154.475s][info][gc       ] GC(969) Pause Young (Concurrent Start) (G1 Humongous Allocation) 530M->536M(1920M) 21.645ms
[154.475s][info][safepoint] Safepoint "G1TryInitiateConcMark", Time since last: 30070700 ns, Reaching safepoint: 177100 ns, At safepoint: 21736200 ns, Total: 21913300 ns
[154.475s][info][gc       ] GC(970) Concurrent Mark Cycle
[154.604s][info][gc       ] GC(970) Pause Remark 944M->836M(1920M) 0.940ms
[154.604s][info][safepoint] Safepoint "G1Concurrent", Time since last: 124450000 ns, Reaching safepoint: 3722899 ns, At safepoint: 997201 ns, Total: 4720100 ns
[154.834s][info][gc       ] GC(971) Pause Young (Normal) (G1 Evacuation Pause) 1072M->1072M(1920M) 137.639ms
[154.834s][info][safepoint] Safepoint "G1CollectForAllocation", Time since last: 91308900 ns, Reaching safepoint: 364700 ns, At safepoint: 137733500 ns, Total: 138098200 ns
[154.932s][info][gc       ] GC(970) Pause Cleanup 1312M->1312M(1920M) 0.134ms
[154.932s][info][safepoint] Safepoint "G1Concurrent", Time since last: 97018499 ns, Reaching safepoint: 718701 ns, At safepoint: 218500 ns, Total: 937201 ns
[154.933s][info][gc       ] GC(970) Concurrent Mark Cycle 458.091ms
[155.042s][info][gc       ] GC(972) Pause Young (Prepare Mixed) (G1 Evacuation Pause) 1364M->1378M(1920M) 90.263ms
[155.042s][info][safepoint] Safepoint "G1CollectForAllocation", Time since last: 19672200 ns, Reaching safepoint: 58600 ns, At safepoint: 90377900 ns, Total: 90436500 ns
[155.130s][info][gc       ] GC(973) Pause Young (Mixed) (G1 Evacuation Pause) 1522M->1528M(1920M) 33.494ms
[155.130s][info][safepoint] Safepoint "G1CollectForAllocation", Time since last: 54267900 ns, Reaching safepoint: 251200 ns, At safepoint: 33646400 ns, Total: 33897600 ns
[155.184s][info][gc       ] GC(974) Pause Young (Concurrent Start) (G1 Evacuation Pause) 1612M->1624M(4404M) 23.195ms
[155.184s][info][gc       ] GC(975) Concurrent Mark Cycle
[155.184s][info][safepoint] Safepoint "G1CollectForAllocation", Time since last: 31023900 ns, Reaching safepoint: 162100 ns, At safepoint: 23350700 ns, Total: 23512800 ns
[155.369s][info][gc       ] GC(975) Pause Remark 2000M->1184M(3948M) 1.096ms
[155.370s][info][safepoint] Safepoint "G1Concurrent", Time since last: 181274900 ns, Reaching safepoint: 2587899 ns, At safepoint: 1210001 ns, Total: 3797900 ns
[155.589s][info][gc       ] GC(975) Pause Cleanup 1664M->1664M(3948M) 0.241ms
[155.589s][info][safepoint] Safepoint "G1Concurrent", Time since last: 218946499 ns, Reaching safepoint: 195301 ns, At safepoint: 302599 ns, Total: 497900 ns
[155.595s][info][gc       ] GC(975) Concurrent Mark Cycle 410.268ms
[156.008s][info][gc       ] GC(976) Pause Young (Prepare Mixed) (G1 Evacuation Pause) 1980M->1984M(3948M) 272.309ms
[156.009s][info][safepoint] Safepoint "G1CollectForAllocation", Time since last: 147008601 ns, Reaching safepoint: 200899 ns, At safepoint: 272395601 ns, Total: 272596500 ns
[156.152s][info][gc       ] GC(977) Pause Young (Mixed) (G1 Evacuation Pause) 2168M->2116M(3948M) 92.374ms
[156.152s][info][safepoint] Safepoint "G1CollectForAllocation", Time since last: 50634800 ns, Reaching safepoint: 181299 ns, At safepoint: 92466301 ns, Total: 92647600 ns
[156.197s][info][gc       ] GC(978) Pause Young (Concurrent Start) (G1 Humongous Allocation) 2162M->2176M(3948M) 27.514ms
[156.197s][info][safepoint] Safepoint "G1TryInitiateConcMark", Time since last: 17755199 ns, Reaching safepoint: 216701 ns, At safepoint: 27607300 ns, Total: 27824001 ns
[156.197s][info][gc       ] GC(979) Concurrent Mark Cycle
[156.258s][info][gc       ] GC(979) Pause Remark 2340M->412M(1376M) 1.110ms
[156.258s][info][safepoint] Safepoint "G1Concurrent", Time since last: 49205899 ns, Reaching safepoint: 10329601 ns, At safepoint: 1194399 ns, Total: 11524000 ns
[156.319s][info][gc       ] GC(979) Pause Cleanup 518M->518M(1376M) 0.201ms
[156.319s][info][safepoint] Safepoint "G1Concurrent", Time since last: 60875701 ns, Reaching safepoint: 132900 ns, At safepoint: 253899 ns, Total: 386799 ns
[156.322s][info][gc       ] GC(979) Concurrent Mark Cycle 124.439ms
[156.559s][info][gc       ] GC(980) Pause Young (Prepare Mixed) (G1 Preventive Collection) 904M->906M(1376M) 155.819ms
[156.559s][info][safepoint] Safepoint "G1CollectForAllocation", Time since last: 82780001 ns, Reaching safepoint: 719200 ns, At safepoint: 155915600 ns, Total: 156634800 ns
[156.599s][info][gc       ] GC(981) Pause Young (Mixed) (G1 Evacuation Pause) 910M->918M(1376M) 31.351ms
[156.599s][info][safepoint] Safepoint "G1CollectForAllocation", Time since last: 1777300 ns, Reaching safepoint: 6701300 ns, At safepoint: 31441800 ns, Total: 38143100 ns
[156.646s][info][gc       ] GC(982) Pause Young (Concurrent Start) (G1 Humongous Allocation) 994M->1004M(4076M) 22.510ms
[156.646s][info][gc       ] GC(983) Concurrent Undo Cycle
[156.647s][info][safepoint] Safepoint "G1TryInitiateConcMark", Time since last: 24985800 ns, Reaching safepoint: 151200 ns, At safepoint: 22683200 ns, Total: 22834400 ns
[156.651s][info][gc       ] GC(983) Concurrent Undo Cycle 4.473ms
[156.804s][info][gc       ] GC(984) Pause Young (Concurrent Start) (G1 Humongous Allocation) 1320M->1325M(4076M) 80.093ms
[156.804s][info][safepoint] Safepoint "G1TryInitiateConcMark", Time since last: 76660200 ns, Reaching safepoint: 182199 ns, At safepoint: 80244601 ns, Total: 80426800 ns
[156.804s][info][gc       ] GC(985) Concurrent Mark Cycle
[156.853s][info][gc       ] GC(985) Pause Remark 1449M->489M(1640M) 0.951ms
[156.853s][info][safepoint] Safepoint "G1Concurrent", Time since last: 47370799 ns, Reaching safepoint: 571701 ns, At safepoint: 1002300 ns, Total: 1574001 ns
[156.926s][info][gc       ] GC(985) Pause Cleanup 685M->685M(1640M) 0.179ms
[156.926s][info][safepoint] Safepoint "G1Concurrent", Time since last: 73180400 ns, Reaching safepoint: 433400 ns, At safepoint: 236600 ns, Total: 670000 ns
[156.928s][info][gc       ] GC(985) Concurrent Mark Cycle 124.714ms
[157.246s][info][gc       ] GC(986) Pause Young (Prepare Mixed) (G1 Preventive Collection) 1085M->1077M(1640M) 170.679ms
[157.246s][info][safepoint] Safepoint "G1CollectForAllocation", Time since last: 147899800 ns, Reaching safepoint: 618300 ns, At safepoint: 170766399 ns, Total: 171384699 ns
[157.288s][info][gc       ] GC(987) Pause Young (Mixed) (G1 Evacuation Pause) 1097M->1094M(1640M) 33.804ms
[157.288s][info][safepoint] Safepoint "G1CollectForAllocation", Time since last: 4086800 ns, Reaching safepoint: 4323201 ns, At safepoint: 33970400 ns, Total: 38293601 ns
[157.312s][info][gc       ] GC(988) Pause Young (Concurrent Start) (G1 Humongous Allocation) 1122M->1129M(1640M) 7.130ms
[157.312s][info][gc       ] GC(989) Concurrent Mark Cycle
[157.312s][info][safepoint] Safepoint "G1TryInitiateConcMark", Time since last: 16972800 ns, Reaching safepoint: 158699 ns, At safepoint: 7189600 ns, Total: 7348299 ns
[157.353s][info][gc       ] GC(989) Pause Remark 1269M->388M(1296M) 0.798ms
[157.353s][info][safepoint] Safepoint "G1Concurrent", Time since last: 37038901 ns, Reaching safepoint: 2790100 ns, At safepoint: 847399 ns, Total: 3637499 ns
[157.396s][info][gc       ] GC(990) Pause Young (Normal) (G1 Evacuation Pause) 412M->416M(1296M) 33.722ms
[157.396s][info][safepoint] Safepoint "G1CollectForAllocation", Time since last: 9113000 ns, Reaching safepoint: 299100 ns, At safepoint: 33803001 ns, Total: 34102101 ns
[157.443s][info][gc       ] GC(989) Pause Cleanup 568M->568M(1296M) 0.084ms
[157.443s][info][safepoint] Safepoint "G1Concurrent", Time since last: 42464100 ns, Reaching safepoint: 3787999 ns, At safepoint: 129201 ns, Total: 3917200 ns
[157.443s][info][gc       ] GC(989) Concurrent Mark Cycle 131.059ms
[157.568s][info][gc       ] GC(991) Pause Young (Prepare Mixed) (G1 Evacuation Pause) 780M->790M(1296M) 67.909ms
[157.568s][info][safepoint] Safepoint "G1CollectForAllocation", Time since last: 57243200 ns, Reaching safepoint: 203600 ns, At safepoint: 67992300 ns, Total: 68195900 ns
[157.605s][info][gc       ] GC(992) Pause Young (Mixed) (G1 Evacuation Pause) 822M->772M(3888M) 24.319ms
[157.605s][info][safepoint] Safepoint "G1CollectForAllocation", Time since last: 12773999 ns, Reaching safepoint: 147901 ns, At safepoint: 24407200 ns, Total: 24555101 ns
[158.364s][info][gc       ] GC(993) Pause Young (Normal) (G1 Evacuation Pause) 2036M->2034M(3888M) 308.912ms
[158.365s][info][safepoint] Safepoint "G1CollectForAllocation", Time since last: 449816700 ns, Reaching safepoint: 237599 ns, At safepoint: 309042700 ns, Total: 309280299 ns
[158.433s][info][gc       ] GC(994) Pause Young (Concurrent Start) (G1 Humongous Allocation) 2052M->2067M(3888M) 61.200ms
[158.433s][info][gc       ] GC(995) Concurrent Mark Cycle
[158.433s][info][safepoint] Safepoint "G1TryInitiateConcMark", Time since last: 7430801 ns, Reaching safepoint: 115600 ns, At safepoint: 61280000 ns, Total: 61395600 ns
[158.472s][info][gc       ] GC(995) Pause Remark 2163M->407M(1376M) 0.781ms
[158.472s][info][safepoint] Safepoint "G1Concurrent", Time since last: 36874100 ns, Reaching safepoint: 718199 ns, At safepoint: 831200 ns, Total: 1549399 ns
[158.532s][info][gc       ] GC(995) Pause Cleanup 643M->643M(1376M) 0.194ms
[158.532s][info][safepoint] Safepoint "G1Concurrent", Time since last: 60061701 ns, Reaching safepoint: 260400 ns, At safepoint: 293000 ns, Total: 553400 ns
[158.534s][info][gc       ] GC(995) Concurrent Mark Cycle 100.530ms
[158.752s][info][gc       ] GC(996) Pause Young (Prepare Mixed) (G1 Preventive Collection) 915M->922M(1376M) 149.681ms
[158.752s][info][safepoint] Safepoint "G1CollectForAllocation", Time since last: 69941600 ns, Reaching safepoint: 183500 ns, At safepoint: 149769299 ns, Total: 149952799 ns
[158.792s][info][gc       ] GC(997) Pause Young (Mixed) (G1 Evacuation Pause) 930M->878M(1376M) 31.604ms
[158.792s][info][safepoint] Safepoint "G1CollectForAllocation", Time since last: 3335101 ns, Reaching safepoint: 4546000 ns, At safepoint: 31710200 ns, Total: 36256200 ns
[158.825s][info][gc       ] GC(998) Pause Young (Concurrent Start) (G1 Humongous Allocation) 892M->906M(4076M) 24.199ms
[158.825s][info][safepoint] Safepoint "G1TryInitiateConcMark", Time since last: 5440900 ns, Reaching safepoint: 3444600 ns, At safepoint: 24267300 ns, Total: 27711900 ns
[158.825s][info][gc       ] GC(999) Concurrent Undo Cycle
[158.829s][info][gc       ] GC(999) Concurrent Undo Cycle 3.713ms
[158.916s][info][gc       ] GC(1000) Pause Young (Concurrent Start) (G1 Humongous Allocation) 1136M->1134M(4076M) 40.986ms
[158.916s][info][gc       ] GC(1001) Concurrent Mark Cycle
[158.916s][info][safepoint] Safepoint "G1TryInitiateConcMark", Time since last: 50105999 ns, Reaching safepoint: 216301 ns, At safepoint: 41076399 ns, Total: 41292700 ns
[158.939s][info][gc       ] GC(1001) Pause Remark 1218M->244M(828M) 0.855ms
[158.939s][info][safepoint] Safepoint "G1Concurrent", Time since last: 20949601 ns, Reaching safepoint: 538100 ns, At safepoint: 905800 ns, Total: 1443900 ns
[158.963s][info][gc       ] GC(1001) Pause Cleanup 340M->340M(828M) 0.151ms
[158.963s][info][safepoint] Safepoint "G1Concurrent", Time since last: 23257600 ns, Reaching safepoint: 679100 ns, At safepoint: 192400 ns, Total: 871500 ns
[158.963s][info][gc       ] GC(1001) Concurrent Mark Cycle 47.002ms
[159.097s][info][gc       ] GC(1002) Pause Young (Prepare Mixed) (G1 Preventive Collection) 476M->407M(828M) 96.316ms
[159.097s][info][safepoint] Safepoint "G1CollectForAllocation", Time since last: 36956299 ns, Reaching safepoint: 213000 ns, At safepoint: 96402001 ns, Total: 96615001 ns
[159.156s][info][gc       ] GC(1003) Pause Young (Mixed) (G1 Evacuation Pause) 467M->472M(828M) 48.602ms
[159.156s][info][safepoint] Safepoint "G1CollectForAllocation", Time since last: 10331099 ns, Reaching safepoint: 171800 ns, At safepoint: 48692301 ns, Total: 48864101 ns
[159.204s][info][gc       ] GC(1004) Pause Young (Concurrent Start) (G1 Evacuation Pause) 552M->560M(828M) 16.664ms
[159.204s][info][gc       ] GC(1005) Concurrent Mark Cycle
[159.204s][info][safepoint] Safepoint "G1CollectForAllocation", Time since last: 31400600 ns, Reaching safepoint: 56700 ns, At safepoint: 16742900 ns, Total: 16799600 ns
[159.262s][info][gc       ] GC(1006) Pause Young (Normal) (G1 Evacuation Pause) 692M->700M(2484M) 27.030ms
[159.263s][info][safepoint] Safepoint "G1CollectForAllocation", Time since last: 31166500 ns, Reaching safepoint: 258500 ns, At safepoint: 27144600 ns, Total: 27403100 ns
[159.352s][info][gc       ] GC(1005) Pause Remark 950M->802M(2484M) 1.909ms
[159.352s][info][safepoint] Safepoint "G1Concurrent", Time since last: 82444000 ns, Reaching safepoint: 5171300 ns, At safepoint: 1991099 ns, Total: 7162399 ns
[159.529s][info][gc       ] GC(1005) Pause Cleanup 1282M->1282M(2484M) 0.200ms
[159.529s][info][safepoint] Safepoint "G1Concurrent", Time since last: 172370201 ns, Reaching safepoint: 4722999 ns, At safepoint: 255801 ns, Total: 4978800 ns
[159.531s][info][gc       ] GC(1005) Concurrent Mark Cycle 327.286ms
[159.721s][info][gc       ] GC(1007) Pause Young (Prepare Mixed) (G1 Evacuation Pause) 1312M->1314M(2484M) 167.556ms
[159.721s][info][safepoint] Safepoint "G1CollectForAllocation", Time since last: 23568900 ns, Reaching safepoint: 207000 ns, At safepoint: 167672100 ns, Total: 167879100 ns
[159.786s][info][gc       ] GC(1008) Pause Young (Mixed) (G1 Evacuation Pause) 1378M->1386M(2484M) 40.528ms
[159.786s][info][safepoint] Safepoint "G1CollectForAllocation", Time since last: 24283000 ns, Reaching safepoint: 196100 ns, At safepoint: 40603200 ns, Total: 40799300 ns
[159.797s][info][gc       ] GC(1009) Pause Young (Concurrent Start) (G1 Humongous Allocation) 1398M->1400M(2484M) 7.006ms
[159.798s][info][gc       ] GC(1010) Concurrent Mark Cycle
[159.798s][info][safepoint] Safepoint "G1TryInitiateConcMark", Time since last: 4303800 ns, Reaching safepoint: 133600 ns, At safepoint: 7076900 ns, Total: 7210500 ns
[159.947s][info][gc       ] GC(1010) Pause Remark 1760M->979M(2484M) 1.751ms
[159.947s][info][safepoint] Safepoint "G1Concurrent", Time since last: 140206699 ns, Reaching safepoint: 7287301 ns, At safepoint: 1849700 ns, Total: 9137001 ns
[160.075s][info][gc       ] GC(1011) Pause Young (Normal) (G1 Evacuation Pause) 1071M->1071M(2484M) 96.493ms
[160.075s][info][safepoint] Safepoint "G1CollectForAllocation", Time since last: 30902300 ns, Reaching safepoint: 417800 ns, At safepoint: 96596899 ns, Total: 97014699 ns
[160.418s][info][gc       ] GC(1012) Pause Young (Normal) (G1 Evacuation Pause) 1675M->1684M(2484M) 174.151ms
[160.418s][info][safepoint] Safepoint "G1CollectForAllocation", Time since last: 168284301 ns, Reaching safepoint: 265800 ns, At safepoint: 174282200 ns, Total: 174548000 ns
[160.419s][info][gc       ] GC(1010) Pause Cleanup 1688M->1688M(2484M) 0.231ms
[160.419s][info][safepoint] Safepoint "G1Concurrent", Time since last: 550899 ns, Reaching safepoint: 424101 ns, At safepoint: 352500 ns, Total: 776601 ns
[160.421s][info][gc       ] GC(1010) Concurrent Mark Cycle 623.439ms
[160.642s][info][gc       ] GC(1013) Pause Young (Prepare Mixed) (G1 Evacuation Pause) 1972M->1980M(4740M) 104.808ms
[160.642s][info][safepoint] Safepoint "G1CollectForAllocation", Time since last: 117722500 ns, Reaching safepoint: 200800 ns, At safepoint: 104973099 ns, Total: 105173899 ns
[160.877s][info][gc       ] GC(1014) Pause Young (Mixed) (G1 Evacuation Pause) 2300M->2196M(4740M) 96.293ms
[160.877s][info][safepoint] Safepoint "G1CollectForAllocation", Time since last: 138378701 ns, Reaching safepoint: 198000 ns, At safepoint: 96410400 ns, Total: 96608400 ns
[161.167s][info][gc       ] GC(1015) Pause Young (Concurrent Start) (G1 Humongous Allocation) 2660M->2674M(4740M) 110.263ms
[161.167s][info][gc       ] GC(1016) Concurrent Mark Cycle
[161.167s][info][safepoint] Safepoint "G1TryInitiateConcMark", Time since last: 179858899 ns, Reaching safepoint: 202901 ns, At safepoint: 110396999 ns, Total: 110599900 ns
[161.295s][info][gc       ] GC(1016) Pause Remark 3166M->1122M(3748M) 1.060ms
[161.295s][info][safepoint] Safepoint "G1Concurrent", Time since last: 126590000 ns, Reaching safepoint: 156001 ns, At safepoint: 1110700 ns, Total: 1266701 ns
[161.668s][info][gc       ] GC(1017) Pause Young (Normal) (G1 Evacuation Pause) 1490M->1496M(3748M) 218.835ms
[161.668s][info][safepoint] Safepoint "G1CollectForAllocation", Time since last: 153867200 ns, Reaching safepoint: 296900 ns, At safepoint: 218928500 ns, Total: 219225400 ns
[161.787s][info][gc       ] GC(1016) Pause Cleanup 1702M->1702M(3748M) 0.118ms
[161.787s][info][safepoint] Safepoint "G1Concurrent", Time since last: 115446600 ns, Reaching safepoint: 2956600 ns, At safepoint: 186699 ns, Total: 3143299 ns
[161.792s][info][gc       ] GC(1016) Concurrent Mark Cycle 624.536ms
[162.184s][info][gc       ] GC(1018) Pause Young (Prepare Mixed) (G1 Evacuation Pause) 2372M->2384M(3748M) 212.024ms
[162.184s][info][safepoint] Safepoint "G1CollectForAllocation", Time since last: 184973301 ns, Reaching safepoint: 176899 ns, At safepoint: 212162701 ns, Total: 212339600 ns
[162.279s][info][gc       ] GC(1019) Pause Young (Mixed) (G1 Evacuation Pause) 2492M->2498M(3748M) 55.434ms
[162.279s][info][safepoint] Safepoint "G1CollectForAllocation", Time since last: 39523999 ns, Reaching safepoint: 125701 ns, At safepoint: 55560299 ns, Total: 55686000 ns
[162.314s][info][gc       ] GC(1020) Pause Young (Concurrent Start) (G1 Humongous Allocation) 2544M->2560M(5500M) 16.703ms
[162.314s][info][gc       ] GC(1021) Concurrent Undo Cycle
[162.314s][info][safepoint] Safepoint "G1TryInitiateConcMark", Time since last: 17615501 ns, Reaching safepoint: 159399 ns, At safepoint: 16808501 ns, Total: 16967900 ns
[162.320s][info][gc       ] GC(1021) Concurrent Undo Cycle 6.590ms
[162.430s][info][gc       ] GC(1022) Pause Young (Concurrent Start) (G1 Humongous Allocation) 2790M->2794M(5500M) 45.145ms
[162.430s][info][safepoint] Safepoint "G1TryInitiateConcMark", Time since last: 70695300 ns, Reaching safepoint: 194900 ns, At safepoint: 45233299 ns, Total: 45428199 ns
[162.430s][info][gc       ] GC(1023) Concurrent Mark Cycle
[162.458s][info][gc       ] GC(1023) Pause Remark 2902M->312M(1040M) 1.604ms
[162.458s][info][safepoint] Safepoint "G1Concurrent", Time since last: 24032101 ns, Reaching safepoint: 2316500 ns, At safepoint: 1658000 ns, Total: 3974500 ns
[162.489s][info][gc       ] GC(1023) Pause Cleanup 450M->450M(1040M) 0.126ms
[162.490s][info][safepoint] Safepoint "G1Concurrent", Time since last: 28744700 ns, Reaching safepoint: 2544900 ns, At safepoint: 214500 ns, Total: 2759400 ns
[162.490s][info][gc       ] GC(1023) Concurrent Mark Cycle 60.391ms
[162.661s][info][gc       ] GC(1024) Pause Young (Prepare Mixed) (G1 Preventive Collection) 640M->553M(1040M) 120.575ms
[162.661s][info][safepoint] Safepoint "G1CollectForAllocation", Time since last: 50796500 ns, Reaching safepoint: 135800 ns, At safepoint: 120701100 ns, Total: 120836900 ns
[162.734s][info][gc       ] GC(1025) Pause Young (Mixed) (G1 Evacuation Pause) 557M->568M(1040M) 64.416ms
[162.734s][info][safepoint] Safepoint "G1CollectForAllocation", Time since last: 1703799 ns, Reaching safepoint: 6225601 ns, At safepoint: 64499100 ns, Total: 70724701 ns
[162.756s][info][gc       ] GC(1026) Pause Young (Concurrent Start) (G1 Humongous Allocation) 606M->616M(1040M) 8.062ms
[162.756s][info][gc       ] GC(1027) Concurrent Mark Cycle
[162.756s][info][safepoint] Safepoint "G1TryInitiateConcMark", Time since last: 14051300 ns, Reaching safepoint: 27200 ns, At safepoint: 8123100 ns, Total: 8150300 ns
[162.841s][info][gc       ] GC(1028) Pause Young (Normal) (G1 Evacuation Pause) 792M->795M(3120M) 38.739ms
[162.842s][info][safepoint] Safepoint "G1CollectForAllocation", Time since last: 46102300 ns, Reaching safepoint: 733400 ns, At safepoint: 38839400 ns, Total: 39572800 ns
[162.948s][info][gc       ] GC(1027) Pause Remark 1079M->927M(3096M) 1.033ms
[162.948s][info][safepoint] Safepoint "G1Concurrent", Time since last: 93575400 ns, Reaching safepoint: 12140800 ns, At safepoint: 1078499 ns, Total: 13219299 ns
[163.157s][info][gc       ] GC(1027) Pause Cleanup 1571M->1571M(3096M) 0.169ms
[163.157s][info][safepoint] Safepoint "G1Concurrent", Time since last: 208123901 ns, Reaching safepoint: 471100 ns, At safepoint: 266000 ns, Total: 737100 ns
[163.159s][info][gc       ] GC(1027) Concurrent Mark Cycle 403.437ms
[163.407s][info][gc       ] GC(1029) Pause Young (Prepare Mixed) (G1 Evacuation Pause) 1635M->1639M(3096M) 226.718ms
[163.407s][info][safepoint] Safepoint "G1CollectForAllocation", Time since last: 23121900 ns, Reaching safepoint: 143000 ns, At safepoint: 226810500 ns, Total: 226953500 ns
[163.527s][info][gc       ] GC(1030) Pause Young (Mixed) (G1 Evacuation Pause) 1831M->1833M(3096M) 77.637ms
[163.527s][info][safepoint] Safepoint "G1CollectForAllocation", Time since last: 41601400 ns, Reaching safepoint: 114899 ns, At safepoint: 77719401 ns, Total: 77834300 ns
[163.564s][info][gc       ] GC(1031) Pause Young (Concurrent Start) (G1 Humongous Allocation) 1887M->1897M(3096M) 16.029ms
[163.564s][info][gc       ] GC(1032) Concurrent Mark Cycle
[163.564s][info][safepoint] Safepoint "G1TryInitiateConcMark", Time since last: 21131800 ns, Reaching safepoint: 154399 ns, At safepoint: 16117601 ns, Total: 16272000 ns
[163.579s][info][gc       ] GC(1032) Pause Remark 1953M->206M(696M) 1.269ms
[163.579s][info][safepoint] Safepoint "G1Concurrent", Time since last: 12431400 ns, Reaching safepoint: 779100 ns, At safepoint: 1387500 ns, Total: 2166600 ns
[163.595s][info][gc       ] GC(1032) Pause Cleanup 270M->270M(696M) 0.192ms
[163.595s][info][safepoint] Safepoint "G1Concurrent", Time since last: 15008400 ns, Reaching safepoint: 618599 ns, At safepoint: 309301 ns, Total: 927900 ns
[163.595s][info][gc       ] GC(1032) Concurrent Mark Cycle 31.119ms
[163.715s][info][gc       ] GC(1033) Pause Young (Prepare Mixed) (G1 Preventive Collection) 446M->412M(696M) 75.344ms
[163.715s][info][safepoint] Safepoint "G1CollectForAllocation", Time since last: 44786400 ns, Reaching safepoint: 216400 ns, At safepoint: 75436400 ns, Total: 75652800 ns
[163.747s][info][gc       ] GC(1034) Pause Young (Mixed) (G1 Evacuation Pause) 416M->397M(696M) 23.323ms
[163.747s][info][safepoint] Safepoint "G1CollectForAllocation", Time since last: 1733699 ns, Reaching safepoint: 6488701 ns, At safepoint: 23411700 ns, Total: 29900401 ns
[163.761s][info][gc       ] GC(1035) Pause Young (Concurrent Start) (G1 Humongous Allocation) 413M->416M(2088M) 6.310ms
[163.761s][info][safepoint] Safepoint "G1TryInitiateConcMark", Time since last: 5777300 ns, Reaching safepoint: 2539500 ns, At safepoint: 6413199 ns, Total: 8952699 ns
[163.761s][info][gc       ] GC(1036) Concurrent Mark Cycle
[163.857s][info][gc       ] GC(1036) Pause Remark 768M->688M(2088M) 0.877ms
[163.857s][info][safepoint] Safepoint "G1Concurrent", Time since last: 93905201 ns, Reaching safepoint: 658200 ns, At safepoint: 968500 ns, Total: 1626700 ns
[164.130s][info][gc       ] GC(1037) Pause Young (Normal) (G1 Evacuation Pause) 1096M->1094M(2088M) 168.621ms
[164.130s][info][safepoint] Safepoint "G1CollectForAllocation", Time since last: 104076699 ns, Reaching safepoint: 348900 ns, At safepoint: 168714701 ns, Total: 169063601 ns
[164.149s][info][gc       ] GC(1036) Pause Cleanup 1150M->1150M(2088M) 0.246ms
[164.149s][info][safepoint] Safepoint "G1Concurrent", Time since last: 18365400 ns, Reaching safepoint: 687800 ns, At safepoint: 343100 ns, Total: 1030900 ns
[164.151s][info][gc       ] GC(1036) Concurrent Mark Cycle 389.779ms
[164.365s][info][gc       ] GC(1038) Pause Young (Prepare Mixed) (G1 Evacuation Pause) 1530M->1546M(2088M) 115.806ms
[164.365s][info][safepoint] Safepoint "G1CollectForAllocation", Time since last: 99882400 ns, Reaching safepoint: 182199 ns, At safepoint: 115895101 ns, Total: 116077300 ns
[164.418s][info][gc       ] GC(1039) Pause Young (Mixed) (G1 Evacuation Pause) 1610M->1612M(2088M) 28.808ms
[164.418s][info][safepoint] Safepoint "G1CollectForAllocation", Time since last: 23840200 ns, Reaching safepoint: 69100 ns, At safepoint: 28883400 ns, Total: 28952500 ns
[164.469s][info][gc       ] GC(1040) Pause Young (Concurrent Start) (G1 Humongous Allocation) 1697M->1708M(2088M) 19.292ms
[164.469s][info][gc       ] GC(1041) Concurrent Mark Cycle
[164.469s][info][safepoint] Safepoint "G1TryInitiateConcMark", Time since last: 31601900 ns, Reaching safepoint: 33200 ns, At safepoint: 19433399 ns, Total: 19466599 ns
[164.551s][info][gc       ] GC(1042) Pause Young (Normal) (G1 Evacuation Pause) 1916M->1923M(2088M) 32.228ms
[164.551s][info][safepoint] Safepoint "G1CollectForAllocation", Time since last: 49466400 ns, Reaching safepoint: 294001 ns, At safepoint: 32360500 ns, Total: 32654501 ns
[164.596s][info][gc       ] GC(1043) Pause Young (Normal) (G1 Preventive Collection) 2002M->2007M(4504M) 24.134ms
[164.596s][info][safepoint] Safepoint "G1CollectForAllocation", Time since last: 19964299 ns, Reaching safepoint: 248601 ns, At safepoint: 24326300 ns, Total: 24574901 ns
[164.737s][info][gc       ] GC(1041) Pause Remark 2321M->1391M(4504M) 0.946ms
[164.738s][info][safepoint] Safepoint "G1Concurrent", Time since last: 123883000 ns, Reaching safepoint: 16661100 ns, At safepoint: 1032299 ns, Total: 17693399 ns
[165.035s][info][gc       ] GC(1041) Pause Cleanup 2097M->2097M(4504M) 0.248ms
[165.035s][info][safepoint] Safepoint "G1Concurrent", Time since last: 297002301 ns, Reaching safepoint: 491600 ns, At safepoint: 351600 ns, Total: 843200 ns
[165.043s][info][gc       ] GC(1041) Concurrent Mark Cycle 573.296ms
[165.312s][info][gc       ] GC(1044) Pause Young (Prepare Mixed) (G1 Evacuation Pause) 2129M->2130M(4504M) 266.401ms
[165.312s][info][safepoint] Safepoint "G1CollectForAllocation", Time since last: 10127099 ns, Reaching safepoint: 207101 ns, At safepoint: 266525399 ns, Total: 266732500 ns
[165.491s][info][gc       ] GC(1045) Pause Young (Mixed) (G1 Evacuation Pause) 2362M->2336M(4504M) 96.484ms
[165.491s][info][safepoint] Safepoint "G1CollectForAllocation", Time since last: 82020901 ns, Reaching safepoint: 202499 ns, At safepoint: 96570301 ns, Total: 96772800 ns
[165.667s][info][gc       ] GC(1046) Pause Young (Concurrent Start) (G1 Humongous Allocation) 2656M->2664M(4504M) 75.999ms
[165.667s][info][safepoint] Safepoint "G1TryInitiateConcMark", Time since last: 99966199 ns, Reaching safepoint: 180901 ns, At safepoint: 76092400 ns, Total: 76273301 ns
[165.667s][info][gc       ] GC(1047) Concurrent Mark Cycle
[165.825s][info][gc       ] GC(1047) Pause Remark 3266M->1478M(4504M) 0.998ms
[165.825s][info][safepoint] Safepoint "G1Concurrent", Time since last: 147605500 ns, Reaching safepoint: 8769900 ns, At safepoint: 1093699 ns, Total: 9863599 ns
[166.104s][info][gc       ] GC(1048) Pause Young (Normal) (G1 Evacuation Pause) 1672M->1682M(4504M) 222.305ms
[166.104s][info][safepoint] Safepoint "G1CollectForAllocation", Time since last: 56369001 ns, Reaching safepoint: 317499 ns, At safepoint: 222406900 ns, Total: 222724399 ns
[166.377s][info][gc       ] GC(1047) Pause Cleanup 2490M->2490M(4504M) 0.277ms
[166.377s][info][safepoint] Safepoint "G1Concurrent", Time since last: 272565301 ns, Reaching safepoint: 478200 ns, At safepoint: 393800 ns, Total: 872000 ns
[166.605s][info][gc       ] GC(1049) Pause Young (Prepare Mixed) (G1 Evacuation Pause) 2490M->2500M(4504M) 227.489ms
[166.605s][info][safepoint] Safepoint "G1CollectForAllocation", Time since last: 190299 ns, Reaching safepoint: 183500 ns, At safepoint: 227591201 ns, Total: 227774701 ns
[166.613s][info][gc       ] GC(1047) Concurrent Mark Cycle 945.254ms
[166.745s][info][gc       ] GC(1050) Pause Young (Mixed) (G1 Evacuation Pause) 2728M->2658M(4504M) 75.482ms
[166.745s][info][safepoint] Safepoint "G1CollectForAllocation", Time since last: 64488899 ns, Reaching safepoint: 192900 ns, At safepoint: 75562300 ns, Total: 75755200 ns
[166.786s][info][gc       ] GC(1051) Pause Young (Concurrent Start) (G1 Humongous Allocation) 2716M->2722M(5952M) 19.153ms
[166.786s][info][gc       ] GC(1052) Concurrent Undo Cycle
[166.786s][info][safepoint] Safepoint "G1TryInitiateConcMark", Time since last: 21553801 ns, Reaching safepoint: 23600 ns, At safepoint: 19236100 ns, Total: 19259700 ns
[166.793s][info][gc       ] GC(1052) Concurrent Undo Cycle 6.781ms
[167.497s][info][gc       ] GC(1053) Pause Young (Normal) (G1 Evacuation Pause) 3834M->3838M(5952M) 283.577ms
[167.497s][info][safepoint] Safepoint "G1CollectForAllocation", Time since last: 426753300 ns, Reaching safepoint: 193800 ns, At safepoint: 283671000 ns, Total: 283864800 ns
[167.597s][info][gc       ] GC(1054) Pause Young (Concurrent Start) (G1 Humongous Allocation) 3900M->3919M(5952M) 79.803ms
[167.597s][info][gc       ] GC(1055) Concurrent Mark Cycle
[167.597s][info][safepoint] Safepoint "G1TryInitiateConcMark", Time since last: 20522400 ns, Reaching safepoint: 134199 ns, At safepoint: 79884501 ns, Total: 80018700 ns
[167.626s][info][gc       ] GC(1055) Pause Remark 4027M->343M(1148M) 1.318ms
[167.626s][info][safepoint] Safepoint "G1Concurrent", Time since last: 24824500 ns, Reaching safepoint: 2425600 ns, At safepoint: 1374600 ns, Total: 3800200 ns
[167.671s][info][gc       ] GC(1055) Pause Cleanup 511M->511M(1148M) 0.167ms
[167.671s][info][safepoint] Safepoint "G1Concurrent", Time since last: 43898400 ns, Reaching safepoint: 800700 ns, At safepoint: 224400 ns, Total: 1025100 ns
[167.672s][info][gc       ] GC(1055) Concurrent Mark Cycle 74.215ms
[167.845s][info][gc       ] GC(1056) Pause Young (Prepare Mixed) (G1 Preventive Collection) 713M->664M(1148M) 122.924ms
[167.845s][info][safepoint] Safepoint "G1CollectForAllocation", Time since last: 50712999 ns, Reaching safepoint: 152001 ns, At safepoint: 123015099 ns, Total: 123167100 ns
[167.904s][info][gc       ] GC(1057) Pause Young (Mixed) (G1 Evacuation Pause) 748M->752M(1148M) 44.600ms
[167.904s][info][safepoint] Safepoint "G1CollectForAllocation", Time since last: 14105700 ns, Reaching safepoint: 181600 ns, At safepoint: 44691700 ns, Total: 44873300 ns
[167.954s][info][gc       ] GC(1058) Pause Young (Concurrent Start) (G1 Evacuation Pause) 832M->844M(3444M) 18.918ms
[167.954s][info][gc       ] GC(1059) Concurrent Mark Cycle
[167.954s][info][safepoint] Safepoint "G1CollectForAllocation", Time since last: 30850001 ns, Reaching safepoint: 180400 ns, At safepoint: 19079600 ns, Total: 19260000 ns
[168.123s][info][gc       ] GC(1059) Pause Remark 1520M->1248M(3444M) 0.933ms
[168.123s][info][safepoint] Safepoint "G1Concurrent", Time since last: 164595300 ns, Reaching safepoint: 3103499 ns, At safepoint: 1042701 ns, Total: 4146200 ns
[168.446s][info][gc       ] GC(1060) Pause Young (Normal) (G1 Evacuation Pause) 1528M->1532M(3444M) 231.055ms
[168.447s][info][safepoint] Safepoint "G1CollectForAllocation", Time since last: 90504500 ns, Reaching safepoint: 2159300 ns, At safepoint: 231196800 ns, Total: 233356100 ns
[168.682s][info][gc       ] GC(1059) Pause Cleanup 2288M->2288M(3444M) 0.153ms
[168.682s][info][safepoint] Safepoint "G1Concurrent", Time since last: 234631700 ns, Reaching safepoint: 709500 ns, At safepoint: 206200 ns, Total: 915700 ns
[168.684s][info][gc       ] GC(1059) Concurrent Mark Cycle 730.521ms
[168.942s][info][gc       ] GC(1061) Pause Young (Prepare Mixed) (G1 Evacuation Pause) 2384M->2392M(3444M) 242.089ms
[168.942s][info][safepoint] Safepoint "G1CollectForAllocation", Time since last: 17654199 ns, Reaching safepoint: 56200 ns, At safepoint: 242176200 ns, Total: 242232400 ns
[169.033s][info][gc       ] GC(1062) Pause Young (Mixed) (G1 Evacuation Pause) 2492M->2494M(3444M) 53.537ms
[169.033s][info][safepoint] Safepoint "G1CollectForAllocation", Time since last: 37560701 ns, Reaching safepoint: 36999 ns, At safepoint: 53615101 ns, Total: 53652100 ns
[169.071s][info][gc       ] GC(1063) Pause Young (Concurrent Start) (G1 Humongous Allocation) 2550M->2562M(3444M) 15.511ms
[169.071s][info][gc       ] GC(1064) Concurrent Mark Cycle
[169.071s][info][safepoint] Safepoint "G1TryInitiateConcMark", Time since last: 22004200 ns, Reaching safepoint: 42199 ns, At safepoint: 15578200 ns, Total: 15620399 ns
[169.271s][info][gc       ] GC(1064) Pause Remark 2782M->1018M(3416M) 1.114ms
[169.271s][info][safepoint] Safepoint "G1Concurrent", Time since last: 198722101 ns, Reaching safepoint: 205600 ns, At safepoint: 1216700 ns, Total: 1422300 ns
[169.486s][info][gc       ] GC(1064) Pause Cleanup 1018M->1018M(3416M) 0.261ms
[169.486s][info][safepoint] Safepoint "G1Concurrent", Time since last: 214489499 ns, Reaching safepoint: 205301 ns, At safepoint: 310400 ns, Total: 515701 ns
[169.488s][info][gc       ] GC(1064) Concurrent Mark Cycle 416.709ms
