[0.009s][info][gc] Using G1
[0.862s][info][gc] GC(0) Pause Young (Normal) (G1 Evacuation Pause) 28M->15M(508M) 5.640ms
[0.862s][info][safepoint] Safepoint "G1CollectForAllocation", Time since last: 840849500 ns, Reaching safepoint: 80900 ns, At safepoint: 5848900 ns, Total: 5929800 ns
[0.887s][info][gc       ] GC(1) Pause Young (Normal) (G1 Evacuation Pause) 55M->56M(508M) 12.710ms
[0.888s][info][safepoint] Safepoint "G1CollectForAllocation", Time since last: 12334600 ns, Reaching safepoint: 370300 ns, At safepoint: 12898600 ns, Total: 13268900 ns
[0.904s][info][gc       ] GC(2) Pause Young (Normal) (G1 Evacuation Pause) 88M->89M(508M) 6.854ms
[0.905s][info][safepoint] Safepoint "G1CollectForAllocation", Time since last: 9419900 ns, Reaching safepoint: 188900 ns, At safepoint: 7948500 ns, Total: 8137400 ns
[0.926s][info][gc       ] GC(3) Pause Young (Normal) (G1 Evacuation Pause) 125M->128M(508M) 9.686ms
[0.926s][info][safepoint] Safepoint "G1CollectForAllocation", Time since last: 10981800 ns, Reaching safepoint: 169700 ns, At safepoint: 9785900 ns, Total: 9955600 ns
[0.941s][info][gc       ] GC(4) Pause Young (Normal) (G1 Evacuation Pause) 152M->154M(508M) 7.936ms
[0.941s][info][safepoint] Safepoint "G1CollectForAllocation", Time since last: 6353700 ns, Reaching safepoint: 187500 ns, At safepoint: 8028600 ns, Total: 8216100 ns
[0.973s][info][gc       ] GC(5) Pause Young (Normal) (G1 Evacuation Pause) 218M->216M(1524M) 11.873ms
[0.973s][info][safepoint] Safepoint "G1CollectForAllocation", Time since last: 19808000 ns, Reaching safepoint: 207400 ns, At safepoint: 11962000 ns, Total: 12169400 ns
[1.051s][info][gc       ] GC(6) Pause Young (Normal) (G1 Evacuation Pause) 332M->334M(1524M) 31.491ms
[1.051s][info][safepoint] Safepoint "G1CollectForAllocation", Time since last: 46963600 ns, Reaching safepoint: 192300 ns, At safepoint: 31587800 ns, Total: 31780100 ns
[1.103s][info][gc       ] GC(7) Pause Young (Normal) (G1 Evacuation Pause) 438M->439M(1524M) 22.181ms
[1.103s][info][safepoint] Safepoint "G1CollectForAllocation", Time since last: 29350500 ns, Reaching safepoint: 135700 ns, At safepoint: 22306000 ns, Total: 22441700 ns
[1.160s][info][gc       ] GC(8) Pause Young (Normal) (G1 Evacuation Pause) 539M->544M(1524M) 26.713ms
[1.160s][info][safepoint] Safepoint "G1CollectForAllocation", Time since last: 29858100 ns, Reaching safepoint: 205700 ns, At safepoint: 26818100 ns, Total: 27023800 ns
[1.225s][info][gc       ] GC(9) Pause Young (Normal) (G1 Evacuation Pause) 660M->663M(4164M) 32.154ms
[1.225s][info][safepoint] Safepoint "G1CollectForAllocation", Time since last: 32625100 ns, Reaching safepoint: 123900 ns, At safepoint: 32282300 ns, Total: 32406200 ns
[1.424s][info][gc       ] GC(10) Pause Young (Normal) (G1 Evacuation Pause) 987M->988M(4164M) 74.130ms
[1.424s][info][safepoint] Safepoint "G1CollectForAllocation", Time since last: 124732000 ns, Reaching safepoint: 149900 ns, At safepoint: 74240900 ns, Total: 74390800 ns
[1.571s][info][gc       ] GC(11) Pause Young (Normal) (G1 Evacuation Pause) 1280M->1288M(4164M) 68.701ms
[1.571s][info][safepoint] Safepoint "G1CollectForAllocation", Time since last: 77774700 ns, Reaching safepoint: 198200 ns, At safepoint: 68859200 ns, Total: 69057400 ns
[1.722s][info][gc       ] GC(12) Pause Young (Normal) (G1 Evacuation Pause) 1584M->1592M(4164M) 67.050ms
[1.722s][info][safepoint] Safepoint "G1CollectForAllocation", Time since last: 83449400 ns, Reaching safepoint: 199300 ns, At safepoint: 67161900 ns, Total: 67361200 ns
[1.892s][info][gc       ] GC(13) Pause Young (Normal) (G1 Evacuation Pause) 1884M->1890M(5748M) 90.419ms
[1.892s][info][safepoint] Safepoint "G1CollectForAllocation", Time since last: 79515000 ns, Reaching safepoint: 214200 ns, At safepoint: 90566100 ns, Total: 90780300 ns
[2.143s][info][gc       ] GC(14) Pause Young (Normal) (G1 Evacuation Pause) 2314M->2318M(5748M) 91.206ms
[2.143s][info][safepoint] Safepoint "G1CollectForAllocation", Time since last: 159075800 ns, Reaching safepoint: 196600 ns, At safepoint: 91355100 ns, Total: 91551700 ns
[2.337s][info][gc       ] GC(15) Pause Young (Normal) (G1 Evacuation Pause) 2718M->2720M(5748M) 85.647ms
[2.337s][info][safepoint] Safepoint "G1CollectForAllocation", Time since last: 108361400 ns, Reaching safepoint: 201600 ns, At safepoint: 85766100 ns, Total: 85967700 ns
[2.357s][info][gc       ] GC(16) Pause Young (Concurrent Start) (G1 Humongous Allocation) 2724M->2738M(5748M) 18.329ms
[2.357s][info][gc       ] GC(17) Concurrent Mark Cycle
[2.357s][info][safepoint] Safepoint "G1TryInitiateConcMark", Time since last: 1408200 ns, Reaching safepoint: 100400 ns, At safepoint: 18477100 ns, Total: 18577500 ns
[2.401s][info][gc       ] GC(17) Pause Remark 2882M->406M(1376M) 1.552ms
[2.401s][info][safepoint] Safepoint "G1Concurrent", Time since last: 41827100 ns, Reaching safepoint: 205400 ns, At safepoint: 1675400 ns, Total: 1880800 ns
[2.453s][info][gc       ] GC(17) Pause Cleanup 630M->630M(1376M) 0.118ms
[2.453s][info][safepoint] Safepoint "G1Concurrent", Time since last: 51719400 ns, Reaching safepoint: 569300 ns, At safepoint: 177700 ns, Total: 747000 ns
[2.457s][info][gc       ] GC(17) Concurrent Mark Cycle 99.927ms
[2.581s][info][gc       ] GC(18) Pause Young (Prepare Mixed) (G1 Evacuation Pause) 722M->716M(1376M) 107.757ms
[2.581s][info][safepoint] Safepoint "G1CollectForAllocation", Time since last: 19551000 ns, Reaching safepoint: 162800 ns, At safepoint: 107835100 ns, Total: 107997900 ns
[2.643s][info][gc       ] GC(19) Pause Young (Mixed) (G1 Evacuation Pause) 776M->742M(4076M) 50.245ms
[2.643s][info][safepoint] Safepoint "G1CollectForAllocation", Time since last: 12203700 ns, Reaching safepoint: 84100 ns, At safepoint: 50347400 ns, Total: 50431500 ns
[2.823s][info][gc       ] GC(20) Pause Young (Normal) (G1 Evacuation Pause) 1110M->1111M(4076M) 79.008ms
[2.823s][info][safepoint] Safepoint "G1CollectForAllocation", Time since last: 100355400 ns, Reaching safepoint: 205400 ns, At safepoint: 79111500 ns, Total: 79316900 ns
[3.006s][info][gc       ] GC(21) Pause Young (Normal) (G1 Evacuation Pause) 1527M->1534M(4076M) 91.272ms
[3.006s][info][safepoint] Safepoint "G1CollectForAllocation", Time since last: 91502400 ns, Reaching safepoint: 133200 ns, At safepoint: 91372600 ns, Total: 91505800 ns
[3.205s][info][gc       ] GC(22) Pause Young (Normal) (G1 Evacuation Pause) 1978M->1984M(4076M) 101.781ms
[3.205s][info][safepoint] Safepoint "G1CollectForAllocation", Time since last: 96476900 ns, Reaching safepoint: 221100 ns, At safepoint: 101860700 ns, Total: 102081800 ns
[3.228s][info][gc       ] GC(23) Pause Young (Concurrent Start) (G1 Humongous Allocation) 1988M->2000M(5696M) 22.005ms
[3.228s][info][gc       ] GC(24) Concurrent Undo Cycle
[3.228s][info][safepoint] Safepoint "G1TryInitiateConcMark", Time since last: 1309400 ns, Reaching safepoint: 53500 ns, At safepoint: 22107800 ns, Total: 22161300 ns
[3.234s][info][gc       ] GC(24) Concurrent Undo Cycle 5.579ms
[3.613s][info][gc       ] GC(25) Pause Young (Normal) (G1 Evacuation Pause) 2648M->2642M(5696M) 151.913ms
[3.613s][info][safepoint] Safepoint "G1CollectForAllocation", Time since last: 232710400 ns, Reaching safepoint: 159500 ns, At safepoint: 151985800 ns, Total: 152145300 ns
[3.644s][info][gc       ] GC(26) Pause Young (Concurrent Start) (G1 Humongous Allocation) 2644M->2661M(5696M) 30.761ms
[3.644s][info][gc       ] GC(27) Concurrent Mark Cycle
[3.644s][info][safepoint] Safepoint "G1TryInitiateConcMark", Time since last: 369100 ns, Reaching safepoint: 204200 ns, At safepoint: 30872900 ns, Total: 31077100 ns
[3.660s][info][gc       ] GC(27) Pause Remark 2725M->191M(640M) 1.045ms
[3.660s][info][safepoint] Safepoint "G1Concurrent", Time since last: 13792300 ns, Reaching safepoint: 254700 ns, At safepoint: 1099000 ns, Total: 1353700 ns
[3.685s][info][gc       ] GC(27) Pause Cleanup 303M->303M(640M) 0.047ms
[3.685s][info][safepoint] Safepoint "G1Concurrent", Time since last: 24726800 ns, Reaching safepoint: 546700 ns, At safepoint: 98900 ns, Total: 645600 ns
[3.686s][info][gc       ] GC(27) Concurrent Mark Cycle 41.546ms
[3.777s][info][gc       ] GC(28) Pause Young (Prepare Mixed) (G1 Preventive Collection) 439M->439M(640M) 65.304ms
[3.777s][info][safepoint] Safepoint "G1CollectForAllocation", Time since last: 27089700 ns, Reaching safepoint: 33900 ns, At safepoint: 65399300 ns, Total: 65433200 ns
[3.809s][info][gc       ] GC(29) Pause Young (Mixed) (G1 Evacuation Pause) 443M->448M(640M) 24.674ms
[3.809s][info][safepoint] Safepoint "G1CollectForAllocation", Time since last: 1381600 ns, Reaching safepoint: 5268900 ns, At safepoint: 24761100 ns, Total: 30030000 ns
[3.823s][info][gc       ] GC(30) Pause Young (Concurrent Start) (G1 Humongous Allocation) 457M->463M(1920M) 6.989ms
[3.823s][info][safepoint] Safepoint "G1TryInitiateConcMark", Time since last: 2672300 ns, Reaching safepoint: 4123800 ns, At safepoint: 7040700 ns, Total: 11164500 ns
[3.823s][info][gc       ] GC(31) Concurrent Undo Cycle
[3.824s][info][gc       ] GC(31) Concurrent Undo Cycle 1.348ms
[4.109s][info][gc       ] GC(32) Pause Young (Normal) (G1 Evacuation Pause) 1111M->1096M(1920M) 150.506ms
[4.109s][info][safepoint] Safepoint "G1CollectForAllocation", Time since last: 135355600 ns, Reaching safepoint: 219100 ns, At safepoint: 150646900 ns, Total: 150866000 ns
[4.136s][info][gc       ] GC(33) Pause Young (Concurrent Start) (G1 Humongous Allocation) 1098M->1117M(1920M) 25.742ms
[4.136s][info][gc       ] GC(34) Concurrent Mark Cycle
[4.136s][info][safepoint] Safepoint "G1TryInitiateConcMark", Time since last: 427500 ns, Reaching safepoint: 828300 ns, At safepoint: 25865200 ns, Total: 26693500 ns
[4.153s][info][gc       ] GC(34) Pause Remark 1193M->225M(760M) 0.654ms
[4.153s][info][safepoint] Safepoint "G1Concurrent", Time since last: 16092700 ns, Reaching safepoint: 511800 ns, At safepoint: 701700 ns, Total: 1213500 ns
[4.184s][info][gc       ] GC(34) Pause Cleanup 349M->349M(760M) 0.135ms
[4.184s][info][safepoint] Safepoint "G1Concurrent", Time since last: 25530500 ns, Reaching safepoint: 4728200 ns, At safepoint: 192300 ns, Total: 4920500 ns
[4.184s][info][gc       ] GC(34) Concurrent Mark Cycle 48.394ms
[4.292s][info][gc       ] GC(35) Pause Young (Prepare Mixed) (G1 Evacuation Pause) 501M->505M(760M) 73.395ms
[4.292s][info][safepoint] Safepoint "G1CollectForAllocation", Time since last: 30718200 ns, Reaching safepoint: 4153300 ns, At safepoint: 73522700 ns, Total: 77676000 ns
[4.313s][info][gc       ] GC(36) Pause Young (Mixed) (G1 Evacuation Pause) 513M->504M(760M) 13.665ms
[4.313s][info][safepoint] Safepoint "G1CollectForAllocation", Time since last: 2881900 ns, Reaching safepoint: 3813500 ns, At safepoint: 13782700 ns, Total: 17596200 ns
[4.328s][info][gc       ] GC(37) Pause Young (Concurrent Start) (G1 Humongous Allocation) 526M->529M(2280M) 8.582ms
[4.328s][info][gc       ] GC(38) Concurrent Mark Cycle
[4.328s][info][safepoint] Safepoint "G1TryInitiateConcMark", Time since last: 4126300 ns, Reaching safepoint: 2977400 ns, At safepoint: 8669900 ns, Total: 11647300 ns
[4.335s][info][gc       ] GC(38) Pause Remark 561M->107M(360M) 0.570ms
[4.335s][info][safepoint] Safepoint "G1Concurrent", Time since last: 5562900 ns, Reaching safepoint: 386500 ns, At safepoint: 611000 ns, Total: 997500 ns
[4.349s][info][gc       ] GC(38) Pause Cleanup 151M->151M(360M) 0.125ms
[4.349s][info][safepoint] Safepoint "G1Concurrent", Time since last: 8635400 ns, Reaching safepoint: 5422700 ns, At safepoint: 176600 ns, Total: 5599300 ns
[4.349s][info][gc       ] GC(38) Concurrent Mark Cycle 21.009ms
[4.421s][info][gc       ] GC(39) Pause Young (Prepare Mixed) (G1 Preventive Collection) 247M->242M(360M) 51.135ms
[4.421s][info][safepoint] Safepoint "G1CollectForAllocation", Time since last: 20217900 ns, Reaching safepoint: 218100 ns, At safepoint: 51225100 ns, Total: 51443200 ns
[4.454s][info][gc       ] GC(40) Pause Young (Mixed) (G1 Evacuation Pause) 246M->227M(360M) 25.724ms
[4.454s][info][safepoint] Safepoint "G1CollectForAllocation", Time since last: 1423000 ns, Reaching safepoint: 5909300 ns, At safepoint: 25802900 ns, Total: 31712200 ns
[4.465s][info][gc       ] GC(41) Pause Young (Concurrent Start) (G1 Humongous Allocation) 246M->246M(360M) 4.255ms
[4.466s][info][safepoint] Safepoint "G1TryInitiateConcMark", Time since last: 3590100 ns, Reaching safepoint: 3539400 ns, At safepoint: 4319400 ns, Total: 7858800 ns
[4.466s][info][gc       ] GC(42) Concurrent Mark Cycle
[4.471s][info][gc       ] GC(42) Pause Remark 273M->93M(320M) 0.422ms
[4.471s][info][safepoint] Safepoint "G1Concurrent", Time since last: 4470500 ns, Reaching safepoint: 212500 ns, At safepoint: 467900 ns, Total: 680400 ns
[4.488s][info][gc       ] GC(43) Pause Young (Normal) (G1 Evacuation Pause) 110M->109M(320M) 9.497ms
[4.488s][info][safepoint] Safepoint "G1CollectForAllocation", Time since last: 3495100 ns, Reaching safepoint: 4564100 ns, At safepoint: 9585000 ns, Total: 14149100 ns
[4.497s][info][gc       ] GC(42) Pause Cleanup 137M->137M(320M) 0.105ms
[4.497s][info][safepoint] Safepoint "G1Concurrent", Time since last: 4089400 ns, Reaching safepoint: 4111100 ns, At safepoint: 159800 ns, Total: 4270900 ns
[4.497s][info][gc       ] GC(42) Concurrent Mark Cycle 31.344ms
[4.537s][info][gc       ] GC(44) Pause Young (Prepare Mixed) (G1 Evacuation Pause) 189M->191M(960M) 27.348ms
[4.537s][info][safepoint] Safepoint "G1CollectForAllocation", Time since last: 11856300 ns, Reaching safepoint: 725500 ns, At safepoint: 27423300 ns, Total: 28148800 ns
[4.564s][info][gc       ] GC(45) Pause Young (Mixed) (G1 Evacuation Pause) 255M->229M(960M) 14.239ms
[4.564s][info][safepoint] Safepoint "G1CollectForAllocation", Time since last: 13297600 ns, Reaching safepoint: 115800 ns, At safepoint: 14311200 ns, Total: 14427000 ns
[4.574s][info][gc       ] GC(46) Pause Young (Concurrent Start) (G1 Humongous Allocation) 237M->235M(960M) 3.802ms
[4.574s][info][safepoint] Safepoint "G1TryInitiateConcMark", Time since last: 759300 ns, Reaching safepoint: 4571800 ns, At safepoint: 3881700 ns, Total: 8453500 ns
[4.574s][info][gc       ] GC(47) Concurrent Mark Cycle
[4.580s][info][gc       ] GC(47) Pause Remark 267M->84M(296M) 0.506ms
[4.580s][info][safepoint] Safepoint "G1Concurrent", Time since last: 5823300 ns, Reaching safepoint: 123900 ns, At safepoint: 553300 ns, Total: 677200 ns
[4.585s][info][gc       ] GC(47) Pause Cleanup 104M->104M(296M) 0.096ms
[4.585s][info][safepoint] Safepoint "G1Concurrent", Time since last: 4154700 ns, Reaching safepoint: 230100 ns, At safepoint: 132500 ns, Total: 362600 ns
[4.585s][info][gc       ] GC(47) Concurrent Mark Cycle 11.219ms
[4.635s][info][gc       ] GC(48) Pause Young (Prepare Mixed) (G1 Preventive Collection) 184M->176M(296M) 32.515ms
[4.635s][info][safepoint] Safepoint "G1CollectForAllocation", Time since last: 17298600 ns, Reaching safepoint: 155600 ns, At safepoint: 32655400 ns, Total: 32811000 ns
[4.660s][info][gc       ] GC(49) Pause Young (Mixed) (G1 Evacuation Pause) 180M->165M(888M) 18.119ms
[4.660s][info][safepoint] Safepoint "G1CollectForAllocation", Time since last: 1217700 ns, Reaching safepoint: 5935100 ns, At safepoint: 18298200 ns, Total: 24233300 ns
[4.663s][info][gc       ] GC(50) Pause Young (Concurrent Start) (G1 Humongous Allocation) 167M->167M(888M) 1.838ms
[4.663s][info][gc       ] GC(51) Concurrent Mark Cycle
[4.663s][info][safepoint] Safepoint "G1TryInitiateConcMark", Time since last: 741100 ns, Reaching safepoint: 341700 ns, At safepoint: 1946700 ns, Total: 2288400 ns
[4.701s][info][gc       ] GC(51) Pause Remark 295M->259M(880M) 0.949ms
[4.701s][info][safepoint] Safepoint "G1Concurrent", Time since last: 36426500 ns, Reaching safepoint: 423300 ns, At safepoint: 1046400 ns, Total: 1469700 ns
[4.740s][info][gc       ] GC(51) Pause Cleanup 367M->367M(880M) 0.118ms
[4.740s][info][safepoint] Safepoint "G1Concurrent", Time since last: 38145700 ns, Reaching safepoint: 288300 ns, At safepoint: 177100 ns, Total: 465400 ns
[4.740s][info][gc       ] GC(51) Concurrent Mark Cycle 77.168ms
[4.794s][info][gc       ] GC(52) Pause Young (Concurrent Start) (G1 Humongous Allocation) 383M->376M(880M) 48.886ms
[4.794s][info][gc       ] GC(53) Concurrent Mark Cycle
[4.794s][info][safepoint] Safepoint "G1TryInitiateConcMark", Time since last: 5524400 ns, Reaching safepoint: 177200 ns, At safepoint: 49015900 ns, Total: 49193100 ns
[4.815s][info][gc       ] GC(53) Pause Remark 446M->259M(880M) 0.462ms
[4.815s][info][safepoint] Safepoint "G1Concurrent", Time since last: 19309100 ns, Reaching safepoint: 290400 ns, At safepoint: 502200 ns, Total: 792600 ns
[4.885s][info][gc       ] GC(54) Pause Young (Normal) (G1 Evacuation Pause) 401M->378M(880M) 39.458ms
[4.885s][info][safepoint] Safepoint "G1CollectForAllocation", Time since last: 30452100 ns, Reaching safepoint: 295200 ns, At safepoint: 39572000 ns, Total: 39867200 ns
[4.901s][info][gc       ] GC(53) Pause Cleanup 432M->432M(880M) 0.191ms
[4.901s][info][safepoint] Safepoint "G1Concurrent", Time since last: 14768200 ns, Reaching safepoint: 1136200 ns, At safepoint: 289900 ns, Total: 1426100 ns
[4.902s][info][gc       ] GC(53) Concurrent Mark Cycle 107.300ms
[4.994s][info][gc       ] GC(55) Pause Young (Prepare Mixed) (G1 Evacuation Pause) 586M->592M(880M) 47.666ms
[4.994s][info][safepoint] Safepoint "G1CollectForAllocation", Time since last: 45289000 ns, Reaching safepoint: 164100 ns, At safepoint: 47743700 ns, Total: 47907800 ns
[5.026s][info][gc       ] GC(56) Pause Young (Mixed) (G1 Evacuation Pause) 636M->641M(880M) 18.344ms
[5.027s][info][safepoint] Safepoint "G1CollectForAllocation", Time since last: 13723500 ns, Reaching safepoint: 54800 ns, At safepoint: 18468100 ns, Total: 18522900 ns
[5.042s][info][gc       ] GC(57) Pause Young (Concurrent Start) (G1 Humongous Allocation) 657M->661M(2640M) 10.488ms
[5.042s][info][safepoint] Safepoint "G1TryInitiateConcMark", Time since last: 4600700 ns, Reaching safepoint: 102800 ns, At safepoint: 10568700 ns, Total: 10671500 ns
[5.042s][info][gc       ] GC(58) Concurrent Undo Cycle
[5.047s][info][gc       ] GC(58) Concurrent Undo Cycle 5.428ms
[5.068s][info][gc       ] GC(59) Pause Young (Concurrent Start) (G1 Humongous Allocation) 709M->709M(2640M) 9.613ms
[5.068s][info][gc       ] GC(60) Concurrent Mark Cycle
[5.068s][info][safepoint] Safepoint "G1TryInitiateConcMark", Time since last: 16792200 ns, Reaching safepoint: 128300 ns, At safepoint: 9755000 ns, Total: 9883300 ns
[5.100s][info][gc       ] GC(60) Pause Remark 813M->314M(1056M) 0.602ms
[5.100s][info][safepoint] Safepoint "G1Concurrent", Time since last: 30332100 ns, Reaching safepoint: 848100 ns, At safepoint: 693900 ns, Total: 1542000 ns
[5.130s][info][gc       ] GC(60) Pause Cleanup 394M->394M(1056M) 0.168ms
[5.131s][info][safepoint] Safepoint "G1Concurrent", Time since last: 29661200 ns, Reaching safepoint: 308000 ns, At safepoint: 221700 ns, Total: 529700 ns
[5.133s][info][gc       ] GC(60) Concurrent Mark Cycle 64.153ms
[5.356s][info][gc       ] GC(61) Pause Young (Prepare Mixed) (G1 Preventive Collection) 690M->675M(1056M) 133.867ms
[5.356s][info][safepoint] Safepoint "G1CollectForAllocation", Time since last: 91310000 ns, Reaching safepoint: 251300 ns, At safepoint: 133986900 ns, Total: 134238200 ns
[5.389s][info][gc       ] GC(62) Pause Young (Mixed) (G1 Evacuation Pause) 687M->656M(1056M) 27.996ms
[5.389s][info][safepoint] Safepoint "G1CollectForAllocation", Time since last: 4344800 ns, Reaching safepoint: 73700 ns, At safepoint: 28120100 ns, Total: 28193800 ns
[5.397s][info][gc       ] GC(63) Pause Young (Concurrent Start) (G1 Humongous Allocation) 672M->681M(1056M) 4.048ms
[5.397s][info][gc       ] GC(64) Concurrent Mark Cycle
[5.397s][info][safepoint] Safepoint "G1TryInitiateConcMark", Time since last: 4494900 ns, Reaching safepoint: 118500 ns, At safepoint: 4221300 ns, Total: 4339800 ns
[5.413s][info][gc       ] GC(64) Pause Remark 745M->245M(828M) 0.439ms
[5.413s][info][safepoint] Safepoint "G1Concurrent", Time since last: 13969900 ns, Reaching safepoint: 890200 ns, At safepoint: 479500 ns, Total: 1369700 ns
[5.459s][info][gc       ] GC(65) Pause Young (Normal) (G1 Evacuation Pause) 313M->315M(2484M) 31.479ms
[5.459s][info][safepoint] Safepoint "G1CollectForAllocation", Time since last: 13983200 ns, Reaching safepoint: 727500 ns, At safepoint: 31562700 ns, Total: 32290200 ns
[5.463s][info][gc       ] GC(64) Pause Cleanup 339M->339M(2484M) 0.129ms
[5.463s][info][safepoint] Safepoint "G1Concurrent", Time since last: 3487000 ns, Reaching safepoint: 471700 ns, At safepoint: 191700 ns, Total: 663400 ns
[5.467s][info][gc       ] GC(64) Concurrent Mark Cycle 69.257ms
[5.762s][info][gc       ] GC(66) Pause Young (Prepare Mixed) (G1 Evacuation Pause) 1027M->1019M(2484M) 153.359ms
[5.762s][info][safepoint] Safepoint "G1CollectForAllocation", Time since last: 145536900 ns, Reaching safepoint: 228000 ns, At safepoint: 153497100 ns, Total: 153725100 ns
[5.837s][info][gc       ] GC(67) Pause Young (Mixed) (G1 Evacuation Pause) 1135M->1127M(2484M) 43.480ms
[5.837s][info][safepoint] Safepoint "G1CollectForAllocation", Time since last: 30577200 ns, Reaching safepoint: 185700 ns, At safepoint: 43605400 ns, Total: 43791100 ns
[5.852s][info][gc       ] GC(68) Pause Young (Concurrent Start) (G1 Humongous Allocation) 1141M->1142M(2484M) 10.981ms
[5.852s][info][gc       ] GC(69) Concurrent Mark Cycle
[5.852s][info][safepoint] Safepoint "G1TryInitiateConcMark", Time since last: 4253500 ns, Reaching safepoint: 106500 ns, At safepoint: 11078200 ns, Total: 11184700 ns
[5.871s][info][gc       ] GC(69) Pause Remark 1192M->162M(560M) 0.900ms
[5.871s][info][safepoint] Safepoint "G1Concurrent", Time since last: 14466700 ns, Reaching safepoint: 3034600 ns, At safepoint: 971300 ns, Total: 4005900 ns
[5.886s][info][gc       ] GC(69) Pause Cleanup 224M->224M(560M) 0.139ms
[5.886s][info][safepoint] Safepoint "G1Concurrent", Time since last: 14882200 ns, Reaching safepoint: 434500 ns, At safepoint: 247700 ns, Total: 682200 ns
[5.887s][info][gc       ] GC(69) Concurrent Mark Cycle 34.818ms
[5.970s][info][gc       ] GC(70) Pause Young (Prepare Mixed) (G1 Preventive Collection) 360M->351M(560M) 56.571ms
[5.970s][info][safepoint] Safepoint "G1CollectForAllocation", Time since last: 26951300 ns, Reaching safepoint: 207900 ns, At safepoint: 56697200 ns, Total: 56905100 ns
[5.999s][info][gc       ] GC(71) Pause Young (Mixed) (G1 Evacuation Pause) 355M->341M(560M) 20.838ms
[5.999s][info][safepoint] Safepoint "G1CollectForAllocation", Time since last: 1469200 ns, Reaching safepoint: 6772500 ns, At safepoint: 20986200 ns, Total: 27758700 ns
[6.016s][info][gc       ] GC(72) Pause Young (Concurrent Start) (G1 Humongous Allocation) 365M->368M(1680M) 8.959ms
[6.016s][info][safepoint] Safepoint "G1TryInitiateConcMark", Time since last: 6912700 ns, Reaching safepoint: 819800 ns, At safepoint: 9025300 ns, Total: 9845100 ns
[6.016s][info][gc       ] GC(73) Concurrent Mark Cycle
[6.048s][info][gc       ] GC(73) Pause Remark 504M->384M(1296M) 0.632ms
[6.048s][info][safepoint] Safepoint "G1Concurrent", Time since last: 31293800 ns, Reaching safepoint: 248000 ns, At safepoint: 680600 ns, Total: 928600 ns
[6.096s][info][gc       ] GC(73) Pause Cleanup 516M->516M(1296M) 0.224ms
[6.096s][info][safepoint] Safepoint "G1Concurrent", Time since last: 42864900 ns, Reaching safepoint: 4028800 ns, At safepoint: 320500 ns, Total: 4349300 ns
[6.096s][info][gc       ] GC(73) Concurrent Mark Cycle 80.240ms
[6.308s][info][gc       ] GC(74) Pause Young (Prepare Mixed) (G1 Evacuation Pause) 828M->818M(1296M) 115.874ms
[6.308s][info][safepoint] Safepoint "G1CollectForAllocation", Time since last: 96108000 ns, Reaching safepoint: 128400 ns, At safepoint: 115992200 ns, Total: 116120600 ns
[6.344s][info][gc       ] GC(75) Pause Young (Mixed) (G1 Evacuation Pause) 858M->804M(1296M) 28.469ms
[6.345s][info][safepoint] Safepoint "G1CollectForAllocation", Time since last: 7969500 ns, Reaching safepoint: 149800 ns, At safepoint: 28598900 ns, Total: 28748700 ns
[6.355s][info][gc       ] GC(76) Pause Young (Concurrent Start) (G1 Humongous Allocation) 826M->833M(1296M) 5.869ms
[6.355s][info][safepoint] Safepoint "G1TryInitiateConcMark", Time since last: 4434300 ns, Reaching safepoint: 154100 ns, At safepoint: 6004800 ns, Total: 6158900 ns
[6.355s][info][gc       ] GC(77) Concurrent Mark Cycle
[6.362s][info][gc       ] GC(77) Pause Remark 865M->113M(388M) 0.869ms
[6.362s][info][safepoint] Safepoint "G1Concurrent", Time since last: 6058500 ns, Reaching safepoint: 266100 ns, At safepoint: 921400 ns, Total: 1187500 ns
[6.369s][info][gc       ] GC(77) Pause Cleanup 151M->151M(388M) 0.097ms
[6.369s][info][safepoint] Safepoint "G1Concurrent", Time since last: 6647500 ns, Reaching safepoint: 204300 ns, At safepoint: 141100 ns, Total: 345400 ns
[6.370s][info][gc       ] GC(77) Concurrent Mark Cycle 14.481ms
[6.428s][info][gc       ] GC(78) Pause Young (Prepare Mixed) (G1 Preventive Collection) 257M->246M(388M) 34.858ms
[6.428s][info][safepoint] Safepoint "G1CollectForAllocation", Time since last: 23948000 ns, Reaching safepoint: 121300 ns, At safepoint: 34928400 ns, Total: 35049700 ns
[6.440s][info][gc       ] GC(79) Pause Young (Mixed) (G1 Evacuation Pause) 250M->233M(1164M) 9.708ms
[6.440s][info][safepoint] Safepoint "G1CollectForAllocation", Time since last: 1270000 ns, Reaching safepoint: 150500 ns, At safepoint: 9800600 ns, Total: 9951100 ns
[6.445s][info][gc       ] GC(80) Pause Young (Concurrent Start) (G1 Humongous Allocation) 248M->245M(1164M) 3.318ms
[6.445s][info][gc       ] GC(81) Concurrent Mark Cycle
[6.445s][info][safepoint] Safepoint "G1TryInitiateConcMark", Time since last: 2267900 ns, Reaching safepoint: 73400 ns, At safepoint: 3376700 ns, Total: 3450100 ns
[6.451s][info][gc       ] GC(81) Pause Remark 265M->72M(256M) 0.483ms
[6.451s][info][safepoint] Safepoint "G1Concurrent", Time since last: 4865200 ns, Reaching safepoint: 76500 ns, At safepoint: 515000 ns, Total: 591500 ns
[6.454s][info][gc       ] GC(81) Pause Cleanup 88M->88M(256M) 0.033ms
[6.454s][info][safepoint] Safepoint "G1Concurrent", Time since last: 3040600 ns, Reaching safepoint: 445900 ns, At safepoint: 55000 ns, Total: 500900 ns
[6.454s][info][gc       ] GC(81) Concurrent Mark Cycle 9.112ms
[6.504s][info][gc       ] GC(82) Pause Young (Prepare Mixed) (G1 Preventive Collection) 164M->157M(256M) 30.782ms
[6.504s][info][safepoint] Safepoint "G1CollectForAllocation", Time since last: 18764200 ns, Reaching safepoint: 50800 ns, At safepoint: 30855800 ns, Total: 30906600 ns
[6.535s][info][gc       ] GC(83) Pause Young (Mixed) (G1 Evacuation Pause) 165M->145M(256M) 23.712ms
[6.535s][info][safepoint] Safepoint "G1CollectForAllocation", Time since last: 2561700 ns, Reaching safepoint: 4882900 ns, At safepoint: 23789900 ns, Total: 28672800 ns
[6.548s][info][gc       ] GC(84) Pause Young (Concurrent Start) (G1 Humongous Allocation) 163M->165M(256M) 6.015ms
[6.548s][info][safepoint] Safepoint "G1TryInitiateConcMark", Time since last: 5122400 ns, Reaching safepoint: 2077800 ns, At safepoint: 6073600 ns, Total: 8151400 ns
[6.548s][info][gc       ] GC(85) Concurrent Mark Cycle
[6.568s][info][gc       ] GC(86) Pause Young (Normal) (G1 Evacuation Pause) 205M->207M(768M) 8.191ms
[6.568s][info][safepoint] Safepoint "G1CollectForAllocation", Time since last: 9121100 ns, Reaching safepoint: 2242800 ns, At safepoint: 8269000 ns, Total: 10511800 ns
[6.591s][info][gc       ] GC(85) Pause Remark 331M->295M(768M) 0.526ms
[6.591s][info][safepoint] Safepoint "G1Concurrent", Time since last: 21833200 ns, Reaching safepoint: 466300 ns, At safepoint: 571100 ns, Total: 1037400 ns
[6.663s][info][gc       ] GC(87) Pause Young (Normal) (G1 Evacuation Pause) 399M->392M(768M) 48.535ms
[6.663s][info][safepoint] Safepoint "G1CollectForAllocation", Time since last: 22746300 ns, Reaching safepoint: 260700 ns, At safepoint: 48642300 ns, Total: 48903000 ns
[6.697s][info][gc       ] GC(85) Pause Cleanup 538M->538M(768M) 0.160ms
[6.698s][info][safepoint] Safepoint "G1Concurrent", Time since last: 34037800 ns, Reaching safepoint: 607000 ns, At safepoint: 258500 ns, Total: 865500 ns
[6.698s][info][gc       ] GC(85) Concurrent Mark Cycle 149.605ms
[6.736s][info][gc       ] GC(88) Pause Young (Normal) (G1 Evacuation Pause) 548M->556M(768M) 34.410ms
[6.736s][info][safepoint] Safepoint "G1CollectForAllocation", Time since last: 3406400 ns, Reaching safepoint: 172000 ns, At safepoint: 34490400 ns, Total: 34662400 ns
[6.753s][info][gc       ] GC(89) Pause Young (Concurrent Start) (G1 Humongous Allocation) 578M->584M(768M) 13.007ms
[6.753s][info][gc       ] GC(90) Concurrent Mark Cycle
[6.753s][info][safepoint] Safepoint "G1TryInitiateConcMark", Time since last: 4591500 ns, Reaching safepoint: 53800 ns, At safepoint: 13086600 ns, Total: 13140400 ns
[6.760s][info][gc       ] GC(90) Pause Remark 617M->105M(360M) 0.367ms
[6.760s][info][safepoint] Safepoint "G1Concurrent", Time since last: 6259300 ns, Reaching safepoint: 126500 ns, At safepoint: 407300 ns, Total: 533800 ns
[6.773s][info][gc       ] GC(91) Pause Young (Normal) (G1 Evacuation Pause) 124M->120M(360M) 9.066ms
[6.774s][info][safepoint] Safepoint "G1CollectForAllocation", Time since last: 3999300 ns, Reaching safepoint: 252800 ns, At safepoint: 9132500 ns, Total: 9385300 ns
[6.781s][info][gc       ] GC(90) Pause Cleanup 156M->156M(360M) 0.110ms
[6.781s][info][safepoint] Safepoint "G1Concurrent", Time since last: 7362500 ns, Reaching safepoint: 166500 ns, At safepoint: 214400 ns, Total: 380900 ns
[6.781s][info][gc       ] GC(90) Concurrent Mark Cycle 28.082ms
[6.816s][info][gc       ] GC(92) Pause Young (Prepare Mixed) (G1 Evacuation Pause) 204M->208M(1008M) 23.216ms
[6.816s][info][safepoint] Safepoint "G1CollectForAllocation", Time since last: 11390200 ns, Reaching safepoint: 146900 ns, At safepoint: 23309700 ns, Total: 23456600 ns
[6.841s][info][gc       ] GC(93) Pause Young (Mixed) (G1 Evacuation Pause) 280M->272M(1008M) 12.304ms
[6.841s][info][safepoint] Safepoint "G1CollectForAllocation", Time since last: 12350500 ns, Reaching safepoint: 133600 ns, At safepoint: 12407700 ns, Total: 12541300 ns
[6.846s][info][gc       ] GC(94) Pause Young (Concurrent Start) (G1 Humongous Allocation) 278M->278M(1008M) 3.473ms
[6.846s][info][gc       ] GC(95) Concurrent Mark Cycle
[6.846s][info][safepoint] Safepoint "G1TryInitiateConcMark", Time since last: 1528300 ns, Reaching safepoint: 41300 ns, At safepoint: 3516600 ns, Total: 3557900 ns
[6.854s][info][gc       ] GC(95) Pause Remark 306M->90M(320M) 0.356ms
[6.854s][info][safepoint] Safepoint "G1Concurrent", Time since last: 7429100 ns, Reaching safepoint: 529900 ns, At safepoint: 396100 ns, Total: 926000 ns
[6.862s][info][gc       ] GC(95) Pause Cleanup 118M->118M(320M) 0.045ms
[6.862s][info][safepoint] Safepoint "G1Concurrent", Time since last: 7005800 ns, Reaching safepoint: 830800 ns, At safepoint: 80100 ns, Total: 910900 ns
[6.863s][info][gc       ] GC(95) Concurrent Mark Cycle 16.551ms
[6.936s][info][gc       ] GC(96) Pause Young (Prepare Mixed) (G1 Preventive Collection) 210M->205M(320M) 41.076ms
[6.936s][info][safepoint] Safepoint "G1CollectForAllocation", Time since last: 26563400 ns, Reaching safepoint: 5570200 ns, At safepoint: 41221400 ns, Total: 46791600 ns
[6.962s][info][gc       ] GC(97) Pause Young (Mixed) (G1 Evacuation Pause) 209M->197M(320M) 17.776ms
[6.962s][info][safepoint] Safepoint "G1CollectForAllocation", Time since last: 1160100 ns, Reaching safepoint: 7119500 ns, At safepoint: 17854800 ns, Total: 24974300 ns
[6.977s][info][gc       ] GC(98) Pause Young (Concurrent Start) (G1 Evacuation Pause) 221M->222M(960M) 6.882ms
[6.977s][info][safepoint] Safepoint "G1CollectForAllocation", Time since last: 5068100 ns, Reaching safepoint: 3512800 ns, At safepoint: 6979200 ns, Total: 10492000 ns
[6.977s][info][gc       ] GC(99) Concurrent Mark Cycle
[6.984s][info][gc       ] GC(99) Pause Remark 254M->94M(320M) 0.796ms
[6.984s][info][safepoint] Safepoint "G1Concurrent", Time since last: 5483200 ns, Reaching safepoint: 400300 ns, At safepoint: 844100 ns, Total: 1244400 ns
[6.993s][info][gc       ] GC(99) Pause Cleanup 118M->118M(320M) 0.140ms
[6.993s][info][safepoint] Safepoint "G1Concurrent", Time since last: 8402200 ns, Reaching safepoint: 265500 ns, At safepoint: 188400 ns, Total: 453900 ns
[6.993s][info][gc       ] GC(99) Concurrent Mark Cycle 15.905ms
[7.043s][info][gc       ] GC(100) Pause Young (Prepare Mixed) (G1 Preventive Collection) 202M->198M(320M) 30.724ms
[7.043s][info][safepoint] Safepoint "G1CollectForAllocation", Time since last: 18836600 ns, Reaching safepoint: 118500 ns, At safepoint: 30814500 ns, Total: 30933000 ns
[7.067s][info][gc       ] GC(101) Pause Young (Mixed) (G1 Evacuation Pause) 226M->216M(320M) 19.814ms
[7.067s][info][safepoint] Safepoint "G1CollectForAllocation", Time since last: 4417100 ns, Reaching safepoint: 196300 ns, At safepoint: 19886000 ns, Total: 20082300 ns
[7.078s][info][gc       ] GC(102) Pause Young (Concurrent Start) (G1 Evacuation Pause) 232M->234M(320M) 5.020ms
[7.078s][info][safepoint] Safepoint "G1CollectForAllocation", Time since last: 5182400 ns, Reaching safepoint: 98200 ns, At safepoint: 5107100 ns, Total: 5205300 ns
[7.078s][info][gc       ] GC(103) Concurrent Mark Cycle
[7.090s][info][gc       ] GC(104) Pause Young (Normal) (G1 Evacuation Pause) 246M->245M(960M) 9.495ms
[7.090s][info][safepoint] Safepoint "G1CollectForAllocation", Time since last: 1672700 ns, Reaching safepoint: 106100 ns, At safepoint: 10328100 ns, Total: 10434200 ns
[7.137s][info][gc       ] GC(103) Pause Remark 409M->349M(960M) 0.783ms
[7.137s][info][safepoint] Safepoint "G1Concurrent", Time since last: 40843300 ns, Reaching safepoint: 5117200 ns, At safepoint: 844000 ns, Total: 5961200 ns
[7.192s][info][gc       ] GC(103) Pause Cleanup 493M->493M(960M) 0.098ms
[7.192s][info][safepoint] Safepoint "G1Concurrent", Time since last: 54266400 ns, Reaching safepoint: 670600 ns, At safepoint: 198200 ns, Total: 868800 ns
[7.192s][info][gc       ] GC(103) Concurrent Mark Cycle 114.725ms
[7.278s][info][gc       ] GC(105) Pause Young (Prepare Mixed) (G1 Evacuation Pause) 501M->497M(960M) 80.871ms
[7.278s][info][safepoint] Safepoint "G1CollectForAllocation", Time since last: 5093900 ns, Reaching safepoint: 160600 ns, At safepoint: 80986000 ns, Total: 81146600 ns
[7.313s][info][gc       ] GC(106) Pause Young (Mixed) (G1 Evacuation Pause) 545M->552M(960M) 18.586ms
[7.313s][info][safepoint] Safepoint "G1CollectForAllocation", Time since last: 16169800 ns, Reaching safepoint: 211400 ns, At safepoint: 18696200 ns, Total: 18907600 ns
[7.327s][info][gc       ] GC(107) Pause Young (Concurrent Start) (G1 Humongous Allocation) 580M->582M(960M) 8.006ms
[7.327s][info][gc       ] GC(108) Concurrent Mark Cycle
[7.327s][info][safepoint] Safepoint "G1TryInitiateConcMark", Time since last: 5406100 ns, Reaching safepoint: 187100 ns, At safepoint: 8145000 ns, Total: 8332100 ns
[7.334s][info][gc       ] GC(108) Pause Remark 610M->115M(388M) 0.556ms
[7.334s][info][safepoint] Safepoint "G1Concurrent", Time since last: 6101000 ns, Reaching safepoint: 637900 ns, At safepoint: 583400 ns, Total: 1221300 ns
[7.342s][info][gc       ] GC(108) Pause Cleanup 157M->157M(388M) 0.107ms
[7.342s][info][safepoint] Safepoint "G1Concurrent", Time since last: 7953000 ns, Reaching safepoint: 263100 ns, At safepoint: 148800 ns, Total: 411900 ns
[7.343s][info][gc       ] GC(108) Concurrent Mark Cycle 15.938ms
[7.387s][info][gc       ] GC(109) Pause Young (Prepare Mixed) (G1 Evacuation Pause) 223M->210M(388M) 27.503ms
[7.387s][info][safepoint] Safepoint "G1CollectForAllocation", Time since last: 16890800 ns, Reaching safepoint: 115800 ns, At safepoint: 27608000 ns, Total: 27723800 ns
[7.406s][info][gc       ] GC(110) Pause Young (Mixed) (G1 Evacuation Pause) 238M->215M(1164M) 14.850ms
[7.406s][info][safepoint] Safepoint "G1CollectForAllocation", Time since last: 3995200 ns, Reaching safepoint: 120400 ns, At safepoint: 14980800 ns, Total: 15101200 ns
[7.420s][info][gc       ] GC(111) Pause Young (Concurrent Start) (G1 Humongous Allocation) 246M->243M(1164M) 6.141ms
[7.420s][info][gc       ] GC(112) Concurrent Mark Cycle
[7.420s][info][safepoint] Safepoint "G1TryInitiateConcMark", Time since last: 7561700 ns, Reaching safepoint: 123600 ns, At safepoint: 6273400 ns, Total: 6397000 ns
[7.427s][info][gc       ] GC(112) Pause Remark 275M->95M(320M) 0.483ms
[7.427s][info][safepoint] Safepoint "G1Concurrent", Time since last: 6555900 ns, Reaching safepoint: 139300 ns, At safepoint: 518500 ns, Total: 657800 ns
[7.432s][info][gc       ] GC(112) Pause Cleanup 115M->115M(320M) 0.054ms
[7.432s][info][safepoint] Safepoint "G1Concurrent", Time since last: 3920200 ns, Reaching safepoint: 299200 ns, At safepoint: 81400 ns, Total: 380600 ns
[7.432s][info][gc       ] GC(112) Concurrent Mark Cycle 11.720ms
[7.481s][info][gc       ] GC(113) Pause Young (Prepare Mixed) (G1 Preventive Collection) 195M->172M(320M) 31.558ms
[7.481s][info][safepoint] Safepoint "G1CollectForAllocation", Time since last: 17328700 ns, Reaching safepoint: 125700 ns, At safepoint: 31685100 ns, Total: 31810800 ns
[7.506s][info][gc       ] GC(114) Pause Young (Mixed) (G1 Evacuation Pause) 176M->167M(320M) 17.884ms
[7.506s][info][safepoint] Safepoint "G1CollectForAllocation", Time since last: 1168500 ns, Reaching safepoint: 5693500 ns, At safepoint: 17965400 ns, Total: 23658900 ns
[7.513s][info][gc       ] GC(115) Pause Young (Concurrent Start) (G1 Humongous Allocation) 169M->167M(960M) 4.555ms
[7.513s][info][safepoint] Safepoint "G1TryInitiateConcMark", Time since last: 575700 ns, Reaching safepoint: 2555400 ns, At safepoint: 4627000 ns, Total: 7182400 ns
[7.513s][info][gc       ] GC(116) Concurrent Mark Cycle
[7.550s][info][gc       ] GC(116) Pause Remark 331M->295M(960M) 0.538ms
[7.550s][info][safepoint] Safepoint "G1Concurrent", Time since last: 35403700 ns, Reaching safepoint: 779400 ns, At safepoint: 591600 ns, Total: 1371000 ns
[7.592s][info][gc       ] GC(116) Pause Cleanup 427M->427M(960M) 0.106ms
[7.592s][info][safepoint] Safepoint "G1Concurrent", Time since last: 41706600 ns, Reaching safepoint: 504400 ns, At safepoint: 162200 ns, Total: 666600 ns
[7.593s][info][gc       ] GC(116) Concurrent Mark Cycle 80.069ms
[7.670s][info][gc       ] GC(117) Pause Young (Concurrent Start) (G1 Humongous Allocation) 441M->432M(960M) 70.946ms
[7.670s][info][gc       ] GC(118) Concurrent Mark Cycle
[7.670s][info][safepoint] Safepoint "G1TryInitiateConcMark", Time since last: 6114500 ns, Reaching safepoint: 160400 ns, At safepoint: 71080000 ns, Total: 71240400 ns
[7.697s][info][gc       ] GC(118) Pause Remark 508M->296M(960M) 0.522ms
[7.697s][info][safepoint] Safepoint "G1Concurrent", Time since last: 26344500 ns, Reaching safepoint: 139000 ns, At safepoint: 570400 ns, Total: 709400 ns
[7.775s][info][gc       ] GC(119) Pause Young (Normal) (G1 Evacuation Pause) 440M->424M(960M) 49.888ms
[7.775s][info][safepoint] Safepoint "G1CollectForAllocation", Time since last: 28076800 ns, Reaching safepoint: 256000 ns, At safepoint: 50006800 ns, Total: 50262800 ns
[7.802s][info][gc       ] GC(118) Pause Cleanup 504M->504M(960M) 0.182ms
[7.802s][info][safepoint] Safepoint "G1Concurrent", Time since last: 25153700 ns, Reaching safepoint: 984600 ns, At safepoint: 292100 ns, Total: 1276700 ns
[7.803s][info][gc       ] GC(118) Concurrent Mark Cycle 132.994ms
[7.839s][info][gc       ] GC(120) Pause Young (Concurrent Start) (G1 Humongous Allocation) 536M->541M(960M) 28.732ms
[7.839s][info][safepoint] Safepoint "G1TryInitiateConcMark", Time since last: 7996600 ns, Reaching safepoint: 562500 ns, At safepoint: 28813000 ns, Total: 29375500 ns
[7.839s][info][gc       ] GC(121) Concurrent Mark Cycle
[7.853s][info][gc       ] GC(121) Pause Remark 593M->181M(616M) 0.566ms
[7.853s][info][safepoint] Safepoint "G1Concurrent", Time since last: 13437600 ns, Reaching safepoint: 82200 ns, At safepoint: 609500 ns, Total: 691700 ns
[7.920s][info][gc       ] GC(122) Pause Young (Normal) (G1 Evacuation Pause) 301M->289M(616M) 40.715ms
[7.920s][info][safepoint] Safepoint "G1CollectForAllocation", Time since last: 25475800 ns, Reaching safepoint: 173300 ns, At safepoint: 40792000 ns, Total: 40965300 ns
[7.921s][info][gc       ] GC(121) Pause Cleanup 293M->293M(616M) 0.115ms
[7.921s][info][safepoint] Safepoint "G1Concurrent", Time since last: 620000 ns, Reaching safepoint: 537500 ns, At safepoint: 133500 ns, Total: 671000 ns
[7.921s][info][gc       ] GC(121) Concurrent Mark Cycle 82.323ms
[7.949s][info][gc       ] GC(123) Pause Young (Concurrent Start) (G1 Humongous Allocation) 312M->316M(616M) 23.843ms
[7.949s][info][safepoint] Safepoint "G1TryInitiateConcMark", Time since last: 4129000 ns, Reaching safepoint: 125700 ns, At safepoint: 23921500 ns, Total: 24047200 ns
[7.949s][info][gc       ] GC(124) Concurrent Mark Cycle
[7.962s][info][gc       ] GC(124) Pause Remark 352M->110M(376M) 0.369ms
[7.962s][info][safepoint] Safepoint "G1Concurrent", Time since last: 7601100 ns, Reaching safepoint: 4849000 ns, At safepoint: 400400 ns, Total: 5249400 ns
[7.980s][info][gc       ] GC(124) Pause Cleanup 162M->162M(376M) 0.045ms
[7.980s][info][safepoint] Safepoint "G1Concurrent", Time since last: 10467400 ns, Reaching safepoint: 7510200 ns, At safepoint: 83100 ns, Total: 7593300 ns
[7.980s][info][gc       ] GC(124) Concurrent Mark Cycle 31.065ms
[8.011s][info][gc       ] GC(125) Pause Young (Prepare Mixed) (G1 Evacuation Pause) 194M->186M(376M) 24.452ms
[8.011s][info][safepoint] Safepoint "G1CollectForAllocation", Time since last: 6464200 ns, Reaching safepoint: 41500 ns, At safepoint: 24525900 ns, Total: 24567400 ns
[8.026s][info][gc       ] GC(126) Pause Young (Mixed) (G1 Evacuation Pause) 190M->184M(1016M) 9.785ms
[8.026s][info][safepoint] Safepoint "G1CollectForAllocation", Time since last: 1193100 ns, Reaching safepoint: 3730600 ns, At safepoint: 9849600 ns, Total: 13580200 ns
[8.065s][info][gc       ] GC(127) Pause Young (Concurrent Start) (G1 Humongous Allocation) 292M->288M(1016M) 18.011ms
[8.065s][info][safepoint] Safepoint "G1TryInitiateConcMark", Time since last: 20554300 ns, Reaching safepoint: 126500 ns, At safepoint: 18115700 ns, Total: 18242200 ns
[8.065s][info][gc       ] GC(128) Concurrent Mark Cycle
[8.079s][info][gc       ] GC(128) Pause Remark 344M->158M(536M) 0.717ms
[8.079s][info][safepoint] Safepoint "G1Concurrent", Time since last: 13240100 ns, Reaching safepoint: 385000 ns, At safepoint: 798500 ns, Total: 1183500 ns
[8.096s][info][gc       ] GC(128) Pause Cleanup 206M->206M(536M) 0.155ms
[8.096s][info][safepoint] Safepoint "G1Concurrent", Time since last: 15649200 ns, Reaching safepoint: 886300 ns, At safepoint: 200200 ns, Total: 1086500 ns
[8.097s][info][gc       ] GC(128) Concurrent Mark Cycle 32.274ms
[8.144s][info][gc       ] GC(129) Pause Young (Concurrent Start) (G1 Humongous Allocation) 261M->240M(536M) 31.933ms
[8.144s][info][safepoint] Safepoint "G1TryInitiateConcMark", Time since last: 15907300 ns, Reaching safepoint: 132600 ns, At safepoint: 32061100 ns, Total: 32193700 ns
[8.144s][info][gc       ] GC(130) Concurrent Mark Cycle
[8.161s][info][gc       ] GC(130) Pause Remark 314M->204M(536M) 0.670ms
[8.161s][info][safepoint] Safepoint "G1Concurrent", Time since last: 15721300 ns, Reaching safepoint: 417700 ns, At safepoint: 731200 ns, Total: 1148900 ns
[8.203s][info][gc       ] GC(131) Pause Young (Normal) (G1 Evacuation Pause) 249M->228M(536M) 31.825ms
[8.203s][info][safepoint] Safepoint "G1CollectForAllocation", Time since last: 10412100 ns, Reaching safepoint: 288900 ns, At safepoint: 31953900 ns, Total: 32242800 ns
[8.222s][info][gc       ] GC(130) Pause Cleanup 316M->316M(536M) 0.126ms
[8.222s][info][safepoint] Safepoint "G1Concurrent", Time since last: 18038800 ns, Reaching safepoint: 359900 ns, At safepoint: 209800 ns, Total: 569700 ns
[8.223s][info][gc       ] GC(130) Concurrent Mark Cycle 78.864ms
[8.250s][info][gc       ] GC(132) Pause Young (Concurrent Start) (G1 Humongous Allocation) 321M->322M(536M) 25.947ms
[8.250s][info][gc       ] GC(133) Concurrent Mark Cycle
[8.250s][info][safepoint] Safepoint "G1TryInitiateConcMark", Time since last: 1806100 ns, Reaching safepoint: 118800 ns, At safepoint: 26067100 ns, Total: 26185900 ns
[8.263s][info][gc       ] GC(133) Pause Remark 377M->157M(536M) 0.544ms
[8.263s][info][safepoint] Safepoint "G1Concurrent", Time since last: 11746400 ns, Reaching safepoint: 357800 ns, At safepoint: 591000 ns, Total: 948800 ns
[8.283s][info][gc       ] GC(134) Pause Young (Normal) (G1 Evacuation Pause) 174M->167M(536M) 11.904ms
[8.283s][info][safepoint] Safepoint "G1CollectForAllocation", Time since last: 5493200 ns, Reaching safepoint: 2746100 ns, At safepoint: 12022200 ns, Total: 14768300 ns
[8.300s][info][gc       ] GC(133) Pause Cleanup 247M->247M(536M) 0.117ms
[8.300s][info][safepoint] Safepoint "G1Concurrent", Time since last: 16088200 ns, Reaching safepoint: 380900 ns, At safepoint: 211000 ns, Total: 591900 ns
[8.300s][info][gc       ] GC(133) Concurrent Mark Cycle 49.923ms
[8.328s][info][gc       ] GC(135) Pause Young (Concurrent Start) (G1 Humongous Allocation) 273M->272M(536M) 23.068ms
[8.328s][info][gc       ] GC(136) Concurrent Mark Cycle
[8.328s][info][safepoint] Safepoint "G1TryInitiateConcMark", Time since last: 4954300 ns, Reaching safepoint: 120900 ns, At safepoint: 23196900 ns, Total: 23317800 ns
[8.340s][info][gc       ] GC(136) Pause Remark 324M->149M(508M) 0.677ms
[8.340s][info][safepoint] Safepoint "G1Concurrent", Time since last: 11153200 ns, Reaching safepoint: 479200 ns, At safepoint: 736800 ns, Total: 1216000 ns
[8.379s][info][gc       ] GC(137) Pause Young (Normal) (G1 Evacuation Pause) 209M->199M(1260M) 26.247ms
[8.379s][info][safepoint] Safepoint "G1CollectForAllocation", Time since last: 12519000 ns, Reaching safepoint: 194400 ns, At safepoint: 26413900 ns, Total: 26608300 ns
[8.387s][info][gc       ] GC(136) Pause Cleanup 223M->223M(1260M) 0.145ms
[8.387s][info][safepoint] Safepoint "G1Concurrent", Time since last: 6844300 ns, Reaching safepoint: 372000 ns, At safepoint: 227400 ns, Total: 599400 ns
[8.389s][info][gc       ] GC(136) Concurrent Mark Cycle 61.448ms
[8.431s][info][gc       ] GC(138) Pause Young (Concurrent Start) (G1 Humongous Allocation) 291M->289M(1260M) 25.481ms
[8.431s][info][safepoint] Safepoint "G1TryInitiateConcMark", Time since last: 18415300 ns, Reaching safepoint: 197600 ns, At safepoint: 25604800 ns, Total: 25802400 ns
[8.431s][info][gc       ] GC(139) Concurrent Mark Cycle
[8.444s][info][gc       ] GC(139) Pause Remark 339M->153M(520M) 0.739ms
[8.444s][info][safepoint] Safepoint "G1Concurrent", Time since last: 11616100 ns, Reaching safepoint: 377300 ns, At safepoint: 785100 ns, Total: 1162400 ns
[8.457s][info][gc       ] GC(139) Pause Cleanup 215M->215M(520M) 0.101ms
[8.457s][info][safepoint] Safepoint "G1Concurrent", Time since last: 12748600 ns, Reaching safepoint: 574600 ns, At safepoint: 167500 ns, Total: 742100 ns
[8.458s][info][gc       ] GC(139) Concurrent Mark Cycle 26.770ms
[8.490s][info][gc       ] GC(140) Pause Young (Concurrent Start) (G1 Humongous Allocation) 233M->197M(520M) 27.009ms
[8.490s][info][gc       ] GC(141) Concurrent Mark Cycle
[8.490s][info][safepoint] Safepoint "G1TryInitiateConcMark", Time since last: 5335100 ns, Reaching safepoint: 153000 ns, At safepoint: 27141400 ns, Total: 27294400 ns
[8.512s][info][gc       ] GC(141) Pause Remark 299M->251M(520M) 0.617ms
[8.512s][info][safepoint] Safepoint "G1Concurrent", Time since last: 20912100 ns, Reaching safepoint: 341400 ns, At safepoint: 670300 ns, Total: 1011700 ns
[8.559s][info][gc       ] GC(142) Pause Young (Normal) (G1 Evacuation Pause) 289M->288M(520M) 37.462ms
[8.559s][info][safepoint] Safepoint "G1CollectForAllocation", Time since last: 8977100 ns, Reaching safepoint: 289700 ns, At safepoint: 37594200 ns, Total: 37883900 ns
[8.611s][info][gc       ] GC(143) Pause Young (Normal) (G1 Evacuation Pause) 380M->386M(520M) 30.345ms
[8.611s][info][safepoint] Safepoint "G1CollectForAllocation", Time since last: 21639300 ns, Reaching safepoint: 170300 ns, At safepoint: 30435100 ns, Total: 30605400 ns
[8.612s][info][gc       ] GC(141) Pause Cleanup 389M->389M(520M) 0.115ms
[8.612s][info][safepoint] Safepoint "G1Concurrent", Time since last: 121500 ns, Reaching safepoint: 1060600 ns, At safepoint: 165900 ns, Total: 1226500 ns
[8.613s][info][gc       ] GC(141) Concurrent Mark Cycle 122.678ms
[8.635s][info][gc       ] GC(144) Pause Young (Prepare Mixed) (G1 Evacuation Pause) 410M->412M(520M) 19.032ms
[8.635s][info][safepoint] Safepoint "G1CollectForAllocation", Time since last: 3311100 ns, Reaching safepoint: 114900 ns, At safepoint: 19106000 ns, Total: 19220900 ns
[8.655s][info][gc       ] GC(145) Pause Young (Mixed) (G1 Evacuation Pause) 452M->447M(1560M) 11.446ms
[8.655s][info][safepoint] Safepoint "G1CollectForAllocation", Time since last: 8463900 ns, Reaching safepoint: 35700 ns, At safepoint: 11538900 ns, Total: 11574600 ns
[8.939s][info][gc       ] GC(146) Pause Young (Normal) (G1 Evacuation Pause) 923M->917M(1560M) 109.330ms
[8.939s][info][safepoint] Safepoint "G1CollectForAllocation", Time since last: 174754000 ns, Reaching safepoint: 127700 ns, At safepoint: 109449600 ns, Total: 109577300 ns
[8.967s][info][gc       ] GC(147) Pause Young (Concurrent Start) (G1 Humongous Allocation) 925M->939M(1560M) 25.653ms
[8.967s][info][gc       ] GC(148) Concurrent Mark Cycle
[8.968s][info][safepoint] Safepoint "G1TryInitiateConcMark", Time since last: 2279300 ns, Reaching safepoint: 197200 ns, At safepoint: 25799400 ns, Total: 25996600 ns
[9.011s][info][gc       ] GC(148) Pause Remark 1067M->455M(1520M) 1.068ms
[9.011s][info][safepoint] Safepoint "G1Concurrent", Time since last: 42054200 ns, Reaching safepoint: 263500 ns, At safepoint: 1173600 ns, Total: 1437100 ns
[9.088s][info][gc       ] GC(149) Pause Young (Normal) (G1 Evacuation Pause) 567M->568M(1520M) 50.392ms
[9.089s][info][safepoint] Safepoint "G1CollectForAllocation", Time since last: 26800300 ns, Reaching safepoint: 262800 ns, At safepoint: 50486200 ns, Total: 50749000 ns
[9.114s][info][gc       ] GC(148) Pause Cleanup 688M->688M(1520M) 0.176ms
[9.114s][info][safepoint] Safepoint "G1Concurrent", Time since last: 24057900 ns, Reaching safepoint: 1533500 ns, At safepoint: 229300 ns, Total: 1762800 ns
[9.117s][info][gc       ] GC(148) Concurrent Mark Cycle 149.396ms
[9.253s][info][gc       ] GC(150) Pause Young (Prepare Mixed) (G1 Evacuation Pause) 964M->965M(1520M) 81.784ms
[9.253s][info][safepoint] Safepoint "G1CollectForAllocation", Time since last: 56310300 ns, Reaching safepoint: 137400 ns, At safepoint: 81900400 ns, Total: 82037800 ns
[9.308s][info][gc       ] GC(151) Pause Young (Mixed) (G1 Evacuation Pause) 1041M->960M(1520M) 37.515ms
[9.308s][info][safepoint] Safepoint "G1CollectForAllocation", Time since last: 17647800 ns, Reaching safepoint: 152400 ns, At safepoint: 37601000 ns, Total: 37753400 ns
[9.331s][info][gc       ] GC(152) Pause Young (Concurrent Start) (G1 Humongous Allocation) 980M->992M(4164M) 16.497ms
[9.331s][info][safepoint] Safepoint "G1TryInitiateConcMark", Time since last: 6128600 ns, Reaching safepoint: 24500 ns, At safepoint: 16583900 ns, Total: 16608400 ns
[9.331s][info][gc       ] GC(153) Concurrent Undo Cycle
[9.338s][info][gc       ] GC(153) Concurrent Undo Cycle 7.354ms
[9.786s][info][gc       ] GC(154) Pause Young (Normal) (G1 Evacuation Pause) 1880M->1862M(4164M) 178.170ms
[9.786s][info][safepoint] Safepoint "G1CollectForAllocation", Time since last: 277025500 ns, Reaching safepoint: 137100 ns, At safepoint: 178279400 ns, Total: 178416500 ns
[10.203s][info][gc       ] GC(155) Pause Young (Normal) (G1 Evacuation Pause) 2710M->2704M(4164M) 187.001ms
[10.203s][info][safepoint] Safepoint "G1CollectForAllocation", Time since last: 229118900 ns, Reaching safepoint: 210600 ns, At safepoint: 187126300 ns, Total: 187336900 ns
[10.393s][info][gc       ] GC(156) Pause Young (Concurrent Start) (G1 Humongous Allocation) 3056M->3058M(4164M) 94.805ms
[10.393s][info][gc       ] GC(157) Concurrent Mark Cycle
[10.393s][info][safepoint] Safepoint "G1TryInitiateConcMark", Time since last: 95354800 ns, Reaching safepoint: 233100 ns, At safepoint: 94943000 ns, Total: 95176100 ns
[10.441s][info][gc       ] GC(157) Pause Remark 3186M->478M(1600M) 1.596ms
[10.441s][info][safepoint] Safepoint "G1Concurrent", Time since last: 41227600 ns, Reaching safepoint: 4790800 ns, At safepoint: 1698000 ns, Total: 6488800 ns
[10.585s][info][gc       ] GC(158) Pause Young (Normal) (G1 Evacuation Pause) 694M->664M(4212M) 95.477ms
[10.585s][info][safepoint] Safepoint "G1CollectForAllocation", Time since last: 48207100 ns, Reaching safepoint: 300100 ns, At safepoint: 95617500 ns, Total: 95917600 ns
[10.618s][info][gc       ] GC(157) Pause Cleanup 782M->782M(4212M) 0.138ms
[10.618s][info][safepoint] Safepoint "G1Concurrent", Time since last: 32459600 ns, Reaching safepoint: 455800 ns, At safepoint: 256900 ns, Total: 712700 ns
[10.622s][info][gc       ] GC(157) Concurrent Mark Cycle 228.912ms
[10.981s][info][gc       ] GC(159) Pause Young (Prepare Mixed) (G1 Evacuation Pause) 1652M->1640M(4212M) 185.867ms
[10.981s][info][safepoint] Safepoint "G1CollectForAllocation", Time since last: 176381600 ns, Reaching safepoint: 192600 ns, At safepoint: 186012400 ns, Total: 186205000 ns
[11.094s][info][gc       ] GC(160) Pause Young (Mixed) (G1 Evacuation Pause) 1856M->1860M(4212M) 69.986ms
[11.094s][info][safepoint] Safepoint "G1CollectForAllocation", Time since last: 42791800 ns, Reaching safepoint: 185300 ns, At safepoint: 70071100 ns, Total: 70256400 ns
[11.499s][info][gc       ] GC(161) Pause Young (Normal) (G1 Evacuation Pause) 2852M->2844M(4212M) 206.754ms
[11.500s][info][safepoint] Safepoint "G1CollectForAllocation", Time since last: 198553800 ns, Reaching safepoint: 204400 ns, At safepoint: 206840200 ns, Total: 207044600 ns
[11.540s][info][gc       ] GC(162) Pause Young (Concurrent Start) (G1 Humongous Allocation) 2858M->2872M(4212M) 35.910ms
[11.540s][info][gc       ] GC(163) Concurrent Mark Cycle
[11.540s][info][safepoint] Safepoint "G1TryInitiateConcMark", Time since last: 4006800 ns, Reaching safepoint: 128600 ns, At safepoint: 35983000 ns, Total: 36111600 ns
[11.566s][info][gc       ] GC(163) Pause Remark 2984M->342M(1148M) 0.913ms
[11.566s][info][safepoint] Safepoint "G1Concurrent", Time since last: 25692000 ns, Reaching safepoint: 119000 ns, At safepoint: 975500 ns, Total: 1094500 ns
[11.613s][info][gc       ] GC(163) Pause Cleanup 566M->566M(1148M) 0.135ms
[11.613s][info][safepoint] Safepoint "G1Concurrent", Time since last: 46077600 ns, Reaching safepoint: 164100 ns, At safepoint: 190700 ns, Total: 354800 ns
[11.614s][info][gc       ] GC(163) Concurrent Mark Cycle 73.922ms
[11.749s][info][gc       ] GC(164) Pause Young (Prepare Mixed) (G1 Evacuation Pause) 690M->688M(1148M) 110.168ms
[11.749s][info][safepoint] Safepoint "G1CollectForAllocation", Time since last: 25910800 ns, Reaching safepoint: 131100 ns, At safepoint: 110249100 ns, Total: 110380200 ns
[11.782s][info][gc       ] GC(165) Pause Young (Mixed) (G1 Evacuation Pause) 728M->712M(3444M) 24.408ms
[11.782s][info][safepoint] Safepoint "G1CollectForAllocation", Time since last: 8299400 ns, Reaching safepoint: 33100 ns, At safepoint: 24503700 ns, Total: 24536800 ns
[12.265s][info][gc       ] GC(166) Pause Young (Normal) (G1 Evacuation Pause) 1724M->1706M(3444M) 204.436ms
[12.265s][info][safepoint] Safepoint "G1CollectForAllocation", Time since last: 278359000 ns, Reaching safepoint: 247400 ns, At safepoint: 204515100 ns, Total: 204762500 ns
[12.346s][info][gc       ] GC(167) Pause Young (Concurrent Start) (G1 Humongous Allocation) 1832M->1842M(3444M) 51.703ms
[12.346s][info][safepoint] Safepoint "G1TryInitiateConcMark", Time since last: 29453200 ns, Reaching safepoint: 130400 ns, At safepoint: 51787200 ns, Total: 51917600 ns
[12.347s][info][gc       ] GC(168) Concurrent Mark Cycle
[12.378s][info][gc       ] GC(168) Pause Remark 1982M->398M(1336M) 0.634ms
[12.378s][info][safepoint] Safepoint "G1Concurrent", Time since last: 30386200 ns, Reaching safepoint: 531200 ns, At safepoint: 690200 ns, Total: 1221400 ns
[12.426s][info][gc       ] GC(168) Pause Cleanup 630M->630M(1336M) 0.141ms
[12.426s][info][safepoint] Safepoint "G1Concurrent", Time since last: 47019200 ns, Reaching safepoint: 620600 ns, At safepoint: 200800 ns, Total: 821400 ns
[12.427s][info][gc       ] GC(168) Concurrent Mark Cycle 80.398ms
[12.620s][info][gc       ] GC(169) Pause Young (Prepare Mixed) (G1 Preventive Collection) 866M->868M(1336M) 148.059ms
[12.620s][info][safepoint] Safepoint "G1CollectForAllocation", Time since last: 45543800 ns, Reaching safepoint: 55400 ns, At safepoint: 148164400 ns, Total: 148219800 ns
[12.660s][info][gc       ] GC(170) Pause Young (Mixed) (G1 Evacuation Pause) 872M->878M(1336M) 32.771ms
[12.660s][info][safepoint] Safepoint "G1CollectForAllocation", Time since last: 1506700 ns, Reaching safepoint: 5908000 ns, At safepoint: 32866200 ns, Total: 38774200 ns
[12.678s][info][gc       ] GC(171) Pause Young (Concurrent Start) (G1 Humongous Allocation) 908M->915M(4008M) 9.955ms
[12.678s][info][safepoint] Safepoint "G1TryInitiateConcMark", Time since last: 7455500 ns, Reaching safepoint: 306300 ns, At safepoint: 10043400 ns, Total: 10349700 ns
[12.678s][info][gc       ] GC(172) Concurrent Undo Cycle
[12.681s][info][gc       ] GC(172) Concurrent Undo Cycle 3.708ms
[13.178s][info][gc       ] GC(173) Pause Young (Normal) (G1 Evacuation Pause) 1887M->1871M(4008M) 214.709ms
[13.179s][info][safepoint] Safepoint "G1CollectForAllocation", Time since last: 285800900 ns, Reaching safepoint: 149000 ns, At safepoint: 214824200 ns, Total: 214973200 ns
[13.534s][info][gc       ] GC(174) Pause Young (Normal) (G1 Evacuation Pause) 2723M->2716M(4008M) 188.840ms
[13.534s][info][safepoint] Safepoint "G1CollectForAllocation", Time since last: 166376000 ns, Reaching safepoint: 223300 ns, At safepoint: 188959200 ns, Total: 189182500 ns
[13.587s][info][gc       ] GC(175) Pause Young (Concurrent Start) (G1 Humongous Allocation) 2734M->2754M(4008M) 46.012ms
[13.587s][info][gc       ] GC(176) Concurrent Mark Cycle
[13.587s][info][safepoint] Safepoint "G1TryInitiateConcMark", Time since last: 6256900 ns, Reaching safepoint: 188400 ns, At safepoint: 46083200 ns, Total: 46271600 ns
[13.620s][info][gc       ] GC(176) Pause Remark 2890M->384M(1296M) 0.822ms
[13.620s][info][safepoint] Safepoint "G1Concurrent", Time since last: 32653200 ns, Reaching safepoint: 117400 ns, At safepoint: 873600 ns, Total: 991000 ns
[13.672s][info][gc       ] GC(176) Pause Cleanup 620M->620M(1296M) 0.153ms
[13.672s][info][safepoint] Safepoint "G1Concurrent", Time since last: 51375600 ns, Reaching safepoint: 206300 ns, At safepoint: 219200 ns, Total: 425500 ns
[13.673s][info][gc       ] GC(176) Concurrent Mark Cycle 86.597ms
[13.771s][info][gc       ] GC(177) Pause Young (Prepare Mixed) (G1 Evacuation Pause) 676M->674M(1296M) 86.300ms
[13.771s][info][safepoint] Safepoint "G1CollectForAllocation", Time since last: 12758700 ns, Reaching safepoint: 137500 ns, At safepoint: 86375300 ns, Total: 86512800 ns
[13.813s][info][gc       ] GC(178) Pause Young (Mixed) (G1 Evacuation Pause) 726M->726M(3888M) 28.942ms
[13.813s][info][safepoint] Safepoint "G1CollectForAllocation", Time since last: 12212400 ns, Reaching safepoint: 61800 ns, At safepoint: 29029300 ns, Total: 29091100 ns
[14.182s][info][gc       ] GC(179) Pause Young (Normal) (G1 Evacuation Pause) 1690M->1678M(3888M) 181.550ms
[14.182s][info][safepoint] Safepoint "G1CollectForAllocation", Time since last: 187693100 ns, Reaching safepoint: 187900 ns, At safepoint: 181684400 ns, Total: 181872300 ns
[14.549s][info][gc       ] GC(180) Pause Young (Normal) (G1 Evacuation Pause) 2554M->2544M(3888M) 193.475ms
[14.549s][info][safepoint] Safepoint "G1CollectForAllocation", Time since last: 173407200 ns, Reaching safepoint: 208300 ns, At safepoint: 193589800 ns, Total: 193798100 ns
[14.603s][info][gc       ] GC(181) Pause Young (Concurrent Start) (G1 Humongous Allocation) 2560M->2575M(3888M) 48.355ms
[14.603s][info][gc       ] GC(182) Concurrent Mark Cycle
[14.603s][info][safepoint] Safepoint "G1TryInitiateConcMark", Time since last: 5221800 ns, Reaching safepoint: 135400 ns, At safepoint: 48437000 ns, Total: 48572400 ns
[14.639s][info][gc       ] GC(182) Pause Remark 2731M->425M(1428M) 0.914ms
[14.639s][info][safepoint] Safepoint "G1Concurrent", Time since last: 35015400 ns, Reaching safepoint: 79600 ns, At safepoint: 981100 ns, Total: 1060700 ns
[14.693s][info][gc       ] GC(182) Pause Cleanup 681M->681M(1428M) 0.211ms
[14.693s][info][safepoint] Safepoint "G1Concurrent", Time since last: 53052500 ns, Reaching safepoint: 368500 ns, At safepoint: 266700 ns, Total: 635200 ns
[14.694s][info][gc       ] GC(182) Concurrent Mark Cycle 90.825ms
[14.815s][info][gc       ] GC(183) Pause Young (Prepare Mixed) (G1 Evacuation Pause) 741M->740M(1428M) 108.647ms
[14.815s][info][safepoint] Safepoint "G1CollectForAllocation", Time since last: 13169600 ns, Reaching safepoint: 227400 ns, At safepoint: 108762800 ns, Total: 108990200 ns
[14.853s][info][gc       ] GC(184) Pause Young (Mixed) (G1 Evacuation Pause) 776M->756M(4108M) 29.287ms
[14.853s][info][safepoint] Safepoint "G1CollectForAllocation", Time since last: 8012400 ns, Reaching safepoint: 154700 ns, At safepoint: 29404800 ns, Total: 29559500 ns
[15.224s][info][gc       ] GC(185) Pause Young (Normal) (G1 Evacuation Pause) 1640M->1632M(4108M) 175.676ms
[15.224s][info][safepoint] Safepoint "G1CollectForAllocation", Time since last: 195328000 ns, Reaching safepoint: 144800 ns, At safepoint: 175838400 ns, Total: 175983200 ns
[15.578s][info][gc       ] GC(186) Pause Young (Normal) (G1 Evacuation Pause) 2456M->2448M(4108M) 179.146ms
[15.578s][info][safepoint] Safepoint "G1CollectForAllocation", Time since last: 174506300 ns, Reaching safepoint: 204000 ns, At safepoint: 179265200 ns, Total: 179469200 ns
[15.630s][info][gc       ] GC(187) Pause Young (Concurrent Start) (G1 Humongous Allocation) 2479M->2493M(4108M) 43.902ms
[15.630s][info][gc       ] GC(188) Concurrent Mark Cycle
[15.630s][info][safepoint] Safepoint "G1TryInitiateConcMark", Time since last: 7737700 ns, Reaching safepoint: 161200 ns, At safepoint: 43984900 ns, Total: 44146100 ns
[15.647s][info][gc       ] GC(188) Pause Remark 2569M->239M(816M) 0.743ms
[15.647s][info][safepoint] Safepoint "G1Concurrent", Time since last: 15783000 ns, Reaching safepoint: 196700 ns, At safepoint: 789900 ns, Total: 986600 ns
[15.676s][info][gc       ] GC(188) Pause Cleanup 375M->375M(816M) 0.152ms
[15.676s][info][safepoint] Safepoint "G1Concurrent", Time since last: 28868600 ns, Reaching safepoint: 149400 ns, At safepoint: 194100 ns, Total: 343500 ns
[15.677s][info][gc       ] GC(188) Concurrent Mark Cycle 46.618ms
[15.808s][info][gc       ] GC(189) Pause Young (Prepare Mixed) (G1 Preventive Collection) 531M->518M(816M) 98.505ms
[15.808s][info][safepoint] Safepoint "G1CollectForAllocation", Time since last: 33622400 ns, Reaching safepoint: 212000 ns, At safepoint: 98584400 ns, Total: 98796400 ns
[15.844s][info][gc       ] GC(190) Pause Young (Mixed) (G1 Evacuation Pause) 522M->530M(2448M) 28.549ms
[15.844s][info][safepoint] Safepoint "G1CollectForAllocation", Time since last: 1443800 ns, Reaching safepoint: 5514400 ns, At safepoint: 28628600 ns, Total: 34143000 ns
[16.199s][info][gc       ] GC(191) Pause Young (Normal) (G1 Evacuation Pause) 1370M->1351M(2448M) 174.798ms
[16.199s][info][safepoint] Safepoint "G1CollectForAllocation", Time since last: 173155500 ns, Reaching safepoint: 7151800 ns, At safepoint: 174914500 ns, Total: 182066300 ns
[16.243s][info][gc       ] GC(192) Pause Young (Concurrent Start) (G1 Humongous Allocation) 1365M->1386M(2448M) 35.877ms
[16.243s][info][safepoint] Safepoint "G1TryInitiateConcMark", Time since last: 4803800 ns, Reaching safepoint: 2761700 ns, At safepoint: 35991200 ns, Total: 38752900 ns
[16.243s][info][gc       ] GC(193) Concurrent Mark Cycle
[16.267s][info][gc       ] GC(193) Pause Remark 1492M->350M(1188M) 0.687ms
[16.267s][info][safepoint] Safepoint "G1Concurrent", Time since last: 23449700 ns, Reaching safepoint: 519900 ns, At safepoint: 737100 ns, Total: 1257000 ns
[16.309s][info][gc       ] GC(193) Pause Cleanup 544M->544M(1188M) 0.204ms
[16.309s][info][safepoint] Safepoint "G1Concurrent", Time since last: 40663600 ns, Reaching safepoint: 424800 ns, At safepoint: 319200 ns, Total: 744000 ns
[16.310s][info][gc       ] GC(193) Concurrent Mark Cycle 66.973ms
[16.438s][info][gc       ] GC(194) Pause Young (Prepare Mixed) (G1 Evacuation Pause) 656M->658M(1188M) 105.602ms
[16.438s][info][safepoint] Safepoint "G1CollectForAllocation", Time since last: 23514400 ns, Reaching safepoint: 141300 ns, At safepoint: 105696300 ns, Total: 105837600 ns
[16.470s][info][gc       ] GC(195) Pause Young (Mixed) (G1 Evacuation Pause) 694M->656M(1188M) 22.165ms
[16.470s][info][safepoint] Safepoint "G1CollectForAllocation", Time since last: 9520200 ns, Reaching safepoint: 70900 ns, At safepoint: 22239300 ns, Total: 22310200 ns
[16.487s][info][gc       ] GC(196) Pause Young (Concurrent Start) (G1 Humongous Allocation) 678M->685M(3564M) 9.246ms
[16.487s][info][safepoint] Safepoint "G1TryInitiateConcMark", Time since last: 7270200 ns, Reaching safepoint: 423800 ns, At safepoint: 9321400 ns, Total: 9745200 ns
[16.487s][info][gc       ] GC(197) Concurrent Undo Cycle
[16.493s][info][gc       ] GC(197) Concurrent Undo Cycle 5.705ms
[17.015s][info][gc       ] GC(198) Pause Young (Normal) (G1 Evacuation Pause) 1653M->1636M(3564M) 213.325ms
[17.015s][info][safepoint] Safepoint "G1CollectForAllocation", Time since last: 314760000 ns, Reaching safepoint: 139300 ns, At safepoint: 213446200 ns, Total: 213585500 ns
[17.261s][info][gc       ] GC(199) Pause Young (Concurrent Start) (G1 Humongous Allocation) 2178M->2182M(3564M) 131.861ms
[17.261s][info][gc       ] GC(200) Concurrent Mark Cycle
[17.261s][info][safepoint] Safepoint "G1TryInitiateConcMark", Time since last: 113225000 ns, Reaching safepoint: 133900 ns, At safepoint: 131982600 ns, Total: 132116500 ns
[17.315s][info][gc       ] GC(200) Pause Remark 2418M->704M(2348M) 1.194ms
[17.316s][info][safepoint] Safepoint "G1Concurrent", Time since last: 53438900 ns, Reaching safepoint: 187400 ns, At safepoint: 1292500 ns, Total: 1479900 ns
[17.496s][info][gc       ] GC(201) Pause Young (Normal) (G1 Evacuation Pause) 992M->934M(2348M) 120.662ms
[17.496s][info][safepoint] Safepoint "G1CollectForAllocation", Time since last: 59217800 ns, Reaching safepoint: 299000 ns, At safepoint: 120812600 ns, Total: 121111600 ns
[17.575s][info][gc       ] GC(200) Pause Cleanup 1214M->1214M(2348M) 0.105ms
[17.575s][info][safepoint] Safepoint "G1Concurrent", Time since last: 78069700 ns, Reaching safepoint: 705500 ns, At safepoint: 171900 ns, Total: 877400 ns
[17.577s][info][gc       ] GC(200) Concurrent Mark Cycle 316.815ms
[17.790s][info][gc       ] GC(202) Pause Young (Prepare Mixed) (G1 Evacuation Pause) 1534M->1532M(2348M) 139.328ms
[17.790s][info][safepoint] Safepoint "G1CollectForAllocation", Time since last: 73312800 ns, Reaching safepoint: 2712000 ns, At safepoint: 139411300 ns, Total: 142123300 ns
[17.874s][info][gc       ] GC(203) Pause Young (Mixed) (G1 Evacuation Pause) 1648M->1656M(2348M) 55.980ms
[17.874s][info][safepoint] Safepoint "G1CollectForAllocation", Time since last: 27977500 ns, Reaching safepoint: 157600 ns, At safepoint: 56063400 ns, Total: 56221000 ns
[17.902s][info][gc       ] GC(204) Pause Young (Concurrent Start) (G1 Humongous Allocation) 1688M->1700M(4660M) 18.651ms
[17.902s][info][gc       ] GC(205) Concurrent Undo Cycle
[17.902s][info][safepoint] Safepoint "G1TryInitiateConcMark", Time since last: 8704200 ns, Reaching safepoint: 163600 ns, At safepoint: 18726700 ns, Total: 18890300 ns
[17.909s][info][gc       ] GC(205) Concurrent Undo Cycle 6.803ms
[18.402s][info][gc       ] GC(206) Pause Young (Normal) (G1 Evacuation Pause) 2652M->2640M(4660M) 208.424ms
[18.402s][info][safepoint] Safepoint "G1CollectForAllocation", Time since last: 291007900 ns, Reaching safepoint: 426700 ns, At safepoint: 208542800 ns, Total: 208969500 ns
[18.737s][info][gc       ] GC(207) Pause Young (Concurrent Start) (G1 Humongous Allocation) 3282M->3278M(4660M) 154.226ms
[18.737s][info][gc       ] GC(208) Concurrent Mark Cycle
[18.737s][info][safepoint] Safepoint "G1TryInitiateConcMark", Time since last: 180225400 ns, Reaching safepoint: 192000 ns, At safepoint: 154373300 ns, Total: 154565300 ns
[18.798s][info][gc       ] GC(208) Pause Remark 3486M->730M(2440M) 1.507ms
[18.798s][info][safepoint] Safepoint "G1Concurrent", Time since last: 59184600 ns, Reaching safepoint: 308000 ns, At safepoint: 1585200 ns, Total: 1893200 ns
[18.954s][info][gc       ] GC(209) Pause Young (Normal) (G1 Evacuation Pause) 994M->926M(2440M) 99.788ms
[18.954s][info][safepoint] Safepoint "G1CollectForAllocation", Time since last: 55818100 ns, Reaching safepoint: 275400 ns, At safepoint: 99943800 ns, Total: 100219200 ns
[19.063s][info][gc       ] GC(208) Pause Cleanup 1366M->1366M(2440M) 0.118ms
[19.063s][info][safepoint] Safepoint "G1Concurrent", Time since last: 106335100 ns, Reaching safepoint: 2843300 ns, At safepoint: 211700 ns, Total: 3055000 ns
[19.066s][info][gc       ] GC(208) Concurrent Mark Cycle 328.810ms
[19.249s][info][gc       ] GC(210) Pause Young (Prepare Mixed) (G1 Evacuation Pause) 1570M->1570M(2440M) 137.093ms
[19.249s][info][safepoint] Safepoint "G1CollectForAllocation", Time since last: 47835300 ns, Reaching safepoint: 202200 ns, At safepoint: 137176800 ns, Total: 137379000 ns
[19.321s][info][gc       ] GC(211) Pause Young (Mixed) (G1 Evacuation Pause) 1670M->1674M(2440M) 49.887ms
[19.321s][info][safepoint] Safepoint "G1CollectForAllocation", Time since last: 22229700 ns, Reaching safepoint: 180200 ns, At safepoint: 49968800 ns, Total: 50149000 ns
[19.345s][info][gc       ] GC(212) Pause Young (Concurrent Start) (G1 Humongous Allocation) 1682M->1697M(4716M) 21.687ms
[19.345s][info][gc       ] GC(213) Concurrent Undo Cycle
[19.345s][info][safepoint] Safepoint "G1TryInitiateConcMark", Time since last: 2547500 ns, Reaching safepoint: 125600 ns, At safepoint: 21769700 ns, Total: 21895300 ns
[19.351s][info][gc       ] GC(213) Concurrent Undo Cycle 5.801ms
[19.652s][info][gc       ] GC(214) Pause Young (Normal) (G1 Evacuation Pause) 2401M->2389M(4716M) 147.901ms
[19.652s][info][safepoint] Safepoint "G1CollectForAllocation", Time since last: 158440900 ns, Reaching safepoint: 141900 ns, At safepoint: 148027900 ns, Total: 148169800 ns
[20.055s][info][gc       ] GC(215) Pause Young (Normal) (G1 Evacuation Pause) 3077M->3082M(4716M) 189.001ms
[20.055s][info][safepoint] Safepoint "G1CollectForAllocation", Time since last: 213597500 ns, Reaching safepoint: 108500 ns, At safepoint: 189153600 ns, Total: 189262100 ns
[20.118s][info][gc       ] GC(216) Pause Young (Concurrent Start) (G1 Humongous Allocation) 3100M->3116M(4716M) 56.910ms
[20.118s][info][gc       ] GC(217) Concurrent Mark Cycle
[20.118s][info][safepoint] Safepoint "G1TryInitiateConcMark", Time since last: 6458600 ns, Reaching safepoint: 105100 ns, At safepoint: 56984000 ns, Total: 57089100 ns
[20.169s][info][gc       ] GC(217) Pause Remark 3256M->426M(1428M) 1.087ms
[20.169s][info][safepoint] Safepoint "G1Concurrent", Time since last: 49096300 ns, Reaching safepoint: 353600 ns, At safepoint: 1131400 ns, Total: 1485000 ns
[20.236s][info][gc       ] GC(217) Pause Cleanup 702M->702M(1428M) 0.092ms
[20.236s][info][safepoint] Safepoint "G1Concurrent", Time since last: 65917200 ns, Reaching safepoint: 1099400 ns, At safepoint: 139500 ns, Total: 1238900 ns
[20.238s][info][gc       ] GC(217) Concurrent Mark Cycle 119.311ms
[20.424s][info][gc       ] GC(218) Pause Young (Prepare Mixed) (G1 Evacuation Pause) 862M->856M(1428M) 143.573ms
[20.424s][info][safepoint] Safepoint "G1CollectForAllocation", Time since last: 43730300 ns, Reaching safepoint: 41700 ns, At safepoint: 143659100 ns, Total: 143700800 ns
[20.470s][info][gc       ] GC(219) Pause Young (Mixed) (G1 Evacuation Pause) 900M->876M(4108M) 35.998ms
[20.471s][info][safepoint] Safepoint "G1CollectForAllocation", Time since last: 10795900 ns, Reaching safepoint: 30500 ns, At safepoint: 36115300 ns, Total: 36145800 ns
[20.865s][info][gc       ] GC(220) Pause Young (Normal) (G1 Evacuation Pause) 1572M->1565M(4108M) 207.873ms
[20.865s][info][safepoint] Safepoint "G1CollectForAllocation", Time since last: 186537400 ns, Reaching safepoint: 100600 ns, At safepoint: 207976100 ns, Total: 208076700 ns
[21.172s][info][gc       ] GC(221) Pause Young (Normal) (G1 Evacuation Pause) 2181M->2180M(4108M) 158.617ms
[21.172s][info][safepoint] Safepoint "G1CollectForAllocation", Time since last: 148392800 ns, Reaching safepoint: 58200 ns, At safepoint: 158722700 ns, Total: 158780900 ns
[21.431s][info][gc       ] GC(222) Pause Young (Concurrent Start) (G1 Humongous Allocation) 2660M->2656M(4108M) 150.134ms
[21.431s][info][safepoint] Safepoint "G1TryInitiateConcMark", Time since last: 108293800 ns, Reaching safepoint: 48700 ns, At safepoint: 150232300 ns, Total: 150281000 ns
[21.431s][info][gc       ] GC(223) Concurrent Mark Cycle
[21.487s][info][gc       ] GC(223) Pause Remark 2800M->548M(1828M) 0.936ms
[21.487s][info][safepoint] Safepoint "G1Concurrent", Time since last: 55382700 ns, Reaching safepoint: 167200 ns, At safepoint: 1018900 ns, Total: 1186100 ns
[21.711s][info][gc       ] GC(224) Pause Young (Normal) (G1 Evacuation Pause) 944M->890M(1828M) 126.439ms
[21.711s][info][safepoint] Safepoint "G1CollectForAllocation", Time since last: 96903100 ns, Reaching safepoint: 280100 ns, At safepoint: 126516600 ns, Total: 126796700 ns
[21.730s][info][gc       ] GC(223) Pause Cleanup 946M->946M(1828M) 0.134ms
[21.730s][info][safepoint] Safepoint "G1Concurrent", Time since last: 17710100 ns, Reaching safepoint: 731400 ns, At safepoint: 252000 ns, Total: 983400 ns
[21.731s][info][gc       ] GC(223) Concurrent Mark Cycle 300.451ms
[21.924s][info][gc       ] GC(225) Pause Young (Prepare Mixed) (G1 Evacuation Pause) 1274M->1276M(1828M) 105.554ms
[21.924s][info][safepoint] Safepoint "G1CollectForAllocation", Time since last: 88694900 ns, Reaching safepoint: 176500 ns, At safepoint: 105625900 ns, Total: 105802400 ns
[21.979s][info][gc       ] GC(226) Pause Young (Mixed) (G1 Evacuation Pause) 1352M->1354M(4348M) 36.861ms
[21.980s][info][safepoint] Safepoint "G1CollectForAllocation", Time since last: 18231700 ns, Reaching safepoint: 30500 ns, At safepoint: 36948200 ns, Total: 36978700 ns
[22.446s][info][gc       ] GC(227) Pause Young (Normal) (G1 Evacuation Pause) 2198M->2189M(4348M) 229.929ms
[22.446s][info][safepoint] Safepoint "G1CollectForAllocation", Time since last: 235974600 ns, Reaching safepoint: 38100 ns, At safepoint: 230018100 ns, Total: 230056200 ns
[22.830s][info][gc       ] GC(228) Pause Young (Normal) (G1 Evacuation Pause) 2873M->2868M(4348M) 179.604ms
[22.830s][info][safepoint] Safepoint "G1CollectForAllocation", Time since last: 204434200 ns, Reaching safepoint: 147000 ns, At safepoint: 179722700 ns, Total: 179869700 ns
[22.873s][info][gc       ] GC(229) Pause Young (Concurrent Start) (G1 Humongous Allocation) 2870M->2889M(4348M) 41.901ms
[22.873s][info][gc       ] GC(230) Concurrent Mark Cycle
[22.873s][info][safepoint] Safepoint "G1TryInitiateConcMark", Time since last: 824200 ns, Reaching safepoint: 109600 ns, At safepoint: 41968100 ns, Total: 42077700 ns
[22.897s][info][gc       ] GC(230) Pause Remark 2985M->285M(960M) 0.973ms
[22.897s][info][safepoint] Safepoint "G1Concurrent", Time since last: 22750000 ns, Reaching safepoint: 385300 ns, At safepoint: 1031100 ns, Total: 1416400 ns
[22.942s][info][gc       ] GC(230) Pause Cleanup 457M->457M(960M) 0.081ms
[22.942s][info][safepoint] Safepoint "G1Concurrent", Time since last: 44466800 ns, Reaching safepoint: 394300 ns, At safepoint: 131200 ns, Total: 525500 ns
[22.943s][info][gc       ] GC(230) Concurrent Mark Cycle 69.890ms
[23.095s][info][gc       ] GC(231) Pause Young (Prepare Mixed) (G1 Preventive Collection) 651M->654M(960M) 107.070ms
[23.095s][info][safepoint] Safepoint "G1CollectForAllocation", Time since last: 45724300 ns, Reaching safepoint: 40100 ns, At safepoint: 107148500 ns, Total: 107188600 ns
[23.137s][info][gc       ] GC(232) Pause Young (Mixed) (G1 Evacuation Pause) 674M->651M(2880M) 33.923ms
[23.137s][info][safepoint] Safepoint "G1CollectForAllocation", Time since last: 3902000 ns, Reaching safepoint: 4061900 ns, At safepoint: 34007300 ns, Total: 38069200 ns
[23.154s][info][gc       ] GC(233) Pause Young (Concurrent Start) (G1 Humongous Allocation) 679M->676M(2880M) 6.717ms
[23.154s][info][gc       ] GC(234) Concurrent Mark Cycle
[23.154s][info][safepoint] Safepoint "G1TryInitiateConcMark", Time since last: 9941000 ns, Reaching safepoint: 32000 ns, At safepoint: 6782200 ns, Total: 6814200 ns
[23.194s][info][gc       ] GC(234) Pause Remark 840M->378M(1280M) 0.617ms
[23.194s][info][safepoint] Safepoint "G1Concurrent", Time since last: 39226600 ns, Reaching safepoint: 282400 ns, At safepoint: 669500 ns, Total: 951900 ns
[23.248s][info][gc       ] GC(234) Pause Cleanup 582M->582M(1280M) 0.084ms
[23.248s][info][safepoint] Safepoint "G1Concurrent", Time since last: 51652900 ns, Reaching safepoint: 2193600 ns, At safepoint: 145300 ns, Total: 2338900 ns
[23.249s][info][gc       ] GC(234) Concurrent Mark Cycle 95.111ms
[23.457s][info][gc       ] GC(235) Pause Young (Prepare Mixed) (G1 Preventive Collection) 834M->823M(1280M) 139.083ms
[23.457s][info][safepoint] Safepoint "G1CollectForAllocation", Time since last: 63431300 ns, Reaching safepoint: 6437000 ns, At safepoint: 139210500 ns, Total: 145647500 ns
[23.502s][info][gc       ] GC(236) Pause Young (Mixed) (G1 Evacuation Pause) 827M->808M(1280M) 37.383ms
[23.502s][info][safepoint] Safepoint "G1CollectForAllocation", Time since last: 1535500 ns, Reaching safepoint: 6323300 ns, At safepoint: 37458400 ns, Total: 43781700 ns
[23.514s][info][gc       ] GC(237) Pause Young (Concurrent Start) (G1 Humongous Allocation) 826M->829M(1280M) 3.998ms
[23.514s][info][gc       ] GC(238) Concurrent Mark Cycle
[23.514s][info][safepoint] Safepoint "G1TryInitiateConcMark", Time since last: 3532200 ns, Reaching safepoint: 4396000 ns, At safepoint: 4072400 ns, Total: 8468400 ns
[23.521s][info][gc       ] GC(238) Pause Remark 861M->105M(360M) 0.472ms
[23.521s][info][safepoint] Safepoint "G1Concurrent", Time since last: 5711500 ns, Reaching safepoint: 445900 ns, At safepoint: 505400 ns, Total: 951300 ns
[23.529s][info][gc       ] GC(238) Pause Cleanup 125M->125M(360M) 0.052ms
[23.529s][info][safepoint] Safepoint "G1Concurrent", Time since last: 5357500 ns, Reaching safepoint: 2804400 ns, At safepoint: 88100 ns, Total: 2892500 ns
[23.529s][info][gc       ] GC(238) Concurrent Mark Cycle 15.158ms
[23.609s][info][gc       ] GC(239) Pause Young (Prepare Mixed) (G1 Preventive Collection) 241M->235M(360M) 52.609ms
[23.609s][info][safepoint] Safepoint "G1CollectForAllocation", Time since last: 26934200 ns, Reaching safepoint: 50500 ns, At safepoint: 52684500 ns, Total: 52735000 ns
[23.625s][info][gc       ] GC(240) Pause Young (Mixed) (G1 Evacuation Pause) 239M->215M(1080M) 8.831ms
[23.626s][info][safepoint] Safepoint "G1CollectForAllocation", Time since last: 1453100 ns, Reaching safepoint: 6427000 ns, At safepoint: 8901100 ns, Total: 15328100 ns
[23.639s][info][gc       ] GC(241) Pause Young (Concurrent Start) (G1 Humongous Allocation) 238M->236M(1080M) 4.726ms
[23.639s][info][gc       ] GC(242) Concurrent Mark Cycle
[23.639s][info][safepoint] Safepoint "G1TryInitiateConcMark", Time since last: 5064700 ns, Reaching safepoint: 3327500 ns, At safepoint: 4789300 ns, Total: 8116800 ns
[23.645s][info][gc       ] GC(242) Pause Remark 268M->88M(308M) 0.381ms
[23.645s][info][safepoint] Safepoint "G1Concurrent", Time since last: 5247200 ns, Reaching safepoint: 414200 ns, At safepoint: 419500 ns, Total: 833700 ns
[23.653s][info][gc       ] GC(242) Pause Cleanup 104M->104M(308M) 0.088ms
[23.653s][info][safepoint] Safepoint "G1Concurrent", Time since last: 4149000 ns, Reaching safepoint: 3794900 ns, At safepoint: 138200 ns, Total: 3933100 ns
[23.653s][info][gc       ] GC(242) Concurrent Mark Cycle 14.318ms
[23.713s][info][gc       ] GC(243) Pause Young (Prepare Mixed) (G1 Preventive Collection) 188M->173M(308M) 39.224ms
[23.713s][info][safepoint] Safepoint "G1CollectForAllocation", Time since last: 20375700 ns, Reaching safepoint: 104300 ns, At safepoint: 39336500 ns, Total: 39440800 ns
[23.733s][info][gc       ] GC(244) Pause Young (Mixed) (G1 Evacuation Pause) 177M->168M(308M) 12.348ms
[23.733s][info][safepoint] Safepoint "G1CollectForAllocation", Time since last: 1549900 ns, Reaching safepoint: 6197600 ns, At safepoint: 12457200 ns, Total: 18654800 ns
[23.743s][info][gc       ] GC(245) Pause Young (Concurrent Start) (G1 Humongous Allocation) 170M->168M(308M) 2.240ms
[23.743s][info][gc       ] GC(246) Concurrent Mark Cycle
[23.743s][info][safepoint] Safepoint "G1TryInitiateConcMark", Time since last: 727700 ns, Reaching safepoint: 7246600 ns, At safepoint: 2361800 ns, Total: 9608400 ns
[23.768s][info][gc       ] GC(247) Pause Young (Normal) (G1 Evacuation Pause) 220M->218M(924M) 9.617ms
[23.768s][info][safepoint] Safepoint "G1CollectForAllocation", Time since last: 10126600 ns, Reaching safepoint: 5120000 ns, At safepoint: 9710100 ns, Total: 14830100 ns
[23.798s][info][gc       ] GC(246) Pause Remark 314M->278M(924M) 0.580ms
[23.798s][info][safepoint] Safepoint "G1Concurrent", Time since last: 28680000 ns, Reaching safepoint: 601700 ns, At safepoint: 669500 ns, Total: 1271200 ns
[23.846s][info][gc       ] GC(246) Pause Cleanup 414M->414M(924M) 0.103ms
[23.846s][info][safepoint] Safepoint "G1Concurrent", Time since last: 46782600 ns, Reaching safepoint: 1026300 ns, At safepoint: 191500 ns, Total: 1217800 ns
[23.847s][info][gc       ] GC(246) Concurrent Mark Cycle 103.643ms
[23.913s][info][gc       ] GC(248) Pause Young (Concurrent Start) (G1 Humongous Allocation) 418M->414M(924M) 64.784ms
[23.913s][info][gc       ] GC(249) Concurrent Mark Cycle
[23.913s][info][safepoint] Safepoint "G1TryInitiateConcMark", Time since last: 2031500 ns, Reaching safepoint: 127200 ns, At safepoint: 64871500 ns, Total: 64998700 ns
[23.939s][info][gc       ] GC(249) Pause Remark 502M->278M(924M) 0.846ms
[23.939s][info][safepoint] Safepoint "G1Concurrent", Time since last: 24872400 ns, Reaching safepoint: 414200 ns, At safepoint: 938100 ns, Total: 1352300 ns
[24.019s][info][gc       ] GC(250) Pause Young (Normal) (G1 Evacuation Pause) 402M->385M(924M) 50.712ms
[24.019s][info][safepoint] Safepoint "G1CollectForAllocation", Time since last: 28737200 ns, Reaching safepoint: 295600 ns, At safepoint: 50860100 ns, Total: 51155700 ns
[24.037s][info][gc       ] GC(249) Pause Cleanup 441M->441M(924M) 0.101ms
[24.037s][info][safepoint] Safepoint "G1Concurrent", Time since last: 16689200 ns, Reaching safepoint: 625400 ns, At safepoint: 170600 ns, Total: 796000 ns
[24.037s][info][gc       ] GC(249) Concurrent Mark Cycle 124.306ms
[24.128s][info][gc       ] GC(251) Pause Young (Prepare Mixed) (G1 Evacuation Pause) 609M->615M(924M) 51.473ms
[24.128s][info][safepoint] Safepoint "G1CollectForAllocation", Time since last: 39482300 ns, Reaching safepoint: 111100 ns, At safepoint: 51554800 ns, Total: 51665900 ns
[24.160s][info][gc       ] GC(252) Pause Young (Mixed) (G1 Evacuation Pause) 655M->665M(924M) 18.562ms
[24.161s][info][safepoint] Safepoint "G1CollectForAllocation", Time since last: 13844100 ns, Reaching safepoint: 130500 ns, At safepoint: 18638900 ns, Total: 18769400 ns
[24.173s][info][gc       ] GC(253) Pause Young (Concurrent Start) (G1 Humongous Allocation) 681M->688M(924M) 6.806ms
[24.173s][info][gc       ] GC(254) Concurrent Mark Cycle
[24.173s][info][safepoint] Safepoint "G1TryInitiateConcMark", Time since last: 5277900 ns, Reaching safepoint: 30700 ns, At safepoint: 6871100 ns, Total: 6901800 ns
[24.214s][info][gc       ] GC(255) Pause Young (Normal) (G1 Evacuation Pause) 760M->758M(2772M) 18.114ms
[24.214s][info][safepoint] Safepoint "G1CollectForAllocation", Time since last: 23244400 ns, Reaching safepoint: 118000 ns, At safepoint: 18211400 ns, Total: 18329400 ns
[24.229s][info][gc       ] GC(254) Pause Remark 802M->322M(1080M) 0.961ms
[24.229s][info][safepoint] Safepoint "G1Concurrent", Time since last: 12910400 ns, Reaching safepoint: 504500 ns, At safepoint: 1013400 ns, Total: 1517900 ns
[24.285s][info][gc       ] GC(254) Pause Cleanup 474M->474M(1080M) 0.131ms
[24.285s][info][safepoint] Safepoint "G1Concurrent", Time since last: 54922700 ns, Reaching safepoint: 749800 ns, At safepoint: 192100 ns, Total: 941900 ns
[24.287s][info][gc       ] GC(254) Concurrent Mark Cycle 113.950ms
[24.518s][info][gc       ] GC(256) Pause Young (Prepare Mixed) (G1 Preventive Collection) 744M->738M(1080M) 138.903ms
[24.518s][info][safepoint] Safepoint "G1CollectForAllocation", Time since last: 93938600 ns, Reaching safepoint: 206600 ns, At safepoint: 139001200 ns, Total: 139207800 ns
[24.565s][info][gc       ] GC(257) Pause Young (Mixed) (G1 Evacuation Pause) 758M->735M(1080M) 38.461ms
[24.565s][info][safepoint] Safepoint "G1CollectForAllocation", Time since last: 8909000 ns, Reaching safepoint: 116300 ns, At safepoint: 38538400 ns, Total: 38654700 ns
[24.582s][info][gc       ] GC(258) Pause Young (Concurrent Start) (G1 Humongous Allocation) 763M->767M(1080M) 6.217ms
[24.582s][info][safepoint] Safepoint "G1TryInitiateConcMark", Time since last: 9985800 ns, Reaching safepoint: 114500 ns, At safepoint: 6268100 ns, Total: 6382600 ns
[24.582s][info][gc       ] GC(259) Concurrent Mark Cycle
[24.625s][info][gc       ] GC(260) Pause Young (Normal) (G1 Evacuation Pause) 875M->875M(1080M) 21.026ms
[24.625s][info][safepoint] Safepoint "G1CollectForAllocation", Time since last: 22433700 ns, Reaching safepoint: 156300 ns, At safepoint: 21142400 ns, Total: 21298700 ns
[24.644s][info][gc       ] GC(259) Pause Remark 935M->461M(1080M) 0.628ms
[24.644s][info][safepoint] Safepoint "G1Concurrent", Time since last: 14818600 ns, Reaching safepoint: 3455000 ns, At safepoint: 658000 ns, Total: 4113000 ns
[24.670s][info][gc       ] GC(261) Pause Young (Normal) (G1 Evacuation Pause) 469M->474M(3240M) 22.872ms
[24.670s][info][safepoint] Safepoint "G1CollectForAllocation", Time since last: 2678300 ns, Reaching safepoint: 310600 ns, At safepoint: 23021100 ns, Total: 23331700 ns
[24.739s][info][gc       ] GC(259) Pause Cleanup 762M->762M(3240M) 0.125ms
[24.739s][info][safepoint] Safepoint "G1Concurrent", Time since last: 68419700 ns, Reaching safepoint: 407200 ns, At safepoint: 192600 ns, Total: 599800 ns
[24.746s][info][gc       ] GC(259) Concurrent Mark Cycle 164.272ms
[25.223s][info][gc       ] GC(262) Pause Young (Prepare Mixed) (G1 Evacuation Pause) 1602M->1582M(3240M) 250.877ms
[25.223s][info][safepoint] Safepoint "G1CollectForAllocation", Time since last: 232827400 ns, Reaching safepoint: 161100 ns, At safepoint: 250992700 ns, Total: 251153800 ns
[25.317s][info][gc       ] GC(263) Pause Young (Mixed) (G1 Evacuation Pause) 1694M->1678M(3240M) 56.610ms
[25.317s][info][safepoint] Safepoint "G1CollectForAllocation", Time since last: 37120900 ns, Reaching safepoint: 43700 ns, At safepoint: 56689500 ns, Total: 56733200 ns
[25.325s][info][gc       ] GC(264) Pause Young (Concurrent Start) (G1 Humongous Allocation) 1684M->1684M(3240M) 7.112ms
[25.325s][info][gc       ] GC(265) Concurrent Mark Cycle
[25.325s][info][safepoint] Safepoint "G1TryInitiateConcMark", Time since last: 565200 ns, Reaching safepoint: 47200 ns, At safepoint: 7187100 ns, Total: 7234300 ns
[25.337s][info][gc       ] GC(265) Pause Remark 1728M->132M(456M) 0.874ms
[25.337s][info][safepoint] Safepoint "G1Concurrent", Time since last: 8703900 ns, Reaching safepoint: 2227100 ns, At safepoint: 916600 ns, Total: 3143700 ns
[25.346s][info][gc       ] GC(265) Pause Cleanup 164M->164M(456M) 0.049ms
[25.346s][info][safepoint] Safepoint "G1Concurrent", Time since last: 8226200 ns, Reaching safepoint: 462200 ns, At safepoint: 91000 ns, Total: 553200 ns
[25.346s][info][gc       ] GC(265) Concurrent Mark Cycle 20.982ms
[25.418s][info][gc       ] GC(266) Pause Young (Prepare Mixed) (G1 Preventive Collection) 283M->262M(456M) 45.922ms
[25.418s][info][safepoint] Safepoint "G1CollectForAllocation", Time since last: 26504700 ns, Reaching safepoint: 185400 ns, At safepoint: 45998900 ns, Total: 46184300 ns
[25.454s][info][gc       ] GC(267) Pause Young (Mixed) (G1 Evacuation Pause) 278M->253M(456M) 31.765ms
[25.454s][info][safepoint] Safepoint "G1CollectForAllocation", Time since last: 3592800 ns, Reaching safepoint: 97800 ns, At safepoint: 31845200 ns, Total: 31943000 ns
[25.468s][info][gc       ] GC(268) Pause Young (Concurrent Start) (G1 Humongous Allocation) 255M->259M(1368M) 6.213ms
[25.468s][info][safepoint] Safepoint "G1TryInitiateConcMark", Time since last: 910600 ns, Reaching safepoint: 6586600 ns, At safepoint: 6287900 ns, Total: 12874500 ns
[25.468s][info][gc       ] GC(269) Concurrent Mark Cycle
[25.479s][info][gc       ] GC(269) Pause Remark 299M->135M(456M) 0.361ms
[25.479s][info][safepoint] Safepoint "G1Concurrent", Time since last: 7355700 ns, Reaching safepoint: 3719400 ns, At safepoint: 398600 ns, Total: 4118000 ns
[25.488s][info][gc       ] GC(269) Pause Cleanup 185M->185M(456M) 0.053ms
[25.488s][info][safepoint] Safepoint "G1Concurrent", Time since last: 8888600 ns, Reaching safepoint: 310200 ns, At safepoint: 95600 ns, Total: 405800 ns
[25.489s][info][gc       ] GC(269) Concurrent Mark Cycle 20.977ms
[25.562s][info][gc       ] GC(270) Pause Young (Prepare Mixed) (G1 Preventive Collection) 307M->304M(456M) 47.762ms
[25.562s][info][safepoint] Safepoint "G1CollectForAllocation", Time since last: 25922000 ns, Reaching safepoint: 50300 ns, At safepoint: 47895500 ns, Total: 47945800 ns
[25.591s][info][gc       ] GC(271) Pause Young (Mixed) (G1 Evacuation Pause) 316M->281M(456M) 20.804ms
[25.591s][info][safepoint] Safepoint "G1CollectForAllocation", Time since last: 2694600 ns, Reaching safepoint: 4783300 ns, At safepoint: 20910000 ns, Total: 25693300 ns
[25.602s][info][gc       ] GC(272) Pause Young (Concurrent Start) (G1 Humongous Allocation) 292M->293M(456M) 3.600ms
[25.602s][info][safepoint] Safepoint "G1TryInitiateConcMark", Time since last: 3462500 ns, Reaching safepoint: 4084200 ns, At safepoint: 3676800 ns, Total: 7761000 ns
[25.602s][info][gc       ] GC(273) Concurrent Mark Cycle
[25.632s][info][gc       ] GC(274) Pause Young (Normal) (G1 Evacuation Pause) 353M->355M(456M) 14.861ms
[25.632s][info][safepoint] Safepoint "G1CollectForAllocation", Time since last: 15077600 ns, Reaching safepoint: 99000 ns, At safepoint: 14974700 ns, Total: 15073700 ns
[25.640s][info][gc       ] GC(273) Pause Remark 359M->231M(456M) 0.623ms
[25.640s][info][safepoint] Safepoint "G1Concurrent", Time since last: 189700 ns, Reaching safepoint: 7594300 ns, At safepoint: 650900 ns, Total: 8245200 ns
[25.652s][info][gc       ] GC(275) Pause Young (Normal) (G1 Evacuation Pause) 239M->241M(1368M) 9.332ms
[25.652s][info][safepoint] Safepoint "G1CollectForAllocation", Time since last: 2473700 ns, Reaching safepoint: 138600 ns, At safepoint: 9390300 ns, Total: 9528900 ns
[25.678s][info][gc       ] GC(273) Pause Cleanup 337M->337M(1368M) 0.140ms
[25.678s][info][safepoint] Safepoint "G1Concurrent", Time since last: 24973200 ns, Reaching safepoint: 389300 ns, At safepoint: 195200 ns, Total: 584500 ns
[25.679s][info][gc       ] GC(273) Concurrent Mark Cycle 77.105ms
[25.955s][info][gc       ] GC(276) Pause Young (Prepare Mixed) (G1 Evacuation Pause) 745M->735M(1368M) 144.649ms
[25.955s][info][safepoint] Safepoint "G1CollectForAllocation", Time since last: 131877700 ns, Reaching safepoint: 216700 ns, At safepoint: 144780800 ns, Total: 144997500 ns
[26.000s][info][gc       ] GC(277) Pause Young (Mixed) (G1 Evacuation Pause) 775M->746M(1368M) 31.156ms
[26.000s][info][safepoint] Safepoint "G1CollectForAllocation", Time since last: 13884500 ns, Reaching safepoint: 220100 ns, At safepoint: 31292100 ns, Total: 31512200 ns
[26.005s][info][gc       ] GC(278) Pause Young (Concurrent Start) (G1 Humongous Allocation) 748M->754M(1368M) 4.106ms
[26.005s][info][safepoint] Safepoint "G1TryInitiateConcMark", Time since last: 365200 ns, Reaching safepoint: 120000 ns, At safepoint: 4171200 ns, Total: 4291200 ns
[26.005s][info][gc       ] GC(279) Concurrent Mark Cycle
[26.035s][info][gc       ] GC(279) Pause Remark 826M->298M(1016M) 0.594ms
[26.035s][info][safepoint] Safepoint "G1Concurrent", Time since last: 26356300 ns, Reaching safepoint: 2757800 ns, At safepoint: 645500 ns, Total: 3403300 ns
[26.067s][info][gc       ] GC(279) Pause Cleanup 386M->386M(1016M) 0.148ms
[26.067s][info][safepoint] Safepoint "G1Concurrent", Time since last: 31992200 ns, Reaching safepoint: 330200 ns, At safepoint: 267900 ns, Total: 598100 ns
[26.068s][info][gc       ] GC(279) Concurrent Mark Cycle 63.001ms
[26.162s][info][gc       ] GC(280) Pause Young (Prepare Mixed) (G1 Evacuation Pause) 494M->493M(1016M) 58.369ms
[26.162s][info][safepoint] Safepoint "G1CollectForAllocation", Time since last: 36169500 ns, Reaching safepoint: 137000 ns, At safepoint: 58465000 ns, Total: 58602000 ns
[26.192s][info][gc       ] GC(281) Pause Young (Mixed) (G1 Evacuation Pause) 521M->439M(1016M) 22.103ms
[26.192s][info][safepoint] Safepoint "G1CollectForAllocation", Time since last: 7709100 ns, Reaching safepoint: 66700 ns, At safepoint: 22187600 ns, Total: 22254300 ns
[26.232s][info][gc       ] GC(282) Pause Young (Mixed) (G1 Evacuation Pause) 515M->516M(3048M) 22.827ms
[26.232s][info][safepoint] Safepoint "G1CollectForAllocation", Time since last: 16956000 ns, Reaching safepoint: 99100 ns, At safepoint: 22912100 ns, Total: 23011200 ns
[26.831s][info][gc       ] GC(283) Pause Young (Normal) (G1 Evacuation Pause) 1500M->1484M(3048M) 211.615ms
[26.831s][info][safepoint] Safepoint "G1CollectForAllocation", Time since last: 386855400 ns, Reaching safepoint: 128400 ns, At safepoint: 211738400 ns, Total: 211866800 ns
[26.876s][info][gc       ] GC(284) Pause Young (Concurrent Start) (G1 Humongous Allocation) 1492M->1510M(3048M) 42.430ms
[26.876s][info][gc       ] GC(285) Concurrent Mark Cycle
[26.876s][info][safepoint] Safepoint "G1TryInitiateConcMark", Time since last: 3001400 ns, Reaching safepoint: 177500 ns, At safepoint: 42594400 ns, Total: 42771900 ns
[26.913s][info][gc       ] GC(285) Pause Remark 1622M->512M(1720M) 0.718ms
[26.913s][info][safepoint] Safepoint "G1Concurrent", Time since last: 35645400 ns, Reaching safepoint: 383400 ns, At safepoint: 766800 ns, Total: 1150200 ns
[26.966s][info][gc       ] GC(285) Pause Cleanup 744M->744M(1720M) 0.170ms
[26.966s][info][safepoint] Safepoint "G1Concurrent", Time since last: 52114900 ns, Reaching safepoint: 564400 ns, At safepoint: 239800 ns, Total: 804200 ns
[26.969s][info][gc       ] GC(285) Concurrent Mark Cycle 92.920ms
[27.176s][info][gc       ] GC(286) Pause Young (Prepare Mixed) (G1 Evacuation Pause) 1024M->1022M(1720M) 135.663ms
[27.176s][info][safepoint] Safepoint "G1CollectForAllocation", Time since last: 73974200 ns, Reaching safepoint: 215700 ns, At safepoint: 135840000 ns, Total: 136055700 ns
[27.234s][info][gc       ] GC(287) Pause Young (Mixed) (G1 Evacuation Pause) 1077M->942M(1720M) 41.064ms
[27.234s][info][safepoint] Safepoint "G1CollectForAllocation", Time since last: 16212900 ns, Reaching safepoint: 132400 ns, At safepoint: 41147000 ns, Total: 41279400 ns
[27.253s][info][gc       ] GC(288) Pause Young (Concurrent Start) (G1 Humongous Allocation) 952M->950M(4284M) 17.588ms
[27.253s][info][safepoint] Safepoint "G1TryInitiateConcMark", Time since last: 1248700 ns, Reaching safepoint: 131700 ns, At safepoint: 17678000 ns, Total: 17809700 ns
[27.253s][info][gc       ] GC(289) Concurrent Undo Cycle
[27.258s][info][gc       ] GC(289) Concurrent Undo Cycle 5.342ms
[27.795s][info][gc       ] GC(290) Pause Young (Normal) (G1 Evacuation Pause) 1930M->1909M(4284M) 231.437ms
[27.795s][info][safepoint] Safepoint "G1CollectForAllocation", Time since last: 310368500 ns, Reaching safepoint: 159100 ns, At safepoint: 231562300 ns, Total: 231721400 ns
[27.837s][info][gc       ] GC(291) Pause Young (Concurrent Start) (G1 Humongous Allocation) 1911M->1922M(4284M) 41.205ms
[27.837s][info][gc       ] GC(292) Concurrent Mark Cycle
[27.837s][info][safepoint] Safepoint "G1TryInitiateConcMark", Time since last: 536500 ns, Reaching safepoint: 137800 ns, At safepoint: 41329600 ns, Total: 41467400 ns
[27.857s][info][gc       ] GC(292) Pause Remark 1984M->234M(800M) 0.953ms
[27.857s][info][safepoint] Safepoint "G1Concurrent", Time since last: 18490600 ns, Reaching safepoint: 936000 ns, At safepoint: 993600 ns, Total: 1929600 ns
[27.893s][info][gc       ] GC(292) Pause Cleanup 388M->388M(800M) 0.060ms
[27.893s][info][safepoint] Safepoint "G1Concurrent", Time since last: 35611100 ns, Reaching safepoint: 176800 ns, At safepoint: 99700 ns, Total: 276500 ns
[27.894s][info][gc       ] GC(292) Concurrent Mark Cycle 57.457ms
[28.021s][info][gc       ] GC(293) Pause Young (Prepare Mixed) (G1 Preventive Collection) 562M->564M(812M) 89.376ms
[28.021s][info][safepoint] Safepoint "G1CollectForAllocation", Time since last: 38599000 ns, Reaching safepoint: 174000 ns, At safepoint: 89497600 ns, Total: 89671600 ns
[28.080s][info][gc       ] GC(294) Pause Young (Mixed) (G1 Evacuation Pause) 584M->576M(812M) 50.184ms
[28.080s][info][safepoint] Safepoint "G1CollectForAllocation", Time since last: 5788500 ns, Reaching safepoint: 2159400 ns, At safepoint: 50259100 ns, Total: 52418500 ns
[28.095s][info][gc       ] GC(295) Pause Young (Concurrent Start) (G1 Humongous Allocation) 583M->590M(2436M) 7.921ms
[28.095s][info][safepoint] Safepoint "G1TryInitiateConcMark", Time since last: 2706100 ns, Reaching safepoint: 4495500 ns, At safepoint: 7996200 ns, Total: 12491700 ns
[28.095s][info][gc       ] GC(296) Concurrent Mark Cycle
[28.106s][info][gc       ] GC(296) Pause Remark 638M->180M(600M) 0.493ms
[28.106s][info][safepoint] Safepoint "G1Concurrent", Time since last: 9868300 ns, Reaching safepoint: 994200 ns, At safepoint: 538600 ns, Total: 1532800 ns
[28.123s][info][gc       ] GC(296) Pause Cleanup 236M->236M(600M) 0.058ms
[28.123s][info][safepoint] Safepoint "G1Concurrent", Time since last: 13094300 ns, Reaching safepoint: 3888500 ns, At safepoint: 89000 ns, Total: 3977500 ns
[28.124s][info][gc       ] GC(296) Concurrent Mark Cycle 28.831ms
[28.240s][info][gc       ] GC(297) Pause Young (Prepare Mixed) (G1 Preventive Collection) 412M->410M(600M) 79.175ms
[28.240s][info][safepoint] Safepoint "G1CollectForAllocation", Time since last: 37277600 ns, Reaching safepoint: 176000 ns, At safepoint: 79252800 ns, Total: 79428800 ns
[28.275s][info][gc       ] GC(298) Pause Young (Mixed) (G1 Evacuation Pause) 414M->370M(600M) 27.245ms
[28.275s][info][safepoint] Safepoint "G1CollectForAllocation", Time since last: 1803000 ns, Reaching safepoint: 6182200 ns, At safepoint: 27311400 ns, Total: 33493600 ns
[28.287s][info][gc       ] GC(299) Pause Young (Concurrent Start) (G1 Humongous Allocation) 383M->389M(600M) 4.084ms
[28.287s][info][gc       ] GC(300) Concurrent Mark Cycle
[28.287s][info][safepoint] Safepoint "G1TryInitiateConcMark", Time since last: 5257000 ns, Reaching safepoint: 2626500 ns, At safepoint: 4199700 ns, Total: 6826200 ns
[28.314s][info][gc       ] GC(301) Pause Young (Normal) (G1 Evacuation Pause) 461M->459M(600M) 11.651ms
[28.314s][info][safepoint] Safepoint "G1CollectForAllocation", Time since last: 15135000 ns, Reaching safepoint: 148600 ns, At safepoint: 11748800 ns, Total: 11897400 ns
[28.334s][info][gc       ] GC(302) Pause Young (Normal) (G1 Evacuation Pause) 495M->499M(1800M) 11.027ms
[28.335s][info][safepoint] Safepoint "G1CollectForAllocation", Time since last: 8744800 ns, Reaching safepoint: 147500 ns, At safepoint: 11228700 ns, Total: 11376200 ns
[28.352s][info][gc       ] GC(300) Pause Remark 563M->399M(1336M) 0.688ms
[28.352s][info][safepoint] Safepoint "G1Concurrent", Time since last: 16008800 ns, Reaching safepoint: 305100 ns, At safepoint: 736600 ns, Total: 1041700 ns
[28.415s][info][gc       ] GC(300) Pause Cleanup 687M->687M(1336M) 0.127ms
[28.415s][info][safepoint] Safepoint "G1Concurrent", Time since last: 63582700 ns, Reaching safepoint: 99400 ns, At safepoint: 175200 ns, Total: 274600 ns
[28.416s][info][gc       ] GC(300) Concurrent Mark Cycle 129.043ms
[28.618s][info][gc       ] GC(303) Pause Young (Prepare Mixed) (G1 Evacuation Pause) 899M->889M(1336M) 133.425ms
[28.618s][info][safepoint] Safepoint "G1CollectForAllocation", Time since last: 68528600 ns, Reaching safepoint: 142500 ns, At safepoint: 133540100 ns, Total: 133682600 ns
[28.666s][info][gc       ] GC(304) Pause Young (Mixed) (G1 Evacuation Pause) 929M->901M(1336M) 33.122ms
[28.666s][info][safepoint] Safepoint "G1CollectForAllocation", Time since last: 15007500 ns, Reaching safepoint: 190200 ns, At safepoint: 33232000 ns, Total: 33422200 ns
[28.681s][info][gc       ] GC(305) Pause Young (Concurrent Start) (G1 Humongous Allocation) 920M->928M(1336M) 7.324ms
[28.681s][info][gc       ] GC(306) Concurrent Mark Cycle
[28.681s][info][safepoint] Safepoint "G1TryInitiateConcMark", Time since last: 7089500 ns, Reaching safepoint: 864500 ns, At safepoint: 7387000 ns, Total: 8251500 ns
[28.705s][info][gc       ] GC(306) Pause Remark 1020M->377M(1268M) 0.433ms
[28.705s][info][safepoint] Safepoint "G1Concurrent", Time since last: 22690100 ns, Reaching safepoint: 715000 ns, At safepoint: 476800 ns, Total: 1191800 ns
[28.739s][info][gc       ] GC(307) Pause Young (Normal) (G1 Evacuation Pause) 421M->421M(1268M) 25.721ms
[28.739s][info][safepoint] Safepoint "G1CollectForAllocation", Time since last: 7736500 ns, Reaching safepoint: 205600 ns, At safepoint: 25832000 ns, Total: 26037600 ns
[28.762s][info][gc       ] GC(306) Pause Cleanup 509M->509M(1268M) 0.198ms
[28.762s][info][safepoint] Safepoint "G1Concurrent", Time since last: 22508700 ns, Reaching safepoint: 159300 ns, At safepoint: 284400 ns, Total: 443700 ns
[28.763s][info][gc       ] GC(306) Concurrent Mark Cycle 81.380ms
[28.893s][info][gc       ] GC(308) Pause Young (Prepare Mixed) (G1 Evacuation Pause) 777M->777M(1268M) 72.520ms
[28.893s][info][safepoint] Safepoint "G1CollectForAllocation", Time since last: 57861900 ns, Reaching safepoint: 180400 ns, At safepoint: 72654900 ns, Total: 72835300 ns
[28.938s][info][gc       ] GC(309) Pause Young (Mixed) (G1 Evacuation Pause) 829M->723M(1268M) 32.769ms
[28.938s][info][safepoint] Safepoint "G1CollectForAllocation", Time since last: 12593100 ns, Reaching safepoint: 102500 ns, At safepoint: 32884500 ns, Total: 32987000 ns
[28.987s][info][gc       ] GC(310) Pause Young (Mixed) (G1 Evacuation Pause) 803M->788M(3804M) 28.151ms
[28.987s][info][safepoint] Safepoint "G1CollectForAllocation", Time since last: 20650800 ns, Reaching safepoint: 137600 ns, At safepoint: 28218100 ns, Total: 28355700 ns
[28.996s][info][gc       ] GC(311) Pause Young (Concurrent Start) (G1 Humongous Allocation) 796M->796M(3804M) 5.758ms
[28.996s][info][gc       ] GC(312) Concurrent Mark Cycle
[28.996s][info][safepoint] Safepoint "G1TryInitiateConcMark", Time since last: 2628600 ns, Reaching safepoint: 148000 ns, At safepoint: 5825700 ns, Total: 5973700 ns
[29.036s][info][gc       ] GC(312) Pause Remark 900M->286M(976M) 0.914ms
[29.036s][info][safepoint] Safepoint "G1Concurrent", Time since last: 39060100 ns, Reaching safepoint: 161100 ns, At safepoint: 1002400 ns, Total: 1163500 ns
[29.082s][info][gc       ] GC(312) Pause Cleanup 402M->402M(976M) 0.214ms
[29.082s][info][safepoint] Safepoint "G1Concurrent", Time since last: 44812200 ns, Reaching safepoint: 470700 ns, At safepoint: 273300 ns, Total: 744000 ns
[29.083s][info][gc       ] GC(312) Concurrent Mark Cycle 86.991ms
[29.282s][info][gc       ] GC(313) Pause Young (Prepare Mixed) (G1 Preventive Collection) 642M->630M(976M) 119.051ms
[29.282s][info][safepoint] Safepoint "G1CollectForAllocation", Time since last: 80839900 ns, Reaching safepoint: 202900 ns, At safepoint: 119164400 ns, Total: 119367300 ns
[29.339s][info][gc       ] GC(314) Pause Young (Mixed) (G1 Evacuation Pause) 634M->630M(976M) 55.434ms
[29.339s][info][safepoint] Safepoint "G1CollectForAllocation", Time since last: 1512600 ns, Reaching safepoint: 145200 ns, At safepoint: 55499900 ns, Total: 55645100 ns
[29.342s][info][gc       ] GC(315) Pause Young (Concurrent Start) (G1 Humongous Allocation) 631M->629M(976M) 1.646ms
[29.342s][info][safepoint] Safepoint "G1TryInitiateConcMark", Time since last: 214500 ns, Reaching safepoint: 724500 ns, At safepoint: 1694200 ns, Total: 2418700 ns
[29.342s][info][gc       ] GC(316) Concurrent Mark Cycle
[29.353s][info][gc       ] GC(316) Pause Remark 681M->147M(496M) 0.580ms
[29.353s][info][safepoint] Safepoint "G1Concurrent", Time since last: 10123600 ns, Reaching safepoint: 997800 ns, At safepoint: 631900 ns, Total: 1629700 ns
[29.372s][info][gc       ] GC(316) Pause Cleanup 195M->195M(496M) 0.083ms
[29.372s][info][safepoint] Safepoint "G1Concurrent", Time since last: 12618000 ns, Reaching safepoint: 6106500 ns, At safepoint: 127100 ns, Total: 6233600 ns
[29.373s][info][gc       ] GC(316) Concurrent Mark Cycle 30.947ms
[29.416s][info][gc       ] GC(317) Pause Young (Prepare Mixed) (G1 Evacuation Pause) 239M->239M(496M) 34.444ms
[29.417s][info][safepoint] Safepoint "G1CollectForAllocation", Time since last: 9631600 ns, Reaching safepoint: 50100 ns, At safepoint: 34522300 ns, Total: 34572400 ns
[29.440s][info][gc       ] GC(318) Pause Young (Mixed) (G1 Evacuation Pause) 251M->213M(1488M) 15.677ms
[29.440s][info][safepoint] Safepoint "G1CollectForAllocation", Time since last: 4829200 ns, Reaching safepoint: 3281600 ns, At safepoint: 15766500 ns, Total: 19048100 ns
[29.450s][info][gc       ] GC(319) Pause Young (Concurrent Start) (G1 Humongous Allocation) 235M->231M(1488M) 5.391ms
[29.450s][info][gc       ] GC(320) Concurrent Mark Cycle
[29.450s][info][safepoint] Safepoint "G1TryInitiateConcMark", Time since last: 4302300 ns, Reaching safepoint: 30700 ns, At safepoint: 5447200 ns, Total: 5477900 ns
[29.457s][info][gc       ] GC(320) Pause Remark 263M->82M(280M) 0.416ms
[29.457s][info][safepoint] Safepoint "G1Concurrent", Time since last: 5391600 ns, Reaching safepoint: 615900 ns, At safepoint: 459900 ns, Total: 1075800 ns
[29.462s][info][gc       ] GC(320) Pause Cleanup 102M->102M(280M) 0.041ms
[29.462s][info][safepoint] Safepoint "G1Concurrent", Time since last: 4332200 ns, Reaching safepoint: 593700 ns, At safepoint: 65700 ns, Total: 659400 ns
[29.462s][info][gc       ] GC(320) Concurrent Mark Cycle 11.595ms
[29.511s][info][gc       ] GC(321) Pause Young (Prepare Mixed) (G1 Preventive Collection) 174M->161M(280M) 31.329ms
[29.511s][info][safepoint] Safepoint "G1CollectForAllocation", Time since last: 17942500 ns, Reaching safepoint: 158400 ns, At safepoint: 31466600 ns, Total: 31625000 ns
[29.548s][info][gc       ] GC(322) Pause Young (Mixed) (G1 Evacuation Pause) 165M->159M(280M) 29.136ms
[29.548s][info][safepoint] Safepoint "G1CollectForAllocation", Time since last: 1568100 ns, Reaching safepoint: 6455400 ns, At safepoint: 29235200 ns, Total: 35690600 ns
[29.557s][info][gc       ] GC(323) Pause Young (Concurrent Start) (G1 Humongous Allocation) 168M->168M(280M) 4.014ms
[29.557s][info][gc       ] GC(324) Concurrent Mark Cycle
[29.557s][info][safepoint] Safepoint "G1TryInitiateConcMark", Time since last: 3276000 ns, Reaching safepoint: 1383900 ns, At safepoint: 4070300 ns, Total: 5454200 ns
[29.579s][info][gc       ] GC(325) Pause Young (Normal) (G1 Evacuation Pause) 212M->213M(840M) 9.941ms
[29.579s][info][safepoint] Safepoint "G1CollectForAllocation", Time since last: 9796200 ns, Reaching safepoint: 2109100 ns, At safepoint: 10035100 ns, Total: 12144200 ns
[29.608s][info][gc       ] GC(324) Pause Remark 345M->309M(840M) 0.590ms
[29.608s][info][safepoint] Safepoint "G1Concurrent", Time since last: 27755000 ns, Reaching safepoint: 575200 ns, At safepoint: 641500 ns, Total: 1216700 ns
[29.705s][info][gc       ] GC(326) Pause Young (Normal) (G1 Evacuation Pause) 441M->435M(840M) 67.806ms
[29.705s][info][safepoint] Safepoint "G1CollectForAllocation", Time since last: 28996300 ns, Reaching safepoint: 196000 ns, At safepoint: 67892600 ns, Total: 68088600 ns
[29.734s][info][gc       ] GC(324) Pause Cleanup 547M->547M(840M) 0.161ms
[29.734s][info][safepoint] Safepoint "G1Concurrent", Time since last: 28267700 ns, Reaching safepoint: 699800 ns, At safepoint: 226400 ns, Total: 926200 ns
[29.735s][info][gc       ] GC(324) Concurrent Mark Cycle 177.727ms
[29.786s][info][gc       ] GC(327) Pause Young (Concurrent Start) (G1 Humongous Allocation) 574M->581M(840M) 41.832ms
[29.786s][info][safepoint] Safepoint "G1TryInitiateConcMark", Time since last: 6504600 ns, Reaching safepoint: 2777500 ns, At safepoint: 41914100 ns, Total: 44691600 ns
[29.786s][info][gc       ] GC(328) Concurrent Mark Cycle
[29.804s][info][gc       ] GC(328) Pause Remark 656M->220M(748M) 0.432ms
[29.804s][info][safepoint] Safepoint "G1Concurrent", Time since last: 17821300 ns, Reaching safepoint: 213300 ns, At safepoint: 482900 ns, Total: 696200 ns
[29.823s][info][gc       ] GC(329) Pause Young (Normal) (G1 Evacuation Pause) 229M->220M(748M) 15.171ms
[29.823s][info][safepoint] Safepoint "G1CollectForAllocation", Time since last: 3284900 ns, Reaching safepoint: 340500 ns, At safepoint: 15264200 ns, Total: 15604700 ns
[29.857s][info][gc       ] GC(328) Pause Cleanup 368M->368M(748M) 0.141ms
[29.857s][info][safepoint] Safepoint "G1Concurrent", Time since last: 33276800 ns, Reaching safepoint: 266600 ns, At safepoint: 198500 ns, Total: 465100 ns
[29.857s][info][gc       ] GC(328) Concurrent Mark Cycle 71.668ms
[29.899s][info][gc       ] GC(330) Pause Young (Concurrent Start) (G1 Humongous Allocation) 390M->390M(748M) 37.010ms
[29.899s][info][safepoint] Safepoint "G1TryInitiateConcMark", Time since last: 5361900 ns, Reaching safepoint: 118500 ns, At safepoint: 37080700 ns, Total: 37199200 ns
[29.899s][info][gc       ] GC(331) Concurrent Mark Cycle
[29.920s][info][gc       ] GC(331) Pause Remark 462M->220M(748M) 0.617ms
[29.920s][info][safepoint] Safepoint "G1Concurrent", Time since last: 19784300 ns, Reaching safepoint: 135700 ns, At safepoint: 717800 ns, Total: 853500 ns
[29.964s][info][gc       ] GC(332) Pause Young (Normal) (G1 Evacuation Pause) 284M->275M(748M) 28.789ms
[29.964s][info][safepoint] Safepoint "G1CollectForAllocation", Time since last: 14845500 ns, Reaching safepoint: 260600 ns, At safepoint: 28866800 ns, Total: 29127400 ns
[29.987s][info][gc       ] GC(331) Pause Cleanup 367M->367M(748M) 0.070ms
[29.987s][info][safepoint] Safepoint "G1Concurrent", Time since last: 22394600 ns, Reaching safepoint: 313400 ns, At safepoint: 118100 ns, Total: 431500 ns
[29.987s][info][gc       ] GC(331) Concurrent Mark Cycle 87.870ms
[30.021s][info][gc       ] GC(333) Pause Young (Concurrent Start) (G1 Humongous Allocation) 367M->372M(748M) 33.371ms
[30.021s][info][gc       ] GC(334) Concurrent Mark Cycle
[30.021s][info][safepoint] Safepoint "G1TryInitiateConcMark", Time since last: 578400 ns, Reaching safepoint: 43500 ns, At safepoint: 33451500 ns, Total: 33495000 ns
[30.040s][info][gc       ] GC(334) Pause Remark 444M->212M(708M) 0.497ms
[30.040s][info][safepoint] Safepoint "G1Concurrent", Time since last: 18284600 ns, Reaching safepoint: 194200 ns, At safepoint: 558000 ns, Total: 752200 ns
[30.102s][info][gc       ] GC(335) Pause Young (Normal) (G1 Evacuation Pause) 292M->293M(852M) 43.413ms
[30.102s][info][safepoint] Safepoint "G1CollectForAllocation", Time since last: 18117500 ns, Reaching safepoint: 182500 ns, At safepoint: 43525400 ns, Total: 43707900 ns
[30.115s][info][gc       ] GC(334) Pause Cleanup 337M->337M(852M) 0.119ms
[30.115s][info][safepoint] Safepoint "G1Concurrent", Time since last: 12290900 ns, Reaching safepoint: 405100 ns, At safepoint: 176200 ns, Total: 581300 ns
[30.115s][info][gc       ] GC(334) Concurrent Mark Cycle 94.475ms
[30.222s][info][gc       ] GC(336) Pause Young (Prepare Mixed) (G1 Evacuation Pause) 521M->525M(852M) 60.809ms
[30.222s][info][safepoint] Safepoint "G1CollectForAllocation", Time since last: 46447200 ns, Reaching safepoint: 305200 ns, At safepoint: 60888400 ns, Total: 61193600 ns
[30.249s][info][gc       ] GC(337) Pause Young (Mixed) (G1 Evacuation Pause) 561M->569M(852M) 17.226ms
[30.250s][info][safepoint] Safepoint "G1CollectForAllocation", Time since last: 9857600 ns, Reaching safepoint: 174300 ns, At safepoint: 17291800 ns, Total: 17466100 ns
[30.264s][info][gc       ] GC(338) Pause Young (Concurrent Start) (G1 Humongous Allocation) 590M->597M(852M) 6.724ms
[30.264s][info][safepoint] Safepoint "G1TryInitiateConcMark", Time since last: 7222500 ns, Reaching safepoint: 104600 ns, At safepoint: 6791500 ns, Total: 6896100 ns
[30.264s][info][gc       ] GC(339) Concurrent Mark Cycle
[30.298s][info][gc       ] GC(340) Pause Young (Normal) (G1 Evacuation Pause) 685M->684M(852M) 15.960ms
[30.298s][info][safepoint] Safepoint "G1CollectForAllocation", Time since last: 18146900 ns, Reaching safepoint: 127900 ns, At safepoint: 16040000 ns, Total: 16167900 ns
[30.327s][info][gc       ] GC(341) Pause Young (Normal) (G1 Evacuation Pause) 736M->740M(2556M) 15.061ms
[30.327s][info][safepoint] Safepoint "G1CollectForAllocation", Time since last: 13523300 ns, Reaching safepoint: 282600 ns, At safepoint: 15205900 ns, Total: 15488500 ns
[30.335s][info][gc       ] GC(339) Pause Remark 764M->384M(1296M) 0.626ms
[30.336s][info][safepoint] Safepoint "G1Concurrent", Time since last: 5028700 ns, Reaching safepoint: 2863500 ns, At safepoint: 663500 ns, Total: 3527000 ns
[30.401s][info][gc       ] GC(339) Pause Cleanup 562M->562M(1296M) 0.199ms
[30.401s][info][safepoint] Safepoint "G1Concurrent", Time since last: 64820800 ns, Reaching safepoint: 895400 ns, At safepoint: 257700 ns, Total: 1153100 ns
[30.404s][info][gc       ] GC(339) Concurrent Mark Cycle 140.457ms
[30.647s][info][gc       ] GC(342) Pause Young (Prepare Mixed) (G1 Preventive Collection) 912M->903M(1296M) 132.765ms
[30.647s][info][safepoint] Safepoint "G1CollectForAllocation", Time since last: 112452100 ns, Reaching safepoint: 207200 ns, At safepoint: 132888200 ns, Total: 133095400 ns
[30.684s][info][gc       ] GC(343) Pause Young (Mixed) (G1 Evacuation Pause) 907M->893M(1296M) 32.280ms
[30.684s][info][safepoint] Safepoint "G1CollectForAllocation", Time since last: 1679500 ns, Reaching safepoint: 3207500 ns, At safepoint: 32425300 ns, Total: 35632800 ns
[30.688s][info][gc       ] GC(344) Pause Young (Concurrent Start) (G1 Humongous Allocation) 896M->889M(1296M) 2.688ms
[30.688s][info][safepoint] Safepoint "G1TryInitiateConcMark", Time since last: 983900 ns, Reaching safepoint: 138000 ns, At safepoint: 2744900 ns, Total: 2882900 ns
[30.688s][info][gc       ] GC(345) Concurrent Mark Cycle
[30.709s][info][gc       ] GC(345) Pause Remark 967M->361M(1216M) 0.507ms
[30.709s][info][safepoint] Safepoint "G1Concurrent", Time since last: 19765500 ns, Reaching safepoint: 542400 ns, At safepoint: 554100 ns, Total: 1096500 ns
[30.744s][info][gc       ] GC(346) Pause Young (Normal) (G1 Evacuation Pause) 419M->417M(1216M) 23.307ms
[30.744s][info][safepoint] Safepoint "G1CollectForAllocation", Time since last: 11451400 ns, Reaching safepoint: 82400 ns, At safepoint: 23372600 ns, Total: 23455000 ns
[30.754s][info][gc       ] GC(345) Pause Cleanup 463M->463M(1216M) 0.108ms
[30.754s][info][safepoint] Safepoint "G1Concurrent", Time since last: 9278100 ns, Reaching safepoint: 184100 ns, At safepoint: 151300 ns, Total: 335400 ns
[30.756s][info][gc       ] GC(345) Concurrent Mark Cycle 67.921ms
[30.908s][info][gc       ] GC(347) Pause Young (Prepare Mixed) (G1 Evacuation Pause) 781M->783M(1216M) 81.913ms
[30.908s][info][safepoint] Safepoint "G1CollectForAllocation", Time since last: 72732500 ns, Reaching safepoint: 148400 ns, At safepoint: 81994900 ns, Total: 82143300 ns
[30.953s][info][gc       ] GC(348) Pause Young (Mixed) (G1 Evacuation Pause) 823M->714M(3648M) 34.727ms
[30.953s][info][safepoint] Safepoint "G1CollectForAllocation", Time since last: 9512200 ns, Reaching safepoint: 141800 ns, At safepoint: 34812100 ns, Total: 34953900 ns
[31.117s][info][gc       ] GC(349) Pause Young (Mixed) (G1 Evacuation Pause) 1006M->953M(3648M) 66.657ms
[31.117s][info][safepoint] Safepoint "G1CollectForAllocation", Time since last: 97598500 ns, Reaching safepoint: 154100 ns, At safepoint: 66742500 ns, Total: 66896600 ns
[31.675s][info][gc       ] GC(350) Pause Young (Normal) (G1 Evacuation Pause) 1893M->1888M(3648M) 215.814ms
[31.675s][info][safepoint] Safepoint "G1CollectForAllocation", Time since last: 341372900 ns, Reaching safepoint: 269200 ns, At safepoint: 215940700 ns, Total: 216209900 ns
[31.723s][info][gc       ] GC(351) Pause Young (Concurrent Start) (G1 Humongous Allocation) 1902M->1917M(3648M) 43.193ms
[31.723s][info][gc       ] GC(352) Concurrent Mark Cycle
[31.723s][info][safepoint] Safepoint "G1TryInitiateConcMark", Time since last: 4629100 ns, Reaching safepoint: 166300 ns, At safepoint: 43312700 ns, Total: 43479000 ns
[31.760s][info][gc       ] GC(352) Pause Remark 2037M->385M(1296M) 0.979ms
[31.760s][info][safepoint] Safepoint "G1Concurrent", Time since last: 35517400 ns, Reaching safepoint: 443800 ns, At safepoint: 1053700 ns, Total: 1497500 ns
[31.813s][info][gc       ] GC(352) Pause Cleanup 621M->621M(1296M) 0.221ms
[31.813s][info][safepoint] Safepoint "G1Concurrent", Time since last: 51904300 ns, Reaching safepoint: 427600 ns, At safepoint: 283500 ns, Total: 711100 ns
[31.814s][info][gc       ] GC(352) Concurrent Mark Cycle 90.943ms
[32.011s][info][gc       ] GC(353) Pause Young (Prepare Mixed) (G1 Preventive Collection) 873M->870M(1296M) 141.686ms
[32.011s][info][safepoint] Safepoint "G1CollectForAllocation", Time since last: 53033200 ns, Reaching safepoint: 3113600 ns, At safepoint: 141815000 ns, Total: 144928600 ns
[32.073s][info][gc       ] GC(354) Pause Young (Mixed) (G1 Evacuation Pause) 878M->852M(3888M) 55.178ms
[32.073s][info][safepoint] Safepoint "G1CollectForAllocation", Time since last: 3133100 ns, Reaching safepoint: 4051300 ns, At safepoint: 55265900 ns, Total: 59317200 ns
