[0.033s][info][gc] Using Parallel
[1.186s][info][safepoint] Safepoint "Cleanup", Time since last: 1143131500 ns, Reaching safepoint: 278000 ns, At safepoint: 7100 ns, Total: 285100 ns
[2.048s][info][gc       ] GC(0) Pause Young (Allocation Failure) 123M->76M(487M) 48.413ms
[2.048s][info][safepoint] Safepoint "ParallelGCFailedAllocation", Time since last: 813419900 ns, Reaching safepoint: 81000 ns, At safepoint: 48620800 ns, Total: 48701800 ns
[2.083s][info][gc       ] GC(1) Pause Young (Allocation Failure) 203M->84M(614M) 15.415ms
[2.083s][info][safepoint] Safepoint "ParallelGCFailedAllocation", Time since last: 20002700 ns, Reaching safepoint: 143600 ns, At safepoint: 15564100 ns, Total: 15707700 ns
[2.169s][info][gc       ] GC(2) Pause Young (Allocation Failure) 330M->140M(614M) 40.036ms
[2.169s][info][safepoint] Safepoint "ParallelGCFailedAllocation", Time since last: 45043700 ns, Reaching safepoint: 188500 ns, At safepoint: 40202200 ns, Total: 40390700 ns
[2.255s][info][gc       ] GC(3) Pause Young (Allocation Failure) 373M->232M(868M) 60.482ms
[2.255s][info][safepoint] Safepoint "ParallelGCFailedAllocation", Time since last: 25292100 ns, Reaching safepoint: 126800 ns, At safepoint: 60589100 ns, Total: 60715900 ns
[2.394s][info][gc       ] GC(4) Pause Young (Allocation Failure) 740M->287M(868M) 40.879ms
[2.560s][info][gc       ] GC(5) Pause Full (Ergonomics) 287M->75M(1311M) 165.762ms
[2.560s][info][safepoint] Safepoint "ParallelGCFailedAllocation", Time since last: 98247500 ns, Reaching safepoint: 200800 ns, At safepoint: 206814600 ns, Total: 207015400 ns
[2.783s][info][gc       ] GC(6) Pause Young (Allocation Failure) 1004M->224M(1386M) 51.399ms
[2.783s][info][safepoint] Safepoint "ParallelGCFailedAllocation", Time since last: 171279400 ns, Reaching safepoint: 139300 ns, At safepoint: 51541300 ns, Total: 51680600 ns
[2.928s][info][gc       ] GC(7) Pause Young (Allocation Failure) 1154M->236M(2184M) 39.799ms
[2.928s][info][safepoint] Safepoint "ParallelGCFailedAllocation", Time since last: 104627300 ns, Reaching safepoint: 150400 ns, At safepoint: 39918600 ns, Total: 40069000 ns
[3.295s][info][gc       ] GC(8) Pause Young (Allocation Failure) 1940M->266M(2199M) 54.823ms
[3.295s][info][safepoint] Safepoint "ParallelGCFailedAllocation", Time since last: 311876500 ns, Reaching safepoint: 127500 ns, At safepoint: 54934300 ns, Total: 55061800 ns
[3.551s][info][gc       ] GC(9) Pause Young (Allocation Failure) 1956M->273M(2844M) 57.700ms
[3.552s][info][safepoint] Safepoint "ParallelGCFailedAllocation", Time since last: 198739000 ns, Reaching safepoint: 219000 ns, At safepoint: 57813700 ns, Total: 58032700 ns
[3.914s][info][gc       ] GC(10) Pause Young (Allocation Failure) 2601M->212M(2837M) 21.870ms
[3.914s][info][safepoint] Safepoint "ParallelGCFailedAllocation", Time since last: 340417600 ns, Reaching safepoint: 207400 ns, At safepoint: 21961200 ns, Total: 22168600 ns
[4.253s][info][gc       ] GC(11) Pause Young (Allocation Failure) 2540M->288M(2837M) 50.481ms
[4.253s][info][safepoint] Safepoint "ParallelGCFailedAllocation", Time since last: 288401900 ns, Reaching safepoint: 219500 ns, At safepoint: 50632100 ns, Total: 50851600 ns
[4.574s][info][gc       ] GC(12) Pause Young (Allocation Failure) 2615M->236M(2838M) 29.695ms
[4.574s][info][safepoint] Safepoint "ParallelGCFailedAllocation", Time since last: 290517600 ns, Reaching safepoint: 138200 ns, At safepoint: 29841000 ns, Total: 29979200 ns
[4.865s][info][gc       ] GC(13) Pause Young (Allocation Failure) 2563M->176M(2833M) 5.879ms
[4.866s][info][safepoint] Safepoint "ParallelGCFailedAllocation", Time since last: 285484500 ns, Reaching safepoint: 115700 ns, At safepoint: 6035000 ns, Total: 6150700 ns
[5.180s][info][gc       ] GC(14) Pause Young (Allocation Failure) 2502M->236M(2839M) 30.183ms
[5.180s][info][safepoint] Safepoint "ParallelGCFailedAllocation", Time since last: 283860900 ns, Reaching safepoint: 189500 ns, At safepoint: 30314000 ns, Total: 30503500 ns
[5.476s][info][gc       ] GC(15) Pause Young (Allocation Failure) 2562M->175M(2836M) 5.613ms
[5.476s][info][safepoint] Safepoint "ParallelGCFailedAllocation", Time since last: 290614800 ns, Reaching safepoint: 209700 ns, At safepoint: 5743700 ns, Total: 5953400 ns
[5.801s][info][gc       ] GC(16) Pause Young (Allocation Failure) 2505M->260M(2839M) 39.257ms
[5.802s][info][safepoint] Safepoint "ParallelGCFailedAllocation", Time since last: 285503400 ns, Reaching safepoint: 211700 ns, At safepoint: 39400700 ns, Total: 39612400 ns
[6.091s][info][gc       ] GC(17) Pause Young (Allocation Failure) 2590M->201M(2840M) 16.147ms
[6.091s][info][safepoint] Safepoint "ParallelGCFailedAllocation", Time since last: 272880800 ns, Reaching safepoint: 187300 ns, At safepoint: 16295800 ns, Total: 16483100 ns
[6.393s][info][gc       ] GC(18) Pause Young (Allocation Failure) 2530M->273M(2842M) 44.112ms
[6.393s][info][safepoint] Safepoint "ParallelGCFailedAllocation", Time since last: 257557600 ns, Reaching safepoint: 181100 ns, At safepoint: 44236700 ns, Total: 44417800 ns
[6.682s][info][gc       ] GC(19) Pause Young (Allocation Failure) 2613M->218M(2843M) 23.060ms
[6.682s][info][safepoint] Safepoint "ParallelGCFailedAllocation", Time since last: 266128900 ns, Reaching safepoint: 145300 ns, At safepoint: 23287800 ns, Total: 23433100 ns
[7.002s][info][gc       ] GC(20) Pause Young (Allocation Failure) 2566M->298M(2806M) 54.440ms
[7.002s][info][safepoint] Safepoint "ParallelGCFailedAllocation", Time since last: 265318200 ns, Reaching safepoint: 141100 ns, At safepoint: 54559300 ns, Total: 54700400 ns
[7.309s][info][gc       ] GC(21) Pause Young (Allocation Failure) 2646M->258M(2850M) 37.969ms
[7.309s][info][safepoint] Safepoint "ParallelGCFailedAllocation", Time since last: 268664200 ns, Reaching safepoint: 175600 ns, At safepoint: 38126200 ns, Total: 38301800 ns
[7.598s][info][gc       ] GC(22) Pause Young (Allocation Failure) 2598M->212M(2713M) 19.883ms
[7.598s][info][safepoint] Safepoint "ParallelGCFailedAllocation", Time since last: 268640700 ns, Reaching safepoint: 255500 ns, At safepoint: 20045700 ns, Total: 20301200 ns
[7.905s][info][gc       ] GC(23) Pause Young (Allocation Failure) 2542M->273M(2840M) 44.246ms
[7.905s][info][safepoint] Safepoint "ParallelGCFailedAllocation", Time since last: 261898100 ns, Reaching safepoint: 146100 ns, At safepoint: 44450900 ns, Total: 44597000 ns
[8.197s][info][gc       ] GC(24) Pause Young (Allocation Failure) 2612M->220M(2841M) 23.960ms
[8.197s][info][safepoint] Safepoint "ParallelGCFailedAllocation", Time since last: 267811900 ns, Reaching safepoint: 206400 ns, At safepoint: 24094900 ns, Total: 24301300 ns
[8.469s][info][gc       ] GC(25) Pause Young (Allocation Failure) 2559M->173M(2845M) 4.942ms
[8.469s][info][safepoint] Safepoint "ParallelGCFailedAllocation", Time since last: 267211700 ns, Reaching safepoint: 137100 ns, At safepoint: 5053700 ns, Total: 5190800 ns
[8.776s][info][gc       ] GC(26) Pause Young (Allocation Failure) 2522M->265M(2848M) 41.025ms
[8.777s][info][safepoint] Safepoint "ParallelGCFailedAllocation", Time since last: 265887200 ns, Reaching safepoint: 143800 ns, At safepoint: 41149000 ns, Total: 41292800 ns
[9.069s][info][gc       ] GC(27) Pause Young (Allocation Failure) 2614M->221M(2841M) 23.394ms
[9.069s][info][safepoint] Safepoint "ParallelGCFailedAllocation", Time since last: 268678200 ns, Reaching safepoint: 137900 ns, At safepoint: 23512500 ns, Total: 23650400 ns
[9.349s][info][gc       ] GC(28) Pause Young (Allocation Failure) 2575M->185M(2847M) 9.551ms
[9.349s][info][safepoint] Safepoint "ParallelGCFailedAllocation", Time since last: 269940900 ns, Reaching safepoint: 152500 ns, At safepoint: 9698000 ns, Total: 9850500 ns
[9.659s][info][gc       ] GC(29) Pause Young (Allocation Failure) 2539M->273M(2851M) 43.823ms
[9.659s][info][safepoint] Safepoint "ParallelGCFailedAllocation", Time since last: 266080700 ns, Reaching safepoint: 150100 ns, At safepoint: 43983000 ns, Total: 44133100 ns
[9.959s][info][gc       ] GC(30) Pause Young (Allocation Failure) 2632M->236M(2756M) 30.015ms
[9.959s][info][safepoint] Safepoint "ParallelGCFailedAllocation", Time since last: 269616900 ns, Reaching safepoint: 153700 ns, At safepoint: 30171600 ns, Total: 30325300 ns
