[0.014s][info][gc] Heuristics ergonomically sets -XX:+ExplicitGCInvokesConcurrent
[0.014s][info][gc] Heuristics ergonomically sets -XX:+ShenandoahImplicitGCInvokesConcurrent
[0.014s][info][gc] Using Shenandoah
[1.171s][info][safepoint] Safepoint "Cleanup", Time since last: 1150325300 ns, Reaching safepoint: 165700 ns, At safepoint: 64600 ns, Total: 230300 ns
[3.172s][info][safepoint] Safepoint "Cleanup", Time since last: 2000810300 ns, Reaching safepoint: 119200 ns, At safepoint: 3200 ns, Total: 122400 ns
[5.173s][info][safepoint] Safepoint "Cleanup", Time since last: 2000702800 ns, Reaching safepoint: 90400 ns, At safepoint: 1700 ns, Total: 92100 ns
[9.283s][info][gc       ] Trigger: Learning 1 of 5. Free (5682M) is below initial threshold (5685M)
[9.283s][info][gc       ] GC(0) Concurrent reset 0.578ms
[9.286s][info][gc       ] GC(0) Pause Init Mark (unload classes) 0.467ms
[9.287s][info][safepoint] Safepoint "ShenandoahInitMark", Time since last: 4110254100 ns, Reaching safepoint: 2505700 ns, At safepoint: 889500 ns, Total: 3395200 ns
[9.287s][info][gc       ] GC(0) Concurrent marking roots 0.534ms
[9.303s][info][gc       ] GC(0) Concurrent marking (unload classes) 15.985ms
[9.304s][info][gc       ] GC(0) Pause Final Mark (unload classes) 0.440ms
[9.304s][info][safepoint] Safepoint "ShenandoahFinalMarkStartEvac", Time since last: 16765100 ns, Reaching safepoint: 446700 ns, At safepoint: 504800 ns, Total: 951500 ns
[9.305s][info][gc       ] GC(0) Concurrent weak references 0.195ms
[9.305s][info][gc       ] GC(0) Concurrent weak roots 0.401ms
[9.305s][info][gc       ] GC(0) Concurrent cleanup 2003M->149M(2088M) 0.044ms
[9.306s][info][gc       ] GC(0) Concurrent class unloading 0.626ms
[9.306s][info][gc       ] GC(0) Pause Final Roots 0.005ms
[9.306s][info][safepoint] Safepoint "ShenandoahFinalRoots", Time since last: 1489400 ns, Reaching safepoint: 121600 ns, At safepoint: 76700 ns, Total: 198300 ns
[9.307s][info][safepoint] Safepoint "CleanClassLoaderDataMetaspaces", Time since last: 15200 ns, Reaching safepoint: 292300 ns, At safepoint: 83600 ns, Total: 375900 ns
[9.512s][info][gc       ] Trigger: Learning 2 of 5. Free (5680M) is below initial threshold (5685M)
[9.512s][info][gc       ] GC(1) Concurrent reset 0.691ms
[9.513s][info][gc       ] GC(1) Pause Init Mark (unload classes) 0.196ms
[9.513s][info][safepoint] Safepoint "ShenandoahInitMark", Time since last: 205868600 ns, Reaching safepoint: 242800 ns, At safepoint: 255500 ns, Total: 498300 ns
[9.513s][info][gc       ] GC(1) Concurrent marking roots 0.270ms
[9.533s][info][gc       ] GC(1) Concurrent marking (unload classes) 19.359ms
[9.534s][info][gc       ] GC(1) Pause Final Mark (unload classes) 0.388ms
[9.534s][info][safepoint] Safepoint "ShenandoahFinalMarkStartEvac", Time since last: 19789300 ns, Reaching safepoint: 571400 ns, At safepoint: 486900 ns, Total: 1058300 ns
[9.534s][info][gc       ] GC(1) Concurrent weak references 0.202ms
[9.534s][info][gc       ] GC(1) Concurrent weak roots 0.389ms
[9.535s][info][gc       ] GC(1) Concurrent cleanup 2053M->195M(2134M) 0.044ms
[9.535s][info][gc       ] GC(1) Concurrent class unloading 0.649ms
[9.535s][info][gc       ] GC(1) Pause Final Roots 0.003ms
[9.535s][info][safepoint] Safepoint "ShenandoahFinalRoots", Time since last: 1462200 ns, Reaching safepoint: 126400 ns, At safepoint: 73100 ns, Total: 199500 ns
[9.728s][info][gc       ] Trigger: Learning 3 of 5. Free (5678M) is below initial threshold (5685M)
[9.729s][info][gc       ] GC(2) Concurrent reset 0.647ms
[9.729s][info][gc       ] GC(2) Pause Init Mark (unload classes) 0.190ms
[9.729s][info][safepoint] Safepoint "ShenandoahInitMark", Time since last: 193176500 ns, Reaching safepoint: 258400 ns, At safepoint: 221800 ns, Total: 480200 ns
[9.730s][info][gc       ] GC(2) Concurrent marking roots 0.913ms
[9.755s][info][gc       ] GC(2) Concurrent marking (unload classes) 24.897ms
[9.756s][info][gc       ] GC(2) Pause Final Mark (unload classes) 0.464ms
[9.756s][info][safepoint] Safepoint "ShenandoahFinalMarkStartEvac", Time since last: 25975700 ns, Reaching safepoint: 232500 ns, At safepoint: 534100 ns, Total: 766600 ns
[9.756s][info][gc       ] GC(2) Concurrent weak references 0.156ms
[9.756s][info][gc       ] GC(2) Concurrent weak roots 0.331ms
[9.757s][info][gc       ] GC(2) Concurrent cleanup 2102M->254M(2188M) 0.043ms
[9.757s][info][gc       ] GC(2) Concurrent class unloading 0.803ms
[9.758s][info][gc       ] GC(2) Pause Final Roots 0.003ms
[9.758s][info][safepoint] Safepoint "ShenandoahFinalRoots", Time since last: 1545500 ns, Reaching safepoint: 488500 ns, At safepoint: 133900 ns, Total: 622400 ns
[9.936s][info][gc       ] Trigger: Learning 4 of 5. Free (5682M) is below initial threshold (5685M)
[9.937s][info][gc       ] GC(3) Concurrent reset 0.538ms
[9.937s][info][gc       ] GC(3) Pause Init Mark (unload classes) 0.219ms
[9.937s][info][safepoint] Safepoint "ShenandoahInitMark", Time since last: 178579400 ns, Reaching safepoint: 218900 ns, At safepoint: 333100 ns, Total: 552000 ns
[9.938s][info][gc       ] GC(3) Concurrent marking roots 0.702ms
[9.956s][info][gc       ] GC(3) Concurrent marking (unload classes) 18.248ms
[9.957s][info][gc       ] GC(3) Pause Final Mark (unload classes) 0.575ms
[9.958s][info][safepoint] Safepoint "ShenandoahFinalMarkStartEvac", Time since last: 19142500 ns, Reaching safepoint: 630400 ns, At safepoint: 672300 ns, Total: 1302700 ns
[9.958s][info][gc       ] GC(3) Concurrent weak references 0.229ms
[9.958s][info][gc       ] GC(3) Concurrent weak roots 0.348ms
[9.958s][info][gc       ] GC(3) Concurrent cleanup 2112M->264M(2198M) 0.046ms
[9.960s][info][gc       ] GC(3) Concurrent class unloading 1.290ms
[9.960s][info][gc       ] GC(3) Pause Final Roots 0.002ms
[9.960s][info][safepoint] Safepoint "ShenandoahFinalRoots", Time since last: 2104200 ns, Reaching safepoint: 250000 ns, At safepoint: 111900 ns, Total: 361900 ns
[10.136s][info][gc       ] Trigger: Learning 5 of 5. Free (5658M) is below initial threshold (5685M)
[10.137s][info][gc       ] GC(4) Concurrent reset 0.512ms
[10.138s][info][gc       ] GC(4) Pause Init Mark (unload classes) 0.213ms
[10.138s][info][safepoint] Safepoint "ShenandoahInitMark", Time since last: 176499000 ns, Reaching safepoint: 819200 ns, At safepoint: 281800 ns, Total: 1101000 ns
[10.138s][info][gc       ] GC(4) Concurrent marking roots 0.319ms
[10.160s][info][gc       ] GC(4) Concurrent marking (unload classes) 22.260ms
[10.162s][info][gc       ] GC(4) Pause Final Mark (unload classes) 0.598ms
[10.162s][info][safepoint] Safepoint "ShenandoahFinalMarkStartEvac", Time since last: 22799300 ns, Reaching safepoint: 456400 ns, At safepoint: 659000 ns, Total: 1115400 ns
[10.162s][info][gc       ] GC(4) Concurrent weak references 0.126ms
[10.162s][info][gc       ] GC(4) Concurrent weak roots 0.620ms
[10.162s][info][gc       ] GC(4) Concurrent cleanup 2134M->288M(2222M) 0.044ms
[10.163s][info][gc       ] GC(4) Concurrent class unloading 0.907ms
[10.163s][info][gc       ] GC(4) Pause Final Roots 0.002ms
[10.164s][info][safepoint] Safepoint "ShenandoahFinalRoots", Time since last: 1818400 ns, Reaching safepoint: 81300 ns, At safepoint: 69500 ns, Total: 150800 ns
[11.609s][info][gc       ] Trigger: Free (812M) is below minimum threshold (812M)
[11.609s][info][gc       ] GC(5) Concurrent reset 0.385ms
[11.610s][info][gc       ] GC(5) Pause Init Mark (unload classes) 0.122ms
[11.610s][info][safepoint] Safepoint "ShenandoahInitMark", Time since last: 1445695800 ns, Reaching safepoint: 323000 ns, At safepoint: 219700 ns, Total: 542700 ns
[11.610s][info][gc       ] GC(5) Concurrent marking roots 0.230ms
[11.645s][info][gc       ] GC(5) Concurrent marking (unload classes) 34.857ms
[11.646s][info][gc       ] GC(5) Pause Final Mark (unload classes) 0.487ms
[11.646s][info][safepoint] Safepoint "ShenandoahFinalMarkStartEvac", Time since last: 35217600 ns, Reaching safepoint: 258600 ns, At safepoint: 561800 ns, Total: 820400 ns
[11.646s][info][gc       ] GC(5) Concurrent weak references 0.130ms
[11.646s][info][gc       ] GC(5) Concurrent weak roots 0.417ms
[11.647s][info][gc       ] GC(5) Concurrent cleanup 6755M->268M(7038M) 0.128ms
[11.647s][info][gc       ] GC(5) Concurrent class unloading 0.473ms
[11.647s][info][gc       ] GC(5) Pause Final Roots 0.003ms
[11.648s][info][safepoint] Safepoint "ShenandoahFinalRoots", Time since last: 1335000 ns, Reaching safepoint: 295300 ns, At safepoint: 70600 ns, Total: 365900 ns
[12.362s][info][gc       ] Trigger: Free (802M) is below minimum threshold (812M)
[12.363s][info][gc       ] GC(6) Concurrent reset 0.582ms
[12.363s][info][gc       ] GC(6) Pause Init Mark (unload classes) 0.138ms
[12.364s][info][safepoint] Safepoint "ShenandoahInitMark", Time since last: 715355500 ns, Reaching safepoint: 416300 ns, At safepoint: 240400 ns, Total: 656700 ns
[12.364s][info][gc       ] GC(6) Concurrent marking roots 0.425ms
[12.401s][info][gc       ] GC(6) Concurrent marking (unload classes) 37.256ms
[12.402s][info][gc       ] GC(6) Pause Final Mark (unload classes) 0.655ms
[12.402s][info][safepoint] Safepoint "ShenandoahFinalMarkStartEvac", Time since last: 37887000 ns, Reaching safepoint: 171300 ns, At safepoint: 735000 ns, Total: 906300 ns
[12.402s][info][gc       ] GC(6) Concurrent weak references 0.119ms
[12.403s][info][gc       ] GC(6) Concurrent weak roots 0.447ms
[12.403s][info][gc       ] GC(6) Concurrent cleanup 6835M->365M(7114M) 0.127ms
[12.404s][info][gc       ] GC(6) Concurrent class unloading 0.715ms
[12.404s][info][gc       ] GC(6) Pause Final Roots 0.003ms
[12.404s][info][safepoint] Safepoint "ShenandoahFinalRoots", Time since last: 1551100 ns, Reaching safepoint: 201100 ns, At safepoint: 74200 ns, Total: 275300 ns
[13.178s][info][gc       ] Trigger: Free (798M) is below minimum threshold (812M)
[13.178s][info][gc       ] GC(7) Concurrent reset 0.633ms
[13.181s][info][gc       ] GC(7) Pause Init Mark (unload classes) 0.203ms
[13.181s][info][safepoint] Safepoint "ShenandoahInitMark", Time since last: 774288000 ns, Reaching safepoint: 2400900 ns, At safepoint: 305000 ns, Total: 2705900 ns
[13.181s][info][gc       ] GC(7) Concurrent marking roots 0.311ms
[13.210s][info][gc       ] GC(7) Concurrent marking (unload classes) 28.810ms
[13.211s][info][gc       ] GC(7) Pause Final Mark (unload classes) 0.512ms
[13.211s][info][safepoint] Safepoint "ShenandoahFinalMarkStartEvac", Time since last: 29268000 ns, Reaching safepoint: 350900 ns, At safepoint: 583400 ns, Total: 934300 ns
[13.211s][info][gc       ] GC(7) Concurrent weak references 0.125ms
[13.212s][info][gc       ] GC(7) Concurrent weak roots 0.805ms
[13.212s][info][gc       ] GC(7) Concurrent cleanup 6839M->351M(7118M) 0.127ms
[13.213s][info][gc       ] GC(7) Concurrent class unloading 0.795ms
[13.214s][info][gc       ] GC(7) Pause Final Roots 0.005ms
[13.214s][info][safepoint] Safepoint "ShenandoahFinalRoots", Time since last: 2001100 ns, Reaching safepoint: 241500 ns, At safepoint: 76700 ns, Total: 318200 ns
[13.964s][info][gc       ] Trigger: Free (798M) is below minimum threshold (812M)
[13.965s][info][gc       ] GC(8) Concurrent reset 0.649ms
[13.965s][info][gc       ] GC(8) Pause Init Mark (unload classes) 0.181ms
[13.965s][info][safepoint] Safepoint "ShenandoahInitMark", Time since last: 751365300 ns, Reaching safepoint: 144600 ns, At safepoint: 240800 ns, Total: 385400 ns
[13.966s][info][gc       ] GC(8) Concurrent marking roots 0.328ms
[13.968s][info][gc       ] GC(8) Concurrent marking (unload classes) 2.340ms
[13.969s][info][gc       ] GC(8) Pause Final Mark (unload classes) 0.619ms
[13.969s][info][safepoint] Safepoint "ShenandoahFinalMarkStartEvac", Time since last: 3001700 ns, Reaching safepoint: 181300 ns, At safepoint: 694500 ns, Total: 875800 ns
[13.969s][info][gc       ] GC(8) Concurrent weak references 0.121ms
[13.970s][info][gc       ] GC(8) Concurrent weak roots 0.379ms
[13.970s][info][gc       ] GC(8) Concurrent cleanup 6683M->71M(7118M) 0.314ms
[13.971s][info][gc       ] GC(8) Concurrent class unloading 0.748ms
[13.971s][info][gc       ] GC(8) Pause Final Roots 0.002ms
[13.971s][info][safepoint] Safepoint "ShenandoahFinalRoots", Time since last: 1718200 ns, Reaching safepoint: 323400 ns, At safepoint: 67500 ns, Total: 390900 ns
[14.694s][info][gc       ] Trigger: Average GC time (49.04 ms) is above the time for average allocation rate (9705 MB/s) to deplete free headroom (467M) (margin of error = 1.80)
[14.694s][info][gc       ] GC(9) Concurrent reset 0.397ms
[14.695s][info][gc       ] GC(9) Pause Init Mark (unload classes) 0.201ms
[14.695s][info][safepoint] Safepoint "ShenandoahInitMark", Time since last: 722820700 ns, Reaching safepoint: 225200 ns, At safepoint: 259100 ns, Total: 484300 ns
[14.695s][info][gc       ] GC(9) Concurrent marking roots 0.255ms
[14.710s][info][gc       ] GC(9) Concurrent marking (unload classes) 14.721ms
[14.711s][info][gc       ] GC(9) Pause Final Mark (unload classes) 0.517ms
[14.711s][info][safepoint] Safepoint "ShenandoahFinalMarkStartEvac", Time since last: 15133700 ns, Reaching safepoint: 327200 ns, At safepoint: 584600 ns, Total: 911800 ns
[14.711s][info][gc       ] GC(9) Concurrent weak references 0.184ms
[14.712s][info][gc       ] GC(9) Concurrent weak roots 0.519ms
[14.712s][info][gc       ] GC(9) Concurrent cleanup 6696M->212M(7118M) 0.127ms
[14.712s][info][gc       ] GC(9) Concurrent class unloading 0.582ms
[14.712s][info][gc       ] GC(9) Pause Final Roots 0.004ms
[14.713s][info][safepoint] Safepoint "ShenandoahFinalRoots", Time since last: 1573600 ns, Reaching safepoint: 165300 ns, At safepoint: 94900 ns, Total: 260200 ns
[15.428s][info][gc       ] Trigger: Free (806M) is below minimum threshold (812M)
[15.428s][info][gc       ] GC(10) Concurrent reset 0.521ms
[15.429s][info][gc       ] GC(10) Pause Init Mark (unload classes) 0.224ms
[15.429s][info][safepoint] Safepoint "ShenandoahInitMark", Time since last: 715675400 ns, Reaching safepoint: 224100 ns, At safepoint: 337100 ns, Total: 561200 ns
[15.429s][info][gc       ] GC(10) Concurrent marking roots 0.354ms
[15.461s][info][gc       ] GC(10) Concurrent marking (unload classes) 31.507ms
[15.462s][info][gc       ] GC(10) Pause Final Mark (unload classes) 0.561ms
[15.462s][info][safepoint] Safepoint "ShenandoahFinalMarkStartEvac", Time since last: 32061500 ns, Reaching safepoint: 600300 ns, At safepoint: 666700 ns, Total: 1267000 ns
[15.462s][info][gc       ] GC(10) Concurrent weak references 0.116ms
[15.463s][info][gc       ] GC(10) Concurrent weak roots 0.580ms
[15.463s][info][gc       ] GC(10) Concurrent cleanup 6861M->369M(7142M) 0.145ms
[15.464s][info][gc       ] GC(10) Concurrent class unloading 0.749ms
[15.464s][info][gc       ] GC(10) Pause Final Roots 0.002ms
[15.464s][info][safepoint] Safepoint "ShenandoahFinalRoots", Time since last: 1684400 ns, Reaching safepoint: 205000 ns, At safepoint: 108500 ns, Total: 313500 ns
[16.162s][info][gc       ] Trigger: Average GC time (48.41 ms) is above the time for average allocation rate (9511 MB/s) to deplete free headroom (445M) (margin of error = 1.80)
[16.162s][info][gc       ] GC(11) Concurrent reset 0.577ms
[16.164s][info][gc       ] GC(11) Pause Init Mark (unload classes) 0.135ms
[16.164s][info][safepoint] Safepoint "ShenandoahInitMark", Time since last: 698344200 ns, Reaching safepoint: 1053500 ns, At safepoint: 279900 ns, Total: 1333400 ns
[16.164s][info][gc       ] GC(11) Concurrent marking roots 0.269ms
[16.183s][info][gc       ] GC(11) Concurrent marking (unload classes) 18.937ms
[16.184s][info][gc       ] GC(11) Pause Final Mark (unload classes) 0.541ms
[16.184s][info][safepoint] Safepoint "ShenandoahFinalMarkStartEvac", Time since last: 19399800 ns, Reaching safepoint: 246700 ns, At safepoint: 603500 ns, Total: 850200 ns
[16.184s][info][gc       ] GC(11) Concurrent weak references 0.175ms
[16.185s][info][gc       ] GC(11) Concurrent weak roots 0.612ms
[16.185s][info][gc       ] GC(11) Concurrent cleanup 6756M->282M(7142M) 0.295ms
[16.188s][info][gc       ] GC(11) Concurrent class unloading 2.859ms
[16.189s][info][gc       ] GC(11) Pause Final Roots 0.003ms
[16.189s][info][safepoint] Safepoint "ShenandoahFinalRoots", Time since last: 4180700 ns, Reaching safepoint: 929300 ns, At safepoint: 59500 ns, Total: 988800 ns
[50.204s][info][safepoint] Safepoint "Cleanup", Time since last: 34014173100 ns, Reaching safepoint: 134500 ns, At safepoint: 2700 ns, Total: 137200 ns
[75.217s][info][safepoint] Safepoint "Cleanup", Time since last: 25013213800 ns, Reaching safepoint: 123100 ns, At safepoint: 2600 ns, Total: 125700 ns
[90.224s][info][safepoint] Safepoint "Cleanup", Time since last: 15007358400 ns, Reaching safepoint: 132900 ns, At safepoint: 2700 ns, Total: 135600 ns
[110.234s][info][safepoint] Safepoint "Cleanup", Time since last: 20009781200 ns, Reaching safepoint: 86900 ns, At safepoint: 2600 ns, Total: 89500 ns
[125.241s][info][safepoint] Safepoint "Cleanup", Time since last: 15006986900 ns, Reaching safepoint: 143400 ns, At safepoint: 3200 ns, Total: 146600 ns
[133.925s][info][gc       ] Cancelling GC: Stopping VM
