[0.010s][info][gc] Heuristics ergonomically sets -XX:+ExplicitGCInvokesConcurrent
[0.010s][info][gc] Heuristics ergonomically sets -XX:+ShenandoahImplicitGCInvokesConcurrent
[0.010s][info][gc] Using Shenandoah
[1.163s][info][safepoint] Safepoint "Cleanup", Time since last: 1146805500 ns, Reaching safepoint: 160000 ns, At safepoint: 46300 ns, Total: 206300 ns
[1.743s][info][gc       ] Trigger: Learning 1 of 5. Free (5682M) is below initial threshold (5685M)
[1.744s][info][gc       ] GC(0) Concurrent reset 0.464ms
[1.747s][info][gc       ] GC(0) Pause Init Mark (unload classes) 0.509ms
[1.748s][info][safepoint] Safepoint "ShenandoahInitMark", Time since last: 580712200 ns, Reaching safepoint: 2437500 ns, At safepoint: 1971100 ns, Total: 4408600 ns
[1.749s][info][gc       ] GC(0) Concurrent marking roots 0.297ms
[1.765s][info][gc       ] GC(0) Concurrent marking (unload classes) 16.095ms
[1.766s][info][gc       ] GC(0) Pause Final Mark (unload classes) 0.374ms
[1.766s][info][safepoint] Safepoint "ShenandoahFinalMarkStartEvac", Time since last: 16677200 ns, Reaching safepoint: 782100 ns, At safepoint: 486900 ns, Total: 1269000 ns
[1.766s][info][gc       ] GC(0) Concurrent weak references 0.216ms
[1.767s][info][gc       ] GC(0) Concurrent weak roots 0.554ms
[1.767s][info][gc       ] GC(0) Concurrent cleanup 1997M->143M(2082M) 0.049ms
[1.768s][info][gc       ] GC(0) Concurrent class unloading 0.664ms
[1.768s][info][gc       ] GC(0) Pause Final Roots 0.005ms
[1.768s][info][safepoint] Safepoint "ShenandoahFinalRoots", Time since last: 1698700 ns, Reaching safepoint: 180900 ns, At safepoint: 138000 ns, Total: 318900 ns
[1.768s][info][safepoint] Safepoint "CleanClassLoaderDataMetaspaces", Time since last: 103900 ns, Reaching safepoint: 191700 ns, At safepoint: 107600 ns, Total: 299300 ns
[1.976s][info][gc       ] Trigger: Learning 2 of 5. Free (5678M) is below initial threshold (5685M)
[1.977s][info][gc       ] GC(1) Concurrent reset 0.616ms
[1.977s][info][gc       ] GC(1) Pause Init Mark (unload classes) 0.229ms
[1.977s][info][safepoint] Safepoint "ShenandoahInitMark", Time since last: 208423700 ns, Reaching safepoint: 134100 ns, At safepoint: 292100 ns, Total: 426200 ns
[1.978s][info][gc       ] GC(1) Concurrent marking roots 0.283ms
[1.996s][info][gc       ] GC(1) Concurrent marking (unload classes) 18.270ms
[1.997s][info][gc       ] GC(1) Pause Final Mark (unload classes) 0.442ms
[1.997s][info][safepoint] Safepoint "ShenandoahFinalMarkStartEvac", Time since last: 18703000 ns, Reaching safepoint: 607400 ns, At safepoint: 531600 ns, Total: 1139000 ns
[1.997s][info][gc       ] GC(1) Concurrent weak references 0.128ms
[1.998s][info][gc       ] GC(1) Concurrent weak roots 0.454ms
[1.998s][info][gc       ] GC(1) Concurrent cleanup 2047M->189M(2128M) 0.041ms
[1.999s][info][gc       ] GC(1) Concurrent class unloading 0.665ms
[1.999s][info][gc       ] GC(1) Pause Final Roots 0.003ms
[1.999s][info][safepoint] Safepoint "ShenandoahFinalRoots", Time since last: 1411100 ns, Reaching safepoint: 298300 ns, At safepoint: 109100 ns, Total: 407400 ns
[2.185s][info][gc       ] Trigger: Learning 3 of 5. Free (5662M) is below initial threshold (5685M)
[2.186s][info][gc       ] GC(2) Concurrent reset 0.524ms
[2.186s][info][gc       ] GC(2) Pause Init Mark (unload classes) 0.121ms
[2.186s][info][safepoint] Safepoint "ShenandoahInitMark", Time since last: 186776900 ns, Reaching safepoint: 423300 ns, At safepoint: 227200 ns, Total: 650500 ns
[2.187s][info][gc       ] GC(2) Concurrent marking roots 0.383ms
[2.209s][info][gc       ] GC(2) Concurrent marking (unload classes) 22.403ms
[2.213s][info][gc       ] GC(2) Pause Final Mark (unload classes) 0.598ms
[2.213s][info][safepoint] Safepoint "ShenandoahFinalMarkStartEvac", Time since last: 22965600 ns, Reaching safepoint: 2978400 ns, At safepoint: 691100 ns, Total: 3669500 ns
[2.213s][info][gc       ] GC(2) Concurrent weak references 0.156ms
[2.214s][info][gc       ] GC(2) Concurrent weak roots 0.819ms
[2.214s][info][gc       ] GC(2) Concurrent cleanup 2100M->252M(2186M) 0.042ms
[2.215s][info][gc       ] GC(2) Concurrent class unloading 0.667ms
[2.215s][info][gc       ] GC(2) Pause Final Roots 0.002ms
[2.215s][info][safepoint] Safepoint "ShenandoahFinalRoots", Time since last: 1901500 ns, Reaching safepoint: 85500 ns, At safepoint: 79200 ns, Total: 164700 ns
[2.395s][info][gc       ] Trigger: Learning 4 of 5. Free (5678M) is below initial threshold (5685M)
[2.396s][info][gc       ] GC(3) Concurrent reset 0.554ms
[2.396s][info][gc       ] GC(3) Pause Init Mark (unload classes) 0.132ms
[2.396s][info][safepoint] Safepoint "ShenandoahInitMark", Time since last: 180726800 ns, Reaching safepoint: 220900 ns, At safepoint: 225400 ns, Total: 446300 ns
[2.397s][info][gc       ] GC(3) Concurrent marking roots 0.336ms
[2.421s][info][gc       ] GC(3) Concurrent marking (unload classes) 24.497ms
[2.422s][info][gc       ] GC(3) Pause Final Mark (unload classes) 0.480ms
[2.422s][info][safepoint] Safepoint "ShenandoahFinalMarkStartEvac", Time since last: 25037100 ns, Reaching safepoint: 349100 ns, At safepoint: 560500 ns, Total: 909600 ns
[2.422s][info][gc       ] GC(3) Concurrent weak references 0.179ms
[2.423s][info][gc       ] GC(3) Concurrent weak roots 0.408ms
[2.423s][info][gc       ] GC(3) Concurrent cleanup 2131M->282M(2218M) 0.055ms
[2.424s][info][gc       ] GC(3) Concurrent class unloading 0.673ms
[2.424s][info][gc       ] GC(3) Pause Final Roots 0.003ms
[2.424s][info][safepoint] Safepoint "ShenandoahFinalRoots", Time since last: 1487000 ns, Reaching safepoint: 138400 ns, At safepoint: 31600 ns, Total: 170000 ns
[2.601s][info][gc       ] Trigger: Learning 5 of 5. Free (5684M) is below initial threshold (5685M)
[2.602s][info][gc       ] GC(4) Concurrent reset 0.547ms
[2.602s][info][gc       ] GC(4) Pause Init Mark (unload classes) 0.135ms
[2.602s][info][safepoint] Safepoint "ShenandoahInitMark", Time since last: 177939400 ns, Reaching safepoint: 219000 ns, At safepoint: 210100 ns, Total: 429100 ns
[2.603s][info][gc       ] GC(4) Concurrent marking roots 0.767ms
[2.621s][info][gc       ] GC(4) Concurrent marking (unload classes) 17.645ms
[2.621s][info][gc       ] GC(4) Pause Final Mark (unload classes) 0.446ms
[2.622s][info][safepoint] Safepoint "ShenandoahFinalMarkStartEvac", Time since last: 18592700 ns, Reaching safepoint: 210900 ns, At safepoint: 514600 ns, Total: 725500 ns
[2.622s][info][gc       ] GC(4) Concurrent weak references 0.182ms
[2.622s][info][gc       ] GC(4) Concurrent weak roots 0.477ms
[2.622s][info][gc       ] GC(4) Concurrent cleanup 2112M->258M(2218M) 0.052ms
[2.624s][info][gc       ] GC(4) Concurrent class unloading 1.446ms
[2.624s][info][gc       ] GC(4) Pause Final Roots 0.003ms
[2.625s][info][safepoint] Safepoint "ShenandoahFinalRoots", Time since last: 2347100 ns, Reaching safepoint: 537800 ns, At safepoint: 115700 ns, Total: 653500 ns
[3.626s][info][safepoint] Safepoint "Cleanup", Time since last: 1000716700 ns, Reaching safepoint: 536700 ns, At safepoint: 89800 ns, Total: 626500 ns
[4.076s][info][gc       ] Trigger: Free (790M) is below minimum threshold (812M)
[4.077s][info][gc       ] GC(5) Concurrent reset 0.444ms
[4.082s][info][gc       ] GC(5) Pause Init Mark (unload classes) 0.188ms
[4.082s][info][safepoint] Safepoint "ShenandoahInitMark", Time since last: 451148000 ns, Reaching safepoint: 4488100 ns, At safepoint: 286900 ns, Total: 4775000 ns
[4.082s][info][gc       ] GC(5) Concurrent marking roots 0.420ms
[4.117s][info][gc       ] GC(5) Concurrent marking (unload classes) 34.758ms
[4.118s][info][gc       ] GC(5) Pause Final Mark (unload classes) 0.504ms
[4.118s][info][safepoint] Safepoint "ShenandoahFinalMarkStartEvac", Time since last: 35397800 ns, Reaching safepoint: 502000 ns, At safepoint: 588700 ns, Total: 1090700 ns
[4.119s][info][gc       ] GC(5) Concurrent weak references 0.119ms
[4.119s][info][gc       ] GC(5) Concurrent weak roots 0.413ms
[4.119s][info][gc       ] GC(5) Concurrent cleanup 6763M->282M(7046M) 0.150ms
[4.120s][info][gc       ] GC(5) Concurrent class unloading 0.892ms
[4.121s][info][gc       ] GC(5) Pause Final Roots 0.004ms
[4.121s][info][safepoint] Safepoint "ShenandoahFinalRoots", Time since last: 1812700 ns, Reaching safepoint: 816400 ns, At safepoint: 145200 ns, Total: 961600 ns
[4.813s][info][gc       ] Trigger: Average GC time (52.60 ms) is above the time for average allocation rate (9559 MB/s) to deplete free headroom (489M) (margin of error = 1.80)
[4.813s][info][gc       ] GC(6) Concurrent reset 0.764ms
[4.814s][info][gc       ] GC(6) Pause Init Mark (unload classes) 0.116ms
[4.814s][info][safepoint] Safepoint "ShenandoahInitMark", Time since last: 692382800 ns, Reaching safepoint: 185900 ns, At safepoint: 188100 ns, Total: 374000 ns
[4.815s][info][gc       ] GC(6) Concurrent marking roots 0.905ms
[4.830s][info][gc       ] GC(6) Concurrent marking (unload classes) 15.160ms
[4.831s][info][gc       ] GC(6) Pause Final Mark (unload classes) 0.526ms
[4.831s][info][safepoint] Safepoint "ShenandoahFinalMarkStartEvac", Time since last: 16266400 ns, Reaching safepoint: 253200 ns, At safepoint: 621400 ns, Total: 874600 ns
[4.831s][info][gc       ] GC(6) Concurrent weak references 0.153ms
[4.832s][info][gc       ] GC(6) Concurrent weak roots 0.281ms
[4.832s][info][gc       ] GC(6) Concurrent cleanup 6679M->227M(7046M) 0.141ms
[4.832s][info][gc       ] GC(6) Concurrent class unloading 0.715ms
[4.833s][info][gc       ] GC(6) Pause Final Roots 0.003ms
[4.833s][info][safepoint] Safepoint "ShenandoahFinalRoots", Time since last: 1452800 ns, Reaching safepoint: 75900 ns, At safepoint: 99800 ns, Total: 175700 ns
[5.538s][info][gc       ] Trigger: Average GC time (45.96 ms) is above the time for average allocation rate (9583 MB/s) to deplete free headroom (431M) (margin of error = 1.80)
[5.539s][info][gc       ] GC(7) Concurrent reset 0.683ms
[5.540s][info][gc       ] GC(7) Pause Init Mark (unload classes) 0.142ms
[5.540s][info][safepoint] Safepoint "ShenandoahInitMark", Time since last: 706128500 ns, Reaching safepoint: 683500 ns, At safepoint: 234100 ns, Total: 917600 ns
[5.540s][info][gc       ] GC(7) Concurrent marking roots 0.295ms
[5.559s][info][gc       ] GC(7) Concurrent marking (unload classes) 19.444ms
[5.560s][info][gc       ] GC(7) Pause Final Mark (unload classes) 0.642ms
[5.560s][info][safepoint] Safepoint "ShenandoahFinalMarkStartEvac", Time since last: 19901100 ns, Reaching safepoint: 192700 ns, At safepoint: 715000 ns, Total: 907700 ns
[5.561s][info][gc       ] GC(7) Concurrent weak references 0.178ms
[5.561s][info][gc       ] GC(7) Concurrent weak roots 0.593ms
[5.562s][info][gc       ] GC(7) Concurrent cleanup 6762M->272M(7046M) 0.279ms
[5.563s][info][gc       ] GC(7) Concurrent class unloading 1.447ms
[5.563s][info][gc       ] GC(7) Pause Final Roots 0.003ms
[5.563s][info][safepoint] Safepoint "ShenandoahFinalRoots", Time since last: 2699300 ns, Reaching safepoint: 244800 ns, At safepoint: 70000 ns, Total: 314800 ns
[6.286s][info][gc       ] Trigger: Free (800M) is below minimum threshold (812M)
[6.287s][info][gc       ] GC(8) Concurrent reset 0.525ms
[6.288s][info][gc       ] GC(8) Pause Init Mark (unload classes) 0.132ms
[6.288s][info][safepoint] Safepoint "ShenandoahInitMark", Time since last: 723265400 ns, Reaching safepoint: 771000 ns, At safepoint: 206600 ns, Total: 977600 ns
[6.288s][info][gc       ] GC(8) Concurrent marking roots 0.452ms
[6.320s][info][gc       ] GC(8) Concurrent marking (unload classes) 31.945ms
[6.324s][info][gc       ] GC(8) Pause Final Mark (unload classes) 0.490ms
[6.324s][info][safepoint] Safepoint "ShenandoahFinalMarkStartEvac", Time since last: 32559500 ns, Reaching safepoint: 2924400 ns, At safepoint: 558900 ns, Total: 3483300 ns
[6.324s][info][gc       ] GC(8) Concurrent weak references 0.178ms
[6.325s][info][gc       ] GC(8) Concurrent weak roots 0.786ms
[6.325s][info][gc       ] GC(8) Concurrent cleanup 6833M->345M(7112M) 0.115ms
[6.326s][info][gc       ] GC(8) Concurrent class unloading 0.819ms
[6.326s][info][gc       ] GC(8) Pause Final Roots 0.002ms
[6.326s][info][safepoint] Safepoint "ShenandoahFinalRoots", Time since last: 2051200 ns, Reaching safepoint: 267900 ns, At safepoint: 69600 ns, Total: 337500 ns
[7.033s][info][gc       ] Trigger: Average GC time (48.67 ms) is above the time for average allocation rate (9404 MB/s) to deplete free headroom (449M) (margin of error = 1.81)
[7.034s][info][gc       ] GC(9) Concurrent reset 0.605ms
[7.034s][info][gc       ] GC(9) Pause Init Mark (unload classes) 0.141ms
[7.034s][info][safepoint] Safepoint "ShenandoahInitMark", Time since last: 707863500 ns, Reaching safepoint: 150300 ns, At safepoint: 242300 ns, Total: 392600 ns
[7.035s][info][gc       ] GC(9) Concurrent marking roots 0.810ms
[7.060s][info][gc       ] GC(9) Concurrent marking (unload classes) 24.771ms
[7.061s][info][gc       ] GC(9) Pause Final Mark (unload classes) 0.549ms
[7.061s][info][safepoint] Safepoint "ShenandoahFinalMarkStartEvac", Time since last: 25762200 ns, Reaching safepoint: 194100 ns, At safepoint: 632700 ns, Total: 826800 ns
[7.061s][info][gc       ] GC(9) Concurrent weak references 0.152ms
[7.062s][info][gc       ] GC(9) Concurrent weak roots 0.776ms
[7.062s][info][gc       ] GC(9) Concurrent cleanup 6814M->357M(7112M) 0.117ms
[7.066s][info][gc       ] GC(9) Concurrent class unloading 3.378ms
[7.066s][info][gc       ] GC(9) Pause Final Roots 0.002ms
[7.066s][info][safepoint] Safepoint "ShenandoahFinalRoots", Time since last: 4559600 ns, Reaching safepoint: 282000 ns, At safepoint: 65000 ns, Total: 347000 ns
[7.772s][info][gc       ] Trigger: Free (800M) is below minimum threshold (812M)
[7.773s][info][gc       ] GC(10) Concurrent reset 0.634ms
[7.773s][info][gc       ] GC(10) Pause Init Mark (unload classes) 0.136ms
[7.773s][info][safepoint] Safepoint "ShenandoahInitMark", Time since last: 707171000 ns, Reaching safepoint: 93000 ns, At safepoint: 210200 ns, Total: 303200 ns
[7.774s][info][gc       ] GC(10) Concurrent marking roots 0.354ms
[7.806s][info][gc       ] GC(10) Concurrent marking (unload classes) 32.482ms
[7.807s][info][gc       ] GC(10) Pause Final Mark (unload classes) 0.503ms
[7.807s][info][safepoint] Safepoint "ShenandoahFinalMarkStartEvac", Time since last: 33029500 ns, Reaching safepoint: 222100 ns, At safepoint: 591800 ns, Total: 813900 ns
[7.807s][info][gc       ] GC(10) Concurrent weak references 0.148ms
[7.808s][info][gc       ] GC(10) Concurrent weak roots 0.874ms
[7.808s][info][gc       ] GC(10) Concurrent cleanup 6863M->391M(7144M) 0.114ms
[7.809s][info][gc       ] GC(10) Concurrent class unloading 0.742ms
[7.809s][info][gc       ] GC(10) Pause Final Roots 0.005ms
[7.810s][info][safepoint] Safepoint "ShenandoahFinalRoots", Time since last: 2081200 ns, Reaching safepoint: 109300 ns, At safepoint: 89500 ns, Total: 198800 ns
[8.514s][info][gc       ] Trigger: Free (800M) is below minimum threshold (812M)
[8.515s][info][gc       ] GC(11) Concurrent reset 0.635ms
[8.517s][info][gc       ] GC(11) Pause Init Mark (unload classes) 0.144ms
[8.517s][info][safepoint] Safepoint "ShenandoahInitMark", Time since last: 705104300 ns, Reaching safepoint: 2390100 ns, At safepoint: 234400 ns, Total: 2624500 ns
[8.518s][info][gc       ] GC(11) Concurrent marking roots 1.008ms
[8.547s][info][gc       ] GC(11) Concurrent marking (unload classes) 28.627ms
[8.548s][info][gc       ] GC(11) Pause Final Mark (unload classes) 0.469ms
[8.548s][info][safepoint] Safepoint "ShenandoahFinalMarkStartEvac", Time since last: 29841700 ns, Reaching safepoint: 152600 ns, At safepoint: 587200 ns, Total: 739800 ns
[8.548s][info][gc       ] GC(11) Concurrent weak references 0.159ms
[8.549s][info][gc       ] GC(11) Concurrent weak roots 0.578ms
[8.549s][info][gc       ] GC(11) Concurrent cleanup 6875M->386M(7156M) 0.130ms
[8.550s][info][gc       ] GC(11) Concurrent class unloading 0.838ms
[8.550s][info][gc       ] GC(11) Pause Final Roots 0.004ms
[8.550s][info][safepoint] Safepoint "ShenandoahFinalRoots", Time since last: 1850000 ns, Reaching safepoint: 246600 ns, At safepoint: 107300 ns, Total: 353900 ns
[8.612s][info][gc       ] Cancelling GC: Stopping VM
