[0.009s][info][gc] Using Epsilon
[1.160s][info][safepoint] Safepoint "Cleanup", Time since last: 1145387200 ns, Reaching safepoint: 116500 ns, At safepoint: 2400 ns, Total: 118900 ns
[2.161s][info][safepoint] Safepoint "Cleanup", Time since last: 1000513400 ns, Reaching safepoint: 93600 ns, At safepoint: 6800 ns, Total: 100400 ns
[2.162s][info][gc       ] Heap: 8122M reserved, 507M (6.25%) committed, 407M (5.02%) used
[2.279s][info][gc       ] Heap: 8122M reserved, 891M (10.98%) committed, 813M (10.02%) used
[2.393s][info][gc       ] Heap: 8122M reserved, 1275M (15.71%) committed, 1228M (15.13%) used
[2.515s][info][gc       ] Heap: 8122M reserved, 1659M (20.43%) committed, 1653M (20.36%) used
[2.639s][info][gc       ] Heap: 8122M reserved, 2171M (26.74%) committed, 2063M (25.41%) used
[2.757s][info][gc       ] Heap: 8122M reserved, 2555M (31.47%) committed, 2472M (30.45%) used
[2.873s][info][gc       ] Heap: 8122M reserved, 2939M (36.19%) committed, 2892M (35.62%) used
[2.993s][info][gc       ] Heap: 8122M reserved, 3323M (40.92%) committed, 3318M (40.85%) used
[3.116s][info][gc       ] Heap: 8122M reserved, 3835M (47.23%) committed, 3724M (45.85%) used
[3.232s][info][gc       ] Heap: 8122M reserved, 4219M (51.95%) committed, 4132M (50.88%) used
[3.348s][info][gc       ] Heap: 8122M reserved, 4603M (56.68%) committed, 4541M (55.91%) used
[3.466s][info][gc       ] Heap: 8122M reserved, 4987M (61.41%) committed, 4950M (60.95%) used
[3.575s][info][gc       ] Heap: 8122M reserved, 5371M (66.14%) committed, 5359M (65.99%) used
[3.680s][info][gc       ] Heap: 8122M reserved, 5883M (72.44%) committed, 5769M (71.04%) used
[3.784s][info][gc       ] Heap: 8122M reserved, 6267M (77.17%) committed, 6185M (76.16%) used
[3.892s][info][gc       ] Heap: 8122M reserved, 6651M (81.90%) committed, 6594M (81.20%) used
[3.995s][info][gc       ] Heap: 8122M reserved, 7035M (86.62%) committed, 7016M (86.38%) used
[4.106s][info][gc       ] Heap: 8122M reserved, 7547M (92.93%) committed, 7422M (91.38%) used
[4.210s][info][gc       ] Heap: 8122M reserved, 7931M (97.66%) committed, 7830M (96.41%) used
