[0.010s][info][gc] Using Parallel
[1.176s][info][safepoint] Safepoint "Cleanup", Time since last: 1159062200 ns, Reaching safepoint: 222800 ns, At safepoint: 9000 ns, Total: 231800 ns
[1.444s][info][gc       ] GC(0) Pause Young (Allocation Failure) 123M->76M(487M) 48.048ms
[1.445s][info][safepoint] Safepoint "ParallelGCFailedAllocation", Time since last: 220338900 ns, Reaching safepoint: 114900 ns, At safepoint: 48187100 ns, Total: 48302000 ns
[1.480s][info][gc       ] GC(1) Pause Young (Allocation Failure) 203M->85M(614M) 14.508ms
[1.480s][info][safepoint] Safepoint "ParallelGCFailedAllocation", Time since last: 20821100 ns, Reaching safepoint: 200900 ns, At safepoint: 14769200 ns, Total: 14970100 ns
[1.567s][info][gc       ] GC(2) Pause Young (Allocation Failure) 329M->140M(614M) 40.953ms
[1.567s][info][safepoint] Safepoint "ParallelGCFailedAllocation", Time since last: 45109200 ns, Reaching safepoint: 200200 ns, At safepoint: 41102500 ns, Total: 41302700 ns
[1.652s][info][gc       ] GC(3) Pause Young (Allocation Failure) 375M->232M(868M) 59.471ms
[1.652s][info][safepoint] Safepoint "ParallelGCFailedAllocation", Time since last: 25056700 ns, Reaching safepoint: 206100 ns, At safepoint: 59559500 ns, Total: 59765600 ns
[1.788s][info][gc       ] GC(4) Pause Young (Allocation Failure) 740M->287M(868M) 40.553ms
[1.960s][info][gc       ] GC(5) Pause Full (Ergonomics) 287M->75M(1274M) 171.814ms
[1.960s][info][safepoint] Safepoint "ParallelGCFailedAllocation", Time since last: 95860600 ns, Reaching safepoint: 192900 ns, At safepoint: 212582500 ns, Total: 212775400 ns
[2.176s][info][gc       ] GC(6) Pause Young (Allocation Failure) 995M->219M(1371M) 49.987ms
[2.176s][info][safepoint] Safepoint "ParallelGCFailedAllocation", Time since last: 165537400 ns, Reaching safepoint: 206300 ns, At safepoint: 50155600 ns, Total: 50361900 ns
[2.319s][info][gc       ] GC(7) Pause Young (Allocation Failure) 1138M->223M(2109M) 39.507ms
[2.319s][info][safepoint] Safepoint "ParallelGCFailedAllocation", Time since last: 103473100 ns, Reaching safepoint: 206000 ns, At safepoint: 39657900 ns, Total: 39863900 ns
[2.645s][info][gc       ] GC(8) Pause Young (Allocation Failure) 1849M->192M(2120M) 36.724ms
[2.645s][info][safepoint] Safepoint "ParallelGCFailedAllocation", Time since last: 288875400 ns, Reaching safepoint: 151100 ns, At safepoint: 36865600 ns, Total: 37016700 ns
[2.881s][info][gc       ] GC(9) Pause Young (Allocation Failure) 1818M->163M(2774M) 33.033ms
[2.881s][info][safepoint] Safepoint "ParallelGCFailedAllocation", Time since last: 202418200 ns, Reaching safepoint: 124200 ns, At safepoint: 33124200 ns, Total: 33248400 ns
[3.266s][info][gc       ] GC(10) Pause Young (Allocation Failure) 2491M->242M(2824M) 36.922ms
[3.266s][info][safepoint] Safepoint "ParallelGCFailedAllocation", Time since last: 348076000 ns, Reaching safepoint: 203100 ns, At safepoint: 37050700 ns, Total: 37253800 ns
[3.548s][info][gc       ] GC(11) Pause Young (Allocation Failure) 2570M->189M(2863M) 13.550ms
[3.548s][info][safepoint] Safepoint "ParallelGCFailedAllocation", Time since last: 267456300 ns, Reaching safepoint: 198600 ns, At safepoint: 13678900 ns, Total: 13877500 ns
[3.846s][info][gc       ] GC(12) Pause Young (Allocation Failure) 2571M->172M(2870M) 5.354ms
[3.846s][info][safepoint] Safepoint "ParallelGCFailedAllocation", Time since last: 292966800 ns, Reaching safepoint: 130100 ns, At safepoint: 5449400 ns, Total: 5579500 ns
[4.203s][info][gc       ] GC(13) Pause Young (Allocation Failure) 2553M->292M(2845M) 57.615ms
[4.203s][info][safepoint] Safepoint "ParallelGCFailedAllocation", Time since last: 298677000 ns, Reaching safepoint: 129000 ns, At safepoint: 57761300 ns, Total: 57890300 ns
[4.528s][info][gc       ] GC(14) Pause Young (Allocation Failure) 2646M->258M(2859M) 40.537ms
[4.529s][info][safepoint] Safepoint "ParallelGCFailedAllocation", Time since last: 284834800 ns, Reaching safepoint: 222200 ns, At safepoint: 40655800 ns, Total: 40878000 ns
[4.843s][info][gc       ] GC(15) Pause Young (Allocation Failure) 2612M->219M(2845M) 26.346ms
[4.844s][info][safepoint] Safepoint "ParallelGCFailedAllocation", Time since last: 288267200 ns, Reaching safepoint: 209300 ns, At safepoint: 26676100 ns, Total: 26885400 ns
[5.165s][info][gc       ] GC(16) Pause Young (Allocation Failure) 2575M->166M(2853M) 3.292ms
[5.165s][info][safepoint] Safepoint "ParallelGCFailedAllocation", Time since last: 318121500 ns, Reaching safepoint: 190800 ns, At safepoint: 3412200 ns, Total: 3603000 ns
[5.487s][info][gc       ] GC(17) Pause Young (Allocation Failure) 2522M->270M(2855M) 44.817ms
[5.488s][info][safepoint] Safepoint "ParallelGCFailedAllocation", Time since last: 276969400 ns, Reaching safepoint: 199700 ns, At safepoint: 44949800 ns, Total: 45149500 ns
[5.781s][info][gc       ] GC(18) Pause Young (Allocation Failure) 2625M->232M(2756M) 28.834ms
[5.781s][info][safepoint] Safepoint "ParallelGCFailedAllocation", Time since last: 264473600 ns, Reaching safepoint: 185200 ns, At safepoint: 28995500 ns, Total: 29180700 ns
[6.089s][info][gc       ] GC(19) Pause Young (Allocation Failure) 2587M->192M(2857M) 14.585ms
[6.089s][info][safepoint] Safepoint "ParallelGCFailedAllocation", Time since last: 292887900 ns, Reaching safepoint: 195700 ns, At safepoint: 14715100 ns, Total: 14910800 ns
[6.419s][info][gc       ] GC(20) Pause Young (Allocation Failure) 2532M->270M(2855M) 44.148ms
[6.419s][info][safepoint] Safepoint "ParallelGCFailedAllocation", Time since last: 285893300 ns, Reaching safepoint: 207900 ns, At safepoint: 44310900 ns, Total: 44518800 ns
[6.715s][info][gc       ] GC(21) Pause Young (Allocation Failure) 2632M->215M(2865M) 22.797ms
[6.715s][info][safepoint] Safepoint "ParallelGCFailedAllocation", Time since last: 272699600 ns, Reaching safepoint: 230300 ns, At safepoint: 22920400 ns, Total: 23150700 ns
[7.007s][info][gc       ] GC(22) Pause Young (Allocation Failure) 2589M->193M(2866M) 13.668ms
[7.007s][info][safepoint] Safepoint "ParallelGCFailedAllocation", Time since last: 277648100 ns, Reaching safepoint: 197900 ns, At safepoint: 13785700 ns, Total: 13983600 ns
[7.291s][info][gc       ] GC(23) Pause Young (Allocation Failure) 2567M->170M(2870M) 4.763ms
[7.291s][info][safepoint] Safepoint "ParallelGCFailedAllocation", Time since last: 279314600 ns, Reaching safepoint: 198600 ns, At safepoint: 4878000 ns, Total: 5076600 ns
[7.615s][info][gc       ] GC(24) Pause Young (Allocation Failure) 2551M->288M(2838M) 52.188ms
[7.615s][info][safepoint] Safepoint "ParallelGCFailedAllocation", Time since last: 271363200 ns, Reaching safepoint: 195400 ns, At safepoint: 52313200 ns, Total: 52508600 ns
[7.929s][info][gc       ] GC(25) Pause Young (Allocation Failure) 2669M->266M(2854M) 41.952ms
[7.929s][info][safepoint] Safepoint "ParallelGCFailedAllocation", Time since last: 271701900 ns, Reaching safepoint: 224600 ns, At safepoint: 42078700 ns, Total: 42303300 ns
[8.240s][info][gc       ] GC(26) Pause Young (Allocation Failure) 2616M->223M(2742M) 26.826ms
[8.240s][info][safepoint] Safepoint "ParallelGCFailedAllocation", Time since last: 283530300 ns, Reaching safepoint: 130900 ns, At safepoint: 26946500 ns, Total: 27077400 ns
[8.529s][info][gc       ] GC(27) Pause Young (Allocation Failure) 2573M->175M(2851M) 6.805ms
[8.529s][info][safepoint] Safepoint "ParallelGCFailedAllocation", Time since last: 282214200 ns, Reaching safepoint: 187600 ns, At safepoint: 6937800 ns, Total: 7125400 ns
[8.842s][info][gc       ] GC(28) Pause Young (Allocation Failure) 2528M->270M(2851M) 43.680ms
[8.842s][info][safepoint] Safepoint "ParallelGCFailedAllocation", Time since last: 268786100 ns, Reaching safepoint: 192500 ns, At safepoint: 43828300 ns, Total: 44020800 ns
[9.144s][info][gc       ] GC(29) Pause Young (Allocation Failure) 2623M->230M(2851M) 28.170ms
[9.144s][info][safepoint] Safepoint "ParallelGCFailedAllocation", Time since last: 273458300 ns, Reaching safepoint: 144700 ns, At safepoint: 28330700 ns, Total: 28475400 ns
