[0.008s][info][gc] Using Parallel
[1.158s][info][safepoint] Safepoint "Cleanup", Time since last: 1143250600 ns, Reaching safepoint: 165100 ns, At safepoint: 1300 ns, Total: 166400 ns
[1.372s][info][gc       ] GC(0) Pause Young (Allocation Failure) 127M->3M(487M) 2.710ms
[1.372s][info][safepoint] Safepoint "ParallelGCFailedAllocation", Time since last: 211267400 ns, Reaching safepoint: 97700 ns, At safepoint: 2830400 ns, Total: 2928100 ns
[1.388s][info][gc       ] GC(1) Pause Young (Allocation Failure) 130M->3M(487M) 1.756ms
[1.388s][info][safepoint] Safepoint "ParallelGCFailedAllocation", Time since last: 13808800 ns, Reaching safepoint: 193300 ns, At safepoint: 1843900 ns, Total: 2037200 ns
[1.401s][info][gc       ] GC(2) Pause Young (Allocation Failure) 130M->3M(487M) 1.559ms
[1.401s][info][safepoint] Safepoint "ParallelGCFailedAllocation", Time since last: 11323600 ns, Reaching safepoint: 127600 ns, At safepoint: 1618500 ns, Total: 1746100 ns
[1.413s][info][gc       ] GC(3) Pause Young (Allocation Failure) 130M->3M(614M) 1.471ms
[1.413s][info][safepoint] Safepoint "ParallelGCFailedAllocation", Time since last: 10565300 ns, Reaching safepoint: 221500 ns, At safepoint: 1545500 ns, Total: 1767000 ns
[1.460s][info][gc       ] GC(4) Pause Young (Allocation Failure) 257M->3M(614M) 2.070ms
[1.460s][info][safepoint] Safepoint "ParallelGCFailedAllocation", Time since last: 44590100 ns, Reaching safepoint: 220700 ns, At safepoint: 2158200 ns, Total: 2378900 ns
[1.483s][info][gc       ] GC(5) Pause Young (Allocation Failure) 257M->3M(850M) 1.570ms
[1.483s][info][safepoint] Safepoint "ParallelGCFailedAllocation", Time since last: 20877900 ns, Reaching safepoint: 210400 ns, At safepoint: 1638300 ns, Total: 1848700 ns
[1.565s][info][gc       ] GC(6) Pause Young (Allocation Failure) 511M->3M(850M) 2.331ms
[1.565s][info][safepoint] Safepoint "ParallelGCFailedAllocation", Time since last: 79725300 ns, Reaching safepoint: 97100 ns, At safepoint: 2415300 ns, Total: 2512400 ns
[1.610s][info][gc       ] GC(7) Pause Young (Allocation Failure) 511M->3M(1358M) 0.501ms
[1.610s][info][safepoint] Safepoint "ParallelGCFailedAllocation", Time since last: 43970200 ns, Reaching safepoint: 209200 ns, At safepoint: 570700 ns, Total: 779900 ns
[1.765s][info][gc       ] GC(8) Pause Young (Allocation Failure) 1018M->3M(1359M) 1.136ms
[1.765s][info][safepoint] Safepoint "ParallelGCFailedAllocation", Time since last: 153617600 ns, Reaching safepoint: 171300 ns, At safepoint: 1226200 ns, Total: 1397500 ns
[1.848s][info][gc       ] GC(9) Pause Young (Allocation Failure) 1018M->3M(1968M) 0.470ms
[1.848s][info][safepoint] Safepoint "ParallelGCFailedAllocation", Time since last: 82446400 ns, Reaching safepoint: 210700 ns, At safepoint: 542300 ns, Total: 753000 ns
[2.063s][info][gc       ] GC(10) Pause Young (Allocation Failure) 1627M->3M(1968M) 1.589ms
[2.063s][info][safepoint] Safepoint "ParallelGCFailedAllocation", Time since last: 213055300 ns, Reaching safepoint: 171000 ns, At safepoint: 1728600 ns, Total: 1899600 ns
[2.197s][info][gc       ] GC(11) Pause Young (Allocation Failure) 1627M->3M(2943M) 0.601ms
[2.197s][info][safepoint] Safepoint "ParallelGCFailedAllocation", Time since last: 132721500 ns, Reaching safepoint: 224700 ns, At safepoint: 734500 ns, Total: 959200 ns
[2.540s][info][gc       ] GC(12) Pause Young (Allocation Failure) 2603M->3M(2943M) 0.474ms
[2.540s][info][safepoint] Safepoint "ParallelGCFailedAllocation", Time since last: 342643500 ns, Reaching safepoint: 126600 ns, At safepoint: 547400 ns, Total: 674000 ns
[2.751s][info][gc       ] GC(13) Pause Young (Allocation Failure) 2602M->3M(3040M) 0.469ms
[2.751s][info][safepoint] Safepoint "ParallelGCFailedAllocation", Time since last: 210756500 ns, Reaching safepoint: 117500 ns, At safepoint: 546700 ns, Total: 664200 ns
[2.991s][info][gc       ] GC(14) Pause Young (Allocation Failure) 2700M->3M(2908M) 0.607ms
[2.991s][info][safepoint] Safepoint "ParallelGCFailedAllocation", Time since last: 238371300 ns, Reaching safepoint: 201000 ns, At safepoint: 681500 ns, Total: 882500 ns
[3.209s][info][gc       ] GC(15) Pause Young (Allocation Failure) 2572M->3M(2786M) 0.651ms
[3.209s][info][safepoint] Safepoint "ParallelGCFailedAllocation", Time since last: 217405300 ns, Reaching safepoint: 223500 ns, At safepoint: 722500 ns, Total: 946000 ns
[3.411s][info][gc       ] GC(16) Pause Young (Allocation Failure) 2450M->3M(2674M) 0.418ms
[3.411s][info][safepoint] Safepoint "ParallelGCFailedAllocation", Time since last: 201456600 ns, Reaching safepoint: 199500 ns, At safepoint: 494900 ns, Total: 694400 ns
[3.606s][info][gc       ] GC(17) Pause Young (Allocation Failure) 2334M->3M(2560M) 0.650ms
[3.607s][info][safepoint] Safepoint "ParallelGCFailedAllocation", Time since last: 194519000 ns, Reaching safepoint: 199600 ns, At safepoint: 725500 ns, Total: 925100 ns
[3.789s][info][gc       ] GC(18) Pause Young (Allocation Failure) 2223M->3M(2455M) 0.494ms
[3.789s][info][safepoint] Safepoint "ParallelGCFailedAllocation", Time since last: 182009000 ns, Reaching safepoint: 151300 ns, At safepoint: 598600 ns, Total: 749900 ns
[3.966s][info][gc       ] GC(19) Pause Young (Allocation Failure) 2119M->3M(2356M) 0.578ms
[3.967s][info][safepoint] Safepoint "ParallelGCFailedAllocation", Time since last: 176398500 ns, Reaching safepoint: 207000 ns, At safepoint: 669300 ns, Total: 876300 ns
[4.140s][info][gc       ] GC(20) Pause Young (Allocation Failure) 2019M->3M(2261M) 0.352ms
[4.140s][info][safepoint] Safepoint "ParallelGCFailedAllocation", Time since last: 172880900 ns, Reaching safepoint: 194600 ns, At safepoint: 452500 ns, Total: 647100 ns
[4.301s][info][gc       ] GC(21) Pause Young (Allocation Failure) 1925M->3M(2171M) 0.484ms
[4.301s][info][safepoint] Safepoint "ParallelGCFailedAllocation", Time since last: 159901700 ns, Reaching safepoint: 194200 ns, At safepoint: 556000 ns, Total: 750200 ns
[4.458s][info][gc       ] GC(22) Pause Young (Allocation Failure) 1835M->3M(2088M) 0.326ms
[4.458s][info][safepoint] Safepoint "ParallelGCFailedAllocation", Time since last: 157055200 ns, Reaching safepoint: 214200 ns, At safepoint: 447000 ns, Total: 661200 ns
[4.606s][info][gc       ] GC(23) Pause Young (Allocation Failure) 1749M->4M(2005M) 0.485ms
[4.606s][info][safepoint] Safepoint "ParallelGCFailedAllocation", Time since last: 146890800 ns, Reaching safepoint: 228100 ns, At safepoint: 566000 ns, Total: 794100 ns
[4.749s][info][gc       ] GC(24) Pause Young (Allocation Failure) 1669M->3M(1927M) 0.375ms
[4.749s][info][safepoint] Safepoint "ParallelGCFailedAllocation", Time since last: 142452000 ns, Reaching safepoint: 208200 ns, At safepoint: 454500 ns, Total: 662700 ns
[4.889s][info][gc       ] GC(25) Pause Young (Allocation Failure) 1591M->4M(1855M) 0.470ms
[4.889s][info][safepoint] Safepoint "ParallelGCFailedAllocation", Time since last: 139367100 ns, Reaching safepoint: 194000 ns, At safepoint: 551400 ns, Total: 745400 ns
[5.025s][info][gc       ] GC(26) Pause Young (Allocation Failure) 1518M->3M(1784M) 0.303ms
[5.025s][info][safepoint] Safepoint "ParallelGCFailedAllocation", Time since last: 134601500 ns, Reaching safepoint: 196100 ns, At safepoint: 382800 ns, Total: 578900 ns
[5.154s][info][gc       ] GC(27) Pause Young (Allocation Failure) 1448M->3M(1719M) 0.479ms
[5.154s][info][safepoint] Safepoint "ParallelGCFailedAllocation", Time since last: 129121200 ns, Reaching safepoint: 177800 ns, At safepoint: 559200 ns, Total: 737000 ns
[5.276s][info][gc       ] GC(28) Pause Young (Allocation Failure) 1382M->4M(1656M) 0.452ms
[5.276s][info][safepoint] Safepoint "ParallelGCFailedAllocation", Time since last: 120430300 ns, Reaching safepoint: 209300 ns, At safepoint: 526700 ns, Total: 736000 ns
[5.394s][info][gc       ] GC(29) Pause Young (Allocation Failure) 1320M->4M(1596M) 0.442ms
[5.394s][info][safepoint] Safepoint "ParallelGCFailedAllocation", Time since last: 118122600 ns, Reaching safepoint: 230400 ns, At safepoint: 515900 ns, Total: 746300 ns
[5.507s][info][gc       ] GC(30) Pause Young (Allocation Failure) 1260M->4M(1539M) 0.528ms
[5.507s][info][safepoint] Safepoint "ParallelGCFailedAllocation", Time since last: 111985800 ns, Reaching safepoint: 198800 ns, At safepoint: 612900 ns, Total: 811700 ns
[5.616s][info][gc       ] GC(31) Pause Young (Allocation Failure) 1203M->4M(1485M) 0.505ms
[5.616s][info][safepoint] Safepoint "ParallelGCFailedAllocation", Time since last: 107676600 ns, Reaching safepoint: 139700 ns, At safepoint: 621800 ns, Total: 761500 ns
[5.718s][info][gc       ] GC(32) Pause Young (Allocation Failure) 1149M->4M(1434M) 0.463ms
[5.718s][info][safepoint] Safepoint "ParallelGCFailedAllocation", Time since last: 102042700 ns, Reaching safepoint: 202000 ns, At safepoint: 549600 ns, Total: 751600 ns
[5.813s][info][gc       ] GC(33) Pause Young (Allocation Failure) 1097M->4M(1385M) 0.388ms
[5.813s][info][safepoint] Safepoint "ParallelGCFailedAllocation", Time since last: 93796700 ns, Reaching safepoint: 184700 ns, At safepoint: 472200 ns, Total: 656900 ns
[5.903s][info][gc       ] GC(34) Pause Young (Allocation Failure) 1049M->4M(1339M) 0.477ms
[5.903s][info][safepoint] Safepoint "ParallelGCFailedAllocation", Time since last: 89468500 ns, Reaching safepoint: 152900 ns, At safepoint: 545500 ns, Total: 698400 ns
[5.996s][info][gc       ] GC(35) Pause Young (Allocation Failure) 1003M->3M(1294M) 0.416ms
[5.996s][info][safepoint] Safepoint "ParallelGCFailedAllocation", Time since last: 92353300 ns, Reaching safepoint: 211600 ns, At safepoint: 498000 ns, Total: 709600 ns
[6.086s][info][gc       ] GC(36) Pause Young (Allocation Failure) 957M->4M(1254M) 0.365ms
[6.086s][info][safepoint] Safepoint "ParallelGCFailedAllocation", Time since last: 89303000 ns, Reaching safepoint: 207900 ns, At safepoint: 424500 ns, Total: 632400 ns
[6.170s][info][gc       ] GC(37) Pause Young (Allocation Failure) 916M->3M(1212M) 0.398ms
[6.170s][info][safepoint] Safepoint "ParallelGCFailedAllocation", Time since last: 83223400 ns, Reaching safepoint: 198800 ns, At safepoint: 501400 ns, Total: 700200 ns
[6.250s][info][gc       ] GC(38) Pause Young (Allocation Failure) 876M->4M(1175M) 0.301ms
[6.250s][info][safepoint] Safepoint "ParallelGCFailedAllocation", Time since last: 79947600 ns, Reaching safepoint: 128500 ns, At safepoint: 385400 ns, Total: 513900 ns
[6.327s][info][gc       ] GC(39) Pause Young (Allocation Failure) 838M->3M(1138M) 0.296ms
[6.327s][info][safepoint] Safepoint "ParallelGCFailedAllocation", Time since last: 76482900 ns, Reaching safepoint: 133900 ns, At safepoint: 377700 ns, Total: 511600 ns
[6.400s][info][gc       ] GC(40) Pause Young (Allocation Failure) 802M->4M(1105M) 0.418ms
[6.400s][info][safepoint] Safepoint "ParallelGCFailedAllocation", Time since last: 72326600 ns, Reaching safepoint: 139400 ns, At safepoint: 533600 ns, Total: 673000 ns
[6.470s][info][gc       ] GC(41) Pause Young (Allocation Failure) 767M->4M(1072M) 0.382ms
[6.470s][info][safepoint] Safepoint "ParallelGCFailedAllocation", Time since last: 69269700 ns, Reaching safepoint: 159800 ns, At safepoint: 458200 ns, Total: 618000 ns
[6.537s][info][gc       ] GC(42) Pause Young (Allocation Failure) 735M->3M(1040M) 0.362ms
[6.537s][info][safepoint] Safepoint "ParallelGCFailedAllocation", Time since last: 65641300 ns, Reaching safepoint: 203800 ns, At safepoint: 442300 ns, Total: 646100 ns
[6.599s][info][gc       ] GC(43) Pause Young (Allocation Failure) 704M->4M(1011M) 0.383ms
[6.599s][info][safepoint] Safepoint "ParallelGCFailedAllocation", Time since last: 61470700 ns, Reaching safepoint: 169700 ns, At safepoint: 442500 ns, Total: 612200 ns
[6.659s][info][gc       ] GC(44) Pause Young (Allocation Failure) 674M->4M(983M) 0.570ms
[6.659s][info][safepoint] Safepoint "ParallelGCFailedAllocation", Time since last: 59901500 ns, Reaching safepoint: 129800 ns, At safepoint: 674600 ns, Total: 804400 ns
[6.718s][info][gc       ] GC(45) Pause Young (Allocation Failure) 647M->4M(957M) 0.546ms
[6.718s][info][safepoint] Safepoint "ParallelGCFailedAllocation", Time since last: 57321500 ns, Reaching safepoint: 197100 ns, At safepoint: 620000 ns, Total: 817100 ns
[6.774s][info][gc       ] GC(46) Pause Young (Allocation Failure) 620M->4M(932M) 0.442ms
[6.774s][info][safepoint] Safepoint "ParallelGCFailedAllocation", Time since last: 55799900 ns, Reaching safepoint: 130600 ns, At safepoint: 530400 ns, Total: 661000 ns
[6.828s][info][gc       ] GC(47) Pause Young (Allocation Failure) 595M->3M(907M) 0.353ms
[6.828s][info][safepoint] Safepoint "ParallelGCFailedAllocation", Time since last: 53342800 ns, Reaching safepoint: 184500 ns, At safepoint: 439400 ns, Total: 623900 ns
[6.880s][info][gc       ] GC(48) Pause Young (Allocation Failure) 570M->3M(885M) 0.436ms
[6.880s][info][safepoint] Safepoint "ParallelGCFailedAllocation", Time since last: 51403200 ns, Reaching safepoint: 201500 ns, At safepoint: 537800 ns, Total: 739300 ns
[6.928s][info][gc       ] GC(49) Pause Young (Allocation Failure) 548M->4M(862M) 0.473ms
[6.928s][info][safepoint] Safepoint "ParallelGCFailedAllocation", Time since last: 46974900 ns, Reaching safepoint: 190500 ns, At safepoint: 557600 ns, Total: 748100 ns
[6.977s][info][gc       ] GC(50) Pause Young (Allocation Failure) 526M->4M(841M) 0.511ms
[6.977s][info][safepoint] Safepoint "ParallelGCFailedAllocation", Time since last: 47956400 ns, Reaching safepoint: 220400 ns, At safepoint: 587900 ns, Total: 808300 ns
[7.026s][info][gc       ] GC(51) Pause Young (Allocation Failure) 505M->4M(821M) 0.376ms
[7.026s][info][safepoint] Safepoint "ParallelGCFailedAllocation", Time since last: 48579300 ns, Reaching safepoint: 173600 ns, At safepoint: 461900 ns, Total: 635500 ns
[7.069s][info][gc       ] GC(52) Pause Young (Allocation Failure) 485M->4M(802M) 0.393ms
[7.069s][info][safepoint] Safepoint "ParallelGCFailedAllocation", Time since last: 42124400 ns, Reaching safepoint: 108800 ns, At safepoint: 496300 ns, Total: 605100 ns
[7.110s][info][gc       ] GC(53) Pause Young (Allocation Failure) 466M->3M(784M) 0.489ms
[7.110s][info][safepoint] Safepoint "ParallelGCFailedAllocation", Time since last: 40622800 ns, Reaching safepoint: 149500 ns, At safepoint: 551500 ns, Total: 701000 ns
[7.151s][info][gc       ] GC(54) Pause Young (Allocation Failure) 448M->4M(768M) 0.457ms
[7.151s][info][safepoint] Safepoint "ParallelGCFailedAllocation", Time since last: 40211500 ns, Reaching safepoint: 141000 ns, At safepoint: 549700 ns, Total: 690700 ns
[7.190s][info][gc       ] GC(55) Pause Young (Allocation Failure) 431M->4M(751M) 0.300ms
[7.190s][info][safepoint] Safepoint "ParallelGCFailedAllocation", Time since last: 38577300 ns, Reaching safepoint: 194700 ns, At safepoint: 375700 ns, Total: 570400 ns
[7.228s][info][gc       ] GC(56) Pause Young (Allocation Failure) 415M->4M(736M) 0.429ms
[7.228s][info][safepoint] Safepoint "ParallelGCFailedAllocation", Time since last: 37548900 ns, Reaching safepoint: 202000 ns, At safepoint: 554200 ns, Total: 756200 ns
[7.264s][info][gc       ] GC(57) Pause Young (Allocation Failure) 400M->4M(721M) 0.500ms
[7.264s][info][safepoint] Safepoint "ParallelGCFailedAllocation", Time since last: 34748800 ns, Reaching safepoint: 247900 ns, At safepoint: 683200 ns, Total: 931100 ns
[7.299s][info][gc       ] GC(58) Pause Young (Allocation Failure) 385M->4M(798M) 0.485ms
[7.299s][info][safepoint] Safepoint "ParallelGCFailedAllocation", Time since last: 34198800 ns, Reaching safepoint: 202300 ns, At safepoint: 559100 ns, Total: 761400 ns
[7.343s][info][gc       ] GC(59) Pause Young (Allocation Failure) 462M->3M(780M) 0.514ms
[7.343s][info][safepoint] Safepoint "ParallelGCFailedAllocation", Time since last: 43159100 ns, Reaching safepoint: 184500 ns, At safepoint: 599200 ns, Total: 783700 ns
[7.385s][info][gc       ] GC(60) Pause Young (Allocation Failure) 443M->4M(869M) 0.753ms
[7.385s][info][safepoint] Safepoint "ParallelGCFailedAllocation", Time since last: 41039200 ns, Reaching safepoint: 394400 ns, At safepoint: 855600 ns, Total: 1250000 ns
[7.435s][info][gc       ] GC(61) Pause Young (Allocation Failure) 533M->4M(975M) 0.625ms
[7.435s][info][safepoint] Safepoint "ParallelGCFailedAllocation", Time since last: 48724600 ns, Reaching safepoint: 130100 ns, At safepoint: 771100 ns, Total: 901200 ns
[7.493s][info][gc       ] GC(62) Pause Young (Allocation Failure) 638M->4M(1102M) 0.548ms
[7.493s][info][safepoint] Safepoint "ParallelGCFailedAllocation", Time since last: 57201500 ns, Reaching safepoint: 203400 ns, At safepoint: 641800 ns, Total: 845200 ns
[7.562s][info][gc       ] GC(63) Pause Young (Allocation Failure) 766M->3M(1069M) 0.328ms
[7.562s][info][safepoint] Safepoint "ParallelGCFailedAllocation", Time since last: 68467300 ns, Reaching safepoint: 189800 ns, At safepoint: 397800 ns, Total: 587600 ns
[7.629s][info][gc       ] GC(64) Pause Young (Allocation Failure) 732M->3M(1038M) 0.372ms
[7.629s][info][safepoint] Safepoint "ParallelGCFailedAllocation", Time since last: 66691200 ns, Reaching safepoint: 205800 ns, At safepoint: 429400 ns, Total: 635200 ns
[7.694s][info][gc       ] GC(65) Pause Young (Allocation Failure) 702M->4M(1009M) 0.462ms
[7.694s][info][safepoint] Safepoint "ParallelGCFailedAllocation", Time since last: 64413400 ns, Reaching safepoint: 151500 ns, At safepoint: 540800 ns, Total: 692300 ns
[7.757s][info][gc       ] GC(66) Pause Young (Allocation Failure) 673M->4M(981M) 0.448ms
[7.757s][info][safepoint] Safepoint "ParallelGCFailedAllocation", Time since last: 62001300 ns, Reaching safepoint: 192700 ns, At safepoint: 532600 ns, Total: 725300 ns
[7.816s][info][gc       ] GC(67) Pause Young (Allocation Failure) 645M->4M(954M) 0.403ms
[7.816s][info][safepoint] Safepoint "ParallelGCFailedAllocation", Time since last: 58189300 ns, Reaching safepoint: 181000 ns, At safepoint: 482700 ns, Total: 663700 ns
[7.874s][info][gc       ] GC(68) Pause Young (Allocation Failure) 618M->4M(929M) 0.462ms
[7.874s][info][safepoint] Safepoint "ParallelGCFailedAllocation", Time since last: 57144200 ns, Reaching safepoint: 154800 ns, At safepoint: 532900 ns, Total: 687700 ns
[7.929s][info][gc       ] GC(69) Pause Young (Allocation Failure) 593M->4M(906M) 0.331ms
[7.929s][info][safepoint] Safepoint "ParallelGCFailedAllocation", Time since last: 54792700 ns, Reaching safepoint: 135700 ns, At safepoint: 438800 ns, Total: 574500 ns
[7.984s][info][gc       ] GC(70) Pause Young (Allocation Failure) 569M->3M(882M) 0.475ms
[7.984s][info][safepoint] Safepoint "ParallelGCFailedAllocation", Time since last: 54386200 ns, Reaching safepoint: 226800 ns, At safepoint: 581100 ns, Total: 807900 ns
[8.034s][info][gc       ] GC(71) Pause Young (Allocation Failure) 545M->4M(861M) 0.478ms
[8.034s][info][safepoint] Safepoint "ParallelGCFailedAllocation", Time since last: 49455700 ns, Reaching safepoint: 220000 ns, At safepoint: 559800 ns, Total: 779800 ns
[8.083s][info][gc       ] GC(72) Pause Young (Allocation Failure) 525M->4M(841M) 0.361ms
[8.083s][info][safepoint] Safepoint "ParallelGCFailedAllocation", Time since last: 47995400 ns, Reaching safepoint: 140500 ns, At safepoint: 437600 ns, Total: 578100 ns
[8.129s][info][gc       ] GC(73) Pause Young (Allocation Failure) 505M->4M(821M) 0.468ms
[8.129s][info][safepoint] Safepoint "ParallelGCFailedAllocation", Time since last: 45120300 ns, Reaching safepoint: 196400 ns, At safepoint: 569200 ns, Total: 765600 ns
[8.175s][info][gc       ] GC(74) Pause Young (Allocation Failure) 484M->5M(802M) 0.483ms
[8.175s][info][safepoint] Safepoint "ParallelGCFailedAllocation", Time since last: 44851600 ns, Reaching safepoint: 210800 ns, At safepoint: 594800 ns, Total: 805600 ns
[8.218s][info][gc       ] GC(75) Pause Young (Allocation Failure) 467M->5M(784M) 0.660ms
[8.218s][info][safepoint] Safepoint "ParallelGCFailedAllocation", Time since last: 42735900 ns, Reaching safepoint: 210800 ns, At safepoint: 738600 ns, Total: 949400 ns
[8.260s][info][gc       ] GC(76) Pause Young (Allocation Failure) 448M->5M(767M) 0.461ms
[8.260s][info][safepoint] Safepoint "ParallelGCFailedAllocation", Time since last: 40736800 ns, Reaching safepoint: 129200 ns, At safepoint: 543200 ns, Total: 672400 ns
[8.301s][info][gc       ] GC(77) Pause Young (Allocation Failure) 432M->5M(751M) 0.375ms
[8.301s][info][safepoint] Safepoint "ParallelGCFailedAllocation", Time since last: 40443900 ns, Reaching safepoint: 173300 ns, At safepoint: 460000 ns, Total: 633300 ns
[8.341s][info][gc       ] GC(78) Pause Young (Allocation Failure) 416M->6M(736M) 0.472ms
[8.341s][info][safepoint] Safepoint "ParallelGCFailedAllocation", Time since last: 39173900 ns, Reaching safepoint: 143400 ns, At safepoint: 553400 ns, Total: 696800 ns
[8.379s][info][gc       ] GC(79) Pause Young (Allocation Failure) 401M->6M(815M) 0.489ms
[8.379s][info][safepoint] Safepoint "ParallelGCFailedAllocation", Time since last: 37157800 ns, Reaching safepoint: 215800 ns, At safepoint: 595400 ns, Total: 811200 ns
[8.424s][info][gc       ] GC(80) Pause Young (Allocation Failure) 480M->6M(797M) 0.445ms
[8.424s][info][safepoint] Safepoint "ParallelGCFailedAllocation", Time since last: 44721600 ns, Reaching safepoint: 147300 ns, At safepoint: 526200 ns, Total: 673500 ns
[8.467s][info][gc       ] GC(81) Pause Young (Allocation Failure) 463M->6M(887M) 0.737ms
[8.467s][info][safepoint] Safepoint "ParallelGCFailedAllocation", Time since last: 42090000 ns, Reaching safepoint: 198600 ns, At safepoint: 826900 ns, Total: 1025500 ns
[8.519s][info][gc       ] GC(82) Pause Young (Allocation Failure) 554M->7M(999M) 0.433ms
[8.519s][info][safepoint] Safepoint "ParallelGCFailedAllocation", Time since last: 50817500 ns, Reaching safepoint: 187200 ns, At safepoint: 519100 ns, Total: 706300 ns
[8.579s][info][gc       ] GC(83) Pause Young (Allocation Failure) 665M->7M(970M) 0.337ms
[8.579s][info][safepoint] Safepoint "ParallelGCFailedAllocation", Time since last: 60234400 ns, Reaching safepoint: 120900 ns, At safepoint: 406500 ns, Total: 527400 ns
[8.637s][info][gc       ] GC(84) Pause Young (Allocation Failure) 637M->7M(945M) 0.365ms
[8.637s][info][safepoint] Safepoint "ParallelGCFailedAllocation", Time since last: 57259200 ns, Reaching safepoint: 196800 ns, At safepoint: 462300 ns, Total: 659100 ns
[8.693s][info][gc       ] GC(85) Pause Young (Allocation Failure) 611M->7M(920M) 0.411ms
[8.693s][info][safepoint] Safepoint "ParallelGCFailedAllocation", Time since last: 54656800 ns, Reaching safepoint: 123400 ns, At safepoint: 492500 ns, Total: 615900 ns
[8.748s][info][gc       ] GC(86) Pause Young (Allocation Failure) 586M->7M(896M) 0.523ms
[8.748s][info][safepoint] Safepoint "ParallelGCFailedAllocation", Time since last: 54786000 ns, Reaching safepoint: 204500 ns, At safepoint: 616200 ns, Total: 820700 ns
[8.801s][info][gc       ] GC(87) Pause Young (Allocation Failure) 562M->7M(874M) 0.544ms
[8.801s][info][safepoint] Safepoint "ParallelGCFailedAllocation", Time since last: 52056000 ns, Reaching safepoint: 139900 ns, At safepoint: 627700 ns, Total: 767600 ns
[8.851s][info][gc       ] GC(88) Pause Young (Allocation Failure) 541M->7M(852M) 0.455ms
[8.851s][info][safepoint] Safepoint "ParallelGCFailedAllocation", Time since last: 49423300 ns, Reaching safepoint: 201500 ns, At safepoint: 543700 ns, Total: 745200 ns
[8.900s][info][gc       ] GC(89) Pause Young (Allocation Failure) 518M->7M(832M) 0.592ms
[8.900s][info][safepoint] Safepoint "ParallelGCFailedAllocation", Time since last: 48351600 ns, Reaching safepoint: 224900 ns, At safepoint: 685300 ns, Total: 910200 ns
[8.947s][info][gc       ] GC(90) Pause Young (Allocation Failure) 499M->8M(813M) 0.559ms
[8.947s][info][safepoint] Safepoint "ParallelGCFailedAllocation", Time since last: 45878300 ns, Reaching safepoint: 235000 ns, At safepoint: 641200 ns, Total: 876200 ns
[8.993s][info][gc       ] GC(91) Pause Young (Allocation Failure) 480M->8M(907M) 0.552ms
[8.993s][info][safepoint] Safepoint "ParallelGCFailedAllocation", Time since last: 44783500 ns, Reaching safepoint: 209700 ns, At safepoint: 625600 ns, Total: 835300 ns
[9.047s][info][gc       ] GC(92) Pause Young (Allocation Failure) 574M->8M(884M) 0.395ms
[9.047s][info][safepoint] Safepoint "ParallelGCFailedAllocation", Time since last: 53979700 ns, Reaching safepoint: 123500 ns, At safepoint: 526900 ns, Total: 650400 ns
[9.100s][info][gc       ] GC(93) Pause Young (Allocation Failure) 552M->8M(992M) 0.769ms
[9.100s][info][safepoint] Safepoint "ParallelGCFailedAllocation", Time since last: 51846800 ns, Reaching safepoint: 138000 ns, At safepoint: 856500 ns, Total: 994500 ns
[9.162s][info][gc       ] GC(94) Pause Young (Allocation Failure) 661M->9M(967M) 0.382ms
[9.162s][info][safepoint] Safepoint "ParallelGCFailedAllocation", Time since last: 61206000 ns, Reaching safepoint: 186600 ns, At safepoint: 481500 ns, Total: 668100 ns
[9.222s][info][gc       ] GC(95) Pause Young (Allocation Failure) 634M->9M(940M) 0.428ms
[9.222s][info][safepoint] Safepoint "ParallelGCFailedAllocation", Time since last: 59122800 ns, Reaching safepoint: 125800 ns, At safepoint: 509900 ns, Total: 635700 ns
[9.281s][info][gc       ] GC(96) Pause Young (Allocation Failure) 609M->9M(916M) 0.561ms
[9.281s][info][safepoint] Safepoint "ParallelGCFailedAllocation", Time since last: 58227400 ns, Reaching safepoint: 131200 ns, At safepoint: 658000 ns, Total: 789200 ns
[9.335s][info][gc       ] GC(97) Pause Young (Allocation Failure) 584M->9M(892M) 0.418ms
[9.336s][info][safepoint] Safepoint "ParallelGCFailedAllocation", Time since last: 53827100 ns, Reaching safepoint: 238900 ns, At safepoint: 509100 ns, Total: 748000 ns
[9.389s][info][gc       ] GC(98) Pause Young (Allocation Failure) 561M->9M(870M) 0.478ms
[9.389s][info][safepoint] Safepoint "ParallelGCFailedAllocation", Time since last: 53160700 ns, Reaching safepoint: 212800 ns, At safepoint: 549700 ns, Total: 762500 ns
[9.441s][info][gc       ] GC(99) Pause Young (Allocation Failure) 539M->9M(849M) 0.459ms
[9.441s][info][safepoint] Safepoint "ParallelGCFailedAllocation", Time since last: 50442900 ns, Reaching safepoint: 222100 ns, At safepoint: 538100 ns, Total: 760200 ns
[9.489s][info][gc       ] GC(100) Pause Young (Allocation Failure) 518M->10M(829M) 0.580ms
[9.489s][info][safepoint] Safepoint "ParallelGCFailedAllocation", Time since last: 47927200 ns, Reaching safepoint: 214400 ns, At safepoint: 657400 ns, Total: 871800 ns
[9.536s][info][gc       ] GC(101) Pause Young (Allocation Failure) 499M->9M(810M) 0.503ms
[9.536s][info][safepoint] Safepoint "ParallelGCFailedAllocation", Time since last: 45432200 ns, Reaching safepoint: 207200 ns, At safepoint: 587700 ns, Total: 794900 ns
[9.581s][info][gc       ] GC(102) Pause Young (Allocation Failure) 479M->9M(792M) 0.576ms
[9.581s][info][safepoint] Safepoint "ParallelGCFailedAllocation", Time since last: 44223700 ns, Reaching safepoint: 160300 ns, At safepoint: 673500 ns, Total: 833800 ns
[9.624s][info][gc       ] GC(103) Pause Young (Allocation Failure) 460M->9M(774M) 0.445ms
[9.624s][info][safepoint] Safepoint "ParallelGCFailedAllocation", Time since last: 42557600 ns, Reaching safepoint: 205700 ns, At safepoint: 526400 ns, Total: 732100 ns
[9.666s][info][gc       ] GC(104) Pause Young (Allocation Failure) 443M->9M(861M) 0.607ms
[9.666s][info][safepoint] Safepoint "ParallelGCFailedAllocation", Time since last: 41181900 ns, Reaching safepoint: 210100 ns, At safepoint: 756600 ns, Total: 966700 ns
[9.716s][info][gc       ] GC(105) Pause Young (Allocation Failure) 530M->9M(841M) 0.392ms
[9.716s][info][safepoint] Safepoint "ParallelGCFailedAllocation", Time since last: 48828300 ns, Reaching safepoint: 196900 ns, At safepoint: 470600 ns, Total: 667500 ns
[9.762s][info][gc       ] GC(106) Pause Young (Allocation Failure) 510M->9M(941M) 0.627ms
[9.762s][info][safepoint] Safepoint "ParallelGCFailedAllocation", Time since last: 45809400 ns, Reaching safepoint: 147300 ns, At safepoint: 766900 ns, Total: 914200 ns
[9.820s][info][gc       ] GC(107) Pause Young (Allocation Failure) 609M->9M(917M) 0.527ms
[9.820s][info][safepoint] Safepoint "ParallelGCFailedAllocation", Time since last: 56825700 ns, Reaching safepoint: 210500 ns, At safepoint: 613900 ns, Total: 824400 ns
[9.875s][info][gc       ] GC(108) Pause Young (Allocation Failure) 586M->9M(893M) 0.364ms
[9.875s][info][safepoint] Safepoint "ParallelGCFailedAllocation", Time since last: 54556700 ns, Reaching safepoint: 114900 ns, At safepoint: 465900 ns, Total: 580800 ns
[9.928s][info][gc       ] GC(109) Pause Young (Allocation Failure) 562M->9M(871M) 0.510ms
[9.928s][info][safepoint] Safepoint "ParallelGCFailedAllocation", Time since last: 52158000 ns, Reaching safepoint: 177600 ns, At safepoint: 586700 ns, Total: 764300 ns
[9.980s][info][gc       ] GC(110) Pause Young (Allocation Failure) 540M->9M(850M) 0.428ms
[9.980s][info][safepoint] Safepoint "ParallelGCFailedAllocation", Time since last: 51167700 ns, Reaching safepoint: 137500 ns, At safepoint: 526900 ns, Total: 664400 ns
[10.029s][info][gc       ] GC(111) Pause Young (Allocation Failure) 519M->10M(830M) 0.500ms
[10.029s][info][safepoint] Safepoint "ParallelGCFailedAllocation", Time since last: 48573100 ns, Reaching safepoint: 185800 ns, At safepoint: 580200 ns, Total: 766000 ns
[10.079s][info][gc       ] GC(112) Pause Young (Allocation Failure) 499M->9M(811M) 0.458ms
[10.079s][info][safepoint] Safepoint "ParallelGCFailedAllocation", Time since last: 48975600 ns, Reaching safepoint: 146600 ns, At safepoint: 534600 ns, Total: 681200 ns
[10.124s][info][gc       ] GC(113) Pause Young (Allocation Failure) 480M->10M(793M) 0.327ms
[10.124s][info][safepoint] Safepoint "ParallelGCFailedAllocation", Time since last: 44629000 ns, Reaching safepoint: 148200 ns, At safepoint: 442200 ns, Total: 590400 ns
[10.167s][info][gc       ] GC(114) Pause Young (Allocation Failure) 462M->9M(775M) 0.459ms
[10.167s][info][safepoint] Safepoint "ParallelGCFailedAllocation", Time since last: 42199100 ns, Reaching safepoint: 204700 ns, At safepoint: 529500 ns, Total: 734200 ns
[10.209s][info][gc       ] GC(115) Pause Young (Allocation Failure) 443M->10M(759M) 0.433ms
[10.209s][info][safepoint] Safepoint "ParallelGCFailedAllocation", Time since last: 40858900 ns, Reaching safepoint: 190500 ns, At safepoint: 507000 ns, Total: 697500 ns
[10.249s][info][gc       ] GC(116) Pause Young (Allocation Failure) 428M->9M(742M) 0.445ms
[10.249s][info][safepoint] Safepoint "ParallelGCFailedAllocation", Time since last: 39898100 ns, Reaching safepoint: 215500 ns, At safepoint: 516200 ns, Total: 731700 ns
[10.288s][info][gc       ] GC(117) Pause Young (Allocation Failure) 412M->10M(728M) 0.499ms
[10.288s][info][safepoint] Safepoint "ParallelGCFailedAllocation", Time since last: 37514000 ns, Reaching safepoint: 190200 ns, At safepoint: 586400 ns, Total: 776600 ns
[10.325s][info][gc       ] GC(118) Pause Young (Allocation Failure) 396M->10M(713M) 0.486ms
[10.325s][info][safepoint] Safepoint "ParallelGCFailedAllocation", Time since last: 36721200 ns, Reaching safepoint: 129400 ns, At safepoint: 573900 ns, Total: 703300 ns
[10.362s][info][gc       ] GC(119) Pause Young (Allocation Failure) 382M->10M(788M) 0.599ms
[10.362s][info][safepoint] Safepoint "ParallelGCFailedAllocation", Time since last: 35633600 ns, Reaching safepoint: 426800 ns, At safepoint: 928400 ns, Total: 1355200 ns
[10.406s][info][gc       ] GC(120) Pause Young (Allocation Failure) 457M->10M(878M) 0.540ms
[10.406s][info][safepoint] Safepoint "ParallelGCFailedAllocation", Time since last: 42920600 ns, Reaching safepoint: 221900 ns, At safepoint: 606000 ns, Total: 827900 ns
[10.458s][info][gc       ] GC(121) Pause Young (Allocation Failure) 547M->10M(986M) 0.393ms
[10.458s][info][safepoint] Safepoint "ParallelGCFailedAllocation", Time since last: 51771000 ns, Reaching safepoint: 141400 ns, At safepoint: 512000 ns, Total: 653400 ns
[10.521s][info][gc       ] GC(122) Pause Young (Allocation Failure) 655M->10M(960M) 0.523ms
[10.521s][info][safepoint] Safepoint "ParallelGCFailedAllocation", Time since last: 62228500 ns, Reaching safepoint: 209400 ns, At safepoint: 602800 ns, Total: 812200 ns
[10.580s][info][gc       ] GC(123) Pause Young (Allocation Failure) 629M->10M(934M) 0.508ms
[10.580s][info][safepoint] Safepoint "ParallelGCFailedAllocation", Time since last: 58413500 ns, Reaching safepoint: 222800 ns, At safepoint: 613600 ns, Total: 836400 ns
[10.637s][info][gc       ] GC(124) Pause Young (Allocation Failure) 603M->10M(910M) 0.527ms
[10.638s][info][safepoint] Safepoint "ParallelGCFailedAllocation", Time since last: 56247200 ns, Reaching safepoint: 219800 ns, At safepoint: 687100 ns, Total: 906900 ns
[10.693s][info][gc       ] GC(125) Pause Young (Allocation Failure) 579M->10M(887M) 0.320ms
[10.693s][info][safepoint] Safepoint "ParallelGCFailedAllocation", Time since last: 54398200 ns, Reaching safepoint: 157100 ns, At safepoint: 407100 ns, Total: 564200 ns
[10.745s][info][gc       ] GC(126) Pause Young (Allocation Failure) 557M->9M(865M) 0.408ms
[10.745s][info][safepoint] Safepoint "ParallelGCFailedAllocation", Time since last: 51986100 ns, Reaching safepoint: 197800 ns, At safepoint: 482200 ns, Total: 680000 ns
[10.795s][info][gc       ] GC(127) Pause Young (Allocation Failure) 534M->10M(844M) 0.557ms
[10.796s][info][safepoint] Safepoint "ParallelGCFailedAllocation", Time since last: 49461500 ns, Reaching safepoint: 184900 ns, At safepoint: 638000 ns, Total: 822900 ns
[10.844s][info][gc       ] GC(128) Pause Young (Allocation Failure) 513M->10M(824M) 0.512ms
[10.844s][info][safepoint] Safepoint "ParallelGCFailedAllocation", Time since last: 48088400 ns, Reaching safepoint: 201000 ns, At safepoint: 660700 ns, Total: 861700 ns
[10.891s][info][gc       ] GC(129) Pause Young (Allocation Failure) 493M->9M(805M) 0.583ms
[10.891s][info][safepoint] Safepoint "ParallelGCFailedAllocation", Time since last: 45578900 ns, Reaching safepoint: 218400 ns, At safepoint: 681800 ns, Total: 900200 ns
[10.936s][info][gc       ] GC(130) Pause Young (Allocation Failure) 473M->9M(787M) 0.533ms
[10.936s][info][safepoint] Safepoint "ParallelGCFailedAllocation", Time since last: 44117300 ns, Reaching safepoint: 236700 ns, At safepoint: 614400 ns, Total: 851100 ns
[10.980s][info][gc       ] GC(131) Pause Young (Allocation Failure) 456M->9M(770M) 0.463ms
[10.980s][info][safepoint] Safepoint "ParallelGCFailedAllocation", Time since last: 43438300 ns, Reaching safepoint: 200800 ns, At safepoint: 599000 ns, Total: 799800 ns
[11.022s][info][gc       ] GC(132) Pause Young (Allocation Failure) 439M->10M(754M) 0.426ms
[11.022s][info][safepoint] Safepoint "ParallelGCFailedAllocation", Time since last: 41356300 ns, Reaching safepoint: 126600 ns, At safepoint: 508800 ns, Total: 635400 ns
[11.063s][info][gc       ] GC(133) Pause Young (Allocation Failure) 423M->10M(738M) 0.512ms
[11.063s][info][safepoint] Safepoint "ParallelGCFailedAllocation", Time since last: 40565500 ns, Reaching safepoint: 119300 ns, At safepoint: 576300 ns, Total: 695600 ns
[11.103s][info][gc       ] GC(134) Pause Young (Allocation Failure) 407M->10M(723M) 0.464ms
[11.103s][info][safepoint] Safepoint "ParallelGCFailedAllocation", Time since last: 38680800 ns, Reaching safepoint: 194200 ns, At safepoint: 553600 ns, Total: 747800 ns
[11.140s][info][gc       ] GC(135) Pause Young (Allocation Failure) 392M->10M(709M) 0.327ms
[11.140s][info][safepoint] Safepoint "ParallelGCFailedAllocation", Time since last: 36637500 ns, Reaching safepoint: 135300 ns, At safepoint: 415000 ns, Total: 550300 ns
[11.176s][info][gc       ] GC(136) Pause Young (Allocation Failure) 378M->10M(696M) 0.505ms
[11.176s][info][safepoint] Safepoint "ParallelGCFailedAllocation", Time since last: 35589100 ns, Reaching safepoint: 195100 ns, At safepoint: 595300 ns, Total: 790400 ns
[11.210s][info][gc       ] GC(137) Pause Young (Allocation Failure) 365M->10M(683M) 0.341ms
[11.210s][info][safepoint] Safepoint "ParallelGCFailedAllocation", Time since last: 33431300 ns, Reaching safepoint: 184200 ns, At safepoint: 435400 ns, Total: 619600 ns
[11.244s][info][gc       ] GC(138) Pause Young (Allocation Failure) 352M->10M(751M) 0.499ms
[11.244s][info][safepoint] Safepoint "ParallelGCFailedAllocation", Time since last: 33275100 ns, Reaching safepoint: 150500 ns, At safepoint: 582100 ns, Total: 732600 ns
[11.285s][info][gc       ] GC(139) Pause Young (Allocation Failure) 420M->10M(834M) 0.504ms
[11.285s][info][safepoint] Safepoint "ParallelGCFailedAllocation", Time since last: 39623600 ns, Reaching safepoint: 192100 ns, At safepoint: 594200 ns, Total: 786300 ns
[11.333s][info][gc       ] GC(140) Pause Young (Allocation Failure) 503M->10M(933M) 0.507ms
[11.333s][info][safepoint] Safepoint "ParallelGCFailedAllocation", Time since last: 47239700 ns, Reaching safepoint: 213800 ns, At safepoint: 650900 ns, Total: 864700 ns
[11.391s][info][gc       ] GC(141) Pause Young (Allocation Failure) 601M->10M(909M) 0.306ms
[11.391s][info][safepoint] Safepoint "ParallelGCFailedAllocation", Time since last: 57295900 ns, Reaching safepoint: 189600 ns, At safepoint: 429300 ns, Total: 618900 ns
[11.447s][info][gc       ] GC(142) Pause Young (Allocation Failure) 578M->10M(1023M) 1.270ms
[11.447s][info][safepoint] Safepoint "ParallelGCFailedAllocation", Time since last: 55038100 ns, Reaching safepoint: 120500 ns, At safepoint: 1372900 ns, Total: 1493400 ns
[11.513s][info][gc       ] GC(143) Pause Young (Allocation Failure) 692M->9M(1159M) 0.445ms
[11.513s][info][safepoint] Safepoint "ParallelGCFailedAllocation", Time since last: 64584300 ns, Reaching safepoint: 184200 ns, At safepoint: 561500 ns, Total: 745700 ns
[11.592s][info][gc       ] GC(144) Pause Young (Allocation Failure) 828M->10M(1124M) 0.525ms
[11.592s][info][safepoint] Safepoint "ParallelGCFailedAllocation", Time since last: 78731800 ns, Reaching safepoint: 183800 ns, At safepoint: 623200 ns, Total: 807000 ns
[11.668s][info][gc       ] GC(145) Pause Young (Allocation Failure) 793M->10M(1091M) 0.512ms
[11.668s][info][safepoint] Safepoint "ParallelGCFailedAllocation", Time since last: 74887700 ns, Reaching safepoint: 149200 ns, At safepoint: 597400 ns, Total: 746600 ns
[11.741s][info][gc       ] GC(146) Pause Young (Allocation Failure) 760M->10M(1059M) 0.490ms
[11.741s][info][safepoint] Safepoint "ParallelGCFailedAllocation", Time since last: 72080500 ns, Reaching safepoint: 137000 ns, At safepoint: 572200 ns, Total: 709200 ns
[11.810s][info][gc       ] GC(147) Pause Young (Allocation Failure) 728M->10M(1028M) 0.327ms
[11.810s][info][safepoint] Safepoint "ParallelGCFailedAllocation", Time since last: 68777300 ns, Reaching safepoint: 150400 ns, At safepoint: 435400 ns, Total: 585800 ns
[11.877s][info][gc       ] GC(148) Pause Young (Allocation Failure) 697M->10M(999M) 0.552ms
[11.877s][info][safepoint] Safepoint "ParallelGCFailedAllocation", Time since last: 66258500 ns, Reaching safepoint: 181200 ns, At safepoint: 624900 ns, Total: 806100 ns
[11.941s][info][gc       ] GC(149) Pause Young (Allocation Failure) 668M->9M(971M) 0.520ms
[11.941s][info][safepoint] Safepoint "ParallelGCFailedAllocation", Time since last: 62662200 ns, Reaching safepoint: 220100 ns, At safepoint: 600900 ns, Total: 821000 ns
[12.003s][info][gc       ] GC(150) Pause Young (Allocation Failure) 640M->10M(946M) 0.635ms
[12.003s][info][safepoint] Safepoint "ParallelGCFailedAllocation", Time since last: 61250800 ns, Reaching safepoint: 237000 ns, At safepoint: 753200 ns, Total: 990200 ns
[12.062s][info][gc       ] GC(151) Pause Young (Allocation Failure) 615M->10M(921M) 0.401ms
[12.062s][info][safepoint] Safepoint "ParallelGCFailedAllocation", Time since last: 58052300 ns, Reaching safepoint: 158000 ns, At safepoint: 493700 ns, Total: 651700 ns
[12.119s][info][gc       ] GC(152) Pause Young (Allocation Failure) 590M->10M(897M) 0.362ms
[12.119s][info][safepoint] Safepoint "ParallelGCFailedAllocation", Time since last: 57002100 ns, Reaching safepoint: 131400 ns, At safepoint: 454700 ns, Total: 586100 ns
[12.173s][info][gc       ] GC(153) Pause Young (Allocation Failure) 566M->9M(874M) 0.436ms
[12.173s][info][safepoint] Safepoint "ParallelGCFailedAllocation", Time since last: 53341500 ns, Reaching safepoint: 206400 ns, At safepoint: 551700 ns, Total: 758100 ns
[12.225s][info][gc       ] GC(154) Pause Young (Allocation Failure) 544M->10M(853M) 0.467ms
[12.225s][info][safepoint] Safepoint "ParallelGCFailedAllocation", Time since last: 50671500 ns, Reaching safepoint: 204300 ns, At safepoint: 577200 ns, Total: 781500 ns
[12.276s][info][gc       ] GC(155) Pause Young (Allocation Failure) 522M->10M(833M) 0.464ms
[12.276s][info][safepoint] Safepoint "ParallelGCFailedAllocation", Time since last: 50484300 ns, Reaching safepoint: 146700 ns, At safepoint: 543700 ns, Total: 690400 ns
[12.324s][info][gc       ] GC(156) Pause Young (Allocation Failure) 502M->10M(813M) 0.633ms
[12.324s][info][safepoint] Safepoint "ParallelGCFailedAllocation", Time since last: 47387200 ns, Reaching safepoint: 230000 ns, At safepoint: 768100 ns, Total: 998100 ns
[12.370s][info][gc       ] GC(157) Pause Young (Allocation Failure) 483M->10M(795M) 0.650ms
[12.370s][info][safepoint] Safepoint "ParallelGCFailedAllocation", Time since last: 44838800 ns, Reaching safepoint: 461400 ns, At safepoint: 756900 ns, Total: 1218300 ns
[12.416s][info][gc       ] GC(158) Pause Young (Allocation Failure) 464M->9M(777M) 0.604ms
[12.417s][info][safepoint] Safepoint "ParallelGCFailedAllocation", Time since last: 45215500 ns, Reaching safepoint: 232400 ns, At safepoint: 732700 ns, Total: 965100 ns
[12.459s][info][gc       ] GC(159) Pause Young (Allocation Failure) 446M->10M(761M) 0.494ms
[12.459s][info][safepoint] Safepoint "ParallelGCFailedAllocation", Time since last: 41833500 ns, Reaching safepoint: 205900 ns, At safepoint: 616400 ns, Total: 822300 ns
[12.500s][info][gc       ] GC(160) Pause Young (Allocation Failure) 430M->10M(845M) 0.563ms
[12.500s][info][safepoint] Safepoint "ParallelGCFailedAllocation", Time since last: 40231900 ns, Reaching safepoint: 204800 ns, At safepoint: 646200 ns, Total: 851000 ns
[12.549s][info][gc       ] GC(161) Pause Young (Allocation Failure) 515M->10M(825M) 0.432ms
[12.549s][info][safepoint] Safepoint "ParallelGCFailedAllocation", Time since last: 47806100 ns, Reaching safepoint: 154500 ns, At safepoint: 524400 ns, Total: 678900 ns
[12.597s][info][gc       ] GC(162) Pause Young (Allocation Failure) 495M->10M(806M) 0.633ms
[12.597s][info][safepoint] Safepoint "ParallelGCFailedAllocation", Time since last: 47013700 ns, Reaching safepoint: 180100 ns, At safepoint: 771600 ns, Total: 951700 ns
[12.643s][info][gc       ] GC(163) Pause Young (Allocation Failure) 476M->10M(788M) 0.332ms
[12.643s][info][safepoint] Safepoint "ParallelGCFailedAllocation", Time since last: 45460500 ns, Reaching safepoint: 222600 ns, At safepoint: 409200 ns, Total: 631800 ns
[12.686s][info][gc       ] GC(164) Pause Young (Allocation Failure) 458M->10M(771M) 0.515ms
[12.687s][info][safepoint] Safepoint "ParallelGCFailedAllocation", Time since last: 42969600 ns, Reaching safepoint: 196000 ns, At safepoint: 595600 ns, Total: 791600 ns
[12.729s][info][gc       ] GC(165) Pause Young (Allocation Failure) 441M->10M(755M) 0.507ms
[12.729s][info][safepoint] Safepoint "ParallelGCFailedAllocation", Time since last: 41355300 ns, Reaching safepoint: 161600 ns, At safepoint: 631400 ns, Total: 793000 ns
[12.769s][info][gc       ] GC(166) Pause Young (Allocation Failure) 423M->10M(739M) 0.444ms
[12.769s][info][safepoint] Safepoint "ParallelGCFailedAllocation", Time since last: 39572200 ns, Reaching safepoint: 192900 ns, At safepoint: 524000 ns, Total: 716900 ns
[12.808s][info][gc       ] GC(167) Pause Young (Allocation Failure) 408M->9M(724M) 0.358ms
[12.808s][info][safepoint] Safepoint "ParallelGCFailedAllocation", Time since last: 38306700 ns, Reaching safepoint: 162400 ns, At safepoint: 435100 ns, Total: 597500 ns
[12.846s][info][gc       ] GC(168) Pause Young (Allocation Failure) 393M->10M(710M) 0.522ms
[12.846s][info][safepoint] Safepoint "ParallelGCFailedAllocation", Time since last: 37359400 ns, Reaching safepoint: 187200 ns, At safepoint: 608700 ns, Total: 795900 ns
[12.883s][info][gc       ] GC(169) Pause Young (Allocation Failure) 380M->10M(697M) 0.377ms
[12.883s][info][safepoint] Safepoint "ParallelGCFailedAllocation", Time since last: 36125300 ns, Reaching safepoint: 148100 ns, At safepoint: 501700 ns, Total: 649800 ns
[12.918s][info][gc       ] GC(170) Pause Young (Allocation Failure) 366M->10M(768M) 0.542ms
[12.918s][info][safepoint] Safepoint "ParallelGCFailedAllocation", Time since last: 34598000 ns, Reaching safepoint: 222500 ns, At safepoint: 605100 ns, Total: 827600 ns
[12.961s][info][gc       ] GC(171) Pause Young (Allocation Failure) 438M->9M(854M) 0.515ms
[12.961s][info][safepoint] Safepoint "ParallelGCFailedAllocation", Time since last: 41984100 ns, Reaching safepoint: 214300 ns, At safepoint: 610400 ns, Total: 824700 ns
[13.012s][info][gc       ] GC(172) Pause Young (Allocation Failure) 523M->10M(957M) 0.556ms
[13.012s][info][safepoint] Safepoint "ParallelGCFailedAllocation", Time since last: 50116900 ns, Reaching safepoint: 145600 ns, At safepoint: 635400 ns, Total: 781000 ns
[13.076s][info][gc       ] GC(173) Pause Young (Allocation Failure) 627M->9M(931M) 0.463ms
[13.076s][info][safepoint] Safepoint "ParallelGCFailedAllocation", Time since last: 63138900 ns, Reaching safepoint: 126900 ns, At safepoint: 535900 ns, Total: 662800 ns
[13.138s][info][gc       ] GC(174) Pause Young (Allocation Failure) 601M->10M(908M) 0.425ms
[13.138s][info][safepoint] Safepoint "ParallelGCFailedAllocation", Time since last: 61758300 ns, Reaching safepoint: 139100 ns, At safepoint: 494900 ns, Total: 634000 ns
[13.195s][info][gc       ] GC(175) Pause Young (Allocation Failure) 576M->10M(885M) 0.436ms
[13.195s][info][safepoint] Safepoint "ParallelGCFailedAllocation", Time since last: 55965000 ns, Reaching safepoint: 196900 ns, At safepoint: 544300 ns, Total: 741200 ns
[13.249s][info][gc       ] GC(176) Pause Young (Allocation Failure) 553M->9M(862M) 0.554ms
[13.249s][info][safepoint] Safepoint "ParallelGCFailedAllocation", Time since last: 53191500 ns, Reaching safepoint: 197900 ns, At safepoint: 663200 ns, Total: 861100 ns
[13.300s][info][gc       ] GC(177) Pause Young (Allocation Failure) 532M->10M(842M) 0.584ms
[13.300s][info][safepoint] Safepoint "ParallelGCFailedAllocation", Time since last: 50129400 ns, Reaching safepoint: 185900 ns, At safepoint: 657800 ns, Total: 843700 ns
[13.349s][info][gc       ] GC(178) Pause Young (Allocation Failure) 511M->10M(822M) 0.574ms
[13.349s][info][safepoint] Safepoint "ParallelGCFailedAllocation", Time since last: 48214400 ns, Reaching safepoint: 144000 ns, At safepoint: 651800 ns, Total: 795800 ns
[13.397s][info][gc       ] GC(179) Pause Young (Allocation Failure) 491M->9M(802M) 0.593ms
[13.397s][info][safepoint] Safepoint "ParallelGCFailedAllocation", Time since last: 46933300 ns, Reaching safepoint: 202600 ns, At safepoint: 690000 ns, Total: 892600 ns
[13.443s][info][gc       ] GC(180) Pause Young (Allocation Failure) 471M->9M(784M) 0.531ms
[13.443s][info][safepoint] Safepoint "ParallelGCFailedAllocation", Time since last: 45701000 ns, Reaching safepoint: 255000 ns, At safepoint: 622200 ns, Total: 877200 ns
[13.487s][info][gc       ] GC(181) Pause Young (Allocation Failure) 453M->9M(767M) 0.390ms
[13.487s][info][safepoint] Safepoint "ParallelGCFailedAllocation", Time since last: 43056800 ns, Reaching safepoint: 203400 ns, At safepoint: 484800 ns, Total: 688200 ns
[13.529s][info][gc       ] GC(182) Pause Young (Allocation Failure) 436M->9M(751M) 0.347ms
[13.529s][info][safepoint] Safepoint "ParallelGCFailedAllocation", Time since last: 41013700 ns, Reaching safepoint: 212500 ns, At safepoint: 429500 ns, Total: 642000 ns
[13.569s][info][gc       ] GC(183) Pause Young (Allocation Failure) 420M->10M(736M) 0.464ms
[13.569s][info][safepoint] Safepoint "ParallelGCFailedAllocation", Time since last: 40064500 ns, Reaching safepoint: 136200 ns, At safepoint: 547400 ns, Total: 683600 ns
[13.609s][info][gc       ] GC(184) Pause Young (Allocation Failure) 406M->10M(722M) 0.452ms
[13.609s][info][safepoint] Safepoint "ParallelGCFailedAllocation", Time since last: 38694300 ns, Reaching safepoint: 181600 ns, At safepoint: 529600 ns, Total: 711200 ns
[13.646s][info][gc       ] GC(185) Pause Young (Allocation Failure) 391M->10M(708M) 0.472ms
[13.646s][info][safepoint] Safepoint "ParallelGCFailedAllocation", Time since last: 36727900 ns, Reaching safepoint: 183200 ns, At safepoint: 600300 ns, Total: 783500 ns
[13.683s][info][gc       ] GC(186) Pause Young (Allocation Failure) 377M->10M(781M) 0.537ms
[13.683s][info][safepoint] Safepoint "ParallelGCFailedAllocation", Time since last: 35931000 ns, Reaching safepoint: 191000 ns, At safepoint: 612800 ns, Total: 803800 ns
[13.727s][info][gc       ] GC(187) Pause Young (Allocation Failure) 451M->9M(869M) 0.466ms
[13.727s][info][safepoint] Safepoint "ParallelGCFailedAllocation", Time since last: 42863800 ns, Reaching safepoint: 155500 ns, At safepoint: 558900 ns, Total: 714400 ns
[13.779s][info][gc       ] GC(188) Pause Young (Allocation Failure) 539M->10M(849M) 0.391ms
[13.779s][info][safepoint] Safepoint "ParallelGCFailedAllocation", Time since last: 51535900 ns, Reaching safepoint: 136200 ns, At safepoint: 472400 ns, Total: 608600 ns
[13.829s][info][gc       ] GC(189) Pause Young (Allocation Failure) 518M->10M(829M) 0.538ms
[13.829s][info][safepoint] Safepoint "ParallelGCFailedAllocation", Time since last: 49255300 ns, Reaching safepoint: 155900 ns, At safepoint: 621400 ns, Total: 777300 ns
[13.877s][info][gc       ] GC(190) Pause Young (Allocation Failure) 498M->10M(810M) 0.547ms
[13.877s][info][safepoint] Safepoint "ParallelGCFailedAllocation", Time since last: 47741200 ns, Reaching safepoint: 216400 ns, At safepoint: 630700 ns, Total: 847100 ns
[13.924s][info][gc       ] GC(191) Pause Young (Allocation Failure) 479M->10M(792M) 0.511ms
[13.924s][info][safepoint] Safepoint "ParallelGCFailedAllocation", Time since last: 45479800 ns, Reaching safepoint: 138200 ns, At safepoint: 583300 ns, Total: 721500 ns
[13.970s][info][gc       ] GC(192) Pause Young (Allocation Failure) 461M->10M(774M) 0.405ms
[13.970s][info][safepoint] Safepoint "ParallelGCFailedAllocation", Time since last: 45365700 ns, Reaching safepoint: 128900 ns, At safepoint: 469900 ns, Total: 598800 ns
[14.015s][info][gc       ] GC(193) Pause Young (Allocation Failure) 443M->10M(758M) 0.406ms
[14.015s][info][safepoint] Safepoint "ParallelGCFailedAllocation", Time since last: 44469000 ns, Reaching safepoint: 166200 ns, At safepoint: 486900 ns, Total: 653100 ns
[14.057s][info][gc       ] GC(194) Pause Young (Allocation Failure) 427M->9M(741M) 0.367ms
[14.058s][info][safepoint] Safepoint "ParallelGCFailedAllocation", Time since last: 42160000 ns, Reaching safepoint: 170200 ns, At safepoint: 456700 ns, Total: 626900 ns
[14.098s][info][gc       ] GC(195) Pause Young (Allocation Failure) 410M->10M(727M) 0.364ms
[14.098s][info][safepoint] Safepoint "ParallelGCFailedAllocation", Time since last: 40245900 ns, Reaching safepoint: 120700 ns, At safepoint: 416200 ns, Total: 536900 ns
[14.138s][info][gc       ] GC(196) Pause Young (Allocation Failure) 396M->9M(712M) 0.505ms
[14.138s][info][safepoint] Safepoint "ParallelGCFailedAllocation", Time since last: 38942000 ns, Reaching safepoint: 197500 ns, At safepoint: 625300 ns, Total: 822800 ns
[14.176s][info][gc       ] GC(197) Pause Young (Allocation Failure) 381M->10M(699M) 0.499ms
[14.176s][info][safepoint] Safepoint "ParallelGCFailedAllocation", Time since last: 37082700 ns, Reaching safepoint: 219500 ns, At safepoint: 575900 ns, Total: 795400 ns
[14.211s][info][gc       ] GC(198) Pause Young (Allocation Failure) 367M->10M(686M) 0.433ms
[14.211s][info][safepoint] Safepoint "ParallelGCFailedAllocation", Time since last: 34722600 ns, Reaching safepoint: 141000 ns, At safepoint: 502500 ns, Total: 643500 ns
[14.246s][info][gc       ] GC(199) Pause Young (Allocation Failure) 354M->10M(755M) 0.433ms
[14.246s][info][safepoint] Safepoint "ParallelGCFailedAllocation", Time since last: 34026700 ns, Reaching safepoint: 198500 ns, At safepoint: 528400 ns, Total: 726900 ns
[14.287s][info][gc       ] GC(200) Pause Young (Allocation Failure) 425M->10M(740M) 0.459ms
[14.287s][info][safepoint] Safepoint "ParallelGCFailedAllocation", Time since last: 40500100 ns, Reaching safepoint: 178200 ns, At safepoint: 548000 ns, Total: 726200 ns
[14.327s][info][gc       ] GC(201) Pause Young (Allocation Failure) 409M->10M(725M) 0.326ms
[14.327s][info][safepoint] Safepoint "ParallelGCFailedAllocation", Time since last: 38812900 ns, Reaching safepoint: 214800 ns, At safepoint: 420500 ns, Total: 635300 ns
[14.365s][info][gc       ] GC(202) Pause Young (Allocation Failure) 393M->10M(802M) 0.537ms
[14.365s][info][safepoint] Safepoint "ParallelGCFailedAllocation", Time since last: 37360200 ns, Reaching safepoint: 209100 ns, At safepoint: 620800 ns, Total: 829900 ns
[14.411s][info][gc       ] GC(203) Pause Young (Allocation Failure) 471M->10M(894M) 0.479ms
[14.411s][info][safepoint] Safepoint "ParallelGCFailedAllocation", Time since last: 45606500 ns, Reaching safepoint: 198700 ns, At safepoint: 564000 ns, Total: 762700 ns
[14.467s][info][gc       ] GC(204) Pause Young (Allocation Failure) 563M->9M(871M) 0.479ms
[14.467s][info][safepoint] Safepoint "ParallelGCFailedAllocation", Time since last: 55361600 ns, Reaching safepoint: 211600 ns, At safepoint: 608900 ns, Total: 820500 ns
[14.520s][info][gc       ] GC(205) Pause Young (Allocation Failure) 539M->10M(851M) 0.338ms
[14.520s][info][safepoint] Safepoint "ParallelGCFailedAllocation", Time since last: 51584400 ns, Reaching safepoint: 180000 ns, At safepoint: 430200 ns, Total: 610200 ns
[14.570s][info][gc       ] GC(206) Pause Young (Allocation Failure) 520M->10M(831M) 0.605ms
[14.570s][info][safepoint] Safepoint "ParallelGCFailedAllocation", Time since last: 49546300 ns, Reaching safepoint: 204900 ns, At safepoint: 692100 ns, Total: 897000 ns
[14.618s][info][gc       ] GC(207) Pause Young (Allocation Failure) 499M->10M(812M) 0.652ms
[14.618s][info][safepoint] Safepoint "ParallelGCFailedAllocation", Time since last: 47148700 ns, Reaching safepoint: 205500 ns, At safepoint: 737000 ns, Total: 942500 ns
[14.665s][info][gc       ] GC(208) Pause Young (Allocation Failure) 481M->10M(793M) 0.495ms
[14.665s][info][safepoint] Safepoint "ParallelGCFailedAllocation", Time since last: 45641500 ns, Reaching safepoint: 235600 ns, At safepoint: 579200 ns, Total: 814800 ns
[14.710s][info][gc       ] GC(209) Pause Young (Allocation Failure) 462M->10M(884M) 0.524ms
[14.710s][info][safepoint] Safepoint "ParallelGCFailedAllocation", Time since last: 44464500 ns, Reaching safepoint: 202200 ns, At safepoint: 656700 ns, Total: 858900 ns
[14.764s][info][gc       ] GC(210) Pause Young (Allocation Failure) 553M->10M(862M) 0.415ms
[14.764s][info][safepoint] Safepoint "ParallelGCFailedAllocation", Time since last: 53569900 ns, Reaching safepoint: 130400 ns, At safepoint: 509800 ns, Total: 640200 ns
[14.816s][info][gc       ] GC(211) Pause Young (Allocation Failure) 532M->10M(842M) 0.494ms
[14.816s][info][safepoint] Safepoint "ParallelGCFailedAllocation", Time since last: 50788600 ns, Reaching safepoint: 203000 ns, At safepoint: 632700 ns, Total: 835700 ns
[14.867s][info][gc       ] GC(212) Pause Young (Allocation Failure) 510M->10M(822M) 0.537ms
[14.867s][info][safepoint] Safepoint "ParallelGCFailedAllocation", Time since last: 50117500 ns, Reaching safepoint: 201700 ns, At safepoint: 614300 ns, Total: 816000 ns
[14.915s][info][gc       ] GC(213) Pause Young (Allocation Failure) 491M->10M(803M) 0.504ms
[14.915s][info][safepoint] Safepoint "ParallelGCFailedAllocation", Time since last: 47338600 ns, Reaching safepoint: 189000 ns, At safepoint: 590000 ns, Total: 779000 ns
[14.961s][info][gc       ] GC(214) Pause Young (Allocation Failure) 472M->10M(785M) 0.393ms
[14.961s][info][safepoint] Safepoint "ParallelGCFailedAllocation", Time since last: 45600400 ns, Reaching safepoint: 145800 ns, At safepoint: 475800 ns, Total: 621600 ns
[15.006s][info][gc       ] GC(215) Pause Young (Allocation Failure) 454M->10M(768M) 0.497ms
[15.006s][info][safepoint] Safepoint "ParallelGCFailedAllocation", Time since last: 43665400 ns, Reaching safepoint: 216600 ns, At safepoint: 584600 ns, Total: 801200 ns
[15.048s][info][gc       ] GC(216) Pause Young (Allocation Failure) 437M->9M(751M) 0.483ms
[15.048s][info][safepoint] Safepoint "ParallelGCFailedAllocation", Time since last: 41549900 ns, Reaching safepoint: 161000 ns, At safepoint: 563100 ns, Total: 724100 ns
[15.089s][info][gc       ] GC(217) Pause Young (Allocation Failure) 420M->10M(736M) 0.505ms
[15.089s][info][safepoint] Safepoint "ParallelGCFailedAllocation", Time since last: 40041900 ns, Reaching safepoint: 203600 ns, At safepoint: 583900 ns, Total: 787500 ns
[15.128s][info][gc       ] GC(218) Pause Young (Allocation Failure) 406M->10M(816M) 0.530ms
[15.129s][info][safepoint] Safepoint "ParallelGCFailedAllocation", Time since last: 38968400 ns, Reaching safepoint: 288400 ns, At safepoint: 627200 ns, Total: 915600 ns
[15.178s][info][gc       ] GC(219) Pause Young (Allocation Failure) 485M->10M(797M) 0.478ms
[15.179s][info][safepoint] Safepoint "ParallelGCFailedAllocation", Time since last: 49200100 ns, Reaching safepoint: 217500 ns, At safepoint: 551400 ns, Total: 768900 ns
[15.224s][info][gc       ] GC(220) Pause Young (Allocation Failure) 467M->10M(780M) 0.401ms
[15.224s][info][safepoint] Safepoint "ParallelGCFailedAllocation", Time since last: 45241800 ns, Reaching safepoint: 218600 ns, At safepoint: 492300 ns, Total: 710900 ns
[15.269s][info][gc       ] GC(221) Pause Young (Allocation Failure) 449M->10M(763M) 0.395ms
[15.269s][info][safepoint] Safepoint "ParallelGCFailedAllocation", Time since last: 44034600 ns, Reaching safepoint: 151000 ns, At safepoint: 495400 ns, Total: 646400 ns
[15.313s][info][gc       ] GC(222) Pause Young (Allocation Failure) 432M->10M(747M) 0.518ms
[15.313s][info][safepoint] Safepoint "ParallelGCFailedAllocation", Time since last: 42737700 ns, Reaching safepoint: 228800 ns, At safepoint: 600300 ns, Total: 829100 ns
[15.354s][info][gc       ] GC(223) Pause Young (Allocation Failure) 416M->10M(732M) 0.421ms
[15.354s][info][safepoint] Safepoint "ParallelGCFailedAllocation", Time since last: 40896500 ns, Reaching safepoint: 204000 ns, At safepoint: 499500 ns, Total: 703500 ns
[15.393s][info][gc       ] GC(224) Pause Young (Allocation Failure) 401M->9M(810M) 0.531ms
[15.393s][info][safepoint] Safepoint "ParallelGCFailedAllocation", Time since last: 37990400 ns, Reaching safepoint: 190600 ns, At safepoint: 613000 ns, Total: 803600 ns
[15.441s][info][gc       ] GC(225) Pause Young (Allocation Failure) 478M->10M(792M) 0.506ms
[15.441s][info][safepoint] Safepoint "ParallelGCFailedAllocation", Time since last: 46690400 ns, Reaching safepoint: 176300 ns, At safepoint: 589400 ns, Total: 765700 ns
[15.486s][info][gc       ] GC(226) Pause Young (Allocation Failure) 461M->10M(882M) 0.559ms
[15.486s][info][safepoint] Safepoint "ParallelGCFailedAllocation", Time since last: 44574700 ns, Reaching safepoint: 198400 ns, At safepoint: 644200 ns, Total: 842600 ns
[15.540s][info][gc       ] GC(227) Pause Young (Allocation Failure) 551M->10M(861M) 0.381ms
[15.540s][info][safepoint] Safepoint "ParallelGCFailedAllocation", Time since last: 53111100 ns, Reaching safepoint: 222000 ns, At safepoint: 475800 ns, Total: 697800 ns
[15.591s][info][gc       ] GC(228) Pause Young (Allocation Failure) 530M->10M(840M) 0.584ms
[15.591s][info][safepoint] Safepoint "ParallelGCFailedAllocation", Time since last: 50530300 ns, Reaching safepoint: 226700 ns, At safepoint: 693400 ns, Total: 920100 ns
[15.640s][info][gc       ] GC(229) Pause Young (Allocation Failure) 510M->10M(821M) 0.381ms
[15.640s][info][safepoint] Safepoint "ParallelGCFailedAllocation", Time since last: 48031900 ns, Reaching safepoint: 142700 ns, At safepoint: 485400 ns, Total: 628100 ns
[15.688s][info][gc       ] GC(230) Pause Young (Allocation Failure) 490M->9M(801M) 0.510ms
[15.688s][info][safepoint] Safepoint "ParallelGCFailedAllocation", Time since last: 47207500 ns, Reaching safepoint: 212000 ns, At safepoint: 597000 ns, Total: 809000 ns
[15.734s][info][gc       ] GC(231) Pause Young (Allocation Failure) 471M->10M(784M) 0.639ms
[15.734s][info][safepoint] Safepoint "ParallelGCFailedAllocation", Time since last: 45288100 ns, Reaching safepoint: 153300 ns, At safepoint: 751300 ns, Total: 904600 ns
[15.778s][info][gc       ] GC(232) Pause Young (Allocation Failure) 453M->9M(766M) 0.463ms
[15.778s][info][safepoint] Safepoint "ParallelGCFailedAllocation", Time since last: 43666200 ns, Reaching safepoint: 43100 ns, At safepoint: 539600 ns, Total: 582700 ns
[15.821s][info][gc       ] GC(233) Pause Young (Allocation Failure) 435M->10M(751M) 0.524ms
[15.821s][info][safepoint] Safepoint "ParallelGCFailedAllocation", Time since last: 42276600 ns, Reaching safepoint: 212400 ns, At safepoint: 624600 ns, Total: 837000 ns
[15.863s][info][gc       ] GC(234) Pause Young (Allocation Failure) 420M->9M(735M) 0.490ms
[15.863s][info][safepoint] Safepoint "ParallelGCFailedAllocation", Time since last: 40340200 ns, Reaching safepoint: 216600 ns, At safepoint: 574100 ns, Total: 790700 ns
[15.902s][info][gc       ] GC(235) Pause Young (Allocation Failure) 404M->10M(814M) 0.501ms
[15.902s][info][safepoint] Safepoint "ParallelGCFailedAllocation", Time since last: 38318800 ns, Reaching safepoint: 215700 ns, At safepoint: 592700 ns, Total: 808400 ns
[15.949s][info][gc       ] GC(236) Pause Young (Allocation Failure) 483M->10M(796M) 0.484ms
[15.949s][info][safepoint] Safepoint "ParallelGCFailedAllocation", Time since last: 46418500 ns, Reaching safepoint: 121600 ns, At safepoint: 592100 ns, Total: 713700 ns
[15.995s][info][gc       ] GC(237) Pause Young (Allocation Failure) 465M->9M(778M) 0.435ms
[15.995s][info][safepoint] Safepoint "ParallelGCFailedAllocation", Time since last: 45503300 ns, Reaching safepoint: 193100 ns, At safepoint: 526300 ns, Total: 719400 ns
[16.038s][info][gc       ] GC(238) Pause Young (Allocation Failure) 447M->10M(762M) 0.372ms
[16.039s][info][safepoint] Safepoint "ParallelGCFailedAllocation", Time since last: 42873300 ns, Reaching safepoint: 133800 ns, At safepoint: 448600 ns, Total: 582400 ns
[16.081s][info][gc       ] GC(239) Pause Young (Allocation Failure) 431M->10M(746M) 0.481ms
[16.081s][info][safepoint] Safepoint "ParallelGCFailedAllocation", Time since last: 41589900 ns, Reaching safepoint: 128900 ns, At safepoint: 563500 ns, Total: 692400 ns
[16.121s][info][gc       ] GC(240) Pause Young (Allocation Failure) 414M->10M(731M) 0.426ms
[16.121s][info][safepoint] Safepoint "ParallelGCFailedAllocation", Time since last: 39558400 ns, Reaching safepoint: 214900 ns, At safepoint: 515500 ns, Total: 730400 ns
[16.160s][info][gc       ] GC(241) Pause Young (Allocation Failure) 400M->9M(716M) 0.522ms
[16.160s][info][safepoint] Safepoint "ParallelGCFailedAllocation", Time since last: 38243500 ns, Reaching safepoint: 195100 ns, At safepoint: 599600 ns, Total: 794700 ns
[16.198s][info][gc       ] GC(242) Pause Young (Allocation Failure) 384M->10M(792M) 0.485ms
[16.198s][info][safepoint] Safepoint "ParallelGCFailedAllocation", Time since last: 37294800 ns, Reaching safepoint: 203400 ns, At safepoint: 566400 ns, Total: 769800 ns
[16.243s][info][gc       ] GC(243) Pause Young (Allocation Failure) 461M->10M(774M) 0.494ms
[16.243s][info][safepoint] Safepoint "ParallelGCFailedAllocation", Time since last: 44459100 ns, Reaching safepoint: 190000 ns, At safepoint: 574800 ns, Total: 764800 ns
[16.287s][info][gc       ] GC(244) Pause Young (Allocation Failure) 444M->9M(757M) 0.391ms
[16.287s][info][safepoint] Safepoint "ParallelGCFailedAllocation", Time since last: 42515400 ns, Reaching safepoint: 131800 ns, At safepoint: 468700 ns, Total: 600500 ns
[16.329s][info][gc       ] GC(245) Pause Young (Allocation Failure) 426M->10M(742M) 0.473ms
[16.329s][info][safepoint] Safepoint "ParallelGCFailedAllocation", Time since last: 41439500 ns, Reaching safepoint: 201700 ns, At safepoint: 556600 ns, Total: 758300 ns
[16.369s][info][gc       ] GC(246) Pause Young (Allocation Failure) 411M->10M(822M) 0.564ms
[16.369s][info][safepoint] Safepoint "ParallelGCFailedAllocation", Time since last: 39284000 ns, Reaching safepoint: 186600 ns, At safepoint: 658800 ns, Total: 845400 ns
[16.417s][info][gc       ] GC(247) Pause Young (Allocation Failure) 491M->9M(803M) 0.510ms
[16.417s][info][safepoint] Safepoint "ParallelGCFailedAllocation", Time since last: 47230400 ns, Reaching safepoint: 175900 ns, At safepoint: 598900 ns, Total: 774800 ns
[16.465s][info][gc       ] GC(248) Pause Young (Allocation Failure) 471M->10M(785M) 0.378ms
[16.465s][info][safepoint] Safepoint "ParallelGCFailedAllocation", Time since last: 47148900 ns, Reaching safepoint: 119300 ns, At safepoint: 447700 ns, Total: 567000 ns
[16.509s][info][gc       ] GC(249) Pause Young (Allocation Failure) 454M->10M(768M) 0.450ms
[16.509s][info][safepoint] Safepoint "ParallelGCFailedAllocation", Time since last: 43569400 ns, Reaching safepoint: 185800 ns, At safepoint: 544000 ns, Total: 729800 ns
[16.552s][info][gc       ] GC(250) Pause Young (Allocation Failure) 438M->10M(752M) 0.527ms
[16.552s][info][safepoint] Safepoint "ParallelGCFailedAllocation", Time since last: 42074500 ns, Reaching safepoint: 191900 ns, At safepoint: 618000 ns, Total: 809900 ns
[16.592s][info][gc       ] GC(251) Pause Young (Allocation Failure) 421M->10M(736M) 0.426ms
[16.592s][info][safepoint] Safepoint "ParallelGCFailedAllocation", Time since last: 39804700 ns, Reaching safepoint: 217800 ns, At safepoint: 513200 ns, Total: 731000 ns
[16.632s][info][gc       ] GC(252) Pause Young (Allocation Failure) 405M->10M(722M) 0.524ms
[16.632s][info][safepoint] Safepoint "ParallelGCFailedAllocation", Time since last: 38994500 ns, Reaching safepoint: 186500 ns, At safepoint: 612500 ns, Total: 799000 ns
[16.670s][info][gc       ] GC(253) Pause Young (Allocation Failure) 391M->10M(708M) 0.361ms
[16.670s][info][safepoint] Safepoint "ParallelGCFailedAllocation", Time since last: 37039700 ns, Reaching safepoint: 145200 ns, At safepoint: 490200 ns, Total: 635400 ns
[16.706s][info][gc       ] GC(254) Pause Young (Allocation Failure) 377M->10M(694M) 0.431ms
[16.706s][info][safepoint] Safepoint "ParallelGCFailedAllocation", Time since last: 35718100 ns, Reaching safepoint: 214800 ns, At safepoint: 529900 ns, Total: 744700 ns
[16.742s][info][gc       ] GC(255) Pause Young (Allocation Failure) 364M->9M(681M) 0.405ms
[16.742s][info][safepoint] Safepoint "ParallelGCFailedAllocation", Time since last: 35032100 ns, Reaching safepoint: 127300 ns, At safepoint: 476600 ns, Total: 603900 ns
[16.776s][info][gc       ] GC(256) Pause Young (Allocation Failure) 350M->11M(751M) 0.555ms
[16.776s][info][safepoint] Safepoint "ParallelGCFailedAllocation", Time since last: 33435500 ns, Reaching safepoint: 192100 ns, At safepoint: 650700 ns, Total: 842800 ns
[16.817s][info][gc       ] GC(257) Pause Young (Allocation Failure) 420M->9M(734M) 0.414ms
[16.817s][info][safepoint] Safepoint "ParallelGCFailedAllocation", Time since last: 39900800 ns, Reaching safepoint: 144000 ns, At safepoint: 527700 ns, Total: 671700 ns
[16.856s][info][gc       ] GC(258) Pause Young (Allocation Failure) 403M->9M(719M) 0.376ms
[16.856s][info][safepoint] Safepoint "ParallelGCFailedAllocation", Time since last: 38957800 ns, Reaching safepoint: 197700 ns, At safepoint: 452200 ns, Total: 649900 ns
[16.894s][info][gc       ] GC(259) Pause Young (Allocation Failure) 388M->9M(705M) 0.373ms
[16.894s][info][safepoint] Safepoint "ParallelGCFailedAllocation", Time since last: 37503800 ns, Reaching safepoint: 146400 ns, At safepoint: 470600 ns, Total: 617000 ns
[16.931s][info][gc       ] GC(260) Pause Young (Allocation Failure) 375M->9M(692M) 0.323ms
[16.931s][info][safepoint] Safepoint "ParallelGCFailedAllocation", Time since last: 36347700 ns, Reaching safepoint: 128300 ns, At safepoint: 426200 ns, Total: 554500 ns
[16.967s][info][gc       ] GC(261) Pause Young (Allocation Failure) 361M->11M(681M) 0.436ms
[16.967s][info][safepoint] Safepoint "ParallelGCFailedAllocation", Time since last: 34992100 ns, Reaching safepoint: 213200 ns, At safepoint: 550200 ns, Total: 763400 ns
[17.003s][info][gc       ] GC(262) Pause Young (Allocation Failure) 350M->11M(669M) 0.462ms
[17.003s][info][safepoint] Safepoint "ParallelGCFailedAllocation", Time since last: 34828400 ns, Reaching safepoint: 173000 ns, At safepoint: 560200 ns, Total: 733200 ns
[17.037s][info][gc       ] GC(263) Pause Young (Allocation Failure) 338M->9M(656M) 0.437ms
[17.037s][info][safepoint] Safepoint "ParallelGCFailedAllocation", Time since last: 33631300 ns, Reaching safepoint: 185500 ns, At safepoint: 516200 ns, Total: 701700 ns
[17.069s][info][gc       ] GC(264) Pause Young (Allocation Failure) 325M->10M(720M) 0.418ms
[17.069s][info][safepoint] Safepoint "ParallelGCFailedAllocation", Time since last: 31336000 ns, Reaching safepoint: 157000 ns, At safepoint: 483700 ns, Total: 640700 ns
[17.107s][info][gc       ] GC(265) Pause Young (Allocation Failure) 389M->9M(795M) 0.541ms
[17.107s][info][safepoint] Safepoint "ParallelGCFailedAllocation", Time since last: 36943100 ns, Reaching safepoint: 200000 ns, At safepoint: 612300 ns, Total: 812300 ns
[17.152s][info][gc       ] GC(266) Pause Young (Allocation Failure) 465M->10M(888M) 0.465ms
[17.152s][info][safepoint] Safepoint "ParallelGCFailedAllocation", Time since last: 44932500 ns, Reaching safepoint: 192400 ns, At safepoint: 546800 ns, Total: 739200 ns
[17.207s][info][gc       ] GC(267) Pause Young (Allocation Failure) 557M->9M(865M) 0.422ms
[17.207s][info][safepoint] Safepoint "ParallelGCFailedAllocation", Time since last: 54050000 ns, Reaching safepoint: 133800 ns, At safepoint: 506400 ns, Total: 640200 ns
[17.259s][info][gc       ] GC(268) Pause Young (Allocation Failure) 534M->10M(845M) 0.390ms
[17.259s][info][safepoint] Safepoint "ParallelGCFailedAllocation", Time since last: 51431300 ns, Reaching safepoint: 128600 ns, At safepoint: 466300 ns, Total: 594900 ns
[17.309s][info][gc       ] GC(269) Pause Young (Allocation Failure) 513M->10M(825M) 0.548ms
[17.309s][info][safepoint] Safepoint "ParallelGCFailedAllocation", Time since last: 49389500 ns, Reaching safepoint: 180800 ns, At safepoint: 627000 ns, Total: 807800 ns
[17.358s][info][gc       ] GC(270) Pause Young (Allocation Failure) 493M->10M(806M) 0.521ms
[17.358s][info][safepoint] Safepoint "ParallelGCFailedAllocation", Time since last: 47862000 ns, Reaching safepoint: 171500 ns, At safepoint: 603900 ns, Total: 775400 ns
[17.405s][info][gc       ] GC(271) Pause Young (Allocation Failure) 475M->9M(787M) 0.397ms
[17.405s][info][safepoint] Safepoint "ParallelGCFailedAllocation", Time since last: 46070400 ns, Reaching safepoint: 130700 ns, At safepoint: 488800 ns, Total: 619500 ns
[17.450s][info][gc       ] GC(272) Pause Young (Allocation Failure) 456M->10M(771M) 0.401ms
[17.450s][info][safepoint] Safepoint "ParallelGCFailedAllocation", Time since last: 44608600 ns, Reaching safepoint: 192700 ns, At safepoint: 478800 ns, Total: 671500 ns
[17.493s][info][gc       ] GC(273) Pause Young (Allocation Failure) 440M->10M(754M) 0.564ms
[17.493s][info][safepoint] Safepoint "ParallelGCFailedAllocation", Time since last: 42535600 ns, Reaching safepoint: 219800 ns, At safepoint: 649700 ns, Total: 869500 ns
[17.535s][info][gc       ] GC(274) Pause Young (Allocation Failure) 423M->10M(739M) 0.543ms
[17.535s][info][safepoint] Safepoint "ParallelGCFailedAllocation", Time since last: 40753900 ns, Reaching safepoint: 197400 ns, At safepoint: 635000 ns, Total: 832400 ns
[17.575s][info][gc       ] GC(275) Pause Young (Allocation Failure) 408M->10M(817M) 0.770ms
[17.575s][info][safepoint] Safepoint "ParallelGCFailedAllocation", Time since last: 39487200 ns, Reaching safepoint: 195300 ns, At safepoint: 857100 ns, Total: 1052400 ns
[17.624s][info][gc       ] GC(276) Pause Young (Allocation Failure) 488M->11M(915M) 0.468ms
[17.624s][info][safepoint] Safepoint "ParallelGCFailedAllocation", Time since last: 47452100 ns, Reaching safepoint: 212700 ns, At safepoint: 549800 ns, Total: 762500 ns
[17.679s][info][gc       ] GC(277) Pause Young (Allocation Failure) 585M->12M(1030M) 0.489ms
[17.679s][info][safepoint] Safepoint "ParallelGCFailedAllocation", Time since last: 54409500 ns, Reaching safepoint: 192900 ns, At safepoint: 573100 ns, Total: 766000 ns
[17.748s][info][gc       ] GC(278) Pause Young (Allocation Failure) 701M->12M(1001M) 0.466ms
[17.748s][info][safepoint] Safepoint "ParallelGCFailedAllocation", Time since last: 68831800 ns, Reaching safepoint: 145900 ns, At safepoint: 580800 ns, Total: 726700 ns
[17.814s][info][gc       ] GC(279) Pause Young (Allocation Failure) 671M->12M(972M) 0.845ms
[17.814s][info][safepoint] Safepoint "ParallelGCFailedAllocation", Time since last: 64747300 ns, Reaching safepoint: 207500 ns, At safepoint: 911100 ns, Total: 1118600 ns
[17.877s][info][gc       ] GC(280) Pause Young (Allocation Failure) 642M->13M(948M) 0.399ms
[17.877s][info][safepoint] Safepoint "ParallelGCFailedAllocation", Time since last: 61713300 ns, Reaching safepoint: 192900 ns, At safepoint: 486300 ns, Total: 679200 ns
[17.938s][info][gc       ] GC(281) Pause Young (Allocation Failure) 619M->12M(921M) 0.417ms
[17.938s][info][safepoint] Safepoint "ParallelGCFailedAllocation", Time since last: 60775100 ns, Reaching safepoint: 139600 ns, At safepoint: 486800 ns, Total: 626400 ns
[17.999s][info][gc       ] GC(282) Pause Young (Allocation Failure) 593M->13M(899M) 0.389ms
[17.999s][info][safepoint] Safepoint "ParallelGCFailedAllocation", Time since last: 60319000 ns, Reaching safepoint: 144000 ns, At safepoint: 468100 ns, Total: 612100 ns
[18.055s][info][gc       ] GC(283) Pause Young (Allocation Failure) 570M->13M(876M) 0.383ms
[18.055s][info][safepoint] Safepoint "ParallelGCFailedAllocation", Time since last: 55410200 ns, Reaching safepoint: 120700 ns, At safepoint: 513000 ns, Total: 633700 ns
[18.109s][info][gc       ] GC(284) Pause Young (Allocation Failure) 549M->13M(855M) 0.413ms
[18.109s][info][safepoint] Safepoint "ParallelGCFailedAllocation", Time since last: 53744000 ns, Reaching safepoint: 135900 ns, At safepoint: 507800 ns, Total: 643700 ns
[18.161s][info][gc       ] GC(285) Pause Young (Allocation Failure) 526M->13M(833M) 0.488ms
[18.161s][info][safepoint] Safepoint "ParallelGCFailedAllocation", Time since last: 50794300 ns, Reaching safepoint: 112300 ns, At safepoint: 553300 ns, Total: 665600 ns
[18.211s][info][gc       ] GC(286) Pause Young (Allocation Failure) 505M->14M(815M) 0.602ms
[18.211s][info][safepoint] Safepoint "ParallelGCFailedAllocation", Time since last: 49355500 ns, Reaching safepoint: 119000 ns, At safepoint: 702200 ns, Total: 821200 ns
[18.260s][info][gc       ] GC(287) Pause Young (Allocation Failure) 487M->13M(795M) 0.511ms
[18.260s][info][safepoint] Safepoint "ParallelGCFailedAllocation", Time since last: 48268400 ns, Reaching safepoint: 194900 ns, At safepoint: 601900 ns, Total: 796800 ns
[18.306s][info][gc       ] GC(288) Pause Young (Allocation Failure) 468M->14M(779M) 0.522ms
[18.306s][info][safepoint] Safepoint "ParallelGCFailedAllocation", Time since last: 45370100 ns, Reaching safepoint: 140500 ns, At safepoint: 614600 ns, Total: 755100 ns
[18.350s][info][gc       ] GC(289) Pause Young (Allocation Failure) 452M->13M(761M) 0.520ms
[18.350s][info][safepoint] Safepoint "ParallelGCFailedAllocation", Time since last: 43013400 ns, Reaching safepoint: 193100 ns, At safepoint: 605300 ns, Total: 798400 ns
[18.392s][info][gc       ] GC(290) Pause Young (Allocation Failure) 434M->13M(745M) 0.557ms
[18.392s][info][safepoint] Safepoint "ParallelGCFailedAllocation", Time since last: 41063900 ns, Reaching safepoint: 135200 ns, At safepoint: 713200 ns, Total: 848400 ns
[18.434s][info][gc       ] GC(291) Pause Young (Allocation Failure) 418M->14M(731M) 0.507ms
[18.434s][info][safepoint] Safepoint "ParallelGCFailedAllocation", Time since last: 41244900 ns, Reaching safepoint: 200200 ns, At safepoint: 590700 ns, Total: 790900 ns
[18.474s][info][gc       ] GC(292) Pause Young (Allocation Failure) 404M->14M(717M) 0.426ms
[18.474s][info][safepoint] Safepoint "ParallelGCFailedAllocation", Time since last: 39119000 ns, Reaching safepoint: 138300 ns, At safepoint: 504800 ns, Total: 643100 ns
[18.512s][info][gc       ] GC(293) Pause Young (Allocation Failure) 389M->13M(702M) 0.492ms
[18.512s][info][safepoint] Safepoint "ParallelGCFailedAllocation", Time since last: 37492300 ns, Reaching safepoint: 125600 ns, At safepoint: 563800 ns, Total: 689400 ns
[18.548s][info][gc       ] GC(294) Pause Young (Allocation Failure) 375M->14M(775M) 0.488ms
[18.548s][info][safepoint] Safepoint "ParallelGCFailedAllocation", Time since last: 35621000 ns, Reaching safepoint: 185500 ns, At safepoint: 607600 ns, Total: 793100 ns
[18.592s][info][gc       ] GC(295) Pause Young (Allocation Failure) 448M->14M(862M) 0.556ms
[18.592s][info][safepoint] Safepoint "ParallelGCFailedAllocation", Time since last: 42720700 ns, Reaching safepoint: 210800 ns, At safepoint: 623600 ns, Total: 834400 ns
[18.644s][info][gc       ] GC(296) Pause Young (Allocation Failure) 535M->14M(842M) 0.498ms
[18.644s][info][safepoint] Safepoint "ParallelGCFailedAllocation", Time since last: 51626300 ns, Reaching safepoint: 218500 ns, At safepoint: 587300 ns, Total: 805800 ns
[18.695s][info][gc       ] GC(297) Pause Young (Allocation Failure) 514M->14M(941M) 0.835ms
[18.695s][info][safepoint] Safepoint "ParallelGCFailedAllocation", Time since last: 49396300 ns, Reaching safepoint: 195900 ns, At safepoint: 915600 ns, Total: 1111500 ns
[18.755s][info][gc       ] GC(298) Pause Young (Allocation Failure) 614M->15M(918M) 0.399ms
[18.755s][info][safepoint] Safepoint "ParallelGCFailedAllocation", Time since last: 59759000 ns, Reaching safepoint: 156100 ns, At safepoint: 494800 ns, Total: 650900 ns
[18.813s][info][gc       ] GC(299) Pause Young (Allocation Failure) 592M->15M(894M) 0.551ms
[18.813s][info][safepoint] Safepoint "ParallelGCFailedAllocation", Time since last: 56531000 ns, Reaching safepoint: 211200 ns, At safepoint: 630500 ns, Total: 841700 ns
[18.868s][info][gc       ] GC(300) Pause Young (Allocation Failure) 569M->15M(872M) 0.509ms
[18.868s][info][safepoint] Safepoint "ParallelGCFailedAllocation", Time since last: 54092100 ns, Reaching safepoint: 201900 ns, At safepoint: 590500 ns, Total: 792400 ns
[18.920s][info][gc       ] GC(301) Pause Young (Allocation Failure) 545M->15M(851M) 0.503ms
[18.920s][info][safepoint] Safepoint "ParallelGCFailedAllocation", Time since last: 51985800 ns, Reaching safepoint: 210900 ns, At safepoint: 589000 ns, Total: 799900 ns
[18.972s][info][gc       ] GC(302) Pause Young (Allocation Failure) 525M->15M(831M) 0.582ms
[18.972s][info][safepoint] Safepoint "ParallelGCFailedAllocation", Time since last: 50406000 ns, Reaching safepoint: 143000 ns, At safepoint: 673900 ns, Total: 816900 ns
[19.021s][info][gc       ] GC(303) Pause Young (Allocation Failure) 505M->15M(811M) 0.424ms
[19.021s][info][safepoint] Safepoint "ParallelGCFailedAllocation", Time since last: 48629200 ns, Reaching safepoint: 174600 ns, At safepoint: 506100 ns, Total: 680700 ns
[19.068s][info][gc       ] GC(304) Pause Young (Allocation Failure) 485M->15M(793M) 0.474ms
[19.068s][info][safepoint] Safepoint "ParallelGCFailedAllocation", Time since last: 46189400 ns, Reaching safepoint: 214200 ns, At safepoint: 541000 ns, Total: 755200 ns
[19.115s][info][gc       ] GC(305) Pause Young (Allocation Failure) 467M->15M(776M) 0.510ms
[19.115s][info][safepoint] Safepoint "ParallelGCFailedAllocation", Time since last: 46262500 ns, Reaching safepoint: 174900 ns, At safepoint: 601800 ns, Total: 776700 ns
[19.158s][info][gc       ] GC(306) Pause Young (Allocation Failure) 450M->15M(759M) 0.470ms
[19.158s][info][safepoint] Safepoint "ParallelGCFailedAllocation", Time since last: 42248500 ns, Reaching safepoint: 191500 ns, At safepoint: 616100 ns, Total: 807600 ns
[19.201s][info][gc       ] GC(307) Pause Young (Allocation Failure) 433M->15M(842M) 0.656ms
[19.201s][info][safepoint] Safepoint "ParallelGCFailedAllocation", Time since last: 41729700 ns, Reaching safepoint: 203500 ns, At safepoint: 766400 ns, Total: 969900 ns
[19.252s][info][gc       ] GC(308) Pause Young (Allocation Failure) 517M->17M(824M) 0.401ms
[19.252s][info][safepoint] Safepoint "ParallelGCFailedAllocation", Time since last: 50882100 ns, Reaching safepoint: 143500 ns, At safepoint: 497600 ns, Total: 641100 ns
[19.303s][info][gc       ] GC(309) Pause Young (Allocation Failure) 499M->17M(804M) 0.367ms
[19.303s][info][safepoint] Safepoint "ParallelGCFailedAllocation", Time since last: 50422700 ns, Reaching safepoint: 126400 ns, At safepoint: 452600 ns, Total: 579000 ns
[19.350s][info][gc       ] GC(310) Pause Young (Allocation Failure) 480M->16M(785M) 0.467ms
[19.351s][info][safepoint] Safepoint "ParallelGCFailedAllocation", Time since last: 46649600 ns, Reaching safepoint: 176900 ns, At safepoint: 557400 ns, Total: 734300 ns
[19.394s][info][gc       ] GC(311) Pause Young (Allocation Failure) 461M->16M(768M) 0.411ms
[19.395s][info][safepoint] Safepoint "ParallelGCFailedAllocation", Time since last: 43349000 ns, Reaching safepoint: 136000 ns, At safepoint: 536500 ns, Total: 672500 ns
[19.438s][info][gc       ] GC(312) Pause Young (Allocation Failure) 444M->17M(753M) 0.432ms
[19.438s][info][safepoint] Safepoint "ParallelGCFailedAllocation", Time since last: 43001800 ns, Reaching safepoint: 119000 ns, At safepoint: 557700 ns, Total: 676700 ns
[19.480s][info][gc       ] GC(313) Pause Young (Allocation Failure) 428M->17M(737M) 0.496ms
[19.480s][info][safepoint] Safepoint "ParallelGCFailedAllocation", Time since last: 41015900 ns, Reaching safepoint: 203800 ns, At safepoint: 582900 ns, Total: 786700 ns
[19.520s][info][gc       ] GC(314) Pause Young (Allocation Failure) 413M->17M(817M) 0.688ms
[19.520s][info][safepoint] Safepoint "ParallelGCFailedAllocation", Time since last: 39172800 ns, Reaching safepoint: 240000 ns, At safepoint: 763200 ns, Total: 1003200 ns
[19.568s][info][gc       ] GC(315) Pause Young (Allocation Failure) 493M->17M(911M) 0.704ms
[19.568s][info][safepoint] Safepoint "ParallelGCFailedAllocation", Time since last: 46385000 ns, Reaching safepoint: 202600 ns, At safepoint: 798500 ns, Total: 1001100 ns
[19.624s][info][gc       ] GC(316) Pause Young (Allocation Failure) 588M->18M(1027M) 0.460ms
[19.624s][info][safepoint] Safepoint "ParallelGCFailedAllocation", Time since last: 56038500 ns, Reaching safepoint: 207900 ns, At safepoint: 547800 ns, Total: 755700 ns
[19.692s][info][gc       ] GC(317) Pause Young (Allocation Failure) 704M->18M(998M) 0.420ms
[19.692s][info][safepoint] Safepoint "ParallelGCFailedAllocation", Time since last: 66823800 ns, Reaching safepoint: 130200 ns, At safepoint: 506500 ns, Total: 636700 ns
[19.757s][info][gc       ] GC(318) Pause Young (Allocation Failure) 674M->18M(971M) 0.650ms
[19.757s][info][safepoint] Safepoint "ParallelGCFailedAllocation", Time since last: 64543000 ns, Reaching safepoint: 141700 ns, At safepoint: 777600 ns, Total: 919300 ns
[19.820s][info][gc       ] GC(319) Pause Young (Allocation Failure) 647M->18M(944M) 0.573ms
[19.820s][info][safepoint] Safepoint "ParallelGCFailedAllocation", Time since last: 61485800 ns, Reaching safepoint: 194700 ns, At safepoint: 658100 ns, Total: 852800 ns
[19.879s][info][gc       ] GC(320) Pause Young (Allocation Failure) 622M->19M(920M) 0.463ms
[19.879s][info][safepoint] Safepoint "ParallelGCFailedAllocation", Time since last: 58436200 ns, Reaching safepoint: 207300 ns, At safepoint: 547200 ns, Total: 754500 ns
[19.937s][info][gc       ] GC(321) Pause Young (Allocation Failure) 598M->19M(897M) 0.407ms
[19.937s][info][safepoint] Safepoint "ParallelGCFailedAllocation", Time since last: 57265000 ns, Reaching safepoint: 174400 ns, At safepoint: 519100 ns, Total: 693500 ns
[19.993s][info][gc       ] GC(322) Pause Young (Allocation Failure) 574M->19M(874M) 0.554ms
[19.993s][info][safepoint] Safepoint "ParallelGCFailedAllocation", Time since last: 55639500 ns, Reaching safepoint: 199600 ns, At safepoint: 637700 ns, Total: 837300 ns
[20.047s][info][gc       ] GC(323) Pause Young (Allocation Failure) 551M->19M(852M) 0.663ms
[20.047s][info][safepoint] Safepoint "ParallelGCFailedAllocation", Time since last: 52393700 ns, Reaching safepoint: 198700 ns, At safepoint: 779600 ns, Total: 978300 ns
[20.098s][info][gc       ] GC(324) Pause Young (Allocation Failure) 530M->19M(832M) 0.504ms
[20.098s][info][safepoint] Safepoint "ParallelGCFailedAllocation", Time since last: 50794400 ns, Reaching safepoint: 167500 ns, At safepoint: 567200 ns, Total: 734700 ns
[20.146s][info][gc       ] GC(325) Pause Young (Allocation Failure) 510M->19M(813M) 0.456ms
[20.146s][info][safepoint] Safepoint "ParallelGCFailedAllocation", Time since last: 47154700 ns, Reaching safepoint: 118700 ns, At safepoint: 547600 ns, Total: 666300 ns
[20.193s][info][gc       ] GC(326) Pause Young (Allocation Failure) 490M->19M(794M) 0.519ms
[20.193s][info][safepoint] Safepoint "ParallelGCFailedAllocation", Time since last: 45967600 ns, Reaching safepoint: 201100 ns, At safepoint: 597900 ns, Total: 799000 ns
[20.238s][info][gc       ] GC(327) Pause Young (Allocation Failure) 473M->19M(775M) 0.711ms
[20.239s][info][safepoint] Safepoint "ParallelGCFailedAllocation", Time since last: 44780900 ns, Reaching safepoint: 210300 ns, At safepoint: 795000 ns, Total: 1005300 ns
[20.282s][info][gc       ] GC(328) Pause Young (Allocation Failure) 454M->21M(761M) 0.464ms
[20.283s][info][safepoint] Safepoint "ParallelGCFailedAllocation", Time since last: 43246500 ns, Reaching safepoint: 199700 ns, At safepoint: 552400 ns, Total: 752100 ns
[20.325s][info][gc       ] GC(329) Pause Young (Allocation Failure) 440M->21M(744M) 0.484ms
[20.325s][info][safepoint] Safepoint "ParallelGCFailedAllocation", Time since last: 42105100 ns, Reaching safepoint: 193300 ns, At safepoint: 562700 ns, Total: 756000 ns
[20.367s][info][gc       ] GC(330) Pause Young (Allocation Failure) 424M->20M(824M) 0.557ms
[20.367s][info][safepoint] Safepoint "ParallelGCFailedAllocation", Time since last: 41058500 ns, Reaching safepoint: 171200 ns, At safepoint: 645100 ns, Total: 816300 ns
[20.417s][info][gc       ] GC(331) Pause Young (Allocation Failure) 504M->21M(806M) 0.488ms
[20.417s][info][safepoint] Safepoint "ParallelGCFailedAllocation", Time since last: 49153800 ns, Reaching safepoint: 195800 ns, At safepoint: 568000 ns, Total: 763800 ns
[20.463s][info][gc       ] GC(332) Pause Young (Allocation Failure) 485M->21M(900M) 1.186ms
[20.463s][info][safepoint] Safepoint "ParallelGCFailedAllocation", Time since last: 44814200 ns, Reaching safepoint: 140100 ns, At safepoint: 1323100 ns, Total: 1463200 ns
[20.521s][info][gc       ] GC(333) Pause Young (Allocation Failure) 579M->20M(1011M) 0.536ms
[20.521s][info][safepoint] Safepoint "ParallelGCFailedAllocation", Time since last: 56511600 ns, Reaching safepoint: 191600 ns, At safepoint: 610700 ns, Total: 802300 ns
[20.589s][info][gc       ] GC(334) Pause Young (Allocation Failure) 691M->20M(1145M) 0.551ms
[20.589s][info][safepoint] Safepoint "ParallelGCFailedAllocation", Time since last: 67065500 ns, Reaching safepoint: 217200 ns, At safepoint: 635900 ns, Total: 853100 ns
[20.667s][info][gc       ] GC(335) Pause Young (Allocation Failure) 826M->20M(1111M) 0.491ms
[20.667s][info][safepoint] Safepoint "ParallelGCFailedAllocation", Time since last: 77950200 ns, Reaching safepoint: 184800 ns, At safepoint: 581600 ns, Total: 766400 ns
[20.744s][info][gc       ] GC(336) Pause Young (Allocation Failure) 791M->21M(1079M) 0.555ms
[20.744s][info][safepoint] Safepoint "ParallelGCFailedAllocation", Time since last: 75387000 ns, Reaching safepoint: 194500 ns, At safepoint: 650500 ns, Total: 845000 ns
[20.817s][info][gc       ] GC(337) Pause Young (Allocation Failure) 759M->20M(1047M) 0.549ms
[20.817s][info][safepoint] Safepoint "ParallelGCFailedAllocation", Time since last: 72867900 ns, Reaching safepoint: 128800 ns, At safepoint: 629800 ns, Total: 758600 ns
[20.885s][info][gc       ] GC(338) Pause Young (Allocation Failure) 727M->21M(1018M) 0.529ms
[20.885s][info][safepoint] Safepoint "ParallelGCFailedAllocation", Time since last: 67369300 ns, Reaching safepoint: 171000 ns, At safepoint: 622600 ns, Total: 793600 ns
[20.953s][info][gc       ] GC(339) Pause Young (Allocation Failure) 698M->21M(990M) 0.660ms
[20.953s][info][safepoint] Safepoint "ParallelGCFailedAllocation", Time since last: 66259200 ns, Reaching safepoint: 208700 ns, At safepoint: 766400 ns, Total: 975100 ns
[21.018s][info][gc       ] GC(340) Pause Young (Allocation Failure) 669M->21M(963M) 0.391ms
[21.018s][info][safepoint] Safepoint "ParallelGCFailedAllocation", Time since last: 64778200 ns, Reaching safepoint: 160400 ns, At safepoint: 466900 ns, Total: 627300 ns
[21.081s][info][gc       ] GC(341) Pause Young (Allocation Failure) 643M->21M(936M) 0.919ms
[21.081s][info][safepoint] Safepoint "ParallelGCFailedAllocation", Time since last: 61291300 ns, Reaching safepoint: 168900 ns, At safepoint: 1052100 ns, Total: 1221000 ns
[21.140s][info][gc       ] GC(342) Pause Young (Allocation Failure) 617M->21M(912M) 0.526ms
[21.140s][info][safepoint] Safepoint "ParallelGCFailedAllocation", Time since last: 58725600 ns, Reaching safepoint: 236300 ns, At safepoint: 651200 ns, Total: 887500 ns
[21.198s][info][gc       ] GC(343) Pause Young (Allocation Failure) 593M->21M(889M) 0.466ms
[21.198s][info][safepoint] Safepoint "ParallelGCFailedAllocation", Time since last: 56752000 ns, Reaching safepoint: 199600 ns, At safepoint: 544500 ns, Total: 744100 ns
[21.254s][info][gc       ] GC(344) Pause Young (Allocation Failure) 570M->21M(867M) 0.227ms
[21.254s][info][safepoint] Safepoint "ParallelGCFailedAllocation", Time since last: 55716300 ns, Reaching safepoint: 74200 ns, At safepoint: 299600 ns, Total: 373800 ns
[21.309s][info][gc       ] GC(345) Pause Young (Allocation Failure) 547M->22M(847M) 0.657ms
[21.309s][info][safepoint] Safepoint "ParallelGCFailedAllocation", Time since last: 54702200 ns, Reaching safepoint: 87300 ns, At safepoint: 790500 ns, Total: 877800 ns
[21.360s][info][gc       ] GC(346) Pause Young (Allocation Failure) 528M->22M(827M) 0.647ms
[21.360s][info][safepoint] Safepoint "ParallelGCFailedAllocation", Time since last: 49812300 ns, Reaching safepoint: 175800 ns, At safepoint: 821200 ns, Total: 997000 ns
[21.409s][info][gc       ] GC(347) Pause Young (Allocation Failure) 507M->22M(923M) 0.840ms
[21.409s][info][safepoint] Safepoint "ParallelGCFailedAllocation", Time since last: 47456300 ns, Reaching safepoint: 203000 ns, At safepoint: 922400 ns, Total: 1125400 ns
[21.466s][info][gc       ] GC(348) Pause Young (Allocation Failure) 605M->23M(902M) 0.334ms
[21.466s][info][safepoint] Safepoint "ParallelGCFailedAllocation", Time since last: 57014800 ns, Reaching safepoint: 199700 ns, At safepoint: 430800 ns, Total: 630500 ns
[21.523s][info][gc       ] GC(349) Pause Young (Allocation Failure) 582M->23M(877M) 0.416ms
[21.523s][info][safepoint] Safepoint "ParallelGCFailedAllocation", Time since last: 56005300 ns, Reaching safepoint: 162200 ns, At safepoint: 508800 ns, Total: 671000 ns
[21.576s][info][gc       ] GC(350) Pause Young (Allocation Failure) 560M->23M(856M) 0.461ms
[21.576s][info][safepoint] Safepoint "ParallelGCFailedAllocation", Time since last: 52617800 ns, Reaching safepoint: 139900 ns, At safepoint: 530200 ns, Total: 670100 ns
[21.628s][info][gc       ] GC(351) Pause Young (Allocation Failure) 538M->24M(836M) 0.464ms
[21.628s][info][safepoint] Safepoint "ParallelGCFailedAllocation", Time since last: 51192700 ns, Reaching safepoint: 181500 ns, At safepoint: 560800 ns, Total: 742300 ns
[21.678s][info][gc       ] GC(352) Pause Young (Allocation Failure) 519M->24M(817M) 0.427ms
[21.678s][info][safepoint] Safepoint "ParallelGCFailedAllocation", Time since last: 49402500 ns, Reaching safepoint: 185400 ns, At safepoint: 536800 ns, Total: 722200 ns
[21.728s][info][gc       ] GC(353) Pause Young (Allocation Failure) 499M->24M(797M) 0.741ms
[21.728s][info][safepoint] Safepoint "ParallelGCFailedAllocation", Time since last: 48361500 ns, Reaching safepoint: 186800 ns, At safepoint: 829300 ns, Total: 1016100 ns
[21.773s][info][gc       ] GC(354) Pause Young (Allocation Failure) 480M->24M(781M) 0.602ms
[21.774s][info][safepoint] Safepoint "ParallelGCFailedAllocation", Time since last: 44832600 ns, Reaching safepoint: 211100 ns, At safepoint: 688400 ns, Total: 899500 ns
[21.819s][info][gc       ] GC(355) Pause Young (Allocation Failure) 464M->24M(764M) 0.483ms
[21.819s][info][safepoint] Safepoint "ParallelGCFailedAllocation", Time since last: 45017700 ns, Reaching safepoint: 207600 ns, At safepoint: 558300 ns, Total: 765900 ns
[21.860s][info][gc       ] GC(356) Pause Young (Allocation Failure) 447M->24M(748M) 0.558ms
[21.860s][info][safepoint] Safepoint "ParallelGCFailedAllocation", Time since last: 40212500 ns, Reaching safepoint: 196400 ns, At safepoint: 632300 ns, Total: 828700 ns
[21.902s][info][gc       ] GC(357) Pause Young (Allocation Failure) 431M->24M(829M) 0.534ms
[21.902s][info][safepoint] Safepoint "ParallelGCFailedAllocation", Time since last: 40520600 ns, Reaching safepoint: 180200 ns, At safepoint: 683200 ns, Total: 863400 ns
[21.952s][info][gc       ] GC(358) Pause Young (Allocation Failure) 512M->24M(810M) 0.549ms
[21.952s][info][safepoint] Safepoint "ParallelGCFailedAllocation", Time since last: 49022900 ns, Reaching safepoint: 198500 ns, At safepoint: 634700 ns, Total: 833200 ns
[21.998s][info][gc       ] GC(359) Pause Young (Allocation Failure) 494M->24M(792M) 0.403ms
[21.998s][info][safepoint] Safepoint "ParallelGCFailedAllocation", Time since last: 45606600 ns, Reaching safepoint: 122300 ns, At safepoint: 472900 ns, Total: 595200 ns
[22.042s][info][gc       ] GC(360) Pause Young (Allocation Failure) 476M->24M(774M) 0.504ms
[22.042s][info][safepoint] Safepoint "ParallelGCFailedAllocation", Time since last: 43876200 ns, Reaching safepoint: 121800 ns, At safepoint: 574600 ns, Total: 696400 ns
[22.086s][info][gc       ] GC(361) Pause Young (Allocation Failure) 456M->24M(758M) 0.463ms
[22.086s][info][safepoint] Safepoint "ParallelGCFailedAllocation", Time since last: 42519900 ns, Reaching safepoint: 164200 ns, At safepoint: 551600 ns, Total: 715800 ns
[22.129s][info][gc       ] GC(362) Pause Young (Allocation Failure) 440M->24M(742M) 0.525ms
[22.129s][info][safepoint] Safepoint "ParallelGCFailedAllocation", Time since last: 42224600 ns, Reaching safepoint: 210900 ns, At safepoint: 609000 ns, Total: 819900 ns
[22.169s][info][gc       ] GC(363) Pause Young (Allocation Failure) 425M->24M(727M) 0.467ms
[22.169s][info][safepoint] Safepoint "ParallelGCFailedAllocation", Time since last: 39929500 ns, Reaching safepoint: 153500 ns, At safepoint: 562900 ns, Total: 716400 ns
[22.208s][info][gc       ] GC(364) Pause Young (Allocation Failure) 410M->24M(713M) 0.498ms
[22.208s][info][safepoint] Safepoint "ParallelGCFailedAllocation", Time since last: 37802200 ns, Reaching safepoint: 207800 ns, At safepoint: 574000 ns, Total: 781800 ns
[22.245s][info][gc       ] GC(365) Pause Young (Allocation Failure) 396M->24M(787M) 0.574ms
[22.245s][info][safepoint] Safepoint "ParallelGCFailedAllocation", Time since last: 36448600 ns, Reaching safepoint: 166600 ns, At safepoint: 661900 ns, Total: 828500 ns
[22.290s][info][gc       ] GC(366) Pause Young (Allocation Failure) 470M->24M(877M) 0.528ms
[22.290s][info][safepoint] Safepoint "ParallelGCFailedAllocation", Time since last: 44023400 ns, Reaching safepoint: 194000 ns, At safepoint: 607100 ns, Total: 801100 ns
[22.344s][info][gc       ] GC(367) Pause Young (Allocation Failure) 560M->24M(854M) 0.479ms
[22.344s][info][safepoint] Safepoint "ParallelGCFailedAllocation", Time since last: 53317100 ns, Reaching safepoint: 137100 ns, At safepoint: 561900 ns, Total: 699000 ns
[22.395s][info][gc       ] GC(368) Pause Young (Allocation Failure) 537M->24M(835M) 0.462ms
[22.395s][info][safepoint] Safepoint "ParallelGCFailedAllocation", Time since last: 50111900 ns, Reaching safepoint: 213800 ns, At safepoint: 541700 ns, Total: 755500 ns
[22.445s][info][gc       ] GC(369) Pause Young (Allocation Failure) 518M->24M(815M) 0.579ms
[22.445s][info][safepoint] Safepoint "ParallelGCFailedAllocation", Time since last: 49185600 ns, Reaching safepoint: 175400 ns, At safepoint: 674000 ns, Total: 849400 ns
[22.493s][info][gc       ] GC(370) Pause Young (Allocation Failure) 499M->24M(796M) 0.412ms
[22.494s][info][safepoint] Safepoint "ParallelGCFailedAllocation", Time since last: 47878400 ns, Reaching safepoint: 181500 ns, At safepoint: 536300 ns, Total: 717800 ns
[22.540s][info][gc       ] GC(371) Pause Young (Allocation Failure) 478M->24M(779M) 0.538ms
[22.540s][info][safepoint] Safepoint "ParallelGCFailedAllocation", Time since last: 45549400 ns, Reaching safepoint: 196000 ns, At safepoint: 620900 ns, Total: 816900 ns
[22.583s][info][gc       ] GC(372) Pause Young (Allocation Failure) 463M->24M(762M) 0.557ms
[22.583s][info][safepoint] Safepoint "ParallelGCFailedAllocation", Time since last: 42711800 ns, Reaching safepoint: 208700 ns, At safepoint: 636100 ns, Total: 844800 ns
[22.625s][info][gc       ] GC(373) Pause Young (Allocation Failure) 445M->24M(746M) 0.563ms
[22.625s][info][safepoint] Safepoint "ParallelGCFailedAllocation", Time since last: 40631000 ns, Reaching safepoint: 166600 ns, At safepoint: 710200 ns, Total: 876800 ns
[22.665s][info][gc       ] GC(374) Pause Young (Allocation Failure) 430M->24M(828M) 0.694ms
[22.666s][info][safepoint] Safepoint "ParallelGCFailedAllocation", Time since last: 39627600 ns, Reaching safepoint: 188800 ns, At safepoint: 780800 ns, Total: 969600 ns
[22.715s][info][gc       ] GC(375) Pause Young (Allocation Failure) 511M->24M(924M) 0.743ms
[22.715s][info][safepoint] Safepoint "ParallelGCFailedAllocation", Time since last: 48400800 ns, Reaching safepoint: 173900 ns, At safepoint: 828200 ns, Total: 1002100 ns
[22.776s][info][gc       ] GC(376) Pause Young (Allocation Failure) 608M->25M(1043M) 0.327ms
[22.776s][info][safepoint] Safepoint "ParallelGCFailedAllocation", Time since last: 60270000 ns, Reaching safepoint: 186900 ns, At safepoint: 421900 ns, Total: 608800 ns
[22.849s][info][gc       ] GC(377) Pause Young (Allocation Failure) 727M->26M(1013M) 0.565ms
[22.849s][info][safepoint] Safepoint "ParallelGCFailedAllocation", Time since last: 72120900 ns, Reaching safepoint: 143100 ns, At safepoint: 665000 ns, Total: 808100 ns
[22.915s][info][gc       ] GC(378) Pause Young (Allocation Failure) 697M->26M(985M) 0.609ms
[22.915s][info][safepoint] Safepoint "ParallelGCFailedAllocation", Time since last: 65507900 ns, Reaching safepoint: 207000 ns, At safepoint: 687500 ns, Total: 894500 ns
[22.980s][info][gc       ] GC(379) Pause Young (Allocation Failure) 670M->25M(957M) 0.539ms
[22.980s][info][safepoint] Safepoint "ParallelGCFailedAllocation", Time since last: 64347400 ns, Reaching safepoint: 225100 ns, At safepoint: 660500 ns, Total: 885600 ns
[23.041s][info][gc       ] GC(380) Pause Young (Allocation Failure) 642M->25M(932M) 0.644ms
[23.042s][info][safepoint] Safepoint "ParallelGCFailedAllocation", Time since last: 60046700 ns, Reaching safepoint: 99100 ns, At safepoint: 1041200 ns, Total: 1140300 ns
[23.100s][info][gc       ] GC(381) Pause Young (Allocation Failure) 617M->26M(909M) 0.528ms
[23.100s][info][safepoint] Safepoint "ParallelGCFailedAllocation", Time since last: 57813500 ns, Reaching safepoint: 197100 ns, At safepoint: 605900 ns, Total: 803000 ns
[23.156s][info][gc       ] GC(382) Pause Young (Allocation Failure) 594M->26M(886M) 0.556ms
[23.156s][info][safepoint] Safepoint "ParallelGCFailedAllocation", Time since last: 55198300 ns, Reaching safepoint: 168000 ns, At safepoint: 650300 ns, Total: 818300 ns
[23.210s][info][gc       ] GC(383) Pause Young (Allocation Failure) 570M->26M(864M) 0.511ms
[23.210s][info][safepoint] Safepoint "ParallelGCFailedAllocation", Time since last: 52827600 ns, Reaching safepoint: 200300 ns, At safepoint: 601200 ns, Total: 801500 ns
[23.261s][info][gc       ] GC(384) Pause Young (Allocation Failure) 548M->26M(843M) 0.460ms
[23.261s][info][safepoint] Safepoint "ParallelGCFailedAllocation", Time since last: 50862000 ns, Reaching safepoint: 192300 ns, At safepoint: 548600 ns, Total: 740900 ns
[23.311s][info][gc       ] GC(385) Pause Young (Allocation Failure) 528M->26M(823M) 0.530ms
[23.311s][info][safepoint] Safepoint "ParallelGCFailedAllocation", Time since last: 49095500 ns, Reaching safepoint: 198300 ns, At safepoint: 609500 ns, Total: 807800 ns
[23.359s][info][gc       ] GC(386) Pause Young (Allocation Failure) 508M->26M(804M) 0.607ms
[23.359s][info][safepoint] Safepoint "ParallelGCFailedAllocation", Time since last: 46451300 ns, Reaching safepoint: 208300 ns, At safepoint: 694200 ns, Total: 902500 ns
[23.405s][info][gc       ] GC(387) Pause Young (Allocation Failure) 489M->26M(786M) 0.505ms
[23.405s][info][safepoint] Safepoint "ParallelGCFailedAllocation", Time since last: 45353600 ns, Reaching safepoint: 204700 ns, At safepoint: 587200 ns, Total: 791900 ns
[23.449s][info][gc       ] GC(388) Pause Young (Allocation Failure) 470M->26M(769M) 0.442ms
[23.449s][info][safepoint] Safepoint "ParallelGCFailedAllocation", Time since last: 43737300 ns, Reaching safepoint: 198400 ns, At safepoint: 536600 ns, Total: 735000 ns
[23.493s][info][gc       ] GC(389) Pause Young (Allocation Failure) 453M->26M(752M) 0.533ms
[23.493s][info][safepoint] Safepoint "ParallelGCFailedAllocation", Time since last: 43382700 ns, Reaching safepoint: 147500 ns, At safepoint: 618900 ns, Total: 766400 ns
[23.534s][info][gc       ] GC(390) Pause Young (Allocation Failure) 436M->26M(737M) 0.579ms
[23.534s][info][safepoint] Safepoint "ParallelGCFailedAllocation", Time since last: 40154500 ns, Reaching safepoint: 186300 ns, At safepoint: 661400 ns, Total: 847700 ns
[23.574s][info][gc       ] GC(391) Pause Young (Allocation Failure) 422M->26M(722M) 0.408ms
[23.574s][info][safepoint] Safepoint "ParallelGCFailedAllocation", Time since last: 39335800 ns, Reaching safepoint: 195700 ns, At safepoint: 489200 ns, Total: 684900 ns
[23.613s][info][gc       ] GC(392) Pause Young (Allocation Failure) 407M->26M(799M) 0.597ms
[23.613s][info][safepoint] Safepoint "ParallelGCFailedAllocation", Time since last: 37768300 ns, Reaching safepoint: 201400 ns, At safepoint: 736200 ns, Total: 937600 ns
[23.658s][info][gc       ] GC(393) Pause Young (Allocation Failure) 483M->25M(780M) 0.487ms
[23.658s][info][safepoint] Safepoint "ParallelGCFailedAllocation", Time since last: 44213600 ns, Reaching safepoint: 201300 ns, At safepoint: 571800 ns, Total: 773100 ns
[23.701s][info][gc       ] GC(394) Pause Young (Allocation Failure) 466M->26M(764M) 0.461ms
[23.701s][info][safepoint] Safepoint "ParallelGCFailedAllocation", Time since last: 42576200 ns, Reaching safepoint: 191100 ns, At safepoint: 542800 ns, Total: 733900 ns
[23.744s][info][gc       ] GC(395) Pause Young (Allocation Failure) 450M->25M(747M) 0.534ms
[23.744s][info][safepoint] Safepoint "ParallelGCFailedAllocation", Time since last: 41622300 ns, Reaching safepoint: 201900 ns, At safepoint: 610300 ns, Total: 812200 ns
[23.785s][info][gc       ] GC(396) Pause Young (Allocation Failure) 432M->25M(732M) 0.430ms
[23.785s][info][safepoint] Safepoint "ParallelGCFailedAllocation", Time since last: 40631700 ns, Reaching safepoint: 183400 ns, At safepoint: 523800 ns, Total: 707200 ns
[23.825s][info][gc       ] GC(397) Pause Young (Allocation Failure) 416M->26M(718M) 0.531ms
[23.825s][info][safepoint] Safepoint "ParallelGCFailedAllocation", Time since last: 39321700 ns, Reaching safepoint: 195400 ns, At safepoint: 630600 ns, Total: 826000 ns
[23.866s][info][gc       ] GC(398) Pause Young (Allocation Failure) 402M->26M(794M) 0.548ms
[23.866s][info][safepoint] Safepoint "ParallelGCFailedAllocation", Time since last: 39339400 ns, Reaching safepoint: 195100 ns, At safepoint: 636200 ns, Total: 831300 ns
[23.913s][info][gc       ] GC(399) Pause Young (Allocation Failure) 479M->25M(775M) 0.553ms
[23.913s][info][safepoint] Safepoint "ParallelGCFailedAllocation", Time since last: 46933700 ns, Reaching safepoint: 253300 ns, At safepoint: 667200 ns, Total: 920500 ns
[23.957s][info][gc       ] GC(400) Pause Young (Allocation Failure) 460M->26M(760M) 0.469ms
[23.957s][info][safepoint] Safepoint "ParallelGCFailedAllocation", Time since last: 43012800 ns, Reaching safepoint: 193100 ns, At safepoint: 559800 ns, Total: 752900 ns
[23.998s][info][gc       ] GC(401) Pause Young (Allocation Failure) 445M->25M(743M) 0.531ms
[23.999s][info][safepoint] Safepoint "ParallelGCFailedAllocation", Time since last: 40537000 ns, Reaching safepoint: 154700 ns, At safepoint: 611900 ns, Total: 766600 ns
[24.038s][info][gc       ] GC(402) Pause Young (Allocation Failure) 428M->25M(824M) 0.644ms
[24.038s][info][safepoint] Safepoint "ParallelGCFailedAllocation", Time since last: 38829900 ns, Reaching safepoint: 152200 ns, At safepoint: 810700 ns, Total: 962900 ns
[24.087s][info][gc       ] GC(403) Pause Young (Allocation Failure) 509M->25M(921M) 0.521ms
[24.087s][info][safepoint] Safepoint "ParallelGCFailedAllocation", Time since last: 47464200 ns, Reaching safepoint: 194800 ns, At safepoint: 613000 ns, Total: 807800 ns
[24.144s][info][gc       ] GC(404) Pause Young (Allocation Failure) 606M->26M(898M) 0.542ms
[24.144s][info][safepoint] Safepoint "ParallelGCFailedAllocation", Time since last: 57056400 ns, Reaching safepoint: 200900 ns, At safepoint: 627900 ns, Total: 828800 ns
[24.200s][info][gc       ] GC(405) Pause Young (Allocation Failure) 583M->26M(876M) 0.557ms
[24.200s][info][safepoint] Safepoint "ParallelGCFailedAllocation", Time since last: 54985200 ns, Reaching safepoint: 208500 ns, At safepoint: 630900 ns, Total: 839400 ns
[24.253s][info][gc       ] GC(406) Pause Young (Allocation Failure) 561M->26M(854M) 0.514ms
[24.253s][info][safepoint] Safepoint "ParallelGCFailedAllocation", Time since last: 52166500 ns, Reaching safepoint: 143400 ns, At safepoint: 612600 ns, Total: 756000 ns
[24.304s][info][gc       ] GC(407) Pause Young (Allocation Failure) 540M->25M(833M) 0.563ms
[24.304s][info][safepoint] Safepoint "ParallelGCFailedAllocation", Time since last: 50275700 ns, Reaching safepoint: 216400 ns, At safepoint: 657400 ns, Total: 873800 ns
[24.355s][info][gc       ] GC(408) Pause Young (Allocation Failure) 518M->26M(814M) 0.600ms
[24.355s][info][safepoint] Safepoint "ParallelGCFailedAllocation", Time since last: 49570000 ns, Reaching safepoint: 134900 ns, At safepoint: 682900 ns, Total: 817800 ns
[24.402s][info][gc       ] GC(409) Pause Young (Allocation Failure) 499M->26M(796M) 0.501ms
[24.402s][info][safepoint] Safepoint "ParallelGCFailedAllocation", Time since last: 46131900 ns, Reaching safepoint: 185900 ns, At safepoint: 595100 ns, Total: 781000 ns
[24.447s][info][gc       ] GC(410) Pause Young (Allocation Failure) 480M->25M(777M) 0.534ms
[24.447s][info][safepoint] Safepoint "ParallelGCFailedAllocation", Time since last: 44967000 ns, Reaching safepoint: 204300 ns, At safepoint: 613800 ns, Total: 818100 ns
[24.491s][info][gc       ] GC(411) Pause Young (Allocation Failure) 463M->26M(866M) 0.660ms
[24.491s][info][safepoint] Safepoint "ParallelGCFailedAllocation", Time since last: 42144300 ns, Reaching safepoint: 231900 ns, At safepoint: 780300 ns, Total: 1012200 ns
[24.544s][info][gc       ] GC(412) Pause Young (Allocation Failure) 551M->25M(970M) 1.078ms
[24.544s][info][safepoint] Safepoint "ParallelGCFailedAllocation", Time since last: 52133500 ns, Reaching safepoint: 312700 ns, At safepoint: 1158200 ns, Total: 1470900 ns
[24.606s][info][gc       ] GC(413) Pause Young (Allocation Failure) 655M->26M(1097M) 0.548ms
[24.606s][info][safepoint] Safepoint "ParallelGCFailedAllocation", Time since last: 61378400 ns, Reaching safepoint: 128800 ns, At safepoint: 641100 ns, Total: 769900 ns
[24.681s][info][gc       ] GC(414) Pause Young (Allocation Failure) 782M->26M(1065M) 0.602ms
[24.681s][info][safepoint] Safepoint "ParallelGCFailedAllocation", Time since last: 73696700 ns, Reaching safepoint: 163600 ns, At safepoint: 680500 ns, Total: 844100 ns
[24.751s][info][gc       ] GC(415) Pause Young (Allocation Failure) 750M->26M(1034M) 0.581ms
[24.751s][info][safepoint] Safepoint "ParallelGCFailedAllocation", Time since last: 69027900 ns, Reaching safepoint: 170500 ns, At safepoint: 657800 ns, Total: 828300 ns
[24.821s][info][gc       ] GC(416) Pause Young (Allocation Failure) 720M->26M(1005M) 0.548ms
[24.821s][info][safepoint] Safepoint "ParallelGCFailedAllocation", Time since last: 69217300 ns, Reaching safepoint: 210000 ns, At safepoint: 628100 ns, Total: 838100 ns
[24.889s][info][gc       ] GC(417) Pause Young (Allocation Failure) 690M->26M(978M) 0.477ms
[24.889s][info][safepoint] Safepoint "ParallelGCFailedAllocation", Time since last: 67713600 ns, Reaching safepoint: 197900 ns, At safepoint: 578800 ns, Total: 776700 ns
[24.956s][info][gc       ] GC(418) Pause Young (Allocation Failure) 663M->25M(950M) 0.537ms
[24.956s][info][safepoint] Safepoint "ParallelGCFailedAllocation", Time since last: 65876600 ns, Reaching safepoint: 208800 ns, At safepoint: 622600 ns, Total: 831400 ns
[25.017s][info][gc       ] GC(419) Pause Young (Allocation Failure) 634M->26M(926M) 0.477ms
[25.017s][info][safepoint] Safepoint "ParallelGCFailedAllocation", Time since last: 60490400 ns, Reaching safepoint: 201400 ns, At safepoint: 565800 ns, Total: 767200 ns
[25.076s][info][gc       ] GC(420) Pause Young (Allocation Failure) 610M->26M(902M) 0.511ms
[25.076s][info][safepoint] Safepoint "ParallelGCFailedAllocation", Time since last: 57752700 ns, Reaching safepoint: 139800 ns, At safepoint: 600300 ns, Total: 740100 ns
[25.132s][info][gc       ] GC(421) Pause Young (Allocation Failure) 586M->26M(880M) 0.390ms
[25.132s][info][safepoint] Safepoint "ParallelGCFailedAllocation", Time since last: 55453400 ns, Reaching safepoint: 139100 ns, At safepoint: 458600 ns, Total: 597700 ns
[25.185s][info][gc       ] GC(422) Pause Young (Allocation Failure) 565M->26M(858M) 0.460ms
[25.185s][info][safepoint] Safepoint "ParallelGCFailedAllocation", Time since last: 52978000 ns, Reaching safepoint: 186700 ns, At safepoint: 537300 ns, Total: 724000 ns
[25.239s][info][gc       ] GC(423) Pause Young (Allocation Failure) 543M->26M(838M) 0.475ms
[25.239s][info][safepoint] Safepoint "ParallelGCFailedAllocation", Time since last: 52579300 ns, Reaching safepoint: 133300 ns, At safepoint: 553100 ns, Total: 686400 ns
[25.288s][info][gc       ] GC(424) Pause Young (Allocation Failure) 522M->26M(818M) 0.528ms
[25.288s][info][safepoint] Safepoint "ParallelGCFailedAllocation", Time since last: 48571200 ns, Reaching safepoint: 133200 ns, At safepoint: 612300 ns, Total: 745500 ns
[25.336s][info][gc       ] GC(425) Pause Young (Allocation Failure) 504M->25M(799M) 0.482ms
[25.336s][info][safepoint] Safepoint "ParallelGCFailedAllocation", Time since last: 47242800 ns, Reaching safepoint: 199500 ns, At safepoint: 564900 ns, Total: 764400 ns
[25.382s][info][gc       ] GC(426) Pause Young (Allocation Failure) 484M->26M(782M) 0.413ms
[25.382s][info][safepoint] Safepoint "ParallelGCFailedAllocation", Time since last: 45078200 ns, Reaching safepoint: 138000 ns, At safepoint: 489200 ns, Total: 627200 ns
[25.426s][info][gc       ] GC(427) Pause Young (Allocation Failure) 467M->26M(765M) 0.494ms
[25.426s][info][safepoint] Safepoint "ParallelGCFailedAllocation", Time since last: 43395300 ns, Reaching safepoint: 203100 ns, At safepoint: 571900 ns, Total: 775000 ns
[25.469s][info][gc       ] GC(428) Pause Young (Allocation Failure) 449M->26M(749M) 0.472ms
[25.469s][info][safepoint] Safepoint "ParallelGCFailedAllocation", Time since last: 42553200 ns, Reaching safepoint: 227400 ns, At safepoint: 598800 ns, Total: 826200 ns
[25.511s][info][gc       ] GC(429) Pause Young (Allocation Failure) 434M->26M(734M) 0.412ms
[25.511s][info][safepoint] Safepoint "ParallelGCFailedAllocation", Time since last: 41238700 ns, Reaching safepoint: 196400 ns, At safepoint: 495500 ns, Total: 691900 ns
[25.555s][info][gc       ] GC(430) Pause Young (Allocation Failure) 419M->25M(718M) 0.477ms
[25.555s][info][safepoint] Safepoint "ParallelGCFailedAllocation", Time since last: 42540100 ns, Reaching safepoint: 194800 ns, At safepoint: 560200 ns, Total: 755000 ns
[25.593s][info][gc       ] GC(431) Pause Young (Allocation Failure) 403M->26M(705M) 0.599ms
[25.593s][info][safepoint] Safepoint "ParallelGCFailedAllocation", Time since last: 37898100 ns, Reaching safepoint: 230600 ns, At safepoint: 692500 ns, Total: 923100 ns
[25.631s][info][gc       ] GC(432) Pause Young (Allocation Failure) 389M->26M(778M) 0.559ms
[25.631s][info][safepoint] Safepoint "ParallelGCFailedAllocation", Time since last: 36629400 ns, Reaching safepoint: 185800 ns, At safepoint: 642500 ns, Total: 828300 ns
[25.676s][info][gc       ] GC(433) Pause Young (Allocation Failure) 463M->25M(865M) 0.563ms
[25.676s][info][safepoint] Safepoint "ParallelGCFailedAllocation", Time since last: 44128700 ns, Reaching safepoint: 206800 ns, At safepoint: 652500 ns, Total: 859300 ns
[25.729s][info][gc       ] GC(434) Pause Young (Allocation Failure) 550M->26M(845M) 0.436ms
[25.729s][info][safepoint] Safepoint "ParallelGCFailedAllocation", Time since last: 52337000 ns, Reaching safepoint: 133400 ns, At safepoint: 507400 ns, Total: 640800 ns
[25.781s][info][gc       ] GC(435) Pause Young (Allocation Failure) 529M->26M(825M) 0.464ms
[25.781s][info][safepoint] Safepoint "ParallelGCFailedAllocation", Time since last: 51415100 ns, Reaching safepoint: 209900 ns, At safepoint: 540100 ns, Total: 750000 ns
[25.830s][info][gc       ] GC(436) Pause Young (Allocation Failure) 509M->26M(806M) 0.558ms
[25.831s][info][safepoint] Safepoint "ParallelGCFailedAllocation", Time since last: 48620500 ns, Reaching safepoint: 202700 ns, At safepoint: 698700 ns, Total: 901400 ns
[25.877s][info][gc       ] GC(437) Pause Young (Allocation Failure) 491M->26M(788M) 0.474ms
[25.877s][info][safepoint] Safepoint "ParallelGCFailedAllocation", Time since last: 45390300 ns, Reaching safepoint: 190000 ns, At safepoint: 577100 ns, Total: 767100 ns
[25.922s][info][gc       ] GC(438) Pause Young (Allocation Failure) 472M->26M(771M) 0.447ms
[25.922s][info][safepoint] Safepoint "ParallelGCFailedAllocation", Time since last: 44835800 ns, Reaching safepoint: 176900 ns, At safepoint: 617300 ns, Total: 794200 ns
[25.967s][info][gc       ] GC(439) Pause Young (Allocation Failure) 455M->26M(754M) 0.523ms
[25.967s][info][safepoint] Safepoint "ParallelGCFailedAllocation", Time since last: 44196100 ns, Reaching safepoint: 178700 ns, At safepoint: 615200 ns, Total: 793900 ns
[26.009s][info][gc       ] GC(440) Pause Young (Allocation Failure) 438M->26M(739M) 0.561ms
[26.009s][info][safepoint] Safepoint "ParallelGCFailedAllocation", Time since last: 41174300 ns, Reaching safepoint: 184800 ns, At safepoint: 650500 ns, Total: 835300 ns
[26.050s][info][gc       ] GC(441) Pause Young (Allocation Failure) 423M->26M(724M) 0.366ms
[26.050s][info][safepoint] Safepoint "ParallelGCFailedAllocation", Time since last: 40077100 ns, Reaching safepoint: 157000 ns, At safepoint: 432000 ns, Total: 589000 ns
[26.088s][info][gc       ] GC(442) Pause Young (Allocation Failure) 409M->26M(710M) 0.479ms
[26.088s][info][safepoint] Safepoint "ParallelGCFailedAllocation", Time since last: 37493200 ns, Reaching safepoint: 187700 ns, At safepoint: 549900 ns, Total: 737600 ns
[26.125s][info][gc       ] GC(443) Pause Young (Allocation Failure) 395M->26M(783M) 0.610ms
[26.125s][info][safepoint] Safepoint "ParallelGCFailedAllocation", Time since last: 36239500 ns, Reaching safepoint: 124300 ns, At safepoint: 705900 ns, Total: 830200 ns
[26.170s][info][gc       ] GC(444) Pause Young (Allocation Failure) 468M->27M(873M) 0.437ms
[26.170s][info][safepoint] Safepoint "ParallelGCFailedAllocation", Time since last: 43692100 ns, Reaching safepoint: 139900 ns, At safepoint: 499600 ns, Total: 639500 ns
[26.224s][info][gc       ] GC(445) Pause Young (Allocation Failure) 558M->27M(852M) 0.540ms
[26.224s][info][safepoint] Safepoint "ParallelGCFailedAllocation", Time since last: 53388800 ns, Reaching safepoint: 199100 ns, At safepoint: 632000 ns, Total: 831100 ns
[26.276s][info][gc       ] GC(446) Pause Young (Allocation Failure) 538M->27M(832M) 0.509ms
[26.276s][info][safepoint] Safepoint "ParallelGCFailedAllocation", Time since last: 51133900 ns, Reaching safepoint: 176800 ns, At safepoint: 588100 ns, Total: 764900 ns
[26.325s][info][gc       ] GC(447) Pause Young (Allocation Failure) 518M->26M(811M) 0.443ms
[26.325s][info][safepoint] Safepoint "ParallelGCFailedAllocation", Time since last: 48897400 ns, Reaching safepoint: 199700 ns, At safepoint: 531800 ns, Total: 731500 ns
[26.372s][info][gc       ] GC(448) Pause Young (Allocation Failure) 497M->27M(794M) 0.494ms
[26.372s][info][safepoint] Safepoint "ParallelGCFailedAllocation", Time since last: 46004800 ns, Reaching safepoint: 188000 ns, At safepoint: 584500 ns, Total: 772500 ns
[26.418s][info][gc       ] GC(449) Pause Young (Allocation Failure) 479M->27M(776M) 0.525ms
[26.418s][info][safepoint] Safepoint "ParallelGCFailedAllocation", Time since last: 44888000 ns, Reaching safepoint: 202100 ns, At safepoint: 603800 ns, Total: 805900 ns
[26.463s][info][gc       ] GC(450) Pause Young (Allocation Failure) 462M->27M(864M) 0.681ms
[26.463s][info][safepoint] Safepoint "ParallelGCFailedAllocation", Time since last: 44683000 ns, Reaching safepoint: 181200 ns, At safepoint: 789300 ns, Total: 970500 ns
[26.517s][info][gc       ] GC(451) Pause Young (Allocation Failure) 550M->27M(843M) 0.511ms
[26.517s][info][safepoint] Safepoint "ParallelGCFailedAllocation", Time since last: 53056100 ns, Reaching safepoint: 145300 ns, At safepoint: 597100 ns, Total: 742400 ns
[26.568s][info][gc       ] GC(452) Pause Young (Allocation Failure) 528M->27M(823M) 0.608ms
[26.568s][info][safepoint] Safepoint "ParallelGCFailedAllocation", Time since last: 49792500 ns, Reaching safepoint: 201200 ns, At safepoint: 688700 ns, Total: 889900 ns
[26.617s][info][gc       ] GC(453) Pause Young (Allocation Failure) 508M->27M(918M) 0.716ms
[26.617s][info][safepoint] Safepoint "ParallelGCFailedAllocation", Time since last: 48484500 ns, Reaching safepoint: 177700 ns, At safepoint: 846800 ns, Total: 1024500 ns
[26.676s][info][gc       ] GC(454) Pause Young (Allocation Failure) 605M->28M(896M) 0.519ms
[26.676s][info][safepoint] Safepoint "ParallelGCFailedAllocation", Time since last: 58215300 ns, Reaching safepoint: 157800 ns, At safepoint: 611600 ns, Total: 769400 ns
[26.732s][info][gc       ] GC(455) Pause Young (Allocation Failure) 583M->28M(873M) 0.592ms
[26.732s][info][safepoint] Safepoint "ParallelGCFailedAllocation", Time since last: 54687500 ns, Reaching safepoint: 133800 ns, At safepoint: 669400 ns, Total: 803200 ns
[26.785s][info][gc       ] GC(456) Pause Young (Allocation Failure) 559M->28M(852M) 0.516ms
[26.785s][info][safepoint] Safepoint "ParallelGCFailedAllocation", Time since last: 51889800 ns, Reaching safepoint: 178200 ns, At safepoint: 611300 ns, Total: 789500 ns
[26.836s][info][gc       ] GC(457) Pause Young (Allocation Failure) 539M->28M(832M) 0.509ms
[26.836s][info][safepoint] Safepoint "ParallelGCFailedAllocation", Time since last: 50997100 ns, Reaching safepoint: 135800 ns, At safepoint: 585200 ns, Total: 721000 ns
[26.886s][info][gc       ] GC(458) Pause Young (Allocation Failure) 519M->28M(813M) 0.548ms
[26.886s][info][safepoint] Safepoint "ParallelGCFailedAllocation", Time since last: 49041800 ns, Reaching safepoint: 197100 ns, At safepoint: 624400 ns, Total: 821500 ns
[26.934s][info][gc       ] GC(459) Pause Young (Allocation Failure) 500M->27M(793M) 0.379ms
[26.934s][info][safepoint] Safepoint "ParallelGCFailedAllocation", Time since last: 47008400 ns, Reaching safepoint: 209700 ns, At safepoint: 456500 ns, Total: 666200 ns
[26.981s][info][gc       ] GC(460) Pause Young (Allocation Failure) 480M->27M(776M) 0.454ms
[26.981s][info][safepoint] Safepoint "ParallelGCFailedAllocation", Time since last: 46535800 ns, Reaching safepoint: 178900 ns, At safepoint: 536900 ns, Total: 715800 ns
[27.025s][info][gc       ] GC(461) Pause Young (Allocation Failure) 462M->28M(760M) 0.471ms
[27.025s][info][safepoint] Safepoint "ParallelGCFailedAllocation", Time since last: 42867500 ns, Reaching safepoint: 174700 ns, At safepoint: 555100 ns, Total: 729800 ns
[27.067s][info][gc       ] GC(462) Pause Young (Allocation Failure) 447M->27M(743M) 0.496ms
[27.067s][info][safepoint] Safepoint "ParallelGCFailedAllocation", Time since last: 41916200 ns, Reaching safepoint: 193300 ns, At safepoint: 572900 ns, Total: 766200 ns
[27.108s][info][gc       ] GC(463) Pause Young (Allocation Failure) 429M->28M(729M) 0.525ms
[27.108s][info][safepoint] Safepoint "ParallelGCFailedAllocation", Time since last: 39921400 ns, Reaching safepoint: 194300 ns, At safepoint: 601600 ns, Total: 795900 ns
[27.148s][info][gc       ] GC(464) Pause Young (Allocation Failure) 416M->28M(807M) 0.584ms
[27.148s][info][safepoint] Safepoint "ParallelGCFailedAllocation", Time since last: 39040300 ns, Reaching safepoint: 204200 ns, At safepoint: 662600 ns, Total: 866800 ns
[27.195s][info][gc       ] GC(465) Pause Young (Allocation Failure) 494M->28M(789M) 0.450ms
[27.195s][info][safepoint] Safepoint "ParallelGCFailedAllocation", Time since last: 46275700 ns, Reaching safepoint: 136200 ns, At safepoint: 548000 ns, Total: 684200 ns
[27.241s][info][gc       ] GC(466) Pause Young (Allocation Failure) 476M->27M(771M) 0.563ms
[27.241s][info][safepoint] Safepoint "ParallelGCFailedAllocation", Time since last: 45039200 ns, Reaching safepoint: 178500 ns, At safepoint: 661700 ns, Total: 840200 ns
[27.285s][info][gc       ] GC(467) Pause Young (Allocation Failure) 459M->28M(756M) 0.533ms
[27.285s][info][safepoint] Safepoint "ParallelGCFailedAllocation", Time since last: 43182400 ns, Reaching safepoint: 132100 ns, At safepoint: 610500 ns, Total: 742600 ns
[27.326s][info][gc       ] GC(468) Pause Young (Allocation Failure) 443M->28M(740M) 0.497ms
[27.327s][info][safepoint] Safepoint "ParallelGCFailedAllocation", Time since last: 40969500 ns, Reaching safepoint: 194900 ns, At safepoint: 582100 ns, Total: 777000 ns
[27.368s][info][gc       ] GC(469) Pause Young (Allocation Failure) 428M->28M(820M) 0.567ms
[27.369s][info][safepoint] Safepoint "ParallelGCFailedAllocation", Time since last: 41120200 ns, Reaching safepoint: 216400 ns, At safepoint: 648700 ns, Total: 865100 ns
[27.417s][info][gc       ] GC(470) Pause Young (Allocation Failure) 507M->28M(916M) 0.537ms
[27.417s][info][safepoint] Safepoint "ParallelGCFailedAllocation", Time since last: 47439300 ns, Reaching safepoint: 136100 ns, At safepoint: 611600 ns, Total: 747700 ns
[27.474s][info][gc       ] GC(471) Pause Young (Allocation Failure) 604M->28M(893M) 0.376ms
[27.474s][info][safepoint] Safepoint "ParallelGCFailedAllocation", Time since last: 56633000 ns, Reaching safepoint: 109900 ns, At safepoint: 483400 ns, Total: 593300 ns
[27.528s][info][gc       ] GC(472) Pause Young (Allocation Failure) 580M->28M(871M) 0.539ms
[27.528s][info][safepoint] Safepoint "ParallelGCFailedAllocation", Time since last: 53370600 ns, Reaching safepoint: 187200 ns, At safepoint: 628100 ns, Total: 815300 ns
[27.580s][info][gc       ] GC(473) Pause Young (Allocation Failure) 558M->28M(850M) 0.689ms
[27.580s][info][safepoint] Safepoint "ParallelGCFailedAllocation", Time since last: 51060900 ns, Reaching safepoint: 218900 ns, At safepoint: 785600 ns, Total: 1004500 ns
[27.633s][info][gc       ] GC(474) Pause Young (Allocation Failure) 536M->27M(829M) 0.466ms
[27.633s][info][safepoint] Safepoint "ParallelGCFailedAllocation", Time since last: 52309300 ns, Reaching safepoint: 233400 ns, At safepoint: 544000 ns, Total: 777400 ns
[27.682s][info][gc       ] GC(475) Pause Young (Allocation Failure) 516M->27M(810M) 0.442ms
[27.682s][info][safepoint] Safepoint "ParallelGCFailedAllocation", Time since last: 47900300 ns, Reaching safepoint: 184700 ns, At safepoint: 521700 ns, Total: 706400 ns
[27.729s][info][gc       ] GC(476) Pause Young (Allocation Failure) 497M->28M(792M) 0.519ms
[27.729s][info][safepoint] Safepoint "ParallelGCFailedAllocation", Time since last: 46235800 ns, Reaching safepoint: 144100 ns, At safepoint: 607900 ns, Total: 752000 ns
[27.773s][info][gc       ] GC(477) Pause Young (Allocation Failure) 478M->28M(775M) 0.405ms
[27.773s][info][safepoint] Safepoint "ParallelGCFailedAllocation", Time since last: 43837900 ns, Reaching safepoint: 133000 ns, At safepoint: 488700 ns, Total: 621700 ns
[27.818s][info][gc       ] GC(478) Pause Young (Allocation Failure) 462M->28M(758M) 0.736ms
[27.818s][info][safepoint] Safepoint "ParallelGCFailedAllocation", Time since last: 43865200 ns, Reaching safepoint: 195200 ns, At safepoint: 949800 ns, Total: 1145000 ns
[27.860s][info][gc       ] GC(479) Pause Young (Allocation Failure) 445M->28M(742M) 0.500ms
[27.860s][info][safepoint] Safepoint "ParallelGCFailedAllocation", Time since last: 41271800 ns, Reaching safepoint: 192500 ns, At safepoint: 598500 ns, Total: 791000 ns
[27.900s][info][gc       ] GC(480) Pause Young (Allocation Failure) 430M->28M(727M) 0.457ms
[27.900s][info][safepoint] Safepoint "ParallelGCFailedAllocation", Time since last: 38765200 ns, Reaching safepoint: 177000 ns, At safepoint: 554800 ns, Total: 731800 ns
[27.938s][info][gc       ] GC(481) Pause Young (Allocation Failure) 415M->28M(713M) 0.420ms
[27.938s][info][safepoint] Safepoint "ParallelGCFailedAllocation", Time since last: 37301200 ns, Reaching safepoint: 178300 ns, At safepoint: 505800 ns, Total: 684100 ns
[27.977s][info][gc       ] GC(482) Pause Young (Allocation Failure) 400M->28M(699M) 0.522ms
[27.977s][info][safepoint] Safepoint "ParallelGCFailedAllocation", Time since last: 38067900 ns, Reaching safepoint: 224300 ns, At safepoint: 609800 ns, Total: 834100 ns
[28.014s][info][gc       ] GC(483) Pause Young (Allocation Failure) 387M->28M(771M) 0.470ms
[28.014s][info][safepoint] Safepoint "ParallelGCFailedAllocation", Time since last: 36948300 ns, Reaching safepoint: 191000 ns, At safepoint: 558000 ns, Total: 749000 ns
[28.059s][info][gc       ] GC(484) Pause Young (Allocation Failure) 458M->28M(858M) 0.558ms
[28.059s][info][safepoint] Safepoint "ParallelGCFailedAllocation", Time since last: 43293300 ns, Reaching safepoint: 180700 ns, At safepoint: 647700 ns, Total: 828400 ns
[28.111s][info][gc       ] GC(485) Pause Young (Allocation Failure) 544M->28M(837M) 0.405ms
[28.111s][info][safepoint] Safepoint "ParallelGCFailedAllocation", Time since last: 51935500 ns, Reaching safepoint: 186700 ns, At safepoint: 496600 ns, Total: 683300 ns
[28.165s][info][gc       ] GC(486) Pause Young (Allocation Failure) 524M->27M(817M) 0.539ms
[28.165s][info][safepoint] Safepoint "ParallelGCFailedAllocation", Time since last: 52639300 ns, Reaching safepoint: 171500 ns, At safepoint: 631600 ns, Total: 803100 ns
[28.217s][info][gc       ] GC(487) Pause Young (Allocation Failure) 503M->28M(799M) 0.404ms
[28.217s][info][safepoint] Safepoint "ParallelGCFailedAllocation", Time since last: 51897600 ns, Reaching safepoint: 128700 ns, At safepoint: 492100 ns, Total: 620800 ns
[28.266s][info][gc       ] GC(488) Pause Young (Allocation Failure) 486M->28M(782M) 0.657ms
[28.266s][info][safepoint] Safepoint "ParallelGCFailedAllocation", Time since last: 48204200 ns, Reaching safepoint: 128500 ns, At safepoint: 739300 ns, Total: 867800 ns
[28.312s][info][gc       ] GC(489) Pause Young (Allocation Failure) 469M->28M(765M) 0.627ms
[28.312s][info][safepoint] Safepoint "ParallelGCFailedAllocation", Time since last: 44414800 ns, Reaching safepoint: 248200 ns, At safepoint: 713300 ns, Total: 961500 ns
[28.357s][info][gc       ] GC(490) Pause Young (Allocation Failure) 451M->27M(748M) 0.607ms
[28.357s][info][safepoint] Safepoint "ParallelGCFailedAllocation", Time since last: 44506900 ns, Reaching safepoint: 192900 ns, At safepoint: 715800 ns, Total: 908700 ns
[28.399s][info][gc       ] GC(491) Pause Young (Allocation Failure) 435M->28M(733M) 0.501ms
[28.399s][info][safepoint] Safepoint "ParallelGCFailedAllocation", Time since last: 41089700 ns, Reaching safepoint: 218700 ns, At safepoint: 574200 ns, Total: 792900 ns
[28.437s][info][gc       ] GC(492) Pause Young (Allocation Failure) 420M->28M(719M) 0.473ms
[28.438s][info][safepoint] Safepoint "ParallelGCFailedAllocation", Time since last: 37863700 ns, Reaching safepoint: 192000 ns, At safepoint: 556800 ns, Total: 748800 ns
[28.474s][info][gc       ] GC(493) Pause Young (Allocation Failure) 405M->28M(795M) 0.500ms
[28.474s][info][safepoint] Safepoint "ParallelGCFailedAllocation", Time since last: 36111200 ns, Reaching safepoint: 191000 ns, At safepoint: 588200 ns, Total: 779200 ns
[28.520s][info][gc       ] GC(494) Pause Young (Allocation Failure) 482M->28M(777M) 0.454ms
[28.520s][info][safepoint] Safepoint "ParallelGCFailedAllocation", Time since last: 44656200 ns, Reaching safepoint: 140800 ns, At safepoint: 606900 ns, Total: 747700 ns
[28.564s][info][gc       ] GC(495) Pause Young (Allocation Failure) 465M->27M(760M) 0.507ms
[28.564s][info][safepoint] Safepoint "ParallelGCFailedAllocation", Time since last: 43110600 ns, Reaching safepoint: 215500 ns, At safepoint: 596000 ns, Total: 811500 ns
[28.607s][info][gc       ] GC(496) Pause Young (Allocation Failure) 446M->28M(845M) 0.593ms
[28.607s][info][safepoint] Safepoint "ParallelGCFailedAllocation", Time since last: 42240000 ns, Reaching safepoint: 196700 ns, At safepoint: 759100 ns, Total: 955800 ns
[28.657s][info][gc       ] GC(497) Pause Young (Allocation Failure) 531M->28M(825M) 0.513ms
[28.657s][info][safepoint] Safepoint "ParallelGCFailedAllocation", Time since last: 49518600 ns, Reaching safepoint: 139600 ns, At safepoint: 644100 ns, Total: 783700 ns
[28.705s][info][gc       ] GC(498) Pause Young (Allocation Failure) 512M->28M(806M) 0.587ms
[28.705s][info][safepoint] Safepoint "ParallelGCFailedAllocation", Time since last: 47192000 ns, Reaching safepoint: 127900 ns, At safepoint: 665000 ns, Total: 792900 ns
[28.752s][info][gc       ] GC(499) Pause Young (Allocation Failure) 492M->28M(788M) 0.502ms
[28.752s][info][safepoint] Safepoint "ParallelGCFailedAllocation", Time since last: 45883800 ns, Reaching safepoint: 193100 ns, At safepoint: 593000 ns, Total: 786100 ns
[28.796s][info][gc       ] GC(500) Pause Young (Allocation Failure) 474M->28M(771M) 0.492ms
[28.796s][info][safepoint] Safepoint "ParallelGCFailedAllocation", Time since last: 42995700 ns, Reaching safepoint: 190800 ns, At safepoint: 582600 ns, Total: 773400 ns
[28.839s][info][gc       ] GC(501) Pause Young (Allocation Failure) 458M->28M(857M) 0.554ms
[28.839s][info][safepoint] Safepoint "ParallelGCFailedAllocation", Time since last: 42376800 ns, Reaching safepoint: 199400 ns, At safepoint: 640800 ns, Total: 840200 ns
[28.890s][info][gc       ] GC(502) Pause Young (Allocation Failure) 543M->28M(960M) 0.622ms
[28.890s][info][safepoint] Safepoint "ParallelGCFailedAllocation", Time since last: 50644900 ns, Reaching safepoint: 215900 ns, At safepoint: 696500 ns, Total: 912400 ns
[28.953s][info][gc       ] GC(503) Pause Young (Allocation Failure) 646M->28M(935M) 0.549ms
[28.953s][info][safepoint] Safepoint "ParallelGCFailedAllocation", Time since last: 61643200 ns, Reaching safepoint: 185000 ns, At safepoint: 701700 ns, Total: 886700 ns
[29.015s][info][gc       ] GC(504) Pause Young (Allocation Failure) 621M->28M(911M) 0.448ms
[29.015s][info][safepoint] Safepoint "ParallelGCFailedAllocation", Time since last: 60932000 ns, Reaching safepoint: 119400 ns, At safepoint: 531800 ns, Total: 651200 ns
[29.073s][info][gc       ] GC(505) Pause Young (Allocation Failure) 597M->28M(888M) 0.599ms
[29.073s][info][safepoint] Safepoint "ParallelGCFailedAllocation", Time since last: 57288100 ns, Reaching safepoint: 189500 ns, At safepoint: 691600 ns, Total: 881100 ns
[29.128s][info][gc       ] GC(506) Pause Young (Allocation Failure) 574M->28M(866M) 0.417ms
[29.128s][info][safepoint] Safepoint "ParallelGCFailedAllocation", Time since last: 54372900 ns, Reaching safepoint: 133000 ns, At safepoint: 489200 ns, Total: 622200 ns
[29.181s][info][gc       ] GC(507) Pause Young (Allocation Failure) 553M->27M(844M) 0.432ms
[29.181s][info][safepoint] Safepoint "ParallelGCFailedAllocation", Time since last: 52831200 ns, Reaching safepoint: 217100 ns, At safepoint: 505700 ns, Total: 722800 ns
[29.232s][info][gc       ] GC(508) Pause Young (Allocation Failure) 530M->28M(825M) 0.420ms
[29.232s][info][safepoint] Safepoint "ParallelGCFailedAllocation", Time since last: 49746800 ns, Reaching safepoint: 134600 ns, At safepoint: 556400 ns, Total: 691000 ns
[29.281s][info][gc       ] GC(509) Pause Young (Allocation Failure) 512M->28M(806M) 0.384ms
[29.281s][info][safepoint] Safepoint "ParallelGCFailedAllocation", Time since last: 48164600 ns, Reaching safepoint: 213500 ns, At safepoint: 465300 ns, Total: 678800 ns
[29.327s][info][gc       ] GC(510) Pause Young (Allocation Failure) 493M->28M(788M) 0.458ms
[29.327s][info][safepoint] Safepoint "ParallelGCFailedAllocation", Time since last: 46025100 ns, Reaching safepoint: 190600 ns, At safepoint: 537200 ns, Total: 727800 ns
[29.373s][info][gc       ] GC(511) Pause Young (Allocation Failure) 475M->28M(771M) 0.571ms
[29.373s][info][safepoint] Safepoint "ParallelGCFailedAllocation", Time since last: 44607900 ns, Reaching safepoint: 210800 ns, At safepoint: 649900 ns, Total: 860700 ns
[29.416s][info][gc       ] GC(512) Pause Young (Allocation Failure) 456M->28M(754M) 0.483ms
[29.416s][info][safepoint] Safepoint "ParallelGCFailedAllocation", Time since last: 42728600 ns, Reaching safepoint: 181500 ns, At safepoint: 564800 ns, Total: 746300 ns
[29.458s][info][gc       ] GC(513) Pause Young (Allocation Failure) 441M->28M(836M) 0.794ms
[29.458s][info][safepoint] Safepoint "ParallelGCFailedAllocation", Time since last: 40853400 ns, Reaching safepoint: 199400 ns, At safepoint: 865600 ns, Total: 1065000 ns
[29.507s][info][gc       ] GC(514) Pause Young (Allocation Failure) 525M->29M(819M) 0.338ms
[29.507s][info][safepoint] Safepoint "ParallelGCFailedAllocation", Time since last: 47997900 ns, Reaching safepoint: 117400 ns, At safepoint: 409500 ns, Total: 526900 ns
[29.555s][info][gc       ] GC(515) Pause Young (Allocation Failure) 504M->30M(799M) 0.508ms
[29.555s][info][safepoint] Safepoint "ParallelGCFailedAllocation", Time since last: 47685100 ns, Reaching safepoint: 175500 ns, At safepoint: 602000 ns, Total: 777500 ns
[29.602s][info][gc       ] GC(516) Pause Young (Allocation Failure) 489M->30M(782M) 0.545ms
[29.602s][info][safepoint] Safepoint "ParallelGCFailedAllocation", Time since last: 46418700 ns, Reaching safepoint: 222900 ns, At safepoint: 669600 ns, Total: 892500 ns
[29.647s][info][gc       ] GC(517) Pause Young (Allocation Failure) 470M->30M(765M) 0.556ms
[29.647s][info][safepoint] Safepoint "ParallelGCFailedAllocation", Time since last: 43249300 ns, Reaching safepoint: 235000 ns, At safepoint: 649500 ns, Total: 884500 ns
[29.689s][info][gc       ] GC(518) Pause Young (Allocation Failure) 453M->29M(748M) 0.536ms
[29.689s][info][safepoint] Safepoint "ParallelGCFailedAllocation", Time since last: 41664600 ns, Reaching safepoint: 195600 ns, At safepoint: 721600 ns, Total: 917200 ns
[29.730s][info][gc       ] GC(519) Pause Young (Allocation Failure) 437M->30M(831M) 0.498ms
[29.730s][info][safepoint] Safepoint "ParallelGCFailedAllocation", Time since last: 40366400 ns, Reaching safepoint: 207100 ns, At safepoint: 609500 ns, Total: 816600 ns
[29.779s][info][gc       ] GC(520) Pause Young (Allocation Failure) 520M->30M(812M) 0.525ms
[29.779s][info][safepoint] Safepoint "ParallelGCFailedAllocation", Time since last: 47802100 ns, Reaching safepoint: 216600 ns, At safepoint: 598600 ns, Total: 815200 ns
[29.826s][info][gc       ] GC(521) Pause Young (Allocation Failure) 501M->30M(906M) 0.666ms
[29.826s][info][safepoint] Safepoint "ParallelGCFailedAllocation", Time since last: 45764600 ns, Reaching safepoint: 276000 ns, At safepoint: 813400 ns, Total: 1089400 ns
[29.882s][info][gc       ] GC(522) Pause Young (Allocation Failure) 595M->30M(883M) 0.560ms
[29.882s][info][safepoint] Safepoint "ParallelGCFailedAllocation", Time since last: 55684600 ns, Reaching safepoint: 217300 ns, At safepoint: 648400 ns, Total: 865700 ns
[29.936s][info][gc       ] GC(523) Pause Young (Allocation Failure) 573M->30M(862M) 0.446ms
[29.936s][info][safepoint] Safepoint "ParallelGCFailedAllocation", Time since last: 52817500 ns, Reaching safepoint: 129600 ns, At safepoint: 529300 ns, Total: 658900 ns
[29.989s][info][gc       ] GC(524) Pause Young (Allocation Failure) 551M->30M(842M) 0.617ms
[29.989s][info][safepoint] Safepoint "ParallelGCFailedAllocation", Time since last: 52560000 ns, Reaching safepoint: 202300 ns, At safepoint: 680600 ns, Total: 882900 ns
[30.039s][info][gc       ] GC(525) Pause Young (Allocation Failure) 531M->29M(821M) 0.419ms
[30.039s][info][safepoint] Safepoint "ParallelGCFailedAllocation", Time since last: 49427000 ns, Reaching safepoint: 120400 ns, At safepoint: 501700 ns, Total: 622100 ns
[30.088s][info][gc       ] GC(526) Pause Young (Allocation Failure) 509M->30M(803M) 0.514ms
[30.088s][info][safepoint] Safepoint "ParallelGCFailedAllocation", Time since last: 47845200 ns, Reaching safepoint: 128600 ns, At safepoint: 594100 ns, Total: 722700 ns
[30.138s][info][gc       ] GC(527) Pause Young (Allocation Failure) 491M->30M(785M) 0.521ms
[30.138s][info][safepoint] Safepoint "ParallelGCFailedAllocation", Time since last: 48882500 ns, Reaching safepoint: 179000 ns, At safepoint: 612900 ns, Total: 791900 ns
[30.184s][info][gc       ] GC(528) Pause Young (Allocation Failure) 474M->30M(768M) 0.622ms
[30.184s][info][safepoint] Safepoint "ParallelGCFailedAllocation", Time since last: 45176700 ns, Reaching safepoint: 194200 ns, At safepoint: 702200 ns, Total: 896400 ns
[30.227s][info][gc       ] GC(529) Pause Young (Allocation Failure) 456M->30M(853M) 0.655ms
[30.227s][info][safepoint] Safepoint "ParallelGCFailedAllocation", Time since last: 42083100 ns, Reaching safepoint: 202200 ns, At safepoint: 737900 ns, Total: 940100 ns
[30.278s][info][gc       ] GC(530) Pause Young (Allocation Failure) 541M->31M(956M) 0.510ms
[30.278s][info][safepoint] Safepoint "ParallelGCFailedAllocation", Time since last: 50826300 ns, Reaching safepoint: 146000 ns, At safepoint: 590700 ns, Total: 736700 ns
[30.341s][info][gc       ] GC(531) Pause Young (Allocation Failure) 646M->31M(931M) 0.466ms
[30.341s][info][safepoint] Safepoint "ParallelGCFailedAllocation", Time since last: 61867700 ns, Reaching safepoint: 188900 ns, At safepoint: 553000 ns, Total: 741900 ns
[30.402s][info][gc       ] GC(532) Pause Young (Allocation Failure) 619M->31M(907M) 0.458ms
[30.402s][info][safepoint] Safepoint "ParallelGCFailedAllocation", Time since last: 60124700 ns, Reaching safepoint: 184400 ns, At safepoint: 568900 ns, Total: 753300 ns
[30.460s][info][gc       ] GC(533) Pause Young (Allocation Failure) 596M->31M(883M) 0.700ms
[30.460s][info][safepoint] Safepoint "ParallelGCFailedAllocation", Time since last: 56942000 ns, Reaching safepoint: 209000 ns, At safepoint: 789800 ns, Total: 998800 ns
[30.514s][info][gc       ] GC(534) Pause Young (Allocation Failure) 573M->32M(862M) 0.541ms
[30.514s][info][safepoint] Safepoint "ParallelGCFailedAllocation", Time since last: 53473200 ns, Reaching safepoint: 181700 ns, At safepoint: 627900 ns, Total: 809600 ns
[30.567s][info][gc       ] GC(535) Pause Young (Allocation Failure) 553M->31M(841M) 0.477ms
[30.567s][info][safepoint] Safepoint "ParallelGCFailedAllocation", Time since last: 52690500 ns, Reaching safepoint: 213500 ns, At safepoint: 555000 ns, Total: 768500 ns
[30.619s][info][gc       ] GC(536) Pause Young (Allocation Failure) 532M->31M(821M) 0.394ms
[30.619s][info][safepoint] Safepoint "ParallelGCFailedAllocation", Time since last: 50938200 ns, Reaching safepoint: 156200 ns, At safepoint: 462400 ns, Total: 618600 ns
[30.667s][info][gc       ] GC(537) Pause Young (Allocation Failure) 511M->32M(803M) 0.390ms
[30.667s][info][safepoint] Safepoint "ParallelGCFailedAllocation", Time since last: 47686000 ns, Reaching safepoint: 139400 ns, At safepoint: 471100 ns, Total: 610500 ns
[30.715s][info][gc       ] GC(538) Pause Young (Allocation Failure) 493M->32M(785M) 0.616ms
[30.715s][info][safepoint] Safepoint "ParallelGCFailedAllocation", Time since last: 46946800 ns, Reaching safepoint: 166800 ns, At safepoint: 697300 ns, Total: 864100 ns
[30.763s][info][gc       ] GC(539) Pause Young (Allocation Failure) 474M->32M(873M) 0.790ms
[30.763s][info][safepoint] Safepoint "ParallelGCFailedAllocation", Time since last: 47282800 ns, Reaching safepoint: 145200 ns, At safepoint: 890800 ns, Total: 1036000 ns
[30.820s][info][gc       ] GC(540) Pause Young (Allocation Failure) 564M->33M(853M) 0.440ms
[30.820s][info][safepoint] Safepoint "ParallelGCFailedAllocation", Time since last: 55703900 ns, Reaching safepoint: 202800 ns, At safepoint: 528400 ns, Total: 731200 ns
[30.873s][info][gc       ] GC(541) Pause Young (Allocation Failure) 544M->32M(832M) 0.470ms
[30.873s][info][safepoint] Safepoint "ParallelGCFailedAllocation", Time since last: 52547000 ns, Reaching safepoint: 194800 ns, At safepoint: 554500 ns, Total: 749300 ns
[30.923s][info][gc       ] GC(542) Pause Young (Allocation Failure) 522M->33M(813M) 0.524ms
[30.923s][info][safepoint] Safepoint "ParallelGCFailedAllocation", Time since last: 49419900 ns, Reaching safepoint: 205200 ns, At safepoint: 603500 ns, Total: 808700 ns
[30.972s][info][gc       ] GC(543) Pause Young (Allocation Failure) 504M->33M(795M) 0.409ms
[30.972s][info][safepoint] Safepoint "ParallelGCFailedAllocation", Time since last: 48205700 ns, Reaching safepoint: 117200 ns, At safepoint: 486800 ns, Total: 604000 ns
[31.018s][info][gc       ] GC(544) Pause Young (Allocation Failure) 487M->33M(777M) 0.427ms
[31.018s][info][safepoint] Safepoint "ParallelGCFailedAllocation", Time since last: 45076700 ns, Reaching safepoint: 184600 ns, At safepoint: 516200 ns, Total: 700800 ns
[31.062s][info][gc       ] GC(545) Pause Young (Allocation Failure) 469M->33M(863M) 0.932ms
[31.062s][info][safepoint] Safepoint "ParallelGCFailedAllocation", Time since last: 43244600 ns, Reaching safepoint: 134300 ns, At safepoint: 1012200 ns, Total: 1146500 ns
[31.117s][info][gc       ] GC(546) Pause Young (Allocation Failure) 557M->34M(971M) 0.511ms
[31.117s][info][safepoint] Safepoint "ParallelGCFailedAllocation", Time since last: 53750200 ns, Reaching safepoint: 237000 ns, At safepoint: 590300 ns, Total: 827300 ns
[31.181s][info][gc       ] GC(547) Pause Young (Allocation Failure) 663M->35M(944M) 0.574ms
[31.181s][info][safepoint] Safepoint "ParallelGCFailedAllocation", Time since last: 63229400 ns, Reaching safepoint: 207400 ns, At safepoint: 654600 ns, Total: 862000 ns
[31.242s][info][gc       ] GC(548) Pause Young (Allocation Failure) 638M->35M(919M) 0.635ms
[31.242s][info][safepoint] Safepoint "ParallelGCFailedAllocation", Time since last: 59827400 ns, Reaching safepoint: 202500 ns, At safepoint: 714200 ns, Total: 916700 ns
[31.300s][info][gc       ] GC(549) Pause Young (Allocation Failure) 613M->34M(895M) 0.503ms
[31.300s][info][safepoint] Safepoint "ParallelGCFailedAllocation", Time since last: 57914100 ns, Reaching safepoint: 121000 ns, At safepoint: 599300 ns, Total: 720300 ns
[31.357s][info][gc       ] GC(550) Pause Young (Allocation Failure) 588M->35M(873M) 0.414ms
[31.357s][info][safepoint] Safepoint "ParallelGCFailedAllocation", Time since last: 55603700 ns, Reaching safepoint: 149100 ns, At safepoint: 519100 ns, Total: 668200 ns
[31.410s][info][gc       ] GC(551) Pause Young (Allocation Failure) 566M->35M(852M) 0.575ms
[31.410s][info][safepoint] Safepoint "ParallelGCFailedAllocation", Time since last: 52222300 ns, Reaching safepoint: 151800 ns, At safepoint: 637900 ns, Total: 789700 ns
[31.461s][info][gc       ] GC(552) Pause Young (Allocation Failure) 546M->34M(831M) 0.473ms
[31.461s][info][safepoint] Safepoint "ParallelGCFailedAllocation", Time since last: 50267200 ns, Reaching safepoint: 139900 ns, At safepoint: 547500 ns, Total: 687400 ns
[31.510s][info][gc       ] GC(553) Pause Young (Allocation Failure) 525M->35M(813M) 0.445ms
[31.510s][info][safepoint] Safepoint "ParallelGCFailedAllocation", Time since last: 49008400 ns, Reaching safepoint: 135500 ns, At safepoint: 524400 ns, Total: 659900 ns
[31.558s][info][gc       ] GC(554) Pause Young (Allocation Failure) 507M->35M(794M) 0.656ms
[31.559s][info][safepoint] Safepoint "ParallelGCFailedAllocation", Time since last: 47265100 ns, Reaching safepoint: 205300 ns, At safepoint: 744700 ns, Total: 950000 ns
[31.607s][info][gc       ] GC(555) Pause Young (Allocation Failure) 487M->35M(777M) 0.472ms
[31.607s][info][safepoint] Safepoint "ParallelGCFailedAllocation", Time since last: 48056500 ns, Reaching safepoint: 192500 ns, At safepoint: 557500 ns, Total: 750000 ns
[31.652s][info][gc       ] GC(556) Pause Young (Allocation Failure) 469M->35M(760M) 0.498ms
[31.652s][info][safepoint] Safepoint "ParallelGCFailedAllocation", Time since last: 43463300 ns, Reaching safepoint: 193000 ns, At safepoint: 589000 ns, Total: 782000 ns
[31.694s][info][gc       ] GC(557) Pause Young (Allocation Failure) 453M->35M(744M) 0.390ms
[31.694s][info][safepoint] Safepoint "ParallelGCFailedAllocation", Time since last: 41975600 ns, Reaching safepoint: 131100 ns, At safepoint: 477100 ns, Total: 608200 ns
[31.736s][info][gc       ] GC(558) Pause Young (Allocation Failure) 438M->35M(729M) 0.556ms
[31.737s][info][safepoint] Safepoint "ParallelGCFailedAllocation", Time since last: 41541800 ns, Reaching safepoint: 186100 ns, At safepoint: 649000 ns, Total: 835100 ns
[31.777s][info][gc       ] GC(559) Pause Young (Allocation Failure) 421M->35M(715M) 0.431ms
[31.777s][info][safepoint] Safepoint "ParallelGCFailedAllocation", Time since last: 39842200 ns, Reaching safepoint: 178700 ns, At safepoint: 524600 ns, Total: 703300 ns
[31.816s][info][gc       ] GC(560) Pause Young (Allocation Failure) 408M->34M(700M) 0.458ms
[31.816s][info][safepoint] Safepoint "ParallelGCFailedAllocation", Time since last: 38674000 ns, Reaching safepoint: 185700 ns, At safepoint: 550600 ns, Total: 736300 ns
[31.853s][info][gc       ] GC(561) Pause Young (Allocation Failure) 394M->35M(688M) 0.463ms
[31.853s][info][safepoint] Safepoint "ParallelGCFailedAllocation", Time since last: 36144100 ns, Reaching safepoint: 146900 ns, At safepoint: 551800 ns, Total: 698700 ns
[31.890s][info][gc       ] GC(562) Pause Young (Allocation Failure) 382M->35M(676M) 0.471ms
[31.890s][info][safepoint] Safepoint "ParallelGCFailedAllocation", Time since last: 36123900 ns, Reaching safepoint: 226600 ns, At safepoint: 558500 ns, Total: 785100 ns
[31.924s][info][gc       ] GC(563) Pause Young (Allocation Failure) 369M->35M(743M) 0.421ms
[31.924s][info][safepoint] Safepoint "ParallelGCFailedAllocation", Time since last: 33383700 ns, Reaching safepoint: 131300 ns, At safepoint: 503200 ns, Total: 634500 ns
[31.967s][info][gc       ] GC(564) Pause Young (Allocation Failure) 435M->35M(823M) 0.561ms
[31.967s][info][safepoint] Safepoint "ParallelGCFailedAllocation", Time since last: 41866300 ns, Reaching safepoint: 201800 ns, At safepoint: 682000 ns, Total: 883800 ns
[32.016s][info][gc       ] GC(565) Pause Young (Allocation Failure) 516M->35M(919M) 0.559ms
[32.017s][info][safepoint] Safepoint "ParallelGCFailedAllocation", Time since last: 48714100 ns, Reaching safepoint: 173800 ns, At safepoint: 652500 ns, Total: 826300 ns
[32.075s][info][gc       ] GC(566) Pause Young (Allocation Failure) 613M->35M(895M) 0.482ms
[32.075s][info][safepoint] Safepoint "ParallelGCFailedAllocation", Time since last: 58108300 ns, Reaching safepoint: 127300 ns, At safepoint: 566900 ns, Total: 694200 ns
[32.131s][info][gc       ] GC(567) Pause Young (Allocation Failure) 590M->36M(874M) 0.485ms
[32.131s][info][safepoint] Safepoint "ParallelGCFailedAllocation", Time since last: 55124800 ns, Reaching safepoint: 187600 ns, At safepoint: 570400 ns, Total: 758000 ns
[32.185s][info][gc       ] GC(568) Pause Young (Allocation Failure) 569M->35M(852M) 0.608ms
[32.185s][info][safepoint] Safepoint "ParallelGCFailedAllocation", Time since last: 52964600 ns, Reaching safepoint: 204100 ns, At safepoint: 675700 ns, Total: 879800 ns
[32.238s][info][gc       ] GC(569) Pause Young (Allocation Failure) 546M->36M(833M) 0.537ms
[32.238s][info][safepoint] Safepoint "ParallelGCFailedAllocation", Time since last: 51728800 ns, Reaching safepoint: 208300 ns, At safepoint: 615200 ns, Total: 823500 ns
[32.288s][info][gc       ] GC(570) Pause Young (Allocation Failure) 528M->36M(813M) 0.549ms
[32.288s][info][safepoint] Safepoint "ParallelGCFailedAllocation", Time since last: 49679400 ns, Reaching safepoint: 210300 ns, At safepoint: 630800 ns, Total: 841100 ns
[32.336s][info][gc       ] GC(571) Pause Young (Allocation Failure) 508M->35M(794M) 0.371ms
[32.336s][info][safepoint] Safepoint "ParallelGCFailedAllocation", Time since last: 47434200 ns, Reaching safepoint: 194400 ns, At safepoint: 462100 ns, Total: 656500 ns
[32.382s][info][gc       ] GC(572) Pause Young (Allocation Failure) 488M->36M(777M) 0.523ms
[32.382s][info][safepoint] Safepoint "ParallelGCFailedAllocation", Time since last: 45104100 ns, Reaching safepoint: 192300 ns, At safepoint: 606500 ns, Total: 798800 ns
[32.427s][info][gc       ] GC(573) Pause Young (Allocation Failure) 471M->36M(761M) 0.423ms
[32.427s][info][safepoint] Safepoint "ParallelGCFailedAllocation", Time since last: 44048800 ns, Reaching safepoint: 204000 ns, At safepoint: 552700 ns, Total: 756700 ns
[32.470s][info][gc       ] GC(574) Pause Young (Allocation Failure) 455M->36M(745M) 0.580ms
[32.470s][info][safepoint] Safepoint "ParallelGCFailedAllocation", Time since last: 42217200 ns, Reaching safepoint: 174100 ns, At safepoint: 652300 ns, Total: 826400 ns
[32.511s][info][gc       ] GC(575) Pause Young (Allocation Failure) 439M->36M(730M) 0.439ms
[32.511s][info][safepoint] Safepoint "ParallelGCFailedAllocation", Time since last: 40442600 ns, Reaching safepoint: 190000 ns, At safepoint: 536400 ns, Total: 726400 ns
[32.553s][info][gc       ] GC(576) Pause Young (Allocation Failure) 423M->36M(808M) 0.590ms
[32.553s][info][safepoint] Safepoint "ParallelGCFailedAllocation", Time since last: 40562400 ns, Reaching safepoint: 226100 ns, At safepoint: 679600 ns, Total: 905700 ns
[32.600s][info][gc       ] GC(577) Pause Young (Allocation Failure) 503M->35M(789M) 0.437ms
[32.600s][info][safepoint] Safepoint "ParallelGCFailedAllocation", Time since last: 47021200 ns, Reaching safepoint: 196500 ns, At safepoint: 565500 ns, Total: 762000 ns
[32.646s][info][gc       ] GC(578) Pause Young (Allocation Failure) 483M->36M(880M) 0.677ms
[32.646s][info][safepoint] Safepoint "ParallelGCFailedAllocation", Time since last: 44591000 ns, Reaching safepoint: 203700 ns, At safepoint: 786400 ns, Total: 990100 ns
[32.701s][info][gc       ] GC(579) Pause Young (Allocation Failure) 574M->36M(988M) 0.534ms
[32.701s][info][safepoint] Safepoint "ParallelGCFailedAllocation", Time since last: 54084100 ns, Reaching safepoint: 227100 ns, At safepoint: 701900 ns, Total: 929000 ns
[32.767s][info][gc       ] GC(580) Pause Young (Allocation Failure) 683M->35M(960M) 0.521ms
[32.767s][info][safepoint] Safepoint "ParallelGCFailedAllocation", Time since last: 64850800 ns, Reaching safepoint: 208200 ns, At safepoint: 608400 ns, Total: 816600 ns
[32.831s][info][gc       ] GC(581) Pause Young (Allocation Failure) 654M->36M(935M) 0.484ms
[32.831s][info][safepoint] Safepoint "ParallelGCFailedAllocation", Time since last: 63188500 ns, Reaching safepoint: 150300 ns, At safepoint: 611900 ns, Total: 762200 ns
[32.892s][info][gc       ] GC(582) Pause Young (Allocation Failure) 629M->36M(911M) 0.523ms
[32.892s][info][safepoint] Safepoint "ParallelGCFailedAllocation", Time since last: 60573600 ns, Reaching safepoint: 221500 ns, At safepoint: 605800 ns, Total: 827300 ns
[32.950s][info][gc       ] GC(583) Pause Young (Allocation Failure) 606M->35M(887M) 0.546ms
[32.950s][info][safepoint] Safepoint "ParallelGCFailedAllocation", Time since last: 57158400 ns, Reaching safepoint: 183000 ns, At safepoint: 625800 ns, Total: 808800 ns
[33.006s][info][gc       ] GC(584) Pause Young (Allocation Failure) 582M->35M(865M) 0.530ms
[33.007s][info][safepoint] Safepoint "ParallelGCFailedAllocation", Time since last: 55703900 ns, Reaching safepoint: 183100 ns, At safepoint: 649800 ns, Total: 832900 ns
[33.058s][info][gc       ] GC(585) Pause Young (Allocation Failure) 560M->36M(845M) 0.518ms
[33.058s][info][safepoint] Safepoint "ParallelGCFailedAllocation", Time since last: 51165500 ns, Reaching safepoint: 184000 ns, At safepoint: 593100 ns, Total: 777100 ns
[33.109s][info][gc       ] GC(586) Pause Young (Allocation Failure) 538M->36M(825M) 0.598ms
[33.109s][info][safepoint] Safepoint "ParallelGCFailedAllocation", Time since last: 49825200 ns, Reaching safepoint: 204800 ns, At safepoint: 673300 ns, Total: 878100 ns
[33.158s][info][gc       ] GC(587) Pause Young (Allocation Failure) 520M->36M(806M) 0.509ms
[33.158s][info][safepoint] Safepoint "ParallelGCFailedAllocation", Time since last: 48268900 ns, Reaching safepoint: 145500 ns, At safepoint: 595300 ns, Total: 740800 ns
[33.204s][info][gc       ] GC(588) Pause Young (Allocation Failure) 500M->36M(788M) 0.443ms
[33.205s][info][safepoint] Safepoint "ParallelGCFailedAllocation", Time since last: 45691700 ns, Reaching safepoint: 129900 ns, At safepoint: 522300 ns, Total: 652200 ns
[33.249s][info][gc       ] GC(589) Pause Young (Allocation Failure) 483M->36M(771M) 0.529ms
[33.250s][info][safepoint] Safepoint "ParallelGCFailedAllocation", Time since last: 44276300 ns, Reaching safepoint: 111400 ns, At safepoint: 600600 ns, Total: 712000 ns
[33.293s][info][gc       ] GC(590) Pause Young (Allocation Failure) 466M->35M(754M) 0.491ms
[33.293s][info][safepoint] Safepoint "ParallelGCFailedAllocation", Time since last: 42671100 ns, Reaching safepoint: 205200 ns, At safepoint: 583800 ns, Total: 789000 ns
[33.335s][info][gc       ] GC(591) Pause Young (Allocation Failure) 448M->35M(738M) 0.548ms
[33.335s][info][safepoint] Safepoint "ParallelGCFailedAllocation", Time since last: 41118800 ns, Reaching safepoint: 194500 ns, At safepoint: 633400 ns, Total: 827900 ns
[33.374s][info][gc       ] GC(592) Pause Young (Allocation Failure) 432M->36M(724M) 0.477ms
[33.374s][info][safepoint] Safepoint "ParallelGCFailedAllocation", Time since last: 38757500 ns, Reaching safepoint: 205300 ns, At safepoint: 558600 ns, Total: 763900 ns
[33.415s][info][gc       ] GC(593) Pause Young (Allocation Failure) 419M->35M(709M) 0.522ms
[33.415s][info][safepoint] Safepoint "ParallelGCFailedAllocation", Time since last: 40071900 ns, Reaching safepoint: 147600 ns, At safepoint: 620700 ns, Total: 768300 ns
[33.453s][info][gc       ] GC(594) Pause Young (Allocation Failure) 404M->36M(784M) 0.678ms
[33.453s][info][safepoint] Safepoint "ParallelGCFailedAllocation", Time since last: 36342800 ns, Reaching safepoint: 224300 ns, At safepoint: 810500 ns, Total: 1034800 ns
[33.498s][info][gc       ] GC(595) Pause Young (Allocation Failure) 479M->36M(873M) 0.629ms
[33.498s][info][safepoint] Safepoint "ParallelGCFailedAllocation", Time since last: 44884000 ns, Reaching safepoint: 131700 ns, At safepoint: 740900 ns, Total: 872600 ns
[33.551s][info][gc       ] GC(596) Pause Young (Allocation Failure) 567M->36M(980M) 0.728ms
[33.551s][info][safepoint] Safepoint "ParallelGCFailedAllocation", Time since last: 51942400 ns, Reaching safepoint: 196300 ns, At safepoint: 814200 ns, Total: 1010500 ns
[33.617s][info][gc       ] GC(597) Pause Young (Allocation Failure) 675M->36M(953M) 0.356ms
[33.617s][info][safepoint] Safepoint "ParallelGCFailedAllocation", Time since last: 64983900 ns, Reaching safepoint: 193500 ns, At safepoint: 441800 ns, Total: 635300 ns
[33.678s][info][gc       ] GC(598) Pause Young (Allocation Failure) 647M->36M(928M) 0.502ms
[33.678s][info][safepoint] Safepoint "ParallelGCFailedAllocation", Time since last: 60497800 ns, Reaching safepoint: 202100 ns, At safepoint: 616400 ns, Total: 818500 ns
[33.736s][info][gc       ] GC(599) Pause Young (Allocation Failure) 623M->36M(904M) 0.479ms
[33.736s][info][safepoint] Safepoint "ParallelGCFailedAllocation", Time since last: 57174500 ns, Reaching safepoint: 210800 ns, At safepoint: 549100 ns, Total: 759900 ns
[33.793s][info][gc       ] GC(600) Pause Young (Allocation Failure) 598M->36M(882M) 0.447ms
[33.793s][info][safepoint] Safepoint "ParallelGCFailedAllocation", Time since last: 56089000 ns, Reaching safepoint: 177700 ns, At safepoint: 532200 ns, Total: 709900 ns
[33.849s][info][gc       ] GC(601) Pause Young (Allocation Failure) 576M->35M(859M) 0.517ms
[33.849s][info][safepoint] Safepoint "ParallelGCFailedAllocation", Time since last: 54880400 ns, Reaching safepoint: 146000 ns, At safepoint: 610800 ns, Total: 756800 ns
[33.899s][info][gc       ] GC(602) Pause Young (Allocation Failure) 553M->36M(840M) 0.550ms
[33.899s][info][safepoint] Safepoint "ParallelGCFailedAllocation", Time since last: 49882900 ns, Reaching safepoint: 157300 ns, At safepoint: 632000 ns, Total: 789300 ns
[33.949s][info][gc       ] GC(603) Pause Young (Allocation Failure) 534M->36M(820M) 0.646ms
[33.950s][info][safepoint] Safepoint "ParallelGCFailedAllocation", Time since last: 49244500 ns, Reaching safepoint: 162200 ns, At safepoint: 785100 ns, Total: 947300 ns
[33.998s][info][gc       ] GC(604) Pause Young (Allocation Failure) 513M->36M(802M) 0.510ms
[33.999s][info][safepoint] Safepoint "ParallelGCFailedAllocation", Time since last: 48191500 ns, Reaching safepoint: 208800 ns, At safepoint: 591500 ns, Total: 800300 ns
[34.044s][info][gc       ] GC(605) Pause Young (Allocation Failure) 495M->36M(784M) 0.496ms
[34.044s][info][safepoint] Safepoint "ParallelGCFailedAllocation", Time since last: 45093500 ns, Reaching safepoint: 220300 ns, At safepoint: 611500 ns, Total: 831800 ns
[34.089s][info][gc       ] GC(606) Pause Young (Allocation Failure) 478M->36M(767M) 0.568ms
[34.089s][info][safepoint] Safepoint "ParallelGCFailedAllocation", Time since last: 44071700 ns, Reaching safepoint: 193900 ns, At safepoint: 728000 ns, Total: 921900 ns
[34.132s][info][gc       ] GC(607) Pause Young (Allocation Failure) 462M->36M(851M) 0.744ms
[34.132s][info][safepoint] Safepoint "ParallelGCFailedAllocation", Time since last: 41684300 ns, Reaching safepoint: 194600 ns, At safepoint: 824200 ns, Total: 1018800 ns
[34.183s][info][gc       ] GC(608) Pause Young (Allocation Failure) 546M->37M(955M) 0.422ms
[34.183s][info][safepoint] Safepoint "ParallelGCFailedAllocation", Time since last: 50505000 ns, Reaching safepoint: 191700 ns, At safepoint: 498400 ns, Total: 690100 ns
[34.244s][info][gc       ] GC(609) Pause Young (Allocation Failure) 649M->37M(930M) 0.342ms
[34.244s][info][safepoint] Safepoint "ParallelGCFailedAllocation", Time since last: 59983400 ns, Reaching safepoint: 206500 ns, At safepoint: 425600 ns, Total: 632100 ns
[34.302s][info][gc       ] GC(610) Pause Young (Allocation Failure) 626M->37M(906M) 0.571ms
[34.302s][info][safepoint] Safepoint "ParallelGCFailedAllocation", Time since last: 57551400 ns, Reaching safepoint: 177300 ns, At safepoint: 643500 ns, Total: 820800 ns
[34.359s][info][gc       ] GC(611) Pause Young (Allocation Failure) 602M->37M(1017M) 0.993ms
[34.359s][info][safepoint] Safepoint "ParallelGCFailedAllocation", Time since last: 55443800 ns, Reaching safepoint: 188300 ns, At safepoint: 1080200 ns, Total: 1268500 ns
[34.427s][info][gc       ] GC(612) Pause Young (Allocation Failure) 714M->40M(1155M) 0.579ms
[34.427s][info][safepoint] Safepoint "ParallelGCFailedAllocation", Time since last: 67541900 ns, Reaching safepoint: 226400 ns, At safepoint: 666900 ns, Total: 893300 ns
[34.517s][info][gc       ] GC(613) Pause Young (Allocation Failure) 852M->40M(1119M) 0.710ms
[34.517s][info][safepoint] Safepoint "ParallelGCFailedAllocation", Time since last: 88215000 ns, Reaching safepoint: 138600 ns, At safepoint: 837200 ns, Total: 975800 ns
[34.592s][info][gc       ] GC(614) Pause Young (Allocation Failure) 817M->40M(1086M) 0.484ms
[34.592s][info][safepoint] Safepoint "ParallelGCFailedAllocation", Time since last: 74908400 ns, Reaching safepoint: 150400 ns, At safepoint: 570700 ns, Total: 721100 ns
[34.669s][info][gc       ] GC(615) Pause Young (Allocation Failure) 785M->40M(1055M) 0.545ms
[34.669s][info][safepoint] Safepoint "ParallelGCFailedAllocation", Time since last: 75875200 ns, Reaching safepoint: 131400 ns, At safepoint: 634400 ns, Total: 765800 ns
[34.741s][info][gc       ] GC(616) Pause Young (Allocation Failure) 753M->40M(1025M) 0.615ms
[34.741s][info][safepoint] Safepoint "ParallelGCFailedAllocation", Time since last: 71347600 ns, Reaching safepoint: 220700 ns, At safepoint: 702600 ns, Total: 923300 ns
[34.813s][info][gc       ] GC(617) Pause Young (Allocation Failure) 722M->40M(996M) 0.467ms
[34.813s][info][safepoint] Safepoint "ParallelGCFailedAllocation", Time since last: 71171700 ns, Reaching safepoint: 234000 ns, At safepoint: 630300 ns, Total: 864300 ns
[34.879s][info][gc       ] GC(618) Pause Young (Allocation Failure) 694M->38M(968M) 0.609ms
[34.879s][info][safepoint] Safepoint "ParallelGCFailedAllocation", Time since last: 64985400 ns, Reaching safepoint: 202300 ns, At safepoint: 709200 ns, Total: 911500 ns
[34.942s][info][gc       ] GC(619) Pause Young (Allocation Failure) 666M->40M(943M) 0.783ms
[34.942s][info][safepoint] Safepoint "ParallelGCFailedAllocation", Time since last: 61278600 ns, Reaching safepoint: 239200 ns, At safepoint: 908800 ns, Total: 1148000 ns
[35.004s][info][gc       ] GC(620) Pause Young (Allocation Failure) 641M->40M(919M) 0.515ms
[35.004s][info][safepoint] Safepoint "ParallelGCFailedAllocation", Time since last: 62016000 ns, Reaching safepoint: 217700 ns, At safepoint: 605900 ns, Total: 823600 ns
[35.065s][info][gc       ] GC(621) Pause Young (Allocation Failure) 616M->40M(895M) 0.477ms
[35.065s][info][safepoint] Safepoint "ParallelGCFailedAllocation", Time since last: 59963100 ns, Reaching safepoint: 201800 ns, At safepoint: 573200 ns, Total: 775000 ns
[35.123s][info][gc       ] GC(622) Pause Young (Allocation Failure) 593M->40M(873M) 0.561ms
[35.123s][info][safepoint] Safepoint "ParallelGCFailedAllocation", Time since last: 57105800 ns, Reaching safepoint: 151300 ns, At safepoint: 653600 ns, Total: 804900 ns
[35.175s][info][gc       ] GC(623) Pause Young (Allocation Failure) 570M->40M(852M) 0.499ms
[35.175s][info][safepoint] Safepoint "ParallelGCFailedAllocation", Time since last: 51520800 ns, Reaching safepoint: 179900 ns, At safepoint: 595600 ns, Total: 775500 ns
[35.226s][info][gc       ] GC(624) Pause Young (Allocation Failure) 550M->38M(831M) 0.428ms
[35.226s][info][safepoint] Safepoint "ParallelGCFailedAllocation", Time since last: 50002800 ns, Reaching safepoint: 140600 ns, At safepoint: 539900 ns, Total: 680500 ns
[35.275s][info][gc       ] GC(625) Pause Young (Allocation Failure) 527M->40M(813M) 0.559ms
[35.275s][info][safepoint] Safepoint "ParallelGCFailedAllocation", Time since last: 48557800 ns, Reaching safepoint: 209600 ns, At safepoint: 636900 ns, Total: 846500 ns
[35.322s][info][gc       ] GC(626) Pause Young (Allocation Failure) 510M->38M(793M) 0.556ms
[35.322s][info][safepoint] Safepoint "ParallelGCFailedAllocation", Time since last: 45622500 ns, Reaching safepoint: 204200 ns, At safepoint: 653600 ns, Total: 857800 ns
[35.367s][info][gc       ] GC(627) Pause Young (Allocation Failure) 490M->40M(777M) 0.447ms
[35.368s][info][safepoint] Safepoint "ParallelGCFailedAllocation", Time since last: 44857200 ns, Reaching safepoint: 196000 ns, At safepoint: 596900 ns, Total: 792900 ns
[35.411s][info][gc       ] GC(628) Pause Young (Allocation Failure) 475M->40M(760M) 0.713ms
[35.411s][info][safepoint] Safepoint "ParallelGCFailedAllocation", Time since last: 42332600 ns, Reaching safepoint: 135600 ns, At safepoint: 805000 ns, Total: 940600 ns
[35.454s][info][gc       ] GC(629) Pause Young (Allocation Failure) 459M->40M(744M) 0.379ms
[35.454s][info][safepoint] Safepoint "ParallelGCFailedAllocation", Time since last: 42506500 ns, Reaching safepoint: 218100 ns, At safepoint: 479600 ns, Total: 697700 ns
[35.494s][info][gc       ] GC(630) Pause Young (Allocation Failure) 442M->38M(728M) 0.456ms
[35.495s][info][safepoint] Safepoint "ParallelGCFailedAllocation", Time since last: 39765600 ns, Reaching safepoint: 141500 ns, At safepoint: 549500 ns, Total: 691000 ns
[35.534s][info][gc       ] GC(631) Pause Young (Allocation Failure) 426M->40M(715M) 0.533ms
[35.534s][info][safepoint] Safepoint "ParallelGCFailedAllocation", Time since last: 38673100 ns, Reaching safepoint: 216100 ns, At safepoint: 613500 ns, Total: 829600 ns
[35.572s][info][gc       ] GC(632) Pause Young (Allocation Failure) 412M->40M(790M) 0.567ms
[35.572s][info][safepoint] Safepoint "ParallelGCFailedAllocation", Time since last: 36986600 ns, Reaching safepoint: 203400 ns, At safepoint: 674600 ns, Total: 878000 ns
[35.617s][info][gc       ] GC(633) Pause Young (Allocation Failure) 488M->38M(879M) 0.528ms
[35.617s][info][safepoint] Safepoint "ParallelGCFailedAllocation", Time since last: 44390000 ns, Reaching safepoint: 179600 ns, At safepoint: 621500 ns, Total: 801100 ns
[35.671s][info][gc       ] GC(634) Pause Young (Allocation Failure) 576M->40M(988M) 0.614ms
[35.671s][info][safepoint] Safepoint "ParallelGCFailedAllocation", Time since last: 53281500 ns, Reaching safepoint: 211900 ns, At safepoint: 704300 ns, Total: 916200 ns
[35.736s][info][gc       ] GC(635) Pause Young (Allocation Failure) 684M->40M(961M) 0.483ms
[35.736s][info][safepoint] Safepoint "ParallelGCFailedAllocation", Time since last: 63691300 ns, Reaching safepoint: 123600 ns, At safepoint: 581800 ns, Total: 705400 ns
[35.796s][info][gc       ] GC(636) Pause Young (Allocation Failure) 658M->40M(935M) 0.547ms
[35.796s][info][safepoint] Safepoint "ParallelGCFailedAllocation", Time since last: 59336900 ns, Reaching safepoint: 145300 ns, At safepoint: 643900 ns, Total: 789200 ns
[35.856s][info][gc       ] GC(637) Pause Young (Allocation Failure) 633M->38M(910M) 0.453ms
[35.856s][info][safepoint] Safepoint "ParallelGCFailedAllocation", Time since last: 59626200 ns, Reaching safepoint: 143400 ns, At safepoint: 554200 ns, Total: 697600 ns
[35.914s][info][gc       ] GC(638) Pause Young (Allocation Failure) 608M->40M(888M) 0.564ms
[35.914s][info][safepoint] Safepoint "ParallelGCFailedAllocation", Time since last: 57074000 ns, Reaching safepoint: 229700 ns, At safepoint: 686400 ns, Total: 916100 ns
[35.970s][info][gc       ] GC(639) Pause Young (Allocation Failure) 587M->40M(866M) 0.504ms
[35.970s][info][safepoint] Safepoint "ParallelGCFailedAllocation", Time since last: 54661700 ns, Reaching safepoint: 215700 ns, At safepoint: 594700 ns, Total: 810400 ns
[36.021s][info][gc       ] GC(640) Pause Young (Allocation Failure) 563M->40M(845M) 0.533ms
[36.021s][info][safepoint] Safepoint "ParallelGCFailedAllocation", Time since last: 50980400 ns, Reaching safepoint: 177400 ns, At safepoint: 640900 ns, Total: 818300 ns
[36.072s][info][gc       ] GC(641) Pause Young (Allocation Failure) 542M->40M(825M) 0.429ms
[36.072s][info][safepoint] Safepoint "ParallelGCFailedAllocation", Time since last: 49626300 ns, Reaching safepoint: 130100 ns, At safepoint: 521000 ns, Total: 651100 ns
[36.123s][info][gc       ] GC(642) Pause Young (Allocation Failure) 523M->40M(806M) 0.651ms
[36.123s][info][safepoint] Safepoint "ParallelGCFailedAllocation", Time since last: 50883900 ns, Reaching safepoint: 201800 ns, At safepoint: 746400 ns, Total: 948200 ns
[36.170s][info][gc       ] GC(643) Pause Young (Allocation Failure) 504M->40M(788M) 0.549ms
[36.170s][info][safepoint] Safepoint "ParallelGCFailedAllocation", Time since last: 46206300 ns, Reaching safepoint: 126900 ns, At safepoint: 640300 ns, Total: 767200 ns
[36.215s][info][gc       ] GC(644) Pause Young (Allocation Failure) 486M->40M(878M) 0.667ms
[36.215s][info][safepoint] Safepoint "ParallelGCFailedAllocation", Time since last: 43893900 ns, Reaching safepoint: 202700 ns, At safepoint: 763600 ns, Total: 966300 ns
[36.267s][info][gc       ] GC(645) Pause Young (Allocation Failure) 575M->38M(984M) 0.649ms
[36.267s][info][safepoint] Safepoint "ParallelGCFailedAllocation", Time since last: 51081100 ns, Reaching safepoint: 156400 ns, At safepoint: 782100 ns, Total: 938500 ns
[36.332s][info][gc       ] GC(646) Pause Young (Allocation Failure) 682M->38M(958M) 0.510ms
[36.332s][info][safepoint] Safepoint "ParallelGCFailedAllocation", Time since last: 63667800 ns, Reaching safepoint: 180000 ns, At safepoint: 598500 ns, Total: 778500 ns
[36.396s][info][gc       ] GC(647) Pause Young (Allocation Failure) 656M->38M(932M) 0.571ms
[36.396s][info][safepoint] Safepoint "ParallelGCFailedAllocation", Time since last: 63200200 ns, Reaching safepoint: 199900 ns, At safepoint: 717300 ns, Total: 917200 ns
[36.460s][info][gc       ] GC(648) Pause Young (Allocation Failure) 630M->40M(909M) 0.538ms
[36.460s][info][safepoint] Safepoint "ParallelGCFailedAllocation", Time since last: 63056300 ns, Reaching safepoint: 147900 ns, At safepoint: 608600 ns, Total: 756500 ns
[36.517s][info][gc       ] GC(649) Pause Young (Allocation Failure) 607M->38M(885M) 0.549ms
[36.518s][info][safepoint] Safepoint "ParallelGCFailedAllocation", Time since last: 57012800 ns, Reaching safepoint: 146600 ns, At safepoint: 635300 ns, Total: 781900 ns
[36.572s][info][gc       ] GC(650) Pause Young (Allocation Failure) 583M->40M(864M) 0.536ms
[36.572s][info][safepoint] Safepoint "ParallelGCFailedAllocation", Time since last: 54081400 ns, Reaching safepoint: 201800 ns, At safepoint: 637400 ns, Total: 839200 ns
[36.625s][info][gc       ] GC(651) Pause Young (Allocation Failure) 561M->40M(843M) 0.486ms
[36.625s][info][safepoint] Safepoint "ParallelGCFailedAllocation", Time since last: 52168300 ns, Reaching safepoint: 165900 ns, At safepoint: 598100 ns, Total: 764000 ns
[36.676s][info][gc       ] GC(652) Pause Young (Allocation Failure) 541M->40M(823M) 0.571ms
[36.677s][info][safepoint] Safepoint "ParallelGCFailedAllocation", Time since last: 50336200 ns, Reaching safepoint: 134400 ns, At safepoint: 678500 ns, Total: 812900 ns
[36.727s][info][gc       ] GC(653) Pause Young (Allocation Failure) 521M->40M(804M) 0.502ms
[36.727s][info][safepoint] Safepoint "ParallelGCFailedAllocation", Time since last: 50162400 ns, Reaching safepoint: 137600 ns, At safepoint: 597700 ns, Total: 735300 ns
[36.775s][info][gc       ] GC(654) Pause Young (Allocation Failure) 502M->38M(785M) 0.568ms
[36.775s][info][safepoint] Safepoint "ParallelGCFailedAllocation", Time since last: 46489800 ns, Reaching safepoint: 228800 ns, At safepoint: 666900 ns, Total: 895700 ns
[36.819s][info][gc       ] GC(655) Pause Young (Allocation Failure) 481M->40M(769M) 0.533ms
[36.820s][info][safepoint] Safepoint "ParallelGCFailedAllocation", Time since last: 43917900 ns, Reaching safepoint: 136300 ns, At safepoint: 650200 ns, Total: 786500 ns
[36.864s][info][gc       ] GC(656) Pause Young (Allocation Failure) 467M->40M(753M) 0.672ms
[36.864s][info][safepoint] Safepoint "ParallelGCFailedAllocation", Time since last: 43322800 ns, Reaching safepoint: 139700 ns, At safepoint: 746700 ns, Total: 886400 ns
[36.905s][info][gc       ] GC(657) Pause Young (Allocation Failure) 449M->40M(737M) 0.400ms
[36.905s][info][safepoint] Safepoint "ParallelGCFailedAllocation", Time since last: 40621000 ns, Reaching safepoint: 196700 ns, At safepoint: 480100 ns, Total: 676800 ns
[36.945s][info][gc       ] GC(658) Pause Young (Allocation Failure) 434M->40M(817M) 0.574ms
[36.945s][info][safepoint] Safepoint "ParallelGCFailedAllocation", Time since last: 38823300 ns, Reaching safepoint: 217400 ns, At safepoint: 656300 ns, Total: 873700 ns
[36.993s][info][gc       ] GC(659) Pause Young (Allocation Failure) 514M->40M(798M) 0.476ms
[36.994s][info][safepoint] Safepoint "ParallelGCFailedAllocation", Time since last: 48020400 ns, Reaching safepoint: 207800 ns, At safepoint: 570000 ns, Total: 777800 ns
[37.039s][info][gc       ] GC(660) Pause Young (Allocation Failure) 496M->40M(781M) 0.546ms
[37.039s][info][safepoint] Safepoint "ParallelGCFailedAllocation", Time since last: 44965900 ns, Reaching safepoint: 130400 ns, At safepoint: 632500 ns, Total: 762900 ns
[37.083s][info][gc       ] GC(661) Pause Young (Allocation Failure) 478M->38M(763M) 0.411ms
[37.083s][info][safepoint] Safepoint "ParallelGCFailedAllocation", Time since last: 43155800 ns, Reaching safepoint: 193300 ns, At safepoint: 525500 ns, Total: 718800 ns
[37.126s][info][gc       ] GC(662) Pause Young (Allocation Failure) 461M->38M(747M) 0.459ms
[37.126s][info][safepoint] Safepoint "ParallelGCFailedAllocation", Time since last: 42143900 ns, Reaching safepoint: 148600 ns, At safepoint: 574900 ns, Total: 723500 ns
[37.167s][info][gc       ] GC(663) Pause Young (Allocation Failure) 444M->40M(733M) 0.428ms
[37.167s][info][safepoint] Safepoint "ParallelGCFailedAllocation", Time since last: 40739100 ns, Reaching safepoint: 182700 ns, At safepoint: 507100 ns, Total: 689800 ns
[37.207s][info][gc       ] GC(664) Pause Young (Allocation Failure) 431M->40M(718M) 0.519ms
[37.208s][info][safepoint] Safepoint "ParallelGCFailedAllocation", Time since last: 39344000 ns, Reaching safepoint: 188700 ns, At safepoint: 599000 ns, Total: 787700 ns
[37.245s][info][gc       ] GC(665) Pause Young (Allocation Failure) 416M->40M(704M) 0.459ms
[37.245s][info][safepoint] Safepoint "ParallelGCFailedAllocation", Time since last: 36914300 ns, Reaching safepoint: 137600 ns, At safepoint: 585000 ns, Total: 722600 ns
[37.285s][info][gc       ] GC(666) Pause Young (Allocation Failure) 402M->38M(690M) 0.476ms
[37.285s][info][safepoint] Safepoint "ParallelGCFailedAllocation", Time since last: 38940800 ns, Reaching safepoint: 142100 ns, At safepoint: 552300 ns, Total: 694400 ns
[37.321s][info][gc       ] GC(667) Pause Young (Allocation Failure) 388M->40M(761M) 0.503ms
[37.321s][info][safepoint] Safepoint "ParallelGCFailedAllocation", Time since last: 35021600 ns, Reaching safepoint: 201600 ns, At safepoint: 598700 ns, Total: 800300 ns
[37.363s][info][gc       ] GC(668) Pause Young (Allocation Failure) 459M->40M(745M) 0.510ms
[37.363s][info][safepoint] Safepoint "ParallelGCFailedAllocation", Time since last: 41930200 ns, Reaching safepoint: 149500 ns, At safepoint: 607800 ns, Total: 757300 ns
[37.405s][info][gc       ] GC(669) Pause Young (Allocation Failure) 443M->40M(826M) 0.633ms
[37.405s][info][safepoint] Safepoint "ParallelGCFailedAllocation", Time since last: 40498600 ns, Reaching safepoint: 139700 ns, At safepoint: 727000 ns, Total: 866700 ns
[37.454s][info][gc       ] GC(670) Pause Young (Allocation Failure) 523M->40M(923M) 0.539ms
[37.454s][info][safepoint] Safepoint "ParallelGCFailedAllocation", Time since last: 48003500 ns, Reaching safepoint: 354200 ns, At safepoint: 624300 ns, Total: 978500 ns
[37.511s][info][gc       ] GC(671) Pause Young (Allocation Failure) 621M->39M(899M) 0.484ms
[37.511s][info][safepoint] Safepoint "ParallelGCFailedAllocation", Time since last: 56252000 ns, Reaching safepoint: 204800 ns, At safepoint: 574500 ns, Total: 779300 ns
[37.568s][info][gc       ] GC(672) Pause Young (Allocation Failure) 597M->40M(877M) 0.541ms
[37.568s][info][safepoint] Safepoint "ParallelGCFailedAllocation", Time since last: 56698200 ns, Reaching safepoint: 145300 ns, At safepoint: 632600 ns, Total: 777900 ns
[37.623s][info][gc       ] GC(673) Pause Young (Allocation Failure) 575M->40M(856M) 0.429ms
[37.623s][info][safepoint] Safepoint "ParallelGCFailedAllocation", Time since last: 53714400 ns, Reaching safepoint: 167800 ns, At safepoint: 517700 ns, Total: 685500 ns
[37.674s][info][gc       ] GC(674) Pause Young (Allocation Failure) 553M->40M(835M) 0.525ms
[37.675s][info][safepoint] Safepoint "ParallelGCFailedAllocation", Time since last: 51165000 ns, Reaching safepoint: 182600 ns, At safepoint: 645300 ns, Total: 827900 ns
[37.724s][info][gc       ] GC(675) Pause Young (Allocation Failure) 532M->40M(816M) 0.428ms
[37.724s][info][safepoint] Safepoint "ParallelGCFailedAllocation", Time since last: 48538000 ns, Reaching safepoint: 187900 ns, At safepoint: 508100 ns, Total: 696000 ns
[37.771s][info][gc       ] GC(676) Pause Young (Allocation Failure) 514M->40M(797M) 0.621ms
[37.771s][info][safepoint] Safepoint "ParallelGCFailedAllocation", Time since last: 46450700 ns, Reaching safepoint: 137700 ns, At safepoint: 711400 ns, Total: 849100 ns
[37.817s][info][gc       ] GC(677) Pause Young (Allocation Failure) 495M->39M(779M) 0.438ms
[37.817s][info][safepoint] Safepoint "ParallelGCFailedAllocation", Time since last: 44829200 ns, Reaching safepoint: 125300 ns, At safepoint: 527000 ns, Total: 652300 ns
[37.860s][info][gc       ] GC(678) Pause Young (Allocation Failure) 475M->40M(763M) 0.481ms
[37.860s][info][safepoint] Safepoint "ParallelGCFailedAllocation", Time since last: 42356200 ns, Reaching safepoint: 191100 ns, At safepoint: 578400 ns, Total: 769500 ns
[37.903s][info][gc       ] GC(679) Pause Young (Allocation Failure) 461M->39M(746M) 0.713ms
[37.903s][info][safepoint] Safepoint "ParallelGCFailedAllocation", Time since last: 42281600 ns, Reaching safepoint: 111100 ns, At safepoint: 847400 ns, Total: 958500 ns
[37.944s][info][gc       ] GC(680) Pause Young (Allocation Failure) 444M->40M(732M) 0.417ms
[37.944s][info][safepoint] Safepoint "ParallelGCFailedAllocation", Time since last: 40811700 ns, Reaching safepoint: 165000 ns, At safepoint: 497800 ns, Total: 662800 ns
[37.985s][info][gc       ] GC(681) Pause Young (Allocation Failure) 430M->39M(716M) 0.543ms
[37.985s][info][safepoint] Safepoint "ParallelGCFailedAllocation", Time since last: 39703100 ns, Reaching safepoint: 132600 ns, At safepoint: 630600 ns, Total: 763200 ns
[38.025s][info][gc       ] GC(682) Pause Young (Allocation Failure) 414M->40M(703M) 0.494ms
[38.025s][info][safepoint] Safepoint "ParallelGCFailedAllocation", Time since last: 39737200 ns, Reaching safepoint: 136400 ns, At safepoint: 573300 ns, Total: 709700 ns
[38.062s][info][gc       ] GC(683) Pause Young (Allocation Failure) 400M->40M(690M) 0.446ms
[38.062s][info][safepoint] Safepoint "ParallelGCFailedAllocation", Time since last: 36117600 ns, Reaching safepoint: 184900 ns, At safepoint: 540000 ns, Total: 724900 ns
[38.097s][info][gc       ] GC(684) Pause Young (Allocation Failure) 387M->40M(678M) 0.520ms
[38.097s][info][safepoint] Safepoint "ParallelGCFailedAllocation", Time since last: 34531700 ns, Reaching safepoint: 187100 ns, At safepoint: 596500 ns, Total: 783600 ns
[38.132s][info][gc       ] GC(685) Pause Young (Allocation Failure) 376M->40M(745M) 0.468ms
[38.132s][info][safepoint] Safepoint "ParallelGCFailedAllocation", Time since last: 33534100 ns, Reaching safepoint: 137500 ns, At safepoint: 563100 ns, Total: 700600 ns
[38.172s][info][gc       ] GC(686) Pause Young (Allocation Failure) 443M->40M(826M) 0.692ms
[38.172s][info][safepoint] Safepoint "ParallelGCFailedAllocation", Time since last: 39368600 ns, Reaching safepoint: 204300 ns, At safepoint: 776200 ns, Total: 980500 ns
[38.220s][info][gc       ] GC(687) Pause Young (Allocation Failure) 524M->40M(923M) 0.618ms
[38.220s][info][safepoint] Safepoint "ParallelGCFailedAllocation", Time since last: 46934700 ns, Reaching safepoint: 242700 ns, At safepoint: 763400 ns, Total: 1006100 ns
[38.279s][info][gc       ] GC(688) Pause Young (Allocation Failure) 620M->40M(1040M) 0.610ms
[38.279s][info][safepoint] Safepoint "ParallelGCFailedAllocation", Time since last: 57807600 ns, Reaching safepoint: 136500 ns, At safepoint: 715800 ns, Total: 852300 ns
[38.348s][info][gc       ] GC(689) Pause Young (Allocation Failure) 736M->40M(1010M) 0.338ms
[38.348s][info][safepoint] Safepoint "ParallelGCFailedAllocation", Time since last: 69146400 ns, Reaching safepoint: 132600 ns, At safepoint: 452900 ns, Total: 585500 ns
[38.414s][info][gc       ] GC(690) Pause Young (Allocation Failure) 708M->40M(982M) 0.609ms
[38.414s][info][safepoint] Safepoint "ParallelGCFailedAllocation", Time since last: 65109300 ns, Reaching safepoint: 187800 ns, At safepoint: 678800 ns, Total: 866600 ns
[38.477s][info][gc       ] GC(691) Pause Young (Allocation Failure) 680M->39M(955M) 0.484ms
[38.477s][info][safepoint] Safepoint "ParallelGCFailedAllocation", Time since last: 62321500 ns, Reaching safepoint: 142500 ns, At safepoint: 577800 ns, Total: 720300 ns
[38.539s][info][gc       ] GC(692) Pause Young (Allocation Failure) 652M->39M(930M) 0.475ms
[38.539s][info][safepoint] Safepoint "ParallelGCFailedAllocation", Time since last: 60591800 ns, Reaching safepoint: 207900 ns, At safepoint: 564000 ns, Total: 771900 ns
[38.598s][info][gc       ] GC(693) Pause Young (Allocation Failure) 627M->40M(907M) 0.534ms
[38.598s][info][safepoint] Safepoint "ParallelGCFailedAllocation", Time since last: 58555500 ns, Reaching safepoint: 180600 ns, At safepoint: 620700 ns, Total: 801300 ns
[38.655s][info][gc       ] GC(694) Pause Young (Allocation Failure) 605M->40M(884M) 0.463ms
[38.655s][info][safepoint] Safepoint "ParallelGCFailedAllocation", Time since last: 55795900 ns, Reaching safepoint: 131600 ns, At safepoint: 553900 ns, Total: 685500 ns
[38.716s][info][gc       ] GC(695) Pause Young (Allocation Failure) 582M->39M(861M) 0.515ms
[38.716s][info][safepoint] Safepoint "ParallelGCFailedAllocation", Time since last: 60181400 ns, Reaching safepoint: 199600 ns, At safepoint: 610800 ns, Total: 810400 ns
[38.768s][info][gc       ] GC(696) Pause Young (Allocation Failure) 559M->39M(841M) 0.547ms
[38.768s][info][safepoint] Safepoint "ParallelGCFailedAllocation", Time since last: 51982200 ns, Reaching safepoint: 154300 ns, At safepoint: 641600 ns, Total: 795900 ns
[38.819s][info][gc       ] GC(697) Pause Young (Allocation Failure) 539M->40M(822M) 0.527ms
[38.819s][info][safepoint] Safepoint "ParallelGCFailedAllocation", Time since last: 49902200 ns, Reaching safepoint: 201800 ns, At safepoint: 622600 ns, Total: 824400 ns
[38.867s][info][gc       ] GC(698) Pause Young (Allocation Failure) 520M->39M(802M) 0.459ms
[38.867s][info][safepoint] Safepoint "ParallelGCFailedAllocation", Time since last: 47606800 ns, Reaching safepoint: 155400 ns, At safepoint: 557400 ns, Total: 712800 ns
[38.917s][info][gc       ] GC(699) Pause Young (Allocation Failure) 498M->40M(785M) 0.527ms
[38.917s][info][safepoint] Safepoint "ParallelGCFailedAllocation", Time since last: 48567100 ns, Reaching safepoint: 201100 ns, At safepoint: 626100 ns, Total: 827200 ns
[38.965s][info][gc       ] GC(700) Pause Young (Allocation Failure) 481M->40M(768M) 0.605ms
[38.965s][info][safepoint] Safepoint "ParallelGCFailedAllocation", Time since last: 47473600 ns, Reaching safepoint: 184200 ns, At safepoint: 684700 ns, Total: 868900 ns
[39.009s][info][gc       ] GC(701) Pause Young (Allocation Failure) 466M->40M(752M) 0.524ms
[39.009s][info][safepoint] Safepoint "ParallelGCFailedAllocation", Time since last: 42691500 ns, Reaching safepoint: 135000 ns, At safepoint: 631500 ns, Total: 766500 ns
[39.049s][info][gc       ] GC(702) Pause Young (Allocation Failure) 450M->40M(737M) 0.597ms
[39.049s][info][safepoint] Safepoint "ParallelGCFailedAllocation", Time since last: 39676500 ns, Reaching safepoint: 191700 ns, At safepoint: 687900 ns, Total: 879600 ns
[39.089s][info][gc       ] GC(703) Pause Young (Allocation Failure) 435M->40M(722M) 0.439ms
[39.089s][info][safepoint] Safepoint "ParallelGCFailedAllocation", Time since last: 39047400 ns, Reaching safepoint: 142700 ns, At safepoint: 524100 ns, Total: 666800 ns
[39.128s][info][gc       ] GC(704) Pause Young (Allocation Failure) 419M->40M(708M) 0.486ms
[39.128s][info][safepoint] Safepoint "ParallelGCFailedAllocation", Time since last: 38385900 ns, Reaching safepoint: 205500 ns, At safepoint: 610300 ns, Total: 815800 ns
[39.165s][info][gc       ] GC(705) Pause Young (Allocation Failure) 406M->40M(782M) 0.434ms
[39.166s][info][safepoint] Safepoint "ParallelGCFailedAllocation", Time since last: 36718000 ns, Reaching safepoint: 198200 ns, At safepoint: 507200 ns, Total: 705400 ns
[39.210s][info][gc       ] GC(706) Pause Young (Allocation Failure) 478M->40M(765M) 0.411ms
[39.210s][info][safepoint] Safepoint "ParallelGCFailedAllocation", Time since last: 43396200 ns, Reaching safepoint: 154600 ns, At safepoint: 525400 ns, Total: 680000 ns
[39.253s][info][gc       ] GC(707) Pause Young (Allocation Failure) 462M->40M(749M) 0.439ms
[39.253s][info][safepoint] Safepoint "ParallelGCFailedAllocation", Time since last: 42930800 ns, Reaching safepoint: 175800 ns, At safepoint: 528900 ns, Total: 704700 ns
[39.294s][info][gc       ] GC(708) Pause Young (Allocation Failure) 446M->40M(830M) 0.629ms
[39.294s][info][safepoint] Safepoint "ParallelGCFailedAllocation", Time since last: 39787200 ns, Reaching safepoint: 212600 ns, At safepoint: 718400 ns, Total: 931000 ns
[39.343s][info][gc       ] GC(709) Pause Young (Allocation Failure) 529M->40M(928M) 0.559ms
[39.343s][info][safepoint] Safepoint "ParallelGCFailedAllocation", Time since last: 47960000 ns, Reaching safepoint: 218000 ns, At safepoint: 650300 ns, Total: 868300 ns
[39.403s][info][gc       ] GC(710) Pause Young (Allocation Failure) 626M->40M(904M) 0.546ms
[39.403s][info][safepoint] Safepoint "ParallelGCFailedAllocation", Time since last: 58986400 ns, Reaching safepoint: 210800 ns, At safepoint: 623000 ns, Total: 833800 ns
[39.460s][info][gc       ] GC(711) Pause Young (Allocation Failure) 602M->40M(882M) 0.413ms
[39.460s][info][safepoint] Safepoint "ParallelGCFailedAllocation", Time since last: 56691200 ns, Reaching safepoint: 167900 ns, At safepoint: 502200 ns, Total: 670100 ns
[39.515s][info][gc       ] GC(712) Pause Young (Allocation Failure) 579M->40M(860M) 0.596ms
[39.515s][info][safepoint] Safepoint "ParallelGCFailedAllocation", Time since last: 53743200 ns, Reaching safepoint: 175900 ns, At safepoint: 695000 ns, Total: 870900 ns
[39.567s][info][gc       ] GC(713) Pause Young (Allocation Failure) 559M->39M(839M) 0.550ms
[39.567s][info][safepoint] Safepoint "ParallelGCFailedAllocation", Time since last: 51359100 ns, Reaching safepoint: 188800 ns, At safepoint: 645500 ns, Total: 834300 ns
[39.618s][info][gc       ] GC(714) Pause Young (Allocation Failure) 535M->40M(820M) 0.505ms
[39.618s][info][safepoint] Safepoint "ParallelGCFailedAllocation", Time since last: 50096800 ns, Reaching safepoint: 204700 ns, At safepoint: 603700 ns, Total: 808400 ns
[39.667s][info][gc       ] GC(715) Pause Young (Allocation Failure) 517M->40M(802M) 0.589ms
[39.667s][info][safepoint] Safepoint "ParallelGCFailedAllocation", Time since last: 48699200 ns, Reaching safepoint: 199200 ns, At safepoint: 680000 ns, Total: 879200 ns
[39.714s][info][gc       ] GC(716) Pause Young (Allocation Failure) 499M->40M(784M) 0.648ms
[39.714s][info][safepoint] Safepoint "ParallelGCFailedAllocation", Time since last: 46273400 ns, Reaching safepoint: 207600 ns, At safepoint: 732200 ns, Total: 939800 ns
[39.759s][info][gc       ] GC(717) Pause Young (Allocation Failure) 481M->40M(872M) 0.531ms
[39.759s][info][safepoint] Safepoint "ParallelGCFailedAllocation", Time since last: 44005800 ns, Reaching safepoint: 185200 ns, At safepoint: 619500 ns, Total: 804700 ns
[39.813s][info][gc       ] GC(718) Pause Young (Allocation Failure) 570M->40M(851M) 0.593ms
[39.813s][info][safepoint] Safepoint "ParallelGCFailedAllocation", Time since last: 52927600 ns, Reaching safepoint: 235900 ns, At safepoint: 699400 ns, Total: 935300 ns
[39.864s][info][gc       ] GC(719) Pause Young (Allocation Failure) 549M->39M(830M) 0.348ms
[39.865s][info][safepoint] Safepoint "ParallelGCFailedAllocation", Time since last: 50780100 ns, Reaching safepoint: 146900 ns, At safepoint: 469600 ns, Total: 616500 ns
[39.915s][info][gc       ] GC(720) Pause Young (Allocation Failure) 527M->40M(812M) 0.486ms
[39.915s][info][safepoint] Safepoint "ParallelGCFailedAllocation", Time since last: 49548600 ns, Reaching safepoint: 155300 ns, At safepoint: 572700 ns, Total: 728000 ns
[39.966s][info][gc       ] GC(721) Pause Young (Allocation Failure) 509M->40M(794M) 0.639ms
[39.966s][info][safepoint] Safepoint "ParallelGCFailedAllocation", Time since last: 50326700 ns, Reaching safepoint: 150700 ns, At safepoint: 755300 ns, Total: 906000 ns
[40.014s][info][gc       ] GC(722) Pause Young (Allocation Failure) 492M->40M(776M) 0.578ms
[40.014s][info][safepoint] Safepoint "ParallelGCFailedAllocation", Time since last: 47280100 ns, Reaching safepoint: 178500 ns, At safepoint: 669700 ns, Total: 848200 ns
[40.058s][info][gc       ] GC(723) Pause Young (Allocation Failure) 474M->40M(760M) 0.360ms
[40.058s][info][safepoint] Safepoint "ParallelGCFailedAllocation", Time since last: 43550100 ns, Reaching safepoint: 208200 ns, At safepoint: 447300 ns, Total: 655500 ns
[40.102s][info][gc       ] GC(724) Pause Young (Allocation Failure) 458M->40M(744M) 0.667ms
[40.102s][info][safepoint] Safepoint "ParallelGCFailedAllocation", Time since last: 42578300 ns, Reaching safepoint: 215600 ns, At safepoint: 757700 ns, Total: 973300 ns
[40.143s][info][gc       ] GC(725) Pause Young (Allocation Failure) 442M->40M(823M) 0.754ms
[40.143s][info][safepoint] Safepoint "ParallelGCFailedAllocation", Time since last: 39880000 ns, Reaching safepoint: 204000 ns, At safepoint: 851100 ns, Total: 1055100 ns
[40.194s][info][gc       ] GC(726) Pause Young (Allocation Failure) 522M->41M(921M) 0.637ms
[40.194s][info][safepoint] Safepoint "ParallelGCFailedAllocation", Time since last: 50291100 ns, Reaching safepoint: 179800 ns, At safepoint: 725700 ns, Total: 905500 ns
[40.251s][info][gc       ] GC(727) Pause Young (Allocation Failure) 621M->41M(1037M) 0.491ms
[40.251s][info][safepoint] Safepoint "ParallelGCFailedAllocation", Time since last: 56585700 ns, Reaching safepoint: 143500 ns, At safepoint: 587300 ns, Total: 730800 ns
[40.321s][info][gc       ] GC(728) Pause Young (Allocation Failure) 737M->41M(1008M) 0.448ms
[40.321s][info][safepoint] Safepoint "ParallelGCFailedAllocation", Time since last: 69268000 ns, Reaching safepoint: 199900 ns, At safepoint: 522800 ns, Total: 722700 ns
[40.390s][info][gc       ] GC(729) Pause Young (Allocation Failure) 708M->41M(980M) 0.516ms
[40.390s][info][safepoint] Safepoint "ParallelGCFailedAllocation", Time since last: 67702000 ns, Reaching safepoint: 176300 ns, At safepoint: 588500 ns, Total: 764800 ns
[40.453s][info][gc       ] GC(730) Pause Young (Allocation Failure) 680M->41M(954M) 0.461ms
[40.453s][info][safepoint] Safepoint "ParallelGCFailedAllocation", Time since last: 62941600 ns, Reaching safepoint: 149000 ns, At safepoint: 537700 ns, Total: 686700 ns
[40.517s][info][gc       ] GC(731) Pause Young (Allocation Failure) 652M->41M(928M) 0.845ms
[40.517s][info][safepoint] Safepoint "ParallelGCFailedAllocation", Time since last: 62407000 ns, Reaching safepoint: 151300 ns, At safepoint: 949200 ns, Total: 1100500 ns
[40.575s][info][gc       ] GC(732) Pause Young (Allocation Failure) 626M->42M(905M) 0.437ms
[40.575s][info][safepoint] Safepoint "ParallelGCFailedAllocation", Time since last: 57089700 ns, Reaching safepoint: 131300 ns, At safepoint: 518400 ns, Total: 649700 ns
[40.631s][info][gc       ] GC(733) Pause Young (Allocation Failure) 603M->42M(882M) 0.538ms
[40.631s][info][safepoint] Safepoint "ParallelGCFailedAllocation", Time since last: 55919100 ns, Reaching safepoint: 194200 ns, At safepoint: 654300 ns, Total: 848500 ns
[40.687s][info][gc       ] GC(734) Pause Young (Allocation Failure) 582M->42M(861M) 0.823ms
[40.687s][info][safepoint] Safepoint "ParallelGCFailedAllocation", Time since last: 54406000 ns, Reaching safepoint: 215800 ns, At safepoint: 1016500 ns, Total: 1232300 ns
[40.740s][info][gc       ] GC(735) Pause Young (Allocation Failure) 561M->42M(840M) 0.497ms
[40.740s][info][safepoint] Safepoint "ParallelGCFailedAllocation", Time since last: 51873100 ns, Reaching safepoint: 208300 ns, At safepoint: 622600 ns, Total: 830900 ns
[40.788s][info][gc       ] GC(736) Pause Young (Allocation Failure) 540M->42M(821M) 0.582ms
[40.789s][info][safepoint] Safepoint "ParallelGCFailedAllocation", Time since last: 47802800 ns, Reaching safepoint: 196800 ns, At safepoint: 737500 ns, Total: 934300 ns
[40.836s][info][gc       ] GC(737) Pause Young (Allocation Failure) 521M->42M(802M) 0.422ms
[40.836s][info][safepoint] Safepoint "ParallelGCFailedAllocation", Time since last: 46900500 ns, Reaching safepoint: 205600 ns, At safepoint: 506600 ns, Total: 712200 ns
[40.883s][info][gc       ] GC(738) Pause Young (Allocation Failure) 503M->41M(783M) 0.689ms
[40.883s][info][safepoint] Safepoint "ParallelGCFailedAllocation", Time since last: 46189600 ns, Reaching safepoint: 133100 ns, At safepoint: 914200 ns, Total: 1047300 ns
[40.928s][info][gc       ] GC(739) Pause Young (Allocation Failure) 483M->42M(873M) 0.625ms
[40.928s][info][safepoint] Safepoint "ParallelGCFailedAllocation", Time since last: 43990700 ns, Reaching safepoint: 170800 ns, At safepoint: 748000 ns, Total: 918800 ns
[40.983s][info][gc       ] GC(740) Pause Young (Allocation Failure) 574M->41M(851M) 0.497ms
[40.983s][info][safepoint] Safepoint "ParallelGCFailedAllocation", Time since last: 54216600 ns, Reaching safepoint: 182300 ns, At safepoint: 625700 ns, Total: 808000 ns
[41.034s][info][gc       ] GC(741) Pause Young (Allocation Failure) 551M->42M(832M) 0.540ms
[41.034s][info][safepoint] Safepoint "ParallelGCFailedAllocation", Time since last: 49603000 ns, Reaching safepoint: 195400 ns, At safepoint: 640400 ns, Total: 835800 ns
[41.084s][info][gc       ] GC(742) Pause Young (Allocation Failure) 532M->42M(813M) 0.604ms
[41.084s][info][safepoint] Safepoint "ParallelGCFailedAllocation", Time since last: 49292900 ns, Reaching safepoint: 227700 ns, At safepoint: 699800 ns, Total: 927500 ns
[41.132s][info][gc       ] GC(743) Pause Young (Allocation Failure) 512M->41M(793M) 0.507ms
[41.132s][info][safepoint] Safepoint "ParallelGCFailedAllocation", Time since last: 46978600 ns, Reaching safepoint: 166300 ns, At safepoint: 595900 ns, Total: 762200 ns
[41.177s][info][gc       ] GC(744) Pause Young (Allocation Failure) 492M->42M(777M) 0.458ms
[41.177s][info][safepoint] Safepoint "ParallelGCFailedAllocation", Time since last: 44039600 ns, Reaching safepoint: 213100 ns, At safepoint: 548800 ns, Total: 761900 ns
[41.221s][info][gc       ] GC(745) Pause Young (Allocation Failure) 476M->41M(759M) 0.452ms
[41.221s][info][safepoint] Safepoint "ParallelGCFailedAllocation", Time since last: 43342800 ns, Reaching safepoint: 211900 ns, At safepoint: 605800 ns, Total: 817700 ns
[41.266s][info][gc       ] GC(746) Pause Young (Allocation Failure) 459M->42M(744M) 0.540ms
[41.266s][info][safepoint] Safepoint "ParallelGCFailedAllocation", Time since last: 44142400 ns, Reaching safepoint: 147200 ns, At safepoint: 638300 ns, Total: 785500 ns
[41.308s][info][gc       ] GC(747) Pause Young (Allocation Failure) 445M->41M(728M) 0.576ms
[41.308s][info][safepoint] Safepoint "ParallelGCFailedAllocation", Time since last: 41217600 ns, Reaching safepoint: 184800 ns, At safepoint: 661100 ns, Total: 845900 ns
[41.349s][info][gc       ] GC(748) Pause Young (Allocation Failure) 427M->42M(715M) 0.520ms
[41.349s][info][safepoint] Safepoint "ParallelGCFailedAllocation", Time since last: 40588600 ns, Reaching safepoint: 180800 ns, At safepoint: 606300 ns, Total: 787100 ns
[41.389s][info][gc       ] GC(749) Pause Young (Allocation Failure) 413M->42M(790M) 0.525ms
[41.389s][info][safepoint] Safepoint "ParallelGCFailedAllocation", Time since last: 38768200 ns, Reaching safepoint: 138600 ns, At safepoint: 637700 ns, Total: 776300 ns
[41.436s][info][gc       ] GC(750) Pause Young (Allocation Failure) 491M->42M(880M) 0.603ms
[41.436s][info][safepoint] Safepoint "ParallelGCFailedAllocation", Time since last: 46257400 ns, Reaching safepoint: 212800 ns, At safepoint: 700000 ns, Total: 912800 ns
[41.491s][info][gc       ] GC(751) Pause Young (Allocation Failure) 578M->42M(858M) 0.359ms
[41.491s][info][safepoint] Safepoint "ParallelGCFailedAllocation", Time since last: 54300000 ns, Reaching safepoint: 174100 ns, At safepoint: 461400 ns, Total: 635500 ns
[41.542s][info][gc       ] GC(752) Pause Young (Allocation Failure) 559M->42M(838M) 0.574ms
[41.542s][info][safepoint] Safepoint "ParallelGCFailedAllocation", Time since last: 50162500 ns, Reaching safepoint: 211000 ns, At safepoint: 664800 ns, Total: 875800 ns
[41.591s][info][gc       ] GC(753) Pause Young (Allocation Failure) 538M->42M(818M) 0.591ms
[41.591s][info][safepoint] Safepoint "ParallelGCFailedAllocation", Time since last: 48366700 ns, Reaching safepoint: 192100 ns, At safepoint: 687800 ns, Total: 879900 ns
[41.638s][info][gc       ] GC(754) Pause Young (Allocation Failure) 519M->42M(800M) 0.510ms
[41.638s][info][safepoint] Safepoint "ParallelGCFailedAllocation", Time since last: 46486400 ns, Reaching safepoint: 148100 ns, At safepoint: 609700 ns, Total: 757800 ns
[41.683s][info][gc       ] GC(755) Pause Young (Allocation Failure) 499M->42M(782M) 0.462ms
[41.683s][info][safepoint] Safepoint "ParallelGCFailedAllocation", Time since last: 43973200 ns, Reaching safepoint: 142600 ns, At safepoint: 560400 ns, Total: 703000 ns
[41.728s][info][gc       ] GC(756) Pause Young (Allocation Failure) 483M->42M(765M) 0.598ms
[41.728s][info][safepoint] Safepoint "ParallelGCFailedAllocation", Time since last: 44337900 ns, Reaching safepoint: 145200 ns, At safepoint: 690000 ns, Total: 835200 ns
[41.770s][info][gc       ] GC(757) Pause Young (Allocation Failure) 464M->42M(749M) 0.421ms
[41.770s][info][safepoint] Safepoint "ParallelGCFailedAllocation", Time since last: 41551200 ns, Reaching safepoint: 204700 ns, At safepoint: 518800 ns, Total: 723500 ns
[41.811s][info][gc       ] GC(758) Pause Young (Allocation Failure) 449M->42M(734M) 0.557ms
[41.811s][info][safepoint] Safepoint "ParallelGCFailedAllocation", Time since last: 39671400 ns, Reaching safepoint: 143800 ns, At safepoint: 647200 ns, Total: 791000 ns
[41.851s][info][gc       ] GC(759) Pause Young (Allocation Failure) 433M->41M(718M) 0.423ms
[41.851s][info][safepoint] Safepoint "ParallelGCFailedAllocation", Time since last: 39223300 ns, Reaching safepoint: 124800 ns, At safepoint: 540100 ns, Total: 664900 ns
[41.889s][info][gc       ] GC(760) Pause Young (Allocation Failure) 418M->42M(705M) 0.512ms
[41.889s][info][safepoint] Safepoint "ParallelGCFailedAllocation", Time since last: 37600600 ns, Reaching safepoint: 163300 ns, At safepoint: 589900 ns, Total: 753200 ns
[41.926s][info][gc       ] GC(761) Pause Young (Allocation Failure) 404M->42M(778M) 0.510ms
[41.926s][info][safepoint] Safepoint "ParallelGCFailedAllocation", Time since last: 36607500 ns, Reaching safepoint: 182000 ns, At safepoint: 579000 ns, Total: 761000 ns
[41.972s][info][gc       ] GC(762) Pause Young (Allocation Failure) 477M->42M(866M) 0.597ms
[41.972s][info][safepoint] Safepoint "ParallelGCFailedAllocation", Time since last: 44447500 ns, Reaching safepoint: 184700 ns, At safepoint: 676100 ns, Total: 860800 ns
[42.024s][info][gc       ] GC(763) Pause Young (Allocation Failure) 566M->42M(971M) 0.478ms
[42.024s][info][safepoint] Safepoint "ParallelGCFailedAllocation", Time since last: 51634000 ns, Reaching safepoint: 174800 ns, At safepoint: 598700 ns, Total: 773500 ns
[42.087s][info][gc       ] GC(764) Pause Young (Allocation Failure) 669M->42M(945M) 0.546ms
[42.087s][info][safepoint] Safepoint "ParallelGCFailedAllocation", Time since last: 61978200 ns, Reaching safepoint: 205100 ns, At safepoint: 630700 ns, Total: 835800 ns
[42.146s][info][gc       ] GC(765) Pause Young (Allocation Failure) 645M->41M(919M) 0.444ms
[42.146s][info][safepoint] Safepoint "ParallelGCFailedAllocation", Time since last: 58307000 ns, Reaching safepoint: 151700 ns, At safepoint: 598700 ns, Total: 750400 ns
[42.204s][info][gc       ] GC(766) Pause Young (Allocation Failure) 619M->42M(897M) 0.421ms
[42.204s][info][safepoint] Safepoint "ParallelGCFailedAllocation", Time since last: 57454900 ns, Reaching safepoint: 204700 ns, At safepoint: 497400 ns, Total: 702100 ns
[42.258s][info][gc       ] GC(767) Pause Young (Allocation Failure) 595M->42M(874M) 0.535ms
[42.258s][info][safepoint] Safepoint "ParallelGCFailedAllocation", Time since last: 53457900 ns, Reaching safepoint: 191100 ns, At safepoint: 620300 ns, Total: 811400 ns
[42.310s][info][gc       ] GC(768) Pause Young (Allocation Failure) 575M->41M(852M) 0.444ms
[42.310s][info][safepoint] Safepoint "ParallelGCFailedAllocation", Time since last: 51249300 ns, Reaching safepoint: 190700 ns, At safepoint: 565400 ns, Total: 756100 ns
[42.362s][info][gc       ] GC(769) Pause Young (Allocation Failure) 552M->42M(833M) 0.573ms
[42.362s][info][safepoint] Safepoint "ParallelGCFailedAllocation", Time since last: 50908100 ns, Reaching safepoint: 190300 ns, At safepoint: 650500 ns, Total: 840800 ns
[42.414s][info][gc       ] GC(770) Pause Young (Allocation Failure) 533M->42M(813M) 0.605ms
[42.414s][info][safepoint] Safepoint "ParallelGCFailedAllocation", Time since last: 50716300 ns, Reaching safepoint: 191800 ns, At safepoint: 691600 ns, Total: 883400 ns
[42.462s][info][gc       ] GC(771) Pause Young (Allocation Failure) 514M->42M(795M) 0.444ms
[42.462s][info][safepoint] Safepoint "ParallelGCFailedAllocation", Time since last: 47506200 ns, Reaching safepoint: 206900 ns, At safepoint: 541200 ns, Total: 748100 ns
[42.511s][info][gc       ] GC(772) Pause Young (Allocation Failure) 494M->42M(777M) 0.546ms
[42.511s][info][safepoint] Safepoint "ParallelGCFailedAllocation", Time since last: 47843400 ns, Reaching safepoint: 180400 ns, At safepoint: 646100 ns, Total: 826500 ns
[42.554s][info][gc       ] GC(773) Pause Young (Allocation Failure) 477M->42M(761M) 0.464ms
[42.554s][info][safepoint] Safepoint "ParallelGCFailedAllocation", Time since last: 42184900 ns, Reaching safepoint: 209700 ns, At safepoint: 572700 ns, Total: 782400 ns
[42.597s][info][gc       ] GC(774) Pause Young (Allocation Failure) 461M->42M(845M) 0.753ms
[42.597s][info][safepoint] Safepoint "ParallelGCFailedAllocation", Time since last: 41809200 ns, Reaching safepoint: 226800 ns, At safepoint: 871800 ns, Total: 1098600 ns
[42.646s][info][gc       ] GC(775) Pause Young (Allocation Failure) 544M->42M(946M) 0.471ms
[42.646s][info][safepoint] Safepoint "ParallelGCFailedAllocation", Time since last: 48783800 ns, Reaching safepoint: 190100 ns, At safepoint: 579100 ns, Total: 769200 ns
[42.707s][info][gc       ] GC(776) Pause Young (Allocation Failure) 645M->42M(921M) 0.486ms
[42.707s][info][safepoint] Safepoint "ParallelGCFailedAllocation", Time since last: 59792200 ns, Reaching safepoint: 191600 ns, At safepoint: 567800 ns, Total: 759400 ns
[42.766s][info][gc       ] GC(777) Pause Young (Allocation Failure) 622M->41M(897M) 0.437ms
[42.766s][info][safepoint] Safepoint "ParallelGCFailedAllocation", Time since last: 58979600 ns, Reaching safepoint: 182100 ns, At safepoint: 532700 ns, Total: 714800 ns
[42.823s][info][gc       ] GC(778) Pause Young (Allocation Failure) 597M->42M(875M) 0.601ms
[42.823s][info][safepoint] Safepoint "ParallelGCFailedAllocation", Time since last: 55591900 ns, Reaching safepoint: 137200 ns, At safepoint: 681800 ns, Total: 819000 ns
[42.877s][info][gc       ] GC(779) Pause Young (Allocation Failure) 575M->42M(854M) 0.398ms
[42.877s][info][safepoint] Safepoint "ParallelGCFailedAllocation", Time since last: 53444100 ns, Reaching safepoint: 127800 ns, At safepoint: 476300 ns, Total: 604100 ns
[42.929s][info][gc       ] GC(780) Pause Young (Allocation Failure) 553M->42M(833M) 0.639ms
[42.929s][info][safepoint] Safepoint "ParallelGCFailedAllocation", Time since last: 51148800 ns, Reaching safepoint: 145400 ns, At safepoint: 727900 ns, Total: 873300 ns
[42.980s][info][gc       ] GC(781) Pause Young (Allocation Failure) 534M->42M(814M) 0.493ms
[42.981s][info][safepoint] Safepoint "ParallelGCFailedAllocation", Time since last: 50846800 ns, Reaching safepoint: 199300 ns, At safepoint: 579500 ns, Total: 778800 ns
[43.028s][info][gc       ] GC(782) Pause Young (Allocation Failure) 514M->42M(795M) 0.676ms
[43.028s][info][safepoint] Safepoint "ParallelGCFailedAllocation", Time since last: 46617300 ns, Reaching safepoint: 180300 ns, At safepoint: 760500 ns, Total: 940800 ns
[43.074s][info][gc       ] GC(783) Pause Young (Allocation Failure) 495M->42M(778M) 0.496ms
[43.074s][info][safepoint] Safepoint "ParallelGCFailedAllocation", Time since last: 44898400 ns, Reaching safepoint: 199200 ns, At safepoint: 581500 ns, Total: 780700 ns
[43.118s][info][gc       ] GC(784) Pause Young (Allocation Failure) 478M->42M(865M) 0.645ms
[43.118s][info][safepoint] Safepoint "ParallelGCFailedAllocation", Time since last: 43722800 ns, Reaching safepoint: 161500 ns, At safepoint: 729900 ns, Total: 891400 ns
[43.171s][info][gc       ] GC(785) Pause Young (Allocation Failure) 564M->42M(844M) 0.343ms
[43.171s][info][safepoint] Safepoint "ParallelGCFailedAllocation", Time since last: 52097300 ns, Reaching safepoint: 201700 ns, At safepoint: 476700 ns, Total: 678400 ns
[43.223s][info][gc       ] GC(786) Pause Young (Allocation Failure) 545M->42M(824M) 0.619ms
[43.223s][info][safepoint] Safepoint "ParallelGCFailedAllocation", Time since last: 51373100 ns, Reaching safepoint: 206200 ns, At safepoint: 698400 ns, Total: 904600 ns
[43.274s][info][gc       ] GC(787) Pause Young (Allocation Failure) 525M->41M(804M) 0.314ms
[43.274s][info][safepoint] Safepoint "ParallelGCFailedAllocation", Time since last: 50252600 ns, Reaching safepoint: 138500 ns, At safepoint: 444000 ns, Total: 582500 ns
[43.325s][info][gc       ] GC(788) Pause Young (Allocation Failure) 503M->42M(787M) 0.418ms
[43.325s][info][safepoint] Safepoint "ParallelGCFailedAllocation", Time since last: 49753900 ns, Reaching safepoint: 122800 ns, At safepoint: 559400 ns, Total: 682200 ns
[43.372s][info][gc       ] GC(789) Pause Young (Allocation Failure) 488M->41M(769M) 0.451ms
[43.372s][info][safepoint] Safepoint "ParallelGCFailedAllocation", Time since last: 47031200 ns, Reaching safepoint: 200100 ns, At safepoint: 543200 ns, Total: 743300 ns
[43.418s][info][gc       ] GC(790) Pause Young (Allocation Failure) 470M->42M(754M) 0.415ms
[43.418s][info][safepoint] Safepoint "ParallelGCFailedAllocation", Time since last: 44500600 ns, Reaching safepoint: 241500 ns, At safepoint: 524300 ns, Total: 765800 ns
[43.460s][info][gc       ] GC(791) Pause Young (Allocation Failure) 454M->42M(738M) 0.632ms
[43.460s][info][safepoint] Safepoint "ParallelGCFailedAllocation", Time since last: 41178900 ns, Reaching safepoint: 182900 ns, At safepoint: 740000 ns, Total: 922900 ns
[43.499s][info][gc       ] GC(792) Pause Young (Allocation Failure) 439M->41M(722M) 0.508ms
[43.499s][info][safepoint] Safepoint "ParallelGCFailedAllocation", Time since last: 38799000 ns, Reaching safepoint: 242900 ns, At safepoint: 590200 ns, Total: 833100 ns
[43.538s][info][gc       ] GC(793) Pause Young (Allocation Failure) 422M->41M(708M) 0.533ms
[43.538s][info][safepoint] Safepoint "ParallelGCFailedAllocation", Time since last: 37701900 ns, Reaching safepoint: 185800 ns, At safepoint: 609900 ns, Total: 795700 ns
[43.576s][info][gc       ] GC(794) Pause Young (Allocation Failure) 409M->42M(783M) 0.509ms
[43.576s][info][safepoint] Safepoint "ParallelGCFailedAllocation", Time since last: 36937400 ns, Reaching safepoint: 200600 ns, At safepoint: 589200 ns, Total: 789800 ns
[43.621s][info][gc       ] GC(795) Pause Young (Allocation Failure) 483M->42M(872M) 0.542ms
[43.621s][info][safepoint] Safepoint "ParallelGCFailedAllocation", Time since last: 44632400 ns, Reaching safepoint: 196800 ns, At safepoint: 643600 ns, Total: 840400 ns
[43.680s][info][gc       ] GC(796) Pause Young (Allocation Failure) 572M->42M(851M) 0.684ms
[43.680s][info][safepoint] Safepoint "ParallelGCFailedAllocation", Time since last: 57907800 ns, Reaching safepoint: 148000 ns, At safepoint: 785600 ns, Total: 933600 ns
[43.734s][info][gc       ] GC(797) Pause Young (Allocation Failure) 550M->42M(831M) 0.396ms
[43.734s][info][safepoint] Safepoint "ParallelGCFailedAllocation", Time since last: 53363400 ns, Reaching safepoint: 453400 ns, At safepoint: 560600 ns, Total: 1014000 ns
[43.785s][info][gc       ] GC(798) Pause Young (Allocation Failure) 531M->42M(812M) 0.639ms
[43.785s][info][safepoint] Safepoint "ParallelGCFailedAllocation", Time since last: 49333000 ns, Reaching safepoint: 212400 ns, At safepoint: 723800 ns, Total: 936200 ns
[43.833s][info][gc       ] GC(799) Pause Young (Allocation Failure) 512M->41M(792M) 0.473ms
[43.834s][info][safepoint] Safepoint "ParallelGCFailedAllocation", Time since last: 48122900 ns, Reaching safepoint: 172400 ns, At safepoint: 561300 ns, Total: 733700 ns
[43.878s][info][gc       ] GC(800) Pause Young (Allocation Failure) 492M->42M(776M) 0.467ms
[43.878s][info][safepoint] Safepoint "ParallelGCFailedAllocation", Time since last: 43681300 ns, Reaching safepoint: 124400 ns, At safepoint: 580400 ns, Total: 704800 ns
[43.923s][info][gc       ] GC(801) Pause Young (Allocation Failure) 476M->41M(758M) 0.476ms
[43.923s][info][safepoint] Safepoint "ParallelGCFailedAllocation", Time since last: 44308700 ns, Reaching safepoint: 135100 ns, At safepoint: 567900 ns, Total: 703000 ns
[43.967s][info][gc       ] GC(802) Pause Young (Allocation Failure) 458M->41M(742M) 0.470ms
[43.967s][info][safepoint] Safepoint "ParallelGCFailedAllocation", Time since last: 43332400 ns, Reaching safepoint: 185300 ns, At safepoint: 568800 ns, Total: 754100 ns
[44.008s][info][gc       ] GC(803) Pause Young (Allocation Failure) 442M->42M(728M) 0.551ms
[44.008s][info][safepoint] Safepoint "ParallelGCFailedAllocation", Time since last: 40349200 ns, Reaching safepoint: 175900 ns, At safepoint: 672400 ns, Total: 848300 ns
[44.048s][info][gc       ] GC(804) Pause Young (Allocation Failure) 428M->42M(806M) 0.580ms
[44.048s][info][safepoint] Safepoint "ParallelGCFailedAllocation", Time since last: 38817300 ns, Reaching safepoint: 188200 ns, At safepoint: 650200 ns, Total: 838400 ns
[44.095s][info][gc       ] GC(805) Pause Young (Allocation Failure) 506M->41M(787M) 0.469ms
[44.095s][info][safepoint] Safepoint "ParallelGCFailedAllocation", Time since last: 46183200 ns, Reaching safepoint: 147800 ns, At safepoint: 552300 ns, Total: 700100 ns
[44.139s][info][gc       ] GC(806) Pause Young (Allocation Failure) 487M->41M(770M) 0.407ms
[44.139s][info][safepoint] Safepoint "ParallelGCFailedAllocation", Time since last: 44043900 ns, Reaching safepoint: 138000 ns, At safepoint: 496700 ns, Total: 634700 ns
[44.182s][info][gc       ] GC(807) Pause Young (Allocation Failure) 469M->42M(754M) 0.555ms
[44.182s][info][safepoint] Safepoint "ParallelGCFailedAllocation", Time since last: 41484800 ns, Reaching safepoint: 125200 ns, At safepoint: 670500 ns, Total: 795700 ns
[44.223s][info][gc       ] GC(808) Pause Young (Allocation Failure) 454M->41M(738M) 0.558ms
[44.223s][info][safepoint] Safepoint "ParallelGCFailedAllocation", Time since last: 40597700 ns, Reaching safepoint: 193500 ns, At safepoint: 651500 ns, Total: 845000 ns
[44.264s][info][gc       ] GC(809) Pause Young (Allocation Failure) 436M->42M(818M) 0.505ms
[44.264s][info][safepoint] Safepoint "ParallelGCFailedAllocation", Time since last: 39695800 ns, Reaching safepoint: 179400 ns, At safepoint: 584400 ns, Total: 763800 ns
[44.312s][info][gc       ] GC(810) Pause Young (Allocation Failure) 518M->42M(914M) 0.635ms
[44.312s][info][safepoint] Safepoint "ParallelGCFailedAllocation", Time since last: 47172400 ns, Reaching safepoint: 125800 ns, At safepoint: 731500 ns, Total: 857300 ns
[44.370s][info][gc       ] GC(811) Pause Young (Allocation Failure) 614M->42M(891M) 0.464ms
[44.370s][info][safepoint] Safepoint "ParallelGCFailedAllocation", Time since last: 57451600 ns, Reaching safepoint: 168200 ns, At safepoint: 559300 ns, Total: 727500 ns
[44.425s][info][gc       ] GC(812) Pause Young (Allocation Failure) 592M->42M(869M) 0.734ms
[44.425s][info][safepoint] Safepoint "ParallelGCFailedAllocation", Time since last: 54400100 ns, Reaching safepoint: 126700 ns, At safepoint: 878900 ns, Total: 1005600 ns
[44.479s][info][gc       ] GC(813) Pause Young (Allocation Failure) 569M->42M(974M) 0.845ms
[44.479s][info][safepoint] Safepoint "ParallelGCFailedAllocation", Time since last: 52785400 ns, Reaching safepoint: 163800 ns, At safepoint: 1012400 ns, Total: 1176200 ns
[44.544s][info][gc       ] GC(814) Pause Young (Allocation Failure) 674M->41M(947M) 0.478ms
[44.544s][info][safepoint] Safepoint "ParallelGCFailedAllocation", Time since last: 64557600 ns, Reaching safepoint: 155600 ns, At safepoint: 587600 ns, Total: 743200 ns
[44.605s][info][gc       ] GC(815) Pause Young (Allocation Failure) 648M->42M(923M) 0.484ms
[44.605s][info][safepoint] Safepoint "ParallelGCFailedAllocation", Time since last: 59885100 ns, Reaching safepoint: 149100 ns, At safepoint: 562000 ns, Total: 711100 ns
[44.664s][info][gc       ] GC(816) Pause Young (Allocation Failure) 623M->42M(900M) 0.556ms
[44.664s][info][safepoint] Safepoint "ParallelGCFailedAllocation", Time since last: 58445400 ns, Reaching safepoint: 176100 ns, At safepoint: 644200 ns, Total: 820300 ns
[44.721s][info][gc       ] GC(817) Pause Young (Allocation Failure) 599M->42M(1012M) 1.071ms
[44.721s][info][safepoint] Safepoint "ParallelGCFailedAllocation", Time since last: 55057800 ns, Reaching safepoint: 285400 ns, At safepoint: 1161900 ns, Total: 1447300 ns
[44.788s][info][gc       ] GC(818) Pause Young (Allocation Failure) 713M->41M(983M) 0.519ms
[44.788s][info][safepoint] Safepoint "ParallelGCFailedAllocation", Time since last: 65943600 ns, Reaching safepoint: 199500 ns, At safepoint: 609300 ns, Total: 808800 ns
[44.853s][info][gc       ] GC(819) Pause Young (Allocation Failure) 682M->42M(957M) 0.580ms
[44.853s][info][safepoint] Safepoint "ParallelGCFailedAllocation", Time since last: 64444300 ns, Reaching safepoint: 183300 ns, At safepoint: 694000 ns, Total: 877300 ns
[44.915s][info][gc       ] GC(820) Pause Young (Allocation Failure) 658M->42M(932M) 0.603ms
[44.915s][info][safepoint] Safepoint "ParallelGCFailedAllocation", Time since last: 61059800 ns, Reaching safepoint: 116800 ns, At safepoint: 730600 ns, Total: 847400 ns
[44.976s][info][gc       ] GC(821) Pause Young (Allocation Failure) 630M->42M(908M) 0.534ms
[44.976s][info][safepoint] Safepoint "ParallelGCFailedAllocation", Time since last: 60447000 ns, Reaching safepoint: 186800 ns, At safepoint: 618400 ns, Total: 805200 ns
[45.033s][info][gc       ] GC(822) Pause Young (Allocation Failure) 608M->42M(885M) 0.518ms
[45.033s][info][safepoint] Safepoint "ParallelGCFailedAllocation", Time since last: 56572800 ns, Reaching safepoint: 133800 ns, At safepoint: 589000 ns, Total: 722800 ns
[45.088s][info][gc       ] GC(823) Pause Young (Allocation Failure) 585M->42M(863M) 0.495ms
[45.088s][info][safepoint] Safepoint "ParallelGCFailedAllocation", Time since last: 53623600 ns, Reaching safepoint: 204100 ns, At safepoint: 586100 ns, Total: 790200 ns
[45.140s][info][gc       ] GC(824) Pause Young (Allocation Failure) 561M->42M(842M) 0.464ms
[45.140s][info][safepoint] Safepoint "ParallelGCFailedAllocation", Time since last: 51489500 ns, Reaching safepoint: 142800 ns, At safepoint: 549300 ns, Total: 692100 ns
[45.190s][info][gc       ] GC(825) Pause Young (Allocation Failure) 542M->42M(823M) 0.400ms
[45.191s][info][safepoint] Safepoint "ParallelGCFailedAllocation", Time since last: 49878600 ns, Reaching safepoint: 181800 ns, At safepoint: 480600 ns, Total: 662400 ns
[45.240s][info][gc       ] GC(826) Pause Young (Allocation Failure) 523M->42M(804M) 0.467ms
[45.240s][info][safepoint] Safepoint "ParallelGCFailedAllocation", Time since last: 48396000 ns, Reaching safepoint: 171400 ns, At safepoint: 549700 ns, Total: 721100 ns
[45.287s][info][gc       ] GC(827) Pause Young (Allocation Failure) 504M->42M(786M) 0.486ms
[45.287s][info][safepoint] Safepoint "ParallelGCFailedAllocation", Time since last: 46229800 ns, Reaching safepoint: 143300 ns, At safepoint: 577900 ns, Total: 721200 ns
[45.331s][info][gc       ] GC(828) Pause Young (Allocation Failure) 484M->42M(769M) 0.572ms
[45.331s][info][safepoint] Safepoint "ParallelGCFailedAllocation", Time since last: 43908900 ns, Reaching safepoint: 189300 ns, At safepoint: 656400 ns, Total: 845700 ns
[45.375s][info][gc       ] GC(829) Pause Young (Allocation Failure) 470M->42M(753M) 0.594ms
[45.375s][info][safepoint] Safepoint "ParallelGCFailedAllocation", Time since last: 42704800 ns, Reaching safepoint: 205800 ns, At safepoint: 673000 ns, Total: 878800 ns
[45.418s][info][gc       ] GC(830) Pause Young (Allocation Failure) 454M->42M(737M) 0.470ms
[45.418s][info][safepoint] Safepoint "ParallelGCFailedAllocation", Time since last: 42171000 ns, Reaching safepoint: 125300 ns, At safepoint: 548400 ns, Total: 673700 ns
[45.458s][info][gc       ] GC(831) Pause Young (Allocation Failure) 436M->42M(723M) 0.457ms
[45.458s][info][safepoint] Safepoint "ParallelGCFailedAllocation", Time since last: 39879200 ns, Reaching safepoint: 191200 ns, At safepoint: 552700 ns, Total: 743900 ns
[45.498s][info][gc       ] GC(832) Pause Young (Allocation Failure) 422M->42M(709M) 0.453ms
[45.498s][info][safepoint] Safepoint "ParallelGCFailedAllocation", Time since last: 39144700 ns, Reaching safepoint: 111300 ns, At safepoint: 529300 ns, Total: 640600 ns
[45.536s][info][gc       ] GC(833) Pause Young (Allocation Failure) 410M->42M(695M) 0.356ms
[45.536s][info][safepoint] Safepoint "ParallelGCFailedAllocation", Time since last: 37034600 ns, Reaching safepoint: 191600 ns, At safepoint: 495700 ns, Total: 687300 ns
[45.572s][info][gc       ] GC(834) Pause Young (Allocation Failure) 396M->42M(766M) 0.765ms
[45.572s][info][safepoint] Safepoint "ParallelGCFailedAllocation", Time since last: 35172300 ns, Reaching safepoint: 191200 ns, At safepoint: 857500 ns, Total: 1048700 ns
[45.615s][info][gc       ] GC(835) Pause Young (Allocation Failure) 467M->42M(851M) 0.517ms
[45.615s][info][safepoint] Safepoint "ParallelGCFailedAllocation", Time since last: 42283600 ns, Reaching safepoint: 166200 ns, At safepoint: 608600 ns, Total: 774800 ns
[45.666s][info][gc       ] GC(836) Pause Young (Allocation Failure) 552M->42M(953M) 0.551ms
[45.666s][info][safepoint] Safepoint "ParallelGCFailedAllocation", Time since last: 49727700 ns, Reaching safepoint: 190000 ns, At safepoint: 641800 ns, Total: 831800 ns
[45.728s][info][gc       ] GC(837) Pause Young (Allocation Failure) 653M->42M(928M) 0.424ms
[45.728s][info][safepoint] Safepoint "ParallelGCFailedAllocation", Time since last: 61248000 ns, Reaching safepoint: 156700 ns, At safepoint: 522400 ns, Total: 679100 ns
[45.790s][info][gc       ] GC(838) Pause Young (Allocation Failure) 628M->42M(904M) 0.609ms
[45.790s][info][safepoint] Safepoint "ParallelGCFailedAllocation", Time since last: 61063700 ns, Reaching safepoint: 208800 ns, At safepoint: 698800 ns, Total: 907600 ns
[45.847s][info][gc       ] GC(839) Pause Young (Allocation Failure) 604M->42M(881M) 0.709ms
[45.847s][info][safepoint] Safepoint "ParallelGCFailedAllocation", Time since last: 56458200 ns, Reaching safepoint: 214100 ns, At safepoint: 788700 ns, Total: 1002800 ns
[45.900s][info][gc       ] GC(840) Pause Young (Allocation Failure) 580M->43M(860M) 0.481ms
[45.901s][info][safepoint] Safepoint "ParallelGCFailedAllocation", Time since last: 52690400 ns, Reaching safepoint: 149900 ns, At safepoint: 572400 ns, Total: 722300 ns
[45.953s][info][gc       ] GC(841) Pause Young (Allocation Failure) 562M->43M(840M) 0.522ms
[45.953s][info][safepoint] Safepoint "ParallelGCFailedAllocation", Time since last: 51356000 ns, Reaching safepoint: 144800 ns, At safepoint: 652800 ns, Total: 797600 ns
[46.005s][info][gc       ] GC(842) Pause Young (Allocation Failure) 541M->42M(819M) 0.528ms
[46.005s][info][safepoint] Safepoint "ParallelGCFailedAllocation", Time since last: 51159800 ns, Reaching safepoint: 135300 ns, At safepoint: 669000 ns, Total: 804300 ns
[46.053s][info][gc       ] GC(843) Pause Young (Allocation Failure) 519M->43M(802M) 0.535ms
[46.053s][info][safepoint] Safepoint "ParallelGCFailedAllocation", Time since last: 47863400 ns, Reaching safepoint: 191700 ns, At safepoint: 613600 ns, Total: 805300 ns
[46.099s][info][gc       ] GC(844) Pause Young (Allocation Failure) 503M->42M(783M) 0.467ms
[46.099s][info][safepoint] Safepoint "ParallelGCFailedAllocation", Time since last: 44546000 ns, Reaching safepoint: 184800 ns, At safepoint: 548100 ns, Total: 732900 ns
[46.143s][info][gc       ] GC(845) Pause Young (Allocation Failure) 484M->43M(767M) 0.551ms
[46.143s][info][safepoint] Safepoint "ParallelGCFailedAllocation", Time since last: 43885400 ns, Reaching safepoint: 141900 ns, At safepoint: 642500 ns, Total: 784400 ns
[46.186s][info][gc       ] GC(846) Pause Young (Allocation Failure) 468M->43M(751M) 0.648ms
[46.186s][info][safepoint] Safepoint "ParallelGCFailedAllocation", Time since last: 42263800 ns, Reaching safepoint: 216000 ns, At safepoint: 726800 ns, Total: 942800 ns
[46.228s][info][gc       ] GC(847) Pause Young (Allocation Failure) 452M->42M(734M) 0.508ms
[46.228s][info][safepoint] Safepoint "ParallelGCFailedAllocation", Time since last: 41055400 ns, Reaching safepoint: 193400 ns, At safepoint: 593100 ns, Total: 786500 ns
[46.268s][info][gc       ] GC(848) Pause Young (Allocation Failure) 435M->42M(813M) 0.524ms
[46.268s][info][safepoint] Safepoint "ParallelGCFailedAllocation", Time since last: 39317200 ns, Reaching safepoint: 207300 ns, At safepoint: 618200 ns, Total: 825500 ns
[46.317s][info][gc       ] GC(849) Pause Young (Allocation Failure) 514M->42M(795M) 0.458ms
[46.317s][info][safepoint] Safepoint "ParallelGCFailedAllocation", Time since last: 47859300 ns, Reaching safepoint: 154300 ns, At safepoint: 544000 ns, Total: 698300 ns
[46.363s][info][gc       ] GC(850) Pause Young (Allocation Failure) 495M->43M(778M) 0.603ms
[46.363s][info][safepoint] Safepoint "ParallelGCFailedAllocation", Time since last: 44905600 ns, Reaching safepoint: 198100 ns, At safepoint: 686500 ns, Total: 884600 ns
[46.405s][info][gc       ] GC(851) Pause Young (Allocation Failure) 480M->42M(761M) 0.505ms
[46.405s][info][safepoint] Safepoint "ParallelGCFailedAllocation", Time since last: 41666800 ns, Reaching safepoint: 161900 ns, At safepoint: 583700 ns, Total: 745600 ns
[46.447s][info][gc       ] GC(852) Pause Young (Allocation Failure) 462M->43M(746M) 0.389ms
[46.447s][info][safepoint] Safepoint "ParallelGCFailedAllocation", Time since last: 41331700 ns, Reaching safepoint: 189700 ns, At safepoint: 461600 ns, Total: 651300 ns
[46.488s][info][gc       ] GC(853) Pause Young (Allocation Failure) 447M->43M(731M) 0.503ms
[46.488s][info][safepoint] Safepoint "ParallelGCFailedAllocation", Time since last: 39988500 ns, Reaching safepoint: 134500 ns, At safepoint: 580300 ns, Total: 714800 ns
[46.526s][info][gc       ] GC(854) Pause Young (Allocation Failure) 432M->43M(809M) 0.610ms
[46.526s][info][safepoint] Safepoint "ParallelGCFailedAllocation", Time since last: 37467700 ns, Reaching safepoint: 199600 ns, At safepoint: 703200 ns, Total: 902800 ns
[46.574s][info][gc       ] GC(855) Pause Young (Allocation Failure) 510M->42M(790M) 0.435ms
[46.574s][info][safepoint] Safepoint "ParallelGCFailedAllocation", Time since last: 46835100 ns, Reaching safepoint: 211600 ns, At safepoint: 512200 ns, Total: 723800 ns
[46.620s][info][gc       ] GC(856) Pause Young (Allocation Failure) 490M->42M(772M) 0.445ms
[46.620s][info][safepoint] Safepoint "ParallelGCFailedAllocation", Time since last: 45475200 ns, Reaching safepoint: 193300 ns, At safepoint: 523000 ns, Total: 716300 ns
[46.664s][info][gc       ] GC(857) Pause Young (Allocation Failure) 473M->43M(757M) 0.527ms
[46.664s][info][safepoint] Safepoint "ParallelGCFailedAllocation", Time since last: 43561900 ns, Reaching safepoint: 171000 ns, At safepoint: 618600 ns, Total: 789600 ns
[46.707s][info][gc       ] GC(858) Pause Young (Allocation Failure) 458M->43M(741M) 0.607ms
[46.707s][info][safepoint] Safepoint "ParallelGCFailedAllocation", Time since last: 41448300 ns, Reaching safepoint: 121400 ns, At safepoint: 690900 ns, Total: 812300 ns
[46.747s][info][gc       ] GC(859) Pause Young (Allocation Failure) 443M->43M(821M) 0.544ms
[46.747s][info][safepoint] Safepoint "ParallelGCFailedAllocation", Time since last: 39782600 ns, Reaching safepoint: 182800 ns, At safepoint: 621700 ns, Total: 804500 ns
[46.795s][info][gc       ] GC(860) Pause Young (Allocation Failure) 523M->43M(803M) 0.549ms
[46.795s][info][safepoint] Safepoint "ParallelGCFailedAllocation", Time since last: 47170400 ns, Reaching safepoint: 163700 ns, At safepoint: 646500 ns, Total: 810200 ns
[46.843s][info][gc       ] GC(861) Pause Young (Allocation Failure) 503M->43M(785M) 0.547ms
[46.843s][info][safepoint] Safepoint "ParallelGCFailedAllocation", Time since last: 46609200 ns, Reaching safepoint: 197700 ns, At safepoint: 633600 ns, Total: 831300 ns
[46.889s][info][gc       ] GC(862) Pause Young (Allocation Failure) 487M->42M(873M) 0.602ms
[46.889s][info][safepoint] Safepoint "ParallelGCFailedAllocation", Time since last: 45608500 ns, Reaching safepoint: 224700 ns, At safepoint: 693800 ns, Total: 918500 ns
[46.945s][info][gc       ] GC(863) Pause Young (Allocation Failure) 573M->43M(853M) 0.519ms
[46.945s][info][safepoint] Safepoint "ParallelGCFailedAllocation", Time since last: 54906100 ns, Reaching safepoint: 154800 ns, At safepoint: 614800 ns, Total: 769600 ns
[46.999s][info][gc       ] GC(864) Pause Young (Allocation Failure) 553M->43M(833M) 0.575ms
[46.999s][info][safepoint] Safepoint "ParallelGCFailedAllocation", Time since last: 53336900 ns, Reaching safepoint: 221400 ns, At safepoint: 665200 ns, Total: 886600 ns
[47.050s][info][gc       ] GC(865) Pause Young (Allocation Failure) 534M->43M(930M) 0.791ms
[47.050s][info][safepoint] Safepoint "ParallelGCFailedAllocation", Time since last: 49698400 ns, Reaching safepoint: 188000 ns, At safepoint: 909700 ns, Total: 1097700 ns
[47.109s][info][gc       ] GC(866) Pause Young (Allocation Failure) 633M->45M(908M) 0.468ms
[47.109s][info][safepoint] Safepoint "ParallelGCFailedAllocation", Time since last: 58868500 ns, Reaching safepoint: 210900 ns, At safepoint: 553200 ns, Total: 764100 ns
[47.166s][info][gc       ] GC(867) Pause Young (Allocation Failure) 611M->45M(885M) 0.481ms
[47.166s][info][safepoint] Safepoint "ParallelGCFailedAllocation", Time since last: 55923800 ns, Reaching safepoint: 158200 ns, At safepoint: 578400 ns, Total: 736600 ns
[47.221s][info][gc       ] GC(868) Pause Young (Allocation Failure) 586M->45M(863M) 0.561ms
[47.221s][info][safepoint] Safepoint "ParallelGCFailedAllocation", Time since last: 54235600 ns, Reaching safepoint: 175200 ns, At safepoint: 656000 ns, Total: 831200 ns
[47.273s][info][gc       ] GC(869) Pause Young (Allocation Failure) 566M->45M(966M) 0.821ms
[47.273s][info][safepoint] Safepoint "ParallelGCFailedAllocation", Time since last: 50301500 ns, Reaching safepoint: 143400 ns, At safepoint: 906400 ns, Total: 1049800 ns
[47.335s][info][gc       ] GC(870) Pause Young (Allocation Failure) 670M->46M(942M) 0.501ms
[47.335s][info][safepoint] Safepoint "ParallelGCFailedAllocation", Time since last: 61470100 ns, Reaching safepoint: 142600 ns, At safepoint: 586000 ns, Total: 728600 ns
[47.394s][info][gc       ] GC(871) Pause Young (Allocation Failure) 645M->46M(917M) 0.559ms
[47.394s][info][safepoint] Safepoint "ParallelGCFailedAllocation", Time since last: 58044800 ns, Reaching safepoint: 201400 ns, At safepoint: 639200 ns, Total: 840600 ns
[47.452s][info][gc       ] GC(872) Pause Young (Allocation Failure) 620M->46M(894M) 0.551ms
[47.452s][info][safepoint] Safepoint "ParallelGCFailedAllocation", Time since last: 57957200 ns, Reaching safepoint: 134500 ns, At safepoint: 625700 ns, Total: 760200 ns
[47.508s][info][gc       ] GC(873) Pause Young (Allocation Failure) 597M->45M(870M) 0.478ms
[47.508s][info][safepoint] Safepoint "ParallelGCFailedAllocation", Time since last: 54604200 ns, Reaching safepoint: 202200 ns, At safepoint: 560800 ns, Total: 763000 ns
[47.560s][info][gc       ] GC(874) Pause Young (Allocation Failure) 574M->46M(851M) 0.416ms
[47.560s][info][safepoint] Safepoint "ParallelGCFailedAllocation", Time since last: 51384600 ns, Reaching safepoint: 203300 ns, At safepoint: 487700 ns, Total: 691000 ns
[47.612s][info][gc       ] GC(875) Pause Young (Allocation Failure) 554M->46M(831M) 0.577ms
[47.612s][info][safepoint] Safepoint "ParallelGCFailedAllocation", Time since last: 50921100 ns, Reaching safepoint: 204400 ns, At safepoint: 663500 ns, Total: 867900 ns
[47.660s][info][gc       ] GC(876) Pause Young (Allocation Failure) 535M->46M(812M) 0.545ms
[47.660s][info][safepoint] Safepoint "ParallelGCFailedAllocation", Time since last: 47485900 ns, Reaching safepoint: 146200 ns, At safepoint: 642400 ns, Total: 788600 ns
[47.708s][info][gc       ] GC(877) Pause Young (Allocation Failure) 515M->46M(904M) 0.843ms
[47.708s][info][safepoint] Safepoint "ParallelGCFailedAllocation", Time since last: 46749800 ns, Reaching safepoint: 211500 ns, At safepoint: 931100 ns, Total: 1142600 ns
[47.765s][info][gc       ] GC(878) Pause Young (Allocation Failure) 610M->46M(881M) 0.447ms
[47.765s][info][safepoint] Safepoint "ParallelGCFailedAllocation", Time since last: 56498300 ns, Reaching safepoint: 180800 ns, At safepoint: 538000 ns, Total: 718800 ns
[47.822s][info][gc       ] GC(879) Pause Young (Allocation Failure) 586M->47M(861M) 0.429ms
[47.822s][info][safepoint] Safepoint "ParallelGCFailedAllocation", Time since last: 56221500 ns, Reaching safepoint: 127000 ns, At safepoint: 510500 ns, Total: 637500 ns
[47.875s][info][gc       ] GC(880) Pause Young (Allocation Failure) 566M->47M(841M) 0.555ms
[47.875s][info][safepoint] Safepoint "ParallelGCFailedAllocation", Time since last: 52454700 ns, Reaching safepoint: 123200 ns, At safepoint: 674300 ns, Total: 797500 ns
[47.927s][info][gc       ] GC(881) Pause Young (Allocation Failure) 545M->47M(821M) 0.447ms
[47.927s][info][safepoint] Safepoint "ParallelGCFailedAllocation", Time since last: 51667600 ns, Reaching safepoint: 128400 ns, At safepoint: 524000 ns, Total: 652400 ns
[47.980s][info][gc       ] GC(882) Pause Young (Allocation Failure) 525M->48M(804M) 0.759ms
[47.980s][info][safepoint] Safepoint "ParallelGCFailedAllocation", Time since last: 51914400 ns, Reaching safepoint: 179000 ns, At safepoint: 841200 ns, Total: 1020200 ns
[48.030s][info][gc       ] GC(883) Pause Young (Allocation Failure) 509M->48M(894M) 0.884ms
[48.030s][info][safepoint] Safepoint "ParallelGCFailedAllocation", Time since last: 48929200 ns, Reaching safepoint: 209800 ns, At safepoint: 1004000 ns, Total: 1213800 ns
[48.087s][info][gc       ] GC(884) Pause Young (Allocation Failure) 599M->50M(1006M) 0.612ms
[48.087s][info][safepoint] Safepoint "ParallelGCFailedAllocation", Time since last: 55572700 ns, Reaching safepoint: 192100 ns, At safepoint: 694300 ns, Total: 886400 ns
[48.155s][info][gc       ] GC(885) Pause Young (Allocation Failure) 713M->50M(979M) 0.607ms
[48.155s][info][safepoint] Safepoint "ParallelGCFailedAllocation", Time since last: 67251200 ns, Reaching safepoint: 183300 ns, At safepoint: 690300 ns, Total: 873600 ns
[48.219s][info][gc       ] GC(886) Pause Young (Allocation Failure) 687M->50M(952M) 0.536ms
[48.219s][info][safepoint] Safepoint "ParallelGCFailedAllocation", Time since last: 63021000 ns, Reaching safepoint: 188900 ns, At safepoint: 627000 ns, Total: 815900 ns
[48.283s][info][gc       ] GC(887) Pause Young (Allocation Failure) 659M->50M(1072M) 1.078ms
[48.283s][info][safepoint] Safepoint "ParallelGCFailedAllocation", Time since last: 62708200 ns, Reaching safepoint: 202400 ns, At safepoint: 1170100 ns, Total: 1372500 ns
[48.360s][info][gc       ] GC(888) Pause Young (Allocation Failure) 782M->52M(1045M) 0.553ms
[48.361s][info][safepoint] Safepoint "ParallelGCFailedAllocation", Time since last: 76680900 ns, Reaching safepoint: 192000 ns, At safepoint: 647200 ns, Total: 839200 ns
[48.427s][info][gc       ] GC(889) Pause Young (Allocation Failure) 754M->51M(1013M) 0.536ms
[48.428s][info][safepoint] Safepoint "ParallelGCFailedAllocation", Time since last: 66152900 ns, Reaching safepoint: 197100 ns, At safepoint: 645100 ns, Total: 842200 ns
[48.493s][info][gc       ] GC(890) Pause Young (Allocation Failure) 723M->52M(986M) 0.720ms
[48.493s][info][safepoint] Safepoint "ParallelGCFailedAllocation", Time since last: 64476000 ns, Reaching safepoint: 204300 ns, At safepoint: 808400 ns, Total: 1012700 ns
[48.557s][info][gc       ] GC(891) Pause Young (Allocation Failure) 697M->52M(960M) 0.483ms
[48.557s][info][safepoint] Safepoint "ParallelGCFailedAllocation", Time since last: 63264500 ns, Reaching safepoint: 212100 ns, At safepoint: 589500 ns, Total: 801600 ns
[48.618s][info][gc       ] GC(892) Pause Young (Allocation Failure) 669M->52M(934M) 0.744ms
[48.618s][info][safepoint] Safepoint "ParallelGCFailedAllocation", Time since last: 60044200 ns, Reaching safepoint: 183100 ns, At safepoint: 839000 ns, Total: 1022100 ns
[48.679s][info][gc       ] GC(893) Pause Young (Allocation Failure) 644M->52M(909M) 0.879ms
[48.679s][info][safepoint] Safepoint "ParallelGCFailedAllocation", Time since last: 59337300 ns, Reaching safepoint: 224000 ns, At safepoint: 964700 ns, Total: 1188700 ns
[48.737s][info][gc       ] GC(894) Pause Young (Allocation Failure) 620M->53M(887M) 0.641ms
[48.737s][info][safepoint] Safepoint "ParallelGCFailedAllocation", Time since last: 56545700 ns, Reaching safepoint: 973800 ns, At safepoint: 726300 ns, Total: 1700100 ns
[48.793s][info][gc       ] GC(895) Pause Young (Allocation Failure) 598M->53M(865M) 0.661ms
[48.793s][info][safepoint] Safepoint "ParallelGCFailedAllocation", Time since last: 55372100 ns, Reaching safepoint: 203100 ns, At safepoint: 745200 ns, Total: 948300 ns
[48.850s][info][gc       ] GC(896) Pause Young (Allocation Failure) 575M->53M(844M) 0.670ms
[48.850s][info][safepoint] Safepoint "ParallelGCFailedAllocation", Time since last: 56271000 ns, Reaching safepoint: 218600 ns, At safepoint: 767400 ns, Total: 986000 ns
[48.902s][info][gc       ] GC(897) Pause Young (Allocation Failure) 554M->53M(943M) 0.827ms
[48.902s][info][safepoint] Safepoint "ParallelGCFailedAllocation", Time since last: 50140500 ns, Reaching safepoint: 196900 ns, At safepoint: 917300 ns, Total: 1114200 ns
[48.963s][info][gc       ] GC(898) Pause Young (Allocation Failure) 654M->55M(1066M) 0.689ms
[48.963s][info][safepoint] Safepoint "ParallelGCFailedAllocation", Time since last: 60117200 ns, Reaching safepoint: 242700 ns, At safepoint: 844200 ns, Total: 1086900 ns
[49.037s][info][gc       ] GC(899) Pause Young (Allocation Failure) 777M->55M(1035M) 0.421ms
[49.037s][info][safepoint] Safepoint "ParallelGCFailedAllocation", Time since last: 73275000 ns, Reaching safepoint: 121200 ns, At safepoint: 504100 ns, Total: 625300 ns
[49.107s][info][gc       ] GC(900) Pause Young (Allocation Failure) 748M->55M(1006M) 0.710ms
[49.107s][info][safepoint] Safepoint "ParallelGCFailedAllocation", Time since last: 68955500 ns, Reaching safepoint: 133600 ns, At safepoint: 862000 ns, Total: 995600 ns
[49.174s][info][gc       ] GC(901) Pause Young (Allocation Failure) 718M->55M(977M) 0.808ms
[49.174s][info][safepoint] Safepoint "ParallelGCFailedAllocation", Time since last: 66118700 ns, Reaching safepoint: 222900 ns, At safepoint: 889700 ns, Total: 1112600 ns
[49.239s][info][gc       ] GC(902) Pause Young (Allocation Failure) 692M->56M(952M) 0.494ms
[49.239s][info][safepoint] Safepoint "ParallelGCFailedAllocation", Time since last: 64129600 ns, Reaching safepoint: 196900 ns, At safepoint: 565700 ns, Total: 762600 ns
[49.301s][info][gc       ] GC(903) Pause Young (Allocation Failure) 664M->56M(927M) 0.481ms
[49.301s][info][safepoint] Safepoint "ParallelGCFailedAllocation", Time since last: 61197600 ns, Reaching safepoint: 189700 ns, At safepoint: 567200 ns, Total: 756900 ns
[49.360s][info][gc       ] GC(904) Pause Young (Allocation Failure) 641M->56M(903M) 0.677ms
[49.360s][info][safepoint] Safepoint "ParallelGCFailedAllocation", Time since last: 58193200 ns, Reaching safepoint: 132500 ns, At safepoint: 803200 ns, Total: 935700 ns
[49.419s][info][gc       ] GC(905) Pause Young (Allocation Failure) 617M->56M(879M) 0.834ms
[49.419s][info][safepoint] Safepoint "ParallelGCFailedAllocation", Time since last: 57452900 ns, Reaching safepoint: 211900 ns, At safepoint: 914300 ns, Total: 1126200 ns
[49.472s][info][gc       ] GC(906) Pause Young (Allocation Failure) 594M->57M(859M) 0.594ms
[49.472s][info][safepoint] Safepoint "ParallelGCFailedAllocation", Time since last: 52299800 ns, Reaching safepoint: 160600 ns, At safepoint: 688500 ns, Total: 849100 ns
[49.524s][info][gc       ] GC(907) Pause Young (Allocation Failure) 574M->56M(837M) 0.546ms
[49.524s][info][safepoint] Safepoint "ParallelGCFailedAllocation", Time since last: 51652700 ns, Reaching safepoint: 183600 ns, At safepoint: 627600 ns, Total: 811200 ns
[49.574s][info][gc       ] GC(908) Pause Young (Allocation Failure) 551M->57M(819M) 0.533ms
[49.575s][info][safepoint] Safepoint "ParallelGCFailedAllocation", Time since last: 49533800 ns, Reaching safepoint: 219600 ns, At safepoint: 617000 ns, Total: 836600 ns
[49.622s][info][gc       ] GC(909) Pause Young (Allocation Failure) 534M->56M(799M) 0.564ms
[49.622s][info][safepoint] Safepoint "ParallelGCFailedAllocation", Time since last: 46850800 ns, Reaching safepoint: 178300 ns, At safepoint: 659200 ns, Total: 837500 ns
[49.667s][info][gc       ] GC(910) Pause Young (Allocation Failure) 515M->57M(783M) 0.430ms
[49.667s][info][safepoint] Safepoint "ParallelGCFailedAllocation", Time since last: 44488600 ns, Reaching safepoint: 123000 ns, At safepoint: 547200 ns, Total: 670200 ns
[49.713s][info][gc       ] GC(911) Pause Young (Allocation Failure) 498M->57M(872M) 0.768ms
[49.713s][info][safepoint] Safepoint "ParallelGCFailedAllocation", Time since last: 44996000 ns, Reaching safepoint: 99100 ns, At safepoint: 852500 ns, Total: 951600 ns
[49.769s][info][gc       ] GC(912) Pause Young (Allocation Failure) 587M->57M(978M) 1.077ms
[49.769s][info][safepoint] Safepoint "ParallelGCFailedAllocation", Time since last: 54312600 ns, Reaching safepoint: 157700 ns, At safepoint: 1161800 ns, Total: 1319500 ns
[49.838s][info][gc       ] GC(913) Pause Young (Allocation Failure) 692M->57M(1104M) 0.861ms
[49.838s][info][safepoint] Safepoint "ParallelGCFailedAllocation", Time since last: 67545400 ns, Reaching safepoint: 132500 ns, At safepoint: 1021000 ns, Total: 1153500 ns
[49.915s][info][gc       ] GC(914) Pause Young (Allocation Failure) 820M->59M(1258M) 0.804ms
[49.915s][info][safepoint] Safepoint "ParallelGCFailedAllocation", Time since last: 76264900 ns, Reaching safepoint: 135000 ns, At safepoint: 882500 ns, Total: 1017500 ns
[50.008s][info][gc       ] GC(915) Pause Young (Allocation Failure) 974M->59M(1218M) 0.389ms
[50.008s][info][safepoint] Safepoint "ParallelGCFailedAllocation", Time since last: 92622500 ns, Reaching safepoint: 122800 ns, At safepoint: 467500 ns, Total: 590300 ns
[50.096s][info][gc       ] GC(916) Pause Young (Allocation Failure) 935M->59M(1180M) 0.792ms
[50.096s][info][safepoint] Safepoint "ParallelGCFailedAllocation", Time since last: 86906500 ns, Reaching safepoint: 192800 ns, At safepoint: 873800 ns, Total: 1066600 ns
[50.181s][info][gc       ] GC(917) Pause Young (Allocation Failure) 895M->59M(1143M) 0.744ms
[50.181s][info][safepoint] Safepoint "ParallelGCFailedAllocation", Time since last: 84285100 ns, Reaching safepoint: 198100 ns, At safepoint: 837400 ns, Total: 1035500 ns
[50.262s][info][gc       ] GC(918) Pause Young (Allocation Failure) 860M->59M(1108M) 0.525ms
[50.262s][info][safepoint] Safepoint "ParallelGCFailedAllocation", Time since last: 79652900 ns, Reaching safepoint: 185200 ns, At safepoint: 619600 ns, Total: 804800 ns
[50.342s][info][gc       ] GC(919) Pause Young (Allocation Failure) 826M->60M(1077M) 0.525ms
[50.342s][info][safepoint] Safepoint "ParallelGCFailedAllocation", Time since last: 79421200 ns, Reaching safepoint: 139500 ns, At safepoint: 678500 ns, Total: 818000 ns
[50.414s][info][gc       ] GC(920) Pause Young (Allocation Failure) 795M->60M(1046M) 0.581ms
[50.414s][info][safepoint] Safepoint "ParallelGCFailedAllocation", Time since last: 70990800 ns, Reaching safepoint: 193700 ns, At safepoint: 684700 ns, Total: 878400 ns
[50.485s][info][gc       ] GC(921) Pause Young (Allocation Failure) 763M->60M(1015M) 0.811ms
[50.485s][info][safepoint] Safepoint "ParallelGCFailedAllocation", Time since last: 70135600 ns, Reaching safepoint: 143500 ns, At safepoint: 937300 ns, Total: 1080800 ns
[50.553s][info][gc       ] GC(922) Pause Young (Allocation Failure) 735M->61M(989M) 0.585ms
[50.553s][info][safepoint] Safepoint "ParallelGCFailedAllocation", Time since last: 67288100 ns, Reaching safepoint: 131200 ns, At safepoint: 661900 ns, Total: 793100 ns
[50.619s][info][gc       ] GC(923) Pause Young (Allocation Failure) 708M->60M(960M) 0.572ms
[50.619s][info][safepoint] Safepoint "ParallelGCFailedAllocation", Time since last: 64700900 ns, Reaching safepoint: 151800 ns, At safepoint: 649200 ns, Total: 801000 ns
[50.682s][info][gc       ] GC(924) Pause Young (Allocation Failure) 678M->61M(936M) 0.544ms
[50.682s][info][safepoint] Safepoint "ParallelGCFailedAllocation", Time since last: 62433400 ns, Reaching safepoint: 173100 ns, At safepoint: 638600 ns, Total: 811700 ns
[50.741s][info][gc       ] GC(925) Pause Young (Allocation Failure) 655M->61M(1055M) 1.202ms
[50.741s][info][safepoint] Safepoint "ParallelGCFailedAllocation", Time since last: 57490400 ns, Reaching safepoint: 128900 ns, At safepoint: 1314400 ns, Total: 1443300 ns
[50.814s][info][gc       ] GC(926) Pause Young (Allocation Failure) 775M->61M(1025M) 0.639ms
[50.814s][info][safepoint] Safepoint "ParallelGCFailedAllocation", Time since last: 71816000 ns, Reaching safepoint: 209200 ns, At safepoint: 728300 ns, Total: 937500 ns
[50.883s][info][gc       ] GC(927) Pause Young (Allocation Failure) 743M->61M(1160M) 1.216ms
[50.883s][info][safepoint] Safepoint "ParallelGCFailedAllocation", Time since last: 67633200 ns, Reaching safepoint: 206200 ns, At safepoint: 1313000 ns, Total: 1519200 ns
[50.965s][info][gc       ] GC(928) Pause Young (Allocation Failure) 880M->64M(1328M) 0.651ms
[50.965s][info][safepoint] Safepoint "ParallelGCFailedAllocation", Time since last: 81130300 ns, Reaching safepoint: 194800 ns, At safepoint: 724800 ns, Total: 919600 ns
[51.064s][info][gc       ] GC(929) Pause Young (Allocation Failure) 1049M->64M(1283M) 0.518ms
[51.064s][info][safepoint] Safepoint "ParallelGCFailedAllocation", Time since last: 98018200 ns, Reaching safepoint: 196100 ns, At safepoint: 595700 ns, Total: 791800 ns
[51.158s][info][gc       ] GC(930) Pause Young (Allocation Failure) 1003M->64M(1242M) 0.540ms
[51.158s][info][safepoint] Safepoint "ParallelGCFailedAllocation", Time since last: 93568600 ns, Reaching safepoint: 135000 ns, At safepoint: 622700 ns, Total: 757700 ns
[51.248s][info][gc       ] GC(931) Pause Young (Allocation Failure) 963M->64M(1203M) 0.509ms
[51.248s][info][safepoint] Safepoint "ParallelGCFailedAllocation", Time since last: 89515400 ns, Reaching safepoint: 202200 ns, At safepoint: 607200 ns, Total: 809400 ns
[51.336s][info][gc       ] GC(932) Pause Young (Allocation Failure) 924M->64M(1166M) 0.697ms
[51.336s][info][safepoint] Safepoint "ParallelGCFailedAllocation", Time since last: 86301200 ns, Reaching safepoint: 147200 ns, At safepoint: 794600 ns, Total: 941800 ns
[51.419s][info][gc       ] GC(933) Pause Young (Allocation Failure) 887M->64M(1130M) 0.697ms
[51.419s][info][safepoint] Safepoint "ParallelGCFailedAllocation", Time since last: 82050900 ns, Reaching safepoint: 209100 ns, At safepoint: 782300 ns, Total: 991400 ns
[51.498s][info][gc       ] GC(934) Pause Young (Allocation Failure) 852M->64M(1097M) 0.558ms
[51.499s][info][safepoint] Safepoint "ParallelGCFailedAllocation", Time since last: 79057000 ns, Reaching safepoint: 139900 ns, At safepoint: 694000 ns, Total: 833900 ns
[51.580s][info][gc       ] GC(935) Pause Young (Allocation Failure) 818M->64M(1062M) 1.429ms
[51.580s][info][safepoint] Safepoint "ParallelGCFailedAllocation", Time since last: 79747100 ns, Reaching safepoint: 189900 ns, At safepoint: 1512400 ns, Total: 1702300 ns
[51.655s][info][gc       ] GC(936) Pause Young (Allocation Failure) 787M->66M(1036M) 0.541ms
[51.655s][info][safepoint] Safepoint "ParallelGCFailedAllocation", Time since last: 73837100 ns, Reaching safepoint: 204400 ns, At safepoint: 634300 ns, Total: 838700 ns
[51.726s][info][gc       ] GC(937) Pause Young (Allocation Failure) 757M->66M(1005M) 0.452ms
[51.726s][info][safepoint] Safepoint "ParallelGCFailedAllocation", Time since last: 70187200 ns, Reaching safepoint: 132800 ns, At safepoint: 561400 ns, Total: 694200 ns
[51.792s][info][gc       ] GC(938) Pause Young (Allocation Failure) 728M->66M(978M) 0.559ms
[51.792s][info][safepoint] Safepoint "ParallelGCFailedAllocation", Time since last: 65347100 ns, Reaching safepoint: 141500 ns, At safepoint: 645400 ns, Total: 786900 ns
[51.856s][info][gc       ] GC(939) Pause Young (Allocation Failure) 701M->66M(951M) 0.456ms
[51.856s][info][safepoint] Safepoint "ParallelGCFailedAllocation", Time since last: 63997100 ns, Reaching safepoint: 183800 ns, At safepoint: 535600 ns, Total: 719400 ns
[51.919s][info][gc       ] GC(940) Pause Young (Allocation Failure) 675M->66M(926M) 0.631ms
[51.919s][info][safepoint] Safepoint "ParallelGCFailedAllocation", Time since last: 61639100 ns, Reaching safepoint: 190100 ns, At safepoint: 712600 ns, Total: 902700 ns
[51.979s][info][gc       ] GC(941) Pause Young (Allocation Failure) 650M->66M(902M) 0.518ms
[51.979s][info][safepoint] Safepoint "ParallelGCFailedAllocation", Time since last: 59358800 ns, Reaching safepoint: 118200 ns, At safepoint: 612500 ns, Total: 730700 ns
[52.036s][info][gc       ] GC(942) Pause Young (Allocation Failure) 626M->66M(880M) 0.812ms
[52.036s][info][safepoint] Safepoint "ParallelGCFailedAllocation", Time since last: 56138700 ns, Reaching safepoint: 197700 ns, At safepoint: 961000 ns, Total: 1158700 ns
[52.090s][info][gc       ] GC(943) Pause Young (Allocation Failure) 604M->65M(857M) 0.488ms
[52.091s][info][safepoint] Safepoint "ParallelGCFailedAllocation", Time since last: 53434900 ns, Reaching safepoint: 135200 ns, At safepoint: 559700 ns, Total: 694900 ns
[52.143s][info][gc       ] GC(944) Pause Young (Allocation Failure) 580M->66M(838M) 0.679ms
[52.143s][info][safepoint] Safepoint "ParallelGCFailedAllocation", Time since last: 51499400 ns, Reaching safepoint: 173900 ns, At safepoint: 754500 ns, Total: 928400 ns
[52.193s][info][gc       ] GC(945) Pause Young (Allocation Failure) 562M->66M(818M) 0.727ms
[52.193s][info][safepoint] Safepoint "ParallelGCFailedAllocation", Time since last: 49419100 ns, Reaching safepoint: 205800 ns, At safepoint: 811200 ns, Total: 1017000 ns
[52.242s][info][gc       ] GC(946) Pause Young (Allocation Failure) 542M->65M(912M) 0.688ms
[52.242s][info][safepoint] Safepoint "ParallelGCFailedAllocation", Time since last: 47695700 ns, Reaching safepoint: 198800 ns, At safepoint: 797800 ns, Total: 996600 ns
[52.301s][info][gc       ] GC(947) Pause Young (Allocation Failure) 636M->66M(891M) 0.495ms
[52.301s][info][safepoint] Safepoint "ParallelGCFailedAllocation", Time since last: 58027400 ns, Reaching safepoint: 184000 ns, At safepoint: 614900 ns, Total: 798900 ns
[52.356s][info][gc       ] GC(948) Pause Young (Allocation Failure) 615M->66M(869M) 0.500ms
[52.356s][info][safepoint] Safepoint "ParallelGCFailedAllocation", Time since last: 54458900 ns, Reaching safepoint: 215900 ns, At safepoint: 586500 ns, Total: 802400 ns
[52.409s][info][gc       ] GC(949) Pause Young (Allocation Failure) 593M->66M(846M) 0.808ms
[52.409s][info][safepoint] Safepoint "ParallelGCFailedAllocation", Time since last: 51790800 ns, Reaching safepoint: 191200 ns, At safepoint: 898100 ns, Total: 1089300 ns
[52.461s][info][gc       ] GC(950) Pause Young (Allocation Failure) 571M->68M(949M) 0.707ms
[52.461s][info][safepoint] Safepoint "ParallelGCFailedAllocation", Time since last: 51406100 ns, Reaching safepoint: 185600 ns, At safepoint: 819900 ns, Total: 1005500 ns
[52.523s][info][gc       ] GC(951) Pause Young (Allocation Failure) 674M->68M(1071M) 0.642ms
[52.523s][info][safepoint] Safepoint "ParallelGCFailedAllocation", Time since last: 60287500 ns, Reaching safepoint: 192700 ns, At safepoint: 761600 ns, Total: 954300 ns
[52.593s][info][gc       ] GC(952) Pause Young (Allocation Failure) 796M->68M(1040M) 0.616ms
[52.594s][info][safepoint] Safepoint "ParallelGCFailedAllocation", Time since last: 69922700 ns, Reaching safepoint: 188300 ns, At safepoint: 708200 ns, Total: 896500 ns
[52.664s][info][gc       ] GC(953) Pause Young (Allocation Failure) 765M->68M(1177M) 1.164ms
[52.664s][info][safepoint] Safepoint "ParallelGCFailedAllocation", Time since last: 68945500 ns, Reaching safepoint: 150300 ns, At safepoint: 1262800 ns, Total: 1413100 ns
[52.746s][info][gc       ] GC(954) Pause Young (Allocation Failure) 904M->70M(1145M) 0.571ms
[52.746s][info][safepoint] Safepoint "ParallelGCFailedAllocation", Time since last: 81135500 ns, Reaching safepoint: 125300 ns, At safepoint: 689000 ns, Total: 814300 ns
[52.826s][info][gc       ] GC(955) Pause Young (Allocation Failure) 872M->70M(1109M) 0.517ms
[52.826s][info][safepoint] Safepoint "ParallelGCFailedAllocation", Time since last: 79358300 ns, Reaching safepoint: 212700 ns, At safepoint: 595400 ns, Total: 808100 ns
[52.905s][info][gc       ] GC(956) Pause Young (Allocation Failure) 837M->70M(1077M) 0.598ms
[52.905s][info][safepoint] Safepoint "ParallelGCFailedAllocation", Time since last: 78495800 ns, Reaching safepoint: 189500 ns, At safepoint: 718800 ns, Total: 908300 ns
[52.981s][info][gc       ] GC(957) Pause Young (Allocation Failure) 805M->70M(1046M) 0.748ms
[52.981s][info][safepoint] Safepoint "ParallelGCFailedAllocation", Time since last: 74508300 ns, Reaching safepoint: 146900 ns, At safepoint: 873700 ns, Total: 1020600 ns
[53.055s][info][gc       ] GC(958) Pause Young (Allocation Failure) 772M->70M(1016M) 0.595ms
[53.055s][info][safepoint] Safepoint "ParallelGCFailedAllocation", Time since last: 73050600 ns, Reaching safepoint: 195800 ns, At safepoint: 691600 ns, Total: 887400 ns
[53.122s][info][gc       ] GC(959) Pause Young (Allocation Failure) 743M->70M(988M) 0.487ms
[53.122s][info][safepoint] Safepoint "ParallelGCFailedAllocation", Time since last: 66315700 ns, Reaching safepoint: 185900 ns, At safepoint: 577500 ns, Total: 763400 ns
[53.187s][info][gc       ] GC(960) Pause Young (Allocation Failure) 716M->70M(961M) 0.738ms
[53.187s][info][safepoint] Safepoint "ParallelGCFailedAllocation", Time since last: 64367600 ns, Reaching safepoint: 210900 ns, At safepoint: 838600 ns, Total: 1049500 ns
[53.250s][info][gc       ] GC(961) Pause Young (Allocation Failure) 689M->70M(934M) 0.944ms
[53.250s][info][safepoint] Safepoint "ParallelGCFailedAllocation", Time since last: 61801400 ns, Reaching safepoint: 120600 ns, At safepoint: 1094000 ns, Total: 1214600 ns
[53.311s][info][gc       ] GC(962) Pause Young (Allocation Failure) 664M->72M(912M) 0.724ms
[53.311s][info][safepoint] Safepoint "ParallelGCFailedAllocation", Time since last: 59863100 ns, Reaching safepoint: 133800 ns, At safepoint: 820300 ns, Total: 954100 ns
[53.369s][info][gc       ] GC(963) Pause Young (Allocation Failure) 641M->72M(889M) 0.597ms
[53.369s][info][safepoint] Safepoint "ParallelGCFailedAllocation", Time since last: 57219400 ns, Reaching safepoint: 211300 ns, At safepoint: 685400 ns, Total: 896700 ns
[53.424s][info][gc       ] GC(964) Pause Young (Allocation Failure) 618M->72M(867M) 0.614ms
[53.424s][info][safepoint] Safepoint "ParallelGCFailedAllocation", Time since last: 53721200 ns, Reaching safepoint: 195000 ns, At safepoint: 701200 ns, Total: 896200 ns
[53.477s][info][gc       ] GC(965) Pause Young (Allocation Failure) 595M->72M(970M) 0.874ms
[53.477s][info][safepoint] Safepoint "ParallelGCFailedAllocation", Time since last: 52333400 ns, Reaching safepoint: 205400 ns, At safepoint: 960600 ns, Total: 1166000 ns
[53.540s][info][gc       ] GC(966) Pause Young (Allocation Failure) 700M->73M(946M) 0.472ms
[53.540s][info][safepoint] Safepoint "ParallelGCFailedAllocation", Time since last: 62281800 ns, Reaching safepoint: 141600 ns, At safepoint: 555000 ns, Total: 696600 ns
[53.601s][info][gc       ] GC(967) Pause Young (Allocation Failure) 677M->73M(921M) 0.535ms
[53.601s][info][safepoint] Safepoint "ParallelGCFailedAllocation", Time since last: 60074400 ns, Reaching safepoint: 220000 ns, At safepoint: 608900 ns, Total: 828900 ns
[53.663s][info][gc       ] GC(968) Pause Young (Allocation Failure) 650M->73M(898M) 0.656ms
[53.663s][info][safepoint] Safepoint "ParallelGCFailedAllocation", Time since last: 61058700 ns, Reaching safepoint: 182600 ns, At safepoint: 757400 ns, Total: 940000 ns
[53.721s][info][gc       ] GC(969) Pause Young (Allocation Failure) 628M->73M(1008M) 0.883ms
[53.721s][info][safepoint] Safepoint "ParallelGCFailedAllocation", Time since last: 56256500 ns, Reaching safepoint: 214400 ns, At safepoint: 971100 ns, Total: 1185500 ns
[53.789s][info][gc       ] GC(970) Pause Young (Allocation Failure) 740M->74M(981M) 0.719ms
[53.789s][info][safepoint] Safepoint "ParallelGCFailedAllocation", Time since last: 66973800 ns, Reaching safepoint: 268700 ns, At safepoint: 801700 ns, Total: 1070400 ns
[53.854s][info][gc       ] GC(971) Pause Young (Allocation Failure) 713M->74M(955M) 0.517ms
[53.854s][info][safepoint] Safepoint "ParallelGCFailedAllocation", Time since last: 64167500 ns, Reaching safepoint: 233700 ns, At safepoint: 592100 ns, Total: 825800 ns
[53.916s][info][gc       ] GC(972) Pause Young (Allocation Failure) 686M->74M(930M) 0.618ms
[53.916s][info][safepoint] Safepoint "ParallelGCFailedAllocation", Time since last: 61685400 ns, Reaching safepoint: 121500 ns, At safepoint: 721700 ns, Total: 843200 ns
[53.977s][info][gc       ] GC(973) Pause Young (Allocation Failure) 661M->74M(1046M) 1.032ms
[53.977s][info][safepoint] Safepoint "ParallelGCFailedAllocation", Time since last: 59860700 ns, Reaching safepoint: 125400 ns, At safepoint: 1189200 ns, Total: 1314600 ns
[54.051s][info][gc       ] GC(974) Pause Young (Allocation Failure) 779M->74M(1017M) 0.542ms
[54.051s][info][safepoint] Safepoint "ParallelGCFailedAllocation", Time since last: 73048900 ns, Reaching safepoint: 202800 ns, At safepoint: 621500 ns, Total: 824300 ns
[54.120s][info][gc       ] GC(975) Pause Young (Allocation Failure) 751M->76M(990M) 0.557ms
[54.120s][info][safepoint] Safepoint "ParallelGCFailedAllocation", Time since last: 67762200 ns, Reaching safepoint: 180400 ns, At safepoint: 646500 ns, Total: 826900 ns
[54.188s][info][gc       ] GC(976) Pause Young (Allocation Failure) 723M->74M(962M) 0.593ms
[54.188s][info][safepoint] Safepoint "ParallelGCFailedAllocation", Time since last: 67139500 ns, Reaching safepoint: 193600 ns, At safepoint: 683500 ns, Total: 877100 ns
[54.250s][info][gc       ] GC(977) Pause Young (Allocation Failure) 695M->76M(938M) 0.683ms
[54.250s][info][safepoint] Safepoint "ParallelGCFailedAllocation", Time since last: 61109000 ns, Reaching safepoint: 179200 ns, At safepoint: 773600 ns, Total: 952800 ns
[54.309s][info][gc       ] GC(978) Pause Young (Allocation Failure) 669M->76M(913M) 0.478ms
[54.309s][info][safepoint] Safepoint "ParallelGCFailedAllocation", Time since last: 58389200 ns, Reaching safepoint: 127000 ns, At safepoint: 561100 ns, Total: 688100 ns
[54.367s][info][gc       ] GC(979) Pause Young (Allocation Failure) 645M->76M(889M) 0.850ms
[54.367s][info][safepoint] Safepoint "ParallelGCFailedAllocation", Time since last: 56542100 ns, Reaching safepoint: 179300 ns, At safepoint: 934300 ns, Total: 1113600 ns
[54.423s][info][gc       ] GC(980) Pause Young (Allocation Failure) 624M->77M(868M) 0.487ms
[54.423s][info][safepoint] Safepoint "ParallelGCFailedAllocation", Time since last: 55417400 ns, Reaching safepoint: 139400 ns, At safepoint: 565700 ns, Total: 705100 ns
[54.477s][info][gc       ] GC(981) Pause Young (Allocation Failure) 602M->77M(847M) 0.583ms
[54.477s][info][safepoint] Safepoint "ParallelGCFailedAllocation", Time since last: 53280800 ns, Reaching safepoint: 129700 ns, At safepoint: 689100 ns, Total: 818800 ns
[54.529s][info][gc       ] GC(982) Pause Young (Allocation Failure) 581M->77M(827M) 0.646ms
[54.529s][info][safepoint] Safepoint "ParallelGCFailedAllocation", Time since last: 51204600 ns, Reaching safepoint: 138100 ns, At safepoint: 740000 ns, Total: 878100 ns
[54.579s][info][gc       ] GC(983) Pause Young (Allocation Failure) 562M->77M(923M) 0.879ms
[54.579s][info][safepoint] Safepoint "ParallelGCFailedAllocation", Time since last: 48578800 ns, Reaching safepoint: 129300 ns, At safepoint: 1016600 ns, Total: 1145900 ns
[54.637s][info][gc       ] GC(984) Pause Young (Allocation Failure) 659M->78M(901M) 0.489ms
[54.637s][info][safepoint] Safepoint "ParallelGCFailedAllocation", Time since last: 57794200 ns, Reaching safepoint: 145400 ns, At safepoint: 575900 ns, Total: 721300 ns
[54.693s][info][gc       ] GC(985) Pause Young (Allocation Failure) 637M->77M(877M) 0.501ms
[54.693s][info][safepoint] Safepoint "ParallelGCFailedAllocation", Time since last: 55000000 ns, Reaching safepoint: 167400 ns, At safepoint: 587100 ns, Total: 754500 ns
[54.747s][info][gc       ] GC(986) Pause Young (Allocation Failure) 614M->77M(856M) 0.379ms
[54.747s][info][safepoint] Safepoint "ParallelGCFailedAllocation", Time since last: 53387100 ns, Reaching safepoint: 172900 ns, At safepoint: 479400 ns, Total: 652300 ns
[54.800s][info][gc       ] GC(987) Pause Young (Allocation Failure) 592M->78M(961M) 0.878ms
[54.800s][info][safepoint] Safepoint "ParallelGCFailedAllocation", Time since last: 51814000 ns, Reaching safepoint: 180100 ns, At safepoint: 956300 ns, Total: 1136400 ns
[54.862s][info][gc       ] GC(988) Pause Young (Allocation Failure) 697M->77M(934M) 0.492ms
[54.862s][info][safepoint] Safepoint "ParallelGCFailedAllocation", Time since last: 60969200 ns, Reaching safepoint: 171600 ns, At safepoint: 573800 ns, Total: 745400 ns
[54.921s][info][gc       ] GC(989) Pause Young (Allocation Failure) 670M->78M(911M) 0.521ms
[54.921s][info][safepoint] Safepoint "ParallelGCFailedAllocation", Time since last: 58871000 ns, Reaching safepoint: 136900 ns, At safepoint: 597500 ns, Total: 734400 ns
[54.980s][info][gc       ] GC(990) Pause Young (Allocation Failure) 647M->77M(887M) 0.318ms
[54.980s][info][safepoint] Safepoint "ParallelGCFailedAllocation", Time since last: 58338200 ns, Reaching safepoint: 50000 ns, At safepoint: 394700 ns, Total: 444700 ns
[55.036s][info][gc       ] GC(991) Pause Young (Allocation Failure) 623M->77M(865M) 0.432ms
[55.036s][info][safepoint] Safepoint "ParallelGCFailedAllocation", Time since last: 54885900 ns, Reaching safepoint: 119000 ns, At safepoint: 501500 ns, Total: 620500 ns
[55.089s][info][gc       ] GC(992) Pause Young (Allocation Failure) 601M->78M(845M) 0.499ms
[55.089s][info][safepoint] Safepoint "ParallelGCFailedAllocation", Time since last: 52350700 ns, Reaching safepoint: 129100 ns, At safepoint: 575200 ns, Total: 704300 ns
[55.138s][info][gc       ] GC(993) Pause Young (Allocation Failure) 580M->78M(825M) 0.407ms
[55.138s][info][safepoint] Safepoint "ParallelGCFailedAllocation", Time since last: 48962600 ns, Reaching safepoint: 118600 ns, At safepoint: 546200 ns, Total: 664800 ns
[55.187s][info][gc       ] GC(994) Pause Young (Allocation Failure) 561M->78M(806M) 0.542ms
[55.188s][info][safepoint] Safepoint "ParallelGCFailedAllocation", Time since last: 48371200 ns, Reaching safepoint: 184400 ns, At safepoint: 625000 ns, Total: 809400 ns
[55.233s][info][gc       ] GC(995) Pause Young (Allocation Failure) 541M->78M(787M) 0.775ms
[55.234s][info][safepoint] Safepoint "ParallelGCFailedAllocation", Time since last: 45006700 ns, Reaching safepoint: 130800 ns, At safepoint: 860700 ns, Total: 991500 ns
[55.278s][info][gc       ] GC(996) Pause Young (Allocation Failure) 524M->80M(771M) 0.449ms
[55.278s][info][safepoint] Safepoint "ParallelGCFailedAllocation", Time since last: 44089100 ns, Reaching safepoint: 191000 ns, At safepoint: 544400 ns, Total: 735400 ns
[55.322s][info][gc       ] GC(997) Pause Young (Allocation Failure) 508M->78M(753M) 0.485ms
[55.322s][info][safepoint] Safepoint "ParallelGCFailedAllocation", Time since last: 42693200 ns, Reaching safepoint: 129300 ns, At safepoint: 558100 ns, Total: 687400 ns
[55.363s][info][gc       ] GC(998) Pause Young (Allocation Failure) 490M->80M(739M) 0.573ms
[55.363s][info][safepoint] Safepoint "ParallelGCFailedAllocation", Time since last: 40634100 ns, Reaching safepoint: 149100 ns, At safepoint: 650400 ns, Total: 799500 ns
[55.403s][info][gc       ] GC(999) Pause Young (Allocation Failure) 475M->80M(724M) 0.406ms
[55.403s][info][safepoint] Safepoint "ParallelGCFailedAllocation", Time since last: 38971300 ns, Reaching safepoint: 131500 ns, At safepoint: 468700 ns, Total: 600200 ns
[55.441s][info][gc       ] GC(1000) Pause Young (Allocation Failure) 462M->80M(710M) 0.447ms
[55.441s][info][safepoint] Safepoint "ParallelGCFailedAllocation", Time since last: 37508700 ns, Reaching safepoint: 110300 ns, At safepoint: 503400 ns, Total: 613700 ns
[55.478s][info][gc       ] GC(1001) Pause Young (Allocation Failure) 446M->80M(697M) 0.503ms
[55.478s][info][safepoint] Safepoint "ParallelGCFailedAllocation", Time since last: 36514100 ns, Reaching safepoint: 181700 ns, At safepoint: 585700 ns, Total: 767400 ns
[55.515s][info][gc       ] GC(1002) Pause Young (Allocation Failure) 433M->78M(682M) 0.461ms
[55.515s][info][safepoint] Safepoint "ParallelGCFailedAllocation", Time since last: 36430300 ns, Reaching safepoint: 137200 ns, At safepoint: 529300 ns, Total: 666500 ns
[55.550s][info][gc       ] GC(1003) Pause Young (Allocation Failure) 419M->78M(751M) 0.625ms
[55.550s][info][safepoint] Safepoint "ParallelGCFailedAllocation", Time since last: 34171400 ns, Reaching safepoint: 203900 ns, At safepoint: 698300 ns, Total: 902200 ns
[55.593s][info][gc       ] GC(1004) Pause Young (Allocation Failure) 487M->78M(833M) 0.533ms
[55.593s][info][safepoint] Safepoint "ParallelGCFailedAllocation", Time since last: 42088800 ns, Reaching safepoint: 234600 ns, At safepoint: 621800 ns, Total: 856400 ns
[55.647s][info][gc       ] GC(1005) Pause Young (Allocation Failure) 570M->80M(934M) 0.530ms
[55.647s][info][safepoint] Safepoint "ParallelGCFailedAllocation", Time since last: 53030900 ns, Reaching safepoint: 164000 ns, At safepoint: 614500 ns, Total: 778500 ns
[55.706s][info][gc       ] GC(1006) Pause Young (Allocation Failure) 671M->78M(908M) 0.528ms
[55.706s][info][safepoint] Safepoint "ParallelGCFailedAllocation", Time since last: 58201200 ns, Reaching safepoint: 108900 ns, At safepoint: 604400 ns, Total: 713300 ns
[55.764s][info][gc       ] GC(1007) Pause Young (Allocation Failure) 646M->80M(1024M) 0.931ms
[55.764s][info][safepoint] Safepoint "ParallelGCFailedAllocation", Time since last: 56522500 ns, Reaching safepoint: 105600 ns, At safepoint: 1010900 ns, Total: 1116500 ns
[55.833s][info][gc       ] GC(1008) Pause Young (Allocation Failure) 762M->78M(994M) 0.448ms
[55.833s][info][safepoint] Safepoint "ParallelGCFailedAllocation", Time since last: 68883600 ns, Reaching safepoint: 180200 ns, At safepoint: 556700 ns, Total: 736900 ns
[55.899s][info][gc       ] GC(1009) Pause Young (Allocation Failure) 732M->78M(967M) 0.550ms
[55.899s][info][safepoint] Safepoint "ParallelGCFailedAllocation", Time since last: 65266500 ns, Reaching safepoint: 134600 ns, At safepoint: 628300 ns, Total: 762900 ns
[55.964s][info][gc       ] GC(1010) Pause Young (Allocation Failure) 705M->78M(941M) 0.397ms
[55.964s][info][safepoint] Safepoint "ParallelGCFailedAllocation", Time since last: 64219500 ns, Reaching safepoint: 132700 ns, At safepoint: 485800 ns, Total: 618500 ns
[56.025s][info][gc       ] GC(1011) Pause Young (Allocation Failure) 679M->78M(916M) 0.517ms
[56.025s][info][safepoint] Safepoint "ParallelGCFailedAllocation", Time since last: 59761300 ns, Reaching safepoint: 131800 ns, At safepoint: 594900 ns, Total: 726700 ns
[56.084s][info][gc       ] GC(1012) Pause Young (Allocation Failure) 653M->80M(894M) 0.426ms
[56.084s][info][safepoint] Safepoint "ParallelGCFailedAllocation", Time since last: 58793000 ns, Reaching safepoint: 150200 ns, At safepoint: 503100 ns, Total: 653300 ns
[56.140s][info][gc       ] GC(1013) Pause Young (Allocation Failure) 631M->80M(872M) 0.410ms
[56.140s][info][safepoint] Safepoint "ParallelGCFailedAllocation", Time since last: 55330100 ns, Reaching safepoint: 63900 ns, At safepoint: 494600 ns, Total: 558500 ns
[56.194s][info][gc       ] GC(1014) Pause Young (Allocation Failure) 609M->78M(850M) 0.532ms
[56.194s][info][safepoint] Safepoint "ParallelGCFailedAllocation", Time since last: 53048500 ns, Reaching safepoint: 149200 ns, At safepoint: 613000 ns, Total: 762200 ns
[56.245s][info][gc       ] GC(1015) Pause Young (Allocation Failure) 588M->78M(830M) 0.335ms
[56.245s][info][safepoint] Safepoint "ParallelGCFailedAllocation", Time since last: 50770100 ns, Reaching safepoint: 49400 ns, At safepoint: 422000 ns, Total: 471400 ns
[56.294s][info][gc       ] GC(1016) Pause Young (Allocation Failure) 567M->80M(812M) 0.412ms
[56.294s][info][safepoint] Safepoint "ParallelGCFailedAllocation", Time since last: 48858700 ns, Reaching safepoint: 52900 ns, At safepoint: 494200 ns, Total: 547100 ns
[56.342s][info][gc       ] GC(1017) Pause Young (Allocation Failure) 549M->80M(794M) 0.403ms
[56.342s][info][safepoint] Safepoint "ParallelGCFailedAllocation", Time since last: 46929800 ns, Reaching safepoint: 59400 ns, At safepoint: 479600 ns, Total: 539000 ns
[56.387s][info][gc       ] GC(1018) Pause Young (Allocation Failure) 531M->78M(775M) 0.375ms
[56.387s][info][safepoint] Safepoint "ParallelGCFailedAllocation", Time since last: 45054900 ns, Reaching safepoint: 98100 ns, At safepoint: 452300 ns, Total: 550400 ns
[56.432s][info][gc       ] GC(1019) Pause Young (Allocation Failure) 512M->78M(758M) 0.493ms
[56.432s][info][safepoint] Safepoint "ParallelGCFailedAllocation", Time since last: 43614400 ns, Reaching safepoint: 180100 ns, At safepoint: 571100 ns, Total: 751200 ns
[56.474s][info][gc       ] GC(1020) Pause Young (Allocation Failure) 496M->78M(742M) 0.380ms
[56.474s][info][safepoint] Safepoint "ParallelGCFailedAllocation", Time since last: 41487700 ns, Reaching safepoint: 160200 ns, At safepoint: 466100 ns, Total: 626300 ns
[56.515s][info][gc       ] GC(1021) Pause Young (Allocation Failure) 479M->80M(729M) 0.506ms
[56.515s][info][safepoint] Safepoint "ParallelGCFailedAllocation", Time since last: 40586500 ns, Reaching safepoint: 44100 ns, At safepoint: 584500 ns, Total: 628600 ns
[56.554s][info][gc       ] GC(1022) Pause Young (Allocation Failure) 466M->80M(714M) 0.554ms
[56.555s][info][safepoint] Safepoint "ParallelGCFailedAllocation", Time since last: 38678900 ns, Reaching safepoint: 53400 ns, At safepoint: 628900 ns, Total: 682300 ns
[56.593s][info][gc       ] GC(1023) Pause Young (Allocation Failure) 452M->80M(787M) 0.675ms
[56.593s][info][safepoint] Safepoint "ParallelGCFailedAllocation", Time since last: 37408700 ns, Reaching safepoint: 53600 ns, At safepoint: 758000 ns, Total: 811600 ns
[56.638s][info][gc       ] GC(1024) Pause Young (Allocation Failure) 526M->81M(772M) 0.314ms
[56.638s][info][safepoint] Safepoint "ParallelGCFailedAllocation", Time since last: 45290700 ns, Reaching safepoint: 56900 ns, At safepoint: 390400 ns, Total: 447300 ns
[56.682s][info][gc       ] GC(1025) Pause Young (Allocation Failure) 510M->81M(755M) 0.311ms
[56.682s][info][safepoint] Safepoint "ParallelGCFailedAllocation", Time since last: 43257000 ns, Reaching safepoint: 114000 ns, At safepoint: 396100 ns, Total: 510100 ns
[56.723s][info][gc       ] GC(1026) Pause Young (Allocation Failure) 494M->81M(740M) 0.376ms
[56.723s][info][safepoint] Safepoint "ParallelGCFailedAllocation", Time since last: 40685900 ns, Reaching safepoint: 65200 ns, At safepoint: 456100 ns, Total: 521300 ns
[56.764s][info][gc       ] GC(1027) Pause Young (Allocation Failure) 479M->81M(725M) 0.296ms
[56.764s][info][safepoint] Safepoint "ParallelGCFailedAllocation", Time since last: 40273500 ns, Reaching safepoint: 48100 ns, At safepoint: 378500 ns, Total: 426600 ns
[56.803s][info][gc       ] GC(1028) Pause Young (Allocation Failure) 462M->81M(711M) 0.368ms
[56.803s][info][safepoint] Safepoint "ParallelGCFailedAllocation", Time since last: 38522900 ns, Reaching safepoint: 48200 ns, At safepoint: 442100 ns, Total: 490300 ns
[56.840s][info][gc       ] GC(1029) Pause Young (Allocation Failure) 449M->81M(697M) 0.635ms
[56.841s][info][safepoint] Safepoint "ParallelGCFailedAllocation", Time since last: 36468600 ns, Reaching safepoint: 183700 ns, At safepoint: 714100 ns, Total: 897800 ns
[56.877s][info][gc       ] GC(1030) Pause Young (Allocation Failure) 436M->80M(683M) 0.539ms
[56.877s][info][safepoint] Safepoint "ParallelGCFailedAllocation", Time since last: 35310400 ns, Reaching safepoint: 187500 ns, At safepoint: 685300 ns, Total: 872800 ns
[56.912s][info][gc       ] GC(1031) Pause Young (Allocation Failure) 422M->81M(753M) 0.746ms
[56.912s][info][safepoint] Safepoint "ParallelGCFailedAllocation", Time since last: 34728500 ns, Reaching safepoint: 202300 ns, At safepoint: 828900 ns, Total: 1031200 ns
[56.956s][info][gc       ] GC(1032) Pause Young (Allocation Failure) 492M->81M(835M) 0.684ms
[56.956s][info][safepoint] Safepoint "ParallelGCFailedAllocation", Time since last: 42335600 ns, Reaching safepoint: 191700 ns, At safepoint: 798900 ns, Total: 990600 ns
[57.007s][info][gc       ] GC(1033) Pause Young (Allocation Failure) 574M->81M(934M) 0.495ms
[57.007s][info][safepoint] Safepoint "ParallelGCFailedAllocation", Time since last: 50531200 ns, Reaching safepoint: 229700 ns, At safepoint: 571900 ns, Total: 801600 ns
[57.067s][info][gc       ] GC(1034) Pause Young (Allocation Failure) 673M->81M(1053M) 0.617ms
[57.067s][info][safepoint] Safepoint "ParallelGCFailedAllocation", Time since last: 59381200 ns, Reaching safepoint: 113800 ns, At safepoint: 678100 ns, Total: 791900 ns
[57.139s][info][gc       ] GC(1035) Pause Young (Allocation Failure) 792M->80M(1021M) 0.533ms
[57.139s][info][safepoint] Safepoint "ParallelGCFailedAllocation", Time since last: 70930100 ns, Reaching safepoint: 129600 ns, At safepoint: 616800 ns, Total: 746400 ns
[57.208s][info][gc       ] GC(1036) Pause Young (Allocation Failure) 759M->81M(994M) 0.448ms
[57.208s][info][safepoint] Safepoint "ParallelGCFailedAllocation", Time since last: 68468300 ns, Reaching safepoint: 123700 ns, At safepoint: 525700 ns, Total: 649400 ns
[57.275s][info][gc       ] GC(1037) Pause Young (Allocation Failure) 731M->81M(967M) 0.495ms
[57.275s][info][safepoint] Safepoint "ParallelGCFailedAllocation", Time since last: 66017800 ns, Reaching safepoint: 183600 ns, At safepoint: 584900 ns, Total: 768500 ns
[57.338s][info][gc       ] GC(1038) Pause Young (Allocation Failure) 706M->81M(942M) 0.491ms
[57.338s][info][safepoint] Safepoint "ParallelGCFailedAllocation", Time since last: 62566900 ns, Reaching safepoint: 144500 ns, At safepoint: 566400 ns, Total: 710900 ns
[57.401s][info][gc       ] GC(1039) Pause Young (Allocation Failure) 680M->81M(917M) 0.703ms
[57.401s][info][safepoint] Safepoint "ParallelGCFailedAllocation", Time since last: 61905400 ns, Reaching safepoint: 193300 ns, At safepoint: 789900 ns, Total: 983200 ns
[57.460s][info][gc       ] GC(1040) Pause Young (Allocation Failure) 656M->81M(894M) 0.573ms
[57.460s][info][safepoint] Safepoint "ParallelGCFailedAllocation", Time since last: 58148900 ns, Reaching safepoint: 185500 ns, At safepoint: 646200 ns, Total: 831700 ns
[57.515s][info][gc       ] GC(1041) Pause Young (Allocation Failure) 632M->80M(870M) 0.452ms
[57.515s][info][safepoint] Safepoint "ParallelGCFailedAllocation", Time since last: 54698100 ns, Reaching safepoint: 183000 ns, At safepoint: 531200 ns, Total: 714200 ns
[57.572s][info][gc       ] GC(1042) Pause Young (Allocation Failure) 607M->81M(851M) 0.513ms
[57.572s][info][safepoint] Safepoint "ParallelGCFailedAllocation", Time since last: 55548100 ns, Reaching safepoint: 136900 ns, At safepoint: 604700 ns, Total: 741600 ns
[57.625s][info][gc       ] GC(1043) Pause Young (Allocation Failure) 589M->80M(829M) 0.494ms
[57.625s][info][safepoint] Safepoint "ParallelGCFailedAllocation", Time since last: 52674700 ns, Reaching safepoint: 211600 ns, At safepoint: 661100 ns, Total: 872700 ns
[57.675s][info][gc       ] GC(1044) Pause Young (Allocation Failure) 569M->81M(812M) 0.480ms
[57.675s][info][safepoint] Safepoint "ParallelGCFailedAllocation", Time since last: 49142200 ns, Reaching safepoint: 164000 ns, At safepoint: 569700 ns, Total: 733700 ns
[57.723s][info][gc       ] GC(1045) Pause Young (Allocation Failure) 551M->81M(793M) 0.689ms
[57.723s][info][safepoint] Safepoint "ParallelGCFailedAllocation", Time since last: 46465700 ns, Reaching safepoint: 199200 ns, At safepoint: 766200 ns, Total: 965400 ns
[57.768s][info][gc       ] GC(1046) Pause Young (Allocation Failure) 531M->81M(776M) 0.638ms
[57.769s][info][safepoint] Safepoint "ParallelGCFailedAllocation", Time since last: 45049300 ns, Reaching safepoint: 175000 ns, At safepoint: 718800 ns, Total: 893800 ns
[57.813s][info][gc       ] GC(1047) Pause Young (Allocation Failure) 515M->81M(860M) 1.347ms
[57.813s][info][safepoint] Safepoint "ParallelGCFailedAllocation", Time since last: 43234900 ns, Reaching safepoint: 211800 ns, At safepoint: 1517600 ns, Total: 1729400 ns
[57.866s][info][gc       ] GC(1048) Pause Young (Allocation Failure) 600M->84M(969M) 0.480ms
[57.866s][info][safepoint] Safepoint "ParallelGCFailedAllocation", Time since last: 51658800 ns, Reaching safepoint: 168100 ns, At safepoint: 574300 ns, Total: 742400 ns
[57.928s][info][gc       ] GC(1049) Pause Young (Allocation Failure) 709M->84M(1093M) 0.479ms
[57.928s][info][safepoint] Safepoint "ParallelGCFailedAllocation", Time since last: 61178100 ns, Reaching safepoint: 218800 ns, At safepoint: 554500 ns, Total: 773300 ns
[58.005s][info][gc       ] GC(1050) Pause Young (Allocation Failure) 832M->84M(1061M) 0.602ms
[58.005s][info][safepoint] Safepoint "ParallelGCFailedAllocation", Time since last: 76015200 ns, Reaching safepoint: 196100 ns, At safepoint: 682300 ns, Total: 878400 ns
[58.079s][info][gc       ] GC(1051) Pause Young (Allocation Failure) 802M->84M(1030M) 0.647ms
[58.079s][info][safepoint] Safepoint "ParallelGCFailedAllocation", Time since last: 72920600 ns, Reaching safepoint: 202600 ns, At safepoint: 724600 ns, Total: 927200 ns
[58.149s][info][gc       ] GC(1052) Pause Young (Allocation Failure) 770M->84M(1001M) 0.497ms
[58.149s][info][safepoint] Safepoint "ParallelGCFailedAllocation", Time since last: 69981300 ns, Reaching safepoint: 219100 ns, At safepoint: 577500 ns, Total: 796600 ns
[58.218s][info][gc       ] GC(1053) Pause Young (Allocation Failure) 742M->84M(974M) 0.560ms
[58.218s][info][safepoint] Safepoint "ParallelGCFailedAllocation", Time since last: 67973500 ns, Reaching safepoint: 178800 ns, At safepoint: 642200 ns, Total: 821000 ns
[58.283s][info][gc       ] GC(1054) Pause Young (Allocation Failure) 715M->84M(948M) 0.500ms
[58.283s][info][safepoint] Safepoint "ParallelGCFailedAllocation", Time since last: 63746800 ns, Reaching safepoint: 136000 ns, At safepoint: 567400 ns, Total: 703400 ns
[58.347s][info][gc       ] GC(1055) Pause Young (Allocation Failure) 690M->82M(921M) 0.476ms
[58.347s][info][safepoint] Safepoint "ParallelGCFailedAllocation", Time since last: 63918800 ns, Reaching safepoint: 142900 ns, At safepoint: 551900 ns, Total: 694800 ns
[58.414s][info][gc       ] GC(1056) Pause Young (Allocation Failure) 663M->84M(899M) 0.480ms
[58.414s][info][safepoint] Safepoint "ParallelGCFailedAllocation", Time since last: 65863200 ns, Reaching safepoint: 131900 ns, At safepoint: 564800 ns, Total: 696700 ns
[58.473s][info][gc       ] GC(1057) Pause Young (Allocation Failure) 641M->84M(877M) 0.472ms
[58.473s][info][safepoint] Safepoint "ParallelGCFailedAllocation", Time since last: 58114300 ns, Reaching safepoint: 132900 ns, At safepoint: 556600 ns, Total: 689500 ns
[58.528s][info][gc       ] GC(1058) Pause Young (Allocation Failure) 619M->82M(854M) 0.497ms
[58.528s][info][safepoint] Safepoint "ParallelGCFailedAllocation", Time since last: 54532200 ns, Reaching safepoint: 218600 ns, At safepoint: 567400 ns, Total: 786000 ns
[58.581s][info][gc       ] GC(1059) Pause Young (Allocation Failure) 595M->84M(835M) 0.663ms
[58.581s][info][safepoint] Safepoint "ParallelGCFailedAllocation", Time since last: 51778700 ns, Reaching safepoint: 185400 ns, At safepoint: 742500 ns, Total: 927900 ns
[58.631s][info][gc       ] GC(1060) Pause Young (Allocation Failure) 576M->84M(815M) 0.701ms
[58.631s][info][safepoint] Safepoint "ParallelGCFailedAllocation", Time since last: 49389000 ns, Reaching safepoint: 187900 ns, At safepoint: 813600 ns, Total: 1001500 ns
[58.679s][info][gc       ] GC(1061) Pause Young (Allocation Failure) 556M->82M(795M) 0.628ms
[58.679s][info][safepoint] Safepoint "ParallelGCFailedAllocation", Time since last: 46998600 ns, Reaching safepoint: 178800 ns, At safepoint: 750700 ns, Total: 929500 ns
[58.726s][info][gc       ] GC(1062) Pause Young (Allocation Failure) 536M->82M(778M) 0.408ms
[58.726s][info][safepoint] Safepoint "ParallelGCFailedAllocation", Time since last: 46001700 ns, Reaching safepoint: 123700 ns, At safepoint: 485600 ns, Total: 609300 ns
[58.771s][info][gc       ] GC(1063) Pause Young (Allocation Failure) 520M->82M(761M) 0.495ms
[58.771s][info][safepoint] Safepoint "ParallelGCFailedAllocation", Time since last: 44622600 ns, Reaching safepoint: 137100 ns, At safepoint: 569100 ns, Total: 706200 ns
[58.814s][info][gc       ] GC(1064) Pause Young (Allocation Failure) 503M->84M(747M) 0.435ms
[58.814s][info][safepoint] Safepoint "ParallelGCFailedAllocation", Time since last: 42329400 ns, Reaching safepoint: 187500 ns, At safepoint: 516700 ns, Total: 704200 ns
[58.855s][info][gc       ] GC(1065) Pause Young (Allocation Failure) 488M->82M(730M) 0.532ms
[58.856s][info][safepoint] Safepoint "ParallelGCFailedAllocation", Time since last: 40844300 ns, Reaching safepoint: 185400 ns, At safepoint: 640900 ns, Total: 826300 ns
[58.896s][info][gc       ] GC(1066) Pause Young (Allocation Failure) 472M->84M(717M) 0.633ms
[58.896s][info][safepoint] Safepoint "ParallelGCFailedAllocation", Time since last: 39582900 ns, Reaching safepoint: 202400 ns, At safepoint: 744100 ns, Total: 946500 ns
[58.935s][info][gc       ] GC(1067) Pause Young (Allocation Failure) 458M->84M(793M) 0.679ms
[58.935s][info][safepoint] Safepoint "ParallelGCFailedAllocation", Time since last: 37641600 ns, Reaching safepoint: 138500 ns, At safepoint: 752100 ns, Total: 890600 ns
[58.982s][info][gc       ] GC(1068) Pause Young (Allocation Failure) 535M->82M(882M) 0.464ms
[58.982s][info][safepoint] Safepoint "ParallelGCFailedAllocation", Time since last: 46394800 ns, Reaching safepoint: 181700 ns, At safepoint: 584400 ns, Total: 766100 ns
[59.037s][info][gc       ] GC(1069) Pause Young (Allocation Failure) 622M->84M(862M) 0.476ms
[59.037s][info][safepoint] Safepoint "ParallelGCFailedAllocation", Time since last: 54213000 ns, Reaching safepoint: 137400 ns, At safepoint: 544900 ns, Total: 682300 ns
[59.090s][info][gc       ] GC(1070) Pause Young (Allocation Failure) 603M->84M(841M) 0.680ms
[59.090s][info][safepoint] Safepoint "ParallelGCFailedAllocation", Time since last: 52356200 ns, Reaching safepoint: 184700 ns, At safepoint: 757800 ns, Total: 942500 ns
[59.141s][info][gc       ] GC(1071) Pause Young (Allocation Failure) 583M->84M(822M) 0.607ms
[59.141s][info][safepoint] Safepoint "ParallelGCFailedAllocation", Time since last: 50556000 ns, Reaching safepoint: 135700 ns, At safepoint: 690900 ns, Total: 826600 ns
[59.191s][info][gc       ] GC(1072) Pause Young (Allocation Failure) 564M->82M(802M) 0.617ms
[59.191s][info][safepoint] Safepoint "ParallelGCFailedAllocation", Time since last: 48297400 ns, Reaching safepoint: 181500 ns, At safepoint: 702800 ns, Total: 884300 ns
[59.238s][info][gc       ] GC(1073) Pause Young (Allocation Failure) 543M->84M(896M) 0.708ms
[59.238s][info][safepoint] Safepoint "ParallelGCFailedAllocation", Time since last: 46682200 ns, Reaching safepoint: 222600 ns, At safepoint: 789400 ns, Total: 1012000 ns
[59.296s][info][gc       ] GC(1074) Pause Young (Allocation Failure) 638M->84M(873M) 0.604ms
[59.296s][info][safepoint] Safepoint "ParallelGCFailedAllocation", Time since last: 57351600 ns, Reaching safepoint: 145200 ns, At safepoint: 681300 ns, Total: 826500 ns
[59.351s][info][gc       ] GC(1075) Pause Young (Allocation Failure) 613M->84M(852M) 0.566ms
[59.351s][info][safepoint] Safepoint "ParallelGCFailedAllocation", Time since last: 53673900 ns, Reaching safepoint: 117400 ns, At safepoint: 640200 ns, Total: 757600 ns
[59.403s][info][gc       ] GC(1076) Pause Young (Allocation Failure) 594M->82M(831M) 0.559ms
[59.403s][info][safepoint] Safepoint "ParallelGCFailedAllocation", Time since last: 51197300 ns, Reaching safepoint: 152700 ns, At safepoint: 665700 ns, Total: 818400 ns
[59.452s][info][gc       ] GC(1077) Pause Young (Allocation Failure) 573M->84M(813M) 0.510ms
[59.452s][info][safepoint] Safepoint "ParallelGCFailedAllocation", Time since last: 48515100 ns, Reaching safepoint: 131100 ns, At safepoint: 590300 ns, Total: 721400 ns
[59.500s][info][gc       ] GC(1078) Pause Young (Allocation Failure) 555M->84M(795M) 0.665ms
[59.500s][info][safepoint] Safepoint "ParallelGCFailedAllocation", Time since last: 47190800 ns, Reaching safepoint: 131100 ns, At safepoint: 747100 ns, Total: 878200 ns
[59.546s][info][gc       ] GC(1079) Pause Young (Allocation Failure) 537M->82M(776M) 0.581ms
[59.546s][info][safepoint] Safepoint "ParallelGCFailedAllocation", Time since last: 45388800 ns, Reaching safepoint: 191300 ns, At safepoint: 698900 ns, Total: 890200 ns
[59.591s][info][gc       ] GC(1080) Pause Young (Allocation Failure) 517M->82M(863M) 0.576ms
[59.591s][info][safepoint] Safepoint "ParallelGCFailedAllocation", Time since last: 43226900 ns, Reaching safepoint: 207300 ns, At safepoint: 663000 ns, Total: 870300 ns
[59.644s][info][gc       ] GC(1081) Pause Young (Allocation Failure) 605M->84M(970M) 0.666ms
[59.644s][info][safepoint] Safepoint "ParallelGCFailedAllocation", Time since last: 52404200 ns, Reaching safepoint: 199700 ns, At safepoint: 748000 ns, Total: 947700 ns
[59.708s][info][gc       ] GC(1082) Pause Young (Allocation Failure) 711M->82M(942M) 0.510ms
[59.708s][info][safepoint] Safepoint "ParallelGCFailedAllocation", Time since last: 63195500 ns, Reaching safepoint: 195400 ns, At safepoint: 598100 ns, Total: 793500 ns
[59.770s][info][gc       ] GC(1083) Pause Young (Allocation Failure) 684M->84M(919M) 0.752ms
[59.770s][info][safepoint] Safepoint "ParallelGCFailedAllocation", Time since last: 61027600 ns, Reaching safepoint: 137100 ns, At safepoint: 863900 ns, Total: 1001000 ns
[59.830s][info][gc       ] GC(1084) Pause Young (Allocation Failure) 660M->82M(894M) 0.586ms
[59.830s][info][safepoint] Safepoint "ParallelGCFailedAllocation", Time since last: 59286700 ns, Reaching safepoint: 157200 ns, At safepoint: 677000 ns, Total: 834200 ns
[59.886s][info][gc       ] GC(1085) Pause Young (Allocation Failure) 636M->82M(872M) 0.612ms
[59.886s][info][safepoint] Safepoint "ParallelGCFailedAllocation", Time since last: 55279700 ns, Reaching safepoint: 171900 ns, At safepoint: 695600 ns, Total: 867500 ns
[59.940s][info][gc       ] GC(1086) Pause Young (Allocation Failure) 614M->82M(851M) 0.503ms
[59.940s][info][safepoint] Safepoint "ParallelGCFailedAllocation", Time since last: 53282000 ns, Reaching safepoint: 193100 ns, At safepoint: 583500 ns, Total: 776600 ns
[59.994s][info][gc       ] GC(1087) Pause Young (Allocation Failure) 593M->84M(832M) 0.556ms
[59.994s][info][safepoint] Safepoint "ParallelGCFailedAllocation", Time since last: 52567800 ns, Reaching safepoint: 171200 ns, At safepoint: 645000 ns, Total: 816200 ns
[60.044s][info][gc       ] GC(1088) Pause Young (Allocation Failure) 574M->84M(813M) 0.745ms
[60.044s][info][safepoint] Safepoint "ParallelGCFailedAllocation", Time since last: 49262800 ns, Reaching safepoint: 180600 ns, At safepoint: 828400 ns, Total: 1009000 ns
[60.092s][info][gc       ] GC(1089) Pause Young (Allocation Failure) 554M->84M(908M) 0.653ms
[60.092s][info][safepoint] Safepoint "ParallelGCFailedAllocation", Time since last: 47455300 ns, Reaching safepoint: 196200 ns, At safepoint: 740500 ns, Total: 936700 ns
[60.150s][info][gc       ] GC(1090) Pause Young (Allocation Failure) 650M->84M(885M) 0.487ms
[60.150s][info][safepoint] Safepoint "ParallelGCFailedAllocation", Time since last: 56736000 ns, Reaching safepoint: 129400 ns, At safepoint: 560700 ns, Total: 690100 ns
[60.206s][info][gc       ] GC(1091) Pause Young (Allocation Failure) 626M->82M(861M) 0.519ms
[60.206s][info][safepoint] Safepoint "ParallelGCFailedAllocation", Time since last: 55841500 ns, Reaching safepoint: 205200 ns, At safepoint: 601800 ns, Total: 807000 ns
[60.261s][info][gc       ] GC(1092) Pause Young (Allocation Failure) 602M->84M(842M) 0.614ms
[60.262s][info][safepoint] Safepoint "ParallelGCFailedAllocation", Time since last: 54254300 ns, Reaching safepoint: 195100 ns, At safepoint: 708300 ns, Total: 903400 ns
[60.312s][info][gc       ] GC(1093) Pause Young (Allocation Failure) 584M->82M(821M) 0.733ms
[60.312s][info][safepoint] Safepoint "ParallelGCFailedAllocation", Time since last: 49912000 ns, Reaching safepoint: 183100 ns, At safepoint: 817200 ns, Total: 1000300 ns
[60.362s][info][gc       ] GC(1094) Pause Young (Allocation Failure) 561M->84M(804M) 0.498ms
[60.362s][info][safepoint] Safepoint "ParallelGCFailedAllocation", Time since last: 48683000 ns, Reaching safepoint: 139900 ns, At safepoint: 577100 ns, Total: 717000 ns
[60.409s][info][gc       ] GC(1095) Pause Young (Allocation Failure) 544M->84M(786M) 0.489ms
[60.410s][info][safepoint] Safepoint "ParallelGCFailedAllocation", Time since last: 46901300 ns, Reaching safepoint: 207100 ns, At safepoint: 568600 ns, Total: 775700 ns
[60.455s][info][gc       ] GC(1096) Pause Young (Allocation Failure) 527M->84M(769M) 0.629ms
[60.455s][info][safepoint] Safepoint "ParallelGCFailedAllocation", Time since last: 44703300 ns, Reaching safepoint: 177200 ns, At safepoint: 728200 ns, Total: 905400 ns
[60.499s][info][gc       ] GC(1097) Pause Young (Allocation Failure) 511M->84M(854M) 0.661ms
[60.499s][info][safepoint] Safepoint "ParallelGCFailedAllocation", Time since last: 42899800 ns, Reaching safepoint: 217000 ns, At safepoint: 743200 ns, Total: 960200 ns
[60.551s][info][gc       ] GC(1098) Pause Young (Allocation Failure) 596M->82M(955M) 0.604ms
[60.551s][info][safepoint] Safepoint "ParallelGCFailedAllocation", Time since last: 51595800 ns, Reaching safepoint: 170400 ns, At safepoint: 693400 ns, Total: 863800 ns
[60.613s][info][gc       ] GC(1099) Pause Young (Allocation Failure) 697M->84M(932M) 0.525ms
[60.613s][info][safepoint] Safepoint "ParallelGCFailedAllocation", Time since last: 60737900 ns, Reaching safepoint: 145300 ns, At safepoint: 683200 ns, Total: 828500 ns
[60.673s][info][gc       ] GC(1100) Pause Young (Allocation Failure) 673M->82M(906M) 0.472ms
[60.674s][info][safepoint] Safepoint "ParallelGCFailedAllocation", Time since last: 59831500 ns, Reaching safepoint: 139300 ns, At safepoint: 530500 ns, Total: 669800 ns
[60.732s][info][gc       ] GC(1101) Pause Young (Allocation Failure) 648M->84M(885M) 0.448ms
[60.732s][info][safepoint] Safepoint "ParallelGCFailedAllocation", Time since last: 58110600 ns, Reaching safepoint: 111400 ns, At safepoint: 522300 ns, Total: 633700 ns
[60.787s][info][gc       ] GC(1102) Pause Young (Allocation Failure) 625M->84M(863M) 0.791ms
[60.787s][info][safepoint] Safepoint "ParallelGCFailedAllocation", Time since last: 53584300 ns, Reaching safepoint: 191600 ns, At safepoint: 926000 ns, Total: 1117600 ns
[60.841s][info][gc       ] GC(1103) Pause Young (Allocation Failure) 605M->84M(842M) 0.605ms
[60.841s][info][safepoint] Safepoint "ParallelGCFailedAllocation", Time since last: 53150800 ns, Reaching safepoint: 209000 ns, At safepoint: 687700 ns, Total: 896700 ns
[60.893s][info][gc       ] GC(1104) Pause Young (Allocation Failure) 584M->84M(823M) 0.653ms
[60.893s][info][safepoint] Safepoint "ParallelGCFailedAllocation", Time since last: 50836500 ns, Reaching safepoint: 188100 ns, At safepoint: 729100 ns, Total: 917200 ns
[60.945s][info][gc       ] GC(1105) Pause Young (Allocation Failure) 564M->84M(804M) 0.502ms
[60.945s][info][safepoint] Safepoint "ParallelGCFailedAllocation", Time since last: 51153200 ns, Reaching safepoint: 180500 ns, At safepoint: 591400 ns, Total: 771900 ns
[60.994s][info][gc       ] GC(1106) Pause Young (Allocation Failure) 545M->82M(784M) 0.597ms
[60.994s][info][safepoint] Safepoint "ParallelGCFailedAllocation", Time since last: 48099600 ns, Reaching safepoint: 195600 ns, At safepoint: 673300 ns, Total: 868900 ns
[61.039s][info][gc       ] GC(1107) Pause Young (Allocation Failure) 524M->84M(769M) 0.495ms
[61.039s][info][safepoint] Safepoint "ParallelGCFailedAllocation", Time since last: 44692100 ns, Reaching safepoint: 124500 ns, At safepoint: 570100 ns, Total: 694600 ns
[61.083s][info][gc       ] GC(1108) Pause Young (Allocation Failure) 511M->84M(753M) 0.587ms
[61.083s][info][safepoint] Safepoint "ParallelGCFailedAllocation", Time since last: 42763400 ns, Reaching safepoint: 178900 ns, At safepoint: 662100 ns, Total: 841000 ns
[61.126s][info][gc       ] GC(1109) Pause Young (Allocation Failure) 494M->84M(835M) 0.607ms
[61.126s][info][safepoint] Safepoint "ParallelGCFailedAllocation", Time since last: 42574600 ns, Reaching safepoint: 181900 ns, At safepoint: 683300 ns, Total: 865200 ns
[61.179s][info][gc       ] GC(1110) Pause Young (Allocation Failure) 576M->84M(934M) 0.826ms
[61.179s][info][safepoint] Safepoint "ParallelGCFailedAllocation", Time since last: 52224200 ns, Reaching safepoint: 180600 ns, At safepoint: 976000 ns, Total: 1156600 ns
[61.244s][info][gc       ] GC(1111) Pause Young (Allocation Failure) 674M->84M(1053M) 0.548ms
[61.244s][info][safepoint] Safepoint "ParallelGCFailedAllocation", Time since last: 63969600 ns, Reaching safepoint: 171400 ns, At safepoint: 666800 ns, Total: 838200 ns
[61.320s][info][gc       ] GC(1112) Pause Young (Allocation Failure) 795M->84M(1023M) 0.785ms
[61.320s][info][safepoint] Safepoint "ParallelGCFailedAllocation", Time since last: 74755900 ns, Reaching safepoint: 126200 ns, At safepoint: 872800 ns, Total: 999000 ns
[61.391s][info][gc       ] GC(1113) Pause Young (Allocation Failure) 764M->82M(993M) 0.578ms
[61.391s][info][safepoint] Safepoint "ParallelGCFailedAllocation", Time since last: 70377400 ns, Reaching safepoint: 204200 ns, At safepoint: 669300 ns, Total: 873500 ns
[61.461s][info][gc       ] GC(1114) Pause Young (Allocation Failure) 734M->84M(967M) 0.526ms
[61.461s][info][safepoint] Safepoint "ParallelGCFailedAllocation", Time since last: 68734100 ns, Reaching safepoint: 154600 ns, At safepoint: 618300 ns, Total: 772900 ns
[61.528s][info][gc       ] GC(1115) Pause Young (Allocation Failure) 707M->84M(942M) 0.490ms
[61.528s][info][safepoint] Safepoint "ParallelGCFailedAllocation", Time since last: 66448000 ns, Reaching safepoint: 206300 ns, At safepoint: 573600 ns, Total: 779900 ns
[61.589s][info][gc       ] GC(1116) Pause Young (Allocation Failure) 683M->82M(916M) 0.498ms
[61.589s][info][safepoint] Safepoint "ParallelGCFailedAllocation", Time since last: 60690900 ns, Reaching safepoint: 196300 ns, At safepoint: 573900 ns, Total: 770200 ns
[61.650s][info][gc       ] GC(1117) Pause Young (Allocation Failure) 658M->84M(894M) 0.558ms
[61.650s][info][safepoint] Safepoint "ParallelGCFailedAllocation", Time since last: 59376500 ns, Reaching safepoint: 131500 ns, At safepoint: 640300 ns, Total: 771800 ns
[61.705s][info][gc       ] GC(1118) Pause Young (Allocation Failure) 634M->84M(872M) 0.496ms
[61.705s][info][safepoint] Safepoint "ParallelGCFailedAllocation", Time since last: 54768000 ns, Reaching safepoint: 134200 ns, At safepoint: 566900 ns, Total: 701100 ns
[61.759s][info][gc       ] GC(1119) Pause Young (Allocation Failure) 611M->84M(851M) 0.494ms
[61.759s][info][safepoint] Safepoint "ParallelGCFailedAllocation", Time since last: 53220200 ns, Reaching safepoint: 200500 ns, At safepoint: 574100 ns, Total: 774600 ns
[61.812s][info][gc       ] GC(1120) Pause Young (Allocation Failure) 591M->84M(831M) 0.899ms
[61.812s][info][safepoint] Safepoint "ParallelGCFailedAllocation", Time since last: 51385200 ns, Reaching safepoint: 129300 ns, At safepoint: 1070000 ns, Total: 1199300 ns
[61.863s][info][gc       ] GC(1121) Pause Young (Allocation Failure) 570M->84M(927M) 0.978ms
[61.863s][info][safepoint] Safepoint "ParallelGCFailedAllocation", Time since last: 49867600 ns, Reaching safepoint: 209400 ns, At safepoint: 1089900 ns, Total: 1299300 ns
[61.923s][info][gc       ] GC(1122) Pause Young (Allocation Failure) 669M->85M(1046M) 0.515ms
[61.923s][info][safepoint] Safepoint "ParallelGCFailedAllocation", Time since last: 59770600 ns, Reaching safepoint: 149100 ns, At safepoint: 603900 ns, Total: 753000 ns
[61.996s][info][gc       ] GC(1123) Pause Young (Allocation Failure) 789M->84M(1015M) 0.697ms
[61.996s][info][safepoint] Safepoint "ParallelGCFailedAllocation", Time since last: 71675200 ns, Reaching safepoint: 255900 ns, At safepoint: 797000 ns, Total: 1052900 ns
[62.066s][info][gc       ] GC(1124) Pause Young (Allocation Failure) 756M->85M(989M) 0.496ms
[62.066s][info][safepoint] Safepoint "ParallelGCFailedAllocation", Time since last: 68849600 ns, Reaching safepoint: 200300 ns, At safepoint: 578700 ns, Total: 779000 ns
[62.131s][info][gc       ] GC(1125) Pause Young (Allocation Failure) 732M->85M(962M) 0.545ms
[62.131s][info][safepoint] Safepoint "ParallelGCFailedAllocation", Time since last: 64204800 ns, Reaching safepoint: 124400 ns, At safepoint: 652600 ns, Total: 777000 ns
[62.194s][info][gc       ] GC(1126) Pause Young (Allocation Failure) 705M->84M(935M) 0.467ms
[62.194s][info][safepoint] Safepoint "ParallelGCFailedAllocation", Time since last: 63046600 ns, Reaching safepoint: 128000 ns, At safepoint: 542900 ns, Total: 670900 ns
[62.258s][info][gc       ] GC(1127) Pause Young (Allocation Failure) 677M->85M(912M) 0.460ms
[62.258s][info][safepoint] Safepoint "ParallelGCFailedAllocation", Time since last: 62535100 ns, Reaching safepoint: 182200 ns, At safepoint: 534900 ns, Total: 717100 ns
[62.317s][info][gc       ] GC(1128) Pause Young (Allocation Failure) 654M->84M(888M) 0.586ms
[62.317s][info][safepoint] Safepoint "ParallelGCFailedAllocation", Time since last: 58402200 ns, Reaching safepoint: 182300 ns, At safepoint: 657800 ns, Total: 840100 ns
[62.372s][info][gc       ] GC(1129) Pause Young (Allocation Failure) 630M->85M(867M) 0.560ms
[62.372s][info][safepoint] Safepoint "ParallelGCFailedAllocation", Time since last: 54299000 ns, Reaching safepoint: 119700 ns, At safepoint: 629800 ns, Total: 749500 ns
[62.426s][info][gc       ] GC(1130) Pause Young (Allocation Failure) 610M->85M(846M) 0.641ms
[62.426s][info][safepoint] Safepoint "ParallelGCFailedAllocation", Time since last: 53184600 ns, Reaching safepoint: 154000 ns, At safepoint: 728200 ns, Total: 882200 ns
[62.478s][info][gc       ] GC(1131) Pause Young (Allocation Failure) 590M->85M(826M) 0.463ms
[62.478s][info][safepoint] Safepoint "ParallelGCFailedAllocation", Time since last: 50948000 ns, Reaching safepoint: 183800 ns, At safepoint: 549600 ns, Total: 733400 ns
[62.528s][info][gc       ] GC(1132) Pause Young (Allocation Failure) 570M->84M(806M) 0.586ms
[62.528s][info][safepoint] Safepoint "ParallelGCFailedAllocation", Time since last: 49597500 ns, Reaching safepoint: 201400 ns, At safepoint: 673600 ns, Total: 875000 ns
[62.576s][info][gc       ] GC(1133) Pause Young (Allocation Failure) 548M->85M(789M) 0.634ms
[62.577s][info][safepoint] Safepoint "ParallelGCFailedAllocation", Time since last: 47424800 ns, Reaching safepoint: 201200 ns, At safepoint: 735500 ns, Total: 936700 ns
[62.622s][info][gc       ] GC(1134) Pause Young (Allocation Failure) 531M->85M(772M) 0.530ms
[62.622s][info][safepoint] Safepoint "ParallelGCFailedAllocation", Time since last: 45073700 ns, Reaching safepoint: 196600 ns, At safepoint: 618200 ns, Total: 814800 ns
[62.667s][info][gc       ] GC(1135) Pause Young (Allocation Failure) 516M->85M(756M) 0.528ms
[62.667s][info][safepoint] Safepoint "ParallelGCFailedAllocation", Time since last: 43762800 ns, Reaching safepoint: 180000 ns, At safepoint: 626400 ns, Total: 806400 ns
[62.709s][info][gc       ] GC(1136) Pause Young (Allocation Failure) 498M->85M(740M) 0.525ms
[62.709s][info][safepoint] Safepoint "ParallelGCFailedAllocation", Time since last: 41475800 ns, Reaching safepoint: 191700 ns, At safepoint: 641500 ns, Total: 833200 ns
[62.751s][info][gc       ] GC(1137) Pause Young (Allocation Failure) 483M->85M(820M) 0.745ms
[62.751s][info][safepoint] Safepoint "ParallelGCFailedAllocation", Time since last: 40463800 ns, Reaching safepoint: 235000 ns, At safepoint: 813600 ns, Total: 1048600 ns
[62.800s][info][gc       ] GC(1138) Pause Young (Allocation Failure) 563M->85M(916M) 0.645ms
[62.800s][info][safepoint] Safepoint "ParallelGCFailedAllocation", Time since last: 47987700 ns, Reaching safepoint: 204900 ns, At safepoint: 753000 ns, Total: 957900 ns
[62.858s][info][gc       ] GC(1139) Pause Young (Allocation Failure) 660M->85M(893M) 0.477ms
[62.858s][info][safepoint] Safepoint "ParallelGCFailedAllocation", Time since last: 57335000 ns, Reaching safepoint: 215500 ns, At safepoint: 581200 ns, Total: 796700 ns
[62.915s][info][gc       ] GC(1140) Pause Young (Allocation Failure) 635M->85M(871M) 0.539ms
[62.915s][info][safepoint] Safepoint "ParallelGCFailedAllocation", Time since last: 56079500 ns, Reaching safepoint: 128900 ns, At safepoint: 607000 ns, Total: 735900 ns
[62.971s][info][gc       ] GC(1141) Pause Young (Allocation Failure) 612M->85M(975M) 0.895ms
[62.971s][info][safepoint] Safepoint "ParallelGCFailedAllocation", Time since last: 55272300 ns, Reaching safepoint: 198300 ns, At safepoint: 986100 ns, Total: 1184400 ns
[63.038s][info][gc       ] GC(1142) Pause Young (Allocation Failure) 719M->87M(1104M) 0.827ms
[63.038s][info][safepoint] Safepoint "ParallelGCFailedAllocation", Time since last: 65688100 ns, Reaching safepoint: 45500 ns, At safepoint: 946100 ns, Total: 991600 ns
[63.118s][info][gc       ] GC(1143) Pause Young (Allocation Failure) 846M->87M(1071M) 0.592ms
[63.118s][info][safepoint] Safepoint "ParallelGCFailedAllocation", Time since last: 79387300 ns, Reaching safepoint: 222700 ns, At safepoint: 664200 ns, Total: 886900 ns
[63.191s][info][gc       ] GC(1144) Pause Young (Allocation Failure) 816M->85M(1039M) 0.672ms
[63.191s][info][safepoint] Safepoint "ParallelGCFailedAllocation", Time since last: 72106400 ns, Reaching safepoint: 198400 ns, At safepoint: 778400 ns, Total: 976800 ns
[63.262s][info][gc       ] GC(1145) Pause Young (Allocation Failure) 782M->87M(1011M) 0.581ms
[63.262s][info][safepoint] Safepoint "ParallelGCFailedAllocation", Time since last: 70211000 ns, Reaching safepoint: 199800 ns, At safepoint: 661100 ns, Total: 860900 ns
[63.330s][info][gc       ] GC(1146) Pause Young (Allocation Failure) 756M->87M(983M) 0.705ms
[63.330s][info][safepoint] Safepoint "ParallelGCFailedAllocation", Time since last: 67043500 ns, Reaching safepoint: 133600 ns, At safepoint: 786000 ns, Total: 919600 ns
[63.396s][info][gc       ] GC(1147) Pause Young (Allocation Failure) 727M->85M(955M) 0.474ms
[63.396s][info][safepoint] Safepoint "ParallelGCFailedAllocation", Time since last: 65086400 ns, Reaching safepoint: 134500 ns, At safepoint: 563600 ns, Total: 698100 ns
[63.461s][info][gc       ] GC(1148) Pause Young (Allocation Failure) 699M->87M(931M) 0.669ms
[63.461s][info][safepoint] Safepoint "ParallelGCFailedAllocation", Time since last: 63832900 ns, Reaching safepoint: 184000 ns, At safepoint: 751100 ns, Total: 935100 ns
[63.522s][info][gc       ] GC(1149) Pause Young (Allocation Failure) 676M->87M(907M) 0.597ms
[63.522s][info][safepoint] Safepoint "ParallelGCFailedAllocation", Time since last: 60635300 ns, Reaching safepoint: 197900 ns, At safepoint: 686100 ns, Total: 884000 ns
[63.580s][info][gc       ] GC(1150) Pause Young (Allocation Failure) 651M->87M(884M) 0.560ms
[63.580s][info][safepoint] Safepoint "ParallelGCFailedAllocation", Time since last: 57098000 ns, Reaching safepoint: 230200 ns, At safepoint: 653400 ns, Total: 883600 ns
[63.636s][info][gc       ] GC(1151) Pause Young (Allocation Failure) 628M->87M(863M) 0.531ms
[63.636s][info][safepoint] Safepoint "ParallelGCFailedAllocation", Time since last: 54550200 ns, Reaching safepoint: 211100 ns, At safepoint: 606700 ns, Total: 817800 ns
[63.690s][info][gc       ] GC(1152) Pause Young (Allocation Failure) 605M->87M(842M) 0.580ms
[63.690s][info][safepoint] Safepoint "ParallelGCFailedAllocation", Time since last: 53385900 ns, Reaching safepoint: 182800 ns, At safepoint: 687400 ns, Total: 870200 ns
[63.741s][info][gc       ] GC(1153) Pause Young (Allocation Failure) 586M->87M(823M) 0.693ms
[63.741s][info][safepoint] Safepoint "ParallelGCFailedAllocation", Time since last: 50022200 ns, Reaching safepoint: 219300 ns, At safepoint: 773700 ns, Total: 993000 ns
[63.790s][info][gc       ] GC(1154) Pause Young (Allocation Failure) 567M->85M(802M) 0.513ms
[63.790s][info][safepoint] Safepoint "ParallelGCFailedAllocation", Time since last: 47963800 ns, Reaching safepoint: 189700 ns, At safepoint: 599200 ns, Total: 788900 ns
[63.837s][info][gc       ] GC(1155) Pause Young (Allocation Failure) 547M->85M(784M) 0.639ms
[63.837s][info][safepoint] Safepoint "ParallelGCFailedAllocation", Time since last: 46822800 ns, Reaching safepoint: 209500 ns, At safepoint: 744100 ns, Total: 953600 ns
[63.884s][info][gc       ] GC(1156) Pause Young (Allocation Failure) 529M->85M(767M) 0.605ms
[63.884s][info][safepoint] Safepoint "ParallelGCFailedAllocation", Time since last: 45981400 ns, Reaching safepoint: 196700 ns, At safepoint: 678600 ns, Total: 875300 ns
[63.929s][info][gc       ] GC(1157) Pause Young (Allocation Failure) 512M->87M(854M) 0.735ms
[63.930s][info][safepoint] Safepoint "ParallelGCFailedAllocation", Time since last: 44256600 ns, Reaching safepoint: 118600 ns, At safepoint: 810800 ns, Total: 929400 ns
[63.982s][info][gc       ] GC(1158) Pause Young (Allocation Failure) 599M->87M(834M) 0.504ms
[63.982s][info][safepoint] Safepoint "ParallelGCFailedAllocation", Time since last: 52216000 ns, Reaching safepoint: 129500 ns, At safepoint: 575700 ns, Total: 705200 ns
[64.034s][info][gc       ] GC(1159) Pause Young (Allocation Failure) 578M->87M(814M) 0.528ms
[64.034s][info][safepoint] Safepoint "ParallelGCFailedAllocation", Time since last: 50330500 ns, Reaching safepoint: 211500 ns, At safepoint: 615400 ns, Total: 826900 ns
[64.083s][info][gc       ] GC(1160) Pause Young (Allocation Failure) 558M->87M(796M) 0.633ms
[64.083s][info][safepoint] Safepoint "ParallelGCFailedAllocation", Time since last: 48533300 ns, Reaching safepoint: 140900 ns, At safepoint: 710800 ns, Total: 851700 ns
[64.132s][info][gc       ] GC(1161) Pause Young (Allocation Failure) 540M->87M(778M) 0.558ms
[64.132s][info][safepoint] Safepoint "ParallelGCFailedAllocation", Time since last: 48046800 ns, Reaching safepoint: 210400 ns, At safepoint: 649300 ns, Total: 859700 ns
[64.177s][info][gc       ] GC(1162) Pause Young (Allocation Failure) 523M->87M(866M) 0.670ms
[64.177s][info][safepoint] Safepoint "ParallelGCFailedAllocation", Time since last: 44036300 ns, Reaching safepoint: 188800 ns, At safepoint: 778800 ns, Total: 967600 ns
[64.231s][info][gc       ] GC(1163) Pause Young (Allocation Failure) 610M->87M(971M) 0.659ms
[64.231s][info][safepoint] Safepoint "ParallelGCFailedAllocation", Time since last: 52889700 ns, Reaching safepoint: 130500 ns, At safepoint: 745700 ns, Total: 876200 ns
[64.295s][info][gc       ] GC(1164) Pause Young (Allocation Failure) 715M->87M(945M) 0.640ms
[64.295s][info][safepoint] Safepoint "ParallelGCFailedAllocation", Time since last: 63328300 ns, Reaching safepoint: 178200 ns, At safepoint: 748600 ns, Total: 926800 ns
[64.356s][info][gc       ] GC(1165) Pause Young (Allocation Failure) 689M->87M(920M) 0.525ms
[64.356s][info][safepoint] Safepoint "ParallelGCFailedAllocation", Time since last: 60328900 ns, Reaching safepoint: 144800 ns, At safepoint: 613600 ns, Total: 758400 ns
[64.415s][info][gc       ] GC(1166) Pause Young (Allocation Failure) 664M->87M(897M) 0.745ms
[64.415s][info][safepoint] Safepoint "ParallelGCFailedAllocation", Time since last: 57930200 ns, Reaching safepoint: 184700 ns, At safepoint: 830300 ns, Total: 1015000 ns
[64.471s][info][gc       ] GC(1167) Pause Young (Allocation Failure) 641M->87M(1006M) 0.838ms
[64.471s][info][safepoint] Safepoint "ParallelGCFailedAllocation", Time since last: 55396400 ns, Reaching safepoint: 183700 ns, At safepoint: 935100 ns, Total: 1118800 ns
[64.539s][info][gc       ] GC(1168) Pause Young (Allocation Failure) 752M->87M(979M) 0.661ms
[64.539s][info][safepoint] Safepoint "ParallelGCFailedAllocation", Time since last: 66783600 ns, Reaching safepoint: 223100 ns, At safepoint: 822100 ns, Total: 1045200 ns
[64.604s][info][gc       ] GC(1169) Pause Young (Allocation Failure) 724M->88M(954M) 0.678ms
[64.604s][info][safepoint] Safepoint "ParallelGCFailedAllocation", Time since last: 63764400 ns, Reaching safepoint: 201700 ns, At safepoint: 754100 ns, Total: 955800 ns
[64.666s][info][gc       ] GC(1170) Pause Young (Allocation Failure) 699M->87M(927M) 0.570ms
[64.666s][info][safepoint] Safepoint "ParallelGCFailedAllocation", Time since last: 61220200 ns, Reaching safepoint: 220500 ns, At safepoint: 653100 ns, Total: 873600 ns
[64.725s][info][gc       ] GC(1171) Pause Young (Allocation Failure) 674M->88M(905M) 0.448ms
[64.725s][info][safepoint] Safepoint "ParallelGCFailedAllocation", Time since last: 58502800 ns, Reaching safepoint: 111600 ns, At safepoint: 523500 ns, Total: 635100 ns
[64.783s][info][gc       ] GC(1172) Pause Young (Allocation Failure) 651M->87M(881M) 0.467ms
[64.783s][info][safepoint] Safepoint "ParallelGCFailedAllocation", Time since last: 57312200 ns, Reaching safepoint: 137500 ns, At safepoint: 541600 ns, Total: 679100 ns
[64.839s][info][gc       ] GC(1173) Pause Young (Allocation Failure) 626M->88M(861M) 0.804ms
[64.839s][info][safepoint] Safepoint "ParallelGCFailedAllocation", Time since last: 54601400 ns, Reaching safepoint: 170400 ns, At safepoint: 891300 ns, Total: 1061700 ns
[64.893s][info][gc       ] GC(1174) Pause Young (Allocation Failure) 607M->87M(839M) 0.431ms
[64.893s][info][safepoint] Safepoint "ParallelGCFailedAllocation", Time since last: 53549600 ns, Reaching safepoint: 114100 ns, At safepoint: 508500 ns, Total: 622600 ns
[64.948s][info][gc       ] GC(1175) Pause Young (Allocation Failure) 583M->88M(821M) 0.466ms
[64.948s][info][safepoint] Safepoint "ParallelGCFailedAllocation", Time since last: 54033700 ns, Reaching safepoint: 97100 ns, At safepoint: 538600 ns, Total: 635700 ns
[64.999s][info][gc       ] GC(1176) Pause Young (Allocation Failure) 566M->88M(802M) 0.543ms
[64.999s][info][safepoint] Safepoint "ParallelGCFailedAllocation", Time since last: 50659500 ns, Reaching safepoint: 142900 ns, At safepoint: 640300 ns, Total: 783200 ns
[65.048s][info][gc       ] GC(1177) Pause Young (Allocation Failure) 548M->88M(784M) 0.589ms
[65.048s][info][safepoint] Safepoint "ParallelGCFailedAllocation", Time since last: 48200800 ns, Reaching safepoint: 213900 ns, At safepoint: 693000 ns, Total: 906900 ns
[65.095s][info][gc       ] GC(1178) Pause Young (Allocation Failure) 531M->88M(767M) 0.550ms
[65.095s][info][safepoint] Safepoint "ParallelGCFailedAllocation", Time since last: 45590700 ns, Reaching safepoint: 196900 ns, At safepoint: 666200 ns, Total: 863100 ns
[65.139s][info][gc       ] GC(1179) Pause Young (Allocation Failure) 513M->87M(750M) 0.585ms
[65.139s][info][safepoint] Safepoint "ParallelGCFailedAllocation", Time since last: 42966200 ns, Reaching safepoint: 195900 ns, At safepoint: 668900 ns, Total: 864800 ns
[65.180s][info][gc       ] GC(1180) Pause Young (Allocation Failure) 495M->87M(734M) 0.586ms
[65.180s][info][safepoint] Safepoint "ParallelGCFailedAllocation", Time since last: 41066400 ns, Reaching safepoint: 125500 ns, At safepoint: 698500 ns, Total: 824000 ns
[65.222s][info][gc       ] GC(1181) Pause Young (Allocation Failure) 479M->88M(721M) 0.475ms
[65.222s][info][safepoint] Safepoint "ParallelGCFailedAllocation", Time since last: 40774500 ns, Reaching safepoint: 213000 ns, At safepoint: 554000 ns, Total: 767000 ns
[65.263s][info][gc       ] GC(1182) Pause Young (Allocation Failure) 467M->88M(797M) 0.717ms
[65.263s][info][safepoint] Safepoint "ParallelGCFailedAllocation", Time since last: 39587800 ns, Reaching safepoint: 168000 ns, At safepoint: 832400 ns, Total: 1000400 ns
[65.310s][info][gc       ] GC(1183) Pause Young (Allocation Failure) 543M->88M(889M) 0.533ms
[65.310s][info][safepoint] Safepoint "ParallelGCFailedAllocation", Time since last: 46561700 ns, Reaching safepoint: 53700 ns, At safepoint: 641800 ns, Total: 695500 ns
[65.366s][info][gc       ] GC(1184) Pause Young (Allocation Failure) 634M->88M(998M) 0.649ms
[65.366s][info][safepoint] Safepoint "ParallelGCFailedAllocation", Time since last: 55388400 ns, Reaching safepoint: 138700 ns, At safepoint: 734100 ns, Total: 872800 ns
[65.433s][info][gc       ] GC(1185) Pause Young (Allocation Failure) 744M->87M(969M) 0.551ms
[65.433s][info][safepoint] Safepoint "ParallelGCFailedAllocation", Time since last: 65889500 ns, Reaching safepoint: 125800 ns, At safepoint: 644100 ns, Total: 769900 ns
[65.496s][info][gc       ] GC(1186) Pause Young (Allocation Failure) 713M->88M(945M) 0.593ms
[65.496s][info][safepoint] Safepoint "ParallelGCFailedAllocation", Time since last: 62631000 ns, Reaching safepoint: 180600 ns, At safepoint: 671600 ns, Total: 852200 ns
[65.558s][info][gc       ] GC(1187) Pause Young (Allocation Failure) 690M->88M(920M) 0.472ms
[65.558s][info][safepoint] Safepoint "ParallelGCFailedAllocation", Time since last: 61522000 ns, Reaching safepoint: 120400 ns, At safepoint: 547600 ns, Total: 668000 ns
[65.622s][info][gc       ] GC(1188) Pause Young (Allocation Failure) 666M->87M(895M) 0.605ms
[65.622s][info][safepoint] Safepoint "ParallelGCFailedAllocation", Time since last: 63151500 ns, Reaching safepoint: 202700 ns, At safepoint: 699400 ns, Total: 902100 ns
[65.682s][info][gc       ] GC(1189) Pause Young (Allocation Failure) 641M->88M(874M) 0.790ms
[65.682s][info][safepoint] Safepoint "ParallelGCFailedAllocation", Time since last: 58748700 ns, Reaching safepoint: 186800 ns, At safepoint: 892400 ns, Total: 1079200 ns
[65.736s][info][gc       ] GC(1190) Pause Young (Allocation Failure) 620M->88M(853M) 0.635ms
[65.736s][info][safepoint] Safepoint "ParallelGCFailedAllocation", Time since last: 52783700 ns, Reaching safepoint: 190900 ns, At safepoint: 720600 ns, Total: 911500 ns
[65.790s][info][gc       ] GC(1191) Pause Young (Allocation Failure) 598M->88M(833M) 0.682ms
[65.791s][info][safepoint] Safepoint "ParallelGCFailedAllocation", Time since last: 53586500 ns, Reaching safepoint: 178100 ns, At safepoint: 759800 ns, Total: 937900 ns
[65.842s][info][gc       ] GC(1192) Pause Young (Allocation Failure) 578M->88M(814M) 0.484ms
[65.842s][info][safepoint] Safepoint "ParallelGCFailedAllocation", Time since last: 50605500 ns, Reaching safepoint: 139400 ns, At safepoint: 589700 ns, Total: 729100 ns
[65.891s][info][gc       ] GC(1193) Pause Young (Allocation Failure) 560M->88M(795M) 0.592ms
[65.891s][info][safepoint] Safepoint "ParallelGCFailedAllocation", Time since last: 48513100 ns, Reaching safepoint: 178500 ns, At safepoint: 668100 ns, Total: 846600 ns
[65.938s][info][gc       ] GC(1194) Pause Young (Allocation Failure) 541M->87M(776M) 0.471ms
[65.938s][info][safepoint] Safepoint "ParallelGCFailedAllocation", Time since last: 45935500 ns, Reaching safepoint: 145400 ns, At safepoint: 558100 ns, Total: 703500 ns
[65.986s][info][gc       ] GC(1195) Pause Young (Allocation Failure) 521M->87M(760M) 0.580ms
[65.986s][info][safepoint] Safepoint "ParallelGCFailedAllocation", Time since last: 47500400 ns, Reaching safepoint: 205800 ns, At safepoint: 658300 ns, Total: 864100 ns
[66.031s][info][gc       ] GC(1196) Pause Young (Allocation Failure) 505M->88M(745M) 0.434ms
[66.031s][info][safepoint] Safepoint "ParallelGCFailedAllocation", Time since last: 44377500 ns, Reaching safepoint: 135600 ns, At safepoint: 548200 ns, Total: 683800 ns
[66.073s][info][gc       ] GC(1197) Pause Young (Allocation Failure) 490M->88M(826M) 0.742ms
[66.073s][info][safepoint] Safepoint "ParallelGCFailedAllocation", Time since last: 40812600 ns, Reaching safepoint: 158100 ns, At safepoint: 854500 ns, Total: 1012600 ns
[66.124s][info][gc       ] GC(1198) Pause Young (Allocation Failure) 573M->88M(807M) 0.590ms
[66.124s][info][safepoint] Safepoint "ParallelGCFailedAllocation", Time since last: 49638700 ns, Reaching safepoint: 151400 ns, At safepoint: 672700 ns, Total: 824100 ns
[66.172s][info][gc       ] GC(1199) Pause Young (Allocation Failure) 552M->88M(789M) 0.453ms
[66.172s][info][safepoint] Safepoint "ParallelGCFailedAllocation", Time since last: 47683200 ns, Reaching safepoint: 126200 ns, At safepoint: 538000 ns, Total: 664200 ns
[66.218s][info][gc       ] GC(1200) Pause Young (Allocation Failure) 536M->88M(772M) 0.534ms
[66.218s][info][safepoint] Safepoint "ParallelGCFailedAllocation", Time since last: 45350500 ns, Reaching safepoint: 121900 ns, At safepoint: 613900 ns, Total: 735800 ns
[66.263s][info][gc       ] GC(1201) Pause Young (Allocation Failure) 518M->88M(859M) 0.660ms
[66.263s][info][safepoint] Safepoint "ParallelGCFailedAllocation", Time since last: 43650500 ns, Reaching safepoint: 168200 ns, At safepoint: 738700 ns, Total: 906900 ns
[66.319s][info][gc       ] GC(1202) Pause Young (Allocation Failure) 605M->87M(837M) 0.481ms
[66.319s][info][safepoint] Safepoint "ParallelGCFailedAllocation", Time since last: 55431300 ns, Reaching safepoint: 133300 ns, At safepoint: 587500 ns, Total: 720800 ns
[66.372s][info][gc       ] GC(1203) Pause Young (Allocation Failure) 583M->88M(819M) 0.501ms
[66.372s][info][safepoint] Safepoint "ParallelGCFailedAllocation", Time since last: 52138200 ns, Reaching safepoint: 111000 ns, At safepoint: 564900 ns, Total: 675900 ns
[66.421s][info][gc       ] GC(1204) Pause Young (Allocation Failure) 565M->88M(800M) 0.599ms
[66.421s][info][safepoint] Safepoint "ParallelGCFailedAllocation", Time since last: 48518100 ns, Reaching safepoint: 195300 ns, At safepoint: 699300 ns, Total: 894600 ns
[66.470s][info][gc       ] GC(1205) Pause Young (Allocation Failure) 545M->87M(782M) 0.496ms
[66.470s][info][safepoint] Safepoint "ParallelGCFailedAllocation", Time since last: 48093600 ns, Reaching safepoint: 141000 ns, At safepoint: 586200 ns, Total: 727200 ns
[66.517s][info][gc       ] GC(1206) Pause Young (Allocation Failure) 528M->88M(766M) 0.752ms
[66.517s][info][safepoint] Safepoint "ParallelGCFailedAllocation", Time since last: 46236200 ns, Reaching safepoint: 194300 ns, At safepoint: 843400 ns, Total: 1037700 ns
[66.562s][info][gc       ] GC(1207) Pause Young (Allocation Failure) 510M->88M(750M) 0.439ms
[66.562s][info][safepoint] Safepoint "ParallelGCFailedAllocation", Time since last: 44013600 ns, Reaching safepoint: 128600 ns, At safepoint: 570200 ns, Total: 698800 ns
[66.605s][info][gc       ] GC(1208) Pause Young (Allocation Failure) 495M->88M(734M) 0.524ms
[66.605s][info][safepoint] Safepoint "ParallelGCFailedAllocation", Time since last: 42067400 ns, Reaching safepoint: 199000 ns, At safepoint: 670500 ns, Total: 869500 ns
[66.646s][info][gc       ] GC(1209) Pause Young (Allocation Failure) 480M->88M(813M) 0.965ms
[66.646s][info][safepoint] Safepoint "ParallelGCFailedAllocation", Time since last: 39946400 ns, Reaching safepoint: 196100 ns, At safepoint: 1081200 ns, Total: 1277300 ns
[66.696s][info][gc       ] GC(1210) Pause Young (Allocation Failure) 557M->88M(907M) 0.592ms
[66.696s][info][safepoint] Safepoint "ParallelGCFailedAllocation", Time since last: 49320500 ns, Reaching safepoint: 173400 ns, At safepoint: 748100 ns, Total: 921500 ns
[66.755s][info][gc       ] GC(1211) Pause Young (Allocation Failure) 653M->87M(1020M) 0.599ms
[66.755s][info][safepoint] Safepoint "ParallelGCFailedAllocation", Time since last: 57582900 ns, Reaching safepoint: 210600 ns, At safepoint: 695400 ns, Total: 906000 ns
[66.829s][info][gc       ] GC(1212) Pause Young (Allocation Failure) 765M->87M(991M) 0.527ms
[66.829s][info][safepoint] Safepoint "ParallelGCFailedAllocation", Time since last: 73366000 ns, Reaching safepoint: 188400 ns, At safepoint: 652900 ns, Total: 841300 ns
[66.896s][info][gc       ] GC(1213) Pause Young (Allocation Failure) 736M->87M(964M) 0.493ms
[66.896s][info][safepoint] Safepoint "ParallelGCFailedAllocation", Time since last: 66425700 ns, Reaching safepoint: 148300 ns, At safepoint: 595200 ns, Total: 743500 ns
[66.962s][info][gc       ] GC(1214) Pause Young (Allocation Failure) 708M->88M(940M) 0.499ms
[66.962s][info][safepoint] Safepoint "ParallelGCFailedAllocation", Time since last: 64784900 ns, Reaching safepoint: 159400 ns, At safepoint: 567600 ns, Total: 727000 ns
[67.027s][info][gc       ] GC(1215) Pause Young (Allocation Failure) 686M->88M(915M) 0.518ms
[67.027s][info][safepoint] Safepoint "ParallelGCFailedAllocation", Time since last: 65113900 ns, Reaching safepoint: 151700 ns, At safepoint: 608900 ns, Total: 760600 ns
[67.086s][info][gc       ] GC(1216) Pause Young (Allocation Failure) 660M->87M(891M) 0.630ms
[67.086s][info][safepoint] Safepoint "ParallelGCFailedAllocation", Time since last: 58129900 ns, Reaching safepoint: 135300 ns, At safepoint: 755200 ns, Total: 890500 ns
[67.143s][info][gc       ] GC(1217) Pause Young (Allocation Failure) 637M->87M(869M) 0.490ms
[67.143s][info][safepoint] Safepoint "ParallelGCFailedAllocation", Time since last: 55518400 ns, Reaching safepoint: 156300 ns, At safepoint: 593400 ns, Total: 749700 ns
[67.197s][info][gc       ] GC(1218) Pause Young (Allocation Failure) 614M->88M(849M) 0.581ms
[67.197s][info][safepoint] Safepoint "ParallelGCFailedAllocation", Time since last: 53851100 ns, Reaching safepoint: 183400 ns, At safepoint: 662200 ns, Total: 845600 ns
[67.251s][info][gc       ] GC(1219) Pause Young (Allocation Failure) 595M->88M(829M) 0.695ms
[67.251s][info][safepoint] Safepoint "ParallelGCFailedAllocation", Time since last: 52321800 ns, Reaching safepoint: 173400 ns, At safepoint: 786000 ns, Total: 959400 ns
[67.303s][info][gc       ] GC(1220) Pause Young (Allocation Failure) 575M->87M(809M) 0.568ms
[67.303s][info][safepoint] Safepoint "ParallelGCFailedAllocation", Time since last: 51189600 ns, Reaching safepoint: 165300 ns, At safepoint: 656000 ns, Total: 821300 ns
[67.351s][info][gc       ] GC(1221) Pause Young (Allocation Failure) 554M->87M(791M) 0.642ms
[67.351s][info][safepoint] Safepoint "ParallelGCFailedAllocation", Time since last: 47697100 ns, Reaching safepoint: 216100 ns, At safepoint: 724000 ns, Total: 940100 ns
[67.398s][info][gc       ] GC(1222) Pause Young (Allocation Failure) 537M->88M(775M) 0.566ms
[67.398s][info][safepoint] Safepoint "ParallelGCFailedAllocation", Time since last: 45506400 ns, Reaching safepoint: 210200 ns, At safepoint: 644400 ns, Total: 854600 ns
[67.444s][info][gc       ] GC(1223) Pause Young (Allocation Failure) 520M->87M(757M) 0.625ms
[67.444s][info][safepoint] Safepoint "ParallelGCFailedAllocation", Time since last: 45175400 ns, Reaching safepoint: 224600 ns, At safepoint: 725900 ns, Total: 950500 ns
[67.489s][info][gc       ] GC(1224) Pause Young (Allocation Failure) 502M->87M(742M) 0.536ms
[67.489s][info][safepoint] Safepoint "ParallelGCFailedAllocation", Time since last: 44707500 ns, Reaching safepoint: 205900 ns, At safepoint: 624200 ns, Total: 830100 ns
[67.531s][info][gc       ] GC(1225) Pause Young (Allocation Failure) 486M->88M(728M) 0.547ms
[67.531s][info][safepoint] Safepoint "ParallelGCFailedAllocation", Time since last: 40791600 ns, Reaching safepoint: 188500 ns, At safepoint: 634300 ns, Total: 822800 ns
[67.573s][info][gc       ] GC(1226) Pause Young (Allocation Failure) 474M->88M(805M) 0.618ms
[67.573s][info][safepoint] Safepoint "ParallelGCFailedAllocation", Time since last: 40848400 ns, Reaching safepoint: 176000 ns, At safepoint: 724100 ns, Total: 900100 ns
[67.620s][info][gc       ] GC(1227) Pause Young (Allocation Failure) 551M->88M(787M) 0.462ms
[67.620s][info][safepoint] Safepoint "ParallelGCFailedAllocation", Time since last: 47028500 ns, Reaching safepoint: 131000 ns, At safepoint: 548900 ns, Total: 679900 ns
[67.667s][info][gc       ] GC(1228) Pause Young (Allocation Failure) 533M->87M(769M) 0.607ms
[67.667s][info][safepoint] Safepoint "ParallelGCFailedAllocation", Time since last: 45427500 ns, Reaching safepoint: 196700 ns, At safepoint: 674200 ns, Total: 870900 ns
[67.711s][info][gc       ] GC(1229) Pause Young (Allocation Failure) 515M->87M(753M) 0.527ms
[67.711s][info][safepoint] Safepoint "ParallelGCFailedAllocation", Time since last: 43178900 ns, Reaching safepoint: 179100 ns, At safepoint: 618400 ns, Total: 797500 ns
[67.754s][info][gc       ] GC(1230) Pause Young (Allocation Failure) 498M->88M(836M) 0.567ms
[67.754s][info][safepoint] Safepoint "ParallelGCFailedAllocation", Time since last: 42345000 ns, Reaching safepoint: 217500 ns, At safepoint: 663700 ns, Total: 881200 ns
[67.805s][info][gc       ] GC(1231) Pause Young (Allocation Failure) 582M->88M(817M) 0.461ms
[67.805s][info][safepoint] Safepoint "ParallelGCFailedAllocation", Time since last: 50764800 ns, Reaching safepoint: 139400 ns, At safepoint: 544300 ns, Total: 683700 ns
[67.855s][info][gc       ] GC(1232) Pause Young (Allocation Failure) 562M->87M(797M) 0.505ms
[67.855s][info][safepoint] Safepoint "ParallelGCFailedAllocation", Time since last: 48872700 ns, Reaching safepoint: 118100 ns, At safepoint: 585400 ns, Total: 703500 ns
[67.903s][info][gc       ] GC(1233) Pause Young (Allocation Failure) 543M->88M(781M) 0.744ms
[67.903s][info][safepoint] Safepoint "ParallelGCFailedAllocation", Time since last: 46857500 ns, Reaching safepoint: 137600 ns, At safepoint: 829800 ns, Total: 967400 ns
[67.948s][info][gc       ] GC(1234) Pause Young (Allocation Failure) 526M->88M(764M) 0.616ms
[67.948s][info][safepoint] Safepoint "ParallelGCFailedAllocation", Time since last: 44606200 ns, Reaching safepoint: 207900 ns, At safepoint: 701700 ns, Total: 909600 ns
[67.993s][info][gc       ] GC(1235) Pause Young (Allocation Failure) 510M->87M(847M) 0.575ms
[67.994s][info][safepoint] Safepoint "ParallelGCFailedAllocation", Time since last: 44447300 ns, Reaching safepoint: 142900 ns, At safepoint: 649900 ns, Total: 792800 ns
[68.047s][info][gc       ] GC(1236) Pause Young (Allocation Failure) 593M->87M(827M) 0.566ms
[68.047s][info][safepoint] Safepoint "ParallelGCFailedAllocation", Time since last: 52347100 ns, Reaching safepoint: 198200 ns, At safepoint: 651800 ns, Total: 850000 ns
[68.097s][info][gc       ] GC(1237) Pause Young (Allocation Failure) 571M->88M(810M) 0.534ms
[68.097s][info][safepoint] Safepoint "ParallelGCFailedAllocation", Time since last: 49853600 ns, Reaching safepoint: 179400 ns, At safepoint: 621300 ns, Total: 800700 ns
[68.147s][info][gc       ] GC(1238) Pause Young (Allocation Failure) 556M->88M(903M) 0.785ms
[68.147s][info][safepoint] Safepoint "ParallelGCFailedAllocation", Time since last: 48173400 ns, Reaching safepoint: 139200 ns, At safepoint: 879500 ns, Total: 1018700 ns
[68.207s][info][gc       ] GC(1239) Pause Young (Allocation Failure) 648M->88M(1013M) 1.398ms
[68.207s][info][safepoint] Safepoint "ParallelGCFailedAllocation", Time since last: 59103500 ns, Reaching safepoint: 227300 ns, At safepoint: 1491700 ns, Total: 1719000 ns
[68.280s][info][gc       ] GC(1240) Pause Young (Allocation Failure) 761M->91M(1152M) 0.372ms
[68.280s][info][safepoint] Safepoint "ParallelGCFailedAllocation", Time since last: 71959100 ns, Reaching safepoint: 119000 ns, At safepoint: 551900 ns, Total: 670900 ns
[68.371s][info][gc       ] GC(1241) Pause Young (Allocation Failure) 900M->91M(1116M) 0.680ms
[68.371s][info][safepoint] Safepoint "ParallelGCFailedAllocation", Time since last: 90285100 ns, Reaching safepoint: 156600 ns, At safepoint: 765900 ns, Total: 922500 ns
[68.452s][info][gc       ] GC(1242) Pause Young (Allocation Failure) 864M->91M(1083M) 0.621ms
[68.452s][info][safepoint] Safepoint "ParallelGCFailedAllocation", Time since last: 79968800 ns, Reaching safepoint: 160600 ns, At safepoint: 719300 ns, Total: 879900 ns
[68.529s][info][gc       ] GC(1243) Pause Young (Allocation Failure) 832M->91M(1052M) 0.589ms
[68.529s][info][safepoint] Safepoint "ParallelGCFailedAllocation", Time since last: 76201000 ns, Reaching safepoint: 179200 ns, At safepoint: 699800 ns, Total: 879000 ns
[68.604s][info][gc       ] GC(1244) Pause Young (Allocation Failure) 801M->90M(1020M) 0.631ms
[68.604s][info][safepoint] Safepoint "ParallelGCFailedAllocation", Time since last: 74254600 ns, Reaching safepoint: 177400 ns, At safepoint: 745500 ns, Total: 922900 ns
[68.674s][info][gc       ] GC(1245) Pause Young (Allocation Failure) 769M->91M(993M) 0.642ms
[68.674s][info][safepoint] Safepoint "ParallelGCFailedAllocation", Time since last: 68745400 ns, Reaching safepoint: 133800 ns, At safepoint: 730600 ns, Total: 864400 ns
[68.742s][info][gc       ] GC(1246) Pause Young (Allocation Failure) 740M->91M(966M) 0.664ms
[68.742s][info][safepoint] Safepoint "ParallelGCFailedAllocation", Time since last: 67306100 ns, Reaching safepoint: 146200 ns, At safepoint: 764100 ns, Total: 910300 ns
[68.811s][info][gc       ] GC(1247) Pause Young (Allocation Failure) 713M->91M(941M) 0.546ms
[68.811s][info][safepoint] Safepoint "ParallelGCFailedAllocation", Time since last: 67681900 ns, Reaching safepoint: 125400 ns, At safepoint: 624900 ns, Total: 750300 ns
[68.873s][info][gc       ] GC(1248) Pause Young (Allocation Failure) 689M->90M(915M) 0.579ms
[68.873s][info][safepoint] Safepoint "ParallelGCFailedAllocation", Time since last: 61784300 ns, Reaching safepoint: 146400 ns, At safepoint: 673900 ns, Total: 820300 ns
[68.934s][info][gc       ] GC(1249) Pause Young (Allocation Failure) 663M->91M(893M) 0.803ms
[68.934s][info][safepoint] Safepoint "ParallelGCFailedAllocation", Time since last: 59289800 ns, Reaching safepoint: 187200 ns, At safepoint: 890200 ns, Total: 1077400 ns
[68.994s][info][gc       ] GC(1250) Pause Young (Allocation Failure) 639M->91M(871M) 0.471ms
[68.994s][info][safepoint] Safepoint "ParallelGCFailedAllocation", Time since last: 60155100 ns, Reaching safepoint: 141200 ns, At safepoint: 550800 ns, Total: 692000 ns
[69.051s][info][gc       ] GC(1251) Pause Young (Allocation Failure) 620M->90M(848M) 0.532ms
[69.051s][info][safepoint] Safepoint "ParallelGCFailedAllocation", Time since last: 55553600 ns, Reaching safepoint: 210300 ns, At safepoint: 611500 ns, Total: 821800 ns
[69.104s][info][gc       ] GC(1252) Pause Young (Allocation Failure) 595M->91M(830M) 0.613ms
[69.105s][info][safepoint] Safepoint "ParallelGCFailedAllocation", Time since last: 52761400 ns, Reaching safepoint: 206200 ns, At safepoint: 759500 ns, Total: 965700 ns
[69.156s][info][gc       ] GC(1253) Pause Young (Allocation Failure) 577M->91M(811M) 0.538ms
[69.157s][info][safepoint] Safepoint "ParallelGCFailedAllocation", Time since last: 51155600 ns, Reaching safepoint: 213400 ns, At safepoint: 643500 ns, Total: 856900 ns
[69.206s][info][gc       ] GC(1254) Pause Young (Allocation Failure) 559M->91M(793M) 0.556ms
[69.206s][info][safepoint] Safepoint "ParallelGCFailedAllocation", Time since last: 48643900 ns, Reaching safepoint: 145700 ns, At safepoint: 675900 ns, Total: 821600 ns
[69.255s][info][gc       ] GC(1255) Pause Young (Allocation Failure) 541M->90M(774M) 0.557ms
[69.255s][info][safepoint] Safepoint "ParallelGCFailedAllocation", Time since last: 47795200 ns, Reaching safepoint: 156200 ns, At safepoint: 649000 ns, Total: 805200 ns
[69.302s][info][gc       ] GC(1256) Pause Young (Allocation Failure) 523M->90M(757M) 0.601ms
[69.302s][info][safepoint] Safepoint "ParallelGCFailedAllocation", Time since last: 46236100 ns, Reaching safepoint: 203200 ns, At safepoint: 696600 ns, Total: 899800 ns
[69.348s][info][gc       ] GC(1257) Pause Young (Allocation Failure) 506M->91M(743M) 0.528ms
[69.348s][info][safepoint] Safepoint "ParallelGCFailedAllocation", Time since last: 45255000 ns, Reaching safepoint: 184100 ns, At safepoint: 613900 ns, Total: 798000 ns
[69.390s][info][gc       ] GC(1258) Pause Young (Allocation Failure) 492M->90M(727M) 0.540ms
[69.390s][info][safepoint] Safepoint "ParallelGCFailedAllocation", Time since last: 41475000 ns, Reaching safepoint: 172300 ns, At safepoint: 618200 ns, Total: 790500 ns
[69.430s][info][gc       ] GC(1259) Pause Young (Allocation Failure) 476M->91M(714M) 0.474ms
[69.431s][info][safepoint] Safepoint "ParallelGCFailedAllocation", Time since last: 39780200 ns, Reaching safepoint: 121400 ns, At safepoint: 552700 ns, Total: 674100 ns
[69.469s][info][gc       ] GC(1260) Pause Young (Allocation Failure) 462M->91M(788M) 0.765ms
[69.469s][info][safepoint] Safepoint "ParallelGCFailedAllocation", Time since last: 37311400 ns, Reaching safepoint: 185500 ns, At safepoint: 832400 ns, Total: 1017900 ns
[69.516s][info][gc       ] GC(1261) Pause Young (Allocation Failure) 537M->91M(875M) 1.326ms
[69.516s][info][safepoint] Safepoint "ParallelGCFailedAllocation", Time since last: 45356900 ns, Reaching safepoint: 108600 ns, At safepoint: 1444100 ns, Total: 1552700 ns
[69.570s][info][gc       ] GC(1262) Pause Young (Allocation Failure) 627M->94M(987M) 0.601ms
[69.570s][info][safepoint] Safepoint "ParallelGCFailedAllocation", Time since last: 53723800 ns, Reaching safepoint: 166900 ns, At safepoint: 723500 ns, Total: 890400 ns
[69.637s][info][gc       ] GC(1263) Pause Young (Allocation Failure) 735M->94M(1114M) 0.611ms
[69.637s][info][safepoint] Safepoint "ParallelGCFailedAllocation", Time since last: 65680900 ns, Reaching safepoint: 200900 ns, At safepoint: 680000 ns, Total: 880900 ns
[69.721s][info][gc       ] GC(1264) Pause Young (Allocation Failure) 864M->94M(1269M) 0.696ms
[69.721s][info][safepoint] Safepoint "ParallelGCFailedAllocation", Time since last: 83322600 ns, Reaching safepoint: 209400 ns, At safepoint: 791400 ns, Total: 1000800 ns
[69.821s][info][gc       ] GC(1265) Pause Young (Allocation Failure) 1020M->93M(1227M) 0.443ms
[69.821s][info][safepoint] Safepoint "ParallelGCFailedAllocation", Time since last: 98804900 ns, Reaching safepoint: 150600 ns, At safepoint: 541000 ns, Total: 691600 ns
[69.912s][info][gc       ] GC(1266) Pause Young (Allocation Failure) 977M->94M(1190M) 0.749ms
[69.912s][info][safepoint] Safepoint "ParallelGCFailedAllocation", Time since last: 90262900 ns, Reaching safepoint: 192800 ns, At safepoint: 910400 ns, Total: 1103200 ns
[70.000s][info][gc       ] GC(1267) Pause Young (Allocation Failure) 941M->94M(1153M) 0.483ms
[70.000s][info][safepoint] Safepoint "ParallelGCFailedAllocation", Time since last: 87526800 ns, Reaching safepoint: 156800 ns, At safepoint: 565000 ns, Total: 721800 ns
[70.085s][info][gc       ] GC(1268) Pause Young (Allocation Failure) 903M->94M(1118M) 0.602ms
[70.085s][info][safepoint] Safepoint "ParallelGCFailedAllocation", Time since last: 83676600 ns, Reaching safepoint: 189500 ns, At safepoint: 701500 ns, Total: 891000 ns
[70.164s][info][gc       ] GC(1269) Pause Young (Allocation Failure) 869M->94M(1085M) 0.457ms
[70.164s][info][safepoint] Safepoint "ParallelGCFailedAllocation", Time since last: 78505100 ns, Reaching safepoint: 208000 ns, At safepoint: 530600 ns, Total: 738600 ns
[70.239s][info][gc       ] GC(1270) Pause Young (Allocation Failure) 836M->93M(1052M) 0.632ms
[70.239s][info][safepoint] Safepoint "ParallelGCFailedAllocation", Time since last: 74402700 ns, Reaching safepoint: 105800 ns, At safepoint: 713900 ns, Total: 819700 ns
[70.311s][info][gc       ] GC(1271) Pause Young (Allocation Failure) 801M->94M(1024M) 0.583ms
[70.311s][info][safepoint] Safepoint "ParallelGCFailedAllocation", Time since last: 71232000 ns, Reaching safepoint: 134500 ns, At safepoint: 678300 ns, Total: 812800 ns
[70.380s][info][gc       ] GC(1272) Pause Young (Allocation Failure) 775M->94M(995M) 0.976ms
[70.380s][info][safepoint] Safepoint "ParallelGCFailedAllocation", Time since last: 66790700 ns, Reaching safepoint: 267800 ns, At safepoint: 1064500 ns, Total: 1332300 ns
[70.445s][info][gc       ] GC(1273) Pause Young (Allocation Failure) 745M->94M(968M) 0.592ms
[70.446s][info][safepoint] Safepoint "ParallelGCFailedAllocation", Time since last: 65110800 ns, Reaching safepoint: 133900 ns, At safepoint: 708300 ns, Total: 842200 ns
[70.509s][info][gc       ] GC(1274) Pause Young (Allocation Failure) 718M->94M(942M) 0.609ms
[70.509s][info][safepoint] Safepoint "ParallelGCFailedAllocation", Time since last: 62771100 ns, Reaching safepoint: 124700 ns, At safepoint: 692400 ns, Total: 817100 ns
[70.570s][info][gc       ] GC(1275) Pause Young (Allocation Failure) 693M->93M(916M) 0.466ms
[70.570s][info][safepoint] Safepoint "ParallelGCFailedAllocation", Time since last: 60332300 ns, Reaching safepoint: 132000 ns, At safepoint: 539400 ns, Total: 671400 ns
[70.628s][info][gc       ] GC(1276) Pause Young (Allocation Failure) 667M->94M(894M) 0.772ms
[70.628s][info][safepoint] Safepoint "ParallelGCFailedAllocation", Time since last: 57251000 ns, Reaching safepoint: 202400 ns, At safepoint: 885200 ns, Total: 1087600 ns
[70.687s][info][gc       ] GC(1277) Pause Young (Allocation Failure) 646M->94M(872M) 0.797ms
[70.687s][info][safepoint] Safepoint "ParallelGCFailedAllocation", Time since last: 57823400 ns, Reaching safepoint: 167400 ns, At safepoint: 885900 ns, Total: 1053300 ns
[70.743s][info][gc       ] GC(1278) Pause Young (Allocation Failure) 624M->93M(850M) 0.582ms
[70.743s][info][safepoint] Safepoint "ParallelGCFailedAllocation", Time since last: 55322200 ns, Reaching safepoint: 129300 ns, At safepoint: 657700 ns, Total: 787000 ns
[70.796s][info][gc       ] GC(1279) Pause Young (Allocation Failure) 601M->94M(831M) 0.761ms
[70.796s][info][safepoint] Safepoint "ParallelGCFailedAllocation", Time since last: 51795400 ns, Reaching safepoint: 220400 ns, At safepoint: 849400 ns, Total: 1069800 ns
[70.848s][info][gc       ] GC(1280) Pause Young (Allocation Failure) 583M->94M(812M) 0.587ms
[70.848s][info][safepoint] Safepoint "ParallelGCFailedAllocation", Time since last: 51332400 ns, Reaching safepoint: 134600 ns, At safepoint: 685800 ns, Total: 820400 ns
[70.897s][info][gc       ] GC(1281) Pause Young (Allocation Failure) 562M->94M(906M) 0.635ms
[70.897s][info][safepoint] Safepoint "ParallelGCFailedAllocation", Time since last: 47212000 ns, Reaching safepoint: 194900 ns, At safepoint: 723600 ns, Total: 918500 ns
[70.956s][info][gc       ] GC(1282) Pause Young (Allocation Failure) 658M->93M(882M) 0.606ms
[70.956s][info][safepoint] Safepoint "ParallelGCFailedAllocation", Time since last: 58993300 ns, Reaching safepoint: 196000 ns, At safepoint: 697500 ns, Total: 893500 ns
[71.014s][info][gc       ] GC(1283) Pause Young (Allocation Failure) 634M->93M(860M) 0.459ms
[71.014s][info][safepoint] Safepoint "ParallelGCFailedAllocation", Time since last: 56838000 ns, Reaching safepoint: 199300 ns, At safepoint: 534400 ns, Total: 733700 ns
[71.069s][info][gc       ] GC(1284) Pause Young (Allocation Failure) 612M->94M(841M) 0.620ms
[71.069s][info][safepoint] Safepoint "ParallelGCFailedAllocation", Time since last: 54343600 ns, Reaching safepoint: 149100 ns, At safepoint: 701300 ns, Total: 850400 ns
[71.120s][info][gc       ] GC(1285) Pause Young (Allocation Failure) 593M->94M(822M) 0.453ms
[71.120s][info][safepoint] Safepoint "ParallelGCFailedAllocation", Time since last: 49688300 ns, Reaching safepoint: 142800 ns, At safepoint: 533900 ns, Total: 676700 ns
[71.168s][info][gc       ] GC(1286) Pause Young (Allocation Failure) 573M->93M(802M) 0.849ms
[71.168s][info][safepoint] Safepoint "ParallelGCFailedAllocation", Time since last: 47513800 ns, Reaching safepoint: 127400 ns, At safepoint: 939100 ns, Total: 1066500 ns
[71.215s][info][gc       ] GC(1287) Pause Young (Allocation Failure) 554M->94M(785M) 0.587ms
[71.215s][info][safepoint] Safepoint "ParallelGCFailedAllocation", Time since last: 46166700 ns, Reaching safepoint: 201000 ns, At safepoint: 678400 ns, Total: 879400 ns
[71.261s][info][gc       ] GC(1288) Pause Young (Allocation Failure) 536M->94M(874M) 0.858ms
[71.261s][info][safepoint] Safepoint "ParallelGCFailedAllocation", Time since last: 44713100 ns, Reaching safepoint: 198600 ns, At safepoint: 947300 ns, Total: 1145900 ns
[71.316s][info][gc       ] GC(1289) Pause Young (Allocation Failure) 625M->94M(978M) 1.203ms
[71.316s][info][safepoint] Safepoint "ParallelGCFailedAllocation", Time since last: 53150000 ns, Reaching safepoint: 120100 ns, At safepoint: 1278200 ns, Total: 1398300 ns
[71.381s][info][gc       ] GC(1290) Pause Young (Allocation Failure) 731M->97M(1110M) 0.363ms
[71.381s][info][safepoint] Safepoint "ParallelGCFailedAllocation", Time since last: 64974500 ns, Reaching safepoint: 196700 ns, At safepoint: 444700 ns, Total: 641400 ns
[71.460s][info][gc       ] GC(1291) Pause Young (Allocation Failure) 864M->97M(1262M) 0.756ms
[71.460s][info][safepoint] Safepoint "ParallelGCFailedAllocation", Time since last: 77736300 ns, Reaching safepoint: 176500 ns, At safepoint: 842000 ns, Total: 1018500 ns
[71.554s][info][gc       ] GC(1292) Pause Young (Allocation Failure) 1017M->97M(1222M) 0.518ms
[71.554s][info][safepoint] Safepoint "ParallelGCFailedAllocation", Time since last: 92944000 ns, Reaching safepoint: 123600 ns, At safepoint: 595800 ns, Total: 719400 ns
[71.643s][info][gc       ] GC(1293) Pause Young (Allocation Failure) 976M->97M(1184M) 0.382ms
[71.643s][info][safepoint] Safepoint "ParallelGCFailedAllocation", Time since last: 88450900 ns, Reaching safepoint: 149300 ns, At safepoint: 476800 ns, Total: 626100 ns
[71.727s][info][gc       ] GC(1294) Pause Young (Allocation Failure) 939M->96M(1146M) 0.487ms
[71.727s][info][safepoint] Safepoint "ParallelGCFailedAllocation", Time since last: 83907900 ns, Reaching safepoint: 189000 ns, At safepoint: 568400 ns, Total: 757400 ns
[71.814s][info][gc       ] GC(1295) Pause Young (Allocation Failure) 901M->97M(1113M) 0.741ms
[71.814s][info][safepoint] Safepoint "ParallelGCFailedAllocation", Time since last: 85555800 ns, Reaching safepoint: 177300 ns, At safepoint: 829000 ns, Total: 1006300 ns
[71.896s][info][gc       ] GC(1296) Pause Young (Allocation Failure) 868M->97M(1080M) 0.619ms
[71.896s][info][safepoint] Safepoint "ParallelGCFailedAllocation", Time since last: 81006400 ns, Reaching safepoint: 143000 ns, At safepoint: 752000 ns, Total: 895000 ns
[71.974s][info][gc       ] GC(1297) Pause Young (Allocation Failure) 834M->97M(1049M) 0.603ms
[71.974s][info][safepoint] Safepoint "ParallelGCFailedAllocation", Time since last: 77483500 ns, Reaching safepoint: 179700 ns, At safepoint: 702200 ns, Total: 881900 ns
[72.046s][info][gc       ] GC(1298) Pause Young (Allocation Failure) 804M->97M(1020M) 0.626ms
[72.046s][info][safepoint] Safepoint "ParallelGCFailedAllocation", Time since last: 71335500 ns, Reaching safepoint: 181700 ns, At safepoint: 701300 ns, Total: 883000 ns
[72.116s][info][gc       ] GC(1299) Pause Young (Allocation Failure) 774M->97M(991M) 0.687ms
[72.116s][info][safepoint] Safepoint "ParallelGCFailedAllocation", Time since last: 68738500 ns, Reaching safepoint: 153800 ns, At safepoint: 785700 ns, Total: 939500 ns
[72.185s][info][gc       ] GC(1300) Pause Young (Allocation Failure) 744M->97M(964M) 0.696ms
[72.185s][info][safepoint] Safepoint "ParallelGCFailedAllocation", Time since last: 67823700 ns, Reaching safepoint: 145100 ns, At safepoint: 778600 ns, Total: 923700 ns
[72.248s][info][gc       ] GC(1301) Pause Young (Allocation Failure) 719M->97M(939M) 0.532ms
[72.248s][info][safepoint] Safepoint "ParallelGCFailedAllocation", Time since last: 62043900 ns, Reaching safepoint: 177700 ns, At safepoint: 623900 ns, Total: 801600 ns
[72.310s][info][gc       ] GC(1302) Pause Young (Allocation Failure) 692M->97M(914M) 0.626ms
[72.310s][info][safepoint] Safepoint "ParallelGCFailedAllocation", Time since last: 61771500 ns, Reaching safepoint: 190600 ns, At safepoint: 736000 ns, Total: 926600 ns
[72.371s][info][gc       ] GC(1303) Pause Young (Allocation Failure) 668M->97M(890M) 0.815ms
[72.371s][info][safepoint] Safepoint "ParallelGCFailedAllocation", Time since last: 59326400 ns, Reaching safepoint: 145300 ns, At safepoint: 893600 ns, Total: 1038900 ns
[72.427s][info][gc       ] GC(1304) Pause Young (Allocation Failure) 646M->99M(869M) 0.797ms
[72.427s][info][safepoint] Safepoint "ParallelGCFailedAllocation", Time since last: 55179700 ns, Reaching safepoint: 137100 ns, At safepoint: 880100 ns, Total: 1017200 ns
[72.481s][info][gc       ] GC(1305) Pause Young (Allocation Failure) 624M->99M(848M) 0.492ms
[72.481s][info][safepoint] Safepoint "ParallelGCFailedAllocation", Time since last: 53059600 ns, Reaching safepoint: 190500 ns, At safepoint: 563300 ns, Total: 753800 ns
[72.532s][info][gc       ] GC(1306) Pause Young (Allocation Failure) 603M->99M(828M) 0.638ms
[72.532s][info][safepoint] Safepoint "ParallelGCFailedAllocation", Time since last: 50538000 ns, Reaching safepoint: 207500 ns, At safepoint: 724100 ns, Total: 931600 ns
[72.582s][info][gc       ] GC(1307) Pause Young (Allocation Failure) 584M->99M(924M) 0.767ms
[72.582s][info][safepoint] Safepoint "ParallelGCFailedAllocation", Time since last: 48769200 ns, Reaching safepoint: 196200 ns, At safepoint: 841700 ns, Total: 1037900 ns
[72.641s][info][gc       ] GC(1308) Pause Young (Allocation Failure) 681M->99M(901M) 0.549ms
[72.641s][info][safepoint] Safepoint "ParallelGCFailedAllocation", Time since last: 58521200 ns, Reaching safepoint: 197900 ns, At safepoint: 624500 ns, Total: 822400 ns
[72.700s][info][gc       ] GC(1309) Pause Young (Allocation Failure) 658M->99M(878M) 0.615ms
[72.700s][info][safepoint] Safepoint "ParallelGCFailedAllocation", Time since last: 57651900 ns, Reaching safepoint: 188000 ns, At safepoint: 689200 ns, Total: 877200 ns
[72.757s][info][gc       ] GC(1310) Pause Young (Allocation Failure) 636M->100M(858M) 0.634ms
[72.757s][info][safepoint] Safepoint "ParallelGCFailedAllocation", Time since last: 56021800 ns, Reaching safepoint: 214600 ns, At safepoint: 712500 ns, Total: 927100 ns
[72.809s][info][gc       ] GC(1311) Pause Young (Allocation Failure) 616M->99M(836M) 0.601ms
[72.809s][info][safepoint] Safepoint "ParallelGCFailedAllocation", Time since last: 51406600 ns, Reaching safepoint: 205300 ns, At safepoint: 688700 ns, Total: 894000 ns
[72.860s][info][gc       ] GC(1312) Pause Young (Allocation Failure) 593M->100M(818M) 0.616ms
[72.860s][info][safepoint] Safepoint "ParallelGCFailedAllocation", Time since last: 50055900 ns, Reaching safepoint: 210700 ns, At safepoint: 698500 ns, Total: 909200 ns
[72.909s][info][gc       ] GC(1313) Pause Young (Allocation Failure) 574M->100M(800M) 0.591ms
[72.909s][info][safepoint] Safepoint "ParallelGCFailedAllocation", Time since last: 48354300 ns, Reaching safepoint: 230200 ns, At safepoint: 668200 ns, Total: 898400 ns
[72.957s][info][gc       ] GC(1314) Pause Young (Allocation Failure) 557M->100M(891M) 0.662ms
[72.957s][info][safepoint] Safepoint "ParallelGCFailedAllocation", Time since last: 46688900 ns, Reaching safepoint: 197200 ns, At safepoint: 746600 ns, Total: 943800 ns
[73.015s][info][gc       ] GC(1315) Pause Young (Allocation Failure) 648M->100M(1000M) 0.747ms
[73.015s][info][safepoint] Safepoint "ParallelGCFailedAllocation", Time since last: 57351400 ns, Reaching safepoint: 171500 ns, At safepoint: 831100 ns, Total: 1002600 ns
[73.083s][info][gc       ] GC(1316) Pause Young (Allocation Failure) 758M->100M(972M) 0.511ms
[73.083s][info][safepoint] Safepoint "ParallelGCFailedAllocation", Time since last: 67238300 ns, Reaching safepoint: 131900 ns, At safepoint: 591600 ns, Total: 723500 ns
[73.148s][info][gc       ] GC(1317) Pause Young (Allocation Failure) 730M->102M(948M) 0.534ms
[73.148s][info][safepoint] Safepoint "ParallelGCFailedAllocation", Time since last: 64361100 ns, Reaching safepoint: 147600 ns, At safepoint: 608900 ns, Total: 756500 ns
[73.210s][info][gc       ] GC(1318) Pause Young (Allocation Failure) 707M->102M(923M) 0.647ms
[73.210s][info][safepoint] Safepoint "ParallelGCFailedAllocation", Time since last: 60988700 ns, Reaching safepoint: 190000 ns, At safepoint: 739700 ns, Total: 929700 ns
[73.270s][info][gc       ] GC(1319) Pause Young (Allocation Failure) 682M->102M(899M) 0.563ms
[73.270s][info][safepoint] Safepoint "ParallelGCFailedAllocation", Time since last: 58662100 ns, Reaching safepoint: 185100 ns, At safepoint: 654000 ns, Total: 839100 ns
[73.326s][info][gc       ] GC(1320) Pause Young (Allocation Failure) 657M->102M(877M) 0.524ms
[73.326s][info][safepoint] Safepoint "ParallelGCFailedAllocation", Time since last: 55098100 ns, Reaching safepoint: 121400 ns, At safepoint: 605100 ns, Total: 726500 ns
[73.379s][info][gc       ] GC(1321) Pause Young (Allocation Failure) 634M->102M(855M) 0.700ms
[73.379s][info][safepoint] Safepoint "ParallelGCFailedAllocation", Time since last: 52419200 ns, Reaching safepoint: 219000 ns, At safepoint: 820700 ns, Total: 1039700 ns
[73.432s][info][gc       ] GC(1322) Pause Young (Allocation Failure) 614M->100M(833M) 0.595ms
[73.432s][info][safepoint] Safepoint "ParallelGCFailedAllocation", Time since last: 51473500 ns, Reaching safepoint: 223000 ns, At safepoint: 672500 ns, Total: 895500 ns
[73.483s][info][gc       ] GC(1323) Pause Young (Allocation Failure) 590M->102M(815M) 0.564ms
[73.483s][info][safepoint] Safepoint "ParallelGCFailedAllocation", Time since last: 51095300 ns, Reaching safepoint: 143700 ns, At safepoint: 651600 ns, Total: 795300 ns
[73.536s][info][gc       ] GC(1324) Pause Young (Allocation Failure) 575M->102M(797M) 0.765ms
[73.536s][info][safepoint] Safepoint "ParallelGCFailedAllocation", Time since last: 51839800 ns, Reaching safepoint: 136000 ns, At safepoint: 843900 ns, Total: 979900 ns
[73.586s][info][gc       ] GC(1325) Pause Young (Allocation Failure) 556M->100M(778M) 0.551ms
[73.586s][info][safepoint] Safepoint "ParallelGCFailedAllocation", Time since last: 48522700 ns, Reaching safepoint: 185700 ns, At safepoint: 675900 ns, Total: 861600 ns
[73.630s][info][gc       ] GC(1326) Pause Young (Allocation Failure) 536M->102M(867M) 0.656ms
[73.630s][info][safepoint] Safepoint "ParallelGCFailedAllocation", Time since last: 43545700 ns, Reaching safepoint: 122900 ns, At safepoint: 736900 ns, Total: 859800 ns
[73.682s][info][gc       ] GC(1327) Pause Young (Allocation Failure) 625M->102M(972M) 0.669ms
[73.682s][info][safepoint] Safepoint "ParallelGCFailedAllocation", Time since last: 51478100 ns, Reaching safepoint: 138200 ns, At safepoint: 765600 ns, Total: 903800 ns
[73.746s][info][gc       ] GC(1328) Pause Young (Allocation Failure) 730M->100M(944M) 0.663ms
[73.746s][info][safepoint] Safepoint "ParallelGCFailedAllocation", Time since last: 62765800 ns, Reaching safepoint: 189600 ns, At safepoint: 746900 ns, Total: 936500 ns
[73.810s][info][gc       ] GC(1329) Pause Young (Allocation Failure) 703M->102M(921M) 0.668ms
[73.810s][info][safepoint] Safepoint "ParallelGCFailedAllocation", Time since last: 62520000 ns, Reaching safepoint: 216700 ns, At safepoint: 754900 ns, Total: 971600 ns
[73.872s][info][gc       ] GC(1330) Pause Young (Allocation Failure) 678M->102M(898M) 0.562ms
[73.872s][info][safepoint] Safepoint "ParallelGCFailedAllocation", Time since last: 61522400 ns, Reaching safepoint: 126400 ns, At safepoint: 695100 ns, Total: 821500 ns
[73.933s][info][gc       ] GC(1331) Pause Young (Allocation Failure) 656M->102M(875M) 0.605ms
[73.933s][info][safepoint] Safepoint "ParallelGCFailedAllocation", Time since last: 60150500 ns, Reaching safepoint: 208100 ns, At safepoint: 680800 ns, Total: 888900 ns
[73.993s][info][gc       ] GC(1332) Pause Young (Allocation Failure) 633M->102M(854M) 0.589ms
[73.993s][info][safepoint] Safepoint "ParallelGCFailedAllocation", Time since last: 59133600 ns, Reaching safepoint: 191300 ns, At safepoint: 691300 ns, Total: 882600 ns
[74.051s][info][gc       ] GC(1333) Pause Young (Allocation Failure) 611M->102M(834M) 0.553ms
[74.051s][info][safepoint] Safepoint "ParallelGCFailedAllocation", Time since last: 56992500 ns, Reaching safepoint: 159400 ns, At safepoint: 651400 ns, Total: 810800 ns
[74.101s][info][gc       ] GC(1334) Pause Young (Allocation Failure) 592M->102M(814M) 0.612ms
[74.102s][info][safepoint] Safepoint "ParallelGCFailedAllocation", Time since last: 49801700 ns, Reaching safepoint: 168000 ns, At safepoint: 772600 ns, Total: 940600 ns
[74.150s][info][gc       ] GC(1335) Pause Young (Allocation Failure) 574M->102M(907M) 0.834ms
[74.150s][info][safepoint] Safepoint "ParallelGCFailedAllocation", Time since last: 47087400 ns, Reaching safepoint: 137100 ns, At safepoint: 912700 ns, Total: 1049800 ns
[74.207s][info][gc       ] GC(1336) Pause Young (Allocation Failure) 667M->104M(1022M) 0.592ms
[74.207s][info][safepoint] Safepoint "ParallelGCFailedAllocation", Time since last: 56036300 ns, Reaching safepoint: 147400 ns, At safepoint: 668000 ns, Total: 815400 ns
[74.276s][info][gc       ] GC(1337) Pause Young (Allocation Failure) 781M->104M(994M) 0.561ms
[74.276s][info][safepoint] Safepoint "ParallelGCFailedAllocation", Time since last: 68980800 ns, Reaching safepoint: 197000 ns, At safepoint: 648300 ns, Total: 845300 ns
[74.343s][info][gc       ] GC(1338) Pause Young (Allocation Failure) 754M->102M(965M) 0.524ms
[74.343s][info][safepoint] Safepoint "ParallelGCFailedAllocation", Time since last: 66334200 ns, Reaching safepoint: 142600 ns, At safepoint: 598200 ns, Total: 740800 ns
[74.405s][info][gc       ] GC(1339) Pause Young (Allocation Failure) 727M->104M(941M) 0.522ms
[74.406s][info][safepoint] Safepoint "ParallelGCFailedAllocation", Time since last: 61298200 ns, Reaching safepoint: 155500 ns, At safepoint: 593000 ns, Total: 748500 ns
[74.465s][info][gc       ] GC(1340) Pause Young (Allocation Failure) 701M->104M(917M) 0.635ms
[74.465s][info][safepoint] Safepoint "ParallelGCFailedAllocation", Time since last: 58989600 ns, Reaching safepoint: 196600 ns, At safepoint: 722500 ns, Total: 919100 ns
[74.523s][info][gc       ] GC(1341) Pause Young (Allocation Failure) 676M->104M(892M) 0.778ms
[74.523s][info][safepoint] Safepoint "ParallelGCFailedAllocation", Time since last: 56547200 ns, Reaching safepoint: 140800 ns, At safepoint: 867100 ns, Total: 1007900 ns
[74.578s][info][gc       ] GC(1342) Pause Young (Allocation Failure) 655M->104M(870M) 0.519ms
[74.578s][info][safepoint] Safepoint "ParallelGCFailedAllocation", Time since last: 54183100 ns, Reaching safepoint: 205900 ns, At safepoint: 606900 ns, Total: 812800 ns
[74.634s][info][gc       ] GC(1343) Pause Young (Allocation Failure) 632M->105M(850M) 0.735ms
[74.634s][info][safepoint] Safepoint "ParallelGCFailedAllocation", Time since last: 54685700 ns, Reaching safepoint: 184100 ns, At safepoint: 821200 ns, Total: 1005300 ns
[74.686s][info][gc       ] GC(1344) Pause Young (Allocation Failure) 613M->105M(830M) 0.630ms
[74.686s][info][safepoint] Safepoint "ParallelGCFailedAllocation", Time since last: 51632900 ns, Reaching safepoint: 192100 ns, At safepoint: 713600 ns, Total: 905700 ns
[74.736s][info][gc       ] GC(1345) Pause Young (Allocation Failure) 591M->105M(927M) 0.750ms
[74.736s][info][safepoint] Safepoint "ParallelGCFailedAllocation", Time since last: 48764100 ns, Reaching safepoint: 177200 ns, At safepoint: 836000 ns, Total: 1013200 ns
[74.798s][info][gc       ] GC(1346) Pause Young (Allocation Failure) 690M->105M(903M) 0.554ms
[74.798s][info][safepoint] Safepoint "ParallelGCFailedAllocation", Time since last: 61013500 ns, Reaching safepoint: 130900 ns, At safepoint: 627100 ns, Total: 758000 ns
[74.859s][info][gc       ] GC(1347) Pause Young (Allocation Failure) 666M->105M(880M) 0.607ms
[74.859s][info][safepoint] Safepoint "ParallelGCFailedAllocation", Time since last: 60254200 ns, Reaching safepoint: 182700 ns, At safepoint: 698900 ns, Total: 881600 ns
[74.914s][info][gc       ] GC(1348) Pause Young (Allocation Failure) 644M->107M(860M) 0.597ms
[74.915s][info][safepoint] Safepoint "ParallelGCFailedAllocation", Time since last: 54757100 ns, Reaching safepoint: 181900 ns, At safepoint: 707400 ns, Total: 889300 ns
[74.970s][info][gc       ] GC(1349) Pause Young (Allocation Failure) 624M->105M(838M) 0.490ms
[74.970s][info][safepoint] Safepoint "ParallelGCFailedAllocation", Time since last: 54480300 ns, Reaching safepoint: 152100 ns, At safepoint: 566700 ns, Total: 718800 ns
[75.022s][info][gc       ] GC(1350) Pause Young (Allocation Failure) 600M->107M(820M) 0.493ms
[75.022s][info][safepoint] Safepoint "ParallelGCFailedAllocation", Time since last: 51796000 ns, Reaching safepoint: 162300 ns, At safepoint: 576600 ns, Total: 738900 ns
[75.072s][info][gc       ] GC(1351) Pause Young (Allocation Failure) 584M->107M(802M) 0.733ms
[75.072s][info][safepoint] Safepoint "ParallelGCFailedAllocation", Time since last: 49183600 ns, Reaching safepoint: 151200 ns, At safepoint: 816800 ns, Total: 968000 ns
[75.120s][info][gc       ] GC(1352) Pause Young (Allocation Failure) 565M->105M(782M) 0.626ms
[75.120s][info][safepoint] Safepoint "ParallelGCFailedAllocation", Time since last: 46718500 ns, Reaching safepoint: 198700 ns, At safepoint: 704000 ns, Total: 902700 ns
[75.171s][info][gc       ] GC(1353) Pause Young (Allocation Failure) 545M->107M(767M) 0.593ms
[75.171s][info][safepoint] Safepoint "ParallelGCFailedAllocation", Time since last: 49903700 ns, Reaching safepoint: 193500 ns, At safepoint: 676500 ns, Total: 870000 ns
[75.224s][info][gc       ] GC(1354) Pause Young (Allocation Failure) 530M->105M(749M) 0.520ms
[75.224s][info][safepoint] Safepoint "ParallelGCFailedAllocation", Time since last: 52632200 ns, Reaching safepoint: 127500 ns, At safepoint: 632000 ns, Total: 759500 ns
[75.270s][info][gc       ] GC(1355) Pause Young (Allocation Failure) 513M->107M(735M) 0.590ms
[75.270s][info][safepoint] Safepoint "ParallelGCFailedAllocation", Time since last: 44595700 ns, Reaching safepoint: 178100 ns, At safepoint: 694900 ns, Total: 873000 ns
[75.311s][info][gc       ] GC(1356) Pause Young (Allocation Failure) 500M->105M(813M) 0.659ms
[75.311s][info][safepoint] Safepoint "ParallelGCFailedAllocation", Time since last: 40244700 ns, Reaching safepoint: 192500 ns, At safepoint: 765600 ns, Total: 958100 ns
[75.360s][info][gc       ] GC(1357) Pause Young (Allocation Failure) 577M->107M(909M) 0.637ms
[75.360s][info][safepoint] Safepoint "ParallelGCFailedAllocation", Time since last: 48263500 ns, Reaching safepoint: 195300 ns, At safepoint: 715900 ns, Total: 911200 ns
[75.419s][info][gc       ] GC(1358) Pause Young (Allocation Failure) 673M->107M(1022M) 0.758ms
[75.419s][info][safepoint] Safepoint "ParallelGCFailedAllocation", Time since last: 57550700 ns, Reaching safepoint: 168800 ns, At safepoint: 839200 ns, Total: 1008000 ns
[75.489s][info][gc       ] GC(1359) Pause Young (Allocation Failure) 786M->107M(994M) 0.563ms
[75.489s][info][safepoint] Safepoint "ParallelGCFailedAllocation", Time since last: 69586600 ns, Reaching safepoint: 190900 ns, At safepoint: 711800 ns, Total: 902700 ns
[75.556s][info][gc       ] GC(1360) Pause Young (Allocation Failure) 758M->107M(967M) 0.634ms
[75.556s][info][safepoint] Safepoint "ParallelGCFailedAllocation", Time since last: 66371100 ns, Reaching safepoint: 133800 ns, At safepoint: 751500 ns, Total: 885300 ns
[75.621s][info][gc       ] GC(1361) Pause Young (Allocation Failure) 731M->107M(941M) 0.719ms
[75.621s][info][safepoint] Safepoint "ParallelGCFailedAllocation", Time since last: 64112000 ns, Reaching safepoint: 157700 ns, At safepoint: 818900 ns, Total: 976600 ns
[75.684s][info][gc       ] GC(1362) Pause Young (Allocation Failure) 704M->105M(915M) 0.681ms
[75.684s][info][safepoint] Safepoint "ParallelGCFailedAllocation", Time since last: 61956400 ns, Reaching safepoint: 204000 ns, At safepoint: 765000 ns, Total: 969000 ns
[75.744s][info][gc       ] GC(1363) Pause Young (Allocation Failure) 677M->107M(893M) 0.592ms
[75.744s][info][safepoint] Safepoint "ParallelGCFailedAllocation", Time since last: 59145500 ns, Reaching safepoint: 170700 ns, At safepoint: 674300 ns, Total: 845000 ns
[75.803s][info][gc       ] GC(1364) Pause Young (Allocation Failure) 658M->105M(870M) 0.658ms
[75.804s][info][safepoint] Safepoint "ParallelGCFailedAllocation", Time since last: 58136200 ns, Reaching safepoint: 232100 ns, At safepoint: 844400 ns, Total: 1076500 ns
[75.858s][info][gc       ] GC(1365) Pause Young (Allocation Failure) 633M->105M(849M) 0.610ms
[75.858s][info][safepoint] Safepoint "ParallelGCFailedAllocation", Time since last: 53352200 ns, Reaching safepoint: 207800 ns, At safepoint: 690300 ns, Total: 898100 ns
[75.910s][info][gc       ] GC(1366) Pause Young (Allocation Failure) 612M->107M(830M) 0.865ms
[75.910s][info][safepoint] Safepoint "ParallelGCFailedAllocation", Time since last: 51322500 ns, Reaching safepoint: 139300 ns, At safepoint: 949600 ns, Total: 1088900 ns
[75.964s][info][gc       ] GC(1367) Pause Young (Allocation Failure) 593M->107M(811M) 0.542ms
[75.965s][info][safepoint] Safepoint "ParallelGCFailedAllocation", Time since last: 53491900 ns, Reaching safepoint: 186000 ns, At safepoint: 614900 ns, Total: 800900 ns
[76.013s][info][gc       ] GC(1368) Pause Young (Allocation Failure) 573M->107M(793M) 0.684ms
[76.013s][info][safepoint] Safepoint "ParallelGCFailedAllocation", Time since last: 47220900 ns, Reaching safepoint: 184100 ns, At safepoint: 766200 ns, Total: 950300 ns
[76.060s][info][gc       ] GC(1369) Pause Young (Allocation Failure) 557M->107M(884M) 0.553ms
[76.060s][info][safepoint] Safepoint "ParallelGCFailedAllocation", Time since last: 46302700 ns, Reaching safepoint: 136900 ns, At safepoint: 639600 ns, Total: 776500 ns
[76.117s][info][gc       ] GC(1370) Pause Young (Allocation Failure) 648M->107M(992M) 0.800ms
[76.117s][info][safepoint] Safepoint "ParallelGCFailedAllocation", Time since last: 55849100 ns, Reaching safepoint: 135300 ns, At safepoint: 877600 ns, Total: 1012900 ns
[76.183s][info][gc       ] GC(1371) Pause Young (Allocation Failure) 756M->105M(964M) 0.449ms
[76.183s][info][safepoint] Safepoint "ParallelGCFailedAllocation", Time since last: 66076700 ns, Reaching safepoint: 122800 ns, At safepoint: 522300 ns, Total: 645100 ns
[76.248s][info][gc       ] GC(1372) Pause Young (Allocation Failure) 727M->107M(940M) 0.717ms
[76.248s][info][safepoint] Safepoint "ParallelGCFailedAllocation", Time since last: 63748300 ns, Reaching safepoint: 137500 ns, At safepoint: 791400 ns, Total: 928900 ns
[76.309s][info][gc       ] GC(1373) Pause Young (Allocation Failure) 702M->107M(915M) 0.511ms
[76.309s][info][safepoint] Safepoint "ParallelGCFailedAllocation", Time since last: 60427300 ns, Reaching safepoint: 200400 ns, At safepoint: 588700 ns, Total: 789100 ns
[76.368s][info][gc       ] GC(1374) Pause Young (Allocation Failure) 680M->107M(892M) 0.688ms
[76.368s][info][safepoint] Safepoint "ParallelGCFailedAllocation", Time since last: 57835000 ns, Reaching safepoint: 205400 ns, At safepoint: 763000 ns, Total: 968400 ns
[76.425s][info][gc       ] GC(1375) Pause Young (Allocation Failure) 656M->107M(870M) 0.457ms
[76.425s][info][safepoint] Safepoint "ParallelGCFailedAllocation", Time since last: 55863100 ns, Reaching safepoint: 208700 ns, At safepoint: 543800 ns, Total: 752500 ns
[76.478s][info][gc       ] GC(1376) Pause Young (Allocation Failure) 633M->107M(849M) 0.698ms
[76.478s][info][safepoint] Safepoint "ParallelGCFailedAllocation", Time since last: 52609700 ns, Reaching safepoint: 196000 ns, At safepoint: 810000 ns, Total: 1006000 ns
[76.532s][info][gc       ] GC(1377) Pause Young (Allocation Failure) 613M->105M(949M) 0.887ms
[76.532s][info][safepoint] Safepoint "ParallelGCFailedAllocation", Time since last: 52193000 ns, Reaching safepoint: 220500 ns, At safepoint: 1033600 ns, Total: 1254100 ns
[76.593s][info][gc       ] GC(1378) Pause Young (Allocation Failure) 713M->107M(926M) 0.501ms
[76.593s][info][safepoint] Safepoint "ParallelGCFailedAllocation", Time since last: 60942600 ns, Reaching safepoint: 210500 ns, At safepoint: 598100 ns, Total: 808600 ns
[76.654s][info][gc       ] GC(1379) Pause Young (Allocation Failure) 690M->107M(902M) 0.657ms
[76.654s][info][safepoint] Safepoint "ParallelGCFailedAllocation", Time since last: 59302100 ns, Reaching safepoint: 218900 ns, At safepoint: 752000 ns, Total: 970900 ns
[76.712s][info][gc       ] GC(1380) Pause Young (Allocation Failure) 667M->107M(880M) 0.732ms
[76.712s][info][safepoint] Safepoint "ParallelGCFailedAllocation", Time since last: 57424700 ns, Reaching safepoint: 201800 ns, At safepoint: 830900 ns, Total: 1032700 ns
[76.769s][info][gc       ] GC(1381) Pause Young (Allocation Failure) 644M->107M(858M) 0.431ms
[76.769s][info][safepoint] Safepoint "ParallelGCFailedAllocation", Time since last: 56327500 ns, Reaching safepoint: 133200 ns, At safepoint: 510400 ns, Total: 643600 ns
[76.822s][info][gc       ] GC(1382) Pause Young (Allocation Failure) 622M->107M(838M) 0.834ms
[76.822s][info][safepoint] Safepoint "ParallelGCFailedAllocation", Time since last: 51878800 ns, Reaching safepoint: 206700 ns, At safepoint: 926600 ns, Total: 1133300 ns
[76.873s][info][gc       ] GC(1383) Pause Young (Allocation Failure) 601M->105M(817M) 0.410ms
[76.873s][info][safepoint] Safepoint "ParallelGCFailedAllocation", Time since last: 50261300 ns, Reaching safepoint: 189200 ns, At safepoint: 495700 ns, Total: 684900 ns
[76.922s][info][gc       ] GC(1384) Pause Young (Allocation Failure) 581M->107M(800M) 0.540ms
[76.922s][info][safepoint] Safepoint "ParallelGCFailedAllocation", Time since last: 48282800 ns, Reaching safepoint: 125600 ns, At safepoint: 664800 ns, Total: 790400 ns
[76.970s][info][gc       ] GC(1385) Pause Young (Allocation Failure) 563M->107M(782M) 0.498ms
[76.970s][info][safepoint] Safepoint "ParallelGCFailedAllocation", Time since last: 47264300 ns, Reaching safepoint: 175500 ns, At safepoint: 580300 ns, Total: 755800 ns
[77.016s][info][gc       ] GC(1386) Pause Young (Allocation Failure) 547M->107M(870M) 0.829ms
[77.016s][info][safepoint] Safepoint "ParallelGCFailedAllocation", Time since last: 44888400 ns, Reaching safepoint: 140100 ns, At safepoint: 979900 ns, Total: 1120000 ns
[77.071s][info][gc       ] GC(1387) Pause Young (Allocation Failure) 634M->105M(848M) 0.515ms
[77.071s][info][safepoint] Safepoint "ParallelGCFailedAllocation", Time since last: 53656500 ns, Reaching safepoint: 153700 ns, At safepoint: 652100 ns, Total: 805800 ns
[77.124s][info][gc       ] GC(1388) Pause Young (Allocation Failure) 611M->105M(828M) 0.613ms
[77.124s][info][safepoint] Safepoint "ParallelGCFailedAllocation", Time since last: 52202100 ns, Reaching safepoint: 225800 ns, At safepoint: 691400 ns, Total: 917200 ns
[77.176s][info][gc       ] GC(1389) Pause Young (Allocation Failure) 591M->107M(927M) 0.707ms
[77.176s][info][safepoint] Safepoint "ParallelGCFailedAllocation", Time since last: 50797300 ns, Reaching safepoint: 158800 ns, At safepoint: 793600 ns, Total: 952400 ns
[77.236s][info][gc       ] GC(1390) Pause Young (Allocation Failure) 691M->105M(901M) 0.504ms
[77.236s][info][safepoint] Safepoint "ParallelGCFailedAllocation", Time since last: 59704200 ns, Reaching safepoint: 134700 ns, At safepoint: 572700 ns, Total: 707400 ns
[77.294s][info][gc       ] GC(1391) Pause Young (Allocation Failure) 666M->107M(880M) 0.717ms
[77.294s][info][safepoint] Safepoint "ParallelGCFailedAllocation", Time since last: 56834400 ns, Reaching safepoint: 137600 ns, At safepoint: 803300 ns, Total: 940900 ns
[77.350s][info][gc       ] GC(1392) Pause Young (Allocation Failure) 643M->107M(859M) 0.702ms
[77.350s][info][safepoint] Safepoint "ParallelGCFailedAllocation", Time since last: 54816500 ns, Reaching safepoint: 196000 ns, At safepoint: 767800 ns, Total: 963800 ns
[77.402s][info][gc       ] GC(1393) Pause Young (Allocation Failure) 620M->107M(838M) 0.436ms
[77.402s][info][safepoint] Safepoint "ParallelGCFailedAllocation", Time since last: 51880600 ns, Reaching safepoint: 131300 ns, At safepoint: 529400 ns, Total: 660700 ns
[77.454s][info][gc       ] GC(1394) Pause Young (Allocation Failure) 601M->107M(819M) 0.597ms
[77.454s][info][safepoint] Safepoint "ParallelGCFailedAllocation", Time since last: 50887400 ns, Reaching safepoint: 135100 ns, At safepoint: 658800 ns, Total: 793900 ns
[77.504s][info][gc       ] GC(1395) Pause Young (Allocation Failure) 582M->105M(799M) 0.505ms
[77.504s][info][safepoint] Safepoint "ParallelGCFailedAllocation", Time since last: 49358900 ns, Reaching safepoint: 132500 ns, At safepoint: 589000 ns, Total: 721500 ns
[77.551s][info][gc       ] GC(1396) Pause Young (Allocation Failure) 563M->105M(781M) 0.529ms
[77.551s][info][safepoint] Safepoint "ParallelGCFailedAllocation", Time since last: 45935900 ns, Reaching safepoint: 161600 ns, At safepoint: 616500 ns, Total: 778100 ns
[77.596s][info][gc       ] GC(1397) Pause Young (Allocation Failure) 545M->107M(766M) 0.604ms
[77.596s][info][safepoint] Safepoint "ParallelGCFailedAllocation", Time since last: 44246000 ns, Reaching safepoint: 173200 ns, At safepoint: 670600 ns, Total: 843800 ns
[77.640s][info][gc       ] GC(1398) Pause Young (Allocation Failure) 529M->107M(851M) 0.847ms
[77.640s][info][safepoint] Safepoint "ParallelGCFailedAllocation", Time since last: 43071600 ns, Reaching safepoint: 128600 ns, At safepoint: 931400 ns, Total: 1060000 ns
[77.692s][info][gc       ] GC(1399) Pause Young (Allocation Failure) 615M->107M(953M) 0.728ms
[77.692s][info][safepoint] Safepoint "ParallelGCFailedAllocation", Time since last: 51733100 ns, Reaching safepoint: 147500 ns, At safepoint: 808500 ns, Total: 956000 ns
[77.755s][info][gc       ] GC(1400) Pause Young (Allocation Failure) 717M->107M(1075M) 0.825ms
[77.755s][info][safepoint] Safepoint "ParallelGCFailedAllocation", Time since last: 61378200 ns, Reaching safepoint: 186200 ns, At safepoint: 911300 ns, Total: 1097500 ns
[77.830s][info][gc       ] GC(1401) Pause Young (Allocation Failure) 839M->105M(1221M) 0.568ms
[77.830s][info][safepoint] Safepoint "ParallelGCFailedAllocation", Time since last: 74464800 ns, Reaching safepoint: 217900 ns, At safepoint: 649600 ns, Total: 867500 ns
[77.920s][info][gc       ] GC(1402) Pause Young (Allocation Failure) 985M->105M(1183M) 0.569ms
[77.920s][info][safepoint] Safepoint "ParallelGCFailedAllocation", Time since last: 89251800 ns, Reaching safepoint: 129600 ns, At safepoint: 649600 ns, Total: 779200 ns
[78.011s][info][gc       ] GC(1403) Pause Young (Allocation Failure) 947M->107M(1148M) 0.644ms
[78.011s][info][safepoint] Safepoint "ParallelGCFailedAllocation", Time since last: 89595700 ns, Reaching safepoint: 227100 ns, At safepoint: 724300 ns, Total: 951400 ns
[78.092s][info][gc       ] GC(1404) Pause Young (Allocation Failure) 912M->105M(1112M) 0.648ms
[78.092s][info][safepoint] Safepoint "ParallelGCFailedAllocation", Time since last: 80468800 ns, Reaching safepoint: 196900 ns, At safepoint: 736600 ns, Total: 933500 ns
[78.174s][info][gc       ] GC(1405) Pause Young (Allocation Failure) 876M->105M(1079M) 0.677ms
[78.174s][info][safepoint] Safepoint "ParallelGCFailedAllocation", Time since last: 80486600 ns, Reaching safepoint: 135300 ns, At safepoint: 777400 ns, Total: 912700 ns
[78.254s][info][gc       ] GC(1406) Pause Young (Allocation Failure) 842M->107M(1049M) 0.852ms
[78.254s][info][safepoint] Safepoint "ParallelGCFailedAllocation", Time since last: 79627400 ns, Reaching safepoint: 166600 ns, At safepoint: 937600 ns, Total: 1104200 ns
[78.327s][info][gc       ] GC(1407) Pause Young (Allocation Failure) 812M->107M(1020M) 0.651ms
[78.327s][info][safepoint] Safepoint "ParallelGCFailedAllocation", Time since last: 71737200 ns, Reaching safepoint: 217100 ns, At safepoint: 743600 ns, Total: 960700 ns
[78.397s][info][gc       ] GC(1408) Pause Young (Allocation Failure) 783M->107M(991M) 0.656ms
[78.397s][info][safepoint] Safepoint "ParallelGCFailedAllocation", Time since last: 68879100 ns, Reaching safepoint: 189900 ns, At safepoint: 734100 ns, Total: 924000 ns
[78.463s][info][gc       ] GC(1409) Pause Young (Allocation Failure) 754M->107M(964M) 0.664ms
[78.463s][info][safepoint] Safepoint "ParallelGCFailedAllocation", Time since last: 65596500 ns, Reaching safepoint: 236400 ns, At safepoint: 749300 ns, Total: 985700 ns
[78.527s][info][gc       ] GC(1410) Pause Young (Allocation Failure) 728M->105M(937M) 0.623ms
[78.527s][info][safepoint] Safepoint "ParallelGCFailedAllocation", Time since last: 62929100 ns, Reaching safepoint: 209700 ns, At safepoint: 709300 ns, Total: 919000 ns
[78.588s][info][gc       ] GC(1411) Pause Young (Allocation Failure) 701M->107M(914M) 0.632ms
[78.588s][info][safepoint] Safepoint "ParallelGCFailedAllocation", Time since last: 60211300 ns, Reaching safepoint: 188300 ns, At safepoint: 720600 ns, Total: 908900 ns
[78.648s][info][gc       ] GC(1412) Pause Young (Allocation Failure) 678M->107M(891M) 0.747ms
[78.648s][info][safepoint] Safepoint "ParallelGCFailedAllocation", Time since last: 58272700 ns, Reaching safepoint: 153300 ns, At safepoint: 867900 ns, Total: 1021200 ns
[78.704s][info][gc       ] GC(1413) Pause Young (Allocation Failure) 654M->107M(869M) 0.470ms
[78.704s][info][safepoint] Safepoint "ParallelGCFailedAllocation", Time since last: 55560800 ns, Reaching safepoint: 131200 ns, At safepoint: 554300 ns, Total: 685500 ns
[78.758s][info][gc       ] GC(1414) Pause Young (Allocation Failure) 631M->107M(848M) 0.618ms
[78.758s][info][safepoint] Safepoint "ParallelGCFailedAllocation", Time since last: 53471600 ns, Reaching safepoint: 217700 ns, At safepoint: 701200 ns, Total: 918900 ns
[78.812s][info][gc       ] GC(1415) Pause Young (Allocation Failure) 612M->107M(828M) 0.504ms
[78.812s][info][safepoint] Safepoint "ParallelGCFailedAllocation", Time since last: 52474100 ns, Reaching safepoint: 205100 ns, At safepoint: 609700 ns, Total: 814800 ns
[78.862s][info][gc       ] GC(1416) Pause Young (Allocation Failure) 593M->107M(809M) 0.721ms
[78.862s][info][safepoint] Safepoint "ParallelGCFailedAllocation", Time since last: 49386400 ns, Reaching safepoint: 204600 ns, At safepoint: 842000 ns, Total: 1046600 ns
[78.912s][info][gc       ] GC(1417) Pause Young (Allocation Failure) 573M->105M(901M) 0.790ms
[78.912s][info][safepoint] Safepoint "ParallelGCFailedAllocation", Time since last: 49232500 ns, Reaching safepoint: 206800 ns, At safepoint: 933900 ns, Total: 1140700 ns
[78.973s][info][gc       ] GC(1418) Pause Young (Allocation Failure) 665M->107M(1015M) 0.669ms
[78.973s][info][safepoint] Safepoint "ParallelGCFailedAllocation", Time since last: 59745500 ns, Reaching safepoint: 216000 ns, At safepoint: 760300 ns, Total: 976300 ns
[79.043s][info][gc       ] GC(1419) Pause Young (Allocation Failure) 779M->107M(987M) 0.690ms
[79.043s][info][safepoint] Safepoint "ParallelGCFailedAllocation", Time since last: 68465500 ns, Reaching safepoint: 186300 ns, At safepoint: 797900 ns, Total: 984200 ns
[79.109s][info][gc       ] GC(1420) Pause Young (Allocation Failure) 752M->107M(961M) 0.750ms
[79.110s][info][safepoint] Safepoint "ParallelGCFailedAllocation", Time since last: 65794700 ns, Reaching safepoint: 202000 ns, At safepoint: 862800 ns, Total: 1064800 ns
[79.173s][info][gc       ] GC(1421) Pause Young (Allocation Failure) 724M->105M(934M) 0.518ms
[79.173s][info][safepoint] Safepoint "ParallelGCFailedAllocation", Time since last: 62899100 ns, Reaching safepoint: 139000 ns, At safepoint: 607100 ns, Total: 746100 ns
[79.235s][info][gc       ] GC(1422) Pause Young (Allocation Failure) 697M->107M(911M) 0.622ms
[79.236s][info][safepoint] Safepoint "ParallelGCFailedAllocation", Time since last: 61489200 ns, Reaching safepoint: 194900 ns, At safepoint: 716500 ns, Total: 911400 ns
[79.293s][info][gc       ] GC(1423) Pause Young (Allocation Failure) 676M->107M(888M) 0.493ms
[79.293s][info][safepoint] Safepoint "ParallelGCFailedAllocation", Time since last: 56874900 ns, Reaching safepoint: 161500 ns, At safepoint: 595700 ns, Total: 757200 ns
[79.350s][info][gc       ] GC(1424) Pause Young (Allocation Failure) 651M->105M(865M) 0.619ms
[79.350s][info][safepoint] Safepoint "ParallelGCFailedAllocation", Time since last: 56035100 ns, Reaching safepoint: 208500 ns, At safepoint: 699700 ns, Total: 908200 ns
[79.404s][info][gc       ] GC(1425) Pause Young (Allocation Failure) 627M->107M(845M) 0.518ms
[79.404s][info][safepoint] Safepoint "ParallelGCFailedAllocation", Time since last: 53316900 ns, Reaching safepoint: 118500 ns, At safepoint: 606000 ns, Total: 724500 ns
[79.456s][info][gc       ] GC(1426) Pause Young (Allocation Failure) 608M->107M(825M) 0.570ms
[79.456s][info][safepoint] Safepoint "ParallelGCFailedAllocation", Time since last: 51203800 ns, Reaching safepoint: 137900 ns, At safepoint: 658700 ns, Total: 796600 ns
[79.506s][info][gc       ] GC(1427) Pause Young (Allocation Failure) 590M->107M(806M) 0.392ms
[79.506s][info][safepoint] Safepoint "ParallelGCFailedAllocation", Time since last: 49410500 ns, Reaching safepoint: 114300 ns, At safepoint: 443500 ns, Total: 557800 ns
[79.556s][info][gc       ] GC(1428) Pause Young (Allocation Failure) 570M->107M(788M) 0.610ms
[79.556s][info][safepoint] Safepoint "ParallelGCFailedAllocation", Time since last: 49121000 ns, Reaching safepoint: 138400 ns, At safepoint: 679200 ns, Total: 817600 ns
[79.602s][info][gc       ] GC(1429) Pause Young (Allocation Failure) 551M->107M(771M) 0.555ms
[79.602s][info][safepoint] Safepoint "ParallelGCFailedAllocation", Time since last: 45456000 ns, Reaching safepoint: 215200 ns, At safepoint: 643800 ns, Total: 859000 ns
[79.648s][info][gc       ] GC(1430) Pause Young (Allocation Failure) 534M->107M(857M) 0.839ms
[79.648s][info][safepoint] Safepoint "ParallelGCFailedAllocation", Time since last: 44346700 ns, Reaching safepoint: 176200 ns, At safepoint: 910000 ns, Total: 1086200 ns
[79.702s][info][gc       ] GC(1431) Pause Young (Allocation Failure) 621M->107M(960M) 0.771ms
[79.702s][info][safepoint] Safepoint "ParallelGCFailedAllocation", Time since last: 53206700 ns, Reaching safepoint: 140900 ns, At safepoint: 854500 ns, Total: 995400 ns
[79.766s][info][gc       ] GC(1432) Pause Young (Allocation Failure) 722M->107M(1084M) 0.721ms
[79.766s][info][safepoint] Safepoint "ParallelGCFailedAllocation", Time since last: 62876200 ns, Reaching safepoint: 171800 ns, At safepoint: 821500 ns, Total: 993300 ns
[79.842s][info][gc       ] GC(1433) Pause Young (Allocation Failure) 847M->107M(1231M) 0.778ms
[79.842s][info][safepoint] Safepoint "ParallelGCFailedAllocation", Time since last: 74663100 ns, Reaching safepoint: 123900 ns, At safepoint: 870000 ns, Total: 993900 ns
[79.933s][info][gc       ] GC(1434) Pause Young (Allocation Failure) 997M->108M(1194M) 0.593ms
[79.933s][info][safepoint] Safepoint "ParallelGCFailedAllocation", Time since last: 90365300 ns, Reaching safepoint: 119200 ns, At safepoint: 679600 ns, Total: 798800 ns
[80.021s][info][gc       ] GC(1435) Pause Young (Allocation Failure) 959M->108M(1157M) 0.585ms
[80.021s][info][safepoint] Safepoint "ParallelGCFailedAllocation", Time since last: 87300900 ns, Reaching safepoint: 178900 ns, At safepoint: 679200 ns, Total: 858100 ns
[80.104s][info][gc       ] GC(1436) Pause Young (Allocation Failure) 923M->108M(1122M) 0.823ms
[80.104s][info][safepoint] Safepoint "ParallelGCFailedAllocation", Time since last: 82179300 ns, Reaching safepoint: 200600 ns, At safepoint: 900500 ns, Total: 1101100 ns
[80.184s][info][gc       ] GC(1437) Pause Young (Allocation Failure) 886M->109M(1087M) 0.894ms
[80.184s][info][safepoint] Safepoint "ParallelGCFailedAllocation", Time since last: 78882600 ns, Reaching safepoint: 132000 ns, At safepoint: 975400 ns, Total: 1107400 ns
[80.260s][info][gc       ] GC(1438) Pause Young (Allocation Failure) 853M->110M(1057M) 0.669ms
[80.260s][info][safepoint] Safepoint "ParallelGCFailedAllocation", Time since last: 75083900 ns, Reaching safepoint: 136200 ns, At safepoint: 751500 ns, Total: 887700 ns
[80.333s][info][gc       ] GC(1439) Pause Young (Allocation Failure) 824M->110M(1027M) 0.594ms
[80.333s][info][safepoint] Safepoint "ParallelGCFailedAllocation", Time since last: 71677300 ns, Reaching safepoint: 150500 ns, At safepoint: 675400 ns, Total: 825900 ns
[80.404s][info][gc       ] GC(1440) Pause Young (Allocation Failure) 795M->110M(999M) 0.590ms
[80.404s][info][safepoint] Safepoint "ParallelGCFailedAllocation", Time since last: 70329100 ns, Reaching safepoint: 203600 ns, At safepoint: 675500 ns, Total: 879100 ns
[80.472s][info][gc       ] GC(1441) Pause Young (Allocation Failure) 767M->110M(970M) 0.883ms
[80.472s][info][safepoint] Safepoint "ParallelGCFailedAllocation", Time since last: 67311400 ns, Reaching safepoint: 216600 ns, At safepoint: 962600 ns, Total: 1179200 ns
[80.540s][info][gc       ] GC(1442) Pause Young (Allocation Failure) 738M->112M(945M) 0.585ms
[80.540s][info][safepoint] Safepoint "ParallelGCFailedAllocation", Time since last: 66414100 ns, Reaching safepoint: 240200 ns, At safepoint: 669700 ns, Total: 909900 ns
[80.604s][info][gc       ] GC(1443) Pause Young (Allocation Failure) 713M->112M(921M) 0.676ms
[80.605s][info][safepoint] Safepoint "ParallelGCFailedAllocation", Time since last: 63931500 ns, Reaching safepoint: 213800 ns, At safepoint: 752000 ns, Total: 965800 ns
[80.667s][info][gc       ] GC(1444) Pause Young (Allocation Failure) 687M->112M(897M) 0.645ms
[80.667s][info][safepoint] Safepoint "ParallelGCFailedAllocation", Time since last: 61096100 ns, Reaching safepoint: 215300 ns, At safepoint: 729500 ns, Total: 944800 ns
[80.724s][info][gc       ] GC(1445) Pause Young (Allocation Failure) 666M->112M(1005M) 1.279ms
[80.724s][info][safepoint] Safepoint "ParallelGCFailedAllocation", Time since last: 55566700 ns, Reaching safepoint: 134400 ns, At safepoint: 1386000 ns, Total: 1520400 ns
[80.793s][info][gc       ] GC(1446) Pause Young (Allocation Failure) 775M->115M(1143M) 0.521ms
[80.793s][info][safepoint] Safepoint "ParallelGCFailedAllocation", Time since last: 68241400 ns, Reaching safepoint: 127000 ns, At safepoint: 653900 ns, Total: 780900 ns
[80.877s][info][gc       ] GC(1447) Pause Young (Allocation Failure) 912M->115M(1108M) 0.595ms
[80.877s][info][safepoint] Safepoint "ParallelGCFailedAllocation", Time since last: 83314000 ns, Reaching safepoint: 214300 ns, At safepoint: 675900 ns, Total: 890200 ns
[80.957s][info][gc       ] GC(1448) Pause Young (Allocation Failure) 880M->115M(1075M) 0.694ms
[80.957s][info][safepoint] Safepoint "ParallelGCFailedAllocation", Time since last: 79018900 ns, Reaching safepoint: 121100 ns, At safepoint: 775500 ns, Total: 896600 ns
[81.036s][info][gc       ] GC(1449) Pause Young (Allocation Failure) 848M->113M(1043M) 0.483ms
[81.036s][info][safepoint] Safepoint "ParallelGCFailedAllocation", Time since last: 78939700 ns, Reaching safepoint: 140100 ns, At safepoint: 566800 ns, Total: 706900 ns
[81.113s][info][gc       ] GC(1450) Pause Young (Allocation Failure) 814M->113M(1013M) 0.315ms
[81.113s][info][safepoint] Safepoint "ParallelGCFailedAllocation", Time since last: 76454400 ns, Reaching safepoint: 62200 ns, At safepoint: 381600 ns, Total: 443800 ns
[81.183s][info][gc       ] GC(1451) Pause Young (Allocation Failure) 783M->115M(987M) 0.438ms
[81.183s][info][safepoint] Safepoint "ParallelGCFailedAllocation", Time since last: 69088200 ns, Reaching safepoint: 107000 ns, At safepoint: 531800 ns, Total: 638800 ns
[81.249s][info][gc       ] GC(1452) Pause Young (Allocation Failure) 758M->115M(960M) 0.686ms
[81.249s][info][safepoint] Safepoint "ParallelGCFailedAllocation", Time since last: 65178000 ns, Reaching safepoint: 183900 ns, At safepoint: 771800 ns, Total: 955700 ns
[81.316s][info][gc       ] GC(1453) Pause Young (Allocation Failure) 732M->115M(935M) 0.558ms
[81.316s][info][safepoint] Safepoint "ParallelGCFailedAllocation", Time since last: 65814100 ns, Reaching safepoint: 203200 ns, At safepoint: 648800 ns, Total: 852000 ns
[81.378s][info][gc       ] GC(1454) Pause Young (Allocation Failure) 706M->115M(911M) 0.572ms
[81.378s][info][safepoint] Safepoint "ParallelGCFailedAllocation", Time since last: 61466700 ns, Reaching safepoint: 162800 ns, At safepoint: 666500 ns, Total: 829300 ns
[81.437s][info][gc       ] GC(1455) Pause Young (Allocation Failure) 681M->115M(888M) 0.532ms
[81.437s][info][safepoint] Safepoint "ParallelGCFailedAllocation", Time since last: 57787300 ns, Reaching safepoint: 190900 ns, At safepoint: 628600 ns, Total: 819500 ns
[81.492s][info][gc       ] GC(1456) Pause Young (Allocation Failure) 660M->113M(864M) 0.519ms
[81.493s][info][safepoint] Safepoint "ParallelGCFailedAllocation", Time since last: 54940300 ns, Reaching safepoint: 180600 ns, At safepoint: 603300 ns, Total: 783900 ns
[81.548s][info][gc       ] GC(1457) Pause Young (Allocation Failure) 635M->115M(845M) 0.481ms
[81.548s][info][safepoint] Safepoint "ParallelGCFailedAllocation", Time since last: 54403300 ns, Reaching safepoint: 101500 ns, At safepoint: 557600 ns, Total: 659100 ns
[81.600s][info][gc       ] GC(1458) Pause Young (Allocation Failure) 616M->115M(825M) 0.634ms
[81.600s][info][safepoint] Safepoint "ParallelGCFailedAllocation", Time since last: 51535900 ns, Reaching safepoint: 206700 ns, At safepoint: 740000 ns, Total: 946700 ns
[81.649s][info][gc       ] GC(1459) Pause Young (Allocation Failure) 596M->113M(804M) 0.483ms
[81.649s][info][safepoint] Safepoint "ParallelGCFailedAllocation", Time since last: 48591800 ns, Reaching safepoint: 177700 ns, At safepoint: 560400 ns, Total: 738100 ns
[81.700s][info][gc       ] GC(1460) Pause Young (Allocation Failure) 576M->113M(786M) 0.582ms
[81.700s][info][safepoint] Safepoint "ParallelGCFailedAllocation", Time since last: 49386200 ns, Reaching safepoint: 208000 ns, At safepoint: 669800 ns, Total: 877800 ns
[81.747s][info][gc       ] GC(1461) Pause Young (Allocation Failure) 558M->115M(771M) 0.659ms
[81.747s][info][safepoint] Safepoint "ParallelGCFailedAllocation", Time since last: 46676800 ns, Reaching safepoint: 198000 ns, At safepoint: 743400 ns, Total: 941400 ns
[81.795s][info][gc       ] GC(1462) Pause Young (Allocation Failure) 543M->113M(753M) 0.611ms
[81.795s][info][safepoint] Safepoint "ParallelGCFailedAllocation", Time since last: 46617700 ns, Reaching safepoint: 131200 ns, At safepoint: 690100 ns, Total: 821300 ns
[81.839s][info][gc       ] GC(1463) Pause Young (Allocation Failure) 525M->115M(739M) 0.676ms
[81.839s][info][safepoint] Safepoint "ParallelGCFailedAllocation", Time since last: 43323500 ns, Reaching safepoint: 127400 ns, At safepoint: 750400 ns, Total: 877800 ns
[81.881s][info][gc       ] GC(1464) Pause Young (Allocation Failure) 510M->115M(818M) 0.781ms
[81.881s][info][safepoint] Safepoint "ParallelGCFailedAllocation", Time since last: 40898700 ns, Reaching safepoint: 184500 ns, At safepoint: 857000 ns, Total: 1041500 ns
[81.929s][info][gc       ] GC(1465) Pause Young (Allocation Failure) 590M->113M(912M) 0.718ms
[81.930s][info][safepoint] Safepoint "ParallelGCFailedAllocation", Time since last: 47694900 ns, Reaching safepoint: 145200 ns, At safepoint: 816900 ns, Total: 962100 ns
[81.989s][info][gc       ] GC(1466) Pause Young (Allocation Failure) 683M->115M(1028M) 0.698ms
[81.989s][info][safepoint] Safepoint "ParallelGCFailedAllocation", Time since last: 58793000 ns, Reaching safepoint: 192200 ns, At safepoint: 823500 ns, Total: 1015700 ns
[82.060s][info][gc       ] GC(1467) Pause Young (Allocation Failure) 800M->115M(1166M) 0.659ms
[82.060s][info][safepoint] Safepoint "ParallelGCFailedAllocation", Time since last: 69383500 ns, Reaching safepoint: 212600 ns, At safepoint: 749000 ns, Total: 961600 ns
[82.144s][info][gc       ] GC(1468) Pause Young (Allocation Failure) 938M->115M(1130M) 0.833ms
[82.144s][info][safepoint] Safepoint "ParallelGCFailedAllocation", Time since last: 83629900 ns, Reaching safepoint: 174400 ns, At safepoint: 932900 ns, Total: 1107300 ns
[82.225s][info][gc       ] GC(1469) Pause Young (Allocation Failure) 902M->115M(1097M) 0.488ms
[82.225s][info][safepoint] Safepoint "ParallelGCFailedAllocation", Time since last: 79944800 ns, Reaching safepoint: 167400 ns, At safepoint: 578000 ns, Total: 745400 ns
[82.306s][info][gc       ] GC(1470) Pause Young (Allocation Failure) 869M->115M(1065M) 0.863ms
[82.306s][info][safepoint] Safepoint "ParallelGCFailedAllocation", Time since last: 79497000 ns, Reaching safepoint: 147000 ns, At safepoint: 950700 ns, Total: 1097700 ns
[82.385s][info][gc       ] GC(1471) Pause Young (Allocation Failure) 836M->113M(1033M) 0.593ms
[82.385s][info][safepoint] Safepoint "ParallelGCFailedAllocation", Time since last: 78539100 ns, Reaching safepoint: 179500 ns, At safepoint: 691300 ns, Total: 870800 ns
[82.459s][info][gc       ] GC(1472) Pause Young (Allocation Failure) 805M->115M(1005M) 0.791ms
[82.459s][info][safepoint] Safepoint "ParallelGCFailedAllocation", Time since last: 72890400 ns, Reaching safepoint: 146200 ns, At safepoint: 876800 ns, Total: 1023000 ns
[82.526s][info][gc       ] GC(1473) Pause Young (Allocation Failure) 776M->113M(976M) 0.570ms
[82.526s][info][safepoint] Safepoint "ParallelGCFailedAllocation", Time since last: 66358800 ns, Reaching safepoint: 126700 ns, At safepoint: 653200 ns, Total: 779900 ns
[82.592s][info][gc       ] GC(1474) Pause Young (Allocation Failure) 749M->113M(950M) 0.485ms
[82.593s][info][safepoint] Safepoint "ParallelGCFailedAllocation", Time since last: 65666300 ns, Reaching safepoint: 144400 ns, At safepoint: 574300 ns, Total: 718700 ns
[82.654s][info][gc       ] GC(1475) Pause Young (Allocation Failure) 722M->113M(925M) 0.692ms
[82.654s][info][safepoint] Safepoint "ParallelGCFailedAllocation", Time since last: 60666900 ns, Reaching safepoint: 178000 ns, At safepoint: 847900 ns, Total: 1025900 ns
[82.712s][info][gc       ] GC(1476) Pause Young (Allocation Failure) 698M->115M(903M) 0.794ms
[82.712s][info][safepoint] Safepoint "ParallelGCFailedAllocation", Time since last: 57072400 ns, Reaching safepoint: 244200 ns, At safepoint: 875100 ns, Total: 1119300 ns
[82.769s][info][gc       ] GC(1477) Pause Young (Allocation Failure) 673M->115M(880M) 0.534ms
[82.769s][info][safepoint] Safepoint "ParallelGCFailedAllocation", Time since last: 55790500 ns, Reaching safepoint: 201000 ns, At safepoint: 607000 ns, Total: 808000 ns
[82.825s][info][gc       ] GC(1478) Pause Young (Allocation Failure) 653M->115M(859M) 0.866ms
[82.825s][info][safepoint] Safepoint "ParallelGCFailedAllocation", Time since last: 54634900 ns, Reaching safepoint: 184100 ns, At safepoint: 1022000 ns, Total: 1206100 ns
[82.878s][info][gc       ] GC(1479) Pause Young (Allocation Failure) 631M->113M(837M) 0.464ms
[82.878s][info][safepoint] Safepoint "ParallelGCFailedAllocation", Time since last: 52367300 ns, Reaching safepoint: 114000 ns, At safepoint: 531900 ns, Total: 645900 ns
[82.929s][info][gc       ] GC(1480) Pause Young (Allocation Failure) 609M->115M(819M) 0.731ms
[82.929s][info][safepoint] Safepoint "ParallelGCFailedAllocation", Time since last: 50121600 ns, Reaching safepoint: 152400 ns, At safepoint: 818600 ns, Total: 971000 ns
[82.980s][info][gc       ] GC(1481) Pause Young (Allocation Failure) 591M->115M(914M) 0.919ms
[82.980s][info][safepoint] Safepoint "ParallelGCFailedAllocation", Time since last: 49808000 ns, Reaching safepoint: 155900 ns, At safepoint: 1002100 ns, Total: 1158000 ns
[83.040s][info][gc       ] GC(1482) Pause Young (Allocation Failure) 687M->115M(1029M) 0.842ms
[83.040s][info][safepoint] Safepoint "ParallelGCFailedAllocation", Time since last: 58644000 ns, Reaching safepoint: 197700 ns, At safepoint: 917200 ns, Total: 1114900 ns
[83.110s][info][gc       ] GC(1483) Pause Young (Allocation Failure) 801M->115M(1000M) 0.453ms
[83.110s][info][safepoint] Safepoint "ParallelGCFailedAllocation", Time since last: 70002800 ns, Reaching safepoint: 199500 ns, At safepoint: 538900 ns, Total: 738400 ns
[83.179s][info][gc       ] GC(1484) Pause Young (Allocation Failure) 773M->115M(973M) 0.640ms
[83.179s][info][safepoint] Safepoint "ParallelGCFailedAllocation", Time since last: 67376000 ns, Reaching safepoint: 126300 ns, At safepoint: 721700 ns, Total: 848000 ns
[83.243s][info][gc       ] GC(1485) Pause Young (Allocation Failure) 744M->113M(945M) 0.584ms
[83.243s][info][safepoint] Safepoint "ParallelGCFailedAllocation", Time since last: 63218600 ns, Reaching safepoint: 202200 ns, At safepoint: 690300 ns, Total: 892500 ns
[83.305s][info][gc       ] GC(1486) Pause Young (Allocation Failure) 716M->115M(922M) 0.804ms
[83.305s][info][safepoint] Safepoint "ParallelGCFailedAllocation", Time since last: 61380300 ns, Reaching safepoint: 140400 ns, At safepoint: 887500 ns, Total: 1027900 ns
[83.364s][info][gc       ] GC(1487) Pause Young (Allocation Failure) 695M->115M(899M) 0.640ms
[83.364s][info][safepoint] Safepoint "ParallelGCFailedAllocation", Time since last: 58086400 ns, Reaching safepoint: 126000 ns, At safepoint: 728100 ns, Total: 854100 ns
[83.422s][info][gc       ] GC(1488) Pause Young (Allocation Failure) 671M->115M(1010M) 0.760ms
[83.422s][info][safepoint] Safepoint "ParallelGCFailedAllocation", Time since last: 56722300 ns, Reaching safepoint: 201500 ns, At safepoint: 844900 ns, Total: 1046400 ns
[83.494s][info][gc       ] GC(1489) Pause Young (Allocation Failure) 782M->113M(981M) 0.541ms
[83.494s][info][safepoint] Safepoint "ParallelGCFailedAllocation", Time since last: 70929800 ns, Reaching safepoint: 224600 ns, At safepoint: 623400 ns, Total: 848000 ns
[83.562s][info][gc       ] GC(1490) Pause Young (Allocation Failure) 752M->113M(954M) 0.524ms
[83.562s][info][safepoint] Safepoint "ParallelGCFailedAllocation", Time since last: 67826400 ns, Reaching safepoint: 164300 ns, At safepoint: 619400 ns, Total: 783700 ns
[83.626s][info][gc       ] GC(1491) Pause Young (Allocation Failure) 726M->113M(929M) 0.520ms
[83.626s][info][safepoint] Safepoint "ParallelGCFailedAllocation", Time since last: 63198800 ns, Reaching safepoint: 149500 ns, At safepoint: 607600 ns, Total: 757100 ns
[83.687s][info][gc       ] GC(1492) Pause Young (Allocation Failure) 702M->115M(907M) 0.535ms
[83.688s][info][safepoint] Safepoint "ParallelGCFailedAllocation", Time since last: 60512500 ns, Reaching safepoint: 177700 ns, At safepoint: 617700 ns, Total: 795400 ns
[83.747s][info][gc       ] GC(1493) Pause Young (Allocation Failure) 679M->115M(884M) 0.861ms
[83.747s][info][safepoint] Safepoint "ParallelGCFailedAllocation", Time since last: 58188800 ns, Reaching safepoint: 102600 ns, At safepoint: 941900 ns, Total: 1044500 ns
[83.809s][info][gc       ] GC(1494) Pause Young (Allocation Failure) 656M->115M(862M) 0.813ms
[83.809s][info][safepoint] Safepoint "ParallelGCFailedAllocation", Time since last: 60792400 ns, Reaching safepoint: 189600 ns, At safepoint: 895700 ns, Total: 1085300 ns
[83.865s][info][gc       ] GC(1495) Pause Young (Allocation Failure) 633M->115M(842M) 0.576ms
[83.865s][info][safepoint] Safepoint "ParallelGCFailedAllocation", Time since last: 55830200 ns, Reaching safepoint: 187900 ns, At safepoint: 655100 ns, Total: 843000 ns
[83.917s][info][gc       ] GC(1496) Pause Young (Allocation Failure) 615M->115M(822M) 0.534ms
[83.917s][info][safepoint] Safepoint "ParallelGCFailedAllocation", Time since last: 50913100 ns, Reaching safepoint: 125300 ns, At safepoint: 610200 ns, Total: 735500 ns
[83.967s][info][gc       ] GC(1497) Pause Young (Allocation Failure) 594M->115M(918M) 0.792ms
[83.967s][info][safepoint] Safepoint "ParallelGCFailedAllocation", Time since last: 49028700 ns, Reaching safepoint: 140000 ns, At safepoint: 893500 ns, Total: 1033500 ns
[84.028s][info][gc       ] GC(1498) Pause Young (Allocation Failure) 690M->115M(1034M) 0.901ms
[84.028s][info][safepoint] Safepoint "ParallelGCFailedAllocation", Time since last: 59462000 ns, Reaching safepoint: 187500 ns, At safepoint: 998100 ns, Total: 1185600 ns
[84.101s][info][gc       ] GC(1499) Pause Young (Allocation Failure) 805M->115M(1162M) 0.623ms
[84.101s][info][safepoint] Safepoint "ParallelGCFailedAllocation", Time since last: 72217300 ns, Reaching safepoint: 184300 ns, At safepoint: 709000 ns, Total: 893300 ns
[84.188s][info][gc       ] GC(1500) Pause Young (Allocation Failure) 935M->115M(1127M) 0.798ms
[84.188s][info][safepoint] Safepoint "ParallelGCFailedAllocation", Time since last: 86430200 ns, Reaching safepoint: 144900 ns, At safepoint: 927000 ns, Total: 1071900 ns
[84.269s][info][gc       ] GC(1501) Pause Young (Allocation Failure) 898M->115M(1090M) 1.152ms
[84.269s][info][safepoint] Safepoint "ParallelGCFailedAllocation", Time since last: 79551900 ns, Reaching safepoint: 178800 ns, At safepoint: 1277000 ns, Total: 1455800 ns
[84.346s][info][gc       ] GC(1502) Pause Young (Allocation Failure) 864M->118M(1063M) 0.605ms
[84.346s][info][safepoint] Safepoint "ParallelGCFailedAllocation", Time since last: 75395800 ns, Reaching safepoint: 210800 ns, At safepoint: 757000 ns, Total: 967800 ns
[84.420s][info][gc       ] GC(1503) Pause Young (Allocation Failure) 836M->118M(1031M) 0.781ms
[84.420s][info][safepoint] Safepoint "ParallelGCFailedAllocation", Time since last: 73693600 ns, Reaching safepoint: 182700 ns, At safepoint: 866300 ns, Total: 1049000 ns
[84.492s][info][gc       ] GC(1504) Pause Young (Allocation Failure) 806M->118M(1002M) 0.822ms
[84.492s][info][safepoint] Safepoint "ParallelGCFailedAllocation", Time since last: 70400700 ns, Reaching safepoint: 212000 ns, At safepoint: 900900 ns, Total: 1112900 ns
[84.560s][info][gc       ] GC(1505) Pause Young (Allocation Failure) 776M->117M(973M) 0.651ms
[84.560s][info][safepoint] Safepoint "ParallelGCFailedAllocation", Time since last: 66794900 ns, Reaching safepoint: 193100 ns, At safepoint: 728400 ns, Total: 921500 ns
[84.628s][info][gc       ] GC(1506) Pause Young (Allocation Failure) 748M->118M(948M) 0.643ms
[84.628s][info][safepoint] Safepoint "ParallelGCFailedAllocation", Time since last: 67778700 ns, Reaching safepoint: 230700 ns, At safepoint: 737900 ns, Total: 968600 ns
[84.693s][info][gc       ] GC(1507) Pause Young (Allocation Failure) 721M->118M(923M) 0.583ms
[84.693s][info][safepoint] Safepoint "ParallelGCFailedAllocation", Time since last: 64196900 ns, Reaching safepoint: 136900 ns, At safepoint: 658200 ns, Total: 795100 ns
[84.754s][info][gc       ] GC(1508) Pause Young (Allocation Failure) 699M->118M(900M) 1.166ms
[84.754s][info][safepoint] Safepoint "ParallelGCFailedAllocation", Time since last: 59422700 ns, Reaching safepoint: 148900 ns, At safepoint: 1285500 ns, Total: 1434400 ns
[84.811s][info][gc       ] GC(1509) Pause Young (Allocation Failure) 673M->118M(877M) 0.578ms
[84.811s][info][safepoint] Safepoint "ParallelGCFailedAllocation", Time since last: 56292700 ns, Reaching safepoint: 156200 ns, At safepoint: 669900 ns, Total: 826100 ns
[84.869s][info][gc       ] GC(1510) Pause Young (Allocation Failure) 652M->118M(984M) 0.835ms
[84.869s][info][safepoint] Safepoint "ParallelGCFailedAllocation", Time since last: 56465000 ns, Reaching safepoint: 181200 ns, At safepoint: 919000 ns, Total: 1100200 ns
[84.934s][info][gc       ] GC(1511) Pause Young (Allocation Failure) 759M->118M(958M) 0.476ms
[84.934s][info][safepoint] Safepoint "ParallelGCFailedAllocation", Time since last: 64854200 ns, Reaching safepoint: 136300 ns, At safepoint: 600200 ns, Total: 736500 ns
[84.999s][info][gc       ] GC(1512) Pause Young (Allocation Failure) 732M->118M(932M) 0.790ms
[84.999s][info][safepoint] Safepoint "ParallelGCFailedAllocation", Time since last: 63651800 ns, Reaching safepoint: 183700 ns, At safepoint: 904000 ns, Total: 1087700 ns
[85.060s][info][gc       ] GC(1513) Pause Young (Allocation Failure) 708M->118M(908M) 0.588ms
[85.060s][info][safepoint] Safepoint "ParallelGCFailedAllocation", Time since last: 59826000 ns, Reaching safepoint: 140900 ns, At safepoint: 666600 ns, Total: 807500 ns
[85.119s][info][gc       ] GC(1514) Pause Young (Allocation Failure) 684M->118M(885M) 0.519ms
[85.119s][info][safepoint] Safepoint "ParallelGCFailedAllocation", Time since last: 58534900 ns, Reaching safepoint: 139500 ns, At safepoint: 602600 ns, Total: 742100 ns
[85.175s][info][gc       ] GC(1515) Pause Young (Allocation Failure) 660M->118M(863M) 0.589ms
[85.175s][info][safepoint] Safepoint "ParallelGCFailedAllocation", Time since last: 54821000 ns, Reaching safepoint: 138800 ns, At safepoint: 677100 ns, Total: 815900 ns
[85.230s][info][gc       ] GC(1516) Pause Young (Allocation Failure) 638M->117M(841M) 0.550ms
[85.230s][info][safepoint] Safepoint "ParallelGCFailedAllocation", Time since last: 54721400 ns, Reaching safepoint: 195200 ns, At safepoint: 625500 ns, Total: 820700 ns
[85.283s][info][gc       ] GC(1517) Pause Young (Allocation Failure) 617M->117M(822M) 0.494ms
[85.283s][info][safepoint] Safepoint "ParallelGCFailedAllocation", Time since last: 52286600 ns, Reaching safepoint: 129400 ns, At safepoint: 564300 ns, Total: 693700 ns
[85.333s][info][gc       ] GC(1518) Pause Young (Allocation Failure) 596M->117M(803M) 0.610ms
[85.333s][info][safepoint] Safepoint "ParallelGCFailedAllocation", Time since last: 48579300 ns, Reaching safepoint: 213300 ns, At safepoint: 688700 ns, Total: 902000 ns
[85.381s][info][gc       ] GC(1519) Pause Young (Allocation Failure) 578M->118M(786M) 0.657ms
[85.381s][info][safepoint] Safepoint "ParallelGCFailedAllocation", Time since last: 47299400 ns, Reaching safepoint: 172700 ns, At safepoint: 730600 ns, Total: 903300 ns
[85.428s][info][gc       ] GC(1520) Pause Young (Allocation Failure) 561M->118M(875M) 0.858ms
[85.428s][info][safepoint] Safepoint "ParallelGCFailedAllocation", Time since last: 45471400 ns, Reaching safepoint: 230600 ns, At safepoint: 954700 ns, Total: 1185300 ns
[85.486s][info][gc       ] GC(1521) Pause Young (Allocation Failure) 651M->118M(982M) 0.714ms
[85.486s][info][safepoint] Safepoint "ParallelGCFailedAllocation", Time since last: 57617800 ns, Reaching safepoint: 186900 ns, At safepoint: 802500 ns, Total: 989400 ns
[85.553s][info][gc       ] GC(1522) Pause Young (Allocation Failure) 758M->118M(1110M) 0.827ms
[85.553s][info][safepoint] Safepoint "ParallelGCFailedAllocation", Time since last: 65288800 ns, Reaching safepoint: 192200 ns, At safepoint: 917000 ns, Total: 1109200 ns
[85.631s][info][gc       ] GC(1523) Pause Young (Allocation Failure) 886M->117M(1076M) 0.433ms
[85.631s][info][safepoint] Safepoint "ParallelGCFailedAllocation", Time since last: 77935300 ns, Reaching safepoint: 124400 ns, At safepoint: 509200 ns, Total: 633600 ns
[85.706s][info][gc       ] GC(1524) Pause Young (Allocation Failure) 852M->118M(1047M) 0.497ms
[85.706s][info][safepoint] Safepoint "ParallelGCFailedAllocation", Time since last: 74598400 ns, Reaching safepoint: 119400 ns, At safepoint: 543400 ns, Total: 662800 ns
[85.780s][info][gc       ] GC(1525) Pause Young (Allocation Failure) 822M->118M(1017M) 0.787ms
[85.780s][info][safepoint] Safepoint "ParallelGCFailedAllocation", Time since last: 72202200 ns, Reaching safepoint: 198000 ns, At safepoint: 863400 ns, Total: 1061400 ns
[85.850s][info][gc       ] GC(1526) Pause Young (Allocation Failure) 792M->117M(988M) 0.713ms
[85.850s][info][safepoint] Safepoint "ParallelGCFailedAllocation", Time since last: 69229200 ns, Reaching safepoint: 140000 ns, At safepoint: 811300 ns, Total: 951300 ns
[85.918s][info][gc       ] GC(1527) Pause Young (Allocation Failure) 763M->118M(962M) 0.690ms
[85.918s][info][safepoint] Safepoint "ParallelGCFailedAllocation", Time since last: 67592600 ns, Reaching safepoint: 186600 ns, At safepoint: 771400 ns, Total: 958000 ns
[85.988s][info][gc       ] GC(1528) Pause Young (Allocation Failure) 736M->118M(937M) 0.588ms
[85.988s][info][safepoint] Safepoint "ParallelGCFailedAllocation", Time since last: 68759900 ns, Reaching safepoint: 194100 ns, At safepoint: 743000 ns, Total: 937100 ns
[86.050s][info][gc       ] GC(1529) Pause Young (Allocation Failure) 713M->118M(913M) 0.468ms
[86.050s][info][safepoint] Safepoint "ParallelGCFailedAllocation", Time since last: 61029400 ns, Reaching safepoint: 176200 ns, At safepoint: 652300 ns, Total: 828500 ns
[86.110s][info][gc       ] GC(1530) Pause Young (Allocation Failure) 687M->118M(890M) 0.666ms
[86.110s][info][safepoint] Safepoint "ParallelGCFailedAllocation", Time since last: 58921100 ns, Reaching safepoint: 142000 ns, At safepoint: 750200 ns, Total: 892200 ns
[86.167s][info][gc       ] GC(1531) Pause Young (Allocation Failure) 665M->117M(866M) 0.536ms
[86.167s][info][safepoint] Safepoint "ParallelGCFailedAllocation", Time since last: 55924200 ns, Reaching safepoint: 217200 ns, At safepoint: 621900 ns, Total: 839100 ns
[86.221s][info][gc       ] GC(1532) Pause Young (Allocation Failure) 640M->118M(847M) 0.483ms
[86.221s][info][safepoint] Safepoint "ParallelGCFailedAllocation", Time since last: 53685700 ns, Reaching safepoint: 136600 ns, At safepoint: 558400 ns, Total: 695000 ns
[86.273s][info][gc       ] GC(1533) Pause Young (Allocation Failure) 623M->118M(827M) 0.669ms
[86.273s][info][safepoint] Safepoint "ParallelGCFailedAllocation", Time since last: 51508800 ns, Reaching safepoint: 223700 ns, At safepoint: 749000 ns, Total: 972700 ns
[86.324s][info][gc       ] GC(1534) Pause Young (Allocation Failure) 601M->118M(808M) 0.576ms
[86.324s][info][safepoint] Safepoint "ParallelGCFailedAllocation", Time since last: 50086800 ns, Reaching safepoint: 192300 ns, At safepoint: 654700 ns, Total: 847000 ns
[86.373s][info][gc       ] GC(1535) Pause Young (Allocation Failure) 584M->118M(790M) 0.671ms
[86.373s][info][safepoint] Safepoint "ParallelGCFailedAllocation", Time since last: 47496000 ns, Reaching safepoint: 209900 ns, At safepoint: 748000 ns, Total: 957900 ns
[86.419s][info][gc       ] GC(1536) Pause Young (Allocation Failure) 563M->118M(773M) 0.589ms
[86.419s][info][safepoint] Safepoint "ParallelGCFailedAllocation", Time since last: 45105600 ns, Reaching safepoint: 143700 ns, At safepoint: 648000 ns, Total: 791700 ns
[86.464s][info][gc       ] GC(1537) Pause Young (Allocation Failure) 547M->118M(859M) 0.607ms
[86.464s][info][safepoint] Safepoint "ParallelGCFailedAllocation", Time since last: 44296200 ns, Reaching safepoint: 155900 ns, At safepoint: 706600 ns, Total: 862500 ns
[86.517s][info][gc       ] GC(1538) Pause Young (Allocation Failure) 634M->118M(963M) 0.586ms
[86.517s][info][safepoint] Safepoint "ParallelGCFailedAllocation", Time since last: 52212700 ns, Reaching safepoint: 158200 ns, At safepoint: 669200 ns, Total: 827400 ns
[86.581s][info][gc       ] GC(1539) Pause Young (Allocation Failure) 738M->118M(1087M) 0.798ms
[86.581s][info][safepoint] Safepoint "ParallelGCFailedAllocation", Time since last: 63272600 ns, Reaching safepoint: 205300 ns, At safepoint: 885100 ns, Total: 1090400 ns
[86.658s][info][gc       ] GC(1540) Pause Young (Allocation Failure) 863M->118M(1095M) 0.868ms
[86.658s][info][safepoint] Safepoint "ParallelGCFailedAllocation", Time since last: 75577700 ns, Reaching safepoint: 194200 ns, At safepoint: 946700 ns, Total: 1140900 ns
[86.735s][info][gc       ] GC(1541) Pause Young (Allocation Failure) 867M->118M(1237M) 1.004ms
[86.735s][info][safepoint] Safepoint "ParallelGCFailedAllocation", Time since last: 76107800 ns, Reaching safepoint: 128000 ns, At safepoint: 1089100 ns, Total: 1217100 ns
[86.851s][info][gc       ] GC(1542) Pause Young (Allocation Failure) 1010M->118M(1197M) 1.069ms
[86.851s][info][safepoint] Safepoint "ParallelGCFailedAllocation", Time since last: 114375200 ns, Reaching safepoint: 145200 ns, At safepoint: 1201800 ns, Total: 1347000 ns
[86.942s][info][gc       ] GC(1543) Pause Young (Allocation Failure) 970M->118M(1157M) 0.874ms
[86.942s][info][safepoint] Safepoint "ParallelGCFailedAllocation", Time since last: 89373200 ns, Reaching safepoint: 208000 ns, At safepoint: 935000 ns, Total: 1143000 ns
[87.027s][info][gc       ] GC(1544) Pause Young (Allocation Failure) 936M->120M(1127M) 0.618ms
[87.027s][info][safepoint] Safepoint "ParallelGCFailedAllocation", Time since last: 84535000 ns, Reaching safepoint: 132400 ns, At safepoint: 720100 ns, Total: 852500 ns
[87.109s][info][gc       ] GC(1545) Pause Young (Allocation Failure) 901M->122M(1092M) 0.717ms
[87.109s][info][safepoint] Safepoint "ParallelGCFailedAllocation", Time since last: 80674500 ns, Reaching safepoint: 174600 ns, At safepoint: 841600 ns, Total: 1016200 ns
[87.187s][info][gc       ] GC(1546) Pause Young (Allocation Failure) 868M->122M(1060M) 0.702ms
[87.187s][info][safepoint] Safepoint "ParallelGCFailedAllocation", Time since last: 77194400 ns, Reaching safepoint: 142200 ns, At safepoint: 777900 ns, Total: 920100 ns
[87.261s][info][gc       ] GC(1547) Pause Young (Allocation Failure) 838M->122M(1030M) 0.922ms
[87.261s][info][safepoint] Safepoint "ParallelGCFailedAllocation", Time since last: 73529300 ns, Reaching safepoint: 149300 ns, At safepoint: 1012600 ns, Total: 1161900 ns
[87.335s][info][gc       ] GC(1548) Pause Young (Allocation Failure) 809M->120M(999M) 0.699ms
[87.335s][info][safepoint] Safepoint "ParallelGCFailedAllocation", Time since last: 72138800 ns, Reaching safepoint: 231200 ns, At safepoint: 882000 ns, Total: 1113200 ns
[87.403s][info][gc       ] GC(1549) Pause Young (Allocation Failure) 778M->122M(973M) 0.752ms
[87.403s][info][safepoint] Safepoint "ParallelGCFailedAllocation", Time since last: 67556800 ns, Reaching safepoint: 180400 ns, At safepoint: 834900 ns, Total: 1015300 ns
[87.468s][info][gc       ] GC(1550) Pause Young (Allocation Failure) 751M->122M(947M) 0.714ms
[87.468s][info][safepoint] Safepoint "ParallelGCFailedAllocation", Time since last: 63892200 ns, Reaching safepoint: 182700 ns, At safepoint: 799400 ns, Total: 982100 ns
[87.530s][info][gc       ] GC(1551) Pause Young (Allocation Failure) 726M->120M(921M) 0.683ms
[87.530s][info][safepoint] Safepoint "ParallelGCFailedAllocation", Time since last: 61139300 ns, Reaching safepoint: 206200 ns, At safepoint: 760900 ns, Total: 967100 ns
[87.590s][info][gc       ] GC(1552) Pause Young (Allocation Failure) 698M->122M(1038M) 0.933ms
[87.590s][info][safepoint] Safepoint "ParallelGCFailedAllocation", Time since last: 58848900 ns, Reaching safepoint: 140800 ns, At safepoint: 1062300 ns, Total: 1203100 ns
[87.662s][info][gc       ] GC(1553) Pause Young (Allocation Failure) 817M->120M(1008M) 0.854ms
[87.662s][info][safepoint] Safepoint "ParallelGCFailedAllocation", Time since last: 70745200 ns, Reaching safepoint: 161700 ns, At safepoint: 1005000 ns, Total: 1166700 ns
[87.735s][info][gc       ] GC(1554) Pause Young (Allocation Failure) 787M->122M(981M) 0.879ms
[87.735s][info][safepoint] Safepoint "ParallelGCFailedAllocation", Time since last: 71629300 ns, Reaching safepoint: 177700 ns, At safepoint: 967100 ns, Total: 1144800 ns
[87.804s][info][gc       ] GC(1555) Pause Young (Allocation Failure) 759M->122M(955M) 0.646ms
[87.805s][info][safepoint] Safepoint "ParallelGCFailedAllocation", Time since last: 68562500 ns, Reaching safepoint: 196600 ns, At safepoint: 730500 ns, Total: 927100 ns
[87.870s][info][gc       ] GC(1556) Pause Young (Allocation Failure) 734M->120M(928M) 0.606ms
[87.870s][info][safepoint] Safepoint "ParallelGCFailedAllocation", Time since last: 64616900 ns, Reaching safepoint: 147200 ns, At safepoint: 705600 ns, Total: 852800 ns
[87.934s][info][gc       ] GC(1557) Pause Young (Allocation Failure) 706M->122M(906M) 0.824ms
[87.934s][info][safepoint] Safepoint "ParallelGCFailedAllocation", Time since last: 62672900 ns, Reaching safepoint: 214400 ns, At safepoint: 908300 ns, Total: 1122700 ns
[87.994s][info][gc       ] GC(1558) Pause Young (Allocation Failure) 684M->120M(882M) 0.643ms
[87.994s][info][safepoint] Safepoint "ParallelGCFailedAllocation", Time since last: 58978300 ns, Reaching safepoint: 184600 ns, At safepoint: 722900 ns, Total: 907500 ns
[88.050s][info][gc       ] GC(1559) Pause Young (Allocation Failure) 660M->120M(860M) 0.615ms
[88.050s][info][safepoint] Safepoint "ParallelGCFailedAllocation", Time since last: 55686000 ns, Reaching safepoint: 179700 ns, At safepoint: 783000 ns, Total: 962700 ns
[88.105s][info][gc       ] GC(1560) Pause Young (Allocation Failure) 638M->122M(841M) 0.806ms
[88.105s][info][safepoint] Safepoint "ParallelGCFailedAllocation", Time since last: 53501400 ns, Reaching safepoint: 208500 ns, At safepoint: 883400 ns, Total: 1091900 ns
[88.157s][info][gc       ] GC(1561) Pause Young (Allocation Failure) 619M->122M(822M) 0.638ms
[88.157s][info][safepoint] Safepoint "ParallelGCFailedAllocation", Time since last: 51511000 ns, Reaching safepoint: 185000 ns, At safepoint: 723100 ns, Total: 908100 ns
[88.207s][info][gc       ] GC(1562) Pause Young (Allocation Failure) 601M->120M(802M) 0.602ms
[88.207s][info][safepoint] Safepoint "ParallelGCFailedAllocation", Time since last: 48949000 ns, Reaching safepoint: 195700 ns, At safepoint: 684000 ns, Total: 879700 ns
[88.255s][info][gc       ] GC(1563) Pause Young (Allocation Failure) 580M->120M(784M) 0.676ms
[88.255s][info][safepoint] Safepoint "ParallelGCFailedAllocation", Time since last: 47277000 ns, Reaching safepoint: 188700 ns, At safepoint: 773300 ns, Total: 962000 ns
[88.302s][info][gc       ] GC(1564) Pause Young (Allocation Failure) 561M->122M(768M) 0.572ms
[88.302s][info][safepoint] Safepoint "ParallelGCFailedAllocation", Time since last: 46032300 ns, Reaching safepoint: 180500 ns, At safepoint: 665800 ns, Total: 846300 ns
[88.347s][info][gc       ] GC(1565) Pause Young (Allocation Failure) 548M->120M(852M) 0.765ms
[88.347s][info][safepoint] Safepoint "ParallelGCFailedAllocation", Time since last: 43983000 ns, Reaching safepoint: 120200 ns, At safepoint: 846600 ns, Total: 966800 ns
[88.401s][info][gc       ] GC(1566) Pause Young (Allocation Failure) 632M->122M(956M) 0.671ms
[88.401s][info][safepoint] Safepoint "ParallelGCFailedAllocation", Time since last: 53086200 ns, Reaching safepoint: 193700 ns, At safepoint: 759500 ns, Total: 953200 ns
[88.465s][info][gc       ] GC(1567) Pause Young (Allocation Failure) 736M->120M(930M) 0.608ms
[88.465s][info][safepoint] Safepoint "ParallelGCFailedAllocation", Time since last: 62968300 ns, Reaching safepoint: 178400 ns, At safepoint: 688900 ns, Total: 867300 ns
[88.526s][info][gc       ] GC(1568) Pause Young (Allocation Failure) 708M->122M(907M) 0.735ms
[88.526s][info][safepoint] Safepoint "ParallelGCFailedAllocation", Time since last: 60143300 ns, Reaching safepoint: 125900 ns, At safepoint: 817200 ns, Total: 943100 ns
[88.587s][info][gc       ] GC(1569) Pause Young (Allocation Failure) 686M->120M(883M) 0.717ms
[88.587s][info][safepoint] Safepoint "ParallelGCFailedAllocation", Time since last: 59886000 ns, Reaching safepoint: 141000 ns, At safepoint: 817800 ns, Total: 958800 ns
[88.647s][info][gc       ] GC(1570) Pause Young (Allocation Failure) 660M->122M(863M) 0.693ms
[88.647s][info][safepoint] Safepoint "ParallelGCFailedAllocation", Time since last: 59245900 ns, Reaching safepoint: 132600 ns, At safepoint: 761600 ns, Total: 894200 ns
[88.702s][info][gc       ] GC(1571) Pause Young (Allocation Failure) 640M->122M(842M) 0.642ms
[88.702s][info][safepoint] Safepoint "ParallelGCFailedAllocation", Time since last: 53914000 ns, Reaching safepoint: 190800 ns, At safepoint: 720800 ns, Total: 911600 ns
[88.754s][info][gc       ] GC(1572) Pause Young (Allocation Failure) 621M->122M(942M) 0.817ms
[88.754s][info][safepoint] Safepoint "ParallelGCFailedAllocation", Time since last: 51098500 ns, Reaching safepoint: 141400 ns, At safepoint: 900400 ns, Total: 1041800 ns
[88.815s][info][gc       ] GC(1573) Pause Young (Allocation Failure) 722M->122M(918M) 0.538ms
[88.815s][info][safepoint] Safepoint "ParallelGCFailedAllocation", Time since last: 60388100 ns, Reaching safepoint: 203600 ns, At safepoint: 632200 ns, Total: 835800 ns
[88.875s][info][gc       ] GC(1574) Pause Young (Allocation Failure) 696M->122M(1033M) 0.964ms
[88.875s][info][safepoint] Safepoint "ParallelGCFailedAllocation", Time since last: 58612700 ns, Reaching safepoint: 208900 ns, At safepoint: 1057200 ns, Total: 1266100 ns
[88.946s][info][gc       ] GC(1575) Pause Young (Allocation Failure) 813M->122M(1004M) 0.632ms
[88.946s][info][safepoint] Safepoint "ParallelGCFailedAllocation", Time since last: 69873400 ns, Reaching safepoint: 155300 ns, At safepoint: 720900 ns, Total: 876200 ns
[89.015s][info][gc       ] GC(1576) Pause Young (Allocation Failure) 781M->122M(977M) 0.610ms
[89.016s][info][safepoint] Safepoint "ParallelGCFailedAllocation", Time since last: 68739100 ns, Reaching safepoint: 128400 ns, At safepoint: 690300 ns, Total: 818700 ns
[89.083s][info][gc       ] GC(1577) Pause Young (Allocation Failure) 753M->122M(951M) 0.511ms
[89.083s][info][safepoint] Safepoint "ParallelGCFailedAllocation", Time since last: 66678800 ns, Reaching safepoint: 143000 ns, At safepoint: 620900 ns, Total: 763900 ns
[89.146s][info][gc       ] GC(1578) Pause Young (Allocation Failure) 729M->122M(926M) 0.774ms
[89.146s][info][safepoint] Safepoint "ParallelGCFailedAllocation", Time since last: 62213700 ns, Reaching safepoint: 124000 ns, At safepoint: 868500 ns, Total: 992500 ns
[89.207s][info][gc       ] GC(1579) Pause Young (Allocation Failure) 704M->122M(902M) 0.435ms
[89.207s][info][safepoint] Safepoint "ParallelGCFailedAllocation", Time since last: 59862400 ns, Reaching safepoint: 131900 ns, At safepoint: 518000 ns, Total: 649900 ns
[89.265s][info][gc       ] GC(1580) Pause Young (Allocation Failure) 680M->122M(880M) 0.653ms
[89.265s][info][safepoint] Safepoint "ParallelGCFailedAllocation", Time since last: 57642600 ns, Reaching safepoint: 151900 ns, At safepoint: 758200 ns, Total: 910100 ns
[89.321s][info][gc       ] GC(1581) Pause Young (Allocation Failure) 659M->122M(858M) 0.624ms
[89.321s][info][safepoint] Safepoint "ParallelGCFailedAllocation", Time since last: 54960700 ns, Reaching safepoint: 211200 ns, At safepoint: 750400 ns, Total: 961600 ns
[89.375s][info][gc       ] GC(1582) Pause Young (Allocation Failure) 638M->122M(838M) 0.644ms
[89.375s][info][safepoint] Safepoint "ParallelGCFailedAllocation", Time since last: 52472800 ns, Reaching safepoint: 190000 ns, At safepoint: 715800 ns, Total: 905800 ns
[89.427s][info][gc       ] GC(1583) Pause Young (Allocation Failure) 616M->122M(818M) 0.728ms
[89.427s][info][safepoint] Safepoint "ParallelGCFailedAllocation", Time since last: 51548900 ns, Reaching safepoint: 207900 ns, At safepoint: 797500 ns, Total: 1005400 ns
[89.480s][info][gc       ] GC(1584) Pause Young (Allocation Failure) 595M->122M(800M) 0.708ms
[89.480s][info][safepoint] Safepoint "ParallelGCFailedAllocation", Time since last: 51806200 ns, Reaching safepoint: 175600 ns, At safepoint: 793200 ns, Total: 968800 ns
[89.529s][info][gc       ] GC(1585) Pause Young (Allocation Failure) 578M->122M(891M) 0.712ms
[89.529s][info][safepoint] Safepoint "ParallelGCFailedAllocation", Time since last: 47672500 ns, Reaching safepoint: 195900 ns, At safepoint: 846500 ns, Total: 1042400 ns
[89.587s][info][gc       ] GC(1586) Pause Young (Allocation Failure) 670M->122M(1001M) 0.783ms
[89.587s][info][safepoint] Safepoint "ParallelGCFailedAllocation", Time since last: 57453100 ns, Reaching safepoint: 216800 ns, At safepoint: 866800 ns, Total: 1083600 ns
[89.657s][info][gc       ] GC(1587) Pause Young (Allocation Failure) 780M->122M(1132M) 0.920ms
[89.657s][info][safepoint] Safepoint "ParallelGCFailedAllocation", Time since last: 68676700 ns, Reaching safepoint: 194900 ns, At safepoint: 1076600 ns, Total: 1271500 ns
[89.742s][info][gc       ] GC(1588) Pause Young (Allocation Failure) 912M->123M(1099M) 0.632ms
[89.742s][info][safepoint] Safepoint "ParallelGCFailedAllocation", Time since last: 84010600 ns, Reaching safepoint: 190200 ns, At safepoint: 708600 ns, Total: 898800 ns
[89.821s][info][gc       ] GC(1589) Pause Young (Allocation Failure) 879M->122M(1066M) 0.704ms
[89.821s][info][safepoint] Safepoint "ParallelGCFailedAllocation", Time since last: 78187600 ns, Reaching safepoint: 211800 ns, At safepoint: 777000 ns, Total: 988800 ns
[89.896s][info][gc       ] GC(1590) Pause Young (Allocation Failure) 847M->123M(1037M) 0.605ms
[89.896s][info][safepoint] Safepoint "ParallelGCFailedAllocation", Time since last: 73481400 ns, Reaching safepoint: 175800 ns, At safepoint: 752200 ns, Total: 928000 ns
[89.967s][info][gc       ] GC(1591) Pause Young (Allocation Failure) 817M->123M(1008M) 0.864ms
[89.967s][info][safepoint] Safepoint "ParallelGCFailedAllocation", Time since last: 70690100 ns, Reaching safepoint: 166300 ns, At safepoint: 970600 ns, Total: 1136900 ns
[90.038s][info][gc       ] GC(1592) Pause Young (Allocation Failure) 788M->122M(979M) 0.733ms
[90.038s][info][safepoint] Safepoint "ParallelGCFailedAllocation", Time since last: 69521000 ns, Reaching safepoint: 134400 ns, At safepoint: 823100 ns, Total: 957500 ns
[90.105s][info][gc       ] GC(1593) Pause Young (Allocation Failure) 759M->123M(954M) 0.602ms
[90.105s][info][safepoint] Safepoint "ParallelGCFailedAllocation", Time since last: 65795400 ns, Reaching safepoint: 194100 ns, At safepoint: 735900 ns, Total: 930000 ns
[90.168s][info][gc       ] GC(1594) Pause Young (Allocation Failure) 735M->123M(929M) 0.653ms
[90.168s][info][safepoint] Safepoint "ParallelGCFailedAllocation", Time since last: 62355200 ns, Reaching safepoint: 128900 ns, At safepoint: 731700 ns, Total: 860600 ns
[90.230s][info][gc       ] GC(1595) Pause Young (Allocation Failure) 709M->123M(905M) 0.737ms
[90.230s][info][safepoint] Safepoint "ParallelGCFailedAllocation", Time since last: 60787300 ns, Reaching safepoint: 188400 ns, At safepoint: 810300 ns, Total: 998700 ns
[90.290s][info][gc       ] GC(1596) Pause Young (Allocation Failure) 684M->123M(882M) 0.883ms
[90.290s][info][safepoint] Safepoint "ParallelGCFailedAllocation", Time since last: 59380400 ns, Reaching safepoint: 192200 ns, At safepoint: 974900 ns, Total: 1167100 ns
[90.346s][info][gc       ] GC(1597) Pause Young (Allocation Failure) 660M->123M(861M) 0.578ms
[90.346s][info][safepoint] Safepoint "ParallelGCFailedAllocation", Time since last: 55325500 ns, Reaching safepoint: 202300 ns, At safepoint: 660400 ns, Total: 862700 ns
[90.400s][info][gc       ] GC(1598) Pause Young (Allocation Failure) 642M->123M(840M) 0.624ms
[90.400s][info][safepoint] Safepoint "ParallelGCFailedAllocation", Time since last: 52889500 ns, Reaching safepoint: 143700 ns, At safepoint: 705100 ns, Total: 848800 ns
[90.452s][info][gc       ] GC(1599) Pause Young (Allocation Failure) 620M->123M(940M) 0.710ms
[90.452s][info][safepoint] Safepoint "ParallelGCFailedAllocation", Time since last: 50673500 ns, Reaching safepoint: 176900 ns, At safepoint: 793500 ns, Total: 970400 ns
[90.515s][info][gc       ] GC(1600) Pause Young (Allocation Failure) 720M->123M(1060M) 0.787ms
[90.515s][info][safepoint] Safepoint "ParallelGCFailedAllocation", Time since last: 62293600 ns, Reaching safepoint: 207800 ns, At safepoint: 861800 ns, Total: 1069600 ns
[90.589s][info][gc       ] GC(1601) Pause Young (Allocation Failure) 839M->123M(1030M) 0.447ms
[90.589s][info][safepoint] Safepoint "ParallelGCFailedAllocation", Time since last: 73369500 ns, Reaching safepoint: 145500 ns, At safepoint: 534800 ns, Total: 680300 ns
[90.661s][info][gc       ] GC(1602) Pause Young (Allocation Failure) 809M->123M(1001M) 0.606ms
[90.661s][info][safepoint] Safepoint "ParallelGCFailedAllocation", Time since last: 70893800 ns, Reaching safepoint: 175000 ns, At safepoint: 721500 ns, Total: 896500 ns
[90.729s][info][gc       ] GC(1603) Pause Young (Allocation Failure) 782M->123M(972M) 0.974ms
[90.729s][info][safepoint] Safepoint "ParallelGCFailedAllocation", Time since last: 67000000 ns, Reaching safepoint: 216100 ns, At safepoint: 1055300 ns, Total: 1271400 ns
[90.794s][info][gc       ] GC(1604) Pause Young (Allocation Failure) 754M->125M(947M) 0.563ms
[90.794s][info][safepoint] Safepoint "ParallelGCFailedAllocation", Time since last: 63771200 ns, Reaching safepoint: 221000 ns, At safepoint: 645800 ns, Total: 866800 ns
[90.857s][info][gc       ] GC(1605) Pause Young (Allocation Failure) 730M->123M(921M) 0.697ms
[90.857s][info][safepoint] Safepoint "ParallelGCFailedAllocation", Time since last: 62497400 ns, Reaching safepoint: 196600 ns, At safepoint: 794100 ns, Total: 990700 ns
[90.919s][info][gc       ] GC(1606) Pause Young (Allocation Failure) 702M->125M(899M) 0.700ms
[90.919s][info][safepoint] Safepoint "ParallelGCFailedAllocation", Time since last: 61128500 ns, Reaching safepoint: 160500 ns, At safepoint: 789500 ns, Total: 950000 ns
[90.978s][info][gc       ] GC(1607) Pause Young (Allocation Failure) 681M->125M(876M) 0.751ms
[90.978s][info][safepoint] Safepoint "ParallelGCFailedAllocation", Time since last: 57785400 ns, Reaching safepoint: 196700 ns, At safepoint: 882400 ns, Total: 1079100 ns
[91.034s][info][gc       ] GC(1608) Pause Young (Allocation Failure) 659M->123M(853M) 0.642ms
[91.034s][info][safepoint] Safepoint "ParallelGCFailedAllocation", Time since last: 55111600 ns, Reaching safepoint: 163400 ns, At safepoint: 729300 ns, Total: 892700 ns
[91.089s][info][gc       ] GC(1609) Pause Young (Allocation Failure) 634M->125M(834M) 0.658ms
[91.089s][info][safepoint] Safepoint "ParallelGCFailedAllocation", Time since last: 53617300 ns, Reaching safepoint: 203300 ns, At safepoint: 739200 ns, Total: 942500 ns
[91.140s][info][gc       ] GC(1610) Pause Young (Allocation Failure) 617M->125M(933M) 0.851ms
[91.140s][info][safepoint] Safepoint "ParallelGCFailedAllocation", Time since last: 50356500 ns, Reaching safepoint: 190300 ns, At safepoint: 936100 ns, Total: 1126400 ns
[91.201s][info][gc       ] GC(1611) Pause Young (Allocation Failure) 713M->125M(909M) 0.557ms
[91.201s][info][safepoint] Safepoint "ParallelGCFailedAllocation", Time since last: 60285500 ns, Reaching safepoint: 167300 ns, At safepoint: 646700 ns, Total: 814000 ns
[91.260s][info][gc       ] GC(1612) Pause Young (Allocation Failure) 689M->125M(886M) 0.713ms
[91.260s][info][safepoint] Safepoint "ParallelGCFailedAllocation", Time since last: 58077900 ns, Reaching safepoint: 168100 ns, At safepoint: 811600 ns, Total: 979700 ns
[91.318s][info][gc       ] GC(1613) Pause Young (Allocation Failure) 668M->125M(864M) 0.525ms
[91.318s][info][safepoint] Safepoint "ParallelGCFailedAllocation", Time since last: 56486400 ns, Reaching safepoint: 152000 ns, At safepoint: 612700 ns, Total: 764700 ns
[91.371s][info][gc       ] GC(1614) Pause Young (Allocation Failure) 647M->125M(843M) 0.635ms
[91.371s][info][safepoint] Safepoint "ParallelGCFailedAllocation", Time since last: 52651400 ns, Reaching safepoint: 185300 ns, At safepoint: 738500 ns, Total: 923800 ns
[91.424s][info][gc       ] GC(1615) Pause Young (Allocation Failure) 625M->125M(944M) 0.696ms
[91.424s][info][safepoint] Safepoint "ParallelGCFailedAllocation", Time since last: 51652000 ns, Reaching safepoint: 208900 ns, At safepoint: 773800 ns, Total: 982700 ns
[91.486s][info][gc       ] GC(1616) Pause Young (Allocation Failure) 727M->123M(918M) 0.571ms
[91.486s][info][safepoint] Safepoint "ParallelGCFailedAllocation", Time since last: 61528300 ns, Reaching safepoint: 131600 ns, At safepoint: 638300 ns, Total: 769900 ns
[91.547s][info][gc       ] GC(1617) Pause Young (Allocation Failure) 700M->125M(1035M) 0.960ms
[91.547s][info][safepoint] Safepoint "ParallelGCFailedAllocation", Time since last: 59492800 ns, Reaching safepoint: 132300 ns, At safepoint: 1103100 ns, Total: 1235400 ns
[91.620s][info][gc       ] GC(1618) Pause Young (Allocation Failure) 818M->125M(1006M) 0.580ms
[91.621s][info][safepoint] Safepoint "ParallelGCFailedAllocation", Time since last: 72687900 ns, Reaching safepoint: 135000 ns, At safepoint: 710200 ns, Total: 845200 ns
[91.689s][info][gc       ] GC(1619) Pause Young (Allocation Failure) 787M->125M(978M) 0.575ms
[91.689s][info][safepoint] Safepoint "ParallelGCFailedAllocation", Time since last: 67699100 ns, Reaching safepoint: 199900 ns, At safepoint: 641000 ns, Total: 840900 ns
[91.754s][info][gc       ] GC(1620) Pause Young (Allocation Failure) 759M->125M(952M) 0.722ms
[91.754s][info][safepoint] Safepoint "ParallelGCFailedAllocation", Time since last: 63749000 ns, Reaching safepoint: 200000 ns, At safepoint: 813600 ns, Total: 1013600 ns
[91.816s][info][gc       ] GC(1621) Pause Young (Allocation Failure) 735M->125M(927M) 0.505ms
[91.816s][info][safepoint] Safepoint "ParallelGCFailedAllocation", Time since last: 61095000 ns, Reaching safepoint: 219500 ns, At safepoint: 586500 ns, Total: 806000 ns
[91.876s][info][gc       ] GC(1622) Pause Young (Allocation Failure) 709M->125M(903M) 0.816ms
[91.876s][info][safepoint] Safepoint "ParallelGCFailedAllocation", Time since last: 59457600 ns, Reaching safepoint: 147500 ns, At safepoint: 912900 ns, Total: 1060400 ns
[91.934s][info][gc       ] GC(1623) Pause Young (Allocation Failure) 684M->125M(880M) 0.619ms
[91.934s][info][safepoint] Safepoint "ParallelGCFailedAllocation", Time since last: 57312800 ns, Reaching safepoint: 143400 ns, At safepoint: 734700 ns, Total: 878100 ns
[91.992s][info][gc       ] GC(1624) Pause Young (Allocation Failure) 663M->125M(988M) 0.873ms
[91.992s][info][safepoint] Safepoint "ParallelGCFailedAllocation", Time since last: 56113300 ns, Reaching safepoint: 221000 ns, At safepoint: 948700 ns, Total: 1169700 ns
[92.062s][info][gc       ] GC(1625) Pause Young (Allocation Failure) 771M->125M(1082M) 0.992ms
[92.062s][info][safepoint] Safepoint "ParallelGCFailedAllocation", Time since last: 68880800 ns, Reaching safepoint: 193200 ns, At safepoint: 1085400 ns, Total: 1278600 ns
[92.142s][info][gc       ] GC(1626) Pause Young (Allocation Failure) 864M->127M(1052M) 0.832ms
[92.142s][info][safepoint] Safepoint "ParallelGCFailedAllocation", Time since last: 79271500 ns, Reaching safepoint: 179200 ns, At safepoint: 926400 ns, Total: 1105600 ns
[92.216s][info][gc       ] GC(1627) Pause Young (Allocation Failure) 836M->125M(1020M) 0.629ms
[92.216s][info][safepoint] Safepoint "ParallelGCFailedAllocation", Time since last: 72659800 ns, Reaching safepoint: 116300 ns, At safepoint: 713400 ns, Total: 829700 ns
[92.286s][info][gc       ] GC(1628) Pause Young (Allocation Failure) 803M->125M(992M) 0.575ms
[92.286s][info][safepoint] Safepoint "ParallelGCFailedAllocation", Time since last: 69305000 ns, Reaching safepoint: 215800 ns, At safepoint: 706200 ns, Total: 922000 ns
[92.352s][info][gc       ] GC(1629) Pause Young (Allocation Failure) 775M->125M(965M) 0.640ms
[92.353s][info][safepoint] Safepoint "ParallelGCFailedAllocation", Time since last: 65645600 ns, Reaching safepoint: 187500 ns, At safepoint: 721900 ns, Total: 909400 ns
[92.418s][info][gc       ] GC(1630) Pause Young (Allocation Failure) 749M->127M(941M) 0.685ms
[92.418s][info][safepoint] Safepoint "ParallelGCFailedAllocation", Time since last: 64806900 ns, Reaching safepoint: 187700 ns, At safepoint: 764400 ns, Total: 952100 ns
[92.480s][info][gc       ] GC(1631) Pause Young (Allocation Failure) 723M->127M(916M) 0.637ms
[92.480s][info][safepoint] Safepoint "ParallelGCFailedAllocation", Time since last: 60824500 ns, Reaching safepoint: 176500 ns, At safepoint: 722900 ns, Total: 899400 ns
[92.540s][info][gc       ] GC(1632) Pause Young (Allocation Failure) 700M->125M(891M) 0.618ms
[92.540s][info][safepoint] Safepoint "ParallelGCFailedAllocation", Time since last: 59305300 ns, Reaching safepoint: 194900 ns, At safepoint: 694000 ns, Total: 888900 ns
[92.597s][info][gc       ] GC(1633) Pause Young (Allocation Failure) 674M->127M(871M) 0.485ms
[92.597s][info][safepoint] Safepoint "ParallelGCFailedAllocation", Time since last: 56363300 ns, Reaching safepoint: 181700 ns, At safepoint: 566000 ns, Total: 747700 ns
[92.653s][info][gc       ] GC(1634) Pause Young (Allocation Failure) 655M->127M(850M) 0.897ms
[92.653s][info][safepoint] Safepoint "ParallelGCFailedAllocation", Time since last: 54326000 ns, Reaching safepoint: 200900 ns, At safepoint: 993700 ns, Total: 1194600 ns
[92.707s][info][gc       ] GC(1635) Pause Young (Allocation Failure) 633M->127M(951M) 0.722ms
[92.707s][info][safepoint] Safepoint "ParallelGCFailedAllocation", Time since last: 52957800 ns, Reaching safepoint: 163500 ns, At safepoint: 815000 ns, Total: 978500 ns
[92.773s][info][gc       ] GC(1636) Pause Young (Allocation Failure) 736M->127M(926M) 0.768ms
[92.773s][info][safepoint] Safepoint "ParallelGCFailedAllocation", Time since last: 65635000 ns, Reaching safepoint: 200100 ns, At safepoint: 872300 ns, Total: 1072400 ns
[92.836s][info][gc       ] GC(1637) Pause Young (Allocation Failure) 710M->127M(903M) 0.467ms
[92.836s][info][safepoint] Safepoint "ParallelGCFailedAllocation", Time since last: 62078000 ns, Reaching safepoint: 208300 ns, At safepoint: 551800 ns, Total: 760100 ns
[92.900s][info][gc       ] GC(1638) Pause Young (Allocation Failure) 687M->125M(879M) 0.551ms
[92.900s][info][safepoint] Safepoint "ParallelGCFailedAllocation", Time since last: 62884200 ns, Reaching safepoint: 184900 ns, At safepoint: 688600 ns, Total: 873500 ns
[92.960s][info][gc       ] GC(1639) Pause Young (Allocation Failure) 661M->127M(859M) 0.652ms
[92.960s][info][safepoint] Safepoint "ParallelGCFailedAllocation", Time since last: 59025500 ns, Reaching safepoint: 201300 ns, At safepoint: 724400 ns, Total: 925700 ns
[93.016s][info][gc       ] GC(1640) Pause Young (Allocation Failure) 641M->127M(838M) 0.604ms
[93.016s][info][safepoint] Safepoint "ParallelGCFailedAllocation", Time since last: 55141600 ns, Reaching safepoint: 200700 ns, At safepoint: 697200 ns, Total: 897900 ns
[93.067s][info][gc       ] GC(1641) Pause Young (Allocation Failure) 620M->127M(819M) 0.590ms
[93.067s][info][safepoint] Safepoint "ParallelGCFailedAllocation", Time since last: 50455500 ns, Reaching safepoint: 200700 ns, At safepoint: 667300 ns, Total: 868000 ns
[93.117s][info][gc       ] GC(1642) Pause Young (Allocation Failure) 603M->127M(800M) 0.822ms
[93.117s][info][safepoint] Safepoint "ParallelGCFailedAllocation", Time since last: 48781200 ns, Reaching safepoint: 219300 ns, At safepoint: 897800 ns, Total: 1117100 ns
[93.166s][info][gc       ] GC(1643) Pause Young (Allocation Failure) 582M->127M(892M) 0.566ms
[93.166s][info][safepoint] Safepoint "ParallelGCFailedAllocation", Time since last: 48108400 ns, Reaching safepoint: 175200 ns, At safepoint: 650600 ns, Total: 825800 ns
[93.226s][info][gc       ] GC(1644) Pause Young (Allocation Failure) 676M->127M(871M) 0.617ms
[93.226s][info][safepoint] Safepoint "ParallelGCFailedAllocation", Time since last: 58536500 ns, Reaching safepoint: 211000 ns, At safepoint: 697800 ns, Total: 908800 ns
[93.283s][info][gc       ] GC(1645) Pause Young (Allocation Failure) 655M->127M(975M) 0.870ms
[93.283s][info][safepoint] Safepoint "ParallelGCFailedAllocation", Time since last: 56048700 ns, Reaching safepoint: 128500 ns, At safepoint: 991000 ns, Total: 1119500 ns
[93.352s][info][gc       ] GC(1646) Pause Young (Allocation Failure) 759M->129M(951M) 0.521ms
[93.352s][info][safepoint] Safepoint "ParallelGCFailedAllocation", Time since last: 68680100 ns, Reaching safepoint: 103500 ns, At safepoint: 590400 ns, Total: 693900 ns
[93.421s][info][gc       ] GC(1647) Pause Young (Allocation Failure) 734M->129M(926M) 0.532ms
[93.421s][info][safepoint] Safepoint "ParallelGCFailedAllocation", Time since last: 67720900 ns, Reaching safepoint: 187400 ns, At safepoint: 691700 ns, Total: 879100 ns
[93.487s][info][gc       ] GC(1648) Pause Young (Allocation Failure) 712M->127M(900M) 0.712ms
[93.487s][info][safepoint] Safepoint "ParallelGCFailedAllocation", Time since last: 65354200 ns, Reaching safepoint: 203800 ns, At safepoint: 809700 ns, Total: 1013500 ns
[93.546s][info][gc       ] GC(1649) Pause Young (Allocation Failure) 685M->129M(880M) 0.623ms
[93.546s][info][safepoint] Safepoint "ParallelGCFailedAllocation", Time since last: 57977700 ns, Reaching safepoint: 164600 ns, At safepoint: 708600 ns, Total: 873200 ns
[93.603s][info][gc       ] GC(1650) Pause Young (Allocation Failure) 664M->129M(858M) 0.610ms
[93.603s][info][safepoint] Safepoint "ParallelGCFailedAllocation", Time since last: 56406100 ns, Reaching safepoint: 124600 ns, At safepoint: 730400 ns, Total: 855000 ns
[93.657s][info][gc       ] GC(1651) Pause Young (Allocation Failure) 643M->127M(836M) 0.467ms
[93.657s][info][safepoint] Safepoint "ParallelGCFailedAllocation", Time since last: 53140000 ns, Reaching safepoint: 126000 ns, At safepoint: 564400 ns, Total: 690400 ns
[93.709s][info][gc       ] GC(1652) Pause Young (Allocation Failure) 622M->127M(816M) 0.469ms
[93.709s][info][safepoint] Safepoint "ParallelGCFailedAllocation", Time since last: 51233400 ns, Reaching safepoint: 144800 ns, At safepoint: 552900 ns, Total: 697700 ns
[93.760s][info][gc       ] GC(1653) Pause Young (Allocation Failure) 602M->129M(800M) 0.616ms
[93.760s][info][safepoint] Safepoint "ParallelGCFailedAllocation", Time since last: 49708300 ns, Reaching safepoint: 191400 ns, At safepoint: 699600 ns, Total: 891000 ns
[93.810s][info][gc       ] GC(1654) Pause Young (Allocation Failure) 585M->129M(891M) 0.966ms
[93.810s][info][safepoint] Safepoint "ParallelGCFailedAllocation", Time since last: 49310900 ns, Reaching safepoint: 185600 ns, At safepoint: 1039900 ns, Total: 1225500 ns
[93.869s][info][gc       ] GC(1655) Pause Young (Allocation Failure) 676M->129M(999M) 0.936ms
[93.869s][info][safepoint] Safepoint "ParallelGCFailedAllocation", Time since last: 57605100 ns, Reaching safepoint: 196000 ns, At safepoint: 1057200 ns, Total: 1253200 ns
[93.940s][info][gc       ] GC(1656) Pause Young (Allocation Failure) 784M->130M(1031M) 0.620ms
[93.940s][info][safepoint] Safepoint "ParallelGCFailedAllocation", Time since last: 70169500 ns, Reaching safepoint: 215100 ns, At safepoint: 709200 ns, Total: 924300 ns
[94.013s][info][gc       ] GC(1657) Pause Young (Allocation Failure) 818M->130M(1135M) 1.313ms
[94.013s][info][safepoint] Safepoint "ParallelGCFailedAllocation", Time since last: 71440800 ns, Reaching safepoint: 205800 ns, At safepoint: 1399100 ns, Total: 1604900 ns
[94.113s][info][gc       ] GC(1658) Pause Young (Allocation Failure) 919M->130M(1135M) 1.205ms
[94.113s][info][safepoint] Safepoint "ParallelGCFailedAllocation", Time since last: 97965900 ns, Reaching safepoint: 152900 ns, At safepoint: 1327500 ns, Total: 1480400 ns
[94.199s][info][gc       ] GC(1659) Pause Young (Allocation Failure) 921M->130M(1292M) 1.152ms
[94.199s][info][safepoint] Safepoint "ParallelGCFailedAllocation", Time since last: 85161800 ns, Reaching safepoint: 208600 ns, At safepoint: 1234200 ns, Total: 1442800 ns
[94.323s][info][gc       ] GC(1660) Pause Young (Allocation Failure) 1079M->129M(1293M) 1.041ms
[94.323s][info][safepoint] Safepoint "ParallelGCFailedAllocation", Time since last: 122416500 ns, Reaching safepoint: 142300 ns, At safepoint: 1123600 ns, Total: 1265900 ns
[94.422s][info][gc       ] GC(1661) Pause Young (Allocation Failure) 1077M->130M(1483M) 1.381ms
[94.422s][info][safepoint] Safepoint "ParallelGCFailedAllocation", Time since last: 97448300 ns, Reaching safepoint: 138100 ns, At safepoint: 1458500 ns, Total: 1596600 ns
[94.576s][info][gc       ] GC(1662) Pause Young (Allocation Failure) 1267M->130M(1483M) 1.344ms
[94.576s][info][safepoint] Safepoint "ParallelGCFailedAllocation", Time since last: 152521700 ns, Reaching safepoint: 205200 ns, At safepoint: 1429300 ns, Total: 1634500 ns
[94.695s][info][gc       ] GC(1663) Pause Young (Allocation Failure) 1269M->129M(1429M) 0.921ms
[94.695s][info][safepoint] Safepoint "ParallelGCFailedAllocation", Time since last: 117629100 ns, Reaching safepoint: 215400 ns, At safepoint: 1008000 ns, Total: 1223400 ns
[94.814s][info][gc       ] GC(1664) Pause Young (Allocation Failure) 1215M->130M(1382M) 1.034ms
[94.814s][info][safepoint] Safepoint "ParallelGCFailedAllocation", Time since last: 117972200 ns, Reaching safepoint: 137100 ns, At safepoint: 1129000 ns, Total: 1266100 ns
[94.922s][info][gc       ] GC(1665) Pause Young (Allocation Failure) 1167M->130M(1336M) 1.061ms
[94.922s][info][safepoint] Safepoint "ParallelGCFailedAllocation", Time since last: 106035900 ns, Reaching safepoint: 195900 ns, At safepoint: 1143600 ns, Total: 1339500 ns
[95.025s][info][gc       ] GC(1666) Pause Young (Allocation Failure) 1123M->129M(1290M) 0.857ms
[95.025s][info][safepoint] Safepoint "ParallelGCFailedAllocation", Time since last: 102533500 ns, Reaching safepoint: 171000 ns, At safepoint: 947500 ns, Total: 1118500 ns
[95.127s][info][gc       ] GC(1667) Pause Young (Allocation Failure) 1077M->130M(1251M) 0.803ms
[95.127s][info][safepoint] Safepoint "ParallelGCFailedAllocation", Time since last: 100577000 ns, Reaching safepoint: 210200 ns, At safepoint: 886300 ns, Total: 1096500 ns
[95.221s][info][gc       ] GC(1668) Pause Young (Allocation Failure) 1038M->130M(1211M) 1.358ms
[95.221s][info][safepoint] Safepoint "ParallelGCFailedAllocation", Time since last: 92963100 ns, Reaching safepoint: 196200 ns, At safepoint: 1438900 ns, Total: 1635100 ns
[95.312s][info][gc       ] GC(1669) Pause Young (Allocation Failure) 998M->130M(1172M) 0.954ms
[95.313s][info][safepoint] Safepoint "ParallelGCFailedAllocation", Time since last: 89833600 ns, Reaching safepoint: 137500 ns, At safepoint: 1075300 ns, Total: 1212800 ns
[95.398s][info][gc       ] GC(1670) Pause Young (Allocation Failure) 959M->132M(1138M) 1.054ms
[95.398s][info][safepoint] Safepoint "ParallelGCFailedAllocation", Time since last: 84215300 ns, Reaching safepoint: 197800 ns, At safepoint: 1134500 ns, Total: 1332300 ns
[95.480s][info][gc       ] GC(1671) Pause Young (Allocation Failure) 927M->130M(1102M) 0.723ms
[95.480s][info][safepoint] Safepoint "ParallelGCFailedAllocation", Time since last: 81420000 ns, Reaching safepoint: 168000 ns, At safepoint: 818600 ns, Total: 986600 ns
[95.559s][info][gc       ] GC(1672) Pause Young (Allocation Failure) 891M->132M(1256M) 1.251ms
[95.559s][info][safepoint] Safepoint "ParallelGCFailedAllocation", Time since last: 77216100 ns, Reaching safepoint: 192200 ns, At safepoint: 1359100 ns, Total: 1551300 ns
[95.654s][info][gc       ] GC(1673) Pause Young (Allocation Failure) 1046M->132M(1216M) 0.876ms
[95.654s][info][safepoint] Safepoint "ParallelGCFailedAllocation", Time since last: 93871300 ns, Reaching safepoint: 220000 ns, At safepoint: 958200 ns, Total: 1178200 ns
[95.747s][info][gc       ] GC(1674) Pause Young (Allocation Failure) 1005M->132M(1178M) 1.062ms
[95.747s][info][safepoint] Safepoint "ParallelGCFailedAllocation", Time since last: 91619300 ns, Reaching safepoint: 125500 ns, At safepoint: 1153000 ns, Total: 1278500 ns
[95.834s][info][gc       ] GC(1675) Pause Young (Allocation Failure) 968M->130M(1140M) 0.519ms
[95.834s][info][safepoint] Safepoint "ParallelGCFailedAllocation", Time since last: 86199800 ns, Reaching safepoint: 131700 ns, At safepoint: 598600 ns, Total: 730300 ns
[95.918s][info][gc       ] GC(1676) Pause Young (Allocation Failure) 930M->132M(1302M) 1.314ms
[95.918s][info][safepoint] Safepoint "ParallelGCFailedAllocation", Time since last: 82126900 ns, Reaching safepoint: 139700 ns, At safepoint: 1382800 ns, Total: 1522500 ns
[96.018s][info][gc       ] GC(1677) Pause Young (Allocation Failure) 1090M->132M(1260M) 0.897ms
[96.018s][info][safepoint] Safepoint "ParallelGCFailedAllocation", Time since last: 99331400 ns, Reaching safepoint: 190200 ns, At safepoint: 976600 ns, Total: 1166800 ns
[96.115s][info][gc       ] GC(1678) Pause Young (Allocation Failure) 1050M->130M(1218M) 0.935ms
[96.115s][info][safepoint] Safepoint "ParallelGCFailedAllocation", Time since last: 95691100 ns, Reaching safepoint: 128300 ns, At safepoint: 1005600 ns, Total: 1133900 ns
[96.207s][info][gc       ] GC(1679) Pause Young (Allocation Failure) 1007M->132M(1182M) 0.719ms
[96.207s][info][safepoint] Safepoint "ParallelGCFailedAllocation", Time since last: 90986300 ns, Reaching safepoint: 193000 ns, At safepoint: 829000 ns, Total: 1022000 ns
[96.295s][info][gc       ] GC(1680) Pause Young (Allocation Failure) 971M->132M(1146M) 1.352ms
[96.295s][info][safepoint] Safepoint "ParallelGCFailedAllocation", Time since last: 86310900 ns, Reaching safepoint: 145300 ns, At safepoint: 1451700 ns, Total: 1597000 ns
[96.382s][info][gc       ] GC(1681) Pause Young (Allocation Failure) 936M->132M(1110M) 1.053ms
[96.382s][info][safepoint] Safepoint "ParallelGCFailedAllocation", Time since last: 85698200 ns, Reaching safepoint: 161000 ns, At safepoint: 1139400 ns, Total: 1300400 ns
[96.467s][info][gc       ] GC(1682) Pause Young (Allocation Failure) 900M->132M(1077M) 0.959ms
[96.467s][info][safepoint] Safepoint "ParallelGCFailedAllocation", Time since last: 83601800 ns, Reaching safepoint: 150600 ns, At safepoint: 1032500 ns, Total: 1183100 ns
[96.547s][info][gc       ] GC(1683) Pause Young (Allocation Failure) 868M->134M(1048M) 0.836ms
[96.547s][info][safepoint] Safepoint "ParallelGCFailedAllocation", Time since last: 79490800 ns, Reaching safepoint: 171200 ns, At safepoint: 917000 ns, Total: 1088200 ns
[96.623s][info][gc       ] GC(1684) Pause Young (Allocation Failure) 838M->134M(1189M) 1.356ms
[96.623s][info][safepoint] Safepoint "ParallelGCFailedAllocation", Time since last: 73926800 ns, Reaching safepoint: 134000 ns, At safepoint: 1435200 ns, Total: 1569200 ns
[96.712s][info][gc       ] GC(1685) Pause Young (Allocation Failure) 978M->134M(1356M) 1.120ms
[96.712s][info][safepoint] Safepoint "ParallelGCFailedAllocation", Time since last: 87558800 ns, Reaching safepoint: 186800 ns, At safepoint: 1209900 ns, Total: 1396700 ns
[96.818s][info][gc       ] GC(1686) Pause Young (Allocation Failure) 1148M->136M(1562M) 1.340ms
[96.818s][info][safepoint] Safepoint "ParallelGCFailedAllocation", Time since last: 104744100 ns, Reaching safepoint: 142000 ns, At safepoint: 1421300 ns, Total: 1563300 ns
[96.958s][info][gc       ] GC(1687) Pause Young (Allocation Failure) 1354M->134M(1505M) 0.844ms
[96.958s][info][safepoint] Safepoint "ParallelGCFailedAllocation", Time since last: 138616100 ns, Reaching safepoint: 177600 ns, At safepoint: 967900 ns, Total: 1145500 ns
[97.079s][info][gc       ] GC(1688) Pause Young (Allocation Failure) 1298M->136M(1455M) 1.324ms
[97.079s][info][safepoint] Safepoint "ParallelGCFailedAllocation", Time since last: 119537600 ns, Reaching safepoint: 135400 ns, At safepoint: 1446600 ns, Total: 1582000 ns
[97.196s][info][gc       ] GC(1689) Pause Young (Allocation Failure) 1247M->136M(1405M) 0.627ms
[97.196s][info][safepoint] Safepoint "ParallelGCFailedAllocation", Time since last: 116256500 ns, Reaching safepoint: 176300 ns, At safepoint: 724300 ns, Total: 900600 ns
[97.307s][info][gc       ] GC(1690) Pause Young (Allocation Failure) 1198M->134M(1356M) 0.911ms
[97.307s][info][safepoint] Safepoint "ParallelGCFailedAllocation", Time since last: 109934900 ns, Reaching safepoint: 184300 ns, At safepoint: 985100 ns, Total: 1169400 ns
[97.412s][info][gc       ] GC(1691) Pause Young (Allocation Failure) 1149M->136M(1313M) 1.031ms
[97.412s][info][safepoint] Safepoint "ParallelGCFailedAllocation", Time since last: 103721700 ns, Reaching safepoint: 262100 ns, At safepoint: 1196000 ns, Total: 1458100 ns
[97.514s][info][gc       ] GC(1692) Pause Young (Allocation Failure) 1105M->136M(1271M) 1.419ms
[97.514s][info][safepoint] Safepoint "ParallelGCFailedAllocation", Time since last: 99724200 ns, Reaching safepoint: 124900 ns, At safepoint: 1535400 ns, Total: 1660300 ns
[97.611s][info][gc       ] GC(1693) Pause Young (Allocation Failure) 1062M->136M(1228M) 1.159ms
[97.611s][info][safepoint] Safepoint "ParallelGCFailedAllocation", Time since last: 95476600 ns, Reaching safepoint: 192200 ns, At safepoint: 1244200 ns, Total: 1436400 ns
[97.707s][info][gc       ] GC(1694) Pause Young (Allocation Failure) 1022M->136M(1190M) 0.945ms
[97.707s][info][safepoint] Safepoint "ParallelGCFailedAllocation", Time since last: 95403800 ns, Reaching safepoint: 198700 ns, At safepoint: 1031100 ns, Total: 1229800 ns
[97.795s][info][gc       ] GC(1695) Pause Young (Allocation Failure) 983M->138M(1155M) 0.953ms
[97.795s][info][safepoint] Safepoint "ParallelGCFailedAllocation", Time since last: 86209200 ns, Reaching safepoint: 184800 ns, At safepoint: 1062200 ns, Total: 1247000 ns
[97.880s][info][gc       ] GC(1696) Pause Young (Allocation Failure) 950M->138M(1120M) 1.106ms
[97.880s][info][safepoint] Safepoint "ParallelGCFailedAllocation", Time since last: 83360000 ns, Reaching safepoint: 194900 ns, At safepoint: 1186800 ns, Total: 1381700 ns
[97.966s][info][gc       ] GC(1697) Pause Young (Allocation Failure) 913M->138M(1085M) 1.000ms
[97.966s][info][safepoint] Safepoint "ParallelGCFailedAllocation", Time since last: 85019400 ns, Reaching safepoint: 207500 ns, At safepoint: 1096400 ns, Total: 1303900 ns
[98.044s][info][gc       ] GC(1698) Pause Young (Allocation Failure) 881M->139M(1236M) 1.382ms
[98.044s][info][safepoint] Safepoint "ParallelGCFailedAllocation", Time since last: 76199300 ns, Reaching safepoint: 202600 ns, At safepoint: 1467300 ns, Total: 1669900 ns
[98.138s][info][gc       ] GC(1699) Pause Young (Allocation Failure) 1033M->138M(1413M) 0.856ms
[98.138s][info][safepoint] Safepoint "ParallelGCFailedAllocation", Time since last: 93156400 ns, Reaching safepoint: 186400 ns, At safepoint: 948500 ns, Total: 1134900 ns
[98.247s][info][gc       ] GC(1700) Pause Young (Allocation Failure) 1209M->139M(1630M) 1.064ms
[98.247s][info][safepoint] Safepoint "ParallelGCFailedAllocation", Time since last: 107330900 ns, Reaching safepoint: 194600 ns, At safepoint: 1180400 ns, Total: 1375000 ns
[98.391s][info][gc       ] GC(1701) Pause Young (Allocation Failure) 1425M->139M(1570M) 0.844ms
[98.391s][info][safepoint] Safepoint "ParallelGCFailedAllocation", Time since last: 142868600 ns, Reaching safepoint: 157800 ns, At safepoint: 933700 ns, Total: 1091500 ns
[98.519s][info][gc       ] GC(1702) Pause Young (Allocation Failure) 1365M->139M(1515M) 1.027ms
[98.519s][info][safepoint] Safepoint "ParallelGCFailedAllocation", Time since last: 127238300 ns, Reaching safepoint: 142400 ns, At safepoint: 1100400 ns, Total: 1242800 ns
[98.640s][info][gc       ] GC(1703) Pause Young (Allocation Failure) 1311M->139M(1460M) 0.967ms
[98.640s][info][safepoint] Safepoint "ParallelGCFailedAllocation", Time since last: 119551200 ns, Reaching safepoint: 165700 ns, At safepoint: 1069400 ns, Total: 1235100 ns
[98.759s][info][gc       ] GC(1704) Pause Young (Allocation Failure) 1258M->139M(1410M) 0.615ms
[98.759s][info][safepoint] Safepoint "ParallelGCFailedAllocation", Time since last: 118462600 ns, Reaching safepoint: 205200 ns, At safepoint: 694300 ns, Total: 899500 ns
[98.871s][info][gc       ] GC(1705) Pause Young (Allocation Failure) 1206M->141M(1365M) 0.676ms
[98.872s][info][safepoint] Safepoint "ParallelGCFailedAllocation", Time since last: 111249800 ns, Reaching safepoint: 116100 ns, At safepoint: 763800 ns, Total: 879900 ns
[98.981s][info][gc       ] GC(1706) Pause Young (Allocation Failure) 1163M->141M(1320M) 0.764ms
[98.981s][info][safepoint] Safepoint "ParallelGCFailedAllocation", Time since last: 108101900 ns, Reaching safepoint: 128100 ns, At safepoint: 839800 ns, Total: 967900 ns
[99.083s][info][gc       ] GC(1707) Pause Young (Allocation Failure) 1118M->141M(1273M) 1.516ms
[99.083s][info][safepoint] Safepoint "ParallelGCFailedAllocation", Time since last: 100837700 ns, Reaching safepoint: 146400 ns, At safepoint: 1608100 ns, Total: 1754500 ns
[99.180s][info][gc       ] GC(1708) Pause Young (Allocation Failure) 1074M->145M(1238M) 0.534ms
[99.180s][info][safepoint] Safepoint "ParallelGCFailedAllocation", Time since last: 96085700 ns, Reaching safepoint: 126200 ns, At safepoint: 624500 ns, Total: 750700 ns
[99.272s][info][gc       ] GC(1709) Pause Young (Allocation Failure) 1037M->145M(1197M) 0.731ms
[99.272s][info][safepoint] Safepoint "ParallelGCFailedAllocation", Time since last: 90837500 ns, Reaching safepoint: 139600 ns, At safepoint: 807800 ns, Total: 947400 ns
[99.361s][info][gc       ] GC(1710) Pause Young (Allocation Failure) 999M->143M(1158M) 0.735ms
[99.361s][info][safepoint] Safepoint "ParallelGCFailedAllocation", Time since last: 88493600 ns, Reaching safepoint: 133500 ns, At safepoint: 835400 ns, Total: 968900 ns
[99.445s][info][gc       ] GC(1711) Pause Young (Allocation Failure) 960M->143M(1123M) 0.648ms
[99.445s][info][safepoint] Safepoint "ParallelGCFailedAllocation", Time since last: 83058400 ns, Reaching safepoint: 215800 ns, At safepoint: 754100 ns, Total: 969900 ns
[99.527s][info][gc       ] GC(1712) Pause Young (Allocation Failure) 924M->143M(1089M) 0.600ms
[99.527s][info][safepoint] Safepoint "ParallelGCFailedAllocation", Time since last: 80948100 ns, Reaching safepoint: 168100 ns, At safepoint: 677800 ns, Total: 845900 ns
[99.609s][info][gc       ] GC(1713) Pause Young (Allocation Failure) 890M->145M(1060M) 0.639ms
[99.609s][info][safepoint] Safepoint "ParallelGCFailedAllocation", Time since last: 80730300 ns, Reaching safepoint: 191900 ns, At safepoint: 720700 ns, Total: 912600 ns
[99.683s][info][gc       ] GC(1714) Pause Young (Allocation Failure) 861M->143M(1028M) 0.561ms
[99.683s][info][safepoint] Safepoint "ParallelGCFailedAllocation", Time since last: 73678500 ns, Reaching safepoint: 130000 ns, At safepoint: 639400 ns, Total: 769400 ns
[99.754s][info][gc       ] GC(1715) Pause Young (Allocation Failure) 827M->145M(1001M) 0.546ms
[99.754s][info][safepoint] Safepoint "ParallelGCFailedAllocation", Time since last: 70037700 ns, Reaching safepoint: 176700 ns, At safepoint: 617600 ns, Total: 794300 ns
[99.823s][info][gc       ] GC(1716) Pause Young (Allocation Failure) 803M->143M(972M) 0.549ms
[99.823s][info][safepoint] Safepoint "ParallelGCFailedAllocation", Time since last: 68569900 ns, Reaching safepoint: 129800 ns, At safepoint: 627600 ns, Total: 757400 ns
[99.889s][info][gc       ] GC(1717) Pause Young (Allocation Failure) 774M->145M(948M) 0.862ms
[99.889s][info][safepoint] Safepoint "ParallelGCFailedAllocation", Time since last: 64376600 ns, Reaching safepoint: 164300 ns, At safepoint: 946800 ns, Total: 1111100 ns
[99.954s][info][gc       ] GC(1718) Pause Young (Allocation Failure) 749M->145M(923M) 0.942ms
[99.954s][info][safepoint] Safepoint "ParallelGCFailedAllocation", Time since last: 64024700 ns, Reaching safepoint: 193000 ns, At safepoint: 1054000 ns, Total: 1247000 ns
[100.016s][info][gc       ] GC(1719) Pause Young (Allocation Failure) 723M->145M(1037M) 1.030ms
[100.016s][info][safepoint] Safepoint "ParallelGCFailedAllocation", Time since last: 60276500 ns, Reaching safepoint: 123000 ns, At safepoint: 1119700 ns, Total: 1242700 ns
[100.087s][info][gc       ] GC(1720) Pause Young (Allocation Failure) 841M->145M(1008M) 0.548ms
[100.087s][info][safepoint] Safepoint "ParallelGCFailedAllocation", Time since last: 70816700 ns, Reaching safepoint: 180500 ns, At safepoint: 640800 ns, Total: 821300 ns
[100.157s][info][gc       ] GC(1721) Pause Young (Allocation Failure) 811M->147M(982M) 0.783ms
[100.157s][info][safepoint] Safepoint "ParallelGCFailedAllocation", Time since last: 68338600 ns, Reaching safepoint: 131800 ns, At safepoint: 867300 ns, Total: 999100 ns
[100.223s][info][gc       ] GC(1722) Pause Young (Allocation Failure) 785M->147M(955M) 0.925ms
[100.223s][info][safepoint] Safepoint "ParallelGCFailedAllocation", Time since last: 64973300 ns, Reaching safepoint: 195400 ns, At safepoint: 1007700 ns, Total: 1203100 ns
[100.287s][info][gc       ] GC(1723) Pause Young (Allocation Failure) 759M->147M(1074M) 1.311ms
[100.288s][info][safepoint] Safepoint "ParallelGCFailedAllocation", Time since last: 63231900 ns, Reaching safepoint: 137300 ns, At safepoint: 1467700 ns, Total: 1605000 ns
[100.363s][info][gc       ] GC(1724) Pause Young (Allocation Failure) 882M->150M(1227M) 0.734ms
[100.364s][info][safepoint] Safepoint "ParallelGCFailedAllocation", Time since last: 74893000 ns, Reaching safepoint: 220500 ns, At safepoint: 810200 ns, Total: 1030700 ns
[100.456s][info][gc       ] GC(1725) Pause Young (Allocation Failure) 1031M->148M(1184M) 0.696ms
[100.456s][info][safepoint] Safepoint "ParallelGCFailedAllocation", Time since last: 91927800 ns, Reaching safepoint: 216400 ns, At safepoint: 774900 ns, Total: 991300 ns
[100.543s][info][gc       ] GC(1726) Pause Young (Allocation Failure) 991M->150M(1150M) 0.529ms
[100.543s][info][safepoint] Safepoint "ParallelGCFailedAllocation", Time since last: 85491900 ns, Reaching safepoint: 125000 ns, At safepoint: 617000 ns, Total: 742000 ns
[100.627s][info][gc       ] GC(1727) Pause Young (Allocation Failure) 956M->148M(1113M) 0.630ms
[100.627s][info][safepoint] Safepoint "ParallelGCFailedAllocation", Time since last: 83751900 ns, Reaching safepoint: 135300 ns, At safepoint: 720400 ns, Total: 855700 ns
[100.712s][info][gc       ] GC(1728) Pause Young (Allocation Failure) 920M->148M(1080M) 0.511ms
[100.712s][info][safepoint] Safepoint "ParallelGCFailedAllocation", Time since last: 83919900 ns, Reaching safepoint: 144700 ns, At safepoint: 600700 ns, Total: 745400 ns
[100.788s][info][gc       ] GC(1729) Pause Young (Allocation Failure) 885M->150M(1051M) 0.605ms
[100.788s][info][safepoint] Safepoint "ParallelGCFailedAllocation", Time since last: 75172200 ns, Reaching safepoint: 142900 ns, At safepoint: 693900 ns, Total: 836800 ns
[100.859s][info][gc       ] GC(1730) Pause Young (Allocation Failure) 858M->150M(1021M) 0.730ms
[100.859s][info][safepoint] Safepoint "ParallelGCFailedAllocation", Time since last: 69738200 ns, Reaching safepoint: 112600 ns, At safepoint: 853900 ns, Total: 966500 ns
[100.929s][info][gc       ] GC(1731) Pause Young (Allocation Failure) 827M->148M(990M) 0.585ms
[100.929s][info][safepoint] Safepoint "ParallelGCFailedAllocation", Time since last: 69508600 ns, Reaching safepoint: 183300 ns, At safepoint: 659300 ns, Total: 842600 ns
[100.998s][info][gc       ] GC(1732) Pause Young (Allocation Failure) 798M->148M(963M) 0.524ms
[100.998s][info][safepoint] Safepoint "ParallelGCFailedAllocation", Time since last: 67953600 ns, Reaching safepoint: 124400 ns, At safepoint: 596500 ns, Total: 720900 ns
[101.066s][info][gc       ] GC(1733) Pause Young (Allocation Failure) 770M->148M(938M) 0.611ms
[101.066s][info][safepoint] Safepoint "ParallelGCFailedAllocation", Time since last: 67492000 ns, Reaching safepoint: 151900 ns, At safepoint: 704400 ns, Total: 856300 ns
[101.129s][info][gc       ] GC(1734) Pause Young (Allocation Failure) 743M->150M(915M) 0.667ms
[101.129s][info][safepoint] Safepoint "ParallelGCFailedAllocation", Time since last: 62276600 ns, Reaching safepoint: 193700 ns, At safepoint: 754700 ns, Total: 948400 ns
[101.192s][info][gc       ] GC(1735) Pause Young (Allocation Failure) 721M->150M(892M) 0.682ms
[101.192s][info][safepoint] Safepoint "ParallelGCFailedAllocation", Time since last: 62192500 ns, Reaching safepoint: 126100 ns, At safepoint: 837500 ns, Total: 963600 ns
[101.249s][info][gc       ] GC(1736) Pause Young (Allocation Failure) 700M->150M(870M) 0.654ms
[101.249s][info][safepoint] Safepoint "ParallelGCFailedAllocation", Time since last: 56082500 ns, Reaching safepoint: 135800 ns, At safepoint: 728400 ns, Total: 864200 ns
[101.305s][info][gc       ] GC(1737) Pause Young (Allocation Failure) 677M->148M(847M) 0.526ms
[101.305s][info][safepoint] Safepoint "ParallelGCFailedAllocation", Time since last: 54642800 ns, Reaching safepoint: 205300 ns, At safepoint: 629900 ns, Total: 835200 ns
[101.358s][info][gc       ] GC(1738) Pause Young (Allocation Failure) 653M->150M(829M) 0.833ms
[101.358s][info][safepoint] Safepoint "ParallelGCFailedAllocation", Time since last: 52093400 ns, Reaching safepoint: 184500 ns, At safepoint: 911300 ns, Total: 1095800 ns
[101.409s][info][gc       ] GC(1739) Pause Young (Allocation Failure) 635M->150M(927M) 0.723ms
[101.409s][info][safepoint] Safepoint "ParallelGCFailedAllocation", Time since last: 49740700 ns, Reaching safepoint: 181100 ns, At safepoint: 804200 ns, Total: 985300 ns
[101.472s][info][gc       ] GC(1740) Pause Young (Allocation Failure) 733M->150M(903M) 0.737ms
[101.472s][info][safepoint] Safepoint "ParallelGCFailedAllocation", Time since last: 61823600 ns, Reaching safepoint: 211300 ns, At safepoint: 818000 ns, Total: 1029300 ns
[101.531s][info][gc       ] GC(1741) Pause Young (Allocation Failure) 707M->150M(881M) 0.550ms
[101.531s][info][safepoint] Safepoint "ParallelGCFailedAllocation", Time since last: 58423300 ns, Reaching safepoint: 167000 ns, At safepoint: 639900 ns, Total: 806900 ns
[101.588s][info][gc       ] GC(1742) Pause Young (Allocation Failure) 687M->150M(859M) 0.670ms
[101.588s][info][safepoint] Safepoint "ParallelGCFailedAllocation", Time since last: 56281400 ns, Reaching safepoint: 141000 ns, At safepoint: 839200 ns, Total: 980200 ns
[101.643s][info][gc       ] GC(1743) Pause Young (Allocation Failure) 665M->150M(839M) 0.642ms
[101.643s][info][safepoint] Safepoint "ParallelGCFailedAllocation", Time since last: 53631100 ns, Reaching safepoint: 227800 ns, At safepoint: 724800 ns, Total: 952600 ns
[101.695s][info][gc       ] GC(1744) Pause Young (Allocation Failure) 643M->150M(819M) 0.825ms
[101.695s][info][safepoint] Safepoint "ParallelGCFailedAllocation", Time since last: 51383200 ns, Reaching safepoint: 125200 ns, At safepoint: 1006200 ns, Total: 1131400 ns
[101.744s][info][gc       ] GC(1745) Pause Young (Allocation Failure) 626M->148M(799M) 0.536ms
[101.744s][info][safepoint] Safepoint "ParallelGCFailedAllocation", Time since last: 48186800 ns, Reaching safepoint: 216100 ns, At safepoint: 596600 ns, Total: 812700 ns
[101.792s][info][gc       ] GC(1746) Pause Young (Allocation Failure) 606M->150M(893M) 0.902ms
[101.792s][info][safepoint] Safepoint "ParallelGCFailedAllocation", Time since last: 46688600 ns, Reaching safepoint: 174200 ns, At safepoint: 974000 ns, Total: 1148200 ns
[101.850s][info][gc       ] GC(1747) Pause Young (Allocation Failure) 700M->148M(1001M) 0.614ms
[101.851s][info][safepoint] Safepoint "ParallelGCFailedAllocation", Time since last: 57585300 ns, Reaching safepoint: 199600 ns, At safepoint: 708400 ns, Total: 908000 ns
[101.921s][info][gc       ] GC(1748) Pause Young (Allocation Failure) 808M->148M(973M) 0.664ms
[101.921s][info][safepoint] Safepoint "ParallelGCFailedAllocation", Time since last: 69834100 ns, Reaching safepoint: 214600 ns, At safepoint: 739600 ns, Total: 954200 ns
[101.988s][info][gc       ] GC(1749) Pause Young (Allocation Failure) 780M->148M(947M) 0.641ms
[101.988s][info][safepoint] Safepoint "ParallelGCFailedAllocation", Time since last: 65899300 ns, Reaching safepoint: 195700 ns, At safepoint: 738000 ns, Total: 933700 ns
[102.052s][info][gc       ] GC(1750) Pause Young (Allocation Failure) 753M->150M(924M) 0.623ms
[102.052s][info][safepoint] Safepoint "ParallelGCFailedAllocation", Time since last: 62689400 ns, Reaching safepoint: 177800 ns, At safepoint: 708500 ns, Total: 886300 ns
[102.114s][info][gc       ] GC(1751) Pause Young (Allocation Failure) 731M->150M(901M) 0.489ms
[102.114s][info][safepoint] Safepoint "ParallelGCFailedAllocation", Time since last: 61327600 ns, Reaching safepoint: 125900 ns, At safepoint: 578600 ns, Total: 704500 ns
[102.174s][info][gc       ] GC(1752) Pause Young (Allocation Failure) 707M->148M(876M) 0.615ms
[102.174s][info][safepoint] Safepoint "ParallelGCFailedAllocation", Time since last: 59510400 ns, Reaching safepoint: 126800 ns, At safepoint: 690500 ns, Total: 817300 ns
[102.233s][info][gc       ] GC(1753) Pause Young (Allocation Failure) 681M->150M(857M) 0.559ms
[102.233s][info][safepoint] Safepoint "ParallelGCFailedAllocation", Time since last: 58040400 ns, Reaching safepoint: 172100 ns, At safepoint: 712800 ns, Total: 884900 ns
[102.287s][info][gc       ] GC(1754) Pause Young (Allocation Failure) 663M->150M(836M) 0.796ms
[102.287s][info][safepoint] Safepoint "ParallelGCFailedAllocation", Time since last: 52627300 ns, Reaching safepoint: 218300 ns, At safepoint: 890600 ns, Total: 1108900 ns
[102.339s][info][gc       ] GC(1755) Pause Young (Allocation Failure) 641M->150M(933M) 0.875ms
[102.339s][info][safepoint] Safepoint "ParallelGCFailedAllocation", Time since last: 51240800 ns, Reaching safepoint: 198200 ns, At safepoint: 949800 ns, Total: 1148000 ns
[102.399s][info][gc       ] GC(1756) Pause Young (Allocation Failure) 739M->152M(911M) 0.578ms
[102.399s][info][safepoint] Safepoint "ParallelGCFailedAllocation", Time since last: 59474300 ns, Reaching safepoint: 127400 ns, At safepoint: 650900 ns, Total: 778300 ns
[102.458s][info][gc       ] GC(1757) Pause Young (Allocation Failure) 719M->152M(888M) 0.500ms
[102.458s][info][safepoint] Safepoint "ParallelGCFailedAllocation", Time since last: 58004900 ns, Reaching safepoint: 132000 ns, At safepoint: 600700 ns, Total: 732700 ns
[102.515s][info][gc       ] GC(1758) Pause Young (Allocation Failure) 697M->150M(864M) 0.698ms
[102.515s][info][safepoint] Safepoint "ParallelGCFailedAllocation", Time since last: 56261200 ns, Reaching safepoint: 186500 ns, At safepoint: 773700 ns, Total: 960200 ns
[102.570s][info][gc       ] GC(1759) Pause Young (Allocation Failure) 673M->152M(845M) 0.759ms
[102.570s][info][safepoint] Safepoint "ParallelGCFailedAllocation", Time since last: 53711000 ns, Reaching safepoint: 121500 ns, At safepoint: 893800 ns, Total: 1015300 ns
[102.622s][info][gc       ] GC(1760) Pause Young (Allocation Failure) 654M->152M(946M) 1.068ms
[102.622s][info][safepoint] Safepoint "ParallelGCFailedAllocation", Time since last: 50762600 ns, Reaching safepoint: 136400 ns, At safepoint: 1234700 ns, Total: 1371100 ns
[102.687s][info][gc       ] GC(1761) Pause Young (Allocation Failure) 753M->152M(1065M) 0.989ms
[102.687s][info][safepoint] Safepoint "ParallelGCFailedAllocation", Time since last: 63362700 ns, Reaching safepoint: 164700 ns, At safepoint: 1081500 ns, Total: 1246200 ns
[102.765s][info][gc       ] GC(1762) Pause Young (Allocation Failure) 874M->154M(1212M) 0.704ms
[102.765s][info][safepoint] Safepoint "ParallelGCFailedAllocation", Time since last: 77296000 ns, Reaching safepoint: 146000 ns, At safepoint: 790000 ns, Total: 936000 ns
[102.860s][info][gc       ] GC(1763) Pause Young (Allocation Failure) 1020M->154M(1174M) 0.616ms
[102.860s][info][safepoint] Safepoint "ParallelGCFailedAllocation", Time since last: 93703500 ns, Reaching safepoint: 206400 ns, At safepoint: 700700 ns, Total: 907100 ns
[102.949s][info][gc       ] GC(1764) Pause Young (Allocation Failure) 985M->154M(1341M) 1.553ms
[102.949s][info][safepoint] Safepoint "ParallelGCFailedAllocation", Time since last: 87796800 ns, Reaching safepoint: 184100 ns, At safepoint: 1646100 ns, Total: 1830200 ns
[103.054s][info][gc       ] GC(1765) Pause Young (Allocation Failure) 1151M->152M(1295M) 0.536ms
[103.054s][info][safepoint] Safepoint "ParallelGCFailedAllocation", Time since last: 103982800 ns, Reaching safepoint: 138800 ns, At safepoint: 652700 ns, Total: 791500 ns
[103.154s][info][gc       ] GC(1766) Pause Young (Allocation Failure) 1105M->154M(1255M) 0.728ms
[103.154s][info][safepoint] Safepoint "ParallelGCFailedAllocation", Time since last: 99231600 ns, Reaching safepoint: 130700 ns, At safepoint: 798700 ns, Total: 929400 ns
[103.253s][info][gc       ] GC(1767) Pause Young (Allocation Failure) 1063M->154M(1215M) 0.495ms
[103.253s][info][safepoint] Safepoint "ParallelGCFailedAllocation", Time since last: 97666800 ns, Reaching safepoint: 143200 ns, At safepoint: 610800 ns, Total: 754000 ns
[103.344s][info][gc       ] GC(1768) Pause Young (Allocation Failure) 1022M->154M(1177M) 0.790ms
[103.344s][info][safepoint] Safepoint "ParallelGCFailedAllocation", Time since last: 90631800 ns, Reaching safepoint: 146700 ns, At safepoint: 866000 ns, Total: 1012700 ns
[103.430s][info][gc       ] GC(1769) Pause Young (Allocation Failure) 988M->154M(1139M) 0.971ms
[103.430s][info][safepoint] Safepoint "ParallelGCFailedAllocation", Time since last: 84925300 ns, Reaching safepoint: 178000 ns, At safepoint: 1052800 ns, Total: 1230800 ns
[103.515s][info][gc       ] GC(1770) Pause Young (Allocation Failure) 951M->156M(1107M) 0.514ms
[103.515s][info][safepoint] Safepoint "ParallelGCFailedAllocation", Time since last: 83865800 ns, Reaching safepoint: 192100 ns, At safepoint: 598000 ns, Total: 790100 ns
[103.596s][info][gc       ] GC(1771) Pause Young (Allocation Failure) 919M->156M(1074M) 0.808ms
[103.596s][info][safepoint] Safepoint "ParallelGCFailedAllocation", Time since last: 79701400 ns, Reaching safepoint: 180700 ns, At safepoint: 888900 ns, Total: 1069600 ns
[103.677s][info][gc       ] GC(1772) Pause Young (Allocation Failure) 884M->156M(1043M) 0.746ms
[103.677s][info][safepoint] Safepoint "ParallelGCFailedAllocation", Time since last: 80045200 ns, Reaching safepoint: 122600 ns, At safepoint: 825800 ns, Total: 948400 ns
[103.757s][info][gc       ] GC(1773) Pause Young (Allocation Failure) 855M->156M(1010M) 1.389ms
[103.757s][info][safepoint] Safepoint "ParallelGCFailedAllocation", Time since last: 78249000 ns, Reaching safepoint: 169700 ns, At safepoint: 1488800 ns, Total: 1658500 ns
[103.828s][info][gc       ] GC(1774) Pause Young (Allocation Failure) 825M->159M(988M) 0.580ms
[103.828s][info][safepoint] Safepoint "ParallelGCFailedAllocation", Time since last: 70575700 ns, Reaching safepoint: 135000 ns, At safepoint: 707500 ns, Total: 842500 ns
[103.895s][info][gc       ] GC(1775) Pause Young (Allocation Failure) 802M->159M(959M) 0.808ms
[103.895s][info][safepoint] Safepoint "ParallelGCFailedAllocation", Time since last: 65475600 ns, Reaching safepoint: 135100 ns, At safepoint: 894300 ns, Total: 1029400 ns
[103.966s][info][gc       ] GC(1776) Pause Young (Allocation Failure) 775M->159M(934M) 0.782ms
[103.966s][info][safepoint] Safepoint "ParallelGCFailedAllocation", Time since last: 70004900 ns, Reaching safepoint: 184500 ns, At safepoint: 863800 ns, Total: 1048300 ns
[104.029s][info][gc       ] GC(1777) Pause Young (Allocation Failure) 749M->159M(910M) 0.662ms
[104.029s][info][safepoint] Safepoint "ParallelGCFailedAllocation", Time since last: 62773300 ns, Reaching safepoint: 114800 ns, At safepoint: 753100 ns, Total: 867900 ns
[104.088s][info][gc       ] GC(1778) Pause Young (Allocation Failure) 723M->159M(887M) 0.609ms
[104.088s][info][safepoint] Safepoint "ParallelGCFailedAllocation", Time since last: 57972500 ns, Reaching safepoint: 204800 ns, At safepoint: 689600 ns, Total: 894400 ns
[104.147s][info][gc       ] GC(1779) Pause Young (Allocation Failure) 703M->159M(865M) 0.631ms
[104.147s][info][safepoint] Safepoint "ParallelGCFailedAllocation", Time since last: 57832900 ns, Reaching safepoint: 401400 ns, At safepoint: 747800 ns, Total: 1149200 ns
[104.202s][info][gc       ] GC(1780) Pause Young (Allocation Failure) 680M->159M(844M) 0.618ms
[104.202s][info][safepoint] Safepoint "ParallelGCFailedAllocation", Time since last: 54029800 ns, Reaching safepoint: 122000 ns, At safepoint: 688800 ns, Total: 810800 ns
[104.254s][info][gc       ] GC(1781) Pause Young (Allocation Failure) 658M->159M(943M) 0.932ms
[104.254s][info][safepoint] Safepoint "ParallelGCFailedAllocation", Time since last: 51119700 ns, Reaching safepoint: 127600 ns, At safepoint: 997600 ns, Total: 1125200 ns
[104.317s][info][gc       ] GC(1782) Pause Young (Allocation Failure) 761M->161M(920M) 0.634ms
[104.317s][info][safepoint] Safepoint "ParallelGCFailedAllocation", Time since last: 62241900 ns, Reaching safepoint: 180800 ns, At safepoint: 721300 ns, Total: 902100 ns
[104.378s][info][gc       ] GC(1783) Pause Young (Allocation Failure) 737M->161M(1036M) 0.910ms
[104.378s][info][safepoint] Safepoint "ParallelGCFailedAllocation", Time since last: 59600400 ns, Reaching safepoint: 197900 ns, At safepoint: 992100 ns, Total: 1190000 ns
[104.450s][info][gc       ] GC(1784) Pause Young (Allocation Failure) 853M->159M(1005M) 0.562ms
[104.450s][info][safepoint] Safepoint "ParallelGCFailedAllocation", Time since last: 70828300 ns, Reaching safepoint: 198300 ns, At safepoint: 630400 ns, Total: 828700 ns
[104.517s][info][gc       ] GC(1785) Pause Young (Allocation Failure) 821M->161M(979M) 0.550ms
[104.517s][info][safepoint] Safepoint "ParallelGCFailedAllocation", Time since last: 66441300 ns, Reaching safepoint: 140000 ns, At safepoint: 653100 ns, Total: 793100 ns
[104.583s][info][gc       ] GC(1786) Pause Young (Allocation Failure) 797M->161M(953M) 0.791ms
[104.583s][info][safepoint] Safepoint "ParallelGCFailedAllocation", Time since last: 64672000 ns, Reaching safepoint: 130600 ns, At safepoint: 884100 ns, Total: 1014700 ns
[104.646s][info][gc       ] GC(1787) Pause Young (Allocation Failure) 768M->161M(1073M) 0.926ms
[104.646s][info][safepoint] Safepoint "ParallelGCFailedAllocation", Time since last: 61841600 ns, Reaching safepoint: 199500 ns, At safepoint: 997900 ns, Total: 1197400 ns
[104.723s][info][gc       ] GC(1788) Pause Young (Allocation Failure) 893M->163M(1044M) 0.780ms
[104.723s][info][safepoint] Safepoint "ParallelGCFailedAllocation", Time since last: 75979800 ns, Reaching safepoint: 184100 ns, At safepoint: 887900 ns, Total: 1072000 ns
[104.797s][info][gc       ] GC(1789) Pause Young (Allocation Failure) 863M->161M(1012M) 0.627ms
[104.797s][info][safepoint] Safepoint "ParallelGCFailedAllocation", Time since last: 73424100 ns, Reaching safepoint: 218900 ns, At safepoint: 695900 ns, Total: 914800 ns
[104.868s][info][gc       ] GC(1790) Pause Young (Allocation Failure) 832M->163M(986M) 0.674ms
[104.868s][info][safepoint] Safepoint "ParallelGCFailedAllocation", Time since last: 69644500 ns, Reaching safepoint: 144900 ns, At safepoint: 774300 ns, Total: 919200 ns
[104.933s][info][gc       ] GC(1791) Pause Young (Allocation Failure) 804M->163M(960M) 0.599ms
[104.933s][info][safepoint] Safepoint "ParallelGCFailedAllocation", Time since last: 64501400 ns, Reaching safepoint: 143700 ns, At safepoint: 678100 ns, Total: 821800 ns
[104.998s][info][gc       ] GC(1792) Pause Young (Allocation Failure) 780M->161M(932M) 0.603ms
[104.998s][info][safepoint] Safepoint "ParallelGCFailedAllocation", Time since last: 64116200 ns, Reaching safepoint: 115600 ns, At safepoint: 717500 ns, Total: 833100 ns
[105.064s][info][gc       ] GC(1793) Pause Young (Allocation Failure) 752M->163M(910M) 0.549ms
[105.064s][info][safepoint] Safepoint "ParallelGCFailedAllocation", Time since last: 65166600 ns, Reaching safepoint: 144100 ns, At safepoint: 625500 ns, Total: 769600 ns
[105.124s][info][gc       ] GC(1794) Pause Young (Allocation Failure) 729M->163M(887M) 0.696ms
[105.124s][info][safepoint] Safepoint "ParallelGCFailedAllocation", Time since last: 58879700 ns, Reaching safepoint: 197100 ns, At safepoint: 855700 ns, Total: 1052800 ns
[105.181s][info][gc       ] GC(1795) Pause Young (Allocation Failure) 707M->161M(863M) 0.587ms
[105.182s][info][safepoint] Safepoint "ParallelGCFailedAllocation", Time since last: 56752300 ns, Reaching safepoint: 166800 ns, At safepoint: 668900 ns, Total: 835700 ns
[105.236s][info][gc       ] GC(1796) Pause Young (Allocation Failure) 683M->163M(844M) 0.759ms
[105.237s][info][safepoint] Safepoint "ParallelGCFailedAllocation", Time since last: 53960300 ns, Reaching safepoint: 188300 ns, At safepoint: 876100 ns, Total: 1064400 ns
[105.294s][info][gc       ] GC(1797) Pause Young (Allocation Failure) 664M->163M(824M) 0.815ms
[105.294s][info][safepoint] Safepoint "ParallelGCFailedAllocation", Time since last: 56819100 ns, Reaching safepoint: 202400 ns, At safepoint: 901800 ns, Total: 1104200 ns
[105.346s][info][gc       ] GC(1798) Pause Young (Allocation Failure) 644M->161M(803M) 0.674ms
[105.346s][info][safepoint] Safepoint "ParallelGCFailedAllocation", Time since last: 50487300 ns, Reaching safepoint: 191600 ns, At safepoint: 776900 ns, Total: 968500 ns
[105.394s][info][gc       ] GC(1799) Pause Young (Allocation Failure) 624M->163M(898M) 0.651ms
[105.394s][info][safepoint] Safepoint "ParallelGCFailedAllocation", Time since last: 47292200 ns, Reaching safepoint: 134500 ns, At safepoint: 735700 ns, Total: 870200 ns
[105.452s][info][gc       ] GC(1800) Pause Young (Allocation Failure) 718M->163M(875M) 0.735ms
[105.452s][info][safepoint] Safepoint "ParallelGCFailedAllocation", Time since last: 57341800 ns, Reaching safepoint: 204900 ns, At safepoint: 815100 ns, Total: 1020000 ns
[105.509s][info][gc       ] GC(1801) Pause Young (Allocation Failure) 695M->163M(980M) 0.909ms
[105.509s][info][safepoint] Safepoint "ParallelGCFailedAllocation", Time since last: 55531800 ns, Reaching safepoint: 199800 ns, At safepoint: 998900 ns, Total: 1198700 ns
[105.575s][info][gc       ] GC(1802) Pause Young (Allocation Failure) 802M->165M(1110M) 0.728ms
[105.575s][info][safepoint] Safepoint "ParallelGCFailedAllocation", Time since last: 65336300 ns, Reaching safepoint: 127300 ns, At safepoint: 800800 ns, Total: 928100 ns
[105.657s][info][gc       ] GC(1803) Pause Young (Allocation Failure) 928M->165M(1077M) 0.638ms
[105.657s][info][safepoint] Safepoint "ParallelGCFailedAllocation", Time since last: 80370800 ns, Reaching safepoint: 137700 ns, At safepoint: 709900 ns, Total: 847600 ns
[105.733s][info][gc       ] GC(1804) Pause Young (Allocation Failure) 897M->165M(1046M) 0.735ms
[105.733s][info][safepoint] Safepoint "ParallelGCFailedAllocation", Time since last: 75642700 ns, Reaching safepoint: 200200 ns, At safepoint: 816000 ns, Total: 1016200 ns
[105.807s][info][gc       ] GC(1805) Pause Young (Allocation Failure) 867M->165M(1015M) 0.930ms
[105.807s][info][safepoint] Safepoint "ParallelGCFailedAllocation", Time since last: 72202500 ns, Reaching safepoint: 185600 ns, At safepoint: 1006900 ns, Total: 1192500 ns
[105.879s][info][gc       ] GC(1806) Pause Young (Allocation Failure) 837M->167M(989M) 0.946ms
[105.879s][info][safepoint] Safepoint "ParallelGCFailedAllocation", Time since last: 70671100 ns, Reaching safepoint: 146900 ns, At safepoint: 1050000 ns, Total: 1196900 ns
[105.946s][info][gc       ] GC(1807) Pause Young (Allocation Failure) 811M->167M(962M) 0.544ms
[105.946s][info][safepoint] Safepoint "ParallelGCFailedAllocation", Time since last: 66598900 ns, Reaching safepoint: 180100 ns, At safepoint: 629300 ns, Total: 809400 ns
[106.013s][info][gc       ] GC(1808) Pause Young (Allocation Failure) 784M->167M(937M) 0.828ms
[106.013s][info][safepoint] Safepoint "ParallelGCFailedAllocation", Time since last: 66017500 ns, Reaching safepoint: 175000 ns, At safepoint: 929800 ns, Total: 1104800 ns
[106.075s][info][gc       ] GC(1809) Pause Young (Allocation Failure) 760M->165M(911M) 0.614ms
[106.075s][info][safepoint] Safepoint "ParallelGCFailedAllocation", Time since last: 61427500 ns, Reaching safepoint: 208500 ns, At safepoint: 705500 ns, Total: 914000 ns
[106.140s][info][gc       ] GC(1810) Pause Young (Allocation Failure) 734M->165M(888M) 0.566ms
[106.140s][info][safepoint] Safepoint "ParallelGCFailedAllocation", Time since last: 63322100 ns, Reaching safepoint: 183600 ns, At safepoint: 651900 ns, Total: 835500 ns
[106.199s][info][gc       ] GC(1811) Pause Young (Allocation Failure) 711M->167M(868M) 0.734ms
[106.199s][info][safepoint] Safepoint "ParallelGCFailedAllocation", Time since last: 58656300 ns, Reaching safepoint: 216700 ns, At safepoint: 812100 ns, Total: 1028800 ns
[106.254s][info][gc       ] GC(1812) Pause Young (Allocation Failure) 689M->167M(847M) 0.623ms
[106.254s][info][safepoint] Safepoint "ParallelGCFailedAllocation", Time since last: 54238000 ns, Reaching safepoint: 187600 ns, At safepoint: 699800 ns, Total: 887400 ns
[106.308s][info][gc       ] GC(1813) Pause Young (Allocation Failure) 670M->167M(946M) 0.960ms
[106.308s][info][safepoint] Safepoint "ParallelGCFailedAllocation", Time since last: 52054400 ns, Reaching safepoint: 120700 ns, At safepoint: 1040300 ns, Total: 1161000 ns
[106.376s][info][gc       ] GC(1814) Pause Young (Allocation Failure) 770M->169M(1069M) 0.907ms
[106.376s][info][safepoint] Safepoint "ParallelGCFailedAllocation", Time since last: 66962800 ns, Reaching safepoint: 208300 ns, At safepoint: 988000 ns, Total: 1196300 ns
[106.452s][info][gc       ] GC(1815) Pause Young (Allocation Failure) 891M->169M(1214M) 0.674ms
[106.452s][info][safepoint] Safepoint "ParallelGCFailedAllocation", Time since last: 75258100 ns, Reaching safepoint: 199700 ns, At safepoint: 754400 ns, Total: 954100 ns
[106.543s][info][gc       ] GC(1816) Pause Young (Allocation Failure) 1039M->169M(1176M) 0.969ms
[106.543s][info][safepoint] Safepoint "ParallelGCFailedAllocation", Time since last: 89826800 ns, Reaching safepoint: 176300 ns, At safepoint: 1053100 ns, Total: 1229400 ns
[106.629s][info][gc       ] GC(1817) Pause Young (Allocation Failure) 1001M->167M(1138M) 0.520ms
[106.630s][info][safepoint] Safepoint "ParallelGCFailedAllocation", Time since last: 85626000 ns, Reaching safepoint: 137600 ns, At safepoint: 645700 ns, Total: 783300 ns
[106.714s][info][gc       ] GC(1818) Pause Young (Allocation Failure) 962M->169M(1106M) 0.552ms
[106.714s][info][safepoint] Safepoint "ParallelGCFailedAllocation", Time since last: 83886400 ns, Reaching safepoint: 135900 ns, At safepoint: 633200 ns, Total: 769100 ns
[106.794s][info][gc       ] GC(1819) Pause Young (Allocation Failure) 930M->167M(1072M) 0.754ms
[106.795s][info][safepoint] Safepoint "ParallelGCFailedAllocation", Time since last: 79364700 ns, Reaching safepoint: 148700 ns, At safepoint: 841100 ns, Total: 989800 ns
[106.871s][info][gc       ] GC(1820) Pause Young (Allocation Failure) 897M->169M(1043M) 0.642ms
[106.871s][info][safepoint] Safepoint "ParallelGCFailedAllocation", Time since last: 75572400 ns, Reaching safepoint: 124000 ns, At safepoint: 722700 ns, Total: 846700 ns
[106.945s][info][gc       ] GC(1821) Pause Young (Allocation Failure) 867M->169M(1013M) 0.953ms
[106.945s][info][safepoint] Safepoint "ParallelGCFailedAllocation", Time since last: 72988700 ns, Reaching safepoint: 183500 ns, At safepoint: 1030600 ns, Total: 1214100 ns
[107.016s][info][gc       ] GC(1822) Pause Young (Allocation Failure) 836M->169M(985M) 0.608ms
[107.016s][info][safepoint] Safepoint "ParallelGCFailedAllocation", Time since last: 70129100 ns, Reaching safepoint: 182100 ns, At safepoint: 767100 ns, Total: 949200 ns
[107.084s][info][gc       ] GC(1823) Pause Young (Allocation Failure) 808M->169M(957M) 1.017ms
[107.084s][info][safepoint] Safepoint "ParallelGCFailedAllocation", Time since last: 66158800 ns, Reaching safepoint: 180800 ns, At safepoint: 1107300 ns, Total: 1288100 ns
[107.149s][info][gc       ] GC(1824) Pause Young (Allocation Failure) 784M->169M(931M) 0.514ms
[107.149s][info][safepoint] Safepoint "ParallelGCFailedAllocation", Time since last: 64533200 ns, Reaching safepoint: 166200 ns, At safepoint: 620300 ns, Total: 786500 ns
[107.211s][info][gc       ] GC(1825) Pause Young (Allocation Failure) 758M->170M(909M) 0.621ms
[107.211s][info][safepoint] Safepoint "ParallelGCFailedAllocation", Time since last: 60919500 ns, Reaching safepoint: 168400 ns, At safepoint: 701000 ns, Total: 869400 ns
[107.271s][info][gc       ] GC(1826) Pause Young (Allocation Failure) 737M->170M(886M) 0.922ms
[107.271s][info][safepoint] Safepoint "ParallelGCFailedAllocation", Time since last: 58728200 ns, Reaching safepoint: 178100 ns, At safepoint: 1013700 ns, Total: 1191800 ns
[107.327s][info][gc       ] GC(1827) Pause Young (Allocation Failure) 710M->170M(993M) 0.977ms
[107.327s][info][safepoint] Safepoint "ParallelGCFailedAllocation", Time since last: 55574300 ns, Reaching safepoint: 137500 ns, At safepoint: 1059200 ns, Total: 1196700 ns
[107.396s][info][gc       ] GC(1828) Pause Young (Allocation Failure) 823M->172M(1126M) 0.887ms
[107.396s][info][safepoint] Safepoint "ParallelGCFailedAllocation", Time since last: 66962900 ns, Reaching safepoint: 221600 ns, At safepoint: 976300 ns, Total: 1197900 ns
[107.477s][info][gc       ] GC(1829) Pause Young (Allocation Failure) 953M->172M(1283M) 0.831ms
[107.477s][info][safepoint] Safepoint "ParallelGCFailedAllocation", Time since last: 80600400 ns, Reaching safepoint: 193500 ns, At safepoint: 919700 ns, Total: 1113200 ns
[107.575s][info][gc       ] GC(1830) Pause Young (Allocation Failure) 1112M->172M(1242M) 0.614ms
[107.575s][info][safepoint] Safepoint "ParallelGCFailedAllocation", Time since last: 97009700 ns, Reaching safepoint: 174000 ns, At safepoint: 701200 ns, Total: 875200 ns
[107.673s][info][gc       ] GC(1831) Pause Young (Allocation Failure) 1070M->172M(1199M) 1.357ms
[107.674s][info][safepoint] Safepoint "ParallelGCFailedAllocation", Time since last: 96633900 ns, Reaching safepoint: 212000 ns, At safepoint: 1438000 ns, Total: 1650000 ns
[107.766s][info][gc       ] GC(1832) Pause Young (Allocation Failure) 1032M->176M(1168M) 0.472ms
[107.766s][info][safepoint] Safepoint "ParallelGCFailedAllocation", Time since last: 91552700 ns, Reaching safepoint: 145000 ns, At safepoint: 572500 ns, Total: 717500 ns
[107.851s][info][gc       ] GC(1833) Pause Young (Allocation Failure) 996M->176M(1130M) 0.672ms
[107.851s][info][safepoint] Safepoint "ParallelGCFailedAllocation", Time since last: 84248200 ns, Reaching safepoint: 195400 ns, At safepoint: 768200 ns, Total: 963600 ns
[107.934s][info][gc       ] GC(1834) Pause Young (Allocation Failure) 963M->176M(1097M) 0.868ms
[107.935s][info][safepoint] Safepoint "ParallelGCFailedAllocation", Time since last: 82429800 ns, Reaching safepoint: 156200 ns, At safepoint: 979500 ns, Total: 1135700 ns
[108.014s][info][gc       ] GC(1835) Pause Young (Allocation Failure) 929M->174M(1063M) 0.626ms
[108.014s][info][safepoint] Safepoint "ParallelGCFailedAllocation", Time since last: 78900000 ns, Reaching safepoint: 186500 ns, At safepoint: 700100 ns, Total: 886600 ns
[108.090s][info][gc       ] GC(1836) Pause Young (Allocation Failure) 893M->176M(1034M) 0.528ms
[108.090s][info][safepoint] Safepoint "ParallelGCFailedAllocation", Time since last: 74885600 ns, Reaching safepoint: 153200 ns, At safepoint: 608300 ns, Total: 761500 ns
[108.163s][info][gc       ] GC(1837) Pause Young (Allocation Failure) 866M->176M(1005M) 0.888ms
[108.163s][info][safepoint] Safepoint "ParallelGCFailedAllocation", Time since last: 72145500 ns, Reaching safepoint: 136300 ns, At safepoint: 973200 ns, Total: 1109500 ns
[108.233s][info][gc       ] GC(1838) Pause Young (Allocation Failure) 837M->176M(978M) 1.006ms
[108.233s][info][safepoint] Safepoint "ParallelGCFailedAllocation", Time since last: 68362100 ns, Reaching safepoint: 156700 ns, At safepoint: 1089600 ns, Total: 1246300 ns
[108.299s][info][gc       ] GC(1839) Pause Young (Allocation Failure) 808M->176M(952M) 0.639ms
[108.299s][info][safepoint] Safepoint "ParallelGCFailedAllocation", Time since last: 65015600 ns, Reaching safepoint: 156200 ns, At safepoint: 721700 ns, Total: 877900 ns
[108.363s][info][gc       ] GC(1840) Pause Young (Allocation Failure) 781M->176M(927M) 0.601ms
[108.363s][info][safepoint] Safepoint "ParallelGCFailedAllocation", Time since last: 63118100 ns, Reaching safepoint: 124100 ns, At safepoint: 709700 ns, Total: 833800 ns
[108.424s][info][gc       ] GC(1841) Pause Young (Allocation Failure) 759M->176M(903M) 0.518ms
[108.424s][info][safepoint] Safepoint "ParallelGCFailedAllocation", Time since last: 60083200 ns, Reaching safepoint: 186100 ns, At safepoint: 570200 ns, Total: 756300 ns
[108.483s][info][gc       ] GC(1842) Pause Young (Allocation Failure) 736M->174M(879M) 0.639ms
[108.483s][info][safepoint] Safepoint "ParallelGCFailedAllocation", Time since last: 58524800 ns, Reaching safepoint: 208200 ns, At safepoint: 708600 ns, Total: 916800 ns
[108.540s][info][gc       ] GC(1843) Pause Young (Allocation Failure) 711M->176M(859M) 0.857ms
[108.540s][info][safepoint] Safepoint "ParallelGCFailedAllocation", Time since last: 56105800 ns, Reaching safepoint: 199700 ns, At safepoint: 939800 ns, Total: 1139500 ns
[108.595s][info][gc       ] GC(1844) Pause Young (Allocation Failure) 692M->176M(963M) 1.167ms
[108.595s][info][safepoint] Safepoint "ParallelGCFailedAllocation", Time since last: 53373400 ns, Reaching safepoint: 247500 ns, At safepoint: 1240300 ns, Total: 1487800 ns
[108.661s][info][gc       ] GC(1845) Pause Young (Allocation Failure) 794M->176M(1087M) 0.669ms
[108.661s][info][safepoint] Safepoint "ParallelGCFailedAllocation", Time since last: 65208000 ns, Reaching safepoint: 183700 ns, At safepoint: 785100 ns, Total: 968800 ns
[108.740s][info][gc       ] GC(1846) Pause Young (Allocation Failure) 918M->176M(1055M) 0.601ms
[108.740s][info][safepoint] Safepoint "ParallelGCFailedAllocation", Time since last: 78414900 ns, Reaching safepoint: 132600 ns, At safepoint: 674700 ns, Total: 807300 ns
[108.815s][info][gc       ] GC(1847) Pause Young (Allocation Failure) 888M->176M(1196M) 0.992ms
[108.815s][info][safepoint] Safepoint "ParallelGCFailedAllocation", Time since last: 73412100 ns, Reaching safepoint: 135100 ns, At safepoint: 1077300 ns, Total: 1212400 ns
[108.907s][info][gc       ] GC(1848) Pause Young (Allocation Failure) 1031M->178M(1161M) 0.618ms
[108.907s][info][safepoint] Safepoint "ParallelGCFailedAllocation", Time since last: 90572100 ns, Reaching safepoint: 203500 ns, At safepoint: 727700 ns, Total: 931200 ns
[108.994s][info][gc       ] GC(1849) Pause Young (Allocation Failure) 995M->178M(1126M) 0.572ms
[108.994s][info][safepoint] Safepoint "ParallelGCFailedAllocation", Time since last: 86553200 ns, Reaching safepoint: 117300 ns, At safepoint: 646800 ns, Total: 764100 ns
[109.078s][info][gc       ] GC(1850) Pause Young (Allocation Failure) 961M->178M(1092M) 1.060ms
[109.079s][info][safepoint] Safepoint "ParallelGCFailedAllocation", Time since last: 83249800 ns, Reaching safepoint: 183800 ns, At safepoint: 1149700 ns, Total: 1333500 ns
[109.157s][info][gc       ] GC(1851) Pause Young (Allocation Failure) 925M->178M(1058M) 1.017ms
[109.157s][info][safepoint] Safepoint "ParallelGCFailedAllocation", Time since last: 77355200 ns, Reaching safepoint: 220100 ns, At safepoint: 1098000 ns, Total: 1318100 ns
[109.237s][info][gc       ] GC(1852) Pause Young (Allocation Failure) 895M->180M(1030M) 0.906ms
[109.237s][info][safepoint] Safepoint "ParallelGCFailedAllocation", Time since last: 79074300 ns, Reaching safepoint: 138500 ns, At safepoint: 999300 ns, Total: 1137800 ns
[109.314s][info][gc       ] GC(1853) Pause Young (Allocation Failure) 866M->180M(1001M) 0.648ms
[109.314s][info][safepoint] Safepoint "ParallelGCFailedAllocation", Time since last: 75463500 ns, Reaching safepoint: 207500 ns, At safepoint: 730600 ns, Total: 938100 ns
[109.383s][info][gc       ] GC(1854) Pause Young (Allocation Failure) 838M->180M(974M) 0.932ms
[109.383s][info][safepoint] Safepoint "ParallelGCFailedAllocation", Time since last: 67679500 ns, Reaching safepoint: 195000 ns, At safepoint: 1007700 ns, Total: 1202700 ns
[109.449s][info][gc       ] GC(1855) Pause Young (Allocation Failure) 807M->180M(1098M) 0.970ms
[109.449s][info][safepoint] Safepoint "ParallelGCFailedAllocation", Time since last: 64807300 ns, Reaching safepoint: 206700 ns, At safepoint: 1053800 ns, Total: 1260500 ns
[109.529s][info][gc       ] GC(1856) Pause Young (Allocation Failure) 937M->182M(1252M) 0.831ms
[109.529s][info][safepoint] Safepoint "ParallelGCFailedAllocation", Time since last: 79404600 ns, Reaching safepoint: 190700 ns, At safepoint: 915400 ns, Total: 1106100 ns
[109.625s][info][gc       ] GC(1857) Pause Young (Allocation Failure) 1087M->182M(1212M) 0.589ms
[109.625s][info][safepoint] Safepoint "ParallelGCFailedAllocation", Time since last: 94969700 ns, Reaching safepoint: 83100 ns, At safepoint: 713500 ns, Total: 796600 ns
[109.718s][info][gc       ] GC(1858) Pause Young (Allocation Failure) 1051M->180M(1173M) 0.640ms
[109.718s][info][safepoint] Safepoint "ParallelGCFailedAllocation", Time since last: 91751400 ns, Reaching safepoint: 198900 ns, At safepoint: 715000 ns, Total: 913900 ns
[109.806s][info][gc       ] GC(1859) Pause Young (Allocation Failure) 1009M->182M(1139M) 0.621ms
[109.806s][info][safepoint] Safepoint "ParallelGCFailedAllocation", Time since last: 87581300 ns, Reaching safepoint: 139600 ns, At safepoint: 709100 ns, Total: 848700 ns
[109.890s][info][gc       ] GC(1860) Pause Young (Allocation Failure) 977M->180M(1103M) 0.793ms
[109.891s][info][safepoint] Safepoint "ParallelGCFailedAllocation", Time since last: 83235400 ns, Reaching safepoint: 218900 ns, At safepoint: 945600 ns, Total: 1164500 ns
[109.971s][info][gc       ] GC(1861) Pause Young (Allocation Failure) 942M->182M(1072M) 0.667ms
[109.971s][info][safepoint] Safepoint "ParallelGCFailedAllocation", Time since last: 79643100 ns, Reaching safepoint: 206100 ns, At safepoint: 777300 ns, Total: 983400 ns
[110.048s][info][gc       ] GC(1862) Pause Young (Allocation Failure) 910M->180M(1039M) 0.677ms
[110.048s][info][safepoint] Safepoint "ParallelGCFailedAllocation", Time since last: 76158700 ns, Reaching safepoint: 188300 ns, At safepoint: 766600 ns, Total: 954900 ns
[110.122s][info][gc       ] GC(1863) Pause Young (Allocation Failure) 878M->182M(1012M) 0.883ms
[110.122s][info][safepoint] Safepoint "ParallelGCFailedAllocation", Time since last: 72472200 ns, Reaching safepoint: 154500 ns, At safepoint: 986000 ns, Total: 1140500 ns
[110.194s][info][gc       ] GC(1864) Pause Young (Allocation Failure) 850M->182M(984M) 0.863ms
[110.194s][info][safepoint] Safepoint "ParallelGCFailedAllocation", Time since last: 71114300 ns, Reaching safepoint: 131600 ns, At safepoint: 944600 ns, Total: 1076200 ns
[110.262s][info][gc       ] GC(1865) Pause Young (Allocation Failure) 819M->182M(955M) 1.051ms
[110.262s][info][safepoint] Safepoint "ParallelGCFailedAllocation", Time since last: 66420500 ns, Reaching safepoint: 148800 ns, At safepoint: 1137700 ns, Total: 1286500 ns
[110.326s][info][gc       ] GC(1866) Pause Young (Allocation Failure) 796M->184M(932M) 0.752ms
[110.326s][info][safepoint] Safepoint "ParallelGCFailedAllocation", Time since last: 63704400 ns, Reaching safepoint: 162200 ns, At safepoint: 832200 ns, Total: 994400 ns
[110.389s][info][gc       ] GC(1867) Pause Young (Allocation Failure) 771M->184M(1050M) 0.894ms
[110.389s][info][safepoint] Safepoint "ParallelGCFailedAllocation", Time since last: 61467000 ns, Reaching safepoint: 128200 ns, At safepoint: 972600 ns, Total: 1100800 ns
[110.462s][info][gc       ] GC(1868) Pause Young (Allocation Failure) 889M->184M(1021M) 0.798ms
[110.462s][info][safepoint] Safepoint "ParallelGCFailedAllocation", Time since last: 72169000 ns, Reaching safepoint: 197200 ns, At safepoint: 939900 ns, Total: 1137100 ns
[110.532s][info][gc       ] GC(1869) Pause Young (Allocation Failure) 860M->182M(990M) 0.701ms
[110.532s][info][safepoint] Safepoint "ParallelGCFailedAllocation", Time since last: 68993100 ns, Reaching safepoint: 249700 ns, At safepoint: 792700 ns, Total: 1042400 ns
[110.600s][info][gc       ] GC(1870) Pause Young (Allocation Failure) 830M->184M(965M) 0.786ms
[110.600s][info][safepoint] Safepoint "ParallelGCFailedAllocation", Time since last: 66382000 ns, Reaching safepoint: 198700 ns, At safepoint: 863300 ns, Total: 1062000 ns
[110.666s][info][gc       ] GC(1871) Pause Young (Allocation Failure) 805M->182M(938M) 0.601ms
[110.666s][info][safepoint] Safepoint "ParallelGCFailedAllocation", Time since last: 64907900 ns, Reaching safepoint: 184600 ns, At safepoint: 733800 ns, Total: 918400 ns
[110.729s][info][gc       ] GC(1872) Pause Young (Allocation Failure) 778M->182M(913M) 0.636ms
[110.729s][info][safepoint] Safepoint "ParallelGCFailedAllocation", Time since last: 62567100 ns, Reaching safepoint: 205500 ns, At safepoint: 707700 ns, Total: 913200 ns
[110.789s][info][gc       ] GC(1873) Pause Young (Allocation Failure) 754M->184M(892M) 0.647ms
[110.789s][info][safepoint] Safepoint "ParallelGCFailedAllocation", Time since last: 59086000 ns, Reaching safepoint: 219100 ns, At safepoint: 730600 ns, Total: 949700 ns
[110.847s][info][gc       ] GC(1874) Pause Young (Allocation Failure) 732M->184M(870M) 0.909ms
[110.847s][info][safepoint] Safepoint "ParallelGCFailedAllocation", Time since last: 57029800 ns, Reaching safepoint: 229600 ns, At safepoint: 995500 ns, Total: 1225100 ns
[110.904s][info][gc       ] GC(1875) Pause Young (Allocation Failure) 709M->184M(849M) 0.585ms
[110.904s][info][safepoint] Safepoint "ParallelGCFailedAllocation", Time since last: 55749800 ns, Reaching safepoint: 205000 ns, At safepoint: 669600 ns, Total: 874600 ns
[110.959s][info][gc       ] GC(1876) Pause Young (Allocation Failure) 690M->184M(829M) 0.675ms
[110.959s][info][safepoint] Safepoint "ParallelGCFailedAllocation", Time since last: 54375100 ns, Reaching safepoint: 168500 ns, At safepoint: 759000 ns, Total: 927500 ns
[111.010s][info][gc       ] GC(1877) Pause Young (Allocation Failure) 667M->184M(810M) 0.512ms
[111.010s][info][safepoint] Safepoint "ParallelGCFailedAllocation", Time since last: 49988400 ns, Reaching safepoint: 185600 ns, At safepoint: 598900 ns, Total: 784500 ns
[111.058s][info][gc       ] GC(1878) Pause Young (Allocation Failure) 650M->184M(904M) 0.885ms
[111.058s][info][safepoint] Safepoint "ParallelGCFailedAllocation", Time since last: 46481100 ns, Reaching safepoint: 199300 ns, At safepoint: 983700 ns, Total: 1183000 ns
[111.114s][info][gc       ] GC(1879) Pause Young (Allocation Failure) 744M->184M(1016M) 0.770ms
[111.114s][info][safepoint] Safepoint "ParallelGCFailedAllocation", Time since last: 55108300 ns, Reaching safepoint: 178400 ns, At safepoint: 859100 ns, Total: 1037500 ns
[111.182s][info][gc       ] GC(1880) Pause Young (Allocation Failure) 857M->184M(1151M) 1.178ms
[111.182s][info][safepoint] Safepoint "ParallelGCFailedAllocation", Time since last: 66213600 ns, Reaching safepoint: 383200 ns, At safepoint: 1268800 ns, Total: 1652000 ns
[111.268s][info][gc       ] GC(1881) Pause Young (Allocation Failure) 991M->182M(1244M) 0.664ms
[111.268s][info][safepoint] Safepoint "ParallelGCFailedAllocation", Time since last: 85106900 ns, Reaching safepoint: 162500 ns, At safepoint: 739600 ns, Total: 902100 ns
[111.364s][info][gc       ] GC(1882) Pause Young (Allocation Failure) 1082M->182M(1203M) 0.935ms
[111.364s][info][safepoint] Safepoint "ParallelGCFailedAllocation", Time since last: 95373500 ns, Reaching safepoint: 126700 ns, At safepoint: 1021400 ns, Total: 1148100 ns
[111.453s][info][gc       ] GC(1883) Pause Young (Allocation Failure) 1044M->184M(1168M) 0.583ms
[111.454s][info][safepoint] Safepoint "ParallelGCFailedAllocation", Time since last: 88429600 ns, Reaching safepoint: 121600 ns, At safepoint: 658000 ns, Total: 779600 ns
[111.539s][info][gc       ] GC(1884) Pause Young (Allocation Failure) 1008M->182M(1130M) 0.639ms
[111.539s][info][safepoint] Safepoint "ParallelGCFailedAllocation", Time since last: 84625400 ns, Reaching safepoint: 215800 ns, At safepoint: 718400 ns, Total: 934200 ns
[111.623s][info][gc       ] GC(1885) Pause Young (Allocation Failure) 970M->182M(1096M) 0.709ms
[111.623s][info][safepoint] Safepoint "ParallelGCFailedAllocation", Time since last: 82772400 ns, Reaching safepoint: 199800 ns, At safepoint: 811200 ns, Total: 1011000 ns
[111.702s][info][gc       ] GC(1886) Pause Young (Allocation Failure) 935M->184M(1066M) 0.559ms
[111.702s][info][safepoint] Safepoint "ParallelGCFailedAllocation", Time since last: 78099400 ns, Reaching safepoint: 139000 ns, At safepoint: 638000 ns, Total: 777000 ns
[111.778s][info][gc       ] GC(1887) Pause Young (Allocation Failure) 905M->184M(1036M) 0.647ms
[111.778s][info][safepoint] Safepoint "ParallelGCFailedAllocation", Time since last: 75210300 ns, Reaching safepoint: 129900 ns, At safepoint: 754200 ns, Total: 884100 ns
[111.850s][info][gc       ] GC(1888) Pause Young (Allocation Failure) 874M->184M(1007M) 0.618ms
[111.850s][info][safepoint] Safepoint "ParallelGCFailedAllocation", Time since last: 71662900 ns, Reaching safepoint: 196000 ns, At safepoint: 715400 ns, Total: 911400 ns
[111.920s][info][gc       ] GC(1889) Pause Young (Allocation Failure) 845M->184M(979M) 0.533ms
[111.920s][info][safepoint] Safepoint "ParallelGCFailedAllocation", Time since last: 69307900 ns, Reaching safepoint: 124500 ns, At safepoint: 603700 ns, Total: 728200 ns
[111.985s][info][gc       ] GC(1890) Pause Young (Allocation Failure) 820M->182M(951M) 0.712ms
[111.985s][info][safepoint] Safepoint "ParallelGCFailedAllocation", Time since last: 63826800 ns, Reaching safepoint: 248200 ns, At safepoint: 798600 ns, Total: 1046800 ns
[112.050s][info][gc       ] GC(1891) Pause Young (Allocation Failure) 791M->184M(928M) 0.825ms
[112.050s][info][safepoint] Safepoint "ParallelGCFailedAllocation", Time since last: 63178100 ns, Reaching safepoint: 138300 ns, At safepoint: 959900 ns, Total: 1098200 ns
[112.112s][info][gc       ] GC(1892) Pause Young (Allocation Failure) 768M->184M(904M) 0.860ms
[112.112s][info][safepoint] Safepoint "ParallelGCFailedAllocation", Time since last: 61264800 ns, Reaching safepoint: 172700 ns, At safepoint: 968500 ns, Total: 1141200 ns
[112.171s][info][gc       ] GC(1893) Pause Young (Allocation Failure) 743M->184M(881M) 0.865ms
[112.171s][info][safepoint] Safepoint "ParallelGCFailedAllocation", Time since last: 57955900 ns, Reaching safepoint: 197600 ns, At safepoint: 942700 ns, Total: 1140300 ns
[112.231s][info][gc       ] GC(1894) Pause Young (Allocation Failure) 720M->184M(860M) 0.783ms
[112.232s][info][safepoint] Safepoint "ParallelGCFailedAllocation", Time since last: 59378800 ns, Reaching safepoint: 135100 ns, At safepoint: 984800 ns, Total: 1119900 ns
[112.289s][info][gc       ] GC(1895) Pause Young (Allocation Failure) 699M->182M(961M) 1.004ms
[112.290s][info][safepoint] Safepoint "ParallelGCFailedAllocation", Time since last: 56641300 ns, Reaching safepoint: 156900 ns, At safepoint: 1130600 ns, Total: 1287500 ns
[112.355s][info][gc       ] GC(1896) Pause Young (Allocation Failure) 800M->184M(1088M) 0.749ms
[112.355s][info][safepoint] Safepoint "ParallelGCFailedAllocation", Time since last: 64300200 ns, Reaching safepoint: 138800 ns, At safepoint: 841900 ns, Total: 980700 ns
[112.434s][info][gc       ] GC(1897) Pause Young (Allocation Failure) 928M->182M(1054M) 0.657ms
[112.434s][info][safepoint] Safepoint "ParallelGCFailedAllocation", Time since last: 78119900 ns, Reaching safepoint: 214900 ns, At safepoint: 743400 ns, Total: 958300 ns
[112.508s][info][gc       ] GC(1898) Pause Young (Allocation Failure) 895M->184M(1026M) 0.806ms
[112.508s][info][safepoint] Safepoint "ParallelGCFailedAllocation", Time since last: 72877600 ns, Reaching safepoint: 205800 ns, At safepoint: 889100 ns, Total: 1094900 ns
[112.579s][info][gc       ] GC(1899) Pause Young (Allocation Failure) 864M->184M(998M) 0.655ms
[112.579s][info][safepoint] Safepoint "ParallelGCFailedAllocation", Time since last: 69966500 ns, Reaching safepoint: 150400 ns, At safepoint: 755700 ns, Total: 906100 ns
[112.648s][info][gc       ] GC(1900) Pause Young (Allocation Failure) 837M->182M(969M) 0.595ms
[112.648s][info][safepoint] Safepoint "ParallelGCFailedAllocation", Time since last: 68419400 ns, Reaching safepoint: 208300 ns, At safepoint: 687600 ns, Total: 895900 ns
[112.716s][info][gc       ] GC(1901) Pause Young (Allocation Failure) 809M->184M(945M) 0.672ms
[112.716s][info][safepoint] Safepoint "ParallelGCFailedAllocation", Time since last: 66649800 ns, Reaching safepoint: 221200 ns, At safepoint: 750200 ns, Total: 971400 ns
[112.779s][info][gc       ] GC(1902) Pause Young (Allocation Failure) 785M->184M(920M) 0.734ms
[112.779s][info][safepoint] Safepoint "ParallelGCFailedAllocation", Time since last: 62710900 ns, Reaching safepoint: 190600 ns, At safepoint: 857800 ns, Total: 1048400 ns
[112.839s][info][gc       ] GC(1903) Pause Young (Allocation Failure) 761M->184M(897M) 0.577ms
[112.839s][info][safepoint] Safepoint "ParallelGCFailedAllocation", Time since last: 59092600 ns, Reaching safepoint: 151400 ns, At safepoint: 660000 ns, Total: 811400 ns
[112.897s][info][gc       ] GC(1904) Pause Young (Allocation Failure) 737M->184M(874M) 0.855ms
[112.897s][info][safepoint] Safepoint "ParallelGCFailedAllocation", Time since last: 57010000 ns, Reaching safepoint: 191400 ns, At safepoint: 930900 ns, Total: 1122300 ns
[112.953s][info][gc       ] GC(1905) Pause Young (Allocation Failure) 714M->184M(853M) 0.576ms
[112.953s][info][safepoint] Safepoint "ParallelGCFailedAllocation", Time since last: 54658800 ns, Reaching safepoint: 128200 ns, At safepoint: 720900 ns, Total: 849100 ns
[113.008s][info][gc       ] GC(1906) Pause Young (Allocation Failure) 693M->182M(831M) 0.742ms
[113.008s][info][safepoint] Safepoint "ParallelGCFailedAllocation", Time since last: 53747200 ns, Reaching safepoint: 190400 ns, At safepoint: 812500 ns, Total: 1002900 ns
[113.062s][info][gc       ] GC(1907) Pause Young (Allocation Failure) 672M->184M(814M) 0.564ms
[113.062s][info][safepoint] Safepoint "ParallelGCFailedAllocation", Time since last: 53103900 ns, Reaching safepoint: 128200 ns, At safepoint: 704400 ns, Total: 832600 ns
[113.111s][info][gc       ] GC(1908) Pause Young (Allocation Failure) 654M->184M(909M) 1.025ms
[113.112s][info][safepoint] Safepoint "ParallelGCFailedAllocation", Time since last: 48555000 ns, Reaching safepoint: 179900 ns, At safepoint: 1234200 ns, Total: 1414100 ns
[113.172s][info][gc       ] GC(1909) Pause Young (Allocation Failure) 749M->184M(1019M) 1.458ms
[113.172s][info][safepoint] Safepoint "ParallelGCFailedAllocation", Time since last: 58326100 ns, Reaching safepoint: 234200 ns, At safepoint: 1551100 ns, Total: 1785300 ns
[113.243s][info][gc       ] GC(1910) Pause Young (Allocation Failure) 863M->187M(1160M) 0.761ms
[113.243s][info][safepoint] Safepoint "ParallelGCFailedAllocation", Time since last: 70435600 ns, Reaching safepoint: 130600 ns, At safepoint: 843200 ns, Total: 973800 ns
[113.330s][info][gc       ] GC(1911) Pause Young (Allocation Failure) 1001M->187M(1177M) 0.795ms
[113.330s][info][safepoint] Safepoint "ParallelGCFailedAllocation", Time since last: 86136700 ns, Reaching safepoint: 180300 ns, At safepoint: 878600 ns, Total: 1058900 ns
[113.421s][info][gc       ] GC(1912) Pause Young (Allocation Failure) 1018M->186M(1177M) 0.625ms
[113.421s][info][safepoint] Safepoint "ParallelGCFailedAllocation", Time since last: 89977700 ns, Reaching safepoint: 139600 ns, At safepoint: 704800 ns, Total: 844400 ns
[113.508s][info][gc       ] GC(1913) Pause Young (Allocation Failure) 1017M->187M(1344M) 1.224ms
[113.508s][info][safepoint] Safepoint "ParallelGCFailedAllocation", Time since last: 84974200 ns, Reaching safepoint: 209800 ns, At safepoint: 1319500 ns, Total: 1529300 ns
[113.636s][info][gc       ] GC(1914) Pause Young (Allocation Failure) 1185M->187M(1344M) 1.315ms
[113.636s][info][safepoint] Safepoint "ParallelGCFailedAllocation", Time since last: 126615400 ns, Reaching safepoint: 135400 ns, At safepoint: 1434200 ns, Total: 1569600 ns
[113.740s][info][gc       ] GC(1915) Pause Young (Allocation Failure) 1185M->187M(1544M) 1.285ms
[113.740s][info][safepoint] Safepoint "ParallelGCFailedAllocation", Time since last: 103039300 ns, Reaching safepoint: 126900 ns, At safepoint: 1394700 ns, Total: 1521600 ns
[113.893s][info][gc       ] GC(1916) Pause Young (Allocation Failure) 1385M->187M(1488M) 1.098ms
[113.894s][info][safepoint] Safepoint "ParallelGCFailedAllocation", Time since last: 151729200 ns, Reaching safepoint: 182700 ns, At safepoint: 1185000 ns, Total: 1367700 ns
[114.012s][info][gc       ] GC(1917) Pause Young (Allocation Failure) 1329M->187M(1434M) 1.143ms
[114.012s][info][safepoint] Safepoint "ParallelGCFailedAllocation", Time since last: 117034300 ns, Reaching safepoint: 122700 ns, At safepoint: 1259200 ns, Total: 1381900 ns
[114.127s][info][gc       ] GC(1918) Pause Young (Allocation Failure) 1281M->187M(1386M) 0.637ms
[114.127s][info][safepoint] Safepoint "ParallelGCFailedAllocation", Time since last: 113809700 ns, Reaching safepoint: 204200 ns, At safepoint: 708100 ns, Total: 912300 ns
[114.239s][info][gc       ] GC(1919) Pause Young (Allocation Failure) 1232M->189M(1341M) 0.925ms
[114.239s][info][safepoint] Safepoint "ParallelGCFailedAllocation", Time since last: 111507200 ns, Reaching safepoint: 221800 ns, At safepoint: 996800 ns, Total: 1218600 ns
[114.343s][info][gc       ] GC(1920) Pause Young (Allocation Failure) 1186M->189M(1297M) 0.689ms
[114.343s][info][safepoint] Safepoint "ParallelGCFailedAllocation", Time since last: 102434900 ns, Reaching safepoint: 148700 ns, At safepoint: 770700 ns, Total: 919400 ns
[114.446s][info][gc       ] GC(1921) Pause Young (Allocation Failure) 1141M->189M(1255M) 0.559ms
[114.446s][info][safepoint] Safepoint "ParallelGCFailedAllocation", Time since last: 102191900 ns, Reaching safepoint: 167800 ns, At safepoint: 642900 ns, Total: 810700 ns
[114.541s][info][gc       ] GC(1922) Pause Young (Allocation Failure) 1101M->187M(1213M) 0.685ms
[114.541s][info][safepoint] Safepoint "ParallelGCFailedAllocation", Time since last: 94628300 ns, Reaching safepoint: 189100 ns, At safepoint: 777500 ns, Total: 966600 ns
[114.633s][info][gc       ] GC(1923) Pause Young (Allocation Failure) 1060M->189M(1177M) 0.702ms
[114.633s][info][safepoint] Safepoint "ParallelGCFailedAllocation", Time since last: 90584700 ns, Reaching safepoint: 121700 ns, At safepoint: 772800 ns, Total: 894500 ns
[114.722s][info][gc       ] GC(1924) Pause Young (Allocation Failure) 1023M->189M(1141M) 0.652ms
[114.722s][info][safepoint] Safepoint "ParallelGCFailedAllocation", Time since last: 87875200 ns, Reaching safepoint: 185600 ns, At safepoint: 737200 ns, Total: 922800 ns
[114.806s][info][gc       ] GC(1925) Pause Young (Allocation Failure) 986M->187M(1105M) 0.582ms
[114.806s][info][safepoint] Safepoint "ParallelGCFailedAllocation", Time since last: 83925000 ns, Reaching safepoint: 216800 ns, At safepoint: 659800 ns, Total: 876600 ns
[114.889s][info][gc       ] GC(1926) Pause Young (Allocation Failure) 951M->189M(1075M) 0.703ms
[114.889s][info][safepoint] Safepoint "ParallelGCFailedAllocation", Time since last: 81534900 ns, Reaching safepoint: 192900 ns, At safepoint: 783900 ns, Total: 976800 ns
[114.967s][info][gc       ] GC(1927) Pause Young (Allocation Failure) 920M->189M(1044M) 0.548ms
[114.967s][info][safepoint] Safepoint "ParallelGCFailedAllocation", Time since last: 77517200 ns, Reaching safepoint: 169100 ns, At safepoint: 623700 ns, Total: 792800 ns
[115.044s][info][gc       ] GC(1928) Pause Young (Allocation Failure) 889M->189M(1014M) 0.775ms
[115.044s][info][safepoint] Safepoint "ParallelGCFailedAllocation", Time since last: 75977000 ns, Reaching safepoint: 130000 ns, At safepoint: 914600 ns, Total: 1044600 ns
[115.117s][info][gc       ] GC(1929) Pause Young (Allocation Failure) 860M->189M(986M) 0.603ms
[115.117s][info][safepoint] Safepoint "ParallelGCFailedAllocation", Time since last: 71993400 ns, Reaching safepoint: 193100 ns, At safepoint: 695600 ns, Total: 888700 ns
[115.185s][info][gc       ] GC(1930) Pause Young (Allocation Failure) 833M->189M(960M) 1.077ms
[115.185s][info][safepoint] Safepoint "ParallelGCFailedAllocation", Time since last: 66465700 ns, Reaching safepoint: 123300 ns, At safepoint: 1156800 ns, Total: 1280100 ns
[115.250s][info][gc       ] GC(1931) Pause Young (Allocation Failure) 805M->189M(934M) 0.807ms
[115.250s][info][safepoint] Safepoint "ParallelGCFailedAllocation", Time since last: 64181400 ns, Reaching safepoint: 200600 ns, At safepoint: 893100 ns, Total: 1093700 ns
[115.312s][info][gc       ] GC(1932) Pause Young (Allocation Failure) 778M->189M(910M) 0.831ms
[115.312s][info][safepoint] Safepoint "ParallelGCFailedAllocation", Time since last: 60490700 ns, Reaching safepoint: 231200 ns, At safepoint: 1028800 ns, Total: 1260000 ns
[115.373s][info][gc       ] GC(1933) Pause Young (Allocation Failure) 757M->189M(1024M) 0.844ms
[115.373s][info][safepoint] Safepoint "ParallelGCFailedAllocation", Time since last: 59955500 ns, Reaching safepoint: 147800 ns, At safepoint: 995800 ns, Total: 1143600 ns
[115.445s][info][gc       ] GC(1934) Pause Young (Allocation Failure) 870M->189M(1160M) 1.013ms
[115.445s][info][safepoint] Safepoint "ParallelGCFailedAllocation", Time since last: 70702000 ns, Reaching safepoint: 136700 ns, At safepoint: 1107200 ns, Total: 1243900 ns
[115.530s][info][gc       ] GC(1935) Pause Young (Allocation Failure) 1006M->189M(1322M) 0.971ms
[115.530s][info][safepoint] Safepoint "ParallelGCFailedAllocation", Time since last: 84169000 ns, Reaching safepoint: 153500 ns, At safepoint: 1088500 ns, Total: 1242000 ns
[115.631s][info][gc       ] GC(1936) Pause Young (Allocation Failure) 1170M->191M(1281M) 0.580ms
[115.631s][info][safepoint] Safepoint "ParallelGCFailedAllocation", Time since last: 99815900 ns, Reaching safepoint: 219200 ns, At safepoint: 673800 ns, Total: 893000 ns
[115.729s][info][gc       ] GC(1937) Pause Young (Allocation Failure) 1129M->191M(1240M) 0.769ms
[115.729s][info][safepoint] Safepoint "ParallelGCFailedAllocation", Time since last: 96761700 ns, Reaching safepoint: 188100 ns, At safepoint: 884000 ns, Total: 1072100 ns
[115.823s][info][gc       ] GC(1938) Pause Young (Allocation Failure) 1088M->189M(1199M) 0.621ms
[115.823s][info][safepoint] Safepoint "ParallelGCFailedAllocation", Time since last: 92806800 ns, Reaching safepoint: 194700 ns, At safepoint: 693500 ns, Total: 888200 ns
[115.912s][info][gc       ] GC(1939) Pause Young (Allocation Failure) 1047M->189M(1162M) 0.897ms
[115.912s][info][safepoint] Safepoint "ParallelGCFailedAllocation", Time since last: 87852900 ns, Reaching safepoint: 122000 ns, At safepoint: 1037400 ns, Total: 1159400 ns
[116.001s][info][gc       ] GC(1940) Pause Young (Allocation Failure) 1010M->191M(1128M) 0.590ms
[116.001s][info][safepoint] Safepoint "ParallelGCFailedAllocation", Time since last: 88173600 ns, Reaching safepoint: 202900 ns, At safepoint: 668200 ns, Total: 871100 ns
[116.082s][info][gc       ] GC(1941) Pause Young (Allocation Failure) 976M->191M(1095M) 0.780ms
[116.082s][info][safepoint] Safepoint "ParallelGCFailedAllocation", Time since last: 79949000 ns, Reaching safepoint: 145800 ns, At safepoint: 856300 ns, Total: 1002100 ns
[116.160s][info][gc       ] GC(1942) Pause Young (Allocation Failure) 942M->191M(1063M) 0.882ms
[116.161s][info][safepoint] Safepoint "ParallelGCFailedAllocation", Time since last: 77833800 ns, Reaching safepoint: 113600 ns, At safepoint: 965900 ns, Total: 1079500 ns
[116.239s][info][gc       ] GC(1943) Pause Young (Allocation Failure) 910M->191M(1029M) 1.423ms
[116.239s][info][safepoint] Safepoint "ParallelGCFailedAllocation", Time since last: 76636100 ns, Reaching safepoint: 236200 ns, At safepoint: 1515300 ns, Total: 1751500 ns
[116.313s][info][gc       ] GC(1944) Pause Young (Allocation Failure) 879M->195M(1005M) 0.693ms
[116.313s][info][safepoint] Safepoint "ParallelGCFailedAllocation", Time since last: 73095600 ns, Reaching safepoint: 215700 ns, At safepoint: 824500 ns, Total: 1040200 ns
[116.385s][info][gc       ] GC(1945) Pause Young (Allocation Failure) 855M->193M(974M) 0.664ms
[116.386s][info][safepoint] Safepoint "ParallelGCFailedAllocation", Time since last: 71556900 ns, Reaching safepoint: 118300 ns, At safepoint: 802000 ns, Total: 920300 ns
[116.453s][info][gc       ] GC(1946) Pause Young (Allocation Failure) 826M->195M(950M) 0.869ms
[116.453s][info][safepoint] Safepoint "ParallelGCFailedAllocation", Time since last: 66371000 ns, Reaching safepoint: 130400 ns, At safepoint: 942000 ns, Total: 1072400 ns
[116.517s][info][gc       ] GC(1947) Pause Young (Allocation Failure) 801M->193M(923M) 0.674ms
[116.517s][info][safepoint] Safepoint "ParallelGCFailedAllocation", Time since last: 63242500 ns, Reaching safepoint: 127600 ns, At safepoint: 747000 ns, Total: 874600 ns
[116.579s][info][gc       ] GC(1948) Pause Young (Allocation Failure) 775M->193M(899M) 0.484ms
[116.579s][info][safepoint] Safepoint "ParallelGCFailedAllocation", Time since last: 60764400 ns, Reaching safepoint: 185700 ns, At safepoint: 553300 ns, Total: 739000 ns
[116.638s][info][gc       ] GC(1949) Pause Young (Allocation Failure) 752M->193M(877M) 0.622ms
[116.638s][info][safepoint] Safepoint "ParallelGCFailedAllocation", Time since last: 59000500 ns, Reaching safepoint: 158700 ns, At safepoint: 693500 ns, Total: 852200 ns
[116.695s][info][gc       ] GC(1950) Pause Young (Allocation Failure) 728M->193M(855M) 0.642ms
[116.695s][info][safepoint] Safepoint "ParallelGCFailedAllocation", Time since last: 55831700 ns, Reaching safepoint: 61100 ns, At safepoint: 723500 ns, Total: 784600 ns
[116.749s][info][gc       ] GC(1951) Pause Young (Allocation Failure) 706M->195M(837M) 0.657ms
[116.749s][info][safepoint] Safepoint "ParallelGCFailedAllocation", Time since last: 53173800 ns, Reaching safepoint: 68100 ns, At safepoint: 746700 ns, Total: 814800 ns
[116.801s][info][gc       ] GC(1952) Pause Young (Allocation Failure) 689M->193M(934M) 1.044ms
[116.801s][info][safepoint] Safepoint "ParallelGCFailedAllocation", Time since last: 51139100 ns, Reaching safepoint: 115800 ns, At safepoint: 1178500 ns, Total: 1294300 ns
[116.864s][info][gc       ] GC(1953) Pause Young (Allocation Failure) 784M->195M(912M) 0.646ms
[116.864s][info][safepoint] Safepoint "ParallelGCFailedAllocation", Time since last: 61561400 ns, Reaching safepoint: 183100 ns, At safepoint: 728900 ns, Total: 912000 ns
[116.925s][info][gc       ] GC(1954) Pause Young (Allocation Failure) 762M->195M(889M) 0.660ms
[116.925s][info][safepoint] Safepoint "ParallelGCFailedAllocation", Time since last: 60001500 ns, Reaching safepoint: 175900 ns, At safepoint: 748700 ns, Total: 924600 ns
[116.987s][info][gc       ] GC(1955) Pause Young (Allocation Failure) 739M->195M(867M) 0.557ms
[116.987s][info][safepoint] Safepoint "ParallelGCFailedAllocation", Time since last: 60925000 ns, Reaching safepoint: 215200 ns, At safepoint: 632200 ns, Total: 847400 ns
[117.043s][info][gc       ] GC(1956) Pause Young (Allocation Failure) 719M->195M(972M) 0.932ms
[117.043s][info][safepoint] Safepoint "ParallelGCFailedAllocation", Time since last: 55039000 ns, Reaching safepoint: 135200 ns, At safepoint: 1037400 ns, Total: 1172600 ns
[117.109s][info][gc       ] GC(1957) Pause Young (Allocation Failure) 824M->195M(1098M) 0.859ms
[117.109s][info][safepoint] Safepoint "ParallelGCFailedAllocation", Time since last: 65237000 ns, Reaching safepoint: 178100 ns, At safepoint: 945700 ns, Total: 1123800 ns
[117.192s][info][gc       ] GC(1958) Pause Young (Allocation Failure) 949M->195M(1249M) 0.903ms
[117.192s][info][safepoint] Safepoint "ParallelGCFailedAllocation", Time since last: 81739100 ns, Reaching safepoint: 145600 ns, At safepoint: 1054900 ns, Total: 1200500 ns
[117.287s][info][gc       ] GC(1959) Pause Young (Allocation Failure) 1099M->195M(1209M) 0.655ms
[117.287s][info][safepoint] Safepoint "ParallelGCFailedAllocation", Time since last: 93726800 ns, Reaching safepoint: 171800 ns, At safepoint: 741400 ns, Total: 913200 ns
[117.376s][info][gc       ] GC(1960) Pause Young (Allocation Failure) 1058M->195M(1172M) 0.656ms
[117.376s][info][safepoint] Safepoint "ParallelGCFailedAllocation", Time since last: 88643000 ns, Reaching safepoint: 143800 ns, At safepoint: 730100 ns, Total: 873900 ns
[117.463s][info][gc       ] GC(1961) Pause Young (Allocation Failure) 1023M->195M(1136M) 0.913ms
[117.463s][info][safepoint] Safepoint "ParallelGCFailedAllocation", Time since last: 85813300 ns, Reaching safepoint: 192100 ns, At safepoint: 989700 ns, Total: 1181800 ns
[117.547s][info][gc       ] GC(1962) Pause Young (Allocation Failure) 987M->195M(1102M) 0.911ms
[117.547s][info][safepoint] Safepoint "ParallelGCFailedAllocation", Time since last: 82581300 ns, Reaching safepoint: 168800 ns, At safepoint: 998800 ns, Total: 1167600 ns
[117.626s][info][gc       ] GC(1963) Pause Young (Allocation Failure) 954M->195M(1070M) 0.575ms
[117.626s][info][safepoint] Safepoint "ParallelGCFailedAllocation", Time since last: 78315700 ns, Reaching safepoint: 116900 ns, At safepoint: 689600 ns, Total: 806500 ns
[117.704s][info][gc       ] GC(1964) Pause Young (Allocation Failure) 919M->195M(1039M) 0.614ms
[117.704s][info][safepoint] Safepoint "ParallelGCFailedAllocation", Time since last: 76725400 ns, Reaching safepoint: 175100 ns, At safepoint: 679300 ns, Total: 854400 ns
[117.777s][info][gc       ] GC(1965) Pause Young (Allocation Failure) 891M->195M(1010M) 0.737ms
[117.777s][info][safepoint] Safepoint "ParallelGCFailedAllocation", Time since last: 72226700 ns, Reaching safepoint: 171200 ns, At safepoint: 815400 ns, Total: 986600 ns
[117.846s][info][gc       ] GC(1966) Pause Young (Allocation Failure) 862M->195M(982M) 0.670ms
[117.846s][info][safepoint] Safepoint "ParallelGCFailedAllocation", Time since last: 68328100 ns, Reaching safepoint: 123600 ns, At safepoint: 753000 ns, Total: 876600 ns
[117.913s][info][gc       ] GC(1967) Pause Young (Allocation Failure) 834M->195M(954M) 0.909ms
[117.913s][info][safepoint] Safepoint "ParallelGCFailedAllocation", Time since last: 65563400 ns, Reaching safepoint: 126100 ns, At safepoint: 997400 ns, Total: 1123500 ns
[117.978s][info][gc       ] GC(1968) Pause Young (Allocation Failure) 806M->197M(1079M) 1.131ms
[117.978s][info][safepoint] Safepoint "ParallelGCFailedAllocation", Time since last: 64008300 ns, Reaching safepoint: 173800 ns, At safepoint: 1215800 ns, Total: 1389600 ns
[118.056s][info][gc       ] GC(1969) Pause Young (Allocation Failure) 932M->195M(1046M) 0.643ms
[118.056s][info][safepoint] Safepoint "ParallelGCFailedAllocation", Time since last: 76767300 ns, Reaching safepoint: 192900 ns, At safepoint: 743100 ns, Total: 936000 ns
[118.131s][info][gc       ] GC(1970) Pause Young (Allocation Failure) 898M->197M(1018M) 0.547ms
[118.131s][info][safepoint] Safepoint "ParallelGCFailedAllocation", Time since last: 74422600 ns, Reaching safepoint: 129100 ns, At safepoint: 623900 ns, Total: 753000 ns
[118.202s][info][gc       ] GC(1971) Pause Young (Allocation Failure) 872M->197M(990M) 0.841ms
[118.202s][info][safepoint] Safepoint "ParallelGCFailedAllocation", Time since last: 69420800 ns, Reaching safepoint: 196800 ns, At safepoint: 935100 ns, Total: 1131900 ns
[118.273s][info][gc       ] GC(1972) Pause Young (Allocation Failure) 841M->197M(963M) 0.653ms
[118.273s][info][safepoint] Safepoint "ParallelGCFailedAllocation", Time since last: 70264200 ns, Reaching safepoint: 203400 ns, At safepoint: 765500 ns, Total: 968900 ns
[118.338s][info][gc       ] GC(1973) Pause Young (Allocation Failure) 817M->197M(1084M) 1.393ms
[118.338s][info][safepoint] Safepoint "ParallelGCFailedAllocation", Time since last: 63221900 ns, Reaching safepoint: 130400 ns, At safepoint: 1473000 ns, Total: 1603400 ns
[118.415s][info][gc       ] GC(1974) Pause Young (Allocation Failure) 941M->199M(1058M) 0.451ms
[118.415s][info][safepoint] Safepoint "ParallelGCFailedAllocation", Time since last: 76538400 ns, Reaching safepoint: 202000 ns, At safepoint: 533900 ns, Total: 735900 ns
[118.491s][info][gc       ] GC(1975) Pause Young (Allocation Failure) 911M->201M(1026M) 0.633ms
[118.491s][info][safepoint] Safepoint "ParallelGCFailedAllocation", Time since last: 75406900 ns, Reaching safepoint: 210200 ns, At safepoint: 713100 ns, Total: 923300 ns
[118.564s][info][gc       ] GC(1976) Pause Young (Allocation Failure) 881M->201M(998M) 0.740ms
[118.564s][info][safepoint] Safepoint "ParallelGCFailedAllocation", Time since last: 71644600 ns, Reaching safepoint: 198700 ns, At safepoint: 839900 ns, Total: 1038600 ns
[118.633s][info][gc       ] GC(1977) Pause Young (Allocation Failure) 856M->199M(969M) 0.729ms
[118.634s][info][safepoint] Safepoint "ParallelGCFailedAllocation", Time since last: 68445200 ns, Reaching safepoint: 211300 ns, At safepoint: 806600 ns, Total: 1017900 ns
[118.702s][info][gc       ] GC(1978) Pause Young (Allocation Failure) 826M->201M(945M) 0.535ms
[118.702s][info][safepoint] Safepoint "ParallelGCFailedAllocation", Time since last: 67973500 ns, Reaching safepoint: 187600 ns, At safepoint: 613600 ns, Total: 801200 ns
[118.765s][info][gc       ] GC(1979) Pause Young (Allocation Failure) 802M->201M(920M) 0.700ms
[118.765s][info][safepoint] Safepoint "ParallelGCFailedAllocation", Time since last: 61795300 ns, Reaching safepoint: 126100 ns, At safepoint: 776100 ns, Total: 902200 ns
[118.830s][info][gc       ] GC(1980) Pause Young (Allocation Failure) 778M->199M(895M) 0.505ms
[118.830s][info][safepoint] Safepoint "ParallelGCFailedAllocation", Time since last: 64704900 ns, Reaching safepoint: 94700 ns, At safepoint: 571700 ns, Total: 666400 ns
[118.890s][info][gc       ] GC(1981) Pause Young (Allocation Failure) 753M->201M(874M) 0.920ms
[118.890s][info][safepoint] Safepoint "ParallelGCFailedAllocation", Time since last: 58850200 ns, Reaching safepoint: 194300 ns, At safepoint: 994700 ns, Total: 1189000 ns
[118.948s][info][gc       ] GC(1982) Pause Young (Allocation Failure) 729M->201M(853M) 0.776ms
[118.948s][info][safepoint] Safepoint "ParallelGCFailedAllocation", Time since last: 56264900 ns, Reaching safepoint: 250600 ns, At safepoint: 859900 ns, Total: 1110500 ns
[119.006s][info][gc       ] GC(1983) Pause Young (Allocation Failure) 709M->201M(833M) 0.575ms
[119.006s][info][safepoint] Safepoint "ParallelGCFailedAllocation", Time since last: 57378500 ns, Reaching safepoint: 212400 ns, At safepoint: 661900 ns, Total: 874300 ns
[119.061s][info][gc       ] GC(1984) Pause Young (Allocation Failure) 692M->201M(932M) 1.117ms
[119.061s][info][safepoint] Safepoint "ParallelGCFailedAllocation", Time since last: 54093700 ns, Reaching safepoint: 182400 ns, At safepoint: 1192400 ns, Total: 1374800 ns
[119.123s][info][gc       ] GC(1985) Pause Young (Allocation Failure) 790M->201M(1050M) 0.808ms
[119.123s][info][safepoint] Safepoint "ParallelGCFailedAllocation", Time since last: 60540500 ns, Reaching safepoint: 180900 ns, At safepoint: 878100 ns, Total: 1059000 ns
[119.196s][info][gc       ] GC(1986) Pause Young (Allocation Failure) 907M->199M(1189M) 0.711ms
[119.197s][info][safepoint] Safepoint "ParallelGCFailedAllocation", Time since last: 72508300 ns, Reaching safepoint: 131300 ns, At safepoint: 791800 ns, Total: 923100 ns
[119.285s][info][gc       ] GC(1987) Pause Young (Allocation Failure) 1047M->201M(1155M) 0.723ms
[119.285s][info][safepoint] Safepoint "ParallelGCFailedAllocation", Time since last: 87061000 ns, Reaching safepoint: 181400 ns, At safepoint: 839600 ns, Total: 1021000 ns
[119.369s][info][gc       ] GC(1988) Pause Young (Allocation Failure) 1011M->201M(1120M) 0.938ms
[119.369s][info][safepoint] Safepoint "ParallelGCFailedAllocation", Time since last: 83276200 ns, Reaching safepoint: 128300 ns, At safepoint: 1033400 ns, Total: 1161700 ns
[119.451s][info][gc       ] GC(1989) Pause Young (Allocation Failure) 977M->201M(1087M) 0.802ms
[119.451s][info][safepoint] Safepoint "ParallelGCFailedAllocation", Time since last: 80534500 ns, Reaching safepoint: 218400 ns, At safepoint: 873300 ns, Total: 1091700 ns
[119.528s][info][gc       ] GC(1990) Pause Young (Allocation Failure) 942M->201M(1055M) 0.917ms
[119.528s][info][safepoint] Safepoint "ParallelGCFailedAllocation", Time since last: 76441300 ns, Reaching safepoint: 247000 ns, At safepoint: 1035300 ns, Total: 1282300 ns
[119.602s][info][gc       ] GC(1991) Pause Young (Allocation Failure) 912M->199M(1023M) 0.544ms
[119.602s][info][safepoint] Safepoint "ParallelGCFailedAllocation", Time since last: 72792600 ns, Reaching safepoint: 203600 ns, At safepoint: 617500 ns, Total: 821100 ns
[119.674s][info][gc       ] GC(1992) Pause Young (Allocation Failure) 880M->201M(997M) 0.855ms
[119.674s][info][safepoint] Safepoint "ParallelGCFailedAllocation", Time since last: 70909200 ns, Reaching safepoint: 185900 ns, At safepoint: 940800 ns, Total: 1126700 ns
[119.744s][info][gc       ] GC(1993) Pause Young (Allocation Failure) 855M->199M(968M) 0.804ms
[119.744s][info][safepoint] Safepoint "ParallelGCFailedAllocation", Time since last: 69212500 ns, Reaching safepoint: 199700 ns, At safepoint: 979400 ns, Total: 1179100 ns
[119.810s][info][gc       ] GC(1994) Pause Young (Allocation Failure) 825M->201M(944M) 0.838ms
[119.810s][info][safepoint] Safepoint "ParallelGCFailedAllocation", Time since last: 64380600 ns, Reaching safepoint: 105200 ns, At safepoint: 920200 ns, Total: 1025400 ns
[119.873s][info][gc       ] GC(1995) Pause Young (Allocation Failure) 801M->201M(919M) 0.713ms
[119.873s][info][safepoint] Safepoint "ParallelGCFailedAllocation", Time since last: 61791000 ns, Reaching safepoint: 181300 ns, At safepoint: 841200 ns, Total: 1022500 ns
[119.932s][info][gc       ] GC(1996) Pause Young (Allocation Failure) 775M->201M(896M) 0.685ms
[119.932s][info][safepoint] Safepoint "ParallelGCFailedAllocation", Time since last: 58560000 ns, Reaching safepoint: 195200 ns, At safepoint: 775600 ns, Total: 970800 ns
[119.994s][info][gc       ] GC(1997) Pause Young (Allocation Failure) 751M->201M(874M) 0.619ms
[119.995s][info][safepoint] Safepoint "ParallelGCFailedAllocation", Time since last: 61362400 ns, Reaching safepoint: 200700 ns, At safepoint: 759200 ns, Total: 959900 ns
[120.051s][info][gc       ] GC(1998) Pause Young (Allocation Failure) 731M->201M(980M) 0.918ms
[120.051s][info][safepoint] Safepoint "ParallelGCFailedAllocation", Time since last: 55550500 ns, Reaching safepoint: 207700 ns, At safepoint: 985800 ns, Total: 1193500 ns
[120.119s][info][gc       ] GC(1999) Pause Young (Allocation Failure) 838M->201M(1108M) 0.824ms
[120.119s][info][safepoint] Safepoint "ParallelGCFailedAllocation", Time since last: 66368600 ns, Reaching safepoint: 189000 ns, At safepoint: 901000 ns, Total: 1090000 ns
[120.201s][info][gc       ] GC(2000) Pause Young (Allocation Failure) 966M->199M(1073M) 0.747ms
[120.201s][info][safepoint] Safepoint "ParallelGCFailedAllocation", Time since last: 81575600 ns, Reaching safepoint: 206700 ns, At safepoint: 823500 ns, Total: 1030200 ns
[120.281s][info][gc       ] GC(2001) Pause Young (Allocation Failure) 930M->199M(1042M) 0.728ms
[120.281s][info][safepoint] Safepoint "ParallelGCFailedAllocation", Time since last: 78335400 ns, Reaching safepoint: 196100 ns, At safepoint: 822600 ns, Total: 1018700 ns
[120.354s][info][gc       ] GC(2002) Pause Young (Allocation Failure) 899M->199M(1013M) 0.552ms
[120.354s][info][safepoint] Safepoint "ParallelGCFailedAllocation", Time since last: 72330200 ns, Reaching safepoint: 114600 ns, At safepoint: 617100 ns, Total: 731700 ns
[120.424s][info][gc       ] GC(2003) Pause Young (Allocation Failure) 870M->201M(987M) 0.705ms
[120.424s][info][safepoint] Safepoint "ParallelGCFailedAllocation", Time since last: 69317600 ns, Reaching safepoint: 196600 ns, At safepoint: 789500 ns, Total: 986100 ns
[120.491s][info][gc       ] GC(2004) Pause Young (Allocation Failure) 845M->199M(958M) 0.765ms
[120.491s][info][safepoint] Safepoint "ParallelGCFailedAllocation", Time since last: 65808200 ns, Reaching safepoint: 201400 ns, At safepoint: 838100 ns, Total: 1039500 ns
[120.555s][info][gc       ] GC(2005) Pause Young (Allocation Failure) 815M->201M(935M) 0.589ms
[120.555s][info][safepoint] Safepoint "ParallelGCFailedAllocation", Time since last: 63678600 ns, Reaching safepoint: 196400 ns, At safepoint: 676600 ns, Total: 873000 ns
[120.618s][info][gc       ] GC(2006) Pause Young (Allocation Failure) 793M->201M(911M) 0.657ms
[120.618s][info][safepoint] Safepoint "ParallelGCFailedAllocation", Time since last: 61526400 ns, Reaching safepoint: 185100 ns, At safepoint: 740000 ns, Total: 925100 ns
[120.677s][info][gc       ] GC(2007) Pause Young (Allocation Failure) 769M->201M(888M) 0.678ms
[120.677s][info][safepoint] Safepoint "ParallelGCFailedAllocation", Time since last: 58281800 ns, Reaching safepoint: 215200 ns, At safepoint: 753800 ns, Total: 969000 ns
[120.736s][info][gc       ] GC(2008) Pause Young (Allocation Failure) 745M->201M(866M) 0.770ms
[120.736s][info][safepoint] Safepoint "ParallelGCFailedAllocation", Time since last: 58041800 ns, Reaching safepoint: 186000 ns, At safepoint: 853600 ns, Total: 1039600 ns
[120.791s][info][gc       ] GC(2009) Pause Young (Allocation Failure) 721M->201M(845M) 0.545ms
[120.791s][info][safepoint] Safepoint "ParallelGCFailedAllocation", Time since last: 54133500 ns, Reaching safepoint: 191900 ns, At safepoint: 622500 ns, Total: 814400 ns
[120.844s][info][gc       ] GC(2010) Pause Young (Allocation Failure) 703M->199M(823M) 0.801ms
[120.844s][info][safepoint] Safepoint "ParallelGCFailedAllocation", Time since last: 51945900 ns, Reaching safepoint: 193900 ns, At safepoint: 887300 ns, Total: 1081200 ns
[120.895s][info][gc       ] GC(2011) Pause Young (Allocation Failure) 681M->199M(804M) 0.748ms
[120.895s][info][safepoint] Safepoint "ParallelGCFailedAllocation", Time since last: 49787400 ns, Reaching safepoint: 194600 ns, At safepoint: 828800 ns, Total: 1023400 ns
[120.947s][info][gc       ] GC(2012) Pause Young (Allocation Failure) 659M->201M(788M) 0.645ms
[120.947s][info][safepoint] Safepoint "ParallelGCFailedAllocation", Time since last: 50900700 ns, Reaching safepoint: 211100 ns, At safepoint: 728600 ns, Total: 939700 ns
[120.995s][info][gc       ] GC(2013) Pause Young (Allocation Failure) 643M->201M(877M) 0.799ms
[120.995s][info][safepoint] Safepoint "ParallelGCFailedAllocation", Time since last: 46821000 ns, Reaching safepoint: 182400 ns, At safepoint: 879600 ns, Total: 1062000 ns
[121.051s][info][gc       ] GC(2014) Pause Young (Allocation Failure) 734M->201M(984M) 0.873ms
[121.051s][info][safepoint] Safepoint "ParallelGCFailedAllocation", Time since last: 55568300 ns, Reaching safepoint: 156900 ns, At safepoint: 939400 ns, Total: 1096300 ns
[121.121s][info][gc       ] GC(2015) Pause Young (Allocation Failure) 840M->201M(1112M) 0.822ms
[121.121s][info][safepoint] Safepoint "ParallelGCFailedAllocation", Time since last: 68164300 ns, Reaching safepoint: 187100 ns, At safepoint: 914400 ns, Total: 1101500 ns
[121.201s][info][gc       ] GC(2016) Pause Young (Allocation Failure) 969M->199M(1265M) 0.718ms
[121.201s][info][safepoint] Safepoint "ParallelGCFailedAllocation", Time since last: 79152800 ns, Reaching safepoint: 172400 ns, At safepoint: 809300 ns, Total: 981700 ns
[121.300s][info][gc       ] GC(2017) Pause Young (Allocation Failure) 1122M->199M(1224M) 0.663ms
[121.300s][info][safepoint] Safepoint "ParallelGCFailedAllocation", Time since last: 98776900 ns, Reaching safepoint: 165400 ns, At safepoint: 751700 ns, Total: 917100 ns
[121.393s][info][gc       ] GC(2018) Pause Young (Allocation Failure) 1078M->201M(1187M) 0.643ms
[121.393s][info][safepoint] Safepoint "ParallelGCFailedAllocation", Time since last: 91371700 ns, Reaching safepoint: 191900 ns, At safepoint: 717000 ns, Total: 908900 ns
[121.482s][info][gc       ] GC(2019) Pause Young (Allocation Failure) 1044M->199M(1149M) 0.585ms
[121.482s][info][safepoint] Safepoint "ParallelGCFailedAllocation", Time since last: 88123500 ns, Reaching safepoint: 130800 ns, At safepoint: 664400 ns, Total: 795200 ns
[121.566s][info][gc       ] GC(2020) Pause Young (Allocation Failure) 1006M->201M(1116M) 0.516ms
[121.566s][info][safepoint] Safepoint "ParallelGCFailedAllocation", Time since last: 83520200 ns, Reaching safepoint: 172400 ns, At safepoint: 577300 ns, Total: 749700 ns
[121.647s][info][gc       ] GC(2021) Pause Young (Allocation Failure) 974M->199M(1082M) 0.631ms
[121.647s][info][safepoint] Safepoint "ParallelGCFailedAllocation", Time since last: 80108600 ns, Reaching safepoint: 153900 ns, At safepoint: 745900 ns, Total: 899800 ns
[121.724s][info][gc       ] GC(2022) Pause Young (Allocation Failure) 937M->201M(1052M) 0.574ms
[121.724s][info][safepoint] Safepoint "ParallelGCFailedAllocation", Time since last: 75974500 ns, Reaching safepoint: 133200 ns, At safepoint: 631300 ns, Total: 764500 ns
[121.801s][info][gc       ] GC(2023) Pause Young (Allocation Failure) 908M->201M(1022M) 0.978ms
[121.801s][info][safepoint] Safepoint "ParallelGCFailedAllocation", Time since last: 76165600 ns, Reaching safepoint: 209300 ns, At safepoint: 1075300 ns, Total: 1284600 ns
[121.872s][info][gc       ] GC(2024) Pause Young (Allocation Failure) 878M->201M(993M) 0.689ms
[121.873s][info][safepoint] Safepoint "ParallelGCFailedAllocation", Time since last: 70466200 ns, Reaching safepoint: 141000 ns, At safepoint: 770900 ns, Total: 911900 ns
[121.940s][info][gc       ] GC(2025) Pause Young (Allocation Failure) 850M->201M(966M) 0.581ms
[121.940s][info][safepoint] Safepoint "ParallelGCFailedAllocation", Time since last: 66987600 ns, Reaching safepoint: 183100 ns, At safepoint: 640900 ns, Total: 824000 ns
[122.007s][info][gc       ] GC(2026) Pause Young (Allocation Failure) 824M->199M(939M) 0.620ms
[122.007s][info][safepoint] Safepoint "ParallelGCFailedAllocation", Time since last: 65969900 ns, Reaching safepoint: 128600 ns, At safepoint: 743300 ns, Total: 871900 ns
[122.071s][info][gc       ] GC(2027) Pause Young (Allocation Failure) 797M->199M(915M) 0.702ms
[122.071s][info][safepoint] Safepoint "ParallelGCFailedAllocation", Time since last: 63093000 ns, Reaching safepoint: 146300 ns, At safepoint: 782100 ns, Total: 928400 ns
[122.133s][info][gc       ] GC(2028) Pause Young (Allocation Failure) 772M->201M(893M) 0.662ms
[122.133s][info][safepoint] Safepoint "ParallelGCFailedAllocation", Time since last: 60658900 ns, Reaching safepoint: 192800 ns, At safepoint: 749100 ns, Total: 941900 ns
[122.190s][info][gc       ] GC(2029) Pause Young (Allocation Failure) 748M->201M(871M) 0.681ms
[122.190s][info][safepoint] Safepoint "ParallelGCFailedAllocation", Time since last: 56444900 ns, Reaching safepoint: 146200 ns, At safepoint: 782300 ns, Total: 928500 ns
[122.246s][info][gc       ] GC(2030) Pause Young (Allocation Failure) 728M->201M(850M) 0.917ms
[122.246s][info][safepoint] Safepoint "ParallelGCFailedAllocation", Time since last: 55164900 ns, Reaching safepoint: 134900 ns, At safepoint: 1008700 ns, Total: 1143600 ns
[122.303s][info][gc       ] GC(2031) Pause Young (Allocation Failure) 708M->201M(952M) 0.745ms
[122.303s][info][safepoint] Safepoint "ParallelGCFailedAllocation", Time since last: 55259500 ns, Reaching safepoint: 261300 ns, At safepoint: 905000 ns, Total: 1166300 ns
[122.369s][info][gc       ] GC(2032) Pause Young (Allocation Failure) 807M->201M(927M) 0.740ms
[122.369s][info][safepoint] Safepoint "ParallelGCFailedAllocation", Time since last: 64721300 ns, Reaching safepoint: 192000 ns, At safepoint: 823500 ns, Total: 1015500 ns
[122.432s][info][gc       ] GC(2033) Pause Young (Allocation Failure) 785M->201M(1044M) 0.933ms
[122.432s][info][safepoint] Safepoint "ParallelGCFailedAllocation", Time since last: 61839500 ns, Reaching safepoint: 224200 ns, At safepoint: 1044600 ns, Total: 1268800 ns
[122.506s][info][gc       ] GC(2034) Pause Young (Allocation Failure) 902M->201M(1184M) 0.795ms
[122.506s][info][safepoint] Safepoint "ParallelGCFailedAllocation", Time since last: 73129400 ns, Reaching safepoint: 152500 ns, At safepoint: 904300 ns, Total: 1056800 ns
[122.597s][info][gc       ] GC(2035) Pause Young (Allocation Failure) 1042M->201M(1148M) 0.635ms
[122.597s][info][safepoint] Safepoint "ParallelGCFailedAllocation", Time since last: 90005800 ns, Reaching safepoint: 194100 ns, At safepoint: 712500 ns, Total: 906600 ns
[122.680s][info][gc       ] GC(2036) Pause Young (Allocation Failure) 1004M->201M(1113M) 0.874ms
[122.681s][info][safepoint] Safepoint "ParallelGCFailedAllocation", Time since last: 82586400 ns, Reaching safepoint: 131400 ns, At safepoint: 983900 ns, Total: 1115300 ns
[122.760s][info][gc       ] GC(2037) Pause Young (Allocation Failure) 968M->201M(1080M) 0.511ms
[122.760s][info][safepoint] Safepoint "ParallelGCFailedAllocation", Time since last: 79114100 ns, Reaching safepoint: 160400 ns, At safepoint: 577800 ns, Total: 738200 ns
[122.837s][info][gc       ] GC(2038) Pause Young (Allocation Failure) 938M->199M(1048M) 0.728ms
[122.837s][info][safepoint] Safepoint "ParallelGCFailedAllocation", Time since last: 75375600 ns, Reaching safepoint: 171600 ns, At safepoint: 826500 ns, Total: 998100 ns
[122.908s][info][gc       ] GC(2039) Pause Young (Allocation Failure) 906M->199M(1018M) 0.717ms
[122.908s][info][safepoint] Safepoint "ParallelGCFailedAllocation", Time since last: 69883500 ns, Reaching safepoint: 182100 ns, At safepoint: 809000 ns, Total: 991100 ns
[122.982s][info][gc       ] GC(2040) Pause Young (Allocation Failure) 875M->199M(990M) 0.612ms
[122.982s][info][safepoint] Safepoint "ParallelGCFailedAllocation", Time since last: 73139100 ns, Reaching safepoint: 131100 ns, At safepoint: 689700 ns, Total: 820800 ns
[123.054s][info][gc       ] GC(2041) Pause Young (Allocation Failure) 845M->201M(965M) 0.757ms
[123.054s][info][safepoint] Safepoint "ParallelGCFailedAllocation", Time since last: 71108200 ns, Reaching safepoint: 120800 ns, At safepoint: 842800 ns, Total: 963600 ns
[123.119s][info][gc       ] GC(2042) Pause Young (Allocation Failure) 821M->201M(939M) 0.644ms
[123.119s][info][safepoint] Safepoint "ParallelGCFailedAllocation", Time since last: 64716200 ns, Reaching safepoint: 198000 ns, At safepoint: 721500 ns, Total: 919500 ns
[123.182s][info][gc       ] GC(2043) Pause Young (Allocation Failure) 797M->199M(913M) 0.594ms
[123.182s][info][safepoint] Safepoint "ParallelGCFailedAllocation", Time since last: 61837000 ns, Reaching safepoint: 135700 ns, At safepoint: 685900 ns, Total: 821600 ns
[123.244s][info][gc       ] GC(2044) Pause Young (Allocation Failure) 767M->201M(892M) 0.710ms
[123.245s][info][safepoint] Safepoint "ParallelGCFailedAllocation", Time since last: 61478900 ns, Reaching safepoint: 175200 ns, At safepoint: 882700 ns, Total: 1057900 ns
[123.305s][info][gc       ] GC(2045) Pause Young (Allocation Failure) 749M->199M(868M) 0.778ms
[123.305s][info][safepoint] Safepoint "ParallelGCFailedAllocation", Time since last: 59521200 ns, Reaching safepoint: 196600 ns, At safepoint: 903400 ns, Total: 1100000 ns
[123.362s][info][gc       ] GC(2046) Pause Young (Allocation Failure) 724M->199M(847M) 0.744ms
[123.362s][info][safepoint] Safepoint "ParallelGCFailedAllocation", Time since last: 56183600 ns, Reaching safepoint: 188100 ns, At safepoint: 872600 ns, Total: 1060700 ns
[123.417s][info][gc       ] GC(2047) Pause Young (Allocation Failure) 705M->199M(827M) 0.714ms
[123.417s][info][safepoint] Safepoint "ParallelGCFailedAllocation", Time since last: 53859600 ns, Reaching safepoint: 210400 ns, At safepoint: 790800 ns, Total: 1001200 ns
[123.469s][info][gc       ] GC(2048) Pause Young (Allocation Failure) 684M->201M(926M) 0.865ms
[123.469s][info][safepoint] Safepoint "ParallelGCFailedAllocation", Time since last: 50736900 ns, Reaching safepoint: 143800 ns, At safepoint: 961200 ns, Total: 1105000 ns
[123.530s][info][gc       ] GC(2049) Pause Young (Allocation Failure) 783M->201M(1043M) 0.921ms
[123.530s][info][safepoint] Safepoint "ParallelGCFailedAllocation", Time since last: 59834900 ns, Reaching safepoint: 215300 ns, At safepoint: 1005100 ns, Total: 1220400 ns
[123.605s][info][gc       ] GC(2050) Pause Young (Allocation Failure) 901M->201M(1183M) 0.732ms
[123.605s][info][safepoint] Safepoint "ParallelGCFailedAllocation", Time since last: 73364600 ns, Reaching safepoint: 215900 ns, At safepoint: 821000 ns, Total: 1036900 ns
[123.692s][info][gc       ] GC(2051) Pause Young (Allocation Failure) 1038M->201M(1229M) 1.185ms
[123.692s][info][safepoint] Safepoint "ParallelGCFailedAllocation", Time since last: 86414800 ns, Reaching safepoint: 172700 ns, At safepoint: 1320700 ns, Total: 1493400 ns
[123.788s][info][gc       ] GC(2052) Pause Young (Allocation Failure) 1087M->203M(1191M) 1.271ms
[123.788s][info][safepoint] Safepoint "ParallelGCFailedAllocation", Time since last: 93559500 ns, Reaching safepoint: 207100 ns, At safepoint: 1360200 ns, Total: 1567300 ns
[123.877s][info][gc       ] GC(2053) Pause Young (Allocation Failure) 1048M->203M(1151M) 1.113ms
[123.877s][info][safepoint] Safepoint "ParallelGCFailedAllocation", Time since last: 87859800 ns, Reaching safepoint: 196100 ns, At safepoint: 1204000 ns, Total: 1400100 ns
[123.964s][info][gc       ] GC(2054) Pause Young (Allocation Failure) 1014M->207M(1122M) 0.815ms
[123.964s][info][safepoint] Safepoint "ParallelGCFailedAllocation", Time since last: 86220200 ns, Reaching safepoint: 131800 ns, At safepoint: 887600 ns, Total: 1019400 ns
[124.045s][info][gc       ] GC(2055) Pause Young (Allocation Failure) 982M->207M(1224M) 1.169ms
[124.045s][info][safepoint] Safepoint "ParallelGCFailedAllocation", Time since last: 79643000 ns, Reaching safepoint: 223100 ns, At safepoint: 1313400 ns, Total: 1536500 ns
[124.137s][info][gc       ] GC(2056) Pause Young (Allocation Failure) 1082M->207M(1184M) 1.051ms
[124.137s][info][safepoint] Safepoint "ParallelGCFailedAllocation", Time since last: 90374500 ns, Reaching safepoint: 180100 ns, At safepoint: 1148300 ns, Total: 1328400 ns
[124.227s][info][gc       ] GC(2057) Pause Young (Allocation Failure) 1045M->207M(1145M) 0.948ms
[124.227s][info][safepoint] Safepoint "ParallelGCFailedAllocation", Time since last: 88584200 ns, Reaching safepoint: 206300 ns, At safepoint: 1024000 ns, Total: 1230300 ns
[124.314s][info][gc       ] GC(2058) Pause Young (Allocation Failure) 1011M->209M(1113M) 0.828ms
[124.314s][info][safepoint] Safepoint "ParallelGCFailedAllocation", Time since last: 85724300 ns, Reaching safepoint: 133400 ns, At safepoint: 905400 ns, Total: 1038800 ns
[124.395s][info][gc       ] GC(2059) Pause Young (Allocation Failure) 977M->209M(1080M) 0.967ms
[124.395s][info][safepoint] Safepoint "ParallelGCFailedAllocation", Time since last: 80409400 ns, Reaching safepoint: 149500 ns, At safepoint: 1082700 ns, Total: 1232200 ns
[124.476s][info][gc       ] GC(2060) Pause Young (Allocation Failure) 944M->209M(1049M) 0.988ms
[124.476s][info][safepoint] Safepoint "ParallelGCFailedAllocation", Time since last: 79710400 ns, Reaching safepoint: 207200 ns, At safepoint: 1133900 ns, Total: 1341100 ns
[124.550s][info][gc       ] GC(2061) Pause Young (Allocation Failure) 914M->209M(1019M) 0.875ms
[124.550s][info][safepoint] Safepoint "ParallelGCFailedAllocation", Time since last: 72305400 ns, Reaching safepoint: 116600 ns, At safepoint: 951200 ns, Total: 1067800 ns
[124.623s][info][gc       ] GC(2062) Pause Young (Allocation Failure) 884M->207M(989M) 0.824ms
[124.623s][info][safepoint] Safepoint "ParallelGCFailedAllocation", Time since last: 72677600 ns, Reaching safepoint: 203200 ns, At safepoint: 897100 ns, Total: 1100300 ns
[124.691s][info][gc       ] GC(2063) Pause Young (Allocation Failure) 853M->209M(964M) 0.903ms
[124.691s][info][safepoint] Safepoint "ParallelGCFailedAllocation", Time since last: 66732700 ns, Reaching safepoint: 193500 ns, At safepoint: 1003100 ns, Total: 1196600 ns
[124.757s][info][gc       ] GC(2064) Pause Young (Allocation Failure) 829M->209M(939M) 0.730ms
[124.757s][info][safepoint] Safepoint "ParallelGCFailedAllocation", Time since last: 64972500 ns, Reaching safepoint: 203600 ns, At safepoint: 805800 ns, Total: 1009400 ns
[124.820s][info][gc       ] GC(2065) Pause Young (Allocation Failure) 803M->209M(914M) 0.460ms
[124.820s][info][safepoint] Safepoint "ParallelGCFailedAllocation", Time since last: 61576000 ns, Reaching safepoint: 156300 ns, At safepoint: 539300 ns, Total: 695600 ns
[124.879s][info][gc       ] GC(2066) Pause Young (Allocation Failure) 778M->209M(891M) 0.709ms
[124.879s][info][safepoint] Safepoint "ParallelGCFailedAllocation", Time since last: 58527100 ns, Reaching safepoint: 140000 ns, At safepoint: 783400 ns, Total: 923400 ns
[124.938s][info][gc       ] GC(2067) Pause Young (Allocation Failure) 754M->209M(869M) 0.572ms
[124.938s][info][safepoint] Safepoint "ParallelGCFailedAllocation", Time since last: 57863700 ns, Reaching safepoint: 202800 ns, At safepoint: 641600 ns, Total: 844400 ns
[124.995s][info][gc       ] GC(2068) Pause Young (Allocation Failure) 734M->209M(975M) 1.174ms
[124.995s][info][safepoint] Safepoint "ParallelGCFailedAllocation", Time since last: 55803600 ns, Reaching safepoint: 153500 ns, At safepoint: 1352100 ns, Total: 1505600 ns
[125.061s][info][gc       ] GC(2069) Pause Young (Allocation Failure) 838M->209M(1099M) 1.089ms
[125.061s][info][safepoint] Safepoint "ParallelGCFailedAllocation", Time since last: 64869600 ns, Reaching safepoint: 215900 ns, At safepoint: 1167600 ns, Total: 1383500 ns
[125.142s][info][gc       ] GC(2070) Pause Young (Allocation Failure) 966M->211M(1191M) 0.669ms
[125.142s][info][safepoint] Safepoint "ParallelGCFailedAllocation", Time since last: 79435300 ns, Reaching safepoint: 210300 ns, At safepoint: 754700 ns, Total: 965000 ns
[125.235s][info][gc       ] GC(2071) Pause Young (Allocation Failure) 1057M->211M(1255M) 1.506ms
[125.235s][info][safepoint] Safepoint "ParallelGCFailedAllocation", Time since last: 91502200 ns, Reaching safepoint: 107800 ns, At safepoint: 1650600 ns, Total: 1758400 ns
[125.340s][info][gc       ] GC(2072) Pause Young (Allocation Failure) 1118M->211M(1255M) 1.128ms
[125.340s][info][safepoint] Safepoint "ParallelGCFailedAllocation", Time since last: 103763000 ns, Reaching safepoint: 193200 ns, At safepoint: 1220200 ns, Total: 1413400 ns
[125.436s][info][gc       ] GC(2073) Pause Young (Allocation Failure) 1121M->211M(1437M) 1.085ms
[125.436s][info][safepoint] Safepoint "ParallelGCFailedAllocation", Time since last: 94313800 ns, Reaching safepoint: 136000 ns, At safepoint: 1166000 ns, Total: 1302000 ns
[125.582s][info][gc       ] GC(2074) Pause Young (Allocation Failure) 1303M->211M(1437M) 1.479ms
[125.582s][info][safepoint] Safepoint "ParallelGCFailedAllocation", Time since last: 144837000 ns, Reaching safepoint: 188100 ns, At safepoint: 1578200 ns, Total: 1766300 ns
[125.695s][info][gc       ] GC(2075) Pause Young (Allocation Failure) 1302M->209M(1655M) 1.088ms
[125.695s][info][safepoint] Safepoint "ParallelGCFailedAllocation", Time since last: 111141600 ns, Reaching safepoint: 190800 ns, At safepoint: 1167900 ns, Total: 1358700 ns
[125.860s][info][gc       ] GC(2076) Pause Young (Allocation Failure) 1520M->209M(1592M) 1.113ms
[125.860s][info][safepoint] Safepoint "ParallelGCFailedAllocation", Time since last: 163977100 ns, Reaching safepoint: 178800 ns, At safepoint: 1199100 ns, Total: 1377900 ns
[125.990s][info][gc       ] GC(2077) Pause Young (Allocation Failure) 1456M->211M(1536M) 1.107ms
[125.990s][info][safepoint] Safepoint "ParallelGCFailedAllocation", Time since last: 128743600 ns, Reaching safepoint: 165000 ns, At safepoint: 1190700 ns, Total: 1355700 ns
[126.114s][info][gc       ] GC(2078) Pause Young (Allocation Failure) 1402M->213M(1484M) 0.545ms
[126.114s][info][safepoint] Safepoint "ParallelGCFailedAllocation", Time since last: 123051000 ns, Reaching safepoint: 185100 ns, At safepoint: 661900 ns, Total: 847000 ns
[126.234s][info][gc       ] GC(2079) Pause Young (Allocation Failure) 1353M->211M(1431M) 0.801ms
[126.234s][info][safepoint] Safepoint "ParallelGCFailedAllocation", Time since last: 118953500 ns, Reaching safepoint: 151700 ns, At safepoint: 920600 ns, Total: 1072300 ns
[126.348s][info][gc       ] GC(2080) Pause Young (Allocation Failure) 1300M->213M(1385M) 0.731ms
[126.348s][info][safepoint] Safepoint "ParallelGCFailedAllocation", Time since last: 113053100 ns, Reaching safepoint: 199600 ns, At safepoint: 817300 ns, Total: 1016900 ns
[126.454s][info][gc       ] GC(2081) Pause Young (Allocation Failure) 1251M->213M(1339M) 0.646ms
[126.454s][info][safepoint] Safepoint "ParallelGCFailedAllocation", Time since last: 105241500 ns, Reaching safepoint: 138800 ns, At safepoint: 734200 ns, Total: 873000 ns
[126.560s][info][gc       ] GC(2082) Pause Young (Allocation Failure) 1205M->213M(1295M) 0.670ms
[126.560s][info][safepoint] Safepoint "ParallelGCFailedAllocation", Time since last: 104745800 ns, Reaching safepoint: 149800 ns, At safepoint: 773500 ns, Total: 923300 ns
[126.660s][info][gc       ] GC(2083) Pause Young (Allocation Failure) 1164M->213M(1251M) 0.957ms
[126.660s][info][safepoint] Safepoint "ParallelGCFailedAllocation", Time since last: 98632300 ns, Reaching safepoint: 152400 ns, At safepoint: 1030700 ns, Total: 1183100 ns
[126.755s][info][gc       ] GC(2084) Pause Young (Allocation Failure) 1123M->215M(1214M) 0.901ms
[126.755s][info][safepoint] Safepoint "ParallelGCFailedAllocation", Time since last: 94256100 ns, Reaching safepoint: 223900 ns, At safepoint: 990200 ns, Total: 1214100 ns
[126.846s][info][gc       ] GC(2085) Pause Young (Allocation Failure) 1083M->215M(1176M) 0.689ms
[126.846s][info][safepoint] Safepoint "ParallelGCFailedAllocation", Time since last: 89807400 ns, Reaching safepoint: 151800 ns, At safepoint: 772200 ns, Total: 924000 ns
[126.933s][info][gc       ] GC(2086) Pause Young (Allocation Failure) 1046M->215M(1140M) 0.755ms
[126.933s][info][safepoint] Safepoint "ParallelGCFailedAllocation", Time since last: 86187000 ns, Reaching safepoint: 198700 ns, At safepoint: 857000 ns, Total: 1055700 ns
[127.018s][info][gc       ] GC(2087) Pause Young (Allocation Failure) 1011M->215M(1102M) 1.443ms
[127.018s][info][safepoint] Safepoint "ParallelGCFailedAllocation", Time since last: 83070900 ns, Reaching safepoint: 141200 ns, At safepoint: 1532700 ns, Total: 1673900 ns
[127.098s][info][gc       ] GC(2088) Pause Young (Allocation Failure) 976M->217M(1076M) 0.498ms
[127.098s][info][safepoint] Safepoint "ParallelGCFailedAllocation", Time since last: 78898600 ns, Reaching safepoint: 121900 ns, At safepoint: 588500 ns, Total: 710400 ns
[127.175s][info][gc       ] GC(2089) Pause Young (Allocation Failure) 946M->219M(1043M) 0.546ms
[127.175s][info][safepoint] Safepoint "ParallelGCFailedAllocation", Time since last: 76353300 ns, Reaching safepoint: 186100 ns, At safepoint: 685300 ns, Total: 871400 ns
[127.248s][info][gc       ] GC(2090) Pause Young (Allocation Failure) 915M->219M(1013M) 0.678ms
[127.248s][info][safepoint] Safepoint "ParallelGCFailedAllocation", Time since last: 72229100 ns, Reaching safepoint: 133800 ns, At safepoint: 772000 ns, Total: 905800 ns
[127.323s][info][gc       ] GC(2091) Pause Young (Allocation Failure) 888M->217M(983M) 0.675ms
[127.323s][info][safepoint] Safepoint "ParallelGCFailedAllocation", Time since last: 74386900 ns, Reaching safepoint: 190100 ns, At safepoint: 758500 ns, Total: 948600 ns
[127.393s][info][gc       ] GC(2092) Pause Young (Allocation Failure) 858M->219M(959M) 0.734ms
[127.393s][info][safepoint] Safepoint "ParallelGCFailedAllocation", Time since last: 68617400 ns, Reaching safepoint: 127800 ns, At safepoint: 821300 ns, Total: 949100 ns
[127.458s][info][gc       ] GC(2093) Pause Young (Allocation Failure) 835M->219M(933M) 0.989ms
[127.458s][info][safepoint] Safepoint "ParallelGCFailedAllocation", Time since last: 63480100 ns, Reaching safepoint: 154900 ns, At safepoint: 1081000 ns, Total: 1235900 ns
[127.522s][info][gc       ] GC(2094) Pause Young (Allocation Failure) 807M->219M(909M) 0.767ms
[127.522s][info][safepoint] Safepoint "ParallelGCFailedAllocation", Time since last: 63185600 ns, Reaching safepoint: 133700 ns, At safepoint: 848500 ns, Total: 982200 ns
[127.582s][info][gc       ] GC(2095) Pause Young (Allocation Failure) 784M->217M(884M) 0.580ms
[127.582s][info][safepoint] Safepoint "ParallelGCFailedAllocation", Time since last: 59605900 ns, Reaching safepoint: 146500 ns, At safepoint: 656200 ns, Total: 802700 ns
[127.640s][info][gc       ] GC(2096) Pause Young (Allocation Failure) 759M->217M(862M) 0.657ms
[127.640s][info][safepoint] Safepoint "ParallelGCFailedAllocation", Time since last: 56983900 ns, Reaching safepoint: 134200 ns, At safepoint: 800200 ns, Total: 934400 ns
[127.698s][info][gc       ] GC(2097) Pause Young (Allocation Failure) 737M->219M(844M) 0.590ms
[127.698s][info][safepoint] Safepoint "ParallelGCFailedAllocation", Time since last: 57088800 ns, Reaching safepoint: 142400 ns, At safepoint: 749800 ns, Total: 892200 ns
[127.751s][info][gc       ] GC(2098) Pause Young (Allocation Failure) 718M->219M(944M) 1.024ms
[127.751s][info][safepoint] Safepoint "ParallelGCFailedAllocation", Time since last: 51246900 ns, Reaching safepoint: 189200 ns, At safepoint: 1127800 ns, Total: 1317000 ns
[127.814s][info][gc       ] GC(2099) Pause Young (Allocation Failure) 820M->219M(1065M) 1.014ms
[127.814s][info][safepoint] Safepoint "ParallelGCFailedAllocation", Time since last: 62376300 ns, Reaching safepoint: 233300 ns, At safepoint: 1101600 ns, Total: 1334900 ns
[127.889s][info][gc       ] GC(2100) Pause Young (Allocation Failure) 941M->219M(1209M) 0.853ms
[127.889s][info][safepoint] Safepoint "ParallelGCFailedAllocation", Time since last: 73822200 ns, Reaching safepoint: 204800 ns, At safepoint: 1023100 ns, Total: 1227900 ns
[127.982s][info][gc       ] GC(2101) Pause Young (Allocation Failure) 1082M->219M(1172M) 0.482ms
[127.982s][info][safepoint] Safepoint "ParallelGCFailedAllocation", Time since last: 91708800 ns, Reaching safepoint: 190400 ns, At safepoint: 569600 ns, Total: 760000 ns
[128.069s][info][gc       ] GC(2102) Pause Young (Allocation Failure) 1048M->219M(1136M) 0.736ms
[128.069s][info][safepoint] Safepoint "ParallelGCFailedAllocation", Time since last: 85756100 ns, Reaching safepoint: 138600 ns, At safepoint: 831200 ns, Total: 969800 ns
[128.151s][info][gc       ] GC(2103) Pause Young (Allocation Failure) 1010M->219M(1102M) 0.759ms
[128.151s][info][safepoint] Safepoint "ParallelGCFailedAllocation", Time since last: 81583000 ns, Reaching safepoint: 176500 ns, At safepoint: 854600 ns, Total: 1031100 ns
[128.232s][info][gc       ] GC(2104) Pause Young (Allocation Failure) 977M->219M(1070M) 0.760ms
[128.232s][info][safepoint] Safepoint "ParallelGCFailedAllocation", Time since last: 79829100 ns, Reaching safepoint: 212200 ns, At safepoint: 857900 ns, Total: 1070100 ns
[128.310s][info][gc       ] GC(2105) Pause Young (Allocation Failure) 945M->219M(1035M) 1.326ms
[128.310s][info][safepoint] Safepoint "ParallelGCFailedAllocation", Time since last: 76035900 ns, Reaching safepoint: 193500 ns, At safepoint: 1433100 ns, Total: 1626600 ns
[128.384s][info][gc       ] GC(2106) Pause Young (Allocation Failure) 914M->223M(1012M) 0.582ms
[128.384s][info][safepoint] Safepoint "ParallelGCFailedAllocation", Time since last: 73669100 ns, Reaching safepoint: 135200 ns, At safepoint: 677400 ns, Total: 812600 ns
[128.454s][info][gc       ] GC(2107) Pause Young (Allocation Failure) 889M->223M(982M) 0.829ms
[128.454s][info][safepoint] Safepoint "ParallelGCFailedAllocation", Time since last: 69013600 ns, Reaching safepoint: 144400 ns, At safepoint: 911500 ns, Total: 1055900 ns
[128.523s][info][gc       ] GC(2108) Pause Young (Allocation Failure) 860M->223M(956M) 0.935ms
[128.523s][info][safepoint] Safepoint "ParallelGCFailedAllocation", Time since last: 67285700 ns, Reaching safepoint: 234600 ns, At safepoint: 1032900 ns, Total: 1267500 ns
[128.588s][info][gc       ] GC(2109) Pause Young (Allocation Failure) 836M->223M(1078M) 0.840ms
[128.588s][info][safepoint] Safepoint "ParallelGCFailedAllocation", Time since last: 64400200 ns, Reaching safepoint: 190000 ns, At safepoint: 924300 ns, Total: 1114300 ns
[128.667s][info][gc       ] GC(2110) Pause Young (Allocation Failure) 958M->223M(1047M) 0.764ms
[128.667s][info][safepoint] Safepoint "ParallelGCFailedAllocation", Time since last: 77373500 ns, Reaching safepoint: 204400 ns, At safepoint: 846000 ns, Total: 1050400 ns
[128.742s][info][gc       ] GC(2111) Pause Young (Allocation Failure) 927M->223M(1018M) 0.813ms
[128.742s][info][safepoint] Safepoint "ParallelGCFailedAllocation", Time since last: 74248100 ns, Reaching safepoint: 206300 ns, At safepoint: 893500 ns, Total: 1099800 ns
[128.814s][info][gc       ] GC(2112) Pause Young (Allocation Failure) 894M->223M(990M) 0.966ms
[128.814s][info][safepoint] Safepoint "ParallelGCFailedAllocation", Time since last: 70629700 ns, Reaching safepoint: 191700 ns, At safepoint: 1075600 ns, Total: 1267300 ns
[128.883s][info][gc       ] GC(2113) Pause Young (Allocation Failure) 870M->223M(1119M) 0.775ms
[128.883s][info][safepoint] Safepoint "ParallelGCFailedAllocation", Time since last: 67842600 ns, Reaching safepoint: 196200 ns, At safepoint: 855300 ns, Total: 1051500 ns
[128.966s][info][gc       ] GC(2114) Pause Young (Allocation Failure) 998M->221M(1084M) 0.743ms
[128.966s][info][safepoint] Safepoint "ParallelGCFailedAllocation", Time since last: 81659500 ns, Reaching safepoint: 233500 ns, At safepoint: 834400 ns, Total: 1067900 ns
[129.045s][info][gc       ] GC(2115) Pause Young (Allocation Failure) 963M->223M(1055M) 0.690ms
[129.045s][info][safepoint] Safepoint "ParallelGCFailedAllocation", Time since last: 78444700 ns, Reaching safepoint: 137800 ns, At safepoint: 794600 ns, Total: 932400 ns
[129.120s][info][gc       ] GC(2116) Pause Young (Allocation Failure) 932M->223M(1025M) 0.803ms
[129.120s][info][safepoint] Safepoint "ParallelGCFailedAllocation", Time since last: 73759500 ns, Reaching safepoint: 134200 ns, At safepoint: 895300 ns, Total: 1029500 ns
[129.193s][info][gc       ] GC(2117) Pause Young (Allocation Failure) 903M->223M(1157M) 1.416ms
[129.193s][info][safepoint] Safepoint "ParallelGCFailedAllocation", Time since last: 71119100 ns, Reaching safepoint: 170900 ns, At safepoint: 1499100 ns, Total: 1670000 ns
[129.278s][info][gc       ] GC(2118) Pause Young (Allocation Failure) 1041M->225M(1128M) 0.526ms
[129.278s][info][safepoint] Safepoint "ParallelGCFailedAllocation", Time since last: 84347400 ns, Reaching safepoint: 136300 ns, At safepoint: 679100 ns, Total: 815400 ns
[129.362s][info][gc       ] GC(2119) Pause Young (Allocation Failure) 1008M->225M(1091M) 0.829ms
[129.362s][info][safepoint] Safepoint "ParallelGCFailedAllocation", Time since last: 82572700 ns, Reaching safepoint: 201100 ns, At safepoint: 931600 ns, Total: 1132700 ns
[129.441s][info][gc       ] GC(2120) Pause Young (Allocation Failure) 975M->225M(1059M) 0.685ms
[129.441s][info][safepoint] Safepoint "ParallelGCFailedAllocation", Time since last: 78307600 ns, Reaching safepoint: 155500 ns, At safepoint: 760300 ns, Total: 915800 ns
[129.517s][info][gc       ] GC(2121) Pause Young (Allocation Failure) 943M->225M(1029M) 0.740ms
[129.517s][info][safepoint] Safepoint "ParallelGCFailedAllocation", Time since last: 74834000 ns, Reaching safepoint: 140000 ns, At safepoint: 838400 ns, Total: 978400 ns
[129.589s][info][gc       ] GC(2122) Pause Young (Allocation Failure) 913M->227M(1002M) 0.637ms
[129.589s][info][safepoint] Safepoint "ParallelGCFailedAllocation", Time since last: 71185500 ns, Reaching safepoint: 204800 ns, At safepoint: 753400 ns, Total: 958200 ns
[129.657s][info][gc       ] GC(2123) Pause Young (Allocation Failure) 886M->225M(972M) 0.616ms
[129.657s][info][safepoint] Safepoint "ParallelGCFailedAllocation", Time since last: 67005400 ns, Reaching safepoint: 206600 ns, At safepoint: 700400 ns, Total: 907000 ns
[129.723s][info][gc       ] GC(2124) Pause Young (Allocation Failure) 855M->227M(948M) 0.639ms
[129.723s][info][safepoint] Safepoint "ParallelGCFailedAllocation", Time since last: 65858400 ns, Reaching safepoint: 224500 ns, At safepoint: 722400 ns, Total: 946900 ns
[129.787s][info][gc       ] GC(2125) Pause Young (Allocation Failure) 832M->227M(923M) 0.635ms
[129.787s][info][safepoint] Safepoint "ParallelGCFailedAllocation", Time since last: 62991200 ns, Reaching safepoint: 215100 ns, At safepoint: 715700 ns, Total: 930800 ns
[129.849s][info][gc       ] GC(2126) Pause Young (Allocation Failure) 807M->227M(900M) 0.711ms
[129.849s][info][safepoint] Safepoint "ParallelGCFailedAllocation", Time since last: 60422400 ns, Reaching safepoint: 199000 ns, At safepoint: 799700 ns, Total: 998700 ns
[129.910s][info][gc       ] GC(2127) Pause Young (Allocation Failure) 783M->227M(877M) 0.597ms
[129.910s][info][safepoint] Safepoint "ParallelGCFailedAllocation", Time since last: 60322200 ns, Reaching safepoint: 194400 ns, At safepoint: 687900 ns, Total: 882300 ns
[129.968s][info][gc       ] GC(2128) Pause Young (Allocation Failure) 758M->227M(856M) 0.788ms
[129.968s][info][safepoint] Safepoint "ParallelGCFailedAllocation", Time since last: 57198100 ns, Reaching safepoint: 182900 ns, At safepoint: 888100 ns, Total: 1071000 ns
[130.023s][info][gc       ] GC(2129) Pause Young (Allocation Failure) 740M->227M(835M) 0.702ms
[130.023s][info][safepoint] Safepoint "ParallelGCFailedAllocation", Time since last: 53462300 ns, Reaching safepoint: 119600 ns, At safepoint: 815200 ns, Total: 934800 ns
[130.075s][info][gc       ] GC(2130) Pause Young (Allocation Failure) 718M->227M(934M) 1.007ms
[130.075s][info][safepoint] Safepoint "ParallelGCFailedAllocation", Time since last: 51314900 ns, Reaching safepoint: 138400 ns, At safepoint: 1098000 ns, Total: 1236400 ns
[130.142s][info][gc       ] GC(2131) Pause Young (Allocation Failure) 816M->227M(1052M) 0.682ms
[130.142s][info][safepoint] Safepoint "ParallelGCFailedAllocation", Time since last: 66189100 ns, Reaching safepoint: 141000 ns, At safepoint: 779300 ns, Total: 920300 ns
[130.220s][info][gc       ] GC(2132) Pause Young (Allocation Failure) 935M->227M(1022M) 0.766ms
[130.220s][info][safepoint] Safepoint "ParallelGCFailedAllocation", Time since last: 77155500 ns, Reaching safepoint: 133700 ns, At safepoint: 847900 ns, Total: 981600 ns
[130.292s][info][gc       ] GC(2133) Pause Young (Allocation Failure) 906M->227M(994M) 0.575ms
[130.292s][info][safepoint] Safepoint "ParallelGCFailedAllocation", Time since last: 70623400 ns, Reaching safepoint: 187300 ns, At safepoint: 659200 ns, Total: 846500 ns
[130.361s][info][gc       ] GC(2134) Pause Young (Allocation Failure) 877M->227M(967M) 1.037ms
[130.361s][info][safepoint] Safepoint "ParallelGCFailedAllocation", Time since last: 67583900 ns, Reaching safepoint: 195900 ns, At safepoint: 1116400 ns, Total: 1312300 ns
[130.427s][info][gc       ] GC(2135) Pause Young (Allocation Failure) 851M->227M(1090M) 1.025ms
[130.427s][info][safepoint] Safepoint "ParallelGCFailedAllocation", Time since last: 64676300 ns, Reaching safepoint: 197600 ns, At safepoint: 1109500 ns, Total: 1307100 ns
[130.506s][info][gc       ] GC(2136) Pause Young (Allocation Failure) 976M->229M(1242M) 0.926ms
[130.506s][info][safepoint] Safepoint "ParallelGCFailedAllocation", Time since last: 77688100 ns, Reaching safepoint: 142700 ns, At safepoint: 1104400 ns, Total: 1247100 ns
[130.602s][info][gc       ] GC(2137) Pause Young (Allocation Failure) 1126M->229M(1422M) 0.834ms
[130.602s][info][safepoint] Safepoint "ParallelGCFailedAllocation", Time since last: 94835300 ns, Reaching safepoint: 238000 ns, At safepoint: 936600 ns, Total: 1174600 ns
[130.715s][info][gc       ] GC(2138) Pause Young (Allocation Failure) 1307M->227M(1372M) 0.631ms
[130.715s][info][safepoint] Safepoint "ParallelGCFailedAllocation", Time since last: 112065700 ns, Reaching safepoint: 138900 ns, At safepoint: 709700 ns, Total: 848600 ns
[130.818s][info][gc       ] GC(2139) Pause Young (Allocation Failure) 1258M->229M(1328M) 0.832ms
[130.818s][info][safepoint] Safepoint "ParallelGCFailedAllocation", Time since last: 102628600 ns, Reaching safepoint: 200700 ns, At safepoint: 926000 ns, Total: 1126700 ns
[130.921s][info][gc       ] GC(2140) Pause Young (Allocation Failure) 1212M->229M(1285M) 0.952ms
[130.921s][info][safepoint] Safepoint "ParallelGCFailedAllocation", Time since last: 101668600 ns, Reaching safepoint: 223700 ns, At safepoint: 1050000 ns, Total: 1273700 ns
[131.021s][info][gc       ] GC(2141) Pause Young (Allocation Failure) 1167M->229M(1242M) 0.858ms
[131.021s][info][safepoint] Safepoint "ParallelGCFailedAllocation", Time since last: 98411100 ns, Reaching safepoint: 229700 ns, At safepoint: 971000 ns, Total: 1200700 ns
[131.116s][info][gc       ] GC(2142) Pause Young (Allocation Failure) 1130M->229M(1203M) 0.749ms
[131.116s][info][safepoint] Safepoint "ParallelGCFailedAllocation", Time since last: 94301600 ns, Reaching safepoint: 239400 ns, At safepoint: 899500 ns, Total: 1138900 ns
[131.205s][info][gc       ] GC(2143) Pause Young (Allocation Failure) 1090M->229M(1165M) 0.741ms
[131.205s][info][safepoint] Safepoint "ParallelGCFailedAllocation", Time since last: 88030800 ns, Reaching safepoint: 179100 ns, At safepoint: 828600 ns, Total: 1007700 ns
[131.292s][info][gc       ] GC(2144) Pause Young (Allocation Failure) 1053M->231M(1132M) 0.728ms
[131.292s][info][safepoint] Safepoint "ParallelGCFailedAllocation", Time since last: 85169900 ns, Reaching safepoint: 180600 ns, At safepoint: 808700 ns, Total: 989300 ns
[131.376s][info][gc       ] GC(2145) Pause Young (Allocation Failure) 1020M->231M(1098M) 0.593ms
[131.376s][info][safepoint] Safepoint "ParallelGCFailedAllocation", Time since last: 83130900 ns, Reaching safepoint: 166100 ns, At safepoint: 670600 ns, Total: 836700 ns
[131.457s][info][gc       ] GC(2146) Pause Young (Allocation Failure) 984M->229M(1064M) 0.705ms
[131.457s][info][safepoint] Safepoint "ParallelGCFailedAllocation", Time since last: 80194400 ns, Reaching safepoint: 137600 ns, At safepoint: 844500 ns, Total: 982100 ns
[131.533s][info][gc       ] GC(2147) Pause Young (Allocation Failure) 952M->231M(1036M) 0.599ms
[131.533s][info][safepoint] Safepoint "ParallelGCFailedAllocation", Time since last: 75813900 ns, Reaching safepoint: 186400 ns, At safepoint: 685400 ns, Total: 871800 ns
[131.607s][info][gc       ] GC(2148) Pause Young (Allocation Failure) 922M->231M(1007M) 0.753ms
[131.607s][info][safepoint] Safepoint "ParallelGCFailedAllocation", Time since last: 72650800 ns, Reaching safepoint: 219500 ns, At safepoint: 834500 ns, Total: 1054000 ns
[131.679s][info][gc       ] GC(2149) Pause Young (Allocation Failure) 895M->229M(977M) 0.537ms
[131.679s][info][safepoint] Safepoint "ParallelGCFailedAllocation", Time since last: 71164400 ns, Reaching safepoint: 144400 ns, At safepoint: 619300 ns, Total: 763700 ns
[131.746s][info][gc       ] GC(2150) Pause Young (Allocation Failure) 864M->232M(953M) 0.745ms
[131.746s][info][safepoint] Safepoint "ParallelGCFailedAllocation", Time since last: 66051000 ns, Reaching safepoint: 225300 ns, At safepoint: 836500 ns, Total: 1061800 ns
[131.810s][info][gc       ] GC(2151) Pause Young (Allocation Failure) 841M->232M(928M) 0.666ms
[131.810s][info][safepoint] Safepoint "ParallelGCFailedAllocation", Time since last: 62805700 ns, Reaching safepoint: 191100 ns, At safepoint: 751000 ns, Total: 942100 ns
[131.872s][info][gc       ] GC(2152) Pause Young (Allocation Failure) 816M->232M(904M) 0.833ms
[131.872s][info][safepoint] Safepoint "ParallelGCFailedAllocation", Time since last: 61068100 ns, Reaching safepoint: 188100 ns, At safepoint: 923500 ns, Total: 1111600 ns
[131.931s][info][gc       ] GC(2153) Pause Young (Allocation Failure) 791M->232M(881M) 0.486ms
[131.931s][info][safepoint] Safepoint "ParallelGCFailedAllocation", Time since last: 58170500 ns, Reaching safepoint: 123400 ns, At safepoint: 570000 ns, Total: 693400 ns
[131.988s][info][gc       ] GC(2154) Pause Young (Allocation Failure) 766M->232M(860M) 0.792ms
[131.988s][info][safepoint] Safepoint "ParallelGCFailedAllocation", Time since last: 56315800 ns, Reaching safepoint: 204900 ns, At safepoint: 874600 ns, Total: 1079500 ns
[132.042s][info][gc       ] GC(2155) Pause Young (Allocation Failure) 748M->232M(839M) 0.746ms
[132.042s][info][safepoint] Safepoint "ParallelGCFailedAllocation", Time since last: 53008600 ns, Reaching safepoint: 138700 ns, At safepoint: 828800 ns, Total: 967500 ns
[132.095s][info][gc       ] GC(2156) Pause Young (Allocation Failure) 726M->232M(939M) 1.092ms
[132.095s][info][safepoint] Safepoint "ParallelGCFailedAllocation", Time since last: 51122500 ns, Reaching safepoint: 195500 ns, At safepoint: 1205400 ns, Total: 1400900 ns
[132.158s][info][gc       ] GC(2157) Pause Young (Allocation Failure) 825M->232M(1054M) 1.478ms
[132.158s][info][safepoint] Safepoint "ParallelGCFailedAllocation", Time since last: 61206500 ns, Reaching safepoint: 197600 ns, At safepoint: 1585900 ns, Total: 1783500 ns
[132.233s][info][gc       ] GC(2158) Pause Young (Allocation Failure) 945M->236M(1203M) 0.556ms
[132.233s][info][safepoint] Safepoint "ParallelGCFailedAllocation", Time since last: 74537100 ns, Reaching safepoint: 136500 ns, At safepoint: 642600 ns, Total: 779100 ns
[132.323s][info][gc       ] GC(2159) Pause Young (Allocation Failure) 1092M->236M(1373M) 0.731ms
[132.323s][info][safepoint] Safepoint "ParallelGCFailedAllocation", Time since last: 88731100 ns, Reaching safepoint: 190000 ns, At safepoint: 818400 ns, Total: 1008400 ns
[132.432s][info][gc       ] GC(2160) Pause Young (Allocation Failure) 1264M->234M(1326M) 0.748ms
[132.432s][info][safepoint] Safepoint "ParallelGCFailedAllocation", Time since last: 107767600 ns, Reaching safepoint: 175000 ns, At safepoint: 845000 ns, Total: 1020000 ns
[132.536s][info][gc       ] GC(2161) Pause Young (Allocation Failure) 1216M->236M(1284M) 0.691ms
[132.537s][info][safepoint] Safepoint "ParallelGCFailedAllocation", Time since last: 103832500 ns, Reaching safepoint: 207800 ns, At safepoint: 787100 ns, Total: 994900 ns
[132.641s][info][gc       ] GC(2162) Pause Young (Allocation Failure) 1176M->236M(1243M) 0.716ms
[132.641s][info][safepoint] Safepoint "ParallelGCFailedAllocation", Time since last: 103557900 ns, Reaching safepoint: 196100 ns, At safepoint: 807400 ns, Total: 1003500 ns
[132.735s][info][gc       ] GC(2163) Pause Young (Allocation Failure) 1135M->236M(1204M) 0.510ms
[132.735s][info][safepoint] Safepoint "ParallelGCFailedAllocation", Time since last: 93437400 ns, Reaching safepoint: 137900 ns, At safepoint: 594700 ns, Total: 732600 ns
[132.825s][info][gc       ] GC(2164) Pause Young (Allocation Failure) 1093M->236M(1167M) 0.665ms
[132.825s][info][safepoint] Safepoint "ParallelGCFailedAllocation", Time since last: 89203400 ns, Reaching safepoint: 211200 ns, At safepoint: 748300 ns, Total: 959500 ns
[132.912s][info][gc       ] GC(2165) Pause Young (Allocation Failure) 1058M->236M(1131M) 0.881ms
[132.912s][info][safepoint] Safepoint "ParallelGCFailedAllocation", Time since last: 84882100 ns, Reaching safepoint: 291200 ns, At safepoint: 1057000 ns, Total: 1348200 ns
[132.996s][info][gc       ] GC(2166) Pause Young (Allocation Failure) 1022M->234M(1096M) 0.692ms
[132.996s][info][safepoint] Safepoint "ParallelGCFailedAllocation", Time since last: 83532800 ns, Reaching safepoint: 195100 ns, At safepoint: 783600 ns, Total: 978700 ns
[133.075s][info][gc       ] GC(2167) Pause Young (Allocation Failure) 987M->236M(1066M) 0.619ms
[133.075s][info][safepoint] Safepoint "ParallelGCFailedAllocation", Time since last: 78128200 ns, Reaching safepoint: 132900 ns, At safepoint: 701300 ns, Total: 834200 ns
[133.152s][info][gc       ] GC(2168) Pause Young (Allocation Failure) 955M->236M(1035M) 0.808ms
[133.152s][info][safepoint] Safepoint "ParallelGCFailedAllocation", Time since last: 75654300 ns, Reaching safepoint: 205200 ns, At safepoint: 904000 ns, Total: 1109200 ns
[133.224s][info][gc       ] GC(2169) Pause Young (Allocation Failure) 926M->236M(1006M) 0.688ms
[133.224s][info][safepoint] Safepoint "ParallelGCFailedAllocation", Time since last: 70961300 ns, Reaching safepoint: 131100 ns, At safepoint: 768800 ns, Total: 899900 ns
[133.295s][info][gc       ] GC(2170) Pause Young (Allocation Failure) 897M->236M(979M) 1.078ms
[133.295s][info][safepoint] Safepoint "ParallelGCFailedAllocation", Time since last: 69905700 ns, Reaching safepoint: 130100 ns, At safepoint: 1161200 ns, Total: 1291300 ns
[133.366s][info][gc       ] GC(2171) Pause Young (Allocation Failure) 868M->236M(951M) 0.945ms
[133.366s][info][safepoint] Safepoint "ParallelGCFailedAllocation", Time since last: 69721100 ns, Reaching safepoint: 189000 ns, At safepoint: 1025600 ns, Total: 1214600 ns
[133.432s][info][gc       ] GC(2172) Pause Young (Allocation Failure) 845M->238M(1075M) 0.942ms
[133.432s][info][safepoint] Safepoint "ParallelGCFailedAllocation", Time since last: 64724700 ns, Reaching safepoint: 134200 ns, At safepoint: 1021800 ns, Total: 1156000 ns
[133.510s][info][gc       ] GC(2173) Pause Young (Allocation Failure) 969M->238M(1044M) 0.701ms
[133.510s][info][safepoint] Safepoint "ParallelGCFailedAllocation", Time since last: 77162000 ns, Reaching safepoint: 158100 ns, At safepoint: 787000 ns, Total: 945100 ns
[133.586s][info][gc       ] GC(2174) Pause Young (Allocation Failure) 937M->238M(1014M) 0.960ms
[133.586s][info][safepoint] Safepoint "ParallelGCFailedAllocation", Time since last: 74676300 ns, Reaching safepoint: 181500 ns, At safepoint: 1058300 ns, Total: 1239800 ns
[133.658s][info][gc       ] GC(2175) Pause Young (Allocation Failure) 908M->238M(1145M) 1.610ms
[133.658s][info][safepoint] Safepoint "ParallelGCFailedAllocation", Time since last: 70548800 ns, Reaching safepoint: 176800 ns, At safepoint: 1706200 ns, Total: 1883000 ns
[133.744s][info][gc       ] GC(2176) Pause Young (Allocation Failure) 1041M->242M(1312M) 1.047ms
[133.744s][info][safepoint] Safepoint "ParallelGCFailedAllocation", Time since last: 84857500 ns, Reaching safepoint: 204900 ns, At safepoint: 1127700 ns, Total: 1332600 ns
[133.848s][info][gc       ] GC(2177) Pause Young (Allocation Failure) 1206M->242M(1429M) 0.719ms
[133.848s][info][safepoint] Safepoint "ParallelGCFailedAllocation", Time since last: 102492700 ns, Reaching safepoint: 204200 ns, At safepoint: 799600 ns, Total: 1003800 ns
[133.970s][info][gc       ] GC(2178) Pause Young (Allocation Failure) 1325M->240M(1377M) 1.123ms
[133.970s][info][safepoint] Safepoint "ParallelGCFailedAllocation", Time since last: 120849800 ns, Reaching safepoint: 122100 ns, At safepoint: 1204300 ns, Total: 1326400 ns
[134.081s][info][gc       ] GC(2179) Pause Young (Allocation Failure) 1274M->242M(1333M) 0.826ms
[134.081s][info][safepoint] Safepoint "ParallelGCFailedAllocation", Time since last: 109411400 ns, Reaching safepoint: 151300 ns, At safepoint: 956800 ns, Total: 1108100 ns
[134.185s][info][gc       ] GC(2180) Pause Young (Allocation Failure) 1230M->240M(1287M) 0.905ms
[134.185s][info][safepoint] Safepoint "ParallelGCFailedAllocation", Time since last: 103235700 ns, Reaching safepoint: 207500 ns, At safepoint: 1033100 ns, Total: 1240600 ns
[134.284s][info][gc       ] GC(2181) Pause Young (Allocation Failure) 1186M->240M(1246M) 0.685ms
[134.284s][info][safepoint] Safepoint "ParallelGCFailedAllocation", Time since last: 97683100 ns, Reaching safepoint: 198700 ns, At safepoint: 767100 ns, Total: 965800 ns
[134.380s][info][gc       ] GC(2182) Pause Young (Allocation Failure) 1142M->242M(1208M) 0.814ms
[134.380s][info][safepoint] Safepoint "ParallelGCFailedAllocation", Time since last: 95068400 ns, Reaching safepoint: 124400 ns, At safepoint: 926100 ns, Total: 1050500 ns
[134.471s][info][gc       ] GC(2183) Pause Young (Allocation Failure) 1107M->240M(1169M) 0.718ms
[134.471s][info][safepoint] Safepoint "ParallelGCFailedAllocation", Time since last: 90126100 ns, Reaching safepoint: 136000 ns, At safepoint: 818800 ns, Total: 954800 ns
[134.559s][info][gc       ] GC(2184) Pause Young (Allocation Failure) 1065M->242M(1135M) 0.670ms
[134.559s][info][safepoint] Safepoint "ParallelGCFailedAllocation", Time since last: 86834500 ns, Reaching safepoint: 134500 ns, At safepoint: 782300 ns, Total: 916800 ns
[134.642s][info][gc       ] GC(2185) Pause Young (Allocation Failure) 1031M->242M(1101M) 0.602ms
[134.643s][info][safepoint] Safepoint "ParallelGCFailedAllocation", Time since last: 83020300 ns, Reaching safepoint: 124900 ns, At safepoint: 680600 ns, Total: 805500 ns
[134.723s][info][gc       ] GC(2186) Pause Young (Allocation Failure) 998M->242M(1069M) 0.671ms
[134.723s][info][safepoint] Safepoint "ParallelGCFailedAllocation", Time since last: 79398600 ns, Reaching safepoint: 139400 ns, At safepoint: 770600 ns, Total: 910000 ns
[134.799s][info][gc       ] GC(2187) Pause Young (Allocation Failure) 966M->242M(1039M) 0.555ms
[134.799s][info][safepoint] Safepoint "ParallelGCFailedAllocation", Time since last: 75018400 ns, Reaching safepoint: 193300 ns, At safepoint: 620300 ns, Total: 813600 ns
[134.875s][info][gc       ] GC(2188) Pause Young (Allocation Failure) 937M->242M(1010M) 1.024ms
[134.875s][info][safepoint] Safepoint "ParallelGCFailedAllocation", Time since last: 74666000 ns, Reaching safepoint: 231500 ns, At safepoint: 1105100 ns, Total: 1336600 ns
[134.951s][info][gc       ] GC(2189) Pause Young (Allocation Failure) 907M->242M(982M) 0.780ms
[134.951s][info][safepoint] Safepoint "ParallelGCFailedAllocation", Time since last: 75635700 ns, Reaching safepoint: 199300 ns, At safepoint: 856600 ns, Total: 1055900 ns
[135.021s][info][gc       ] GC(2190) Pause Young (Allocation Failure) 878M->242M(956M) 0.848ms
[135.021s][info][safepoint] Safepoint "ParallelGCFailedAllocation", Time since last: 68665900 ns, Reaching safepoint: 191300 ns, At safepoint: 939200 ns, Total: 1130500 ns
[135.087s][info][gc       ] GC(2191) Pause Young (Allocation Failure) 850M->242M(931M) 0.728ms
[135.087s][info][safepoint] Safepoint "ParallelGCFailedAllocation", Time since last: 64722400 ns, Reaching safepoint: 146000 ns, At safepoint: 805300 ns, Total: 951300 ns
[135.149s][info][gc       ] GC(2192) Pause Young (Allocation Failure) 829M->242M(907M) 0.935ms
[135.149s][info][safepoint] Safepoint "ParallelGCFailedAllocation", Time since last: 61180700 ns, Reaching safepoint: 116000 ns, At safepoint: 1040500 ns, Total: 1156500 ns
[135.210s][info][gc       ] GC(2193) Pause Young (Allocation Failure) 804M->242M(884M) 0.661ms
[135.210s][info][safepoint] Safepoint "ParallelGCFailedAllocation", Time since last: 59571200 ns, Reaching safepoint: 187900 ns, At safepoint: 745300 ns, Total: 933200 ns
[135.267s][info][gc       ] GC(2194) Pause Young (Allocation Failure) 783M->242M(993M) 1.031ms
[135.267s][info][safepoint] Safepoint "ParallelGCFailedAllocation", Time since last: 55928800 ns, Reaching safepoint: 144300 ns, At safepoint: 1194300 ns, Total: 1338600 ns
[135.337s][info][gc       ] GC(2195) Pause Young (Allocation Failure) 891M->242M(1121M) 0.966ms
[135.337s][info][safepoint] Safepoint "ParallelGCFailedAllocation", Time since last: 68692800 ns, Reaching safepoint: 188900 ns, At safepoint: 1053400 ns, Total: 1242300 ns
[135.424s][info][gc       ] GC(2196) Pause Young (Allocation Failure) 1021M->244M(1279M) 0.986ms
[135.424s][info][safepoint] Safepoint "ParallelGCFailedAllocation", Time since last: 85393300 ns, Reaching safepoint: 217100 ns, At safepoint: 1066900 ns, Total: 1284000 ns
[135.523s][info][gc       ] GC(2197) Pause Young (Allocation Failure) 1178M->244M(1238M) 0.759ms
[135.523s][info][safepoint] Safepoint "ParallelGCFailedAllocation", Time since last: 98317800 ns, Reaching safepoint: 175700 ns, At safepoint: 838700 ns, Total: 1014400 ns
[135.619s][info][gc       ] GC(2198) Pause Young (Allocation Failure) 1138M->242M(1197M) 0.771ms
[135.619s][info][safepoint] Safepoint "ParallelGCFailedAllocation", Time since last: 95009700 ns, Reaching safepoint: 196300 ns, At safepoint: 853300 ns, Total: 1049600 ns
[135.709s][info][gc       ] GC(2199) Pause Young (Allocation Failure) 1094M->244M(1162M) 0.712ms
[135.709s][info][safepoint] Safepoint "ParallelGCFailedAllocation", Time since last: 88686200 ns, Reaching safepoint: 206900 ns, At safepoint: 791300 ns, Total: 998200 ns
[135.794s][info][gc       ] GC(2200) Pause Young (Allocation Failure) 1062M->244M(1127M) 0.877ms
[135.794s][info][safepoint] Safepoint "ParallelGCFailedAllocation", Time since last: 84256700 ns, Reaching safepoint: 138000 ns, At safepoint: 982700 ns, Total: 1120700 ns
[135.877s][info][gc       ] GC(2201) Pause Young (Allocation Failure) 1026M->242M(1091M) 0.662ms
[135.877s][info][safepoint] Safepoint "ParallelGCFailedAllocation", Time since last: 81661300 ns, Reaching safepoint: 192300 ns, At safepoint: 756600 ns, Total: 948900 ns
[135.957s][info][gc       ] GC(2202) Pause Young (Allocation Failure) 990M->244M(1061M) 0.967ms
[135.957s][info][safepoint] Safepoint "ParallelGCFailedAllocation", Time since last: 79049000 ns, Reaching safepoint: 203600 ns, At safepoint: 1091100 ns, Total: 1294700 ns
[136.033s][info][gc       ] GC(2203) Pause Young (Allocation Failure) 959M->244M(1031M) 0.647ms
[136.033s][info][safepoint] Safepoint "ParallelGCFailedAllocation", Time since last: 75388100 ns, Reaching safepoint: 147700 ns, At safepoint: 762400 ns, Total: 910100 ns
[136.106s][info][gc       ] GC(2204) Pause Young (Allocation Failure) 929M->244M(1002M) 0.676ms
[136.106s][info][safepoint] Safepoint "ParallelGCFailedAllocation", Time since last: 71761800 ns, Reaching safepoint: 138500 ns, At safepoint: 752500 ns, Total: 891000 ns
[136.176s][info][gc       ] GC(2205) Pause Young (Allocation Failure) 901M->242M(972M) 0.552ms
[136.176s][info][safepoint] Safepoint "ParallelGCFailedAllocation", Time since last: 68860400 ns, Reaching safepoint: 201800 ns, At safepoint: 640200 ns, Total: 842000 ns
[136.242s][info][gc       ] GC(2206) Pause Young (Allocation Failure) 873M->244M(948M) 0.684ms
[136.243s][info][safepoint] Safepoint "ParallelGCFailedAllocation", Time since last: 65938500 ns, Reaching safepoint: 188100 ns, At safepoint: 771500 ns, Total: 959600 ns
[136.311s][info][gc       ] GC(2207) Pause Young (Allocation Failure) 846M->244M(923M) 0.744ms
[136.311s][info][safepoint] Safepoint "ParallelGCFailedAllocation", Time since last: 67416300 ns, Reaching safepoint: 128400 ns, At safepoint: 842300 ns, Total: 970700 ns
[136.372s][info][gc       ] GC(2208) Pause Young (Allocation Failure) 821M->244M(900M) 0.679ms
[136.372s][info][safepoint] Safepoint "ParallelGCFailedAllocation", Time since last: 59792200 ns, Reaching safepoint: 230300 ns, At safepoint: 732700 ns, Total: 963000 ns
[136.431s][info][gc       ] GC(2209) Pause Young (Allocation Failure) 800M->244M(1007M) 1.487ms
[136.431s][info][safepoint] Safepoint "ParallelGCFailedAllocation", Time since last: 57814100 ns, Reaching safepoint: 134500 ns, At safepoint: 1551900 ns, Total: 1686400 ns
[136.502s][info][gc       ] GC(2210) Pause Young (Allocation Failure) 909M->248M(1147M) 0.553ms
[136.502s][info][safepoint] Safepoint "ParallelGCFailedAllocation", Time since last: 69800200 ns, Reaching safepoint: 147600 ns, At safepoint: 650300 ns, Total: 797900 ns
[136.585s][info][gc       ] GC(2211) Pause Young (Allocation Failure) 1049M->246M(1109M) 0.788ms
[136.585s][info][safepoint] Safepoint "ParallelGCFailedAllocation", Time since last: 82279700 ns, Reaching safepoint: 233500 ns, At safepoint: 879900 ns, Total: 1113400 ns
[136.667s][info][gc       ] GC(2212) Pause Young (Allocation Failure) 1013M->248M(1078M) 0.871ms
[136.667s][info][safepoint] Safepoint "ParallelGCFailedAllocation", Time since last: 80352100 ns, Reaching safepoint: 147000 ns, At safepoint: 982900 ns, Total: 1129900 ns
[136.746s][info][gc       ] GC(2213) Pause Young (Allocation Failure) 982M->248M(1047M) 0.768ms
[136.746s][info][safepoint] Safepoint "ParallelGCFailedAllocation", Time since last: 78069300 ns, Reaching safepoint: 181600 ns, At safepoint: 848900 ns, Total: 1030500 ns
[136.822s][info][gc       ] GC(2214) Pause Young (Allocation Failure) 952M->248M(1018M) 0.843ms
[136.822s][info][safepoint] Safepoint "ParallelGCFailedAllocation", Time since last: 75006500 ns, Reaching safepoint: 223800 ns, At safepoint: 922100 ns, Total: 1145900 ns
[136.893s][info][gc       ] GC(2215) Pause Young (Allocation Failure) 922M->248M(990M) 0.809ms
[136.893s][info][safepoint] Safepoint "ParallelGCFailedAllocation", Time since last: 70455100 ns, Reaching safepoint: 186600 ns, At safepoint: 906500 ns, Total: 1093100 ns
[136.965s][info][gc       ] GC(2216) Pause Young (Allocation Failure) 893M->248M(1119M) 1.029ms
[136.965s][info][safepoint] Safepoint "ParallelGCFailedAllocation", Time since last: 70207800 ns, Reaching safepoint: 212600 ns, At safepoint: 1107400 ns, Total: 1320000 ns
[137.048s][info][gc       ] GC(2217) Pause Young (Allocation Failure) 1023M->248M(1086M) 0.544ms
[137.048s][info][safepoint] Safepoint "ParallelGCFailedAllocation", Time since last: 82586000 ns, Reaching safepoint: 173800 ns, At safepoint: 672200 ns, Total: 846000 ns
[137.129s][info][gc       ] GC(2218) Pause Young (Allocation Failure) 991M->246M(1053M) 0.707ms
[137.129s][info][safepoint] Safepoint "ParallelGCFailedAllocation", Time since last: 79392500 ns, Reaching safepoint: 215400 ns, At safepoint: 772200 ns, Total: 987600 ns
[137.205s][info][gc       ] GC(2219) Pause Young (Allocation Failure) 957M->248M(1025M) 0.951ms
[137.205s][info][safepoint] Safepoint "ParallelGCFailedAllocation", Time since last: 75015000 ns, Reaching safepoint: 196700 ns, At safepoint: 1034200 ns, Total: 1230900 ns
[137.281s][info][gc       ] GC(2220) Pause Young (Allocation Failure) 929M->246M(994M) 0.689ms
[137.281s][info][safepoint] Safepoint "ParallelGCFailedAllocation", Time since last: 75378000 ns, Reaching safepoint: 142900 ns, At safepoint: 769000 ns, Total: 911900 ns
[137.351s][info][gc       ] GC(2221) Pause Young (Allocation Failure) 898M->248M(969M) 0.918ms
[137.351s][info][safepoint] Safepoint "ParallelGCFailedAllocation", Time since last: 68689500 ns, Reaching safepoint: 202300 ns, At safepoint: 1005300 ns, Total: 1207600 ns
[137.418s][info][gc       ] GC(2222) Pause Young (Allocation Failure) 872M->246M(941M) 0.642ms
[137.418s][info][safepoint] Safepoint "ParallelGCFailedAllocation", Time since last: 65895100 ns, Reaching safepoint: 180900 ns, At safepoint: 790800 ns, Total: 971700 ns
[137.484s][info][gc       ] GC(2223) Pause Young (Allocation Failure) 845M->248M(919M) 0.692ms
[137.484s][info][safepoint] Safepoint "ParallelGCFailedAllocation", Time since last: 64655300 ns, Reaching safepoint: 212300 ns, At safepoint: 766300 ns, Total: 978600 ns
[137.545s][info][gc       ] GC(2224) Pause Young (Allocation Failure) 823M->248M(1034M) 1.126ms
[137.545s][info][safepoint] Safepoint "ParallelGCFailedAllocation", Time since last: 59570000 ns, Reaching safepoint: 131900 ns, At safepoint: 1201800 ns, Total: 1333700 ns
[137.622s][info][gc       ] GC(2225) Pause Young (Allocation Failure) 939M->246M(1003M) 0.593ms
[137.622s][info][safepoint] Safepoint "ParallelGCFailedAllocation", Time since last: 76266600 ns, Reaching safepoint: 190100 ns, At safepoint: 696700 ns, Total: 886800 ns
[137.693s][info][gc       ] GC(2226) Pause Young (Allocation Failure) 907M->248M(978M) 0.938ms
[137.693s][info][safepoint] Safepoint "ParallelGCFailedAllocation", Time since last: 69664500 ns, Reaching safepoint: 184600 ns, At safepoint: 1055100 ns, Total: 1239700 ns
[137.761s][info][gc       ] GC(2227) Pause Young (Allocation Failure) 883M->246M(950M) 0.750ms
[137.761s][info][safepoint] Safepoint "ParallelGCFailedAllocation", Time since last: 66984200 ns, Reaching safepoint: 184900 ns, At safepoint: 892700 ns, Total: 1077600 ns
[137.825s][info][gc       ] GC(2228) Pause Young (Allocation Failure) 854M->248M(927M) 0.834ms
[137.825s][info][safepoint] Safepoint "ParallelGCFailedAllocation", Time since last: 63230900 ns, Reaching safepoint: 202600 ns, At safepoint: 908200 ns, Total: 1110800 ns
[137.888s][info][gc       ] GC(2229) Pause Young (Allocation Failure) 828M->248M(903M) 0.741ms
[137.888s][info][safepoint] Safepoint "ParallelGCFailedAllocation", Time since last: 62102400 ns, Reaching safepoint: 207600 ns, At safepoint: 824100 ns, Total: 1031700 ns
[137.949s][info][gc       ] GC(2230) Pause Young (Allocation Failure) 807M->248M(881M) 0.946ms
[137.949s][info][safepoint] Safepoint "ParallelGCFailedAllocation", Time since last: 59156800 ns, Reaching safepoint: 169000 ns, At safepoint: 1028700 ns, Total: 1197700 ns
[138.007s][info][gc       ] GC(2231) Pause Young (Allocation Failure) 781M->248M(859M) 0.501ms
[138.007s][info][safepoint] Safepoint "ParallelGCFailedAllocation", Time since last: 58097500 ns, Reaching safepoint: 128700 ns, At safepoint: 672400 ns, Total: 801100 ns
[138.062s][info][gc       ] GC(2232) Pause Young (Allocation Failure) 762M->248M(963M) 0.873ms
[138.062s][info][safepoint] Safepoint "ParallelGCFailedAllocation", Time since last: 53858200 ns, Reaching safepoint: 187100 ns, At safepoint: 966300 ns, Total: 1153400 ns
[138.129s][info][gc       ] GC(2233) Pause Young (Allocation Failure) 867M->248M(1087M) 0.805ms
[138.129s][info][safepoint] Safepoint "ParallelGCFailedAllocation", Time since last: 65364900 ns, Reaching safepoint: 146700 ns, At safepoint: 900500 ns, Total: 1047200 ns
[138.207s][info][gc       ] GC(2234) Pause Young (Allocation Failure) 992M->248M(1236M) 0.882ms
[138.207s][info][safepoint] Safepoint "ParallelGCFailedAllocation", Time since last: 77072900 ns, Reaching safepoint: 179000 ns, At safepoint: 989600 ns, Total: 1168600 ns
[138.303s][info][gc       ] GC(2235) Pause Young (Allocation Failure) 1140M->248M(1197M) 0.716ms
[138.303s][info][safepoint] Safepoint "ParallelGCFailedAllocation", Time since last: 95152400 ns, Reaching safepoint: 212100 ns, At safepoint: 843600 ns, Total: 1055700 ns
[138.392s][info][gc       ] GC(2236) Pause Young (Allocation Failure) 1102M->246M(1158M) 0.684ms
[138.392s][info][safepoint] Safepoint "ParallelGCFailedAllocation", Time since last: 88017100 ns, Reaching safepoint: 139300 ns, At safepoint: 761600 ns, Total: 900900 ns
[138.479s][info][gc       ] GC(2237) Pause Young (Allocation Failure) 1061M->248M(1125M) 0.862ms
[138.479s][info][safepoint] Safepoint "ParallelGCFailedAllocation", Time since last: 85679900 ns, Reaching safepoint: 205100 ns, At safepoint: 943600 ns, Total: 1148700 ns
[138.560s][info][gc       ] GC(2238) Pause Young (Allocation Failure) 1027M->248M(1091M) 0.778ms
[138.561s][info][safepoint] Safepoint "ParallelGCFailedAllocation", Time since last: 80414400 ns, Reaching safepoint: 130100 ns, At safepoint: 897600 ns, Total: 1027700 ns
[138.639s][info][gc       ] GC(2239) Pause Young (Allocation Failure) 996M->248M(1058M) 1.054ms
[138.639s][info][safepoint] Safepoint "ParallelGCFailedAllocation", Time since last: 76966300 ns, Reaching safepoint: 174100 ns, At safepoint: 1136600 ns, Total: 1310700 ns
[138.714s][info][gc       ] GC(2240) Pause Young (Allocation Failure) 963M->248M(1028M) 0.633ms
[138.714s][info][safepoint] Safepoint "ParallelGCFailedAllocation", Time since last: 74277400 ns, Reaching safepoint: 207100 ns, At safepoint: 748900 ns, Total: 956000 ns
[138.789s][info][gc       ] GC(2241) Pause Young (Allocation Failure) 933M->250M(1001M) 0.713ms
[138.789s][info][safepoint] Safepoint "ParallelGCFailedAllocation", Time since last: 73689700 ns, Reaching safepoint: 199300 ns, At safepoint: 794000 ns, Total: 993300 ns
[138.858s][info][gc       ] GC(2242) Pause Young (Allocation Failure) 908M->250M(974M) 0.690ms
[138.858s][info][safepoint] Safepoint "ParallelGCFailedAllocation", Time since last: 68309800 ns, Reaching safepoint: 150200 ns, At safepoint: 769600 ns, Total: 919800 ns
[138.926s][info][gc       ] GC(2243) Pause Young (Allocation Failure) 880M->250M(948M) 0.805ms
[138.926s][info][safepoint] Safepoint "ParallelGCFailedAllocation", Time since last: 67169500 ns, Reaching safepoint: 183400 ns, At safepoint: 892100 ns, Total: 1075500 ns
[138.991s][info][gc       ] GC(2244) Pause Young (Allocation Failure) 854M->250M(923M) 0.810ms
[138.991s][info][safepoint] Safepoint "ParallelGCFailedAllocation", Time since last: 63983100 ns, Reaching safepoint: 215600 ns, At safepoint: 885400 ns, Total: 1101000 ns
[139.053s][info][gc       ] GC(2245) Pause Young (Allocation Failure) 829M->250M(900M) 0.819ms
[139.053s][info][safepoint] Safepoint "ParallelGCFailedAllocation", Time since last: 60704200 ns, Reaching safepoint: 182900 ns, At safepoint: 912000 ns, Total: 1094900 ns
[139.112s][info][gc       ] GC(2246) Pause Young (Allocation Failure) 803M->250M(877M) 0.782ms
[139.112s][info][safepoint] Safepoint "ParallelGCFailedAllocation", Time since last: 58226800 ns, Reaching safepoint: 158000 ns, At safepoint: 855200 ns, Total: 1013200 ns
[139.168s][info][gc       ] GC(2247) Pause Young (Allocation Failure) 784M->248M(854M) 0.554ms
[139.169s][info][safepoint] Safepoint "ParallelGCFailedAllocation", Time since last: 55400800 ns, Reaching safepoint: 177000 ns, At safepoint: 633600 ns, Total: 810600 ns
[139.223s][info][gc       ] GC(2248) Pause Young (Allocation Failure) 758M->250M(835M) 0.644ms
[139.223s][info][safepoint] Safepoint "ParallelGCFailedAllocation", Time since last: 53243800 ns, Reaching safepoint: 205400 ns, At safepoint: 728800 ns, Total: 934200 ns
[139.275s][info][gc       ] GC(2249) Pause Young (Allocation Failure) 741M->250M(816M) 0.780ms
[139.275s][info][safepoint] Safepoint "ParallelGCFailedAllocation", Time since last: 51218300 ns, Reaching safepoint: 110400 ns, At safepoint: 890300 ns, Total: 1000700 ns
[139.329s][info][gc       ] GC(2250) Pause Young (Allocation Failure) 721M->248M(795M) 0.748ms
[139.329s][info][safepoint] Safepoint "ParallelGCFailedAllocation", Time since last: 52862500 ns, Reaching safepoint: 205500 ns, At safepoint: 821800 ns, Total: 1027300 ns
[139.377s][info][gc       ] GC(2251) Pause Young (Allocation Failure) 698M->250M(888M) 0.742ms
[139.377s][info][safepoint] Safepoint "ParallelGCFailedAllocation", Time since last: 47612800 ns, Reaching safepoint: 153200 ns, At safepoint: 844100 ns, Total: 997300 ns
[139.437s][info][gc       ] GC(2252) Pause Young (Allocation Failure) 795M->250M(997M) 1.002ms
[139.437s][info][safepoint] Safepoint "ParallelGCFailedAllocation", Time since last: 58349400 ns, Reaching safepoint: 226000 ns, At safepoint: 1093600 ns, Total: 1319600 ns
[139.507s][info][gc       ] GC(2253) Pause Young (Allocation Failure) 903M->248M(1126M) 0.698ms
[139.507s][info][safepoint] Safepoint "ParallelGCFailedAllocation", Time since last: 68508800 ns, Reaching safepoint: 149600 ns, At safepoint: 817200 ns, Total: 966800 ns
[139.589s][info][gc       ] GC(2254) Pause Young (Allocation Failure) 1032M->250M(1249M) 0.901ms
[139.589s][info][safepoint] Safepoint "ParallelGCFailedAllocation", Time since last: 81719300 ns, Reaching safepoint: 198500 ns, At safepoint: 985000 ns, Total: 1183500 ns
[139.689s][info][gc       ] GC(2255) Pause Young (Allocation Failure) 1151M->250M(1287M) 1.296ms
[139.689s][info][safepoint] Safepoint "ParallelGCFailedAllocation", Time since last: 97854800 ns, Reaching safepoint: 194000 ns, At safepoint: 1399800 ns, Total: 1593800 ns
[139.793s][info][gc       ] GC(2256) Pause Young (Allocation Failure) 1190M->250M(1287M) 1.276ms
[139.793s][info][safepoint] Safepoint "ParallelGCFailedAllocation", Time since last: 102385500 ns, Reaching safepoint: 128500 ns, At safepoint: 1358400 ns, Total: 1486900 ns
[139.893s][info][gc       ] GC(2257) Pause Young (Allocation Failure) 1190M->250M(1475M) 1.106ms
[139.893s][info][safepoint] Safepoint "ParallelGCFailedAllocation", Time since last: 98760400 ns, Reaching safepoint: 215300 ns, At safepoint: 1193700 ns, Total: 1409000 ns
[140.045s][info][gc       ] GC(2258) Pause Young (Allocation Failure) 1380M->250M(1475M) 1.740ms
[140.045s][info][safepoint] Safepoint "ParallelGCFailedAllocation", Time since last: 149821000 ns, Reaching safepoint: 167800 ns, At safepoint: 1892800 ns, Total: 2060600 ns
[140.164s][info][gc       ] GC(2259) Pause Young (Allocation Failure) 1381M->250M(1702M) 1.102ms
[140.164s][info][safepoint] Safepoint "ParallelGCFailedAllocation", Time since last: 117855100 ns, Reaching safepoint: 145000 ns, At safepoint: 1226200 ns, Total: 1371200 ns
[140.338s][info][gc       ] GC(2260) Pause Young (Allocation Failure) 1606M->250M(1638M) 1.270ms
[140.338s][info][safepoint] Safepoint "ParallelGCFailedAllocation", Time since last: 172418700 ns, Reaching safepoint: 204200 ns, At safepoint: 1350800 ns, Total: 1555000 ns
[140.476s][info][gc       ] GC(2261) Pause Young (Allocation Failure) 1544M->248M(1576M) 0.921ms
[140.476s][info][safepoint] Safepoint "ParallelGCFailedAllocation", Time since last: 137051200 ns, Reaching safepoint: 203900 ns, At safepoint: 1076800 ns, Total: 1280700 ns
[140.611s][info][gc       ] GC(2262) Pause Young (Allocation Failure) 1484M->252M(1526M) 1.068ms
[140.611s][info][safepoint] Safepoint "ParallelGCFailedAllocation", Time since last: 133661000 ns, Reaching safepoint: 193700 ns, At safepoint: 1188000 ns, Total: 1381700 ns
[140.736s][info][gc       ] GC(2263) Pause Young (Allocation Failure) 1433M->252M(1471M) 0.972ms
[140.736s][info][safepoint] Safepoint "ParallelGCFailedAllocation", Time since last: 122900400 ns, Reaching safepoint: 222500 ns, At safepoint: 1061100 ns, Total: 1283600 ns
[140.856s][info][gc       ] GC(2264) Pause Young (Allocation Failure) 1379M->250M(1418M) 0.610ms
[140.856s][info][safepoint] Safepoint "ParallelGCFailedAllocation", Time since last: 119399200 ns, Reaching safepoint: 174600 ns, At safepoint: 696800 ns, Total: 871400 ns
[140.968s][info][gc       ] GC(2265) Pause Young (Allocation Failure) 1327M->252M(1372M) 0.575ms
[140.968s][info][safepoint] Safepoint "ParallelGCFailedAllocation", Time since last: 111425300 ns, Reaching safepoint: 123300 ns, At safepoint: 688400 ns, Total: 811700 ns
[141.077s][info][gc       ] GC(2266) Pause Young (Allocation Failure) 1280M->252M(1327M) 0.877ms
[141.077s][info][safepoint] Safepoint "ParallelGCFailedAllocation", Time since last: 107919600 ns, Reaching safepoint: 200900 ns, At safepoint: 970300 ns, Total: 1171200 ns
[141.181s][info][gc       ] GC(2267) Pause Young (Allocation Failure) 1235M->250M(1281M) 0.536ms
[141.181s][info][safepoint] Safepoint "ParallelGCFailedAllocation", Time since last: 102998000 ns, Reaching safepoint: 146500 ns, At safepoint: 607300 ns, Total: 753800 ns
[141.279s][info][gc       ] GC(2268) Pause Young (Allocation Failure) 1188M->252M(1242M) 0.682ms
[141.279s][info][safepoint] Safepoint "ParallelGCFailedAllocation", Time since last: 97200500 ns, Reaching safepoint: 120900 ns, At safepoint: 811800 ns, Total: 932700 ns
[141.372s][info][gc       ] GC(2269) Pause Young (Allocation Failure) 1151M->250M(1201M) 0.672ms
[141.372s][info][safepoint] Safepoint "ParallelGCFailedAllocation", Time since last: 92310700 ns, Reaching safepoint: 149300 ns, At safepoint: 754000 ns, Total: 903300 ns
[141.464s][info][gc       ] GC(2270) Pause Young (Allocation Failure) 1110M->252M(1166M) 0.596ms
[141.464s][info][safepoint] Safepoint "ParallelGCFailedAllocation", Time since last: 90574000 ns, Reaching safepoint: 131600 ns, At safepoint: 670900 ns, Total: 802500 ns
[141.550s][info][gc       ] GC(2271) Pause Young (Allocation Failure) 1074M->252M(1131M) 1.042ms
[141.550s][info][safepoint] Safepoint "ParallelGCFailedAllocation", Time since last: 85261700 ns, Reaching safepoint: 168700 ns, At safepoint: 1127100 ns, Total: 1295800 ns
[141.633s][info][gc       ] GC(2272) Pause Young (Allocation Failure) 1040M->252M(1097M) 0.694ms
[141.633s][info][safepoint] Safepoint "ParallelGCFailedAllocation", Time since last: 82302700 ns, Reaching safepoint: 124400 ns, At safepoint: 783300 ns, Total: 907700 ns
[141.715s][info][gc       ] GC(2273) Pause Young (Allocation Failure) 1006M->250M(1063M) 0.589ms
[141.715s][info][safepoint] Safepoint "ParallelGCFailedAllocation", Time since last: 80986600 ns, Reaching safepoint: 139800 ns, At safepoint: 706500 ns, Total: 846300 ns
[141.793s][info][gc       ] GC(2274) Pause Young (Allocation Failure) 968M->252M(1035M) 0.604ms
[141.793s][info][safepoint] Safepoint "ParallelGCFailedAllocation", Time since last: 77313600 ns, Reaching safepoint: 127900 ns, At safepoint: 679000 ns, Total: 806900 ns
[141.868s][info][gc       ] GC(2275) Pause Young (Allocation Failure) 942M->252M(1006M) 0.729ms
[141.868s][info][safepoint] Safepoint "ParallelGCFailedAllocation", Time since last: 74169500 ns, Reaching safepoint: 127200 ns, At safepoint: 799600 ns, Total: 926800 ns
[141.939s][info][gc       ] GC(2276) Pause Young (Allocation Failure) 914M->250M(976M) 0.715ms
[141.939s][info][safepoint] Safepoint "ParallelGCFailedAllocation", Time since last: 69755800 ns, Reaching safepoint: 216300 ns, At safepoint: 817500 ns, Total: 1033800 ns
[142.008s][info][gc       ] GC(2277) Pause Young (Allocation Failure) 884M->252M(952M) 0.702ms
[142.008s][info][safepoint] Safepoint "ParallelGCFailedAllocation", Time since last: 67824900 ns, Reaching safepoint: 162200 ns, At safepoint: 814000 ns, Total: 976200 ns
[142.074s][info][gc       ] GC(2278) Pause Young (Allocation Failure) 858M->252M(927M) 0.893ms
[142.074s][info][safepoint] Safepoint "ParallelGCFailedAllocation", Time since last: 64558700 ns, Reaching safepoint: 194200 ns, At safepoint: 989600 ns, Total: 1183800 ns
[142.135s][info][gc       ] GC(2279) Pause Young (Allocation Failure) 832M->252M(904M) 0.571ms
[142.135s][info][safepoint] Safepoint "ParallelGCFailedAllocation", Time since last: 60738100 ns, Reaching safepoint: 125200 ns, At safepoint: 658200 ns, Total: 783400 ns
[142.195s][info][gc       ] GC(2280) Pause Young (Allocation Failure) 811M->252M(1016M) 1.289ms
[142.195s][info][safepoint] Safepoint "ParallelGCFailedAllocation", Time since last: 57632900 ns, Reaching safepoint: 187100 ns, At safepoint: 1382400 ns, Total: 1569500 ns
[142.264s][info][gc       ] GC(2281) Pause Young (Allocation Failure) 922M->252M(1151M) 0.491ms
[142.264s][info][safepoint] Safepoint "ParallelGCFailedAllocation", Time since last: 69121800 ns, Reaching safepoint: 120000 ns, At safepoint: 575400 ns, Total: 695400 ns
[142.350s][info][gc       ] GC(2282) Pause Young (Allocation Failure) 1059M->252M(1117M) 0.940ms
[142.350s][info][safepoint] Safepoint "ParallelGCFailedAllocation", Time since last: 84852100 ns, Reaching safepoint: 209000 ns, At safepoint: 1031400 ns, Total: 1240400 ns
[142.433s][info][gc       ] GC(2283) Pause Young (Allocation Failure) 1024M->252M(1084M) 0.648ms
[142.433s][info][safepoint] Safepoint "ParallelGCFailedAllocation", Time since last: 81994600 ns, Reaching safepoint: 214300 ns, At safepoint: 732900 ns, Total: 947200 ns
[142.512s][info][gc       ] GC(2284) Pause Young (Allocation Failure) 992M->252M(1052M) 0.896ms
[142.512s][info][safepoint] Safepoint "ParallelGCFailedAllocation", Time since last: 77135200 ns, Reaching safepoint: 146700 ns, At safepoint: 1012200 ns, Total: 1158900 ns
[142.586s][info][gc       ] GC(2285) Pause Young (Allocation Failure) 957M->252M(1022M) 0.673ms
[142.586s][info][safepoint] Safepoint "ParallelGCFailedAllocation", Time since last: 73416300 ns, Reaching safepoint: 125400 ns, At safepoint: 750200 ns, Total: 875600 ns
[142.659s][info][gc       ] GC(2286) Pause Young (Allocation Failure) 931M->252M(994M) 1.103ms
[142.659s][info][safepoint] Safepoint "ParallelGCFailedAllocation", Time since last: 71307700 ns, Reaching safepoint: 231500 ns, At safepoint: 1188200 ns, Total: 1419700 ns
[142.726s][info][gc       ] GC(2287) Pause Young (Allocation Failure) 903M->250M(965M) 0.596ms
[142.726s][info][safepoint] Safepoint "ParallelGCFailedAllocation", Time since last: 66626500 ns, Reaching safepoint: 155500 ns, At safepoint: 691500 ns, Total: 847000 ns
[142.793s][info][gc       ] GC(2288) Pause Young (Allocation Failure) 873M->252M(1092M) 0.929ms
[142.793s][info][safepoint] Safepoint "ParallelGCFailedAllocation", Time since last: 65487300 ns, Reaching safepoint: 188400 ns, At safepoint: 1019800 ns, Total: 1208200 ns
[142.872s][info][gc       ] GC(2289) Pause Young (Allocation Failure) 999M->250M(1058M) 0.730ms
[142.872s][info][safepoint] Safepoint "ParallelGCFailedAllocation", Time since last: 77810200 ns, Reaching safepoint: 208700 ns, At safepoint: 815000 ns, Total: 1023700 ns
[142.947s][info][gc       ] GC(2290) Pause Young (Allocation Failure) 967M->252M(1030M) 0.926ms
[142.947s][info][safepoint] Safepoint "ParallelGCFailedAllocation", Time since last: 74188400 ns, Reaching safepoint: 198400 ns, At safepoint: 1004300 ns, Total: 1202700 ns
[143.020s][info][gc       ] GC(2291) Pause Young (Allocation Failure) 939M->250M(1000M) 0.730ms
[143.021s][info][safepoint] Safepoint "ParallelGCFailedAllocation", Time since last: 72378500 ns, Reaching safepoint: 208400 ns, At safepoint: 833100 ns, Total: 1041500 ns
[143.090s][info][gc       ] GC(2292) Pause Young (Allocation Failure) 908M->250M(972M) 0.642ms
[143.090s][info][safepoint] Safepoint "ParallelGCFailedAllocation", Time since last: 68273100 ns, Reaching safepoint: 217100 ns, At safepoint: 723000 ns, Total: 940100 ns
[143.157s][info][gc       ] GC(2293) Pause Young (Allocation Failure) 878M->252M(948M) 0.787ms
[143.157s][info][safepoint] Safepoint "ParallelGCFailedAllocation", Time since last: 66376800 ns, Reaching safepoint: 124700 ns, At safepoint: 878200 ns, Total: 1002900 ns
[143.221s][info][gc       ] GC(2294) Pause Young (Allocation Failure) 856M->252M(1069M) 1.209ms
[143.221s][info][safepoint] Safepoint "ParallelGCFailedAllocation", Time since last: 62443500 ns, Reaching safepoint: 226100 ns, At safepoint: 1403400 ns, Total: 1629500 ns
[143.297s][info][gc       ] GC(2295) Pause Young (Allocation Failure) 977M->252M(1039M) 0.494ms
[143.297s][info][safepoint] Safepoint "ParallelGCFailedAllocation", Time since last: 75091200 ns, Reaching safepoint: 197700 ns, At safepoint: 589800 ns, Total: 787500 ns
[143.370s][info][gc       ] GC(2296) Pause Young (Allocation Failure) 946M->252M(1010M) 0.712ms
[143.370s][info][safepoint] Safepoint "ParallelGCFailedAllocation", Time since last: 72262100 ns, Reaching safepoint: 196600 ns, At safepoint: 820900 ns, Total: 1017500 ns
[143.444s][info][gc       ] GC(2297) Pause Young (Allocation Failure) 918M->250M(980M) 1.142ms
[143.444s][info][safepoint] Safepoint "ParallelGCFailedAllocation", Time since last: 71972500 ns, Reaching safepoint: 474800 ns, At safepoint: 1253900 ns, Total: 1728700 ns
[143.511s][info][gc       ] GC(2298) Pause Young (Allocation Failure) 888M->252M(1110M) 0.855ms
[143.511s][info][safepoint] Safepoint "ParallelGCFailedAllocation", Time since last: 66157600 ns, Reaching safepoint: 239100 ns, At safepoint: 994900 ns, Total: 1234000 ns
[143.592s][info][gc       ] GC(2299) Pause Young (Allocation Failure) 1019M->252M(1264M) 0.927ms
[143.592s][info][safepoint] Safepoint "ParallelGCFailedAllocation", Time since last: 79664200 ns, Reaching safepoint: 164500 ns, At safepoint: 1047400 ns, Total: 1211900 ns
[143.688s][info][gc       ] GC(2300) Pause Young (Allocation Failure) 1172M->250M(1222M) 0.793ms
[143.688s][info][safepoint] Safepoint "ParallelGCFailedAllocation", Time since last: 95028700 ns, Reaching safepoint: 204000 ns, At safepoint: 882200 ns, Total: 1086200 ns
[143.781s][info][gc       ] GC(2301) Pause Young (Allocation Failure) 1131M->252M(1186M) 0.928ms
[143.781s][info][safepoint] Safepoint "ParallelGCFailedAllocation", Time since last: 91716400 ns, Reaching safepoint: 209300 ns, At safepoint: 1009500 ns, Total: 1218800 ns
[143.869s][info][gc       ] GC(2302) Pause Young (Allocation Failure) 1094M->252M(1149M) 1.036ms
[143.869s][info][safepoint] Safepoint "ParallelGCFailedAllocation", Time since last: 86514500 ns, Reaching safepoint: 194000 ns, At safepoint: 1133600 ns, Total: 1327600 ns
[143.953s][info][gc       ] GC(2303) Pause Young (Allocation Failure) 1055M->252M(1115M) 0.765ms
[143.953s][info][safepoint] Safepoint "ParallelGCFailedAllocation", Time since last: 82809700 ns, Reaching safepoint: 210900 ns, At safepoint: 955800 ns, Total: 1166700 ns
[144.034s][info][gc       ] GC(2304) Pause Young (Allocation Failure) 1022M->250M(1080M) 0.830ms
[144.034s][info][safepoint] Safepoint "ParallelGCFailedAllocation", Time since last: 79300000 ns, Reaching safepoint: 170900 ns, At safepoint: 915300 ns, Total: 1086200 ns
[144.112s][info][gc       ] GC(2305) Pause Young (Allocation Failure) 987M->252M(1050M) 0.921ms
[144.112s][info][safepoint] Safepoint "ParallelGCFailedAllocation", Time since last: 77186200 ns, Reaching safepoint: 185200 ns, At safepoint: 1042900 ns, Total: 1228100 ns
[144.186s][info][gc       ] GC(2306) Pause Young (Allocation Failure) 959M->250M(1019M) 0.725ms
[144.186s][info][safepoint] Safepoint "ParallelGCFailedAllocation", Time since last: 73110300 ns, Reaching safepoint: 157500 ns, At safepoint: 828000 ns, Total: 985500 ns
[144.260s][info][gc       ] GC(2307) Pause Young (Allocation Failure) 926M->252M(992M) 1.042ms
[144.260s][info][safepoint] Safepoint "ParallelGCFailedAllocation", Time since last: 72314800 ns, Reaching safepoint: 211200 ns, At safepoint: 1153600 ns, Total: 1364800 ns
[144.327s][info][gc       ] GC(2308) Pause Young (Allocation Failure) 901M->250M(963M) 0.834ms
[144.327s][info][safepoint] Safepoint "ParallelGCFailedAllocation", Time since last: 66366400 ns, Reaching safepoint: 217000 ns, At safepoint: 910300 ns, Total: 1127300 ns
[144.393s][info][gc       ] GC(2309) Pause Young (Allocation Failure) 872M->252M(940M) 0.738ms
[144.393s][info][safepoint] Safepoint "ParallelGCFailedAllocation", Time since last: 65175900 ns, Reaching safepoint: 198200 ns, At safepoint: 830800 ns, Total: 1029000 ns
[144.458s][info][gc       ] GC(2310) Pause Young (Allocation Failure) 846M->252M(915M) 0.819ms
[144.458s][info][safepoint] Safepoint "ParallelGCFailedAllocation", Time since last: 63009200 ns, Reaching safepoint: 179600 ns, At safepoint: 911300 ns, Total: 1090900 ns
[144.519s][info][gc       ] GC(2311) Pause Young (Allocation Failure) 824M->252M(1030M) 0.721ms
[144.519s][info][safepoint] Safepoint "ParallelGCFailedAllocation", Time since last: 60230100 ns, Reaching safepoint: 138200 ns, At safepoint: 848300 ns, Total: 986500 ns
[144.593s][info][gc       ] GC(2312) Pause Young (Allocation Failure) 936M->252M(1001M) 0.715ms
[144.593s][info][safepoint] Safepoint "ParallelGCFailedAllocation", Time since last: 73177300 ns, Reaching safepoint: 119700 ns, At safepoint: 836900 ns, Total: 956600 ns
[144.663s][info][gc       ] GC(2313) Pause Young (Allocation Failure) 910M->252M(974M) 0.702ms
[144.663s][info][safepoint] Safepoint "ParallelGCFailedAllocation", Time since last: 69176800 ns, Reaching safepoint: 129400 ns, At safepoint: 777000 ns, Total: 906400 ns
[144.729s][info][gc       ] GC(2314) Pause Young (Allocation Failure) 881M->252M(1100M) 1.009ms
[144.730s][info][safepoint] Safepoint "ParallelGCFailedAllocation", Time since last: 65205900 ns, Reaching safepoint: 195900 ns, At safepoint: 1104500 ns, Total: 1300400 ns
[144.809s][info][gc       ] GC(2315) Pause Young (Allocation Failure) 1009M->252M(1068M) 0.575ms
[144.809s][info][safepoint] Safepoint "ParallelGCFailedAllocation", Time since last: 78475400 ns, Reaching safepoint: 217800 ns, At safepoint: 667200 ns, Total: 885000 ns
[144.886s][info][gc       ] GC(2316) Pause Young (Allocation Failure) 976M->252M(1038M) 0.799ms
[144.886s][info][safepoint] Safepoint "ParallelGCFailedAllocation", Time since last: 75646500 ns, Reaching safepoint: 216500 ns, At safepoint: 878300 ns, Total: 1094800 ns
[144.959s][info][gc       ] GC(2317) Pause Young (Allocation Failure) 946M->252M(1009M) 0.697ms
[144.959s][info][safepoint] Safepoint "ParallelGCFailedAllocation", Time since last: 72225800 ns, Reaching safepoint: 131000 ns, At safepoint: 813000 ns, Total: 944000 ns
[145.029s][info][gc       ] GC(2318) Pause Young (Allocation Failure) 917M->250M(979M) 0.702ms
[145.029s][info][safepoint] Safepoint "ParallelGCFailedAllocation", Time since last: 69346000 ns, Reaching safepoint: 207300 ns, At safepoint: 786500 ns, Total: 993800 ns
[145.096s][info][gc       ] GC(2319) Pause Young (Allocation Failure) 887M->252M(955M) 0.875ms
[145.096s][info][safepoint] Safepoint "ParallelGCFailedAllocation", Time since last: 65967800 ns, Reaching safepoint: 167200 ns, At safepoint: 956500 ns, Total: 1123700 ns
[145.161s][info][gc       ] GC(2320) Pause Young (Allocation Failure) 860M->252M(930M) 0.894ms
[145.161s][info][safepoint] Safepoint "ParallelGCFailedAllocation", Time since last: 63473000 ns, Reaching safepoint: 215900 ns, At safepoint: 976600 ns, Total: 1192500 ns
[145.223s][info][gc       ] GC(2321) Pause Young (Allocation Failure) 839M->252M(906M) 0.629ms
[145.223s][info][safepoint] Safepoint "ParallelGCFailedAllocation", Time since last: 61226400 ns, Reaching safepoint: 126800 ns, At safepoint: 728600 ns, Total: 855400 ns
[145.283s][info][gc       ] GC(2322) Pause Young (Allocation Failure) 812M->252M(1018M) 0.802ms
[145.283s][info][safepoint] Safepoint "ParallelGCFailedAllocation", Time since last: 58649100 ns, Reaching safepoint: 201800 ns, At safepoint: 885700 ns, Total: 1087500 ns
[145.355s][info][gc       ] GC(2323) Pause Young (Allocation Failure) 925M->252M(1151M) 1.068ms
[145.355s][info][safepoint] Safepoint "ParallelGCFailedAllocation", Time since last: 70890000 ns, Reaching safepoint: 146000 ns, At safepoint: 1147200 ns, Total: 1293200 ns
[145.440s][info][gc       ] GC(2324) Pause Young (Allocation Failure) 1061M->252M(1116M) 0.616ms
[145.440s][info][safepoint] Safepoint "ParallelGCFailedAllocation", Time since last: 84276700 ns, Reaching safepoint: 138300 ns, At safepoint: 700100 ns, Total: 838400 ns
[145.522s][info][gc       ] GC(2325) Pause Young (Allocation Failure) 1026M->255M(1085M) 0.931ms
[145.522s][info][safepoint] Safepoint "ParallelGCFailedAllocation", Time since last: 80453000 ns, Reaching safepoint: 193600 ns, At safepoint: 1019300 ns, Total: 1212900 ns
[145.599s][info][gc       ] GC(2326) Pause Young (Allocation Failure) 993M->255M(1054M) 0.728ms
[145.599s][info][safepoint] Safepoint "ParallelGCFailedAllocation", Time since last: 76750500 ns, Reaching safepoint: 216700 ns, At safepoint: 804300 ns, Total: 1021000 ns
[145.674s][info][gc       ] GC(2327) Pause Young (Allocation Failure) 963M->255M(1024M) 0.665ms
[145.674s][info][safepoint] Safepoint "ParallelGCFailedAllocation", Time since last: 74018900 ns, Reaching safepoint: 211000 ns, At safepoint: 785500 ns, Total: 996500 ns
[145.746s][info][gc       ] GC(2328) Pause Young (Allocation Failure) 934M->252M(993M) 0.736ms
[145.746s][info][safepoint] Safepoint "ParallelGCFailedAllocation", Time since last: 70207300 ns, Reaching safepoint: 177700 ns, At safepoint: 810100 ns, Total: 987800 ns
[145.814s][info][gc       ] GC(2329) Pause Young (Allocation Failure) 904M->255M(968M) 0.678ms
[145.814s][info][safepoint] Safepoint "ParallelGCFailedAllocation", Time since last: 67735300 ns, Reaching safepoint: 151900 ns, At safepoint: 774800 ns, Total: 926700 ns
[145.880s][info][gc       ] GC(2330) Pause Young (Allocation Failure) 877M->255M(943M) 0.721ms
[145.880s][info][safepoint] Safepoint "ParallelGCFailedAllocation", Time since last: 64963400 ns, Reaching safepoint: 213100 ns, At safepoint: 795100 ns, Total: 1008200 ns
[145.942s][info][gc       ] GC(2331) Pause Young (Allocation Failure) 851M->255M(918M) 0.630ms
[145.942s][info][safepoint] Safepoint "ParallelGCFailedAllocation", Time since last: 61331500 ns, Reaching safepoint: 147000 ns, At safepoint: 724100 ns, Total: 871100 ns
[146.004s][info][gc       ] GC(2332) Pause Young (Allocation Failure) 829M->255M(895M) 0.907ms
[146.004s][info][safepoint] Safepoint "ParallelGCFailedAllocation", Time since last: 60638200 ns, Reaching safepoint: 165100 ns, At safepoint: 993300 ns, Total: 1158400 ns
[146.062s][info][gc       ] GC(2333) Pause Young (Allocation Failure) 803M->255M(873M) 0.562ms
[146.062s][info][safepoint] Safepoint "ParallelGCFailedAllocation", Time since last: 56913600 ns, Reaching safepoint: 180900 ns, At safepoint: 649500 ns, Total: 830400 ns
[146.118s][info][gc       ] GC(2334) Pause Young (Allocation Failure) 783M->255M(852M) 0.740ms
[146.118s][info][safepoint] Safepoint "ParallelGCFailedAllocation", Time since last: 54892100 ns, Reaching safepoint: 202400 ns, At safepoint: 836300 ns, Total: 1038700 ns
[146.173s][info][gc       ] GC(2335) Pause Young (Allocation Failure) 761M->255M(950M) 1.559ms
[146.173s][info][safepoint] Safepoint "ParallelGCFailedAllocation", Time since last: 53074600 ns, Reaching safepoint: 211100 ns, At safepoint: 1704000 ns, Total: 1915100 ns
[146.237s][info][gc       ] GC(2336) Pause Young (Allocation Failure) 865M->259M(1078M) 0.634ms
[146.237s][info][safepoint] Safepoint "ParallelGCFailedAllocation", Time since last: 63517900 ns, Reaching safepoint: 206000 ns, At safepoint: 775600 ns, Total: 981600 ns
[146.314s][info][gc       ] GC(2337) Pause Young (Allocation Failure) 990M->259M(1223M) 0.872ms
[146.314s][info][safepoint] Safepoint "ParallelGCFailedAllocation", Time since last: 75920400 ns, Reaching safepoint: 157800 ns, At safepoint: 960400 ns, Total: 1118200 ns
[146.406s][info][gc       ] GC(2338) Pause Young (Allocation Failure) 1139M->259M(1399M) 0.796ms
[146.406s][info][safepoint] Safepoint "ParallelGCFailedAllocation", Time since last: 90758200 ns, Reaching safepoint: 129900 ns, At safepoint: 874000 ns, Total: 1003900 ns
[146.520s][info][gc       ] GC(2339) Pause Young (Allocation Failure) 1313M->257M(1350M) 0.742ms
[146.520s][info][safepoint] Safepoint "ParallelGCFailedAllocation", Time since last: 112766900 ns, Reaching safepoint: 198300 ns, At safepoint: 829300 ns, Total: 1027600 ns
[146.626s][info][gc       ] GC(2340) Pause Young (Allocation Failure) 1262M->259M(1308M) 0.690ms
[146.626s][info][safepoint] Safepoint "ParallelGCFailedAllocation", Time since last: 104663800 ns, Reaching safepoint: 208500 ns, At safepoint: 773600 ns, Total: 982100 ns
[146.728s][info][gc       ] GC(2341) Pause Young (Allocation Failure) 1221M->259M(1265M) 0.737ms
[146.728s][info][safepoint] Safepoint "ParallelGCFailedAllocation", Time since last: 101588300 ns, Reaching safepoint: 187800 ns, At safepoint: 824400 ns, Total: 1012200 ns
[146.825s][info][gc       ] GC(2342) Pause Young (Allocation Failure) 1177M->259M(1225M) 0.826ms
[146.825s][info][safepoint] Safepoint "ParallelGCFailedAllocation", Time since last: 95863900 ns, Reaching safepoint: 215500 ns, At safepoint: 936300 ns, Total: 1151800 ns
[146.921s][info][gc       ] GC(2343) Pause Young (Allocation Failure) 1140M->259M(1186M) 0.867ms
[146.921s][info][safepoint] Safepoint "ParallelGCFailedAllocation", Time since last: 94695600 ns, Reaching safepoint: 156900 ns, At safepoint: 962800 ns, Total: 1119700 ns
[147.011s][info][gc       ] GC(2344) Pause Young (Allocation Failure) 1100M->259M(1150M) 1.240ms
[147.011s][info][safepoint] Safepoint "ParallelGCFailedAllocation", Time since last: 88486600 ns, Reaching safepoint: 198500 ns, At safepoint: 1330800 ns, Total: 1529300 ns
[147.097s][info][gc       ] GC(2345) Pause Young (Allocation Failure) 1065M->259M(1115M) 0.781ms
[147.097s][info][safepoint] Safepoint "ParallelGCFailedAllocation", Time since last: 84754000 ns, Reaching safepoint: 193900 ns, At safepoint: 867700 ns, Total: 1061600 ns
[147.178s][info][gc       ] GC(2346) Pause Young (Allocation Failure) 1030M->259M(1082M) 1.081ms
[147.178s][info][safepoint] Safepoint "ParallelGCFailedAllocation", Time since last: 79694400 ns, Reaching safepoint: 178800 ns, At safepoint: 1175500 ns, Total: 1354300 ns
[147.258s][info][gc       ] GC(2347) Pause Young (Allocation Failure) 997M->259M(1051M) 0.800ms
[147.258s][info][safepoint] Safepoint "ParallelGCFailedAllocation", Time since last: 79135700 ns, Reaching safepoint: 192600 ns, At safepoint: 877600 ns, Total: 1070200 ns
[147.333s][info][gc       ] GC(2348) Pause Young (Allocation Failure) 966M->259M(1021M) 0.771ms
[147.333s][info][safepoint] Safepoint "ParallelGCFailedAllocation", Time since last: 74100100 ns, Reaching safepoint: 120500 ns, At safepoint: 849100 ns, Total: 969600 ns
[147.405s][info][gc       ] GC(2349) Pause Young (Allocation Failure) 936M->259M(991M) 0.919ms
[147.405s][info][safepoint] Safepoint "ParallelGCFailedAllocation", Time since last: 70790700 ns, Reaching safepoint: 176700 ns, At safepoint: 1026200 ns, Total: 1202900 ns
[147.476s][info][gc       ] GC(2350) Pause Young (Allocation Failure) 907M->261M(1123M) 0.927ms
[147.476s][info][safepoint] Safepoint "ParallelGCFailedAllocation", Time since last: 69134800 ns, Reaching safepoint: 143300 ns, At safepoint: 1084800 ns, Total: 1228100 ns
[147.558s][info][gc       ] GC(2351) Pause Young (Allocation Failure) 1038M->261M(1089M) 0.735ms
[147.558s][info][safepoint] Safepoint "ParallelGCFailedAllocation", Time since last: 81206900 ns, Reaching safepoint: 243400 ns, At safepoint: 836800 ns, Total: 1080200 ns
[147.637s][info][gc       ] GC(2352) Pause Young (Allocation Failure) 1007M->259M(1056M) 0.698ms
[147.637s][info][safepoint] Safepoint "ParallelGCFailedAllocation", Time since last: 78358600 ns, Reaching safepoint: 191700 ns, At safepoint: 777300 ns, Total: 969000 ns
[147.713s][info][gc       ] GC(2353) Pause Young (Allocation Failure) 972M->259M(1026M) 0.701ms
[147.713s][info][safepoint] Safepoint "ParallelGCFailedAllocation", Time since last: 74724600 ns, Reaching safepoint: 121800 ns, At safepoint: 766900 ns, Total: 888700 ns
[147.785s][info][gc       ] GC(2354) Pause Young (Allocation Failure) 943M->261M(999M) 0.884ms
[147.785s][info][safepoint] Safepoint "ParallelGCFailedAllocation", Time since last: 70969800 ns, Reaching safepoint: 189000 ns, At safepoint: 976900 ns, Total: 1165900 ns
[147.854s][info][gc       ] GC(2355) Pause Young (Allocation Failure) 917M->259M(970M) 0.698ms
[147.854s][info][safepoint] Safepoint "ParallelGCFailedAllocation", Time since last: 68008100 ns, Reaching safepoint: 191900 ns, At safepoint: 778900 ns, Total: 970800 ns
[147.920s][info][gc       ] GC(2356) Pause Young (Allocation Failure) 886M->259M(944M) 0.711ms
[147.920s][info][safepoint] Safepoint "ParallelGCFailedAllocation", Time since last: 64762000 ns, Reaching safepoint: 204000 ns, At safepoint: 805900 ns, Total: 1009900 ns
[147.984s][info][gc       ] GC(2357) Pause Young (Allocation Failure) 862M->261M(922M) 0.636ms
[147.985s][info][safepoint] Safepoint "ParallelGCFailedAllocation", Time since last: 63848100 ns, Reaching safepoint: 206000 ns, At safepoint: 726900 ns, Total: 932900 ns
[148.048s][info][gc       ] GC(2358) Pause Young (Allocation Failure) 840M->261M(898M) 1.004ms
[148.048s][info][safepoint] Safepoint "ParallelGCFailedAllocation", Time since last: 61750900 ns, Reaching safepoint: 207200 ns, At safepoint: 1104900 ns, Total: 1312100 ns
[148.107s][info][gc       ] GC(2359) Pause Young (Allocation Failure) 813M->261M(876M) 0.706ms
[148.107s][info][safepoint] Safepoint "ParallelGCFailedAllocation", Time since last: 58573800 ns, Reaching safepoint: 221300 ns, At safepoint: 815500 ns, Total: 1036800 ns
[148.165s][info][gc       ] GC(2360) Pause Young (Allocation Failure) 793M->261M(855M) 0.722ms
[148.165s][info][safepoint] Safepoint "ParallelGCFailedAllocation", Time since last: 57198400 ns, Reaching safepoint: 124800 ns, At safepoint: 813000 ns, Total: 937800 ns
[148.221s][info][gc       ] GC(2361) Pause Young (Allocation Failure) 771M->261M(957M) 0.875ms
[148.221s][info][safepoint] Safepoint "ParallelGCFailedAllocation", Time since last: 54908000 ns, Reaching safepoint: 208500 ns, At safepoint: 953900 ns, Total: 1162400 ns
[148.287s][info][gc       ] GC(2362) Pause Young (Allocation Failure) 873M->259M(1078M) 0.749ms
[148.287s][info][safepoint] Safepoint "ParallelGCFailedAllocation", Time since last: 64629300 ns, Reaching safepoint: 154500 ns, At safepoint: 854000 ns, Total: 1008500 ns
[148.365s][info][gc       ] GC(2363) Pause Young (Allocation Failure) 993M->261M(1049M) 0.647ms
[148.365s][info][safepoint] Safepoint "ParallelGCFailedAllocation", Time since last: 77402200 ns, Reaching safepoint: 191500 ns, At safepoint: 728100 ns, Total: 919600 ns
[148.441s][info][gc       ] GC(2364) Pause Young (Allocation Failure) 967M->261M(1020M) 0.717ms
[148.442s][info][safepoint] Safepoint "ParallelGCFailedAllocation", Time since last: 75135400 ns, Reaching safepoint: 182100 ns, At safepoint: 824800 ns, Total: 1006900 ns
[148.514s][info][gc       ] GC(2365) Pause Young (Allocation Failure) 936M->261M(992M) 0.887ms
[148.514s][info][safepoint] Safepoint "ParallelGCFailedAllocation", Time since last: 71210900 ns, Reaching safepoint: 219300 ns, At safepoint: 1037400 ns, Total: 1256700 ns
[148.583s][info][gc       ] GC(2366) Pause Young (Allocation Failure) 909M->259M(963M) 0.858ms
[148.583s][info][safepoint] Safepoint "ParallelGCFailedAllocation", Time since last: 68016800 ns, Reaching safepoint: 226700 ns, At safepoint: 981000 ns, Total: 1207700 ns
[148.649s][info][gc       ] GC(2367) Pause Young (Allocation Failure) 879M->259M(937M) 0.717ms
[148.649s][info][safepoint] Safepoint "ParallelGCFailedAllocation", Time since last: 65246000 ns, Reaching safepoint: 162600 ns, At safepoint: 800700 ns, Total: 963300 ns
[148.712s][info][gc       ] GC(2368) Pause Young (Allocation Failure) 854M->261M(915M) 0.739ms
[148.712s][info][safepoint] Safepoint "ParallelGCFailedAllocation", Time since last: 61988600 ns, Reaching safepoint: 138100 ns, At safepoint: 812100 ns, Total: 950200 ns
[148.773s][info][gc       ] GC(2369) Pause Young (Allocation Failure) 832M->261M(1029M) 0.957ms
[148.773s][info][safepoint] Safepoint "ParallelGCFailedAllocation", Time since last: 59771100 ns, Reaching safepoint: 210900 ns, At safepoint: 1042900 ns, Total: 1253800 ns
[148.847s][info][gc       ] GC(2370) Pause Young (Allocation Failure) 946M->261M(1001M) 0.789ms
[148.847s][info][safepoint] Safepoint "ParallelGCFailedAllocation", Time since last: 72870900 ns, Reaching safepoint: 219500 ns, At safepoint: 884400 ns, Total: 1103900 ns
[148.919s][info][gc       ] GC(2371) Pause Young (Allocation Failure) 919M->261M(973M) 0.639ms
[148.919s][info][safepoint] Safepoint "ParallelGCFailedAllocation", Time since last: 70680900 ns, Reaching safepoint: 178800 ns, At safepoint: 730800 ns, Total: 909600 ns
[148.987s][info][gc       ] GC(2372) Pause Young (Allocation Failure) 890M->261M(947M) 0.728ms
[148.987s][info][safepoint] Safepoint "ParallelGCFailedAllocation", Time since last: 67368900 ns, Reaching safepoint: 93800 ns, At safepoint: 809800 ns, Total: 903600 ns
[149.056s][info][gc       ] GC(2373) Pause Young (Allocation Failure) 864M->261M(923M) 0.507ms
[149.056s][info][safepoint] Safepoint "ParallelGCFailedAllocation", Time since last: 68252200 ns, Reaching safepoint: 110100 ns, At safepoint: 590300 ns, Total: 700400 ns
[149.118s][info][gc       ] GC(2374) Pause Young (Allocation Failure) 837M->261M(899M) 0.874ms
[149.118s][info][safepoint] Safepoint "ParallelGCFailedAllocation", Time since last: 60352800 ns, Reaching safepoint: 176200 ns, At safepoint: 975400 ns, Total: 1151600 ns
[149.177s][info][gc       ] GC(2375) Pause Young (Allocation Failure) 815M->261M(1011M) 0.859ms
[149.177s][info][safepoint] Safepoint "ParallelGCFailedAllocation", Time since last: 57919600 ns, Reaching safepoint: 130500 ns, At safepoint: 969900 ns, Total: 1100400 ns
[149.248s][info][gc       ] GC(2376) Pause Young (Allocation Failure) 929M->261M(983M) 0.841ms
[149.248s][info][safepoint] Safepoint "ParallelGCFailedAllocation", Time since last: 70032800 ns, Reaching safepoint: 125500 ns, At safepoint: 912100 ns, Total: 1037600 ns
[149.316s][info][gc       ] GC(2377) Pause Young (Allocation Failure) 900M->261M(956M) 0.497ms
[149.316s][info][safepoint] Safepoint "ParallelGCFailedAllocation", Time since last: 67519000 ns, Reaching safepoint: 125800 ns, At safepoint: 597600 ns, Total: 723400 ns
[149.381s][info][gc       ] GC(2378) Pause Young (Allocation Failure) 873M->261M(931M) 0.680ms
[149.381s][info][safepoint] Safepoint "ParallelGCFailedAllocation", Time since last: 64328500 ns, Reaching safepoint: 183000 ns, At safepoint: 764200 ns, Total: 947200 ns
[149.444s][info][gc       ] GC(2379) Pause Young (Allocation Failure) 847M->261M(1047M) 1.040ms
[149.444s][info][safepoint] Safepoint "ParallelGCFailedAllocation", Time since last: 61320300 ns, Reaching safepoint: 189400 ns, At safepoint: 1149400 ns, Total: 1338800 ns
[149.519s][info][gc       ] GC(2380) Pause Young (Allocation Failure) 967M->261M(1018M) 0.641ms
[149.519s][info][safepoint] Safepoint "ParallelGCFailedAllocation", Time since last: 73872600 ns, Reaching safepoint: 220100 ns, At safepoint: 719600 ns, Total: 939700 ns
[149.590s][info][gc       ] GC(2381) Pause Young (Allocation Failure) 936M->263M(992M) 0.771ms
[149.590s][info][safepoint] Safepoint "ParallelGCFailedAllocation", Time since last: 70300700 ns, Reaching safepoint: 159700 ns, At safepoint: 857000 ns, Total: 1016700 ns
[149.658s][info][gc       ] GC(2382) Pause Young (Allocation Failure) 912M->263M(965M) 0.748ms
[149.658s][info][safepoint] Safepoint "ParallelGCFailedAllocation", Time since last: 67434400 ns, Reaching safepoint: 152200 ns, At safepoint: 828300 ns, Total: 980500 ns
[149.724s][info][gc       ] GC(2383) Pause Young (Allocation Failure) 883M->261M(937M) 0.628ms
[149.724s][info][safepoint] Safepoint "ParallelGCFailedAllocation", Time since last: 64280000 ns, Reaching safepoint: 163000 ns, At safepoint: 716400 ns, Total: 879400 ns
[149.788s][info][gc       ] GC(2384) Pause Young (Allocation Failure) 856M->261M(1057M) 1.130ms
[149.788s][info][safepoint] Safepoint "ParallelGCFailedAllocation", Time since last: 62463500 ns, Reaching safepoint: 297300 ns, At safepoint: 1213400 ns, Total: 1510700 ns
[149.863s][info][gc       ] GC(2385) Pause Young (Allocation Failure) 972M->263M(1029M) 0.675ms
[149.863s][info][safepoint] Safepoint "ParallelGCFailedAllocation", Time since last: 74274500 ns, Reaching safepoint: 203900 ns, At safepoint: 753700 ns, Total: 957600 ns
[149.935s][info][gc       ] GC(2386) Pause Young (Allocation Failure) 946M->263M(1000M) 0.724ms
[149.935s][info][safepoint] Safepoint "ParallelGCFailedAllocation", Time since last: 71620700 ns, Reaching safepoint: 126500 ns, At safepoint: 826200 ns, Total: 952700 ns
[150.009s][info][gc       ] GC(2387) Pause Young (Allocation Failure) 919M->261M(971M) 0.763ms
[150.009s][info][safepoint] Safepoint "ParallelGCFailedAllocation", Time since last: 72907600 ns, Reaching safepoint: 204500 ns, At safepoint: 845600 ns, Total: 1050100 ns
[150.079s][info][gc       ] GC(2388) Pause Young (Allocation Failure) 890M->263M(947M) 0.951ms
[150.079s][info][safepoint] Safepoint "ParallelGCFailedAllocation", Time since last: 68060500 ns, Reaching safepoint: 195000 ns, At safepoint: 1048100 ns, Total: 1243100 ns
[150.143s][info][gc       ] GC(2389) Pause Young (Allocation Failure) 864M->263M(922M) 0.759ms
[150.143s][info][safepoint] Safepoint "ParallelGCFailedAllocation", Time since last: 62945100 ns, Reaching safepoint: 130800 ns, At safepoint: 843700 ns, Total: 974500 ns
[150.206s][info][gc       ] GC(2390) Pause Young (Allocation Failure) 841M->263M(899M) 0.859ms
[150.206s][info][safepoint] Safepoint "ParallelGCFailedAllocation", Time since last: 62533100 ns, Reaching safepoint: 140600 ns, At safepoint: 947600 ns, Total: 1088200 ns
[150.267s][info][gc       ] GC(2391) Pause Young (Allocation Failure) 819M->261M(874M) 0.705ms
[150.267s][info][safepoint] Safepoint "ParallelGCFailedAllocation", Time since last: 59481200 ns, Reaching safepoint: 183400 ns, At safepoint: 788300 ns, Total: 971700 ns
[150.326s][info][gc       ] GC(2392) Pause Young (Allocation Failure) 790M->263M(855M) 0.748ms
[150.326s][info][safepoint] Safepoint "ParallelGCFailedAllocation", Time since last: 58030400 ns, Reaching safepoint: 117500 ns, At safepoint: 821000 ns, Total: 938500 ns
[150.380s][info][gc       ] GC(2393) Pause Young (Allocation Failure) 773M->263M(835M) 0.633ms
[150.380s][info][safepoint] Safepoint "ParallelGCFailedAllocation", Time since last: 53595200 ns, Reaching safepoint: 125700 ns, At safepoint: 717100 ns, Total: 842800 ns
[150.434s][info][gc       ] GC(2394) Pause Young (Allocation Failure) 755M->263M(815M) 0.784ms
[150.434s][info][safepoint] Safepoint "ParallelGCFailedAllocation", Time since last: 53108300 ns, Reaching safepoint: 196900 ns, At safepoint: 863400 ns, Total: 1060300 ns
[150.485s][info][gc       ] GC(2395) Pause Young (Allocation Failure) 735M->261M(795M) 0.588ms
[150.485s][info][safepoint] Safepoint "ParallelGCFailedAllocation", Time since last: 50219200 ns, Reaching safepoint: 210100 ns, At safepoint: 669300 ns, Total: 879400 ns
[150.534s][info][gc       ] GC(2396) Pause Young (Allocation Failure) 710M->263M(779M) 0.604ms
[150.534s][info][safepoint] Safepoint "ParallelGCFailedAllocation", Time since last: 48167100 ns, Reaching safepoint: 124900 ns, At safepoint: 686400 ns, Total: 811300 ns
[150.582s][info][gc       ] GC(2397) Pause Young (Allocation Failure) 699M->263M(867M) 1.144ms
[150.582s][info][safepoint] Safepoint "ParallelGCFailedAllocation", Time since last: 46438600 ns, Reaching safepoint: 121000 ns, At safepoint: 1312300 ns, Total: 1433300 ns
[150.638s][info][gc       ] GC(2398) Pause Young (Allocation Failure) 786M->263M(972M) 0.754ms
[150.638s][info][safepoint] Safepoint "ParallelGCFailedAllocation", Time since last: 55250800 ns, Reaching safepoint: 214600 ns, At safepoint: 830800 ns, Total: 1045400 ns
[150.706s][info][gc       ] GC(2399) Pause Young (Allocation Failure) 891M->263M(1098M) 1.020ms
[150.706s][info][safepoint] Safepoint "ParallelGCFailedAllocation", Time since last: 65830900 ns, Reaching safepoint: 196800 ns, At safepoint: 1108000 ns, Total: 1304800 ns
[150.786s][info][gc       ] GC(2400) Pause Young (Allocation Failure) 1015M->263M(1249M) 0.944ms
[150.786s][info][safepoint] Safepoint "ParallelGCFailedAllocation", Time since last: 79536300 ns, Reaching safepoint: 143000 ns, At safepoint: 1046700 ns, Total: 1189700 ns
[150.882s][info][gc       ] GC(2401) Pause Young (Allocation Failure) 1167M->263M(1366M) 0.663ms
[150.882s][info][safepoint] Safepoint "ParallelGCFailedAllocation", Time since last: 94970100 ns, Reaching safepoint: 218200 ns, At safepoint: 742800 ns, Total: 961000 ns
[150.992s][info][gc       ] GC(2402) Pause Young (Allocation Failure) 1286M->263M(1321M) 1.273ms
[150.992s][info][safepoint] Safepoint "ParallelGCFailedAllocation", Time since last: 107831200 ns, Reaching safepoint: 122200 ns, At safepoint: 1422800 ns, Total: 1545000 ns
[151.095s][info][gc       ] GC(2403) Pause Young (Allocation Failure) 1239M->263M(1361M) 1.548ms
[151.095s][info][safepoint] Safepoint "ParallelGCFailedAllocation", Time since last: 101991200 ns, Reaching safepoint: 127700 ns, At safepoint: 1637900 ns, Total: 1765600 ns
[151.204s][info][gc       ] GC(2404) Pause Young (Allocation Failure) 1282M->268M(1318M) 1.689ms
[151.204s][info][safepoint] Safepoint "ParallelGCFailedAllocation", Time since last: 106309200 ns, Reaching safepoint: 147700 ns, At safepoint: 1811800 ns, Total: 1959500 ns
[151.311s][info][gc       ] GC(2405) Pause Young (Allocation Failure) 1240M->268M(1273M) 1.179ms
[151.311s][info][safepoint] Safepoint "ParallelGCFailedAllocation", Time since last: 106219100 ns, Reaching safepoint: 273600 ns, At safepoint: 1306700 ns, Total: 1580300 ns
[151.411s][info][gc       ] GC(2406) Pause Young (Allocation Failure) 1200M->270M(1234M) 1.002ms
[151.411s][info][safepoint] Safepoint "ParallelGCFailedAllocation", Time since last: 98190500 ns, Reaching safepoint: 204600 ns, At safepoint: 1138600 ns, Total: 1343200 ns
[151.504s][info][gc       ] GC(2407) Pause Young (Allocation Failure) 1161M->270M(1196M) 0.888ms
[151.504s][info][safepoint] Safepoint "ParallelGCFailedAllocation", Time since last: 91875400 ns, Reaching safepoint: 218800 ns, At safepoint: 1040000 ns, Total: 1258800 ns
[151.593s][info][gc       ] GC(2408) Pause Young (Allocation Failure) 1122M->268M(1157M) 1.141ms
[151.594s][info][safepoint] Safepoint "ParallelGCFailedAllocation", Time since last: 87952100 ns, Reaching safepoint: 195800 ns, At safepoint: 1363500 ns, Total: 1559300 ns
[151.679s][info][gc       ] GC(2409) Pause Young (Allocation Failure) 1080M->270M(1124M) 0.660ms
[151.679s][info][safepoint] Safepoint "ParallelGCFailedAllocation", Time since last: 84543200 ns, Reaching safepoint: 199000 ns, At safepoint: 771300 ns, Total: 970300 ns
[151.760s][info][gc       ] GC(2410) Pause Young (Allocation Failure) 1050M->270M(1090M) 0.907ms
[151.760s][info][safepoint] Safepoint "ParallelGCFailedAllocation", Time since last: 80101800 ns, Reaching safepoint: 199100 ns, At safepoint: 1012100 ns, Total: 1211200 ns
[151.839s][info][gc       ] GC(2411) Pause Young (Allocation Failure) 1015M->270M(1059M) 0.844ms
[151.839s][info][safepoint] Safepoint "ParallelGCFailedAllocation", Time since last: 77677200 ns, Reaching safepoint: 181200 ns, At safepoint: 920600 ns, Total: 1101800 ns
[151.914s][info][gc       ] GC(2412) Pause Young (Allocation Failure) 984M->270M(1029M) 1.049ms
[151.914s][info][safepoint] Safepoint "ParallelGCFailedAllocation", Time since last: 73736700 ns, Reaching safepoint: 198400 ns, At safepoint: 1147600 ns, Total: 1346000 ns
[151.988s][info][gc       ] GC(2413) Pause Young (Allocation Failure) 952M->270M(1000M) 0.523ms
[151.988s][info][safepoint] Safepoint "ParallelGCFailedAllocation", Time since last: 72488400 ns, Reaching safepoint: 205200 ns, At safepoint: 610800 ns, Total: 816000 ns
[152.059s][info][gc       ] GC(2414) Pause Young (Allocation Failure) 923M->270M(973M) 0.794ms
[152.059s][info][safepoint] Safepoint "ParallelGCFailedAllocation", Time since last: 70277300 ns, Reaching safepoint: 191700 ns, At safepoint: 910700 ns, Total: 1102400 ns
[152.126s][info][gc       ] GC(2415) Pause Young (Allocation Failure) 897M->270M(947M) 0.668ms
[152.126s][info][safepoint] Safepoint "ParallelGCFailedAllocation", Time since last: 65850500 ns, Reaching safepoint: 198200 ns, At safepoint: 755500 ns, Total: 953700 ns
[152.191s][info][gc       ] GC(2416) Pause Young (Allocation Failure) 870M->270M(922M) 0.737ms
[152.191s][info][safepoint] Safepoint "ParallelGCFailedAllocation", Time since last: 64574000 ns, Reaching safepoint: 191400 ns, At safepoint: 814700 ns, Total: 1006100 ns
[152.253s][info][gc       ] GC(2417) Pause Young (Allocation Failure) 847M->270M(899M) 0.836ms
[152.253s][info][safepoint] Safepoint "ParallelGCFailedAllocation", Time since last: 60248200 ns, Reaching safepoint: 200200 ns, At safepoint: 915400 ns, Total: 1115600 ns
[152.314s][info][gc       ] GC(2418) Pause Young (Allocation Failure) 825M->270M(876M) 0.759ms
[152.314s][info][safepoint] Safepoint "ParallelGCFailedAllocation", Time since last: 59875000 ns, Reaching safepoint: 181000 ns, At safepoint: 856700 ns, Total: 1037700 ns
[152.369s][info][gc       ] GC(2419) Pause Young (Allocation Failure) 800M->270M(855M) 0.488ms
[152.370s][info][safepoint] Safepoint "ParallelGCFailedAllocation", Time since last: 55101200 ns, Reaching safepoint: 156400 ns, At safepoint: 573100 ns, Total: 729500 ns
[152.424s][info][gc       ] GC(2420) Pause Young (Allocation Failure) 780M->268M(833M) 0.670ms
[152.424s][info][safepoint] Safepoint "ParallelGCFailedAllocation", Time since last: 53643200 ns, Reaching safepoint: 112000 ns, At safepoint: 752800 ns, Total: 864800 ns
[152.477s][info][gc       ] GC(2421) Pause Young (Allocation Failure) 756M->270M(815M) 0.688ms
[152.478s][info][safepoint] Safepoint "ParallelGCFailedAllocation", Time since last: 52245700 ns, Reaching safepoint: 494200 ns, At safepoint: 763700 ns, Total: 1257900 ns
[152.527s][info][gc       ] GC(2422) Pause Young (Allocation Failure) 738M->270M(910M) 0.846ms
[152.527s][info][safepoint] Safepoint "ParallelGCFailedAllocation", Time since last: 48699500 ns, Reaching safepoint: 204600 ns, At safepoint: 933900 ns, Total: 1138500 ns
[152.588s][info][gc       ] GC(2423) Pause Young (Allocation Failure) 835M->270M(1023M) 0.654ms
[152.588s][info][safepoint] Safepoint "ParallelGCFailedAllocation", Time since last: 59242000 ns, Reaching safepoint: 214700 ns, At safepoint: 734200 ns, Total: 948900 ns
[152.659s][info][gc       ] GC(2424) Pause Young (Allocation Failure) 949M->270M(995M) 0.709ms
[152.659s][info][safepoint] Safepoint "ParallelGCFailedAllocation", Time since last: 70600600 ns, Reaching safepoint: 131700 ns, At safepoint: 792400 ns, Total: 924100 ns
[152.729s][info][gc       ] GC(2425) Pause Young (Allocation Failure) 920M->270M(1121M) 1.565ms
[152.729s][info][safepoint] Safepoint "ParallelGCFailedAllocation", Time since last: 68396300 ns, Reaching safepoint: 181400 ns, At safepoint: 1646300 ns, Total: 1827700 ns
[152.811s][info][gc       ] GC(2426) Pause Young (Allocation Failure) 1052M->274M(1284M) 0.753ms
[152.811s][info][safepoint] Safepoint "ParallelGCFailedAllocation", Time since last: 80437900 ns, Reaching safepoint: 199800 ns, At safepoint: 899200 ns, Total: 1099000 ns
[152.910s][info][gc       ] GC(2427) Pause Young (Allocation Failure) 1211M->274M(1241M) 0.702ms
[152.910s][info][safepoint] Safepoint "ParallelGCFailedAllocation", Time since last: 98061200 ns, Reaching safepoint: 139900 ns, At safepoint: 858200 ns, Total: 998100 ns
[153.005s][info][gc       ] GC(2428) Pause Young (Allocation Failure) 1172M->272M(1200M) 0.685ms
[153.005s][info][safepoint] Safepoint "ParallelGCFailedAllocation", Time since last: 94551300 ns, Reaching safepoint: 145600 ns, At safepoint: 826200 ns, Total: 971800 ns
[153.099s][info][gc       ] GC(2429) Pause Young (Allocation Failure) 1130M->272M(1163M) 0.726ms
[153.099s][info][safepoint] Safepoint "ParallelGCFailedAllocation", Time since last: 92561200 ns, Reaching safepoint: 186700 ns, At safepoint: 833200 ns, Total: 1019900 ns
[153.186s][info][gc       ] GC(2430) Pause Young (Allocation Failure) 1092M->274M(1129M) 1.012ms
[153.186s][info][safepoint] Safepoint "ParallelGCFailedAllocation", Time since last: 85670800 ns, Reaching safepoint: 135800 ns, At safepoint: 1149300 ns, Total: 1285100 ns
[153.268s][info][gc       ] GC(2431) Pause Young (Allocation Failure) 1058M->274M(1096M) 0.917ms
[153.268s][info][safepoint] Safepoint "ParallelGCFailedAllocation", Time since last: 80831900 ns, Reaching safepoint: 208000 ns, At safepoint: 984200 ns, Total: 1192200 ns
[153.347s][info][gc       ] GC(2432) Pause Young (Allocation Failure) 1023M->274M(1064M) 0.819ms
[153.347s][info][safepoint] Safepoint "ParallelGCFailedAllocation", Time since last: 78035500 ns, Reaching safepoint: 170700 ns, At safepoint: 884800 ns, Total: 1055500 ns
[153.422s][info][gc       ] GC(2433) Pause Young (Allocation Failure) 991M->274M(1033M) 0.629ms
[153.422s][info][safepoint] Safepoint "ParallelGCFailedAllocation", Time since last: 74366600 ns, Reaching safepoint: 130600 ns, At safepoint: 708600 ns, Total: 839200 ns
[153.496s][info][gc       ] GC(2434) Pause Young (Allocation Failure) 962M->272M(1002M) 0.636ms
[153.496s][info][safepoint] Safepoint "ParallelGCFailedAllocation", Time since last: 72724500 ns, Reaching safepoint: 226800 ns, At safepoint: 712000 ns, Total: 938800 ns
[153.566s][info][gc       ] GC(2435) Pause Young (Allocation Failure) 931M->274M(977M) 0.744ms
[153.566s][info][safepoint] Safepoint "ParallelGCFailedAllocation", Time since last: 69138400 ns, Reaching safepoint: 191400 ns, At safepoint: 823100 ns, Total: 1014500 ns
[153.634s][info][gc       ] GC(2436) Pause Young (Allocation Failure) 904M->274M(951M) 0.842ms
[153.634s][info][safepoint] Safepoint "ParallelGCFailedAllocation", Time since last: 66950300 ns, Reaching safepoint: 177600 ns, At safepoint: 937200 ns, Total: 1114800 ns
[153.699s][info][gc       ] GC(2437) Pause Young (Allocation Failure) 882M->274M(926M) 0.848ms
[153.699s][info][safepoint] Safepoint "ParallelGCFailedAllocation", Time since last: 63269000 ns, Reaching safepoint: 208200 ns, At safepoint: 928600 ns, Total: 1136800 ns
[153.760s][info][gc       ] GC(2438) Pause Young (Allocation Failure) 855M->274M(902M) 0.749ms
[153.760s][info][safepoint] Safepoint "ParallelGCFailedAllocation", Time since last: 60361300 ns, Reaching safepoint: 188900 ns, At safepoint: 877600 ns, Total: 1066500 ns
[153.820s][info][gc       ] GC(2439) Pause Young (Allocation Failure) 833M->272M(878M) 0.808ms
[153.820s][info][safepoint] Safepoint "ParallelGCFailedAllocation", Time since last: 58621500 ns, Reaching safepoint: 149300 ns, At safepoint: 889300 ns, Total: 1038600 ns
[153.877s][info][gc       ] GC(2440) Pause Young (Allocation Failure) 807M->274M(987M) 0.838ms
[153.877s][info][safepoint] Safepoint "ParallelGCFailedAllocation", Time since last: 56306400 ns, Reaching safepoint: 124000 ns, At safepoint: 936400 ns, Total: 1060400 ns
[153.946s][info][gc       ] GC(2441) Pause Young (Allocation Failure) 918M->274M(1116M) 0.958ms
[153.946s][info][safepoint] Safepoint "ParallelGCFailedAllocation", Time since last: 67747200 ns, Reaching safepoint: 218700 ns, At safepoint: 1066800 ns, Total: 1285500 ns
[154.037s][info][gc       ] GC(2442) Pause Young (Allocation Failure) 1047M->274M(1273M) 0.923ms
[154.037s][info][safepoint] Safepoint "ParallelGCFailedAllocation", Time since last: 90250500 ns, Reaching safepoint: 129000 ns, At safepoint: 1021400 ns, Total: 1150400 ns
[154.145s][info][gc       ] GC(2443) Pause Young (Allocation Failure) 1201M->274M(1231M) 0.781ms
[154.145s][info][safepoint] Safepoint "ParallelGCFailedAllocation", Time since last: 106449500 ns, Reaching safepoint: 116700 ns, At safepoint: 860900 ns, Total: 977600 ns
[154.242s][info][gc       ] GC(2444) Pause Young (Allocation Failure) 1161M->272M(1190M) 0.755ms
[154.242s][info][safepoint] Safepoint "ParallelGCFailedAllocation", Time since last: 96463100 ns, Reaching safepoint: 140400 ns, At safepoint: 848900 ns, Total: 989300 ns
[154.337s][info][gc       ] GC(2445) Pause Young (Allocation Failure) 1118M->274M(1156M) 0.602ms
[154.337s][info][safepoint] Safepoint "ParallelGCFailedAllocation", Time since last: 93767700 ns, Reaching safepoint: 129900 ns, At safepoint: 673900 ns, Total: 803800 ns
[154.426s][info][gc       ] GC(2446) Pause Young (Allocation Failure) 1086M->274M(1121M) 0.851ms
[154.426s][info][safepoint] Safepoint "ParallelGCFailedAllocation", Time since last: 88103100 ns, Reaching safepoint: 76100 ns, At safepoint: 925500 ns, Total: 1001600 ns
[154.513s][info][gc       ] GC(2447) Pause Young (Allocation Failure) 1051M->272M(1086M) 0.546ms
[154.513s][info][safepoint] Safepoint "ParallelGCFailedAllocation", Time since last: 86631100 ns, Reaching safepoint: 121200 ns, At safepoint: 615900 ns, Total: 737100 ns
[154.597s][info][gc       ] GC(2448) Pause Young (Allocation Failure) 1012M->274M(1056M) 0.690ms
[154.597s][info][safepoint] Safepoint "ParallelGCFailedAllocation", Time since last: 83199500 ns, Reaching safepoint: 117000 ns, At safepoint: 791300 ns, Total: 908300 ns
[154.676s][info][gc       ] GC(2449) Pause Young (Allocation Failure) 985M->274M(1026M) 0.698ms
[154.677s][info][safepoint] Safepoint "ParallelGCFailedAllocation", Time since last: 78101400 ns, Reaching safepoint: 144400 ns, At safepoint: 776100 ns, Total: 920500 ns
[154.755s][info][gc       ] GC(2450) Pause Young (Allocation Failure) 956M->272M(996M) 0.803ms
[154.755s][info][safepoint] Safepoint "ParallelGCFailedAllocation", Time since last: 77126900 ns, Reaching safepoint: 127500 ns, At safepoint: 906300 ns, Total: 1033800 ns
[154.827s][info][gc       ] GC(2451) Pause Young (Allocation Failure) 925M->274M(971M) 0.724ms
[154.827s][info][safepoint] Safepoint "ParallelGCFailedAllocation", Time since last: 71460100 ns, Reaching safepoint: 126200 ns, At safepoint: 799400 ns, Total: 925600 ns
[154.897s][info][gc       ] GC(2452) Pause Young (Allocation Failure) 902M->274M(945M) 1.131ms
[154.897s][info][safepoint] Safepoint "ParallelGCFailedAllocation", Time since last: 68443500 ns, Reaching safepoint: 158900 ns, At safepoint: 1208900 ns, Total: 1367800 ns
[154.966s][info][gc       ] GC(2453) Pause Young (Allocation Failure) 875M->274M(920M) 0.373ms
[154.966s][info][safepoint] Safepoint "ParallelGCFailedAllocation", Time since last: 68247300 ns, Reaching safepoint: 54300 ns, At safepoint: 454600 ns, Total: 508900 ns
[155.029s][info][gc       ] GC(2454) Pause Young (Allocation Failure) 850M->272M(895M) 0.721ms
[155.029s][info][safepoint] Safepoint "ParallelGCFailedAllocation", Time since last: 62826000 ns, Reaching safepoint: 159200 ns, At safepoint: 813600 ns, Total: 972800 ns
[155.092s][info][gc       ] GC(2455) Pause Young (Allocation Failure) 825M->272M(1006M) 1.607ms
[155.092s][info][safepoint] Safepoint "ParallelGCFailedAllocation", Time since last: 61223700 ns, Reaching safepoint: 137300 ns, At safepoint: 1700800 ns, Total: 1838100 ns
[155.167s][info][gc       ] GC(2456) Pause Young (Allocation Failure) 934M->274M(980M) 0.655ms
[155.167s][info][safepoint] Safepoint "ParallelGCFailedAllocation", Time since last: 73540900 ns, Reaching safepoint: 118100 ns, At safepoint: 753600 ns, Total: 871700 ns
[155.241s][info][gc       ] GC(2457) Pause Young (Allocation Failure) 907M->274M(954M) 0.597ms
[155.241s][info][safepoint] Safepoint "ParallelGCFailedAllocation", Time since last: 72888300 ns, Reaching safepoint: 130300 ns, At safepoint: 676700 ns, Total: 807000 ns
[155.309s][info][gc       ] GC(2458) Pause Young (Allocation Failure) 885M->274M(1076M) 1.144ms
[155.310s][info][safepoint] Safepoint "ParallelGCFailedAllocation", Time since last: 67545200 ns, Reaching safepoint: 112600 ns, At safepoint: 1514000 ns, Total: 1626600 ns
[155.392s][info][gc       ] GC(2459) Pause Young (Allocation Failure) 1007M->272M(1043M) 0.581ms
[155.392s][info][safepoint] Safepoint "ParallelGCFailedAllocation", Time since last: 81086700 ns, Reaching safepoint: 147500 ns, At safepoint: 655800 ns, Total: 803300 ns
[155.472s][info][gc       ] GC(2460) Pause Young (Allocation Failure) 973M->274M(1016M) 0.903ms
[155.472s][info][safepoint] Safepoint "ParallelGCFailedAllocation", Time since last: 79675900 ns, Reaching safepoint: 123600 ns, At safepoint: 978100 ns, Total: 1101700 ns
[155.547s][info][gc       ] GC(2461) Pause Young (Allocation Failure) 947M->272M(986M) 0.780ms
[155.548s][info][safepoint] Safepoint "ParallelGCFailedAllocation", Time since last: 74036200 ns, Reaching safepoint: 124700 ns, At safepoint: 904300 ns, Total: 1029000 ns
[155.619s][info][gc       ] GC(2462) Pause Young (Allocation Failure) 915M->272M(959M) 0.659ms
[155.619s][info][safepoint] Safepoint "ParallelGCFailedAllocation", Time since last: 70585600 ns, Reaching safepoint: 142500 ns, At safepoint: 746100 ns, Total: 888600 ns
[155.689s][info][gc       ] GC(2463) Pause Young (Allocation Failure) 890M->274M(936M) 0.595ms
[155.689s][info][safepoint] Safepoint "ParallelGCFailedAllocation", Time since last: 69424400 ns, Reaching safepoint: 48800 ns, At safepoint: 667600 ns, Total: 716400 ns
[155.754s][info][gc       ] GC(2464) Pause Young (Allocation Failure) 863M->274M(912M) 0.732ms
[155.754s][info][safepoint] Safepoint "ParallelGCFailedAllocation", Time since last: 64281700 ns, Reaching safepoint: 120100 ns, At safepoint: 803900 ns, Total: 924000 ns
[155.820s][info][gc       ] GC(2465) Pause Young (Allocation Failure) 842M->272M(887M) 0.621ms
[155.820s][info][safepoint] Safepoint "ParallelGCFailedAllocation", Time since last: 64976700 ns, Reaching safepoint: 103300 ns, At safepoint: 698700 ns, Total: 802000 ns
[155.884s][info][gc       ] GC(2466) Pause Young (Allocation Failure) 817M->272M(865M) 0.605ms
[155.884s][info][safepoint] Safepoint "ParallelGCFailedAllocation", Time since last: 63473200 ns, Reaching safepoint: 134400 ns, At safepoint: 686000 ns, Total: 820400 ns
[155.942s][info][gc       ] GC(2467) Pause Young (Allocation Failure) 793M->274M(846M) 0.677ms
[155.942s][info][safepoint] Safepoint "ParallelGCFailedAllocation", Time since last: 56260700 ns, Reaching safepoint: 180400 ns, At safepoint: 756900 ns, Total: 937300 ns
[155.997s][info][gc       ] GC(2468) Pause Young (Allocation Failure) 774M->274M(826M) 0.751ms
[155.997s][info][safepoint] Safepoint "ParallelGCFailedAllocation", Time since last: 54232800 ns, Reaching safepoint: 202800 ns, At safepoint: 844300 ns, Total: 1047100 ns
[156.048s][info][gc       ] GC(2469) Pause Young (Allocation Failure) 756M->274M(807M) 0.634ms
[156.048s][info][safepoint] Safepoint "ParallelGCFailedAllocation", Time since last: 50560500 ns, Reaching safepoint: 189100 ns, At safepoint: 729500 ns, Total: 918600 ns
[156.099s][info][gc       ] GC(2470) Pause Young (Allocation Failure) 736M->272M(787M) 0.709ms
[156.099s][info][safepoint] Safepoint "ParallelGCFailedAllocation", Time since last: 49282300 ns, Reaching safepoint: 661700 ns, At safepoint: 798600 ns, Total: 1460300 ns
[156.146s][info][gc       ] GC(2471) Pause Young (Allocation Failure) 713M->274M(878M) 0.708ms
[156.146s][info][safepoint] Safepoint "ParallelGCFailedAllocation", Time since last: 46140100 ns, Reaching safepoint: 183900 ns, At safepoint: 872600 ns, Total: 1056500 ns
[156.202s][info][gc       ] GC(2472) Pause Young (Allocation Failure) 809M->272M(983M) 0.792ms
[156.202s][info][safepoint] Safepoint "ParallelGCFailedAllocation", Time since last: 54879800 ns, Reaching safepoint: 205100 ns, At safepoint: 881500 ns, Total: 1086600 ns
[156.271s][info][gc       ] GC(2473) Pause Young (Allocation Failure) 914M->274M(1114M) 0.853ms
[156.271s][info][safepoint] Safepoint "ParallelGCFailedAllocation", Time since last: 67799600 ns, Reaching safepoint: 156300 ns, At safepoint: 934400 ns, Total: 1090700 ns
[156.355s][info][gc       ] GC(2474) Pause Young (Allocation Failure) 1043M->274M(1081M) 0.938ms
[156.355s][info][safepoint] Safepoint "ParallelGCFailedAllocation", Time since last: 82956400 ns, Reaching safepoint: 120000 ns, At safepoint: 1009800 ns, Total: 1129800 ns
[156.435s][info][gc       ] GC(2475) Pause Young (Allocation Failure) 1012M->274M(1050M) 0.675ms
[156.435s][info][safepoint] Safepoint "ParallelGCFailedAllocation", Time since last: 78631700 ns, Reaching safepoint: 120500 ns, At safepoint: 751700 ns, Total: 872200 ns
[156.512s][info][gc       ] GC(2476) Pause Young (Allocation Failure) 980M->274M(1020M) 0.758ms
[156.512s][info][safepoint] Safepoint "ParallelGCFailedAllocation", Time since last: 76499000 ns, Reaching safepoint: 173200 ns, At safepoint: 861600 ns, Total: 1034800 ns
[156.584s][info][gc       ] GC(2477) Pause Young (Allocation Failure) 951M->274M(992M) 0.614ms
[156.584s][info][safepoint] Safepoint "ParallelGCFailedAllocation", Time since last: 71296900 ns, Reaching safepoint: 150000 ns, At safepoint: 690600 ns, Total: 840600 ns
[156.653s][info][gc       ] GC(2478) Pause Young (Allocation Failure) 919M->274M(965M) 0.806ms
[156.653s][info][safepoint] Safepoint "ParallelGCFailedAllocation", Time since last: 67429600 ns, Reaching safepoint: 140500 ns, At safepoint: 893700 ns, Total: 1034200 ns
[156.720s][info][gc       ] GC(2479) Pause Young (Allocation Failure) 892M->274M(939M) 0.627ms
[156.720s][info][safepoint] Safepoint "ParallelGCFailedAllocation", Time since last: 66087500 ns, Reaching safepoint: 199800 ns, At safepoint: 711700 ns, Total: 911500 ns
[156.784s][info][gc       ] GC(2480) Pause Young (Allocation Failure) 869M->274M(915M) 1.063ms
[156.784s][info][safepoint] Safepoint "ParallelGCFailedAllocation", Time since last: 62851800 ns, Reaching safepoint: 185200 ns, At safepoint: 1154500 ns, Total: 1339700 ns
[156.845s][info][gc       ] GC(2481) Pause Young (Allocation Failure) 842M->274M(892M) 0.633ms
[156.846s][info][safepoint] Safepoint "ParallelGCFailedAllocation", Time since last: 60556700 ns, Reaching safepoint: 179300 ns, At safepoint: 765900 ns, Total: 945200 ns
[156.904s][info][gc       ] GC(2482) Pause Young (Allocation Failure) 821M->274M(870M) 0.797ms
[156.904s][info][safepoint] Safepoint "ParallelGCFailedAllocation", Time since last: 57306700 ns, Reaching safepoint: 190000 ns, At safepoint: 887900 ns, Total: 1077900 ns
[156.961s][info][gc       ] GC(2483) Pause Young (Allocation Failure) 799M->274M(975M) 1.239ms
[156.961s][info][safepoint] Safepoint "ParallelGCFailedAllocation", Time since last: 55432200 ns, Reaching safepoint: 181500 ns, At safepoint: 1325400 ns, Total: 1506900 ns
[157.028s][info][gc       ] GC(2484) Pause Young (Allocation Failure) 906M->274M(1102M) 0.790ms
[157.028s][info][safepoint] Safepoint "ParallelGCFailedAllocation", Time since last: 66109500 ns, Reaching safepoint: 169800 ns, At safepoint: 929900 ns, Total: 1099700 ns
[157.109s][info][gc       ] GC(2485) Pause Young (Allocation Failure) 1032M->274M(1163M) 1.633ms
[157.109s][info][safepoint] Safepoint "ParallelGCFailedAllocation", Time since last: 79035200 ns, Reaching safepoint: 193500 ns, At safepoint: 1742300 ns, Total: 1935800 ns
[157.199s][info][gc       ] GC(2486) Pause Young (Allocation Failure) 1093M->279M(1166M) 0.756ms
[157.199s][info][safepoint] Safepoint "ParallelGCFailedAllocation", Time since last: 88638200 ns, Reaching safepoint: 194000 ns, At safepoint: 860100 ns, Total: 1054100 ns
[157.289s][info][gc       ] GC(2487) Pause Young (Allocation Failure) 1098M->279M(1330M) 1.506ms
[157.289s][info][safepoint] Safepoint "ParallelGCFailedAllocation", Time since last: 88384200 ns, Reaching safepoint: 200900 ns, At safepoint: 1602700 ns, Total: 1803600 ns
[157.420s][info][gc       ] GC(2488) Pause Young (Allocation Failure) 1260M->279M(1330M) 1.391ms
[157.420s][info][safepoint] Safepoint "ParallelGCFailedAllocation", Time since last: 129349800 ns, Reaching safepoint: 213900 ns, At safepoint: 1570100 ns, Total: 1784000 ns
[157.525s][info][gc       ] GC(2489) Pause Young (Allocation Failure) 1261M->279M(1526M) 1.917ms
[157.525s][info][safepoint] Safepoint "ParallelGCFailedAllocation", Time since last: 103165100 ns, Reaching safepoint: 188400 ns, At safepoint: 2010000 ns, Total: 2198400 ns
[157.678s][info][gc       ] GC(2490) Pause Young (Allocation Failure) 1457M->279M(1526M) 1.603ms
[157.678s][info][safepoint] Safepoint "ParallelGCFailedAllocation", Time since last: 151042600 ns, Reaching safepoint: 154900 ns, At safepoint: 1698100 ns, Total: 1853000 ns
[157.803s][info][gc       ] GC(2491) Pause Young (Allocation Failure) 1458M->279M(1763M) 1.338ms
[157.803s][info][safepoint] Safepoint "ParallelGCFailedAllocation", Time since last: 123487300 ns, Reaching safepoint: 191900 ns, At safepoint: 1422400 ns, Total: 1614300 ns
[157.987s][info][gc       ] GC(2492) Pause Young (Allocation Failure) 1696M->279M(1763M) 1.809ms
[157.987s][info][safepoint] Safepoint "ParallelGCFailedAllocation", Time since last: 181239900 ns, Reaching safepoint: 215300 ns, At safepoint: 1948400 ns, Total: 2163700 ns
[158.135s][info][gc       ] GC(2493) Pause Young (Allocation Failure) 1692M->279M(1696M) 1.016ms
[158.135s][info][safepoint] Safepoint "ParallelGCFailedAllocation", Time since last: 146729300 ns, Reaching safepoint: 180200 ns, At safepoint: 1107000 ns, Total: 1287200 ns
[158.275s][info][gc       ] GC(2494) Pause Young (Allocation Failure) 1628M->279M(1635M) 1.398ms
[158.276s][info][safepoint] Safepoint "ParallelGCFailedAllocation", Time since last: 139024100 ns, Reaching safepoint: 151400 ns, At safepoint: 1487400 ns, Total: 1638800 ns
[158.414s][info][gc       ] GC(2495) Pause Young (Allocation Failure) 1570M->277M(1574M) 0.869ms
[158.414s][info][safepoint] Safepoint "ParallelGCFailedAllocation", Time since last: 137071100 ns, Reaching safepoint: 142500 ns, At safepoint: 977400 ns, Total: 1119900 ns
[158.544s][info][gc       ] GC(2496) Pause Young (Allocation Failure) 1509M->277M(1518M) 1.038ms
[158.544s][info][safepoint] Safepoint "ParallelGCFailedAllocation", Time since last: 128571600 ns, Reaching safepoint: 210000 ns, At safepoint: 1138000 ns, Total: 1348000 ns
[158.669s][info][gc       ] GC(2497) Pause Young (Allocation Failure) 1452M->279M(1468M) 1.053ms
[158.669s][info][safepoint] Safepoint "ParallelGCFailedAllocation", Time since last: 124263100 ns, Reaching safepoint: 132900 ns, At safepoint: 1153800 ns, Total: 1286700 ns
[158.790s][info][gc       ] GC(2498) Pause Young (Allocation Failure) 1400M->279M(1418M) 1.237ms
[158.790s][info][safepoint] Safepoint "ParallelGCFailedAllocation", Time since last: 119469500 ns, Reaching safepoint: 199300 ns, At safepoint: 1318300 ns, Total: 1517600 ns
[158.903s][info][gc       ] GC(2499) Pause Young (Allocation Failure) 1350M->279M(1367M) 1.143ms
[158.903s][info][safepoint] Safepoint "ParallelGCFailedAllocation", Time since last: 111769000 ns, Reaching safepoint: 248100 ns, At safepoint: 1231800 ns, Total: 1479900 ns
[159.011s][info][gc       ] GC(2500) Pause Young (Allocation Failure) 1305M->281M(1324M) 1.431ms
[159.011s][info][safepoint] Safepoint "ParallelGCFailedAllocation", Time since last: 106073000 ns, Reaching safepoint: 132300 ns, At safepoint: 1510600 ns, Total: 1642900 ns
[159.115s][info][gc       ] GC(2501) Pause Young (Allocation Failure) 1261M->279M(1279M) 0.956ms
[159.115s][info][safepoint] Safepoint "ParallelGCFailedAllocation", Time since last: 102677000 ns, Reaching safepoint: 166900 ns, At safepoint: 1182300 ns, Total: 1349200 ns
[159.216s][info][gc       ] GC(2502) Pause Young (Allocation Failure) 1215M->279M(1238M) 1.078ms
[159.216s][info][safepoint] Safepoint "ParallelGCFailedAllocation", Time since last: 99782200 ns, Reaching safepoint: 195100 ns, At safepoint: 1168700 ns, Total: 1363800 ns
[159.311s][info][gc       ] GC(2503) Pause Young (Allocation Failure) 1174M->281M(1201M) 1.000ms
[159.311s][info][safepoint] Safepoint "ParallelGCFailedAllocation", Time since last: 93110200 ns, Reaching safepoint: 128600 ns, At safepoint: 1094800 ns, Total: 1223400 ns
[159.400s][info][gc       ] GC(2504) Pause Young (Allocation Failure) 1138M->281M(1164M) 1.243ms
[159.400s][info][safepoint] Safepoint "ParallelGCFailedAllocation", Time since last: 87780000 ns, Reaching safepoint: 199200 ns, At safepoint: 1392600 ns, Total: 1591800 ns
[159.487s][info][gc       ] GC(2505) Pause Young (Allocation Failure) 1101M->281M(1326M) 1.183ms
[159.488s][info][safepoint] Safepoint "ParallelGCFailedAllocation", Time since last: 85976100 ns, Reaching safepoint: 225800 ns, At safepoint: 1297800 ns, Total: 1523600 ns
[159.591s][info][gc       ] GC(2506) Pause Young (Allocation Failure) 1265M->283M(1526M) 1.337ms
[159.591s][info][safepoint] Safepoint "ParallelGCFailedAllocation", Time since last: 101433000 ns, Reaching safepoint: 200600 ns, At safepoint: 1474200 ns, Total: 1674800 ns
[159.716s][info][gc       ] GC(2507) Pause Young (Allocation Failure) 1465M->283M(1473M) 0.730ms
[159.716s][info][safepoint] Safepoint "ParallelGCFailedAllocation", Time since last: 124596800 ns, Reaching safepoint: 215400 ns, At safepoint: 814300 ns, Total: 1029700 ns
[159.834s][info][gc       ] GC(2508) Pause Young (Allocation Failure) 1412M->283M(1422M) 1.344ms
[159.835s][info][safepoint] Safepoint "ParallelGCFailedAllocation", Time since last: 116650500 ns, Reaching safepoint: 181300 ns, At safepoint: 1510100 ns, Total: 1691400 ns
[159.949s][info][gc       ] GC(2509) Pause Young (Allocation Failure) 1358M->283M(1372M) 1.167ms
[159.949s][info][safepoint] Safepoint "ParallelGCFailedAllocation", Time since last: 113103500 ns, Reaching safepoint: 219000 ns, At safepoint: 1247100 ns, Total: 1466100 ns
[160.057s][info][gc       ] GC(2510) Pause Young (Allocation Failure) 1314M->286M(1581M) 1.303ms
[160.057s][info][safepoint] Safepoint "ParallelGCFailedAllocation", Time since last: 106499100 ns, Reaching safepoint: 206600 ns, At safepoint: 1376100 ns, Total: 1582700 ns
[160.188s][info][gc       ] GC(2511) Pause Young (Allocation Failure) 1522M->283M(1522M) 0.912ms
[160.188s][info][safepoint] Safepoint "ParallelGCFailedAllocation", Time since last: 129884900 ns, Reaching safepoint: 138500 ns, At safepoint: 986700 ns, Total: 1125200 ns
[160.313s][info][gc       ] GC(2512) Pause Young (Allocation Failure) 1460M->286M(1472M) 1.374ms
[160.313s][info][safepoint] Safepoint "ParallelGCFailedAllocation", Time since last: 122862100 ns, Reaching safepoint: 192700 ns, At safepoint: 1460000 ns, Total: 1652700 ns
[160.433s][info][gc       ] GC(2513) Pause Young (Allocation Failure) 1412M->286M(1421M) 1.095ms
[160.433s][info][safepoint] Safepoint "ParallelGCFailedAllocation", Time since last: 118739600 ns, Reaching safepoint: 179000 ns, At safepoint: 1173000 ns, Total: 1352000 ns
[160.555s][info][gc       ] GC(2514) Pause Young (Allocation Failure) 1362M->286M(1373M) 1.502ms
[160.555s][info][safepoint] Safepoint "ParallelGCFailedAllocation", Time since last: 120320200 ns, Reaching safepoint: 106900 ns, At safepoint: 1578800 ns, Total: 1685700 ns
[160.665s][info][gc       ] GC(2515) Pause Young (Allocation Failure) 1313M->286M(1325M) 1.066ms
[160.665s][info][safepoint] Safepoint "ParallelGCFailedAllocation", Time since last: 108584800 ns, Reaching safepoint: 178700 ns, At safepoint: 1140100 ns, Total: 1318800 ns
[160.769s][info][gc       ] GC(2516) Pause Young (Allocation Failure) 1268M->288M(1525M) 1.528ms
[160.769s][info][safepoint] Safepoint "ParallelGCFailedAllocation", Time since last: 102825000 ns, Reaching safepoint: 180500 ns, At safepoint: 1663600 ns, Total: 1844100 ns
[160.895s][info][gc       ] GC(2517) Pause Young (Allocation Failure) 1469M->288M(1472M) 0.984ms
[160.895s][info][safepoint] Safepoint "ParallelGCFailedAllocation", Time since last: 124561000 ns, Reaching safepoint: 163700 ns, At safepoint: 1068700 ns, Total: 1232400 ns
[161.017s][info][gc       ] GC(2518) Pause Young (Allocation Failure) 1412M->288M(1421M) 1.189ms
[161.017s][info][safepoint] Safepoint "ParallelGCFailedAllocation", Time since last: 120599300 ns, Reaching safepoint: 200800 ns, At safepoint: 1290000 ns, Total: 1490800 ns
[161.131s][info][gc       ] GC(2519) Pause Young (Allocation Failure) 1364M->286M(1371M) 0.685ms
[161.131s][info][safepoint] Safepoint "ParallelGCFailedAllocation", Time since last: 112940800 ns, Reaching safepoint: 199000 ns, At safepoint: 773700 ns, Total: 972700 ns
[161.245s][info][gc       ] GC(2520) Pause Young (Allocation Failure) 1315M->288M(1328M) 1.893ms
[161.245s][info][safepoint] Safepoint "ParallelGCFailedAllocation", Time since last: 111889600 ns, Reaching safepoint: 130000 ns, At safepoint: 1999200 ns, Total: 2129200 ns
[161.349s][info][gc       ] GC(2521) Pause Young (Allocation Failure) 1272M->288M(1284M) 0.914ms
[161.349s][info][safepoint] Safepoint "ParallelGCFailedAllocation", Time since last: 102785500 ns, Reaching safepoint: 174300 ns, At safepoint: 1011100 ns, Total: 1185400 ns
[161.454s][info][gc       ] GC(2522) Pause Young (Allocation Failure) 1228M->286M(1241M) 1.135ms
[161.454s][info][safepoint] Safepoint "ParallelGCFailedAllocation", Time since last: 103703600 ns, Reaching safepoint: 195800 ns, At safepoint: 1222500 ns, Total: 1418300 ns
[161.553s][info][gc       ] GC(2523) Pause Young (Allocation Failure) 1185M->286M(1202M) 1.046ms
[161.553s][info][safepoint] Safepoint "ParallelGCFailedAllocation", Time since last: 97143400 ns, Reaching safepoint: 229000 ns, At safepoint: 1146400 ns, Total: 1375400 ns
[161.646s][info][gc       ] GC(2524) Pause Young (Allocation Failure) 1146M->288M(1377M) 1.629ms
[161.646s][info][safepoint] Safepoint "ParallelGCFailedAllocation", Time since last: 91326100 ns, Reaching safepoint: 133600 ns, At safepoint: 1730100 ns, Total: 1863700 ns
[161.754s][info][gc       ] GC(2525) Pause Young (Allocation Failure) 1318M->288M(1584M) 1.231ms
[161.754s][info][safepoint] Safepoint "ParallelGCFailedAllocation", Time since last: 106513000 ns, Reaching safepoint: 207500 ns, At safepoint: 1347400 ns, Total: 1554900 ns
[161.887s][info][gc       ] GC(2526) Pause Young (Allocation Failure) 1528M->288M(1832M) 1.785ms
[161.887s][info][safepoint] Safepoint "ParallelGCFailedAllocation", Time since last: 130514100 ns, Reaching safepoint: 194200 ns, At safepoint: 1883200 ns, Total: 2077400 ns
[162.056s][info][gc       ] GC(2527) Pause Young (Allocation Failure) 1775M->286M(1761M) 0.633ms
[162.056s][info][safepoint] Safepoint "ParallelGCFailedAllocation", Time since last: 168235100 ns, Reaching safepoint: 182000 ns, At safepoint: 748500 ns, Total: 930500 ns
[162.207s][info][gc       ] GC(2528) Pause Young (Allocation Failure) 1705M->288M(1698M) 1.331ms
[162.207s][info][safepoint] Safepoint "ParallelGCFailedAllocation", Time since last: 149426800 ns, Reaching safepoint: 197400 ns, At safepoint: 1410000 ns, Total: 1607400 ns
[162.350s][info][gc       ] GC(2529) Pause Young (Allocation Failure) 1641M->286M(1634M) 1.038ms
[162.351s][info][safepoint] Safepoint "ParallelGCFailedAllocation", Time since last: 142266200 ns, Reaching safepoint: 200900 ns, At safepoint: 1127300 ns, Total: 1328200 ns
[162.487s][info][gc       ] GC(2530) Pause Young (Allocation Failure) 1577M->286M(1576M) 1.052ms
[162.487s][info][safepoint] Safepoint "ParallelGCFailedAllocation", Time since last: 135217700 ns, Reaching safepoint: 142700 ns, At safepoint: 1121500 ns, Total: 1264200 ns
[162.618s][info][gc       ] GC(2531) Pause Young (Allocation Failure) 1517M->288M(1523M) 1.045ms
[162.618s][info][safepoint] Safepoint "ParallelGCFailedAllocation", Time since last: 130167100 ns, Reaching safepoint: 203400 ns, At safepoint: 1127500 ns, Total: 1330900 ns
[162.744s][info][gc       ] GC(2532) Pause Young (Allocation Failure) 1466M->288M(1470M) 2.127ms
[162.744s][info][safepoint] Safepoint "ParallelGCFailedAllocation", Time since last: 123050000 ns, Reaching safepoint: 135000 ns, At safepoint: 2210600 ns, Total: 2345600 ns
[162.864s][info][gc       ] GC(2533) Pause Young (Allocation Failure) 1413M->288M(1417M) 1.275ms
[162.864s][info][safepoint] Safepoint "ParallelGCFailedAllocation", Time since last: 118344400 ns, Reaching safepoint: 197200 ns, At safepoint: 1356400 ns, Total: 1553600 ns
[162.982s][info][gc       ] GC(2534) Pause Young (Allocation Failure) 1363M->290M(1371M) 1.242ms
[162.982s][info][safepoint] Safepoint "ParallelGCFailedAllocation", Time since last: 116950900 ns, Reaching safepoint: 179000 ns, At safepoint: 1336100 ns, Total: 1515100 ns
[163.096s][info][gc       ] GC(2535) Pause Young (Allocation Failure) 1318M->290M(1326M) 1.234ms
[163.097s][info][safepoint] Safepoint "ParallelGCFailedAllocation", Time since last: 112732800 ns, Reaching safepoint: 218900 ns, At safepoint: 1315100 ns, Total: 1534000 ns
[163.203s][info][gc       ] GC(2536) Pause Young (Allocation Failure) 1271M->290M(1522M) 1.585ms
[163.203s][info][safepoint] Safepoint "ParallelGCFailedAllocation", Time since last: 104371100 ns, Reaching safepoint: 129000 ns, At safepoint: 2011400 ns, Total: 2140400 ns
[163.335s][info][gc       ] GC(2537) Pause Young (Allocation Failure) 1466M->290M(1756M) 1.276ms
[163.335s][info][safepoint] Safepoint "ParallelGCFailedAllocation", Time since last: 130668000 ns, Reaching safepoint: 135100 ns, At safepoint: 1360100 ns, Total: 1495200 ns
[163.492s][info][gc       ] GC(2538) Pause Young (Allocation Failure) 1704M->293M(1694M) 1.509ms
[163.492s][info][safepoint] Safepoint "ParallelGCFailedAllocation", Time since last: 154861400 ns, Reaching safepoint: 173600 ns, At safepoint: 1629000 ns, Total: 1802600 ns
[163.638s][info][gc       ] GC(2539) Pause Young (Allocation Failure) 1641M->290M(1630M) 1.154ms
[163.638s][info][safepoint] Safepoint "ParallelGCFailedAllocation", Time since last: 144960700 ns, Reaching safepoint: 187100 ns, At safepoint: 1249800 ns, Total: 1436900 ns
[163.775s][info][gc       ] GC(2540) Pause Young (Allocation Failure) 1577M->290M(1571M) 1.101ms
[163.775s][info][safepoint] Safepoint "ParallelGCFailedAllocation", Time since last: 135481000 ns, Reaching safepoint: 156300 ns, At safepoint: 1192300 ns, Total: 1348600 ns
[163.905s][info][gc       ] GC(2541) Pause Young (Allocation Failure) 1517M->293M(1518M) 1.062ms
[163.905s][info][safepoint] Safepoint "ParallelGCFailedAllocation", Time since last: 128732300 ns, Reaching safepoint: 205200 ns, At safepoint: 1151600 ns, Total: 1356800 ns
[164.031s][info][gc       ] GC(2542) Pause Young (Allocation Failure) 1466M->293M(1466M) 1.904ms
[164.031s][info][safepoint] Safepoint "ParallelGCFailedAllocation", Time since last: 123686600 ns, Reaching safepoint: 141600 ns, At safepoint: 1986100 ns, Total: 2127700 ns
[164.157s][info][gc       ] GC(2543) Pause Young (Allocation Failure) 1413M->293M(1413M) 1.029ms
[164.157s][info][safepoint] Safepoint "ParallelGCFailedAllocation", Time since last: 124544300 ns, Reaching safepoint: 135100 ns, At safepoint: 1103300 ns, Total: 1238400 ns
[164.274s][info][gc       ] GC(2544) Pause Young (Allocation Failure) 1362M->295M(1368M) 1.462ms
[164.274s][info][safepoint] Safepoint "ParallelGCFailedAllocation", Time since last: 115420900 ns, Reaching safepoint: 149700 ns, At safepoint: 1552400 ns, Total: 1702100 ns
[164.384s][info][gc       ] GC(2545) Pause Young (Allocation Failure) 1318M->293M(1320M) 1.273ms
[164.384s][info][safepoint] Safepoint "ParallelGCFailedAllocation", Time since last: 108122800 ns, Reaching safepoint: 225000 ns, At safepoint: 1463500 ns, Total: 1688500 ns
[164.488s][info][gc       ] GC(2546) Pause Young (Allocation Failure) 1270M->295M(1519M) 1.815ms
[164.488s][info][safepoint] Safepoint "ParallelGCFailedAllocation", Time since last: 102262700 ns, Reaching safepoint: 150900 ns, At safepoint: 1906100 ns, Total: 2057000 ns
[164.612s][info][gc       ] GC(2547) Pause Young (Allocation Failure) 1468M->293M(1463M) 0.965ms
[164.612s][info][safepoint] Safepoint "ParallelGCFailedAllocation", Time since last: 122666700 ns, Reaching safepoint: 196300 ns, At safepoint: 1046200 ns, Total: 1242500 ns
[164.736s][info][gc       ] GC(2548) Pause Young (Allocation Failure) 1413M->295M(1690M) 1.475ms
[164.736s][info][safepoint] Safepoint "ParallelGCFailedAllocation", Time since last: 122105800 ns, Reaching safepoint: 216700 ns, At safepoint: 1567300 ns, Total: 1784000 ns
[164.880s][info][gc       ] GC(2549) Pause Young (Allocation Failure) 1639M->293M(1626M) 1.038ms
[164.880s][info][safepoint] Safepoint "ParallelGCFailedAllocation", Time since last: 142920300 ns, Reaching safepoint: 181100 ns, At safepoint: 1137000 ns, Total: 1318100 ns
[165.018s][info][gc       ] GC(2550) Pause Young (Allocation Failure) 1577M->295M(1571M) 1.194ms
[165.018s][info][safepoint] Safepoint "ParallelGCFailedAllocation", Time since last: 136211700 ns, Reaching safepoint: 132300 ns, At safepoint: 1280300 ns, Total: 1412600 ns
[165.148s][info][gc       ] GC(2551) Pause Young (Allocation Failure) 1521M->293M(1513M) 1.111ms
[165.148s][info][safepoint] Safepoint "ParallelGCFailedAllocation", Time since last: 128740700 ns, Reaching safepoint: 138600 ns, At safepoint: 1252800 ns, Total: 1391400 ns
[165.275s][info][gc       ] GC(2552) Pause Young (Allocation Failure) 1463M->295M(1463M) 1.790ms
[165.275s][info][safepoint] Safepoint "ParallelGCFailedAllocation", Time since last: 124977400 ns, Reaching safepoint: 127100 ns, At safepoint: 1900600 ns, Total: 2027700 ns
[165.394s][info][gc       ] GC(2553) Pause Young (Allocation Failure) 1410M->295M(1413M) 1.077ms
[165.395s][info][safepoint] Safepoint "ParallelGCFailedAllocation", Time since last: 118341000 ns, Reaching safepoint: 181000 ns, At safepoint: 1163800 ns, Total: 1344800 ns
[165.509s][info][gc       ] GC(2554) Pause Young (Allocation Failure) 1364M->295M(1627M) 1.978ms
[165.509s][info][safepoint] Safepoint "ParallelGCFailedAllocation", Time since last: 112500200 ns, Reaching safepoint: 206800 ns, At safepoint: 2073200 ns, Total: 2280000 ns
[165.647s][info][gc       ] GC(2555) Pause Young (Allocation Failure) 1578M->295M(1566M) 1.026ms
[165.647s][info][safepoint] Safepoint "ParallelGCFailedAllocation", Time since last: 136539900 ns, Reaching safepoint: 144200 ns, At safepoint: 1159000 ns, Total: 1303200 ns
[165.777s][info][gc       ] GC(2556) Pause Young (Allocation Failure) 1517M->297M(1514M) 1.377ms
[165.777s][info][safepoint] Safepoint "ParallelGCFailedAllocation", Time since last: 128252600 ns, Reaching safepoint: 194600 ns, At safepoint: 1476500 ns, Total: 1671100 ns
[165.903s][info][gc       ] GC(2557) Pause Young (Allocation Failure) 1467M->295M(1459M) 1.068ms
[165.903s][info][safepoint] Safepoint "ParallelGCFailedAllocation", Time since last: 124699200 ns, Reaching safepoint: 214200 ns, At safepoint: 1166500 ns, Total: 1380700 ns
[166.023s][info][gc       ] GC(2558) Pause Young (Allocation Failure) 1410M->297M(1411M) 1.288ms
[166.023s][info][safepoint] Safepoint "ParallelGCFailedAllocation", Time since last: 117969400 ns, Reaching safepoint: 140700 ns, At safepoint: 1412600 ns, Total: 1553300 ns
[166.139s][info][gc       ] GC(2559) Pause Young (Allocation Failure) 1363M->297M(1364M) 1.069ms
[166.139s][info][safepoint] Safepoint "ParallelGCFailedAllocation", Time since last: 114560100 ns, Reaching safepoint: 192100 ns, At safepoint: 1145800 ns, Total: 1337900 ns
[166.247s][info][gc       ] GC(2560) Pause Young (Allocation Failure) 1317M->295M(1316M) 1.266ms
[166.247s][info][safepoint] Safepoint "ParallelGCFailedAllocation", Time since last: 107112000 ns, Reaching safepoint: 153800 ns, At safepoint: 1429300 ns, Total: 1583100 ns
[166.351s][info][gc       ] GC(2561) Pause Young (Allocation Failure) 1268M->297M(1276M) 1.276ms
[166.351s][info][safepoint] Safepoint "ParallelGCFailedAllocation", Time since last: 102432000 ns, Reaching safepoint: 140800 ns, At safepoint: 1368600 ns, Total: 1509400 ns
[166.452s][info][gc       ] GC(2562) Pause Young (Allocation Failure) 1229M->297M(1462M) 1.519ms
[166.452s][info][safepoint] Safepoint "ParallelGCFailedAllocation", Time since last: 99049700 ns, Reaching safepoint: 189700 ns, At safepoint: 1614400 ns, Total: 1804100 ns
[166.571s][info][gc       ] GC(2563) Pause Young (Allocation Failure) 1412M->297M(1684M) 1.248ms
[166.571s][info][safepoint] Safepoint "ParallelGCFailedAllocation", Time since last: 117826900 ns, Reaching safepoint: 161300 ns, At safepoint: 1335300 ns, Total: 1496600 ns
[166.714s][info][gc       ] GC(2564) Pause Young (Allocation Failure) 1639M->297M(1623M) 1.242ms
[166.714s][info][safepoint] Safepoint "ParallelGCFailedAllocation", Time since last: 141125900 ns, Reaching safepoint: 176000 ns, At safepoint: 1342400 ns, Total: 1518400 ns
[166.855s][info][gc       ] GC(2565) Pause Young (Allocation Failure) 1579M->300M(1567M) 0.957ms
[166.855s][info][safepoint] Safepoint "ParallelGCFailedAllocation", Time since last: 139758900 ns, Reaching safepoint: 210300 ns, At safepoint: 1063000 ns, Total: 1273300 ns
[166.988s][info][gc       ] GC(2566) Pause Young (Allocation Failure) 1521M->300M(1512M) 1.673ms
[166.988s][info][safepoint] Safepoint "ParallelGCFailedAllocation", Time since last: 131419600 ns, Reaching safepoint: 205800 ns, At safepoint: 1787000 ns, Total: 1992800 ns
[167.119s][info][gc       ] GC(2567) Pause Young (Allocation Failure) 1468M->300M(1457M) 1.180ms
[167.119s][info][safepoint] Safepoint "ParallelGCFailedAllocation", Time since last: 128762300 ns, Reaching safepoint: 173000 ns, At safepoint: 1272300 ns, Total: 1445300 ns
[167.237s][info][gc       ] GC(2568) Pause Young (Allocation Failure) 1413M->300M(1407M) 1.032ms
[167.237s][info][safepoint] Safepoint "ParallelGCFailedAllocation", Time since last: 116929300 ns, Reaching safepoint: 133300 ns, At safepoint: 1122300 ns, Total: 1255600 ns
[167.353s][info][gc       ] GC(2569) Pause Young (Allocation Failure) 1362M->302M(1362M) 0.883ms
[167.353s][info][safepoint] Safepoint "ParallelGCFailedAllocation", Time since last: 114969000 ns, Reaching safepoint: 151700 ns, At safepoint: 971500 ns, Total: 1123200 ns
[167.466s][info][gc       ] GC(2570) Pause Young (Allocation Failure) 1318M->302M(1317M) 1.416ms
[167.466s][info][safepoint] Safepoint "ParallelGCFailedAllocation", Time since last: 110998200 ns, Reaching safepoint: 163400 ns, At safepoint: 1507600 ns, Total: 1671000 ns
[167.568s][info][gc       ] GC(2571) Pause Young (Allocation Failure) 1271M->302M(1272M) 1.197ms
[167.568s][info][safepoint] Safepoint "ParallelGCFailedAllocation", Time since last: 101142000 ns, Reaching safepoint: 191900 ns, At safepoint: 1318800 ns, Total: 1510700 ns
[167.669s][info][gc       ] GC(2572) Pause Young (Allocation Failure) 1232M->304M(1234M) 1.000ms
[167.669s][info][safepoint] Safepoint "ParallelGCFailedAllocation", Time since last: 99492200 ns, Reaching safepoint: 197700 ns, At safepoint: 1079000 ns, Total: 1276700 ns
[167.764s][info][gc       ] GC(2573) Pause Young (Allocation Failure) 1192M->304M(1195M) 1.062ms
[167.764s][info][safepoint] Safepoint "ParallelGCFailedAllocation", Time since last: 93306700 ns, Reaching safepoint: 149500 ns, At safepoint: 1156600 ns, Total: 1306100 ns
[167.855s][info][gc       ] GC(2574) Pause Young (Allocation Failure) 1154M->304M(1158M) 0.827ms
[167.855s][info][safepoint] Safepoint "ParallelGCFailedAllocation", Time since last: 90731100 ns, Reaching safepoint: 168600 ns, At safepoint: 916900 ns, Total: 1085500 ns
[167.943s][info][gc       ] GC(2575) Pause Young (Allocation Failure) 1119M->302M(1121M) 0.809ms
[167.943s][info][safepoint] Safepoint "ParallelGCFailedAllocation", Time since last: 86841500 ns, Reaching safepoint: 198000 ns, At safepoint: 899400 ns, Total: 1097400 ns
[168.030s][info][gc       ] GC(2576) Pause Young (Allocation Failure) 1079M->302M(1087M) 0.746ms
[168.030s][info][safepoint] Safepoint "ParallelGCFailedAllocation", Time since last: 85675700 ns, Reaching safepoint: 160500 ns, At safepoint: 889600 ns, Total: 1050100 ns
[168.112s][info][gc       ] GC(2577) Pause Young (Allocation Failure) 1044M->304M(1058M) 0.814ms
[168.112s][info][safepoint] Safepoint "ParallelGCFailedAllocation", Time since last: 80699800 ns, Reaching safepoint: 187400 ns, At safepoint: 963000 ns, Total: 1150400 ns
[168.188s][info][gc       ] GC(2578) Pause Young (Allocation Failure) 1016M->304M(1028M) 0.946ms
[168.189s][info][safepoint] Safepoint "ParallelGCFailedAllocation", Time since last: 75236200 ns, Reaching safepoint: 242800 ns, At safepoint: 1135200 ns, Total: 1378000 ns
[168.263s][info][gc       ] GC(2579) Pause Young (Allocation Failure) 988M->302M(997M) 0.643ms
[168.263s][info][safepoint] Safepoint "ParallelGCFailedAllocation", Time since last: 73385100 ns, Reaching safepoint: 198800 ns, At safepoint: 762700 ns, Total: 961500 ns
[168.334s][info][gc       ] GC(2580) Pause Young (Allocation Failure) 957M->304M(973M) 1.022ms
[168.334s][info][safepoint] Safepoint "ParallelGCFailedAllocation", Time since last: 69697600 ns, Reaching safepoint: 199400 ns, At safepoint: 1139800 ns, Total: 1339200 ns
[168.400s][info][gc       ] GC(2581) Pause Young (Allocation Failure) 929M->304M(947M) 0.715ms
[168.401s][info][safepoint] Safepoint "ParallelGCFailedAllocation", Time since last: 65563400 ns, Reaching safepoint: 194300 ns, At safepoint: 808300 ns, Total: 1002600 ns
[168.465s][info][gc       ] GC(2582) Pause Young (Allocation Failure) 906M->304M(922M) 0.860ms
[168.465s][info][safepoint] Safepoint "ParallelGCFailedAllocation", Time since last: 63658200 ns, Reaching safepoint: 139400 ns, At safepoint: 1023300 ns, Total: 1162700 ns
[168.529s][info][gc       ] GC(2583) Pause Young (Allocation Failure) 880M->304M(1036M) 1.176ms
[168.529s][info][safepoint] Safepoint "ParallelGCFailedAllocation", Time since last: 61928800 ns, Reaching safepoint: 149000 ns, At safepoint: 1252500 ns, Total: 1401500 ns
[168.602s][info][gc       ] GC(2584) Pause Young (Allocation Failure) 998M->304M(1175M) 0.593ms
[168.602s][info][safepoint] Safepoint "ParallelGCFailedAllocation", Time since last: 72531400 ns, Reaching safepoint: 187100 ns, At safepoint: 679800 ns, Total: 866900 ns
[168.691s][info][gc       ] GC(2585) Pause Young (Allocation Failure) 1137M->304M(1342M) 1.285ms
[168.691s][info][safepoint] Safepoint "ParallelGCFailedAllocation", Time since last: 87574400 ns, Reaching safepoint: 159000 ns, At safepoint: 1419000 ns, Total: 1578000 ns
[168.799s][info][gc       ] GC(2586) Pause Young (Allocation Failure) 1303M->306M(1300M) 0.985ms
[168.799s][info][safepoint] Safepoint "ParallelGCFailedAllocation", Time since last: 106706700 ns, Reaching safepoint: 122300 ns, At safepoint: 1058100 ns, Total: 1180400 ns
[168.899s][info][gc       ] GC(2587) Pause Young (Allocation Failure) 1263M->304M(1256M) 1.107ms
[168.900s][info][safepoint] Safepoint "ParallelGCFailedAllocation", Time since last: 99075100 ns, Reaching safepoint: 132500 ns, At safepoint: 1194900 ns, Total: 1327400 ns
[168.997s][info][gc       ] GC(2588) Pause Young (Allocation Failure) 1216M->306M(1218M) 0.750ms
[168.997s][info][safepoint] Safepoint "ParallelGCFailedAllocation", Time since last: 96838300 ns, Reaching safepoint: 210800 ns, At safepoint: 835800 ns, Total: 1046600 ns
[169.093s][info][gc       ] GC(2589) Pause Young (Allocation Failure) 1178M->306M(1180M) 0.846ms
[169.093s][info][safepoint] Safepoint "ParallelGCFailedAllocation", Time since last: 94765900 ns, Reaching safepoint: 175000 ns, At safepoint: 1008900 ns, Total: 1183900 ns
[169.183s][info][gc       ] GC(2590) Pause Young (Allocation Failure) 1141M->306M(1144M) 0.793ms
[169.183s][info][safepoint] Safepoint "ParallelGCFailedAllocation", Time since last: 88554000 ns, Reaching safepoint: 147300 ns, At safepoint: 879800 ns, Total: 1027100 ns
[169.269s][info][gc       ] GC(2591) Pause Young (Allocation Failure) 1106M->306M(1107M) 1.166ms
[169.269s][info][safepoint] Safepoint "ParallelGCFailedAllocation", Time since last: 84216600 ns, Reaching safepoint: 210500 ns, At safepoint: 1252800 ns, Total: 1463300 ns
[169.352s][info][gc       ] GC(2592) Pause Young (Allocation Failure) 1068M->309M(1077M) 0.716ms
[169.352s][info][safepoint] Safepoint "ParallelGCFailedAllocation", Time since last: 82429600 ns, Reaching safepoint: 131800 ns, At safepoint: 801800 ns, Total: 933600 ns
[169.432s][info][gc       ] GC(2593) Pause Young (Allocation Failure) 1042M->309M(1046M) 0.655ms
[169.432s][info][safepoint] Safepoint "ParallelGCFailedAllocation", Time since last: 79156700 ns, Reaching safepoint: 194500 ns, At safepoint: 778600 ns, Total: 973100 ns
[169.507s][info][gc       ] GC(2594) Pause Young (Allocation Failure) 1011M->309M(1017M) 0.847ms
[169.507s][info][safepoint] Safepoint "ParallelGCFailedAllocation", Time since last: 73998800 ns, Reaching safepoint: 151200 ns, At safepoint: 1027500 ns, Total: 1178700 ns
[169.580s][info][gc       ] GC(2595) Pause Young (Allocation Failure) 979M->309M(986M) 1.059ms
[169.580s][info][safepoint] Safepoint "ParallelGCFailedAllocation", Time since last: 71658000 ns, Reaching safepoint: 211900 ns, At safepoint: 1164600 ns, Total: 1376500 ns
[169.649s][info][gc       ] GC(2596) Pause Young (Allocation Failure) 950M->311M(962M) 0.647ms
[169.649s][info][safepoint] Safepoint "ParallelGCFailedAllocation", Time since last: 67601600 ns, Reaching safepoint: 214300 ns, At safepoint: 737400 ns, Total: 951700 ns
[169.715s][info][gc       ] GC(2597) Pause Young (Allocation Failure) 929M->311M(937M) 0.900ms
[169.715s][info][safepoint] Safepoint "ParallelGCFailedAllocation", Time since last: 65300400 ns, Reaching safepoint: 142200 ns, At safepoint: 987600 ns, Total: 1129800 ns
[169.779s][info][gc       ] GC(2598) Pause Young (Allocation Failure) 901M->311M(913M) 0.896ms
[169.779s][info][safepoint] Safepoint "ParallelGCFailedAllocation", Time since last: 62430000 ns, Reaching safepoint: 130000 ns, At safepoint: 992400 ns, Total: 1122400 ns
[169.842s][info][gc       ] GC(2599) Pause Young (Allocation Failure) 879M->311M(1024M) 1.274ms
[169.842s][info][safepoint] Safepoint "ParallelGCFailedAllocation", Time since last: 61223500 ns, Reaching safepoint: 173200 ns, At safepoint: 1374400 ns, Total: 1547600 ns
[169.916s][info][gc       ] GC(2600) Pause Young (Allocation Failure) 991M->313M(1164M) 1.014ms
[169.916s][info][safepoint] Safepoint "ParallelGCFailedAllocation", Time since last: 73197200 ns, Reaching safepoint: 173400 ns, At safepoint: 1105600 ns, Total: 1279000 ns
[170.006s][info][gc       ] GC(2601) Pause Young (Allocation Failure) 1133M->311M(1325M) 0.710ms
[170.006s][info][safepoint] Safepoint "ParallelGCFailedAllocation", Time since last: 88649600 ns, Reaching safepoint: 134600 ns, At safepoint: 844300 ns, Total: 978900 ns
[170.112s][info][gc       ] GC(2602) Pause Young (Allocation Failure) 1295M->313M(1284M) 1.087ms
[170.112s][info][safepoint] Safepoint "ParallelGCFailedAllocation", Time since last: 105331600 ns, Reaching safepoint: 137000 ns, At safepoint: 1200400 ns, Total: 1337400 ns
[170.212s][info][gc       ] GC(2603) Pause Young (Allocation Failure) 1254M->313M(1243M) 0.721ms
[170.212s][info][safepoint] Safepoint "ParallelGCFailedAllocation", Time since last: 98626900 ns, Reaching safepoint: 189500 ns, At safepoint: 838000 ns, Total: 1027500 ns
[170.307s][info][gc       ] GC(2604) Pause Young (Allocation Failure) 1212M->313M(1204M) 1.074ms
[170.307s][info][safepoint] Safepoint "ParallelGCFailedAllocation", Time since last: 93411100 ns, Reaching safepoint: 211900 ns, At safepoint: 1155100 ns, Total: 1367000 ns
[170.397s][info][gc       ] GC(2605) Pause Young (Allocation Failure) 1172M->311M(1165M) 0.732ms
[170.397s][info][safepoint] Safepoint "ParallelGCFailedAllocation", Time since last: 89596200 ns, Reaching safepoint: 196000 ns, At safepoint: 808800 ns, Total: 1004800 ns
[170.484s][info][gc       ] GC(2606) Pause Young (Allocation Failure) 1135M->311M(1129M) 0.794ms
[170.484s][info][safepoint] Safepoint "ParallelGCFailedAllocation", Time since last: 85538400 ns, Reaching safepoint: 174200 ns, At safepoint: 872900 ns, Total: 1047100 ns
[170.568s][info][gc       ] GC(2607) Pause Young (Allocation Failure) 1097M->313M(1098M) 0.766ms
[170.568s][info][safepoint] Safepoint "ParallelGCFailedAllocation", Time since last: 83244400 ns, Reaching safepoint: 197600 ns, At safepoint: 863400 ns, Total: 1061000 ns
[170.650s][info][gc       ] GC(2608) Pause Young (Allocation Failure) 1066M->311M(1064M) 0.815ms
[170.650s][info][safepoint] Safepoint "ParallelGCFailedAllocation", Time since last: 80367200 ns, Reaching safepoint: 205500 ns, At safepoint: 958700 ns, Total: 1164200 ns
[170.726s][info][gc       ] GC(2609) Pause Young (Allocation Failure) 1031M->313M(1036M) 0.700ms
[170.726s][info][safepoint] Safepoint "ParallelGCFailedAllocation", Time since last: 75447500 ns, Reaching safepoint: 202000 ns, At safepoint: 794200 ns, Total: 996200 ns
[170.800s][info][gc       ] GC(2610) Pause Young (Allocation Failure) 1004M->313M(1007M) 0.845ms
[170.800s][info][safepoint] Safepoint "ParallelGCFailedAllocation", Time since last: 72919400 ns, Reaching safepoint: 119400 ns, At safepoint: 922600 ns, Total: 1042000 ns
[170.872s][info][gc       ] GC(2611) Pause Young (Allocation Failure) 976M->313M(977M) 1.086ms
[170.872s][info][safepoint] Safepoint "ParallelGCFailedAllocation", Time since last: 70715500 ns, Reaching safepoint: 183200 ns, At safepoint: 1197800 ns, Total: 1381000 ns
[170.940s][info][gc       ] GC(2612) Pause Young (Allocation Failure) 948M->316M(953M) 0.692ms
[170.940s][info][safepoint] Safepoint "ParallelGCFailedAllocation", Time since last: 66725600 ns, Reaching safepoint: 189700 ns, At safepoint: 770500 ns, Total: 960200 ns
[171.005s][info][gc       ] GC(2613) Pause Young (Allocation Failure) 922M->316M(928M) 0.659ms
[171.006s][info][safepoint] Safepoint "ParallelGCFailedAllocation", Time since last: 64557600 ns, Reaching safepoint: 189000 ns, At safepoint: 732200 ns, Total: 921200 ns
[171.071s][info][gc       ] GC(2614) Pause Young (Allocation Failure) 900M->316M(904M) 1.051ms
[171.071s][info][safepoint] Safepoint "ParallelGCFailedAllocation", Time since last: 63829400 ns, Reaching safepoint: 194600 ns, At safepoint: 1140900 ns, Total: 1335500 ns
[171.134s][info][gc       ] GC(2615) Pause Young (Allocation Failure) 872M->316M(1014M) 1.226ms
[171.134s][info][safepoint] Safepoint "ParallelGCFailedAllocation", Time since last: 62019800 ns, Reaching safepoint: 154500 ns, At safepoint: 1313200 ns, Total: 1467700 ns
[171.205s][info][gc       ] GC(2616) Pause Young (Allocation Failure) 989M->318M(1152M) 0.780ms
[171.206s][info][safepoint] Safepoint "ParallelGCFailedAllocation", Time since last: 70251100 ns, Reaching safepoint: 201900 ns, At safepoint: 871200 ns, Total: 1073100 ns
[171.292s][info][gc       ] GC(2617) Pause Young (Allocation Failure) 1122M->318M(1314M) 0.696ms
[171.292s][info][safepoint] Safepoint "ParallelGCFailedAllocation", Time since last: 85115800 ns, Reaching safepoint: 235600 ns, At safepoint: 776800 ns, Total: 1012400 ns
[171.398s][info][gc       ] GC(2618) Pause Young (Allocation Failure) 1286M->316M(1269M) 0.767ms
[171.399s][info][safepoint] Safepoint "ParallelGCFailedAllocation", Time since last: 105806800 ns, Reaching safepoint: 197700 ns, At safepoint: 928300 ns, Total: 1126000 ns
[171.497s][info][gc       ] GC(2619) Pause Young (Allocation Failure) 1241M->316M(1228M) 1.277ms
[171.497s][info][safepoint] Safepoint "ParallelGCFailedAllocation", Time since last: 97161600 ns, Reaching safepoint: 148600 ns, At safepoint: 1424400 ns, Total: 1573000 ns
[171.591s][info][gc       ] GC(2620) Pause Young (Allocation Failure) 1201M->318M(1192M) 0.975ms
[171.591s][info][safepoint] Safepoint "ParallelGCFailedAllocation", Time since last: 92890100 ns, Reaching safepoint: 176700 ns, At safepoint: 1063700 ns, Total: 1240400 ns
[171.683s][info][gc       ] GC(2621) Pause Young (Allocation Failure) 1163M->318M(1156M) 0.775ms
[171.683s][info][safepoint] Safepoint "ParallelGCFailedAllocation", Time since last: 90819100 ns, Reaching safepoint: 182600 ns, At safepoint: 860700 ns, Total: 1043300 ns
[171.769s][info][gc       ] GC(2622) Pause Young (Allocation Failure) 1130M->316M(1118M) 0.773ms
[171.769s][info][safepoint] Safepoint "ParallelGCFailedAllocation", Time since last: 84986200 ns, Reaching safepoint: 136200 ns, At safepoint: 856000 ns, Total: 992200 ns
[171.851s][info][gc       ] GC(2623) Pause Young (Allocation Failure) 1092M->316M(1085M) 0.792ms
[171.851s][info][safepoint] Safepoint "ParallelGCFailedAllocation", Time since last: 80956700 ns, Reaching safepoint: 197700 ns, At safepoint: 891100 ns, Total: 1088800 ns
[171.931s][info][gc       ] GC(2624) Pause Young (Allocation Failure) 1057M->318M(1056M) 0.766ms
[171.931s][info][safepoint] Safepoint "ParallelGCFailedAllocation", Time since last: 78432300 ns, Reaching safepoint: 187800 ns, At safepoint: 862400 ns, Total: 1050200 ns
[172.007s][info][gc       ] GC(2625) Pause Young (Allocation Failure) 1031M->318M(1026M) 0.691ms
[172.007s][info][safepoint] Safepoint "ParallelGCFailedAllocation", Time since last: 74879600 ns, Reaching safepoint: 154700 ns, At safepoint: 851000 ns, Total: 1005700 ns
[172.080s][info][gc       ] GC(2626) Pause Young (Allocation Failure) 1000M->316M(995M) 0.688ms
[172.080s][info][safepoint] Safepoint "ParallelGCFailedAllocation", Time since last: 72531600 ns, Reaching safepoint: 136400 ns, At safepoint: 767900 ns, Total: 904300 ns
[172.151s][info][gc       ] GC(2627) Pause Young (Allocation Failure) 969M->318M(971M) 1.080ms
[172.151s][info][safepoint] Safepoint "ParallelGCFailedAllocation", Time since last: 69225800 ns, Reaching safepoint: 219300 ns, At safepoint: 1255600 ns, Total: 1474900 ns
[172.218s][info][gc       ] GC(2628) Pause Young (Allocation Failure) 940M->318M(945M) 0.736ms
[172.218s][info][safepoint] Safepoint "ParallelGCFailedAllocation", Time since last: 65903500 ns, Reaching safepoint: 174200 ns, At safepoint: 860600 ns, Total: 1034800 ns
[172.282s][info][gc       ] GC(2629) Pause Young (Allocation Failure) 917M->318M(1063M) 1.172ms
[172.282s][info][safepoint] Safepoint "ParallelGCFailedAllocation", Time since last: 62923700 ns, Reaching safepoint: 168900 ns, At safepoint: 1276400 ns, Total: 1445300 ns
[172.358s][info][gc       ] GC(2630) Pause Young (Allocation Failure) 1038M->320M(1035M) 0.800ms
[172.359s][info][safepoint] Safepoint "ParallelGCFailedAllocation", Time since last: 75282700 ns, Reaching safepoint: 204000 ns, At safepoint: 880600 ns, Total: 1084600 ns
[172.433s][info][gc       ] GC(2631) Pause Young (Allocation Failure) 1010M->320M(1173M) 0.973ms
[172.433s][info][safepoint] Safepoint "ParallelGCFailedAllocation", Time since last: 73746600 ns, Reaching safepoint: 173300 ns, At safepoint: 1060000 ns, Total: 1233300 ns
[172.521s][info][gc       ] GC(2632) Pause Young (Allocation Failure) 1150M->320M(1138M) 0.776ms
[172.521s][info][safepoint] Safepoint "ParallelGCFailedAllocation", Time since last: 86391500 ns, Reaching safepoint: 197100 ns, At safepoint: 852000 ns, Total: 1049100 ns
[172.611s][info][gc       ] GC(2633) Pause Young (Allocation Failure) 1113M->320M(1292M) 1.913ms
[172.611s][info][safepoint] Safepoint "ParallelGCFailedAllocation", Time since last: 87710000 ns, Reaching safepoint: 206000 ns, At safepoint: 1996500 ns, Total: 2202500 ns
[172.711s][info][gc       ] GC(2634) Pause Young (Allocation Failure) 1273M->325M(1490M) 0.734ms
[172.711s][info][safepoint] Safepoint "ParallelGCFailedAllocation", Time since last: 99250200 ns, Reaching safepoint: 191900 ns, At safepoint: 806100 ns, Total: 998000 ns
[172.834s][info][gc       ] GC(2635) Pause Young (Allocation Failure) 1469M->325M(1437M) 0.856ms
[172.834s][info][safepoint] Safepoint "ParallelGCFailedAllocation", Time since last: 122199200 ns, Reaching safepoint: 146200 ns, At safepoint: 935400 ns, Total: 1081600 ns
[172.952s][info][gc       ] GC(2636) Pause Young (Allocation Failure) 1417M->325M(1388M) 0.993ms
[172.952s][info][safepoint] Safepoint "ParallelGCFailedAllocation", Time since last: 115981700 ns, Reaching safepoint: 139500 ns, At safepoint: 1081200 ns, Total: 1220700 ns
[173.065s][info][gc       ] GC(2637) Pause Young (Allocation Failure) 1369M->323M(1339M) 0.737ms
[173.065s][info][safepoint] Safepoint "ParallelGCFailedAllocation", Time since last: 112708000 ns, Reaching safepoint: 140700 ns, At safepoint: 834300 ns, Total: 975000 ns
[173.173s][info][gc       ] GC(2638) Pause Young (Allocation Failure) 1320M->325M(1298M) 0.785ms
[173.174s][info][safepoint] Safepoint "ParallelGCFailedAllocation", Time since last: 107192900 ns, Reaching safepoint: 226900 ns, At safepoint: 868700 ns, Total: 1095600 ns
[173.275s][info][gc       ] GC(2639) Pause Young (Allocation Failure) 1278M->325M(1256M) 0.980ms
[173.275s][info][safepoint] Safepoint "ParallelGCFailedAllocation", Time since last: 100572900 ns, Reaching safepoint: 135400 ns, At safepoint: 1058800 ns, Total: 1194200 ns
[173.372s][info][gc       ] GC(2640) Pause Young (Allocation Failure) 1236M->325M(1216M) 1.079ms
[173.372s][info][safepoint] Safepoint "ParallelGCFailedAllocation", Time since last: 95069800 ns, Reaching safepoint: 162100 ns, At safepoint: 1166700 ns, Total: 1328800 ns
[173.465s][info][gc       ] GC(2641) Pause Young (Allocation Failure) 1194M->325M(1178M) 0.638ms
[173.465s][info][safepoint] Safepoint "ParallelGCFailedAllocation", Time since last: 92109900 ns, Reaching safepoint: 187500 ns, At safepoint: 718600 ns, Total: 906100 ns
[173.553s][info][gc       ] GC(2642) Pause Young (Allocation Failure) 1159M->325M(1142M) 0.836ms
[173.553s][info][safepoint] Safepoint "ParallelGCFailedAllocation", Time since last: 87080900 ns, Reaching safepoint: 110700 ns, At safepoint: 923900 ns, Total: 1034600 ns
[173.639s][info][gc       ] GC(2643) Pause Young (Allocation Failure) 1122M->323M(1105M) 0.761ms
[173.639s][info][safepoint] Safepoint "ParallelGCFailedAllocation", Time since last: 84653200 ns, Reaching safepoint: 212400 ns, At safepoint: 847100 ns, Total: 1059500 ns
[173.720s][info][gc       ] GC(2644) Pause Young (Allocation Failure) 1087M->325M(1075M) 0.751ms
[173.720s][info][safepoint] Safepoint "ParallelGCFailedAllocation", Time since last: 80720600 ns, Reaching safepoint: 133600 ns, At safepoint: 833400 ns, Total: 967000 ns
[173.799s][info][gc       ] GC(2645) Pause Young (Allocation Failure) 1056M->323M(1042M) 0.773ms
[173.799s][info][safepoint] Safepoint "ParallelGCFailedAllocation", Time since last: 78116600 ns, Reaching safepoint: 132500 ns, At safepoint: 849500 ns, Total: 982000 ns
[173.877s][info][gc       ] GC(2646) Pause Young (Allocation Failure) 1022M->325M(1015M) 0.753ms
[173.877s][info][safepoint] Safepoint "ParallelGCFailedAllocation", Time since last: 76182800 ns, Reaching safepoint: 195400 ns, At safepoint: 873300 ns, Total: 1068700 ns
[173.950s][info][gc       ] GC(2647) Pause Young (Allocation Failure) 994M->325M(987M) 0.861ms
[173.950s][info][safepoint] Safepoint "ParallelGCFailedAllocation", Time since last: 72532200 ns, Reaching safepoint: 237900 ns, At safepoint: 959200 ns, Total: 1197100 ns
[174.021s][info][gc       ] GC(2648) Pause Young (Allocation Failure) 965M->325M(960M) 0.917ms
[174.021s][info][safepoint] Safepoint "ParallelGCFailedAllocation", Time since last: 69991300 ns, Reaching safepoint: 140900 ns, At safepoint: 1007500 ns, Total: 1148400 ns
[174.087s][info][gc       ] GC(2649) Pause Young (Allocation Failure) 941M->325M(935M) 0.848ms
[174.087s][info][safepoint] Safepoint "ParallelGCFailedAllocation", Time since last: 64833300 ns, Reaching safepoint: 128900 ns, At safepoint: 922200 ns, Total: 1051100 ns
[174.154s][info][gc       ] GC(2650) Pause Young (Allocation Failure) 916M->325M(911M) 0.827ms
[174.154s][info][safepoint] Safepoint "ParallelGCFailedAllocation", Time since last: 65301000 ns, Reaching safepoint: 186800 ns, At safepoint: 937600 ns, Total: 1124400 ns
[174.222s][info][gc       ] GC(2651) Pause Young (Allocation Failure) 891M->325M(1022M) 1.209ms
[174.222s][info][safepoint] Safepoint "ParallelGCFailedAllocation", Time since last: 66971300 ns, Reaching safepoint: 75600 ns, At safepoint: 1351000 ns, Total: 1426600 ns
[174.304s][info][gc       ] GC(2652) Pause Young (Allocation Failure) 1004M->328M(996M) 0.646ms
[174.304s][info][safepoint] Safepoint "ParallelGCFailedAllocation", Time since last: 80607700 ns, Reaching safepoint: 135500 ns, At safepoint: 757800 ns, Total: 893300 ns
[174.383s][info][gc       ] GC(2653) Pause Young (Allocation Failure) 978M->328M(969M) 0.847ms
[174.383s][info][safepoint] Safepoint "ParallelGCFailedAllocation", Time since last: 78280100 ns, Reaching safepoint: 170800 ns, At safepoint: 937500 ns, Total: 1108300 ns
[174.455s][info][gc       ] GC(2654) Pause Young (Allocation Failure) 949M->328M(943M) 0.665ms
[174.455s][info][safepoint] Safepoint "ParallelGCFailedAllocation", Time since last: 70875800 ns, Reaching safepoint: 115200 ns, At safepoint: 747300 ns, Total: 862500 ns
[174.521s][info][gc       ] GC(2655) Pause Young (Allocation Failure) 925M->328M(1059M) 1.844ms
[174.521s][info][safepoint] Safepoint "ParallelGCFailedAllocation", Time since last: 63836000 ns, Reaching safepoint: 199900 ns, At safepoint: 1934400 ns, Total: 2134300 ns
[174.599s][info][gc       ] GC(2656) Pause Young (Allocation Failure) 1045M->330M(1210M) 0.535ms
[174.599s][info][safepoint] Safepoint "ParallelGCFailedAllocation", Time since last: 77076800 ns, Reaching safepoint: 150200 ns, At safepoint: 649100 ns, Total: 799300 ns
[174.693s][info][gc       ] GC(2657) Pause Young (Allocation Failure) 1189M->332M(1380M) 0.871ms
[174.693s][info][safepoint] Safepoint "ParallelGCFailedAllocation", Time since last: 93272600 ns, Reaching safepoint: 173600 ns, At safepoint: 965100 ns, Total: 1138700 ns
[174.806s][info][gc       ] GC(2658) Pause Young (Allocation Failure) 1367M->330M(1332M) 0.790ms
[174.806s][info][safepoint] Safepoint "ParallelGCFailedAllocation", Time since last: 111591300 ns, Reaching safepoint: 183900 ns, At safepoint: 877200 ns, Total: 1061100 ns
[174.913s][info][gc       ] GC(2659) Pause Young (Allocation Failure) 1319M->330M(1288M) 0.749ms
[174.913s][info][safepoint] Safepoint "ParallelGCFailedAllocation", Time since last: 106092100 ns, Reaching safepoint: 135600 ns, At safepoint: 894200 ns, Total: 1029800 ns
[175.015s][info][gc       ] GC(2660) Pause Young (Allocation Failure) 1277M->332M(1249M) 0.737ms
[175.015s][info][safepoint] Safepoint "ParallelGCFailedAllocation", Time since last: 101426900 ns, Reaching safepoint: 210000 ns, At safepoint: 862700 ns, Total: 1072700 ns
[175.121s][info][gc       ] GC(2661) Pause Young (Allocation Failure) 1236M->330M(1207M) 0.768ms
[175.121s][info][safepoint] Safepoint "ParallelGCFailedAllocation", Time since last: 104470700 ns, Reaching safepoint: 54600 ns, At safepoint: 852600 ns, Total: 907200 ns
[175.223s][info][gc       ] GC(2662) Pause Young (Allocation Failure) 1195M->332M(1172M) 1.007ms
[175.223s][info][safepoint] Safepoint "ParallelGCFailedAllocation", Time since last: 100994800 ns, Reaching safepoint: 224600 ns, At safepoint: 1089700 ns, Total: 1314300 ns
[175.315s][info][gc       ] GC(2663) Pause Young (Allocation Failure) 1161M->332M(1137M) 0.832ms
[175.315s][info][safepoint] Safepoint "ParallelGCFailedAllocation", Time since last: 90987200 ns, Reaching safepoint: 178300 ns, At safepoint: 930700 ns, Total: 1109000 ns
[175.402s][info][gc       ] GC(2664) Pause Young (Allocation Failure) 1124M->330M(1100M) 0.779ms
[175.402s][info][safepoint] Safepoint "ParallelGCFailedAllocation", Time since last: 86084900 ns, Reaching safepoint: 129300 ns, At safepoint: 935200 ns, Total: 1064500 ns
[175.485s][info][gc       ] GC(2665) Pause Young (Allocation Failure) 1088M->332M(1070M) 0.841ms
[175.485s][info][safepoint] Safepoint "ParallelGCFailedAllocation", Time since last: 81338500 ns, Reaching safepoint: 117000 ns, At safepoint: 940100 ns, Total: 1057100 ns
[175.562s][info][gc       ] GC(2666) Pause Young (Allocation Failure) 1057M->330M(1037M) 1.030ms
[175.562s][info][safepoint] Safepoint "ParallelGCFailedAllocation", Time since last: 76416500 ns, Reaching safepoint: 179100 ns, At safepoint: 1136100 ns, Total: 1315200 ns
[175.639s][info][gc       ] GC(2667) Pause Young (Allocation Failure) 1023M->332M(1011M) 0.879ms
[175.639s][info][safepoint] Safepoint "ParallelGCFailedAllocation", Time since last: 75887400 ns, Reaching safepoint: 191100 ns, At safepoint: 980300 ns, Total: 1171400 ns
[175.710s][info][gc       ] GC(2668) Pause Young (Allocation Failure) 999M->332M(983M) 1.204ms
[175.710s][info][safepoint] Safepoint "ParallelGCFailedAllocation", Time since last: 69163300 ns, Reaching safepoint: 132500 ns, At safepoint: 1293000 ns, Total: 1425500 ns
[175.778s][info][gc       ] GC(2669) Pause Young (Allocation Failure) 970M->332M(956M) 0.719ms
[175.778s][info][safepoint] Safepoint "ParallelGCFailedAllocation", Time since last: 67338700 ns, Reaching safepoint: 127900 ns, At safepoint: 792600 ns, Total: 920500 ns
[175.845s][info][gc       ] GC(2670) Pause Young (Allocation Failure) 944M->330M(929M) 0.843ms
[175.845s][info][safepoint] Safepoint "ParallelGCFailedAllocation", Time since last: 65254500 ns, Reaching safepoint: 102700 ns, At safepoint: 962500 ns, Total: 1065200 ns
[175.907s][info][gc       ] GC(2671) Pause Young (Allocation Failure) 915M->332M(1049M) 1.021ms
[175.907s][info][safepoint] Safepoint "ParallelGCFailedAllocation", Time since last: 61232300 ns, Reaching safepoint: 237000 ns, At safepoint: 1121200 ns, Total: 1358200 ns
[175.983s][info][gc       ] GC(2672) Pause Young (Allocation Failure) 1036M->330M(1017M) 0.754ms
[175.983s][info][safepoint] Safepoint "ParallelGCFailedAllocation", Time since last: 74416400 ns, Reaching safepoint: 145000 ns, At safepoint: 846000 ns, Total: 991000 ns
[176.054s][info][gc       ] GC(2673) Pause Young (Allocation Failure) 1005M->332M(991M) 0.763ms
[176.054s][info][safepoint] Safepoint "ParallelGCFailedAllocation", Time since last: 70157900 ns, Reaching safepoint: 122700 ns, At safepoint: 872300 ns, Total: 995000 ns
[176.122s][info][gc       ] GC(2674) Pause Young (Allocation Failure) 976M->332M(964M) 0.842ms
[176.122s][info][safepoint] Safepoint "ParallelGCFailedAllocation", Time since last: 67488600 ns, Reaching safepoint: 182200 ns, At safepoint: 939300 ns, Total: 1121500 ns
[176.188s][info][gc       ] GC(2675) Pause Young (Allocation Failure) 952M->332M(1089M) 1.005ms
[176.188s][info][safepoint] Safepoint "ParallelGCFailedAllocation", Time since last: 64707800 ns, Reaching safepoint: 215300 ns, At safepoint: 1082700 ns, Total: 1298000 ns
[176.269s][info][gc       ] GC(2676) Pause Young (Allocation Failure) 1075M->332M(1238M) 1.247ms
[176.269s][info][safepoint] Safepoint "ParallelGCFailedAllocation", Time since last: 78394800 ns, Reaching safepoint: 522200 ns, At safepoint: 1341800 ns, Total: 1864000 ns
[176.363s][info][gc       ] GC(2677) Pause Young (Allocation Failure) 1222M->332M(1199M) 0.611ms
[176.363s][info][safepoint] Safepoint "ParallelGCFailedAllocation", Time since last: 93819300 ns, Reaching safepoint: 132700 ns, At safepoint: 702600 ns, Total: 835300 ns
[176.457s][info][gc       ] GC(2678) Pause Young (Allocation Failure) 1184M->332M(1162M) 0.870ms
[176.457s][info][safepoint] Safepoint "ParallelGCFailedAllocation", Time since last: 92416000 ns, Reaching safepoint: 138100 ns, At safepoint: 970800 ns, Total: 1108900 ns
[176.544s][info][gc       ] GC(2679) Pause Young (Allocation Failure) 1148M->332M(1127M) 0.616ms
[176.544s][info][safepoint] Safepoint "ParallelGCFailedAllocation", Time since last: 86771100 ns, Reaching safepoint: 205300 ns, At safepoint: 685200 ns, Total: 890500 ns
[176.628s][info][gc       ] GC(2680) Pause Young (Allocation Failure) 1114M->332M(1093M) 1.019ms
[176.628s][info][safepoint] Safepoint "ParallelGCFailedAllocation", Time since last: 82125600 ns, Reaching safepoint: 200200 ns, At safepoint: 1101600 ns, Total: 1301800 ns
[176.708s][info][gc       ] GC(2681) Pause Young (Allocation Failure) 1081M->332M(1239M) 1.949ms
[176.721s][info][gc       ] GC(2682) Pause Full (Ergonomics) 332M->8M(1230M) 12.373ms
[176.721s][info][safepoint] Safepoint "ParallelGCFailedAllocation", Time since last: 78329700 ns, Reaching safepoint: 134400 ns, At safepoint: 14482200 ns, Total: 14616600 ns
[176.832s][info][gc       ] GC(2683) Pause Young (Allocation Failure) 1085M->15M(1316M) 0.804ms
[176.832s][info][safepoint] Safepoint "ParallelGCFailedAllocation", Time since last: 110628200 ns, Reaching safepoint: 117600 ns, At safepoint: 881000 ns, Total: 998600 ns
[176.957s][info][gc       ] GC(2684) Pause Young (Allocation Failure) 1179M->13M(1259M) 1.809ms
[176.957s][info][safepoint] Safepoint "ParallelGCFailedAllocation", Time since last: 122710200 ns, Reaching safepoint: 195400 ns, At safepoint: 1907600 ns, Total: 2103000 ns
[177.077s][info][gc       ] GC(2685) Pause Young (Allocation Failure) 1124M->15M(1212M) 0.760ms
[177.077s][info][safepoint] Safepoint "ParallelGCFailedAllocation", Time since last: 118503900 ns, Reaching safepoint: 202500 ns, At safepoint: 864700 ns, Total: 1067200 ns
[177.188s][info][gc       ] GC(2686) Pause Young (Allocation Failure) 1076M->13M(1162M) 0.664ms
[177.188s][info][safepoint] Safepoint "ParallelGCFailedAllocation", Time since last: 110505200 ns, Reaching safepoint: 219800 ns, At safepoint: 749800 ns, Total: 969600 ns
[177.298s][info][gc       ] GC(2687) Pause Young (Allocation Failure) 1028M->13M(1117M) 0.573ms
[177.298s][info][safepoint] Safepoint "ParallelGCFailedAllocation", Time since last: 108504800 ns, Reaching safepoint: 166900 ns, At safepoint: 646300 ns, Total: 813200 ns
[177.403s][info][gc       ] GC(2688) Pause Young (Allocation Failure) 982M->15M(1077M) 0.569ms
[177.403s][info][safepoint] Safepoint "ParallelGCFailedAllocation", Time since last: 104753200 ns, Reaching safepoint: 187800 ns, At safepoint: 655100 ns, Total: 842900 ns
[177.502s][info][gc       ] GC(2689) Pause Young (Allocation Failure) 941M->15M(1037M) 0.933ms
[177.502s][info][safepoint] Safepoint "ParallelGCFailedAllocation", Time since last: 97138200 ns, Reaching safepoint: 175800 ns, At safepoint: 1027500 ns, Total: 1203300 ns
[177.596s][info][gc       ] GC(2690) Pause Young (Allocation Failure) 901M->13M(996M) 0.732ms
[177.596s][info][safepoint] Safepoint "ParallelGCFailedAllocation", Time since last: 93200100 ns, Reaching safepoint: 179500 ns, At safepoint: 829400 ns, Total: 1008900 ns
[177.687s][info][gc       ] GC(2691) Pause Young (Allocation Failure) 860M->15M(962M) 0.619ms
[177.687s][info][safepoint] Safepoint "ParallelGCFailedAllocation", Time since last: 90456400 ns, Reaching safepoint: 130600 ns, At safepoint: 703600 ns, Total: 834200 ns
[177.773s][info][gc       ] GC(2692) Pause Young (Allocation Failure) 824M->15M(927M) 0.632ms
[177.774s][info][safepoint] Safepoint "ParallelGCFailedAllocation", Time since last: 85508500 ns, Reaching safepoint: 193800 ns, At safepoint: 708900 ns, Total: 902700 ns
[177.857s][info][gc       ] GC(2693) Pause Young (Allocation Failure) 792M->13M(891M) 0.689ms
[177.858s][info][safepoint] Safepoint "ParallelGCFailedAllocation", Time since last: 83067600 ns, Reaching safepoint: 174300 ns, At safepoint: 769900 ns, Total: 944200 ns
[177.938s][info][gc       ] GC(2694) Pause Young (Allocation Failure) 756M->15M(862M) 0.547ms
[177.938s][info][safepoint] Safepoint "ParallelGCFailedAllocation", Time since last: 79365000 ns, Reaching safepoint: 143500 ns, At safepoint: 620900 ns, Total: 764400 ns
[178.015s][info][gc       ] GC(2695) Pause Young (Allocation Failure) 727M->13M(830M) 0.718ms
[178.015s][info][safepoint] Safepoint "ParallelGCFailedAllocation", Time since last: 76604500 ns, Reaching safepoint: 127600 ns, At safepoint: 820600 ns, Total: 948200 ns
[178.089s][info][gc       ] GC(2696) Pause Young (Allocation Failure) 696M->15M(804M) 0.748ms
[178.089s][info][safepoint] Safepoint "ParallelGCFailedAllocation", Time since last: 72535100 ns, Reaching safepoint: 179500 ns, At safepoint: 834200 ns, Total: 1013700 ns
[178.157s][info][gc       ] GC(2697) Pause Young (Allocation Failure) 667M->15M(777M) 0.701ms
[178.157s][info][safepoint] Safepoint "ParallelGCFailedAllocation", Time since last: 67019500 ns, Reaching safepoint: 130000 ns, At safepoint: 780000 ns, Total: 910000 ns
[178.223s][info][gc       ] GC(2698) Pause Young (Allocation Failure) 643M->15M(751M) 0.783ms
[178.223s][info][safepoint] Safepoint "ParallelGCFailedAllocation", Time since last: 64829000 ns, Reaching safepoint: 185700 ns, At safepoint: 879500 ns, Total: 1065200 ns
[178.285s][info][gc       ] GC(2699) Pause Young (Allocation Failure) 617M->13M(724M) 0.586ms
[178.285s][info][safepoint] Safepoint "ParallelGCFailedAllocation", Time since last: 61975200 ns, Reaching safepoint: 175600 ns, At safepoint: 687400 ns, Total: 863000 ns
[178.347s][info][gc       ] GC(2700) Pause Young (Allocation Failure) 587M->15M(703M) 0.846ms
[178.347s][info][safepoint] Safepoint "ParallelGCFailedAllocation", Time since last: 60183500 ns, Reaching safepoint: 118700 ns, At safepoint: 969900 ns, Total: 1088600 ns
[178.406s][info][gc       ] GC(2701) Pause Young (Allocation Failure) 568M->15M(680M) 0.589ms
[178.406s][info][safepoint] Safepoint "ParallelGCFailedAllocation", Time since last: 58912800 ns, Reaching safepoint: 136600 ns, At safepoint: 660500 ns, Total: 797100 ns
[178.465s][info][gc       ] GC(2702) Pause Young (Allocation Failure) 546M->13M(657M) 0.691ms
[178.465s][info][safepoint] Safepoint "ParallelGCFailedAllocation", Time since last: 58038000 ns, Reaching safepoint: 184300 ns, At safepoint: 797700 ns, Total: 982000 ns
[178.521s][info][gc       ] GC(2703) Pause Young (Allocation Failure) 520M->15M(639M) 0.674ms
[178.521s][info][safepoint] Safepoint "ParallelGCFailedAllocation", Time since last: 54234200 ns, Reaching safepoint: 173200 ns, At safepoint: 838900 ns, Total: 1012100 ns
[178.574s][info][gc       ] GC(2704) Pause Young (Allocation Failure) 505M->15M(620M) 0.961ms
[178.574s][info][safepoint] Safepoint "ParallelGCFailedAllocation", Time since last: 51848300 ns, Reaching safepoint: 131600 ns, At safepoint: 1061300 ns, Total: 1192900 ns
[178.626s][info][gc       ] GC(2705) Pause Young (Allocation Failure) 486M->13M(599M) 0.568ms
[178.626s][info][safepoint] Safepoint "ParallelGCFailedAllocation", Time since last: 51034500 ns, Reaching safepoint: 197800 ns, At safepoint: 649100 ns, Total: 846900 ns
[178.674s][info][gc       ] GC(2706) Pause Young (Allocation Failure) 464M->15M(584M) 0.534ms
[178.674s][info][safepoint] Safepoint "ParallelGCFailedAllocation", Time since last: 47995400 ns, Reaching safepoint: 183400 ns, At safepoint: 615900 ns, Total: 799300 ns
[178.722s][info][gc       ] GC(2707) Pause Young (Allocation Failure) 449M->15M(672M) 0.880ms
[178.722s][info][safepoint] Safepoint "ParallelGCFailedAllocation", Time since last: 46066000 ns, Reaching safepoint: 188800 ns, At safepoint: 972700 ns, Total: 1161500 ns
[178.779s][info][gc       ] GC(2708) Pause Young (Allocation Failure) 535M->15M(777M) 1.022ms
[178.779s][info][safepoint] Safepoint "ParallelGCFailedAllocation", Time since last: 55727900 ns, Reaching safepoint: 121600 ns, At safepoint: 1199600 ns, Total: 1321200 ns
[178.845s][info][gc       ] GC(2709) Pause Young (Allocation Failure) 641M->13M(748M) 0.643ms
[178.845s][info][safepoint] Safepoint "ParallelGCFailedAllocation", Time since last: 65856300 ns, Reaching safepoint: 158500 ns, At safepoint: 747100 ns, Total: 905600 ns
[178.910s][info][gc       ] GC(2710) Pause Young (Allocation Failure) 615M->15M(871M) 0.952ms
[178.911s][info][safepoint] Safepoint "ParallelGCFailedAllocation", Time since last: 63837500 ns, Reaching safepoint: 206600 ns, At safepoint: 1040200 ns, Total: 1246800 ns
[178.988s][info][gc       ] GC(2711) Pause Young (Allocation Failure) 737M->13M(838M) 0.762ms
[178.988s][info][safepoint] Safepoint "ParallelGCFailedAllocation", Time since last: 76826900 ns, Reaching safepoint: 193700 ns, At safepoint: 838800 ns, Total: 1032500 ns
[179.060s][info][gc       ] GC(2712) Pause Young (Allocation Failure) 703M->15M(812M) 0.662ms
[179.060s][info][safepoint] Safepoint "ParallelGCFailedAllocation", Time since last: 70892300 ns, Reaching safepoint: 263400 ns, At safepoint: 789500 ns, Total: 1052900 ns
[179.130s][info][gc       ] GC(2713) Pause Young (Allocation Failure) 673M->15M(784M) 0.718ms
[179.130s][info][safepoint] Safepoint "ParallelGCFailedAllocation", Time since last: 69185100 ns, Reaching safepoint: 147200 ns, At safepoint: 808400 ns, Total: 955600 ns
[179.200s][info][gc       ] GC(2714) Pause Young (Allocation Failure) 649M->15M(758M) 0.981ms
[179.200s][info][safepoint] Safepoint "ParallelGCFailedAllocation", Time since last: 68495600 ns, Reaching safepoint: 174300 ns, At safepoint: 1087400 ns, Total: 1261700 ns
[179.269s][info][gc       ] GC(2715) Pause Young (Allocation Failure) 620M->15M(733M) 0.463ms
[179.270s][info][safepoint] Safepoint "ParallelGCFailedAllocation", Time since last: 68654000 ns, Reaching safepoint: 141100 ns, At safepoint: 543100 ns, Total: 684200 ns
[179.333s][info][gc       ] GC(2716) Pause Young (Allocation Failure) 598M->15M(710M) 0.764ms
[179.333s][info][safepoint] Safepoint "ParallelGCFailedAllocation", Time since last: 62096900 ns, Reaching safepoint: 136900 ns, At safepoint: 868400 ns, Total: 1005300 ns
[179.392s][info][gc       ] GC(2717) Pause Young (Allocation Failure) 574M->15M(818M) 1.050ms
[179.393s][info][safepoint] Safepoint "ParallelGCFailedAllocation", Time since last: 58609900 ns, Reaching safepoint: 151500 ns, At safepoint: 1148300 ns, Total: 1299800 ns
[179.463s][info][gc       ] GC(2718) Pause Young (Allocation Failure) 686M->17M(797M) 0.424ms
[179.463s][info][safepoint] Safepoint "ParallelGCFailedAllocation", Time since last: 70230800 ns, Reaching safepoint: 128600 ns, At safepoint: 549700 ns, Total: 678300 ns
[179.534s][info][gc       ] GC(2719) Pause Young (Allocation Failure) 660M->20M(768M) 0.596ms
[179.534s][info][safepoint] Safepoint "ParallelGCFailedAllocation", Time since last: 69319000 ns, Reaching safepoint: 117900 ns, At safepoint: 724600 ns, Total: 842500 ns
[179.601s][info][gc       ] GC(2720) Pause Young (Allocation Failure) 638M->17M(740M) 0.620ms
[179.601s][info][safepoint] Safepoint "ParallelGCFailedAllocation", Time since last: 66389500 ns, Reaching safepoint: 145400 ns, At safepoint: 692200 ns, Total: 837600 ns
[179.663s][info][gc       ] GC(2721) Pause Young (Allocation Failure) 609M->20M(718M) 0.823ms
[179.663s][info][safepoint] Safepoint "ParallelGCFailedAllocation", Time since last: 61454300 ns, Reaching safepoint: 127800 ns, At safepoint: 940900 ns, Total: 1068700 ns
[179.724s][info][gc       ] GC(2722) Pause Young (Allocation Failure) 587M->17M(693M) 0.633ms
[179.724s][info][safepoint] Safepoint "ParallelGCFailedAllocation", Time since last: 59378800 ns, Reaching safepoint: 222300 ns, At safepoint: 722300 ns, Total: 944600 ns
[179.782s][info][gc       ] GC(2723) Pause Young (Allocation Failure) 563M->17M(671M) 0.651ms
[179.782s][info][safepoint] Safepoint "ParallelGCFailedAllocation", Time since last: 57421800 ns, Reaching safepoint: 139700 ns, At safepoint: 732000 ns, Total: 871700 ns
[179.839s][info][gc       ] GC(2724) Pause Young (Allocation Failure) 541M->20M(652M) 0.908ms
[179.839s][info][safepoint] Safepoint "ParallelGCFailedAllocation", Time since last: 56302900 ns, Reaching safepoint: 84600 ns, At safepoint: 976000 ns, Total: 1060600 ns
[179.894s][info][gc       ] GC(2725) Pause Young (Allocation Failure) 521M->20M(632M) 0.533ms
[179.895s][info][safepoint] Safepoint "ParallelGCFailedAllocation", Time since last: 54420600 ns, Reaching safepoint: 123400 ns, At safepoint: 605500 ns, Total: 728900 ns
[179.945s][info][gc       ] GC(2726) Pause Young (Allocation Failure) 503M->20M(613M) 0.735ms
[179.945s][info][safepoint] Safepoint "ParallelGCFailedAllocation", Time since last: 49864600 ns, Reaching safepoint: 148000 ns, At safepoint: 883900 ns, Total: 1031900 ns
[179.996s][info][gc       ] GC(2727) Pause Young (Allocation Failure) 480M->20M(595M) 0.654ms
[179.996s][info][safepoint] Safepoint "ParallelGCFailedAllocation", Time since last: 49472000 ns, Reaching safepoint: 135700 ns, At safepoint: 738600 ns, Total: 874300 ns
[180.044s][info][gc       ] GC(2728) Pause Young (Allocation Failure) 466M->20M(685M) 0.896ms
[180.045s][info][safepoint] Safepoint "ParallelGCFailedAllocation", Time since last: 47673800 ns, Reaching safepoint: 142400 ns, At safepoint: 985200 ns, Total: 1127600 ns
[180.100s][info][gc       ] GC(2729) Pause Young (Allocation Failure) 551M->20M(792M) 0.611ms
[180.100s][info][safepoint] Safepoint "ParallelGCFailedAllocation", Time since last: 54712900 ns, Reaching safepoint: 199900 ns, At safepoint: 697500 ns, Total: 897400 ns
[180.166s][info][gc       ] GC(2730) Pause Young (Allocation Failure) 661M->20M(766M) 0.719ms
[180.166s][info][safepoint] Safepoint "ParallelGCFailedAllocation", Time since last: 65015600 ns, Reaching safepoint: 194400 ns, At safepoint: 817200 ns, Total: 1011600 ns
[180.232s][info][gc       ] GC(2731) Pause Young (Allocation Failure) 636M->20M(889M) 0.782ms
[180.232s][info][safepoint] Safepoint "ParallelGCFailedAllocation", Time since last: 64654900 ns, Reaching safepoint: 132200 ns, At safepoint: 859000 ns, Total: 991200 ns
[180.310s][info][gc       ] GC(2732) Pause Young (Allocation Failure) 758M->17M(855M) 0.801ms
[180.310s][info][safepoint] Safepoint "ParallelGCFailedAllocation", Time since last: 77322700 ns, Reaching safepoint: 246500 ns, At safepoint: 906100 ns, Total: 1152600 ns
[180.385s][info][gc       ] GC(2733) Pause Young (Allocation Failure) 724M->20M(828M) 0.808ms
[180.385s][info][safepoint] Safepoint "ParallelGCFailedAllocation", Time since last: 74061400 ns, Reaching safepoint: 142500 ns, At safepoint: 875300 ns, Total: 1017800 ns
[180.458s][info][gc       ] GC(2734) Pause Young (Allocation Failure) 695M->20M(799M) 0.784ms
[180.458s][info][safepoint] Safepoint "ParallelGCFailedAllocation", Time since last: 71959900 ns, Reaching safepoint: 126600 ns, At safepoint: 855300 ns, Total: 981900 ns
[180.528s][info][gc       ] GC(2735) Pause Young (Allocation Failure) 669M->17M(770M) 0.616ms
[180.528s][info][safepoint] Safepoint "ParallelGCFailedAllocation", Time since last: 68785700 ns, Reaching safepoint: 170500 ns, At safepoint: 792300 ns, Total: 962800 ns
[180.594s][info][gc       ] GC(2736) Pause Young (Allocation Failure) 639M->17M(744M) 0.651ms
[180.594s][info][safepoint] Safepoint "ParallelGCFailedAllocation", Time since last: 65117900 ns, Reaching safepoint: 140900 ns, At safepoint: 720100 ns, Total: 861000 ns
[180.658s][info][gc       ] GC(2737) Pause Young (Allocation Failure) 615M->20M(722M) 0.634ms
[180.658s][info][safepoint] Safepoint "ParallelGCFailedAllocation", Time since last: 62767900 ns, Reaching safepoint: 205100 ns, At safepoint: 727000 ns, Total: 932100 ns
[180.718s][info][gc       ] GC(2738) Pause Young (Allocation Failure) 591M->20M(699M) 0.952ms
[180.718s][info][safepoint] Safepoint "ParallelGCFailedAllocation", Time since last: 58858100 ns, Reaching safepoint: 516300 ns, At safepoint: 1030600 ns, Total: 1546900 ns
[180.777s][info][gc       ] GC(2739) Pause Young (Allocation Failure) 569M->17M(675M) 0.744ms
[180.777s][info][safepoint] Safepoint "ParallelGCFailedAllocation", Time since last: 58143000 ns, Reaching safepoint: 218600 ns, At safepoint: 863100 ns, Total: 1081700 ns
[180.834s][info][gc       ] GC(2740) Pause Young (Allocation Failure) 545M->17M(654M) 0.580ms
[180.834s][info][safepoint] Safepoint "ParallelGCFailedAllocation", Time since last: 55586000 ns, Reaching safepoint: 210200 ns, At safepoint: 662000 ns, Total: 872200 ns
[180.888s][info][gc       ] GC(2741) Pause Young (Allocation Failure) 523M->20M(636M) 0.906ms
[180.888s][info][safepoint] Safepoint "ParallelGCFailedAllocation", Time since last: 52975400 ns, Reaching safepoint: 192200 ns, At safepoint: 1036800 ns, Total: 1229000 ns
[180.940s][info][gc       ] GC(2742) Pause Young (Allocation Failure) 507M->17M(615M) 0.748ms
[180.940s][info][safepoint] Safepoint "ParallelGCFailedAllocation", Time since last: 50557300 ns, Reaching safepoint: 193200 ns, At safepoint: 823200 ns, Total: 1016400 ns
[180.990s][info][gc       ] GC(2743) Pause Young (Allocation Failure) 481M->20M(599M) 0.591ms
[180.990s][info][safepoint] Safepoint "ParallelGCFailedAllocation", Time since last: 49162100 ns, Reaching safepoint: 222100 ns, At safepoint: 673500 ns, Total: 895600 ns
[181.037s][info][gc       ] GC(2744) Pause Young (Allocation Failure) 469M->17M(579M) 0.637ms
[181.037s][info][safepoint] Safepoint "ParallelGCFailedAllocation", Time since last: 46568100 ns, Reaching safepoint: 180400 ns, At safepoint: 757600 ns, Total: 938000 ns
[181.083s][info][gc       ] GC(2745) Pause Young (Allocation Failure) 450M->17M(563M) 0.682ms
[181.083s][info][safepoint] Safepoint "ParallelGCFailedAllocation", Time since last: 44990700 ns, Reaching safepoint: 119700 ns, At safepoint: 757300 ns, Total: 877000 ns
[181.128s][info][gc       ] GC(2746) Pause Young (Allocation Failure) 433M->20M(649M) 0.670ms
[181.128s][info][safepoint] Safepoint "ParallelGCFailedAllocation", Time since last: 43931100 ns, Reaching safepoint: 215500 ns, At safepoint: 757200 ns, Total: 972700 ns
[181.181s][info][gc       ] GC(2747) Pause Young (Allocation Failure) 518M->20M(629M) 0.630ms
[181.181s][info][safepoint] Safepoint "ParallelGCFailedAllocation", Time since last: 52393300 ns, Reaching safepoint: 184800 ns, At safepoint: 720300 ns, Total: 905100 ns
[181.232s][info][gc       ] GC(2748) Pause Young (Allocation Failure) 499M->17M(608M) 0.743ms
[181.232s][info][safepoint] Safepoint "ParallelGCFailedAllocation", Time since last: 49326500 ns, Reaching safepoint: 145000 ns, At safepoint: 847100 ns, Total: 992100 ns
[181.280s][info][gc       ] GC(2749) Pause Young (Allocation Failure) 479M->17M(590M) 0.700ms
[181.280s][info][safepoint] Safepoint "ParallelGCFailedAllocation", Time since last: 47704800 ns, Reaching safepoint: 182800 ns, At safepoint: 793300 ns, Total: 976100 ns
[181.327s][info][gc       ] GC(2750) Pause Young (Allocation Failure) 460M->17M(573M) 0.629ms
[181.327s][info][safepoint] Safepoint "ParallelGCFailedAllocation", Time since last: 45759600 ns, Reaching safepoint: 170100 ns, At safepoint: 751200 ns, Total: 921300 ns
[181.372s][info][gc       ] GC(2751) Pause Young (Allocation Failure) 443M->20M(661M) 0.671ms
[181.372s][info][safepoint] Safepoint "ParallelGCFailedAllocation", Time since last: 43949400 ns, Reaching safepoint: 197500 ns, At safepoint: 771400 ns, Total: 968900 ns
[181.426s][info][gc       ] GC(2752) Pause Young (Allocation Failure) 528M->20M(641M) 0.716ms
[181.426s][info][safepoint] Safepoint "ParallelGCFailedAllocation", Time since last: 52744100 ns, Reaching safepoint: 184900 ns, At safepoint: 819800 ns, Total: 1004700 ns
[181.478s][info][gc       ] GC(2753) Pause Young (Allocation Failure) 509M->20M(737M) 0.756ms
[181.478s][info][safepoint] Safepoint "ParallelGCFailedAllocation", Time since last: 51137900 ns, Reaching safepoint: 185000 ns, At safepoint: 836500 ns, Total: 1021500 ns
[181.540s][info][gc       ] GC(2754) Pause Young (Allocation Failure) 607M->22M(715M) 0.584ms
[181.540s][info][safepoint] Safepoint "ParallelGCFailedAllocation", Time since last: 61263800 ns, Reaching safepoint: 196700 ns, At safepoint: 695700 ns, Total: 892400 ns
[181.601s][info][gc       ] GC(2755) Pause Young (Allocation Failure) 587M->20M(690M) 0.765ms
[181.601s][info][safepoint] Safepoint "ParallelGCFailedAllocation", Time since last: 60435200 ns, Reaching safepoint: 199500 ns, At safepoint: 860100 ns, Total: 1059600 ns
[181.661s][info][gc       ] GC(2756) Pause Young (Allocation Failure) 561M->22M(670M) 0.658ms
[181.661s][info][safepoint] Safepoint "ParallelGCFailedAllocation", Time since last: 59084400 ns, Reaching safepoint: 192600 ns, At safepoint: 759100 ns, Total: 951700 ns
[181.720s][info][gc       ] GC(2757) Pause Young (Allocation Failure) 541M->22M(650M) 0.914ms
[181.720s][info][safepoint] Safepoint "ParallelGCFailedAllocation", Time since last: 57279500 ns, Reaching safepoint: 307100 ns, At safepoint: 982600 ns, Total: 1289700 ns
[181.774s][info][gc       ] GC(2758) Pause Young (Allocation Failure) 521M->22M(630M) 0.801ms
[181.774s][info][safepoint] Safepoint "ParallelGCFailedAllocation", Time since last: 53207700 ns, Reaching safepoint: 211200 ns, At safepoint: 907900 ns, Total: 1119100 ns
[181.828s][info][gc       ] GC(2759) Pause Young (Allocation Failure) 504M->22M(611M) 0.518ms
[181.828s][info][safepoint] Safepoint "ParallelGCFailedAllocation", Time since last: 53079800 ns, Reaching safepoint: 194400 ns, At safepoint: 600800 ns, Total: 795200 ns
[181.878s][info][gc       ] GC(2760) Pause Young (Allocation Failure) 482M->20M(591M) 0.648ms
[181.878s][info][safepoint] Safepoint "ParallelGCFailedAllocation", Time since last: 48492100 ns, Reaching safepoint: 132300 ns, At safepoint: 767700 ns, Total: 900000 ns
[181.924s][info][gc       ] GC(2761) Pause Young (Allocation Failure) 463M->20M(574M) 0.695ms
[181.924s][info][safepoint] Safepoint "ParallelGCFailedAllocation", Time since last: 45692200 ns, Reaching safepoint: 194700 ns, At safepoint: 798800 ns, Total: 993500 ns
[181.971s][info][gc       ] GC(2762) Pause Young (Allocation Failure) 446M->22M(560M) 0.674ms
[181.971s][info][safepoint] Safepoint "ParallelGCFailedAllocation", Time since last: 45599700 ns, Reaching safepoint: 204100 ns, At safepoint: 759400 ns, Total: 963500 ns
[182.015s][info][gc       ] GC(2763) Pause Young (Allocation Failure) 434M->20M(542M) 0.713ms
[182.015s][info][safepoint] Safepoint "ParallelGCFailedAllocation", Time since last: 43574900 ns, Reaching safepoint: 164900 ns, At safepoint: 801000 ns, Total: 965900 ns
[182.059s][info][gc       ] GC(2764) Pause Young (Allocation Failure) 414M->20M(528M) 0.529ms
[182.059s][info][safepoint] Safepoint "ParallelGCFailedAllocation", Time since last: 42443100 ns, Reaching safepoint: 192900 ns, At safepoint: 615300 ns, Total: 808200 ns
[182.101s][info][gc       ] GC(2765) Pause Young (Allocation Failure) 397M->22M(607M) 0.664ms
[182.101s][info][safepoint] Safepoint "ParallelGCFailedAllocation", Time since last: 40972600 ns, Reaching safepoint: 213400 ns, At safepoint: 733800 ns, Total: 947200 ns
[182.150s][info][gc       ] GC(2766) Pause Young (Allocation Failure) 475M->22M(699M) 0.723ms
[182.150s][info][safepoint] Safepoint "ParallelGCFailedAllocation", Time since last: 48556300 ns, Reaching safepoint: 147000 ns, At safepoint: 827900 ns, Total: 974900 ns
[182.209s][info][gc       ] GC(2767) Pause Young (Allocation Failure) 571M->22M(677M) 0.590ms
[182.209s][info][safepoint] Safepoint "ParallelGCFailedAllocation", Time since last: 57856600 ns, Reaching safepoint: 221200 ns, At safepoint: 671900 ns, Total: 893100 ns
[182.265s][info][gc       ] GC(2768) Pause Young (Allocation Failure) 549M->20M(653M) 0.741ms
[182.265s][info][safepoint] Safepoint "ParallelGCFailedAllocation", Time since last: 55361700 ns, Reaching safepoint: 212500 ns, At safepoint: 826800 ns, Total: 1039300 ns
[182.319s][info][gc       ] GC(2769) Pause Young (Allocation Failure) 522M->22M(636M) 0.707ms
[182.319s][info][safepoint] Safepoint "ParallelGCFailedAllocation", Time since last: 52512300 ns, Reaching safepoint: 194400 ns, At safepoint: 805300 ns, Total: 999700 ns
[182.371s][info][gc       ] GC(2770) Pause Young (Allocation Failure) 509M->22M(617M) 0.799ms
[182.371s][info][safepoint] Safepoint "ParallelGCFailedAllocation", Time since last: 51024200 ns, Reaching safepoint: 210000 ns, At safepoint: 904800 ns, Total: 1114800 ns
[182.423s][info][gc       ] GC(2771) Pause Young (Allocation Failure) 486M->22M(599M) 0.609ms
[182.423s][info][safepoint] Safepoint "ParallelGCFailedAllocation", Time since last: 51053800 ns, Reaching safepoint: 197100 ns, At safepoint: 690600 ns, Total: 887700 ns
[182.471s][info][gc       ] GC(2772) Pause Young (Allocation Failure) 471M->22M(689M) 0.926ms
[182.471s][info][safepoint] Safepoint "ParallelGCFailedAllocation", Time since last: 46886300 ns, Reaching safepoint: 193700 ns, At safepoint: 1002600 ns, Total: 1196300 ns
[182.528s][info][gc       ] GC(2773) Pause Young (Allocation Failure) 562M->22M(797M) 0.825ms
[182.528s][info][safepoint] Safepoint "ParallelGCFailedAllocation", Time since last: 56326800 ns, Reaching safepoint: 213900 ns, At safepoint: 897700 ns, Total: 1111600 ns
[182.597s][info][gc       ] GC(2774) Pause Young (Allocation Failure) 670M->20M(924M) 0.826ms
[182.597s][info][safepoint] Safepoint "ParallelGCFailedAllocation", Time since last: 67280700 ns, Reaching safepoint: 222500 ns, At safepoint: 930000 ns, Total: 1152500 ns
[182.679s][info][gc       ] GC(2775) Pause Young (Allocation Failure) 797M->22M(1032M) 0.899ms
[182.679s][info][safepoint] Safepoint "ParallelGCFailedAllocation", Time since last: 80622800 ns, Reaching safepoint: 524100 ns, At safepoint: 986800 ns, Total: 1510900 ns
[182.772s][info][gc       ] GC(2776) Pause Young (Allocation Failure) 901M->20M(989M) 1.210ms
[182.772s][info][safepoint] Safepoint "ParallelGCFailedAllocation", Time since last: 91537100 ns, Reaching safepoint: 143500 ns, At safepoint: 1297600 ns, Total: 1441100 ns
[182.861s][info][gc       ] GC(2777) Pause Young (Allocation Failure) 862M->22M(955M) 0.597ms
[182.861s][info][safepoint] Safepoint "ParallelGCFailedAllocation", Time since last: 87861600 ns, Reaching safepoint: 133500 ns, At safepoint: 718800 ns, Total: 852300 ns
[182.948s][info][gc       ] GC(2778) Pause Young (Allocation Failure) 827M->22M(920M) 1.027ms
[182.948s][info][safepoint] Safepoint "ParallelGCFailedAllocation", Time since last: 85950300 ns, Reaching safepoint: 135000 ns, At safepoint: 1100600 ns, Total: 1235600 ns
[183.030s][info][gc       ] GC(2779) Pause Young (Allocation Failure) 793M->22M(887M) 0.761ms
[183.030s][info][safepoint] Safepoint "ParallelGCFailedAllocation", Time since last: 81514100 ns, Reaching safepoint: 203600 ns, At safepoint: 851600 ns, Total: 1055200 ns
[183.108s][info][gc       ] GC(2780) Pause Young (Allocation Failure) 759M->22M(856M) 0.769ms
[183.108s][info][safepoint] Safepoint "ParallelGCFailedAllocation", Time since last: 76177200 ns, Reaching safepoint: 191200 ns, At safepoint: 875000 ns, Total: 1066200 ns
[183.182s][info][gc       ] GC(2781) Pause Young (Allocation Failure) 727M->22M(827M) 0.541ms
[183.182s][info][safepoint] Safepoint "ParallelGCFailedAllocation", Time since last: 73734400 ns, Reaching safepoint: 148100 ns, At safepoint: 650200 ns, Total: 798300 ns
[183.254s][info][gc       ] GC(2782) Pause Young (Allocation Failure) 698M->22M(798M) 0.725ms
[183.254s][info][safepoint] Safepoint "ParallelGCFailedAllocation", Time since last: 71045300 ns, Reaching safepoint: 140200 ns, At safepoint: 803800 ns, Total: 944000 ns
[183.323s][info][gc       ] GC(2783) Pause Young (Allocation Failure) 669M->22M(769M) 0.819ms
[183.324s][info][safepoint] Safepoint "ParallelGCFailedAllocation", Time since last: 68213800 ns, Reaching safepoint: 227100 ns, At safepoint: 924700 ns, Total: 1151800 ns
[183.389s][info][gc       ] GC(2784) Pause Young (Allocation Failure) 644M->25M(746M) 0.973ms
[183.389s][info][safepoint] Safepoint "ParallelGCFailedAllocation", Time since last: 64246600 ns, Reaching safepoint: 122200 ns, At safepoint: 1054300 ns, Total: 1176500 ns
[183.451s][info][gc       ] GC(2785) Pause Young (Allocation Failure) 620M->25M(721M) 0.686ms
[183.452s][info][safepoint] Safepoint "ParallelGCFailedAllocation", Time since last: 61615600 ns, Reaching safepoint: 194600 ns, At safepoint: 823000 ns, Total: 1017600 ns
[183.511s][info][gc       ] GC(2786) Pause Young (Allocation Failure) 595M->25M(698M) 0.698ms
[183.511s][info][safepoint] Safepoint "ParallelGCFailedAllocation", Time since last: 58926600 ns, Reaching safepoint: 136500 ns, At safepoint: 797300 ns, Total: 933800 ns
[183.571s][info][gc       ] GC(2787) Pause Young (Allocation Failure) 573M->22M(674M) 0.691ms
[183.571s][info][safepoint] Safepoint "ParallelGCFailedAllocation", Time since last: 58760700 ns, Reaching safepoint: 143600 ns, At safepoint: 773300 ns, Total: 916900 ns
[183.627s][info][gc       ] GC(2788) Pause Young (Allocation Failure) 546M->25M(655M) 0.770ms
[183.627s][info][safepoint] Safepoint "ParallelGCFailedAllocation", Time since last: 54542900 ns, Reaching safepoint: 163700 ns, At safepoint: 845000 ns, Total: 1008700 ns
[183.679s][info][gc       ] GC(2789) Pause Young (Allocation Failure) 527M->25M(635M) 0.600ms
[183.679s][info][safepoint] Safepoint "ParallelGCFailedAllocation", Time since last: 51236000 ns, Reaching safepoint: 212600 ns, At safepoint: 663500 ns, Total: 876100 ns
[183.730s][info][gc       ] GC(2790) Pause Young (Allocation Failure) 511M->25M(733M) 1.068ms
[183.730s][info][safepoint] Safepoint "ParallelGCFailedAllocation", Time since last: 50273400 ns, Reaching safepoint: 192000 ns, At safepoint: 1185200 ns, Total: 1377200 ns
[183.791s][info][gc       ] GC(2791) Pause Young (Allocation Failure) 605M->25M(847M) 0.854ms
[183.791s][info][safepoint] Safepoint "ParallelGCFailedAllocation", Time since last: 59326500 ns, Reaching safepoint: 208700 ns, At safepoint: 951900 ns, Total: 1160600 ns
[183.865s][info][gc       ] GC(2792) Pause Young (Allocation Failure) 721M->27M(820M) 0.607ms
[183.865s][info][safepoint] Safepoint "ParallelGCFailedAllocation", Time since last: 73336000 ns, Reaching safepoint: 197600 ns, At safepoint: 697300 ns, Total: 894900 ns
[183.934s][info][gc       ] GC(2793) Pause Young (Allocation Failure) 694M->27M(792M) 0.576ms
[183.934s][info][safepoint] Safepoint "ParallelGCFailedAllocation", Time since last: 68259000 ns, Reaching safepoint: 215200 ns, At safepoint: 658100 ns, Total: 873300 ns
[184.003s][info][gc       ] GC(2794) Pause Young (Allocation Failure) 670M->27M(766M) 1.075ms
[184.003s][info][safepoint] Safepoint "ParallelGCFailedAllocation", Time since last: 67396400 ns, Reaching safepoint: 154300 ns, At safepoint: 1214300 ns, Total: 1368600 ns
[184.068s][info][gc       ] GC(2795) Pause Young (Allocation Failure) 640M->27M(738M) 0.802ms
[184.068s][info][safepoint] Safepoint "ParallelGCFailedAllocation", Time since last: 64034500 ns, Reaching safepoint: 188800 ns, At safepoint: 899500 ns, Total: 1088300 ns
[184.131s][info][gc       ] GC(2796) Pause Young (Allocation Failure) 618M->29M(716M) 0.633ms
[184.131s][info][safepoint] Safepoint "ParallelGCFailedAllocation", Time since last: 61640900 ns, Reaching safepoint: 229200 ns, At safepoint: 718700 ns, Total: 947900 ns
[184.190s][info][gc       ] GC(2797) Pause Young (Allocation Failure) 596M->29M(693M) 0.865ms
[184.190s][info][safepoint] Safepoint "ParallelGCFailedAllocation", Time since last: 57992500 ns, Reaching safepoint: 196800 ns, At safepoint: 935800 ns, Total: 1132600 ns
[184.247s][info][gc       ] GC(2798) Pause Young (Allocation Failure) 572M->29M(802M) 1.026ms
[184.247s][info][safepoint] Safepoint "ParallelGCFailedAllocation", Time since last: 55699100 ns, Reaching safepoint: 124600 ns, At safepoint: 1109100 ns, Total: 1233700 ns
[184.314s][info][gc       ] GC(2799) Pause Young (Allocation Failure) 682M->29M(931M) 0.737ms
[184.315s][info][safepoint] Safepoint "ParallelGCFailedAllocation", Time since last: 66726000 ns, Reaching safepoint: 149900 ns, At safepoint: 824500 ns, Total: 974400 ns
[184.397s][info][gc       ] GC(2800) Pause Young (Allocation Failure) 813M->32M(900M) 0.724ms
[184.397s][info][safepoint] Safepoint "ParallelGCFailedAllocation", Time since last: 81609700 ns, Reaching safepoint: 193300 ns, At safepoint: 812700 ns, Total: 1006000 ns
[184.476s][info][gc       ] GC(2801) Pause Young (Allocation Failure) 781M->32M(868M) 0.925ms
[184.476s][info][safepoint] Safepoint "ParallelGCFailedAllocation", Time since last: 77242700 ns, Reaching safepoint: 188000 ns, At safepoint: 1012800 ns, Total: 1200800 ns
[184.552s][info][gc       ] GC(2802) Pause Young (Allocation Failure) 749M->32M(837M) 1.036ms
[184.553s][info][safepoint] Safepoint "ParallelGCFailedAllocation", Time since last: 75580000 ns, Reaching safepoint: 194300 ns, At safepoint: 1180700 ns, Total: 1375000 ns
[184.628s][info][gc       ] GC(2803) Pause Young (Allocation Failure) 720M->32M(804M) 0.980ms
[184.628s][info][safepoint] Safepoint "ParallelGCFailedAllocation", Time since last: 73922800 ns, Reaching safepoint: 148300 ns, At safepoint: 1045300 ns, Total: 1193600 ns
[184.705s][info][gc       ] GC(2804) Pause Young (Allocation Failure) 691M->37M(783M) 0.742ms
[184.705s][info][safepoint] Safepoint "ParallelGCFailedAllocation", Time since last: 76378600 ns, Reaching safepoint: 123100 ns, At safepoint: 827600 ns, Total: 950700 ns
[184.773s][info][gc       ] GC(2805) Pause Young (Allocation Failure) 668M->34M(752M) 0.619ms
[184.773s][info][safepoint] Safepoint "ParallelGCFailedAllocation", Time since last: 67299300 ns, Reaching safepoint: 138900 ns, At safepoint: 765800 ns, Total: 904700 ns
[184.837s][info][gc       ] GC(2806) Pause Young (Allocation Failure) 640M->37M(730M) 0.587ms
[184.837s][info][safepoint] Safepoint "ParallelGCFailedAllocation", Time since last: 63205500 ns, Reaching safepoint: 144600 ns, At safepoint: 677400 ns, Total: 822000 ns
[184.900s][info][gc       ] GC(2807) Pause Young (Allocation Failure) 617M->34M(704M) 0.666ms
[184.900s][info][safepoint] Safepoint "ParallelGCFailedAllocation", Time since last: 62369000 ns, Reaching safepoint: 127900 ns, At safepoint: 799000 ns, Total: 926900 ns
[184.963s][info][gc       ] GC(2808) Pause Young (Allocation Failure) 590M->37M(684M) 0.627ms
[184.963s][info][safepoint] Safepoint "ParallelGCFailedAllocation", Time since last: 61959800 ns, Reaching safepoint: 208300 ns, At safepoint: 711000 ns, Total: 919300 ns
[185.020s][info][gc       ] GC(2809) Pause Young (Allocation Failure) 570M->37M(662M) 0.640ms
[185.020s][info][safepoint] Safepoint "ParallelGCFailedAllocation", Time since last: 55549600 ns, Reaching safepoint: 157600 ns, At safepoint: 714000 ns, Total: 871600 ns
[185.074s][info][gc       ] GC(2810) Pause Young (Allocation Failure) 548M->34M(639M) 0.682ms
[185.074s][info][safepoint] Safepoint "ParallelGCFailedAllocation", Time since last: 53639900 ns, Reaching safepoint: 156100 ns, At safepoint: 872200 ns, Total: 1028300 ns
[185.128s][info][gc       ] GC(2811) Pause Young (Allocation Failure) 527M->37M(622M) 0.681ms
[185.128s][info][safepoint] Safepoint "ParallelGCFailedAllocation", Time since last: 52734000 ns, Reaching safepoint: 175700 ns, At safepoint: 770300 ns, Total: 946000 ns
[185.178s][info][gc       ] GC(2812) Pause Young (Allocation Failure) 508M->37M(717M) 1.111ms
[185.178s][info][safepoint] Safepoint "ParallelGCFailedAllocation", Time since last: 48048200 ns, Reaching safepoint: 201800 ns, At safepoint: 1270700 ns, Total: 1472500 ns
[185.237s][info][gc       ] GC(2813) Pause Young (Allocation Failure) 605M->37M(831M) 0.589ms
[185.237s][info][safepoint] Safepoint "ParallelGCFailedAllocation", Time since last: 58877700 ns, Reaching safepoint: 201200 ns, At safepoint: 679100 ns, Total: 880300 ns
[185.309s][info][gc       ] GC(2814) Pause Young (Allocation Failure) 716M->37M(803M) 0.738ms
[185.309s][info][safepoint] Safepoint "ParallelGCFailedAllocation", Time since last: 70272900 ns, Reaching safepoint: 124700 ns, At safepoint: 826200 ns, Total: 950900 ns
[185.377s][info][gc       ] GC(2815) Pause Young (Allocation Failure) 687M->37M(776M) 0.759ms
[185.377s][info][safepoint] Safepoint "ParallelGCFailedAllocation", Time since last: 67366500 ns, Reaching safepoint: 139000 ns, At safepoint: 875900 ns, Total: 1014900 ns
[185.444s][info][gc       ] GC(2816) Pause Young (Allocation Failure) 662M->37M(750M) 0.936ms
[185.444s][info][safepoint] Safepoint "ParallelGCFailedAllocation", Time since last: 65947600 ns, Reaching safepoint: 138600 ns, At safepoint: 1025900 ns, Total: 1164500 ns
[185.506s][info][gc       ] GC(2817) Pause Young (Allocation Failure) 635M->37M(725M) 0.477ms
[185.506s][info][safepoint] Safepoint "ParallelGCFailedAllocation", Time since last: 61417000 ns, Reaching safepoint: 141700 ns, At safepoint: 568200 ns, Total: 709900 ns
[185.567s][info][gc       ] GC(2818) Pause Young (Allocation Failure) 610M->37M(702M) 0.781ms
[185.567s][info][safepoint] Safepoint "ParallelGCFailedAllocation", Time since last: 59744600 ns, Reaching safepoint: 226900 ns, At safepoint: 864200 ns, Total: 1091100 ns
[185.625s][info][gc       ] GC(2819) Pause Young (Allocation Failure) 588M->34M(677M) 0.664ms
[185.625s][info][safepoint] Safepoint "ParallelGCFailedAllocation", Time since last: 56920100 ns, Reaching safepoint: 192000 ns, At safepoint: 740800 ns, Total: 932800 ns
[185.680s][info][gc       ] GC(2820) Pause Young (Allocation Failure) 561M->37M(659M) 0.551ms
[185.680s][info][safepoint] Safepoint "ParallelGCFailedAllocation", Time since last: 54081300 ns, Reaching safepoint: 130600 ns, At safepoint: 629900 ns, Total: 760500 ns
[185.735s][info][gc       ] GC(2821) Pause Young (Allocation Failure) 546M->37M(639M) 0.975ms
[185.736s][info][safepoint] Safepoint "ParallelGCFailedAllocation", Time since last: 54471100 ns, Reaching safepoint: 196900 ns, At safepoint: 1050500 ns, Total: 1247400 ns
[185.789s][info][gc       ] GC(2822) Pause Young (Allocation Failure) 527M->34M(617M) 0.725ms
[185.789s][info][safepoint] Safepoint "ParallelGCFailedAllocation", Time since last: 52458400 ns, Reaching safepoint: 135400 ns, At safepoint: 803100 ns, Total: 938500 ns
[185.838s][info][gc       ] GC(2823) Pause Young (Allocation Failure) 504M->37M(601M) 0.658ms
[185.839s][info][safepoint] Safepoint "ParallelGCFailedAllocation", Time since last: 48641400 ns, Reaching safepoint: 220800 ns, At safepoint: 740400 ns, Total: 961200 ns
[185.886s][info][gc       ] GC(2824) Pause Young (Allocation Failure) 485M->37M(584M) 0.718ms
[185.886s][info][safepoint] Safepoint "ParallelGCFailedAllocation", Time since last: 46658900 ns, Reaching safepoint: 210200 ns, At safepoint: 853900 ns, Total: 1064100 ns
[185.933s][info][gc       ] GC(2825) Pause Young (Allocation Failure) 470M->37M(666M) 1.197ms
[185.933s][info][safepoint] Safepoint "ParallelGCFailedAllocation", Time since last: 45380500 ns, Reaching safepoint: 181000 ns, At safepoint: 1299300 ns, Total: 1480300 ns
[185.992s][info][gc       ] GC(2826) Pause Young (Allocation Failure) 557M->42M(778M) 0.560ms
[185.992s][info][safepoint] Safepoint "ParallelGCFailedAllocation", Time since last: 57919000 ns, Reaching safepoint: 168400 ns, At safepoint: 657700 ns, Total: 826100 ns
[186.061s][info][gc       ] GC(2827) Pause Young (Allocation Failure) 668M->42M(888M) 0.716ms
[186.061s][info][safepoint] Safepoint "ParallelGCFailedAllocation", Time since last: 68617300 ns, Reaching safepoint: 194700 ns, At safepoint: 838300 ns, Total: 1033000 ns
[186.138s][info][gc       ] GC(2828) Pause Young (Allocation Failure) 779M->39M(852M) 0.899ms
[186.138s][info][safepoint] Safepoint "ParallelGCFailedAllocation", Time since last: 75475100 ns, Reaching safepoint: 175000 ns, At safepoint: 991000 ns, Total: 1166000 ns
[186.212s][info][gc       ] GC(2829) Pause Young (Allocation Failure) 743M->42M(825M) 0.498ms
[186.212s][info][safepoint] Safepoint "ParallelGCFailedAllocation", Time since last: 73339000 ns, Reaching safepoint: 157100 ns, At safepoint: 581200 ns, Total: 738300 ns
[186.283s][info][gc       ] GC(2830) Pause Young (Allocation Failure) 718M->42M(797M) 0.908ms
[186.283s][info][safepoint] Safepoint "ParallelGCFailedAllocation", Time since last: 69246700 ns, Reaching safepoint: 122500 ns, At safepoint: 988100 ns, Total: 1110600 ns
[186.350s][info][gc       ] GC(2831) Pause Young (Allocation Failure) 688M->42M(770M) 0.501ms
[186.350s][info][safepoint] Safepoint "ParallelGCFailedAllocation", Time since last: 66973600 ns, Reaching safepoint: 163900 ns, At safepoint: 584000 ns, Total: 747900 ns
[186.415s][info][gc       ] GC(2832) Pause Young (Allocation Failure) 661M->39M(742M) 0.769ms
[186.415s][info][safepoint] Safepoint "ParallelGCFailedAllocation", Time since last: 63756100 ns, Reaching safepoint: 201800 ns, At safepoint: 856500 ns, Total: 1058300 ns
[186.478s][info][gc       ] GC(2833) Pause Young (Allocation Failure) 634M->39M(718M) 0.635ms
[186.478s][info][safepoint] Safepoint "ParallelGCFailedAllocation", Time since last: 62297200 ns, Reaching safepoint: 155100 ns, At safepoint: 767000 ns, Total: 922100 ns
[186.538s][info][gc       ] GC(2834) Pause Young (Allocation Failure) 607M->42M(697M) 0.674ms
[186.538s][info][safepoint] Safepoint "ParallelGCFailedAllocation", Time since last: 59004300 ns, Reaching safepoint: 178800 ns, At safepoint: 755200 ns, Total: 934000 ns
[186.595s][info][gc       ] GC(2835) Pause Young (Allocation Failure) 587M->42M(675M) 0.687ms
[186.595s][info][safepoint] Safepoint "ParallelGCFailedAllocation", Time since last: 55898100 ns, Reaching safepoint: 172400 ns, At safepoint: 795700 ns, Total: 968100 ns
[186.651s][info][gc       ] GC(2836) Pause Young (Allocation Failure) 567M->42M(654M) 0.787ms
[186.651s][info][safepoint] Safepoint "ParallelGCFailedAllocation", Time since last: 54357200 ns, Reaching safepoint: 200300 ns, At safepoint: 870900 ns, Total: 1071200 ns
[186.702s][info][gc       ] GC(2837) Pause Young (Allocation Failure) 545M->39M(632M) 0.611ms
[186.702s][info][safepoint] Safepoint "ParallelGCFailedAllocation", Time since last: 50878200 ns, Reaching safepoint: 154200 ns, At safepoint: 701200 ns, Total: 855400 ns
[186.755s][info][gc       ] GC(2838) Pause Young (Allocation Failure) 520M->42M(615M) 0.726ms
[186.755s][info][safepoint] Safepoint "ParallelGCFailedAllocation", Time since last: 51317400 ns, Reaching safepoint: 173400 ns, At safepoint: 823400 ns, Total: 996800 ns
[186.803s][info][gc       ] GC(2839) Pause Young (Allocation Failure) 508M->39M(595M) 0.655ms
[186.803s][info][safepoint] Safepoint "ParallelGCFailedAllocation", Time since last: 47463300 ns, Reaching safepoint: 146600 ns, At safepoint: 771800 ns, Total: 918400 ns
[186.850s][info][gc       ] GC(2840) Pause Young (Allocation Failure) 486M->42M(687M) 0.893ms
[186.850s][info][safepoint] Safepoint "ParallelGCFailedAllocation", Time since last: 45806800 ns, Reaching safepoint: 196400 ns, At safepoint: 1012100 ns, Total: 1208500 ns
[186.906s][info][gc       ] GC(2841) Pause Young (Allocation Failure) 580M->39M(793M) 0.781ms
[186.906s][info][safepoint] Safepoint "ParallelGCFailedAllocation", Time since last: 55264400 ns, Reaching safepoint: 131000 ns, At safepoint: 885500 ns, Total: 1016500 ns
[186.976s][info][gc       ] GC(2842) Pause Young (Allocation Failure) 684M->42M(768M) 0.589ms
[186.976s][info][safepoint] Safepoint "ParallelGCFailedAllocation", Time since last: 68520500 ns, Reaching safepoint: 201100 ns, At safepoint: 695300 ns, Total: 896400 ns
[187.040s][info][gc       ] GC(2843) Pause Young (Allocation Failure) 661M->42M(743M) 0.708ms
[187.040s][info][safepoint] Safepoint "ParallelGCFailedAllocation", Time since last: 63431100 ns, Reaching safepoint: 210000 ns, At safepoint: 795800 ns, Total: 1005800 ns
[187.103s][info][gc       ] GC(2844) Pause Young (Allocation Failure) 635M->39M(716M) 0.766ms
[187.103s][info][safepoint] Safepoint "ParallelGCFailedAllocation", Time since last: 61949000 ns, Reaching safepoint: 124500 ns, At safepoint: 855700 ns, Total: 980200 ns
[187.164s][info][gc       ] GC(2845) Pause Young (Allocation Failure) 608M->42M(696M) 0.663ms
[187.164s][info][safepoint] Safepoint "ParallelGCFailedAllocation", Time since last: 60011700 ns, Reaching safepoint: 202900 ns, At safepoint: 756800 ns, Total: 959700 ns
[187.225s][info][gc       ] GC(2846) Pause Young (Allocation Failure) 588M->42M(674M) 0.755ms
[187.225s][info][safepoint] Safepoint "ParallelGCFailedAllocation", Time since last: 59729700 ns, Reaching safepoint: 132500 ns, At safepoint: 840500 ns, Total: 973000 ns
[187.281s][info][gc       ] GC(2847) Pause Young (Allocation Failure) 566M->39M(650M) 0.587ms
[187.281s][info][safepoint] Safepoint "ParallelGCFailedAllocation", Time since last: 55828100 ns, Reaching safepoint: 131500 ns, At safepoint: 663600 ns, Total: 795100 ns
[187.334s][info][gc       ] GC(2848) Pause Young (Allocation Failure) 539M->42M(633M) 0.589ms
[187.334s][info][safepoint] Safepoint "ParallelGCFailedAllocation", Time since last: 51940200 ns, Reaching safepoint: 220300 ns, At safepoint: 656700 ns, Total: 877000 ns
[187.384s][info][gc       ] GC(2849) Pause Young (Allocation Failure) 521M->42M(614M) 0.719ms
[187.384s][info][safepoint] Safepoint "ParallelGCFailedAllocation", Time since last: 48672600 ns, Reaching safepoint: 207400 ns, At safepoint: 820500 ns, Total: 1027900 ns
[187.433s][info][gc       ] GC(2850) Pause Young (Allocation Failure) 506M->42M(707M) 0.906ms
[187.434s][info][safepoint] Safepoint "ParallelGCFailedAllocation", Time since last: 48417800 ns, Reaching safepoint: 210300 ns, At safepoint: 1001200 ns, Total: 1211500 ns
[187.492s][info][gc       ] GC(2851) Pause Young (Allocation Failure) 598M->42M(812M) 0.777ms
[187.492s][info][safepoint] Safepoint "ParallelGCFailedAllocation", Time since last: 57844400 ns, Reaching safepoint: 142100 ns, At safepoint: 872200 ns, Total: 1014300 ns
[187.562s][info][gc       ] GC(2852) Pause Young (Allocation Failure) 700M->42M(814M) 0.690ms
[187.562s][info][safepoint] Safepoint "ParallelGCFailedAllocation", Time since last: 68928600 ns, Reaching safepoint: 184100 ns, At safepoint: 775400 ns, Total: 959500 ns
[187.632s][info][gc       ] GC(2853) Pause Young (Allocation Failure) 703M->39M(947M) 0.905ms
[187.632s][info][safepoint] Safepoint "ParallelGCFailedAllocation", Time since last: 69011100 ns, Reaching safepoint: 134500 ns, At safepoint: 1045200 ns, Total: 1179700 ns
[187.736s][info][gc       ] GC(2854) Pause Young (Allocation Failure) 832M->42M(947M) 1.393ms
[187.736s][info][safepoint] Safepoint "ParallelGCFailedAllocation", Time since last: 101726800 ns, Reaching safepoint: 131600 ns, At safepoint: 1496600 ns, Total: 1628200 ns
[187.822s][info][gc       ] GC(2855) Pause Young (Allocation Failure) 837M->42M(1106M) 1.674ms
[187.822s][info][safepoint] Safepoint "ParallelGCFailedAllocation", Time since last: 84329200 ns, Reaching safepoint: 178200 ns, At safepoint: 1773600 ns, Total: 1951800 ns
[187.950s][info][gc       ] GC(2856) Pause Young (Allocation Failure) 994M->42M(1106M) 1.471ms
[187.950s][info][safepoint] Safepoint "ParallelGCFailedAllocation", Time since last: 126462300 ns, Reaching safepoint: 142600 ns, At safepoint: 1623200 ns, Total: 1765800 ns
[188.053s][info][gc       ] GC(2857) Pause Young (Allocation Failure) 995M->42M(1297M) 1.350ms
[188.053s][info][safepoint] Safepoint "ParallelGCFailedAllocation", Time since last: 100814600 ns, Reaching safepoint: 198500 ns, At safepoint: 1478600 ns, Total: 1677100 ns
[188.210s][info][gc       ] GC(2858) Pause Young (Allocation Failure) 1187M->39M(1297M) 1.334ms
[188.210s][info][safepoint] Safepoint "ParallelGCFailedAllocation", Time since last: 155975800 ns, Reaching safepoint: 184800 ns, At safepoint: 1418600 ns, Total: 1603400 ns
[188.335s][info][gc       ] GC(2859) Pause Young (Allocation Failure) 1185M->42M(1526M) 1.172ms
[188.335s][info][safepoint] Safepoint "ParallelGCFailedAllocation", Time since last: 122746100 ns, Reaching safepoint: 219600 ns, At safepoint: 1261100 ns, Total: 1480700 ns
[188.512s][info][gc       ] GC(2860) Pause Young (Allocation Failure) 1414M->42M(1461M) 1.682ms
[188.512s][info][safepoint] Safepoint "ParallelGCFailedAllocation", Time since last: 175153700 ns, Reaching safepoint: 190100 ns, At safepoint: 1779600 ns, Total: 1969700 ns
[188.646s][info][gc       ] GC(2861) Pause Young (Allocation Failure) 1352M->42M(1397M) 1.052ms
[188.646s][info][safepoint] Safepoint "ParallelGCFailedAllocation", Time since last: 132767100 ns, Reaching safepoint: 194500 ns, At safepoint: 1139600 ns, Total: 1334100 ns
[188.776s][info][gc       ] GC(2862) Pause Young (Allocation Failure) 1293M->46M(1347M) 0.766ms
[188.776s][info][safepoint] Safepoint "ParallelGCFailedAllocation", Time since last: 129134200 ns, Reaching safepoint: 230900 ns, At safepoint: 960000 ns, Total: 1190900 ns
[188.900s][info][gc       ] GC(2863) Pause Young (Allocation Failure) 1241M->46M(1291M) 1.169ms
[188.900s][info][safepoint] Safepoint "ParallelGCFailedAllocation", Time since last: 122054300 ns, Reaching safepoint: 199500 ns, At safepoint: 1257200 ns, Total: 1456700 ns
[189.019s][info][gc       ] GC(2864) Pause Young (Allocation Failure) 1186M->46M(1240M) 0.778ms
[189.019s][info][safepoint] Safepoint "ParallelGCFailedAllocation", Time since last: 118387700 ns, Reaching safepoint: 132000 ns, At safepoint: 910000 ns, Total: 1042000 ns
[189.131s][info][gc       ] GC(2865) Pause Young (Allocation Failure) 1134M->46M(1191M) 0.484ms
[189.131s][info][safepoint] Safepoint "ParallelGCFailedAllocation", Time since last: 111308800 ns, Reaching safepoint: 134400 ns, At safepoint: 608900 ns, Total: 743300 ns
[189.240s][info][gc       ] GC(2866) Pause Young (Allocation Failure) 1085M->46M(1145M) 0.695ms
[189.240s][info][safepoint] Safepoint "ParallelGCFailedAllocation", Time since last: 107981800 ns, Reaching safepoint: 144600 ns, At safepoint: 785500 ns, Total: 930100 ns
[189.342s][info][gc       ] GC(2867) Pause Young (Allocation Failure) 1043M->44M(1099M) 0.613ms
[189.342s][info][safepoint] Safepoint "ParallelGCFailedAllocation", Time since last: 101303600 ns, Reaching safepoint: 197700 ns, At safepoint: 703900 ns, Total: 901600 ns
[189.441s][info][gc       ] GC(2868) Pause Young (Allocation Failure) 996M->44M(1057M) 0.546ms
[189.441s][info][safepoint] Safepoint "ParallelGCFailedAllocation", Time since last: 98311900 ns, Reaching safepoint: 191900 ns, At safepoint: 629000 ns, Total: 820900 ns
[189.537s][info][gc       ] GC(2869) Pause Young (Allocation Failure) 953M->46M(1020M) 0.872ms
[189.537s][info][safepoint] Safepoint "ParallelGCFailedAllocation", Time since last: 94458400 ns, Reaching safepoint: 189300 ns, At safepoint: 943700 ns, Total: 1133000 ns
[189.630s][info][gc       ] GC(2870) Pause Young (Allocation Failure) 917M->46M(982M) 0.684ms
[189.630s][info][safepoint] Safepoint "ParallelGCFailedAllocation", Time since last: 91937400 ns, Reaching safepoint: 212900 ns, At safepoint: 783000 ns, Total: 995900 ns
[189.718s][info][gc       ] GC(2871) Pause Young (Allocation Failure) 879M->44M(944M) 0.568ms
[189.718s][info][safepoint] Safepoint "ParallelGCFailedAllocation", Time since last: 87034200 ns, Reaching safepoint: 178300 ns, At safepoint: 650500 ns, Total: 828800 ns
[189.802s][info][gc       ] GC(2872) Pause Young (Allocation Failure) 841M->46M(912M) 0.605ms
[189.802s][info][safepoint] Safepoint "ParallelGCFailedAllocation", Time since last: 82953200 ns, Reaching safepoint: 234200 ns, At safepoint: 685800 ns, Total: 920000 ns
[189.884s][info][gc       ] GC(2873) Pause Young (Allocation Failure) 809M->44M(877M) 0.767ms
[189.884s][info][safepoint] Safepoint "ParallelGCFailedAllocation", Time since last: 81294100 ns, Reaching safepoint: 161400 ns, At safepoint: 870200 ns, Total: 1031600 ns
[189.965s][info][gc       ] GC(2874) Pause Young (Allocation Failure) 774M->46M(849M) 0.567ms
[189.965s][info][safepoint] Safepoint "ParallelGCFailedAllocation", Time since last: 79832500 ns, Reaching safepoint: 124200 ns, At safepoint: 644100 ns, Total: 768300 ns
[190.038s][info][gc       ] GC(2875) Pause Young (Allocation Failure) 744M->46M(819M) 0.576ms
[190.038s][info][safepoint] Safepoint "ParallelGCFailedAllocation", Time since last: 72671800 ns, Reaching safepoint: 140200 ns, At safepoint: 663400 ns, Total: 803600 ns
[190.109s][info][gc       ] GC(2876) Pause Young (Allocation Failure) 714M->46M(791M) 0.706ms
[190.109s][info][safepoint] Safepoint "ParallelGCFailedAllocation", Time since last: 70240500 ns, Reaching safepoint: 207600 ns, At safepoint: 799100 ns, Total: 1006700 ns
[190.178s][info][gc       ] GC(2877) Pause Young (Allocation Failure) 685M->46M(765M) 0.596ms
[190.178s][info][safepoint] Safepoint "ParallelGCFailedAllocation", Time since last: 68056800 ns, Reaching safepoint: 193200 ns, At safepoint: 677600 ns, Total: 870800 ns
[190.245s][info][gc       ] GC(2878) Pause Young (Allocation Failure) 662M->46M(739M) 0.936ms
[190.245s][info][safepoint] Safepoint "ParallelGCFailedAllocation", Time since last: 65800500 ns, Reaching safepoint: 112600 ns, At safepoint: 1019500 ns, Total: 1132100 ns
[190.307s][info][gc       ] GC(2879) Pause Young (Allocation Failure) 632M->46M(715M) 0.777ms
[190.307s][info][safepoint] Safepoint "ParallelGCFailedAllocation", Time since last: 61303300 ns, Reaching safepoint: 131300 ns, At safepoint: 862300 ns, Total: 993600 ns
[190.368s][info][gc       ] GC(2880) Pause Young (Allocation Failure) 612M->46M(829M) 1.145ms
[190.368s][info][safepoint] Safepoint "ParallelGCFailedAllocation", Time since last: 59065800 ns, Reaching safepoint: 119700 ns, At safepoint: 1234100 ns, Total: 1353800 ns
[190.439s][info][gc       ] GC(2881) Pause Young (Allocation Failure) 725M->46M(965M) 0.820ms
[190.439s][info][safepoint] Safepoint "ParallelGCFailedAllocation", Time since last: 70232200 ns, Reaching safepoint: 228500 ns, At safepoint: 901000 ns, Total: 1129500 ns
[190.523s][info][gc       ] GC(2882) Pause Young (Allocation Failure) 858M->46M(930M) 0.674ms
[190.523s][info][safepoint] Safepoint "ParallelGCFailedAllocation", Time since last: 82663900 ns, Reaching safepoint: 152900 ns, At safepoint: 841100 ns, Total: 994000 ns
[190.605s][info][gc       ] GC(2883) Pause Young (Allocation Failure) 823M->46M(894M) 0.691ms
[190.605s][info][safepoint] Safepoint "ParallelGCFailedAllocation", Time since last: 81009200 ns, Reaching safepoint: 143600 ns, At safepoint: 834600 ns, Total: 978200 ns
[190.684s][info][gc       ] GC(2884) Pause Young (Allocation Failure) 794M->49M(865M) 0.723ms
[190.684s][info][safepoint] Safepoint "ParallelGCFailedAllocation", Time since last: 77643100 ns, Reaching safepoint: 212000 ns, At safepoint: 809800 ns, Total: 1021800 ns
[190.762s][info][gc       ] GC(2885) Pause Young (Allocation Failure) 763M->49M(835M) 0.885ms
[190.762s][info][safepoint] Safepoint "ParallelGCFailedAllocation", Time since last: 77269200 ns, Reaching safepoint: 181400 ns, At safepoint: 967500 ns, Total: 1148900 ns
[190.836s][info][gc       ] GC(2886) Pause Young (Allocation Failure) 733M->49M(806M) 0.816ms
[190.836s][info][safepoint] Safepoint "ParallelGCFailedAllocation", Time since last: 73364000 ns, Reaching safepoint: 137400 ns, At safepoint: 907000 ns, Total: 1044400 ns
[190.906s][info][gc       ] GC(2887) Pause Young (Allocation Failure) 706M->46M(776M) 0.523ms
[190.906s][info][safepoint] Safepoint "ParallelGCFailedAllocation", Time since last: 69092600 ns, Reaching safepoint: 180600 ns, At safepoint: 618300 ns, Total: 798900 ns
[190.974s][info][gc       ] GC(2888) Pause Young (Allocation Failure) 676M->46M(750M) 0.579ms
[190.974s][info][safepoint] Safepoint "ParallelGCFailedAllocation", Time since last: 67094400 ns, Reaching safepoint: 189300 ns, At safepoint: 661800 ns, Total: 851100 ns
[191.039s][info][gc       ] GC(2889) Pause Young (Allocation Failure) 648M->46M(726M) 0.757ms
[191.039s][info][safepoint] Safepoint "ParallelGCFailedAllocation", Time since last: 63483800 ns, Reaching safepoint: 194200 ns, At safepoint: 846500 ns, Total: 1040700 ns
[191.101s][info][gc       ] GC(2890) Pause Young (Allocation Failure) 626M->49M(705M) 0.816ms
[191.102s][info][safepoint] Safepoint "ParallelGCFailedAllocation", Time since last: 61821400 ns, Reaching safepoint: 66300 ns, At safepoint: 900100 ns, Total: 966400 ns
[191.162s][info][gc       ] GC(2891) Pause Young (Allocation Failure) 603M->46M(680M) 0.617ms
[191.162s][info][safepoint] Safepoint "ParallelGCFailedAllocation", Time since last: 59851200 ns, Reaching safepoint: 223800 ns, At safepoint: 773200 ns, Total: 997000 ns
[191.219s][info][gc       ] GC(2892) Pause Young (Allocation Failure) 578M->46M(658M) 0.524ms
[191.219s][info][safepoint] Safepoint "ParallelGCFailedAllocation", Time since last: 56142300 ns, Reaching safepoint: 190600 ns, At safepoint: 628400 ns, Total: 819000 ns
[191.275s][info][gc       ] GC(2893) Pause Young (Allocation Failure) 558M->46M(638M) 0.680ms
[191.275s][info][safepoint] Safepoint "ParallelGCFailedAllocation", Time since last: 54979000 ns, Reaching safepoint: 207500 ns, At safepoint: 768700 ns, Total: 976200 ns
[191.329s][info][gc       ] GC(2894) Pause Young (Allocation Failure) 538M->49M(621M) 0.956ms
[191.329s][info][safepoint] Safepoint "ParallelGCFailedAllocation", Time since last: 52734700 ns, Reaching safepoint: 193700 ns, At safepoint: 1052900 ns, Total: 1246600 ns
[191.380s][info][gc       ] GC(2895) Pause Young (Allocation Failure) 518M->49M(603M) 0.620ms
[191.380s][info][safepoint] Safepoint "ParallelGCFailedAllocation", Time since last: 49533800 ns, Reaching safepoint: 194300 ns, At safepoint: 711600 ns, Total: 905900 ns
[191.428s][info][gc       ] GC(2896) Pause Young (Allocation Failure) 501M->46M(583M) 0.554ms
[191.428s][info][safepoint] Safepoint "ParallelGCFailedAllocation", Time since last: 47729100 ns, Reaching safepoint: 199100 ns, At safepoint: 630500 ns, Total: 829600 ns
[191.475s][info][gc       ] GC(2897) Pause Young (Allocation Failure) 481M->46M(566M) 0.757ms
[191.475s][info][safepoint] Safepoint "ParallelGCFailedAllocation", Time since last: 45693500 ns, Reaching safepoint: 135800 ns, At safepoint: 853400 ns, Total: 989200 ns
[191.520s][info][gc       ] GC(2898) Pause Young (Allocation Failure) 463M->49M(653M) 0.646ms
[191.520s][info][safepoint] Safepoint "ParallelGCFailedAllocation", Time since last: 43906700 ns, Reaching safepoint: 187900 ns, At safepoint: 729200 ns, Total: 917100 ns
[191.574s][info][gc       ] GC(2899) Pause Young (Allocation Failure) 551M->49M(754M) 0.684ms
[191.574s][info][safepoint] Safepoint "ParallelGCFailedAllocation", Time since last: 53672700 ns, Reaching safepoint: 190700 ns, At safepoint: 795200 ns, Total: 985900 ns
[191.640s][info][gc       ] GC(2900) Pause Young (Allocation Failure) 652M->49M(729M) 0.663ms
[191.640s][info][safepoint] Safepoint "ParallelGCFailedAllocation", Time since last: 64858600 ns, Reaching safepoint: 223700 ns, At safepoint: 744100 ns, Total: 967800 ns
[191.703s][info][gc       ] GC(2901) Pause Young (Allocation Failure) 629M->46M(703M) 0.661ms
[191.703s][info][safepoint] Safepoint "ParallelGCFailedAllocation", Time since last: 61477900 ns, Reaching safepoint: 195100 ns, At safepoint: 743200 ns, Total: 938300 ns
[191.763s][info][gc       ] GC(2902) Pause Young (Allocation Failure) 602M->49M(683M) 0.625ms
[191.763s][info][safepoint] Safepoint "ParallelGCFailedAllocation", Time since last: 59501000 ns, Reaching safepoint: 176900 ns, At safepoint: 718200 ns, Total: 895100 ns
[191.821s][info][gc       ] GC(2903) Pause Young (Allocation Failure) 582M->49M(662M) 0.598ms
[191.821s][info][safepoint] Safepoint "ParallelGCFailedAllocation", Time since last: 57207100 ns, Reaching safepoint: 205500 ns, At safepoint: 674300 ns, Total: 879800 ns
[191.877s][info][gc       ] GC(2904) Pause Young (Allocation Failure) 562M->49M(641M) 0.654ms
[191.877s][info][safepoint] Safepoint "ParallelGCFailedAllocation", Time since last: 55440900 ns, Reaching safepoint: 139400 ns, At safepoint: 734500 ns, Total: 873900 ns
[191.931s][info][gc       ] GC(2905) Pause Young (Allocation Failure) 539M->49M(622M) 0.841ms
[191.931s][info][safepoint] Safepoint "ParallelGCFailedAllocation", Time since last: 52059000 ns, Reaching safepoint: 195800 ns, At safepoint: 920300 ns, Total: 1116100 ns
[191.984s][info][gc       ] GC(2906) Pause Young (Allocation Failure) 519M->49M(603M) 0.660ms
[191.984s][info][safepoint] Safepoint "ParallelGCFailedAllocation", Time since last: 52406000 ns, Reaching safepoint: 147100 ns, At safepoint: 735500 ns, Total: 882600 ns
[192.033s][info][gc       ] GC(2907) Pause Young (Allocation Failure) 502M->46M(583M) 0.549ms
[192.033s][info][safepoint] Safepoint "ParallelGCFailedAllocation", Time since last: 48630200 ns, Reaching safepoint: 197600 ns, At safepoint: 631500 ns, Total: 829100 ns
[192.079s][info][gc       ] GC(2908) Pause Young (Allocation Failure) 482M->46M(567M) 0.597ms
[192.079s][info][safepoint] Safepoint "ParallelGCFailedAllocation", Time since last: 45142800 ns, Reaching safepoint: 214300 ns, At safepoint: 680700 ns, Total: 895000 ns
[192.124s][info][gc       ] GC(2909) Pause Young (Allocation Failure) 464M->49M(553M) 0.629ms
[192.124s][info][safepoint] Safepoint "ParallelGCFailedAllocation", Time since last: 43745700 ns, Reaching safepoint: 183500 ns, At safepoint: 711200 ns, Total: 894700 ns
[192.167s][info][gc       ] GC(2910) Pause Young (Allocation Failure) 451M->46M(536M) 0.637ms
[192.167s][info][safepoint] Safepoint "ParallelGCFailedAllocation", Time since last: 41815600 ns, Reaching safepoint: 196200 ns, At safepoint: 708900 ns, Total: 905100 ns
[192.208s][info][gc       ] GC(2911) Pause Young (Allocation Failure) 434M->49M(616M) 0.642ms
[192.208s][info][safepoint] Safepoint "ParallelGCFailedAllocation", Time since last: 40558800 ns, Reaching safepoint: 140100 ns, At safepoint: 718100 ns, Total: 858200 ns
[192.257s][info][gc       ] GC(2912) Pause Young (Allocation Failure) 514M->49M(598M) 0.698ms
[192.257s][info][safepoint] Safepoint "ParallelGCFailedAllocation", Time since last: 47458200 ns, Reaching safepoint: 199900 ns, At safepoint: 815400 ns, Total: 1015300 ns
[192.305s][info][gc       ] GC(2913) Pause Young (Allocation Failure) 494M->49M(581M) 0.625ms
[192.305s][info][safepoint] Safepoint "ParallelGCFailedAllocation", Time since last: 47231000 ns, Reaching safepoint: 141800 ns, At safepoint: 756100 ns, Total: 897900 ns
[192.350s][info][gc       ] GC(2914) Pause Young (Allocation Failure) 479M->49M(667M) 0.917ms
[192.350s][info][safepoint] Safepoint "ParallelGCFailedAllocation", Time since last: 43731100 ns, Reaching safepoint: 153600 ns, At safepoint: 1056500 ns, Total: 1210100 ns
[192.405s][info][gc       ] GC(2915) Pause Young (Allocation Failure) 567M->49M(771M) 0.515ms
[192.405s][info][safepoint] Safepoint "ParallelGCFailedAllocation", Time since last: 54424700 ns, Reaching safepoint: 200600 ns, At safepoint: 590100 ns, Total: 790700 ns
[192.469s][info][gc       ] GC(2916) Pause Young (Allocation Failure) 671M->46M(743M) 0.740ms
[192.469s][info][safepoint] Safepoint "ParallelGCFailedAllocation", Time since last: 63217800 ns, Reaching safepoint: 128800 ns, At safepoint: 832700 ns, Total: 961500 ns
[192.531s][info][gc       ] GC(2917) Pause Young (Allocation Failure) 643M->49M(721M) 0.728ms
[192.532s][info][safepoint] Safepoint "ParallelGCFailedAllocation", Time since last: 61373900 ns, Reaching safepoint: 201700 ns, At safepoint: 816300 ns, Total: 1018000 ns
[192.592s][info][gc       ] GC(2918) Pause Young (Allocation Failure) 620M->46M(696M) 0.738ms
[192.592s][info][safepoint] Safepoint "ParallelGCFailedAllocation", Time since last: 59165000 ns, Reaching safepoint: 186300 ns, At safepoint: 831100 ns, Total: 1017400 ns
[192.651s][info][gc       ] GC(2919) Pause Young (Allocation Failure) 593M->49M(676M) 0.656ms
[192.651s][info][safepoint] Safepoint "ParallelGCFailedAllocation", Time since last: 58829700 ns, Reaching safepoint: 169800 ns, At safepoint: 744900 ns, Total: 914700 ns
[192.708s][info][gc       ] GC(2920) Pause Young (Allocation Failure) 573M->49M(655M) 0.801ms
[192.708s][info][safepoint] Safepoint "ParallelGCFailedAllocation", Time since last: 55472800 ns, Reaching safepoint: 181400 ns, At safepoint: 887000 ns, Total: 1068400 ns
[192.762s][info][gc       ] GC(2921) Pause Young (Allocation Failure) 553M->49M(635M) 0.601ms
[192.762s][info][safepoint] Safepoint "ParallelGCFailedAllocation", Time since last: 53464200 ns, Reaching safepoint: 186400 ns, At safepoint: 677500 ns, Total: 863900 ns
[192.815s][info][gc       ] GC(2922) Pause Young (Allocation Failure) 535M->49M(616M) 0.817ms
[192.815s][info][safepoint] Safepoint "ParallelGCFailedAllocation", Time since last: 51840100 ns, Reaching safepoint: 185400 ns, At safepoint: 998700 ns, Total: 1184100 ns
[192.865s][info][gc       ] GC(2923) Pause Young (Allocation Failure) 515M->49M(598M) 0.576ms
[192.865s][info][safepoint] Safepoint "ParallelGCFailedAllocation", Time since last: 48966500 ns, Reaching safepoint: 174400 ns, At safepoint: 696100 ns, Total: 870500 ns
[192.913s][info][gc       ] GC(2924) Pause Young (Allocation Failure) 495M->49M(688M) 0.792ms
[192.913s][info][safepoint] Safepoint "ParallelGCFailedAllocation", Time since last: 46686500 ns, Reaching safepoint: 138900 ns, At safepoint: 894200 ns, Total: 1033100 ns
[192.972s][info][gc       ] GC(2925) Pause Young (Allocation Failure) 588M->49M(796M) 0.845ms
[192.972s][info][safepoint] Safepoint "ParallelGCFailedAllocation", Time since last: 58171600 ns, Reaching safepoint: 195000 ns, At safepoint: 934600 ns, Total: 1129600 ns
[193.041s][info][gc       ] GC(2926) Pause Young (Allocation Failure) 694M->46M(767M) 0.649ms
[193.041s][info][safepoint] Safepoint "ParallelGCFailedAllocation", Time since last: 67583400 ns, Reaching safepoint: 124600 ns, At safepoint: 728000 ns, Total: 852600 ns
[193.108s][info][gc       ] GC(2927) Pause Young (Allocation Failure) 667M->49M(894M) 0.905ms
[193.108s][info][safepoint] Safepoint "ParallelGCFailedAllocation", Time since last: 65695300 ns, Reaching safepoint: 202500 ns, At safepoint: 1015400 ns, Total: 1217900 ns
[193.187s][info][gc       ] GC(2928) Pause Young (Allocation Failure) 794M->46M(860M) 0.643ms
[193.187s][info][safepoint] Safepoint "ParallelGCFailedAllocation", Time since last: 78177900 ns, Reaching safepoint: 139300 ns, At safepoint: 719500 ns, Total: 858800 ns
[193.261s][info][gc       ] GC(2929) Pause Young (Allocation Failure) 758M->49M(832M) 0.866ms
[193.261s][info][safepoint] Safepoint "ParallelGCFailedAllocation", Time since last: 73764000 ns, Reaching safepoint: 124500 ns, At safepoint: 977100 ns, Total: 1101600 ns
[193.334s][info][gc       ] GC(2930) Pause Young (Allocation Failure) 732M->49M(804M) 1.077ms
[193.334s][info][safepoint] Safepoint "ParallelGCFailedAllocation", Time since last: 71647300 ns, Reaching safepoint: 137800 ns, At safepoint: 1201400 ns, Total: 1339200 ns
[193.403s][info][gc       ] GC(2931) Pause Young (Allocation Failure) 702M->49M(935M) 0.830ms
[193.403s][info][safepoint] Safepoint "ParallelGCFailedAllocation", Time since last: 67003700 ns, Reaching safepoint: 204900 ns, At safepoint: 925300 ns, Total: 1130200 ns
[193.487s][info][gc       ] GC(2932) Pause Young (Allocation Failure) 834M->46M(899M) 0.769ms
[193.487s][info][safepoint] Safepoint "ParallelGCFailedAllocation", Time since last: 83319500 ns, Reaching safepoint: 203800 ns, At safepoint: 844300 ns, Total: 1048100 ns
[193.565s][info][gc       ] GC(2933) Pause Young (Allocation Failure) 799M->49M(869M) 0.707ms
[193.565s][info][safepoint] Safepoint "ParallelGCFailedAllocation", Time since last: 77489300 ns, Reaching safepoint: 149100 ns, At safepoint: 794200 ns, Total: 943300 ns
[193.642s][info][gc       ] GC(2934) Pause Young (Allocation Failure) 768M->49M(839M) 1.028ms
[193.642s][info][safepoint] Safepoint "ParallelGCFailedAllocation", Time since last: 75727400 ns, Reaching safepoint: 192000 ns, At safepoint: 1135100 ns, Total: 1327100 ns
[193.716s][info][gc       ] GC(2935) Pause Young (Allocation Failure) 738M->49M(810M) 0.570ms
[193.716s][info][safepoint] Safepoint "ParallelGCFailedAllocation", Time since last: 73065300 ns, Reaching safepoint: 128000 ns, At safepoint: 649000 ns, Total: 777000 ns
[193.788s][info][gc       ] GC(2936) Pause Young (Allocation Failure) 708M->49M(782M) 1.054ms
[193.788s][info][safepoint] Safepoint "ParallelGCFailedAllocation", Time since last: 70826500 ns, Reaching safepoint: 198500 ns, At safepoint: 1137700 ns, Total: 1336200 ns
[193.857s][info][gc       ] GC(2937) Pause Young (Allocation Failure) 678M->49M(756M) 0.508ms
[193.857s][info][safepoint] Safepoint "ParallelGCFailedAllocation", Time since last: 67627700 ns, Reaching safepoint: 145600 ns, At safepoint: 613800 ns, Total: 759400 ns
[193.923s][info][gc       ] GC(2938) Pause Young (Allocation Failure) 655M->49M(731M) 0.708ms
[193.923s][info][safepoint] Safepoint "ParallelGCFailedAllocation", Time since last: 65247400 ns, Reaching safepoint: 127700 ns, At safepoint: 808600 ns, Total: 936300 ns
[193.987s][info][gc       ] GC(2939) Pause Young (Allocation Failure) 630M->49M(703M) 1.205ms
[193.987s][info][safepoint] Safepoint "ParallelGCFailedAllocation", Time since last: 62894500 ns, Reaching safepoint: 201600 ns, At safepoint: 1294000 ns, Total: 1495600 ns
[194.047s][info][gc       ] GC(2940) Pause Young (Allocation Failure) 607M->51M(688M) 0.426ms
[194.047s][info][safepoint] Safepoint "ParallelGCFailedAllocation", Time since last: 58887000 ns, Reaching safepoint: 147800 ns, At safepoint: 526000 ns, Total: 673800 ns
[194.104s][info][gc       ] GC(2941) Pause Young (Allocation Failure) 587M->51M(662M) 0.704ms
[194.104s][info][safepoint] Safepoint "ParallelGCFailedAllocation", Time since last: 56262100 ns, Reaching safepoint: 118200 ns, At safepoint: 785300 ns, Total: 903500 ns
[194.159s][info][gc       ] GC(2942) Pause Young (Allocation Failure) 565M->54M(643M) 0.859ms
[194.159s][info][safepoint] Safepoint "ParallelGCFailedAllocation", Time since last: 53973000 ns, Reaching safepoint: 130200 ns, At safepoint: 944400 ns, Total: 1074600 ns
[194.212s][info][gc       ] GC(2943) Pause Young (Allocation Failure) 547M->54M(624M) 0.648ms
[194.212s][info][safepoint] Safepoint "ParallelGCFailedAllocation", Time since last: 51522300 ns, Reaching safepoint: 192300 ns, At safepoint: 737900 ns, Total: 930200 ns
[194.263s][info][gc       ] GC(2944) Pause Young (Allocation Failure) 527M->54M(719M) 0.996ms
[194.263s][info][safepoint] Safepoint "ParallelGCFailedAllocation", Time since last: 49981500 ns, Reaching safepoint: 197400 ns, At safepoint: 1088400 ns, Total: 1285800 ns
[194.329s][info][gc       ] GC(2945) Pause Young (Allocation Failure) 623M->51M(694M) 0.575ms
[194.329s][info][safepoint] Safepoint "ParallelGCFailedAllocation", Time since last: 65420100 ns, Reaching safepoint: 127600 ns, At safepoint: 736400 ns, Total: 864000 ns
[194.389s][info][gc       ] GC(2946) Pause Young (Allocation Failure) 598M->51M(672M) 0.583ms
[194.389s][info][safepoint] Safepoint "ParallelGCFailedAllocation", Time since last: 59056900 ns, Reaching safepoint: 149000 ns, At safepoint: 728400 ns, Total: 877400 ns
[194.447s][info][gc       ] GC(2947) Pause Young (Allocation Failure) 575M->54M(653M) 0.806ms
[194.447s][info][safepoint] Safepoint "ParallelGCFailedAllocation", Time since last: 56637500 ns, Reaching safepoint: 168900 ns, At safepoint: 893400 ns, Total: 1062300 ns
[194.501s][info][gc       ] GC(2948) Pause Young (Allocation Failure) 558M->51M(631M) 0.797ms
[194.501s][info][safepoint] Safepoint "ParallelGCFailedAllocation", Time since last: 53395300 ns, Reaching safepoint: 146600 ns, At safepoint: 895300 ns, Total: 1041900 ns
[194.553s][info][gc       ] GC(2949) Pause Young (Allocation Failure) 532M->54M(730M) 0.771ms
[194.553s][info][safepoint] Safepoint "ParallelGCFailedAllocation", Time since last: 50604600 ns, Reaching safepoint: 154100 ns, At safepoint: 841400 ns, Total: 995500 ns
[194.614s][info][gc       ] GC(2950) Pause Young (Allocation Failure) 631M->54M(706M) 0.616ms
[194.614s][info][safepoint] Safepoint "ParallelGCFailedAllocation", Time since last: 60264900 ns, Reaching safepoint: 127100 ns, At safepoint: 667100 ns, Total: 794200 ns
[194.672s][info][gc       ] GC(2951) Pause Young (Allocation Failure) 611M->54M(684M) 0.631ms
[194.672s][info][safepoint] Safepoint "ParallelGCFailedAllocation", Time since last: 57619300 ns, Reaching safepoint: 208200 ns, At safepoint: 695700 ns, Total: 903900 ns
[194.728s][info][gc       ] GC(2952) Pause Young (Allocation Failure) 588M->51M(660M) 0.756ms
[194.728s][info][safepoint] Safepoint "ParallelGCFailedAllocation", Time since last: 54761500 ns, Reaching safepoint: 181400 ns, At safepoint: 843000 ns, Total: 1024400 ns
[194.782s][info][gc       ] GC(2953) Pause Young (Allocation Failure) 560M->54M(642M) 0.736ms
[194.782s][info][safepoint] Safepoint "ParallelGCFailedAllocation", Time since last: 53236100 ns, Reaching safepoint: 138300 ns, At safepoint: 833600 ns, Total: 971900 ns
[194.835s][info][gc       ] GC(2954) Pause Young (Allocation Failure) 543M->54M(622M) 0.664ms
[194.835s][info][safepoint] Safepoint "ParallelGCFailedAllocation", Time since last: 51718100 ns, Reaching safepoint: 157000 ns, At safepoint: 750300 ns, Total: 907300 ns
[194.885s][info][gc       ] GC(2955) Pause Young (Allocation Failure) 523M->54M(604M) 0.569ms
[194.885s][info][safepoint] Safepoint "ParallelGCFailedAllocation", Time since last: 49437300 ns, Reaching safepoint: 209800 ns, At safepoint: 656700 ns, Total: 866500 ns
[194.934s][info][gc       ] GC(2956) Pause Young (Allocation Failure) 507M->54M(695M) 0.964ms
[194.934s][info][safepoint] Safepoint "ParallelGCFailedAllocation", Time since last: 47635300 ns, Reaching safepoint: 141200 ns, At safepoint: 1073900 ns, Total: 1215100 ns
[194.993s][info][gc       ] GC(2957) Pause Young (Allocation Failure) 596M->54M(804M) 0.603ms
[194.994s][info][safepoint] Safepoint "ParallelGCFailedAllocation", Time since last: 58435700 ns, Reaching safepoint: 170200 ns, At safepoint: 712100 ns, Total: 882300 ns
[195.062s][info][gc       ] GC(2958) Pause Young (Allocation Failure) 708M->51M(775M) 0.654ms
[195.062s][info][safepoint] Safepoint "ParallelGCFailedAllocation", Time since last: 67278800 ns, Reaching safepoint: 133000 ns, At safepoint: 747900 ns, Total: 880900 ns
[195.130s][info][gc       ] GC(2959) Pause Young (Allocation Failure) 680M->54M(751M) 0.883ms
[195.130s][info][safepoint] Safepoint "ParallelGCFailedAllocation", Time since last: 67011400 ns, Reaching safepoint: 204300 ns, At safepoint: 1006100 ns, Total: 1210400 ns
[195.196s][info][gc       ] GC(2960) Pause Young (Allocation Failure) 655M->51M(725M) 0.701ms
[195.196s][info][safepoint] Safepoint "ParallelGCFailedAllocation", Time since last: 65213900 ns, Reaching safepoint: 126700 ns, At safepoint: 796500 ns, Total: 923200 ns
[195.258s][info][gc       ] GC(2961) Pause Young (Allocation Failure) 629M->51M(701M) 0.762ms
[195.258s][info][safepoint] Safepoint "ParallelGCFailedAllocation", Time since last: 60828000 ns, Reaching safepoint: 204200 ns, At safepoint: 856100 ns, Total: 1060300 ns
[195.321s][info][gc       ] GC(2962) Pause Young (Allocation Failure) 602M->54M(681M) 0.713ms
[195.321s][info][safepoint] Safepoint "ParallelGCFailedAllocation", Time since last: 61600300 ns, Reaching safepoint: 217700 ns, At safepoint: 807200 ns, Total: 1024900 ns
[195.377s][info][gc       ] GC(2963) Pause Young (Allocation Failure) 581M->54M(660M) 0.476ms
[195.377s][info][safepoint] Safepoint "ParallelGCFailedAllocation", Time since last: 55867500 ns, Reaching safepoint: 127600 ns, At safepoint: 592100 ns, Total: 719700 ns
[195.432s][info][gc       ] GC(2964) Pause Young (Allocation Failure) 561M->54M(640M) 0.831ms
[195.432s][info][safepoint] Safepoint "ParallelGCFailedAllocation", Time since last: 53463700 ns, Reaching safepoint: 171900 ns, At safepoint: 991800 ns, Total: 1163700 ns
[195.485s][info][gc       ] GC(2965) Pause Young (Allocation Failure) 543M->54M(619M) 0.760ms
[195.485s][info][safepoint] Safepoint "ParallelGCFailedAllocation", Time since last: 52226600 ns, Reaching safepoint: 195400 ns, At safepoint: 845500 ns, Total: 1040900 ns
[195.535s][info][gc       ] GC(2966) Pause Young (Allocation Failure) 523M->56M(603M) 0.581ms
[195.535s][info][safepoint] Safepoint "ParallelGCFailedAllocation", Time since last: 48705700 ns, Reaching safepoint: 134700 ns, At safepoint: 669000 ns, Total: 803700 ns
[195.581s][info][gc       ] GC(2967) Pause Young (Allocation Failure) 506M->56M(585M) 0.631ms
[195.581s][info][safepoint] Safepoint "ParallelGCFailedAllocation", Time since last: 45279400 ns, Reaching safepoint: 133300 ns, At safepoint: 736100 ns, Total: 869400 ns
[195.625s][info][gc       ] GC(2968) Pause Young (Allocation Failure) 490M->56M(673M) 1.068ms
[195.626s][info][safepoint] Safepoint "ParallelGCFailedAllocation", Time since last: 43425100 ns, Reaching safepoint: 205600 ns, At safepoint: 1160100 ns, Total: 1365700 ns
[195.679s][info][gc       ] GC(2969) Pause Young (Allocation Failure) 579M->56M(775M) 0.833ms
[195.679s][info][safepoint] Safepoint "ParallelGCFailedAllocation", Time since last: 52830900 ns, Reaching safepoint: 125400 ns, At safepoint: 950500 ns, Total: 1075900 ns
[195.743s][info][gc       ] GC(2970) Pause Young (Allocation Failure) 685M->56M(901M) 0.638ms
[195.743s][info][safepoint] Safepoint "ParallelGCFailedAllocation", Time since last: 62615200 ns, Reaching safepoint: 181800 ns, At safepoint: 742400 ns, Total: 924200 ns
[195.822s][info][gc       ] GC(2971) Pause Young (Allocation Failure) 811M->59M(1054M) 0.848ms
[195.822s][info][safepoint] Safepoint "ParallelGCFailedAllocation", Time since last: 78213100 ns, Reaching safepoint: 223100 ns, At safepoint: 933900 ns, Total: 1157000 ns
[195.918s][info][gc       ] GC(2972) Pause Young (Allocation Failure) 963M->56M(1012M) 0.771ms
[195.918s][info][safepoint] Safepoint "ParallelGCFailedAllocation", Time since last: 94575000 ns, Reaching safepoint: 116900 ns, At safepoint: 853300 ns, Total: 970200 ns
[196.009s][info][gc       ] GC(2973) Pause Young (Allocation Failure) 917M->59M(977M) 0.591ms
[196.009s][info][safepoint] Safepoint "ParallelGCFailedAllocation", Time since last: 90360900 ns, Reaching safepoint: 132400 ns, At safepoint: 710100 ns, Total: 842500 ns
[196.099s][info][gc       ] GC(2974) Pause Young (Allocation Failure) 884M->56M(939M) 0.794ms
[196.099s][info][safepoint] Safepoint "ParallelGCFailedAllocation", Time since last: 88839900 ns, Reaching safepoint: 190700 ns, At safepoint: 869700 ns, Total: 1060400 ns
[196.184s][info][gc       ] GC(2975) Pause Young (Allocation Failure) 847M->59M(908M) 0.617ms
[196.184s][info][safepoint] Safepoint "ParallelGCFailedAllocation", Time since last: 83915500 ns, Reaching safepoint: 221500 ns, At safepoint: 718600 ns, Total: 940100 ns
[196.264s][info][gc       ] GC(2976) Pause Young (Allocation Failure) 817M->59M(876M) 0.904ms
[196.264s][info][safepoint] Safepoint "ParallelGCFailedAllocation", Time since last: 78759800 ns, Reaching safepoint: 136100 ns, At safepoint: 974700 ns, Total: 1110800 ns
[196.339s][info][gc       ] GC(2977) Pause Young (Allocation Failure) 783M->59M(843M) 0.763ms
[196.339s][info][safepoint] Safepoint "ParallelGCFailedAllocation", Time since last: 74431300 ns, Reaching safepoint: 126300 ns, At safepoint: 825200 ns, Total: 951500 ns
[196.412s][info][gc       ] GC(2978) Pause Young (Allocation Failure) 753M->61M(816M) 0.851ms
[196.412s][info][safepoint] Safepoint "ParallelGCFailedAllocation", Time since last: 71689500 ns, Reaching safepoint: 153900 ns, At safepoint: 920800 ns, Total: 1074700 ns
[196.482s][info][gc       ] GC(2979) Pause Young (Allocation Failure) 725M->61M(789M) 0.556ms
[196.482s][info][safepoint] Safepoint "ParallelGCFailedAllocation", Time since last: 69024700 ns, Reaching safepoint: 151900 ns, At safepoint: 635200 ns, Total: 787100 ns
[196.550s][info][gc       ] GC(2980) Pause Young (Allocation Failure) 700M->61M(762M) 0.776ms
[196.550s][info][safepoint] Safepoint "ParallelGCFailedAllocation", Time since last: 67692200 ns, Reaching safepoint: 200900 ns, At safepoint: 851500 ns, Total: 1052400 ns
[196.618s][info][gc       ] GC(2981) Pause Young (Allocation Failure) 672M->61M(735M) 0.790ms
[196.618s][info][safepoint] Safepoint "ParallelGCFailedAllocation", Time since last: 66611900 ns, Reaching safepoint: 131100 ns, At safepoint: 853200 ns, Total: 984300 ns
[196.680s][info][gc       ] GC(2982) Pause Young (Allocation Failure) 649M->61M(711M) 0.615ms
[196.680s][info][safepoint] Safepoint "ParallelGCFailedAllocation", Time since last: 61435700 ns, Reaching safepoint: 148800 ns, At safepoint: 693500 ns, Total: 842300 ns
[196.740s][info][gc       ] GC(2983) Pause Young (Allocation Failure) 624M->64M(690M) 0.579ms
[196.740s][info][safepoint] Safepoint "ParallelGCFailedAllocation", Time since last: 58721500 ns, Reaching safepoint: 135800 ns, At safepoint: 645700 ns, Total: 781500 ns
[196.798s][info][gc       ] GC(2984) Pause Young (Allocation Failure) 603M->64M(669M) 0.938ms
[196.798s][info][safepoint] Safepoint "ParallelGCFailedAllocation", Time since last: 57381300 ns, Reaching safepoint: 185000 ns, At safepoint: 1029300 ns, Total: 1214300 ns
[196.854s][info][gc       ] GC(2985) Pause Young (Allocation Failure) 583M->64M(646M) 0.682ms
[196.854s][info][safepoint] Safepoint "ParallelGCFailedAllocation", Time since last: 54912000 ns, Reaching safepoint: 210600 ns, At safepoint: 750700 ns, Total: 961300 ns
[196.907s][info][gc       ] GC(2986) Pause Young (Allocation Failure) 563M->64M(626M) 0.616ms
[196.907s][info][safepoint] Safepoint "ParallelGCFailedAllocation", Time since last: 51740800 ns, Reaching safepoint: 152500 ns, At safepoint: 684800 ns, Total: 837300 ns
[196.958s][info][gc       ] GC(2987) Pause Young (Allocation Failure) 543M->66M(725M) 0.933ms
[196.958s][info][safepoint] Safepoint "ParallelGCFailedAllocation", Time since last: 49929900 ns, Reaching safepoint: 125800 ns, At safepoint: 1018300 ns, Total: 1144100 ns
[197.019s][info][gc       ] GC(2988) Pause Young (Allocation Failure) 642M->66M(701M) 0.708ms
[197.019s][info][safepoint] Safepoint "ParallelGCFailedAllocation", Time since last: 60346200 ns, Reaching safepoint: 113000 ns, At safepoint: 784700 ns, Total: 897700 ns
[197.078s][info][gc       ] GC(2989) Pause Young (Allocation Failure) 616M->66M(677M) 0.762ms
[197.078s][info][safepoint] Safepoint "ParallelGCFailedAllocation", Time since last: 58127400 ns, Reaching safepoint: 184700 ns, At safepoint: 840700 ns, Total: 1025400 ns
[197.135s][info][gc       ] GC(2990) Pause Young (Allocation Failure) 596M->69M(658M) 0.598ms
[197.135s][info][safepoint] Safepoint "ParallelGCFailedAllocation", Time since last: 55812500 ns, Reaching safepoint: 160200 ns, At safepoint: 679100 ns, Total: 839300 ns
[197.190s][info][gc       ] GC(2991) Pause Young (Allocation Failure) 576M->66M(636M) 0.778ms
[197.190s][info][safepoint] Safepoint "ParallelGCFailedAllocation", Time since last: 54162300 ns, Reaching safepoint: 145700 ns, At safepoint: 855900 ns, Total: 1001600 ns
[197.242s][info][gc       ] GC(2992) Pause Young (Allocation Failure) 551M->69M(619M) 0.803ms
[197.242s][info][safepoint] Safepoint "ParallelGCFailedAllocation", Time since last: 50725500 ns, Reaching safepoint: 248200 ns, At safepoint: 879200 ns, Total: 1127400 ns
[197.293s][info][gc       ] GC(2993) Pause Young (Allocation Failure) 538M->66M(711M) 0.858ms
[197.293s][info][safepoint] Safepoint "ParallelGCFailedAllocation", Time since last: 49797700 ns, Reaching safepoint: 229600 ns, At safepoint: 1016100 ns, Total: 1245700 ns
[197.353s][info][gc       ] GC(2994) Pause Young (Allocation Failure) 630M->69M(690M) 0.703ms
[197.353s][info][safepoint] Safepoint "ParallelGCFailedAllocation", Time since last: 58837300 ns, Reaching safepoint: 194400 ns, At safepoint: 786300 ns, Total: 980700 ns
[197.410s][info][gc       ] GC(2995) Pause Young (Allocation Failure) 609M->69M(799M) 0.836ms
[197.410s][info][safepoint] Safepoint "ParallelGCFailedAllocation", Time since last: 55883300 ns, Reaching safepoint: 135500 ns, At safepoint: 941300 ns, Total: 1076800 ns
[197.478s][info][gc       ] GC(2996) Pause Young (Allocation Failure) 716M->66M(769M) 0.667ms
[197.478s][info][safepoint] Safepoint "ParallelGCFailedAllocation", Time since last: 67525800 ns, Reaching safepoint: 131700 ns, At safepoint: 817900 ns, Total: 949600 ns
[197.547s][info][gc       ] GC(2997) Pause Young (Allocation Failure) 688M->66M(744M) 0.746ms
[197.547s][info][safepoint] Safepoint "ParallelGCFailedAllocation", Time since last: 67347500 ns, Reaching safepoint: 170300 ns, At safepoint: 839200 ns, Total: 1009500 ns
[197.615s][info][gc       ] GC(2998) Pause Young (Allocation Failure) 661M->69M(722M) 0.617ms
[197.615s][info][safepoint] Safepoint "ParallelGCFailedAllocation", Time since last: 67531300 ns, Reaching safepoint: 164900 ns, At safepoint: 697400 ns, Total: 862300 ns
[197.676s][info][gc       ] GC(2999) Pause Young (Allocation Failure) 640M->69M(699M) 0.724ms
[197.676s][info][safepoint] Safepoint "ParallelGCFailedAllocation", Time since last: 60314000 ns, Reaching safepoint: 127400 ns, At safepoint: 818600 ns, Total: 946000 ns
[197.734s][info][gc       ] GC(3000) Pause Young (Allocation Failure) 617M->66M(674M) 0.665ms
[197.734s][info][safepoint] Safepoint "ParallelGCFailedAllocation", Time since last: 56521400 ns, Reaching safepoint: 144200 ns, At safepoint: 753700 ns, Total: 897900 ns
[197.789s][info][gc       ] GC(3001) Pause Young (Allocation Failure) 589M->69M(656M) 0.526ms
[197.789s][info][safepoint] Safepoint "ParallelGCFailedAllocation", Time since last: 54632800 ns, Reaching safepoint: 201800 ns, At safepoint: 602100 ns, Total: 803900 ns
[197.844s][info][gc       ] GC(3002) Pause Young (Allocation Failure) 575M->69M(636M) 0.947ms
[197.844s][info][safepoint] Safepoint "ParallelGCFailedAllocation", Time since last: 53196900 ns, Reaching safepoint: 225300 ns, At safepoint: 1129000 ns, Total: 1354300 ns
[197.896s][info][gc       ] GC(3003) Pause Young (Allocation Failure) 551M->69M(614M) 0.791ms
[197.896s][info][safepoint] Safepoint "ParallelGCFailedAllocation", Time since last: 51422100 ns, Reaching safepoint: 189000 ns, At safepoint: 873300 ns, Total: 1062300 ns
[197.947s][info][gc       ] GC(3004) Pause Young (Allocation Failure) 536M->71M(710M) 0.942ms
[197.947s][info][safepoint] Safepoint "ParallelGCFailedAllocation", Time since last: 50165100 ns, Reaching safepoint: 117800 ns, At safepoint: 1008300 ns, Total: 1126100 ns
[198.012s][info][gc       ] GC(3005) Pause Young (Allocation Failure) 628M->71M(688M) 0.612ms
[198.012s][info][safepoint] Safepoint "ParallelGCFailedAllocation", Time since last: 63954800 ns, Reaching safepoint: 181000 ns, At safepoint: 694900 ns, Total: 875900 ns
[198.069s][info][gc       ] GC(3006) Pause Young (Allocation Failure) 607M->71M(796M) 0.964ms
[198.069s][info][safepoint] Safepoint "ParallelGCFailedAllocation", Time since last: 55878100 ns, Reaching safepoint: 132100 ns, At safepoint: 1075000 ns, Total: 1207100 ns
[198.140s][info][gc       ] GC(3007) Pause Young (Allocation Failure) 717M->71M(766M) 0.705ms
[198.140s][info][safepoint] Safepoint "ParallelGCFailedAllocation", Time since last: 69797000 ns, Reaching safepoint: 183300 ns, At safepoint: 786500 ns, Total: 969800 ns
[198.205s][info][gc       ] GC(3008) Pause Young (Allocation Failure) 689M->74M(743M) 0.830ms
[198.205s][info][safepoint] Safepoint "ParallelGCFailedAllocation", Time since last: 64265000 ns, Reaching safepoint: 183500 ns, At safepoint: 904800 ns, Total: 1088300 ns
[198.267s][info][gc       ] GC(3009) Pause Young (Allocation Failure) 666M->74M(862M) 0.871ms
[198.268s][info][safepoint] Safepoint "ParallelGCFailedAllocation", Time since last: 60930500 ns, Reaching safepoint: 144000 ns, At safepoint: 943600 ns, Total: 1087600 ns
[198.344s][info][gc       ] GC(3010) Pause Young (Allocation Failure) 787M->74M(1005M) 0.956ms
[198.344s][info][safepoint] Safepoint "ParallelGCFailedAllocation", Time since last: 75178600 ns, Reaching safepoint: 70200 ns, At safepoint: 1031800 ns, Total: 1102000 ns
[198.433s][info][gc       ] GC(3011) Pause Young (Allocation Failure) 930M->71M(966M) 0.503ms
[198.433s][info][safepoint] Safepoint "ParallelGCFailedAllocation", Time since last: 88570400 ns, Reaching safepoint: 146900 ns, At safepoint: 574300 ns, Total: 721200 ns
[198.519s][info][gc       ] GC(3012) Pause Young (Allocation Failure) 887M->74M(933M) 0.713ms
[198.519s][info][safepoint] Safepoint "ParallelGCFailedAllocation", Time since last: 84715400 ns, Reaching safepoint: 209700 ns, At safepoint: 788400 ns, Total: 998100 ns
[198.601s][info][gc       ] GC(3013) Pause Young (Allocation Failure) 856M->74M(900M) 0.656ms
[198.601s][info][safepoint] Safepoint "ParallelGCFailedAllocation", Time since last: 81189600 ns, Reaching safepoint: 184700 ns, At safepoint: 756400 ns, Total: 941100 ns
[198.681s][info][gc       ] GC(3014) Pause Young (Allocation Failure) 823M->74M(868M) 0.974ms
[198.681s][info][safepoint] Safepoint "ParallelGCFailedAllocation", Time since last: 79078600 ns, Reaching safepoint: 138800 ns, At safepoint: 1071700 ns, Total: 1210500 ns
[198.755s][info][gc       ] GC(3015) Pause Young (Allocation Failure) 790M->71M(835M) 0.558ms
[198.755s][info][safepoint] Safepoint "ParallelGCFailedAllocation", Time since last: 73178000 ns, Reaching safepoint: 134900 ns, At safepoint: 635400 ns, Total: 770300 ns
[198.827s][info][gc       ] GC(3016) Pause Young (Allocation Failure) 757M->74M(808M) 0.645ms
[198.827s][info][safepoint] Safepoint "ParallelGCFailedAllocation", Time since last: 70899100 ns, Reaching safepoint: 167700 ns, At safepoint: 714200 ns, Total: 881900 ns
[198.897s][info][gc       ] GC(3017) Pause Young (Allocation Failure) 731M->74M(781M) 0.788ms
[198.897s][info][safepoint] Safepoint "ParallelGCFailedAllocation", Time since last: 69208500 ns, Reaching safepoint: 157200 ns, At safepoint: 856900 ns, Total: 1014100 ns
[198.964s][info][gc       ] GC(3018) Pause Young (Allocation Failure) 705M->74M(755M) 0.808ms
[198.964s][info][safepoint] Safepoint "ParallelGCFailedAllocation", Time since last: 66183300 ns, Reaching safepoint: 116200 ns, At safepoint: 882300 ns, Total: 998500 ns
[199.028s][info][gc       ] GC(3019) Pause Young (Allocation Failure) 678M->74M(727M) 0.732ms
[199.028s][info][safepoint] Safepoint "ParallelGCFailedAllocation", Time since last: 63143900 ns, Reaching safepoint: 171700 ns, At safepoint: 793900 ns, Total: 965600 ns
[199.089s][info][gc       ] GC(3020) Pause Young (Allocation Failure) 652M->76M(706M) 0.759ms
[199.089s][info][safepoint] Safepoint "ParallelGCFailedAllocation", Time since last: 59607000 ns, Reaching safepoint: 110900 ns, At safepoint: 819300 ns, Total: 930200 ns
[199.151s][info][gc       ] GC(3021) Pause Young (Allocation Failure) 632M->74M(681M) 0.819ms
[199.151s][info][safepoint] Safepoint "ParallelGCFailedAllocation", Time since last: 60519800 ns, Reaching safepoint: 160100 ns, At safepoint: 925200 ns, Total: 1085300 ns
[199.208s][info][gc       ] GC(3022) Pause Young (Allocation Failure) 606M->74M(660M) 0.634ms
[199.208s][info][safepoint] Safepoint "ParallelGCFailedAllocation", Time since last: 56535400 ns, Reaching safepoint: 138200 ns, At safepoint: 737800 ns, Total: 876000 ns
[199.264s][info][gc       ] GC(3023) Pause Young (Allocation Failure) 586M->74M(639M) 0.673ms
[199.265s][info][safepoint] Safepoint "ParallelGCFailedAllocation", Time since last: 55506800 ns, Reaching safepoint: 218300 ns, At safepoint: 757300 ns, Total: 975600 ns
[199.320s][info][gc       ] GC(3024) Pause Young (Allocation Failure) 566M->76M(622M) 0.932ms
[199.320s][info][safepoint] Safepoint "ParallelGCFailedAllocation", Time since last: 54736200 ns, Reaching safepoint: 204200 ns, At safepoint: 1020800 ns, Total: 1225000 ns
[199.370s][info][gc       ] GC(3025) Pause Young (Allocation Failure) 545M->76M(717M) 0.827ms
[199.370s][info][safepoint] Safepoint "ParallelGCFailedAllocation", Time since last: 48662900 ns, Reaching safepoint: 135700 ns, At safepoint: 924000 ns, Total: 1059700 ns
[199.430s][info][gc       ] GC(3026) Pause Young (Allocation Failure) 640M->76M(831M) 0.910ms
[199.430s][info][safepoint] Safepoint "ParallelGCFailedAllocation", Time since last: 58839900 ns, Reaching safepoint: 204100 ns, At safepoint: 1021600 ns, Total: 1225700 ns
[199.504s][info][gc       ] GC(3027) Pause Young (Allocation Failure) 758M->74M(800M) 0.575ms
[199.504s][info][safepoint] Safepoint "ParallelGCFailedAllocation", Time since last: 72816900 ns, Reaching safepoint: 179200 ns, At safepoint: 658500 ns, Total: 837700 ns
[199.573s][info][gc       ] GC(3028) Pause Young (Allocation Failure) 727M->74M(773M) 0.712ms
[199.573s][info][safepoint] Safepoint "ParallelGCFailedAllocation", Time since last: 67826500 ns, Reaching safepoint: 192400 ns, At safepoint: 808700 ns, Total: 1001100 ns
[199.639s][info][gc       ] GC(3029) Pause Young (Allocation Failure) 699M->74M(747M) 0.686ms
[199.639s][info][safepoint] Safepoint "ParallelGCFailedAllocation", Time since last: 64961700 ns, Reaching safepoint: 211400 ns, At safepoint: 825600 ns, Total: 1037000 ns
[199.704s][info][gc       ] GC(3030) Pause Young (Allocation Failure) 671M->76M(725M) 0.607ms
[199.705s][info][safepoint] Safepoint "ParallelGCFailedAllocation", Time since last: 64927500 ns, Reaching safepoint: 190000 ns, At safepoint: 684100 ns, Total: 874100 ns
[199.767s][info][gc       ] GC(3031) Pause Young (Allocation Failure) 651M->76M(702M) 0.666ms
[199.767s][info][safepoint] Safepoint "ParallelGCFailedAllocation", Time since last: 61773200 ns, Reaching safepoint: 130000 ns, At safepoint: 738900 ns, Total: 868900 ns
[199.830s][info][gc       ] GC(3032) Pause Young (Allocation Failure) 628M->74M(677M) 0.798ms
[199.830s][info][safepoint] Safepoint "ParallelGCFailedAllocation", Time since last: 61408500 ns, Reaching safepoint: 156000 ns, At safepoint: 894900 ns, Total: 1050900 ns
[199.886s][info][gc       ] GC(3033) Pause Young (Allocation Failure) 600M->76M(659M) 0.684ms
[199.886s][info][safepoint] Safepoint "ParallelGCFailedAllocation", Time since last: 55228400 ns, Reaching safepoint: 142600 ns, At safepoint: 757500 ns, Total: 900100 ns
[199.940s][info][gc       ] GC(3034) Pause Young (Allocation Failure) 586M->76M(639M) 0.956ms
[199.940s][info][safepoint] Safepoint "ParallelGCFailedAllocation", Time since last: 52804000 ns, Reaching safepoint: 140300 ns, At safepoint: 1122500 ns, Total: 1262800 ns
[199.993s][info][gc       ] GC(3035) Pause Young (Allocation Failure) 561M->76M(734M) 0.805ms
[199.993s][info][safepoint] Safepoint "ParallelGCFailedAllocation", Time since last: 52435200 ns, Reaching safepoint: 165000 ns, At safepoint: 922300 ns, Total: 1087300 ns
[200.056s][info][gc       ] GC(3036) Pause Young (Allocation Failure) 661M->79M(713M) 0.583ms
[200.056s][info][safepoint] Safepoint "ParallelGCFailedAllocation", Time since last: 61969700 ns, Reaching safepoint: 134000 ns, At safepoint: 658800 ns, Total: 792800 ns
[200.116s][info][gc       ] GC(3037) Pause Young (Allocation Failure) 641M->76M(688M) 0.753ms
[200.116s][info][safepoint] Safepoint "ParallelGCFailedAllocation", Time since last: 59013400 ns, Reaching safepoint: 183000 ns, At safepoint: 902800 ns, Total: 1085800 ns
[200.175s][info][gc       ] GC(3038) Pause Young (Allocation Failure) 613M->79M(669M) 0.651ms
[200.175s][info][safepoint] Safepoint "ParallelGCFailedAllocation", Time since last: 57754900 ns, Reaching safepoint: 191100 ns, At safepoint: 734900 ns, Total: 926000 ns
[200.231s][info][gc       ] GC(3039) Pause Young (Allocation Failure) 597M->79M(773M) 0.932ms
[200.232s][info][safepoint] Safepoint "ParallelGCFailedAllocation", Time since last: 55433100 ns, Reaching safepoint: 193400 ns, At safepoint: 1020300 ns, Total: 1213700 ns
[200.300s][info][gc       ] GC(3040) Pause Young (Allocation Failure) 700M->79M(747M) 0.795ms
[200.300s][info][safepoint] Safepoint "ParallelGCFailedAllocation", Time since last: 67710300 ns, Reaching safepoint: 200600 ns, At safepoint: 872100 ns, Total: 1072700 ns
[200.367s][info][gc       ] GC(3041) Pause Young (Allocation Failure) 675M->79M(723M) 0.619ms
[200.367s][info][safepoint] Safepoint "ParallelGCFailedAllocation", Time since last: 65333200 ns, Reaching safepoint: 221300 ns, At safepoint: 705600 ns, Total: 926900 ns
[200.428s][info][gc       ] GC(3042) Pause Young (Allocation Failure) 652M->76M(697M) 0.726ms
[200.428s][info][safepoint] Safepoint "ParallelGCFailedAllocation", Time since last: 60025400 ns, Reaching safepoint: 207200 ns, At safepoint: 800400 ns, Total: 1007600 ns
[200.486s][info][gc       ] GC(3043) Pause Young (Allocation Failure) 623M->79M(678M) 0.494ms
[200.486s][info][safepoint] Safepoint "ParallelGCFailedAllocation", Time since last: 57757200 ns, Reaching safepoint: 120700 ns, At safepoint: 553200 ns, Total: 673900 ns
[200.542s][info][gc       ] GC(3044) Pause Young (Allocation Failure) 603M->79M(657M) 0.822ms
[200.542s][info][safepoint] Safepoint "ParallelGCFailedAllocation", Time since last: 55098500 ns, Reaching safepoint: 132800 ns, At safepoint: 925000 ns, Total: 1057800 ns
[200.598s][info][gc       ] GC(3045) Pause Young (Allocation Failure) 586M->79M(634M) 0.741ms
[200.598s][info][safepoint] Safepoint "ParallelGCFailedAllocation", Time since last: 55127300 ns, Reaching safepoint: 143700 ns, At safepoint: 821500 ns, Total: 965200 ns
[200.652s][info][gc       ] GC(3046) Pause Young (Allocation Failure) 565M->81M(618M) 0.627ms
[200.652s][info][safepoint] Safepoint "ParallelGCFailedAllocation", Time since last: 52776400 ns, Reaching safepoint: 193400 ns, At safepoint: 713300 ns, Total: 906700 ns
[200.701s][info][gc       ] GC(3047) Pause Young (Allocation Failure) 547M->81M(600M) 0.803ms
[200.701s][info][safepoint] Safepoint "ParallelGCFailedAllocation", Time since last: 48241000 ns, Reaching safepoint: 160200 ns, At safepoint: 998700 ns, Total: 1158900 ns
[200.749s][info][gc       ] GC(3048) Pause Young (Allocation Failure) 531M->81M(690M) 0.950ms
[200.749s][info][safepoint] Safepoint "ParallelGCFailedAllocation", Time since last: 46953600 ns, Reaching safepoint: 134400 ns, At safepoint: 1022000 ns, Total: 1156400 ns
[200.808s][info][gc       ] GC(3049) Pause Young (Allocation Failure) 621M->81M(796M) 0.786ms
[200.808s][info][safepoint] Safepoint "ParallelGCFailedAllocation", Time since last: 57134500 ns, Reaching safepoint: 183400 ns, At safepoint: 869000 ns, Total: 1052400 ns
[200.877s][info][gc       ] GC(3050) Pause Young (Allocation Failure) 727M->84M(929M) 1.624ms
[200.877s][info][safepoint] Safepoint "ParallelGCFailedAllocation", Time since last: 67667700 ns, Reaching safepoint: 137400 ns, At safepoint: 1750100 ns, Total: 1887500 ns
[200.959s][info][gc       ] GC(3051) Pause Young (Allocation Failure) 860M->84M(971M) 0.647ms
[200.959s][info][safepoint] Safepoint "ParallelGCFailedAllocation", Time since last: 80510500 ns, Reaching safepoint: 134800 ns, At safepoint: 741600 ns, Total: 876400 ns
[201.046s][info][gc       ] GC(3052) Pause Young (Allocation Failure) 902M->84M(972M) 0.606ms
[201.046s][info][safepoint] Safepoint "ParallelGCFailedAllocation", Time since last: 86894200 ns, Reaching safepoint: 112500 ns, At safepoint: 689900 ns, Total: 802400 ns
[201.137s][info][gc       ] GC(3053) Pause Young (Allocation Failure) 902M->84M(1136M) 1.204ms
[201.137s][info][safepoint] Safepoint "ParallelGCFailedAllocation", Time since last: 89477700 ns, Reaching safepoint: 175700 ns, At safepoint: 1307500 ns, Total: 1483200 ns
[201.264s][info][gc       ] GC(3054) Pause Young (Allocation Failure) 1064M->84M(1136M) 1.404ms
[201.264s][info][safepoint] Safepoint "ParallelGCFailedAllocation", Time since last: 124945700 ns, Reaching safepoint: 193100 ns, At safepoint: 1507900 ns, Total: 1701000 ns
[201.367s][info][gc       ] GC(3055) Pause Young (Allocation Failure) 1064M->84M(1332M) 1.083ms
[201.367s][info][safepoint] Safepoint "ParallelGCFailedAllocation", Time since last: 101913200 ns, Reaching safepoint: 131100 ns, At safepoint: 1165300 ns, Total: 1296400 ns
[201.523s][info][gc       ] GC(3056) Pause Young (Allocation Failure) 1263M->81M(1275M) 1.192ms
[201.523s][info][safepoint] Safepoint "ParallelGCFailedAllocation", Time since last: 154159900 ns, Reaching safepoint: 132700 ns, At safepoint: 1267200 ns, Total: 1399900 ns
[201.642s][info][gc       ] GC(3057) Pause Young (Allocation Failure) 1207M->84M(1224M) 1.121ms
[201.642s][info][safepoint] Safepoint "ParallelGCFailedAllocation", Time since last: 118044000 ns, Reaching safepoint: 210900 ns, At safepoint: 1239700 ns, Total: 1450600 ns
[201.755s][info][gc       ] GC(3058) Pause Young (Allocation Failure) 1161M->87M(1179M) 0.833ms
[201.755s][info][safepoint] Safepoint "ParallelGCFailedAllocation", Time since last: 111465000 ns, Reaching safepoint: 230300 ns, At safepoint: 943500 ns, Total: 1173800 ns
[201.866s][info][gc       ] GC(3059) Pause Young (Allocation Failure) 1112M->87M(1133M) 0.918ms
[201.866s][info][safepoint] Safepoint "ParallelGCFailedAllocation", Time since last: 110548300 ns, Reaching safepoint: 112200 ns, At safepoint: 1006800 ns, Total: 1119000 ns
[201.970s][info][gc       ] GC(3060) Pause Young (Allocation Failure) 1068M->87M(1090M) 0.621ms
[201.970s][info][safepoint] Safepoint "ParallelGCFailedAllocation", Time since last: 102276800 ns, Reaching safepoint: 145200 ns, At safepoint: 693100 ns, Total: 838300 ns
[202.074s][info][gc       ] GC(3061) Pause Young (Allocation Failure) 1025M->84M(1046M) 0.592ms
[202.074s][info][safepoint] Safepoint "ParallelGCFailedAllocation", Time since last: 103484800 ns, Reaching safepoint: 217600 ns, At safepoint: 686600 ns, Total: 904200 ns
[202.170s][info][gc       ] GC(3062) Pause Young (Allocation Failure) 984M->87M(1010M) 0.554ms
[202.170s][info][safepoint] Safepoint "ParallelGCFailedAllocation", Time since last: 95328300 ns, Reaching safepoint: 185800 ns, At safepoint: 628700 ns, Total: 814500 ns
[202.267s][info][gc       ] GC(3063) Pause Young (Allocation Failure) 945M->84M(970M) 0.638ms
[202.267s][info][safepoint] Safepoint "ParallelGCFailedAllocation", Time since last: 95575900 ns, Reaching safepoint: 233600 ns, At safepoint: 705500 ns, Total: 939100 ns
[202.356s][info][gc       ] GC(3064) Pause Young (Allocation Failure) 907M->87M(937M) 0.689ms
[202.356s][info][safepoint] Safepoint "ParallelGCFailedAllocation", Time since last: 88451300 ns, Reaching safepoint: 221100 ns, At safepoint: 773800 ns, Total: 994900 ns
[202.441s][info][gc       ] GC(3065) Pause Young (Allocation Failure) 873M->84M(901M) 0.679ms
[202.441s][info][safepoint] Safepoint "ParallelGCFailedAllocation", Time since last: 83756000 ns, Reaching safepoint: 172900 ns, At safepoint: 824500 ns, Total: 997400 ns
[202.521s][info][gc       ] GC(3066) Pause Young (Allocation Failure) 837M->87M(872M) 0.653ms
[202.521s][info][safepoint] Safepoint "ParallelGCFailedAllocation", Time since last: 79659000 ns, Reaching safepoint: 129400 ns, At safepoint: 741300 ns, Total: 870700 ns
[202.600s][info][gc       ] GC(3067) Pause Young (Allocation Failure) 807M->87M(841M) 0.545ms
[202.600s][info][safepoint] Safepoint "ParallelGCFailedAllocation", Time since last: 78001900 ns, Reaching safepoint: 170800 ns, At safepoint: 666000 ns, Total: 836800 ns
[202.673s][info][gc       ] GC(3068) Pause Young (Allocation Failure) 776M->87M(812M) 0.754ms
[202.674s][info][safepoint] Safepoint "ParallelGCFailedAllocation", Time since last: 72359900 ns, Reaching safepoint: 113700 ns, At safepoint: 847500 ns, Total: 961200 ns
[202.745s][info][gc       ] GC(3069) Pause Young (Allocation Failure) 745M->87M(782M) 0.687ms
[202.745s][info][safepoint] Safepoint "ParallelGCFailedAllocation", Time since last: 70486600 ns, Reaching safepoint: 199900 ns, At safepoint: 758800 ns, Total: 958700 ns
[202.814s][info][gc       ] GC(3070) Pause Young (Allocation Failure) 722M->89M(759M) 0.917ms
[202.814s][info][safepoint] Safepoint "ParallelGCFailedAllocation", Time since last: 67480900 ns, Reaching safepoint: 182800 ns, At safepoint: 999500 ns, Total: 1182300 ns
[202.881s][info][gc       ] GC(3071) Pause Young (Allocation Failure) 699M->89M(734M) 0.917ms
[202.881s][info][safepoint] Safepoint "ParallelGCFailedAllocation", Time since last: 66431500 ns, Reaching safepoint: 237700 ns, At safepoint: 991000 ns, Total: 1228700 ns
[202.945s][info][gc       ] GC(3072) Pause Young (Allocation Failure) 673M->89M(710M) 0.681ms
[202.945s][info][safepoint] Safepoint "ParallelGCFailedAllocation", Time since last: 62419100 ns, Reaching safepoint: 120700 ns, At safepoint: 755800 ns, Total: 876500 ns
[203.006s][info][gc       ] GC(3073) Pause Young (Allocation Failure) 647M->89M(685M) 0.851ms
[203.006s][info][safepoint] Safepoint "ParallelGCFailedAllocation", Time since last: 60450100 ns, Reaching safepoint: 207200 ns, At safepoint: 933800 ns, Total: 1141000 ns
[203.064s][info][gc       ] GC(3074) Pause Young (Allocation Failure) 627M->92M(666M) 0.605ms
[203.064s][info][safepoint] Safepoint "ParallelGCFailedAllocation", Time since last: 57479100 ns, Reaching safepoint: 127400 ns, At safepoint: 689100 ns, Total: 816500 ns
[203.120s][info][gc       ] GC(3075) Pause Young (Allocation Failure) 608M->92M(646M) 0.670ms
[203.121s][info][safepoint] Safepoint "ParallelGCFailedAllocation", Time since last: 55069200 ns, Reaching safepoint: 217900 ns, At safepoint: 746000 ns, Total: 963900 ns
[203.174s][info][gc       ] GC(3076) Pause Young (Allocation Failure) 588M->89M(624M) 0.753ms
[203.174s][info][safepoint] Safepoint "ParallelGCFailedAllocation", Time since last: 52335900 ns, Reaching safepoint: 205800 ns, At safepoint: 829600 ns, Total: 1035400 ns
[203.225s][info][gc       ] GC(3077) Pause Young (Allocation Failure) 565M->92M(722M) 0.894ms
[203.225s][info][safepoint] Safepoint "ParallelGCFailedAllocation", Time since last: 49981700 ns, Reaching safepoint: 187200 ns, At safepoint: 983200 ns, Total: 1170400 ns
[203.287s][info][gc       ] GC(3078) Pause Young (Allocation Failure) 663M->89M(834M) 0.771ms
[203.287s][info][safepoint] Safepoint "ParallelGCFailedAllocation", Time since last: 61272900 ns, Reaching safepoint: 191300 ns, At safepoint: 860600 ns, Total: 1051900 ns
[203.361s][info][gc       ] GC(3079) Pause Young (Allocation Failure) 772M->92M(808M) 0.555ms
[203.361s][info][safepoint] Safepoint "ParallelGCFailedAllocation", Time since last: 73034700 ns, Reaching safepoint: 125700 ns, At safepoint: 662800 ns, Total: 788500 ns
[203.432s][info][gc       ] GC(3080) Pause Young (Allocation Failure) 748M->89M(778M) 0.768ms
[203.432s][info][safepoint] Safepoint "ParallelGCFailedAllocation", Time since last: 70041300 ns, Reaching safepoint: 187100 ns, At safepoint: 853000 ns, Total: 1040100 ns
[203.500s][info][gc       ] GC(3081) Pause Young (Allocation Failure) 718M->92M(754M) 0.841ms
[203.500s][info][safepoint] Safepoint "ParallelGCFailedAllocation", Time since last: 66938900 ns, Reaching safepoint: 126300 ns, At safepoint: 939100 ns, Total: 1065400 ns
[203.565s][info][gc       ] GC(3082) Pause Young (Allocation Failure) 694M->89M(727M) 0.774ms
[203.566s][info][safepoint] Safepoint "ParallelGCFailedAllocation", Time since last: 64192400 ns, Reaching safepoint: 208400 ns, At safepoint: 847500 ns, Total: 1055900 ns
[203.628s][info][gc       ] GC(3083) Pause Young (Allocation Failure) 669M->89M(704M) 0.702ms
[203.628s][info][safepoint] Safepoint "ParallelGCFailedAllocation", Time since last: 61325800 ns, Reaching safepoint: 225400 ns, At safepoint: 790300 ns, Total: 1015700 ns
[203.688s][info][gc       ] GC(3084) Pause Young (Allocation Failure) 645M->92M(684M) 0.919ms
[203.688s][info][safepoint] Safepoint "ParallelGCFailedAllocation", Time since last: 59007100 ns, Reaching safepoint: 196600 ns, At safepoint: 1037000 ns, Total: 1233600 ns
[203.750s][info][gc       ] GC(3085) Pause Young (Allocation Failure) 625M->92M(662M) 0.725ms
[203.751s][info][safepoint] Safepoint "ParallelGCFailedAllocation", Time since last: 61367500 ns, Reaching safepoint: 200400 ns, At safepoint: 822400 ns, Total: 1022800 ns
[203.806s][info][gc       ] GC(3086) Pause Young (Allocation Failure) 605M->92M(642M) 0.819ms
[203.806s][info][safepoint] Safepoint "ParallelGCFailedAllocation", Time since last: 54580500 ns, Reaching safepoint: 199500 ns, At safepoint: 900600 ns, Total: 1100100 ns
[203.860s][info][gc       ] GC(3087) Pause Young (Allocation Failure) 581M->92M(738M) 1.094ms
[203.860s][info][safepoint] Safepoint "ParallelGCFailedAllocation", Time since last: 52263500 ns, Reaching safepoint: 138900 ns, At safepoint: 1170900 ns, Total: 1309800 ns
[203.923s][info][gc       ] GC(3088) Pause Young (Allocation Failure) 682M->94M(859M) 0.813ms
[203.923s][info][safepoint] Safepoint "ParallelGCFailedAllocation", Time since last: 62400200 ns, Reaching safepoint: 156800 ns, At safepoint: 899600 ns, Total: 1056400 ns
[204.002s][info][gc       ] GC(3089) Pause Young (Allocation Failure) 804M->92M(826M) 0.639ms
[204.002s][info][safepoint] Safepoint "ParallelGCFailedAllocation", Time since last: 77940100 ns, Reaching safepoint: 187600 ns, At safepoint: 735800 ns, Total: 923400 ns
[204.075s][info][gc       ] GC(3090) Pause Young (Allocation Failure) 770M->94M(965M) 0.979ms
[204.075s][info][safepoint] Safepoint "ParallelGCFailedAllocation", Time since last: 72183300 ns, Reaching safepoint: 147700 ns, At safepoint: 1077600 ns, Total: 1225300 ns
[204.167s][info][gc       ] GC(3091) Pause Young (Allocation Failure) 908M->94M(930M) 0.899ms
[204.167s][info][safepoint] Safepoint "ParallelGCFailedAllocation", Time since last: 90229000 ns, Reaching safepoint: 203400 ns, At safepoint: 984100 ns, Total: 1187500 ns
[204.251s][info][gc       ] GC(3092) Pause Young (Allocation Failure) 871M->94M(896M) 0.748ms
[204.252s][info][safepoint] Safepoint "ParallelGCFailedAllocation", Time since last: 83590900 ns, Reaching safepoint: 169100 ns, At safepoint: 864200 ns, Total: 1033300 ns
[204.333s][info][gc       ] GC(3093) Pause Young (Allocation Failure) 838M->94M(865M) 0.527ms
[204.333s][info][safepoint] Safepoint "ParallelGCFailedAllocation", Time since last: 81056200 ns, Reaching safepoint: 209800 ns, At safepoint: 618600 ns, Total: 828400 ns
[204.413s][info][gc       ] GC(3094) Pause Young (Allocation Failure) 807M->94M(835M) 0.748ms
[204.413s][info][safepoint] Safepoint "ParallelGCFailedAllocation", Time since last: 78452100 ns, Reaching safepoint: 188200 ns, At safepoint: 831400 ns, Total: 1019600 ns
[204.490s][info][gc       ] GC(3095) Pause Young (Allocation Failure) 776M->94M(806M) 0.578ms
[204.490s][info][safepoint] Safepoint "ParallelGCFailedAllocation", Time since last: 76117700 ns, Reaching safepoint: 195900 ns, At safepoint: 657500 ns, Total: 853400 ns
[204.561s][info][gc       ] GC(3096) Pause Young (Allocation Failure) 750M->94M(779M) 1.131ms
[204.561s][info][safepoint] Safepoint "ParallelGCFailedAllocation", Time since last: 69546000 ns, Reaching safepoint: 203400 ns, At safepoint: 1224400 ns, Total: 1427800 ns
[204.628s][info][gc       ] GC(3097) Pause Young (Allocation Failure) 722M->94M(750M) 0.822ms
[204.629s][info][safepoint] Safepoint "ParallelGCFailedAllocation", Time since last: 66615800 ns, Reaching safepoint: 174100 ns, At safepoint: 918300 ns, Total: 1092400 ns
[204.693s][info][gc       ] GC(3098) Pause Young (Allocation Failure) 696M->97M(728M) 0.853ms
[204.693s][info][safepoint] Safepoint "ParallelGCFailedAllocation", Time since last: 63218400 ns, Reaching safepoint: 174300 ns, At safepoint: 941000 ns, Total: 1115300 ns
[204.755s][info][gc       ] GC(3099) Pause Young (Allocation Failure) 675M->94M(702M) 0.709ms
[204.755s][info][safepoint] Safepoint "ParallelGCFailedAllocation", Time since last: 61117500 ns, Reaching safepoint: 226700 ns, At safepoint: 800500 ns, Total: 1027200 ns
[204.816s][info][gc       ] GC(3100) Pause Young (Allocation Failure) 647M->97M(816M) 1.239ms
[204.817s][info][safepoint] Safepoint "ParallelGCFailedAllocation", Time since last: 59959100 ns, Reaching safepoint: 183800 ns, At safepoint: 1389100 ns, Total: 1572900 ns
[204.890s][info][gc       ] GC(3101) Pause Young (Allocation Failure) 764M->97M(950M) 0.946ms
[204.890s][info][safepoint] Safepoint "ParallelGCFailedAllocation", Time since last: 72358400 ns, Reaching safepoint: 212000 ns, At safepoint: 1102500 ns, Total: 1314500 ns
[204.977s][info][gc       ] GC(3102) Pause Young (Allocation Failure) 896M->97M(915M) 0.763ms
[204.977s][info][safepoint] Safepoint "ParallelGCFailedAllocation", Time since last: 85581000 ns, Reaching safepoint: 236000 ns, At safepoint: 843800 ns, Total: 1079800 ns
[205.059s][info][gc       ] GC(3103) Pause Young (Allocation Failure) 863M->97M(880M) 0.747ms
[205.059s][info][safepoint] Safepoint "ParallelGCFailedAllocation", Time since last: 80951400 ns, Reaching safepoint: 135600 ns, At safepoint: 907900 ns, Total: 1043500 ns
[205.138s][info][gc       ] GC(3104) Pause Young (Allocation Failure) 829M->97M(849M) 0.990ms
[205.138s][info][safepoint] Safepoint "ParallelGCFailedAllocation", Time since last: 77850600 ns, Reaching safepoint: 200100 ns, At safepoint: 1130400 ns, Total: 1330500 ns
[205.214s][info][gc       ] GC(3105) Pause Young (Allocation Failure) 798M->99M(822M) 1.028ms
[205.214s][info][safepoint] Safepoint "ParallelGCFailedAllocation", Time since last: 74407200 ns, Reaching safepoint: 118800 ns, At safepoint: 1151600 ns, Total: 1270400 ns
[205.287s][info][gc       ] GC(3106) Pause Young (Allocation Failure) 772M->99M(794M) 1.007ms
[205.287s][info][safepoint] Safepoint "ParallelGCFailedAllocation", Time since last: 72135000 ns, Reaching safepoint: 184800 ns, At safepoint: 1090800 ns, Total: 1275600 ns
[205.356s][info][gc       ] GC(3107) Pause Young (Allocation Failure) 742M->99M(765M) 0.830ms
[205.356s][info][safepoint] Safepoint "ParallelGCFailedAllocation", Time since last: 67463400 ns, Reaching safepoint: 204300 ns, At safepoint: 905900 ns, Total: 1110200 ns
[205.423s][info][gc       ] GC(3108) Pause Young (Allocation Failure) 718M->102M(892M) 1.027ms
[205.423s][info][safepoint] Safepoint "ParallelGCFailedAllocation", Time since last: 65760800 ns, Reaching safepoint: 182400 ns, At safepoint: 1115500 ns, Total: 1297900 ns
[205.500s][info][gc       ] GC(3109) Pause Young (Allocation Failure) 842M->102M(860M) 0.573ms
[205.500s][info][safepoint] Safepoint "ParallelGCFailedAllocation", Time since last: 76493500 ns, Reaching safepoint: 201000 ns, At safepoint: 661400 ns, Total: 862400 ns
[205.577s][info][gc       ] GC(3110) Pause Young (Allocation Failure) 811M->102M(1002M) 1.168ms
[205.577s][info][safepoint] Safepoint "ParallelGCFailedAllocation", Time since last: 75181200 ns, Reaching safepoint: 221000 ns, At safepoint: 1273700 ns, Total: 1494700 ns
[205.667s][info][gc       ] GC(3111) Pause Young (Allocation Failure) 954M->102M(963M) 0.767ms
[205.667s][info][safepoint] Safepoint "ParallelGCFailedAllocation", Time since last: 89353100 ns, Reaching safepoint: 146000 ns, At safepoint: 843600 ns, Total: 989600 ns
[205.754s][info][gc       ] GC(3112) Pause Young (Allocation Failure) 916M->102M(928M) 0.692ms
[205.754s][info][safepoint] Safepoint "ParallelGCFailedAllocation", Time since last: 86231200 ns, Reaching safepoint: 133600 ns, At safepoint: 777700 ns, Total: 911300 ns
[205.838s][info][gc       ] GC(3113) Pause Young (Allocation Failure) 879M->104M(897M) 0.781ms
[205.839s][info][safepoint] Safepoint "ParallelGCFailedAllocation", Time since last: 83170500 ns, Reaching safepoint: 211900 ns, At safepoint: 861400 ns, Total: 1073300 ns
[205.921s][info][gc       ] GC(3114) Pause Young (Allocation Failure) 851M->104M(865M) 1.166ms
[205.921s][info][safepoint] Safepoint "ParallelGCFailedAllocation", Time since last: 80759500 ns, Reaching safepoint: 228200 ns, At safepoint: 1275400 ns, Total: 1503600 ns
[205.998s][info][gc       ] GC(3115) Pause Young (Allocation Failure) 820M->104M(833M) 0.702ms
[205.998s][info][safepoint] Safepoint "ParallelGCFailedAllocation", Time since last: 76536600 ns, Reaching safepoint: 125200 ns, At safepoint: 810300 ns, Total: 935500 ns
[206.072s][info][gc       ] GC(3116) Pause Young (Allocation Failure) 789M->107M(807M) 0.634ms
[206.072s][info][safepoint] Safepoint "ParallelGCFailedAllocation", Time since last: 72596600 ns, Reaching safepoint: 188100 ns, At safepoint: 726400 ns, Total: 914500 ns
[206.141s][info][gc       ] GC(3117) Pause Young (Allocation Failure) 760M->107M(779M) 0.693ms
[206.141s][info][safepoint] Safepoint "ParallelGCFailedAllocation", Time since last: 68522300 ns, Reaching safepoint: 128200 ns, At safepoint: 783700 ns, Total: 911900 ns
[206.209s][info][gc       ] GC(3118) Pause Young (Allocation Failure) 737M->107M(753M) 1.151ms
[206.209s][info][safepoint] Safepoint "ParallelGCFailedAllocation", Time since last: 66390000 ns, Reaching safepoint: 126200 ns, At safepoint: 1239600 ns, Total: 1365800 ns
[206.273s][info][gc       ] GC(3119) Pause Young (Allocation Failure) 706M->107M(729M) 0.550ms
[206.273s][info][safepoint] Safepoint "ParallelGCFailedAllocation", Time since last: 63358900 ns, Reaching safepoint: 196600 ns, At safepoint: 632300 ns, Total: 828900 ns
[206.335s][info][gc       ] GC(3120) Pause Young (Allocation Failure) 685M->107M(705M) 1.113ms
[206.335s][info][safepoint] Safepoint "ParallelGCFailedAllocation", Time since last: 60823600 ns, Reaching safepoint: 193800 ns, At safepoint: 1203900 ns, Total: 1397700 ns
[206.396s][info][gc       ] GC(3121) Pause Young (Allocation Failure) 662M->104M(680M) 0.692ms
[206.396s][info][safepoint] Safepoint "ParallelGCFailedAllocation", Time since last: 59332000 ns, Reaching safepoint: 145900 ns, At safepoint: 783000 ns, Total: 928900 ns
[206.452s][info][gc       ] GC(3122) Pause Young (Allocation Failure) 636M->104M(659M) 0.567ms
[206.452s][info][safepoint] Safepoint "ParallelGCFailedAllocation", Time since last: 55952900 ns, Reaching safepoint: 134000 ns, At safepoint: 670500 ns, Total: 804500 ns
[206.508s][info][gc       ] GC(3123) Pause Young (Allocation Failure) 615M->107M(764M) 1.010ms
[206.508s][info][safepoint] Safepoint "ParallelGCFailedAllocation", Time since last: 53951900 ns, Reaching safepoint: 210300 ns, At safepoint: 1066600 ns, Total: 1276900 ns
[206.575s][info][gc       ] GC(3124) Pause Young (Allocation Failure) 717M->107M(887M) 0.776ms
[206.575s][info][safepoint] Safepoint "ParallelGCFailedAllocation", Time since last: 66364600 ns, Reaching safepoint: 203400 ns, At safepoint: 871400 ns, Total: 1074800 ns
[206.655s][info][gc       ] GC(3125) Pause Young (Allocation Failure) 844M->107M(853M) 0.780ms
[206.655s][info][safepoint] Safepoint "ParallelGCFailedAllocation", Time since last: 79010500 ns, Reaching safepoint: 154000 ns, At safepoint: 906100 ns, Total: 1060100 ns
[206.731s][info][gc       ] GC(3126) Pause Young (Allocation Failure) 813M->109M(826M) 0.804ms
[206.731s][info][safepoint] Safepoint "ParallelGCFailedAllocation", Time since last: 75117300 ns, Reaching safepoint: 190700 ns, At safepoint: 890700 ns, Total: 1081400 ns
[206.808s][info][gc       ] GC(3127) Pause Young (Allocation Failure) 785M->109M(798M) 0.681ms
[206.808s][info][safepoint] Safepoint "ParallelGCFailedAllocation", Time since last: 75621900 ns, Reaching safepoint: 199700 ns, At safepoint: 776500 ns, Total: 976200 ns
[206.878s][info][gc       ] GC(3128) Pause Young (Allocation Failure) 758M->107M(769M) 0.686ms
[206.878s][info][safepoint] Safepoint "ParallelGCFailedAllocation", Time since last: 69097800 ns, Reaching safepoint: 115300 ns, At safepoint: 756200 ns, Total: 871500 ns
[206.944s][info][gc       ] GC(3129) Pause Young (Allocation Failure) 725M->109M(746M) 0.600ms
[206.944s][info][safepoint] Safepoint "ParallelGCFailedAllocation", Time since last: 65606500 ns, Reaching safepoint: 135800 ns, At safepoint: 697500 ns, Total: 833300 ns
[207.009s][info][gc       ] GC(3130) Pause Young (Allocation Failure) 704M->109M(721M) 0.881ms
[207.009s][info][safepoint] Safepoint "ParallelGCFailedAllocation", Time since last: 63861400 ns, Reaching safepoint: 131000 ns, At safepoint: 1003600 ns, Total: 1134600 ns
[207.071s][info][gc       ] GC(3131) Pause Young (Allocation Failure) 681M->107M(696M) 0.577ms
[207.071s][info][safepoint] Safepoint "ParallelGCFailedAllocation", Time since last: 61159500 ns, Reaching safepoint: 124900 ns, At safepoint: 667700 ns, Total: 792600 ns
[207.134s][info][gc       ] GC(3132) Pause Young (Allocation Failure) 652M->109M(676M) 0.761ms
[207.134s][info][safepoint] Safepoint "ParallelGCFailedAllocation", Time since last: 61310400 ns, Reaching safepoint: 181700 ns, At safepoint: 843000 ns, Total: 1024700 ns
[207.191s][info][gc       ] GC(3133) Pause Young (Allocation Failure) 636M->109M(655M) 0.973ms
[207.191s][info][safepoint] Safepoint "ParallelGCFailedAllocation", Time since last: 56337300 ns, Reaching safepoint: 195400 ns, At safepoint: 1050800 ns, Total: 1246200 ns
[207.245s][info][gc       ] GC(3134) Pause Young (Allocation Failure) 613M->109M(757M) 1.065ms
[207.245s][info][safepoint] Safepoint "ParallelGCFailedAllocation", Time since last: 52750400 ns, Reaching safepoint: 129200 ns, At safepoint: 1170600 ns, Total: 1299800 ns
[207.312s][info][gc       ] GC(3135) Pause Young (Allocation Failure) 715M->109M(878M) 0.735ms
[207.312s][info][safepoint] Safepoint "ParallelGCFailedAllocation", Time since last: 66136600 ns, Reaching safepoint: 137700 ns, At safepoint: 825200 ns, Total: 962900 ns
[207.390s][info][gc       ] GC(3136) Pause Young (Allocation Failure) 838M->109M(1024M) 1.077ms
[207.390s][info][safepoint] Safepoint "ParallelGCFailedAllocation", Time since last: 75956700 ns, Reaching safepoint: 191200 ns, At safepoint: 1152800 ns, Total: 1344000 ns
[207.483s][info][gc       ] GC(3137) Pause Young (Allocation Failure) 984M->107M(984M) 0.648ms
[207.483s][info][safepoint] Safepoint "ParallelGCFailedAllocation", Time since last: 92487300 ns, Reaching safepoint: 203600 ns, At safepoint: 729400 ns, Total: 933000 ns
[207.572s][info][gc       ] GC(3138) Pause Young (Allocation Failure) 940M->109M(950M) 0.774ms
[207.572s][info][safepoint] Safepoint "ParallelGCFailedAllocation", Time since last: 88212500 ns, Reaching safepoint: 148400 ns, At safepoint: 858900 ns, Total: 1007300 ns
[207.658s][info][gc       ] GC(3139) Pause Young (Allocation Failure) 909M->110M(916M) 0.686ms
[207.659s][info][safepoint] Safepoint "ParallelGCFailedAllocation", Time since last: 85242500 ns, Reaching safepoint: 210000 ns, At safepoint: 766600 ns, Total: 976600 ns
[207.743s][info][gc       ] GC(3140) Pause Young (Allocation Failure) 875M->110M(883M) 1.217ms
[207.743s][info][safepoint] Safepoint "ParallelGCFailedAllocation", Time since last: 83192900 ns, Reaching safepoint: 123100 ns, At safepoint: 1288800 ns, Total: 1411900 ns
[207.823s][info][gc       ] GC(3141) Pause Young (Allocation Failure) 841M->107M(850M) 0.677ms
[207.823s][info][safepoint] Safepoint "ParallelGCFailedAllocation", Time since last: 78636500 ns, Reaching safepoint: 152800 ns, At safepoint: 751400 ns, Total: 904200 ns
[207.900s][info][gc       ] GC(3142) Pause Young (Allocation Failure) 807M->110M(823M) 0.672ms
[207.900s][info][safepoint] Safepoint "ParallelGCFailedAllocation", Time since last: 76046400 ns, Reaching safepoint: 194900 ns, At safepoint: 830700 ns, Total: 1025600 ns
[207.975s][info][gc       ] GC(3143) Pause Young (Allocation Failure) 781M->110M(795M) 0.959ms
[207.975s][info][safepoint] Safepoint "ParallelGCFailedAllocation", Time since last: 74378200 ns, Reaching safepoint: 200100 ns, At safepoint: 1041200 ns, Total: 1241300 ns
[208.044s][info][gc       ] GC(3144) Pause Young (Allocation Failure) 754M->110M(768M) 0.826ms
[208.044s][info][safepoint] Safepoint "ParallelGCFailedAllocation", Time since last: 67434700 ns, Reaching safepoint: 130700 ns, At safepoint: 976600 ns, Total: 1107300 ns
[208.110s][info][gc       ] GC(3145) Pause Young (Allocation Failure) 727M->110M(740M) 0.949ms
[208.110s][info][safepoint] Safepoint "ParallelGCFailedAllocation", Time since last: 64618400 ns, Reaching safepoint: 116600 ns, At safepoint: 1002900 ns, Total: 1119500 ns
[208.175s][info][gc       ] GC(3146) Pause Young (Allocation Failure) 701M->112M(862M) 1.040ms
[208.175s][info][safepoint] Safepoint "ParallelGCFailedAllocation", Time since last: 64161900 ns, Reaching safepoint: 196800 ns, At safepoint: 1195600 ns, Total: 1392400 ns
[208.253s][info][gc       ] GC(3147) Pause Young (Allocation Failure) 823M->110M(829M) 0.697ms
[208.253s][info][safepoint] Safepoint "ParallelGCFailedAllocation", Time since last: 76416800 ns, Reaching safepoint: 212900 ns, At safepoint: 773200 ns, Total: 986100 ns
[208.326s][info][gc       ] GC(3148) Pause Young (Allocation Failure) 790M->112M(803M) 0.771ms
[208.326s][info][safepoint] Safepoint "ParallelGCFailedAllocation", Time since last: 72200400 ns, Reaching safepoint: 114000 ns, At safepoint: 829600 ns, Total: 943600 ns
[208.395s][info][gc       ] GC(3149) Pause Young (Allocation Failure) 766M->112M(776M) 0.568ms
[208.395s][info][safepoint] Safepoint "ParallelGCFailedAllocation", Time since last: 68273500 ns, Reaching safepoint: 200900 ns, At safepoint: 632700 ns, Total: 833600 ns
[208.459s][info][gc       ] GC(3150) Pause Young (Allocation Failure) 737M->110M(748M) 0.784ms
[208.459s][info][safepoint] Safepoint "ParallelGCFailedAllocation", Time since last: 62891200 ns, Reaching safepoint: 142200 ns, At safepoint: 922200 ns, Total: 1064400 ns
[208.521s][info][gc       ] GC(3151) Pause Young (Allocation Failure) 709M->112M(726M) 0.594ms
[208.521s][info][safepoint] Safepoint "ParallelGCFailedAllocation", Time since last: 61521900 ns, Reaching safepoint: 147100 ns, At safepoint: 675700 ns, Total: 822800 ns
[208.584s][info][gc       ] GC(3152) Pause Young (Allocation Failure) 688M->112M(702M) 0.818ms
[208.584s][info][safepoint] Safepoint "ParallelGCFailedAllocation", Time since last: 61871800 ns, Reaching safepoint: 181300 ns, At safepoint: 905700 ns, Total: 1087000 ns
[208.643s][info][gc       ] GC(3153) Pause Young (Allocation Failure) 664M->110M(678M) 0.541ms
[208.643s][info][safepoint] Safepoint "ParallelGCFailedAllocation", Time since last: 58479800 ns, Reaching safepoint: 121400 ns, At safepoint: 604500 ns, Total: 725900 ns
[208.700s][info][gc       ] GC(3154) Pause Young (Allocation Failure) 636M->112M(659M) 0.596ms
[208.700s][info][safepoint] Safepoint "ParallelGCFailedAllocation", Time since last: 56330200 ns, Reaching safepoint: 127500 ns, At safepoint: 677500 ns, Total: 805000 ns
[208.753s][info][gc       ] GC(3155) Pause Young (Allocation Failure) 618M->112M(639M) 0.688ms
[208.753s][info][safepoint] Safepoint "ParallelGCFailedAllocation", Time since last: 52070600 ns, Reaching safepoint: 147600 ns, At safepoint: 769100 ns, Total: 916700 ns
[208.804s][info][gc       ] GC(3156) Pause Young (Allocation Failure) 602M->112M(737M) 1.056ms
[208.804s][info][safepoint] Safepoint "ParallelGCFailedAllocation", Time since last: 49337900 ns, Reaching safepoint: 221800 ns, At safepoint: 1140000 ns, Total: 1361800 ns
[208.865s][info][gc       ] GC(3157) Pause Young (Allocation Failure) 699M->112M(850M) 1.162ms
[208.865s][info][safepoint] Safepoint "ParallelGCFailedAllocation", Time since last: 59216100 ns, Reaching safepoint: 223800 ns, At safepoint: 1313700 ns, Total: 1537500 ns
[208.942s][info][gc       ] GC(3158) Pause Young (Allocation Failure) 817M->117M(999M) 0.582ms
[208.942s][info][safepoint] Safepoint "ParallelGCFailedAllocation", Time since last: 76228500 ns, Reaching safepoint: 212000 ns, At safepoint: 721300 ns, Total: 933300 ns
[209.034s][info][gc       ] GC(3159) Pause Young (Allocation Failure) 961M->117M(960M) 0.739ms
[209.034s][info][safepoint] Safepoint "ParallelGCFailedAllocation", Time since last: 90723900 ns, Reaching safepoint: 204100 ns, At safepoint: 817500 ns, Total: 1021600 ns
[209.121s][info][gc       ] GC(3160) Pause Young (Allocation Failure) 927M->115M(923M) 0.773ms
[209.121s][info][safepoint] Safepoint "ParallelGCFailedAllocation", Time since last: 85877100 ns, Reaching safepoint: 185900 ns, At safepoint: 919900 ns, Total: 1105800 ns
[209.204s][info][gc       ] GC(3161) Pause Young (Allocation Failure) 891M->117M(892M) 0.732ms
[209.204s][info][safepoint] Safepoint "ParallelGCFailedAllocation", Time since last: 82464400 ns, Reaching safepoint: 203400 ns, At safepoint: 824800 ns, Total: 1028200 ns
[209.284s][info][gc       ] GC(3162) Pause Young (Allocation Failure) 859M->117M(861M) 0.751ms
[209.284s][info][safepoint] Safepoint "ParallelGCFailedAllocation", Time since last: 78652700 ns, Reaching safepoint: 111800 ns, At safepoint: 823300 ns, Total: 935100 ns
[209.359s][info][gc       ] GC(3163) Pause Young (Allocation Failure) 828M->117M(831M) 0.549ms
[209.359s][info][safepoint] Safepoint "ParallelGCFailedAllocation", Time since last: 74196400 ns, Reaching safepoint: 177400 ns, At safepoint: 631200 ns, Total: 808600 ns
[209.439s][info][gc       ] GC(3164) Pause Young (Allocation Failure) 797M->117M(802M) 0.715ms
[209.439s][info][safepoint] Safepoint "ParallelGCFailedAllocation", Time since last: 79031700 ns, Reaching safepoint: 137100 ns, At safepoint: 803200 ns, Total: 940300 ns
[209.511s][info][gc       ] GC(3165) Pause Young (Allocation Failure) 770M->115M(773M) 0.728ms
[209.511s][info][safepoint] Safepoint "ParallelGCFailedAllocation", Time since last: 70938500 ns, Reaching safepoint: 201900 ns, At safepoint: 810000 ns, Total: 1011900 ns
[209.578s][info][gc       ] GC(3166) Pause Young (Allocation Failure) 737M->117M(749M) 0.646ms
[209.578s][info][safepoint] Safepoint "ParallelGCFailedAllocation", Time since last: 66275400 ns, Reaching safepoint: 113900 ns, At safepoint: 720800 ns, Total: 834700 ns
[209.643s][info][gc       ] GC(3167) Pause Young (Allocation Failure) 715M->117M(725M) 0.767ms
[209.643s][info][safepoint] Safepoint "ParallelGCFailedAllocation", Time since last: 63649500 ns, Reaching safepoint: 201900 ns, At safepoint: 822200 ns, Total: 1024100 ns
[209.705s][info][gc       ] GC(3168) Pause Young (Allocation Failure) 692M->115M(699M) 0.771ms
[209.705s][info][safepoint] Safepoint "ParallelGCFailedAllocation", Time since last: 61206700 ns, Reaching safepoint: 164000 ns, At safepoint: 849600 ns, Total: 1013600 ns
[209.765s][info][gc       ] GC(3169) Pause Young (Allocation Failure) 663M->117M(679M) 0.696ms
[209.765s][info][safepoint] Safepoint "ParallelGCFailedAllocation", Time since last: 59675600 ns, Reaching safepoint: 142600 ns, At safepoint: 859500 ns, Total: 1002100 ns
[209.823s][info][gc       ] GC(3170) Pause Young (Allocation Failure) 642M->117M(658M) 0.809ms
[209.823s][info][safepoint] Safepoint "ParallelGCFailedAllocation", Time since last: 56323100 ns, Reaching safepoint: 48800 ns, At safepoint: 874100 ns, Total: 922900 ns
[209.880s][info][gc       ] GC(3171) Pause Young (Allocation Failure) 624M->117M(638M) 0.485ms
[209.880s][info][safepoint] Safepoint "ParallelGCFailedAllocation", Time since last: 56110900 ns, Reaching safepoint: 204500 ns, At safepoint: 554200 ns, Total: 758700 ns
[209.933s][info][gc       ] GC(3172) Pause Young (Allocation Failure) 603M->117M(619M) 0.733ms
[209.933s][info][safepoint] Safepoint "ParallelGCFailedAllocation", Time since last: 52265200 ns, Reaching safepoint: 138700 ns, At safepoint: 823200 ns, Total: 961900 ns
[209.985s][info][gc       ] GC(3173) Pause Young (Allocation Failure) 582M->117M(601M) 0.523ms
[209.985s][info][safepoint] Safepoint "ParallelGCFailedAllocation", Time since last: 51492000 ns, Reaching safepoint: 139100 ns, At safepoint: 630400 ns, Total: 769500 ns
[210.034s][info][gc       ] GC(3174) Pause Young (Allocation Failure) 569M->115M(581M) 0.878ms
[210.035s][info][safepoint] Safepoint "ParallelGCFailedAllocation", Time since last: 48280300 ns, Reaching safepoint: 154700 ns, At safepoint: 1078400 ns, Total: 1233100 ns
[210.082s][info][gc       ] GC(3175) Pause Young (Allocation Failure) 548M->115M(668M) 0.840ms
[210.082s][info][safepoint] Safepoint "ParallelGCFailedAllocation", Time since last: 46454500 ns, Reaching safepoint: 222900 ns, At safepoint: 925200 ns, Total: 1148100 ns
[210.139s][info][gc       ] GC(3176) Pause Young (Allocation Failure) 636M->117M(775M) 0.747ms
[210.139s][info][safepoint] Safepoint "ParallelGCFailedAllocation", Time since last: 55665300 ns, Reaching safepoint: 197700 ns, At safepoint: 908000 ns, Total: 1105700 ns
[210.206s][info][gc       ] GC(3177) Pause Young (Allocation Failure) 743M->117M(901M) 0.893ms
[210.206s][info][safepoint] Safepoint "ParallelGCFailedAllocation", Time since last: 65523800 ns, Reaching safepoint: 174800 ns, At safepoint: 983800 ns, Total: 1158600 ns
[210.287s][info][gc       ] GC(3178) Pause Young (Allocation Failure) 866M->117M(869M) 0.909ms
[210.287s][info][safepoint] Safepoint "ParallelGCFailedAllocation", Time since last: 80077100 ns, Reaching safepoint: 173100 ns, At safepoint: 989600 ns, Total: 1162700 ns
[210.364s][info][gc       ] GC(3179) Pause Young (Allocation Failure) 835M->117M(838M) 0.732ms
[210.364s][info][safepoint] Safepoint "ParallelGCFailedAllocation", Time since last: 75813500 ns, Reaching safepoint: 120800 ns, At safepoint: 816600 ns, Total: 937400 ns
[210.440s][info][gc       ] GC(3180) Pause Young (Allocation Failure) 803M->117M(809M) 1.010ms
[210.440s][info][safepoint] Safepoint "ParallelGCFailedAllocation", Time since last: 74704600 ns, Reaching safepoint: 155800 ns, At safepoint: 1181800 ns, Total: 1337600 ns
[210.511s][info][gc       ] GC(3181) Pause Young (Allocation Failure) 777M->117M(779M) 0.851ms
[210.511s][info][safepoint] Safepoint "ParallelGCFailedAllocation", Time since last: 69856200 ns, Reaching safepoint: 195500 ns, At safepoint: 975400 ns, Total: 1170900 ns
[210.578s][info][gc       ] GC(3182) Pause Young (Allocation Failure) 748M->120M(756M) 0.685ms
[210.578s][info][safepoint] Safepoint "ParallelGCFailedAllocation", Time since last: 66297400 ns, Reaching safepoint: 187600 ns, At safepoint: 787000 ns, Total: 974600 ns
[210.643s][info][gc       ] GC(3183) Pause Young (Allocation Failure) 725M->120M(877M) 1.205ms
[210.643s][info][safepoint] Safepoint "ParallelGCFailedAllocation", Time since last: 63615000 ns, Reaching safepoint: 199500 ns, At safepoint: 1297000 ns, Total: 1496500 ns
[210.722s][info][gc       ] GC(3184) Pause Young (Allocation Failure) 846M->117M(844M) 0.779ms
[210.722s][info][safepoint] Safepoint "ParallelGCFailedAllocation", Time since last: 78201400 ns, Reaching safepoint: 226700 ns, At safepoint: 858400 ns, Total: 1085100 ns
[210.801s][info][gc       ] GC(3185) Pause Young (Allocation Failure) 812M->120M(818M) 0.816ms
[210.801s][info][safepoint] Safepoint "ParallelGCFailedAllocation", Time since last: 77368000 ns, Reaching safepoint: 230800 ns, At safepoint: 935700 ns, Total: 1166500 ns
[210.874s][info][gc       ] GC(3186) Pause Young (Allocation Failure) 788M->117M(787M) 0.791ms
[210.874s][info][safepoint] Safepoint "ParallelGCFailedAllocation", Time since last: 71865100 ns, Reaching safepoint: 202500 ns, At safepoint: 867400 ns, Total: 1069900 ns
[210.945s][info][gc       ] GC(3187) Pause Young (Allocation Failure) 757M->120M(763M) 0.955ms
[210.945s][info][safepoint] Safepoint "ParallelGCFailedAllocation", Time since last: 69447300 ns, Reaching safepoint: 229100 ns, At safepoint: 1060000 ns, Total: 1289100 ns
[211.012s][info][gc       ] GC(3188) Pause Young (Allocation Failure) 733M->117M(736M) 0.977ms
[211.012s][info][safepoint] Safepoint "ParallelGCFailedAllocation", Time since last: 66338400 ns, Reaching safepoint: 180100 ns, At safepoint: 1102000 ns, Total: 1282100 ns
[211.077s][info][gc       ] GC(3189) Pause Young (Allocation Failure) 704M->120M(856M) 1.132ms
[211.077s][info][safepoint] Safepoint "ParallelGCFailedAllocation", Time since last: 63064300 ns, Reaching safepoint: 231700 ns, At safepoint: 1222800 ns, Total: 1454500 ns
[211.152s][info][gc       ] GC(3190) Pause Young (Allocation Failure) 825M->117M(824M) 0.749ms
[211.153s][info][safepoint] Safepoint "ParallelGCFailedAllocation", Time since last: 74836500 ns, Reaching safepoint: 144600 ns, At safepoint: 824400 ns, Total: 969000 ns
[211.225s][info][gc       ] GC(3191) Pause Young (Allocation Failure) 791M->120M(798M) 0.722ms
[211.225s][info][safepoint] Safepoint "ParallelGCFailedAllocation", Time since last: 71955200 ns, Reaching safepoint: 148100 ns, At safepoint: 841300 ns, Total: 989400 ns
[211.295s][info][gc       ] GC(3192) Pause Young (Allocation Failure) 768M->120M(771M) 1.048ms
[211.295s][info][safepoint] Safepoint "ParallelGCFailedAllocation", Time since last: 67780600 ns, Reaching safepoint: 196000 ns, At safepoint: 1256200 ns, Total: 1452200 ns
[211.362s][info][gc       ] GC(3193) Pause Young (Allocation Failure) 742M->120M(746M) 0.719ms
[211.362s][info][safepoint] Safepoint "ParallelGCFailedAllocation", Time since last: 65951000 ns, Reaching safepoint: 125700 ns, At safepoint: 830900 ns, Total: 956600 ns
[211.428s][info][gc       ] GC(3194) Pause Young (Allocation Failure) 715M->120M(721M) 0.855ms
[211.428s][info][safepoint] Safepoint "ParallelGCFailedAllocation", Time since last: 65788400 ns, Reaching safepoint: 149900 ns, At safepoint: 936000 ns, Total: 1085900 ns
[211.490s][info][gc       ] GC(3195) Pause Young (Allocation Failure) 689M->120M(698M) 0.610ms
[211.490s][info][safepoint] Safepoint "ParallelGCFailedAllocation", Time since last: 60443100 ns, Reaching safepoint: 196500 ns, At safepoint: 715200 ns, Total: 911700 ns
[211.549s][info][gc       ] GC(3196) Pause Young (Allocation Failure) 668M->120M(676M) 0.776ms
[211.549s][info][safepoint] Safepoint "ParallelGCFailedAllocation", Time since last: 58198800 ns, Reaching safepoint: 201600 ns, At safepoint: 871200 ns, Total: 1072800 ns
[211.606s][info][gc       ] GC(3197) Pause Young (Allocation Failure) 644M->117M(653M) 0.746ms
[211.606s][info][safepoint] Safepoint "ParallelGCFailedAllocation", Time since last: 56011300 ns, Reaching safepoint: 115000 ns, At safepoint: 827700 ns, Total: 942700 ns
[211.661s][info][gc       ] GC(3198) Pause Young (Allocation Failure) 618M->120M(635M) 0.766ms
[211.661s][info][safepoint] Safepoint "ParallelGCFailedAllocation", Time since last: 53628400 ns, Reaching safepoint: 200900 ns, At safepoint: 839000 ns, Total: 1039900 ns
[211.713s][info][gc       ] GC(3199) Pause Young (Allocation Failure) 605M->117M(730M) 0.806ms
[211.713s][info][safepoint] Safepoint "ParallelGCFailedAllocation", Time since last: 51022000 ns, Reaching safepoint: 167900 ns, At safepoint: 878400 ns, Total: 1046300 ns
[211.775s][info][gc       ] GC(3200) Pause Young (Allocation Failure) 700M->120M(709M) 0.688ms
[211.775s][info][safepoint] Safepoint "ParallelGCFailedAllocation", Time since last: 61414900 ns, Reaching safepoint: 178800 ns, At safepoint: 787400 ns, Total: 966200 ns
[211.840s][info][gc       ] GC(3201) Pause Young (Allocation Failure) 679M->120M(687M) 0.753ms
[211.840s][info][safepoint] Safepoint "ParallelGCFailedAllocation", Time since last: 63582200 ns, Reaching safepoint: 181200 ns, At safepoint: 835400 ns, Total: 1016600 ns
[211.901s][info][gc       ] GC(3202) Pause Young (Allocation Failure) 655M->117M(663M) 0.748ms
[211.901s][info][safepoint] Safepoint "ParallelGCFailedAllocation", Time since last: 60027200 ns, Reaching safepoint: 127300 ns, At safepoint: 830900 ns, Total: 958200 ns
[211.960s][info][gc       ] GC(3203) Pause Young (Allocation Failure) 629M->120M(769M) 0.942ms
[211.960s][info][safepoint] Safepoint "ParallelGCFailedAllocation", Time since last: 57694500 ns, Reaching safepoint: 147700 ns, At safepoint: 1069900 ns, Total: 1217600 ns
[212.027s][info][gc       ] GC(3204) Pause Young (Allocation Failure) 737M->120M(893M) 1.101ms
[212.027s][info][safepoint] Safepoint "ParallelGCFailedAllocation", Time since last: 66327400 ns, Reaching safepoint: 172000 ns, At safepoint: 1177300 ns, Total: 1349300 ns
[212.107s][info][gc       ] GC(3205) Pause Young (Allocation Failure) 861M->120M(861M) 0.527ms
[212.107s][info][safepoint] Safepoint "ParallelGCFailedAllocation", Time since last: 78863500 ns, Reaching safepoint: 128600 ns, At safepoint: 634400 ns, Total: 763000 ns
[212.185s][info][gc       ] GC(3206) Pause Young (Allocation Failure) 830M->120M(902M) 1.091ms
[212.185s][info][safepoint] Safepoint "ParallelGCFailedAllocation", Time since last: 76481700 ns, Reaching safepoint: 208900 ns, At safepoint: 1179500 ns, Total: 1388400 ns
[212.267s][info][gc       ] GC(3207) Pause Young (Allocation Failure) 870M->117M(865M) 0.751ms
[212.267s][info][safepoint] Safepoint "ParallelGCFailedAllocation", Time since last: 81367700 ns, Reaching safepoint: 50600 ns, At safepoint: 818300 ns, Total: 868900 ns
[212.345s][info][gc       ] GC(3208) Pause Young (Allocation Failure) 835M->120M(1001M) 1.265ms
[212.345s][info][safepoint] Safepoint "ParallelGCFailedAllocation", Time since last: 76254500 ns, Reaching safepoint: 195700 ns, At safepoint: 1393500 ns, Total: 1589200 ns
[212.451s][info][gc       ] GC(3209) Pause Young (Allocation Failure) 968M->117M(1014M) 1.187ms
[212.451s][info][safepoint] Safepoint "ParallelGCFailedAllocation", Time since last: 104378300 ns, Reaching safepoint: 135600 ns, At safepoint: 1270200 ns, Total: 1405800 ns
[212.545s][info][gc       ] GC(3210) Pause Young (Allocation Failure) 978M->117M(1014M) 0.849ms
[212.545s][info][safepoint] Safepoint "ParallelGCFailedAllocation", Time since last: 93530300 ns, Reaching safepoint: 163100 ns, At safepoint: 933200 ns, Total: 1096300 ns
[212.638s][info][gc       ] GC(3211) Pause Young (Allocation Failure) 978M->117M(1186M) 0.947ms
[212.638s][info][safepoint] Safepoint "ParallelGCFailedAllocation", Time since last: 91103300 ns, Reaching safepoint: 147800 ns, At safepoint: 1028700 ns, Total: 1176500 ns
[212.775s][info][gc       ] GC(3212) Pause Young (Allocation Failure) 1148M->120M(1138M) 1.344ms
[212.775s][info][safepoint] Safepoint "ParallelGCFailedAllocation", Time since last: 135655300 ns, Reaching safepoint: 141200 ns, At safepoint: 1433600 ns, Total: 1574800 ns
[212.881s][info][gc       ] GC(3213) Pause Young (Allocation Failure) 1106M->120M(1089M) 0.832ms
[212.881s][info][safepoint] Safepoint "ParallelGCFailedAllocation", Time since last: 104818600 ns, Reaching safepoint: 189800 ns, At safepoint: 908200 ns, Total: 1098000 ns
[212.982s][info][gc       ] GC(3214) Pause Young (Allocation Failure) 1064M->125M(1055M) 0.461ms
[212.982s][info][safepoint] Safepoint "ParallelGCFailedAllocation", Time since last: 100890600 ns, Reaching safepoint: 137000 ns, At safepoint: 550600 ns, Total: 687600 ns
[213.079s][info][gc       ] GC(3215) Pause Young (Allocation Failure) 1027M->122M(1011M) 1.130ms
[213.079s][info][safepoint] Safepoint "ParallelGCFailedAllocation", Time since last: 95541000 ns, Reaching safepoint: 201800 ns, At safepoint: 1201700 ns, Total: 1403500 ns
[213.171s][info][gc       ] GC(3216) Pause Young (Allocation Failure) 985M->122M(973M) 0.687ms
[213.171s][info][safepoint] Safepoint "ParallelGCFailedAllocation", Time since last: 90807600 ns, Reaching safepoint: 128100 ns, At safepoint: 767600 ns, Total: 895700 ns
[213.259s][info][gc       ] GC(3217) Pause Young (Allocation Failure) 945M->125M(940M) 0.661ms
[213.259s][info][safepoint] Safepoint "ParallelGCFailedAllocation", Time since last: 86935700 ns, Reaching safepoint: 127000 ns, At safepoint: 765900 ns, Total: 892900 ns
[213.347s][info][gc       ] GC(3218) Pause Young (Allocation Failure) 916M->125M(906M) 0.656ms
[213.347s][info][safepoint] Safepoint "ParallelGCFailedAllocation", Time since last: 87626500 ns, Reaching safepoint: 37200 ns, At safepoint: 742400 ns, Total: 779600 ns
[213.437s][info][gc       ] GC(3219) Pause Young (Allocation Failure) 882M->122M(872M) 0.595ms
[213.437s][info][safepoint] Safepoint "ParallelGCFailedAllocation", Time since last: 89424600 ns, Reaching safepoint: 152400 ns, At safepoint: 680600 ns, Total: 833000 ns
[213.519s][info][gc       ] GC(3220) Pause Young (Allocation Failure) 843M->125M(844M) 0.654ms
[213.519s][info][safepoint] Safepoint "ParallelGCFailedAllocation", Time since last: 80336500 ns, Reaching safepoint: 217400 ns, At safepoint: 739500 ns, Total: 956900 ns
[213.596s][info][gc       ] GC(3221) Pause Young (Allocation Failure) 819M->122M(812M) 0.728ms
[213.596s][info][safepoint] Safepoint "ParallelGCFailedAllocation", Time since last: 76222900 ns, Reaching safepoint: 120600 ns, At safepoint: 831900 ns, Total: 952500 ns
[213.667s][info][gc       ] GC(3222) Pause Young (Allocation Failure) 787M->122M(785M) 0.644ms
[213.667s][info][safepoint] Safepoint "ParallelGCFailedAllocation", Time since last: 70369100 ns, Reaching safepoint: 246400 ns, At safepoint: 708100 ns, Total: 954500 ns
[213.736s][info][gc       ] GC(3223) Pause Young (Allocation Failure) 758M->122M(758M) 0.728ms
[213.736s][info][safepoint] Safepoint "ParallelGCFailedAllocation", Time since last: 67505400 ns, Reaching safepoint: 201600 ns, At safepoint: 805700 ns, Total: 1007300 ns
[213.800s][info][gc       ] GC(3224) Pause Young (Allocation Failure) 729M->125M(736M) 0.698ms
[213.800s][info][safepoint] Safepoint "ParallelGCFailedAllocation", Time since last: 63341100 ns, Reaching safepoint: 135100 ns, At safepoint: 788400 ns, Total: 923500 ns
[213.864s][info][gc       ] GC(3225) Pause Young (Allocation Failure) 708M->125M(712M) 0.704ms
[213.864s][info][safepoint] Safepoint "ParallelGCFailedAllocation", Time since last: 63016800 ns, Reaching safepoint: 205100 ns, At safepoint: 780600 ns, Total: 985700 ns
[213.924s][info][gc       ] GC(3226) Pause Young (Allocation Failure) 687M->125M(689M) 0.830ms
[213.924s][info][safepoint] Safepoint "ParallelGCFailedAllocation", Time since last: 59291200 ns, Reaching safepoint: 137600 ns, At safepoint: 921300 ns, Total: 1058900 ns
[213.984s][info][gc       ] GC(3227) Pause Young (Allocation Failure) 663M->122M(665M) 0.595ms
[213.984s][info][safepoint] Safepoint "ParallelGCFailedAllocation", Time since last: 58742600 ns, Reaching safepoint: 125200 ns, At safepoint: 678400 ns, Total: 803600 ns
[214.041s][info][gc       ] GC(3228) Pause Young (Allocation Failure) 637M->125M(647M) 0.770ms
[214.041s][info][safepoint] Safepoint "ParallelGCFailedAllocation", Time since last: 55886100 ns, Reaching safepoint: 202700 ns, At safepoint: 844600 ns, Total: 1047300 ns
[214.099s][info][gc       ] GC(3229) Pause Young (Allocation Failure) 621M->125M(628M) 0.910ms
[214.099s][info][safepoint] Safepoint "ParallelGCFailedAllocation", Time since last: 57210800 ns, Reaching safepoint: 188300 ns, At safepoint: 1011500 ns, Total: 1199800 ns
[214.152s][info][gc       ] GC(3230) Pause Young (Allocation Failure) 600M->125M(609M) 0.875ms
[214.152s][info][safepoint] Safepoint "ParallelGCFailedAllocation", Time since last: 51903100 ns, Reaching safepoint: 198400 ns, At safepoint: 959800 ns, Total: 1158200 ns
[214.202s][info][gc       ] GC(3231) Pause Young (Allocation Failure) 584M->125M(701M) 0.639ms
[214.202s][info][safepoint] Safepoint "ParallelGCFailedAllocation", Time since last: 48530000 ns, Reaching safepoint: 189400 ns, At safepoint: 755500 ns, Total: 944900 ns
[214.262s][info][gc       ] GC(3232) Pause Young (Allocation Failure) 677M->125M(812M) 0.840ms
[214.262s][info][safepoint] Safepoint "ParallelGCFailedAllocation", Time since last: 59420000 ns, Reaching safepoint: 149800 ns, At safepoint: 939800 ns, Total: 1089600 ns
[214.334s][info][gc       ] GC(3233) Pause Young (Allocation Failure) 788M->125M(784M) 0.561ms
[214.334s][info][safepoint] Safepoint "ParallelGCFailedAllocation", Time since last: 70687600 ns, Reaching safepoint: 196900 ns, At safepoint: 705800 ns, Total: 902700 ns
[214.404s][info][gc       ] GC(3234) Pause Young (Allocation Failure) 759M->122M(756M) 0.887ms
[214.404s][info][safepoint] Safepoint "ParallelGCFailedAllocation", Time since last: 69233700 ns, Reaching safepoint: 192600 ns, At safepoint: 962400 ns, Total: 1155000 ns
[214.471s][info][gc       ] GC(3235) Pause Young (Allocation Failure) 730M->125M(733M) 0.757ms
[214.471s][info][safepoint] Safepoint "ParallelGCFailedAllocation", Time since last: 65479000 ns, Reaching safepoint: 223200 ns, At safepoint: 840500 ns, Total: 1063700 ns
[214.535s][info][gc       ] GC(3236) Pause Young (Allocation Failure) 709M->125M(710M) 0.710ms
[214.535s][info][safepoint] Safepoint "ParallelGCFailedAllocation", Time since last: 62946000 ns, Reaching safepoint: 126500 ns, At safepoint: 780600 ns, Total: 907100 ns
[214.595s][info][gc       ] GC(3237) Pause Young (Allocation Failure) 685M->122M(685M) 0.732ms
[214.595s][info][safepoint] Safepoint "ParallelGCFailedAllocation", Time since last: 59669600 ns, Reaching safepoint: 122900 ns, At safepoint: 810900 ns, Total: 933800 ns
[214.653s][info][gc       ] GC(3238) Pause Young (Allocation Failure) 656M->125M(666M) 0.683ms
[214.653s][info][safepoint] Safepoint "ParallelGCFailedAllocation", Time since last: 56387900 ns, Reaching safepoint: 164100 ns, At safepoint: 792100 ns, Total: 956200 ns
[214.708s][info][gc       ] GC(3239) Pause Young (Allocation Failure) 637M->125M(645M) 0.758ms
[214.708s][info][safepoint] Safepoint "ParallelGCFailedAllocation", Time since last: 54415700 ns, Reaching safepoint: 193500 ns, At safepoint: 841000 ns, Total: 1034500 ns
[214.767s][info][gc       ] GC(3240) Pause Young (Allocation Failure) 616M->125M(626M) 0.884ms
[214.767s][info][safepoint] Safepoint "ParallelGCFailedAllocation", Time since last: 57489100 ns, Reaching safepoint: 153600 ns, At safepoint: 976500 ns, Total: 1130100 ns
[214.818s][info][gc       ] GC(3241) Pause Young (Allocation Failure) 600M->125M(721M) 0.802ms
[214.818s][info][safepoint] Safepoint "ParallelGCFailedAllocation", Time since last: 50525100 ns, Reaching safepoint: 193400 ns, At safepoint: 885600 ns, Total: 1079000 ns
[214.880s][info][gc       ] GC(3242) Pause Young (Allocation Failure) 693M->125M(836M) 0.836ms
[214.881s][info][safepoint] Safepoint "ParallelGCFailedAllocation", Time since last: 61031800 ns, Reaching safepoint: 188700 ns, At safepoint: 986100 ns, Total: 1174800 ns
[214.956s][info][gc       ] GC(3243) Pause Young (Allocation Failure) 810M->122M(805M) 0.754ms
[214.957s][info][safepoint] Safepoint "ParallelGCFailedAllocation", Time since last: 74972700 ns, Reaching safepoint: 74300 ns, At safepoint: 924700 ns, Total: 999000 ns
[215.029s][info][gc       ] GC(3244) Pause Young (Allocation Failure) 780M->125M(939M) 0.990ms
[215.029s][info][safepoint] Safepoint "ParallelGCFailedAllocation", Time since last: 71531900 ns, Reaching safepoint: 183000 ns, At safepoint: 1085800 ns, Total: 1268800 ns
[215.115s][info][gc       ] GC(3245) Pause Young (Allocation Failure) 915M->122M(903M) 0.756ms
[215.115s][info][safepoint] Safepoint "ParallelGCFailedAllocation", Time since last: 84910700 ns, Reaching safepoint: 132200 ns, At safepoint: 850500 ns, Total: 982700 ns
[215.197s][info][gc       ] GC(3246) Pause Young (Allocation Failure) 877M->125M(873M) 0.753ms
[215.197s][info][safepoint] Safepoint "ParallelGCFailedAllocation", Time since last: 80451700 ns, Reaching safepoint: 191800 ns, At safepoint: 827300 ns, Total: 1019100 ns
[215.274s][info][gc       ] GC(3247) Pause Young (Allocation Failure) 845M->125M(843M) 0.741ms
[215.274s][info][safepoint] Safepoint "ParallelGCFailedAllocation", Time since last: 76535800 ns, Reaching safepoint: 181200 ns, At safepoint: 862600 ns, Total: 1043800 ns
[215.348s][info][gc       ] GC(3248) Pause Young (Allocation Failure) 814M->125M(814M) 0.741ms
[215.348s][info][safepoint] Safepoint "ParallelGCFailedAllocation", Time since last: 73064000 ns, Reaching safepoint: 125100 ns, At safepoint: 814200 ns, Total: 939300 ns
[215.420s][info][gc       ] GC(3249) Pause Young (Allocation Failure) 787M->125M(786M) 0.719ms
[215.420s][info][safepoint] Safepoint "ParallelGCFailedAllocation", Time since last: 70599200 ns, Reaching safepoint: 136800 ns, At safepoint: 800900 ns, Total: 937700 ns
[215.493s][info][gc       ] GC(3250) Pause Young (Allocation Failure) 758M->125M(760M) 1.066ms
[215.493s][info][safepoint] Safepoint "ParallelGCFailedAllocation", Time since last: 71800000 ns, Reaching safepoint: 237400 ns, At safepoint: 1175600 ns, Total: 1413000 ns
[215.560s][info][gc       ] GC(3251) Pause Young (Allocation Failure) 731M->125M(732M) 0.972ms
[215.560s][info][safepoint] Safepoint "ParallelGCFailedAllocation", Time since last: 65701400 ns, Reaching safepoint: 198000 ns, At safepoint: 1058200 ns, Total: 1256200 ns
[215.624s][info][gc       ] GC(3252) Pause Young (Allocation Failure) 710M->128M(711M) 0.817ms
[215.624s][info][safepoint] Safepoint "ParallelGCFailedAllocation", Time since last: 62938200 ns, Reaching safepoint: 217400 ns, At safepoint: 893700 ns, Total: 1111100 ns
[215.685s][info][gc       ] GC(3253) Pause Young (Allocation Failure) 689M->125M(686M) 0.808ms
[215.685s][info][safepoint] Safepoint "ParallelGCFailedAllocation", Time since last: 60003000 ns, Reaching safepoint: 205400 ns, At safepoint: 898300 ns, Total: 1103700 ns
[215.747s][info][gc       ] GC(3254) Pause Young (Allocation Failure) 660M->128M(667M) 0.619ms
[215.747s][info][safepoint] Safepoint "ParallelGCFailedAllocation", Time since last: 60872700 ns, Reaching safepoint: 127600 ns, At safepoint: 696100 ns, Total: 823700 ns
[215.802s][info][gc       ] GC(3255) Pause Young (Allocation Failure) 641M->128M(646M) 0.734ms
[215.802s][info][safepoint] Safepoint "ParallelGCFailedAllocation", Time since last: 54376200 ns, Reaching safepoint: 123700 ns, At safepoint: 820900 ns, Total: 944600 ns
[215.856s][info][gc       ] GC(3256) Pause Young (Allocation Failure) 620M->128M(627M) 0.867ms
[215.856s][info][safepoint] Safepoint "ParallelGCFailedAllocation", Time since last: 52813100 ns, Reaching safepoint: 195500 ns, At safepoint: 947600 ns, Total: 1143100 ns
[215.908s][info][gc       ] GC(3257) Pause Young (Allocation Failure) 604M->128M(717M) 1.183ms
[215.908s][info][safepoint] Safepoint "ParallelGCFailedAllocation", Time since last: 50633400 ns, Reaching safepoint: 145700 ns, At safepoint: 1345300 ns, Total: 1491000 ns
[215.972s][info][gc       ] GC(3258) Pause Young (Allocation Failure) 697M->133M(840M) 0.609ms
[215.972s][info][safepoint] Safepoint "ParallelGCFailedAllocation", Time since last: 63001800 ns, Reaching safepoint: 125500 ns, At safepoint: 679100 ns, Total: 804600 ns
[216.047s][info][gc       ] GC(3259) Pause Young (Allocation Failure) 820M->130M(973M) 0.805ms
[216.047s][info][safepoint] Safepoint "ParallelGCFailedAllocation", Time since last: 73756000 ns, Reaching safepoint: 199600 ns, At safepoint: 942700 ns, Total: 1142300 ns
[216.136s][info][gc       ] GC(3260) Pause Young (Allocation Failure) 956M->130M(937M) 0.699ms
[216.136s][info][safepoint] Safepoint "ParallelGCFailedAllocation", Time since last: 87967400 ns, Reaching safepoint: 198600 ns, At safepoint: 780900 ns, Total: 979500 ns
[216.225s][info][gc       ] GC(3261) Pause Young (Allocation Failure) 921M->133M(906M) 0.778ms
[216.225s][info][safepoint] Safepoint "ParallelGCFailedAllocation", Time since last: 88523800 ns, Reaching safepoint: 192000 ns, At safepoint: 902900 ns, Total: 1094900 ns
[216.307s][info][gc       ] GC(3262) Pause Young (Allocation Failure) 887M->133M(874M) 0.850ms
[216.308s][info][safepoint] Safepoint "ParallelGCFailedAllocation", Time since last: 80980200 ns, Reaching safepoint: 137900 ns, At safepoint: 946000 ns, Total: 1083900 ns
[216.385s][info][gc       ] GC(3263) Pause Young (Allocation Failure) 855M->133M(843M) 0.637ms
[216.385s][info][safepoint] Safepoint "ParallelGCFailedAllocation", Time since last: 76648000 ns, Reaching safepoint: 149400 ns, At safepoint: 748300 ns, Total: 897700 ns
[216.461s][info][gc       ] GC(3264) Pause Young (Allocation Failure) 823M->133M(814M) 0.989ms
[216.461s][info][safepoint] Safepoint "ParallelGCFailedAllocation", Time since last: 74625500 ns, Reaching safepoint: 246100 ns, At safepoint: 1133800 ns, Total: 1379900 ns
[216.531s][info][gc       ] GC(3265) Pause Young (Allocation Failure) 798M->133M(787M) 0.584ms
[216.532s][info][safepoint] Safepoint "ParallelGCFailedAllocation", Time since last: 69562900 ns, Reaching safepoint: 205500 ns, At safepoint: 660500 ns, Total: 866000 ns
[216.599s][info][gc       ] GC(3266) Pause Young (Allocation Failure) 770M->130M(758M) 0.778ms
[216.599s][info][safepoint] Safepoint "ParallelGCFailedAllocation", Time since last: 66607500 ns, Reaching safepoint: 138400 ns, At safepoint: 879300 ns, Total: 1017700 ns
[216.665s][info][gc       ] GC(3267) Pause Young (Allocation Failure) 741M->133M(735M) 0.729ms
[216.665s][info][safepoint] Safepoint "ParallelGCFailedAllocation", Time since last: 65064300 ns, Reaching safepoint: 206700 ns, At safepoint: 823900 ns, Total: 1030600 ns
[216.729s][info][gc       ] GC(3268) Pause Young (Allocation Failure) 717M->130M(709M) 0.865ms
[216.729s][info][safepoint] Safepoint "ParallelGCFailedAllocation", Time since last: 62395400 ns, Reaching safepoint: 179700 ns, At safepoint: 947600 ns, Total: 1127300 ns
[216.789s][info][gc       ] GC(3269) Pause Young (Allocation Failure) 688M->133M(689M) 0.761ms
[216.789s][info][safepoint] Safepoint "ParallelGCFailedAllocation", Time since last: 59642300 ns, Reaching safepoint: 191000 ns, At safepoint: 836900 ns, Total: 1027900 ns
[216.848s][info][gc       ] GC(3270) Pause Young (Allocation Failure) 672M->133M(797M) 1.130ms
[216.848s][info][safepoint] Safepoint "ParallelGCFailedAllocation", Time since last: 57324700 ns, Reaching safepoint: 207200 ns, At safepoint: 1231800 ns, Total: 1439000 ns
[216.918s][info][gc       ] GC(3271) Pause Young (Allocation Failure) 778M->133M(770M) 0.633ms
[216.918s][info][safepoint] Safepoint "ParallelGCFailedAllocation", Time since last: 68711900 ns, Reaching safepoint: 196100 ns, At safepoint: 714700 ns, Total: 910800 ns
[216.986s][info][gc       ] GC(3272) Pause Young (Allocation Failure) 752M->133M(744M) 0.836ms
[216.987s][info][safepoint] Safepoint "ParallelGCFailedAllocation", Time since last: 67539200 ns, Reaching safepoint: 190100 ns, At safepoint: 993600 ns, Total: 1183700 ns
[217.051s][info][gc       ] GC(3273) Pause Young (Allocation Failure) 728M->130M(718M) 0.820ms
[217.051s][info][safepoint] Safepoint "ParallelGCFailedAllocation", Time since last: 62950400 ns, Reaching safepoint: 180900 ns, At safepoint: 916600 ns, Total: 1097500 ns
[217.111s][info][gc       ] GC(3274) Pause Young (Allocation Failure) 699M->133M(697M) 0.699ms
[217.111s][info][safepoint] Safepoint "ParallelGCFailedAllocation", Time since last: 59311900 ns, Reaching safepoint: 199800 ns, At safepoint: 770500 ns, Total: 970300 ns
[217.170s][info][gc       ] GC(3275) Pause Young (Allocation Failure) 677M->133M(675M) 0.749ms
[217.170s][info][safepoint] Safepoint "ParallelGCFailedAllocation", Time since last: 58177800 ns, Reaching safepoint: 187100 ns, At safepoint: 825100 ns, Total: 1012200 ns
[217.229s][info][gc       ] GC(3276) Pause Young (Allocation Failure) 659M->133M(654M) 0.895ms
[217.230s][info][safepoint] Safepoint "ParallelGCFailedAllocation", Time since last: 58325400 ns, Reaching safepoint: 141300 ns, At safepoint: 991500 ns, Total: 1132800 ns
[217.284s][info][gc       ] GC(3277) Pause Young (Allocation Failure) 637M->133M(755M) 0.632ms
[217.284s][info][safepoint] Safepoint "ParallelGCFailedAllocation", Time since last: 53155700 ns, Reaching safepoint: 188400 ns, At safepoint: 714400 ns, Total: 902800 ns
[217.349s][info][gc       ] GC(3278) Pause Young (Allocation Failure) 736M->133M(877M) 1.217ms
[217.349s][info][safepoint] Safepoint "ParallelGCFailedAllocation", Time since last: 63992800 ns, Reaching safepoint: 177800 ns, At safepoint: 1315800 ns, Total: 1493600 ns
[217.426s][info][gc       ] GC(3279) Pause Young (Allocation Failure) 859M->130M(978M) 0.648ms
[217.426s][info][safepoint] Safepoint "ParallelGCFailedAllocation", Time since last: 76094600 ns, Reaching safepoint: 212000 ns, At safepoint: 742900 ns, Total: 954900 ns
[217.515s][info][gc       ] GC(3280) Pause Young (Allocation Failure) 958M->130M(940M) 0.995ms
[217.515s][info][safepoint] Safepoint "ParallelGCFailedAllocation", Time since last: 87665400 ns, Reaching safepoint: 136400 ns, At safepoint: 1090800 ns, Total: 1227200 ns
[217.599s][info][gc       ] GC(3281) Pause Young (Allocation Failure) 923M->133M(908M) 0.713ms
[217.599s][info][safepoint] Safepoint "ParallelGCFailedAllocation", Time since last: 83364700 ns, Reaching safepoint: 178300 ns, At safepoint: 803000 ns, Total: 981300 ns
[217.682s][info][gc       ] GC(3282) Pause Young (Allocation Failure) 889M->133M(876M) 0.761ms
[217.682s][info][safepoint] Safepoint "ParallelGCFailedAllocation", Time since last: 81372100 ns, Reaching safepoint: 216000 ns, At safepoint: 901800 ns, Total: 1117800 ns
[217.761s][info][gc       ] GC(3283) Pause Young (Allocation Failure) 857M->133M(846M) 0.553ms
[217.761s][info][safepoint] Safepoint "ParallelGCFailedAllocation", Time since last: 78784100 ns, Reaching safepoint: 170700 ns, At safepoint: 643200 ns, Total: 813900 ns
[217.836s][info][gc       ] GC(3284) Pause Young (Allocation Failure) 825M->133M(817M) 0.815ms
[217.836s][info][safepoint] Safepoint "ParallelGCFailedAllocation", Time since last: 73481000 ns, Reaching safepoint: 191700 ns, At safepoint: 898100 ns, Total: 1089800 ns
[217.909s][info][gc       ] GC(3285) Pause Young (Allocation Failure) 800M->133M(789M) 1.123ms
[217.909s][info][safepoint] Safepoint "ParallelGCFailedAllocation", Time since last: 71826300 ns, Reaching safepoint: 192400 ns, At safepoint: 1209400 ns, Total: 1401800 ns
[217.982s][info][gc       ] GC(3286) Pause Young (Allocation Failure) 769M->133M(762M) 0.837ms
[217.982s][info][safepoint] Safepoint "ParallelGCFailedAllocation", Time since last: 71891300 ns, Reaching safepoint: 145600 ns, At safepoint: 928600 ns, Total: 1074200 ns
[218.049s][info][gc       ] GC(3287) Pause Young (Allocation Failure) 743M->133M(735M) 0.859ms
[218.049s][info][safepoint] Safepoint "ParallelGCFailedAllocation", Time since last: 65332500 ns, Reaching safepoint: 118100 ns, At safepoint: 934300 ns, Total: 1052400 ns
[218.113s][info][gc       ] GC(3288) Pause Young (Allocation Failure) 719M->133M(711M) 0.784ms
[218.113s][info][safepoint] Safepoint "ParallelGCFailedAllocation", Time since last: 62949300 ns, Reaching safepoint: 210400 ns, At safepoint: 876400 ns, Total: 1086800 ns
[218.174s][info][gc       ] GC(3289) Pause Young (Allocation Failure) 692M->136M(690M) 0.632ms
[218.174s][info][safepoint] Safepoint "ParallelGCFailedAllocation", Time since last: 60450800 ns, Reaching safepoint: 218100 ns, At safepoint: 740500 ns, Total: 958600 ns
[218.234s][info][gc       ] GC(3290) Pause Young (Allocation Failure) 676M->136M(799M) 1.152ms
[218.234s][info][safepoint] Safepoint "ParallelGCFailedAllocation", Time since last: 58827800 ns, Reaching safepoint: 163200 ns, At safepoint: 1239000 ns, Total: 1402200 ns
[218.305s][info][gc       ] GC(3291) Pause Young (Allocation Failure) 783M->136M(772M) 0.584ms
[218.305s][info][safepoint] Safepoint "ParallelGCFailedAllocation", Time since last: 69845000 ns, Reaching safepoint: 135000 ns, At safepoint: 692600 ns, Total: 827600 ns
[218.372s][info][gc       ] GC(3292) Pause Young (Allocation Failure) 756M->136M(746M) 0.838ms
[218.372s][info][safepoint] Safepoint "ParallelGCFailedAllocation", Time since last: 65922700 ns, Reaching safepoint: 188600 ns, At safepoint: 921300 ns, Total: 1109900 ns
[218.436s][info][gc       ] GC(3293) Pause Young (Allocation Failure) 732M->133M(719M) 0.716ms
[218.436s][info][safepoint] Safepoint "ParallelGCFailedAllocation", Time since last: 62797400 ns, Reaching safepoint: 177800 ns, At safepoint: 821300 ns, Total: 999100 ns
[218.497s][info][gc       ] GC(3294) Pause Young (Allocation Failure) 703M->136M(699M) 0.706ms
[218.497s][info][safepoint] Safepoint "ParallelGCFailedAllocation", Time since last: 60126100 ns, Reaching safepoint: 125600 ns, At safepoint: 786900 ns, Total: 912500 ns
[218.557s][info][gc       ] GC(3295) Pause Young (Allocation Failure) 682M->136M(677M) 0.620ms
[218.557s][info][safepoint] Safepoint "ParallelGCFailedAllocation", Time since last: 59139000 ns, Reaching safepoint: 118400 ns, At safepoint: 689700 ns, Total: 808100 ns
[218.614s][info][gc       ] GC(3296) Pause Young (Allocation Failure) 663M->136M(656M) 0.955ms
[218.614s][info][safepoint] Safepoint "ParallelGCFailedAllocation", Time since last: 56324700 ns, Reaching safepoint: 134500 ns, At safepoint: 1036000 ns, Total: 1170500 ns
[218.669s][info][gc       ] GC(3297) Pause Young (Allocation Failure) 642M->136M(755M) 0.822ms
[218.669s][info][safepoint] Safepoint "ParallelGCFailedAllocation", Time since last: 53840400 ns, Reaching safepoint: 193000 ns, At safepoint: 906200 ns, Total: 1099200 ns
[218.735s][info][gc       ] GC(3298) Pause Young (Allocation Failure) 743M->136M(730M) 0.702ms
[218.735s][info][safepoint] Safepoint "ParallelGCFailedAllocation", Time since last: 64517100 ns, Reaching safepoint: 136100 ns, At safepoint: 778300 ns, Total: 914400 ns
[218.798s][info][gc       ] GC(3299) Pause Young (Allocation Failure) 717M->138M(709M) 0.766ms
[218.798s][info][safepoint] Safepoint "ParallelGCFailedAllocation", Time since last: 62228700 ns, Reaching safepoint: 154300 ns, At safepoint: 859500 ns, Total: 1013800 ns
[218.858s][info][gc       ] GC(3300) Pause Young (Allocation Failure) 695M->138M(686M) 0.764ms
[218.858s][info][safepoint] Safepoint "ParallelGCFailedAllocation", Time since last: 59232600 ns, Reaching safepoint: 187800 ns, At safepoint: 837200 ns, Total: 1025000 ns
[218.917s][info][gc       ] GC(3301) Pause Young (Allocation Failure) 674M->138M(665M) 0.534ms
[218.917s][info][safepoint] Safepoint "ParallelGCFailedAllocation", Time since last: 58013100 ns, Reaching safepoint: 140700 ns, At safepoint: 594000 ns, Total: 734700 ns
[218.973s][info][gc       ] GC(3302) Pause Young (Allocation Failure) 653M->136M(642M) 0.848ms
[218.973s][info][safepoint] Safepoint "ParallelGCFailedAllocation", Time since last: 55244600 ns, Reaching safepoint: 182000 ns, At safepoint: 929200 ns, Total: 1111200 ns
[219.027s][info][gc       ] GC(3303) Pause Young (Allocation Failure) 629M->138M(743M) 0.992ms
[219.027s][info][safepoint] Safepoint "ParallelGCFailedAllocation", Time since last: 52670700 ns, Reaching safepoint: 152100 ns, At safepoint: 1081600 ns, Total: 1233700 ns
[219.091s][info][gc       ] GC(3304) Pause Young (Allocation Failure) 730M->136M(717M) 0.731ms
[219.092s][info][safepoint] Safepoint "ParallelGCFailedAllocation", Time since last: 63455900 ns, Reaching safepoint: 127600 ns, At safepoint: 803200 ns, Total: 930800 ns
[219.154s][info][gc       ] GC(3305) Pause Young (Allocation Failure) 704M->136M(694M) 0.782ms
[219.154s][info][safepoint] Safepoint "ParallelGCFailedAllocation", Time since last: 61758100 ns, Reaching safepoint: 114300 ns, At safepoint: 872200 ns, Total: 986500 ns
[219.213s][info][gc       ] GC(3306) Pause Young (Allocation Failure) 682M->136M(672M) 0.678ms
[219.214s][info][safepoint] Safepoint "ParallelGCFailedAllocation", Time since last: 58238300 ns, Reaching safepoint: 231100 ns, At safepoint: 768200 ns, Total: 999300 ns
[219.269s][info][gc       ] GC(3307) Pause Young (Allocation Failure) 656M->138M(653M) 0.642ms
[219.269s][info][safepoint] Safepoint "ParallelGCFailedAllocation", Time since last: 54940500 ns, Reaching safepoint: 140500 ns, At safepoint: 718600 ns, Total: 859100 ns
[219.324s][info][gc       ] GC(3308) Pause Young (Allocation Failure) 640M->138M(754M) 1.192ms
[219.324s][info][safepoint] Safepoint "ParallelGCFailedAllocation", Time since last: 53309100 ns, Reaching safepoint: 193800 ns, At safepoint: 1288500 ns, Total: 1482300 ns
[219.389s][info][gc       ] GC(3309) Pause Young (Allocation Failure) 742M->136M(873M) 0.667ms
[219.389s][info][safepoint] Safepoint "ParallelGCFailedAllocation", Time since last: 64061900 ns, Reaching safepoint: 129000 ns, At safepoint: 749600 ns, Total: 878600 ns
[219.471s][info][gc       ] GC(3310) Pause Young (Allocation Failure) 860M->138M(845M) 0.913ms
[219.471s][info][safepoint] Safepoint "ParallelGCFailedAllocation", Time since last: 80365600 ns, Reaching safepoint: 205500 ns, At safepoint: 993600 ns, Total: 1199100 ns
[219.549s][info][gc       ] GC(3311) Pause Young (Allocation Failure) 833M->138M(816M) 0.911ms
[219.549s][info][safepoint] Safepoint "ParallelGCFailedAllocation", Time since last: 77605100 ns, Reaching safepoint: 172100 ns, At safepoint: 1021100 ns, Total: 1193200 ns
[219.620s][info][gc       ] GC(3312) Pause Young (Allocation Failure) 802M->138M(788M) 0.825ms
[219.620s][info][safepoint] Safepoint "ParallelGCFailedAllocation", Time since last: 69957400 ns, Reaching safepoint: 123600 ns, At safepoint: 898800 ns, Total: 1022400 ns
[219.690s][info][gc       ] GC(3313) Pause Young (Allocation Failure) 777M->138M(762M) 0.839ms
[219.690s][info][safepoint] Safepoint "ParallelGCFailedAllocation", Time since last: 68409500 ns, Reaching safepoint: 140800 ns, At safepoint: 915900 ns, Total: 1056700 ns
[219.757s][info][gc       ] GC(3314) Pause Young (Allocation Failure) 750M->138M(878M) 0.848ms
[219.757s][info][safepoint] Safepoint "ParallelGCFailedAllocation", Time since last: 65626800 ns, Reaching safepoint: 186700 ns, At safepoint: 929000 ns, Total: 1115700 ns
[219.836s][info][gc       ] GC(3315) Pause Young (Allocation Failure) 860M->138M(887M) 1.427ms
[219.836s][info][safepoint] Safepoint "ParallelGCFailedAllocation", Time since last: 77636400 ns, Reaching safepoint: 165500 ns, At safepoint: 1535100 ns, Total: 1700600 ns
[219.914s][info][gc       ] GC(3316) Pause Young (Allocation Failure) 871M->138M(887M) 0.927ms
[219.914s][info][safepoint] Safepoint "ParallelGCFailedAllocation", Time since last: 77028000 ns, Reaching safepoint: 219600 ns, At safepoint: 1006900 ns, Total: 1226500 ns
[219.994s][info][gc       ] GC(3317) Pause Young (Allocation Failure) 871M->138M(1034M) 1.216ms
[219.994s][info][safepoint] Safepoint "ParallelGCFailedAllocation", Time since last: 78658900 ns, Reaching safepoint: 181800 ns, At safepoint: 1375800 ns, Total: 1557600 ns
[220.118s][info][gc       ] GC(3318) Pause Young (Allocation Failure) 1019M->138M(1034M) 1.826ms
[220.118s][info][safepoint] Safepoint "ParallelGCFailedAllocation", Time since last: 121183200 ns, Reaching safepoint: 205800 ns, At safepoint: 1917800 ns, Total: 2123600 ns
[220.213s][info][gc       ] GC(3319) Pause Young (Allocation Failure) 1019M->138M(1209M) 1.185ms
[220.213s][info][safepoint] Safepoint "ParallelGCFailedAllocation", Time since last: 93873100 ns, Reaching safepoint: 142400 ns, At safepoint: 1272900 ns, Total: 1415300 ns
[220.353s][info][gc       ] GC(3320) Pause Young (Allocation Failure) 1196M->138M(1209M) 1.613ms
[220.353s][info][safepoint] Safepoint "ParallelGCFailedAllocation", Time since last: 138183300 ns, Reaching safepoint: 122200 ns, At safepoint: 1746200 ns, Total: 1868400 ns
[220.468s][info][gc       ] GC(3321) Pause Young (Allocation Failure) 1195M->138M(1421M) 1.087ms
[220.468s][info][safepoint] Safepoint "ParallelGCFailedAllocation", Time since last: 113651600 ns, Reaching safepoint: 136300 ns, At safepoint: 1191200 ns, Total: 1327500 ns
[220.638s][info][gc       ] GC(3322) Pause Young (Allocation Failure) 1405M->138M(1421M) 1.578ms
[220.638s][info][safepoint] Safepoint "ParallelGCFailedAllocation", Time since last: 167698600 ns, Reaching safepoint: 139800 ns, At safepoint: 1670900 ns, Total: 1810700 ns
[220.772s][info][gc       ] GC(3323) Pause Young (Allocation Failure) 1405M->138M(1361M) 1.211ms
[220.773s][info][safepoint] Safepoint "ParallelGCFailedAllocation", Time since last: 133558400 ns, Reaching safepoint: 131000 ns, At safepoint: 1286400 ns, Total: 1417400 ns
[220.904s][info][gc       ] GC(3324) Pause Young (Allocation Failure) 1349M->136M(1304M) 1.167ms
[220.904s][info][safepoint] Safepoint "ParallelGCFailedAllocation", Time since last: 129704200 ns, Reaching safepoint: 183600 ns, At safepoint: 1267000 ns, Total: 1450600 ns
[221.033s][info][gc       ] GC(3325) Pause Young (Allocation Failure) 1290M->138M(1255M) 1.231ms
[221.033s][info][safepoint] Safepoint "ParallelGCFailedAllocation", Time since last: 128046300 ns, Reaching safepoint: 203600 ns, At safepoint: 1313800 ns, Total: 1517400 ns
[221.153s][info][gc       ] GC(3326) Pause Young (Allocation Failure) 1242M->138M(1476M) 1.791ms
[221.153s][info][safepoint] Safepoint "ParallelGCFailedAllocation", Time since last: 118099300 ns, Reaching safepoint: 129900 ns, At safepoint: 1948400 ns, Total: 2078300 ns
[221.305s][info][gc       ] GC(3327) Pause Young (Allocation Failure) 1465M->136M(1413M) 0.773ms
[221.305s][info][safepoint] Safepoint "ParallelGCFailedAllocation", Time since last: 150588200 ns, Reaching safepoint: 132200 ns, At safepoint: 889000 ns, Total: 1021200 ns
[221.443s][info][gc       ] GC(3328) Pause Young (Allocation Failure) 1401M->138M(1358M) 1.724ms
[221.443s][info][safepoint] Safepoint "ParallelGCFailedAllocation", Time since last: 136109800 ns, Reaching safepoint: 178200 ns, At safepoint: 1805300 ns, Total: 1983500 ns
[221.574s][info][gc       ] GC(3329) Pause Young (Allocation Failure) 1346M->136M(1301M) 0.975ms
[221.574s][info][safepoint] Safepoint "ParallelGCFailedAllocation", Time since last: 129487600 ns, Reaching safepoint: 143600 ns, At safepoint: 1089900 ns, Total: 1233500 ns
[221.698s][info][gc       ] GC(3330) Pause Young (Allocation Failure) 1289M->136M(1249M) 1.085ms
[221.698s][info][safepoint] Safepoint "ParallelGCFailedAllocation", Time since last: 122610500 ns, Reaching safepoint: 178400 ns, At safepoint: 1169400 ns, Total: 1347800 ns
[221.817s][info][gc       ] GC(3331) Pause Young (Allocation Failure) 1238M->138M(1203M) 0.933ms
[221.817s][info][safepoint] Safepoint "ParallelGCFailedAllocation", Time since last: 118406900 ns, Reaching safepoint: 131400 ns, At safepoint: 1036800 ns, Total: 1168200 ns
[221.930s][info][gc       ] GC(3332) Pause Young (Allocation Failure) 1187M->138M(1156M) 1.479ms
[221.930s][info][safepoint] Safepoint "ParallelGCFailedAllocation", Time since last: 111088500 ns, Reaching safepoint: 122800 ns, At safepoint: 1580400 ns, Total: 1703200 ns
[222.039s][info][gc       ] GC(3333) Pause Young (Allocation Failure) 1144M->138M(1109M) 0.798ms
[222.043s][info][gc       ] GC(3334) Pause Full (Ergonomics) 138M->6M(1062M) 3.808ms
[222.043s][info][safepoint] Safepoint "ParallelGCFailedAllocation", Time since last: 108036100 ns, Reaching safepoint: 219000 ns, At safepoint: 4804000 ns, Total: 5023000 ns
[222.143s][info][gc       ] GC(3335) Pause Young (Allocation Failure) 926M->14M(1025M) 1.278ms
[222.143s][info][safepoint] Safepoint "ParallelGCFailedAllocation", Time since last: 97936400 ns, Reaching safepoint: 140900 ns, At safepoint: 1364500 ns, Total: 1505400 ns
[222.238s][info][gc       ] GC(3336) Pause Young (Allocation Failure) 893M->14M(987M) 1.163ms
[222.238s][info][safepoint] Safepoint "ParallelGCFailedAllocation", Time since last: 94335600 ns, Reaching safepoint: 206500 ns, At safepoint: 1242900 ns, Total: 1449400 ns
[222.330s][info][gc       ] GC(3337) Pause Young (Allocation Failure) 853M->16M(1157M) 1.316ms
[222.330s][info][safepoint] Safepoint "ParallelGCFailedAllocation", Time since last: 90013500 ns, Reaching safepoint: 185400 ns, At safepoint: 1423500 ns, Total: 1608900 ns
[222.438s][info][gc       ] GC(3338) Pause Young (Allocation Failure) 1023M->16M(1359M) 1.401ms
[222.438s][info][safepoint] Safepoint "ParallelGCFailedAllocation", Time since last: 106388100 ns, Reaching safepoint: 123600 ns, At safepoint: 1538100 ns, Total: 1661700 ns
[222.569s][info][gc       ] GC(3339) Pause Young (Allocation Failure) 1228M->16M(1304M) 1.015ms
[222.569s][info][safepoint] Safepoint "ParallelGCFailedAllocation", Time since last: 129501700 ns, Reaching safepoint: 211000 ns, At safepoint: 1108700 ns, Total: 1319700 ns
[222.694s][info][gc       ] GC(3340) Pause Young (Allocation Failure) 1172M->16M(1252M) 1.339ms
[222.694s][info][safepoint] Safepoint "ParallelGCFailedAllocation", Time since last: 123239800 ns, Reaching safepoint: 197800 ns, At safepoint: 1433700 ns, Total: 1631500 ns
[222.814s][info][gc       ] GC(3341) Pause Young (Allocation Failure) 1119M->16M(1203M) 0.475ms
[222.814s][info][safepoint] Safepoint "ParallelGCFailedAllocation", Time since last: 119160800 ns, Reaching safepoint: 127100 ns, At safepoint: 555600 ns, Total: 682700 ns
[222.927s][info][gc       ] GC(3342) Pause Young (Allocation Failure) 1068M->16M(1156M) 1.270ms
[222.927s][info][safepoint] Safepoint "ParallelGCFailedAllocation", Time since last: 112033200 ns, Reaching safepoint: 146800 ns, At safepoint: 1421000 ns, Total: 1567800 ns
[223.037s][info][gc       ] GC(3343) Pause Young (Allocation Failure) 1025M->16M(1111M) 0.449ms
[223.037s][info][safepoint] Safepoint "ParallelGCFailedAllocation", Time since last: 109558500 ns, Reaching safepoint: 137700 ns, At safepoint: 528800 ns, Total: 666500 ns
[223.141s][info][gc       ] GC(3344) Pause Young (Allocation Failure) 979M->14M(1066M) 1.115ms
[223.141s][info][safepoint] Safepoint "ParallelGCFailedAllocation", Time since last: 102505000 ns, Reaching safepoint: 149200 ns, At safepoint: 1200900 ns, Total: 1350100 ns
[223.245s][info][gc       ] GC(3345) Pause Young (Allocation Failure) 930M->16M(1028M) 1.070ms
[223.245s][info][safepoint] Safepoint "ParallelGCFailedAllocation", Time since last: 101887300 ns, Reaching safepoint: 187200 ns, At safepoint: 1166800 ns, Total: 1354000 ns
[223.339s][info][gc       ] GC(3346) Pause Young (Allocation Failure) 895M->14M(987M) 1.105ms
[223.339s][info][safepoint] Safepoint "ParallelGCFailedAllocation", Time since last: 93237400 ns, Reaching safepoint: 133000 ns, At safepoint: 1252000 ns, Total: 1385000 ns
[223.430s][info][gc       ] GC(3347) Pause Young (Allocation Failure) 855M->16M(953M) 1.227ms
[223.430s][info][safepoint] Safepoint "ParallelGCFailedAllocation", Time since last: 89694400 ns, Reaching safepoint: 140700 ns, At safepoint: 1354800 ns, Total: 1495500 ns
[223.516s][info][gc       ] GC(3348) Pause Young (Allocation Failure) 823M->16M(1114M) 1.518ms
[223.516s][info][safepoint] Safepoint "ParallelGCFailedAllocation", Time since last: 83888800 ns, Reaching safepoint: 193900 ns, At safepoint: 1608400 ns, Total: 1802300 ns
[223.621s][info][gc       ] GC(3349) Pause Young (Allocation Failure) 983M->16M(1307M) 0.853ms
[223.621s][info][safepoint] Safepoint "ParallelGCFailedAllocation", Time since last: 103967400 ns, Reaching safepoint: 126400 ns, At safepoint: 979900 ns, Total: 1106300 ns
[223.747s][info][gc       ] GC(3350) Pause Young (Allocation Failure) 1175M->16M(1255M) 1.348ms
[223.747s][info][safepoint] Safepoint "ParallelGCFailedAllocation", Time since last: 124042000 ns, Reaching safepoint: 133300 ns, At safepoint: 1428400 ns, Total: 1561700 ns
[223.866s][info][gc       ] GC(3351) Pause Young (Allocation Failure) 1121M->16M(1205M) 0.613ms
[223.867s][info][safepoint] Safepoint "ParallelGCFailedAllocation", Time since last: 118873400 ns, Reaching safepoint: 207300 ns, At safepoint: 761000 ns, Total: 968300 ns
[223.980s][info][gc       ] GC(3352) Pause Young (Allocation Failure) 1070M->16M(1158M) 1.454ms
[223.980s][info][safepoint] Safepoint "ParallelGCFailedAllocation", Time since last: 111759000 ns, Reaching safepoint: 151600 ns, At safepoint: 1605900 ns, Total: 1757500 ns
[224.091s][info][gc       ] GC(3353) Pause Young (Allocation Failure) 1027M->16M(1114M) 0.589ms
[224.092s][info][safepoint] Safepoint "ParallelGCFailedAllocation", Time since last: 110591300 ns, Reaching safepoint: 157500 ns, At safepoint: 705200 ns, Total: 862700 ns
[224.196s][info][gc       ] GC(3354) Pause Young (Allocation Failure) 981M->14M(1069M) 1.131ms
[224.196s][info][safepoint] Safepoint "ParallelGCFailedAllocation", Time since last: 102827700 ns, Reaching safepoint: 192800 ns, At safepoint: 1213400 ns, Total: 1406200 ns
[224.299s][info][gc       ] GC(3355) Pause Young (Allocation Failure) 938M->16M(1031M) 0.962ms
[224.299s][info][safepoint] Safepoint "ParallelGCFailedAllocation", Time since last: 102389700 ns, Reaching safepoint: 198700 ns, At safepoint: 1050800 ns, Total: 1249500 ns
[224.396s][info][gc       ] GC(3356) Pause Young (Allocation Failure) 900M->16M(1207M) 1.741ms
[224.396s][info][safepoint] Safepoint "ParallelGCFailedAllocation", Time since last: 94781600 ns, Reaching safepoint: 205300 ns, At safepoint: 1915000 ns, Total: 2120300 ns
[224.517s][info][gc       ] GC(3357) Pause Young (Allocation Failure) 1077M->16M(1158M) 0.846ms
[224.517s][info][safepoint] Safepoint "ParallelGCFailedAllocation", Time since last: 119093500 ns, Reaching safepoint: 183200 ns, At safepoint: 924400 ns, Total: 1107600 ns
[224.628s][info][gc       ] GC(3358) Pause Young (Allocation Failure) 1028M->19M(1115M) 1.474ms
[224.628s][info][safepoint] Safepoint "ParallelGCFailedAllocation", Time since last: 110147400 ns, Reaching safepoint: 136000 ns, At safepoint: 1603700 ns, Total: 1739700 ns
[224.732s][info][gc       ] GC(3359) Pause Young (Allocation Failure) 985M->16M(1070M) 1.010ms
[224.732s][info][safepoint] Safepoint "ParallelGCFailedAllocation", Time since last: 102662800 ns, Reaching safepoint: 188800 ns, At safepoint: 1087100 ns, Total: 1275900 ns
[224.832s][info][gc       ] GC(3360) Pause Young (Allocation Failure) 942M->19M(1258M) 1.745ms
[224.832s][info][safepoint] Safepoint "ParallelGCFailedAllocation", Time since last: 97709400 ns, Reaching safepoint: 142200 ns, At safepoint: 1859300 ns, Total: 2001500 ns
[224.956s][info][gc       ] GC(3361) Pause Young (Allocation Failure) 1129M->16M(1206M) 1.109ms
[224.956s][info][safepoint] Safepoint "ParallelGCFailedAllocation", Time since last: 122261200 ns, Reaching safepoint: 189600 ns, At safepoint: 1223800 ns, Total: 1413400 ns
[225.072s][info][gc       ] GC(3362) Pause Young (Allocation Failure) 1075M->19M(1420M) 1.891ms
[225.072s][info][safepoint] Safepoint "ParallelGCFailedAllocation", Time since last: 113691700 ns, Reaching safepoint: 209300 ns, At safepoint: 2059000 ns, Total: 2268300 ns
[225.211s][info][gc       ] GC(3363) Pause Young (Allocation Failure) 1287M->19M(1552M) 1.204ms
[225.211s][info][safepoint] Safepoint "ParallelGCFailedAllocation", Time since last: 137430400 ns, Reaching safepoint: 168300 ns, At safepoint: 1332800 ns, Total: 1501100 ns
[225.372s][info][gc       ] GC(3364) Pause Young (Allocation Failure) 1421M->19M(1485M) 2.157ms
[225.372s][info][safepoint] Safepoint "ParallelGCFailedAllocation", Time since last: 158772800 ns, Reaching safepoint: 141000 ns, At safepoint: 2310400 ns, Total: 2451400 ns
[225.515s][info][gc       ] GC(3365) Pause Young (Allocation Failure) 1357M->16M(1422M) 0.469ms
[225.516s][info][safepoint] Safepoint "ParallelGCFailedAllocation", Time since last: 142899500 ns, Reaching safepoint: 193200 ns, At safepoint: 545100 ns, Total: 738300 ns
[225.651s][info][gc       ] GC(3366) Pause Young (Allocation Failure) 1289M->19M(1366M) 0.717ms
[225.651s][info][safepoint] Safepoint "ParallelGCFailedAllocation", Time since last: 134265100 ns, Reaching safepoint: 186200 ns, At safepoint: 802200 ns, Total: 988400 ns
[225.780s][info][gc       ] GC(3367) Pause Young (Allocation Failure) 1238M->19M(1311M) 0.842ms
[225.780s][info][safepoint] Safepoint "ParallelGCFailedAllocation", Time since last: 128496300 ns, Reaching safepoint: 196600 ns, At safepoint: 940700 ns, Total: 1137300 ns
[225.908s][info][gc       ] GC(3368) Pause Young (Allocation Failure) 1183M->19M(1259M) 0.770ms
[225.908s][info][safepoint] Safepoint "ParallelGCFailedAllocation", Time since last: 126158400 ns, Reaching safepoint: 196200 ns, At safepoint: 881000 ns, Total: 1077200 ns
[226.030s][info][gc       ] GC(3369) Pause Young (Allocation Failure) 1129M->19M(1210M) 0.617ms
[226.030s][info][safepoint] Safepoint "ParallelGCFailedAllocation", Time since last: 121836000 ns, Reaching safepoint: 136700 ns, At safepoint: 705000 ns, Total: 841700 ns
[226.144s][info][gc       ] GC(3370) Pause Young (Allocation Failure) 1078M->19M(1163M) 0.737ms
[226.144s][info][safepoint] Safepoint "ParallelGCFailedAllocation", Time since last: 112971800 ns, Reaching safepoint: 216800 ns, At safepoint: 824300 ns, Total: 1041100 ns
[226.254s][info][gc       ] GC(3371) Pause Young (Allocation Failure) 1034M->19M(1118M) 0.490ms
[226.254s][info][safepoint] Safepoint "ParallelGCFailedAllocation", Time since last: 108928100 ns, Reaching safepoint: 172200 ns, At safepoint: 578800 ns, Total: 751000 ns
[226.359s][info][gc       ] GC(3372) Pause Young (Allocation Failure) 988M->16M(1073M) 0.749ms
[226.359s][info][safepoint] Safepoint "ParallelGCFailedAllocation", Time since last: 103735000 ns, Reaching safepoint: 142700 ns, At safepoint: 843500 ns, Total: 986200 ns
[226.457s][info][gc       ] GC(3373) Pause Young (Allocation Failure) 940M->19M(1035M) 0.657ms
[226.457s][info][safepoint] Safepoint "ParallelGCFailedAllocation", Time since last: 97348600 ns, Reaching safepoint: 214800 ns, At safepoint: 734200 ns, Total: 949000 ns
[226.552s][info][gc       ] GC(3374) Pause Young (Allocation Failure) 907M->19M(996M) 0.666ms
[226.553s][info][safepoint] Safepoint "ParallelGCFailedAllocation", Time since last: 94511100 ns, Reaching safepoint: 152000 ns, At safepoint: 842900 ns, Total: 994900 ns
[226.644s][info][gc       ] GC(3375) Pause Young (Allocation Failure) 864M->19M(960M) 0.640ms
[226.644s][info][safepoint] Safepoint "ParallelGCFailedAllocation", Time since last: 90522400 ns, Reaching safepoint: 36800 ns, At safepoint: 726800 ns, Total: 763600 ns
[226.733s][info][gc       ] GC(3376) Pause Young (Allocation Failure) 832M->19M(925M) 0.757ms
[226.733s][info][safepoint] Safepoint "ParallelGCFailedAllocation", Time since last: 88064600 ns, Reaching safepoint: 206300 ns, At safepoint: 836500 ns, Total: 1042800 ns
[226.818s][info][gc       ] GC(3377) Pause Young (Allocation Failure) 796M->19M(887M) 1.068ms
[226.818s][info][safepoint] Safepoint "ParallelGCFailedAllocation", Time since last: 83770200 ns, Reaching safepoint: 125700 ns, At safepoint: 1173200 ns, Total: 1298900 ns
[226.898s][info][gc       ] GC(3378) Pause Young (Allocation Failure) 763M->24M(863M) 0.636ms
[226.898s][info][safepoint] Safepoint "ParallelGCFailedAllocation", Time since last: 79431200 ns, Reaching safepoint: 131700 ns, At safepoint: 719400 ns, Total: 851100 ns
[226.978s][info][gc       ] GC(3379) Pause Young (Allocation Failure) 736M->24M(830M) 0.901ms
[226.978s][info][safepoint] Safepoint "ParallelGCFailedAllocation", Time since last: 78891900 ns, Reaching safepoint: 171200 ns, At safepoint: 983000 ns, Total: 1154200 ns
[227.053s][info][gc       ] GC(3380) Pause Young (Allocation Failure) 703M->24M(802M) 0.767ms
[227.053s][info][safepoint] Safepoint "ParallelGCFailedAllocation", Time since last: 73300800 ns, Reaching safepoint: 138300 ns, At safepoint: 852200 ns, Total: 990500 ns
[227.122s][info][gc       ] GC(3381) Pause Young (Allocation Failure) 679M->24M(775M) 0.503ms
[227.122s][info][safepoint] Safepoint "ParallelGCFailedAllocation", Time since last: 68966000 ns, Reaching safepoint: 203800 ns, At safepoint: 585900 ns, Total: 789700 ns
[227.191s][info][gc       ] GC(3382) Pause Young (Allocation Failure) 652M->24M(749M) 1.059ms
[227.191s][info][safepoint] Safepoint "ParallelGCFailedAllocation", Time since last: 67466400 ns, Reaching safepoint: 188900 ns, At safepoint: 1145600 ns, Total: 1334500 ns
[227.256s][info][gc       ] GC(3383) Pause Young (Allocation Failure) 625M->24M(724M) 0.668ms
[227.256s][info][safepoint] Safepoint "ParallelGCFailedAllocation", Time since last: 64205900 ns, Reaching safepoint: 208400 ns, At safepoint: 790500 ns, Total: 998900 ns
[227.321s][info][gc       ] GC(3384) Pause Young (Allocation Failure) 597M->24M(701M) 0.788ms
[227.321s][info][safepoint] Safepoint "ParallelGCFailedAllocation", Time since last: 63303000 ns, Reaching safepoint: 208800 ns, At safepoint: 869500 ns, Total: 1078300 ns
[227.381s][info][gc       ] GC(3385) Pause Young (Allocation Failure) 578M->22M(676M) 0.699ms
[227.381s][info][safepoint] Safepoint "ParallelGCFailedAllocation", Time since last: 59002100 ns, Reaching safepoint: 146600 ns, At safepoint: 783400 ns, Total: 930000 ns
[227.438s][info][gc       ] GC(3386) Pause Young (Allocation Failure) 551M->24M(657M) 0.740ms
[227.438s][info][safepoint] Safepoint "ParallelGCFailedAllocation", Time since last: 56350100 ns, Reaching safepoint: 128800 ns, At safepoint: 837500 ns, Total: 966300 ns
[227.495s][info][gc       ] GC(3387) Pause Young (Allocation Failure) 535M->24M(759M) 0.951ms
[227.495s][info][safepoint] Safepoint "ParallelGCFailedAllocation", Time since last: 55938500 ns, Reaching safepoint: 184800 ns, At safepoint: 1128000 ns, Total: 1312800 ns
[227.562s][info][gc       ] GC(3388) Pause Young (Allocation Failure) 636M->24M(881M) 1.000ms
[227.562s][info][safepoint] Safepoint "ParallelGCFailedAllocation", Time since last: 65093300 ns, Reaching safepoint: 196200 ns, At safepoint: 1091700 ns, Total: 1287900 ns
[227.641s][info][gc       ] GC(3389) Pause Young (Allocation Failure) 759M->24M(1028M) 0.590ms
[227.641s][info][safepoint] Safepoint "ParallelGCFailedAllocation", Time since last: 78374800 ns, Reaching safepoint: 217400 ns, At safepoint: 668900 ns, Total: 886300 ns
[227.735s][info][gc       ] GC(3390) Pause Young (Allocation Failure) 904M->24M(989M) 0.761ms
[227.735s][info][safepoint] Safepoint "ParallelGCFailedAllocation", Time since last: 93479700 ns, Reaching safepoint: 193800 ns, At safepoint: 859700 ns, Total: 1053500 ns
[227.827s][info][gc       ] GC(3391) Pause Young (Allocation Failure) 866M->24M(948M) 1.038ms
[227.827s][info][safepoint] Safepoint "ParallelGCFailedAllocation", Time since last: 90516200 ns, Reaching safepoint: 121900 ns, At safepoint: 1131600 ns, Total: 1253500 ns
[227.913s][info][gc       ] GC(3392) Pause Young (Allocation Failure) 830M->27M(921M) 0.384ms
[227.913s][info][safepoint] Safepoint "ParallelGCFailedAllocation", Time since last: 85266300 ns, Reaching safepoint: 175400 ns, At safepoint: 477200 ns, Total: 652600 ns
[227.999s][info][gc       ] GC(3393) Pause Young (Allocation Failure) 797M->30M(885M) 0.837ms
[227.999s][info][safepoint] Safepoint "ParallelGCFailedAllocation", Time since last: 84458400 ns, Reaching safepoint: 196500 ns, At safepoint: 915600 ns, Total: 1112100 ns
[228.080s][info][gc       ] GC(3394) Pause Young (Allocation Failure) 765M->30M(854M) 0.680ms
[228.080s][info][safepoint] Safepoint "ParallelGCFailedAllocation", Time since last: 80706800 ns, Reaching safepoint: 182500 ns, At safepoint: 762700 ns, Total: 945200 ns
[228.156s][info][gc       ] GC(3395) Pause Young (Allocation Failure) 735M->27M(822M) 0.569ms
[228.156s][info][safepoint] Safepoint "ParallelGCFailedAllocation", Time since last: 74687600 ns, Reaching safepoint: 132500 ns, At safepoint: 669200 ns, Total: 801700 ns
[228.228s][info][gc       ] GC(3396) Pause Young (Allocation Failure) 705M->30M(796M) 0.927ms
[228.228s][info][safepoint] Safepoint "ParallelGCFailedAllocation", Time since last: 71238300 ns, Reaching safepoint: 122400 ns, At safepoint: 992600 ns, Total: 1115000 ns
[228.299s][info][gc       ] GC(3397) Pause Young (Allocation Failure) 678M->27M(766M) 0.784ms
[228.299s][info][safepoint] Safepoint "ParallelGCFailedAllocation", Time since last: 70209600 ns, Reaching safepoint: 212800 ns, At safepoint: 881300 ns, Total: 1094100 ns
[228.369s][info][gc       ] GC(3398) Pause Young (Allocation Failure) 648M->30M(743M) 0.832ms
[228.369s][info][safepoint] Safepoint "ParallelGCFailedAllocation", Time since last: 68054800 ns, Reaching safepoint: 168800 ns, At safepoint: 917300 ns, Total: 1086100 ns
[228.433s][info][gc       ] GC(3399) Pause Young (Allocation Failure) 626M->30M(719M) 0.579ms
[228.433s][info][safepoint] Safepoint "ParallelGCFailedAllocation", Time since last: 63158700 ns, Reaching safepoint: 180500 ns, At safepoint: 668900 ns, Total: 849400 ns
[228.495s][info][gc       ] GC(3400) Pause Young (Allocation Failure) 599M->30M(696M) 0.758ms
[228.495s][info][safepoint] Safepoint "ParallelGCFailedAllocation", Time since last: 61008500 ns, Reaching safepoint: 179300 ns, At safepoint: 853500 ns, Total: 1032800 ns
[228.554s][info][gc       ] GC(3401) Pause Young (Allocation Failure) 577M->30M(674M) 0.600ms
[228.554s][info][safepoint] Safepoint "ParallelGCFailedAllocation", Time since last: 58754300 ns, Reaching safepoint: 128400 ns, At safepoint: 681400 ns, Total: 809800 ns
[228.612s][info][gc       ] GC(3402) Pause Young (Allocation Failure) 555M->27M(650M) 0.759ms
[228.612s][info][safepoint] Safepoint "ParallelGCFailedAllocation", Time since last: 56959800 ns, Reaching safepoint: 193100 ns, At safepoint: 866700 ns, Total: 1059800 ns
[228.667s][info][gc       ] GC(3403) Pause Young (Allocation Failure) 531M->30M(754M) 0.941ms
[228.667s][info][safepoint] Safepoint "ParallelGCFailedAllocation", Time since last: 53541000 ns, Reaching safepoint: 216800 ns, At safepoint: 1031200 ns, Total: 1248000 ns
[228.732s][info][gc       ] GC(3404) Pause Young (Allocation Failure) 634M->27M(726M) 0.618ms
[228.732s][info][safepoint] Safepoint "ParallelGCFailedAllocation", Time since last: 63829100 ns, Reaching safepoint: 120700 ns, At safepoint: 757500 ns, Total: 878200 ns
[228.795s][info][gc       ] GC(3405) Pause Young (Allocation Failure) 607M->27M(703M) 0.725ms
[228.795s][info][safepoint] Safepoint "ParallelGCFailedAllocation", Time since last: 61947200 ns, Reaching safepoint: 171700 ns, At safepoint: 799800 ns, Total: 971500 ns
[228.855s][info][gc       ] GC(3406) Pause Young (Allocation Failure) 585M->27M(680M) 0.788ms
[228.855s][info][safepoint] Safepoint "ParallelGCFailedAllocation", Time since last: 59589000 ns, Reaching safepoint: 209600 ns, At safepoint: 936200 ns, Total: 1145800 ns
[228.913s][info][gc       ] GC(3407) Pause Young (Allocation Failure) 558M->30M(661M) 0.689ms
[228.913s][info][safepoint] Safepoint "ParallelGCFailedAllocation", Time since last: 56286300 ns, Reaching safepoint: 192300 ns, At safepoint: 767500 ns, Total: 959800 ns
[228.970s][info][gc       ] GC(3408) Pause Young (Allocation Failure) 542M->30M(764M) 1.006ms
[228.970s][info][safepoint] Safepoint "ParallelGCFailedAllocation", Time since last: 56281700 ns, Reaching safepoint: 213500 ns, At safepoint: 1095800 ns, Total: 1309300 ns
[229.039s][info][gc       ] GC(3409) Pause Young (Allocation Failure) 646M->27M(736M) 0.736ms
[229.039s][info][safepoint] Safepoint "ParallelGCFailedAllocation", Time since last: 67494900 ns, Reaching safepoint: 173400 ns, At safepoint: 825500 ns, Total: 998900 ns
[229.104s][info][gc       ] GC(3410) Pause Young (Allocation Failure) 616M->30M(714M) 0.835ms
[229.104s][info][safepoint] Safepoint "ParallelGCFailedAllocation", Time since last: 64011200 ns, Reaching safepoint: 189300 ns, At safepoint: 923000 ns, Total: 1112300 ns
[229.169s][info][gc       ] GC(3411) Pause Young (Allocation Failure) 594M->30M(691M) 0.558ms
[229.169s][info][safepoint] Safepoint "ParallelGCFailedAllocation", Time since last: 63868500 ns, Reaching safepoint: 177400 ns, At safepoint: 637400 ns, Total: 814800 ns
[229.228s][info][gc       ] GC(3412) Pause Young (Allocation Failure) 574M->30M(669M) 0.763ms
[229.228s][info][safepoint] Safepoint "ParallelGCFailedAllocation", Time since last: 58654400 ns, Reaching safepoint: 175000 ns, At safepoint: 854100 ns, Total: 1029100 ns
[229.284s][info][gc       ] GC(3413) Pause Young (Allocation Failure) 548M->30M(648M) 0.565ms
[229.284s][info][safepoint] Safepoint "ParallelGCFailedAllocation", Time since last: 55045700 ns, Reaching safepoint: 139300 ns, At safepoint: 649800 ns, Total: 789100 ns
[229.338s][info][gc       ] GC(3414) Pause Young (Allocation Failure) 531M->30M(748M) 0.979ms
[229.339s][info][safepoint] Safepoint "ParallelGCFailedAllocation", Time since last: 53201800 ns, Reaching safepoint: 192500 ns, At safepoint: 1068800 ns, Total: 1261300 ns
[229.403s][info][gc       ] GC(3415) Pause Young (Allocation Failure) 627M->30M(724M) 0.539ms
[229.404s][info][safepoint] Safepoint "ParallelGCFailedAllocation", Time since last: 64139800 ns, Reaching safepoint: 206300 ns, At safepoint: 618900 ns, Total: 825200 ns
[229.466s][info][gc       ] GC(3416) Pause Young (Allocation Failure) 605M->30M(839M) 0.944ms
[229.467s][info][safepoint] Safepoint "ParallelGCFailedAllocation", Time since last: 61819700 ns, Reaching safepoint: 168300 ns, At safepoint: 1033300 ns, Total: 1201600 ns
[229.542s][info][gc       ] GC(3417) Pause Young (Allocation Failure) 720M->27M(807M) 0.570ms
[229.542s][info][safepoint] Safepoint "ParallelGCFailedAllocation", Time since last: 74713000 ns, Reaching safepoint: 129300 ns, At safepoint: 645400 ns, Total: 774700 ns
[229.616s][info][gc       ] GC(3418) Pause Young (Allocation Failure) 688M->30M(782M) 0.747ms
[229.616s][info][safepoint] Safepoint "ParallelGCFailedAllocation", Time since last: 72913000 ns, Reaching safepoint: 177700 ns, At safepoint: 824400 ns, Total: 1002100 ns
[229.685s][info][gc       ] GC(3419) Pause Young (Allocation Failure) 663M->27M(754M) 0.740ms
[229.685s][info][safepoint] Safepoint "ParallelGCFailedAllocation", Time since last: 67857900 ns, Reaching safepoint: 201200 ns, At safepoint: 830300 ns, Total: 1031500 ns
[229.752s][info][gc       ] GC(3420) Pause Young (Allocation Failure) 633M->30M(731M) 0.589ms
[229.752s][info][safepoint] Safepoint "ParallelGCFailedAllocation", Time since last: 65955000 ns, Reaching safepoint: 130800 ns, At safepoint: 716100 ns, Total: 846900 ns
[229.817s][info][gc       ] GC(3421) Pause Young (Allocation Failure) 611M->30M(707M) 0.633ms
[229.817s][info][safepoint] Safepoint "ParallelGCFailedAllocation", Time since last: 64143400 ns, Reaching safepoint: 201600 ns, At safepoint: 736000 ns, Total: 937600 ns
[229.877s][info][gc       ] GC(3422) Pause Young (Allocation Failure) 589M->30M(685M) 0.711ms
[229.877s][info][safepoint] Safepoint "ParallelGCFailedAllocation", Time since last: 59704400 ns, Reaching safepoint: 210300 ns, At safepoint: 795600 ns, Total: 1005900 ns
[229.936s][info][gc       ] GC(3423) Pause Young (Allocation Failure) 567M->27M(661M) 0.629ms
[229.936s][info][safepoint] Safepoint "ParallelGCFailedAllocation", Time since last: 57301900 ns, Reaching safepoint: 218200 ns, At safepoint: 730300 ns, Total: 948500 ns
[229.994s][info][gc       ] GC(3424) Pause Young (Allocation Failure) 543M->30M(643M) 0.831ms
[229.994s][info][safepoint] Safepoint "ParallelGCFailedAllocation", Time since last: 57474300 ns, Reaching safepoint: 197800 ns, At safepoint: 911600 ns, Total: 1109400 ns
[230.049s][info][gc       ] GC(3425) Pause Young (Allocation Failure) 521M->30M(623M) 0.615ms
[230.049s][info][safepoint] Safepoint "ParallelGCFailedAllocation", Time since last: 53853100 ns, Reaching safepoint: 150900 ns, At safepoint: 688700 ns, Total: 839600 ns
[230.102s][info][gc       ] GC(3426) Pause Young (Allocation Failure) 505M->30M(605M) 0.805ms
[230.102s][info][safepoint] Safepoint "ParallelGCFailedAllocation", Time since last: 52374000 ns, Reaching safepoint: 192300 ns, At safepoint: 890400 ns, Total: 1082700 ns
[230.152s][info][gc       ] GC(3427) Pause Young (Allocation Failure) 483M->30M(587M) 0.589ms
[230.152s][info][safepoint] Safepoint "ParallelGCFailedAllocation", Time since last: 48354300 ns, Reaching safepoint: 170800 ns, At safepoint: 672400 ns, Total: 843200 ns
[230.199s][info][gc       ] GC(3428) Pause Young (Allocation Failure) 469M->27M(673M) 0.755ms
[230.199s][info][safepoint] Safepoint "ParallelGCFailedAllocation", Time since last: 46723500 ns, Reaching safepoint: 174900 ns, At safepoint: 841200 ns, Total: 1016100 ns
[230.257s][info][gc       ] GC(3429) Pause Young (Allocation Failure) 554M->30M(781M) 1.007ms
[230.257s][info][safepoint] Safepoint "ParallelGCFailedAllocation", Time since last: 56761900 ns, Reaching safepoint: 127800 ns, At safepoint: 1088300 ns, Total: 1216100 ns
[230.327s][info][gc       ] GC(3430) Pause Young (Allocation Failure) 661M->30M(908M) 0.683ms
[230.328s][info][safepoint] Safepoint "ParallelGCFailedAllocation", Time since last: 69331100 ns, Reaching safepoint: 120900 ns, At safepoint: 757600 ns, Total: 878500 ns
[230.410s][info][gc       ] GC(3431) Pause Young (Allocation Failure) 790M->30M(1060M) 0.898ms
[230.410s][info][safepoint] Safepoint "ParallelGCFailedAllocation", Time since last: 81354600 ns, Reaching safepoint: 249600 ns, At safepoint: 975400 ns, Total: 1225000 ns
[230.510s][info][gc       ] GC(3432) Pause Young (Allocation Failure) 942M->30M(1020M) 0.677ms
[230.510s][info][safepoint] Safepoint "ParallelGCFailedAllocation", Time since last: 99200100 ns, Reaching safepoint: 151400 ns, At safepoint: 810900 ns, Total: 962300 ns
[230.605s][info][gc       ] GC(3433) Pause Young (Allocation Failure) 901M->27M(979M) 0.650ms
[230.606s][info][safepoint] Safepoint "ParallelGCFailedAllocation", Time since last: 94364700 ns, Reaching safepoint: 192200 ns, At safepoint: 730700 ns, Total: 922900 ns
[230.698s][info][gc       ] GC(3434) Pause Young (Allocation Failure) 860M->30M(946M) 0.685ms
[230.698s][info][safepoint] Safepoint "ParallelGCFailedAllocation", Time since last: 91399600 ns, Reaching safepoint: 156800 ns, At safepoint: 785200 ns, Total: 942000 ns
[230.783s][info][gc       ] GC(3435) Pause Young (Allocation Failure) 827M->27M(909M) 0.743ms
[230.783s][info][safepoint] Safepoint "ParallelGCFailedAllocation", Time since last: 84363300 ns, Reaching safepoint: 222800 ns, At safepoint: 825800 ns, Total: 1048600 ns
[230.866s][info][gc       ] GC(3436) Pause Young (Allocation Failure) 791M->30M(879M) 0.963ms
[230.866s][info][safepoint] Safepoint "ParallelGCFailedAllocation", Time since last: 81136400 ns, Reaching safepoint: 137200 ns, At safepoint: 1101300 ns, Total: 1238500 ns
[230.944s][info][gc       ] GC(3437) Pause Young (Allocation Failure) 758M->30M(848M) 0.622ms
[230.944s][info][safepoint] Safepoint "ParallelGCFailedAllocation", Time since last: 77048600 ns, Reaching safepoint: 178800 ns, At safepoint: 709100 ns, Total: 887900 ns
[231.022s][info][gc       ] GC(3438) Pause Young (Allocation Failure) 731M->30M(819M) 0.871ms
[231.022s][info][safepoint] Safepoint "ParallelGCFailedAllocation", Time since last: 77543800 ns, Reaching safepoint: 202600 ns, At safepoint: 975600 ns, Total: 1178200 ns
[231.095s][info][gc       ] GC(3439) Pause Young (Allocation Failure) 701M->30M(791M) 0.564ms
[231.095s][info][safepoint] Safepoint "ParallelGCFailedAllocation", Time since last: 71822600 ns, Reaching safepoint: 133900 ns, At safepoint: 641600 ns, Total: 775500 ns
[231.166s][info][gc       ] GC(3440) Pause Young (Allocation Failure) 673M->30M(764M) 0.988ms
[231.166s][info][safepoint] Safepoint "ParallelGCFailedAllocation", Time since last: 69516800 ns, Reaching safepoint: 175200 ns, At safepoint: 1077800 ns, Total: 1253000 ns
[231.233s][info][gc       ] GC(3441) Pause Young (Allocation Failure) 646M->30M(739M) 0.813ms
[231.233s][info][safepoint] Safepoint "ParallelGCFailedAllocation", Time since last: 65818300 ns, Reaching safepoint: 188000 ns, At safepoint: 900600 ns, Total: 1088600 ns
[231.296s][info][gc       ] GC(3442) Pause Young (Allocation Failure) 619M->30M(715M) 0.780ms
[231.296s][info][safepoint] Safepoint "ParallelGCFailedAllocation", Time since last: 62546800 ns, Reaching safepoint: 136100 ns, At safepoint: 869900 ns, Total: 1006000 ns
[231.360s][info][gc       ] GC(3443) Pause Young (Allocation Failure) 597M->30M(823M) 1.148ms
[231.360s][info][safepoint] Safepoint "ParallelGCFailedAllocation", Time since last: 61989200 ns, Reaching safepoint: 254200 ns, At safepoint: 1316100 ns, Total: 1570300 ns
[231.432s][info][gc       ] GC(3444) Pause Young (Allocation Failure) 711M->35M(803M) 0.530ms
[231.432s][info][safepoint] Safepoint "ParallelGCFailedAllocation", Time since last: 71272800 ns, Reaching safepoint: 156900 ns, At safepoint: 609000 ns, Total: 765900 ns
[231.502s][info][gc       ] GC(3445) Pause Young (Allocation Failure) 685M->35M(773M) 0.684ms
[231.502s][info][safepoint] Safepoint "ParallelGCFailedAllocation", Time since last: 69207800 ns, Reaching safepoint: 188700 ns, At safepoint: 780400 ns, Total: 969100 ns
[231.571s][info][gc       ] GC(3446) Pause Young (Allocation Failure) 660M->32M(744M) 0.803ms
[231.571s][info][safepoint] Safepoint "ParallelGCFailedAllocation", Time since last: 68245800 ns, Reaching safepoint: 140500 ns, At safepoint: 901400 ns, Total: 1041900 ns
[231.636s][info][gc       ] GC(3447) Pause Young (Allocation Failure) 630M->35M(722M) 0.728ms
[231.636s][info][safepoint] Safepoint "ParallelGCFailedAllocation", Time since last: 63416700 ns, Reaching safepoint: 173500 ns, At safepoint: 842500 ns, Total: 1016000 ns
[231.700s][info][gc       ] GC(3448) Pause Young (Allocation Failure) 608M->35M(699M) 0.720ms
[231.700s][info][safepoint] Safepoint "ParallelGCFailedAllocation", Time since last: 63177200 ns, Reaching safepoint: 128200 ns, At safepoint: 803400 ns, Total: 931600 ns
[231.761s][info][gc       ] GC(3449) Pause Young (Allocation Failure) 586M->35M(677M) 0.610ms
[231.761s][info][safepoint] Safepoint "ParallelGCFailedAllocation", Time since last: 59986300 ns, Reaching safepoint: 180000 ns, At safepoint: 693200 ns, Total: 873200 ns
[231.818s][info][gc       ] GC(3450) Pause Young (Allocation Failure) 564M->32M(653M) 0.862ms
[231.818s][info][safepoint] Safepoint "ParallelGCFailedAllocation", Time since last: 56143000 ns, Reaching safepoint: 133800 ns, At safepoint: 955800 ns, Total: 1089600 ns
[231.873s][info][gc       ] GC(3451) Pause Young (Allocation Failure) 539M->35M(757M) 0.955ms
[231.873s][info][safepoint] Safepoint "ParallelGCFailedAllocation", Time since last: 54095000 ns, Reaching safepoint: 191000 ns, At safepoint: 1058900 ns, Total: 1249900 ns
[231.940s][info][gc       ] GC(3452) Pause Young (Allocation Failure) 644M->32M(730M) 0.698ms
[231.940s][info][safepoint] Safepoint "ParallelGCFailedAllocation", Time since last: 65601000 ns, Reaching safepoint: 155900 ns, At safepoint: 790900 ns, Total: 946800 ns
[232.004s][info][gc       ] GC(3453) Pause Young (Allocation Failure) 617M->32M(706M) 0.789ms
[232.004s][info][safepoint] Safepoint "ParallelGCFailedAllocation", Time since last: 63173500 ns, Reaching safepoint: 126300 ns, At safepoint: 939600 ns, Total: 1065900 ns
[232.067s][info][gc       ] GC(3454) Pause Young (Allocation Failure) 592M->35M(820M) 0.985ms
[232.067s][info][safepoint] Safepoint "ParallelGCFailedAllocation", Time since last: 61894400 ns, Reaching safepoint: 165400 ns, At safepoint: 1061000 ns, Total: 1226400 ns
[232.140s][info][gc       ] GC(3455) Pause Young (Allocation Failure) 708M->35M(955M) 0.956ms
[232.140s][info][safepoint] Safepoint "ParallelGCFailedAllocation", Time since last: 71962900 ns, Reaching safepoint: 140500 ns, At safepoint: 1081200 ns, Total: 1221700 ns
[232.227s][info][gc       ] GC(3456) Pause Young (Allocation Failure) 843M->35M(920M) 0.830ms
[232.227s][info][safepoint] Safepoint "ParallelGCFailedAllocation", Time since last: 85952200 ns, Reaching safepoint: 213300 ns, At safepoint: 904300 ns, Total: 1117600 ns
[232.310s][info][gc       ] GC(3457) Pause Young (Allocation Failure) 804M->35M(887M) 0.608ms
[232.310s][info][safepoint] Safepoint "ParallelGCFailedAllocation", Time since last: 82157900 ns, Reaching safepoint: 198900 ns, At safepoint: 692500 ns, Total: 891400 ns
[232.390s][info][gc       ] GC(3458) Pause Young (Allocation Failure) 771M->35M(856M) 0.698ms
[232.390s][info][safepoint] Safepoint "ParallelGCFailedAllocation", Time since last: 78781500 ns, Reaching safepoint: 146200 ns, At safepoint: 784500 ns, Total: 930700 ns
[232.467s][info][gc       ] GC(3459) Pause Young (Allocation Failure) 744M->35M(826M) 0.815ms
[232.467s][info][safepoint] Safepoint "ParallelGCFailedAllocation", Time since last: 76118700 ns, Reaching safepoint: 132500 ns, At safepoint: 873500 ns, Total: 1006000 ns
[232.545s][info][gc       ] GC(3460) Pause Young (Allocation Failure) 714M->35M(797M) 0.748ms
[232.545s][info][safepoint] Safepoint "ParallelGCFailedAllocation", Time since last: 76942100 ns, Reaching safepoint: 209500 ns, At safepoint: 840500 ns, Total: 1050000 ns
[232.617s][info][gc       ] GC(3461) Pause Young (Allocation Failure) 683M->32M(768M) 0.668ms
[232.617s][info][safepoint] Safepoint "ParallelGCFailedAllocation", Time since last: 70681400 ns, Reaching safepoint: 211300 ns, At safepoint: 756300 ns, Total: 967600 ns
[232.687s][info][gc       ] GC(3462) Pause Young (Allocation Failure) 653M->35M(745M) 0.681ms
[232.687s][info][safepoint] Safepoint "ParallelGCFailedAllocation", Time since last: 69383700 ns, Reaching safepoint: 213400 ns, At safepoint: 774600 ns, Total: 988000 ns
[232.752s][info][gc       ] GC(3463) Pause Young (Allocation Failure) 631M->35M(720M) 0.711ms
[232.752s][info][safepoint] Safepoint "ParallelGCFailedAllocation", Time since last: 63473100 ns, Reaching safepoint: 150500 ns, At safepoint: 865200 ns, Total: 1015700 ns
[232.812s][info][gc       ] GC(3464) Pause Young (Allocation Failure) 606M->32M(695M) 0.781ms
[232.812s][info][safepoint] Safepoint "ParallelGCFailedAllocation", Time since last: 59051300 ns, Reaching safepoint: 170900 ns, At safepoint: 867500 ns, Total: 1038400 ns
[232.869s][info][gc       ] GC(3465) Pause Young (Allocation Failure) 583M->35M(675M) 0.718ms
[232.869s][info][safepoint] Safepoint "ParallelGCFailedAllocation", Time since last: 56554000 ns, Reaching safepoint: 197800 ns, At safepoint: 800600 ns, Total: 998400 ns
[232.927s][info][gc       ] GC(3466) Pause Young (Allocation Failure) 562M->35M(781M) 1.165ms
[232.927s][info][safepoint] Safepoint "ParallelGCFailedAllocation", Time since last: 56086400 ns, Reaching safepoint: 139800 ns, At safepoint: 1263000 ns, Total: 1402800 ns
[232.997s][info][gc       ] GC(3467) Pause Young (Allocation Failure) 667M->32M(752M) 0.588ms
[232.997s][info][safepoint] Safepoint "ParallelGCFailedAllocation", Time since last: 69111400 ns, Reaching safepoint: 192500 ns, At safepoint: 678200 ns, Total: 870700 ns
[233.069s][info][gc       ] GC(3468) Pause Young (Allocation Failure) 640M->32M(727M) 0.665ms
[233.069s][info][safepoint] Safepoint "ParallelGCFailedAllocation", Time since last: 71097600 ns, Reaching safepoint: 205800 ns, At safepoint: 806400 ns, Total: 1012200 ns
[233.136s][info][gc       ] GC(3469) Pause Young (Allocation Failure) 615M->35M(706M) 0.961ms
[233.136s][info][safepoint] Safepoint "ParallelGCFailedAllocation", Time since last: 66103400 ns, Reaching safepoint: 211300 ns, At safepoint: 1054400 ns, Total: 1265700 ns
[233.199s][info][gc       ] GC(3470) Pause Young (Allocation Failure) 593M->35M(684M) 0.753ms
[233.199s][info][safepoint] Safepoint "ParallelGCFailedAllocation", Time since last: 61821900 ns, Reaching safepoint: 198700 ns, At safepoint: 836300 ns, Total: 1035000 ns
[233.257s][info][gc       ] GC(3471) Pause Young (Allocation Failure) 568M->35M(662M) 0.543ms
[233.257s][info][safepoint] Safepoint "ParallelGCFailedAllocation", Time since last: 57059700 ns, Reaching safepoint: 165000 ns, At safepoint: 623600 ns, Total: 788600 ns
[233.312s][info][gc       ] GC(3472) Pause Young (Allocation Failure) 546M->35M(642M) 0.848ms
[233.312s][info][safepoint] Safepoint "ParallelGCFailedAllocation", Time since last: 53781900 ns, Reaching safepoint: 178300 ns, At safepoint: 936500 ns, Total: 1114800 ns
[233.366s][info][gc       ] GC(3473) Pause Young (Allocation Failure) 530M->35M(740M) 0.672ms
[233.366s][info][safepoint] Safepoint "ParallelGCFailedAllocation", Time since last: 53040100 ns, Reaching safepoint: 138800 ns, At safepoint: 783400 ns, Total: 922200 ns
[233.430s][info][gc       ] GC(3474) Pause Young (Allocation Failure) 627M->35M(716M) 0.746ms
[233.430s][info][safepoint] Safepoint "ParallelGCFailedAllocation", Time since last: 63087500 ns, Reaching safepoint: 184600 ns, At safepoint: 814500 ns, Total: 999100 ns
[233.492s][info][gc       ] GC(3475) Pause Young (Allocation Failure) 604M->35M(830M) 0.818ms
[233.492s][info][safepoint] Safepoint "ParallelGCFailedAllocation", Time since last: 60604200 ns, Reaching safepoint: 216400 ns, At safepoint: 902300 ns, Total: 1118700 ns
[233.567s][info][gc       ] GC(3476) Pause Young (Allocation Failure) 717M->35M(801M) 0.752ms
[233.567s][info][safepoint] Safepoint "ParallelGCFailedAllocation", Time since last: 74726900 ns, Reaching safepoint: 136500 ns, At safepoint: 826900 ns, Total: 963400 ns
[233.639s][info][gc       ] GC(3477) Pause Young (Allocation Failure) 688M->35M(774M) 0.789ms
[233.639s][info][safepoint] Safepoint "ParallelGCFailedAllocation", Time since last: 70934500 ns, Reaching safepoint: 139600 ns, At safepoint: 864600 ns, Total: 1004200 ns
[233.709s][info][gc       ] GC(3478) Pause Young (Allocation Failure) 660M->35M(899M) 1.173ms
[233.709s][info][safepoint] Safepoint "ParallelGCFailedAllocation", Time since last: 68047200 ns, Reaching safepoint: 200100 ns, At safepoint: 1291500 ns, Total: 1491600 ns
[233.789s][info][gc       ] GC(3479) Pause Young (Allocation Failure) 787M->32M(865M) 0.643ms
[233.789s][info][safepoint] Safepoint "ParallelGCFailedAllocation", Time since last: 79272100 ns, Reaching safepoint: 205300 ns, At safepoint: 720300 ns, Total: 925600 ns
[233.866s][info][gc       ] GC(3480) Pause Young (Allocation Failure) 752M->35M(837M) 0.708ms
[233.866s][info][safepoint] Safepoint "ParallelGCFailedAllocation", Time since last: 76418900 ns, Reaching safepoint: 140700 ns, At safepoint: 795700 ns, Total: 936400 ns
[233.940s][info][gc       ] GC(3481) Pause Young (Allocation Failure) 725M->35M(808M) 0.717ms
[233.940s][info][safepoint] Safepoint "ParallelGCFailedAllocation", Time since last: 72942400 ns, Reaching safepoint: 205000 ns, At safepoint: 901200 ns, Total: 1106200 ns
[234.014s][info][gc       ] GC(3482) Pause Young (Allocation Failure) 694M->35M(780M) 1.058ms
[234.014s][info][safepoint] Safepoint "ParallelGCFailedAllocation", Time since last: 71934400 ns, Reaching safepoint: 192100 ns, At safepoint: 1136400 ns, Total: 1328500 ns
[234.083s][info][gc       ] GC(3483) Pause Young (Allocation Failure) 666M->35M(749M) 1.000ms
[234.083s][info][safepoint] Safepoint "ParallelGCFailedAllocation", Time since last: 67778500 ns, Reaching safepoint: 158200 ns, At safepoint: 1089000 ns, Total: 1247200 ns
[234.151s][info][gc       ] GC(3484) Pause Young (Allocation Failure) 639M->41M(732M) 0.426ms
[234.151s][info][safepoint] Safepoint "ParallelGCFailedAllocation", Time since last: 67429100 ns, Reaching safepoint: 198300 ns, At safepoint: 540100 ns, Total: 738400 ns
[234.213s][info][gc       ] GC(3485) Pause Young (Allocation Failure) 622M->41M(706M) 0.860ms
[234.214s][info][safepoint] Safepoint "ParallelGCFailedAllocation", Time since last: 61407400 ns, Reaching safepoint: 205100 ns, At safepoint: 951200 ns, Total: 1156300 ns
[234.275s][info][gc       ] GC(3486) Pause Young (Allocation Failure) 597M->38M(681M) 0.731ms
[234.275s][info][safepoint] Safepoint "ParallelGCFailedAllocation", Time since last: 60887100 ns, Reaching safepoint: 153500 ns, At safepoint: 923200 ns, Total: 1076700 ns
[234.333s][info][gc       ] GC(3487) Pause Young (Allocation Failure) 572M->38M(659M) 0.640ms
[234.333s][info][safepoint] Safepoint "ParallelGCFailedAllocation", Time since last: 56966800 ns, Reaching safepoint: 196600 ns, At safepoint: 696400 ns, Total: 893000 ns
[234.390s][info][gc       ] GC(3488) Pause Young (Allocation Failure) 553M->41M(641M) 0.708ms
[234.390s][info][safepoint] Safepoint "ParallelGCFailedAllocation", Time since last: 55437300 ns, Reaching safepoint: 138100 ns, At safepoint: 797400 ns, Total: 935500 ns
[234.443s][info][gc       ] GC(3489) Pause Young (Allocation Failure) 531M->41M(622M) 0.826ms
[234.443s][info][safepoint] Safepoint "ParallelGCFailedAllocation", Time since last: 52123000 ns, Reaching safepoint: 155400 ns, At safepoint: 902600 ns, Total: 1058000 ns
[234.495s][info][gc       ] GC(3490) Pause Young (Allocation Failure) 514M->41M(717M) 1.051ms
[234.495s][info][safepoint] Safepoint "ParallelGCFailedAllocation", Time since last: 51160600 ns, Reaching safepoint: 185000 ns, At safepoint: 1128700 ns, Total: 1313700 ns
[234.558s][info][gc       ] GC(3491) Pause Young (Allocation Failure) 608M->38M(828M) 0.772ms
[234.558s][info][safepoint] Safepoint "ParallelGCFailedAllocation", Time since last: 61581300 ns, Reaching safepoint: 177100 ns, At safepoint: 868200 ns, Total: 1045300 ns
[234.635s][info][gc       ] GC(3492) Pause Young (Allocation Failure) 721M->41M(967M) 0.918ms
[234.635s][info][safepoint] Safepoint "ParallelGCFailedAllocation", Time since last: 75938200 ns, Reaching safepoint: 166700 ns, At safepoint: 1004500 ns, Total: 1171200 ns
[234.725s][info][gc       ] GC(3493) Pause Young (Allocation Failure) 861M->38M(929M) 0.816ms
[234.725s][info][safepoint] Safepoint "ParallelGCFailedAllocation", Time since last: 88456400 ns, Reaching safepoint: 192800 ns, At safepoint: 955300 ns, Total: 1148100 ns
[234.809s][info][gc       ] GC(3494) Pause Young (Allocation Failure) 822M->38M(895M) 0.801ms
[234.809s][info][safepoint] Safepoint "ParallelGCFailedAllocation", Time since last: 83022400 ns, Reaching safepoint: 214600 ns, At safepoint: 989200 ns, Total: 1203800 ns
[234.890s][info][gc       ] GC(3495) Pause Young (Allocation Failure) 789M->38M(863M) 0.793ms
[234.890s][info][safepoint] Safepoint "ParallelGCFailedAllocation", Time since last: 80224200 ns, Reaching safepoint: 185700 ns, At safepoint: 870500 ns, Total: 1056200 ns
[234.970s][info][gc       ] GC(3496) Pause Young (Allocation Failure) 756M->38M(833M) 0.676ms
[234.970s][info][safepoint] Safepoint "ParallelGCFailedAllocation", Time since last: 78515000 ns, Reaching safepoint: 210600 ns, At safepoint: 754000 ns, Total: 964600 ns
[235.046s][info][gc       ] GC(3497) Pause Young (Allocation Failure) 726M->38M(804M) 0.731ms
[235.046s][info][safepoint] Safepoint "ParallelGCFailedAllocation", Time since last: 75069300 ns, Reaching safepoint: 197600 ns, At safepoint: 888000 ns, Total: 1085600 ns
[235.118s][info][gc       ] GC(3498) Pause Young (Allocation Failure) 695M->41M(779M) 0.695ms
[235.118s][info][safepoint] Safepoint "ParallelGCFailedAllocation", Time since last: 71039200 ns, Reaching safepoint: 205700 ns, At safepoint: 800300 ns, Total: 1006000 ns
[235.187s][info][gc       ] GC(3499) Pause Young (Allocation Failure) 670M->38M(750M) 0.805ms
[235.187s][info][safepoint] Safepoint "ParallelGCFailedAllocation", Time since last: 67945600 ns, Reaching safepoint: 157300 ns, At safepoint: 897100 ns, Total: 1054400 ns
[235.253s][info][gc       ] GC(3500) Pause Young (Allocation Failure) 640M->41M(728M) 0.625ms
[235.253s][info][safepoint] Safepoint "ParallelGCFailedAllocation", Time since last: 65644400 ns, Reaching safepoint: 128000 ns, At safepoint: 737400 ns, Total: 865400 ns
[235.318s][info][gc       ] GC(3501) Pause Young (Allocation Failure) 618M->41M(704M) 0.669ms
[235.318s][info][safepoint] Safepoint "ParallelGCFailedAllocation", Time since last: 63933000 ns, Reaching safepoint: 200500 ns, At safepoint: 762000 ns, Total: 962500 ns
[235.379s][info][gc       ] GC(3502) Pause Young (Allocation Failure) 596M->41M(682M) 0.736ms
[235.379s][info][safepoint] Safepoint "ParallelGCFailedAllocation", Time since last: 59515700 ns, Reaching safepoint: 206400 ns, At safepoint: 843000 ns, Total: 1049400 ns
[235.436s][info][gc       ] GC(3503) Pause Young (Allocation Failure) 573M->38M(658M) 0.711ms
[235.436s][info][safepoint] Safepoint "ParallelGCFailedAllocation", Time since last: 56403100 ns, Reaching safepoint: 171800 ns, At safepoint: 803000 ns, Total: 974800 ns
[235.491s][info][gc       ] GC(3504) Pause Young (Allocation Failure) 551M->38M(637M) 0.574ms
[235.491s][info][safepoint] Safepoint "ParallelGCFailedAllocation", Time since last: 54101200 ns, Reaching safepoint: 137300 ns, At safepoint: 667000 ns, Total: 804300 ns
[235.544s][info][gc       ] GC(3505) Pause Young (Allocation Failure) 529M->38M(618M) 0.670ms
[235.544s][info][safepoint] Safepoint "ParallelGCFailedAllocation", Time since last: 52259700 ns, Reaching safepoint: 190200 ns, At safepoint: 834600 ns, Total: 1024800 ns
[235.595s][info][gc       ] GC(3506) Pause Young (Allocation Failure) 510M->41M(602M) 0.661ms
[235.595s][info][safepoint] Safepoint "ParallelGCFailedAllocation", Time since last: 49563000 ns, Reaching safepoint: 130000 ns, At safepoint: 773600 ns, Total: 903600 ns
[235.645s][info][gc       ] GC(3507) Pause Young (Allocation Failure) 493M->41M(692M) 1.010ms
[235.645s][info][safepoint] Safepoint "ParallelGCFailedAllocation", Time since last: 49295800 ns, Reaching safepoint: 116100 ns, At safepoint: 1087000 ns, Total: 1203100 ns
[235.704s][info][gc       ] GC(3508) Pause Young (Allocation Failure) 582M->41M(670M) 0.748ms
[235.704s][info][safepoint] Safepoint "ParallelGCFailedAllocation", Time since last: 57933800 ns, Reaching safepoint: 109500 ns, At safepoint: 812100 ns, Total: 921600 ns
[235.761s][info][gc       ] GC(3509) Pause Young (Allocation Failure) 563M->38M(647M) 0.636ms
[235.761s][info][safepoint] Safepoint "ParallelGCFailedAllocation", Time since last: 55978500 ns, Reaching safepoint: 192200 ns, At safepoint: 727600 ns, Total: 919800 ns
[235.815s][info][gc       ] GC(3510) Pause Young (Allocation Failure) 538M->41M(749M) 0.905ms
[235.815s][info][safepoint] Safepoint "ParallelGCFailedAllocation", Time since last: 52928000 ns, Reaching safepoint: 132300 ns, At safepoint: 974600 ns, Total: 1106900 ns
[235.880s][info][gc       ] GC(3511) Pause Young (Allocation Failure) 641M->41M(869M) 0.893ms
[235.880s][info][safepoint] Safepoint "ParallelGCFailedAllocation", Time since last: 63729100 ns, Reaching safepoint: 174000 ns, At safepoint: 1020300 ns, Total: 1194300 ns
[235.960s][info][gc       ] GC(3512) Pause Young (Allocation Failure) 763M->38M(836M) 0.753ms
[235.960s][info][safepoint] Safepoint "ParallelGCFailedAllocation", Time since last: 78888400 ns, Reaching safepoint: 200500 ns, At safepoint: 895900 ns, Total: 1096400 ns
[236.035s][info][gc       ] GC(3513) Pause Young (Allocation Failure) 730M->38M(807M) 0.756ms
[236.035s][info][safepoint] Safepoint "ParallelGCFailedAllocation", Time since last: 73700900 ns, Reaching safepoint: 119400 ns, At safepoint: 850400 ns, Total: 969800 ns
[236.106s][info][gc       ] GC(3514) Pause Young (Allocation Failure) 696M->41M(782M) 0.779ms
[236.106s][info][safepoint] Safepoint "ParallelGCFailedAllocation", Time since last: 70252000 ns, Reaching safepoint: 186000 ns, At safepoint: 895700 ns, Total: 1081700 ns
[236.177s][info][gc       ] GC(3515) Pause Young (Allocation Failure) 674M->41M(756M) 0.742ms
[236.177s][info][safepoint] Safepoint "ParallelGCFailedAllocation", Time since last: 69582300 ns, Reaching safepoint: 203100 ns, At safepoint: 875100 ns, Total: 1078200 ns
[236.242s][info][gc       ] GC(3516) Pause Young (Allocation Failure) 649M->38M(729M) 0.847ms
[236.242s][info][safepoint] Safepoint "ParallelGCFailedAllocation", Time since last: 63673000 ns, Reaching safepoint: 226100 ns, At safepoint: 989500 ns, Total: 1215600 ns
[236.306s][info][gc       ] GC(3517) Pause Young (Allocation Failure) 619M->41M(707M) 0.793ms
[236.306s][info][safepoint] Safepoint "ParallelGCFailedAllocation", Time since last: 63417200 ns, Reaching safepoint: 194200 ns, At safepoint: 886400 ns, Total: 1080600 ns
[236.366s][info][gc       ] GC(3518) Pause Young (Allocation Failure) 597M->41M(685M) 0.817ms
[236.366s][info][safepoint] Safepoint "ParallelGCFailedAllocation", Time since last: 58435600 ns, Reaching safepoint: 199900 ns, At safepoint: 921300 ns, Total: 1121200 ns
[236.424s][info][gc       ] GC(3519) Pause Young (Allocation Failure) 577M->41M(663M) 0.654ms
[236.424s][info][safepoint] Safepoint "ParallelGCFailedAllocation", Time since last: 56961600 ns, Reaching safepoint: 187000 ns, At safepoint: 747900 ns, Total: 934900 ns
[236.480s][info][gc       ] GC(3520) Pause Young (Allocation Failure) 555M->41M(643M) 0.876ms
[236.480s][info][safepoint] Safepoint "ParallelGCFailedAllocation", Time since last: 54969500 ns, Reaching safepoint: 214100 ns, At safepoint: 1010600 ns, Total: 1224700 ns
[236.533s][info][gc       ] GC(3521) Pause Young (Allocation Failure) 533M->41M(623M) 0.621ms
[236.533s][info][safepoint] Safepoint "ParallelGCFailedAllocation", Time since last: 52381600 ns, Reaching safepoint: 191600 ns, At safepoint: 705700 ns, Total: 897300 ns
[236.585s][info][gc       ] GC(3522) Pause Young (Allocation Failure) 516M->41M(718M) 1.041ms
[236.585s][info][safepoint] Safepoint "ParallelGCFailedAllocation", Time since last: 50269000 ns, Reaching safepoint: 196200 ns, At safepoint: 1127500 ns, Total: 1323700 ns
[236.648s][info][gc       ] GC(3523) Pause Young (Allocation Failure) 611M->38M(693M) 0.601ms
[236.648s][info][safepoint] Safepoint "ParallelGCFailedAllocation", Time since last: 62586800 ns, Reaching safepoint: 175300 ns, At safepoint: 701200 ns, Total: 876500 ns
[236.708s][info][gc       ] GC(3524) Pause Young (Allocation Failure) 586M->38M(671M) 0.743ms
[236.708s][info][safepoint] Safepoint "ParallelGCFailedAllocation", Time since last: 58921500 ns, Reaching safepoint: 149500 ns, At safepoint: 852500 ns, Total: 1002000 ns
[236.765s][info][gc       ] GC(3525) Pause Young (Allocation Failure) 564M->38M(650M) 0.770ms
[236.765s][info][safepoint] Safepoint "ParallelGCFailedAllocation", Time since last: 56322200 ns, Reaching safepoint: 195300 ns, At safepoint: 875900 ns, Total: 1071200 ns
[236.820s][info][gc       ] GC(3526) Pause Young (Allocation Failure) 542M->38M(630M) 0.662ms
[236.820s][info][safepoint] Safepoint "ParallelGCFailedAllocation", Time since last: 53384600 ns, Reaching safepoint: 141100 ns, At safepoint: 759000 ns, Total: 900100 ns
[236.871s][info][gc       ] GC(3527) Pause Young (Allocation Failure) 522M->41M(729M) 0.834ms
[236.871s][info][safepoint] Safepoint "ParallelGCFailedAllocation", Time since last: 50479600 ns, Reaching safepoint: 193500 ns, At safepoint: 939800 ns, Total: 1133300 ns
[236.935s][info][gc       ] GC(3528) Pause Young (Allocation Failure) 620M->41M(845M) 0.930ms
[236.935s][info][safepoint] Safepoint "ParallelGCFailedAllocation", Time since last: 62195500 ns, Reaching safepoint: 120900 ns, At safepoint: 1037500 ns, Total: 1158400 ns
[237.012s][info][gc       ] GC(3529) Pause Young (Allocation Failure) 737M->38M(813M) 0.593ms
[237.012s][info][safepoint] Safepoint "ParallelGCFailedAllocation", Time since last: 76348100 ns, Reaching safepoint: 120200 ns, At safepoint: 727000 ns, Total: 847200 ns
[237.084s][info][gc       ] GC(3530) Pause Young (Allocation Failure) 706M->38M(785M) 0.655ms
[237.084s][info][safepoint] Safepoint "ParallelGCFailedAllocation", Time since last: 70748300 ns, Reaching safepoint: 226300 ns, At safepoint: 748400 ns, Total: 974700 ns
[237.153s][info][gc       ] GC(3531) Pause Young (Allocation Failure) 676M->41M(761M) 0.714ms
[237.153s][info][safepoint] Safepoint "ParallelGCFailedAllocation", Time since last: 68171200 ns, Reaching safepoint: 151100 ns, At safepoint: 838800 ns, Total: 989900 ns
[237.219s][info][gc       ] GC(3532) Pause Young (Allocation Failure) 653M->41M(736M) 0.865ms
[237.219s][info][safepoint] Safepoint "ParallelGCFailedAllocation", Time since last: 64725000 ns, Reaching safepoint: 143000 ns, At safepoint: 1017600 ns, Total: 1160600 ns
[237.283s][info][gc       ] GC(3533) Pause Young (Allocation Failure) 628M->38M(710M) 0.653ms
[237.283s][info][safepoint] Safepoint "ParallelGCFailedAllocation", Time since last: 63130000 ns, Reaching safepoint: 123600 ns, At safepoint: 781000 ns, Total: 904600 ns
[237.345s][info][gc       ] GC(3534) Pause Young (Allocation Failure) 598M->41M(689M) 0.672ms
[237.345s][info][safepoint] Safepoint "ParallelGCFailedAllocation", Time since last: 61213100 ns, Reaching safepoint: 198100 ns, At safepoint: 754400 ns, Total: 952500 ns
[237.404s][info][gc       ] GC(3535) Pause Young (Allocation Failure) 578M->41M(668M) 0.739ms
[237.404s][info][safepoint] Safepoint "ParallelGCFailedAllocation", Time since last: 58545700 ns, Reaching safepoint: 205300 ns, At safepoint: 833800 ns, Total: 1039100 ns
[237.461s][info][gc       ] GC(3536) Pause Young (Allocation Failure) 556M->41M(647M) 0.906ms
[237.461s][info][safepoint] Safepoint "ParallelGCFailedAllocation", Time since last: 55356200 ns, Reaching safepoint: 128800 ns, At safepoint: 1026600 ns, Total: 1155400 ns
[237.514s][info][gc       ] GC(3537) Pause Young (Allocation Failure) 539M->41M(628M) 0.741ms
[237.514s][info][safepoint] Safepoint "ParallelGCFailedAllocation", Time since last: 51642000 ns, Reaching safepoint: 140900 ns, At safepoint: 859400 ns, Total: 1000300 ns
[237.565s][info][gc       ] GC(3538) Pause Young (Allocation Failure) 517M->41M(724M) 0.819ms
[237.565s][info][safepoint] Safepoint "ParallelGCFailedAllocation", Time since last: 50661300 ns, Reaching safepoint: 180900 ns, At safepoint: 912100 ns, Total: 1093000 ns
[237.629s][info][gc       ] GC(3539) Pause Young (Allocation Failure) 618M->38M(698M) 0.771ms
[237.629s][info][safepoint] Safepoint "ParallelGCFailedAllocation", Time since last: 62435100 ns, Reaching safepoint: 194600 ns, At safepoint: 902700 ns, Total: 1097300 ns
[237.687s][info][gc       ] GC(3540) Pause Young (Allocation Failure) 591M->41M(678M) 0.716ms
[237.687s][info][safepoint] Safepoint "ParallelGCFailedAllocation", Time since last: 57482800 ns, Reaching safepoint: 154300 ns, At safepoint: 820800 ns, Total: 975100 ns
[237.744s][info][gc       ] GC(3541) Pause Young (Allocation Failure) 568M->41M(657M) 0.756ms
[237.744s][info][safepoint] Safepoint "ParallelGCFailedAllocation", Time since last: 55297500 ns, Reaching safepoint: 130900 ns, At safepoint: 851700 ns, Total: 982600 ns
[237.797s][info][gc       ] GC(3542) Pause Young (Allocation Failure) 545M->41M(637M) 0.801ms
[237.798s][info][safepoint] Safepoint "ParallelGCFailedAllocation", Time since last: 52927400 ns, Reaching safepoint: 115900 ns, At safepoint: 910500 ns, Total: 1026400 ns
[237.850s][info][gc       ] GC(3543) Pause Young (Allocation Failure) 529M->41M(734M) 0.897ms
[237.850s][info][safepoint] Safepoint "ParallelGCFailedAllocation", Time since last: 51442800 ns, Reaching safepoint: 216500 ns, At safepoint: 977300 ns, Total: 1193800 ns
[237.915s][info][gc       ] GC(3544) Pause Young (Allocation Failure) 626M->41M(851M) 0.879ms
[237.915s][info][safepoint] Safepoint "ParallelGCFailedAllocation", Time since last: 63845900 ns, Reaching safepoint: 203300 ns, At safepoint: 988700 ns, Total: 1192000 ns
[237.992s][info][gc       ] GC(3545) Pause Young (Allocation Failure) 741M->41M(982M) 0.829ms
[237.992s][info][safepoint] Safepoint "ParallelGCFailedAllocation", Time since last: 75994300 ns, Reaching safepoint: 184500 ns, At safepoint: 922100 ns, Total: 1106600 ns
[238.082s][info][gc       ] GC(3546) Pause Young (Allocation Failure) 876M->41M(985M) 1.049ms
[238.082s][info][safepoint] Safepoint "ParallelGCFailedAllocation", Time since last: 88512000 ns, Reaching safepoint: 198400 ns, At safepoint: 1151300 ns, Total: 1349700 ns
[238.171s][info][gc       ] GC(3547) Pause Young (Allocation Failure) 876M->41M(1152M) 1.584ms
[238.171s][info][safepoint] Safepoint "ParallelGCFailedAllocation", Time since last: 86925500 ns, Reaching safepoint: 141000 ns, At safepoint: 1707900 ns, Total: 1848900 ns
[238.301s][info][gc       ] GC(3548) Pause Young (Allocation Failure) 1042M->41M(1152M) 1.803ms
[238.301s][info][safepoint] Safepoint "ParallelGCFailedAllocation", Time since last: 127853800 ns, Reaching safepoint: 157400 ns, At safepoint: 1908800 ns, Total: 2066200 ns
[238.409s][info][gc       ] GC(3549) Pause Young (Allocation Failure) 1043M->41M(1351M) 1.290ms
[238.409s][info][safepoint] Safepoint "ParallelGCFailedAllocation", Time since last: 106192200 ns, Reaching safepoint: 130200 ns, At safepoint: 1379500 ns, Total: 1509700 ns
[238.568s][info][gc       ] GC(3550) Pause Young (Allocation Failure) 1241M->41M(1351M) 1.844ms
[238.568s][info][safepoint] Safepoint "ParallelGCFailedAllocation", Time since last: 157238900 ns, Reaching safepoint: 130300 ns, At safepoint: 1983600 ns, Total: 2113900 ns
[238.698s][info][gc       ] GC(3551) Pause Young (Allocation Failure) 1242M->41M(1591M) 1.356ms
[238.699s][info][safepoint] Safepoint "ParallelGCFailedAllocation", Time since last: 128983900 ns, Reaching safepoint: 99800 ns, At safepoint: 1471500 ns, Total: 1571300 ns
[238.886s][info][gc       ] GC(3552) Pause Young (Allocation Failure) 1482M->41M(1591M) 1.807ms
[238.886s][info][safepoint] Safepoint "ParallelGCFailedAllocation", Time since last: 185058100 ns, Reaching safepoint: 147000 ns, At safepoint: 1958400 ns, Total: 2105400 ns
[239.044s][info][gc       ] GC(3553) Pause Young (Allocation Failure) 1480M->38M(1520M) 0.902ms
[239.044s][info][safepoint] Safepoint "ParallelGCFailedAllocation", Time since last: 157652500 ns, Reaching safepoint: 130200 ns, At safepoint: 994000 ns, Total: 1124200 ns
[239.195s][info][gc       ] GC(3554) Pause Young (Allocation Failure) 1414M->41M(1461M) 1.388ms
[239.195s][info][safepoint] Safepoint "ParallelGCFailedAllocation", Time since last: 149268600 ns, Reaching safepoint: 191300 ns, At safepoint: 1469500 ns, Total: 1660800 ns
[239.337s][info][gc       ] GC(3555) Pause Young (Allocation Failure) 1352M->41M(1401M) 1.569ms
[239.337s][info][safepoint] Safepoint "ParallelGCFailedAllocation", Time since last: 139721400 ns, Reaching safepoint: 168400 ns, At safepoint: 1660900 ns, Total: 1829300 ns
[239.472s][info][gc       ] GC(3556) Pause Young (Allocation Failure) 1290M->41M(1345M) 1.114ms
[239.473s][info][safepoint] Safepoint "ParallelGCFailedAllocation", Time since last: 134244400 ns, Reaching safepoint: 168900 ns, At safepoint: 1205400 ns, Total: 1374300 ns
[239.605s][info][gc       ] GC(3557) Pause Young (Allocation Failure) 1238M->41M(1288M) 0.589ms
[239.605s][info][safepoint] Safepoint "ParallelGCFailedAllocation", Time since last: 131190600 ns, Reaching safepoint: 140100 ns, At safepoint: 716600 ns, Total: 856700 ns
[239.734s][info][gc       ] GC(3558) Pause Young (Allocation Failure) 1183M->43M(1240M) 1.388ms
[239.734s][info][safepoint] Safepoint "ParallelGCFailedAllocation", Time since last: 127332100 ns, Reaching safepoint: 196200 ns, At safepoint: 1470600 ns, Total: 1666800 ns
[239.850s][info][gc       ] GC(3559) Pause Young (Allocation Failure) 1132M->43M(1191M) 0.616ms
[239.850s][info][safepoint] Safepoint "ParallelGCFailedAllocation", Time since last: 115665100 ns, Reaching safepoint: 119200 ns, At safepoint: 699000 ns, Total: 818200 ns
[239.962s][info][gc       ] GC(3560) Pause Young (Allocation Failure) 1085M->41M(1142M) 1.121ms
[239.962s][info][safepoint] Safepoint "ParallelGCFailedAllocation", Time since last: 110943300 ns, Reaching safepoint: 171000 ns, At safepoint: 1218700 ns, Total: 1389700 ns
[240.075s][info][gc       ] GC(3561) Pause Young (Allocation Failure) 1038M->43M(1101M) 0.970ms
[240.075s][info][safepoint] Safepoint "ParallelGCFailedAllocation", Time since last: 111484300 ns, Reaching safepoint: 191900 ns, At safepoint: 1073000 ns, Total: 1264900 ns
[240.179s][info][gc       ] GC(3562) Pause Young (Allocation Failure) 996M->43M(1059M) 1.380ms
[240.179s][info][safepoint] Safepoint "ParallelGCFailedAllocation", Time since last: 102294600 ns, Reaching safepoint: 201200 ns, At safepoint: 1473100 ns, Total: 1674300 ns
[240.276s][info][gc       ] GC(3563) Pause Young (Allocation Failure) 954M->41M(1016M) 0.618ms
[240.276s][info][safepoint] Safepoint "ParallelGCFailedAllocation", Time since last: 95874900 ns, Reaching safepoint: 222700 ns, At safepoint: 691200 ns, Total: 913900 ns
[240.370s][info][gc       ] GC(3564) Pause Young (Allocation Failure) 909M->41M(978M) 0.998ms
[240.370s][info][safepoint] Safepoint "ParallelGCFailedAllocation", Time since last: 93199300 ns, Reaching safepoint: 127300 ns, At safepoint: 1066400 ns, Total: 1193700 ns
[240.459s][info][gc       ] GC(3565) Pause Young (Allocation Failure) 874M->43M(945M) 0.879ms
[240.459s][info][safepoint] Safepoint "ParallelGCFailedAllocation", Time since last: 87876100 ns, Reaching safepoint: 135100 ns, At safepoint: 984800 ns, Total: 1119900 ns
[240.546s][info][gc       ] GC(3566) Pause Young (Allocation Failure) 837M->43M(911M) 1.365ms
[240.546s][info][safepoint] Safepoint "ParallelGCFailedAllocation", Time since last: 85023200 ns, Reaching safepoint: 227500 ns, At safepoint: 1453900 ns, Total: 1681400 ns
[240.629s][info][gc       ] GC(3567) Pause Young (Allocation Failure) 803M->43M(875M) 0.907ms
[240.629s][info][safepoint] Safepoint "ParallelGCFailedAllocation", Time since last: 81895300 ns, Reaching safepoint: 188500 ns, At safepoint: 985900 ns, Total: 1174400 ns
[240.709s][info][gc       ] GC(3568) Pause Young (Allocation Failure) 770M->46M(1024M) 1.333ms
[240.709s][info][safepoint] Safepoint "ParallelGCFailedAllocation", Time since last: 78036200 ns, Reaching safepoint: 191400 ns, At safepoint: 1541900 ns, Total: 1733300 ns
[240.806s][info][gc       ] GC(3569) Pause Young (Allocation Failure) 921M->46M(1199M) 1.040ms
[240.806s][info][safepoint] Safepoint "ParallelGCFailedAllocation", Time since last: 95879900 ns, Reaching safepoint: 197000 ns, At safepoint: 1116600 ns, Total: 1313600 ns
[240.920s][info][gc       ] GC(3570) Pause Young (Allocation Failure) 1095M->43M(1406M) 1.385ms
[240.920s][info][safepoint] Safepoint "ParallelGCFailedAllocation", Time since last: 112616000 ns, Reaching safepoint: 129200 ns, At safepoint: 1535700 ns, Total: 1664900 ns
[241.055s][info][gc       ] GC(3571) Pause Young (Allocation Failure) 1305M->46M(1352M) 0.765ms
[241.055s][info][safepoint] Safepoint "ParallelGCFailedAllocation", Time since last: 133974000 ns, Reaching safepoint: 186600 ns, At safepoint: 853600 ns, Total: 1040200 ns
[241.187s][info][gc       ] GC(3572) Pause Young (Allocation Failure) 1247M->46M(1298M) 1.546ms
[241.187s][info][safepoint] Safepoint "ParallelGCFailedAllocation", Time since last: 129640200 ns, Reaching safepoint: 142600 ns, At safepoint: 1638900 ns, Total: 1781500 ns
[241.306s][info][gc       ] GC(3573) Pause Young (Allocation Failure) 1192M->46M(1243M) 0.895ms
[241.306s][info][safepoint] Safepoint "ParallelGCFailedAllocation", Time since last: 117898500 ns, Reaching safepoint: 173300 ns, At safepoint: 980000 ns, Total: 1153300 ns
[241.426s][info][gc       ] GC(3574) Pause Young (Allocation Failure) 1144M->49M(1465M) 2.302ms
[241.426s][info][safepoint] Safepoint "ParallelGCFailedAllocation", Time since last: 117735900 ns, Reaching safepoint: 179300 ns, At safepoint: 2399300 ns, Total: 2578600 ns
[241.568s][info][gc       ] GC(3575) Pause Young (Allocation Failure) 1366M->49M(1405M) 0.862ms
[241.569s][info][safepoint] Safepoint "ParallelGCFailedAllocation", Time since last: 141321900 ns, Reaching safepoint: 128700 ns, At safepoint: 947800 ns, Total: 1076500 ns
[241.706s][info][gc       ] GC(3576) Pause Young (Allocation Failure) 1307M->49M(1348M) 1.373ms
[241.706s][info][safepoint] Safepoint "ParallelGCFailedAllocation", Time since last: 136126300 ns, Reaching safepoint: 221800 ns, At safepoint: 1451000 ns, Total: 1672800 ns
[241.836s][info][gc       ] GC(3577) Pause Young (Allocation Failure) 1249M->46M(1291M) 0.607ms
[241.836s][info][safepoint] Safepoint "ParallelGCFailedAllocation", Time since last: 128489900 ns, Reaching safepoint: 215800 ns, At safepoint: 681500 ns, Total: 897300 ns
[241.960s][info][gc       ] GC(3578) Pause Young (Allocation Failure) 1190M->49M(1243M) 1.887ms
[241.960s][info][safepoint] Safepoint "ParallelGCFailedAllocation", Time since last: 122307900 ns, Reaching safepoint: 158200 ns, At safepoint: 2012200 ns, Total: 2170400 ns
[242.076s][info][gc       ] GC(3579) Pause Young (Allocation Failure) 1143M->49M(1194M) 1.098ms
[242.076s][info][safepoint] Safepoint "ParallelGCFailedAllocation", Time since last: 114587200 ns, Reaching safepoint: 111300 ns, At safepoint: 1214900 ns, Total: 1326200 ns
[242.192s][info][gc       ] GC(3580) Pause Young (Allocation Failure) 1093M->49M(1147M) 1.251ms
[242.192s][info][safepoint] Safepoint "ParallelGCFailedAllocation", Time since last: 114553000 ns, Reaching safepoint: 128900 ns, At safepoint: 1334000 ns, Total: 1462900 ns
[242.301s][info][gc       ] GC(3581) Pause Young (Allocation Failure) 1048M->49M(1098M) 1.090ms
[242.301s][info][safepoint] Safepoint "ParallelGCFailedAllocation", Time since last: 107503000 ns, Reaching safepoint: 154600 ns, At safepoint: 1258800 ns, Total: 1413400 ns
[242.405s][info][gc       ] GC(3582) Pause Young (Allocation Failure) 1003M->52M(1064M) 1.105ms
[242.405s][info][safepoint] Safepoint "ParallelGCFailedAllocation", Time since last: 102718200 ns, Reaching safepoint: 213200 ns, At safepoint: 1248600 ns, Total: 1461800 ns
[242.503s][info][gc       ] GC(3583) Pause Young (Allocation Failure) 961M->54M(1021M) 1.174ms
[242.503s][info][safepoint] Safepoint "ParallelGCFailedAllocation", Time since last: 96819300 ns, Reaching safepoint: 129200 ns, At safepoint: 1264100 ns, Total: 1393300 ns
[242.599s][info][gc       ] GC(3584) Pause Young (Allocation Failure) 927M->54M(1196M) 1.412ms
[242.599s][info][safepoint] Safepoint "ParallelGCFailedAllocation", Time since last: 93826300 ns, Reaching safepoint: 190100 ns, At safepoint: 1515800 ns, Total: 1705900 ns
[242.715s][info][gc       ] GC(3585) Pause Young (Allocation Failure) 1102M->52M(1402M) 1.175ms
[242.715s][info][safepoint] Safepoint "ParallelGCFailedAllocation", Time since last: 114616200 ns, Reaching safepoint: 170600 ns, At safepoint: 1268800 ns, Total: 1439400 ns
[242.851s][info][gc       ] GC(3586) Pause Young (Allocation Failure) 1309M->52M(1345M) 1.290ms
[242.851s][info][safepoint] Safepoint "ParallelGCFailedAllocation", Time since last: 134868500 ns, Reaching safepoint: 169100 ns, At safepoint: 1377200 ns, Total: 1546300 ns
[242.988s][info][gc       ] GC(3587) Pause Young (Allocation Failure) 1249M->54M(1294M) 1.181ms
[242.988s][info][safepoint] Safepoint "ParallelGCFailedAllocation", Time since last: 135566300 ns, Reaching safepoint: 121100 ns, At safepoint: 1305600 ns, Total: 1426700 ns
[243.114s][info][gc       ] GC(3588) Pause Young (Allocation Failure) 1198M->54M(1522M) 2.041ms
[243.114s][info][safepoint] Safepoint "ParallelGCFailedAllocation", Time since last: 123436400 ns, Reaching safepoint: 140300 ns, At safepoint: 2149800 ns, Total: 2290100 ns
[243.262s][info][gc       ] GC(3589) Pause Young (Allocation Failure) 1427M->54M(1454M) 0.834ms
[243.262s][info][safepoint] Safepoint "ParallelGCFailedAllocation", Time since last: 146388600 ns, Reaching safepoint: 197600 ns, At safepoint: 921100 ns, Total: 1118700 ns
[243.406s][info][gc       ] GC(3590) Pause Young (Allocation Failure) 1366M->60M(1403M) 1.232ms
[243.406s][info][safepoint] Safepoint "ParallelGCFailedAllocation", Time since last: 142745300 ns, Reaching safepoint: 182900 ns, At safepoint: 1355600 ns, Total: 1538500 ns
[243.541s][info][gc       ] GC(3591) Pause Young (Allocation Failure) 1313M->57M(1341M) 1.220ms
[243.541s][info][safepoint] Safepoint "ParallelGCFailedAllocation", Time since last: 133753300 ns, Reaching safepoint: 213700 ns, At safepoint: 1313700 ns, Total: 1527400 ns
[243.670s][info][gc       ] GC(3592) Pause Young (Allocation Failure) 1253M->57M(1287M) 1.216ms
[243.670s][info][safepoint] Safepoint "ParallelGCFailedAllocation", Time since last: 127258900 ns, Reaching safepoint: 235600 ns, At safepoint: 1308500 ns, Total: 1544100 ns
[243.793s][info][gc       ] GC(3593) Pause Young (Allocation Failure) 1197M->57M(1236M) 0.558ms
[243.793s][info][safepoint] Safepoint "ParallelGCFailedAllocation", Time since last: 121864000 ns, Reaching safepoint: 208200 ns, At safepoint: 645200 ns, Total: 853400 ns
[243.911s][info][gc       ] GC(3594) Pause Young (Allocation Failure) 1147M->60M(1190M) 1.349ms
[243.911s][info][safepoint] Safepoint "ParallelGCFailedAllocation", Time since last: 116413300 ns, Reaching safepoint: 118400 ns, At safepoint: 1424000 ns, Total: 1542400 ns
[244.024s][info][gc       ] GC(3595) Pause Young (Allocation Failure) 1102M->60M(1144M) 1.042ms
[244.024s][info][safepoint] Safepoint "ParallelGCFailedAllocation", Time since last: 112223300 ns, Reaching safepoint: 179100 ns, At safepoint: 1175600 ns, Total: 1354700 ns
[244.134s][info][gc       ] GC(3596) Pause Young (Allocation Failure) 1057M->60M(1100M) 1.387ms
[244.134s][info][safepoint] Safepoint "ParallelGCFailedAllocation", Time since last: 108330800 ns, Reaching safepoint: 131300 ns, At safepoint: 1540500 ns, Total: 1671800 ns
[244.238s][info][gc       ] GC(3597) Pause Young (Allocation Failure) 1012M->57M(1055M) 0.656ms
[244.238s][info][safepoint] Safepoint "ParallelGCFailedAllocation", Time since last: 103052400 ns, Reaching safepoint: 195200 ns, At safepoint: 750200 ns, Total: 945400 ns
[244.337s][info][gc       ] GC(3598) Pause Young (Allocation Failure) 967M->57M(1016M) 1.246ms
[244.337s][info][safepoint] Safepoint "ParallelGCFailedAllocation", Time since last: 96842700 ns, Reaching safepoint: 134300 ns, At safepoint: 1333700 ns, Total: 1468000 ns
[244.431s][info][gc       ] GC(3599) Pause Young (Allocation Failure) 925M->60M(981M) 1.248ms
[244.431s][info][safepoint] Safepoint "ParallelGCFailedAllocation", Time since last: 92680700 ns, Reaching safepoint: 224400 ns, At safepoint: 1334000 ns, Total: 1558400 ns
[244.521s][info][gc       ] GC(3600) Pause Young (Allocation Failure) 893M->60M(1147M) 1.586ms
[244.521s][info][safepoint] Safepoint "ParallelGCFailedAllocation", Time since last: 87891700 ns, Reaching safepoint: 214500 ns, At safepoint: 1679900 ns, Total: 1894400 ns
[244.627s][info][gc       ] GC(3601) Pause Young (Allocation Failure) 1058M->60M(1100M) 0.860ms
[244.627s][info][safepoint] Safepoint "ParallelGCFailedAllocation", Time since last: 105417500 ns, Reaching safepoint: 205500 ns, At safepoint: 944900 ns, Total: 1150400 ns
[244.730s][info][gc       ] GC(3602) Pause Young (Allocation Failure) 1016M->63M(1294M) 1.362ms
[244.730s][info][safepoint] Safepoint "ParallelGCFailedAllocation", Time since last: 100930500 ns, Reaching safepoint: 139400 ns, At safepoint: 1436700 ns, Total: 1576100 ns
[244.853s][info][gc       ] GC(3603) Pause Young (Allocation Failure) 1205M->63M(1242M) 1.148ms
[244.853s][info][safepoint] Safepoint "ParallelGCFailedAllocation", Time since last: 122111400 ns, Reaching safepoint: 178300 ns, At safepoint: 1236300 ns, Total: 1414600 ns
[244.972s][info][gc       ] GC(3604) Pause Young (Allocation Failure) 1157M->63M(1460M) 2.183ms
[244.972s][info][safepoint] Safepoint "ParallelGCFailedAllocation", Time since last: 116131000 ns, Reaching safepoint: 206600 ns, At safepoint: 2337600 ns, Total: 2544200 ns
[245.113s][info][gc       ] GC(3605) Pause Young (Allocation Failure) 1376M->60M(1398M) 0.579ms
[245.113s][info][safepoint] Safepoint "ParallelGCFailedAllocation", Time since last: 140433500 ns, Reaching safepoint: 120300 ns, At safepoint: 657700 ns, Total: 778000 ns
[245.250s][info][gc       ] GC(3606) Pause Young (Allocation Failure) 1314M->63M(1651M) 1.866ms
[245.250s][info][safepoint] Safepoint "ParallelGCFailedAllocation", Time since last: 134828800 ns, Reaching safepoint: 171500 ns, At safepoint: 1960300 ns, Total: 2131800 ns
[245.418s][info][gc       ] GC(3607) Pause Young (Allocation Failure) 1566M->60M(1579M) 1.126ms
[245.418s][info][safepoint] Safepoint "ParallelGCFailedAllocation", Time since last: 166736200 ns, Reaching safepoint: 207500 ns, At safepoint: 1220400 ns, Total: 1427900 ns
[245.572s][info][gc       ] GC(3608) Pause Young (Allocation Failure) 1493M->60M(1513M) 1.134ms
[245.572s][info][safepoint] Safepoint "ParallelGCFailedAllocation", Time since last: 152512400 ns, Reaching safepoint: 225200 ns, At safepoint: 1254600 ns, Total: 1479800 ns
[245.718s][info][gc       ] GC(3609) Pause Young (Allocation Failure) 1428M->60M(1451M) 1.232ms
[245.718s][info][safepoint] Safepoint "ParallelGCFailedAllocation", Time since last: 144679200 ns, Reaching safepoint: 203900 ns, At safepoint: 1330100 ns, Total: 1534000 ns
[245.859s][info][gc       ] GC(3610) Pause Young (Allocation Failure) 1363M->63M(1394M) 1.639ms
[245.859s][info][safepoint] Safepoint "ParallelGCFailedAllocation", Time since last: 138936300 ns, Reaching safepoint: 134600 ns, At safepoint: 1736500 ns, Total: 1871100 ns
[245.993s][info][gc       ] GC(3611) Pause Young (Allocation Failure) 1307M->60M(1335M) 1.124ms
[245.993s][info][safepoint] Safepoint "ParallelGCFailedAllocation", Time since last: 132329900 ns, Reaching safepoint: 237000 ns, At safepoint: 1251500 ns, Total: 1488500 ns
[246.122s][info][gc       ] GC(3612) Pause Young (Allocation Failure) 1248M->63M(1284M) 2.045ms
[246.122s][info][safepoint] Safepoint "ParallelGCFailedAllocation", Time since last: 126726900 ns, Reaching safepoint: 116300 ns, At safepoint: 2141500 ns, Total: 2257800 ns
[246.248s][info][gc       ] GC(3613) Pause Young (Allocation Failure) 1197M->63M(1233M) 1.222ms
[246.248s][info][safepoint] Safepoint "ParallelGCFailedAllocation", Time since last: 124439600 ns, Reaching safepoint: 124000 ns, At safepoint: 1329700 ns, Total: 1453700 ns
[246.366s][info][gc       ] GC(3614) Pause Young (Allocation Failure) 1146M->60M(1182M) 1.247ms
[246.366s][info][safepoint] Safepoint "ParallelGCFailedAllocation", Time since last: 116119600 ns, Reaching safepoint: 192700 ns, At safepoint: 1329800 ns, Total: 1522500 ns
[246.485s][info][gc       ] GC(3615) Pause Young (Allocation Failure) 1096M->60M(1136M) 1.025ms
[246.485s][info][safepoint] Safepoint "ParallelGCFailedAllocation", Time since last: 118246700 ns, Reaching safepoint: 145800 ns, At safepoint: 1117400 ns, Total: 1263200 ns
[246.591s][info][gc       ] GC(3616) Pause Young (Allocation Failure) 1052M->63M(1337M) 2.484ms
[246.592s][info][safepoint] Safepoint "ParallelGCFailedAllocation", Time since last: 103598700 ns, Reaching safepoint: 184300 ns, At safepoint: 2666600 ns, Total: 2850900 ns
[246.720s][info][gc       ] GC(3617) Pause Young (Allocation Failure) 1249M->63M(1574M) 1.387ms
[246.720s][info][safepoint] Safepoint "ParallelGCFailedAllocation", Time since last: 126831700 ns, Reaching safepoint: 157100 ns, At safepoint: 1495900 ns, Total: 1653000 ns
[246.873s][info][gc       ] GC(3618) Pause Young (Allocation Failure) 1488M->63M(1670M) 1.426ms
[246.873s][info][safepoint] Safepoint "ParallelGCFailedAllocation", Time since last: 151554800 ns, Reaching safepoint: 209900 ns, At safepoint: 1521300 ns, Total: 1731200 ns
[247.041s][info][gc       ] GC(3619) Pause Young (Allocation Failure) 1579M->63M(1598M) 1.391ms
[247.041s][info][safepoint] Safepoint "ParallelGCFailedAllocation", Time since last: 166143300 ns, Reaching safepoint: 214400 ns, At safepoint: 1476800 ns, Total: 1691200 ns
[247.197s][info][gc       ] GC(3620) Pause Young (Allocation Failure) 1512M->63M(1531M) 1.447ms
[247.197s][info][safepoint] Safepoint "ParallelGCFailedAllocation", Time since last: 154334500 ns, Reaching safepoint: 210100 ns, At safepoint: 1541400 ns, Total: 1751500 ns
[247.346s][info][gc       ] GC(3621) Pause Young (Allocation Failure) 1447M->63M(1465M) 1.100ms
[247.346s][info][safepoint] Safepoint "ParallelGCFailedAllocation", Time since last: 147485900 ns, Reaching safepoint: 130900 ns, At safepoint: 1182800 ns, Total: 1313700 ns
[247.497s][info][gc       ] GC(3622) Pause Young (Allocation Failure) 1379M->66M(1408M) 1.446ms
[247.497s][info][safepoint] Safepoint "ParallelGCFailedAllocation", Time since last: 149088300 ns, Reaching safepoint: 150400 ns, At safepoint: 1524700 ns, Total: 1675100 ns
[247.643s][info][gc       ] GC(3623) Pause Young (Allocation Failure) 1327M->63M(1348M) 1.021ms
[247.643s][info][safepoint] Safepoint "ParallelGCFailedAllocation", Time since last: 145141100 ns, Reaching safepoint: 187200 ns, At safepoint: 1174800 ns, Total: 1362000 ns
[247.777s][info][gc       ] GC(3624) Pause Young (Allocation Failure) 1266M->66M(1297M) 1.851ms
[247.777s][info][safepoint] Safepoint "ParallelGCFailedAllocation", Time since last: 131882000 ns, Reaching safepoint: 205500 ns, At safepoint: 1935200 ns, Total: 2140700 ns
[247.910s][info][gc       ] GC(3625) Pause Young (Allocation Failure) 1215M->66M(1246M) 1.509ms
[247.910s][info][safepoint] Safepoint "ParallelGCFailedAllocation", Time since last: 130558700 ns, Reaching safepoint: 151700 ns, At safepoint: 1645000 ns, Total: 1796700 ns
[248.031s][info][gc       ] GC(3626) Pause Young (Allocation Failure) 1164M->63M(1194M) 1.389ms
[248.031s][info][safepoint] Safepoint "ParallelGCFailedAllocation", Time since last: 119526500 ns, Reaching safepoint: 115400 ns, At safepoint: 1470000 ns, Total: 1585400 ns
[248.144s][info][gc       ] GC(3627) Pause Young (Allocation Failure) 1110M->66M(1150M) 1.350ms
[248.144s][info][safepoint] Safepoint "ParallelGCFailedAllocation", Time since last: 111363400 ns, Reaching safepoint: 154000 ns, At safepoint: 1459100 ns, Total: 1613100 ns
[248.254s][info][gc       ] GC(3628) Pause Young (Allocation Failure) 1065M->66M(1350M) 1.583ms
[248.254s][info][safepoint] Safepoint "ParallelGCFailedAllocation", Time since last: 108432900 ns, Reaching safepoint: 179300 ns, At safepoint: 1671200 ns, Total: 1850500 ns
[248.384s][info][gc       ] GC(3629) Pause Young (Allocation Failure) 1267M->66M(1291M) 1.005ms
[248.384s][info][safepoint] Safepoint "ParallelGCFailedAllocation", Time since last: 128369700 ns, Reaching safepoint: 217500 ns, At safepoint: 1141100 ns, Total: 1358600 ns
[248.512s][info][gc       ] GC(3630) Pause Young (Allocation Failure) 1211M->71M(1248M) 1.273ms
[248.512s][info][safepoint] Safepoint "ParallelGCFailedAllocation", Time since last: 126832800 ns, Reaching safepoint: 111700 ns, At safepoint: 1359400 ns, Total: 1471100 ns
[248.630s][info][gc       ] GC(3631) Pause Young (Allocation Failure) 1168M->71M(1196M) 1.032ms
[248.630s][info][safepoint] Safepoint "ParallelGCFailedAllocation", Time since last: 116759100 ns, Reaching safepoint: 136500 ns, At safepoint: 1143800 ns, Total: 1280300 ns
[248.743s][info][gc       ] GC(3632) Pause Young (Allocation Failure) 1117M->71M(1405M) 1.846ms
[248.743s][info][safepoint] Safepoint "ParallelGCFailedAllocation", Time since last: 111073600 ns, Reaching safepoint: 216900 ns, At safepoint: 1949800 ns, Total: 2166700 ns
[248.879s][info][gc       ] GC(3633) Pause Young (Allocation Failure) 1328M->68M(1345M) 0.660ms
[248.879s][info][safepoint] Safepoint "ParallelGCFailedAllocation", Time since last: 134549800 ns, Reaching safepoint: 199500 ns, At safepoint: 777700 ns, Total: 977200 ns
[249.009s][info][gc       ] GC(3634) Pause Young (Allocation Failure) 1269M->71M(1294M) 1.597ms
[249.009s][info][safepoint] Safepoint "ParallelGCFailedAllocation", Time since last: 128417000 ns, Reaching safepoint: 193300 ns, At safepoint: 1691400 ns, Total: 1884700 ns
[249.133s][info][gc       ] GC(3635) Pause Young (Allocation Failure) 1217M->71M(1242M) 1.417ms
[249.133s][info][safepoint] Safepoint "ParallelGCFailedAllocation", Time since last: 122048700 ns, Reaching safepoint: 179200 ns, At safepoint: 1513400 ns, Total: 1692600 ns
[249.251s][info][gc       ] GC(3636) Pause Young (Allocation Failure) 1164M->71M(1193M) 1.293ms
[249.251s][info][safepoint] Safepoint "ParallelGCFailedAllocation", Time since last: 116326200 ns, Reaching safepoint: 155500 ns, At safepoint: 1404700 ns, Total: 1560200 ns
[249.362s][info][gc       ] GC(3637) Pause Young (Allocation Failure) 1113M->71M(1147M) 0.832ms
[249.362s][info][safepoint] Safepoint "ParallelGCFailedAllocation", Time since last: 110260000 ns, Reaching safepoint: 212500 ns, At safepoint: 909000 ns, Total: 1121500 ns
[249.471s][info][gc       ] GC(3638) Pause Young (Allocation Failure) 1067M->71M(1103M) 1.707ms
[249.471s][info][safepoint] Safepoint "ParallelGCFailedAllocation", Time since last: 106443700 ns, Reaching safepoint: 166100 ns, At safepoint: 1802000 ns, Total: 1968100 ns
[249.573s][info][gc       ] GC(3639) Pause Young (Allocation Failure) 1025M->71M(1061M) 0.669ms
[249.573s][info][safepoint] Safepoint "ParallelGCFailedAllocation", Time since last: 101882300 ns, Reaching safepoint: 181900 ns, At safepoint: 764000 ns, Total: 945900 ns
[249.672s][info][gc       ] GC(3640) Pause Young (Allocation Failure) 979M->71M(1021M) 1.417ms
[249.672s][info][safepoint] Safepoint "ParallelGCFailedAllocation", Time since last: 97261400 ns, Reaching safepoint: 195600 ns, At safepoint: 1497400 ns, Total: 1693000 ns
[249.765s][info][gc       ] GC(3641) Pause Young (Allocation Failure) 942M->68M(980M) 0.614ms
[249.765s][info][safepoint] Safepoint "ParallelGCFailedAllocation", Time since last: 92009300 ns, Reaching safepoint: 140400 ns, At safepoint: 714800 ns, Total: 855200 ns
[249.855s][info][gc       ] GC(3642) Pause Young (Allocation Failure) 902M->71M(1150M) 1.482ms
[249.855s][info][safepoint] Safepoint "ParallelGCFailedAllocation", Time since last: 88296000 ns, Reaching safepoint: 205800 ns, At safepoint: 1557900 ns, Total: 1763700 ns
[249.964s][info][gc       ] GC(3643) Pause Young (Allocation Failure) 1068M->71M(1106M) 1.114ms
[249.964s][info][safepoint] Safepoint "ParallelGCFailedAllocation", Time since last: 107674200 ns, Reaching safepoint: 142700 ns, At safepoint: 1201900 ns, Total: 1344600 ns
[250.069s][info][gc       ] GC(3644) Pause Young (Allocation Failure) 1025M->71M(1297M) 1.494ms
[250.069s][info][safepoint] Safepoint "ParallelGCFailedAllocation", Time since last: 103385500 ns, Reaching safepoint: 177200 ns, At safepoint: 1579200 ns, Total: 1756400 ns
[250.198s][info][gc       ] GC(3645) Pause Young (Allocation Failure) 1220M->71M(1240M) 1.095ms
[250.198s][info][safepoint] Safepoint "ParallelGCFailedAllocation", Time since last: 127386800 ns, Reaching safepoint: 131900 ns, At safepoint: 1251800 ns, Total: 1383700 ns
[250.316s][info][gc       ] GC(3646) Pause Young (Allocation Failure) 1166M->77M(1199M) 1.371ms
[250.316s][info][safepoint] Safepoint "ParallelGCFailedAllocation", Time since last: 116127300 ns, Reaching safepoint: 217200 ns, At safepoint: 1456500 ns, Total: 1673700 ns
[250.431s][info][gc       ] GC(3647) Pause Young (Allocation Failure) 1120M->77M(1405M) 1.335ms
[250.431s][info][safepoint] Safepoint "ParallelGCFailedAllocation", Time since last: 113787100 ns, Reaching safepoint: 182000 ns, At safepoint: 1435900 ns, Total: 1617900 ns
[250.567s][info][gc       ] GC(3648) Pause Young (Allocation Failure) 1332M->74M(1345M) 1.318ms
[250.568s][info][safepoint] Safepoint "ParallelGCFailedAllocation", Time since last: 134471400 ns, Reaching safepoint: 187100 ns, At safepoint: 1455100 ns, Total: 1642200 ns
[250.696s][info][gc       ] GC(3649) Pause Young (Allocation Failure) 1273M->77M(1294M) 1.056ms
[250.696s][info][safepoint] Safepoint "ParallelGCFailedAllocation", Time since last: 127267000 ns, Reaching safepoint: 135800 ns, At safepoint: 1144500 ns, Total: 1280300 ns
[250.820s][info][gc       ] GC(3650) Pause Young (Allocation Failure) 1221M->77M(1523M) 1.875ms
[250.820s][info][safepoint] Safepoint "ParallelGCFailedAllocation", Time since last: 121874400 ns, Reaching safepoint: 113700 ns, At safepoint: 1967400 ns, Total: 2081100 ns
[250.968s][info][gc       ] GC(3651) Pause Young (Allocation Failure) 1451M->74M(1457M) 1.050ms
[250.968s][info][safepoint] Safepoint "ParallelGCFailedAllocation", Time since last: 146585900 ns, Reaching safepoint: 131800 ns, At safepoint: 1155200 ns, Total: 1287000 ns
[251.111s][info][gc       ] GC(3652) Pause Young (Allocation Failure) 1385M->77M(1401M) 1.946ms
[251.111s][info][safepoint] Safepoint "ParallelGCFailedAllocation", Time since last: 141250000 ns, Reaching safepoint: 193900 ns, At safepoint: 2077100 ns, Total: 2271000 ns
[251.247s][info][gc       ] GC(3653) Pause Young (Allocation Failure) 1328M->74M(1341M) 1.085ms
[251.247s][info][safepoint] Safepoint "ParallelGCFailedAllocation", Time since last: 133800100 ns, Reaching safepoint: 195400 ns, At safepoint: 1172500 ns, Total: 1367900 ns
[251.376s][info][gc       ] GC(3654) Pause Young (Allocation Failure) 1268M->77M(1290M) 1.606ms
[251.376s][info][safepoint] Safepoint "ParallelGCFailedAllocation", Time since last: 127491000 ns, Reaching safepoint: 140400 ns, At safepoint: 1710000 ns, Total: 1850400 ns
[251.499s][info][gc       ] GC(3655) Pause Young (Allocation Failure) 1219M->77M(1239M) 1.455ms
[251.499s][info][safepoint] Safepoint "ParallelGCFailedAllocation", Time since last: 120910100 ns, Reaching safepoint: 202400 ns, At safepoint: 1547300 ns, Total: 1749700 ns
[251.617s][info][gc       ] GC(3656) Pause Young (Allocation Failure) 1169M->77M(1457M) 1.978ms
[251.617s][info][safepoint] Safepoint "ParallelGCFailedAllocation", Time since last: 116380200 ns, Reaching safepoint: 179700 ns, At safepoint: 2079400 ns, Total: 2259100 ns
[251.760s][info][gc       ] GC(3657) Pause Young (Allocation Failure) 1384M->74M(1715M) 1.128ms
[251.760s][info][safepoint] Safepoint "ParallelGCFailedAllocation", Time since last: 141077300 ns, Reaching safepoint: 483300 ns, At safepoint: 1232400 ns, Total: 1715700 ns
[251.936s][info][gc       ] GC(3658) Pause Young (Allocation Failure) 1645M->77M(1645M) 1.422ms
[251.936s][info][safepoint] Safepoint "ParallelGCFailedAllocation", Time since last: 174479600 ns, Reaching safepoint: 145100 ns, At safepoint: 1499600 ns, Total: 1644700 ns
[252.099s][info][gc       ] GC(3659) Pause Young (Allocation Failure) 1574M->77M(1576M) 1.199ms
[252.099s][info][safepoint] Safepoint "ParallelGCFailedAllocation", Time since last: 161222200 ns, Reaching safepoint: 183400 ns, At safepoint: 1324300 ns, Total: 1507700 ns
[252.255s][info][gc       ] GC(3660) Pause Young (Allocation Failure) 1506M->77M(1511M) 1.446ms
[252.255s][info][safepoint] Safepoint "ParallelGCFailedAllocation", Time since last: 154777100 ns, Reaching safepoint: 153300 ns, At safepoint: 1523100 ns, Total: 1676400 ns
[252.400s][info][gc       ] GC(3661) Pause Young (Allocation Failure) 1440M->77M(1446M) 0.662ms
[252.400s][info][safepoint] Safepoint "ParallelGCFailedAllocation", Time since last: 143472600 ns, Reaching safepoint: 137600 ns, At safepoint: 776700 ns, Total: 914300 ns
[252.541s][info][gc       ] GC(3662) Pause Young (Allocation Failure) 1377M->80M(1390M) 1.018ms
[252.541s][info][safepoint] Safepoint "ParallelGCFailedAllocation", Time since last: 139607600 ns, Reaching safepoint: 220100 ns, At safepoint: 1103000 ns, Total: 1323100 ns
[252.679s][info][gc       ] GC(3663) Pause Young (Allocation Failure) 1320M->80M(1334M) 1.135ms
[252.679s][info][safepoint] Safepoint "ParallelGCFailedAllocation", Time since last: 136811500 ns, Reaching safepoint: 142900 ns, At safepoint: 1212800 ns, Total: 1355700 ns
[252.805s][info][gc       ] GC(3664) Pause Young (Allocation Failure) 1266M->77M(1277M) 0.693ms
[252.805s][info][safepoint] Safepoint "ParallelGCFailedAllocation", Time since last: 125278700 ns, Reaching safepoint: 117800 ns, At safepoint: 772300 ns, Total: 890100 ns
[252.926s][info][gc       ] GC(3665) Pause Young (Allocation Failure) 1210M->80M(1230M) 0.593ms
[252.926s][info][safepoint] Safepoint "ParallelGCFailedAllocation", Time since last: 120445200 ns, Reaching safepoint: 174400 ns, At safepoint: 668900 ns, Total: 843300 ns
[253.044s][info][gc       ] GC(3666) Pause Young (Allocation Failure) 1160M->77M(1179M) 0.768ms
[253.045s][info][safepoint] Safepoint "ParallelGCFailedAllocation", Time since last: 117217500 ns, Reaching safepoint: 153900 ns, At safepoint: 963800 ns, Total: 1117700 ns
[253.158s][info][gc       ] GC(3667) Pause Young (Allocation Failure) 1106M->80M(1136M) 0.622ms
[253.158s][info][safepoint] Safepoint "ParallelGCFailedAllocation", Time since last: 112100600 ns, Reaching safepoint: 137800 ns, At safepoint: 736500 ns, Total: 874300 ns
[253.265s][info][gc       ] GC(3668) Pause Young (Allocation Failure) 1063M->80M(1092M) 0.788ms
[253.265s][info][safepoint] Safepoint "ParallelGCFailedAllocation", Time since last: 106023700 ns, Reaching safepoint: 184000 ns, At safepoint: 880700 ns, Total: 1064700 ns
[253.365s][info][gc       ] GC(3669) Pause Young (Allocation Failure) 1023M->80M(1045M) 1.017ms
[253.365s][info][safepoint] Safepoint "ParallelGCFailedAllocation", Time since last: 98981100 ns, Reaching safepoint: 194200 ns, At safepoint: 1103400 ns, Total: 1297600 ns
[253.462s][info][gc       ] GC(3670) Pause Young (Allocation Failure) 983M->85M(1014M) 0.763ms
[253.462s][info][safepoint] Safepoint "ParallelGCFailedAllocation", Time since last: 95885800 ns, Reaching safepoint: 196600 ns, At safepoint: 846200 ns, Total: 1042800 ns
[253.557s][info][gc       ] GC(3671) Pause Young (Allocation Failure) 948M->85M(974M) 0.717ms
[253.557s][info][safepoint] Safepoint "ParallelGCFailedAllocation", Time since last: 93983100 ns, Reaching safepoint: 188300 ns, At safepoint: 811000 ns, Total: 999300 ns
[253.647s][info][gc       ] GC(3672) Pause Young (Allocation Failure) 911M->85M(938M) 0.820ms
[253.647s][info][safepoint] Safepoint "ParallelGCFailedAllocation", Time since last: 89124600 ns, Reaching safepoint: 205700 ns, At safepoint: 910100 ns, Total: 1115800 ns
[253.731s][info][gc       ] GC(3673) Pause Young (Allocation Failure) 874M->82M(901M) 0.720ms
[253.732s][info][safepoint] Safepoint "ParallelGCFailedAllocation", Time since last: 83407300 ns, Reaching safepoint: 202000 ns, At safepoint: 809700 ns, Total: 1011700 ns
[253.814s][info][gc       ] GC(3674) Pause Young (Allocation Failure) 839M->82M(869M) 0.700ms
[253.814s][info][safepoint] Safepoint "ParallelGCFailedAllocation", Time since last: 81842500 ns, Reaching safepoint: 179600 ns, At safepoint: 789800 ns, Total: 969400 ns
[253.892s][info][gc       ] GC(3675) Pause Young (Allocation Failure) 805M->82M(839M) 0.868ms
[253.892s][info][safepoint] Safepoint "ParallelGCFailedAllocation", Time since last: 76209900 ns, Reaching safepoint: 122600 ns, At safepoint: 956000 ns, Total: 1078600 ns
[253.967s][info][gc       ] GC(3676) Pause Young (Allocation Failure) 776M->85M(813M) 0.751ms
[253.967s][info][safepoint] Safepoint "ParallelGCFailedAllocation", Time since last: 74539200 ns, Reaching safepoint: 185100 ns, At safepoint: 844600 ns, Total: 1029700 ns
[254.039s][info][gc       ] GC(3677) Pause Young (Allocation Failure) 750M->82M(782M) 0.816ms
[254.039s][info][safepoint] Safepoint "ParallelGCFailedAllocation", Time since last: 71090500 ns, Reaching safepoint: 226100 ns, At safepoint: 893800 ns, Total: 1119900 ns
[254.108s][info][gc       ] GC(3678) Pause Young (Allocation Failure) 719M->85M(759M) 0.686ms
[254.108s][info][safepoint] Safepoint "ParallelGCFailedAllocation", Time since last: 67297100 ns, Reaching safepoint: 168500 ns, At safepoint: 777600 ns, Total: 946100 ns
[254.174s][info][gc       ] GC(3679) Pause Young (Allocation Failure) 696M->85M(734M) 0.733ms
[254.174s][info][safepoint] Safepoint "ParallelGCFailedAllocation", Time since last: 65058300 ns, Reaching safepoint: 186900 ns, At safepoint: 813900 ns, Total: 1000800 ns
[254.237s][info][gc       ] GC(3680) Pause Young (Allocation Failure) 670M->82M(707M) 0.726ms
[254.237s][info][safepoint] Safepoint "ParallelGCFailedAllocation", Time since last: 61877600 ns, Reaching safepoint: 218600 ns, At safepoint: 830700 ns, Total: 1049300 ns
[254.299s][info][gc       ] GC(3681) Pause Young (Allocation Failure) 641M->85M(687M) 0.707ms
[254.299s][info][safepoint] Safepoint "ParallelGCFailedAllocation", Time since last: 61274200 ns, Reaching safepoint: 138100 ns, At safepoint: 817100 ns, Total: 955200 ns
[254.357s][info][gc       ] GC(3682) Pause Young (Allocation Failure) 624M->85M(666M) 1.133ms
[254.357s][info][safepoint] Safepoint "ParallelGCFailedAllocation", Time since last: 56241500 ns, Reaching safepoint: 229700 ns, At safepoint: 1219700 ns, Total: 1449400 ns
[254.411s][info][gc       ] GC(3683) Pause Young (Allocation Failure) 601M->85M(645M) 0.600ms
[254.411s][info][safepoint] Safepoint "ParallelGCFailedAllocation", Time since last: 53875500 ns, Reaching safepoint: 226200 ns, At safepoint: 677300 ns, Total: 903500 ns
[254.465s][info][gc       ] GC(3684) Pause Young (Allocation Failure) 581M->82M(623M) 0.786ms
[254.465s][info][safepoint] Safepoint "ParallelGCFailedAllocation", Time since last: 52308300 ns, Reaching safepoint: 180700 ns, At safepoint: 871900 ns, Total: 1052600 ns
[254.518s][info][gc       ] GC(3685) Pause Young (Allocation Failure) 561M->85M(607M) 0.697ms
[254.518s][info][safepoint] Safepoint "ParallelGCFailedAllocation", Time since last: 52132700 ns, Reaching safepoint: 213300 ns, At safepoint: 776100 ns, Total: 989400 ns
[254.568s][info][gc       ] GC(3686) Pause Young (Allocation Failure) 544M->85M(699M) 1.161ms
[254.568s][info][safepoint] Safepoint "ParallelGCFailedAllocation", Time since last: 49048200 ns, Reaching safepoint: 180400 ns, At safepoint: 1247300 ns, Total: 1427700 ns
[254.628s][info][gc       ] GC(3687) Pause Young (Allocation Failure) 636M->85M(809M) 0.782ms
[254.628s][info][safepoint] Safepoint "ParallelGCFailedAllocation", Time since last: 58232000 ns, Reaching safepoint: 129200 ns, At safepoint: 926700 ns, Total: 1055900 ns
[254.699s][info][gc       ] GC(3688) Pause Young (Allocation Failure) 743M->85M(941M) 0.735ms
[254.699s][info][safepoint] Safepoint "ParallelGCFailedAllocation", Time since last: 70167400 ns, Reaching safepoint: 129400 ns, At safepoint: 806100 ns, Total: 935500 ns
[254.790s][info][gc       ] GC(3689) Pause Young (Allocation Failure) 878M->85M(907M) 0.515ms
[254.790s][info][safepoint] Safepoint "ParallelGCFailedAllocation", Time since last: 90079900 ns, Reaching safepoint: 212000 ns, At safepoint: 602000 ns, Total: 814000 ns
[254.872s][info][gc       ] GC(3690) Pause Young (Allocation Failure) 844M->85M(875M) 0.808ms
[254.872s][info][safepoint] Safepoint "ParallelGCFailedAllocation", Time since last: 81283900 ns, Reaching safepoint: 124400 ns, At safepoint: 900100 ns, Total: 1024500 ns
[254.948s][info][gc       ] GC(3691) Pause Young (Allocation Failure) 809M->85M(841M) 0.570ms
[254.948s][info][safepoint] Safepoint "ParallelGCFailedAllocation", Time since last: 75489500 ns, Reaching safepoint: 157000 ns, At safepoint: 654900 ns, Total: 811900 ns
[255.024s][info][gc       ] GC(3692) Pause Young (Allocation Failure) 778M->88M(815M) 0.640ms
[255.024s][info][safepoint] Safepoint "ParallelGCFailedAllocation", Time since last: 74940800 ns, Reaching safepoint: 124400 ns, At safepoint: 724100 ns, Total: 848500 ns
[255.095s][info][gc       ] GC(3693) Pause Young (Allocation Failure) 755M->85M(784M) 0.653ms
[255.095s][info][safepoint] Safepoint "ParallelGCFailedAllocation", Time since last: 70356800 ns, Reaching safepoint: 123600 ns, At safepoint: 721800 ns, Total: 845400 ns
[255.164s][info][gc       ] GC(3694) Pause Young (Allocation Failure) 723M->88M(761M) 0.739ms
[255.164s][info][safepoint] Safepoint "ParallelGCFailedAllocation", Time since last: 67681800 ns, Reaching safepoint: 201400 ns, At safepoint: 892600 ns, Total: 1094000 ns
[255.230s][info][gc       ] GC(3695) Pause Young (Allocation Failure) 700M->88M(736M) 0.917ms
[255.230s][info][safepoint] Safepoint "ParallelGCFailedAllocation", Time since last: 65221000 ns, Reaching safepoint: 141200 ns, At safepoint: 1045800 ns, Total: 1187000 ns
[255.294s][info][gc       ] GC(3696) Pause Young (Allocation Failure) 674M->85M(709M) 0.787ms
[255.294s][info][safepoint] Safepoint "ParallelGCFailedAllocation", Time since last: 62381300 ns, Reaching safepoint: 175400 ns, At safepoint: 877100 ns, Total: 1052500 ns
[255.355s][info][gc       ] GC(3697) Pause Young (Allocation Failure) 645M->88M(689M) 0.626ms
[255.355s][info][safepoint] Safepoint "ParallelGCFailedAllocation", Time since last: 59899500 ns, Reaching safepoint: 201700 ns, At safepoint: 712000 ns, Total: 913700 ns
[255.413s][info][gc       ] GC(3698) Pause Young (Allocation Failure) 628M->88M(667M) 0.971ms
[255.413s][info][safepoint] Safepoint "ParallelGCFailedAllocation", Time since last: 57237000 ns, Reaching safepoint: 184000 ns, At safepoint: 1077000 ns, Total: 1261000 ns
[255.468s][info][gc       ] GC(3699) Pause Young (Allocation Failure) 605M->88M(644M) 0.647ms
[255.468s][info][safepoint] Safepoint "ParallelGCFailedAllocation", Time since last: 54331200 ns, Reaching safepoint: 189200 ns, At safepoint: 749800 ns, Total: 939000 ns
[255.522s][info][gc       ] GC(3700) Pause Young (Allocation Failure) 588M->91M(627M) 0.666ms
[255.522s][info][safepoint] Safepoint "ParallelGCFailedAllocation", Time since last: 52824000 ns, Reaching safepoint: 126800 ns, At safepoint: 746600 ns, Total: 873400 ns
[255.576s][info][gc       ] GC(3701) Pause Young (Allocation Failure) 567M->91M(609M) 0.781ms
[255.576s][info][safepoint] Safepoint "ParallelGCFailedAllocation", Time since last: 52480400 ns, Reaching safepoint: 202400 ns, At safepoint: 856100 ns, Total: 1058500 ns
[255.626s][info][gc       ] GC(3702) Pause Young (Allocation Failure) 550M->91M(701M) 1.167ms
[255.626s][info][safepoint] Safepoint "ParallelGCFailedAllocation", Time since last: 49183900 ns, Reaching safepoint: 200100 ns, At safepoint: 1258100 ns, Total: 1458200 ns
[255.687s][info][gc       ] GC(3703) Pause Young (Allocation Failure) 643M->91M(809M) 0.729ms
[255.687s][info][safepoint] Safepoint "ParallelGCFailedAllocation", Time since last: 59327900 ns, Reaching safepoint: 148000 ns, At safepoint: 833600 ns, Total: 981600 ns
[255.760s][info][gc       ] GC(3704) Pause Young (Allocation Failure) 755M->94M(944M) 1.079ms
[255.760s][info][safepoint] Safepoint "ParallelGCFailedAllocation", Time since last: 72112400 ns, Reaching safepoint: 200600 ns, At safepoint: 1160900 ns, Total: 1361500 ns
[255.846s][info][gc       ] GC(3705) Pause Young (Allocation Failure) 888M->94M(1103M) 0.922ms
[255.846s][info][safepoint] Safepoint "ParallelGCFailedAllocation", Time since last: 84563800 ns, Reaching safepoint: 195500 ns, At safepoint: 990600 ns, Total: 1186100 ns
[255.949s][info][gc       ] GC(3706) Pause Young (Allocation Failure) 1047M->94M(1294M) 1.062ms
[255.949s][info][safepoint] Safepoint "ParallelGCFailedAllocation", Time since last: 101665000 ns, Reaching safepoint: 155600 ns, At safepoint: 1142200 ns, Total: 1297800 ns
[256.094s][info][gc       ] GC(3707) Pause Young (Allocation Failure) 1240M->94M(1239M) 0.592ms
[256.094s][info][safepoint] Safepoint "ParallelGCFailedAllocation", Time since last: 144950000 ns, Reaching safepoint: 37300 ns, At safepoint: 667700 ns, Total: 705000 ns
[256.255s][info][gc       ] GC(3708) Pause Young (Allocation Failure) 1184M->97M(1193M) 0.518ms
[256.255s][info][safepoint] Safepoint "ParallelGCFailedAllocation", Time since last: 159904600 ns, Reaching safepoint: 51600 ns, At safepoint: 595100 ns, Total: 646700 ns
[256.388s][info][gc       ] GC(3709) Pause Young (Allocation Failure) 1140M->97M(1147M) 0.505ms
[256.388s][info][safepoint] Safepoint "ParallelGCFailedAllocation", Time since last: 132790900 ns, Reaching safepoint: 33400 ns, At safepoint: 579400 ns, Total: 612800 ns
[256.515s][info][gc       ] GC(3710) Pause Young (Allocation Failure) 1096M->97M(1103M) 0.679ms
[256.515s][info][safepoint] Safepoint "ParallelGCFailedAllocation", Time since last: 126251400 ns, Reaching safepoint: 49000 ns, At safepoint: 765200 ns, Total: 814200 ns
[256.635s][info][gc       ] GC(3711) Pause Young (Allocation Failure) 1051M->97M(1058M) 0.574ms
[256.635s][info][safepoint] Safepoint "ParallelGCFailedAllocation", Time since last: 118877100 ns, Reaching safepoint: 154800 ns, At safepoint: 661700 ns, Total: 816500 ns
[256.737s][info][gc       ] GC(3712) Pause Young (Allocation Failure) 1005M->99M(1021M) 0.624ms
[256.737s][info][safepoint] Safepoint "ParallelGCFailedAllocation", Time since last: 100653000 ns, Reaching safepoint: 144600 ns, At safepoint: 730900 ns, Total: 875500 ns
[256.831s][info][gc       ] GC(3713) Pause Young (Allocation Failure) 970M->97M(980M) 0.801ms
[256.831s][info][safepoint] Safepoint "ParallelGCFailedAllocation", Time since last: 92899000 ns, Reaching safepoint: 155700 ns, At safepoint: 863800 ns, Total: 1019500 ns
[256.919s][info][gc       ] GC(3714) Pause Young (Allocation Failure) 930M->99M(947M) 0.717ms
[256.919s][info][safepoint] Safepoint "ParallelGCFailedAllocation", Time since last: 87362500 ns, Reaching safepoint: 123800 ns, At safepoint: 787800 ns, Total: 911600 ns
[257.009s][info][gc       ] GC(3715) Pause Young (Allocation Failure) 896M->99M(913M) 0.609ms
[257.009s][info][safepoint] Safepoint "ParallelGCFailedAllocation", Time since last: 89119800 ns, Reaching safepoint: 131600 ns, At safepoint: 708400 ns, Total: 840000 ns
[257.104s][info][gc       ] GC(3716) Pause Young (Allocation Failure) 861M->99M(880M) 0.718ms
[257.104s][info][safepoint] Safepoint "ParallelGCFailedAllocation", Time since last: 94110500 ns, Reaching safepoint: 38000 ns, At safepoint: 880400 ns, Total: 918400 ns
[257.195s][info][gc       ] GC(3717) Pause Young (Allocation Failure) 832M->99M(844M) 1.012ms
[257.195s][info][safepoint] Safepoint "ParallelGCFailedAllocation", Time since last: 90325200 ns, Reaching safepoint: 137800 ns, At safepoint: 1134100 ns, Total: 1271900 ns
[257.281s][info][gc       ] GC(3718) Pause Young (Allocation Failure) 800M->105M(823M) 0.589ms
[257.281s][info][safepoint] Safepoint "ParallelGCFailedAllocation", Time since last: 84567300 ns, Reaching safepoint: 154000 ns, At safepoint: 676000 ns, Total: 830000 ns
[257.356s][info][gc       ] GC(3719) Pause Young (Allocation Failure) 777M->105M(792M) 0.712ms
[257.356s][info][safepoint] Safepoint "ParallelGCFailedAllocation", Time since last: 74234200 ns, Reaching safepoint: 131900 ns, At safepoint: 801000 ns, Total: 932900 ns
[257.430s][info][gc       ] GC(3720) Pause Young (Allocation Failure) 748M->105M(765M) 1.018ms
[257.430s][info][safepoint] Safepoint "ParallelGCFailedAllocation", Time since last: 72711000 ns, Reaching safepoint: 164600 ns, At safepoint: 1114500 ns, Total: 1279100 ns
[257.501s][info][gc       ] GC(3721) Pause Young (Allocation Failure) 722M->102M(737M) 0.678ms
[257.501s][info][safepoint] Safepoint "ParallelGCFailedAllocation", Time since last: 70147500 ns, Reaching safepoint: 134900 ns, At safepoint: 746700 ns, Total: 881600 ns
[257.566s][info][gc       ] GC(3722) Pause Young (Allocation Failure) 693M->102M(713M) 0.591ms
[257.566s][info][safepoint] Safepoint "ParallelGCFailedAllocation", Time since last: 64361500 ns, Reaching safepoint: 159600 ns, At safepoint: 670000 ns, Total: 829600 ns
[257.628s][info][gc       ] GC(3723) Pause Young (Allocation Failure) 670M->105M(693M) 0.985ms
[257.628s][info][safepoint] Safepoint "ParallelGCFailedAllocation", Time since last: 60438200 ns, Reaching safepoint: 174300 ns, At safepoint: 1072600 ns, Total: 1246900 ns
[257.688s][info][gc       ] GC(3724) Pause Young (Allocation Failure) 647M->105M(671M) 0.753ms
[257.688s][info][safepoint] Safepoint "ParallelGCFailedAllocation", Time since last: 59258900 ns, Reaching safepoint: 221400 ns, At safepoint: 843400 ns, Total: 1064800 ns
[257.747s][info][gc       ] GC(3725) Pause Young (Allocation Failure) 627M->102M(647M) 0.755ms
[257.747s][info][safepoint] Safepoint "ParallelGCFailedAllocation", Time since last: 57348700 ns, Reaching safepoint: 194000 ns, At safepoint: 853500 ns, Total: 1047500 ns
[257.803s][info][gc       ] GC(3726) Pause Young (Allocation Failure) 604M->102M(627M) 0.712ms
[257.803s][info][safepoint] Safepoint "ParallelGCFailedAllocation", Time since last: 55501200 ns, Reaching safepoint: 206200 ns, At safepoint: 804300 ns, Total: 1010500 ns
[257.856s][info][gc       ] GC(3727) Pause Young (Allocation Failure) 584M->105M(611M) 0.615ms
[257.856s][info][safepoint] Safepoint "ParallelGCFailedAllocation", Time since last: 52208100 ns, Reaching safepoint: 209200 ns, At safepoint: 701000 ns, Total: 910200 ns
[257.906s][info][gc       ] GC(3728) Pause Young (Allocation Failure) 566M->105M(704M) 1.025ms
[257.906s][info][safepoint] Safepoint "ParallelGCFailedAllocation", Time since last: 48898300 ns, Reaching safepoint: 192200 ns, At safepoint: 1129400 ns, Total: 1321600 ns
[257.970s][info][gc       ] GC(3729) Pause Young (Allocation Failure) 659M->105M(815M) 0.549ms
[257.970s][info][safepoint] Safepoint "ParallelGCFailedAllocation", Time since last: 62300100 ns, Reaching safepoint: 168000 ns, At safepoint: 629800 ns, Total: 797800 ns
[258.043s][info][gc       ] GC(3730) Pause Young (Allocation Failure) 772M->105M(948M) 1.153ms
[258.043s][info][safepoint] Safepoint "ParallelGCFailedAllocation", Time since last: 72113600 ns, Reaching safepoint: 182500 ns, At safepoint: 1261300 ns, Total: 1443800 ns
[258.129s][info][gc       ] GC(3731) Pause Young (Allocation Failure) 903M->105M(1108M) 0.915ms
[258.129s][info][safepoint] Safepoint "ParallelGCFailedAllocation", Time since last: 84340300 ns, Reaching safepoint: 206900 ns, At safepoint: 990400 ns, Total: 1197300 ns
[258.232s][info][gc       ] GC(3732) Pause Young (Allocation Failure) 1065M->102M(1063M) 0.690ms
[258.232s][info][safepoint] Safepoint "ParallelGCFailedAllocation", Time since last: 102282700 ns, Reaching safepoint: 251100 ns, At safepoint: 771600 ns, Total: 1022700 ns
[258.331s][info][gc       ] GC(3733) Pause Young (Allocation Failure) 1016M->105M(1026M) 0.641ms
[258.331s][info][safepoint] Safepoint "ParallelGCFailedAllocation", Time since last: 98408300 ns, Reaching safepoint: 141700 ns, At safepoint: 733900 ns, Total: 875600 ns
[258.425s][info][gc       ] GC(3734) Pause Young (Allocation Failure) 982M->105M(988M) 1.050ms
[258.425s][info][safepoint] Safepoint "ParallelGCFailedAllocation", Time since last: 92708800 ns, Reaching safepoint: 174500 ns, At safepoint: 1129900 ns, Total: 1304400 ns
[258.514s][info][gc       ] GC(3735) Pause Young (Allocation Failure) 944M->105M(951M) 0.914ms
[258.514s][info][safepoint] Safepoint "ParallelGCFailedAllocation", Time since last: 87942500 ns, Reaching safepoint: 185100 ns, At safepoint: 1008100 ns, Total: 1193200 ns
[258.602s][info][gc       ] GC(3736) Pause Young (Allocation Failure) 907M->102M(914M) 0.801ms
[258.603s][info][safepoint] Safepoint "ParallelGCFailedAllocation", Time since last: 87035100 ns, Reaching safepoint: 202800 ns, At safepoint: 892900 ns, Total: 1095700 ns
[258.685s][info][gc       ] GC(3737) Pause Young (Allocation Failure) 869M->105M(884M) 0.839ms
[258.685s][info][safepoint] Safepoint "ParallelGCFailedAllocation", Time since last: 81486200 ns, Reaching safepoint: 215100 ns, At safepoint: 914200 ns, Total: 1129300 ns
[258.763s][info][gc       ] GC(3738) Pause Young (Allocation Failure) 840M->105M(853M) 1.006ms
[258.763s][info][safepoint] Safepoint "ParallelGCFailedAllocation", Time since last: 76886500 ns, Reaching safepoint: 181100 ns, At safepoint: 1096500 ns, Total: 1277600 ns
[258.838s][info][gc       ] GC(3739) Pause Young (Allocation Failure) 808M->105M(820M) 0.656ms
[258.838s][info][safepoint] Safepoint "ParallelGCFailedAllocation", Time since last: 73861900 ns, Reaching safepoint: 190000 ns, At safepoint: 762700 ns, Total: 952700 ns
[258.909s][info][gc       ] GC(3740) Pause Young (Allocation Failure) 779M->108M(795M) 0.750ms
[258.909s][info][safepoint] Safepoint "ParallelGCFailedAllocation", Time since last: 70157400 ns, Reaching safepoint: 190200 ns, At safepoint: 835100 ns, Total: 1025300 ns
[258.980s][info][gc       ] GC(3741) Pause Young (Allocation Failure) 756M->105M(765M) 0.834ms
[258.980s][info][safepoint] Safepoint "ParallelGCFailedAllocation", Time since last: 69604700 ns, Reaching safepoint: 226400 ns, At safepoint: 916500 ns, Total: 1142900 ns
[259.047s][info][gc       ] GC(3742) Pause Young (Allocation Failure) 724M->108M(743M) 0.667ms
[259.047s][info][safepoint] Safepoint "ParallelGCFailedAllocation", Time since last: 66422900 ns, Reaching safepoint: 180500 ns, At safepoint: 761800 ns, Total: 942300 ns
[259.113s][info][gc       ] GC(3743) Pause Young (Allocation Failure) 701M->108M(718M) 0.744ms
[259.113s][info][safepoint] Safepoint "ParallelGCFailedAllocation", Time since last: 64091300 ns, Reaching safepoint: 227100 ns, At safepoint: 830300 ns, Total: 1057400 ns
[259.174s][info][gc       ] GC(3744) Pause Young (Allocation Failure) 678M->105M(692M) 0.817ms
[259.174s][info][safepoint] Safepoint "ParallelGCFailedAllocation", Time since last: 60561400 ns, Reaching safepoint: 146800 ns, At safepoint: 923100 ns, Total: 1069900 ns
[259.234s][info][gc       ] GC(3745) Pause Young (Allocation Failure) 652M->108M(805M) 1.012ms
[259.234s][info][safepoint] Safepoint "ParallelGCFailedAllocation", Time since last: 58049700 ns, Reaching safepoint: 216800 ns, At safepoint: 1103600 ns, Total: 1320400 ns
[259.304s][info][gc       ] GC(3746) Pause Young (Allocation Failure) 765M->108M(777M) 0.897ms
[259.304s][info][safepoint] Safepoint "ParallelGCFailedAllocation", Time since last: 69263600 ns, Reaching safepoint: 199100 ns, At safepoint: 991900 ns, Total: 1191000 ns
[259.371s][info][gc       ] GC(3747) Pause Young (Allocation Failure) 736M->108M(748M) 0.631ms
[259.371s][info][safepoint] Safepoint "ParallelGCFailedAllocation", Time since last: 66343400 ns, Reaching safepoint: 176400 ns, At safepoint: 726400 ns, Total: 902800 ns
[259.435s][info][gc       ] GC(3748) Pause Young (Allocation Failure) 710M->108M(724M) 0.615ms
[259.435s][info][safepoint] Safepoint "ParallelGCFailedAllocation", Time since last: 63303900 ns, Reaching safepoint: 182300 ns, At safepoint: 701700 ns, Total: 884000 ns
[259.497s][info][gc       ] GC(3749) Pause Young (Allocation Failure) 688M->111M(703M) 0.798ms
[259.497s][info][safepoint] Safepoint "ParallelGCFailedAllocation", Time since last: 60574200 ns, Reaching safepoint: 117100 ns, At safepoint: 885200 ns, Total: 1002300 ns
[259.557s][info][gc       ] GC(3750) Pause Young (Allocation Failure) 666M->111M(681M) 1.051ms
[259.557s][info][safepoint] Safepoint "ParallelGCFailedAllocation", Time since last: 58528100 ns, Reaching safepoint: 146300 ns, At safepoint: 1135000 ns, Total: 1281300 ns
[259.616s][info][gc       ] GC(3751) Pause Young (Allocation Failure) 643M->111M(784M) 0.770ms
[259.616s][info][safepoint] Safepoint "ParallelGCFailedAllocation", Time since last: 57758200 ns, Reaching safepoint: 189900 ns, At safepoint: 880300 ns, Total: 1070200 ns
[259.684s][info][gc       ] GC(3752) Pause Young (Allocation Failure) 748M->111M(758M) 0.677ms
[259.684s][info][safepoint] Safepoint "ParallelGCFailedAllocation", Time since last: 67742500 ns, Reaching safepoint: 138700 ns, At safepoint: 757600 ns, Total: 896300 ns
[259.750s][info][gc       ] GC(3753) Pause Young (Allocation Failure) 719M->114M(736M) 0.769ms
[259.750s][info][safepoint] Safepoint "ParallelGCFailedAllocation", Time since last: 64325900 ns, Reaching safepoint: 204200 ns, At safepoint: 856200 ns, Total: 1060400 ns
[259.813s][info][gc       ] GC(3754) Pause Young (Allocation Failure) 702M->114M(853M) 1.073ms
[259.813s][info][safepoint] Safepoint "ParallelGCFailedAllocation", Time since last: 62390100 ns, Reaching safepoint: 193000 ns, At safepoint: 1161000 ns, Total: 1354000 ns
[259.889s][info][gc       ] GC(3755) Pause Young (Allocation Failure) 818M->114M(821M) 0.607ms
[259.889s][info][safepoint] Safepoint "ParallelGCFailedAllocation", Time since last: 74883400 ns, Reaching safepoint: 148700 ns, At safepoint: 732000 ns, Total: 880700 ns
[259.964s][info][gc       ] GC(3756) Pause Young (Allocation Failure) 789M->117M(796M) 0.630ms
[259.964s][info][safepoint] Safepoint "ParallelGCFailedAllocation", Time since last: 73534100 ns, Reaching safepoint: 144800 ns, At safepoint: 733800 ns, Total: 878600 ns
[260.032s][info][gc       ] GC(3757) Pause Young (Allocation Failure) 763M->117M(769M) 0.938ms
[260.032s][info][safepoint] Safepoint "ParallelGCFailedAllocation", Time since last: 67453800 ns, Reaching safepoint: 188300 ns, At safepoint: 1032300 ns, Total: 1220600 ns
[260.097s][info][gc       ] GC(3758) Pause Young (Allocation Failure) 737M->114M(740M) 0.658ms
[260.097s][info][safepoint] Safepoint "ParallelGCFailedAllocation", Time since last: 63684500 ns, Reaching safepoint: 134700 ns, At safepoint: 796900 ns, Total: 931600 ns
[260.161s][info][gc       ] GC(3759) Pause Young (Allocation Failure) 708M->114M(716M) 0.700ms
[260.161s][info][safepoint] Safepoint "ParallelGCFailedAllocation", Time since last: 63137600 ns, Reaching safepoint: 131400 ns, At safepoint: 768300 ns, Total: 899700 ns
[260.221s][info][gc       ] GC(3760) Pause Young (Allocation Failure) 685M->117M(833M) 1.055ms
[260.221s][info][safepoint] Safepoint "ParallelGCFailedAllocation", Time since last: 58940500 ns, Reaching safepoint: 203000 ns, At safepoint: 1141600 ns, Total: 1344600 ns
[260.293s][info][gc       ] GC(3761) Pause Young (Allocation Failure) 798M->117M(804M) 0.751ms
[260.293s][info][safepoint] Safepoint "ParallelGCFailedAllocation", Time since last: 71070200 ns, Reaching safepoint: 159600 ns, At safepoint: 835000 ns, Total: 994600 ns
[260.363s][info][gc       ] GC(3762) Pause Young (Allocation Failure) 769M->117M(777M) 0.717ms
[260.363s][info][safepoint] Safepoint "ParallelGCFailedAllocation", Time since last: 69028800 ns, Reaching safepoint: 203000 ns, At safepoint: 795200 ns, Total: 998200 ns
[260.430s][info][gc       ] GC(3763) Pause Young (Allocation Failure) 746M->117M(748M) 0.742ms
[260.430s][info][safepoint] Safepoint "ParallelGCFailedAllocation", Time since last: 65718300 ns, Reaching safepoint: 138500 ns, At safepoint: 819200 ns, Total: 957700 ns
[260.494s][info][gc       ] GC(3764) Pause Young (Allocation Failure) 720M->117M(723M) 0.610ms
[260.494s][info][safepoint] Safepoint "ParallelGCFailedAllocation", Time since last: 62857200 ns, Reaching safepoint: 121000 ns, At safepoint: 745600 ns, Total: 866600 ns
[260.555s][info][gc       ] GC(3765) Pause Young (Allocation Failure) 696M->117M(700M) 0.771ms
[260.555s][info][safepoint] Safepoint "ParallelGCFailedAllocation", Time since last: 59984400 ns, Reaching safepoint: 123800 ns, At safepoint: 829900 ns, Total: 953700 ns
[260.615s][info][gc       ] GC(3766) Pause Young (Allocation Failure) 670M->119M(680M) 0.646ms
[260.615s][info][safepoint] Safepoint "ParallelGCFailedAllocation", Time since last: 59462600 ns, Reaching safepoint: 130400 ns, At safepoint: 713000 ns, Total: 843400 ns
[260.672s][info][gc       ] GC(3767) Pause Young (Allocation Failure) 647M->119M(659M) 0.662ms
[260.672s][info][safepoint] Safepoint "ParallelGCFailedAllocation", Time since last: 55670100 ns, Reaching safepoint: 171400 ns, At safepoint: 746600 ns, Total: 918000 ns
[260.727s][info][gc       ] GC(3768) Pause Young (Allocation Failure) 630M->119M(761M) 1.154ms
[260.727s][info][safepoint] Safepoint "ParallelGCFailedAllocation", Time since last: 53555500 ns, Reaching safepoint: 201700 ns, At safepoint: 1281600 ns, Total: 1483300 ns
[260.791s][info][gc       ] GC(3769) Pause Young (Allocation Failure) 732M->119M(880M) 0.763ms
[260.791s][info][safepoint] Safepoint "ParallelGCFailedAllocation", Time since last: 63391600 ns, Reaching safepoint: 195800 ns, At safepoint: 873800 ns, Total: 1069600 ns
[260.869s][info][gc       ] GC(3770) Pause Young (Allocation Failure) 851M->122M(852M) 0.606ms
[260.869s][info][safepoint] Safepoint "ParallelGCFailedAllocation", Time since last: 76966600 ns, Reaching safepoint: 209300 ns, At safepoint: 707200 ns, Total: 916500 ns
[260.943s][info][gc       ] GC(3771) Pause Young (Allocation Failure) 822M->122M(823M) 0.599ms
[260.943s][info][safepoint] Safepoint "ParallelGCFailedAllocation", Time since last: 73363100 ns, Reaching safepoint: 169800 ns, At safepoint: 675500 ns, Total: 845300 ns
[261.016s][info][gc       ] GC(3772) Pause Young (Allocation Failure) 796M->119M(792M) 0.796ms
[261.016s][info][safepoint] Safepoint "ParallelGCFailedAllocation", Time since last: 72244800 ns, Reaching safepoint: 197800 ns, At safepoint: 878800 ns, Total: 1076600 ns
[261.086s][info][gc       ] GC(3773) Pause Young (Allocation Failure) 764M->122M(768M) 0.664ms
[261.086s][info][safepoint] Safepoint "ParallelGCFailedAllocation", Time since last: 68750300 ns, Reaching safepoint: 194800 ns, At safepoint: 751700 ns, Total: 946500 ns
[261.153s][info][gc       ] GC(3774) Pause Young (Allocation Failure) 741M->122M(742M) 0.867ms
[261.153s][info][safepoint] Safepoint "ParallelGCFailedAllocation", Time since last: 65633000 ns, Reaching safepoint: 204900 ns, At safepoint: 1001500 ns, Total: 1206400 ns
[261.218s][info][gc       ] GC(3775) Pause Young (Allocation Failure) 715M->119M(858M) 1.168ms
[261.218s][info][safepoint] Safepoint "ParallelGCFailedAllocation", Time since last: 63649000 ns, Reaching safepoint: 236100 ns, At safepoint: 1256600 ns, Total: 1492700 ns
[261.294s][info][gc       ] GC(3776) Pause Young (Allocation Failure) 832M->119M(828M) 0.666ms
[261.294s][info][safepoint] Safepoint "ParallelGCFailedAllocation", Time since last: 75116400 ns, Reaching safepoint: 187800 ns, At safepoint: 741400 ns, Total: 929200 ns
[261.367s][info][gc       ] GC(3777) Pause Young (Allocation Failure) 800M->122M(802M) 0.667ms
[261.367s][info][safepoint] Safepoint "ParallelGCFailedAllocation", Time since last: 71879000 ns, Reaching safepoint: 182700 ns, At safepoint: 753200 ns, Total: 935900 ns
[261.437s][info][gc       ] GC(3778) Pause Young (Allocation Failure) 776M->122M(775M) 0.897ms
[261.437s][info][safepoint] Safepoint "ParallelGCFailedAllocation", Time since last: 68579800 ns, Reaching safepoint: 166600 ns, At safepoint: 978900 ns, Total: 1145500 ns
[261.504s][info][gc       ] GC(3779) Pause Young (Allocation Failure) 750M->119M(746M) 0.624ms
[261.504s][info][safepoint] Safepoint "ParallelGCFailedAllocation", Time since last: 66345300 ns, Reaching safepoint: 227500 ns, At safepoint: 757200 ns, Total: 984700 ns
[261.573s][info][gc       ] GC(3780) Pause Young (Allocation Failure) 718M->122M(725M) 0.731ms
[261.573s][info][safepoint] Safepoint "ParallelGCFailedAllocation", Time since last: 67663500 ns, Reaching safepoint: 199800 ns, At safepoint: 805600 ns, Total: 1005400 ns
[261.637s][info][gc       ] GC(3781) Pause Young (Allocation Failure) 700M->122M(701M) 0.658ms
[261.637s][info][safepoint] Safepoint "ParallelGCFailedAllocation", Time since last: 63217900 ns, Reaching safepoint: 209800 ns, At safepoint: 747700 ns, Total: 957500 ns
[261.697s][info][gc       ] GC(3782) Pause Young (Allocation Failure) 674M->122M(679M) 0.740ms
[261.697s][info][safepoint] Safepoint "ParallelGCFailedAllocation", Time since last: 58760200 ns, Reaching safepoint: 182200 ns, At safepoint: 839700 ns, Total: 1021900 ns
[261.754s][info][gc       ] GC(3783) Pause Young (Allocation Failure) 651M->122M(658M) 0.636ms
[261.754s][info][safepoint] Safepoint "ParallelGCFailedAllocation", Time since last: 55965400 ns, Reaching safepoint: 177900 ns, At safepoint: 712900 ns, Total: 890800 ns
[261.808s][info][gc       ] GC(3784) Pause Young (Allocation Failure) 628M->122M(760M) 0.978ms
[261.808s][info][safepoint] Safepoint "ParallelGCFailedAllocation", Time since last: 53453600 ns, Reaching safepoint: 210900 ns, At safepoint: 1055900 ns, Total: 1266800 ns
[261.873s][info][gc       ] GC(3785) Pause Young (Allocation Failure) 730M->122M(882M) 0.706ms
[261.873s][info][safepoint] Safepoint "ParallelGCFailedAllocation", Time since last: 64039500 ns, Reaching safepoint: 136800 ns, At safepoint: 783000 ns, Total: 919800 ns
[261.951s][info][gc       ] GC(3786) Pause Young (Allocation Failure) 856M->122M(851M) 0.843ms
[261.951s][info][safepoint] Safepoint "ParallelGCFailedAllocation", Time since last: 76826900 ns, Reaching safepoint: 129000 ns, At safepoint: 950300 ns, Total: 1079300 ns
[262.027s][info][gc       ] GC(3787) Pause Young (Allocation Failure) 824M->122M(818M) 0.616ms
[262.027s][info][safepoint] Safepoint "ParallelGCFailedAllocation", Time since last: 74806700 ns, Reaching safepoint: 123500 ns, At safepoint: 690500 ns, Total: 814000 ns
[262.099s][info][gc       ] GC(3788) Pause Young (Allocation Failure) 795M->125M(793M) 1.157ms
[262.099s][info][safepoint] Safepoint "ParallelGCFailedAllocation", Time since last: 70523200 ns, Reaching safepoint: 140700 ns, At safepoint: 1271300 ns, Total: 1412000 ns
[262.170s][info][gc       ] GC(3789) Pause Young (Allocation Failure) 771M->122M(764M) 0.605ms
[262.170s][info][safepoint] Safepoint "ParallelGCFailedAllocation", Time since last: 70655200 ns, Reaching safepoint: 46100 ns, At safepoint: 679400 ns, Total: 725500 ns
[262.241s][info][gc       ] GC(3790) Pause Young (Allocation Failure) 739M->125M(741M) 1.166ms
[262.241s][info][safepoint] Safepoint "ParallelGCFailedAllocation", Time since last: 69416500 ns, Reaching safepoint: 197900 ns, At safepoint: 1327500 ns, Total: 1525400 ns
[262.304s][info][gc       ] GC(3791) Pause Young (Allocation Failure) 716M->125M(860M) 0.753ms
[262.304s][info][safepoint] Safepoint "ParallelGCFailedAllocation", Time since last: 62088700 ns, Reaching safepoint: 242900 ns, At safepoint: 828800 ns, Total: 1071700 ns
[262.379s][info][gc       ] GC(3792) Pause Young (Allocation Failure) 836M->122M(827M) 0.718ms
[262.380s][info][safepoint] Safepoint "ParallelGCFailedAllocation", Time since last: 74232000 ns, Reaching safepoint: 217100 ns, At safepoint: 860400 ns, Total: 1077500 ns
[262.452s][info][gc       ] GC(3793) Pause Young (Allocation Failure) 804M->125M(801M) 0.579ms
[262.452s][info][safepoint] Safepoint "ParallelGCFailedAllocation", Time since last: 71374100 ns, Reaching safepoint: 138800 ns, At safepoint: 658600 ns, Total: 797400 ns
[262.521s][info][gc       ] GC(3794) Pause Young (Allocation Failure) 777M->122M(771M) 0.638ms
[262.521s][info][safepoint] Safepoint "ParallelGCFailedAllocation", Time since last: 68723800 ns, Reaching safepoint: 174200 ns, At safepoint: 752300 ns, Total: 926500 ns
[262.588s][info][gc       ] GC(3795) Pause Young (Allocation Failure) 745M->125M(748M) 0.571ms
[262.588s][info][safepoint] Safepoint "ParallelGCFailedAllocation", Time since last: 65582500 ns, Reaching safepoint: 128000 ns, At safepoint: 662200 ns, Total: 790200 ns
[262.652s][info][gc       ] GC(3796) Pause Young (Allocation Failure) 722M->125M(724M) 0.905ms
[262.652s][info][safepoint] Safepoint "ParallelGCFailedAllocation", Time since last: 63155300 ns, Reaching safepoint: 180000 ns, At safepoint: 998500 ns, Total: 1178500 ns
[262.714s][info][gc       ] GC(3797) Pause Young (Allocation Failure) 702M->125M(697M) 0.612ms
[262.714s][info][safepoint] Safepoint "ParallelGCFailedAllocation", Time since last: 61547900 ns, Reaching safepoint: 119800 ns, At safepoint: 679300 ns, Total: 799100 ns
[262.773s][info][gc       ] GC(3798) Pause Young (Allocation Failure) 675M->125M(675M) 0.583ms
[262.773s][info][safepoint] Safepoint "ParallelGCFailedAllocation", Time since last: 58119800 ns, Reaching safepoint: 120500 ns, At safepoint: 656000 ns, Total: 776500 ns
[262.830s][info][gc       ] GC(3799) Pause Young (Allocation Failure) 655M->125M(654M) 0.664ms
[262.830s][info][safepoint] Safepoint "ParallelGCFailedAllocation", Time since last: 55851900 ns, Reaching safepoint: 118400 ns, At safepoint: 748100 ns, Total: 866500 ns
[262.885s][info][gc       ] GC(3800) Pause Young (Allocation Failure) 634M->128M(637M) 0.754ms
[262.885s][info][safepoint] Safepoint "ParallelGCFailedAllocation", Time since last: 53713900 ns, Reaching safepoint: 131000 ns, At safepoint: 836500 ns, Total: 967500 ns
[262.938s][info][gc       ] GC(3801) Pause Young (Allocation Failure) 617M->128M(735M) 1.037ms
[262.938s][info][safepoint] Safepoint "ParallelGCFailedAllocation", Time since last: 51962900 ns, Reaching safepoint: 178700 ns, At safepoint: 1147700 ns, Total: 1326400 ns
[263.003s][info][gc       ] GC(3802) Pause Young (Allocation Failure) 714M->128M(852M) 1.036ms
[263.003s][info][safepoint] Safepoint "ParallelGCFailedAllocation", Time since last: 63409100 ns, Reaching safepoint: 120100 ns, At safepoint: 1135300 ns, Total: 1255400 ns
[263.078s][info][gc       ] GC(3803) Pause Young (Allocation Failure) 831M->128M(987M) 1.241ms
[263.078s][info][safepoint] Safepoint "ParallelGCFailedAllocation", Time since last: 74216600 ns, Reaching safepoint: 177400 ns, At safepoint: 1335200 ns, Total: 1512600 ns
[263.169s][info][gc       ] GC(3804) Pause Young (Allocation Failure) 971M->131M(1164M) 0.555ms
[263.169s][info][safepoint] Safepoint "ParallelGCFailedAllocation", Time since last: 89382500 ns, Reaching safepoint: 196800 ns, At safepoint: 640700 ns, Total: 837500 ns
[263.277s][info][gc       ] GC(3805) Pause Young (Allocation Failure) 1144M->134M(1116M) 1.071ms
[263.278s][info][safepoint] Safepoint "ParallelGCFailedAllocation", Time since last: 107585100 ns, Reaching safepoint: 196900 ns, At safepoint: 1165400 ns, Total: 1362300 ns
[263.385s][info][gc       ] GC(3806) Pause Young (Allocation Failure) 1101M->134M(1073M) 1.060ms
[263.385s][info][safepoint] Safepoint "ParallelGCFailedAllocation", Time since last: 106057500 ns, Reaching safepoint: 136900 ns, At safepoint: 1205700 ns, Total: 1342600 ns
[263.486s][info][gc       ] GC(3807) Pause Young (Allocation Failure) 1060M->134M(1033M) 0.608ms
[263.486s][info][safepoint] Safepoint "ParallelGCFailedAllocation", Time since last: 100506700 ns, Reaching safepoint: 127400 ns, At safepoint: 696000 ns, Total: 823400 ns
[263.581s][info][gc       ] GC(3808) Pause Young (Allocation Failure) 1019M->134M(994M) 0.799ms
[263.582s][info][safepoint] Safepoint "ParallelGCFailedAllocation", Time since last: 94168500 ns, Reaching safepoint: 210600 ns, At safepoint: 977600 ns, Total: 1188200 ns
[263.671s][info][gc       ] GC(3809) Pause Young (Allocation Failure) 975M->134M(958M) 0.790ms
[263.671s][info][safepoint] Safepoint "ParallelGCFailedAllocation", Time since last: 88691300 ns, Reaching safepoint: 203800 ns, At safepoint: 873900 ns, Total: 1077700 ns
[263.757s][info][gc       ] GC(3810) Pause Young (Allocation Failure) 940M->134M(923M) 0.840ms
[263.757s][info][safepoint] Safepoint "ParallelGCFailedAllocation", Time since last: 84765100 ns, Reaching safepoint: 146900 ns, At safepoint: 922000 ns, Total: 1068900 ns
[263.840s][info][gc       ] GC(3811) Pause Young (Allocation Failure) 905M->134M(890M) 0.777ms
[263.840s][info][safepoint] Safepoint "ParallelGCFailedAllocation", Time since last: 82189900 ns, Reaching safepoint: 117300 ns, At safepoint: 872200 ns, Total: 989500 ns
[263.920s][info][gc       ] GC(3812) Pause Young (Allocation Failure) 876M->134M(858M) 1.115ms
[263.920s][info][safepoint] Safepoint "ParallelGCFailedAllocation", Time since last: 78126200 ns, Reaching safepoint: 144800 ns, At safepoint: 1222800 ns, Total: 1367600 ns
[263.999s][info][gc       ] GC(3813) Pause Young (Allocation Failure) 844M->134M(828M) 0.532ms
[263.999s][info][safepoint] Safepoint "ParallelGCFailedAllocation", Time since last: 78311500 ns, Reaching safepoint: 128600 ns, At safepoint: 615400 ns, Total: 744000 ns
[264.070s][info][gc       ] GC(3814) Pause Young (Allocation Failure) 814M->134M(800M) 0.806ms
[264.070s][info][safepoint] Safepoint "ParallelGCFailedAllocation", Time since last: 70486400 ns, Reaching safepoint: 125200 ns, At safepoint: 941600 ns, Total: 1066800 ns
[264.139s][info][gc       ] GC(3815) Pause Young (Allocation Failure) 785M->134M(773M) 0.937ms
[264.139s][info][safepoint] Safepoint "ParallelGCFailedAllocation", Time since last: 67404300 ns, Reaching safepoint: 198900 ns, At safepoint: 1014000 ns, Total: 1212900 ns
[264.206s][info][gc       ] GC(3816) Pause Young (Allocation Failure) 759M->131M(895M) 1.335ms
[264.206s][info][safepoint] Safepoint "ParallelGCFailedAllocation", Time since last: 65152700 ns, Reaching safepoint: 182700 ns, At safepoint: 1453100 ns, Total: 1635800 ns
[264.286s][info][gc       ] GC(3817) Pause Young (Allocation Failure) 879M->131M(863M) 0.858ms
[264.286s][info][safepoint] Safepoint "ParallelGCFailedAllocation", Time since last: 78798800 ns, Reaching safepoint: 189400 ns, At safepoint: 967200 ns, Total: 1156600 ns
[264.362s][info][gc       ] GC(3818) Pause Young (Allocation Failure) 847M->131M(832M) 0.774ms
[264.362s][info][safepoint] Safepoint "ParallelGCFailedAllocation", Time since last: 74949400 ns, Reaching safepoint: 193400 ns, At safepoint: 862600 ns, Total: 1056000 ns
[264.434s][info][gc       ] GC(3819) Pause Young (Allocation Failure) 815M->134M(806M) 0.776ms
[264.435s][info][safepoint] Safepoint "ParallelGCFailedAllocation", Time since last: 71573500 ns, Reaching safepoint: 193700 ns, At safepoint: 931000 ns, Total: 1124700 ns
[264.504s][info][gc       ] GC(3820) Pause Young (Allocation Failure) 791M->134M(779M) 0.836ms
[264.504s][info][safepoint] Safepoint "ParallelGCFailedAllocation", Time since last: 68411000 ns, Reaching safepoint: 220000 ns, At safepoint: 924800 ns, Total: 1144800 ns
[264.571s][info][gc       ] GC(3821) Pause Young (Allocation Failure) 765M->131M(750M) 0.683ms
[264.571s][info][safepoint] Safepoint "ParallelGCFailedAllocation", Time since last: 65834500 ns, Reaching safepoint: 195700 ns, At safepoint: 789600 ns, Total: 985300 ns
[264.636s][info][gc       ] GC(3822) Pause Young (Allocation Failure) 733M->134M(728M) 0.799ms
[264.636s][info][safepoint] Safepoint "ParallelGCFailedAllocation", Time since last: 63640800 ns, Reaching safepoint: 204000 ns, At safepoint: 907400 ns, Total: 1111400 ns
[264.697s][info][gc       ] GC(3823) Pause Young (Allocation Failure) 714M->134M(704M) 0.822ms
[264.697s][info][safepoint] Safepoint "ParallelGCFailedAllocation", Time since last: 60359900 ns, Reaching safepoint: 192300 ns, At safepoint: 948700 ns, Total: 1141000 ns
[264.756s][info][gc       ] GC(3824) Pause Young (Allocation Failure) 689M->134M(682M) 0.818ms
[264.756s][info][safepoint] Safepoint "ParallelGCFailedAllocation", Time since last: 58050800 ns, Reaching safepoint: 195500 ns, At safepoint: 919100 ns, Total: 1114600 ns
[264.813s][info][gc       ] GC(3825) Pause Young (Allocation Failure) 666M->134M(660M) 0.601ms
[264.813s][info][safepoint] Safepoint "ParallelGCFailedAllocation", Time since last: 55958100 ns, Reaching safepoint: 205600 ns, At safepoint: 687500 ns, Total: 893100 ns
[264.868s][info][gc       ] GC(3826) Pause Young (Allocation Failure) 642M->134M(763M) 1.456ms
[264.868s][info][safepoint] Safepoint "ParallelGCFailedAllocation", Time since last: 53306700 ns, Reaching safepoint: 112600 ns, At safepoint: 1586500 ns, Total: 1699100 ns
[264.934s][info][gc       ] GC(3827) Pause Young (Allocation Failure) 745M->134M(883M) 0.852ms
[264.934s][info][safepoint] Safepoint "ParallelGCFailedAllocation", Time since last: 64323700 ns, Reaching safepoint: 202700 ns, At safepoint: 951000 ns, Total: 1153700 ns
[265.014s][info][gc       ] GC(3828) Pause Young (Allocation Failure) 871M->137M(854M) 0.664ms
[265.014s][info][safepoint] Safepoint "ParallelGCFailedAllocation", Time since last: 79094300 ns, Reaching safepoint: 147500 ns, At safepoint: 740500 ns, Total: 888000 ns
[265.089s][info][gc       ] GC(3829) Pause Young (Allocation Failure) 842M->137M(825M) 0.692ms
[265.089s][info][safepoint] Safepoint "ParallelGCFailedAllocation", Time since last: 73997200 ns, Reaching safepoint: 208400 ns, At safepoint: 776200 ns, Total: 984600 ns
[265.167s][info][gc       ] GC(3830) Pause Young (Allocation Failure) 813M->137M(796M) 1.247ms
[265.167s][info][safepoint] Safepoint "ParallelGCFailedAllocation", Time since last: 77085800 ns, Reaching safepoint: 189700 ns, At safepoint: 1330500 ns, Total: 1520200 ns
[265.239s][info][gc       ] GC(3831) Pause Young (Allocation Failure) 784M->137M(920M) 1.085ms
[265.245s][info][gc       ] GC(3832) Pause Full (Ergonomics) 137M->8M(1089M) 5.779ms
[265.245s][info][safepoint] Safepoint "ParallelGCFailedAllocation", Time since last: 70709600 ns, Reaching safepoint: 125800 ns, At safepoint: 7069100 ns, Total: 7194900 ns
[265.355s][info][gc       ] GC(3833) Pause Young (Allocation Failure) 938M->17M(1048M) 0.572ms
[265.355s][info][safepoint] Safepoint "ParallelGCFailedAllocation", Time since last: 109029100 ns, Reaching safepoint: 46400 ns, At safepoint: 643000 ns, Total: 689400 ns
[265.456s][info][gc       ] GC(3834) Pause Young (Allocation Failure) 905M->17M(1006M) 1.083ms
[265.457s][info][safepoint] Safepoint "ParallelGCFailedAllocation", Time since last: 100352100 ns, Reaching safepoint: 123100 ns, At safepoint: 1175700 ns, Total: 1298800 ns
[265.548s][info][gc       ] GC(3835) Pause Young (Allocation Failure) 870M->14M(966M) 0.680ms
[265.548s][info][safepoint] Safepoint "ParallelGCFailedAllocation", Time since last: 90307400 ns, Reaching safepoint: 220100 ns, At safepoint: 773100 ns, Total: 993200 ns
[265.634s][info][gc       ] GC(3836) Pause Young (Allocation Failure) 826M->17M(934M) 0.517ms
[265.634s][info][safepoint] Safepoint "ParallelGCFailedAllocation", Time since last: 85882400 ns, Reaching safepoint: 131600 ns, At safepoint: 591700 ns, Total: 723300 ns
[265.720s][info][gc       ] GC(3837) Pause Young (Allocation Failure) 797M->17M(901M) 0.921ms
[265.720s][info][safepoint] Safepoint "ParallelGCFailedAllocation", Time since last: 84438000 ns, Reaching safepoint: 135200 ns, At safepoint: 990700 ns, Total: 1125900 ns
[265.802s][info][gc       ] GC(3838) Pause Young (Allocation Failure) 762M->17M(869M) 0.683ms
[265.802s][info][safepoint] Safepoint "ParallelGCFailedAllocation", Time since last: 80670800 ns, Reaching safepoint: 132800 ns, At safepoint: 758900 ns, Total: 891700 ns
[265.880s][info][gc       ] GC(3839) Pause Young (Allocation Failure) 732M->14M(836M) 0.576ms
[265.880s][info][safepoint] Safepoint "ParallelGCFailedAllocation", Time since last: 78152000 ns, Reaching safepoint: 122700 ns, At safepoint: 637400 ns, Total: 760100 ns
[265.960s][info][gc       ] GC(3840) Pause Young (Allocation Failure) 700M->17M(811M) 0.670ms
[265.960s][info][safepoint] Safepoint "ParallelGCFailedAllocation", Time since last: 78411000 ns, Reaching safepoint: 129200 ns, At safepoint: 738400 ns, Total: 867600 ns
[266.033s][info][gc       ] GC(3841) Pause Young (Allocation Failure) 674M->14M(780M) 0.724ms
[266.034s][info][safepoint] Safepoint "ParallelGCFailedAllocation", Time since last: 72825700 ns, Reaching safepoint: 138400 ns, At safepoint: 789700 ns, Total: 928100 ns
[266.102s][info][gc       ] GC(3842) Pause Young (Allocation Failure) 641M->17M(757M) 0.657ms
[266.103s][info][safepoint] Safepoint "ParallelGCFailedAllocation", Time since last: 68159400 ns, Reaching safepoint: 140700 ns, At safepoint: 743200 ns, Total: 883900 ns
[266.173s][info][gc       ] GC(3843) Pause Young (Allocation Failure) 618M->17M(733M) 0.726ms
[266.173s][info][safepoint] Safepoint "ParallelGCFailedAllocation", Time since last: 69394600 ns, Reaching safepoint: 220500 ns, At safepoint: 812100 ns, Total: 1032600 ns
[266.243s][info][gc       ] GC(3844) Pause Young (Allocation Failure) 597M->17M(709M) 1.018ms
[266.243s][info][safepoint] Safepoint "ParallelGCFailedAllocation", Time since last: 68508800 ns, Reaching safepoint: 188800 ns, At safepoint: 1131000 ns, Total: 1319800 ns
[266.308s][info][gc       ] GC(3845) Pause Young (Allocation Failure) 571M->14M(684M) 0.856ms
[266.308s][info][safepoint] Safepoint "ParallelGCFailedAllocation", Time since last: 64145200 ns, Reaching safepoint: 130700 ns, At safepoint: 945500 ns, Total: 1076200 ns
[266.371s][info][gc       ] GC(3846) Pause Young (Allocation Failure) 547M->14M(662M) 0.581ms
[266.371s][info][safepoint] Safepoint "ParallelGCFailedAllocation", Time since last: 62107500 ns, Reaching safepoint: 197900 ns, At safepoint: 650800 ns, Total: 848700 ns
[266.425s][info][gc       ] GC(3847) Pause Young (Allocation Failure) 524M->14M(642M) 0.687ms
[266.425s][info][safepoint] Safepoint "ParallelGCFailedAllocation", Time since last: 53435900 ns, Reaching safepoint: 127700 ns, At safepoint: 752900 ns, Total: 880600 ns
[266.478s][info][gc       ] GC(3848) Pause Young (Allocation Failure) 503M->17M(625M) 0.587ms
[266.478s][info][safepoint] Safepoint "ParallelGCFailedAllocation", Time since last: 52140300 ns, Reaching safepoint: 125400 ns, At safepoint: 657400 ns, Total: 782800 ns
[266.529s][info][gc       ] GC(3849) Pause Young (Allocation Failure) 488M->14M(604M) 0.711ms
[266.529s][info][safepoint] Safepoint "ParallelGCFailedAllocation", Time since last: 50086300 ns, Reaching safepoint: 148900 ns, At safepoint: 796700 ns, Total: 945600 ns
[266.578s][info][gc       ] GC(3850) Pause Young (Allocation Failure) 468M->17M(589M) 0.598ms
[266.578s][info][safepoint] Safepoint "ParallelGCFailedAllocation", Time since last: 47723000 ns, Reaching safepoint: 120500 ns, At safepoint: 665000 ns, Total: 785500 ns
[266.624s][info][gc       ] GC(3851) Pause Young (Allocation Failure) 453M->14M(570M) 0.821ms
[266.624s][info][safepoint] Safepoint "ParallelGCFailedAllocation", Time since last: 45565300 ns, Reaching safepoint: 142200 ns, At safepoint: 926300 ns, Total: 1068500 ns
[266.669s][info][gc       ] GC(3852) Pause Young (Allocation Failure) 433M->14M(554M) 0.547ms
[266.669s][info][safepoint] Safepoint "ParallelGCFailedAllocation", Time since last: 43847200 ns, Reaching safepoint: 113400 ns, At safepoint: 601800 ns, Total: 715200 ns
[266.713s][info][gc       ] GC(3853) Pause Young (Allocation Failure) 418M->17M(637M) 0.946ms
[266.713s][info][safepoint] Safepoint "ParallelGCFailedAllocation", Time since last: 42544700 ns, Reaching safepoint: 202100 ns, At safepoint: 1027300 ns, Total: 1229400 ns
[266.764s][info][gc       ] GC(3854) Pause Young (Allocation Failure) 498M->17M(734M) 0.839ms
[266.764s][info][safepoint] Safepoint "ParallelGCFailedAllocation", Time since last: 50383800 ns, Reaching safepoint: 156000 ns, At safepoint: 925000 ns, Total: 1081000 ns
[266.825s][info][gc       ] GC(3855) Pause Young (Allocation Failure) 598M->17M(710M) 0.501ms
[266.825s][info][safepoint] Safepoint "ParallelGCFailedAllocation", Time since last: 60604400 ns, Reaching safepoint: 117200 ns, At safepoint: 570000 ns, Total: 687200 ns
[266.885s][info][gc       ] GC(3856) Pause Young (Allocation Failure) 574M->17M(688M) 0.722ms
[266.885s][info][safepoint] Safepoint "ParallelGCFailedAllocation", Time since last: 58217200 ns, Reaching safepoint: 138600 ns, At safepoint: 793900 ns, Total: 932500 ns
[266.942s][info][gc       ] GC(3857) Pause Young (Allocation Failure) 551M->17M(666M) 0.580ms
[266.942s][info][safepoint] Safepoint "ParallelGCFailedAllocation", Time since last: 56853900 ns, Reaching safepoint: 118200 ns, At safepoint: 651700 ns, Total: 769900 ns
[266.999s][info][gc       ] GC(3858) Pause Young (Allocation Failure) 527M->17M(646M) 0.706ms
[266.999s][info][safepoint] Safepoint "ParallelGCFailedAllocation", Time since last: 55495500 ns, Reaching safepoint: 139700 ns, At safepoint: 793600 ns, Total: 933300 ns
[267.051s][info][gc       ] GC(3859) Pause Young (Allocation Failure) 510M->17M(626M) 0.781ms
[267.051s][info][safepoint] Safepoint "ParallelGCFailedAllocation", Time since last: 51378000 ns, Reaching safepoint: 121300 ns, At safepoint: 850400 ns, Total: 971700 ns
[267.101s][info][gc       ] GC(3860) Pause Young (Allocation Failure) 486M->17M(721M) 0.963ms
[267.101s][info][safepoint] Safepoint "ParallelGCFailedAllocation", Time since last: 49172300 ns, Reaching safepoint: 216700 ns, At safepoint: 1049700 ns, Total: 1266400 ns
[267.161s][info][gc       ] GC(3861) Pause Young (Allocation Failure) 583M->14M(695M) 0.585ms
[267.161s][info][safepoint] Safepoint "ParallelGCFailedAllocation", Time since last: 58918700 ns, Reaching safepoint: 212000 ns, At safepoint: 658900 ns, Total: 870900 ns
[267.219s][info][gc       ] GC(3862) Pause Young (Allocation Failure) 557M->17M(676M) 0.841ms
[267.219s][info][safepoint] Safepoint "ParallelGCFailedAllocation", Time since last: 57014500 ns, Reaching safepoint: 198600 ns, At safepoint: 923000 ns, Total: 1121600 ns
[267.275s][info][gc       ] GC(3863) Pause Young (Allocation Failure) 539M->17M(780M) 0.918ms
[267.275s][info][safepoint] Safepoint "ParallelGCFailedAllocation", Time since last: 54938700 ns, Reaching safepoint: 146700 ns, At safepoint: 1000000 ns, Total: 1146700 ns
[267.342s][info][gc       ] GC(3864) Pause Young (Allocation Failure) 643M->17M(905M) 1.488ms
[267.342s][info][safepoint] Safepoint "ParallelGCFailedAllocation", Time since last: 64757800 ns, Reaching safepoint: 125000 ns, At safepoint: 1567900 ns, Total: 1692900 ns
[267.420s][info][gc       ] GC(3865) Pause Young (Allocation Failure) 764M->17M(1006M) 0.634ms
[267.421s][info][safepoint] Safepoint "ParallelGCFailedAllocation", Time since last: 77686300 ns, Reaching safepoint: 139700 ns, At safepoint: 747200 ns, Total: 886900 ns
[267.512s][info][gc       ] GC(3866) Pause Young (Allocation Failure) 870M->20M(1009M) 0.906ms
[267.512s][info][safepoint] Safepoint "ParallelGCFailedAllocation", Time since last: 90280800 ns, Reaching safepoint: 153900 ns, At safepoint: 974800 ns, Total: 1128700 ns
[267.606s][info][gc       ] GC(3867) Pause Young (Allocation Failure) 873M->20M(1179M) 1.162ms
[267.606s][info][safepoint] Safepoint "ParallelGCFailedAllocation", Time since last: 93072400 ns, Reaching safepoint: 131700 ns, At safepoint: 1230600 ns, Total: 1362300 ns
[267.744s][info][gc       ] GC(3868) Pause Young (Allocation Failure) 1044M->17M(1128M) 1.268ms
[267.744s][info][safepoint] Safepoint "ParallelGCFailedAllocation", Time since last: 136127300 ns, Reaching safepoint: 108300 ns, At safepoint: 1337400 ns, Total: 1445700 ns
[267.850s][info][gc       ] GC(3869) Pause Young (Allocation Failure) 995M->20M(1171M) 1.412ms
[267.850s][info][safepoint] Safepoint "ParallelGCFailedAllocation", Time since last: 104448600 ns, Reaching safepoint: 120100 ns, At safepoint: 1495600 ns, Total: 1615700 ns
[267.958s][info][gc       ] GC(3870) Pause Young (Allocation Failure) 1036M->20M(1174M) 1.170ms
[267.958s][info][safepoint] Safepoint "ParallelGCFailedAllocation", Time since last: 106466200 ns, Reaching safepoint: 116800 ns, At safepoint: 1246400 ns, Total: 1363200 ns
[268.071s][info][gc       ] GC(3871) Pause Young (Allocation Failure) 1036M->20M(1376M) 1.187ms
[268.071s][info][safepoint] Safepoint "ParallelGCFailedAllocation", Time since last: 111907300 ns, Reaching safepoint: 123800 ns, At safepoint: 1274800 ns, Total: 1398600 ns
[268.230s][info][gc       ] GC(3872) Pause Young (Allocation Failure) 1238M->20M(1319M) 1.603ms
[268.230s][info][safepoint] Safepoint "ParallelGCFailedAllocation", Time since last: 157444600 ns, Reaching safepoint: 126800 ns, At safepoint: 1676800 ns, Total: 1803600 ns
[268.360s][info][gc       ] GC(3873) Pause Young (Allocation Failure) 1186M->20M(1261M) 0.853ms
[268.360s][info][safepoint] Safepoint "ParallelGCFailedAllocation", Time since last: 128320900 ns, Reaching safepoint: 191300 ns, At safepoint: 929800 ns, Total: 1121100 ns
[268.482s][info][gc       ] GC(3874) Pause Young (Allocation Failure) 1129M->26M(1220M) 0.543ms
[268.482s][info][safepoint] Safepoint "ParallelGCFailedAllocation", Time since last: 121716100 ns, Reaching safepoint: 163700 ns, At safepoint: 665600 ns, Total: 829300 ns
[268.599s][info][gc       ] GC(3875) Pause Young (Allocation Failure) 1087M->26M(1170M) 1.411ms
[268.599s][info][safepoint] Safepoint "ParallelGCFailedAllocation", Time since last: 115285800 ns, Reaching safepoint: 220600 ns, At safepoint: 1490300 ns, Total: 1710900 ns
[268.707s][info][gc       ] GC(3876) Pause Young (Allocation Failure) 1040M->23M(1122M) 0.602ms
[268.707s][info][safepoint] Safepoint "ParallelGCFailedAllocation", Time since last: 106648800 ns, Reaching safepoint: 160400 ns, At safepoint: 700700 ns, Total: 861100 ns
[268.815s][info][gc       ] GC(3877) Pause Young (Allocation Failure) 990M->26M(1082M) 0.674ms
[268.815s][info][safepoint] Safepoint "ParallelGCFailedAllocation", Time since last: 107562700 ns, Reaching safepoint: 143800 ns, At safepoint: 764100 ns, Total: 907900 ns
[268.921s][info][gc       ] GC(3878) Pause Young (Allocation Failure) 955M->26M(1042M) 0.632ms
[268.921s][info][safepoint] Safepoint "ParallelGCFailedAllocation", Time since last: 104976100 ns, Reaching safepoint: 134100 ns, At safepoint: 699600 ns, Total: 833700 ns
[269.022s][info][gc       ] GC(3879) Pause Young (Allocation Failure) 914M->26M(1003M) 0.833ms
[269.022s][info][safepoint] Safepoint "ParallelGCFailedAllocation", Time since last: 100190000 ns, Reaching safepoint: 143100 ns, At safepoint: 916300 ns, Total: 1059400 ns
[269.122s][info][gc       ] GC(3880) Pause Young (Allocation Failure) 875M->26M(967M) 1.085ms
[269.122s][info][safepoint] Safepoint "ParallelGCFailedAllocation", Time since last: 98619500 ns, Reaching safepoint: 134900 ns, At safepoint: 1195500 ns, Total: 1330400 ns
[269.217s][info][gc       ] GC(3881) Pause Young (Allocation Failure) 834M->26M(932M) 0.483ms
[269.217s][info][safepoint] Safepoint "ParallelGCFailedAllocation", Time since last: 93633600 ns, Reaching safepoint: 140600 ns, At safepoint: 562600 ns, Total: 703200 ns
[269.308s][info][gc       ] GC(3882) Pause Young (Allocation Failure) 805M->26M(899M) 0.786ms
[269.308s][info][safepoint] Safepoint "ParallelGCFailedAllocation", Time since last: 90305800 ns, Reaching safepoint: 136500 ns, At safepoint: 896800 ns, Total: 1033300 ns
[269.393s][info][gc       ] GC(3883) Pause Young (Allocation Failure) 769M->26M(867M) 0.483ms
[269.393s][info][safepoint] Safepoint "ParallelGCFailedAllocation", Time since last: 84403800 ns, Reaching safepoint: 146000 ns, At safepoint: 560000 ns, Total: 706000 ns
[269.467s][info][gc       ] GC(3884) Pause Young (Allocation Failure) 737M->26M(837M) 0.576ms
[269.467s][info][safepoint] Safepoint "ParallelGCFailedAllocation", Time since last: 73328800 ns, Reaching safepoint: 148700 ns, At safepoint: 647500 ns, Total: 796200 ns
[269.539s][info][gc       ] GC(3885) Pause Young (Allocation Failure) 710M->23M(806M) 0.476ms
[269.539s][info][safepoint] Safepoint "ParallelGCFailedAllocation", Time since last: 70837900 ns, Reaching safepoint: 129600 ns, At safepoint: 548200 ns, Total: 677800 ns
[269.607s][info][gc       ] GC(3886) Pause Young (Allocation Failure) 678M->26M(782M) 0.561ms
[269.607s][info][safepoint] Safepoint "ParallelGCFailedAllocation", Time since last: 67427200 ns, Reaching safepoint: 209900 ns, At safepoint: 699600 ns, Total: 909500 ns
[269.674s][info][gc       ] GC(3887) Pause Young (Allocation Failure) 654M->26M(756M) 0.669ms
[269.674s][info][safepoint] Safepoint "ParallelGCFailedAllocation", Time since last: 65957400 ns, Reaching safepoint: 179600 ns, At safepoint: 778900 ns, Total: 958500 ns
[269.737s][info][gc       ] GC(3888) Pause Young (Allocation Failure) 627M->23M(728M) 0.762ms
[269.737s][info][safepoint] Safepoint "ParallelGCFailedAllocation", Time since last: 62036900 ns, Reaching safepoint: 191700 ns, At safepoint: 843200 ns, Total: 1034900 ns
[269.800s][info][gc       ] GC(3889) Pause Young (Allocation Failure) 598M->26M(708M) 0.585ms
[269.800s][info][safepoint] Safepoint "ParallelGCFailedAllocation", Time since last: 61713000 ns, Reaching safepoint: 113600 ns, At safepoint: 658500 ns, Total: 772100 ns
[269.863s][info][gc       ] GC(3890) Pause Young (Allocation Failure) 580M->26M(685M) 0.909ms
[269.863s][info][safepoint] Safepoint "ParallelGCFailedAllocation", Time since last: 61966600 ns, Reaching safepoint: 136300 ns, At safepoint: 986300 ns, Total: 1122600 ns
[269.921s][info][gc       ] GC(3891) Pause Young (Allocation Failure) 556M->26M(661M) 0.552ms
[269.921s][info][safepoint] Safepoint "ParallelGCFailedAllocation", Time since last: 57189400 ns, Reaching safepoint: 133900 ns, At safepoint: 621200 ns, Total: 755100 ns
[269.975s][info][gc       ] GC(3892) Pause Young (Allocation Failure) 536M->26M(641M) 0.559ms
[269.975s][info][safepoint] Safepoint "ParallelGCFailedAllocation", Time since last: 53614800 ns, Reaching safepoint: 131900 ns, At safepoint: 644800 ns, Total: 776700 ns
[270.028s][info][gc       ] GC(3893) Pause Young (Allocation Failure) 515M->26M(622M) 0.652ms
[270.029s][info][safepoint] Safepoint "ParallelGCFailedAllocation", Time since last: 52640600 ns, Reaching safepoint: 131100 ns, At safepoint: 731300 ns, Total: 862400 ns
[270.079s][info][gc       ] GC(3894) Pause Young (Allocation Failure) 494M->29M(607M) 0.550ms
[270.079s][info][safepoint] Safepoint "ParallelGCFailedAllocation", Time since last: 49700000 ns, Reaching safepoint: 121800 ns, At safepoint: 633400 ns, Total: 755200 ns
[270.127s][info][gc       ] GC(3895) Pause Young (Allocation Failure) 482M->29M(589M) 0.570ms
[270.127s][info][safepoint] Safepoint "ParallelGCFailedAllocation", Time since last: 47266200 ns, Reaching safepoint: 190700 ns, At safepoint: 690500 ns, Total: 881200 ns
[270.173s][info][gc       ] GC(3896) Pause Young (Allocation Failure) 462M->29M(573M) 0.790ms
[270.173s][info][safepoint] Safepoint "ParallelGCFailedAllocation", Time since last: 44499800 ns, Reaching safepoint: 202200 ns, At safepoint: 872600 ns, Total: 1074800 ns
[270.218s][info][gc       ] GC(3897) Pause Young (Allocation Failure) 447M->26M(554M) 0.484ms
[270.219s][info][safepoint] Safepoint "ParallelGCFailedAllocation", Time since last: 45146700 ns, Reaching safepoint: 134400 ns, At safepoint: 559100 ns, Total: 693500 ns
[270.262s][info][gc       ] GC(3898) Pause Young (Allocation Failure) 426M->29M(542M) 0.700ms
[270.262s][info][safepoint] Safepoint "ParallelGCFailedAllocation", Time since last: 42081900 ns, Reaching safepoint: 202800 ns, At safepoint: 813500 ns, Total: 1016300 ns
[270.304s][info][gc       ] GC(3899) Pause Young (Allocation Failure) 414M->29M(619M) 0.746ms
[270.304s][info][safepoint] Safepoint "ParallelGCFailedAllocation", Time since last: 41158400 ns, Reaching safepoint: 248600 ns, At safepoint: 846300 ns, Total: 1094900 ns
[270.354s][info][gc       ] GC(3900) Pause Young (Allocation Failure) 494M->29M(712M) 0.907ms
[270.354s][info][safepoint] Safepoint "ParallelGCFailedAllocation", Time since last: 49030600 ns, Reaching safepoint: 142800 ns, At safepoint: 1025700 ns, Total: 1168500 ns
[270.414s][info][gc       ] GC(3901) Pause Young (Allocation Failure) 586M->26M(687M) 0.612ms
[270.414s][info][safepoint] Safepoint "ParallelGCFailedAllocation", Time since last: 58593400 ns, Reaching safepoint: 193900 ns, At safepoint: 761100 ns, Total: 955000 ns
[270.471s][info][gc       ] GC(3902) Pause Young (Allocation Failure) 560M->29M(797M) 0.904ms
[270.471s][info][safepoint] Safepoint "ParallelGCFailedAllocation", Time since last: 56341500 ns, Reaching safepoint: 126100 ns, At safepoint: 1005600 ns, Total: 1131700 ns
[270.539s][info][gc       ] GC(3903) Pause Young (Allocation Failure) 673M->26M(767M) 0.743ms
[270.539s][info][safepoint] Safepoint "ParallelGCFailedAllocation", Time since last: 66850300 ns, Reaching safepoint: 172100 ns, At safepoint: 858700 ns, Total: 1030800 ns
[270.605s][info][gc       ] GC(3904) Pause Young (Allocation Failure) 643M->26M(742M) 0.505ms
[270.606s][info][safepoint] Safepoint "ParallelGCFailedAllocation", Time since last: 65796500 ns, Reaching safepoint: 171100 ns, At safepoint: 578600 ns, Total: 749700 ns
[270.668s][info][gc       ] GC(3905) Pause Young (Allocation Failure) 618M->29M(721M) 0.634ms
[270.668s][info][safepoint] Safepoint "ParallelGCFailedAllocation", Time since last: 61519400 ns, Reaching safepoint: 182000 ns, At safepoint: 741700 ns, Total: 923700 ns
[270.730s][info][gc       ] GC(3906) Pause Young (Allocation Failure) 596M->29M(698M) 0.982ms
[270.730s][info][safepoint] Safepoint "ParallelGCFailedAllocation", Time since last: 60657900 ns, Reaching safepoint: 140000 ns, At safepoint: 1153000 ns, Total: 1293000 ns
[270.787s][info][gc       ] GC(3907) Pause Young (Allocation Failure) 572M->29M(676M) 0.553ms
[270.787s][info][safepoint] Safepoint "ParallelGCFailedAllocation", Time since last: 56530400 ns, Reaching safepoint: 156400 ns, At safepoint: 635400 ns, Total: 791800 ns
[270.843s][info][gc       ] GC(3908) Pause Young (Allocation Failure) 551M->26M(652M) 0.722ms
[270.843s][info][safepoint] Safepoint "ParallelGCFailedAllocation", Time since last: 54374400 ns, Reaching safepoint: 196100 ns, At safepoint: 847300 ns, Total: 1043400 ns
[270.896s][info][gc       ] GC(3909) Pause Young (Allocation Failure) 528M->26M(632M) 0.749ms
[270.896s][info][safepoint] Safepoint "ParallelGCFailedAllocation", Time since last: 52810500 ns, Reaching safepoint: 128400 ns, At safepoint: 839700 ns, Total: 968100 ns
[270.948s][info][gc       ] GC(3910) Pause Young (Allocation Failure) 507M->29M(616M) 0.721ms
[270.948s][info][safepoint] Safepoint "ParallelGCFailedAllocation", Time since last: 50674100 ns, Reaching safepoint: 173400 ns, At safepoint: 820200 ns, Total: 993600 ns
[270.998s][info][gc       ] GC(3911) Pause Young (Allocation Failure) 489M->29M(708M) 0.880ms
[270.998s][info][safepoint] Safepoint "ParallelGCFailedAllocation", Time since last: 48307600 ns, Reaching safepoint: 195300 ns, At safepoint: 1002100 ns, Total: 1197400 ns
[271.057s][info][gc       ] GC(3912) Pause Young (Allocation Failure) 581M->26M(683M) 0.598ms
[271.057s][info][safepoint] Safepoint "ParallelGCFailedAllocation", Time since last: 58260500 ns, Reaching safepoint: 151600 ns, At safepoint: 668100 ns, Total: 819700 ns
[271.112s][info][gc       ] GC(3913) Pause Young (Allocation Failure) 555M->29M(665M) 0.580ms
[271.112s][info][safepoint] Safepoint "ParallelGCFailedAllocation", Time since last: 54496700 ns, Reaching safepoint: 137100 ns, At safepoint: 671500 ns, Total: 808600 ns
[271.165s][info][gc       ] GC(3914) Pause Young (Allocation Failure) 540M->26M(642M) 0.720ms
[271.166s][info][safepoint] Safepoint "ParallelGCFailedAllocation", Time since last: 52490500 ns, Reaching safepoint: 208900 ns, At safepoint: 829800 ns, Total: 1038700 ns
[271.217s][info][gc       ] GC(3915) Pause Young (Allocation Failure) 516M->26M(622M) 0.815ms
[271.217s][info][safepoint] Safepoint "ParallelGCFailedAllocation", Time since last: 50889700 ns, Reaching safepoint: 149700 ns, At safepoint: 912500 ns, Total: 1062200 ns
[271.267s][info][gc       ] GC(3916) Pause Young (Allocation Failure) 495M->29M(607M) 0.591ms
[271.267s][info][safepoint] Safepoint "ParallelGCFailedAllocation", Time since last: 48884500 ns, Reaching safepoint: 149300 ns, At safepoint: 724800 ns, Total: 874100 ns
[271.315s][info][gc       ] GC(3917) Pause Young (Allocation Failure) 480M->26M(586M) 0.637ms
[271.315s][info][safepoint] Safepoint "ParallelGCFailedAllocation", Time since last: 47165500 ns, Reaching safepoint: 149600 ns, At safepoint: 730800 ns, Total: 880400 ns
[271.361s][info][gc       ] GC(3918) Pause Young (Allocation Failure) 460M->26M(570M) 0.628ms
[271.362s][info][safepoint] Safepoint "ParallelGCFailedAllocation", Time since last: 45387600 ns, Reaching safepoint: 121900 ns, At safepoint: 742200 ns, Total: 864100 ns
[271.407s][info][gc       ] GC(3919) Pause Young (Allocation Failure) 445M->29M(656M) 0.861ms
[271.407s][info][safepoint] Safepoint "ParallelGCFailedAllocation", Time since last: 44387200 ns, Reaching safepoint: 152400 ns, At safepoint: 937200 ns, Total: 1089600 ns
[271.461s][info][gc       ] GC(3920) Pause Young (Allocation Failure) 531M->29M(757M) 1.000ms
[271.461s][info][safepoint] Safepoint "ParallelGCFailedAllocation", Time since last: 52589400 ns, Reaching safepoint: 116300 ns, At safepoint: 1088700 ns, Total: 1205000 ns
[271.528s][info][gc       ] GC(3921) Pause Young (Allocation Failure) 629M->29M(874M) 0.589ms
[271.528s][info][safepoint] Safepoint "ParallelGCFailedAllocation", Time since last: 66837200 ns, Reaching safepoint: 119400 ns, At safepoint: 692600 ns, Total: 812000 ns
[271.607s][info][gc       ] GC(3922) Pause Young (Allocation Failure) 751M->29M(844M) 0.639ms
[271.607s][info][safepoint] Safepoint "ParallelGCFailedAllocation", Time since last: 78025400 ns, Reaching safepoint: 192800 ns, At safepoint: 736100 ns, Total: 928900 ns
[271.680s][info][gc       ] GC(3923) Pause Young (Allocation Failure) 722M->32M(818M) 0.651ms
[271.680s][info][safepoint] Safepoint "ParallelGCFailedAllocation", Time since last: 72014800 ns, Reaching safepoint: 178900 ns, At safepoint: 739800 ns, Total: 918700 ns
[271.750s][info][gc       ] GC(3924) Pause Young (Allocation Failure) 695M->29M(787M) 0.651ms
[271.750s][info][safepoint] Safepoint "ParallelGCFailedAllocation", Time since last: 68527800 ns, Reaching safepoint: 200900 ns, At safepoint: 856700 ns, Total: 1057600 ns
[271.818s][info][gc       ] GC(3925) Pause Young (Allocation Failure) 662M->32M(764M) 0.529ms
[271.818s][info][safepoint] Safepoint "ParallelGCFailedAllocation", Time since last: 67258400 ns, Reaching safepoint: 169000 ns, At safepoint: 602900 ns, Total: 771900 ns
[271.883s][info][gc       ] GC(3926) Pause Young (Allocation Failure) 639M->32M(739M) 0.904ms
[271.883s][info][safepoint] Safepoint "ParallelGCFailedAllocation", Time since last: 63503600 ns, Reaching safepoint: 207300 ns, At safepoint: 1027100 ns, Total: 1234400 ns
[271.949s][info][gc       ] GC(3927) Pause Young (Allocation Failure) 618M->32M(715M) 0.500ms
[271.949s][info][safepoint] Safepoint "ParallelGCFailedAllocation", Time since last: 65892400 ns, Reaching safepoint: 198100 ns, At safepoint: 580300 ns, Total: 778400 ns
[272.009s][info][gc       ] GC(3928) Pause Young (Allocation Failure) 591M->29M(689M) 0.555ms
[272.009s][info][safepoint] Safepoint "ParallelGCFailedAllocation", Time since last: 59339400 ns, Reaching safepoint: 122800 ns, At safepoint: 621400 ns, Total: 744200 ns
[272.066s][info][gc       ] GC(3929) Pause Young (Allocation Failure) 567M->29M(668M) 0.587ms
[272.066s][info][safepoint] Safepoint "ParallelGCFailedAllocation", Time since last: 55636800 ns, Reaching safepoint: 136300 ns, At safepoint: 652200 ns, Total: 788500 ns
[272.124s][info][gc       ] GC(3930) Pause Young (Allocation Failure) 547M->32M(650M) 0.668ms
[272.124s][info][safepoint] Safepoint "ParallelGCFailedAllocation", Time since last: 57586600 ns, Reaching safepoint: 175900 ns, At safepoint: 761300 ns, Total: 937200 ns
[272.185s][info][gc       ] GC(3931) Pause Young (Allocation Failure) 529M->32M(631M) 0.916ms
[272.185s][info][safepoint] Safepoint "ParallelGCFailedAllocation", Time since last: 59072100 ns, Reaching safepoint: 135900 ns, At safepoint: 1026700 ns, Total: 1162600 ns
[272.241s][info][gc       ] GC(3932) Pause Young (Allocation Failure) 505M->32M(612M) 0.833ms
[272.241s][info][safepoint] Safepoint "ParallelGCFailedAllocation", Time since last: 55315700 ns, Reaching safepoint: 196400 ns, At safepoint: 928300 ns, Total: 1124700 ns
[272.298s][info][gc       ] GC(3933) Pause Young (Allocation Failure) 487M->32M(595M) 0.554ms
[272.298s][info][safepoint] Safepoint "ParallelGCFailedAllocation", Time since last: 55761600 ns, Reaching safepoint: 171300 ns, At safepoint: 638300 ns, Total: 809600 ns
[272.349s][info][gc       ] GC(3934) Pause Young (Allocation Failure) 474M->32M(683M) 1.212ms
[272.349s][info][safepoint] Safepoint "ParallelGCFailedAllocation", Time since last: 50211900 ns, Reaching safepoint: 202300 ns, At safepoint: 1299200 ns, Total: 1501500 ns
[272.410s][info][gc       ] GC(3935) Pause Young (Allocation Failure) 559M->32M(788M) 0.778ms
[272.410s][info][safepoint] Safepoint "ParallelGCFailedAllocation", Time since last: 59948700 ns, Reaching safepoint: 133700 ns, At safepoint: 898000 ns, Total: 1031700 ns
[272.483s][info][gc       ] GC(3936) Pause Young (Allocation Failure) 666M->29M(912M) 0.759ms
[272.483s][info][safepoint] Safepoint "ParallelGCFailedAllocation", Time since last: 71446200 ns, Reaching safepoint: 141700 ns, At safepoint: 838900 ns, Total: 980600 ns
[272.569s][info][gc       ] GC(3937) Pause Young (Allocation Failure) 788M->29M(879M) 0.784ms
[272.570s][info][safepoint] Safepoint "ParallelGCFailedAllocation", Time since last: 85665100 ns, Reaching safepoint: 153100 ns, At safepoint: 919000 ns, Total: 1072100 ns
[272.653s][info][gc       ] GC(3938) Pause Young (Allocation Failure) 756M->29M(848M) 0.681ms
[272.653s][info][safepoint] Safepoint "ParallelGCFailedAllocation", Time since last: 82338800 ns, Reaching safepoint: 190300 ns, At safepoint: 859700 ns, Total: 1050000 ns
[272.733s][info][gc       ] GC(3939) Pause Young (Allocation Failure) 723M->32M(822M) 0.719ms
[272.733s][info][safepoint] Safepoint "ParallelGCFailedAllocation", Time since last: 78823700 ns, Reaching safepoint: 231200 ns, At safepoint: 805900 ns, Total: 1037100 ns
[272.809s][info][gc       ] GC(3940) Pause Young (Allocation Failure) 699M->32M(794M) 0.709ms
[272.809s][info][safepoint] Safepoint "ParallelGCFailedAllocation", Time since last: 75352600 ns, Reaching safepoint: 144700 ns, At safepoint: 861600 ns, Total: 1006300 ns
[272.882s][info][gc       ] GC(3941) Pause Young (Allocation Failure) 672M->29M(764M) 0.676ms
[272.882s][info][safepoint] Safepoint "ParallelGCFailedAllocation", Time since last: 71880400 ns, Reaching safepoint: 129800 ns, At safepoint: 792200 ns, Total: 922000 ns
[272.951s][info][gc       ] GC(3942) Pause Young (Allocation Failure) 640M->32M(742M) 0.594ms
[272.951s][info][safepoint] Safepoint "ParallelGCFailedAllocation", Time since last: 68572700 ns, Reaching safepoint: 147400 ns, At safepoint: 658500 ns, Total: 805900 ns
[273.016s][info][gc       ] GC(3943) Pause Young (Allocation Failure) 621M->32M(718M) 0.684ms
[273.016s][info][safepoint] Safepoint "ParallelGCFailedAllocation", Time since last: 64115400 ns, Reaching safepoint: 194300 ns, At safepoint: 778100 ns, Total: 972400 ns
[273.077s][info][gc       ] GC(3944) Pause Young (Allocation Failure) 595M->32M(695M) 0.857ms
[273.077s][info][safepoint] Safepoint "ParallelGCFailedAllocation", Time since last: 59083800 ns, Reaching safepoint: 182000 ns, At safepoint: 957800 ns, Total: 1139800 ns
[273.134s][info][gc       ] GC(3945) Pause Young (Allocation Failure) 571M->32M(674M) 0.581ms
[273.134s][info][safepoint] Safepoint "ParallelGCFailedAllocation", Time since last: 56683300 ns, Reaching safepoint: 126700 ns, At safepoint: 663600 ns, Total: 790300 ns
[273.191s][info][gc       ] GC(3946) Pause Young (Allocation Failure) 548M->32M(653M) 1.149ms
[273.191s][info][safepoint] Safepoint "ParallelGCFailedAllocation", Time since last: 55596400 ns, Reaching safepoint: 183900 ns, At safepoint: 1264700 ns, Total: 1448600 ns
[273.245s][info][gc       ] GC(3947) Pause Young (Allocation Failure) 530M->32M(753M) 0.877ms
[273.245s][info][safepoint] Safepoint "ParallelGCFailedAllocation", Time since last: 52570300 ns, Reaching safepoint: 151800 ns, At safepoint: 961800 ns, Total: 1113600 ns
[273.312s][info][gc       ] GC(3948) Pause Young (Allocation Failure) 631M->29M(726M) 0.720ms
[273.312s][info][safepoint] Safepoint "ParallelGCFailedAllocation", Time since last: 65731000 ns, Reaching safepoint: 334500 ns, At safepoint: 818200 ns, Total: 1152700 ns
[273.375s][info][gc       ] GC(3949) Pause Young (Allocation Failure) 604M->29M(702M) 0.853ms
[273.375s][info][safepoint] Safepoint "ParallelGCFailedAllocation", Time since last: 62415400 ns, Reaching safepoint: 150100 ns, At safepoint: 962600 ns, Total: 1112700 ns
[273.434s][info][gc       ] GC(3950) Pause Young (Allocation Failure) 581M->29M(680M) 0.708ms
[273.434s][info][safepoint] Safepoint "ParallelGCFailedAllocation", Time since last: 57688600 ns, Reaching safepoint: 186300 ns, At safepoint: 801200 ns, Total: 987500 ns
[273.489s][info][gc       ] GC(3951) Pause Young (Allocation Failure) 557M->29M(659M) 0.901ms
[273.490s][info][safepoint] Safepoint "ParallelGCFailedAllocation", Time since last: 54473000 ns, Reaching safepoint: 182900 ns, At safepoint: 985900 ns, Total: 1168800 ns
[273.545s][info][gc       ] GC(3952) Pause Young (Allocation Failure) 536M->32M(642M) 0.632ms
[273.545s][info][safepoint] Safepoint "ParallelGCFailedAllocation", Time since last: 54397900 ns, Reaching safepoint: 171400 ns, At safepoint: 720200 ns, Total: 891600 ns
[273.596s][info][gc       ] GC(3953) Pause Young (Allocation Failure) 521M->29M(620M) 0.806ms
[273.596s][info][safepoint] Safepoint "ParallelGCFailedAllocation", Time since last: 50424000 ns, Reaching safepoint: 183100 ns, At safepoint: 904700 ns, Total: 1087800 ns
[273.646s][info][gc       ] GC(3954) Pause Young (Allocation Failure) 497M->29M(602M) 0.624ms
[273.646s][info][safepoint] Safepoint "ParallelGCFailedAllocation", Time since last: 49137900 ns, Reaching safepoint: 173800 ns, At safepoint: 696900 ns, Total: 870700 ns
[273.696s][info][gc       ] GC(3955) Pause Young (Allocation Failure) 476M->32M(695M) 0.750ms
[273.696s][info][safepoint] Safepoint "ParallelGCFailedAllocation", Time since last: 48281500 ns, Reaching safepoint: 201000 ns, At safepoint: 858800 ns, Total: 1059800 ns
[273.755s][info][gc       ] GC(3956) Pause Young (Allocation Failure) 572M->32M(674M) 0.879ms
[273.755s][info][safepoint] Safepoint "ParallelGCFailedAllocation", Time since last: 58406300 ns, Reaching safepoint: 223700 ns, At safepoint: 1033100 ns, Total: 1256800 ns
[273.812s][info][gc       ] GC(3957) Pause Young (Allocation Failure) 548M->32M(650M) 0.610ms
[273.812s][info][safepoint] Safepoint "ParallelGCFailedAllocation", Time since last: 56060500 ns, Reaching safepoint: 173000 ns, At safepoint: 704800 ns, Total: 877800 ns
[273.865s][info][gc       ] GC(3958) Pause Young (Allocation Failure) 530M->35M(753M) 1.008ms
[273.865s][info][safepoint] Safepoint "ParallelGCFailedAllocation", Time since last: 51446200 ns, Reaching safepoint: 202800 ns, At safepoint: 1101500 ns, Total: 1304300 ns
[273.932s][info][gc       ] GC(3959) Pause Young (Allocation Failure) 635M->32M(870M) 0.797ms
[273.933s][info][safepoint] Safepoint "ParallelGCFailedAllocation", Time since last: 66333800 ns, Reaching safepoint: 162900 ns, At safepoint: 973600 ns, Total: 1136500 ns
[274.011s][info][gc       ] GC(3960) Pause Young (Allocation Failure) 751M->35M(843M) 0.694ms
[274.011s][info][safepoint] Safepoint "ParallelGCFailedAllocation", Time since last: 77056900 ns, Reaching safepoint: 224200 ns, At safepoint: 804700 ns, Total: 1028900 ns
[274.083s][info][gc       ] GC(3961) Pause Young (Allocation Failure) 724M->32M(811M) 0.757ms
[274.083s][info][safepoint] Safepoint "ParallelGCFailedAllocation", Time since last: 71322600 ns, Reaching safepoint: 178800 ns, At safepoint: 842200 ns, Total: 1021000 ns
[274.153s][info][gc       ] GC(3962) Pause Young (Allocation Failure) 692M->35M(786M) 0.778ms
[274.153s][info][safepoint] Safepoint "ParallelGCFailedAllocation", Time since last: 69028000 ns, Reaching safepoint: 199700 ns, At safepoint: 870400 ns, Total: 1070100 ns
[274.221s][info][gc       ] GC(3963) Pause Young (Allocation Failure) 668M->35M(760M) 0.690ms
[274.221s][info][safepoint] Safepoint "ParallelGCFailedAllocation", Time since last: 66629600 ns, Reaching safepoint: 183400 ns, At safepoint: 777600 ns, Total: 961000 ns
[274.285s][info][gc       ] GC(3964) Pause Young (Allocation Failure) 641M->32M(732M) 0.871ms
[274.285s][info][safepoint] Safepoint "ParallelGCFailedAllocation", Time since last: 63615500 ns, Reaching safepoint: 129700 ns, At safepoint: 951800 ns, Total: 1081500 ns
[274.347s][info][gc       ] GC(3965) Pause Young (Allocation Failure) 611M->35M(712M) 0.645ms
[274.347s][info][safepoint] Safepoint "ParallelGCFailedAllocation", Time since last: 60735700 ns, Reaching safepoint: 149300 ns, At safepoint: 732200 ns, Total: 881500 ns
[274.407s][info][gc       ] GC(3966) Pause Young (Allocation Failure) 593M->35M(689M) 1.170ms
[274.407s][info][safepoint] Safepoint "ParallelGCFailedAllocation", Time since last: 58884800 ns, Reaching safepoint: 197700 ns, At safepoint: 1281500 ns, Total: 1479200 ns
[274.464s][info][gc       ] GC(3967) Pause Young (Allocation Failure) 570M->35M(668M) 0.536ms
[274.464s][info][safepoint] Safepoint "ParallelGCFailedAllocation", Time since last: 56061500 ns, Reaching safepoint: 228100 ns, At safepoint: 617200 ns, Total: 845300 ns
[274.519s][info][gc       ] GC(3968) Pause Young (Allocation Failure) 549M->32M(644M) 0.710ms
[274.519s][info][safepoint] Safepoint "ParallelGCFailedAllocation", Time since last: 53811300 ns, Reaching safepoint: 99300 ns, At safepoint: 868500 ns, Total: 967800 ns
[274.571s][info][gc       ] GC(3969) Pause Young (Allocation Failure) 525M->32M(625M) 0.868ms
[274.571s][info][safepoint] Safepoint "ParallelGCFailedAllocation", Time since last: 51205500 ns, Reaching safepoint: 198500 ns, At safepoint: 960100 ns, Total: 1158600 ns
[274.623s][info][gc       ] GC(3970) Pause Young (Allocation Failure) 504M->35M(609M) 0.765ms
[274.623s][info][safepoint] Safepoint "ParallelGCFailedAllocation", Time since last: 50537800 ns, Reaching safepoint: 203400 ns, At safepoint: 873900 ns, Total: 1077300 ns
[274.674s][info][gc       ] GC(3971) Pause Young (Allocation Failure) 489M->32M(589M) 0.887ms
[274.674s][info][safepoint] Safepoint "ParallelGCFailedAllocation", Time since last: 49916400 ns, Reaching safepoint: 130300 ns, At safepoint: 999300 ns, Total: 1129600 ns
[274.720s][info][gc       ] GC(3972) Pause Young (Allocation Failure) 468M->32M(676M) 0.792ms
[274.720s][info][safepoint] Safepoint "ParallelGCFailedAllocation", Time since last: 45213500 ns, Reaching safepoint: 167900 ns, At safepoint: 897700 ns, Total: 1065600 ns
[274.776s][info][gc       ] GC(3973) Pause Young (Allocation Failure) 558M->35M(784M) 0.943ms
[274.776s][info][safepoint] Safepoint "ParallelGCFailedAllocation", Time since last: 54778200 ns, Reaching safepoint: 135800 ns, At safepoint: 1069000 ns, Total: 1204800 ns
[274.846s][info][gc       ] GC(3974) Pause Young (Allocation Failure) 663M->35M(910M) 0.836ms
[274.846s][info][safepoint] Safepoint "ParallelGCFailedAllocation", Time since last: 68966800 ns, Reaching safepoint: 130400 ns, At safepoint: 908000 ns, Total: 1038400 ns
[274.930s][info][gc       ] GC(3975) Pause Young (Allocation Failure) 791M->35M(997M) 0.970ms
[274.931s][info][safepoint] Safepoint "ParallelGCFailedAllocation", Time since last: 82951000 ns, Reaching safepoint: 197500 ns, At safepoint: 1074100 ns, Total: 1271600 ns
[275.023s][info][gc       ] GC(3976) Pause Young (Allocation Failure) 875M->35M(960M) 1.173ms
[275.023s][info][safepoint] Safepoint "ParallelGCFailedAllocation", Time since last: 90632200 ns, Reaching safepoint: 197600 ns, At safepoint: 1265100 ns, Total: 1462700 ns
[275.108s][info][gc       ] GC(3977) Pause Young (Allocation Failure) 839M->35M(920M) 1.133ms
[275.108s][info][safepoint] Safepoint "ParallelGCFailedAllocation", Time since last: 83939000 ns, Reaching safepoint: 185400 ns, At safepoint: 1245200 ns, Total: 1430600 ns
[275.188s][info][gc       ] GC(3978) Pause Young (Allocation Failure) 804M->40M(896M) 0.488ms
[275.188s][info][safepoint] Safepoint "ParallelGCFailedAllocation", Time since last: 79531800 ns, Reaching safepoint: 218100 ns, At safepoint: 602000 ns, Total: 820100 ns
[275.267s][info][gc       ] GC(3979) Pause Young (Allocation Failure) 780M->37M(858M) 0.957ms
[275.267s][info][safepoint] Safepoint "ParallelGCFailedAllocation", Time since last: 77585300 ns, Reaching safepoint: 202300 ns, At safepoint: 1046700 ns, Total: 1249000 ns
[275.341s][info][gc       ] GC(3980) Pause Young (Allocation Failure) 744M->37M(828M) 0.823ms
[275.341s][info][safepoint] Safepoint "ParallelGCFailedAllocation", Time since last: 73199000 ns, Reaching safepoint: 138100 ns, At safepoint: 952600 ns, Total: 1090700 ns
[275.415s][info][gc       ] GC(3981) Pause Young (Allocation Failure) 711M->40M(803M) 0.748ms
[275.415s][info][safepoint] Safepoint "ParallelGCFailedAllocation", Time since last: 72628700 ns, Reaching safepoint: 153000 ns, At safepoint: 866200 ns, Total: 1019200 ns
[275.484s][info][gc       ] GC(3982) Pause Young (Allocation Failure) 687M->40M(776M) 0.821ms
[275.484s][info][safepoint] Safepoint "ParallelGCFailedAllocation", Time since last: 67850200 ns, Reaching safepoint: 171200 ns, At safepoint: 903800 ns, Total: 1075000 ns
[275.552s][info][gc       ] GC(3983) Pause Young (Allocation Failure) 663M->40M(750M) 0.549ms
[275.552s][info][safepoint] Safepoint "ParallelGCFailedAllocation", Time since last: 66797800 ns, Reaching safepoint: 214400 ns, At safepoint: 620200 ns, Total: 834600 ns
[275.614s][info][gc       ] GC(3984) Pause Young (Allocation Failure) 638M->40M(726M) 0.866ms
[275.614s][info][safepoint] Safepoint "ParallelGCFailedAllocation", Time since last: 60839800 ns, Reaching safepoint: 186800 ns, At safepoint: 941000 ns, Total: 1127800 ns
[275.673s][info][gc       ] GC(3985) Pause Young (Allocation Failure) 612M->40M(703M) 0.847ms
[275.673s][info][safepoint] Safepoint "ParallelGCFailedAllocation", Time since last: 58605100 ns, Reaching safepoint: 128000 ns, At safepoint: 911600 ns, Total: 1039600 ns
[275.733s][info][gc       ] GC(3986) Pause Young (Allocation Failure) 589M->40M(681M) 0.753ms
[275.733s][info][safepoint] Safepoint "ParallelGCFailedAllocation", Time since last: 58439500 ns, Reaching safepoint: 190200 ns, At safepoint: 855100 ns, Total: 1045300 ns
[275.788s][info][gc       ] GC(3987) Pause Young (Allocation Failure) 568M->37M(657M) 0.672ms
[275.788s][info][safepoint] Safepoint "ParallelGCFailedAllocation", Time since last: 54133100 ns, Reaching safepoint: 196400 ns, At safepoint: 750100 ns, Total: 946500 ns
[275.842s][info][gc       ] GC(3988) Pause Young (Allocation Failure) 544M->37M(637M) 0.783ms
[275.842s][info][safepoint] Safepoint "ParallelGCFailedAllocation", Time since last: 52693400 ns, Reaching safepoint: 216900 ns, At safepoint: 915100 ns, Total: 1132000 ns
[275.893s][info][gc       ] GC(3989) Pause Young (Allocation Failure) 523M->40M(621M) 0.756ms
[275.893s][info][safepoint] Safepoint "ParallelGCFailedAllocation", Time since last: 50777300 ns, Reaching safepoint: 178100 ns, At safepoint: 841500 ns, Total: 1019600 ns
[275.943s][info][gc       ] GC(3990) Pause Young (Allocation Failure) 508M->37M(600M) 0.724ms
[275.943s][info][safepoint] Safepoint "ParallelGCFailedAllocation", Time since last: 48466200 ns, Reaching safepoint: 196200 ns, At safepoint: 817900 ns, Total: 1014100 ns
[275.994s][info][gc       ] GC(3991) Pause Young (Allocation Failure) 487M->40M(585M) 0.727ms
[275.994s][info][safepoint] Safepoint "ParallelGCFailedAllocation", Time since last: 49639000 ns, Reaching safepoint: 195000 ns, At safepoint: 817300 ns, Total: 1012300 ns
[276.042s][info][gc       ] GC(3992) Pause Young (Allocation Failure) 472M->40M(671M) 1.418ms
[276.042s][info][safepoint] Safepoint "ParallelGCFailedAllocation", Time since last: 46301500 ns, Reaching safepoint: 194800 ns, At safepoint: 1493200 ns, Total: 1688000 ns
[276.098s][info][gc       ] GC(3993) Pause Young (Allocation Failure) 553M->40M(775M) 0.667ms
[276.098s][info][safepoint] Safepoint "ParallelGCFailedAllocation", Time since last: 56052300 ns, Reaching safepoint: 121400 ns, At safepoint: 736600 ns, Total: 858000 ns
[276.167s][info][gc       ] GC(3994) Pause Young (Allocation Failure) 661M->37M(896M) 0.703ms
[276.167s][info][safepoint] Safepoint "ParallelGCFailedAllocation", Time since last: 67188100 ns, Reaching safepoint: 118600 ns, At safepoint: 890600 ns, Total: 1009200 ns
[276.247s][info][gc       ] GC(3995) Pause Young (Allocation Failure) 783M->37M(864M) 0.706ms
[276.247s][info][safepoint] Safepoint "ParallelGCFailedAllocation", Time since last: 79053400 ns, Reaching safepoint: 110600 ns, At safepoint: 773400 ns, Total: 884000 ns
[276.326s][info][gc       ] GC(3996) Pause Young (Allocation Failure) 748M->40M(837M) 0.858ms
[276.326s][info][safepoint] Safepoint "ParallelGCFailedAllocation", Time since last: 78325900 ns, Reaching safepoint: 216800 ns, At safepoint: 994100 ns, Total: 1210900 ns
[276.401s][info][gc       ] GC(3997) Pause Young (Allocation Failure) 724M->40M(809M) 0.830ms
[276.401s][info][safepoint] Safepoint "ParallelGCFailedAllocation", Time since last: 73952300 ns, Reaching safepoint: 159300 ns, At safepoint: 977600 ns, Total: 1136900 ns
[276.474s][info][gc       ] GC(3998) Pause Young (Allocation Failure) 694M->40M(782M) 1.151ms
[276.474s][info][safepoint] Safepoint "ParallelGCFailedAllocation", Time since last: 71109800 ns, Reaching safepoint: 189900 ns, At safepoint: 1247500 ns, Total: 1437400 ns
[276.542s][info][gc       ] GC(3999) Pause Young (Allocation Failure) 667M->37M(753M) 0.782ms
[276.542s][info][safepoint] Safepoint "ParallelGCFailedAllocation", Time since last: 67039000 ns, Reaching safepoint: 203000 ns, At safepoint: 857200 ns, Total: 1060200 ns
[276.606s][info][gc       ] GC(4000) Pause Young (Allocation Failure) 638M->37M(728M) 0.596ms
[276.606s][info][safepoint] Safepoint "ParallelGCFailedAllocation", Time since last: 63086100 ns, Reaching safepoint: 153400 ns, At safepoint: 743800 ns, Total: 897200 ns
[276.668s][info][gc       ] GC(4001) Pause Young (Allocation Failure) 614M->40M(708M) 0.915ms
[276.668s][info][safepoint] Safepoint "ParallelGCFailedAllocation", Time since last: 60915300 ns, Reaching safepoint: 134000 ns, At safepoint: 1022500 ns, Total: 1156500 ns
[276.727s][info][gc       ] GC(4002) Pause Young (Allocation Failure) 590M->40M(685M) 0.897ms
[276.727s][info][safepoint] Safepoint "ParallelGCFailedAllocation", Time since last: 58213300 ns, Reaching safepoint: 208200 ns, At safepoint: 967900 ns, Total: 1176100 ns
[276.784s][info][gc       ] GC(4003) Pause Young (Allocation Failure) 572M->40M(664M) 0.645ms
[276.784s][info][safepoint] Safepoint "ParallelGCFailedAllocation", Time since last: 55940900 ns, Reaching safepoint: 203900 ns, At safepoint: 717900 ns, Total: 921800 ns
[276.837s][info][gc       ] GC(4004) Pause Young (Allocation Failure) 548M->40M(644M) 0.822ms
[276.837s][info][safepoint] Safepoint "ParallelGCFailedAllocation", Time since last: 52147900 ns, Reaching safepoint: 198600 ns, At safepoint: 902900 ns, Total: 1101500 ns
[276.889s][info][gc       ] GC(4005) Pause Young (Allocation Failure) 530M->40M(742M) 0.993ms
[276.889s][info][safepoint] Safepoint "ParallelGCFailedAllocation", Time since last: 50548000 ns, Reaching safepoint: 186400 ns, At safepoint: 1082200 ns, Total: 1268600 ns
[276.952s][info][gc       ] GC(4006) Pause Young (Allocation Failure) 626M->40M(860M) 1.043ms
[276.953s][info][safepoint] Safepoint "ParallelGCFailedAllocation", Time since last: 61941500 ns, Reaching safepoint: 187400 ns, At safepoint: 1195400 ns, Total: 1382800 ns
[277.028s][info][gc       ] GC(4007) Pause Young (Allocation Failure) 746M->37M(883M) 0.608ms
[277.028s][info][safepoint] Safepoint "ParallelGCFailedAllocation", Time since last: 74598800 ns, Reaching safepoint: 151000 ns, At safepoint: 681200 ns, Total: 832200 ns
[277.107s][info][gc       ] GC(4008) Pause Young (Allocation Failure) 767M->40M(886M) 0.958ms
[277.107s][info][safepoint] Safepoint "ParallelGCFailedAllocation", Time since last: 78107300 ns, Reaching safepoint: 143400 ns, At safepoint: 1105000 ns, Total: 1248400 ns
[277.187s][info][gc       ] GC(4009) Pause Young (Allocation Failure) 767M->40M(1031M) 1.365ms
[277.187s][info][safepoint] Safepoint "ParallelGCFailedAllocation", Time since last: 77742600 ns, Reaching safepoint: 118800 ns, At safepoint: 1443500 ns, Total: 1562300 ns
[277.305s][info][gc       ] GC(4010) Pause Young (Allocation Failure) 914M->40M(1031M) 1.472ms
[277.305s][info][safepoint] Safepoint "ParallelGCFailedAllocation", Time since last: 116746400 ns, Reaching safepoint: 138700 ns, At safepoint: 1569300 ns, Total: 1708000 ns
[277.401s][info][gc       ] GC(4011) Pause Young (Allocation Failure) 915M->40M(1205M) 1.050ms
[277.401s][info][safepoint] Safepoint "ParallelGCFailedAllocation", Time since last: 94758700 ns, Reaching safepoint: 213600 ns, At safepoint: 1138200 ns, Total: 1351800 ns
[277.538s][info][gc       ] GC(4012) Pause Young (Allocation Failure) 1089M->40M(1205M) 1.640ms
[277.539s][info][safepoint] Safepoint "ParallelGCFailedAllocation", Time since last: 135361800 ns, Reaching safepoint: 189600 ns, At safepoint: 1779300 ns, Total: 1968900 ns
[277.650s][info][gc       ] GC(4013) Pause Young (Allocation Failure) 1089M->40M(1413M) 1.340ms
[277.650s][info][safepoint] Safepoint "ParallelGCFailedAllocation", Time since last: 109870100 ns, Reaching safepoint: 212600 ns, At safepoint: 1419600 ns, Total: 1632200 ns
[277.809s][info][gc       ] GC(4014) Pause Young (Allocation Failure) 1297M->40M(1413M) 2.517ms
[277.810s][info][safepoint] Safepoint "ParallelGCFailedAllocation", Time since last: 156625200 ns, Reaching safepoint: 180700 ns, At safepoint: 2615500 ns, Total: 2796200 ns
[277.944s][info][gc       ] GC(4015) Pause Young (Allocation Failure) 1297M->40M(1663M) 1.454ms
[277.944s][info][safepoint] Safepoint "ParallelGCFailedAllocation", Time since last: 132811200 ns, Reaching safepoint: 201700 ns, At safepoint: 1535500 ns, Total: 1737200 ns
[278.145s][info][gc       ] GC(4016) Pause Young (Allocation Failure) 1547M->37M(1663M) 1.659ms
[278.145s][info][safepoint] Safepoint "ParallelGCFailedAllocation", Time since last: 199300100 ns, Reaching safepoint: 137600 ns, At safepoint: 1735900 ns, Total: 1873500 ns
[278.309s][info][gc       ] GC(4017) Pause Young (Allocation Failure) 1545M->40M(1962M) 1.777ms
[278.309s][info][safepoint] Safepoint "ParallelGCFailedAllocation", Time since last: 161328400 ns, Reaching safepoint: 142500 ns, At safepoint: 1902300 ns, Total: 2044800 ns
[278.543s][info][gc       ] GC(4018) Pause Young (Allocation Failure) 1847M->40M(1876M) 2.092ms
[278.543s][info][safepoint] Safepoint "ParallelGCFailedAllocation", Time since last: 232099500 ns, Reaching safepoint: 204800 ns, At safepoint: 2229900 ns, Total: 2434700 ns
[278.727s][info][gc       ] GC(4019) Pause Young (Allocation Failure) 1762M->37M(1793M) 1.010ms
[278.727s][info][safepoint] Safepoint "ParallelGCFailedAllocation", Time since last: 182436000 ns, Reaching safepoint: 180900 ns, At safepoint: 1095200 ns, Total: 1276100 ns
[278.901s][info][gc       ] GC(4020) Pause Young (Allocation Failure) 1680M->37M(1717M) 0.643ms
[278.901s][info][safepoint] Safepoint "ParallelGCFailedAllocation", Time since last: 172769300 ns, Reaching safepoint: 193800 ns, At safepoint: 736900 ns, Total: 930700 ns
[279.066s][info][gc       ] GC(4021) Pause Young (Allocation Failure) 1601M->40M(1648M) 0.997ms
[279.066s][info][safepoint] Safepoint "ParallelGCFailedAllocation", Time since last: 164100000 ns, Reaching safepoint: 213100 ns, At safepoint: 1081800 ns, Total: 1294900 ns
[279.226s][info][gc       ] GC(4022) Pause Young (Allocation Failure) 1535M->37M(1576M) 0.693ms
[279.226s][info][safepoint] Safepoint "ParallelGCFailedAllocation", Time since last: 159507600 ns, Reaching safepoint: 133900 ns, At safepoint: 765700 ns, Total: 899600 ns
[279.376s][info][gc       ] GC(4023) Pause Young (Allocation Failure) 1460M->40M(1514M) 0.792ms
[279.377s][info][safepoint] Safepoint "ParallelGCFailedAllocation", Time since last: 149110400 ns, Reaching safepoint: 183800 ns, At safepoint: 901300 ns, Total: 1085100 ns
[279.525s][info][gc       ] GC(4024) Pause Young (Allocation Failure) 1400M->40M(1452M) 1.121ms
[279.525s][info][safepoint] Safepoint "ParallelGCFailedAllocation", Time since last: 147370500 ns, Reaching safepoint: 222800 ns, At safepoint: 1267000 ns, Total: 1489800 ns
[279.664s][info][gc       ] GC(4025) Pause Young (Allocation Failure) 1337M->40M(1388M) 1.084ms
[279.664s][info][safepoint] Safepoint "ParallelGCFailedAllocation", Time since last: 136899400 ns, Reaching safepoint: 216500 ns, At safepoint: 1180400 ns, Total: 1396900 ns
[279.792s][info][gc       ] GC(4026) Pause Young (Allocation Failure) 1277M->46M(1337M) 0.674ms
[279.792s][info][safepoint] Safepoint "ParallelGCFailedAllocation", Time since last: 127769800 ns, Reaching safepoint: 187500 ns, At safepoint: 762400 ns, Total: 949900 ns
[279.913s][info][gc       ] GC(4027) Pause Young (Allocation Failure) 1231M->46M(1284M) 0.817ms
[279.913s][info][safepoint] Safepoint "ParallelGCFailedAllocation", Time since last: 119837100 ns, Reaching safepoint: 211400 ns, At safepoint: 953700 ns, Total: 1165100 ns
[280.029s][info][gc       ] GC(4028) Pause Young (Allocation Failure) 1172M->46M(1234M) 0.865ms
[280.029s][info][safepoint] Safepoint "ParallelGCFailedAllocation", Time since last: 114614100 ns, Reaching safepoint: 218500 ns, At safepoint: 958000 ns, Total: 1176500 ns
[280.140s][info][gc       ] GC(4029) Pause Young (Allocation Failure) 1124M->46M(1186M) 0.891ms
[280.141s][info][safepoint] Safepoint "ParallelGCFailedAllocation", Time since last: 110098600 ns, Reaching safepoint: 156700 ns, At safepoint: 1080200 ns, Total: 1236900 ns
[280.247s][info][gc       ] GC(4030) Pause Young (Allocation Failure) 1079M->46M(1140M) 0.841ms
[280.247s][info][safepoint] Safepoint "ParallelGCFailedAllocation", Time since last: 105336700 ns, Reaching safepoint: 212400 ns, At safepoint: 934800 ns, Total: 1147200 ns
[280.348s][info][gc       ] GC(4031) Pause Young (Allocation Failure) 1031M->46M(1097M) 0.740ms
[280.348s][info][safepoint] Safepoint "ParallelGCFailedAllocation", Time since last: 100222900 ns, Reaching safepoint: 198900 ns, At safepoint: 867900 ns, Total: 1066800 ns
[280.445s][info][gc       ] GC(4032) Pause Young (Allocation Failure) 989M->46M(1055M) 1.177ms
[280.446s][info][safepoint] Safepoint "ParallelGCFailedAllocation", Time since last: 95749700 ns, Reaching safepoint: 189300 ns, At safepoint: 1299000 ns, Total: 1488300 ns
[280.537s][info][gc       ] GC(4033) Pause Young (Allocation Failure) 949M->43M(1013M) 0.756ms
[280.537s][info][safepoint] Safepoint "ParallelGCFailedAllocation", Time since last: 90255800 ns, Reaching safepoint: 194000 ns, At safepoint: 855600 ns, Total: 1049600 ns
[280.625s][info][gc       ] GC(4034) Pause Young (Allocation Failure) 901M->46M(978M) 0.797ms
[280.625s][info][safepoint] Safepoint "ParallelGCFailedAllocation", Time since last: 87061800 ns, Reaching safepoint: 173300 ns, At safepoint: 928200 ns, Total: 1101500 ns
[280.710s][info][gc       ] GC(4035) Pause Young (Allocation Failure) 871M->46M(943M) 1.116ms
[280.710s][info][safepoint] Safepoint "ParallelGCFailedAllocation", Time since last: 83332800 ns, Reaching safepoint: 185000 ns, At safepoint: 1258900 ns, Total: 1443900 ns
[280.791s][info][gc       ] GC(4036) Pause Young (Allocation Failure) 835M->46M(909M) 1.011ms
[280.791s][info][safepoint] Safepoint "ParallelGCFailedAllocation", Time since last: 80300600 ns, Reaching safepoint: 195900 ns, At safepoint: 1143600 ns, Total: 1339500 ns
[280.869s][info][gc       ] GC(4037) Pause Young (Allocation Failure) 802M->43M(874M) 0.855ms
[280.869s][info][safepoint] Safepoint "ParallelGCFailedAllocation", Time since last: 76780400 ns, Reaching safepoint: 141200 ns, At safepoint: 987900 ns, Total: 1129100 ns
[280.944s][info][gc       ] GC(4038) Pause Young (Allocation Failure) 766M->46M(847M) 0.985ms
[280.944s][info][safepoint] Safepoint "ParallelGCFailedAllocation", Time since last: 73053900 ns, Reaching safepoint: 204400 ns, At safepoint: 1078900 ns, Total: 1283300 ns
[281.015s][info][gc       ] GC(4039) Pause Young (Allocation Failure) 739M->43M(815M) 0.869ms
[281.015s][info][safepoint] Safepoint "ParallelGCFailedAllocation", Time since last: 70514800 ns, Reaching safepoint: 211800 ns, At safepoint: 974000 ns, Total: 1185800 ns
[281.084s][info][gc       ] GC(4040) Pause Young (Allocation Failure) 706M->46M(790M) 1.004ms
[281.084s][info][safepoint] Safepoint "ParallelGCFailedAllocation", Time since last: 66908300 ns, Reaching safepoint: 223500 ns, At safepoint: 1098200 ns, Total: 1321700 ns
[281.149s][info][gc       ] GC(4041) Pause Young (Allocation Failure) 681M->46M(764M) 0.721ms
[281.149s][info][safepoint] Safepoint "ParallelGCFailedAllocation", Time since last: 64420200 ns, Reaching safepoint: 220200 ns, At safepoint: 804400 ns, Total: 1024600 ns
[281.213s][info][gc       ] GC(4042) Pause Young (Allocation Failure) 657M->46M(886M) 1.090ms
[281.213s][info][safepoint] Safepoint "ParallelGCFailedAllocation", Time since last: 62321800 ns, Reaching safepoint: 197100 ns, At safepoint: 1174800 ns, Total: 1371900 ns
[281.288s][info][gc       ] GC(4043) Pause Young (Allocation Failure) 778M->46M(855M) 0.615ms
[281.288s][info][safepoint] Safepoint "ParallelGCFailedAllocation", Time since last: 74478200 ns, Reaching safepoint: 150100 ns, At safepoint: 743500 ns, Total: 893600 ns
[281.361s][info][gc       ] GC(4044) Pause Young (Allocation Failure) 748M->46M(825M) 0.864ms
[281.361s][info][safepoint] Safepoint "ParallelGCFailedAllocation", Time since last: 72078500 ns, Reaching safepoint: 178800 ns, At safepoint: 982900 ns, Total: 1161700 ns
[281.432s][info][gc       ] GC(4045) Pause Young (Allocation Failure) 718M->46M(797M) 0.899ms
[281.432s][info][safepoint] Safepoint "ParallelGCFailedAllocation", Time since last: 69244000 ns, Reaching safepoint: 226700 ns, At safepoint: 980100 ns, Total: 1206800 ns
[281.500s][info][gc       ] GC(4046) Pause Young (Allocation Failure) 688M->46M(926M) 1.205ms
[281.500s][info][safepoint] Safepoint "ParallelGCFailedAllocation", Time since last: 66821800 ns, Reaching safepoint: 196200 ns, At safepoint: 1321300 ns, Total: 1517500 ns
[281.580s][info][gc       ] GC(4047) Pause Young (Allocation Failure) 818M->46M(1074M) 1.108ms
[281.580s][info][safepoint] Safepoint "ParallelGCFailedAllocation", Time since last: 78523800 ns, Reaching safepoint: 220700 ns, At safepoint: 1233900 ns, Total: 1454600 ns
[281.675s][info][gc       ] GC(4048) Pause Young (Allocation Failure) 973M->52M(1267M) 1.163ms
[281.675s][info][safepoint] Safepoint "ParallelGCFailedAllocation", Time since last: 93330800 ns, Reaching safepoint: 147000 ns, At safepoint: 1257400 ns, Total: 1404400 ns
[281.789s][info][gc       ] GC(4049) Pause Young (Allocation Failure) 1163M->52M(1215M) 0.786ms
[281.789s][info][safepoint] Safepoint "ParallelGCFailedAllocation", Time since last: 112787800 ns, Reaching safepoint: 211500 ns, At safepoint: 875000 ns, Total: 1086500 ns
[281.898s][info][gc       ] GC(4050) Pause Young (Allocation Failure) 1109M->52M(1168M) 0.909ms
[281.898s][info][safepoint] Safepoint "ParallelGCFailedAllocation", Time since last: 107844400 ns, Reaching safepoint: 221700 ns, At safepoint: 995100 ns, Total: 1216800 ns
[282.002s][info][gc       ] GC(4051) Pause Young (Allocation Failure) 1064M->52M(1123M) 0.672ms
[282.002s][info][safepoint] Safepoint "ParallelGCFailedAllocation", Time since last: 102834300 ns, Reaching safepoint: 205200 ns, At safepoint: 752600 ns, Total: 957800 ns
[282.102s][info][gc       ] GC(4052) Pause Young (Allocation Failure) 1022M->52M(1080M) 1.149ms
[282.102s][info][safepoint] Safepoint "ParallelGCFailedAllocation", Time since last: 98739900 ns, Reaching safepoint: 216000 ns, At safepoint: 1248500 ns, Total: 1464500 ns
[282.197s][info][gc       ] GC(4053) Pause Young (Allocation Failure) 979M->52M(1040M) 0.918ms
[282.197s][info][safepoint] Safepoint "ParallelGCFailedAllocation", Time since last: 94243400 ns, Reaching safepoint: 202600 ns, At safepoint: 1019300 ns, Total: 1221900 ns
[282.288s][info][gc       ] GC(4054) Pause Young (Allocation Failure) 937M->49M(999M) 1.012ms
[282.288s][info][safepoint] Safepoint "ParallelGCFailedAllocation", Time since last: 89412000 ns, Reaching safepoint: 149100 ns, At safepoint: 1143200 ns, Total: 1292300 ns
[282.375s][info][gc       ] GC(4055) Pause Young (Allocation Failure) 895M->49M(962M) 1.454ms
[282.376s][info][safepoint] Safepoint "ParallelGCFailedAllocation", Time since last: 85620800 ns, Reaching safepoint: 264400 ns, At safepoint: 1635200 ns, Total: 1899600 ns
[282.459s][info][gc       ] GC(4056) Pause Young (Allocation Failure) 859M->49M(927M) 0.922ms
[282.459s][info][safepoint] Safepoint "ParallelGCFailedAllocation", Time since last: 82219100 ns, Reaching safepoint: 152700 ns, At safepoint: 1106900 ns, Total: 1259600 ns
[282.539s][info][gc       ] GC(4057) Pause Young (Allocation Failure) 825M->52M(897M) 0.605ms
[282.539s][info][safepoint] Safepoint "ParallelGCFailedAllocation", Time since last: 78941700 ns, Reaching safepoint: 119500 ns, At safepoint: 677200 ns, Total: 796700 ns
[282.615s][info][gc       ] GC(4058) Pause Young (Allocation Failure) 792M->52M(865M) 0.739ms
[282.615s][info][safepoint] Safepoint "ParallelGCFailedAllocation", Time since last: 75717800 ns, Reaching safepoint: 142500 ns, At safepoint: 816500 ns, Total: 959000 ns
[282.688s][info][gc       ] GC(4059) Pause Young (Allocation Failure) 762M->52M(835M) 0.960ms
[282.688s][info][safepoint] Safepoint "ParallelGCFailedAllocation", Time since last: 71716500 ns, Reaching safepoint: 205500 ns, At safepoint: 1089100 ns, Total: 1294600 ns
[282.759s][info][gc       ] GC(4060) Pause Young (Allocation Failure) 735M->49M(804M) 0.734ms
[282.759s][info][safepoint] Safepoint "ParallelGCFailedAllocation", Time since last: 69418400 ns, Reaching safepoint: 201300 ns, At safepoint: 845800 ns, Total: 1047100 ns
[282.827s][info][gc       ] GC(4061) Pause Young (Allocation Failure) 702M->52M(780M) 1.252ms
[282.827s][info][safepoint] Safepoint "ParallelGCFailedAllocation", Time since last: 66301400 ns, Reaching safepoint: 135500 ns, At safepoint: 1380800 ns, Total: 1516300 ns
[282.892s][info][gc       ] GC(4062) Pause Young (Allocation Failure) 677M->52M(904M) 1.022ms
[282.892s][info][safepoint] Safepoint "ParallelGCFailedAllocation", Time since last: 63541900 ns, Reaching safepoint: 271200 ns, At safepoint: 1166500 ns, Total: 1437700 ns
[282.968s][info][gc       ] GC(4063) Pause Young (Allocation Failure) 804M->49M(870M) 0.593ms
[282.968s][info][safepoint] Safepoint "ParallelGCFailedAllocation", Time since last: 75965500 ns, Reaching safepoint: 149500 ns, At safepoint: 678200 ns, Total: 827700 ns
[283.042s][info][gc       ] GC(4064) Pause Young (Allocation Failure) 769M->52M(842M) 0.678ms
[283.042s][info][safepoint] Safepoint "ParallelGCFailedAllocation", Time since last: 72949600 ns, Reaching safepoint: 145900 ns, At safepoint: 749800 ns, Total: 895700 ns
[283.113s][info][gc       ] GC(4065) Pause Young (Allocation Failure) 741M->49M(810M) 0.815ms
[283.113s][info][safepoint] Safepoint "ParallelGCFailedAllocation", Time since last: 69787400 ns, Reaching safepoint: 211600 ns, At safepoint: 934200 ns, Total: 1145800 ns
[283.181s][info][gc       ] GC(4066) Pause Young (Allocation Failure) 708M->52M(785M) 1.093ms
[283.181s][info][safepoint] Safepoint "ParallelGCFailedAllocation", Time since last: 66684500 ns, Reaching safepoint: 164300 ns, At safepoint: 1205100 ns, Total: 1369400 ns
[283.248s][info][gc       ] GC(4067) Pause Young (Allocation Failure) 684M->52M(759M) 0.814ms
[283.248s][info][safepoint] Safepoint "ParallelGCFailedAllocation", Time since last: 65181200 ns, Reaching safepoint: 222400 ns, At safepoint: 928100 ns, Total: 1150500 ns
[283.309s][info][gc       ] GC(4068) Pause Young (Allocation Failure) 659M->52M(734M) 1.042ms
[283.309s][info][safepoint] Safepoint "ParallelGCFailedAllocation", Time since last: 59816000 ns, Reaching safepoint: 181800 ns, At safepoint: 1167200 ns, Total: 1349000 ns
[283.369s][info][gc       ] GC(4069) Pause Young (Allocation Failure) 632M->52M(850M) 0.892ms
[283.369s][info][safepoint] Safepoint "ParallelGCFailedAllocation", Time since last: 58631400 ns, Reaching safepoint: 200000 ns, At safepoint: 1016100 ns, Total: 1216100 ns
[283.440s][info][gc       ] GC(4070) Pause Young (Allocation Failure) 748M->49M(819M) 0.813ms
[283.441s][info][safepoint] Safepoint "ParallelGCFailedAllocation", Time since last: 70758200 ns, Reaching safepoint: 191300 ns, At safepoint: 1081500 ns, Total: 1272800 ns
[283.510s][info][gc       ] GC(4071) Pause Young (Allocation Failure) 717M->49M(791M) 0.718ms
[283.510s][info][safepoint] Safepoint "ParallelGCFailedAllocation", Time since last: 68352800 ns, Reaching safepoint: 188800 ns, At safepoint: 823400 ns, Total: 1012200 ns
[283.577s][info][gc       ] GC(4072) Pause Young (Allocation Failure) 684M->52M(767M) 0.701ms
[283.577s][info][safepoint] Safepoint "ParallelGCFailedAllocation", Time since last: 65911300 ns, Reaching safepoint: 196000 ns, At safepoint: 827400 ns, Total: 1023400 ns
[283.640s][info][gc       ] GC(4073) Pause Young (Allocation Failure) 666M->52M(889M) 1.035ms
[283.640s][info][safepoint] Safepoint "ParallelGCFailedAllocation", Time since last: 62126500 ns, Reaching safepoint: 214800 ns, At safepoint: 1145300 ns, Total: 1360100 ns
[283.717s][info][gc       ] GC(4074) Pause Young (Allocation Failure) 788M->52M(858M) 0.884ms
[283.717s][info][safepoint] Safepoint "ParallelGCFailedAllocation", Time since last: 74972100 ns, Reaching safepoint: 193200 ns, At safepoint: 990900 ns, Total: 1184100 ns
[283.789s][info][gc       ] GC(4075) Pause Young (Allocation Failure) 757M->52M(828M) 0.640ms
[283.789s][info][safepoint] Safepoint "ParallelGCFailedAllocation", Time since last: 71796600 ns, Reaching safepoint: 194800 ns, At safepoint: 770400 ns, Total: 965200 ns
[283.859s][info][gc       ] GC(4076) Pause Young (Allocation Failure) 727M->52M(963M) 1.131ms
[283.860s][info][safepoint] Safepoint "ParallelGCFailedAllocation", Time since last: 68702300 ns, Reaching safepoint: 195300 ns, At safepoint: 1250100 ns, Total: 1445400 ns
[283.942s][info][gc       ] GC(4077) Pause Young (Allocation Failure) 858M->52M(928M) 0.680ms
[283.942s][info][safepoint] Safepoint "ParallelGCFailedAllocation", Time since last: 81205700 ns, Reaching safepoint: 217900 ns, At safepoint: 763000 ns, Total: 980900 ns
[284.023s][info][gc       ] GC(4078) Pause Young (Allocation Failure) 828M->52M(895M) 0.736ms
[284.023s][info][safepoint] Safepoint "ParallelGCFailedAllocation", Time since last: 79998700 ns, Reaching safepoint: 205700 ns, At safepoint: 843800 ns, Total: 1049500 ns
[284.099s][info][gc       ] GC(4079) Pause Young (Allocation Failure) 794M->52M(864M) 0.719ms
[284.099s][info][safepoint] Safepoint "ParallelGCFailedAllocation", Time since last: 75290100 ns, Reaching safepoint: 148100 ns, At safepoint: 838000 ns, Total: 986100 ns
[284.172s][info][gc       ] GC(4080) Pause Young (Allocation Failure) 758M->52M(834M) 0.869ms
[284.172s][info][safepoint] Safepoint "ParallelGCFailedAllocation", Time since last: 71786700 ns, Reaching safepoint: 140800 ns, At safepoint: 961000 ns, Total: 1101800 ns
[284.244s][info][gc       ] GC(4081) Pause Young (Allocation Failure) 731M->49M(803M) 0.676ms
[284.244s][info][safepoint] Safepoint "ParallelGCFailedAllocation", Time since last: 70676600 ns, Reaching safepoint: 193600 ns, At safepoint: 760500 ns, Total: 954100 ns
[284.311s][info][gc       ] GC(4082) Pause Young (Allocation Failure) 697M->52M(778M) 1.123ms
[284.312s][info][safepoint] Safepoint "ParallelGCFailedAllocation", Time since last: 66529800 ns, Reaching safepoint: 142800 ns, At safepoint: 1281300 ns, Total: 1424100 ns
[284.376s][info][gc       ] GC(4083) Pause Young (Allocation Failure) 673M->52M(903M) 1.162ms
[284.376s][info][safepoint] Safepoint "ParallelGCFailedAllocation", Time since last: 63087400 ns, Reaching safepoint: 466200 ns, At safepoint: 1348100 ns, Total: 1814300 ns
[284.454s][info][gc       ] GC(4084) Pause Young (Allocation Failure) 803M->49M(1050M) 0.910ms
[284.454s][info][safepoint] Safepoint "ParallelGCFailedAllocation", Time since last: 76178200 ns, Reaching safepoint: 152900 ns, At safepoint: 1014300 ns, Total: 1167200 ns
[284.548s][info][gc       ] GC(4085) Pause Young (Allocation Failure) 949M->52M(1014M) 0.825ms
[284.548s][info][safepoint] Safepoint "ParallelGCFailedAllocation", Time since last: 93438600 ns, Reaching safepoint: 155100 ns, At safepoint: 956600 ns, Total: 1111700 ns
[284.636s][info][gc       ] GC(4086) Pause Young (Allocation Failure) 911M->49M(974M) 0.836ms
[284.636s][info][safepoint] Safepoint "ParallelGCFailedAllocation", Time since last: 86849400 ns, Reaching safepoint: 219300 ns, At safepoint: 936700 ns, Total: 1156000 ns
[284.721s][info][gc       ] GC(4087) Pause Young (Allocation Failure) 871M->52M(941M) 1.022ms
[284.721s][info][safepoint] Safepoint "ParallelGCFailedAllocation", Time since last: 82981500 ns, Reaching safepoint: 240900 ns, At safepoint: 1183700 ns, Total: 1424600 ns
[284.802s][info][gc       ] GC(4088) Pause Young (Allocation Failure) 841M->52M(908M) 1.014ms
[284.802s][info][safepoint] Safepoint "ParallelGCFailedAllocation", Time since last: 79880600 ns, Reaching safepoint: 145000 ns, At safepoint: 1205800 ns, Total: 1350800 ns
[284.879s][info][gc       ] GC(4089) Pause Young (Allocation Failure) 805M->52M(873M) 0.717ms
[284.879s][info][safepoint] Safepoint "ParallelGCFailedAllocation", Time since last: 75748300 ns, Reaching safepoint: 145200 ns, At safepoint: 823000 ns, Total: 968200 ns
[284.958s][info][gc       ] GC(4090) Pause Young (Allocation Failure) 771M->55M(846M) 0.625ms
[284.958s][info][safepoint] Safepoint "ParallelGCFailedAllocation", Time since last: 78734000 ns, Reaching safepoint: 133800 ns, At safepoint: 704400 ns, Total: 838200 ns
[285.030s][info][gc       ] GC(4091) Pause Young (Allocation Failure) 747M->52M(814M) 0.776ms
[285.030s][info][safepoint] Safepoint "ParallelGCFailedAllocation", Time since last: 70920300 ns, Reaching safepoint: 209800 ns, At safepoint: 876700 ns, Total: 1086500 ns
[285.099s][info][gc       ] GC(4092) Pause Young (Allocation Failure) 713M->55M(789M) 0.810ms
[285.099s][info][safepoint] Safepoint "ParallelGCFailedAllocation", Time since last: 67531400 ns, Reaching safepoint: 207700 ns, At safepoint: 934700 ns, Total: 1142400 ns
[285.165s][info][gc       ] GC(4093) Pause Young (Allocation Failure) 689M->55M(763M) 0.654ms
[285.165s][info][safepoint] Safepoint "ParallelGCFailedAllocation", Time since last: 64752500 ns, Reaching safepoint: 161800 ns, At safepoint: 835800 ns, Total: 997600 ns
[285.228s][info][gc       ] GC(4094) Pause Young (Allocation Failure) 665M->55M(738M) 0.859ms
[285.228s][info][safepoint] Safepoint "ParallelGCFailedAllocation", Time since last: 62470900 ns, Reaching safepoint: 191700 ns, At safepoint: 967900 ns, Total: 1159600 ns
[285.289s][info][gc       ] GC(4095) Pause Young (Allocation Failure) 637M->55M(709M) 1.092ms
[285.289s][info][safepoint] Safepoint "ParallelGCFailedAllocation", Time since last: 58899600 ns, Reaching safepoint: 193900 ns, At safepoint: 1206800 ns, Total: 1400700 ns
[285.346s][info][gc       ] GC(4096) Pause Young (Allocation Failure) 613M->61M(830M) 0.655ms
[285.346s][info][safepoint] Safepoint "ParallelGCFailedAllocation", Time since last: 56694500 ns, Reaching safepoint: 200300 ns, At safepoint: 755700 ns, Total: 956000 ns
[285.416s][info][gc       ] GC(4097) Pause Young (Allocation Failure) 732M->61M(799M) 1.023ms
[285.416s][info][safepoint] Safepoint "ParallelGCFailedAllocation", Time since last: 68297200 ns, Reaching safepoint: 155700 ns, At safepoint: 1146100 ns, Total: 1301800 ns
[285.482s][info][gc       ] GC(4098) Pause Young (Allocation Failure) 704M->58M(769M) 0.859ms
[285.483s][info][safepoint] Safepoint "ParallelGCFailedAllocation", Time since last: 65518100 ns, Reaching safepoint: 202900 ns, At safepoint: 971700 ns, Total: 1174600 ns
[285.547s][info][gc       ] GC(4099) Pause Young (Allocation Failure) 677M->61M(896M) 1.185ms
[285.547s][info][safepoint] Safepoint "ParallelGCFailedAllocation", Time since last: 62935100 ns, Reaching safepoint: 142600 ns, At safepoint: 1356200 ns, Total: 1498800 ns
[285.624s][info][gc       ] GC(4100) Pause Young (Allocation Failure) 799M->61M(864M) 0.966ms
[285.624s][info][safepoint] Safepoint "ParallelGCFailedAllocation", Time since last: 75922500 ns, Reaching safepoint: 195300 ns, At safepoint: 1062800 ns, Total: 1258100 ns
[285.697s][info][gc       ] GC(4101) Pause Young (Allocation Failure) 769M->61M(834M) 0.500ms
[285.697s][info][safepoint] Safepoint "ParallelGCFailedAllocation", Time since last: 71644500 ns, Reaching safepoint: 210700 ns, At safepoint: 632900 ns, Total: 843600 ns
[285.767s][info][gc       ] GC(4102) Pause Young (Allocation Failure) 741M->58M(803M) 0.927ms
[285.767s][info][safepoint] Safepoint "ParallelGCFailedAllocation", Time since last: 68961600 ns, Reaching safepoint: 196300 ns, At safepoint: 1038300 ns, Total: 1234600 ns
[285.835s][info][gc       ] GC(4103) Pause Young (Allocation Failure) 708M->61M(779M) 0.715ms
[285.835s][info][safepoint] Safepoint "ParallelGCFailedAllocation", Time since last: 66773800 ns, Reaching safepoint: 226400 ns, At safepoint: 789200 ns, Total: 1015600 ns
[285.899s][info][gc       ] GC(4104) Pause Young (Allocation Failure) 684M->61M(753M) 1.085ms
[285.899s][info][safepoint] Safepoint "ParallelGCFailedAllocation", Time since last: 63209900 ns, Reaching safepoint: 231800 ns, At safepoint: 1262600 ns, Total: 1494400 ns
[285.961s][info][gc       ] GC(4105) Pause Young (Allocation Failure) 659M->58M(726M) 0.938ms
[285.961s][info][safepoint] Safepoint "ParallelGCFailedAllocation", Time since last: 60793500 ns, Reaching safepoint: 129100 ns, At safepoint: 1081800 ns, Total: 1210900 ns
[286.021s][info][gc       ] GC(4106) Pause Young (Allocation Failure) 632M->61M(844M) 1.113ms
[286.021s][info][safepoint] Safepoint "ParallelGCFailedAllocation", Time since last: 58050900 ns, Reaching safepoint: 190600 ns, At safepoint: 1235800 ns, Total: 1426400 ns
[286.092s][info][gc       ] GC(4107) Pause Young (Allocation Failure) 751M->61M(981M) 0.945ms
[286.092s][info][safepoint] Safepoint "ParallelGCFailedAllocation", Time since last: 70401500 ns, Reaching safepoint: 135400 ns, At safepoint: 1091300 ns, Total: 1226700 ns
[286.178s][info][gc       ] GC(4108) Pause Young (Allocation Failure) 888M->61M(946M) 1.228ms
[286.178s][info][safepoint] Safepoint "ParallelGCFailedAllocation", Time since last: 84011100 ns, Reaching safepoint: 139600 ns, At safepoint: 1349200 ns, Total: 1488800 ns
[286.260s][info][gc       ] GC(4109) Pause Young (Allocation Failure) 852M->61M(909M) 0.691ms
[286.260s][info][safepoint] Safepoint "ParallelGCFailedAllocation", Time since last: 80765400 ns, Reaching safepoint: 197400 ns, At safepoint: 780200 ns, Total: 977600 ns
[286.337s][info][gc       ] GC(4110) Pause Young (Allocation Failure) 820M->61M(877M) 0.722ms
[286.337s][info][safepoint] Safepoint "ParallelGCFailedAllocation", Time since last: 76397100 ns, Reaching safepoint: 209800 ns, At safepoint: 825400 ns, Total: 1035200 ns
[286.412s][info][gc       ] GC(4111) Pause Young (Allocation Failure) 785M->64M(849M) 0.911ms
[286.412s][info][safepoint] Safepoint "ParallelGCFailedAllocation", Time since last: 73705800 ns, Reaching safepoint: 144600 ns, At safepoint: 1088900 ns, Total: 1233500 ns
[286.483s][info][gc       ] GC(4112) Pause Young (Allocation Failure) 757M->61M(817M) 0.882ms
[286.483s][info][safepoint] Safepoint "ParallelGCFailedAllocation", Time since last: 70050400 ns, Reaching safepoint: 217100 ns, At safepoint: 1016900 ns, Total: 1234000 ns
[286.551s][info][gc       ] GC(4113) Pause Young (Allocation Failure) 724M->64M(793M) 0.911ms
[286.552s][info][safepoint] Safepoint "ParallelGCFailedAllocation", Time since last: 67004600 ns, Reaching safepoint: 143800 ns, At safepoint: 1088400 ns, Total: 1232200 ns
[286.618s][info][gc       ] GC(4114) Pause Young (Allocation Failure) 700M->64M(766M) 0.815ms
[286.618s][info][safepoint] Safepoint "ParallelGCFailedAllocation", Time since last: 65045200 ns, Reaching safepoint: 216300 ns, At safepoint: 945300 ns, Total: 1161600 ns
[286.682s][info][gc       ] GC(4115) Pause Young (Allocation Failure) 675M->64M(738M) 0.795ms
[286.682s][info][safepoint] Safepoint "ParallelGCFailedAllocation", Time since last: 62699700 ns, Reaching safepoint: 202100 ns, At safepoint: 904200 ns, Total: 1106300 ns
[286.742s][info][gc       ] GC(4116) Pause Young (Allocation Failure) 651M->64M(714M) 0.743ms
[286.742s][info][safepoint] Safepoint "ParallelGCFailedAllocation", Time since last: 59295000 ns, Reaching safepoint: 191700 ns, At safepoint: 849200 ns, Total: 1040900 ns
[286.800s][info][gc       ] GC(4117) Pause Young (Allocation Failure) 627M->67M(830M) 0.985ms
[286.800s][info][safepoint] Safepoint "ParallelGCFailedAllocation", Time since last: 56916200 ns, Reaching safepoint: 209700 ns, At safepoint: 1073200 ns, Total: 1282900 ns
[286.870s][info][gc       ] GC(4118) Pause Young (Allocation Failure) 743M->64M(799M) 1.089ms
[286.870s][info][safepoint] Safepoint "ParallelGCFailedAllocation", Time since last: 68566800 ns, Reaching safepoint: 148400 ns, At safepoint: 1237100 ns, Total: 1385500 ns
[286.937s][info][gc       ] GC(4119) Pause Young (Allocation Failure) 712M->64M(772M) 1.177ms
[286.937s][info][safepoint] Safepoint "ParallelGCFailedAllocation", Time since last: 65643200 ns, Reaching safepoint: 141000 ns, At safepoint: 1315800 ns, Total: 1456800 ns
[287.002s][info][gc       ] GC(4120) Pause Young (Allocation Failure) 685M->67M(899M) 1.056ms
[287.002s][info][safepoint] Safepoint "ParallelGCFailedAllocation", Time since last: 63905100 ns, Reaching safepoint: 206100 ns, At safepoint: 1150400 ns, Total: 1356500 ns
[287.079s][info][gc       ] GC(4121) Pause Young (Allocation Failure) 807M->67M(1047M) 0.755ms
[287.079s][info][safepoint] Safepoint "ParallelGCFailedAllocation", Time since last: 75471200 ns, Reaching safepoint: 194500 ns, At safepoint: 880300 ns, Total: 1074800 ns
[287.171s][info][gc       ] GC(4122) Pause Young (Allocation Failure) 957M->67M(1008M) 0.888ms
[287.171s][info][safepoint] Safepoint "ParallelGCFailedAllocation", Time since last: 90859900 ns, Reaching safepoint: 197400 ns, At safepoint: 982000 ns, Total: 1179400 ns
[287.259s][info][gc       ] GC(4123) Pause Young (Allocation Failure) 920M->67M(968M) 0.700ms
[287.259s][info][safepoint] Safepoint "ParallelGCFailedAllocation", Time since last: 86659800 ns, Reaching safepoint: 198400 ns, At safepoint: 798600 ns, Total: 997000 ns
[287.343s][info][gc       ] GC(4124) Pause Young (Allocation Failure) 884M->70M(936M) 1.023ms
[287.343s][info][safepoint] Safepoint "ParallelGCFailedAllocation", Time since last: 82908400 ns, Reaching safepoint: 127500 ns, At safepoint: 1175600 ns, Total: 1303100 ns
[287.424s][info][gc       ] GC(4125) Pause Young (Allocation Failure) 850M->70M(903M) 0.924ms
[287.424s][info][safepoint] Safepoint "ParallelGCFailedAllocation", Time since last: 79762200 ns, Reaching safepoint: 132600 ns, At safepoint: 1085300 ns, Total: 1217900 ns
[287.501s][info][gc       ] GC(4126) Pause Young (Allocation Failure) 817M->70M(871M) 1.182ms
[287.501s][info][safepoint] Safepoint "ParallelGCFailedAllocation", Time since last: 76052000 ns, Reaching safepoint: 138000 ns, At safepoint: 1276700 ns, Total: 1414700 ns
[287.576s][info][gc       ] GC(4127) Pause Young (Allocation Failure) 786M->70M(835M) 1.089ms
[287.576s][info][safepoint] Safepoint "ParallelGCFailedAllocation", Time since last: 73535300 ns, Reaching safepoint: 194600 ns, At safepoint: 1181200 ns, Total: 1375800 ns
[287.647s][info][gc       ] GC(4128) Pause Young (Allocation Failure) 756M->76M(980M) 0.894ms
[287.647s][info][safepoint] Safepoint "ParallelGCFailedAllocation", Time since last: 69255900 ns, Reaching safepoint: 216500 ns, At safepoint: 984100 ns, Total: 1200600 ns
[287.732s][info][gc       ] GC(4129) Pause Young (Allocation Failure) 900M->76M(942M) 1.026ms
[287.732s][info][safepoint] Safepoint "ParallelGCFailedAllocation", Time since last: 84134000 ns, Reaching safepoint: 129400 ns, At safepoint: 1156400 ns, Total: 1285800 ns
[287.814s][info][gc       ] GC(4130) Pause Young (Allocation Failure) 863M->76M(1099M) 1.242ms
[287.814s][info][safepoint] Safepoint "ParallelGCFailedAllocation", Time since last: 80001100 ns, Reaching safepoint: 233200 ns, At safepoint: 1348100 ns, Total: 1581300 ns
[287.912s][info][gc       ] GC(4131) Pause Young (Allocation Failure) 1019M->76M(1057M) 0.699ms
[287.912s][info][safepoint] Safepoint "ParallelGCFailedAllocation", Time since last: 96921800 ns, Reaching safepoint: 211600 ns, At safepoint: 813500 ns, Total: 1025100 ns
[288.007s][info][gc       ] GC(4132) Pause Young (Allocation Failure) 980M->76M(1018M) 0.926ms
[288.007s][info][safepoint] Safepoint "ParallelGCFailedAllocation", Time since last: 93817600 ns, Reaching safepoint: 198100 ns, At safepoint: 1051200 ns, Total: 1249300 ns
[288.095s][info][gc       ] GC(4133) Pause Young (Allocation Failure) 940M->73M(977M) 0.675ms
[288.095s][info][safepoint] Safepoint "ParallelGCFailedAllocation", Time since last: 87870900 ns, Reaching safepoint: 108300 ns, At safepoint: 755900 ns, Total: 864200 ns
[288.181s][info][gc       ] GC(4134) Pause Young (Allocation Failure) 900M->76M(945M) 1.044ms
[288.181s][info][safepoint] Safepoint "ParallelGCFailedAllocation", Time since last: 83835100 ns, Reaching safepoint: 193100 ns, At safepoint: 1168500 ns, Total: 1361600 ns
[288.263s][info][gc       ] GC(4135) Pause Young (Allocation Failure) 864M->76M(911M) 0.873ms
[288.263s][info][safepoint] Safepoint "ParallelGCFailedAllocation", Time since last: 81019400 ns, Reaching safepoint: 208400 ns, At safepoint: 990100 ns, Total: 1198500 ns
[288.341s][info][gc       ] GC(4136) Pause Young (Allocation Failure) 834M->73M(876M) 0.941ms
[288.341s][info][safepoint] Safepoint "ParallelGCFailedAllocation", Time since last: 76641700 ns, Reaching safepoint: 151900 ns, At safepoint: 1153400 ns, Total: 1305300 ns
[288.415s][info][gc       ] GC(4137) Pause Young (Allocation Failure) 796M->73M(845M) 0.992ms
[288.416s][info][safepoint] Safepoint "ParallelGCFailedAllocation", Time since last: 73461400 ns, Reaching safepoint: 133200 ns, At safepoint: 1128800 ns, Total: 1262000 ns
[288.487s][info][gc       ] GC(4138) Pause Young (Allocation Failure) 763M->76M(819M) 0.748ms
[288.487s][info][safepoint] Safepoint "ParallelGCFailedAllocation", Time since last: 70292000 ns, Reaching safepoint: 133900 ns, At safepoint: 913000 ns, Total: 1046900 ns
[288.555s][info][gc       ] GC(4139) Pause Young (Allocation Failure) 738M->76M(792M) 0.826ms
[288.555s][info][safepoint] Safepoint "ParallelGCFailedAllocation", Time since last: 67323500 ns, Reaching safepoint: 222800 ns, At safepoint: 950600 ns, Total: 1173400 ns
[288.622s][info][gc       ] GC(4140) Pause Young (Allocation Failure) 714M->76M(765M) 0.901ms
[288.622s][info][safepoint] Safepoint "ParallelGCFailedAllocation", Time since last: 64968000 ns, Reaching safepoint: 215900 ns, At safepoint: 1008600 ns, Total: 1224500 ns
[288.685s][info][gc       ] GC(4141) Pause Young (Allocation Failure) 687M->73M(737M) 0.797ms
[288.685s][info][safepoint] Safepoint "ParallelGCFailedAllocation", Time since last: 61977700 ns, Reaching safepoint: 200400 ns, At safepoint: 906200 ns, Total: 1106600 ns
[288.746s][info][gc       ] GC(4142) Pause Young (Allocation Failure) 656M->76M(716M) 0.834ms
[288.746s][info][safepoint] Safepoint "ParallelGCFailedAllocation", Time since last: 60364100 ns, Reaching safepoint: 238500 ns, At safepoint: 975300 ns, Total: 1213800 ns
[288.805s][info][gc       ] GC(4143) Pause Young (Allocation Failure) 637M->76M(829M) 1.282ms
[288.805s][info][safepoint] Safepoint "ParallelGCFailedAllocation", Time since last: 56935500 ns, Reaching safepoint: 133500 ns, At safepoint: 1402300 ns, Total: 1535800 ns
[288.874s][info][gc       ] GC(4144) Pause Young (Allocation Failure) 751M->76M(964M) 1.290ms
[288.874s][info][safepoint] Safepoint "ParallelGCFailedAllocation", Time since last: 68079200 ns, Reaching safepoint: 203600 ns, At safepoint: 1404600 ns, Total: 1608200 ns
[288.957s][info][gc       ] GC(4145) Pause Young (Allocation Failure) 886M->73M(1122M) 0.982ms
[288.958s][info][safepoint] Safepoint "ParallelGCFailedAllocation", Time since last: 81886800 ns, Reaching safepoint: 136500 ns, At safepoint: 1128300 ns, Total: 1264800 ns
[289.057s][info][gc       ] GC(4146) Pause Young (Allocation Failure) 1040M->76M(1083M) 0.775ms
[289.057s][info][safepoint] Safepoint "ParallelGCFailedAllocation", Time since last: 97926000 ns, Reaching safepoint: 215800 ns, At safepoint: 872500 ns, Total: 1088300 ns
[289.152s][info][gc       ] GC(4147) Pause Young (Allocation Failure) 1003M->76M(1042M) 0.792ms
[289.152s][info][safepoint] Safepoint "ParallelGCFailedAllocation", Time since last: 94128000 ns, Reaching safepoint: 210600 ns, At safepoint: 919800 ns, Total: 1130400 ns
[289.243s][info][gc       ] GC(4148) Pause Young (Allocation Failure) 963M->76M(1004M) 1.173ms
[289.244s][info][safepoint] Safepoint "ParallelGCFailedAllocation", Time since last: 90205400 ns, Reaching safepoint: 177800 ns, At safepoint: 1297500 ns, Total: 1475300 ns
[289.331s][info][gc       ] GC(4149) Pause Young (Allocation Failure) 926M->76M(964M) 0.940ms
[289.332s][info][safepoint] Safepoint "ParallelGCFailedAllocation", Time since last: 86841300 ns, Reaching safepoint: 149600 ns, At safepoint: 1092400 ns, Total: 1242000 ns
[289.416s][info][gc       ] GC(4150) Pause Young (Allocation Failure) 890M->79M(932M) 1.052ms
[289.416s][info][safepoint] Safepoint "ParallelGCFailedAllocation", Time since last: 83386700 ns, Reaching safepoint: 154900 ns, At safepoint: 1230500 ns, Total: 1385400 ns
[289.497s][info][gc       ] GC(4151) Pause Young (Allocation Failure) 856M->79M(899M) 0.767ms
[289.497s][info][safepoint] Safepoint "ParallelGCFailedAllocation", Time since last: 79393100 ns, Reaching safepoint: 206500 ns, At safepoint: 843800 ns, Total: 1050300 ns
[289.573s][info][gc       ] GC(4152) Pause Young (Allocation Failure) 822M->79M(868M) 1.156ms
[289.573s][info][safepoint] Safepoint "ParallelGCFailedAllocation", Time since last: 75135400 ns, Reaching safepoint: 211000 ns, At safepoint: 1279000 ns, Total: 1490000 ns
[289.647s][info][gc       ] GC(4153) Pause Young (Allocation Failure) 792M->79M(1004M) 1.490ms
[289.647s][info][safepoint] Safepoint "ParallelGCFailedAllocation", Time since last: 72017600 ns, Reaching safepoint: 230000 ns, At safepoint: 1637500 ns, Total: 1867500 ns
[289.735s][info][gc       ] GC(4154) Pause Young (Allocation Failure) 930M->85M(976M) 0.572ms
[289.735s][info][safepoint] Safepoint "ParallelGCFailedAllocation", Time since last: 86598300 ns, Reaching safepoint: 196800 ns, At safepoint: 663700 ns, Total: 860500 ns
[289.819s][info][gc       ] GC(4155) Pause Young (Allocation Failure) 902M->82M(935M) 0.882ms
[289.819s][info][safepoint] Safepoint "ParallelGCFailedAllocation", Time since last: 83572500 ns, Reaching safepoint: 134200 ns, At safepoint: 965000 ns, Total: 1099200 ns
[289.901s][info][gc       ] GC(4156) Pause Young (Allocation Failure) 866M->82M(901M) 0.699ms
[289.901s][info][safepoint] Safepoint "ParallelGCFailedAllocation", Time since last: 80455100 ns, Reaching safepoint: 199400 ns, At safepoint: 822000 ns, Total: 1021400 ns
[289.979s][info][gc       ] GC(4157) Pause Young (Allocation Failure) 832M->82M(869M) 0.944ms
[289.979s][info][safepoint] Safepoint "ParallelGCFailedAllocation", Time since last: 77007500 ns, Reaching safepoint: 243700 ns, At safepoint: 1080400 ns, Total: 1324100 ns
[290.053s][info][gc       ] GC(4158) Pause Young (Allocation Failure) 798M->85M(842M) 0.677ms
[290.053s][info][safepoint] Safepoint "ParallelGCFailedAllocation", Time since last: 72793000 ns, Reaching safepoint: 192700 ns, At safepoint: 783500 ns, Total: 976200 ns
[290.124s][info][gc       ] GC(4159) Pause Young (Allocation Failure) 774M->85M(813M) 1.073ms
[290.125s][info][safepoint] Safepoint "ParallelGCFailedAllocation", Time since last: 70146000 ns, Reaching safepoint: 142700 ns, At safepoint: 1213500 ns, Total: 1356200 ns
[290.194s][info][gc       ] GC(4160) Pause Young (Allocation Failure) 743M->85M(785M) 1.117ms
[290.194s][info][safepoint] Safepoint "ParallelGCFailedAllocation", Time since last: 67824200 ns, Reaching safepoint: 204000 ns, At safepoint: 1197600 ns, Total: 1401600 ns
[290.259s][info][gc       ] GC(4161) Pause Young (Allocation Failure) 716M->82M(756M) 0.984ms
[290.259s][info][safepoint] Safepoint "ParallelGCFailedAllocation", Time since last: 64115200 ns, Reaching safepoint: 157400 ns, At safepoint: 1115600 ns, Total: 1273000 ns
[290.321s][info][gc       ] GC(4162) Pause Young (Allocation Failure) 688M->82M(731M) 0.765ms
[290.321s][info][safepoint] Safepoint "ParallelGCFailedAllocation", Time since last: 61279100 ns, Reaching safepoint: 208000 ns, At safepoint: 869300 ns, Total: 1077300 ns
[290.382s][info][gc       ] GC(4163) Pause Young (Allocation Failure) 660M->85M(850M) 1.249ms
[290.382s][info][safepoint] Safepoint "ParallelGCFailedAllocation", Time since last: 59118400 ns, Reaching safepoint: 140300 ns, At safepoint: 1373900 ns, Total: 1514200 ns
[290.454s][info][gc       ] GC(4164) Pause Young (Allocation Failure) 780M->85M(989M) 1.230ms
[290.454s][info][safepoint] Safepoint "ParallelGCFailedAllocation", Time since last: 70674600 ns, Reaching safepoint: 144900 ns, At safepoint: 1381700 ns, Total: 1526600 ns
[290.540s][info][gc       ] GC(4165) Pause Young (Allocation Failure) 919M->85M(953M) 0.634ms
[290.540s][info][safepoint] Safepoint "ParallelGCFailedAllocation", Time since last: 84902200 ns, Reaching safepoint: 193800 ns, At safepoint: 718100 ns, Total: 911900 ns
[290.624s][info][gc       ] GC(4166) Pause Young (Allocation Failure) 882M->85M(919M) 1.366ms
[290.624s][info][safepoint] Safepoint "ParallelGCFailedAllocation", Time since last: 82196600 ns, Reaching safepoint: 162900 ns, At safepoint: 1550100 ns, Total: 1713000 ns
[290.702s][info][gc       ] GC(4167) Pause Young (Allocation Failure) 851M->85M(886M) 0.649ms
[290.702s][info][safepoint] Safepoint "ParallelGCFailedAllocation", Time since last: 77242400 ns, Reaching safepoint: 202300 ns, At safepoint: 739100 ns, Total: 941400 ns
[290.778s][info][gc       ] GC(4168) Pause Young (Allocation Failure) 818M->85M(855M) 1.114ms
[290.778s][info][safepoint] Safepoint "ParallelGCFailedAllocation", Time since last: 74293600 ns, Reaching safepoint: 197200 ns, At safepoint: 1259000 ns, Total: 1456200 ns
[290.850s][info][gc       ] GC(4169) Pause Young (Allocation Failure) 787M->85M(995M) 0.890ms
[290.850s][info][safepoint] Safepoint "ParallelGCFailedAllocation", Time since last: 71303500 ns, Reaching safepoint: 199200 ns, At safepoint: 990900 ns, Total: 1190100 ns
[290.937s][info][gc       ] GC(4170) Pause Young (Allocation Failure) 926M->85M(958M) 0.876ms
[290.937s][info][safepoint] Safepoint "ParallelGCFailedAllocation", Time since last: 85481700 ns, Reaching safepoint: 194300 ns, At safepoint: 971800 ns, Total: 1166100 ns
[291.020s][info][gc       ] GC(4171) Pause Young (Allocation Failure) 889M->85M(918M) 1.060ms
[291.021s][info][safepoint] Safepoint "ParallelGCFailedAllocation", Time since last: 82026700 ns, Reaching safepoint: 211700 ns, At safepoint: 1212900 ns, Total: 1424600 ns
[291.100s][info][gc       ] GC(4172) Pause Young (Allocation Failure) 852M->91M(894M) 0.726ms
[291.100s][info][safepoint] Safepoint "ParallelGCFailedAllocation", Time since last: 78027600 ns, Reaching safepoint: 152700 ns, At safepoint: 872400 ns, Total: 1025100 ns
[291.175s][info][gc       ] GC(4173) Pause Young (Allocation Failure) 827M->88M(857M) 0.992ms
[291.175s][info][safepoint] Safepoint "ParallelGCFailedAllocation", Time since last: 74189800 ns, Reaching safepoint: 199800 ns, At safepoint: 1077000 ns, Total: 1276800 ns
[291.248s][info][gc       ] GC(4174) Pause Young (Allocation Failure) 794M->91M(830M) 0.786ms
[291.248s][info][safepoint] Safepoint "ParallelGCFailedAllocation", Time since last: 71728500 ns, Reaching safepoint: 198600 ns, At safepoint: 875000 ns, Total: 1073600 ns
[291.317s][info][gc       ] GC(4175) Pause Young (Allocation Failure) 766M->88M(799M) 0.924ms
[291.318s][info][safepoint] Safepoint "ParallelGCFailedAllocation", Time since last: 68410000 ns, Reaching safepoint: 208300 ns, At safepoint: 1053100 ns, Total: 1261400 ns
[291.384s][info][gc       ] GC(4176) Pause Young (Allocation Failure) 732M->91M(775M) 0.989ms
[291.385s][info][safepoint] Safepoint "ParallelGCFailedAllocation", Time since last: 65730100 ns, Reaching safepoint: 126800 ns, At safepoint: 1115500 ns, Total: 1242300 ns
[291.450s][info][gc       ] GC(4177) Pause Young (Allocation Failure) 708M->91M(750M) 0.857ms
[291.450s][info][safepoint] Safepoint "ParallelGCFailedAllocation", Time since last: 64078900 ns, Reaching safepoint: 137900 ns, At safepoint: 942000 ns, Total: 1079900 ns
[291.512s][info][gc       ] GC(4178) Pause Young (Allocation Failure) 686M->91M(725M) 0.898ms
[291.512s][info][safepoint] Safepoint "ParallelGCFailedAllocation", Time since last: 60807900 ns, Reaching safepoint: 143500 ns, At safepoint: 987300 ns, Total: 1130800 ns
[291.570s][info][gc       ] GC(4179) Pause Young (Allocation Failure) 661M->91M(839M) 0.634ms
[291.570s][info][safepoint] Safepoint "ParallelGCFailedAllocation", Time since last: 57621300 ns, Reaching safepoint: 213700 ns, At safepoint: 722600 ns, Total: 936300 ns
[291.641s][info][gc       ] GC(4180) Pause Young (Allocation Failure) 776M->91M(976M) 1.453ms
[291.642s][info][safepoint] Safepoint "ParallelGCFailedAllocation", Time since last: 69517400 ns, Reaching safepoint: 208500 ns, At safepoint: 1592200 ns, Total: 1800700 ns
[291.726s][info][gc       ] GC(4181) Pause Young (Allocation Failure) 914M->91M(1140M) 0.928ms
[291.726s][info][safepoint] Safepoint "ParallelGCFailedAllocation", Time since last: 83369700 ns, Reaching safepoint: 195900 ns, At safepoint: 1010100 ns, Total: 1206000 ns
[291.827s][info][gc       ] GC(4182) Pause Young (Allocation Failure) 1078M->91M(1336M) 0.880ms
[291.827s][info][safepoint] Safepoint "ParallelGCFailedAllocation", Time since last: 100187500 ns, Reaching safepoint: 131600 ns, At safepoint: 982600 ns, Total: 1114200 ns
[291.949s][info][gc       ] GC(4183) Pause Young (Allocation Failure) 1272M->91M(1283M) 0.869ms
[291.949s][info][safepoint] Safepoint "ParallelGCFailedAllocation", Time since last: 120109800 ns, Reaching safepoint: 152400 ns, At safepoint: 1010500 ns, Total: 1162900 ns
[292.064s][info][gc       ] GC(4184) Pause Young (Allocation Failure) 1220M->88M(1230M) 0.748ms
[292.065s][info][safepoint] Safepoint "ParallelGCFailedAllocation", Time since last: 114869800 ns, Reaching safepoint: 151800 ns, At safepoint: 849700 ns, Total: 1001500 ns
[292.175s][info][gc       ] GC(4185) Pause Young (Allocation Failure) 1165M->88M(1182M) 0.843ms
[292.176s][info][safepoint] Safepoint "ParallelGCFailedAllocation", Time since last: 109855300 ns, Reaching safepoint: 184500 ns, At safepoint: 940100 ns, Total: 1124600 ns
[292.282s][info][gc       ] GC(4186) Pause Young (Allocation Failure) 1119M->88M(1136M) 0.819ms
[292.282s][info][safepoint] Safepoint "ParallelGCFailedAllocation", Time since last: 105651300 ns, Reaching safepoint: 144000 ns, At safepoint: 967200 ns, Total: 1111200 ns
[292.383s][info][gc       ] GC(4187) Pause Young (Allocation Failure) 1073M->91M(1096M) 0.792ms
[292.383s][info][safepoint] Safepoint "ParallelGCFailedAllocation", Time since last: 99905500 ns, Reaching safepoint: 229600 ns, At safepoint: 897500 ns, Total: 1127100 ns
[292.482s][info][gc       ] GC(4188) Pause Young (Allocation Failure) 1033M->88M(1052M) 0.793ms
[292.482s][info][safepoint] Safepoint "ParallelGCFailedAllocation", Time since last: 97242600 ns, Reaching safepoint: 198200 ns, At safepoint: 911000 ns, Total: 1109200 ns
[292.574s][info][gc       ] GC(4189) Pause Young (Allocation Failure) 990M->91M(1016M) 0.804ms
[292.574s][info][safepoint] Safepoint "ParallelGCFailedAllocation", Time since last: 91348600 ns, Reaching safepoint: 217500 ns, At safepoint: 910900 ns, Total: 1128400 ns
[292.663s][info][gc       ] GC(4190) Pause Young (Allocation Failure) 953M->91M(978M) 0.835ms
[292.663s][info][safepoint] Safepoint "ParallelGCFailedAllocation", Time since last: 87651000 ns, Reaching safepoint: 140600 ns, At safepoint: 997700 ns, Total: 1138300 ns
[292.747s][info][gc       ] GC(4191) Pause Young (Allocation Failure) 916M->91M(940M) 0.759ms
[292.748s][info][safepoint] Safepoint "ParallelGCFailedAllocation", Time since last: 83576400 ns, Reaching safepoint: 202700 ns, At safepoint: 855200 ns, Total: 1057900 ns
[292.829s][info][gc       ] GC(4192) Pause Young (Allocation Failure) 879M->94M(909M) 0.754ms
[292.829s][info][safepoint] Safepoint "ParallelGCFailedAllocation", Time since last: 80193800 ns, Reaching safepoint: 223500 ns, At safepoint: 856100 ns, Total: 1079600 ns
[292.907s][info][gc       ] GC(4193) Pause Young (Allocation Failure) 848M->94M(877M) 0.762ms
[292.907s][info][safepoint] Safepoint "ParallelGCFailedAllocation", Time since last: 77380900 ns, Reaching safepoint: 145100 ns, At safepoint: 914000 ns, Total: 1059100 ns
[292.984s][info][gc       ] GC(4194) Pause Young (Allocation Failure) 817M->94M(847M) 1.158ms
[292.984s][info][safepoint] Safepoint "ParallelGCFailedAllocation", Time since last: 74804500 ns, Reaching safepoint: 222700 ns, At safepoint: 1304400 ns, Total: 1527100 ns
[293.055s][info][gc       ] GC(4195) Pause Young (Allocation Failure) 786M->94M(812M) 1.075ms
[293.056s][info][safepoint] Safepoint "ParallelGCFailedAllocation", Time since last: 70472500 ns, Reaching safepoint: 200000 ns, At safepoint: 1223100 ns, Total: 1423100 ns
[293.124s][info][gc       ] GC(4196) Pause Young (Allocation Failure) 756M->101M(790M) 0.681ms
[293.124s][info][safepoint] Safepoint "ParallelGCFailedAllocation", Time since last: 67154300 ns, Reaching safepoint: 156800 ns, At safepoint: 776700 ns, Total: 933500 ns
[293.189s][info][gc       ] GC(4197) Pause Young (Allocation Failure) 737M->101M(917M) 1.057ms
[293.189s][info][safepoint] Safepoint "ParallelGCFailedAllocation", Time since last: 64455000 ns, Reaching safepoint: 199700 ns, At safepoint: 1155300 ns, Total: 1355000 ns
[293.268s][info][gc       ] GC(4198) Pause Young (Allocation Failure) 864M->101M(884M) 1.175ms
[293.268s][info][safepoint] Safepoint "ParallelGCFailedAllocation", Time since last: 77482800 ns, Reaching safepoint: 134200 ns, At safepoint: 1305300 ns, Total: 1439500 ns
[293.343s][info][gc       ] GC(4199) Pause Young (Allocation Failure) 830M->101M(853M) 0.773ms
[293.343s][info][safepoint] Safepoint "ParallelGCFailedAllocation", Time since last: 74006200 ns, Reaching safepoint: 153400 ns, At safepoint: 851900 ns, Total: 1005300 ns
[293.415s][info][gc       ] GC(4200) Pause Young (Allocation Failure) 799M->101M(992M) 1.214ms
[293.415s][info][safepoint] Safepoint "ParallelGCFailedAllocation", Time since last: 70479400 ns, Reaching safepoint: 207800 ns, At safepoint: 1301000 ns, Total: 1508800 ns
[293.502s][info][gc       ] GC(4201) Pause Young (Allocation Failure) 938M->101M(1159M) 1.032ms
[293.502s][info][safepoint] Safepoint "ParallelGCFailedAllocation", Time since last: 85219800 ns, Reaching safepoint: 137900 ns, At safepoint: 1148200 ns, Total: 1286100 ns
[293.607s][info][gc       ] GC(4202) Pause Young (Allocation Failure) 1102M->101M(1303M) 0.947ms
[293.608s][info][safepoint] Safepoint "ParallelGCFailedAllocation", Time since last: 104429400 ns, Reaching safepoint: 217900 ns, At safepoint: 1047600 ns, Total: 1265500 ns
[293.726s][info][gc       ] GC(4203) Pause Young (Allocation Failure) 1242M->101M(1362M) 1.401ms
[293.726s][info][safepoint] Safepoint "ParallelGCFailedAllocation", Time since last: 116616000 ns, Reaching safepoint: 184500 ns, At safepoint: 1502000 ns, Total: 1686500 ns
[293.855s][info][gc       ] GC(4204) Pause Young (Allocation Failure) 1304M->101M(1362M) 1.565ms
[293.856s][info][safepoint] Safepoint "ParallelGCFailedAllocation", Time since last: 127881100 ns, Reaching safepoint: 157500 ns, At safepoint: 1682900 ns, Total: 1840400 ns
[293.980s][info][gc       ] GC(4205) Pause Young (Allocation Failure) 1304M->101M(1602M) 1.377ms
[293.980s][info][safepoint] Safepoint "ParallelGCFailedAllocation", Time since last: 122934600 ns, Reaching safepoint: 216700 ns, At safepoint: 1465100 ns, Total: 1681800 ns
[294.163s][info][gc       ] GC(4206) Pause Young (Allocation Failure) 1546M->101M(1533M) 1.620ms
[294.163s][info][safepoint] Safepoint "ParallelGCFailedAllocation", Time since last: 180877800 ns, Reaching safepoint: 208800 ns, At safepoint: 1717700 ns, Total: 1926500 ns
[294.304s][info][gc       ] GC(4207) Pause Young (Allocation Failure) 1481M->101M(1464M) 0.712ms
[294.304s][info][safepoint] Safepoint "ParallelGCFailedAllocation", Time since last: 139626000 ns, Reaching safepoint: 131400 ns, At safepoint: 867000 ns, Total: 998400 ns
[294.438s][info][gc       ] GC(4208) Pause Young (Allocation Failure) 1413M->107M(1413M) 0.645ms
[294.438s][info][safepoint] Safepoint "ParallelGCFailedAllocation", Time since last: 133898400 ns, Reaching safepoint: 204800 ns, At safepoint: 732000 ns, Total: 936800 ns
[294.568s][info][gc       ] GC(4209) Pause Young (Allocation Failure) 1358M->107M(1353M) 0.886ms
[294.568s][info][safepoint] Safepoint "ParallelGCFailedAllocation", Time since last: 128198100 ns, Reaching safepoint: 218100 ns, At safepoint: 969100 ns, Total: 1187200 ns
[294.692s][info][gc       ] GC(4210) Pause Young (Allocation Failure) 1305M->107M(1299M) 1.471ms
[294.692s][info][safepoint] Safepoint "ParallelGCFailedAllocation", Time since last: 122061000 ns, Reaching safepoint: 157900 ns, At safepoint: 1574900 ns, Total: 1732800 ns
[294.808s][info][gc       ] GC(4211) Pause Young (Allocation Failure) 1250M->107M(1248M) 0.963ms
[294.808s][info][safepoint] Safepoint "ParallelGCFailedAllocation", Time since last: 115514700 ns, Reaching safepoint: 213700 ns, At safepoint: 1047500 ns, Total: 1261200 ns
[294.920s][info][gc       ] GC(4212) Pause Young (Allocation Failure) 1201M->107M(1199M) 1.204ms
[294.920s][info][safepoint] Safepoint "ParallelGCFailedAllocation", Time since last: 110527300 ns, Reaching safepoint: 225200 ns, At safepoint: 1312000 ns, Total: 1537200 ns
[295.028s][info][gc       ] GC(4213) Pause Young (Allocation Failure) 1148M->107M(1153M) 0.699ms
[295.028s][info][safepoint] Safepoint "ParallelGCFailedAllocation", Time since last: 106620800 ns, Reaching safepoint: 204400 ns, At safepoint: 797700 ns, Total: 1002100 ns
[295.132s][info][gc       ] GC(4214) Pause Young (Allocation Failure) 1105M->107M(1109M) 0.911ms
[295.132s][info][safepoint] Safepoint "ParallelGCFailedAllocation", Time since last: 102618800 ns, Reaching safepoint: 212700 ns, At safepoint: 1021300 ns, Total: 1234000 ns
[295.231s][info][gc       ] GC(4215) Pause Young (Allocation Failure) 1062M->107M(1061M) 0.990ms
[295.231s][info][safepoint] Safepoint "ParallelGCFailedAllocation", Time since last: 97693500 ns, Reaching safepoint: 212700 ns, At safepoint: 1157000 ns, Total: 1369700 ns
[295.326s][info][gc       ] GC(4216) Pause Young (Allocation Failure) 1020M->113M(1030M) 0.943ms
[295.326s][info][safepoint] Safepoint "ParallelGCFailedAllocation", Time since last: 93496400 ns, Reaching safepoint: 216400 ns, At safepoint: 1021200 ns, Total: 1237600 ns
[295.415s][info][gc       ] GC(4217) Pause Young (Allocation Failure) 984M->113M(989M) 1.065ms
[295.415s][info][safepoint] Safepoint "ParallelGCFailedAllocation", Time since last: 88160500 ns, Reaching safepoint: 206400 ns, At safepoint: 1279200 ns, Total: 1485600 ns
[295.502s][info][gc       ] GC(4218) Pause Young (Allocation Failure) 947M->113M(953M) 1.371ms
[295.502s][info][safepoint] Safepoint "ParallelGCFailedAllocation", Time since last: 85053900 ns, Reaching safepoint: 146900 ns, At safepoint: 1480200 ns, Total: 1627100 ns
[295.585s][info][gc       ] GC(4219) Pause Young (Allocation Failure) 910M->113M(919M) 0.676ms
[295.585s][info][safepoint] Safepoint "ParallelGCFailedAllocation", Time since last: 81749300 ns, Reaching safepoint: 148700 ns, At safepoint: 790800 ns, Total: 939500 ns
[295.664s][info][gc       ] GC(4220) Pause Young (Allocation Failure) 878M->110M(883M) 0.840ms
[295.664s][info][safepoint] Safepoint "ParallelGCFailedAllocation", Time since last: 78382500 ns, Reaching safepoint: 220800 ns, At safepoint: 947500 ns, Total: 1168300 ns
[295.739s][info][gc       ] GC(4221) Pause Young (Allocation Failure) 842M->110M(852M) 0.852ms
[295.739s][info][safepoint] Safepoint "ParallelGCFailedAllocation", Time since last: 73825400 ns, Reaching safepoint: 202900 ns, At safepoint: 978100 ns, Total: 1181000 ns
[295.812s][info][gc       ] GC(4222) Pause Young (Allocation Failure) 808M->113M(826M) 0.934ms
[295.812s][info][safepoint] Safepoint "ParallelGCFailedAllocation", Time since last: 71026200 ns, Reaching safepoint: 172400 ns, At safepoint: 1097200 ns, Total: 1269600 ns
[295.881s][info][gc       ] GC(4223) Pause Young (Allocation Failure) 783M->113M(798M) 0.709ms
[295.881s][info][safepoint] Safepoint "ParallelGCFailedAllocation", Time since last: 68340300 ns, Reaching safepoint: 125300 ns, At safepoint: 818900 ns, Total: 944200 ns
[295.947s][info][gc       ] GC(4224) Pause Young (Allocation Failure) 755M->110M(768M) 0.834ms
[295.947s][info][safepoint] Safepoint "ParallelGCFailedAllocation", Time since last: 65445500 ns, Reaching safepoint: 205900 ns, At safepoint: 950300 ns, Total: 1156200 ns
[296.012s][info][gc       ] GC(4225) Pause Young (Allocation Failure) 728M->113M(746M) 0.700ms
[296.012s][info][safepoint] Safepoint "ParallelGCFailedAllocation", Time since last: 63299500 ns, Reaching safepoint: 202400 ns, At safepoint: 789800 ns, Total: 992200 ns
[296.073s][info][gc       ] GC(4226) Pause Young (Allocation Failure) 700M->113M(722M) 1.234ms
[296.073s][info][safepoint] Safepoint "ParallelGCFailedAllocation", Time since last: 59354500 ns, Reaching safepoint: 202800 ns, At safepoint: 1373500 ns, Total: 1576300 ns
[296.132s][info][gc       ] GC(4227) Pause Young (Allocation Failure) 681M->113M(835M) 0.881ms
[296.132s][info][safepoint] Safepoint "ParallelGCFailedAllocation", Time since last: 57816600 ns, Reaching safepoint: 196000 ns, At safepoint: 978500 ns, Total: 1174500 ns
[296.202s][info][gc       ] GC(4228) Pause Young (Allocation Failure) 790M->113M(971M) 0.932ms
[296.203s][info][safepoint] Safepoint "ParallelGCFailedAllocation", Time since last: 69580300 ns, Reaching safepoint: 213800 ns, At safepoint: 1043700 ns, Total: 1257500 ns
[296.287s][info][gc       ] GC(4229) Pause Young (Allocation Failure) 930M->113M(933M) 0.765ms
[296.287s][info][safepoint] Safepoint "ParallelGCFailedAllocation", Time since last: 83638600 ns, Reaching safepoint: 198400 ns, At safepoint: 863000 ns, Total: 1061400 ns
[296.368s][info][gc       ] GC(4230) Pause Young (Allocation Failure) 893M->116M(902M) 0.977ms
[296.368s][info][safepoint] Safepoint "ParallelGCFailedAllocation", Time since last: 79441700 ns, Reaching safepoint: 212200 ns, At safepoint: 1134300 ns, Total: 1346500 ns
[296.447s][info][gc       ] GC(4231) Pause Young (Allocation Failure) 862M->116M(871M) 0.833ms
[296.447s][info][safepoint] Safepoint "ParallelGCFailedAllocation", Time since last: 77765900 ns, Reaching safepoint: 239900 ns, At safepoint: 951100 ns, Total: 1191000 ns
[296.521s][info][gc       ] GC(4232) Pause Young (Allocation Failure) 831M->116M(1013M) 1.187ms
[296.521s][info][safepoint] Safepoint "ParallelGCFailedAllocation", Time since last: 72489800 ns, Reaching safepoint: 212000 ns, At safepoint: 1312200 ns, Total: 1524200 ns
[296.611s][info][gc       ] GC(4233) Pause Young (Allocation Failure) 974M->113M(973M) 0.692ms
[296.611s][info][safepoint] Safepoint "ParallelGCFailedAllocation", Time since last: 89096000 ns, Reaching safepoint: 149700 ns, At safepoint: 809300 ns, Total: 959000 ns
[296.696s][info][gc       ] GC(4234) Pause Young (Allocation Failure) 933M->116M(941M) 0.820ms
[296.696s][info][safepoint] Safepoint "ParallelGCFailedAllocation", Time since last: 83863000 ns, Reaching safepoint: 207900 ns, At safepoint: 930200 ns, Total: 1138100 ns
[296.778s][info][gc       ] GC(4235) Pause Young (Allocation Failure) 902M->116M(907M) 1.006ms
[296.778s][info][safepoint] Safepoint "ParallelGCFailedAllocation", Time since last: 80284900 ns, Reaching safepoint: 217000 ns, At safepoint: 1094400 ns, Total: 1311400 ns
[296.855s][info][gc       ] GC(4236) Pause Young (Allocation Failure) 868M->116M(875M) 0.807ms
[296.855s][info][safepoint] Safepoint "ParallelGCFailedAllocation", Time since last: 76242500 ns, Reaching safepoint: 145200 ns, At safepoint: 915000 ns, Total: 1060200 ns
[296.929s][info][gc       ] GC(4237) Pause Young (Allocation Failure) 837M->116M(842M) 0.750ms
[296.929s][info][safepoint] Safepoint "ParallelGCFailedAllocation", Time since last: 73511600 ns, Reaching safepoint: 225000 ns, At safepoint: 819000 ns, Total: 1044000 ns
[297.001s][info][gc       ] GC(4238) Pause Young (Allocation Failure) 806M->119M(816M) 1.065ms
[297.001s][info][safepoint] Safepoint "ParallelGCFailedAllocation", Time since last: 70339100 ns, Reaching safepoint: 218300 ns, At safepoint: 1151600 ns, Total: 1369900 ns
[297.069s][info][gc       ] GC(4239) Pause Young (Allocation Failure) 778M->119M(947M) 1.076ms
[297.069s][info][safepoint] Safepoint "ParallelGCFailedAllocation", Time since last: 66813700 ns, Reaching safepoint: 210300 ns, At safepoint: 1192600 ns, Total: 1402900 ns
[297.151s][info][gc       ] GC(4240) Pause Young (Allocation Failure) 912M->119M(1105M) 1.173ms
[297.151s][info][safepoint] Safepoint "ParallelGCFailedAllocation", Time since last: 80630300 ns, Reaching safepoint: 150900 ns, At safepoint: 1281600 ns, Total: 1432500 ns
[297.249s][info][gc       ] GC(4241) Pause Young (Allocation Failure) 1065M->119M(1061M) 0.767ms
[297.249s][info][safepoint] Safepoint "ParallelGCFailedAllocation", Time since last: 96728600 ns, Reaching safepoint: 206700 ns, At safepoint: 855200 ns, Total: 1061900 ns
[297.343s][info][gc       ] GC(4242) Pause Young (Allocation Failure) 1025M->122M(1024M) 0.749ms
[297.343s][info][safepoint] Safepoint "ParallelGCFailedAllocation", Time since last: 92302500 ns, Reaching safepoint: 216700 ns, At safepoint: 865500 ns, Total: 1082200 ns
[297.432s][info][gc       ] GC(4243) Pause Young (Allocation Failure) 990M->122M(987M) 0.783ms
[297.432s][info][safepoint] Safepoint "ParallelGCFailedAllocation", Time since last: 88317200 ns, Reaching safepoint: 217100 ns, At safepoint: 883000 ns, Total: 1100100 ns
[297.518s][info][gc       ] GC(4244) Pause Young (Allocation Failure) 953M->122M(951M) 0.837ms
[297.518s][info][safepoint] Safepoint "ParallelGCFailedAllocation", Time since last: 85000300 ns, Reaching safepoint: 131500 ns, At safepoint: 954900 ns, Total: 1086400 ns
[297.600s][info][gc       ] GC(4245) Pause Young (Allocation Failure) 916M->122M(914M) 0.694ms
[297.601s][info][safepoint] Safepoint "ParallelGCFailedAllocation", Time since last: 81378600 ns, Reaching safepoint: 217400 ns, At safepoint: 776600 ns, Total: 994000 ns
[297.680s][info][gc       ] GC(4246) Pause Young (Allocation Failure) 882M->125M(884M) 0.767ms
[297.680s][info][safepoint] Safepoint "ParallelGCFailedAllocation", Time since last: 78247900 ns, Reaching safepoint: 219600 ns, At safepoint: 882500 ns, Total: 1102100 ns
[297.755s][info][gc       ] GC(4247) Pause Young (Allocation Failure) 854M->125M(853M) 1.066ms
[297.755s][info][safepoint] Safepoint "ParallelGCFailedAllocation", Time since last: 74071300 ns, Reaching safepoint: 158800 ns, At safepoint: 1216200 ns, Total: 1375000 ns
[297.828s][info][gc       ] GC(4248) Pause Young (Allocation Failure) 823M->125M(824M) 1.128ms
[297.828s][info][safepoint] Safepoint "ParallelGCFailedAllocation", Time since last: 70886000 ns, Reaching safepoint: 196600 ns, At safepoint: 1253200 ns, Total: 1449800 ns
[297.897s][info][gc       ] GC(4249) Pause Young (Allocation Failure) 792M->125M(793M) 0.752ms
[297.897s][info][safepoint] Safepoint "ParallelGCFailedAllocation", Time since last: 68052200 ns, Reaching safepoint: 198800 ns, At safepoint: 847700 ns, Total: 1046500 ns
[297.964s][info][gc       ] GC(4250) Pause Young (Allocation Failure) 767M->128M(923M) 1.016ms
[297.964s][info][safepoint] Safepoint "ParallelGCFailedAllocation", Time since last: 65477900 ns, Reaching safepoint: 217200 ns, At safepoint: 1125700 ns, Total: 1342900 ns
[298.043s][info][gc       ] GC(4251) Pause Young (Allocation Failure) 898M->128M(890M) 0.699ms
[298.043s][info][safepoint] Safepoint "ParallelGCFailedAllocation", Time since last: 78368400 ns, Reaching safepoint: 201000 ns, At safepoint: 779000 ns, Total: 980000 ns
[298.119s][info][gc       ] GC(4252) Pause Young (Allocation Failure) 863M->128M(1037M) 1.291ms
[298.119s][info][safepoint] Safepoint "ParallelGCFailedAllocation", Time since last: 74646200 ns, Reaching safepoint: 403300 ns, At safepoint: 1417300 ns, Total: 1820600 ns
[298.210s][info][gc       ] GC(4253) Pause Young (Allocation Failure) 1010M->128M(995M) 0.708ms
[298.211s][info][safepoint] Safepoint "ParallelGCFailedAllocation", Time since last: 90092700 ns, Reaching safepoint: 208100 ns, At safepoint: 815000 ns, Total: 1023100 ns
[298.298s][info][gc       ] GC(4254) Pause Young (Allocation Failure) 973M->131M(962M) 0.740ms
[298.298s][info][safepoint] Safepoint "ParallelGCFailedAllocation", Time since last: 86016000 ns, Reaching safepoint: 212900 ns, At safepoint: 856500 ns, Total: 1069400 ns
[298.381s][info][gc       ] GC(4255) Pause Young (Allocation Failure) 939M->131M(927M) 0.900ms
[298.382s][info][safepoint] Safepoint "ParallelGCFailedAllocation", Time since last: 82702500 ns, Reaching safepoint: 149600 ns, At safepoint: 1069400 ns, Total: 1219000 ns
[298.461s][info][gc       ] GC(4256) Pause Young (Allocation Failure) 905M->128M(891M) 0.854ms
[298.461s][info][safepoint] Safepoint "ParallelGCFailedAllocation", Time since last: 78387400 ns, Reaching safepoint: 196000 ns, At safepoint: 977000 ns, Total: 1173000 ns
[298.537s][info][gc       ] GC(4257) Pause Young (Allocation Failure) 867M->131M(863M) 0.761ms
[298.537s][info][safepoint] Safepoint "ParallelGCFailedAllocation", Time since last: 74881000 ns, Reaching safepoint: 229200 ns, At safepoint: 861000 ns, Total: 1090200 ns
[298.610s][info][gc       ] GC(4258) Pause Young (Allocation Failure) 839M->128M(830M) 0.852ms
[298.610s][info][safepoint] Safepoint "ParallelGCFailedAllocation", Time since last: 71996400 ns, Reaching safepoint: 201600 ns, At safepoint: 965000 ns, Total: 1166600 ns
[298.680s][info][gc       ] GC(4259) Pause Young (Allocation Failure) 805M->131M(804M) 0.792ms
[298.680s][info][safepoint] Safepoint "ParallelGCFailedAllocation", Time since last: 68812800 ns, Reaching safepoint: 229900 ns, At safepoint: 896700 ns, Total: 1126600 ns
[298.748s][info][gc       ] GC(4260) Pause Young (Allocation Failure) 780M->131M(777M) 0.889ms
[298.748s][info][safepoint] Safepoint "ParallelGCFailedAllocation", Time since last: 66610200 ns, Reaching safepoint: 247900 ns, At safepoint: 986500 ns, Total: 1234400 ns
[298.812s][info][gc       ] GC(4261) Pause Young (Allocation Failure) 755M->128M(749M) 0.926ms
[298.813s][info][safepoint] Safepoint "ParallelGCFailedAllocation", Time since last: 63335600 ns, Reaching safepoint: 142700 ns, At safepoint: 1079700 ns, Total: 1222400 ns
[298.874s][info][gc       ] GC(4262) Pause Young (Allocation Failure) 721M->131M(727M) 0.894ms
[298.874s][info][safepoint] Safepoint "ParallelGCFailedAllocation", Time since last: 60416700 ns, Reaching safepoint: 212500 ns, At safepoint: 995100 ns, Total: 1207600 ns
[298.933s][info][gc       ] GC(4263) Pause Young (Allocation Failure) 702M->131M(842M) 1.013ms
[298.933s][info][safepoint] Safepoint "ParallelGCFailedAllocation", Time since last: 57914600 ns, Reaching safepoint: 238800 ns, At safepoint: 1114800 ns, Total: 1353600 ns
[299.005s][info][gc       ] GC(4264) Pause Young (Allocation Failure) 818M->131M(979M) 1.197ms
[299.005s][info][safepoint] Safepoint "ParallelGCFailedAllocation", Time since last: 69811600 ns, Reaching safepoint: 240500 ns, At safepoint: 1304300 ns, Total: 1544800 ns
[299.089s][info][gc       ] GC(4265) Pause Young (Allocation Failure) 955M->128M(1141M) 0.725ms
[299.089s][info][safepoint] Safepoint "ParallelGCFailedAllocation", Time since last: 83098200 ns, Reaching safepoint: 219400 ns, At safepoint: 808700 ns, Total: 1028100 ns
[299.192s][info][gc       ] GC(4266) Pause Young (Allocation Failure) 1118M->131M(1100M) 0.928ms
[299.192s][info][safepoint] Safepoint "ParallelGCFailedAllocation", Time since last: 102382100 ns, Reaching safepoint: 155400 ns, At safepoint: 1019000 ns, Total: 1174400 ns
[299.290s][info][gc       ] GC(4267) Pause Young (Allocation Failure) 1077M->128M(1056M) 0.864ms
[299.290s][info][safepoint] Safepoint "ParallelGCFailedAllocation", Time since last: 95910100 ns, Reaching safepoint: 219100 ns, At safepoint: 976800 ns, Total: 1195900 ns
[299.383s][info][gc       ] GC(4268) Pause Young (Allocation Failure) 1027M->131M(1019M) 0.846ms
[299.383s][info][safepoint] Safepoint "ParallelGCFailedAllocation", Time since last: 91989900 ns, Reaching safepoint: 141600 ns, At safepoint: 936000 ns, Total: 1077600 ns
[299.471s][info][gc       ] GC(4269) Pause Young (Allocation Failure) 996M->131M(982M) 1.108ms
[299.471s][info][safepoint] Safepoint "ParallelGCFailedAllocation", Time since last: 87359800 ns, Reaching safepoint: 125700 ns, At safepoint: 1244700 ns, Total: 1370400 ns
[299.558s][info][gc       ] GC(4270) Pause Young (Allocation Failure) 959M->131M(946M) 1.082ms
[299.558s][info][safepoint] Safepoint "ParallelGCFailedAllocation", Time since last: 84817200 ns, Reaching safepoint: 186800 ns, At safepoint: 1194100 ns, Total: 1380900 ns
[299.641s][info][gc       ] GC(4271) Pause Young (Allocation Failure) 922M->131M(906M) 1.254ms
[299.641s][info][safepoint] Safepoint "ParallelGCFailedAllocation", Time since last: 81670600 ns, Reaching safepoint: 222200 ns, At safepoint: 1387500 ns, Total: 1609700 ns
[299.719s][info][gc       ] GC(4272) Pause Young (Allocation Failure) 887M->137M(883M) 0.529ms
[299.719s][info][safepoint] Safepoint "ParallelGCFailedAllocation", Time since last: 77083000 ns, Reaching safepoint: 232900 ns, At safepoint: 668200 ns, Total: 901100 ns
[299.793s][info][gc       ] GC(4273) Pause Young (Allocation Failure) 862M->137M(850M) 0.755ms
[299.793s][info][safepoint] Safepoint "ParallelGCFailedAllocation", Time since last: 73576900 ns, Reaching safepoint: 226600 ns, At safepoint: 830900 ns, Total: 1057500 ns
[299.865s][info][gc       ] GC(4274) Pause Young (Allocation Failure) 831M->137M(821M) 1.201ms
[299.866s][info][safepoint] Safepoint "ParallelGCFailedAllocation", Time since last: 70477500 ns, Reaching safepoint: 214600 ns, At safepoint: 1317800 ns, Total: 1532400 ns
[299.935s][info][gc       ] GC(4275) Pause Young (Allocation Failure) 803M->134M(790M) 0.776ms
[299.935s][info][safepoint] Safepoint "ParallelGCFailedAllocation", Time since last: 68206400 ns, Reaching safepoint: 149600 ns, At safepoint: 874900 ns, Total: 1024500 ns
[300.004s][info][gc       ] GC(4276) Pause Young (Allocation Failure) 772M->134M(763M) 0.862ms
[300.004s][info][safepoint] Safepoint "ParallelGCFailedAllocation", Time since last: 67935900 ns, Reaching safepoint: 206500 ns, At safepoint: 984900 ns, Total: 1191400 ns
[300.072s][info][gc       ] GC(4277) Pause Young (Allocation Failure) 747M->137M(889M) 1.028ms
[300.072s][info][safepoint] Safepoint "ParallelGCFailedAllocation", Time since last: 66611600 ns, Reaching safepoint: 182000 ns, At safepoint: 1133500 ns, Total: 1315500 ns
[300.147s][info][gc       ] GC(4278) Pause Young (Allocation Failure) 869M->137M(858M) 0.921ms
[300.148s][info][safepoint] Safepoint "ParallelGCFailedAllocation", Time since last: 74547400 ns, Reaching safepoint: 207500 ns, At safepoint: 1021400 ns, Total: 1228900 ns
[300.220s][info][gc       ] GC(4279) Pause Young (Allocation Failure) 838M->137M(828M) 0.713ms
[300.220s][info][safepoint] Safepoint "ParallelGCFailedAllocation", Time since last: 71872100 ns, Reaching safepoint: 204500 ns, At safepoint: 796900 ns, Total: 1001400 ns
[300.290s][info][gc       ] GC(4280) Pause Young (Allocation Failure) 810M->134M(797M) 0.938ms
[300.290s][info][safepoint] Safepoint "ParallelGCFailedAllocation", Time since last: 68214200 ns, Reaching safepoint: 157600 ns, At safepoint: 1048400 ns, Total: 1206000 ns
[300.357s][info][gc       ] GC(4281) Pause Young (Allocation Failure) 776M->137M(773M) 0.890ms
[300.357s][info][safepoint] Safepoint "ParallelGCFailedAllocation", Time since last: 65584600 ns, Reaching safepoint: 202600 ns, At safepoint: 974300 ns, Total: 1176900 ns
[300.420s][info][gc       ] GC(4282) Pause Young (Allocation Failure) 757M->137M(748M) 0.891ms
[300.420s][info][safepoint] Safepoint "ParallelGCFailedAllocation", Time since last: 62436300 ns, Reaching safepoint: 203500 ns, At safepoint: 1042900 ns, Total: 1246400 ns
[300.482s][info][gc       ] GC(4283) Pause Young (Allocation Failure) 729M->137M(866M) 0.710ms
[300.482s][info][safepoint] Safepoint "ParallelGCFailedAllocation", Time since last: 60532300 ns, Reaching safepoint: 163000 ns, At safepoint: 889900 ns, Total: 1052900 ns
[300.555s][info][gc       ] GC(4284) Pause Young (Allocation Failure) 848M->134M(833M) 0.829ms
[300.555s][info][safepoint] Safepoint "ParallelGCFailedAllocation", Time since last: 72114800 ns, Reaching safepoint: 206700 ns, At safepoint: 933800 ns, Total: 1140500 ns
[300.626s][info][gc       ] GC(4285) Pause Young (Allocation Failure) 813M->137M(808M) 0.842ms
[300.626s][info][safepoint] Safepoint "ParallelGCFailedAllocation", Time since last: 69353300 ns, Reaching safepoint: 201700 ns, At safepoint: 938400 ns, Total: 1140100 ns
[300.693s][info][gc       ] GC(4286) Pause Young (Allocation Failure) 788M->137M(781M) 0.998ms
[300.693s][info][safepoint] Safepoint "ParallelGCFailedAllocation", Time since last: 66050700 ns, Reaching safepoint: 197200 ns, At safepoint: 1090000 ns, Total: 1287200 ns
[300.758s][info][gc       ] GC(4287) Pause Young (Allocation Failure) 763M->137M(906M) 0.854ms
[300.758s][info][safepoint] Safepoint "ParallelGCFailedAllocation", Time since last: 63567400 ns, Reaching safepoint: 188900 ns, At safepoint: 938500 ns, Total: 1127400 ns
[300.835s][info][gc       ] GC(4288) Pause Young (Allocation Failure) 889M->137M(1055M) 0.946ms
[300.835s][info][safepoint] Safepoint "ParallelGCFailedAllocation", Time since last: 75665300 ns, Reaching safepoint: 216900 ns, At safepoint: 1030700 ns, Total: 1247600 ns
[300.927s][info][gc       ] GC(4289) Pause Young (Allocation Failure) 1036M->137M(1016M) 0.654ms
[300.927s][info][safepoint] Safepoint "ParallelGCFailedAllocation", Time since last: 91726800 ns, Reaching safepoint: 196500 ns, At safepoint: 745900 ns, Total: 942400 ns
[301.017s][info][gc       ] GC(4290) Pause Young (Allocation Failure) 998M->137M(979M) 1.225ms
[301.017s][info][safepoint] Safepoint "ParallelGCFailedAllocation", Time since last: 87895100 ns, Reaching safepoint: 137000 ns, At safepoint: 1405000 ns, Total: 1542000 ns
[301.101s][info][gc       ] GC(4291) Pause Young (Allocation Failure) 961M->137M(940M) 0.883ms
[301.102s][info][safepoint] Safepoint "ParallelGCFailedAllocation", Time since last: 83649300 ns, Reaching safepoint: 222300 ns, At safepoint: 993500 ns, Total: 1215800 ns
[301.183s][info][gc       ] GC(4292) Pause Young (Allocation Failure) 924M->140M(910M) 0.797ms
[301.183s][info][safepoint] Safepoint "ParallelGCFailedAllocation", Time since last: 80317000 ns, Reaching safepoint: 197500 ns, At safepoint: 895700 ns, Total: 1093200 ns
[301.260s][info][gc       ] GC(4293) Pause Young (Allocation Failure) 892M->140M(878M) 0.781ms
[301.260s][info][safepoint] Safepoint "ParallelGCFailedAllocation", Time since last: 76433500 ns, Reaching safepoint: 184900 ns, At safepoint: 870500 ns, Total: 1055400 ns
[301.335s][info][gc       ] GC(4294) Pause Young (Allocation Failure) 864M->137M(844M) 0.816ms
[301.335s][info][safepoint] Safepoint "ParallelGCFailedAllocation", Time since last: 73454000 ns, Reaching safepoint: 201700 ns, At safepoint: 914600 ns, Total: 1116300 ns
[301.406s][info][gc       ] GC(4295) Pause Young (Allocation Failure) 830M->140M(818M) 0.795ms
[301.406s][info][safepoint] Safepoint "ParallelGCFailedAllocation", Time since last: 69981100 ns, Reaching safepoint: 145600 ns, At safepoint: 916600 ns, Total: 1062200 ns
[301.475s][info][gc       ] GC(4296) Pause Young (Allocation Failure) 805M->140M(791M) 1.024ms
[301.476s][info][safepoint] Safepoint "ParallelGCFailedAllocation", Time since last: 68096500 ns, Reaching safepoint: 194900 ns, At safepoint: 1164200 ns, Total: 1359100 ns
[301.542s][info][gc       ] GC(4297) Pause Young (Allocation Failure) 777M->137M(761M) 0.725ms
[301.542s][info][safepoint] Safepoint "ParallelGCFailedAllocation", Time since last: 65132700 ns, Reaching safepoint: 649600 ns, At safepoint: 835000 ns, Total: 1484600 ns
[301.605s][info][gc       ] GC(4298) Pause Young (Allocation Failure) 745M->140M(739M) 0.760ms
[301.605s][info][safepoint] Safepoint "ParallelGCFailedAllocation", Time since last: 61737100 ns, Reaching safepoint: 189700 ns, At safepoint: 858100 ns, Total: 1047800 ns
[301.665s][info][gc       ] GC(4299) Pause Young (Allocation Failure) 720M->140M(715M) 1.076ms
[301.665s][info][safepoint] Safepoint "ParallelGCFailedAllocation", Time since last: 58901500 ns, Reaching safepoint: 231600 ns, At safepoint: 1158500 ns, Total: 1390100 ns
[301.724s][info][gc       ] GC(4300) Pause Young (Allocation Failure) 702M->140M(827M) 1.200ms
[301.724s][info][safepoint] Safepoint "ParallelGCFailedAllocation", Time since last: 56855200 ns, Reaching safepoint: 217200 ns, At safepoint: 1440100 ns, Total: 1657300 ns
[301.793s][info][gc       ] GC(4301) Pause Young (Allocation Failure) 811M->140M(958M) 0.769ms
[301.797s][info][gc       ] GC(4302) Pause Full (Ergonomics) 140M->6M(1115M) 3.482ms
[301.797s][info][safepoint] Safepoint "ParallelGCFailedAllocation", Time since last: 68370800 ns, Reaching safepoint: 210000 ns, At safepoint: 4432800 ns, Total: 4642800 ns
[301.897s][info][gc       ] GC(4303) Pause Young (Allocation Failure) 972M->18M(1265M) 1.314ms
[301.897s][info][safepoint] Safepoint "ParallelGCFailedAllocation", Time since last: 98226100 ns, Reaching safepoint: 197100 ns, At safepoint: 1425600 ns, Total: 1622700 ns
[302.012s][info][gc       ] GC(4304) Pause Young (Allocation Failure) 1126M->18M(1265M) 1.107ms
[302.012s][info][safepoint] Safepoint "ParallelGCFailedAllocation", Time since last: 113710800 ns, Reaching safepoint: 223200 ns, At safepoint: 1206400 ns, Total: 1429600 ns
[302.127s][info][gc       ] GC(4305) Pause Young (Allocation Failure) 1126M->18M(1485M) 1.916ms
[302.127s][info][safepoint] Safepoint "ParallelGCFailedAllocation", Time since last: 112820500 ns, Reaching safepoint: 221900 ns, At safepoint: 2001300 ns, Total: 2223200 ns
[302.291s][info][gc       ] GC(4306) Pause Young (Allocation Failure) 1343M->18M(1485M) 1.528ms
[302.291s][info][safepoint] Safepoint "ParallelGCFailedAllocation", Time since last: 162582100 ns, Reaching safepoint: 179400 ns, At safepoint: 1633100 ns, Total: 1812500 ns
[302.427s][info][gc       ] GC(4307) Pause Young (Allocation Failure) 1346M->15M(1419M) 1.094ms
[302.427s][info][safepoint] Safepoint "ParallelGCFailedAllocation", Time since last: 134784900 ns, Reaching safepoint: 201200 ns, At safepoint: 1181700 ns, Total: 1382900 ns
[302.558s][info][gc       ] GC(4308) Pause Young (Allocation Failure) 1284M->15M(1362M) 1.275ms
[302.558s][info][safepoint] Safepoint "ParallelGCFailedAllocation", Time since last: 129294600 ns, Reaching safepoint: 241100 ns, At safepoint: 1359600 ns, Total: 1600700 ns
[302.685s][info][gc       ] GC(4309) Pause Young (Allocation Failure) 1228M->18M(1310M) 1.329ms
[302.685s][info][safepoint] Safepoint "ParallelGCFailedAllocation", Time since last: 125134100 ns, Reaching safepoint: 209900 ns, At safepoint: 1485700 ns, Total: 1695600 ns
[302.804s][info][gc       ] GC(4310) Pause Young (Allocation Failure) 1174M->15M(1255M) 1.191ms
[302.804s][info][safepoint] Safepoint "ParallelGCFailedAllocation", Time since last: 117269000 ns, Reaching safepoint: 192300 ns, At safepoint: 1285400 ns, Total: 1477700 ns
[302.918s][info][gc       ] GC(4311) Pause Young (Allocation Failure) 1121M->18M(1209M) 1.379ms
[302.918s][info][safepoint] Safepoint "ParallelGCFailedAllocation", Time since last: 112412000 ns, Reaching safepoint: 224100 ns, At safepoint: 1467100 ns, Total: 1691200 ns
[303.028s][info][gc       ] GC(4312) Pause Young (Allocation Failure) 1074M->18M(1419M) 1.515ms
[303.028s][info][safepoint] Safepoint "ParallelGCFailedAllocation", Time since last: 108587600 ns, Reaching safepoint: 234000 ns, At safepoint: 1602700 ns, Total: 1836700 ns
[303.158s][info][gc       ] GC(4313) Pause Young (Allocation Failure) 1282M->18M(1356M) 1.021ms
[303.158s][info][safepoint] Safepoint "ParallelGCFailedAllocation", Time since last: 128753000 ns, Reaching safepoint: 203800 ns, At safepoint: 1123900 ns, Total: 1327700 ns
[303.283s][info][gc       ] GC(4314) Pause Young (Allocation Failure) 1223M->25M(1307M) 1.399ms
[303.283s][info][safepoint] Safepoint "ParallelGCFailedAllocation", Time since last: 122643800 ns, Reaching safepoint: 245200 ns, At safepoint: 1498700 ns, Total: 1743900 ns
[303.402s][info][gc       ] GC(4315) Pause Young (Allocation Failure) 1179M->25M(1537M) 1.496ms
[303.402s][info][safepoint] Safepoint "ParallelGCFailedAllocation", Time since last: 117594200 ns, Reaching safepoint: 208700 ns, At safepoint: 1581600 ns, Total: 1790300 ns
[303.551s][info][gc       ] GC(4316) Pause Young (Allocation Failure) 1408M->25M(1715M) 1.748ms
[303.551s][info][safepoint] Safepoint "ParallelGCFailedAllocation", Time since last: 147006600 ns, Reaching safepoint: 211600 ns, At safepoint: 1854600 ns, Total: 2066200 ns
[303.735s][info][gc       ] GC(4317) Pause Young (Allocation Failure) 1584M->25M(1640M) 1.576ms
[303.735s][info][safepoint] Safepoint "ParallelGCFailedAllocation", Time since last: 181811400 ns, Reaching safepoint: 232500 ns, At safepoint: 1661100 ns, Total: 1893600 ns
[303.888s][info][gc       ] GC(4318) Pause Young (Allocation Failure) 1507M->25M(1572M) 1.515ms
[303.888s][info][safepoint] Safepoint "ParallelGCFailedAllocation", Time since last: 150918000 ns, Reaching safepoint: 200800 ns, At safepoint: 1625200 ns, Total: 1826000 ns
[304.034s][info][gc       ] GC(4319) Pause Young (Allocation Failure) 1444M->25M(1507M) 1.289ms
[304.034s][info][safepoint] Safepoint "ParallelGCFailedAllocation", Time since last: 145005900 ns, Reaching safepoint: 208400 ns, At safepoint: 1390600 ns, Total: 1599000 ns
[304.175s][info][gc       ] GC(4320) Pause Young (Allocation Failure) 1378M->25M(1776M) 1.917ms
[304.175s][info][safepoint] Safepoint "ParallelGCFailedAllocation", Time since last: 138789000 ns, Reaching safepoint: 207600 ns, At safepoint: 2010500 ns, Total: 2218100 ns
[304.347s][info][gc       ] GC(4321) Pause Young (Allocation Failure) 1646M->22M(1698M) 0.712ms
[304.347s][info][safepoint] Safepoint "ParallelGCFailedAllocation", Time since last: 171136900 ns, Reaching safepoint: 196300 ns, At safepoint: 801200 ns, Total: 997500 ns
[304.506s][info][gc       ] GC(4322) Pause Young (Allocation Failure) 1570M->25M(1630M) 1.252ms
[304.506s][info][safepoint] Safepoint "ParallelGCFailedAllocation", Time since last: 157415000 ns, Reaching safepoint: 215700 ns, At safepoint: 1341000 ns, Total: 1556700 ns
[304.657s][info][gc       ] GC(4323) Pause Young (Allocation Failure) 1496M->25M(1562M) 1.143ms
[304.657s][info][safepoint] Safepoint "ParallelGCFailedAllocation", Time since last: 149589900 ns, Reaching safepoint: 214400 ns, At safepoint: 1234300 ns, Total: 1448700 ns
[304.802s][info][gc       ] GC(4324) Pause Young (Allocation Failure) 1435M->25M(1498M) 1.552ms
[304.802s][info][safepoint] Safepoint "ParallelGCFailedAllocation", Time since last: 142554100 ns, Reaching safepoint: 214600 ns, At safepoint: 1663800 ns, Total: 1878400 ns
[304.939s][info][gc       ] GC(4325) Pause Young (Allocation Failure) 1367M->25M(1437M) 0.881ms
[304.939s][info][safepoint] Safepoint "ParallelGCFailedAllocation", Time since last: 136222900 ns, Reaching safepoint: 196500 ns, At safepoint: 977500 ns, Total: 1174000 ns
[305.072s][info][gc       ] GC(4326) Pause Young (Allocation Failure) 1305M->25M(1379M) 1.270ms
[305.072s][info][safepoint] Safepoint "ParallelGCFailedAllocation", Time since last: 130712400 ns, Reaching safepoint: 219500 ns, At safepoint: 1361500 ns, Total: 1581000 ns
[305.198s][info][gc       ] GC(4327) Pause Young (Allocation Failure) 1248M->22M(1321M) 0.690ms
[305.198s][info][safepoint] Safepoint "ParallelGCFailedAllocation", Time since last: 125146700 ns, Reaching safepoint: 160500 ns, At safepoint: 776900 ns, Total: 937400 ns
[305.318s][info][gc       ] GC(4328) Pause Young (Allocation Failure) 1189M->25M(1271M) 1.459ms
[305.318s][info][safepoint] Safepoint "ParallelGCFailedAllocation", Time since last: 118552100 ns, Reaching safepoint: 149800 ns, At safepoint: 1645200 ns, Total: 1795000 ns
[305.432s][info][gc       ] GC(4329) Pause Young (Allocation Failure) 1138M->25M(1221M) 1.019ms
[305.432s][info][safepoint] Safepoint "ParallelGCFailedAllocation", Time since last: 112951600 ns, Reaching safepoint: 170600 ns, At safepoint: 1168300 ns, Total: 1338900 ns
[305.544s][info][gc       ] GC(4330) Pause Young (Allocation Failure) 1091M->25M(1174M) 1.325ms
[305.544s][info][safepoint] Safepoint "ParallelGCFailedAllocation", Time since last: 110153600 ns, Reaching safepoint: 220500 ns, At safepoint: 1473400 ns, Total: 1693900 ns
[305.650s][info][gc       ] GC(4331) Pause Young (Allocation Failure) 1041M->25M(1126M) 0.706ms
[305.650s][info][safepoint] Safepoint "ParallelGCFailedAllocation", Time since last: 104660300 ns, Reaching safepoint: 215800 ns, At safepoint: 806700 ns, Total: 1022500 ns
[305.752s][info][gc       ] GC(4332) Pause Young (Allocation Failure) 1000M->25M(1083M) 0.635ms
[305.752s][info][safepoint] Safepoint "ParallelGCFailedAllocation", Time since last: 101303100 ns, Reaching safepoint: 145200 ns, At safepoint: 743200 ns, Total: 888400 ns
[305.848s][info][gc       ] GC(4333) Pause Young (Allocation Failure) 958M->25M(1042M) 1.207ms
[305.848s][info][safepoint] Safepoint "ParallelGCFailedAllocation", Time since last: 94262800 ns, Reaching safepoint: 209900 ns, At safepoint: 1365400 ns, Total: 1575300 ns
[305.940s][info][gc       ] GC(4334) Pause Young (Allocation Failure) 915M->28M(1006M) 1.218ms
[305.940s][info][safepoint] Safepoint "ParallelGCFailedAllocation", Time since last: 90662700 ns, Reaching safepoint: 222100 ns, At safepoint: 1327100 ns, Total: 1549200 ns
[306.028s][info][gc       ] GC(4335) Pause Young (Allocation Failure) 877M->28M(969M) 0.729ms
[306.028s][info][safepoint] Safepoint "ParallelGCFailedAllocation", Time since last: 86769700 ns, Reaching safepoint: 209000 ns, At safepoint: 828300 ns, Total: 1037300 ns
[306.112s][info][gc       ] GC(4336) Pause Young (Allocation Failure) 843M->25M(931M) 0.853ms
[306.112s][info][safepoint] Safepoint "ParallelGCFailedAllocation", Time since last: 82625200 ns, Reaching safepoint: 185800 ns, At safepoint: 983200 ns, Total: 1169000 ns
[306.192s][info][gc       ] GC(4337) Pause Young (Allocation Failure) 807M->28M(901M) 0.977ms
[306.192s][info][safepoint] Safepoint "ParallelGCFailedAllocation", Time since last: 79118000 ns, Reaching safepoint: 200000 ns, At safepoint: 1087200 ns, Total: 1287200 ns
[306.270s][info][gc       ] GC(4338) Pause Young (Allocation Failure) 773M->28M(869M) 1.055ms
[306.270s][info][safepoint] Safepoint "ParallelGCFailedAllocation", Time since last: 76614900 ns, Reaching safepoint: 159900 ns, At safepoint: 1154900 ns, Total: 1314800 ns
[306.345s][info][gc       ] GC(4339) Pause Young (Allocation Failure) 742M->28M(839M) 0.594ms
[306.345s][info][safepoint] Safepoint "ParallelGCFailedAllocation", Time since last: 73712300 ns, Reaching safepoint: 220600 ns, At safepoint: 685700 ns, Total: 906300 ns
[306.415s][info][gc       ] GC(4340) Pause Young (Allocation Failure) 710M->28M(811M) 0.813ms
[306.415s][info][safepoint] Safepoint "ParallelGCFailedAllocation", Time since last: 69541300 ns, Reaching safepoint: 198200 ns, At safepoint: 952200 ns, Total: 1150400 ns
[306.484s][info][gc       ] GC(4341) Pause Young (Allocation Failure) 685M->28M(783M) 0.690ms
[306.484s][info][safepoint] Safepoint "ParallelGCFailedAllocation", Time since last: 67828400 ns, Reaching safepoint: 187600 ns, At safepoint: 789700 ns, Total: 977300 ns
[306.549s][info][gc       ] GC(4342) Pause Young (Allocation Failure) 658M->25M(754M) 1.069ms
[306.550s][info][safepoint] Safepoint "ParallelGCFailedAllocation", Time since last: 63976600 ns, Reaching safepoint: 164100 ns, At safepoint: 1222300 ns, Total: 1386400 ns
[306.612s][info][gc       ] GC(4343) Pause Young (Allocation Failure) 625M->28M(733M) 0.689ms
[306.612s][info][safepoint] Safepoint "ParallelGCFailedAllocation", Time since last: 61473300 ns, Reaching safepoint: 203800 ns, At safepoint: 788900 ns, Total: 992700 ns
[306.672s][info][gc       ] GC(4344) Pause Young (Allocation Failure) 606M->28M(849M) 1.411ms
[306.673s][info][safepoint] Safepoint "ParallelGCFailedAllocation", Time since last: 58895700 ns, Reaching safepoint: 140000 ns, At safepoint: 1543700 ns, Total: 1683700 ns
[306.745s][info][gc       ] GC(4345) Pause Young (Allocation Failure) 723M->28M(981M) 1.119ms
[306.745s][info][safepoint] Safepoint "ParallelGCFailedAllocation", Time since last: 71252500 ns, Reaching safepoint: 185100 ns, At safepoint: 1227700 ns, Total: 1412800 ns
[306.831s][info][gc       ] GC(4346) Pause Young (Allocation Failure) 863M->31M(955M) 0.539ms
[306.831s][info][safepoint] Safepoint "ParallelGCFailedAllocation", Time since last: 84981400 ns, Reaching safepoint: 195200 ns, At safepoint: 630700 ns, Total: 825900 ns
[306.913s][info][gc       ] GC(4347) Pause Young (Allocation Failure) 828M->34M(917M) 0.801ms
[306.913s][info][safepoint] Safepoint "ParallelGCFailedAllocation", Time since last: 81220300 ns, Reaching safepoint: 249200 ns, At safepoint: 960200 ns, Total: 1209400 ns
[306.993s][info][gc       ] GC(4348) Pause Young (Allocation Failure) 793M->34M(885M) 0.839ms
[306.993s][info][safepoint] Safepoint "ParallelGCFailedAllocation", Time since last: 78075000 ns, Reaching safepoint: 207300 ns, At safepoint: 950900 ns, Total: 1158200 ns
[307.068s][info][gc       ] GC(4349) Pause Young (Allocation Failure) 765M->31M(851M) 0.687ms
[307.068s][info][safepoint] Safepoint "ParallelGCFailedAllocation", Time since last: 74148800 ns, Reaching safepoint: 225600 ns, At safepoint: 770900 ns, Total: 996500 ns
[307.140s][info][gc       ] GC(4350) Pause Young (Allocation Failure) 730M->34M(824M) 0.909ms
[307.140s][info][safepoint] Safepoint "ParallelGCFailedAllocation", Time since last: 71101500 ns, Reaching safepoint: 228100 ns, At safepoint: 1033500 ns, Total: 1261600 ns
[307.210s][info][gc       ] GC(4351) Pause Young (Allocation Failure) 705M->34M(796M) 0.840ms
[307.210s][info][safepoint] Safepoint "ParallelGCFailedAllocation", Time since last: 68592300 ns, Reaching safepoint: 209800 ns, At safepoint: 939300 ns, Total: 1149100 ns
[307.277s][info][gc       ] GC(4352) Pause Young (Allocation Failure) 676M->31M(767M) 0.957ms
[307.277s][info][safepoint] Safepoint "ParallelGCFailedAllocation", Time since last: 66013700 ns, Reaching safepoint: 195200 ns, At safepoint: 1062600 ns, Total: 1257800 ns
[307.341s][info][gc       ] GC(4353) Pause Young (Allocation Failure) 645M->34M(744M) 1.126ms
[307.341s][info][safepoint] Safepoint "ParallelGCFailedAllocation", Time since last: 62787200 ns, Reaching safepoint: 218900 ns, At safepoint: 1249600 ns, Total: 1468500 ns
[307.403s][info][gc       ] GC(4354) Pause Young (Allocation Failure) 626M->34M(862M) 1.174ms
[307.403s][info][safepoint] Safepoint "ParallelGCFailedAllocation", Time since last: 60087700 ns, Reaching safepoint: 210900 ns, At safepoint: 1314500 ns, Total: 1525400 ns
[307.477s][info][gc       ] GC(4355) Pause Young (Allocation Failure) 743M->34M(1003M) 0.856ms
[307.477s][info][safepoint] Safepoint "ParallelGCFailedAllocation", Time since last: 72727700 ns, Reaching safepoint: 248000 ns, At safepoint: 941500 ns, Total: 1189500 ns
[307.564s][info][gc       ] GC(4356) Pause Young (Allocation Failure) 883M->31M(1170M) 0.884ms
[307.565s][info][safepoint] Safepoint "ParallelGCFailedAllocation", Time since last: 86308500 ns, Reaching safepoint: 206800 ns, At safepoint: 1004500 ns, Total: 1211300 ns
[307.670s][info][gc       ] GC(4357) Pause Young (Allocation Failure) 1051M->31M(1125M) 1.211ms
[307.670s][info][safepoint] Safepoint "ParallelGCFailedAllocation", Time since last: 103603500 ns, Reaching safepoint: 190300 ns, At safepoint: 1344400 ns, Total: 1534700 ns
[307.770s][info][gc       ] GC(4358) Pause Young (Allocation Failure) 1003M->34M(1085M) 0.780ms
[307.770s][info][safepoint] Safepoint "ParallelGCFailedAllocation", Time since last: 99518800 ns, Reaching safepoint: 210800 ns, At safepoint: 884800 ns, Total: 1095600 ns
[307.867s][info][gc       ] GC(4359) Pause Young (Allocation Failure) 965M->31M(1041M) 0.837ms
[307.867s][info][safepoint] Safepoint "ParallelGCFailedAllocation", Time since last: 95342400 ns, Reaching safepoint: 215300 ns, At safepoint: 924500 ns, Total: 1139800 ns
[307.959s][info][gc       ] GC(4360) Pause Young (Allocation Failure) 918M->34M(1006M) 0.732ms
[307.959s][info][safepoint] Safepoint "ParallelGCFailedAllocation", Time since last: 90982000 ns, Reaching safepoint: 156600 ns, At safepoint: 850700 ns, Total: 1007300 ns
[308.048s][info][gc       ] GC(4361) Pause Young (Allocation Failure) 886M->34M(969M) 1.025ms
[308.048s][info][safepoint] Safepoint "ParallelGCFailedAllocation", Time since last: 88288300 ns, Reaching safepoint: 203700 ns, At safepoint: 1136500 ns, Total: 1340200 ns
[308.132s][info][gc       ] GC(4362) Pause Young (Allocation Failure) 848M->34M(934M) 0.904ms
[308.132s][info][safepoint] Safepoint "ParallelGCFailedAllocation", Time since last: 82808700 ns, Reaching safepoint: 205200 ns, At safepoint: 1008400 ns, Total: 1213600 ns
[308.213s][info][gc       ] GC(4363) Pause Young (Allocation Failure) 815M->34M(900M) 0.844ms
[308.213s][info][safepoint] Safepoint "ParallelGCFailedAllocation", Time since last: 79693300 ns, Reaching safepoint: 484800 ns, At safepoint: 925700 ns, Total: 1410500 ns
[308.293s][info][gc       ] GC(4364) Pause Young (Allocation Failure) 776M->34M(869M) 1.167ms
[308.293s][info][safepoint] Safepoint "ParallelGCFailedAllocation", Time since last: 77706900 ns, Reaching safepoint: 114200 ns, At safepoint: 1315100 ns, Total: 1429300 ns
[308.366s][info][gc       ] GC(4365) Pause Young (Allocation Failure) 744M->34M(839M) 0.642ms
[308.366s][info][safepoint] Safepoint "ParallelGCFailedAllocation", Time since last: 72476600 ns, Reaching safepoint: 134400 ns, At safepoint: 776400 ns, Total: 910800 ns
[308.437s][info][gc       ] GC(4366) Pause Young (Allocation Failure) 719M->34M(810M) 0.859ms
[308.437s][info][safepoint] Safepoint "ParallelGCFailedAllocation", Time since last: 69672900 ns, Reaching safepoint: 240600 ns, At safepoint: 974400 ns, Total: 1215000 ns
[308.505s][info][gc       ] GC(4367) Pause Young (Allocation Failure) 690M->31M(780M) 0.953ms
[308.505s][info][safepoint] Safepoint "ParallelGCFailedAllocation", Time since last: 66504600 ns, Reaching safepoint: 133500 ns, At safepoint: 1108300 ns, Total: 1241800 ns
[308.570s][info][gc       ] GC(4368) Pause Young (Allocation Failure) 661M->34M(757M) 1.100ms
[308.570s][info][safepoint] Safepoint "ParallelGCFailedAllocation", Time since last: 63882200 ns, Reaching safepoint: 149100 ns, At safepoint: 1258400 ns, Total: 1407500 ns
[308.632s][info][gc       ] GC(4369) Pause Young (Allocation Failure) 634M->34M(732M) 0.759ms
[308.632s][info][safepoint] Safepoint "ParallelGCFailedAllocation", Time since last: 61208100 ns, Reaching safepoint: 171900 ns, At safepoint: 861200 ns, Total: 1033100 ns
[308.693s][info][gc       ] GC(4370) Pause Young (Allocation Failure) 608M->34M(709M) 1.028ms
[308.693s][info][safepoint] Safepoint "ParallelGCFailedAllocation", Time since last: 60003400 ns, Reaching safepoint: 197500 ns, At safepoint: 1118000 ns, Total: 1315500 ns
[308.751s][info][gc       ] GC(4371) Pause Young (Allocation Failure) 589M->34M(820M) 0.868ms
[308.752s][info][safepoint] Safepoint "ParallelGCFailedAllocation", Time since last: 56873100 ns, Reaching safepoint: 212800 ns, At safepoint: 969000 ns, Total: 1181800 ns
[308.822s][info][gc       ] GC(4372) Pause Young (Allocation Failure) 700M->34M(792M) 1.191ms
[308.822s][info][safepoint] Safepoint "ParallelGCFailedAllocation", Time since last: 69233300 ns, Reaching safepoint: 138800 ns, At safepoint: 1317600 ns, Total: 1456400 ns
[308.888s][info][gc       ] GC(4373) Pause Young (Allocation Failure) 669M->34M(763M) 0.708ms
[308.888s][info][safepoint] Safepoint "ParallelGCFailedAllocation", Time since last: 65022000 ns, Reaching safepoint: 207900 ns, At safepoint: 805600 ns, Total: 1013500 ns
[308.952s][info][gc       ] GC(4374) Pause Young (Allocation Failure) 646M->37M(741M) 0.774ms
[308.952s][info][safepoint] Safepoint "ParallelGCFailedAllocation", Time since last: 62735700 ns, Reaching safepoint: 210700 ns, At safepoint: 870600 ns, Total: 1081300 ns
[309.013s][info][gc       ] GC(4375) Pause Young (Allocation Failure) 624M->37M(858M) 0.836ms
[309.013s][info][safepoint] Safepoint "ParallelGCFailedAllocation", Time since last: 60139100 ns, Reaching safepoint: 197000 ns, At safepoint: 924400 ns, Total: 1121400 ns
[309.086s][info][gc       ] GC(4376) Pause Young (Allocation Failure) 742M->37M(999M) 1.182ms
[309.086s][info][safepoint] Safepoint "ParallelGCFailedAllocation", Time since last: 71468400 ns, Reaching safepoint: 202300 ns, At safepoint: 1299400 ns, Total: 1501700 ns
[309.173s][info][gc       ] GC(4377) Pause Young (Allocation Failure) 878M->37M(959M) 0.789ms
[309.173s][info][safepoint] Safepoint "ParallelGCFailedAllocation", Time since last: 85436400 ns, Reaching safepoint: 210600 ns, At safepoint: 926900 ns, Total: 1137500 ns
[309.256s][info][gc       ] GC(4378) Pause Young (Allocation Failure) 847M->40M(928M) 0.697ms
[309.256s][info][safepoint] Safepoint "ParallelGCFailedAllocation", Time since last: 82462700 ns, Reaching safepoint: 218200 ns, At safepoint: 867400 ns, Total: 1085600 ns
[309.336s][info][gc       ] GC(4379) Pause Young (Allocation Failure) 815M->40M(895M) 0.738ms
[309.336s][info][safepoint] Safepoint "ParallelGCFailedAllocation", Time since last: 78781100 ns, Reaching safepoint: 200300 ns, At safepoint: 816100 ns, Total: 1016400 ns
[309.413s][info][gc       ] GC(4380) Pause Young (Allocation Failure) 777M->40M(863M) 0.886ms
[309.413s][info][safepoint] Safepoint "ParallelGCFailedAllocation", Time since last: 75275200 ns, Reaching safepoint: 211600 ns, At safepoint: 999500 ns, Total: 1211100 ns
[309.486s][info][gc       ] GC(4381) Pause Young (Allocation Failure) 749M->37M(830M) 0.692ms
[309.486s][info][safepoint] Safepoint "ParallelGCFailedAllocation", Time since last: 72606300 ns, Reaching safepoint: 210900 ns, At safepoint: 788500 ns, Total: 999400 ns
[309.556s][info][gc       ] GC(4382) Pause Young (Allocation Failure) 714M->40M(805M) 0.765ms
[309.556s][info][safepoint] Safepoint "ParallelGCFailedAllocation", Time since last: 69040000 ns, Reaching safepoint: 211800 ns, At safepoint: 880000 ns, Total: 1091800 ns
[309.624s][info][gc       ] GC(4383) Pause Young (Allocation Failure) 688M->40M(778M) 0.926ms
[309.624s][info][safepoint] Safepoint "ParallelGCFailedAllocation", Time since last: 66518200 ns, Reaching safepoint: 176000 ns, At safepoint: 1027600 ns, Total: 1203600 ns
[309.689s][info][gc       ] GC(4384) Pause Young (Allocation Failure) 666M->40M(752M) 0.869ms
[309.689s][info][safepoint] Safepoint "ParallelGCFailedAllocation", Time since last: 63873400 ns, Reaching safepoint: 229400 ns, At safepoint: 966900 ns, Total: 1196300 ns
[309.751s][info][gc       ] GC(4385) Pause Young (Allocation Failure) 638M->37M(725M) 0.682ms
[309.751s][info][safepoint] Safepoint "ParallelGCFailedAllocation", Time since last: 61098200 ns, Reaching safepoint: 203500 ns, At safepoint: 775400 ns, Total: 978900 ns
[309.811s][info][gc       ] GC(4386) Pause Young (Allocation Failure) 612M->37M(701M) 0.751ms
[309.811s][info][safepoint] Safepoint "ParallelGCFailedAllocation", Time since last: 58764200 ns, Reaching safepoint: 217600 ns, At safepoint: 866100 ns, Total: 1083700 ns
[309.868s][info][gc       ] GC(4387) Pause Young (Allocation Failure) 587M->37M(679M) 0.708ms
[309.868s][info][safepoint] Safepoint "ParallelGCFailedAllocation", Time since last: 55749100 ns, Reaching safepoint: 197600 ns, At safepoint: 880800 ns, Total: 1078400 ns
[309.923s][info][gc       ] GC(4388) Pause Young (Allocation Failure) 565M->40M(661M) 0.735ms
[309.923s][info][safepoint] Safepoint "ParallelGCFailedAllocation", Time since last: 53864200 ns, Reaching safepoint: 207500 ns, At safepoint: 854600 ns, Total: 1062100 ns
[309.977s][info][gc       ] GC(4389) Pause Young (Allocation Failure) 549M->37M(638M) 0.779ms
[309.977s][info][safepoint] Safepoint "ParallelGCFailedAllocation", Time since last: 53003600 ns, Reaching safepoint: 202800 ns, At safepoint: 892400 ns, Total: 1095200 ns
[310.027s][info][gc       ] GC(4390) Pause Young (Allocation Failure) 524M->37M(736M) 0.767ms
[310.028s][info][safepoint] Safepoint "ParallelGCFailedAllocation", Time since last: 49438100 ns, Reaching safepoint: 206900 ns, At safepoint: 866400 ns, Total: 1073300 ns
[310.088s][info][gc       ] GC(4391) Pause Young (Allocation Failure) 622M->40M(856M) 0.861ms
[310.088s][info][safepoint] Safepoint "ParallelGCFailedAllocation", Time since last: 59163100 ns, Reaching safepoint: 209400 ns, At safepoint: 971900 ns, Total: 1181300 ns
[310.161s][info][gc       ] GC(4392) Pause Young (Allocation Failure) 743M->37M(823M) 0.791ms
[310.161s][info][safepoint] Safepoint "ParallelGCFailedAllocation", Time since last: 71999600 ns, Reaching safepoint: 208100 ns, At safepoint: 883600 ns, Total: 1091700 ns
[310.231s][info][gc       ] GC(4393) Pause Young (Allocation Failure) 708M->40M(960M) 0.997ms
[310.231s][info][safepoint] Safepoint "ParallelGCFailedAllocation", Time since last: 68483200 ns, Reaching safepoint: 207700 ns, At safepoint: 1085100 ns, Total: 1292800 ns
[310.315s][info][gc       ] GC(4394) Pause Young (Allocation Failure) 845M->40M(926M) 0.894ms
[310.315s][info][safepoint] Safepoint "ParallelGCFailedAllocation", Time since last: 83174900 ns, Reaching safepoint: 204400 ns, At safepoint: 979500 ns, Total: 1183900 ns
[310.397s][info][gc       ] GC(4395) Pause Young (Allocation Failure) 813M->37M(890M) 0.734ms
[310.397s][info][safepoint] Safepoint "ParallelGCFailedAllocation", Time since last: 80927800 ns, Reaching safepoint: 230300 ns, At safepoint: 866300 ns, Total: 1096600 ns
[310.474s][info][gc       ] GC(4396) Pause Young (Allocation Failure) 775M->37M(858M) 0.879ms
[310.474s][info][safepoint] Safepoint "ParallelGCFailedAllocation", Time since last: 76160600 ns, Reaching safepoint: 204100 ns, At safepoint: 969500 ns, Total: 1173600 ns
[310.547s][info][gc       ] GC(4397) Pause Young (Allocation Failure) 740M->40M(832M) 0.662ms
[310.547s][info][safepoint] Safepoint "ParallelGCFailedAllocation", Time since last: 71809700 ns, Reaching safepoint: 217900 ns, At safepoint: 760600 ns, Total: 978500 ns
[310.618s][info][gc       ] GC(4398) Pause Young (Allocation Failure) 715M->40M(803M) 1.018ms
[310.618s][info][safepoint] Safepoint "ParallelGCFailedAllocation", Time since last: 69198700 ns, Reaching safepoint: 137400 ns, At safepoint: 1158900 ns, Total: 1296300 ns
[310.685s][info][gc       ] GC(4399) Pause Young (Allocation Failure) 689M->40M(776M) 0.657ms
[310.685s][info][safepoint] Safepoint "ParallelGCFailedAllocation", Time since last: 66274100 ns, Reaching safepoint: 224800 ns, At safepoint: 745200 ns, Total: 970000 ns
[310.751s][info][gc       ] GC(4400) Pause Young (Allocation Failure) 664M->37M(748M) 0.795ms
[310.751s][info][safepoint] Safepoint "ParallelGCFailedAllocation", Time since last: 64741400 ns, Reaching safepoint: 159000 ns, At safepoint: 859800 ns, Total: 1018800 ns
[310.814s][info][gc       ] GC(4401) Pause Young (Allocation Failure) 629M->40M(726M) 0.857ms
[310.814s][info][safepoint] Safepoint "ParallelGCFailedAllocation", Time since last: 61937400 ns, Reaching safepoint: 221000 ns, At safepoint: 939900 ns, Total: 1160900 ns
[310.873s][info][gc       ] GC(4402) Pause Young (Allocation Failure) 613M->37M(700M) 0.842ms
[310.873s][info][safepoint] Safepoint "ParallelGCFailedAllocation", Time since last: 58117800 ns, Reaching safepoint: 217000 ns, At safepoint: 923800 ns, Total: 1140800 ns
[310.931s][info][gc       ] GC(4403) Pause Young (Allocation Failure) 588M->37M(678M) 0.885ms
[310.931s][info][safepoint] Safepoint "ParallelGCFailedAllocation", Time since last: 56476700 ns, Reaching safepoint: 195900 ns, At safepoint: 984000 ns, Total: 1179900 ns
[310.986s][info][gc       ] GC(4404) Pause Young (Allocation Failure) 566M->40M(660M) 0.612ms
[310.986s][info][safepoint] Safepoint "ParallelGCFailedAllocation", Time since last: 54472700 ns, Reaching safepoint: 223700 ns, At safepoint: 714100 ns, Total: 937800 ns
[311.040s][info][gc       ] GC(4405) Pause Young (Allocation Failure) 547M->40M(762M) 1.028ms
[311.040s][info][safepoint] Safepoint "ParallelGCFailedAllocation", Time since last: 52394400 ns, Reaching safepoint: 193300 ns, At safepoint: 1158700 ns, Total: 1352000 ns
[311.103s][info][gc       ] GC(4406) Pause Young (Allocation Failure) 649M->40M(883M) 1.206ms
[311.103s][info][safepoint] Safepoint "ParallelGCFailedAllocation", Time since last: 61783100 ns, Reaching safepoint: 138500 ns, At safepoint: 1316700 ns, Total: 1455200 ns
[311.178s][info][gc       ] GC(4407) Pause Young (Allocation Failure) 766M->40M(1029M) 0.681ms
[311.178s][info][safepoint] Safepoint "ParallelGCFailedAllocation", Time since last: 73967400 ns, Reaching safepoint: 230100 ns, At safepoint: 764200 ns, Total: 994300 ns
[311.269s][info][gc       ] GC(4408) Pause Young (Allocation Failure) 916M->40M(991M) 0.905ms
[311.269s][info][safepoint] Safepoint "ParallelGCFailedAllocation", Time since last: 89397600 ns, Reaching safepoint: 200800 ns, At safepoint: 1023600 ns, Total: 1224400 ns
[311.355s][info][gc       ] GC(4409) Pause Young (Allocation Failure) 878M->40M(955M) 0.698ms
[311.355s][info][safepoint] Safepoint "ParallelGCFailedAllocation", Time since last: 85362300 ns, Reaching safepoint: 213400 ns, At safepoint: 784200 ns, Total: 997600 ns
[311.437s][info][gc       ] GC(4410) Pause Young (Allocation Failure) 840M->40M(920M) 0.794ms
[311.437s][info][safepoint] Safepoint "ParallelGCFailedAllocation", Time since last: 81010600 ns, Reaching safepoint: 204700 ns, At safepoint: 902800 ns, Total: 1107500 ns
[311.516s][info][gc       ] GC(4411) Pause Young (Allocation Failure) 805M->40M(888M) 0.575ms
[311.516s][info][safepoint] Safepoint "ParallelGCFailedAllocation", Time since last: 77764400 ns, Reaching safepoint: 201700 ns, At safepoint: 672900 ns, Total: 874600 ns
[311.593s][info][gc       ] GC(4412) Pause Young (Allocation Failure) 773M->40M(857M) 1.508ms
[311.593s][info][safepoint] Safepoint "ParallelGCFailedAllocation", Time since last: 75003800 ns, Reaching safepoint: 144900 ns, At safepoint: 1744100 ns, Total: 1889000 ns
[311.666s][info][gc       ] GC(4413) Pause Young (Allocation Failure) 742M->40M(827M) 0.865ms
[311.666s][info][safepoint] Safepoint "ParallelGCFailedAllocation", Time since last: 71716500 ns, Reaching safepoint: 220500 ns, At safepoint: 954500 ns, Total: 1175000 ns
[311.737s][info][gc       ] GC(4414) Pause Young (Allocation Failure) 710M->40M(799M) 0.925ms
[311.737s][info][safepoint] Safepoint "ParallelGCFailedAllocation", Time since last: 69962800 ns, Reaching safepoint: 191800 ns, At safepoint: 1055100 ns, Total: 1246900 ns
[311.804s][info][gc       ] GC(4415) Pause Young (Allocation Failure) 684M->40M(922M) 1.181ms
[311.804s][info][safepoint] Safepoint "ParallelGCFailedAllocation", Time since last: 66097800 ns, Reaching safepoint: 147300 ns, At safepoint: 1271900 ns, Total: 1419200 ns
[311.883s][info][gc       ] GC(4416) Pause Young (Allocation Failure) 812M->46M(898M) 0.519ms
[311.883s][info][safepoint] Safepoint "ParallelGCFailedAllocation", Time since last: 78251000 ns, Reaching safepoint: 202000 ns, At safepoint: 630500 ns, Total: 832500 ns
[311.960s][info][gc       ] GC(4417) Pause Young (Allocation Failure) 786M->46M(863M) 0.834ms
[311.960s][info][safepoint] Safepoint "ParallelGCFailedAllocation", Time since last: 75321100 ns, Reaching safepoint: 213500 ns, At safepoint: 914500 ns, Total: 1128000 ns
[312.034s][info][gc       ] GC(4418) Pause Young (Allocation Failure) 755M->46M(1005M) 1.179ms
[312.034s][info][safepoint] Safepoint "ParallelGCFailedAllocation", Time since last: 72192400 ns, Reaching safepoint: 214800 ns, At safepoint: 1295800 ns, Total: 1510600 ns
[312.122s][info][gc       ] GC(4419) Pause Young (Allocation Failure) 898M->46M(1174M) 0.978ms
[312.122s][info][safepoint] Safepoint "ParallelGCFailedAllocation", Time since last: 87191500 ns, Reaching safepoint: 209600 ns, At safepoint: 1068700 ns, Total: 1278300 ns
[312.227s][info][gc       ] GC(4420) Pause Young (Allocation Failure) 1067M->46M(1129M) 0.942ms
[312.227s][info][safepoint] Safepoint "ParallelGCFailedAllocation", Time since last: 103554700 ns, Reaching safepoint: 212900 ns, At safepoint: 1117200 ns, Total: 1330100 ns
[312.328s][info][gc       ] GC(4421) Pause Young (Allocation Failure) 1023M->46M(1086M) 0.640ms
[312.328s][info][safepoint] Safepoint "ParallelGCFailedAllocation", Time since last: 99858000 ns, Reaching safepoint: 241800 ns, At safepoint: 727200 ns, Total: 969000 ns
[312.424s][info][gc       ] GC(4422) Pause Young (Allocation Failure) 975M->46M(1045M) 0.971ms
[312.424s][info][safepoint] Safepoint "ParallelGCFailedAllocation", Time since last: 94475600 ns, Reaching safepoint: 236200 ns, At safepoint: 1119400 ns, Total: 1355600 ns
[312.515s][info][gc       ] GC(4423) Pause Young (Allocation Failure) 937M->46M(1006M) 0.659ms
[312.515s][info][safepoint] Safepoint "ParallelGCFailedAllocation", Time since last: 90663300 ns, Reaching safepoint: 207100 ns, At safepoint: 746300 ns, Total: 953400 ns
[312.606s][info][gc       ] GC(4424) Pause Young (Allocation Failure) 899M->46M(969M) 1.275ms
[312.606s][info][safepoint] Safepoint "ParallelGCFailedAllocation", Time since last: 89586200 ns, Reaching safepoint: 233200 ns, At safepoint: 1370100 ns, Total: 1603300 ns
[312.691s][info][gc       ] GC(4425) Pause Young (Allocation Failure) 861M->46M(931M) 0.759ms
[312.691s][info][safepoint] Safepoint "ParallelGCFailedAllocation", Time since last: 83691600 ns, Reaching safepoint: 186000 ns, At safepoint: 858600 ns, Total: 1044600 ns
[312.771s][info][gc       ] GC(4426) Pause Young (Allocation Failure) 826M->50M(901M) 0.716ms
[312.771s][info][safepoint] Safepoint "ParallelGCFailedAllocation", Time since last: 79314800 ns, Reaching safepoint: 205600 ns, At safepoint: 802500 ns, Total: 1008100 ns
[312.850s][info][gc       ] GC(4427) Pause Young (Allocation Failure) 797M->50M(869M) 1.007ms
[312.850s][info][safepoint] Safepoint "ParallelGCFailedAllocation", Time since last: 77110500 ns, Reaching safepoint: 216700 ns, At safepoint: 1126000 ns, Total: 1342700 ns
[312.924s][info][gc       ] GC(4428) Pause Young (Allocation Failure) 765M->50M(839M) 1.249ms
[312.924s][info][safepoint] Safepoint "ParallelGCFailedAllocation", Time since last: 72373700 ns, Reaching safepoint: 256500 ns, At safepoint: 1354300 ns, Total: 1610800 ns
[312.995s][info][gc       ] GC(4429) Pause Young (Allocation Failure) 733M->50M(808M) 0.688ms
[312.995s][info][safepoint] Safepoint "ParallelGCFailedAllocation", Time since last: 69834800 ns, Reaching safepoint: 226100 ns, At safepoint: 771600 ns, Total: 997700 ns
[313.063s][info][gc       ] GC(4430) Pause Young (Allocation Failure) 708M->53M(942M) 1.068ms
[313.063s][info][safepoint] Safepoint "ParallelGCFailedAllocation", Time since last: 66936900 ns, Reaching safepoint: 244200 ns, At safepoint: 1177000 ns, Total: 1421200 ns
[313.145s][info][gc       ] GC(4431) Pause Young (Allocation Failure) 842M->53M(908M) 0.737ms
[313.145s][info][safepoint] Safepoint "ParallelGCFailedAllocation", Time since last: 80640300 ns, Reaching safepoint: 207300 ns, At safepoint: 831200 ns, Total: 1038500 ns
[313.223s][info][gc       ] GC(4432) Pause Young (Allocation Failure) 807M->53M(876M) 1.333ms
[313.223s][info][safepoint] Safepoint "ParallelGCFailedAllocation", Time since last: 76397100 ns, Reaching safepoint: 233700 ns, At safepoint: 1490800 ns, Total: 1724500 ns
[313.298s][info][gc       ] GC(4433) Pause Young (Allocation Failure) 775M->53M(840M) 1.047ms
[313.298s][info][safepoint] Safepoint "ParallelGCFailedAllocation", Time since last: 73746000 ns, Reaching safepoint: 146500 ns, At safepoint: 1135400 ns, Total: 1281900 ns
[313.369s][info][gc       ] GC(4434) Pause Young (Allocation Failure) 743M->59M(987M) 0.879ms
[313.369s][info][safepoint] Safepoint "ParallelGCFailedAllocation", Time since last: 70143000 ns, Reaching safepoint: 206300 ns, At safepoint: 962800 ns, Total: 1169100 ns
[313.455s][info][gc       ] GC(4435) Pause Young (Allocation Failure) 890M->56M(945M) 0.874ms
[313.455s][info][safepoint] Safepoint "ParallelGCFailedAllocation", Time since last: 84137400 ns, Reaching safepoint: 220100 ns, At safepoint: 986000 ns, Total: 1206100 ns
[313.536s][info][gc       ] GC(4436) Pause Young (Allocation Failure) 852M->56M(911M) 0.679ms
[313.536s][info][safepoint] Safepoint "ParallelGCFailedAllocation", Time since last: 80364200 ns, Reaching safepoint: 136400 ns, At safepoint: 781400 ns, Total: 917800 ns
[313.615s][info][gc       ] GC(4437) Pause Young (Allocation Failure) 814M->59M(882M) 0.817ms
[313.615s][info][safepoint] Safepoint "ParallelGCFailedAllocation", Time since last: 77575200 ns, Reaching safepoint: 178200 ns, At safepoint: 927100 ns, Total: 1105300 ns
[313.690s][info][gc       ] GC(4438) Pause Young (Allocation Failure) 788M->59M(851M) 0.988ms
[313.690s][info][safepoint] Safepoint "ParallelGCFailedAllocation", Time since last: 74545300 ns, Reaching safepoint: 206200 ns, At safepoint: 1131800 ns, Total: 1338000 ns
[313.762s][info][gc       ] GC(4439) Pause Young (Allocation Failure) 756M->59M(822M) 0.965ms
[313.762s][info][safepoint] Safepoint "ParallelGCFailedAllocation", Time since last: 70740300 ns, Reaching safepoint: 197600 ns, At safepoint: 1060100 ns, Total: 1257700 ns
[313.832s][info][gc       ] GC(4440) Pause Young (Allocation Failure) 728M->56M(791M) 0.889ms
[313.832s][info][safepoint] Safepoint "ParallelGCFailedAllocation", Time since last: 68479600 ns, Reaching safepoint: 222100 ns, At safepoint: 977300 ns, Total: 1199400 ns
[313.899s][info][gc       ] GC(4441) Pause Young (Allocation Failure) 696M->56M(764M) 0.839ms
[313.899s][info][safepoint] Safepoint "ParallelGCFailedAllocation", Time since last: 65321700 ns, Reaching safepoint: 197600 ns, At safepoint: 936600 ns, Total: 1134200 ns
[313.963s][info][gc       ] GC(4442) Pause Young (Allocation Failure) 670M->59M(890M) 1.051ms
[313.963s][info][safepoint] Safepoint "ParallelGCFailedAllocation", Time since last: 62823200 ns, Reaching safepoint: 218300 ns, At safepoint: 1147400 ns, Total: 1365700 ns
[314.039s][info][gc       ] GC(4443) Pause Young (Allocation Failure) 795M->59M(1036M) 0.825ms
[314.039s][info][safepoint] Safepoint "ParallelGCFailedAllocation", Time since last: 75016100 ns, Reaching safepoint: 217200 ns, At safepoint: 951900 ns, Total: 1169100 ns
[314.130s][info][gc       ] GC(4444) Pause Young (Allocation Failure) 939M->59M(998M) 0.886ms
[314.130s][info][safepoint] Safepoint "ParallelGCFailedAllocation", Time since last: 89761900 ns, Reaching safepoint: 207100 ns, At safepoint: 1013300 ns, Total: 1220400 ns
[314.217s][info][gc       ] GC(4445) Pause Young (Allocation Failure) 901M->59M(961M) 0.667ms
[314.217s][info][safepoint] Safepoint "ParallelGCFailedAllocation", Time since last: 86269800 ns, Reaching safepoint: 204800 ns, At safepoint: 755000 ns, Total: 959800 ns
[314.301s][info][gc       ] GC(4446) Pause Young (Allocation Failure) 863M->59M(927M) 0.993ms
[314.301s][info][safepoint] Safepoint "ParallelGCFailedAllocation", Time since last: 82401500 ns, Reaching safepoint: 201300 ns, At safepoint: 1112700 ns, Total: 1314000 ns
[314.380s][info][gc       ] GC(4447) Pause Young (Allocation Failure) 828M->59M(894M) 0.719ms
[314.380s][info][safepoint] Safepoint "ParallelGCFailedAllocation", Time since last: 78444900 ns, Reaching safepoint: 177100 ns, At safepoint: 964600 ns, Total: 1141700 ns
[314.456s][info][gc       ] GC(4448) Pause Young (Allocation Failure) 799M->56M(859M) 0.837ms
[314.456s][info][safepoint] Safepoint "ParallelGCFailedAllocation", Time since last: 74760300 ns, Reaching safepoint: 210900 ns, At safepoint: 928800 ns, Total: 1139700 ns
[314.529s][info][gc       ] GC(4449) Pause Young (Allocation Failure) 764M->59M(832M) 0.868ms
[314.529s][info][safepoint] Safepoint "ParallelGCFailedAllocation", Time since last: 71946300 ns, Reaching safepoint: 134100 ns, At safepoint: 1030900 ns, Total: 1165000 ns
[314.600s][info][gc       ] GC(4450) Pause Young (Allocation Failure) 738M->59M(804M) 1.320ms
[314.600s][info][safepoint] Safepoint "ParallelGCFailedAllocation", Time since last: 69040100 ns, Reaching safepoint: 192900 ns, At safepoint: 1447400 ns, Total: 1640300 ns
[314.667s][info][gc       ] GC(4451) Pause Young (Allocation Failure) 709M->56M(774M) 0.677ms
[314.668s][info][safepoint] Safepoint "ParallelGCFailedAllocation", Time since last: 66381200 ns, Reaching safepoint: 206700 ns, At safepoint: 760000 ns, Total: 966700 ns
[314.733s][info][gc       ] GC(4452) Pause Young (Allocation Failure) 677M->59M(751M) 0.832ms
[314.733s][info][safepoint] Safepoint "ParallelGCFailedAllocation", Time since last: 64658700 ns, Reaching safepoint: 217000 ns, At safepoint: 928100 ns, Total: 1145100 ns
[314.795s][info][gc       ] GC(4453) Pause Young (Allocation Failure) 652M->59M(727M) 0.791ms
[314.796s][info][safepoint] Safepoint "ParallelGCFailedAllocation", Time since last: 61089500 ns, Reaching safepoint: 201300 ns, At safepoint: 889400 ns, Total: 1090700 ns
[314.855s][info][gc       ] GC(4454) Pause Young (Allocation Failure) 633M->59M(841M) 1.182ms
[314.855s][info][safepoint] Safepoint "ParallelGCFailedAllocation", Time since last: 58120200 ns, Reaching safepoint: 221800 ns, At safepoint: 1301000 ns, Total: 1522800 ns
[314.926s][info][gc       ] GC(4455) Pause Young (Allocation Failure) 745M->59M(978M) 0.721ms
[314.926s][info][safepoint] Safepoint "ParallelGCFailedAllocation", Time since last: 70254100 ns, Reaching safepoint: 158500 ns, At safepoint: 865500 ns, Total: 1024000 ns
[315.012s][info][gc       ] GC(4456) Pause Young (Allocation Failure) 883M->59M(1143M) 1.180ms
[315.012s][info][safepoint] Safepoint "ParallelGCFailedAllocation", Time since last: 84037600 ns, Reaching safepoint: 227400 ns, At safepoint: 1278400 ns, Total: 1505800 ns
[315.118s][info][gc       ] GC(4457) Pause Young (Allocation Failure) 1046M->59M(1099M) 0.669ms
[315.118s][info][safepoint] Safepoint "ParallelGCFailedAllocation", Time since last: 104932700 ns, Reaching safepoint: 131600 ns, At safepoint: 822500 ns, Total: 954100 ns
[315.218s][info][gc       ] GC(4458) Pause Young (Allocation Failure) 1006M->59M(1058M) 0.915ms
[315.218s][info][safepoint] Safepoint "ParallelGCFailedAllocation", Time since last: 98781600 ns, Reaching safepoint: 142100 ns, At safepoint: 1009800 ns, Total: 1151900 ns
[315.311s][info][gc       ] GC(4459) Pause Young (Allocation Failure) 963M->56M(1015M) 0.639ms
[315.311s][info][safepoint] Safepoint "ParallelGCFailedAllocation", Time since last: 92614600 ns, Reaching safepoint: 196400 ns, At safepoint: 736900 ns, Total: 933300 ns
[315.400s][info][gc       ] GC(4460) Pause Young (Allocation Failure) 922M->59M(981M) 1.125ms
[315.400s][info][safepoint] Safepoint "ParallelGCFailedAllocation", Time since last: 87729300 ns, Reaching safepoint: 211800 ns, At safepoint: 1224100 ns, Total: 1435900 ns
[315.486s][info][gc       ] GC(4461) Pause Young (Allocation Failure) 883M->59M(945M) 0.744ms
[315.486s][info][safepoint] Safepoint "ParallelGCFailedAllocation", Time since last: 84070000 ns, Reaching safepoint: 229500 ns, At safepoint: 826500 ns, Total: 1056000 ns
[315.568s][info][gc       ] GC(4462) Pause Young (Allocation Failure) 852M->56M(908M) 0.874ms
[315.568s][info][safepoint] Safepoint "ParallelGCFailedAllocation", Time since last: 81575200 ns, Reaching safepoint: 198300 ns, At safepoint: 969100 ns, Total: 1167400 ns
[315.647s][info][gc       ] GC(4463) Pause Young (Allocation Failure) 813M->56M(876M) 0.873ms
[315.647s][info][safepoint] Safepoint "ParallelGCFailedAllocation", Time since last: 77265800 ns, Reaching safepoint: 206000 ns, At safepoint: 989100 ns, Total: 1195100 ns
[315.722s][info][gc       ] GC(4464) Pause Young (Allocation Failure) 778M->59M(849M) 0.868ms
[315.722s][info][safepoint] Safepoint "ParallelGCFailedAllocation", Time since last: 74147700 ns, Reaching safepoint: 173800 ns, At safepoint: 962700 ns, Total: 1136500 ns
[315.796s][info][gc       ] GC(4465) Pause Young (Allocation Failure) 752M->59M(820M) 0.850ms
[315.796s][info][safepoint] Safepoint "ParallelGCFailedAllocation", Time since last: 72880700 ns, Reaching safepoint: 215400 ns, At safepoint: 1017100 ns, Total: 1232500 ns
[315.867s][info][gc       ] GC(4466) Pause Young (Allocation Failure) 723M->56M(789M) 1.133ms
[315.867s][info][safepoint] Safepoint "ParallelGCFailedAllocation", Time since last: 69115600 ns, Reaching safepoint: 151000 ns, At safepoint: 1320500 ns, Total: 1471500 ns
[315.933s][info][gc       ] GC(4467) Pause Young (Allocation Failure) 696M->59M(766M) 0.744ms
[315.933s][info][safepoint] Safepoint "ParallelGCFailedAllocation", Time since last: 64788900 ns, Reaching safepoint: 212000 ns, At safepoint: 832400 ns, Total: 1044400 ns
[315.997s][info][gc       ] GC(4468) Pause Young (Allocation Failure) 672M->59M(888M) 1.183ms
[315.997s][info][safepoint] Safepoint "ParallelGCFailedAllocation", Time since last: 62559700 ns, Reaching safepoint: 228500 ns, At safepoint: 1280200 ns, Total: 1508700 ns
[316.072s][info][gc       ] GC(4469) Pause Young (Allocation Failure) 794M->56M(854M) 0.720ms
[316.072s][info][safepoint] Safepoint "ParallelGCFailedAllocation", Time since last: 74617300 ns, Reaching safepoint: 198800 ns, At safepoint: 812700 ns, Total: 1011500 ns
[316.146s][info][gc       ] GC(4470) Pause Young (Allocation Failure) 759M->59M(997M) 1.124ms
[316.146s][info][safepoint] Safepoint "ParallelGCFailedAllocation", Time since last: 71862700 ns, Reaching safepoint: 197500 ns, At safepoint: 1209200 ns, Total: 1406700 ns
[316.232s][info][gc       ] GC(4471) Pause Young (Allocation Failure) 897M->59M(960M) 1.029ms
[316.232s][info][safepoint] Safepoint "ParallelGCFailedAllocation", Time since last: 85319700 ns, Reaching safepoint: 147800 ns, At safepoint: 1165800 ns, Total: 1313600 ns
[316.317s][info][gc       ] GC(4472) Pause Young (Allocation Failure) 865M->59M(926M) 1.046ms
[316.317s][info][safepoint] Safepoint "ParallelGCFailedAllocation", Time since last: 83492000 ns, Reaching safepoint: 211200 ns, At safepoint: 1160100 ns, Total: 1371300 ns
[316.397s][info][gc       ] GC(4473) Pause Young (Allocation Failure) 830M->59M(893M) 0.667ms
[316.397s][info][safepoint] Safepoint "ParallelGCFailedAllocation", Time since last: 79026500 ns, Reaching safepoint: 213700 ns, At safepoint: 745700 ns, Total: 959400 ns
[316.474s][info][gc       ] GC(4474) Pause Young (Allocation Failure) 798M->59M(861M) 1.326ms
[316.474s][info][safepoint] Safepoint "ParallelGCFailedAllocation", Time since last: 75468500 ns, Reaching safepoint: 150600 ns, At safepoint: 1494600 ns, Total: 1645200 ns
[316.547s][info][gc       ] GC(4475) Pause Young (Allocation Failure) 766M->59M(1002M) 0.925ms
[316.547s][info][safepoint] Safepoint "ParallelGCFailedAllocation", Time since last: 71870100 ns, Reaching safepoint: 201500 ns, At safepoint: 1010400 ns, Total: 1211900 ns
[316.635s][info][gc       ] GC(4476) Pause Young (Allocation Failure) 907M->56M(963M) 0.867ms
[316.635s][info][safepoint] Safepoint "ParallelGCFailedAllocation", Time since last: 86703800 ns, Reaching safepoint: 222500 ns, At safepoint: 962900 ns, Total: 1185400 ns
[316.719s][info][gc       ] GC(4477) Pause Young (Allocation Failure) 866M->59M(931M) 0.700ms
[316.719s][info][safepoint] Safepoint "ParallelGCFailedAllocation", Time since last: 82535000 ns, Reaching safepoint: 201200 ns, At safepoint: 837700 ns, Total: 1038900 ns
[316.799s][info][gc       ] GC(4478) Pause Young (Allocation Failure) 837M->59M(898M) 1.132ms
[316.799s][info][safepoint] Safepoint "ParallelGCFailedAllocation", Time since last: 78714800 ns, Reaching safepoint: 218400 ns, At safepoint: 1266600 ns, Total: 1485000 ns
[316.876s][info][gc       ] GC(4479) Pause Young (Allocation Failure) 799M->59M(863M) 0.730ms
[316.876s][info][safepoint] Safepoint "ParallelGCFailedAllocation", Time since last: 76203000 ns, Reaching safepoint: 193400 ns, At safepoint: 820100 ns, Total: 1013500 ns
[316.950s][info][gc       ] GC(4480) Pause Young (Allocation Failure) 773M->62M(836M) 1.061ms
[316.950s][info][safepoint] Safepoint "ParallelGCFailedAllocation", Time since last: 72618600 ns, Reaching safepoint: 225100 ns, At safepoint: 1167600 ns, Total: 1392700 ns
[317.021s][info][gc       ] GC(4481) Pause Young (Allocation Failure) 744M->62M(972M) 0.998ms
[317.021s][info][safepoint] Safepoint "ParallelGCFailedAllocation", Time since last: 69493600 ns, Reaching safepoint: 219400 ns, At safepoint: 1085100 ns, Total: 1304500 ns
[317.105s][info][gc       ] GC(4482) Pause Young (Allocation Failure) 876M->62M(937M) 0.948ms
[317.105s][info][safepoint] Safepoint "ParallelGCFailedAllocation", Time since last: 83159500 ns, Reaching safepoint: 230400 ns, At safepoint: 1056000 ns, Total: 1286400 ns
[317.186s][info][gc       ] GC(4483) Pause Young (Allocation Failure) 847M->62M(901M) 0.717ms
[317.186s][info][safepoint] Safepoint "ParallelGCFailedAllocation", Time since last: 79796300 ns, Reaching safepoint: 202600 ns, At safepoint: 806900 ns, Total: 1009500 ns
[317.264s][info][gc       ] GC(4484) Pause Young (Allocation Failure) 809M->65M(1053M) 1.198ms
[317.264s][info][safepoint] Safepoint "ParallelGCFailedAllocation", Time since last: 76033000 ns, Reaching safepoint: 258800 ns, At safepoint: 1288400 ns, Total: 1547200 ns
[317.358s][info][gc       ] GC(4485) Pause Young (Allocation Failure) 963M->65M(1014M) 0.758ms
[317.358s][info][safepoint] Safepoint "ParallelGCFailedAllocation", Time since last: 92804400 ns, Reaching safepoint: 211200 ns, At safepoint: 857400 ns, Total: 1068600 ns
[317.446s][info][gc       ] GC(4486) Pause Young (Allocation Failure) 925M->65M(977M) 0.999ms
[317.446s][info][safepoint] Safepoint "ParallelGCFailedAllocation", Time since last: 87200800 ns, Reaching safepoint: 208100 ns, At safepoint: 1130400 ns, Total: 1338500 ns
[317.531s][info][gc       ] GC(4487) Pause Young (Allocation Failure) 886M->65M(939M) 0.663ms
[317.531s][info][safepoint] Safepoint "ParallelGCFailedAllocation", Time since last: 83910800 ns, Reaching safepoint: 228100 ns, At safepoint: 745300 ns, Total: 973400 ns
[317.612s][info][gc       ] GC(4488) Pause Young (Allocation Failure) 851M->68M(908M) 0.812ms
[317.612s][info][safepoint] Safepoint "ParallelGCFailedAllocation", Time since last: 79936300 ns, Reaching safepoint: 190300 ns, At safepoint: 956400 ns, Total: 1146700 ns
[317.690s][info][gc       ] GC(4489) Pause Young (Allocation Failure) 822M->68M(876M) 1.168ms
[317.690s][info][safepoint] Safepoint "ParallelGCFailedAllocation", Time since last: 76607400 ns, Reaching safepoint: 139900 ns, At safepoint: 1252300 ns, Total: 1392200 ns
[317.766s][info][gc       ] GC(4490) Pause Young (Allocation Failure) 790M->68M(1020M) 1.188ms
[317.766s][info][safepoint] Safepoint "ParallelGCFailedAllocation", Time since last: 74470300 ns, Reaching safepoint: 220100 ns, At safepoint: 1293200 ns, Total: 1513300 ns
[317.856s][info][gc       ] GC(4491) Pause Young (Allocation Failure) 935M->68M(980M) 0.818ms
[317.856s][info][safepoint] Safepoint "ParallelGCFailedAllocation", Time since last: 88959400 ns, Reaching safepoint: 234900 ns, At safepoint: 936500 ns, Total: 1171400 ns
[317.945s][info][gc       ] GC(4492) Pause Young (Allocation Failure) 896M->72M(947M) 0.977ms
[317.945s][info][safepoint] Safepoint "ParallelGCFailedAllocation", Time since last: 87121700 ns, Reaching safepoint: 139300 ns, At safepoint: 1045300 ns, Total: 1184600 ns
[318.028s][info][gc       ] GC(4493) Pause Young (Allocation Failure) 866M->72M(913M) 0.777ms
[318.028s][info][safepoint] Safepoint "ParallelGCFailedAllocation", Time since last: 81972500 ns, Reaching safepoint: 223700 ns, At safepoint: 856000 ns, Total: 1079700 ns
[318.106s][info][gc       ] GC(4494) Pause Young (Allocation Failure) 832M->72M(881M) 0.845ms
[318.106s][info][safepoint] Safepoint "ParallelGCFailedAllocation", Time since last: 76959000 ns, Reaching safepoint: 196700 ns, At safepoint: 950400 ns, Total: 1147100 ns
[318.181s][info][gc       ] GC(4495) Pause Young (Allocation Failure) 800M->72M(844M) 1.166ms
[318.181s][info][safepoint] Safepoint "ParallelGCFailedAllocation", Time since last: 74171600 ns, Reaching safepoint: 218600 ns, At safepoint: 1288000 ns, Total: 1506600 ns
[318.254s][info][gc       ] GC(4496) Pause Young (Allocation Failure) 768M->78M(993M) 0.937ms
[318.254s][info][safepoint] Safepoint "ParallelGCFailedAllocation", Time since last: 71502100 ns, Reaching safepoint: 194500 ns, At safepoint: 1022100 ns, Total: 1216600 ns
[318.340s][info][gc       ] GC(4497) Pause Young (Allocation Failure) 913M->78M(1156M) 1.208ms
[318.340s][info][safepoint] Safepoint "ParallelGCFailedAllocation", Time since last: 84531200 ns, Reaching safepoint: 206300 ns, At safepoint: 1379800 ns, Total: 1586100 ns
[318.444s][info][gc       ] GC(4498) Pause Young (Allocation Failure) 1080M->75M(1109M) 0.833ms
[318.444s][info][safepoint] Safepoint "ParallelGCFailedAllocation", Time since last: 102549000 ns, Reaching safepoint: 187200 ns, At safepoint: 937700 ns, Total: 1124900 ns
[318.542s][info][gc       ] GC(4499) Pause Young (Allocation Failure) 1034M->78M(1070M) 0.744ms
[318.542s][info][safepoint] Safepoint "ParallelGCFailedAllocation", Time since last: 97289200 ns, Reaching safepoint: 142600 ns, At safepoint: 868600 ns, Total: 1011200 ns
[318.637s][info][gc       ] GC(4500) Pause Young (Allocation Failure) 990M->78M(1030M) 1.244ms
[318.637s][info][safepoint] Safepoint "ParallelGCFailedAllocation", Time since last: 93244300 ns, Reaching safepoint: 142800 ns, At safepoint: 1375900 ns, Total: 1518700 ns
[318.727s][info][gc       ] GC(4501) Pause Young (Allocation Failure) 952M->78M(992M) 0.644ms
[318.727s][info][safepoint] Safepoint "ParallelGCFailedAllocation", Time since last: 88910400 ns, Reaching safepoint: 218500 ns, At safepoint: 727100 ns, Total: 945600 ns
[318.814s][info][gc       ] GC(4502) Pause Young (Allocation Failure) 913M->78M(956M) 0.872ms
[318.814s][info][safepoint] Safepoint "ParallelGCFailedAllocation", Time since last: 85573400 ns, Reaching safepoint: 206900 ns, At safepoint: 1066200 ns, Total: 1273100 ns
[318.896s][info][gc       ] GC(4503) Pause Young (Allocation Failure) 881M->75M(918M) 0.762ms
[318.896s][info][safepoint] Safepoint "ParallelGCFailedAllocation", Time since last: 80791100 ns, Reaching safepoint: 211200 ns, At safepoint: 828900 ns, Total: 1040100 ns
[318.976s][info][gc       ] GC(4504) Pause Young (Allocation Failure) 839M->78M(889M) 0.768ms
[318.976s][info][safepoint] Safepoint "ParallelGCFailedAllocation", Time since last: 79347300 ns, Reaching safepoint: 240500 ns, At safepoint: 916000 ns, Total: 1156500 ns
[319.052s][info][gc       ] GC(4505) Pause Young (Allocation Failure) 814M->78M(858M) 0.826ms
[319.052s][info][safepoint] Safepoint "ParallelGCFailedAllocation", Time since last: 74852700 ns, Reaching safepoint: 243700 ns, At safepoint: 982300 ns, Total: 1226000 ns
[319.125s][info][gc       ] GC(4506) Pause Young (Allocation Failure) 781M->78M(828M) 1.223ms
[319.125s][info][safepoint] Safepoint "ParallelGCFailedAllocation", Time since last: 71344400 ns, Reaching safepoint: 210400 ns, At safepoint: 1354500 ns, Total: 1564900 ns
[319.194s][info][gc       ] GC(4507) Pause Young (Allocation Failure) 752M->75M(797M) 0.736ms
[319.194s][info][safepoint] Safepoint "ParallelGCFailedAllocation", Time since last: 68329100 ns, Reaching safepoint: 211500 ns, At safepoint: 829300 ns, Total: 1040800 ns
[319.262s][info][gc       ] GC(4508) Pause Young (Allocation Failure) 720M->75M(770M) 0.850ms
[319.262s][info][safepoint] Safepoint "ParallelGCFailedAllocation", Time since last: 66058700 ns, Reaching safepoint: 215800 ns, At safepoint: 958200 ns, Total: 1174000 ns
[319.326s][info][gc       ] GC(4509) Pause Young (Allocation Failure) 695M->78M(897M) 1.063ms
[319.326s][info][safepoint] Safepoint "ParallelGCFailedAllocation", Time since last: 63031900 ns, Reaching safepoint: 234400 ns, At safepoint: 1149600 ns, Total: 1384000 ns
[319.403s][info][gc       ] GC(4510) Pause Young (Allocation Failure) 820M->78M(865M) 0.998ms
[319.403s][info][safepoint] Safepoint "ParallelGCFailedAllocation", Time since last: 75464600 ns, Reaching safepoint: 145800 ns, At safepoint: 1088000 ns, Total: 1233800 ns
[319.477s][info][gc       ] GC(4511) Pause Young (Allocation Failure) 788M->78M(835M) 0.642ms
[319.477s][info][safepoint] Safepoint "ParallelGCFailedAllocation", Time since last: 73053700 ns, Reaching safepoint: 212900 ns, At safepoint: 722200 ns, Total: 935100 ns
[319.548s][info][gc       ] GC(4512) Pause Young (Allocation Failure) 759M->75M(804M) 0.938ms
[319.548s][info][safepoint] Safepoint "ParallelGCFailedAllocation", Time since last: 69600500 ns, Reaching safepoint: 198300 ns, At safepoint: 1038900 ns, Total: 1237200 ns
[319.615s][info][gc       ] GC(4513) Pause Young (Allocation Failure) 724M->78M(780M) 0.817ms
[319.615s][info][safepoint] Safepoint "ParallelGCFailedAllocation", Time since last: 66438200 ns, Reaching safepoint: 211900 ns, At safepoint: 917500 ns, Total: 1129400 ns
[319.680s][info][gc       ] GC(4514) Pause Young (Allocation Failure) 701M->78M(754M) 0.913ms
[319.680s][info][safepoint] Safepoint "ParallelGCFailedAllocation", Time since last: 63633200 ns, Reaching safepoint: 215100 ns, At safepoint: 1024200 ns, Total: 1239300 ns
[319.742s][info][gc       ] GC(4515) Pause Young (Allocation Failure) 676M->78M(729M) 0.643ms
[319.742s][info][safepoint] Safepoint "ParallelGCFailedAllocation", Time since last: 61000500 ns, Reaching safepoint: 214000 ns, At safepoint: 725300 ns, Total: 939300 ns
[319.802s][info][gc       ] GC(4516) Pause Young (Allocation Failure) 650M->78M(844M) 1.380ms
[319.802s][info][safepoint] Safepoint "ParallelGCFailedAllocation", Time since last: 57985900 ns, Reaching safepoint: 135600 ns, At safepoint: 1468600 ns, Total: 1604200 ns
[319.873s][info][gc       ] GC(4517) Pause Young (Allocation Failure) 769M->78M(982M) 0.974ms
[319.873s][info][safepoint] Safepoint "ParallelGCFailedAllocation", Time since last: 70254400 ns, Reaching safepoint: 214600 ns, At safepoint: 1098300 ns, Total: 1312900 ns
[319.959s][info][gc       ] GC(4518) Pause Young (Allocation Failure) 905M->75M(943M) 0.867ms
[319.959s][info][safepoint] Safepoint "ParallelGCFailedAllocation", Time since last: 84742200 ns, Reaching safepoint: 197600 ns, At safepoint: 956700 ns, Total: 1154300 ns
[320.042s][info][gc       ] GC(4519) Pause Young (Allocation Failure) 867M->78M(912M) 0.854ms
[320.042s][info][safepoint] Safepoint "ParallelGCFailedAllocation", Time since last: 81509900 ns, Reaching safepoint: 190900 ns, At safepoint: 960600 ns, Total: 1151500 ns
[320.120s][info][gc       ] GC(4520) Pause Young (Allocation Failure) 837M->75M(877M) 0.900ms
[320.120s][info][safepoint] Safepoint "ParallelGCFailedAllocation", Time since last: 77175100 ns, Reaching safepoint: 204400 ns, At safepoint: 998300 ns, Total: 1202700 ns
[320.195s][info][gc       ] GC(4521) Pause Young (Allocation Failure) 802M->78M(850M) 0.842ms
[320.195s][info][safepoint] Safepoint "ParallelGCFailedAllocation", Time since last: 74100800 ns, Reaching safepoint: 220900 ns, At safepoint: 925200 ns, Total: 1146100 ns
[320.267s][info][gc       ] GC(4522) Pause Young (Allocation Failure) 773M->75M(818M) 1.027ms
[320.267s][info][safepoint] Safepoint "ParallelGCFailedAllocation", Time since last: 70708900 ns, Reaching safepoint: 246100 ns, At safepoint: 1136000 ns, Total: 1382100 ns
[320.336s][info][gc       ] GC(4523) Pause Young (Allocation Failure) 738M->78M(793M) 0.799ms
[320.336s][info][safepoint] Safepoint "ParallelGCFailedAllocation", Time since last: 67585500 ns, Reaching safepoint: 205400 ns, At safepoint: 891500 ns, Total: 1096900 ns
[320.402s][info][gc       ] GC(4524) Pause Young (Allocation Failure) 718M->78M(766M) 0.986ms
[320.402s][info][safepoint] Safepoint "ParallelGCFailedAllocation", Time since last: 64911900 ns, Reaching safepoint: 160200 ns, At safepoint: 1092800 ns, Total: 1253000 ns
[320.465s][info][gc       ] GC(4525) Pause Young (Allocation Failure) 689M->78M(741M) 0.507ms
[320.465s][info][safepoint] Safepoint "ParallelGCFailedAllocation", Time since last: 62272900 ns, Reaching safepoint: 215800 ns, At safepoint: 595900 ns, Total: 811700 ns
[320.526s][info][gc       ] GC(4526) Pause Young (Allocation Failure) 663M->78M(717M) 0.970ms
[320.526s][info][safepoint] Safepoint "ParallelGCFailedAllocation", Time since last: 59689500 ns, Reaching safepoint: 203900 ns, At safepoint: 1050800 ns, Total: 1254700 ns
[320.584s][info][gc       ] GC(4527) Pause Young (Allocation Failure) 638M->78M(695M) 0.536ms
[320.584s][info][safepoint] Safepoint "ParallelGCFailedAllocation", Time since last: 57119800 ns, Reaching safepoint: 160100 ns, At safepoint: 649300 ns, Total: 809400 ns
[320.641s][info][gc       ] GC(4528) Pause Young (Allocation Failure) 618M->78M(803M) 1.768ms
[320.641s][info][safepoint] Safepoint "ParallelGCFailedAllocation", Time since last: 54924100 ns, Reaching safepoint: 137400 ns, At safepoint: 1906400 ns, Total: 2043800 ns
[320.709s][info][gc       ] GC(4529) Pause Young (Allocation Failure) 728M->75M(930M) 0.801ms
[320.709s][info][safepoint] Safepoint "ParallelGCFailedAllocation", Time since last: 66304300 ns, Reaching safepoint: 193000 ns, At safepoint: 880500 ns, Total: 1073500 ns
[320.792s][info][gc       ] GC(4530) Pause Young (Allocation Failure) 854M->78M(1061M) 0.694ms
[320.792s][info][safepoint] Safepoint "ParallelGCFailedAllocation", Time since last: 82258000 ns, Reaching safepoint: 111500 ns, At safepoint: 783500 ns, Total: 895000 ns
[320.899s][info][gc       ] GC(4531) Pause Young (Allocation Failure) 981M->78M(1091M) 1.607ms
[320.899s][info][safepoint] Safepoint "ParallelGCFailedAllocation", Time since last: 105261800 ns, Reaching safepoint: 114000 ns, At safepoint: 1684500 ns, Total: 1798500 ns
[321.018s][info][gc       ] GC(4532) Pause Young (Allocation Failure) 1013M->78M(1091M) 2.367ms
[321.018s][info][safepoint] Safepoint "ParallelGCFailedAllocation", Time since last: 116562700 ns, Reaching safepoint: 173900 ns, At safepoint: 2494300 ns, Total: 2668200 ns
[321.126s][info][gc       ] GC(4533) Pause Young (Allocation Failure) 1013M->78M(1277M) 1.518ms
[321.126s][info][safepoint] Safepoint "ParallelGCFailedAllocation", Time since last: 106262400 ns, Reaching safepoint: 128300 ns, At safepoint: 1619500 ns, Total: 1747800 ns
[321.302s][info][gc       ] GC(4534) Pause Young (Allocation Failure) 1200M->75M(1277M) 1.212ms
[321.302s][info][safepoint] Safepoint "ParallelGCFailedAllocation", Time since last: 174794600 ns, Reaching safepoint: 59600 ns, At safepoint: 1303900 ns, Total: 1363500 ns
[321.460s][info][gc       ] GC(4535) Pause Young (Allocation Failure) 1197M->78M(1500M) 2.324ms
[321.460s][info][safepoint] Safepoint "ParallelGCFailedAllocation", Time since last: 155598800 ns, Reaching safepoint: 113900 ns, At safepoint: 2421400 ns, Total: 2535300 ns
[321.658s][info][gc       ] GC(4536) Pause Young (Allocation Failure) 1419M->78M(1500M) 1.949ms
[321.658s][info][safepoint] Safepoint "ParallelGCFailedAllocation", Time since last: 196051100 ns, Reaching safepoint: 67400 ns, At safepoint: 2064100 ns, Total: 2131500 ns
[321.822s][info][gc       ] GC(4537) Pause Young (Allocation Failure) 1422M->75M(1767M) 1.264ms
[321.822s][info][safepoint] Safepoint "ParallelGCFailedAllocation", Time since last: 162146700 ns, Reaching safepoint: 76800 ns, At safepoint: 1437000 ns, Total: 1513800 ns
[322.073s][info][gc       ] GC(4538) Pause Young (Allocation Failure) 1687M->78M(1690M) 2.449ms
[322.073s][info][safepoint] Safepoint "ParallelGCFailedAllocation", Time since last: 248388600 ns, Reaching safepoint: 145800 ns, At safepoint: 2620400 ns, Total: 2766200 ns
[322.272s][info][gc       ] GC(4539) Pause Young (Allocation Failure) 1611M->78M(1617M) 1.387ms
[322.272s][info][safepoint] Safepoint "ParallelGCFailedAllocation", Time since last: 197285400 ns, Reaching safepoint: 169800 ns, At safepoint: 1470400 ns, Total: 1640200 ns
[322.450s][info][gc       ] GC(4540) Pause Young (Allocation Failure) 1540M->81M(1553M) 0.896ms
[322.450s][info][safepoint] Safepoint "ParallelGCFailedAllocation", Time since last: 176606100 ns, Reaching safepoint: 194700 ns, At safepoint: 1043200 ns, Total: 1237900 ns
[322.619s][info][gc       ] GC(4541) Pause Young (Allocation Failure) 1479M->78M(1486M) 1.175ms
[322.619s][info][safepoint] Safepoint "ParallelGCFailedAllocation", Time since last: 167227100 ns, Reaching safepoint: 185100 ns, At safepoint: 1257800 ns, Total: 1442900 ns
[322.780s][info][gc       ] GC(4542) Pause Young (Allocation Failure) 1414M->78M(1425M) 0.906ms
[322.780s][info][safepoint] Safepoint "ParallelGCFailedAllocation", Time since last: 159762600 ns, Reaching safepoint: 157700 ns, At safepoint: 1133100 ns, Total: 1290800 ns
[322.933s][info][gc       ] GC(4543) Pause Young (Allocation Failure) 1353M->78M(1368M) 0.757ms
[322.933s][info][safepoint] Safepoint "ParallelGCFailedAllocation", Time since last: 151944800 ns, Reaching safepoint: 44000 ns, At safepoint: 861400 ns, Total: 905400 ns
[323.067s][info][gc       ] GC(4544) Pause Young (Allocation Failure) 1292M->81M(1316M) 0.811ms
[323.067s][info][safepoint] Safepoint "ParallelGCFailedAllocation", Time since last: 132955800 ns, Reaching safepoint: 178900 ns, At safepoint: 881900 ns, Total: 1060800 ns
[323.194s][info][gc       ] GC(4545) Pause Young (Allocation Failure) 1240M->81M(1264M) 0.830ms
[323.194s][info][safepoint] Safepoint "ParallelGCFailedAllocation", Time since last: 125929300 ns, Reaching safepoint: 208400 ns, At safepoint: 912800 ns, Total: 1121200 ns
[323.318s][info][gc       ] GC(4546) Pause Young (Allocation Failure) 1191M->81M(1214M) 0.949ms
[323.318s][info][safepoint] Safepoint "ParallelGCFailedAllocation", Time since last: 122622100 ns, Reaching safepoint: 200400 ns, At safepoint: 1094200 ns, Total: 1294600 ns
[323.434s][info][gc       ] GC(4547) Pause Young (Allocation Failure) 1140M->81M(1167M) 0.628ms
[323.434s][info][safepoint] Safepoint "ParallelGCFailedAllocation", Time since last: 115338800 ns, Reaching safepoint: 188800 ns, At safepoint: 710100 ns, Total: 898900 ns
[323.546s][info][gc       ] GC(4548) Pause Young (Allocation Failure) 1094M->81M(1122M) 1.184ms
[323.546s][info][safepoint] Safepoint "ParallelGCFailedAllocation", Time since last: 110747200 ns, Reaching safepoint: 220000 ns, At safepoint: 1364300 ns, Total: 1584300 ns
[323.651s][info][gc       ] GC(4549) Pause Young (Allocation Failure) 1051M->78M(1077M) 0.971ms
[323.651s][info][safepoint] Safepoint "ParallelGCFailedAllocation", Time since last: 103436800 ns, Reaching safepoint: 131900 ns, At safepoint: 1102200 ns, Total: 1234100 ns
[323.754s][info][gc       ] GC(4550) Pause Young (Allocation Failure) 1001M->81M(1039M) 1.047ms
[323.754s][info][safepoint] Safepoint "ParallelGCFailedAllocation", Time since last: 101773600 ns, Reaching safepoint: 142700 ns, At safepoint: 1210800 ns, Total: 1353500 ns
[323.856s][info][gc       ] GC(4551) Pause Young (Allocation Failure) 968M->81M(1001M) 1.177ms
[323.856s][info][safepoint] Safepoint "ParallelGCFailedAllocation", Time since last: 100350400 ns, Reaching safepoint: 204100 ns, At safepoint: 1275900 ns, Total: 1480000 ns
[323.949s][info][gc       ] GC(4552) Pause Young (Allocation Failure) 929M->81M(964M) 0.855ms
[323.949s][info][safepoint] Safepoint "ParallelGCFailedAllocation", Time since last: 92232600 ns, Reaching safepoint: 153000 ns, At safepoint: 1013500 ns, Total: 1166500 ns
[324.038s][info][gc       ] GC(4553) Pause Young (Allocation Failure) 890M->81M(929M) 1.008ms
[324.038s][info][safepoint] Safepoint "ParallelGCFailedAllocation", Time since last: 87622700 ns, Reaching safepoint: 214200 ns, At safepoint: 1091400 ns, Total: 1305600 ns
[324.119s][info][gc       ] GC(4554) Pause Young (Allocation Failure) 855M->81M(896M) 0.845ms
[324.119s][info][safepoint] Safepoint "ParallelGCFailedAllocation", Time since last: 79323100 ns, Reaching safepoint: 159200 ns, At safepoint: 957400 ns, Total: 1116600 ns
[324.195s][info][gc       ] GC(4555) Pause Young (Allocation Failure) 822M->81M(865M) 0.781ms
[324.195s][info][safepoint] Safepoint "ParallelGCFailedAllocation", Time since last: 75545100 ns, Reaching safepoint: 145400 ns, At safepoint: 893300 ns, Total: 1038700 ns
[324.269s][info][gc       ] GC(4556) Pause Young (Allocation Failure) 793M->78M(832M) 0.884ms
[324.269s][info][safepoint] Safepoint "ParallelGCFailedAllocation", Time since last: 72752200 ns, Reaching safepoint: 206000 ns, At safepoint: 998800 ns, Total: 1204800 ns
[324.339s][info][gc       ] GC(4557) Pause Young (Allocation Failure) 758M->81M(806M) 0.797ms
[324.340s][info][safepoint] Safepoint "ParallelGCFailedAllocation", Time since last: 69306400 ns, Reaching safepoint: 215300 ns, At safepoint: 902200 ns, Total: 1117500 ns
[324.407s][info][gc       ] GC(4558) Pause Young (Allocation Failure) 731M->81M(779M) 1.244ms
[324.407s][info][safepoint] Safepoint "ParallelGCFailedAllocation", Time since last: 66319600 ns, Reaching safepoint: 104000 ns, At safepoint: 1378100 ns, Total: 1482100 ns
[324.472s][info][gc       ] GC(4559) Pause Young (Allocation Failure) 706M->78M(750M) 0.737ms
[324.472s][info][safepoint] Safepoint "ParallelGCFailedAllocation", Time since last: 63792800 ns, Reaching safepoint: 229200 ns, At safepoint: 815500 ns, Total: 1044700 ns
[324.535s][info][gc       ] GC(4560) Pause Young (Allocation Failure) 676M->81M(873M) 0.999ms
[324.535s][info][safepoint] Safepoint "ParallelGCFailedAllocation", Time since last: 60887400 ns, Reaching safepoint: 588500 ns, At safepoint: 1137600 ns, Total: 1726100 ns
[324.610s][info][gc       ] GC(4561) Pause Young (Allocation Failure) 800M->78M(840M) 0.902ms
[324.610s][info][safepoint] Safepoint "ParallelGCFailedAllocation", Time since last: 73617500 ns, Reaching safepoint: 202400 ns, At safepoint: 999400 ns, Total: 1201800 ns
[324.681s][info][gc       ] GC(4562) Pause Young (Allocation Failure) 768M->78M(811M) 0.768ms
[324.681s][info][safepoint] Safepoint "ParallelGCFailedAllocation", Time since last: 70333800 ns, Reaching safepoint: 217200 ns, At safepoint: 865700 ns, Total: 1082900 ns
[324.750s][info][gc       ] GC(4563) Pause Young (Allocation Failure) 738M->81M(945M) 1.059ms
[324.750s][info][safepoint] Safepoint "ParallelGCFailedAllocation", Time since last: 67518700 ns, Reaching safepoint: 202700 ns, At safepoint: 1182400 ns, Total: 1385100 ns
[324.832s][info][gc       ] GC(4564) Pause Young (Allocation Failure) 869M->81M(1103M) 1.043ms
[324.832s][info][safepoint] Safepoint "ParallelGCFailedAllocation", Time since last: 80901100 ns, Reaching safepoint: 230600 ns, At safepoint: 1203200 ns, Total: 1433800 ns
[324.930s][info][gc       ] GC(4565) Pause Young (Allocation Failure) 1028M->81M(1062M) 0.682ms
[324.930s][info][safepoint] Safepoint "ParallelGCFailedAllocation", Time since last: 96467700 ns, Reaching safepoint: 211100 ns, At safepoint: 767500 ns, Total: 978600 ns
[325.023s][info][gc       ] GC(4566) Pause Young (Allocation Failure) 989M->81M(1022M) 0.948ms
[325.023s][info][safepoint] Safepoint "ParallelGCFailedAllocation", Time since last: 92262700 ns, Reaching safepoint: 203400 ns, At safepoint: 1063500 ns, Total: 1266900 ns
[325.114s][info][gc       ] GC(4567) Pause Young (Allocation Failure) 950M->81M(985M) 0.636ms
[325.114s][info][safepoint] Safepoint "ParallelGCFailedAllocation", Time since last: 90024000 ns, Reaching safepoint: 205900 ns, At safepoint: 757100 ns, Total: 963000 ns
[325.200s][info][gc       ] GC(4568) Pause Young (Allocation Failure) 911M->81M(949M) 0.895ms
[325.200s][info][safepoint] Safepoint "ParallelGCFailedAllocation", Time since last: 84524200 ns, Reaching safepoint: 190600 ns, At safepoint: 1019700 ns, Total: 1210300 ns
[325.282s][info][gc       ] GC(4569) Pause Young (Allocation Failure) 876M->81M(915M) 0.664ms
[325.282s][info][safepoint] Safepoint "ParallelGCFailedAllocation", Time since last: 81499100 ns, Reaching safepoint: 212200 ns, At safepoint: 751300 ns, Total: 963500 ns
[325.363s][info][gc       ] GC(4570) Pause Young (Allocation Failure) 843M->81M(882M) 1.603ms
[325.363s][info][safepoint] Safepoint "ParallelGCFailedAllocation", Time since last: 78486300 ns, Reaching safepoint: 131100 ns, At safepoint: 1737100 ns, Total: 1868200 ns
[325.438s][info][gc       ] GC(4571) Pause Young (Allocation Failure) 811M->81M(851M) 0.922ms
[325.438s][info][safepoint] Safepoint "ParallelGCFailedAllocation", Time since last: 73862500 ns, Reaching safepoint: 77200 ns, At safepoint: 999800 ns, Total: 1077000 ns
[325.510s][info][gc       ] GC(4572) Pause Young (Allocation Failure) 778M->81M(822M) 0.829ms
[325.510s][info][safepoint] Safepoint "ParallelGCFailedAllocation", Time since last: 71036300 ns, Reaching safepoint: 143400 ns, At safepoint: 922600 ns, Total: 1066000 ns
[325.579s][info][gc       ] GC(4573) Pause Young (Allocation Failure) 746M->81M(791M) 0.955ms
[325.579s][info][safepoint] Safepoint "ParallelGCFailedAllocation", Time since last: 67935800 ns, Reaching safepoint: 148400 ns, At safepoint: 1113700 ns, Total: 1262100 ns
[325.645s][info][gc       ] GC(4574) Pause Young (Allocation Failure) 723M->84M(767M) 0.780ms
[325.645s][info][safepoint] Safepoint "ParallelGCFailedAllocation", Time since last: 65121400 ns, Reaching safepoint: 220400 ns, At safepoint: 867600 ns, Total: 1088000 ns
[325.709s][info][gc       ] GC(4575) Pause Young (Allocation Failure) 697M->81M(739M) 0.792ms
[325.709s][info][safepoint] Safepoint "ParallelGCFailedAllocation", Time since last: 62469400 ns, Reaching safepoint: 139500 ns, At safepoint: 900700 ns, Total: 1040200 ns
[325.770s][info][gc       ] GC(4576) Pause Young (Allocation Failure) 671M->81M(715M) 0.759ms
[325.770s][info][safepoint] Safepoint "ParallelGCFailedAllocation", Time since last: 60077100 ns, Reaching safepoint: 512700 ns, At safepoint: 871700 ns, Total: 1384400 ns
[325.829s][info][gc       ] GC(4577) Pause Young (Allocation Failure) 645M->81M(692M) 0.868ms
[325.829s][info][safepoint] Safepoint "ParallelGCFailedAllocation", Time since last: 57454900 ns, Reaching safepoint: 213500 ns, At safepoint: 991500 ns, Total: 1205000 ns
[325.886s][info][gc       ] GC(4578) Pause Young (Allocation Failure) 622M->84M(674M) 0.787ms
[325.886s][info][safepoint] Safepoint "ParallelGCFailedAllocation", Time since last: 55711000 ns, Reaching safepoint: 212400 ns, At safepoint: 905200 ns, Total: 1117600 ns
[325.940s][info][gc       ] GC(4579) Pause Young (Allocation Failure) 606M->81M(775M) 0.943ms
[325.940s][info][safepoint] Safepoint "ParallelGCFailedAllocation", Time since last: 53258000 ns, Reaching safepoint: 147600 ns, At safepoint: 1128500 ns, Total: 1276100 ns
[326.004s][info][gc       ] GC(4580) Pause Young (Allocation Failure) 701M->84M(903M) 1.153ms
[326.004s][info][safepoint] Safepoint "ParallelGCFailedAllocation", Time since last: 62756700 ns, Reaching safepoint: 123700 ns, At safepoint: 1292800 ns, Total: 1416500 ns
[326.082s][info][gc       ] GC(4581) Pause Young (Allocation Failure) 834M->84M(1052M) 1.126ms
[326.082s][info][safepoint] Safepoint "ParallelGCFailedAllocation", Time since last: 76519600 ns, Reaching safepoint: 193700 ns, At safepoint: 1227300 ns, Total: 1421000 ns
[326.177s][info][gc       ] GC(4582) Pause Young (Allocation Failure) 984M->81M(1010M) 0.812ms
[326.177s][info][safepoint] Safepoint "ParallelGCFailedAllocation", Time since last: 93166600 ns, Reaching safepoint: 199500 ns, At safepoint: 926700 ns, Total: 1126200 ns
[326.265s][info][gc       ] GC(4583) Pause Young (Allocation Failure) 942M->84M(976M) 0.773ms
[326.265s][info][safepoint] Safepoint "ParallelGCFailedAllocation", Time since last: 87691300 ns, Reaching safepoint: 204700 ns, At safepoint: 860000 ns, Total: 1064700 ns
[326.350s][info][gc       ] GC(4584) Pause Young (Allocation Failure) 903M->84M(941M) 0.965ms
[326.350s][info][safepoint] Safepoint "ParallelGCFailedAllocation", Time since last: 83459200 ns, Reaching safepoint: 207700 ns, At safepoint: 1097300 ns, Total: 1305000 ns
[326.432s][info][gc       ] GC(4585) Pause Young (Allocation Failure) 867M->84M(907M) 0.685ms
[326.432s][info][safepoint] Safepoint "ParallelGCFailedAllocation", Time since last: 80626300 ns, Reaching safepoint: 197900 ns, At safepoint: 777700 ns, Total: 975600 ns
[326.510s][info][gc       ] GC(4586) Pause Young (Allocation Failure) 838M->81M(872M) 0.895ms
[326.510s][info][safepoint] Safepoint "ParallelGCFailedAllocation", Time since last: 77231800 ns, Reaching safepoint: 199600 ns, At safepoint: 987500 ns, Total: 1187100 ns
[326.585s][info][gc       ] GC(4587) Pause Young (Allocation Failure) 802M->84M(845M) 0.928ms
[326.585s][info][safepoint] Safepoint "ParallelGCFailedAllocation", Time since last: 73836200 ns, Reaching safepoint: 206400 ns, At safepoint: 1094300 ns, Total: 1300700 ns
[326.658s][info][gc       ] GC(4588) Pause Young (Allocation Failure) 776M->84M(816M) 0.961ms
[326.658s][info][safepoint] Safepoint "ParallelGCFailedAllocation", Time since last: 70956600 ns, Reaching safepoint: 261900 ns, At safepoint: 1045000 ns, Total: 1306900 ns
[326.727s][info][gc       ] GC(4589) Pause Young (Allocation Failure) 747M->81M(785M) 0.754ms
[326.727s][info][safepoint] Safepoint "ParallelGCFailedAllocation", Time since last: 68094100 ns, Reaching safepoint: 208000 ns, At safepoint: 835300 ns, Total: 1043300 ns
[326.792s][info][gc       ] GC(4590) Pause Young (Allocation Failure) 714M->84M(762M) 0.801ms
[326.792s][info][safepoint] Safepoint "ParallelGCFailedAllocation", Time since last: 64633800 ns, Reaching safepoint: 211500 ns, At safepoint: 885400 ns, Total: 1096900 ns
[326.856s][info][gc       ] GC(4591) Pause Young (Allocation Failure) 688M->84M(737M) 0.738ms
[326.856s][info][safepoint] Safepoint "ParallelGCFailedAllocation", Time since last: 62699000 ns, Reaching safepoint: 199700 ns, At safepoint: 843800 ns, Total: 1043500 ns
[326.918s][info][gc       ] GC(4592) Pause Young (Allocation Failure) 669M->84M(854M) 1.207ms
[326.918s][info][safepoint] Safepoint "ParallelGCFailedAllocation", Time since last: 60466500 ns, Reaching safepoint: 198800 ns, At safepoint: 1331800 ns, Total: 1530600 ns
[326.991s][info][gc       ] GC(4593) Pause Young (Allocation Failure) 783M->84M(824M) 0.640ms
[326.991s][info][safepoint] Safepoint "ParallelGCFailedAllocation", Time since last: 71618400 ns, Reaching safepoint: 254700 ns, At safepoint: 784100 ns, Total: 1038800 ns
[327.060s][info][gc       ] GC(4594) Pause Young (Allocation Failure) 751M->84M(796M) 0.938ms
[327.060s][info][safepoint] Safepoint "ParallelGCFailedAllocation", Time since last: 67865000 ns, Reaching safepoint: 200600 ns, At safepoint: 1044300 ns, Total: 1244900 ns
[327.127s][info][gc       ] GC(4595) Pause Young (Allocation Failure) 728M->84M(770M) 0.704ms
[327.127s][info][safepoint] Safepoint "ParallelGCFailedAllocation", Time since last: 66532300 ns, Reaching safepoint: 212100 ns, At safepoint: 791300 ns, Total: 1003400 ns
[327.191s][info][gc       ] GC(4596) Pause Young (Allocation Failure) 702M->84M(744M) 0.873ms
[327.191s][info][safepoint] Safepoint "ParallelGCFailedAllocation", Time since last: 62744900 ns, Reaching safepoint: 230300 ns, At safepoint: 967000 ns, Total: 1197300 ns
[327.253s][info][gc       ] GC(4597) Pause Young (Allocation Failure) 676M->84M(862M) 0.701ms
[327.253s][info][safepoint] Safepoint "ParallelGCFailedAllocation", Time since last: 60266100 ns, Reaching safepoint: 201300 ns, At safepoint: 786100 ns, Total: 987400 ns
[327.326s][info][gc       ] GC(4598) Pause Young (Allocation Failure) 790M->84M(832M) 0.971ms
[327.326s][info][safepoint] Safepoint "ParallelGCFailedAllocation", Time since last: 72220700 ns, Reaching safepoint: 191900 ns, At safepoint: 1073500 ns, Total: 1265400 ns
[327.397s][info][gc       ] GC(4599) Pause Young (Allocation Failure) 764M->84M(801M) 0.765ms
[327.397s][info][safepoint] Safepoint "ParallelGCFailedAllocation", Time since last: 69395100 ns, Reaching safepoint: 194100 ns, At safepoint: 859900 ns, Total: 1054000 ns
[327.464s][info][gc       ] GC(4600) Pause Young (Allocation Failure) 736M->88M(777M) 0.864ms
[327.464s][info][safepoint] Safepoint "ParallelGCFailedAllocation", Time since last: 65872700 ns, Reaching safepoint: 141900 ns, At safepoint: 980700 ns, Total: 1122600 ns
[327.529s][info][gc       ] GC(4601) Pause Young (Allocation Failure) 712M->88M(901M) 1.039ms
[327.529s][info][safepoint] Safepoint "ParallelGCFailedAllocation", Time since last: 63597900 ns, Reaching safepoint: 227900 ns, At safepoint: 1132600 ns, Total: 1360500 ns
[327.606s][info][gc       ] GC(4602) Pause Young (Allocation Failure) 836M->84M(1047M) 1.185ms
[327.607s][info][safepoint] Safepoint "ParallelGCFailedAllocation", Time since last: 76405900 ns, Reaching safepoint: 133700 ns, At safepoint: 1381900 ns, Total: 1515600 ns
[327.699s][info][gc       ] GC(4603) Pause Young (Allocation Failure) 980M->88M(1229M) 1.015ms
[327.699s][info][safepoint] Safepoint "ParallelGCFailedAllocation", Time since last: 91327500 ns, Reaching safepoint: 233000 ns, At safepoint: 1123600 ns, Total: 1356600 ns
[327.813s][info][gc       ] GC(4604) Pause Young (Allocation Failure) 1160M->88M(1181M) 1.372ms
[327.814s][info][safepoint] Safepoint "ParallelGCFailedAllocation", Time since last: 112558200 ns, Reaching safepoint: 265900 ns, At safepoint: 1525300 ns, Total: 1791200 ns
[327.919s][info][gc       ] GC(4605) Pause Young (Allocation Failure) 1114M->88M(1132M) 0.749ms
[327.920s][info][safepoint] Safepoint "ParallelGCFailedAllocation", Time since last: 104899400 ns, Reaching safepoint: 208600 ns, At safepoint: 916200 ns, Total: 1124800 ns
[328.022s][info][gc       ] GC(4606) Pause Young (Allocation Failure) 1069M->91M(1092M) 1.089ms
[328.022s][info][safepoint] Safepoint "ParallelGCFailedAllocation", Time since last: 100986000 ns, Reaching safepoint: 177800 ns, At safepoint: 1200300 ns, Total: 1378100 ns
[328.119s][info][gc       ] GC(4607) Pause Young (Allocation Failure) 1029M->91M(1051M) 0.976ms
[328.119s][info][safepoint] Safepoint "ParallelGCFailedAllocation", Time since last: 95513900 ns, Reaching safepoint: 221200 ns, At safepoint: 1077900 ns, Total: 1299100 ns
[328.211s][info][gc       ] GC(4608) Pause Young (Allocation Failure) 984M->91M(1012M) 1.272ms
[328.211s][info][safepoint] Safepoint "ParallelGCFailedAllocation", Time since last: 90646500 ns, Reaching safepoint: 140500 ns, At safepoint: 1375800 ns, Total: 1516300 ns
[328.299s][info][gc       ] GC(4609) Pause Young (Allocation Failure) 948M->88M(972M) 0.759ms
[328.299s][info][safepoint] Safepoint "ParallelGCFailedAllocation", Time since last: 87209700 ns, Reaching safepoint: 207500 ns, At safepoint: 906600 ns, Total: 1114100 ns
[328.384s][info][gc       ] GC(4610) Pause Young (Allocation Failure) 909M->88M(937M) 0.739ms
[328.384s][info][safepoint] Safepoint "ParallelGCFailedAllocation", Time since last: 83926800 ns, Reaching safepoint: 204900 ns, At safepoint: 843000 ns, Total: 1047900 ns
[328.465s][info][gc       ] GC(4611) Pause Young (Allocation Failure) 873M->88M(903M) 0.886ms
[328.465s][info][safepoint] Safepoint "ParallelGCFailedAllocation", Time since last: 79987400 ns, Reaching safepoint: 173100 ns, At safepoint: 1051700 ns, Total: 1224800 ns
[328.544s][info][gc       ] GC(4612) Pause Young (Allocation Failure) 837M->91M(874M) 0.796ms
[328.544s][info][safepoint] Safepoint "ParallelGCFailedAllocation", Time since last: 77220200 ns, Reaching safepoint: 222200 ns, At safepoint: 878100 ns, Total: 1100300 ns
[328.618s][info][gc       ] GC(4613) Pause Young (Allocation Failure) 811M->91M(844M) 0.819ms
[328.618s][info][safepoint] Safepoint "ParallelGCFailedAllocation", Time since last: 73283600 ns, Reaching safepoint: 220000 ns, At safepoint: 910700 ns, Total: 1130700 ns
[328.691s][info][gc       ] GC(4614) Pause Young (Allocation Failure) 781M->88M(978M) 1.805ms
[328.691s][info][safepoint] Safepoint "ParallelGCFailedAllocation", Time since last: 70436800 ns, Reaching safepoint: 241400 ns, At safepoint: 1899700 ns, Total: 2141100 ns
[328.776s][info][gc       ] GC(4615) Pause Young (Allocation Failure) 913M->91M(1146M) 0.845ms
[328.776s][info][safepoint] Safepoint "ParallelGCFailedAllocation", Time since last: 84194700 ns, Reaching safepoint: 197700 ns, At safepoint: 936200 ns, Total: 1133900 ns
[328.879s][info][gc       ] GC(4616) Pause Young (Allocation Failure) 1080M->91M(1103M) 1.143ms
[328.879s][info][safepoint] Safepoint "ParallelGCFailedAllocation", Time since last: 101725200 ns, Reaching safepoint: 147700 ns, At safepoint: 1253600 ns, Total: 1401300 ns
[328.977s][info][gc       ] GC(4617) Pause Young (Allocation Failure) 1040M->88M(1058M) 0.699ms
[328.977s][info][safepoint] Safepoint "ParallelGCFailedAllocation", Time since last: 96732500 ns, Reaching safepoint: 149500 ns, At safepoint: 775400 ns, Total: 924900 ns
[329.070s][info][gc       ] GC(4618) Pause Young (Allocation Failure) 992M->91M(1022M) 0.819ms
[329.070s][info][safepoint] Safepoint "ParallelGCFailedAllocation", Time since last: 92293800 ns, Reaching safepoint: 198100 ns, At safepoint: 919500 ns, Total: 1117600 ns
[329.160s][info][gc       ] GC(4619) Pause Young (Allocation Failure) 959M->91M(984M) 1.087ms
[329.160s][info][safepoint] Safepoint "ParallelGCFailedAllocation", Time since last: 88700100 ns, Reaching safepoint: 195000 ns, At safepoint: 1191600 ns, Total: 1386600 ns
[329.247s][info][gc       ] GC(4620) Pause Young (Allocation Failure) 920M->91M(948M) 0.972ms
[329.247s][info][safepoint] Safepoint "ParallelGCFailedAllocation", Time since last: 85259200 ns, Reaching safepoint: 219200 ns, At safepoint: 1084500 ns, Total: 1303700 ns
[329.329s][info][gc       ] GC(4621) Pause Young (Allocation Failure) 884M->91M(914M) 1.109ms
[329.329s][info][safepoint] Safepoint "ParallelGCFailedAllocation", Time since last: 80609400 ns, Reaching safepoint: 141500 ns, At safepoint: 1224000 ns, Total: 1365500 ns
[329.408s][info][gc       ] GC(4622) Pause Young (Allocation Failure) 851M->91M(1066M) 1.287ms
[329.408s][info][safepoint] Safepoint "ParallelGCFailedAllocation", Time since last: 77106200 ns, Reaching safepoint: 214200 ns, At safepoint: 1402600 ns, Total: 1616800 ns
[329.501s][info][gc       ] GC(4623) Pause Young (Allocation Failure) 999M->91M(1026M) 0.716ms
[329.501s][info][safepoint] Safepoint "ParallelGCFailedAllocation", Time since last: 92552700 ns, Reaching safepoint: 142200 ns, At safepoint: 838200 ns, Total: 980400 ns
[329.592s][info][gc       ] GC(4624) Pause Young (Allocation Failure) 963M->88M(985M) 1.287ms
[329.592s][info][safepoint] Safepoint "ParallelGCFailedAllocation", Time since last: 89364400 ns, Reaching safepoint: 125600 ns, At safepoint: 1430900 ns, Total: 1556500 ns
[329.678s][info][gc       ] GC(4625) Pause Young (Allocation Failure) 920M->91M(952M) 1.017ms
[329.678s][info][safepoint] Safepoint "ParallelGCFailedAllocation", Time since last: 84377400 ns, Reaching safepoint: 148300 ns, At safepoint: 1121100 ns, Total: 1269400 ns
[329.760s][info][gc       ] GC(4626) Pause Young (Allocation Failure) 884M->91M(918M) 1.044ms
[329.760s][info][safepoint] Safepoint "ParallelGCFailedAllocation", Time since last: 80596600 ns, Reaching safepoint: 128700 ns, At safepoint: 1195500 ns, Total: 1324200 ns
[329.838s][info][gc       ] GC(4627) Pause Young (Allocation Failure) 852M->91M(885M) 0.665ms
[329.838s][info][safepoint] Safepoint "ParallelGCFailedAllocation", Time since last: 77737300 ns, Reaching safepoint: 214600 ns, At safepoint: 755200 ns, Total: 969800 ns
[329.915s][info][gc       ] GC(4628) Pause Young (Allocation Failure) 822M->88M(851M) 0.905ms
[329.915s][info][safepoint] Safepoint "ParallelGCFailedAllocation", Time since last: 75732000 ns, Reaching safepoint: 203500 ns, At safepoint: 1021600 ns, Total: 1225100 ns
[329.988s][info][gc       ] GC(4629) Pause Young (Allocation Failure) 786M->91M(825M) 0.826ms
[329.988s][info][safepoint] Safepoint "ParallelGCFailedAllocation", Time since last: 71428100 ns, Reaching safepoint: 237900 ns, At safepoint: 911000 ns, Total: 1148900 ns
[330.058s][info][gc       ] GC(4630) Pause Young (Allocation Failure) 760M->91M(797M) 0.948ms
[330.058s][info][safepoint] Safepoint "ParallelGCFailedAllocation", Time since last: 69336400 ns, Reaching safepoint: 202400 ns, At safepoint: 1050500 ns, Total: 1252900 ns
[330.125s][info][gc       ] GC(4631) Pause Young (Allocation Failure) 734M->88M(767M) 0.764ms
[330.125s][info][safepoint] Safepoint "ParallelGCFailedAllocation", Time since last: 65953600 ns, Reaching safepoint: 211500 ns, At safepoint: 844700 ns, Total: 1056200 ns
[330.189s][info][gc       ] GC(4632) Pause Young (Allocation Failure) 704M->91M(893M) 1.095ms
[330.190s][info][safepoint] Safepoint "ParallelGCFailedAllocation", Time since last: 62612500 ns, Reaching safepoint: 225400 ns, At safepoint: 1212700 ns, Total: 1438100 ns
[330.272s][info][gc       ] GC(4633) Pause Young (Allocation Failure) 829M->88M(859M) 0.748ms
[330.272s][info][safepoint] Safepoint "ParallelGCFailedAllocation", Time since last: 81661100 ns, Reaching safepoint: 187100 ns, At safepoint: 878200 ns, Total: 1065300 ns
[330.347s][info][gc       ] GC(4634) Pause Young (Allocation Failure) 796M->88M(829M) 0.724ms
[330.347s][info][safepoint] Safepoint "ParallelGCFailedAllocation", Time since last: 73328000 ns, Reaching safepoint: 213800 ns, At safepoint: 832500 ns, Total: 1046300 ns
[330.417s][info][gc       ] GC(4635) Pause Young (Allocation Failure) 767M->91M(803M) 1.155ms
[330.418s][info][safepoint] Safepoint "ParallelGCFailedAllocation", Time since last: 69488400 ns, Reaching safepoint: 200100 ns, At safepoint: 1266500 ns, Total: 1466600 ns
[330.485s][info][gc       ] GC(4636) Pause Young (Allocation Failure) 742M->88M(773M) 0.861ms
[330.485s][info][safepoint] Safepoint "ParallelGCFailedAllocation", Time since last: 66168800 ns, Reaching safepoint: 129900 ns, At safepoint: 1004600 ns, Total: 1134500 ns
[330.549s][info][gc       ] GC(4637) Pause Young (Allocation Failure) 711M->91M(751M) 0.719ms
[330.549s][info][safepoint] Safepoint "ParallelGCFailedAllocation", Time since last: 63381000 ns, Reaching safepoint: 213100 ns, At safepoint: 801100 ns, Total: 1014200 ns
[330.611s][info][gc       ] GC(4638) Pause Young (Allocation Failure) 685M->91M(726M) 0.940ms
[330.611s][info][safepoint] Safepoint "ParallelGCFailedAllocation", Time since last: 60948800 ns, Reaching safepoint: 145800 ns, At safepoint: 1065400 ns, Total: 1211200 ns
[330.671s][info][gc       ] GC(4639) Pause Young (Allocation Failure) 659M->91M(841M) 0.686ms
[330.671s][info][safepoint] Safepoint "ParallelGCFailedAllocation", Time since last: 58233700 ns, Reaching safepoint: 154600 ns, At safepoint: 768500 ns, Total: 923100 ns
[330.742s][info][gc       ] GC(4640) Pause Young (Allocation Failure) 774M->91M(812M) 0.913ms
[330.742s][info][safepoint] Safepoint "ParallelGCFailedAllocation", Time since last: 70058400 ns, Reaching safepoint: 214700 ns, At safepoint: 1009100 ns, Total: 1223800 ns
[330.810s][info][gc       ] GC(4641) Pause Young (Allocation Failure) 748M->91M(785M) 0.624ms
[330.810s][info][safepoint] Safepoint "ParallelGCFailedAllocation", Time since last: 67374600 ns, Reaching safepoint: 232600 ns, At safepoint: 711900 ns, Total: 944500 ns
[330.876s][info][gc       ] GC(4642) Pause Young (Allocation Failure) 721M->88M(756M) 0.960ms
[330.876s][info][safepoint] Safepoint "ParallelGCFailedAllocation", Time since last: 64180100 ns, Reaching safepoint: 198100 ns, At safepoint: 1071700 ns, Total: 1269800 ns
[330.938s][info][gc       ] GC(4643) Pause Young (Allocation Failure) 692M->91M(880M) 1.053ms
[330.938s][info][safepoint] Safepoint "ParallelGCFailedAllocation", Time since last: 61340500 ns, Reaching safepoint: 204200 ns, At safepoint: 1163600 ns, Total: 1367800 ns
[331.014s][info][gc       ] GC(4644) Pause Young (Allocation Failure) 817M->88M(1021M) 0.931ms
[331.014s][info][safepoint] Safepoint "ParallelGCFailedAllocation", Time since last: 73981400 ns, Reaching safepoint: 240900 ns, At safepoint: 1042100 ns, Total: 1283000 ns
[331.106s][info][gc       ] GC(4645) Pause Young (Allocation Failure) 955M->91M(987M) 0.806ms
[331.106s][info][safepoint] Safepoint "ParallelGCFailedAllocation", Time since last: 90924300 ns, Reaching safepoint: 200300 ns, At safepoint: 900900 ns, Total: 1101200 ns
[331.195s][info][gc       ] GC(4646) Pause Young (Allocation Failure) 922M->91M(951M) 1.609ms
[331.195s][info][safepoint] Safepoint "ParallelGCFailedAllocation", Time since last: 87265000 ns, Reaching safepoint: 166900 ns, At safepoint: 1767800 ns, Total: 1934700 ns
[331.277s][info][gc       ] GC(4647) Pause Young (Allocation Failure) 886M->91M(917M) 0.653ms
[331.277s][info][safepoint] Safepoint "ParallelGCFailedAllocation", Time since last: 80905600 ns, Reaching safepoint: 137800 ns, At safepoint: 742300 ns, Total: 880100 ns
[331.355s][info][gc       ] GC(4648) Pause Young (Allocation Failure) 853M->91M(884M) 0.854ms
[331.355s][info][safepoint] Safepoint "ParallelGCFailedAllocation", Time since last: 76982500 ns, Reaching safepoint: 227300 ns, At safepoint: 994400 ns, Total: 1221700 ns
[331.430s][info][gc       ] GC(4649) Pause Young (Allocation Failure) 821M->91M(1030M) 1.098ms
[331.430s][info][safepoint] Safepoint "ParallelGCFailedAllocation", Time since last: 74000400 ns, Reaching safepoint: 148300 ns, At safepoint: 1223000 ns, Total: 1371300 ns
[331.521s][info][gc       ] GC(4650) Pause Young (Allocation Failure) 962M->91M(992M) 1.003ms
[331.521s][info][safepoint] Safepoint "ParallelGCFailedAllocation", Time since last: 89097300 ns, Reaching safepoint: 239700 ns, At safepoint: 1122200 ns, Total: 1361900 ns
[331.608s][info][gc       ] GC(4651) Pause Young (Allocation Failure) 929M->91M(956M) 0.658ms
[331.608s][info][safepoint] Safepoint "ParallelGCFailedAllocation", Time since last: 85994900 ns, Reaching safepoint: 204900 ns, At safepoint: 743700 ns, Total: 948600 ns
[331.691s][info][gc       ] GC(4652) Pause Young (Allocation Failure) 893M->91M(921M) 0.969ms
[331.691s][info][safepoint] Safepoint "ParallelGCFailedAllocation", Time since last: 81889700 ns, Reaching safepoint: 162700 ns, At safepoint: 1066100 ns, Total: 1228800 ns
[331.770s][info][gc       ] GC(4653) Pause Young (Allocation Failure) 854M->91M(889M) 0.618ms
[331.770s][info][safepoint] Safepoint "ParallelGCFailedAllocation", Time since last: 77895500 ns, Reaching safepoint: 338400 ns, At safepoint: 730800 ns, Total: 1069200 ns
[331.846s][info][gc       ] GC(4654) Pause Young (Allocation Failure) 824M->88M(855M) 1.292ms
[331.846s][info][safepoint] Safepoint "ParallelGCFailedAllocation", Time since last: 74673000 ns, Reaching safepoint: 151300 ns, At safepoint: 1419400 ns, Total: 1570700 ns
[331.918s][info][gc       ] GC(4655) Pause Young (Allocation Failure) 788M->91M(828M) 0.673ms
[331.919s][info][safepoint] Safepoint "ParallelGCFailedAllocation", Time since last: 71671500 ns, Reaching safepoint: 136000 ns, At safepoint: 775800 ns, Total: 911800 ns
[331.988s][info][gc       ] GC(4656) Pause Young (Allocation Failure) 762M->91M(800M) 0.835ms
[331.988s][info][safepoint] Safepoint "ParallelGCFailedAllocation", Time since last: 68754600 ns, Reaching safepoint: 201600 ns, At safepoint: 917200 ns, Total: 1118800 ns
[332.055s][info][gc       ] GC(4657) Pause Young (Allocation Failure) 739M->91M(770M) 0.805ms
[332.055s][info][safepoint] Safepoint "ParallelGCFailedAllocation", Time since last: 65933200 ns, Reaching safepoint: 194100 ns, At safepoint: 920200 ns, Total: 1114300 ns
[332.119s][info][gc       ] GC(4658) Pause Young (Allocation Failure) 710M->91M(745M) 0.948ms
[332.120s][info][safepoint] Safepoint "ParallelGCFailedAllocation", Time since last: 62845400 ns, Reaching safepoint: 209800 ns, At safepoint: 1090300 ns, Total: 1300100 ns
[332.182s][info][gc       ] GC(4659) Pause Young (Allocation Failure) 683M->94M(867M) 1.047ms
[332.182s][info][safepoint] Safepoint "ParallelGCFailedAllocation", Time since last: 60799000 ns, Reaching safepoint: 203900 ns, At safepoint: 1164600 ns, Total: 1368500 ns
[332.256s][info][gc       ] GC(4660) Pause Young (Allocation Failure) 808M->91M(834M) 0.919ms
[332.256s][info][safepoint] Safepoint "ParallelGCFailedAllocation", Time since last: 73309300 ns, Reaching safepoint: 201500 ns, At safepoint: 1078900 ns, Total: 1280400 ns
[332.328s][info][gc       ] GC(4661) Pause Young (Allocation Failure) 772M->94M(973M) 1.045ms
[332.328s][info][safepoint] Safepoint "ParallelGCFailedAllocation", Time since last: 69957600 ns, Reaching safepoint: 192100 ns, At safepoint: 1148200 ns, Total: 1340300 ns
[332.412s][info][gc       ] GC(4662) Pause Young (Allocation Failure) 909M->94M(938M) 0.947ms
[332.412s][info][safepoint] Safepoint "ParallelGCFailedAllocation", Time since last: 83002700 ns, Reaching safepoint: 220400 ns, At safepoint: 1054600 ns, Total: 1275000 ns
[332.493s][info][gc       ] GC(4663) Pause Young (Allocation Failure) 878M->94M(1094M) 1.002ms
[332.493s][info][safepoint] Safepoint "ParallelGCFailedAllocation", Time since last: 79873200 ns, Reaching safepoint: 208500 ns, At safepoint: 1096700 ns, Total: 1305200 ns
[332.590s][info][gc       ] GC(4664) Pause Young (Allocation Failure) 1033M->94M(1053M) 1.104ms
[332.590s][info][safepoint] Safepoint "ParallelGCFailedAllocation", Time since last: 95297700 ns, Reaching safepoint: 209900 ns, At safepoint: 1231600 ns, Total: 1441500 ns
[332.683s][info][gc       ] GC(4665) Pause Young (Allocation Failure) 993M->94M(1014M) 0.890ms
[332.683s][info][safepoint] Safepoint "ParallelGCFailedAllocation", Time since last: 91763500 ns, Reaching safepoint: 167900 ns, At safepoint: 986300 ns, Total: 1154200 ns
[332.773s][info][gc       ] GC(4666) Pause Young (Allocation Failure) 954M->94M(977M) 1.058ms
[332.773s][info][safepoint] Safepoint "ParallelGCFailedAllocation", Time since last: 89037500 ns, Reaching safepoint: 194200 ns, At safepoint: 1143000 ns, Total: 1337200 ns
[332.858s][info][gc       ] GC(4667) Pause Young (Allocation Failure) 918M->91M(939M) 0.769ms
[332.858s][info][safepoint] Safepoint "ParallelGCFailedAllocation", Time since last: 83781200 ns, Reaching safepoint: 136000 ns, At safepoint: 887600 ns, Total: 1023600 ns
[332.942s][info][gc       ] GC(4668) Pause Young (Allocation Failure) 878M->94M(908M) 1.296ms
[332.942s][info][safepoint] Safepoint "ParallelGCFailedAllocation", Time since last: 82307100 ns, Reaching safepoint: 222400 ns, At safepoint: 1373200 ns, Total: 1595600 ns
[333.020s][info][gc       ] GC(4669) Pause Young (Allocation Failure) 849M->91M(873M) 0.826ms
[333.020s][info][safepoint] Safepoint "ParallelGCFailedAllocation", Time since last: 77388000 ns, Reaching safepoint: 200400 ns, At safepoint: 930200 ns, Total: 1130600 ns
[333.096s][info][gc       ] GC(4670) Pause Young (Allocation Failure) 813M->94M(846M) 1.086ms
[333.096s][info][safepoint] Safepoint "ParallelGCFailedAllocation", Time since last: 73955500 ns, Reaching safepoint: 224400 ns, At safepoint: 1183100 ns, Total: 1407500 ns
[333.168s][info][gc       ] GC(4671) Pause Young (Allocation Failure) 786M->94M(817M) 0.820ms
[333.168s][info][safepoint] Safepoint "ParallelGCFailedAllocation", Time since last: 71266100 ns, Reaching safepoint: 201000 ns, At safepoint: 915500 ns, Total: 1116500 ns
[333.237s][info][gc       ] GC(4672) Pause Young (Allocation Failure) 753M->94M(789M) 1.027ms
[333.237s][info][safepoint] Safepoint "ParallelGCFailedAllocation", Time since last: 67583700 ns, Reaching safepoint: 240400 ns, At safepoint: 1167500 ns, Total: 1407900 ns
[333.304s][info][gc       ] GC(4673) Pause Young (Allocation Failure) 730M->94M(916M) 0.765ms
[333.304s][info][safepoint] Safepoint "ParallelGCFailedAllocation", Time since last: 65390800 ns, Reaching safepoint: 244700 ns, At safepoint: 856300 ns, Total: 1101000 ns
[333.383s][info][gc       ] GC(4674) Pause Young (Allocation Failure) 856M->91M(880M) 1.323ms
[333.383s][info][safepoint] Safepoint "ParallelGCFailedAllocation", Time since last: 77746200 ns, Reaching safepoint: 133600 ns, At safepoint: 1444500 ns, Total: 1578100 ns
[333.459s][info][gc       ] GC(4675) Pause Young (Allocation Failure) 820M->94M(852M) 0.842ms
[333.459s][info][safepoint] Safepoint "ParallelGCFailedAllocation", Time since last: 74893300 ns, Reaching safepoint: 208800 ns, At safepoint: 931300 ns, Total: 1140100 ns
[333.532s][info][gc       ] GC(4676) Pause Young (Allocation Failure) 793M->94M(823M) 0.999ms
[333.532s][info][safepoint] Safepoint "ParallelGCFailedAllocation", Time since last: 71859000 ns, Reaching safepoint: 219800 ns, At safepoint: 1128200 ns, Total: 1348000 ns
[333.601s][info][gc       ] GC(4677) Pause Young (Allocation Failure) 764M->91M(792M) 0.649ms
[333.601s][info][safepoint] Safepoint "ParallelGCFailedAllocation", Time since last: 67930400 ns, Reaching safepoint: 202000 ns, At safepoint: 732700 ns, Total: 934700 ns
[333.667s][info][gc       ] GC(4678) Pause Young (Allocation Failure) 731M->94M(768M) 0.760ms
[333.667s][info][safepoint] Safepoint "ParallelGCFailedAllocation", Time since last: 65209500 ns, Reaching safepoint: 138800 ns, At safepoint: 909800 ns, Total: 1048600 ns
[333.731s][info][gc       ] GC(4679) Pause Young (Allocation Failure) 704M->94M(743M) 0.952ms
[333.731s][info][safepoint] Safepoint "ParallelGCFailedAllocation", Time since last: 62199400 ns, Reaching safepoint: 154900 ns, At safepoint: 1067600 ns, Total: 1222500 ns
[333.793s][info][gc       ] GC(4680) Pause Young (Allocation Failure) 685M->94M(861M) 1.179ms
[333.793s][info][safepoint] Safepoint "ParallelGCFailedAllocation", Time since last: 60691900 ns, Reaching safepoint: 204200 ns, At safepoint: 1274000 ns, Total: 1478200 ns
[333.867s][info][gc       ] GC(4681) Pause Young (Allocation Failure) 800M->94M(832M) 0.580ms
[333.867s][info][safepoint] Safepoint "ParallelGCFailedAllocation", Time since last: 73635300 ns, Reaching safepoint: 209900 ns, At safepoint: 677500 ns, Total: 887400 ns
[333.938s][info][gc       ] GC(4682) Pause Young (Allocation Failure) 767M->94M(803M) 1.013ms
[333.938s][info][safepoint] Safepoint "ParallelGCFailedAllocation", Time since last: 68906300 ns, Reaching safepoint: 209400 ns, At safepoint: 1119600 ns, Total: 1329000 ns
[334.005s][info][gc       ] GC(4683) Pause Young (Allocation Failure) 745M->94M(773M) 0.649ms
[334.005s][info][safepoint] Safepoint "ParallelGCFailedAllocation", Time since last: 66176200 ns, Reaching safepoint: 185900 ns, At safepoint: 726200 ns, Total: 912100 ns
[334.069s][info][gc       ] GC(4684) Pause Young (Allocation Failure) 718M->97M(751M) 0.786ms
[334.069s][info][safepoint] Safepoint "ParallelGCFailedAllocation", Time since last: 63664300 ns, Reaching safepoint: 214500 ns, At safepoint: 873500 ns, Total: 1088000 ns
[334.134s][info][gc       ] GC(4685) Pause Young (Allocation Failure) 695M->97M(727M) 0.774ms
[334.134s][info][safepoint] Safepoint "ParallelGCFailedAllocation", Time since last: 63539300 ns, Reaching safepoint: 242100 ns, At safepoint: 884500 ns, Total: 1126600 ns
[334.194s][info][gc       ] GC(4686) Pause Young (Allocation Failure) 668M->97M(704M) 1.001ms
[334.194s][info][safepoint] Safepoint "ParallelGCFailedAllocation", Time since last: 58318500 ns, Reaching safepoint: 141400 ns, At safepoint: 1125800 ns, Total: 1267200 ns
[334.251s][info][gc       ] GC(4687) Pause Young (Allocation Failure) 642M->97M(810M) 0.820ms
[334.251s][info][safepoint] Safepoint "ParallelGCFailedAllocation", Time since last: 55963700 ns, Reaching safepoint: 221600 ns, At safepoint: 918600 ns, Total: 1140200 ns
[334.319s][info][gc       ] GC(4688) Pause Young (Allocation Failure) 758M->101M(786M) 0.751ms
[334.319s][info][safepoint] Safepoint "ParallelGCFailedAllocation", Time since last: 67591200 ns, Reaching safepoint: 203100 ns, At safepoint: 833500 ns, Total: 1036600 ns
[334.385s][info][gc       ] GC(4689) Pause Young (Allocation Failure) 731M->101M(913M) 1.096ms
[334.385s][info][safepoint] Safepoint "ParallelGCFailedAllocation", Time since last: 64425700 ns, Reaching safepoint: 209500 ns, At safepoint: 1240000 ns, Total: 1449500 ns
[334.464s][info][gc       ] GC(4690) Pause Young (Allocation Failure) 860M->101M(881M) 0.929ms
[334.464s][info][safepoint] Safepoint "ParallelGCFailedAllocation", Time since last: 77905700 ns, Reaching safepoint: 218900 ns, At safepoint: 1053500 ns, Total: 1272400 ns
[334.539s][info][gc       ] GC(4691) Pause Young (Allocation Failure) 827M->101M(847M) 0.829ms
[334.540s][info][safepoint] Safepoint "ParallelGCFailedAllocation", Time since last: 73938300 ns, Reaching safepoint: 200700 ns, At safepoint: 939000 ns, Total: 1139700 ns
[334.612s][info][gc       ] GC(4692) Pause Young (Allocation Failure) 798M->101M(818M) 0.752ms
[334.612s][info][safepoint] Safepoint "ParallelGCFailedAllocation", Time since last: 71388100 ns, Reaching safepoint: 149800 ns, At safepoint: 847800 ns, Total: 997600 ns
[334.681s][info][gc       ] GC(4693) Pause Young (Allocation Failure) 765M->104M(793M) 0.790ms
[334.681s][info][safepoint] Safepoint "ParallelGCFailedAllocation", Time since last: 68019400 ns, Reaching safepoint: 209400 ns, At safepoint: 895200 ns, Total: 1104600 ns
[334.748s][info][gc       ] GC(4694) Pause Young (Allocation Failure) 741M->104M(767M) 1.012ms
[334.748s][info][safepoint] Safepoint "ParallelGCFailedAllocation", Time since last: 65349700 ns, Reaching safepoint: 214200 ns, At safepoint: 1166400 ns, Total: 1380600 ns
[334.812s][info][gc       ] GC(4695) Pause Young (Allocation Failure) 715M->104M(738M) 0.801ms
[334.812s][info][safepoint] Safepoint "ParallelGCFailedAllocation", Time since last: 62802600 ns, Reaching safepoint: 198400 ns, At safepoint: 888900 ns, Total: 1087300 ns
[334.873s][info][gc       ] GC(4696) Pause Young (Allocation Failure) 689M->107M(718M) 0.834ms
[334.873s][info][safepoint] Safepoint "ParallelGCFailedAllocation", Time since last: 60269600 ns, Reaching safepoint: 219000 ns, At safepoint: 951100 ns, Total: 1170100 ns
[334.931s][info][gc       ] GC(4697) Pause Young (Allocation Failure) 666M->107M(830M) 1.024ms
[334.932s][info][safepoint] Safepoint "ParallelGCFailedAllocation", Time since last: 57055300 ns, Reaching safepoint: 230700 ns, At safepoint: 1133700 ns, Total: 1364400 ns
[335.002s][info][gc       ] GC(4698) Pause Young (Allocation Failure) 781M->107M(965M) 0.986ms
[335.002s][info][safepoint] Safepoint "ParallelGCFailedAllocation", Time since last: 69396900 ns, Reaching safepoint: 218900 ns, At safepoint: 1080200 ns, Total: 1299100 ns
[335.086s][info][gc       ] GC(4699) Pause Young (Allocation Failure) 914M->107M(926M) 0.805ms
[335.086s][info][safepoint] Safepoint "ParallelGCFailedAllocation", Time since last: 82689800 ns, Reaching safepoint: 225100 ns, At safepoint: 895200 ns, Total: 1120300 ns
[335.166s][info][gc       ] GC(4700) Pause Young (Allocation Failure) 884M->107M(893M) 0.844ms
[335.166s][info][safepoint] Safepoint "ParallelGCFailedAllocation", Time since last: 79184200 ns, Reaching safepoint: 201200 ns, At safepoint: 929700 ns, Total: 1130900 ns
[335.243s][info][gc       ] GC(4701) Pause Young (Allocation Failure) 851M->110M(865M) 0.865ms
[335.243s][info][safepoint] Safepoint "ParallelGCFailedAllocation", Time since last: 75809700 ns, Reaching safepoint: 129900 ns, At safepoint: 958300 ns, Total: 1088200 ns
[335.317s][info][gc       ] GC(4702) Pause Young (Allocation Failure) 821M->107M(832M) 1.014ms
[335.317s][info][safepoint] Safepoint "ParallelGCFailedAllocation", Time since last: 72023600 ns, Reaching safepoint: 208300 ns, At safepoint: 1104700 ns, Total: 1313000 ns
[335.387s][info][gc       ] GC(4703) Pause Young (Allocation Failure) 785M->110M(807M) 0.854ms
[335.388s][info][safepoint] Safepoint "ParallelGCFailedAllocation", Time since last: 69721400 ns, Reaching safepoint: 234900 ns, At safepoint: 951600 ns, Total: 1186500 ns
[335.455s][info][gc       ] GC(4704) Pause Young (Allocation Failure) 764M->110M(780M) 0.993ms
[335.455s][info][safepoint] Safepoint "ParallelGCFailedAllocation", Time since last: 66486500 ns, Reaching safepoint: 210800 ns, At safepoint: 1088300 ns, Total: 1299100 ns
[335.520s][info][gc       ] GC(4705) Pause Young (Allocation Failure) 735M->110M(750M) 0.829ms
[335.520s][info][safepoint] Safepoint "ParallelGCFailedAllocation", Time since last: 63902500 ns, Reaching safepoint: 217400 ns, At safepoint: 912400 ns, Total: 1129800 ns
[335.583s][info][gc       ] GC(4706) Pause Young (Allocation Failure) 709M->114M(729M) 0.790ms
[335.583s][info][safepoint] Safepoint "ParallelGCFailedAllocation", Time since last: 61302500 ns, Reaching safepoint: 145000 ns, At safepoint: 887900 ns, Total: 1032900 ns
[335.642s][info][gc       ] GC(4707) Pause Young (Allocation Failure) 686M->114M(844M) 0.907ms
[335.642s][info][safepoint] Safepoint "ParallelGCFailedAllocation", Time since last: 58627700 ns, Reaching safepoint: 122800 ns, At safepoint: 1025100 ns, Total: 1147900 ns
[335.714s][info][gc       ] GC(4708) Pause Young (Allocation Failure) 802M->114M(815M) 1.189ms
[335.714s][info][safepoint] Safepoint "ParallelGCFailedAllocation", Time since last: 69920700 ns, Reaching safepoint: 130800 ns, At safepoint: 1320700 ns, Total: 1451500 ns
[335.783s][info][gc       ] GC(4709) Pause Young (Allocation Failure) 776M->114M(784M) 0.831ms
[335.783s][info][safepoint] Safepoint "ParallelGCFailedAllocation", Time since last: 68304000 ns, Reaching safepoint: 213000 ns, At safepoint: 929300 ns, Total: 1142300 ns
[335.849s][info][gc       ] GC(4710) Pause Young (Allocation Failure) 746M->117M(914M) 1.112ms
[335.849s][info][safepoint] Safepoint "ParallelGCFailedAllocation", Time since last: 64433300 ns, Reaching safepoint: 201200 ns, At safepoint: 1216600 ns, Total: 1417800 ns
[335.930s][info][gc       ] GC(4711) Pause Young (Allocation Failure) 875M->114M(878M) 0.975ms
[335.930s][info][safepoint] Safepoint "ParallelGCFailedAllocation", Time since last: 79827800 ns, Reaching safepoint: 223600 ns, At safepoint: 1063900 ns, Total: 1287500 ns
[336.006s][info][gc       ] GC(4712) Pause Young (Allocation Failure) 842M->114M(847M) 0.705ms
[336.006s][info][safepoint] Safepoint "ParallelGCFailedAllocation", Time since last: 74634100 ns, Reaching safepoint: 146100 ns, At safepoint: 788100 ns, Total: 934200 ns
[336.077s][info][gc       ] GC(4713) Pause Young (Allocation Failure) 805M->117M(822M) 0.866ms
[336.077s][info][safepoint] Safepoint "ParallelGCFailedAllocation", Time since last: 70503400 ns, Reaching safepoint: 213200 ns, At safepoint: 942200 ns, Total: 1155400 ns
[336.147s][info][gc       ] GC(4714) Pause Young (Allocation Failure) 786M->117M(955M) 1.479ms
[336.147s][info][safepoint] Safepoint "ParallelGCFailedAllocation", Time since last: 68283500 ns, Reaching safepoint: 136300 ns, At safepoint: 1600400 ns, Total: 1736700 ns
[336.232s][info][gc       ] GC(4715) Pause Young (Allocation Failure) 918M->117M(917M) 0.795ms
[336.232s][info][safepoint] Safepoint "ParallelGCFailedAllocation", Time since last: 83185900 ns, Reaching safepoint: 205700 ns, At safepoint: 893900 ns, Total: 1099600 ns
[336.311s][info][gc       ] GC(4716) Pause Young (Allocation Failure) 882M->117M(884M) 0.770ms
[336.311s][info][safepoint] Safepoint "ParallelGCFailedAllocation", Time since last: 78288900 ns, Reaching safepoint: 194200 ns, At safepoint: 856800 ns, Total: 1051000 ns
[336.387s][info][gc       ] GC(4717) Pause Young (Allocation Failure) 849M->120M(857M) 0.925ms
[336.387s][info][safepoint] Safepoint "ParallelGCFailedAllocation", Time since last: 75023800 ns, Reaching safepoint: 162000 ns, At safepoint: 1106700 ns, Total: 1268700 ns
[336.461s][info][gc       ] GC(4718) Pause Young (Allocation Failure) 822M->120M(827M) 1.055ms
[336.461s][info][safepoint] Safepoint "ParallelGCFailedAllocation", Time since last: 72142600 ns, Reaching safepoint: 223600 ns, At safepoint: 1137700 ns, Total: 1361300 ns
[336.531s][info][gc       ] GC(4719) Pause Young (Allocation Failure) 793M->117M(796M) 0.773ms
[336.531s][info][safepoint] Safepoint "ParallelGCFailedAllocation", Time since last: 68817100 ns, Reaching safepoint: 197500 ns, At safepoint: 867800 ns, Total: 1065300 ns
[336.598s][info][gc       ] GC(4720) Pause Young (Allocation Failure) 760M->120M(773M) 0.760ms
[336.599s][info][safepoint] Safepoint "ParallelGCFailedAllocation", Time since last: 66733200 ns, Reaching safepoint: 148400 ns, At safepoint: 874900 ns, Total: 1023300 ns
[336.665s][info][gc       ] GC(4721) Pause Young (Allocation Failure) 740M->120M(896M) 1.111ms
[336.665s][info][safepoint] Safepoint "ParallelGCFailedAllocation", Time since last: 65083500 ns, Reaching safepoint: 206800 ns, At safepoint: 1199800 ns, Total: 1406600 ns
[336.745s][info][gc       ] GC(4722) Pause Young (Allocation Failure) 862M->120M(1044M) 1.274ms
[336.745s][info][safepoint] Safepoint "ParallelGCFailedAllocation", Time since last: 78544500 ns, Reaching safepoint: 136700 ns, At safepoint: 1412100 ns, Total: 1548800 ns
[336.842s][info][gc       ] GC(4723) Pause Young (Allocation Failure) 1008M->117M(1002M) 0.868ms
[336.842s][info][safepoint] Safepoint "ParallelGCFailedAllocation", Time since last: 95915500 ns, Reaching safepoint: 144700 ns, At safepoint: 967000 ns, Total: 1111700 ns
[336.933s][info][gc       ] GC(4724) Pause Young (Allocation Failure) 965M->120M(968M) 0.913ms
[336.933s][info][safepoint] Safepoint "ParallelGCFailedAllocation", Time since last: 89464200 ns, Reaching safepoint: 202500 ns, At safepoint: 1006600 ns, Total: 1209100 ns
[337.022s][info][gc       ] GC(4725) Pause Young (Allocation Failure) 935M->120M(933M) 1.226ms
[337.022s][info][safepoint] Safepoint "ParallelGCFailedAllocation", Time since last: 87432000 ns, Reaching safepoint: 193200 ns, At safepoint: 1321800 ns, Total: 1515000 ns
[337.105s][info][gc       ] GC(4726) Pause Young (Allocation Failure) 896M->120M(900M) 1.150ms
[337.105s][info][safepoint] Safepoint "ParallelGCFailedAllocation", Time since last: 82152600 ns, Reaching safepoint: 145100 ns, At safepoint: 1274700 ns, Total: 1419800 ns
[337.187s][info][gc       ] GC(4727) Pause Young (Allocation Failure) 863M->120M(865M) 0.806ms
[337.187s][info][safepoint] Safepoint "ParallelGCFailedAllocation", Time since last: 80273500 ns, Reaching safepoint: 182900 ns, At safepoint: 907300 ns, Total: 1090200 ns
[337.264s][info][gc       ] GC(4728) Pause Young (Allocation Failure) 833M->120M(835M) 0.843ms
[337.264s][info][safepoint] Safepoint "ParallelGCFailedAllocation", Time since last: 76042500 ns, Reaching safepoint: 212700 ns, At safepoint: 926200 ns, Total: 1138900 ns
[337.337s][info][gc       ] GC(4729) Pause Young (Allocation Failure) 800M->123M(810M) 0.824ms
[337.337s][info][safepoint] Safepoint "ParallelGCFailedAllocation", Time since last: 71893800 ns, Reaching safepoint: 135100 ns, At safepoint: 921000 ns, Total: 1056100 ns
[337.408s][info][gc       ] GC(4730) Pause Young (Allocation Failure) 781M->123M(783M) 1.082ms
[337.408s][info][safepoint] Safepoint "ParallelGCFailedAllocation", Time since last: 69677900 ns, Reaching safepoint: 209400 ns, At safepoint: 1182600 ns, Total: 1392000 ns
[337.474s][info][gc       ] GC(4731) Pause Young (Allocation Failure) 750M->123M(754M) 0.752ms
[337.475s][info][safepoint] Safepoint "ParallelGCFailedAllocation", Time since last: 65635700 ns, Reaching safepoint: 179100 ns, At safepoint: 832300 ns, Total: 1011400 ns
[337.537s][info][gc       ] GC(4732) Pause Young (Allocation Failure) 724M->127M(733M) 0.883ms
[337.537s][info][safepoint] Safepoint "ParallelGCFailedAllocation", Time since last: 61342900 ns, Reaching safepoint: 228100 ns, At safepoint: 989400 ns, Total: 1217500 ns
[337.598s][info][gc       ] GC(4733) Pause Young (Allocation Failure) 701M->127M(709M) 0.880ms
[337.598s][info][safepoint] Safepoint "ParallelGCFailedAllocation", Time since last: 59756000 ns, Reaching safepoint: 197600 ns, At safepoint: 975400 ns, Total: 1173000 ns
[337.656s][info][gc       ] GC(4734) Pause Young (Allocation Failure) 681M->127M(820M) 1.306ms
[337.656s][info][safepoint] Safepoint "ParallelGCFailedAllocation", Time since last: 56333100 ns, Reaching safepoint: 187000 ns, At safepoint: 1404700 ns, Total: 1591700 ns
[337.725s][info][gc       ] GC(4735) Pause Young (Allocation Failure) 794M->123M(949M) 0.716ms
[337.725s][info][safepoint] Safepoint "ParallelGCFailedAllocation", Time since last: 67974200 ns, Reaching safepoint: 135600 ns, At safepoint: 891100 ns, Total: 1026700 ns
[337.808s][info][gc       ] GC(4736) Pause Young (Allocation Failure) 923M->127M(1040M) 0.951ms
[337.808s][info][safepoint] Safepoint "ParallelGCFailedAllocation", Time since last: 81524000 ns, Reaching safepoint: 215700 ns, At safepoint: 1110900 ns, Total: 1326600 ns
[337.900s][info][gc       ] GC(4737) Pause Young (Allocation Failure) 1009M->123M(1115M) 1.231ms
[337.900s][info][safepoint] Safepoint "ParallelGCFailedAllocation", Time since last: 90252200 ns, Reaching safepoint: 224900 ns, At safepoint: 1319000 ns, Total: 1543900 ns
[338.009s][info][gc       ] GC(4738) Pause Young (Allocation Failure) 1079M->127M(1115M) 1.487ms
[338.009s][info][safepoint] Safepoint "ParallelGCFailedAllocation", Time since last: 108119900 ns, Reaching safepoint: 170700 ns, At safepoint: 1563600 ns, Total: 1734300 ns
[338.109s][info][gc       ] GC(4739) Pause Young (Allocation Failure) 1080M->127M(1306M) 1.585ms
[338.109s][info][safepoint] Safepoint "ParallelGCFailedAllocation", Time since last: 97341600 ns, Reaching safepoint: 201200 ns, At safepoint: 1702800 ns, Total: 1904000 ns
[338.254s][info][gc       ] GC(4740) Pause Young (Allocation Failure) 1277M->123M(1306M) 1.391ms
[338.254s][info][safepoint] Safepoint "ParallelGCFailedAllocation", Time since last: 143372100 ns, Reaching safepoint: 145500 ns, At safepoint: 1477600 ns, Total: 1623100 ns
[338.373s][info][gc       ] GC(4741) Pause Young (Allocation Failure) 1273M->127M(1534M) 2.056ms
[338.373s][info][safepoint] Safepoint "ParallelGCFailedAllocation", Time since last: 116965600 ns, Reaching safepoint: 189000 ns, At safepoint: 2140100 ns, Total: 2329100 ns
[338.547s][info][gc       ] GC(4742) Pause Young (Allocation Failure) 1502M->127M(1534M) 1.756ms
[338.547s][info][safepoint] Safepoint "ParallelGCFailedAllocation", Time since last: 172454200 ns, Reaching safepoint: 187200 ns, At safepoint: 1847100 ns, Total: 2034300 ns
[338.690s][info][gc       ] GC(4743) Pause Young (Allocation Failure) 1502M->127M(1808M) 1.915ms
[338.690s][info][safepoint] Safepoint "ParallelGCFailedAllocation", Time since last: 140064800 ns, Reaching safepoint: 146600 ns, At safepoint: 2025700 ns, Total: 2172300 ns
[338.895s][info][gc       ] GC(4744) Pause Young (Allocation Failure) 1779M->127M(1808M) 1.723ms
[338.895s][info][safepoint] Safepoint "ParallelGCFailedAllocation", Time since last: 203198300 ns, Reaching safepoint: 184600 ns, At safepoint: 1875000 ns, Total: 2059600 ns
[339.067s][info][gc       ] GC(4745) Pause Young (Allocation Failure) 1778M->127M(1729M) 1.278ms
[339.067s][info][safepoint] Safepoint "ParallelGCFailedAllocation", Time since last: 170071200 ns, Reaching safepoint: 221900 ns, At safepoint: 1374800 ns, Total: 1596700 ns
[339.230s][info][gc       ] GC(4746) Pause Young (Allocation Failure) 1699M->127M(2042M) 2.253ms
[339.230s][info][safepoint] Safepoint "ParallelGCFailedAllocation", Time since last: 161208600 ns, Reaching safepoint: 142500 ns, At safepoint: 2361000 ns, Total: 2503500 ns
[339.453s][info][gc       ] GC(4747) Pause Young (Allocation Failure) 2012M->127M(1950M) 1.139ms
[339.453s][info][safepoint] Safepoint "ParallelGCFailedAllocation", Time since last: 221436800 ns, Reaching safepoint: 219900 ns, At safepoint: 1236300 ns, Total: 1456200 ns
[339.639s][info][gc       ] GC(4748) Pause Young (Allocation Failure) 1926M->127M(1866M) 1.210ms
[339.639s][info][safepoint] Safepoint "ParallelGCFailedAllocation", Time since last: 183916700 ns, Reaching safepoint: 222800 ns, At safepoint: 1296400 ns, Total: 1519200 ns
[339.815s][info][gc       ] GC(4749) Pause Young (Allocation Failure) 1841M->130M(1790M) 1.072ms
[339.816s][info][safepoint] Safepoint "ParallelGCFailedAllocation", Time since last: 175539000 ns, Reaching safepoint: 137400 ns, At safepoint: 1205300 ns, Total: 1342700 ns
[339.984s][info][gc       ] GC(4750) Pause Young (Allocation Failure) 1764M->130M(1715M) 1.428ms
[339.984s][info][safepoint] Safepoint "ParallelGCFailedAllocation", Time since last: 167191700 ns, Reaching safepoint: 192800 ns, At safepoint: 1508600 ns, Total: 1701400 ns
[340.146s][info][gc       ] GC(4751) Pause Young (Allocation Failure) 1692M->130M(1636M) 1.377ms
[340.146s][info][safepoint] Safepoint "ParallelGCFailedAllocation", Time since last: 160372400 ns, Reaching safepoint: 119200 ns, At safepoint: 1509200 ns, Total: 1628400 ns
[340.299s][info][gc       ] GC(4752) Pause Young (Allocation Failure) 1615M->136M(1578M) 1.207ms
[340.299s][info][safepoint] Safepoint "ParallelGCFailedAllocation", Time since last: 150695800 ns, Reaching safepoint: 217500 ns, At safepoint: 1303500 ns, Total: 1521000 ns
[340.445s][info][gc       ] GC(4753) Pause Young (Allocation Failure) 1556M->136M(1509M) 1.509ms
[340.445s][info][safepoint] Safepoint "ParallelGCFailedAllocation", Time since last: 144996200 ns, Reaching safepoint: 207700 ns, At safepoint: 1594800 ns, Total: 1802500 ns
[340.586s][info][gc       ] GC(4754) Pause Young (Allocation Failure) 1489M->136M(1448M) 1.406ms
[340.586s][info][safepoint] Safepoint "ParallelGCFailedAllocation", Time since last: 138375400 ns, Reaching safepoint: 235700 ns, At safepoint: 1540500 ns, Total: 1776200 ns
[340.718s][info][gc       ] GC(4755) Pause Young (Allocation Failure) 1430M->133M(1386M) 0.731ms
[340.718s][info][safepoint] Safepoint "ParallelGCFailedAllocation", Time since last: 131612000 ns, Reaching safepoint: 208800 ns, At safepoint: 815400 ns, Total: 1024200 ns
[340.847s][info][gc       ] GC(4756) Pause Young (Allocation Failure) 1367M->136M(1635M) 2.625ms
[340.848s][info][safepoint] Safepoint "ParallelGCFailedAllocation", Time since last: 126387100 ns, Reaching safepoint: 100300 ns, At safepoint: 2745000 ns, Total: 2845300 ns
[341.000s][info][gc       ] GC(4757) Pause Young (Allocation Failure) 1618M->136M(1567M) 1.170ms
[341.000s][info][safepoint] Safepoint "ParallelGCFailedAllocation", Time since last: 151196300 ns, Reaching safepoint: 144600 ns, At safepoint: 1318600 ns, Total: 1463200 ns
[341.146s][info][gc       ] GC(4758) Pause Young (Allocation Failure) 1547M->133M(1499M) 1.415ms
[341.146s][info][safepoint] Safepoint "ParallelGCFailedAllocation", Time since last: 143963400 ns, Reaching safepoint: 208800 ns, At safepoint: 1502600 ns, Total: 1711400 ns
[341.286s][info][gc       ] GC(4759) Pause Young (Allocation Failure) 1481M->133M(1437M) 1.254ms
[341.286s][info][safepoint] Safepoint "ParallelGCFailedAllocation", Time since last: 138594700 ns, Reaching safepoint: 226900 ns, At safepoint: 1340700 ns, Total: 1567600 ns
[341.419s][info][gc       ] GC(4760) Pause Young (Allocation Failure) 1421M->136M(1382M) 1.377ms
[341.419s][info][safepoint] Safepoint "ParallelGCFailedAllocation", Time since last: 131644000 ns, Reaching safepoint: 134200 ns, At safepoint: 1486700 ns, Total: 1620900 ns
[341.546s][info][gc       ] GC(4761) Pause Young (Allocation Failure) 1364M->133M(1323M) 1.365ms
[341.547s][info][safepoint] Safepoint "ParallelGCFailedAllocation", Time since last: 125521600 ns, Reaching safepoint: 157700 ns, At safepoint: 1556000 ns, Total: 1713700 ns
[341.668s][info][gc       ] GC(4762) Pause Young (Allocation Failure) 1301M->136M(1274M) 1.536ms
[341.668s][info][safepoint] Safepoint "ParallelGCFailedAllocation", Time since last: 119440500 ns, Reaching safepoint: 166200 ns, At safepoint: 1779800 ns, Total: 1946000 ns
[341.784s][info][gc       ] GC(4763) Pause Young (Allocation Failure) 1251M->136M(1224M) 1.257ms
[341.784s][info][safepoint] Safepoint "ParallelGCFailedAllocation", Time since last: 114454000 ns, Reaching safepoint: 167300 ns, At safepoint: 1355000 ns, Total: 1522300 ns
[341.896s][info][gc       ] GC(4764) Pause Young (Allocation Failure) 1205M->136M(1437M) 2.124ms
[341.896s][info][safepoint] Safepoint "ParallelGCFailedAllocation", Time since last: 109281700 ns, Reaching safepoint: 219000 ns, At safepoint: 2220400 ns, Total: 2439400 ns
[342.030s][info][gc       ] GC(4765) Pause Young (Allocation Failure) 1415M->136M(1376M) 0.973ms
[342.030s][info][safepoint] Safepoint "ParallelGCFailedAllocation", Time since last: 133218700 ns, Reaching safepoint: 239500 ns, At safepoint: 1114200 ns, Total: 1353700 ns
[342.157s][info][gc       ] GC(4766) Pause Young (Allocation Failure) 1362M->140M(1623M) 2.044ms
[342.157s][info][safepoint] Safepoint "ParallelGCFailedAllocation", Time since last: 124991500 ns, Reaching safepoint: 213900 ns, At safepoint: 2127600 ns, Total: 2341500 ns
[342.310s][info][gc       ] GC(4767) Pause Young (Allocation Failure) 1610M->140M(1916M) 1.449ms
[342.310s][info][safepoint] Safepoint "ParallelGCFailedAllocation", Time since last: 150795500 ns, Reaching safepoint: 205800 ns, At safepoint: 1551400 ns, Total: 1757200 ns
[342.491s][info][gc       ] GC(4768) Pause Young (Allocation Failure) 1901M->136M(1830M) 1.391ms
[342.491s][info][safepoint] Safepoint "ParallelGCFailedAllocation", Time since last: 179692100 ns, Reaching safepoint: 208200 ns, At safepoint: 1474700 ns, Total: 1682900 ns
[342.664s][info][gc       ] GC(4769) Pause Young (Allocation Failure) 1814M->136M(1752M) 1.338ms
[342.664s][info][safepoint] Safepoint "ParallelGCFailedAllocation", Time since last: 170916100 ns, Reaching safepoint: 274000 ns, At safepoint: 1433800 ns, Total: 1707800 ns
[342.829s][info][gc       ] GC(4770) Pause Young (Allocation Failure) 1738M->136M(1678M) 0.717ms
[342.829s][info][safepoint] Safepoint "ParallelGCFailedAllocation", Time since last: 164239500 ns, Reaching safepoint: 194800 ns, At safepoint: 798600 ns, Total: 993400 ns
[342.989s][info][gc       ] GC(4771) Pause Young (Allocation Failure) 1661M->140M(1611M) 1.050ms
[342.989s][info][safepoint] Safepoint "ParallelGCFailedAllocation", Time since last: 158808600 ns, Reaching safepoint: 229900 ns, At safepoint: 1138300 ns, Total: 1368200 ns
[343.140s][info][gc       ] GC(4772) Pause Young (Allocation Failure) 1598M->140M(1545M) 1.166ms
[343.140s][info][safepoint] Safepoint "ParallelGCFailedAllocation", Time since last: 148939000 ns, Reaching safepoint: 205500 ns, At safepoint: 1331500 ns, Total: 1537000 ns
[343.283s][info][gc       ] GC(4773) Pause Young (Allocation Failure) 1531M->140M(1478M) 0.836ms
[343.287s][info][gc       ] GC(4774) Pause Full (Ergonomics) 140M->6M(1413M) 3.754ms
[343.287s][info][safepoint] Safepoint "ParallelGCFailedAllocation", Time since last: 142160700 ns, Reaching safepoint: 190500 ns, At safepoint: 4750000 ns, Total: 4940500 ns
[343.418s][info][gc       ] GC(4775) Pause Young (Allocation Failure) 1268M->19M(1362M) 1.428ms
[343.418s][info][safepoint] Safepoint "ParallelGCFailedAllocation", Time since last: 129471300 ns, Reaching safepoint: 160600 ns, At safepoint: 1557000 ns, Total: 1717600 ns
[343.543s][info][gc       ] GC(4776) Pause Young (Allocation Failure) 1228M->19M(1308M) 0.908ms
[343.543s][info][safepoint] Safepoint "ParallelGCFailedAllocation", Time since last: 123462600 ns, Reaching safepoint: 183700 ns, At safepoint: 1022000 ns, Total: 1205700 ns
[343.661s][info][gc       ] GC(4777) Pause Young (Allocation Failure) 1175M->16M(1252M) 0.702ms
[343.661s][info][safepoint] Safepoint "ParallelGCFailedAllocation", Time since last: 117325100 ns, Reaching safepoint: 251800 ns, At safepoint: 868400 ns, Total: 1120200 ns
[343.775s][info][gc       ] GC(4778) Pause Young (Allocation Failure) 1118M->19M(1207M) 1.068ms
[343.775s][info][safepoint] Safepoint "ParallelGCFailedAllocation", Time since last: 112426200 ns, Reaching safepoint: 192900 ns, At safepoint: 1140400 ns, Total: 1333300 ns
[343.885s][info][gc       ] GC(4779) Pause Young (Allocation Failure) 1074M->16M(1156M) 0.849ms
[343.885s][info][safepoint] Safepoint "ParallelGCFailedAllocation", Time since last: 108713100 ns, Reaching safepoint: 172900 ns, At safepoint: 932700 ns, Total: 1105600 ns
[343.990s][info][gc       ] GC(4780) Pause Young (Allocation Failure) 1018M->19M(1115M) 0.839ms
[343.990s][info][safepoint] Safepoint "ParallelGCFailedAllocation", Time since last: 103535000 ns, Reaching safepoint: 221000 ns, At safepoint: 959900 ns, Total: 1180900 ns
[344.089s][info][gc       ] GC(4781) Pause Young (Allocation Failure) 981M->19M(1073M) 0.782ms
[344.089s][info][safepoint] Safepoint "ParallelGCFailedAllocation", Time since last: 97892600 ns, Reaching safepoint: 226200 ns, At safepoint: 869400 ns, Total: 1095600 ns
[344.183s][info][gc       ] GC(4782) Pause Young (Allocation Failure) 937M->16M(1029M) 0.738ms
[344.183s][info][safepoint] Safepoint "ParallelGCFailedAllocation", Time since last: 93590900 ns, Reaching safepoint: 143400 ns, At safepoint: 818900 ns, Total: 962300 ns
[344.274s][info][gc       ] GC(4783) Pause Young (Allocation Failure) 894M->19M(995M) 1.051ms
[344.274s][info][safepoint] Safepoint "ParallelGCFailedAllocation", Time since last: 89734700 ns, Reaching safepoint: 205000 ns, At safepoint: 1186500 ns, Total: 1391500 ns
[344.362s][info][gc       ] GC(4784) Pause Young (Allocation Failure) 861M->19M(958M) 1.123ms
[344.362s][info][safepoint] Safepoint "ParallelGCFailedAllocation", Time since last: 86004700 ns, Reaching safepoint: 194500 ns, At safepoint: 1262600 ns, Total: 1457100 ns
[344.446s][info][gc       ] GC(4785) Pause Young (Allocation Failure) 824M->19M(917M) 1.153ms
[344.446s][info][safepoint] Safepoint "ParallelGCFailedAllocation", Time since last: 82529800 ns, Reaching safepoint: 212300 ns, At safepoint: 1268400 ns, Total: 1480700 ns
[344.526s][info][gc       ] GC(4786) Pause Young (Allocation Failure) 790M->26M(894M) 0.663ms
[344.526s][info][safepoint] Safepoint "ParallelGCFailedAllocation", Time since last: 78968300 ns, Reaching safepoint: 221600 ns, At safepoint: 747200 ns, Total: 968800 ns
[344.602s][info][gc       ] GC(4787) Pause Young (Allocation Failure) 764M->26M(860M) 0.787ms
[344.602s][info][safepoint] Safepoint "ParallelGCFailedAllocation", Time since last: 75150300 ns, Reaching safepoint: 201100 ns, At safepoint: 911700 ns, Total: 1112800 ns
[344.675s][info][gc       ] GC(4788) Pause Young (Allocation Failure) 733M->23M(827M) 0.880ms
[344.676s][info][safepoint] Safepoint "ParallelGCFailedAllocation", Time since last: 72330700 ns, Reaching safepoint: 195900 ns, At safepoint: 1009000 ns, Total: 1204900 ns
[344.745s][info][gc       ] GC(4789) Pause Young (Allocation Failure) 697M->26M(802M) 0.754ms
[344.745s][info][safepoint] Safepoint "ParallelGCFailedAllocation", Time since last: 68897000 ns, Reaching safepoint: 157900 ns, At safepoint: 870000 ns, Total: 1027900 ns
[344.813s][info][gc       ] GC(4790) Pause Young (Allocation Failure) 673M->26M(775M) 1.363ms
[344.813s][info][safepoint] Safepoint "ParallelGCFailedAllocation", Time since last: 65978400 ns, Reaching safepoint: 141800 ns, At safepoint: 1539000 ns, Total: 1680800 ns
[344.877s][info][gc       ] GC(4791) Pause Young (Allocation Failure) 647M->26M(749M) 0.587ms
[344.878s][info][safepoint] Safepoint "ParallelGCFailedAllocation", Time since last: 63521800 ns, Reaching safepoint: 220600 ns, At safepoint: 675100 ns, Total: 895700 ns
[344.940s][info][gc       ] GC(4792) Pause Young (Allocation Failure) 620M->26M(725M) 1.179ms
[344.940s][info][safepoint] Safepoint "ParallelGCFailedAllocation", Time since last: 61025100 ns, Reaching safepoint: 133800 ns, At safepoint: 1297500 ns, Total: 1431300 ns
[345.001s][info][gc       ] GC(4793) Pause Young (Allocation Failure) 593M->26M(702M) 0.701ms
[345.001s][info][safepoint] Safepoint "ParallelGCFailedAllocation", Time since last: 60059800 ns, Reaching safepoint: 218800 ns, At safepoint: 791700 ns, Total: 1010500 ns
[345.058s][info][gc       ] GC(4794) Pause Young (Allocation Failure) 573M->26M(811M) 1.133ms
[345.058s][info][safepoint] Safepoint "ParallelGCFailedAllocation", Time since last: 55647700 ns, Reaching safepoint: 198800 ns, At safepoint: 1267300 ns, Total: 1466100 ns
[345.126s][info][gc       ] GC(4795) Pause Young (Allocation Failure) 680M->26M(942M) 0.774ms
[345.126s][info][safepoint] Safepoint "ParallelGCFailedAllocation", Time since last: 66738500 ns, Reaching safepoint: 129500 ns, At safepoint: 901000 ns, Total: 1030500 ns
[345.208s][info][gc       ] GC(4796) Pause Young (Allocation Failure) 815M->23M(905M) 0.841ms
[345.208s][info][safepoint] Safepoint "ParallelGCFailedAllocation", Time since last: 80682100 ns, Reaching safepoint: 201800 ns, At safepoint: 957100 ns, Total: 1158900 ns
[345.286s][info][gc       ] GC(4797) Pause Young (Allocation Failure) 778M->26M(877M) 0.696ms
[345.286s][info][safepoint] Safepoint "ParallelGCFailedAllocation", Time since last: 77427000 ns, Reaching safepoint: 135700 ns, At safepoint: 779500 ns, Total: 915200 ns
[345.367s][info][gc       ] GC(4798) Pause Young (Allocation Failure) 751M->26M(846M) 1.005ms
[345.367s][info][safepoint] Safepoint "ParallelGCFailedAllocation", Time since last: 79997400 ns, Reaching safepoint: 191100 ns, At safepoint: 1121000 ns, Total: 1312100 ns
[345.441s][info][gc       ] GC(4799) Pause Young (Allocation Failure) 717M->26M(978M) 1.401ms
[345.441s][info][safepoint] Safepoint "ParallelGCFailedAllocation", Time since last: 71606400 ns, Reaching safepoint: 240600 ns, At safepoint: 1614400 ns, Total: 1855000 ns
[345.526s][info][gc       ] GC(4800) Pause Young (Allocation Failure) 856M->33M(952M) 0.557ms
[345.526s][info][safepoint] Safepoint "ParallelGCFailedAllocation", Time since last: 84585400 ns, Reaching safepoint: 217300 ns, At safepoint: 631700 ns, Total: 849000 ns
[345.608s][info][gc       ] GC(4801) Pause Young (Allocation Failure) 825M->33M(914M) 0.806ms
[345.608s][info][safepoint] Safepoint "ParallelGCFailedAllocation", Time since last: 80776000 ns, Reaching safepoint: 200000 ns, At safepoint: 885800 ns, Total: 1085800 ns
[345.687s][info][gc       ] GC(4802) Pause Young (Allocation Failure) 795M->29M(878M) 0.961ms
[345.687s][info][safepoint] Safepoint "ParallelGCFailedAllocation", Time since last: 77513700 ns, Reaching safepoint: 200700 ns, At safepoint: 1056500 ns, Total: 1257200 ns
[345.762s][info][gc       ] GC(4803) Pause Young (Allocation Failure) 758M->33M(851M) 0.914ms
[345.762s][info][safepoint] Safepoint "ParallelGCFailedAllocation", Time since last: 74248800 ns, Reaching safepoint: 215600 ns, At safepoint: 1054900 ns, Total: 1270500 ns
[345.835s][info][gc       ] GC(4804) Pause Young (Allocation Failure) 731M->33M(821M) 0.924ms
[345.835s][info][safepoint] Safepoint "ParallelGCFailedAllocation", Time since last: 71439500 ns, Reaching safepoint: 150800 ns, At safepoint: 1039800 ns, Total: 1190600 ns
[345.904s][info][gc       ] GC(4805) Pause Young (Allocation Failure) 702M->33M(793M) 0.741ms
[345.904s][info][safepoint] Safepoint "ParallelGCFailedAllocation", Time since last: 67590900 ns, Reaching safepoint: 227100 ns, At safepoint: 836200 ns, Total: 1063300 ns
[345.970s][info][gc       ] GC(4806) Pause Young (Allocation Failure) 668M->33M(767M) 0.850ms
[345.970s][info][safepoint] Safepoint "ParallelGCFailedAllocation", Time since last: 65022600 ns, Reaching safepoint: 211500 ns, At safepoint: 1044300 ns, Total: 1255800 ns
[346.034s][info][gc       ] GC(4807) Pause Young (Allocation Failure) 647M->33M(742M) 0.917ms
[346.034s][info][safepoint] Safepoint "ParallelGCFailedAllocation", Time since last: 63136200 ns, Reaching safepoint: 201400 ns, At safepoint: 998800 ns, Total: 1200200 ns
[346.096s][info][gc       ] GC(4808) Pause Young (Allocation Failure) 621M->33M(718M) 0.912ms
[346.096s][info][safepoint] Safepoint "ParallelGCFailedAllocation", Time since last: 60006300 ns, Reaching safepoint: 212000 ns, At safepoint: 1041800 ns, Total: 1253800 ns
[346.154s][info][gc       ] GC(4809) Pause Young (Allocation Failure) 597M->29M(827M) 0.944ms
[346.155s][info][safepoint] Safepoint "ParallelGCFailedAllocation", Time since last: 57737500 ns, Reaching safepoint: 125300 ns, At safepoint: 1057100 ns, Total: 1182400 ns
[346.225s][info][gc       ] GC(4810) Pause Young (Allocation Failure) 705M->33M(802M) 0.801ms
[346.225s][info][safepoint] Safepoint "ParallelGCFailedAllocation", Time since last: 69465300 ns, Reaching safepoint: 234900 ns, At safepoint: 914500 ns, Total: 1149400 ns
[346.292s][info][gc       ] GC(4811) Pause Young (Allocation Failure) 681M->33M(775M) 0.735ms
[346.292s][info][safepoint] Safepoint "ParallelGCFailedAllocation", Time since last: 66322500 ns, Reaching safepoint: 208800 ns, At safepoint: 820600 ns, Total: 1029400 ns
[346.357s][info][gc       ] GC(4812) Pause Young (Allocation Failure) 654M->33M(899M) 1.219ms
[346.357s][info][safepoint] Safepoint "ParallelGCFailedAllocation", Time since last: 63146100 ns, Reaching safepoint: 197100 ns, At safepoint: 1312000 ns, Total: 1509100 ns
[346.435s][info][gc       ] GC(4813) Pause Young (Allocation Failure) 779M->33M(1041M) 1.186ms
[346.435s][info][safepoint] Safepoint "ParallelGCFailedAllocation", Time since last: 76159700 ns, Reaching safepoint: 218200 ns, At safepoint: 1284600 ns, Total: 1502800 ns
[346.528s][info][gc       ] GC(4814) Pause Young (Allocation Failure) 924M->39M(1012M) 0.671ms
[346.528s][info][safepoint] Safepoint "ParallelGCFailedAllocation", Time since last: 92117200 ns, Reaching safepoint: 204700 ns, At safepoint: 754900 ns, Total: 959600 ns
[346.616s][info][gc       ] GC(4815) Pause Young (Allocation Failure) 893M->36M(968M) 1.170ms
[346.616s][info][safepoint] Safepoint "ParallelGCFailedAllocation", Time since last: 86958000 ns, Reaching safepoint: 156300 ns, At safepoint: 1365900 ns, Total: 1522200 ns
[346.701s][info][gc       ] GC(4816) Pause Young (Allocation Failure) 853M->39M(937M) 1.055ms
[346.701s][info][safepoint] Safepoint "ParallelGCFailedAllocation", Time since last: 83431000 ns, Reaching safepoint: 207800 ns, At safepoint: 1141300 ns, Total: 1349100 ns
[346.782s][info][gc       ] GC(4817) Pause Young (Allocation Failure) 823M->36M(900M) 0.926ms
[346.782s][info][safepoint] Safepoint "ParallelGCFailedAllocation", Time since last: 80005200 ns, Reaching safepoint: 217200 ns, At safepoint: 1016100 ns, Total: 1233300 ns
[346.863s][info][gc       ] GC(4818) Pause Young (Allocation Failure) 786M->39M(871M) 1.312ms
[346.863s][info][safepoint] Safepoint "ParallelGCFailedAllocation", Time since last: 79041700 ns, Reaching safepoint: 142700 ns, At safepoint: 1469800 ns, Total: 1612500 ns
[346.938s][info][gc       ] GC(4819) Pause Young (Allocation Failure) 756M->36M(837M) 0.926ms
[346.938s][info][safepoint] Safepoint "ParallelGCFailedAllocation", Time since last: 74269800 ns, Reaching safepoint: 147100 ns, At safepoint: 1033700 ns, Total: 1180800 ns
[347.011s][info][gc       ] GC(4820) Pause Young (Allocation Failure) 722M->36M(808M) 0.741ms
[347.011s][info][safepoint] Safepoint "ParallelGCFailedAllocation", Time since last: 71080300 ns, Reaching safepoint: 254700 ns, At safepoint: 820100 ns, Total: 1074800 ns
[347.079s][info][gc       ] GC(4821) Pause Young (Allocation Failure) 695M->39M(943M) 1.102ms
[347.080s][info][safepoint] Safepoint "ParallelGCFailedAllocation", Time since last: 67389700 ns, Reaching safepoint: 237300 ns, At safepoint: 1232500 ns, Total: 1469800 ns
[347.163s][info][gc       ] GC(4822) Pause Young (Allocation Failure) 827M->39M(909M) 0.973ms
[347.163s][info][safepoint] Safepoint "ParallelGCFailedAllocation", Time since last: 82140900 ns, Reaching safepoint: 209400 ns, At safepoint: 1140700 ns, Total: 1350100 ns
[347.242s][info][gc       ] GC(4823) Pause Young (Allocation Failure) 793M->39M(873M) 0.766ms
[347.242s][info][safepoint] Safepoint "ParallelGCFailedAllocation", Time since last: 77923000 ns, Reaching safepoint: 181400 ns, At safepoint: 855100 ns, Total: 1036500 ns
[347.317s][info][gc       ] GC(4824) Pause Young (Allocation Failure) 763M->39M(843M) 0.712ms
[347.317s][info][safepoint] Safepoint "ParallelGCFailedAllocation", Time since last: 74195800 ns, Reaching safepoint: 196000 ns, At safepoint: 798300 ns, Total: 994300 ns
[347.389s][info][gc       ] GC(4825) Pause Young (Allocation Failure) 729M->43M(817M) 0.899ms
[347.389s][info][safepoint] Safepoint "ParallelGCFailedAllocation", Time since last: 70866500 ns, Reaching safepoint: 217000 ns, At safepoint: 1166200 ns, Total: 1383200 ns
[347.459s][info][gc       ] GC(4826) Pause Young (Allocation Failure) 708M->43M(790M) 0.898ms
[347.459s][info][safepoint] Safepoint "ParallelGCFailedAllocation", Time since last: 68587200 ns, Reaching safepoint: 199700 ns, At safepoint: 980700 ns, Total: 1180400 ns
[347.525s][info][gc       ] GC(4827) Pause Young (Allocation Failure) 679M->43M(760M) 0.720ms
[347.525s][info][safepoint] Safepoint "ParallelGCFailedAllocation", Time since last: 65054300 ns, Reaching safepoint: 214100 ns, At safepoint: 856600 ns, Total: 1070700 ns
[347.589s][info][gc       ] GC(4828) Pause Young (Allocation Failure) 652M->46M(738M) 0.913ms
[347.589s][info][safepoint] Safepoint "ParallelGCFailedAllocation", Time since last: 62717100 ns, Reaching safepoint: 205500 ns, At safepoint: 1131900 ns, Total: 1337400 ns
[347.650s][info][gc       ] GC(4829) Pause Young (Allocation Failure) 628M->46M(714M) 0.818ms
[347.650s][info][safepoint] Safepoint "ParallelGCFailedAllocation", Time since last: 59827900 ns, Reaching safepoint: 211100 ns, At safepoint: 926200 ns, Total: 1137300 ns
[347.709s][info][gc       ] GC(4830) Pause Young (Allocation Failure) 608M->46M(826M) 1.124ms
[347.709s][info][safepoint] Safepoint "ParallelGCFailedAllocation", Time since last: 57521900 ns, Reaching safepoint: 222800 ns, At safepoint: 1233700 ns, Total: 1456500 ns
[347.780s][info][gc       ] GC(4831) Pause Young (Allocation Failure) 719M->46M(954M) 1.227ms
[347.780s][info][safepoint] Safepoint "ParallelGCFailedAllocation", Time since last: 69370900 ns, Reaching safepoint: 204500 ns, At safepoint: 1389700 ns, Total: 1594200 ns
[347.864s][info][gc       ] GC(4832) Pause Young (Allocation Failure) 854M->52M(1121M) 0.933ms
[347.864s][info][safepoint] Safepoint "ParallelGCFailedAllocation", Time since last: 82116700 ns, Reaching safepoint: 193500 ns, At safepoint: 1028200 ns, Total: 1221700 ns
[347.965s][info][gc       ] GC(4833) Pause Young (Allocation Failure) 1019M->52M(1314M) 1.170ms
[347.965s][info][safepoint] Safepoint "ParallelGCFailedAllocation", Time since last: 100250600 ns, Reaching safepoint: 197800 ns, At safepoint: 1267500 ns, Total: 1465300 ns
[348.087s][info][gc       ] GC(4834) Pause Young (Allocation Failure) 1214M->52M(1262M) 0.796ms
[348.087s][info][safepoint] Safepoint "ParallelGCFailedAllocation", Time since last: 120850200 ns, Reaching safepoint: 147400 ns, At safepoint: 893900 ns, Total: 1041300 ns
[348.201s][info][gc       ] GC(4835) Pause Young (Allocation Failure) 1161M->49M(1209M) 1.082ms
[348.201s][info][safepoint] Safepoint "ParallelGCFailedAllocation", Time since last: 112926400 ns, Reaching safepoint: 152600 ns, At safepoint: 1197500 ns, Total: 1350100 ns
[348.311s][info][gc       ] GC(4836) Pause Young (Allocation Failure) 1107M->49M(1162M) 0.781ms
[348.311s][info][safepoint] Safepoint "ParallelGCFailedAllocation", Time since last: 108385600 ns, Reaching safepoint: 228800 ns, At safepoint: 865700 ns, Total: 1094500 ns
[348.415s][info][gc       ] GC(4837) Pause Young (Allocation Failure) 1057M->52M(1121M) 0.799ms
[348.415s][info][safepoint] Safepoint "ParallelGCFailedAllocation", Time since last: 103210600 ns, Reaching safepoint: 205200 ns, At safepoint: 913200 ns, Total: 1118400 ns
[348.516s][info][gc       ] GC(4838) Pause Young (Allocation Failure) 1020M->52M(1078M) 1.295ms
[348.516s][info][safepoint] Safepoint "ParallelGCFailedAllocation", Time since last: 99033000 ns, Reaching safepoint: 132900 ns, At safepoint: 1426100 ns, Total: 1559000 ns
[348.611s][info][gc       ] GC(4839) Pause Young (Allocation Failure) 976M->49M(1034M) 0.762ms
[348.611s][info][safepoint] Safepoint "ParallelGCFailedAllocation", Time since last: 94341100 ns, Reaching safepoint: 217900 ns, At safepoint: 856000 ns, Total: 1073900 ns
[348.703s][info][gc       ] GC(4840) Pause Young (Allocation Failure) 933M->52M(999M) 1.073ms
[348.703s][info][safepoint] Safepoint "ParallelGCFailedAllocation", Time since last: 90531000 ns, Reaching safepoint: 208300 ns, At safepoint: 1163700 ns, Total: 1372000 ns
[348.791s][info][gc       ] GC(4841) Pause Young (Allocation Failure) 899M->52M(963M) 1.411ms
[348.791s][info][safepoint] Safepoint "ParallelGCFailedAllocation", Time since last: 86463600 ns, Reaching safepoint: 221000 ns, At safepoint: 1566900 ns, Total: 1787900 ns
[348.876s][info][gc       ] GC(4842) Pause Young (Allocation Failure) 862M->52M(928M) 1.650ms
[348.876s][info][safepoint] Safepoint "ParallelGCFailedAllocation", Time since last: 82430200 ns, Reaching safepoint: 120100 ns, At safepoint: 1778200 ns, Total: 1898300 ns
[348.957s][info][gc       ] GC(4843) Pause Young (Allocation Failure) 828M->52M(895M) 0.918ms
[348.957s][info][safepoint] Safepoint "ParallelGCFailedAllocation", Time since last: 79895900 ns, Reaching safepoint: 136800 ns, At safepoint: 1068700 ns, Total: 1205500 ns
[349.034s][info][gc       ] GC(4844) Pause Young (Allocation Failure) 795M->52M(863M) 0.766ms
[349.034s][info][safepoint] Safepoint "ParallelGCFailedAllocation", Time since last: 76296000 ns, Reaching safepoint: 204200 ns, At safepoint: 856600 ns, Total: 1060800 ns
[349.108s][info][gc       ] GC(4845) Pause Young (Allocation Failure) 761M->52M(833M) 0.986ms
[349.108s][info][safepoint] Safepoint "ParallelGCFailedAllocation", Time since last: 72152700 ns, Reaching safepoint: 202400 ns, At safepoint: 1071600 ns, Total: 1274000 ns
[349.178s][info][gc       ] GC(4846) Pause Young (Allocation Failure) 731M->49M(801M) 0.812ms
[349.178s][info][safepoint] Safepoint "ParallelGCFailedAllocation", Time since last: 69699500 ns, Reaching safepoint: 204300 ns, At safepoint: 920600 ns, Total: 1124900 ns
[349.247s][info][gc       ] GC(4847) Pause Young (Allocation Failure) 701M->49M(774M) 0.831ms
[349.247s][info][safepoint] Safepoint "ParallelGCFailedAllocation", Time since last: 67175200 ns, Reaching safepoint: 201900 ns, At safepoint: 927400 ns, Total: 1129300 ns
[349.312s][info][gc       ] GC(4848) Pause Young (Allocation Failure) 674M->49M(749M) 0.924ms
[349.312s][info][safepoint] Safepoint "ParallelGCFailedAllocation", Time since last: 63906300 ns, Reaching safepoint: 135800 ns, At safepoint: 1065300 ns, Total: 1201100 ns
[349.374s][info][gc       ] GC(4849) Pause Young (Allocation Failure) 647M->49M(724M) 0.809ms
[349.374s][info][safepoint] Safepoint "ParallelGCFailedAllocation", Time since last: 60967400 ns, Reaching safepoint: 138400 ns, At safepoint: 995600 ns, Total: 1134000 ns
[349.434s][info][gc       ] GC(4850) Pause Young (Allocation Failure) 623M->52M(704M) 1.043ms
[349.434s][info][safepoint] Safepoint "ParallelGCFailedAllocation", Time since last: 58488800 ns, Reaching safepoint: 126600 ns, At safepoint: 1150500 ns, Total: 1277100 ns
[349.491s][info][gc       ] GC(4851) Pause Young (Allocation Failure) 603M->52M(814M) 1.297ms
[349.491s][info][safepoint] Safepoint "ParallelGCFailedAllocation", Time since last: 56138800 ns, Reaching safepoint: 125400 ns, At safepoint: 1402000 ns, Total: 1527400 ns
[349.560s][info][gc       ] GC(4852) Pause Young (Allocation Failure) 711M->52M(946M) 0.827ms
[349.560s][info][safepoint] Safepoint "ParallelGCFailedAllocation", Time since last: 67468000 ns, Reaching safepoint: 200200 ns, At safepoint: 929400 ns, Total: 1129600 ns
[349.642s][info][gc       ] GC(4853) Pause Young (Allocation Failure) 846M->49M(908M) 0.669ms
[349.642s][info][safepoint] Safepoint "ParallelGCFailedAllocation", Time since last: 80745200 ns, Reaching safepoint: 216100 ns, At safepoint: 754600 ns, Total: 970700 ns
[349.721s][info][gc       ] GC(4854) Pause Young (Allocation Failure) 809M->52M(879M) 0.779ms
[349.721s][info][safepoint] Safepoint "ParallelGCFailedAllocation", Time since last: 78007200 ns, Reaching safepoint: 200700 ns, At safepoint: 893600 ns, Total: 1094300 ns
[349.796s][info][gc       ] GC(4855) Pause Young (Allocation Failure) 779M->49M(845M) 1.182ms
[349.796s][info][safepoint] Safepoint "ParallelGCFailedAllocation", Time since last: 73757900 ns, Reaching safepoint: 164900 ns, At safepoint: 1362600 ns, Total: 1527500 ns
[349.868s][info][gc       ] GC(4856) Pause Young (Allocation Failure) 742M->52M(820M) 1.029ms
[349.868s][info][safepoint] Safepoint "ParallelGCFailedAllocation", Time since last: 70858600 ns, Reaching safepoint: 128800 ns, At safepoint: 1150100 ns, Total: 1278900 ns
[349.937s][info][gc       ] GC(4857) Pause Young (Allocation Failure) 720M->52M(792M) 0.713ms
[349.937s][info][safepoint] Safepoint "ParallelGCFailedAllocation", Time since last: 67461400 ns, Reaching safepoint: 147900 ns, At safepoint: 809900 ns, Total: 957800 ns
[350.003s][info][gc       ] GC(4858) Pause Young (Allocation Failure) 691M->52M(765M) 0.951ms
[350.003s][info][safepoint] Safepoint "ParallelGCFailedAllocation", Time since last: 65343800 ns, Reaching safepoint: 225000 ns, At safepoint: 1056100 ns, Total: 1281100 ns
[350.067s][info][gc       ] GC(4859) Pause Young (Allocation Failure) 664M->52M(737M) 0.751ms
[350.067s][info][safepoint] Safepoint "ParallelGCFailedAllocation", Time since last: 62400400 ns, Reaching safepoint: 209700 ns, At safepoint: 862700 ns, Total: 1072400 ns
[350.128s][info][gc       ] GC(4860) Pause Young (Allocation Failure) 637M->56M(716M) 0.788ms
[350.128s][info][safepoint] Safepoint "ParallelGCFailedAllocation", Time since last: 59887000 ns, Reaching safepoint: 204000 ns, At safepoint: 892300 ns, Total: 1096300 ns
[350.187s][info][gc       ] GC(4861) Pause Young (Allocation Failure) 620M->56M(829M) 1.118ms
[350.187s][info][safepoint] Safepoint "ParallelGCFailedAllocation", Time since last: 57778200 ns, Reaching safepoint: 238600 ns, At safepoint: 1201000 ns, Total: 1439600 ns
[350.258s][info][gc       ] GC(4862) Pause Young (Allocation Failure) 732M->56M(963M) 1.226ms
[350.258s][info][safepoint] Safepoint "ParallelGCFailedAllocation", Time since last: 69378800 ns, Reaching safepoint: 208800 ns, At safepoint: 1327900 ns, Total: 1536700 ns
[350.342s][info][gc       ] GC(4863) Pause Young (Allocation Failure) 867M->56M(1118M) 1.210ms
[350.342s][info][safepoint] Safepoint "ParallelGCFailedAllocation", Time since last: 82866300 ns, Reaching safepoint: 226700 ns, At safepoint: 1309500 ns, Total: 1536200 ns
[350.443s][info][gc       ] GC(4864) Pause Young (Allocation Failure) 1026M->62M(1322M) 0.931ms
[350.443s][info][safepoint] Safepoint "ParallelGCFailedAllocation", Time since last: 99032900 ns, Reaching safepoint: 208100 ns, At safepoint: 1013300 ns, Total: 1221400 ns
[350.562s][info][gc       ] GC(4865) Pause Young (Allocation Failure) 1229M->62M(1266M) 0.845ms
[350.563s][info][safepoint] Safepoint "ParallelGCFailedAllocation", Time since last: 118868500 ns, Reaching safepoint: 192100 ns, At safepoint: 927800 ns, Total: 1119900 ns
[350.676s][info][gc       ] GC(4866) Pause Young (Allocation Failure) 1175M->59M(1213M) 0.822ms
[350.677s][info][safepoint] Safepoint "ParallelGCFailedAllocation", Time since last: 112870700 ns, Reaching safepoint: 211900 ns, At safepoint: 937800 ns, Total: 1149700 ns
[350.786s][info][gc       ] GC(4867) Pause Young (Allocation Failure) 1121M->59M(1166M) 0.841ms
[350.787s][info][safepoint] Safepoint "ParallelGCFailedAllocation", Time since last: 108860700 ns, Reaching safepoint: 144100 ns, At safepoint: 969000 ns, Total: 1113100 ns
[350.893s][info][gc       ] GC(4868) Pause Young (Allocation Failure) 1071M->62M(1124M) 1.430ms
[350.893s][info][safepoint] Safepoint "ParallelGCFailedAllocation", Time since last: 104377000 ns, Reaching safepoint: 187100 ns, At safepoint: 1508800 ns, Total: 1695900 ns
[350.994s][info][gc       ] GC(4869) Pause Young (Allocation Failure) 1034M->62M(1082M) 0.823ms
[350.994s][info][safepoint] Safepoint "ParallelGCFailedAllocation", Time since last: 100278300 ns, Reaching safepoint: 194600 ns, At safepoint: 923100 ns, Total: 1117700 ns
[351.092s][info][gc       ] GC(4870) Pause Young (Allocation Failure) 990M->59M(1038M) 1.174ms
[351.092s][info][safepoint] Safepoint "ParallelGCFailedAllocation", Time since last: 96434300 ns, Reaching safepoint: 139700 ns, At safepoint: 1319500 ns, Total: 1459200 ns
[351.184s][info][gc       ] GC(4871) Pause Young (Allocation Failure) 946M->62M(1003M) 1.063ms
[351.184s][info][safepoint] Safepoint "ParallelGCFailedAllocation", Time since last: 90468000 ns, Reaching safepoint: 203900 ns, At safepoint: 1163400 ns, Total: 1367300 ns
[351.272s][info][gc       ] GC(4872) Pause Young (Allocation Failure) 912M->62M(966M) 1.195ms
[351.272s][info][safepoint] Safepoint "ParallelGCFailedAllocation", Time since last: 86875300 ns, Reaching safepoint: 198500 ns, At safepoint: 1304100 ns, Total: 1502600 ns
[351.357s][info][gc       ] GC(4873) Pause Young (Allocation Failure) 875M->62M(931M) 1.085ms
[351.357s][info][safepoint] Safepoint "ParallelGCFailedAllocation", Time since last: 83457200 ns, Reaching safepoint: 221100 ns, At safepoint: 1187500 ns, Total: 1408600 ns
[351.437s][info][gc       ] GC(4874) Pause Young (Allocation Failure) 841M->62M(898M) 0.811ms
[351.437s][info][safepoint] Safepoint "ParallelGCFailedAllocation", Time since last: 79096400 ns, Reaching safepoint: 206800 ns, At safepoint: 921300 ns, Total: 1128100 ns
[351.514s][info][gc       ] GC(4875) Pause Young (Allocation Failure) 807M->62M(867M) 0.676ms
[351.514s][info][safepoint] Safepoint "ParallelGCFailedAllocation", Time since last: 76026200 ns, Reaching safepoint: 161700 ns, At safepoint: 786300 ns, Total: 948000 ns
[351.589s][info][gc       ] GC(4876) Pause Young (Allocation Failure) 777M->59M(833M) 0.893ms
[351.589s][info][safepoint] Safepoint "ParallelGCFailedAllocation", Time since last: 73258000 ns, Reaching safepoint: 153000 ns, At safepoint: 1006600 ns, Total: 1159600 ns
[351.659s][info][gc       ] GC(4877) Pause Young (Allocation Failure) 740M->62M(808M) 0.803ms
[351.660s][info][safepoint] Safepoint "ParallelGCFailedAllocation", Time since last: 69858900 ns, Reaching safepoint: 193200 ns, At safepoint: 900300 ns, Total: 1093500 ns
[351.727s][info][gc       ] GC(4878) Pause Young (Allocation Failure) 716M->62M(781M) 0.942ms
[351.727s][info][safepoint] Safepoint "ParallelGCFailedAllocation", Time since last: 66576700 ns, Reaching safepoint: 204700 ns, At safepoint: 1063200 ns, Total: 1267900 ns
[351.793s][info][gc       ] GC(4879) Pause Young (Allocation Failure) 689M->62M(752M) 0.820ms
[351.793s][info][safepoint] Safepoint "ParallelGCFailedAllocation", Time since last: 64192200 ns, Reaching safepoint: 229400 ns, At safepoint: 916600 ns, Total: 1146000 ns
[351.855s][info][gc       ] GC(4880) Pause Young (Allocation Failure) 662M->66M(731M) 1.041ms
[351.855s][info][safepoint] Safepoint "ParallelGCFailedAllocation", Time since last: 61458700 ns, Reaching safepoint: 138500 ns, At safepoint: 1149600 ns, Total: 1288100 ns
[351.916s][info][gc       ] GC(4881) Pause Young (Allocation Failure) 638M->66M(846M) 0.973ms
[351.916s][info][safepoint] Safepoint "ParallelGCFailedAllocation", Time since last: 59031700 ns, Reaching safepoint: 140700 ns, At safepoint: 1093100 ns, Total: 1233800 ns
[351.988s][info][gc       ] GC(4882) Pause Young (Allocation Failure) 757M->66M(817M) 0.928ms
[351.988s][info][safepoint] Safepoint "ParallelGCFailedAllocation", Time since last: 70810000 ns, Reaching safepoint: 217700 ns, At safepoint: 1053200 ns, Total: 1270900 ns
[352.056s][info][gc       ] GC(4883) Pause Young (Allocation Failure) 730M->62M(786M) 0.894ms
[352.057s][info][safepoint] Safepoint "ParallelGCFailedAllocation", Time since last: 67526200 ns, Reaching safepoint: 153900 ns, At safepoint: 1031300 ns, Total: 1185200 ns
[352.123s][info][gc       ] GC(4884) Pause Young (Allocation Failure) 700M->66M(917M) 1.370ms
[352.123s][info][safepoint] Safepoint "ParallelGCFailedAllocation", Time since last: 64994000 ns, Reaching safepoint: 154800 ns, At safepoint: 1529000 ns, Total: 1683800 ns
[352.202s][info][gc       ] GC(4885) Pause Young (Allocation Failure) 828M->62M(1066M) 0.891ms
[352.202s][info][safepoint] Safepoint "ParallelGCFailedAllocation", Time since last: 77316800 ns, Reaching safepoint: 199700 ns, At safepoint: 987300 ns, Total: 1187000 ns
[352.297s][info][gc       ] GC(4886) Pause Young (Allocation Failure) 978M->66M(1253M) 1.290ms
[352.297s][info][safepoint] Safepoint "ParallelGCFailedAllocation", Time since last: 93589200 ns, Reaching safepoint: 150300 ns, At safepoint: 1439400 ns, Total: 1589700 ns
[352.411s][info][gc       ] GC(4887) Pause Young (Allocation Failure) 1164M->66M(1204M) 0.756ms
[352.411s][info][safepoint] Safepoint "ParallelGCFailedAllocation", Time since last: 112701600 ns, Reaching safepoint: 217000 ns, At safepoint: 843900 ns, Total: 1060900 ns
[352.519s][info][gc       ] GC(4888) Pause Young (Allocation Failure) 1117M->66M(1157M) 0.922ms
[352.519s][info][safepoint] Safepoint "ParallelGCFailedAllocation", Time since last: 107475300 ns, Reaching safepoint: 204500 ns, At safepoint: 1027600 ns, Total: 1232100 ns
[352.623s][info][gc       ] GC(4889) Pause Young (Allocation Failure) 1071M->66M(1109M) 0.865ms
[352.623s][info][safepoint] Safepoint "ParallelGCFailedAllocation", Time since last: 102145700 ns, Reaching safepoint: 203600 ns, At safepoint: 983600 ns, Total: 1187200 ns
[352.721s][info][gc       ] GC(4890) Pause Young (Allocation Failure) 1026M->69M(1071M) 0.763ms
[352.721s][info][safepoint] Safepoint "ParallelGCFailedAllocation", Time since last: 97445800 ns, Reaching safepoint: 205900 ns, At safepoint: 864900 ns, Total: 1070800 ns
[352.816s][info][gc       ] GC(4891) Pause Young (Allocation Failure) 985M->66M(1027M) 1.188ms
[352.816s][info][safepoint] Safepoint "ParallelGCFailedAllocation", Time since last: 93572100 ns, Reaching safepoint: 161500 ns, At safepoint: 1367200 ns, Total: 1528700 ns
[352.909s][info][gc       ] GC(4892) Pause Young (Allocation Failure) 945M->66M(989M) 0.756ms
[352.909s][info][safepoint] Safepoint "ParallelGCFailedAllocation", Time since last: 91228900 ns, Reaching safepoint: 200100 ns, At safepoint: 855900 ns, Total: 1056000 ns
[352.997s][info][gc       ] GC(4893) Pause Young (Allocation Failure) 907M->69M(957M) 1.193ms
[352.997s][info][safepoint] Safepoint "ParallelGCFailedAllocation", Time since last: 87324300 ns, Reaching safepoint: 212500 ns, At safepoint: 1286900 ns, Total: 1499400 ns
[353.081s][info][gc       ] GC(4894) Pause Young (Allocation Failure) 873M->66M(919M) 0.983ms
[353.081s][info][safepoint] Safepoint "ParallelGCFailedAllocation", Time since last: 82372100 ns, Reaching safepoint: 211400 ns, At safepoint: 1094100 ns, Total: 1305500 ns
[353.161s][info][gc       ] GC(4895) Pause Young (Allocation Failure) 830M->69M(889M) 0.743ms
[353.161s][info][safepoint] Safepoint "ParallelGCFailedAllocation", Time since last: 78537400 ns, Reaching safepoint: 218900 ns, At safepoint: 827000 ns, Total: 1045900 ns
[353.237s][info][gc       ] GC(4896) Pause Young (Allocation Failure) 802M->69M(858M) 0.948ms
[353.237s][info][safepoint] Safepoint "ParallelGCFailedAllocation", Time since last: 74790500 ns, Reaching safepoint: 171500 ns, At safepoint: 1047300 ns, Total: 1218800 ns
[353.311s][info][gc       ] GC(4897) Pause Young (Allocation Failure) 775M->69M(825M) 0.802ms
[353.311s][info][safepoint] Safepoint "ParallelGCFailedAllocation", Time since last: 73400600 ns, Reaching safepoint: 209900 ns, At safepoint: 890100 ns, Total: 1100000 ns
[353.381s][info][gc       ] GC(4898) Pause Young (Allocation Failure) 746M->72M(801M) 0.843ms
[353.381s][info][safepoint] Safepoint "ParallelGCFailedAllocation", Time since last: 68299900 ns, Reaching safepoint: 197700 ns, At safepoint: 961500 ns, Total: 1159200 ns
[353.449s][info][gc       ] GC(4899) Pause Young (Allocation Failure) 721M->72M(774M) 1.098ms
[353.449s][info][safepoint] Safepoint "ParallelGCFailedAllocation", Time since last: 66788600 ns, Reaching safepoint: 207900 ns, At safepoint: 1198200 ns, Total: 1406100 ns
[353.514s][info][gc       ] GC(4900) Pause Young (Allocation Failure) 694M->72M(748M) 0.933ms
[353.515s][info][safepoint] Safepoint "ParallelGCFailedAllocation", Time since last: 64440500 ns, Reaching safepoint: 201900 ns, At safepoint: 1050200 ns, Total: 1252100 ns
[353.577s][info][gc       ] GC(4901) Pause Young (Allocation Failure) 667M->72M(861M) 1.226ms
[353.577s][info][safepoint] Safepoint "ParallelGCFailedAllocation", Time since last: 61049300 ns, Reaching safepoint: 214100 ns, At safepoint: 1325400 ns, Total: 1539500 ns
[353.651s][info][gc       ] GC(4902) Pause Young (Allocation Failure) 786M->79M(1013M) 0.653ms
[353.651s][info][safepoint] Safepoint "ParallelGCFailedAllocation", Time since last: 73146100 ns, Reaching safepoint: 203900 ns, At safepoint: 738100 ns, Total: 942000 ns
[353.740s][info][gc       ] GC(4903) Pause Young (Allocation Failure) 932M->79M(973M) 0.881ms
[353.740s][info][safepoint] Safepoint "ParallelGCFailedAllocation", Time since last: 87493100 ns, Reaching safepoint: 262400 ns, At safepoint: 967900 ns, Total: 1230300 ns
[353.825s][info][gc       ] GC(4904) Pause Young (Allocation Failure) 895M->79M(938M) 1.314ms
[353.825s][info][safepoint] Safepoint "ParallelGCFailedAllocation", Time since last: 83188700 ns, Reaching safepoint: 138200 ns, At safepoint: 1466200 ns, Total: 1604400 ns
[353.905s][info][gc       ] GC(4905) Pause Young (Allocation Failure) 864M->76M(901M) 0.698ms
[353.906s][info][safepoint] Safepoint "ParallelGCFailedAllocation", Time since last: 79831900 ns, Reaching safepoint: 194900 ns, At safepoint: 804500 ns, Total: 999400 ns
[353.985s][info][gc       ] GC(4906) Pause Young (Allocation Failure) 827M->79M(872M) 1.117ms
[353.985s][info][safepoint] Safepoint "ParallelGCFailedAllocation", Time since last: 78193900 ns, Reaching safepoint: 231900 ns, At safepoint: 1258000 ns, Total: 1489900 ns
[354.062s][info][gc       ] GC(4907) Pause Young (Allocation Failure) 796M->76M(838M) 0.980ms
[354.062s][info][safepoint] Safepoint "ParallelGCFailedAllocation", Time since last: 75051200 ns, Reaching safepoint: 202000 ns, At safepoint: 1095700 ns, Total: 1297700 ns
[354.133s][info][gc       ] GC(4908) Pause Young (Allocation Failure) 759M->79M(813M) 0.774ms
[354.133s][info][safepoint] Safepoint "ParallelGCFailedAllocation", Time since last: 70330500 ns, Reaching safepoint: 218400 ns, At safepoint: 857300 ns, Total: 1075700 ns
[354.204s][info][gc       ] GC(4909) Pause Young (Allocation Failure) 735M->79M(785M) 0.844ms
[354.204s][info][safepoint] Safepoint "ParallelGCFailedAllocation", Time since last: 69586300 ns, Reaching safepoint: 215800 ns, At safepoint: 946400 ns, Total: 1162200 ns
[354.270s][info][gc       ] GC(4910) Pause Young (Allocation Failure) 708M->79M(759M) 0.928ms
[354.270s][info][safepoint] Safepoint "ParallelGCFailedAllocation", Time since last: 64617200 ns, Reaching safepoint: 199000 ns, At safepoint: 1048100 ns, Total: 1247100 ns
[354.332s][info][gc       ] GC(4911) Pause Young (Allocation Failure) 681M->79M(734M) 0.599ms
[354.332s][info][safepoint] Safepoint "ParallelGCFailedAllocation", Time since last: 61799100 ns, Reaching safepoint: 200000 ns, At safepoint: 691800 ns, Total: 891800 ns
[354.393s][info][gc       ] GC(4912) Pause Young (Allocation Failure) 661M->79M(850M) 1.267ms
[354.393s][info][safepoint] Safepoint "ParallelGCFailedAllocation", Time since last: 59284700 ns, Reaching safepoint: 211900 ns, At safepoint: 1365700 ns, Total: 1577600 ns
[354.466s][info][gc       ] GC(4913) Pause Young (Allocation Failure) 776M->76M(818M) 0.745ms
[354.466s][info][safepoint] Safepoint "ParallelGCFailedAllocation", Time since last: 71804500 ns, Reaching safepoint: 211900 ns, At safepoint: 865600 ns, Total: 1077500 ns
[354.536s][info][gc       ] GC(4914) Pause Young (Allocation Failure) 742M->79M(954M) 1.019ms
[354.536s][info][safepoint] Safepoint "ParallelGCFailedAllocation", Time since last: 68185600 ns, Reaching safepoint: 202500 ns, At safepoint: 1112800 ns, Total: 1315300 ns
[354.618s][info][gc       ] GC(4915) Pause Young (Allocation Failure) 875M->79M(920M) 0.963ms
[354.618s][info][safepoint] Safepoint "ParallelGCFailedAllocation", Time since last: 81280800 ns, Reaching safepoint: 149300 ns, At safepoint: 1085700 ns, Total: 1235000 ns
[354.697s][info][gc       ] GC(4916) Pause Young (Allocation Failure) 841M->79M(887M) 1.114ms
[354.697s][info][safepoint] Safepoint "ParallelGCFailedAllocation", Time since last: 77727200 ns, Reaching safepoint: 219600 ns, At safepoint: 1238600 ns, Total: 1458200 ns
[354.773s][info][gc       ] GC(4917) Pause Young (Allocation Failure) 814M->79M(853M) 0.972ms
[354.773s][info][safepoint] Safepoint "ParallelGCFailedAllocation", Time since last: 74748600 ns, Reaching safepoint: 179300 ns, At safepoint: 1087800 ns, Total: 1267100 ns
[354.846s][info][gc       ] GC(4918) Pause Young (Allocation Failure) 783M->79M(823M) 0.956ms
[354.846s][info][safepoint] Safepoint "ParallelGCFailedAllocation", Time since last: 71724800 ns, Reaching safepoint: 141100 ns, At safepoint: 1109200 ns, Total: 1250300 ns
[354.917s][info][gc       ] GC(4919) Pause Young (Allocation Failure) 754M->79M(795M) 0.808ms
[354.917s][info][safepoint] Safepoint "ParallelGCFailedAllocation", Time since last: 69288300 ns, Reaching safepoint: 143100 ns, At safepoint: 1014700 ns, Total: 1157800 ns
[354.985s][info][gc       ] GC(4920) Pause Young (Allocation Failure) 726M->82M(772M) 0.897ms
[354.985s][info][safepoint] Safepoint "ParallelGCFailedAllocation", Time since last: 66982300 ns, Reaching safepoint: 160300 ns, At safepoint: 983400 ns, Total: 1143700 ns
[355.049s][info][gc       ] GC(4921) Pause Young (Allocation Failure) 698M->82M(747M) 0.835ms
[355.049s][info][safepoint] Safepoint "ParallelGCFailedAllocation", Time since last: 63434700 ns, Reaching safepoint: 163800 ns, At safepoint: 919000 ns, Total: 1082800 ns
[355.111s][info][gc       ] GC(4922) Pause Young (Allocation Failure) 671M->82M(723M) 0.977ms
[355.111s][info][safepoint] Safepoint "ParallelGCFailedAllocation", Time since last: 60251900 ns, Reaching safepoint: 203800 ns, At safepoint: 1096200 ns, Total: 1300000 ns
[355.171s][info][gc       ] GC(4923) Pause Young (Allocation Failure) 651M->82M(830M) 1.189ms
[355.171s][info][safepoint] Safepoint "ParallelGCFailedAllocation", Time since last: 58636000 ns, Reaching safepoint: 212800 ns, At safepoint: 1293800 ns, Total: 1506600 ns
[355.242s][info][gc       ] GC(4924) Pause Young (Allocation Failure) 767M->86M(976M) 0.576ms
[355.242s][info][safepoint] Safepoint "ParallelGCFailedAllocation", Time since last: 70219000 ns, Reaching safepoint: 201100 ns, At safepoint: 655200 ns, Total: 856300 ns
[355.327s][info][gc       ] GC(4925) Pause Young (Allocation Failure) 906M->89M(938M) 0.788ms
[355.327s][info][safepoint] Safepoint "ParallelGCFailedAllocation", Time since last: 84226300 ns, Reaching safepoint: 143100 ns, At safepoint: 944600 ns, Total: 1087700 ns
[355.409s][info][gc       ] GC(4926) Pause Young (Allocation Failure) 872M->89M(904M) 1.286ms
[355.409s][info][safepoint] Safepoint "ParallelGCFailedAllocation", Time since last: 79667400 ns, Reaching safepoint: 197800 ns, At safepoint: 1386400 ns, Total: 1584200 ns
