[0.010s][info][gc] Using Parallel
[1.129s][info][gc] GC(0) Pause Young (Allocation Failure) 123M->76M(487M) 49.033ms
[1.129s][info][safepoint] Safepoint "ParallelGCFailedAllocation", Time since last: 1060952200 ns, Reaching safepoint: 174900 ns, At safepoint: 49269000 ns, Total: 49443900 ns
[1.222s][info][gc       ] GC(1) Pause Young (Allocation Failure) 193M->167M(614M) 74.960ms
[1.222s][info][safepoint] Safepoint "ParallelGCFailedAllocation", Time since last: 18195599 ns, Reaching safepoint: 128801 ns, At safepoint: 75141199 ns, Total: 75270000 ns
[1.415s][info][gc       ] GC(2) Pause Young (Allocation Failure) 421M->387M(641M) 141.466ms
[2.164s][info][gc       ] GC(3) Pause Full (Ergonomics) 387M->362M(1185M) 748.857ms
[2.164s][info][safepoint] Safepoint "ParallelGCFailedAllocation", Time since last: 51230801 ns, Reaching safepoint: 207200 ns, At safepoint: 890551600 ns, Total: 890758800 ns
[2.448s][info][gc       ] GC(4) Pause Young (Allocation Failure) 769M->691M(1286M) 208.830ms
[3.481s][info][gc       ] GC(5) Pause Full (Ergonomics) 691M->637M(1932M) 1032.634ms
[3.481s][info][safepoint] Safepoint "ParallelGCFailedAllocation", Time since last: 75005000 ns, Reaching safepoint: 98700 ns, At safepoint: 1241648700 ns, Total: 1241747400 ns
[3.861s][info][gc       ] GC(6) Pause Young (Allocation Failure) 1273M->1116M(1932M) 266.473ms
[4.767s][info][gc       ] GC(7) Pause Full (Ergonomics) 1116M->423M(2729M) 906.342ms
[4.767s][info][safepoint] Safepoint "ParallelGCFailedAllocation", Time since last: 113098600 ns, Reaching safepoint: 227200 ns, At safepoint: 1172975600 ns, Total: 1173202800 ns
[5.146s][info][gc       ] GC(8) Pause Young (Allocation Failure) 1256M->1144M(2741M) 257.002ms
[5.146s][info][safepoint] Safepoint "ParallelGCFailedAllocation", Time since last: 121191100 ns, Reaching safepoint: 200800 ns, At safepoint: 257194899 ns, Total: 257395699 ns
[5.452s][info][gc       ] GC(9) Pause Young (Allocation Failure) 2023M->1197M(3122M) 193.948ms
[5.452s][info][safepoint] Safepoint "ParallelGCFailedAllocation", Time since last: 111913501 ns, Reaching safepoint: 198500 ns, At safepoint: 194087600 ns, Total: 194286100 ns
[5.787s][info][gc       ] GC(10) Pause Young (Allocation Failure) 2200M->1256M(3015M) 193.990ms
[5.787s][info][safepoint] Safepoint "ParallelGCFailedAllocation", Time since last: 140572400 ns, Reaching safepoint: 140300 ns, At safepoint: 194107600 ns, Total: 194247900 ns
[6.140s][info][gc       ] GC(11) Pause Young (Allocation Failure) 2296M->1304M(3128M) 219.986ms
[6.140s][info][safepoint] Safepoint "ParallelGCFailedAllocation", Time since last: 132368899 ns, Reaching safepoint: 131201 ns, At safepoint: 220105400 ns, Total: 220236601 ns
[6.445s][info][gc       ] GC(12) Pause Young (Allocation Failure) 2149M->1257M(3128M) 201.721ms
[6.445s][info][safepoint] Safepoint "ParallelGCFailedAllocation", Time since last: 103475000 ns, Reaching safepoint: 133599 ns, At safepoint: 201838800 ns, Total: 201972399 ns
[6.705s][info][gc       ] GC(13) Pause Young (Allocation Failure) 2160M->1231M(3103M) 140.995ms
[6.705s][info][safepoint] Safepoint "ParallelGCFailedAllocation", Time since last: 118950301 ns, Reaching safepoint: 210399 ns, At safepoint: 141102800 ns, Total: 141313199 ns
[6.946s][info][gc       ] GC(14) Pause Young (Allocation Failure) 2134M->1205M(3116M) 131.504ms
[6.946s][info][safepoint] Safepoint "ParallelGCFailedAllocation", Time since last: 109128201 ns, Reaching safepoint: 132900 ns, At safepoint: 131644200 ns, Total: 131777100 ns
[7.175s][info][gc       ] GC(15) Pause Young (Allocation Failure) 2108M->1179M(3107M) 122.873ms
[7.175s][info][safepoint] Safepoint "ParallelGCFailedAllocation", Time since last: 105996999 ns, Reaching safepoint: 129601 ns, At safepoint: 123000600 ns, Total: 123130201 ns
[7.437s][info][gc       ] GC(16) Pause Young (Allocation Failure) 2138M->1210M(3115M) 135.177ms
[7.437s][info][safepoint] Safepoint "ParallelGCFailedAllocation", Time since last: 126158300 ns, Reaching safepoint: 164100 ns, At safepoint: 135298500 ns, Total: 135462600 ns
[7.715s][info][gc       ] GC(17) Pause Young (Allocation Failure) 2169M->1240M(3151M) 143.954ms
[7.715s][info][safepoint] Safepoint "ParallelGCFailedAllocation", Time since last: 133292000 ns, Reaching safepoint: 207200 ns, At safepoint: 144057699 ns, Total: 144264899 ns
[8.032s][info][gc       ] GC(18) Pause Young (Allocation Failure) 2314M->1332M(3162M) 181.516ms
[8.033s][info][safepoint] Safepoint "ParallelGCFailedAllocation", Time since last: 135955101 ns, Reaching safepoint: 256299 ns, At safepoint: 181694601 ns, Total: 181950900 ns
[8.404s][info][gc       ] GC(19) Pause Young (Allocation Failure) 2391M->1442M(3230M) 233.659ms
[8.404s][info][safepoint] Safepoint "ParallelGCFailedAllocation", Time since last: 137538000 ns, Reaching safepoint: 150099 ns, At safepoint: 233784301 ns, Total: 233934400 ns
[8.548s][info][gc       ] GC(20) Pause Young (Allocation Failure) 2599M->896M(2490M) 10.448ms
[8.548s][info][safepoint] Safepoint "ParallelGCFailedAllocation", Time since last: 133385500 ns, Reaching safepoint: 130499 ns, At safepoint: 10543500 ns, Total: 10673999 ns
[8.743s][info][gc       ] GC(21) Pause Young (Allocation Failure) 2047M->1051M(3234M) 66.187ms
[8.743s][info][safepoint] Safepoint "ParallelGCFailedAllocation", Time since last: 128250401 ns, Reaching safepoint: 190499 ns, At safepoint: 66305000 ns, Total: 66495499 ns
[8.988s][info][gc       ] GC(22) Pause Young (Allocation Failure) 2157M->1169M(2712M) 116.334ms
[8.988s][info][safepoint] Safepoint "ParallelGCFailedAllocation", Time since last: 128701700 ns, Reaching safepoint: 221201 ns, At safepoint: 116435400 ns, Total: 116656601 ns
[9.256s][info][gc       ] GC(23) Pause Young (Allocation Failure) 2203M->1257M(3222M) 148.889ms
[9.256s][info][safepoint] Safepoint "ParallelGCFailedAllocation", Time since last: 119000200 ns, Reaching safepoint: 192599 ns, At safepoint: 148990201 ns, Total: 149182800 ns
[9.604s][info][gc       ] GC(24) Pause Young (Allocation Failure) 2393M->1412M(3191M) 215.652ms
[9.604s][info][safepoint] Safepoint "ParallelGCFailedAllocation", Time since last: 131941000 ns, Reaching safepoint: 196499 ns, At safepoint: 215800200 ns, Total: 215996699 ns
[10.012s][info][gc       ] GC(25) Pause Young (Allocation Failure) 2548M->1540M(3134M) 275.492ms
[10.012s][info][safepoint] Safepoint "ParallelGCFailedAllocation", Time since last: 132322501 ns, Reaching safepoint: 184400 ns, At safepoint: 275621000 ns, Total: 275805400 ns
[10.160s][info][gc       ] GC(26) Pause Young (Allocation Failure) 2591M->943M(2431M) 24.013ms
[10.161s][info][safepoint] Safepoint "ParallelGCFailedAllocation", Time since last: 123829800 ns, Reaching safepoint: 133100 ns, At safepoint: 24165699 ns, Total: 24298799 ns
[10.343s][info][gc       ] GC(27) Pause Young (Allocation Failure) 1994M->1039M(3203M) 62.766ms
[10.343s][info][safepoint] Safepoint "ParallelGCFailedAllocation", Time since last: 119610700 ns, Reaching safepoint: 206001 ns, At safepoint: 62900600 ns, Total: 63106601 ns
[10.566s][info][gc       ] GC(28) Pause Young (Allocation Failure) 2078M->1126M(2601M) 100.756ms
[10.566s][info][safepoint] Safepoint "ParallelGCFailedAllocation", Time since last: 121375300 ns, Reaching safepoint: 193500 ns, At safepoint: 100929300 ns, Total: 101122800 ns
[10.816s][info][gc       ] GC(29) Pause Young (Allocation Failure) 2164M->1200M(3201M) 130.239ms
[10.816s][info][safepoint] Safepoint "ParallelGCFailedAllocation", Time since last: 119398200 ns, Reaching safepoint: 144200 ns, At safepoint: 130411700 ns, Total: 130555900 ns
[11.116s][info][gc       ] GC(30) Pause Young (Allocation Failure) 2283M->1302M(3157M) 173.689ms
[11.116s][info][safepoint] Safepoint "ParallelGCFailedAllocation", Time since last: 126198800 ns, Reaching safepoint: 222100 ns, At safepoint: 173800400 ns, Total: 174022500 ns
[11.481s][info][gc       ] GC(31) Pause Young (Allocation Failure) 2385M->1442M(3185M) 237.039ms
[11.481s][info][safepoint] Safepoint "ParallelGCFailedAllocation", Time since last: 127549000 ns, Reaching safepoint: 204400 ns, At safepoint: 237154700 ns, Total: 237359100 ns
[11.901s][info][gc       ] GC(32) Pause Young (Allocation Failure) 2562M->1554M(3112M) 287.717ms
[11.901s][info][safepoint] Safepoint "ParallelGCFailedAllocation", Time since last: 132287900 ns, Reaching safepoint: 140000 ns, At safepoint: 287863700 ns, Total: 288003700 ns
[12.076s][info][gc       ] GC(33) Pause Young (Allocation Failure) 2669M->996M(3174M) 45.045ms
[12.077s][info][safepoint] Safepoint "ParallelGCFailedAllocation", Time since last: 130034800 ns, Reaching safepoint: 221500 ns, At safepoint: 45172699 ns, Total: 45394199 ns
[12.259s][info][gc       ] GC(34) Pause Young (Allocation Failure) 1992M->1048M(2481M) 65.399ms
[12.259s][info][safepoint] Safepoint "ParallelGCFailedAllocation", Time since last: 116430401 ns, Reaching safepoint: 155500 ns, At safepoint: 65582900 ns, Total: 65738400 ns
[12.458s][info][gc       ] GC(35) Pause Young (Allocation Failure) 2044M->1092M(3186M) 84.104ms
[12.458s][info][safepoint] Safepoint "ParallelGCFailedAllocation", Time since last: 114711500 ns, Reaching safepoint: 177000 ns, At safepoint: 84238799 ns, Total: 84415799 ns
[12.677s][info][gc       ] GC(36) Pause Young (Allocation Failure) 2081M->1133M(2594M) 103.859ms
[12.677s][info][safepoint] Safepoint "ParallelGCFailedAllocation", Time since last: 114916501 ns, Reaching safepoint: 146400 ns, At safepoint: 103971300 ns, Total: 104117700 ns
[12.924s][info][gc       ] GC(37) Pause Young (Allocation Failure) 2157M->1193M(3199M) 127.039ms
[12.924s][info][safepoint] Safepoint "ParallelGCFailedAllocation", Time since last: 120154200 ns, Reaching safepoint: 197300 ns, At safepoint: 127178300 ns, Total: 127375600 ns
[13.230s][info][gc       ] GC(38) Pause Young (Allocation Failure) 2291M->1310M(3156M) 177.013ms
[13.230s][info][safepoint] Safepoint "ParallelGCFailedAllocation", Time since last: 128617800 ns, Reaching safepoint: 211300 ns, At safepoint: 177148300 ns, Total: 177359600 ns
[13.595s][info][gc       ] GC(39) Pause Young (Allocation Failure) 2379M->1442M(3207M) 237.173ms
[13.595s][info][safepoint] Safepoint "ParallelGCFailedAllocation", Time since last: 127348900 ns, Reaching safepoint: 104599 ns, At safepoint: 237308301 ns, Total: 237412900 ns
[13.743s][info][gc       ] GC(40) Pause Young (Allocation Failure) 2594M->892M(2481M) 9.863ms
[13.743s][info][safepoint] Safepoint "ParallelGCFailedAllocation", Time since last: 138154000 ns, Reaching safepoint: 204000 ns, At safepoint: 9944300 ns, Total: 10148300 ns
[13.939s][info][gc       ] GC(41) Pause Young (Allocation Failure) 2027M->1051M(3261M) 67.694ms
[13.939s][info][safepoint] Safepoint "ParallelGCFailedAllocation", Time since last: 127970599 ns, Reaching safepoint: 202801 ns, At safepoint: 67861600 ns, Total: 68064401 ns
[14.205s][info][gc       ] GC(42) Pause Young (Allocation Failure) 2197M->1202M(2785M) 131.636ms
[14.205s][info][safepoint] Safepoint "ParallelGCFailedAllocation", Time since last: 134129700 ns, Reaching safepoint: 140100 ns, At safepoint: 131751800 ns, Total: 131891900 ns
[14.542s][info][gc       ] GC(43) Pause Young (Allocation Failure) 2348M->1367M(3175M) 201.763ms
[14.542s][info][safepoint] Safepoint "ParallelGCFailedAllocation", Time since last: 134553600 ns, Reaching safepoint: 224700 ns, At safepoint: 201876000 ns, Total: 202100700 ns
[14.898s][info][gc       ] GC(44) Pause Young (Allocation Failure) 2390M->1442M(3198M) 235.879ms
[14.898s][info][safepoint] Safepoint "ParallelGCFailedAllocation", Time since last: 120152700 ns, Reaching safepoint: 209200 ns, At safepoint: 235973999 ns, Total: 236183199 ns
[15.317s][info][gc       ] GC(45) Pause Young (Allocation Failure) 2565M->1557M(3084M) 287.291ms
[15.317s][info][safepoint] Safepoint "ParallelGCFailedAllocation", Time since last: 130841601 ns, Reaching safepoint: 201700 ns, At safepoint: 287434400 ns, Total: 287636100 ns
[15.440s][info][gc       ] GC(46) Pause Young (Allocation Failure) 2522M->895M(2297M) 10.442ms
[15.440s][info][safepoint] Safepoint "ParallelGCFailedAllocation", Time since last: 111907599 ns, Reaching safepoint: 208901 ns, At safepoint: 10561600 ns, Total: 10770501 ns
[15.562s][info][gc       ] GC(47) Pause Young (Allocation Failure) 1860M->919M(3148M) 14.644ms
[15.562s][info][safepoint] Safepoint "ParallelGCFailedAllocation", Time since last: 107144099 ns, Reaching safepoint: 222600 ns, At safepoint: 14774901 ns, Total: 14997501 ns
[15.686s][info][gc       ] GC(48) Pause Young (Allocation Failure) 1860M->926M(2304M) 18.457ms
[15.686s][info][safepoint] Safepoint "ParallelGCFailedAllocation", Time since last: 105148600 ns, Reaching safepoint: 137700 ns, At safepoint: 18647600 ns, Total: 18785300 ns
[15.813s][info][gc       ] GC(49) Pause Young (Allocation Failure) 1867M->935M(3153M) 20.818ms
[15.813s][info][safepoint] Safepoint "ParallelGCFailedAllocation", Time since last: 106400699 ns, Reaching safepoint: 201401 ns, At safepoint: 20938500 ns, Total: 21139901 ns
[15.954s][info][gc       ] GC(50) Pause Young (Allocation Failure) 1895M->959M(2356M) 30.357ms
[15.954s][info][safepoint] Safepoint "ParallelGCFailedAllocation", Time since last: 109722300 ns, Reaching safepoint: 194700 ns, At safepoint: 30471300 ns, Total: 30666000 ns
[16.099s][info][gc       ] GC(51) Pause Young (Allocation Failure) 1919M->980M(3133M) 38.424ms
[16.100s][info][safepoint] Safepoint "ParallelGCFailedAllocation", Time since last: 107078000 ns, Reaching safepoint: 233200 ns, At safepoint: 38580700 ns, Total: 38813900 ns
[16.285s][info][gc       ] GC(52) Pause Young (Allocation Failure) 1998M->1051M(3132M) 69.549ms
[16.285s][info][safepoint] Safepoint "ParallelGCFailedAllocation", Time since last: 115712000 ns, Reaching safepoint: 221500 ns, At safepoint: 69730299 ns, Total: 69951799 ns
[16.506s][info][gc       ] GC(53) Pause Young (Allocation Failure) 2069M->1117M(3068M) 99.107ms
[16.506s][info][safepoint] Safepoint "ParallelGCFailedAllocation", Time since last: 121617400 ns, Reaching safepoint: 183701 ns, At safepoint: 99261100 ns, Total: 99444801 ns
[16.785s][info][gc       ] GC(54) Pause Young (Allocation Failure) 2209M->1245M(3111M) 150.352ms
[16.785s][info][safepoint] Safepoint "ParallelGCFailedAllocation", Time since last: 128295799 ns, Reaching safepoint: 190401 ns, At safepoint: 150443500 ns, Total: 150633901 ns
[17.110s][info][gc       ] GC(55) Pause Young (Allocation Failure) 2337M->1356M(3162M) 198.798ms
[17.111s][info][safepoint] Safepoint "ParallelGCFailedAllocation", Time since last: 126198900 ns, Reaching safepoint: 178700 ns, At safepoint: 198984900 ns, Total: 199163600 ns
[17.471s][info][gc       ] GC(56) Pause Young (Allocation Failure) 2393M->1442M(3202M) 237.662ms
[17.471s][info][safepoint] Safepoint "ParallelGCFailedAllocation", Time since last: 122350300 ns, Reaching safepoint: 132700 ns, At safepoint: 237777800 ns, Total: 237910500 ns
[17.901s][info][gc       ] GC(57) Pause Young (Allocation Failure) 2581M->1573M(3036M) 296.098ms
[17.901s][info][safepoint] Safepoint "ParallelGCFailedAllocation", Time since last: 133578700 ns, Reaching safepoint: 152100 ns, At safepoint: 296226000 ns, Total: 296378100 ns
[18.302s][info][gc       ] GC(58) Pause Young (Allocation Failure) 2484M->1555M(2903M) 288.688ms
[18.302s][info][safepoint] Safepoint "ParallelGCFailedAllocation", Time since last: 112184700 ns, Reaching safepoint: 205100 ns, At safepoint: 288802099 ns, Total: 289007199 ns
[18.693s][info][gc       ] GC(59) Pause Young (Allocation Failure) 2466M->1537M(3128M) 281.321ms
[18.693s][info][safepoint] Safepoint "ParallelGCFailedAllocation", Time since last: 109222801 ns, Reaching safepoint: 200899 ns, At safepoint: 281422901 ns, Total: 281623800 ns
[19.073s][info][gc       ] GC(60) Pause Young (Allocation Failure) 2440M->1512M(3128M) 272.175ms
[19.073s][info][safepoint] Safepoint "ParallelGCFailedAllocation", Time since last: 107862200 ns, Reaching safepoint: 182100 ns, At safepoint: 272324500 ns, Total: 272506600 ns
[19.441s][info][gc       ] GC(61) Pause Young (Allocation Failure) 2415M->1486M(3128M) 259.282ms
[19.441s][info][safepoint] Safepoint "ParallelGCFailedAllocation", Time since last: 108262500 ns, Reaching safepoint: 193899 ns, At safepoint: 259379901 ns, Total: 259573800 ns
[19.784s][info][gc       ] GC(62) Pause Young (Allocation Failure) 2298M->1442M(3128M) 241.779ms
[19.784s][info][safepoint] Safepoint "ParallelGCFailedAllocation", Time since last: 100589600 ns, Reaching safepoint: 134599 ns, At safepoint: 241901600 ns, Total: 242036199 ns
[20.118s][info][gc       ] GC(63) Pause Young (Allocation Failure) 2345M->1416M(3128M) 227.864ms
[20.118s][info][safepoint] Safepoint "ParallelGCFailedAllocation", Time since last: 106339001 ns, Reaching safepoint: 201500 ns, At safepoint: 228007699 ns, Total: 228209199 ns
[20.442s][info][gc       ] GC(64) Pause Young (Allocation Failure) 2319M->1388M(3128M) 215.477ms
[20.442s][info][safepoint] Safepoint "ParallelGCFailedAllocation", Time since last: 108001401 ns, Reaching safepoint: 179600 ns, At safepoint: 215589200 ns, Total: 215768800 ns
[20.762s][info][gc       ] GC(65) Pause Young (Allocation Failure) 2291M->1362M(3128M) 209.191ms
[20.762s][info][safepoint] Safepoint "ParallelGCFailedAllocation", Time since last: 110212399 ns, Reaching safepoint: 203901 ns, At safepoint: 209291500 ns, Total: 209495401 ns
[21.062s][info][gc       ] GC(66) Pause Young (Allocation Failure) 2265M->1336M(2676M) 192.340ms
[21.062s][info][safepoint] Safepoint "ParallelGCFailedAllocation", Time since last: 108064299 ns, Reaching safepoint: 169901 ns, At safepoint: 192461500 ns, Total: 192631401 ns
[21.357s][info][gc       ] GC(67) Pause Young (Allocation Failure) 2239M->1310M(3138M) 183.128ms
[21.357s][info][safepoint] Safepoint "ParallelGCFailedAllocation", Time since last: 111038900 ns, Reaching safepoint: 203700 ns, At safepoint: 183286700 ns, Total: 183490400 ns
[21.656s][info][gc       ] GC(68) Pause Young (Allocation Failure) 2249M->1320M(3102M) 184.871ms
[21.657s][info][safepoint] Safepoint "ParallelGCFailedAllocation", Time since last: 114392900 ns, Reaching safepoint: 198500 ns, At safepoint: 185031200 ns, Total: 185229700 ns
[21.963s][info][gc       ] GC(69) Pause Young (Allocation Failure) 2259M->1330M(3153M) 190.390ms
[21.963s][info][safepoint] Safepoint "ParallelGCFailedAllocation", Time since last: 115778700 ns, Reaching safepoint: 203500 ns, At safepoint: 190519000 ns, Total: 190722500 ns
[22.320s][info][gc       ] GC(70) Pause Young (Allocation Failure) 2354M->1425M(3119M) 231.256ms
[22.320s][info][safepoint] Safepoint "ParallelGCFailedAllocation", Time since last: 125120300 ns, Reaching safepoint: 198999 ns, At safepoint: 231435201 ns, Total: 231634200 ns
[22.680s][info][gc       ] GC(71) Pause Young (Allocation Failure) 2371M->1442M(3221M) 243.712ms
[22.680s][info][safepoint] Safepoint "ParallelGCFailedAllocation", Time since last: 116049300 ns, Reaching safepoint: 226500 ns, At safepoint: 243835399 ns, Total: 244061899 ns
[23.109s][info][gc       ] GC(72) Pause Young (Allocation Failure) 2567M->1559M(3122M) 292.966ms
[23.109s][info][safepoint] Safepoint "ParallelGCFailedAllocation", Time since last: 135543401 ns, Reaching safepoint: 131899 ns, At safepoint: 293067101 ns, Total: 293199000 ns
[23.306s][info][gc       ] GC(73) Pause Young (Allocation Failure) 2685M->1018M(3154M) 56.568ms
[23.306s][info][safepoint] Safepoint "ParallelGCFailedAllocation", Time since last: 140700100 ns, Reaching safepoint: 199900 ns, At safepoint: 56708600 ns, Total: 56908500 ns
[23.510s][info][gc       ] GC(74) Pause Young (Allocation Failure) 2028M->1076M(2523M) 81.640ms
[23.510s][info][safepoint] Safepoint "ParallelGCFailedAllocation", Time since last: 121629800 ns, Reaching safepoint: 187000 ns, At safepoint: 81780200 ns, Total: 81967200 ns
[23.734s][info][gc       ] GC(75) Pause Young (Allocation Failure) 2064M->1133M(3188M) 106.068ms
[23.734s][info][safepoint] Safepoint "ParallelGCFailedAllocation", Time since last: 117846900 ns, Reaching safepoint: 202600 ns, At safepoint: 106214000 ns, Total: 106416600 ns
[23.980s][info][gc       ] GC(76) Pause Young (Allocation Failure) 2144M->1180M(2628M) 125.461ms
[23.980s][info][safepoint] Safepoint "ParallelGCFailedAllocation", Time since last: 119998400 ns, Reaching safepoint: 203600 ns, At safepoint: 125621900 ns, Total: 125825500 ns
[24.263s][info][gc       ] GC(77) Pause Young (Allocation Failure) 2190M->1257M(3190M) 160.773ms
[24.263s][info][safepoint] Safepoint "ParallelGCFailedAllocation", Time since last: 122136600 ns, Reaching safepoint: 159799 ns, At safepoint: 160868301 ns, Total: 161028100 ns
[24.580s][info][gc       ] GC(78) Pause Young (Allocation Failure) 2305M->1323M(3153M) 189.546ms
[24.580s][info][safepoint] Safepoint "ParallelGCFailedAllocation", Time since last: 127201000 ns, Reaching safepoint: 195200 ns, At safepoint: 189684700 ns, Total: 189879900 ns
[24.953s][info][gc       ] GC(79) Pause Young (Allocation Failure) 2371M->1442M(3167M) 242.545ms
[24.953s][info][safepoint] Safepoint "ParallelGCFailedAllocation", Time since last: 129579699 ns, Reaching safepoint: 210701 ns, At safepoint: 242654399 ns, Total: 242865100 ns
[25.361s][info][gc       ] GC(80) Pause Young (Allocation Failure) 2527M->1519M(3188M) 278.015ms
[25.361s][info][safepoint] Safepoint "ParallelGCFailedAllocation", Time since last: 130273401 ns, Reaching safepoint: 201799 ns, At safepoint: 278153801 ns, Total: 278355600 ns
[25.524s][info][gc       ] GC(81) Pause Young (Allocation Failure) 2604M->960M(3160M) 30.714ms
[25.524s][info][safepoint] Safepoint "ParallelGCFailedAllocation", Time since last: 131566699 ns, Reaching safepoint: 206601 ns, At safepoint: 30842400 ns, Total: 31049001 ns
[25.702s][info][gc       ] GC(82) Pause Young (Allocation Failure) 1973M->1018M(2468M) 56.797ms
[25.702s][info][safepoint] Safepoint "ParallelGCFailedAllocation", Time since last: 120733300 ns, Reaching safepoint: 211600 ns, At safepoint: 56927900 ns, Total: 57139500 ns
[25.904s][info][gc       ] GC(83) Pause Young (Allocation Failure) 2031M->1078M(3199M) 80.070ms
[25.904s][info][safepoint] Safepoint "ParallelGCFailedAllocation", Time since last: 122166600 ns, Reaching safepoint: 212799 ns, At safepoint: 80197301 ns, Total: 80410100 ns
[26.128s][info][gc       ] GC(84) Pause Young (Allocation Failure) 2081M->1133M(2598M) 105.749ms
[26.128s][info][safepoint] Safepoint "ParallelGCFailedAllocation", Time since last: 117926499 ns, Reaching safepoint: 125601 ns, At safepoint: 105931200 ns, Total: 106056801 ns
[26.382s][info][gc       ] GC(85) Pause Young (Allocation Failure) 2161M->1197M(3193M) 131.670ms
[26.382s][info][safepoint] Safepoint "ParallelGCFailedAllocation", Time since last: 121514800 ns, Reaching safepoint: 149400 ns, At safepoint: 131802700 ns, Total: 131952100 ns
[26.661s][info][gc       ] GC(86) Pause Young (Allocation Failure) 2191M->1257M(3153M) 158.840ms
[26.661s][info][safepoint] Safepoint "ParallelGCFailedAllocation", Time since last: 119922900 ns, Reaching safepoint: 187300 ns, At safepoint: 158956400 ns, Total: 159143700 ns
[26.989s][info][gc       ] GC(87) Pause Young (Allocation Failure) 2324M->1343M(3193M) 198.707ms
[26.989s][info][safepoint] Safepoint "ParallelGCFailedAllocation", Time since last: 129421400 ns, Reaching safepoint: 197200 ns, At safepoint: 198808100 ns, Total: 199005300 ns
[27.360s][info][gc       ] GC(88) Pause Young (Allocation Failure) 2373M->1442M(3196M) 243.083ms
[27.360s][info][safepoint] Safepoint "ParallelGCFailedAllocation", Time since last: 127708599 ns, Reaching safepoint: 144300 ns, At safepoint: 243285001 ns, Total: 243429301 ns
[27.797s][info][gc       ] GC(89) Pause Young (Allocation Failure) 2581M->1573M(3109M) 299.194ms
[27.797s][info][safepoint] Safepoint "ParallelGCFailedAllocation", Time since last: 136963500 ns, Reaching safepoint: 191700 ns, At safepoint: 299307100 ns, Total: 299498800 ns
[27.949s][info][gc       ] GC(90) Pause Young (Allocation Failure) 2589M->948M(2401M) 26.682ms
[27.949s][info][safepoint] Safepoint "ParallelGCFailedAllocation", Time since last: 124963800 ns, Reaching safepoint: 213900 ns, At safepoint: 26821200 ns, Total: 27035100 ns
[28.115s][info][gc       ] GC(91) Pause Young (Allocation Failure) 1953M->996M(3174M) 45.965ms
[28.115s][info][safepoint] Safepoint "ParallelGCFailedAllocation", Time since last: 119807300 ns, Reaching safepoint: 203500 ns, At safepoint: 46115100 ns, Total: 46318600 ns
[28.303s][info][gc       ] GC(92) Pause Young (Allocation Failure) 1987M->1042M(2470M) 67.917ms
[28.303s][info][safepoint] Safepoint "ParallelGCFailedAllocation", Time since last: 119669400 ns, Reaching safepoint: 146300 ns, At safepoint: 68103300 ns, Total: 68249600 ns
[28.505s][info][gc       ] GC(93) Pause Young (Allocation Failure) 2033M->1081M(3180M) 83.820ms
[28.505s][info][safepoint] Safepoint "ParallelGCFailedAllocation", Time since last: 118141600 ns, Reaching safepoint: 201200 ns, At safepoint: 83957300 ns, Total: 84158500 ns
[28.735s][info][gc       ] GC(94) Pause Young (Allocation Failure) 2077M->1133M(3151M) 107.076ms
[28.735s][info][safepoint] Safepoint "ParallelGCFailedAllocation", Time since last: 122082299 ns, Reaching safepoint: 136700 ns, At safepoint: 107254801 ns, Total: 107391501 ns
[28.989s][info][gc       ] GC(95) Pause Young (Allocation Failure) 2152M->1188M(3159M) 132.808ms
[28.989s][info][safepoint] Safepoint "ParallelGCFailedAllocation", Time since last: 121037600 ns, Reaching safepoint: 244800 ns, At safepoint: 132976400 ns, Total: 133221200 ns
[29.310s][info][gc       ] GC(96) Pause Young (Allocation Failure) 2294M->1313M(3154M) 186.118ms
[29.310s][info][safepoint] Safepoint "ParallelGCFailedAllocation", Time since last: 134337600 ns, Reaching safepoint: 206100 ns, At safepoint: 186282000 ns, Total: 186488100 ns
[29.685s][info][gc       ] GC(97) Pause Young (Allocation Failure) 2387M->1442M(3209M) 243.713ms
[29.685s][info][safepoint] Safepoint "ParallelGCFailedAllocation", Time since last: 131030199 ns, Reaching safepoint: 217501 ns, At safepoint: 243804699 ns, Total: 244022200 ns
[29.835s][info][gc       ] GC(98) Pause Young (Allocation Failure) 2600M->896M(2491M) 11.377ms
[29.835s][info][safepoint] Safepoint "ParallelGCFailedAllocation", Time since last: 138113900 ns, Reaching safepoint: 183001 ns, At safepoint: 11464200 ns, Total: 11647201 ns
[30.035s][info][gc       ] GC(99) Pause Young (Allocation Failure) 2024M->1051M(3266M) 68.855ms
[30.035s][info][safepoint] Safepoint "ParallelGCFailedAllocation", Time since last: 131395100 ns, Reaching safepoint: 204800 ns, At safepoint: 68977399 ns, Total: 69182199 ns
[30.317s][info][gc       ] GC(100) Pause Young (Allocation Failure) 2206M->1217M(2809M) 139.722ms
[30.317s][info][safepoint] Safepoint "ParallelGCFailedAllocation", Time since last: 141716501 ns, Reaching safepoint: 198000 ns, At safepoint: 139889200 ns, Total: 140087200 ns
[30.680s][info][gc       ] GC(101) Pause Young (Allocation Failure) 2372M->1390M(3176M) 223.642ms
[30.680s][info][safepoint] Safepoint "ParallelGCFailedAllocation", Time since last: 139392799 ns, Reaching safepoint: 230001 ns, At safepoint: 223768799 ns, Total: 223998800 ns
[31.089s][info][gc       ] GC(102) Pause Young (Allocation Failure) 2512M->1504M(3063M) 271.843ms
[31.089s][info][safepoint] Safepoint "ParallelGCFailedAllocation", Time since last: 136245701 ns, Reaching safepoint: 182500 ns, At safepoint: 271946800 ns, Total: 272129300 ns
[31.257s][info][gc       ] GC(103) Pause Young (Allocation Failure) 2613M->960M(3202M) 31.163ms
[31.257s][info][safepoint] Safepoint "ParallelGCFailedAllocation", Time since last: 137297600 ns, Reaching safepoint: 163600 ns, At safepoint: 31316600 ns, Total: 31480200 ns
[31.456s][info][gc       ] GC(104) Pause Young (Allocation Failure) 2009M->1051M(2537M) 71.933ms
[31.456s][info][safepoint] Safepoint "ParallelGCFailedAllocation", Time since last: 126437900 ns, Reaching safepoint: 180000 ns, At safepoint: 72127200 ns, Total: 72307200 ns
[31.687s][info][gc       ] GC(105) Pause Young (Allocation Failure) 2100M->1133M(3216M) 104.899ms
[31.688s][info][safepoint] Safepoint "ParallelGCFailedAllocation", Time since last: 126100800 ns, Reaching safepoint: 212100 ns, At safepoint: 105053000 ns, Total: 105265100 ns
[31.981s][info][gc       ] GC(106) Pause Young (Allocation Failure) 2222M->1257M(3176M) 157.800ms
[31.981s][info][safepoint] Safepoint "ParallelGCFailedAllocation", Time since last: 135113000 ns, Reaching safepoint: 193699 ns, At safepoint: 157951601 ns, Total: 158145300 ns
[32.319s][info][gc       ] GC(107) Pause Young (Allocation Failure) 2345M->1364M(3186M) 206.978ms
[32.319s][info][safepoint] Safepoint "ParallelGCFailedAllocation", Time since last: 130890500 ns, Reaching safepoint: 209800 ns, At safepoint: 207124200 ns, Total: 207334000 ns
[32.688s][info][gc       ] GC(108) Pause Young (Allocation Failure) 2386M->1442M(3206M) 244.332ms
[32.688s][info][safepoint] Safepoint "ParallelGCFailedAllocation", Time since last: 124741400 ns, Reaching safepoint: 196600 ns, At safepoint: 244432799 ns, Total: 244629399 ns
[33.123s][info][gc       ] GC(109) Pause Young (Allocation Failure) 2561M->1553M(3080M) 299.130ms
[33.123s][info][safepoint] Safepoint "ParallelGCFailedAllocation", Time since last: 134839501 ns, Reaching safepoint: 146300 ns, At safepoint: 299304100 ns, Total: 299450400 ns
[33.547s][info][gc       ] GC(110) Pause Young (Allocation Failure) 2505M->1576M(2965M) 304.769ms
[33.547s][info][safepoint] Safepoint "ParallelGCFailedAllocation", Time since last: 118747600 ns, Reaching safepoint: 208500 ns, At safepoint: 304891400 ns, Total: 305099900 ns
[33.674s][info][gc       ] GC(111) Pause Young (Allocation Failure) 2528M->901M(3128M) 11.321ms
[33.674s][info][safepoint] Safepoint "ParallelGCFailedAllocation", Time since last: 115880200 ns, Reaching safepoint: 188400 ns, At safepoint: 11410900 ns, Total: 11599300 ns
[34.081s][info][gc       ] GC(112) Pause Young (Allocation Failure) 1804M->1571M(3128M) 302.500ms
[34.081s][info][safepoint] Safepoint "ParallelGCFailedAllocation", Time since last: 104129900 ns, Reaching safepoint: 149399 ns, At safepoint: 302612701 ns, Total: 302762100 ns
[34.484s][info][gc       ] GC(113) Pause Young (Allocation Failure) 2474M->1545M(3128M) 293.564ms
[34.484s][info][safepoint] Safepoint "ParallelGCFailedAllocation", Time since last: 109014199 ns, Reaching safepoint: 186400 ns, At safepoint: 293661801 ns, Total: 293848201 ns
[34.874s][info][gc       ] GC(114) Pause Young (Allocation Failure) 2448M->1520M(3128M) 277.851ms
[34.874s][info][safepoint] Safepoint "ParallelGCFailedAllocation", Time since last: 112502000 ns, Reaching safepoint: 178300 ns, At safepoint: 277983300 ns, Total: 278161600 ns
[35.255s][info][gc       ] GC(115) Pause Young (Allocation Failure) 2423M->1494M(3128M) 266.473ms
[35.255s][info][safepoint] Safepoint "ParallelGCFailedAllocation", Time since last: 113940000 ns, Reaching safepoint: 156599 ns, At safepoint: 266650801 ns, Total: 266807400 ns
[35.605s][info][gc       ] GC(116) Pause Young (Allocation Failure) 2296M->1442M(3128M) 245.625ms
[35.605s][info][safepoint] Safepoint "ParallelGCFailedAllocation", Time since last: 103737900 ns, Reaching safepoint: 152100 ns, At safepoint: 245781600 ns, Total: 245933700 ns
[35.952s][info][gc       ] GC(117) Pause Young (Allocation Failure) 2345M->1416M(3128M) 236.409ms
[35.952s][info][safepoint] Safepoint "ParallelGCFailedAllocation", Time since last: 110193299 ns, Reaching safepoint: 147000 ns, At safepoint: 236530401 ns, Total: 236677401 ns
[36.287s][info][gc       ] GC(118) Pause Young (Allocation Failure) 2319M->1390M(3128M) 221.474ms
[36.287s][info][safepoint] Safepoint "ParallelGCFailedAllocation", Time since last: 113937000 ns, Reaching safepoint: 133600 ns, At safepoint: 221591400 ns, Total: 221725000 ns
[36.610s][info][gc       ] GC(119) Pause Young (Allocation Failure) 2293M->1365M(3128M) 210.329ms
[36.610s][info][safepoint] Safepoint "ParallelGCFailedAllocation", Time since last: 111928700 ns, Reaching safepoint: 140200 ns, At safepoint: 210490500 ns, Total: 210630700 ns
[36.921s][info][gc       ] GC(120) Pause Young (Allocation Failure) 2268M->1339M(2679M) 200.486ms
[36.922s][info][safepoint] Safepoint "ParallelGCFailedAllocation", Time since last: 110762799 ns, Reaching safepoint: 191501 ns, At safepoint: 200602700 ns, Total: 200794201 ns
[37.225s][info][gc       ] GC(121) Pause Young (Allocation Failure) 2242M->1313M(3129M) 188.089ms
[37.225s][info][safepoint] Safepoint "ParallelGCFailedAllocation", Time since last: 115211599 ns, Reaching safepoint: 182001 ns, At safepoint: 188278100 ns, Total: 188460101 ns
[37.535s][info][gc       ] GC(122) Pause Young (Allocation Failure) 2247M->1318M(3098M) 192.924ms
[37.535s][info][safepoint] Safepoint "ParallelGCFailedAllocation", Time since last: 116209700 ns, Reaching safepoint: 174800 ns, At safepoint: 193052100 ns, Total: 193226900 ns
[37.848s][info][gc       ] GC(123) Pause Young (Allocation Failure) 2252M->1323M(3158M) 192.781ms
[37.848s][info][safepoint] Safepoint "ParallelGCFailedAllocation", Time since last: 120638199 ns, Reaching safepoint: 204500 ns, At safepoint: 192875301 ns, Total: 193079801 ns
[38.215s][info][gc       ] GC(124) Pause Young (Allocation Failure) 2347M->1419M(3129M) 234.603ms
[38.215s][info][safepoint] Safepoint "ParallelGCFailedAllocation", Time since last: 132127100 ns, Reaching safepoint: 183299 ns, At safepoint: 234692401 ns, Total: 234875700 ns
[38.591s][info][gc       ] GC(125) Pause Young (Allocation Failure) 2375M->1442M(3212M) 251.468ms
[38.591s][info][safepoint] Safepoint "ParallelGCFailedAllocation", Time since last: 124238600 ns, Reaching safepoint: 194200 ns, At safepoint: 251573500 ns, Total: 251767700 ns
[39.037s][info][gc       ] GC(126) Pause Young (Allocation Failure) 2556M->1548M(3213M) 293.206ms
[39.037s][info][safepoint] Safepoint "ParallelGCFailedAllocation", Time since last: 152062000 ns, Reaching safepoint: 206600 ns, At safepoint: 293341799 ns, Total: 293548399 ns
[39.227s][info][gc       ] GC(127) Pause Young (Allocation Failure) 2662M->996M(3148M) 45.495ms
[39.227s][info][safepoint] Safepoint "ParallelGCFailedAllocation", Time since last: 144172301 ns, Reaching safepoint: 168500 ns, At safepoint: 45651500 ns, Total: 45820000 ns
[39.430s][info][gc       ] GC(128) Pause Young (Allocation Failure) 2004M->1051M(2500M) 71.387ms
[39.430s][info][safepoint] Safepoint "ParallelGCFailedAllocation", Time since last: 131300599 ns, Reaching safepoint: 176101 ns, At safepoint: 71526800 ns, Total: 71702901 ns
[39.660s][info][gc       ] GC(129) Pause Young (Allocation Failure) 2063M->1111M(3179M) 97.272ms
[39.660s][info][safepoint] Safepoint "ParallelGCFailedAllocation", Time since last: 132719200 ns, Reaching safepoint: 207500 ns, At safepoint: 97413200 ns, Total: 97620700 ns
[39.891s][info][gc       ] GC(130) Pause Young (Allocation Failure) 2076M->1133M(2567M) 106.897ms
[39.891s][info][safepoint] Safepoint "ParallelGCFailedAllocation", Time since last: 123855200 ns, Reaching safepoint: 184999 ns, At safepoint: 107072200 ns, Total: 107257199 ns
[40.142s][info][gc       ] GC(131) Pause Young (Allocation Failure) 2130M->1166M(3179M) 121.228ms
[40.142s][info][safepoint] Safepoint "ParallelGCFailedAllocation", Time since last: 129198401 ns, Reaching safepoint: 212900 ns, At safepoint: 121413800 ns, Total: 121626700 ns
[40.439s][info][gc       ] GC(132) Pause Young (Allocation Failure) 2188M->1257M(3155M) 163.338ms
[40.439s][info][safepoint] Safepoint "ParallelGCFailedAllocation", Time since last: 133235000 ns, Reaching safepoint: 193800 ns, At safepoint: 163503800 ns, Total: 163697600 ns
[40.755s][info][gc       ] GC(133) Pause Young (Allocation Failure) 2278M->1297M(3183M) 183.284ms
[40.755s][info][safepoint] Safepoint "ParallelGCFailedAllocation", Time since last: 131880600 ns, Reaching safepoint: 177299 ns, At safepoint: 183387400 ns, Total: 183564699 ns
[41.147s][info][gc       ] GC(134) Pause Young (Allocation Failure) 2380M->1442M(3155M) 248.604ms
[41.147s][info][safepoint] Safepoint "ParallelGCFailedAllocation", Time since last: 143892201 ns, Reaching safepoint: 128699 ns, At safepoint: 248774301 ns, Total: 248903000 ns
[41.569s][info][gc       ] GC(135) Pause Young (Allocation Failure) 2532M->1524M(3159M) 283.019ms
[41.569s][info][safepoint] Safepoint "ParallelGCFailedAllocation", Time since last: 137873600 ns, Reaching safepoint: 194900 ns, At safepoint: 283149000 ns, Total: 283343900 ns
[41.735s][info][gc       ] GC(136) Pause Young (Allocation Failure) 2591M->950M(2454M) 27.164ms
[41.735s][info][safepoint] Safepoint "ParallelGCFailedAllocation", Time since last: 138989800 ns, Reaching safepoint: 187900 ns, At safepoint: 27328400 ns, Total: 27516300 ns
[41.944s][info][gc       ] GC(137) Pause Young (Allocation Failure) 2016M->1051M(3196M) 71.119ms
[41.944s][info][safepoint] Safepoint "ParallelGCFailedAllocation", Time since last: 137309000 ns, Reaching safepoint: 205700 ns, At safepoint: 71285300 ns, Total: 71491000 ns
[42.184s][info][gc       ] GC(138) Pause Young (Allocation Failure) 2082M->1130M(2598M) 105.310ms
[42.185s][info][safepoint] Safepoint "ParallelGCFailedAllocation", Time since last: 134938800 ns, Reaching safepoint: 209900 ns, At safepoint: 105470500 ns, Total: 105680400 ns
[42.458s][info][gc       ] GC(139) Pause Young (Allocation Failure) 2161M->1197M(3201M) 138.373ms
[42.458s][info][safepoint] Safepoint "ParallelGCFailedAllocation", Time since last: 134990100 ns, Reaching safepoint: 230600 ns, At safepoint: 138535000 ns, Total: 138765600 ns
[42.751s][info][gc       ] GC(140) Pause Young (Allocation Failure) 2189M->1257M(3163M) 161.684ms
[42.751s][info][safepoint] Safepoint "ParallelGCFailedAllocation", Time since last: 130419300 ns, Reaching safepoint: 177999 ns, At safepoint: 161821401 ns, Total: 161999400 ns
[43.095s][info][gc       ] GC(141) Pause Young (Allocation Failure) 2326M->1344M(3186M) 204.495ms
[43.095s][info][safepoint] Safepoint "ParallelGCFailedAllocation", Time since last: 139813000 ns, Reaching safepoint: 161200 ns, At safepoint: 204626200 ns, Total: 204787400 ns
[43.476s][info][gc       ] GC(142) Pause Young (Allocation Failure) 2391M->1442M(3187M) 243.585ms
[43.476s][info][safepoint] Safepoint "ParallelGCFailedAllocation", Time since last: 136355099 ns, Reaching safepoint: 188101 ns, At safepoint: 243686799 ns, Total: 243874900 ns
[43.923s][info][gc       ] GC(143) Pause Young (Allocation Failure) 2569M->1561M(3121M) 300.404ms
[43.923s][info][safepoint] Safepoint "ParallelGCFailedAllocation", Time since last: 146696801 ns, Reaching safepoint: 226299 ns, At safepoint: 300560701 ns, Total: 300787000 ns
[44.078s][info][gc       ] GC(144) Pause Young (Allocation Failure) 2588M->947M(2411M) 26.138ms
[44.078s][info][safepoint] Safepoint "ParallelGCFailedAllocation", Time since last: 128210700 ns, Reaching safepoint: 199800 ns, At safepoint: 26287599 ns, Total: 26487399 ns
[44.266s][info][gc       ] GC(145) Pause Young (Allocation Failure) 1974M->1019M(3180M) 56.608ms
[44.266s][info][safepoint] Safepoint "ParallelGCFailedAllocation", Time since last: 131665401 ns, Reaching safepoint: 156500 ns, At safepoint: 56741000 ns, Total: 56897500 ns
[44.475s][info][gc       ] GC(146) Pause Young (Allocation Failure) 2019M->1067M(2504M) 77.955ms
[44.475s][info][safepoint] Safepoint "ParallelGCFailedAllocation", Time since last: 130143000 ns, Reaching safepoint: 225300 ns, At safepoint: 78133500 ns, Total: 78358800 ns
[44.711s][info][gc       ] GC(147) Pause Young (Allocation Failure) 2067M->1133M(3187M) 106.475ms
[44.712s][info][safepoint] Safepoint "ParallelGCFailedAllocation", Time since last: 129951299 ns, Reaching safepoint: 155101 ns, At safepoint: 106636200 ns, Total: 106791301 ns
[44.989s][info][gc       ] GC(148) Pause Young (Allocation Failure) 2168M->1204M(3153M) 142.299ms
[44.989s][info][safepoint] Safepoint "ParallelGCFailedAllocation", Time since last: 134679800 ns, Reaching safepoint: 141999 ns, At safepoint: 142436800 ns, Total: 142578799 ns
[45.284s][info][gc       ] GC(149) Pause Young (Allocation Failure) 2186M->1257M(3179M) 164.784ms
[45.284s][info][safepoint] Safepoint "ParallelGCFailedAllocation", Time since last: 129739500 ns, Reaching safepoint: 209801 ns, At safepoint: 164964200 ns, Total: 165174001 ns
[45.650s][info][gc       ] GC(150) Pause Young (Allocation Failure) 2365M->1384M(3155M) 221.580ms
[45.650s][info][safepoint] Safepoint "ParallelGCFailedAllocation", Time since last: 144451500 ns, Reaching safepoint: 221700 ns, At safepoint: 221746100 ns, Total: 221967800 ns
[46.030s][info][gc       ] GC(151) Pause Young (Allocation Failure) 2380M->1442M(3209M) 247.801ms
[46.030s][info][safepoint] Safepoint "ParallelGCFailedAllocation", Time since last: 131958600 ns, Reaching safepoint: 188800 ns, At safepoint: 247935900 ns, Total: 248124700 ns
[46.482s][info][gc       ] GC(152) Pause Young (Allocation Failure) 2581M->1573M(3149M) 301.282ms
[46.482s][info][safepoint] Safepoint "ParallelGCFailedAllocation", Time since last: 149988300 ns, Reaching safepoint: 131300 ns, At safepoint: 301430100 ns, Total: 301561400 ns
[46.709s][info][gc       ] GC(153) Pause Young (Allocation Failure) 2712M->1045M(3175M) 73.756ms
[46.709s][info][safepoint] Safepoint "ParallelGCFailedAllocation", Time since last: 153270999 ns, Reaching safepoint: 194101 ns, At safepoint: 73899100 ns, Total: 74093201 ns
[46.927s][info][gc       ] GC(154) Pause Young (Allocation Failure) 2036M->1084M(2513M) 86.109ms
[46.927s][info][safepoint] Safepoint "ParallelGCFailedAllocation", Time since last: 131128299 ns, Reaching safepoint: 201401 ns, At safepoint: 86275999 ns, Total: 86477400 ns
[47.166s][info][gc       ] GC(155) Pause Young (Allocation Failure) 2076M->1133M(3181M) 110.329ms
[47.166s][info][safepoint] Safepoint "ParallelGCFailedAllocation", Time since last: 128992501 ns, Reaching safepoint: 132100 ns, At safepoint: 110478999 ns, Total: 110611099 ns
[47.433s][info][gc       ] GC(156) Pause Young (Allocation Failure) 2154M->1190M(3152M) 132.769ms
[47.433s][info][safepoint] Safepoint "ParallelGCFailedAllocation", Time since last: 133179001 ns, Reaching safepoint: 185300 ns, At safepoint: 132965700 ns, Total: 133151000 ns
[47.727s][info][gc       ] GC(157) Pause Young (Allocation Failure) 2203M->1257M(3183M) 163.361ms
[47.727s][info][safepoint] Safepoint "ParallelGCFailedAllocation", Time since last: 130285700 ns, Reaching safepoint: 154900 ns, At safepoint: 163516300 ns, Total: 163671200 ns
[48.082s][info][gc       ] GC(158) Pause Young (Allocation Failure) 2351M->1369M(3154M) 210.533ms
[48.082s][info][safepoint] Safepoint "ParallelGCFailedAllocation", Time since last: 144548100 ns, Reaching safepoint: 196600 ns, At safepoint: 210706800 ns, Total: 210903400 ns
[48.461s][info][gc       ] GC(159) Pause Young (Allocation Failure) 2375M->1442M(3214M) 245.262ms
[48.461s][info][safepoint] Safepoint "ParallelGCFailedAllocation", Time since last: 133429600 ns, Reaching safepoint: 206100 ns, At safepoint: 245404100 ns, Total: 245610200 ns
[48.919s][info][gc       ] GC(160) Pause Young (Allocation Failure) 2584M->1576M(3155M) 309.254ms
[48.919s][info][safepoint] Safepoint "ParallelGCFailedAllocation", Time since last: 148328899 ns, Reaching safepoint: 204201 ns, At safepoint: 309354500 ns, Total: 309558701 ns
[49.139s][info][gc       ] GC(161) Pause Young (Allocation Failure) 2718M->1051M(3176M) 72.957ms
[49.139s][info][safepoint] Safepoint "ParallelGCFailedAllocation", Time since last: 146762000 ns, Reaching safepoint: 207999 ns, At safepoint: 73091200 ns, Total: 73299199 ns
[49.361s][info][gc       ] GC(162) Pause Young (Allocation Failure) 2046M->1094M(2527M) 89.795ms
[49.361s][info][safepoint] Safepoint "ParallelGCFailedAllocation", Time since last: 131907600 ns, Reaching safepoint: 150701 ns, At safepoint: 89993199 ns, Total: 90143900 ns
[49.598s][info][gc       ] GC(163) Pause Young (Allocation Failure) 2074M->1133M(3183M) 109.269ms
[49.598s][info][safepoint] Safepoint "ParallelGCFailedAllocation", Time since last: 127503301 ns, Reaching safepoint: 211000 ns, At safepoint: 109414700 ns, Total: 109625700 ns
[49.865s][info][gc       ] GC(164) Pause Young (Allocation Failure) 2155M->1191M(2650M) 132.988ms
[49.865s][info][safepoint] Safepoint "ParallelGCFailedAllocation", Time since last: 133087600 ns, Reaching safepoint: 113599 ns, At safepoint: 133112500 ns, Total: 133226099 ns
[50.158s][info][gc       ] GC(165) Pause Young (Allocation Failure) 2204M->1257M(3187M) 161.034ms
[50.158s][info][safepoint] Safepoint "ParallelGCFailedAllocation", Time since last: 131923301 ns, Reaching safepoint: 195200 ns, At safepoint: 161208000 ns, Total: 161403200 ns
[50.509s][info][gc       ] GC(166) Pause Young (Allocation Failure) 2350M->1369M(3156M) 211.798ms
[50.509s][info][safepoint] Safepoint "ParallelGCFailedAllocation", Time since last: 138828100 ns, Reaching safepoint: 188800 ns, At safepoint: 211975699 ns, Total: 212164499 ns
[50.889s][info][gc       ] GC(167) Pause Young (Allocation Failure) 2375M->1442M(3218M) 247.647ms
[50.889s][info][safepoint] Safepoint "ParallelGCFailedAllocation", Time since last: 131868901 ns, Reaching safepoint: 196499 ns, At safepoint: 247787101 ns, Total: 247983600 ns
[51.047s][info][gc       ] GC(168) Pause Young (Allocation Failure) 2588M->888M(2471M) 10.513ms
[51.047s][info][safepoint] Safepoint "ParallelGCFailedAllocation", Time since last: 147101100 ns, Reaching safepoint: 134600 ns, At safepoint: 10650500 ns, Total: 10785100 ns
[51.254s][info][gc       ] GC(169) Pause Young (Allocation Failure) 2034M->1051M(3240M) 69.774ms
[51.254s][info][safepoint] Safepoint "ParallelGCFailedAllocation", Time since last: 137615600 ns, Reaching safepoint: 211999 ns, At safepoint: 69905201 ns, Total: 70117200 ns
[51.527s][info][gc       ] GC(170) Pause Young (Allocation Failure) 2162M->1174M(2722M) 125.418ms
[51.527s][info][safepoint] Safepoint "ParallelGCFailedAllocation", Time since last: 146599199 ns, Reaching safepoint: 203001 ns, At safepoint: 125613800 ns, Total: 125816801 ns
[51.823s][info][gc       ] GC(171) Pause Young (Allocation Failure) 2206M->1257M(3210M) 162.651ms
[51.824s][info][safepoint] Safepoint "ParallelGCFailedAllocation", Time since last: 133729800 ns, Reaching safepoint: 224300 ns, At safepoint: 162792199 ns, Total: 163016499 ns
[52.205s][info][gc       ] GC(172) Pause Young (Allocation Failure) 2393M->1411M(3185M) 232.464ms
[52.205s][info][safepoint] Safepoint "ParallelGCFailedAllocation", Time since last: 148588400 ns, Reaching safepoint: 203600 ns, At safepoint: 232608100 ns, Total: 232811700 ns
[52.641s][info][gc       ] GC(173) Pause Young (Allocation Failure) 2547M->1539M(3128M) 288.198ms
[52.641s][info][safepoint] Safepoint "ParallelGCFailedAllocation", Time since last: 147594601 ns, Reaching safepoint: 209399 ns, At safepoint: 288295501 ns, Total: 288504900 ns
[52.797s][info][gc       ] GC(174) Pause Young (Allocation Failure) 2579M->935M(2418M) 21.070ms
[52.797s][info][safepoint] Safepoint "ParallelGCFailedAllocation", Time since last: 134260700 ns, Reaching safepoint: 199799 ns, At safepoint: 21220101 ns, Total: 21419900 ns
[52.986s][info][gc       ] GC(175) Pause Young (Allocation Failure) 1981M->1020M(3202M) 57.414ms
[52.986s][info][safepoint] Safepoint "ParallelGCFailedAllocation", Time since last: 131412600 ns, Reaching safepoint: 223299 ns, At safepoint: 57547701 ns, Total: 57771000 ns
[53.216s][info][gc       ] GC(176) Pause Young (Allocation Failure) 2057M->1105M(2580M) 95.067ms
[53.216s][info][safepoint] Safepoint "ParallelGCFailedAllocation", Time since last: 134866900 ns, Reaching safepoint: 194200 ns, At safepoint: 95223200 ns, Total: 95417400 ns
[53.481s][info][gc       ] GC(177) Pause Young (Allocation Failure) 2143M->1179M(3200M) 127.064ms
[53.481s][info][safepoint] Safepoint "ParallelGCFailedAllocation", Time since last: 136963300 ns, Reaching safepoint: 292299 ns, At safepoint: 127205400 ns, Total: 127497699 ns
[53.780s][info][gc       ] GC(178) Pause Young (Allocation Failure) 2194M->1257M(3156M) 165.308ms
[53.780s][info][safepoint] Safepoint "ParallelGCFailedAllocation", Time since last: 133480801 ns, Reaching safepoint: 183100 ns, At safepoint: 165414700 ns, Total: 165597800 ns
[54.131s][info][gc       ] GC(179) Pause Young (Allocation Failure) 2339M->1357M(3197M) 208.261ms
[54.131s][info][safepoint] Safepoint "ParallelGCFailedAllocation", Time since last: 143043700 ns, Reaching safepoint: 197700 ns, At safepoint: 208364899 ns, Total: 208562599 ns
[54.555s][info][gc       ] GC(180) Pause Young (Allocation Failure) 2503M->1495M(3213M) 273.054ms
[54.555s][info][safepoint] Safepoint "ParallelGCFailedAllocation", Time since last: 150288701 ns, Reaching safepoint: 199399 ns, At safepoint: 273150800 ns, Total: 273350199 ns
[54.746s][info][gc       ] GC(181) Pause Young (Allocation Failure) 2640M->989M(3226M) 42.799ms
[54.746s][info][safepoint] Safepoint "ParallelGCFailedAllocation", Time since last: 147789500 ns, Reaching safepoint: 141101 ns, At safepoint: 42961400 ns, Total: 43102501 ns
[54.983s][info][gc       ] GC(182) Pause Young (Allocation Failure) 2086M->1118M(2653M) 99.174ms
[54.983s][info][safepoint] Safepoint "ParallelGCFailedAllocation", Time since last: 137355199 ns, Reaching safepoint: 137001 ns, At safepoint: 99354899 ns, Total: 99491900 ns
[55.290s][info][gc       ] GC(183) Pause Young (Allocation Failure) 2216M->1252M(3226M) 162.840ms
[55.290s][info][safepoint] Safepoint "ParallelGCFailedAllocation", Time since last: 143723101 ns, Reaching safepoint: 218900 ns, At safepoint: 163031000 ns, Total: 163249900 ns
[55.669s][info][gc       ] GC(184) Pause Young (Allocation Failure) 2380M->1398M(3196M) 229.750ms
[55.669s][info][safepoint] Safepoint "ParallelGCFailedAllocation", Time since last: 149411100 ns, Reaching safepoint: 228100 ns, At safepoint: 229845399 ns, Total: 230073499 ns
[56.100s][info][gc       ] GC(185) Pause Young (Allocation Failure) 2526M->1518M(3134M) 281.194ms
[56.100s][info][safepoint] Safepoint "ParallelGCFailedAllocation", Time since last: 149537200 ns, Reaching safepoint: 208901 ns, At safepoint: 281327899 ns, Total: 281536800 ns
[56.254s][info][gc       ] GC(186) Pause Young (Allocation Failure) 2557M->922M(2398M) 15.953ms
[56.254s][info][safepoint] Safepoint "ParallelGCFailedAllocation", Time since last: 137643501 ns, Reaching safepoint: 231399 ns, At safepoint: 16089601 ns, Total: 16321000 ns
[56.433s][info][gc       ] GC(187) Pause Young (Allocation Failure) 1959M->996M(3195M) 47.307ms
[56.433s][info][safepoint] Safepoint "ParallelGCFailedAllocation", Time since last: 130880800 ns, Reaching safepoint: 192299 ns, At safepoint: 47459000 ns, Total: 47651299 ns
[56.632s][info][gc       ] GC(188) Pause Young (Allocation Failure) 2002M->1051M(2514M) 70.120ms
[56.632s][info][safepoint] Safepoint "ParallelGCFailedAllocation", Time since last: 129277401 ns, Reaching safepoint: 138200 ns, At safepoint: 70321100 ns, Total: 70459300 ns
[56.865s][info][gc       ] GC(189) Pause Young (Allocation Failure) 2077M->1125M(3199M) 102.619ms
[56.865s][info][safepoint] Safepoint "ParallelGCFailedAllocation", Time since last: 129301000 ns, Reaching safepoint: 201700 ns, At safepoint: 102746900 ns, Total: 102948600 ns
[57.152s][info][gc       ] GC(190) Pause Young (Allocation Failure) 2191M->1227M(3159M) 150.534ms
[57.152s][info][safepoint] Safepoint "ParallelGCFailedAllocation", Time since last: 136684000 ns, Reaching safepoint: 194600 ns, At safepoint: 150637099 ns, Total: 150831699 ns
[57.482s][info][gc       ] GC(191) Pause Young (Allocation Failure) 2293M->1312M(3187M) 189.724ms
[57.482s][info][safepoint] Safepoint "ParallelGCFailedAllocation", Time since last: 139844300 ns, Reaching safepoint: 198401 ns, At safepoint: 189825099 ns, Total: 190023500 ns
[57.870s][info][gc       ] GC(192) Pause Young (Allocation Failure) 2388M->1442M(3190M) 245.713ms
[57.870s][info][safepoint] Safepoint "ParallelGCFailedAllocation", Time since last: 141530201 ns, Reaching safepoint: 216300 ns, At safepoint: 245905100 ns, Total: 246121400 ns
[58.317s][info][gc       ] GC(193) Pause Young (Allocation Failure) 2567M->1559M(3084M) 298.114ms
[58.317s][info][safepoint] Safepoint "ParallelGCFailedAllocation", Time since last: 149188800 ns, Reaching safepoint: 204700 ns, At safepoint: 298209400 ns, Total: 298414100 ns
[58.458s][info][gc       ] GC(194) Pause Young (Allocation Failure) 2532M->906M(2316M) 11.813ms
[58.458s][info][safepoint] Safepoint "ParallelGCFailedAllocation", Time since last: 128621700 ns, Reaching safepoint: 251300 ns, At safepoint: 11939999 ns, Total: 12191299 ns
[58.601s][info][gc       ] GC(195) Pause Young (Allocation Failure) 1879M->935M(3158M) 21.493ms
[58.601s][info][safepoint] Safepoint "ParallelGCFailedAllocation", Time since last: 121193301 ns, Reaching safepoint: 196699 ns, At safepoint: 21624201 ns, Total: 21820900 ns
[58.752s][info][gc       ] GC(196) Pause Young (Allocation Failure) 1893M->958M(2353M) 29.905ms
[58.752s][info][safepoint] Safepoint "ParallelGCFailedAllocation", Time since last: 120828699 ns, Reaching safepoint: 221601 ns, At safepoint: 30061800 ns, Total: 30283401 ns
[58.913s][info][gc       ] GC(197) Pause Young (Allocation Failure) 1916M->977M(3161M) 38.584ms
[58.913s][info][safepoint] Safepoint "ParallelGCFailedAllocation", Time since last: 121805100 ns, Reaching safepoint: 205599 ns, At safepoint: 38714401 ns, Total: 38920000 ns
[59.084s][info][gc       ] GC(198) Pause Young (Allocation Failure) 1937M->996M(3137M) 46.598ms
[59.085s][info][safepoint] Safepoint "ParallelGCFailedAllocation", Time since last: 124477100 ns, Reaching safepoint: 211400 ns, At safepoint: 46774700 ns, Total: 46986100 ns
[59.278s][info][gc       ] GC(199) Pause Young (Allocation Failure) 1979M->1035M(3123M) 66.838ms
[59.278s][info][safepoint] Safepoint "ParallelGCFailedAllocation", Time since last: 126475000 ns, Reaching safepoint: 182099 ns, At safepoint: 67026301 ns, Total: 67208400 ns
[59.522s][info][gc       ] GC(200) Pause Young (Allocation Failure) 2083M->1130M(3134M) 107.370ms
[59.522s][info][safepoint] Safepoint "ParallelGCFailedAllocation", Time since last: 135834800 ns, Reaching safepoint: 203100 ns, At safepoint: 107551300 ns, Total: 107754400 ns
[59.804s][info][gc       ] GC(201) Pause Young (Allocation Failure) 2178M->1214M(3142M) 145.999ms
[59.804s][info][safepoint] Safepoint "ParallelGCFailedAllocation", Time since last: 136035600 ns, Reaching safepoint: 200799 ns, At safepoint: 146161101 ns, Total: 146361900 ns
[60.160s][info][gc       ] GC(202) Pause Young (Allocation Failure) 2343M->1362M(3150M) 208.982ms
[60.160s][info][safepoint] Safepoint "ParallelGCFailedAllocation", Time since last: 146352700 ns, Reaching safepoint: 217200 ns, At safepoint: 209108700 ns, Total: 209325900 ns
[60.544s][info][gc       ] GC(203) Pause Young (Allocation Failure) 2374M->1442M(3176M) 250.876ms
[60.544s][info][safepoint] Safepoint "ParallelGCFailedAllocation", Time since last: 132780500 ns, Reaching safepoint: 138699 ns, At safepoint: 251041901 ns, Total: 251180600 ns
[60.987s][info][gc       ] GC(204) Pause Young (Allocation Failure) 2558M->1550M(3103M) 297.363ms
[60.987s][info][safepoint] Safepoint "ParallelGCFailedAllocation", Time since last: 145712700 ns, Reaching safepoint: 198900 ns, At safepoint: 297506200 ns, Total: 297705100 ns
[61.177s][info][gc       ] GC(205) Pause Young (Allocation Failure) 2666M->996M(3166M) 46.530ms
[61.177s][info][safepoint] Safepoint "ParallelGCFailedAllocation", Time since last: 143361900 ns, Reaching safepoint: 192600 ns, At safepoint: 46697999 ns, Total: 46890599 ns
[61.355s][info][gc       ] GC(206) Pause Young (Allocation Failure) 1958M->1014M(2413M) 54.154ms
[61.355s][info][safepoint] Safepoint "ParallelGCFailedAllocation", Time since last: 123277200 ns, Reaching safepoint: 213401 ns, At safepoint: 54327300 ns, Total: 54540701 ns
[61.550s][info][gc       ] GC(207) Pause Young (Allocation Failure) 1976M->1047M(3158M) 69.320ms
[61.551s][info][safepoint] Safepoint "ParallelGCFailedAllocation", Time since last: 125514400 ns, Reaching safepoint: 205799 ns, At safepoint: 69468901 ns, Total: 69674700 ns
[61.765s][info][gc       ] GC(208) Pause Young (Allocation Failure) 2041M->1089M(3126M) 84.516ms
[61.765s][info][safepoint] Safepoint "ParallelGCFailedAllocation", Time since last: 129825199 ns, Reaching safepoint: 206701 ns, At safepoint: 84678799 ns, Total: 84885500 ns
[62.001s][info][gc       ] GC(209) Pause Young (Allocation Failure) 2073M->1133M(3099M) 106.625ms
[62.001s][info][safepoint] Safepoint "ParallelGCFailedAllocation", Time since last: 128695301 ns, Reaching safepoint: 206500 ns, At safepoint: 106802299 ns, Total: 107008799 ns
[62.303s][info][gc       ] GC(210) Pause Young (Allocation Failure) 2210M->1246M(3124M) 159.970ms
[62.303s][info][safepoint] Safepoint "ParallelGCFailedAllocation", Time since last: 141962001 ns, Reaching safepoint: 187800 ns, At safepoint: 160066400 ns, Total: 160254200 ns
[62.647s][info][gc       ] GC(211) Pause Young (Allocation Failure) 2322M->1341M(3186M) 202.529ms
[62.647s][info][safepoint] Safepoint "ParallelGCFailedAllocation", Time since last: 140704599 ns, Reaching safepoint: 181500 ns, At safepoint: 202662600 ns, Total: 202844100 ns
[63.027s][info][gc       ] GC(212) Pause Young (Allocation Failure) 2378M->1442M(3207M) 247.392ms
[63.027s][info][safepoint] Safepoint "ParallelGCFailedAllocation", Time since last: 132975900 ns, Reaching safepoint: 183701 ns, At safepoint: 247510900 ns, Total: 247694601 ns
[63.192s][info][gc       ] GC(213) Pause Young (Allocation Failure) 2592M->891M(3229M) 10.236ms
[63.192s][info][safepoint] Safepoint "ParallelGCFailedAllocation", Time since last: 153729999 ns, Reaching safepoint: 201101 ns, At safepoint: 10363600 ns, Total: 10564701 ns
[63.396s][info][gc       ] GC(214) Pause Young (Allocation Failure) 2011M->1036M(2593M) 64.960ms
[63.396s][info][safepoint] Safepoint "ParallelGCFailedAllocation", Time since last: 139496900 ns, Reaching safepoint: 138400 ns, At safepoint: 65164800 ns, Total: 65303200 ns
[63.666s][info][gc       ] GC(215) Pause Young (Allocation Failure) 2156M->1169M(3254M) 123.421ms
[63.667s][info][safepoint] Safepoint "ParallelGCFailedAllocation", Time since last: 146411200 ns, Reaching safepoint: 175500 ns, At safepoint: 123642100 ns, Total: 123817600 ns
[64.032s][info][gc       ] GC(216) Pause Young (Allocation Failure) 2344M->1362M(3218M) 211.518ms
[64.032s][info][safepoint] Safepoint "ParallelGCFailedAllocation", Time since last: 153587499 ns, Reaching safepoint: 190100 ns, At safepoint: 211620800 ns, Total: 211810900 ns
[64.479s][info][gc       ] GC(217) Pause Young (Allocation Failure) 2537M->1529M(3116M) 291.256ms
[64.479s][info][safepoint] Safepoint "ParallelGCFailedAllocation", Time since last: 155674501 ns, Reaching safepoint: 154099 ns, At safepoint: 291399201 ns, Total: 291553300 ns
[64.640s][info][gc       ] GC(218) Pause Young (Allocation Failure) 2572M->935M(3198M) 21.020ms
[64.640s][info][safepoint] Safepoint "ParallelGCFailedAllocation", Time since last: 139582300 ns, Reaching safepoint: 148600 ns, At safepoint: 21168900 ns, Total: 21317500 ns
[64.817s][info][gc       ] GC(219) Pause Young (Allocation Failure) 1957M->996M(3157M) 47.364ms
[64.817s][info][safepoint] Safepoint "ParallelGCFailedAllocation", Time since last: 129500700 ns, Reaching safepoint: 198400 ns, At safepoint: 47522900 ns, Total: 47721300 ns
[65.018s][info][gc       ] GC(220) Pause Young (Allocation Failure) 2008M->1051M(3179M) 70.583ms
[65.018s][info][safepoint] Safepoint "ParallelGCFailedAllocation", Time since last: 130098399 ns, Reaching safepoint: 234401 ns, At safepoint: 70722600 ns, Total: 70957001 ns
[65.262s][info][gc       ] GC(221) Pause Young (Allocation Failure) 2091M->1133M(3139M) 107.113ms
[65.262s][info][safepoint] Safepoint "ParallelGCFailedAllocation", Time since last: 136573700 ns, Reaching safepoint: 139200 ns, At safepoint: 107300400 ns, Total: 107439600 ns
[65.567s][info][gc       ] GC(222) Pause Young (Allocation Failure) 2242M->1257M(3174M) 162.126ms
[65.567s][info][safepoint] Safepoint "ParallelGCFailedAllocation", Time since last: 142173900 ns, Reaching safepoint: 210899 ns, At safepoint: 162283901 ns, Total: 162494800 ns
[65.931s][info][gc       ] GC(223) Pause Young (Allocation Failure) 2375M->1394M(3219M) 222.130ms
[65.931s][info][safepoint] Safepoint "ParallelGCFailedAllocation", Time since last: 141117100 ns, Reaching safepoint: 189100 ns, At safepoint: 222259000 ns, Total: 222448100 ns
[66.386s][info][gc       ] GC(224) Pause Young (Allocation Failure) 2567M->1559M(3169M) 301.638ms
[66.386s][info][safepoint] Safepoint "ParallelGCFailedAllocation", Time since last: 153230100 ns, Reaching safepoint: 222700 ns, At safepoint: 301743099 ns, Total: 301965799 ns
[66.613s][info][gc       ] GC(225) Pause Young (Allocation Failure) 2720M->1051M(3198M) 72.592ms
[66.613s][info][safepoint] Safepoint "ParallelGCFailedAllocation", Time since last: 154115701 ns, Reaching safepoint: 183999 ns, At safepoint: 72751501 ns, Total: 72935500 ns
[66.853s][info][gc       ] GC(226) Pause Young (Allocation Failure) 2073M->1120M(2579M) 103.019ms
[66.853s][info][safepoint] Safepoint "ParallelGCFailedAllocation", Time since last: 136536000 ns, Reaching safepoint: 211400 ns, At safepoint: 103183900 ns, Total: 103395300 ns
[67.119s][info][gc       ] GC(227) Pause Young (Allocation Failure) 2142M->1178M(3185M) 129.506ms
[67.119s][info][safepoint] Safepoint "ParallelGCFailedAllocation", Time since last: 136032600 ns, Reaching safepoint: 216000 ns, At safepoint: 129645800 ns, Total: 129861800 ns
[67.413s][info][gc       ] GC(228) Pause Young (Allocation Failure) 2188M->1257M(3141M) 162.149ms
[67.413s][info][safepoint] Safepoint "ParallelGCFailedAllocation", Time since last: 132042000 ns, Reaching safepoint: 193800 ns, At safepoint: 162274700 ns, Total: 162468500 ns
[67.755s][info][gc       ] GC(229) Pause Young (Allocation Failure) 2323M->1341M(3203M) 202.551ms
[67.756s][info][safepoint] Safepoint "ParallelGCFailedAllocation", Time since last: 139293800 ns, Reaching safepoint: 211599 ns, At safepoint: 202689801 ns, Total: 202901400 ns
[68.141s][info][gc       ] GC(230) Pause Young (Allocation Failure) 2376M->1442M(3212M) 248.003ms
[68.142s][info][safepoint] Safepoint "ParallelGCFailedAllocation", Time since last: 137655100 ns, Reaching safepoint: 219000 ns, At safepoint: 248142600 ns, Total: 248361600 ns
[68.301s][info][gc       ] GC(231) Pause Young (Allocation Failure) 2592M->891M(3216M) 10.393ms
[68.302s][info][safepoint] Safepoint "ParallelGCFailedAllocation", Time since last: 149388800 ns, Reaching safepoint: 124400 ns, At safepoint: 10544300 ns, Total: 10668700 ns
[68.498s][info][gc       ] GC(232) Pause Young (Allocation Failure) 2002M->1027M(2575M) 60.787ms
[68.499s][info][safepoint] Safepoint "ParallelGCFailedAllocation", Time since last: 135842700 ns, Reaching safepoint: 203799 ns, At safepoint: 60954701 ns, Total: 61158500 ns
[68.743s][info][gc       ] GC(233) Pause Young (Allocation Failure) 2096M->1133M(3266M) 107.422ms
[68.743s][info][safepoint] Safepoint "ParallelGCFailedAllocation", Time since last: 136729700 ns, Reaching safepoint: 165400 ns, At safepoint: 107556700 ns, Total: 107722100 ns
[69.050s][info][gc       ] GC(234) Pause Young (Allocation Failure) 2231M->1257M(3231M) 165.079ms
[69.050s][info][safepoint] Safepoint "ParallelGCFailedAllocation", Time since last: 141704200 ns, Reaching safepoint: 209499 ns, At safepoint: 165194501 ns, Total: 165404000 ns
[69.451s][info][gc       ] GC(235) Pause Young (Allocation Failure) 2423M->1441M(3185M) 245.715ms
[69.452s][info][safepoint] Safepoint "ParallelGCFailedAllocation", Time since last: 155435099 ns, Reaching safepoint: 154101 ns, At safepoint: 245835900 ns, Total: 245990001 ns
[69.911s][info][gc       ] GC(236) Pause Young (Allocation Failure) 2579M->1571M(3145M) 307.614ms
[69.911s][info][safepoint] Safepoint "ParallelGCFailedAllocation", Time since last: 151626600 ns, Reaching safepoint: 233800 ns, At safepoint: 307772499 ns, Total: 308006299 ns
[70.129s][info][gc       ] GC(237) Pause Young (Allocation Failure) 2708M->1041M(3182M) 67.943ms
[70.129s][info][safepoint] Safepoint "ParallelGCFailedAllocation", Time since last: 149273001 ns, Reaching safepoint: 185899 ns, At safepoint: 68100901 ns, Total: 68286800 ns
[70.344s][info][gc       ] GC(238) Pause Young (Allocation Failure) 2037M->1075M(2507M) 84.553ms
[70.344s][info][safepoint] Safepoint "ParallelGCFailedAllocation", Time since last: 130442900 ns, Reaching safepoint: 192200 ns, At safepoint: 84721900 ns, Total: 84914100 ns
[70.585s][info][gc       ] GC(239) Pause Young (Allocation Failure) 2070M->1133M(3179M) 110.375ms
[70.585s][info][safepoint] Safepoint "ParallelGCFailedAllocation", Time since last: 130375199 ns, Reaching safepoint: 182301 ns, At safepoint: 110582700 ns, Total: 110765001 ns
[70.858s][info][gc       ] GC(240) Pause Young (Allocation Failure) 2165M->1201M(3143M) 141.352ms
[70.858s][info][safepoint] Safepoint "ParallelGCFailedAllocation", Time since last: 131265500 ns, Reaching safepoint: 210699 ns, At safepoint: 141567601 ns, Total: 141778300 ns
[71.148s][info][gc       ] GC(241) Pause Young (Allocation Failure) 2203M->1257M(3176M) 164.908ms
[71.148s][info][safepoint] Safepoint "ParallelGCFailedAllocation", Time since last: 124464100 ns, Reaching safepoint: 200400 ns, At safepoint: 165072999 ns, Total: 165273399 ns
[71.519s][info][gc       ] GC(242) Pause Young (Allocation Failure) 2375M->1393M(3160M) 225.872ms
[71.519s][info][safepoint] Safepoint "ParallelGCFailedAllocation", Time since last: 144460700 ns, Reaching safepoint: 196001 ns, At safepoint: 225981700 ns, Total: 226177701 ns
[71.940s][info][gc       ] GC(243) Pause Young (Allocation Failure) 2511M->1503M(3161M) 272.263ms
[71.940s][info][safepoint] Safepoint "ParallelGCFailedAllocation", Time since last: 148595799 ns, Reaching safepoint: 206501 ns, At safepoint: 272367500 ns, Total: 272574001 ns
[72.114s][info][gc       ] GC(244) Pause Young (Allocation Failure) 2594M->953M(2481M) 28.917ms
[72.114s][info][safepoint] Safepoint "ParallelGCFailedAllocation", Time since last: 144989100 ns, Reaching safepoint: 222500 ns, At safepoint: 29059900 ns, Total: 29282400 ns
[72.322s][info][gc       ] GC(245) Pause Young (Allocation Failure) 2019M->1051M(3232M) 71.147ms
[72.323s][info][safepoint] Safepoint "ParallelGCFailedAllocation", Time since last: 136913800 ns, Reaching safepoint: 215800 ns, At safepoint: 71289200 ns, Total: 71505000 ns
[72.584s][info][gc       ] GC(246) Pause Young (Allocation Failure) 2144M->1157M(2687M) 117.978ms
[72.585s][info][safepoint] Safepoint "ParallelGCFailedAllocation", Time since last: 143636700 ns, Reaching safepoint: 201199 ns, At safepoint: 118142601 ns, Total: 118343800 ns
[72.887s][info][gc       ] GC(247) Pause Young (Allocation Failure) 2201M->1257M(3200M) 165.632ms
[72.887s][info][safepoint] Safepoint "ParallelGCFailedAllocation", Time since last: 136780300 ns, Reaching safepoint: 187300 ns, At safepoint: 165774600 ns, Total: 165961900 ns
[73.262s][info][gc       ] GC(248) Pause Young (Allocation Failure) 2374M->1393M(3175M) 224.263ms
[73.262s][info][safepoint] Safepoint "ParallelGCFailedAllocation", Time since last: 150259300 ns, Reaching safepoint: 196800 ns, At safepoint: 224452499 ns, Total: 224649299 ns
[73.688s][info][gc       ] GC(249) Pause Young (Allocation Failure) 2510M->1502M(3149M) 277.034ms
[73.688s][info][safepoint] Safepoint "ParallelGCFailedAllocation", Time since last: 148656101 ns, Reaching safepoint: 153099 ns, At safepoint: 277163701 ns, Total: 277316800 ns
[73.852s][info][gc       ] GC(250) Pause Young (Allocation Failure) 2566M->932M(2433M) 20.390ms
[73.852s][info][safepoint] Safepoint "ParallelGCFailedAllocation", Time since last: 142853900 ns, Reaching safepoint: 202600 ns, At safepoint: 20529400 ns, Total: 20732000 ns
[74.055s][info][gc       ] GC(251) Pause Young (Allocation Failure) 1996M->1035M(3217M) 65.995ms
[74.055s][info][safepoint] Safepoint "ParallelGCFailedAllocation", Time since last: 136840100 ns, Reaching safepoint: 180400 ns, At safepoint: 66126900 ns, Total: 66307300 ns
[74.305s][info][gc       ] GC(252) Pause Young (Allocation Failure) 2094M->1133M(2633M) 113.387ms
[74.305s][info][safepoint] Safepoint "ParallelGCFailedAllocation", Time since last: 136470099 ns, Reaching safepoint: 179101 ns, At safepoint: 113565100 ns, Total: 113744201 ns
[74.602s][info][gc       ] GC(253) Pause Young (Allocation Failure) 2196M->1232M(3194M) 157.217ms
[74.602s][info][safepoint] Safepoint "ParallelGCFailedAllocation", Time since last: 139645099 ns, Reaching safepoint: 202701 ns, At safepoint: 157350100 ns, Total: 157552801 ns
[74.946s][info][gc       ] GC(254) Pause Young (Allocation Failure) 2327M->1346M(3161M) 200.161ms
[74.946s][info][safepoint] Safepoint "ParallelGCFailedAllocation", Time since last: 142902900 ns, Reaching safepoint: 139000 ns, At safepoint: 200296600 ns, Total: 200435600 ns
[75.333s][info][gc       ] GC(255) Pause Young (Allocation Failure) 2378M->1442M(3194M) 250.298ms
[75.333s][info][safepoint] Safepoint "ParallelGCFailedAllocation", Time since last: 136579200 ns, Reaching safepoint: 193900 ns, At safepoint: 250464600 ns, Total: 250658500 ns
[75.775s][info][gc       ] GC(256) Pause Young (Allocation Failure) 2559M->1551M(3105M) 296.453ms
[75.775s][info][safepoint] Safepoint "ParallelGCFailedAllocation", Time since last: 145474800 ns, Reaching safepoint: 210100 ns, At safepoint: 296579100 ns, Total: 296789200 ns
[75.970s][info][gc       ] GC(257) Pause Young (Allocation Failure) 2649M->996M(3166M) 47.587ms
[75.970s][info][safepoint] Safepoint "ParallelGCFailedAllocation", Time since last: 147081600 ns, Reaching safepoint: 211000 ns, At safepoint: 47731500 ns, Total: 47942500 ns
[76.153s][info][gc       ] GC(258) Pause Young (Allocation Failure) 1972M->1028M(2441M) 60.156ms
[76.154s][info][safepoint] Safepoint "ParallelGCFailedAllocation", Time since last: 122947799 ns, Reaching safepoint: 141400 ns, At safepoint: 60348301 ns, Total: 60489701 ns
[76.342s][info][gc       ] GC(259) Pause Young (Allocation Failure) 1989M->1051M(3172M) 70.528ms
[76.342s][info][safepoint] Safepoint "ParallelGCFailedAllocation", Time since last: 118038900 ns, Reaching safepoint: 150300 ns, At safepoint: 70703400 ns, Total: 70853700 ns
[76.570s][info][gc       ] GC(260) Pause Young (Allocation Failure) 2050M->1098M(2534M) 93.584ms
[76.570s][info][safepoint] Safepoint "ParallelGCFailedAllocation", Time since last: 133976699 ns, Reaching safepoint: 182301 ns, At safepoint: 93761400 ns, Total: 93943701 ns
[76.808s][info][gc       ] GC(261) Pause Young (Allocation Failure) 2079M->1133M(3164M) 110.592ms
[76.808s][info][safepoint] Safepoint "ParallelGCFailedAllocation", Time since last: 126395700 ns, Reaching safepoint: 206000 ns, At safepoint: 110699100 ns, Total: 110905100 ns
[77.104s][info][gc       ] GC(262) Pause Young (Allocation Failure) 2202M->1238M(3147M) 154.533ms
[77.104s][info][safepoint] Safepoint "ParallelGCFailedAllocation", Time since last: 141323400 ns, Reaching safepoint: 176399 ns, At safepoint: 154639401 ns, Total: 154815800 ns
[77.441s][info][gc       ] GC(263) Pause Young (Allocation Failure) 2307M->1326M(3212M) 196.174ms
[77.441s][info][safepoint] Safepoint "ParallelGCFailedAllocation", Time since last: 140621699 ns, Reaching safepoint: 183901 ns, At safepoint: 196323100 ns, Total: 196507001 ns
[77.827s][info][gc       ] GC(264) Pause Young (Allocation Failure) 2377M->1442M(3219M) 245.623ms
[77.827s][info][safepoint] Safepoint "ParallelGCFailedAllocation", Time since last: 140124099 ns, Reaching safepoint: 156800 ns, At safepoint: 245748401 ns, Total: 245905201 ns
[77.992s][info][gc       ] GC(265) Pause Young (Allocation Failure) 2601M->898M(3223M) 10.944ms
[77.992s][info][safepoint] Safepoint "ParallelGCFailedAllocation", Time since last: 153816499 ns, Reaching safepoint: 162500 ns, At safepoint: 11079001 ns, Total: 11241501 ns
[78.201s][info][gc       ] GC(266) Pause Young (Allocation Failure) 2016M->1044M(2599M) 69.137ms
[78.201s][info][safepoint] Safepoint "ParallelGCFailedAllocation", Time since last: 139166100 ns, Reaching safepoint: 122400 ns, At safepoint: 69301300 ns, Total: 69423700 ns
[78.474s][info][gc       ] GC(267) Pause Young (Allocation Failure) 2162M->1175M(3258M) 126.013ms
[78.474s][info][safepoint] Safepoint "ParallelGCFailedAllocation", Time since last: 146626700 ns, Reaching safepoint: 185899 ns, At safepoint: 126176501 ns, Total: 126362400 ns
[78.843s][info][gc       ] GC(268) Pause Young (Allocation Failure) 2352M->1371M(3225M) 213.550ms
[78.843s][info][safepoint] Safepoint "ParallelGCFailedAllocation", Time since last: 155202600 ns, Reaching safepoint: 168099 ns, At safepoint: 213717901 ns, Total: 213886000 ns
[79.293s][info][gc       ] GC(269) Pause Young (Allocation Failure) 2548M->1540M(3113M) 292.130ms
[79.293s][info][safepoint] Safepoint "ParallelGCFailedAllocation", Time since last: 158236900 ns, Reaching safepoint: 211899 ns, At safepoint: 292227400 ns, Total: 292439299 ns
[79.453s][info][gc       ] GC(270) Pause Young (Allocation Failure) 2578M->935M(2410M) 21.186ms
[79.453s][info][safepoint] Safepoint "ParallelGCFailedAllocation", Time since last: 138186601 ns, Reaching safepoint: 238900 ns, At safepoint: 21331299 ns, Total: 21570199 ns
[79.633s][info][gc       ] GC(271) Pause Young (Allocation Failure) 1953M->996M(3211M) 47.434ms
[79.633s][info][safepoint] Safepoint "ParallelGCFailedAllocation", Time since last: 131731401 ns, Reaching safepoint: 227900 ns, At safepoint: 47543100 ns, Total: 47771000 ns
[79.855s][info][gc       ] GC(272) Pause Young (Allocation Failure) 2048M->1080M(2569M) 85.073ms
[79.855s][info][safepoint] Safepoint "ParallelGCFailedAllocation", Time since last: 136920200 ns, Reaching safepoint: 141600 ns, At safepoint: 85259500 ns, Total: 85401100 ns
[80.092s][info][gc       ] GC(273) Pause Young (Allocation Failure) 2082M->1133M(3199M) 108.064ms
[80.093s][info][safepoint] Safepoint "ParallelGCFailedAllocation", Time since last: 129143100 ns, Reaching safepoint: 197900 ns, At safepoint: 108203300 ns, Total: 108401200 ns
[80.396s][info][gc       ] GC(274) Pause Young (Allocation Failure) 2228M->1257M(3159M) 161.524ms
[80.396s][info][safepoint] Safepoint "ParallelGCFailedAllocation", Time since last: 141765900 ns, Reaching safepoint: 178900 ns, At safepoint: 161646800 ns, Total: 161825700 ns
