[0.012s][info][gc] Heuristics ergonomically sets -XX:+ExplicitGCInvokesConcurrent
[0.012s][info][gc] Heuristics ergonomically sets -XX:+ShenandoahImplicitGCInvokesConcurrent
[0.013s][info][gc] Using Shenandoah
[1.168s][info][safepoint] Safepoint "Cleanup", Time since last: 1148325900 ns, Reaching safepoint: 840100 ns, At safepoint: 115400 ns, Total: 955500 ns
[1.434s][info][gc       ] Trigger: Learning 1 of 5. Free (5682M) is below initial threshold (5685M)
[1.435s][info][gc       ] GC(0) Concurrent reset 0.694ms
[1.436s][info][gc       ] GC(0) Pause Init Mark (unload classes) 0.476ms
[1.438s][info][safepoint] Safepoint "ShenandoahInitMark", Time since last: 267217300 ns, Reaching safepoint: 946000 ns, At safepoint: 2091400 ns, Total: 3037400 ns
[1.438s][info][gc       ] GC(0) Concurrent marking roots 0.250ms
[1.454s][info][gc       ] GC(0) Concurrent marking (unload classes) 15.263ms
[1.455s][info][gc       ] GC(0) Pause Final Mark (unload classes) 0.463ms
[1.455s][info][safepoint] Safepoint "ShenandoahFinalMarkStartEvac", Time since last: 15649200 ns, Reaching safepoint: 743400 ns, At safepoint: 565800 ns, Total: 1309200 ns
[1.455s][info][gc       ] GC(0) Concurrent weak references 0.209ms
[1.456s][info][gc       ] GC(0) Concurrent weak roots 0.513ms
[1.456s][info][gc       ] GC(0) Concurrent cleanup 1999M->143M(2084M) 0.101ms
[1.456s][info][gc       ] GC(0) Concurrent class unloading 0.491ms
[1.457s][info][gc       ] GC(0) Pause Final Roots 0.005ms
[1.457s][info][safepoint] Safepoint "ShenandoahFinalRoots", Time since last: 1469600 ns, Reaching safepoint: 167000 ns, At safepoint: 65700 ns, Total: 232700 ns
[1.457s][info][safepoint] Safepoint "CleanClassLoaderDataMetaspaces", Time since last: 113900 ns, Reaching safepoint: 195800 ns, At safepoint: 60500 ns, Total: 256300 ns
[1.662s][info][gc       ] Trigger: Learning 2 of 5. Free (5674M) is below initial threshold (5685M)
[1.663s][info][gc       ] GC(1) Concurrent reset 0.462ms
[1.664s][info][gc       ] GC(1) Pause Init Mark (unload classes) 0.127ms
[1.664s][info][safepoint] Safepoint "ShenandoahInitMark", Time since last: 205948000 ns, Reaching safepoint: 368700 ns, At safepoint: 217500 ns, Total: 586200 ns
[1.664s][info][gc       ] GC(1) Concurrent marking roots 0.231ms
[1.686s][info][gc       ] GC(1) Concurrent marking (unload classes) 22.156ms
[1.687s][info][gc       ] GC(1) Pause Final Mark (unload classes) 0.587ms
[1.687s][info][safepoint] Safepoint "ShenandoahFinalMarkStartEvac", Time since last: 22538300 ns, Reaching safepoint: 189500 ns, At safepoint: 701600 ns, Total: 891100 ns
[1.687s][info][gc       ] GC(1) Concurrent weak references 0.193ms
[1.688s][info][gc       ] GC(1) Concurrent weak roots 0.432ms
[1.688s][info][gc       ] GC(1) Concurrent cleanup 2057M->199M(2138M) 0.042ms
[1.688s][info][gc       ] GC(1) Concurrent class unloading 0.625ms
[1.689s][info][gc       ] GC(1) Pause Final Roots 0.003ms
[1.689s][info][safepoint] Safepoint "ShenandoahFinalRoots", Time since last: 1499300 ns, Reaching safepoint: 140600 ns, At safepoint: 70600 ns, Total: 211200 ns
[1.877s][info][gc       ] Trigger: Learning 3 of 5. Free (5680M) is below initial threshold (5685M)
[1.877s][info][gc       ] GC(2) Concurrent reset 0.443ms
[1.877s][info][gc       ] GC(2) Pause Init Mark (unload classes) 0.183ms
[1.877s][info][safepoint] Safepoint "ShenandoahInitMark", Time since last: 188493000 ns, Reaching safepoint: 47100 ns, At safepoint: 218700 ns, Total: 265800 ns
[1.878s][info][gc       ] GC(2) Concurrent marking roots 0.284ms
[1.903s][info][gc       ] GC(2) Concurrent marking (unload classes) 24.941ms
[1.904s][info][gc       ] GC(2) Pause Final Mark (unload classes) 0.542ms
[1.904s][info][safepoint] Safepoint "ShenandoahFinalMarkStartEvac", Time since last: 25353500 ns, Reaching safepoint: 118600 ns, At safepoint: 576900 ns, Total: 695500 ns
[1.904s][info][gc       ] GC(2) Concurrent weak references 0.095ms
[1.904s][info][gc       ] GC(2) Concurrent weak roots 0.798ms
[1.905s][info][gc       ] GC(2) Concurrent cleanup 2096M->250M(2182M) 0.068ms
[1.905s][info][gc       ] GC(2) Concurrent class unloading 0.540ms
[1.906s][info][gc       ] GC(2) Pause Final Roots 0.003ms
[1.906s][info][safepoint] Safepoint "ShenandoahFinalRoots", Time since last: 1698600 ns, Reaching safepoint: 265500 ns, At safepoint: 32700 ns, Total: 298200 ns
[2.091s][info][gc       ] Trigger: Learning 4 of 5. Free (5680M) is below initial threshold (5685M)
[2.091s][info][gc       ] GC(3) Concurrent reset 0.553ms
[2.092s][info][gc       ] GC(3) Pause Init Mark (unload classes) 0.203ms
[2.092s][info][safepoint] Safepoint "ShenandoahInitMark", Time since last: 185803000 ns, Reaching safepoint: 273800 ns, At safepoint: 242700 ns, Total: 516500 ns
[2.092s][info][gc       ] GC(3) Concurrent marking roots 0.274ms
[2.117s][info][gc       ] GC(3) Concurrent marking (unload classes) 24.633ms
[2.118s][info][gc       ] GC(3) Pause Final Mark (unload classes) 0.461ms
[2.118s][info][safepoint] Safepoint "ShenandoahFinalMarkStartEvac", Time since last: 25035600 ns, Reaching safepoint: 566500 ns, At safepoint: 489600 ns, Total: 1056100 ns
[2.118s][info][gc       ] GC(3) Concurrent weak references 0.175ms
[2.119s][info][gc       ] GC(3) Concurrent weak roots 0.474ms
[2.119s][info][gc       ] GC(3) Concurrent cleanup 2125M->274M(2214M) 0.040ms
[2.120s][info][gc       ] GC(3) Concurrent class unloading 0.898ms
[2.120s][info][gc       ] GC(3) Pause Final Roots 0.003ms
[2.120s][info][safepoint] Safepoint "ShenandoahFinalRoots", Time since last: 1738500 ns, Reaching safepoint: 249900 ns, At safepoint: 81100 ns, Total: 331000 ns
[2.301s][info][gc       ] Trigger: Learning 5 of 5. Free (5664M) is below initial threshold (5685M)
[2.301s][info][gc       ] GC(4) Concurrent reset 0.505ms
[2.302s][info][gc       ] GC(4) Pause Init Mark (unload classes) 0.123ms
[2.302s][info][safepoint] Safepoint "ShenandoahInitMark", Time since last: 181219400 ns, Reaching safepoint: 858700 ns, At safepoint: 223600 ns, Total: 1082300 ns
[2.303s][info][gc       ] GC(4) Concurrent marking roots 0.228ms
[2.325s][info][gc       ] GC(4) Concurrent marking (unload classes) 22.349ms
[2.326s][info][gc       ] GC(4) Pause Final Mark (unload classes) 0.388ms
[2.326s][info][safepoint] Safepoint "ShenandoahFinalMarkStartEvac", Time since last: 22654200 ns, Reaching safepoint: 634700 ns, At safepoint: 493200 ns, Total: 1127900 ns
[2.326s][info][gc       ] GC(4) Concurrent weak references 0.087ms
[2.327s][info][gc       ] GC(4) Concurrent weak roots 0.978ms
[2.327s][info][gc       ] GC(4) Concurrent cleanup 2138M->290M(2226M) 0.042ms
[2.328s][info][gc       ] GC(4) Concurrent class unloading 0.729ms
[2.328s][info][gc       ] GC(4) Pause Final Roots 0.002ms
[2.329s][info][safepoint] Safepoint "ShenandoahFinalRoots", Time since last: 1933200 ns, Reaching safepoint: 433100 ns, At safepoint: 95400 ns, Total: 528500 ns
[4.003s][info][gc       ] Trigger: Free (788M) is below minimum threshold (812M)
[4.004s][info][gc       ] GC(5) Concurrent reset 0.642ms
[4.014s][info][gc       ] GC(5) Pause Init Mark (unload classes) 0.230ms
[4.014s][info][safepoint] Safepoint "ShenandoahInitMark", Time since last: 1675320400 ns, Reaching safepoint: 10213800 ns, At safepoint: 323400 ns, Total: 10537200 ns
[4.015s][info][gc       ] GC(5) Concurrent marking roots 0.385ms
[4.069s][info][gc       ] GC(5) Concurrent marking (unload classes) 54.255ms
[4.070s][info][gc       ] GC(5) Pause Final Mark (unload classes) 0.433ms
[4.070s][info][safepoint] Safepoint "ShenandoahFinalMarkStartEvac", Time since last: 54767000 ns, Reaching safepoint: 361100 ns, At safepoint: 505400 ns, Total: 866500 ns
[4.070s][info][gc       ] GC(5) Concurrent weak references 0.064ms
[4.071s][info][gc       ] GC(5) Concurrent weak roots 0.560ms
[4.071s][info][gc       ] GC(5) Concurrent cleanup 6785M->301M(7070M) 0.140ms
[4.072s][info][gc       ] GC(5) Concurrent class unloading 0.692ms
[4.072s][info][gc       ] GC(5) Pause Final Roots 0.003ms
[4.072s][info][safepoint] Safepoint "ShenandoahFinalRoots", Time since last: 1675200 ns, Reaching safepoint: 199800 ns, At safepoint: 98500 ns, Total: 298300 ns
[4.840s][info][gc       ] Trigger: Average GC time (85.43 ms) is above the time for average allocation rate (8249 MB/s) to deplete free headroom (683M) (margin of error = 1.80)
[4.841s][info][gc       ] GC(6) Concurrent reset 0.727ms
[4.842s][info][gc       ] GC(6) Pause Init Mark (unload classes) 0.193ms
[4.842s][info][safepoint] Safepoint "ShenandoahInitMark", Time since last: 769137700 ns, Reaching safepoint: 276900 ns, At safepoint: 252100 ns, Total: 529000 ns
[4.842s][info][gc       ] GC(6) Concurrent marking roots 0.300ms
[4.857s][info][gc       ] GC(6) Concurrent marking (unload classes) 15.222ms
[4.858s][info][gc       ] GC(6) Pause Final Mark (unload classes) 0.489ms
[4.858s][info][safepoint] Safepoint "ShenandoahFinalMarkStartEvac", Time since last: 15669200 ns, Reaching safepoint: 259700 ns, At safepoint: 602500 ns, Total: 862200 ns
[4.858s][info][gc       ] GC(6) Concurrent weak references 0.113ms
[4.859s][info][gc       ] GC(6) Concurrent weak roots 0.319ms
[4.859s][info][gc       ] GC(6) Concurrent cleanup 6489M->211M(7070M) 0.112ms
[4.860s][info][gc       ] GC(6) Concurrent class unloading 0.663ms
[4.860s][info][gc       ] GC(6) Pause Final Roots 0.004ms
[4.860s][info][safepoint] Safepoint "ShenandoahFinalRoots", Time since last: 1409500 ns, Reaching safepoint: 127600 ns, At safepoint: 70700 ns, Total: 198300 ns
[5.525s][info][gc       ] Trigger: Average GC time (70.89 ms) is above the time for average allocation rate (9753 MB/s) to deplete free headroom (685M) (margin of error = 1.80)
[5.525s][info][gc       ] GC(7) Concurrent reset 0.446ms
[5.526s][info][gc       ] GC(7) Pause Init Mark (unload classes) 0.182ms
[5.526s][info][safepoint] Safepoint "ShenandoahInitMark", Time since last: 665325100 ns, Reaching safepoint: 375200 ns, At safepoint: 213200 ns, Total: 588400 ns
[5.526s][info][gc       ] GC(7) Concurrent marking roots 0.376ms
[5.542s][info][gc       ] GC(7) Concurrent marking (unload classes) 16.251ms
[5.543s][info][gc       ] GC(7) Pause Final Mark (unload classes) 0.461ms
[5.543s][info][safepoint] Safepoint "ShenandoahFinalMarkStartEvac", Time since last: 16792800 ns, Reaching safepoint: 159600 ns, At safepoint: 524200 ns, Total: 683800 ns
[5.543s][info][gc       ] GC(7) Concurrent weak references 0.121ms
[5.544s][info][gc       ] GC(7) Concurrent weak roots 0.365ms
[5.544s][info][gc       ] GC(7) Concurrent cleanup 6497M->215M(7070M) 0.112ms
[5.545s][info][gc       ] GC(7) Concurrent class unloading 0.677ms
[5.545s][info][gc       ] GC(7) Pause Final Roots 0.004ms
[5.545s][info][safepoint] Safepoint "ShenandoahFinalRoots", Time since last: 1498100 ns, Reaching safepoint: 200500 ns, At safepoint: 35600 ns, Total: 236100 ns
[6.252s][info][gc       ] Trigger: Average GC time (56.00 ms) is above the time for average allocation rate (9437 MB/s) to deplete free headroom (509M) (margin of error = 1.80)
[6.252s][info][gc       ] GC(8) Concurrent reset 0.565ms
[6.253s][info][gc       ] GC(8) Pause Init Mark (unload classes) 0.196ms
[6.253s][info][safepoint] Safepoint "ShenandoahInitMark", Time since last: 707546500 ns, Reaching safepoint: 362200 ns, At safepoint: 257900 ns, Total: 620100 ns
[6.253s][info][gc       ] GC(8) Concurrent marking roots 0.293ms
[6.263s][info][gc       ] GC(8) Concurrent marking (unload classes) 9.202ms
[6.264s][info][gc       ] GC(8) Pause Final Mark (unload classes) 0.512ms
[6.264s][info][safepoint] Safepoint "ShenandoahFinalMarkStartEvac", Time since last: 9685300 ns, Reaching safepoint: 232600 ns, At safepoint: 573400 ns, Total: 806000 ns
[6.264s][info][gc       ] GC(8) Concurrent weak references 0.178ms
[6.264s][info][gc       ] GC(8) Concurrent weak roots 0.302ms
[6.264s][info][gc       ] GC(8) Concurrent cleanup 6613M->147M(7070M) 0.114ms
[6.265s][info][gc       ] GC(8) Concurrent class unloading 0.818ms
[6.265s][info][gc       ] GC(8) Pause Final Roots 0.003ms
[6.265s][info][safepoint] Safepoint "ShenandoahFinalRoots", Time since last: 1581900 ns, Reaching safepoint: 179000 ns, At safepoint: 81000 ns, Total: 260000 ns
[6.988s][info][gc       ] Trigger: Average GC time (43.97 ms) is above the time for average allocation rate (9466 MB/s) to deplete free headroom (413M) (margin of error = 1.79)
[6.988s][info][gc       ] GC(9) Concurrent reset 0.535ms
[6.989s][info][gc       ] GC(9) Pause Init Mark (unload classes) 0.170ms
[6.989s][info][safepoint] Safepoint "ShenandoahInitMark", Time since last: 722927100 ns, Reaching safepoint: 369700 ns, At safepoint: 252000 ns, Total: 621700 ns
[6.990s][info][gc       ] GC(9) Concurrent marking roots 1.150ms
[7.013s][info][gc       ] GC(9) Concurrent marking (unload classes) 22.888ms
[7.014s][info][gc       ] GC(9) Pause Final Mark (unload classes) 0.476ms
[7.014s][info][safepoint] Safepoint "ShenandoahFinalMarkStartEvac", Time since last: 24194600 ns, Reaching safepoint: 596600 ns, At safepoint: 566000 ns, Total: 1162600 ns
[7.015s][info][gc       ] GC(9) Concurrent weak references 0.166ms
[7.015s][info][gc       ] GC(9) Concurrent weak roots 0.343ms
[7.015s][info][gc       ] GC(9) Concurrent cleanup 6804M->305M(7086M) 0.116ms
[7.016s][info][gc       ] GC(9) Concurrent class unloading 0.777ms
[7.016s][info][gc       ] GC(9) Pause Final Roots 0.002ms
[7.016s][info][safepoint] Safepoint "ShenandoahFinalRoots", Time since last: 1565000 ns, Reaching safepoint: 120900 ns, At safepoint: 60000 ns, Total: 180900 ns
[7.740s][info][gc       ] Trigger: Free (802M) is below minimum threshold (812M)
[7.740s][info][gc       ] GC(10) Concurrent reset 0.449ms
[7.742s][info][gc       ] GC(10) Pause Init Mark (unload classes) 0.411ms
[7.742s][info][safepoint] Safepoint "ShenandoahInitMark", Time since last: 724356300 ns, Reaching safepoint: 754800 ns, At safepoint: 553800 ns, Total: 1308600 ns
[7.742s][info][gc       ] GC(10) Concurrent marking roots 0.307ms
[7.771s][info][gc       ] GC(10) Concurrent marking (unload classes) 29.004ms
[7.772s][info][gc       ] GC(10) Pause Final Mark (unload classes) 0.547ms
[7.772s][info][safepoint] Safepoint "ShenandoahFinalMarkStartEvac", Time since last: 29711900 ns, Reaching safepoint: 292400 ns, At safepoint: 642800 ns, Total: 935200 ns
[7.773s][info][gc       ] GC(10) Concurrent weak references 0.150ms
[7.773s][info][gc       ] GC(10) Concurrent weak roots 0.522ms
[7.773s][info][gc       ] GC(10) Concurrent cleanup 6835M->347M(7114M) 0.115ms
[7.774s][info][gc       ] GC(10) Concurrent class unloading 0.625ms
[7.774s][info][gc       ] GC(10) Pause Final Roots 0.002ms
[7.774s][info][safepoint] Safepoint "ShenandoahFinalRoots", Time since last: 1601000 ns, Reaching safepoint: 162700 ns, At safepoint: 73500 ns, Total: 236200 ns
[8.476s][info][gc       ] Trigger: Average GC time (45.10 ms) is above the time for average allocation rate (9421 MB/s) to deplete free headroom (411M) (margin of error = 1.80)
[8.476s][info][gc       ] GC(11) Concurrent reset 0.581ms
[8.477s][info][gc       ] GC(11) Pause Init Mark (unload classes) 0.211ms
[8.478s][info][safepoint] Safepoint "ShenandoahInitMark", Time since last: 702231100 ns, Reaching safepoint: 747100 ns, At safepoint: 282000 ns, Total: 1029100 ns
[8.478s][info][gc       ] GC(11) Concurrent marking roots 0.311ms
[8.505s][info][gc       ] GC(11) Concurrent marking (unload classes) 27.494ms
[8.506s][info][gc       ] GC(11) Pause Final Mark (unload classes) 0.520ms
[8.506s][info][safepoint] Safepoint "ShenandoahFinalMarkStartEvac", Time since last: 27989100 ns, Reaching safepoint: 195300 ns, At safepoint: 600900 ns, Total: 796200 ns
[8.507s][info][gc       ] GC(11) Concurrent weak references 0.176ms
[8.508s][info][gc       ] GC(11) Concurrent weak roots 0.918ms
[8.508s][info][gc       ] GC(11) Concurrent cleanup 6846M->373M(7126M) 0.123ms
[8.508s][info][gc       ] GC(11) Concurrent class unloading 0.690ms
[8.509s][info][gc       ] GC(11) Pause Final Roots 0.003ms
[8.509s][info][safepoint] Safepoint "ShenandoahFinalRoots", Time since last: 2148500 ns, Reaching safepoint: 150000 ns, At safepoint: 81000 ns, Total: 231000 ns
[8.612s][info][gc       ] Cancelling GC: Stopping VM
