[0.009s][info][gc] Using Epsilon
[1.148s][info][safepoint] Safepoint "Cleanup", Time since last: 1134049800 ns, Reaching safepoint: 67800 ns, At safepoint: 900 ns, Total: 68700 ns
[2.001s][info][gc       ] Heap: 8122M reserved, 507M (6.25%) committed, 406M (5.01%) used
[2.096s][info][gc       ] Heap: 8122M reserved, 891M (10.98%) committed, 815M (10.04%) used
[2.182s][info][gc       ] Heap: 8122M reserved, 1275M (15.71%) committed, 1221M (15.05%) used
[2.275s][info][gc       ] Heap: 8122M reserved, 1659M (20.43%) committed, 1631M (20.09%) used
[2.361s][info][gc       ] Heap: 8122M reserved, 2043M (25.16%) committed, 2037M (25.09%) used
[2.444s][info][gc       ] Heap: 8122M reserved, 2555M (31.47%) committed, 2446M (30.13%) used
[2.527s][info][gc       ] Heap: 8122M reserved, 2939M (36.19%) committed, 2856M (35.17%) used
[2.613s][info][gc       ] Heap: 8122M reserved, 3323M (40.92%) committed, 3262M (40.17%) used
[2.698s][info][gc       ] Heap: 8122M reserved, 3707M (45.65%) committed, 3672M (45.21%) used
[2.783s][info][gc       ] Heap: 8122M reserved, 4091M (50.38%) committed, 4078M (50.22%) used
[2.867s][info][gc       ] Heap: 8122M reserved, 4603M (56.68%) committed, 4484M (55.22%) used
[2.950s][info][gc       ] Heap: 8122M reserved, 4987M (61.41%) committed, 4893M (60.25%) used
[3.149s][info][safepoint] Safepoint "Cleanup", Time since last: 2001000000 ns, Reaching safepoint: 77000 ns, At safepoint: 6000 ns, Total: 83000 ns
[3.230s][info][gc       ] Heap: 8122M reserved, 5371M (66.14%) committed, 5301M (65.27%) used
[3.351s][info][gc       ] Heap: 8122M reserved, 5755M (70.86%) committed, 5707M (70.27%) used
[3.460s][info][gc       ] Heap: 8122M reserved, 6139M (75.59%) committed, 6114M (75.29%) used
[3.573s][info][gc       ] Heap: 8122M reserved, 6523M (80.32%) committed, 6522M (80.31%) used
[3.682s][info][gc       ] Heap: 8122M reserved, 7035M (86.62%) committed, 6931M (85.35%) used
[3.787s][info][gc       ] Heap: 8122M reserved, 7419M (91.35%) committed, 7338M (90.35%) used
[3.893s][info][gc       ] Heap: 8122M reserved, 7803M (96.08%) committed, 7744M (95.35%) used
