[0.207s][info][gc] [GCHH : Zing name     : Zing 64-Bit Tiered VM mixed mode ]
[0.207s][info][gc] [GCHH : Zing release  : 17.0.4.1-zing_22.09.0.0-b2-product-linux-X86_64 ]
[0.207s][info][gc] [GCHH : OS name       : Linux ]
[0.207s][info][gc] [GCHH : OS release    : 5.10.102.1-microsoft-standard-WSL2 #1 SMP Wed Mar 2 00:30:59 UTC 2022 ]
[0.207s][info][gc] [GCHH : hardware      : x86_64 ]
[0.207s][info][gc] [GCHH : ncpus         : 16 16 8 16 8 ]
[0.207s][info][gc] [GCHH : TSC           : scaling_driver NA tsc on constant_tsc on nonstop_tsc on distrust_calculated_tsc_freq no UseRdtscForVMInternal false UseRdtsc false ]
[0.207s][info][gc] [GCHH : machine name  : ZUEN51878 ]
[0.207s][info][gc] [GCHH : CGroups information: ]
[0.207s][info][gc] [GCHH :   Container Type                   : cgroupv1 ]
[0.207s][info][gc] [GCHH :   Active processor count           : 16 ]
[0.207s][info][gc] [GCHH :   Active processor count(internal) : 16 ]
[0.207s][info][gc] [GCHH :   Available memory nodes           : 0 ]
[0.207s][info][gc] [GCHH :   Available CPUs                   : 0-15 ]
[0.207s][info][gc] [GCHH :   CPU quota, us                    : -1 ]
[0.207s][info][gc] [GCHH :   CPU period, us                   : 100000 ]
[0.207s][info][gc] [GCHH :   CPU shares                       : -1 ]
[0.207s][info][gc] [GCHH :   Memory and swap limit, bytes     : -1 ]
[0.207s][info][gc] [GCHH :   Memory limit, bytes              : -1 ]
[0.207s][info][gc] [GCHH :   Memory soft limit, bytes         : -1 ]
[0.207s][info][gc] [GCHH : start time    : Wed Oct 12 22:27:15 CST 2022 ]
[0.207s][info][gc] [GCHH : start time ms : 1665584835594 ]
[0.207s][info][gc] [GCHH : process id    : 1712 ]
[0.207s][info][gc] [GCHH : sequence no.  : 0 ]
[0.207s][info][gc] [GCHH : Memory configuration and use (MB) : ]
[0.207s][info][gc] [GCHH :   System RAM max             : 25429 ]
[0.207s][info][gc] [GCHH :   System RAM free            : 24115 ]
[0.207s][info][gc] [GCHH :   Use ZST                    : false ]
[0.207s][info][gc] [GCHH :   Process Zing maximum              : 6356 ]
[0.207s][info][gc] [GCHH :   Process Zing reserved (-Xmx)      : 6356 ]
[0.207s][info][gc] [GCHH :   Process Zing initial  (-Xms)      : 512 ]
[0.207s][info][gc] [GCHH :   Code cache location     : C Heap Memory ]
[0.207s][info][gc] [GCHH :   Code cache mlocked      : false ]
[0.207s][info][gc] [GCHH :   Code cache min          : 16 ]
[0.207s][info][gc] [GCHH :   Code cache max          : 636 ]
[0.207s][info][gc] [GCHH :   Code cache page size    : THP always (C heap) ]
[0.207s][info][gc] [GCHH :   Side band (C Heap)      : 24 ]
[0.207s][info][gc] [GCHH :   Side band mlocked       : true ]
[0.207s][info][gc] [GCHH :   Side band page size     : Small (Java heap); THP always (C heap) ]
[0.207s][info][gc] [GCHH :   Monitor cache location  : C Heap Memory ]
[0.207s][info][gc] [GCHH :   Monitor cache mlocked   : true ]
[0.207s][info][gc] [GCHH :   Monitor cache min       : 0 ]
[0.207s][info][gc] [GCHH :   Monitor cache max       : 512 ]
[0.207s][info][gc] [GCHH :   Monitor cache page size : THP always (C heap) ]
[0.207s][info][gc] [GCHH :   Enable java heap elasticity : true ]
[0.207s][info][gc] [GCHH :   Force NUMA interleaving     : false ]
[0.207s][info][gc] [GCHH :   Use transparent huge pages for java heap : false ]
[0.207s][info][gc] [GCHH :   Use explicit huge pages for java heap    : false ]
[0.207s][info][gc] [GCHH : Compiler Tier 1 : C1 ]
[0.207s][info][gc] [GCHH : Compiler Tier 2 : Falcon ]
[0.207s][info][gc] [GCHH : Garbage collection type     : C4 ]
[0.207s][info][gc] [GCHH : GenPauseless Phase Encoding : Sparse ]
[0.207s][info][gc] [GCHH : GenPauseless GC physical use soft limits (MB) : ]
[0.207s][info][gc] [GCHH :   New Generation          : 6356 ]
[0.207s][info][gc] [GCHH :   Old/Perm Generations    : 6356 ]
[0.207s][info][gc] [GCHH : GenPauseless GC virtual use limits (MB) : ]
[0.207s][info][gc] [GCHH :   New Generation          : 6356 ]
[0.207s][info][gc] [GCHH :   Old/Perm Generations    : 6356 ]
[0.207s][info][gc] [GCHH : GenPauseless GC thread counts : ]
[0.207s][info][gc] [GCHH :   Max New GC threads     : 8 ]
[0.207s][info][gc] [GCHH :   Max Old GC threads     : 4 ]
[0.207s][info][gc] [GCHH :   Page Zeroing threads   : 1 ]
[0.207s][info][gc] [GCHH :   Heap Commit threads    : 1 ]
[0.207s][info][gc] [GCHH : Dynamic GC thread count scheme      : Partial ]
[0.207s][info][gc] [GCHH : Enable CPU usage based heuristics   : true ]
[0.207s][info][gc] [GCHH : UseThreadStateNativeWrapperProtocol : true ]
[0.207s][info][gc] [GCHH : jvm arguments : -javaagent:jHiccup.jar -XX:+PrintCommandLineFlags -XX:+UnlockExperimentalVMOptions -Xlog:gc,safepoint:./gc-UseC4GC.log -Dcom.sun.management.jmxremote.port=9010 -Dcom.sun.management.jmxremote.rmi.port=9010 -Dcom.sun.management.jmxremote.local.only=false -Dcom.sun.management.jmxremote.authenticate=false -Dcom.sun.management.jmxremote.ssl=false ]
[0.207s][info][gc] [GCHH : jvm flags     : none ]
[0.207s][info][gc] [GCHH : java command  : JVMBenchmark-1.0-SNAPSHOT.jar ]
[0.207s][info][gc] [GCHS : Affected by MCU Erratum SKX102 : false]
[0.207s][info][gc] [GCHS : MCU Erratum SKX102 mitigation  : not applied]
[0.208s][info][gc] [GCHS : /proc/cpuinfo]
[0.208s][info][gc] [GCHS : processor	: 15]
[0.208s][info][gc] [GCHS : vendor_id	: GenuineIntel]
[0.208s][info][gc] [GCHS : cpu family	: 6]
[0.208s][info][gc] [GCHS : model		: 141]
[0.208s][info][gc] [GCHS : model name	: 11th Gen Intel(R) Core(TM) i9-11950H @ 2.60GHz]
[0.208s][info][gc] [GCHS : stepping	: 1]
[0.208s][info][gc] [GCHS : microcode	: 0xffffffff]
[0.208s][info][gc] [GCHS : cpu MHz		: 2611.199]
[0.208s][info][gc] [GCHS : cache size	: 24576 KB]
[0.208s][info][gc] [GCHS : physical id	: 0]
[0.208s][info][gc] [GCHS : siblings	: 16]
[0.208s][info][gc] [GCHS : core id		: 7]
[0.208s][info][gc] [GCHS : cpu cores	: 8]
[0.208s][info][gc] [GCHS : apicid		: 15]
[0.208s][info][gc] [GCHS : initial apicid	: 15]
[0.208s][info][gc] [GCHS : fpu		: yes]
[0.208s][info][gc] [GCHS : fpu_exception	: yes]
[0.208s][info][gc] [GCHS : cpuid level	: 21]
[0.208s][info][gc] [GCHS : wp		: yes]
[0.208s][info][gc] [GCHS : flags		: fpu vme de pse tsc msr pae mce cx8 apic sep mtrr pge mca cmov pat pse36 clflush mmx fxsr sse sse2 ss ht syscall nx pdpe1gb rdtscp lm constant_tsc rep_good nopl xtopology tsc_reliable nonstop_tsc cpuid pni pclmulqdq ssse3 fma cx16 pcid sse4_1 sse4_2 movbe popcnt aes xsave avx f16c rdrand hypervisor lahf_lm abm 3dnowprefetch invpcid_single ssbd ibrs ibpb stibp ibrs_enhanced fsgsbase bmi1 avx2 smep bmi2 erms invpcid avx512f avx512dq rdseed adx smap avx512ifma clflushopt clwb avx512cd sha_ni avx512bw avx512vl xsaveopt xsavec xgetbv1 xsaves avx512vbmi umip avx512_vbmi2 gfni vaes vpclmulqdq avx512_vnni avx512_bitalg avx512_vpopcntdq rdpid fsrm avx512_vp2intersect flush_l1d arch_capabilities]
[0.208s][info][gc] [GCHS : bugs		: spectre_v1 spectre_v2 spec_store_bypass swapgs]
[0.208s][info][gc] [GCHS : bogomips	: 5222.39]
[0.208s][info][gc] [GCHS : clflush size	: 64]
[0.208s][info][gc] [GCHS : cache_alignment	: 64]
[0.208s][info][gc] [GCHS : address sizes	: 39 bits physical, 48 bits virtual]
[0.208s][info][gc] [GCHS : power management:]
[0.208s][info][gc] [GCHS : /sys/devices/system/cpu/vulnerabilities]
[0.208s][info][gc] [GCHS : spectre_v2        : Mitigation: Enhanced IBRS, IBPB: conditional, RSB filling]
[0.208s][info][gc] [GCHS : itlb_multihit     : Not affected]
[0.208s][info][gc] [GCHS : mds               : Not affected]
[0.208s][info][gc] [GCHS : l1tf              : Not affected]
[0.208s][info][gc] [GCHS : spec_store_bypass : Mitigation: Speculative Store Bypass disabled via prctl and seccomp]
[0.208s][info][gc] [GCHS : tsx_async_abort   : Not affected]
[0.208s][info][gc] [GCHS : spectre_v1        : Mitigation: usercopy/swapgs barriers and __user pointer sanitization]
[0.208s][info][gc] [GCHS : srbds             : Not affected]
[0.208s][info][gc] [GCHS : meltdown          : Not affected]
[0.208s][info][gc] [GCHS : /proc/self/limits]
[0.208s][info][gc] [GCHS : Limit                     Soft Limit           Hard Limit           Units     ]
[0.208s][info][gc] [GCHS : Max cpu time              unlimited            unlimited            seconds   ]
[0.208s][info][gc] [GCHS : Max file size             unlimited            unlimited            bytes     ]
[0.208s][info][gc] [GCHS : Max data size             unlimited            unlimited            bytes     ]
[0.208s][info][gc] [GCHS : Max stack size            8388608              unlimited            bytes     ]
[0.208s][info][gc] [GCHS : Max core file size        0                    unlimited            bytes     ]
[0.208s][info][gc] [GCHS : Max resident set          unlimited            unlimited            bytes     ]
[0.208s][info][gc] [GCHS : Max processes             101697               101697               processes ]
[0.208s][info][gc] [GCHS : Max open files            4096                 4096                 files     ]
[0.208s][info][gc] [GCHS : Max locked memory         65536                65536                bytes     ]
[0.208s][info][gc] [GCHS : Max address space         unlimited            unlimited            bytes     ]
[0.208s][info][gc] [GCHS : Max file locks            unlimited            unlimited            locks     ]
[0.208s][info][gc] [GCHS : Max pending signals       101697               101697               signals   ]
[0.208s][info][gc] [GCHS : Max msgqueue size         819200               819200               bytes     ]
[0.208s][info][gc] [GCHS : Max nice priority         0                    0                    ]
[0.208s][info][gc] [GCHS : Max realtime priority     0                    0                    ]
[0.208s][info][gc] [GCHS : Max realtime timeout      unlimited            unlimited            us        ]
[0.208s][info][gc] [GCHS : /proc/self/status]
[0.208s][info][gc] [GCHS : Cpus_allowed:	ffff]
[0.208s][info][gc] [GCHS : Cpus_allowed_list:	0-15]
[0.208s][info][gc] [GCHS : Mems_allowed:	1]
[0.208s][info][gc] [GCHS : Mems_allowed_list:	0]
[0.208s][info][gc] [GCHS : /proc/meminfo]
[0.208s][info][gc] [GCHS : MemTotal:       26039588 kB]
[0.208s][info][gc] [GCHS : MemFree:        24694004 kB]
[0.208s][info][gc] [GCHS : MemAvailable:   25352324 kB]
[0.208s][info][gc] [GCHS : Buffers:           19344 kB]
[0.208s][info][gc] [GCHS : Cached:           994404 kB]
[0.208s][info][gc] [GCHS : SwapCached:            0 kB]
[0.208s][info][gc] [GCHS : Active:           323340 kB]
[0.208s][info][gc] [GCHS : Inactive:         838504 kB]
[0.208s][info][gc] [GCHS : Active(anon):         76 kB]
[0.208s][info][gc] [GCHS : Inactive(anon):   213644 kB]
[0.208s][info][gc] [GCHS : Active(file):     323264 kB]
[0.208s][info][gc] [GCHS : Inactive(file):   624860 kB]
[0.208s][info][gc] [GCHS : Unevictable:           0 kB]
[0.208s][info][gc] [GCHS : Mlocked:               0 kB]
[0.208s][info][gc] [GCHS : SwapTotal:       7340032 kB]
[0.208s][info][gc] [GCHS : SwapFree:        7340032 kB]
[0.208s][info][gc] [GCHS : Dirty:                84 kB]
[0.208s][info][gc] [GCHS : Writeback:             0 kB]
[0.208s][info][gc] [GCHS : AnonPages:        148160 kB]
[0.208s][info][gc] [GCHS : Mapped:            44000 kB]
[0.208s][info][gc] [GCHS : Shmem:             65592 kB]
[0.208s][info][gc] [GCHS : KReclaimable:      49024 kB]
[0.208s][info][gc] [GCHS : Slab:              83384 kB]
[0.208s][info][gc] [GCHS : SReclaimable:      49024 kB]
[0.208s][info][gc] [GCHS : SUnreclaim:        34360 kB]
[0.208s][info][gc] [GCHS : KernelStack:        3136 kB]
[0.208s][info][gc] [GCHS : PageTables:          800 kB]
[0.208s][info][gc] [GCHS : NFS_Unstable:          0 kB]
[0.208s][info][gc] [GCHS : Bounce:                0 kB]
[0.208s][info][gc] [GCHS : WritebackTmp:          0 kB]
[0.208s][info][gc] [GCHS : CommitLimit:    20359824 kB]
[0.208s][info][gc] [GCHS : Committed_AS:     207512 kB]
[0.208s][info][gc] [GCHS : VmallocTotal:   34359738367 kB]
[0.208s][info][gc] [GCHS : VmallocUsed:       24792 kB]
[0.208s][info][gc] [GCHS : VmallocChunk:          0 kB]
[0.208s][info][gc] [GCHS : Percpu:             5376 kB]
[0.208s][info][gc] [GCHS : AnonHugePages:         0 kB]
[0.208s][info][gc] [GCHS : ShmemHugePages:        0 kB]
[0.208s][info][gc] [GCHS : ShmemPmdMapped:        0 kB]
[0.208s][info][gc] [GCHS : FileHugePages:         0 kB]
[0.208s][info][gc] [GCHS : FilePmdMapped:         0 kB]
[0.208s][info][gc] [GCHS : HugePages_Total:       0]
[0.208s][info][gc] [GCHS : HugePages_Free:        0]
[0.208s][info][gc] [GCHS : HugePages_Rsvd:        0]
[0.208s][info][gc] [GCHS : HugePages_Surp:        0]
[0.208s][info][gc] [GCHS : Hugepagesize:       2048 kB]
[0.208s][info][gc] [GCHS : Hugetlb:               0 kB]
[0.208s][info][gc] [GCHS : DirectMap4k:       17408 kB]
[0.208s][info][gc] [GCHS : DirectMap2M:     3526656 kB]
[0.208s][info][gc] [GCHS : DirectMap1G:    23068672 kB]
[0.208s][info][gc] [GCHS : /proc/sys/vm/admin_reserve_kbytes                                               : 8192]
[0.208s][info][gc] [GCHS : /proc/sys/vm/block_dump                                                         : 0]
[0.208s][info][gc] [GCHS : /proc/sys/vm/dirty_background_bytes                                             : 0]
[0.208s][info][gc] [GCHS : /proc/sys/vm/dirty_background_ratio                                             : 10]
[0.208s][info][gc] [GCHS : /proc/sys/vm/dirty_bytes                                                        : 0]
[0.208s][info][gc] [GCHS : /proc/sys/vm/dirty_expire_centisecs                                             : 3000]
[0.208s][info][gc] [GCHS : /proc/sys/vm/dirty_ratio                                                        : 20]
[0.208s][info][gc] [GCHS : /proc/sys/vm/dirty_writeback_centisecs                                          : 500]
[0.208s][info][gc] [GCHS : /proc/sys/vm/extfrag_threshold                                                  : 500]
[0.208s][info][gc] [GCHS : /proc/sys/vm/hugetlb_shm_group                                                  : 0]
[0.208s][info][gc] [GCHS : /proc/sys/vm/laptop_mode                                                        : 0]
[0.208s][info][gc] [GCHS : /proc/sys/vm/legacy_va_layout                                                   : 0]
[0.208s][info][gc] [GCHS : /proc/sys/vm/lowmem_reserve_ratio                                               : 256	256	32	0	0]
[0.208s][info][gc] [GCHS : /proc/sys/vm/max_map_count                                                      : 65530]
[0.208s][info][gc] [GCHS : /proc/sys/vm/min_free_kbytes                                                    : 67584]
[0.208s][info][gc] [GCHS : /proc/sys/vm/mmap_min_addr                                                      : 65536]
[0.208s][info][gc] [GCHS : /proc/sys/vm/nr_hugepages                                                       : 0]
[0.208s][info][gc] [GCHS : /proc/sys/vm/nr_overcommit_hugepages                                            : 0]
[0.208s][info][gc] [GCHS : /proc/sys/vm/oom_dump_tasks                                                     : 1]
[0.208s][info][gc] [GCHS : /proc/sys/vm/oom_kill_allocating_task                                           : 0]
[0.208s][info][gc] [GCHS : /proc/sys/vm/overcommit_kbytes                                                  : 0]
[0.208s][info][gc] [GCHS : /proc/sys/vm/overcommit_memory                                                  : 0]
[0.208s][info][gc] [GCHS : /proc/sys/vm/overcommit_ratio                                                   : 50]
[0.208s][info][gc] [GCHS : /proc/sys/vm/page-cluster                                                       : 3]
[0.208s][info][gc] [GCHS : /proc/sys/vm/panic_on_oom                                                       : 0]
[0.208s][info][gc] [GCHS : /proc/sys/vm/percpu_pagelist_fraction                                           : 0]
[0.208s][info][gc] [GCHS : /proc/sys/vm/stat_interval                                                      : 1]
[0.208s][info][gc] [GCHS : /proc/sys/vm/swappiness                                                         : 60]
[0.208s][info][gc] [GCHS : /proc/sys/vm/vfs_cache_pressure                                                 : 100]
[0.208s][info][gc] [GCHS : /proc/sys/vm/user_reserve_kbytes                                                : 131072]
[0.208s][info][gc] [GCHS : /proc/sys/vm/compact_unevictable_allowed                                        : 1]
[0.208s][info][gc] [GCHS : /proc/sys/vm/dirtytime_expire_seconds                                           : 43200]
[0.208s][info][gc] [GCHS : /proc/sys/vm/watermark_scale_factor                                             : 10]
[0.208s][info][gc] [GCHS : /sys/kernel/mm/hugepages/hugepages-2048kB/free_hugepages                        : 0]
[0.208s][info][gc] [GCHS : /sys/kernel/mm/hugepages/hugepages-2048kB/resv_hugepages                        : 0]
[0.208s][info][gc] [GCHS : /sys/kernel/mm/hugepages/hugepages-2048kB/surplus_hugepages                     : 0]
[0.208s][info][gc] [GCHS : /sys/kernel/mm/hugepages/hugepages-2048kB/nr_hugepages                          : 0]
[0.208s][info][gc] [GCHS : /sys/kernel/mm/hugepages/hugepages-2048kB/nr_overcommit_hugepages               : 0]
[0.208s][info][gc] [GCHS : /sys/kernel/mm/hugepages/hugepages-1048576kB/free_hugepages                     : 0]
[0.208s][info][gc] [GCHS : /sys/kernel/mm/hugepages/hugepages-1048576kB/resv_hugepages                     : 0]
[0.208s][info][gc] [GCHS : /sys/kernel/mm/hugepages/hugepages-1048576kB/surplus_hugepages                  : 0]
[0.208s][info][gc] [GCHS : /sys/kernel/mm/hugepages/hugepages-1048576kB/nr_hugepages                       : 0]
[0.208s][info][gc] [GCHS : /sys/kernel/mm/hugepages/hugepages-1048576kB/nr_overcommit_hugepages            : 0]
[0.208s][info][gc] [GCHS : /sys/kernel/mm/transparent_hugepage/defrag                                      : always defer defer+madvise [madvise] never]
[0.208s][info][gc] [GCHS : /sys/kernel/mm/transparent_hugepage/khugepaged/defrag                           : 1]
[0.208s][info][gc] [GCHS : /sys/kernel/mm/transparent_hugepage/khugepaged/max_ptes_shared                  : 256]
[0.208s][info][gc] [GCHS : /sys/kernel/mm/transparent_hugepage/khugepaged/scan_sleep_millisecs             : 10000]
[0.208s][info][gc] [GCHS : /sys/kernel/mm/transparent_hugepage/khugepaged/max_ptes_none                    : 511]
[0.208s][info][gc] [GCHS : /sys/kernel/mm/transparent_hugepage/khugepaged/pages_to_scan                    : 4096]
[0.208s][info][gc] [GCHS : /sys/kernel/mm/transparent_hugepage/khugepaged/max_ptes_swap                    : 64]
[0.208s][info][gc] [GCHS : /sys/kernel/mm/transparent_hugepage/khugepaged/alloc_sleep_millisecs            : 60000]
[0.208s][info][gc] [GCHS : /sys/kernel/mm/transparent_hugepage/khugepaged/pages_collapsed                  : 18]
[0.208s][info][gc] [GCHS : /sys/kernel/mm/transparent_hugepage/khugepaged/full_scans                       : 12]
[0.208s][info][gc] [GCHS : /sys/kernel/mm/transparent_hugepage/enabled                                     : [always] madvise never]
[0.208s][info][gc] [GCHS : /sys/kernel/mm/transparent_hugepage/use_zero_page                               : 1]
[0.208s][info][gc] [GCHS : /sys/kernel/mm/transparent_hugepage/shmem_enabled                               : always within_size advise [never] deny force]
[0.208s][info][gc] [GCHS : /sys/kernel/mm/transparent_hugepage/hpage_pmd_size                              : 2097152]
[0.208s][info][gc] [GCHS : /sys/kernel/mm/ksm/stable_node_dups                                             : 0]
[0.208s][info][gc] [GCHS : /sys/kernel/mm/ksm/max_page_sharing                                             : 256]
[0.208s][info][gc] [GCHS : /sys/kernel/mm/ksm/pages_volatile                                               : 0]
[0.208s][info][gc] [GCHS : /sys/kernel/mm/ksm/stable_node_chains_prune_millisecs                           : 2000]
[0.208s][info][gc] [GCHS : /sys/kernel/mm/ksm/pages_unshared                                               : 0]
[0.208s][info][gc] [GCHS : /sys/kernel/mm/ksm/stable_node_chains                                           : 0]
[0.208s][info][gc] [GCHS : /sys/kernel/mm/ksm/pages_shared                                                 : 0]
[0.208s][info][gc] [GCHS : /sys/kernel/mm/ksm/use_zero_pages                                               : 0]
[0.208s][info][gc] [GCHS : /sys/kernel/mm/ksm/pages_to_scan                                                : 100]
[0.208s][info][gc] [GCHS : /sys/kernel/mm/ksm/sleep_millisecs                                              : 20]
[0.208s][info][gc] [GCHS : /sys/kernel/mm/ksm/run                                                          : 0]
[0.208s][info][gc] [GCHS : /sys/kernel/mm/ksm/full_scans                                                   : 0]
[0.208s][info][gc] [GCHS : /sys/kernel/mm/ksm/pages_sharing                                                : 0]
[0.208s][info][gc] [GCHS : /sys/kernel/mm/swap/vma_ra_enabled                                              : true]
[0.208s][info][gc] [GCHS : /sys/devices/system/clocksource/clocksource0/current_clocksource                : tsc]
[0.208s][info][gc] [GCHS : /sys/devices/system/clocksource/clocksource0/available_clocksource              : tsc hyperv_clocksource_tsc_page ]
[0.231s][info][gc] [GCH                          : heap usage MB                                                        : gens MB                        : heap info MB                : pages                              : intercycle               intracycle               : gc            : threads  delay       failed      paced       : gc    pause 1   pause 2   pause 3   pause 4   : end]
[0.231s][info][gc] [GCH type label tot_ct-cyc_ct : max peak cur pcommit ppause upause rss codec_cap codec monitors jsys : new old perm internal gen-peak : live frag found cllctd lmtd : prom reloc noreloc rspike sm md lg : sec alloc-rate perm-rate sec alloc-rate perm-rate : thrds md diag : tot      cnt avg max cnt avg max cnt avg max : start start dur start dur start dur start dur : end]
[0.231s][info][gc] [SYSINFOH sysMemUsed cacheActiveFile cacheInactiveFile cacheActiveAnon cacheInactiveAnon swapCached buffers unevictable mlocked mapped : totalSysZingMemAcrossPartitions sysZingMemTot sysZingReservableUsed sysZingReservableTot sysZingContMemUsed sysZingContMemTot sysZingPPMemUsed sysZingPPMemTot : swapUsed swapMax : load1 load5 load15 : pageIn pageOut : swapPageIn swapPageOut : majorFaults cMajorFaults : processes procsRunning procsBlocked procsTotal : cgMem_limit_bytes cgMem_usage_bytes cgMem_max_usage_bytes cgMem_total_rss_bytes cgMem_total_shmem_bytes cgMem_total_active_file_bytes cgMem_total_inactive_file_bytes : cgCPU_usage_ms cgCPU_user_usage_ms cgCPU_system_usage_ms cgCPU_throttle_nof_periods cgCPU_throttle_nof_throttle cgCPU_throttle_throttled_ms : end(s) ]
[0.231s][info][gc] [HUGEPAGESTATH compact_stall compact_success compact_fail compact_pages_moved thp_fault_alloc thp_fault_fallback thp_file_alloc : anon_huge_pages shmem_pmd_mapped shmem_huge_pages : end(s) ]
[0.231s][info][gc] [OBJCREATH newGen(kB) permGen(kB) oldGen(kB) : end(s)]
[0.231s][info][gc] [VMACH vmaMax vmaStack vmaHeap vmaOther vmaCount : end(s)]
[0.231s][info][gc] [HEAPCOMMITH heap(mb) : commit(mb) commitTime(ms) uncommit(mb) uncommitTime(ms) : numDelays avgDelay(ms) maxDelay(ms) : bgPretouch(pages) bgPretouchTime(ms) : end(s) ]
[0.231s][info][gc] [HMSVH gen : maps mapStomps mapReuses mapMisses cacheHits cacheMisses cachePartFlushes cacheFullFlushes : watermark cached cachedMin cachedMax : end(s)]
[0.231s][info][gc] [HMSPH maps : mapped unmapped : end(s)]
[0.231s][info][gc] [GPGC-HH Model MB/sec . .             : KIDRate : EstTime secs : Throttled GC Threads EstTime secs                    : CPU EstTime secs                                                      : Pause EstTime secs : EstTime percent : Sizes MB . .        : KIDCount  : Target MB   : Time(secs) : Heuristic ]
[0.231s][info][gc] [GPGC-HH NewGen OldGen PermGen Direct : KID/sec : NewGC OldGC  : NewGC_Model1 OldGC_Model1 NewGC_Model2 OldGC_Model2  : NewCPU OldCPU NewCPU_Model1 OldCPU_Model1 NewCPU_Model2 OldCPU_Model2 : NewGC_pause1       : NewGC_time      : New Old Perm Direct : KID       : Heap NewGen : Time       : ReasonCode ReasonString ]
[0.231s][info][gc] [COMPSTATSH      : Threads      : CompQueue   : StashQueue  : CompileCounts                                                                                                : StashCounts                                                                                              : TotalTimes ms                         : WaitTimes Histogram                                               : CompileTimes Histogram ]
[0.231s][info][gc] [COMPSTATSH Tier : Total Active : Peak Active : Peak Active : FullMethodCompiles OSRMethodCompiles MethodFailToInstall OSRFailToInstall FullMethodEvicted OSRMethodEvicted : MethodStashCompiles OSRStashCompiles MethodStashFailed OSRStashFailed MethodStashEvicted OSRStashEvicted : CPUTime WallClockTime WaitInQueueTime : 0-9 10-99 100-999 1000-9999 10000-99999 100000-999999 1000000-INF : 0-9 10-99 100-999 1000-9999 10000-99999 100000-999999 1000000-INF ]
[0.231s][info][gc] [DEOPTSTATSH : deoptimization : deoptimization_frame : deopt_on_throw : unloaded : cha : non_static_final_fields : unreached_if : unreached_call : athrow : null_check : div0_check : range_check : range_check_widened : cast_check : unhandled : predicate : loop_limit_check : array_store_check : uninitialized : unloaded_array_class : unexpected_klass_mono : unexpected_klass_bi : unexpected_klass_tri : unexpected_null_cast : intrinsic_check : Reason_fast_intrinsic_check : install_async_ex : new_exception : jvmti : static_in_clinit : stuck_in_loop : tier1_patch_volatile_field : too_many_compiles : deopt_a_lot : uncounted_loop_speculation_failed : loop_nest_speculation_failed : inacc_field_null_rcvr : new_gen_oop_assumption_failed : Reason_devirt_no_profile : unreached_jump : effectively_final_fields : unreached_switch_case ]
[0.231s][info][gc] [DEOPTSTATSH Tier : Entr NonEntr : Entr NonEntr : Entr NonEntr : Entr NonEntr : Entr NonEntr : Entr NonEntr : Entr NonEntr : Entr NonEntr : Entr NonEntr : Entr NonEntr : Entr NonEntr : Entr NonEntr : Entr NonEntr : Entr NonEntr : Entr NonEntr : Entr NonEntr : Entr NonEntr : Entr NonEntr : Entr NonEntr : Entr NonEntr : Entr NonEntr : Entr NonEntr : Entr NonEntr : Entr NonEntr : Entr NonEntr : Entr NonEntr : Entr NonEntr : Entr NonEntr : Entr NonEntr : Entr NonEntr : Entr NonEntr : Entr NonEntr : Entr NonEntr : Entr NonEntr : Entr NonEntr : Entr NonEntr : Entr NonEntr : Entr NonEntr : Entr NonEntr : Entr NonEntr : Entr NonEntr : Entr NonEntr ]
[0.237s][info][gc] [CCFH queuedForFlush queuedForFlushSize flushed flushedSize freedTotal freedTotalSize : bytesAllTypes : c2i2cAdapters c2i2cAdaptersBytes : methodStubs methodStubsBytes : nativeWrappers nativeWrappersBytes : tier1Compiles tier1CompilesBytes : tier2Compiles tier2CompilesBytes : objMonitors objMonitorsBytes : vtables vtablesBytes : mhAdapters mhAdaptersBytes ]
[0.238s][info][gc] [SYSINFO 1314 315 610 0 208 0 18 0 0 42 : - - - - - - - - : 0 7168 : 0.08 0.05 0.01 : 198714 5551308 : 0 0 : 8 0 : 2028 1 0 183 : - 1190113280 79581184 152158208 67178496 330485760 639479808 : 139632189 35350 12510 0 0 0 : 0.238054 ]
[0.238s][info][gc] [HUGEPAGESTAT 0 0 0 - 243 0 0 : 0 0 0 : 0.238054 ]
[0.705s][info][gc] [COMPSTATS 1 : 5 1 : 7 1 : 0 0 : 100 0 0 0 0 0 : 0 0 0 0 0 0 : 42 43 0 : 100 0 0 0 0 0 0 : 99 0 0 0 0 0 0 ]
[0.705s][info][gc] [COMPSTATS 2 : 5 3 : 5 3 : 0 0 : 9 0 0 0 0 0 : 0 0 0 0 0 0 : 381 451 0 : 9 0 0 0 0 0 0 : 0 5 1 0 0 0 0 ]
[0.705s][info][gc] [DEOPTSTATS 1 : 0 0 : 0 0 : 0 0 : 0 0 : 0 0 : 0 0 : 0 0 : 0 0 : 0 0 : 0 0 : 0 0 : 0 0 : 0 0 : 0 0 : 0 0 : 0 0 : 0 0 : 0 0 : 0 0 : 0 0 : 0 0 : 0 0 : 0 0 : 0 0 : 0 0 : 0 0 : 0 0 : 0 0 : 0 0 : 0 0 : 0 0 : 0 0 : 0 0 : 0 0 : 0 0 : 0 0 : 0 0 : 0 0 : 0 0 : 0 0 : 0 0 : 0 0 ]
[0.705s][info][gc] [DEOPTSTATS 2 : 0 0 : 0 0 : 0 0 : 0 0 : 0 0 : 0 0 : 0 1 : 0 0 : 0 0 : 0 0 : 0 0 : 0 0 : 0 0 : 0 0 : 0 0 : 0 0 : 0 0 : 0 0 : 0 0 : 0 0 : 0 0 : 0 0 : 0 0 : 0 0 : 0 0 : 0 0 : 0 0 : 0 0 : 0 0 : 0 0 : 0 0 : 0 0 : 0 0 : 0 0 : 0 0 : 0 0 : 0 0 : 0 0 : 0 0 : 0 0 : 0 0 : 0 0 ]
[1.034s][info][gc] [COMPSTATS 1 : 5 1 : 28 1 : 0 0 : 300 0 0 0 0 0 : 0 0 0 0 0 0 : 156 166 38 : 300 0 0 0 0 0 0 : 299 0 0 0 0 0 0 ]
[1.034s][info][gc] [COMPSTATS 2 : 5 5 : 9 5 : 0 0 : 28 0 0 0 0 0 : 0 0 0 0 0 0 : 1390 1478 494 : 21 6 1 0 0 0 0 : 0 19 4 0 0 0 0 ]
[1.034s][info][gc] [DEOPTSTATS 1 : 0 0 : 0 0 : 0 0 : 0 0 : 0 0 : 0 0 : 0 0 : 0 0 : 0 0 : 0 0 : 0 0 : 0 0 : 0 0 : 0 0 : 0 0 : 0 0 : 0 0 : 0 0 : 0 0 : 0 0 : 0 0 : 0 0 : 0 0 : 0 0 : 0 0 : 0 0 : 0 0 : 0 0 : 0 0 : 0 0 : 0 0 : 0 0 : 0 0 : 0 0 : 0 0 : 0 0 : 0 0 : 0 0 : 0 0 : 0 0 : 0 0 : 0 0 ]
[1.034s][info][gc] [DEOPTSTATS 2 : 0 0 : 0 0 : 0 0 : 0 0 : 0 0 : 0 0 : 0 3 : 0 0 : 0 0 : 0 0 : 0 0 : 0 0 : 0 0 : 0 0 : 0 0 : 0 0 : 0 0 : 0 0 : 0 0 : 0 0 : 0 0 : 0 0 : 0 0 : 0 0 : 0 0 : 0 0 : 0 0 : 0 0 : 0 0 : 0 0 : 0 0 : 0 0 : 0 0 : 0 0 : 0 0 : 0 0 : 0 0 : 0 0 : 0 0 : 0 1 : 0 0 : 0 0 ]
[1.096s][info][safepoint] Application time: 0.0000000 seconds
[1.097s][info][safepoint] Total time for which application threads were stopped: 0.0000384 seconds, Stopping threads took: 0.0000011 seconds
[1.097s][info][gc       ] [SPSH lock suspend gclocker notify wait resuspend cleanup op_time wakeup total(ms) op_name end(s) ]
[1.097s][info][gc       ] [SPS 0.000 0.002 0.000 0.021 0.001 0.001 0.001 0.005 0.010 0.038 Deoptimize 1.096230 ]
[1.417s][info][gc       ] [DEOPTSTATS 1 : 0 0 : 0 0 : 0 0 : 0 0 : 0 1 : 0 0 : 0 0 : 0 0 : 0 0 : 0 0 : 0 0 : 0 0 : 0 0 : 0 0 : 0 0 : 0 0 : 0 0 : 0 0 : 0 0 : 0 0 : 0 0 : 0 0 : 0 0 : 0 0 : 0 0 : 0 0 : 0 0 : 0 0 : 0 0 : 0 0 : 0 0 : 0 0 : 0 0 : 0 0 : 0 0 : 0 0 : 0 0 : 0 0 : 0 0 : 0 0 : 0 0 : 0 0 ]
[1.417s][info][gc       ] [DEOPTSTATS 2 : 0 0 : 0 0 : 0 0 : 0 0 : 0 0 : 0 0 : 0 5 : 0 0 : 0 0 : 0 0 : 0 0 : 0 0 : 0 0 : 0 0 : 0 0 : 0 0 : 0 0 : 0 0 : 0 0 : 0 0 : 0 0 : 0 0 : 0 0 : 0 0 : 0 0 : 0 0 : 0 0 : 0 0 : 0 0 : 0 0 : 0 0 : 0 0 : 0 0 : 0 0 : 0 0 : 0 0 : 0 0 : 0 0 : 0 0 : 0 1 : 0 0 : 0 0 ]
[2.190s][info][gc       ] [HEAPCOMMIT 512 : 0 0.000 0 0.000 : 0 0.000 0.000 : 0 0 : 2.189972 ]
[7.395s][info][gc       ] [GPGC-H  3.2 0.0 8.3 0.0 : 865.3 : 0.000 0.000 : 0.000 0.000 0.000 0.000 : 0.000 0.000 0.000 0.000 0.000 0.000 : 0.000 : 0.000 : 42 0 24 0 : 2279 : 460 432 : 7.394748 : 6 Heap_use_crossed_first_gc_percent ]
[7.399s][info][safepoint] Application time: 6.2134531 seconds
[7.400s][info][safepoint] Total time for which application threads were stopped: 0.0006670 seconds, Stopping threads took: 0.0000012 seconds
[7.400s][info][gc       ] [SPS 0.000 0.001 0.009 0.016 0.001 0.002 0.001 0.543 0.104 0.667 NewGC_pause1 7.399486 ]
[7.422s][info][safepoint] Application time: 0.0218882 seconds
[7.422s][info][safepoint] Total time for which application threads were stopped: 0.0003417 seconds, Stopping threads took: 0.0000007 seconds
[7.423s][info][gc       ] [SPS 0.000 0.001 0.000 0.013 0.001 0.001 0.001 0.242 0.084 0.342 NewGC_pause2 7.421716 ]
[7.425s][info][safepoint] Application time: 0.0027796 seconds
[7.425s][info][safepoint] Total time for which application threads were stopped: 0.0002705 seconds, Stopping threads took: 0.0000065 seconds
[7.426s][info][gc       ] [SPS 0.000 0.001 0.000 0.012 0.006 0.010 0.001 0.180 0.061 0.271 NewGC_pause3 7.424766 ]
[7.428s][info][safepoint] Application time: 0.0032591 seconds
[7.431s][info][safepoint] Total time for which application threads were stopped: 0.0002349 seconds, Stopping threads took: 0.0000007 seconds
[7.432s][info][gc       ] [SPS 0.000 0.106 0.005 0.011 0.001 0.001 0.001 0.189 0.032 0.235 NewGC_pause4 7.428260 ]
[7.437s][info][gc       ] [GC NTO Max 1-1 : 512 124 118 512 - - 208 20 2 2 - : 52 10 26 28 70 : 44 7 16 16 0 : 5 1 13 0 14 - 12 : 7.311584 5.7 3.3 0.040719 835.0 49.1 : 3 --c 0000 : 23 0 0.000 0.000 0 0.000 0.000 0 0.000 0.000 : 7.395604 7.398819 0.000504 7.421374 0.000196 7.424495 0.000145 7.428025 0.000141 : 7.436322 ]
[7.437s][info][gc       ] [SYSINFO 1830 320 605 0 720 0 18 0 0 583 : - - - - - - - - : 0 7168 : 0.07 0.05 0.01 : 198714 5551360 : 0 0 : 10 0 : 2056 5 0 211 : - 1726013440 79581184 218349568 536887296 334946304 635424768 : 139632189 39380 13210 0 0 0 : 7.436867 ]
[7.437s][info][gc       ] [HUGEPAGESTAT 0 0 0 - 246 0 0 : 75776 0 0 : 7.436867 ]
[7.437s][info][gc       ] [OBJCREAT 63181 24365 10240 : 7.436934 ]
[7.437s][info][gc       ] [HMSV All : 0 0 4 0 0 0 0 0 : 4730 0 0 0 : 7.436955 ]
[7.437s][info][gc       ] [HMSP 8 : 50848 0 : 7.436955 ]
[7.438s][info][gc       ] [VMAC 65530 170 24 428 622 : 7.437811 ]
[7.438s][info][safepoint] Application time: 0.0084337 seconds
[7.439s][info][safepoint] Total time for which application threads were stopped: 0.0011260 seconds, Stopping threads took: 0.0000007 seconds
[7.439s][info][gc       ] [SPS 0.000 0.005 0.000 0.014 0.001 0.001 0.001 1.071 0.039 1.126 OldGC_pause2 7.437820 ]
[7.442s][info][safepoint] Application time: 0.0039716 seconds
[7.442s][info][safepoint] Total time for which application threads were stopped: 0.0001865 seconds, Stopping threads took: 0.0000017 seconds
[7.443s][info][gc       ] [SPS 0.000 0.001 0.000 0.010 0.002 0.001 0.000 0.144 0.030 0.187 OldGC_pause3 7.441978 ]
[7.461s][info][safepoint] Application time: 0.0190307 seconds
[7.462s][info][safepoint] Total time for which application threads were stopped: 0.0003724 seconds, Stopping threads took: 0.0000919 seconds
[7.462s][info][gc       ] [SPS 0.000 0.005 0.007 0.021 0.092 0.003 0.001 0.130 0.126 0.373 OldGC_pause4 7.461382 ]
[7.470s][info][gc       ] [GC Old Max 2-1 : 512 140 140 512 - - 208 20 2 2 - : 72 10 30 28 42 : 35 12 0 0 0 : 0 7 6 2 20 - 0 : 7.314201 0.0 3.3 0.071369 140.1 28.0 : 1 --c 0000 : 23   -    -    -    -    -    -    -    -    -  : 7.398220 7.398819 0.000504 7.436694 0.001081 7.441792 0.000072 7.461010 0.000207 : 7.469590 ]
[7.470s][info][gc       ] [SYSINFO 1830 320 605 0 720 0 18 0 0 583 : - - - - - - - - : 0 7168 : 0.07 0.05 0.01 : 198714 5551360 : 0 0 : 10 0 : 2056 3 0 211 : - 1726283776 79581184 218619904 536887296 334946304 635424768 : 139632189 39480 13230 0 0 0 : 7.470109 ]
[7.470s][info][gc       ] [HUGEPAGESTAT 0 0 0 - 246 0 0 : 75776 0 0 : 7.470109 ]
[7.470s][info][gc       ] [OBJCREAT 79867 24365 10240 : 7.470231 ]
[7.470s][info][gc       ] [HMSV All : 0 0 5 0 0 0 0 0 : 4746 0 0 0 : 7.470273 ]
[7.470s][info][gc       ] [HMSP 8 : 50848 0 : 7.470273 ]
[7.470s][info][gc       ] [COMPSTATS 1 : 5 0 : 15 0 : 0 0 : 385 1 0 0 0 0 : 0 0 0 0 0 0 : 196 205 41 : 386 0 0 0 0 0 0 : 386 0 0 0 0 0 0 ]
[7.470s][info][gc       ] [COMPSTATS 2 : 5 1 : 5 1 : 0 0 : 35 1 0 0 0 0 : 0 0 0 0 0 0 : 2540 2633 494 : 29 6 1 0 0 0 0 : 1 26 8 0 0 0 0 ]
[7.470s][info][gc       ] [DEOPTSTATS 1 : 0 0 : 0 0 : 0 0 : 0 0 : 0 1 : 0 0 : 0 0 : 0 0 : 0 0 : 0 0 : 0 0 : 0 0 : 0 0 : 0 0 : 0 0 : 0 0 : 0 0 : 0 0 : 0 0 : 0 0 : 0 0 : 0 0 : 0 0 : 0 0 : 0 0 : 0 0 : 0 0 : 0 0 : 0 0 : 0 0 : 0 0 : 0 0 : 0 0 : 0 0 : 0 0 : 0 0 : 0 0 : 0 0 : 0 0 : 0 0 : 0 0 : 0 0 ]
[7.470s][info][gc       ] [DEOPTSTATS 2 : 0 0 : 0 0 : 0 0 : 0 0 : 0 0 : 0 0 : 0 5 : 0 0 : 0 0 : 0 0 : 0 0 : 0 0 : 0 0 : 0 0 : 0 0 : 0 0 : 0 0 : 0 0 : 0 0 : 0 0 : 0 0 : 0 0 : 0 0 : 0 0 : 0 0 : 0 0 : 0 0 : 0 0 : 0 0 : 0 0 : 0 0 : 0 0 : 0 0 : 0 0 : 0 0 : 0 0 : 0 0 : 0 0 : 0 0 : 0 1 : 0 0 : 0 0 ]
[7.471s][info][gc       ] [VMAC 65530 170 24 429 623 : 7.470963 ]
[7.472s][info][gc       ] [CCF 0 0 0 0 5 15872: 2555392 : 381 197120 : 2 32768 : 316 310784 :  385 494080 : 32 56832 : 0 0 : 15 1228800 : 1 2048]
[7.473s][info][gc       ] [DEOPTSTATS 1 : 0 0 : 0 0 : 0 0 : 0 0 : 0 1 : 0 0 : 0 0 : 0 0 : 0 0 : 0 0 : 0 0 : 0 0 : 0 0 : 0 0 : 0 0 : 0 0 : 0 0 : 0 0 : 0 0 : 0 0 : 0 0 : 0 0 : 0 0 : 0 0 : 0 0 : 0 0 : 0 0 : 0 0 : 0 0 : 0 0 : 1 0 : 0 0 : 0 0 : 0 0 : 0 0 : 0 0 : 0 0 : 0 0 : 0 0 : 0 0 : 0 0 : 0 0 ]
[7.473s][info][gc       ] [DEOPTSTATS 2 : 0 0 : 0 0 : 0 0 : 0 0 : 0 0 : 0 0 : 0 5 : 0 0 : 0 0 : 0 0 : 0 0 : 0 0 : 0 0 : 0 0 : 0 0 : 0 0 : 0 0 : 0 0 : 0 0 : 0 0 : 0 0 : 0 0 : 0 0 : 0 0 : 0 0 : 0 0 : 0 0 : 0 0 : 0 0 : 0 0 : 0 0 : 0 0 : 0 0 : 0 0 : 0 0 : 0 0 : 0 0 : 0 0 : 0 0 : 0 1 : 0 0 : 0 0 ]
[7.478s][info][gc       ] [GPGC-H  27.0 1.4 7.9 0.0 : 819.7 : 0.000 0.000 : 0.000 0.000 0.038 0.071 : 0.000 0.000 0.000 0.000 0.056 0.039 : 0.000 : 0.554 : 108 10 30 0 : 2279 : 460 432 : 7.477815 : 7 Heap_use_crossed_incremental_gc_percent ]
[7.489s][info][safepoint] Application time: 0.0271915 seconds
[7.489s][info][safepoint] Total time for which application threads were stopped: 0.0005678 seconds, Stopping threads took: 0.0000052 seconds
[7.490s][info][gc       ] [SPS 0.000 0.001 0.007 0.012 0.005 0.001 0.001 0.471 0.078 0.568 NewGC_pause1 7.489142 ]
[7.561s][info][safepoint] Application time: 0.0716516 seconds
[7.561s][info][safepoint] Total time for which application threads were stopped: 0.0002026 seconds, Stopping threads took: 0.0000063 seconds
[7.562s][info][gc       ] [SPS 0.000 0.001 0.000 0.009 0.006 0.001 0.000 0.167 0.019 0.203 NewGC_pause2 7.560996 ]
[7.563s][info][safepoint] Application time: 0.0017846 seconds
[7.563s][info][safepoint] Total time for which application threads were stopped: 0.0001683 seconds, Stopping threads took: 0.0000028 seconds
[7.564s][info][gc       ] [SPS 0.000 0.001 0.000 0.009 0.003 0.001 0.000 0.129 0.027 0.168 NewGC_pause3 7.562949 ]
[7.568s][info][safepoint] Application time: 0.0043207 seconds
[7.568s][info][safepoint] Total time for which application threads were stopped: 0.0003173 seconds, Stopping threads took: 0.0000630 seconds
[7.569s][info][gc       ] [SPS 0.000 0.034 0.003 0.009 0.063 0.001 0.000 0.143 0.101 0.318 NewGC_pause4 7.567588 ]
[7.570s][info][gc       ] [GC NTO Max 3-2 : 512 318 286 512 - - 221 20 2 2 - : 216 10 32 28 248 : 201 8 40 40 0 : 0 1 42 0 55 - 53 : 0.042284 1324.4 0.0 0.090700 1631.7 22.1 : 3 --c 0000 : 23 0 0.000 0.000 0 0.000 0.000 0 0.000 0.000 : 7.478607 7.488574 0.000427 7.560794 0.000179 7.562781 0.000083 7.567270 0.000123 : 7.569307 ]
[7.570s][info][gc       ] [SYSINFO 1843 320 605 0 732 0 18 0 0 583 : - - - - - - - - : 0 7168 : 0.07 0.05 0.01 : 198714 5551360 : 0 0 : 10 0 : 2056 3 0 211 : - 1739665408 79581184 232001536 536887296 334946304 635289600 : 139632189 39910 13330 0 0 0 : 7.569615 ]
[7.570s][info][gc       ] [HUGEPAGESTAT 0 0 0 - 246 0 0 : 75776 0 0 : 7.569615 ]
[7.570s][info][gc       ] [OBJCREAT 263005 24431 10240 : 7.569674 ]
[7.570s][info][gc       ] [HMSV All : 150 0 7 0 0 0 0 0 : 6404 0 0 0 : 7.569695 ]
[7.570s][info][gc       ] [HMSP 158 : 51148 0 : 7.569695 ]
[7.570s][info][gc       ] [GPGC-H  27.0 1.4 7.9 0.0 : 819.7 : 0.000 0.000 : 0.000 0.000 0.091 0.071 : 0.000 0.000 0.000 0.000 0.130 0.039 : 0.000 : 68.204 : 220 10 32 0 : 2279 : 460 432 : 7.570270 : 7 Heap_use_crossed_incremental_gc_percent ]
[7.571s][info][gc       ] [VMAC 65530 170 42 428 640 : 7.571235 ]
[7.586s][info][safepoint] Application time: 0.0173040 seconds
[7.586s][info][safepoint] Total time for which application threads were stopped: 0.0008289 seconds, Stopping threads took: 0.0000122 seconds
[7.586s][info][gc       ] [SPS 0.000 0.000 0.000 0.019 0.012 0.001 0.000 0.769 0.028 0.829 OldGC_pause2 7.585721 ]
[7.589s][info][safepoint] Application time: 0.0032021 seconds
[7.590s][info][safepoint] Total time for which application threads were stopped: 0.0003060 seconds, Stopping threads took: 0.0000085 seconds
[7.590s][info][gc       ] [SPS 0.000 0.003 0.003 0.037 0.008 0.002 0.001 0.203 0.055 0.306 NewGC_pause1 7.589229 ]
[7.591s][info][safepoint] Application time: 0.0013235 seconds
[7.591s][info][safepoint] Total time for which application threads were stopped: 0.0001241 seconds, Stopping threads took: 0.0000212 seconds
[7.591s][info][gc       ] [SPS 0.000 0.001 0.000 0.014 0.021 0.001 0.001 0.063 0.025 0.124 OldGC_pause3 7.590677 ]
[7.710s][info][safepoint] Application time: 0.1187572 seconds
[7.710s][info][safepoint] Total time for which application threads were stopped: 0.0002431 seconds, Stopping threads took: 0.0000029 seconds
[7.711s][info][gc       ] [SPS 0.000 0.002 0.000 0.015 0.003 0.003 0.007 0.177 0.038 0.243 NewGC_pause2 7.709678 ]
[7.713s][info][safepoint] Application time: 0.0029238 seconds
[7.714s][info][safepoint] Total time for which application threads were stopped: 0.0002266 seconds, Stopping threads took: 0.0000008 seconds
[7.714s][info][gc       ] [SPS 0.000 0.001 0.000 0.013 0.001 0.001 0.001 0.173 0.038 0.227 NewGC_pause3 7.712828 ]
[7.716s][info][safepoint] Application time: 0.0028975 seconds
[7.717s][info][safepoint] Total time for which application threads were stopped: 0.0002511 seconds, Stopping threads took: 0.0000009 seconds
[7.717s][info][gc       ] [SPS 0.000 0.004 0.004 0.014 0.001 0.001 0.001 0.196 0.039 0.251 NewGC_pause4 7.715977 ]
[7.717s][info][gc       ] [GC New Max 5-3 : 512 474 420 512 - - 223 20 2 2 - : 350 10 32 28 404 : 339 10 56 56 0 : 0 0 37 0 113 - 62 : 0.005333 3750.1 0.0 0.141727 1199.5 0.0 : 3 --c 0000 : 23 71 0.000 0.000 0 0.000 0.000 71 0.000 0.000 : 7.574640 7.588923 0.000193 7.709434 0.000150 7.712602 0.000129 7.715726 0.000158 : 7.716367 ]
[7.717s][info][gc       ] [SYSINFO 1845 320 605 0 734 0 18 0 0 583 : - - - - - - - - : 0 7168 : 0.07 0.05 0.01 : 198714 5551360 : 0 0 : 10 0 : 2056 2 0 211 : - 1741692928 79581184 234029056 536887296 334946304 635289600 : 139632189 40360 13460 0 0 0 : 7.716747 ]
[7.717s][info][gc       ] [HUGEPAGESTAT 0 0 0 - 246 0 0 : 75776 0 0 : 7.716747 ]
[7.717s][info][gc       ] [OBJCREAT 447373 24431 10240 : 7.716804 ]
[7.717s][info][gc       ] [HMSV All : 372 0 7 0 0 0 0 0 : 6478 0 0 0 : 7.716821 ]
[7.717s][info][gc       ] [HMSP 380 : 51592 0 : 7.716821 ]
[7.719s][info][gc       ] [GPGC-H  258.3 1.4 7.9 0.0 : 819.7 : 0.000 0.000 : 0.000 0.000 0.141 0.071 : 0.000 0.000 0.000 0.000 0.195 0.039 : 0.000 : 99.068 : 350 10 32 0 : 2279 : 460 432 : 7.719033 : 7 Heap_use_crossed_incremental_gc_percent ]
[7.718s][info][gc       ] [VMAC 65530 170 54 428 652 : 7.718118 ]
[7.723s][info][safepoint] Application time: 0.0063106 seconds
[7.723s][info][safepoint] Total time for which application threads were stopped: 0.0002866 seconds, Stopping threads took: 0.0000008 seconds
[7.724s][info][gc       ] [SPS 0.000 0.009 0.003 0.018 0.001 0.001 0.000 0.228 0.039 0.286 OldGC_pause4 7.722575 ]
[7.725s][info][gc       ] [GC Old Max 4-2 : 532 474 416 532 - - 227 20 2 2 - : 350 8 30 28 48 : 29 10 0 0 0 : 0 4 1 1 19 - 0 : 0.018194 0.0 0.0 0.235825 0.0 8.5 : 1 --c 0000 : 23   -    -    -    -    -    -    -    -    -  : 7.487784 7.488574 0.000427 7.584892 0.000796 7.590553 0.000091 7.722288 0.000109 : 7.723609 ]
[7.725s][info][gc       ] [SYSINFO 1876 320 605 0 766 0 18 0 0 583 : - - - - - - - - : 0 7168 : 0.07 0.05 0.01 : 198714 5551360 : 0 0 : 10 0 : 2056 4 0 211 : - 1779707904 79581184 238657536 571084800 334946304 635289600 : 139632189 40360 13470 0 0 0 : 7.724556 ]
[7.725s][info][gc       ] [HUGEPAGESTAT 0 0 0 - 248 0 0 : 75776 0 0 : 7.724556 ]
[7.725s][info][gc       ] [OBJCREAT 447373 24431 10240 : 7.724703 ]
[7.725s][info][gc       ] [HMSV All : 372 0 7 0 0 0 0 0 : 6478 0 0 0 : 7.724751 ]
[7.725s][info][gc       ] [HMSP 380 : 51592 0 : 7.724751 ]
[7.725s][info][gc       ] [COMPSTATS 1 : 5 0 : 15 0 : 0 0 : 385 1 0 0 0 0 : 0 0 0 0 0 0 : 196 205 41 : 386 0 0 0 0 0 0 : 386 0 0 0 0 0 0 ]
[7.725s][info][gc       ] [COMPSTATS 2 : 5 0 : 1 0 : 0 0 : 35 2 0 0 0 0 : 0 0 0 0 0 0 : 2701 2795 494 : 30 6 1 0 0 0 0 : 1 28 8 0 0 0 0 ]
[7.725s][info][gc       ] [DEOPTSTATS 1 : 0 0 : 0 0 : 0 0 : 0 0 : 0 1 : 0 0 : 0 0 : 0 0 : 0 0 : 0 0 : 0 0 : 0 0 : 0 0 : 0 0 : 0 0 : 0 0 : 0 0 : 0 0 : 0 0 : 0 0 : 0 0 : 0 0 : 0 0 : 0 0 : 0 0 : 0 0 : 0 0 : 0 0 : 0 0 : 0 0 : 1 0 : 0 0 : 0 0 : 0 0 : 0 0 : 0 0 : 0 0 : 0 0 : 0 0 : 0 0 : 0 0 : 0 0 ]
[7.725s][info][gc       ] [DEOPTSTATS 2 : 0 0 : 0 0 : 0 0 : 0 0 : 0 0 : 0 0 : 0 5 : 0 0 : 0 0 : 0 0 : 0 0 : 0 0 : 0 0 : 0 0 : 0 0 : 0 0 : 0 0 : 0 0 : 0 0 : 0 0 : 0 0 : 0 0 : 0 0 : 0 0 : 0 0 : 0 0 : 0 0 : 0 0 : 0 0 : 0 0 : 1 0 : 0 0 : 0 0 : 0 0 : 0 0 : 0 0 : 0 0 : 0 0 : 0 0 : 0 1 : 0 0 : 0 0 ]
[7.727s][info][gc       ] [CCF 0 0 0 0 5 15872: 2557952 : 381 197120 : 2 32768 : 316 310784 :  385 494080 : 33 59392 : 0 0 : 15 1228800 : 1 2048]
[7.725s][info][gc       ] [VMAC 65530 170 54 430 654 : 7.725473 ]
[7.729s][info][safepoint] Application time: 0.0055857 seconds
[7.730s][info][safepoint] Total time for which application threads were stopped: 0.0005218 seconds, Stopping threads took: 0.0000019 seconds
[7.731s][info][gc       ] [SPS 0.000 1.556 0.007 0.064 0.002 0.003 0.001 0.384 0.068 0.522 NewGC_pause1 7.728683 ]
[7.886s][info][safepoint] Application time: 0.1573547 seconds
[7.887s][info][safepoint] Total time for which application threads were stopped: 0.0001120 seconds, Stopping threads took: 0.0000006 seconds
[7.887s][info][gc       ] [SPS 0.000 0.002 0.000 0.009 0.001 0.001 0.000 0.083 0.017 0.112 NewGC_pause2 7.886149 ]
[7.888s][info][safepoint] Application time: 0.0014141 seconds
[7.888s][info][safepoint] Total time for which application threads were stopped: 0.0000736 seconds, Stopping threads took: 0.0000007 seconds
[7.888s][info][gc       ] [SPS 0.000 0.001 0.000 0.008 0.001 0.001 0.000 0.047 0.017 0.074 NewGC_pause3 7.887637 ]
[7.891s][info][safepoint] Application time: 0.0031195 seconds
[7.891s][info][safepoint] Total time for which application threads were stopped: 0.0001390 seconds, Stopping threads took: 0.0000052 seconds
[7.892s][info][gc       ] [SPS 0.000 0.005 0.004 0.021 0.005 0.001 0.001 0.088 0.021 0.137 NewGC_pause4 7.890896 ]
[7.893s][info][gc       ] [GC New Max 6-4 : 664 526 476 664 - - 234 20 2 2 - : 410 8 30 28 460 : 400 9 50 50 0 : 0 2 55 0 113 - 92 : 0.005530 0.0 0.0 0.171027 643.2 0.0 : 3 --c 0000 : 23 1 0.017 0.017 0 0.000 0.000 1 0.017 0.017 : 7.721898 7.728161 0.000352 7.886038 0.000092 7.887564 0.000052 7.890760 0.000110 : 7.892925 ]
[7.893s][info][gc       ] [SYSINFO 2011 320 605 0 897 0 18 0 0 735 : - - - - - - - - : 0 7168 : 0.07 0.05 0.01 : 198714 5551360 : 0 0 : 10 0 : 2056 2 0 211 : - 1912311808 79581184 245420032 696250368 334946304 635289600 : 139632189 40930 13740 0 0 0 : 7.893195 ]
[7.893s][info][gc       ] [HUGEPAGESTAT 0 0 0 - 250 0 0 : 83968 0 0 : 7.893195 ]
[7.893s][info][gc       ] [OBJCREAT 559887 24431 10240 : 7.893253 ]
[7.893s][info][gc       ] [HMSV All : 702 0 7 0 0 0 0 0 : 6588 0 0 0 : 7.893273 ]
[7.893s][info][gc       ] [HMSP 710 : 52252 0 : 7.893273 ]
[7.894s][info][gc       ] [VMAC 65530 170 120 430 720 : 7.894000 ]
[7.914s][info][gc       ] [GPGC-H  258.3 1.4 7.9 0.0 : 819.7 : 0.000 0.000 : 0.000 0.000 0.171 0.236 : 0.000 0.000 0.000 0.000 0.256 0.045 : 0.000 : 99.059 : 482 8 30 0 : 2279 : 597 569 : 7.913725 : 7 Heap_use_crossed_incremental_gc_percent ]
[7.930s][info][safepoint] Application time: 0.0389076 seconds
[7.931s][info][safepoint] Total time for which application threads were stopped: 0.0002222 seconds, Stopping threads took: 0.0000007 seconds
[7.931s][info][gc       ] [SPS 0.000 0.001 0.005 0.012 0.001 0.001 0.000 0.185 0.024 0.222 NewGC_pause1 7.930026 ]
[8.085s][info][gc       ] [HEAPCOMMIT 916 : 404 47.171 0 0.000 : 0 0.000 0.000 : 1096 220 : 8.084806 ]
[8.270s][info][safepoint] Application time: 0.3393409 seconds
[8.270s][info][safepoint] Total time for which application threads were stopped: 0.0002201 seconds, Stopping threads took: 0.0000006 seconds
[8.271s][info][gc       ] [SPS 0.000 0.001 0.000 0.010 0.001 0.001 0.000 0.193 0.016 0.220 NewGC_pause2 8.269587 ]
[8.272s][info][safepoint] Application time: 0.0023479 seconds
[8.273s][info][safepoint] Total time for which application threads were stopped: 0.0001661 seconds, Stopping threads took: 0.0000006 seconds
[8.273s][info][gc       ] [SPS 0.000 0.001 0.000 0.009 0.001 0.001 0.000 0.130 0.025 0.166 NewGC_pause3 8.272101 ]
[8.275s][info][safepoint] Application time: 0.0026587 seconds
[8.275s][info][safepoint] Total time for which application threads were stopped: 0.0003763 seconds, Stopping threads took: 0.0000974 seconds
[8.276s][info][gc       ] [SPS 0.000 0.158 0.004 0.010 0.097 0.001 0.000 0.227 0.041 0.376 NewGC_pause4 8.275137 ]
[8.278s][info][gc       ] [GC NTO Max 7-5 : 916 846 782 916 - - 248 20 2 2 - : 714 10 30 28 780 : 695 11 74 74 0 : 1 1 130 0 220 - 137 : 0.021187 3398.4 0.0 0.363615 847.0 0.0 : 3 --c 0000 : 23 106 0.001 0.112 0 0.000 0.000 106 0.001 0.112 : 7.914111 7.929804 0.000181 8.269367 0.000199 8.271936 0.000136 8.274760 0.000280 : 8.277726 ]
[8.278s][info][gc       ] [SYSINFO 2282 320 605 0 1163 0 18 0 0 987 : - - - - - - - - : 0 7168 : 0.55 0.15 0.04 : 198714 5551360 : 0 0 : 10 0 : 2056 2 0 211 : - 2191581184 79581184 260435968 960503808 334946304 635289600 : 139632189 42270 14110 0 0 0 : 8.278088 ]
[8.278s][info][gc       ] [HUGEPAGESTAT 0 0 0 - 256 0 0 : 96256 0 0 : 8.278088 ]
[8.278s][info][gc       ] [OBJCREAT 938713 24496 12288 : 8.278142 ]
[8.278s][info][gc       ] [HMSV All : 1194 0 7 0 0 0 0 0 : 6752 0 0 0 : 8.278164 ]
[8.278s][info][gc       ] [HMSP 1202 : 53236 0 : 8.278164 ]
[8.279s][info][gc       ] [GPGC-H  472.3 1.4 7.9 0.0 : 819.7 : 0.000 0.000 : 0.000 0.000 0.363 0.236 : 0.000 0.000 0.000 0.000 0.402 0.045 : 0.000 : 98.979 : 720 10 30 0 : 2279 : 824 796 : 8.279322 : 7 Heap_use_crossed_incremental_gc_percent ]
[8.280s][info][gc       ] [VMAC 65530 170 156 430 756 : 8.279503 ]
[8.298s][info][safepoint] Application time: 0.0229462 seconds
[8.299s][info][safepoint] Total time for which application threads were stopped: 0.0003488 seconds, Stopping threads took: 0.0000006 seconds
[8.299s][info][gc       ] [SPS 0.000 0.681 0.003 0.007 0.001 0.001 0.000 0.333 0.006 0.349 NewGC_pause1 8.298432 ]
[8.301s][info][safepoint] Application time: 0.0016808 seconds
[8.302s][info][safepoint] Total time for which application threads were stopped: 0.0010424 seconds, Stopping threads took: 0.0000005 seconds
[8.302s][info][gc       ] [SPS 0.000 0.001 0.000 0.008 0.001 0.001 0.000 1.010 0.022 1.042 OldGC_pause2 8.301155 ]
[8.305s][info][safepoint] Application time: 0.0035206 seconds
[8.305s][info][safepoint] Total time for which application threads were stopped: 0.0000846 seconds, Stopping threads took: 0.0000006 seconds
[8.306s][info][gc       ] [SPS 0.000 0.000 0.000 0.012 0.001 0.001 0.000 0.061 0.009 0.085 OldGC_pause3 8.304761 ]
[8.393s][info][gc       ] [HEAPCOMMIT 1370 : 454 67.824 0 0.000 : 0 0.000 0.000 : 520 109 : 8.392913 ]
[8.717s][info][safepoint] Application time: 0.4110897 seconds
[8.717s][info][safepoint] Total time for which application threads were stopped: 0.0007292 seconds, Stopping threads took: 0.0002958 seconds
[8.717s][info][gc       ] [SPS 0.000 0.002 0.000 0.331 0.296 0.001 0.001 0.063 0.038 0.729 NewGC_pause2 8.716580 ]
[8.720s][info][safepoint] Application time: 0.0029531 seconds
[8.721s][info][safepoint] Total time for which application threads were stopped: 0.0006394 seconds, Stopping threads took: 0.0005209 seconds
[8.721s][info][gc       ] [SPS 0.000 0.001 0.000 0.013 0.521 0.001 0.001 0.062 0.042 0.640 NewGC_pause3 8.720173 ]
[8.723s][info][safepoint] Application time: 0.0029011 seconds
[8.724s][info][safepoint] Total time for which application threads were stopped: 0.0001561 seconds, Stopping threads took: 0.0000012 seconds
[8.724s][info][gc       ] [SPS 0.000 0.005 0.005 0.017 0.001 0.002 0.001 0.098 0.038 0.156 NewGC_pause4 8.723230 ]
[8.724s][info][gc       ] [GC New Max 9-6 : 1622 1246 1146 1622 - - 266 20 2 2 - : 1050 10 30 56 1150 : 1028 19 111 111 0 : 0 1 188 0 309 - 216 : 0.005484 3647.1 0.0 0.440861 966.3 0.0 : 3 --c 0000 : 23 1 0.069 0.069 0 0.000 0.000 1 0.069 0.069 : 8.283210 8.298083 0.000324 8.715851 0.000682 8.719533 0.000586 8.723074 0.000104 : 8.724071 ]
[8.724s][info][gc       ] [SYSINFO 3016 320 605 0 1888 0 18 0 0 1685 : - - - - - - - - : 0 7168 : 0.55 0.15 0.04 : 198714 5551360 : 0 0 : 10 0 : 2056 3 0 211 : - 2951233536 79581184 279773184 1700683776 334946304 635289600 : 139632189 43650 14830 0 0 0 : 8.724421 ]
[8.724s][info][gc       ] [HUGEPAGESTAT 0 0 0 - 260 0 0 : 104448 0 0 : 8.724421 ]
[8.724s][info][gc       ] [OBJCREAT 1379293 24496 12288 : 8.724480 ]
[8.725s][info][gc       ] [HMSV All : 1932 0 10 0 0 0 0 0 : 6998 0 0 0 : 8.724503 ]
[8.725s][info][gc       ] [HMSP 1946 : 54740 0 : 8.724503 ]
[8.725s][info][gc       ] [GPGC-H  554.8 1.4 7.9 0.0 : 819.7 : 0.000 0.000 : 0.000 0.000 0.441 0.236 : 0.000 0.000 0.000 0.000 0.610 0.045 : 0.000 : 99.440 : 1050 10 30 0 : 2279 : 1459 1403 : 8.724869 : 7 Heap_use_crossed_incremental_gc_percent ]
[8.725s][info][gc       ] [VMAC 65530 170 180 436 786 : 8.725294 ]
[8.728s][info][safepoint] Application time: 0.0041057 seconds
[8.728s][info][safepoint] Total time for which application threads were stopped: 0.0004957 seconds, Stopping threads took: 0.0003797 seconds
[8.728s][info][gc       ] [SPS 0.000 0.002 0.003 0.012 0.380 0.001 0.000 0.068 0.035 0.496 OldGC_pause4 8.727832 ]
[8.731s][info][gc       ] [GC Old Max 8-3 : 1622 1246 1142 1622 - - 266 20 2 2 - : 1050 8 28 56 48 : 29 7 0 0 0 : 0 4 1 2 18 - 0 : 0.205056 0.0 0.0 0.802378 2.5 0.0 : 1 --c 0000 : 23   -    -    -    -    -    -    -    -    -  : 7.928665 7.929804 0.000181 8.300113 0.001010 8.304676 0.000064 8.727336 0.000453 : 8.731043 ]
[8.731s][info][gc       ] [SYSINFO 3016 320 605 0 1888 0 18 0 0 1689 : - - - - - - - - : 0 7168 : 0.55 0.15 0.04 : 198714 5551360 : 0 0 : 10 0 : 2056 3 0 211 : - 2951368704 79581184 279908352 1700683776 334946304 635289600 : 139632189 43670 14840 0 0 0 : 8.731392 ]
[8.731s][info][gc       ] [HUGEPAGESTAT 0 0 0 - 260 0 0 : 104448 0 0 : 8.731392 ]
[8.731s][info][gc       ] [OBJCREAT 1379293 24496 12288 : 8.731472 ]
[8.731s][info][gc       ] [HMSV All : 1932 0 10 0 0 0 0 0 : 6998 0 0 0 : 8.731496 ]
[8.731s][info][gc       ] [HMSP 1946 : 54740 0 : 8.731496 ]
[8.732s][info][gc       ] [COMPSTATS 1 : 5 0 : 15 0 : 0 0 : 385 1 0 0 0 0 : 0 0 0 0 0 0 : 196 205 41 : 386 0 0 0 0 0 0 : 386 0 0 0 0 0 0 ]
[8.732s][info][gc       ] [COMPSTATS 2 : 5 0 : 1 0 : 0 0 : 35 2 0 0 0 0 : 0 0 0 0 0 0 : 2701 2795 494 : 30 6 1 0 0 0 0 : 1 28 8 0 0 0 0 ]
[8.732s][info][gc       ] [DEOPTSTATS 1 : 0 0 : 0 0 : 0 0 : 0 0 : 0 1 : 0 0 : 0 0 : 0 0 : 0 0 : 0 0 : 0 0 : 0 0 : 0 0 : 0 0 : 0 0 : 0 0 : 0 0 : 0 0 : 0 0 : 0 0 : 0 0 : 0 0 : 0 0 : 0 0 : 0 0 : 0 0 : 0 0 : 0 0 : 0 0 : 0 0 : 1 0 : 0 0 : 0 0 : 0 0 : 0 0 : 0 0 : 0 0 : 0 0 : 0 0 : 0 0 : 0 0 : 0 0 ]
[8.732s][info][gc       ] [DEOPTSTATS 2 : 0 0 : 0 0 : 0 0 : 0 0 : 0 0 : 0 0 : 0 5 : 0 0 : 0 0 : 0 0 : 0 0 : 0 0 : 0 0 : 0 0 : 0 0 : 0 0 : 0 0 : 0 0 : 0 0 : 0 0 : 0 0 : 0 0 : 0 0 : 0 0 : 0 0 : 0 0 : 0 0 : 0 0 : 0 0 : 0 0 : 1 0 : 0 0 : 0 0 : 0 0 : 0 0 : 0 0 : 0 0 : 0 0 : 0 0 : 0 1 : 0 0 : 0 0 ]
[8.733s][info][gc       ] [CCF 0 0 0 0 6 18432: 2555392 : 381 197120 : 2 32768 : 316 310784 :  385 494080 : 32 56832 : 0 0 : 15 1228800 : 1 2048]
[8.733s][info][gc       ] [VMAC 65530 170 180 436 786 : 8.732684 ]
[8.735s][info][safepoint] Application time: 0.0066845 seconds
[8.736s][info][safepoint] Total time for which application threads were stopped: 0.0005696 seconds, Stopping threads took: 0.0004007 seconds
[8.736s][info][gc       ] [SPS 0.000 0.002 0.004 0.010 0.401 0.001 0.000 0.125 0.033 0.570 NewGC_pause1 8.735086 ]
[8.796s][info][gc       ] [HEAPCOMMIT 1872 : 502 59.417 0 0.000 : 0 0.000 0.000 : 0 0 : 8.795638 ]
[8.940s][info][gc       ] [HEAPCOMMIT 2352 : 480 56.917 0 0.000 : 0 0.000 0.000 : 0 0 : 8.939700 ]
[9.205s][info][safepoint] Application time: 0.4700029 seconds
[9.206s][info][safepoint] Total time for which application threads were stopped: 0.0000803 seconds, Stopping threads took: 0.0000006 seconds
[9.206s][info][gc       ] [SPS 0.000 0.001 0.000 0.013 0.001 0.001 0.001 0.058 0.007 0.080 NewGC_pause2 9.205169 ]
[9.208s][info][safepoint] Application time: 0.0026865 seconds
[9.208s][info][safepoint] Total time for which application threads were stopped: 0.0000874 seconds, Stopping threads took: 0.0000015 seconds
[9.209s][info][gc       ] [SPS 0.000 0.001 0.000 0.012 0.001 0.001 0.000 0.055 0.017 0.087 NewGC_pause3 9.207943 ]
[9.212s][info][safepoint] Application time: 0.0035661 seconds
[9.212s][info][safepoint] Total time for which application threads were stopped: 0.0001606 seconds, Stopping threads took: 0.0000136 seconds
[9.213s][info][gc       ] [SPS 0.000 0.009 0.003 0.014 0.014 0.001 0.000 0.093 0.039 0.161 NewGC_pause4 9.211670 ]
[9.213s][info][gc       ] [GC New Max 10-7 : 2638 2412 2238 2638 - - 267 20 2 2 - : 2082 8 28 120 2256 : 2063 26 176 176 0 : 0 1 603 0 548 - 493 : 0.006054 0.0 0.0 0.482570 2499.1 0.0 : 3 --c 0000 : 23 0 0.000 0.000 0 0.000 0.000 0 0.000 0.000 : 8.730125 8.734516 0.000530 9.205089 0.000066 9.207856 0.000065 9.211510 0.000117 : 9.212695 ]
[9.213s][info][gc       ] [SYSINFO 4058 320 605 177 2740 0 18 0 0 2557 : - - - - - - - - : 0 7168 : 0.55 0.15 0.04 : 198714 5551360 : 0 0 : 10 0 : 2056 4 0 211 : - 4030820352 79581184 280178688 2780135424 334946304 635289600 : 139632189 45350 15770 0 0 0 : 9.213123 ]
[9.213s][info][gc       ] [HUGEPAGESTAT 0 0 0 - 260 0 0 : 104448 0 0 : 9.213123 ]
[9.213s][info][gc       ] [OBJCREAT 2588679 24496 12288 : 9.213258 ]
[9.213s][info][gc       ] [HMSV All : 3714 552 15 0 0 0 0 0 : 7408 0 0 0 : 9.213280 ]
[9.213s][info][gc       ] [HMSP 3752 : 57264 1104 : 9.213280 ]
[9.214s][info][gc       ] [GPGC-H  554.8 1.4 7.9 0.0 : 819.7 : 0.000 0.000 : 0.000 0.000 0.482 0.802 : 0.000 0.000 0.000 0.000 0.847 0.047 : 0.000 : 99.782 : 2082 8 28 0 : 2279 : 2392 2272 : 9.214021 : 7 Heap_use_crossed_incremental_gc_percent ]
[9.215s][info][gc       ] [VMAC 65530 170 210 451 831 : 9.214705 ]
[9.221s][info][safepoint] Application time: 0.0095050 seconds
[9.222s][info][safepoint] Total time for which application threads were stopped: 0.0002418 seconds, Stopping threads took: 0.0000295 seconds
[9.222s][info][gc       ] [SPS 0.000 0.001 0.004 0.012 0.029 0.001 0.000 0.176 0.023 0.242 NewGC_pause1 9.221417 ]
[9.251s][info][gc       ] [HEAPCOMMIT 2874 : 522 88.621 0 0.000 : 0 0.000 0.000 : 0 0 : 9.251213 ]
[10.379s][info][safepoint] Application time: 1.1578688 seconds
[10.380s][info][safepoint] Total time for which application threads were stopped: 0.0001214 seconds, Stopping threads took: 0.0000010 seconds
[10.380s][info][gc       ] [SPS 0.000 0.002 0.000 0.015 0.001 0.002 0.001 0.071 0.032 0.121 NewGC_pause2 10.379408 ]
[10.381s][info][safepoint] Application time: 0.0018242 seconds
[10.382s][info][safepoint] Total time for which application threads were stopped: 0.0000840 seconds, Stopping threads took: 0.0000029 seconds
[10.382s][info][gc       ] [SPS 0.000 0.001 0.000 0.010 0.003 0.001 0.001 0.051 0.019 0.084 NewGC_pause3 10.381316 ]
[10.384s][info][safepoint] Application time: 0.0026594 seconds
[10.385s][info][safepoint] Total time for which application threads were stopped: 0.0001665 seconds, Stopping threads took: 0.0000011 seconds
[10.385s][info][gc       ] [SPS 0.000 0.009 0.004 0.015 0.001 0.002 0.001 0.098 0.050 0.167 NewGC_pause4 10.384143 ]
[10.386s][info][gc       ] [GC NTO Max 11-8 : 3174 2610 2280 3174 - - 343 20 2 2 - : 2108 8 28 136 2438 : 2089 29 332 332 0 : 0 1 178 0 649 - 405 : 0.001527 0.0 0.0 1.170861 304.0 0.0 : 3 --c 0000 : 23 0 0.000 0.000 0 0.000 0.000 0 0.000 0.000 : 9.214223 9.221175 0.000211 10.379287 0.000072 10.381232 0.000058 10.383976 0.000094 : 10.385084 ]
[10.386s][info][gc       ] [SYSINFO 4679 320 605 177 3340 0 18 0 0 3245 : - - - - - - - - : 0 7168 : 0.55 0.15 0.04 : 198714 5551360 : 0 0 : 10 0 : 2056 3 0 211 : - 4659486720 79581184 360603648 3328106496 334946304 635289600 : 139632189 49940 16790 0 0 0 : 10.385449 ]
[10.386s][info][gc       ] [HUGEPAGESTAT 0 0 0 - 260 0 0 : 104448 0 0 : 10.385449 ]
[10.386s][info][gc       ] [OBJCREAT 2931436 24496 12288 : 10.385551 ]
[10.386s][info][gc       ] [HMSV All : 3714 552 23 0 0 0 0 0 : 7408 0 0 0 : 10.385571 ]
[10.386s][info][gc       ] [HMSP 3756 : 57280 1104 : 10.385571 ]
[10.386s][info][gc       ] [GPGC-H  933.8 1.3 6.9 0.0 : 715.3 : 0.000 0.000 : 0.000 0.000 1.171 0.802 : 0.000 0.000 0.000 0.000 1.468 0.047 : 0.000 : 99.870 : 2108 8 28 0 : 2279 : 2856 2720 : 10.386101 : 9 Next_heuristic_check_may_be_too_late ]
[10.387s][info][gc       ] [VMAC 65530 170 210 457 837 : 10.386820 ]
[10.391s][info][safepoint] Application time: 0.0057174 seconds
[10.392s][info][safepoint] Total time for which application threads were stopped: 0.0015142 seconds, Stopping threads took: 0.0002311 seconds
[10.392s][info][gc       ] [SPS 0.000 0.001 0.000 0.017 0.231 0.002 0.001 1.219 0.044 1.514 OldGC_pause2 10.391374 ]
[10.396s][info][safepoint] Application time: 0.0043687 seconds
[10.396s][info][safepoint] Total time for which application threads were stopped: 0.0001242 seconds, Stopping threads took: 0.0000164 seconds
[10.396s][info][gc       ] [SPS 0.000 0.001 0.000 0.010 0.016 0.001 0.001 0.076 0.020 0.124 OldGC_pause3 10.395867 ]
[10.403s][info][safepoint] Application time: 0.0064285 seconds
[10.403s][info][safepoint] Total time for which application threads were stopped: 0.0004948 seconds, Stopping threads took: 0.0002742 seconds
[10.403s][info][gc       ] [SPS 0.000 5.005 0.004 0.022 0.274 0.002 0.001 0.177 0.019 0.495 NewGC_pause1 10.402791 ]
[10.470s][info][gc       ] [HEAPCOMMIT 3430 : 556 67.448 0 0.000 : 0 0.000 0.000 : 9032 1510 : 10.469646 ]
[10.525s][info][gc       ] [HEAPCOMMIT 3942 : 512 53.824 0 0.000 : 0 0.000 0.000 : 0 0 : 10.525303 ]
[10.576s][info][gc       ] [HEAPCOMMIT 4454 : 512 49.773 0 0.000 : 0 0.000 0.000 : 0 0 : 10.575792 ]
[10.630s][info][gc       ] [HEAPCOMMIT 4966 : 512 53.209 0 0.000 : 0 0.000 0.000 : 0 0 : 10.629786 ]
[10.762s][info][gc       ] [HEAPCOMMIT 5440 : 474 58.863 0 0.000 : 0 0.000 0.000 : 0 0 : 10.762033 ]
[10.848s][info][gc       ] [DEOPTSTATS 1 : 0 0 : 0 0 : 0 0 : 0 0 : 0 1 : 0 0 : 0 0 : 0 0 : 0 0 : 0 0 : 0 0 : 0 0 : 0 0 : 0 0 : 0 0 : 0 0 : 0 0 : 0 0 : 0 0 : 0 0 : 0 0 : 0 0 : 0 0 : 0 0 : 0 0 : 0 0 : 0 0 : 0 0 : 0 0 : 0 0 : 1 0 : 0 0 : 0 0 : 0 0 : 0 0 : 0 0 : 0 0 : 0 0 : 0 0 : 0 0 : 0 0 : 0 0 ]
[10.848s][info][gc       ] [DEOPTSTATS 2 : 0 0 : 0 0 : 0 0 : 0 0 : 0 0 : 0 0 : 0 5 : 0 0 : 0 0 : 0 0 : 0 0 : 0 0 : 0 0 : 0 0 : 0 0 : 0 0 : 0 0 : 0 0 : 0 0 : 0 0 : 0 0 : 0 0 : 0 0 : 0 0 : 0 0 : 0 0 : 0 0 : 0 0 : 0 0 : 0 0 : 1 0 : 0 0 : 0 0 : 0 0 : 0 0 : 0 0 : 0 0 : 0 0 : 0 0 : 0 1 : 0 0 : 0 0 ]
[11.017s][info][safepoint] Application time: 0.6145183 seconds
[11.018s][info][safepoint] Total time for which application threads were stopped: 0.0001180 seconds, Stopping threads took: 0.0000094 seconds
[11.018s][info][gc       ] [SPS 0.000 0.002 0.000 0.015 0.009 0.002 0.001 0.070 0.021 0.118 NewGC_pause2 11.017428 ]
[11.020s][info][safepoint] Application time: 0.0023625 seconds
[11.020s][info][safepoint] Total time for which application threads were stopped: 0.0000932 seconds, Stopping threads took: 0.0000068 seconds
[11.021s][info][gc       ] [SPS 0.000 0.001 0.000 0.016 0.007 0.001 0.000 0.051 0.018 0.093 NewGC_pause3 11.019884 ]
[11.061s][info][safepoint] Application time: 0.0412332 seconds
[11.062s][info][safepoint] Total time for which application threads were stopped: 0.0002090 seconds, Stopping threads took: 0.0000025 seconds
[11.062s][info][gc       ] [SPS 0.000 0.006 0.011 0.031 0.003 0.001 0.001 0.141 0.032 0.209 NewGC_pause4 11.061327 ]
[11.807s][info][gc       ] [GC New Max 13-9 : 5648 3394 2312 5648 - - 344 20 2 2 - : 1484 538 30 260 3096 : 2000 13 1080 1080 3 : 265 0 494 0 403 - 339 : 0.005392 0.0 0.0 1.415618 697.9 1.4 : 3 --c 0000 : 23 0 0.000 0.000 0 0.000 0.000 0 0.000 0.000 : 10.390476 10.402297 0.000471 11.017310 0.000090 11.019791 0.000070 11.061118 0.000114 : 11.806094 ]
[11.807s][info][gc       ] [SYSINFO 7189 320 605 177 5815 0 18 0 0 5210 : - - - - - - - - : 0 7168 : 0.55 0.15 0.04 : 198714 5551360 : 0 0 : 10 0 : 2056 3 0 211 : - 7253839872 79581184 360812544 5922250752 334946304 635289600 : 139632189 54430 18670 0 0 0 : 11.806523 ]
[11.807s][info][gc       ] [HUGEPAGESTAT 0 0 0 - 260 0 0 : 106496 0 0 : 11.806523 ]
[11.807s][info][gc       ] [OBJCREAT 3926486 24496 555008 : 11.806586 ]
[11.807s][info][gc       ] [HMSV All : 3714 552 27 0 0 0 0 0 : 7408 0 0 0 : 11.806658 ]
[11.807s][info][gc       ] [HMSP 3776 : 57404 1104 : 11.806658 ]
[11.808s][info][gc       ] [VMAC 65530 170 210 477 857 : 11.807605 ]
[11.811s][info][safepoint] Application time: 0.7492239 seconds
[11.812s][info][safepoint] Total time for which application threads were stopped: 0.0005336 seconds, Stopping threads took: 0.0002945 seconds
[11.812s][info][gc       ] [SPS 0.000 0.003 0.004 0.010 0.295 0.001 0.000 0.201 0.027 0.534 OldGC_pause4 11.811084 ]
[11.816s][info][gc       ] [GC Old Max 12-4 : 5648 3394 2310 5648 - - 344 20 2 2 - : 1484 538 28 260 574 : 560 10 0 0 0 : 0 4 266 0 160 - 123 : 0.486164 0.0 0.0 2.598470 204.0 0.8 : 1 --c 0000 : 23   -    -    -    -    -    -    -    -    -  : 9.217207 9.221175 0.000211 10.389860 0.001419 10.395743 0.000102 11.810551 0.000444 : 11.815677 ]
[11.816s][info][gc       ] [SYSINFO 7189 320 605 177 5815 0 18 0 0 5221 : - - - - - - - - : 0 7168 : 0.55 0.15 0.04 : 198714 5551360 : 0 0 : 10 0 : 2056 4 0 211 : - 7253975040 79581184 360947712 5922250752 334946304 635289600 : 139632189 54440 18690 0 0 0 : 11.816197 ]
[11.816s][info][gc       ] [HUGEPAGESTAT 0 0 0 - 260 0 0 : 106496 0 0 : 11.816197 ]
[11.816s][info][gc       ] [OBJCREAT 3926486 24496 555008 : 11.816265 ]
[11.816s][info][gc       ] [HMSV All : 3714 552 27 0 0 0 0 0 : 7408 0 0 0 : 11.816287 ]
[11.816s][info][gc       ] [HMSP 3776 : 57404 1104 : 11.816287 ]
[11.816s][info][gc       ] [COMPSTATS 1 : 5 0 : 1 0 : 0 0 : 386 1 0 0 0 0 : 0 0 0 0 0 0 : 196 206 41 : 387 0 0 0 0 0 0 : 387 0 0 0 0 0 0 ]
[11.816s][info][gc       ] [COMPSTATS 2 : 5 0 : 1 0 : 0 0 : 35 2 0 0 0 0 : 0 0 0 0 0 0 : 2701 2795 494 : 30 6 1 0 0 0 0 : 1 28 8 0 0 0 0 ]
[11.816s][info][gc       ] [DEOPTSTATS 1 : 0 0 : 0 0 : 0 0 : 0 0 : 0 1 : 0 0 : 0 0 : 0 0 : 0 0 : 0 0 : 0 0 : 0 0 : 0 0 : 0 0 : 0 0 : 0 0 : 0 0 : 0 0 : 0 0 : 0 0 : 0 0 : 0 0 : 0 0 : 0 0 : 0 0 : 0 0 : 0 0 : 0 0 : 0 0 : 0 0 : 1 0 : 0 0 : 0 0 : 0 0 : 0 0 : 0 0 : 0 0 : 0 0 : 0 0 : 0 0 : 0 0 : 0 0 ]
[11.816s][info][gc       ] [DEOPTSTATS 2 : 0 0 : 0 0 : 0 0 : 0 0 : 0 0 : 0 0 : 0 5 : 0 0 : 0 0 : 0 0 : 0 0 : 0 0 : 0 0 : 0 0 : 0 0 : 0 0 : 0 0 : 0 0 : 0 0 : 0 0 : 0 0 : 0 0 : 0 0 : 0 0 : 0 0 : 0 0 : 0 0 : 0 0 : 0 0 : 0 0 : 1 0 : 0 0 : 0 0 : 0 0 : 0 0 : 0 0 : 0 0 : 0 0 : 0 0 : 0 1 : 0 0 : 0 0 ]
[11.818s][info][gc       ] [CCF 0 0 0 0 6 18432: 2555904 : 381 197120 : 2 32768 : 316 310784 :  386 494592 : 32 56832 : 0 0 : 15 1228800 : 1 2048]
[11.818s][info][gc       ] [VMAC 65530 170 210 477 857 : 11.818286 ]
[11.857s][info][gc       ] [HEAPCOMMIT 5904 : 464 45.102 0 0.000 : 0 0.000 0.000 : 0 0 : 11.857451 ]
[11.901s][info][gc       ] [HEAPCOMMIT 6356 : 452 41.575 0 0.000 : 0 0.000 0.000 : 0 0 : 11.900792 ]
[12.090s][info][gc       ] [GPGC-H  933.8 1.3 6.9 0.0 : 715.3 : 0.000 0.000 : 0.000 0.000 1.158 2.598 : 0.000 0.000 0.000 0.000 2.006 0.047 : 0.000 : 99.902 : 2222 538 28 0 : 2279 : 5720 5428 : 12.090279 : 7 Heap_use_crossed_incremental_gc_percent ]
[12.112s][info][safepoint] Application time: 0.3006750 seconds
[12.113s][info][safepoint] Total time for which application threads were stopped: 0.0002433 seconds, Stopping threads took: 0.0000009 seconds
[12.114s][info][gc       ] [SPS 0.000 0.001 0.016 0.015 0.001 0.001 0.001 0.193 0.032 0.243 NewGC_pause1 12.112003 ]
[12.916s][info][safepoint] Application time: 0.8042481 seconds
[12.917s][info][safepoint] Total time for which application threads were stopped: 0.0001015 seconds, Stopping threads took: 0.0000092 seconds
[12.917s][info][gc       ] [SPS 0.000 0.001 0.000 0.009 0.009 0.001 0.001 0.063 0.019 0.101 NewGC_pause2 12.916353 ]
[12.920s][info][safepoint] Application time: 0.0033055 seconds
[12.920s][info][safepoint] Total time for which application threads were stopped: 0.0002110 seconds, Stopping threads took: 0.0000333 seconds
[12.921s][info][gc       ] [SPS 0.000 0.000 0.000 0.008 0.033 0.001 0.000 0.147 0.022 0.211 NewGC_pause3 12.919869 ]
[12.926s][info][safepoint] Application time: 0.0050292 seconds
[12.927s][info][safepoint] Total time for which application threads were stopped: 0.0011781 seconds, Stopping threads took: 0.0000007 seconds
[12.927s][info][gc       ] [SPS 0.000 0.001 0.000 0.011 0.001 0.001 0.000 1.092 0.073 1.179 OldGC_pause2 12.926077 ]
[12.931s][info][safepoint] Application time: 0.0043468 seconds
[12.931s][info][safepoint] Total time for which application threads were stopped: 0.0001657 seconds, Stopping threads took: 0.0000010 seconds
[12.931s][info][gc       ] [SPS 0.000 0.002 0.000 0.028 0.001 0.001 0.001 0.079 0.056 0.166 OldGC_pause3 12.930590 ]
[12.975s][info][safepoint] Application time: 0.0445448 seconds
[12.976s][info][safepoint] Total time for which application threads were stopped: 0.0001756 seconds, Stopping threads took: 0.0000008 seconds
[12.977s][info][gc       ] [SPS 0.000 0.142 0.008 0.012 0.001 0.001 0.001 0.136 0.024 0.175 NewGC_pause4 12.975310 ]
[13.260s][info][gc       ] [GC NTO Max 14-10 : 6356 4346 3114 6356 - - 552 20 2 2 - : 1948 846 28 292 3488 : 1976 21 1505 1505 0 : 154 1 535 0 463 - 511 : 0.284689 2592.3 0.0 1.168607 1316.1 0.0 : 3 --c 0000 : 23 0 0.000 0.000 0 0.000 0.000 0 0.000 0.000 : 12.090783 12.111760 0.000196 12.916251 0.000073 12.919658 0.000189 12.975135 0.000142 : 13.259390 ]
[13.260s][info][gc       ] [SYSINFO 8129 320 605 517 6392 0 18 0 0 6427 : - - - - - - - - : 0 7168 : 0.82 0.21 0.06 : 198714 5551360 : 0 0 : 10 0 : 2056 2 0 211 : - 8214749184 79581184 579244032 6664593408 334946304 635289600 : 139632189 58820 20420 0 0 0 : 13.259915 ]
[13.260s][info][gc       ] [HUGEPAGESTAT 0 0 0 - 260 0 0 : 106496 0 0 : 13.259915 ]
[13.260s][info][gc       ] [OBJCREAT 6192554 24560 870400 : 13.260024 ]
[13.260s][info][gc       ] [HMSV All : 5454 2292 39 0 0 0 0 0 : 7408 0 0 0 : 13.260057 ]
[13.260s][info][gc       ] [HMSP 5522 : 57436 4584 : 13.260057 ]
[13.261s][info][gc       ] [VMAC 65530 170 156 485 811 : 13.260735 ]
[13.264s][info][safepoint] Application time: 0.2881918 seconds
[13.264s][info][safepoint] Total time for which application threads were stopped: 0.0004170 seconds, Stopping threads took: 0.0002458 seconds
[13.265s][info][gc       ] [SPS 0.001 0.003 0.007 0.009 0.246 0.002 0.001 0.115 0.046 0.417 OldGC_pause4 13.263920 ]
[13.266s][info][gc       ] [GC Old Max 15-5 : 6356 4346 2584 6356 - - 552 20 2 2 - : 1948 316 28 292 878 : 334 9 531 531 0 : 0 4 154 0 172 - 0 : 0.292644 0.0 0.0 1.157182 266.2 0.0 : 1 --c 0000 : 23   -    -    -    -    -    -    -    -    -  : 12.108321 12.111760 0.000196 12.924898 0.001080 12.930424 0.000091 13.263502 0.000349 : 13.265503 ]
[13.266s][info][gc       ] [SYSINFO 8129 320 605 517 6391 0 18 0 0 6427 : - - - - - - - - : 0 7168 : 0.82 0.21 0.06 : 198714 5551360 : 0 0 : 10 0 : 2056 2 0 211 : - 8214749184 79581184 579244032 6664593408 334946304 635289600 : 139632189 58820 20420 0 0 0 : 13.265812 ]
[13.266s][info][gc       ] [HUGEPAGESTAT 0 0 0 - 260 0 0 : 106496 0 0 : 13.265812 ]
[13.266s][info][gc       ] [OBJCREAT 6192554 24560 870400 : 13.265880 ]
[13.266s][info][gc       ] [HMSV All : 5454 2292 39 0 0 0 0 0 : 7408 0 0 0 : 13.265900 ]
[13.266s][info][gc       ] [HMSP 5522 : 57436 4584 : 13.265900 ]
[13.266s][info][gc       ] [COMPSTATS 1 : 5 0 : 1 0 : 0 0 : 386 1 0 0 0 0 : 0 0 0 0 0 0 : 196 206 41 : 387 0 0 0 0 0 0 : 387 0 0 0 0 0 0 ]
[13.266s][info][gc       ] [COMPSTATS 2 : 5 0 : 1 0 : 0 0 : 35 2 0 0 0 0 : 0 0 0 0 0 0 : 2701 2795 494 : 30 6 1 0 0 0 0 : 1 28 8 0 0 0 0 ]
[13.266s][info][gc       ] [DEOPTSTATS 1 : 0 0 : 0 0 : 0 0 : 0 0 : 0 1 : 0 0 : 0 0 : 0 0 : 0 0 : 0 0 : 0 0 : 0 0 : 0 0 : 0 0 : 0 0 : 0 0 : 0 0 : 0 0 : 0 0 : 0 0 : 0 0 : 0 0 : 0 0 : 0 0 : 0 0 : 0 0 : 0 0 : 0 0 : 0 0 : 0 0 : 1 0 : 0 0 : 0 0 : 0 0 : 0 0 : 0 0 : 0 0 : 0 0 : 0 0 : 0 0 : 0 0 : 0 0 ]
[13.266s][info][gc       ] [DEOPTSTATS 2 : 0 0 : 0 0 : 0 0 : 0 0 : 0 0 : 0 0 : 0 5 : 0 0 : 0 0 : 0 0 : 0 0 : 0 0 : 0 0 : 0 0 : 0 0 : 0 0 : 0 0 : 0 0 : 0 0 : 0 0 : 0 0 : 0 0 : 0 0 : 0 0 : 0 0 : 0 0 : 0 0 : 0 0 : 0 0 : 0 0 : 1 0 : 0 0 : 0 0 : 0 0 : 0 0 : 0 0 : 0 0 : 0 0 : 0 0 : 0 1 : 0 0 : 0 0 ]
[13.267s][info][gc       ] [CCF 0 0 0 0 6 18432: 2555904 : 381 197120 : 2 32768 : 316 310784 :  386 494592 : 32 56832 : 0 0 : 15 1228800 : 1 2048]
[13.267s][info][gc       ] [VMAC 65530 170 156 485 811 : 13.266739 ]
[13.784s][info][gc       ] [GPGC-H  1107.8 291.5 6.1 0.0 : 626.3 : 0.000 0.000 : 0.000 0.000 1.153 2.505 : 0.000 0.000 0.000 0.000 2.455 0.050 : 0.000 : 98.636 : 3124 316 30 0 : 2279 : 5720 5428 : 13.784324 : 7 Heap_use_crossed_incremental_gc_percent ]
[13.812s][info][safepoint] Application time: 0.5479344 seconds
[13.813s][info][safepoint] Total time for which application threads were stopped: 0.0004178 seconds, Stopping threads took: 0.0000086 seconds
[13.813s][info][gc       ] [SPS 0.000 0.002 0.010 0.015 0.009 0.002 0.001 0.354 0.037 0.418 NewGC_pause1 13.812272 ]
[14.055s][info][safepoint] Application time: 0.2425028 seconds
[14.055s][info][safepoint] Total time for which application threads were stopped: 0.0002293 seconds, Stopping threads took: 0.0000470 seconds
[14.056s][info][gc       ] [SPS 0.000 0.002 0.000 0.015 0.047 0.002 0.001 0.128 0.037 0.229 NewGC_pause2 14.055005 ]
[14.058s][info][safepoint] Application time: 0.0032251 seconds
[14.059s][info][safepoint] Total time for which application threads were stopped: 0.0002591 seconds, Stopping threads took: 0.0000232 seconds
[14.059s][info][gc       ] [SPS 0.000 0.000 0.000 0.009 0.023 0.001 0.000 0.195 0.031 0.259 NewGC_pause3 14.058489 ]
[14.064s][info][safepoint] Application time: 0.0050638 seconds
[14.064s][info][safepoint] Total time for which application threads were stopped: 0.0001408 seconds, Stopping threads took: 0.0000069 seconds
[14.065s][info][gc       ] [SPS 0.000 1.196 0.006 0.025 0.007 0.002 0.001 0.084 0.021 0.141 NewGC_pause4 14.063694 ]
[14.065s][info][gc       ] [GC NTO Max 16-11 : 6356 4340 1658 6356 - - 554 20 2 2 - : 1018 318 30 292 3702 : 1009 9 2687 2687 0 : 1 2 205 0 249 - 260 : 0.525405 2242.1 3.8 0.279635 2059.8 0.0 : 3 --c 0000 : 23 0 0.000 0.000 0 0.000 0.000 0 0.000 0.000 : 13.784795 13.811854 0.000353 14.054775 0.000163 14.058230 0.000119 14.063553 0.000108 : 14.064431 ]
[14.065s][info][gc       ] [SYSINFO 8130 320 605 665 6245 0 18 0 0 6427 : - - - - - - - - : 0 7168 : 0.82 0.21 0.06 : 198714 5551360 : 0 0 : 10 0 : 2056 3 0 211 : - 8217182208 79581184 581677056 6664593408 334946304 635289600 : 139632189 60560 20650 0 0 0 : 14.064786 ]
[14.065s][info][gc       ] [HUGEPAGESTAT 0 0 0 - 260 0 0 : 106496 0 0 : 14.064786 ]
[14.065s][info][gc       ] [OBJCREAT 7945536 24635 872448 : 14.064861 ]
[14.065s][info][gc       ] [HMSV All : 6684 3462 50 0 0 0 0 0 : 7428 0 0 0 : 14.064878 ]
[14.065s][info][gc       ] [HMSP 6752 : 57556 6924 : 14.064878 ]
[14.066s][info][gc       ] [VMAC 65530 170 180 485 835 : 14.066132 ]
[14.067s][info][safepoint] Application time: 0.0022364 seconds
[14.067s][info][safepoint] Total time for which application threads were stopped: 0.0011661 seconds, Stopping threads took: 0.0000006 seconds
[14.068s][info][gc       ] [SPS 0.000 0.001 0.000 0.010 0.001 0.001 0.000 1.089 0.065 1.166 OldGC_pause2 14.067097 ]
[14.071s][info][safepoint] Application time: 0.0041535 seconds
[14.072s][info][safepoint] Total time for which application threads were stopped: 0.0001901 seconds, Stopping threads took: 0.0000295 seconds
[14.073s][info][gc       ] [SPS 0.000 0.001 0.000 0.024 0.029 0.003 0.001 0.082 0.051 0.190 OldGC_pause3 14.071441 ]
[14.095s][info][safepoint] Application time: 0.0233178 seconds
[14.095s][info][safepoint] Total time for which application threads were stopped: 0.0002068 seconds, Stopping threads took: 0.0000132 seconds
[14.096s][info][gc       ] [SPS 0.000 0.010 0.029 0.011 0.013 0.001 0.000 0.150 0.032 0.207 OldGC_pause4 14.094966 ]
[14.098s][info][gc       ] [GC Old Max 17-6 : 6356 4340 1346 6356 - - 556 20 2 2 - : 1018 10 26 292 350 : 28 7 309 309 0 : 0 3 1 0 18 - 0 : 0.539759 0.0 3.7 0.291760 6.9 0.0 : 1 --c 0000 : 23   -    -    -    -    -    -    -    -    -  : 13.805262 13.811854 0.000353 14.065930 0.001041 14.071251 0.000129 14.094759 0.000088 : 14.097022 ]
[14.098s][info][gc       ] [SYSINFO 8131 320 605 666 6246 0 18 0 0 6427 : - - - - - - - - : 0 7168 : 0.82 0.21 0.06 : 198714 5551360 : 0 0 : 10 0 : 2056 2 0 211 : - 8218939392 79581184 583434240 6664593408 334946304 635289600 : 139632189 60620 20710 0 0 0 : 14.097781 ]
[14.098s][info][gc       ] [HUGEPAGESTAT 0 0 0 - 260 0 0 : 106496 0 0 : 14.097781 ]
[14.098s][info][gc       ] [OBJCREAT 7945536 24635 872448 : 14.097943 ]
[14.098s][info][gc       ] [HMSV All : 6684 3462 50 0 0 0 0 0 : 7428 0 0 0 : 14.098014 ]
[14.098s][info][gc       ] [HMSP 6752 : 57556 6924 : 14.098014 ]
[14.098s][info][gc       ] [COMPSTATS 1 : 5 0 : 1 0 : 0 0 : 386 1 0 0 0 0 : 0 0 0 0 0 0 : 196 206 41 : 387 0 0 0 0 0 0 : 387 0 0 0 0 0 0 ]
[14.098s][info][gc       ] [COMPSTATS 2 : 5 0 : 9 0 : 0 0 : 46 2 0 0 0 0 : 0 0 0 0 0 0 : 2940 3034 524 : 39 8 1 0 0 0 0 : 4 36 8 0 0 0 0 ]
[14.098s][info][gc       ] [DEOPTSTATS 1 : 0 0 : 0 0 : 0 0 : 0 0 : 0 1 : 0 0 : 0 0 : 0 0 : 0 0 : 0 0 : 0 0 : 0 0 : 0 0 : 0 0 : 0 0 : 0 0 : 0 0 : 0 0 : 0 0 : 0 0 : 0 0 : 0 0 : 0 0 : 0 0 : 0 0 : 0 0 : 0 0 : 0 0 : 0 0 : 0 0 : 1 0 : 0 0 : 0 0 : 0 0 : 0 0 : 0 0 : 0 0 : 0 0 : 0 0 : 0 0 : 0 0 : 0 0 ]
[14.098s][info][gc       ] [DEOPTSTATS 2 : 0 0 : 0 0 : 0 0 : 0 0 : 0 0 : 0 0 : 0 5 : 0 0 : 0 0 : 0 0 : 0 0 : 0 0 : 0 0 : 0 0 : 0 0 : 0 0 : 0 0 : 0 0 : 0 0 : 0 0 : 0 0 : 0 0 : 0 0 : 0 0 : 0 0 : 0 0 : 0 0 : 0 0 : 0 0 : 0 0 : 1 0 : 0 0 : 0 0 : 0 0 : 0 0 : 0 0 : 0 0 : 0 0 : 0 0 : 0 1 : 0 0 : 0 0 ]
[14.100s][info][gc       ] [CCF 0 0 0 0 6 18432: 2562560 : 381 197120 : 2 32768 : 316 310784 :  386 494592 : 43 63488 : 0 0 : 15 1228800 : 1 2048]
[14.100s][info][gc       ] [VMAC 65530 170 180 485 835 : 14.099884 ]
[15.274s][info][gc       ] [GPGC-H  1829.5 265.7 5.5 0.0 : 570.6 : 0.000 0.000 : 0.000 0.000 1.118 2.422 : 0.000 0.000 0.000 0.000 2.452 0.050 : 0.000 : 96.302 : 3050 10 26 0 : 2279 : 5720 5428 : 15.274491 : 9 Next_heuristic_check_may_be_too_late ]
[15.300s][info][safepoint] Application time: 1.2047196 seconds
[15.301s][info][safepoint] Total time for which application threads were stopped: 0.0004989 seconds, Stopping threads took: 0.0000132 seconds
[15.302s][info][gc       ] [SPS 0.000 0.006 0.005 0.016 0.013 0.002 0.001 0.424 0.043 0.499 NewGC_pause1 15.300185 ]
[15.510s][info][safepoint] Application time: 0.2099184 seconds
[15.511s][info][safepoint] Total time for which application threads were stopped: 0.0002485 seconds, Stopping threads took: 0.0000310 seconds
[15.511s][info][gc       ] [SPS 0.000 0.001 0.000 0.008 0.031 0.001 0.000 0.133 0.075 0.249 NewGC_pause2 15.510352 ]
[15.514s][info][safepoint] Application time: 0.0029429 seconds
[15.514s][info][safepoint] Total time for which application threads were stopped: 0.0002965 seconds, Stopping threads took: 0.0000265 seconds
[15.514s][info][gc       ] [SPS 0.000 0.000 0.000 0.009 0.027 0.001 0.000 0.232 0.028 0.297 NewGC_pause3 15.513591 ]
[15.517s][info][safepoint] Application time: 0.0036505 seconds
[15.518s][info][safepoint] Total time for which application threads were stopped: 0.0002229 seconds, Stopping threads took: 0.0000314 seconds
[15.518s][info][gc       ] [SPS 0.000 0.003 0.003 0.009 0.031 0.001 0.000 0.148 0.033 0.223 NewGC_pause4 15.517465 ]
[15.519s][info][gc       ] [GC New Max 18-12 : 6356 4032 1344 6356 - - 556 20 2 2 - : 1016 10 26 292 3704 : 1010 7 2691 2691 0 : 0 1 287 0 248 - 260 : 1.210853 1679.8 0.0 0.242887 2684.4 0.0 : 3 --c 0000 : 23 0 0.000 0.000 0 0.000 0.000 0 0.000 0.000 : 15.275284 15.299686 0.000331 15.510103 0.000117 15.513295 0.000229 15.517242 0.000134 : 15.518171 ]
[15.519s][info][gc       ] [SYSINFO 8133 320 605 833 6079 0 18 0 0 6427 : - - - - - - - - : 0 7168 : 0.82 0.21 0.06 : 198714 5551360 : 0 0 : 10 0 : 2056 2 0 211 : - 8218939392 79581184 583434240 6664593408 334946304 635289600 : 139632189 62540 20970 0 0 0 : 15.518489 ]
[15.519s][info][gc       ] [HUGEPAGESTAT 0 0 0 - 260 0 0 : 106496 0 0 : 15.518489 ]
[15.519s][info][gc       ] [OBJCREAT 10624651 24635 872448 : 15.518544 ]
[15.519s][info][gc       ] [HMSV All : 8244 5022 71 0 0 0 0 0 : 7428 0 0 0 : 15.518561 ]
[15.519s][info][gc       ] [HMSP 8312 : 57556 10044 : 15.518561 ]
[15.519s][info][gc       ] [VMAC 65530 170 246 485 901 : 15.519350 ]
[15.850s][info][gc       ] [DEOPTSTATS 1 : 0 0 : 0 0 : 0 0 : 0 0 : 0 1 : 0 0 : 0 0 : 0 0 : 0 0 : 0 0 : 0 0 : 0 0 : 0 0 : 0 0 : 0 0 : 0 0 : 0 0 : 0 0 : 0 0 : 0 0 : 0 0 : 0 0 : 0 0 : 0 0 : 0 0 : 0 0 : 0 0 : 0 0 : 0 0 : 0 0 : 1 0 : 0 0 : 0 0 : 0 0 : 0 0 : 0 0 : 0 0 : 0 0 : 0 0 : 0 0 : 0 0 : 0 0 ]
[15.850s][info][gc       ] [DEOPTSTATS 2 : 0 0 : 0 0 : 0 0 : 0 0 : 0 0 : 0 0 : 0 5 : 0 0 : 0 0 : 0 0 : 0 0 : 0 0 : 0 0 : 0 0 : 0 0 : 0 0 : 0 0 : 0 0 : 0 0 : 0 0 : 0 0 : 0 0 : 0 0 : 0 0 : 0 0 : 0 0 : 0 0 : 0 0 : 0 0 : 0 0 : 1 0 : 0 0 : 0 0 : 0 0 : 0 0 : 0 0 : 0 0 : 0 0 : 0 0 : 0 3 : 0 0 : 0 0 ]
[16.688s][info][gc       ] [GPGC-H  1829.5 265.7 5.5 0.0 : 570.6 : 0.000 0.000 : 0.000 0.000 1.061 2.422 : 0.000 0.000 0.000 0.000 2.437 0.050 : 0.000 : 91.131 : 2856 10 28 0 : 2279 : 5720 5428 : 16.687845 : 9 Next_heuristic_check_may_be_too_late ]
[16.705s][info][safepoint] Application time: 1.1871500 seconds
[16.705s][info][safepoint] Total time for which application threads were stopped: 0.0002672 seconds, Stopping threads took: 0.0000007 seconds
[16.705s][info][gc       ] [SPS 0.000 0.007 0.011 0.012 0.001 0.001 0.001 0.224 0.029 0.267 NewGC_pause1 16.704883 ]
[16.872s][info][safepoint] Application time: 0.1668222 seconds
[16.873s][info][safepoint] Total time for which application threads were stopped: 0.0002488 seconds, Stopping threads took: 0.0000009 seconds
[16.873s][info][gc       ] [SPS 0.000 0.002 0.000 0.050 0.001 0.005 0.001 0.183 0.010 0.249 NewGC_pause2 16.871954 ]
[16.875s][info][safepoint] Application time: 0.0026388 seconds
[16.875s][info][safepoint] Total time for which application threads were stopped: 0.0003755 seconds, Stopping threads took: 0.0000015 seconds
[16.876s][info][gc       ] [SPS 0.000 0.001 0.000 0.084 0.002 0.002 0.001 0.280 0.006 0.375 NewGC_pause3 16.874968 ]
[16.878s][info][safepoint] Application time: 0.0026899 seconds
[16.879s][info][safepoint] Total time for which application threads were stopped: 0.0003465 seconds, Stopping threads took: 0.0000008 seconds
[16.879s][info][gc       ] [SPS 0.000 0.003 0.003 0.106 0.001 0.001 0.000 0.221 0.018 0.347 NewGC_pause4 16.878005 ]
[16.879s][info][gc       ] [GC New Max 19-13 : 6356 4032 1420 6356 - - 556 20 2 2 - : 844 10 28 292 3456 : 837 7 2615 2615 0 : 0 1 219 0 248 - 174 : 1.170032 1574.3 1.7 0.190660 3136.5 0.0 : 3 --c 0000 : 23 0 0.000 0.000 0 0.000 0.000 0 0.000 0.000 : 16.688203 16.704616 0.000223 16.871705 0.000124 16.874593 0.000317 16.877658 0.000201 : 16.878863 ]
[16.879s][info][gc       ] [SYSINFO 8132 320 605 879 6033 0 18 0 0 6427 : - - - - - - - - : 0 7168 : 0.82 0.21 0.06 : 198714 5551360 : 0 0 : 10 0 : 2056 3 0 211 : - 8218939392 79581184 583434240 6664593408 334946304 635289600 : 139632189 64490 21180 0 0 0 : 16.879309 ]
[16.879s][info][gc       ] [HUGEPAGESTAT 0 0 0 - 260 0 0 : 106496 0 0 : 16.879309 ]
[16.879s][info][gc       ] [OBJCREAT 13053445 24635 872448 : 16.879402 ]
[16.879s][info][gc       ] [HMSV All : 8479 5257 94 0 0 0 0 0 : 7428 0 0 0 : 16.879427 ]
[16.879s][info][gc       ] [HMSP 8547 : 57556 10514 : 16.879427 ]
[16.882s][info][gc       ] [VMAC 65530 170 246 485 901 : 16.881647 ]
[17.049s][info][gc       ] [DEOPTSTATS 1 : 0 0 : 0 0 : 0 0 : 0 0 : 0 1 : 0 0 : 0 0 : 0 0 : 0 0 : 0 0 : 0 0 : 0 0 : 0 0 : 0 0 : 0 0 : 0 0 : 0 0 : 0 0 : 0 0 : 0 0 : 0 0 : 0 0 : 0 0 : 0 0 : 0 0 : 0 0 : 0 0 : 0 0 : 0 0 : 0 0 : 1 0 : 0 0 : 0 0 : 0 0 : 0 0 : 0 0 : 0 0 : 0 0 : 0 0 : 0 0 : 0 0 : 0 0 ]
[17.049s][info][gc       ] [DEOPTSTATS 2 : 0 0 : 0 0 : 0 0 : 0 0 : 0 0 : 0 0 : 0 8 : 0 0 : 0 0 : 0 0 : 0 0 : 0 0 : 0 0 : 0 0 : 0 0 : 0 0 : 0 0 : 0 0 : 0 0 : 0 0 : 0 0 : 0 0 : 0 0 : 0 0 : 0 0 : 0 0 : 0 0 : 0 0 : 0 0 : 0 0 : 1 0 : 0 0 : 0 0 : 0 0 : 0 0 : 0 0 : 0 0 : 0 0 : 0 0 : 0 4 : 0 0 : 0 0 ]
[18.110s][info][gc       ] [GPGC-H  1811.2 242.1 5.0 0.0 : 520.0 : 0.000 0.000 : 0.000 0.000 1.008 2.422 : 0.000 0.000 0.000 0.000 2.387 0.050 : 0.000 : 86.431 : 2916 10 28 0 : 2279 : 5720 5428 : 18.110326 : 9 Next_heuristic_check_may_be_too_late ]
[18.135s][info][safepoint] Application time: 1.2568911 seconds
[18.136s][info][safepoint] Total time for which application threads were stopped: 0.0003447 seconds, Stopping threads took: 0.0000204 seconds
[18.136s][info][gc       ] [SPS 0.000 0.005 0.009 0.010 0.020 0.001 0.000 0.268 0.060 0.360 NewGC_pause1 18.135257 ]
[18.271s][info][safepoint] Application time: 0.1355669 seconds
[18.271s][info][safepoint] Total time for which application threads were stopped: 0.0000873 seconds, Stopping threads took: 0.0000006 seconds
[18.272s][info][gc       ] [SPS 0.000 0.001 0.000 0.010 0.001 0.001 0.000 0.053 0.023 0.087 NewGC_pause2 18.270896 ]
[18.273s][info][safepoint] Application time: 0.0014989 seconds
[18.273s][info][safepoint] Total time for which application threads were stopped: 0.0001227 seconds, Stopping threads took: 0.0000065 seconds
[18.273s][info][gc       ] [SPS 0.000 0.001 0.000 0.010 0.006 0.001 0.000 0.089 0.016 0.123 NewGC_pause3 18.272517 ]
[18.275s][info][safepoint] Application time: 0.0027659 seconds
[18.276s][info][safepoint] Total time for which application threads were stopped: 0.0001792 seconds, Stopping threads took: 0.0000180 seconds
[18.276s][info][gc       ] [SPS 0.000 0.005 0.004 0.030 0.018 0.002 0.001 0.097 0.032 0.179 NewGC_pause4 18.275463 ]
[18.276s][info][gc       ] [GC New Max 20-14 : 6356 3694 1008 6356 - - 556 20 2 2 - : 678 10 28 292 3364 : 674 4 2687 2687 0 : 0 0 192 0 165 - 174 : 1.232080 1683.3 0.0 0.164966 2703.6 0.0 : 3 --c 0000 : 23 0 0.000 0.000 0 0.000 0.000 0 0.000 0.000 : 18.110943 18.134897 0.000285 18.270808 0.000058 18.272395 0.000097 18.275283 0.000136 : 18.275909 ]
[18.276s][info][gc       ] [SYSINFO 8132 320 605 1160 5752 0 18 0 0 6427 : - - - - - - - - : 0 7168 : 1.08 0.28 0.08 : 198714 5551360 : 0 0 : 10 0 : 2056 2 0 211 : - 8218939392 79581184 583434240 6664593408 334946304 635289600 : 139632189 66180 21380 0 0 0 : 18.276228 ]
[18.276s][info][gc       ] [HUGEPAGESTAT 0 0 0 - 260 0 0 : 106496 0 0 : 18.276228 ]
[18.276s][info][gc       ] [OBJCREAT 15569956 24635 872448 : 18.276311 ]
[18.276s][info][gc       ] [HMSV All : 9804 6582 115 0 0 0 0 0 : 7428 0 0 0 : 18.276332 ]
[18.276s][info][gc       ] [HMSP 9872 : 57556 13164 : 18.276332 ]
[18.278s][info][gc       ] [VMAC 65530 170 312 485 967 : 18.277869 ]
[19.244s][info][gc       ] [GPGC-H  1811.2 242.1 5.0 0.0 : 520.0 : 0.000 0.000 : 0.000 0.000 0.956 2.422 : 0.000 0.000 0.000 0.000 2.305 0.050 : 0.000 : 81.766 : 3088 10 28 0 : 2279 : 5720 5428 : 19.243673 : 9 Next_heuristic_check_may_be_too_late ]
[19.251s][info][safepoint] Application time: 0.9754876 seconds
[19.252s][info][safepoint] Total time for which application threads were stopped: 0.0002000 seconds, Stopping threads took: 0.0000253 seconds
[19.252s][info][gc       ] [SPS 0.000 0.005 0.006 0.011 0.025 0.001 0.000 0.139 0.023 0.200 NewGC_pause1 19.251150 ]
[19.434s][info][safepoint] Application time: 0.1827027 seconds
[19.435s][info][safepoint] Total time for which application threads were stopped: 0.0001423 seconds, Stopping threads took: 0.0000228 seconds
[19.435s][info][gc       ] [SPS 0.000 0.001 0.000 0.021 0.023 0.002 0.001 0.069 0.026 0.142 NewGC_pause2 19.433996 ]
[19.437s][info][safepoint] Application time: 0.0032063 seconds
[19.438s][info][safepoint] Total time for which application threads were stopped: 0.0001232 seconds, Stopping threads took: 0.0000038 seconds
[19.438s][info][gc       ] [SPS 0.000 0.000 0.000 0.009 0.004 0.001 0.000 0.081 0.028 0.123 NewGC_pause3 19.437325 ]
[19.440s][info][safepoint] Application time: 0.0025008 seconds
[19.441s][info][safepoint] Total time for which application threads were stopped: 0.0002511 seconds, Stopping threads took: 0.0000396 seconds
[19.441s][info][gc       ] [GC New Max 21-15 : 6356 3692 1008 6356 - - 556 20 2 2 - : 678 10 28 292 3362 : 673 4 2685 2685 0 : 0 0 137 0 165 - 174 : 0.968425 2488.6 0.0 0.196072 1397.4 0.0 : 3 --c 0000 : 23 0 0.000 0.000 0 0.000 0.000 0 0.000 0.000 : 19.244334 19.250951 0.000172 19.433854 0.000103 19.437202 0.000085 19.439826 0.000152 : 19.440406 ]
[19.441s][info][gc       ] [SYSINFO 8131 320 605 1235 5678 0 18 0 0 6427 : - - - - - - - - : 0 7168 : 1.08 0.28 0.08 : 198714 5551360 : 0 0 : 10 0 : 2056 2 0 211 : - 8218939392 79581184 583434240 6664593408 334946304 635289600 : 139632189 67760 21670 0 0 0 : 19.440796 ]
[19.441s][info][gc       ] [HUGEPAGESTAT 0 0 0 - 260 0 0 : 106496 0 0 : 19.440796 ]
[19.441s][info][gc       ] [OBJCREAT 18249072 24635 872448 : 19.440871 ]
[19.441s][info][gc       ] [HMSV All : 10626 7404 137 0 0 0 0 0 : 7428 0 0 0 : 19.440898 ]
[19.441s][info][gc       ] [HMSP 10694 : 57556 14808 : 19.440898 ]
[19.441s][info][gc       ] [SPS 0.000 0.003 0.002 0.009 0.040 0.001 0.000 0.156 0.046 0.251 NewGC_pause4 19.440078 ]
[19.443s][info][gc       ] [VMAC 65530 170 318 485 973 : 19.442816 ]
[20.309s][info][gc       ] [GPGC-H  2238.0 219.1 4.6 0.0 : 470.7 : 0.000 0.000 : 0.000 0.000 0.916 2.422 : 0.000 0.000 0.000 0.000 2.211 0.050 : 0.000 : 78.365 : 2652 10 28 0 : 2279 : 5720 5428 : 20.309109 : 9 Next_heuristic_check_may_be_too_late ]
[20.317s][info][safepoint] Application time: 0.8762535 seconds
[20.317s][info][safepoint] Total time for which application threads were stopped: 0.0005858 seconds, Stopping threads took: 0.0000034 seconds
[20.318s][info][gc       ] [SPS 0.000 0.010 0.090 0.009 0.003 0.001 0.000 0.466 0.105 0.586 NewGC_pause1 20.316917 ]
[20.385s][info][safepoint] Application time: 0.0678146 seconds
[20.386s][info][safepoint] Total time for which application threads were stopped: 0.0003098 seconds, Stopping threads took: 0.0000011 seconds
[20.386s][info][gc       ] [SPS 0.001 0.003 0.000 0.018 0.001 0.002 0.002 0.230 0.057 0.310 NewGC_pause2 20.385043 ]
[20.388s][info][safepoint] Application time: 0.0027028 seconds
[20.388s][info][safepoint] Total time for which application threads were stopped: 0.0002085 seconds, Stopping threads took: 0.0000007 seconds
[20.389s][info][gc       ] [SPS 0.000 0.001 0.000 0.011 0.001 0.001 0.000 0.167 0.029 0.209 NewGC_pause3 20.387954 ]
[20.391s][info][safepoint] Application time: 0.0031095 seconds
[20.392s][info][safepoint] Total time for which application threads were stopped: 0.0004074 seconds, Stopping threads took: 0.0000016 seconds
[20.392s][info][gc       ] [SPS 0.000 0.006 0.006 0.022 0.002 0.002 0.001 0.306 0.075 0.408 NewGC_pause4 20.391471 ]
[20.393s][info][gc       ] [GC New Max 22-16 : 6356 3238 660 6356 - - 556 20 2 2 - : 330 10 28 292 2908 : 324 8 2579 2579 0 : 0 0 103 0 75 - 90 : 0.869524 2274.8 0.0 0.081965 3074.5 0.0 : 3 --c 0000 : 23 0 0.000 0.000 0 0.000 0.000 0 0.000 0.000 : 20.309930 20.316332 0.000405 20.384733 0.000207 20.387745 0.000129 20.391064 0.000197 : 20.391895 ]
[20.393s][info][gc       ] [SYSINFO 8131 320 605 1235 5678 0 18 0 0 6427 : - - - - - - - - : 0 7168 : 1.08 0.28 0.08 : 198714 5551360 : 0 0 : 10 0 : 2056 2 0 211 : - 8218939392 79581184 583434240 6664593408 334946304 635289600 : 139632189 68890 21770 0 0 0 : 20.392461 ]
[20.393s][info][gc       ] [HUGEPAGESTAT 0 0 0 - 260 0 0 : 106496 0 0 : 20.392461 ]
[20.393s][info][gc       ] [OBJCREAT 20469056 24635 872448 : 20.392798 ]
[20.393s][info][gc       ] [HMSV All : 10626 7404 159 0 0 0 0 0 : 7428 0 0 0 : 20.392891 ]
[20.393s][info][gc       ] [HMSP 10694 : 57556 14808 : 20.392891 ]
[20.395s][info][gc       ] [VMAC 65530 170 318 485 973 : 20.394859 ]
[21.101s][info][gc       ] [GPGC-H  2238.0 219.1 4.6 0.0 : 470.7 : 0.000 0.000 : 0.000 0.000 0.880 2.422 : 0.000 0.000 0.000 0.000 2.134 0.050 : 0.000 : 75.364 : 2700 10 28 0 : 2279 : 5720 5428 : 21.101248 : 9 Next_heuristic_check_may_be_too_late ]
[21.109s][info][safepoint] Application time: 0.7165941 seconds
[21.110s][info][safepoint] Total time for which application threads were stopped: 0.0005619 seconds, Stopping threads took: 0.0000007 seconds
[21.110s][info][gc       ] [SPS 0.000 0.004 0.003 0.010 0.001 0.001 0.000 0.483 0.067 0.562 NewGC_pause1 21.108628 ]
[21.143s][info][safepoint] Application time: 0.0341397 seconds
[21.144s][info][safepoint] Total time for which application threads were stopped: 0.0003092 seconds, Stopping threads took: 0.0000009 seconds
[21.144s][info][gc       ] [SPS 0.000 0.002 0.000 0.131 0.001 0.001 0.001 0.165 0.010 0.309 NewGC_pause2 21.143077 ]
[21.146s][info][safepoint] Application time: 0.0029271 seconds
[21.147s][info][safepoint] Total time for which application threads were stopped: 0.0003130 seconds, Stopping threads took: 0.0000079 seconds
[21.148s][info][gc       ] [SPS 0.000 0.001 0.000 0.085 0.008 0.002 0.001 0.178 0.040 0.313 NewGC_pause3 21.146317 ]
[21.150s][info][safepoint] Application time: 0.0035049 seconds
[21.150s][info][safepoint] Total time for which application threads were stopped: 0.0002874 seconds, Stopping threads took: 0.0000211 seconds
[21.151s][info][gc       ] [SPS 0.000 0.005 0.004 0.014 0.021 0.001 0.001 0.192 0.059 0.288 NewGC_pause4 21.150110 ]
[21.151s][info][gc       ] [GC New Max 23-17 : 6356 3138 480 6356 - - 556 20 2 2 - : 150 10 28 292 2808 : 144 6 2661 2661 0 : 0 0 46 0 34 - 41 : 0.710325 3359.0 0.0 0.048334 1903.4 0.0 : 3 --c 0000 : 23 0 0.000 0.000 0 0.000 0.000 0 0.000 0.000 : 21.102220 21.108066 0.000419 21.142768 0.000286 21.146004 0.000183 21.149822 0.000173 : 21.150554 ]
[21.151s][info][gc       ] [SYSINFO 8132 320 605 1388 5524 0 18 0 0 6427 : - - - - - - - - : 0 7168 : 1.08 0.28 0.08 : 198714 5551360 : 0 0 : 10 0 : 2056 2 0 211 : - 8218939392 79581184 583434240 6664593408 334946304 635289600 : 139632189 69670 21930 0 0 0 : 21.151084 ]
[21.151s][info][gc       ] [HUGEPAGESTAT 0 0 0 - 260 0 0 : 106496 0 0 : 21.151084 ]
[21.151s][info][gc       ] [OBJCREAT 22942895 24635 872448 : 21.151201 ]
[21.151s][info][gc       ] [HMSV All : 11664 8442 173 0 0 0 0 0 : 7428 0 0 0 : 21.151235 ]
[21.151s][info][gc       ] [HMSP 11732 : 57556 16884 : 21.151235 ]
[21.152s][info][gc       ] [VMAC 65530 170 252 485 907 : 21.152358 ]
[21.577s][info][gc       ] [GPGC-H  2804.1 199.7 4.2 0.0 : 428.9 : 0.000 0.000 : 0.000 0.000 0.851 2.422 : 0.000 0.000 0.000 0.000 2.071 0.050 : 0.000 : 72.987 : 2154 10 28 0 : 2279 : 5720 5428 : 21.576890 : 9 Next_heuristic_check_may_be_too_late ]
[21.582s][info][safepoint] Application time: 0.4312432 seconds
[21.582s][info][safepoint] Total time for which application threads were stopped: 0.0003337 seconds, Stopping threads took: 0.0000087 seconds
[21.583s][info][gc       ] [SPS 0.000 0.005 0.005 0.011 0.009 0.002 0.001 0.241 0.071 0.334 NewGC_pause1 21.581687 ]
[21.862s][info][safepoint] Application time: 0.2801183 seconds
[21.863s][info][safepoint] Total time for which application threads were stopped: 0.0001948 seconds, Stopping threads took: 0.0000285 seconds
[21.863s][info][gc       ] [SPS 0.000 0.001 0.000 0.009 0.029 0.002 0.001 0.107 0.047 0.195 NewGC_pause2 21.862001 ]
[21.866s][info][safepoint] Application time: 0.0033768 seconds
[21.866s][info][safepoint] Total time for which application threads were stopped: 0.0001217 seconds, Stopping threads took: 0.0000010 seconds
[21.866s][info][gc       ] [SPS 0.000 0.001 0.000 0.014 0.001 0.002 0.001 0.068 0.040 0.125 NewGC_pause3 21.865503 ]
[21.869s][info][safepoint] Application time: 0.0028709 seconds
[21.869s][info][safepoint] Total time for which application threads were stopped: 0.0004817 seconds, Stopping threads took: 0.0002846 seconds
[21.870s][info][gc       ] [GC New Max 24-18 : 6356 3110 1566 6356 - - 556 20 2 2 - : 1236 10 28 292 2780 : 1225 13 1551 1551 0 : 0 0 313 0 323 - 295 : 0.427067 4692.5 0.0 0.291601 2167.3 0.0 : 3 --c 0000 : 23 0 0.000 0.000 0 0.000 0.000 0 0.000 0.000 : 21.577621 21.581353 0.000238 21.861806 0.000125 21.865378 0.000068 21.868370 0.000359 : 21.869222 ]
[21.870s][info][gc       ] [SYSINFO 8132 320 605 1388 5524 0 18 0 0 6427 : - - - - - - - - : 0 7168 : 1.08 0.28 0.08 : 198714 5551360 : 0 0 : 10 0 : 2056 2 0 211 : - 8218939392 79581184 583434240 6664593408 334946304 635289600 : 139632189 71200 22070 0 0 0 : 21.869573 ]
[21.870s][info][gc       ] [HUGEPAGESTAT 0 0 0 - 260 0 0 : 106496 0 0 : 21.869573 ]
[21.870s][info][gc       ] [OBJCREAT 25576026 24635 872448 : 21.869669 ]
[21.870s][info][gc       ] [HMSV All : 11808 8586 193 0 0 0 0 0 : 7428 0 0 0 : 21.869692 ]
[21.870s][info][gc       ] [HMSP 11876 : 57556 17172 : 21.869692 ]
[21.870s][info][gc       ] [SPS 0.000 0.003 0.003 0.009 0.285 0.001 0.000 0.129 0.059 0.482 NewGC_pause4 21.868852 ]
[21.871s][info][gc       ] [VMAC 65530 170 264 485 919 : 21.870737 ]
[22.112s][info][gc       ] [GPGC-H  2804.1 199.7 4.2 0.0 : 428.9 : 0.000 0.000 : 0.000 0.000 0.833 2.422 : 0.000 0.000 0.000 0.000 2.016 0.050 : 0.000 : 71.929 : 2356 10 28 0 : 2279 : 5720 5428 : 22.112311 : 9 Next_heuristic_check_may_be_too_late ]
[22.118s][info][safepoint] Application time: 0.2488527 seconds
[22.119s][info][safepoint] Total time for which application threads were stopped: 0.0005272 seconds, Stopping threads took: 0.0000015 seconds
[22.119s][info][gc       ] [SPS 0.000 0.007 0.008 0.024 0.002 0.003 0.001 0.460 0.038 0.527 NewGC_pause1 22.118233 ]
[22.468s][info][safepoint] Application time: 0.3490620 seconds
[22.468s][info][safepoint] Total time for which application threads were stopped: 0.0001827 seconds, Stopping threads took: 0.0000277 seconds
[22.469s][info][gc       ] [SPS 0.000 0.002 0.000 0.018 0.028 0.002 0.001 0.097 0.037 0.183 NewGC_pause2 22.467478 ]
[22.471s][info][safepoint] Application time: 0.0037216 seconds
[22.472s][info][safepoint] Total time for which application threads were stopped: 0.0001845 seconds, Stopping threads took: 0.0000161 seconds
[22.472s][info][gc       ] [SPS 0.000 0.001 0.000 0.009 0.016 0.002 0.003 0.127 0.028 0.185 NewGC_pause3 22.471384 ]
[22.475s][info][safepoint] Application time: 0.0035273 seconds
[22.475s][info][safepoint] Total time for which application threads were stopped: 0.0002209 seconds, Stopping threads took: 0.0000374 seconds
[22.475s][info][gc       ] [SPS 0.000 0.003 0.003 0.009 0.037 0.001 0.000 0.144 0.030 0.221 NewGC_pause4 22.475132 ]
[22.477s][info][gc       ] [GC New Max 25-19 : 6356 3620 2170 6356 - - 556 20 2 2 - : 1840 10 28 292 3290 : 1833 22 1454 1454 0 : 0 2 467 0 464 - 456 : 0.243596 4597.8 0.0 0.363700 2568.1 0.0 : 3 --c 0000 : 23 0 0.000 0.000 0 0.000 0.000 0 0.000 0.000 : 22.112818 22.117706 0.000441 22.467295 0.000124 22.471199 0.000085 22.474911 0.000119 : 22.476517 ]
[22.477s][info][gc       ] [SYSINFO 8133 320 605 1450 5463 0 18 0 0 6427 : - - - - - - - - : 0 7168 : 1.08 0.28 0.08 : 198714 5551360 : 0 0 : 10 0 : 2056 2 0 211 : - 8218939392 79581184 583434240 6664593408 334946304 635289600 : 139632189 72750 22330 0 0 0 : 22.476997 ]
[22.477s][info][gc       ] [HUGEPAGESTAT 0 0 0 - 260 0 0 : 106496 0 0 : 22.476997 ]
[22.477s][info][gc       ] [OBJCREAT 27625196 24635 872448 : 22.477064 ]
[22.477s][info][gc       ] [HMSV All : 12852 9630 207 0 0 0 0 0 : 7428 0 0 0 : 22.477081 ]
[22.477s][info][gc       ] [HMSP 12920 : 57556 19260 : 22.477081 ]
[22.478s][info][gc       ] [VMAC 65530 170 252 485 907 : 22.478072 ]
[23.103s][info][gc       ] [GPGC-H  2804.1 199.7 4.2 0.0 : 428.9 : 0.000 0.000 : 0.000 0.000 0.820 2.422 : 0.000 0.000 0.000 0.000 1.975 0.050 : 0.000 : 71.595 : 2786 10 28 0 : 2279 : 5720 5428 : 23.102656 : 9 Next_heuristic_check_may_be_too_late ]
[23.111s][info][safepoint] Application time: 0.6357036 seconds
[23.112s][info][safepoint] Total time for which application threads were stopped: 0.0003927 seconds, Stopping threads took: 0.0000010 seconds
[23.112s][info][gc       ] [SPS 0.000 0.005 0.004 0.013 0.001 0.001 0.001 0.351 0.026 0.393 NewGC_pause1 23.111229 ]
[23.275s][info][safepoint] Application time: 0.1634730 seconds
[23.275s][info][safepoint] Total time for which application threads were stopped: 0.0001953 seconds, Stopping threads took: 0.0000005 seconds
[23.276s][info][gc       ] [SPS 0.000 0.001 0.000 0.073 0.001 0.001 0.000 0.114 0.006 0.195 NewGC_pause2 23.274898 ]
[23.278s][info][safepoint] Application time: 0.0022825 seconds
[23.278s][info][safepoint] Total time for which application threads were stopped: 0.0003560 seconds, Stopping threads took: 0.0000005 seconds
[23.278s][info][gc       ] [SPS 0.000 0.001 0.000 0.127 0.000 0.001 0.000 0.158 0.070 0.356 NewGC_pause3 23.277537 ]
[23.284s][info][safepoint] Application time: 0.0066950 seconds
[23.285s][info][safepoint] Total time for which application threads were stopped: 0.0001648 seconds, Stopping threads took: 0.0000021 seconds
[23.285s][info][gc       ] [SPS 0.000 0.004 0.003 0.008 0.002 0.001 0.000 0.137 0.017 0.165 NewGC_pause4 23.284396 ]
[23.290s][info][gc       ] [GC New Max 26-20 : 6356 3922 1422 6356 - - 556 20 2 2 - : 1092 10 28 292 3346 : 837 9 2505 2505 0 : 0 2 219 0 249 - 297 : 0.626823 1512.4 0.0 0.186171 4318.6 0.0 : 3 --c 0000 : 23 0 0.000 0.000 0 0.000 0.000 0 0.000 0.000 : 23.103341 23.110837 0.000324 23.274702 0.000181 23.277180 0.000264 23.284231 0.000148 : 23.289512 ]
[23.290s][info][gc       ] [SYSINFO 8133 320 605 1598 5315 0 18 0 0 6427 : - - - - - - - - : 0 7168 : 1.31 0.34 0.11 : 198714 5551360 : 0 0 : 10 0 : 2056 2 0 211 : - 8218939392 79581184 583434240 6664593408 334946304 635289600 : 139632189 74020 22480 0 0 0 : 23.289788 ]
[23.290s][info][gc       ] [HUGEPAGESTAT 0 0 0 - 260 0 0 : 106496 0 0 : 23.289788 ]
[23.290s][info][gc       ] [OBJCREAT 29379362 24635 872448 : 23.289841 ]
[23.290s][info][gc       ] [HMSV All : 13590 10368 219 0 0 0 0 0 : 7428 0 0 0 : 23.289862 ]
[23.290s][info][gc       ] [HMSP 13658 : 57556 20736 : 23.289862 ]
[23.291s][info][gc       ] [VMAC 65530 170 342 485 997 : 23.290864 ]
[24.259s][info][gc       ] [GPGC-H  2785.0 181.9 3.8 0.0 : 390.7 : 0.000 0.000 : 0.000 0.000 0.797 2.422 : 0.000 0.000 0.000 0.000 1.920 0.050 : 0.000 : 69.800 : 2436 10 28 0 : 2279 : 5720 5428 : 24.259291 : 9 Next_heuristic_check_may_be_too_late ]
[24.264s][info][safepoint] Application time: 0.9797929 seconds
[24.265s][info][safepoint] Total time for which application threads were stopped: 0.0002918 seconds, Stopping threads took: 0.0000006 seconds
[24.266s][info][gc       ] [SPS 0.000 0.004 0.005 0.009 0.001 0.001 0.000 0.247 0.034 0.292 NewGC_pause1 24.264481 ]
[24.544s][info][safepoint] Application time: 0.2789448 seconds
[24.544s][info][safepoint] Total time for which application threads were stopped: 0.0001564 seconds, Stopping threads took: 0.0000202 seconds
[24.544s][info][gc       ] [SPS 0.000 0.001 0.000 0.009 0.020 0.001 0.001 0.104 0.022 0.156 NewGC_pause2 24.543583 ]
[24.547s][info][safepoint] Application time: 0.0031334 seconds
[24.547s][info][safepoint] Total time for which application threads were stopped: 0.0002066 seconds, Stopping threads took: 0.0000251 seconds
[24.548s][info][gc       ] [SPS 0.000 0.002 0.000 0.023 0.025 0.003 0.001 0.107 0.047 0.207 NewGC_pause3 24.546923 ]
[24.550s][info][safepoint] Application time: 0.0026230 seconds
[24.550s][info][safepoint] Total time for which application threads were stopped: 0.0003030 seconds, Stopping threads took: 0.0000289 seconds
[24.551s][info][gc       ] [SPS 0.000 0.003 0.003 0.009 0.029 0.001 0.000 0.244 0.020 0.303 NewGC_pause4 24.549849 ]
[24.551s][info][gc       ] [GC New Max 27-21 : 6356 3426 1896 6356 - - 556 20 2 2 - : 1566 10 28 292 3096 : 1559 20 1533 1533 0 : 0 0 330 0 409 - 374 : 0.970509 1384.8 0.0 0.290684 2270.5 0.0 : 3 --c 0000 : 23 0 0.000 0.000 0 0.000 0.000 0 0.000 0.000 : 24.260022 24.264190 0.000247 24.543426 0.000126 24.546717 0.000135 24.549546 0.000283 : 24.550706 ]
[24.551s][info][gc       ] [SYSINFO 8133 320 605 1618 5294 0 18 0 0 6427 : - - - - - - - - : 0 7168 : 1.31 0.34 0.11 : 198714 5551360 : 0 0 : 10 0 : 2056 4 0 211 : - 8218939392 79581184 583434240 6664593408 334946304 635289600 : 139632189 76010 22630 0 0 0 : 24.551005 ]
[24.551s][info][gc       ] [HUGEPAGESTAT 0 0 0 - 260 0 0 : 106496 0 0 : 24.551005 ]
[24.551s][info][gc       ] [OBJCREAT 31367356 24635 872448 : 24.551062 ]
[24.551s][info][gc       ] [HMSV All : 13920 10698 240 0 0 0 0 0 : 7428 0 0 0 : 24.551081 ]
[24.551s][info][gc       ] [HMSP 13988 : 57556 21396 : 24.551081 ]
[24.552s][info][gc       ] [VMAC 65530 170 312 485 967 : 24.552113 ]
[25.036s][info][gc       ] [GPGC-H  2785.0 181.9 3.8 0.0 : 390.7 : 0.000 0.000 : 0.000 0.000 0.768 2.422 : 0.000 0.000 0.000 0.000 1.847 0.050 : 0.000 : 67.153 : 2524 10 28 0 : 2279 : 5720 5428 : 25.035877 : 9 Next_heuristic_check_may_be_too_late ]
[25.048s][info][safepoint] Application time: 0.4978780 seconds
[25.049s][info][safepoint] Total time for which application threads were stopped: 0.0004743 seconds, Stopping threads took: 0.0000006 seconds
[25.050s][info][gc       ] [SPS 0.000 0.004 0.006 0.010 0.001 0.001 0.001 0.413 0.049 0.475 NewGC_pause1 25.048202 ]
[25.145s][info][safepoint] Application time: 0.0959659 seconds
[25.145s][info][safepoint] Total time for which application threads were stopped: 0.0004100 seconds, Stopping threads took: 0.0000006 seconds
[25.146s][info][gc       ] [SPS 0.000 0.001 0.000 0.147 0.001 0.001 0.000 0.227 0.033 0.410 NewGC_pause2 25.144578 ]
[25.149s][info][safepoint] Application time: 0.0044302 seconds
[25.150s][info][safepoint] Total time for which application threads were stopped: 0.0002743 seconds, Stopping threads took: 0.0000244 seconds
[25.151s][info][gc       ] [SPS 0.000 0.001 0.000 0.012 0.024 0.001 0.001 0.189 0.048 0.274 NewGC_pause3 25.149283 ]
[25.156s][info][safepoint] Application time: 0.0065210 seconds
[25.157s][info][safepoint] Total time for which application threads were stopped: 0.0002123 seconds, Stopping threads took: 0.0000069 seconds
[25.157s][info][gc       ] [SPS 0.000 0.003 0.003 0.008 0.007 0.001 0.000 0.154 0.043 0.213 NewGC_pause4 25.156017 ]
[25.162s][info][gc       ] [GC New Max 28-22 : 6356 3240 822 6356 - - 556 20 2 2 - : 492 10 28 292 2910 : 483 10 2421 2421 0 : 0 1 153 0 112 - 134 : 0.485861 1975.9 0.0 0.124967 3072.8 0.0 : 3 --c 0000 : 23 0 0.000 0.000 0 0.000 0.000 0 0.000 0.000 : 25.036566 25.047728 0.000361 25.144168 0.000370 25.149009 0.000157 25.155804 0.000072 : 25.161533 ]
[25.162s][info][gc       ] [SYSINFO 8133 320 605 1643 5270 0 18 0 0 6427 : - - - - - - - - : 0 7168 : 1.31 0.34 0.11 : 198714 5551360 : 0 0 : 10 0 : 2056 2 0 211 : - 8218939392 79581184 583434240 6664593408 334946304 635289600 : 139632189 76890 22790 0 0 0 : 25.162000 ]
[25.162s][info][gc       ] [HUGEPAGESTAT 0 0 0 - 260 0 0 : 106496 0 0 : 25.162000 ]
[25.162s][info][gc       ] [OBJCREAT 32708473 24635 872448 : 25.162108 ]
[25.162s][info][gc       ] [HMSV All : 14250 11028 251 0 0 0 0 0 : 7428 0 0 0 : 25.162137 ]
[25.162s][info][gc       ] [HMSP 14318 : 57556 22056 : 25.162137 ]
[25.164s][info][gc       ] [VMAC 65530 170 342 485 997 : 25.164021 ]
[25.949s][info][gc       ] [GPGC-H  2681.0 165.7 3.4 0.0 : 356.0 : 0.000 0.000 : 0.000 0.000 0.750 2.422 : 0.000 0.000 0.000 0.000 1.815 0.050 : 0.000 : 65.854 : 2658 10 28 0 : 2279 : 5720 5428 : 25.948939 : 9 Next_heuristic_check_may_be_too_late ]
[25.954s][info][safepoint] Application time: 0.7973332 seconds
[25.955s][info][safepoint] Total time for which application threads were stopped: 0.0001833 seconds, Stopping threads took: 0.0000137 seconds
[25.955s][info][gc       ] [SPS 0.000 0.004 0.009 0.009 0.014 0.001 0.000 0.136 0.022 0.183 NewGC_pause1 25.953533 ]
[25.979s][info][safepoint] Application time: 0.0251003 seconds
[25.979s][info][safepoint] Total time for which application threads were stopped: 0.0002395 seconds, Stopping threads took: 0.0000430 seconds
[25.980s][info][gc       ] [SPS 0.000 0.002 0.000 0.011 0.043 0.001 0.001 0.152 0.031 0.239 NewGC_pause2 25.978873 ]
[25.983s][info][safepoint] Application time: 0.0037713 seconds
[25.983s][info][safepoint] Total time for which application threads were stopped: 0.0001457 seconds, Stopping threads took: 0.0000082 seconds
[25.984s][info][gc       ] [SPS 0.000 0.001 0.000 0.020 0.008 0.002 0.001 0.070 0.044 0.146 NewGC_pause3 25.982791 ]
[25.991s][info][safepoint] Application time: 0.0072493 seconds
[25.991s][info][safepoint] Total time for which application threads were stopped: 0.0004638 seconds, Stopping threads took: 0.0002345 seconds
[25.992s][info][gc       ] [SPS 0.000 0.004 0.004 0.012 0.234 0.001 0.000 0.185 0.031 0.464 NewGC_pause4 25.990504 ]
[25.998s][info][gc       ] [GC New Max 29-23 : 6356 3064 490 6356 - - 556 20 2 2 - : 160 10 28 292 2734 : 97 10 2633 2633 0 : 0 1 31 0 35 - 45 : 0.788027 2751.2 0.0 0.048230 2695.4 0.0 : 3 --c 0000 : 23 0 0.000 0.000 0 0.000 0.000 0 0.000 0.000 : 25.949560 25.953350 0.000155 25.978634 0.000159 25.982645 0.000093 25.990040 0.000335 : 25.997790 ]
[25.998s][info][gc       ] [SYSINFO 8133 320 605 1810 5103 0 18 0 0 6427 : - - - - - - - - : 0 7168 : 1.31 0.34 0.11 : 198714 5551360 : 0 0 : 10 0 : 2056 2 0 211 : - 8218939392 79581184 583434240 6664593408 334946304 635289600 : 139632189 77710 22960 0 0 0 : 25.998178 ]
[25.998s][info][gc       ] [HUGEPAGESTAT 0 0 0 - 260 0 0 : 106496 0 0 : 25.998178 ]
[25.998s][info][gc       ] [OBJCREAT 34999368 24635 872448 : 25.998251 ]
[25.998s][info][gc       ] [HMSV All : 15156 11934 267 0 0 0 0 0 : 7428 0 0 0 : 25.998270 ]
[25.998s][info][gc       ] [HMSP 15224 : 57556 23868 : 25.998270 ]
[26.000s][info][gc       ] [VMAC 65530 170 324 485 979 : 25.999942 ]
[26.583s][info][gc       ] [GPGC-H  2681.0 165.7 3.4 0.0 : 356.0 : 0.000 0.000 : 0.000 0.000 0.723 2.422 : 0.000 0.000 0.000 0.000 1.766 0.050 : 0.000 : 63.576 : 2788 10 28 0 : 2279 : 5720 5428 : 26.583092 : 9 Next_heuristic_check_may_be_too_late ]
[26.589s][info][safepoint] Application time: 0.5980056 seconds
[26.590s][info][safepoint] Total time for which application threads were stopped: 0.0006456 seconds, Stopping threads took: 0.0001928 seconds
[26.590s][info][gc       ] [SPS 0.000 0.005 0.010 0.009 0.193 0.008 0.001 0.393 0.042 0.646 NewGC_pause1 26.589156 ]
[26.638s][info][safepoint] Application time: 0.0488065 seconds
[26.639s][info][safepoint] Total time for which application threads were stopped: 0.0001935 seconds, Stopping threads took: 0.0000250 seconds
[26.639s][info][gc       ] [SPS 0.000 0.001 0.000 0.009 0.025 0.001 0.000 0.121 0.037 0.194 NewGC_pause2 26.638156 ]
[26.642s][info][safepoint] Application time: 0.0039619 seconds
[26.643s][info][safepoint] Total time for which application threads were stopped: 0.0002089 seconds, Stopping threads took: 0.0000189 seconds
[26.643s][info][gc       ] [SPS 0.000 0.001 0.000 0.015 0.019 0.001 0.000 0.143 0.031 0.209 NewGC_pause3 26.642327 ]
[26.646s][info][safepoint] Application time: 0.0032759 seconds
[26.646s][info][safepoint] Total time for which application threads were stopped: 0.0002742 seconds, Stopping threads took: 0.0000488 seconds
[26.646s][info][gc       ] [SPS 0.000 0.005 0.003 0.010 0.049 0.001 0.000 0.188 0.026 0.274 NewGC_pause4 26.645877 ]
[26.647s][info][gc       ] [GC New Max 30-24 : 6356 3256 536 6356 - - 556 20 2 2 - : 206 10 28 292 2926 : 203 5 2722 2722 0 : 0 0 66 0 50 - 53 : 0.586054 4484.2 0.0 0.062290 2215.4 0.0 : 3 --c 0000 : 23 0 0.000 0.000 0 0.000 0.000 0 0.000 0.000 : 26.583845 26.588510 0.000557 26.637962 0.000107 26.642118 0.000119 26.645603 0.000172 : 26.646135 ]
[26.647s][info][gc       ] [SYSINFO 8132 320 605 1881 5031 0 18 0 0 6427 : - - - - - - - - : 0 7168 : 1.31 0.34 0.11 : 198714 5551360 : 0 0 : 10 0 : 2056 2 0 211 : - 8218939392 79581184 583434240 6664593408 334946304 635289600 : 139632189 78400 23130 0 0 0 : 26.646473 ]
[26.647s][info][gc       ] [HUGEPAGESTAT 0 0 0 - 260 0 0 : 106496 0 0 : 26.646473 ]
[26.647s][info][gc       ] [OBJCREAT 37760487 24635 872448 : 26.646531 ]
[26.647s][info][gc       ] [HMSV All : 16314 13092 285 0 0 0 0 0 : 7428 0 0 0 : 26.646550 ]
[26.647s][info][gc       ] [HMSP 16382 : 57556 26184 : 26.646550 ]
[26.648s][info][gc       ] [VMAC 65530 170 354 485 1009 : 26.647695 ]
[27.192s][info][gc       ] [GPGC-H  2681.0 165.7 3.4 0.0 : 356.0 : 0.000 0.000 : 0.000 0.000 0.704 2.422 : 0.000 0.000 0.000 0.000 1.724 0.050 : 0.000 : 61.983 : 2810 10 28 0 : 2279 : 5720 5428 : 27.192434 : 9 Next_heuristic_check_may_be_too_late ]
[27.204s][info][safepoint] Application time: 0.5571545 seconds
[27.204s][info][safepoint] Total time for which application threads were stopped: 0.0007602 seconds, Stopping threads took: 0.0000123 seconds
[27.205s][info][gc       ] [SPS 0.000 0.003 0.003 0.008 0.012 0.001 0.000 0.702 0.036 0.760 NewGC_pause1 27.203792 ]
[27.291s][info][safepoint] Application time: 0.0871054 seconds
[27.292s][info][safepoint] Total time for which application threads were stopped: 0.0002857 seconds, Stopping threads took: 0.0000127 seconds
[27.292s][info][gc       ] [SPS 0.000 0.002 0.000 0.017 0.013 0.002 0.001 0.218 0.035 0.286 NewGC_pause2 27.291184 ]
[27.295s][info][safepoint] Application time: 0.0035608 seconds
[27.295s][info][safepoint] Total time for which application threads were stopped: 0.0002102 seconds, Stopping threads took: 0.0000219 seconds
[27.296s][info][gc       ] [SPS 0.000 0.000 0.000 0.008 0.022 0.001 0.000 0.139 0.040 0.210 NewGC_pause3 27.294955 ]
[27.304s][info][safepoint] Application time: 0.0088569 seconds
[27.305s][info][safepoint] Total time for which application threads were stopped: 0.0002220 seconds, Stopping threads took: 0.0000007 seconds
[27.305s][info][gc       ] [SPS 0.000 0.005 0.009 0.011 0.001 0.001 0.000 0.176 0.032 0.222 NewGC_pause4 27.304034 ]
[27.312s][info][gc       ] [GC New Max 31-25 : 6356 3344 642 6356 - - 556 20 2 2 - : 312 10 28 292 3014 : 301 11 2707 2707 0 : 0 2 62 0 77 - 79 : 0.547099 4763.3 0.0 0.118244 1708.3 0.0 : 3 --c 0000 : 23 0 0.000 0.000 0 0.000 0.000 0 0.000 0.000 : 27.193234 27.203032 0.000687 27.290898 0.000135 27.294745 0.000112 27.303812 0.000143 : 27.311478 ]
[27.312s][info][gc       ] [SYSINFO 8132 320 605 1901 5011 0 18 0 0 6427 : - - - - - - - - : 0 7168 : 1.31 0.34 0.11 : 198714 5551360 : 0 0 : 10 0 : 2056 2 0 211 : - 8218939392 79581184 583434240 6664593408 334946304 635289600 : 139632189 79280 23330 0 0 0 : 27.311858 ]
[27.312s][info][gc       ] [HUGEPAGESTAT 0 0 0 - 260 0 0 : 106496 0 0 : 27.311858 ]
[27.312s][info][gc       ] [OBJCREAT 40562716 24635 872448 : 27.311939 ]
[27.312s][info][gc       ] [HMSV All : 16788 13566 307 0 0 0 0 0 : 7428 0 0 0 : 27.311960 ]
[27.312s][info][gc       ] [HMSP 16856 : 57556 27132 : 27.311960 ]
[27.314s][info][gc       ] [VMAC 65530 170 348 485 1003 : 27.313581 ]
[27.756s][info][gc       ] [GPGC-H  3907.7 151.1 3.1 0.0 : 324.4 : 0.000 0.000 : 0.000 0.000 0.686 2.422 : 0.000 0.000 0.000 0.000 1.680 0.050 : 0.000 : 60.644 : 1872 10 28 0 : 2279 : 5720 5428 : 27.756295 : 9 Next_heuristic_check_may_be_too_late ]
[27.772s][info][safepoint] Application time: 0.4677865 seconds
[27.773s][info][safepoint] Total time for which application threads were stopped: 0.0004955 seconds, Stopping threads took: 0.0000007 seconds
[27.774s][info][gc       ] [SPS 0.000 0.004 0.003 0.010 0.001 0.001 0.001 0.421 0.062 0.496 NewGC_pause1 27.772317 ]
[28.003s][info][safepoint] Application time: 0.2307116 seconds
[28.004s][info][safepoint] Total time for which application threads were stopped: 0.0002696 seconds, Stopping threads took: 0.0000077 seconds
[28.005s][info][gc       ] [SPS 0.000 0.002 0.000 0.008 0.008 0.001 0.000 0.225 0.027 0.270 NewGC_pause2 28.003298 ]
[28.014s][info][safepoint] Application time: 0.0099551 seconds
[28.014s][info][safepoint] Total time for which application threads were stopped: 0.0003310 seconds, Stopping threads took: 0.0000007 seconds
[28.015s][info][gc       ] [SPS 0.000 0.001 0.000 0.054 0.001 0.001 0.000 0.252 0.023 0.331 NewGC_pause3 28.013585 ]
[28.018s][info][safepoint] Application time: 0.0039903 seconds
[28.018s][info][safepoint] Total time for which application threads were stopped: 0.0002951 seconds, Stopping threads took: 0.0000238 seconds
[28.019s][info][gc       ] [SPS 0.000 0.005 0.005 0.016 0.024 0.002 0.001 0.198 0.055 0.295 NewGC_pause4 28.017871 ]
[28.019s][info][gc       ] [GC New Max 32-26 : 6356 3204 1700 6356 - - 556 20 2 2 - : 1370 10 28 292 2874 : 1363 18 1507 1507 0 : 0 1 382 0 348 - 337 : 0.445562 3510.2 0.0 0.261175 3821.2 0.0 : 3 --c 0000 : 23 0 0.000 0.000 0 0.000 0.000 0 0.000 0.000 : 27.757040 27.771821 0.000360 28.003029 0.000206 28.013253 0.000277 28.017575 0.000174 : 28.018215 ]
[28.019s][info][gc       ] [SYSINFO 8132 320 605 1901 5011 0 18 0 0 6427 : - - - - - - - - : 0 7168 : 1.31 0.34 0.11 : 198714 5551360 : 0 0 : 10 0 : 2056 2 0 211 : - 8218939392 79581184 583434240 6664593408 334946304 635289600 : 139632189 80700 23460 0 0 0 : 28.018526 ]
[28.019s][info][gc       ] [HUGEPAGESTAT 0 0 0 - 260 0 0 : 106496 0 0 : 28.018526 ]
[28.019s][info][gc       ] [OBJCREAT 43118561 24635 872448 : 28.018581 ]
[28.019s][info][gc       ] [HMSV All : 16938 13716 329 0 0 0 0 0 : 7428 0 0 0 : 28.018601 ]
[28.019s][info][gc       ] [HMSP 17006 : 57556 27432 : 28.018601 ]
[28.021s][info][gc       ] [VMAC 65530 170 372 485 1027 : 28.020610 ]
[28.343s][info][gc       ] [GPGC-H  3907.7 151.1 3.1 0.0 : 324.4 : 0.000 0.000 : 0.000 0.000 0.672 2.422 : 0.000 0.000 0.000 0.000 1.635 0.050 : 0.000 : 59.883 : 2450 10 28 0 : 2279 : 5720 5428 : 28.342520 : 9 Next_heuristic_check_may_be_too_late ]
[28.348s][info][safepoint] Application time: 0.3301881 seconds
[28.349s][info][safepoint] Total time for which application threads were stopped: 0.0003888 seconds, Stopping threads took: 0.0000008 seconds
[28.350s][info][gc       ] [SPS 0.000 0.006 0.007 0.015 0.001 0.001 0.001 0.328 0.042 0.389 NewGC_pause1 28.348448 ]
[28.362s][info][safepoint] Application time: 0.0127543 seconds
[28.362s][info][safepoint] Total time for which application threads were stopped: 0.0003874 seconds, Stopping threads took: 0.0000016 seconds
[28.363s][info][gc       ] [SPS 0.000 0.002 0.000 0.023 0.002 0.002 0.001 0.295 0.064 0.388 NewGC_pause2 28.361590 ]
[28.365s][info][safepoint] Application time: 0.0036762 seconds
[28.366s][info][safepoint] Total time for which application threads were stopped: 0.0001983 seconds, Stopping threads took: 0.0000006 seconds
[28.366s][info][gc       ] [SPS 0.000 0.000 0.000 0.010 0.001 0.001 0.000 0.157 0.030 0.198 NewGC_pause3 28.365464 ]
[28.368s][info][safepoint] Application time: 0.0018224 seconds
[28.368s][info][safepoint] Total time for which application threads were stopped: 0.0002166 seconds, Stopping threads took: 0.0000050 seconds
[28.368s][info][gc       ] [SPS 0.000 0.003 0.003 0.009 0.005 0.001 0.000 0.169 0.032 0.217 NewGC_pause4 28.367504 ]
[28.369s][info][gc       ] [GC New Max 33-27 : 6356 2906 444 6356 - - 556 20 2 2 - : 114 10 28 292 2576 : 107 10 2465 2465 0 : 0 1 46 0 24 - 33 : 0.324864 3330.6 0.0 0.025159 4928.7 0.0 : 3 --c 0000 : 23 0 0.000 0.000 0 0.000 0.000 0 0.000 0.000 : 28.343079 28.348059 0.000301 28.361202 0.000232 28.365266 0.000084 28.367287 0.000137 : 28.368238 ]
[28.369s][info][gc       ] [SYSINFO 8132 320 605 1901 5011 0 18 0 0 6427 : - - - - - - - - : 0 7168 : 1.29 0.35 0.11 : 198714 5551360 : 0 0 : 10 0 : 2056 2 0 211 : - 8218939392 79581184 583434240 6664593408 334946304 635289600 : 139632189 81110 23510 0 0 0 : 28.368628 ]
[28.369s][info][gc       ] [HUGEPAGESTAT 0 0 0 - 260 0 0 : 106496 0 0 : 28.368628 ]
[28.369s][info][gc       ] [OBJCREAT 44322690 24635 872448 : 28.368685 ]
[28.369s][info][gc       ] [HMSV All : 16938 13716 339 0 0 0 0 0 : 7428 0 0 0 : 28.368704 ]
[28.369s][info][gc       ] [HMSP 17006 : 57556 27432 : 28.368704 ]
[28.370s][info][gc       ] [VMAC 65530 170 372 485 1027 : 28.369626 ]
[28.692s][info][gc       ] [GPGC-H  3907.7 151.1 3.1 0.0 : 324.4 : 0.000 0.000 : 0.000 0.000 0.662 2.422 : 0.000 0.000 0.000 0.000 1.612 0.050 : 0.000 : 59.038 : 1900 10 28 0 : 2279 : 5720 5428 : 28.692215 : 9 Next_heuristic_check_may_be_too_late ]
[28.697s][info][safepoint] Application time: 0.3287560 seconds
[28.698s][info][safepoint] Total time for which application threads were stopped: 0.0007958 seconds, Stopping threads took: 0.0000056 seconds
[28.698s][info][gc       ] [SPS 0.000 0.006 0.008 0.013 0.006 0.001 0.001 0.689 0.087 0.796 NewGC_pause1 28.697056 ]
[28.899s][info][safepoint] Application time: 0.2012924 seconds
[28.900s][info][safepoint] Total time for which application threads were stopped: 0.0004786 seconds, Stopping threads took: 0.0000013 seconds
[28.900s][info][gc       ] [SPS 0.000 0.002 0.000 0.085 0.001 0.002 0.001 0.372 0.017 0.479 NewGC_pause2 28.898827 ]
[28.902s][info][safepoint] Application time: 0.0033169 seconds
[28.903s][info][safepoint] Total time for which application threads were stopped: 0.0002631 seconds, Stopping threads took: 0.0000005 seconds
[28.903s][info][gc       ] [SPS 0.000 0.002 0.000 0.026 0.001 0.001 0.000 0.230 0.006 0.263 NewGC_pause3 28.902407 ]
[28.906s][info][safepoint] Application time: 0.0030771 seconds
[28.906s][info][safepoint] Total time for which application threads were stopped: 0.0003214 seconds, Stopping threads took: 0.0000014 seconds
[28.907s][info][gc       ] [SPS 0.000 0.006 0.006 0.024 0.001 0.002 0.001 0.220 0.073 0.322 NewGC_pause4 28.905807 ]
[28.907s][info][gc       ] [GC New Max 34-28 : 6356 2914 1420 6356 - - 556 20 2 2 - : 1090 10 28 292 2338 : 837 7 1496 1496 0 : 0 0 219 0 248 - 297 : 0.324515 5503.6 0.0 0.213470 3204.2 0.0 : 3 --c 0000 : 23 0 0.000 0.000 0 0.000 0.000 0 0.000 0.000 : 28.692752 28.696260 0.000580 28.898349 0.000326 28.902144 0.000232 28.905485 0.000154 : 28.906222 ]
[28.907s][info][gc       ] [SYSINFO 8132 320 605 2032 4881 0 18 0 0 6427 : - - - - - - - - : 0 7168 : 1.29 0.35 0.11 : 198714 5551360 : 0 0 : 10 0 : 2056 3 0 211 : - 8218939392 79581184 583434240 6664593408 334946304 635289600 : 139632189 82210 23590 0 0 0 : 28.906543 ]
[28.907s][info][gc       ] [HUGEPAGESTAT 0 0 0 - 260 0 0 : 106496 0 0 : 28.906543 ]
[28.907s][info][gc       ] [OBJCREAT 46793646 24635 872448 : 28.906641 ]
[28.907s][info][gc       ] [HMSV All : 17676 14454 356 0 0 0 0 0 : 7428 0 0 0 : 28.906650 ]
[28.907s][info][gc       ] [HMSP 17744 : 57556 28908 : 28.906650 ]
[28.908s][info][gc       ] [VMAC 65530 170 342 485 997 : 28.908041 ]
[29.795s][info][gc       ] [GPGC-H  3820.3 137.6 2.9 0.0 : 295.5 : 0.000 0.000 : 0.000 0.000 0.651 2.422 : 0.000 0.000 0.000 0.000 1.581 0.050 : 0.000 : 58.563 : 2024 10 28 0 : 2279 : 5720 5428 : 29.794863 : 9 Next_heuristic_check_may_be_too_late ]
[29.800s][info][safepoint] Application time: 0.8939936 seconds
[29.801s][info][safepoint] Total time for which application threads were stopped: 0.0002850 seconds, Stopping threads took: 0.0000007 seconds
[29.801s][info][gc       ] [SPS 0.000 0.007 0.008 0.016 0.001 0.001 0.001 0.246 0.020 0.284 NewGC_pause1 29.800085 ]
[30.040s][info][safepoint] Application time: 0.2398579 seconds
[30.041s][info][safepoint] Total time for which application threads were stopped: 0.0001428 seconds, Stopping threads took: 0.0000044 seconds
[30.041s][info][gc       ] [SPS 0.000 0.001 0.000 0.008 0.004 0.001 0.000 0.106 0.023 0.143 NewGC_pause2 30.040086 ]
[30.043s][info][safepoint] Application time: 0.0031801 seconds
[30.044s][info][safepoint] Total time for which application threads were stopped: 0.0000962 seconds, Stopping threads took: 0.0000071 seconds
[30.044s][info][gc       ] [SPS 0.000 0.001 0.000 0.011 0.007 0.001 0.000 0.058 0.018 0.096 NewGC_pause3 30.043362 ]
[30.046s][info][safepoint] Application time: 0.0028217 seconds
[30.047s][info][safepoint] Total time for which application threads were stopped: 0.0002084 seconds, Stopping threads took: 0.0000276 seconds
[30.047s][info][gc       ] [SPS 0.000 0.010 0.004 0.014 0.028 0.002 0.001 0.144 0.020 0.208 NewGC_pause4 30.046393 ]
[30.047s][info][gc       ] [GC New Max 35-29 : 6356 3240 1822 6356 - - 556 20 2 2 - : 1492 10 28 292 2910 : 1485 18 1421 1421 0 : 0 0 443 0 372 - 374 : 0.889254 1050.3 0.0 0.251303 3525.6 0.0 : 3 --c 0000 : 23 0 0.000 0.000 0 0.000 0.000 0 0.000 0.000 : 29.795476 29.799801 0.000255 30.039943 0.000107 30.043267 0.000072 30.046185 0.000181 : 30.046779 ]
[30.047s][info][gc       ] [SYSINFO 8132 320 605 2032 4880 0 18 0 0 6427 : - - - - - - - - : 0 7168 : 1.29 0.35 0.11 : 198714 5551360 : 0 0 : 10 0 : 2056 2 0 211 : - 8218939392 79581184 583434240 6664593408 334946304 635289600 : 139632189 84040 23830 0 0 0 : 30.047347 ]
[30.047s][info][gc       ] [HUGEPAGESTAT 0 0 0 - 260 0 0 : 106496 0 0 : 30.047347 ]
[30.047s][info][gc       ] [OBJCREAT 48598883 24635 872448 : 30.047440 ]
[30.047s][info][gc       ] [HMSV All : 17898 14676 376 0 0 0 0 0 : 7428 0 0 0 : 30.047467 ]
[30.047s][info][gc       ] [HMSP 17966 : 57556 29352 : 30.047467 ]
[30.049s][info][gc       ] [VMAC 65530 170 348 485 1003 : 30.048927 ]
[30.491s][info][gc       ] [GPGC-H  3820.3 137.6 2.9 0.0 : 295.5 : 0.000 0.000 : 0.000 0.000 0.630 2.422 : 0.000 0.000 0.000 0.000 1.522 0.050 : 0.000 : 56.687 : 2518 10 28 0 : 2279 : 5720 5428 : 30.491003 : 9 Next_heuristic_check_may_be_too_late ]
[30.498s][info][safepoint] Application time: 0.4508034 seconds
[30.499s][info][safepoint] Total time for which application threads were stopped: 0.0007337 seconds, Stopping threads took: 0.0002518 seconds
[30.499s][info][gc       ] [SPS 0.000 0.005 0.010 0.011 0.252 0.001 0.001 0.398 0.072 0.734 NewGC_pause1 30.497931 ]
[30.551s][info][safepoint] Application time: 0.0527620 seconds
[30.552s][info][safepoint] Total time for which application threads were stopped: 0.0002698 seconds, Stopping threads took: 0.0000016 seconds
[30.552s][info][gc       ] [SPS 0.000 0.002 0.000 0.022 0.002 0.003 0.001 0.197 0.045 0.269 NewGC_pause2 30.550963 ]
[30.554s][info][safepoint] Application time: 0.0032246 seconds
[30.555s][info][safepoint] Total time for which application threads were stopped: 0.0001947 seconds, Stopping threads took: 0.0000061 seconds
[30.555s][info][gc       ] [SPS 0.000 0.001 0.000 0.011 0.006 0.001 0.001 0.144 0.032 0.195 NewGC_pause3 30.554382 ]
[30.557s][info][safepoint] Application time: 0.0023014 seconds
[30.557s][info][safepoint] Total time for which application threads were stopped: 0.0001794 seconds, Stopping threads took: 0.0000083 seconds
[30.558s][info][gc       ] [SPS 0.000 0.004 0.003 0.035 0.008 0.001 0.000 0.103 0.032 0.179 NewGC_pause4 30.556863 ]
[30.558s][info][gc       ] [GC New Max 36-30 : 6356 3044 556 6356 - - 556 20 2 2 - : 226 10 28 292 2714 : 219 11 2493 2493 0 : 0 2 81 0 52 - 61 : 0.444973 2355.2 0.0 0.066090 2632.8 0.0 : 3 --c 0000 : 23 0 0.000 0.000 0 0.000 0.000 0 0.000 0.000 : 30.491752 30.497197 0.000563 30.550693 0.000207 30.554187 0.000101 30.556684 0.000136 : 30.557842 ]
[30.558s][info][gc       ] [SYSINFO 8132 320 605 2032 4880 0 18 0 0 6427 : - - - - - - - - : 0 7168 : 1.29 0.35 0.11 : 198714 5551392 : 0 0 : 15 0 : 2056 2 0 211 : - 8218939392 79581184 583434240 6664593408 334946304 635289600 : 139632189 84610 23930 0 0 0 : 30.558220 ]
[30.558s][info][gc       ] [HUGEPAGESTAT 0 0 0 - 260 0 0 : 106496 0 0 : 30.558220 ]
[30.558s][info][gc       ] [OBJCREAT 49817420 24635 872448 : 30.558283 ]
[30.558s][info][gc       ] [HMSV All : 18636 15414 386 0 0 0 0 0 : 7428 0 0 0 : 30.558305 ]
[30.558s][info][gc       ] [HMSP 18704 : 57556 30828 : 30.558305 ]
[30.559s][info][gc       ] [VMAC 65530 170 366 485 1021 : 30.559487 ]
[31.023s][info][gc       ] [GPGC-H  3820.3 137.6 2.9 0.0 : 295.5 : 0.000 0.000 : 0.000 0.000 0.617 2.422 : 0.000 0.000 0.000 0.000 1.496 0.050 : 0.000 : 55.666 : 2216 10 28 0 : 2279 : 5720 5428 : 31.022549 : 9 Next_heuristic_check_may_be_too_late ]
[31.040s][info][safepoint] Application time: 0.4829342 seconds
[31.041s][info][safepoint] Total time for which application threads were stopped: 0.0003268 seconds, Stopping threads took: 0.0000006 seconds
[31.042s][info][gc       ] [SPS 0.000 0.006 0.003 0.152 0.001 0.001 0.000 0.138 0.035 0.327 NewGC_pause1 31.040125 ]
[31.296s][info][safepoint] Application time: 0.2553983 seconds
[31.296s][info][safepoint] Total time for which application threads were stopped: 0.0002827 seconds, Stopping threads took: 0.0000097 seconds
[31.297s][info][gc       ] [SPS 0.000 0.002 0.000 0.010 0.010 0.001 0.001 0.230 0.031 0.283 NewGC_pause2 31.295806 ]
[31.300s][info][safepoint] Application time: 0.0037589 seconds
[31.300s][info][safepoint] Total time for which application threads were stopped: 0.0002140 seconds, Stopping threads took: 0.0000262 seconds
[31.300s][info][gc       ] [SPS 0.000 0.001 0.000 0.010 0.026 0.001 0.000 0.139 0.038 0.214 NewGC_pause3 31.299779 ]
[31.303s][info][safepoint] Application time: 0.0030204 seconds
[31.304s][info][safepoint] Total time for which application threads were stopped: 0.0002877 seconds, Stopping threads took: 0.0000015 seconds
[31.304s][info][gc       ] [SPS 0.000 0.007 0.005 0.020 0.001 0.002 0.001 0.220 0.042 0.287 NewGC_pause4 31.303087 ]
[31.305s][info][gc       ] [GC New Max 37-31 : 6356 3160 1508 6356 - - 556 20 2 2 - : 1178 10 28 292 2830 : 1174 15 1653 1653 0 : 0 1 260 0 332 - 257 : 0.465164 4282.4 0.0 0.281482 2174.2 0.0 : 3 --c 0000 : 23 0 0.000 0.000 0 0.000 0.000 0 0.000 0.000 : 31.023006 31.039798 0.000277 31.295523 0.000193 31.299565 0.000119 31.302800 0.000198 : 31.304488 ]
[31.305s][info][gc       ] [SYSINFO 8132 320 605 2114 4799 0 18 0 0 6427 : - - - - - - - - : 0 7168 : 1.29 0.35 0.11 : 198714 5551392 : 0 0 : 15 0 : 2056 2 0 211 : - 8218939392 79581184 583434240 6664593408 334946304 635289600 : 139632189 86020 24100 0 0 0 : 31.304785 ]
[31.305s][info][gc       ] [HUGEPAGESTAT 0 0 0 - 260 0 0 : 106496 0 0 : 31.304785 ]
[31.305s][info][gc       ] [OBJCREAT 52413926 24635 872448 : 31.304842 ]
[31.305s][info][gc       ] [HMSV All : 19674 16452 401 0 0 0 0 0 : 7428 0 0 0 : 31.304863 ]
[31.305s][info][gc       ] [HMSP 19742 : 57556 32904 : 31.304863 ]
[31.307s][info][gc       ] [VMAC 65530 170 366 485 1021 : 31.306591 ]
[31.608s][info][gc       ] [GPGC-H  3754.2 125.4 2.6 0.0 : 269.3 : 0.000 0.000 : 0.000 0.000 0.606 2.422 : 0.000 0.000 0.000 0.000 1.460 0.050 : 0.000 : 55.057 : 2280 10 28 0 : 2279 : 5720 5428 : 31.608130 : 9 Next_heuristic_check_may_be_too_late ]
[31.623s][info][safepoint] Application time: 0.3190312 seconds
[31.623s][info][safepoint] Total time for which application threads were stopped: 0.0004702 seconds, Stopping threads took: 0.0001593 seconds
[31.623s][info][gc       ] [SPS 0.000 0.004 0.005 0.009 0.159 0.001 0.001 0.252 0.048 0.470 NewGC_pause1 31.622589 ]
[31.634s][info][safepoint] Application time: 0.0108467 seconds
[31.634s][info][safepoint] Total time for which application threads were stopped: 0.0002402 seconds, Stopping threads took: 0.0000011 seconds
[31.635s][info][gc       ] [SPS 0.000 0.002 0.000 0.015 0.001 0.002 0.001 0.157 0.065 0.241 NewGC_pause2 31.633677 ]
[31.638s][info][safepoint] Application time: 0.0040815 seconds
[31.639s][info][safepoint] Total time for which application threads were stopped: 0.0002422 seconds, Stopping threads took: 0.0000027 seconds
[31.639s][info][gc       ] [SPS 0.000 0.006 0.000 0.010 0.003 0.001 0.000 0.163 0.066 0.243 NewGC_pause3 31.638001 ]
[31.645s][info][safepoint] Application time: 0.0064218 seconds
[31.645s][info][safepoint] Total time for which application threads were stopped: 0.0001694 seconds, Stopping threads took: 0.0000010 seconds
[31.645s][info][gc       ] [SPS 0.000 0.005 0.004 0.034 0.001 0.002 0.001 0.092 0.041 0.170 NewGC_pause4 31.644592 ]
[31.650s][info][gc       ] [GC New Max 38-32 : 6356 2758 446 6356 - - 556 20 2 2 - : 116 10 28 292 2428 : 73 12 2353 2353 0 : 0 2 31 0 25 - 33 : 0.304316 3634.4 0.0 0.040869 4404.3 0.0 : 3 --c 0000 : 23 0 0.000 0.000 0 0.000 0.000 0 0.000 0.000 : 31.608804 31.622119 0.000412 31.633436 0.000084 31.637758 0.000082 31.644423 0.000105 : 31.649673 ]
[31.650s][info][gc       ] [SYSINFO 8132 320 605 2114 4798 0 18 0 0 6427 : - - - - - - - - : 0 7168 : 1.29 0.35 0.11 : 198714 5551392 : 0 0 : 15 0 : 2056 2 0 211 : - 8218939392 79581184 583434240 6664593408 334946304 635289600 : 139632189 86450 24130 0 0 0 : 31.649982 ]
[31.650s][info][gc       ] [HUGEPAGESTAT 0 0 0 - 260 0 0 : 106496 0 0 : 31.649982 ]
[31.650s][info][gc       ] [OBJCREAT 53699692 24635 872448 : 31.650037 ]
[31.650s][info][gc       ] [HMSV All : 19674 16452 412 0 0 0 0 0 : 7428 0 0 0 : 31.650055 ]
[31.650s][info][gc       ] [HMSP 19742 : 57556 32904 : 31.650055 ]
[31.651s][info][gc       ] [VMAC 65530 170 366 485 1021 : 31.651069 ]
[32.053s][info][gc       ] [GPGC-H  3754.2 125.4 2.6 0.0 : 269.3 : 0.000 0.000 : 0.000 0.000 0.597 2.422 : 0.000 0.000 0.000 0.000 1.444 0.050 : 0.000 : 54.373 : 2584 10 28 0 : 2279 : 5720 5428 : 32.053459 : 9 Next_heuristic_check_may_be_too_late ]
[32.060s][info][safepoint] Application time: 0.4149908 seconds
[32.061s][info][safepoint] Total time for which application threads were stopped: 0.0003766 seconds, Stopping threads took: 0.0000225 seconds
[32.061s][info][gc       ] [SPS 0.001 0.006 0.008 0.026 0.023 0.001 0.001 0.299 0.028 0.377 NewGC_pause1 32.059960 ]
[32.350s][info][safepoint] Application time: 0.2899879 seconds
[32.351s][info][safepoint] Total time for which application threads were stopped: 0.0003386 seconds, Stopping threads took: 0.0000040 seconds
[32.352s][info][gc       ] [SPS 0.000 0.002 0.000 0.029 0.004 0.003 0.001 0.236 0.065 0.338 NewGC_pause2 32.350288 ]
[32.361s][info][safepoint] Application time: 0.0106512 seconds
[32.362s][info][safepoint] Total time for which application threads were stopped: 0.0003042 seconds, Stopping threads took: 0.0000005 seconds
[32.362s][info][gc       ] [SPS 0.000 0.000 0.000 0.051 0.001 0.001 0.000 0.244 0.007 0.304 NewGC_pause3 32.361243 ]
[32.364s][info][safepoint] Application time: 0.0021014 seconds
[32.364s][info][safepoint] Total time for which application threads were stopped: 0.0002283 seconds, Stopping threads took: 0.0000106 seconds
[32.364s][info][gc       ] [SPSH lock suspend gclocker notify wait resuspend cleanup op_time wakeup total(ms) op_name end(s) ]
[32.364s][info][gc       ] [SPS 0.000 0.003 0.003 0.009 0.011 0.001 0.000 0.168 0.040 0.228 NewGC_pause4 32.363573 ]
[32.364s][info][gc       ] [GC New Max 39-33 : 6356 3392 1712 6356 - - 556 20 2 2 - : 1382 10 28 292 2996 : 1377 18 1682 1682 0 : 0 0 239 0 372 - 319 : 0.404233 6105.4 0.0 0.310145 1541.2 0.0 : 3 --c 0000 : 23 0 0.000 0.000 0 0.000 0.000 0 0.000 0.000 : 32.053906 32.059583 0.000328 32.349949 0.000172 32.360939 0.000261 32.363344 0.000145 : 32.364051 ]
[32.364s][info][gc       ] [SYSINFO 8132 320 605 2181 4732 0 18 0 0 6427 : - - - - - - - - : 0 7168 : 1.29 0.35 0.11 : 198714 5551392 : 0 0 : 15 0 : 2056 3 0 211 : - 8218939392 79581184 583434240 6664593408 334946304 635289600 : 139632189 87920 24350 0 0 0 : 32.364423 ]
[32.364s][info][gc       ] [HUGEPAGESTAT 0 0 0 - 260 0 0 : 106496 0 0 : 32.364423 ]
[32.365s][info][gc       ] [OBJCREAT 56636010 24635 872448 : 32.364504 ]
[32.365s][info][gc       ] [HMSV All : 21084 17862 429 0 0 0 0 0 : 7428 0 0 0 : 32.364523 ]
[32.365s][info][gc       ] [HMSP 21152 : 57556 35724 : 32.364523 ]
[32.366s][info][gc       ] [VMAC 65530 170 354 485 1009 : 32.365977 ]
[32.749s][info][gc       ] [GPGC-H  3754.2 125.4 2.6 0.0 : 269.3 : 0.000 0.000 : 0.000 0.000 0.588 2.422 : 0.000 0.000 0.000 0.000 1.413 0.050 : 0.000 : 54.017 : 2482 10 28 0 : 2279 : 5720 5428 : 32.748885 : 9 Next_heuristic_check_may_be_too_late ]
[32.754s][info][safepoint] Application time: 0.3904809 seconds
[32.755s][info][safepoint] Total time for which application threads were stopped: 0.0003485 seconds, Stopping threads took: 0.0000006 seconds
[32.756s][info][gc       ] [SPS 0.000 0.005 0.006 0.009 0.001 0.001 0.000 0.301 0.037 0.349 NewGC_pause1 32.754403 ]
[32.842s][info][safepoint] Application time: 0.0873483 seconds
[32.843s][info][safepoint] Total time for which application threads were stopped: 0.0002364 seconds, Stopping threads took: 0.0000011 seconds
[32.843s][info][gc       ] [SPS 0.000 0.002 0.000 0.015 0.001 0.002 0.001 0.183 0.034 0.236 NewGC_pause2 32.841988 ]
[32.844s][info][safepoint] Application time: 0.0023295 seconds
[32.845s][info][safepoint] Total time for which application threads were stopped: 0.0001729 seconds, Stopping threads took: 0.0000006 seconds
[32.845s][info][gc       ] [SPS 0.000 0.001 0.000 0.008 0.001 0.001 0.000 0.133 0.030 0.173 NewGC_pause3 32.844490 ]
[32.850s][info][safepoint] Application time: 0.0056518 seconds
[32.851s][info][safepoint] Total time for which application threads were stopped: 0.0002582 seconds, Stopping threads took: 0.0000045 seconds
[32.851s][info][gc       ] [SPS 0.000 0.004 0.003 0.009 0.005 0.001 0.000 0.208 0.035 0.258 NewGC_pause4 32.850400 ]
[32.856s][info][gc       ] [GC New Max 40-34 : 6356 3236 842 6356 - - 556 20 2 2 - : 512 10 28 292 2906 : 506 9 2397 2397 0 : 0 1 194 0 111 - 145 : 0.385691 2945.4 0.0 0.105493 3678.0 0.0 : 3 --c 0000 : 23 0 0.000 0.000 0 0.000 0.000 0 0.000 0.000 : 32.749741 32.754054 0.000300 32.841751 0.000158 32.844317 0.000078 32.850142 0.000135 : 32.855235 ]
[32.856s][info][gc       ] [SYSINFO 8132 320 605 2181 4732 0 18 0 0 6427 : - - - - - - - - : 0 7168 : 1.29 0.35 0.11 : 198714 5551392 : 0 0 : 15 0 : 2056 2 0 211 : - 8218939392 79581184 583434240 6664593408 334946304 635289600 : 139632189 88640 24480 0 0 0 : 32.855508 ]
[32.856s][info][gc       ] [HUGEPAGESTAT 0 0 0 - 260 0 0 : 106496 0 0 : 32.855508 ]
[32.856s][info][gc       ] [OBJCREAT 58159848 24635 872448 : 32.855563 ]
[32.856s][info][gc       ] [HMSV All : 21084 17862 442 0 0 0 0 0 : 7428 0 0 0 : 32.855580 ]
[32.856s][info][gc       ] [HMSP 21152 : 57556 35724 : 32.855580 ]
[32.857s][info][gc       ] [VMAC 65530 170 354 485 1009 : 32.857117 ]
[33.460s][info][gc       ] [GPGC-H  3754.2 125.4 2.6 0.0 : 269.3 : 0.000 0.000 : 0.000 0.000 0.577 2.422 : 0.000 0.000 0.000 0.000 1.390 0.050 : 0.000 : 53.287 : 2538 10 28 0 : 2279 : 5720 5428 : 33.460474 : 9 Next_heuristic_check_may_be_too_late ]
[33.466s][info][safepoint] Application time: 0.6153570 seconds
[33.467s][info][safepoint] Total time for which application threads were stopped: 0.0003758 seconds, Stopping threads took: 0.0000138 seconds
[33.467s][info][gc       ] [SPS 0.000 0.004 0.003 0.009 0.014 0.001 0.000 0.321 0.030 0.376 NewGC_pause1 33.466134 ]
[33.792s][info][safepoint] Application time: 0.3255998 seconds
[33.793s][info][safepoint] Total time for which application threads were stopped: 0.0003787 seconds, Stopping threads took: 0.0000154 seconds
[33.794s][info][gc       ] [SPS 0.000 0.002 0.000 0.014 0.015 0.002 0.001 0.257 0.089 0.379 NewGC_pause2 33.792113 ]
[33.797s][info][safepoint] Application time: 0.0046498 seconds
[33.798s][info][safepoint] Total time for which application threads were stopped: 0.0002984 seconds, Stopping threads took: 0.0000052 seconds
[33.798s][info][gc       ] [SPS 0.000 0.001 0.000 0.029 0.005 0.003 0.001 0.221 0.039 0.298 NewGC_pause3 33.797061 ]
[33.801s][info][safepoint] Application time: 0.0032211 seconds
[33.801s][info][safepoint] Total time for which application threads were stopped: 0.0002230 seconds, Stopping threads took: 0.0000214 seconds
[33.801s][info][gc       ] [SPS 0.000 0.006 0.005 0.022 0.021 0.002 0.001 0.122 0.055 0.223 NewGC_pause4 33.800506 ]
[33.801s][info][gc       ] [GC New Max 41-35 : 6356 3346 1712 6356 - - 556 20 2 2 - : 1382 10 28 292 3016 : 1377 18 1635 1635 0 : 0 0 239 0 372 - 319 : 0.605823 3344.2 0.0 0.339785 1406.8 0.0 : 3 --c 0000 : 23 0 0.000 0.000 0 0.000 0.000 0 0.000 0.000 : 33.461057 33.465758 0.000296 33.791734 0.000171 33.796763 0.000210 33.800282 0.000131 : 33.800843 ]
[33.801s][info][gc       ] [SYSINFO 8132 320 605 2209 4704 0 18 0 0 6427 : - - - - - - - - : 0 7168 : 1.26 0.36 0.12 : 198714 5551392 : 0 0 : 15 0 : 2056 2 0 211 : - 8218939392 79581184 583434240 6664593408 334946304 635289600 : 139632189 90460 24720 0 0 0 : 33.801209 ]
[33.801s][info][gc       ] [HUGEPAGESTAT 0 0 0 - 260 0 0 : 106496 0 0 : 33.801209 ]
[33.801s][info][gc       ] [OBJCREAT 60654715 24635 872448 : 33.801276 ]
[33.801s][info][gc       ] [HMSV All : 22494 19272 455 0 0 0 0 0 : 7428 0 0 0 : 33.801301 ]
[33.801s][info][gc       ] [HMSP 22562 : 57556 38544 : 33.801301 ]
[33.803s][info][gc       ] [VMAC 65530 170 402 485 1057 : 33.802531 ]
[34.205s][info][gc       ] [GPGC-H  3701.3 112.9 2.3 0.0 : 242.4 : 0.000 0.000 : 0.000 0.000 0.567 2.422 : 0.000 0.000 0.000 0.000 1.354 0.050 : 0.000 : 52.545 : 2614 10 28 0 : 2279 : 5720 5428 : 34.205477 : 9 Next_heuristic_check_may_be_too_late ]
[34.216s][info][safepoint] Application time: 0.4153164 seconds
[34.217s][info][safepoint] Total time for which application threads were stopped: 0.0004148 seconds, Stopping threads took: 0.0000022 seconds
[34.217s][info][gc       ] [SPS 0.000 0.006 0.004 0.009 0.002 0.001 0.001 0.374 0.028 0.415 NewGC_pause1 34.216237 ]
[34.326s][info][safepoint] Application time: 0.1097929 seconds
[34.327s][info][safepoint] Total time for which application threads were stopped: 0.0002148 seconds, Stopping threads took: 0.0000006 seconds
[34.327s][info][gc       ] [SPS 0.000 0.007 0.000 0.056 0.001 0.001 0.001 0.126 0.031 0.215 NewGC_pause2 34.326245 ]
[34.329s][info][safepoint] Application time: 0.0024233 seconds
[34.329s][info][safepoint] Total time for which application threads were stopped: 0.0001829 seconds, Stopping threads took: 0.0000009 seconds
[34.330s][info][gc       ] [SPS 0.000 0.001 0.000 0.015 0.001 0.001 0.001 0.133 0.032 0.183 NewGC_pause3 34.328852 ]
[34.335s][info][safepoint] Application time: 0.0064316 seconds
[34.336s][info][safepoint] Total time for which application threads were stopped: 0.0001793 seconds, Stopping threads took: 0.0000141 seconds
[34.336s][info][gc       ] [SPS 0.000 0.003 0.004 0.008 0.014 0.001 0.000 0.124 0.031 0.180 NewGC_pause4 34.335463 ]
[34.342s][info][gc       ] [GC New Max 42-36 : 6356 3510 1060 6356 - - 556 20 2 2 - : 730 10 28 292 3180 : 722 9 2453 2453 0 : 0 1 228 0 166 - 199 : 0.405391 3048.9 0.0 0.135002 4162.9 0.0 : 3 --c 0000 : 23 0 0.000 0.000 0 0.000 0.000 0 0.000 0.000 : 34.206234 34.215822 0.000337 34.326035 0.000118 34.328669 0.000125 34.335283 0.000093 : 34.341236 ]
[34.342s][info][gc       ] [SYSINFO 8132 320 605 2253 4659 0 18 0 0 6427 : - - - - - - - - : 0 7168 : 1.26 0.36 0.12 : 198714 5551392 : 0 0 : 15 0 : 2056 2 0 211 : - 8218939392 79581184 583434240 6664593408 334946304 635289600 : 139632189 91280 24950 0 0 0 : 34.341640 ]
[34.342s][info][gc       ] [HUGEPAGESTAT 0 0 0 - 260 0 0 : 106496 0 0 : 34.341640 ]
[34.342s][info][gc       ] [OBJCREAT 62453918 24635 872448 : 34.341720 ]
[34.342s][info][gc       ] [HMSV All : 22986 19764 468 0 0 0 0 0 : 7428 0 0 0 : 34.341745 ]
[34.342s][info][gc       ] [HMSP 23054 : 57556 39528 : 34.341745 ]
[34.343s][info][gc       ] [VMAC 65530 170 342 485 997 : 34.342713 ]
[35.188s][info][gc       ] [GPGC-H  3701.3 112.9 2.3 0.0 : 242.4 : 0.000 0.000 : 0.000 0.000 0.556 2.422 : 0.000 0.000 0.000 0.000 1.332 0.050 : 0.000 : 51.865 : 2594 10 28 0 : 2279 : 5720 5428 : 35.188444 : 9 Next_heuristic_check_may_be_too_late ]
[35.196s][info][safepoint] Application time: 0.8601842 seconds
[35.197s][info][safepoint] Total time for which application threads were stopped: 0.0005747 seconds, Stopping threads took: 0.0001145 seconds
[35.197s][info][gc       ] [SPS 0.000 0.006 0.010 0.009 0.114 0.001 0.001 0.418 0.031 0.575 NewGC_pause1 35.196222 ]
[35.222s][info][safepoint] Application time: 0.0251403 seconds
[35.222s][info][safepoint] Total time for which application threads were stopped: 0.0002872 seconds, Stopping threads took: 0.0000010 seconds
[35.223s][info][gc       ] [SPS 0.000 0.002 0.000 0.014 0.001 0.002 0.001 0.228 0.042 0.288 NewGC_pause2 35.221650 ]
[35.228s][info][safepoint] Application time: 0.0062879 seconds
[35.229s][info][safepoint] Total time for which application threads were stopped: 0.0002511 seconds, Stopping threads took: 0.0000100 seconds
[35.229s][info][gc       ] [SPS 0.000 0.001 0.000 0.009 0.010 0.001 0.000 0.184 0.046 0.251 NewGC_pause3 35.228189 ]
[35.232s][info][safepoint] Application time: 0.0031337 seconds
[35.232s][info][safepoint] Total time for which application threads were stopped: 0.0002310 seconds, Stopping threads took: 0.0000217 seconds
[35.233s][info][gc       ] [SPS 0.000 0.005 0.004 0.017 0.022 0.002 0.001 0.157 0.033 0.231 NewGC_pause4 35.231554 ]
[35.232s][info][gc       ] [GC New Max 43-37 : 6356 3084 480 6356 - - 556 20 2 2 - : 150 10 28 292 2754 : 147 6 2606 2606 0 : 0 0 57 0 34 - 41 : 0.847800 2205.7 0.0 0.042905 3589.3 0.0 : 3 --c 0000 : 23 0 0.000 0.000 0 0.000 0.000 0 0.000 0.000 : 35.189037 35.195647 0.000486 35.221363 0.000159 35.227938 0.000147 35.231323 0.000145 : 35.231942 ]
[35.232s][info][gc       ] [SYSINFO 8132 320 605 2289 4623 0 18 0 0 6427 : - - - - - - - - : 0 7168 : 1.26 0.36 0.12 : 198714 5551392 : 0 0 : 15 0 : 2056 2 0 211 : - 8218939392 79581184 583434240 6664593408 334946304 635289600 : 139632189 92170 25100 0 0 0 : 35.232288 ]
[35.232s][info][gc       ] [HUGEPAGESTAT 0 0 0 - 260 0 0 : 106496 0 0 : 35.232288 ]
[35.232s][info][gc       ] [OBJCREAT 64470419 24635 872448 : 35.232347 ]
[35.232s][info][gc       ] [HMSV All : 23892 20670 485 0 0 0 0 0 : 7428 0 0 0 : 35.232369 ]
[35.232s][info][gc       ] [HMSP 23960 : 57556 41340 : 35.232369 ]
[35.234s][info][gc       ] [VMAC 65530 170 360 485 1015 : 35.233939 ]
[35.819s][info][gc       ] [GPGC-H  3647.0 102.8 2.1 0.0 : 220.8 : 0.000 0.000 : 0.000 0.000 0.535 2.422 : 0.000 0.000 0.000 0.000 1.297 0.050 : 0.000 : 49.968 : 2716 10 28 0 : 2279 : 5720 5428 : 35.818707 : 9 Next_heuristic_check_may_be_too_late ]
[35.825s][info][safepoint] Application time: 0.5932666 seconds
[35.826s][info][safepoint] Total time for which application threads were stopped: 0.0004133 seconds, Stopping threads took: 0.0000005 seconds
[35.826s][info][gc       ] [SPS 0.000 0.005 0.004 0.008 0.001 0.001 0.000 0.374 0.029 0.414 NewGC_pause1 35.825234 ]
[35.856s][info][safepoint] Application time: 0.0301621 seconds
[35.856s][info][safepoint] Total time for which application threads were stopped: 0.0004155 seconds, Stopping threads took: 0.0000009 seconds
[35.857s][info][gc       ] [SPS 0.001 0.018 0.000 0.011 0.001 0.001 0.001 0.310 0.091 0.416 NewGC_pause2 35.855812 ]
[35.862s][info][safepoint] Application time: 0.0059083 seconds
[35.862s][info][safepoint] Total time for which application threads were stopped: 0.0003329 seconds, Stopping threads took: 0.0000007 seconds
[35.863s][info][gc       ] [SPS 0.000 0.000 0.000 0.145 0.001 0.001 0.000 0.156 0.030 0.333 NewGC_pause3 35.862053 ]
[35.869s][info][safepoint] Application time: 0.0062389 seconds
[35.869s][info][safepoint] Total time for which application threads were stopped: 0.0002509 seconds, Stopping threads took: 0.0000091 seconds
[35.869s][info][gc       ] [SPS 0.000 0.003 0.003 0.008 0.009 0.001 0.000 0.205 0.027 0.251 NewGC_pause4 35.868543 ]
[35.874s][info][gc       ] [GC New Max 44-38 : 6356 3162 482 6356 - - 556 20 2 2 - : 152 10 28 292 2798 : 144 9 2685 2685 0 : 0 2 46 0 35 - 41 : 0.587429 4368.2 0.0 0.054666 2122.0 0.0 : 3 --c 0000 : 23 0 0.000 0.000 0 0.000 0.000 0 0.000 0.000 : 35.819371 35.824821 0.000330 35.855396 0.000304 35.861720 0.000227 35.868292 0.000187 : 35.874037 ]
[35.874s][info][gc       ] [SYSINFO 8132 320 605 2325 4587 0 18 0 0 6427 : - - - - - - - - : 0 7168 : 1.26 0.36 0.12 : 198714 5551392 : 0 0 : 15 0 : 2056 2 0 211 : - 8218939392 79581184 583434240 6664593408 334946304 635289600 : 139632189 92820 25250 0 0 0 : 35.874325 ]
[35.874s][info][gc       ] [HUGEPAGESTAT 0 0 0 - 260 0 0 : 106496 0 0 : 35.874325 ]
[35.874s][info][gc       ] [OBJCREAT 67148399 24635 872448 : 35.874379 ]
[35.874s][info][gc       ] [HMSV All : 24876 21654 504 0 0 0 0 0 : 7428 0 0 0 : 35.874401 ]
[35.874s][info][gc       ] [HMSP 24944 : 57556 43308 : 35.874401 ]
[35.876s][info][gc       ] [VMAC 65530 170 348 485 1003 : 35.875553 ]
[36.379s][info][gc       ] [GPGC-H  3647.0 102.8 2.1 0.0 : 220.8 : 0.000 0.000 : 0.000 0.000 0.521 2.422 : 0.000 0.000 0.000 0.000 1.269 0.050 : 0.000 : 48.756 : 2836 10 28 0 : 2279 : 5720 5428 : 36.378592 : 9 Next_heuristic_check_may_be_too_late ]
[36.385s][info][safepoint] Application time: 0.5155210 seconds
[36.385s][info][safepoint] Total time for which application threads were stopped: 0.0004564 seconds, Stopping threads took: 0.0000121 seconds
[36.386s][info][gc       ] [SPS 0.000 0.004 0.003 0.009 0.012 0.001 0.000 0.385 0.049 0.457 NewGC_pause1 36.384521 ]
[36.439s][info][safepoint] Application time: 0.0542275 seconds
[36.440s][info][safepoint] Total time for which application threads were stopped: 0.0003240 seconds, Stopping threads took: 0.0000416 seconds
[36.440s][info][gc       ] [SPS 0.000 0.001 0.000 0.009 0.042 0.001 0.000 0.241 0.031 0.324 NewGC_pause2 36.439073 ]
[36.443s][info][safepoint] Application time: 0.0033498 seconds
[36.443s][info][safepoint] Total time for which application threads were stopped: 0.0001917 seconds, Stopping threads took: 0.0000305 seconds
[36.443s][info][gc       ] [SPS 0.000 0.001 0.000 0.008 0.030 0.001 0.000 0.128 0.024 0.192 NewGC_pause3 36.442615 ]
[36.446s][info][safepoint] Application time: 0.0028449 seconds
[36.446s][info][safepoint] Total time for which application threads were stopped: 0.0002701 seconds, Stopping threads took: 0.0000206 seconds
[36.446s][info][gc       ] [SPS 0.000 0.003 0.003 0.009 0.021 0.001 0.000 0.206 0.034 0.270 NewGC_pause4 36.445730 ]
[36.446s][info][gc       ] [GC New Max 45-39 : 6356 3250 538 6356 - - 556 20 2 2 - : 208 10 28 292 2920 : 202 6 2715 2715 0 : 0 0 42 0 51 - 53 : 0.505331 5311.4 0.0 0.066733 1258.7 0.0 : 3 --c 0000 : 23 0 0.000 0.000 0 0.000 0.000 0 0.000 0.000 : 36.379368 36.384065 0.000315 36.438749 0.000183 36.442423 0.000108 36.445460 0.000134 : 36.446101 ]
[36.447s][info][gc       ] [SYSINFO 8132 320 605 2353 4559 0 18 0 0 6427 : - - - - - - - - : 0 7168 : 1.26 0.36 0.12 : 198714 5551412 : 0 0 : 15 0 : 2056 3 0 211 : - 8218939392 79581184 583434240 6664593408 334946304 635289600 : 139632189 93490 25430 0 0 0 : 36.446454 ]
[36.447s][info][gc       ] [HUGEPAGESTAT 0 0 0 - 260 0 0 : 106496 0 0 : 36.446454 ]
[36.447s][info][gc       ] [OBJCREAT 69910768 24635 872448 : 36.446514 ]
[36.447s][info][gc       ] [HMSV All : 25272 22050 524 0 0 0 0 0 : 7428 0 0 0 : 36.446533 ]
[36.447s][info][gc       ] [HMSP 25340 : 57556 44100 : 36.446533 ]
[36.448s][info][gc       ] [VMAC 65530 170 372 485 1027 : 36.447629 ]
[36.993s][info][gc       ] [GPGC-H  3647.0 102.8 2.1 0.0 : 220.8 : 0.000 0.000 : 0.000 0.000 0.509 2.422 : 0.000 0.000 0.000 0.000 1.243 0.050 : 0.000 : 47.788 : 2892 10 28 0 : 2279 : 5720 5428 : 36.993042 : 9 Next_heuristic_check_may_be_too_late ]
[36.999s][info][safepoint] Application time: 0.5529180 seconds
[37.000s][info][safepoint] Total time for which application threads were stopped: 0.0003189 seconds, Stopping threads took: 0.0000006 seconds
[37.000s][info][gc       ] [SPS 0.000 0.004 0.003 0.010 0.001 0.001 0.000 0.243 0.065 0.320 NewGC_pause1 36.998968 ]
[37.075s][info][safepoint] Application time: 0.0761789 seconds
[37.076s][info][safepoint] Total time for which application threads were stopped: 0.0001687 seconds, Stopping threads took: 0.0000006 seconds
[37.076s][info][gc       ] [SPS 0.000 0.003 0.000 0.063 0.001 0.001 0.001 0.093 0.010 0.168 NewGC_pause2 37.075315 ]
[37.078s][info][safepoint] Application time: 0.0028344 seconds
[37.079s][info][safepoint] Total time for which application threads were stopped: 0.0002355 seconds, Stopping threads took: 0.0000388 seconds
[37.079s][info][gc       ] [SPS 0.000 0.001 0.000 0.010 0.039 0.001 0.000 0.146 0.039 0.236 NewGC_pause3 37.078385 ]
[37.081s][info][safepoint] Application time: 0.0027069 seconds
[37.081s][info][safepoint] Total time for which application threads were stopped: 0.0001334 seconds, Stopping threads took: 0.0000315 seconds
[37.082s][info][gc       ] [SPS 0.000 0.003 0.003 0.009 0.031 0.001 0.000 0.067 0.024 0.133 NewGC_pause4 37.081226 ]
[37.082s][info][gc       ] [GC New Max 46-40 : 6356 3346 640 6356 - - 556 20 2 2 - : 310 10 28 292 3016 : 301 8 2709 2709 0 : 0 0 62 0 76 - 79 : 0.547617 4901.2 0.0 0.087910 1410.5 0.0 : 3 --c 0000 : 23 0 0.000 0.000 0 0.000 0.000 0 0.000 0.000 : 36.993719 36.998648 0.000177 37.075147 0.000117 37.078150 0.000102 37.081092 0.000100 : 37.081629 ]
[37.082s][info][gc       ] [SYSINFO 8132 320 605 2360 4552 0 18 0 0 6427 : - - - - - - - - : 0 7168 : 1.26 0.36 0.12 : 198714 5551412 : 0 0 : 15 0 : 2056 2 0 211 : - 8218939392 79581184 583434240 6664593408 334946304 635289600 : 139632189 94360 25490 0 0 0 : 37.082020 ]
[37.082s][info][gc       ] [HUGEPAGESTAT 0 0 0 - 260 0 0 : 106496 0 0 : 37.082020 ]
[37.082s][info][gc       ] [OBJCREAT 72712232 24635 872448 : 37.082081 ]
[37.082s][info][gc       ] [HMSV All : 25746 22524 546 0 0 0 0 0 : 7428 0 0 0 : 37.082106 ]
[37.082s][info][gc       ] [HMSP 25814 : 57556 45048 : 37.082106 ]
[37.084s][info][gc       ] [VMAC 65530 170 432 485 1087 : 37.083583 ]
[37.709s][info][gc       ] [GPGC-H  3647.0 102.8 2.1 0.0 : 220.8 : 0.000 0.000 : 0.000 0.000 0.497 2.422 : 0.000 0.000 0.000 0.000 1.212 0.050 : 0.000 : 46.806 : 2994 10 28 0 : 2279 : 5720 5428 : 37.709209 : 9 Next_heuristic_check_may_be_too_late ]
[37.716s][info][safepoint] Application time: 0.6340850 seconds
[37.717s][info][safepoint] Total time for which application threads were stopped: 0.0004867 seconds, Stopping threads took: 0.0000192 seconds
[37.717s][info][gc       ] [SPS 0.000 0.004 0.004 0.009 0.019 0.001 0.001 0.396 0.061 0.487 NewGC_pause1 37.715798 ]
[37.828s][info][safepoint] Application time: 0.1122813 seconds
[37.829s][info][safepoint] Total time for which application threads were stopped: 0.0003142 seconds, Stopping threads took: 0.0000219 seconds
[37.830s][info][gc       ] [SPS 0.000 0.002 0.000 0.024 0.022 0.003 0.001 0.235 0.030 0.314 NewGC_pause2 37.828394 ]
[37.833s][info][safepoint] Application time: 0.0039397 seconds
[37.833s][info][safepoint] Total time for which application threads were stopped: 0.0002197 seconds, Stopping threads took: 0.0000306 seconds
[37.833s][info][gc       ] [SPS 0.000 0.001 0.000 0.020 0.031 0.002 0.001 0.136 0.031 0.220 NewGC_pause3 37.832553 ]
[37.839s][info][safepoint] Application time: 0.0058775 seconds
[37.839s][info][safepoint] Total time for which application threads were stopped: 0.0001572 seconds, Stopping threads took: 0.0000006 seconds
[37.839s][info][gc       ] [SPS 0.000 0.003 0.003 0.009 0.001 0.001 0.000 0.115 0.032 0.157 NewGC_pause4 37.838588 ]
[37.844s][info][gc       ] [GC New Max 47-41 : 6356 3508 790 6356 - - 556 20 2 2 - : 460 10 28 292 3178 : 450 10 2723 2723 0 : 0 2 92 0 113 - 117 : 0.628325 4271.7 0.0 0.133998 1373.2 0.0 : 3 --c 0000 : 23 0 0.000 0.000 0 0.000 0.000 0 0.000 0.000 : 37.709954 37.715311 0.000387 37.828080 0.000236 37.832334 0.000129 37.838431 0.000080 : 37.843952 ]
[37.844s][info][gc       ] [SYSINFO 8132 320 605 2421 4491 0 18 0 0 6427 : - - - - - - - - : 0 7168 : 1.26 0.36 0.12 : 198714 5551412 : 0 0 : 15 0 : 2056 2 0 211 : - 8218939392 79581184 583434240 6664593408 334946304 635289600 : 139632189 95360 25650 0 0 0 : 37.844217 ]
[37.844s][info][gc       ] [HUGEPAGESTAT 0 0 0 - 260 0 0 : 106496 0 0 : 37.844217 ]
[37.844s][info][gc       ] [OBJCREAT 75574871 24635 872448 : 37.844269 ]
[37.844s][info][gc       ] [HMSV All : 26448 23226 568 0 0 0 0 0 : 7428 0 0 0 : 37.844289 ]
[37.844s][info][gc       ] [HMSP 26516 : 57556 46452 : 37.844289 ]
[37.846s][info][gc       ] [VMAC 65530 170 390 485 1045 : 37.845832 ]
[38.470s][info][gc       ] [GPGC-H  4112.9 93.6 1.9 0.0 : 201.1 : 0.000 0.000 : 0.000 0.000 0.485 2.422 : 0.000 0.000 0.000 0.000 1.175 0.050 : 0.000 : 45.794 : 2700 10 28 0 : 2279 : 5720 5428 : 38.470288 : 9 Next_heuristic_check_may_be_too_late ]
[38.479s][info][safepoint] Application time: 0.6395916 seconds
[38.479s][info][safepoint] Total time for which application threads were stopped: 0.0004002 seconds, Stopping threads took: 0.0000062 seconds
[38.480s][info][gc       ] [SPS 0.000 0.004 0.004 0.009 0.006 0.002 0.000 0.353 0.030 0.400 NewGC_pause1 38.478581 ]
[38.549s][info][safepoint] Application time: 0.0696221 seconds
[38.549s][info][safepoint] Total time for which application threads were stopped: 0.0003650 seconds, Stopping threads took: 0.0000023 seconds
[38.550s][info][gc       ] [SPS 0.000 0.005 0.000 0.115 0.002 0.028 0.001 0.193 0.025 0.365 NewGC_pause2 38.548568 ]
[38.553s][info][safepoint] Application time: 0.0038312 seconds
[38.553s][info][safepoint] Total time for which application threads were stopped: 0.0003006 seconds, Stopping threads took: 0.0000184 seconds
[38.554s][info][gc       ] [SPS 0.000 0.001 0.000 0.018 0.018 0.006 0.001 0.192 0.066 0.301 NewGC_pause3 38.552701 ]
[38.556s][info][safepoint] Application time: 0.0027153 seconds
[38.556s][info][safepoint] Total time for which application threads were stopped: 0.0002365 seconds, Stopping threads took: 0.0000016 seconds
[38.556s][info][gc       ] [SPS 0.000 0.006 0.006 0.022 0.002 0.002 0.001 0.180 0.029 0.236 NewGC_pause4 38.555652 ]
[38.557s][info][gc       ] [GC New Max 48-42 : 6356 3292 660 6356 - - 556 20 2 2 - : 330 10 28 292 2962 : 324 8 2634 2634 0 : 0 0 103 0 75 - 90 : 0.627186 3574.7 0.0 0.085157 3053.2 0.0 : 3 --c 0000 : 23 0 0.000 0.000 0 0.000 0.000 0 0.000 0.000 : 38.471138 38.478180 0.000306 38.548203 0.000281 38.552400 0.000160 38.555416 0.000154 : 38.556295 ]
[38.557s][info][gc       ] [SYSINFO 8132 320 605 2447 4465 0 18 0 0 6427 : - - - - - - - - : 0 7168 : 1.24 0.37 0.12 : 198714 5551412 : 0 0 : 15 0 : 2056 2 0 211 : - 8218939392 79581184 583434240 6664593408 334946304 635289600 : 139632189 96270 25780 0 0 0 : 38.556731 ]
[38.557s][info][gc       ] [HUGEPAGESTAT 0 0 0 - 260 0 0 : 106496 0 0 : 38.556731 ]
[38.557s][info][gc       ] [OBJCREAT 78070141 24635 872448 : 38.556881 ]
[38.557s][info][gc       ] [HMSV All : 26670 23448 590 0 0 0 0 0 : 7428 0 0 0 : 38.556896 ]
[38.557s][info][gc       ] [HMSP 26738 : 57556 46896 : 38.556896 ]
[38.558s][info][gc       ] [VMAC 65530 170 378 485 1033 : 38.557807 ]
[39.223s][info][gc       ] [GPGC-H  4112.9 93.6 1.9 0.0 : 201.1 : 0.000 0.000 : 0.000 0.000 0.472 2.422 : 0.000 0.000 0.000 0.000 1.143 0.050 : 0.000 : 44.698 : 2754 10 28 0 : 2279 : 5720 5428 : 39.222763 : 9 Next_heuristic_check_may_be_too_late ]
[39.228s][info][safepoint] Application time: 0.6720145 seconds
[39.229s][info][safepoint] Total time for which application threads were stopped: 0.0004896 seconds, Stopping threads took: 0.0000323 seconds
[39.229s][info][gc       ] [SPS 0.001 0.005 0.005 0.010 0.032 0.001 0.001 0.404 0.042 0.490 NewGC_pause1 39.228157 ]
[39.262s][info][safepoint] Application time: 0.0331922 seconds
[39.262s][info][safepoint] Total time for which application threads were stopped: 0.0002407 seconds, Stopping threads took: 0.0000112 seconds
[39.263s][info][gc       ] [SPS 0.000 0.001 0.000 0.012 0.011 0.001 0.000 0.174 0.042 0.241 NewGC_pause2 39.261590 ]
[39.266s][info][safepoint] Application time: 0.0040748 seconds
[39.266s][info][safepoint] Total time for which application threads were stopped: 0.0002365 seconds, Stopping threads took: 0.0000185 seconds
[39.267s][info][gc       ] [SPS 0.000 0.001 0.000 0.014 0.018 0.001 0.000 0.176 0.027 0.237 NewGC_pause3 39.265901 ]
[39.270s][info][safepoint] Application time: 0.0035538 seconds
[39.270s][info][safepoint] Total time for which application threads were stopped: 0.0002233 seconds, Stopping threads took: 0.0000229 seconds
[39.271s][info][gc       ] [GC New Max 49-43 : 6356 3140 472 6356 - - 556 20 2 2 - : 142 10 28 292 2810 : 134 7 2671 2671 0 : 0 0 28 0 35 - 36 : 0.667125 3633.5 0.0 0.046714 1198.8 0.0 : 3 --c 0000 : 23 0 0.000 0.000 0 0.000 0.000 0 0.000 0.000 : 39.223420 39.227667 0.000373 39.261349 0.000154 39.265665 0.000097 39.269455 0.000152 : 39.270134 ]
[39.271s][info][gc       ] [SYSINFO 8132 320 605 2632 4280 0 18 0 0 6427 : - - - - - - - - : 0 7168 : 1.24 0.37 0.12 : 198714 5551412 : 0 0 : 15 0 : 2056 2 0 211 : - 8218939392 79581184 583434240 6664593408 334946304 635289600 : 139632189 96970 25930 0 0 0 : 39.270512 ]
[39.271s][info][gc       ] [HUGEPAGESTAT 0 0 0 - 260 0 0 : 106496 0 0 : 39.270512 ]
[39.271s][info][gc       ] [OBJCREAT 80544341 24635 872448 : 39.270576 ]
[39.271s][info][gc       ] [HMSV All : 27708 24486 604 0 0 0 0 0 : 7428 0 0 0 : 39.270613 ]
[39.271s][info][gc       ] [HMSP 27776 : 57556 48972 : 39.270613 ]
[39.271s][info][gc       ] [SPS 0.000 0.004 0.004 0.015 0.023 0.002 0.001 0.129 0.055 0.224 NewGC_pause4 39.269679 ]
[39.273s][info][gc       ] [VMAC 65530 170 318 485 973 : 39.272598 ]
[39.796s][info][gc       ] [GPGC-H  4112.9 93.6 1.9 0.0 : 201.1 : 0.000 0.000 : 0.000 0.000 0.458 2.422 : 0.000 0.000 0.000 0.000 1.111 0.050 : 0.000 : 43.460 : 2772 10 28 0 : 2279 : 5720 5428 : 39.796461 : 9 Next_heuristic_check_may_be_too_late ]
[39.803s][info][safepoint] Application time: 0.5327862 seconds
[39.804s][info][safepoint] Total time for which application threads were stopped: 0.0007149 seconds, Stopping threads took: 0.0001921 seconds
[39.804s][info][gc       ] [SPS 0.000 0.005 0.009 0.010 0.192 0.001 0.001 0.473 0.039 0.715 NewGC_pause1 39.803181 ]
[39.850s][info][safepoint] Application time: 0.0470039 seconds
[39.851s][info][safepoint] Total time for which application threads were stopped: 0.0001481 seconds, Stopping threads took: 0.0000191 seconds
[39.851s][info][gc       ] [SPS 0.000 0.001 0.000 0.009 0.019 0.001 0.000 0.089 0.030 0.148 NewGC_pause2 39.850333 ]
[39.855s][info][safepoint] Application time: 0.0039214 seconds
[39.855s][info][safepoint] Total time for which application threads were stopped: 0.0002782 seconds, Stopping threads took: 0.0000133 seconds
[39.855s][info][gc       ] [SPS 0.000 0.001 0.000 0.019 0.013 0.002 0.001 0.219 0.024 0.278 NewGC_pause3 39.854533 ]
[39.858s][info][safepoint] Application time: 0.0032491 seconds
[39.858s][info][safepoint] Total time for which application threads were stopped: 0.0002209 seconds, Stopping threads took: 0.0000234 seconds
[39.859s][info][gc       ] [SPS 0.000 0.003 0.002 0.009 0.023 0.001 0.000 0.168 0.019 0.221 NewGC_pause4 39.858003 ]
[39.859s][info][gc       ] [GC New Max 50-44 : 6356 3240 538 6356 - - 556 20 2 2 - : 208 10 28 292 2910 : 204 5 2705 2705 0 : 0 0 68 0 51 - 53 : 0.526944 4991.0 0.0 0.061323 2250.4 0.0 : 3 --c 0000 : 23 0 0.000 0.000 0 0.000 0.000 0 0.000 0.000 : 39.797078 39.802466 0.000654 39.850185 0.000109 39.854255 0.000171 39.857782 0.000200 : 39.858400 ]
[39.859s][info][gc       ] [SYSINFO 8132 320 605 2667 4246 0 18 0 0 6427 : - - - - - - - - : 0 7168 : 1.24 0.37 0.12 : 198714 5551412 : 0 0 : 15 0 : 2056 2 0 211 : - 8218939392 79581184 583434240 6664593408 334946304 635289600 : 139632189 97600 26030 0 0 0 : 39.858920 ]
[39.859s][info][gc       ] [HUGEPAGESTAT 0 0 0 - 260 0 0 : 106496 0 0 : 39.858920 ]
[39.859s][info][gc       ] [OBJCREAT 83306535 24635 872448 : 39.859026 ]
[39.859s][info][gc       ] [HMSV All : 28104 24882 624 0 0 0 0 0 : 7428 0 0 0 : 39.859054 ]
[39.859s][info][gc       ] [HMSP 28172 : 57556 49764 : 39.859054 ]
[39.861s][info][gc       ] [VMAC 65530 170 294 485 949 : 39.860681 ]
[40.444s][info][gc       ] [GPGC-H  4080.6 85.3 1.8 0.0 : 183.2 : 0.000 0.000 : 0.000 0.000 0.447 2.422 : 0.000 0.000 0.000 0.000 1.086 0.050 : 0.000 : 42.574 : 2892 10 28 0 : 2279 : 5720 5428 : 40.443722 : 9 Next_heuristic_check_may_be_too_late ]
[40.449s][info][safepoint] Application time: 0.5909823 seconds
[40.450s][info][safepoint] Total time for which application threads were stopped: 0.0004327 seconds, Stopping threads took: 0.0000089 seconds
[40.450s][info][gc       ] [SPS 0.000 0.006 0.006 0.010 0.009 0.001 0.001 0.376 0.036 0.433 NewGC_pause1 40.449418 ]
[40.585s][info][safepoint] Application time: 0.1352139 seconds
[40.585s][info][safepoint] Total time for which application threads were stopped: 0.0001715 seconds, Stopping threads took: 0.0000018 seconds
[40.586s][info][gc       ] [SPS 0.000 0.002 0.000 0.022 0.002 0.002 0.001 0.100 0.044 0.171 NewGC_pause2 40.584804 ]
[40.588s][info][safepoint] Application time: 0.0027532 seconds
[40.588s][info][safepoint] Total time for which application threads were stopped: 0.0001449 seconds, Stopping threads took: 0.0000023 seconds
[40.588s][info][gc       ] [SPS 0.000 0.001 0.000 0.011 0.002 0.001 0.000 0.093 0.036 0.145 NewGC_pause3 40.587702 ]
[40.591s][info][safepoint] Application time: 0.0030769 seconds
[40.591s][info][safepoint] Total time for which application threads were stopped: 0.0001483 seconds, Stopping threads took: 0.0000291 seconds
[40.592s][info][gc       ] [SPS 0.000 0.004 0.004 0.016 0.029 0.002 0.001 0.079 0.022 0.148 NewGC_pause4 40.590928 ]
[40.592s][info][gc       ] [GC New Max 51-45 : 6356 3528 822 6356 - - 556 20 2 2 - : 492 10 28 292 3198 : 483 9 2709 2709 0 : 0 0 153 0 112 - 134 : 0.586117 4579.3 0.0 0.146781 2084.7 0.0 : 3 --c 0000 : 23 0 0.000 0.000 0 0.000 0.000 0 0.000 0.000 : 40.444517 40.448985 0.000371 40.584633 0.000103 40.587557 0.000056 40.590780 0.000119 : 40.591298 ]
[40.592s][info][gc       ] [SYSINFO 8132 320 605 2762 4150 0 18 0 0 6427 : - - - - - - - - : 0 7168 : 1.24 0.37 0.12 : 198714 5551460 : 0 0 : 15 0 : 2056 2 0 211 : - 8218939392 79581184 583434240 6664593408 334946304 635289600 : 139632189 98700 26140 0 0 0 : 40.591738 ]
[40.592s][info][gc       ] [HUGEPAGESTAT 0 0 0 - 260 0 0 : 106496 0 0 : 40.591738 ]
[40.592s][info][gc       ] [OBJCREAT 86290850 24635 872448 : 40.591868 ]
[40.592s][info][gc       ] [HMSV All : 28908 25686 646 0 0 0 0 0 : 7428 0 0 0 : 40.591894 ]
[40.592s][info][gc       ] [HMSP 28976 : 57556 51372 : 40.591894 ]
[40.594s][info][gc       ] [VMAC 65530 170 312 485 967 : 40.593598 ]
[41.278s][info][gc       ] [GPGC-H  4080.6 85.3 1.8 0.0 : 183.2 : 0.000 0.000 : 0.000 0.000 0.437 2.422 : 0.000 0.000 0.000 0.000 1.057 0.050 : 0.000 : 41.823 : 2994 10 28 0 : 2279 : 5720 5428 : 41.278484 : 9 Next_heuristic_check_may_be_too_late ]
[41.285s][info][safepoint] Application time: 0.6939873 seconds
[41.286s][info][safepoint] Total time for which application threads were stopped: 0.0005500 seconds, Stopping threads took: 0.0000012 seconds
[41.287s][info][gc       ] [SPS 0.000 0.006 0.007 0.017 0.001 0.002 0.001 0.482 0.047 0.550 NewGC_pause1 41.285465 ]
[41.398s][info][safepoint] Application time: 0.1124466 seconds
[41.399s][info][safepoint] Total time for which application threads were stopped: 0.0002811 seconds, Stopping threads took: 0.0000104 seconds
[41.399s][info][gc       ] [SPS 0.000 0.002 0.000 0.015 0.010 0.002 0.001 0.205 0.048 0.281 NewGC_pause2 41.398194 ]
[41.401s][info][safepoint] Application time: 0.0030839 seconds
[41.402s][info][safepoint] Total time for which application threads were stopped: 0.0001661 seconds, Stopping threads took: 0.0000007 seconds
[41.402s][info][gc       ] [SPS 0.000 0.001 0.000 0.011 0.001 0.001 0.000 0.126 0.027 0.166 NewGC_pause3 41.401444 ]
[41.409s][info][safepoint] Application time: 0.0070550 seconds
[41.409s][info][safepoint] Total time for which application threads were stopped: 0.0004138 seconds, Stopping threads took: 0.0000040 seconds
[41.410s][info][gc       ] [SPS 0.000 0.005 0.003 0.012 0.004 0.001 0.000 0.305 0.091 0.413 NewGC_pause4 41.408913 ]
[41.414s][info][gc       ] [GC New Max 52-46 : 6356 3508 788 6356 - - 556 20 2 2 - : 458 10 28 292 3178 : 450 8 2723 2723 0 : 0 1 92 0 112 - 117 : 0.687971 3636.8 0.0 0.134895 1364.0 0.0 : 3 --c 0000 : 23 0 0.000 0.000 0 0.000 0.000 0 0.000 0.000 : 41.279269 41.284916 0.000453 41.397912 0.000152 41.401278 0.000083 41.408499 0.000113 : 41.414164 ]
[41.415s][info][gc       ] [SYSINFO 8132 320 605 2797 4115 0 18 0 0 6427 : - - - - - - - - : 0 7168 : 1.24 0.37 0.12 : 198714 5551460 : 0 0 : 15 0 : 2056 2 0 211 : - 8218939392 79581184 583434240 6664593408 334946304 635289600 : 139632189 99800 26250 0 0 0 : 41.414461 ]
[41.415s][info][gc       ] [HUGEPAGESTAT 0 0 0 - 260 0 0 : 106496 0 0 : 41.414461 ]
[41.415s][info][gc       ] [OBJCREAT 88970450 24635 872448 : 41.414520 ]
[41.415s][info][gc       ] [HMSV All : 29238 26016 669 0 0 0 0 0 : 7428 0 0 0 : 41.414537 ]
[41.415s][info][gc       ] [HMSP 29306 : 57556 52032 : 41.414537 ]
[41.416s][info][gc       ] [VMAC 65530 170 348 485 1003 : 41.415726 ]
[42.141s][info][gc       ] [GPGC-H  4003.3 77.7 1.6 0.0 : 166.9 : 0.000 0.000 : 0.000 0.000 0.426 2.422 : 0.000 0.000 0.000 0.000 1.025 0.050 : 0.000 : 40.874 : 3018 10 28 0 : 2279 : 5720 5428 : 42.140856 : 9 Next_heuristic_check_may_be_too_late ]
[42.150s][info][safepoint] Application time: 0.7404836 seconds
[42.150s][info][safepoint] Total time for which application threads were stopped: 0.0003872 seconds, Stopping threads took: 0.0000007 seconds
[42.151s][info][gc       ] [SPS 0.000 0.006 0.004 0.011 0.001 0.001 0.001 0.337 0.038 0.387 NewGC_pause1 42.149784 ]
[42.286s][info][safepoint] Application time: 0.1355581 seconds
[42.286s][info][safepoint] Total time for which application threads were stopped: 0.0002516 seconds, Stopping threads took: 0.0000092 seconds
[42.287s][info][gc       ] [SPS 0.000 0.002 0.000 0.015 0.009 0.002 0.001 0.181 0.044 0.252 NewGC_pause2 42.285594 ]
[42.290s][info][safepoint] Application time: 0.0038642 seconds
[42.290s][info][safepoint] Total time for which application threads were stopped: 0.0002954 seconds, Stopping threads took: 0.0000180 seconds
[42.290s][info][gc       ] [SPS 0.000 0.001 0.000 0.022 0.018 0.002 0.001 0.227 0.025 0.295 NewGC_pause3 42.289754 ]
[42.293s][info][safepoint] Application time: 0.0027450 seconds
[42.293s][info][safepoint] Total time for which application threads were stopped: 0.0002937 seconds, Stopping threads took: 0.0000151 seconds
[42.294s][info][gc       ] [SPS 0.000 0.006 0.006 0.020 0.015 0.002 0.001 0.207 0.049 0.294 NewGC_pause4 42.292793 ]
[42.294s][info][gc       ] [GC New Max 53-47 : 6356 3746 1010 6356 - - 556 20 2 2 - : 680 10 28 292 3416 : 674 6 2738 2738 0 : 0 0 192 0 166 - 174 : 0.727355 3525.1 0.0 0.151556 2599.7 0.0 : 3 --c 0000 : 23 0 0.000 0.000 0 0.000 0.000 0 0.000 0.000 : 42.141520 42.149397 0.000322 42.285342 0.000102 42.289458 0.000211 42.292499 0.000205 : 42.293076 ]
[42.294s][info][gc       ] [SYSINFO 8132 320 605 2949 3964 0 18 0 0 6427 : - - - - - - - - : 0 7168 : 1.24 0.37 0.12 : 198714 5551460 : 0 0 : 15 0 : 2056 2 0 211 : - 8218939392 79581184 583434240 6664593408 334946304 635289600 : 139632189 100960 26430 0 0 0 : 42.293654 ]
[42.294s][info][gc       ] [HUGEPAGESTAT 0 0 0 - 260 0 0 : 106496 0 0 : 42.293654 ]
[42.294s][info][gc       ] [OBJCREAT 91924851 24635 872448 : 42.293770 ]
[42.294s][info][gc       ] [HMSV All : 30432 27210 690 0 0 0 0 0 : 7428 0 0 0 : 42.293804 ]
[42.294s][info][gc       ] [HMSP 30500 : 57556 54420 : 42.293804 ]
[42.296s][info][gc       ] [VMAC 65530 170 414 485 1069 : 42.295646 ]
[43.121s][info][gc       ] [GPGC-H  4003.3 77.7 1.6 0.0 : 166.9 : 0.000 0.000 : 0.000 0.000 0.415 2.422 : 0.000 0.000 0.000 0.000 0.994 0.050 : 0.000 : 39.934 : 3102 10 28 0 : 2279 : 5720 5428 : 43.121347 : 9 Next_heuristic_check_may_be_too_late ]
[43.146s][info][safepoint] Application time: 0.8526933 seconds
[43.147s][info][safepoint] Total time for which application threads were stopped: 0.0004853 seconds, Stopping threads took: 0.0000121 seconds
[43.148s][info][gc       ] [SPS 0.000 0.004 0.007 0.011 0.012 0.001 0.000 0.403 0.058 0.485 NewGC_pause1 43.145972 ]
[43.368s][info][safepoint] Application time: 0.2215565 seconds
[43.368s][info][safepoint] Total time for which application threads were stopped: 0.0001128 seconds, Stopping threads took: 0.0000007 seconds
[43.368s][info][gc       ] [SPS 0.000 0.001 0.000 0.009 0.001 0.001 0.000 0.083 0.019 0.113 NewGC_pause2 43.367642 ]
[43.370s][info][safepoint] Application time: 0.0025348 seconds
[43.371s][info][safepoint] Total time for which application threads were stopped: 0.0001432 seconds, Stopping threads took: 0.0000060 seconds
[43.371s][info][gc       ] [SPS 0.000 0.001 0.000 0.008 0.006 0.001 0.000 0.098 0.030 0.143 NewGC_pause3 43.370320 ]
[43.373s][info][safepoint] Application time: 0.0025723 seconds
[43.374s][info][safepoint] Total time for which application threads were stopped: 0.0002230 seconds, Stopping threads took: 0.0000311 seconds
[43.374s][info][gc       ] [SPS 0.000 0.005 0.003 0.010 0.031 0.001 0.000 0.132 0.049 0.223 NewGC_pause4 43.373115 ]
[43.374s][info][gc       ] [GC New Max 54-48 : 6356 4104 1344 6356 - - 556 20 2 2 - : 1014 10 28 292 3774 : 1010 5 2761 2761 0 : 0 0 287 0 247 - 260 : 0.828846 2927.0 0.0 0.251426 2656.8 0.0 : 3 --c 0000 : 23 0 0.000 0.000 0 0.000 0.000 0 0.000 0.000 : 43.121922 43.145487 0.000323 43.367529 0.000086 43.370177 0.000061 43.372892 0.000092 : 43.373348 ]
[43.374s][info][gc       ] [SYSINFO 8132 320 605 3099 3813 0 18 0 0 6427 : - - - - - - - - : 0 7168 : 1.54 0.45 0.15 : 198714 5551460 : 0 0 : 15 0 : 2056 3 0 211 : - 8218939392 79581184 583434240 6664593408 334946304 635289600 : 139632189 102540 26670 0 0 0 : 43.373776 ]
[43.374s][info][gc       ] [HUGEPAGESTAT 0 0 0 - 260 0 0 : 106496 0 0 : 43.373776 ]
[43.374s][info][gc       ] [OBJCREAT 95016894 24635 872448 : 43.373858 ]
[43.374s][info][gc       ] [HMSV All : 31662 28440 713 0 0 0 0 0 : 7428 0 0 0 : 43.373880 ]
[43.374s][info][gc       ] [HMSP 31730 : 57556 56880 : 43.373880 ]
[43.376s][info][gc       ] [VMAC 65530 170 396 485 1051 : 43.375852 ]
[44.403s][info][gc       ] [GPGC-H  3868.4 70.8 1.5 0.0 : 152.2 : 0.000 0.000 : 0.000 0.000 0.407 2.422 : 0.000 0.000 0.000 0.000 0.964 0.050 : 0.000 : 39.123 : 3290 10 28 0 : 2279 : 5720 5428 : 44.403086 : 9 Next_heuristic_check_may_be_too_late ]
[44.410s][info][safepoint] Application time: 1.0358101 seconds
[44.411s][info][safepoint] Total time for which application threads were stopped: 0.0007926 seconds, Stopping threads took: 0.0001293 seconds
[44.411s][info][gc       ] [SPS 0.001 0.033 0.053 0.038 0.129 0.004 0.001 0.579 0.051 0.802 NewGC_pause1 44.409729 ]
[44.627s][info][safepoint] Application time: 0.2167237 seconds
[44.627s][info][safepoint] Total time for which application threads were stopped: 0.0002733 seconds, Stopping threads took: 0.0000129 seconds
[44.628s][info][gc       ] [SPS 0.000 0.001 0.000 0.010 0.013 0.001 0.000 0.191 0.059 0.274 NewGC_pause2 44.626716 ]
[44.630s][info][safepoint] Application time: 0.0032380 seconds
[44.631s][info][safepoint] Total time for which application threads were stopped: 0.0001987 seconds, Stopping threads took: 0.0000253 seconds
[44.631s][info][gc       ] [SPS 0.000 0.001 0.000 0.008 0.025 0.001 0.000 0.140 0.024 0.199 NewGC_pause3 44.630153 ]
[44.634s][info][safepoint] Application time: 0.0032037 seconds
[44.634s][info][safepoint] Total time for which application threads were stopped: 0.0002441 seconds, Stopping threads took: 0.0000037 seconds
[44.635s][info][gc       ] [SPS 0.000 0.005 0.004 0.017 0.004 0.002 0.001 0.192 0.029 0.244 NewGC_pause4 44.633601 ]
[44.636s][info][gc       ] [GC New Max 55-49 : 6356 4030 1346 6356 - - 556 20 2 2 - : 1016 10 28 292 3700 : 1009 7 2687 2687 0 : 0 1 205 0 248 - 260 : 1.030307 2209.1 0.0 0.231467 1771.3 0.0 : 3 --c 0000 : 23 0 0.000 0.000 0 0.000 0.000 0 0.000 0.000 : 44.403655 44.408927 0.000666 44.626443 0.000073 44.629954 0.000122 44.633357 0.000113 : 44.635122 ]
[44.636s][info][gc       ] [SYSINFO 8132 320 605 3381 3532 0 18 0 0 6427 : - - - - - - - - : 0 7168 : 1.54 0.45 0.15 : 198714 5551460 : 0 0 : 15 0 : 2056 2 0 211 : - 8218939392 79581184 583434240 6664593408 334946304 635289600 : 139632189 104310 26880 0 0 0 : 44.635495 ]
[44.636s][info][gc       ] [HUGEPAGESTAT 0 0 0 - 260 0 0 : 106496 0 0 : 44.635495 ]
[44.636s][info][gc       ] [OBJCREAT 97696009 24635 872448 : 44.635561 ]
[44.636s][info][gc       ] [HMSV All : 32892 29670 735 0 0 0 0 0 : 7428 0 0 0 : 44.635583 ]
[44.636s][info][gc       ] [HMSP 32960 : 57556 59340 : 44.635583 ]
[44.637s][info][gc       ] [VMAC 65530 170 420 485 1075 : 44.636896 ]
[45.664s][info][gc       ] [GPGC-H  3868.4 70.8 1.5 0.0 : 152.2 : 0.000 0.000 : 0.000 0.000 0.397 2.422 : 0.000 0.000 0.000 0.000 0.935 0.050 : 0.000 : 37.946 : 3292 10 28 0 : 2279 : 5720 5428 : 45.664458 : 9 Next_heuristic_check_may_be_too_late ]
[45.672s][info][safepoint] Application time: 1.0382428 seconds
[45.673s][info][safepoint] Total time for which application threads were stopped: 0.0005814 seconds, Stopping threads took: 0.0000507 seconds
[45.673s][info][gc       ] [SPS 0.000 0.005 0.023 0.010 0.051 0.001 0.000 0.473 0.045 0.582 NewGC_pause1 45.672426 ]
[45.909s][info][safepoint] Application time: 0.2359781 seconds
[45.910s][info][safepoint] Total time for which application threads were stopped: 0.0004483 seconds, Stopping threads took: 0.0000192 seconds
[45.910s][info][gc       ] [SPS 0.000 0.002 0.000 0.009 0.019 0.001 0.000 0.304 0.115 0.448 NewGC_pause2 45.908853 ]
[45.913s][info][safepoint] Application time: 0.0039844 seconds
[45.913s][info][safepoint] Total time for which application threads were stopped: 0.0001686 seconds, Stopping threads took: 0.0000260 seconds
[45.914s][info][gc       ] [SPS 0.000 0.001 0.000 0.010 0.026 0.001 0.001 0.080 0.050 0.169 NewGC_pause3 45.913006 ]
[45.916s][info][safepoint] Application time: 0.0027862 seconds
[45.917s][info][safepoint] Total time for which application threads were stopped: 0.0003040 seconds, Stopping threads took: 0.0000252 seconds
[45.917s][info][gc       ] [SPS 0.000 0.005 0.004 0.015 0.025 0.002 0.001 0.236 0.026 0.304 NewGC_pause4 45.916096 ]
[45.918s][info][gc       ] [GC New Max 56-50 : 6356 4032 1346 6356 - - 556 20 2 2 - : 1016 10 28 292 3702 : 1009 7 2689 2689 0 : 0 1 205 0 248 - 260 : 1.029829 2210.1 0.0 0.252105 1626.3 0.0 : 3 --c 0000 : 23 0 0.000 0.000 0 0.000 0.000 0 0.000 0.000 : 45.664951 45.671844 0.000476 45.908404 0.000114 45.912837 0.000105 45.915792 0.000202 : 45.917056 ]
[45.918s][info][gc       ] [SYSINFO 8133 320 605 3487 3425 0 18 0 0 6427 : - - - - - - - - : 0 7168 : 1.54 0.45 0.15 : 198714 5551460 : 0 0 : 15 0 : 2056 3 0 211 : - 8218939392 79581184 583434240 6664593408 334946304 635289600 : 139632189 106100 27140 0 0 0 : 45.917491 ]
[45.918s][info][gc       ] [HUGEPAGESTAT 0 0 0 - 260 0 0 : 106496 0 0 : 45.917491 ]
[45.918s][info][gc       ] [OBJCREAT 100375125 24635 872448 : 45.917571 ]
[45.918s][info][gc       ] [HMSV All : 34122 30900 757 0 0 0 0 0 : 7428 0 0 0 : 45.917596 ]
[45.918s][info][gc       ] [HMSP 34190 : 57556 61800 : 45.917596 ]
[45.919s][info][gc       ] [VMAC 65530 170 402 485 1057 : 45.919343 ]
[47.067s][info][gc       ] [GPGC-H  3751.2 64.5 1.3 0.0 : 138.5 : 0.000 0.000 : 0.000 0.000 0.389 2.422 : 0.000 0.000 0.000 0.000 0.912 0.050 : 0.000 : 36.894 : 3338 10 28 0 : 2279 : 5720 5428 : 47.067283 : 9 Next_heuristic_check_may_be_too_late ]
[47.127s][info][safepoint] Application time: 1.2102396 seconds
[47.128s][info][safepoint] Total time for which application threads were stopped: 0.0007149 seconds, Stopping threads took: 0.0000012 seconds
[47.128s][info][gc       ] [SPS 0.000 0.006 0.007 0.015 0.001 0.019 0.001 0.598 0.081 0.715 NewGC_pause1 47.127051 ]
[47.491s][info][safepoint] Application time: 0.3641393 seconds
[47.492s][info][safepoint] Total time for which application threads were stopped: 0.0001934 seconds, Stopping threads took: 0.0000031 seconds
[47.492s][info][gc       ] [SPS 0.000 0.001 0.000 0.009 0.003 0.021 0.001 0.133 0.027 0.193 NewGC_pause2 47.491384 ]
[47.495s][info][safepoint] Application time: 0.0033006 seconds
[47.495s][info][safepoint] Total time for which application threads were stopped: 0.0001666 seconds, Stopping threads took: 0.0000006 seconds
[47.496s][info][gc       ] [SPS 0.000 0.001 0.000 0.008 0.001 0.001 0.000 0.125 0.032 0.167 NewGC_pause3 47.494852 ]
[47.497s][info][safepoint] Application time: 0.0021220 seconds
[47.498s][info][safepoint] Total time for which application threads were stopped: 0.0002464 seconds, Stopping threads took: 0.0000015 seconds
[47.498s][info][gc       ] [SPS 0.000 0.006 0.005 0.033 0.002 0.003 0.001 0.186 0.023 0.246 NewGC_pause4 47.497220 ]
[47.499s][info][gc       ] [GC New Max 57-51 : 6356 4510 1714 6356 - - 556 20 2 2 - : 1384 10 28 292 4180 : 1378 20 2799 2799 0 : 0 1 362 0 373 - 319 : 1.150887 2019.3 0.0 0.430497 1951.2 0.0 : 3 --c 0000 : 23 0 0.000 0.000 0 0.000 0.000 0 0.000 0.000 : 47.067944 47.126336 0.000603 47.491191 0.000100 47.494685 0.000077 47.496974 0.000214 : 47.498441 ]
[47.499s][info][gc       ] [SYSINFO 8132 320 605 3576 3336 0 18 0 0 6427 : - - - - - - - - : 0 7168 : 1.54 0.45 0.15 : 198714 5551460 : 0 0 : 15 0 : 2056 2 0 211 : - 8218939392 79581184 583434240 6664593408 334946304 635289600 : 139632189 108540 27440 0 0 0 : 47.498797 ]
[47.499s][info][gc       ] [HUGEPAGESTAT 0 0 0 - 260 0 0 : 106496 0 0 : 47.498797 ]
[47.499s][info][gc       ] [OBJCREAT 103520503 24635 872448 : 47.498848 ]
[47.499s][info][gc       ] [HMSV All : 36024 32802 779 0 0 0 0 0 : 7428 0 0 0 : 47.498870 ]
[47.499s][info][gc       ] [HMSP 36092 : 57556 65604 : 47.498870 ]
[47.500s][info][gc       ] [VMAC 65530 170 432 485 1087 : 47.500018 ]
[48.003s][info][gc       ] [GPGC-H  3614.4 58.8 1.2 0.0 : 126.2 : 0.000 0.000 : 0.000 0.000 0.430 2.422 : 0.000 0.000 0.000 0.000 0.912 0.050 : 0.000 : 36.213 : 3240 10 28 0 : 2279 : 5720 5428 : 48.003474 : 9 Next_heuristic_check_may_be_too_late ]
[48.046s][info][safepoint] Application time: 0.5481445 seconds
[48.046s][info][safepoint] Total time for which application threads were stopped: 0.0004927 seconds, Stopping threads took: 0.0000165 seconds
[48.047s][info][gc       ] [SPS 0.000 0.009 0.013 0.020 0.016 0.002 0.001 0.422 0.031 0.493 NewGC_pause1 48.045858 ]
[48.433s][info][safepoint] Application time: 0.3869445 seconds
[48.434s][info][safepoint] Total time for which application threads were stopped: 0.0002966 seconds, Stopping threads took: 0.0000012 seconds
[48.435s][info][gc       ] [SPS 0.000 0.001 0.000 0.009 0.001 0.001 0.000 0.245 0.040 0.297 NewGC_pause2 48.433099 ]
[48.438s][info][safepoint] Application time: 0.0043986 seconds
[48.438s][info][safepoint] Total time for which application threads were stopped: 0.0003319 seconds, Stopping threads took: 0.0000149 seconds
[48.439s][info][gc       ] [SPS 0.000 0.001 0.000 0.049 0.015 0.003 0.001 0.218 0.046 0.332 NewGC_pause3 48.437830 ]
[48.444s][info][safepoint] Application time: 0.0061515 seconds
[48.445s][info][safepoint] Total time for which application threads were stopped: 0.0001910 seconds, Stopping threads took: 0.0000099 seconds
[48.445s][info][gc       ] [SPS 0.000 0.005 0.005 0.009 0.010 0.001 0.000 0.142 0.029 0.191 NewGC_pause4 48.444173 ]
[48.451s][info][gc       ] [GC New Max 58-52 : 6356 4582 1896 6356 - - 556 20 2 2 - : 1566 10 28 292 4252 : 1560 21 2689 2689 0 : 0 1 453 0 409 - 374 : 0.506080 3675.3 0.0 0.445937 2260.4 0.0 : 3 --c 0000 : 23 0 0.000 0.000 0 0.000 0.000 0 0.000 0.000 : 48.004521 48.045365 0.000410 48.432803 0.000183 48.437498 0.000238 48.443982 0.000077 : 48.450458 ]
[48.451s][info][gc       ] [SYSINFO 8132 320 605 3736 3177 0 18 0 0 6427 : - - - - - - - - : 0 7168 : 1.74 0.51 0.17 : 198714 5551460 : 0 0 : 15 0 : 2056 2 0 211 : - 8219074560 79581184 583569408 6664593408 334946304 635289600 : 139632189 110460 27760 0 0 0 : 48.450909 ]
[48.451s][info][gc       ] [HUGEPAGESTAT 0 0 0 - 260 0 0 : 106496 0 0 : 48.450909 ]
[48.451s][info][gc       ] [OBJCREAT 106382660 24635 872448 : 48.451006 ]
[48.451s][info][gc       ] [HMSV All : 37680 33996 797 0 0 0 0 0 : 7582 0 0 0 : 48.451030 ]
[48.451s][info][gc       ] [HMSP 37748 : 58480 67992 : 48.451030 ]
[48.453s][info][gc       ] [VMAC 65530 170 420 485 1075 : 48.452511 ]
[48.976s][info][gc       ] [GPGC-H  3614.4 58.8 1.2 0.0 : 126.2 : 0.000 0.000 : 0.000 0.000 0.446 2.422 : 0.000 0.000 0.000 0.000 0.912 0.050 : 0.000 : 46.841 : 3018 10 28 0 : 2279 : 5720 5428 : 48.975577 : 9 Next_heuristic_check_may_be_too_late ]
[48.982s][info][safepoint] Application time: 0.5377145 seconds
[48.983s][info][safepoint] Total time for which application threads were stopped: 0.0003969 seconds, Stopping threads took: 0.0000017 seconds
[48.983s][info][gc       ] [SPS 0.000 0.007 0.008 0.027 0.002 0.003 0.001 0.329 0.035 0.396 NewGC_pause1 48.982284 ]
[49.169s][info][safepoint] Application time: 0.1857851 seconds
[49.169s][info][safepoint] Total time for which application threads were stopped: 0.0004194 seconds, Stopping threads took: 0.0000231 seconds
[49.170s][info][gc       ] [SPS 0.000 0.002 0.000 0.022 0.023 0.003 0.001 0.344 0.027 0.419 NewGC_pause2 49.168489 ]
[49.172s][info][safepoint] Application time: 0.0032742 seconds
[49.172s][info][safepoint] Total time for which application threads were stopped: 0.0002051 seconds, Stopping threads took: 0.0000138 seconds
[49.173s][info][gc       ] [SPS 0.000 0.001 0.000 0.009 0.014 0.001 0.001 0.152 0.029 0.205 NewGC_pause3 49.171969 ]
[49.179s][info][safepoint] Application time: 0.0069109 seconds
[49.184s][info][safepoint] Total time for which application threads were stopped: 0.0002010 seconds, Stopping threads took: 0.0000007 seconds
[49.184s][info][gc       ] [SPS 0.000 0.005 0.004 0.010 0.001 0.001 0.001 0.160 0.029 0.201 NewGC_pause4 49.179081 ]
[49.184s][info][gc       ] [GC New Max 59-53 : 6356 3922 1346 6356 - - 556 20 2 2 - : 1016 10 28 292 3592 : 1009 7 2579 2579 0 : 0 1 205 0 248 - 260 : 0.525676 2762.2 0.0 0.208004 2759.6 0.0 : 3 --c 0000 : 23 0 0.000 0.000 0 0.000 0.000 0 0.000 0.000 : 48.976134 48.981888 0.000355 49.168070 0.000358 49.171764 0.000121 49.178880 0.000135 : 49.184138 ]
[49.185s][info][gc       ] [SYSINFO 8132 320 605 3778 3135 0 18 0 0 6427 : - - - - - - - - : 0 7168 : 1.74 0.51 0.17 : 198714 5551460 : 0 0 : 15 0 : 2056 3 0 211 : - 8219209728 79581184 583704576 6664593408 334946304 635289600 : 139632189 111630 27990 0 0 0 : 49.184450 ]
[49.185s][info][gc       ] [HUGEPAGESTAT 0 0 0 - 260 0 0 : 106496 0 0 : 49.184450 ]
[49.185s][info][gc       ] [OBJCREAT 108412473 24635 872448 : 49.184511 ]
[49.185s][info][gc       ] [HMSV All : 38910 35226 809 0 0 0 0 0 : 7582 0 0 0 : 49.184531 ]
[49.185s][info][gc       ] [HMSP 38978 : 58480 70452 : 49.184531 ]
[49.186s][info][gc       ] [VMAC 65530 170 330 485 985 : 49.186107 ]
[50.295s][info][gc       ] [GPGC-H  3460.1 53.6 1.1 0.0 : 115.0 : 0.000 0.000 : 0.000 0.000 0.438 2.422 : 0.000 0.000 0.000 0.000 0.908 0.050 : 0.000 : 46.225 : 3128 10 28 0 : 2279 : 5720 5428 : 50.294568 : 9 Next_heuristic_check_may_be_too_late ]
[50.302s][info][safepoint] Application time: 1.1221716 seconds
[50.302s][info][safepoint] Total time for which application threads were stopped: 0.0003526 seconds, Stopping threads took: 0.0000149 seconds
[50.303s][info][gc       ] [SPS 0.000 0.004 0.007 0.009 0.015 0.001 0.000 0.282 0.045 0.353 NewGC_pause1 50.301605 ]
[50.474s][info][safepoint] Application time: 0.1717010 seconds
[50.475s][info][safepoint] Total time for which application threads were stopped: 0.0005314 seconds, Stopping threads took: 0.0000014 seconds
[50.476s][info][gc       ] [SPS 0.000 0.002 0.000 0.127 0.001 0.002 0.001 0.310 0.090 0.531 NewGC_pause2 50.473838 ]
[50.478s][info][safepoint] Application time: 0.0036074 seconds
[50.478s][info][safepoint] Total time for which application threads were stopped: 0.0002870 seconds, Stopping threads took: 0.0000123 seconds
[50.479s][info][gc       ] [SPS 0.000 0.001 0.000 0.029 0.012 0.001 0.001 0.171 0.073 0.287 NewGC_pause3 50.477733 ]
[50.482s][info][safepoint] Application time: 0.0038177 seconds
[50.483s][info][safepoint] Total time for which application threads were stopped: 0.0003004 seconds, Stopping threads took: 0.0000351 seconds
[50.483s][info][gc       ] [SPS 0.000 0.006 0.006 0.011 0.035 0.001 0.000 0.190 0.063 0.301 NewGC_pause4 50.481851 ]
[50.484s][info][gc       ] [GC New Max 60-54 : 6356 4032 1346 6356 - - 556 20 2 2 - : 1016 10 28 292 3702 : 1009 7 2689 2689 0 : 0 1 205 0 248 - 260 : 1.111153 1900.7 0.0 0.187816 3056.2 0.0 : 3 --c 0000 : 23 0 0.000 0.000 0 0.000 0.000 0 0.000 0.000 : 50.295291 50.301253 0.000292 50.473307 0.000339 50.477446 0.000160 50.481551 0.000138 : 50.483107 ]
[50.484s][info][gc       ] [SYSINFO 8133 320 605 3963 2950 0 18 0 0 6427 : - - - - - - - - : 0 7168 : 1.74 0.51 0.17 : 198714 5551460 : 0 0 : 15 0 : 2056 2 0 211 : - 8219209728 79581184 583704576 6664593408 334946304 635289600 : 139632189 113260 28290 0 0 0 : 50.483514 ]
[50.484s][info][gc       ] [HUGEPAGESTAT 0 0 0 - 260 0 0 : 106496 0 0 : 50.483514 ]
[50.484s][info][gc       ] [OBJCREAT 111091588 24635 872448 : 50.483596 ]
[50.484s][info][gc       ] [HMSV All : 41208 37518 829 0 0 0 0 0 : 7584 0 0 0 : 50.483626 ]
[50.484s][info][gc       ] [HMSP 41276 : 58492 75036 : 50.483626 ]
[50.485s][info][gc       ] [VMAC 65530 170 294 485 949 : 50.484856 ]
[51.674s][info][gc       ] [GPGC-H  3460.1 53.6 1.1 0.0 : 115.0 : 0.000 0.000 : 0.000 0.000 0.423 2.422 : 0.000 0.000 0.000 0.000 0.902 0.050 : 0.000 : 44.374 : 3414 10 28 0 : 2279 : 5720 5428 : 51.674447 : 9 Next_heuristic_check_may_be_too_late ]
[51.693s][info][safepoint] Application time: 1.2106251 seconds
[51.694s][info][safepoint] Total time for which application threads were stopped: 0.0005588 seconds, Stopping threads took: 0.0000432 seconds
[51.694s][info][gc       ] [SPS 0.000 0.004 0.010 0.010 0.043 0.001 0.000 0.471 0.033 0.559 NewGC_pause1 51.693036 ]
[51.989s][info][safepoint] Application time: 0.2960544 seconds
[51.990s][info][safepoint] Total time for which application threads were stopped: 0.0001405 seconds, Stopping threads took: 0.0000169 seconds
[51.990s][info][gc       ] [SPS 0.000 0.002 0.000 0.016 0.017 0.002 0.001 0.085 0.019 0.140 NewGC_pause2 51.989231 ]
[51.992s][info][safepoint] Application time: 0.0029714 seconds
[51.993s][info][safepoint] Total time for which application threads were stopped: 0.0002331 seconds, Stopping threads took: 0.0000175 seconds
[51.993s][info][gc       ] [SPS 0.000 0.001 0.000 0.013 0.017 0.001 0.001 0.156 0.045 0.234 NewGC_pause3 51.992436 ]
[51.995s][info][safepoint] Application time: 0.0027769 seconds
[51.996s][info][safepoint] Total time for which application threads were stopped: 0.0001381 seconds, Stopping threads took: 0.0000240 seconds
[51.996s][info][gc       ] [SPS 0.000 0.003 0.003 0.008 0.024 0.001 0.000 0.086 0.019 0.138 NewGC_pause4 51.995350 ]
[51.997s][info][gc       ] [GC New Max 61-55 : 6356 4388 1592 6356 - - 556 20 2 2 - : 1262 10 28 292 4058 : 1256 19 2799 2799 0 : 0 1 301 0 349 - 282 : 1.192140 2014.9 0.0 0.321029 1993.6 0.0 : 3 --c 0000 : 23 0 0.000 0.000 0 0.000 0.000 0 0.000 0.000 : 51.675247 51.692477 0.000475 51.989090 0.000114 51.992202 0.000135 51.995212 0.000112 : 51.996276 ]
[51.997s][info][gc       ] [SYSINFO 8133 320 605 4124 2788 0 18 0 0 6427 : - - - - - - - - : 0 7168 : 1.74 0.51 0.17 : 198714 5551460 : 0 0 : 15 0 : 2056 2 0 211 : - 8219209728 79581184 583704576 6664593408 334946304 635289600 : 139632189 115430 28650 0 0 0 : 51.996711 ]
[51.997s][info][gc       ] [HUGEPAGESTAT 0 0 0 - 260 0 0 : 106496 0 0 : 51.996711 ]
[51.997s][info][gc       ] [OBJCREAT 114114939 24635 872448 : 51.996786 ]
[51.997s][info][gc       ] [HMSV All : 42888 39198 851 0 0 0 0 0 : 7584 0 0 0 : 51.996814 ]
[51.997s][info][gc       ] [HMSP 42956 : 58492 78396 : 51.996814 ]
[51.998s][info][gc       ] [VMAC 65530 170 414 485 1069 : 51.997825 ]
[52.501s][info][gc       ] [GPGC-H  3375.8 48.7 1.0 0.0 : 104.6 : 0.000 0.000 : 0.000 0.000 0.416 2.422 : 0.000 0.000 0.000 0.000 0.897 0.050 : 0.000 : 42.810 : 3346 10 28 0 : 2279 : 5720 5428 : 52.500691 : 9 Next_heuristic_check_may_be_too_late ]
[52.514s][info][safepoint] Application time: 0.5180699 seconds
[52.514s][info][safepoint] Total time for which application threads were stopped: 0.0004311 seconds, Stopping threads took: 0.0000577 seconds
[52.515s][info][gc       ] [SPS 0.000 0.004 0.003 0.009 0.058 0.001 0.000 0.323 0.040 0.431 NewGC_pause1 52.513852 ]
[52.803s][info][safepoint] Application time: 0.2883023 seconds
[52.803s][info][safepoint] Total time for which application threads were stopped: 0.0003367 seconds, Stopping threads took: 0.0000062 seconds
[52.804s][info][gc       ] [SPS 0.000 0.002 0.000 0.022 0.006 0.002 0.001 0.250 0.055 0.337 NewGC_pause2 52.802492 ]
[52.807s][info][safepoint] Application time: 0.0037918 seconds
[52.807s][info][safepoint] Total time for which application threads were stopped: 0.0002790 seconds, Stopping threads took: 0.0000187 seconds
[52.807s][info][gc       ] [SPS 0.000 0.001 0.000 0.010 0.019 0.001 0.000 0.204 0.045 0.279 NewGC_pause3 52.806562 ]
[52.814s][info][safepoint] Application time: 0.0067207 seconds
[52.814s][info][safepoint] Total time for which application threads were stopped: 0.0005932 seconds, Stopping threads took: 0.0002703 seconds
[52.815s][info][gc       ] [SPS 0.000 0.006 0.005 0.019 0.270 0.001 0.000 0.201 0.102 0.594 NewGC_pause4 52.813877 ]
[52.819s][info][gc       ] [GC New Max 62-56 : 6356 4278 1616 6356 - - 556 20 2 2 - : 1286 10 28 292 3948 : 1256 19 2689 2689 0 : 0 1 301 0 361 - 282 : 0.505201 4125.1 0.0 0.317357 1972.5 0.0 : 3 --c 0000 : 23 0 0.000 0.000 0 0.000 0.000 0 0.000 0.000 : 52.501477 52.513421 0.000347 52.802155 0.000185 52.806283 0.000167 52.813283 0.000372 : 52.818834 ]
[52.819s][info][gc       ] [SYSINFO 8133 320 605 4183 2730 0 18 0 0 6427 : - - - - - - - - : 0 7168 : 1.74 0.51 0.17 : 198714 5551460 : 0 0 : 15 0 : 2056 2 0 211 : - 8219209728 79581184 583704576 6664593408 334946304 635289600 : 139632189 116940 28910 0 0 0 : 52.819132 ]
[52.819s][info][gc       ] [HUGEPAGESTAT 0 0 0 - 260 0 0 : 106496 0 0 : 52.819132 ]
[52.819s][info][gc       ] [OBJCREAT 116817850 24635 872448 : 52.819191 ]
[52.819s][info][gc       ] [HMSV All : 44568 40878 865 0 0 0 0 0 : 7584 0 0 0 : 52.819211 ]
[52.819s][info][gc       ] [HMSP 44636 : 58492 81756 : 52.819211 ]
[52.821s][info][gc       ] [VMAC 65530 170 504 485 1159 : 52.820599 ]
[53.304s][info][gc       ] [GPGC-H  3375.8 48.7 1.0 0.0 : 104.6 : 0.000 0.000 : 0.000 0.000 0.413 2.422 : 0.000 0.000 0.000 0.000 0.892 0.050 : 0.000 : 42.653 : 3346 10 28 0 : 2279 : 5720 5428 : 53.303724 : 9 Next_heuristic_check_may_be_too_late ]
[53.312s][info][safepoint] Application time: 0.4975617 seconds
[53.312s][info][safepoint] Total time for which application threads were stopped: 0.0004324 seconds, Stopping threads took: 0.0000006 seconds
[53.313s][info][gc       ] [SPS 0.000 0.004 0.003 0.008 0.001 0.001 0.000 0.396 0.026 0.433 NewGC_pause1 53.311871 ]
[53.615s][info][safepoint] Application time: 0.3027541 seconds
[53.615s][info][safepoint] Total time for which application threads were stopped: 0.0002156 seconds, Stopping threads took: 0.0000023 seconds
[53.616s][info][gc       ] [SPS 0.000 0.001 0.000 0.009 0.002 0.001 0.000 0.178 0.026 0.216 NewGC_pause2 53.614841 ]
[53.619s][info][safepoint] Application time: 0.0040055 seconds
[53.620s][info][safepoint] Total time for which application threads were stopped: 0.0006478 seconds, Stopping threads took: 0.0000277 seconds
[53.620s][info][gc       ] [SPS 0.000 0.001 0.000 0.009 0.028 0.001 0.000 0.218 0.393 0.648 NewGC_pause3 53.619495 ]
[53.626s][info][safepoint] Application time: 0.0062805 seconds
[53.627s][info][safepoint] Total time for which application threads were stopped: 0.0002233 seconds, Stopping threads took: 0.0000146 seconds
[53.628s][info][gc       ] [SPS 0.000 0.021 0.003 0.008 0.015 0.001 0.000 0.173 0.026 0.224 NewGC_pause4 53.625999 ]
[53.632s][info][gc       ] [GC New Max 63-57 : 6356 4400 1714 6356 - - 556 20 2 2 - : 1384 10 28 292 4070 : 1377 20 2689 2689 0 : 0 1 239 0 373 - 319 : 0.485614 4242.1 0.0 0.327002 2214.1 0.0 : 3 --c 0000 : 23 0 0.000 0.000 0 0.000 0.000 0 0.000 0.000 : 53.304448 53.311439 0.000362 53.614626 0.000128 53.618847 0.000220 53.625775 0.000151 : 53.631450 ]
[53.632s][info][gc       ] [SYSINFO 8133 320 605 4342 2571 0 18 0 0 6427 : - - - - - - - - : 0 7168 : 1.68 0.52 0.17 : 198714 5551460 : 0 0 : 15 0 : 2056 2 0 211 : - 8219209728 79581184 583704576 6664593408 334946304 635289600 : 139632189 118470 29160 0 0 0 : 53.631945 ]
[53.632s][info][gc       ] [HUGEPAGESTAT 0 0 0 - 260 0 0 : 106496 0 0 : 53.631945 ]
[53.632s][info][gc       ] [OBJCREAT 119595198 24635 872448 : 53.632052 ]
[53.632s][info][gc       ] [HMSV All : 46470 42780 879 0 0 0 0 0 : 7584 0 0 0 : 53.632090 ]
[53.632s][info][gc       ] [HMSP 46538 : 58492 85560 : 53.632090 ]
[53.633s][info][gc       ] [VMAC 65530 170 492 485 1147 : 53.633290 ]
[54.178s][info][gc       ] [GPGC-H  3363.6 44.3 0.9 0.0 : 95.2 : 0.000 0.000 : 0.000 0.000 0.409 2.422 : 0.000 0.000 0.000 0.000 0.886 0.050 : 0.000 : 42.564 : 3592 10 28 0 : 2279 : 5720 5428 : 54.177892 : 9 Next_heuristic_check_may_be_too_late ]
[54.186s][info][safepoint] Application time: 0.5594279 seconds
[54.186s][info][safepoint] Total time for which application threads were stopped: 0.0004878 seconds, Stopping threads took: 0.0000093 seconds
[54.187s][info][gc       ] [SPS 0.000 0.004 0.003 0.008 0.009 0.001 0.000 0.426 0.043 0.488 NewGC_pause1 54.185915 ]
[54.522s][info][safepoint] Application time: 0.3356852 seconds
[54.523s][info][safepoint] Total time for which application threads were stopped: 0.0004654 seconds, Stopping threads took: 0.0000014 seconds
[54.524s][info][gc       ] [SPS 0.000 0.002 0.000 0.020 0.001 0.003 0.001 0.332 0.109 0.466 NewGC_pause2 54.522067 ]
[54.525s][info][safepoint] Application time: 0.0030675 seconds
[54.525s][info][safepoint] Total time for which application threads were stopped: 0.0001713 seconds, Stopping threads took: 0.0000006 seconds
[54.526s][info][gc       ] [SPS 0.000 0.000 0.000 0.009 0.001 0.001 0.000 0.129 0.032 0.172 NewGC_pause3 54.525306 ]
[54.531s][info][safepoint] Application time: 0.0057371 seconds
[54.532s][info][safepoint] Total time for which application threads were stopped: 0.0004024 seconds, Stopping threads took: 0.0001740 seconds
[54.532s][info][gc       ] [SPS 0.000 0.003 0.003 0.008 0.174 0.001 0.000 0.183 0.037 0.403 NewGC_pause4 54.531445 ]
[54.539s][info][gc       ] [GC New Max 64-58 : 6356 4400 1758 6356 - - 556 20 2 2 - : 1428 10 28 292 4070 : 1377 20 2689 2689 0 : 0 1 239 0 395 - 319 : 0.547307 4034.3 0.0 0.359865 1450.5 0.0 : 3 --c 0000 : 23 0 0.000 0.000 0 0.000 0.000 0 0.000 0.000 : 54.178757 54.185427 0.000405 54.521601 0.000263 54.525134 0.000088 54.531043 0.000329 : 54.538622 ]
[54.539s][info][gc       ] [SYSINFO 8132 320 605 4345 2568 0 18 0 0 6427 : - - - - - - - - : 0 7168 : 1.68 0.52 0.17 : 198714 5551460 : 0 0 : 15 0 : 2056 2 0 211 : - 8219209728 79581184 583704576 6664593408 334946304 635289600 : 139632189 120220 29460 0 0 0 : 54.539274 ]
[54.539s][info][gc       ] [HUGEPAGESTAT 0 0 0 - 260 0 0 : 106496 0 0 : 54.539274 ]
[54.539s][info][gc       ] [OBJCREAT 122321904 24635 872448 : 54.539328 ]
[54.539s][info][gc       ] [HMSV All : 48372 44538 892 0 0 0 0 0 : 7632 0 0 0 : 54.539346 ]
[54.539s][info][gc       ] [HMSP 48440 : 58780 89076 : 54.539346 ]
[54.541s][info][gc       ] [VMAC 65530 170 492 485 1147 : 54.541101 ]
[55.126s][info][gc       ] [GPGC-H  3363.6 44.3 0.9 0.0 : 95.2 : 0.000 0.000 : 0.000 0.000 0.407 2.422 : 0.000 0.000 0.000 0.000 0.886 0.050 : 0.000 : 42.445 : 3592 10 28 0 : 2279 : 5720 5428 : 55.125651 : 9 Next_heuristic_check_may_be_too_late ]
[55.133s][info][safepoint] Application time: 0.6013489 seconds
[55.134s][info][safepoint] Total time for which application threads were stopped: 0.0003070 seconds, Stopping threads took: 0.0000488 seconds
[55.134s][info][gc       ] [SPS 0.000 0.004 0.003 0.010 0.049 0.002 0.001 0.206 0.040 0.307 NewGC_pause1 55.133102 ]
[55.402s][info][safepoint] Application time: 0.2686050 seconds
[55.403s][info][safepoint] Total time for which application threads were stopped: 0.0003069 seconds, Stopping threads took: 0.0000107 seconds
[55.403s][info][gc       ] [SPS 0.000 0.002 0.000 0.017 0.011 0.002 0.001 0.225 0.052 0.308 NewGC_pause2 55.402015 ]
[55.405s][info][safepoint] Application time: 0.0026694 seconds
[55.405s][info][safepoint] Total time for which application threads were stopped: 0.0002602 seconds, Stopping threads took: 0.0000141 seconds
[55.406s][info][gc       ] [SPS 0.000 0.001 0.000 0.042 0.014 0.002 0.001 0.148 0.054 0.260 NewGC_pause3 55.404943 ]
[55.412s][info][safepoint] Application time: 0.0064605 seconds
[55.412s][info][safepoint] Total time for which application threads were stopped: 0.0003585 seconds, Stopping threads took: 0.0001800 seconds
[55.412s][info][gc       ] [SPS 0.000 0.003 0.003 0.008 0.180 0.002 0.001 0.113 0.055 0.359 NewGC_pause4 55.411763 ]
[55.417s][info][gc       ] [GC New Max 65-59 : 6356 4196 1592 6356 - - 556 20 2 2 - : 1262 10 28 292 3866 : 1173 19 2689 2689 0 : 0 1 137 0 349 - 282 : 0.587669 3682.3 0.0 0.290806 1224.2 0.0 : 3 --c 0000 : 23 0 0.000 0.000 0 0.000 0.000 0 0.000 0.000 : 55.126291 55.132794 0.000211 55.401707 0.000149 55.404683 0.000143 55.411404 0.000273 : 55.417097 ]
[55.417s][info][gc       ] [SYSINFO 8132 320 605 4424 2489 0 18 0 0 6427 : - - - - - - - - : 0 7168 : 1.68 0.52 0.17 : 198714 5551460 : 0 0 : 15 0 : 2056 2 0 211 : - 8219209728 79581184 583704576 6664593408 334946304 635289600 : 139632189 121710 29730 0 0 0 : 55.417413 ]
[55.417s][info][gc       ] [HUGEPAGESTAT 0 0 0 - 260 0 0 : 106496 0 0 : 55.417413 ]
[55.417s][info][gc       ] [OBJCREAT 124831400 24635 872448 : 55.417465 ]
[55.417s][info][gc       ] [HMSV All : 49902 46068 906 0 0 0 0 0 : 7632 0 0 0 : 55.417485 ]
[55.417s][info][gc       ] [HMSP 49970 : 58780 92136 : 55.417485 ]
[55.419s][info][gc       ] [VMAC 65530 170 498 485 1153 : 55.418703 ]
[55.902s][info][gc       ] [GPGC-H  3363.6 44.3 0.9 0.0 : 95.2 : 0.000 0.000 : 0.000 0.000 0.403 2.422 : 0.000 0.000 0.000 0.000 0.885 0.050 : 0.000 : 42.073 : 3592 10 28 0 : 2279 : 5720 5428 : 55.901989 : 9 Next_heuristic_check_may_be_too_late ]
[55.910s][info][safepoint] Application time: 0.4975575 seconds
[55.910s][info][safepoint] Total time for which application threads were stopped: 0.0003562 seconds, Stopping threads took: 0.0000019 seconds
[55.911s][info][gc       ] [SPS 0.000 0.005 0.008 0.010 0.002 0.001 0.000 0.286 0.057 0.356 NewGC_pause1 55.909677 ]
[56.186s][info][safepoint] Application time: 0.2760466 seconds
[56.187s][info][safepoint] Total time for which application threads were stopped: 0.0002671 seconds, Stopping threads took: 0.0000017 seconds
[56.187s][info][gc       ] [SPS 0.000 0.001 0.000 0.008 0.002 0.001 0.000 0.225 0.031 0.267 NewGC_pause2 56.185991 ]
[56.194s][info][safepoint] Application time: 0.0080728 seconds
[56.195s][info][safepoint] Total time for which application threads were stopped: 0.0002239 seconds, Stopping threads took: 0.0000116 seconds
[56.195s][info][gc       ] [SPS 0.000 0.001 0.000 0.009 0.012 0.001 0.001 0.103 0.099 0.224 NewGC_pause3 56.194288 ]
[56.202s][info][safepoint] Application time: 0.0072431 seconds
[56.202s][info][safepoint] Total time for which application threads were stopped: 0.0002440 seconds, Stopping threads took: 0.0000147 seconds
[56.202s][info][gc       ] [SPS 0.000 0.004 0.004 0.011 0.015 0.001 0.000 0.173 0.044 0.244 NewGC_pause4 56.201775 ]
[56.207s][info][gc       ] [GC New Max 66-60 : 6356 4278 1592 6356 - - 556 20 2 2 - : 1262 10 28 292 3948 : 1255 19 2689 2689 0 : 0 1 178 0 349 - 282 : 0.485330 4800.9 0.0 0.304354 1169.7 0.0 : 3 --c 0000 : 23 0 0.000 0.000 0 0.000 0.000 0 0.000 0.000 : 55.902427 55.909321 0.000266 56.185724 0.000196 56.194064 0.000078 56.201531 0.000137 : 56.206781 ]
[56.207s][info][gc       ] [SYSINFO 8132 320 605 4499 2414 0 18 0 0 6427 : - - - - - - - - : 0 7168 : 1.68 0.52 0.17 : 198714 5551460 : 0 0 : 15 0 : 2056 2 0 211 : - 8219209728 79581184 583704576 6664593408 334946304 635289600 : 139632189 123210 29890 0 0 0 : 56.207137 ]
[56.207s][info][gc       ] [HUGEPAGESTAT 0 0 0 - 260 0 0 : 106496 0 0 : 56.207137 ]
[56.207s][info][gc       ] [OBJCREAT 127510518 24635 872448 : 56.207204 ]
[56.207s][info][gc       ] [HMSV All : 51582 47748 920 0 0 0 0 0 : 7632 0 0 0 : 56.207227 ]
[56.207s][info][gc       ] [HMSP 51650 : 58780 95496 : 56.207227 ]
[56.208s][info][gc       ] [VMAC 65530 170 492 485 1147 : 56.208305 ]
[56.691s][info][gc       ] [GPGC-H  3327.2 40.1 0.8 0.0 : 86.1 : 0.000 0.000 : 0.000 0.000 0.399 2.422 : 0.000 0.000 0.000 0.000 0.884 0.050 : 0.000 : 41.947 : 3346 10 28 0 : 2279 : 5720 5428 : 56.691434 : 9 Next_heuristic_check_may_be_too_late ]
[56.713s][info][safepoint] Application time: 0.5107620 seconds
[56.713s][info][safepoint] Total time for which application threads were stopped: 0.0003637 seconds, Stopping threads took: 0.0000427 seconds
[56.714s][info][gc       ] [SPS 0.000 0.005 0.005 0.010 0.043 0.002 0.001 0.264 0.044 0.364 NewGC_pause1 56.712901 ]
[56.987s][info][safepoint] Application time: 0.2740090 seconds
[56.988s][info][safepoint] Total time for which application threads were stopped: 0.0004814 seconds, Stopping threads took: 0.0002133 seconds
[56.988s][info][gc       ] [SPS 0.000 0.002 0.000 0.020 0.213 0.003 0.001 0.114 0.131 0.484 NewGC_pause2 56.987394 ]
[56.991s][info][safepoint] Application time: 0.0034006 seconds
[56.991s][info][safepoint] Total time for which application threads were stopped: 0.0002267 seconds, Stopping threads took: 0.0000006 seconds
[56.992s][info][gc       ] [SPS 0.000 0.001 0.000 0.068 0.001 0.001 0.000 0.148 0.009 0.227 NewGC_pause3 56.991020 ]
[56.998s][info][safepoint] Application time: 0.0066301 seconds
[56.998s][info][safepoint] Total time for which application threads were stopped: 0.0001759 seconds, Stopping threads took: 0.0000288 seconds
[56.998s][info][gc       ] [SPS 0.000 0.003 0.003 0.009 0.029 0.001 0.000 0.082 0.056 0.176 NewGC_pause4 56.997826 ]
[57.003s][info][gc       ] [GC New Max 67-61 : 6356 4196 1510 6356 - - 556 20 2 2 - : 1180 10 28 292 3866 : 1174 17 2689 2689 0 : 0 1 260 0 333 - 257 : 0.485289 4294.3 0.0 0.310786 1673.2 0.0 : 3 --c 0000 : 23 0 0.000 0.000 0 0.000 0.000 0 0.000 0.000 : 56.692070 56.712537 0.000270 56.986911 0.000322 56.990793 0.000137 56.997650 0.000115 : 57.002856 ]
[57.003s][info][gc       ] [SYSINFO 8133 320 605 4539 2373 0 18 0 0 6427 : - - - - - - - - : 0 7168 : 1.68 0.52 0.17 : 198714 5551460 : 0 0 : 15 0 : 2056 2 0 211 : - 8219209728 79581184 583704576 6664593408 334946304 635289600 : 139632189 124630 30220 0 0 0 : 57.003234 ]
[57.003s][info][gc       ] [HUGEPAGESTAT 0 0 0 - 260 0 0 : 106496 0 0 : 57.003234 ]
[57.003s][info][gc       ] [OBJCREAT 130108282 24635 872448 : 57.003304 ]
[57.003s][info][gc       ] [HMSV All : 53112 49278 934 0 0 0 0 0 : 7632 0 0 0 : 57.003327 ]
[57.003s][info][gc       ] [HMSP 53180 : 58780 98556 : 57.003327 ]
[57.004s][info][gc       ] [VMAC 65530 170 480 485 1135 : 57.004334 ]
[57.507s][info][gc       ] [GPGC-H  3327.2 40.1 0.8 0.0 : 86.1 : 0.000 0.000 : 0.000 0.000 0.396 2.422 : 0.000 0.000 0.000 0.000 0.883 0.050 : 0.000 : 41.842 : 3592 10 28 0 : 2279 : 5720 5428 : 57.507462 : 9 Next_heuristic_check_may_be_too_late ]
[57.516s][info][safepoint] Application time: 0.5171392 seconds
[57.516s][info][safepoint] Total time for which application threads were stopped: 0.0006765 seconds, Stopping threads took: 0.0000250 seconds
[57.517s][info][gc       ] [SPS 0.000 0.004 0.003 0.009 0.025 0.001 0.000 0.596 0.045 0.676 NewGC_pause1 57.515642 ]
[57.832s][info][safepoint] Application time: 0.3160447 seconds
[57.832s][info][safepoint] Total time for which application threads were stopped: 0.0002777 seconds, Stopping threads took: 0.0000150 seconds
[57.833s][info][gc       ] [SPS 0.000 0.001 0.000 0.009 0.015 0.001 0.000 0.213 0.039 0.278 NewGC_pause2 57.831964 ]
[57.836s][info][safepoint] Application time: 0.0038879 seconds
[57.837s][info][safepoint] Total time for which application threads were stopped: 0.0001396 seconds, Stopping threads took: 0.0000172 seconds
[57.837s][info][gc       ] [SPS 0.000 0.001 0.000 0.010 0.017 0.001 0.000 0.091 0.020 0.140 NewGC_pause3 57.835992 ]
[57.844s][info][safepoint] Application time: 0.0079028 seconds
[57.845s][info][safepoint] Total time for which application threads were stopped: 0.0002745 seconds, Stopping threads took: 0.0000034 seconds
[57.845s][info][gc       ] [SPS 0.000 0.004 0.003 0.010 0.003 0.001 0.000 0.196 0.064 0.275 NewGC_pause4 57.844170 ]
[57.851s][info][gc       ] [GC New Max 68-62 : 6356 4278 1592 6356 - - 556 20 2 2 - : 1262 10 28 292 3948 : 1255 19 2689 2689 0 : 0 1 178 0 349 - 282 : 0.505239 4774.0 0.0 0.341840 1041.4 0.0 : 3 --c 0000 : 23 0 0.000 0.000 0 0.000 0.000 0 0.000 0.000 : 57.508095 57.514965 0.000562 57.831687 0.000161 57.835852 0.000089 57.843895 0.000179 : 57.849935 ]
[57.851s][info][gc       ] [SYSINFO 8133 320 605 4562 2350 0 18 0 0 6427 : - - - - - - - - : 0 7168 : 1.68 0.52 0.17 : 198714 5551460 : 0 0 : 15 0 : 2056 2 0 211 : - 8219209728 79581184 583704576 6664593408 334946304 635289600 : 139632189 126280 30440 0 0 0 : 57.850964 ]
[57.851s][info][gc       ] [HUGEPAGESTAT 0 0 0 - 260 0 0 : 106496 0 0 : 57.850964 ]
[57.851s][info][gc       ] [OBJCREAT 132868749 24635 872448 : 57.851157 ]
[57.851s][info][gc       ] [HMSV All : 54792 50958 949 0 0 0 0 0 : 7632 0 0 0 : 57.851201 ]
[57.851s][info][gc       ] [HMSP 54860 : 58780 101916 : 57.851201 ]
[57.852s][info][gc       ] [VMAC 65530 170 498 485 1153 : 57.852284 ]
[58.355s][info][gc       ] [GPGC-H  3352.6 36.5 0.8 0.0 : 78.5 : 0.000 0.000 : 0.000 0.000 0.394 2.422 : 0.000 0.000 0.000 0.000 0.883 0.050 : 0.000 : 41.785 : 3592 10 28 0 : 2279 : 5720 5428 : 58.355126 : 9 Next_heuristic_check_may_be_too_late ]
[58.363s][info][safepoint] Application time: 0.5187915 seconds
[58.364s][info][safepoint] Total time for which application threads were stopped: 0.0004414 seconds, Stopping threads took: 0.0000019 seconds
[58.365s][info][gc       ] [SPS 0.000 0.004 0.005 0.010 0.002 0.001 0.001 0.396 0.032 0.442 NewGC_pause1 58.363403 ]
[58.649s][info][safepoint] Application time: 0.2856313 seconds
[58.650s][info][safepoint] Total time for which application threads were stopped: 0.0001768 seconds, Stopping threads took: 0.0000053 seconds
[58.650s][info][gc       ] [SPS 0.000 0.002 0.000 0.009 0.005 0.001 0.000 0.133 0.029 0.177 NewGC_pause2 58.649211 ]
[58.658s][info][safepoint] Application time: 0.0086090 seconds
[58.659s][info][safepoint] Total time for which application threads were stopped: 0.0003931 seconds, Stopping threads took: 0.0000012 seconds
[58.659s][info][gc       ] [SPS 0.000 0.001 0.000 0.132 0.001 0.002 0.001 0.198 0.059 0.393 NewGC_pause3 58.658214 ]
[58.664s][info][safepoint] Application time: 0.0057466 seconds
[58.664s][info][safepoint] Total time for which application threads were stopped: 0.0002762 seconds, Stopping threads took: 0.0000222 seconds
[58.665s][info][gc       ] [SPS 0.000 0.005 0.005 0.016 0.022 0.002 0.001 0.198 0.037 0.276 NewGC_pause4 58.664237 ]
[58.670s][info][gc       ] [GC New Max 69-63 : 6356 4400 1714 6356 - - 556 20 2 2 - : 1384 10 28 292 3996 : 1303 20 2689 2689 0 : 0 1 202 0 373 - 319 : 0.506029 4604.5 0.0 0.313143 1526.5 0.0 : 3 --c 0000 : 23 0 0.000 0.000 0 0.000 0.000 0 0.000 0.000 : 58.355964 58.362961 0.000398 58.649034 0.000086 58.657821 0.000209 58.663961 0.000125 : 58.669107 ]
[58.670s][info][gc       ] [SYSINFO 8134 320 605 4610 2303 0 18 0 0 6427 : - - - - - - - - : 0 7168 : 1.63 0.52 0.18 : 198714 5551460 : 0 0 : 15 0 : 2056 2 0 211 : - 8219209728 79581184 583704576 6664593408 334946304 635289600 : 139632189 127760 30680 0 0 0 : 58.669501 ]
[58.670s][info][gc       ] [HUGEPAGESTAT 0 0 0 - 260 0 0 : 106496 0 0 : 58.669501 ]
[58.670s][info][gc       ] [OBJCREAT 135669892 24635 872448 : 58.669598 ]
[58.670s][info][gc       ] [HMSV All : 56694 52860 963 0 0 0 0 0 : 7632 0 0 0 : 58.669617 ]
[58.670s][info][gc       ] [HMSP 56762 : 58780 105720 : 58.669617 ]
[58.671s][info][gc       ] [VMAC 65530 170 534 485 1189 : 58.670699 ]
[59.234s][info][gc       ] [GPGC-H  3352.6 36.5 0.8 0.0 : 78.5 : 0.000 0.000 : 0.000 0.000 0.391 2.422 : 0.000 0.000 0.000 0.000 0.881 0.050 : 0.000 : 41.652 : 3592 10 28 0 : 2279 : 5720 5428 : 59.234158 : 9 Next_heuristic_check_may_be_too_late ]
[59.241s][info][safepoint] Application time: 0.5769227 seconds
[59.242s][info][safepoint] Total time for which application threads were stopped: 0.0002311 seconds, Stopping threads took: 0.0000166 seconds
[59.243s][info][gc       ] [SPS 0.000 0.004 0.003 0.010 0.017 0.001 0.000 0.165 0.038 0.231 NewGC_pause1 59.241391 ]
[59.509s][info][safepoint] Application time: 0.2677145 seconds
[59.510s][info][safepoint] Total time for which application threads were stopped: 0.0003018 seconds, Stopping threads took: 0.0000250 seconds
[59.511s][info][gc       ] [SPS 0.000 0.002 0.000 0.015 0.025 0.002 0.001 0.220 0.040 0.302 NewGC_pause2 59.509408 ]
[59.515s][info][safepoint] Application time: 0.0049228 seconds
[59.515s][info][safepoint] Total time for which application threads were stopped: 0.0003332 seconds, Stopping threads took: 0.0000016 seconds
[59.516s][info][gc       ] [SPS 0.000 0.001 0.000 0.022 0.002 0.003 0.001 0.243 0.064 0.334 NewGC_pause3 59.514664 ]
[59.523s][info][safepoint] Application time: 0.0080193 seconds
[59.523s][info][safepoint] Total time for which application threads were stopped: 0.0003302 seconds, Stopping threads took: 0.0000016 seconds
[59.524s][info][gc       ] [SPS 0.000 0.007 0.006 0.022 0.002 0.003 0.001 0.237 0.065 0.330 NewGC_pause4 59.523014 ]
[59.530s][info][gc       ] [GC New Max 70-64 : 6356 4196 1510 6356 - - 556 20 2 2 - : 1180 10 28 292 3866 : 1173 17 2689 2689 0 : 0 1 137 0 333 - 257 : 0.565609 3903.8 0.0 0.295172 928.3 0.0 : 3 --c 0000 : 23 0 0.000 0.000 0 0.000 0.000 0 0.000 0.000 : 59.234716 59.241160 0.000190 59.509106 0.000210 59.514331 0.000171 59.522684 0.000217 : 59.529888 ]
[59.530s][info][gc       ] [SYSINFO 8133 320 605 4685 2228 0 18 0 0 6427 : - - - - - - - - : 0 7168 : 1.63 0.52 0.18 : 198714 5551460 : 0 0 : 15 0 : 2056 2 0 211 : - 8219209728 79581184 583704576 6664593408 334946304 635289600 : 139632189 129230 30910 0 0 0 : 59.530325 ]
[59.530s][info][gc       ] [HUGEPAGESTAT 0 0 0 - 260 0 0 : 106496 0 0 : 59.530325 ]
[59.530s][info][gc       ] [OBJCREAT 138145628 24635 872448 : 59.530398 ]
[59.530s][info][gc       ] [HMSV All : 58224 54390 976 0 0 0 0 0 : 7632 0 0 0 : 59.530441 ]
[59.530s][info][gc       ] [HMSP 58292 : 58780 108780 : 59.530441 ]
[59.532s][info][gc       ] [VMAC 65530 170 540 485 1195 : 59.531919 ]
[60.036s][info][gc       ] [GPGC-H  3352.6 36.5 0.8 0.0 : 78.5 : 0.000 0.000 : 0.000 0.000 0.387 2.422 : 0.000 0.000 0.000 0.000 0.879 0.050 : 0.000 : 41.365 : 3592 10 28 0 : 2279 : 5720 5428 : 60.036013 : 9 Next_heuristic_check_may_be_too_late ]
[60.043s][info][safepoint] Application time: 0.5197596 seconds
[60.043s][info][safepoint] Total time for which application threads were stopped: 0.0004359 seconds, Stopping threads took: 0.0000240 seconds
[60.044s][info][gc       ] [SPS 0.000 0.004 0.003 0.008 0.024 0.001 0.000 0.375 0.028 0.436 NewGC_pause1 60.043210 ]
[60.345s][info][safepoint] Application time: 0.3019246 seconds
[60.346s][info][safepoint] Total time for which application threads were stopped: 0.0003342 seconds, Stopping threads took: 0.0000142 seconds
[60.346s][info][gc       ] [SPS 0.000 0.002 0.000 0.023 0.014 0.001 0.000 0.239 0.056 0.334 NewGC_pause2 60.345469 ]
[60.349s][info][safepoint] Application time: 0.0029627 seconds
[60.349s][info][safepoint] Total time for which application threads were stopped: 0.0002491 seconds, Stopping threads took: 0.0000072 seconds
[60.349s][info][gc       ] [SPS 0.000 0.001 0.000 0.022 0.007 0.003 0.001 0.187 0.028 0.249 NewGC_pause3 60.348681 ]
[60.356s][info][safepoint] Application time: 0.0065735 seconds
[60.356s][info][safepoint] Total time for which application threads were stopped: 0.0002853 seconds, Stopping threads took: 0.0000275 seconds
[60.356s][info][gc       ] [SPS 0.000 0.004 0.003 0.007 0.027 0.001 0.000 0.219 0.031 0.285 NewGC_pause4 60.355540 ]
[60.362s][info][gc       ] [GC New Max 71-65 : 6356 4278 1592 6356 - - 556 20 2 2 - : 1262 10 28 292 3948 : 1255 19 2689 2689 0 : 0 1 178 0 349 - 282 : 0.506798 4759.3 0.0 0.325244 1094.6 0.0 : 3 --c 0000 : 23 0 0.000 0.000 0 0.000 0.000 0 0.000 0.000 : 60.036686 60.042774 0.000342 60.345135 0.000218 60.348432 0.000176 60.355255 0.000178 : 60.361930 ]
[60.362s][info][gc       ] [SYSINFO 8133 320 605 4711 2202 0 18 0 0 6427 : - - - - - - - - : 0 7168 : 1.63 0.52 0.18 : 198714 5551460 : 0 0 : 15 0 : 2056 2 0 211 : - 8219209728 79581184 583704576 6664593408 334946304 635289600 : 139632189 130760 31150 0 0 0 : 60.362201 ]
[60.362s][info][gc       ] [HUGEPAGESTAT 0 0 0 - 260 0 0 : 106496 0 0 : 60.362201 ]
[60.362s][info][gc       ] [OBJCREAT 140906095 24635 872448 : 60.362276 ]
[60.362s][info][gc       ] [HMSV All : 59904 56070 991 0 0 0 0 0 : 7632 0 0 0 : 60.362294 ]
[60.362s][info][gc       ] [HMSP 59972 : 58780 112140 : 60.362294 ]
[60.363s][info][gc       ] [VMAC 65530 170 492 485 1147 : 60.363458 ]
[60.947s][info][gc       ] [GPGC-H  3315.3 33.1 0.7 0.0 : 71.0 : 0.000 0.000 : 0.000 0.000 0.385 2.422 : 0.000 0.000 0.000 0.000 0.879 0.050 : 0.000 : 41.280 : 3598 10 28 0 : 2279 : 5720 5428 : 60.947443 : 9 Next_heuristic_check_may_be_too_late ]
[60.976s][info][safepoint] Application time: 0.6204208 seconds
[60.977s][info][safepoint] Total time for which application threads were stopped: 0.0004890 seconds, Stopping threads took: 0.0000064 seconds
[60.978s][info][gc       ] [SPS 0.000 0.005 0.008 0.014 0.006 0.002 0.001 0.421 0.045 0.489 NewGC_pause1 60.976450 ]
[60.989s][info][safepoint] Application time: 0.0129090 seconds
[60.990s][info][safepoint] Total time for which application threads were stopped: 0.0000912 seconds, Stopping threads took: 0.0000212 seconds
[60.991s][info][gc       ] [SPS 0.000 0.001 0.000 0.008 0.021 0.001 0.000 0.054 0.007 0.091 NewGC_pause2 60.989451 ]
[60.994s][info][safepoint] Application time: 0.0040476 seconds
[60.994s][info][safepoint] Total time for which application threads were stopped: 0.0002202 seconds, Stopping threads took: 0.0000122 seconds
[60.995s][info][gc       ] [SPS 0.000 0.001 0.000 0.021 0.012 0.002 0.001 0.157 0.027 0.220 NewGC_pause3 60.993719 ]
[60.999s][info][safepoint] Application time: 0.0055432 seconds
[61.000s][info][safepoint] Total time for which application threads were stopped: 0.0002080 seconds, Stopping threads took: 0.0000287 seconds
[61.001s][info][gc       ] [SPS 0.000 0.005 0.003 0.012 0.029 0.001 0.001 0.145 0.021 0.208 NewGC_pause4 60.999470 ]
[61.001s][info][gc       ] [GC New Max 72-66 : 6356 4104 408 6356 - - 556 20 2 2 - : 78 10 28 292 3758 : 71 10 3697 3697 0 : 0 0 28 0 17 - 22 : 0.585948 3993.5 0.0 0.052278 3290.1 0.0 : 3 --c 0000 : 23 0 0.000 0.000 0 0.000 0.000 0 0.000 0.000 : 60.947877 60.975961 0.000380 60.989359 0.000077 60.993499 0.000157 60.999262 0.000176 : 61.000156 ]
[61.001s][info][gc       ] [SYSINFO 8133 320 605 4759 2154 0 18 0 0 6427 : - - - - - - - - : 0 7168 : 1.63 0.52 0.18 : 198714 5551480 : 0 0 : 20 0 : 2056 2 0 211 : - 8219209728 79581184 583704576 6664593408 334946304 635289600 : 139632189 131270 31380 0 0 0 : 61.000560 ]
[61.001s][info][gc       ] [HUGEPAGESTAT 0 0 0 - 260 0 0 : 106496 0 0 : 61.000560 ]
[61.001s][info][gc       ] [OBJCREAT 143414165 24635 872448 : 61.000666 ]
[61.001s][info][gc       ] [HMSV All : 61266 57432 1005 0 0 0 0 0 : 7632 0 0 0 : 61.000682 ]
[61.001s][info][gc       ] [HMSP 61334 : 58780 114864 : 61.000682 ]
[61.002s][info][gc       ] [VMAC 65530 170 474 485 1129 : 61.002062 ]
[61.869s][info][gc       ] [GPGC-H  3315.3 33.1 0.7 0.0 : 71.0 : 0.000 0.000 : 0.000 0.000 0.375 2.422 : 0.000 0.000 0.000 0.000 0.874 0.050 : 0.000 : 40.318 : 3924 10 28 0 : 2279 : 5720 5428 : 61.868783 : 9 Next_heuristic_check_may_be_too_late ]
[61.876s][info][safepoint] Application time: 0.8767541 seconds
[61.878s][info][safepoint] Total time for which application threads were stopped: 0.0002231 seconds, Stopping threads took: 0.0000430 seconds
[61.878s][info][gc       ] [SPS 0.000 0.004 0.003 0.010 0.043 0.001 0.000 0.150 0.018 0.223 NewGC_pause1 61.876447 ]
[62.161s][info][safepoint] Application time: 0.2842468 seconds
[62.161s][info][safepoint] Total time for which application threads were stopped: 0.0001718 seconds, Stopping threads took: 0.0000226 seconds
[62.162s][info][gc       ] [SPS 0.000 0.002 0.000 0.021 0.023 0.003 0.001 0.087 0.037 0.172 NewGC_pause2 62.160866 ]
[62.164s][info][safepoint] Application time: 0.0028037 seconds
[62.164s][info][safepoint] Total time for which application threads were stopped: 0.0001420 seconds, Stopping threads took: 0.0000054 seconds
[62.164s][info][gc       ] [SPS 0.000 0.001 0.000 0.019 0.005 0.002 0.001 0.078 0.037 0.142 NewGC_pause3 62.163812 ]
[62.166s][info][safepoint] Application time: 0.0021388 seconds
[62.167s][info][safepoint] Total time for which application threads were stopped: 0.0001880 seconds, Stopping threads took: 0.0000036 seconds
[62.167s][info][gc       ] [SPS 0.000 0.004 0.003 0.009 0.004 0.001 0.000 0.140 0.034 0.188 NewGC_pause4 62.166139 ]
[62.168s][info][gc       ] [GC New Max 73-67 : 6356 4610 1592 6356 - - 556 20 2 2 - : 1262 10 28 292 4280 : 1255 18 3021 3021 0 : 0 1 178 0 349 - 282 : 0.869169 4424.9 0.0 0.297853 1195.2 0.0 : 3 --c 0000 : 23 0 0.000 0.000 0 0.000 0.000 0 0.000 0.000 : 61.869325 61.876224 0.000201 62.160695 0.000117 62.163670 0.000087 62.165951 0.000071 : 62.167178 ]
[62.168s][info][gc       ] [SYSINFO 8133 320 605 4901 2012 0 18 0 0 6427 : - - - - - - - - : 0 7168 : 1.63 0.52 0.18 : 198714 5551480 : 0 0 : 20 0 : 2056 2 0 211 : - 8219250688 79581184 583745536 6664593408 334946304 635289600 : 139632189 132960 31760 0 0 0 : 62.167482 ]
[62.168s][info][gc       ] [HUGEPAGESTAT 0 0 0 - 260 0 0 : 106496 0 0 : 62.167482 ]
[62.168s][info][gc       ] [OBJCREAT 147603918 24635 872448 : 62.167559 ]
[62.168s][info][gc       ] [HMSV All : 64686 60852 1023 0 0 0 0 0 : 7632 0 0 0 : 62.167578 ]
[62.168s][info][gc       ] [HMSP 64754 : 58780 121704 : 62.167578 ]
[62.169s][info][gc       ] [VMAC 65530 170 624 485 1279 : 62.168654 ]
[62.652s][info][gc       ] [GPGC-H  3439.5 30.1 0.6 0.0 : 64.7 : 0.000 0.000 : 0.000 0.000 0.371 2.422 : 0.000 0.000 0.000 0.000 0.863 0.050 : 0.000 : 39.541 : 3592 10 28 0 : 2279 : 5720 5428 : 62.651715 : 9 Next_heuristic_check_may_be_too_late ]
[62.659s][info][safepoint] Application time: 0.4927219 seconds
[62.660s][info][safepoint] Total time for which application threads were stopped: 0.0001872 seconds, Stopping threads took: 0.0000008 seconds
[62.661s][info][gc       ] [SPS 0.000 0.012 0.007 0.018 0.001 0.001 0.001 0.144 0.022 0.187 NewGC_pause1 62.659049 ]
[63.134s][info][safepoint] Application time: 0.4751782 seconds
[63.135s][info][safepoint] Total time for which application threads were stopped: 0.0002037 seconds, Stopping threads took: 0.0000006 seconds
[63.136s][info][gc       ] [SPS 0.000 0.001 0.000 0.008 0.001 0.001 0.000 0.167 0.027 0.204 NewGC_pause2 63.134432 ]
[63.137s][info][safepoint] Application time: 0.0023727 seconds
[63.137s][info][safepoint] Total time for which application threads were stopped: 0.0001850 seconds, Stopping threads took: 0.0000054 seconds
[63.138s][info][gc       ] [SPS 0.000 0.000 0.000 0.008 0.005 0.001 0.000 0.140 0.030 0.185 NewGC_pause3 63.136989 ]
[63.143s][info][safepoint] Application time: 0.0059842 seconds
[63.144s][info][safepoint] Total time for which application threads were stopped: 0.0001413 seconds, Stopping threads took: 0.0000053 seconds
[63.144s][info][gc       ] [SPS 0.000 0.004 0.003 0.010 0.005 0.001 0.000 0.101 0.023 0.141 NewGC_pause4 63.143115 ]
[63.149s][info][gc       ] [GC New Max 74-68 : 6356 5266 2580 6356 - - 556 20 2 2 - : 2250 10 28 292 4936 : 2243 22 2689 2689 0 : 0 1 672 0 546 - 579 : 0.485135 4802.8 0.0 0.496176 2708.7 0.0 : 3 --c 0000 : 23 0 0.000 0.000 0 0.000 0.000 0 0.000 0.000 : 62.652312 62.658862 0.000159 63.134227 0.000133 63.136804 0.000085 63.142973 0.000095 : 63.148489 ]
[63.149s][info][gc       ] [SYSINFO 8133 320 605 4917 1996 0 18 0 0 6427 : - - - - - - - - : 0 7168 : 1.63 0.52 0.18 : 198714 5551480 : 0 0 : 20 0 : 2056 2 0 211 : - 8219385856 79581184 583880704 6664593408 334946304 635289600 : 139632189 135170 32000 0 0 0 : 63.148836 ]
[63.149s][info][gc       ] [HUGEPAGESTAT 0 0 0 - 260 0 0 : 106496 0 0 : 63.148836 ]
[63.149s][info][gc       ] [OBJCREAT 151278474 24635 872448 : 63.148890 ]
[63.149s][info][gc       ] [HMSV All : 66720 62430 1045 0 0 0 0 0 : 7784 0 0 0 : 63.148908 ]
[63.149s][info][gc       ] [HMSP 66788 : 59692 124860 : 63.148908 ]
[63.151s][info][gc       ] [VMAC 65530 170 684 485 1339 : 63.150619 ]
[63.552s][info][gc       ] [GPGC-H  3439.5 30.1 0.6 0.0 : 64.7 : 0.000 0.000 : 0.000 0.000 0.496 2.422 : 0.000 0.000 0.000 0.000 0.863 0.050 : 0.000 : 50.563 : 3182 10 28 0 : 2279 : 5720 5428 : 63.551904 : 9 Next_heuristic_check_may_be_too_late ]
[63.586s][info][safepoint] Application time: 0.4425549 seconds
[63.587s][info][safepoint] Total time for which application threads were stopped: 0.0003448 seconds, Stopping threads took: 0.0000005 seconds
[63.587s][info][gc       ] [SPS 0.000 0.004 0.003 0.008 0.000 0.001 0.000 0.291 0.044 0.345 NewGC_pause1 63.586015 ]
[63.869s][info][safepoint] Application time: 0.2827837 seconds
[63.870s][info][safepoint] Total time for which application threads were stopped: 0.0002622 seconds, Stopping threads took: 0.0000187 seconds
[63.870s][info][gc       ] [SPS 0.000 0.002 0.000 0.022 0.019 0.003 0.001 0.164 0.054 0.262 NewGC_pause2 63.869062 ]
[63.873s][info][safepoint] Application time: 0.0035165 seconds
[63.873s][info][safepoint] Total time for which application threads were stopped: 0.0003638 seconds, Stopping threads took: 0.0000238 seconds
[63.874s][info][gc       ] [SPS 0.000 0.001 0.000 0.015 0.024 0.002 0.001 0.293 0.030 0.364 NewGC_pause3 63.872942 ]
[63.881s][info][safepoint] Application time: 0.0072334 seconds
[63.881s][info][safepoint] Total time for which application threads were stopped: 0.0004246 seconds, Stopping threads took: 0.0000176 seconds
[63.882s][info][gc       ] [SPS 0.000 0.004 0.004 0.011 0.018 0.001 0.000 0.275 0.119 0.425 NewGC_pause4 63.880601 ]
[63.886s][info][gc       ] [GC New Max 75-69 : 6356 4582 1896 6356 - - 556 20 2 2 - : 1566 10 28 292 4252 : 1559 21 2689 2689 0 : 0 1 330 0 409 - 374 : 0.404232 2305.6 0.0 0.332691 3216.2 0.0 : 3 --c 0000 : 23 0 0.000 0.000 0 0.000 0.000 0 0.000 0.000 : 63.552720 63.585670 0.000257 63.868800 0.000160 63.872578 0.000282 63.880176 0.000173 : 63.885411 ]
[63.886s][info][gc       ] [SYSINFO 8133 320 605 4923 1989 0 18 0 0 6427 : - - - - - - - - : 0 7168 : 1.58 0.53 0.18 : 198714 5551480 : 0 0 : 20 0 : 2056 2 0 211 : - 8219385856 79581184 583880704 6664593408 334946304 635289600 : 139632189 136670 32120 0 0 0 : 63.885813 ]
[63.886s][info][gc       ] [HUGEPAGESTAT 0 0 0 - 260 0 0 : 116736 0 0 : 63.885813 ]
[63.886s][info][gc       ] [OBJCREAT 153267217 24635 872448 : 63.885875 ]
[63.886s][info][gc       ] [HMSV All : 67272 62982 1065 0 0 0 0 0 : 7784 0 0 0 : 63.885893 ]
[63.886s][info][gc       ] [HMSP 67340 : 59692 125964 : 63.885893 ]
[63.887s][info][gc       ] [VMAC 65530 170 708 485 1363 : 63.887345 ]
[64.431s][info][gc       ] [GPGC-H  3414.6 27.5 0.6 0.0 : 59.0 : 0.000 0.000 : 0.000 0.000 0.490 2.422 : 0.000 0.000 0.000 0.000 0.860 0.050 : 0.000 : 50.381 : 3182 10 28 0 : 2279 : 5720 5428 : 64.430918 : 9 Next_heuristic_check_may_be_too_late ]
[64.437s][info][safepoint] Application time: 0.5561752 seconds
[64.438s][info][safepoint] Total time for which application threads were stopped: 0.0007015 seconds, Stopping threads took: 0.0000583 seconds
[64.439s][info][gc       ] [SPS 0.000 0.005 0.027 0.043 0.058 0.001 0.001 0.557 0.041 0.701 NewGC_pause1 64.437478 ]
[64.614s][info][safepoint] Application time: 0.1762334 seconds
[64.615s][info][safepoint] Total time for which application threads were stopped: 0.0002126 seconds, Stopping threads took: 0.0000092 seconds
[64.615s][info][gc       ] [SPS 0.000 0.001 0.000 0.009 0.009 0.001 0.000 0.152 0.042 0.213 NewGC_pause2 64.613924 ]
[64.618s][info][safepoint] Application time: 0.0033639 seconds
[64.618s][info][safepoint] Total time for which application threads were stopped: 0.0003775 seconds, Stopping threads took: 0.0000215 seconds
[64.619s][info][gc       ] [SPS 0.000 0.001 0.000 0.028 0.021 0.003 0.001 0.211 0.114 0.378 NewGC_pause3 64.617666 ]
[64.625s][info][safepoint] Application time: 0.0068633 seconds
[64.625s][info][safepoint] Total time for which application threads were stopped: 0.0001924 seconds, Stopping threads took: 0.0000810 seconds
[64.626s][info][gc       ] [SPS 0.000 0.005 0.003 0.010 0.081 0.001 0.000 0.062 0.038 0.192 NewGC_pause4 64.624722 ]
[64.631s][info][gc       ] [GC New Max 76-70 : 6356 3922 1348 6356 - - 556 20 2 2 - : 1018 10 28 292 3592 : 1009 9 2579 2579 0 : 0 2 205 0 249 - 260 : 0.546021 2959.6 0.0 0.198787 2062.5 0.0 : 3 --c 0000 : 23 0 0.000 0.000 0 0.000 0.000 0 0.000 0.000 : 64.431432 64.436776 0.000633 64.613711 0.000091 64.617288 0.000220 64.624529 0.000146 : 64.630219 ]
[64.631s][info][gc       ] [SYSINFO 8134 320 605 5012 1901 0 18 0 0 6427 : - - - - - - - - : 0 7168 : 1.58 0.53 0.18 : 198714 5551480 : 0 0 : 20 0 : 2056 2 0 211 : - 8219385856 79581184 583880704 6664593408 334946304 635289600 : 139632189 137880 32360 0 0 0 : 64.630553 ]
[64.631s][info][gc       ] [HUGEPAGESTAT 0 0 0 - 260 0 0 : 116736 0 0 : 64.630553 ]
[64.631s][info][gc       ] [OBJCREAT 155297030 24635 872448 : 64.630616 ]
[64.631s][info][gc       ] [HMSV All : 68502 64212 1077 0 0 0 0 0 : 7784 0 0 0 : 64.630646 ]
[64.631s][info][gc       ] [HMSP 68570 : 59692 128424 : 64.630646 ]
[64.632s][info][gc       ] [VMAC 65530 170 678 485 1333 : 64.632050 ]
[65.699s][info][gc       ] [GPGC-H  3414.6 27.5 0.6 0.0 : 59.0 : 0.000 0.000 : 0.000 0.000 0.481 2.422 : 0.000 0.000 0.000 0.000 0.856 0.050 : 0.000 : 49.580 : 3130 10 28 0 : 2279 : 5720 5428 : 65.699421 : 9 Next_heuristic_check_may_be_too_late ]
[65.705s][info][safepoint] Application time: 1.0800599 seconds
[65.706s][info][safepoint] Total time for which application threads were stopped: 0.0005977 seconds, Stopping threads took: 0.0000212 seconds
[65.707s][info][gc       ] [SPS 0.000 0.003 0.004 0.009 0.021 0.001 0.000 0.492 0.074 0.598 NewGC_pause1 65.705380 ]
[65.934s][info][safepoint] Application time: 0.2286355 seconds
[65.935s][info][safepoint] Total time for which application threads were stopped: 0.0002095 seconds, Stopping threads took: 0.0000006 seconds
[65.936s][info][gc       ] [SPSH lock suspend gclocker notify wait resuspend cleanup op_time wakeup total(ms) op_name end(s) ]
[65.936s][info][gc       ] [SPS 0.000 0.002 0.000 0.009 0.001 0.001 0.000 0.173 0.025 0.209 NewGC_pause2 65.934225 ]
[65.938s][info][safepoint] Application time: 0.0037801 seconds
[65.939s][info][safepoint] Total time for which application threads were stopped: 0.0001962 seconds, Stopping threads took: 0.0000097 seconds
[65.939s][info][gc       ] [SPS 0.000 0.001 0.000 0.015 0.010 0.002 0.001 0.139 0.031 0.196 NewGC_pause3 65.938202 ]
[65.942s][info][safepoint] Application time: 0.0038161 seconds
[65.943s][info][safepoint] Total time for which application threads were stopped: 0.0002104 seconds, Stopping threads took: 0.0000285 seconds
[65.944s][info][gc       ] [SPS 0.000 0.007 0.006 0.019 0.029 0.002 0.001 0.125 0.034 0.211 NewGC_pause4 65.942229 ]
[65.944s][info][gc       ] [GC New Max 77-71 : 6356 4034 1346 6356 - - 556 20 2 2 - : 1016 10 28 292 3704 : 1009 7 2691 2691 0 : 0 1 205 0 248 - 260 : 1.070022 2127.1 0.0 0.242976 1687.4 0.0 : 3 --c 0000 : 23 0 0.000 0.000 0 0.000 0.000 0 0.000 0.000 : 65.700240 65.704782 0.000434 65.934016 0.000174 65.938006 0.000154 65.942018 0.000128 : 65.943216 ]
[65.944s][info][gc       ] [SYSINFO 8134 320 605 5153 1759 0 18 0 0 6427 : - - - - - - - - : 0 7168 : 1.58 0.53 0.18 : 198714 5551480 : 0 0 : 20 0 : 2056 3 0 211 : - 8219385856 79581184 583880704 6664593408 334946304 635289600 : 139632189 139660 32710 0 0 0 : 65.943509 ]
[65.944s][info][gc       ] [HUGEPAGESTAT 0 0 0 - 260 0 0 : 116736 0 0 : 65.943509 ]
[65.944s][info][gc       ] [OBJCREAT 157976145 24635 872448 : 65.943579 ]
[65.944s][info][gc       ] [HMSV All : 69732 65442 1099 0 0 0 0 0 : 7784 0 0 0 : 65.943601 ]
[65.944s][info][gc       ] [HMSP 69800 : 59692 130884 : 65.943601 ]
[65.945s][info][gc       ] [VMAC 65530 170 558 485 1213 : 65.944871 ]
[66.993s][info][gc       ] [GPGC-H  3262.8 25.0 0.5 0.0 : 53.8 : 0.000 0.000 : 0.000 0.000 0.467 2.422 : 0.000 0.000 0.000 0.000 0.855 0.050 : 0.000 : 47.750 : 3292 10 28 0 : 2279 : 5720 5428 : 66.993167 : 9 Next_heuristic_check_may_be_too_late ]
[67.000s][info][safepoint] Application time: 1.0569881 seconds
[67.000s][info][safepoint] Total time for which application threads were stopped: 0.0003686 seconds, Stopping threads took: 0.0000436 seconds
[67.001s][info][gc       ] [SPS 0.000 0.005 0.003 0.008 0.044 0.001 0.000 0.287 0.028 0.369 NewGC_pause1 66.999586 ]
[67.202s][info][safepoint] Application time: 0.2027102 seconds
[67.203s][info][safepoint] Total time for which application threads were stopped: 0.0000909 seconds, Stopping threads took: 0.0000063 seconds
[67.203s][info][gc       ] [SPS 0.000 0.002 0.000 0.009 0.006 0.001 0.000 0.055 0.019 0.091 NewGC_pause2 67.202387 ]
[67.205s][info][safepoint] Application time: 0.0026243 seconds
[67.206s][info][safepoint] Total time for which application threads were stopped: 0.0001422 seconds, Stopping threads took: 0.0000339 seconds
[67.206s][info][gc       ] [SPS 0.000 0.001 0.000 0.014 0.034 0.001 0.001 0.068 0.025 0.142 NewGC_pause3 67.205154 ]
[67.208s][info][safepoint] Application time: 0.0024409 seconds
[67.208s][info][safepoint] Total time for which application threads were stopped: 0.0000954 seconds, Stopping threads took: 0.0000039 seconds
[67.208s][info][gc       ] [SPS 0.000 0.004 0.003 0.009 0.004 0.001 0.000 0.061 0.020 0.095 NewGC_pause4 67.207690 ]
[67.209s][info][gc       ] [GC New Max 78-72 : 6356 4032 1348 6356 - - 556 20 2 2 - : 1018 10 28 292 3702 : 1009 9 2689 2689 0 : 0 2 205 0 249 - 260 : 1.050614 2166.4 0.0 0.214651 1910.1 0.0 : 3 --c 0000 : 23 0 0.000 0.000 0 0.000 0.000 0 0.000 0.000 : 66.993830 66.999217 0.000296 67.202296 0.000065 67.205012 0.000107 67.207595 0.000069 : 67.208481 ]
[67.209s][info][gc       ] [SYSINFO 8133 320 605 5226 1686 0 18 0 0 6427 : - - - - - - - - : 0 7168 : 1.58 0.53 0.18 : 198714 5551492 : 0 0 : 20 0 : 2056 2 0 211 : - 8219385856 79581184 583880704 6664593408 334946304 635289600 : 139632189 141420 32930 0 0 0 : 67.208789 ]
[67.209s][info][gc       ] [HUGEPAGESTAT 0 0 0 - 260 0 0 : 116736 0 0 : 67.208789 ]
[67.209s][info][gc       ] [OBJCREAT 160655263 24635 872448 : 67.208843 ]
[67.209s][info][gc       ] [HMSV All : 70962 66672 1121 0 0 0 0 0 : 7784 0 0 0 : 67.208862 ]
[67.209s][info][gc       ] [HMSP 71030 : 59692 133344 : 67.208862 ]
[67.210s][info][gc       ] [VMAC 65530 170 666 485 1321 : 67.209990 ]
[68.317s][info][gc       ] [GPGC-H  3262.8 25.0 0.5 0.0 : 53.8 : 0.000 0.000 : 0.000 0.000 0.452 2.422 : 0.000 0.000 0.000 0.000 0.852 0.050 : 0.000 : 46.002 : 3346 10 28 0 : 2279 : 5720 5428 : 68.316786 : 9 Next_heuristic_check_may_be_too_late ]
[68.325s][info][safepoint] Application time: 1.1171761 seconds
[68.326s][info][safepoint] Total time for which application threads were stopped: 0.0006216 seconds, Stopping threads took: 0.0002515 seconds
[68.326s][info][gc       ] [SPS 0.000 0.005 0.014 0.011 0.252 0.006 0.001 0.331 0.022 0.622 NewGC_pause1 68.325488 ]
[68.594s][info][safepoint] Application time: 0.2679649 seconds
[68.594s][info][safepoint] Total time for which application threads were stopped: 0.0001861 seconds, Stopping threads took: 0.0000022 seconds
[68.595s][info][gc       ] [SPS 0.001 0.001 0.000 0.009 0.002 0.001 0.000 0.147 0.027 0.186 NewGC_pause2 68.593640 ]
[68.598s][info][safepoint] Application time: 0.0042761 seconds
[68.598s][info][safepoint] Total time for which application threads were stopped: 0.0001733 seconds, Stopping threads took: 0.0000032 seconds
[68.599s][info][gc       ] [SPS 0.000 0.001 0.000 0.009 0.003 0.001 0.000 0.122 0.038 0.173 NewGC_pause3 68.598089 ]
[68.602s][info][safepoint] Application time: 0.0037646 seconds
[68.603s][info][safepoint] Total time for which application threads were stopped: 0.0003914 seconds, Stopping threads took: 0.0000210 seconds
[68.603s][info][gc       ] [SPS 0.000 0.006 0.006 0.040 0.021 0.003 0.001 0.245 0.082 0.391 NewGC_pause4 68.602246 ]
[68.603s][info][gc       ] [GC New Max 79-73 : 6356 4306 1508 6356 - - 556 20 2 2 - : 1178 10 28 292 3976 : 1174 15 2801 2801 0 : 0 1 298 0 332 - 257 : 1.108947 2102.9 0.0 0.285599 2191.9 0.0 : 3 --c 0000 : 23 0 0.000 0.000 0 0.000 0.000 0 0.000 0.000 : 68.317429 68.324867 0.000582 68.593453 0.000145 68.597916 0.000088 68.601854 0.000218 : 68.603028 ]
[68.603s][info][gc       ] [SYSINFO 8134 320 605 5250 1663 0 18 0 0 6427 : - - - - - - - - : 0 7168 : 1.53 0.54 0.19 : 198714 5551492 : 0 0 : 20 0 : 2056 2 0 211 : - 8219385856 79581184 583880704 6664593408 334946304 635289600 : 139632189 143420 33130 0 0 0 : 68.603346 ]
[68.603s][info][gc       ] [HUGEPAGESTAT 0 0 0 - 260 0 0 : 116736 0 0 : 68.603346 ]
[68.603s][info][gc       ] [OBJCREAT 163597042 24635 872448 : 68.603401 ]
[68.603s][info][gc       ] [HMSV All : 72492 68202 1143 0 0 0 0 0 : 7784 0 0 0 : 68.603424 ]
[68.603s][info][gc       ] [HMSP 72560 : 59692 136404 : 68.603424 ]
[68.605s][info][gc       ] [VMAC 65530 170 696 485 1351 : 68.604637 ]
[69.068s][info][gc       ] [GPGC-H  3186.3 22.6 0.5 0.0 : 48.5 : 0.000 0.000 : 0.000 0.000 0.442 2.422 : 0.000 0.000 0.000 0.000 0.840 0.050 : 0.000 : 44.409 : 3344 10 28 0 : 2279 : 5720 5428 : 69.067673 : 9 Next_heuristic_check_may_be_too_late ]
[69.077s][info][safepoint] Application time: 0.4742916 seconds
[69.078s][info][safepoint] Total time for which application threads were stopped: 0.0003914 seconds, Stopping threads took: 0.0000061 seconds
[69.078s][info][gc       ] [SPS 0.000 0.006 0.007 0.018 0.006 0.002 0.001 0.336 0.028 0.391 NewGC_pause1 69.076929 ]
[69.380s][info][safepoint] Application time: 0.3031527 seconds
[69.381s][info][safepoint] Total time for which application threads were stopped: 0.0003053 seconds, Stopping threads took: 0.0000176 seconds
[69.381s][info][gc       ] [SPS 0.000 0.002 0.000 0.016 0.018 0.002 0.001 0.221 0.047 0.305 NewGC_pause2 69.380387 ]
[69.384s][info][safepoint] Application time: 0.0037991 seconds
[69.385s][info][safepoint] Total time for which application threads were stopped: 0.0001109 seconds, Stopping threads took: 0.0000049 seconds
[69.385s][info][gc       ] [SPS 0.000 0.001 0.000 0.009 0.005 0.001 0.000 0.077 0.019 0.111 NewGC_pause3 69.384297 ]
[69.387s][info][safepoint] Application time: 0.0021188 seconds
[69.387s][info][safepoint] Total time for which application threads were stopped: 0.0001899 seconds, Stopping threads took: 0.0000058 seconds
[69.388s][info][gc       ] [SPS 0.000 0.009 0.003 0.009 0.006 0.001 0.000 0.134 0.040 0.190 NewGC_pause4 69.386606 ]
[69.388s][info][gc       ] [GC New Max 80-74 : 6356 4398 1714 6356 - - 556 20 2 2 - : 1384 10 28 292 4068 : 1378 19 2687 2687 0 : 0 0 362 0 373 - 319 : 0.465010 4658.0 0.0 0.319225 2268.0 0.0 : 3 --c 0000 : 23 0 0.000 0.000 0 0.000 0.000 0 0.000 0.000 : 69.068038 69.076538 0.000350 69.380082 0.000173 69.384186 0.000083 69.386416 0.000090 : 69.387263 ]
[69.388s][info][gc       ] [SYSINFO 8133 320 605 5274 1639 0 18 0 0 6427 : - - - - - - - - : 0 7168 : 1.53 0.54 0.19 : 198714 5551492 : 0 0 : 20 0 : 2056 2 0 211 : - 8219385856 79581184 583880704 6664593408 334946304 635289600 : 139632189 144970 33460 0 0 0 : 69.387857 ]
[69.388s][info][gc       ] [HUGEPAGESTAT 0 0 0 - 260 0 0 : 116736 0 0 : 69.387857 ]
[69.388s][info][gc       ] [OBJCREAT 166479755 24635 872448 : 69.387999 ]
[69.388s][info][gc       ] [HMSV All : 74394 70104 1158 0 0 0 0 0 : 7784 0 0 0 : 69.388020 ]
[69.388s][info][gc       ] [HMSP 74462 : 59692 140208 : 69.388020 ]
[69.389s][info][gc       ] [VMAC 65530 170 600 485 1255 : 69.389296 ]
[69.954s][info][gc       ] [GPGC-H  3186.3 22.6 0.5 0.0 : 48.5 : 0.000 0.000 : 0.000 0.000 0.437 2.422 : 0.000 0.000 0.000 0.000 0.840 0.050 : 0.000 : 44.277 : 3592 10 28 0 : 2279 : 5720 5428 : 69.953576 : 9 Next_heuristic_check_may_be_too_late ]
[69.962s][info][safepoint] Application time: 0.5745839 seconds
[69.962s][info][safepoint] Total time for which application threads were stopped: 0.0004314 seconds, Stopping threads took: 0.0000211 seconds
[69.962s][info][gc       ] [SPS 0.000 0.005 0.021 0.009 0.021 0.001 0.000 0.373 0.027 0.431 NewGC_pause1 69.961622 ]
[70.309s][info][safepoint] Application time: 0.3475133 seconds
[70.310s][info][safepoint] Total time for which application threads were stopped: 0.0002078 seconds, Stopping threads took: 0.0000006 seconds
[70.310s][info][gc       ] [SPS 0.000 0.001 0.000 0.065 0.001 0.001 0.000 0.135 0.006 0.208 NewGC_pause2 70.309343 ]
[70.313s][info][safepoint] Application time: 0.0036533 seconds
[70.314s][info][safepoint] Total time for which application threads were stopped: 0.0002668 seconds, Stopping threads took: 0.0000230 seconds
[70.314s][info][gc       ] [SPS 0.000 0.001 0.000 0.009 0.023 0.001 0.000 0.218 0.016 0.267 NewGC_pause3 70.313263 ]
[70.321s][info][safepoint] Application time: 0.0076585 seconds
[70.321s][info][safepoint] Total time for which application threads were stopped: 0.0001859 seconds, Stopping threads took: 0.0000235 seconds
[70.322s][info][gc       ] [SPS 0.000 0.003 0.002 0.008 0.023 0.001 0.000 0.137 0.017 0.186 NewGC_pause4 70.321108 ]
[70.327s][info][gc       ] [GC New Max 81-75 : 6356 4582 1896 6356 - - 556 20 2 2 - : 1566 10 28 292 4252 : 1559 21 2689 2689 0 : 0 1 330 0 409 - 374 : 0.566916 3894.8 0.0 0.371931 1774.5 0.0 : 3 --c 0000 : 23 0 0.000 0.000 0 0.000 0.000 0 0.000 0.000 : 69.954179 69.961191 0.000347 70.309135 0.000195 70.312997 0.000250 70.320922 0.000170 : 70.326110 ]
[70.327s][info][gc       ] [SYSINFO 8133 320 605 5382 1530 0 18 0 0 6427 : - - - - - - - - : 0 7168 : 1.53 0.54 0.19 : 198714 5551492 : 0 0 : 20 0 : 2056 2 0 211 : - 8219385856 79581184 583880704 6664593408 334946304 635289600 : 139632189 146760 33810 0 0 0 : 70.326525 ]
[70.327s][info][gc       ] [HUGEPAGESTAT 0 0 0 - 260 0 0 : 116736 0 0 : 70.326525 ]
[70.327s][info][gc       ] [OBJCREAT 169341912 24635 872448 : 70.326583 ]
[70.327s][info][gc       ] [HMSV All : 76626 72336 1171 0 0 0 0 0 : 7784 0 0 0 : 70.326619 ]
[70.327s][info][gc       ] [HMSP 76694 : 59692 144672 : 70.326619 ]
[70.328s][info][gc       ] [VMAC 65530 170 588 485 1243 : 70.327834 ]
[70.951s][info][gc       ] [GPGC-H  3152.0 20.6 0.4 0.0 : 44.2 : 0.000 0.000 : 0.000 0.000 0.435 2.422 : 0.000 0.000 0.000 0.000 0.840 0.050 : 0.000 : 44.079 : 3346 10 28 0 : 2279 : 5720 5428 : 70.951335 : 9 Next_heuristic_check_may_be_too_late ]
[70.958s][info][safepoint] Application time: 0.6362839 seconds
[70.958s][info][safepoint] Total time for which application threads were stopped: 0.0005102 seconds, Stopping threads took: 0.0000020 seconds
[70.959s][info][gc       ] [SPS 0.000 0.004 0.004 0.010 0.002 0.001 0.001 0.456 0.041 0.511 NewGC_pause1 70.957903 ]
[71.266s][info][safepoint] Application time: 0.3075592 seconds
[71.267s][info][safepoint] Total time for which application threads were stopped: 0.0003702 seconds, Stopping threads took: 0.0000035 seconds
[71.267s][info][gc       ] [SPS 0.000 0.002 0.000 0.022 0.003 0.003 0.001 0.280 0.062 0.371 NewGC_pause2 71.265833 ]
[71.270s][info][safepoint] Application time: 0.0039060 seconds
[71.270s][info][safepoint] Total time for which application threads were stopped: 0.0003475 seconds, Stopping threads took: 0.0000042 seconds
[71.271s][info][gc       ] [SPS 0.000 0.001 0.000 0.023 0.004 0.002 0.001 0.221 0.096 0.348 NewGC_pause3 71.270087 ]
[71.278s][info][safepoint] Application time: 0.0070205 seconds
[71.278s][info][safepoint] Total time for which application threads were stopped: 0.0006075 seconds, Stopping threads took: 0.0003588 seconds
[71.279s][info][gc       ] [SPS 0.000 0.004 0.004 0.010 0.359 0.001 0.000 0.183 0.054 0.608 NewGC_pause4 71.277715 ]
[71.284s][info][gc       ] [GC New Max 82-76 : 6356 4278 1614 6356 - - 556 20 2 2 - : 1284 10 28 292 3948 : 1255 19 2689 2689 0 : 0 1 178 0 360 - 282 : 0.626003 2843.4 0.0 0.331073 1884.8 0.0 : 3 --c 0000 : 23 0 0.000 0.000 0 0.000 0.000 0 0.000 0.000 : 70.952114 70.957392 0.000441 71.265462 0.000196 71.269739 0.000173 71.277107 0.000439 : 71.283187 ]
[71.284s][info][gc       ] [SYSINFO 8133 320 605 5390 1523 0 18 0 0 6427 : - - - - - - - - : 0 7168 : 1.53 0.54 0.19 : 198714 5551492 : 0 0 : 20 0 : 2056 2 0 211 : - 8219385856 79581184 583880704 6664593408 334946304 635289600 : 139632189 148480 34150 0 0 0 : 71.283526 ]
[71.284s][info][gc       ] [HUGEPAGESTAT 0 0 0 - 260 0 0 : 116736 0 0 : 71.283526 ]
[71.284s][info][gc       ] [OBJCREAT 171737773 24635 872448 : 71.283581 ]
[71.284s][info][gc       ] [HMSV All : 77802 73512 1185 0 0 0 0 0 : 7784 0 0 0 : 71.283602 ]
[71.284s][info][gc       ] [HMSP 77870 : 59692 147024 : 71.283602 ]
[71.285s][info][gc       ] [VMAC 65530 170 618 485 1273 : 71.285028 ]
[71.788s][info][gc       ] [GPGC-H  3152.0 20.6 0.4 0.0 : 44.2 : 0.000 0.000 : 0.000 0.000 0.430 2.422 : 0.000 0.000 0.000 0.000 0.840 0.050 : 0.000 : 43.669 : 3346 10 28 0 : 2279 : 5720 5428 : 71.787899 : 9 Next_heuristic_check_may_be_too_late ]
[71.796s][info][safepoint] Application time: 0.5179124 seconds
[71.796s][info][safepoint] Total time for which application threads were stopped: 0.0003715 seconds, Stopping threads took: 0.0000646 seconds
[71.797s][info][gc       ] [SPS 0.000 0.006 0.010 0.022 0.065 0.001 0.001 0.253 0.029 0.371 NewGC_pause1 71.795999 ]
[72.122s][info][safepoint] Application time: 0.3253398 seconds
[72.122s][info][safepoint] Total time for which application threads were stopped: 0.0001764 seconds, Stopping threads took: 0.0000008 seconds
[72.122s][info][gc       ] [SPS 0.000 0.003 0.000 0.082 0.001 0.001 0.001 0.080 0.011 0.176 NewGC_pause2 72.121516 ]
[72.124s][info][safepoint] Application time: 0.0023654 seconds
[72.124s][info][safepoint] Total time for which application threads were stopped: 0.0002104 seconds, Stopping threads took: 0.0000006 seconds
[72.124s][info][gc       ] [SPS 0.000 0.001 0.000 0.008 0.001 0.001 0.000 0.164 0.036 0.211 NewGC_pause3 72.124091 ]
[72.132s][info][safepoint] Application time: 0.0076096 seconds
[72.132s][info][safepoint] Total time for which application threads were stopped: 0.0002080 seconds, Stopping threads took: 0.0000115 seconds
[72.133s][info][gc       ] [SPS 0.000 0.004 0.004 0.013 0.012 0.001 0.001 0.150 0.031 0.208 NewGC_pause4 72.131909 ]
[72.138s][info][gc       ] [GC New Max 83-77 : 6356 4400 1714 6356 - - 556 20 2 2 - : 1384 10 28 292 4070 : 1377 20 2689 2689 0 : 0 1 239 0 373 - 319 : 0.505384 4566.8 0.0 0.348770 1370.5 0.0 : 3 --c 0000 : 23 0 0.000 0.000 0 0.000 0.000 0 0.000 0.000 : 71.788570 71.795628 0.000327 72.121340 0.000151 72.123881 0.000062 72.131701 0.000090 : 72.137340 ]
[72.138s][info][gc       ] [SYSINFO 8133 320 605 5415 1498 0 18 0 0 6427 : - - - - - - - - : 0 7168 : 1.53 0.54 0.19 : 198714 5551492 : 0 0 : 20 0 : 2056 2 0 211 : - 8219385856 79581184 583880704 6664593408 334946304 635289600 : 139632189 150140 34490 0 0 0 : 72.137696 ]
[72.138s][info][gc       ] [HUGEPAGESTAT 0 0 0 - 260 0 0 : 133120 0 0 : 72.137696 ]
[72.138s][info][gc       ] [OBJCREAT 174517103 24635 872448 : 72.137771 ]
[72.138s][info][gc       ] [HMSV All : 79704 75414 1199 0 0 0 0 0 : 7784 0 0 0 : 72.137790 ]
[72.138s][info][gc       ] [HMSP 79772 : 59692 150828 : 72.137790 ]
[72.139s][info][gc       ] [VMAC 65530 170 600 485 1255 : 72.139175 ]
[72.722s][info][gc       ] [GPGC-H  3385.0 18.8 0.4 0.0 : 40.3 : 0.000 0.000 : 0.000 0.000 0.427 2.422 : 0.000 0.000 0.000 0.000 0.898 0.050 : 0.000 : 43.559 : 3592 10 28 0 : 2279 : 5720 5428 : 72.722296 : 9 Next_heuristic_check_may_be_too_late ]
[72.730s][info][safepoint] Application time: 0.5982718 seconds
[72.731s][info][safepoint] Total time for which application threads were stopped: 0.0002179 seconds, Stopping threads took: 0.0000208 seconds
[72.731s][info][gc       ] [SPS 0.000 0.005 0.004 0.009 0.021 0.001 0.000 0.167 0.020 0.218 NewGC_pause1 72.730399 ]
[73.025s][info][safepoint] Application time: 0.2939701 seconds
[73.025s][info][safepoint] Total time for which application threads were stopped: 0.0003671 seconds, Stopping threads took: 0.0000040 seconds
[73.026s][info][gc       ] [SPS 0.000 0.002 0.000 0.019 0.004 0.002 0.001 0.287 0.055 0.367 NewGC_pause2 73.024737 ]
[73.029s][info][safepoint] Application time: 0.0037347 seconds
[73.029s][info][safepoint] Total time for which application threads were stopped: 0.0002896 seconds, Stopping threads took: 0.0000244 seconds
[73.030s][info][gc       ] [SPS 0.000 0.001 0.000 0.020 0.024 0.002 0.001 0.211 0.031 0.290 NewGC_pause3 73.028762 ]
[73.037s][info][safepoint] Application time: 0.0084194 seconds
[73.038s][info][safepoint] Total time for which application threads were stopped: 0.0003046 seconds, Stopping threads took: 0.0000362 seconds
[73.038s][info][gc       ] [SPS 0.000 0.005 0.004 0.010 0.036 0.001 0.000 0.198 0.059 0.305 NewGC_pause4 73.037486 ]
[73.045s][info][gc       ] [GC New Max 84-78 : 6356 4278 1592 6356 - - 556 20 2 2 - : 1262 10 28 292 3948 : 1255 19 2689 2689 0 : 0 1 178 0 349 - 282 : 0.585440 3771.5 0.0 0.321281 1108.1 0.0 : 3 --c 0000 : 23 0 0.000 0.000 0 0.000 0.000 0 0.000 0.000 : 72.722780 72.730181 0.000191 73.024370 0.000198 73.028472 0.000253 73.037181 0.000155 : 73.044061 ]
[73.045s][info][gc       ] [SYSINFO 8134 320 605 5452 1461 0 18 0 0 6427 : - - - - - - - - : 0 7168 : 1.53 0.54 0.19 : 198714 5551492 : 0 0 : 20 0 : 2056 2 0 211 : - 8219385856 79581184 583880704 6664593408 334946304 635289600 : 139632189 151740 34720 0 0 0 : 73.044897 ]
[73.045s][info][gc       ] [HUGEPAGESTAT 0 0 0 - 260 0 0 : 133120 0 0 : 73.044897 ]
[73.045s][info][gc       ] [OBJCREAT 177074191 24635 872448 : 73.045168 ]
[73.045s][info][gc       ] [HMSV All : 81186 76896 1218 0 0 0 0 0 : 7784 0 0 0 : 73.045225 ]
[73.045s][info][gc       ] [HMSP 81254 : 59692 153792 : 73.045225 ]
[73.047s][info][gc       ] [VMAC 65530 170 618 485 1273 : 73.047200 ]
[73.610s][info][gc       ] [GPGC-H  3385.0 18.8 0.4 0.0 : 40.3 : 0.000 0.000 : 0.000 0.000 0.423 2.422 : 0.000 0.000 0.000 0.000 0.898 0.050 : 0.000 : 43.226 : 3592 10 28 0 : 2279 : 5720 5428 : 73.609919 : 9 Next_heuristic_check_may_be_too_late ]
[73.618s][info][safepoint] Application time: 0.5800755 seconds
[73.619s][info][safepoint] Total time for which application threads were stopped: 0.0003986 seconds, Stopping threads took: 0.0000395 seconds
[73.619s][info][gc       ] [SPS 0.000 0.005 0.004 0.012 0.039 0.001 0.001 0.316 0.030 0.399 NewGC_pause1 73.617960 ]
[73.968s][info][safepoint] Application time: 0.3500343 seconds
[73.968s][info][safepoint] Total time for which application threads were stopped: 0.0001419 seconds, Stopping threads took: 0.0000010 seconds
[73.969s][info][gc       ] [SPS 0.000 0.002 0.000 0.012 0.001 0.001 0.001 0.081 0.034 0.130 NewGC_pause2 73.968137 ]
[73.971s][info][safepoint] Application time: 0.0026731 seconds
[73.971s][info][safepoint] Total time for which application threads were stopped: 0.0001739 seconds, Stopping threads took: 0.0000360 seconds
[73.972s][info][gc       ] [SPS 0.000 0.001 0.000 0.011 0.036 0.001 0.001 0.094 0.032 0.174 NewGC_pause3 73.970984 ]
[73.979s][info][safepoint] Application time: 0.0074406 seconds
[73.979s][info][safepoint] Total time for which application threads were stopped: 0.0003039 seconds, Stopping threads took: 0.0001293 seconds
[73.979s][info][gc       ] [SPS 0.000 0.006 0.005 0.018 0.129 0.002 0.001 0.109 0.046 0.304 NewGC_pause4 73.978729 ]
[73.985s][info][gc       ] [GC New Max 85-79 : 6356 4278 1622 6356 - - 556 20 2 2 - : 1292 10 28 292 3948 : 1255 19 2689 2689 0 : 0 1 178 0 364 - 282 : 0.566407 4113.7 0.0 0.373657 1033.0 0.0 : 3 --c 0000 : 23 0 0.000 0.000 0 0.000 0.000 0 0.000 0.000 : 73.610467 73.617562 0.000327 73.968007 0.000087 73.970810 0.000129 73.978425 0.000250 : 73.984124 ]
[73.985s][info][gc       ] [SYSINFO 8133 320 605 5473 1439 0 18 0 0 6427 : - - - - - - - - : 0 7168 : 1.49 0.55 0.19 : 198714 5551492 : 0 0 : 20 0 : 2056 2 0 211 : - 8219385856 79581184 583880704 6664593408 334946304 635289600 : 139632189 153520 34960 0 0 0 : 73.984693 ]
[73.985s][info][gc       ] [HUGEPAGESTAT 0 0 0 - 260 0 0 : 133120 0 0 : 73.984693 ]
[73.985s][info][gc       ] [OBJCREAT 179787017 24635 872448 : 73.984754 ]
[73.985s][info][gc       ] [HMSV All : 83196 78906 1231 0 0 0 0 0 : 7784 0 0 0 : 73.984773 ]
[73.985s][info][gc       ] [HMSP 83264 : 59692 157812 : 73.984773 ]
[73.987s][info][gc       ] [VMAC 65530 170 588 485 1243 : 73.987226 ]
[74.449s][info][gc       ] [GPGC-H  3385.0 18.8 0.4 0.0 : 40.3 : 0.000 0.000 : 0.000 0.000 0.421 2.422 : 0.000 0.000 0.000 0.000 0.951 0.050 : 0.000 : 43.078 : 3592 10 28 0 : 2279 : 5720 5428 : 74.449004 : 9 Next_heuristic_check_may_be_too_late ]
[74.455s][info][safepoint] Application time: 0.4762824 seconds
[74.456s][info][safepoint] Total time for which application threads were stopped: 0.0004412 seconds, Stopping threads took: 0.0000114 seconds
[74.457s][info][gc       ] [SPS 0.000 0.004 0.006 0.009 0.011 0.001 0.000 0.360 0.060 0.441 NewGC_pause1 74.455453 ]
[74.771s][info][safepoint] Application time: 0.3150105 seconds
[74.772s][info][safepoint] Total time for which application threads were stopped: 0.0008140 seconds, Stopping threads took: 0.0000006 seconds
[74.772s][info][gc       ] [SPS 0.001 0.002 0.000 0.064 0.001 0.001 0.000 0.680 0.068 0.814 NewGC_pause2 74.771278 ]
[74.775s][info][safepoint] Application time: 0.0036239 seconds
[74.776s][info][safepoint] Total time for which application threads were stopped: 0.0003121 seconds, Stopping threads took: 0.0000076 seconds
[74.776s][info][gc       ] [SPS 0.000 0.001 0.000 0.014 0.008 0.001 0.000 0.245 0.044 0.312 NewGC_pause3 74.775214 ]
[74.782s][info][safepoint] Application time: 0.0069177 seconds
[74.782s][info][safepoint] Total time for which application threads were stopped: 0.0001134 seconds, Stopping threads took: 0.0000156 seconds
[74.783s][info][gc       ] [SPS 0.000 0.008 0.003 0.008 0.016 0.001 0.000 0.061 0.028 0.113 NewGC_pause4 74.782245 ]
[74.788s][info][gc       ] [GC New Max 86-80 : 6356 4582 1896 6356 - - 556 20 2 2 - : 1566 10 28 292 4252 : 1559 21 2689 2689 0 : 0 1 330 0 409 - 374 : 0.465432 4941.6 0.0 0.338371 1950.5 0.0 : 3 --c 0000 : 23 0 0.000 0.000 0 0.000 0.000 0 0.000 0.000 : 74.449556 74.455012 0.000324 74.770464 0.000648 74.774902 0.000225 74.782132 0.000078 : 74.787928 ]
[74.788s][info][gc       ] [SYSINFO 8134 320 605 5556 1356 0 18 0 0 6427 : - - - - - - - - : 0 7168 : 1.49 0.55 0.19 : 198714 5551492 : 0 0 : 20 0 : 2056 2 0 211 : - 8219385856 79581184 583880704 6664593408 334946304 635289600 : 139632189 155170 35110 0 0 0 : 74.788286 ]
[74.788s][info][gc       ] [HUGEPAGESTAT 0 0 0 - 260 0 0 : 133120 0 0 : 74.788286 ]
[74.788s][info][gc       ] [OBJCREAT 182737491 24635 872448 : 74.788354 ]
[74.788s][info][gc       ] [HMSV All : 84738 80448 1252 0 0 0 0 0 : 7784 0 0 0 : 74.788378 ]
[74.788s][info][gc       ] [HMSP 84806 : 59692 160896 : 74.788378 ]
[74.790s][info][gc       ] [VMAC 65530 170 552 485 1207 : 74.789785 ]
[75.475s][info][gc       ] [GPGC-H  3338.1 17.0 0.4 0.0 : 36.5 : 0.000 0.000 : 0.000 0.000 0.418 2.422 : 0.000 0.000 0.000 0.000 0.950 0.050 : 0.000 : 43.042 : 3346 10 28 0 : 2279 : 5720 5428 : 75.474996 : 9 Next_heuristic_check_may_be_too_late ]
[75.481s][info][safepoint] Application time: 0.6981231 seconds
[75.481s][info][safepoint] Total time for which application threads were stopped: 0.0004024 seconds, Stopping threads took: 0.0000005 seconds
[75.482s][info][gc       ] [SPS 0.000 0.004 0.028 0.009 0.001 0.001 0.000 0.363 0.029 0.403 NewGC_pause1 75.480771 ]
[75.819s][info][safepoint] Application time: 0.3381512 seconds
[75.819s][info][safepoint] Total time for which application threads were stopped: 0.0001450 seconds, Stopping threads took: 0.0000056 seconds
[75.820s][info][gc       ] [SPS 0.000 0.002 0.000 0.023 0.006 0.003 0.010 0.081 0.023 0.145 NewGC_pause2 75.819068 ]
[75.822s][info][safepoint] Application time: 0.0025296 seconds
[75.822s][info][safepoint] Total time for which application threads were stopped: 0.0001321 seconds, Stopping threads took: 0.0000322 seconds
[75.822s][info][gc       ] [SPS 0.000 0.000 0.000 0.009 0.032 0.001 0.000 0.074 0.016 0.132 NewGC_pause3 75.821729 ]
[75.829s][info][safepoint] Application time: 0.0066768 seconds
[75.829s][info][safepoint] Total time for which application threads were stopped: 0.0001780 seconds, Stopping threads took: 0.0000020 seconds
[75.829s][info][gc       ] [SPS 0.000 0.004 0.003 0.008 0.002 0.001 0.000 0.149 0.017 0.178 NewGC_pause4 75.828584 ]
[75.834s][info][gc       ] [GC New Max 87-81 : 6356 4400 1714 6356 - - 556 20 2 2 - : 1384 10 28 292 4070 : 1378 20 2689 2689 0 : 0 1 362 0 373 - 319 : 0.687605 2588.7 0.0 0.358018 2022.2 0.0 : 3 --c 0000 : 23 0 0.000 0.000 0 0.000 0.000 0 0.000 0.000 : 75.475532 75.480369 0.000362 75.818923 0.000115 75.821597 0.000111 75.828410 0.000120 : 75.833550 ]
[75.834s][info][gc       ] [SYSINFO 8134 320 605 5588 1325 0 18 0 0 6427 : - - - - - - - - : 0 7168 : 1.49 0.55 0.19 : 198714 5551492 : 0 0 : 20 0 : 2056 2 0 211 : - 8219385856 79581184 583880704 6664593408 334946304 635289600 : 139632189 157040 35330 0 0 0 : 75.833844 ]
[75.834s][info][gc       ] [HUGEPAGESTAT 0 0 0 - 260 0 0 : 133120 0 0 : 75.833844 ]
[75.834s][info][gc       ] [OBJCREAT 185233564 24635 872448 : 75.833900 ]
[75.834s][info][gc       ] [HMSV All : 86640 82350 1264 0 0 0 0 0 : 7784 0 0 0 : 75.833922 ]
[75.834s][info][gc       ] [HMSP 86708 : 59692 164700 : 75.833922 ]
[75.835s][info][gc       ] [VMAC 65530 170 546 485 1201 : 75.835023 ]
[76.338s][info][gc       ] [GPGC-H  3338.1 17.0 0.4 0.0 : 36.5 : 0.000 0.000 : 0.000 0.000 0.415 2.422 : 0.000 0.000 0.000 0.000 0.950 0.050 : 0.000 : 42.627 : 3592 10 28 0 : 2279 : 5720 5428 : 76.337904 : 9 Next_heuristic_check_may_be_too_late ]
[76.345s][info][safepoint] Application time: 0.5164761 seconds
[76.346s][info][safepoint] Total time for which application threads were stopped: 0.0002825 seconds, Stopping threads took: 0.0000233 seconds
[76.347s][info][gc       ] [SPS 0.000 0.005 0.007 0.011 0.023 0.001 0.001 0.223 0.023 0.282 NewGC_pause1 76.345343 ]
[76.622s][info][safepoint] Application time: 0.2762763 seconds
[76.622s][info][safepoint] Total time for which application threads were stopped: 0.0002537 seconds, Stopping threads took: 0.0000006 seconds
[76.623s][info][gc       ] [SPS 0.000 0.001 0.000 0.009 0.001 0.001 0.000 0.212 0.031 0.254 NewGC_pause2 76.621874 ]
[76.624s][info][safepoint] Application time: 0.0022104 seconds
[76.625s][info][safepoint] Total time for which application threads were stopped: 0.0001976 seconds, Stopping threads took: 0.0000054 seconds
[76.625s][info][gc       ] [SPS 0.000 0.000 0.000 0.009 0.005 0.001 0.000 0.152 0.030 0.198 NewGC_pause3 76.624282 ]
[76.639s][info][safepoint] Application time: 0.0139260 seconds
[76.639s][info][safepoint] Total time for which application threads were stopped: 0.0002995 seconds, Stopping threads took: 0.0000098 seconds
[76.640s][info][gc       ] [SPS 0.000 0.005 0.007 0.013 0.010 0.002 0.001 0.247 0.028 0.300 NewGC_pause4 76.638507 ]
[76.645s][info][gc       ] [GC New Max 88-82 : 6356 4278 1592 6356 - - 556 20 2 2 - : 1262 10 28 292 3898 : 1205 19 2689 2689 0 : 0 1 153 0 349 - 282 : 0.504926 4372.9 0.0 0.305949 1163.6 0.0 : 3 --c 0000 : 23 0 0.000 0.000 0 0.000 0.000 0 0.000 0.000 : 76.338476 76.345061 0.000230 76.621620 0.000152 76.624084 0.000117 76.638208 0.000171 : 76.644426 ]
[76.645s][info][gc       ] [SYSINFO 8134 320 605 5595 1318 0 18 0 0 6427 : - - - - - - - - : 0 7168 : 1.49 0.55 0.19 : 198714 5551492 : 0 0 : 20 0 : 2056 2 0 211 : - 8219385856 79581184 583880704 6664593408 334946304 635289600 : 139632189 158570 35470 0 0 0 : 76.644796 ]
[76.645s][info][gc       ] [HUGEPAGESTAT 0 0 0 - 260 0 0 : 133120 0 0 : 76.644796 ]
[76.645s][info][gc       ] [OBJCREAT 187790654 24635 872448 : 76.644853 ]
[76.645s][info][gc       ] [HMSV All : 87828 83538 1278 0 0 0 0 0 : 7784 0 0 0 : 76.644876 ]
[76.645s][info][gc       ] [HMSP 87896 : 59692 167076 : 76.644876 ]
[76.647s][info][gc       ] [VMAC 65530 170 576 485 1231 : 76.647484 ]
[77.170s][info][gc       ] [GPGC-H  3258.6 15.5 0.3 0.0 : 33.2 : 0.000 0.000 : 0.000 0.000 0.411 2.422 : 0.000 0.000 0.000 0.000 0.949 0.050 : 0.000 : 42.447 : 3592 10 28 0 : 2279 : 5720 5428 : 77.170196 : 9 Next_heuristic_check_may_be_too_late ]
[77.177s][info][safepoint] Application time: 0.5382022 seconds
[77.178s][info][safepoint] Total time for which application threads were stopped: 0.0003786 seconds, Stopping threads took: 0.0000187 seconds
[77.178s][info][gc       ] [SPS 0.000 0.004 0.056 0.009 0.019 0.001 0.001 0.301 0.048 0.379 NewGC_pause1 77.177089 ]
[77.521s][info][safepoint] Application time: 0.3430863 seconds
[77.521s][info][safepoint] Total time for which application threads were stopped: 0.0003966 seconds, Stopping threads took: 0.0001878 seconds
[77.521s][info][gc       ] [SPS 0.000 0.001 0.000 0.009 0.188 0.001 0.001 0.158 0.040 0.397 NewGC_pause2 77.520572 ]
[77.533s][info][safepoint] Application time: 0.0121804 seconds
[77.533s][info][safepoint] Total time for which application threads were stopped: 0.0002573 seconds, Stopping threads took: 0.0000039 seconds
[77.534s][info][gc       ] [SPS 0.000 0.000 0.000 0.098 0.004 0.001 0.000 0.147 0.007 0.257 NewGC_pause3 77.533010 ]
[77.539s][info][safepoint] Application time: 0.0060081 seconds
[77.540s][info][safepoint] Total time for which application threads were stopped: 0.0001725 seconds, Stopping threads took: 0.0000330 seconds
[77.540s][info][gc       ] [SPS 0.000 0.004 0.003 0.009 0.033 0.001 0.000 0.112 0.018 0.172 NewGC_pause4 77.539190 ]
[77.545s][info][gc       ] [GC New Max 89-83 : 6356 4582 1896 6356 - - 556 20 2 2 - : 1566 10 28 292 4142 : 1449 21 2689 2689 0 : 0 1 275 0 409 - 374 : 0.526204 4427.9 0.0 0.373559 1766.8 0.0 : 3 --c 0000 : 23 0 0.000 0.000 0 0.000 0.000 0 0.000 0.000 : 77.170629 77.176710 0.000317 77.520175 0.000249 77.532752 0.000180 77.539018 0.000150 : 77.544188 ]
[77.545s][info][gc       ] [SYSINFO 8134 320 605 5643 1270 0 18 0 0 6427 : - - - - - - - - : 0 7168 : 1.49 0.55 0.19 : 198714 5551492 : 0 0 : 20 0 : 2056 2 0 211 : - 8219385856 79581184 583880704 6664593408 334946304 635289600 : 139632189 160340 35680 0 0 0 : 77.544482 ]
[77.545s][info][gc       ] [HUGEPAGESTAT 0 0 0 - 260 0 0 : 133120 0 0 : 77.544482 ]
[77.545s][info][gc       ] [OBJCREAT 190774839 24635 872448 : 77.544542 ]
[77.545s][info][gc       ] [HMSV All : 90060 85770 1292 0 0 0 0 0 : 7784 0 0 0 : 77.544562 ]
[77.545s][info][gc       ] [HMSP 90128 : 59692 171540 : 77.544562 ]
[77.546s][info][gc       ] [VMAC 65530 170 702 485 1357 : 77.545853 ]
[78.129s][info][gc       ] [GPGC-H  3258.6 15.5 0.3 0.0 : 33.2 : 0.000 0.000 : 0.000 0.000 0.409 2.422 : 0.000 0.000 0.000 0.000 0.949 0.050 : 0.000 : 42.409 : 3592 10 28 0 : 2279 : 5720 5428 : 78.129427 : 9 Next_heuristic_check_may_be_too_late ]
[78.137s][info][safepoint] Application time: 0.5975556 seconds
[78.138s][info][safepoint] Total time for which application threads were stopped: 0.0004840 seconds, Stopping threads took: 0.0000203 seconds
[78.138s][info][gc       ] [SPS 0.000 0.004 0.008 0.012 0.020 0.001 0.000 0.404 0.047 0.484 NewGC_pause1 78.137231 ]
[78.479s][info][safepoint] Application time: 0.3412052 seconds
[78.479s][info][safepoint] Total time for which application threads were stopped: 0.0003251 seconds, Stopping threads took: 0.0000016 seconds
[78.480s][info][gc       ] [SPS 0.000 0.002 0.000 0.046 0.002 0.003 0.001 0.249 0.025 0.325 NewGC_pause2 78.478761 ]
[78.482s][info][safepoint] Application time: 0.0033060 seconds
[78.483s][info][safepoint] Total time for which application threads were stopped: 0.0002591 seconds, Stopping threads took: 0.0000190 seconds
[78.483s][info][gc       ] [SPS 0.000 0.000 0.000 0.008 0.019 0.001 0.000 0.207 0.025 0.259 NewGC_pause3 78.482326 ]
[78.489s][info][safepoint] Application time: 0.0065744 seconds
[78.490s][info][safepoint] Total time for which application threads were stopped: 0.0002084 seconds, Stopping threads took: 0.0000047 seconds
[78.490s][info][gc       ] [SPS 0.000 0.004 0.003 0.009 0.005 0.001 0.000 0.161 0.032 0.209 NewGC_pause4 78.489110 ]
[78.496s][info][gc       ] [GC New Max 90-84 : 6356 4582 1896 6356 - - 556 20 2 2 - : 1566 10 28 292 4252 : 1559 21 2689 2689 0 : 0 1 330 0 409 - 374 : 0.585856 3458.2 0.0 0.365828 1804.1 0.0 : 3 --c 0000 : 23 0 0.000 0.000 0 0.000 0.000 0 0.000 0.000 : 78.130045 78.136746 0.000367 78.478436 0.000238 78.482067 0.000204 78.488901 0.000131 : 78.495872 ]
[78.496s][info][gc       ] [SYSINFO 8135 320 605 5654 1259 0 18 0 0 6427 : - - - - - - - - : 0 7168 : 1.69 0.61 0.21 : 198714 5551492 : 0 0 : 20 0 : 2056 2 0 211 : - 8219385856 79581184 583880704 6664593408 334946304 635289600 : 139632189 162230 35860 0 0 0 : 78.496253 ]
[78.496s][info][gc       ] [HUGEPAGESTAT 0 0 0 - 260 0 0 : 133120 0 0 : 78.496253 ]
[78.496s][info][gc       ] [OBJCREAT 193453954 24635 872448 : 78.496354 ]
[78.496s][info][gc       ] [HMSV All : 91350 87060 1313 0 0 0 0 0 : 7784 0 0 0 : 78.496373 ]
[78.496s][info][gc       ] [HMSP 91418 : 59692 174120 : 78.496373 ]
[78.498s][info][gc       ] [VMAC 65530 170 696 485 1351 : 78.497691 ]
[79.122s][info][gc       ] [GPGC-H  3225.2 14.1 0.3 0.0 : 30.3 : 0.000 0.000 : 0.000 0.000 0.407 2.422 : 0.000 0.000 0.000 0.000 0.949 0.050 : 0.000 : 42.238 : 3592 10 28 0 : 2279 : 5720 5428 : 79.121858 : 9 Next_heuristic_check_may_be_too_late ]
[79.131s][info][safepoint] Application time: 0.6410210 seconds
[79.131s][info][safepoint] Total time for which application threads were stopped: 0.0005071 seconds, Stopping threads took: 0.0000253 seconds
[79.132s][info][gc       ] [SPS 0.000 0.004 0.003 0.009 0.025 0.001 0.000 0.428 0.044 0.507 NewGC_pause1 79.130638 ]
[79.458s][info][safepoint] Application time: 0.3268280 seconds
[79.458s][info][safepoint] Total time for which application threads were stopped: 0.0002146 seconds, Stopping threads took: 0.0000217 seconds
[79.459s][info][gc       ] [SPS 0.000 0.001 0.000 0.009 0.022 0.001 0.000 0.128 0.055 0.215 NewGC_pause2 79.457681 ]
[79.461s][info][safepoint] Application time: 0.0028616 seconds
[79.461s][info][safepoint] Total time for which application threads were stopped: 0.0002534 seconds, Stopping threads took: 0.0000292 seconds
[79.461s][info][gc       ] [SPS 0.000 0.001 0.000 0.008 0.029 0.001 0.000 0.184 0.031 0.254 NewGC_pause3 79.460796 ]
[79.468s][info][safepoint] Application time: 0.0065828 seconds
[79.468s][info][safepoint] Total time for which application threads were stopped: 0.0001748 seconds, Stopping threads took: 0.0000040 seconds
[79.468s][info][gc       ] [SPS 0.000 0.003 0.003 0.008 0.004 0.001 0.000 0.131 0.031 0.175 NewGC_pause4 79.467554 ]
[79.473s][info][gc       ] [GC New Max 91-85 : 6356 4400 1714 6356 - - 556 20 2 2 - : 1384 10 28 292 4070 : 1377 20 2689 2689 0 : 0 1 239 0 373 - 319 : 0.626738 3232.6 0.0 0.349860 1366.3 0.0 : 3 --c 0000 : 23 0 0.000 0.000 0 0.000 0.000 0 0.000 0.000 : 79.122610 79.130131 0.000412 79.457466 0.000081 79.460543 0.000178 79.467379 0.000099 : 79.472470 ]
[79.473s][info][gc       ] [SYSINFO 8135 320 605 5666 1246 0 18 0 0 6427 : - - - - - - - - : 0 7168 : 1.69 0.61 0.21 : 198714 5551492 : 0 0 : 20 0 : 2056 2 0 211 : - 8219385856 79581184 583880704 6664593408 334946304 635289600 : 139632189 164050 36060 0 0 0 : 79.472881 ]
[79.473s][info][gc       ] [HUGEPAGESTAT 0 0 0 - 260 0 0 : 133120 0 0 : 79.472881 ]
[79.473s][info][gc       ] [OBJCREAT 195950028 24635 872448 : 79.472965 ]
[79.473s][info][gc       ] [HMSV All : 93252 88962 1325 0 0 0 0 0 : 7784 0 0 0 : 79.472999 ]
[79.473s][info][gc       ] [HMSP 93320 : 59692 177924 : 79.472999 ]
[79.475s][info][gc       ] [VMAC 65530 170 666 485 1321 : 79.474727 ]
[79.977s][info][gc       ] [GPGC-H  3225.2 14.1 0.3 0.0 : 30.3 : 0.000 0.000 : 0.000 0.000 0.405 2.422 : 0.000 0.000 0.000 0.000 0.949 0.050 : 0.000 : 41.955 : 3592 10 28 0 : 2279 : 5720 5428 : 79.977417 : 9 Next_heuristic_check_may_be_too_late ]
[79.985s][info][safepoint] Application time: 0.5172298 seconds
[79.986s][info][safepoint] Total time for which application threads were stopped: 0.0003502 seconds, Stopping threads took: 0.0000295 seconds
[79.986s][info][gc       ] [SPS 0.000 0.005 0.005 0.013 0.029 0.002 0.001 0.265 0.041 0.350 NewGC_pause1 79.985135 ]
[80.322s][info][safepoint] Application time: 0.3366831 seconds
[80.322s][info][safepoint] Total time for which application threads were stopped: 0.0001775 seconds, Stopping threads took: 0.0000008 seconds
[80.323s][info][gc       ] [SPS 0.000 0.002 0.000 0.058 0.001 0.001 0.001 0.108 0.009 0.178 NewGC_pause2 80.321995 ]
[80.325s][info][safepoint] Application time: 0.0028342 seconds
[80.325s][info][safepoint] Total time for which application threads were stopped: 0.0002017 seconds, Stopping threads took: 0.0000249 seconds
[80.326s][info][gc       ] [SPS 0.000 0.000 0.000 0.012 0.025 0.001 0.001 0.145 0.018 0.202 NewGC_pause3 80.325031 ]
[80.332s][info][safepoint] Application time: 0.0070004 seconds
[80.333s][info][safepoint] Total time for which application threads were stopped: 0.0002750 seconds, Stopping threads took: 0.0000327 seconds
[80.333s][info][gc       ] [SPS 0.000 0.004 0.004 0.010 0.033 0.001 0.001 0.175 0.055 0.275 NewGC_pause4 80.332307 ]
[80.338s][info][gc       ] [GC New Max 92-86 : 6356 4582 1896 6356 - - 556 20 2 2 - : 1566 10 28 292 4252 : 1559 21 2689 2689 0 : 0 1 330 0 409 - 374 : 0.505518 4367.8 0.0 0.359285 1837.0 0.0 : 3 --c 0000 : 23 0 0.000 0.000 0 0.000 0.000 0 0.000 0.000 : 79.977988 79.984784 0.000284 80.321818 0.000151 80.324830 0.000177 80.332032 0.000127 : 80.337273 ]
[80.338s][info][gc       ] [SYSINFO 8135 320 605 5695 1218 0 18 0 0 6427 : - - - - - - - - : 0 7168 : 1.69 0.61 0.21 : 198714 5551492 : 0 0 : 20 0 : 2056 2 0 211 : - 8219385856 79581184 583880704 6664593408 334946304 635289600 : 139632189 165770 36230 0 0 0 : 80.337788 ]
[80.338s][info][gc       ] [HUGEPAGESTAT 0 0 0 - 260 0 0 : 133120 0 0 : 80.337788 ]
[80.338s][info][gc       ] [OBJCREAT 198812185 24635 872448 : 80.337846 ]
[80.338s][info][gc       ] [HMSV All : 94908 90618 1343 0 0 0 0 0 : 7784 0 0 0 : 80.337865 ]
[80.338s][info][gc       ] [HMSP 94976 : 59692 181236 : 80.337865 ]
[80.340s][info][gc       ] [VMAC 65530 170 684 485 1339 : 80.339940 ]
[80.984s][info][gc       ] [GPGC-H  3210.7 12.9 0.3 0.0 : 27.6 : 0.000 0.000 : 0.000 0.000 0.403 2.422 : 0.000 0.000 0.000 0.000 0.949 0.050 : 0.000 : 41.939 : 3592 10 28 0 : 2280 : 5720 5428 : 80.983599 : 9 Next_heuristic_check_may_be_too_late ]
[80.991s][info][safepoint] Application time: 0.6586132 seconds
[80.992s][info][safepoint] Total time for which application threads were stopped: 0.0005484 seconds, Stopping threads took: 0.0000293 seconds
[80.992s][info][gc       ] [SPS 0.000 0.005 0.003 0.009 0.029 0.001 0.001 0.478 0.030 0.549 NewGC_pause1 80.991469 ]
[81.319s][info][safepoint] Application time: 0.3271126 seconds
[81.320s][info][safepoint] Total time for which application threads were stopped: 0.0003464 seconds, Stopping threads took: 0.0000011 seconds
[81.320s][info][gc       ] [SPS 0.000 0.005 0.000 0.056 0.001 0.002 0.001 0.266 0.023 0.349 NewGC_pause2 81.318931 ]
[81.323s][info][safepoint] Application time: 0.0037449 seconds
[81.323s][info][safepoint] Total time for which application threads were stopped: 0.0001767 seconds, Stopping threads took: 0.0000006 seconds
[81.324s][info][gc       ] [SPS 0.000 0.001 0.000 0.009 0.001 0.001 0.000 0.141 0.026 0.177 NewGC_pause3 81.322850 ]
[81.331s][info][safepoint] Application time: 0.0080949 seconds
[81.332s][info][safepoint] Total time for which application threads were stopped: 0.0002969 seconds, Stopping threads took: 0.0000367 seconds
[81.332s][info][gc       ] [SPS 0.000 0.004 0.004 0.013 0.037 0.001 0.000 0.199 0.048 0.297 NewGC_pause4 81.331242 ]
[81.336s][info][gc       ] [GC New Max 93-87 : 6356 4400 1714 6356 - - 556 20 2 2 - : 1384 10 28 292 4070 : 1377 20 2689 2689 0 : 0 1 239 0 373 - 319 : 0.647083 3131.0 0.0 0.351627 1359.4 0.0 : 3 --c 0000 : 23 0 0.000 0.000 0 0.000 0.000 0 0.000 0.000 : 80.984357 80.990920 0.000477 81.318582 0.000228 81.322673 0.000080 81.330945 0.000189 : 81.335984 ]
[81.336s][info][gc       ] [SYSINFO 8135 320 605 5717 1196 0 18 0 0 6427 : - - - - - - - - : 0 7168 : 1.69 0.61 0.21 : 198714 5551492 : 0 0 : 20 0 : 2056 2 0 211 : - 8219385856 79581184 583880704 6664593408 334946304 635289600 : 139632189 167610 36420 0 0 0 : 81.336288 ]
[81.336s][info][gc       ] [HUGEPAGESTAT 0 0 0 - 260 0 0 : 133120 0 0 : 81.336288 ]
[81.336s][info][gc       ] [OBJCREAT 201308270 24635 872448 : 81.336354 ]
[81.336s][info][gc       ] [HMSV All : 96810 92520 1355 0 0 0 0 0 : 7784 0 0 0 : 81.336374 ]
[81.336s][info][gc       ] [HMSP 96878 : 59692 185040 : 81.336374 ]
[81.338s][info][gc       ] [VMAC 65530 170 744 485 1399 : 81.337639 ]
[81.902s][info][gc       ] [GPGC-H  3210.7 12.9 0.3 0.0 : 27.6 : 0.000 0.000 : 0.000 0.000 0.401 2.422 : 0.000 0.000 0.000 0.000 0.949 0.050 : 0.000 : 41.636 : 3592 10 28 0 : 2280 : 5720 5428 : 81.901856 : 9 Next_heuristic_check_may_be_too_late ]
[81.908s][info][safepoint] Application time: 0.5766135 seconds
[81.909s][info][safepoint] Total time for which application threads were stopped: 0.0001834 seconds, Stopping threads took: 0.0000083 seconds
[81.909s][info][gc       ] [SPS 0.000 0.003 0.007 0.010 0.008 0.001 0.000 0.142 0.022 0.183 NewGC_pause1 81.908039 ]
[82.219s][info][safepoint] Application time: 0.3103783 seconds
[82.219s][info][safepoint] Total time for which application threads were stopped: 0.0004021 seconds, Stopping threads took: 0.0002516 seconds
[82.220s][info][gc       ] [SPS 0.000 0.002 0.000 0.011 0.252 0.001 0.001 0.113 0.023 0.402 NewGC_pause2 82.218820 ]
[82.228s][info][safepoint] Application time: 0.0086411 seconds
[82.228s][info][safepoint] Total time for which application threads were stopped: 0.0001278 seconds, Stopping threads took: 0.0000007 seconds
[82.228s][info][gc       ] [SPS 0.000 0.001 0.000 0.065 0.001 0.001 0.000 0.055 0.006 0.128 NewGC_pause3 82.227589 ]
[82.233s][info][safepoint] Application time: 0.0055555 seconds
[82.234s][info][safepoint] Total time for which application threads were stopped: 0.0001242 seconds, Stopping threads took: 0.0000006 seconds
[82.234s][info][gc       ] [SPS 0.000 0.004 0.003 0.008 0.001 0.001 0.000 0.093 0.021 0.124 NewGC_pause4 82.233269 ]
[82.241s][info][gc       ] [GC New Max 94-88 : 6356 4400 1716 6356 - - 556 20 2 2 - : 1386 10 28 292 3996 : 1377 22 2689 2689 0 : 0 2 239 0 374 - 319 : 0.566463 3897.9 0.0 0.337622 1415.8 0.0 : 3 --c 0000 : 23 0 0.000 0.000 0 0.000 0.000 0 0.000 0.000 : 81.902447 81.907856 0.000154 82.218418 0.000365 82.227461 0.000112 82.233144 0.000095 : 82.240069 ]
[82.241s][info][gc       ] [SYSINFO 8134 320 605 5729 1183 0 18 0 0 6427 : - - - - - - - - : 0 7168 : 1.69 0.61 0.21 : 198714 5551492 : 0 0 : 20 0 : 2056 3 0 211 : - 8219385856 79581184 583880704 6664593408 334946304 635289600 : 139632189 169230 36700 0 0 0 : 82.240893 ]
[82.241s][info][gc       ] [HUGEPAGESTAT 0 0 0 - 260 0 0 : 133120 0 0 : 82.240893 ]
[82.241s][info][gc       ] [OBJCREAT 203987385 24635 872448 : 82.240992 ]
[82.241s][info][gc       ] [HMSV All : 98712 94422 1368 0 0 0 0 0 : 7784 0 0 0 : 82.241016 ]
[82.241s][info][gc       ] [HMSP 98780 : 59692 188844 : 82.241016 ]
[82.243s][info][gc       ] [VMAC 65530 170 744 485 1399 : 82.242958 ]
[82.866s][info][gc       ] [GPGC-H  3193.6 11.7 0.2 0.0 : 25.2 : 0.000 0.000 : 0.000 0.000 0.398 2.422 : 0.000 0.000 0.000 0.000 0.949 0.050 : 0.000 : 41.460 : 3732 10 28 0 : 2280 : 5720 5428 : 82.866468 : 9 Next_heuristic_check_may_be_too_late ]
[82.874s][info][safepoint] Application time: 0.6405278 seconds
[82.875s][info][safepoint] Total time for which application threads were stopped: 0.0004331 seconds, Stopping threads took: 0.0000035 seconds
[82.875s][info][gc       ] [SPS 0.000 0.005 0.009 0.011 0.003 0.001 0.000 0.383 0.034 0.433 NewGC_pause1 82.874230 ]
[82.897s][info][safepoint] Application time: 0.0222921 seconds
[82.898s][info][safepoint] Total time for which application threads were stopped: 0.0004670 seconds, Stopping threads took: 0.0000102 seconds
[82.898s][info][gc       ] [SPS 0.000 0.001 0.000 0.008 0.010 0.001 0.000 0.386 0.062 0.467 NewGC_pause2 82.896989 ]
[82.899s][info][safepoint] Application time: 0.0017061 seconds
[82.899s][info][safepoint] Total time for which application threads were stopped: 0.0001556 seconds, Stopping threads took: 0.0000051 seconds
[82.900s][info][gc       ] [SPS 0.000 0.001 0.000 0.008 0.005 0.001 0.000 0.111 0.031 0.156 NewGC_pause3 82.898851 ]
[82.902s][info][safepoint] Application time: 0.0030127 seconds
[82.903s][info][safepoint] Total time for which application threads were stopped: 0.0001379 seconds, Stopping threads took: 0.0000285 seconds
[82.903s][info][gc       ] [SPS 0.000 0.004 0.002 0.010 0.029 0.001 0.000 0.078 0.020 0.138 NewGC_pause4 82.902002 ]
[82.903s][info][gc       ] [GC New Max 95-89 : 6356 4140 434 6356 - - 556 20 2 2 - : 102 12 28 292 3810 : 97 7 3707 3707 0 : 1 0 31 0 23 - 28 : 0.627064 3741.2 0.0 0.035340 2207.1 0.0 : 3 --c 0000 : 23 0 0.000 0.000 0 0.000 0.000 0 0.000 0.000 : 82.867133 82.873797 0.000346 82.896522 0.000322 82.898695 0.000057 82.901864 0.000110 : 82.902473 ]
[82.903s][info][gc       ] [SYSINFO 8135 320 605 5729 1183 0 18 0 0 6427 : - - - - - - - - : 0 7168 : 1.69 0.61 0.21 : 198714 5551492 : 0 0 : 20 0 : 2056 3 0 211 : - 8219385856 79581184 583880704 6664593408 334946304 635289600 : 139632189 169820 36850 0 0 0 : 82.902903 ]
[82.903s][info][gc       ] [HUGEPAGESTAT 0 0 0 - 260 0 0 : 133120 0 0 : 82.902903 ]
[82.903s][info][gc       ] [OBJCREAT 206408015 24635 874496 : 82.902969 ]
[82.903s][info][gc       ] [HMSV All : 99648 95358 1382 0 0 0 0 0 : 7784 0 0 0 : 82.902987 ]
[82.903s][info][gc       ] [HMSP 99716 : 59692 190716 : 82.902987 ]
[82.904s][info][gc       ] [VMAC 65530 170 798 485 1453 : 82.904174 ]
[83.730s][info][gc       ] [GPGC-H  3193.6 11.7 0.2 0.0 : 25.2 : 0.000 0.000 : 0.000 0.000 0.387 2.422 : 0.000 0.000 0.000 0.000 0.943 0.050 : 0.000 : 40.371 : 3912 12 28 0 : 2280 : 5720 5428 : 83.729599 : 9 Next_heuristic_check_may_be_too_late ]
[83.737s][info][safepoint] Application time: 0.8351806 seconds
[83.738s][info][safepoint] Total time for which application threads were stopped: 0.0002508 seconds, Stopping threads took: 0.0000292 seconds
[83.739s][info][gc       ] [SPS 0.000 0.003 0.006 0.010 0.029 0.001 0.000 0.182 0.029 0.251 NewGC_pause1 83.737434 ]
[84.035s][info][safepoint] Application time: 0.2970276 seconds
[84.035s][info][safepoint] Total time for which application threads were stopped: 0.0002390 seconds, Stopping threads took: 0.0000007 seconds
[84.036s][info][gc       ] [SPS 0.000 0.001 0.000 0.049 0.001 0.001 0.001 0.176 0.012 0.239 NewGC_pause2 84.034701 ]
[84.038s][info][safepoint] Application time: 0.0033730 seconds
[84.039s][info][safepoint] Total time for which application threads were stopped: 0.0002420 seconds, Stopping threads took: 0.0000053 seconds
[84.039s][info][gc       ] [SPS 0.000 0.001 0.000 0.008 0.005 0.001 0.000 0.212 0.015 0.242 NewGC_pause3 84.038315 ]
[84.042s][info][safepoint] Application time: 0.0032365 seconds
[84.042s][info][safepoint] Total time for which application threads were stopped: 0.0001863 seconds, Stopping threads took: 0.0000086 seconds
[84.042s][info][gc       ] [SPS 0.000 0.005 0.004 0.015 0.009 0.002 0.001 0.140 0.021 0.186 NewGC_pause4 84.041739 ]
[84.043s][info][gc       ] [GC New Max 96-90 : 6356 4722 1714 6356 - - 556 20 2 2 - : 1382 12 28 292 4390 : 1377 18 3010 3010 0 : 0 0 239 0 372 - 319 : 0.827750 4602.8 0.0 0.312010 1532.0 0.0 : 3 --c 0000 : 23 0 0.000 0.000 0 0.000 0.000 0 0.000 0.000 : 83.730224 83.737183 0.000215 84.034462 0.000213 84.038074 0.000227 84.041552 0.000162 : 84.042233 ]
[84.043s][info][gc       ] [SYSINFO 8134 320 605 5742 1170 0 18 0 0 6427 : - - - - - - - - : 0 7168 : 1.63 0.61 0.22 : 198714 5551492 : 0 0 : 20 0 : 2056 2 0 211 : - 8219385856 79581184 583880704 6664593408 334946304 635289600 : 139632189 171530 37330 0 0 0 : 84.042696 ]
[84.043s][info][gc       ] [HUGEPAGESTAT 0 0 0 - 260 0 0 : 149504 0 0 : 84.042696 ]
[84.043s][info][gc       ] [OBJCREAT 210685206 24635 874496 : 84.042755 ]
[84.043s][info][gc       ] [HMSV All : 103260 98970 1401 0 0 0 0 0 : 7784 0 0 0 : 84.042772 ]
[84.043s][info][gc       ] [HMSP 103328 : 59692 197940 : 84.042772 ]
[84.045s][info][gc       ] [VMAC 65530 170 804 485 1459 : 84.044761 ]
[84.629s][info][gc       ] [GPGC-H  3193.6 11.7 0.2 0.0 : 25.2 : 0.000 0.000 : 0.000 0.000 0.383 2.422 : 0.000 0.000 0.000 0.000 0.933 0.050 : 0.000 : 39.704 : 3770 12 28 0 : 2280 : 5720 5428 : 84.628939 : 9 Next_heuristic_check_may_be_too_late ]
[84.639s][info][safepoint] Application time: 0.5961514 seconds
[84.639s][info][safepoint] Total time for which application threads were stopped: 0.0007384 seconds, Stopping threads took: 0.0000873 seconds
[84.639s][info][gc       ] [SPS 0.000 0.004 0.005 0.009 0.087 0.001 0.000 0.600 0.041 0.739 NewGC_pause1 84.638629 ]
[84.689s][info][safepoint] Application time: 0.0504303 seconds
[84.690s][info][safepoint] Total time for which application threads were stopped: 0.0001606 seconds, Stopping threads took: 0.0000046 seconds
[84.690s][info][gc       ] [SPS 0.000 0.001 0.000 0.009 0.005 0.001 0.000 0.121 0.025 0.161 NewGC_pause2 84.689220 ]
[84.693s][info][safepoint] Application time: 0.0033092 seconds
[84.693s][info][safepoint] Total time for which application threads were stopped: 0.0001852 seconds, Stopping threads took: 0.0000031 seconds
[84.693s][info][gc       ] [SPS 0.000 0.001 0.000 0.009 0.003 0.001 0.000 0.132 0.040 0.185 NewGC_pause3 84.692715 ]
[84.696s][info][safepoint] Application time: 0.0030462 seconds
[84.696s][info][safepoint] Total time for which application threads were stopped: 0.0001757 seconds, Stopping threads took: 0.0000008 seconds
[84.697s][info][gc       ] [SPS 0.000 0.004 0.004 0.013 0.001 0.001 0.001 0.104 0.053 0.172 NewGC_pause4 84.695937 ]
[84.697s][info][gc       ] [GC New Max 97-91 : 6356 4276 538 6356 - - 556 20 2 2 - : 206 12 28 292 3944 : 204 5 3739 3739 0 : 0 0 63 0 50 - 53 : 0.587479 4071.6 0.0 0.066841 2543.3 0.0 : 3 --c 0000 : 23 0 0.000 0.000 0 0.000 0.000 0 0.000 0.000 : 84.629712 84.637891 0.000634 84.689059 0.000079 84.692529 0.000082 84.695765 0.000097 : 84.696553 ]
[84.697s][info][gc       ] [SYSINFO 8134 320 605 5743 1170 0 18 0 0 6427 : - - - - - - - - : 0 7168 : 1.63 0.61 0.22 : 198714 5551492 : 0 0 : 20 0 : 2056 3 0 211 : - 8219385856 79581184 583880704 6664593408 334946304 635289600 : 139632189 172310 37430 0 0 0 : 84.697145 ]
[84.697s][info][gc       ] [HUGEPAGESTAT 0 0 0 - 260 0 0 : 149504 0 0 : 84.697145 ]
[84.697s][info][gc       ] [OBJCREAT 213243422 24635 874496 : 84.697213 ]
[84.697s][info][gc       ] [HMSV All : 103410 99120 1423 0 0 0 0 0 : 7784 0 0 0 : 84.697229 ]
[84.697s][info][gc       ] [HMSP 103478 : 59692 198240 : 84.697229 ]
[84.699s][info][gc       ] [VMAC 65530 170 816 485 1471 : 84.698921 ]
[85.545s][info][gc       ] [GPGC-H  3416.3 10.8 0.2 0.0 : 23.0 : 0.000 0.000 : 0.000 0.000 0.374 2.422 : 0.000 0.000 0.000 0.000 0.923 0.050 : 0.000 : 38.826 : 3878 12 28 0 : 2280 : 5720 5428 : 85.545441 : 9 Next_heuristic_check_may_be_too_late ]
[85.553s][info][safepoint] Application time: 0.8568153 seconds
[85.554s][info][safepoint] Total time for which application threads were stopped: 0.0002678 seconds, Stopping threads took: 0.0000221 seconds
[85.555s][info][gc       ] [SPS 0.000 0.003 0.003 0.009 0.022 0.001 0.000 0.200 0.043 0.277 NewGC_pause1 85.553029 ]
[85.849s][info][safepoint] Application time: 0.2961922 seconds
[85.850s][info][safepoint] Total time for which application threads were stopped: 0.0001368 seconds, Stopping threads took: 0.0000006 seconds
[85.850s][info][gc       ] [SPS 0.000 0.001 0.000 0.011 0.001 0.001 0.001 0.089 0.035 0.137 NewGC_pause2 85.849358 ]
[85.852s][info][safepoint] Application time: 0.0023736 seconds
[85.852s][info][safepoint] Total time for which application threads were stopped: 0.0003006 seconds, Stopping threads took: 0.0000010 seconds
[85.853s][info][gc       ] [SPS 0.000 0.001 0.000 0.013 0.001 0.001 0.001 0.236 0.049 0.301 NewGC_pause3 85.852033 ]
[85.857s][info][safepoint] Application time: 0.0038353 seconds
[85.857s][info][safepoint] Total time for which application threads were stopped: 0.0009519 seconds, Stopping threads took: 0.0006577 seconds
[85.857s][info][gc       ] [SPS 0.000 0.003 0.003 0.009 0.658 0.001 0.000 0.244 0.040 0.952 NewGC_pause4 85.856820 ]
[85.859s][info][gc       ] [GC New Max 98-92 : 6356 4568 1602 6356 - - 557 20 2 2 - : 1270 12 28 292 4236 : 1257 18 2975 2975 0 : 0 1 179 0 353 - 282 : 0.849481 4322.6 0.0 0.312111 1166.3 0.0 : 3 --c 0000 : 23 0 0.000 0.000 0 0.000 0.000 0 0.000 0.000 : 85.546034 85.552752 0.000220 85.849222 0.000092 85.851732 0.000156 85.855868 0.000867 : 85.858145 ]
[85.859s][info][gc       ] [SYSINFO 8134 320 605 5760 1153 0 18 0 0 6427 : - - - - - - - - : 0 7168 : 1.63 0.61 0.22 : 198714 5551492 : 0 0 : 20 0 : 2056 2 0 211 : - 8219656192 79581184 584151040 6664593408 334946304 635289600 : 139632189 174010 37770 0 0 0 : 85.858840 ]
[85.859s][info][gc       ] [HUGEPAGESTAT 0 0 0 - 260 0 0 : 149504 0 0 : 85.858840 ]
[85.859s][info][gc       ] [OBJCREAT 217272896 24635 874496 : 85.858894 ]
[85.859s][info][gc       ] [HMSV All : 106830 102540 1438 0 0 0 0 0 : 7784 0 0 0 : 85.858912 ]
[85.859s][info][gc       ] [HMSP 106898 : 59692 205080 : 85.858912 ]
[85.861s][info][gc       ] [VMAC 65530 170 804 485 1459 : 85.861219 ]
[86.364s][info][gc       ] [GPGC-H  3416.3 10.8 0.2 0.0 : 23.0 : 0.000 0.000 : 0.000 0.000 0.371 2.422 : 0.000 0.000 0.000 0.000 0.904 0.050 : 0.000 : 38.201 : 3700 12 28 0 : 2280 : 5720 5428 : 86.364116 : 9 Next_heuristic_check_may_be_too_late ]
[86.373s][info][safepoint] Application time: 0.5153269 seconds
[86.373s][info][safepoint] Total time for which application threads were stopped: 0.0005296 seconds, Stopping threads took: 0.0000011 seconds
[86.374s][info][gc       ] [SPS 0.000 0.007 0.013 0.018 0.001 0.002 0.001 0.477 0.031 0.530 NewGC_pause1 86.372677 ]
[86.399s][info][safepoint] Application time: 0.0256120 seconds
[86.399s][info][safepoint] Total time for which application threads were stopped: 0.0003360 seconds, Stopping threads took: 0.0000155 seconds
[86.400s][info][gc       ] [SPS 0.000 0.002 0.000 0.014 0.015 0.007 0.002 0.251 0.046 0.336 NewGC_pause2 86.398626 ]
[86.403s][info][safepoint] Application time: 0.0041064 seconds
[86.403s][info][safepoint] Total time for which application threads were stopped: 0.0001699 seconds, Stopping threads took: 0.0000034 seconds
[86.404s][info][gc       ] [SPS 0.000 0.001 0.000 0.013 0.003 0.001 0.001 0.114 0.038 0.170 NewGC_pause3 86.402902 ]
[86.407s][info][safepoint] Application time: 0.0037526 seconds
[86.408s][info][safepoint] Total time for which application threads were stopped: 0.0004213 seconds, Stopping threads took: 0.0000394 seconds
[86.408s][info][gc       ] [GC New Max 99-93 : 6356 4196 482 6356 - - 557 20 2 2 - : 150 12 28 292 3864 : 148 6 3715 3715 0 : 0 0 56 0 34 - 41 : 0.506774 4810.8 0.0 0.042450 3674.9 0.0 : 3 --c 0000 : 23 0 0.000 0.000 0 0.000 0.000 0 0.000 0.000 : 86.364920 86.372148 0.000443 86.398289 0.000166 86.402732 0.000112 86.406655 0.000275 : 86.407369 ]
[86.408s][info][gc       ] [SYSINFO 8134 320 605 5760 1153 0 18 0 0 6427 : - - - - - - - - : 0 7168 : 1.63 0.61 0.22 : 198714 5551492 : 0 0 : 20 0 : 2056 3 0 211 : - 8219656192 79581184 584151040 6664593408 334946304 635289600 : 139632189 174600 37820 0 0 0 : 86.407897 ]
[86.408s][info][gc       ] [HUGEPAGESTAT 0 0 0 - 260 0 0 : 149504 0 0 : 86.407897 ]
[86.408s][info][gc       ] [OBJCREAT 219859891 24635 874496 : 86.407999 ]
[86.408s][info][gc       ] [HMSV All : 106932 102642 1460 0 0 0 0 0 : 7784 0 0 0 : 86.408038 ]
[86.408s][info][gc       ] [HMSP 107000 : 59692 205284 : 86.408038 ]
[86.408s][info][gc       ] [SPS 0.000 0.004 0.004 0.033 0.039 0.002 0.001 0.277 0.070 0.422 NewGC_pause4 86.407076 ]
[86.410s][info][gc       ] [VMAC 65530 170 816 485 1471 : 86.410145 ]
[87.054s][info][gc       ] [GPGC-H  4381.3 9.8 0.2 0.0 : 20.9 : 0.000 0.000 : 0.000 0.000 0.362 2.422 : 0.000 0.000 0.000 0.000 0.891 0.050 : 0.000 : 37.437 : 3220 12 28 0 : 2280 : 5720 5428 : 87.053799 : 9 Next_heuristic_check_may_be_too_late ]
[87.061s][info][safepoint] Application time: 0.6532161 seconds
[87.062s][info][safepoint] Total time for which application threads were stopped: 0.0003842 seconds, Stopping threads took: 0.0000036 seconds
[87.063s][info][gc       ] [SPS 0.000 0.004 0.003 0.012 0.004 0.001 0.001 0.321 0.046 0.384 NewGC_pause1 87.060677 ]
[87.210s][info][safepoint] Application time: 0.1492876 seconds
[87.211s][info][safepoint] Total time for which application threads were stopped: 0.0002752 seconds, Stopping threads took: 0.0000269 seconds
[87.211s][info][gc       ] [SPS 0.000 0.002 0.000 0.020 0.027 0.002 0.001 0.182 0.043 0.275 NewGC_pause2 87.210240 ]
[87.214s][info][safepoint] Application time: 0.0030452 seconds
[87.214s][info][safepoint] Total time for which application threads were stopped: 0.0002685 seconds, Stopping threads took: 0.0000149 seconds
[87.214s][info][gc       ] [SPS 0.000 0.001 0.000 0.023 0.015 0.003 0.001 0.155 0.073 0.269 NewGC_pause3 87.213555 ]
[87.217s][info][safepoint] Application time: 0.0029228 seconds
[87.217s][info][safepoint] Total time for which application threads were stopped: 0.0001645 seconds, Stopping threads took: 0.0000306 seconds
[87.217s][info][gc       ] [SPS 0.000 0.004 0.003 0.024 0.031 0.001 0.000 0.091 0.017 0.165 NewGC_pause4 87.216642 ]
[87.219s][info][gc       ] [GC New Max 100-94 : 6356 3826 1012 6356 - - 557 20 2 2 - : 680 12 28 292 3494 : 673 6 2817 2817 0 : 0 1 137 0 166 - 174 : 0.647040 4744.7 0.0 0.163898 1671.8 0.0 : 3 --c 0000 : 23 0 0.000 0.000 0 0.000 0.000 0 0.000 0.000 : 87.054409 87.060293 0.000241 87.209965 0.000206 87.213286 0.000126 87.216477 0.000134 : 87.218307 ]
[87.219s][info][gc       ] [SYSINFO 8134 320 605 5760 1153 0 18 0 0 6427 : - - - - - - - - : 0 7168 : 1.63 0.61 0.22 : 198714 5551492 : 0 0 : 20 0 : 2056 2 0 211 : - 8219656192 79581184 584151040 6664593408 334946304 635289600 : 139632189 175670 38000 0 0 0 : 87.218970 ]
[87.219s][info][gc       ] [HUGEPAGESTAT 0 0 0 - 260 0 0 : 149504 0 0 : 87.218970 ]
[87.219s][info][gc       ] [OBJCREAT 223201660 24635 874496 : 87.219065 ]
[87.219s][info][gc       ] [HMSV All : 109164 104874 1476 0 0 0 0 0 : 7784 0 0 0 : 87.219082 ]
[87.219s][info][gc       ] [HMSP 109232 : 59692 209748 : 87.219082 ]
[87.220s][info][gc       ] [VMAC 65530 170 852 485 1507 : 87.220432 ]
[88.106s][info][gc       ] [GPGC-H  4381.3 9.8 0.2 0.0 : 20.9 : 0.000 0.000 : 0.000 0.000 0.355 2.422 : 0.000 0.000 0.000 0.000 0.875 0.050 : 0.000 : 36.804 : 3364 12 28 0 : 2280 : 5720 5428 : 88.105827 : 9 Next_heuristic_check_may_be_too_late ]
[88.113s][info][safepoint] Application time: 0.8954831 seconds
[88.113s][info][safepoint] Total time for which application threads were stopped: 0.0004184 seconds, Stopping threads took: 0.0000082 seconds
[88.114s][info][gc       ] [SPS 0.000 0.004 0.003 0.009 0.008 0.001 0.000 0.353 0.047 0.419 NewGC_pause1 88.112544 ]
[88.336s][info][safepoint] Application time: 0.2231285 seconds
[88.336s][info][safepoint] Total time for which application threads were stopped: 0.0002005 seconds, Stopping threads took: 0.0000170 seconds
[88.337s][info][gc       ] [SPS 0.000 0.002 0.000 0.010 0.017 0.001 0.000 0.143 0.029 0.201 NewGC_pause2 88.335873 ]
[88.339s][info][safepoint] Application time: 0.0031604 seconds
[88.340s][info][safepoint] Total time for which application threads were stopped: 0.0001695 seconds, Stopping threads took: 0.0000072 seconds
[88.340s][info][gc       ] [SPS 0.000 0.000 0.000 0.008 0.007 0.001 0.000 0.123 0.030 0.170 NewGC_pause3 88.339203 ]
[88.342s][info][safepoint] Application time: 0.0028153 seconds
[88.343s][info][safepoint] Total time for which application threads were stopped: 0.0002549 seconds, Stopping threads took: 0.0000183 seconds
[88.343s][info][gc       ] [SPS 0.000 0.005 0.005 0.017 0.018 0.002 0.001 0.152 0.065 0.256 NewGC_pause4 88.342275 ]
[88.343s][info][gc       ] [GC New Max 101-95 : 6356 4106 1346 6356 - - 557 20 2 2 - : 1014 12 28 292 3774 : 1009 5 2761 2761 0 : 0 0 205 0 247 - 260 : 0.888181 3021.9 0.0 0.236041 1737.0 0.0 : 3 --c 0000 : 23 0 0.000 0.000 0 0.000 0.000 0 0.000 0.000 : 88.106488 88.112125 0.000313 88.335673 0.000096 88.339034 0.000087 88.342019 0.000148 : 88.342528 ]
[88.343s][info][gc       ] [SYSINFO 8134 320 605 5760 1153 0 18 0 0 6427 : - - - - - - - - : 0 7168 : 1.63 0.61 0.22 : 198714 5551492 : 0 0 : 20 0 : 2056 2 0 211 : - 8219656192 79581184 584151040 6664593408 334946304 635289600 : 139632189 177280 38280 0 0 0 : 88.342899 ]
[88.343s][info][gc       ] [HUGEPAGESTAT 0 0 0 - 260 0 0 : 149504 0 0 : 88.342899 ]
[88.343s][info][gc       ] [OBJCREAT 226293703 24635 874496 : 88.342970 ]
[88.343s][info][gc       ] [HMSV All : 110394 106104 1499 0 0 0 0 0 : 7784 0 0 0 : 88.342989 ]
[88.343s][info][gc       ] [HMSP 110462 : 59692 212208 : 88.342989 ]
[88.346s][info][gc       ] [VMAC 65530 170 786 485 1441 : 88.346028 ]
[89.433s][info][gc       ] [GPGC-H  4164.7 8.9 0.2 0.0 : 19.1 : 0.000 0.000 : 0.000 0.000 0.349 2.422 : 0.000 0.000 0.000 0.000 0.852 0.050 : 0.000 : 36.004 : 3398 12 28 0 : 2280 : 5720 5428 : 89.433042 : 9 Next_heuristic_check_may_be_too_late ]
[89.453s][info][safepoint] Application time: 1.1104387 seconds
[89.453s][info][safepoint] Total time for which application threads were stopped: 0.0003731 seconds, Stopping threads took: 0.0000341 seconds
[89.454s][info][gc       ] [SPS 0.000 0.005 0.004 0.010 0.034 0.001 0.000 0.293 0.034 0.373 NewGC_pause1 89.453086 ]
[89.765s][info][safepoint] Application time: 0.3118495 seconds
[89.766s][info][safepoint] Total time for which application threads were stopped: 0.0001686 seconds, Stopping threads took: 0.0000206 seconds
[89.767s][info][gc       ] [SPS 0.000 0.002 0.000 0.013 0.021 0.001 0.001 0.104 0.029 0.169 NewGC_pause2 89.765105 ]
[89.769s][info][safepoint] Application time: 0.0035492 seconds
[89.769s][info][safepoint] Total time for which application threads were stopped: 0.0001645 seconds, Stopping threads took: 0.0000024 seconds
[89.770s][info][gc       ] [SPS 0.000 0.001 0.000 0.008 0.002 0.001 0.000 0.129 0.024 0.165 NewGC_pause3 89.768818 ]
[89.772s][info][safepoint] Application time: 0.0031461 seconds
[89.772s][info][safepoint] Total time for which application threads were stopped: 0.0001344 seconds, Stopping threads took: 0.0000071 seconds
[89.773s][info][gc       ] [SPS 0.000 0.004 0.003 0.008 0.007 0.001 0.000 0.095 0.023 0.135 NewGC_pause4 89.772099 ]
[89.774s][info][gc       ] [GC New Max 102-96 : 6356 4388 1594 6356 - - 557 20 2 2 - : 1262 12 28 292 4056 : 1256 19 2797 2797 0 : 0 1 301 0 349 - 282 : 1.091273 2188.3 0.0 0.339291 1927.5 0.0 : 3 --c 0000 : 23 0 0.000 0.000 0 0.000 0.000 0 0.000 0.000 : 89.433802 89.452713 0.000328 89.764936 0.000109 89.768654 0.000096 89.771964 0.000099 : 89.773093 ]
[89.774s][info][gc       ] [SYSINFO 8135 320 605 5760 1153 0 18 0 0 6427 : - - - - - - - - : 0 7168 : 1.98 0.70 0.25 : 198714 5551492 : 0 0 : 20 0 : 2056 4 0 211 : - 8219656192 79581184 584151040 6664593408 334946304 635289600 : 139632189 179400 38660 0 0 0 : 89.773450 ]
[89.774s][info][gc       ] [HUGEPAGESTAT 0 0 0 - 260 0 0 : 149504 0 0 : 89.773450 ]
[89.774s][info][gc       ] [OBJCREAT 229317051 24635 874496 : 89.773532 ]
[89.774s][info][gc       ] [HMSV All : 112074 107784 1521 0 0 0 0 0 : 7784 0 0 0 : 89.773552 ]
[89.774s][info][gc       ] [HMSP 112142 : 59692 215568 : 89.773552 ]
[89.775s][info][gc       ] [VMAC 65530 170 654 485 1309 : 89.774732 ]
[90.258s][info][gc       ] [GPGC-H  4164.7 8.9 0.2 0.0 : 19.1 : 0.000 0.000 : 0.000 0.000 0.348 2.422 : 0.000 0.000 0.000 0.000 0.852 0.050 : 0.000 : 35.218 : 3592 12 28 0 : 2280 : 5720 5428 : 90.258299 : 9 Next_heuristic_check_may_be_too_late ]
[90.265s][info][safepoint] Application time: 0.4929318 seconds
[90.266s][info][safepoint] Total time for which application threads were stopped: 0.0004218 seconds, Stopping threads took: 0.0000172 seconds
[90.266s][info][gc       ] [SPS 0.000 0.004 0.004 0.010 0.017 0.001 0.000 0.360 0.034 0.422 NewGC_pause1 90.265453 ]
[90.539s][info][safepoint] Application time: 0.2727875 seconds
[90.539s][info][safepoint] Total time for which application threads were stopped: 0.0003349 seconds, Stopping threads took: 0.0000124 seconds
[90.540s][info][gc       ] [SPS 0.000 0.003 0.000 0.022 0.012 0.003 0.001 0.246 0.051 0.335 NewGC_pause2 90.538576 ]
[90.543s][info][safepoint] Application time: 0.0044568 seconds
[90.544s][info][safepoint] Total time for which application threads were stopped: 0.0002276 seconds, Stopping threads took: 0.0000203 seconds
[90.544s][info][gc       ] [SPS 0.000 0.001 0.000 0.009 0.020 0.001 0.000 0.170 0.027 0.228 NewGC_pause3 90.543260 ]
[90.551s][info][safepoint] Application time: 0.0069487 seconds
[90.551s][info][safepoint] Total time for which application threads were stopped: 0.0003270 seconds, Stopping threads took: 0.0000074 seconds
[90.552s][info][gc       ] [SPS 0.000 0.005 0.004 0.015 0.007 0.002 0.001 0.251 0.051 0.327 NewGC_pause4 90.550537 ]
[90.556s][info][gc       ] [GC New Max 103-97 : 6356 4280 1594 6356 - - 557 20 2 2 - : 1262 12 28 292 3948 : 1255 19 2689 2689 0 : 0 1 178 0 349 - 282 : 0.485752 4796.7 0.0 0.297288 1197.5 0.0 : 3 --c 0000 : 23 0 0.000 0.000 0 0.000 0.000 0 0.000 0.000 : 90.258845 90.265031 0.000322 90.538241 0.000224 90.543033 0.000104 90.550210 0.000180 : 90.556132 ]
[90.557s][info][gc       ] [SYSINFO 8135 320 605 5764 1149 0 18 0 0 6427 : - - - - - - - - : 0 7168 : 1.98 0.70 0.25 : 198714 5551492 : 0 0 : 20 0 : 2056 2 0 211 : - 8219656192 79581184 584151040 6664593408 334946304 635289600 : 139632189 180930 38790 0 0 0 : 90.556459 ]
[90.557s][info][gc       ] [HUGEPAGESTAT 0 0 0 - 260 0 0 : 149504 0 0 : 90.556459 ]
[90.557s][info][gc       ] [OBJCREAT 231996167 24635 874496 : 90.556519 ]
[90.557s][info][gc       ] [HMSV All : 113262 108972 1536 0 0 0 0 0 : 7784 0 0 0 : 90.556541 ]
[90.557s][info][gc       ] [HMSP 113330 : 59692 217944 : 90.556541 ]
[90.558s][info][gc       ] [VMAC 65530 170 690 485 1345 : 90.557966 ]
[91.062s][info][gc       ] [GPGC-H  4092.9 8.1 0.2 0.0 : 17.4 : 0.000 0.000 : 0.000 0.000 0.346 2.422 : 0.000 0.000 0.000 0.000 0.842 0.050 : 0.000 : 37.966 : 3346 12 28 0 : 2280 : 5720 5428 : 91.061962 : 9 Next_heuristic_check_may_be_too_late ]
[91.068s][info][safepoint] Application time: 0.5167488 seconds
[91.069s][info][safepoint] Total time for which application threads were stopped: 0.0004327 seconds, Stopping threads took: 0.0000236 seconds
[91.069s][info][gc       ] [SPS 0.000 0.004 0.005 0.010 0.024 0.001 0.001 0.246 0.152 0.433 NewGC_pause1 91.067719 ]
[91.342s][info][safepoint] Application time: 0.2742997 seconds
[91.343s][info][safepoint] Total time for which application threads were stopped: 0.0002792 seconds, Stopping threads took: 0.0000060 seconds
[91.344s][info][gc       ] [SPS 0.000 0.002 0.000 0.009 0.006 0.001 0.000 0.237 0.026 0.279 NewGC_pause2 91.342298 ]
[91.347s][info][safepoint] Application time: 0.0042446 seconds
[91.347s][info][safepoint] Total time for which application threads were stopped: 0.0002506 seconds, Stopping threads took: 0.0000160 seconds
[91.348s][info][gc       ] [SPS 0.000 0.001 0.000 0.009 0.016 0.001 0.000 0.213 0.012 0.251 NewGC_pause3 91.346793 ]
[91.355s][info][safepoint] Application time: 0.0079706 seconds
[91.356s][info][safepoint] Total time for which application threads were stopped: 0.0002064 seconds, Stopping threads took: 0.0000010 seconds
[91.356s][info][gc       ] [SPS 0.000 0.005 0.004 0.017 0.001 0.002 0.001 0.153 0.033 0.206 NewGC_pause4 91.354971 ]
[91.362s][info][gc       ] [GC New Max 104-98 : 6356 4198 1512 6356 - - 557 20 2 2 - : 1180 12 28 292 3866 : 1173 17 2689 2689 0 : 0 1 137 0 333 - 257 : 0.506402 4115.3 0.0 0.299233 1737.8 0.0 : 3 --c 0000 : 23 0 0.000 0.000 0 0.000 0.000 0 0.000 0.000 : 91.062534 91.067286 0.000160 91.342019 0.000203 91.346543 0.000192 91.354764 0.000113 : 91.361767 ]
[91.362s][info][gc       ] [SYSINFO 8134 320 605 5783 1130 0 18 0 0 6427 : - - - - - - - - : 0 7168 : 1.98 0.70 0.25 : 198714 5551512 : 0 0 : 25 0 : 2056 2 0 211 : - 8219656192 79581184 584151040 6664593408 334946304 635289600 : 139632189 182380 39130 0 0 0 : 91.362146 ]
[91.362s][info][gc       ] [HUGEPAGESTAT 0 0 0 - 260 0 0 : 149504 0 0 : 91.362146 ]
[91.362s][info][gc       ] [OBJCREAT 234593933 24635 874496 : 91.362224 ]
[91.362s][info][gc       ] [HMSV All : 114792 110502 1550 0 0 0 0 0 : 7784 0 0 0 : 91.362248 ]
[91.362s][info][gc       ] [HMSP 114860 : 59692 221004 : 91.362248 ]
[91.364s][info][gc       ] [VMAC 65530 170 732 485 1387 : 91.364111 ]
[91.766s][info][gc       ] [GPGC-H  4092.9 8.1 0.2 0.0 : 17.4 : 0.000 0.000 : 0.000 0.000 0.345 2.422 : 0.000 0.000 0.000 0.000 0.837 0.050 : 0.000 : 37.936 : 3346 12 28 0 : 2280 : 5720 5428 : 91.765810 : 9 Next_heuristic_check_may_be_too_late ]
[91.782s][info][safepoint] Application time: 0.4266549 seconds
[91.783s][info][safepoint] Total time for which application threads were stopped: 0.0003860 seconds, Stopping threads took: 0.0000282 seconds
[91.783s][info][gc       ] [SPS 0.000 0.004 0.008 0.010 0.028 0.001 0.000 0.316 0.030 0.386 NewGC_pause1 91.782012 ]
[92.028s][info][safepoint] Application time: 0.2458131 seconds
[92.029s][info][safepoint] Total time for which application threads were stopped: 0.0002953 seconds, Stopping threads took: 0.0000227 seconds
[92.029s][info][gc       ] [SPS 0.000 0.002 0.000 0.022 0.023 0.003 0.001 0.209 0.038 0.295 NewGC_pause2 92.028121 ]
[92.031s][info][safepoint] Application time: 0.0029715 seconds
[92.032s][info][safepoint] Total time for which application threads were stopped: 0.0001874 seconds, Stopping threads took: 0.0000186 seconds
[92.032s][info][gc       ] [SPS 0.000 0.000 0.000 0.008 0.019 0.001 0.000 0.130 0.029 0.188 NewGC_pause3 92.031280 ]
[92.038s][info][safepoint] Application time: 0.0067894 seconds
[92.039s][info][safepoint] Total time for which application threads were stopped: 0.0003429 seconds, Stopping threads took: 0.0001476 seconds
[92.039s][info][gc       ] [SPS 0.000 0.003 0.003 0.013 0.148 0.001 0.000 0.135 0.046 0.343 NewGC_pause4 92.038412 ]
[92.044s][info][gc       ] [GC New Max 105-99 : 6356 4198 1540 6356 - - 557 20 2 2 - : 1208 12 28 292 3866 : 1174 17 2689 2689 0 : 0 1 260 0 347 - 257 : 0.404911 5349.3 0.0 0.276846 1979.4 0.0 : 3 --c 0000 : 23 0 0.000 0.000 0 0.000 0.000 0 0.000 0.000 : 91.766678 91.781626 0.000311 92.027825 0.000217 92.031092 0.000108 92.038069 0.000234 : 92.043524 ]
[92.044s][info][gc       ] [SYSINFO 8134 320 605 5783 1130 0 18 0 0 6427 : - - - - - - - - : 0 7168 : 1.98 0.70 0.25 : 198714 5551512 : 0 0 : 25 0 : 2056 2 0 211 : - 8219656192 79581184 584151040 6664593408 334946304 635289600 : 139632189 183690 39310 0 0 0 : 92.043915 ]
[92.044s][info][gc       ] [HUGEPAGESTAT 0 0 0 - 260 0 0 : 149504 0 0 : 92.043915 ]
[92.044s][info][gc       ] [OBJCREAT 237302792 24635 874496 : 92.043971 ]
[92.044s][info][gc       ] [HMSV All : 115830 111540 1566 0 0 0 0 0 : 7784 0 0 0 : 92.043991 ]
[92.044s][info][gc       ] [HMSP 115898 : 59692 223080 : 92.043991 ]
[92.045s][info][gc       ] [VMAC 65530 170 756 485 1411 : 92.045478 ]
[92.509s][info][gc       ] [GPGC-H  4092.9 8.1 0.2 0.0 : 17.4 : 0.000 0.000 : 0.000 0.000 0.343 2.422 : 0.000 0.000 0.000 0.000 0.835 0.050 : 0.000 : 40.608 : 3592 12 28 0 : 2280 : 5720 5428 : 92.509111 : 9 Next_heuristic_check_may_be_too_late ]
[92.517s][info][safepoint] Application time: 0.4778586 seconds
[92.517s][info][safepoint] Total time for which application threads were stopped: 0.0003050 seconds, Stopping threads took: 0.0000066 seconds
[92.518s][info][gc       ] [SPS 0.000 0.005 0.008 0.009 0.007 0.001 0.000 0.264 0.024 0.305 NewGC_pause1 92.516576 ]
[92.811s][info][safepoint] Application time: 0.2943181 seconds
[92.812s][info][safepoint] Total time for which application threads were stopped: 0.0002178 seconds, Stopping threads took: 0.0000336 seconds
[92.812s][info][gc       ] [SPS 0.000 0.002 0.000 0.009 0.034 0.001 0.001 0.155 0.019 0.218 NewGC_pause2 92.811112 ]
[92.813s][info][safepoint] Application time: 0.0019791 seconds
[92.814s][info][safepoint] Total time for which application threads were stopped: 0.0001328 seconds, Stopping threads took: 0.0000346 seconds
[92.814s][info][gc       ] [SPS 0.000 0.001 0.000 0.010 0.035 0.001 0.000 0.061 0.026 0.133 NewGC_pause3 92.813225 ]
[92.820s][info][safepoint] Application time: 0.0069235 seconds
[92.821s][info][safepoint] Total time for which application threads were stopped: 0.0001509 seconds, Stopping threads took: 0.0000009 seconds
[92.821s][info][gc       ] [SPS 0.000 0.004 0.004 0.013 0.001 0.001 0.001 0.113 0.021 0.151 NewGC_pause4 92.820299 ]
[92.826s][info][gc       ] [GC New Max 106-100 : 6356 4280 1594 6356 - - 557 20 2 2 - : 1262 12 28 292 3948 : 1255 19 2689 2689 0 : 0 1 178 0 349 - 282 : 0.466276 5112.9 0.0 0.315690 1127.7 0.0 : 3 --c 0000 : 23 0 0.000 0.000 0 0.000 0.000 0 0.000 0.000 : 92.509799 92.516271 0.000276 92.810895 0.000194 92.813092 0.000097 92.820148 0.000122 : 92.825490 ]
[92.826s][info][gc       ] [SYSINFO 8134 320 605 5793 1121 0 18 0 0 6427 : - - - - - - - - : 0 7168 : 1.98 0.70 0.25 : 198714 5551512 : 0 0 : 25 0 : 2056 2 0 211 : - 8219656192 79581184 584151040 6664593408 334946304 635289600 : 139632189 185190 39540 0 0 0 : 92.825789 ]
[92.826s][info][gc       ] [HUGEPAGESTAT 0 0 0 - 260 0 0 : 149504 0 0 : 92.825789 ]
[92.826s][info][gc       ] [OBJCREAT 240033515 24635 874496 : 92.825846 ]
[92.826s][info][gc       ] [HMSV All : 117510 113220 1581 0 0 0 0 0 : 7784 0 0 0 : 92.825870 ]
[92.826s][info][gc       ] [HMSP 117578 : 59692 226440 : 92.825870 ]
[92.827s][info][gc       ] [VMAC 65530 170 720 485 1375 : 92.827403 ]
[93.290s][info][gc       ] [GPGC-H  4024.7 7.4 0.2 0.0 : 15.8 : 0.000 0.000 : 0.000 0.000 0.342 2.422 : 0.000 0.000 0.000 0.000 0.835 0.050 : 0.000 : 40.599 : 3592 12 28 0 : 2280 : 5720 5428 : 93.290022 : 9 Next_heuristic_check_may_be_too_late ]
[93.296s][info][safepoint] Application time: 0.4756778 seconds
[93.297s][info][safepoint] Total time for which application threads were stopped: 0.0004516 seconds, Stopping threads took: 0.0000159 seconds
[93.298s][info][gc       ] [SPS 0.000 0.004 0.005 0.009 0.016 0.001 0.000 0.399 0.027 0.452 NewGC_pause1 93.296429 ]
[93.625s][info][safepoint] Application time: 0.3285007 seconds
[93.626s][info][safepoint] Total time for which application threads were stopped: 0.0002547 seconds, Stopping threads took: 0.0000017 seconds
[93.626s][info][gc       ] [SPS 0.000 0.001 0.000 0.009 0.002 0.001 0.000 0.213 0.029 0.255 NewGC_pause2 93.625185 ]
[93.629s][info][safepoint] Application time: 0.0036086 seconds
[93.629s][info][safepoint] Total time for which application threads were stopped: 0.0002473 seconds, Stopping threads took: 0.0000184 seconds
[93.630s][info][gc       ] [SPS 0.000 0.001 0.000 0.010 0.018 0.001 0.000 0.189 0.029 0.248 NewGC_pause3 93.629041 ]
[93.637s][info][safepoint] Application time: 0.0073355 seconds
[93.637s][info][safepoint] Total time for which application threads were stopped: 0.0004097 seconds, Stopping threads took: 0.0000122 seconds
[93.638s][info][gc       ] [SPS 0.000 0.004 0.003 0.013 0.012 0.005 0.000 0.284 0.096 0.410 NewGC_pause4 93.636787 ]
[93.642s][info][gc       ] [GC New Max 107-101 : 6356 4402 1716 6356 - - 557 20 2 2 - : 1384 12 28 292 4070 : 1377 20 2689 2689 0 : 0 1 239 0 373 - 319 : 0.465345 5007.0 0.0 0.351230 1360.9 0.0 : 3 --c 0000 : 23 0 0.000 0.000 0 0.000 0.000 0 0.000 0.000 : 93.290835 93.295977 0.000386 93.624930 0.000170 93.628793 0.000182 93.636376 0.000287 : 93.642065 ]
[93.642s][info][gc       ] [SYSINFO 8134 320 605 5808 1105 0 18 0 0 6427 : - - - - - - - - : 0 7168 : 2.15 0.76 0.27 : 198714 5551512 : 0 0 : 25 0 : 2056 2 0 211 : - 8219656192 79581184 584151040 6664593408 334946304 635289600 : 139632189 186820 39780 0 0 0 : 93.642409 ]
[93.642s][info][gc       ] [HUGEPAGESTAT 0 0 0 - 260 0 0 : 165888 0 0 : 93.642409 ]
[93.642s][info][gc       ] [OBJCREAT 242834658 24635 874496 : 93.642467 ]
[93.642s][info][gc       ] [HMSV All : 118920 114630 1596 0 0 0 0 0 : 7784 0 0 0 : 93.642489 ]
[93.642s][info][gc       ] [HMSP 118988 : 59692 229260 : 93.642489 ]
[93.644s][info][gc       ] [VMAC 65530 170 660 485 1315 : 93.643858 ]
[94.188s][info][gc       ] [GPGC-H  4024.7 7.4 0.2 0.0 : 15.8 : 0.000 0.000 : 0.000 0.000 0.351 2.422 : 0.000 0.000 0.000 0.000 0.835 0.050 : 0.000 : 43.013 : 3592 12 28 0 : 2280 : 5720 5428 : 94.187686 : 9 Next_heuristic_check_may_be_too_late ]
[94.196s][info][safepoint] Application time: 0.5588709 seconds
[94.197s][info][safepoint] Total time for which application threads were stopped: 0.0005331 seconds, Stopping threads took: 0.0000258 seconds
[94.197s][info][gc       ] [SPS 0.000 0.004 0.006 0.009 0.026 0.001 0.000 0.420 0.076 0.533 NewGC_pause1 94.196191 ]
[94.474s][info][safepoint] Application time: 0.2777692 seconds
[94.475s][info][safepoint] Total time for which application threads were stopped: 0.0002783 seconds, Stopping threads took: 0.0000321 seconds
[94.476s][info][gc       ] [SPS 0.000 0.002 0.000 0.010 0.032 0.001 0.000 0.205 0.030 0.278 NewGC_pause2 94.474239 ]
[94.479s][info][safepoint] Application time: 0.0045772 seconds
[94.480s][info][safepoint] Total time for which application threads were stopped: 0.0004281 seconds, Stopping threads took: 0.0000016 seconds
[94.480s][info][gc       ] [SPS 0.000 0.001 0.000 0.022 0.002 0.003 0.001 0.282 0.119 0.428 NewGC_pause3 94.479244 ]
[94.487s][info][safepoint] Application time: 0.0070867 seconds
[94.487s][info][safepoint] Total time for which application threads were stopped: 0.0003363 seconds, Stopping threads took: 0.0000011 seconds
[94.488s][info][gc       ] [SPS 0.000 0.005 0.004 0.015 0.001 0.002 0.001 0.283 0.032 0.333 NewGC_pause4 94.486667 ]
[94.493s][info][gc       ] [GC New Max 108-102 : 6356 4280 1594 6356 - - 557 20 2 2 - : 1262 12 28 292 3948 : 1255 19 2689 2689 0 : 0 1 178 0 349 - 282 : 0.546579 4039.7 0.0 0.303365 1173.5 0.0 : 3 --c 0000 : 23 0 0.000 0.000 0 0.000 0.000 0 0.000 0.000 : 94.188645 94.195657 0.000380 94.473960 0.000181 94.478816 0.000236 94.486335 0.000214 : 94.492010 ]
[94.493s][info][gc       ] [SYSINFO 8134 320 605 5818 1095 0 18 0 0 6427 : - - - - - - - - : 0 7168 : 2.15 0.76 0.27 : 198714 5551512 : 0 0 : 25 0 : 2056 2 0 211 : - 8219656192 79581184 584151040 6664593408 334946304 635289600 : 139632189 188340 40070 0 0 0 : 94.492533 ]
[94.493s][info][gc       ] [HUGEPAGESTAT 0 0 0 - 260 0 0 : 165888 0 0 : 94.492533 ]
[94.493s][info][gc       ] [OBJCREAT 245391746 24635 874496 : 94.492647 ]
[94.493s][info][gc       ] [HMSV All : 120600 116310 1609 0 0 0 0 0 : 7784 0 0 0 : 94.492680 ]
[94.493s][info][gc       ] [HMSP 120668 : 59692 232620 : 94.492680 ]
[94.494s][info][gc       ] [VMAC 65530 170 714 485 1369 : 94.494484 ]
[94.957s][info][gc       ] [GPGC-H  3973.3 6.8 0.1 0.0 : 14.4 : 0.000 0.000 : 0.000 0.000 0.349 2.422 : 0.000 0.000 0.000 0.000 0.835 0.050 : 0.000 : 42.731 : 3592 12 28 0 : 2280 : 5720 5428 : 94.957447 : 9 Next_heuristic_check_may_be_too_late ]
[94.966s][info][safepoint] Application time: 0.4783410 seconds
[94.966s][info][safepoint] Total time for which application threads were stopped: 0.0005491 seconds, Stopping threads took: 0.0000209 seconds
[94.967s][info][gc       ] [SPS 0.000 0.004 0.004 0.009 0.021 0.001 0.001 0.492 0.026 0.549 NewGC_pause1 94.965558 ]
[95.225s][info][safepoint] Application time: 0.2592580 seconds
[95.226s][info][safepoint] Total time for which application threads were stopped: 0.0002625 seconds, Stopping threads took: 0.0000211 seconds
[95.226s][info][gc       ] [SPS 0.001 0.002 0.000 0.019 0.021 0.002 0.001 0.191 0.029 0.262 NewGC_pause2 95.225079 ]
[95.229s][info][safepoint] Application time: 0.0039695 seconds
[95.230s][info][safepoint] Total time for which application threads were stopped: 0.0001931 seconds, Stopping threads took: 0.0000150 seconds
[95.230s][info][gc       ] [SPS 0.000 0.001 0.000 0.012 0.015 0.001 0.000 0.137 0.028 0.193 NewGC_pause3 95.229241 ]
[95.236s][info][safepoint] Application time: 0.0067929 seconds
[95.237s][info][safepoint] Total time for which application threads were stopped: 0.0002660 seconds, Stopping threads took: 0.0000089 seconds
[95.238s][info][gc       ] [SPS 0.000 0.005 0.004 0.015 0.009 0.002 0.001 0.214 0.025 0.266 NewGC_pause4 95.236300 ]
[95.243s][info][gc       ] [GC New Max 109-103 : 6356 4280 1594 6356 - - 557 20 2 2 - : 1262 12 28 292 3948 : 1255 19 2689 2689 0 : 0 1 178 0 349 - 282 : 0.466109 4998.8 0.0 0.284742 1250.3 0.0 : 3 --c 0000 : 23 0 0.000 0.000 0 0.000 0.000 0 0.000 0.000 : 94.958119 94.965009 0.000483 95.224817 0.000133 95.229048 0.000118 95.236034 0.000189 : 95.242861 ]
[95.243s][info][gc       ] [SYSINFO 8134 320 605 5818 1095 0 18 0 0 6427 : - - - - - - - - : 0 7168 : 2.15 0.76 0.27 : 198714 5551512 : 0 0 : 25 0 : 2056 2 0 211 : - 8219656192 79581184 584151040 6664593408 334946304 635289600 : 139632189 189770 40270 0 0 0 : 95.243189 ]
[95.243s][info][gc       ] [HUGEPAGESTAT 0 0 0 - 260 0 0 : 165888 0 0 : 95.243189 ]
[95.243s][info][gc       ] [OBJCREAT 248070861 24635 874496 : 95.243255 ]
[95.243s][info][gc       ] [HMSV All : 121788 117498 1624 0 0 0 0 0 : 7784 0 0 0 : 95.243277 ]
[95.243s][info][gc       ] [HMSP 121856 : 59692 234996 : 95.243277 ]
[95.245s][info][gc       ] [VMAC 65530 170 780 485 1435 : 95.244592 ]
[95.769s][info][gc       ] [GPGC-H  3973.3 6.8 0.1 0.0 : 14.4 : 0.000 0.000 : 0.000 0.000 0.347 2.422 : 0.000 0.000 0.000 0.000 0.835 0.050 : 0.000 : 42.567 : 3592 12 28 0 : 2280 : 5720 5428 : 95.768623 : 9 Next_heuristic_check_may_be_too_late ]
[95.776s][info][safepoint] Application time: 0.5391232 seconds
[95.776s][info][safepoint] Total time for which application threads were stopped: 0.0003204 seconds, Stopping threads took: 0.0000026 seconds
[95.777s][info][gc       ] [SPS 0.000 0.024 0.003 0.010 0.003 0.001 0.001 0.218 0.088 0.321 NewGC_pause1 95.775745 ]
[96.139s][info][safepoint] Application time: 0.3633017 seconds
[96.140s][info][safepoint] Total time for which application threads were stopped: 0.0003251 seconds, Stopping threads took: 0.0000313 seconds
[96.141s][info][gc       ] [SPS 0.000 0.001 0.000 0.009 0.031 0.001 0.017 0.209 0.057 0.325 NewGC_pause2 96.139372 ]
[96.144s][info][safepoint] Application time: 0.0040924 seconds
[96.144s][info][safepoint] Total time for which application threads were stopped: 0.0003119 seconds, Stopping threads took: 0.0000200 seconds
[96.144s][info][gc       ] [SPS 0.000 0.001 0.000 0.019 0.020 0.002 0.001 0.237 0.033 0.312 NewGC_pause3 96.143776 ]
[96.150s][info][safepoint] Application time: 0.0055659 seconds
[96.150s][info][safepoint] Total time for which application threads were stopped: 0.0003185 seconds, Stopping threads took: 0.0000010 seconds
[96.150s][info][gc       ] [SPS 0.000 0.004 0.004 0.015 0.001 0.002 0.001 0.250 0.050 0.319 NewGC_pause4 96.149661 ]
[96.155s][info][gc       ] [GC New Max 110-104 : 6356 4402 1716 6356 - - 557 20 2 2 - : 1384 12 28 292 4070 : 1377 20 2689 2689 0 : 0 1 239 0 373 - 319 : 0.526396 4426.3 0.0 0.385571 1239.7 0.0 : 3 --c 0000 : 23 0 0.000 0.000 0 0.000 0.000 0 0.000 0.000 : 95.769257 95.775424 0.000126 96.139046 0.000191 96.143464 0.000226 96.149342 0.000188 : 96.154828 ]
[96.155s][info][gc       ] [SYSINFO 8134 320 605 5819 1094 0 18 0 0 6427 : - - - - - - - - : 0 7168 : 2.15 0.76 0.27 : 198714 5551512 : 0 0 : 25 0 : 2056 2 0 211 : - 8219656192 79581184 584151040 6664593408 334946304 635289600 : 139632189 191580 40630 0 0 0 : 96.155324 ]
[96.155s][info][gc       ] [HUGEPAGESTAT 0 0 0 - 260 0 0 : 165888 0 0 : 96.155324 ]
[96.155s][info][gc       ] [OBJCREAT 250872004 24635 874496 : 96.155464 ]
[96.155s][info][gc       ] [HMSV All : 123690 119400 1638 0 0 0 0 0 : 7784 0 0 0 : 96.155489 ]
[96.155s][info][gc       ] [HMSP 123758 : 59692 238800 : 96.155489 ]
[96.157s][info][gc       ] [VMAC 65530 170 702 485 1357 : 96.157092 ]
[96.660s][info][gc       ] [GPGC-H  3973.3 6.8 0.1 0.0 : 14.4 : 0.000 0.000 : 0.000 0.000 0.385 2.422 : 0.000 0.000 0.000 0.000 0.891 0.050 : 0.000 : 42.555 : 3244 12 28 0 : 2280 : 5720 5428 : 96.660130 : 9 Next_heuristic_check_may_be_too_late ]
[96.691s][info][safepoint] Application time: 0.5409807 seconds
[96.692s][info][safepoint] Total time for which application threads were stopped: 0.0004493 seconds, Stopping threads took: 0.0000305 seconds
[96.692s][info][gc       ] [SPS 0.000 0.006 0.010 0.014 0.031 0.002 0.001 0.334 0.068 0.450 NewGC_pause1 96.691092 ]
[96.953s][info][safepoint] Application time: 0.2616249 seconds
[96.954s][info][safepoint] Total time for which application threads were stopped: 0.0002767 seconds, Stopping threads took: 0.0001024 seconds
[96.954s][info][gc       ] [SPS 0.000 0.002 0.000 0.011 0.102 0.001 0.001 0.133 0.028 0.276 NewGC_pause2 96.952993 ]
[96.957s][info][safepoint] Application time: 0.0041773 seconds
[96.958s][info][safepoint] Total time for which application threads were stopped: 0.0003103 seconds, Stopping threads took: 0.0000006 seconds
[96.958s][info][gc       ] [SPS 0.000 0.000 0.000 0.245 0.001 0.001 0.001 0.058 0.006 0.310 NewGC_pause3 96.957481 ]
[96.964s][info][safepoint] Application time: 0.0066470 seconds
[96.965s][info][safepoint] Total time for which application threads were stopped: 0.0001338 seconds, Stopping threads took: 0.0000229 seconds
[96.965s][info][gc       ] [SPS 0.000 0.004 0.003 0.023 0.023 0.001 0.000 0.057 0.029 0.134 NewGC_pause4 96.964262 ]
[96.970s][info][gc       ] [GC New Max 111-105 : 6356 4198 1512 6356 - - 557 20 2 2 - : 1180 12 28 292 3866 : 1174 17 2689 2689 0 : 0 1 260 0 333 - 257 : 0.506012 3683.7 0.0 0.308597 2002.6 0.0 : 3 --c 0000 : 23 0 0.000 0.000 0 0.000 0.000 0 0.000 0.000 : 96.660840 96.690642 0.000354 96.952717 0.000235 96.957171 0.000297 96.964128 0.000101 : 96.969436 ]
[96.970s][info][gc       ] [SYSINFO 8135 320 605 5819 1094 0 18 0 0 6427 : - - - - - - - - : 0 7168 : 2.15 0.76 0.27 : 198714 5551524 : 0 0 : 25 0 : 2056 2 0 211 : - 8219656192 79581184 584151040 6664593408 334946304 635289600 : 139632189 193080 40920 0 0 0 : 96.969843 ]
[96.970s][info][gc       ] [HUGEPAGESTAT 0 0 0 - 260 0 0 : 165888 0 0 : 96.969843 ]
[96.970s][info][gc       ] [OBJCREAT 253347742 24635 874496 : 96.969898 ]
[96.970s][info][gc       ] [HMSV All : 124728 120438 1652 0 0 0 0 0 : 7784 0 0 0 : 96.969916 ]
[96.970s][info][gc       ] [HMSP 124796 : 59692 240876 : 96.969916 ]
[96.972s][info][gc       ] [VMAC 65530 170 720 485 1375 : 96.971944 ]
[97.475s][info][gc       ] [GPGC-H  3878.0 6.1 0.1 0.0 : 13.1 : 0.000 0.000 : 0.000 0.000 0.382 2.422 : 0.000 0.000 0.000 0.000 0.890 0.050 : 0.000 : 42.382 : 3314 12 28 0 : 2280 : 5720 5428 : 97.474655 : 9 Next_heuristic_check_may_be_too_late ]
[97.487s][info][safepoint] Application time: 0.5221082 seconds
[97.488s][info][safepoint] Total time for which application threads were stopped: 0.0007588 seconds, Stopping threads took: 0.0000169 seconds
[97.488s][info][gc       ] [SPS 0.001 0.003 0.003 0.009 0.017 0.001 0.000 0.681 0.051 0.759 NewGC_pause1 97.487130 ]
[97.809s][info][safepoint] Application time: 0.3218037 seconds
[97.810s][info][safepoint] Total time for which application threads were stopped: 0.0002500 seconds, Stopping threads took: 0.0000023 seconds
[97.810s][info][gc       ] [SPS 0.000 0.001 0.000 0.008 0.002 0.001 0.000 0.222 0.016 0.250 NewGC_pause2 97.809183 ]
[97.812s][info][safepoint] Application time: 0.0029402 seconds
[97.813s][info][safepoint] Total time for which application threads were stopped: 0.0002507 seconds, Stopping threads took: 0.0000494 seconds
[97.813s][info][gc       ] [SPS 0.000 0.001 0.000 0.008 0.049 0.001 0.000 0.160 0.032 0.251 NewGC_pause3 97.812375 ]
[97.820s][info][safepoint] Application time: 0.0071806 seconds
[97.820s][info][safepoint] Total time for which application threads were stopped: 0.0002360 seconds, Stopping threads took: 0.0000438 seconds
[97.820s][info][gc       ] [SPS 0.017 0.004 0.003 0.009 0.044 0.001 0.000 0.131 0.050 0.236 NewGC_pause4 97.819792 ]
[97.825s][info][gc       ] [GC New Max 112-106 : 6356 4280 1594 6356 - - 557 20 2 2 - : 1262 12 28 292 3948 : 1256 19 2689 2689 0 : 0 1 301 0 349 - 282 : 0.505985 4225.4 0.0 0.349188 1804.2 0.0 : 3 --c 0000 : 23 0 0.000 0.000 0 0.000 0.000 0 0.000 0.000 : 97.475421 97.486370 0.000640 97.808934 0.000234 97.812124 0.000209 97.819555 0.000178 : 97.824609 ]
[97.825s][info][gc       ] [SYSINFO 8135 320 605 5821 1092 0 18 0 0 6427 : - - - - - - - - : 0 7168 : 2.15 0.76 0.27 : 198714 5551524 : 0 0 : 25 0 : 2056 2 0 211 : - 8219656192 79581184 584151040 6664593408 334946304 635289600 : 139632189 194670 41210 0 0 0 : 97.824923 ]
[97.825s][info][gc       ] [HUGEPAGESTAT 0 0 0 - 260 0 0 : 165888 0 0 : 97.824923 ]
[97.825s][info][gc       ] [OBJCREAT 256108209 24635 874496 : 97.824982 ]
[97.825s][info][gc       ] [HMSV All : 126738 122448 1666 0 0 0 0 0 : 7784 0 0 0 : 97.825002 ]
[97.825s][info][gc       ] [HMSP 126806 : 59692 244896 : 97.825002 ]
[97.826s][info][gc       ] [VMAC 65530 170 768 485 1423 : 97.826390 ]
[98.268s][info][gc       ] [GPGC-H  3878.0 6.1 0.1 0.0 : 13.1 : 0.000 0.000 : 0.000 0.000 0.381 2.422 : 0.000 0.000 0.000 0.000 0.890 0.050 : 0.000 : 42.322 : 3326 12 28 0 : 2280 : 5720 5428 : 98.268430 : 9 Next_heuristic_check_may_be_too_late ]
[98.283s][info][safepoint] Application time: 0.4630337 seconds
[98.284s][info][safepoint] Total time for which application threads were stopped: 0.0003738 seconds, Stopping threads took: 0.0000326 seconds
[98.284s][info][gc       ] [SPS 0.000 0.003 0.003 0.009 0.033 0.001 0.000 0.303 0.028 0.374 NewGC_pause1 98.283199 ]
[98.600s][info][safepoint] Application time: 0.3161179 seconds
[98.600s][info][safepoint] Total time for which application threads were stopped: 0.0002321 seconds, Stopping threads took: 0.0000361 seconds
[98.600s][info][gc       ] [SPS 0.000 0.001 0.000 0.038 0.036 0.001 0.000 0.139 0.019 0.232 NewGC_pause2 98.599549 ]
[98.602s][info][safepoint] Application time: 0.0018316 seconds
[98.602s][info][safepoint] Total time for which application threads were stopped: 0.0001508 seconds, Stopping threads took: 0.0000031 seconds
[98.602s][info][gc       ] [SPS 0.000 0.001 0.000 0.009 0.003 0.001 0.000 0.120 0.018 0.151 NewGC_pause3 98.601532 ]
[98.610s][info][safepoint] Application time: 0.0080916 seconds
[98.611s][info][safepoint] Total time for which application threads were stopped: 0.0004251 seconds, Stopping threads took: 0.0002126 seconds
[98.611s][info][gc       ] [SPS 0.000 0.004 0.003 0.018 0.213 0.001 0.000 0.175 0.018 0.424 NewGC_pause4 98.610049 ]
[98.616s][info][gc       ] [GC New Max 113-107 : 6356 4280 1638 6356 - - 557 20 2 2 - : 1306 12 28 292 3948 : 1256 19 2689 2689 0 : 0 1 301 0 371 - 282 : 0.444558 4647.3 0.0 0.346025 1918.9 0.0 : 3 --c 0000 : 23 0 0.000 0.000 0 0.000 0.000 0 0.000 0.000 : 98.269167 98.282825 0.000280 98.599317 0.000206 98.601381 0.000115 98.609625 0.000405 : 98.615192 ]
[98.616s][info][gc       ] [SYSINFO 8135 320 605 5831 1082 0 18 0 0 6427 : - - - - - - - - : 0 7168 : 2.29 0.81 0.29 : 198714 5551524 : 0 0 : 25 0 : 2056 2 0 211 : - 8219656192 79581184 584151040 6664593408 334946304 635289600 : 139632189 196250 41560 0 0 0 : 98.615583 ]
[98.616s][info][gc       ] [HUGEPAGESTAT 0 0 0 - 260 0 0 : 165888 0 0 : 98.615583 ]
[98.616s][info][gc       ] [OBJCREAT 258834916 24635 874496 : 98.615638 ]
[98.616s][info][gc       ] [HMSV All : 127914 123624 1682 0 0 0 0 0 : 7784 0 0 0 : 98.615661 ]
[98.616s][info][gc       ] [HMSP 127982 : 59692 247248 : 98.615661 ]
[98.617s][info][gc       ] [VMAC 65530 170 696 485 1351 : 98.617253 ]
[99.121s][info][gc       ] [GPGC-H  3831.7 5.6 0.1 0.0 : 11.9 : 0.000 0.000 : 0.000 0.000 0.380 2.422 : 0.000 0.000 0.000 0.000 0.891 0.050 : 0.000 : 43.768 : 3592 12 28 0 : 2280 : 5720 5428 : 99.120636 : 9 Next_heuristic_check_may_be_too_late ]
[99.128s][info][safepoint] Application time: 0.5175413 seconds
[99.129s][info][safepoint] Total time for which application threads were stopped: 0.0005328 seconds, Stopping threads took: 0.0000057 seconds
[99.129s][info][gc       ] [SPS 0.000 0.004 0.004 0.011 0.006 0.002 0.001 0.489 0.025 0.533 NewGC_pause1 99.128123 ]
[99.462s][info][safepoint] Application time: 0.3341151 seconds
[99.463s][info][safepoint] Total time for which application threads were stopped: 0.0002051 seconds, Stopping threads took: 0.0000073 seconds
[99.463s][info][gc       ] [SPS 0.000 0.002 0.000 0.020 0.007 0.002 0.001 0.141 0.033 0.205 NewGC_pause2 99.462444 ]
[99.466s][info][safepoint] Application time: 0.0032376 seconds
[99.466s][info][safepoint] Total time for which application threads were stopped: 0.0002499 seconds, Stopping threads took: 0.0000391 seconds
[99.466s][info][gc       ] [SPS 0.000 0.001 0.000 0.011 0.039 0.001 0.000 0.147 0.051 0.250 NewGC_pause3 99.465932 ]
[99.473s][info][safepoint] Application time: 0.0070310 seconds
[99.474s][info][safepoint] Total time for which application threads were stopped: 0.0002932 seconds, Stopping threads took: 0.0000012 seconds
[99.474s][info][gc       ] [SPSH lock suspend gclocker notify wait resuspend cleanup op_time wakeup total(ms) op_name end(s) ]
[99.474s][info][gc       ] [SPS 0.000 0.005 0.005 0.017 0.001 0.002 0.001 0.229 0.043 0.293 NewGC_pause4 99.473256 ]
[99.480s][info][gc       ] [GC New Max 114-108 : 6356 4402 1716 6356 - - 557 20 2 2 - : 1384 12 28 292 4070 : 1377 20 2689 2689 0 : 0 1 239 0 373 - 319 : 0.506210 4515.9 0.0 0.357987 1335.2 0.0 : 3 --c 0000 : 23 0 0.000 0.000 0 0.000 0.000 0 0.000 0.000 : 99.121401 99.127590 0.000397 99.462239 0.000155 99.465682 0.000120 99.472963 0.000158 : 99.479388 ]
[99.480s][info][gc       ] [SYSINFO 8135 320 605 5832 1081 0 18 0 0 6427 : - - - - - - - - : 0 7168 : 2.29 0.81 0.29 : 198714 5551524 : 0 0 : 25 0 : 2056 2 0 211 : - 8219656192 79581184 584151040 6664593408 334946304 635289600 : 139632189 197920 41950 0 0 0 : 99.479676 ]
[99.480s][info][gc       ] [HUGEPAGESTAT 0 0 0 - 260 0 0 : 165888 0 0 : 99.479676 ]
[99.480s][info][gc       ] [OBJCREAT 261588468 24635 874496 : 99.479733 ]
[99.480s][info][gc       ] [HMSV All : 129816 125526 1696 0 0 0 0 0 : 7784 0 0 0 : 99.479753 ]
[99.480s][info][gc       ] [HMSP 129884 : 59692 251052 : 99.479753 ]
[99.481s][info][gc       ] [VMAC 65530 170 774 485 1429 : 99.481211 ]
[100.005s][info][gc       ] [GPGC-H  3831.7 5.6 0.1 0.0 : 11.9 : 0.000 0.000 : 0.000 0.000 0.379 2.422 : 0.000 0.000 0.000 0.000 0.940 0.050 : 0.000 : 43.677 : 3346 12 28 0 : 2280 : 5720 5428 : 100.004880 : 9 Next_heuristic_check_may_be_too_late ]
[100.012s][info][safepoint] Application time: 0.5383653 seconds
[100.013s][info][safepoint] Total time for which application threads were stopped: 0.0004497 seconds, Stopping threads took: 0.0000269 seconds
[100.013s][info][gc       ] [SPS 0.000 0.004 0.024 0.009 0.027 0.001 0.001 0.369 0.043 0.450 NewGC_pause1 100.012071 ]
[100.281s][info][safepoint] Application time: 0.2687730 seconds
[100.282s][info][safepoint] Total time for which application threads were stopped: 0.0003926 seconds, Stopping threads took: 0.0000536 seconds
[100.283s][info][gc       ] [SPS 0.000 0.002 0.000 0.030 0.054 0.003 0.001 0.233 0.073 0.393 NewGC_pause2 100.281238 ]
[100.286s][info][safepoint] Application time: 0.0041360 seconds
[100.286s][info][safepoint] Total time for which application threads were stopped: 0.0003980 seconds, Stopping threads took: 0.0000304 seconds
[100.287s][info][gc       ] [SPS 0.000 0.001 0.000 0.109 0.030 0.001 0.000 0.217 0.040 0.398 NewGC_pause3 100.285772 ]
[100.293s][info][safepoint] Application time: 0.0071047 seconds
[100.294s][info][safepoint] Total time for which application threads were stopped: 0.0003588 seconds, Stopping threads took: 0.0001378 seconds
[100.294s][info][gc       ] [SPS 0.000 0.003 0.003 0.009 0.138 0.001 0.000 0.179 0.032 0.359 NewGC_pause4 100.293235 ]
[100.300s][info][gc       ] [GC New Max 115-109 : 6356 4280 1626 6356 - - 557 20 2 2 - : 1294 12 28 292 3948 : 1256 19 2689 2689 0 : 0 1 301 0 365 - 282 : 0.526110 3729.3 0.0 0.293635 2159.1 0.0 : 3 --c 0000 : 23 0 0.000 0.000 0 0.000 0.000 0 0.000 0.000 : 100.005498 100.011622 0.000342 100.280845 0.000236 100.285373 0.000324 100.292876 0.000283 : 100.299133 ]
[100.300s][info][gc       ] [SYSINFO 8135 320 605 5832 1081 0 18 0 0 6427 : - - - - - - - - : 0 7168 : 2.29 0.81 0.29 : 198714 5551524 : 0 0 : 25 0 : 2056 2 0 211 : - 8219656192 79581184 584151040 6664593408 334946304 635289600 : 139632189 199520 42240 0 0 0 : 100.299653 ]
[100.300s][info][gc       ] [HUGEPAGESTAT 0 0 0 - 260 0 0 : 165888 0 0 : 100.299653 ]
[100.300s][info][gc       ] [OBJCREAT 264179266 24635 874496 : 100.299760 ]
[100.300s][info][gc       ] [HMSV All : 130806 126516 1716 0 0 0 0 0 : 7784 0 0 0 : 100.299786 ]
[100.300s][info][gc       ] [HMSP 130874 : 59692 253032 : 100.299786 ]
[100.301s][info][gc       ] [VMAC 65530 170 780 485 1435 : 100.301365 ]
[100.825s][info][gc       ] [GPGC-H  3831.7 5.6 0.1 0.0 : 11.9 : 0.000 0.000 : 0.000 0.000 0.376 2.422 : 0.000 0.000 0.000 0.000 0.938 0.050 : 0.000 : 43.385 : 3592 12 28 0 : 2280 : 5720 5428 : 100.824842 : 9 Next_heuristic_check_may_be_too_late ]
[100.832s][info][safepoint] Application time: 0.5386505 seconds
[100.833s][info][safepoint] Total time for which application threads were stopped: 0.0003109 seconds, Stopping threads took: 0.0000157 seconds
[100.834s][info][gc       ] [SPS 0.000 0.003 0.003 0.010 0.016 0.001 0.000 0.238 0.046 0.311 NewGC_pause1 100.832197 ]
[101.095s][info][safepoint] Application time: 0.2627764 seconds
[101.096s][info][safepoint] Total time for which application threads were stopped: 0.0004220 seconds, Stopping threads took: 0.0000280 seconds
[101.097s][info][gc       ] [SPS 0.000 0.002 0.000 0.022 0.028 0.003 0.001 0.273 0.095 0.422 NewGC_pause2 101.095397 ]
[101.100s][info][safepoint] Application time: 0.0047194 seconds
[101.101s][info][safepoint] Total time for which application threads were stopped: 0.0002627 seconds, Stopping threads took: 0.0000158 seconds
[101.101s][info][gc       ] [SPS 0.000 0.001 0.000 0.009 0.016 0.001 0.000 0.213 0.025 0.263 NewGC_pause3 101.100379 ]
[101.107s][info][safepoint] Application time: 0.0066242 seconds
[101.108s][info][safepoint] Total time for which application threads were stopped: 0.0003127 seconds, Stopping threads took: 0.0000009 seconds
[101.108s][info][gc       ] [SPS 0.000 0.004 0.004 0.013 0.001 0.001 0.001 0.229 0.068 0.313 NewGC_pause4 101.107316 ]
[101.113s][info][gc       ] [GC New Max 116-110 : 6356 4280 1594 6356 - - 557 20 2 2 - : 1262 12 28 292 3948 : 1255 19 2689 2689 0 : 0 1 178 0 349 - 282 : 0.526347 4365.9 0.0 0.287066 1240.1 0.0 : 3 --c 0000 : 23 0 0.000 0.000 0 0.000 0.000 0 0.000 0.000 : 100.825480 100.831886 0.000167 101.094975 0.000225 101.100116 0.000195 101.107003 0.000185 : 101.112547 ]
[101.113s][info][gc       ] [SYSINFO 8135 320 605 5836 1077 0 18 0 0 6427 : - - - - - - - - : 0 7168 : 2.29 0.81 0.29 : 198714 5551528 : 0 0 : 25 0 : 2056 2 0 211 : - 8219656192 79581184 584151040 6664593408 334946304 635289600 : 139632189 200940 42540 0 0 0 : 101.113155 ]
[101.113s][info][gc       ] [HUGEPAGESTAT 0 0 0 - 260 0 0 : 165888 0 0 : 101.113155 ]
[101.113s][info][gc       ] [OBJCREAT 266824670 24635 874496 : 101.113209 ]
[101.113s][info][gc       ] [HMSV All : 132816 128526 1729 0 0 0 0 0 : 7784 0 0 0 : 101.113228 ]
[101.113s][info][gc       ] [HMSP 132884 : 59692 257052 : 101.113228 ]
[101.115s][info][gc       ] [VMAC 65530 170 810 485 1465 : 101.115069 ]
[101.598s][info][gc       ] [GPGC-H  3754.3 5.1 0.1 0.0 : 10.8 : 0.000 0.000 : 0.000 0.000 0.372 2.422 : 0.000 0.000 0.000 0.000 0.936 0.050 : 0.000 : 43.086 : 3592 12 28 0 : 2280 : 5720 5428 : 101.597742 : 9 Next_heuristic_check_may_be_too_late ]
[101.605s][info][safepoint] Application time: 0.4969248 seconds
[101.605s][info][safepoint] Total time for which application threads were stopped: 0.0002933 seconds, Stopping threads took: 0.0000248 seconds
[101.606s][info][gc       ] [SPS 0.000 0.004 0.003 0.009 0.025 0.001 0.001 0.214 0.044 0.294 NewGC_pause1 101.604534 ]
[101.876s][info][safepoint] Application time: 0.2715582 seconds
[101.877s][info][safepoint] Total time for which application threads were stopped: 0.0002378 seconds, Stopping threads took: 0.0000007 seconds
[101.878s][info][gc       ] [SPS 0.000 0.001 0.000 0.063 0.001 0.001 0.001 0.168 0.005 0.238 NewGC_pause2 101.876330 ]
[101.880s][info][safepoint] Application time: 0.0035539 seconds
[101.880s][info][safepoint] Total time for which application threads were stopped: 0.0001951 seconds, Stopping threads took: 0.0000227 seconds
[101.881s][info][gc       ] [SPS 0.000 0.001 0.000 0.008 0.023 0.001 0.000 0.148 0.014 0.195 NewGC_pause3 101.880079 ]
[101.888s][info][safepoint] Application time: 0.0078144 seconds
[101.889s][info][safepoint] Total time for which application threads were stopped: 0.0003470 seconds, Stopping threads took: 0.0000099 seconds
[101.889s][info][gc       ] [SPS 0.000 0.006 0.005 0.022 0.010 0.003 0.001 0.199 0.112 0.347 NewGC_pause4 101.888242 ]
[101.895s][info][gc       ] [GC New Max 117-111 : 6356 4402 1716 6356 - - 557 20 2 2 - : 1384 12 28 292 4070 : 1377 20 2689 2689 0 : 0 1 239 0 373 - 319 : 0.485805 4796.2 0.0 0.295820 1615.8 0.0 : 3 --c 0000 : 23 0 0.000 0.000 0 0.000 0.000 0 0.000 0.000 : 101.598351 101.604241 0.000164 101.876093 0.000226 101.879884 0.000168 101.887894 0.000178 : 101.894172 ]
[101.895s][info][gc       ] [SYSINFO 8135 320 605 5836 1077 0 18 0 0 6427 : - - - - - - - - : 0 7168 : 2.29 0.81 0.29 : 198714 5551528 : 0 0 : 25 0 : 2056 2 0 211 : - 8219656192 79581184 584151040 6664593408 334946304 635289600 : 139632189 202390 42860 0 0 0 : 101.894620 ]
[101.895s][info][gc       ] [HUGEPAGESTAT 0 0 0 - 260 0 0 : 165888 0 0 : 101.894620 ]
[101.895s][info][gc       ] [OBJCREAT 269625816 24635 874496 : 101.894699 ]
[101.895s][info][gc       ] [HMSV All : 134028 129738 1750 0 0 0 0 0 : 7784 0 0 0 : 101.894725 ]
[101.895s][info][gc       ] [HMSP 134096 : 59692 259476 : 101.894725 ]
[101.896s][info][gc       ] [VMAC 65530 170 804 485 1459 : 101.896220 ]
[102.420s][info][gc       ] [GPGC-H  3754.3 5.1 0.1 0.0 : 10.8 : 0.000 0.000 : 0.000 0.000 0.370 2.422 : 0.000 0.000 0.000 0.000 0.933 0.050 : 0.000 : 42.900 : 3592 12 28 0 : 2280 : 5720 5428 : 102.419765 : 9 Next_heuristic_check_may_be_too_late ]
[102.427s][info][safepoint] Application time: 0.5385919 seconds
[102.428s][info][safepoint] Total time for which application threads were stopped: 0.0005226 seconds, Stopping threads took: 0.0000399 seconds
[102.428s][info][gc       ] [SPS 0.000 0.005 0.004 0.014 0.040 0.002 0.001 0.389 0.078 0.523 NewGC_pause1 102.427356 ]
[102.737s][info][safepoint] Application time: 0.3090318 seconds
[102.738s][info][safepoint] Total time for which application threads were stopped: 0.0004650 seconds, Stopping threads took: 0.0000013 seconds
[102.738s][info][gc       ] [SPS 0.000 0.002 0.000 0.083 0.001 0.002 0.001 0.324 0.054 0.465 NewGC_pause2 102.736854 ]
[102.741s][info][safepoint] Application time: 0.0041858 seconds
[102.742s][info][safepoint] Total time for which application threads were stopped: 0.0003338 seconds, Stopping threads took: 0.0000005 seconds
[102.742s][info][gc       ] [SPS 0.000 0.001 0.000 0.008 0.001 0.001 0.000 0.295 0.029 0.334 NewGC_pause3 102.741373 ]
[102.749s][info][safepoint] Application time: 0.0072146 seconds
[102.749s][info][safepoint] Total time for which application threads were stopped: 0.0003429 seconds, Stopping threads took: 0.0000166 seconds
[102.750s][info][gc       ] [SPS 0.000 0.004 0.003 0.009 0.017 0.001 0.000 0.279 0.037 0.343 NewGC_pause4 102.748931 ]
[102.755s][info][gc       ] [GC New Max 118-112 : 6356 4402 1716 6356 - - 557 20 2 2 - : 1384 12 28 292 4070 : 1377 20 2689 2689 0 : 0 1 239 0 373 - 319 : 0.526156 4196.5 0.0 0.333728 1432.3 0.0 : 3 --c 0000 : 23 0 0.000 0.000 0 0.000 0.000 0 0.000 0.000 : 102.420328 102.426834 0.000428 102.736389 0.000394 102.741039 0.000225 102.748588 0.000206 : 102.754055 ]
[102.755s][info][gc       ] [SYSINFO 8135 320 605 5836 1077 0 18 0 0 6427 : - - - - - - - - : 0 7168 : 2.29 0.81 0.29 : 198714 5551528 : 0 0 : 25 0 : 2056 2 0 211 : - 8219656192 79581184 584151040 6664593408 334946304 635289600 : 139632189 204010 43170 0 0 0 : 102.754694 ]
[102.755s][info][gc       ] [HUGEPAGESTAT 0 0 0 - 260 0 0 : 182272 0 0 : 102.754694 ]
[102.755s][info][gc       ] [OBJCREAT 272304931 24635 874496 : 102.754868 ]
[102.755s][info][gc       ] [HMSV All : 135930 131640 1763 0 0 0 0 0 : 7784 0 0 0 : 102.754913 ]
[102.755s][info][gc       ] [HMSP 135998 : 59692 263280 : 102.754913 ]
[102.756s][info][gc       ] [VMAC 65530 170 720 485 1375 : 102.756346 ]
[103.261s][info][gc       ] [GPGC-H  3707.1 4.6 0.1 0.0 : 9.9 : 0.000 0.000 : 0.000 0.000 0.368 2.422 : 0.000 0.000 0.000 0.000 0.929 0.050 : 0.000 : 42.741 : 3592 12 28 0 : 2280 : 5720 5428 : 103.260631 : 9 Next_heuristic_check_may_be_too_late ]
[103.268s][info][safepoint] Application time: 0.5190817 seconds
[103.269s][info][safepoint] Total time for which application threads were stopped: 0.0002896 seconds, Stopping threads took: 0.0000017 seconds
[103.270s][info][gc       ] [SPS 0.000 0.003 0.003 0.008 0.002 0.001 0.000 0.218 0.061 0.290 NewGC_pause1 103.268303 ]
[103.567s][info][safepoint] Application time: 0.2980116 seconds
[103.568s][info][safepoint] Total time for which application threads were stopped: 0.0001876 seconds, Stopping threads took: 0.0000009 seconds
[103.568s][info][gc       ] [SPS 0.000 0.002 0.000 0.012 0.001 0.001 0.001 0.132 0.040 0.188 NewGC_pause2 103.566502 ]
[103.570s][info][safepoint] Application time: 0.0034417 seconds
[103.571s][info][safepoint] Total time for which application threads were stopped: 0.0002802 seconds, Stopping threads took: 0.0001257 seconds
[103.571s][info][gc       ] [SPS 0.000 0.001 0.000 0.008 0.126 0.001 0.000 0.129 0.016 0.280 NewGC_pause3 103.570224 ]
[103.585s][info][safepoint] Application time: 0.0140951 seconds
[103.585s][info][safepoint] Total time for which application threads were stopped: 0.0002078 seconds, Stopping threads took: 0.0000337 seconds
[103.585s][info][gc       ] [SPS 0.000 0.004 0.003 0.013 0.034 0.001 0.000 0.140 0.020 0.208 NewGC_pause4 103.584527 ]
[103.592s][info][gc       ] [GC New Max 119-113 : 6356 4402 1716 6356 - - 557 20 2 2 - : 1384 12 28 292 3996 : 1303 20 2689 2689 0 : 0 1 202 0 373 - 319 : 0.507157 4353.7 0.0 0.330702 1445.4 0.0 : 3 --c 0000 : 23 0 0.000 0.000 0 0.000 0.000 0 0.000 0.000 : 103.261212 103.268013 0.000117 103.566315 0.000135 103.569944 0.000259 103.584319 0.000182 : 103.591914 ]
[103.592s][info][gc       ] [SYSINFO 8135 320 605 5836 1077 0 18 0 0 6427 : - - - - - - - - : 0 7168 : 2.51 0.88 0.31 : 198714 5551528 : 0 0 : 25 0 : 2056 2 0 211 : - 8219656192 79581184 584151040 6664593408 334946304 635289600 : 139632189 205610 43440 0 0 0 : 103.592315 ]
[103.592s][info][gc       ] [HUGEPAGESTAT 0 0 0 - 260 0 0 : 182272 0 0 : 103.592315 ]
[103.592s][info][gc       ] [OBJCREAT 274984047 24635 874496 : 103.592407 ]
[103.592s][info][gc       ] [HMSV All : 137142 132852 1783 0 0 0 0 0 : 7784 0 0 0 : 103.592431 ]
[103.592s][info][gc       ] [HMSP 137210 : 59692 265704 : 103.592431 ]
[103.594s][info][gc       ] [VMAC 65530 170 684 485 1339 : 103.594129 ]
[104.158s][info][gc       ] [GPGC-H  3707.1 4.6 0.1 0.0 : 9.9 : 0.000 0.000 : 0.000 0.000 0.367 2.422 : 0.000 0.000 0.000 0.000 0.925 0.050 : 0.000 : 42.617 : 3592 12 28 0 : 2280 : 5720 5428 : 104.157806 : 9 Next_heuristic_check_may_be_too_late ]
[104.165s][info][safepoint] Application time: 0.5804095 seconds
[104.166s][info][safepoint] Total time for which application threads were stopped: 0.0004993 seconds, Stopping threads took: 0.0000227 seconds
[104.167s][info][gc       ] [SPS 0.000 0.004 0.003 0.009 0.023 0.001 0.000 0.420 0.046 0.499 NewGC_pause1 104.165436 ]
[104.453s][info][safepoint] Application time: 0.2876454 seconds
[104.454s][info][safepoint] Total time for which application threads were stopped: 0.0001340 seconds, Stopping threads took: 0.0000328 seconds
[104.454s][info][gc       ] [SPS 0.000 0.001 0.000 0.010 0.033 0.001 0.000 0.071 0.018 0.134 NewGC_pause2 104.453216 ]
[104.457s][info][safepoint] Application time: 0.0037709 seconds
[104.458s][info][safepoint] Total time for which application threads were stopped: 0.0001456 seconds, Stopping threads took: 0.0000254 seconds
[104.458s][info][gc       ] [SPS 0.000 0.001 0.000 0.010 0.025 0.001 0.000 0.057 0.052 0.146 NewGC_pause3 104.457133 ]
[104.465s][info][safepoint] Application time: 0.0074428 seconds
[104.465s][info][safepoint] Total time for which application threads were stopped: 0.0002144 seconds, Stopping threads took: 0.0000008 seconds
[104.465s][info][gc       ] [SPS 0.000 0.005 0.004 0.012 0.001 0.001 0.001 0.174 0.026 0.214 NewGC_pause4 104.464790 ]
[104.471s][info][gc       ] [GC New Max 120-114 : 6356 4198 1512 6356 - - 557 20 2 2 - : 1180 12 28 292 3866 : 1173 17 2689 2689 0 : 0 1 137 0 333 - 257 : 0.566587 3897.0 0.0 0.311977 878.3 0.0 : 3 --c 0000 : 23 0 0.000 0.000 0 0.000 0.000 0 0.000 0.000 : 104.158501 104.164937 0.000389 104.453082 0.000098 104.456987 0.000086 104.464576 0.000180 : 104.470478 ]
[104.471s][info][gc       ] [SYSINFO 8136 320 605 5837 1076 0 18 0 0 6427 : - - - - - - - - : 0 7168 : 2.51 0.88 0.31 : 198714 5551528 : 0 0 : 25 0 : 2056 2 0 211 : - 8219656192 79581184 584151040 6664593408 334946304 635289600 : 139632189 207220 43710 0 0 0 : 104.470750 ]
[104.471s][info][gc       ] [HUGEPAGESTAT 0 0 0 - 260 0 0 : 182272 0 0 : 104.470750 ]
[104.471s][info][gc       ] [OBJCREAT 277459782 24635 874496 : 104.470804 ]
[104.471s][info][gc       ] [HMSV All : 138672 134382 1796 0 0 0 0 0 : 7784 0 0 0 : 104.470826 ]
[104.471s][info][gc       ] [HMSP 138740 : 59692 268764 : 104.470826 ]
[104.473s][info][gc       ] [VMAC 65530 170 726 485 1381 : 104.473206 ]
[104.895s][info][gc       ] [GPGC-H  3707.1 4.6 0.1 0.0 : 9.9 : 0.000 0.000 : 0.000 0.000 0.365 2.422 : 0.000 0.000 0.000 0.000 0.922 0.050 : 0.000 : 42.334 : 3592 12 28 0 : 2280 : 5720 5428 : 104.895055 : 9 Next_heuristic_check_may_be_too_late ]
[104.903s][info][safepoint] Application time: 0.4375114 seconds
[104.903s][info][safepoint] Total time for which application threads were stopped: 0.0004245 seconds, Stopping threads took: 0.0000318 seconds
[104.904s][info][gc       ] [SPS 0.000 0.004 0.004 0.009 0.032 0.001 0.000 0.339 0.043 0.425 NewGC_pause1 104.902726 ]
[105.162s][info][safepoint] Application time: 0.2587942 seconds
[105.163s][info][safepoint] Total time for which application threads were stopped: 0.0002278 seconds, Stopping threads took: 0.0000006 seconds
[105.163s][info][gc       ] [SPS 0.000 0.002 0.000 0.009 0.001 0.001 0.000 0.189 0.027 0.228 NewGC_pause2 105.161749 ]
[105.169s][info][safepoint] Application time: 0.0067412 seconds
[105.169s][info][safepoint] Total time for which application threads were stopped: 0.0002379 seconds, Stopping threads took: 0.0000005 seconds
[105.169s][info][gc       ] [SPS 0.000 0.001 0.000 0.010 0.001 0.001 0.000 0.201 0.025 0.238 NewGC_pause3 105.168728 ]
[105.176s][info][safepoint] Application time: 0.0069870 seconds
[105.176s][info][safepoint] Total time for which application threads were stopped: 0.0001627 seconds, Stopping threads took: 0.0000147 seconds
[105.177s][info][gc       ] [SPS 0.000 0.004 0.004 0.013 0.015 0.001 0.000 0.103 0.031 0.163 NewGC_pause4 105.175878 ]
[105.181s][info][gc       ] [GC New Max 121-115 : 6356 4280 1594 6356 - - 557 20 2 2 - : 1262 12 28 292 3948 : 1255 19 2689 2689 0 : 0 1 178 0 349 - 282 : 0.425270 5671.7 0.0 0.285219 1248.2 0.0 : 3 --c 0000 : 23 0 0.000 0.000 0 0.000 0.000 0 0.000 0.000 : 104.895748 104.902302 0.000323 105.161521 0.000142 105.168490 0.000171 105.175715 0.000118 : 105.180967 ]
[105.181s][info][gc       ] [SYSINFO 8136 320 605 5837 1076 0 18 0 0 6427 : - - - - - - - - : 0 7168 : 2.51 0.88 0.31 : 198714 5551528 : 0 0 : 25 0 : 2056 2 0 211 : - 8219656192 79581184 584151040 6664593408 334946304 635289600 : 139632189 208620 43880 0 0 0 : 105.181336 ]
[105.181s][info][gc       ] [HUGEPAGESTAT 0 0 0 - 260 0 0 : 182272 0 0 : 105.181336 ]
[105.181s][info][gc       ] [OBJCREAT 280220249 24635 874496 : 105.181386 ]
[105.181s][info][gc       ] [HMSV All : 139860 135570 1812 0 0 0 0 0 : 7784 0 0 0 : 105.181411 ]
[105.181s][info][gc       ] [HMSP 139928 : 59692 271140 : 105.181411 ]
[105.183s][info][gc       ] [VMAC 65530 170 882 485 1537 : 105.183387 ]
[105.666s][info][gc       ] [GPGC-H  3662.0 4.2 0.1 0.0 : 9.0 : 0.000 0.000 : 0.000 0.000 0.362 2.422 : 0.000 0.000 0.000 0.000 0.919 0.050 : 0.000 : 42.263 : 3346 12 28 0 : 2280 : 5720 5428 : 105.666391 : 9 Next_heuristic_check_may_be_too_late ]
[105.678s][info][safepoint] Application time: 0.5017118 seconds
[105.679s][info][safepoint] Total time for which application threads were stopped: 0.0005020 seconds, Stopping threads took: 0.0000221 seconds
[105.679s][info][gc       ] [SPS 0.000 0.003 0.003 0.010 0.022 0.001 0.000 0.416 0.053 0.502 NewGC_pause1 105.678092 ]
[106.015s][info][safepoint] Application time: 0.3368055 seconds
[106.016s][info][safepoint] Total time for which application threads were stopped: 0.0001114 seconds, Stopping threads took: 0.0000083 seconds
[106.016s][info][gc       ] [SPS 0.000 0.002 0.000 0.008 0.008 0.001 0.000 0.073 0.020 0.111 NewGC_pause2 106.015009 ]
[106.017s][info][safepoint] Application time: 0.0021497 seconds
[106.018s][info][safepoint] Total time for which application threads were stopped: 0.0002232 seconds, Stopping threads took: 0.0000048 seconds
[106.018s][info][gc       ] [SPS 0.000 0.001 0.000 0.008 0.005 0.001 0.000 0.138 0.071 0.224 NewGC_pause3 106.017382 ]
[106.025s][info][safepoint] Application time: 0.0071970 seconds
[106.025s][info][safepoint] Total time for which application threads were stopped: 0.0004768 seconds, Stopping threads took: 0.0002600 seconds
[106.026s][info][gc       ] [SPS 0.000 0.005 0.004 0.011 0.260 0.002 0.001 0.176 0.027 0.477 NewGC_pause4 106.025056 ]
[106.031s][info][gc       ] [GC New Max 122-116 : 6356 4402 1750 6356 - - 557 20 2 2 - : 1418 12 28 292 4070 : 1378 20 2689 2689 0 : 0 1 362 0 390 - 319 : 0.486211 4286.2 0.0 0.363111 2087.5 0.0 : 3 --c 0000 : 23 0 0.000 0.000 0 0.000 0.000 0 0.000 0.000 : 105.667178 105.677590 0.000372 106.014898 0.000083 106.017159 0.000057 106.024579 0.000405 : 106.030289 ]
[106.031s][info][gc       ] [SYSINFO 8136 320 605 5853 1060 0 18 0 0 6427 : - - - - - - - - : 0 7168 : 2.51 0.88 0.31 : 198714 5551528 : 0 0 : 25 0 : 2056 2 0 211 : - 8219656192 79581184 584151040 6664593408 334946304 635289600 : 139632189 210320 44230 0 0 0 : 106.030784 ]
[106.031s][info][gc       ] [HUGEPAGESTAT 0 0 0 - 260 0 0 : 182272 0 0 : 106.030784 ]
[106.031s][info][gc       ] [OBJCREAT 283057086 24635 874496 : 106.030873 ]
[106.031s][info][gc       ] [HMSV All : 141762 137472 1826 0 0 0 0 0 : 7784 0 0 0 : 106.030900 ]
[106.031s][info][gc       ] [HMSP 141830 : 59692 274944 : 106.030900 ]
[106.032s][info][gc       ] [VMAC 65530 170 810 485 1465 : 106.032145 ]
[106.576s][info][gc       ] [GPGC-H  3662.0 4.2 0.1 0.0 : 9.0 : 0.000 0.000 : 0.000 0.000 0.363 2.422 : 0.000 0.000 0.000 0.000 0.919 0.050 : 0.000 : 42.753 : 3592 12 28 0 : 2280 : 5720 5428 : 106.576176 : 9 Next_heuristic_check_may_be_too_late ]
[106.585s][info][safepoint] Application time: 0.5589865 seconds
[106.585s][info][safepoint] Total time for which application threads were stopped: 0.0005559 seconds, Stopping threads took: 0.0000321 seconds
[106.586s][info][gc       ] [SPS 0.000 0.004 0.007 0.010 0.032 0.001 0.000 0.465 0.048 0.556 NewGC_pause1 106.584599 ]
[106.911s][info][safepoint] Application time: 0.3261123 seconds
[106.912s][info][safepoint] Total time for which application threads were stopped: 0.0004133 seconds, Stopping threads took: 0.0000574 seconds
[106.912s][info][gc       ] [SPS 0.000 0.002 0.000 0.057 0.057 0.004 0.002 0.265 0.027 0.413 NewGC_pause2 106.911125 ]
[106.915s][info][safepoint] Application time: 0.0036009 seconds
[106.915s][info][safepoint] Total time for which application threads were stopped: 0.0002305 seconds, Stopping threads took: 0.0000299 seconds
[106.916s][info][gc       ] [SPS 0.000 0.001 0.000 0.010 0.030 0.001 0.000 0.160 0.030 0.231 NewGC_pause3 106.914957 ]
[106.924s][info][safepoint] Application time: 0.0085313 seconds
[106.924s][info][safepoint] Total time for which application threads were stopped: 0.0001620 seconds, Stopping threads took: 0.0000470 seconds
[106.924s][info][gc       ] [SPS 0.000 0.004 0.003 0.011 0.047 0.001 0.000 0.082 0.021 0.162 NewGC_pause4 106.923650 ]
[106.930s][info][gc       ] [GC New Max 123-117 : 6356 4402 1716 6356 - - 557 20 2 2 - : 1384 12 28 292 4070 : 1377 20 2689 2689 0 : 0 1 239 0 373 - 319 : 0.546484 3978.2 0.0 0.352965 1354.2 0.0 : 3 --c 0000 : 23 0 0.000 0.000 0 0.000 0.000 0 0.000 0.000 : 106.576774 106.584043 0.000450 106.910712 0.000288 106.914726 0.000133 106.923488 0.000134 : 106.929739 ]
[106.930s][info][gc       ] [SYSINFO 8135 320 605 5854 1059 0 18 0 0 6427 : - - - - - - - - : 0 7168 : 2.51 0.88 0.31 : 198714 5551528 : 0 0 : 25 0 : 2056 2 0 211 : - 8219656192 79581184 584151040 6664593408 334946304 635289600 : 139632189 212080 44480 0 0 0 : 106.930055 ]
[106.930s][info][gc       ] [HUGEPAGESTAT 0 0 0 - 260 0 0 : 182272 0 0 : 106.930055 ]
[106.930s][info][gc       ] [OBJCREAT 285700510 24635 874496 : 106.930121 ]
[106.930s][info][gc       ] [HMSV All : 143088 138798 1844 0 0 0 0 0 : 7784 0 0 0 : 106.930146 ]
[106.930s][info][gc       ] [HMSP 143156 : 59692 277596 : 106.930146 ]
[106.932s][info][gc       ] [VMAC 65530 170 726 485 1381 : 106.931540 ]
[107.475s][info][gc       ] [GPGC-H  3593.0 3.8 0.1 0.0 : 8.2 : 0.000 0.000 : 0.000 0.000 0.362 2.422 : 0.000 0.000 0.000 0.000 0.919 0.050 : 0.000 : 42.610 : 3592 12 28 0 : 2280 : 5720 5428 : 107.475063 : 9 Next_heuristic_check_may_be_too_late ]
[107.483s][info][safepoint] Application time: 0.5585182 seconds
[107.483s][info][safepoint] Total time for which application threads were stopped: 0.0003729 seconds, Stopping threads took: 0.0000164 seconds
[107.483s][info][gc       ] [SPS 0.000 0.004 0.005 0.009 0.016 0.001 0.000 0.310 0.037 0.373 NewGC_pause1 107.482542 ]
[107.809s][info][safepoint] Application time: 0.3262811 seconds
[107.809s][info][safepoint] Total time for which application threads were stopped: 0.0001843 seconds, Stopping threads took: 0.0000201 seconds
[107.810s][info][gc       ] [SPS 0.000 0.002 0.000 0.017 0.020 0.002 0.001 0.109 0.036 0.184 NewGC_pause2 107.809007 ]
[107.812s][info][safepoint] Application time: 0.0030252 seconds
[107.813s][info][safepoint] Total time for which application threads were stopped: 0.0002571 seconds, Stopping threads took: 0.0000128 seconds
[107.813s][info][gc       ] [SPS 0.000 0.000 0.000 0.008 0.013 0.001 0.000 0.217 0.017 0.257 NewGC_pause3 107.812290 ]
[107.818s][info][safepoint] Application time: 0.0058139 seconds
[107.819s][info][safepoint] Total time for which application threads were stopped: 0.0001713 seconds, Stopping threads took: 0.0000331 seconds
[107.819s][info][gc       ] [SPS 0.000 0.004 0.003 0.023 0.033 0.001 0.000 0.091 0.023 0.172 NewGC_pause4 107.818275 ]
[107.824s][info][gc       ] [GC New Max 124-118 : 6356 4402 1716 6356 - - 557 20 2 2 - : 1384 12 28 292 4070 : 1377 20 2689 2689 0 : 0 1 239 0 373 - 319 : 0.545906 4044.7 0.0 0.347653 1374.9 0.0 : 3 --c 0000 : 23 0 0.000 0.000 0 0.000 0.000 0 0.000 0.000 : 107.475645 107.482168 0.000323 107.808823 0.000124 107.812033 0.000239 107.818104 0.000139 : 107.823298 ]
[107.824s][info][gc       ] [SYSINFO 8136 320 605 5855 1058 0 18 0 0 6427 : - - - - - - - - : 0 7168 : 2.51 0.88 0.31 : 198714 5551528 : 0 0 : 25 0 : 2056 2 0 211 : - 8219656192 79581184 584151040 6664593408 334946304 635289600 : 139632189 213750 44820 0 0 0 : 107.823760 ]
[107.824s][info][gc       ] [HUGEPAGESTAT 0 0 0 - 260 0 0 : 182272 0 0 : 107.823760 ]
[107.824s][info][gc       ] [OBJCREAT 288379626 24635 874496 : 107.823857 ]
[107.824s][info][gc       ] [HMSV All : 144990 140700 1857 0 0 0 0 0 : 7784 0 0 0 : 107.823905 ]
[107.824s][info][gc       ] [HMSP 145058 : 59692 281400 : 107.823905 ]
[107.825s][info][gc       ] [VMAC 65530 170 696 485 1351 : 107.825080 ]
[108.328s][info][gc       ] [GPGC-H  3593.0 3.8 0.1 0.0 : 8.2 : 0.000 0.000 : 0.000 0.000 0.362 2.422 : 0.000 0.000 0.000 0.000 0.919 0.050 : 0.000 : 42.460 : 3592 12 28 0 : 2280 : 5720 5428 : 108.328036 : 9 Next_heuristic_check_may_be_too_late ]
[108.335s][info][safepoint] Application time: 0.5166201 seconds
[108.336s][info][safepoint] Total time for which application threads were stopped: 0.0001900 seconds, Stopping threads took: 0.0000073 seconds
[108.336s][info][gc       ] [SPS 0.000 0.005 0.007 0.010 0.007 0.001 0.000 0.144 0.027 0.190 NewGC_pause1 108.335086 ]
[108.624s][info][safepoint] Application time: 0.2882119 seconds
[108.624s][info][safepoint] Total time for which application threads were stopped: 0.0002696 seconds, Stopping threads took: 0.0000010 seconds
[108.625s][info][gc       ] [SPS 0.000 0.003 0.000 0.081 0.001 0.001 0.001 0.164 0.021 0.269 NewGC_pause2 108.623567 ]
[108.627s][info][safepoint] Application time: 0.0033758 seconds
[108.628s][info][safepoint] Total time for which application threads were stopped: 0.0002134 seconds, Stopping threads took: 0.0000094 seconds
[108.628s][info][gc       ] [SPS 0.000 0.001 0.000 0.023 0.009 0.001 0.000 0.142 0.038 0.213 NewGC_pause3 108.627157 ]
[108.634s][info][safepoint] Application time: 0.0062250 seconds
[108.634s][info][safepoint] Total time for which application threads were stopped: 0.0001845 seconds, Stopping threads took: 0.0000215 seconds
[108.635s][info][gc       ] [SPS 0.000 0.004 0.003 0.010 0.021 0.001 0.000 0.131 0.021 0.185 NewGC_pause4 108.633567 ]
[108.639s][info][gc       ] [GC New Max 125-119 : 6356 4402 1716 6356 - - 557 20 2 2 - : 1384 12 28 292 4070 : 1377 20 2689 2689 0 : 0 1 239 0 373 - 319 : 0.505271 4369.9 0.0 0.310390 1540.0 0.0 : 3 --c 0000 : 23 0 0.000 0.000 0 0.000 0.000 0 0.000 0.000 : 108.328569 108.334896 0.000153 108.623298 0.000238 108.626943 0.000167 108.633382 0.000155 : 108.638958 ]
[108.639s][info][gc       ] [SYSINFO 8136 320 605 5855 1058 0 18 0 0 6427 : - - - - - - - - : 0 7168 : 2.71 0.95 0.34 : 198714 5551528 : 0 0 : 25 0 : 2056 2 0 211 : - 8219656192 79581184 584151040 6664593408 334946304 635289600 : 139632189 215320 45090 0 0 0 : 108.639264 ]
[108.639s][info][gc       ] [HUGEPAGESTAT 0 0 0 - 260 0 0 : 182272 0 0 : 108.639264 ]
[108.639s][info][gc       ] [OBJCREAT 291058741 24635 874496 : 108.639319 ]
[108.639s][info][gc       ] [HMSV All : 146316 142026 1875 0 0 0 0 0 : 7784 0 0 0 : 108.639340 ]
[108.639s][info][gc       ] [HMSP 146384 : 59692 284052 : 108.639340 ]
[108.641s][info][gc       ] [VMAC 65530 170 660 485 1315 : 108.641286 ]
[109.205s][info][gc       ] [GPGC-H  3580.5 3.5 0.1 0.0 : 7.4 : 0.000 0.000 : 0.000 0.000 0.360 2.422 : 0.000 0.000 0.000 0.000 0.918 0.050 : 0.000 : 42.297 : 3592 12 28 0 : 2280 : 5720 5428 : 109.204909 : 9 Next_heuristic_check_may_be_too_late ]
[109.212s][info][safepoint] Application time: 0.5782355 seconds
[109.213s][info][safepoint] Total time for which application threads were stopped: 0.0003568 seconds, Stopping threads took: 0.0000286 seconds
[109.213s][info][gc       ] [SPS 0.000 0.004 0.003 0.009 0.029 0.001 0.000 0.288 0.030 0.357 NewGC_pause1 109.212159 ]
[109.533s][info][safepoint] Application time: 0.3205177 seconds
[109.533s][info][safepoint] Total time for which application threads were stopped: 0.0001322 seconds, Stopping threads took: 0.0000372 seconds
[109.534s][info][gc       ] [SPS 0.000 0.002 0.000 0.010 0.037 0.001 0.001 0.060 0.024 0.132 NewGC_pause2 109.532810 ]
[109.536s][info][safepoint] Application time: 0.0028107 seconds
[109.536s][info][safepoint] Total time for which application threads were stopped: 0.0001308 seconds, Stopping threads took: 0.0000111 seconds
[109.536s][info][gc       ] [SPS 0.000 0.001 0.000 0.014 0.011 0.002 0.001 0.071 0.033 0.131 NewGC_pause3 109.535751 ]
[109.542s][info][safepoint] Application time: 0.0057965 seconds
[109.542s][info][safepoint] Total time for which application threads were stopped: 0.0003316 seconds, Stopping threads took: 0.0000092 seconds
[109.543s][info][gc       ] [SPS 0.000 0.004 0.004 0.025 0.009 0.002 0.001 0.215 0.081 0.332 NewGC_pause4 109.541880 ]
[109.549s][info][gc       ] [GC New Max 126-120 : 6356 4402 1716 6356 - - 557 20 2 2 - : 1384 12 28 292 4070 : 1377 20 2689 2689 0 : 0 1 239 0 373 - 319 : 0.566536 3897.4 0.0 0.342792 1394.4 0.0 : 3 --c 0000 : 23 0 0.000 0.000 0 0.000 0.000 0 0.000 0.000 : 109.205494 109.211803 0.000232 109.532677 0.000094 109.535620 0.000082 109.541548 0.000109 : 109.548286 ]
[109.549s][info][gc       ] [SYSINFO 8137 320 605 5855 1058 0 18 0 0 6427 : - - - - - - - - : 0 7168 : 2.71 0.95 0.34 : 198714 5551528 : 0 0 : 25 0 : 2056 2 0 211 : - 8219656192 79581184 584151040 6664593408 334946304 635289600 : 139632189 217010 45310 0 0 0 : 109.548615 ]
[109.549s][info][gc       ] [HUGEPAGESTAT 0 0 0 - 260 0 0 : 182272 0 0 : 109.548615 ]
[109.549s][info][gc       ] [OBJCREAT 293737856 24635 874496 : 109.548673 ]
[109.549s][info][gc       ] [HMSV All : 148218 143928 1888 0 0 0 0 0 : 7784 0 0 0 : 109.548691 ]
[109.549s][info][gc       ] [HMSP 148286 : 59692 287856 : 109.548691 ]
[109.550s][info][gc       ] [VMAC 65530 170 750 485 1405 : 109.550410 ]
[110.074s][info][gc       ] [GPGC-H  3580.5 3.5 0.1 0.0 : 7.4 : 0.000 0.000 : 0.000 0.000 0.359 2.422 : 0.000 0.000 0.000 0.000 0.943 0.050 : 0.000 : 42.108 : 3592 12 28 0 : 2280 : 5720 5428 : 110.073637 : 9 Next_heuristic_check_may_be_too_late ]
[110.084s][info][safepoint] Application time: 0.5412256 seconds
[110.084s][info][safepoint] Total time for which application threads were stopped: 0.0005113 seconds, Stopping threads took: 0.0000193 seconds
[110.085s][info][gc       ] [SPS 0.000 0.004 0.004 0.010 0.019 0.001 0.000 0.448 0.032 0.511 NewGC_pause1 110.083617 ]
[110.375s][info][safepoint] Application time: 0.2910973 seconds
[110.376s][info][safepoint] Total time for which application threads were stopped: 0.0003013 seconds, Stopping threads took: 0.0000268 seconds
[110.377s][info][gc       ] [SPS 0.000 0.002 0.000 0.023 0.027 0.003 0.001 0.201 0.047 0.301 NewGC_pause2 110.375016 ]
[110.380s][info][safepoint] Application time: 0.0043935 seconds
[110.380s][info][safepoint] Total time for which application threads were stopped: 0.0002488 seconds, Stopping threads took: 0.0000226 seconds
[110.380s][info][gc       ] [SPS 0.000 0.001 0.000 0.031 0.023 0.003 0.001 0.159 0.033 0.249 NewGC_pause3 110.379658 ]
[110.387s][info][safepoint] Application time: 0.0071597 seconds
[110.393s][info][safepoint] Total time for which application threads were stopped: 0.0002995 seconds, Stopping threads took: 0.0000253 seconds
[110.394s][info][gc       ] [SPS 0.000 0.003 0.003 0.008 0.025 0.001 0.000 0.231 0.034 0.300 NewGC_pause4 110.387118 ]
[110.394s][info][gc       ] [GC New Max 127-121 : 6356 4280 1594 6356 - - 557 20 2 2 - : 1262 12 28 292 3948 : 1255 19 2689 2689 0 : 0 1 178 0 349 - 282 : 0.526202 4196.1 0.0 0.319229 1115.2 0.0 : 3 --c 0000 : 23 0 0.000 0.000 0 0.000 0.000 0 0.000 0.000 : 110.074488 110.083106 0.000413 110.374715 0.000196 110.379410 0.000163 110.386818 0.000140 : 110.393717 ]
[110.394s][info][gc       ] [SYSINFO 8137 320 605 5855 1058 0 18 0 0 6427 : - - - - - - - - : 0 7168 : 2.71 0.95 0.34 : 198714 5551528 : 0 0 : 25 0 : 2056 3 0 211 : - 8219656192 79581184 584151040 6664593408 334946304 635289600 : 139632189 218590 45470 0 0 0 : 110.394144 ]
[110.394s][info][gc       ] [HUGEPAGESTAT 0 0 0 - 260 0 0 : 182272 0 0 : 110.394144 ]
[110.394s][info][gc       ] [OBJCREAT 296294944 24635 874496 : 110.394233 ]
[110.394s][info][gc       ] [HMSV All : 149322 145032 1906 0 0 0 0 0 : 7784 0 0 0 : 110.394270 ]
[110.394s][info][gc       ] [HMSP 149390 : 59692 290064 : 110.394270 ]
[110.396s][info][gc       ] [VMAC 65530 170 870 485 1525 : 110.395982 ]
[110.939s][info][gc       ] [GPGC-H  3580.5 3.5 0.1 0.0 : 7.4 : 0.000 0.000 : 0.000 0.000 0.358 2.422 : 0.000 0.000 0.000 0.000 0.942 0.050 : 0.000 : 41.941 : 3592 12 28 0 : 2280 : 5720 5428 : 110.939268 : 9 Next_heuristic_check_may_be_too_late ]
[110.946s][info][safepoint] Application time: 0.5582845 seconds
[110.947s][info][safepoint] Total time for which application threads were stopped: 0.0003996 seconds, Stopping threads took: 0.0000213 seconds
[110.947s][info][gc       ] [SPS 0.000 0.003 0.004 0.008 0.021 0.001 0.000 0.334 0.035 0.400 NewGC_pause1 110.945803 ]
[111.243s][info][safepoint] Application time: 0.2962952 seconds
[111.243s][info][safepoint] Total time for which application threads were stopped: 0.0005055 seconds, Stopping threads took: 0.0002538 seconds
[111.244s][info][gc       ] [SPS 0.000 0.002 0.000 0.011 0.254 0.002 0.001 0.210 0.028 0.506 NewGC_pause2 111.242604 ]
[111.249s][info][safepoint] Application time: 0.0065886 seconds
[111.250s][info][safepoint] Total time for which application threads were stopped: 0.0002113 seconds, Stopping threads took: 0.0000302 seconds
[111.250s][info][gc       ] [SPS 0.000 0.001 0.000 0.013 0.030 0.001 0.000 0.132 0.035 0.211 NewGC_pause3 111.249404 ]
[111.257s][info][safepoint] Application time: 0.0071297 seconds
[111.257s][info][safepoint] Total time for which application threads were stopped: 0.0001925 seconds, Stopping threads took: 0.0000350 seconds
[111.257s][info][gc       ] [SPS 0.000 0.004 0.003 0.010 0.035 0.001 0.000 0.124 0.023 0.193 NewGC_pause4 111.256726 ]
[111.262s][info][gc       ] [GC New Max 128-122 : 6356 4280 1594 6356 - - 557 20 2 2 - : 1262 12 28 292 3948 : 1255 19 2689 2689 0 : 0 1 178 0 349 - 282 : 0.546331 4264.8 0.0 0.321450 1107.5 0.0 : 3 --c 0000 : 23 0 0.000 0.000 0 0.000 0.000 0 0.000 0.000 : 110.940048 110.945403 0.000355 111.242098 0.000408 111.249192 0.000106 111.256533 0.000141 : 111.261498 ]
[111.262s][info][gc       ] [SYSINFO 8137 320 605 5860 1053 0 18 0 0 6427 : - - - - - - - - : 0 7168 : 2.71 0.95 0.34 : 198714 5551528 : 0 0 : 25 0 : 2056 2 0 211 : - 8219656192 79581184 584151040 6664593408 334946304 635289600 : 139632189 220170 45690 0 0 0 : 111.261797 ]
[111.262s][info][gc       ] [HUGEPAGESTAT 0 0 0 - 260 0 0 : 182272 0 0 : 111.261797 ]
[111.262s][info][gc       ] [OBJCREAT 298974061 24635 874496 : 111.261849 ]
[111.262s][info][gc       ] [HMSV All : 151332 147042 1919 0 0 0 0 0 : 7784 0 0 0 : 111.261866 ]
[111.262s][info][gc       ] [HMSP 151400 : 59692 294084 : 111.261866 ]
[111.263s][info][gc       ] [VMAC 65530 170 780 485 1435 : 111.263066 ]
[111.827s][info][gc       ] [GPGC-H  3501.2 3.2 0.1 0.0 : 6.8 : 0.000 0.000 : 0.000 0.000 0.356 2.422 : 0.000 0.000 0.000 0.000 0.940 0.050 : 0.000 : 41.749 : 3732 12 28 0 : 2280 : 5720 5428 : 111.826847 : 9 Next_heuristic_check_may_be_too_late ]
[111.834s][info][safepoint] Application time: 0.5766589 seconds
[111.835s][info][safepoint] Total time for which application threads were stopped: 0.0002746 seconds, Stopping threads took: 0.0000112 seconds
[111.835s][info][gc       ] [SPS 0.001 0.005 0.006 0.011 0.011 0.001 0.001 0.231 0.020 0.274 NewGC_pause1 111.833660 ]
[111.869s][info][safepoint] Application time: 0.0352505 seconds
[111.870s][info][safepoint] Total time for which application threads were stopped: 0.0001804 seconds, Stopping threads took: 0.0000064 seconds
[111.870s][info][gc       ] [SPS 0.000 0.002 0.000 0.009 0.006 0.001 0.000 0.134 0.030 0.180 NewGC_pause2 111.869091 ]
[111.875s][info][safepoint] Application time: 0.0054654 seconds
[111.875s][info][safepoint] Total time for which application threads were stopped: 0.0002163 seconds, Stopping threads took: 0.0000010 seconds
[111.876s][info][gc       ] [SPS 0.000 0.001 0.000 0.055 0.001 0.001 0.001 0.131 0.028 0.217 NewGC_pause3 111.874773 ]
[111.878s][info][safepoint] Application time: 0.0032842 seconds
[111.879s][info][safepoint] Total time for which application threads were stopped: 0.0001065 seconds, Stopping threads took: 0.0000007 seconds
[111.879s][info][gc       ] [SPS 0.000 0.003 0.003 0.009 0.001 0.001 0.000 0.071 0.024 0.106 NewGC_pause4 111.878164 ]
[111.879s][info][gc       ] [GC New Max 129-123 : 6356 4196 482 6356 - - 557 20 2 2 - : 150 12 28 292 3864 : 144 8 3715 3715 0 : 0 0 46 0 34 - 41 : 0.565920 4389.3 0.0 0.051137 2307.5 0.0 : 3 --c 0000 : 23 0 0.000 0.000 0 0.000 0.000 0 0.000 0.000 : 111.827418 111.833385 0.000249 111.868911 0.000076 111.874557 0.000176 111.878058 0.000065 : 111.878554 ]
[111.879s][info][gc       ] [SYSINFO 8137 320 605 5860 1053 0 18 0 0 6427 : - - - - - - - - : 0 7168 : 2.71 0.95 0.34 : 198714 5551528 : 0 0 : 25 0 : 2056 2 0 211 : - 8219656192 79581184 584151040 6664593408 334946304 635289600 : 139632189 220790 45780 0 0 0 : 111.878905 ]
[111.879s][info][gc       ] [HUGEPAGESTAT 0 0 0 - 260 0 0 : 182272 0 0 : 111.878905 ]
[111.879s][info][gc       ] [OBJCREAT 301571196 24635 874496 : 111.879066 ]
[111.879s][info][gc       ] [HMSV All : 152286 147996 1938 0 0 0 0 0 : 7784 0 0 0 : 111.879084 ]
[111.879s][info][gc       ] [HMSP 152354 : 59692 295992 : 111.879084 ]
[111.881s][info][gc       ] [VMAC 65530 170 714 485 1369 : 111.881117 ]
[112.686s][info][gc       ] [GPGC-H  3501.2 3.2 0.1 0.0 : 6.8 : 0.000 0.000 : 0.000 0.000 0.348 2.422 : 0.000 0.000 0.000 0.000 0.933 0.050 : 0.000 : 40.808 : 3906 12 28 0 : 2280 : 5720 5428 : 112.685580 : 9 Next_heuristic_check_may_be_too_late ]
[112.693s][info][safepoint] Application time: 0.8146373 seconds
[112.693s][info][safepoint] Total time for which application threads were stopped: 0.0002584 seconds, Stopping threads took: 0.0000298 seconds
[112.694s][info][gc       ] [SPS 0.000 0.006 0.003 0.010 0.030 0.001 0.001 0.187 0.029 0.258 NewGC_pause1 112.693060 ]
[113.040s][info][safepoint] Application time: 0.3464395 seconds
[113.040s][info][safepoint] Total time for which application threads were stopped: 0.0002125 seconds, Stopping threads took: 0.0000255 seconds
[113.041s][info][gc       ] [SPS 0.000 0.001 0.000 0.009 0.026 0.001 0.000 0.151 0.026 0.213 NewGC_pause2 113.039712 ]
[113.043s][info][safepoint] Application time: 0.0030923 seconds
[113.043s][info][safepoint] Total time for which application threads were stopped: 0.0001906 seconds, Stopping threads took: 0.0000254 seconds
[113.044s][info][gc       ] [SPS 0.000 0.000 0.000 0.009 0.025 0.001 0.000 0.130 0.025 0.191 NewGC_pause3 113.042995 ]
[113.046s][info][safepoint] Application time: 0.0031896 seconds
[113.047s][info][safepoint] Total time for which application threads were stopped: 0.0003023 seconds, Stopping threads took: 0.0000309 seconds
[113.047s][info][gc       ] [GC New Max 130-124 : 6356 4716 1714 6356 - - 557 20 2 2 - : 1382 12 28 292 4384 : 1377 17 3004 3004 0 : 0 0 239 0 372 - 319 : 0.807640 4650.6 0.0 0.360569 1325.7 0.0 : 3 --c 0000 : 23 0 0.000 0.000 0 0.000 0.000 0 0.000 0.000 : 112.686195 112.692802 0.000219 113.039500 0.000116 113.042805 0.000110 113.046185 0.000171 : 113.046764 ]
[113.047s][info][gc       ] [SYSINFO 8136 320 605 5860 1053 0 18 0 0 6427 : - - - - - - - - : 0 7168 : 2.71 0.95 0.34 : 198714 5551528 : 0 0 : 25 0 : 2056 4 0 211 : - 8219656192 79581184 584151040 6664593408 334946304 635289600 : 139632189 222640 46260 0 0 0 : 113.047243 ]
[113.047s][info][gc       ] [HUGEPAGESTAT 0 0 0 - 260 0 0 : 198656 0 0 : 113.047243 ]
[113.047s][info][gc       ] [OBJCREAT 305793973 24635 874496 : 113.047328 ]
[113.047s][info][gc       ] [HMSV All : 155844 151554 1958 0 0 0 0 0 : 7784 0 0 0 : 113.047350 ]
[113.047s][info][gc       ] [HMSP 155912 : 59692 303108 : 113.047350 ]
[113.048s][info][gc       ] [SPS 0.000 0.005 0.004 0.016 0.031 0.002 0.001 0.204 0.049 0.302 NewGC_pause4 113.046488 ]
[113.049s][info][gc       ] [VMAC 65530 170 840 485 1495 : 113.048945 ]
[113.592s][info][gc       ] [GPGC-H  3485.8 2.9 0.1 0.0 : 6.2 : 0.000 0.000 : 0.000 0.000 0.360 2.422 : 0.000 0.000 0.000 0.000 0.933 0.050 : 0.000 : 40.286 : 3638 12 28 0 : 2280 : 5720 5428 : 113.592383 : 9 Next_heuristic_check_may_be_too_late ]
[113.606s][info][safepoint] Application time: 0.5594467 seconds
[113.607s][info][safepoint] Total time for which application threads were stopped: 0.0004710 seconds, Stopping threads took: 0.0001306 seconds
[113.608s][info][gc       ] [SPS 0.000 0.007 0.011 0.012 0.131 0.002 0.001 0.300 0.027 0.471 NewGC_pause1 113.606406 ]
[113.621s][info][safepoint] Application time: 0.0138315 seconds
[113.621s][info][safepoint] Total time for which application threads were stopped: 0.0005458 seconds, Stopping threads took: 0.0002562 seconds
[113.622s][info][gc       ] [SPS 0.000 0.014 0.000 0.011 0.256 0.001 0.001 0.243 0.034 0.546 NewGC_pause2 113.620783 ]
[113.624s][info][safepoint] Application time: 0.0030774 seconds
[113.624s][info][safepoint] Total time for which application threads were stopped: 0.0002138 seconds, Stopping threads took: 0.0000006 seconds
[113.625s][info][gc       ] [SPS 0.000 0.001 0.000 0.009 0.001 0.001 0.000 0.175 0.028 0.214 NewGC_pause3 113.624074 ]
[113.626s][info][safepoint] Application time: 0.0019864 seconds
[113.627s][info][safepoint] Total time for which application threads were stopped: 0.0002896 seconds, Stopping threads took: 0.0000015 seconds
[113.627s][info][gc       ] [SPS 0.000 0.007 0.005 0.021 0.001 0.002 0.001 0.233 0.031 0.289 NewGC_pause4 113.626351 ]
[113.627s][info][gc       ] [GC New Max 131-125 : 6356 4138 434 6356 - - 557 20 2 2 - : 102 12 28 292 3806 : 98 6 3705 3705 0 : 0 0 39 0 23 - 28 : 0.546173 4137.9 0.0 0.034027 4819.7 0.0 : 3 --c 0000 : 23 0 0.000 0.000 0 0.000 0.000 0 0.000 0.000 : 113.592937 113.605935 0.000414 113.620237 0.000500 113.623860 0.000130 113.626061 0.000179 : 113.626964 ]
[113.627s][info][gc       ] [SYSINFO 8136 320 605 5860 1053 0 18 0 0 6427 : - - - - - - - - : 0 7168 : 2.57 0.95 0.34 : 198714 5551528 : 0 0 : 25 0 : 2056 2 0 211 : - 8219656192 79581184 584151040 6664593408 334946304 635289600 : 139632189 223240 46310 0 0 0 : 113.627315 ]
[113.627s][info][gc       ] [HUGEPAGESTAT 0 0 0 - 260 0 0 : 198656 0 0 : 113.627315 ]
[113.627s][info][gc       ] [OBJCREAT 308215943 24635 874496 : 113.627384 ]
[113.627s][info][gc       ] [HMSV All : 155844 151554 1979 0 0 0 0 0 : 7784 0 0 0 : 113.627411 ]
[113.627s][info][gc       ] [HMSP 155912 : 59692 303108 : 113.627411 ]
[113.631s][info][gc       ] [VMAC 65530 170 840 485 1495 : 113.630562 ]
[114.414s][info][gc       ] [GPGC-H  3485.8 2.9 0.1 0.0 : 6.2 : 0.000 0.000 : 0.000 0.000 0.352 2.422 : 0.000 0.000 0.000 0.000 0.924 0.050 : 0.000 : 39.375 : 3912 12 28 0 : 2280 : 5720 5428 : 114.413800 : 9 Next_heuristic_check_may_be_too_late ]
[114.421s][info][safepoint] Application time: 0.7948763 seconds
[114.422s][info][safepoint] Total time for which application threads were stopped: 0.0002025 seconds, Stopping threads took: 0.0000139 seconds
[114.423s][info][gc       ] [SPS 0.000 0.022 0.007 0.011 0.014 0.001 0.000 0.154 0.023 0.203 NewGC_pause1 114.421430 ]
[114.675s][info][safepoint] Application time: 0.2532512 seconds
[114.676s][info][safepoint] Total time for which application threads were stopped: 0.0003808 seconds, Stopping threads took: 0.0000142 seconds
[114.676s][info][gc       ] [SPS 0.000 0.002 0.000 0.022 0.014 0.003 0.001 0.245 0.096 0.381 NewGC_pause2 114.675063 ]
[114.678s][info][safepoint] Application time: 0.0030117 seconds
[114.679s][info][safepoint] Total time for which application threads were stopped: 0.0002497 seconds, Stopping threads took: 0.0000009 seconds
[114.679s][info][gc       ] [SPS 0.000 0.001 0.000 0.013 0.001 0.001 0.001 0.188 0.046 0.250 NewGC_pause3 114.678324 ]
[114.681s][info][safepoint] Application time: 0.0024029 seconds
[114.682s][info][safepoint] Total time for which application threads were stopped: 0.0004876 seconds, Stopping threads took: 0.0001580 seconds
[114.682s][info][gc       ] [SPS 0.000 0.005 0.003 0.011 0.158 0.001 0.001 0.255 0.062 0.488 NewGC_pause4 114.681215 ]
[114.682s][info][gc       ] [GC New Max 132-126 : 6356 4518 1516 6356 - - 557 20 2 2 - : 1184 12 28 292 4186 : 1173 17 3009 3009 0 : 0 1 137 0 335 - 257 : 0.787400 4838.7 0.0 0.267666 1038.6 0.0 : 3 --c 0000 : 23 0 0.000 0.000 0 0.000 0.000 0 0.000 0.000 : 114.414365 114.421227 0.000169 114.674682 0.000202 114.678074 0.000145 114.680727 0.000317 : 114.682031 ]
[114.682s][info][gc       ] [SYSINFO 8135 320 605 5865 1048 0 18 0 0 6427 : - - - - - - - - : 0 7168 : 2.57 0.95 0.34 : 198714 5551528 : 0 0 : 25 0 : 2056 2 0 211 : - 8219656192 79581184 584151040 6664593408 334946304 635289600 : 139632189 224750 46710 0 0 0 : 114.682376 ]
[114.682s][info][gc       ] [HUGEPAGESTAT 0 0 0 - 260 0 0 : 198656 0 0 : 114.682376 ]
[114.682s][info][gc       ] [OBJCREAT 312294363 24635 874496 : 114.682434 ]
[114.682s][info][gc       ] [HMSV All : 159114 154824 1996 0 0 0 0 0 : 7784 0 0 0 : 114.682456 ]
[114.682s][info][gc       ] [HMSP 159182 : 59692 309648 : 114.682456 ]
[114.684s][info][gc       ] [VMAC 65530 170 786 485 1441 : 114.684239 ]
[115.147s][info][gc       ] [GPGC-H  3485.8 2.9 0.1 0.0 : 6.2 : 0.000 0.000 : 0.000 0.000 0.348 2.422 : 0.000 0.000 0.000 0.000 0.905 0.050 : 0.000 : 38.709 : 3772 12 28 0 : 2280 : 5720 5428 : 115.147104 : 9 Next_heuristic_check_may_be_too_late ]
[115.155s][info][safepoint] Application time: 0.4735400 seconds
[115.156s][info][safepoint] Total time for which application threads were stopped: 0.0004091 seconds, Stopping threads took: 0.0000237 seconds
[115.156s][info][gc       ] [SPS 0.000 0.004 0.003 0.009 0.024 0.001 0.000 0.311 0.064 0.409 NewGC_pause1 115.155164 ]
[115.197s][info][safepoint] Application time: 0.0415709 seconds
[115.198s][info][safepoint] Total time for which application threads were stopped: 0.0004767 seconds, Stopping threads took: 0.0000679 seconds
[115.198s][info][gc       ] [SPS 0.000 0.002 0.000 0.075 0.068 0.003 0.001 0.265 0.064 0.477 NewGC_pause2 115.197213 ]
[115.201s][info][safepoint] Application time: 0.0031769 seconds
[115.201s][info][safepoint] Total time for which application threads were stopped: 0.0002561 seconds, Stopping threads took: 0.0000361 seconds
[115.202s][info][gc       ] [SPS 0.000 0.001 0.000 0.012 0.036 0.001 0.001 0.163 0.043 0.256 NewGC_pause3 115.200646 ]
[115.204s][info][safepoint] Application time: 0.0031601 seconds
[115.205s][info][safepoint] Total time for which application threads were stopped: 0.0002330 seconds, Stopping threads took: 0.0000203 seconds
[115.205s][info][gc       ] [SPS 0.000 0.003 0.003 0.009 0.020 0.001 0.000 0.173 0.030 0.233 NewGC_pause4 115.204039 ]
[115.205s][info][gc       ] [GC New Max 133-127 : 6356 4196 472 6356 - - 557 20 2 2 - : 140 12 28 292 3864 : 134 7 3725 3725 0 : 0 0 28 0 34 - 36 : 0.465818 5555.8 0.0 0.056713 1622.2 0.0 : 3 --c 0000 : 23 0 0.000 0.000 0 0.000 0.000 0 0.000 0.000 : 115.147849 115.154755 0.000208 115.196736 0.000312 115.200390 0.000148 115.203806 0.000162 : 115.204562 ]
[115.205s][info][gc       ] [SYSINFO 8136 320 605 5865 1048 0 18 0 0 6427 : - - - - - - - - : 0 7168 : 2.57 0.95 0.34 : 198714 5551528 : 0 0 : 25 0 : 2056 4 0 211 : - 8219656192 79581184 584151040 6664593408 334946304 635289600 : 139632189 225360 46800 0 0 0 : 115.204994 ]
[115.205s][info][gc       ] [HUGEPAGESTAT 0 0 0 - 260 0 0 : 198656 0 0 : 115.204994 ]
[115.205s][info][gc       ] [OBJCREAT 314967263 24635 874496 : 115.205060 ]
[115.205s][info][gc       ] [HMSV All : 159360 155070 2016 0 0 0 0 0 : 7784 0 0 0 : 115.205081 ]
[115.205s][info][gc       ] [HMSP 159428 : 59692 310140 : 115.205081 ]
[115.207s][info][gc       ] [VMAC 65530 170 870 485 1525 : 115.207193 ]
[115.851s][info][gc       ] [GPGC-H  4432.2 2.6 0.1 0.0 : 5.6 : 0.000 0.000 : 0.000 0.000 0.341 2.422 : 0.000 0.000 0.000 0.000 0.893 0.050 : 0.000 : 38.044 : 3258 12 28 0 : 2280 : 5720 5428 : 115.850717 : 9 Next_heuristic_check_may_be_too_late ]
[115.863s][info][safepoint] Application time: 0.6588318 seconds
[115.864s][info][safepoint] Total time for which application threads were stopped: 0.0005106 seconds, Stopping threads took: 0.0000526 seconds
[115.865s][info][gc       ] [SPS 0.000 0.005 0.007 0.009 0.053 0.001 0.000 0.410 0.046 0.519 NewGC_pause1 115.863391 ]
[116.046s][info][safepoint] Application time: 0.1827025 seconds
[116.047s][info][safepoint] Total time for which application threads were stopped: 0.0001292 seconds, Stopping threads took: 0.0000009 seconds
[116.047s][info][gc       ] [SPS 0.000 0.002 0.000 0.050 0.001 0.001 0.001 0.063 0.013 0.129 NewGC_pause2 116.046214 ]
[116.049s][info][safepoint] Application time: 0.0021687 seconds
[116.049s][info][safepoint] Total time for which application threads were stopped: 0.0002600 seconds, Stopping threads took: 0.0000022 seconds
[116.049s][info][gc       ] [SPS 0.000 0.002 0.000 0.082 0.002 0.003 0.001 0.147 0.024 0.260 NewGC_pause3 116.048644 ]
[116.051s][info][safepoint] Application time: 0.0022453 seconds
[116.051s][info][safepoint] Total time for which application threads were stopped: 0.0002113 seconds, Stopping threads took: 0.0000006 seconds
[116.052s][info][gc       ] [SPS 0.002 0.003 0.004 0.061 0.001 0.001 0.000 0.127 0.026 0.215 NewGC_pause4 116.051104 ]
[116.053s][info][gc       ] [GC New Max 134-128 : 6356 4228 1348 6356 - - 557 20 2 2 - : 770 12 28 292 3650 : 764 5 2883 2883 0 : 0 1 164 0 248 - 137 : 0.646628 4825.0 0.0 0.201180 1938.6 0.0 : 3 --c 0000 : 23 0 0.000 0.000 0 0.000 0.000 0 0.000 0.000 : 115.851191 115.862871 0.000393 116.046085 0.000104 116.048384 0.000177 116.050889 0.000183 : 116.052371 ]
[116.053s][info][gc       ] [SYSINFO 8136 320 605 5865 1048 0 18 0 0 6427 : - - - - - - - - : 0 7168 : 2.57 0.95 0.34 : 198714 5551528 : 0 0 : 25 0 : 2056 2 0 211 : - 8219656192 79581184 584151040 6664593408 334946304 635289600 : 139632189 226610 46940 0 0 0 : 116.052791 ]
[116.053s][info][gc       ] [HUGEPAGESTAT 0 0 0 - 260 0 0 : 198656 0 0 : 116.052791 ]
[116.053s][info][gc       ] [OBJCREAT 318472133 24635 874496 : 116.052875 ]
[116.053s][info][gc       ] [HMSV All : 161152 156862 2036 0 0 0 0 0 : 7784 0 0 0 : 116.052897 ]
[116.053s][info][gc       ] [HMSP 161220 : 59692 313724 : 116.052897 ]
[116.055s][info][gc       ] [VMAC 65530 170 1008 485 1663 : 116.054807 ]
[117.142s][info][gc       ] [GPGC-H  4432.2 2.6 0.1 0.0 : 5.6 : 0.000 0.000 : 0.000 0.000 0.335 2.422 : 0.000 0.000 0.000 0.000 0.877 0.050 : 0.000 : 37.494 : 3292 12 28 0 : 2280 : 5720 5428 : 117.142244 : 9 Next_heuristic_check_may_be_too_late ]
[117.149s][info][safepoint] Application time: 1.0974404 seconds
[117.150s][info][safepoint] Total time for which application threads were stopped: 0.0004423 seconds, Stopping threads took: 0.0000047 seconds
[117.150s][info][gc       ] [SPS 0.000 0.004 0.006 0.008 0.005 0.001 0.000 0.406 0.022 0.442 NewGC_pause1 117.148983 ]
[117.335s][info][safepoint] Application time: 0.1858735 seconds
[117.336s][info][safepoint] Total time for which application threads were stopped: 0.0002934 seconds, Stopping threads took: 0.0000225 seconds
[117.336s][info][gc       ] [SPS 0.000 0.001 0.000 0.008 0.023 0.001 0.000 0.233 0.028 0.294 NewGC_pause2 117.335151 ]
[117.340s][info][safepoint] Application time: 0.0041351 seconds
[117.340s][info][safepoint] Total time for which application threads were stopped: 0.0002565 seconds, Stopping threads took: 0.0000005 seconds
[117.341s][info][gc       ] [SPS 0.000 0.004 0.000 0.008 0.001 0.001 0.000 0.192 0.055 0.257 NewGC_pause3 117.339543 ]
[117.343s][info][safepoint] Application time: 0.0030138 seconds
[117.343s][info][safepoint] Total time for which application threads were stopped: 0.0002702 seconds, Stopping threads took: 0.0000067 seconds
[117.344s][info][gc       ] [SPS 0.000 0.006 0.006 0.022 0.007 0.003 0.001 0.211 0.027 0.270 NewGC_pause4 117.342827 ]
[117.344s][info][gc       ] [GC New Max 135-129 : 6356 4034 1348 6356 - - 557 20 2 2 - : 1016 12 28 292 3702 : 1009 7 2689 2689 0 : 0 1 205 0 248 - 260 : 1.090698 2312.3 0.0 0.200540 2044.5 0.0 : 3 --c 0000 : 23 0 0.000 0.000 0 0.000 0.000 0 0.000 0.000 : 117.143070 117.148541 0.000413 117.334857 0.000227 117.339286 0.000164 117.342557 0.000180 : 117.343610 ]
[117.344s][info][gc       ] [SYSINFO 8136 320 605 5867 1046 0 18 0 0 6427 : - - - - - - - - : 0 7168 : 2.57 0.95 0.34 : 198714 5551528 : 0 0 : 25 0 : 2056 2 0 211 : - 8219656192 79581184 584151040 6664593408 334946304 635289600 : 139632189 228370 47080 0 0 0 : 117.344265 ]
[117.344s][info][gc       ] [HUGEPAGESTAT 0 0 0 - 260 0 0 : 198656 0 0 : 117.344265 ]
[117.344s][info][gc       ] [OBJCREAT 321402471 24635 874496 : 117.344379 ]
[117.344s][info][gc       ] [HMSV All : 162276 157986 2059 0 0 0 0 0 : 7784 0 0 0 : 117.344404 ]
[117.344s][info][gc       ] [HMSP 162344 : 59692 315972 : 117.344404 ]
[117.346s][info][gc       ] [VMAC 65530 170 840 485 1495 : 117.345830 ]
[118.493s][info][gc       ] [GPGC-H  4307.0 2.4 0.0 0.0 : 5.1 : 0.000 0.000 : 0.000 0.000 0.327 2.422 : 0.000 0.000 0.000 0.000 0.848 0.050 : 0.000 : 36.222 : 3430 12 28 0 : 2280 : 5720 5428 : 118.493105 : 9 Next_heuristic_check_may_be_too_late ]
[118.504s][info][safepoint] Application time: 1.1606854 seconds
[118.504s][info][safepoint] Total time for which application threads were stopped: 0.0002005 seconds, Stopping threads took: 0.0000006 seconds
[118.505s][info][gc       ] [SPS 0.000 0.004 0.003 0.009 0.001 0.001 0.000 0.169 0.021 0.201 NewGC_pause1 118.503713 ]
[118.773s][info][safepoint] Application time: 0.2682984 seconds
[118.773s][info][safepoint] Total time for which application threads were stopped: 0.0004789 seconds, Stopping threads took: 0.0000013 seconds
[118.774s][info][gc       ] [SPS 0.000 0.002 0.000 0.019 0.001 0.002 0.001 0.373 0.083 0.479 NewGC_pause2 118.772491 ]
[118.775s][info][safepoint] Application time: 0.0023914 seconds
[118.776s][info][safepoint] Total time for which application threads were stopped: 0.0002912 seconds, Stopping threads took: 0.0000006 seconds
[118.776s][info][gc       ] [SPS 0.000 0.001 0.000 0.009 0.001 0.001 0.000 0.234 0.046 0.291 NewGC_pause3 118.775174 ]
[118.784s][info][safepoint] Application time: 0.0088689 seconds
[118.785s][info][safepoint] Total time for which application threads were stopped: 0.0002741 seconds, Stopping threads took: 0.0000033 seconds
[118.785s][info][gc       ] [SPS 0.000 0.019 0.003 0.009 0.003 0.001 0.000 0.231 0.030 0.274 NewGC_pause4 118.784317 ]
[118.786s][info][gc       ] [GC New Max 136-130 : 6356 4390 1594 6356 - - 557 20 2 2 - : 1262 12 28 292 4058 : 1256 19 2799 2799 0 : 0 1 301 0 349 - 282 : 1.150009 2100.9 0.0 0.291676 2146.2 0.0 : 3 --c 0000 : 23 0 0.000 0.000 0 0.000 0.000 0 0.000 0.000 : 118.493618 118.503512 0.000171 118.772012 0.000303 118.774882 0.000119 118.784043 0.000191 : 118.785294 ]
[118.786s][info][gc       ] [SYSINFO 8136 320 605 5869 1044 0 18 0 0 6427 : - - - - - - - - : 0 7168 : 2.45 0.95 0.35 : 198714 5551528 : 0 0 : 25 0 : 2056 2 0 211 : - 8219656192 79581184 584151040 6664593408 334946304 635289600 : 139632189 230420 47340 0 0 0 : 118.785728 ]
[118.786s][info][gc       ] [HUGEPAGESTAT 0 0 0 - 260 0 0 : 198656 0 0 : 118.785728 ]
[118.786s][info][gc       ] [OBJCREAT 324425819 24635 874496 : 118.785782 ]
[118.786s][info][gc       ] [HMSV All : 164286 159996 2080 0 0 0 0 0 : 7784 0 0 0 : 118.785803 ]
[118.786s][info][gc       ] [HMSP 164354 : 59692 319992 : 118.785803 ]
[118.788s][info][gc       ] [VMAC 65530 170 762 485 1417 : 118.787882 ]
[119.290s][info][gc       ] [GPGC-H  4307.0 2.4 0.0 0.0 : 5.1 : 0.000 0.000 : 0.000 0.000 0.325 2.422 : 0.000 0.000 0.000 0.000 0.828 0.050 : 0.000 : 35.191 : 3592 12 28 0 : 2280 : 5720 5428 : 119.289877 : 9 Next_heuristic_check_may_be_too_late ]
[119.296s][info][safepoint] Application time: 0.5116524 seconds
[119.297s][info][safepoint] Total time for which application threads were stopped: 0.0004638 seconds, Stopping threads took: 0.0000005 seconds
[119.298s][info][gc       ] [SPS 0.000 0.005 0.009 0.009 0.001 0.001 0.000 0.423 0.030 0.464 NewGC_pause1 119.296433 ]
[119.627s][info][safepoint] Application time: 0.3302850 seconds
[119.628s][info][safepoint] Total time for which application threads were stopped: 0.0001942 seconds, Stopping threads took: 0.0000438 seconds
[119.628s][info][gc       ] [SPS 0.000 0.001 0.000 0.009 0.044 0.001 0.001 0.113 0.026 0.194 NewGC_pause2 119.626913 ]
[119.631s][info][safepoint] Application time: 0.0038541 seconds
[119.631s][info][safepoint] Total time for which application threads were stopped: 0.0002152 seconds, Stopping threads took: 0.0000006 seconds
[119.632s][info][gc       ] [SPS 0.000 0.001 0.000 0.009 0.001 0.001 0.000 0.102 0.103 0.216 NewGC_pause3 119.630983 ]
[119.639s][info][safepoint] Application time: 0.0075118 seconds
[119.639s][info][safepoint] Total time for which application threads were stopped: 0.0004444 seconds, Stopping threads took: 0.0000019 seconds
[119.640s][info][gc       ] [SPS 0.000 0.006 0.006 0.023 0.002 0.003 0.001 0.341 0.075 0.445 NewGC_pause4 119.638939 ]
[119.646s][info][gc       ] [GC New Max 137-131 : 6356 4584 1898 6356 - - 557 20 2 2 - : 1566 12 28 292 4252 : 1559 21 2689 2689 0 : 0 1 330 0 409 - 374 : 0.505306 4611.1 0.0 0.355005 1859.1 0.0 : 3 --c 0000 : 23 0 0.000 0.000 0 0.000 0.000 0 0.000 0.000 : 119.290600 119.295969 0.000388 119.626719 0.000165 119.630767 0.000092 119.638495 0.000284 : 119.645605 ]
[119.646s][info][gc       ] [SYSINFO 8136 320 605 5869 1044 0 18 0 0 6427 : - - - - - - - - : 0 7168 : 2.45 0.95 0.35 : 198714 5551528 : 0 0 : 25 0 : 2056 2 0 211 : - 8219656192 79581184 584151040 6664593408 334946304 635289600 : 139632189 232260 47450 0 0 0 : 119.645892 ]
[119.646s][info][gc       ] [HUGEPAGESTAT 0 0 0 - 260 0 0 : 198656 0 0 : 119.645892 ]
[119.646s][info][gc       ] [OBJCREAT 327410004 24635 874496 : 119.645944 ]
[119.646s][info][gc       ] [HMSV All : 165090 160800 2102 0 0 0 0 0 : 7784 0 0 0 : 119.645964 ]
[119.646s][info][gc       ] [HMSP 165158 : 59692 321600 : 119.645964 ]
[119.649s][info][gc       ] [VMAC 65530 170 936 485 1591 : 119.648517 ]
[120.293s][info][gc       ] [GPGC-H  4129.6 2.2 0.0 0.0 : 4.6 : 0.000 0.000 : 0.000 0.000 0.355 2.422 : 0.000 0.000 0.000 0.000 0.828 0.050 : 0.000 : 41.265 : 3346 12 28 0 : 2280 : 5720 5428 : 120.292916 : 9 Next_heuristic_check_may_be_too_late ]
[120.300s][info][safepoint] Application time: 0.6606375 seconds
[120.301s][info][safepoint] Total time for which application threads were stopped: 0.0004521 seconds, Stopping threads took: 0.0000306 seconds
[120.301s][info][gc       ] [SPS 0.000 0.004 0.007 0.009 0.031 0.001 0.000 0.365 0.046 0.452 NewGC_pause1 120.300029 ]
[120.641s][info][safepoint] Application time: 0.3401874 seconds
[120.641s][info][safepoint] Total time for which application threads were stopped: 0.0002682 seconds, Stopping threads took: 0.0000162 seconds
[120.641s][info][gc       ] [SPS 0.000 0.001 0.000 0.026 0.016 0.001 0.001 0.183 0.041 0.268 NewGC_pause2 120.640485 ]
[120.644s][info][safepoint] Application time: 0.0032089 seconds
[120.644s][info][safepoint] Total time for which application threads were stopped: 0.0001517 seconds, Stopping threads took: 0.0000050 seconds
[120.645s][info][gc       ] [SPS 0.000 0.001 0.000 0.009 0.005 0.001 0.000 0.088 0.049 0.152 NewGC_pause3 120.643846 ]
[120.651s][info][safepoint] Application time: 0.0070878 seconds
[120.652s][info][safepoint] Total time for which application threads were stopped: 0.0003388 seconds, Stopping threads took: 0.0000282 seconds
[120.652s][info][gc       ] [SPS 0.000 0.004 0.003 0.009 0.028 0.001 0.000 0.247 0.053 0.339 NewGC_pause4 120.651272 ]
[120.657s][info][gc       ] [GC New Max 138-132 : 6356 4402 1716 6356 - - 557 20 2 2 - : 1384 12 28 292 4070 : 1378 20 2689 2689 0 : 0 1 362 0 373 - 319 : 0.648070 2746.6 0.0 0.363514 1991.7 0.0 : 3 --c 0000 : 23 0 0.000 0.000 0 0.000 0.000 0 0.000 0.000 : 120.293675 120.299577 0.000355 120.640217 0.000185 120.643694 0.000087 120.650933 0.000210 : 120.657189 ]
[120.658s][info][gc       ] [SYSINFO 8136 320 605 5869 1044 0 18 0 0 6427 : - - - - - - - - : 0 7168 : 2.45 0.95 0.35 : 198714 5551528 : 0 0 : 25 0 : 2056 2 0 211 : - 8219656192 79581184 584151040 6664593408 334946304 635289600 : 139632189 234150 47680 0 0 0 : 120.657468 ]
[120.658s][info][gc       ] [HUGEPAGESTAT 0 0 0 - 260 0 0 : 198656 0 0 : 120.657468 ]
[120.658s][info][gc       ] [OBJCREAT 329906077 24635 874496 : 120.657518 ]
[120.658s][info][gc       ] [HMSV All : 166992 162702 2114 0 0 0 0 0 : 7784 0 0 0 : 120.657535 ]
[120.658s][info][gc       ] [HMSP 167060 : 59692 325404 : 120.657535 ]
[120.660s][info][gc       ] [VMAC 65530 170 924 485 1579 : 120.659609 ]
[121.162s][info][gc       ] [GPGC-H  4129.6 2.2 0.0 0.0 : 4.6 : 0.000 0.000 : 0.000 0.000 0.363 2.422 : 0.000 0.000 0.000 0.000 0.828 0.050 : 0.000 : 41.203 : 3292 12 28 0 : 2280 : 5720 5428 : 121.161961 : 9 Next_heuristic_check_may_be_too_late ]
[121.168s][info][safepoint] Application time: 0.5161899 seconds
[121.169s][info][safepoint] Total time for which application threads were stopped: 0.0005807 seconds, Stopping threads took: 0.0001104 seconds
[121.169s][info][gc       ] [SPS 0.000 0.005 0.010 0.011 0.110 0.001 0.001 0.426 0.031 0.581 NewGC_pause1 121.168043 ]
[121.424s][info][safepoint] Application time: 0.2557781 seconds
[121.425s][info][safepoint] Total time for which application threads were stopped: 0.0002840 seconds, Stopping threads took: 0.0000054 seconds
[121.425s][info][gc       ] [SPS 0.000 0.002 0.000 0.013 0.005 0.001 0.001 0.231 0.033 0.284 NewGC_pause2 121.424106 ]
[121.428s][info][safepoint] Application time: 0.0038907 seconds
[121.429s][info][safepoint] Total time for which application threads were stopped: 0.0003054 seconds, Stopping threads took: 0.0000116 seconds
[121.429s][info][gc       ] [SPS 0.000 0.001 0.000 0.019 0.012 0.002 0.001 0.217 0.055 0.306 NewGC_pause3 121.428303 ]
[121.435s][info][safepoint] Application time: 0.0067577 seconds
[121.436s][info][safepoint] Total time for which application threads were stopped: 0.0003015 seconds, Stopping threads took: 0.0000010 seconds
[121.436s][info][gc       ] [SPS 0.000 0.005 0.004 0.015 0.001 0.002 0.001 0.232 0.052 0.302 NewGC_pause4 121.435362 ]
[121.441s][info][gc       ] [GC New Max 139-133 : 6356 4140 1454 6356 - - 557 20 2 2 - : 1122 12 28 292 3808 : 1118 13 2689 2689 0 : 0 1 247 0 321 - 240 : 0.505244 3784.3 0.0 0.278532 1838.2 0.0 : 3 --c 0000 : 23 0 0.000 0.000 0 0.000 0.000 0 0.000 0.000 : 121.162433 121.167463 0.000475 121.423822 0.000154 121.427997 0.000176 121.435060 0.000182 : 121.440965 ]
[121.441s][info][gc       ] [SYSINFO 8136 320 605 5869 1044 0 18 0 0 6427 : - - - - - - - - : 0 7168 : 2.45 0.95 0.35 : 198714 5551548 : 0 0 : 30 0 : 2056 2 0 211 : - 8219656192 79581184 584151040 6664593408 334946304 635289600 : 139632189 235610 47830 0 0 0 : 121.441269 ]
[121.441s][info][gc       ] [HUGEPAGESTAT 0 0 0 - 260 0 0 : 198656 0 0 : 121.441269 ]
[121.441s][info][gc       ] [OBJCREAT 332326779 24635 874496 : 121.441346 ]
[121.441s][info][gc       ] [HMSV All : 167928 163638 2128 0 0 0 0 0 : 7784 0 0 0 : 121.441377 ]
[121.441s][info][gc       ] [HMSP 167996 : 59692 327276 : 121.441377 ]
[121.443s][info][gc       ] [VMAC 65530 170 744 485 1399 : 121.442943 ]
[121.866s][info][gc       ] [GPGC-H  4102.5 2.1 0.0 0.0 : 4.5 : 0.000 0.000 : 0.000 0.000 0.363 2.422 : 0.000 0.000 0.000 0.000 0.828 0.050 : 0.000 : 41.152 : 3590 12 28 0 : 2280 : 5720 5428 : 121.866263 : 9 Next_heuristic_check_may_be_too_late ]
[121.874s][info][safepoint] Application time: 0.4381787 seconds
[121.875s][info][safepoint] Total time for which application threads were stopped: 0.0002653 seconds, Stopping threads took: 0.0000192 seconds
[121.875s][info][gc       ] [SPS 0.000 0.004 0.003 0.009 0.019 0.001 0.001 0.191 0.060 0.281 NewGC_pause1 121.873822 ]
[122.147s][info][safepoint] Application time: 0.2722706 seconds
[122.147s][info][safepoint] Total time for which application threads were stopped: 0.0004760 seconds, Stopping threads took: 0.0000256 seconds
[122.148s][info][gc       ] [SPS 0.000 0.001 0.000 0.008 0.026 0.003 0.001 0.346 0.093 0.477 NewGC_pause2 122.146569 ]
[122.151s][info][safepoint] Application time: 0.0040260 seconds
[122.151s][info][safepoint] Total time for which application threads were stopped: 0.0002475 seconds, Stopping threads took: 0.0000118 seconds
[122.152s][info][gc       ] [SPS 0.000 0.000 0.000 0.008 0.012 0.001 0.000 0.181 0.046 0.248 NewGC_pause3 122.150842 ]
[122.154s][info][safepoint] Application time: 0.0029751 seconds
[122.155s][info][safepoint] Total time for which application threads were stopped: 0.0003061 seconds, Stopping threads took: 0.0000295 seconds
[122.155s][info][gc       ] [SPS 0.000 0.003 0.003 0.009 0.030 0.001 0.000 0.239 0.027 0.306 NewGC_pause4 122.154124 ]
[122.155s][info][gc       ] [GC New Max 140-134 : 6356 4196 1510 6356 - - 557 20 2 2 - : 1178 12 28 292 3864 : 1173 15 2688 2688 0 : 0 0 137 0 332 - 257 : 0.426055 5792.7 0.0 0.287749 952.2 0.0 : 3 --c 0000 : 23 0 0.000 0.000 0 0.000 0.000 0 0.000 0.000 : 121.867020 121.873541 0.000180 122.146092 0.000210 122.150595 0.000136 122.153818 0.000246 : 122.154768 ]
[122.155s][info][gc       ] [SYSINFO 8136 320 605 5869 1044 0 18 0 0 6427 : - - - - - - - - : 0 7168 : 2.45 0.95 0.35 : 198714 5551548 : 0 0 : 30 0 : 2056 2 0 211 : - 8219656192 79581184 584151040 6664593408 334946304 635289600 : 139632189 236930 48100 0 0 0 : 122.155222 ]
[122.155s][info][gc       ] [HUGEPAGESTAT 0 0 0 - 260 0 0 : 198656 0 0 : 122.155222 ]
[122.155s][info][gc       ] [OBJCREAT 335060995 24635 874496 : 122.155343 ]
[122.155s][info][gc       ] [HMSV All : 169458 165168 2144 0 0 0 0 0 : 7784 0 0 0 : 122.155365 ]
[122.155s][info][gc       ] [HMSP 169526 : 59692 330336 : 122.155365 ]
[122.157s][info][gc       ] [VMAC 65530 170 750 485 1405 : 122.157502 ]
[122.580s][info][gc       ] [GPGC-H  4102.5 2.1 0.0 0.0 : 4.5 : 0.000 0.000 : 0.000 0.000 0.362 2.422 : 0.000 0.000 0.000 0.000 0.828 0.050 : 0.000 : 41.145 : 3590 12 28 0 : 2280 : 5720 5428 : 122.579898 : 9 Next_heuristic_check_may_be_too_late ]
[122.587s][info][safepoint] Application time: 0.4327716 seconds
[122.588s][info][safepoint] Total time for which application threads were stopped: 0.0003121 seconds, Stopping threads took: 0.0000266 seconds
[122.589s][info][gc       ] [SPS 0.000 0.004 0.003 0.008 0.027 0.001 0.000 0.217 0.059 0.312 NewGC_pause1 122.587208 ]
[122.953s][info][safepoint] Application time: 0.3658347 seconds
[122.954s][info][safepoint] Total time for which application threads were stopped: 0.0002782 seconds, Stopping threads took: 0.0000227 seconds
[122.955s][info][gc       ] [SPS 0.000 0.001 0.000 0.008 0.023 0.001 0.000 0.219 0.027 0.278 NewGC_pause2 122.953321 ]
[122.957s][info][safepoint] Application time: 0.0036536 seconds
[122.958s][info][safepoint] Total time for which application threads were stopped: 0.0003955 seconds, Stopping threads took: 0.0000015 seconds
[122.959s][info][gc       ] [SPS 0.000 0.001 0.000 0.024 0.001 0.002 0.001 0.308 0.059 0.396 NewGC_pause3 122.957371 ]
[122.964s][info][safepoint] Application time: 0.0060170 seconds
[122.964s][info][safepoint] Total time for which application threads were stopped: 0.0002170 seconds, Stopping threads took: 0.0000026 seconds
[122.965s][info][gc       ] [SPS 0.000 0.004 0.003 0.009 0.003 0.001 0.000 0.178 0.026 0.217 NewGC_pause4 122.963605 ]
[122.970s][info][gc       ] [GC New Max 141-135 : 6356 4400 1742 6356 - - 557 20 2 2 - : 1410 12 28 292 4068 : 1377 20 2687 2687 0 : 0 1 239 0 386 - 319 : 0.425644 5666.7 0.0 0.388949 1295.8 0.0 : 3 --c 0000 : 23 0 0.000 0.000 0 0.000 0.000 0 0.000 0.000 : 122.580413 122.586896 0.000142 122.953043 0.000185 122.956975 0.000154 122.963388 0.000149 : 122.969362 ]
[122.970s][info][gc       ] [SYSINFO 8136 320 605 5869 1044 0 18 0 0 6427 : - - - - - - - - : 0 7168 : 2.45 0.95 0.35 : 198714 5551548 : 0 0 : 30 0 : 2056 2 0 211 : - 8219656192 79581184 584151040 6664593408 334946304 635289600 : 139632189 238700 48360 0 0 0 : 122.969699 ]
[122.970s][info][gc       ] [HUGEPAGESTAT 0 0 0 - 260 0 0 : 198656 0 0 : 122.969699 ]
[122.970s][info][gc       ] [OBJCREAT 337969269 24635 874496 : 122.969778 ]
[122.970s][info][gc       ] [HMSV All : 170814 166524 2163 0 0 0 0 0 : 7784 0 0 0 : 122.969796 ]
[122.970s][info][gc       ] [HMSP 170882 : 59692 333048 : 122.969796 ]
[122.972s][info][gc       ] [VMAC 65530 170 816 485 1471 : 122.971548 ]
[123.434s][info][gc       ] [GPGC-H  4102.5 2.1 0.0 0.0 : 4.5 : 0.000 0.000 : 0.000 0.000 0.389 2.422 : 0.000 0.000 0.000 0.000 0.918 0.050 : 0.000 : 47.748 : 3018 12 28 0 : 2280 : 5720 5428 : 123.434057 : 9 Next_heuristic_check_may_be_too_late ]
[123.442s][info][safepoint] Application time: 0.4782427 seconds
[123.443s][info][safepoint] Total time for which application threads were stopped: 0.0004862 seconds, Stopping threads took: 0.0000094 seconds
[123.443s][info][gc       ] [SPS 0.000 0.005 0.003 0.008 0.009 0.001 0.000 0.433 0.035 0.486 NewGC_pause1 123.442334 ]
[123.651s][info][safepoint] Application time: 0.2084905 seconds
[123.652s][info][safepoint] Total time for which application threads were stopped: 0.0002948 seconds, Stopping threads took: 0.0000345 seconds
[123.652s][info][gc       ] [SPS 0.000 0.001 0.000 0.020 0.035 0.001 0.001 0.206 0.033 0.295 NewGC_pause2 123.651120 ]
[123.655s][info][safepoint] Application time: 0.0036385 seconds
[123.655s][info][safepoint] Total time for which application threads were stopped: 0.0002010 seconds, Stopping threads took: 0.0000308 seconds
[123.656s][info][gc       ] [SPS 0.000 0.001 0.000 0.027 0.031 0.001 0.001 0.112 0.030 0.201 NewGC_pause3 123.654960 ]
[123.662s][info][safepoint] Application time: 0.0070528 seconds
[123.663s][info][safepoint] Total time for which application threads were stopped: 0.0001435 seconds, Stopping threads took: 0.0000088 seconds
[123.663s][info][gc       ] [SPS 0.000 0.003 0.003 0.009 0.009 0.001 0.000 0.089 0.036 0.144 NewGC_pause4 123.662156 ]
[123.668s][info][gc       ] [GC New Max 142-136 : 6356 3924 1350 6356 - - 558 20 2 2 - : 1018 12 28 292 3592 : 1009 9 2579 2579 0 : 0 2 205 0 249 - 260 : 0.465368 3455.3 0.0 0.232515 2468.7 0.0 : 3 --c 0000 : 23 0 0.000 0.000 0 0.000 0.000 0 0.000 0.000 : 123.434730 123.441848 0.000449 123.650825 0.000225 123.654759 0.000109 123.662013 0.000063 : 123.667245 ]
[123.668s][info][gc       ] [SYSINFO 8137 320 605 5869 1045 0 18 0 0 6427 : - - - - - - - - : 0 7168 : 2.33 0.95 0.35 : 198714 5551548 : 0 0 : 30 0 : 2056 2 0 211 : - 8220704768 79581184 585199616 6664593408 334946304 635289600 : 139632189 239930 48560 0 0 0 : 123.667536 ]
[123.668s][info][gc       ] [HUGEPAGESTAT 0 0 0 - 260 0 0 : 198656 0 0 : 123.667536 ]
[123.668s][info][gc       ] [OBJCREAT 340156344 24635 874496 : 123.667587 ]
[123.668s][info][gc       ] [HMSV All : 172044 167754 2176 0 0 0 0 0 : 7784 0 0 0 : 123.667604 ]
[123.668s][info][gc       ] [HMSP 172112 : 59692 335508 : 123.667604 ]
[123.669s][info][gc       ] [VMAC 65530 170 816 485 1471 : 123.669090 ]
[124.676s][info][gc       ] [GPGC-H  4082.7 2.1 0.0 0.0 : 4.4 : 0.000 0.000 : 0.000 0.000 0.387 2.422 : 0.000 0.000 0.000 0.000 0.918 0.050 : 0.000 : 47.632 : 3130 12 28 0 : 2280 : 5720 5428 : 124.675589 : 9 Next_heuristic_check_may_be_too_late ]
[124.680s][info][safepoint] Application time: 1.0179234 seconds
[124.681s][info][safepoint] Total time for which application threads were stopped: 0.0002582 seconds, Stopping threads took: 0.0000183 seconds
[124.681s][info][gc       ] [SPS 0.000 0.003 0.007 0.009 0.018 0.001 0.000 0.210 0.020 0.258 NewGC_pause1 124.680338 ]
[124.865s][info][safepoint] Application time: 0.1840929 seconds
[124.866s][info][safepoint] Total time for which application threads were stopped: 0.0004121 seconds, Stopping threads took: 0.0000070 seconds
[124.866s][info][gc       ] [SPS 0.000 0.017 0.000 0.052 0.007 0.008 0.001 0.318 0.025 0.412 NewGC_pause2 124.864843 ]
[124.868s][info][safepoint] Application time: 0.0031006 seconds
[124.869s][info][safepoint] Total time for which application threads were stopped: 0.0002814 seconds, Stopping threads took: 0.0000006 seconds
[124.869s][info][gc       ] [SPS 0.000 0.001 0.000 0.011 0.001 0.001 0.000 0.214 0.054 0.282 NewGC_pause3 124.868225 ]
[124.872s][info][safepoint] Application time: 0.0033228 seconds
[124.873s][info][safepoint] Total time for which application threads were stopped: 0.0002139 seconds, Stopping threads took: 0.0000091 seconds
[124.873s][info][gc       ] [SPS 0.000 0.025 0.003 0.009 0.009 0.001 0.000 0.149 0.046 0.214 NewGC_pause4 124.871762 ]
[124.874s][info][gc       ] [GC New Max 143-137 : 6356 4036 1348 6356 - - 558 20 2 2 - : 1016 12 28 292 3704 : 1009 7 2691 2691 0 : 0 1 205 0 248 - 260 : 1.008684 2093.8 0.0 0.197193 2910.9 0.0 : 3 --c 0000 : 23 0 0.000 0.000 0 0.000 0.000 0 0.000 0.000 : 124.675929 124.680080 0.000233 124.864431 0.000336 124.867944 0.000164 124.871548 0.000092 : 124.873122 ]
[124.874s][info][gc       ] [SYSINFO 8136 320 605 5869 1045 0 18 0 0 6427 : - - - - - - - - : 0 7168 : 2.33 0.95 0.35 : 198714 5551548 : 0 0 : 30 0 : 2056 2 0 211 : - 8220704768 79581184 585199616 6664593408 334946304 635289600 : 139632189 241610 48780 0 0 0 : 124.873898 ]
[124.874s][info][gc       ] [HUGEPAGESTAT 0 0 0 - 260 0 0 : 215040 0 0 : 124.873898 ]
[124.874s][info][gc       ] [OBJCREAT 342835460 24635 874496 : 124.874067 ]
[124.874s][info][gc       ] [HMSV All : 173274 168984 2198 0 0 0 0 0 : 7784 0 0 0 : 124.874108 ]
[124.874s][info][gc       ] [HMSP 173342 : 59692 337968 : 124.874108 ]
[124.876s][info][gc       ] [VMAC 65530 170 786 485 1441 : 124.876351 ]
[125.849s][info][gc       ] [COMPSTATS 1 : 5 1 : 3 1 : 0 0 : 400 2 0 0 0 0 : 0 0 0 0 0 0 : 207 217 42 : 402 0 0 0 0 0 0 : 401 0 0 0 0 0 0 ]
[125.849s][info][gc       ] [COMPSTATS 2 : 5 0 : 3 0 : 0 0 : 54 2 0 0 0 0 : 0 0 0 0 0 0 : 3194 3288 525 : 47 8 1 0 0 0 0 : 4 44 8 0 0 0 0 ]
[125.849s][info][gc       ] [DEOPTSTATS 1 : 0 0 : 0 0 : 0 0 : 0 0 : 0 1 : 0 0 : 0 0 : 0 0 : 0 0 : 0 0 : 0 0 : 0 0 : 0 0 : 0 0 : 0 0 : 0 0 : 0 0 : 0 0 : 0 0 : 0 0 : 0 0 : 0 0 : 0 0 : 0 0 : 0 0 : 0 0 : 0 0 : 0 0 : 0 0 : 0 0 : 1 0 : 0 0 : 0 0 : 0 0 : 0 0 : 0 0 : 0 0 : 0 0 : 0 0 : 0 0 : 0 0 : 0 0 ]
[125.849s][info][gc       ] [DEOPTSTATS 2 : 0 0 : 0 0 : 0 0 : 0 0 : 0 0 : 0 0 : 0 8 : 0 0 : 0 0 : 0 0 : 0 0 : 0 0 : 0 0 : 0 0 : 0 0 : 0 0 : 0 0 : 0 0 : 0 0 : 0 0 : 0 0 : 0 0 : 0 0 : 0 0 : 0 0 : 0 0 : 0 0 : 0 0 : 0 0 : 0 0 : 1 0 : 0 0 : 0 0 : 0 0 : 0 0 : 0 0 : 0 0 : 0 0 : 0 0 : 0 4 : 0 0 : 0 0 ]
[125.964s][info][gc       ] [GPGC-H  4022.6 2.0 0.0 0.0 : 4.3 : 0.000 0.000 : 0.000 0.000 0.385 2.422 : 0.000 0.000 0.000 0.000 0.915 0.050 : 0.000 : 47.199 : 3292 12 28 0 : 2280 : 5720 5428 : 125.963671 : 9 Next_heuristic_check_may_be_too_late ]
[125.971s][info][safepoint] Application time: 1.0985722 seconds
[125.971s][info][safepoint] Total time for which application threads were stopped: 0.0003036 seconds, Stopping threads took: 0.0000131 seconds
[125.972s][info][gc       ] [SPS 0.000 0.004 0.003 0.008 0.013 0.001 0.000 0.207 0.074 0.304 NewGC_pause1 125.970639 ]
[126.144s][info][safepoint] Application time: 0.1731995 seconds
[126.145s][info][safepoint] Total time for which application threads were stopped: 0.0002219 seconds, Stopping threads took: 0.0000138 seconds
[126.145s][info][gc       ] [SPS 0.000 0.001 0.000 0.010 0.014 0.001 0.000 0.165 0.032 0.222 NewGC_pause2 126.144061 ]
[126.148s][info][safepoint] Application time: 0.0034354 seconds
[126.148s][info][safepoint] Total time for which application threads were stopped: 0.0002337 seconds, Stopping threads took: 0.0000284 seconds
[126.149s][info][gc       ] [SPS 0.000 0.001 0.000 0.009 0.028 0.001 0.000 0.166 0.028 0.234 NewGC_pause3 126.147730 ]
[126.151s][info][safepoint] Application time: 0.0029971 seconds
[126.151s][info][safepoint] Total time for which application threads were stopped: 0.0002723 seconds, Stopping threads took: 0.0000070 seconds
[126.152s][info][gc       ] [SPS 0.000 0.006 0.006 0.022 0.007 0.003 0.001 0.179 0.061 0.273 NewGC_pause4 126.151000 ]
[126.152s][info][gc       ] [GC New Max 144-138 : 6356 4034 1348 6356 - - 558 20 2 2 - : 1016 12 28 292 3702 : 1009 7 2689 2689 0 : 0 1 205 0 248 - 260 : 1.091125 2085.9 0.0 0.187500 2186.7 0.0 : 3 --c 0000 : 23 0 0.000 0.000 0 0.000 0.000 0 0.000 0.000 : 125.964248 125.970335 0.000162 126.143839 0.000100 126.147496 0.000112 126.150727 0.000119 : 126.151748 ]
[126.152s][info][gc       ] [SYSINFO 8137 320 605 5869 1045 0 18 0 0 6427 : - - - - - - - - : 0 7168 : 2.33 0.95 0.35 : 198714 5551548 : 0 0 : 30 0 : 2056 3 0 211 : - 8220704768 79581184 585199616 6664593408 334946304 635289600 : 139632189 243290 49000 0 0 0 : 126.152082 ]
[126.152s][info][gc       ] [HUGEPAGESTAT 0 0 0 - 260 0 0 : 215040 0 0 : 126.152082 ]
[126.152s][info][gc       ] [OBJCREAT 345514577 24635 874496 : 126.152140 ]
[126.152s][info][gc       ] [HMSV All : 174504 170214 2220 0 0 0 0 0 : 7784 0 0 0 : 126.152159 ]
[126.152s][info][gc       ] [HMSP 174572 : 59692 340428 : 126.152159 ]
[126.154s][info][gc       ] [VMAC 65530 170 822 485 1477 : 126.154059 ]
[127.201s][info][gc       ] [GPGC-H  4022.6 2.0 0.0 0.0 : 4.3 : 0.000 0.000 : 0.000 0.000 0.382 2.422 : 0.000 0.000 0.000 0.000 0.912 0.050 : 0.000 : 46.722 : 3292 12 28 0 : 2280 : 5720 5428 : 127.201165 : 9 Next_heuristic_check_may_be_too_late ]
[127.209s][info][safepoint] Application time: 1.0572834 seconds
[127.209s][info][safepoint] Total time for which application threads were stopped: 0.0003796 seconds, Stopping threads took: 0.0000250 seconds
[127.210s][info][gc       ] [SPS 0.000 0.005 0.004 0.010 0.025 0.001 0.001 0.303 0.040 0.380 NewGC_pause1 127.208663 ]
[127.377s][info][safepoint] Application time: 0.1681736 seconds
[127.378s][info][safepoint] Total time for which application threads were stopped: 0.0004654 seconds, Stopping threads took: 0.0000381 seconds
[127.379s][info][gc       ] [SPS 0.000 0.007 0.000 0.026 0.038 0.003 0.001 0.334 0.064 0.466 NewGC_pause2 127.377303 ]
[127.381s][info][safepoint] Application time: 0.0038431 seconds
[127.382s][info][safepoint] Total time for which application threads were stopped: 0.0001537 seconds, Stopping threads took: 0.0000041 seconds
[127.382s][info][gc       ] [SPS 0.000 0.000 0.000 0.008 0.004 0.001 0.000 0.116 0.025 0.154 NewGC_pause3 127.381300 ]
[127.385s][info][safepoint] Application time: 0.0030866 seconds
[127.385s][info][safepoint] Total time for which application threads were stopped: 0.0001829 seconds, Stopping threads took: 0.0000258 seconds
[127.385s][info][gc       ] [SPS 0.000 0.005 0.004 0.013 0.026 0.001 0.001 0.112 0.030 0.183 NewGC_pause4 127.384569 ]
[127.386s][info][gc       ] [GC New Max 145-139 : 6356 4034 1348 6356 - - 558 20 2 2 - : 1016 12 28 292 3702 : 1009 7 2689 2689 0 : 0 1 205 0 248 - 260 : 1.050147 2167.3 0.0 0.183569 2233.5 0.0 : 3 --c 0000 : 23 0 0.000 0.000 0 0.000 0.000 0 0.000 0.000 : 127.201895 127.208283 0.000300 127.376837 0.000217 127.381145 0.000085 127.384386 0.000121 : 127.385464 ]
[127.386s][info][gc       ] [SYSINFO 8137 320 605 5869 1045 0 18 0 0 6427 : - - - - - - - - : 0 7168 : 2.33 0.95 0.35 : 198714 5551560 : 0 0 : 30 0 : 2056 2 0 211 : - 8220704768 79581184 585199616 6664593408 334946304 635289600 : 139632189 244930 49150 0 0 0 : 127.385881 ]
[127.386s][info][gc       ] [HUGEPAGESTAT 0 0 0 - 260 0 0 : 215040 0 0 : 127.385881 ]
[127.386s][info][gc       ] [OBJCREAT 348193693 24635 874496 : 127.385975 ]
[127.386s][info][gc       ] [HMSV All : 175734 171444 2242 0 0 0 0 0 : 7784 0 0 0 : 127.386000 ]
[127.386s][info][gc       ] [HMSP 175802 : 59692 342888 : 127.386000 ]
[127.387s][info][gc       ] [VMAC 65530 170 702 485 1357 : 127.387390 ]
[128.435s][info][gc       ] [GPGC-H  3986.3 2.0 0.0 0.0 : 4.2 : 0.000 0.000 : 0.000 0.000 0.379 2.422 : 0.000 0.000 0.000 0.000 0.908 0.050 : 0.000 : 46.271 : 3292 12 28 0 : 2280 : 5720 5428 : 128.434993 : 9 Next_heuristic_check_may_be_too_late ]
[128.442s][info][safepoint] Application time: 1.0572407 seconds
[128.443s][info][safepoint] Total time for which application threads were stopped: 0.0003139 seconds, Stopping threads took: 0.0000091 seconds
[128.443s][info][gc       ] [SPS 0.000 0.005 0.003 0.011 0.009 0.001 0.000 0.264 0.029 0.314 NewGC_pause1 128.442124 ]
[128.656s][info][safepoint] Application time: 0.2131612 seconds
[128.656s][info][safepoint] Total time for which application threads were stopped: 0.0004002 seconds, Stopping threads took: 0.0000268 seconds
[128.657s][info][gc       ] [SPS 0.000 0.002 0.000 0.020 0.027 0.002 0.001 0.288 0.062 0.401 NewGC_pause2 128.655687 ]
[128.659s][info][safepoint] Application time: 0.0033555 seconds
[128.660s][info][safepoint] Total time for which application threads were stopped: 0.0002461 seconds, Stopping threads took: 0.0000107 seconds
[128.660s][info][gc       ] [SPS 0.000 0.001 0.000 0.009 0.011 0.001 0.000 0.197 0.029 0.247 NewGC_pause3 128.659288 ]
[128.663s][info][safepoint] Application time: 0.0036136 seconds
[128.664s][info][safepoint] Total time for which application threads were stopped: 0.0001281 seconds, Stopping threads took: 0.0000304 seconds
[128.664s][info][gc       ] [SPS 0.000 0.004 0.003 0.009 0.030 0.001 0.000 0.066 0.022 0.128 NewGC_pause4 128.663030 ]
[128.665s][info][gc       ] [GC New Max 146-140 : 6356 4034 1350 6356 - - 558 20 2 2 - : 1018 12 28 292 3702 : 1009 9 2689 2689 0 : 0 2 205 0 249 - 260 : 1.050215 2167.2 0.0 0.228563 1793.8 0.0 : 3 --c 0000 : 23 0 0.000 0.000 0 0.000 0.000 0 0.000 0.000 : 128.435679 128.441810 0.000238 128.655286 0.000222 128.659041 0.000172 128.662901 0.000102 : 128.664242 ]
[128.665s][info][gc       ] [SYSINFO 8137 320 605 5869 1045 0 18 0 0 6427 : - - - - - - - - : 0 7168 : 2.22 0.95 0.36 : 198714 5551560 : 0 0 : 30 0 : 2056 2 0 211 : - 8220704768 79581184 585199616 6664593408 334946304 635289600 : 139632189 246660 49410 0 0 0 : 128.664605 ]
[128.665s][info][gc       ] [HUGEPAGESTAT 0 0 0 - 260 0 0 : 215040 0 0 : 128.664605 ]
[128.665s][info][gc       ] [OBJCREAT 350872808 24635 874496 : 128.664672 ]
[128.665s][info][gc       ] [HMSV All : 176964 172674 2264 0 0 0 0 0 : 7784 0 0 0 : 128.664706 ]
[128.665s][info][gc       ] [HMSP 177032 : 59692 345348 : 128.664706 ]
[128.667s][info][gc       ] [VMAC 65530 170 720 485 1375 : 128.667294 ]
[129.654s][info][gc       ] [GPGC-H  3986.3 2.0 0.0 0.0 : 4.2 : 0.000 0.000 : 0.000 0.000 0.377 2.422 : 0.000 0.000 0.000 0.000 0.903 0.050 : 0.000 : 45.855 : 3294 12 28 0 : 2280 : 5720 5428 : 129.654071 : 9 Next_heuristic_check_may_be_too_late ]
[129.661s][info][safepoint] Application time: 0.9976040 seconds
[129.662s][info][safepoint] Total time for which application threads were stopped: 0.0003068 seconds, Stopping threads took: 0.0000052 seconds
[129.662s][info][gc       ] [SPS 0.000 0.029 0.003 0.008 0.005 0.001 0.000 0.224 0.069 0.307 NewGC_pause1 129.660941 ]
[129.857s][info][safepoint] Application time: 0.1960163 seconds
[129.858s][info][safepoint] Total time for which application threads were stopped: 0.0001641 seconds, Stopping threads took: 0.0000278 seconds
[129.858s][info][gc       ] [SPS 0.000 0.002 0.000 0.022 0.028 0.002 0.001 0.066 0.044 0.164 NewGC_pause2 129.857122 ]
[129.861s][info][safepoint] Application time: 0.0032182 seconds
[129.861s][info][safepoint] Total time for which application threads were stopped: 0.0003961 seconds, Stopping threads took: 0.0000814 seconds
[129.861s][info][gc       ] [SPS 0.004 0.001 0.000 0.021 0.081 0.003 0.001 0.230 0.060 0.396 NewGC_pause3 129.860737 ]
[129.864s][info][safepoint] Application time: 0.0028893 seconds
[129.864s][info][safepoint] Total time for which application threads were stopped: 0.0001559 seconds, Stopping threads took: 0.0000047 seconds
[129.864s][info][gc       ] [SPS 0.000 0.006 0.004 0.014 0.005 0.002 0.001 0.104 0.031 0.156 NewGC_pause4 129.863782 ]
[129.865s][info][gc       ] [GC New Max 147-141 : 6356 4036 1348 6356 - - 558 20 2 2 - : 1016 12 28 292 3704 : 1009 7 2691 2691 0 : 0 1 205 0 248 - 260 : 0.990365 2298.1 0.0 0.210184 1950.7 0.0 : 3 --c 0000 : 23 0 0.000 0.000 0 0.000 0.000 0 0.000 0.000 : 129.654607 129.660634 0.000140 129.856958 0.000110 129.860340 0.000228 129.863626 0.000079 : 129.864791 ]
[129.865s][info][gc       ] [SYSINFO 8137 320 605 5869 1045 0 18 0 0 6427 : - - - - - - - - : 0 7168 : 2.22 0.95 0.36 : 198714 5551560 : 0 0 : 30 0 : 2056 2 0 211 : - 8220704768 79581184 585199616 6664593408 334946304 635289600 : 139632189 248340 49640 0 0 0 : 129.865089 ]
[129.865s][info][gc       ] [HUGEPAGESTAT 0 0 0 - 260 0 0 : 215040 0 0 : 129.865089 ]
[129.865s][info][gc       ] [OBJCREAT 353551923 24635 874496 : 129.865150 ]
[129.865s][info][gc       ] [HMSV All : 178194 173904 2286 0 0 0 0 0 : 7784 0 0 0 : 129.865174 ]
[129.865s][info][gc       ] [HMSP 178262 : 59692 347808 : 129.865174 ]
[129.867s][info][gc       ] [VMAC 65530 170 858 485 1513 : 129.866934 ]
[131.016s][info][gc       ] [GPGC-H  3947.0 1.9 0.0 0.0 : 4.1 : 0.000 0.000 : 0.000 0.000 0.374 2.422 : 0.000 0.000 0.000 0.000 0.898 0.050 : 0.000 : 45.465 : 3340 12 28 0 : 2280 : 5720 5428 : 131.015587 : 9 Next_heuristic_check_may_be_too_late ]
[131.053s][info][safepoint] Application time: 1.1890128 seconds
[131.054s][info][safepoint] Total time for which application threads were stopped: 0.0004166 seconds, Stopping threads took: 0.0000133 seconds
[131.054s][info][gc       ] [SPS 0.000 0.005 0.009 0.011 0.013 0.001 0.001 0.348 0.043 0.417 NewGC_pause1 131.053212 ]
[131.370s][info][safepoint] Application time: 0.3168634 seconds
[131.371s][info][safepoint] Total time for which application threads were stopped: 0.0001413 seconds, Stopping threads took: 0.0000012 seconds
[131.371s][info][gc       ] [SPS 0.000 0.002 0.000 0.015 0.001 0.002 0.001 0.085 0.038 0.141 NewGC_pause2 131.370217 ]
[131.372s][info][safepoint] Application time: 0.0018900 seconds
[131.373s][info][safepoint] Total time for which application threads were stopped: 0.0001566 seconds, Stopping threads took: 0.0000042 seconds
[131.373s][info][gc       ] [SPS 0.000 0.001 0.000 0.009 0.004 0.001 0.000 0.118 0.024 0.157 NewGC_pause3 131.372263 ]
[131.375s][info][safepoint] Application time: 0.0028217 seconds
[131.376s][info][safepoint] Total time for which application threads were stopped: 0.0002146 seconds, Stopping threads took: 0.0000990 seconds
[131.376s][info][gc       ] [SPS 0.000 0.004 0.003 0.008 0.099 0.001 0.000 0.065 0.041 0.215 NewGC_pause4 131.375300 ]
[131.376s][info][gc       ] [GC New Max 148-142 : 6356 4390 1602 6356 - - 558 20 2 2 - : 1270 12 28 292 4058 : 1258 19 2799 2799 0 : 0 1 302 0 353 - 282 : 1.151562 2019.9 0.0 0.359710 2012.7 0.0 : 3 --c 0000 : 23 0 0.000 0.000 0 0.000 0.000 0 0.000 0.000 : 131.016352 131.052795 0.000328 131.370075 0.000070 131.372107 0.000123 131.375085 0.000164 : 131.376062 ]
[131.376s][info][gc       ] [SYSINFO 8137 320 605 5869 1045 0 18 0 0 6427 : - - - - - - - - : 0 7168 : 2.22 0.95 0.36 : 198714 5551560 : 0 0 : 30 0 : 2056 3 0 211 : - 8220704768 79581184 585199616 6664593408 334946304 635289600 : 139632189 250510 50030 0 0 0 : 131.376391 ]
[131.376s][info][gc       ] [HUGEPAGESTAT 0 0 0 - 260 0 0 : 215040 0 0 : 131.376391 ]
[131.376s][info][gc       ] [OBJCREAT 356585189 24635 874496 : 131.376455 ]
[131.376s][info][gc       ] [HMSV All : 179874 175584 2308 0 0 0 0 0 : 7784 0 0 0 : 131.376472 ]
[131.376s][info][gc       ] [HMSP 179942 : 59692 351168 : 131.376472 ]
[131.378s][info][gc       ] [VMAC 65530 170 984 485 1639 : 131.377956 ]
[131.820s][info][gc       ] [GPGC-H  3947.0 1.9 0.0 0.0 : 4.1 : 0.000 0.000 : 0.000 0.000 0.374 2.422 : 0.000 0.000 0.000 0.000 0.898 0.050 : 0.000 : 45.090 : 3344 12 28 0 : 2280 : 5720 5428 : 131.819915 : 9 Next_heuristic_check_may_be_too_late ]
[131.836s][info][safepoint] Application time: 0.4602809 seconds
[131.837s][info][safepoint] Total time for which application threads were stopped: 0.0004524 seconds, Stopping threads took: 0.0000179 seconds
[131.837s][info][gc       ] [SPS 0.001 0.019 0.007 0.009 0.018 0.001 0.000 0.383 0.041 0.453 NewGC_pause1 131.836034 ]
[132.160s][info][safepoint] Application time: 0.3236548 seconds
[132.161s][info][safepoint] Total time for which application threads were stopped: 0.0002368 seconds, Stopping threads took: 0.0000041 seconds
[132.161s][info][gc       ] [SPS 0.000 0.002 0.000 0.009 0.004 0.001 0.001 0.183 0.040 0.237 NewGC_pause2 132.159926 ]
[132.165s][info][safepoint] Application time: 0.0044129 seconds
[132.165s][info][safepoint] Total time for which application threads were stopped: 0.0001959 seconds, Stopping threads took: 0.0000111 seconds
[132.165s][info][gc       ] [SPS 0.000 0.000 0.000 0.021 0.011 0.001 0.000 0.137 0.025 0.196 NewGC_pause3 132.164535 ]
[132.172s][info][safepoint] Application time: 0.0066963 seconds
[132.172s][info][safepoint] Total time for which application threads were stopped: 0.0004436 seconds, Stopping threads took: 0.0000081 seconds
[132.172s][info][gc       ] [SPS 0.000 0.007 0.005 0.023 0.008 0.002 0.001 0.342 0.067 0.444 NewGC_pause4 132.171675 ]
[132.177s][info][gc       ] [GC New Max 149-143 : 6356 4402 1716 6356 - - 558 20 2 2 - : 1384 12 28 292 4070 : 1378 20 2689 2689 0 : 0 1 362 0 373 - 319 : 0.444413 4671.3 0.0 0.355948 2034.0 0.0 : 3 --c 0000 : 23 0 0.000 0.000 0 0.000 0.000 0 0.000 0.000 : 131.820476 131.835581 0.000347 132.159689 0.000130 132.164339 0.000113 132.171231 0.000222 : 132.176424 ]
[132.177s][info][gc       ] [SYSINFO 8138 320 605 5869 1045 0 18 0 0 6427 : - - - - - - - - : 0 7168 : 2.22 0.95 0.36 : 198714 5551560 : 0 0 : 30 0 : 2056 3 0 211 : - 8220704768 79581184 585199616 6664593408 334946304 635289600 : 139632189 252130 50270 0 0 0 : 132.176911 ]
[132.177s][info][gc       ] [HUGEPAGESTAT 0 0 0 - 260 0 0 : 215040 0 0 : 132.176911 ]
[132.177s][info][gc       ] [OBJCREAT 359376417 24635 874496 : 132.176997 ]
[132.177s][info][gc       ] [HMSV All : 181284 176994 2323 0 0 0 0 0 : 7784 0 0 0 : 132.177025 ]
[132.177s][info][gc       ] [HMSP 181352 : 59692 353988 : 132.177025 ]
[132.179s][info][gc       ] [VMAC 65530 170 984 485 1639 : 132.178613 ]
[132.741s][info][gc       ] [GPGC-H  3907.8 1.9 0.0 0.0 : 4.0 : 0.000 0.000 : 0.000 0.000 0.374 2.422 : 0.000 0.000 0.000 0.000 0.898 0.050 : 0.000 : 45.084 : 3592 12 28 0 : 2280 : 5720 5428 : 132.741341 : 9 Next_heuristic_check_may_be_too_late ]
[132.749s][info][safepoint] Application time: 0.5766129 seconds
[132.749s][info][safepoint] Total time for which application threads were stopped: 0.0004965 seconds, Stopping threads took: 0.0000007 seconds
[132.750s][info][gc       ] [SPS 0.000 0.005 0.003 0.011 0.001 0.001 0.001 0.443 0.040 0.497 NewGC_pause1 132.748785 ]
[133.049s][info][safepoint] Application time: 0.3002533 seconds
[133.050s][info][safepoint] Total time for which application threads were stopped: 0.0002318 seconds, Stopping threads took: 0.0000006 seconds
[133.051s][info][gc       ] [SPS 0.000 0.001 0.000 0.009 0.001 0.001 0.000 0.192 0.030 0.232 NewGC_pause2 133.049270 ]
[133.062s][info][safepoint] Application time: 0.0121145 seconds
[133.063s][info][safepoint] Total time for which application threads were stopped: 0.0004733 seconds, Stopping threads took: 0.0000006 seconds
[133.063s][info][gc       ] [SPS 0.000 0.001 0.000 0.051 0.001 0.001 0.000 0.328 0.092 0.474 NewGC_pause3 133.061858 ]
[133.071s][info][safepoint] Application time: 0.0086087 seconds
[133.071s][info][safepoint] Total time for which application threads were stopped: 0.0002331 seconds, Stopping threads took: 0.0000199 seconds
[133.072s][info][gc       ] [SPS 0.000 0.004 0.003 0.008 0.020 0.001 0.000 0.177 0.027 0.233 NewGC_pause4 133.070700 ]
[133.078s][info][gc       ] [GC New Max 150-144 : 6356 4402 1716 6356 - - 558 20 2 2 - : 1384 12 28 292 4070 : 1377 20 2689 2689 0 : 0 1 239 0 373 - 319 : 0.565615 3903.7 0.0 0.335557 1424.5 0.0 : 3 --c 0000 : 23 0 0.000 0.000 0 0.000 0.000 0 0.000 0.000 : 132.742039 132.748288 0.000419 133.049038 0.000166 133.061385 0.000281 133.070467 0.000165 : 133.077596 ]
[133.078s][info][gc       ] [SYSINFO 8137 320 605 5869 1045 0 18 0 0 6427 : - - - - - - - - : 0 7168 : 2.22 0.95 0.36 : 198714 5551560 : 0 0 : 30 0 : 2056 2 0 211 : - 8220704768 79581184 585199616 6664593408 334946304 635289600 : 139632189 253790 50510 0 0 0 : 133.078233 ]
[133.078s][info][gc       ] [HUGEPAGESTAT 0 0 0 - 260 0 0 : 215040 0 0 : 133.078233 ]
[133.078s][info][gc       ] [OBJCREAT 362055533 24635 874496 : 133.078439 ]
[133.078s][info][gc       ] [HMSV All : 183186 178896 2336 0 0 0 0 0 : 7784 0 0 0 : 133.078475 ]
[133.078s][info][gc       ] [HMSP 183254 : 59692 357792 : 133.078475 ]
[133.081s][info][gc       ] [VMAC 65530 170 804 485 1459 : 133.080935 ]
[133.584s][info][gc       ] [GPGC-H  3907.8 1.9 0.0 0.0 : 4.0 : 0.000 0.000 : 0.000 0.000 0.374 2.422 : 0.000 0.000 0.000 0.000 0.897 0.050 : 0.000 : 45.003 : 3592 12 28 0 : 2280 : 5720 5428 : 133.583518 : 9 Next_heuristic_check_may_be_too_late ]
[133.591s][info][safepoint] Application time: 0.5197517 seconds
[133.592s][info][safepoint] Total time for which application threads were stopped: 0.0004033 seconds, Stopping threads took: 0.0000054 seconds
[133.592s][info][gc       ] [SPS 0.000 0.004 0.003 0.010 0.005 0.001 0.001 0.357 0.029 0.403 NewGC_pause1 133.590855 ]
[133.896s][info][safepoint] Application time: 0.3052890 seconds
[133.897s][info][safepoint] Total time for which application threads were stopped: 0.0002087 seconds, Stopping threads took: 0.0000198 seconds
[133.897s][info][gc       ] [SPS 0.000 0.002 0.000 0.017 0.020 0.002 0.001 0.128 0.040 0.209 NewGC_pause2 133.896354 ]
[133.900s][info][safepoint] Application time: 0.0035039 seconds
[133.901s][info][safepoint] Total time for which application threads were stopped: 0.0002708 seconds, Stopping threads took: 0.0000223 seconds
[133.901s][info][gc       ] [SPS 0.000 0.001 0.000 0.009 0.022 0.001 0.000 0.209 0.029 0.271 NewGC_pause3 133.900128 ]
[133.910s][info][safepoint] Application time: 0.0091009 seconds
[133.910s][info][safepoint] Total time for which application threads were stopped: 0.0002755 seconds, Stopping threads took: 0.0000015 seconds
[133.910s][info][gc       ] [SPS 0.000 0.006 0.006 0.022 0.002 0.003 0.001 0.220 0.028 0.275 NewGC_pause4 133.909505 ]
[133.917s][info][gc       ] [GC New Max 151-145 : 6356 4402 1716 6356 - - 560 20 2 2 - : 1384 12 28 292 4070 : 1377 20 2689 2689 0 : 0 1 239 0 373 - 319 : 0.506667 4357.9 0.0 0.331891 1440.2 0.0 : 3 --c 0000 : 23 0 0.000 0.000 0 0.000 0.000 0 0.000 0.000 : 133.584263 133.590452 0.000327 133.896145 0.000152 133.899857 0.000199 133.909230 0.000203 : 133.916154 ]
[133.917s][info][gc       ] [SYSINFO 8139 320 605 5869 1047 0 18 0 0 6427 : - - - - - - - - : 0 7168 : 2.13 0.96 0.36 : 198714 5551560 : 0 0 : 30 0 : 2056 2 0 211 : - 8222830592 79581184 587325440 6664593408 334946304 635289600 : 139632189 255410 50730 0 0 0 : 133.916440 ]
[133.917s][info][gc       ] [HUGEPAGESTAT 0 0 0 - 260 0 0 : 231424 0 0 : 133.916440 ]
[133.917s][info][gc       ] [OBJCREAT 364734648 24635 874496 : 133.916544 ]
[133.917s][info][gc       ] [HMSV All : 184596 180306 2350 0 0 0 0 0 : 7784 0 0 0 : 133.916560 ]
[133.917s][info][gc       ] [HMSP 184664 : 59692 360612 : 133.916560 ]
[133.919s][info][gc       ] [VMAC 65530 170 750 485 1405 : 133.918633 ]
[134.462s][info][gc       ] [GPGC-H  3883.3 1.8 0.0 0.0 : 3.9 : 0.000 0.000 : 0.000 0.000 0.373 2.422 : 0.000 0.000 0.000 0.000 0.896 0.050 : 0.000 : 44.950 : 3592 12 28 0 : 2280 : 5720 5428 : 134.462116 : 9 Next_heuristic_check_may_be_too_late ]
[134.469s][info][safepoint] Application time: 0.5589133 seconds
[134.470s][info][safepoint] Total time for which application threads were stopped: 0.0005318 seconds, Stopping threads took: 0.0000026 seconds
[134.470s][info][gc       ] [SPS 0.000 0.005 0.023 0.015 0.003 0.002 0.001 0.441 0.072 0.532 NewGC_pause1 134.468951 ]
[134.768s][info][safepoint] Application time: 0.2983772 seconds
[134.768s][info][safepoint] Total time for which application threads were stopped: 0.0001966 seconds, Stopping threads took: 0.0000051 seconds
[134.768s][info][gc       ] [SPSH lock suspend gclocker notify wait resuspend cleanup op_time wakeup total(ms) op_name end(s) ]
[134.768s][info][gc       ] [SPS 0.000 0.001 0.000 0.009 0.005 0.001 0.000 0.150 0.031 0.197 NewGC_pause2 134.767525 ]
[134.769s][info][safepoint] Application time: 0.0017919 seconds
[134.770s][info][safepoint] Total time for which application threads were stopped: 0.0001808 seconds, Stopping threads took: 0.0000006 seconds
[134.770s][info][gc       ] [SPS 0.000 0.001 0.000 0.009 0.001 0.001 0.000 0.138 0.032 0.181 NewGC_pause3 134.769497 ]
[134.776s][info][safepoint] Application time: 0.0060615 seconds
[134.776s][info][safepoint] Total time for which application threads were stopped: 0.0005193 seconds, Stopping threads took: 0.0002448 seconds
[134.776s][info][gc       ] [SPS 0.000 0.006 0.006 0.008 0.245 0.001 0.000 0.234 0.032 0.520 NewGC_pause4 134.776078 ]
[134.781s][info][gc       ] [GC New Max 152-146 : 6356 4280 1716 6356 - - 560 20 2 2 - : 1384 12 28 292 3948 : 1255 20 2689 2689 0 : 0 1 178 0 373 - 319 : 0.546643 4039.2 0.0 0.318095 1502.7 0.0 : 3 --c 0000 : 23 0 0.000 0.000 0 0.000 0.000 0 0.000 0.000 : 134.462797 134.468419 0.000366 134.767328 0.000087 134.769316 0.000072 134.775559 0.000421 : 134.780891 ]
[134.781s][info][gc       ] [SYSINFO 8139 320 605 5869 1047 0 18 0 0 6427 : - - - - - - - - : 0 7168 : 2.13 0.96 0.36 : 198714 5551560 : 0 0 : 30 0 : 2056 2 0 211 : - 8222830592 79581184 587325440 6664593408 334946304 635289600 : 139632189 256990 51100 0 0 0 : 134.781312 ]
[134.781s][info][gc       ] [HUGEPAGESTAT 0 0 0 - 260 0 0 : 231424 0 0 : 134.781312 ]
[134.781s][info][gc       ] [OBJCREAT 367413763 24635 874496 : 134.781389 ]
[134.781s][info][gc       ] [HMSV All : 186276 181986 2364 0 0 0 0 0 : 7784 0 0 0 : 134.781419 ]
[134.781s][info][gc       ] [HMSP 186344 : 59692 363972 : 134.781419 ]
[134.783s][info][gc       ] [VMAC 65530 170 834 485 1489 : 134.782820 ]
[135.347s][info][gc       ] [GPGC-H  3883.3 1.8 0.0 0.0 : 3.9 : 0.000 0.000 : 0.000 0.000 0.373 2.422 : 0.000 0.000 0.000 0.000 0.896 0.050 : 0.000 : 44.869 : 3592 12 28 0 : 2280 : 5720 5428 : 135.346766 : 9 Next_heuristic_check_may_be_too_late ]
[135.354s][info][safepoint] Application time: 0.5774026 seconds
[135.354s][info][safepoint] Total time for which application threads were stopped: 0.0001824 seconds, Stopping threads took: 0.0000114 seconds
[135.355s][info][gc       ] [SPS 0.000 0.005 0.008 0.012 0.011 0.001 0.001 0.133 0.024 0.182 NewGC_pause1 135.353664 ]
[135.671s][info][safepoint] Application time: 0.3168390 seconds
[135.671s][info][safepoint] Total time for which application threads were stopped: 0.0002773 seconds, Stopping threads took: 0.0000051 seconds
[135.672s][info][gc       ] [SPS 0.000 0.002 0.000 0.013 0.005 0.001 0.000 0.232 0.026 0.277 NewGC_pause2 135.670780 ]
[135.674s][info][safepoint] Application time: 0.0031079 seconds
[135.675s][info][safepoint] Total time for which application threads were stopped: 0.0002200 seconds, Stopping threads took: 0.0000454 seconds
[135.675s][info][gc       ] [SPS 0.000 0.001 0.000 0.009 0.045 0.001 0.000 0.147 0.017 0.220 NewGC_pause3 135.674108 ]
[135.682s][info][safepoint] Application time: 0.0072682 seconds
[135.682s][info][safepoint] Total time for which application threads were stopped: 0.0002231 seconds, Stopping threads took: 0.0000016 seconds
[135.682s][info][gc       ] [SPS 0.000 0.003 0.003 0.009 0.002 0.001 0.000 0.179 0.032 0.223 NewGC_pause4 135.681600 ]
[135.689s][info][gc       ] [GC New Max 153-147 : 6356 4402 1730 6356 - - 560 20 2 2 - : 1398 12 28 292 4070 : 1377 20 2689 2689 0 : 0 1 239 0 380 - 319 : 0.566485 3897.7 0.0 0.341129 1442.3 0.0 : 3 --c 0000 : 23 0 0.000 0.000 0 0.000 0.000 0 0.000 0.000 : 135.347376 135.353481 0.000152 135.670503 0.000251 135.673889 0.000203 135.681377 0.000111 : 135.688505 ]
[135.689s][info][gc       ] [SYSINFO 8139 320 605 5869 1047 0 18 0 0 6427 : - - - - - - - - : 0 7168 : 2.13 0.96 0.36 : 198714 5551560 : 0 0 : 30 0 : 2056 2 0 211 : - 8222830592 79581184 587325440 6664593408 334946304 635289600 : 139632189 258700 51430 0 0 0 : 135.689117 ]
[135.689s][info][gc       ] [HUGEPAGESTAT 0 0 0 - 260 0 0 : 231424 0 0 : 135.689117 ]
[135.689s][info][gc       ] [OBJCREAT 370110725 24635 874496 : 135.689239 ]
[135.689s][info][gc       ] [HMSV All : 188178 183888 2377 0 0 0 0 0 : 7784 0 0 0 : 135.689278 ]
[135.689s][info][gc       ] [HMSP 188246 : 59692 367776 : 135.689278 ]
[135.691s][info][gc       ] [VMAC 65530 170 792 485 1447 : 135.691170 ]
[136.234s][info][gc       ] [GPGC-H  3868.7 1.8 0.0 0.0 : 3.8 : 0.000 0.000 : 0.000 0.000 0.372 2.422 : 0.000 0.000 0.000 0.000 0.903 0.050 : 0.000 : 44.793 : 3592 12 28 0 : 2280 : 5720 5428 : 136.234183 : 9 Next_heuristic_check_may_be_too_late ]
[136.242s][info][safepoint] Application time: 0.5597287 seconds
[136.243s][info][safepoint] Total time for which application threads were stopped: 0.0003893 seconds, Stopping threads took: 0.0000254 seconds
[136.243s][info][gc       ] [SPS 0.000 0.006 0.038 0.020 0.025 0.003 0.001 0.292 0.048 0.389 NewGC_pause1 136.241719 ]
[136.536s][info][safepoint] Application time: 0.2940688 seconds
[136.537s][info][safepoint] Total time for which application threads were stopped: 0.0002758 seconds, Stopping threads took: 0.0000012 seconds
[136.537s][info][gc       ] [SPS 0.000 0.002 0.000 0.054 0.001 0.002 0.001 0.190 0.028 0.276 NewGC_pause2 136.536063 ]
[136.540s][info][safepoint] Application time: 0.0034578 seconds
[136.540s][info][safepoint] Total time for which application threads were stopped: 0.0002218 seconds, Stopping threads took: 0.0000175 seconds
[136.541s][info][gc       ] [SPS 0.000 0.001 0.000 0.022 0.018 0.002 0.001 0.101 0.078 0.222 NewGC_pause3 136.539743 ]
[136.547s][info][safepoint] Application time: 0.0071719 seconds
[136.548s][info][safepoint] Total time for which application threads were stopped: 0.0004026 seconds, Stopping threads took: 0.0000050 seconds
[136.548s][info][gc       ] [SPS 0.000 0.008 0.005 0.040 0.005 0.004 0.002 0.245 0.108 0.403 NewGC_pause4 136.547319 ]
[136.553s][info][gc       ] [GC New Max 154-148 : 6356 4402 1716 6356 - - 560 20 2 2 - : 1384 12 28 292 4070 : 1377 20 2689 2689 0 : 0 1 239 0 373 - 319 : 0.546222 4016.7 0.0 0.317902 1503.6 0.0 : 3 --c 0000 : 23 0 0.000 0.000 0 0.000 0.000 0 0.000 0.000 : 136.234727 136.241329 0.000288 136.535788 0.000235 136.539521 0.000106 136.546916 0.000247 : 136.552629 ]
[136.553s][info][gc       ] [SYSINFO 8139 320 605 5869 1047 0 18 0 0 6427 : - - - - - - - - : 0 7168 : 2.13 0.96 0.36 : 198714 5551560 : 0 0 : 30 0 : 2056 2 0 211 : - 8222830592 79581184 587325440 6664593408 334946304 635289600 : 139632189 260210 51660 0 0 0 : 136.552902 ]
[136.553s][info][gc       ] [HUGEPAGESTAT 0 0 0 - 260 0 0 : 231424 0 0 : 136.552902 ]
[136.553s][info][gc       ] [OBJCREAT 372771996 24635 874496 : 136.552952 ]
[136.553s][info][gc       ] [HMSV All : 190080 185790 2390 0 0 0 0 0 : 7784 0 0 0 : 136.552971 ]
[136.553s][info][gc       ] [HMSP 190148 : 59692 371580 : 136.552971 ]
[136.555s][info][gc       ] [VMAC 65530 170 756 485 1411 : 136.554957 ]
[137.118s][info][gc       ] [GPGC-H  3868.7 1.8 0.0 0.0 : 3.8 : 0.000 0.000 : 0.000 0.000 0.372 2.422 : 0.000 0.000 0.000 0.000 0.903 0.050 : 0.000 : 44.714 : 3592 12 28 0 : 2280 : 5720 5428 : 137.117975 : 9 Next_heuristic_check_may_be_too_late ]
[137.125s][info][safepoint] Application time: 0.5775335 seconds
[137.126s][info][safepoint] Total time for which application threads were stopped: 0.0005049 seconds, Stopping threads took: 0.0000262 seconds
[137.126s][info][gc       ] [SPS 0.000 0.004 0.004 0.010 0.026 0.001 0.000 0.435 0.033 0.505 NewGC_pause1 137.125357 ]
[137.458s][info][safepoint] Application time: 0.3321057 seconds
[137.458s][info][safepoint] Total time for which application threads were stopped: 0.0001974 seconds, Stopping threads took: 0.0000080 seconds
[137.459s][info][gc       ] [SPS 0.000 0.001 0.000 0.008 0.008 0.001 0.000 0.137 0.043 0.197 NewGC_pause2 137.457661 ]
[137.471s][info][safepoint] Application time: 0.0130200 seconds
[137.472s][info][safepoint] Total time for which application threads were stopped: 0.0002998 seconds, Stopping threads took: 0.0000005 seconds
[137.472s][info][gc       ] [SPS 0.000 0.001 0.000 0.058 0.001 0.001 0.000 0.233 0.007 0.300 NewGC_pause3 137.470981 ]
[137.478s][info][safepoint] Application time: 0.0064803 seconds
[137.478s][info][safepoint] Total time for which application threads were stopped: 0.0002092 seconds, Stopping threads took: 0.0000299 seconds
[137.479s][info][gc       ] [SPS 0.000 0.003 0.003 0.008 0.030 0.001 0.000 0.132 0.038 0.210 NewGC_pause4 137.477670 ]
[137.486s][info][gc       ] [GC New Max 155-149 : 6356 4584 1898 6356 - - 560 20 2 2 - : 1566 12 28 292 4142 : 1559 21 2689 2689 0 : 0 1 330 0 409 - 374 : 0.566000 3901.1 0.0 0.366809 1799.3 0.0 : 3 --c 0000 : 23 0 0.000 0.000 0 0.000 0.000 0 0.000 0.000 : 137.118629 137.124852 0.000413 137.457463 0.000113 137.470680 0.000287 137.477461 0.000113 : 137.485437 ]
[137.486s][info][gc       ] [SYSINFO 8139 320 605 5869 1047 0 18 0 0 6427 : - - - - - - - - : 0 7168 : 2.13 0.96 0.36 : 198714 5551560 : 0 0 : 30 0 : 2056 2 0 211 : - 8222830592 79581184 587325440 6664593408 334946304 635289600 : 139632189 261930 51940 0 0 0 : 137.485761 ]
[137.486s][info][gc       ] [HUGEPAGESTAT 0 0 0 - 260 0 0 : 231424 0 0 : 137.485761 ]
[137.486s][info][gc       ] [OBJCREAT 375634153 24635 874496 : 137.485839 ]
[137.486s][info][gc       ] [HMSV All : 192312 188022 2403 0 0 0 0 0 : 7784 0 0 0 : 137.485878 ]
[137.486s][info][gc       ] [HMSP 192380 : 59692 376044 : 137.485878 ]
[137.488s][info][gc       ] [VMAC 65530 170 660 485 1315 : 137.487757 ]
[138.092s][info][gc       ] [GPGC-H  3868.7 1.8 0.0 0.0 : 3.8 : 0.000 0.000 : 0.000 0.000 0.372 2.422 : 0.000 0.000 0.000 0.000 0.903 0.050 : 0.000 : 44.656 : 3592 12 28 0 : 2280 : 5720 5428 : 138.091841 : 9 Next_heuristic_check_may_be_too_late ]
[138.100s][info][safepoint] Application time: 0.6217577 seconds
[138.100s][info][safepoint] Total time for which application threads were stopped: 0.0003073 seconds, Stopping threads took: 0.0000020 seconds
[138.100s][info][gc       ] [SPS 0.000 0.004 0.003 0.009 0.002 0.001 0.001 0.254 0.040 0.307 NewGC_pause1 138.099736 ]
[138.419s][info][safepoint] Application time: 0.3193137 seconds
[138.420s][info][safepoint] Total time for which application threads were stopped: 0.0001806 seconds, Stopping threads took: 0.0000347 seconds
[138.420s][info][gc       ] [SPS 0.000 0.007 0.000 0.021 0.035 0.002 0.001 0.078 0.044 0.180 NewGC_pause2 138.419231 ]
[138.423s][info][safepoint] Application time: 0.0033127 seconds
[138.423s][info][safepoint] Total time for which application threads were stopped: 0.0001145 seconds, Stopping threads took: 0.0000258 seconds
[138.423s][info][gc       ] [SPS 0.000 0.001 0.000 0.009 0.026 0.001 0.000 0.058 0.020 0.115 NewGC_pause3 138.422658 ]
[138.430s][info][safepoint] Application time: 0.0070505 seconds
[138.430s][info][safepoint] Total time for which application threads were stopped: 0.0001372 seconds, Stopping threads took: 0.0000006 seconds
[138.430s][info][gc       ] [SPS 0.000 0.006 0.006 0.009 0.001 0.001 0.000 0.094 0.033 0.137 NewGC_pause4 138.429846 ]
[138.435s][info][gc       ] [GC New Max 156-150 : 6356 4280 1594 6356 - - 560 20 2 2 - : 1262 12 28 292 3948 : 1255 19 2689 2689 0 : 0 1 178 0 349 - 282 : 0.606902 3338.3 0.0 0.342418 1039.7 0.0 : 3 --c 0000 : 23 0 0.000 0.000 0 0.000 0.000 0 0.000 0.000 : 138.092339 138.099428 0.000260 138.419050 0.000126 138.422543 0.000086 138.429709 0.000087 : 138.434757 ]
[138.435s][info][gc       ] [SYSINFO 8139 320 605 5869 1047 0 18 0 0 6427 : - - - - - - - - : 0 7168 : 2.13 0.96 0.36 : 198714 5551560 : 0 0 : 30 0 : 2056 2 0 211 : - 8222830592 79581184 587325440 6664593408 334946304 635289600 : 139632189 263710 52200 0 0 0 : 138.435102 ]
[138.435s][info][gc       ] [HUGEPAGESTAT 0 0 0 - 260 0 0 : 231424 0 0 : 138.435102 ]
[138.435s][info][gc       ] [OBJCREAT 378008199 24635 874496 : 138.435180 ]
[138.435s][info][gc       ] [HMSV All : 193500 189210 2416 0 0 0 0 0 : 7784 0 0 0 : 138.435208 ]
[138.435s][info][gc       ] [HMSP 193568 : 59692 378420 : 138.435208 ]
[138.437s][info][gc       ] [VMAC 65530 170 714 485 1369 : 138.436874 ]
[138.959s][info][gc       ] [GPGC-H  3837.9 1.7 0.0 0.0 : 3.7 : 0.000 0.000 : 0.000 0.000 0.371 2.422 : 0.000 0.000 0.000 0.000 0.903 0.050 : 0.000 : 44.562 : 3592 12 28 0 : 2280 : 5720 5428 : 138.959397 : 9 Next_heuristic_check_may_be_too_late ]
[138.967s][info][safepoint] Application time: 0.5363437 seconds
[138.967s][info][safepoint] Total time for which application threads were stopped: 0.0003112 seconds, Stopping threads took: 0.0000040 seconds
[138.968s][info][gc       ] [SPS 0.000 0.005 0.006 0.014 0.004 0.002 0.001 0.248 0.043 0.311 NewGC_pause1 138.966501 ]
[139.233s][info][safepoint] Application time: 0.2661979 seconds
[139.234s][info][safepoint] Total time for which application threads were stopped: 0.0002652 seconds, Stopping threads took: 0.0000148 seconds
[139.234s][info][gc       ] [SPS 0.000 0.001 0.000 0.009 0.015 0.001 0.000 0.202 0.038 0.265 NewGC_pause2 139.232964 ]
[139.237s][info][safepoint] Application time: 0.0036219 seconds
[139.237s][info][safepoint] Total time for which application threads were stopped: 0.0002650 seconds, Stopping threads took: 0.0000010 seconds
[139.237s][info][gc       ] [SPS 0.000 0.001 0.000 0.101 0.001 0.001 0.001 0.133 0.028 0.265 NewGC_pause3 139.236851 ]
[139.245s][info][safepoint] Application time: 0.0081569 seconds
[139.246s][info][safepoint] Total time for which application threads were stopped: 0.0003232 seconds, Stopping threads took: 0.0001503 seconds
[139.246s][info][gc       ] [SPS 0.000 0.003 0.003 0.007 0.150 0.001 0.000 0.131 0.033 0.323 NewGC_pause4 139.245332 ]
[139.253s][info][gc       ] [GC New Max 157-151 : 6356 4198 1594 6356 - - 560 20 2 2 - : 1262 12 28 292 3866 : 1173 19 2689 2689 0 : 0 1 137 0 349 - 282 : 0.525252 4436.0 0.0 0.292571 1216.8 0.0 : 3 --c 0000 : 23 0 0.000 0.000 0 0.000 0.000 0 0.000 0.000 : 138.960009 138.966190 0.000235 139.232699 0.000159 139.236587 0.000156 139.245008 0.000215 : 139.252580 ]
[139.253s][info][gc       ] [SYSINFO 8138 320 605 5869 1047 0 18 0 0 6427 : - - - - - - - - : 0 7168 : 2.28 1.01 0.38 : 198714 5551560 : 0 0 : 30 0 : 2056 2 0 211 : - 8222830592 79581184 587325440 6664593408 334946304 635289600 : 139632189 265160 52550 0 0 0 : 139.252928 ]
[139.253s][info][gc       ] [HUGEPAGESTAT 0 0 0 - 260 0 0 : 231424 0 0 : 139.252928 ]
[139.253s][info][gc       ] [OBJCREAT 380687314 24635 874496 : 139.252995 ]
[139.253s][info][gc       ] [HMSV All : 195360 191070 2430 0 0 0 0 0 : 7784 0 0 0 : 139.253013 ]
[139.253s][info][gc       ] [HMSP 195428 : 59692 382140 : 139.253013 ]
[139.255s][info][gc       ] [VMAC 65530 170 642 485 1297 : 139.254841 ]
[139.697s][info][gc       ] [GPGC-H  3837.9 1.7 0.0 0.0 : 3.7 : 0.000 0.000 : 0.000 0.000 0.371 2.422 : 0.000 0.000 0.000 0.000 0.903 0.050 : 0.000 : 44.480 : 3592 12 28 0 : 2280 : 5720 5428 : 139.697068 : 9 Next_heuristic_check_may_be_too_late ]
[139.704s][info][safepoint] Application time: 0.4584690 seconds
[139.705s][info][safepoint] Total time for which application threads were stopped: 0.0004697 seconds, Stopping threads took: 0.0000269 seconds
[139.705s][info][gc       ] [SPS 0.000 0.004 0.003 0.008 0.027 0.001 0.000 0.407 0.026 0.470 NewGC_pause1 139.704271 ]
[140.005s][info][safepoint] Application time: 0.3006042 seconds
[140.005s][info][safepoint] Total time for which application threads were stopped: 0.0001094 seconds, Stopping threads took: 0.0000018 seconds
[140.006s][info][gc       ] [SPS 0.000 0.002 0.000 0.019 0.002 0.001 0.001 0.065 0.021 0.109 NewGC_pause2 140.004985 ]
[140.015s][info][safepoint] Application time: 0.0099547 seconds
[140.016s][info][safepoint] Total time for which application threads were stopped: 0.0001396 seconds, Stopping threads took: 0.0000011 seconds
[140.016s][info][gc       ] [SPS 0.000 0.001 0.000 0.059 0.001 0.002 0.001 0.065 0.012 0.140 NewGC_pause3 140.015080 ]
[140.023s][info][safepoint] Application time: 0.0076075 seconds
[140.024s][info][safepoint] Total time for which application threads were stopped: 0.0002297 seconds, Stopping threads took: 0.0000294 seconds
[140.024s][info][gc       ] [SPS 0.000 0.004 0.005 0.011 0.029 0.001 0.000 0.150 0.038 0.230 NewGC_pause4 140.022917 ]
[140.029s][info][gc       ] [GC New Max 158-152 : 6356 4402 1716 6356 - - 560 20 2 2 - : 1384 12 28 292 4070 : 1377 20 2689 2689 0 : 0 1 239 0 373 - 319 : 0.445166 5234.0 0.0 0.331362 1442.5 0.0 : 3 --c 0000 : 23 0 0.000 0.000 0 0.000 0.000 0 0.000 0.000 : 139.697746 139.703801 0.000405 140.004876 0.000077 140.014940 0.000118 140.022687 0.000124 : 140.029108 ]
[140.029s][info][gc       ] [SYSINFO 8138 320 605 5869 1047 0 18 0 0 6427 : - - - - - - - - : 0 7168 : 2.28 1.01 0.38 : 198714 5551560 : 0 0 : 30 0 : 2056 2 0 211 : - 8222830592 79581184 587325440 6664593408 334946304 635289600 : 139632189 266750 52720 0 0 0 : 140.029427 ]
[140.029s][info][gc       ] [HUGEPAGESTAT 0 0 0 - 260 0 0 : 231424 0 0 : 140.029427 ]
[140.029s][info][gc       ] [OBJCREAT 383488457 24635 874496 : 140.029489 ]
[140.030s][info][gc       ] [HMSV All : 196770 192480 2445 0 0 0 0 0 : 7784 0 0 0 : 140.029510 ]
[140.030s][info][gc       ] [HMSP 196838 : 59692 384960 : 140.029510 ]
[140.031s][info][gc       ] [VMAC 65530 170 786 485 1441 : 140.031354 ]
[140.595s][info][gc       ] [GPGC-H  3827.6 1.7 0.0 0.0 : 3.6 : 0.000 0.000 : 0.000 0.000 0.370 2.422 : 0.000 0.000 0.000 0.000 0.903 0.050 : 0.000 : 44.463 : 3592 12 28 0 : 2280 : 5720 5428 : 140.595183 : 9 Next_heuristic_check_may_be_too_late ]
[140.603s][info][safepoint] Application time: 0.5791592 seconds
[140.603s][info][safepoint] Total time for which application threads were stopped: 0.0005632 seconds, Stopping threads took: 0.0000146 seconds
[140.604s][info][gc       ] [SPS 0.000 0.004 0.003 0.010 0.015 0.001 0.000 0.507 0.030 0.563 NewGC_pause1 140.602640 ]
[140.903s][info][safepoint] Application time: 0.2998860 seconds
[140.904s][info][safepoint] Total time for which application threads were stopped: 0.0003530 seconds, Stopping threads took: 0.0000012 seconds
[140.904s][info][gc       ] [SPS 0.000 0.002 0.000 0.019 0.001 0.002 0.001 0.253 0.077 0.353 NewGC_pause2 140.902879 ]
[140.911s][info][safepoint] Application time: 0.0082049 seconds
[140.912s][info][safepoint] Total time for which application threads were stopped: 0.0003575 seconds, Stopping threads took: 0.0000306 seconds
[140.912s][info][gc       ] [SPS 0.000 0.001 0.000 0.020 0.031 0.002 0.001 0.245 0.059 0.358 NewGC_pause3 140.911442 ]
[140.918s][info][safepoint] Application time: 0.0067180 seconds
[140.919s][info][safepoint] Total time for which application threads were stopped: 0.0002241 seconds, Stopping threads took: 0.0000010 seconds
[140.919s][info][gc       ] [SPS 0.000 0.004 0.004 0.014 0.001 0.002 0.001 0.179 0.028 0.224 NewGC_pause4 140.918384 ]
[140.924s][info][gc       ] [GC New Max 159-153 : 6356 4280 1594 6356 - - 560 20 2 2 - : 1262 12 28 292 3948 : 1255 19 2689 2689 0 : 0 1 178 0 349 - 282 : 0.566696 3896.3 0.0 0.328008 1085.3 0.0 : 3 --c 0000 : 23 0 0.000 0.000 0 0.000 0.000 0 0.000 0.000 : 140.595803 140.602076 0.000470 140.902526 0.000189 140.911084 0.000206 140.918160 0.000154 : 140.923811 ]
[140.924s][info][gc       ] [SYSINFO 8138 320 605 5869 1047 0 18 0 0 6427 : - - - - - - - - : 0 7168 : 2.28 1.01 0.38 : 198714 5551560 : 0 0 : 30 0 : 2056 2 0 211 : - 8222830592 79581184 587325440 6664593408 334946304 635289600 : 139632189 268340 52970 0 0 0 : 140.924127 ]
[140.924s][info][gc       ] [HUGEPAGESTAT 0 0 0 - 260 0 0 : 231424 0 0 : 140.924127 ]
[140.924s][info][gc       ] [OBJCREAT 386045545 24635 874496 : 140.924192 ]
[140.924s][info][gc       ] [HMSV All : 198450 194160 2458 0 0 0 0 0 : 7784 0 0 0 : 140.924215 ]
[140.924s][info][gc       ] [HMSP 198518 : 59692 388320 : 140.924215 ]
[140.926s][info][gc       ] [VMAC 65530 170 780 485 1435 : 140.925896 ]
[141.450s][info][gc       ] [GPGC-H  3827.6 1.7 0.0 0.0 : 3.6 : 0.000 0.000 : 0.000 0.000 0.370 2.422 : 0.000 0.000 0.000 0.000 0.902 0.050 : 0.000 : 44.383 : 3592 12 28 0 : 2280 : 5720 5428 : 141.449567 : 9 Next_heuristic_check_may_be_too_late ]
[141.458s][info][safepoint] Application time: 0.5386920 seconds
[141.458s][info][safepoint] Total time for which application threads were stopped: 0.0004596 seconds, Stopping threads took: 0.0000194 seconds
[141.459s][info][gc       ] [SPS 0.000 0.005 0.004 0.013 0.019 0.002 0.008 0.366 0.052 0.460 NewGC_pause1 141.457536 ]
[141.818s][info][safepoint] Application time: 0.3606809 seconds
[141.819s][info][safepoint] Total time for which application threads were stopped: 0.0002379 seconds, Stopping threads took: 0.0000249 seconds
[141.819s][info][gc       ] [SPS 0.000 0.001 0.000 0.012 0.025 0.001 0.001 0.142 0.057 0.238 NewGC_pause2 141.818455 ]
[141.822s][info][safepoint] Application time: 0.0031145 seconds
[141.822s][info][safepoint] Total time for which application threads were stopped: 0.0002152 seconds, Stopping threads took: 0.0000051 seconds
[141.823s][info][gc       ] [SPS 0.000 0.001 0.000 0.010 0.005 0.001 0.001 0.168 0.030 0.215 NewGC_pause3 141.821785 ]
[141.829s][info][safepoint] Application time: 0.0071926 seconds
[141.829s][info][safepoint] Total time for which application threads were stopped: 0.0002283 seconds, Stopping threads took: 0.0000088 seconds
[141.830s][info][gc       ] [SPS 0.000 0.003 0.003 0.009 0.009 0.001 0.000 0.193 0.017 0.228 NewGC_pause4 141.829206 ]
[141.835s][info][gc       ] [GC New Max 160-154 : 6356 4402 1716 6356 - - 560 20 2 2 - : 1384 12 28 292 4070 : 1377 20 2689 2689 0 : 0 1 239 0 373 - 319 : 0.526505 4425.4 0.0 0.383916 1245.1 0.0 : 3 --c 0000 : 23 0 0.000 0.000 0 0.000 0.000 0 0.000 0.000 : 141.450316 141.457076 0.000377 141.818217 0.000153 141.821570 0.000139 141.828978 0.000211 : 141.834232 ]
[141.835s][info][gc       ] [SYSINFO 8138 320 605 5869 1047 0 18 0 0 6427 : - - - - - - - - : 0 7168 : 2.28 1.01 0.38 : 198714 5551560 : 0 0 : 30 0 : 2056 2 0 211 : - 8222830592 79581184 587325440 6664593408 334946304 635289600 : 139632189 270150 53190 0 0 0 : 141.834510 ]
[141.835s][info][gc       ] [HUGEPAGESTAT 0 0 0 - 260 0 0 : 231424 0 0 : 141.834510 ]
[141.835s][info][gc       ] [OBJCREAT 388846691 24635 874496 : 141.834562 ]
[141.835s][info][gc       ] [HMSV All : 200352 196062 2472 0 0 0 0 0 : 7784 0 0 0 : 141.834579 ]
[141.835s][info][gc       ] [HMSP 200420 : 59692 392124 : 141.834579 ]
[141.836s][info][gc       ] [VMAC 65530 170 708 485 1363 : 141.836457 ]
[142.399s][info][gc       ] [GPGC-H  3827.6 1.7 0.0 0.0 : 3.6 : 0.000 0.000 : 0.000 0.000 0.384 2.422 : 0.000 0.000 0.000 0.000 0.902 0.050 : 0.000 : 44.360 : 3592 12 28 0 : 2280 : 5720 5428 : 142.398976 : 9 Next_heuristic_check_may_be_too_late ]
[142.406s][info][safepoint] Application time: 0.5758518 seconds
[142.406s][info][safepoint] Total time for which application threads were stopped: 0.0005297 seconds, Stopping threads took: 0.0000298 seconds
[142.406s][info][gc       ] [SPS 0.000 0.004 0.009 0.014 0.030 0.001 0.000 0.440 0.044 0.530 NewGC_pause1 142.405588 ]
[142.726s][info][safepoint] Application time: 0.3201619 seconds
[142.726s][info][safepoint] Total time for which application threads were stopped: 0.0001483 seconds, Stopping threads took: 0.0000288 seconds
[142.727s][info][gc       ] [SPS 0.000 0.002 0.000 0.020 0.029 0.002 0.001 0.056 0.040 0.148 NewGC_pause2 142.725898 ]
[142.729s][info][safepoint] Application time: 0.0032242 seconds
[142.730s][info][safepoint] Total time for which application threads were stopped: 0.0001711 seconds, Stopping threads took: 0.0000142 seconds
[142.730s][info][gc       ] [SPS 0.000 0.001 0.000 0.010 0.014 0.001 0.000 0.129 0.017 0.171 NewGC_pause3 142.729294 ]
[142.737s][info][safepoint] Application time: 0.0073738 seconds
[142.737s][info][safepoint] Total time for which application threads were stopped: 0.0002660 seconds, Stopping threads took: 0.0000370 seconds
[142.738s][info][gc       ] [SPS 0.000 0.004 0.003 0.010 0.037 0.001 0.000 0.197 0.020 0.266 NewGC_pause4 142.736934 ]
[142.742s][info][gc       ] [GC New Max 161-155 : 6356 4402 1716 6356 - - 560 20 2 2 - : 1384 12 28 292 4070 : 1377 20 2689 2689 0 : 0 1 239 0 373 - 319 : 0.565304 3905.9 0.0 0.342300 1396.4 0.0 : 3 --c 0000 : 23 0 0.000 0.000 0 0.000 0.000 0 0.000 0.000 : 142.399536 142.405058 0.000422 142.725751 0.000100 142.729123 0.000148 142.736668 0.000244 : 142.741836 ]
[142.742s][info][gc       ] [SYSINFO 8138 320 605 5869 1047 0 18 0 0 6427 : - - - - - - - - : 0 7168 : 2.28 1.01 0.38 : 198714 5551560 : 0 0 : 30 0 : 2056 2 0 211 : - 8222830592 79581184 587325440 6664593408 334946304 635289600 : 139632189 271820 53430 0 0 0 : 142.742222 ]
[142.742s][info][gc       ] [HUGEPAGESTAT 0 0 0 - 260 0 0 : 231424 0 0 : 142.742222 ]
[142.742s][info][gc       ] [OBJCREAT 391525806 24635 874496 : 142.742324 ]
[142.742s][info][gc       ] [HMSV All : 202254 197964 2485 0 0 0 0 0 : 7784 0 0 0 : 142.742356 ]
[142.742s][info][gc       ] [HMSP 202322 : 59692 395928 : 142.742356 ]
[142.744s][info][gc       ] [VMAC 65530 170 660 485 1315 : 142.743589 ]
[143.267s][info][gc       ] [GPGC-H  3800.2 1.6 0.0 0.0 : 3.5 : 0.000 0.000 : 0.000 0.000 0.383 2.422 : 0.000 0.000 0.000 0.000 0.902 0.050 : 0.000 : 44.291 : 3592 12 28 0 : 2280 : 5720 5428 : 143.267212 : 9 Next_heuristic_check_may_be_too_late ]
[143.276s][info][safepoint] Application time: 0.5383949 seconds
[143.277s][info][safepoint] Total time for which application threads were stopped: 0.0004578 seconds, Stopping threads took: 0.0000021 seconds
[143.277s][info][gc       ] [SPS 0.000 0.004 0.003 0.009 0.002 0.001 0.000 0.395 0.051 0.458 NewGC_pause1 143.275787 ]
[143.558s][info][safepoint] Application time: 0.2821557 seconds
[143.558s][info][safepoint] Total time for which application threads were stopped: 0.0001754 seconds, Stopping threads took: 0.0000877 seconds
[143.559s][info][gc       ] [SPS 0.000 0.002 0.000 0.008 0.088 0.001 0.000 0.062 0.016 0.175 NewGC_pause2 143.558118 ]
[143.565s][info][safepoint] Application time: 0.0066404 seconds
[143.565s][info][safepoint] Total time for which application threads were stopped: 0.0001271 seconds, Stopping threads took: 0.0000006 seconds
[143.566s][info][gc       ] [SPS 0.000 0.001 0.000 0.053 0.001 0.001 0.000 0.068 0.005 0.127 NewGC_pause3 143.564886 ]
[143.572s][info][safepoint] Application time: 0.0072032 seconds
[143.572s][info][safepoint] Total time for which application threads were stopped: 0.0001685 seconds, Stopping threads took: 0.0000327 seconds
[143.573s][info][gc       ] [SPS 0.000 0.004 0.004 0.014 0.033 0.001 0.001 0.093 0.028 0.169 NewGC_pause4 143.572258 ]
[143.578s][info][gc       ] [GC New Max 162-156 : 6356 4280 1594 6356 - - 562 20 2 2 - : 1262 12 28 292 3948 : 1255 19 2689 2689 0 : 0 1 178 0 349 - 282 : 0.526039 4197.4 0.0 0.309349 1150.8 0.0 : 3 --c 0000 : 23 0 0.000 0.000 0 0.000 0.000 0 0.000 0.000 : 143.267875 143.275329 0.000334 143.557943 0.000152 143.564759 0.000116 143.572089 0.000127 : 143.577224 ]
[143.578s][info][gc       ] [SYSINFO 8141 320 605 5869 1050 0 18 0 0 6427 : - - - - - - - - : 0 7168 : 2.41 1.06 0.40 : 198714 5551560 : 0 0 : 30 0 : 2056 2 0 211 : - 8224915456 79581184 589410304 6664593408 334946304 635289600 : 139632189 273390 53690 0 0 0 : 143.577527 ]
[143.578s][info][gc       ] [HUGEPAGESTAT 0 0 0 - 260 0 0 : 231424 0 0 : 143.577527 ]
[143.578s][info][gc       ] [OBJCREAT 394082893 24635 874496 : 143.577585 ]
[143.578s][info][gc       ] [HMSV All : 203934 199644 2498 0 0 0 0 0 : 7784 0 0 0 : 143.577607 ]
[143.578s][info][gc       ] [HMSP 204002 : 59692 399288 : 143.577607 ]
[143.579s][info][gc       ] [VMAC 65530 170 714 485 1369 : 143.579212 ]
[144.122s][info][gc       ] [GPGC-H  3800.2 1.6 0.0 0.0 : 3.5 : 0.000 0.000 : 0.000 0.000 0.382 2.422 : 0.000 0.000 0.000 0.000 0.902 0.050 : 0.000 : 44.221 : 3592 12 28 0 : 2280 : 5720 5428 : 144.122189 : 9 Next_heuristic_check_may_be_too_late ]
[144.131s][info][safepoint] Application time: 0.5580348 seconds
[144.131s][info][safepoint] Total time for which application threads were stopped: 0.0005458 seconds, Stopping threads took: 0.0000231 seconds
[144.132s][info][gc       ] [SPS 0.000 0.005 0.003 0.008 0.023 0.001 0.000 0.473 0.041 0.546 NewGC_pause1 144.130839 ]
[144.455s][info][safepoint] Application time: 0.3239462 seconds
[144.455s][info][safepoint] Total time for which application threads were stopped: 0.0002155 seconds, Stopping threads took: 0.0000180 seconds
[144.456s][info][gc       ] [SPS 0.000 0.002 0.000 0.009 0.018 0.001 0.000 0.161 0.027 0.216 NewGC_pause2 144.455001 ]
[144.458s][info][safepoint] Application time: 0.0031350 seconds
[144.459s][info][safepoint] Total time for which application threads were stopped: 0.0002331 seconds, Stopping threads took: 0.0000529 seconds
[144.459s][info][gc       ] [SPS 0.000 0.001 0.000 0.008 0.053 0.001 0.000 0.155 0.016 0.233 NewGC_pause3 144.458369 ]
[144.466s][info][safepoint] Application time: 0.0069907 seconds
[144.466s][info][safepoint] Total time for which application threads were stopped: 0.0002344 seconds, Stopping threads took: 0.0000050 seconds
[144.466s][info][gc       ] [SPS 0.000 0.005 0.004 0.011 0.005 0.001 0.000 0.177 0.040 0.234 NewGC_pause4 144.465594 ]
[144.472s][info][gc       ] [GC New Max 163-157 : 6356 4402 1716 6356 - - 562 20 2 2 - : 1384 12 28 292 4070 : 1377 20 2689 2689 0 : 0 1 239 0 373 - 319 : 0.545776 4269.2 0.0 0.348471 1371.7 0.0 : 3 --c 0000 : 23 0 0.000 0.000 0 0.000 0.000 0 0.000 0.000 : 144.123000 144.130293 0.000464 144.454785 0.000179 144.458136 0.000213 144.465360 0.000128 : 144.471470 ]
[144.472s][info][gc       ] [SYSINFO 8141 320 605 5869 1049 0 18 0 0 6427 : - - - - - - - - : 0 7168 : 2.41 1.06 0.40 : 198714 5551560 : 0 0 : 30 0 : 2056 2 0 211 : - 8224915456 79581184 589410304 6664593408 334946304 635289600 : 139632189 275120 53970 0 0 0 : 144.471840 ]
[144.472s][info][gc       ] [HUGEPAGESTAT 0 0 0 - 260 0 0 : 245760 0 0 : 144.471840 ]
[144.472s][info][gc       ] [OBJCREAT 396884036 24635 874496 : 144.471915 ]
[144.472s][info][gc       ] [HMSV All : 205836 201546 2512 0 0 0 0 0 : 7784 0 0 0 : 144.471936 ]
[144.472s][info][gc       ] [HMSP 205904 : 59692 403092 : 144.471936 ]
[144.473s][info][gc       ] [VMAC 65530 170 738 485 1393 : 144.473206 ]
[145.016s][info][gc       ] [GPGC-H  3778.1 1.6 0.0 0.0 : 3.4 : 0.000 0.000 : 0.000 0.000 0.382 2.422 : 0.000 0.000 0.000 0.000 0.921 0.050 : 0.000 : 44.167 : 3346 12 28 0 : 2280 : 5720 5428 : 145.016469 : 9 Next_heuristic_check_may_be_too_late ]
[145.025s][info][safepoint] Application time: 0.5588410 seconds
[145.025s][info][safepoint] Total time for which application threads were stopped: 0.0003900 seconds, Stopping threads took: 0.0000247 seconds
[145.026s][info][gc       ] [SPS 0.000 0.006 0.007 0.011 0.025 0.001 0.001 0.325 0.027 0.390 NewGC_pause1 145.024826 ]
[145.293s][info][safepoint] Application time: 0.2677121 seconds
[145.293s][info][safepoint] Total time for which application threads were stopped: 0.0002660 seconds, Stopping threads took: 0.0000328 seconds
[145.294s][info][gc       ] [SPS 0.001 0.001 0.000 0.009 0.033 0.001 0.000 0.193 0.030 0.266 NewGC_pause2 145.292804 ]
[145.297s][info][safepoint] Application time: 0.0034097 seconds
[145.297s][info][safepoint] Total time for which application threads were stopped: 0.0003496 seconds, Stopping threads took: 0.0000064 seconds
[145.297s][info][gc       ] [SPS 0.000 0.001 0.000 0.009 0.006 0.001 0.000 0.299 0.035 0.350 NewGC_pause3 145.296564 ]
[145.304s][info][safepoint] Application time: 0.0073351 seconds
[145.305s][info][safepoint] Total time for which application threads were stopped: 0.0002826 seconds, Stopping threads took: 0.0000018 seconds
[145.305s][info][gc       ] [SPS 0.000 0.003 0.003 0.009 0.002 0.001 0.000 0.241 0.031 0.283 NewGC_pause4 145.304181 ]
[145.311s][info][gc       ] [GC New Max 164-158 : 6356 4198 1512 6356 - - 562 20 2 2 - : 1180 12 28 292 3866 : 1173 17 2689 2689 0 : 0 1 137 0 333 - 257 : 0.545582 4047.1 0.0 0.293980 932.0 0.0 : 3 --c 0000 : 23 0 0.000 0.000 0 0.000 0.000 0 0.000 0.000 : 145.017052 145.024436 0.000321 145.292538 0.000179 145.296214 0.000168 145.303899 0.000149 : 145.311032 ]
[145.311s][info][gc       ] [SYSINFO 8141 320 605 5869 1049 0 18 0 0 6427 : - - - - - - - - : 0 7168 : 2.41 1.06 0.40 : 198714 5551560 : 0 0 : 30 0 : 2056 2 0 211 : - 8224915456 79581184 589410304 6664593408 334946304 635289600 : 139632189 276640 54210 0 0 0 : 145.311332 ]
[145.311s][info][gc       ] [HUGEPAGESTAT 0 0 0 - 260 0 0 : 245760 0 0 : 145.311332 ]
[145.311s][info][gc       ] [OBJCREAT 399359772 24635 874496 : 145.311392 ]
[145.311s][info][gc       ] [HMSV All : 207366 203076 2525 0 0 0 0 0 : 7784 0 0 0 : 145.311414 ]
[145.311s][info][gc       ] [HMSP 207434 : 59692 406152 : 145.311414 ]
[145.313s][info][gc       ] [VMAC 65530 170 894 485 1549 : 145.312977 ]
[145.796s][info][gc       ] [GPGC-H  3778.1 1.6 0.0 0.0 : 3.4 : 0.000 0.000 : 0.000 0.000 0.381 2.422 : 0.000 0.000 0.000 0.000 0.921 0.050 : 0.000 : 44.079 : 3592 12 28 0 : 2280 : 5720 5428 : 145.796264 : 9 Next_heuristic_check_may_be_too_late ]
[145.804s][info][safepoint] Application time: 0.4995292 seconds
[145.805s][info][safepoint] Total time for which application threads were stopped: 0.0005772 seconds, Stopping threads took: 0.0000322 seconds
[145.805s][info][gc       ] [SPS 0.000 0.004 0.003 0.010 0.032 0.007 0.000 0.465 0.062 0.577 NewGC_pause1 145.804288 ]
[147.373s][info][gc       ] [Safepoint max times: safepoint 5.551 ms, time to safepoint 5.354 ms ]
[147.374s][info][gc       ] [VM has exited gracefully.]
