[0.042s][info][gc] Using Parallel
[0.329s][info][safepoint] Safepoint "ICBufferFull", Time since last: 274658379 ns, Reaching safepoint: 250531 ns, At safepoint: 62601 ns, Total: 313132 ns
[0.573s][info][gc       ] GC(0) Pause Young (Allocation Failure) 99M->61M(381M) 59.065ms
[0.573s][info][safepoint] Safepoint "ParallelGCFailedAllocation", Time since last: 184242147 ns, Reaching safepoint: 269615 ns, At safepoint: 59562322 ns, Total: 59831937 ns
[0.702s][info][gc       ] GC(1) Pause Young (Allocation Failure) 161M->152M(481M) 100.185ms
[0.702s][info][safepoint] Safepoint "ParallelGCFailedAllocation", Time since last: 27574993 ns, Reaching safepoint: 507601 ns, At safepoint: 100590920 ns, Total: 101098521 ns
[0.945s][info][gc       ] GC(2) Pause Young (Allocation Failure) 351M->331M(531M) 175.102ms
[1.702s][info][gc       ] GC(3) Pause Full (Ergonomics) 331M->330M(877M) 757.274ms
[1.703s][info][safepoint] Safepoint "ParallelGCFailedAllocation", Time since last: 67278837 ns, Reaching safepoint: 140565 ns, At safepoint: 933395332 ns, Total: 933535897 ns
[2.039s][info][gc       ] GC(4) Pause Young (Allocation Failure) 529M->530M(977M) 241.505ms
[3.210s][info][gc       ] GC(5) Pause Full (Ergonomics) 530M->483M(1371M) 1170.233ms
[3.210s][info][safepoint] Safepoint "ParallelGCFailedAllocation", Time since last: 94596703 ns, Reaching safepoint: 262782 ns, At safepoint: 1412556693 ns, Total: 1412819475 ns
[3.724s][info][gc       ] GC(6) Pause Young (Allocation Failure) 865M->825M(1062M) 357.152ms
[4.413s][info][gc       ] GC(7) Pause Full (Ergonomics) 825M->298M(1434M) 689.474ms
[4.414s][info][safepoint] Safepoint "ParallelGCFailedAllocation", Time since last: 155578279 ns, Reaching safepoint: 322953 ns, At safepoint: 1047708282 ns, Total: 1048031235 ns
[4.662s][info][gc       ] GC(8) Pause Young (Allocation Failure) 371M->371M(1451M) 215.250ms
[4.662s][info][safepoint] Safepoint "ParallelGCFailedAllocation", Time since last: 32034273 ns, Reaching safepoint: 596079 ns, At safepoint: 215635189 ns, Total: 216231268 ns
[4.764s][info][gc       ] GC(9) Pause Young (Allocation Failure) 471M->471M(1457M) 73.051ms
[4.765s][info][safepoint] Safepoint "ParallelGCFailedAllocation", Time since last: 28449755 ns, Reaching safepoint: 298494 ns, At safepoint: 73570979 ns, Total: 73869473 ns
[5.049s][info][gc       ] GC(10) Pause Young (Allocation Failure) 572M->546M(1463M) 213.328ms
[5.050s][info][safepoint] Safepoint "ParallelGCFailedAllocation", Time since last: 71000275 ns, Reaching safepoint: 199998 ns, At safepoint: 213856102 ns, Total: 214056100 ns
[5.250s][info][gc       ] GC(11) Pause Young (Allocation Failure) 674M->661M(1477M) 173.683ms
[5.250s][info][safepoint] Safepoint "ParallelGCFailedAllocation", Time since last: 26361875 ns, Reaching safepoint: 314328 ns, At safepoint: 174109660 ns, Total: 174423988 ns
[5.552s][info][gc       ] GC(12) Pause Young (Allocation Failure) 793M->780M(1496M) 272.561ms
[5.552s][info][safepoint] Safepoint "ParallelGCFailedAllocation", Time since last: 28486123 ns, Reaching safepoint: 265046 ns, At safepoint: 273082720 ns, Total: 273347766 ns
[5.719s][info][gc       ] GC(13) Pause Young (Allocation Failure) 877M->867M(1580M) 146.844ms
[5.720s][info][safepoint] Safepoint "ParallelGCFailedAllocation", Time since last: 19833806 ns, Reaching safepoint: 253871 ns, At safepoint: 147240501 ns, Total: 147494372 ns
[5.996s][info][gc       ] GC(14) Pause Young (Allocation Failure) 964M->949M(1631M) 256.769ms
[5.997s][info][safepoint] Safepoint "ParallelGCFailedAllocation", Time since last: 19568238 ns, Reaching safepoint: 193992 ns, At safepoint: 257194084 ns, Total: 257388076 ns
[6.249s][info][gc       ] GC(15) Pause Young (Allocation Failure) 1021M->1021M(1698M) 236.551ms
[6.250s][info][safepoint] Safepoint "ParallelGCFailedAllocation", Time since last: 15932118 ns, Reaching safepoint: 326295 ns, At safepoint: 237032519 ns, Total: 237358814 ns
[6.486s][info][gc       ] GC(16) Pause Young (Allocation Failure) 1094M->1038M(1675M) 187.201ms
[7.674s][info][gc       ] GC(17) Pause Full (Ergonomics) 1038M->483M(1921M) 1187.209ms
[7.674s][info][safepoint] Safepoint "ParallelGCFailedAllocation", Time since last: 48663029 ns, Reaching safepoint: 299452 ns, At safepoint: 1375686724 ns, Total: 1375986176 ns
[7.745s][info][gc       ] GC(18) Pause Young (Allocation Failure) 591M->582M(1949M) 36.684ms
[7.746s][info][safepoint] Safepoint "ParallelGCFailedAllocation", Time since last: 31797006 ns, Reaching safepoint: 1937840 ns, At safepoint: 37456499 ns, Total: 39394339 ns
[7.853s][info][gc       ] GC(19) Pause Young (Allocation Failure) 730M->719M(1962M) 73.924ms
[7.853s][info][safepoint] Safepoint "ParallelGCFailedAllocation", Time since last: 32612400 ns, Reaching safepoint: 482517 ns, At safepoint: 74609517 ns, Total: 75092034 ns
[8.094s][info][gc       ] GC(20) Pause Young (Allocation Failure) 867M->857M(1937M) 207.394ms
[8.094s][info][safepoint] Safepoint "ParallelGCFailedAllocation", Time since last: 32318437 ns, Reaching safepoint: 538104 ns, At safepoint: 207967613 ns, Total: 208505717 ns
[8.302s][info][gc       ] GC(21) Pause Young (Allocation Failure) 1046M->1011M(1964M) 143.206ms
[8.302s][info][safepoint] Safepoint "ParallelGCFailedAllocation", Time since last: 63851751 ns, Reaching safepoint: 606344 ns, At safepoint: 143754853 ns, Total: 144361197 ns
[8.565s][info][gc       ] GC(22) Pause Young (Allocation Failure) 1200M->1169M(1964M) 216.478ms
[8.876s][info][gc       ] GC(23) Pause Full (Ergonomics) 1169M->158M(1750M) 311.123ms
[8.877s][info][safepoint] Safepoint "ParallelGCFailedAllocation", Time since last: 45735759 ns, Reaching safepoint: 288822 ns, At safepoint: 528493458 ns, Total: 528782280 ns
[9.012s][info][gc       ] GC(24) Pause Young (Allocation Failure) 403M->392M(1738M) 76.996ms
[9.013s][info][safepoint] Safepoint "ParallelGCFailedAllocation", Time since last: 58102696 ns, Reaching safepoint: 266037 ns, At safepoint: 77964885 ns, Total: 78230922 ns
[9.332s][info][gc       ] GC(25) Pause Young (Allocation Failure) 694M->619M(1779M) 193.350ms
[9.333s][info][safepoint] Safepoint "ParallelGCFailedAllocation", Time since last: 125013264 ns, Reaching safepoint: 275877 ns, At safepoint: 194077400 ns, Total: 194353277 ns
[9.675s][info][gc       ] GC(26) Pause Young (Allocation Failure) 921M->900M(1827M) 280.923ms
[9.676s][info][safepoint] Safepoint "ParallelGCFailedAllocation", Time since last: 61395702 ns, Reaching safepoint: 327598 ns, At safepoint: 281347032 ns, Total: 281674630 ns
[10.019s][info][gc       ] GC(27) Pause Young (Allocation Failure) 1280M->1188M(1832M) 233.227ms
[10.341s][info][gc       ] GC(28) Pause Full (Ergonomics) 1188M->176M(2110M) 322.219ms
[10.342s][info][safepoint] Safepoint "ParallelGCFailedAllocation", Time since last: 109536313 ns, Reaching safepoint: 267566 ns, At safepoint: 556327683 ns, Total: 556595249 ns
[10.610s][info][gc       ] GC(29) Pause Young (Allocation Failure) 657M->573M(2110M) 119.463ms
[10.611s][info][safepoint] Safepoint "ParallelGCFailedAllocation", Time since last: 148382719 ns, Reaching safepoint: 635286 ns, At safepoint: 120108098 ns, Total: 120743384 ns
[11.168s][info][gc       ] GC(30) Pause Young (Allocation Failure) 1054M->1001M(2211M) 435.429ms
[11.168s][info][safepoint] Safepoint "ParallelGCFailedAllocation", Time since last: 121172689 ns, Reaching safepoint: 362891 ns, At safepoint: 435854237 ns, Total: 436217128 ns
[11.627s][info][gc       ] GC(31) Pause Young (Allocation Failure) 1556M->1447M(2246M) 300.687ms
[12.645s][info][gc       ] GC(32) Pause Full (Ergonomics) 1447M->448M(2871M) 1016.976ms
[12.645s][info][safepoint] Safepoint "ParallelGCFailedAllocation", Time since last: 158098985 ns, Reaching safepoint: 253304 ns, At safepoint: 1318730988 ns, Total: 1318984292 ns
[13.033s][info][gc       ] GC(33) Pause Young (Allocation Failure) 1106M->1035M(2871M) 195.274ms
[13.034s][info][safepoint] Safepoint "ParallelGCFailedAllocation", Time since last: 192490685 ns, Reaching safepoint: 224146 ns, At safepoint: 195941242 ns, Total: 196165388 ns
[13.623s][info][gc       ] GC(34) Pause Young (Allocation Failure) 1693M->1035M(2991M) 370.929ms
[13.623s][info][safepoint] Safepoint "ParallelGCFailedAllocation", Time since last: 217258018 ns, Reaching safepoint: 242835 ns, At safepoint: 371385998 ns, Total: 371628833 ns
[13.831s][info][gc       ] GC(35) Pause Young (Allocation Failure) 1742M->644M(3009M) 29.922ms
[13.832s][info][safepoint] Safepoint "ParallelGCFailedAllocation", Time since last: 178133438 ns, Reaching safepoint: 268383 ns, At safepoint: 30883333 ns, Total: 31151716 ns
[14.068s][info][gc       ] GC(36) Pause Young (Allocation Failure) 1344M->728M(3003M) 52.802ms
[14.069s][info][safepoint] Safepoint "ParallelGCFailedAllocation", Time since last: 182758281 ns, Reaching safepoint: 248755 ns, At safepoint: 53612814 ns, Total: 53861569 ns
[14.341s][info][gc       ] GC(37) Pause Young (Allocation Failure) 1433M->815M(2563M) 77.551ms
[14.342s][info][safepoint] Safepoint "ParallelGCFailedAllocation", Time since last: 194187228 ns, Reaching safepoint: 263991 ns, At safepoint: 78473587 ns, Total: 78737578 ns
[14.624s][info][gc       ] GC(38) Pause Young (Allocation Failure) 1522M->908M(3003M) 105.583ms
[14.625s][info][safepoint] Safepoint "ParallelGCFailedAllocation", Time since last: 176396719 ns, Reaching safepoint: 630536 ns, At safepoint: 106307010 ns, Total: 106937546 ns
[14.964s][info][gc       ] GC(39) Pause Young (Allocation Failure) 1643M->1016M(2984M) 136.606ms
[14.964s][info][safepoint] Safepoint "ParallelGCFailedAllocation", Time since last: 201628388 ns, Reaching safepoint: 358950 ns, At safepoint: 137272666 ns, Total: 137631616 ns
[15.194s][info][gc       ] GC(40) Pause Young (Allocation Failure) 1751M->587M(3009M) 11.985ms
[15.194s][info][safepoint] Safepoint "ParallelGCFailedAllocation", Time since last: 216941912 ns, Reaching safepoint: 270495 ns, At safepoint: 12855042 ns, Total: 13125537 ns
[15.451s][info][gc       ] GC(41) Pause Young (Allocation Failure) 1326M->708M(3025M) 48.361ms
[15.452s][info][safepoint] Safepoint "ParallelGCFailedAllocation", Time since last: 207892626 ns, Reaching safepoint: 558349 ns, At safepoint: 49099053 ns, Total: 49657402 ns
[15.717s][info][gc       ] GC(42) Pause Young (Allocation Failure) 1434M->815M(2953M) 77.733ms
[15.717s][info][safepoint] Safepoint "ParallelGCFailedAllocation", Time since last: 186598444 ns, Reaching safepoint: 422652 ns, At safepoint: 78452467 ns, Total: 78875119 ns
[16.063s][info][gc       ] GC(43) Pause Young (Allocation Failure) 1566M->945M(2989M) 120.272ms
[16.064s][info][safepoint] Safepoint "ParallelGCFailedAllocation", Time since last: 224664069 ns, Reaching safepoint: 536909 ns, At safepoint: 120884225 ns, Total: 121421134 ns
[16.461s][info][gc       ] GC(44) Pause Young (Allocation Failure) 1699M->1035M(3000M) 165.052ms
[16.462s][info][safepoint] Safepoint "ParallelGCFailedAllocation", Time since last: 232130751 ns, Reaching safepoint: 298653 ns, At safepoint: 165670161 ns, Total: 165968814 ns
[16.749s][info][gc       ] GC(45) Pause Young (Allocation Failure) 1795M->670M(3035M) 37.141ms
[16.749s][info][safepoint] Safepoint "ParallelGCFailedAllocation", Time since last: 249178244 ns, Reaching safepoint: 524737 ns, At safepoint: 38122983 ns, Total: 38647720 ns
[17.035s][info][gc       ] GC(46) Pause Young (Allocation Failure) 1430M->814M(2965M) 80.710ms
[17.036s][info][safepoint] Safepoint "ParallelGCFailedAllocation", Time since last: 204281273 ns, Reaching safepoint: 428813 ns, At safepoint: 81616723 ns, Total: 82045536 ns
[17.354s][info][gc       ] GC(47) Pause Young (Allocation Failure) 1572M->945M(3002M) 117.712ms
[17.354s][info][safepoint] Safepoint "ParallelGCFailedAllocation", Time since last: 199978238 ns, Reaching safepoint: 288035 ns, At safepoint: 118256294 ns, Total: 118544329 ns
[17.720s][info][gc       ] GC(48) Pause Young (Allocation Failure) 1709M->1035M(3004M) 144.751ms
[17.721s][info][safepoint] Safepoint "ParallelGCFailedAllocation", Time since last: 220632711 ns, Reaching safepoint: 280731 ns, At safepoint: 145380209 ns, Total: 145660940 ns
[17.973s][info][gc       ] GC(49) Pause Young (Allocation Failure) 1798M->678M(3037M) 38.849ms
[17.974s][info][safepoint] Safepoint "ParallelGCFailedAllocation", Time since last: 213048760 ns, Reaching safepoint: 308424 ns, At safepoint: 39589349 ns, Total: 39897773 ns
[18.254s][info][gc       ] GC(50) Pause Young (Allocation Failure) 1427M->815M(2971M) 77.429ms
[18.255s][info][safepoint] Safepoint "ParallelGCFailedAllocation", Time since last: 202623532 ns, Reaching safepoint: 545347 ns, At safepoint: 78360579 ns, Total: 78905926 ns
[18.610s][info][gc       ] GC(51) Pause Young (Allocation Failure) 1570M->945M(3006M) 116.304ms
[18.610s][info][safepoint] Safepoint "ParallelGCFailedAllocation", Time since last: 238053520 ns, Reaching safepoint: 246865 ns, At safepoint: 117033056 ns, Total: 117279921 ns
[18.965s][info][gc       ] GC(52) Pause Young (Allocation Failure) 1712M->1035M(3007M) 147.492ms
[18.966s][info][safepoint] Safepoint "ParallelGCFailedAllocation", Time since last: 207121453 ns, Reaching safepoint: 213939 ns, At safepoint: 147934502 ns, Total: 148148441 ns
[19.210s][info][gc       ] GC(53) Pause Young (Allocation Failure) 1802M->680M(3039M) 39.406ms
[19.211s][info][safepoint] Safepoint "ParallelGCFailedAllocation", Time since last: 204929114 ns, Reaching safepoint: 249900 ns, At safepoint: 40417573 ns, Total: 40667473 ns
[19.473s][info][gc       ] GC(54) Pause Young (Allocation Failure) 1436M->815M(2976M) 78.602ms
[19.474s][info][safepoint] Safepoint "ParallelGCFailedAllocation", Time since last: 182771631 ns, Reaching safepoint: 273445 ns, At safepoint: 79471438 ns, Total: 79744883 ns
[19.800s][info][gc       ] GC(55) Pause Young (Allocation Failure) 1572M->945M(3008M) 115.007ms
[19.800s][info][safepoint] Safepoint "ParallelGCFailedAllocation", Time since last: 210588378 ns, Reaching safepoint: 305802 ns, At safepoint: 115700654 ns, Total: 116006456 ns
[20.159s][info][gc       ] GC(56) Pause Young (Allocation Failure) 1714M->1035M(3009M) 146.528ms
[20.160s][info][safepoint] Safepoint "ParallelGCFailedAllocation", Time since last: 212148021 ns, Reaching safepoint: 247856 ns, At safepoint: 147076050 ns, Total: 147323906 ns
[20.399s][info][gc       ] GC(57) Pause Young (Allocation Failure) 1805M->688M(3040M) 42.806ms
[20.399s][info][safepoint] Safepoint "ParallelGCFailedAllocation", Time since last: 195541713 ns, Reaching safepoint: 416658 ns, At safepoint: 43647354 ns, Total: 44064012 ns
[20.691s][info][gc       ] GC(58) Pause Young (Allocation Failure) 1458M->837M(2972M) 86.218ms
[20.692s][info][safepoint] Safepoint "ParallelGCFailedAllocation", Time since last: 204949631 ns, Reaching safepoint: 301289 ns, At safepoint: 87154264 ns, Total: 87455553 ns
[21.013s][info][gc       ] GC(59) Pause Young (Allocation Failure) 1610M->990M(3007M) 131.741ms
[21.013s][info][safepoint] Safepoint "ParallelGCFailedAllocation", Time since last: 188806868 ns, Reaching safepoint: 274012 ns, At safepoint: 132286820 ns, Total: 132560832 ns
[21.267s][info][gc       ] GC(60) Pause Young (Allocation Failure) 1763M->598M(3035M) 16.758ms
[21.268s][info][safepoint] Safepoint "ParallelGCFailedAllocation", Time since last: 236432655 ns, Reaching safepoint: 342886 ns, At safepoint: 17527558 ns, Total: 17870444 ns
[21.544s][info][gc       ] GC(61) Pause Young (Allocation Failure) 1383M->763M(2589M) 65.862ms
[21.545s][info][safepoint] Safepoint "ParallelGCFailedAllocation", Time since last: 210320252 ns, Reaching safepoint: 262901 ns, At safepoint: 66597478 ns, Total: 66860379 ns
[21.878s][info][gc       ] GC(62) Pause Young (Allocation Failure) 1548M->933M(3036M) 117.078ms
[21.878s][info][safepoint] Safepoint "ParallelGCFailedAllocation", Time since last: 215663117 ns, Reaching safepoint: 304722 ns, At safepoint: 117731853 ns, Total: 118036575 ns
[22.269s][info][gc       ] GC(63) Pause Young (Allocation Failure) 1730M->1035M(3036M) 152.508ms
[22.269s][info][safepoint] Safepoint "ParallelGCFailedAllocation", Time since last: 237796082 ns, Reaching safepoint: 298092 ns, At safepoint: 152896526 ns, Total: 153194618 ns
[22.529s][info][gc       ] GC(64) Pause Young (Allocation Failure) 1832M->728M(3050M) 53.524ms
[22.530s][info][safepoint] Safepoint "ParallelGCFailedAllocation", Time since last: 205668987 ns, Reaching safepoint: 595819 ns, At safepoint: 54302278 ns, Total: 54898097 ns
[22.831s][info][gc       ] GC(65) Pause Young (Allocation Failure) 1503M->882M(2699M) 99.766ms
[22.832s][info][safepoint] Safepoint "ParallelGCFailedAllocation", Time since last: 200588781 ns, Reaching safepoint: 212114 ns, At safepoint: 100699575 ns, Total: 100911689 ns
[23.164s][info][gc       ] GC(66) Pause Young (Allocation Failure) 1658M->1035M(2977M) 144.489ms
[23.165s][info][safepoint] Safepoint "ParallelGCFailedAllocation", Time since last: 188115798 ns, Reaching safepoint: 298604 ns, At safepoint: 145013529 ns, Total: 145312133 ns
[23.442s][info][gc       ] GC(67) Pause Young (Allocation Failure) 1777M->613M(3011M) 20.887ms
[23.443s][info][safepoint] Safepoint "ParallelGCFailedAllocation", Time since last: 255557120 ns, Reaching safepoint: 210616 ns, At safepoint: 22051350 ns, Total: 22261966 ns
[23.714s][info][gc       ] GC(68) Pause Young (Allocation Failure) 1349M->728M(3012M) 52.417ms
[23.715s][info][safepoint] Safepoint "ParallelGCFailedAllocation", Time since last: 218261937 ns, Reaching safepoint: 538180 ns, At safepoint: 53337786 ns, Total: 53875966 ns
[24.010s][info][gc       ] GC(69) Pause Young (Allocation Failure) 1492M->871M(3023M) 96.426ms
[24.011s][info][safepoint] Safepoint "ParallelGCFailedAllocation", Time since last: 198295630 ns, Reaching safepoint: 315170 ns, At safepoint: 97125835 ns, Total: 97441005 ns
[24.352s][info][gc       ] GC(70) Pause Young (Allocation Failure) 1636M->1016M(3008M) 138.339ms
[24.352s][info][safepoint] Safepoint "ParallelGCFailedAllocation", Time since last: 202391914 ns, Reaching safepoint: 243061 ns, At safepoint: 138837876 ns, Total: 139080937 ns
[24.608s][info][gc       ] GC(71) Pause Young (Allocation Failure) 1790M->623M(3038M) 24.914ms
[24.609s][info][safepoint] Safepoint "ParallelGCFailedAllocation", Time since last: 230754460 ns, Reaching safepoint: 277796 ns, At safepoint: 25774815 ns, Total: 26052611 ns
[24.872s][info][gc       ] GC(72) Pause Young (Allocation Failure) 1397M->779M(2988M) 68.747ms
[24.873s][info][safepoint] Safepoint "ParallelGCFailedAllocation", Time since last: 193904408 ns, Reaching safepoint: 318876 ns, At safepoint: 69728141 ns, Total: 70047017 ns
[25.199s][info][gc       ] GC(73) Pause Young (Allocation Failure) 1558M->944M(3016M) 114.865ms
[25.200s][info][safepoint] Safepoint "ParallelGCFailedAllocation", Time since last: 211490948 ns, Reaching safepoint: 208390 ns, At safepoint: 115690107 ns, Total: 115898497 ns
[25.591s][info][gc       ] GC(74) Pause Young (Allocation Failure) 1723M->1035M(2994M) 144.420ms
[25.592s][info][safepoint] Safepoint "ParallelGCFailedAllocation", Time since last: 246192240 ns, Reaching safepoint: 229406 ns, At safepoint: 145045445 ns, Total: 145274851 ns
[25.851s][info][gc       ] GC(75) Pause Young (Allocation Failure) 1786M->679M(3031M) 45.206ms
[25.852s][info][safepoint] Safepoint "ParallelGCFailedAllocation", Time since last: 213268423 ns, Reaching safepoint: 351846 ns, At safepoint: 46259494 ns, Total: 46611340 ns
[26.120s][info][gc       ] GC(76) Pause Young (Allocation Failure) 1430M->815M(2954M) 79.774ms
[26.121s][info][safepoint] Safepoint "ParallelGCFailedAllocation", Time since last: 187664338 ns, Reaching safepoint: 411955 ns, At safepoint: 80829113 ns, Total: 81241068 ns
[26.448s][info][gc       ] GC(77) Pause Young (Allocation Failure) 1567M->945M(2996M) 117.569ms
[26.449s][info][safepoint] Safepoint "ParallelGCFailedAllocation", Time since last: 209176262 ns, Reaching safepoint: 600116 ns, At safepoint: 118631962 ns, Total: 119232078 ns
[26.807s][info][gc       ] GC(78) Pause Young (Allocation Failure) 1704M->1035M(3001M) 142.765ms
[26.807s][info][safepoint] Safepoint "ParallelGCFailedAllocation", Time since last: 214519750 ns, Reaching safepoint: 359361 ns, At safepoint: 143205482 ns, Total: 143564843 ns
[27.058s][info][gc       ] GC(79) Pause Young (Allocation Failure) 1794M->670M(3035M) 37.499ms
[27.058s][info][safepoint] Safepoint "ParallelGCFailedAllocation", Time since last: 212622966 ns, Reaching safepoint: 390885 ns, At safepoint: 38460650 ns, Total: 38851535 ns
[27.321s][info][gc       ] GC(80) Pause Young (Allocation Failure) 1429M->814M(2966M) 77.161ms
[27.322s][info][safepoint] Safepoint "ParallelGCFailedAllocation", Time since last: 185007639 ns, Reaching safepoint: 221841 ns, At safepoint: 78111259 ns, Total: 78333100 ns
[27.624s][info][gc       ] GC(81) Pause Young (Allocation Failure) 1568M->945M(3002M) 116.977ms
[27.624s][info][safepoint] Safepoint "ParallelGCFailedAllocation", Time since last: 184568204 ns, Reaching safepoint: 508266 ns, At safepoint: 117568006 ns, Total: 118076272 ns
[28.004s][info][gc       ] GC(82) Pause Young (Allocation Failure) 1707M->1035M(3004M) 145.149ms
[28.005s][info][safepoint] Safepoint "ParallelGCFailedAllocation", Time since last: 233920830 ns, Reaching safepoint: 388464 ns, At safepoint: 145826167 ns, Total: 146214631 ns
[28.244s][info][gc       ] GC(83) Pause Young (Allocation Failure) 1797M->675M(3036M) 38.710ms
[28.245s][info][safepoint] Safepoint "ParallelGCFailedAllocation", Time since last: 200089210 ns, Reaching safepoint: 429933 ns, At safepoint: 39821581 ns, Total: 40251514 ns
[28.542s][info][gc       ] GC(84) Pause Young (Allocation Failure) 1437M->815M(2972M) 78.375ms
[28.543s][info][safepoint] Safepoint "ParallelGCFailedAllocation", Time since last: 218687990 ns, Reaching safepoint: 318178 ns, At safepoint: 79293777 ns, Total: 79611955 ns
[28.865s][info][gc       ] GC(85) Pause Young (Allocation Failure) 1569M->945M(3005M) 114.905ms
[28.866s][info][safepoint] Safepoint "ParallelGCFailedAllocation", Time since last: 206872396 ns, Reaching safepoint: 256592 ns, At safepoint: 115765067 ns, Total: 116021659 ns
[29.237s][info][gc       ] GC(86) Pause Young (Allocation Failure) 1710M->1035M(3006M) 146.534ms
[29.237s][info][safepoint] Safepoint "ParallelGCFailedAllocation", Time since last: 223795321 ns, Reaching safepoint: 355967 ns, At safepoint: 147061598 ns, Total: 147417565 ns
[29.470s][info][gc       ] GC(87) Pause Young (Allocation Failure) 1800M->681M(3038M) 40.921ms
[29.471s][info][safepoint] Safepoint "ParallelGCFailedAllocation", Time since last: 191926655 ns, Reaching safepoint: 218852 ns, At safepoint: 41845184 ns, Total: 42064036 ns
[29.744s][info][gc       ] GC(88) Pause Young (Allocation Failure) 1435M->815M(2975M) 80.345ms
[29.745s][info][safepoint] Safepoint "ParallelGCFailedAllocation", Time since last: 191798732 ns, Reaching safepoint: 265244 ns, At safepoint: 81181184 ns, Total: 81446428 ns
[30.042s][info][gc       ] GC(89) Pause Young (Allocation Failure) 1570M->945M(3008M) 114.790ms
[30.043s][info][safepoint] Safepoint "ParallelGCFailedAllocation", Time since last: 181763201 ns, Reaching safepoint: 605006 ns, At safepoint: 115572197 ns, Total: 116177203 ns
[30.406s][info][gc       ] GC(90) Pause Young (Allocation Failure) 1713M->1035M(3009M) 144.005ms
[30.407s][info][safepoint] Safepoint "ParallelGCFailedAllocation", Time since last: 219488875 ns, Reaching safepoint: 208818 ns, At safepoint: 144914539 ns, Total: 145123357 ns
[30.682s][info][gc       ] GC(91) Pause Young (Allocation Failure) 1804M->687M(3040M) 42.520ms
[30.682s][info][safepoint] Safepoint "ParallelGCFailedAllocation", Time since last: 231578609 ns, Reaching safepoint: 307893 ns, At safepoint: 43343574 ns, Total: 43651467 ns
[30.959s][info][gc       ] GC(92) Pause Young (Allocation Failure) 1456M->835M(2972M) 84.642ms
[30.960s][info][safepoint] Safepoint "ParallelGCFailedAllocation", Time since last: 191349656 ns, Reaching safepoint: 544494 ns, At safepoint: 85391569 ns, Total: 85936063 ns
[31.288s][info][gc       ] GC(93) Pause Young (Allocation Failure) 1606M->987M(3007M) 130.710ms
[31.289s][info][safepoint] Safepoint "ParallelGCFailedAllocation", Time since last: 197622174 ns, Reaching safepoint: 337854 ns, At safepoint: 131387821 ns, Total: 131725675 ns
[31.524s][info][gc       ] GC(94) Pause Young (Allocation Failure) 1759M->594M(3034M) 15.575ms
[31.525s][info][safepoint] Safepoint "ParallelGCFailedAllocation", Time since last: 218320288 ns, Reaching safepoint: 707008 ns, At safepoint: 16966389 ns, Total: 17673397 ns
[31.798s][info][gc       ] GC(95) Pause Young (Allocation Failure) 1378M->757M(2583M) 63.940ms
[31.798s][info][safepoint] Safepoint "ParallelGCFailedAllocation", Time since last: 208219648 ns, Reaching safepoint: 370320 ns, At safepoint: 64747638 ns, Total: 65117958 ns
[32.106s][info][gc       ] GC(96) Pause Young (Allocation Failure) 1541M->927M(3039M) 110.400ms
[32.107s][info][safepoint] Safepoint "ParallelGCFailedAllocation", Time since last: 197366833 ns, Reaching safepoint: 274387 ns, At safepoint: 111243477 ns, Total: 111517864 ns
[32.498s][info][gc       ] GC(97) Pause Young (Allocation Failure) 1726M->1035M(3037M) 148.207ms
[32.499s][info][safepoint] Safepoint "ParallelGCFailedAllocation", Time since last: 242705165 ns, Reaching safepoint: 249224 ns, At safepoint: 148780558 ns, Total: 149029782 ns
[32.744s][info][gc       ] GC(98) Pause Young (Allocation Failure) 1834M->728M(3051M) 53.477ms
[32.744s][info][safepoint] Safepoint "ParallelGCFailedAllocation", Time since last: 190760157 ns, Reaching safepoint: 350892 ns, At safepoint: 54369315 ns, Total: 54720207 ns
[33.050s][info][gc       ] GC(99) Pause Young (Allocation Failure) 1505M->884M(2702M) 98.754ms
[33.051s][info][safepoint] Safepoint "ParallelGCFailedAllocation", Time since last: 206763369 ns, Reaching safepoint: 248368 ns, At safepoint: 99549667 ns, Total: 99798035 ns
[33.391s][info][gc       ] GC(100) Pause Young (Allocation Failure) 1661M->1035M(2979M) 143.400ms
[33.392s][info][safepoint] Safepoint "ParallelGCFailedAllocation", Time since last: 196385003 ns, Reaching safepoint: 257174 ns, At safepoint: 144021618 ns, Total: 144278792 ns
[33.641s][info][gc       ] GC(101) Pause Young (Allocation Failure) 1779M->618M(3013M) 21.746ms
[33.642s][info][safepoint] Safepoint "ParallelGCFailedAllocation", Time since last: 227105931 ns, Reaching safepoint: 244164 ns, At safepoint: 22717745 ns, Total: 22961909 ns
[33.910s][info][gc       ] GC(102) Pause Young (Allocation Failure) 1361M->743M(3005M) 60.027ms
[33.911s][info][safepoint] Safepoint "ParallelGCFailedAllocation", Time since last: 207590927 ns, Reaching safepoint: 394765 ns, At safepoint: 60895042 ns, Total: 61289807 ns
[34.235s][info][gc       ] GC(103) Pause Young (Allocation Failure) 1508M->894M(3020M) 103.476ms
[34.236s][info][safepoint] Safepoint "ParallelGCFailedAllocation", Time since last: 221123368 ns, Reaching safepoint: 224398 ns, At safepoint: 103980424 ns, Total: 104204822 ns
[34.566s][info][gc       ] GC(104) Pause Young (Allocation Failure) 1659M->1035M(2999M) 142.232ms
[34.567s][info][safepoint] Safepoint "ParallelGCFailedAllocation", Time since last: 187831258 ns, Reaching safepoint: 405007 ns, At safepoint: 142777821 ns, Total: 143182828 ns
