[0.013s][info][gc] Using G1
[1.174s][info][safepoint] Safepoint "Cleanup", Time since last: 1153680000 ns, Reaching safepoint: 278500 ns, At safepoint: 14300 ns, Total: 292800 ns
[1.218s][info][gc       ] GC(0) Pause Young (Normal) (G1 Evacuation Pause) 28M->15M(508M) 7.815ms
[1.218s][info][safepoint] Safepoint "G1CollectForAllocation", Time since last: 36561300 ns, Reaching safepoint: 112700 ns, At safepoint: 7965200 ns, Total: 8077900 ns
[1.244s][info][gc       ] GC(1) Pause Young (Normal) (G1 Evacuation Pause) 55M->56M(508M) 13.068ms
[1.244s][info][safepoint] Safepoint "G1CollectForAllocation", Time since last: 12014700 ns, Reaching safepoint: 153400 ns, At safepoint: 13236600 ns, Total: 13390000 ns
[1.261s][info][gc       ] GC(2) Pause Young (Normal) (G1 Evacuation Pause) 88M->90M(508M) 7.049ms
[1.261s][info][safepoint] Safepoint "G1CollectForAllocation", Time since last: 9363200 ns, Reaching safepoint: 221600 ns, At safepoint: 7150100 ns, Total: 7371700 ns
[1.281s][info][gc       ] GC(3) Pause Young (Normal) (G1 Evacuation Pause) 126M->128M(508M) 8.986ms
[1.281s][info][safepoint] Safepoint "G1CollectForAllocation", Time since last: 11373200 ns, Reaching safepoint: 122500 ns, At safepoint: 9109000 ns, Total: 9231500 ns
[1.296s][info][gc       ] GC(4) Pause Young (Normal) (G1 Evacuation Pause) 152M->154M(508M) 7.815ms
[1.296s][info][safepoint] Safepoint "G1CollectForAllocation", Time since last: 6343200 ns, Reaching safepoint: 148900 ns, At safepoint: 7910600 ns, Total: 8059500 ns
[1.327s][info][gc       ] GC(5) Pause Young (Normal) (G1 Evacuation Pause) 218M->217M(1524M) 11.456ms
[1.327s][info][safepoint] Safepoint "G1CollectForAllocation", Time since last: 19856100 ns, Reaching safepoint: 186700 ns, At safepoint: 11552200 ns, Total: 11738900 ns
[1.400s][info][gc       ] GC(6) Pause Young (Normal) (G1 Evacuation Pause) 333M->336M(1524M) 29.159ms
[1.400s][info][safepoint] Safepoint "G1CollectForAllocation", Time since last: 42954900 ns, Reaching safepoint: 210700 ns, At safepoint: 29259300 ns, Total: 29470000 ns
[1.451s][info][gc       ] GC(7) Pause Young (Normal) (G1 Evacuation Pause) 440M->440M(1524M) 24.544ms
[1.451s][info][safepoint] Safepoint "G1CollectForAllocation", Time since last: 26791500 ns, Reaching safepoint: 204200 ns, At safepoint: 24622400 ns, Total: 24826600 ns
[1.506s][info][gc       ] GC(8) Pause Young (Normal) (G1 Evacuation Pause) 540M->545M(1524M) 27.180ms
[1.506s][info][safepoint] Safepoint "G1CollectForAllocation", Time since last: 27682100 ns, Reaching safepoint: 177500 ns, At safepoint: 27297800 ns, Total: 27475300 ns
[1.569s][info][gc       ] GC(9) Pause Young (Normal) (G1 Evacuation Pause) 661M->664M(4164M) 32.462ms
[1.569s][info][safepoint] Safepoint "G1CollectForAllocation", Time since last: 29948400 ns, Reaching safepoint: 176900 ns, At safepoint: 32592900 ns, Total: 32769800 ns
[1.781s][info][gc       ] GC(10) Pause Young (Normal) (G1 Evacuation Pause) 988M->992M(4164M) 88.523ms
[1.781s][info][safepoint] Safepoint "G1CollectForAllocation", Time since last: 123280100 ns, Reaching safepoint: 180900 ns, At safepoint: 88645200 ns, Total: 88826100 ns
[1.928s][info][gc       ] GC(11) Pause Young (Normal) (G1 Evacuation Pause) 1284M->1292M(4164M) 69.764ms
[1.928s][info][safepoint] Safepoint "G1CollectForAllocation", Time since last: 76861600 ns, Reaching safepoint: 216600 ns, At safepoint: 69899500 ns, Total: 70116100 ns
[2.086s][info][gc       ] GC(12) Pause Young (Normal) (G1 Evacuation Pause) 1588M->1596M(4164M) 74.651ms
[2.087s][info][safepoint] Safepoint "G1CollectForAllocation", Time since last: 83336500 ns, Reaching safepoint: 209500 ns, At safepoint: 74800000 ns, Total: 75009500 ns
[2.251s][info][gc       ] GC(13) Pause Young (Normal) (G1 Evacuation Pause) 1888M->1896M(5748M) 86.864ms
[2.251s][info][safepoint] Safepoint "G1CollectForAllocation", Time since last: 77614300 ns, Reaching safepoint: 197100 ns, At safepoint: 87003200 ns, Total: 87200300 ns
[2.514s][info][gc       ] GC(14) Pause Young (Normal) (G1 Evacuation Pause) 2320M->2326M(5748M) 102.703ms
[2.514s][info][safepoint] Safepoint "G1CollectForAllocation", Time since last: 159584200 ns, Reaching safepoint: 197500 ns, At safepoint: 102776200 ns, Total: 102973700 ns
[2.727s][info][gc       ] GC(15) Pause Young (Normal) (G1 Evacuation Pause) 2726M->2730M(5748M) 103.831ms
[2.727s][info][safepoint] Safepoint "G1CollectForAllocation", Time since last: 108810900 ns, Reaching safepoint: 206700 ns, At safepoint: 103949000 ns, Total: 104155700 ns
[2.747s][info][gc       ] GC(16) Pause Young (Concurrent Start) (G1 Humongous Allocation) 2734M->2750M(5748M) 18.710ms
[2.747s][info][gc       ] GC(17) Concurrent Mark Cycle
[2.747s][info][safepoint] Safepoint "G1TryInitiateConcMark", Time since last: 1242000 ns, Reaching safepoint: 162300 ns, At safepoint: 18857000 ns, Total: 19019300 ns
[2.789s][info][gc       ] GC(17) Pause Remark 2886M->358M(1200M) 1.234ms
[2.789s][info][safepoint] Safepoint "G1Concurrent", Time since last: 40526300 ns, Reaching safepoint: 520100 ns, At safepoint: 1294500 ns, Total: 1814600 ns
[2.842s][info][gc       ] GC(17) Pause Cleanup 590M->590M(1200M) 0.124ms
[2.842s][info][safepoint] Safepoint "G1Concurrent", Time since last: 51899400 ns, Reaching safepoint: 613300 ns, At safepoint: 221700 ns, Total: 835000 ns
[2.845s][info][gc       ] GC(17) Concurrent Mark Cycle 97.821ms
[2.987s][info][gc       ] GC(18) Pause Young (Prepare Mixed) (G1 Evacuation Pause) 686M->683M(1200M) 117.526ms
[2.987s][info][safepoint] Safepoint "G1CollectForAllocation", Time since last: 22606000 ns, Reaching safepoint: 5045900 ns, At safepoint: 117627700 ns, Total: 122673600 ns
[3.040s][info][gc       ] GC(19) Pause Young (Mixed) (G1 Evacuation Pause) 735M->736M(3600M) 41.368ms
[3.040s][info][safepoint] Safepoint "G1CollectForAllocation", Time since last: 10485700 ns, Reaching safepoint: 168100 ns, At safepoint: 41507700 ns, Total: 41675800 ns
[3.205s][info][gc       ] GC(20) Pause Young (Normal) (G1 Evacuation Pause) 1100M->1100M(3600M) 69.265ms
[3.206s][info][safepoint] Safepoint "G1CollectForAllocation", Time since last: 96343800 ns, Reaching safepoint: 189800 ns, At safepoint: 69358500 ns, Total: 69548300 ns
[3.383s][info][gc       ] GC(21) Pause Young (Normal) (G1 Evacuation Pause) 1516M->1522M(3600M) 92.978ms
[3.383s][info][safepoint] Safepoint "G1CollectForAllocation", Time since last: 84509500 ns, Reaching safepoint: 149800 ns, At safepoint: 93070200 ns, Total: 93220000 ns
[3.547s][info][gc       ] GC(22) Pause Young (Concurrent Start) (G1 Humongous Allocation) 1876M->1880M(3600M) 92.290ms
[3.547s][info][safepoint] Safepoint "G1TryInitiateConcMark", Time since last: 71162000 ns, Reaching safepoint: 310300 ns, At safepoint: 92396500 ns, Total: 92706800 ns
[3.547s][info][gc       ] GC(23) Concurrent Mark Cycle
[3.583s][info][gc       ] GC(23) Pause Remark 2008M->430M(1440M) 1.157ms
[3.583s][info][safepoint] Safepoint "G1Concurrent", Time since last: 33588700 ns, Reaching safepoint: 1077700 ns, At safepoint: 1296100 ns, Total: 2373800 ns
[3.753s][info][gc       ] GC(24) Pause Young (Normal) (G1 Evacuation Pause) 766M->732M(4116M) 97.975ms
[3.753s][info][safepoint] Safepoint "G1CollectForAllocation", Time since last: 71347300 ns, Reaching safepoint: 206100 ns, At safepoint: 98073300 ns, Total: 98279400 ns
[3.759s][info][gc       ] GC(23) Pause Cleanup 736M->736M(4116M) 0.118ms
[3.760s][info][safepoint] Safepoint "G1Concurrent", Time since last: 6190300 ns, Reaching safepoint: 418300 ns, At safepoint: 188400 ns, Total: 606700 ns
[3.765s][info][gc       ] GC(23) Concurrent Mark Cycle 217.539ms
[3.976s][info][gc       ] GC(25) Pause Young (Prepare Mixed) (G1 Evacuation Pause) 1184M->1190M(4116M) 115.250ms
[3.977s][info][safepoint] Safepoint "G1CollectForAllocation", Time since last: 101421800 ns, Reaching safepoint: 181900 ns, At safepoint: 115372600 ns, Total: 115554500 ns
[4.112s][info][gc       ] GC(26) Pause Young (Mixed) (G1 Evacuation Pause) 1454M->1454M(4116M) 71.845ms
[4.112s][info][safepoint] Safepoint "G1CollectForAllocation", Time since last: 63401900 ns, Reaching safepoint: 218600 ns, At safepoint: 71937200 ns, Total: 72155800 ns
[4.385s][info][gc       ] GC(27) Pause Young (Normal) (G1 Evacuation Pause) 2034M->2038M(4116M) 116.773ms
[4.385s][info][safepoint] Safepoint "G1CollectForAllocation", Time since last: 155956800 ns, Reaching safepoint: 229700 ns, At safepoint: 116887100 ns, Total: 117116800 ns
[4.413s][info][gc       ] GC(28) Pause Young (Concurrent Start) (G1 Humongous Allocation) 2052M->2068M(4116M) 23.365ms
[4.413s][info][gc       ] GC(29) Concurrent Mark Cycle
[4.413s][info][safepoint] Safepoint "G1TryInitiateConcMark", Time since last: 4204800 ns, Reaching safepoint: 213900 ns, At safepoint: 23503200 ns, Total: 23717100 ns
[4.433s][info][gc       ] GC(29) Pause Remark 2144M->238M(800M) 1.339ms
[4.433s][info][safepoint] Safepoint "G1Concurrent", Time since last: 17843900 ns, Reaching safepoint: 347500 ns, At safepoint: 1404400 ns, Total: 1751900 ns
[4.462s][info][gc       ] GC(29) Pause Cleanup 386M->386M(800M) 0.119ms
[4.462s][info][safepoint] Safepoint "G1Concurrent", Time since last: 29203500 ns, Reaching safepoint: 61200 ns, At safepoint: 226700 ns, Total: 287900 ns
[4.463s][info][gc       ] GC(29) Concurrent Mark Cycle 49.625ms
[4.562s][info][gc       ] GC(30) Pause Young (Prepare Mixed) (G1 Preventive Collection) 530M->525M(800M) 72.342ms
[4.562s][info][safepoint] Safepoint "G1CollectForAllocation", Time since last: 27629800 ns, Reaching safepoint: 204000 ns, At safepoint: 72421500 ns, Total: 72625500 ns
[4.592s][info][gc       ] GC(31) Pause Young (Mixed) (G1 Evacuation Pause) 537M->538M(2400M) 21.963ms
[4.592s][info][safepoint] Safepoint "G1CollectForAllocation", Time since last: 2364800 ns, Reaching safepoint: 5028800 ns, At safepoint: 22044600 ns, Total: 27073400 ns
[4.923s][info][gc       ] GC(32) Pause Young (Normal) (G1 Evacuation Pause) 1358M->1348M(2400M) 168.167ms
[4.923s][info][safepoint] Safepoint "G1CollectForAllocation", Time since last: 162355800 ns, Reaching safepoint: 199100 ns, At safepoint: 168293000 ns, Total: 168492100 ns
[4.944s][info][gc       ] GC(33) Pause Young (Concurrent Start) (G1 Humongous Allocation) 1350M->1367M(2400M) 20.348ms
[4.944s][info][gc       ] GC(34) Concurrent Mark Cycle
[4.944s][info][safepoint] Safepoint "G1TryInitiateConcMark", Time since last: 538100 ns, Reaching safepoint: 199100 ns, At safepoint: 20499600 ns, Total: 20698700 ns
[4.975s][info][gc       ] GC(34) Pause Remark 1503M->455M(1520M) 0.738ms
[4.975s][info][safepoint] Safepoint "G1Concurrent", Time since last: 29913400 ns, Reaching safepoint: 557400 ns, At safepoint: 804300 ns, Total: 1361700 ns
[5.025s][info][gc       ] GC(34) Pause Cleanup 699M->699M(1520M) 0.150ms
[5.025s][info][safepoint] Safepoint "G1Concurrent", Time since last: 49147100 ns, Reaching safepoint: 454700 ns, At safepoint: 250400 ns, Total: 705100 ns
[5.026s][info][gc       ] GC(34) Concurrent Mark Cycle 82.216ms
[5.118s][info][gc       ] GC(35) Pause Young (Prepare Mixed) (G1 Evacuation Pause) 743M->746M(1520M) 82.538ms
[5.118s][info][safepoint] Safepoint "G1CollectForAllocation", Time since last: 10539600 ns, Reaching safepoint: 146400 ns, At safepoint: 82638200 ns, Total: 82784600 ns
[5.162s][info][gc       ] GC(36) Pause Young (Mixed) (G1 Evacuation Pause) 809M->726M(1520M) 30.420ms
[5.162s][info][safepoint] Safepoint "G1CollectForAllocation", Time since last: 13166000 ns, Reaching safepoint: 119600 ns, At safepoint: 30530300 ns, Total: 30649900 ns
[5.177s][info][gc       ] GC(37) Pause Young (Concurrent Start) (G1 Humongous Allocation) 733M->733M(4164M) 8.162ms
[5.177s][info][gc       ] GC(38) Concurrent Undo Cycle
[5.177s][info][safepoint] Safepoint "G1TryInitiateConcMark", Time since last: 775400 ns, Reaching safepoint: 6100000 ns, At safepoint: 8238000 ns, Total: 14338000 ns
[5.183s][info][gc       ] GC(38) Concurrent Undo Cycle 5.872ms
[5.194s][info][gc       ] GC(39) Pause Young (Concurrent Start) (G1 Humongous Allocation) 769M->767M(4164M) 9.027ms
[5.194s][info][gc       ] GC(40) Concurrent Mark Cycle
[5.194s][info][safepoint] Safepoint "G1TryInitiateConcMark", Time since last: 7252500 ns, Reaching safepoint: 48500 ns, At safepoint: 9093400 ns, Total: 9141900 ns
[5.202s][info][gc       ] GC(40) Pause Remark 807M->139M(480M) 0.472ms
[5.203s][info][safepoint] Safepoint "G1Concurrent", Time since last: 8170600 ns, Reaching safepoint: 104700 ns, At safepoint: 520800 ns, Total: 625500 ns
[5.210s][info][gc       ] GC(40) Pause Cleanup 175M->175M(480M) 0.124ms
[5.210s][info][safepoint] Safepoint "G1Concurrent", Time since last: 7022700 ns, Reaching safepoint: 344200 ns, At safepoint: 177800 ns, Total: 522000 ns
[5.210s][info][gc       ] GC(40) Concurrent Mark Cycle 16.754ms
[5.289s][info][gc       ] GC(41) Pause Young (Prepare Mixed) (G1 Preventive Collection) 303M->286M(480M) 54.087ms
[5.289s][info][safepoint] Safepoint "G1CollectForAllocation", Time since last: 24414200 ns, Reaching safepoint: 188800 ns, At safepoint: 54172300 ns, Total: 54361100 ns
[5.328s][info][gc       ] GC(42) Pause Young (Mixed) (G1 Evacuation Pause) 290M->268M(480M) 38.043ms
[5.328s][info][safepoint] Safepoint "G1CollectForAllocation", Time since last: 1204900 ns, Reaching safepoint: 31100 ns, At safepoint: 38123400 ns, Total: 38154500 ns
[5.341s][info][gc       ] GC(43) Pause Young (Concurrent Start) (G1 Humongous Allocation) 276M->286M(1440M) 5.343ms
[5.341s][info][safepoint] Safepoint "G1TryInitiateConcMark", Time since last: 3064200 ns, Reaching safepoint: 4263100 ns, At safepoint: 5409900 ns, Total: 9673000 ns
[5.341s][info][gc       ] GC(44) Concurrent Mark Cycle
[5.356s][info][gc       ] GC(44) Pause Remark 354M->206M(696M) 0.389ms
[5.356s][info][safepoint] Safepoint "G1Concurrent", Time since last: 14200500 ns, Reaching safepoint: 590400 ns, At safepoint: 428100 ns, Total: 1018500 ns
[5.375s][info][gc       ] GC(44) Pause Cleanup 306M->306M(696M) 0.048ms
[5.375s][info][safepoint] Safepoint "G1Concurrent", Time since last: 18503500 ns, Reaching safepoint: 346000 ns, At safepoint: 91400 ns, Total: 437400 ns
[5.375s][info][gc       ] GC(44) Concurrent Mark Cycle 34.561ms
[5.493s][info][gc       ] GC(45) Pause Young (Prepare Mixed) (G1 Preventive Collection) 466M->463M(696M) 67.252ms
[5.493s][info][safepoint] Safepoint "G1CollectForAllocation", Time since last: 50666800 ns, Reaching safepoint: 169000 ns, At safepoint: 67321300 ns, Total: 67490300 ns
[5.517s][info][gc       ] GC(46) Pause Young (Mixed) (G1 Evacuation Pause) 467M->438M(696M) 17.339ms
[5.517s][info][safepoint] Safepoint "G1CollectForAllocation", Time since last: 575400 ns, Reaching safepoint: 5635800 ns, At safepoint: 17446100 ns, Total: 23081900 ns
[5.522s][info][gc       ] GC(47) Pause Young (Concurrent Start) (G1 Humongous Allocation) 439M->436M(696M) 1.560ms
[5.522s][info][safepoint] Safepoint "G1TryInitiateConcMark", Time since last: 131600 ns, Reaching safepoint: 3101800 ns, At safepoint: 1617900 ns, Total: 4719700 ns
[5.522s][info][gc       ] GC(48) Concurrent Mark Cycle
[5.530s][info][gc       ] GC(48) Pause Remark 479M->108M(376M) 0.555ms
[5.531s][info][safepoint] Safepoint "G1Concurrent", Time since last: 7606500 ns, Reaching safepoint: 498100 ns, At safepoint: 664800 ns, Total: 1162900 ns
[5.540s][info][gc       ] GC(48) Pause Cleanup 141M->141M(376M) 0.156ms
[5.540s][info][safepoint] Safepoint "G1Concurrent", Time since last: 6575600 ns, Reaching safepoint: 2877800 ns, At safepoint: 208800 ns, Total: 3086600 ns
[5.540s][info][gc       ] GC(48) Concurrent Mark Cycle 18.642ms
[5.576s][info][gc       ] GC(49) Pause Young (Prepare Mixed) (G1 Evacuation Pause) 177M->175M(376M) 27.717ms
[5.576s][info][safepoint] Safepoint "G1CollectForAllocation", Time since last: 7508200 ns, Reaching safepoint: 119000 ns, At safepoint: 27841700 ns, Total: 27960700 ns
[5.593s][info][gc       ] GC(50) Pause Young (Mixed) (G1 Evacuation Pause) 179M->150M(1128M) 8.800ms
[5.593s][info][safepoint] Safepoint "G1CollectForAllocation", Time since last: 1243900 ns, Reaching safepoint: 7362500 ns, At safepoint: 8936900 ns, Total: 16299400 ns
[5.609s][info][gc       ] GC(51) Pause Young (Concurrent Start) (G1 Humongous Allocation) 172M->172M(1128M) 5.617ms
[5.609s][info][safepoint] Safepoint "G1TryInitiateConcMark", Time since last: 6255800 ns, Reaching safepoint: 4021300 ns, At safepoint: 5691300 ns, Total: 9712600 ns
[5.609s][info][gc       ] GC(52) Concurrent Mark Cycle
[5.642s][info][gc       ] GC(52) Pause Remark 316M->280M(948M) 0.898ms
[5.642s][info][safepoint] Safepoint "G1Concurrent", Time since last: 31705100 ns, Reaching safepoint: 386000 ns, At safepoint: 950500 ns, Total: 1336500 ns
[5.678s][info][gc       ] GC(52) Pause Cleanup 406M->406M(948M) 0.171ms
[5.678s][info][safepoint] Safepoint "G1Concurrent", Time since last: 33896300 ns, Reaching safepoint: 1244000 ns, At safepoint: 223200 ns, Total: 1467200 ns
[5.678s][info][gc       ] GC(52) Concurrent Mark Cycle 69.181ms
[5.829s][info][gc       ] GC(53) Pause Young (Prepare Mixed) (G1 Evacuation Pause) 568M->560M(948M) 98.576ms
[5.829s][info][safepoint] Safepoint "G1CollectForAllocation", Time since last: 52220100 ns, Reaching safepoint: 204200 ns, At safepoint: 98656800 ns, Total: 98861000 ns
[5.850s][info][gc       ] GC(54) Pause Young (Mixed) (G1 Evacuation Pause) 567M->578M(948M) 20.101ms
[5.850s][info][safepoint] Safepoint "G1CollectForAllocation", Time since last: 1357500 ns, Reaching safepoint: 76200 ns, At safepoint: 20172100 ns, Total: 20248300 ns
[5.854s][info][gc       ] GC(55) Pause Young (Concurrent Start) (G1 Humongous Allocation) 585M->585M(948M) 2.825ms
[5.854s][info][safepoint] Safepoint "G1TryInitiateConcMark", Time since last: 899000 ns, Reaching safepoint: 280100 ns, At safepoint: 2896100 ns, Total: 3176200 ns
[5.854s][info][gc       ] GC(56) Concurrent Mark Cycle
[5.859s][info][gc       ] GC(56) Pause Remark 600M->64M(228M) 0.561ms
[5.859s][info][safepoint] Safepoint "G1Concurrent", Time since last: 4115700 ns, Reaching safepoint: 199700 ns, At safepoint: 650900 ns, Total: 850600 ns
[5.863s][info][gc       ] GC(56) Pause Cleanup 81M->81M(228M) 0.034ms
[5.863s][info][safepoint] Safepoint "G1Concurrent", Time since last: 2947300 ns, Reaching safepoint: 267700 ns, At safepoint: 47600 ns, Total: 315300 ns
[5.863s][info][gc       ] GC(56) Concurrent Mark Cycle 8.301ms
[5.896s][info][gc       ] GC(57) Pause Young (Prepare Mixed) (G1 Preventive Collection) 140M->138M(228M) 20.305ms
[5.896s][info][safepoint] Safepoint "G1CollectForAllocation", Time since last: 13113500 ns, Reaching safepoint: 45900 ns, At safepoint: 20384800 ns, Total: 20430700 ns
[5.922s][info][gc       ] GC(58) Pause Young (Mixed) (G1 Evacuation Pause) 162M->143M(684M) 17.467ms
[5.922s][info][safepoint] Safepoint "G1CollectForAllocation", Time since last: 4313400 ns, Reaching safepoint: 4392100 ns, At safepoint: 17534700 ns, Total: 21926800 ns
[5.935s][info][gc       ] GC(59) Pause Young (Concurrent Start) (G1 Humongous Allocation) 167M->169M(684M) 5.655ms
[5.935s][info][safepoint] Safepoint "G1TryInitiateConcMark", Time since last: 6814800 ns, Reaching safepoint: 117000 ns, At safepoint: 5723500 ns, Total: 5840500 ns
[5.935s][info][gc       ] GC(60) Concurrent Mark Cycle
[5.968s][info][gc       ] GC(60) Pause Remark 313M->277M(684M) 0.947ms
[5.968s][info][safepoint] Safepoint "G1Concurrent", Time since last: 31820900 ns, Reaching safepoint: 225900 ns, At safepoint: 1043100 ns, Total: 1269000 ns
[6.043s][info][gc       ] GC(61) Pause Young (Normal) (G1 Evacuation Pause) 365M->362M(684M) 56.363ms
[6.043s][info][safepoint] Safepoint "G1CollectForAllocation", Time since last: 18333200 ns, Reaching safepoint: 312300 ns, At safepoint: 56446800 ns, Total: 56759100 ns
[6.073s][info][gc       ] GC(60) Pause Cleanup 465M->465M(684M) 0.098ms
[6.073s][info][safepoint] Safepoint "G1Concurrent", Time since last: 28999600 ns, Reaching safepoint: 392500 ns, At safepoint: 199300 ns, Total: 591800 ns
[6.073s][info][gc       ] GC(60) Concurrent Mark Cycle 138.239ms
[6.109s][info][gc       ] GC(62) Pause Young (Normal) (G1 Evacuation Pause) 470M->472M(684M) 33.897ms
[6.109s][info][safepoint] Safepoint "G1CollectForAllocation", Time since last: 2094600 ns, Reaching safepoint: 120200 ns, At safepoint: 33964000 ns, Total: 34084200 ns
[6.116s][info][gc       ] GC(63) Pause Young (Concurrent Start) (G1 Humongous Allocation) 474M->486M(684M) 6.521ms
[6.116s][info][safepoint] Safepoint "G1TryInitiateConcMark", Time since last: 634200 ns, Reaching safepoint: 60100 ns, At safepoint: 6577000 ns, Total: 6637100 ns
[6.116s][info][gc       ] GC(64) Concurrent Mark Cycle
[6.149s][info][gc       ] GC(65) Pause Young (Normal) (G1 Evacuation Pause) 562M->564M(2052M) 14.640ms
[6.149s][info][safepoint] Safepoint "G1CollectForAllocation", Time since last: 17715300 ns, Reaching safepoint: 107300 ns, At safepoint: 14718400 ns, Total: 14825700 ns
[6.155s][info][gc       ] GC(64) Pause Remark 588M->236M(800M) 0.632ms
[6.155s][info][safepoint] Safepoint "G1Concurrent", Time since last: 5754000 ns, Reaching safepoint: 95900 ns, At safepoint: 660100 ns, Total: 756000 ns
[6.194s][info][gc       ] GC(64) Pause Cleanup 360M->360M(800M) 0.143ms
[6.194s][info][safepoint] Safepoint "G1Concurrent", Time since last: 37509300 ns, Reaching safepoint: 986600 ns, At safepoint: 259000 ns, Total: 1245600 ns
[6.196s][info][gc       ] GC(64) Concurrent Mark Cycle 79.250ms
[6.346s][info][gc       ] GC(66) Pause Young (Prepare Mixed) (G1 Preventive Collection) 560M->555M(800M) 91.030ms
[6.346s][info][safepoint] Safepoint "G1CollectForAllocation", Time since last: 60307400 ns, Reaching safepoint: 207800 ns, At safepoint: 91121800 ns, Total: 91329600 ns
[6.377s][info][gc       ] GC(67) Pause Young (Mixed) (G1 Evacuation Pause) 559M->565M(800M) 29.911ms
[6.377s][info][safepoint] Safepoint "G1CollectForAllocation", Time since last: 1488400 ns, Reaching safepoint: 137700 ns, At safepoint: 30006000 ns, Total: 30143700 ns
[6.383s][info][gc       ] GC(68) Pause Young (Concurrent Start) (G1 Humongous Allocation) 575M->582M(800M) 2.918ms
[6.383s][info][gc       ] GC(69) Concurrent Mark Cycle
[6.383s][info][safepoint] Safepoint "G1TryInitiateConcMark", Time since last: 2836100 ns, Reaching safepoint: 113900 ns, At safepoint: 2971900 ns, Total: 3085800 ns
[6.406s][info][gc       ] GC(70) Pause Young (Normal) (G1 Evacuation Pause) 646M->643M(800M) 9.218ms
[6.406s][info][safepoint] Safepoint "G1CollectForAllocation", Time since last: 13126800 ns, Reaching safepoint: 91500 ns, At safepoint: 9310800 ns, Total: 9402300 ns
[6.437s][info][gc       ] GC(71) Pause Young (Normal) (G1 Evacuation Pause) 707M->710M(2400M) 18.196ms
[6.437s][info][safepoint] Safepoint "G1CollectForAllocation", Time since last: 13067000 ns, Reaching safepoint: 178100 ns, At safepoint: 18291600 ns, Total: 18469700 ns
[6.447s][info][gc       ] GC(69) Pause Remark 750M->441M(1480M) 0.881ms
[6.447s][info][safepoint] Safepoint "G1Concurrent", Time since last: 8660200 ns, Reaching safepoint: 327800 ns, At safepoint: 918600 ns, Total: 1246400 ns
[6.507s][info][gc       ] GC(69) Pause Cleanup 633M->633M(1480M) 0.195ms
[6.507s][info][safepoint] Safepoint "G1Concurrent", Time since last: 59266200 ns, Reaching safepoint: 676100 ns, At safepoint: 299800 ns, Total: 975900 ns
[6.510s][info][gc       ] GC(69) Concurrent Mark Cycle 127.172ms
[6.788s][info][gc       ] GC(72) Pause Young (Prepare Mixed) (G1 Preventive Collection) 1041M->1032M(1480M) 141.150ms
[6.788s][info][safepoint] Safepoint "G1CollectForAllocation", Time since last: 139218400 ns, Reaching safepoint: 163700 ns, At safepoint: 141312100 ns, Total: 141475800 ns
[6.836s][info][gc       ] GC(73) Pause Young (Mixed) (G1 Evacuation Pause) 1068M->1005M(1480M) 35.543ms
[6.836s][info][safepoint] Safepoint "G1CollectForAllocation", Time since last: 12477000 ns, Reaching safepoint: 193000 ns, At safepoint: 35614800 ns, Total: 35807800 ns
[6.851s][info][gc       ] GC(74) Pause Young (Concurrent Start) (G1 Humongous Allocation) 1037M->1045M(1480M) 7.212ms
[6.851s][info][gc       ] GC(75) Concurrent Mark Cycle
[6.851s][info][safepoint] Safepoint "G1TryInitiateConcMark", Time since last: 7632200 ns, Reaching safepoint: 23300 ns, At safepoint: 7277200 ns, Total: 7300500 ns
[6.859s][info][gc       ] GC(75) Pause Remark 1081M->135M(456M) 0.617ms
[6.859s][info][safepoint] Safepoint "G1Concurrent", Time since last: 7057000 ns, Reaching safepoint: 274300 ns, At safepoint: 661800 ns, Total: 936100 ns
[6.870s][info][gc       ] GC(75) Pause Cleanup 185M->185M(456M) 0.041ms
[6.870s][info][safepoint] Safepoint "G1Concurrent", Time since last: 10413500 ns, Reaching safepoint: 156100 ns, At safepoint: 71100 ns, Total: 227200 ns
[6.870s][info][gc       ] GC(75) Concurrent Mark Cycle 18.887ms
[6.907s][info][gc       ] GC(76) Pause Young (Prepare Mixed) (G1 Evacuation Pause) 236M->225M(456M) 25.092ms
[6.907s][info][safepoint] Safepoint "G1CollectForAllocation", Time since last: 11873300 ns, Reaching safepoint: 50900 ns, At safepoint: 25166300 ns, Total: 25217200 ns
[6.923s][info][gc       ] GC(77) Pause Young (Mixed) (G1 Evacuation Pause) 253M->238M(456M) 11.692ms
[6.923s][info][safepoint] Safepoint "G1CollectForAllocation", Time since last: 3802800 ns, Reaching safepoint: 132500 ns, At safepoint: 11756900 ns, Total: 11889400 ns
[6.939s][info][gc       ] GC(78) Pause Young (Concurrent Start) (G1 Humongous Allocation) 269M->268M(1368M) 9.286ms
[6.939s][info][safepoint] Safepoint "G1TryInitiateConcMark", Time since last: 6494800 ns, Reaching safepoint: 152100 ns, At safepoint: 9362000 ns, Total: 9514100 ns
[6.939s][info][gc       ] GC(79) Concurrent Mark Cycle
[6.945s][info][gc       ] GC(79) Pause Remark 300M->100M(348M) 0.366ms
[6.945s][info][safepoint] Safepoint "G1Concurrent", Time since last: 5743500 ns, Reaching safepoint: 111800 ns, At safepoint: 407500 ns, Total: 519300 ns
[6.955s][info][gc       ] GC(79) Pause Cleanup 152M->152M(348M) 0.060ms
[6.955s][info][safepoint] Safepoint "G1Concurrent", Time since last: 10014800 ns, Reaching safepoint: 295600 ns, At safepoint: 86500 ns, Total: 382100 ns
[6.956s][info][gc       ] GC(79) Concurrent Mark Cycle 16.813ms
[7.009s][info][gc       ] GC(80) Pause Young (Prepare Mixed) (G1 Preventive Collection) 236M->231M(348M) 36.342ms
[7.009s][info][safepoint] Safepoint "G1CollectForAllocation", Time since last: 16973100 ns, Reaching safepoint: 120900 ns, At safepoint: 36425000 ns, Total: 36545900 ns
[7.036s][info][gc       ] GC(81) Pause Young (Mixed) (G1 Evacuation Pause) 235M->221M(348M) 20.174ms
[7.036s][info][safepoint] Safepoint "G1CollectForAllocation", Time since last: 1281000 ns, Reaching safepoint: 5654000 ns, At safepoint: 20257900 ns, Total: 25911900 ns
[7.048s][info][gc       ] GC(82) Pause Young (Concurrent Start) (G1 Evacuation Pause) 240M->240M(348M) 4.769ms
[7.048s][info][gc       ] GC(83) Concurrent Mark Cycle
[7.048s][info][safepoint] Safepoint "G1CollectForAllocation", Time since last: 4277600 ns, Reaching safepoint: 3117000 ns, At safepoint: 4849000 ns, Total: 7966000 ns
[7.054s][info][gc       ] GC(83) Pause Remark 271M->98M(336M) 0.714ms
[7.054s][info][safepoint] Safepoint "G1Concurrent", Time since last: 4391900 ns, Reaching safepoint: 371400 ns, At safepoint: 761500 ns, Total: 1132900 ns
[7.060s][info][gc       ] GC(84) Pause Young (Normal) (G1 Evacuation Pause) 100M->97M(336M) 5.850ms
[7.060s][info][safepoint] Safepoint "G1CollectForAllocation", Time since last: 523500 ns, Reaching safepoint: 139600 ns, At safepoint: 5923800 ns, Total: 6063400 ns
[7.068s][info][gc       ] GC(83) Pause Cleanup 128M->128M(336M) 0.129ms
[7.068s][info][safepoint] Safepoint "G1Concurrent", Time since last: 6906200 ns, Reaching safepoint: 656800 ns, At safepoint: 147900 ns, Total: 804700 ns
[7.068s][info][gc       ] GC(83) Concurrent Mark Cycle 20.031ms
[7.114s][info][gc       ] GC(85) Pause Young (Prepare Mixed) (G1 Evacuation Pause) 193M->195M(1008M) 28.396ms
[7.114s][info][safepoint] Safepoint "G1CollectForAllocation", Time since last: 13226600 ns, Reaching safepoint: 4458300 ns, At safepoint: 28491800 ns, Total: 32950100 ns
[7.141s][info][gc       ] GC(86) Pause Young (Mixed) (G1 Evacuation Pause) 259M->238M(1008M) 13.694ms
[7.141s][info][safepoint] Safepoint "G1CollectForAllocation", Time since last: 12945500 ns, Reaching safepoint: 193700 ns, At safepoint: 13763600 ns, Total: 13957300 ns
[7.146s][info][gc       ] GC(87) Pause Young (Concurrent Start) (G1 Humongous Allocation) 245M->244M(1008M) 3.765ms
[7.146s][info][safepoint] Safepoint "G1TryInitiateConcMark", Time since last: 733900 ns, Reaching safepoint: 136300 ns, At safepoint: 3839500 ns, Total: 3975800 ns
[7.146s][info][gc       ] GC(88) Concurrent Mark Cycle
[7.153s][info][gc       ] GC(88) Pause Remark 276M->88M(308M) 0.946ms
[7.153s][info][safepoint] Safepoint "G1Concurrent", Time since last: 5777800 ns, Reaching safepoint: 308400 ns, At safepoint: 996400 ns, Total: 1304800 ns
[7.159s][info][gc       ] GC(88) Pause Cleanup 112M->112M(308M) 0.186ms
[7.159s][info][safepoint] Safepoint "G1Concurrent", Time since last: 5158200 ns, Reaching safepoint: 496700 ns, At safepoint: 233600 ns, Total: 730300 ns
[7.159s][info][gc       ] GC(88) Concurrent Mark Cycle 13.102ms
[7.204s][info][gc       ] GC(89) Pause Young (Prepare Mixed) (G1 Preventive Collection) 192M->183M(308M) 28.016ms
[7.204s][info][safepoint] Safepoint "G1CollectForAllocation", Time since last: 17046300 ns, Reaching safepoint: 218100 ns, At safepoint: 28157900 ns, Total: 28376000 ns
[7.236s][info][gc       ] GC(90) Pause Young (Mixed) (G1 Evacuation Pause) 215M->196M(924M) 26.555ms
[7.236s][info][safepoint] Safepoint "G1CollectForAllocation", Time since last: 4761800 ns, Reaching safepoint: 196500 ns, At safepoint: 26672700 ns, Total: 26869200 ns
[7.248s][info][gc       ] GC(91) Pause Young (Concurrent Start) (G1 Humongous Allocation) 223M->223M(924M) 6.739ms
[7.249s][info][gc       ] GC(92) Concurrent Mark Cycle
[7.249s][info][safepoint] Safepoint "G1TryInitiateConcMark", Time since last: 5507800 ns, Reaching safepoint: 194300 ns, At safepoint: 6873200 ns, Total: 7067500 ns
[7.260s][info][gc       ] GC(92) Pause Remark 259M->109M(376M) 1.093ms
[7.260s][info][safepoint] Safepoint "G1Concurrent", Time since last: 6266600 ns, Reaching safepoint: 4166200 ns, At safepoint: 1138100 ns, Total: 5304300 ns
[7.265s][info][gc       ] GC(92) Pause Cleanup 125M->125M(376M) 0.220ms
[7.265s][info][safepoint] Safepoint "G1Concurrent", Time since last: 4479200 ns, Reaching safepoint: 313500 ns, At safepoint: 287800 ns, Total: 601300 ns
[7.265s][info][gc       ] GC(92) Concurrent Mark Cycle 16.906ms
[7.332s][info][gc       ] GC(93) Pause Young (Prepare Mixed) (G1 Preventive Collection) 241M->219M(376M) 40.806ms
[7.332s][info][safepoint] Safepoint "G1CollectForAllocation", Time since last: 25334900 ns, Reaching safepoint: 196800 ns, At safepoint: 40901100 ns, Total: 41097900 ns
[7.352s][info][gc       ] GC(94) Pause Young (Mixed) (G1 Evacuation Pause) 227M->212M(376M) 17.407ms
[7.352s][info][safepoint] Safepoint "G1CollectForAllocation", Time since last: 2776800 ns, Reaching safepoint: 164000 ns, At safepoint: 17498000 ns, Total: 17662000 ns
[7.362s][info][gc       ] GC(95) Pause Young (Concurrent Start) (G1 Humongous Allocation) 231M->231M(1128M) 6.218ms
[7.362s][info][safepoint] Safepoint "G1TryInitiateConcMark", Time since last: 3617600 ns, Reaching safepoint: 138600 ns, At safepoint: 6297500 ns, Total: 6436100 ns
[7.362s][info][gc       ] GC(96) Concurrent Mark Cycle
[7.368s][info][gc       ] GC(96) Pause Remark 263M->93M(320M) 0.516ms
[7.368s][info][safepoint] Safepoint "G1Concurrent", Time since last: 5315300 ns, Reaching safepoint: 427700 ns, At safepoint: 559500 ns, Total: 987200 ns
[7.377s][info][gc       ] GC(96) Pause Cleanup 137M->137M(320M) 0.120ms
[7.377s][info][safepoint] Safepoint "G1Concurrent", Time since last: 8315600 ns, Reaching safepoint: 419600 ns, At safepoint: 167200 ns, Total: 586800 ns
[7.378s][info][gc       ] GC(96) Concurrent Mark Cycle 15.336ms
[7.418s][info][gc       ] GC(97) Pause Young (Prepare Mixed) (G1 Preventive Collection) 199M->193M(320M) 25.284ms
[7.418s][info][safepoint] Safepoint "G1CollectForAllocation", Time since last: 15357900 ns, Reaching safepoint: 39700 ns, At safepoint: 25367700 ns, Total: 25407400 ns
[7.444s][info][gc       ] GC(98) Pause Young (Mixed) (G1 Evacuation Pause) 225M->213M(320M) 20.781ms
[7.444s][info][safepoint] Safepoint "G1CollectForAllocation", Time since last: 4952500 ns, Reaching safepoint: 189600 ns, At safepoint: 20856800 ns, Total: 21046400 ns
[7.455s][info][gc       ] GC(99) Pause Young (Concurrent Start) (G1 Evacuation Pause) 233M->234M(320M) 5.631ms
[7.455s][info][gc       ] GC(100) Concurrent Mark Cycle
[7.455s][info][safepoint] Safepoint "G1CollectForAllocation", Time since last: 4611100 ns, Reaching safepoint: 172900 ns, At safepoint: 5750600 ns, Total: 5923500 ns
[7.466s][info][gc       ] GC(101) Pause Young (Normal) (G1 Evacuation Pause) 254M->255M(960M) 7.427ms
[7.466s][info][safepoint] Safepoint "G1CollectForAllocation", Time since last: 3769900 ns, Reaching safepoint: 102900 ns, At safepoint: 7516800 ns, Total: 7619700 ns
[7.469s][info][gc       ] GC(100) Pause Remark 271M->98M(336M) 0.373ms
[7.469s][info][safepoint] Safepoint "G1Concurrent", Time since last: 1905400 ns, Reaching safepoint: 591000 ns, At safepoint: 392000 ns, Total: 983000 ns
[7.481s][info][gc       ] GC(100) Pause Cleanup 150M->150M(336M) 0.039ms
[7.481s][info][safepoint] Safepoint "G1Concurrent", Time since last: 11846500 ns, Reaching safepoint: 85400 ns, At safepoint: 83000 ns, Total: 168400 ns
[7.481s][info][gc       ] GC(100) Concurrent Mark Cycle 26.453ms
[7.543s][info][gc       ] GC(102) Pause Young (Prepare Mixed) (G1 Preventive Collection) 234M->235M(336M) 44.538ms
[7.544s][info][safepoint] Safepoint "G1CollectForAllocation", Time since last: 17751300 ns, Reaching safepoint: 208800 ns, At safepoint: 44613100 ns, Total: 44821900 ns
[7.566s][info][gc       ] GC(103) Pause Young (Mixed) (G1 Evacuation Pause) 239M->229M(336M) 13.779ms
[7.566s][info][safepoint] Safepoint "G1CollectForAllocation", Time since last: 1443100 ns, Reaching safepoint: 7040200 ns, At safepoint: 13851000 ns, Total: 20891200 ns
[7.578s][info][gc       ] GC(104) Pause Young (Concurrent Start) (G1 Evacuation Pause) 245M->247M(336M) 4.082ms
[7.578s][info][gc       ] GC(105) Concurrent Mark Cycle
[7.578s][info][safepoint] Safepoint "G1CollectForAllocation", Time since last: 3879200 ns, Reaching safepoint: 4478200 ns, At safepoint: 4140800 ns, Total: 8619000 ns
[7.587s][info][gc       ] GC(106) Pause Young (Normal) (G1 Evacuation Pause) 267M->266M(336M) 4.605ms
[7.587s][info][safepoint] Safepoint "G1CollectForAllocation", Time since last: 3420800 ns, Reaching safepoint: 124500 ns, At safepoint: 4677600 ns, Total: 4802100 ns
[7.596s][info][gc       ] GC(105) Pause Remark 270M->76M(268M) 0.905ms
[7.596s][info][safepoint] Safepoint "G1Concurrent", Time since last: 1194500 ns, Reaching safepoint: 7199800 ns, At safepoint: 1004200 ns, Total: 8204000 ns
[7.610s][info][gc       ] GC(107) Pause Young (Normal) (G1 Evacuation Pause) 92M->94M(804M) 10.540ms
[7.610s][info][safepoint] Safepoint "G1CollectForAllocation", Time since last: 2967400 ns, Reaching safepoint: 350600 ns, At safepoint: 10627500 ns, Total: 10978100 ns
[7.616s][info][gc       ] GC(105) Pause Cleanup 120M->120M(804M) 0.172ms
[7.616s][info][safepoint] Safepoint "G1Concurrent", Time since last: 5759700 ns, Reaching safepoint: 282000 ns, At safepoint: 215900 ns, Total: 497900 ns
[7.618s][info][gc       ] GC(105) Concurrent Mark Cycle 39.284ms
[7.778s][info][gc       ] GC(108) Pause Young (Prepare Mixed) (G1 Evacuation Pause) 394M->391M(804M) 76.058ms
[7.778s][info][safepoint] Safepoint "G1CollectForAllocation", Time since last: 85111900 ns, Reaching safepoint: 208800 ns, At safepoint: 76135300 ns, Total: 76344100 ns
[7.809s][info][gc       ] GC(109) Pause Young (Mixed) (G1 Evacuation Pause) 431M->436M(804M) 18.428ms
[7.810s][info][safepoint] Safepoint "G1CollectForAllocation", Time since last: 13205200 ns, Reaching safepoint: 150900 ns, At safepoint: 18504000 ns, Total: 18654900 ns
[7.817s][info][gc       ] GC(110) Pause Young (Concurrent Start) (G1 Humongous Allocation) 454M->454M(804M) 4.636ms
[7.817s][info][safepoint] Safepoint "G1TryInitiateConcMark", Time since last: 2661500 ns, Reaching safepoint: 136000 ns, At safepoint: 4691500 ns, Total: 4827500 ns
[7.817s][info][gc       ] GC(111) Concurrent Mark Cycle
[7.823s][info][gc       ] GC(111) Pause Remark 473M->76M(268M) 0.883ms
[7.823s][info][safepoint] Safepoint "G1Concurrent", Time since last: 5172200 ns, Reaching safepoint: 104900 ns, At safepoint: 949200 ns, Total: 1054100 ns
[7.830s][info][gc       ] GC(111) Pause Cleanup 108M->108M(268M) 0.171ms
[7.830s][info][safepoint] Safepoint "G1Concurrent", Time since last: 5937700 ns, Reaching safepoint: 296000 ns, At safepoint: 236200 ns, Total: 532200 ns
[7.830s][info][gc       ] GC(111) Concurrent Mark Cycle 12.885ms
[7.875s][info][gc       ] GC(112) Pause Young (Prepare Mixed) (G1 Preventive Collection) 177M->173M(796M) 30.890ms
[7.875s][info][safepoint] Safepoint "G1CollectForAllocation", Time since last: 13982200 ns, Reaching safepoint: 145800 ns, At safepoint: 31030100 ns, Total: 31175900 ns
[7.898s][info][gc       ] GC(113) Pause Young (Mixed) (G1 Evacuation Pause) 221M->206M(796M) 14.049ms
[7.898s][info][safepoint] Safepoint "G1CollectForAllocation", Time since last: 9093100 ns, Reaching safepoint: 125500 ns, At safepoint: 14163400 ns, Total: 14288900 ns
[7.911s][info][gc       ] GC(114) Pause Young (Concurrent Start) (G1 Humongous Allocation) 233M->232M(796M) 7.172ms
[7.911s][info][gc       ] GC(115) Concurrent Mark Cycle
[7.911s][info][safepoint] Safepoint "G1TryInitiateConcMark", Time since last: 5162800 ns, Reaching safepoint: 116500 ns, At safepoint: 7296900 ns, Total: 7413400 ns
[7.918s][info][gc       ] GC(115) Pause Remark 268M->95M(320M) 0.700ms
[7.918s][info][safepoint] Safepoint "G1Concurrent", Time since last: 6168500 ns, Reaching safepoint: 473600 ns, At safepoint: 746800 ns, Total: 1220400 ns
[7.931s][info][gc       ] GC(115) Pause Cleanup 131M->131M(320M) 0.120ms
[7.931s][info][safepoint] Safepoint "G1Concurrent", Time since last: 6648100 ns, Reaching safepoint: 5613300 ns, At safepoint: 218000 ns, Total: 5831300 ns
[7.931s][info][gc       ] GC(115) Concurrent Mark Cycle 20.202ms
[7.978s][info][gc       ] GC(116) Pause Young (Prepare Mixed) (G1 Preventive Collection) 197M->178M(320M) 32.071ms
[7.978s][info][safepoint] Safepoint "G1CollectForAllocation", Time since last: 15409700 ns, Reaching safepoint: 151200 ns, At safepoint: 32186300 ns, Total: 32337500 ns
[7.999s][info][gc       ] GC(117) Pause Young (Mixed) (G1 Evacuation Pause) 210M->209M(320M) 15.420ms
[7.999s][info][safepoint] Safepoint "G1CollectForAllocation", Time since last: 5280800 ns, Reaching safepoint: 183700 ns, At safepoint: 15500300 ns, Total: 15684000 ns
[8.012s][info][gc       ] GC(118) Pause Young (Concurrent Start) (G1 Evacuation Pause) 229M->231M(960M) 6.177ms
[8.012s][info][safepoint] Safepoint "G1CollectForAllocation", Time since last: 4787000 ns, Reaching safepoint: 1445100 ns, At safepoint: 6269900 ns, Total: 7715000 ns
[8.012s][info][gc       ] GC(119) Concurrent Mark Cycle
[8.018s][info][gc       ] GC(119) Pause Remark 263M->92M(308M) 0.977ms
[8.018s][info][safepoint] Safepoint "G1Concurrent", Time since last: 4838600 ns, Reaching safepoint: 239700 ns, At safepoint: 1023600 ns, Total: 1263300 ns
[8.027s][info][gc       ] GC(119) Pause Cleanup 124M->124M(308M) 0.180ms
[8.027s][info][safepoint] Safepoint "G1Concurrent", Time since last: 8251400 ns, Reaching safepoint: 308000 ns, At safepoint: 239800 ns, Total: 547800 ns
[8.027s][info][gc       ] GC(119) Concurrent Mark Cycle 15.146ms
[8.079s][info][gc       ] GC(120) Pause Young (Prepare Mixed) (G1 Preventive Collection) 200M->196M(308M) 36.075ms
[8.079s][info][safepoint] Safepoint "G1CollectForAllocation", Time since last: 16106800 ns, Reaching safepoint: 217400 ns, At safepoint: 36165300 ns, Total: 36382700 ns
[8.103s][info][gc       ] GC(121) Pause Young (Mixed) (G1 Evacuation Pause) 224M->208M(308M) 19.311ms
[8.103s][info][safepoint] Safepoint "G1CollectForAllocation", Time since last: 3787300 ns, Reaching safepoint: 195000 ns, At safepoint: 19398500 ns, Total: 19593500 ns
[8.114s][info][gc       ] GC(122) Pause Young (Concurrent Start) (G1 Evacuation Pause) 224M->226M(308M) 6.163ms
[8.114s][info][gc       ] GC(123) Concurrent Mark Cycle
[8.114s][info][safepoint] Safepoint "G1CollectForAllocation", Time since last: 5053900 ns, Reaching safepoint: 149600 ns, At safepoint: 6239300 ns, Total: 6388900 ns
[8.126s][info][gc       ] GC(124) Pause Young (Normal) (G1 Evacuation Pause) 238M->238M(924M) 9.123ms
[8.126s][info][safepoint] Safepoint "G1CollectForAllocation", Time since last: 2015200 ns, Reaching safepoint: 124300 ns, At safepoint: 9813000 ns, Total: 9937300 ns
[8.165s][info][gc       ] GC(123) Pause Remark 362M->306M(924M) 0.785ms
[8.165s][info][safepoint] Safepoint "G1Concurrent", Time since last: 37761600 ns, Reaching safepoint: 407200 ns, At safepoint: 836900 ns, Total: 1244100 ns
[8.215s][info][gc       ] GC(123) Pause Cleanup 452M->452M(924M) 0.161ms
[8.215s][info][safepoint] Safepoint "G1Concurrent", Time since last: 49310400 ns, Reaching safepoint: 340700 ns, At safepoint: 230500 ns, Total: 571200 ns
[8.216s][info][gc       ] GC(123) Concurrent Mark Cycle 101.551ms
[8.314s][info][gc       ] GC(125) Pause Young (Prepare Mixed) (G1 Evacuation Pause) 490M->485M(924M) 85.111ms
[8.314s][info][safepoint] Safepoint "G1CollectForAllocation", Time since last: 13376900 ns, Reaching safepoint: 170200 ns, At safepoint: 85199100 ns, Total: 85369300 ns
[8.337s][info][gc       ] GC(126) Pause Young (Mixed) (G1 Evacuation Pause) 505M->512M(924M) 16.270ms
[8.337s][info][safepoint] Safepoint "G1CollectForAllocation", Time since last: 6472700 ns, Reaching safepoint: 101400 ns, At safepoint: 16343900 ns, Total: 16445300 ns
[8.343s][info][gc       ] GC(127) Pause Young (Concurrent Start) (G1 Humongous Allocation) 521M->527M(924M) 3.602ms
[8.343s][info][gc       ] GC(128) Concurrent Mark Cycle
[8.343s][info][safepoint] Safepoint "G1TryInitiateConcMark", Time since last: 2751200 ns, Reaching safepoint: 128600 ns, At safepoint: 3658200 ns, Total: 3786800 ns
[8.381s][info][gc       ] GC(128) Pause Remark 654M->394M(924M) 1.003ms
[8.381s][info][safepoint] Safepoint "G1Concurrent", Time since last: 34380700 ns, Reaching safepoint: 2758500 ns, At safepoint: 1056500 ns, Total: 3815000 ns
[8.426s][info][gc       ] GC(129) Pause Young (Normal) (G1 Evacuation Pause) 431M->428M(924M) 35.740ms
[8.426s][info][safepoint] Safepoint "G1CollectForAllocation", Time since last: 8769200 ns, Reaching safepoint: 324000 ns, At safepoint: 35821400 ns, Total: 36145400 ns
[8.457s][info][gc       ] GC(128) Pause Cleanup 568M->568M(924M) 0.168ms
[8.457s][info][safepoint] Safepoint "G1Concurrent", Time since last: 30651400 ns, Reaching safepoint: 144400 ns, At safepoint: 262800 ns, Total: 407200 ns
[8.458s][info][gc       ] GC(128) Concurrent Mark Cycle 114.768ms
[8.513s][info][gc       ] GC(130) Pause Young (Prepare Mixed) (G1 Evacuation Pause) 624M->626M(924M) 43.743ms
[8.513s][info][safepoint] Safepoint "G1CollectForAllocation", Time since last: 11317900 ns, Reaching safepoint: 163300 ns, At safepoint: 43865800 ns, Total: 44029100 ns
[8.547s][info][gc       ] GC(131) Pause Young (Mixed) (G1 Evacuation Pause) 650M->584M(2772M) 25.699ms
[8.547s][info][safepoint] Safepoint "G1CollectForAllocation", Time since last: 7965600 ns, Reaching safepoint: 148300 ns, At safepoint: 25838400 ns, Total: 25986700 ns
[8.682s][info][gc       ] GC(132) Pause Young (Mixed) (G1 Evacuation Pause) 812M->788M(2772M) 60.069ms
[8.682s][info][safepoint] Safepoint "G1CollectForAllocation", Time since last: 75091600 ns, Reaching safepoint: 147400 ns, At safepoint: 60246500 ns, Total: 60393900 ns
[9.138s][info][gc       ] GC(133) Pause Young (Normal) (G1 Evacuation Pause) 1644M->1633M(2772M) 190.978ms
[9.138s][info][safepoint] Safepoint "G1CollectForAllocation", Time since last: 264303300 ns, Reaching safepoint: 214600 ns, At safepoint: 191100200 ns, Total: 191314800 ns
[9.176s][info][gc       ] GC(134) Pause Young (Concurrent Start) (G1 Humongous Allocation) 1643M->1660M(2772M) 34.749ms
[9.176s][info][safepoint] Safepoint "G1TryInitiateConcMark", Time since last: 3037700 ns, Reaching safepoint: 127100 ns, At safepoint: 34865500 ns, Total: 34992600 ns
[9.176s][info][gc       ] GC(135) Concurrent Mark Cycle
[9.203s][info][gc       ] GC(135) Pause Remark 1740M->316M(1068M) 0.655ms
[9.203s][info][safepoint] Safepoint "G1Concurrent", Time since last: 26270700 ns, Reaching safepoint: 140700 ns, At safepoint: 703100 ns, Total: 843800 ns
[9.246s][info][gc       ] GC(135) Pause Cleanup 536M->536M(1068M) 0.184ms
[9.246s][info][safepoint] Safepoint "G1Concurrent", Time since last: 41450000 ns, Reaching safepoint: 1144300 ns, At safepoint: 238000 ns, Total: 1382300 ns
[9.247s][info][gc       ] GC(135) Concurrent Mark Cycle 71.058ms
[9.355s][info][gc       ] GC(136) Pause Young (Prepare Mixed) (G1 Evacuation Pause) 656M->654M(1068M) 83.694ms
[9.355s][info][safepoint] Safepoint "G1CollectForAllocation", Time since last: 25346300 ns, Reaching safepoint: 177600 ns, At safepoint: 83829300 ns, Total: 84006900 ns
[9.395s][info][gc       ] GC(137) Pause Young (Mixed) (G1 Evacuation Pause) 686M->660M(3204M) 32.679ms
[9.395s][info][safepoint] Safepoint "G1CollectForAllocation", Time since last: 6862600 ns, Reaching safepoint: 794700 ns, At safepoint: 32760000 ns, Total: 33554700 ns
[9.850s][info][gc       ] GC(138) Pause Young (Normal) (G1 Evacuation Pause) 1636M->1623M(3204M) 180.499ms
[9.851s][info][safepoint] Safepoint "G1CollectForAllocation", Time since last: 274214800 ns, Reaching safepoint: 163400 ns, At safepoint: 180660300 ns, Total: 180823700 ns
[9.958s][info][gc       ] GC(139) Pause Young (Concurrent Start) (G1 Humongous Allocation) 1833M->1842M(3204M) 63.811ms
[9.958s][info][gc       ] GC(140) Concurrent Mark Cycle
[9.958s][info][safepoint] Safepoint "G1TryInitiateConcMark", Time since last: 43265800 ns, Reaching safepoint: 151200 ns, At safepoint: 63969500 ns, Total: 64120700 ns
[9.989s][info][gc       ] GC(140) Pause Remark 1944M->380M(1280M) 0.753ms
[9.990s][info][safepoint] Safepoint "G1Concurrent", Time since last: 30442100 ns, Reaching safepoint: 400200 ns, At safepoint: 803000 ns, Total: 1203200 ns
[10.044s][info][gc       ] GC(140) Pause Cleanup 642M->642M(1280M) 0.177ms
[10.044s][info][safepoint] Safepoint "G1Concurrent", Time since last: 53662600 ns, Reaching safepoint: 432100 ns, At safepoint: 261400 ns, Total: 693500 ns
[10.045s][info][gc       ] GC(140) Concurrent Mark Cycle 87.361ms
[10.213s][info][gc       ] GC(141) Pause Young (Prepare Mixed) (G1 Evacuation Pause) 810M->780M(1280M) 135.099ms
[10.213s][info][safepoint] Safepoint "G1CollectForAllocation", Time since last: 33743900 ns, Reaching safepoint: 202100 ns, At safepoint: 135232600 ns, Total: 135434700 ns
[10.251s][info][gc       ] GC(142) Pause Young (Mixed) (G1 Evacuation Pause) 812M->822M(1280M) 29.791ms
[10.251s][info][safepoint] Safepoint "G1CollectForAllocation", Time since last: 7429500 ns, Reaching safepoint: 335500 ns, At safepoint: 29905600 ns, Total: 30241100 ns
[10.272s][info][gc       ] GC(143) Pause Young (Concurrent Start) (G1 Humongous Allocation) 842M->853M(3840M) 13.774ms
[10.272s][info][gc       ] GC(144) Concurrent Undo Cycle
[10.272s][info][safepoint] Safepoint "G1TryInitiateConcMark", Time since last: 6793000 ns, Reaching safepoint: 935200 ns, At safepoint: 13916900 ns, Total: 14852100 ns
[10.277s][info][gc       ] GC(144) Concurrent Undo Cycle 4.760ms
[10.769s][info][gc       ] GC(145) Pause Young (Normal) (G1 Evacuation Pause) 1825M->1807M(3840M) 198.271ms
[10.769s][info][safepoint] Safepoint "G1CollectForAllocation", Time since last: 298280500 ns, Reaching safepoint: 206100 ns, At safepoint: 198394100 ns, Total: 198600200 ns
[11.160s][info][gc       ] GC(146) Pause Young (Normal) (G1 Evacuation Pause) 2651M->2642M(3840M) 178.640ms
[11.160s][info][safepoint] Safepoint "G1CollectForAllocation", Time since last: 212133400 ns, Reaching safepoint: 149300 ns, At safepoint: 178769100 ns, Total: 178918400 ns
[11.207s][info][gc       ] GC(147) Pause Young (Concurrent Start) (G1 Humongous Allocation) 2644M->2656M(3840M) 46.561ms
[11.207s][info][gc       ] GC(148) Concurrent Mark Cycle
[11.207s][info][safepoint] Safepoint "G1TryInitiateConcMark", Time since last: 258300 ns, Reaching safepoint: 159400 ns, At safepoint: 46696200 ns, Total: 46855600 ns
[11.226s][info][gc       ] GC(148) Pause Remark 2732M->258M(868M) 1.143ms
[11.226s][info][safepoint] Safepoint "G1Concurrent", Time since last: 16933700 ns, Reaching safepoint: 268000 ns, At safepoint: 1215100 ns, Total: 1483100 ns
[11.261s][info][gc       ] GC(148) Pause Cleanup 438M->438M(868M) 0.115ms
[11.261s][info][safepoint] Safepoint "G1Concurrent", Time since last: 34190000 ns, Reaching safepoint: 787900 ns, At safepoint: 152200 ns, Total: 940100 ns
[11.262s][info][gc       ] GC(148) Concurrent Mark Cycle 54.199ms
[11.375s][info][gc       ] GC(149) Pause Young (Prepare Mixed) (G1 Preventive Collection) 600M->606M(868M) 81.610ms
[11.375s][info][safepoint] Safepoint "G1CollectForAllocation", Time since last: 31715800 ns, Reaching safepoint: 189200 ns, At safepoint: 81701500 ns, Total: 81890700 ns
[11.405s][info][gc       ] GC(150) Pause Young (Mixed) (G1 Evacuation Pause) 622M->606M(2604M) 23.047ms
[11.405s][info][safepoint] Safepoint "G1CollectForAllocation", Time since last: 3632800 ns, Reaching safepoint: 3771500 ns, At safepoint: 23122800 ns, Total: 26894300 ns
[11.415s][info][gc       ] GC(151) Pause Young (Concurrent Start) (G1 Humongous Allocation) 612M->612M(2604M) 3.313ms
[11.415s][info][gc       ] GC(152) Concurrent Mark Cycle
[11.416s][info][safepoint] Safepoint "G1TryInitiateConcMark", Time since last: 1907500 ns, Reaching safepoint: 5064800 ns, At safepoint: 3423400 ns, Total: 8488200 ns
[11.432s][info][gc       ] GC(152) Pause Remark 680M->208M(708M) 0.784ms
[11.432s][info][safepoint] Safepoint "G1Concurrent", Time since last: 14918400 ns, Reaching safepoint: 420800 ns, At safepoint: 835100 ns, Total: 1255900 ns
[11.450s][info][gc       ] GC(152) Pause Cleanup 304M->304M(708M) 0.166ms
[11.450s][info][safepoint] Safepoint "G1Concurrent", Time since last: 18423600 ns, Reaching safepoint: 136700 ns, At safepoint: 220600 ns, Total: 357300 ns
[11.451s][info][gc       ] GC(152) Concurrent Mark Cycle 35.533ms
[11.564s][info][gc       ] GC(153) Pause Young (Prepare Mixed) (G1 Preventive Collection) 468M->462M(708M) 75.776ms
[11.564s][info][safepoint] Safepoint "G1CollectForAllocation", Time since last: 34762600 ns, Reaching safepoint: 2712100 ns, At safepoint: 75894800 ns, Total: 78606900 ns
[11.597s][info][gc       ] GC(154) Pause Young (Mixed) (G1 Evacuation Pause) 466M->432M(708M) 24.315ms
[11.597s][info][safepoint] Safepoint "G1CollectForAllocation", Time since last: 592200 ns, Reaching safepoint: 8388700 ns, At safepoint: 24400000 ns, Total: 32788700 ns
[11.608s][info][gc       ] GC(155) Pause Young (Concurrent Start) (G1 Humongous Allocation) 433M->425M(708M) 1.571ms
[11.608s][info][safepoint] Safepoint "G1TryInitiateConcMark", Time since last: 120400 ns, Reaching safepoint: 9037700 ns, At safepoint: 1623700 ns, Total: 10661400 ns
[11.608s][info][gc       ] GC(156) Concurrent Mark Cycle
[11.615s][info][gc       ] GC(156) Pause Remark 460M->100M(348M) 0.369ms
[11.615s][info][safepoint] Safepoint "G1Concurrent", Time since last: 6782000 ns, Reaching safepoint: 103800 ns, At safepoint: 411000 ns, Total: 514800 ns
[11.626s][info][gc       ] GC(156) Pause Cleanup 137M->137M(348M) 0.107ms
[11.626s][info][safepoint] Safepoint "G1Concurrent", Time since last: 5549900 ns, Reaching safepoint: 4595900 ns, At safepoint: 148200 ns, Total: 4744100 ns
[11.626s][info][gc       ] GC(156) Concurrent Mark Cycle 17.787ms
[11.676s][info][gc       ] GC(157) Pause Young (Prepare Mixed) (G1 Evacuation Pause) 185M->184M(348M) 31.934ms
[11.677s][info][safepoint] Safepoint "G1CollectForAllocation", Time since last: 10954300 ns, Reaching safepoint: 7978100 ns, At safepoint: 32014500 ns, Total: 39992600 ns
[11.694s][info][gc       ] GC(158) Pause Young (Mixed) (G1 Evacuation Pause) 188M->156M(1044M) 7.904ms
[11.694s][info][safepoint] Safepoint "G1CollectForAllocation", Time since last: 1440300 ns, Reaching safepoint: 7777600 ns, At safepoint: 7985200 ns, Total: 15762800 ns
[11.709s][info][gc       ] GC(159) Pause Young (Concurrent Start) (G1 Humongous Allocation) 170M->170M(1044M) 3.989ms
[11.709s][info][gc       ] GC(160) Concurrent Mark Cycle
[11.709s][info][safepoint] Safepoint "G1TryInitiateConcMark", Time since last: 4080700 ns, Reaching safepoint: 6683800 ns, At safepoint: 4084300 ns, Total: 10768100 ns
[11.746s][info][gc       ] GC(160) Pause Remark 334M->298M(1000M) 0.820ms
[11.746s][info][safepoint] Safepoint "G1Concurrent", Time since last: 34670100 ns, Reaching safepoint: 1435100 ns, At safepoint: 919100 ns, Total: 2354200 ns
[11.787s][info][gc       ] GC(160) Pause Cleanup 470M->470M(1000M) 0.178ms
[11.787s][info][safepoint] Safepoint "G1Concurrent", Time since last: 40569300 ns, Reaching safepoint: 189100 ns, At safepoint: 276300 ns, Total: 465400 ns
[11.787s][info][gc       ] GC(160) Concurrent Mark Cycle 78.847ms
[11.917s][info][gc       ] GC(161) Pause Young (Prepare Mixed) (G1 Evacuation Pause) 522M->513M(1000M) 112.973ms
[11.917s][info][safepoint] Safepoint "G1CollectForAllocation", Time since last: 13481300 ns, Reaching safepoint: 3525500 ns, At safepoint: 113097400 ns, Total: 116622900 ns
[11.943s][info][gc       ] GC(162) Pause Young (Mixed) (G1 Evacuation Pause) 553M->562M(1000M) 17.658ms
[11.943s][info][safepoint] Safepoint "G1CollectForAllocation", Time since last: 8409500 ns, Reaching safepoint: 109300 ns, At safepoint: 17774200 ns, Total: 17883500 ns
[11.956s][info][gc       ] GC(163) Pause Young (Concurrent Start) (G1 Humongous Allocation) 581M->583M(1000M) 4.948ms
[11.956s][info][gc       ] GC(164) Concurrent Mark Cycle
[11.956s][info][safepoint] Safepoint "G1TryInitiateConcMark", Time since last: 3567300 ns, Reaching safepoint: 3941200 ns, At safepoint: 5072900 ns, Total: 9014100 ns
[11.962s][info][gc       ] GC(164) Pause Remark 615M->91M(308M) 0.639ms
[11.962s][info][safepoint] Safepoint "G1Concurrent", Time since last: 4931700 ns, Reaching safepoint: 586400 ns, At safepoint: 723400 ns, Total: 1309800 ns
[11.970s][info][gc       ] GC(164) Pause Cleanup 117M->117M(308M) 0.122ms
[11.970s][info][safepoint] Safepoint "G1Concurrent", Time since last: 6213100 ns, Reaching safepoint: 1438900 ns, At safepoint: 164400 ns, Total: 1603300 ns
[11.970s][info][gc       ] GC(164) Concurrent Mark Cycle 14.243ms
[12.018s][info][gc       ] GC(165) Pause Young (Prepare Mixed) (G1 Preventive Collection) 195M->182M(924M) 30.726ms
[12.019s][info][safepoint] Safepoint "G1CollectForAllocation", Time since last: 17074700 ns, Reaching safepoint: 904400 ns, At safepoint: 30855900 ns, Total: 31760300 ns
[12.045s][info][gc       ] GC(166) Pause Young (Mixed) (G1 Evacuation Pause) 234M->223M(924M) 15.565ms
[12.045s][info][safepoint] Safepoint "G1CollectForAllocation", Time since last: 10525200 ns, Reaching safepoint: 187100 ns, At safepoint: 15688100 ns, Total: 15875200 ns
[12.054s][info][gc       ] GC(167) Pause Young (Concurrent Start) (G1 Humongous Allocation) 230M->229M(924M) 3.968ms
[12.055s][info][gc       ] GC(168) Concurrent Mark Cycle
[12.055s][info][safepoint] Safepoint "G1TryInitiateConcMark", Time since last: 930700 ns, Reaching safepoint: 4652200 ns, At safepoint: 4089800 ns, Total: 8742000 ns
[12.062s][info][gc       ] GC(168) Pause Remark 261M->86M(296M) 0.926ms
[12.062s][info][safepoint] Safepoint "G1Concurrent", Time since last: 5665400 ns, Reaching safepoint: 600500 ns, At safepoint: 1027800 ns, Total: 1628300 ns
[12.066s][info][gc       ] GC(168) Pause Cleanup 106M->106M(296M) 0.181ms
[12.066s][info][safepoint] Safepoint "G1Concurrent", Time since last: 4058300 ns, Reaching safepoint: 301600 ns, At safepoint: 228200 ns, Total: 529800 ns
[12.067s][info][gc       ] GC(168) Concurrent Mark Cycle 12.175ms
[12.116s][info][gc       ] GC(169) Pause Young (Prepare Mixed) (G1 Preventive Collection) 186M->177M(296M) 32.023ms
[12.117s][info][safepoint] Safepoint "G1CollectForAllocation", Time since last: 17732300 ns, Reaching safepoint: 214800 ns, At safepoint: 32108400 ns, Total: 32323200 ns
[12.137s][info][gc       ] GC(170) Pause Young (Mixed) (G1 Evacuation Pause) 181M->167M(888M) 18.951ms
[12.137s][info][safepoint] Safepoint "G1CollectForAllocation", Time since last: 1452200 ns, Reaching safepoint: 152100 ns, At safepoint: 19052200 ns, Total: 19204300 ns
[12.140s][info][gc       ] GC(171) Pause Young (Concurrent Start) (G1 Humongous Allocation) 169M->168M(888M) 2.219ms
[12.140s][info][safepoint] Safepoint "G1TryInitiateConcMark", Time since last: 686700 ns, Reaching safepoint: 139000 ns, At safepoint: 2270500 ns, Total: 2409500 ns
[12.140s][info][gc       ] GC(172) Concurrent Mark Cycle
[12.178s][info][gc       ] GC(172) Pause Remark 344M->308M(888M) 0.768ms
[12.178s][info][safepoint] Safepoint "G1Concurrent", Time since last: 37010900 ns, Reaching safepoint: 226200 ns, At safepoint: 823700 ns, Total: 1049900 ns
[12.283s][info][gc       ] GC(173) Pause Young (Normal) (G1 Evacuation Pause) 472M->465M(888M) 71.091ms
[12.283s][info][safepoint] Safepoint "G1CollectForAllocation", Time since last: 33389100 ns, Reaching safepoint: 417100 ns, At safepoint: 71179800 ns, Total: 71596900 ns
[12.294s][info][gc       ] GC(172) Pause Cleanup 505M->505M(888M) 0.183ms
[12.294s][info][safepoint] Safepoint "G1Concurrent", Time since last: 9924200 ns, Reaching safepoint: 624700 ns, At safepoint: 241700 ns, Total: 866400 ns
[12.295s][info][gc       ] GC(172) Concurrent Mark Cycle 154.549ms
[12.365s][info][gc       ] GC(174) Pause Young (Prepare Mixed) (G1 Evacuation Pause) 641M->652M(888M) 44.607ms
[12.365s][info][safepoint] Safepoint "G1CollectForAllocation", Time since last: 25850300 ns, Reaching safepoint: 125400 ns, At safepoint: 44688900 ns, Total: 44814300 ns
[12.393s][info][gc       ] GC(175) Pause Young (Mixed) (G1 Evacuation Pause) 696M->703M(888M) 16.469ms
[12.393s][info][safepoint] Safepoint "G1CollectForAllocation", Time since last: 11753500 ns, Reaching safepoint: 188400 ns, At safepoint: 16564400 ns, Total: 16752800 ns
[12.414s][info][gc       ] GC(176) Pause Young (Concurrent Start) (G1 Humongous Allocation) 727M->732M(2664M) 12.317ms
[12.414s][info][safepoint] Safepoint "G1TryInitiateConcMark", Time since last: 7719100 ns, Reaching safepoint: 175600 ns, At safepoint: 12418900 ns, Total: 12594500 ns
[12.414s][info][gc       ] GC(177) Concurrent Mark Cycle
[12.445s][info][gc       ] GC(177) Pause Remark 836M->300M(1016M) 0.902ms
[12.445s][info][safepoint] Safepoint "G1Concurrent", Time since last: 30240800 ns, Reaching safepoint: 125400 ns, At safepoint: 968100 ns, Total: 1093500 ns
[12.485s][info][gc       ] GC(177) Pause Cleanup 420M->420M(1016M) 0.177ms
[12.485s][info][safepoint] Safepoint "G1Concurrent", Time since last: 39390500 ns, Reaching safepoint: 789100 ns, At safepoint: 301100 ns, Total: 1090200 ns
[12.487s][info][gc       ] GC(177) Concurrent Mark Cycle 73.570ms
[12.680s][info][gc       ] GC(178) Pause Young (Prepare Mixed) (G1 Preventive Collection) 678M->668M(1016M) 111.230ms
[12.680s][info][safepoint] Safepoint "G1CollectForAllocation", Time since last: 82201600 ns, Reaching safepoint: 882400 ns, At safepoint: 111331800 ns, Total: 112214200 ns
[12.719s][info][gc       ] GC(179) Pause Young (Mixed) (G1 Evacuation Pause) 680M->670M(1016M) 34.370ms
[12.719s][info][safepoint] Safepoint "G1CollectForAllocation", Time since last: 4189200 ns, Reaching safepoint: 148700 ns, At safepoint: 34459200 ns, Total: 34607900 ns
[12.726s][info][gc       ] GC(180) Pause Young (Concurrent Start) (G1 Humongous Allocation) 681M->688M(1016M) 3.457ms
[12.726s][info][gc       ] GC(181) Concurrent Mark Cycle
[12.726s][info][safepoint] Safepoint "G1TryInitiateConcMark", Time since last: 3517400 ns, Reaching safepoint: 197600 ns, At safepoint: 3524100 ns, Total: 3721700 ns
[12.742s][info][gc       ] GC(181) Pause Remark 752M->268M(896M) 0.422ms
[12.742s][info][safepoint] Safepoint "G1Concurrent", Time since last: 15182200 ns, Reaching safepoint: 101300 ns, At safepoint: 463500 ns, Total: 564800 ns
[12.786s][info][gc       ] GC(182) Pause Young (Normal) (G1 Evacuation Pause) 320M->322M(896M) 32.944ms
[12.786s][info][safepoint] Safepoint "G1CollectForAllocation", Time since last: 10805800 ns, Reaching safepoint: 189000 ns, At safepoint: 33052700 ns, Total: 33241700 ns
[12.794s][info][gc       ] GC(181) Pause Cleanup 358M->358M(896M) 0.145ms
[12.794s][info][safepoint] Safepoint "G1Concurrent", Time since last: 6992700 ns, Reaching safepoint: 1382000 ns, At safepoint: 213600 ns, Total: 1595600 ns
[12.796s][info][gc       ] GC(181) Concurrent Mark Cycle 70.187ms
[12.889s][info][gc       ] GC(183) Pause Young (Prepare Mixed) (G1 Evacuation Pause) 550M->548M(896M) 55.868ms
[12.889s][info][safepoint] Safepoint "G1CollectForAllocation", Time since last: 38586200 ns, Reaching safepoint: 143200 ns, At safepoint: 55939500 ns, Total: 56082700 ns
[12.923s][info][gc       ] GC(184) Pause Young (Mixed) (G1 Evacuation Pause) 588M->513M(2688M) 25.078ms
[12.923s][info][safepoint] Safepoint "G1CollectForAllocation", Time since last: 9163400 ns, Reaching safepoint: 116500 ns, At safepoint: 25154400 ns, Total: 25270900 ns
[13.006s][info][gc       ] GC(185) Pause Young (Mixed) (G1 Evacuation Pause) 725M->716M(2688M) 41.342ms
[13.006s][info][safepoint] Safepoint "G1CollectForAllocation", Time since last: 40908300 ns, Reaching safepoint: 175900 ns, At safepoint: 41426600 ns, Total: 41602500 ns
[13.029s][info][gc       ] GC(186) Pause Young (Concurrent Start) (G1 Humongous Allocation) 738M->739M(2688M) 15.988ms
[13.029s][info][safepoint] Safepoint "G1TryInitiateConcMark", Time since last: 6625600 ns, Reaching safepoint: 88500 ns, At safepoint: 16050700 ns, Total: 16139200 ns
[13.029s][info][gc       ] GC(187) Concurrent Mark Cycle
[13.052s][info][gc       ] GC(187) Pause Remark 835M->283M(960M) 0.444ms
[13.053s][info][safepoint] Safepoint "G1Concurrent", Time since last: 23266100 ns, Reaching safepoint: 149400 ns, At safepoint: 489900 ns, Total: 639300 ns
[13.076s][info][gc       ] GC(187) Pause Cleanup 367M->367M(960M) 0.155ms
[13.076s][info][safepoint] Safepoint "G1Concurrent", Time since last: 23178300 ns, Reaching safepoint: 503100 ns, At safepoint: 211000 ns, Total: 714100 ns
[13.077s][info][gc       ] GC(187) Concurrent Mark Cycle 48.415ms
[13.215s][info][gc       ] GC(188) Pause Young (Prepare Mixed) (G1 Preventive Collection) 615M->591M(960M) 84.584ms
[13.215s][info][safepoint] Safepoint "G1CollectForAllocation", Time since last: 53364500 ns, Reaching safepoint: 196200 ns, At safepoint: 84674600 ns, Total: 84870800 ns
[13.245s][info][gc       ] GC(189) Pause Young (Mixed) (G1 Evacuation Pause) 595M->566M(960M) 28.910ms
[13.245s][info][safepoint] Safepoint "G1CollectForAllocation", Time since last: 1458900 ns, Reaching safepoint: 151200 ns, At safepoint: 29005100 ns, Total: 29156300 ns
[13.262s][info][gc       ] GC(190) Pause Young (Concurrent Start) (G1 Humongous Allocation) 571M->572M(2880M) 14.745ms
[13.262s][info][safepoint] Safepoint "G1TryInitiateConcMark", Time since last: 1655500 ns, Reaching safepoint: 128000 ns, At safepoint: 14814200 ns, Total: 14942200 ns
[13.262s][info][gc       ] GC(191) Concurrent Undo Cycle
[13.265s][info][gc       ] GC(191) Concurrent Undo Cycle 2.694ms
[13.282s][info][gc       ] GC(192) Pause Young (Concurrent Start) (G1 Humongous Allocation) 630M->625M(2880M) 8.538ms
[13.282s][info][gc       ] GC(193) Concurrent Mark Cycle
[13.282s][info][safepoint] Safepoint "G1TryInitiateConcMark", Time since last: 11065200 ns, Reaching safepoint: 45800 ns, At safepoint: 8601700 ns, Total: 8647500 ns
[13.289s][info][gc       ] GC(193) Pause Remark 661M->111M(376M) 0.458ms
[13.289s][info][safepoint] Safepoint "G1Concurrent", Time since last: 6791800 ns, Reaching safepoint: 156100 ns, At safepoint: 488800 ns, Total: 644900 ns
[13.293s][info][gc       ] GC(193) Pause Cleanup 131M->131M(376M) 0.107ms
[13.294s][info][safepoint] Safepoint "G1Concurrent", Time since last: 3981700 ns, Reaching safepoint: 370500 ns, At safepoint: 148000 ns, Total: 518500 ns
[13.294s][info][gc       ] GC(193) Concurrent Mark Cycle 12.135ms
[13.350s][info][gc       ] GC(194) Pause Young (Prepare Mixed) (G1 Preventive Collection) 213M->182M(376M) 38.843ms
[13.350s][info][safepoint] Safepoint "G1CollectForAllocation", Time since last: 17424400 ns, Reaching safepoint: 200300 ns, At safepoint: 38934100 ns, Total: 39134400 ns
[13.399s][info][gc       ] GC(195) Pause Young (Mixed) (G1 Evacuation Pause) 210M->198M(376M) 44.489ms
[13.399s][info][safepoint] Safepoint "G1CollectForAllocation", Time since last: 4228600 ns, Reaching safepoint: 103800 ns, At safepoint: 44565200 ns, Total: 44669000 ns
[13.417s][info][gc       ] GC(196) Pause Young (Concurrent Start) (G1 Humongous Allocation) 227M->230M(1128M) 9.714ms
[13.417s][info][safepoint] Safepoint "G1TryInitiateConcMark", Time since last: 7331500 ns, Reaching safepoint: 908900 ns, At safepoint: 9801600 ns, Total: 10710500 ns
[13.417s][info][gc       ] GC(197) Concurrent Mark Cycle
[13.424s][info][gc       ] GC(197) Pause Remark 262M->106M(360M) 0.767ms
[13.424s][info][safepoint] Safepoint "G1Concurrent", Time since last: 6124100 ns, Reaching safepoint: 118000 ns, At safepoint: 851000 ns, Total: 969000 ns
[13.438s][info][gc       ] GC(197) Pause Cleanup 154M->154M(360M) 0.158ms
[13.438s][info][safepoint] Safepoint "G1Concurrent", Time since last: 9606300 ns, Reaching safepoint: 4000500 ns, At safepoint: 220400 ns, Total: 4220900 ns
[13.438s][info][gc       ] GC(197) Concurrent Mark Cycle 21.189ms
[13.494s][info][gc       ] GC(198) Pause Young (Prepare Mixed) (G1 Preventive Collection) 246M->241M(360M) 36.513ms
[13.494s][info][safepoint] Safepoint "G1CollectForAllocation", Time since last: 19694800 ns, Reaching safepoint: 125600 ns, At safepoint: 36589100 ns, Total: 36714700 ns
[13.522s][info][gc       ] GC(199) Pause Young (Mixed) (G1 Evacuation Pause) 245M->236M(360M) 18.686ms
[13.522s][info][safepoint] Safepoint "G1CollectForAllocation", Time since last: 1446800 ns, Reaching safepoint: 7076900 ns, At safepoint: 18811500 ns, Total: 25888400 ns
[13.531s][info][gc       ] GC(200) Pause Young (Concurrent Start) (G1 Humongous Allocation) 254M->254M(360M) 5.192ms
[13.531s][info][safepoint] Safepoint "G1TryInitiateConcMark", Time since last: 3695600 ns, Reaching safepoint: 150900 ns, At safepoint: 5266700 ns, Total: 5417600 ns
[13.531s][info][gc       ] GC(201) Concurrent Mark Cycle
[13.537s][info][gc       ] GC(201) Pause Remark 282M->79M(268M) 0.527ms
[13.537s][info][safepoint] Safepoint "G1Concurrent", Time since last: 5111300 ns, Reaching safepoint: 549300 ns, At safepoint: 567100 ns, Total: 1116400 ns
[13.546s][info][gc       ] GC(202) Pause Young (Normal) (G1 Evacuation Pause) 83M->82M(804M) 7.234ms
[13.546s][info][safepoint] Safepoint "G1CollectForAllocation", Time since last: 1332500 ns, Reaching safepoint: 69700 ns, At safepoint: 7312100 ns, Total: 7381800 ns
[13.553s][info][gc       ] GC(201) Pause Cleanup 108M->108M(804M) 0.043ms
[13.553s][info][safepoint] Safepoint "G1Concurrent", Time since last: 6619200 ns, Reaching safepoint: 758000 ns, At safepoint: 64000 ns, Total: 822000 ns
[13.554s][info][gc       ] GC(201) Concurrent Mark Cycle 22.912ms
[13.580s][info][gc       ] GC(203) Pause Young (Concurrent Start) (G1 Humongous Allocation) 142M->142M(804M) 14.845ms
[13.580s][info][gc       ] GC(204) Concurrent Mark Cycle
[13.580s][info][safepoint] Safepoint "G1TryInitiateConcMark", Time since last: 12234600 ns, Reaching safepoint: 75600 ns, At safepoint: 14976500 ns, Total: 15052100 ns
[13.600s][info][gc       ] GC(204) Pause Remark 214M->190M(640M) 1.156ms
[13.600s][info][safepoint] Safepoint "G1Concurrent", Time since last: 17699800 ns, Reaching safepoint: 801300 ns, At safepoint: 1205900 ns, Total: 2007200 ns
[13.620s][info][gc       ] GC(204) Pause Cleanup 242M->242M(640M) 0.209ms
[13.620s][info][safepoint] Safepoint "G1Concurrent", Time since last: 19070800 ns, Reaching safepoint: 316000 ns, At safepoint: 306700 ns, Total: 622700 ns
[13.620s][info][gc       ] GC(204) Concurrent Mark Cycle 39.946ms
[13.741s][info][gc       ] GC(205) Pause Young (Prepare Mixed) (G1 Preventive Collection) 410M->405M(640M) 68.252ms
[13.741s][info][safepoint] Safepoint "G1CollectForAllocation", Time since last: 52404700 ns, Reaching safepoint: 192700 ns, At safepoint: 68360700 ns, Total: 68553400 ns
[13.758s][info][gc       ] GC(206) Pause Young (Mixed) (G1 Evacuation Pause) 408M->416M(640M) 13.008ms
[13.758s][info][safepoint] Safepoint "G1CollectForAllocation", Time since last: 429200 ns, Reaching safepoint: 3617500 ns, At safepoint: 13079000 ns, Total: 16696500 ns
[13.762s][info][gc       ] GC(207) Pause Young (Concurrent Start) (G1 Humongous Allocation) 420M->418M(640M) 3.072ms
[13.762s][info][safepoint] Safepoint "G1TryInitiateConcMark", Time since last: 523700 ns, Reaching safepoint: 182600 ns, At safepoint: 3118700 ns, Total: 3301300 ns
[13.762s][info][gc       ] GC(208) Concurrent Mark Cycle
[13.769s][info][gc       ] GC(208) Pause Remark 453M->91M(320M) 0.353ms
[13.769s][info][safepoint] Safepoint "G1Concurrent", Time since last: 6565500 ns, Reaching safepoint: 152300 ns, At safepoint: 393800 ns, Total: 546100 ns
[13.774s][info][gc       ] GC(208) Pause Cleanup 113M->113M(320M) 0.040ms
[13.774s][info][safepoint] Safepoint "G1Concurrent", Time since last: 5208400 ns, Reaching safepoint: 50000 ns, At safepoint: 68800 ns, Total: 118800 ns
[13.774s][info][gc       ] GC(208) Concurrent Mark Cycle 12.617ms
[13.797s][info][gc       ] GC(209) Pause Young (Prepare Mixed) (G1 Evacuation Pause) 136M->135M(320M) 18.442ms
[13.797s][info][safepoint] Safepoint "G1CollectForAllocation", Time since last: 4149000 ns, Reaching safepoint: 47100 ns, At safepoint: 18514000 ns, Total: 18561100 ns
[13.810s][info][gc       ] GC(210) Pause Young (Mixed) (G1 Evacuation Pause) 143M->117M(320M) 10.405ms
[13.810s][info][safepoint] Safepoint "G1CollectForAllocation", Time since last: 2687500 ns, Reaching safepoint: 163900 ns, At safepoint: 10484100 ns, Total: 10648000 ns
[13.814s][info][gc       ] GC(211) Pause Young (Concurrent Start) (G1 Humongous Allocation) 120M->120M(960M) 3.100ms
[13.814s][info][safepoint] Safepoint "G1TryInitiateConcMark", Time since last: 803400 ns, Reaching safepoint: 142300 ns, At safepoint: 3190200 ns, Total: 3332500 ns
[13.814s][info][gc       ] GC(212) Concurrent Mark Cycle
[13.840s][info][gc       ] GC(212) Pause Remark 238M->214M(736M) 0.856ms
[13.840s][info][safepoint] Safepoint "G1Concurrent", Time since last: 24427400 ns, Reaching safepoint: 340500 ns, At safepoint: 906000 ns, Total: 1246500 ns
[13.869s][info][gc       ] GC(212) Pause Cleanup 308M->308M(736M) 0.145ms
[13.869s][info][safepoint] Safepoint "G1Concurrent", Time since last: 28234600 ns, Reaching safepoint: 243500 ns, At safepoint: 216900 ns, Total: 460400 ns
[13.870s][info][gc       ] GC(212) Concurrent Mark Cycle 55.646ms
[14.003s][info][gc       ] GC(213) Pause Young (Prepare Mixed) (G1 Preventive Collection) 476M->468M(736M) 81.043ms
[14.003s][info][safepoint] Safepoint "G1CollectForAllocation", Time since last: 52918400 ns, Reaching safepoint: 147800 ns, At safepoint: 81129400 ns, Total: 81277200 ns
[14.022s][info][gc       ] GC(214) Pause Young (Mixed) (G1 Evacuation Pause) 476M->490M(736M) 15.944ms
[14.022s][info][safepoint] Safepoint "G1CollectForAllocation", Time since last: 2832300 ns, Reaching safepoint: 127300 ns, At safepoint: 16028200 ns, Total: 16155500 ns
[14.025s][info][gc       ] GC(215) Pause Young (Concurrent Start) (G1 Humongous Allocation) 491M->497M(736M) 2.638ms
[14.025s][info][safepoint] Safepoint "G1TryInitiateConcMark", Time since last: 530200 ns, Reaching safepoint: 75100 ns, At safepoint: 2694800 ns, Total: 2769900 ns
[14.025s][info][gc       ] GC(216) Concurrent Mark Cycle
[14.061s][info][gc       ] GC(217) Pause Young (Normal) (G1 Evacuation Pause) 589M->590M(736M) 13.781ms
[14.061s][info][safepoint] Safepoint "G1CollectForAllocation", Time since last: 21719600 ns, Reaching safepoint: 86800 ns, At safepoint: 13855300 ns, Total: 13942100 ns
[14.064s][info][gc       ] GC(216) Pause Remark 608M->364M(736M) 0.618ms
[14.064s][info][safepoint] Safepoint "G1Concurrent", Time since last: 2365600 ns, Reaching safepoint: 254900 ns, At safepoint: 635000 ns, Total: 889900 ns
[14.083s][info][gc       ] GC(218) Pause Young (Normal) (G1 Evacuation Pause) 390M->389M(2208M) 13.241ms
[14.083s][info][safepoint] Safepoint "G1CollectForAllocation", Time since last: 5084300 ns, Reaching safepoint: 190500 ns, At safepoint: 13329400 ns, Total: 13519900 ns
[14.121s][info][gc       ] GC(216) Pause Cleanup 519M->519M(2208M) 0.216ms
[14.121s][info][safepoint] Safepoint "G1Concurrent", Time since last: 35862100 ns, Reaching safepoint: 2398400 ns, At safepoint: 335700 ns, Total: 2734100 ns
[14.126s][info][gc       ] GC(216) Concurrent Mark Cycle 100.513ms
[14.551s][info][gc       ] GC(219) Pause Young (Prepare Mixed) (G1 Evacuation Pause) 1261M->1246M(2208M) 191.953ms
[14.551s][info][safepoint] Safepoint "G1CollectForAllocation", Time since last: 237876100 ns, Reaching safepoint: 146500 ns, At safepoint: 192075300 ns, Total: 192221800 ns
[14.613s][info][gc       ] GC(220) Pause Young (Mixed) (G1 Evacuation Pause) 1310M->1264M(2208M) 41.285ms
[14.613s][info][safepoint] Safepoint "G1CollectForAllocation", Time since last: 20335000 ns, Reaching safepoint: 164500 ns, At safepoint: 41364000 ns, Total: 41528500 ns
[14.620s][info][gc       ] GC(221) Pause Young (Concurrent Start) (G1 Humongous Allocation) 1270M->1271M(2208M) 5.307ms
[14.620s][info][gc       ] GC(222) Concurrent Mark Cycle
[14.620s][info][safepoint] Safepoint "G1TryInitiateConcMark", Time since last: 936200 ns, Reaching safepoint: 47200 ns, At safepoint: 5378700 ns, Total: 5425900 ns
[14.628s][info][gc       ] GC(222) Pause Remark 1307M->115M(388M) 1.004ms
[14.628s][info][safepoint] Safepoint "G1Concurrent", Time since last: 7231700 ns, Reaching safepoint: 286000 ns, At safepoint: 1052800 ns, Total: 1338800 ns
[14.633s][info][gc       ] GC(222) Pause Cleanup 135M->135M(388M) 0.048ms
[14.633s][info][safepoint] Safepoint "G1Concurrent", Time since last: 4764100 ns, Reaching safepoint: 288900 ns, At safepoint: 95000 ns, Total: 383900 ns
[14.634s][info][gc       ] GC(222) Concurrent Mark Cycle 14.049ms
[14.700s][info][gc       ] GC(223) Pause Young (Prepare Mixed) (G1 Preventive Collection) 251M->236M(388M) 43.017ms
[14.700s][info][safepoint] Safepoint "G1CollectForAllocation", Time since last: 22940900 ns, Reaching safepoint: 149000 ns, At safepoint: 43090300 ns, Total: 43239300 ns
[14.732s][info][gc       ] GC(224) Pause Young (Mixed) (G1 Evacuation Pause) 244M->219M(388M) 29.628ms
[14.732s][info][safepoint] Safepoint "G1CollectForAllocation", Time since last: 2876200 ns, Reaching safepoint: 119300 ns, At safepoint: 29687600 ns, Total: 29806900 ns
[14.747s][info][gc       ] GC(225) Pause Young (Concurrent Start) (G1 Humongous Allocation) 234M->234M(1164M) 7.327ms
[14.747s][info][safepoint] Safepoint "G1TryInitiateConcMark", Time since last: 2152200 ns, Reaching safepoint: 5254400 ns, At safepoint: 7419400 ns, Total: 12673800 ns
[14.747s][info][gc       ] GC(226) Concurrent Mark Cycle
[14.755s][info][gc       ] GC(226) Pause Remark 262M->90M(308M) 0.751ms
[14.755s][info][safepoint] Safepoint "G1Concurrent", Time since last: 4729300 ns, Reaching safepoint: 2224500 ns, At safepoint: 795500 ns, Total: 3020000 ns
[14.762s][info][gc       ] GC(226) Pause Cleanup 132M->132M(308M) 0.038ms
[14.762s][info][safepoint] Safepoint "G1Concurrent", Time since last: 6996300 ns, Reaching safepoint: 162200 ns, At safepoint: 78600 ns, Total: 240800 ns
[14.762s][info][gc       ] GC(226) Concurrent Mark Cycle 15.078ms
[14.810s][info][gc       ] GC(227) Pause Young (Prepare Mixed) (G1 Preventive Collection) 200M->198M(308M) 31.036ms
[14.810s][info][safepoint] Safepoint "G1CollectForAllocation", Time since last: 17042600 ns, Reaching safepoint: 128000 ns, At safepoint: 31113900 ns, Total: 31241900 ns
[14.841s][info][gc       ] GC(228) Pause Young (Mixed) (G1 Evacuation Pause) 226M->206M(308M) 22.530ms
[14.841s][info][safepoint] Safepoint "G1CollectForAllocation", Time since last: 4102600 ns, Reaching safepoint: 3683200 ns, At safepoint: 22599600 ns, Total: 26282800 ns
[14.853s][info][gc       ] GC(229) Pause Young (Concurrent Start) (G1 Evacuation Pause) 222M->226M(308M) 4.660ms
[14.853s][info][gc       ] GC(230) Concurrent Mark Cycle
[14.853s][info][safepoint] Safepoint "G1CollectForAllocation", Time since last: 5073700 ns, Reaching safepoint: 2076300 ns, At safepoint: 4727300 ns, Total: 6803600 ns
[14.859s][info][gc       ] GC(231) Pause Young (Normal) (G1 Evacuation Pause) 238M->238M(308M) 3.182ms
[14.859s][info][safepoint] Safepoint "G1CollectForAllocation", Time since last: 1728700 ns, Reaching safepoint: 112500 ns, At safepoint: 4303000 ns, Total: 4415500 ns
[14.872s][info][gc       ] GC(232) Pause Young (Normal) (G1 Evacuation Pause) 254M->254M(924M) 6.018ms
[14.872s][info][safepoint] Safepoint "G1CollectForAllocation", Time since last: 2853800 ns, Reaching safepoint: 4609400 ns, At safepoint: 6167500 ns, Total: 10776900 ns
[14.911s][info][gc       ] GC(230) Pause Remark 414M->362M(924M) 0.847ms
[14.912s][info][safepoint] Safepoint "G1Concurrent", Time since last: 37235400 ns, Reaching safepoint: 980400 ns, At safepoint: 929200 ns, Total: 1909600 ns
[15.030s][info][gc       ] GC(233) Pause Young (Normal) (G1 Evacuation Pause) 498M->495M(924M) 74.133ms
[15.030s][info][safepoint] Safepoint "G1CollectForAllocation", Time since last: 44194800 ns, Reaching safepoint: 382800 ns, At safepoint: 74253500 ns, Total: 74636300 ns
[15.042s][info][gc       ] GC(230) Pause Cleanup 543M->543M(924M) 0.106ms
[15.042s][info][safepoint] Safepoint "G1Concurrent", Time since last: 10590900 ns, Reaching safepoint: 877700 ns, At safepoint: 189900 ns, Total: 1067600 ns
[15.043s][info][gc       ] GC(230) Concurrent Mark Cycle 190.086ms
[15.113s][info][gc       ] GC(234) Pause Young (Prepare Mixed) (G1 Evacuation Pause) 655M->660M(924M) 44.620ms
[15.113s][info][safepoint] Safepoint "G1CollectForAllocation", Time since last: 25989100 ns, Reaching safepoint: 162100 ns, At safepoint: 44703600 ns, Total: 44865700 ns
[15.142s][info][gc       ] GC(235) Pause Young (Mixed) (G1 Evacuation Pause) 704M->710M(924M) 14.053ms
[15.142s][info][safepoint] Safepoint "G1CollectForAllocation", Time since last: 15211600 ns, Reaching safepoint: 154300 ns, At safepoint: 14128400 ns, Total: 14282700 ns
[15.152s][info][gc       ] GC(236) Pause Young (Concurrent Start) (G1 Humongous Allocation) 723M->727M(924M) 5.525ms
[15.152s][info][safepoint] Safepoint "G1TryInitiateConcMark", Time since last: 3695300 ns, Reaching safepoint: 144200 ns, At safepoint: 5594000 ns, Total: 5738200 ns
[15.152s][info][gc       ] GC(237) Concurrent Mark Cycle
[15.179s][info][gc       ] GC(238) Pause Young (Normal) (G1 Evacuation Pause) 791M->789M(2772M) 12.881ms
[15.179s][info][safepoint] Safepoint "G1CollectForAllocation", Time since last: 13453300 ns, Reaching safepoint: 406300 ns, At safepoint: 12972000 ns, Total: 13378300 ns
[15.201s][info][gc       ] GC(237) Pause Remark 853M->323M(1080M) 0.916ms
[15.201s][info][safepoint] Safepoint "G1Concurrent", Time since last: 21036800 ns, Reaching safepoint: 505000 ns, At safepoint: 978200 ns, Total: 1483200 ns
[15.253s][info][gc       ] GC(237) Pause Cleanup 475M->475M(1080M) 0.228ms
[15.253s][info][safepoint] Safepoint "G1Concurrent", Time since last: 50218000 ns, Reaching safepoint: 900100 ns, At safepoint: 339500 ns, Total: 1239600 ns
[15.254s][info][gc       ] GC(237) Concurrent Mark Cycle 102.552ms
[15.455s][info][gc       ] GC(239) Pause Young (Prepare Mixed) (G1 Preventive Collection) 733M->726M(1080M) 115.448ms
[15.455s][info][safepoint] Safepoint "G1CollectForAllocation", Time since last: 80603900 ns, Reaching safepoint: 5823000 ns, At safepoint: 115630000 ns, Total: 121453000 ns
[15.501s][info][gc       ] GC(240) Pause Young (Mixed) (G1 Evacuation Pause) 746M->734M(1080M) 38.273ms
[15.501s][info][safepoint] Safepoint "G1CollectForAllocation", Time since last: 7959300 ns, Reaching safepoint: 163900 ns, At safepoint: 38392400 ns, Total: 38556300 ns
[15.517s][info][gc       ] GC(241) Pause Young (Concurrent Start) (G1 Humongous Allocation) 762M->768M(1080M) 5.737ms
[15.517s][info][gc       ] GC(242) Concurrent Mark Cycle
[15.517s][info][safepoint] Safepoint "G1TryInitiateConcMark", Time since last: 9678500 ns, Reaching safepoint: 44100 ns, At safepoint: 5798700 ns, Total: 5842800 ns
[15.561s][info][gc       ] GC(243) Pause Young (Normal) (G1 Evacuation Pause) 876M->876M(1080M) 20.571ms
[15.561s][info][safepoint] Safepoint "G1CollectForAllocation", Time since last: 23381100 ns, Reaching safepoint: 108000 ns, At safepoint: 20657700 ns, Total: 20765700 ns
[15.571s][info][gc       ] GC(242) Pause Remark 912M->448M(1080M) 0.785ms
[15.571s][info][safepoint] Safepoint "G1Concurrent", Time since last: 9323200 ns, Reaching safepoint: 290400 ns, At safepoint: 830200 ns, Total: 1120600 ns
[15.611s][info][gc       ] GC(244) Pause Young (Normal) (G1 Evacuation Pause) 481M->486M(3240M) 31.557ms
[15.611s][info][safepoint] Safepoint "G1CollectForAllocation", Time since last: 7516900 ns, Reaching safepoint: 263800 ns, At safepoint: 31650400 ns, Total: 31914200 ns
[15.662s][info][gc       ] GC(242) Pause Cleanup 638M->638M(3240M) 0.207ms
[15.662s][info][safepoint] Safepoint "G1Concurrent", Time since last: 49912700 ns, Reaching safepoint: 1007800 ns, At safepoint: 304500 ns, Total: 1312300 ns
[15.668s][info][gc       ] GC(242) Concurrent Mark Cycle 151.003ms
[16.134s][info][gc       ] GC(245) Pause Young (Prepare Mixed) (G1 Evacuation Pause) 1470M->1454M(3240M) 204.685ms
[16.134s][info][safepoint] Safepoint "G1CollectForAllocation", Time since last: 266663400 ns, Reaching safepoint: 155700 ns, At safepoint: 204819900 ns, Total: 204975600 ns
[16.221s][info][gc       ] GC(246) Pause Young (Mixed) (G1 Evacuation Pause) 1594M->1574M(3240M) 55.864ms
[16.221s][info][safepoint] Safepoint "G1CollectForAllocation", Time since last: 31469400 ns, Reaching safepoint: 234800 ns, At safepoint: 56026700 ns, Total: 56261500 ns
[16.541s][info][gc       ] GC(247) Pause Young (Concurrent Start) (G1 Humongous Allocation) 2222M->2220M(3240M) 142.268ms
[16.541s][info][gc       ] GC(248) Concurrent Mark Cycle
[16.541s][info][safepoint] Safepoint "G1TryInitiateConcMark", Time since last: 176865100 ns, Reaching safepoint: 208900 ns, At safepoint: 142406500 ns, Total: 142615400 ns
[16.601s][info][gc       ] GC(248) Pause Remark 2404M->700M(2336M) 0.978ms
[16.601s][info][safepoint] Safepoint "G1Concurrent", Time since last: 58610600 ns, Reaching safepoint: 533200 ns, At safepoint: 1029400 ns, Total: 1562600 ns
[16.724s][info][gc       ] GC(249) Pause Young (Normal) (G1 Evacuation Pause) 880M->836M(2336M) 84.372ms
[16.724s][info][safepoint] Safepoint "G1CollectForAllocation", Time since last: 38368500 ns, Reaching safepoint: 211400 ns, At safepoint: 84484700 ns, Total: 84696100 ns
[16.826s][info][gc       ] GC(248) Pause Cleanup 1276M->1276M(2336M) 0.093ms
[16.826s][info][safepoint] Safepoint "G1Concurrent", Time since last: 97539000 ns, Reaching safepoint: 4019700 ns, At safepoint: 145700 ns, Total: 4165400 ns
[16.829s][info][gc       ] GC(248) Concurrent Mark Cycle 288.400ms
[17.002s][info][gc       ] GC(250) Pause Young (Prepare Mixed) (G1 Evacuation Pause) 1480M->1482M(2336M) 132.470ms
[17.002s][info][safepoint] Safepoint "G1CollectForAllocation", Time since last: 43084900 ns, Reaching safepoint: 208200 ns, At safepoint: 132560600 ns, Total: 132768800 ns
[17.062s][info][gc       ] GC(251) Pause Young (Mixed) (G1 Evacuation Pause) 1578M->1576M(2336M) 39.544ms
[17.062s][info][safepoint] Safepoint "G1CollectForAllocation", Time since last: 20280900 ns, Reaching safepoint: 124000 ns, At safepoint: 39623400 ns, Total: 39747400 ns
[17.085s][info][gc       ] GC(252) Pause Young (Concurrent Start) (G1 Humongous Allocation) 1594M->1613M(4652M) 17.290ms
[17.085s][info][gc       ] GC(253) Concurrent Undo Cycle
[17.085s][info][safepoint] Safepoint "G1TryInitiateConcMark", Time since last: 5806000 ns, Reaching safepoint: 508800 ns, At safepoint: 17360500 ns, Total: 17869300 ns
[17.092s][info][gc       ] GC(253) Concurrent Undo Cycle 6.783ms
[17.614s][info][gc       ] GC(254) Pause Young (Normal) (G1 Evacuation Pause) 2581M->2563M(4652M) 226.195ms
[17.614s][info][safepoint] Safepoint "G1CollectForAllocation", Time since last: 302196900 ns, Reaching safepoint: 172400 ns, At safepoint: 226282100 ns, Total: 226454500 ns
[17.776s][info][gc       ] GC(255) Pause Young (Concurrent Start) (G1 Humongous Allocation) 2811M->2818M(4652M) 89.662ms
[17.776s][info][safepoint] Safepoint "G1TryInitiateConcMark", Time since last: 72569200 ns, Reaching safepoint: 136600 ns, At safepoint: 89767900 ns, Total: 89904500 ns
[17.776s][info][gc       ] GC(256) Concurrent Mark Cycle
[17.813s][info][gc       ] GC(256) Pause Remark 2962M->486M(1628M) 1.440ms
[17.813s][info][safepoint] Safepoint "G1Concurrent", Time since last: 34837300 ns, Reaching safepoint: 300300 ns, At safepoint: 1508000 ns, Total: 1808300 ns
[17.874s][info][gc       ] GC(256) Pause Cleanup 774M->774M(1628M) 0.211ms
[17.874s][info][safepoint] Safepoint "G1Concurrent", Time since last: 59768600 ns, Reaching safepoint: 492300 ns, At safepoint: 263400 ns, Total: 755700 ns
[17.875s][info][gc       ] GC(256) Concurrent Mark Cycle 98.371ms
[18.075s][info][gc       ] GC(257) Pause Young (Prepare Mixed) (G1 Evacuation Pause) 1054M->1000M(1628M) 144.051ms
[18.075s][info][safepoint] Safepoint "G1CollectForAllocation", Time since last: 56730600 ns, Reaching safepoint: 141800 ns, At safepoint: 144132600 ns, Total: 144274400 ns
[18.114s][info][gc       ] GC(258) Pause Young (Mixed) (G1 Evacuation Pause) 1016M->1020M(1628M) 31.376ms
[18.114s][info][safepoint] Safepoint "G1CollectForAllocation", Time since last: 5635700 ns, Reaching safepoint: 1946800 ns, At safepoint: 31450600 ns, Total: 33397400 ns
[18.136s][info][gc       ] GC(259) Pause Young (Concurrent Start) (G1 Humongous Allocation) 1024M->1039M(4228M) 15.022ms
[18.136s][info][safepoint] Safepoint "G1TryInitiateConcMark", Time since last: 1220200 ns, Reaching safepoint: 6359300 ns, At safepoint: 15103600 ns, Total: 21462900 ns
[18.136s][info][gc       ] GC(260) Concurrent Undo Cycle
[18.140s][info][gc       ] GC(260) Concurrent Undo Cycle 3.525ms
[18.589s][info][gc       ] GC(261) Pause Young (Normal) (G1 Evacuation Pause) 2147M->2123M(4228M) 221.650ms
[18.589s][info][safepoint] Safepoint "G1CollectForAllocation", Time since last: 230744400 ns, Reaching safepoint: 236500 ns, At safepoint: 221781400 ns, Total: 222017900 ns
[18.815s][info][gc       ] GC(262) Pause Young (Concurrent Start) (G1 Humongous Allocation) 2573M->2576M(4228M) 128.206ms
[18.815s][info][gc       ] GC(263) Concurrent Mark Cycle
[18.815s][info][safepoint] Safepoint "G1TryInitiateConcMark", Time since last: 96974300 ns, Reaching safepoint: 203100 ns, At safepoint: 128332100 ns, Total: 128535200 ns
[18.865s][info][gc       ] GC(263) Pause Remark 2732M->618M(2068M) 1.501ms
[18.865s][info][safepoint] Safepoint "G1Concurrent", Time since last: 48619000 ns, Reaching safepoint: 281400 ns, At safepoint: 1638600 ns, Total: 1920000 ns
[18.965s][info][gc       ] GC(263) Pause Cleanup 1078M->1078M(2068M) 0.226ms
[18.965s][info][safepoint] Safepoint "G1Concurrent", Time since last: 98890100 ns, Reaching safepoint: 392100 ns, At safepoint: 317600 ns, Total: 709700 ns
[18.966s][info][gc       ] GC(263) Concurrent Mark Cycle 151.649ms
[19.109s][info][gc       ] GC(264) Pause Young (Prepare Mixed) (G1 Evacuation Pause) 1086M->1036M(2068M) 136.180ms
[19.109s][info][safepoint] Safepoint "G1CollectForAllocation", Time since last: 3013800 ns, Reaching safepoint: 5192600 ns, At safepoint: 136272800 ns, Total: 141465400 ns
[19.158s][info][gc       ] GC(265) Pause Young (Mixed) (G1 Evacuation Pause) 1100M->1102M(2068M) 34.717ms
[19.158s][info][safepoint] Safepoint "G1CollectForAllocation", Time since last: 14279000 ns, Reaching safepoint: 173600 ns, At safepoint: 34801700 ns, Total: 34975300 ns
[19.174s][info][gc       ] GC(266) Pause Young (Concurrent Start) (G1 Humongous Allocation) 1104M->1105M(4492M) 8.204ms
[19.174s][info][safepoint] Safepoint "G1TryInitiateConcMark", Time since last: 156100 ns, Reaching safepoint: 7052100 ns, At safepoint: 8269400 ns, Total: 15321500 ns
[19.174s][info][gc       ] GC(267) Concurrent Undo Cycle
[19.178s][info][gc       ] GC(267) Concurrent Undo Cycle 3.575ms
[19.695s][info][gc       ] GC(268) Pause Young (Normal) (G1 Evacuation Pause) 2357M->2332M(4492M) 265.767ms
[19.695s][info][safepoint] Safepoint "G1CollectForAllocation", Time since last: 255032100 ns, Reaching safepoint: 218200 ns, At safepoint: 265906000 ns, Total: 266124200 ns
[20.041s][info][gc       ] GC(269) Pause Young (Concurrent Start) (G1 Humongous Allocation) 2970M->2972M(4492M) 171.563ms
[20.041s][info][gc       ] GC(270) Concurrent Mark Cycle
[20.041s][info][safepoint] Safepoint "G1TryInitiateConcMark", Time since last: 174396700 ns, Reaching safepoint: 147900 ns, At safepoint: 171697600 ns, Total: 171845500 ns
[20.133s][info][gc       ] GC(270) Pause Remark 3192M->826M(2760M) 1.445ms
[20.133s][info][safepoint] Safepoint "G1Concurrent", Time since last: 72457200 ns, Reaching safepoint: 17275800 ns, At safepoint: 1582600 ns, Total: 18858400 ns
[20.327s][info][gc       ] GC(271) Pause Young (Normal) (G1 Evacuation Pause) 1166M->1102M(2760M) 116.297ms
[20.327s][info][safepoint] Safepoint "G1CollectForAllocation", Time since last: 77897000 ns, Reaching safepoint: 432500 ns, At safepoint: 116416600 ns, Total: 116849100 ns
[20.438s][info][gc       ] GC(270) Pause Cleanup 1490M->1490M(2760M) 0.137ms
[20.438s][info][safepoint] Safepoint "G1Concurrent", Time since last: 110282500 ns, Reaching safepoint: 442800 ns, At safepoint: 199300 ns, Total: 642100 ns
[20.441s][info][gc       ] GC(270) Concurrent Mark Cycle 399.759ms
[20.674s][info][gc       ] GC(272) Pause Young (Prepare Mixed) (G1 Evacuation Pause) 1802M->1800M(2760M) 162.073ms
[20.674s][info][safepoint] Safepoint "G1CollectForAllocation", Time since last: 71196600 ns, Reaching safepoint: 2512800 ns, At safepoint: 162156500 ns, Total: 164669300 ns
[20.758s][info][gc       ] GC(273) Pause Young (Mixed) (G1 Evacuation Pause) 1932M->1932M(2760M) 53.661ms
[20.758s][info][safepoint] Safepoint "G1CollectForAllocation", Time since last: 30300900 ns, Reaching safepoint: 94100 ns, At safepoint: 53745700 ns, Total: 53839800 ns
[20.788s][info][gc       ] GC(274) Pause Young (Concurrent Start) (G1 Humongous Allocation) 1963M->1978M(4908M) 21.742ms
[20.788s][info][safepoint] Safepoint "G1TryInitiateConcMark", Time since last: 8138300 ns, Reaching safepoint: 29900 ns, At safepoint: 21830600 ns, Total: 21860500 ns
[20.788s][info][gc       ] GC(275) Concurrent Undo Cycle
[20.795s][info][gc       ] GC(275) Concurrent Undo Cycle 6.328ms
[21.278s][info][gc       ] GC(276) Pause Young (Normal) (G1 Evacuation Pause) 2930M->2917M(4908M) 209.742ms
[21.278s][info][safepoint] Safepoint "G1CollectForAllocation", Time since last: 279227500 ns, Reaching safepoint: 148900 ns, At safepoint: 209844600 ns, Total: 209993500 ns
[21.431s][info][gc       ] GC(277) Pause Young (Concurrent Start) (G1 Humongous Allocation) 3151M->3158M(4908M) 86.010ms
[21.431s][info][safepoint] Safepoint "G1TryInitiateConcMark", Time since last: 66732500 ns, Reaching safepoint: 192200 ns, At safepoint: 86101700 ns, Total: 86293900 ns
[21.431s][info][gc       ] GC(278) Concurrent Mark Cycle
[21.465s][info][gc       ] GC(278) Pause Remark 3254M->428M(1428M) 0.942ms
[21.465s][info][safepoint] Safepoint "G1Concurrent", Time since last: 32398300 ns, Reaching safepoint: 595900 ns, At safepoint: 992400 ns, Total: 1588300 ns
[21.524s][info][gc       ] GC(278) Pause Cleanup 680M->680M(1428M) 0.130ms
[21.524s][info][safepoint] Safepoint "G1Concurrent", Time since last: 59079300 ns, Reaching safepoint: 433200 ns, At safepoint: 190300 ns, Total: 623500 ns
[21.525s][info][gc       ] GC(278) Concurrent Mark Cycle 94.802ms
[21.728s][info][gc       ] GC(279) Pause Young (Prepare Mixed) (G1 Preventive Collection) 944M->876M(1428M) 148.708ms
[21.728s][info][safepoint] Safepoint "G1CollectForAllocation", Time since last: 55134200 ns, Reaching safepoint: 199100 ns, At safepoint: 148812100 ns, Total: 149011200 ns
[21.771s][info][gc       ] GC(280) Pause Young (Mixed) (G1 Evacuation Pause) 884M->876M(1428M) 34.379ms
[21.771s][info][safepoint] Safepoint "G1CollectForAllocation", Time since last: 3220800 ns, Reaching safepoint: 4487100 ns, At safepoint: 34461100 ns, Total: 38948200 ns
[21.791s][info][gc       ] GC(281) Pause Young (Concurrent Start) (G1 Humongous Allocation) 880M->876M(4108M) 12.470ms
[21.791s][info][safepoint] Safepoint "G1TryInitiateConcMark", Time since last: 1254800 ns, Reaching safepoint: 6376000 ns, At safepoint: 12540000 ns, Total: 18916000 ns
[21.791s][info][gc       ] GC(282) Concurrent Undo Cycle
[21.794s][info][gc       ] GC(282) Concurrent Undo Cycle 3.649ms
[22.196s][info][gc       ] GC(283) Pause Young (Normal) (G1 Evacuation Pause) 1796M->1776M(4108M) 168.602ms
[22.196s][info][safepoint] Safepoint "G1CollectForAllocation", Time since last: 236098500 ns, Reaching safepoint: 201600 ns, At safepoint: 168737200 ns, Total: 168938800 ns
[22.567s][info][gc       ] GC(284) Pause Young (Normal) (G1 Evacuation Pause) 2636M->2632M(4108M) 193.984ms
[22.567s][info][safepoint] Safepoint "G1CollectForAllocation", Time since last: 177021900 ns, Reaching safepoint: 192900 ns, At safepoint: 194103000 ns, Total: 194295900 ns
[22.622s][info][gc       ] GC(285) Pause Young (Concurrent Start) (G1 Humongous Allocation) 2638M->2650M(4108M) 53.148ms
[22.622s][info][gc       ] GC(286) Concurrent Mark Cycle
[22.622s][info][safepoint] Safepoint "G1TryInitiateConcMark", Time since last: 1612000 ns, Reaching safepoint: 74400 ns, At safepoint: 53217900 ns, Total: 53292300 ns
[22.663s][info][gc       ] GC(286) Pause Remark 2802M->458M(1536M) 0.863ms
[22.663s][info][safepoint] Safepoint "G1Concurrent", Time since last: 39300800 ns, Reaching safepoint: 693400 ns, At safepoint: 915500 ns, Total: 1608900 ns
[22.729s][info][gc       ] GC(286) Pause Cleanup 730M->730M(1536M) 0.142ms
[22.729s][info][safepoint] Safepoint "G1Concurrent", Time since last: 65909200 ns, Reaching safepoint: 365300 ns, At safepoint: 191500 ns, Total: 556800 ns
[22.730s][info][gc       ] GC(286) Concurrent Mark Cycle 108.427ms
[22.851s][info][gc       ] GC(287) Pause Young (Prepare Mixed) (G1 Evacuation Pause) 846M->846M(1536M) 96.856ms
[22.851s][info][safepoint] Safepoint "G1CollectForAllocation", Time since last: 24169900 ns, Reaching safepoint: 138700 ns, At safepoint: 96971300 ns, Total: 97110000 ns
[22.897s][info][gc       ] GC(288) Pause Young (Mixed) (G1 Evacuation Pause) 906M->858M(4172M) 31.768ms
[22.897s][info][safepoint] Safepoint "G1CollectForAllocation", Time since last: 14505400 ns, Reaching safepoint: 72400 ns, At safepoint: 31915000 ns, Total: 31987400 ns
[23.260s][info][gc       ] GC(289) Pause Young (Normal) (G1 Evacuation Pause) 1698M->1692M(4172M) 190.560ms
[23.260s][info][safepoint] Safepoint "G1CollectForAllocation", Time since last: 171736200 ns, Reaching safepoint: 206700 ns, At safepoint: 190694700 ns, Total: 190901400 ns
[23.309s][info][gc       ] GC(290) Pause Young (Concurrent Start) (G1 Humongous Allocation) 1719M->1730M(4172M) 42.530ms
[23.309s][info][safepoint] Safepoint "G1TryInitiateConcMark", Time since last: 6581500 ns, Reaching safepoint: 119600 ns, At safepoint: 42645300 ns, Total: 42764900 ns
[23.309s][info][gc       ] GC(291) Concurrent Mark Cycle
[23.326s][info][gc       ] GC(291) Pause Remark 1802M->238M(800M) 0.903ms
[23.326s][info][safepoint] Safepoint "G1Concurrent", Time since last: 15251800 ns, Reaching safepoint: 614500 ns, At safepoint: 991500 ns, Total: 1606000 ns
[23.357s][info][gc       ] GC(291) Pause Cleanup 378M->378M(800M) 0.161ms
[23.357s][info][safepoint] Safepoint "G1Concurrent", Time since last: 29844000 ns, Reaching safepoint: 543600 ns, At safepoint: 251900 ns, Total: 795500 ns
[23.357s][info][gc       ] GC(291) Concurrent Mark Cycle 47.948ms
[23.495s][info][gc       ] GC(292) Pause Young (Prepare Mixed) (G1 Preventive Collection) 530M->518M(800M) 104.516ms
[23.495s][info][safepoint] Safepoint "G1CollectForAllocation", Time since last: 33857200 ns, Reaching safepoint: 147800 ns, At safepoint: 104593800 ns, Total: 104741600 ns
[23.539s][info][gc       ] GC(293) Pause Young (Mixed) (G1 Evacuation Pause) 522M->524M(800M) 36.223ms
[23.539s][info][safepoint] Safepoint "G1CollectForAllocation", Time since last: 1466500 ns, Reaching safepoint: 5870000 ns, At safepoint: 36294700 ns, Total: 42164700 ns
[23.554s][info][gc       ] GC(294) Pause Young (Concurrent Start) (G1 Humongous Allocation) 546M->544M(2400M) 7.471ms
[23.554s][info][safepoint] Safepoint "G1TryInitiateConcMark", Time since last: 4977700 ns, Reaching safepoint: 2958900 ns, At safepoint: 7577900 ns, Total: 10536800 ns
[23.554s][info][gc       ] GC(295) Concurrent Mark Cycle
[23.564s][info][gc       ] GC(295) Pause Remark 576M->126M(428M) 0.437ms
[23.565s][info][safepoint] Safepoint "G1Concurrent", Time since last: 5504700 ns, Reaching safepoint: 4104500 ns, At safepoint: 477600 ns, Total: 4582100 ns
[23.572s][info][gc       ] GC(295) Pause Cleanup 166M->166M(428M) 0.051ms
[23.572s][info][safepoint] Safepoint "G1Concurrent", Time since last: 7665300 ns, Reaching safepoint: 54100 ns, At safepoint: 92300 ns, Total: 146400 ns
[23.573s][info][gc       ] GC(295) Concurrent Mark Cycle 18.100ms
[23.639s][info][gc       ] GC(296) Pause Young (Prepare Mixed) (G1 Preventive Collection) 285M->279M(428M) 39.614ms
[23.639s][info][safepoint] Safepoint "G1CollectForAllocation", Time since last: 26892900 ns, Reaching safepoint: 149600 ns, At safepoint: 39726700 ns, Total: 39876300 ns
[23.670s][info][gc       ] GC(297) Pause Young (Mixed) (G1 Evacuation Pause) 283M->250M(428M) 22.784ms
[23.670s][info][safepoint] Safepoint "G1CollectForAllocation", Time since last: 564600 ns, Reaching safepoint: 7085400 ns, At safepoint: 22862000 ns, Total: 29947400 ns
[23.680s][info][gc       ] GC(298) Pause Young (Concurrent Start) (G1 Humongous Allocation) 251M->244M(428M) 2.620ms
[23.680s][info][safepoint] Safepoint "G1TryInitiateConcMark", Time since last: 75400 ns, Reaching safepoint: 7246900 ns, At safepoint: 2667200 ns, Total: 9914100 ns
[23.680s][info][gc       ] GC(299) Concurrent Mark Cycle
[23.688s][info][gc       ] GC(299) Pause Remark 288M->101M(360M) 0.403ms
[23.688s][info][safepoint] Safepoint "G1Concurrent", Time since last: 7213400 ns, Reaching safepoint: 524300 ns, At safepoint: 456900 ns, Total: 981200 ns
[23.694s][info][gc       ] GC(299) Pause Cleanup 131M->131M(360M) 0.043ms
[23.694s][info][safepoint] Safepoint "G1Concurrent", Time since last: 6472700 ns, Reaching safepoint: 62500 ns, At safepoint: 78100 ns, Total: 140600 ns
[23.695s][info][gc       ] GC(299) Concurrent Mark Cycle 14.970ms
[23.712s][info][gc       ] GC(300) Pause Young (Prepare Mixed) (G1 Evacuation Pause) 133M->133M(360M) 16.874ms
[23.712s][info][safepoint] Safepoint "G1CollectForAllocation", Time since last: 724100 ns, Reaching safepoint: 38600 ns, At safepoint: 16940800 ns, Total: 16979400 ns
[23.725s][info][gc       ] GC(301) Pause Young (Mixed) (G1 Evacuation Pause) 141M->115M(360M) 5.188ms
[23.725s][info][safepoint] Safepoint "G1CollectForAllocation", Time since last: 2738700 ns, Reaching safepoint: 4649400 ns, At safepoint: 5264400 ns, Total: 9913800 ns
[23.731s][info][gc       ] GC(302) Pause Young (Concurrent Start) (G1 Humongous Allocation) 123M->123M(1080M) 3.868ms
[23.731s][info][gc       ] GC(303) Concurrent Mark Cycle
[23.731s][info][safepoint] Safepoint "G1TryInitiateConcMark", Time since last: 1933700 ns, Reaching safepoint: 110300 ns, At safepoint: 3996900 ns, Total: 4107200 ns
[23.758s][info][gc       ] GC(303) Pause Remark 237M->213M(720M) 0.660ms
[23.758s][info][safepoint] Safepoint "G1Concurrent", Time since last: 25282400 ns, Reaching safepoint: 1122000 ns, At safepoint: 752800 ns, Total: 1874800 ns
[23.790s][info][gc       ] GC(303) Pause Cleanup 339M->339M(720M) 0.146ms
[23.790s][info][safepoint] Safepoint "G1Concurrent", Time since last: 31519900 ns, Reaching safepoint: 341300 ns, At safepoint: 241000 ns, Total: 582300 ns
[23.790s][info][gc       ] GC(303) Concurrent Mark Cycle 59.694ms
[23.906s][info][gc       ] GC(304) Pause Young (Prepare Mixed) (G1 Preventive Collection) 457M->448M(720M) 84.524ms
[23.906s][info][safepoint] Safepoint "G1CollectForAllocation", Time since last: 24875600 ns, Reaching safepoint: 6522300 ns, At safepoint: 84637400 ns, Total: 91159700 ns
[23.934s][info][gc       ] GC(305) Pause Young (Mixed) (G1 Evacuation Pause) 464M->475M(720M) 19.892ms
[23.934s][info][safepoint] Safepoint "G1CollectForAllocation", Time since last: 3052600 ns, Reaching safepoint: 4802800 ns, At safepoint: 19996600 ns, Total: 24799400 ns
[23.946s][info][gc       ] GC(306) Pause Young (Concurrent Start) (G1 Humongous Allocation) 492M->493M(720M) 4.402ms
[23.946s][info][gc       ] GC(307) Concurrent Mark Cycle
[23.946s][info][safepoint] Safepoint "G1TryInitiateConcMark", Time since last: 6010600 ns, Reaching safepoint: 1908400 ns, At safepoint: 4462000 ns, Total: 6370400 ns
[23.983s][info][gc       ] GC(308) Pause Young (Normal) (G1 Evacuation Pause) 577M->579M(720M) 16.719ms
[23.983s][info][safepoint] Safepoint "G1CollectForAllocation", Time since last: 19512500 ns, Reaching safepoint: 205000 ns, At safepoint: 16837200 ns, Total: 17042200 ns
[23.992s][info][gc       ] GC(307) Pause Remark 595M->356M(720M) 0.592ms
[23.992s][info][safepoint] Safepoint "G1Concurrent", Time since last: 3471200 ns, Reaching safepoint: 4589400 ns, At safepoint: 631800 ns, Total: 5221200 ns
[24.008s][info][gc       ] GC(309) Pause Young (Normal) (G1 Evacuation Pause) 376M->375M(2160M) 12.776ms
[24.008s][info][safepoint] Safepoint "G1CollectForAllocation", Time since last: 3648000 ns, Reaching safepoint: 245700 ns, At safepoint: 12888800 ns, Total: 13134500 ns
[24.048s][info][gc       ] GC(307) Pause Cleanup 539M->539M(2160M) 0.126ms
[24.048s][info][safepoint] Safepoint "G1Concurrent", Time since last: 39308100 ns, Reaching safepoint: 192100 ns, At safepoint: 180200 ns, Total: 372300 ns
[24.049s][info][gc       ] GC(307) Concurrent Mark Cycle 103.124ms
[24.354s][info][gc       ] GC(310) Pause Young (Prepare Mixed) (G1 Evacuation Pause) 1171M->1157M(2160M) 168.614ms
[24.354s][info][safepoint] Safepoint "G1CollectForAllocation", Time since last: 137270400 ns, Reaching safepoint: 225400 ns, At safepoint: 168718500 ns, Total: 168943900 ns
[24.425s][info][gc       ] GC(311) Pause Young (Mixed) (G1 Evacuation Pause) 1237M->1186M(2160M) 45.491ms
[24.425s][info][safepoint] Safepoint "G1CollectForAllocation", Time since last: 24811400 ns, Reaching safepoint: 150200 ns, At safepoint: 45572100 ns, Total: 45722300 ns
[24.445s][info][gc       ] GC(312) Pause Young (Concurrent Start) (G1 Humongous Allocation) 1212M->1228M(2160M) 11.018ms
[24.445s][info][gc       ] GC(313) Concurrent Mark Cycle
[24.445s][info][safepoint] Safepoint "G1TryInitiateConcMark", Time since last: 9213000 ns, Reaching safepoint: 134300 ns, At safepoint: 11088700 ns, Total: 11223000 ns
[24.497s][info][gc       ] GC(313) Pause Remark 1356M->380M(1268M) 0.840ms
[24.497s][info][safepoint] Safepoint "G1Concurrent", Time since last: 34813400 ns, Reaching safepoint: 16275700 ns, At safepoint: 943800 ns, Total: 17219500 ns
[24.537s][info][gc       ] GC(313) Pause Cleanup 520M->520M(1268M) 0.226ms
[24.537s][info][safepoint] Safepoint "G1Concurrent", Time since last: 38810900 ns, Reaching safepoint: 237700 ns, At safepoint: 283300 ns, Total: 521000 ns
[24.537s][info][gc       ] GC(313) Concurrent Mark Cycle 92.282ms
[24.675s][info][gc       ] GC(314) Pause Young (Prepare Mixed) (G1 Evacuation Pause) 624M->620M(1268M) 114.150ms
[24.675s][info][safepoint] Safepoint "G1CollectForAllocation", Time since last: 24353900 ns, Reaching safepoint: 179200 ns, At safepoint: 114247800 ns, Total: 114427000 ns
[24.716s][info][gc       ] GC(315) Pause Young (Mixed) (G1 Evacuation Pause) 672M->628M(1268M) 26.183ms
[24.716s][info][safepoint] Safepoint "G1CollectForAllocation", Time since last: 13916800 ns, Reaching safepoint: 110000 ns, At safepoint: 26260200 ns, Total: 26370200 ns
[24.732s][info][gc       ] GC(316) Pause Young (Concurrent Start) (G1 Humongous Allocation) 651M->661M(3804M) 11.058ms
[24.732s][info][safepoint] Safepoint "G1TryInitiateConcMark", Time since last: 4924600 ns, Reaching safepoint: 36900 ns, At safepoint: 11171500 ns, Total: 11208400 ns
[24.732s][info][gc       ] GC(317) Concurrent Undo Cycle
[24.737s][info][gc       ] GC(317) Concurrent Undo Cycle 5.605ms
[25.250s][info][gc       ] GC(318) Pause Young (Normal) (G1 Evacuation Pause) 1669M->1648M(3804M) 231.613ms
[25.250s][info][safepoint] Safepoint "G1CollectForAllocation", Time since last: 285873600 ns, Reaching safepoint: 234000 ns, At safepoint: 231731300 ns, Total: 231965300 ns
[25.406s][info][gc       ] GC(319) Pause Young (Concurrent Start) (G1 Humongous Allocation) 1900M->1910M(3804M) 92.981ms
[25.406s][info][gc       ] GC(320) Concurrent Mark Cycle
[25.406s][info][safepoint] Safepoint "G1TryInitiateConcMark", Time since last: 62668300 ns, Reaching safepoint: 238400 ns, At safepoint: 93123800 ns, Total: 93362200 ns
[25.443s][info][gc       ] GC(320) Pause Remark 2062M->458M(1536M) 1.255ms
[25.443s][info][safepoint] Safepoint "G1Concurrent", Time since last: 35684400 ns, Reaching safepoint: 490800 ns, At safepoint: 1354100 ns, Total: 1844900 ns
[25.506s][info][gc       ] GC(320) Pause Cleanup 738M->738M(1536M) 0.186ms
[25.506s][info][safepoint] Safepoint "G1Concurrent", Time since last: 62297700 ns, Reaching safepoint: 458600 ns, At safepoint: 270700 ns, Total: 729300 ns
[25.509s][info][gc       ] GC(320) Concurrent Mark Cycle 103.436ms
[25.704s][info][gc       ] GC(321) Pause Young (Prepare Mixed) (G1 Preventive Collection) 994M->942M(1536M) 144.094ms
[25.704s][info][safepoint] Safepoint "G1CollectForAllocation", Time since last: 53256000 ns, Reaching safepoint: 213600 ns, At safepoint: 144193200 ns, Total: 144406800 ns
[25.747s][info][gc       ] GC(322) Pause Young (Mixed) (G1 Evacuation Pause) 950M->958M(1536M) 35.003ms
[25.747s][info][safepoint] Safepoint "G1CollectForAllocation", Time since last: 1809100 ns, Reaching safepoint: 5867800 ns, At safepoint: 35088300 ns, Total: 40956100 ns
[25.763s][info][gc       ] GC(323) Pause Young (Concurrent Start) (G1 Humongous Allocation) 960M->960M(4172M) 9.426ms
[25.763s][info][gc       ] GC(324) Concurrent Undo Cycle
[25.763s][info][safepoint] Safepoint "G1TryInitiateConcMark", Time since last: 181900 ns, Reaching safepoint: 7172200 ns, At safepoint: 9483800 ns, Total: 16656000 ns
[25.767s][info][gc       ] GC(324) Concurrent Undo Cycle 3.448ms
[26.246s][info][gc       ] GC(325) Pause Young (Normal) (G1 Evacuation Pause) 2056M->2036M(4172M) 246.946ms
[26.246s][info][safepoint] Safepoint "G1CollectForAllocation", Time since last: 235048700 ns, Reaching safepoint: 237500 ns, At safepoint: 247080300 ns, Total: 247317800 ns
[26.480s][info][gc       ] GC(326) Pause Young (Concurrent Start) (G1 Humongous Allocation) 2432M->2440M(4172M) 122.098ms
[26.480s][info][safepoint] Safepoint "G1TryInitiateConcMark", Time since last: 112186000 ns, Reaching safepoint: 204900 ns, At safepoint: 122186100 ns, Total: 122391000 ns
[26.480s][info][gc       ] GC(327) Concurrent Mark Cycle
[26.537s][info][gc       ] GC(327) Pause Remark 2584M->558M(1868M) 0.809ms
[26.538s][info][safepoint] Safepoint "G1Concurrent", Time since last: 56147900 ns, Reaching safepoint: 83900 ns, At safepoint: 874900 ns, Total: 958800 ns
[26.633s][info][gc       ] GC(327) Pause Cleanup 986M->986M(1868M) 0.221ms
[26.633s][info][safepoint] Safepoint "G1Concurrent", Time since last: 95215700 ns, Reaching safepoint: 290500 ns, At safepoint: 330400 ns, Total: 620900 ns
[26.635s][info][gc       ] GC(327) Concurrent Mark Cycle 154.612ms
[26.817s][info][gc       ] GC(328) Pause Young (Prepare Mixed) (G1 Evacuation Pause) 1090M->1044M(1868M) 160.848ms
[26.817s][info][safepoint] Safepoint "G1CollectForAllocation", Time since last: 22153500 ns, Reaching safepoint: 209200 ns, At safepoint: 160916900 ns, Total: 161126100 ns
[26.863s][info][gc       ] GC(329) Pause Young (Mixed) (G1 Evacuation Pause) 1092M->1100M(1868M) 34.350ms
[26.863s][info][safepoint] Safepoint "G1CollectForAllocation", Time since last: 11870700 ns, Reaching safepoint: 136600 ns, At safepoint: 34426100 ns, Total: 34562700 ns
[26.881s][info][gc       ] GC(330) Pause Young (Concurrent Start) (G1 Humongous Allocation) 1108M->1109M(4372M) 11.172ms
[26.881s][info][safepoint] Safepoint "G1TryInitiateConcMark", Time since last: 2652500 ns, Reaching safepoint: 4162600 ns, At safepoint: 11254900 ns, Total: 15417500 ns
[26.881s][info][gc       ] GC(331) Concurrent Undo Cycle
[26.885s][info][gc       ] GC(331) Concurrent Undo Cycle 4.072ms
[27.309s][info][gc       ] GC(332) Pause Young (Normal) (G1 Evacuation Pause) 2125M->2106M(4372M) 214.666ms
[27.309s][info][safepoint] Safepoint "G1CollectForAllocation", Time since last: 212455100 ns, Reaching safepoint: 216500 ns, At safepoint: 214791000 ns, Total: 215007500 ns
[27.709s][info][gc       ] GC(333) Pause Young (Concurrent Start) (G1 Humongous Allocation) 2954M->2946M(4372M) 208.948ms
[27.709s][info][gc       ] GC(334) Concurrent Mark Cycle
[27.709s][info][safepoint] Safepoint "G1TryInitiateConcMark", Time since last: 191003300 ns, Reaching safepoint: 181900 ns, At safepoint: 209081100 ns, Total: 209263000 ns
[27.787s][info][gc       ] GC(334) Pause Remark 3186M->892M(2976M) 1.404ms
[27.787s][info][safepoint] Safepoint "G1Concurrent", Time since last: 76606200 ns, Reaching safepoint: 423500 ns, At safepoint: 1472900 ns, Total: 1896400 ns
[27.994s][info][gc       ] GC(335) Pause Young (Normal) (G1 Evacuation Pause) 1156M->1078M(2976M) 147.274ms
[27.994s][info][safepoint] Safepoint "G1CollectForAllocation", Time since last: 58771400 ns, Reaching safepoint: 434300 ns, At safepoint: 147384600 ns, Total: 147818900 ns
[28.169s][info][gc       ] GC(334) Pause Cleanup 1666M->1666M(2976M) 0.174ms
[28.169s][info][safepoint] Safepoint "G1Concurrent", Time since last: 173911300 ns, Reaching safepoint: 682300 ns, At safepoint: 274400 ns, Total: 956700 ns
[28.172s][info][gc       ] GC(334) Concurrent Mark Cycle 462.844ms
[28.412s][info][gc       ] GC(336) Pause Young (Prepare Mixed) (G1 Evacuation Pause) 1898M->1892M(2976M) 192.218ms
[28.412s][info][safepoint] Safepoint "G1CollectForAllocation", Time since last: 50351300 ns, Reaching safepoint: 187300 ns, At safepoint: 192310300 ns, Total: 192497600 ns
[28.498s][info][gc       ] GC(337) Pause Young (Mixed) (G1 Evacuation Pause) 2008M->2012M(2976M) 58.554ms
[28.498s][info][safepoint] Safepoint "G1CollectForAllocation", Time since last: 27304300 ns, Reaching safepoint: 118000 ns, At safepoint: 58635200 ns, Total: 58753200 ns
[28.514s][info][gc       ] GC(338) Pause Young (Concurrent Start) (G1 Humongous Allocation) 2018M->2035M(5036M) 14.809ms
[28.515s][info][safepoint] Safepoint "G1TryInitiateConcMark", Time since last: 1789500 ns, Reaching safepoint: 137500 ns, At safepoint: 14910200 ns, Total: 15047700 ns
[28.515s][info][gc       ] GC(339) Concurrent Undo Cycle
[28.522s][info][gc       ] GC(339) Concurrent Undo Cycle 7.352ms
[28.994s][info][gc       ] GC(340) Pause Young (Normal) (G1 Evacuation Pause) 2971M->2954M(5036M) 192.534ms
[28.995s][info][safepoint] Safepoint "G1CollectForAllocation", Time since last: 287126100 ns, Reaching safepoint: 187200 ns, At safepoint: 192614500 ns, Total: 192801700 ns
[29.035s][info][gc       ] GC(341) Pause Young (Concurrent Start) (G1 Humongous Allocation) 2960M->2975M(5036M) 38.962ms
[29.035s][info][gc       ] GC(342) Concurrent Mark Cycle
[29.035s][info][safepoint] Safepoint "G1TryInitiateConcMark", Time since last: 1590400 ns, Reaching safepoint: 171600 ns, At safepoint: 39052600 ns, Total: 39224200 ns
[29.063s][info][gc       ] GC(342) Pause Remark 3051M->395M(1320M) 0.832ms
[29.063s][info][safepoint] Safepoint "G1Concurrent", Time since last: 26008300 ns, Reaching safepoint: 489300 ns, At safepoint: 883600 ns, Total: 1372900 ns
[29.106s][info][gc       ] GC(342) Pause Cleanup 591M->591M(1320M) 0.151ms
[29.107s][info][safepoint] Safepoint "G1Concurrent", Time since last: 42999700 ns, Reaching safepoint: 560800 ns, At safepoint: 244500 ns, Total: 805300 ns
[29.107s][info][gc       ] GC(342) Concurrent Mark Cycle 72.122ms
[29.287s][info][gc       ] GC(343) Pause Young (Prepare Mixed) (G1 Preventive Collection) 915M->916M(1320M) 112.559ms
[29.287s][info][safepoint] Safepoint "G1CollectForAllocation", Time since last: 68088600 ns, Reaching safepoint: 196200 ns, At safepoint: 112659100 ns, Total: 112855300 ns
[29.332s][info][gc       ] GC(344) Pause Young (Mixed) (G1 Evacuation Pause) 920M->810M(1320M) 37.122ms
[29.332s][info][safepoint] Safepoint "G1CollectForAllocation", Time since last: 1557100 ns, Reaching safepoint: 6089400 ns, At safepoint: 37212900 ns, Total: 43302300 ns
[29.354s][info][gc       ] GC(345) Pause Young (Concurrent Start) (G1 Humongous Allocation) 828M->844M(3960M) 13.470ms
[29.354s][info][safepoint] Safepoint "G1TryInitiateConcMark", Time since last: 6240400 ns, Reaching safepoint: 1909900 ns, At safepoint: 13538200 ns, Total: 15448100 ns
[29.354s][info][gc       ] GC(346) Concurrent Undo Cycle
[29.357s][info][gc       ] GC(346) Concurrent Undo Cycle 3.273ms
[29.640s][info][gc       ] GC(347) Pause Young (Concurrent Start) (G1 Humongous Allocation) 1356M->1347M(3960M) 125.673ms
[29.640s][info][gc       ] GC(348) Concurrent Mark Cycle
[29.640s][info][safepoint] Safepoint "G1TryInitiateConcMark", Time since last: 160142300 ns, Reaching safepoint: 161300 ns, At safepoint: 125817800 ns, Total: 125979100 ns
[29.687s][info][gc       ] GC(348) Pause Remark 1539M->539M(1800M) 1.015ms
[29.687s][info][safepoint] Safepoint "G1Concurrent", Time since last: 44784600 ns, Reaching safepoint: 694000 ns, At safepoint: 1090400 ns, Total: 1784400 ns
[29.779s][info][gc       ] GC(348) Pause Cleanup 947M->947M(1800M) 0.169ms
[29.779s][info][safepoint] Safepoint "G1Concurrent", Time since last: 91139900 ns, Reaching safepoint: 786000 ns, At safepoint: 229300 ns, Total: 1015300 ns
[29.780s][info][gc       ] GC(348) Concurrent Mark Cycle 140.226ms
[29.926s][info][gc       ] GC(349) Pause Young (Concurrent Start) (G1 Humongous Allocation) 971M->899M(1800M) 140.518ms
[29.926s][info][safepoint] Safepoint "G1TryInitiateConcMark", Time since last: 6741600 ns, Reaching safepoint: 217200 ns, At safepoint: 140611800 ns, Total: 140829000 ns
[29.926s][info][gc       ] GC(350) Concurrent Mark Cycle
[29.982s][info][gc       ] GC(350) Pause Remark 1119M->632M(1800M) 0.959ms
[29.982s][info][safepoint] Safepoint "G1Concurrent", Time since last: 54427400 ns, Reaching safepoint: 240000 ns, At safepoint: 1013100 ns, Total: 1253100 ns
[30.110s][info][gc       ] GC(351) Pause Young (Normal) (G1 Evacuation Pause) 776M->722M(1800M) 93.537ms
[30.110s][info][safepoint] Safepoint "G1CollectForAllocation", Time since last: 33615200 ns, Reaching safepoint: 429300 ns, At safepoint: 93662300 ns, Total: 94091600 ns
[30.209s][info][gc       ] GC(350) Pause Cleanup 1154M->1154M(1800M) 0.113ms
[30.209s][info][safepoint] Safepoint "G1Concurrent", Time since last: 98914700 ns, Reaching safepoint: 495500 ns, At safepoint: 177300 ns, Total: 672800 ns
[30.211s][info][gc       ] GC(350) Concurrent Mark Cycle 284.132ms
[30.318s][info][gc       ] GC(352) Pause Young (Concurrent Start) (G1 Humongous Allocation) 1170M->1172M(1800M) 102.462ms
[30.318s][info][safepoint] Safepoint "G1TryInitiateConcMark", Time since last: 5404800 ns, Reaching safepoint: 535200 ns, At safepoint: 102553400 ns, Total: 103088600 ns
[30.318s][info][gc       ] GC(353) Concurrent Mark Cycle
[30.372s][info][gc       ] GC(353) Pause Remark 1364M->548M(1800M) 0.814ms
[30.372s][info][safepoint] Safepoint "G1Concurrent", Time since last: 46849200 ns, Reaching safepoint: 6907500 ns, At safepoint: 853500 ns, Total: 7761000 ns
[30.437s][info][gc       ] GC(354) Pause Young (Normal) (G1 Evacuation Pause) 584M->566M(1800M) 56.033ms
[30.437s][info][safepoint] Safepoint "G1CollectForAllocation", Time since last: 8147100 ns, Reaching safepoint: 353600 ns, At safepoint: 56187800 ns, Total: 56541400 ns
[30.538s][info][gc       ] GC(353) Pause Cleanup 966M->966M(1800M) 0.178ms
[30.538s][info][safepoint] Safepoint "G1Concurrent", Time since last: 100095500 ns, Reaching safepoint: 424200 ns, At safepoint: 274700 ns, Total: 698900 ns
[30.539s][info][gc       ] GC(353) Concurrent Mark Cycle 221.541ms
[30.652s][info][gc       ] GC(355) Pause Young (Concurrent Start) (G1 Humongous Allocation) 970M->974M(1800M) 112.069ms
[30.652s][info][gc       ] GC(356) Concurrent Mark Cycle
[30.652s][info][safepoint] Safepoint "G1TryInitiateConcMark", Time since last: 1491100 ns, Reaching safepoint: 135900 ns, At safepoint: 112164500 ns, Total: 112300400 ns
[30.696s][info][gc       ] GC(356) Pause Remark 1154M->502M(1680M) 0.616ms
[30.696s][info][safepoint] Safepoint "G1Concurrent", Time since last: 43263900 ns, Reaching safepoint: 483000 ns, At safepoint: 669200 ns, Total: 1152200 ns
[30.805s][info][gc       ] GC(357) Pause Young (Normal) (G1 Evacuation Pause) 654M->626M(1680M) 72.954ms
[30.805s][info][safepoint] Safepoint "G1CollectForAllocation", Time since last: 35624300 ns, Reaching safepoint: 412000 ns, At safepoint: 73043500 ns, Total: 73455500 ns
[30.879s][info][gc       ] GC(356) Pause Cleanup 906M->906M(1680M) 0.113ms
[30.879s][info][safepoint] Safepoint "G1Concurrent", Time since last: 73278500 ns, Reaching safepoint: 423900 ns, At safepoint: 172800 ns, Total: 596700 ns
[30.880s][info][gc       ] GC(356) Concurrent Mark Cycle 228.431ms
[30.967s][info][gc       ] GC(358) Pause Young (Concurrent Start) (G1 Humongous Allocation) 936M->944M(1680M) 80.219ms
[30.967s][info][gc       ] GC(359) Concurrent Mark Cycle
[30.967s][info][safepoint] Safepoint "G1TryInitiateConcMark", Time since last: 7056700 ns, Reaching safepoint: 75800 ns, At safepoint: 80320500 ns, Total: 80396300 ns
[30.998s][info][gc       ] GC(359) Pause Remark 1072M->386M(1296M) 0.537ms
[30.999s][info][safepoint] Safepoint "G1Concurrent", Time since last: 31283400 ns, Reaching safepoint: 55000 ns, At safepoint: 589100 ns, Total: 644100 ns
[31.093s][info][gc       ] GC(360) Pause Young (Normal) (G1 Evacuation Pause) 542M->510M(1296M) 60.199ms
[31.093s][info][safepoint] Safepoint "G1CollectForAllocation", Time since last: 33916200 ns, Reaching safepoint: 386600 ns, At safepoint: 60295300 ns, Total: 60681900 ns
[31.138s][info][gc       ] GC(359) Pause Cleanup 694M->694M(1296M) 0.068ms
[31.138s][info][safepoint] Safepoint "G1Concurrent", Time since last: 44488800 ns, Reaching safepoint: 670500 ns, At safepoint: 124100 ns, Total: 794600 ns
[31.139s][info][gc       ] GC(359) Concurrent Mark Cycle 172.698ms
[31.203s][info][gc       ] GC(361) Pause Young (Concurrent Start) (G1 Humongous Allocation) 706M->714M(1296M) 54.597ms
[31.203s][info][gc       ] GC(362) Concurrent Mark Cycle
[31.203s][info][safepoint] Safepoint "G1TryInitiateConcMark", Time since last: 3949500 ns, Reaching safepoint: 6415100 ns, At safepoint: 54687200 ns, Total: 61102300 ns
[31.229s][info][gc       ] GC(362) Pause Remark 816M->294M(988M) 0.494ms
[31.229s][info][safepoint] Safepoint "G1Concurrent", Time since last: 24957000 ns, Reaching safepoint: 134500 ns, At safepoint: 553300 ns, Total: 687800 ns
[31.321s][info][gc       ] GC(363) Pause Young (Normal) (G1 Evacuation Pause) 420M->404M(2964M) 63.583ms
[31.322s][info][safepoint] Safepoint "G1CollectForAllocation", Time since last: 28434100 ns, Reaching safepoint: 301600 ns, At safepoint: 63692000 ns, Total: 63993600 ns
[31.342s][info][gc       ] GC(362) Pause Cleanup 492M->492M(2964M) 0.076ms
[31.342s][info][safepoint] Safepoint "G1Concurrent", Time since last: 20203300 ns, Reaching safepoint: 445400 ns, At safepoint: 125100 ns, Total: 570500 ns
[31.348s][info][gc       ] GC(362) Concurrent Mark Cycle 144.149ms
[31.551s][info][gc       ] GC(364) Pause Young (Concurrent Start) (G1 Humongous Allocation) 808M->809M(2964M) 103.332ms
[31.551s][info][safepoint] Safepoint "G1TryInitiateConcMark", Time since last: 104835600 ns, Reaching safepoint: 195300 ns, At safepoint: 103420000 ns, Total: 103615300 ns
[31.551s][info][gc       ] GC(365) Concurrent Mark Cycle
[31.596s][info][gc       ] GC(365) Pause Remark 989M->497M(1668M) 1.127ms
[31.596s][info][safepoint] Safepoint "G1Concurrent", Time since last: 43327500 ns, Reaching safepoint: 504100 ns, At safepoint: 1180500 ns, Total: 1684600 ns
[31.676s][info][gc       ] GC(365) Pause Cleanup 559M->559M(1668M) 0.142ms
[31.677s][info][safepoint] Safepoint "G1Concurrent", Time since last: 80414700 ns, Reaching safepoint: 147600 ns, At safepoint: 198100 ns, Total: 345700 ns
[31.678s][info][gc       ] GC(365) Concurrent Mark Cycle 127.219ms
