[0.009s][info][gc] Using Epsilon
[1.103s][info][gc] Heap: 8122M reserved, 507M (6.25%) committed, 409M (5.04%) used
[1.146s][info][safepoint] Safepoint "Cleanup", Time since last: 1131604400 ns, Reaching safepoint: 244600 ns, At safepoint: 83800 ns, Total: 328400 ns
[1.217s][info][gc       ] Heap: 8122M reserved, 891M (10.98%) committed, 819M (10.09%) used
[1.328s][info][gc       ] Heap: 8122M reserved, 1275M (15.71%) committed, 1229M (15.14%) used
[1.439s][info][gc       ] Heap: 8122M reserved, 1659M (20.43%) committed, 1639M (20.18%) used
[1.551s][info][gc       ] Heap: 8122M reserved, 2171M (26.74%) committed, 2046M (25.19%) used
[1.660s][info][gc       ] Heap: 8122M reserved, 2555M (31.47%) committed, 2456M (30.24%) used
[1.769s][info][gc       ] Heap: 8122M reserved, 2939M (36.19%) committed, 2863M (35.25%) used
[1.879s][info][gc       ] Heap: 8122M reserved, 3323M (40.92%) committed, 3270M (40.27%) used
[1.988s][info][gc       ] Heap: 8122M reserved, 3707M (45.65%) committed, 3680M (45.32%) used
[2.098s][info][gc       ] Heap: 8122M reserved, 4091M (50.38%) committed, 4090M (50.36%) used
[2.208s][info][gc       ] Heap: 8122M reserved, 4603M (56.68%) committed, 4497M (55.38%) used
[2.317s][info][gc       ] Heap: 8122M reserved, 4987M (61.41%) committed, 4907M (60.42%) used
[2.424s][info][gc       ] Heap: 8122M reserved, 5371M (66.14%) committed, 5300M (65.27%) used
