[0.020s][info][gc] Using Epsilon
[7.062s][info][gc] Heap: 8122M reserved, 507M (6.25%) committed, 408M (5.03%) used
[7.204s][info][gc] Heap: 8122M reserved, 891M (10.98%) committed, 817M (10.06%) used
[7.341s][info][gc] Heap: 8122M reserved, 1275M (15.71%) committed, 1224M (15.08%) used
[7.477s][info][gc] Heap: 8122M reserved, 1659M (20.43%) committed, 1633M (20.11%) used
[7.616s][info][gc] Heap: 8122M reserved, 2043M (25.16%) committed, 2039M (25.11%) used
[7.760s][info][gc] Heap: 8122M reserved, 2555M (31.47%) committed, 2448M (30.15%) used
[7.925s][info][gc] Heap: 8122M reserved, 2939M (36.19%) committed, 2858M (35.19%) used
[8.124s][info][gc] Heap: 8122M reserved, 3323M (40.92%) committed, 3264M (40.20%) used
[8.277s][info][gc] Heap: 8122M reserved, 3707M (45.65%) committed, 3673M (45.23%) used
[8.427s][info][gc] Heap: 8122M reserved, 4091M (50.38%) committed, 4080M (50.24%) used
[8.610s][info][gc] Heap: 8122M reserved, 4603M (56.68%) committed, 4486M (55.24%) used
[8.749s][info][gc] Heap: 8122M reserved, 4987M (61.41%) committed, 4895M (60.27%) used
[8.892s][info][gc] Heap: 8122M reserved, 5371M (66.14%) committed, 5302M (65.29%) used
[9.016s][info][gc] Heap: 8122M reserved, 5755M (70.86%) committed, 5709M (70.29%) used
[9.139s][info][gc] Heap: 8122M reserved, 6139M (75.59%) committed, 6116M (75.31%) used
[9.262s][info][gc] Heap: 8122M reserved, 6651M (81.90%) committed, 6524M (80.33%) used
[9.385s][info][gc] Heap: 8122M reserved, 7035M (86.62%) committed, 6933M (85.37%) used
[9.508s][info][gc] Heap: 8122M reserved, 7419M (91.35%) committed, 7340M (90.37%) used
[9.629s][info][gc] Heap: 8122M reserved, 7803M (96.08%) committed, 7746M (95.37%) used
