[0.006s][info][gc] Using Parallel
[0.132s][info][safepoint] Safepoint "ICBufferFull", Time since last: 121552630 ns, Reaching safepoint: 65661 ns, At safepoint: 11318 ns, Total: 76979 ns
[0.232s][info][gc       ] GC(0) Pause Young (Allocation Failure) 99M->31M(381M) 18.151ms
[0.233s][info][safepoint] Safepoint "ParallelGCFailedAllocation", Time since last: 81701245 ns, Reaching safepoint: 134439 ns, At safepoint: 18722106 ns, Total: 18856545 ns
[0.303s][info][gc       ] GC(1) Pause Young (Allocation Failure) 130M->127M(481M) 57.412ms
[0.303s][info][safepoint] Safepoint "ParallelGCFailedAllocation", Time since last: 12266503 ns, Reaching safepoint: 86128 ns, At safepoint: 58050932 ns, Total: 58137060 ns
[0.442s][info][gc       ] GC(2) Pause Young (Allocation Failure) 326M->312M(512M) 104.462ms
[0.657s][info][gc       ] GC(3) Pause Full (Ergonomics) 312M->310M(873M) 214.695ms
[0.658s][info][safepoint] Safepoint "ParallelGCFailedAllocation", Time since last: 34280613 ns, Reaching safepoint: 125569 ns, At safepoint: 320231312 ns, Total: 320356881 ns
[0.812s][info][gc       ] GC(4) Pause Young (Allocation Failure) 509M->496M(993M) 129.413ms
[1.097s][info][gc       ] GC(5) Pause Full (Ergonomics) 496M->495M(1362M) 284.914ms
[1.097s][info][safepoint] Safepoint "ParallelGCFailedAllocation", Time since last: 24278915 ns, Reaching safepoint: 158432 ns, At safepoint: 415004884 ns, Total: 415163316 ns
[1.397s][info][gc       ] GC(6) Pause Young (Allocation Failure) 877M->879M(1056M) 236.009ms
[1.903s][info][gc       ] GC(7) Pause Full (Ergonomics) 879M->861M(2032M) 505.886ms
[1.903s][info][safepoint] Safepoint "ParallelGCFailedAllocation", Time since last: 63233252 ns, Reaching safepoint: 232279 ns, At safepoint: 742747909 ns, Total: 742980188 ns
[1.992s][info][gc       ] GC(8) Pause Young (Allocation Failure) 937M->938M(2039M) 77.446ms
[1.992s][info][safepoint] Safepoint "ParallelGCFailedAllocation", Time since last: 10494287 ns, Reaching safepoint: 243295 ns, At safepoint: 77688515 ns, Total: 77931810 ns
[2.149s][info][gc       ] GC(9) Pause Young (Allocation Failure) 1013M->1012M(2054M) 147.027ms
[2.149s][info][safepoint] Safepoint "ParallelGCFailedAllocation", Time since last: 9910808 ns, Reaching safepoint: 119754 ns, At safepoint: 147277708 ns, Total: 147397462 ns
[2.291s][info][gc       ] GC(10) Pause Young (Allocation Failure) 1121M->1120M(2066M) 127.439ms
[2.291s][info][safepoint] Safepoint "ParallelGCFailedAllocation", Time since last: 13853966 ns, Reaching safepoint: 130326 ns, At safepoint: 127686535 ns, Total: 127816861 ns
[2.440s][info][gc       ] GC(11) Pause Young (Allocation Failure) 1271M->1271M(2081M) 129.574ms
[2.441s][info][safepoint] Safepoint "ParallelGCFailedAllocation", Time since last: 19718857 ns, Reaching safepoint: 119974 ns, At safepoint: 129829437 ns, Total: 129949411 ns
[2.738s][info][gc       ] GC(12) Pause Young (Allocation Failure) 1422M->1423M(2112M) 277.232ms
[2.738s][info][safepoint] Safepoint "ParallelGCFailedAllocation", Time since last: 19893163 ns, Reaching safepoint: 123359 ns, At safepoint: 277493938 ns, Total: 277617297 ns
[2.892s][info][gc       ] GC(13) Pause Young (Allocation Failure) 1535M->1536M(2213M) 139.077ms
[2.893s][info][safepoint] Safepoint "ParallelGCFailedAllocation", Time since last: 15043164 ns, Reaching safepoint: 135330 ns, At safepoint: 139305473 ns, Total: 139440803 ns
[3.102s][info][gc       ] GC(14) Pause Young (Allocation Failure) 1648M->1613M(2323M) 195.924ms
[3.965s][info][gc       ] GC(15) Pause Full (Ergonomics) 1613M->1587M(2993M) 863.126ms
[3.966s][info][safepoint] Safepoint "ParallelGCFailedAllocation", Time since last: 13124106 ns, Reaching safepoint: 127898 ns, At safepoint: 1059732165 ns, Total: 1059860063 ns
[4.244s][info][gc       ] GC(16) Pause Young (Allocation Failure) 1747M->1748M(2998M) 256.667ms
[4.244s][info][safepoint] Safepoint "ParallelGCFailedAllocation", Time since last: 21482578 ns, Reaching safepoint: 186098 ns, At safepoint: 256897881 ns, Total: 257083979 ns
[4.636s][info][gc       ] GC(17) Pause Young (Allocation Failure) 1908M->1909M(3023M) 368.386ms
[4.637s][info][safepoint] Safepoint "ParallelGCFailedAllocation", Time since last: 23669768 ns, Reaching safepoint: 140467 ns, At safepoint: 368713278 ns, Total: 368853745 ns
[5.102s][info][gc       ] GC(18) Pause Young (Allocation Failure) 2140M->2141M(3035M) 430.051ms
[6.209s][info][gc       ] GC(19) Pause Full (Ergonomics) 2141M->2138M(3778M) 1106.379ms
[6.209s][info][safepoint] Safepoint "ParallelGCFailedAllocation", Time since last: 35330677 ns, Reaching safepoint: 144116 ns, At safepoint: 1537173577 ns, Total: 1537317693 ns
[6.335s][info][gc       ] GC(20) Pause Young (Allocation Failure) 2478M->2472M(3778M) 78.603ms
[6.335s][info][safepoint] Safepoint "ParallelGCFailedAllocation", Time since last: 46659481 ns, Reaching safepoint: 305074 ns, At safepoint: 78912472 ns, Total: 79217546 ns
[6.722s][info][gc       ] GC(21) Pause Young (Allocation Failure) 2813M->2814M(3836M) 336.419ms
[6.723s][info][safepoint] Safepoint "ParallelGCFailedAllocation", Time since last: 50730174 ns, Reaching safepoint: 169677 ns, At safepoint: 336653881 ns, Total: 336823558 ns
[7.655s][info][gc       ] GC(22) Pause Young (Allocation Failure) 3246M->3249M(3869M) 858.472ms
[9.404s][info][gc       ] GC(23) Pause Full (Ergonomics) 3249M->3191M(4802M) 1748.491ms
[9.404s][info][safepoint] Safepoint "ParallelGCFailedAllocation", Time since last: 73707241 ns, Reaching safepoint: 148939 ns, At safepoint: 2607637925 ns, Total: 2607786864 ns
[9.901s][info][gc       ] GC(24) Pause Young (Allocation Failure) 3623M->3626M(4937M) 432.667ms
[9.901s][info][safepoint] Safepoint "ParallelGCFailedAllocation", Time since last: 64141530 ns, Reaching safepoint: 168261 ns, At safepoint: 432914599 ns, Total: 433082860 ns
[10.356s][info][gc       ] GC(25) Pause Young (Allocation Failure) 4161M->4163M(4960M) 365.073ms
[12.687s][info][gc       ] GC(26) Pause Full (Ergonomics) 4163M->4079M(5396M) 2331.169ms
[12.688s][info][safepoint] Safepoint "ParallelGCFailedAllocation", Time since last: 89132480 ns, Reaching safepoint: 157938 ns, At safepoint: 2697049726 ns, Total: 2697207664 ns
[14.759s][info][gc       ] GC(27) Pause Full (Ergonomics) 4615M->4611M(5452M) 1992.570ms
[14.759s][info][safepoint] Safepoint "ParallelGCFailedAllocation", Time since last: 78008686 ns, Reaching safepoint: 221714 ns, At safepoint: 1992929888 ns, Total: 1993151602 ns
[16.885s][info][gc       ] GC(28) Pause Full (Ergonomics) 4774M->4774M(5396M) 2100.203ms
[16.885s][info][safepoint] Safepoint "ParallelGCFailedAllocation", Time since last: 25658957 ns, Reaching safepoint: 138728 ns, At safepoint: 2100619796 ns, Total: 2100758524 ns
[16.886s][info][safepoint] Safepoint "ParallelGCFailedAllocation", Time since last: 227635 ns, Reaching safepoint: 130476 ns, At safepoint: 30997 ns, Total: 161473 ns
[19.231s][info][gc       ] GC(29) Pause Full (Ergonomics) 4774M->4774M(5452M) 2345.275ms
[19.232s][info][safepoint] Safepoint "ParallelGCSystemGC", Time since last: 240461 ns, Reaching safepoint: 141757 ns, At safepoint: 2345561482 ns, Total: 2345703239 ns
[21.578s][info][gc       ] GC(30) Pause Full (Ergonomics) 4774M->4774M(5396M) 2346.396ms
[21.579s][info][safepoint] Safepoint "ParallelGCFailedAllocation", Time since last: 187484 ns, Reaching safepoint: 119618 ns, At safepoint: 2346736593 ns, Total: 2346856211 ns
[23.963s][info][gc       ] GC(31) Pause Full (Ergonomics) 4774M->4774M(5452M) 2383.665ms
[23.963s][info][safepoint] Safepoint "ParallelGCFailedAllocation", Time since last: 155720 ns, Reaching safepoint: 188362 ns, At safepoint: 2383945706 ns, Total: 2384134068 ns
[26.659s][info][gc       ] GC(32) Pause Full (Ergonomics) 4774M->4774M(5396M) 2695.994ms
[26.660s][info][safepoint] Safepoint "ParallelGCFailedAllocation", Time since last: 236205 ns, Reaching safepoint: 203955 ns, At safepoint: 2696284460 ns, Total: 2696488415 ns
[29.351s][info][gc       ] GC(33) Pause Full (Ergonomics) 4774M->4774M(5452M) 2690.988ms
[29.351s][info][safepoint] Safepoint "ParallelGCFailedAllocation", Time since last: 154266 ns, Reaching safepoint: 122410 ns, At safepoint: 2691467306 ns, Total: 2691589716 ns
[31.911s][info][gc       ] GC(34) Pause Full (Ergonomics) 4774M->4774M(5396M) 2558.921ms
[31.911s][info][safepoint] Safepoint "ParallelGCFailedAllocation", Time since last: 337931 ns, Reaching safepoint: 147287 ns, At safepoint: 2559329503 ns, Total: 2559476790 ns
[34.490s][info][gc       ] GC(35) Pause Full (Ergonomics) 4774M->4774M(5452M) 2578.394ms
[34.491s][info][safepoint] Safepoint "ParallelGCFailedAllocation", Time since last: 242330 ns, Reaching safepoint: 144605 ns, At safepoint: 2578879374 ns, Total: 2579023979 ns
[37.058s][info][gc       ] GC(36) Pause Full (Ergonomics) 4774M->4774M(5396M) 2567.078ms
[37.059s][info][safepoint] Safepoint "ParallelGCFailedAllocation", Time since last: 507596 ns, Reaching safepoint: 248604 ns, At safepoint: 2567491649 ns, Total: 2567740253 ns
[39.765s][info][gc       ] GC(37) Pause Full (Ergonomics) 4774M->4774M(5452M) 2705.511ms
[39.765s][info][safepoint] Safepoint "ParallelGCFailedAllocation", Time since last: 222973 ns, Reaching safepoint: 141466 ns, At safepoint: 2705809475 ns, Total: 2705950941 ns
[42.328s][info][gc       ] GC(38) Pause Full (Ergonomics) 4774M->4774M(5396M) 2562.736ms
[42.328s][info][safepoint] Safepoint "ParallelGCFailedAllocation", Time since last: 219055 ns, Reaching safepoint: 141728 ns, At safepoint: 2563144065 ns, Total: 2563285793 ns
[45.051s][info][gc       ] GC(39) Pause Full (Ergonomics) 4774M->4774M(5452M) 2721.852ms
[45.051s][info][safepoint] Safepoint "ParallelGCFailedAllocation", Time since last: 188951 ns, Reaching safepoint: 122048 ns, At safepoint: 2722193298 ns, Total: 2722315346 ns
[47.881s][info][gc       ] GC(40) Pause Full (Ergonomics) 4774M->4774M(5396M) 2829.389ms
[47.881s][info][safepoint] Safepoint "ParallelGCFailedAllocation", Time since last: 188035 ns, Reaching safepoint: 148247 ns, At safepoint: 2829762662 ns, Total: 2829910909 ns
[50.886s][info][gc       ] GC(41) Pause Full (Ergonomics) 4774M->4774M(5452M) 3002.799ms
[50.887s][info][safepoint] Safepoint "ParallelGCFailedAllocation", Time since last: 2417419 ns, Reaching safepoint: 126551 ns, At safepoint: 3003077625 ns, Total: 3003204176 ns
[53.629s][info][gc       ] GC(42) Pause Full (Ergonomics) 4774M->4774M(5396M) 2742.151ms
[53.629s][info][safepoint] Safepoint "ParallelGCFailedAllocation", Time since last: 160249 ns, Reaching safepoint: 135216 ns, At safepoint: 2742480516 ns, Total: 2742615732 ns
[56.416s][info][gc       ] GC(43) Pause Full (Ergonomics) 4774M->4774M(5452M) 2786.248ms
[56.417s][info][safepoint] Safepoint "ParallelGCFailedAllocation", Time since last: 212440 ns, Reaching safepoint: 210293 ns, At safepoint: 2786659026 ns, Total: 2786869319 ns
[59.245s][info][gc       ] GC(44) Pause Full (Ergonomics) 4774M->4774M(5396M) 2825.425ms
[59.245s][info][safepoint] Safepoint "ParallelGCFailedAllocation", Time since last: 3029982 ns, Reaching safepoint: 139891 ns, At safepoint: 2825690860 ns, Total: 2825830751 ns
[61.833s][info][gc       ] GC(45) Pause Full (Ergonomics) 4774M->4774M(5452M) 2586.998ms
[61.833s][info][safepoint] Safepoint "ParallelGCFailedAllocation", Time since last: 223924 ns, Reaching safepoint: 205049 ns, At safepoint: 2587338356 ns, Total: 2587543405 ns
[64.554s][info][gc       ] GC(46) Pause Full (Ergonomics) 4774M->4774M(5396M) 2720.592ms
[64.554s][info][safepoint] Safepoint "ParallelGCFailedAllocation", Time since last: 199380 ns, Reaching safepoint: 134518 ns, At safepoint: 2720883793 ns, Total: 2721018311 ns
[67.578s][info][gc       ] GC(47) Pause Full (Ergonomics) 4774M->4774M(5452M) 3022.867ms
[67.578s][info][safepoint] Safepoint "ParallelGCFailedAllocation", Time since last: 354616 ns, Reaching safepoint: 151180 ns, At safepoint: 3023278656 ns, Total: 3023429836 ns
[70.640s][info][gc       ] GC(48) Pause Full (Ergonomics) 4774M->4774M(5396M) 3060.912ms
[70.640s][info][safepoint] Safepoint "ParallelGCFailedAllocation", Time since last: 435623 ns, Reaching safepoint: 178851 ns, At safepoint: 3061222874 ns, Total: 3061401725 ns
[73.609s][info][gc       ] GC(49) Pause Full (Ergonomics) 4774M->4774M(5452M) 2968.756ms
[73.610s][info][safepoint] Safepoint "ParallelGCFailedAllocation", Time since last: 210149 ns, Reaching safepoint: 202734 ns, At safepoint: 2969111388 ns, Total: 2969314122 ns
[76.652s][info][gc       ] GC(50) Pause Full (Ergonomics) 4774M->4774M(5396M) 3041.793ms
[76.652s][info][safepoint] Safepoint "ParallelGCFailedAllocation", Time since last: 187480 ns, Reaching safepoint: 146748 ns, At safepoint: 3042280475 ns, Total: 3042427223 ns
[79.438s][info][gc       ] GC(51) Pause Full (Ergonomics) 4774M->4774M(5452M) 2785.321ms
[79.438s][info][safepoint] Safepoint "ParallelGCFailedAllocation", Time since last: 279598 ns, Reaching safepoint: 132062 ns, At safepoint: 2785809721 ns, Total: 2785941783 ns
[82.431s][info][gc       ] GC(52) Pause Full (Ergonomics) 4774M->4774M(5396M) 2991.816ms
[82.431s][info][safepoint] Safepoint "ParallelGCFailedAllocation", Time since last: 265119 ns, Reaching safepoint: 148211 ns, At safepoint: 2992160124 ns, Total: 2992308335 ns
[85.149s][info][gc       ] GC(53) Pause Full (Ergonomics) 4774M->4774M(5452M) 2717.546ms
[85.149s][info][safepoint] Safepoint "ParallelGCFailedAllocation", Time since last: 230619 ns, Reaching safepoint: 218908 ns, At safepoint: 2717860296 ns, Total: 2718079204 ns
[88.137s][info][gc       ] GC(54) Pause Full (Ergonomics) 4774M->4774M(5396M) 2987.522ms
[88.138s][info][safepoint] Safepoint "ParallelGCFailedAllocation", Time since last: 299952 ns, Reaching safepoint: 244816 ns, At safepoint: 2988016488 ns, Total: 2988261304 ns
[91.328s][info][gc       ] GC(55) Pause Full (Ergonomics) 4774M->4774M(5452M) 3189.823ms
[91.329s][info][safepoint] Safepoint "ParallelGCFailedAllocation", Time since last: 547673 ns, Reaching safepoint: 176657 ns, At safepoint: 3190157972 ns, Total: 3190334629 ns
[94.338s][info][gc       ] GC(56) Pause Full (Ergonomics) 4774M->4774M(5396M) 3009.292ms
[94.339s][info][safepoint] Safepoint "ParallelGCFailedAllocation", Time since last: 248751 ns, Reaching safepoint: 136566 ns, At safepoint: 3009702275 ns, Total: 3009838841 ns
[97.363s][info][gc       ] GC(57) Pause Full (Ergonomics) 4774M->4774M(5452M) 3024.147ms
[97.364s][info][safepoint] Safepoint "ParallelGCFailedAllocation", Time since last: 275472 ns, Reaching safepoint: 215178 ns, At safepoint: 3024554733 ns, Total: 3024769911 ns
[100.218s][info][gc       ] GC(58) Pause Full (Ergonomics) 4774M->4774M(5396M) 2853.742ms
[100.219s][info][safepoint] Safepoint "ParallelGCFailedAllocation", Time since last: 367102 ns, Reaching safepoint: 207421 ns, At safepoint: 2854205621 ns, Total: 2854413042 ns
[103.276s][info][gc       ] GC(59) Pause Full (Ergonomics) 4774M->4774M(5452M) 3056.602ms
[103.276s][info][safepoint] Safepoint "ParallelGCFailedAllocation", Time since last: 370018 ns, Reaching safepoint: 137171 ns, At safepoint: 3056956275 ns, Total: 3057093446 ns
[106.225s][info][gc       ] GC(60) Pause Full (Ergonomics) 4774M->4774M(5396M) 2948.803ms
[106.226s][info][safepoint] Safepoint "ParallelGCFailedAllocation", Time since last: 264685 ns, Reaching safepoint: 149842 ns, At safepoint: 2949079591 ns, Total: 2949229433 ns
[109.260s][info][gc       ] GC(61) Pause Full (Ergonomics) 4774M->4774M(5452M) 3033.668ms
[109.260s][info][safepoint] Safepoint "ParallelGCFailedAllocation", Time since last: 208431 ns, Reaching safepoint: 148188 ns, At safepoint: 3034054830 ns, Total: 3034203018 ns
[112.197s][info][gc       ] GC(62) Pause Full (Ergonomics) 4774M->4774M(5396M) 2936.911ms
[112.198s][info][safepoint] Safepoint "ParallelGCFailedAllocation", Time since last: 214491 ns, Reaching safepoint: 211862 ns, At safepoint: 2937200484 ns, Total: 2937412346 ns
[115.215s][info][gc       ] GC(63) Pause Full (Ergonomics) 4774M->4774M(5452M) 3016.599ms
[115.215s][info][safepoint] Safepoint "ParallelGCFailedAllocation", Time since last: 204091 ns, Reaching safepoint: 137184 ns, At safepoint: 3016989954 ns, Total: 3017127138 ns
[118.130s][info][gc       ] GC(64) Pause Full (Ergonomics) 4774M->4774M(5396M) 2914.788ms
[118.131s][info][safepoint] Safepoint "ParallelGCFailedAllocation", Time since last: 365468 ns, Reaching safepoint: 160744 ns, At safepoint: 2915132181 ns, Total: 2915292925 ns
[121.100s][info][gc       ] GC(65) Pause Full (Ergonomics) 4774M->4774M(5452M) 2968.670ms
[121.100s][info][safepoint] Safepoint "ParallelGCFailedAllocation", Time since last: 240907 ns, Reaching safepoint: 135117 ns, At safepoint: 2969001279 ns, Total: 2969136396 ns
[124.104s][info][gc       ] GC(66) Pause Full (Ergonomics) 4774M->4774M(5396M) 3003.662ms
[124.104s][info][safepoint] Safepoint "ParallelGCFailedAllocation", Time since last: 247521 ns, Reaching safepoint: 148558 ns, At safepoint: 3003931141 ns, Total: 3004079699 ns
[127.205s][info][gc       ] GC(67) Pause Full (Ergonomics) 4774M->4774M(5452M) 3099.724ms
[127.205s][info][safepoint] Safepoint "ParallelGCFailedAllocation", Time since last: 390764 ns, Reaching safepoint: 156661 ns, At safepoint: 3100238325 ns, Total: 3100394986 ns
[130.336s][info][gc       ] GC(68) Pause Full (Ergonomics) 4774M->4774M(5396M) 3130.310ms
[130.337s][info][safepoint] Safepoint "ParallelGCFailedAllocation", Time since last: 539578 ns, Reaching safepoint: 166316 ns, At safepoint: 3130759508 ns, Total: 3130925824 ns
[133.188s][info][gc       ] GC(69) Pause Full (Ergonomics) 4774M->4774M(5452M) 2850.349ms
[133.188s][info][safepoint] Safepoint "ParallelGCFailedAllocation", Time since last: 387563 ns, Reaching safepoint: 232625 ns, At safepoint: 2850758280 ns, Total: 2850990905 ns
[136.150s][info][gc       ] GC(70) Pause Full (Ergonomics) 4774M->4774M(5396M) 2961.653ms
[136.150s][info][safepoint] Safepoint "ParallelGCFailedAllocation", Time since last: 198307 ns, Reaching safepoint: 219800 ns, At safepoint: 2962104409 ns, Total: 2962324209 ns
[139.107s][info][gc       ] GC(71) Pause Full (Ergonomics) 4774M->4774M(5452M) 2956.407ms
[139.108s][info][safepoint] Safepoint "ParallelGCFailedAllocation", Time since last: 369798 ns, Reaching safepoint: 168515 ns, At safepoint: 2956899153 ns, Total: 2957067668 ns
[142.052s][info][gc       ] GC(72) Pause Full (Ergonomics) 4774M->4774M(5396M) 2943.816ms
[142.053s][info][safepoint] Safepoint "ParallelGCFailedAllocation", Time since last: 252651 ns, Reaching safepoint: 173678 ns, At safepoint: 2944221334 ns, Total: 2944395012 ns
[145.011s][info][gc       ] GC(73) Pause Full (Ergonomics) 4774M->4774M(5452M) 2957.653ms
[145.011s][info][safepoint] Safepoint "ParallelGCFailedAllocation", Time since last: 218778 ns, Reaching safepoint: 148481 ns, At safepoint: 2957993461 ns, Total: 2958141942 ns
[147.912s][info][gc       ] GC(74) Pause Full (Ergonomics) 4774M->4774M(5396M) 2900.895ms
[147.913s][info][safepoint] Safepoint "ParallelGCFailedAllocation", Time since last: 224415 ns, Reaching safepoint: 224260 ns, At safepoint: 2901284722 ns, Total: 2901508982 ns
[151.042s][info][gc       ] GC(75) Pause Full (Ergonomics) 4774M->4774M(5452M) 3128.810ms
[151.042s][info][safepoint] Safepoint "ParallelGCFailedAllocation", Time since last: 269290 ns, Reaching safepoint: 155883 ns, At safepoint: 3129332738 ns, Total: 3129488621 ns
[154.019s][info][gc       ] GC(76) Pause Full (Ergonomics) 4774M->4774M(5396M) 2976.394ms
[154.020s][info][safepoint] Safepoint "ParallelGCFailedAllocation", Time since last: 361335 ns, Reaching safepoint: 164983 ns, At safepoint: 2976757271 ns, Total: 2976922254 ns
[157.211s][info][gc       ] GC(77) Pause Full (Ergonomics) 4774M->4774M(5452M) 3190.748ms
[157.212s][info][safepoint] Safepoint "ParallelGCFailedAllocation", Time since last: 297356 ns, Reaching safepoint: 339286 ns, At safepoint: 3191332818 ns, Total: 3191672104 ns
[160.374s][info][gc       ] GC(78) Pause Full (Ergonomics) 4774M->4774M(5396M) 3160.901ms
[160.375s][info][safepoint] Safepoint "ParallelGCFailedAllocation", Time since last: 1514129 ns, Reaching safepoint: 223219 ns, At safepoint: 3161324118 ns, Total: 3161547337 ns
[163.565s][info][gc       ] GC(79) Pause Full (Ergonomics) 4774M->4774M(5452M) 3189.640ms
[163.566s][info][safepoint] Safepoint "ParallelGCFailedAllocation", Time since last: 559852 ns, Reaching safepoint: 247851 ns, At safepoint: 3190113363 ns, Total: 3190361214 ns
[166.577s][info][gc       ] GC(80) Pause Full (Ergonomics) 4774M->4774M(5396M) 3011.362ms
[166.578s][info][safepoint] Safepoint "ParallelGCFailedAllocation", Time since last: 265413 ns, Reaching safepoint: 165699 ns, At safepoint: 3011874113 ns, Total: 3012039812 ns
[169.560s][info][gc       ] GC(81) Pause Full (Ergonomics) 4774M->4774M(5452M) 2981.080ms
[169.560s][info][safepoint] Safepoint "ParallelGCFailedAllocation", Time since last: 240416 ns, Reaching safepoint: 246853 ns, At safepoint: 2981647649 ns, Total: 2981894502 ns
[172.613s][info][gc       ] GC(82) Pause Full (Ergonomics) 4774M->4774M(5396M) 3052.049ms
[172.613s][info][safepoint] Safepoint "ParallelGCFailedAllocation", Time since last: 390879 ns, Reaching safepoint: 238518 ns, At safepoint: 3052432035 ns, Total: 3052670553 ns
[175.814s][info][gc       ] GC(83) Pause Full (Ergonomics) 4774M->4774M(5452M) 3200.084ms
[175.814s][info][safepoint] Safepoint "ParallelGCFailedAllocation", Time since last: 322355 ns, Reaching safepoint: 136803 ns, At safepoint: 3200579550 ns, Total: 3200716353 ns
[178.819s][info][gc       ] GC(84) Pause Full (Ergonomics) 4774M->4774M(5396M) 3004.693ms
[178.820s][info][safepoint] Safepoint "ParallelGCFailedAllocation", Time since last: 337369 ns, Reaching safepoint: 204390 ns, At safepoint: 3005166419 ns, Total: 3005370809 ns
[181.878s][info][gc       ] GC(85) Pause Full (Ergonomics) 4774M->4774M(5452M) 3057.172ms
[181.878s][info][safepoint] Safepoint "ParallelGCFailedAllocation", Time since last: 378566 ns, Reaching safepoint: 172043 ns, At safepoint: 3057595547 ns, Total: 3057767590 ns
[185.002s][info][gc       ] GC(86) Pause Full (Ergonomics) 4774M->4774M(5396M) 3123.043ms
[185.002s][info][safepoint] Safepoint "ParallelGCFailedAllocation", Time since last: 292928 ns, Reaching safepoint: 180021 ns, At safepoint: 3123653629 ns, Total: 3123833650 ns
[187.901s][info][gc       ] GC(87) Pause Full (Ergonomics) 4774M->4774M(5452M) 2897.911ms
[187.901s][info][safepoint] Safepoint "ParallelGCFailedAllocation", Time since last: 628158 ns, Reaching safepoint: 165775 ns, At safepoint: 2898234866 ns, Total: 2898400641 ns
[191.040s][info][gc       ] GC(88) Pause Full (Ergonomics) 4774M->4774M(5396M) 3138.071ms
[191.040s][info][safepoint] Safepoint "ParallelGCFailedAllocation", Time since last: 191898 ns, Reaching safepoint: 147499 ns, At safepoint: 3138561318 ns, Total: 3138708817 ns
[194.142s][info][gc       ] GC(89) Pause Full (Ergonomics) 4774M->4774M(5452M) 3101.103ms
[194.142s][info][safepoint] Safepoint "ParallelGCFailedAllocation", Time since last: 481574 ns, Reaching safepoint: 188959 ns, At safepoint: 3101503338 ns, Total: 3101692297 ns
[197.239s][info][gc       ] GC(90) Pause Full (Ergonomics) 4774M->4774M(5396M) 3096.281ms
[197.239s][info][safepoint] Safepoint "ParallelGCFailedAllocation", Time since last: 298836 ns, Reaching safepoint: 144504 ns, At safepoint: 3096691351 ns, Total: 3096835855 ns
[200.288s][info][gc       ] GC(91) Pause Full (Ergonomics) 4774M->4774M(5452M) 3047.630ms
[200.288s][info][safepoint] Safepoint "ParallelGCFailedAllocation", Time since last: 241686 ns, Reaching safepoint: 213022 ns, At safepoint: 3048058815 ns, Total: 3048271837 ns
[203.289s][info][gc       ] GC(92) Pause Full (Ergonomics) 4774M->4774M(5396M) 3000.076ms
[203.289s][info][safepoint] Safepoint "ParallelGCFailedAllocation", Time since last: 285329 ns, Reaching safepoint: 230472 ns, At safepoint: 3000540473 ns, Total: 3000770945 ns
[206.410s][info][gc       ] GC(93) Pause Full (Ergonomics) 4774M->4774M(5452M) 3120.963ms
[206.411s][info][safepoint] Safepoint "ParallelGCFailedAllocation", Time since last: 264090 ns, Reaching safepoint: 201685 ns, At safepoint: 3121474202 ns, Total: 3121675887 ns
[209.516s][info][gc       ] GC(94) Pause Full (Ergonomics) 4774M->4774M(5396M) 3104.440ms
[209.517s][info][safepoint] Safepoint "ParallelGCFailedAllocation", Time since last: 464842 ns, Reaching safepoint: 161886 ns, At safepoint: 3104965487 ns, Total: 3105127373 ns
[212.494s][info][gc       ] GC(95) Pause Full (Ergonomics) 4774M->4774M(5452M) 2976.915ms
[212.495s][info][safepoint] Safepoint "ParallelGCFailedAllocation", Time since last: 299450 ns, Reaching safepoint: 239246 ns, At safepoint: 2977471359 ns, Total: 2977710605 ns
[215.632s][info][gc       ] GC(96) Pause Full (Ergonomics) 4774M->4774M(5396M) 3137.131ms
[215.633s][info][safepoint] Safepoint "ParallelGCFailedAllocation", Time since last: 423287 ns, Reaching safepoint: 156636 ns, At safepoint: 3137620913 ns, Total: 3137777549 ns
[218.701s][info][gc       ] GC(97) Pause Full (Ergonomics) 4774M->4774M(5452M) 3067.867ms
[218.702s][info][safepoint] Safepoint "ParallelGCFailedAllocation", Time since last: 544915 ns, Reaching safepoint: 180319 ns, At safepoint: 3068224727 ns, Total: 3068405046 ns
[221.791s][info][gc       ] GC(98) Pause Full (Ergonomics) 4774M->4774M(5396M) 3088.367ms
[221.791s][info][safepoint] Safepoint "ParallelGCFailedAllocation", Time since last: 236337 ns, Reaching safepoint: 237223 ns, At safepoint: 3088738139 ns, Total: 3088975362 ns
[224.737s][info][gc       ] GC(99) Pause Full (Ergonomics) 4774M->4774M(5452M) 2946.060ms
[224.738s][info][safepoint] Safepoint "ParallelGCFailedAllocation", Time since last: 269608 ns, Reaching safepoint: 164339 ns, At safepoint: 2946535258 ns, Total: 2946699597 ns
[227.608s][info][gc       ] GC(100) Pause Full (Ergonomics) 4774M->4774M(5396M) 2869.595ms
[227.609s][info][safepoint] Safepoint "ParallelGCFailedAllocation", Time since last: 270251 ns, Reaching safepoint: 265296 ns, At safepoint: 2870122319 ns, Total: 2870387615 ns
[230.385s][info][gc       ] GC(101) Pause Full (Ergonomics) 4774M->4774M(5452M) 2776.131ms
[230.386s][info][safepoint] Safepoint "ParallelGCFailedAllocation", Time since last: 361724 ns, Reaching safepoint: 202397 ns, At safepoint: 2776645511 ns, Total: 2776847908 ns
[233.527s][info][gc       ] GC(102) Pause Full (Ergonomics) 4774M->4774M(5396M) 3140.687ms
[233.528s][info][safepoint] Safepoint "ParallelGCFailedAllocation", Time since last: 602537 ns, Reaching safepoint: 336723 ns, At safepoint: 3141058767 ns, Total: 3141395490 ns
[236.455s][info][gc       ] GC(103) Pause Full (Ergonomics) 4774M->4774M(5452M) 2926.259ms
[236.455s][info][safepoint] Safepoint "ParallelGCFailedAllocation", Time since last: 268927 ns, Reaching safepoint: 268606 ns, At safepoint: 2926688771 ns, Total: 2926957377 ns
[239.503s][info][gc       ] GC(104) Pause Full (Ergonomics) 4774M->4774M(5396M) 3047.962ms
[239.504s][info][safepoint] Safepoint "ParallelGCFailedAllocation", Time since last: 301510 ns, Reaching safepoint: 158175 ns, At safepoint: 3048348599 ns, Total: 3048506774 ns
[242.726s][info][gc       ] GC(105) Pause Full (Ergonomics) 4774M->4774M(5452M) 3221.850ms
[242.726s][info][safepoint] Safepoint "ParallelGCFailedAllocation", Time since last: 277525 ns, Reaching safepoint: 159116 ns, At safepoint: 3222224969 ns, Total: 3222384085 ns
[245.932s][info][gc       ] GC(106) Pause Full (Ergonomics) 4774M->4774M(5396M) 3205.092ms
[245.932s][info][safepoint] Safepoint "ParallelGCFailedAllocation", Time since last: 303544 ns, Reaching safepoint: 157463 ns, At safepoint: 3205523107 ns, Total: 3205680570 ns
[249.074s][info][gc       ] GC(107) Pause Full (Ergonomics) 4774M->4774M(5452M) 3141.058ms
[249.074s][info][safepoint] Safepoint "ParallelGCFailedAllocation", Time since last: 378252 ns, Reaching safepoint: 172949 ns, At safepoint: 3141380312 ns, Total: 3141553261 ns
[252.251s][info][gc       ] GC(108) Pause Full (Ergonomics) 4774M->4774M(5396M) 3176.279ms
[252.251s][info][safepoint] Safepoint "ParallelGCFailedAllocation", Time since last: 325912 ns, Reaching safepoint: 148292 ns, At safepoint: 3176614241 ns, Total: 3176762533 ns
[255.371s][info][gc       ] GC(109) Pause Full (Ergonomics) 4774M->4774M(5452M) 3118.710ms
[255.371s][info][safepoint] Safepoint "ParallelGCFailedAllocation", Time since last: 243917 ns, Reaching safepoint: 139708 ns, At safepoint: 3119168141 ns, Total: 3119307849 ns
[258.285s][info][gc       ] GC(110) Pause Full (Ergonomics) 4774M->4774M(5396M) 2913.816ms
[258.286s][info][safepoint] Safepoint "ParallelGCFailedAllocation", Time since last: 242261 ns, Reaching safepoint: 180881 ns, At safepoint: 2914175931 ns, Total: 2914356812 ns
[261.348s][info][gc       ] GC(111) Pause Full (Ergonomics) 4774M->4774M(5452M) 3061.652ms
[261.348s][info][safepoint] Safepoint "ParallelGCFailedAllocation", Time since last: 306357 ns, Reaching safepoint: 153536 ns, At safepoint: 3062024517 ns, Total: 3062178053 ns
[264.323s][info][gc       ] GC(112) Pause Full (Ergonomics) 4774M->4774M(5396M) 2974.099ms
[264.323s][info][safepoint] Safepoint "ParallelGCFailedAllocation", Time since last: 262796 ns, Reaching safepoint: 173527 ns, At safepoint: 2974461067 ns, Total: 2974634594 ns
[267.446s][info][gc       ] GC(113) Pause Full (Ergonomics) 4774M->4774M(5452M) 3122.736ms
[267.447s][info][safepoint] Safepoint "ParallelGCFailedAllocation", Time since last: 241731 ns, Reaching safepoint: 172842 ns, At safepoint: 3123155403 ns, Total: 3123328245 ns
[270.509s][info][gc       ] GC(114) Pause Full (Ergonomics) 4774M->4774M(5396M) 3062.334ms
[270.510s][info][safepoint] Safepoint "ParallelGCFailedAllocation", Time since last: 304742 ns, Reaching safepoint: 178977 ns, At safepoint: 3062730850 ns, Total: 3062909827 ns
[273.085s][info][gc       ] GC(115) Pause Full (Ergonomics) 4774M->4774M(5452M) 2575.178ms
[273.086s][info][safepoint] Safepoint "ParallelGCFailedAllocation", Time since last: 239695 ns, Reaching safepoint: 262404 ns, At safepoint: 2575553616 ns, Total: 2575816020 ns
[276.093s][info][gc       ] GC(116) Pause Full (Ergonomics) 4774M->4774M(5396M) 3006.034ms
[276.093s][info][safepoint] Safepoint "ParallelGCFailedAllocation", Time since last: 971091 ns, Reaching safepoint: 241982 ns, At safepoint: 3006436305 ns, Total: 3006678287 ns
[279.115s][info][gc       ] GC(117) Pause Full (Ergonomics) 4774M->4774M(5452M) 3021.237ms
[279.115s][info][safepoint] Safepoint "ParallelGCFailedAllocation", Time since last: 277986 ns, Reaching safepoint: 164677 ns, At safepoint: 3021602090 ns, Total: 3021766767 ns
[281.891s][info][gc       ] GC(118) Pause Full (Ergonomics) 4774M->4774M(5396M) 2774.804ms
[281.891s][info][safepoint] Safepoint "ParallelGCFailedAllocation", Time since last: 306008 ns, Reaching safepoint: 248578 ns, At safepoint: 2775234138 ns, Total: 2775482716 ns
[284.944s][info][gc       ] GC(119) Pause Full (Ergonomics) 4774M->4774M(5452M) 3052.683ms
[284.945s][info][safepoint] Safepoint "ParallelGCFailedAllocation", Time since last: 279237 ns, Reaching safepoint: 180773 ns, At safepoint: 3053183225 ns, Total: 3053363998 ns
[287.905s][info][gc       ] GC(120) Pause Full (Ergonomics) 4774M->4774M(5396M) 2959.217ms
[287.905s][info][safepoint] Safepoint "ParallelGCFailedAllocation", Time since last: 427172 ns, Reaching safepoint: 169909 ns, At safepoint: 2959787720 ns, Total: 2959957629 ns
[290.794s][info][gc       ] GC(121) Pause Full (Ergonomics) 4774M->4774M(5452M) 2888.007ms
[290.794s][info][safepoint] Safepoint "ParallelGCFailedAllocation", Time since last: 320524 ns, Reaching safepoint: 250006 ns, At safepoint: 2888347140 ns, Total: 2888597146 ns
[293.926s][info][gc       ] GC(122) Pause Full (Ergonomics) 4774M->4774M(5396M) 3131.076ms
[293.926s][info][safepoint] Safepoint "ParallelGCFailedAllocation", Time since last: 242253 ns, Reaching safepoint: 254984 ns, At safepoint: 3131578269 ns, Total: 3131833253 ns
[296.975s][info][gc       ] GC(123) Pause Full (Ergonomics) 4774M->4774M(5452M) 3047.710ms
[296.976s][info][safepoint] Safepoint "ParallelGCFailedAllocation", Time since last: 1184670 ns, Reaching safepoint: 185313 ns, At safepoint: 3048083310 ns, Total: 3048268623 ns
[296.976s][info][safepoint] Safepoint "ParallelGCFailedAllocation", Time since last: 217291 ns, Reaching safepoint: 153454 ns, At safepoint: 14307 ns, Total: 167761 ns
[300.130s][info][gc       ] GC(124) Pause Full (Ergonomics) 4774M->4774M(5396M) 3152.985ms
[300.130s][info][safepoint] Safepoint "ParallelGCSystemGC", Time since last: 259414 ns, Reaching safepoint: 157267 ns, At safepoint: 3153368256 ns, Total: 3153525523 ns
[303.124s][info][gc       ] GC(125) Pause Full (Ergonomics) 4774M->4774M(5452M) 2993.662ms
[303.125s][info][safepoint] Safepoint "ParallelGCFailedAllocation", Time since last: 487653 ns, Reaching safepoint: 155060 ns, At safepoint: 2994131053 ns, Total: 2994286113 ns
[306.251s][info][gc       ] GC(126) Pause Full (Ergonomics) 4774M->4774M(5396M) 3125.407ms
[306.251s][info][safepoint] Safepoint "ParallelGCFailedAllocation", Time since last: 415960 ns, Reaching safepoint: 193552 ns, At safepoint: 3125942671 ns, Total: 3126136223 ns
[309.266s][info][gc       ] GC(127) Pause Full (Ergonomics) 4774M->4774M(5452M) 3014.188ms
[309.267s][info][safepoint] Safepoint "ParallelGCFailedAllocation", Time since last: 497672 ns, Reaching safepoint: 173128 ns, At safepoint: 3014610633 ns, Total: 3014783761 ns
[312.288s][info][gc       ] GC(128) Pause Full (Ergonomics) 4774M->4774M(5396M) 3020.960ms
[312.289s][info][safepoint] Safepoint "ParallelGCFailedAllocation", Time since last: 509311 ns, Reaching safepoint: 167258 ns, At safepoint: 3021393196 ns, Total: 3021560454 ns
[315.439s][info][gc       ] GC(129) Pause Full (Ergonomics) 4774M->4774M(5452M) 3149.428ms
[315.439s][info][safepoint] Safepoint "ParallelGCFailedAllocation", Time since last: 305473 ns, Reaching safepoint: 150838 ns, At safepoint: 3149765602 ns, Total: 3149916440 ns
[318.334s][info][gc       ] GC(130) Pause Full (Ergonomics) 4774M->4774M(5396M) 2894.529ms
[318.334s][info][safepoint] Safepoint "ParallelGCFailedAllocation", Time since last: 297151 ns, Reaching safepoint: 167963 ns, At safepoint: 2895060004 ns, Total: 2895227967 ns
[321.300s][info][gc       ] GC(131) Pause Full (Ergonomics) 4774M->4774M(5452M) 2964.931ms
[321.300s][info][safepoint] Safepoint "ParallelGCFailedAllocation", Time since last: 526000 ns, Reaching safepoint: 162086 ns, At safepoint: 2965330127 ns, Total: 2965492213 ns
[324.194s][info][gc       ] GC(132) Pause Full (Ergonomics) 4774M->4774M(5396M) 2892.842ms
[324.194s][info][safepoint] Safepoint "ParallelGCFailedAllocation", Time since last: 364626 ns, Reaching safepoint: 188679 ns, At safepoint: 2893370896 ns, Total: 2893559575 ns
[327.393s][info][gc       ] GC(133) Pause Full (Ergonomics) 4774M->4774M(5452M) 3197.601ms
[327.393s][info][safepoint] Safepoint "ParallelGCFailedAllocation", Time since last: 682499 ns, Reaching safepoint: 201060 ns, At safepoint: 3197927722 ns, Total: 3198128782 ns
[330.528s][info][gc       ] GC(134) Pause Full (Ergonomics) 4774M->4774M(5396M) 3134.279ms
[330.528s][info][safepoint] Safepoint "ParallelGCFailedAllocation", Time since last: 224927 ns, Reaching safepoint: 173085 ns, At safepoint: 3134888228 ns, Total: 3135061313 ns
[333.695s][info][gc       ] GC(135) Pause Full (Ergonomics) 4774M->4774M(5452M) 3165.377ms
[333.695s][info][safepoint] Safepoint "ParallelGCFailedAllocation", Time since last: 607159 ns, Reaching safepoint: 222448 ns, At safepoint: 3165828283 ns, Total: 3166050731 ns
[336.800s][info][gc       ] GC(136) Pause Full (Ergonomics) 4774M->4774M(5396M) 3104.118ms
[336.800s][info][safepoint] Safepoint "ParallelGCFailedAllocation", Time since last: 409620 ns, Reaching safepoint: 178737 ns, At safepoint: 3104642178 ns, Total: 3104820915 ns
[339.655s][info][gc       ] GC(137) Pause Full (Ergonomics) 4774M->4774M(5452M) 2853.786ms
[339.655s][info][safepoint] Safepoint "ParallelGCFailedAllocation", Time since last: 312055 ns, Reaching safepoint: 164897 ns, At safepoint: 2854177689 ns, Total: 2854342586 ns
[342.588s][info][gc       ] GC(138) Pause Full (Ergonomics) 4774M->4774M(5396M) 2932.697ms
[342.589s][info][safepoint] Safepoint "ParallelGCFailedAllocation", Time since last: 480948 ns, Reaching safepoint: 295106 ns, At safepoint: 2933208141 ns, Total: 2933503247 ns
[345.600s][info][gc       ] GC(139) Pause Full (Ergonomics) 4774M->4774M(5452M) 3010.715ms
[345.601s][info][safepoint] Safepoint "ParallelGCFailedAllocation", Time since last: 354149 ns, Reaching safepoint: 178741 ns, At safepoint: 3011183959 ns, Total: 3011362700 ns
[348.574s][info][gc       ] GC(140) Pause Full (Ergonomics) 4774M->4774M(5396M) 2972.314ms
[348.574s][info][safepoint] Safepoint "ParallelGCFailedAllocation", Time since last: 506849 ns, Reaching safepoint: 184969 ns, At safepoint: 2972750818 ns, Total: 2972935787 ns
[351.621s][info][gc       ] GC(141) Pause Full (Ergonomics) 4774M->4774M(5452M) 3046.784ms
[351.622s][info][safepoint] Safepoint "ParallelGCFailedAllocation", Time since last: 216584 ns, Reaching safepoint: 227791 ns, At safepoint: 3047360644 ns, Total: 3047588435 ns
[354.821s][info][gc       ] GC(142) Pause Full (Ergonomics) 4774M->4774M(5396M) 3198.275ms
[354.821s][info][safepoint] Safepoint "ParallelGCFailedAllocation", Time since last: 427335 ns, Reaching safepoint: 155917 ns, At safepoint: 3198777432 ns, Total: 3198933349 ns
[357.907s][info][gc       ] GC(143) Pause Full (Ergonomics) 4774M->4774M(5452M) 3085.258ms
[357.908s][info][safepoint] Safepoint "ParallelGCFailedAllocation", Time since last: 407038 ns, Reaching safepoint: 162852 ns, At safepoint: 3085806884 ns, Total: 3085969736 ns
[361.025s][info][gc       ] GC(144) Pause Full (Ergonomics) 4774M->4774M(5396M) 3116.970ms
[361.026s][info][safepoint] Safepoint "ParallelGCFailedAllocation", Time since last: 387157 ns, Reaching safepoint: 225618 ns, At safepoint: 3117391043 ns, Total: 3117616661 ns
[363.998s][info][gc       ] GC(145) Pause Full (Ergonomics) 4774M->4774M(5452M) 2971.854ms
[363.998s][info][safepoint] Safepoint "ParallelGCFailedAllocation", Time since last: 223569 ns, Reaching safepoint: 170800 ns, At safepoint: 2972150698 ns, Total: 2972321498 ns
[367.090s][info][gc       ] GC(146) Pause Full (Ergonomics) 4774M->4774M(5396M) 3091.483ms
[367.090s][info][safepoint] Safepoint "ParallelGCFailedAllocation", Time since last: 226811 ns, Reaching safepoint: 154748 ns, At safepoint: 3091942733 ns, Total: 3092097481 ns
[370.069s][info][gc       ] GC(147) Pause Full (Ergonomics) 4774M->4774M(5452M) 2977.668ms
[370.069s][info][safepoint] Safepoint "ParallelGCFailedAllocation", Time since last: 304541 ns, Reaching safepoint: 229665 ns, At safepoint: 2977960656 ns, Total: 2978190321 ns
[373.195s][info][gc       ] GC(148) Pause Full (Ergonomics) 4774M->4774M(5396M) 3125.573ms
[373.195s][info][safepoint] Safepoint "ParallelGCFailedAllocation", Time since last: 268308 ns, Reaching safepoint: 183681 ns, At safepoint: 3125932161 ns, Total: 3126115842 ns
[376.373s][info][gc       ] GC(149) Pause Full (Ergonomics) 4774M->4774M(5452M) 3177.425ms
[376.374s][info][safepoint] Safepoint "ParallelGCFailedAllocation", Time since last: 227602 ns, Reaching safepoint: 229109 ns, At safepoint: 3177980820 ns, Total: 3178209929 ns
[379.414s][info][gc       ] GC(150) Pause Full (Ergonomics) 4774M->4774M(5396M) 3039.617ms
[379.414s][info][safepoint] Safepoint "ParallelGCFailedAllocation", Time since last: 397869 ns, Reaching safepoint: 170534 ns, At safepoint: 3039960868 ns, Total: 3040131402 ns
[382.489s][info][gc       ] GC(151) Pause Full (Ergonomics) 4774M->4774M(5452M) 3074.368ms
[382.490s][info][safepoint] Safepoint "ParallelGCFailedAllocation", Time since last: 341784 ns, Reaching safepoint: 227040 ns, At safepoint: 3074775523 ns, Total: 3075002563 ns
[385.446s][info][gc       ] GC(152) Pause Full (Ergonomics) 4774M->4774M(5396M) 2955.658ms
[385.446s][info][safepoint] Safepoint "ParallelGCFailedAllocation", Time since last: 309043 ns, Reaching safepoint: 176069 ns, At safepoint: 2956255392 ns, Total: 2956431461 ns
[388.657s][info][gc       ] GC(153) Pause Full (Ergonomics) 4774M->4774M(5452M) 3210.297ms
[388.658s][info][safepoint] Safepoint "ParallelGCFailedAllocation", Time since last: 494824 ns, Reaching safepoint: 167426 ns, At safepoint: 3210628292 ns, Total: 3210795718 ns
[391.699s][info][gc       ] GC(154) Pause Full (Ergonomics) 4774M->4774M(5396M) 3040.636ms
[391.699s][info][safepoint] Safepoint "ParallelGCFailedAllocation", Time since last: 233796 ns, Reaching safepoint: 194085 ns, At safepoint: 3041154328 ns, Total: 3041348413 ns
[394.608s][info][gc       ] GC(155) Pause Full (Ergonomics) 4774M->4774M(5452M) 2907.695ms
[394.608s][info][safepoint] Safepoint "ParallelGCFailedAllocation", Time since last: 254752 ns, Reaching safepoint: 252356 ns, At safepoint: 2908046160 ns, Total: 2908298516 ns
[397.588s][info][gc       ] GC(156) Pause Full (Ergonomics) 4774M->4774M(5396M) 2979.372ms
[397.588s][info][safepoint] Safepoint "ParallelGCFailedAllocation", Time since last: 288808 ns, Reaching safepoint: 175088 ns, At safepoint: 2979852907 ns, Total: 2980027995 ns
[400.443s][info][gc       ] GC(157) Pause Full (Ergonomics) 4774M->4774M(5452M) 2853.961ms
[400.443s][info][safepoint] Safepoint "ParallelGCFailedAllocation", Time since last: 612640 ns, Reaching safepoint: 193221 ns, At safepoint: 2854501154 ns, Total: 2854694375 ns
[403.541s][info][gc       ] GC(158) Pause Full (Ergonomics) 4774M->4774M(5396M) 3097.030ms
[403.542s][info][safepoint] Safepoint "ParallelGCFailedAllocation", Time since last: 408335 ns, Reaching safepoint: 234131 ns, At safepoint: 3097400514 ns, Total: 3097634645 ns
[406.436s][info][gc       ] GC(159) Pause Full (Ergonomics) 4774M->4774M(5452M) 2894.171ms
[406.437s][info][safepoint] Safepoint "ParallelGCFailedAllocation", Time since last: 414484 ns, Reaching safepoint: 166222 ns, At safepoint: 2894524003 ns, Total: 2894690225 ns
[409.548s][info][gc       ] GC(160) Pause Full (Ergonomics) 4774M->4774M(5396M) 3110.791ms
[409.548s][info][safepoint] Safepoint "ParallelGCFailedAllocation", Time since last: 238829 ns, Reaching safepoint: 184465 ns, At safepoint: 3111297681 ns, Total: 3111482146 ns
[412.351s][info][gc       ] GC(161) Pause Full (Ergonomics) 4774M->4774M(5452M) 2801.808ms
[412.351s][info][safepoint] Safepoint "ParallelGCFailedAllocation", Time since last: 444205 ns, Reaching safepoint: 161029 ns, At safepoint: 2802370513 ns, Total: 2802531542 ns
[415.384s][info][gc       ] GC(162) Pause Full (Ergonomics) 4774M->4774M(5396M) 3031.828ms
[415.384s][info][safepoint] Safepoint "ParallelGCFailedAllocation", Time since last: 425269 ns, Reaching safepoint: 250416 ns, At safepoint: 3032354341 ns, Total: 3032604757 ns
[418.553s][info][gc       ] GC(163) Pause Full (Ergonomics) 4774M->4774M(5452M) 3168.012ms
[418.553s][info][safepoint] Safepoint "ParallelGCFailedAllocation", Time since last: 351786 ns, Reaching safepoint: 181580 ns, At safepoint: 3168461910 ns, Total: 3168643490 ns
[421.554s][info][gc       ] GC(164) Pause Full (Ergonomics) 4774M->4774M(5396M) 3000.607ms
[421.555s][info][safepoint] Safepoint "ParallelGCFailedAllocation", Time since last: 348752 ns, Reaching safepoint: 148136 ns, At safepoint: 3001161850 ns, Total: 3001309986 ns
[424.552s][info][gc       ] GC(165) Pause Full (Ergonomics) 4774M->4774M(5452M) 2995.841ms
[424.552s][info][safepoint] Safepoint "ParallelGCFailedAllocation", Time since last: 574125 ns, Reaching safepoint: 176868 ns, At safepoint: 2996438332 ns, Total: 2996615200 ns
[427.790s][info][gc       ] GC(166) Pause Full (Ergonomics) 4774M->4774M(5396M) 3236.939ms
[427.790s][info][safepoint] Safepoint "ParallelGCFailedAllocation", Time since last: 515876 ns, Reaching safepoint: 181104 ns, At safepoint: 3237377382 ns, Total: 3237558486 ns
[430.733s][info][gc       ] GC(167) Pause Full (Ergonomics) 4774M->4774M(5452M) 2942.036ms
[430.733s][info][safepoint] Safepoint "ParallelGCFailedAllocation", Time since last: 305163 ns, Reaching safepoint: 169982 ns, At safepoint: 2942635528 ns, Total: 2942805510 ns
[433.626s][info][gc       ] GC(168) Pause Full (Ergonomics) 4774M->4774M(5396M) 2891.833ms
[433.627s][info][safepoint] Safepoint "ParallelGCFailedAllocation", Time since last: 661688 ns, Reaching safepoint: 164463 ns, At safepoint: 2892366551 ns, Total: 2892531014 ns
[436.682s][info][gc       ] GC(169) Pause Full (Ergonomics) 4774M->4774M(5452M) 3055.320ms
[436.683s][info][safepoint] Safepoint "ParallelGCFailedAllocation", Time since last: 302209 ns, Reaching safepoint: 232402 ns, At safepoint: 3055778487 ns, Total: 3056010889 ns
[439.649s][info][gc       ] GC(170) Pause Full (Ergonomics) 4774M->4774M(5396M) 2965.316ms
[439.649s][info][safepoint] Safepoint "ParallelGCFailedAllocation", Time since last: 382880 ns, Reaching safepoint: 164986 ns, At safepoint: 2965849830 ns, Total: 2966014816 ns
[442.871s][info][gc       ] GC(171) Pause Full (Ergonomics) 4774M->4774M(5452M) 3220.972ms
[442.871s][info][safepoint] Safepoint "ParallelGCFailedAllocation", Time since last: 343962 ns, Reaching safepoint: 179468 ns, At safepoint: 3221347799 ns, Total: 3221527267 ns
[445.861s][info][gc       ] GC(172) Pause Full (Ergonomics) 4774M->4774M(5396M) 2989.683ms
[445.862s][info][safepoint] Safepoint "ParallelGCFailedAllocation", Time since last: 330691 ns, Reaching safepoint: 254881 ns, At safepoint: 2990065740 ns, Total: 2990320621 ns
[449.073s][info][gc       ] GC(173) Pause Full (Ergonomics) 4774M->4774M(5452M) 3211.150ms
[449.074s][info][safepoint] Safepoint "ParallelGCFailedAllocation", Time since last: 247479 ns, Reaching safepoint: 174644 ns, At safepoint: 3211536626 ns, Total: 3211711270 ns
[452.130s][info][gc       ] GC(174) Pause Full (Ergonomics) 4774M->4774M(5396M) 3055.571ms
[452.130s][info][safepoint] Safepoint "ParallelGCFailedAllocation", Time since last: 289258 ns, Reaching safepoint: 181457 ns, At safepoint: 3055931118 ns, Total: 3056112575 ns
[455.256s][info][gc       ] GC(175) Pause Full (Ergonomics) 4774M->4774M(5452M) 3125.429ms
[455.256s][info][safepoint] Safepoint "ParallelGCFailedAllocation", Time since last: 230943 ns, Reaching safepoint: 146464 ns, At safepoint: 3125802665 ns, Total: 3125949129 ns
[458.248s][info][gc       ] GC(176) Pause Full (Ergonomics) 4774M->4774M(5396M) 2991.256ms
[458.249s][info][safepoint] Safepoint "ParallelGCFailedAllocation", Time since last: 295331 ns, Reaching safepoint: 280914 ns, At safepoint: 2991686055 ns, Total: 2991966969 ns
[461.330s][info][gc       ] GC(177) Pause Full (Ergonomics) 4774M->4774M(5452M) 3080.516ms
[461.330s][info][safepoint] Safepoint "ParallelGCFailedAllocation", Time since last: 359746 ns, Reaching safepoint: 259650 ns, At safepoint: 3081003312 ns, Total: 3081262962 ns
[464.346s][info][gc       ] GC(178) Pause Full (Ergonomics) 4774M->4774M(5396M) 3015.513ms
[464.347s][info][safepoint] Safepoint "ParallelGCFailedAllocation", Time since last: 318308 ns, Reaching safepoint: 267208 ns, At safepoint: 3015966992 ns, Total: 3016234200 ns
[467.220s][info][gc       ] GC(179) Pause Full (Ergonomics) 4774M->4774M(5452M) 2872.947ms
[467.221s][info][safepoint] Safepoint "ParallelGCFailedAllocation", Time since last: 322316 ns, Reaching safepoint: 169829 ns, At safepoint: 2873440674 ns, Total: 2873610503 ns
[470.203s][info][gc       ] GC(180) Pause Full (Ergonomics) 4774M->4774M(5396M) 2981.556ms
[470.203s][info][safepoint] Safepoint "ParallelGCFailedAllocation", Time since last: 353530 ns, Reaching safepoint: 187691 ns, At safepoint: 2981876657 ns, Total: 2982064348 ns
[473.207s][info][gc       ] GC(181) Pause Full (Ergonomics) 4774M->4774M(5452M) 3002.926ms
[473.207s][info][safepoint] Safepoint "ParallelGCFailedAllocation", Time since last: 229877 ns, Reaching safepoint: 201287 ns, At safepoint: 3003403454 ns, Total: 3003604741 ns
[476.185s][info][gc       ] GC(182) Pause Full (Ergonomics) 4774M->4774M(5396M) 2977.015ms
[476.185s][info][safepoint] Safepoint "ParallelGCFailedAllocation", Time since last: 467995 ns, Reaching safepoint: 261238 ns, At safepoint: 2977521211 ns, Total: 2977782449 ns
[479.205s][info][gc       ] GC(183) Pause Full (Ergonomics) 4774M->4774M(5452M) 3018.758ms
[479.205s][info][safepoint] Safepoint "ParallelGCFailedAllocation", Time since last: 427807 ns, Reaching safepoint: 220446 ns, At safepoint: 3019168387 ns, Total: 3019388833 ns
[482.404s][info][gc       ] GC(184) Pause Full (Ergonomics) 4774M->4774M(5396M) 3198.847ms
[482.405s][info][safepoint] Safepoint "ParallelGCFailedAllocation", Time since last: 224706 ns, Reaching safepoint: 243288 ns, At safepoint: 3199393765 ns, Total: 3199637053 ns
[485.593s][info][gc       ] GC(185) Pause Full (Ergonomics) 4774M->4774M(5452M) 3187.452ms
[485.593s][info][safepoint] Safepoint "ParallelGCFailedAllocation", Time since last: 364240 ns, Reaching safepoint: 252200 ns, At safepoint: 3187885831 ns, Total: 3188138031 ns
[488.588s][info][gc       ] GC(186) Pause Full (Ergonomics) 4774M->4774M(5396M) 2993.907ms
[488.588s][info][safepoint] Safepoint "ParallelGCFailedAllocation", Time since last: 404112 ns, Reaching safepoint: 187132 ns, At safepoint: 2994453241 ns, Total: 2994640373 ns
[491.687s][info][gc       ] GC(187) Pause Full (Ergonomics) 4774M->4774M(5452M) 3098.221ms
[491.688s][info][safepoint] Safepoint "ParallelGCFailedAllocation", Time since last: 307497 ns, Reaching safepoint: 291871 ns, At safepoint: 3098719468 ns, Total: 3099011339 ns
[494.634s][info][gc       ] GC(188) Pause Full (Ergonomics) 4774M->4774M(5396M) 2945.815ms
[498.019s][info][gc       ] GC(189) Pause Full (Allocation Failure) 4774M->4774M(5452M) 3384.585ms
[498.020s][info][safepoint] Safepoint "ParallelGCFailedAllocation", Time since last: 407361 ns, Reaching safepoint: 188162 ns, At safepoint: 6331374045 ns, Total: 6331562207 ns
[501.263s][info][gc       ] GC(190) Pause Full (Ergonomics) 4774M->4774M(5396M) 3241.887ms
[501.263s][info][safepoint] Safepoint "ParallelGCFailedAllocation", Time since last: 679004 ns, Reaching safepoint: 273188 ns, At safepoint: 3242336075 ns, Total: 3242609263 ns
[504.338s][info][gc       ] GC(191) Pause Full (Ergonomics) 4774M->4774M(5452M) 3074.890ms
[504.339s][info][safepoint] Safepoint "ParallelGCFailedAllocation", Time since last: 340544 ns, Reaching safepoint: 173976 ns, At safepoint: 3075340606 ns, Total: 3075514582 ns
[507.353s][info][gc       ] GC(192) Pause Full (Ergonomics) 4774M->4774M(5396M) 3013.859ms
[507.354s][info][safepoint] Safepoint "ParallelGCFailedAllocation", Time since last: 369761 ns, Reaching safepoint: 263751 ns, At safepoint: 3014197507 ns, Total: 3014461258 ns
[510.328s][info][gc       ] GC(193) Pause Full (Ergonomics) 4774M->4774M(5452M) 2973.738ms
[510.329s][info][safepoint] Safepoint "ParallelGCFailedAllocation", Time since last: 258478 ns, Reaching safepoint: 188068 ns, At safepoint: 2974382827 ns, Total: 2974570895 ns
[513.235s][info][gc       ] GC(194) Pause Full (Ergonomics) 4774M->4774M(5396M) 2905.856ms
[513.236s][info][safepoint] Safepoint "ParallelGCFailedAllocation", Time since last: 456971 ns, Reaching safepoint: 147418 ns, At safepoint: 2906427154 ns, Total: 2906574572 ns
[516.385s][info][gc       ] GC(195) Pause Full (Ergonomics) 4774M->4774M(5452M) 3148.286ms
[516.385s][info][safepoint] Safepoint "ParallelGCFailedAllocation", Time since last: 510320 ns, Reaching safepoint: 190923 ns, At safepoint: 3148970152 ns, Total: 3149161075 ns
[519.411s][info][gc       ] GC(196) Pause Full (Ergonomics) 4774M->4774M(5396M) 3024.507ms
[519.411s][info][safepoint] Safepoint "ParallelGCFailedAllocation", Time since last: 545152 ns, Reaching safepoint: 197568 ns, At safepoint: 3024813327 ns, Total: 3025010895 ns
[522.639s][info][gc       ] GC(197) Pause Full (Ergonomics) 4774M->4774M(5452M) 3227.935ms
[522.640s][info][safepoint] Safepoint "ParallelGCFailedAllocation", Time since last: 236868 ns, Reaching safepoint: 241409 ns, At safepoint: 3228332984 ns, Total: 3228574393 ns
[525.733s][info][gc       ] GC(198) Pause Full (Ergonomics) 4774M->4774M(5396M) 3092.633ms
[525.733s][info][safepoint] Safepoint "ParallelGCFailedAllocation", Time since last: 278387 ns, Reaching safepoint: 172346 ns, At safepoint: 3092993528 ns, Total: 3093165874 ns
[528.839s][info][gc       ] GC(199) Pause Full (Ergonomics) 4774M->4774M(5452M) 3105.368ms
[528.839s][info][safepoint] Safepoint "ParallelGCFailedAllocation", Time since last: 220192 ns, Reaching safepoint: 155441 ns, At safepoint: 3105689474 ns, Total: 3105844915 ns
[531.836s][info][gc       ] GC(200) Pause Full (Ergonomics) 4774M->4774M(5396M) 2996.816ms
[531.837s][info][safepoint] Safepoint "ParallelGCFailedAllocation", Time since last: 219758 ns, Reaching safepoint: 158928 ns, At safepoint: 2997201199 ns, Total: 2997360127 ns
[534.913s][info][gc       ] GC(201) Pause Full (Ergonomics) 4774M->4774M(5452M) 3076.280ms
[534.914s][info][safepoint] Safepoint "ParallelGCFailedAllocation", Time since last: 251374 ns, Reaching safepoint: 176002 ns, At safepoint: 3076695619 ns, Total: 3076871621 ns
[537.960s][info][gc       ] GC(202) Pause Full (Ergonomics) 4774M->4774M(5396M) 3045.708ms
[537.961s][info][safepoint] Safepoint "ParallelGCFailedAllocation", Time since last: 286263 ns, Reaching safepoint: 174853 ns, At safepoint: 3046271678 ns, Total: 3046446531 ns
[540.853s][info][gc       ] GC(203) Pause Full (Ergonomics) 4774M->4774M(5452M) 2891.545ms
[540.853s][info][safepoint] Safepoint "ParallelGCFailedAllocation", Time since last: 481120 ns, Reaching safepoint: 168214 ns, At safepoint: 2892031281 ns, Total: 2892199495 ns
[543.876s][info][gc       ] GC(204) Pause Full (Ergonomics) 4774M->4774M(5396M) 3022.435ms
[543.877s][info][safepoint] Safepoint "ParallelGCFailedAllocation", Time since last: 256748 ns, Reaching safepoint: 250269 ns, At safepoint: 3023006085 ns, Total: 3023256354 ns
[546.896s][info][gc       ] GC(205) Pause Full (Ergonomics) 4774M->4774M(5452M) 3019.051ms
[546.897s][info][safepoint] Safepoint "ParallelGCFailedAllocation", Time since last: 305749 ns, Reaching safepoint: 263669 ns, At safepoint: 3019530328 ns, Total: 3019793997 ns
[549.657s][info][gc       ] GC(206) Pause Full (Ergonomics) 4774M->4774M(5396M) 2759.457ms
[549.657s][info][safepoint] Safepoint "ParallelGCFailedAllocation", Time since last: 316884 ns, Reaching safepoint: 147566 ns, At safepoint: 2759979078 ns, Total: 2760126644 ns
[552.624s][info][gc       ] GC(207) Pause Full (Ergonomics) 4774M->4774M(5452M) 2965.883ms
[552.624s][info][safepoint] Safepoint "ParallelGCFailedAllocation", Time since last: 385886 ns, Reaching safepoint: 215955 ns, At safepoint: 2966341916 ns, Total: 2966557871 ns
[555.716s][info][gc       ] GC(208) Pause Full (Ergonomics) 4774M->4774M(5396M) 3091.250ms
[555.716s][info][safepoint] Safepoint "ParallelGCFailedAllocation", Time since last: 232072 ns, Reaching safepoint: 144002 ns, At safepoint: 3091645625 ns, Total: 3091789627 ns
[558.849s][info][gc       ] GC(209) Pause Full (Ergonomics) 4774M->4774M(5452M) 3131.699ms
[558.849s][info][safepoint] Safepoint "ParallelGCFailedAllocation", Time since last: 321296 ns, Reaching safepoint: 269914 ns, At safepoint: 3132185614 ns, Total: 3132455528 ns
[561.831s][info][gc       ] GC(210) Pause Full (Ergonomics) 4774M->4774M(5396M) 2981.467ms
[561.831s][info][safepoint] Safepoint "ParallelGCFailedAllocation", Time since last: 291135 ns, Reaching safepoint: 198427 ns, At safepoint: 2981846893 ns, Total: 2982045320 ns
[564.774s][info][gc       ] GC(211) Pause Full (Ergonomics) 4774M->4774M(5452M) 2942.390ms
[564.775s][info][safepoint] Safepoint "ParallelGCFailedAllocation", Time since last: 283240 ns, Reaching safepoint: 258798 ns, At safepoint: 2942945644 ns, Total: 2943204442 ns
[567.820s][info][gc       ] GC(212) Pause Full (Ergonomics) 4774M->4774M(5396M) 3044.049ms
[567.820s][info][safepoint] Safepoint "ParallelGCFailedAllocation", Time since last: 495937 ns, Reaching safepoint: 244205 ns, At safepoint: 3044572010 ns, Total: 3044816215 ns
[570.969s][info][gc       ] GC(213) Pause Full (Ergonomics) 4774M->4774M(5452M) 3148.470ms
[570.970s][info][safepoint] Safepoint "ParallelGCFailedAllocation", Time since last: 519658 ns, Reaching safepoint: 181962 ns, At safepoint: 3148962043 ns, Total: 3149144005 ns
[574.113s][info][gc       ] GC(214) Pause Full (Ergonomics) 4774M->4774M(5396M) 3142.636ms
[574.114s][info][safepoint] Safepoint "ParallelGCFailedAllocation", Time since last: 396015 ns, Reaching safepoint: 190106 ns, At safepoint: 3143090615 ns, Total: 3143280721 ns
[577.096s][info][gc       ] GC(215) Pause Full (Ergonomics) 4774M->4774M(5452M) 2982.067ms
[577.096s][info][safepoint] Safepoint "ParallelGCFailedAllocation", Time since last: 315784 ns, Reaching safepoint: 227381 ns, At safepoint: 2982385941 ns, Total: 2982613322 ns
[580.248s][info][gc       ] GC(216) Pause Full (Ergonomics) 4774M->4774M(5396M) 3151.190ms
[580.249s][info][safepoint] Safepoint "ParallelGCFailedAllocation", Time since last: 220682 ns, Reaching safepoint: 242395 ns, At safepoint: 3151674978 ns, Total: 3151917373 ns
[583.258s][info][gc       ] GC(217) Pause Full (Ergonomics) 4774M->4774M(5452M) 3008.406ms
[583.258s][info][safepoint] Safepoint "ParallelGCFailedAllocation", Time since last: 391999 ns, Reaching safepoint: 203935 ns, At safepoint: 3008873132 ns, Total: 3009077067 ns
[586.264s][info][gc       ] GC(218) Pause Full (Ergonomics) 4774M->4774M(5396M) 3004.910ms
[586.264s][info][safepoint] Safepoint "ParallelGCFailedAllocation", Time since last: 585967 ns, Reaching safepoint: 164255 ns, At safepoint: 3005333363 ns, Total: 3005497618 ns
[589.332s][info][gc       ] GC(219) Pause Full (Ergonomics) 4774M->4774M(5452M) 3067.894ms
[589.333s][info][safepoint] Safepoint "ParallelGCFailedAllocation", Time since last: 256855 ns, Reaching safepoint: 192771 ns, At safepoint: 3068252390 ns, Total: 3068445161 ns
[592.211s][info][gc       ] GC(220) Pause Full (Ergonomics) 4774M->4774M(5396M) 2877.308ms
[592.211s][info][safepoint] Safepoint "ParallelGCFailedAllocation", Time since last: 253904 ns, Reaching safepoint: 208977 ns, At safepoint: 2877650830 ns, Total: 2877859807 ns
[595.290s][info][gc       ] GC(221) Pause Full (Ergonomics) 4774M->4774M(5452M) 3078.197ms
[595.290s][info][safepoint] Safepoint "ParallelGCFailedAllocation", Time since last: 214208 ns, Reaching safepoint: 185309 ns, At safepoint: 3078624055 ns, Total: 3078809364 ns
[598.110s][info][gc       ] GC(222) Pause Full (Ergonomics) 4774M->4774M(5396M) 2819.419ms
[598.110s][info][safepoint] Safepoint "ParallelGCFailedAllocation", Time since last: 210717 ns, Reaching safepoint: 151627 ns, At safepoint: 2819837544 ns, Total: 2819989171 ns
[601.026s][info][gc       ] GC(223) Pause Full (Ergonomics) 4774M->4774M(5452M) 2915.138ms
[601.026s][info][safepoint] Safepoint "ParallelGCFailedAllocation", Time since last: 360003 ns, Reaching safepoint: 170223 ns, At safepoint: 2915473413 ns, Total: 2915643636 ns
[604.069s][info][gc       ] GC(224) Pause Full (Ergonomics) 4774M->4774M(5396M) 3041.891ms
[604.069s][info][safepoint] Safepoint "ParallelGCFailedAllocation", Time since last: 267660 ns, Reaching safepoint: 233992 ns, At safepoint: 3042425593 ns, Total: 3042659585 ns
[607.062s][info][gc       ] GC(225) Pause Full (Ergonomics) 4774M->4774M(5452M) 2992.111ms
[607.063s][info][safepoint] Safepoint "ParallelGCFailedAllocation", Time since last: 457260 ns, Reaching safepoint: 197764 ns, At safepoint: 2992782162 ns, Total: 2992979926 ns
[610.160s][info][gc       ] GC(226) Pause Full (Ergonomics) 4774M->4774M(5396M) 3096.591ms
[610.160s][info][safepoint] Safepoint "ParallelGCFailedAllocation", Time since last: 579431 ns, Reaching safepoint: 148857 ns, At safepoint: 3096949378 ns, Total: 3097098235 ns
[613.182s][info][gc       ] GC(227) Pause Full (Ergonomics) 4774M->4774M(5452M) 3021.071ms
[613.182s][info][safepoint] Safepoint "ParallelGCFailedAllocation", Time since last: 267813 ns, Reaching safepoint: 219826 ns, At safepoint: 3021503271 ns, Total: 3021723097 ns
[616.262s][info][gc       ] GC(228) Pause Full (Ergonomics) 4774M->4774M(5396M) 3079.429ms
[616.263s][info][safepoint] Safepoint "ParallelGCFailedAllocation", Time since last: 376838 ns, Reaching safepoint: 188273 ns, At safepoint: 3079779858 ns, Total: 3079968131 ns
[619.253s][info][gc       ] GC(229) Pause Full (Ergonomics) 4774M->4774M(5452M) 2990.072ms
[619.253s][info][safepoint] Safepoint "ParallelGCFailedAllocation", Time since last: 215010 ns, Reaching safepoint: 222775 ns, At safepoint: 2990473241 ns, Total: 2990696016 ns
[622.173s][info][gc       ] GC(230) Pause Full (Ergonomics) 4774M->4774M(5396M) 2919.253ms
[622.174s][info][safepoint] Safepoint "ParallelGCFailedAllocation", Time since last: 449891 ns, Reaching safepoint: 182748 ns, At safepoint: 2920019026 ns, Total: 2920201774 ns
[625.312s][info][gc       ] GC(231) Pause Full (Ergonomics) 4774M->4774M(5452M) 3136.984ms
[625.312s][info][safepoint] Safepoint "ParallelGCFailedAllocation", Time since last: 668960 ns, Reaching safepoint: 177933 ns, At safepoint: 3137376564 ns, Total: 3137554497 ns
[628.292s][info][gc       ] GC(232) Pause Full (Ergonomics) 4774M->4774M(5396M) 2979.189ms
[628.293s][info][safepoint] Safepoint "ParallelGCFailedAllocation", Time since last: 310063 ns, Reaching safepoint: 291063 ns, At safepoint: 2979715184 ns, Total: 2980006247 ns
[631.288s][info][gc       ] GC(233) Pause Full (Ergonomics) 4774M->4774M(5452M) 2995.266ms
[631.289s][info][safepoint] Safepoint "ParallelGCFailedAllocation", Time since last: 345677 ns, Reaching safepoint: 150127 ns, At safepoint: 2995628092 ns, Total: 2995778219 ns
[634.015s][info][gc       ] GC(234) Pause Full (Ergonomics) 4774M->4774M(5396M) 2725.401ms
[634.015s][info][safepoint] Safepoint "ParallelGCFailedAllocation", Time since last: 210611 ns, Reaching safepoint: 228606 ns, At safepoint: 2725812926 ns, Total: 2726041532 ns
[637.165s][info][gc       ] GC(235) Pause Full (Ergonomics) 4774M->4774M(5452M) 3149.278ms
[637.165s][info][safepoint] Safepoint "ParallelGCFailedAllocation", Time since last: 258290 ns, Reaching safepoint: 272366 ns, At safepoint: 3149720895 ns, Total: 3149993261 ns
[640.407s][info][gc       ] GC(236) Pause Full (Ergonomics) 4774M->4774M(5396M) 3241.369ms
[640.408s][info][safepoint] Safepoint "ParallelGCFailedAllocation", Time since last: 207054 ns, Reaching safepoint: 184471 ns, At safepoint: 3241902361 ns, Total: 3242086832 ns
[643.400s][info][gc       ] GC(237) Pause Full (Ergonomics) 4774M->4774M(5452M) 2992.226ms
[643.401s][info][safepoint] Safepoint "ParallelGCFailedAllocation", Time since last: 282491 ns, Reaching safepoint: 173074 ns, At safepoint: 2992585810 ns, Total: 2992758884 ns
[646.428s][info][gc       ] GC(238) Pause Full (Ergonomics) 4774M->4774M(5396M) 3026.524ms
[646.428s][info][safepoint] Safepoint "ParallelGCFailedAllocation", Time since last: 324917 ns, Reaching safepoint: 160959 ns, At safepoint: 3026866780 ns, Total: 3027027739 ns
[646.428s][info][safepoint] Safepoint "ParallelGCFailedAllocation", Time since last: 236266 ns, Reaching safepoint: 157559 ns, At safepoint: 15041 ns, Total: 172600 ns
[649.553s][info][gc       ] GC(239) Pause Full (Ergonomics) 4774M->4774M(5452M) 3124.716ms
[649.554s][info][safepoint] Safepoint "ParallelGCSystemGC", Time since last: 185017 ns, Reaching safepoint: 154752 ns, At safepoint: 3125187853 ns, Total: 3125342605 ns
[652.650s][info][gc       ] GC(240) Pause Full (Ergonomics) 4774M->4774M(5396M) 3095.022ms
[652.650s][info][safepoint] Safepoint "ParallelGCFailedAllocation", Time since last: 426280 ns, Reaching safepoint: 166568 ns, At safepoint: 3095469507 ns, Total: 3095636075 ns
[655.682s][info][gc       ] GC(241) Pause Full (Ergonomics) 4774M->4774M(5452M) 3031.777ms
[655.683s][info][safepoint] Safepoint "ParallelGCFailedAllocation", Time since last: 327121 ns, Reaching safepoint: 206131 ns, At safepoint: 3032190089 ns, Total: 3032396220 ns
[658.848s][info][gc       ] GC(242) Pause Full (Ergonomics) 4774M->4774M(5396M) 3164.671ms
[658.848s][info][safepoint] Safepoint "ParallelGCFailedAllocation", Time since last: 273103 ns, Reaching safepoint: 219303 ns, At safepoint: 3165080353 ns, Total: 3165299656 ns
[661.983s][info][gc       ] GC(243) Pause Full (Ergonomics) 4774M->4774M(5452M) 3133.900ms
[661.983s][info][safepoint] Safepoint "ParallelGCFailedAllocation", Time since last: 307640 ns, Reaching safepoint: 164324 ns, At safepoint: 3134298399 ns, Total: 3134462723 ns
[664.871s][info][gc       ] GC(244) Pause Full (Ergonomics) 4774M->4774M(5396M) 2887.907ms
[664.872s][info][safepoint] Safepoint "ParallelGCFailedAllocation", Time since last: 260690 ns, Reaching safepoint: 191995 ns, At safepoint: 2888275647 ns, Total: 2888467642 ns
[667.949s][info][gc       ] GC(245) Pause Full (Ergonomics) 4774M->4774M(5452M) 3076.810ms
[667.950s][info][safepoint] Safepoint "ParallelGCFailedAllocation", Time since last: 249384 ns, Reaching safepoint: 267793 ns, At safepoint: 3077319775 ns, Total: 3077587568 ns
[671.066s][info][gc       ] GC(246) Pause Full (Ergonomics) 4774M->4774M(5396M) 3115.431ms
[671.066s][info][safepoint] Safepoint "ParallelGCFailedAllocation", Time since last: 288512 ns, Reaching safepoint: 169852 ns, At safepoint: 3115999138 ns, Total: 3116168990 ns
[673.984s][info][gc       ] GC(247) Pause Full (Ergonomics) 4774M->4774M(5452M) 2916.635ms
[673.984s][info][safepoint] Safepoint "ParallelGCFailedAllocation", Time since last: 559727 ns, Reaching safepoint: 341726 ns, At safepoint: 2917088528 ns, Total: 2917430254 ns
[676.977s][info][gc       ] GC(248) Pause Full (Ergonomics) 4774M->4774M(5396M) 2992.745ms
[676.978s][info][safepoint] Safepoint "ParallelGCFailedAllocation", Time since last: 450221 ns, Reaching safepoint: 164022 ns, At safepoint: 2993300789 ns, Total: 2993464811 ns
[679.910s][info][gc       ] GC(249) Pause Full (Ergonomics) 4774M->4774M(5452M) 2930.938ms
[679.910s][info][safepoint] Safepoint "ParallelGCFailedAllocation", Time since last: 446597 ns, Reaching safepoint: 178147 ns, At safepoint: 2931323741 ns, Total: 2931501888 ns
[682.871s][info][gc       ] GC(250) Pause Full (Ergonomics) 4774M->4774M(5396M) 2960.564ms
[682.871s][info][safepoint] Safepoint "ParallelGCFailedAllocation", Time since last: 277800 ns, Reaching safepoint: 160220 ns, At safepoint: 2960965980 ns, Total: 2961126200 ns
[685.925s][info][gc       ] GC(251) Pause Full (Ergonomics) 4774M->4774M(5452M) 3052.784ms
[685.925s][info][safepoint] Safepoint "ParallelGCFailedAllocation", Time since last: 253719 ns, Reaching safepoint: 258684 ns, At safepoint: 3053326856 ns, Total: 3053585540 ns
[688.876s][info][gc       ] GC(252) Pause Full (Ergonomics) 4774M->4774M(5396M) 2950.598ms
[688.877s][info][safepoint] Safepoint "ParallelGCFailedAllocation", Time since last: 328022 ns, Reaching safepoint: 162397 ns, At safepoint: 2950970518 ns, Total: 2951132915 ns
[691.899s][info][gc       ] GC(253) Pause Full (Ergonomics) 4774M->4774M(5452M) 3021.744ms
[691.899s][info][safepoint] Safepoint "ParallelGCFailedAllocation", Time since last: 324378 ns, Reaching safepoint: 194443 ns, At safepoint: 3022155725 ns, Total: 3022350168 ns
[695.030s][info][gc       ] GC(254) Pause Full (Ergonomics) 4774M->4774M(5396M) 3129.938ms
[695.030s][info][safepoint] Safepoint "ParallelGCFailedAllocation", Time since last: 268769 ns, Reaching safepoint: 165900 ns, At safepoint: 3130357249 ns, Total: 3130523149 ns
[698.122s][info][gc       ] GC(255) Pause Full (Ergonomics) 4774M->4774M(5452M) 3090.984ms
[698.122s][info][safepoint] Safepoint "ParallelGCFailedAllocation", Time since last: 257789 ns, Reaching safepoint: 251460 ns, At safepoint: 3091441618 ns, Total: 3091693078 ns
[701.121s][info][gc       ] GC(256) Pause Full (Ergonomics) 4774M->4774M(5396M) 2997.887ms
[701.121s][info][safepoint] Safepoint "ParallelGCFailedAllocation", Time since last: 441862 ns, Reaching safepoint: 171741 ns, At safepoint: 2998346588 ns, Total: 2998518329 ns
[704.141s][info][gc       ] GC(257) Pause Full (Ergonomics) 4774M->4774M(5452M) 3019.952ms
[704.142s][info][safepoint] Safepoint "ParallelGCFailedAllocation", Time since last: 238871 ns, Reaching safepoint: 221535 ns, At safepoint: 3020442969 ns, Total: 3020664504 ns
[706.923s][info][gc       ] GC(258) Pause Full (Ergonomics) 4774M->4774M(5396M) 2779.935ms
[706.923s][info][safepoint] Safepoint "ParallelGCFailedAllocation", Time since last: 477882 ns, Reaching safepoint: 177778 ns, At safepoint: 2780423098 ns, Total: 2780600876 ns
[709.906s][info][gc       ] GC(259) Pause Full (Ergonomics) 4774M->4774M(5452M) 2982.447ms
[709.907s][info][safepoint] Safepoint "ParallelGCFailedAllocation", Time since last: 402833 ns, Reaching safepoint: 233730 ns, At safepoint: 2983128172 ns, Total: 2983361902 ns
[712.846s][info][gc       ] GC(260) Pause Full (Ergonomics) 4774M->4774M(5396M) 2938.098ms
[712.846s][info][safepoint] Safepoint "ParallelGCFailedAllocation", Time since last: 620550 ns, Reaching safepoint: 199880 ns, At safepoint: 2938649740 ns, Total: 2938849620 ns
[715.873s][info][gc       ] GC(261) Pause Full (Ergonomics) 4774M->4774M(5452M) 3025.708ms
[715.873s][info][safepoint] Safepoint "ParallelGCFailedAllocation", Time since last: 527372 ns, Reaching safepoint: 192916 ns, At safepoint: 3026290188 ns, Total: 3026483104 ns
[718.933s][info][gc       ] GC(262) Pause Full (Ergonomics) 4774M->4774M(5396M) 3058.781ms
[718.933s][info][safepoint] Safepoint "ParallelGCFailedAllocation", Time since last: 388397 ns, Reaching safepoint: 156750 ns, At safepoint: 3059191047 ns, Total: 3059347797 ns
[722.015s][info][gc       ] GC(263) Pause Full (Ergonomics) 4774M->4774M(5452M) 3081.415ms
[722.015s][info][safepoint] Safepoint "ParallelGCFailedAllocation", Time since last: 237866 ns, Reaching safepoint: 181292 ns, At safepoint: 3081766528 ns, Total: 3081947820 ns
[725.067s][info][gc       ] GC(264) Pause Full (Ergonomics) 4774M->4774M(5396M) 3051.266ms
[725.067s][info][safepoint] Safepoint "ParallelGCFailedAllocation", Time since last: 263365 ns, Reaching safepoint: 173432 ns, At safepoint: 3051734562 ns, Total: 3051907994 ns
[728.098s][info][gc       ] GC(265) Pause Full (Ergonomics) 4774M->4774M(5452M) 3030.029ms
[728.098s][info][safepoint] Safepoint "ParallelGCFailedAllocation", Time since last: 267199 ns, Reaching safepoint: 180609 ns, At safepoint: 3030564503 ns, Total: 3030745112 ns
[731.168s][info][gc       ] GC(266) Pause Full (Ergonomics) 4774M->4774M(5396M) 3068.771ms
[731.168s][info][safepoint] Safepoint "ParallelGCFailedAllocation", Time since last: 331026 ns, Reaching safepoint: 143978 ns, At safepoint: 3069316369 ns, Total: 3069460347 ns
[734.151s][info][gc       ] GC(267) Pause Full (Ergonomics) 4774M->4774M(5452M) 2982.188ms
[734.152s][info][safepoint] Safepoint "ParallelGCFailedAllocation", Time since last: 400159 ns, Reaching safepoint: 186171 ns, At safepoint: 2982847994 ns, Total: 2983034165 ns
[737.180s][info][gc       ] GC(268) Pause Full (Ergonomics) 4774M->4774M(5396M) 3027.498ms
[737.180s][info][safepoint] Safepoint "ParallelGCFailedAllocation", Time since last: 552590 ns, Reaching safepoint: 206655 ns, At safepoint: 3027865731 ns, Total: 3028072386 ns
[740.261s][info][gc       ] GC(269) Pause Full (Ergonomics) 4774M->4774M(5452M) 3080.155ms
[740.261s][info][safepoint] Safepoint "ParallelGCFailedAllocation", Time since last: 288720 ns, Reaching safepoint: 248000 ns, At safepoint: 3080556415 ns, Total: 3080804415 ns
[743.095s][info][gc       ] GC(270) Pause Full (Ergonomics) 4774M->4774M(5396M) 2833.788ms
[743.096s][info][safepoint] Safepoint "ParallelGCFailedAllocation", Time since last: 216562 ns, Reaching safepoint: 151646 ns, At safepoint: 2834164148 ns, Total: 2834315794 ns
[746.095s][info][gc       ] GC(271) Pause Full (Ergonomics) 4774M->4774M(5452M) 2998.718ms
[746.096s][info][safepoint] Safepoint "ParallelGCFailedAllocation", Time since last: 271299 ns, Reaching safepoint: 257171 ns, At safepoint: 2999235715 ns, Total: 2999492886 ns
[749.091s][info][gc       ] GC(272) Pause Full (Ergonomics) 4774M->4774M(5396M) 2994.435ms
[749.091s][info][safepoint] Safepoint "ParallelGCFailedAllocation", Time since last: 432525 ns, Reaching safepoint: 202402 ns, At safepoint: 2994753983 ns, Total: 2994956385 ns
[751.919s][info][gc       ] GC(273) Pause Full (Ergonomics) 4774M->4774M(5452M) 2827.992ms
[751.920s][info][safepoint] Safepoint "ParallelGCFailedAllocation", Time since last: 235792 ns, Reaching safepoint: 150710 ns, At safepoint: 2828535730 ns, Total: 2828686440 ns
[754.943s][info][gc       ] GC(274) Pause Full (Ergonomics) 4774M->4774M(5396M) 3022.140ms
[754.943s][info][safepoint] Safepoint "ParallelGCFailedAllocation", Time since last: 350623 ns, Reaching safepoint: 195207 ns, At safepoint: 3022492117 ns, Total: 3022687324 ns
[758.083s][info][gc       ] GC(275) Pause Full (Ergonomics) 4774M->4774M(5452M) 3139.451ms
[758.083s][info][safepoint] Safepoint "ParallelGCFailedAllocation", Time since last: 244725 ns, Reaching safepoint: 177708 ns, At safepoint: 3139881246 ns, Total: 3140058954 ns
[761.152s][info][gc       ] GC(276) Pause Full (Ergonomics) 4774M->4774M(5396M) 3068.410ms
[761.153s][info][safepoint] Safepoint "ParallelGCFailedAllocation", Time since last: 476963 ns, Reaching safepoint: 144501 ns, At safepoint: 3068875571 ns, Total: 3069020072 ns
[764.141s][info][gc       ] GC(277) Pause Full (Ergonomics) 4774M->4774M(5452M) 2987.418ms
[764.141s][info][safepoint] Safepoint "ParallelGCFailedAllocation", Time since last: 299415 ns, Reaching safepoint: 159912 ns, At safepoint: 2987794332 ns, Total: 2987954244 ns
[767.126s][info][gc       ] GC(278) Pause Full (Ergonomics) 4774M->4774M(5396M) 2984.929ms
[767.127s][info][safepoint] Safepoint "ParallelGCFailedAllocation", Time since last: 348107 ns, Reaching safepoint: 206150 ns, At safepoint: 2985273148 ns, Total: 2985479298 ns
[770.149s][info][gc       ] GC(279) Pause Full (Ergonomics) 4774M->4774M(5452M) 3021.159ms
[770.149s][info][safepoint] Safepoint "ParallelGCFailedAllocation", Time since last: 373894 ns, Reaching safepoint: 252710 ns, At safepoint: 3021463861 ns, Total: 3021716571 ns
[773.272s][info][gc       ] GC(280) Pause Full (Ergonomics) 4774M->4774M(5396M) 3122.949ms
[773.273s][info][safepoint] Safepoint "ParallelGCFailedAllocation", Time since last: 236739 ns, Reaching safepoint: 163057 ns, At safepoint: 3123618083 ns, Total: 3123781140 ns
[776.329s][info][gc       ] GC(281) Pause Full (Ergonomics) 4774M->4774M(5452M) 3054.890ms
[779.364s][info][gc       ] GC(282) Pause Full (Allocation Failure) 4774M->4774M(5396M) 3034.911ms
[779.365s][info][safepoint] Safepoint "ParallelGCFailedAllocation", Time since last: 697936 ns, Reaching safepoint: 348472 ns, At safepoint: 6090872968 ns, Total: 6091221440 ns
[782.486s][info][gc       ] GC(283) Pause Full (Ergonomics) 4774M->4774M(5452M) 3119.894ms
[782.486s][info][safepoint] Safepoint "ParallelGCFailedAllocation", Time since last: 519441 ns, Reaching safepoint: 266247 ns, At safepoint: 3120596352 ns, Total: 3120862599 ns
[782.506s][info][gc       ] GC(284) Pause Full (Ergonomics) 4774M->3M(3141M) 15.873ms
[782.506s][info][safepoint] Safepoint "ParallelGCFailedAllocation", Time since last: 1116390 ns, Reaching safepoint: 2466625 ns, At safepoint: 16344354 ns, Total: 18810979 ns
