[0.005s][info][gc] Heuristics ergonomically sets -XX:+ExplicitGCInvokesConcurrent
[0.006s][info][gc] Heuristics ergonomically sets -XX:+ShenandoahImplicitGCInvokesConcurrent
[0.006s][info][gc] Using Shenandoah
[0.123s][info][safepoint] Safepoint "ICBufferFull", Time since last: 113445948 ns, Reaching safepoint: 65703 ns, At safepoint: 10478 ns, Total: 76181 ns
[0.486s][info][gc       ] Trigger: Learning 1 of 5. Free (4450M) is below initial threshold (4450M)
[0.487s][info][gc       ] GC(0) Concurrent reset 0.608ms
[0.488s][info][gc       ] GC(0) Pause Init Mark (unload classes) 0.544ms
[0.490s][info][safepoint] Safepoint "ShenandoahInitMark", Time since last: 364086172 ns, Reaching safepoint: 221910 ns, At safepoint: 2282336 ns, Total: 2504246 ns
[0.491s][info][gc       ] GC(0) Concurrent marking roots 0.412ms
[0.671s][info][gc       ] GC(0) Concurrent marking (unload classes) 180.161ms
[0.673s][info][gc       ] GC(0) Pause Final Mark (unload classes) 0.591ms
[0.673s][info][safepoint] Safepoint "ShenandoahFinalMarkStartEvac", Time since last: 181637442 ns, Reaching safepoint: 213313 ns, At safepoint: 957580 ns, Total: 1170893 ns
[0.673s][info][gc       ] GC(0) Concurrent thread roots 0.225ms
[0.674s][info][gc       ] GC(0) Concurrent weak references 0.130ms
[0.674s][info][gc       ] GC(0) Concurrent weak roots 0.359ms
[0.674s][info][gc       ] GC(0) Concurrent cleanup 2321M->2256M(2334M) 0.144ms
[0.675s][info][gc       ] GC(0) Concurrent class unloading 0.522ms
[0.675s][info][safepoint] Safepoint "CleanClassLoaderDataMetaspaces", Time since last: 2395774 ns, Reaching safepoint: 86358 ns, At safepoint: 45952 ns, Total: 132310 ns
[0.675s][info][gc       ] GC(0) Concurrent strong roots 0.185ms
[0.683s][info][gc       ] GC(0) Concurrent evacuation 7.435ms
[0.684s][info][gc       ] GC(0) Pause Init Update Refs 0.008ms
[0.684s][info][safepoint] Safepoint "ShenandoahInitUpdateRefs", Time since last: 7928694 ns, Reaching safepoint: 166404 ns, At safepoint: 295118 ns, Total: 461522 ns
[0.824s][info][gc       ] GC(0) Concurrent update references 140.403ms
[0.825s][info][gc       ] GC(0) Concurrent update thread roots 0.422ms
[0.825s][info][gc       ] GC(0) Pause Final Update Refs 0.120ms
[0.826s][info][safepoint] Safepoint "ShenandoahFinalUpdateRefs", Time since last: 141436659 ns, Reaching safepoint: 140106 ns, At safepoint: 257898 ns, Total: 398004 ns
[0.826s][info][gc       ] GC(0) Concurrent cleanup 2906M->2795M(2910M) 0.148ms
[0.827s][info][gc       ] Trigger: Learning 2 of 5. Free (3234M) is below initial threshold (4450M)
[0.830s][info][gc       ] GC(1) Concurrent reset 2.845ms
[0.830s][info][gc       ] GC(1) Pause Init Mark (unload classes) 0.081ms
[0.830s][info][safepoint] Safepoint "ShenandoahInitMark", Time since last: 4519678 ns, Reaching safepoint: 107362 ns, At safepoint: 240960 ns, Total: 348322 ns
[0.831s][info][gc       ] GC(1) Concurrent marking roots 0.193ms
[1.167s][info][gc       ] GC(1) Concurrent marking (unload classes) 335.834ms
[1.168s][info][gc       ] GC(1) Pause Final Mark (unload classes) 0.578ms
[1.168s][info][safepoint] Safepoint "ShenandoahFinalMarkStartEvac", Time since last: 336659936 ns, Reaching safepoint: 117524 ns, At safepoint: 824806 ns, Total: 942330 ns
[1.169s][info][gc       ] GC(1) Concurrent weak references 0.120ms
[1.169s][info][gc       ] GC(1) Concurrent weak roots 0.359ms
[1.170s][info][gc       ] GC(1) Concurrent cleanup 4047M->3959M(4052M) 0.157ms
[1.170s][info][gc       ] GC(1) Concurrent class unloading 0.529ms
[1.171s][info][gc       ] GC(1) Pause Final Roots 0.002ms
[1.171s][info][safepoint] Safepoint "ShenandoahFinalRoots", Time since last: 2362265 ns, Reaching safepoint: 126878 ns, At safepoint: 175360 ns, Total: 302238 ns
[1.172s][info][gc       ] Trigger: Learning 3 of 5. Free (2065M) is below initial threshold (4450M)
[1.178s][info][gc       ] GC(2) Concurrent reset 5.179ms
[1.178s][info][gc       ] GC(2) Pause Init Mark (unload classes) 0.106ms
[1.178s][info][safepoint] Safepoint "ShenandoahInitMark", Time since last: 7209546 ns, Reaching safepoint: 152488 ns, At safepoint: 359532 ns, Total: 512020 ns
[1.179s][info][gc       ] GC(2) Concurrent marking roots 0.182ms
[1.632s][info][gc       ] Failed to allocate TLAB, 706K
[1.632s][info][gc       ] Cancelling GC: Allocation Failure
[1.633s][info][gc       ] GC(2) Concurrent marking (unload classes) 453.604ms
[1.634s][info][gc       ] Trigger: Handle Allocation Failure
[1.660s][info][gc       ] GC(3) Pause Degenerated GC (Mark) 6036M->5957M(6040M) 25.457ms
[1.661s][info][safepoint] Safepoint "ShenandoahDegeneratedGC", Time since last: 456111577 ns, Reaching safepoint: 45941 ns, At safepoint: 26042294 ns, Total: 26088235 ns
[1.663s][info][gc       ] Trigger: Free (70266K) is below minimum threshold (635M)
[1.671s][info][gc       ] GC(4) Concurrent reset 7.111ms
[1.672s][info][gc       ] GC(4) Pause Init Mark (unload classes) 0.129ms
[1.672s][info][safepoint] Safepoint "ShenandoahInitMark", Time since last: 10619037 ns, Reaching safepoint: 272850 ns, At safepoint: 411155 ns, Total: 684005 ns
[1.672s][info][gc       ] GC(4) Concurrent marking roots 0.285ms
[2.161s][info][gc       ] Failed to allocate TLAB, 27880B
[2.161s][info][gc       ] Cancelling GC: Allocation Failure
[2.161s][info][gc       ] GC(4) Concurrent marking (unload classes) 488.735ms
[2.163s][info][gc       ] Trigger: Handle Allocation Failure
[2.319s][info][gc       ] GC(5) Pause Degenerated GC (Mark) 6037M->5918M(6040M) 155.277ms
[2.320s][info][safepoint] Safepoint "ShenandoahDegeneratedGC", Time since last: 491706492 ns, Reaching safepoint: 52224 ns, At safepoint: 155856820 ns, Total: 155909044 ns
[2.321s][info][gc       ] Trigger: Free (113M) is below minimum threshold (635M)
[2.344s][info][gc       ] GC(6) Concurrent reset 9.760ms
[2.345s][info][gc       ] GC(6) Pause Init Mark (unload classes) 0.150ms
[2.345s][info][safepoint] Safepoint "ShenandoahInitMark", Time since last: 24984613 ns, Reaching safepoint: 186576 ns, At safepoint: 489794 ns, Total: 676370 ns
[2.346s][info][gc       ] GC(6) Concurrent marking roots 0.232ms
[2.369s][info][gc       ] Failed to allocate TLAB, 2048K
[2.369s][info][gc       ] Cancelling GC: Allocation Failure
[2.369s][info][gc       ] GC(6) Concurrent marking (unload classes) 23.152ms
[2.371s][info][gc       ] Trigger: Handle Allocation Failure
[3.178s][info][gc       ] GC(7) Cancelling GC: Upgrade To Full GC
[4.984s][info][gc       ] GC(7) Pause Degenerated GC (Mark) 6038M->6025M(6358M) 2612.488ms
[4.984s][info][safepoint] Safepoint "ShenandoahDegeneratedGC", Time since last: 25739558 ns, Reaching safepoint: 40217 ns, At safepoint: 2612986725 ns, Total: 2613026942 ns
[4.986s][info][gc       ] Trigger: Free (6360K) is below minimum threshold (635M)
[4.987s][info][gc       ] Failed to allocate TLAB, 37000B
[4.987s][info][gc       ] GC(8) Concurrent reset 0.313ms
[4.987s][info][gc       ] Cancelling GC: Allocation Failure
[4.988s][info][gc       ] GC(8) Pause Init Mark (unload classes) 0.093ms
[4.988s][info][safepoint] Safepoint "ShenandoahInitMark", Time since last: 3408027 ns, Reaching safepoint: 443284 ns, At safepoint: 330348 ns, Total: 773632 ns
[4.989s][info][gc       ] GC(8) Concurrent marking roots 0.183ms
[4.990s][info][gc       ] Trigger: Handle Allocation Failure
[5.718s][info][gc       ] GC(9) Cancelling GC: Upgrade To Full GC
[7.476s][info][gc       ] GC(9) Pause Degenerated GC (Outside of Cycle) 6038M->6038M(6358M) 2484.885ms
[7.476s][info][safepoint] Safepoint "ShenandoahDegeneratedGC", Time since last: 2388512 ns, Reaching safepoint: 115198 ns, At safepoint: 2485234043 ns, Total: 2485349241 ns
[7.477s][info][gc       ] Failed to allocate TLAB, 2728B
[7.478s][info][gc       ] Cancelling GC: Allocation Failure
[7.478s][info][gc       ] Trigger: Handle Allocation Failure
[9.271s][info][gc       ] GC(10) Pause Full 6042M->6041M(6358M) 1792.778ms
[9.271s][info][safepoint] Safepoint "ShenandoahFullGC", Time since last: 2117799 ns, Reaching safepoint: 123845 ns, At safepoint: 1793114305 ns, Total: 1793238150 ns
[9.272s][info][gc       ] Failed to allocate TLAB, 69640B
[9.272s][info][gc       ] Cancelling GC: Allocation Failure
[9.274s][info][gc       ] Trigger: Handle Allocation Failure
[10.033s][info][gc       ] GC(11) Cancelling GC: Upgrade To Full GC
[11.849s][info][gc       ] GC(11) Pause Degenerated GC (Outside of Cycle) 6042M->6042M(6358M) 2574.693ms
[11.849s][info][safepoint] Safepoint "ShenandoahDegeneratedGC", Time since last: 2825073 ns, Reaching safepoint: 89959 ns, At safepoint: 2575176538 ns, Total: 2575266497 ns
[11.850s][info][gc       ] Failed to allocate TLAB, 2728B
[11.850s][info][gc       ] Cancelling GC: Allocation Failure
[11.851s][info][gc       ] Trigger: Handle Allocation Failure
[12.602s][info][gc       ] GC(12) Cancelling GC: Upgrade To Full GC
[14.410s][info][gc       ] GC(12) Pause Degenerated GC (Outside of Cycle) 6042M->6042M(6358M) 2558.859ms
[14.411s][info][safepoint] Safepoint "ShenandoahDegeneratedGC", Time since last: 1937978 ns, Reaching safepoint: 86236 ns, At safepoint: 2559324441 ns, Total: 2559410677 ns
[14.411s][info][gc       ] Failed to allocate TLAB, 2640B
[14.412s][info][gc       ] Cancelling GC: Allocation Failure
[14.412s][info][gc       ] Trigger: Handle Allocation Failure
[15.160s][info][gc       ] GC(13) Cancelling GC: Upgrade To Full GC
[16.999s][info][gc       ] GC(13) Pause Degenerated GC (Outside of Cycle) 6044M->6043M(6358M) 2586.483ms
[17.000s][info][safepoint] Safepoint "ShenandoahDegeneratedGC", Time since last: 1796824 ns, Reaching safepoint: 131347 ns, At safepoint: 2586968862 ns, Total: 2587100209 ns
[17.000s][info][gc       ] Failed to allocate TLAB, 2728B
[17.001s][info][gc       ] Cancelling GC: Allocation Failure
[17.001s][info][gc       ] Trigger: Handle Allocation Failure
[17.743s][info][gc       ] GC(14) Cancelling GC: Upgrade To Full GC
[19.544s][info][gc       ] GC(14) Pause Degenerated GC (Outside of Cycle) 6044M->6044M(6358M) 2542.162ms
[19.545s][info][safepoint] Safepoint "ShenandoahDegeneratedGC", Time since last: 2437086 ns, Reaching safepoint: 172894 ns, At safepoint: 2542620764 ns, Total: 2542793658 ns
[19.546s][info][gc       ] Failed to allocate TLAB, 2640B
[19.546s][info][gc       ] Cancelling GC: Allocation Failure
[19.547s][info][gc       ] Trigger: Handle Allocation Failure
[21.297s][info][gc       ] GC(15) Pause Full 6044M->6044M(6358M) 1750.228ms
[21.298s][info][safepoint] Safepoint "ShenandoahFullGC", Time since last: 1991329 ns, Reaching safepoint: 117070 ns, At safepoint: 1750732624 ns, Total: 1750849694 ns
[21.298s][info][gc       ] Failed to allocate TLAB, 2640B
[21.299s][info][gc       ] Cancelling GC: Allocation Failure
[21.300s][info][gc       ] Trigger: Handle Allocation Failure
[22.034s][info][gc       ] GC(16) Cancelling GC: Upgrade To Full GC
[23.842s][info][gc       ] GC(16) Pause Degenerated GC (Outside of Cycle) 6044M->6044M(6358M) 2541.869ms
[23.843s][info][safepoint] Safepoint "ShenandoahDegeneratedGC", Time since last: 2766907 ns, Reaching safepoint: 118487 ns, At safepoint: 2542410955 ns, Total: 2542529442 ns
[23.844s][info][gc       ] Failed to allocate TLAB, 2640B
[23.844s][info][gc       ] Cancelling GC: Allocation Failure
[23.845s][info][gc       ] Trigger: Handle Allocation Failure
[24.573s][info][gc       ] GC(17) Cancelling GC: Upgrade To Full GC
[26.357s][info][gc       ] GC(17) Pause Degenerated GC (Outside of Cycle) 6044M->6044M(6358M) 2511.703ms
[26.357s][info][safepoint] Safepoint "ShenandoahDegeneratedGC", Time since last: 1955381 ns, Reaching safepoint: 114751 ns, At safepoint: 2512203536 ns, Total: 2512318287 ns
[26.358s][info][gc       ] Failed to allocate TLAB, 2640B
[26.358s][info][gc       ] Cancelling GC: Allocation Failure
[26.359s][info][gc       ] Trigger: Handle Allocation Failure
[27.114s][info][gc       ] GC(18) Cancelling GC: Upgrade To Full GC
[28.937s][info][gc       ] GC(18) Pause Degenerated GC (Outside of Cycle) 6044M->6044M(6358M) 2577.209ms
[28.937s][info][safepoint] Safepoint "ShenandoahDegeneratedGC", Time since last: 2200629 ns, Reaching safepoint: 147178 ns, At safepoint: 2577539200 ns, Total: 2577686378 ns
[28.938s][info][gc       ] Failed to allocate TLAB, 2728B
[28.938s][info][gc       ] Cancelling GC: Allocation Failure
[28.938s][info][gc       ] Trigger: Handle Allocation Failure
[29.700s][info][gc       ] GC(19) Cancelling GC: Upgrade To Full GC
[31.534s][info][gc       ] GC(19) Pause Degenerated GC (Outside of Cycle) 6046M->6045M(6358M) 2594.800ms
[31.534s][info][safepoint] Safepoint "ShenandoahDegeneratedGC", Time since last: 1505004 ns, Reaching safepoint: 116207 ns, At safepoint: 2595114454 ns, Total: 2595230661 ns
[31.534s][info][gc       ] Failed to allocate TLAB, 2728B
[31.535s][info][gc       ] Cancelling GC: Allocation Failure
[31.535s][info][gc       ] Trigger: Handle Allocation Failure
[33.280s][info][gc       ] GC(20) Pause Full 6046M->6046M(6358M) 1743.906ms
[33.280s][info][safepoint] Safepoint "ShenandoahFullGC", Time since last: 1703302 ns, Reaching safepoint: 142878 ns, At safepoint: 1744531690 ns, Total: 1744674568 ns
[33.281s][info][gc       ] Failed to allocate TLAB, 7104B
[33.282s][info][gc       ] Cancelling GC: Allocation Failure
[33.283s][info][gc       ] Trigger: Handle Allocation Failure
[34.004s][info][gc       ] GC(21) Cancelling GC: Upgrade To Full GC
[35.809s][info][gc       ] GC(21) Pause Degenerated GC (Outside of Cycle) 6046M->6046M(6358M) 2525.367ms
[35.809s][info][safepoint] Safepoint "ShenandoahDegeneratedGC", Time since last: 3272799 ns, Reaching safepoint: 83809 ns, At safepoint: 2525741541 ns, Total: 2525825350 ns
[35.810s][info][gc       ] Failed to allocate TLAB, 2728B
[35.811s][info][gc       ] Cancelling GC: Allocation Failure
[35.811s][info][gc       ] Trigger: Handle Allocation Failure
[36.558s][info][gc       ] GC(22) Cancelling GC: Upgrade To Full GC
[38.381s][info][gc       ] GC(22) Pause Degenerated GC (Outside of Cycle) 6048M->6047M(6358M) 2569.626ms
[38.381s][info][safepoint] Safepoint "ShenandoahDegeneratedGC", Time since last: 1752821 ns, Reaching safepoint: 113945 ns, At safepoint: 2570000188 ns, Total: 2570114133 ns
[38.382s][info][gc       ] Failed to allocate TLAB, 2648B
[38.382s][info][gc       ] Cancelling GC: Allocation Failure
[38.383s][info][gc       ] Trigger: Handle Allocation Failure
[39.401s][info][gc       ] GC(23) Cancelling GC: Upgrade To Full GC
[41.472s][info][gc       ] GC(23) Pause Degenerated GC (Outside of Cycle) 6048M->6048M(6358M) 3088.700ms
[41.472s][info][safepoint] Safepoint "ShenandoahDegeneratedGC", Time since last: 1675757 ns, Reaching safepoint: 69506 ns, At safepoint: 3088963367 ns, Total: 3089032873 ns
[41.472s][info][gc       ] Failed to allocate TLAB, 2728B
[41.472s][info][gc       ] Cancelling GC: Allocation Failure
[41.473s][info][gc       ] Trigger: Handle Allocation Failure
[42.406s][info][gc       ] GC(24) Cancelling GC: Upgrade To Full GC
[44.337s][info][gc       ] GC(24) Pause Degenerated GC (Outside of Cycle) 6048M->6048M(6358M) 2863.244ms
[44.337s][info][safepoint] Safepoint "ShenandoahDegeneratedGC", Time since last: 1604301 ns, Reaching safepoint: 50743 ns, At safepoint: 2863674401 ns, Total: 2863725144 ns
[44.338s][info][gc       ] Failed to allocate TLAB, 2728B
[44.338s][info][gc       ] Cancelling GC: Allocation Failure
[44.339s][info][gc       ] Trigger: Handle Allocation Failure
[46.197s][info][gc       ] GC(25) Pause Full 6048M->6048M(6358M) 1857.914ms
[46.197s][info][safepoint] Safepoint "ShenandoahFullGC", Time since last: 1653468 ns, Reaching safepoint: 95455 ns, At safepoint: 1858202437 ns, Total: 1858297892 ns
[46.197s][info][gc       ] Failed to allocate TLAB, 2640B
[46.198s][info][gc       ] Cancelling GC: Allocation Failure
[46.200s][info][gc       ] Trigger: Handle Allocation Failure
[46.985s][info][gc       ] GC(26) Cancelling GC: Upgrade To Full GC
[48.844s][info][gc       ] GC(26) Pause Degenerated GC (Outside of Cycle) 6048M->6048M(6358M) 2643.954ms
[48.844s][info][safepoint] Safepoint "ShenandoahDegeneratedGC", Time since last: 2448665 ns, Reaching safepoint: 57606 ns, At safepoint: 2644256715 ns, Total: 2644314321 ns
[48.844s][info][gc       ] Failed to allocate Shared, 1040B
[48.845s][info][gc       ] Cancelling GC: Allocation Failure
[48.845s][info][gc       ] Trigger: Handle Allocation Failure
[49.639s][info][gc       ] GC(27) Cancelling GC: Upgrade To Full GC
[51.484s][info][gc       ] GC(27) Pause Degenerated GC (Outside of Cycle) 6048M->6048M(6358M) 2638.269ms
[51.485s][info][safepoint] Safepoint "ShenandoahDegeneratedGC", Time since last: 1623587 ns, Reaching safepoint: 126038 ns, At safepoint: 2638940425 ns, Total: 2639066463 ns
[51.485s][info][gc       ] Failed to allocate TLAB, 2728B
[51.486s][info][gc       ] Cancelling GC: Allocation Failure
[51.486s][info][gc       ] Trigger: Handle Allocation Failure
[52.258s][info][gc       ] GC(28) Cancelling GC: Upgrade To Full GC
[54.105s][info][gc       ] GC(28) Pause Degenerated GC (Outside of Cycle) 6048M->6048M(6358M) 2617.982ms
[54.105s][info][safepoint] Safepoint "ShenandoahDegeneratedGC", Time since last: 1835853 ns, Reaching safepoint: 62922 ns, At safepoint: 2618216669 ns, Total: 2618279591 ns
[54.106s][info][gc       ] Failed to allocate TLAB, 2640B
[54.106s][info][gc       ] Cancelling GC: Allocation Failure
[54.106s][info][gc       ] Trigger: Handle Allocation Failure
[54.918s][info][gc       ] GC(29) Cancelling GC: Upgrade To Full GC
[56.697s][info][gc       ] GC(29) Pause Degenerated GC (Outside of Cycle) 6050M->6049M(6358M) 2591.073ms
[56.698s][info][safepoint] Safepoint "ShenandoahDegeneratedGC", Time since last: 1389001 ns, Reaching safepoint: 73896 ns, At safepoint: 2591591902 ns, Total: 2591665798 ns
[56.699s][info][gc       ] Failed to allocate TLAB, 2728B
[56.699s][info][gc       ] Cancelling GC: Allocation Failure
[56.700s][info][gc       ] Trigger: Handle Allocation Failure
[58.464s][info][gc       ] GC(30) Pause Full 6050M->6050M(6358M) 1764.312ms
[58.465s][info][safepoint] Safepoint "ShenandoahFullGC", Time since last: 2035913 ns, Reaching safepoint: 150971 ns, At safepoint: 1764779372 ns, Total: 1764930343 ns
[58.466s][info][gc       ] Failed to allocate TLAB, 6872B
[58.466s][info][gc       ] Cancelling GC: Allocation Failure
[58.468s][info][gc       ] Trigger: Handle Allocation Failure
[59.221s][info][gc       ] GC(31) Cancelling GC: Upgrade To Full GC
[61.000s][info][gc       ] GC(31) Pause Degenerated GC (Outside of Cycle) 6050M->6050M(6358M) 2532.355ms
[61.001s][info][safepoint] Safepoint "ShenandoahDegeneratedGC", Time since last: 2827584 ns, Reaching safepoint: 104597 ns, At safepoint: 2532746936 ns, Total: 2532851533 ns
[61.001s][info][gc       ] Failed to allocate TLAB, 2640B
[61.001s][info][gc       ] Cancelling GC: Allocation Failure
[61.002s][info][gc       ] Trigger: Handle Allocation Failure
[61.756s][info][gc       ] GC(32) Cancelling GC: Upgrade To Full GC
[63.568s][info][gc       ] GC(32) Pause Degenerated GC (Outside of Cycle) 6050M->6050M(6358M) 2565.525ms
[63.568s][info][safepoint] Safepoint "ShenandoahDegeneratedGC", Time since last: 1802606 ns, Reaching safepoint: 71980 ns, At safepoint: 2565981058 ns, Total: 2566053038 ns
[63.569s][info][gc       ] Failed to allocate TLAB, 2640B
[63.569s][info][gc       ] Cancelling GC: Allocation Failure
[63.570s][info][gc       ] Trigger: Handle Allocation Failure
[64.305s][info][gc       ] GC(33) Cancelling GC: Upgrade To Full GC
[66.098s][info][gc       ] GC(33) Pause Degenerated GC (Outside of Cycle) 6050M->6050M(6358M) 2527.510ms
[66.098s][info][safepoint] Safepoint "ShenandoahDegeneratedGC", Time since last: 1843497 ns, Reaching safepoint: 114949 ns, At safepoint: 2527892304 ns, Total: 2528007253 ns
[66.099s][info][gc       ] Failed to allocate TLAB, 2640B
[66.099s][info][gc       ] Cancelling GC: Allocation Failure
[66.100s][info][gc       ] Trigger: Handle Allocation Failure
[66.843s][info][gc       ] GC(34) Cancelling GC: Upgrade To Full GC
[68.645s][info][gc       ] GC(34) Pause Degenerated GC (Outside of Cycle) 6050M->6050M(6358M) 2544.565ms
[68.645s][info][safepoint] Safepoint "ShenandoahDegeneratedGC", Time since last: 1799506 ns, Reaching safepoint: 144268 ns, At safepoint: 2544833336 ns, Total: 2544977604 ns
[68.645s][info][gc       ] Failed to allocate TLAB, 2648B
[68.646s][info][gc       ] Cancelling GC: Allocation Failure
[68.646s][info][gc       ] Trigger: Handle Allocation Failure
[70.418s][info][gc       ] GC(35) Pause Full 6050M->6050M(6358M) 1771.237ms
[70.418s][info][safepoint] Safepoint "ShenandoahFullGC", Time since last: 1474506 ns, Reaching safepoint: 62305 ns, At safepoint: 1771550310 ns, Total: 1771612615 ns
[70.418s][info][gc       ] Failed to allocate TLAB, 2728B
[70.419s][info][gc       ] Cancelling GC: Allocation Failure
[70.420s][info][gc       ] Trigger: Handle Allocation Failure
[71.191s][info][gc       ] GC(36) Cancelling GC: Upgrade To Full GC
[72.987s][info][gc       ] GC(36) Pause Degenerated GC (Outside of Cycle) 6050M->6050M(6358M) 2566.097ms
[72.987s][info][safepoint] Safepoint "ShenandoahDegeneratedGC", Time since last: 2452480 ns, Reaching safepoint: 48775 ns, At safepoint: 2566529242 ns, Total: 2566578017 ns
[72.988s][info][gc       ] Failed to allocate TLAB, 2728B
[72.988s][info][gc       ] Cancelling GC: Allocation Failure
[72.989s][info][gc       ] Trigger: Handle Allocation Failure
[73.723s][info][gc       ] GC(37) Cancelling GC: Upgrade To Full GC
[75.534s][info][gc       ] GC(37) Pause Degenerated GC (Outside of Cycle) 6052M->6051M(6358M) 2545.318ms
[75.535s][info][safepoint] Safepoint "ShenandoahDegeneratedGC", Time since last: 1740211 ns, Reaching safepoint: 105600 ns, At safepoint: 2545775798 ns, Total: 2545881398 ns
[75.535s][info][gc       ] Failed to allocate TLAB, 2640B
[75.535s][info][gc       ] Cancelling GC: Allocation Failure
[75.536s][info][gc       ] Trigger: Handle Allocation Failure
[76.297s][info][gc       ] GC(38) Cancelling GC: Upgrade To Full GC
[78.135s][info][gc       ] GC(38) Pause Degenerated GC (Outside of Cycle) 6052M->6052M(6358M) 2598.233ms
[78.135s][info][safepoint] Safepoint "ShenandoahDegeneratedGC", Time since last: 1540918 ns, Reaching safepoint: 46978 ns, At safepoint: 2598702034 ns, Total: 2598749012 ns
[78.136s][info][gc       ] Failed to allocate TLAB, 2728B
[78.136s][info][gc       ] Cancelling GC: Allocation Failure
[78.137s][info][gc       ] Trigger: Handle Allocation Failure
[78.858s][info][gc       ] GC(39) Cancelling GC: Upgrade To Full GC
[80.617s][info][gc       ] GC(39) Pause Degenerated GC (Outside of Cycle) 6052M->6052M(6358M) 2479.766ms
[80.617s][info][safepoint] Safepoint "ShenandoahDegeneratedGC", Time since last: 1959252 ns, Reaching safepoint: 61089 ns, At safepoint: 2480333446 ns, Total: 2480394535 ns
[80.618s][info][gc       ] Failed to allocate TLAB, 2728B
[80.618s][info][gc       ] Cancelling GC: Allocation Failure
[80.619s][info][gc       ] Trigger: Handle Allocation Failure
[82.394s][info][gc       ] GC(40) Pause Full 6052M->6052M(6358M) 1774.971ms
[82.395s][info][safepoint] Safepoint "ShenandoahFullGC", Time since last: 1879777 ns, Reaching safepoint: 190416 ns, At safepoint: 1775348787 ns, Total: 1775539203 ns
[82.395s][info][gc       ] Failed to allocate TLAB, 2640B
[82.396s][info][gc       ] Cancelling GC: Allocation Failure
[82.397s][info][gc       ] Trigger: Handle Allocation Failure
[83.165s][info][gc       ] GC(41) Cancelling GC: Upgrade To Full GC
[84.964s][info][gc       ] GC(41) Pause Degenerated GC (Outside of Cycle) 6052M->6052M(6358M) 2565.894ms
[84.964s][info][safepoint] Safepoint "ShenandoahDegeneratedGC", Time since last: 2738377 ns, Reaching safepoint: 159546 ns, At safepoint: 2566389321 ns, Total: 2566548867 ns
[84.965s][info][gc       ] Failed to allocate TLAB, 2640B
[84.965s][info][gc       ] Cancelling GC: Allocation Failure
[84.966s][info][gc       ] Trigger: Handle Allocation Failure
[85.715s][info][gc       ] GC(42) Cancelling GC: Upgrade To Full GC
[87.546s][info][gc       ] GC(42) Pause Degenerated GC (Outside of Cycle) 6052M->6052M(6358M) 2579.740ms
[87.546s][info][safepoint] Safepoint "ShenandoahDegeneratedGC", Time since last: 1607304 ns, Reaching safepoint: 113789 ns, At safepoint: 2580190505 ns, Total: 2580304294 ns
[87.546s][info][gc       ] Failed to allocate TLAB, 2640B
[87.547s][info][gc       ] Cancelling GC: Allocation Failure
[87.548s][info][gc       ] Trigger: Handle Allocation Failure
[88.329s][info][gc       ] GC(43) Cancelling GC: Upgrade To Full GC
[90.140s][info][gc       ] GC(43) Pause Degenerated GC (Outside of Cycle) 6052M->6052M(6358M) 2591.640ms
[90.140s][info][safepoint] Safepoint "ShenandoahDegeneratedGC", Time since last: 1903725 ns, Reaching safepoint: 48929 ns, At safepoint: 2592141923 ns, Total: 2592190852 ns
[90.141s][info][gc       ] Failed to allocate TLAB, 2640B
[90.141s][info][gc       ] Cancelling GC: Allocation Failure
[90.142s][info][gc       ] Trigger: Handle Allocation Failure
[90.881s][info][gc       ] GC(44) Cancelling GC: Upgrade To Full GC
[92.698s][info][gc       ] GC(44) Pause Degenerated GC (Outside of Cycle) 6052M->6052M(6358M) 2555.715ms
[92.698s][info][safepoint] Safepoint "ShenandoahDegeneratedGC", Time since last: 1965736 ns, Reaching safepoint: 115845 ns, At safepoint: 2556266585 ns, Total: 2556382430 ns
[92.699s][info][gc       ] Failed to allocate TLAB, 2640B
[92.699s][info][gc       ] Cancelling GC: Allocation Failure
[92.700s][info][gc       ] Trigger: Handle Allocation Failure
[94.467s][info][gc       ] GC(45) Pause Full 6052M->6052M(6358M) 1766.774ms
[94.468s][info][safepoint] Safepoint "ShenandoahFullGC", Time since last: 1644364 ns, Reaching safepoint: 124334 ns, At safepoint: 1767339861 ns, Total: 1767464195 ns
[94.468s][info][gc       ] Failed to allocate TLAB, 2728B
[94.469s][info][gc       ] Cancelling GC: Allocation Failure
[94.470s][info][gc       ] Trigger: Handle Allocation Failure
[95.252s][info][gc       ] GC(46) Cancelling GC: Upgrade To Full GC
[97.068s][info][gc       ] GC(46) Pause Degenerated GC (Outside of Cycle) 6052M->6052M(6358M) 2596.587ms
[97.068s][info][safepoint] Safepoint "ShenandoahDegeneratedGC", Time since last: 3269291 ns, Reaching safepoint: 130191 ns, At safepoint: 2597136972 ns, Total: 2597267163 ns
[97.069s][info][gc       ] Failed to allocate TLAB, 2640B
[97.069s][info][gc       ] Cancelling GC: Allocation Failure
[97.070s][info][gc       ] Trigger: Handle Allocation Failure
[97.771s][info][gc       ] GC(47) Cancelling GC: Upgrade To Full GC
[99.572s][info][gc       ] GC(47) Pause Degenerated GC (Outside of Cycle) 6054M->6053M(6358M) 2501.626ms
[99.572s][info][safepoint] Safepoint "ShenandoahDegeneratedGC", Time since last: 2016053 ns, Reaching safepoint: 133668 ns, At safepoint: 2502097255 ns, Total: 2502230923 ns
[99.573s][info][gc       ] Failed to allocate TLAB, 2648B
[99.573s][info][gc       ] Cancelling GC: Allocation Failure
[99.574s][info][gc       ] Trigger: Handle Allocation Failure
[100.344s][info][gc       ] GC(48) Cancelling GC: Upgrade To Full GC
[102.142s][info][gc       ] GC(48) Pause Degenerated GC (Outside of Cycle) 6054M->6054M(6358M) 2567.392ms
[102.142s][info][safepoint] Safepoint "ShenandoahDegeneratedGC", Time since last: 1743003 ns, Reaching safepoint: 54188 ns, At safepoint: 2567795982 ns, Total: 2567850170 ns
[102.143s][info][gc       ] Failed to allocate TLAB, 2640B
[102.143s][info][gc       ] Cancelling GC: Allocation Failure
[102.144s][info][gc       ] Trigger: Handle Allocation Failure
[102.875s][info][gc       ] GC(49) Cancelling GC: Upgrade To Full GC
[105.091s][info][gc       ] GC(49) Pause Degenerated GC (Outside of Cycle) 6054M->6054M(6358M) 2946.861ms
[105.091s][info][safepoint] Safepoint "ShenandoahDegeneratedGC", Time since last: 1988131 ns, Reaching safepoint: 161344 ns, At safepoint: 2947383411 ns, Total: 2947544755 ns
[105.092s][info][gc       ] Failed to allocate TLAB, 2728B
[105.093s][info][gc       ] Cancelling GC: Allocation Failure
[105.093s][info][gc       ] Trigger: Handle Allocation Failure
[106.879s][info][gc       ] GC(50) Pause Full 6054M->6054M(6358M) 1785.607ms
[106.880s][info][safepoint] Safepoint "ShenandoahFullGC", Time since last: 2052302 ns, Reaching safepoint: 150340 ns, At safepoint: 1786212729 ns, Total: 1786363069 ns
[106.881s][info][gc       ] Failed to allocate TLAB, 2728B
[106.881s][info][gc       ] Cancelling GC: Allocation Failure
[106.883s][info][gc       ] Trigger: Handle Allocation Failure
[107.650s][info][gc       ] GC(51) Cancelling GC: Upgrade To Full GC
[109.457s][info][gc       ] GC(51) Pause Degenerated GC (Outside of Cycle) 6054M->6054M(6358M) 2573.872ms
[109.458s][info][safepoint] Safepoint "ShenandoahDegeneratedGC", Time since last: 3477489 ns, Reaching safepoint: 182997 ns, At safepoint: 2574157650 ns, Total: 2574340647 ns
[109.458s][info][gc       ] Failed to allocate TLAB, 2728B
[109.458s][info][gc       ] Cancelling GC: Allocation Failure
[109.459s][info][gc       ] Trigger: Handle Allocation Failure
[110.241s][info][gc       ] GC(52) Cancelling GC: Upgrade To Full GC
[112.091s][info][gc       ] GC(52) Pause Degenerated GC (Outside of Cycle) 6054M->6054M(6358M) 2631.814ms
[112.092s][info][safepoint] Safepoint "ShenandoahDegeneratedGC", Time since last: 1520294 ns, Reaching safepoint: 119719 ns, At safepoint: 2632285022 ns, Total: 2632404741 ns
[112.092s][info][gc       ] Failed to allocate TLAB, 2728B
[112.093s][info][gc       ] Cancelling GC: Allocation Failure
[112.093s][info][gc       ] Trigger: Handle Allocation Failure
[112.800s][info][gc       ] GC(53) Cancelling GC: Upgrade To Full GC
[114.614s][info][gc       ] GC(53) Pause Degenerated GC (Outside of Cycle) 6054M->6054M(6358M) 2519.755ms
[114.614s][info][safepoint] Safepoint "ShenandoahDegeneratedGC", Time since last: 2058112 ns, Reaching safepoint: 106875 ns, At safepoint: 2520337473 ns, Total: 2520444348 ns
[114.615s][info][gc       ] Failed to allocate TLAB, 2728B
[114.615s][info][gc       ] Cancelling GC: Allocation Failure
[114.616s][info][gc       ] Trigger: Handle Allocation Failure
[115.380s][info][gc       ] GC(54) Cancelling GC: Upgrade To Full GC
[117.168s][info][gc       ] GC(54) Pause Degenerated GC (Outside of Cycle) 6054M->6054M(6358M) 2551.282ms
[117.168s][info][safepoint] Safepoint "ShenandoahDegeneratedGC", Time since last: 2135161 ns, Reaching safepoint: 132199 ns, At safepoint: 2551599101 ns, Total: 2551731300 ns
[117.168s][info][gc       ] Failed to allocate TLAB, 2656B
[117.169s][info][gc       ] Cancelling GC: Allocation Failure
[117.169s][info][gc       ] Trigger: Handle Allocation Failure
[118.910s][info][gc       ] GC(55) Pause Full 6054M->6054M(6358M) 1739.698ms
[118.910s][info][safepoint] Safepoint "ShenandoahFullGC", Time since last: 1888399 ns, Reaching safepoint: 107022 ns, At safepoint: 1740116719 ns, Total: 1740223741 ns
[118.911s][info][gc       ] Failed to allocate TLAB, 2728B
[118.911s][info][gc       ] Cancelling GC: Allocation Failure
[118.913s][info][gc       ] Trigger: Handle Allocation Failure
[119.654s][info][gc       ] GC(56) Cancelling GC: Upgrade To Full GC
[121.465s][info][gc       ] GC(56) Pause Degenerated GC (Outside of Cycle) 6054M->6054M(6358M) 2551.214ms
[121.465s][info][safepoint] Safepoint "ShenandoahDegeneratedGC", Time since last: 3140332 ns, Reaching safepoint: 112189 ns, At safepoint: 2551646776 ns, Total: 2551758965 ns
[121.466s][info][gc       ] Failed to allocate TLAB, 2648B
[121.466s][info][gc       ] Cancelling GC: Allocation Failure
[121.466s][info][gc       ] Trigger: Handle Allocation Failure
[122.218s][info][gc       ] GC(57) Cancelling GC: Upgrade To Full GC
[124.010s][info][gc       ] GC(57) Pause Degenerated GC (Outside of Cycle) 6056M->6055M(6358M) 2542.784ms
[124.010s][info][safepoint] Safepoint "ShenandoahDegeneratedGC", Time since last: 1717642 ns, Reaching safepoint: 40170 ns, At safepoint: 2543261206 ns, Total: 2543301376 ns
[124.011s][info][gc       ] Failed to allocate TLAB, 2728B
[124.011s][info][gc       ] Cancelling GC: Allocation Failure
[124.012s][info][gc       ] Trigger: Handle Allocation Failure
[124.784s][info][gc       ] GC(58) Cancelling GC: Upgrade To Full GC
[126.577s][info][gc       ] GC(58) Pause Degenerated GC (Outside of Cycle) 6056M->6056M(6358M) 2564.328ms
[126.577s][info][safepoint] Safepoint "ShenandoahDegeneratedGC", Time since last: 2398449 ns, Reaching safepoint: 129241 ns, At safepoint: 2564827829 ns, Total: 2564957070 ns
[126.578s][info][gc       ] Failed to allocate TLAB, 2640B
[126.578s][info][gc       ] Cancelling GC: Allocation Failure
[126.579s][info][gc       ] Trigger: Handle Allocation Failure
[127.302s][info][gc       ] GC(59) Cancelling GC: Upgrade To Full GC
[129.122s][info][gc       ] GC(59) Pause Degenerated GC (Outside of Cycle) 6056M->6056M(6358M) 2542.778ms
[129.123s][info][safepoint] Safepoint "ShenandoahDegeneratedGC", Time since last: 1989046 ns, Reaching safepoint: 49787 ns, At safepoint: 2543278554 ns, Total: 2543328341 ns
[129.123s][info][gc       ] Failed to allocate TLAB, 2728B
[129.124s][info][gc       ] Cancelling GC: Allocation Failure
[129.124s][info][gc       ] Trigger: Handle Allocation Failure
[130.934s][info][gc       ] GC(60) Pause Full 6056M->6056M(6358M) 1809.172ms
[130.935s][info][safepoint] Safepoint "ShenandoahFullGC", Time since last: 2064421 ns, Reaching safepoint: 118272 ns, At safepoint: 1809701944 ns, Total: 1809820216 ns
[130.935s][info][gc       ] Failed to allocate TLAB, 2728B
[130.935s][info][gc       ] Cancelling GC: Allocation Failure
[130.937s][info][gc       ] Trigger: Handle Allocation Failure
[131.695s][info][gc       ] GC(61) Cancelling GC: Upgrade To Full GC
[133.513s][info][gc       ] GC(61) Pause Degenerated GC (Outside of Cycle) 6056M->6056M(6358M) 2575.538ms
[133.514s][info][safepoint] Safepoint "ShenandoahDegeneratedGC", Time since last: 2942052 ns, Reaching safepoint: 110311 ns, At safepoint: 2576271985 ns, Total: 2576382296 ns
[133.515s][info][gc       ] Failed to allocate TLAB, 2728B
[133.515s][info][gc       ] Cancelling GC: Allocation Failure
[133.516s][info][gc       ] Trigger: Handle Allocation Failure
[134.270s][info][gc       ] GC(62) Cancelling GC: Upgrade To Full GC
[136.095s][info][gc       ] GC(62) Pause Degenerated GC (Outside of Cycle) 6058M->6057M(6358M) 2578.913ms
[136.096s][info][safepoint] Safepoint "ShenandoahDegeneratedGC", Time since last: 2462806 ns, Reaching safepoint: 131331 ns, At safepoint: 2579337938 ns, Total: 2579469269 ns
[136.096s][info][gc       ] Failed to allocate TLAB, 2640B
[136.097s][info][gc       ] Cancelling GC: Allocation Failure
[136.097s][info][gc       ] Trigger: Handle Allocation Failure
[136.858s][info][gc       ] GC(63) Cancelling GC: Upgrade To Full GC
[138.655s][info][gc       ] GC(63) Pause Degenerated GC (Outside of Cycle) 6058M->6058M(6358M) 2556.976ms
[138.655s][info][safepoint] Safepoint "ShenandoahDegeneratedGC", Time since last: 1743711 ns, Reaching safepoint: 117444 ns, At safepoint: 2557508104 ns, Total: 2557625548 ns
[138.656s][info][gc       ] Failed to allocate TLAB, 2728B
[138.656s][info][gc       ] Cancelling GC: Allocation Failure
[138.657s][info][gc       ] Trigger: Handle Allocation Failure
[139.408s][info][gc       ] GC(64) Cancelling GC: Upgrade To Full GC
[141.216s][info][gc       ] GC(64) Pause Degenerated GC (Outside of Cycle) 6058M->6058M(6358M) 2558.683ms
[141.216s][info][safepoint] Safepoint "ShenandoahDegeneratedGC", Time since last: 2170157 ns, Reaching safepoint: 116138 ns, At safepoint: 2558969400 ns, Total: 2559085538 ns
[141.217s][info][gc       ] Failed to allocate TLAB, 2728B
[141.217s][info][gc       ] Cancelling GC: Allocation Failure
[141.218s][info][gc       ] Trigger: Handle Allocation Failure
[142.977s][info][gc       ] GC(65) Pause Full 6058M->6058M(6358M) 1759.054ms
[142.978s][info][safepoint] Safepoint "ShenandoahFullGC", Time since last: 1560184 ns, Reaching safepoint: 47800 ns, At safepoint: 1759464376 ns, Total: 1759512176 ns
[142.978s][info][gc       ] Failed to allocate TLAB, 2648B
[142.979s][info][gc       ] Cancelling GC: Allocation Failure
[142.980s][info][gc       ] Trigger: Handle Allocation Failure
[143.703s][info][gc       ] GC(66) Cancelling GC: Upgrade To Full GC
[145.481s][info][gc       ] GC(66) Pause Degenerated GC (Outside of Cycle) 6058M->6058M(6358M) 2500.404ms
[145.481s][info][safepoint] Safepoint "ShenandoahDegeneratedGC", Time since last: 2797414 ns, Reaching safepoint: 66447 ns, At safepoint: 2500869118 ns, Total: 2500935565 ns
[145.482s][info][gc       ] Failed to allocate TLAB, 2728B
[145.482s][info][gc       ] Cancelling GC: Allocation Failure
[145.483s][info][gc       ] Trigger: Handle Allocation Failure
[146.232s][info][gc       ] GC(67) Cancelling GC: Upgrade To Full GC
[148.021s][info][gc       ] GC(67) Pause Degenerated GC (Outside of Cycle) 6058M->6058M(6358M) 2537.900ms
[148.021s][info][safepoint] Safepoint "ShenandoahDegeneratedGC", Time since last: 1599402 ns, Reaching safepoint: 35673 ns, At safepoint: 2538476051 ns, Total: 2538511724 ns
[148.022s][info][gc       ] Failed to allocate TLAB, 2648B
[148.022s][info][gc       ] Cancelling GC: Allocation Failure
[148.023s][info][gc       ] Trigger: Handle Allocation Failure
[148.776s][info][gc       ] GC(68) Cancelling GC: Upgrade To Full GC
[150.583s][info][gc       ] GC(68) Pause Degenerated GC (Outside of Cycle) 6058M->6058M(6358M) 2559.558ms
[150.584s][info][safepoint] Safepoint "ShenandoahDegeneratedGC", Time since last: 2032414 ns, Reaching safepoint: 170857 ns, At safepoint: 2560211668 ns, Total: 2560382525 ns
[150.585s][info][gc       ] Failed to allocate TLAB, 2728B
[150.585s][info][gc       ] Cancelling GC: Allocation Failure
[150.586s][info][gc       ] Trigger: Handle Allocation Failure
[151.322s][info][gc       ] GC(69) Cancelling GC: Upgrade To Full GC
[153.108s][info][gc       ] GC(69) Pause Degenerated GC (Outside of Cycle) 6060M->6059M(6358M) 2522.022ms
[153.109s][info][safepoint] Safepoint "ShenandoahDegeneratedGC", Time since last: 2298637 ns, Reaching safepoint: 51161 ns, At safepoint: 2522460039 ns, Total: 2522511200 ns
[153.109s][info][gc       ] Failed to allocate TLAB, 2728B
[153.110s][info][gc       ] Cancelling GC: Allocation Failure
[153.110s][info][gc       ] Trigger: Handle Allocation Failure
[154.877s][info][gc       ] GC(70) Pause Full 6060M->6060M(6358M) 1765.904ms
[154.877s][info][safepoint] Safepoint "ShenandoahFullGC", Time since last: 2171349 ns, Reaching safepoint: 38831 ns, At safepoint: 1766451096 ns, Total: 1766489927 ns
[154.878s][info][gc       ] Failed to allocate TLAB, 6784B
[154.878s][info][gc       ] Cancelling GC: Allocation Failure
[154.880s][info][gc       ] Trigger: Handle Allocation Failure
[155.631s][info][gc       ] GC(71) Cancelling GC: Upgrade To Full GC
[157.450s][info][gc       ] GC(71) Pause Degenerated GC (Outside of Cycle) 6060M->6060M(6358M) 2569.555ms
[157.450s][info][safepoint] Safepoint "ShenandoahDegeneratedGC", Time since last: 3053542 ns, Reaching safepoint: 108802 ns, At safepoint: 2569918251 ns, Total: 2570027053 ns
[157.451s][info][gc       ] Failed to allocate TLAB, 2640B
[157.451s][info][gc       ] Cancelling GC: Allocation Failure
[157.452s][info][gc       ] Trigger: Handle Allocation Failure
[158.202s][info][gc       ] GC(72) Cancelling GC: Upgrade To Full GC
[160.096s][info][gc       ] GC(72) Pause Degenerated GC (Outside of Cycle) 6060M->6060M(6358M) 2643.313ms
[160.096s][info][safepoint] Safepoint "ShenandoahDegeneratedGC", Time since last: 1965876 ns, Reaching safepoint: 45172 ns, At safepoint: 2643631695 ns, Total: 2643676867 ns
[160.096s][info][gc       ] Failed to allocate TLAB, 2728B
[160.097s][info][gc       ] Trigger: Handle Allocation Failure
[160.098s][info][gc       ] Cancelling GC: Allocation Failure
[161.079s][info][gc       ] GC(73) Cancelling GC: Upgrade To Full GC
[162.967s][info][gc       ] GC(73) Pause Degenerated GC (Outside of Cycle) 6060M->6060M(6358M) 2867.687ms
[162.967s][info][safepoint] Safepoint "ShenandoahDegeneratedGC", Time since last: 2490513 ns, Reaching safepoint: 461936 ns, At safepoint: 2868020636 ns, Total: 2868482572 ns
[162.967s][info][gc       ] Failed to allocate TLAB, 2728B
[162.968s][info][gc       ] Cancelling GC: Allocation Failure
[162.969s][info][gc       ] Trigger: Handle Allocation Failure
[163.760s][info][gc       ] GC(74) Cancelling GC: Upgrade To Full GC
[165.647s][info][gc       ] GC(74) Pause Degenerated GC (Outside of Cycle) 6060M->6060M(6358M) 2677.786ms
[165.647s][info][safepoint] Safepoint "ShenandoahDegeneratedGC", Time since last: 1772070 ns, Reaching safepoint: 83809 ns, At safepoint: 2678138185 ns, Total: 2678221994 ns
[165.647s][info][gc       ] Failed to allocate TLAB, 2680B
[165.648s][info][gc       ] Cancelling GC: Allocation Failure
[165.648s][info][gc       ] Trigger: Handle Allocation Failure
[167.425s][info][gc       ] GC(75) Pause Full 6060M->6060M(6358M) 1776.078ms
[167.425s][info][safepoint] Safepoint "ShenandoahFullGC", Time since last: 1773865 ns, Reaching safepoint: 52388 ns, At safepoint: 1776505757 ns, Total: 1776558145 ns
[167.426s][info][gc       ] Failed to allocate TLAB, 2640B
[167.426s][info][gc       ] Cancelling GC: Allocation Failure
[167.428s][info][gc       ] Trigger: Handle Allocation Failure
[168.186s][info][gc       ] GC(76) Cancelling GC: Upgrade To Full GC
[169.980s][info][gc       ] GC(76) Pause Degenerated GC (Outside of Cycle) 6060M->6060M(6358M) 2551.746ms
[169.981s][info][safepoint] Safepoint "ShenandoahDegeneratedGC", Time since last: 2920042 ns, Reaching safepoint: 114675 ns, At safepoint: 2552272698 ns, Total: 2552387373 ns
[169.982s][info][gc       ] Failed to allocate TLAB, 2640B
[169.982s][info][gc       ] Cancelling GC: Allocation Failure
[169.982s][info][gc       ] Trigger: Handle Allocation Failure
[170.707s][info][gc       ] GC(77) Cancelling GC: Upgrade To Full GC
[172.497s][info][gc       ] GC(77) Pause Degenerated GC (Outside of Cycle) 6062M->6061M(6358M) 2514.326ms
[172.498s][info][safepoint] Safepoint "ShenandoahDegeneratedGC", Time since last: 2271895 ns, Reaching safepoint: 209510 ns, At safepoint: 2514874341 ns, Total: 2515083851 ns
[172.499s][info][gc       ] Failed to allocate TLAB, 2648B
[172.499s][info][gc       ] Cancelling GC: Allocation Failure
[172.500s][info][gc       ] Trigger: Handle Allocation Failure
[173.236s][info][gc       ] GC(78) Cancelling GC: Upgrade To Full GC
[175.025s][info][gc       ] GC(78) Pause Degenerated GC (Outside of Cycle) 6062M->6062M(6358M) 2525.505ms
[175.026s][info][safepoint] Safepoint "ShenandoahDegeneratedGC", Time since last: 1894429 ns, Reaching safepoint: 105602 ns, At safepoint: 2525972993 ns, Total: 2526078595 ns
[175.027s][info][gc       ] Failed to allocate TLAB, 2728B
[175.027s][info][gc       ] Cancelling GC: Allocation Failure
[175.028s][info][gc       ] Trigger: Handle Allocation Failure
[175.783s][info][gc       ] GC(79) Cancelling GC: Upgrade To Full GC
[177.571s][info][gc       ] GC(79) Pause Degenerated GC (Outside of Cycle) 6062M->6062M(6358M) 2543.026ms
[177.572s][info][safepoint] Safepoint "ShenandoahDegeneratedGC", Time since last: 2184413 ns, Reaching safepoint: 134617 ns, At safepoint: 2543586306 ns, Total: 2543720923 ns
[177.572s][info][gc       ] Failed to allocate TLAB, 2728B
[177.573s][info][gc       ] Cancelling GC: Allocation Failure
[177.574s][info][gc       ] Trigger: Handle Allocation Failure
[179.359s][info][gc       ] GC(80) Pause Full 6062M->6062M(6358M) 1785.398ms
[179.360s][info][safepoint] Safepoint "ShenandoahFullGC", Time since last: 2025948 ns, Reaching safepoint: 205635 ns, At safepoint: 1785903314 ns, Total: 1786108949 ns
[179.361s][info][gc       ] Failed to allocate TLAB, 2728B
[179.361s][info][gc       ] Cancelling GC: Allocation Failure
[179.363s][info][gc       ] Trigger: Handle Allocation Failure
[180.097s][info][gc       ] GC(81) Cancelling GC: Upgrade To Full GC
[181.840s][info][gc       ] GC(81) Pause Degenerated GC (Outside of Cycle) 6062M->6062M(6358M) 2477.349ms
[181.841s][info][safepoint] Safepoint "ShenandoahDegeneratedGC", Time since last: 2817938 ns, Reaching safepoint: 38809 ns, At safepoint: 2477937519 ns, Total: 2477976328 ns
[181.841s][info][gc       ] Failed to allocate TLAB, 2728B
[181.842s][info][gc       ] Cancelling GC: Allocation Failure
[181.842s][info][gc       ] Trigger: Handle Allocation Failure
[182.608s][info][gc       ] GC(82) Cancelling GC: Upgrade To Full GC
[184.383s][info][gc       ] GC(82) Pause Degenerated GC (Outside of Cycle) 6062M->6062M(6358M) 2540.028ms
[184.384s][info][safepoint] Safepoint "ShenandoahDegeneratedGC", Time since last: 2132424 ns, Reaching safepoint: 106462 ns, At safepoint: 2540709526 ns, Total: 2540815988 ns
[184.384s][info][gc       ] Failed to allocate TLAB, 2656B
[184.385s][info][gc       ] Cancelling GC: Allocation Failure
[184.385s][info][gc       ] Trigger: Handle Allocation Failure
[185.120s][info][gc       ] GC(83) Cancelling GC: Upgrade To Full GC
[186.911s][info][gc       ] GC(83) Pause Degenerated GC (Outside of Cycle) 6062M->6062M(6358M) 2524.308ms
[186.911s][info][safepoint] Safepoint "ShenandoahDegeneratedGC", Time since last: 2478046 ns, Reaching safepoint: 128466 ns, At safepoint: 2524822710 ns, Total: 2524951176 ns
[186.912s][info][gc       ] Failed to allocate TLAB, 2728B
[186.912s][info][gc       ] Cancelling GC: Allocation Failure
[186.913s][info][gc       ] Trigger: Handle Allocation Failure
[187.639s][info][gc       ] GC(84) Cancelling GC: Upgrade To Full GC
[189.425s][info][gc       ] GC(84) Pause Degenerated GC (Outside of Cycle) 6064M->6063M(6358M) 2511.748ms
[189.425s][info][safepoint] Safepoint "ShenandoahDegeneratedGC", Time since last: 1885630 ns, Reaching safepoint: 213041 ns, At safepoint: 2512119645 ns, Total: 2512332686 ns
[189.426s][info][gc       ] Failed to allocate TLAB, 2728B
[189.426s][info][gc       ] Cancelling GC: Allocation Failure
[189.427s][info][gc       ] Trigger: Handle Allocation Failure
[191.192s][info][gc       ] GC(85) Pause Full 6064M->6064M(6358M) 1764.638ms
[191.192s][info][safepoint] Safepoint "ShenandoahFullGC", Time since last: 1826253 ns, Reaching safepoint: 45997 ns, At safepoint: 1765103615 ns, Total: 1765149612 ns
[191.193s][info][gc       ] Failed to allocate TLAB, 6696B
[191.193s][info][gc       ] Cancelling GC: Allocation Failure
[191.195s][info][gc       ] Trigger: Handle Allocation Failure
[191.932s][info][gc       ] GC(86) Cancelling GC: Upgrade To Full GC
[193.739s][info][gc       ] GC(86) Pause Degenerated GC (Outside of Cycle) 6064M->6064M(6358M) 2543.546ms
[193.739s][info][safepoint] Safepoint "ShenandoahDegeneratedGC", Time since last: 2723654 ns, Reaching safepoint: 154166 ns, At safepoint: 2544107422 ns, Total: 2544261588 ns
[193.740s][info][gc       ] Failed to allocate TLAB, 2728B
[193.740s][info][gc       ] Cancelling GC: Allocation Failure
[193.741s][info][gc       ] Trigger: Handle Allocation Failure
[194.472s][info][gc       ] GC(87) Cancelling GC: Upgrade To Full GC
[196.255s][info][gc       ] GC(87) Pause Degenerated GC (Outside of Cycle) 6064M->6064M(6358M) 2512.943ms
[196.255s][info][safepoint] Safepoint "ShenandoahDegeneratedGC", Time since last: 2431341 ns, Reaching safepoint: 52178 ns, At safepoint: 2513513840 ns, Total: 2513566018 ns
[196.256s][info][gc       ] Failed to allocate TLAB, 2648B
[196.256s][info][gc       ] Cancelling GC: Allocation Failure
[196.257s][info][gc       ] Trigger: Handle Allocation Failure
[197.014s][info][gc       ] GC(88) Cancelling GC: Upgrade To Full GC
[198.815s][info][gc       ] GC(88) Pause Degenerated GC (Outside of Cycle) 6064M->6064M(6358M) 2557.033ms
[198.815s][info][safepoint] Safepoint "ShenandoahDegeneratedGC", Time since last: 2338309 ns, Reaching safepoint: 117754 ns, At safepoint: 2557436306 ns, Total: 2557554060 ns
[198.816s][info][gc       ] Failed to allocate TLAB, 2648B
[198.816s][info][gc       ] Cancelling GC: Allocation Failure
[198.817s][info][gc       ] Trigger: Handle Allocation Failure
[199.565s][info][gc       ] GC(89) Cancelling GC: Upgrade To Full GC
[201.368s][info][gc       ] GC(89) Pause Degenerated GC (Outside of Cycle) 6064M->6064M(6358M) 2550.698ms
[201.369s][info][safepoint] Safepoint "ShenandoahDegeneratedGC", Time since last: 2204142 ns, Reaching safepoint: 161873 ns, At safepoint: 2551145691 ns, Total: 2551307564 ns
[201.369s][info][gc       ] Failed to allocate TLAB, 2640B
[201.369s][info][gc       ] Cancelling GC: Allocation Failure
[201.370s][info][gc       ] Trigger: Handle Allocation Failure
[203.114s][info][gc       ] GC(90) Pause Full 6064M->6064M(6358M) 1743.223ms
[203.114s][info][safepoint] Safepoint "ShenandoahFullGC", Time since last: 1618741 ns, Reaching safepoint: 39408 ns, At safepoint: 1743608513 ns, Total: 1743647921 ns
[203.114s][info][gc       ] Failed to allocate TLAB, 2640B
[203.115s][info][gc       ] Cancelling GC: Allocation Failure
[203.117s][info][gc       ] Trigger: Handle Allocation Failure
[203.872s][info][gc       ] GC(91) Cancelling GC: Upgrade To Full GC
[205.660s][info][gc       ] GC(91) Pause Degenerated GC (Outside of Cycle) 6064M->6064M(6358M) 2542.988ms
[205.660s][info][safepoint] Safepoint "ShenandoahDegeneratedGC", Time since last: 2868331 ns, Reaching safepoint: 114068 ns, At safepoint: 2543303347 ns, Total: 2543417415 ns
[205.661s][info][gc       ] Failed to allocate TLAB, 2640B
[205.661s][info][gc       ] Cancelling GC: Allocation Failure
[205.662s][info][gc       ] Trigger: Handle Allocation Failure
[206.399s][info][gc       ] GC(92) Cancelling GC: Upgrade To Full GC
[208.216s][info][gc       ] GC(92) Pause Degenerated GC (Outside of Cycle) 6066M->6065M(6358M) 2554.433ms
[208.217s][info][safepoint] Safepoint "ShenandoahDegeneratedGC", Time since last: 1610375 ns, Reaching safepoint: 40523 ns, At safepoint: 2554769511 ns, Total: 2554810034 ns
[208.217s][info][gc       ] Failed to allocate TLAB, 2728B
[208.217s][info][gc       ] Cancelling GC: Allocation Failure
[208.218s][info][gc       ] Trigger: Handle Allocation Failure
[208.978s][info][gc       ] GC(93) Cancelling GC: Upgrade To Full GC
[210.786s][info][gc       ] GC(93) Pause Degenerated GC (Outside of Cycle) 6066M->6066M(6358M) 2567.083ms
[210.786s][info][safepoint] Safepoint "ShenandoahDegeneratedGC", Time since last: 1727380 ns, Reaching safepoint: 106144 ns, At safepoint: 2567597864 ns, Total: 2567704008 ns
[210.787s][info][gc       ] Failed to allocate Shared, 104B
[210.787s][info][gc       ] Cancelling GC: Allocation Failure
[210.788s][info][gc       ] Trigger: Handle Allocation Failure
[211.513s][info][gc       ] GC(94) Cancelling GC: Upgrade To Full GC
[213.276s][info][gc       ] GC(94) Pause Degenerated GC (Outside of Cycle) 6066M->6066M(6358M) 2488.144ms
[213.277s][info][safepoint] Safepoint "ShenandoahDegeneratedGC", Time since last: 1943898 ns, Reaching safepoint: 154324 ns, At safepoint: 2488612359 ns, Total: 2488766683 ns
[213.277s][info][gc       ] Failed to allocate TLAB, 2728B
[213.278s][info][gc       ] Cancelling GC: Allocation Failure
[213.278s][info][gc       ] Trigger: Handle Allocation Failure
[215.041s][info][gc       ] GC(95) Pause Full 6066M->6066M(6358M) 1762.495ms
[215.042s][info][safepoint] Safepoint "ShenandoahFullGC", Time since last: 1580333 ns, Reaching safepoint: 125062 ns, At safepoint: 1763063324 ns, Total: 1763188386 ns
[215.042s][info][gc       ] Failed to allocate TLAB, 2728B
[215.043s][info][gc       ] Cancelling GC: Allocation Failure
[215.044s][info][gc       ] Trigger: Handle Allocation Failure
[215.811s][info][gc       ] GC(96) Cancelling GC: Upgrade To Full GC
[217.620s][info][gc       ] GC(96) Pause Degenerated GC (Outside of Cycle) 6066M->6066M(6358M) 2574.964ms
[217.620s][info][safepoint] Safepoint "ShenandoahDegeneratedGC", Time since last: 3162949 ns, Reaching safepoint: 107403 ns, At safepoint: 2575421720 ns, Total: 2575529123 ns
[217.621s][info][gc       ] Failed to allocate TLAB, 2656B
[217.621s][info][gc       ] Cancelling GC: Allocation Failure
[217.622s][info][gc       ] Trigger: Handle Allocation Failure
[218.333s][info][gc       ] GC(97) Cancelling GC: Upgrade To Full GC
[220.126s][info][gc       ] GC(97) Pause Degenerated GC (Outside of Cycle) 6066M->6066M(6358M) 2503.919ms
[220.127s][info][safepoint] Safepoint "ShenandoahDegeneratedGC", Time since last: 1793505 ns, Reaching safepoint: 105306 ns, At safepoint: 2504428525 ns, Total: 2504533831 ns
[220.127s][info][gc       ] Failed to allocate TLAB, 2656B
[220.128s][info][gc       ] Cancelling GC: Allocation Failure
[220.128s][info][gc       ] Trigger: Handle Allocation Failure
[220.878s][info][gc       ] GC(98) Cancelling GC: Upgrade To Full GC
[222.669s][info][gc       ] GC(98) Pause Degenerated GC (Outside of Cycle) 6066M->6066M(6358M) 2539.982ms
[222.669s][info][safepoint] Safepoint "ShenandoahDegeneratedGC", Time since last: 1876516 ns, Reaching safepoint: 36241 ns, At safepoint: 2540450168 ns, Total: 2540486409 ns
[222.670s][info][gc       ] Failed to allocate TLAB, 2728B
[222.670s][info][gc       ] Cancelling GC: Allocation Failure
[222.671s][info][gc       ] Trigger: Handle Allocation Failure
[223.418s][info][gc       ] GC(99) Cancelling GC: Upgrade To Full GC
[225.205s][info][gc       ] GC(99) Pause Degenerated GC (Outside of Cycle) 6068M->6067M(6358M) 2534.140ms
[225.206s][info][safepoint] Safepoint "ShenandoahDegeneratedGC", Time since last: 1990455 ns, Reaching safepoint: 122883 ns, At safepoint: 2534491688 ns, Total: 2534614571 ns
[225.206s][info][gc       ] Failed to allocate TLAB, 2640B
[225.209s][info][gc       ] Cancelling GC: Allocation Failure
[225.207s][info][gc       ] Trigger: Handle Allocation Failure
[226.979s][info][gc       ] GC(100) Pause Full 6068M->6068M(6358M) 1768.834ms
[226.979s][info][safepoint] Safepoint "ShenandoahFullGC", Time since last: 4219699 ns, Reaching safepoint: 117078 ns, At safepoint: 1769345008 ns, Total: 1769462086 ns
[226.980s][info][gc       ] Failed to allocate TLAB, 6792B
[226.981s][info][gc       ] Cancelling GC: Allocation Failure
[226.982s][info][gc       ] Trigger: Handle Allocation Failure
[227.722s][info][gc       ] GC(101) Cancelling GC: Upgrade To Full GC
[229.499s][info][gc       ] GC(101) Pause Degenerated GC (Outside of Cycle) 6068M->6068M(6358M) 2516.829ms
[229.500s][info][safepoint] Safepoint "ShenandoahDegeneratedGC", Time since last: 2989300 ns, Reaching safepoint: 39164 ns, At safepoint: 2517252993 ns, Total: 2517292157 ns
[229.500s][info][gc       ] Failed to allocate TLAB, 2640B
[229.501s][info][gc       ] Cancelling GC: Allocation Failure
[229.501s][info][gc       ] Trigger: Handle Allocation Failure
[230.253s][info][gc       ] GC(102) Cancelling GC: Upgrade To Full GC
[232.031s][info][gc       ] GC(102) Pause Degenerated GC (Outside of Cycle) 6068M->6068M(6358M) 2529.205ms
[232.031s][info][safepoint] Safepoint "ShenandoahDegeneratedGC", Time since last: 2079518 ns, Reaching safepoint: 41622 ns, At safepoint: 2529694908 ns, Total: 2529736530 ns
[232.032s][info][gc       ] Failed to allocate TLAB, 2640B
[232.032s][info][gc       ] Cancelling GC: Allocation Failure
[232.033s][info][gc       ] Trigger: Handle Allocation Failure
[232.770s][info][gc       ] GC(103) Cancelling GC: Upgrade To Full GC
[234.561s][info][gc       ] GC(103) Pause Degenerated GC (Outside of Cycle) 6068M->6068M(6358M) 2527.296ms
[234.561s][info][safepoint] Safepoint "ShenandoahDegeneratedGC", Time since last: 2218445 ns, Reaching safepoint: 134165 ns, At safepoint: 2527772790 ns, Total: 2527906955 ns
[234.562s][info][gc       ] Failed to allocate TLAB, 2640B
[234.562s][info][gc       ] Cancelling GC: Allocation Failure
[234.563s][info][gc       ] Trigger: Handle Allocation Failure
[235.288s][info][gc       ] GC(104) Cancelling GC: Upgrade To Full GC
[237.087s][info][gc       ] GC(104) Pause Degenerated GC (Outside of Cycle) 6068M->6068M(6358M) 2523.001ms
[237.087s][info][safepoint] Safepoint "ShenandoahDegeneratedGC", Time since last: 2056850 ns, Reaching safepoint: 91512 ns, At safepoint: 2523391650 ns, Total: 2523483162 ns
[237.087s][info][gc       ] Failed to allocate TLAB, 2640B
[237.088s][info][gc       ] Cancelling GC: Allocation Failure
[237.089s][info][gc       ] Trigger: Handle Allocation Failure
[238.843s][info][gc       ] GC(105) Pause Full 6068M->6068M(6358M) 1753.657ms
[238.843s][info][safepoint] Safepoint "ShenandoahFullGC", Time since last: 1786875 ns, Reaching safepoint: 144751 ns, At safepoint: 1753930581 ns, Total: 1754075332 ns
[238.843s][info][gc       ] Failed to allocate TLAB, 2656B
[238.843s][info][gc       ] Cancelling GC: Allocation Failure
[238.845s][info][gc       ] Trigger: Handle Allocation Failure
[239.595s][info][gc       ] GC(106) Cancelling GC: Upgrade To Full GC
[241.405s][info][gc       ] GC(106) Pause Degenerated GC (Outside of Cycle) 6068M->6068M(6358M) 2559.744ms
[241.406s][info][safepoint] Safepoint "ShenandoahDegeneratedGC", Time since last: 2690006 ns, Reaching safepoint: 105130 ns, At safepoint: 2560207792 ns, Total: 2560312922 ns
[241.407s][info][gc       ] Failed to allocate TLAB, 2648B
[241.407s][info][gc       ] Cancelling GC: Allocation Failure
[241.408s][info][gc       ] Trigger: Handle Allocation Failure
[242.138s][info][gc       ] GC(107) Cancelling GC: Upgrade To Full GC
[243.951s][info][gc       ] GC(107) Pause Degenerated GC (Outside of Cycle) 6070M->6069M(6358M) 2543.203ms
[243.952s][info][safepoint] Safepoint "ShenandoahDegeneratedGC", Time since last: 1902830 ns, Reaching safepoint: 117688 ns, At safepoint: 2543722263 ns, Total: 2543839951 ns
[243.952s][info][gc       ] Failed to allocate TLAB, 2728B
[243.952s][info][gc       ] Cancelling GC: Allocation Failure
[243.953s][info][gc       ] Trigger: Handle Allocation Failure
[244.691s][info][gc       ] GC(108) Cancelling GC: Upgrade To Full GC
[246.474s][info][gc       ] GC(108) Pause Degenerated GC (Outside of Cycle) 6070M->6070M(6358M) 2520.609ms
[246.475s][info][safepoint] Safepoint "ShenandoahDegeneratedGC", Time since last: 1941151 ns, Reaching safepoint: 133718 ns, At safepoint: 2521073127 ns, Total: 2521206845 ns
[246.475s][info][gc       ] Failed to allocate TLAB, 2640B
[246.476s][info][gc       ] Cancelling GC: Allocation Failure
[246.476s][info][gc       ] Trigger: Handle Allocation Failure
[247.229s][info][gc       ] GC(109) Cancelling GC: Upgrade To Full GC
[249.024s][info][gc       ] GC(109) Pause Degenerated GC (Outside of Cycle) 6070M->6070M(6358M) 2547.590ms
[249.025s][info][safepoint] Safepoint "ShenandoahDegeneratedGC", Time since last: 1910025 ns, Reaching safepoint: 128634 ns, At safepoint: 2547872123 ns, Total: 2548000757 ns
[249.025s][info][gc       ] Failed to allocate TLAB, 2648B
[249.025s][info][gc       ] Cancelling GC: Allocation Failure
[249.026s][info][gc       ] Trigger: Handle Allocation Failure
[250.809s][info][gc       ] GC(110) Pause Full 6070M->6070M(6358M) 1782.629ms
[250.810s][info][safepoint] Safepoint "ShenandoahFullGC", Time since last: 1713542 ns, Reaching safepoint: 107858 ns, At safepoint: 1783076835 ns, Total: 1783184693 ns
[250.810s][info][gc       ] Failed to allocate TLAB, 2648B
[250.811s][info][gc       ] Cancelling GC: Allocation Failure
[250.812s][info][gc       ] Trigger: Handle Allocation Failure
[251.551s][info][gc       ] GC(111) Cancelling GC: Upgrade To Full GC
[253.338s][info][gc       ] GC(111) Pause Degenerated GC (Outside of Cycle) 6070M->6070M(6358M) 2525.300ms
[253.339s][info][safepoint] Safepoint "ShenandoahDegeneratedGC", Time since last: 3174258 ns, Reaching safepoint: 87264 ns, At safepoint: 2525785311 ns, Total: 2525872575 ns
[253.340s][info][gc       ] Failed to allocate TLAB, 2728B
[253.340s][info][gc       ] Cancelling GC: Allocation Failure
[253.340s][info][gc       ] Trigger: Handle Allocation Failure
[254.102s][info][gc       ] GC(112) Cancelling GC: Upgrade To Full GC
[255.879s][info][gc       ] GC(112) Pause Degenerated GC (Outside of Cycle) 6072M->6071M(6358M) 2538.221ms
[255.880s][info][safepoint] Safepoint "ShenandoahDegeneratedGC", Time since last: 2326060 ns, Reaching safepoint: 177827 ns, At safepoint: 2538714293 ns, Total: 2538892120 ns
[255.881s][info][gc       ] Failed to allocate TLAB, 2728B
[255.881s][info][gc       ] Cancelling GC: Allocation Failure
[255.881s][info][gc       ] Trigger: Handle Allocation Failure
[256.634s][info][gc       ] GC(113) Cancelling GC: Upgrade To Full GC
[258.437s][info][gc       ] GC(113) Pause Degenerated GC (Outside of Cycle) 6072M->6072M(6358M) 2554.280ms
[258.437s][info][safepoint] Safepoint "ShenandoahDegeneratedGC", Time since last: 2339251 ns, Reaching safepoint: 102223 ns, At safepoint: 2554642889 ns, Total: 2554745112 ns
[258.437s][info][gc       ] Failed to allocate TLAB, 2640B
[258.437s][info][gc       ] Cancelling GC: Allocation Failure
[258.438s][info][gc       ] Trigger: Handle Allocation Failure
[259.214s][info][gc       ] GC(114) Cancelling GC: Upgrade To Full GC
[261.001s][info][gc       ] GC(114) Pause Degenerated GC (Outside of Cycle) 6072M->6072M(6358M) 2562.671ms
[261.002s][info][safepoint] Safepoint "ShenandoahDegeneratedGC", Time since last: 1652996 ns, Reaching safepoint: 108476 ns, At safepoint: 2563043979 ns, Total: 2563152455 ns
[261.002s][info][gc       ] Failed to allocate TLAB, 2640B
[261.002s][info][gc       ] Cancelling GC: Allocation Failure
[261.003s][info][gc       ] Trigger: Handle Allocation Failure
[262.757s][info][gc       ] GC(115) Pause Full 6072M->6072M(6358M) 1753.815ms
[262.758s][info][safepoint] Safepoint "ShenandoahFullGC", Time since last: 1613384 ns, Reaching safepoint: 45384 ns, At safepoint: 1754359926 ns, Total: 1754405310 ns
[262.758s][info][gc       ] Failed to allocate TLAB, 2640B
[262.759s][info][gc       ] Cancelling GC: Allocation Failure
[262.760s][info][gc       ] Trigger: Handle Allocation Failure
[263.505s][info][gc       ] GC(116) Cancelling GC: Upgrade To Full GC
[265.272s][info][gc       ] GC(116) Pause Degenerated GC (Outside of Cycle) 6072M->6072M(6358M) 2511.130ms
[265.272s][info][safepoint] Safepoint "ShenandoahDegeneratedGC", Time since last: 2640888 ns, Reaching safepoint: 33088 ns, At safepoint: 2511445696 ns, Total: 2511478784 ns
[265.272s][info][gc       ] Failed to allocate TLAB, 2728B
[265.273s][info][gc       ] Cancelling GC: Allocation Failure
[265.273s][info][gc       ] Trigger: Handle Allocation Failure
[266.023s][info][gc       ] GC(117) Cancelling GC: Upgrade To Full GC
[267.813s][info][gc       ] GC(117) Pause Degenerated GC (Outside of Cycle) 6072M->6072M(6358M) 2538.750ms
[267.813s][info][safepoint] Safepoint "ShenandoahDegeneratedGC", Time since last: 2008454 ns, Reaching safepoint: 87622 ns, At safepoint: 2539142081 ns, Total: 2539229703 ns
[267.814s][info][gc       ] Failed to allocate TLAB, 2728B
[267.814s][info][gc       ] Cancelling GC: Allocation Failure
[267.815s][info][gc       ] Trigger: Handle Allocation Failure
[268.558s][info][gc       ] GC(118) Cancelling GC: Upgrade To Full GC
[270.362s][info][gc       ] GC(118) Pause Degenerated GC (Outside of Cycle) 6072M->6072M(6358M) 2546.988ms
[270.363s][info][safepoint] Safepoint "ShenandoahDegeneratedGC", Time since last: 2043928 ns, Reaching safepoint: 92870 ns, At safepoint: 2547273107 ns, Total: 2547365977 ns
[270.363s][info][gc       ] Failed to allocate TLAB, 2656B
[270.363s][info][gc       ] Cancelling GC: Allocation Failure
[270.364s][info][gc       ] Trigger: Handle Allocation Failure
[271.107s][info][gc       ] GC(119) Cancelling GC: Upgrade To Full GC
[272.913s][info][gc       ] GC(119) Pause Degenerated GC (Outside of Cycle) 6072M->6072M(6358M) 2549.149ms
[272.914s][info][safepoint] Safepoint "ShenandoahDegeneratedGC", Time since last: 1728425 ns, Reaching safepoint: 49605 ns, At safepoint: 2549613119 ns, Total: 2549662724 ns
[272.915s][info][gc       ] Failed to allocate TLAB, 2656B
[272.915s][info][gc       ] Cancelling GC: Allocation Failure
[272.916s][info][gc       ] Trigger: Handle Allocation Failure
[274.639s][info][gc       ] GC(120) Pause Full 6072M->6072M(6358M) 1723.211ms
[274.640s][info][safepoint] Safepoint "ShenandoahFullGC", Time since last: 2217689 ns, Reaching safepoint: 114780 ns, At safepoint: 1723727732 ns, Total: 1723842512 ns
[274.640s][info][gc       ] Failed to allocate TLAB, 2656B
[274.641s][info][gc       ] Cancelling GC: Allocation Failure
[274.642s][info][gc       ] Trigger: Handle Allocation Failure
[275.388s][info][gc       ] GC(121) Cancelling GC: Upgrade To Full GC
[277.196s][info][gc       ] GC(121) Pause Degenerated GC (Outside of Cycle) 6072M->6072M(6358M) 2553.020ms
[277.196s][info][safepoint] Safepoint "ShenandoahDegeneratedGC", Time since last: 2974856 ns, Reaching safepoint: 34024 ns, At safepoint: 2553418668 ns, Total: 2553452692 ns
[277.197s][info][gc       ] Failed to allocate TLAB, 2728B
[277.198s][info][gc       ] Cancelling GC: Allocation Failure
[277.198s][info][gc       ] Trigger: Handle Allocation Failure
[277.932s][info][gc       ] GC(122) Cancelling GC: Upgrade To Full GC
[279.726s][info][gc       ] GC(122) Pause Degenerated GC (Outside of Cycle) 6074M->6073M(6358M) 2528.170ms
[279.727s][info][safepoint] Safepoint "ShenandoahDegeneratedGC", Time since last: 1792641 ns, Reaching safepoint: 36992 ns, At safepoint: 2528677102 ns, Total: 2528714094 ns
[279.728s][info][gc       ] Failed to allocate TLAB, 2728B
[279.728s][info][gc       ] Cancelling GC: Allocation Failure
[279.729s][info][gc       ] Trigger: Handle Allocation Failure
[280.470s][info][gc       ] GC(123) Cancelling GC: Upgrade To Full GC
[282.289s][info][gc       ] GC(123) Pause Degenerated GC (Outside of Cycle) 6074M->6074M(6358M) 2560.416ms
[282.290s][info][safepoint] Safepoint "ShenandoahDegeneratedGC", Time since last: 1840785 ns, Reaching safepoint: 35078 ns, At safepoint: 2560895422 ns, Total: 2560930500 ns
[282.290s][info][gc       ] Failed to allocate TLAB, 2728B
[282.291s][info][gc       ] Cancelling GC: Allocation Failure
[282.291s][info][gc       ] Trigger: Handle Allocation Failure
[283.048s][info][gc       ] GC(124) Cancelling GC: Upgrade To Full GC
[284.832s][info][gc       ] GC(124) Pause Degenerated GC (Outside of Cycle) 6074M->6074M(6358M) 2539.466ms
[284.832s][info][safepoint] Safepoint "ShenandoahDegeneratedGC", Time since last: 2266235 ns, Reaching safepoint: 135658 ns, At safepoint: 2539922482 ns, Total: 2540058140 ns
[284.833s][info][gc       ] Failed to allocate TLAB, 2728B
[284.833s][info][gc       ] Cancelling GC: Allocation Failure
[284.834s][info][gc       ] Trigger: Handle Allocation Failure
[286.575s][info][gc       ] GC(125) Pause Full 6074M->6074M(6358M) 1740.836ms
[286.575s][info][safepoint] Safepoint "ShenandoahFullGC", Time since last: 1940832 ns, Reaching safepoint: 156016 ns, At safepoint: 1741264620 ns, Total: 1741420636 ns
[286.576s][info][gc       ] Failed to allocate TLAB, 2728B
[286.576s][info][gc       ] Cancelling GC: Allocation Failure
[286.578s][info][gc       ] Trigger: Handle Allocation Failure
[287.333s][info][gc       ] GC(126) Cancelling GC: Upgrade To Full GC
[289.109s][info][gc       ] GC(126) Pause Degenerated GC (Outside of Cycle) 6074M->6074M(6358M) 2530.556ms
[289.109s][info][safepoint] Safepoint "ShenandoahDegeneratedGC", Time since last: 2668422 ns, Reaching safepoint: 35225 ns, At safepoint: 2531032008 ns, Total: 2531067233 ns
[289.110s][info][gc       ] Failed to allocate TLAB, 2728B
[289.110s][info][gc       ] Cancelling GC: Allocation Failure
[289.111s][info][gc       ] Trigger: Handle Allocation Failure
[289.847s][info][gc       ] GC(127) Cancelling GC: Upgrade To Full GC
[291.659s][info][gc       ] GC(127) Pause Degenerated GC (Outside of Cycle) 6074M->6074M(6358M) 2548.145ms
[291.660s][info][safepoint] Safepoint "ShenandoahDegeneratedGC", Time since last: 2037585 ns, Reaching safepoint: 128945 ns, At safepoint: 2548634135 ns, Total: 2548763080 ns
[291.660s][info][gc       ] Failed to allocate TLAB, 2728B
[291.661s][info][gc       ] Cancelling GC: Allocation Failure
[291.661s][info][gc       ] Trigger: Handle Allocation Failure
[292.438s][info][gc       ] GC(128) Cancelling GC: Upgrade To Full GC
[294.257s][info][gc       ] GC(128) Pause Degenerated GC (Outside of Cycle) 6074M->6074M(6358M) 2594.942ms
[294.257s][info][safepoint] Safepoint "ShenandoahDegeneratedGC", Time since last: 1916943 ns, Reaching safepoint: 60208 ns, At safepoint: 2595440496 ns, Total: 2595500704 ns
[294.258s][info][gc       ] Failed to allocate TLAB, 2728B
[294.258s][info][gc       ] Cancelling GC: Allocation Failure
[294.259s][info][gc       ] Trigger: Handle Allocation Failure
[295.019s][info][gc       ] GC(129) Cancelling GC: Upgrade To Full GC
[296.812s][info][gc       ] GC(129) Pause Degenerated GC (Outside of Cycle) 6074M->6074M(6358M) 2553.071ms
[296.813s][info][safepoint] Safepoint "ShenandoahDegeneratedGC", Time since last: 1801062 ns, Reaching safepoint: 110307 ns, At safepoint: 2553541642 ns, Total: 2553651949 ns
[296.813s][info][gc       ] Failed to allocate TLAB, 2648B
[296.813s][info][gc       ] Cancelling GC: Allocation Failure
[296.814s][info][gc       ] Trigger: Handle Allocation Failure
[298.617s][info][gc       ] GC(130) Pause Full 6074M->6074M(6358M) 1802.612ms
[298.618s][info][safepoint] Safepoint "ShenandoahFullGC", Time since last: 1900708 ns, Reaching safepoint: 35178 ns, At safepoint: 1802940328 ns, Total: 1802975506 ns
[298.618s][info][gc       ] Failed to allocate TLAB, 2648B
[298.618s][info][gc       ] Cancelling GC: Allocation Failure
[298.620s][info][gc       ] Trigger: Handle Allocation Failure
[299.400s][info][gc       ] GC(131) Cancelling GC: Upgrade To Full GC
[301.211s][info][gc       ] GC(131) Pause Degenerated GC (Outside of Cycle) 6074M->6074M(6358M) 2590.591ms
[301.211s][info][safepoint] Safepoint "ShenandoahDegeneratedGC", Time since last: 2706617 ns, Reaching safepoint: 56246 ns, At safepoint: 2591066183 ns, Total: 2591122429 ns
[301.213s][info][gc       ] Failed to allocate TLAB, 2728B
[301.213s][info][gc       ] Cancelling GC: Allocation Failure
[301.213s][info][gc       ] Trigger: Handle Allocation Failure
[301.995s][info][gc       ] GC(132) Cancelling GC: Upgrade To Full GC
[303.767s][info][gc       ] GC(132) Pause Degenerated GC (Outside of Cycle) 6076M->6075M(6358M) 2552.845ms
[303.767s][info][safepoint] Safepoint "ShenandoahDegeneratedGC", Time since last: 2431319 ns, Reaching safepoint: 111665 ns, At safepoint: 2553117171 ns, Total: 2553228836 ns
[303.768s][info][gc       ] Failed to allocate TLAB, 2648B
[303.768s][info][gc       ] Cancelling GC: Allocation Failure
[303.769s][info][gc       ] Trigger: Handle Allocation Failure
[304.504s][info][gc       ] GC(133) Cancelling GC: Upgrade To Full GC
[306.299s][info][gc       ] GC(133) Pause Degenerated GC (Outside of Cycle) 6076M->6076M(6358M) 2530.142ms
[306.300s][info][safepoint] Safepoint "ShenandoahDegeneratedGC", Time since last: 1645394 ns, Reaching safepoint: 129866 ns, At safepoint: 2530743971 ns, Total: 2530873837 ns
[306.300s][info][gc       ] Failed to allocate TLAB, 2640B
[306.301s][info][gc       ] Cancelling GC: Allocation Failure
[306.301s][info][gc       ] Trigger: Handle Allocation Failure
[307.073s][info][gc       ] GC(134) Cancelling GC: Upgrade To Full GC
[308.866s][info][gc       ] GC(134) Pause Degenerated GC (Outside of Cycle) 6076M->6076M(6358M) 2563.754ms
[308.866s][info][safepoint] Safepoint "ShenandoahDegeneratedGC", Time since last: 2184208 ns, Reaching safepoint: 168407 ns, At safepoint: 2564117453 ns, Total: 2564285860 ns
[308.867s][info][gc       ] Failed to allocate TLAB, 2728B
[308.867s][info][gc       ] Cancelling GC: Allocation Failure
[308.868s][info][gc       ] Trigger: Handle Allocation Failure
[310.639s][info][gc       ] GC(135) Pause Full 6076M->6076M(6358M) 1770.886ms
[310.639s][info][safepoint] Safepoint "ShenandoahFullGC", Time since last: 1670731 ns, Reaching safepoint: 151862 ns, At safepoint: 1771329525 ns, Total: 1771481387 ns
[310.640s][info][gc       ] Failed to allocate TLAB, 2728B
[310.640s][info][gc       ] Cancelling GC: Allocation Failure
[310.642s][info][gc       ] Trigger: Handle Allocation Failure
[311.392s][info][gc       ] GC(136) Cancelling GC: Upgrade To Full GC
[313.195s][info][gc       ] GC(136) Pause Degenerated GC (Outside of Cycle) 6076M->6076M(6358M) 2553.153ms
[313.196s][info][safepoint] Safepoint "ShenandoahDegeneratedGC", Time since last: 2748178 ns, Reaching safepoint: 35436 ns, At safepoint: 2553493865 ns, Total: 2553529301 ns
[313.196s][info][gc       ] Failed to allocate TLAB, 2648B
[313.196s][info][gc       ] Cancelling GC: Allocation Failure
[313.197s][info][gc       ] Trigger: Handle Allocation Failure
[313.977s][info][gc       ] GC(137) Cancelling GC: Upgrade To Full GC
[315.783s][info][gc       ] GC(137) Pause Degenerated GC (Outside of Cycle) 6076M->6076M(6358M) 2585.143ms
[315.783s][info][safepoint] Safepoint "ShenandoahDegeneratedGC", Time since last: 2003900 ns, Reaching safepoint: 49421 ns, At safepoint: 2585632795 ns, Total: 2585682216 ns
[315.784s][info][gc       ] Failed to allocate TLAB, 2648B
[315.784s][info][gc       ] Cancelling GC: Allocation Failure
[315.785s][info][gc       ] Trigger: Handle Allocation Failure
[316.548s][info][gc       ] GC(138) Cancelling GC: Upgrade To Full GC
[318.351s][info][gc       ] GC(138) Pause Degenerated GC (Outside of Cycle) 6076M->6076M(6358M) 2565.541ms
[318.351s][info][safepoint] Safepoint "ShenandoahDegeneratedGC", Time since last: 1924070 ns, Reaching safepoint: 45506 ns, At safepoint: 2565886548 ns, Total: 2565932054 ns
[318.352s][info][gc       ] Failed to allocate TLAB, 2640B
[318.352s][info][gc       ] Cancelling GC: Allocation Failure
[318.353s][info][gc       ] Trigger: Handle Allocation Failure
[319.120s][info][gc       ] GC(139) Cancelling GC: Upgrade To Full GC
[320.994s][info][gc       ] GC(139) Pause Degenerated GC (Outside of Cycle) 6078M->6077M(6358M) 2641.447ms
[320.995s][info][safepoint] Safepoint "ShenandoahDegeneratedGC", Time since last: 1710674 ns, Reaching safepoint: 35874 ns, At safepoint: 2641736036 ns, Total: 2641771910 ns
[320.995s][info][gc       ] Failed to allocate TLAB, 2648B
[320.995s][info][gc       ] Cancelling GC: Allocation Failure
[320.996s][info][gc       ] Trigger: Handle Allocation Failure
[322.769s][info][gc       ] GC(140) Pause Full 6078M->6078M(6358M) 1773.044ms
[322.770s][info][safepoint] Safepoint "ShenandoahFullGC", Time since last: 1650666 ns, Reaching safepoint: 125571 ns, At safepoint: 1773293238 ns, Total: 1773418809 ns
[322.770s][info][gc       ] Failed to allocate TLAB, 6688B
[322.770s][info][gc       ] Cancelling GC: Allocation Failure
[322.772s][info][gc       ] Trigger: Handle Allocation Failure
[323.561s][info][gc       ] GC(141) Cancelling GC: Upgrade To Full GC
[325.390s][info][gc       ] GC(141) Pause Degenerated GC (Outside of Cycle) 6078M->6078M(6358M) 2617.928ms
[325.390s][info][safepoint] Safepoint "ShenandoahDegeneratedGC", Time since last: 2486606 ns, Reaching safepoint: 52361 ns, At safepoint: 2618285957 ns, Total: 2618338318 ns
[325.391s][info][gc       ] Failed to allocate TLAB, 2728B
[325.391s][info][gc       ] Cancelling GC: Allocation Failure
[325.392s][info][gc       ] Trigger: Handle Allocation Failure
[326.158s][info][gc       ] GC(142) Cancelling GC: Upgrade To Full GC
[328.072s][info][gc       ] GC(142) Pause Degenerated GC (Outside of Cycle) 6078M->6078M(6358M) 2680.078ms
[328.073s][info][safepoint] Safepoint "ShenandoahDegeneratedGC", Time since last: 1800692 ns, Reaching safepoint: 35539 ns, At safepoint: 2680615000 ns, Total: 2680650539 ns
[328.074s][info][gc       ] Failed to allocate TLAB, 2640B
[328.074s][info][gc       ] Cancelling GC: Allocation Failure
[328.075s][info][gc       ] Trigger: Handle Allocation Failure
[328.817s][info][gc       ] GC(143) Cancelling GC: Upgrade To Full GC
[330.636s][info][gc       ] GC(143) Pause Degenerated GC (Outside of Cycle) 6078M->6078M(6358M) 2560.972ms
[330.637s][info][safepoint] Safepoint "ShenandoahDegeneratedGC", Time since last: 2395245 ns, Reaching safepoint: 68851 ns, At safepoint: 2561298088 ns, Total: 2561366939 ns
[330.637s][info][gc       ] Failed to allocate TLAB, 2656B
[330.637s][info][gc       ] Cancelling GC: Allocation Failure
[330.638s][info][gc       ] Trigger: Handle Allocation Failure
[331.380s][info][gc       ] GC(144) Cancelling GC: Upgrade To Full GC
[333.202s][info][gc       ] GC(144) Pause Degenerated GC (Outside of Cycle) 6078M->6078M(6358M) 2563.743ms
[333.203s][info][safepoint] Safepoint "ShenandoahDegeneratedGC", Time since last: 1806645 ns, Reaching safepoint: 135190 ns, At safepoint: 2564283793 ns, Total: 2564418983 ns
[333.204s][info][gc       ] Failed to allocate TLAB, 2656B
[333.204s][info][gc       ] Cancelling GC: Allocation Failure
[333.205s][info][gc       ] Trigger: Handle Allocation Failure
[334.972s][info][gc       ] GC(145) Pause Full 6078M->6078M(6358M) 1766.377ms
[334.972s][info][safepoint] Safepoint "ShenandoahFullGC", Time since last: 2180526 ns, Reaching safepoint: 102212 ns, At safepoint: 1766823151 ns, Total: 1766925363 ns
[334.973s][info][gc       ] Failed to allocate TLAB, 2728B
[334.973s][info][gc       ] Cancelling GC: Allocation Failure
[334.975s][info][gc       ] Trigger: Handle Allocation Failure
[335.707s][info][gc       ] GC(146) Cancelling GC: Upgrade To Full GC
[337.525s][info][gc       ] GC(146) Pause Degenerated GC (Outside of Cycle) 6078M->6078M(6358M) 2550.296ms
[337.526s][info][safepoint] Safepoint "ShenandoahDegeneratedGC", Time since last: 2963020 ns, Reaching safepoint: 100128 ns, At safepoint: 2550840766 ns, Total: 2550940894 ns
[337.527s][info][gc       ] Failed to allocate TLAB, 2728B
[337.527s][info][gc       ] Cancelling GC: Allocation Failure
[337.528s][info][gc       ] Trigger: Handle Allocation Failure
[338.275s][info][gc       ] GC(147) Cancelling GC: Upgrade To Full GC
[340.111s][info][gc       ] GC(147) Pause Degenerated GC (Outside of Cycle) 6080M->6079M(6358M) 2582.944ms
[340.112s][info][safepoint] Safepoint "ShenandoahDegeneratedGC", Time since last: 2180543 ns, Reaching safepoint: 116266 ns, At safepoint: 2583361760 ns, Total: 2583478026 ns
[340.112s][info][gc       ] Failed to allocate TLAB, 2648B
[340.113s][info][gc       ] Cancelling GC: Allocation Failure
[340.113s][info][gc       ] Trigger: Handle Allocation Failure
[340.834s][info][gc       ] GC(148) Cancelling GC: Upgrade To Full GC
[342.618s][info][gc       ] GC(148) Pause Degenerated GC (Outside of Cycle) 6080M->6080M(6358M) 2504.455ms
[342.619s][info][safepoint] Safepoint "ShenandoahDegeneratedGC", Time since last: 2161118 ns, Reaching safepoint: 195657 ns, At safepoint: 2504741432 ns, Total: 2504937089 ns
[342.619s][info][gc       ] Failed to allocate TLAB, 2728B
[342.619s][info][gc       ] Cancelling GC: Allocation Failure
[342.620s][info][gc       ] Trigger: Handle Allocation Failure
[343.387s][info][gc       ] GC(149) Cancelling GC: Upgrade To Full GC
[345.190s][info][gc       ] GC(149) Pause Degenerated GC (Outside of Cycle) 6080M->6080M(6358M) 2569.412ms
[345.190s][info][safepoint] Safepoint "ShenandoahDegeneratedGC", Time since last: 1523042 ns, Reaching safepoint: 53681 ns, At safepoint: 2569995585 ns, Total: 2570049266 ns
[345.191s][info][gc       ] Failed to allocate TLAB, 2728B
[345.191s][info][gc       ] Cancelling GC: Allocation Failure
[345.192s][info][gc       ] Trigger: Handle Allocation Failure
[346.957s][info][gc       ] GC(150) Pause Full 6080M->6080M(6358M) 1764.812ms
[346.958s][info][safepoint] Safepoint "ShenandoahFullGC", Time since last: 2173577 ns, Reaching safepoint: 117978 ns, At safepoint: 1765249980 ns, Total: 1765367958 ns
[346.958s][info][gc       ] Failed to allocate TLAB, 2728B
[346.959s][info][gc       ] Cancelling GC: Allocation Failure
[346.960s][info][gc       ] Trigger: Handle Allocation Failure
[347.683s][info][gc       ] GC(151) Cancelling GC: Upgrade To Full GC
[349.468s][info][gc       ] GC(151) Pause Degenerated GC (Outside of Cycle) 6080M->6080M(6358M) 2506.620ms
[349.468s][info][safepoint] Safepoint "ShenandoahDegeneratedGC", Time since last: 3079336 ns, Reaching safepoint: 153286 ns, At safepoint: 2507205774 ns, Total: 2507359060 ns
[349.469s][info][gc       ] Failed to allocate TLAB, 2648B
[349.470s][info][gc       ] Cancelling GC: Allocation Failure
[349.470s][info][gc       ] Trigger: Handle Allocation Failure
[350.223s][info][gc       ] GC(152) Cancelling GC: Upgrade To Full GC
[351.987s][info][gc       ] GC(152) Pause Degenerated GC (Outside of Cycle) 6080M->6080M(6358M) 2515.305ms
[351.987s][info][safepoint] Safepoint "ShenandoahDegeneratedGC", Time since last: 2801364 ns, Reaching safepoint: 193432 ns, At safepoint: 2515794357 ns, Total: 2515987789 ns
[351.988s][info][gc       ] Failed to allocate TLAB, 2728B
[351.988s][info][gc       ] Cancelling GC: Allocation Failure
[351.988s][info][gc       ] Trigger: Handle Allocation Failure
[352.774s][info][gc       ] GC(153) Cancelling GC: Upgrade To Full GC
[354.562s][info][gc       ] GC(153) Pause Degenerated GC (Outside of Cycle) 6082M->6081M(6358M) 2572.977ms
[354.562s][info][safepoint] Safepoint "ShenandoahDegeneratedGC", Time since last: 1927648 ns, Reaching safepoint: 52295 ns, At safepoint: 2573475361 ns, Total: 2573527656 ns
[354.563s][info][gc       ] Failed to allocate TLAB, 2728B
[354.563s][info][gc       ] Cancelling GC: Allocation Failure
[354.564s][info][gc       ] Trigger: Handle Allocation Failure
[355.301s][info][gc       ] GC(154) Cancelling GC: Upgrade To Full GC
[357.065s][info][gc       ] GC(154) Pause Degenerated GC (Outside of Cycle) 6082M->6082M(6358M) 2500.959ms
[357.066s][info][safepoint] Safepoint "ShenandoahDegeneratedGC", Time since last: 1866929 ns, Reaching safepoint: 35088 ns, At safepoint: 2501374493 ns, Total: 2501409581 ns
[357.066s][info][gc       ] Failed to allocate TLAB, 2728B
[357.067s][info][gc       ] Cancelling GC: Allocation Failure
[357.067s][info][gc       ] Trigger: Handle Allocation Failure
[358.830s][info][gc       ] GC(155) Pause Full 6082M->6082M(6358M) 1762.315ms
[358.830s][info][safepoint] Safepoint "ShenandoahFullGC", Time since last: 1909132 ns, Reaching safepoint: 37998 ns, At safepoint: 1762720310 ns, Total: 1762758308 ns
[358.831s][info][gc       ] Failed to allocate TLAB, 2728B
[358.831s][info][gc       ] Cancelling GC: Allocation Failure
[358.833s][info][gc       ] Trigger: Handle Allocation Failure
[359.573s][info][gc       ] GC(156) Cancelling GC: Upgrade To Full GC
[361.370s][info][gc       ] GC(156) Pause Degenerated GC (Outside of Cycle) 6082M->6082M(6358M) 2536.748ms
[361.370s][info][safepoint] Safepoint "ShenandoahDegeneratedGC", Time since last: 2860297 ns, Reaching safepoint: 91760 ns, At safepoint: 2537097298 ns, Total: 2537189058 ns
[361.371s][info][gc       ] Failed to allocate TLAB, 2728B
[361.371s][info][gc       ] Cancelling GC: Allocation Failure
[361.372s][info][gc       ] Trigger: Handle Allocation Failure
[362.119s][info][gc       ] GC(157) Cancelling GC: Upgrade To Full GC
[363.935s][info][gc       ] GC(157) Pause Degenerated GC (Outside of Cycle) 6082M->6082M(6358M) 2562.598ms
[363.936s][info][safepoint] Safepoint "ShenandoahDegeneratedGC", Time since last: 2065289 ns, Reaching safepoint: 140302 ns, At safepoint: 2563096213 ns, Total: 2563236515 ns
[363.936s][info][gc       ] Failed to allocate TLAB, 2648B
[363.937s][info][gc       ] Cancelling GC: Allocation Failure
[363.937s][info][gc       ] Trigger: Handle Allocation Failure
[364.672s][info][gc       ] GC(158) Cancelling GC: Upgrade To Full GC
[366.512s][info][gc       ] GC(158) Pause Degenerated GC (Outside of Cycle) 6082M->6082M(6358M) 2574.349ms
[366.513s][info][safepoint] Safepoint "ShenandoahDegeneratedGC", Time since last: 2130968 ns, Reaching safepoint: 58195 ns, At safepoint: 2574792780 ns, Total: 2574850975 ns
[366.513s][info][gc       ] Failed to allocate TLAB, 2640B
[366.514s][info][gc       ] Cancelling GC: Allocation Failure
[366.514s][info][gc       ] Trigger: Handle Allocation Failure
[366.980s][info][gc       ] GC(159) Cancelling GC: Allocation Failure During Evacuation
[366.981s][info][gc       ] GC(159) Cannot finish degeneration, upgrading to Full GC
[368.788s][info][gc       ] GC(159) Pause Degenerated GC (Outside of Cycle) 6082M->6082M(6358M) 2273.238ms
[368.789s][info][safepoint] Safepoint "ShenandoahDegeneratedGC", Time since last: 2086516 ns, Reaching safepoint: 117056 ns, At safepoint: 2273695573 ns, Total: 2273812629 ns
[368.790s][info][gc       ] Failed to allocate Shared, 104B
[368.790s][info][gc       ] Cancelling GC: Allocation Failure
[368.790s][info][gc       ] Trigger: Handle Allocation Failure
[370.568s][info][gc       ] GC(160) Pause Full 6084M->6083M(6358M) 1777.738ms
[370.569s][info][safepoint] Safepoint "ShenandoahFullGC", Time since last: 1779671 ns, Reaching safepoint: 37581 ns, At safepoint: 1778201188 ns, Total: 1778238769 ns
[370.569s][info][gc       ] Failed to allocate TLAB, 31760B
[370.569s][info][gc       ] Cancelling GC: Allocation Failure
[370.571s][info][gc       ] Trigger: Handle Allocation Failure
[371.332s][info][gc       ] GC(161) Cancelling GC: Upgrade To Full GC
[373.123s][info][gc       ] GC(161) Pause Degenerated GC (Outside of Cycle) 6084M->6084M(6358M) 2550.872ms
[373.123s][info][safepoint] Safepoint "ShenandoahDegeneratedGC", Time since last: 2831699 ns, Reaching safepoint: 139509 ns, At safepoint: 2551336989 ns, Total: 2551476498 ns
[373.124s][info][gc       ] Failed to allocate TLAB, 2648B
[373.124s][info][gc       ] Cancelling GC: Allocation Failure
[373.125s][info][gc       ] Trigger: Handle Allocation Failure
[373.856s][info][gc       ] GC(162) Cancelling GC: Upgrade To Full GC
[375.644s][info][gc       ] GC(162) Pause Degenerated GC (Outside of Cycle) 6084M->6084M(6358M) 2519.125ms
[375.645s][info][safepoint] Safepoint "ShenandoahDegeneratedGC", Time since last: 2041107 ns, Reaching safepoint: 149066 ns, At safepoint: 2519590980 ns, Total: 2519740046 ns
[375.645s][info][gc       ] Failed to allocate TLAB, 2664B
[375.646s][info][gc       ] Cancelling GC: Allocation Failure
[375.647s][info][gc       ] Trigger: Handle Allocation Failure
[376.107s][info][gc       ] GC(163) Cancelling GC: Allocation Failure During Evacuation
[376.107s][info][gc       ] GC(163) Cannot finish degeneration, upgrading to Full GC
[377.953s][info][gc       ] GC(163) Pause Degenerated GC (Outside of Cycle) 6084M->6084M(6358M) 2305.466ms
[377.953s][info][safepoint] Safepoint "ShenandoahDegeneratedGC", Time since last: 2344926 ns, Reaching safepoint: 188610 ns, At safepoint: 2305954286 ns, Total: 2306142896 ns
[377.954s][info][gc       ] Failed to allocate TLAB, 2648B
[377.954s][info][gc       ] Cancelling GC: Allocation Failure
[377.955s][info][gc       ] Trigger: Handle Allocation Failure
[378.457s][info][gc       ] GC(164) Cancelling GC: Allocation Failure During Evacuation
[378.457s][info][gc       ] GC(164) Cannot finish degeneration, upgrading to Full GC
[380.444s][info][gc       ] GC(164) Pause Degenerated GC (Outside of Cycle) 6084M->6084M(6358M) 2487.930ms
[380.444s][info][safepoint] Safepoint "ShenandoahDegeneratedGC", Time since last: 2264382 ns, Reaching safepoint: 84820 ns, At safepoint: 2488414691 ns, Total: 2488499511 ns
[380.445s][info][gc       ] Failed to allocate TLAB, 2640B
[380.445s][info][gc       ] Cancelling GC: Allocation Failure
[380.446s][info][gc       ] Trigger: Handle Allocation Failure
[382.622s][info][gc       ] GC(165) Pause Full 6086M->6085M(6358M) 2175.618ms
[382.622s][info][safepoint] Safepoint "ShenandoahFullGC", Time since last: 2015323 ns, Reaching safepoint: 88541 ns, At safepoint: 2175925943 ns, Total: 2176014484 ns
[382.622s][info][gc       ] Failed to allocate TLAB, 32752B
[382.623s][info][gc       ] Cancelling GC: Allocation Failure
[382.624s][info][gc       ] Trigger: Handle Allocation Failure
[383.265s][info][gc       ] GC(166) Cancelling GC: Allocation Failure During Evacuation
[383.265s][info][gc       ] GC(166) Cannot finish degeneration, upgrading to Full GC
[385.195s][info][gc       ] GC(166) Pause Degenerated GC (Outside of Cycle) 6086M->6086M(6358M) 2570.759ms
[385.196s][info][safepoint] Safepoint "ShenandoahDegeneratedGC", Time since last: 2597390 ns, Reaching safepoint: 53932 ns, At safepoint: 2570990394 ns, Total: 2571044326 ns
[385.196s][info][gc       ] Failed to allocate TLAB, 2648B
[385.196s][info][gc       ] Cancelling GC: Allocation Failure
[385.197s][info][gc       ] Trigger: Handle Allocation Failure
[385.797s][info][gc       ] GC(167) Cancelling GC: Allocation Failure During Evacuation
[385.798s][info][gc       ] GC(167) Cannot finish degeneration, upgrading to Full GC
[387.701s][info][gc       ] GC(167) Pause Degenerated GC (Outside of Cycle) 6086M->6086M(6358M) 2503.924ms
[387.702s][info][safepoint] Safepoint "ShenandoahDegeneratedGC", Time since last: 1566137 ns, Reaching safepoint: 120710 ns, At safepoint: 2504472214 ns, Total: 2504592924 ns
[387.703s][info][gc       ] Failed to allocate TLAB, 2648B
[387.703s][info][gc       ] Cancelling GC: Allocation Failure
[387.704s][info][gc       ] Trigger: Handle Allocation Failure
[388.189s][info][gc       ] GC(168) Cancelling GC: Allocation Failure During Evacuation
[388.190s][info][gc       ] GC(168) Cannot finish degeneration, upgrading to Full GC
[390.044s][info][gc       ] GC(168) Pause Degenerated GC (Outside of Cycle) 6086M->6086M(6358M) 2339.972ms
[390.045s][info][safepoint] Safepoint "ShenandoahDegeneratedGC", Time since last: 2309786 ns, Reaching safepoint: 128405 ns, At safepoint: 2340396865 ns, Total: 2340525270 ns
[390.046s][info][gc       ] Failed to allocate TLAB, 2728B
[390.046s][info][gc       ] Cancelling GC: Allocation Failure
[390.046s][info][gc       ] Trigger: Handle Allocation Failure
[390.516s][info][gc       ] GC(169) Cancelling GC: Allocation Failure During Evacuation
[390.517s][info][gc       ] GC(169) Cannot finish degeneration, upgrading to Full GC
[392.380s][info][gc       ] GC(169) Pause Degenerated GC (Outside of Cycle) 6088M->6087M(6358M) 2332.699ms
[392.380s][info][safepoint] Safepoint "ShenandoahDegeneratedGC", Time since last: 2246097 ns, Reaching safepoint: 177585 ns, At safepoint: 2333123121 ns, Total: 2333300706 ns
[392.381s][info][gc       ] Failed to allocate TLAB, 2728B
[392.381s][info][gc       ] Cancelling GC: Allocation Failure
[392.382s][info][gc       ] Trigger: Handle Allocation Failure
[394.165s][info][gc       ] GC(170) Pause Full 6088M->6088M(6358M) 1783.025ms
[394.166s][info][safepoint] Safepoint "ShenandoahFullGC", Time since last: 2030477 ns, Reaching safepoint: 134510 ns, At safepoint: 1783339422 ns, Total: 1783473932 ns
[394.166s][info][gc       ] Failed to allocate TLAB, 7200B
[394.166s][info][gc       ] Cancelling GC: Allocation Failure
[394.168s][info][gc       ] Trigger: Handle Allocation Failure
[394.667s][info][gc       ] GC(171) Cancelling GC: Allocation Failure During Evacuation
[394.669s][info][gc       ] GC(171) Cannot finish degeneration, upgrading to Full GC
[396.637s][info][gc       ] GC(171) Pause Degenerated GC (Outside of Cycle) 6088M->6088M(6358M) 2468.500ms
[396.637s][info][safepoint] Safepoint "ShenandoahDegeneratedGC", Time since last: 2589783 ns, Reaching safepoint: 64451 ns, At safepoint: 2469009287 ns, Total: 2469073738 ns
[396.638s][info][gc       ] Failed to allocate TLAB, 2728B
[396.638s][info][gc       ] Cancelling GC: Allocation Failure
[396.639s][info][gc       ] Trigger: Handle Allocation Failure
[397.159s][info][gc       ] GC(172) Cancelling GC: Allocation Failure During Evacuation
[397.160s][info][gc       ] GC(172) Cannot finish degeneration, upgrading to Full GC
[399.353s][info][gc       ] GC(172) Pause Degenerated GC (Outside of Cycle) 6088M->6088M(6358M) 2713.443ms
[399.353s][info][safepoint] Safepoint "ShenandoahDegeneratedGC", Time since last: 2009462 ns, Reaching safepoint: 100362 ns, At safepoint: 2713769654 ns, Total: 2713870016 ns
[399.354s][info][gc       ] Failed to allocate TLAB, 2664B
[399.354s][info][gc       ] Cancelling GC: Allocation Failure
[399.355s][info][gc       ] Trigger: Handle Allocation Failure
[399.894s][info][gc       ] GC(173) Cancelling GC: Allocation Failure During Evacuation
[399.896s][info][gc       ] GC(173) Cannot finish degeneration, upgrading to Full GC
[401.864s][info][gc       ] GC(173) Pause Degenerated GC (Outside of Cycle) 6088M->6088M(6358M) 2509.531ms
[401.865s][info][safepoint] Safepoint "ShenandoahDegeneratedGC", Time since last: 1604790 ns, Reaching safepoint: 49359 ns, At safepoint: 2510078543 ns, Total: 2510127902 ns
[401.866s][info][gc       ] Failed to allocate TLAB, 2728B
[401.866s][info][gc       ] Cancelling GC: Allocation Failure
[401.867s][info][gc       ] Trigger: Handle Allocation Failure
[402.353s][info][gc       ] GC(174) Cancelling GC: Allocation Failure During Evacuation
[402.355s][info][gc       ] GC(174) Cannot finish degeneration, upgrading to Full GC
[404.320s][info][gc       ] GC(174) Pause Degenerated GC (Outside of Cycle) 6088M->6088M(6358M) 2453.362ms
[404.321s][info][safepoint] Safepoint "ShenandoahDegeneratedGC", Time since last: 1959238 ns, Reaching safepoint: 84505 ns, At safepoint: 2453681202 ns, Total: 2453765707 ns
[404.321s][info][gc       ] Failed to allocate TLAB, 2664B
[404.321s][info][gc       ] Cancelling GC: Allocation Failure
[404.322s][info][gc       ] Trigger: Handle Allocation Failure
[406.257s][info][gc       ] GC(175) Pause Full 6088M->6088M(6358M) 1934.595ms
[406.258s][info][safepoint] Safepoint "ShenandoahFullGC", Time since last: 1766771 ns, Reaching safepoint: 179016 ns, At safepoint: 1934870684 ns, Total: 1935049700 ns
[406.258s][info][gc       ] Failed to allocate TLAB, 2728B
[406.258s][info][gc       ] Cancelling GC: Allocation Failure
[406.260s][info][gc       ] Trigger: Handle Allocation Failure
[406.760s][info][gc       ] GC(176) Cancelling GC: Allocation Failure During Evacuation
[406.761s][info][gc       ] GC(176) Cannot finish degeneration, upgrading to Full GC
[408.682s][info][gc       ] GC(176) Pause Degenerated GC (Outside of Cycle) 6088M->6088M(6358M) 2421.829ms
[408.682s][info][safepoint] Safepoint "ShenandoahDegeneratedGC", Time since last: 2579552 ns, Reaching safepoint: 137514 ns, At safepoint: 2422112971 ns, Total: 2422250485 ns
[408.683s][info][gc       ] Failed to allocate Shared, 96B
[408.683s][info][gc       ] Cancelling GC: Allocation Failure
[408.684s][info][gc       ] Trigger: Handle Allocation Failure
[409.196s][info][gc       ] GC(177) Cancelling GC: Allocation Failure During Evacuation
[409.197s][info][gc       ] GC(177) Cannot finish degeneration, upgrading to Full GC
[411.138s][info][gc       ] GC(177) Pause Degenerated GC (Outside of Cycle) 6088M->6088M(6358M) 2453.519ms
[411.138s][info][safepoint] Safepoint "ShenandoahDegeneratedGC", Time since last: 1686063 ns, Reaching safepoint: 64026 ns, At safepoint: 2453951122 ns, Total: 2454015148 ns
[411.139s][info][gc       ] Cancelling GC: Stopping VM
[411.139s][info][gc       ] Failed to allocate TLAB, 2648B
