[0.004s][info][gc] Using Epsilon
[0.131s][info][safepoint] Safepoint "ICBufferFull", Time since last: 123442981 ns, Reaching safepoint: 48825 ns, At safepoint: 735 ns, Total: 49560 ns
[0.254s][info][gc       ] Heap: 6357M reserved, 397M (6.25%) committed, 320M (5.05%) used
[0.311s][info][gc       ] Heap: 6357M reserved, 653M (10.28%) committed, 639M (10.05%) used
[0.367s][info][gc       ] Heap: 6357M reserved, 1037M (16.32%) committed, 958M (15.08%) used
[0.424s][info][gc       ] Heap: 6357M reserved, 1293M (20.34%) committed, 1277M (20.10%) used
[0.482s][info][gc       ] Heap: 6357M reserved, 1677M (26.38%) committed, 1597M (25.13%) used
[0.540s][info][gc       ] Heap: 6357M reserved, 1933M (30.41%) committed, 1918M (30.18%) used
[0.603s][info][gc       ] Heap: 6357M reserved, 2317M (36.45%) committed, 2238M (35.21%) used
[0.662s][info][gc       ] Heap: 6357M reserved, 2573M (40.48%) committed, 2557M (40.23%) used
[0.725s][info][gc       ] Heap: 6357M reserved, 2957M (46.52%) committed, 2877M (45.27%) used
[0.788s][info][gc       ] Heap: 6357M reserved, 3213M (50.55%) committed, 3197M (50.30%) used
[0.851s][info][gc       ] Heap: 6357M reserved, 3597M (56.59%) committed, 3517M (55.33%) used
[0.908s][info][gc       ] Heap: 6357M reserved, 3853M (60.61%) committed, 3836M (60.35%) used
[0.975s][info][gc       ] Heap: 6357M reserved, 4237M (66.65%) committed, 4156M (65.38%) used
[1.048s][info][gc       ] Heap: 6357M reserved, 4493M (70.68%) committed, 4476M (70.42%) used
[1.118s][info][gc       ] Heap: 6357M reserved, 4877M (76.72%) committed, 4796M (75.45%) used
[1.158s][info][safepoint] Safepoint "Cleanup", Time since last: 1027136491 ns, Reaching safepoint: 122096 ns, At safepoint: 13446 ns, Total: 135542 ns
[1.182s][info][gc       ] Heap: 6357M reserved, 5133M (80.75%) committed, 5116M (80.48%) used
[1.244s][info][gc       ] Heap: 6357M reserved, 5645M (88.80%) committed, 5586M (87.88%) used
[1.336s][info][gc       ] Heap: 6357M reserved, 6029M (94.84%) committed, 5906M (92.91%) used
[1.397s][info][gc       ] Heap: 6357M reserved, 6285M (98.87%) committed, 6226M (97.95%) used
