[0.005s][info][gc] Heuristics ergonomically sets -XX:+ExplicitGCInvokesConcurrent
[0.006s][info][gc] Heuristics ergonomically sets -XX:+ShenandoahImplicitGCInvokesConcurrent
[0.006s][info][gc] Using Shenandoah
[0.142s][info][safepoint] Safepoint "ICBufferFull", Time since last: 131539361 ns, Reaching safepoint: 136027 ns, At safepoint: 19257 ns, Total: 155284 ns
[0.519s][info][gc       ] Trigger: Learning 1 of 5. Free (4448M) is below initial threshold (4450M)
[0.520s][info][gc       ] GC(0) Concurrent reset 0.729ms
[0.522s][info][gc       ] GC(0) Pause Init Mark (unload classes) 0.588ms
[0.524s][info][safepoint] Safepoint "ShenandoahInitMark", Time since last: 379031119 ns, Reaching safepoint: 216964 ns, At safepoint: 2564151 ns, Total: 2781115 ns
[0.525s][info][gc       ] GC(0) Concurrent marking roots 0.446ms
[0.706s][info][gc       ] GC(0) Concurrent marking (unload classes) 181.048ms
[0.708s][info][gc       ] GC(0) Pause Final Mark (unload classes) 0.594ms
[0.708s][info][safepoint] Safepoint "ShenandoahFinalMarkStartEvac", Time since last: 183079283 ns, Reaching safepoint: 340622 ns, At safepoint: 1058818 ns, Total: 1399440 ns
[0.709s][info][gc       ] GC(0) Concurrent thread roots 0.234ms
[0.709s][info][gc       ] GC(0) Concurrent weak references 0.197ms
[0.710s][info][gc       ] GC(0) Concurrent weak roots 0.342ms
[0.710s][info][gc       ] GC(0) Concurrent cleanup 1938M->1872M(1950M) 0.149ms
[0.711s][info][gc       ] GC(0) Concurrent class unloading 0.471ms
[0.711s][info][safepoint] Safepoint "CleanClassLoaderDataMetaspaces", Time since last: 2614296 ns, Reaching safepoint: 112394 ns, At safepoint: 36445 ns, Total: 148839 ns
[0.711s][info][gc       ] GC(0) Concurrent strong roots 0.191ms
[0.719s][info][gc       ] GC(0) Concurrent evacuation 7.593ms
[0.719s][info][gc       ] GC(0) Pause Init Update Refs 0.010ms
[0.720s][info][safepoint] Safepoint "ShenandoahInitUpdateRefs", Time since last: 8217352 ns, Reaching safepoint: 178797 ns, At safepoint: 276808 ns, Total: 455605 ns
[0.846s][info][gc       ] GC(0) Concurrent update references 126.124ms
[0.847s][info][gc       ] GC(0) Concurrent update thread roots 0.582ms
[0.848s][info][gc       ] GC(0) Pause Final Update Refs 0.173ms
[0.848s][info][safepoint] Safepoint "ShenandoahFinalUpdateRefs", Time since last: 127616042 ns, Reaching safepoint: 293957 ns, At safepoint: 452755 ns, Total: 746712 ns
[0.848s][info][gc       ] GC(0) Concurrent cleanup 2244M->2133M(2254M) 0.196ms
[0.850s][info][gc       ] Trigger: Learning 2 of 5. Free (3891M) is below initial threshold (4450M)
[0.853s][info][gc       ] GC(1) Concurrent reset 3.277ms
[0.854s][info][gc       ] GC(1) Pause Init Mark (unload classes) 0.116ms
[0.854s][info][safepoint] Safepoint "ShenandoahInitMark", Time since last: 5732246 ns, Reaching safepoint: 267914 ns, At safepoint: 424199 ns, Total: 692113 ns
[0.855s][info][gc       ] GC(1) Concurrent marking roots 0.236ms
[0.891s][info][gc       ] GC(1) Concurrent marking (unload classes) 36.061ms
[0.893s][info][gc       ] GC(1) Pause Final Mark (unload classes) 0.508ms
[0.893s][info][safepoint] Safepoint "ShenandoahFinalMarkStartEvac", Time since last: 37346562 ns, Reaching safepoint: 292580 ns, At safepoint: 1093889 ns, Total: 1386469 ns
[0.894s][info][gc       ] GC(1) Concurrent weak references 0.046ms
[0.894s][info][gc       ] GC(1) Concurrent weak roots 0.292ms
[0.895s][info][gc       ] GC(1) Concurrent cleanup 2338M->488M(2348M) 0.214ms
[0.896s][info][gc       ] GC(1) Concurrent class unloading 0.644ms
[0.896s][info][gc       ] GC(1) Pause Final Roots 0.003ms
[0.896s][info][safepoint] Safepoint "ShenandoahFinalRoots", Time since last: 2633708 ns, Reaching safepoint: 117160 ns, At safepoint: 131728 ns, Total: 248888 ns
[1.076s][info][gc       ] Trigger: Learning 3 of 5. Free (4447M) is below initial threshold (4450M)
[1.077s][info][gc       ] GC(2) Concurrent reset 0.878ms
[1.078s][info][gc       ] GC(2) Pause Init Mark (unload classes) 0.225ms
[1.079s][info][safepoint] Safepoint "ShenandoahInitMark", Time since last: 181811044 ns, Reaching safepoint: 246876 ns, At safepoint: 747213 ns, Total: 994089 ns
[1.080s][info][gc       ] GC(2) Concurrent marking roots 0.262ms
[1.280s][info][gc       ] GC(2) Concurrent marking (unload classes) 200.311ms
[1.282s][info][gc       ] GC(2) Pause Final Mark (unload classes) 0.614ms
[1.283s][info][safepoint] Safepoint "ShenandoahFinalMarkStartEvac", Time since last: 202335822 ns, Reaching safepoint: 270783 ns, At safepoint: 1206232 ns, Total: 1477015 ns
[1.284s][info][gc       ] GC(2) Concurrent thread roots 0.285ms
[1.284s][info][gc       ] GC(2) Concurrent weak references 0.174ms
[1.285s][info][gc       ] GC(2) Concurrent weak roots 0.387ms
[1.285s][info][gc       ] GC(2) Concurrent cleanup 1943M->1886M(2348M) 0.161ms
[1.286s][info][gc       ] GC(2) Concurrent class unloading 0.511ms
[1.286s][info][gc       ] GC(2) Concurrent strong roots 0.070ms
[1.291s][info][gc       ] GC(2) Concurrent evacuation 4.793ms
[1.291s][info][gc       ] GC(2) Pause Init Update Refs 0.013ms
[1.291s][info][safepoint] Safepoint "ShenandoahInitUpdateRefs", Time since last: 8520345 ns, Reaching safepoint: 111631 ns, At safepoint: 113129 ns, Total: 224760 ns
[1.424s][info][gc       ] GC(2) Concurrent update references 132.526ms
[1.425s][info][gc       ] GC(2) Concurrent update thread roots 0.539ms
[1.426s][info][gc       ] GC(2) Pause Final Update Refs 0.167ms
[1.427s][info][safepoint] Safepoint "ShenandoahFinalUpdateRefs", Time since last: 134390226 ns, Reaching safepoint: 434193 ns, At safepoint: 575235 ns, Total: 1009428 ns
[1.428s][info][gc       ] GC(2) Concurrent cleanup 2614M->2543M(2628M) 0.191ms
[1.429s][info][gc       ] Trigger: Learning 4 of 5. Free (3475M) is below initial threshold (4450M)
[1.432s][info][gc       ] GC(3) Concurrent reset 2.174ms
[1.434s][info][gc       ] GC(3) Pause Init Mark (unload classes) 0.140ms
[1.434s][info][safepoint] Safepoint "ShenandoahInitMark", Time since last: 5188054 ns, Reaching safepoint: 2216434 ns, At safepoint: 267851 ns, Total: 2484285 ns
[1.435s][info][gc       ] GC(3) Concurrent marking roots 0.204ms
[1.528s][info][gc       ] GC(3) Concurrent marking (unload classes) 93.251ms
[1.530s][info][gc       ] GC(3) Pause Final Mark (unload classes) 0.649ms
[1.530s][info][safepoint] Safepoint "ShenandoahFinalMarkStartEvac", Time since last: 94210842 ns, Reaching safepoint: 268908 ns, At safepoint: 1147574 ns, Total: 1416482 ns
[1.531s][info][gc       ] GC(3) Concurrent weak references 0.052ms
[1.531s][info][gc       ] GC(3) Concurrent weak roots 0.335ms
[1.532s][info][gc       ] GC(3) Concurrent cleanup 3008M->1143M(3030M) 0.200ms
[1.532s][info][gc       ] GC(3) Concurrent class unloading 0.456ms
[1.533s][info][gc       ] GC(3) Pause Final Roots 0.004ms
[1.533s][info][safepoint] Safepoint "ShenandoahFinalRoots", Time since last: 2543058 ns, Reaching safepoint: 182817 ns, At safepoint: 223430 ns, Total: 406247 ns
[1.598s][info][gc       ] Trigger: Learning 5 of 5. Free (4413M) is below initial threshold (4450M)
[1.600s][info][gc       ] GC(4) Concurrent reset 1.461ms
[1.605s][info][gc       ] GC(4) Pause Init Mark (unload classes) 0.124ms
[1.605s][info][safepoint] Safepoint "ShenandoahInitMark", Time since last: 67269948 ns, Reaching safepoint: 4584269 ns, At safepoint: 534171 ns, Total: 5118440 ns
[1.606s][info][gc       ] GC(4) Concurrent marking roots 0.236ms
[1.824s][info][gc       ] GC(4) Concurrent marking (unload classes) 217.749ms
[1.825s][info][gc       ] GC(4) Pause Final Mark (unload classes) 0.541ms
[1.825s][info][safepoint] Safepoint "ShenandoahFinalMarkStartEvac", Time since last: 218956018 ns, Reaching safepoint: 198503 ns, At safepoint: 849021 ns, Total: 1047524 ns
[1.826s][info][gc       ] GC(4) Concurrent thread roots 0.309ms
[1.826s][info][gc       ] GC(4) Concurrent weak references 0.055ms
[1.827s][info][gc       ] GC(4) Concurrent weak roots 0.389ms
[1.827s][info][gc       ] GC(4) Concurrent cleanup 1968M->1930M(3030M) 0.193ms
[1.828s][info][gc       ] GC(4) Concurrent class unloading 0.716ms
[1.828s][info][gc       ] GC(4) Concurrent strong roots 0.081ms
[1.830s][info][gc       ] GC(4) Concurrent evacuation 1.669ms
[1.831s][info][gc       ] GC(4) Pause Init Update Refs 0.007ms
[1.831s][info][safepoint] Safepoint "ShenandoahInitUpdateRefs", Time since last: 4911972 ns, Reaching safepoint: 303792 ns, At safepoint: 159922 ns, Total: 463714 ns
[1.987s][info][gc       ] GC(4) Concurrent update references 155.697ms
[1.987s][info][gc       ] GC(4) Concurrent update thread roots 0.536ms
[1.988s][info][gc       ] GC(4) Pause Final Update Refs 0.146ms
[1.989s][info][safepoint] Safepoint "ShenandoahFinalUpdateRefs", Time since last: 157125782 ns, Reaching safepoint: 359186 ns, At safepoint: 505442 ns, Total: 864628 ns
[1.989s][info][gc       ] GC(4) Concurrent cleanup 2672M->2656M(3030M) 0.161ms
[2.091s][info][gc       ] Trigger: Average GC time (530.69 ms) is above the time for average allocation rate (4840 MB/s) to deplete free headroom (2492M) (margin of error = 1.80)
[2.094s][info][gc       ] GC(5) Concurrent reset 3.050ms
[2.095s][info][gc       ] GC(5) Pause Init Mark (unload classes) 0.101ms
[2.095s][info][safepoint] Safepoint "ShenandoahInitMark", Time since last: 105596726 ns, Reaching safepoint: 308349 ns, At safepoint: 354569 ns, Total: 662918 ns
[2.095s][info][gc       ] GC(5) Concurrent marking roots 0.205ms
[2.264s][info][gc       ] GC(5) Concurrent marking (unload classes) 168.344ms
[2.265s][info][gc       ] GC(5) Pause Final Mark (unload classes) 0.573ms
[2.265s][info][safepoint] Safepoint "ShenandoahFinalMarkStartEvac", Time since last: 169224856 ns, Reaching safepoint: 237788 ns, At safepoint: 824202 ns, Total: 1061990 ns
[2.266s][info][gc       ] GC(5) Concurrent weak references 0.045ms
[2.266s][info][gc       ] GC(5) Concurrent weak roots 0.256ms
[2.266s][info][gc       ] GC(5) Concurrent cleanup 3677M->1771M(3712M) 0.193ms
[2.267s][info][gc       ] GC(5) Concurrent class unloading 0.458ms
[2.267s][info][gc       ] GC(5) Pause Final Roots 0.003ms
[2.267s][info][safepoint] Safepoint "ShenandoahFinalRoots", Time since last: 1869928 ns, Reaching safepoint: 124159 ns, At safepoint: 141457 ns, Total: 265616 ns
[2.571s][info][gc       ] Trigger: Average GC time (431.31 ms) is above the time for average allocation rate (5844 MB/s) to deplete free headroom (2390M) (margin of error = 1.80)
[2.573s][info][gc       ] GC(6) Concurrent reset 2.168ms
[2.574s][info][gc       ] GC(6) Pause Init Mark (unload classes) 0.109ms
[2.574s][info][safepoint] Safepoint "ShenandoahInitMark", Time since last: 306249659 ns, Reaching safepoint: 184265 ns, At safepoint: 354787 ns, Total: 539052 ns
[2.575s][info][gc       ] GC(6) Concurrent marking roots 0.267ms
[2.751s][info][gc       ] GC(6) Concurrent marking (unload classes) 175.846ms
[2.752s][info][gc       ] GC(6) Pause Final Mark (unload classes) 0.401ms
[2.752s][info][safepoint] Safepoint "ShenandoahFinalMarkStartEvac", Time since last: 177094260 ns, Reaching safepoint: 140007 ns, At safepoint: 634079 ns, Total: 774086 ns
[2.752s][info][gc       ] GC(6) Concurrent weak references 0.049ms
[2.753s][info][gc       ] GC(6) Concurrent weak roots 0.242ms
[2.753s][info][gc       ] GC(6) Concurrent cleanup 3723M->1807M(3764M) 0.205ms
[2.754s][info][gc       ] GC(6) Concurrent class unloading 0.482ms
[2.754s][info][gc       ] GC(6) Pause Final Roots 0.004ms
[2.754s][info][safepoint] Safepoint "ShenandoahFinalRoots", Time since last: 1823739 ns, Reaching safepoint: 125004 ns, At safepoint: 130322 ns, Total: 255326 ns
[3.057s][info][gc       ] Trigger: Average GC time (355.27 ms) is above the time for average allocation rate (6356 MB/s) to deplete free headroom (2129M) (margin of error = 1.80)
[3.060s][info][gc       ] GC(7) Concurrent reset 2.358ms
[3.060s][info][gc       ] GC(7) Pause Init Mark (unload classes) 0.109ms
[3.061s][info][safepoint] Safepoint "ShenandoahInitMark", Time since last: 305701690 ns, Reaching safepoint: 189736 ns, At safepoint: 505879 ns, Total: 695615 ns
[3.061s][info][gc       ] GC(7) Concurrent marking roots 0.225ms
[3.272s][info][gc       ] GC(7) Concurrent marking (unload classes) 211.044ms
[3.274s][info][gc       ] GC(7) Pause Final Mark (unload classes) 0.574ms
[3.274s][info][safepoint] Safepoint "ShenandoahFinalMarkStartEvac", Time since last: 212192371 ns, Reaching safepoint: 236387 ns, At safepoint: 1066705 ns, Total: 1303092 ns
[3.274s][info][gc       ] GC(7) Concurrent weak references 0.058ms
[3.275s][info][gc       ] GC(7) Concurrent weak roots 0.261ms
[3.275s][info][gc       ] GC(7) Concurrent cleanup 3769M->1821M(3808M) 0.220ms
[3.276s][info][gc       ] GC(7) Concurrent class unloading 0.462ms
[3.276s][info][gc       ] GC(7) Pause Final Roots 0.002ms
[3.276s][info][safepoint] Safepoint "ShenandoahFinalRoots", Time since last: 1934092 ns, Reaching safepoint: 110685 ns, At safepoint: 148116 ns, Total: 258801 ns
[3.780s][info][gc       ] Trigger: Average GC time (318.29 ms) is above the time for average allocation rate (4506 MB/s) to deplete free headroom (1354M) (margin of error = 1.80)
[3.783s][info][gc       ] GC(8) Concurrent reset 3.253ms
[3.784s][info][gc       ] GC(8) Pause Init Mark (unload classes) 0.113ms
[3.785s][info][safepoint] Safepoint "ShenandoahInitMark", Time since last: 507522685 ns, Reaching safepoint: 339949 ns, At safepoint: 702270 ns, Total: 1042219 ns
[3.786s][info][gc       ] GC(8) Concurrent marking roots 0.306ms
[3.861s][info][gc       ] GC(8) Concurrent marking (unload classes) 75.390ms
[3.863s][info][gc       ] GC(8) Pause Final Mark (unload classes) 0.713ms
[3.863s][info][safepoint] Safepoint "ShenandoahFinalMarkStartEvac", Time since last: 76892025 ns, Reaching safepoint: 465255 ns, At safepoint: 1161469 ns, Total: 1626724 ns
[3.864s][info][gc       ] GC(8) Concurrent weak references 0.089ms
[3.865s][info][gc       ] GC(8) Concurrent weak roots 0.514ms
[3.865s][info][gc       ] GC(8) Concurrent cleanup 4716M->963M(4762M) 0.295ms
[3.866s][info][gc       ] GC(8) Concurrent class unloading 0.782ms
[3.866s][info][gc       ] GC(8) Pause Final Roots 0.003ms
[3.867s][info][safepoint] Safepoint "ShenandoahFinalRoots", Time since last: 2993379 ns, Reaching safepoint: 121771 ns, At safepoint: 202178 ns, Total: 323949 ns
[4.585s][info][gc       ] Trigger: Average GC time (285.38 ms) is above the time for average allocation rate (5457 MB/s) to deplete free headroom (1132M) (margin of error = 1.79)
[4.587s][info][gc       ] GC(9) Concurrent reset 1.695ms
[4.588s][info][gc       ] GC(9) Pause Init Mark (unload classes) 0.134ms
[4.588s][info][safepoint] Safepoint "ShenandoahInitMark", Time since last: 720766872 ns, Reaching safepoint: 339329 ns, At safepoint: 351426 ns, Total: 690755 ns
[4.589s][info][gc       ] GC(9) Concurrent marking roots 0.282ms
[4.670s][info][gc       ] GC(9) Concurrent marking (unload classes) 80.985ms
[4.671s][info][gc       ] GC(9) Pause Final Mark (unload classes) 0.516ms
[4.672s][info][safepoint] Safepoint "ShenandoahFinalMarkStartEvac", Time since last: 82383696 ns, Reaching safepoint: 332183 ns, At safepoint: 918554 ns, Total: 1250737 ns
[4.672s][info][gc       ] GC(9) Concurrent weak references 0.090ms
[4.673s][info][gc       ] GC(9) Concurrent weak roots 0.410ms
[4.673s][info][gc       ] GC(9) Concurrent cleanup 4871M->1025M(4918M) 0.236ms
[4.674s][info][gc       ] GC(9) Concurrent class unloading 0.512ms
[4.676s][info][gc       ] GC(9) Pause Final Roots 0.003ms
[4.676s][info][safepoint] Safepoint "ShenandoahFinalRoots", Time since last: 2296051 ns, Reaching safepoint: 2152855 ns, At safepoint: 172799 ns, Total: 2325654 ns
[5.392s][info][gc       ] Trigger: Average GC time (229.37 ms) is above the time for average allocation rate (5459 MB/s) to deplete free headroom (1172M) (margin of error = 1.78)
[5.394s][info][gc       ] GC(10) Concurrent reset 1.830ms
[5.395s][info][gc       ] GC(10) Pause Init Mark (unload classes) 0.244ms
[5.396s][info][safepoint] Safepoint "ShenandoahInitMark", Time since last: 718346695 ns, Reaching safepoint: 275092 ns, At safepoint: 703705 ns, Total: 978797 ns
[5.396s][info][gc       ] GC(10) Concurrent marking roots 0.268ms
[5.470s][info][gc       ] GC(10) Concurrent marking (unload classes) 73.543ms
[5.472s][info][gc       ] GC(10) Pause Final Mark (unload classes) 0.591ms
[5.472s][info][safepoint] Safepoint "ShenandoahFinalMarkStartEvac", Time since last: 75196721 ns, Reaching safepoint: 326431 ns, At safepoint: 927040 ns, Total: 1253471 ns
[5.473s][info][gc       ] GC(10) Concurrent weak references 0.046ms
[5.474s][info][gc       ] GC(10) Concurrent weak roots 1.021ms
[5.474s][info][gc       ] GC(10) Concurrent cleanup 4949M->1122M(4996M) 0.229ms
[5.475s][info][gc       ] GC(10) Concurrent class unloading 0.666ms
[5.475s][info][gc       ] GC(10) Pause Final Roots 0.003ms
[5.475s][info][safepoint] Safepoint "ShenandoahFinalRoots", Time since last: 3062791 ns, Reaching safepoint: 109160 ns, At safepoint: 121203 ns, Total: 230363 ns
[6.197s][info][gc       ] Trigger: Average GC time (185.43 ms) is above the time for average allocation rate (5826 MB/s) to deplete free headroom (852M) (margin of error = 1.77)
[6.199s][info][gc       ] GC(11) Concurrent reset 2.353ms
[6.203s][info][gc       ] GC(11) Pause Init Mark (unload classes) 0.117ms
[6.204s][info][safepoint] Safepoint "ShenandoahInitMark", Time since last: 724304719 ns, Reaching safepoint: 3350091 ns, At safepoint: 469220 ns, Total: 3819311 ns
[6.204s][info][gc       ] GC(11) Concurrent marking roots 0.272ms
[6.324s][info][gc       ] GC(11) Concurrent marking (unload classes) 119.328ms
[6.325s][info][gc       ] GC(11) Pause Final Mark (unload classes) 0.661ms
[6.326s][info][safepoint] Safepoint "ShenandoahFinalMarkStartEvac", Time since last: 120699856 ns, Reaching safepoint: 425716 ns, At safepoint: 968488 ns, Total: 1394204 ns
[6.326s][info][gc       ] GC(11) Concurrent weak references 0.080ms
[6.326s][info][gc       ] GC(11) Concurrent weak roots 0.233ms
[6.327s][info][gc       ] GC(11) Concurrent cleanup 5247M->1422M(5294M) 0.228ms
[6.328s][info][gc       ] GC(11) Concurrent class unloading 0.553ms
[6.328s][info][gc       ] GC(11) Pause Final Roots 0.002ms
[6.328s][info][safepoint] Safepoint "ShenandoahFinalRoots", Time since last: 2106746 ns, Reaching safepoint: 180905 ns, At safepoint: 166659 ns, Total: 347564 ns
[6.865s][info][gc       ] Cancelling GC: Stopping VM
