[0.005s][info][gc] Using Parallel
[0.117s][info][safepoint] Safepoint "ICBufferFull", Time since last: 107226965 ns, Reaching safepoint: 62689 ns, At safepoint: 9981 ns, Total: 72670 ns
[0.224s][info][gc       ] GC(0) Pause Young (Allocation Failure) 99M->28M(381M) 17.587ms
[0.224s][info][safepoint] Safepoint "ParallelGCFailedAllocation", Time since last: 89251886 ns, Reaching safepoint: 101096 ns, At safepoint: 18211763 ns, Total: 18312859 ns
[0.293s][info][gc       ] GC(1) Pause Young (Allocation Failure) 127M->121M(481M) 56.050ms
[0.294s][info][safepoint] Safepoint "ParallelGCFailedAllocation", Time since last: 13150446 ns, Reaching safepoint: 119244 ns, At safepoint: 56683374 ns, Total: 56802618 ns
[0.427s][info][gc       ] GC(2) Pause Young (Allocation Failure) 313M->303M(503M) 104.903ms
[0.647s][info][gc       ] GC(3) Pause Full (Ergonomics) 303M->301M(861M) 219.419ms
[0.648s][info][safepoint] Safepoint "ParallelGCFailedAllocation", Time since last: 27913861 ns, Reaching safepoint: 211176 ns, At safepoint: 325425426 ns, Total: 325636602 ns
[0.802s][info][gc       ] GC(4) Pause Young (Allocation Failure) 500M->482M(979M) 128.731ms
[1.074s][info][gc       ] GC(5) Pause Full (Ergonomics) 482M->481M(1345M) 272.111ms
[1.074s][info][safepoint] Safepoint "ParallelGCFailedAllocation", Time since last: 25326660 ns, Reaching safepoint: 171624 ns, At safepoint: 401346043 ns, Total: 401517667 ns
[1.379s][info][gc       ] GC(6) Pause Young (Allocation Failure) 863M->865M(1040M) 245.332ms
[1.917s][info][gc       ] GC(7) Pause Full (Ergonomics) 865M->847M(2017M) 538.001ms
[1.917s][info][safepoint] Safepoint "ParallelGCFailedAllocation", Time since last: 58625826 ns, Reaching safepoint: 181211 ns, At safepoint: 784048510 ns, Total: 784229721 ns
[2.012s][info][gc       ] GC(8) Pause Young (Allocation Failure) 924M->924M(2022M) 83.419ms
[2.012s][info][safepoint] Safepoint "ParallelGCFailedAllocation", Time since last: 11323376 ns, Reaching safepoint: 151760 ns, At safepoint: 83694332 ns, Total: 83846092 ns
[2.197s][info][gc       ] GC(9) Pause Young (Allocation Failure) 1012M->1012M(2038M) 171.847ms
[2.197s][info][safepoint] Safepoint "ParallelGCFailedAllocation", Time since last: 12138897 ns, Reaching safepoint: 130692 ns, At safepoint: 172105434 ns, Total: 172236126 ns
[2.346s][info][gc       ] GC(10) Pause Young (Allocation Failure) 1121M->1121M(2040M) 134.275ms
[2.346s][info][safepoint] Safepoint "ParallelGCFailedAllocation", Time since last: 14314768 ns, Reaching safepoint: 127873 ns, At safepoint: 134519563 ns, Total: 134647436 ns
[2.520s][info][gc       ] GC(11) Pause Young (Allocation Failure) 1266M->1265M(2062M) 151.613ms
[2.520s][info][safepoint] Safepoint "ParallelGCFailedAllocation", Time since last: 21913162 ns, Reaching safepoint: 166846 ns, At safepoint: 151906893 ns, Total: 152073739 ns
[2.858s][info][gc       ] GC(12) Pause Young (Allocation Failure) 1410M->1411M(2097M) 315.703ms
[2.858s][info][safepoint] Safepoint "ParallelGCFailedAllocation", Time since last: 22409944 ns, Reaching safepoint: 187444 ns, At safepoint: 315963851 ns, Total: 316151295 ns
[3.029s][info][gc       ] GC(13) Pause Young (Allocation Failure) 1518M->1519M(2195M) 154.842ms
[3.029s][info][safepoint] Safepoint "ParallelGCFailedAllocation", Time since last: 15538022 ns, Reaching safepoint: 139942 ns, At safepoint: 155127453 ns, Total: 155267395 ns
[3.278s][info][gc       ] GC(14) Pause Young (Allocation Failure) 1626M->1592M(2311M) 234.821ms
[4.176s][info][gc       ] GC(15) Pause Full (Ergonomics) 1592M->1565M(2982M) 897.082ms
[4.176s][info][safepoint] Safepoint "ParallelGCFailedAllocation", Time since last: 14220528 ns, Reaching safepoint: 141599 ns, At safepoint: 1132630091 ns, Total: 1132771690 ns
[4.460s][info][gc       ] GC(16) Pause Young (Allocation Failure) 1724M->1725M(2981M) 202.811ms
[4.460s][info][safepoint] Safepoint "ParallelGCFailedAllocation", Time since last: 80343125 ns, Reaching safepoint: 188358 ns, At safepoint: 203085770 ns, Total: 203274128 ns
[4.802s][info][gc       ] GC(17) Pause Young (Allocation Failure) 1885M->1834M(3012M) 254.210ms
[4.802s][info][safepoint] Safepoint "ParallelGCFailedAllocation", Time since last: 87364669 ns, Reaching safepoint: 224751 ns, At safepoint: 254575036 ns, Total: 254799787 ns
[4.995s][info][gc       ] GC(18) Pause Young (Allocation Failure) 2059M->2047M(3021M) 161.514ms
[4.995s][info][safepoint] Safepoint "ParallelGCFailedAllocation", Time since last: 31193045 ns, Reaching safepoint: 194105 ns, At safepoint: 161781766 ns, Total: 161975871 ns
[5.215s][info][gc       ] GC(19) Pause Young (Allocation Failure) 2260M->2263M(3040M) 189.013ms
[5.579s][info][gc       ] GC(20) Pause Full (Ergonomics) 2263M->451M(2049M) 363.215ms
[5.579s][info][safepoint] Safepoint "ParallelGCFailedAllocation", Time since last: 31129893 ns, Reaching safepoint: 207904 ns, At safepoint: 552881809 ns, Total: 553089713 ns
[5.745s][info][gc       ] GC(21) Pause Young (Allocation Failure) 778M->760M(2103M) 120.639ms
[5.745s][info][safepoint] Safepoint "ParallelGCFailedAllocation", Time since last: 44320634 ns, Reaching safepoint: 183914 ns, At safepoint: 120893975 ns, Total: 121077889 ns
[5.958s][info][gc       ] GC(22) Pause Young (Allocation Failure) 1169M->1147M(2125M) 150.915ms
[5.958s][info][safepoint] Safepoint "ParallelGCFailedAllocation", Time since last: 61666114 ns, Reaching safepoint: 200151 ns, At safepoint: 151227176 ns, Total: 151427327 ns
[6.289s][info][gc       ] GC(23) Pause Young (Allocation Failure) 1537M->1567M(2254M) 272.583ms
[7.326s][info][gc       ] GC(24) Pause Full (Ergonomics) 1567M->1517M(3195M) 1036.736ms
[7.326s][info][safepoint] Safepoint "ParallelGCFailedAllocation", Time since last: 58166549 ns, Reaching safepoint: 181245 ns, At safepoint: 1310007307 ns, Total: 1310188552 ns
[7.870s][info][gc       ] GC(25) Pause Young (Allocation Failure) 2018M->1968M(3209M) 358.468ms
[7.871s][info][safepoint] Safepoint "ParallelGCFailedAllocation", Time since last: 185387334 ns, Reaching safepoint: 215026 ns, At safepoint: 358789145 ns, Total: 359004171 ns
[8.486s][info][gc       ] GC(26) Pause Young (Allocation Failure) 2470M->2450M(3333M) 541.159ms
[8.970s][info][gc       ] GC(27) Pause Full (Ergonomics) 2450M->646M(3006M) 483.786ms
[8.971s][info][safepoint] Safepoint "ParallelGCFailedAllocation", Time since last: 74090563 ns, Reaching safepoint: 297497 ns, At safepoint: 1025630474 ns, Total: 1025927971 ns
[9.278s][info][gc       ] GC(28) Pause Young (Allocation Failure) 1226M->1203M(3115M) 216.579ms
[9.279s][info][safepoint] Safepoint "ParallelGCFailedAllocation", Time since last: 90855078 ns, Reaching safepoint: 301343 ns, At safepoint: 216861284 ns, Total: 217162627 ns
[9.749s][info][gc       ] GC(29) Pause Young (Allocation Failure) 1893M->1766M(3158M) 255.274ms
[9.749s][info][safepoint] Safepoint "ParallelGCFailedAllocation", Time since last: 215049519 ns, Reaching safepoint: 203596 ns, At safepoint: 255562971 ns, Total: 255766567 ns
[10.166s][info][gc       ] GC(30) Pause Young (Allocation Failure) 2451M->2413M(3181M) 315.210ms
[10.692s][info][gc       ] GC(31) Pause Full (Ergonomics) 2413M->676M(3450M) 525.260ms
[10.692s][info][safepoint] Safepoint "ParallelGCFailedAllocation", Time since last: 101327784 ns, Reaching safepoint: 244343 ns, At safepoint: 841364764 ns, Total: 841609107 ns
[10.908s][info][gc       ] GC(32) Pause Young (Allocation Failure) 1383M->1356M(3450M) 120.248ms
[10.909s][info][safepoint] Safepoint "ParallelGCFailedAllocation", Time since last: 95511824 ns, Reaching safepoint: 195393 ns, At safepoint: 120618194 ns, Total: 120813587 ns
[11.382s][info][gc       ] GC(33) Pause Young (Allocation Failure) 2063M->1933M(3450M) 268.308ms
[11.539s][info][gc       ] GC(34) Pause Full (Ergonomics) 1933M->194M(3092M) 157.069ms
[11.539s][info][safepoint] Safepoint "ParallelGCFailedAllocation", Time since last: 204306148 ns, Reaching safepoint: 222979 ns, At safepoint: 425902867 ns, Total: 426125846 ns
[11.743s][info][gc       ] GC(35) Pause Young (Allocation Failure) 901M->869M(3092M) 102.074ms
[11.744s][info][safepoint] Safepoint "ParallelGCFailedAllocation", Time since last: 101791093 ns, Reaching safepoint: 198234 ns, At safepoint: 102475448 ns, Total: 102673682 ns
[12.129s][info][gc       ] GC(36) Pause Young (Allocation Failure) 1553M->1562M(3092M) 282.487ms
[13.267s][info][gc       ] GC(37) Pause Full (Ergonomics) 1562M->1517M(4570M) 1137.208ms
[13.267s][info][safepoint] Safepoint "ParallelGCFailedAllocation", Time since last: 102496829 ns, Reaching safepoint: 357276 ns, At safepoint: 1420550541 ns, Total: 1420907817 ns
[13.636s][info][gc       ] GC(38) Pause Young (Allocation Failure) 2224M->2192M(4570M) 163.346ms
[13.637s][info][safepoint] Safepoint "ParallelGCFailedAllocation", Time since last: 205595064 ns, Reaching safepoint: 206805 ns, At safepoint: 163838160 ns, Total: 164044965 ns
[14.240s][info][gc       ] GC(39) Pause Young (Allocation Failure) 2877M->2847M(4570M) 502.704ms
[14.241s][info][safepoint] Safepoint "ParallelGCFailedAllocation", Time since last: 100672958 ns, Reaching safepoint: 219689 ns, At safepoint: 502986892 ns, Total: 503206581 ns
[14.878s][info][gc       ] GC(40) Pause Young (Allocation Failure) 3554M->3499M(4570M) 529.726ms
[15.988s][info][gc       ] GC(41) Pause Full (Ergonomics) 3499M->1657M(4915M) 1110.050ms
[15.989s][info][safepoint] Safepoint "ParallelGCFailedAllocation", Time since last: 107794527 ns, Reaching safepoint: 160485 ns, At safepoint: 1640553623 ns, Total: 1640714108 ns
[16.369s][info][gc       ] GC(42) Pause Young (Allocation Failure) 2364M->2331M(4915M) 173.308ms
[16.369s][info][safepoint] Safepoint "ParallelGCFailedAllocation", Time since last: 206156238 ns, Reaching safepoint: 160875 ns, At safepoint: 173758150 ns, Total: 173919025 ns
[16.817s][info][gc       ] GC(43) Pause Young (Allocation Failure) 3038M->3002M(4915M) 342.882ms
[16.817s][info][safepoint] Safepoint "ParallelGCFailedAllocation", Time since last: 104299902 ns, Reaching safepoint: 207475 ns, At safepoint: 343158846 ns, Total: 343366321 ns
[17.340s][info][gc       ] GC(44) Pause Young (Allocation Failure) 3709M->3571M(4915M) 307.204ms
[17.396s][info][gc       ] GC(45) Pause Full (Ergonomics) 3571M->55M(3441M) 55.727ms
[17.396s][info][safepoint] Safepoint "ParallelGCFailedAllocation", Time since last: 216009027 ns, Reaching safepoint: 169872 ns, At safepoint: 363447864 ns, Total: 363617736 ns
[17.601s][info][gc       ] GC(46) Pause Young (Allocation Failure) 762M->713M(3441M) 101.486ms
[17.601s][info][safepoint] Safepoint "ParallelGCFailedAllocation", Time since last: 102626478 ns, Reaching safepoint: 219173 ns, At safepoint: 102003213 ns, Total: 102222386 ns
[17.983s][info][gc       ] GC(47) Pause Young (Allocation Failure) 1420M->1400M(3441M) 275.339ms
[17.984s][info][safepoint] Safepoint "ParallelGCFailedAllocation", Time since last: 106521206 ns, Reaching safepoint: 237958 ns, At safepoint: 275603860 ns, Total: 275841818 ns
[18.464s][info][gc       ] GC(48) Pause Young (Allocation Failure) 2107M->1975M(3441M) 270.667ms
[18.618s][info][gc       ] GC(49) Pause Full (Ergonomics) 1975M->244M(3728M) 154.103ms
[18.619s][info][safepoint] Safepoint "ParallelGCFailedAllocation", Time since last: 209535488 ns, Reaching safepoint: 215063 ns, At safepoint: 425440749 ns, Total: 425655812 ns
[18.836s][info][gc       ] GC(50) Pause Young (Allocation Failure) 951M->926M(3728M) 110.405ms
[18.836s][info][safepoint] Safepoint "ParallelGCFailedAllocation", Time since last: 106467682 ns, Reaching safepoint: 161282 ns, At safepoint: 110849050 ns, Total: 111010332 ns
[19.232s][info][gc       ] GC(51) Pause Young (Allocation Failure) 1633M->1578M(3728M) 291.910ms
[19.232s][info][safepoint] Safepoint "ParallelGCFailedAllocation", Time since last: 103410560 ns, Reaching safepoint: 357416 ns, At safepoint: 292182924 ns, Total: 292540340 ns
[19.727s][info][gc       ] GC(52) Pause Young (Allocation Failure) 2285M->2201M(3728M) 266.225ms
[20.129s][info][gc       ] GC(53) Pause Full (Ergonomics) 2201M->445M(4023M) 401.615ms
[20.129s][info][safepoint] Safepoint "ParallelGCFailedAllocation", Time since last: 228041234 ns, Reaching safepoint: 270092 ns, At safepoint: 668552058 ns, Total: 668822150 ns
[20.349s][info][gc       ] GC(54) Pause Young (Allocation Failure) 1152M->1112M(4023M) 112.190ms
[20.349s][info][safepoint] Safepoint "ParallelGCFailedAllocation", Time since last: 107133106 ns, Reaching safepoint: 222888 ns, At safepoint: 112485765 ns, Total: 112708653 ns
[20.822s][info][gc       ] GC(55) Pause Young (Allocation Failure) 1819M->1715M(4023M) 271.680ms
[20.822s][info][safepoint] Safepoint "ParallelGCFailedAllocation", Time since last: 200694556 ns, Reaching safepoint: 193533 ns, At safepoint: 271973195 ns, Total: 272166728 ns
[21.213s][info][gc       ] GC(56) Pause Young (Allocation Failure) 2422M->2356M(4023M) 255.175ms
[21.787s][info][gc       ] GC(57) Pause Full (Ergonomics) 2356M->640M(4294M) 574.429ms
[21.788s][info][safepoint] Safepoint "ParallelGCFailedAllocation", Time since last: 135425012 ns, Reaching safepoint: 217712 ns, At safepoint: 830500856 ns, Total: 830718568 ns
[21.998s][info][gc       ] GC(58) Pause Young (Allocation Failure) 1347M->1325M(4294M) 110.870ms
[21.999s][info][safepoint] Safepoint "ParallelGCFailedAllocation", Time since last: 99448679 ns, Reaching safepoint: 197151 ns, At safepoint: 111295660 ns, Total: 111492811 ns
[22.473s][info][gc       ] GC(59) Pause Young (Allocation Failure) 2032M->1898M(4294M) 267.416ms
[22.473s][info][safepoint] Safepoint "ParallelGCFailedAllocation", Time since last: 206550425 ns, Reaching safepoint: 344483 ns, At safepoint: 267719909 ns, Total: 268064392 ns
[22.870s][info][gc       ] GC(60) Pause Young (Allocation Failure) 2605M->2571M(4294M) 288.781ms
[23.567s][info][gc       ] GC(61) Pause Full (Ergonomics) 2571M->832M(4572M) 696.295ms
[23.568s][info][safepoint] Safepoint "ParallelGCFailedAllocation", Time since last: 107902242 ns, Reaching safepoint: 295132 ns, At safepoint: 985954296 ns, Total: 986249428 ns
[23.795s][info][gc       ] GC(62) Pause Young (Allocation Failure) 1539M->1540M(4572M) 126.229ms
[23.795s][info][safepoint] Safepoint "ParallelGCFailedAllocation", Time since last: 100449174 ns, Reaching safepoint: 203874 ns, At safepoint: 126533499 ns, Total: 126737373 ns
[24.321s][info][gc       ] GC(63) Pause Young (Allocation Failure) 2247M->2119M(4572M) 312.435ms
[24.321s][info][safepoint] Safepoint "ParallelGCFailedAllocation", Time since last: 213515660 ns, Reaching safepoint: 207536 ns, At safepoint: 312764556 ns, Total: 312972092 ns
[24.774s][info][gc       ] GC(64) Pause Young (Allocation Failure) 2809M->2776M(4572M) 347.601ms
[25.591s][info][gc       ] GC(65) Pause Full (Ergonomics) 2776M->1012M(4882M) 816.117ms
[25.591s][info][safepoint] Safepoint "ParallelGCFailedAllocation", Time since last: 105101082 ns, Reaching safepoint: 223564 ns, At safepoint: 1164561664 ns, Total: 1164785228 ns
[25.801s][info][gc       ] GC(66) Pause Young (Allocation Failure) 1719M->1683M(4882M) 110.345ms
[25.801s][info][safepoint] Safepoint "ParallelGCFailedAllocation", Time since last: 98680420 ns, Reaching safepoint: 246701 ns, At safepoint: 111037937 ns, Total: 111284638 ns
[26.275s][info][gc       ] GC(67) Pause Young (Allocation Failure) 2390M->2305M(4882M) 258.127ms
[26.275s][info][safepoint] Safepoint "ParallelGCFailedAllocation", Time since last: 215190588 ns, Reaching safepoint: 256168 ns, At safepoint: 258403339 ns, Total: 258659507 ns
[26.797s][info][gc       ] GC(68) Pause Young (Allocation Failure) 3012M->2976M(4882M) 416.886ms
[26.797s][info][safepoint] Safepoint "ParallelGCFailedAllocation", Time since last: 104386576 ns, Reaching safepoint: 257590 ns, At safepoint: 417151559 ns, Total: 417409149 ns
[27.529s][info][gc       ] GC(69) Pause Young (Allocation Failure) 3683M->3545M(4882M) 517.512ms
[27.583s][info][gc       ] GC(70) Pause Full (Ergonomics) 3545M->57M(3986M) 53.714ms
[27.584s][info][safepoint] Safepoint "ParallelGCFailedAllocation", Time since last: 214739899 ns, Reaching safepoint: 213014 ns, At safepoint: 571815016 ns, Total: 572028030 ns
[27.791s][info][gc       ] GC(71) Pause Young (Allocation Failure) 764M->722M(3986M) 101.391ms
[27.792s][info][safepoint] Safepoint "ParallelGCFailedAllocation", Time since last: 106050512 ns, Reaching safepoint: 215949 ns, At safepoint: 101960458 ns, Total: 102176407 ns
[28.193s][info][gc       ] GC(72) Pause Young (Allocation Failure) 1429M->1409M(3986M) 290.030ms
[28.193s][info][safepoint] Safepoint "ParallelGCFailedAllocation", Time since last: 111008575 ns, Reaching safepoint: 206242 ns, At safepoint: 290373141 ns, Total: 290579383 ns
