[0.004s][info][gc] Using Epsilon
[0.116s][info][safepoint] Safepoint "ICBufferFull", Time since last: 108532688 ns, Reaching safepoint: 35881 ns, At safepoint: 681 ns, Total: 36562 ns
[0.259s][info][gc       ] Heap: 6357M reserved, 397M (6.25%) committed, 318M (5.01%) used
[0.328s][info][gc       ] Heap: 6357M reserved, 653M (10.28%) committed, 636M (10.01%) used
[0.405s][info][gc       ] Heap: 6357M reserved, 1037M (16.32%) committed, 955M (15.04%) used
[0.496s][info][gc       ] Heap: 6357M reserved, 1293M (20.34%) committed, 1275M (20.06%) used
[0.596s][info][gc       ] Heap: 6357M reserved, 1677M (26.38%) committed, 1595M (25.09%) used
[0.778s][info][gc       ] Heap: 6357M reserved, 1933M (30.41%) committed, 1915M (30.14%) used
[0.916s][info][gc       ] Heap: 6357M reserved, 2317M (36.45%) committed, 2234M (35.14%) used
[1.017s][info][gc       ] Heap: 6357M reserved, 2573M (40.48%) committed, 2552M (40.14%) used
[1.126s][info][gc       ] Heap: 6357M reserved, 2957M (46.52%) committed, 2871M (45.17%) used
[1.157s][info][safepoint] Safepoint "Cleanup", Time since last: 1040079636 ns, Reaching safepoint: 217807 ns, At safepoint: 9160 ns, Total: 226967 ns
[1.227s][info][gc       ] Heap: 6357M reserved, 3213M (50.55%) committed, 3190M (50.19%) used
[1.327s][info][gc       ] Heap: 6357M reserved, 3597M (56.59%) committed, 3510M (55.22%) used
[1.480s][info][gc       ] Heap: 6357M reserved, 3853M (60.61%) committed, 3831M (60.27%) used
[1.637s][info][gc       ] Heap: 6357M reserved, 4237M (66.65%) committed, 4150M (65.29%) used
[1.747s][info][gc       ] Heap: 6357M reserved, 4493M (70.68%) committed, 4469M (70.30%) used
[1.856s][info][gc       ] Heap: 6357M reserved, 4877M (76.72%) committed, 4788M (75.32%) used
[1.957s][info][gc       ] Heap: 6357M reserved, 5133M (80.75%) committed, 5107M (80.34%) used
[2.055s][info][gc       ] Heap: 6357M reserved, 5517M (86.79%) committed, 5427M (85.38%) used
[2.157s][info][safepoint] Safepoint "Cleanup", Time since last: 1000670385 ns, Reaching safepoint: 103988 ns, At safepoint: 10037 ns, Total: 114025 ns
[2.200s][info][gc       ] Heap: 6357M reserved, 5773M (90.81%) committed, 5748M (90.42%) used
[2.346s][info][gc       ] Heap: 6357M reserved, 6157M (96.85%) committed, 6069M (95.47%) used
