[0.092s][info][gc] [GCHH : Zing name     : Zing 64-Bit Tiered VM mixed mode ]
[0.092s][info][gc] [GCHH : Zing release  : 17.0.4.1-zing_22.09.0.0-b2-product-linux-X86_64 ]
[0.092s][info][gc] [GCHH : OS name       : Linux ]
[0.092s][info][gc] [GCHH : OS release    : 5.10.102.1-microsoft-standard-WSL2 #1 SMP Wed Mar 2 00:30:59 UTC 2022 ]
[0.092s][info][gc] [GCHH : hardware      : x86_64 ]
[0.092s][info][gc] [GCHH : ncpus         : 16 16 8 16 8 ]
[0.092s][info][gc] [GCHH : TSC           : scaling_driver NA tsc on constant_tsc on nonstop_tsc on distrust_calculated_tsc_freq no UseRdtscForVMInternal false UseRdtsc false ]
[0.092s][info][gc] [GCHH : machine name  : ZUEN51878 ]
[0.092s][info][gc] [GCHH : CGroups information: ]
[0.092s][info][gc] [GCHH :   Container Type                   : cgroupv1 ]
[0.092s][info][gc] [GCHH :   Active processor count           : 16 ]
[0.092s][info][gc] [GCHH :   Active processor count(internal) : 16 ]
[0.092s][info][gc] [GCHH :   Available memory nodes           : 0 ]
[0.092s][info][gc] [GCHH :   Available CPUs                   : 0-15 ]
[0.092s][info][gc] [GCHH :   CPU quota, us                    : -1 ]
[0.092s][info][gc] [GCHH :   CPU period, us                   : 100000 ]
[0.092s][info][gc] [GCHH :   CPU shares                       : -1 ]
[0.092s][info][gc] [GCHH :   Memory and swap limit, bytes     : -1 ]
[0.092s][info][gc] [GCHH :   Memory limit, bytes              : -1 ]
[0.092s][info][gc] [GCHH :   Memory soft limit, bytes         : -1 ]
[0.092s][info][gc] [GCHH : start time    : Sat Oct 15 16:23:33 CST 2022 ]
[0.092s][info][gc] [GCHH : start time ms : 1665822213089 ]
[0.092s][info][gc] [GCHH : process id    : 1439 ]
[0.092s][info][gc] [GCHH : sequence no.  : 0 ]
[0.092s][info][gc] [GCHH : Memory configuration and use (MB) : ]
[0.092s][info][gc] [GCHH :   System RAM max             : 25429 ]
[0.092s][info][gc] [GCHH :   System RAM free            : 24054 ]
[0.092s][info][gc] [GCHH :   Use ZST                    : false ]
[0.092s][info][gc] [GCHH :   Process Zing maximum              : 6356 ]
[0.092s][info][gc] [GCHH :   Process Zing reserved (-Xmx)      : 6356 ]
[0.092s][info][gc] [GCHH :   Process Zing initial  (-Xms)      : 512 ]
[0.092s][info][gc] [GCHH :   Code cache location     : C Heap Memory ]
[0.092s][info][gc] [GCHH :   Code cache mlocked      : false ]
[0.092s][info][gc] [GCHH :   Code cache min          : 16 ]
[0.092s][info][gc] [GCHH :   Code cache max          : 636 ]
[0.092s][info][gc] [GCHH :   Code cache page size    : THP always (C heap) ]
[0.092s][info][gc] [GCHH :   Side band (C Heap)      : 24 ]
[0.092s][info][gc] [GCHH :   Side band mlocked       : true ]
[0.092s][info][gc] [GCHH :   Side band page size     : Small (Java heap); THP always (C heap) ]
[0.092s][info][gc] [GCHH :   Monitor cache location  : C Heap Memory ]
[0.092s][info][gc] [GCHH :   Monitor cache mlocked   : true ]
[0.092s][info][gc] [GCHH :   Monitor cache min       : 0 ]
[0.092s][info][gc] [GCHH :   Monitor cache max       : 512 ]
[0.092s][info][gc] [GCHH :   Monitor cache page size : THP always (C heap) ]
[0.092s][info][gc] [GCHH :   Enable java heap elasticity : true ]
[0.092s][info][gc] [GCHH :   Force NUMA interleaving     : false ]
[0.092s][info][gc] [GCHH :   Use transparent huge pages for java heap : false ]
[0.092s][info][gc] [GCHH :   Use explicit huge pages for java heap    : false ]
[0.092s][info][gc] [GCHH : Compiler Tier 1 : C1 ]
[0.092s][info][gc] [GCHH : Compiler Tier 2 : Falcon ]
[0.092s][info][gc] [GCHH : Garbage collection type     : C4 ]
[0.092s][info][gc] [GCHH : GenPauseless Phase Encoding : Sparse ]
[0.092s][info][gc] [GCHH : GenPauseless GC physical use soft limits (MB) : ]
[0.092s][info][gc] [GCHH :   New Generation          : 6356 ]
[0.092s][info][gc] [GCHH :   Old/Perm Generations    : 6356 ]
[0.092s][info][gc] [GCHH : GenPauseless GC virtual use limits (MB) : ]
[0.092s][info][gc] [GCHH :   New Generation          : 6356 ]
[0.092s][info][gc] [GCHH :   Old/Perm Generations    : 6356 ]
[0.092s][info][gc] [GCHH : GenPauseless GC thread counts : ]
[0.092s][info][gc] [GCHH :   Max New GC threads     : 8 ]
[0.092s][info][gc] [GCHH :   Max Old GC threads     : 4 ]
[0.092s][info][gc] [GCHH :   Page Zeroing threads   : 1 ]
[0.092s][info][gc] [GCHH :   Heap Commit threads    : 1 ]
[0.092s][info][gc] [GCHH : Dynamic GC thread count scheme      : Partial ]
[0.092s][info][gc] [GCHH : Enable CPU usage based heuristics   : true ]
[0.092s][info][gc] [GCHH : UseThreadStateNativeWrapperProtocol : true ]
[0.092s][info][gc] [GCHH : jvm arguments : -javaagent:../jHiccup.jar -XX:+PrintCommandLineFlags -XX:+UnlockExperimentalVMOptions -Xlog:gc,safepoint:./gc-example-list9-UseC4GC.log -Dcom.sun.management.jmxremote.port=9010 -Dcom.sun.management.jmxremote.rmi.port=9010 -Dcom.sun.management.jmxremote.local.only=false -Dcom.sun.management.jmxremote.authenticate=false -Dcom.sun.management.jmxremote.ssl=false ]
[0.092s][info][gc] [GCHH : jvm flags     : none ]
[0.092s][info][gc] [GCHH : java command  : ../JVMBenchmark-1.0-SNAPSHOT-example-list9.jar ]
[0.092s][info][gc] [GCHS : Affected by MCU Erratum SKX102 : false]
[0.092s][info][gc] [GCHS : MCU Erratum SKX102 mitigation  : not applied]
[0.092s][info][gc] [GCHS : /proc/cpuinfo]
[0.092s][info][gc] [GCHS : processor	: 15]
[0.092s][info][gc] [GCHS : vendor_id	: GenuineIntel]
[0.092s][info][gc] [GCHS : cpu family	: 6]
[0.092s][info][gc] [GCHS : model		: 141]
[0.092s][info][gc] [GCHS : model name	: 11th Gen Intel(R) Core(TM) i9-11950H @ 2.60GHz]
[0.092s][info][gc] [GCHS : stepping	: 1]
[0.092s][info][gc] [GCHS : microcode	: 0xffffffff]
[0.092s][info][gc] [GCHS : cpu MHz		: 2611.199]
[0.092s][info][gc] [GCHS : cache size	: 24576 KB]
[0.092s][info][gc] [GCHS : physical id	: 0]
[0.092s][info][gc] [GCHS : siblings	: 16]
[0.092s][info][gc] [GCHS : core id		: 7]
[0.092s][info][gc] [GCHS : cpu cores	: 8]
[0.092s][info][gc] [GCHS : apicid		: 15]
[0.092s][info][gc] [GCHS : initial apicid	: 15]
[0.092s][info][gc] [GCHS : fpu		: yes]
[0.092s][info][gc] [GCHS : fpu_exception	: yes]
[0.092s][info][gc] [GCHS : cpuid level	: 21]
[0.092s][info][gc] [GCHS : wp		: yes]
[0.092s][info][gc] [GCHS : flags		: fpu vme de pse tsc msr pae mce cx8 apic sep mtrr pge mca cmov pat pse36 clflush mmx fxsr sse sse2 ss ht syscall nx pdpe1gb rdtscp lm constant_tsc rep_good nopl xtopology tsc_reliable nonstop_tsc cpuid pni pclmulqdq ssse3 fma cx16 pcid sse4_1 sse4_2 movbe popcnt aes xsave avx f16c rdrand hypervisor lahf_lm abm 3dnowprefetch invpcid_single ssbd ibrs ibpb stibp ibrs_enhanced fsgsbase bmi1 avx2 smep bmi2 erms invpcid avx512f avx512dq rdseed adx smap avx512ifma clflushopt clwb avx512cd sha_ni avx512bw avx512vl xsaveopt xsavec xgetbv1 xsaves avx512vbmi umip avx512_vbmi2 gfni vaes vpclmulqdq avx512_vnni avx512_bitalg avx512_vpopcntdq rdpid fsrm avx512_vp2intersect flush_l1d arch_capabilities]
[0.092s][info][gc] [GCHS : bugs		: spectre_v1 spectre_v2 spec_store_bypass swapgs]
[0.092s][info][gc] [GCHS : bogomips	: 5222.39]
[0.092s][info][gc] [GCHS : clflush size	: 64]
[0.092s][info][gc] [GCHS : cache_alignment	: 64]
[0.092s][info][gc] [GCHS : address sizes	: 39 bits physical, 48 bits virtual]
[0.092s][info][gc] [GCHS : power management:]
[0.092s][info][gc] [GCHS : /sys/devices/system/cpu/vulnerabilities]
[0.092s][info][gc] [GCHS : spectre_v2        : Mitigation: Enhanced IBRS, IBPB: conditional, RSB filling]
[0.092s][info][gc] [GCHS : itlb_multihit     : Not affected]
[0.092s][info][gc] [GCHS : mds               : Not affected]
[0.092s][info][gc] [GCHS : l1tf              : Not affected]
[0.092s][info][gc] [GCHS : spec_store_bypass : Mitigation: Speculative Store Bypass disabled via prctl and seccomp]
[0.092s][info][gc] [GCHS : tsx_async_abort   : Not affected]
[0.092s][info][gc] [GCHS : spectre_v1        : Mitigation: usercopy/swapgs barriers and __user pointer sanitization]
[0.092s][info][gc] [GCHS : srbds             : Not affected]
[0.092s][info][gc] [GCHS : meltdown          : Not affected]
[0.092s][info][gc] [GCHS : /proc/self/limits]
[0.092s][info][gc] [GCHS : Limit                     Soft Limit           Hard Limit           Units     ]
[0.092s][info][gc] [GCHS : Max cpu time              unlimited            unlimited            seconds   ]
[0.092s][info][gc] [GCHS : Max file size             unlimited            unlimited            bytes     ]
[0.092s][info][gc] [GCHS : Max data size             unlimited            unlimited            bytes     ]
[0.092s][info][gc] [GCHS : Max stack size            8388608              unlimited            bytes     ]
[0.092s][info][gc] [GCHS : Max core file size        0                    unlimited            bytes     ]
[0.092s][info][gc] [GCHS : Max resident set          unlimited            unlimited            bytes     ]
[0.092s][info][gc] [GCHS : Max processes             101697               101697               processes ]
[0.092s][info][gc] [GCHS : Max open files            4096                 4096                 files     ]
[0.092s][info][gc] [GCHS : Max locked memory         65536                65536                bytes     ]
[0.092s][info][gc] [GCHS : Max address space         unlimited            unlimited            bytes     ]
[0.092s][info][gc] [GCHS : Max file locks            unlimited            unlimited            locks     ]
[0.092s][info][gc] [GCHS : Max pending signals       101697               101697               signals   ]
[0.092s][info][gc] [GCHS : Max msgqueue size         819200               819200               bytes     ]
[0.092s][info][gc] [GCHS : Max nice priority         0                    0                    ]
[0.092s][info][gc] [GCHS : Max realtime priority     0                    0                    ]
[0.092s][info][gc] [GCHS : Max realtime timeout      unlimited            unlimited            us        ]
[0.092s][info][gc] [GCHS : /proc/self/status]
[0.092s][info][gc] [GCHS : Cpus_allowed:	ffff]
[0.092s][info][gc] [GCHS : Cpus_allowed_list:	0-15]
[0.092s][info][gc] [GCHS : Mems_allowed:	1]
[0.092s][info][gc] [GCHS : Mems_allowed_list:	0]
[0.092s][info][gc] [GCHS : /proc/meminfo]
[0.092s][info][gc] [GCHS : MemTotal:       26039588 kB]
[0.092s][info][gc] [GCHS : MemFree:        24632000 kB]
[0.092s][info][gc] [GCHS : MemAvailable:   24592324 kB]
[0.092s][info][gc] [GCHS : Buffers:           16264 kB]
[0.092s][info][gc] [GCHS : Cached:           837152 kB]
[0.092s][info][gc] [GCHS : SwapCached:            0 kB]
[0.092s][info][gc] [GCHS : Active:           196888 kB]
[0.092s][info][gc] [GCHS : Inactive:        1037172 kB]
[0.092s][info][gc] [GCHS : Active(anon):        108 kB]
[0.092s][info][gc] [GCHS : Inactive(anon):   970592 kB]
[0.092s][info][gc] [GCHS : Active(file):     196780 kB]
[0.092s][info][gc] [GCHS : Inactive(file):    66580 kB]
[0.092s][info][gc] [GCHS : Unevictable:           4 kB]
[0.092s][info][gc] [GCHS : Mlocked:               4 kB]
[0.092s][info][gc] [GCHS : SwapTotal:       7340032 kB]
[0.092s][info][gc] [GCHS : SwapFree:        7340032 kB]
[0.092s][info][gc] [GCHS : Dirty:                84 kB]
[0.092s][info][gc] [GCHS : Writeback:             0 kB]
[0.092s][info][gc] [GCHS : AnonPages:        380968 kB]
[0.092s][info][gc] [GCHS : Mapped:           598536 kB]
[0.092s][info][gc] [GCHS : Shmem:            590052 kB]
[0.092s][info][gc] [GCHS : KReclaimable:      22556 kB]
[0.092s][info][gc] [GCHS : Slab:              57536 kB]
[0.092s][info][gc] [GCHS : SReclaimable:      22556 kB]
[0.092s][info][gc] [GCHS : SUnreclaim:        34980 kB]
[0.092s][info][gc] [GCHS : KernelStack:        4352 kB]
[0.092s][info][gc] [GCHS : PageTables:        11332 kB]
[0.092s][info][gc] [GCHS : NFS_Unstable:          0 kB]
[0.092s][info][gc] [GCHS : Bounce:                0 kB]
[0.092s][info][gc] [GCHS : WritebackTmp:          0 kB]
[0.092s][info][gc] [GCHS : CommitLimit:    20359824 kB]
[0.092s][info][gc] [GCHS : Committed_AS:     949864 kB]
[0.092s][info][gc] [GCHS : VmallocTotal:   34359738367 kB]
[0.092s][info][gc] [GCHS : VmallocUsed:       25784 kB]
[0.092s][info][gc] [GCHS : VmallocChunk:          0 kB]
[0.092s][info][gc] [GCHS : Percpu:             5376 kB]
[0.092s][info][gc] [GCHS : AnonHugePages:    241664 kB]
[0.092s][info][gc] [GCHS : ShmemHugePages:        0 kB]
[0.092s][info][gc] [GCHS : ShmemPmdMapped:        0 kB]
[0.092s][info][gc] [GCHS : FileHugePages:         0 kB]
[0.092s][info][gc] [GCHS : FilePmdMapped:         0 kB]
[0.092s][info][gc] [GCHS : HugePages_Total:       0]
[0.092s][info][gc] [GCHS : HugePages_Free:        0]
[0.092s][info][gc] [GCHS : HugePages_Rsvd:        0]
[0.092s][info][gc] [GCHS : HugePages_Surp:        0]
[0.092s][info][gc] [GCHS : Hugepagesize:       2048 kB]
[0.092s][info][gc] [GCHS : Hugetlb:               0 kB]
[0.092s][info][gc] [GCHS : DirectMap4k:       17408 kB]
[0.092s][info][gc] [GCHS : DirectMap2M:     3526656 kB]
[0.092s][info][gc] [GCHS : DirectMap1G:    23068672 kB]
[0.092s][info][gc] [GCHS : /proc/sys/vm/admin_reserve_kbytes                                               : 8192]
[0.092s][info][gc] [GCHS : /proc/sys/vm/block_dump                                                         : 0]
[0.092s][info][gc] [GCHS : /proc/sys/vm/dirty_background_bytes                                             : 0]
[0.092s][info][gc] [GCHS : /proc/sys/vm/dirty_background_ratio                                             : 10]
[0.092s][info][gc] [GCHS : /proc/sys/vm/dirty_bytes                                                        : 0]
[0.092s][info][gc] [GCHS : /proc/sys/vm/dirty_expire_centisecs                                             : 3000]
[0.092s][info][gc] [GCHS : /proc/sys/vm/dirty_ratio                                                        : 20]
[0.092s][info][gc] [GCHS : /proc/sys/vm/dirty_writeback_centisecs                                          : 500]
[0.092s][info][gc] [GCHS : /proc/sys/vm/extfrag_threshold                                                  : 500]
[0.092s][info][gc] [GCHS : /proc/sys/vm/hugetlb_shm_group                                                  : 0]
[0.092s][info][gc] [GCHS : /proc/sys/vm/laptop_mode                                                        : 0]
[0.092s][info][gc] [GCHS : /proc/sys/vm/legacy_va_layout                                                   : 0]
[0.092s][info][gc] [GCHS : /proc/sys/vm/lowmem_reserve_ratio                                               : 256	256	32	0	0]
[0.092s][info][gc] [GCHS : /proc/sys/vm/max_map_count                                                      : 65530]
[0.092s][info][gc] [GCHS : /proc/sys/vm/min_free_kbytes                                                    : 67584]
[0.092s][info][gc] [GCHS : /proc/sys/vm/mmap_min_addr                                                      : 65536]
[0.092s][info][gc] [GCHS : /proc/sys/vm/nr_hugepages                                                       : 0]
[0.092s][info][gc] [GCHS : /proc/sys/vm/nr_overcommit_hugepages                                            : 0]
[0.092s][info][gc] [GCHS : /proc/sys/vm/oom_dump_tasks                                                     : 1]
[0.092s][info][gc] [GCHS : /proc/sys/vm/oom_kill_allocating_task                                           : 0]
[0.092s][info][gc] [GCHS : /proc/sys/vm/overcommit_kbytes                                                  : 0]
[0.092s][info][gc] [GCHS : /proc/sys/vm/overcommit_memory                                                  : 0]
[0.092s][info][gc] [GCHS : /proc/sys/vm/overcommit_ratio                                                   : 50]
[0.092s][info][gc] [GCHS : /proc/sys/vm/page-cluster                                                       : 3]
[0.092s][info][gc] [GCHS : /proc/sys/vm/panic_on_oom                                                       : 0]
[0.092s][info][gc] [GCHS : /proc/sys/vm/percpu_pagelist_fraction                                           : 0]
[0.092s][info][gc] [GCHS : /proc/sys/vm/stat_interval                                                      : 1]
[0.092s][info][gc] [GCHS : /proc/sys/vm/swappiness                                                         : 60]
[0.092s][info][gc] [GCHS : /proc/sys/vm/vfs_cache_pressure                                                 : 100]
[0.092s][info][gc] [GCHS : /proc/sys/vm/user_reserve_kbytes                                                : 131072]
[0.092s][info][gc] [GCHS : /proc/sys/vm/compact_unevictable_allowed                                        : 1]
[0.092s][info][gc] [GCHS : /proc/sys/vm/dirtytime_expire_seconds                                           : 43200]
[0.092s][info][gc] [GCHS : /proc/sys/vm/watermark_scale_factor                                             : 10]
[0.092s][info][gc] [GCHS : /sys/kernel/mm/hugepages/hugepages-2048kB/free_hugepages                        : 0]
[0.093s][info][gc] [GCHS : /sys/kernel/mm/hugepages/hugepages-2048kB/resv_hugepages                        : 0]
[0.093s][info][gc] [GCHS : /sys/kernel/mm/hugepages/hugepages-2048kB/surplus_hugepages                     : 0]
[0.093s][info][gc] [GCHS : /sys/kernel/mm/hugepages/hugepages-2048kB/nr_hugepages                          : 0]
[0.093s][info][gc] [GCHS : /sys/kernel/mm/hugepages/hugepages-2048kB/nr_overcommit_hugepages               : 0]
[0.093s][info][gc] [GCHS : /sys/kernel/mm/hugepages/hugepages-1048576kB/free_hugepages                     : 0]
[0.093s][info][gc] [GCHS : /sys/kernel/mm/hugepages/hugepages-1048576kB/resv_hugepages                     : 0]
[0.093s][info][gc] [GCHS : /sys/kernel/mm/hugepages/hugepages-1048576kB/surplus_hugepages                  : 0]
[0.093s][info][gc] [GCHS : /sys/kernel/mm/hugepages/hugepages-1048576kB/nr_hugepages                       : 0]
[0.093s][info][gc] [GCHS : /sys/kernel/mm/hugepages/hugepages-1048576kB/nr_overcommit_hugepages            : 0]
[0.093s][info][gc] [GCHS : /sys/kernel/mm/transparent_hugepage/defrag                                      : always defer defer+madvise [madvise] never]
[0.093s][info][gc] [GCHS : /sys/kernel/mm/transparent_hugepage/khugepaged/defrag                           : 1]
[0.093s][info][gc] [GCHS : /sys/kernel/mm/transparent_hugepage/khugepaged/max_ptes_shared                  : 256]
[0.093s][info][gc] [GCHS : /sys/kernel/mm/transparent_hugepage/khugepaged/scan_sleep_millisecs             : 10000]
[0.093s][info][gc] [GCHS : /sys/kernel/mm/transparent_hugepage/khugepaged/max_ptes_none                    : 511]
[0.093s][info][gc] [GCHS : /sys/kernel/mm/transparent_hugepage/khugepaged/pages_to_scan                    : 4096]
[0.093s][info][gc] [GCHS : /sys/kernel/mm/transparent_hugepage/khugepaged/max_ptes_swap                    : 64]
[0.093s][info][gc] [GCHS : /sys/kernel/mm/transparent_hugepage/khugepaged/alloc_sleep_millisecs            : 60000]
[0.093s][info][gc] [GCHS : /sys/kernel/mm/transparent_hugepage/khugepaged/pages_collapsed                  : 159]
[0.093s][info][gc] [GCHS : /sys/kernel/mm/transparent_hugepage/khugepaged/full_scans                       : 4]
[0.093s][info][gc] [GCHS : /sys/kernel/mm/transparent_hugepage/enabled                                     : [always] madvise never]
[0.093s][info][gc] [GCHS : /sys/kernel/mm/transparent_hugepage/use_zero_page                               : 1]
[0.093s][info][gc] [GCHS : /sys/kernel/mm/transparent_hugepage/shmem_enabled                               : always within_size advise [never] deny force]
[0.093s][info][gc] [GCHS : /sys/kernel/mm/transparent_hugepage/hpage_pmd_size                              : 2097152]
[0.093s][info][gc] [GCHS : /sys/kernel/mm/ksm/stable_node_dups                                             : 0]
[0.093s][info][gc] [GCHS : /sys/kernel/mm/ksm/max_page_sharing                                             : 256]
[0.093s][info][gc] [GCHS : /sys/kernel/mm/ksm/pages_volatile                                               : 0]
[0.093s][info][gc] [GCHS : /sys/kernel/mm/ksm/stable_node_chains_prune_millisecs                           : 2000]
[0.093s][info][gc] [GCHS : /sys/kernel/mm/ksm/pages_unshared                                               : 0]
[0.093s][info][gc] [GCHS : /sys/kernel/mm/ksm/stable_node_chains                                           : 0]
[0.093s][info][gc] [GCHS : /sys/kernel/mm/ksm/pages_shared                                                 : 0]
[0.093s][info][gc] [GCHS : /sys/kernel/mm/ksm/use_zero_pages                                               : 0]
[0.093s][info][gc] [GCHS : /sys/kernel/mm/ksm/pages_to_scan                                                : 100]
[0.093s][info][gc] [GCHS : /sys/kernel/mm/ksm/sleep_millisecs                                              : 20]
[0.093s][info][gc] [GCHS : /sys/kernel/mm/ksm/run                                                          : 0]
[0.093s][info][gc] [GCHS : /sys/kernel/mm/ksm/full_scans                                                   : 0]
[0.093s][info][gc] [GCHS : /sys/kernel/mm/ksm/pages_sharing                                                : 0]
[0.093s][info][gc] [GCHS : /sys/kernel/mm/swap/vma_ra_enabled                                              : true]
[0.093s][info][gc] [GCHS : /sys/devices/system/clocksource/clocksource0/current_clocksource                : tsc]
[0.093s][info][gc] [GCHS : /sys/devices/system/clocksource/clocksource0/available_clocksource              : tsc hyperv_clocksource_tsc_page ]
[0.100s][info][gc] [GCH                          : heap usage MB                                                        : gens MB                        : heap info MB                : pages                              : intercycle               intracycle               : gc            : threads  delay       failed      paced       : gc    pause 1   pause 2   pause 3   pause 4   : end]
[0.100s][info][gc] [GCH type label tot_ct-cyc_ct : max peak cur pcommit ppause upause rss codec_cap codec monitors jsys : new old perm internal gen-peak : live frag found cllctd lmtd : prom reloc noreloc rspike sm md lg : sec alloc-rate perm-rate sec alloc-rate perm-rate : thrds md diag : tot      cnt avg max cnt avg max cnt avg max : start start dur start dur start dur start dur : end]
[0.100s][info][gc] [SYSINFOH sysMemUsed cacheActiveFile cacheInactiveFile cacheActiveAnon cacheInactiveAnon swapCached buffers unevictable mlocked mapped : totalSysZingMemAcrossPartitions sysZingMemTot sysZingReservableUsed sysZingReservableTot sysZingContMemUsed sysZingContMemTot sysZingPPMemUsed sysZingPPMemTot : swapUsed swapMax : load1 load5 load15 : pageIn pageOut : swapPageIn swapPageOut : majorFaults cMajorFaults : processes procsRunning procsBlocked procsTotal : cgMem_limit_bytes cgMem_usage_bytes cgMem_max_usage_bytes cgMem_total_rss_bytes cgMem_total_shmem_bytes cgMem_total_active_file_bytes cgMem_total_inactive_file_bytes : cgCPU_usage_ms cgCPU_user_usage_ms cgCPU_system_usage_ms cgCPU_throttle_nof_periods cgCPU_throttle_nof_throttle cgCPU_throttle_throttled_ms : end(s) ]
[0.100s][info][gc] [HUGEPAGESTATH compact_stall compact_success compact_fail compact_pages_moved thp_fault_alloc thp_fault_fallback thp_file_alloc : anon_huge_pages shmem_pmd_mapped shmem_huge_pages : end(s) ]
[0.100s][info][gc] [OBJCREATH newGen(kB) permGen(kB) oldGen(kB) : end(s)]
[0.100s][info][gc] [VMACH vmaMax vmaStack vmaHeap vmaOther vmaCount : end(s)]
[0.100s][info][gc] [HEAPCOMMITH heap(mb) : commit(mb) commitTime(ms) uncommit(mb) uncommitTime(ms) : numDelays avgDelay(ms) maxDelay(ms) : bgPretouch(pages) bgPretouchTime(ms) : end(s) ]
[0.100s][info][gc] [HMSVH gen : maps mapStomps mapReuses mapMisses cacheHits cacheMisses cachePartFlushes cacheFullFlushes : watermark cached cachedMin cachedMax : end(s)]
[0.100s][info][gc] [HMSPH maps : mapped unmapped : end(s)]
[0.100s][info][gc] [GPGC-HH Model MB/sec . .             : KIDRate : EstTime secs : Throttled GC Threads EstTime secs                    : CPU EstTime secs                                                      : Pause EstTime secs : EstTime percent : Sizes MB . .        : KIDCount  : Target MB   : Time(secs) : Heuristic ]
[0.100s][info][gc] [GPGC-HH NewGen OldGen PermGen Direct : KID/sec : NewGC OldGC  : NewGC_Model1 OldGC_Model1 NewGC_Model2 OldGC_Model2  : NewCPU OldCPU NewCPU_Model1 OldCPU_Model1 NewCPU_Model2 OldCPU_Model2 : NewGC_pause1       : NewGC_time      : New Old Perm Direct : KID       : Heap NewGen : Time       : ReasonCode ReasonString ]
[0.100s][info][gc] [COMPSTATSH      : Threads      : CompQueue   : StashQueue  : CompileCounts                                                                                                : StashCounts                                                                                              : TotalTimes ms                         : WaitTimes Histogram                                               : CompileTimes Histogram ]
[0.100s][info][gc] [COMPSTATSH Tier : Total Active : Peak Active : Peak Active : FullMethodCompiles OSRMethodCompiles MethodFailToInstall OSRFailToInstall FullMethodEvicted OSRMethodEvicted : MethodStashCompiles OSRStashCompiles MethodStashFailed OSRStashFailed MethodStashEvicted OSRStashEvicted : CPUTime WallClockTime WaitInQueueTime : 0-9 10-99 100-999 1000-9999 10000-99999 100000-999999 1000000-INF : 0-9 10-99 100-999 1000-9999 10000-99999 100000-999999 1000000-INF ]
[0.100s][info][gc] [DEOPTSTATSH : deoptimization : deoptimization_frame : deopt_on_throw : unloaded : cha : non_static_final_fields : unreached_if : unreached_call : athrow : null_check : div0_check : range_check : range_check_widened : cast_check : unhandled : predicate : loop_limit_check : array_store_check : uninitialized : unloaded_array_class : unexpected_klass_mono : unexpected_klass_bi : unexpected_klass_tri : unexpected_null_cast : intrinsic_check : Reason_fast_intrinsic_check : install_async_ex : new_exception : jvmti : static_in_clinit : stuck_in_loop : tier1_patch_volatile_field : too_many_compiles : deopt_a_lot : uncounted_loop_speculation_failed : loop_nest_speculation_failed : inacc_field_null_rcvr : new_gen_oop_assumption_failed : Reason_devirt_no_profile : unreached_jump : effectively_final_fields : unreached_switch_case ]
[0.100s][info][gc] [DEOPTSTATSH Tier : Entr NonEntr : Entr NonEntr : Entr NonEntr : Entr NonEntr : Entr NonEntr : Entr NonEntr : Entr NonEntr : Entr NonEntr : Entr NonEntr : Entr NonEntr : Entr NonEntr : Entr NonEntr : Entr NonEntr : Entr NonEntr : Entr NonEntr : Entr NonEntr : Entr NonEntr : Entr NonEntr : Entr NonEntr : Entr NonEntr : Entr NonEntr : Entr NonEntr : Entr NonEntr : Entr NonEntr : Entr NonEntr : Entr NonEntr : Entr NonEntr : Entr NonEntr : Entr NonEntr : Entr NonEntr : Entr NonEntr : Entr NonEntr : Entr NonEntr : Entr NonEntr : Entr NonEntr : Entr NonEntr : Entr NonEntr : Entr NonEntr : Entr NonEntr : Entr NonEntr : Entr NonEntr : Entr NonEntr ]
[0.101s][info][gc] [CCFH queuedForFlush queuedForFlushSize flushed flushedSize freedTotal freedTotalSize : bytesAllTypes : c2i2cAdapters c2i2cAdaptersBytes : methodStubs methodStubsBytes : nativeWrappers nativeWrappersBytes : tier1Compiles tier1CompilesBytes : tier2Compiles tier2CompilesBytes : objMonitors objMonitorsBytes : vtables vtablesBytes : mhAdapters mhAdaptersBytes ]
[0.101s][info][gc] [SYSINFO 1374 192 65 0 947 0 15 0 0 584 : - - - - - - - - : 0 7168 : 5.40 2.25 2.20 : 271703 4210580 : 0 0 : 8 0 : 1708 1 0 238 : - 1263124480 574701568 389668864 603525120 200994816 68259840 : 139826290 21501710 316210 0 0 0 : 0.100818 ]
[0.101s][info][gc] [HUGEPAGESTAT 0 0 0 - 55682 0 0 : 241664 0 0 : 0.100818 ]
[0.343s][info][gc] [COMPSTATS 1 : 5 1 : 5 1 : 0 0 : 100 0 0 0 0 0 : 0 0 0 0 0 0 : 19 19 0 : 100 0 0 0 0 0 0 : 99 0 0 0 0 0 0 ]
[0.343s][info][gc] [COMPSTATS 2 : 5 3 : 5 3 : 0 0 : 9 0 0 0 0 0 : 0 0 0 0 0 0 : 178 179 0 : 9 0 0 0 0 0 0 : 1 5 0 0 0 0 0 ]
[0.343s][info][gc] [DEOPTSTATS 1 : 0 0 : 0 0 : 0 0 : 0 0 : 0 0 : 0 0 : 0 0 : 0 0 : 0 0 : 0 0 : 0 0 : 0 0 : 0 0 : 0 0 : 0 0 : 0 0 : 0 0 : 0 0 : 0 0 : 0 0 : 0 0 : 0 0 : 0 0 : 0 0 : 0 0 : 0 0 : 0 0 : 0 0 : 0 0 : 0 0 : 0 0 : 0 0 : 0 0 : 0 0 : 0 0 : 0 0 : 0 0 : 0 0 : 0 0 : 0 0 : 0 0 : 0 0 ]
[0.343s][info][gc] [DEOPTSTATS 2 : 0 0 : 0 0 : 0 0 : 0 0 : 0 0 : 0 0 : 0 1 : 0 0 : 0 0 : 0 0 : 0 0 : 0 0 : 0 0 : 0 0 : 0 0 : 0 0 : 0 0 : 0 0 : 0 0 : 0 0 : 0 0 : 0 0 : 0 0 : 0 0 : 0 0 : 0 0 : 0 0 : 0 0 : 0 0 : 0 0 : 0 0 : 0 0 : 0 0 : 0 0 : 0 0 : 0 0 : 0 0 : 0 0 : 0 0 : 0 0 : 0 0 : 0 0 ]
[0.532s][info][gc] [COMPSTATS 1 : 5 1 : 29 1 : 0 0 : 300 0 0 0 0 0 : 0 0 0 0 0 0 : 71 72 4 : 300 0 0 0 0 0 0 : 299 0 0 0 0 0 0 ]
[0.532s][info][gc] [COMPSTATS 2 : 5 5 : 13 6 : 0 0 : 28 0 0 0 0 0 : 0 0 0 0 0 0 : 778 780 325 : 21 7 0 0 0 0 0 : 4 18 1 0 0 0 0 ]
[0.532s][info][gc] [DEOPTSTATS 1 : 0 0 : 0 0 : 0 0 : 0 0 : 0 0 : 0 0 : 0 0 : 0 0 : 0 0 : 0 0 : 0 0 : 0 0 : 0 0 : 0 0 : 0 0 : 0 0 : 0 0 : 0 0 : 0 0 : 0 0 : 0 0 : 0 0 : 0 0 : 0 0 : 0 0 : 0 0 : 0 0 : 0 0 : 0 0 : 0 0 : 0 0 : 0 0 : 0 0 : 0 0 : 0 0 : 0 0 : 0 0 : 0 0 : 0 0 : 0 0 : 0 0 : 0 0 ]
[0.532s][info][gc] [DEOPTSTATS 2 : 0 0 : 0 0 : 0 0 : 0 0 : 0 0 : 0 0 : 0 3 : 0 0 : 0 0 : 0 0 : 0 0 : 0 0 : 0 0 : 0 0 : 0 0 : 0 0 : 0 0 : 0 0 : 0 0 : 0 0 : 0 0 : 0 0 : 0 0 : 0 0 : 0 0 : 0 0 : 0 0 : 0 0 : 0 0 : 0 0 : 0 0 : 0 0 : 0 0 : 0 0 : 0 0 : 0 0 : 0 0 : 0 0 : 0 0 : 0 1 : 0 0 : 0 0 ]
[0.561s][info][safepoint] Application time: 0.0000000 seconds
[0.561s][info][safepoint] Total time for which application threads were stopped: 0.0000170 seconds, Stopping threads took: 0.0000005 seconds
[0.561s][info][gc       ] [SPSH lock suspend gclocker notify wait resuspend cleanup op_time wakeup total(ms) op_name end(s) ]
[0.561s][info][gc       ] [SPS 0.000 0.001 0.000 0.007 0.000 0.001 0.000 0.002 0.006 0.017 Deoptimize 0.560655 ]
[0.638s][info][gc       ] [GPGC-H  0.0 0.0 0.0 0.0 : 0.0 : 0.000 0.000 : 0.000 0.000 0.000 0.000 : 0.000 0.000 0.000 0.000 0.000 0.000 : 0.000 : 0.000 : 40 0 24 0 : 2272 : 460 432 : 0.637603 : 6 Heap_use_crossed_first_gc_percent ]
[0.639s][info][safepoint] Application time: 0.0239877 seconds
[0.639s][info][safepoint] Total time for which application threads were stopped: 0.0001497 seconds, Stopping threads took: 0.0000004 seconds
[0.639s][info][gc       ] [SPS 0.000 0.001 0.011 0.007 0.000 0.001 0.000 0.123 0.017 0.150 NewGC_pause1 0.639037 ]
[0.650s][info][safepoint] Application time: 0.0104141 seconds
[0.650s][info][safepoint] Total time for which application threads were stopped: 0.0000901 seconds, Stopping threads took: 0.0000004 seconds
[0.650s][info][gc       ] [SPS 0.000 0.001 0.000 0.023 0.000 0.001 0.000 0.041 0.025 0.090 NewGC_pause2 0.649541 ]
[0.652s][info][safepoint] Application time: 0.0020948 seconds
[0.652s][info][safepoint] Total time for which application threads were stopped: 0.0000843 seconds, Stopping threads took: 0.0000004 seconds
[0.652s][info][gc       ] [SPS 0.000 0.001 0.000 0.008 0.000 0.001 0.000 0.045 0.030 0.085 NewGC_pause3 0.651721 ]
[0.653s][info][safepoint] Application time: 0.0012037 seconds
[0.653s][info][safepoint] Total time for which application threads were stopped: 0.0000824 seconds, Stopping threads took: 0.0000004 seconds
[0.653s][info][gc       ] [SPS 0.000 0.034 0.003 0.008 0.000 0.001 0.000 0.050 0.024 0.082 NewGC_pause4 0.653007 ]
[0.658s][info][gc       ] [GC NTO Max 1-1 : 512 124 102 512 - - 271 20 2 2 - : 48 0 26 28 76 : 33 7 23 23 0 : 0 7 11 1 23 - 1 : 0.623966 64.1 38.5 0.020095 1692.0 99.5 : 3 --c 0000 : 23 0 0.000 0.000 0 0.000 0.000 0 0.000 0.000 : 0.637856 0.638887 0.000126 0.649451 0.000061 0.651636 0.000042 0.652924 0.000054 : 0.657951 ]
[0.658s][info][gc       ] [SYSINFO 1893 192 64 0 1458 0 15 0 0 1095 : - - - - - - - - : 0 7168 : 5.40 2.25 2.20 : 271703 4210580 : 0 0 : 9 0 : 1736 8 0 266 : - 1799839744 574701568 456540160 1073233920 200994816 68259840 : 139826290 21504080 316530 0 0 0 : 0.658170 ]
[0.658s][info][gc       ] [HUGEPAGESTAT 0 0 0 - 55685 0 0 : 270336 0 0 : 0.658170 ]
[0.658s][info][gc       ] [OBJCREAT 62068 24286 - : 0.658215 ]
[0.658s][info][gc       ] [HMSV All : 0 0 0 0 0 0 0 0 : 128 0 0 0 : 0.658232 ]
[0.658s][info][gc       ] [HMSP 8 : 50848 0 : 0.658232 ]
[0.659s][info][gc       ] [VMAC 65530 170 24 430 624 : 0.658728 ]
[0.665s][info][safepoint] Application time: 0.0109597 seconds
[0.665s][info][safepoint] Total time for which application threads were stopped: 0.0006489 seconds, Stopping threads took: 0.0000004 seconds
[0.665s][info][gc       ] [SPS 0.000 0.001 0.000 0.020 0.000 0.001 0.000 0.582 0.046 0.649 OldGC_pause2 0.664616 ]
[0.668s][info][safepoint] Application time: 0.0027940 seconds
[0.668s][info][safepoint] Total time for which application threads were stopped: 0.0001589 seconds, Stopping threads took: 0.0000006 seconds
[0.668s][info][gc       ] [SPS 0.000 0.001 0.000 0.009 0.001 0.001 0.000 0.110 0.038 0.159 OldGC_pause3 0.667569 ]
[0.677s][info][safepoint] Application time: 0.0094745 seconds
[0.677s][info][safepoint] Total time for which application threads were stopped: 0.0000914 seconds, Stopping threads took: 0.0000004 seconds
[0.677s][info][gc       ] [SPS 0.000 0.002 0.003 0.007 0.000 0.001 0.000 0.056 0.027 0.091 OldGC_pause4 0.677134 ]
[0.679s][info][gc       ] [GPGC-H  34.8 0.0 38.9 0.0 : 3749.0 : 0.000 0.000 : 0.000 0.000 0.020 0.000 : 0.000 0.000 0.000 0.000 0.019 0.000 : 0.000 : 3.120 : 82 0 32 0 : 2272 : 460 434 : 0.678751 : 7 Heap_use_crossed_incremental_gc_percent ]
[0.682s][info][gc       ] [GC Old Max 2-1 : 512 146 146 512 - - 271 20 2 2 - : 88 0 30 28 32 : 25 6 0 0 0 : 0 6 1 2 15 - 0 : 0.624741 0.0 38.4 0.043517 0.0 46.0 : 1 --c 0000 : 23   -    -    -    -    -    -    -    -    -  : 0.638631 0.638887 0.000126 0.663967 0.000597 0.667410 0.000116 0.677043 0.000061 : 0.682148 ]
[0.682s][info][gc       ] [SYSINFO 1893 192 64 0 1458 0 15 0 0 1095 : - - - - - - - - : 0 7168 : 5.40 2.25 2.20 : 271703 4210580 : 0 0 : 9 0 : 1736 7 0 266 : - 1799839744 574701568 456540160 1073233920 200994816 68259840 : 139826290 21504210 316550 0 0 0 : 0.682390 ]
[0.682s][info][gc       ] [HUGEPAGESTAT 0 0 0 - 55685 0 0 : 270336 0 0 : 0.682390 ]
[0.682s][info][gc       ] [OBJCREAT 101680 24286 - : 0.682436 ]
[0.682s][info][gc       ] [HMSV All : 0 0 0 0 0 0 0 0 : 172 0 0 0 : 0.682459 ]
[0.682s][info][gc       ] [HMSP 8 : 50848 0 : 0.682459 ]
[0.682s][info][gc       ] [COMPSTATS 1 : 5 0 : 5 0 : 0 0 : 365 1 0 0 0 0 : 0 0 0 0 0 0 : 87 87 4 : 366 0 0 0 0 0 0 : 366 0 0 0 0 0 0 ]
[0.682s][info][gc       ] [COMPSTATS 2 : 5 4 : 18 4 : 0 0 : 47 0 0 0 0 0 : 0 0 0 0 0 0 : 1575 1578 732 : 28 19 0 0 0 0 0 : 8 32 3 0 0 0 0 ]
[0.682s][info][gc       ] [DEOPTSTATS 1 : 0 0 : 0 0 : 0 0 : 0 0 : 0 1 : 0 0 : 0 0 : 0 0 : 0 0 : 0 0 : 0 0 : 0 0 : 0 0 : 0 0 : 0 0 : 0 0 : 0 0 : 0 0 : 0 0 : 0 0 : 0 0 : 0 0 : 0 0 : 0 0 : 0 0 : 0 0 : 0 0 : 0 0 : 0 0 : 0 0 : 0 0 : 0 0 : 0 0 : 0 0 : 0 0 : 0 0 : 0 0 : 0 0 : 0 0 : 0 0 : 0 0 : 0 0 ]
[0.682s][info][gc       ] [DEOPTSTATS 2 : 0 0 : 0 0 : 0 0 : 0 0 : 0 0 : 0 0 : 0 5 : 0 0 : 0 0 : 0 0 : 0 0 : 0 0 : 0 0 : 0 0 : 0 0 : 0 0 : 0 0 : 0 0 : 0 0 : 0 0 : 0 0 : 0 0 : 0 0 : 0 0 : 0 0 : 0 0 : 0 0 : 0 0 : 0 0 : 0 0 : 0 0 : 0 0 : 0 0 : 0 0 : 0 0 : 0 0 : 0 0 : 0 0 : 0 0 : 0 1 : 0 0 : 0 0 ]
[0.683s][info][gc       ] [CCF 0 0 0 0 6 18944: 2454016 : 376 194560 : 2 32768 : 312 306176 :  365 482816 : 38 55808 : 0 0 : 14 1146880 : 1 2048]
[0.683s][info][gc       ] [VMAC 65530 170 24 430 624 : 0.682942 ]
[0.684s][info][safepoint] Application time: 0.0063414 seconds
[0.684s][info][safepoint] Total time for which application threads were stopped: 0.0001556 seconds, Stopping threads took: 0.0000004 seconds
[0.684s][info][gc       ] [SPS 0.000 0.636 0.003 0.007 0.000 0.001 0.000 0.110 0.037 0.155 NewGC_pause1 0.683632 ]
[0.703s][info][safepoint] Application time: 0.0189817 seconds
[0.703s][info][safepoint] Total time for which application threads were stopped: 0.0001905 seconds, Stopping threads took: 0.0000004 seconds
[0.703s][info][gc       ] [SPS 0.000 0.001 0.000 0.007 0.000 0.001 0.000 0.146 0.036 0.191 NewGC_pause2 0.702804 ]
[0.704s][info][safepoint] Application time: 0.0011235 seconds
[0.704s][info][safepoint] Total time for which application threads were stopped: 0.0000729 seconds, Stopping threads took: 0.0000005 seconds
[0.704s][info][gc       ] [SPS 0.000 0.000 0.000 0.007 0.000 0.001 0.000 0.041 0.024 0.073 NewGC_pause3 0.704000 ]
[0.705s][info][safepoint] Application time: 0.0014132 seconds
[0.706s][info][safepoint] Total time for which application threads were stopped: 0.0000643 seconds, Stopping threads took: 0.0000004 seconds
[0.706s][info][gc       ] [SPS 0.000 0.003 0.002 0.006 0.000 0.001 0.000 0.042 0.014 0.064 NewGC_pause4 0.705478 ]
[0.714s][info][gc       ] [GC New Max 3-2 : 512 194 172 512 - - 272 20 2 2 - : 114 0 30 28 140 : 77 9 49 49 0 : 0 14 21 0 54 - 3 : 0.020948 1623.1 0.0 0.035209 2272.2 0.0 : 3 --c 0000 : 23 0 0.000 0.000 0 0.000 0.000 0 0.000 0.000 : 0.678899 0.683477 0.000114 0.702614 0.000065 0.703927 0.000045 0.705414 0.000046 : 0.714108 ]
[0.714s][info][gc       ] [SYSINFO 1893 192 64 0 1458 0 15 0 0 1095 : - - - - - - - - : 0 7168 : 5.40 2.25 2.20 : 271703 4210580 : 0 0 : 9 0 : 1736 4 0 266 : - 1800110080 574701568 456810496 1073233920 200994816 68259840 : 139826290 21504430 316570 0 0 0 : 0.714355 ]
[0.714s][info][gc       ] [HUGEPAGESTAT 0 0 0 - 55685 0 0 : 270336 0 0 : 0.714355 ]
[0.714s][info][gc       ] [OBJCREAT 175086 24286 - : 0.714404 ]
[0.714s][info][gc       ] [HMSV All : 0 0 1 0 0 0 0 0 : 4706 0 0 0 : 0.714419 ]
[0.714s][info][gc       ] [HMSP 8 : 50848 0 : 0.714419 ]
[0.715s][info][gc       ] [VMAC 65530 170 24 430 624 : 0.714953 ]
[0.735s][info][gc       ] [GPGC-H  34.8 0.0 38.9 0.0 : 3749.0 : 0.000 0.000 : 0.000 0.000 0.035 0.043 : 0.000 0.000 0.000 0.000 0.030 0.018 : 0.000 : 62.698 : 164 0 30 0 : 2272 : 460 432 : 0.734958 : 7 Heap_use_crossed_incremental_gc_percent ]
[0.736s][info][safepoint] Application time: 0.0307503 seconds
[0.737s][info][safepoint] Total time for which application threads were stopped: 0.0002408 seconds, Stopping threads took: 0.0000005 seconds
[0.737s][info][gc       ] [SPS 0.000 0.001 0.022 0.008 0.000 0.001 0.000 0.184 0.046 0.241 NewGC_pause1 0.736470 ]
[0.768s][info][safepoint] Application time: 0.0318247 seconds
[0.769s][info][safepoint] Total time for which application threads were stopped: 0.0001787 seconds, Stopping threads took: 0.0000004 seconds
[0.769s][info][gc       ] [SPS 0.000 0.001 0.000 0.007 0.000 0.001 0.000 0.149 0.027 0.184 NewGC_pause2 0.768478 ]
[0.770s][info][safepoint] Application time: 0.0010924 seconds
[0.770s][info][safepoint] Total time for which application threads were stopped: 0.0000582 seconds, Stopping threads took: 0.0000004 seconds
[0.770s][info][gc       ] [SPS 0.000 0.000 0.000 0.007 0.000 0.001 0.000 0.038 0.012 0.058 NewGC_pause3 0.769623 ]
[0.773s][info][safepoint] Application time: 0.0032596 seconds
[0.773s][info][safepoint] Total time for which application threads were stopped: 0.0000794 seconds, Stopping threads took: 0.0000004 seconds
[0.773s][info][gc       ] [SPS 0.000 0.468 0.002 0.007 0.000 0.001 0.000 0.053 0.018 0.079 NewGC_pause4 0.772963 ]
[0.783s][info][gc       ] [GC NTO Max 4-3 : 512 338 296 512 - - 276 20 2 2 - : 236 0 32 28 284 : 184 14 81 81 14 : 0 19 54 0 111 - 7 : 0.021060 2374.2 0.0 0.047711 2850.5 41.9 : 3 --c 0000 : 23 0 0.000 0.000 0 0.000 0.000 0 0.000 0.000 : 0.735168 0.736229 0.000128 0.768294 0.000045 0.769565 0.000041 0.772883 0.000058 : 0.782879 ]
[0.783s][info][gc       ] [SYSINFO 1897 192 64 0 1462 0 15 0 0 1095 : - - - - - - - - : 0 7168 : 5.40 2.25 2.20 : 271703 4210580 : 0 0 : 9 0 : 1736 4 0 266 : - 1804300288 574701568 461000704 1073233920 200994816 68259840 : 139826290 21504790 316570 0 0 0 : 0.783149 ]
[0.783s][info][gc       ] [HUGEPAGESTAT 0 0 0 - 55685 0 0 : 270336 0 0 : 0.783149 ]
[0.783s][info][gc       ] [OBJCREAT 354485 24358 - : 0.783206 ]
[0.783s][info][gc       ] [HMSV All : 0 0 3 0 0 0 0 0 : 4720 0 0 0 : 0.783221 ]
[0.783s][info][gc       ] [HMSP 8 : 50848 0 : 0.783221 ]
[0.784s][info][gc       ] [GPGC-H  34.8 0.0 38.9 0.0 : 3749.0 : 0.000 0.000 : 0.000 0.000 0.048 0.043 : 0.000 0.000 0.000 0.000 0.051 0.018 : 0.000 : 69.377 : 236 0 32 0 : 2272 : 460 432 : 0.783683 : 7 Heap_use_crossed_incremental_gc_percent ]
[0.784s][info][gc       ] [VMAC 65530 170 24 430 624 : 0.783795 ]
[0.784s][info][safepoint] Application time: 0.0102049 seconds
[0.784s][info][safepoint] Total time for which application threads were stopped: 0.0007747 seconds, Stopping threads took: 0.0000004 seconds
[0.784s][info][gc       ] [SPS 0.000 0.001 0.000 0.007 0.000 0.001 0.001 0.751 0.016 0.775 OldGC_pause2 0.783943 ]
[0.787s][info][safepoint] Application time: 0.0027828 seconds
[0.787s][info][safepoint] Total time for which application threads were stopped: 0.0000586 seconds, Stopping threads took: 0.0000004 seconds
[0.787s][info][gc       ] [SPS 0.000 0.000 0.000 0.006 0.000 0.001 0.000 0.037 0.014 0.059 OldGC_pause3 0.786784 ]
[0.793s][info][safepoint] Application time: 0.0059816 seconds
[0.793s][info][safepoint] Total time for which application threads were stopped: 0.0002109 seconds, Stopping threads took: 0.0000004 seconds
[0.794s][info][gc       ] [SPS 0.000 2.008 0.005 0.007 0.000 0.001 0.000 0.180 0.023 0.211 NewGC_pause1 0.792977 ]
[0.843s][info][safepoint] Application time: 0.0501991 seconds
[0.844s][info][safepoint] Total time for which application threads were stopped: 0.0001941 seconds, Stopping threads took: 0.0000005 seconds
[0.844s][info][gc       ] [SPS 0.000 0.001 0.000 0.009 0.000 0.001 0.000 0.146 0.037 0.194 NewGC_pause2 0.843370 ]
[0.845s][info][safepoint] Application time: 0.0013622 seconds
[0.845s][info][safepoint] Total time for which application threads were stopped: 0.0000794 seconds, Stopping threads took: 0.0000005 seconds
[0.845s][info][gc       ] [SPS 0.000 0.000 0.000 0.009 0.000 0.001 0.000 0.051 0.018 0.080 NewGC_pause3 0.844812 ]
[0.849s][info][safepoint] Application time: 0.0035666 seconds
[0.849s][info][safepoint] Total time for which application threads were stopped: 0.0001229 seconds, Stopping threads took: 0.0000005 seconds
[0.849s][info][gc       ] [SPS 0.000 0.002 0.002 0.008 0.000 0.001 0.000 0.098 0.015 0.123 NewGC_pause4 0.848501 ]
[0.861s][info][gc       ] [GC New Max 6-4 : 566 498 468 566 - - 286 20 2 2 - : 408 0 32 28 442 : 292 16 126 126 47 : 0 22 80 0 195 - 9 : 0.006045 3308.4 0.0 0.072144 3188.1 0.0 : 3 --c 0000 : 23 118 0.000 0.000 0 0.000 0.000 118 0.000 0.000 : 0.788924 0.792766 0.000184 0.843176 0.000110 0.844732 0.000055 0.848378 0.000104 : 0.861068 ]
[0.861s][info][gc       ] [SYSINFO 1962 192 64 0 1526 0 15 0 0 1149 : - - - - - - - - : 0 7168 : 5.40 2.25 2.20 : 271703 4210580 : 0 0 : 9 0 : 1736 3 0 266 : - 1871384576 574701568 471584768 1129869312 200994816 68259840 : 139826290 21505150 316630 0 0 0 : 0.861326 ]
[0.861s][info][gc       ] [HUGEPAGESTAT 0 0 0 - 55687 0 0 : 270336 0 0 : 0.861326 ]
[0.861s][info][gc       ] [OBJCREAT 600704 24358 - : 0.861384 ]
[0.861s][info][gc       ] [HMSV All : 0 0 4 0 0 0 0 0 : 4796 0 0 0 : 0.861398 ]
[0.861s][info][gc       ] [HMSP 8 : 50848 0 : 0.861398 ]
[0.862s][info][gc       ] [VMAC 65530 170 24 432 626 : 0.861842 ]
[0.862s][info][gc       ] [GPGC-H  327.3 0.0 38.9 0.0 : 3749.0 : 0.000 0.000 : 0.000 0.000 0.072 0.043 : 0.000 0.000 0.000 0.000 0.076 0.018 : 0.000 : 98.572 : 414 0 32 0 : 2272 : 509 481 : 0.862011 : 7 Heap_use_crossed_incremental_gc_percent ]
[0.863s][info][safepoint] Application time: 0.0145084 seconds
[0.864s][info][safepoint] Total time for which application threads were stopped: 0.0001733 seconds, Stopping threads took: 0.0000004 seconds
[0.864s][info][gc       ] [SPS 0.000 0.002 0.002 0.007 0.000 0.001 0.000 0.134 0.032 0.174 OldGC_pause4 0.863184 ]
[0.864s][info][gc       ] [GC Old Max 5-2 : 566 498 484 566 - - 286 20 2 2 - : 428 0 28 28 34 : 25 4 0 0 0 : 0 1 1 0 14 - 0 : 0.053729 0.0 0.0 0.127724 0.0 15.7 : 1 --c 0000 : 23   -    -    -    -    -    -    -    -    -  : 0.735877 0.736229 0.000128 0.783168 0.000738 0.786725 0.000040 0.863010 0.000079 : 0.863601 ]
[0.864s][info][gc       ] [SYSINFO 1962 192 64 0 1526 0 15 0 0 1149 : - - - - - - - - : 0 7168 : 5.40 2.25 2.20 : 271703 4210580 : 0 0 : 9 0 : 1736 3 0 266 : - 1871384576 574701568 471584768 1129869312 200994816 68259840 : 139826290 21505150 316630 0 0 0 : 0.863777 ]
[0.864s][info][gc       ] [HUGEPAGESTAT 0 0 0 - 55687 0 0 : 270336 0 0 : 0.863777 ]
[0.864s][info][gc       ] [OBJCREAT 620534 24358 - : 0.863819 ]
[0.864s][info][gc       ] [HMSV All : 0 0 4 0 0 0 0 0 : 4796 0 0 0 : 0.863838 ]
[0.864s][info][gc       ] [HMSP 8 : 50848 0 : 0.863838 ]
[0.864s][info][gc       ] [COMPSTATS 1 : 5 0 : 5 0 : 0 0 : 365 1 0 0 0 0 : 0 0 0 0 0 0 : 87 87 4 : 366 0 0 0 0 0 0 : 366 0 0 0 0 0 0 ]
[0.864s][info][gc       ] [COMPSTATS 2 : 5 1 : 4 1 : 0 0 : 49 2 0 0 0 0 : 0 0 0 0 0 0 : 1937 1942 732 : 32 19 0 0 0 0 0 : 8 38 4 0 0 0 0 ]
[0.864s][info][gc       ] [DEOPTSTATS 1 : 0 0 : 0 0 : 0 0 : 0 0 : 0 1 : 0 0 : 0 0 : 0 0 : 0 0 : 0 0 : 0 0 : 0 0 : 0 0 : 0 0 : 0 0 : 0 0 : 0 0 : 0 0 : 0 0 : 0 0 : 0 0 : 0 0 : 0 0 : 0 0 : 0 0 : 0 0 : 0 0 : 0 0 : 0 0 : 0 0 : 1 0 : 0 0 : 0 0 : 0 0 : 0 0 : 0 0 : 0 0 : 0 0 : 0 0 : 0 0 : 0 0 : 0 0 ]
[0.864s][info][gc       ] [DEOPTSTATS 2 : 0 0 : 0 0 : 0 0 : 0 0 : 0 0 : 0 0 : 0 5 : 0 0 : 0 0 : 0 0 : 0 0 : 0 0 : 0 0 : 0 0 : 0 0 : 0 0 : 0 0 : 0 0 : 0 0 : 0 0 : 0 0 : 0 0 : 0 0 : 0 0 : 0 0 : 0 0 : 0 0 : 0 0 : 0 0 : 0 0 : 0 0 : 0 0 : 0 0 : 0 0 : 0 0 : 0 0 : 0 0 : 0 0 : 0 0 : 0 1 : 0 0 : 0 0 ]
[0.864s][info][gc       ] [VMAC 65530 170 24 432 626 : 0.864261 ]
[0.865s][info][gc       ] [CCF 0 0 0 0 7 19968: 2465792 : 376 194560 : 2 32768 : 312 306176 :  365 482816 : 44 67584 : 0 0 : 14 1146880 : 1 2048]
[0.869s][info][safepoint] Application time: 0.0053211 seconds
[0.869s][info][safepoint] Total time for which application threads were stopped: 0.0001890 seconds, Stopping threads took: 0.0000736 seconds
[0.869s][info][gc       ] [SPS 0.000 0.002 0.002 0.006 0.074 0.001 0.000 0.094 0.014 0.189 NewGC_pause1 0.868694 ]
[0.948s][info][safepoint] Application time: 0.0790069 seconds
[0.948s][info][safepoint] Total time for which application threads were stopped: 0.0001227 seconds, Stopping threads took: 0.0000005 seconds
[0.948s][info][gc       ] [SPS 0.000 0.001 0.000 0.009 0.000 0.001 0.000 0.087 0.026 0.123 NewGC_pause2 0.947824 ]
[0.949s][info][safepoint] Application time: 0.0008401 seconds
[0.949s][info][safepoint] Total time for which application threads were stopped: 0.0000681 seconds, Stopping threads took: 0.0000005 seconds
[0.949s][info][gc       ] [SPS 0.000 0.000 0.000 0.009 0.000 0.001 0.000 0.041 0.016 0.068 NewGC_pause3 0.948732 ]
[0.951s][info][safepoint] Application time: 0.0023181 seconds
[0.951s][info][safepoint] Total time for which application threads were stopped: 0.0000717 seconds, Stopping threads took: 0.0000005 seconds
[0.951s][info][gc       ] [SPS 0.000 0.003 0.002 0.008 0.000 0.001 0.000 0.046 0.016 0.072 NewGC_pause4 0.951122 ]
[0.967s][info][gc       ] [GC New Max 7-5 : 742 632 578 742 - - 336 20 2 2 - : 522 0 28 28 582 : 349 21 206 206 104 : 0 28 61 0 248 - 13 : 0.005412 7760.3 0.0 0.099932 1721.2 0.0 : 3 --c 0000 : 23 573 0.000 0.000 0 0.000 0.000 573 0.000 0.000 : 0.866480 0.868505 0.000170 0.947701 0.000055 0.948664 0.000047 0.951050 0.000052 : 0.966412 ]
[0.967s][info][gc       ] [SYSINFO 2154 192 64 0 1717 0 15 0 0 1310 : - - - - - - - - : 0 7168 : 5.40 2.25 2.20 : 271703 4210580 : 0 0 : 9 0 : 1736 4 0 266 : - 2069913600 574701568 485609472 1314373632 200994816 68259840 : 139826290 21505620 316720 0 0 0 : 0.966664 ]
[0.967s][info][gc       ] [HUGEPAGESTAT 0 0 0 - 55691 0 0 : 276480 0 0 : 0.966664 ]
[0.967s][info][gc       ] [OBJCREAT 810577 24358 - : 0.966714 ]
[0.967s][info][gc       ] [HMSV All : 0 0 5 0 0 0 0 0 : 4822 0 0 0 : 0.966728 ]
[0.967s][info][gc       ] [HMSP 8 : 50848 0 : 0.966728 ]
[0.967s][info][gc       ] [VMAC 65530 170 24 432 626 : 0.967135 ]
[0.967s][info][gc       ] [GPGC-H  452.6 0.0 38.9 0.0 : 3749.0 : 0.000 0.000 : 0.000 0.000 0.100 0.128 : 0.000 0.000 0.000 0.000 0.112 0.022 : 0.000 : 99.589 : 528 0 28 0 : 2272 : 667 639 : 0.967462 : 7 Heap_use_crossed_incremental_gc_percent ]
[0.970s][info][safepoint] Application time: 0.0186065 seconds
[0.970s][info][safepoint] Total time for which application threads were stopped: 0.0003041 seconds, Stopping threads took: 0.0000005 seconds
[0.970s][info][gc       ] [SPS 0.000 0.001 0.007 0.008 0.000 0.001 0.000 0.269 0.025 0.304 NewGC_pause1 0.970033 ]
[1.002s][info][gc       ] [HEAPCOMMIT 922 : 410 28.544 0 0.000 : 0 0.000 0.000 : 920 79 : 1.001942 ]
[1.073s][info][safepoint] Application time: 0.1032707 seconds
[1.074s][info][safepoint] Total time for which application threads were stopped: 0.0001059 seconds, Stopping threads took: 0.0000006 seconds
[1.074s][info][gc       ] [SPS 0.000 0.003 0.000 0.012 0.001 0.001 0.000 0.067 0.025 0.106 NewGC_pause2 1.073410 ]
[1.075s][info][safepoint] Application time: 0.0014939 seconds
[1.075s][info][safepoint] Total time for which application threads were stopped: 0.0000980 seconds, Stopping threads took: 0.0000004 seconds
[1.075s][info][gc       ] [SPS 0.000 0.000 0.000 0.010 0.000 0.001 0.000 0.069 0.018 0.098 NewGC_pause3 1.075001 ]
[1.078s][info][safepoint] Application time: 0.0025009 seconds
[1.078s][info][safepoint] Total time for which application threads were stopped: 0.0006829 seconds, Stopping threads took: 0.0000005 seconds
[1.078s][info][gc       ] [SPS 0.000 0.000 0.000 0.010 0.000 0.001 0.000 0.642 0.030 0.683 OldGC_pause2 1.078185 ]
[1.081s][info][safepoint] Application time: 0.0026590 seconds
[1.081s][info][safepoint] Total time for which application threads were stopped: 0.0000979 seconds, Stopping threads took: 0.0000006 seconds
[1.081s][info][gc       ] [SPS 0.000 0.002 0.003 0.008 0.001 0.002 0.000 0.069 0.018 0.098 NewGC_pause4 1.080942 ]
[1.082s][info][safepoint] Application time: 0.0012187 seconds
[1.082s][info][safepoint] Total time for which application threads were stopped: 0.0000878 seconds, Stopping threads took: 0.0000005 seconds
[1.082s][info][gc       ] [SPS 0.000 0.000 0.000 0.018 0.000 0.001 0.000 0.051 0.017 0.088 OldGC_pause3 1.082249 ]
[1.106s][info][gc       ] [GC NTO Max 8-6 : 990 922 846 990 - - 314 20 2 2 - : 786 0 30 30 868 : 591 24 242 242 107 : 0 37 154 0 357 - 36 : 0.001531 7837.7 0.0 0.137549 2820.8 14.5 : 3 --c 0000 : 23 994 0.000 0.005 0 0.000 0.000 994 0.000 0.005 : 0.967943 0.969728 0.000274 1.073303 0.000066 1.074903 0.000073 1.080844 0.000075 : 1.105491 ]
[1.106s][info][gc       ] [SYSINFO 2554 192 64 0 1981 0 15 0 0 1572 : - - - - - - - - : 0 7168 : 5.40 2.25 2.20 : 271703 4210580 : 0 0 : 9 0 : 1736 5 0 266 : - 2347339776 574701568 502972416 1574436864 200994816 68259840 : 139826290 21506210 316910 0 0 0 : 1.105779 ]
[1.106s][info][gc       ] [HUGEPAGESTAT 0 0 0 - 55698 0 0 : 276480 0 0 : 1.105779 ]
[1.106s][info][gc       ] [OBJCREAT 1203446 24425 - : 1.105835 ]
[1.106s][info][gc       ] [HMSV All : 0 0 7 0 0 0 0 0 : 4894 0 0 0 : 1.105854 ]
[1.106s][info][gc       ] [HMSP 9 : 50850 0 : 1.105854 ]
[1.106s][info][gc       ] [GPGC-H  717.3 0.0 38.9 0.0 : 3749.0 : 0.000 0.000 : 0.000 0.000 0.137 0.128 : 0.000 0.000 0.000 0.000 0.174 0.022 : 0.000 : 99.585 : 786 0 30 0 : 2272 : 891 861 : 1.106229 : 7 Heap_use_crossed_incremental_gc_percent ]
[1.106s][info][gc       ] [VMAC 65530 170 24 433 627 : 1.106401 ]
[1.122s][info][safepoint] Application time: 0.0390519 seconds
[1.122s][info][safepoint] Total time for which application threads were stopped: 0.0006057 seconds, Stopping threads took: 0.0004033 seconds
[1.122s][info][gc       ] [SPS 0.000 0.003 0.005 0.007 0.403 0.001 0.000 0.153 0.039 0.604 NewGC_pause1 1.121907 ]
[1.237s][info][gc       ] [DEOPTSTATS 1 : 0 0 : 0 0 : 0 0 : 0 0 : 0 1 : 0 0 : 0 0 : 0 0 : 0 0 : 0 0 : 0 0 : 0 0 : 0 0 : 0 0 : 0 0 : 0 0 : 0 0 : 0 0 : 0 0 : 0 0 : 0 0 : 0 0 : 0 0 : 0 0 : 0 0 : 0 0 : 0 0 : 0 0 : 0 0 : 0 0 : 1 0 : 0 0 : 0 0 : 0 0 : 0 0 : 0 0 : 0 0 : 0 0 : 0 0 : 0 0 : 0 0 : 0 0 ]
[1.237s][info][gc       ] [DEOPTSTATS 2 : 0 0 : 0 0 : 0 0 : 0 0 : 0 0 : 0 0 : 0 5 : 0 0 : 0 0 : 0 0 : 0 0 : 0 0 : 0 0 : 0 0 : 0 0 : 0 0 : 0 0 : 0 0 : 0 0 : 0 0 : 0 0 : 0 0 : 0 0 : 0 0 : 0 0 : 0 0 : 0 0 : 0 0 : 0 0 : 0 0 : 1 0 : 0 0 : 0 0 : 0 0 : 0 0 : 0 0 : 0 0 : 0 0 : 0 0 : 0 1 : 0 0 : 0 0 ]
[1.258s][info][gc       ] [HEAPCOMMIT 1370 : 448 40.013 0 0.000 : 0 0.000 0.000 : 1832 193 : 1.258425 ]
[1.331s][info][safepoint] Application time: 0.2087799 seconds
[1.331s][info][safepoint] Total time for which application threads were stopped: 0.0001960 seconds, Stopping threads took: 0.0000005 seconds
[1.331s][info][gc       ] [SPS 0.000 0.001 0.000 0.009 0.000 0.001 0.000 0.155 0.030 0.196 NewGC_pause2 1.330883 ]
[1.332s][info][safepoint] Application time: 0.0014850 seconds
[1.333s][info][safepoint] Total time for which application threads were stopped: 0.0000704 seconds, Stopping threads took: 0.0000004 seconds
[1.333s][info][gc       ] [SPS 0.000 0.000 0.000 0.008 0.000 0.001 0.000 0.043 0.018 0.070 NewGC_pause3 1.332438 ]
[1.340s][info][safepoint] Application time: 0.0074895 seconds
[1.346s][info][safepoint] Total time for which application threads were stopped: 0.0000734 seconds, Stopping threads took: 0.0000005 seconds
[1.347s][info][gc       ] [SPS 0.000 0.003 0.004 0.009 0.000 0.001 0.000 0.047 0.016 0.073 NewGC_pause4 1.340001 ]
[1.383s][info][gc       ] [GC New Max 10-7 : 1522 1402 1400 1522 - - 345 20 2 2 - : 1318 0 30 52 1322 : 1014 16 255 255 61 : 0 55 253 0 606 - 53 : 0.005993 0.0 0.0 0.270756 2718.3 0.0 : 3 --c 0000 : 23 425 0.000 0.000 0 0.000 0.000 425 0.000 0.000 : 1.111485 1.121302 0.000521 1.330687 0.000115 1.332368 0.000049 1.339928 0.000053 : 1.382240 ]
[1.383s][info][gc       ] [SYSINFO 2967 192 64 0 2516 0 15 0 0 2101 : - - - - - - - - : 0 7168 : 5.40 2.25 2.20 : 271703 4210580 : 0 0 : 9 0 : 1736 3 0 266 : - 2907680768 574701568 505475072 2132275200 200994816 68259840 : 139826290 21507260 317340 0 0 0 : 1.382548 ]
[1.383s][info][gc       ] [HUGEPAGESTAT 0 0 0 - 55699 0 0 : 301056 0 0 : 1.382548 ]
[1.383s][info][gc       ] [OBJCREAT 1935251 24425 - : 1.382604 ]
[1.383s][info][gc       ] [HMSV All : 0 0 8 0 0 0 0 0 : 4944 0 0 0 : 1.382623 ]
[1.383s][info][gc       ] [HMSP 16 : 50872 0 : 1.382623 ]
[1.383s][info][gc       ] [GPGC-H  1065.7 0.0 38.9 0.0 : 3749.0 : 0.000 0.000 : 0.000 0.000 0.271 0.128 : 0.000 0.000 0.000 0.000 0.313 0.022 : 0.000 : 100.002 : 1324 0 30 0 : 2272 : 1369 1317 : 1.383064 : 3 Heap_use_exceeded_committed ]
[1.383s][info][gc       ] [VMAC 65530 170 24 440 634 : 1.383128 ]
[1.384s][info][safepoint] Application time: 0.0439618 seconds
[1.384s][info][safepoint] Total time for which application threads were stopped: 0.0001254 seconds, Stopping threads took: 0.0000005 seconds
[1.384s][info][gc       ] [SPS 0.000 0.002 0.003 0.009 0.000 0.001 0.001 0.096 0.018 0.125 OldGC_pause4 1.384089 ]
[1.386s][info][gc       ] [GC Old Max 9-3 : 1522 1422 1422 1522 - - 335 20 2 2 - : 1340 0 28 52 34 : 25 4 0 0 0 : 0 2 1 1 14 - 0 : 0.105244 0.0 0.0 0.416571 0.0 4.8 : 1 --c 0000 : 23   -    -    -    -    -    -    -    -    -  : 0.968845 0.969728 0.000274 1.077502 0.000646 1.082161 0.000066 1.383963 0.000103 : 1.385416 ]
[1.386s][info][gc       ] [SYSINFO 2967 192 64 0 2516 0 15 0 0 2104 : - - - - - - - - : 0 7168 : 5.40 2.25 2.20 : 271703 4210580 : 0 0 : 9 0 : 1736 3 0 266 : - 2907815936 574701568 505610240 2132275200 200994816 68259840 : 139826290 21507260 317340 0 0 0 : 1.385726 ]
[1.386s][info][gc       ] [HUGEPAGESTAT 0 0 0 - 55699 0 0 : 301056 0 0 : 1.385726 ]
[1.386s][info][gc       ] [OBJCREAT 1959046 24425 - : 1.385775 ]
[1.386s][info][gc       ] [HMSV All : 0 0 8 0 0 0 0 0 : 4944 0 0 0 : 1.385791 ]
[1.386s][info][gc       ] [HMSP 16 : 50872 0 : 1.385791 ]
[1.386s][info][gc       ] [COMPSTATS 1 : 5 0 : 2 0 : 0 0 : 371 1 0 0 0 0 : 0 0 0 0 0 0 : 88 88 4 : 372 0 0 0 0 0 0 : 372 0 0 0 0 0 0 ]
[1.386s][info][gc       ] [COMPSTATS 2 : 5 0 : 1 0 : 0 0 : 49 2 0 0 0 0 : 0 0 0 0 0 0 : 2097 2102 732 : 32 19 0 0 0 0 0 : 8 38 5 0 0 0 0 ]
[1.386s][info][gc       ] [DEOPTSTATS 1 : 0 0 : 0 0 : 0 0 : 0 0 : 0 1 : 0 0 : 0 0 : 0 0 : 0 0 : 0 0 : 0 0 : 0 0 : 0 0 : 0 0 : 0 0 : 0 0 : 0 0 : 0 0 : 0 0 : 0 0 : 0 0 : 0 0 : 0 0 : 0 0 : 0 0 : 0 0 : 0 0 : 0 0 : 0 0 : 0 0 : 1 0 : 0 0 : 0 0 : 0 0 : 0 0 : 0 0 : 0 0 : 0 0 : 0 0 : 0 0 : 0 0 : 0 0 ]
[1.386s][info][gc       ] [DEOPTSTATS 2 : 0 0 : 0 0 : 0 0 : 0 0 : 0 0 : 0 0 : 0 5 : 0 0 : 0 0 : 0 0 : 0 0 : 0 0 : 0 0 : 0 0 : 0 0 : 0 0 : 0 0 : 0 0 : 0 0 : 0 0 : 0 0 : 0 0 : 0 0 : 0 0 : 0 0 : 0 0 : 0 0 : 0 0 : 0 0 : 0 0 : 1 0 : 0 0 : 0 0 : 0 0 : 0 0 : 0 0 : 0 0 : 0 0 : 0 0 : 0 1 : 0 0 : 0 0 ]
[1.386s][info][gc       ] [VMAC 65530 170 24 440 634 : 1.386273 ]
[1.386s][info][gc       ] [CCF 0 0 0 0 7 19968: 2473984 : 376 194560 : 2 32768 : 312 306176 :  371 485888 : 45 72704 : 0 0 : 14 1146880 : 1 2048]
[1.391s][info][safepoint] Application time: 0.0062009 seconds
[1.391s][info][safepoint] Total time for which application threads were stopped: 0.0002375 seconds, Stopping threads took: 0.0000004 seconds
[1.391s][info][gc       ] [SPS 0.000 0.002 0.002 0.005 0.000 0.001 0.000 0.216 0.015 0.238 NewGC_pause1 1.390527 ]
[1.413s][info][gc       ] [HEAPCOMMIT 1778 : 408 45.569 0 0.000 : 0 0.000 0.000 : 1288 127 : 1.412951 ]
[1.462s][info][gc       ] [HEAPCOMMIT 2290 : 512 48.346 0 0.000 : 0 0.000 0.000 : 0 0 : 1.461887 ]
[1.864s][info][safepoint] Application time: 0.4729863 seconds
[1.864s][info][safepoint] Total time for which application threads were stopped: 0.0000657 seconds, Stopping threads took: 0.0000004 seconds
[1.864s][info][gc       ] [SPS 0.000 0.001 0.000 0.007 0.000 0.001 0.000 0.042 0.015 0.066 NewGC_pause2 1.863579 ]
[1.865s][info][safepoint] Application time: 0.0011156 seconds
[1.865s][info][safepoint] Total time for which application threads were stopped: 0.0001814 seconds, Stopping threads took: 0.0000004 seconds
[1.865s][info][gc       ] [SPS 0.000 0.000 0.000 0.005 0.000 0.001 0.000 0.168 0.006 0.182 NewGC_pause3 1.864877 ]
[1.874s][info][safepoint] Application time: 0.0089402 seconds
[1.874s][info][safepoint] Total time for which application threads were stopped: 0.0000607 seconds, Stopping threads took: 0.0000004 seconds
[1.874s][info][gc       ] [SPS 0.000 0.003 0.003 0.005 0.000 0.001 0.000 0.048 0.006 0.060 NewGC_pause4 1.873877 ]
[1.914s][info][gc       ] [GC New Max 11-8 : 2560 2378 2354 2560 - - 383 20 2 2 - : 2222 0 28 104 2248 : 1895 14 338 338 205 : 0 92 440 0 994 - 117 : 0.006078 7239.5 0.0 0.525097 1893.0 0.0 : 3 --c 0000 : 23 1316 0.000 0.041 0 0.000 0.000 1316 0.000 0.041 : 1.388318 1.390290 0.000219 1.863514 0.000044 1.864695 0.000049 1.873817 0.000051 : 1.913415 ]
[1.914s][info][gc       ] [SYSINFO 4054 192 64 0 3584 0 15 0 0 3143 : - - - - - - - - : 0 7168 : 5.40 2.25 2.20 : 271703 4210580 : 0 0 : 9 0 : 1736 2 0 266 : - 4027547648 574701568 536969216 3220783104 200994816 68259840 : 139826290 21509270 318050 0 0 0 : 1.913735 ]
[1.914s][info][gc       ] [HUGEPAGESTAT 0 0 0 - 55699 0 0 : 301056 0 0 : 1.913735 ]
[1.914s][info][gc       ] [OBJCREAT 2968461 24425 - : 1.913792 ]
[1.914s][info][gc       ] [HMSV All : 0 0 10 0 0 0 0 0 : 5196 0 0 0 : 1.913814 ]
[1.914s][info][gc       ] [HMSP 24 : 50924 0 : 1.913814 ]
[1.914s][info][gc       ] [VMAC 65530 170 24 448 642 : 1.914249 ]
[1.915s][info][gc       ] [GPGC-H  1395.2 0.0 38.9 0.0 : 3749.0 : 0.000 0.000 : 0.000 0.000 0.525 0.417 : 0.000 0.000 0.000 0.000 0.594 0.022 : 0.000 : 99.997 : 2222 0 28 0 : 2272 : 2304 2200 : 1.914532 : 3 Heap_use_exceeded_committed ]
[1.919s][info][safepoint] Application time: 0.0448407 seconds
[1.919s][info][safepoint] Total time for which application threads were stopped: 0.0004468 seconds, Stopping threads took: 0.0002140 seconds
[1.920s][info][gc       ] [SPS 0.000 0.001 0.003 0.006 0.214 0.002 0.001 0.169 0.055 0.447 NewGC_pause1 1.919166 ]
[1.955s][info][gc       ] [HEAPCOMMIT 2816 : 526 42.017 0 0.000 : 0 0.000 0.000 : 4152 445 : 1.954570 ]
[2.000s][info][gc       ] [HEAPCOMMIT 3328 : 512 45.348 0 0.000 : 0 0.000 0.000 : 0 0 : 2.000481 ]
[2.044s][info][gc       ] [HEAPCOMMIT 3840 : 512 43.445 0 0.000 : 0 0.000 0.000 : 0 0 : 2.044454 ]
[2.101s][info][gc       ] [HEAPCOMMIT 4252 : 412 56.445 0 0.000 : 0 0.000 0.000 : 0 0 : 2.101472 ]
[2.238s][info][gc       ] [DEOPTSTATS 1 : 0 0 : 0 0 : 0 0 : 0 0 : 0 1 : 0 0 : 0 0 : 0 0 : 0 0 : 0 0 : 0 0 : 0 0 : 0 0 : 0 0 : 0 0 : 0 0 : 0 0 : 0 0 : 0 0 : 0 0 : 0 0 : 0 0 : 0 0 : 0 0 : 0 0 : 0 0 : 0 0 : 0 0 : 0 0 : 0 0 : 1 0 : 0 0 : 0 0 : 0 0 : 0 0 : 0 0 : 0 0 : 0 0 : 0 0 : 0 0 : 0 0 : 0 0 ]
[2.238s][info][gc       ] [DEOPTSTATS 2 : 0 0 : 0 0 : 0 0 : 0 0 : 0 0 : 0 0 : 0 6 : 0 0 : 0 0 : 0 0 : 0 0 : 0 0 : 0 0 : 0 0 : 0 0 : 0 0 : 0 0 : 0 0 : 0 0 : 0 0 : 0 0 : 0 0 : 0 0 : 0 0 : 0 0 : 0 0 : 0 0 : 0 0 : 0 0 : 0 0 : 1 0 : 0 0 : 0 0 : 0 0 : 0 0 : 0 0 : 0 0 : 0 0 : 0 0 : 0 1 : 0 0 : 0 0 ]
[2.607s][info][safepoint] Application time: 0.6877086 seconds
[2.607s][info][safepoint] Total time for which application threads were stopped: 0.0000669 seconds, Stopping threads took: 0.0000004 seconds
[2.607s][info][gc       ] [SPS 0.000 0.001 0.000 0.007 0.000 0.001 0.000 0.042 0.017 0.067 NewGC_pause2 2.606941 ]
[2.608s][info][safepoint] Application time: 0.0011941 seconds
[2.608s][info][safepoint] Total time for which application threads were stopped: 0.0000895 seconds, Stopping threads took: 0.0000004 seconds
[2.608s][info][gc       ] [SPS 0.000 0.000 0.000 0.008 0.000 0.001 0.000 0.039 0.041 0.090 NewGC_pause3 2.608225 ]
[2.612s][info][safepoint] Application time: 0.0029328 seconds
[2.612s][info][safepoint] Total time for which application threads were stopped: 0.0005732 seconds, Stopping threads took: 0.0000004 seconds
[2.612s][info][gc       ] [SPS 0.000 0.000 0.000 0.008 0.000 0.001 0.000 0.541 0.023 0.573 OldGC_pause2 2.611731 ]
[2.615s][info][safepoint] Application time: 0.0027792 seconds
[2.615s][info][safepoint] Total time for which application threads were stopped: 0.0000886 seconds, Stopping threads took: 0.0000005 seconds
[2.615s][info][gc       ] [SPS 0.000 0.000 0.000 0.009 0.001 0.001 0.002 0.063 0.014 0.089 OldGC_pause3 2.614599 ]
[2.624s][info][safepoint] Application time: 0.0090537 seconds
[2.624s][info][safepoint] Total time for which application threads were stopped: 0.0002198 seconds, Stopping threads took: 0.0000004 seconds
[2.624s][info][gc       ] [SPS 0.000 0.003 0.007 0.009 0.000 0.001 0.000 0.175 0.035 0.220 NewGC_pause4 2.623872 ]
[2.704s][info][gc       ] [GC NTO Max 12-9 : 4252 2846 2840 4252 - - 540 20 2 2 - : 2622 0 30 188 2630 : 2060 19 498 498 320 : 0 151 175 0 1212 - 99 : 0.001369 0.0 0.0 0.788982 732.6 2.5 : 3 --c 0000 : 23 0 0.000 0.000 0 0.000 0.000 0 0.000 0.000 : 1.914785 1.918718 0.000378 2.606874 0.000044 2.608135 0.000043 2.623652 0.000131 : 2.703767 ]
[2.704s][info][gc       ] [SYSINFO 5802 192 64 0 5305 0 15 0 0 4787 : - - - - - - - - : 0 7168 : 5.37 2.29 2.21 : 271703 4210600 : 0 0 : 9 0 : 1736 6 0 266 : - 5831634944 574701568 566841344 4994998272 200994816 68259840 : 139826290 21512640 319120 0 0 0 : 2.704037 ]
[2.704s][info][gc       ] [HUGEPAGESTAT 0 0 0 - 55699 0 0 : 301056 0 0 : 2.704037 ]
[2.704s][info][gc       ] [OBJCREAT 3537502 24498 - : 2.704087 ]
[2.704s][info][gc       ] [HMSV All : 0 0 12 0 0 0 0 0 : 5196 0 0 0 : 2.704111 ]
[2.704s][info][gc       ] [HMSP 38 : 51008 0 : 2.704111 ]
[2.705s][info][gc       ] [VMAC 65530 170 24 464 658 : 2.704685 ]
[2.705s][info][gc       ] [GPGC-H  1395.2 0.0 35.4 0.0 : 3410.8 : 0.000 0.000 : 0.000 0.000 0.789 0.417 : 0.000 0.000 0.000 0.000 0.975 0.022 : 0.000 : 99.991 : 2624 0 30 0 : 2273 : 3826 3638 : 2.704729 : 9 Next_heuristic_check_may_be_too_late ]
[2.708s][info][safepoint] Application time: 0.0842559 seconds
[2.708s][info][safepoint] Total time for which application threads were stopped: 0.0001712 seconds, Stopping threads took: 0.0000005 seconds
[2.709s][info][gc       ] [SPS 0.000 0.002 0.003 0.008 0.000 0.001 0.000 0.135 0.026 0.171 OldGC_pause4 2.708300 ]
[2.710s][info][gc       ] [GC Old Max 13-4 : 4252 2852 2850 4252 - - 542 20 2 2 - : 2636 0 26 188 32 : 25 2 0 0 0 : 0 1 1 0 13 - 0 : 0.531571 0.0 0.0 0.792555 0.0 2.5 : 1 --c 0000 : 23   -    -    -    -    -    -    -    -    -  : 1.916987 1.918718 0.000378 2.611157 0.000545 2.614510 0.000071 2.708128 0.000083 : 2.709542 ]
[2.710s][info][gc       ] [SYSINFO 5804 192 64 0 5306 0 15 0 0 4792 : - - - - - - - - : 0 7168 : 5.37 2.29 2.21 : 271703 4210600 : 0 0 : 9 0 : 1736 7 0 266 : - 5833121792 574701568 568328192 4994998272 200994816 68259840 : 139826290 21512670 319140 0 0 0 : 2.709856 ]
[2.710s][info][gc       ] [HUGEPAGESTAT 0 0 0 - 55699 0 0 : 301056 0 0 : 2.709856 ]
[2.710s][info][gc       ] [OBJCREAT 3549399 24498 - : 2.709924 ]
[2.710s][info][gc       ] [HMSV All : 0 0 12 0 0 0 0 0 : 5196 0 0 0 : 2.709942 ]
[2.710s][info][gc       ] [HMSP 38 : 51008 0 : 2.709942 ]
[2.710s][info][gc       ] [COMPSTATS 1 : 5 0 : 15 0 : 0 0 : 397 2 0 0 0 0 : 0 0 0 0 0 0 : 94 95 4 : 399 0 0 0 0 0 0 : 399 0 0 0 0 0 0 ]
[2.710s][info][gc       ] [COMPSTATS 2 : 5 2 : 4 2 : 0 0 : 55 6 0 0 0 0 : 0 0 0 0 0 0 : 2388 2394 732 : 42 19 0 0 0 0 0 : 9 45 5 0 0 0 0 ]
[2.710s][info][gc       ] [DEOPTSTATS 1 : 0 0 : 0 0 : 0 0 : 0 0 : 0 1 : 0 0 : 0 0 : 0 0 : 0 0 : 0 0 : 0 0 : 0 0 : 0 0 : 0 0 : 0 0 : 0 0 : 0 0 : 0 0 : 0 0 : 0 0 : 0 0 : 0 0 : 0 0 : 0 0 : 0 0 : 0 0 : 0 0 : 0 0 : 0 0 : 0 0 : 3 0 : 0 0 : 0 0 : 0 0 : 0 0 : 0 0 : 0 0 : 0 0 : 0 0 : 0 0 : 0 0 : 0 0 ]
[2.710s][info][gc       ] [DEOPTSTATS 2 : 0 0 : 0 0 : 0 0 : 0 0 : 0 0 : 0 0 : 0 8 : 0 0 : 0 0 : 0 0 : 0 0 : 0 0 : 0 0 : 0 0 : 0 0 : 0 0 : 0 0 : 0 0 : 0 0 : 0 0 : 0 0 : 0 0 : 0 0 : 0 0 : 0 0 : 0 0 : 0 0 : 0 0 : 0 0 : 0 0 : 2 0 : 0 0 : 0 0 : 0 0 : 0 1 : 0 0 : 0 0 : 0 0 : 0 0 : 0 1 : 0 0 : 0 0 ]
[2.711s][info][gc       ] [CCF 0 0 0 0 7 19968: 2512384 : 376 194560 : 2 32768 : 312 306176 :  398 513536 : 53 83456 : 0 0 : 14 1146880 : 1 2048]
[2.711s][info][gc       ] [VMAC 65530 170 24 464 658 : 2.710534 ]
[2.713s][info][safepoint] Application time: 0.0046866 seconds
[2.713s][info][safepoint] Total time for which application threads were stopped: 0.0003214 seconds, Stopping threads took: 0.0000005 seconds
[2.714s][info][gc       ] [SPS 0.000 0.003 0.006 0.009 0.001 0.001 0.000 0.284 0.026 0.321 NewGC_pause1 2.713308 ]
[2.770s][info][gc       ] [HEAPCOMMIT 4764 : 512 38.783 0 0.000 : 0 0.000 0.000 : 0 0 : 2.770004 ]
[2.824s][info][gc       ] [HEAPCOMMIT 5276 : 512 52.998 0 0.000 : 0 0.000 0.000 : 0 0 : 2.823614 ]
[2.890s][info][gc       ] [HEAPCOMMIT 5788 : 512 65.336 0 0.000 : 0 0.000 0.000 : 0 0 : 2.889510 ]
[2.940s][info][gc       ] [HEAPCOMMIT 6300 : 512 49.947 0 0.000 : 0 0.000 0.000 : 0 0 : 2.940271 ]
[3.417s][info][safepoint] Application time: 0.7034672 seconds
[3.417s][info][safepoint] Total time for which application threads were stopped: 0.0000671 seconds, Stopping threads took: 0.0000005 seconds
[3.417s][info][gc       ] [SPS 0.000 0.001 0.000 0.009 0.000 0.001 0.000 0.041 0.015 0.067 NewGC_pause2 3.416842 ]
[3.418s][info][safepoint] Application time: 0.0008982 seconds
[3.418s][info][safepoint] Total time for which application threads were stopped: 0.0000618 seconds, Stopping threads took: 0.0000005 seconds
[3.418s][info][gc       ] [SPS 0.000 0.001 0.000 0.008 0.000 0.001 0.000 0.038 0.015 0.062 NewGC_pause3 3.417802 ]
[3.442s][info][safepoint] Application time: 0.0239554 seconds
[3.442s][info][safepoint] Total time for which application threads were stopped: 0.0000692 seconds, Stopping threads took: 0.0000005 seconds
[3.442s][info][gc       ] [SPS 0.000 0.003 0.006 0.007 0.000 0.001 0.000 0.044 0.016 0.069 NewGC_pause4 3.441827 ]
[3.603s][info][gc       ] [GC New Max 14-10 : 6356 4868 4600 6356 - - 550 20 2 2 - : 4222 60 26 292 4552 : 3709 17 777 777 200 : 30 324 929 0 1946 - 165 : 0.005442 2205.3 0.0 0.893167 2496.7 0.0 : 3 --c 0000 : 23 0 0.000 0.000 0 0.000 0.000 0 0.000 0.000 : 2.709208 2.712986 0.000292 3.416775 0.000045 3.417741 0.000042 3.441758 0.000049 : 3.602375 ]
[3.603s][info][gc       ] [SYSINFO 7945 192 64 0 7418 0 15 0 0 6677 : - - - - - - - - : 0 7168 : 5.37 2.29 2.21 : 271703 4210600 : 0 0 : 9 0 : 1736 3 0 266 : - 8047714304 574701568 576843776 7201210368 200994816 68259840 : 139826290 21516640 320530 0 0 0 : 3.602654 ]
[3.603s][info][gc       ] [HUGEPAGESTAT 0 0 0 - 55699 0 0 : 301056 0 0 : 3.602654 ]
[3.603s][info][gc       ] [OBJCREAT 5755591 24498 61440 : 3.602723 ]
[3.603s][info][gc       ] [HMSV All : 0 0 19 0 0 0 0 0 : 5432 0 0 0 : 3.602741 ]
[3.603s][info][gc       ] [HMSP 54 : 51112 0 : 3.602741 ]
[3.603s][info][gc       ] [VMAC 65530 170 24 480 674 : 3.603283 ]
[3.604s][info][gc       ] [GPGC-H  1395.2 0.0 35.4 0.0 : 3410.8 : 0.000 0.000 : 0.000 0.000 0.883 0.793 : 0.000 0.000 0.000 0.000 1.437 0.022 : 0.000 : 99.985 : 4222 60 26 0 : 2273 : 5720 5428 : 3.603549 : 7 Heap_use_crossed_incremental_gc_percent ]
[3.613s][info][safepoint] Application time: 0.1704732 seconds
[3.614s][info][safepoint] Total time for which application threads were stopped: 0.0002167 seconds, Stopping threads took: 0.0000297 seconds
[3.614s][info][gc       ] [SPS 0.000 0.001 0.005 0.009 0.030 0.001 0.000 0.155 0.022 0.217 NewGC_pause1 3.612517 ]
[4.528s][info][safepoint] Application time: 0.9153853 seconds
[4.528s][info][safepoint] Total time for which application threads were stopped: 0.0000669 seconds, Stopping threads took: 0.0000004 seconds
[4.528s][info][gc       ] [SPS 0.000 0.001 0.000 0.006 0.000 0.001 0.000 0.043 0.021 0.071 NewGC_pause2 4.527974 ]
[4.529s][info][safepoint] Application time: 0.0008260 seconds
[4.529s][info][safepoint] Total time for which application threads were stopped: 0.0000602 seconds, Stopping threads took: 0.0000004 seconds
[4.529s][info][gc       ] [SPS 0.000 0.000 0.000 0.006 0.000 0.001 0.000 0.039 0.013 0.060 NewGC_pause3 4.528860 ]
[4.547s][info][safepoint] Application time: 0.0175827 seconds
[4.547s][info][safepoint] Total time for which application threads were stopped: 0.0000809 seconds, Stopping threads took: 0.0000005 seconds
[4.547s][info][gc       ] [SPS 0.000 0.006 0.007 0.007 0.000 0.001 0.000 0.052 0.020 0.081 NewGC_pause4 4.546524 ]
[4.773s][info][gc       ] [GC NTO Max 15-11 : 6356 5912 5912 6356 - - 552 20 2 2 - : 4944 650 26 292 5436 : 4046 14 1363 1363 1223 : 295 0 599 0 2289 - 183 : 0.001565 0.0 0.0 1.168265 1242.9 0.0 : 3 --c 0000 : 23 3178 0.000 0.013 0 0.000 0.000 3178 0.000 0.013 : 3.603940 3.612300 0.000183 4.527902 0.000042 4.528800 0.000043 4.546443 0.000054 : 4.772204 ]
[4.773s][info][gc       ] [SYSINFO 7996 192 64 0 7457 0 15 0 0 6938 : - - - - - - - - : 0 7168 : 5.37 2.29 2.21 : 271703 4210600 : 0 0 : 9 0 : 1736 3 0 266 : - 8088940544 574701568 618070016 7201210368 200994816 68259840 : 139826290 21521170 321030 0 0 0 : 4.772554 ]
[4.773s][info][gc       ] [HUGEPAGESTAT 0 0 0 - 55699 0 0 : 301056 0 0 : 4.772554 ]
[4.773s][info][gc       ] [OBJCREAT 7196382 24595 665600 : 4.772621 ]
[4.773s][info][gc       ] [HMSV All : 0 0 23 0 0 0 0 0 : 5914 0 0 0 : 4.772649 ]
[4.773s][info][gc       ] [HMSP 54 : 51112 0 : 4.772649 ]
[4.773s][info][gc       ] [GPGC-H  1566.9 314.2 32.2 0.0 : 3099.9 : 0.000 0.000 : 0.000 0.000 1.086 0.793 : 0.000 0.000 0.000 0.000 2.044 0.022 : 0.000 : 99.979 : 4950 650 26 0 : 2273 : 5720 5428 : 4.773388 : 3 Heap_use_exceeded_committed ]
[4.773s][info][gc       ] [VMAC 65530 170 24 480 674 : 4.773234 ]
[4.774s][info][safepoint] Application time: 0.2263819 seconds
[4.774s][info][safepoint] Total time for which application threads were stopped: 0.0009446 seconds, Stopping threads took: 0.0000004 seconds
[4.774s][info][gc       ] [SPS 0.000 0.001 0.000 0.007 0.000 0.001 0.000 0.920 0.016 0.945 OldGC_pause2 4.773851 ]
[4.777s][info][safepoint] Application time: 0.0028956 seconds
[4.782s][info][safepoint] Total time for which application threads were stopped: 0.0000570 seconds, Stopping threads took: 0.0000004 seconds
[4.782s][info][gc       ] [SPS 0.000 0.000 0.000 0.006 0.000 0.001 0.000 0.037 0.012 0.057 OldGC_pause3 4.776803 ]
[4.784s][info][safepoint] Application time: 0.0065520 seconds
[4.784s][info][safepoint] Total time for which application threads were stopped: 0.0001676 seconds, Stopping threads took: 0.0000004 seconds
[4.784s][info][gc       ] [SPS 0.000 0.040 0.021 0.006 0.000 0.001 0.000 0.146 0.014 0.168 NewGC_pause1 4.783523 ]
[5.412s][info][gc       ] [DEOPTSTATS 1 : 0 0 : 0 0 : 0 0 : 0 0 : 0 1 : 0 0 : 0 0 : 0 0 : 0 0 : 0 0 : 0 0 : 0 0 : 0 0 : 0 0 : 0 0 : 0 0 : 0 0 : 0 0 : 0 0 : 0 0 : 0 0 : 0 0 : 0 0 : 0 0 : 0 0 : 0 0 : 0 0 : 0 0 : 0 0 : 0 0 : 4 0 : 0 0 : 0 0 : 0 0 : 0 0 : 0 0 : 0 0 : 0 0 : 0 0 : 0 0 : 0 0 : 0 0 ]
[5.412s][info][gc       ] [DEOPTSTATS 2 : 0 0 : 0 0 : 0 0 : 0 0 : 0 0 : 0 0 : 0 8 : 0 0 : 0 0 : 0 0 : 0 0 : 0 0 : 0 0 : 0 0 : 0 0 : 0 0 : 0 0 : 0 0 : 0 0 : 0 0 : 0 0 : 0 0 : 0 0 : 0 0 : 0 0 : 0 0 : 0 0 : 0 0 : 0 0 : 0 0 : 3 0 : 0 0 : 0 0 : 0 0 : 0 1 : 0 0 : 0 0 : 0 0 : 0 0 : 0 1 : 0 0 : 0 0 ]
[5.890s][info][safepoint] Application time: 1.1064026 seconds
[5.891s][info][safepoint] Total time for which application threads were stopped: 0.0001460 seconds, Stopping threads took: 0.0000004 seconds
[5.891s][info][gc       ] [SPS 0.000 0.001 0.000 0.005 0.000 0.001 0.000 0.134 0.005 0.146 NewGC_pause2 5.890072 ]
[5.892s][info][safepoint] Application time: 0.0015399 seconds
[5.892s][info][safepoint] Total time for which application threads were stopped: 0.0000573 seconds, Stopping threads took: 0.0000004 seconds
[5.892s][info][gc       ] [SPS 0.000 0.001 0.000 0.006 0.000 0.001 0.000 0.037 0.013 0.057 NewGC_pause3 5.891669 ]
[5.908s][info][safepoint] Application time: 0.0163110 seconds
[5.908s][info][safepoint] Total time for which application threads were stopped: 0.0001156 seconds, Stopping threads took: 0.0000003 seconds
[5.908s][info][gc       ] [SPS 0.000 0.007 0.005 0.005 0.000 0.001 0.000 0.089 0.020 0.116 NewGC_pause4 5.908096 ]
[6.239s][info][gc       ] [GC New Max 17-12 : 6356 6218 6050 6356 - - 601 20 2 2 - : 4328 1402 28 292 5248 : 3291 10 1948 1948 1690 : 376 0 130 0 2096 - 68 : 0.005409 7394.5 0.0 1.461465 240.9 1.4 : 3 --c 0000 : 23 10372 0.000 0.060 0 0.000 0.000 10372 0.000 0.060 : 4.777614 4.783355 0.000149 5.889926 0.000094 5.891612 0.000040 5.907980 0.000090 : 6.239078 ]
[6.239s][info][gc       ] [SYSINFO 8042 192 64 0 7504 0 15 0 0 6939 : - - - - - - - - : 0 7168 : 5.37 2.29 2.21 : 271703 4210640 : 0 0 : 9 0 : 1736 2 0 266 : - 8138006528 574701568 667136000 7201210368 200994816 68259840 : 139826290 21525620 321160 0 0 0 : 6.239325 ]
[6.239s][info][gc       ] [HUGEPAGESTAT 0 0 0 - 55699 0 0 : 301056 0 0 : 6.239325 ]
[6.239s][info][gc       ] [OBJCREAT 7592956 24595 1435648 : 6.239370 ]
[6.239s][info][gc       ] [HMSV All : 0 0 25 0 0 0 0 0 : 6216 0 0 0 : 6.239387 ]
[6.239s][info][gc       ] [HMSP 54 : 51112 0 : 6.239387 ]
[6.240s][info][gc       ] [GPGC-H  1542.4 314.2 32.2 0.0 : 3099.9 : 0.000 0.000 : 0.000 0.000 1.265 0.793 : 0.000 0.000 0.000 0.000 2.707 0.022 : 0.000 : 99.974 : 4344 1402 28 0 : 2280 : 5720 5428 : 6.240396 : 3 Heap_use_exceeded_committed ]
[6.240s][info][gc       ] [VMAC 65530 170 24 480 674 : 6.239862 ]
[6.242s][info][safepoint] Application time: 0.3338883 seconds
[6.243s][info][safepoint] Total time for which application threads were stopped: 0.0004297 seconds, Stopping threads took: 0.0002873 seconds
[6.243s][info][gc       ] [SPS 0.000 0.002 0.004 0.006 0.287 0.001 0.000 0.112 0.023 0.430 OldGC_pause4 6.242414 ]
[6.245s][info][gc       ] [GC Old Max 16-5 : 6356 6218 6088 6356 - - 601 20 2 2 - : 4370 1400 26 292 1436 : 1422 10 0 0 0 : 0 3 672 1 658 - 55 : 0.898875 66.8 0.0 2.635969 509.1 0.8 : 1 --c 0000 : 23   -    -    -    -    -    -    -    -    -  : 3.608417 3.612300 0.000183 4.772906 0.000921 4.776746 0.000040 6.241984 0.000359 : 6.244386 ]
[6.245s][info][gc       ] [SYSINFO 8042 192 64 0 7504 0 15 0 0 6939 : - - - - - - - - : 0 7168 : 5.37 2.29 2.21 : 271703 4210640 : 0 0 : 9 0 : 1736 2 0 266 : - 8138006528 574701568 667136000 7201210368 200994816 68259840 : 139826290 21525620 321160 0 0 0 : 6.244553 ]
[6.245s][info][gc       ] [HUGEPAGESTAT 0 0 0 - 55699 0 0 : 301056 0 0 : 6.244553 ]
[6.245s][info][gc       ] [OBJCREAT 7630874 24595 1435648 : 6.244586 ]
[6.245s][info][gc       ] [HMSV All : 0 0 26 0 0 0 0 0 : 6216 0 0 0 : 6.244605 ]
[6.245s][info][gc       ] [HMSP 54 : 51112 0 : 6.244605 ]
[6.245s][info][gc       ] [COMPSTATS 1 : 5 0 : 1 0 : 0 0 : 399 2 0 0 0 0 : 0 0 0 0 0 0 : 95 96 4 : 401 0 0 0 0 0 0 : 401 0 0 0 0 0 0 ]
[6.245s][info][gc       ] [COMPSTATS 2 : 5 0 : 2 0 : 0 0 : 55 7 0 0 0 0 : 0 0 0 0 0 0 : 3190 3212 732 : 43 19 0 0 0 0 0 : 9 45 8 0 0 0 0 ]
[6.245s][info][gc       ] [DEOPTSTATS 1 : 0 0 : 0 0 : 0 0 : 0 0 : 0 1 : 0 0 : 0 0 : 0 0 : 0 0 : 0 0 : 0 0 : 0 0 : 0 0 : 0 0 : 0 0 : 0 0 : 0 0 : 0 0 : 0 0 : 0 0 : 0 0 : 0 0 : 0 0 : 0 0 : 0 0 : 0 0 : 0 0 : 0 0 : 0 0 : 0 0 : 4 0 : 0 0 : 0 0 : 0 0 : 0 0 : 0 0 : 0 0 : 0 0 : 0 0 : 0 0 : 0 0 : 0 0 ]
[6.245s][info][gc       ] [DEOPTSTATS 2 : 0 0 : 0 0 : 0 0 : 0 0 : 0 0 : 0 0 : 0 8 : 0 0 : 0 0 : 0 0 : 0 0 : 0 0 : 0 0 : 0 0 : 0 0 : 0 0 : 0 0 : 0 0 : 0 0 : 0 0 : 0 0 : 0 0 : 0 0 : 0 0 : 0 0 : 0 0 : 0 0 : 0 0 : 0 0 : 0 0 : 3 0 : 0 0 : 0 0 : 0 0 : 0 1 : 0 0 : 0 0 : 0 0 : 0 0 : 0 1 : 0 0 : 0 0 ]
[6.245s][info][gc       ] [VMAC 65530 170 24 480 674 : 6.245079 ]
[6.245s][info][gc       ] [CCF 0 0 0 0 14 39424: 2607104 : 380 196608 : 2 32768 : 316 310784 :  400 515072 : 49 88064 : 0 0 : 15 1228800 : 1 2048]
[6.250s][info][safepoint] Application time: 0.0071301 seconds
[6.250s][info][safepoint] Total time for which application threads were stopped: 0.0002864 seconds, Stopping threads took: 0.0000607 seconds
[6.250s][info][gc       ] [SPS 0.000 0.002 0.002 0.006 0.061 0.001 0.000 0.198 0.021 0.287 NewGC_pause1 6.249831 ]
[7.318s][info][safepoint] Application time: 1.0680252 seconds
[7.318s][info][safepoint] Total time for which application threads were stopped: 0.0002191 seconds, Stopping threads took: 0.0000004 seconds
[7.319s][info][gc       ] [SPS 0.000 0.001 0.000 0.005 0.000 0.001 0.000 0.179 0.034 0.219 NewGC_pause2 7.318075 ]
[7.320s][info][safepoint] Application time: 0.0015274 seconds
[7.320s][info][safepoint] Total time for which application threads were stopped: 0.0001755 seconds, Stopping threads took: 0.0000005 seconds
[7.320s][info][gc       ] [SPS 0.000 0.001 0.000 0.007 0.000 0.001 0.000 0.161 0.007 0.176 NewGC_pause3 7.319778 ]
[7.335s][info][safepoint] Application time: 0.0154675 seconds
[7.336s][info][safepoint] Total time for which application threads were stopped: 0.0000762 seconds, Stopping threads took: 0.0000003 seconds
[7.336s][info][gc       ] [SPS 0.000 0.004 0.008 0.005 0.000 0.001 0.000 0.061 0.008 0.076 NewGC_pause4 7.335322 ]
[7.641s][info][gc       ] [GC New Max 18-13 : 6356 6254 6236 6356 - - 667 20 2 2 - : 4080 1838 26 292 4536 : 2639 10 1885 1885 1830 : 219 0 83 0 2021 - 19 : 0.005823 7212.4 0.0 1.395344 143.3 0.0 : 3 --c 0000 : 23 5312 0.000 0.001 0 0.000 0.000 5312 0.000 0.001 : 6.244902 6.249544 0.000161 7.317856 0.000121 7.319602 0.000048 7.335246 0.000063 : 7.640246 ]
[7.641s][info][gc       ] [SYSINFO 8108 192 64 0 7570 0 15 0 0 6939 : - - - - - - - - : 0 7168 : 5.18 2.31 2.22 : 271703 4210640 : 0 0 : 9 0 : 1736 2 0 266 : - 8206942208 574701568 736071680 7201210368 200994816 68259840 : 139826290 21529710 321240 0 0 0 : 7.640479 ]
[7.641s][info][gc       ] [HUGEPAGESTAT 0 0 0 - 55699 0 0 : 301056 0 0 : 7.640479 ]
[7.641s][info][gc       ] [OBJCREAT 7835639 24595 1884160 : 7.640525 ]
[7.641s][info][gc       ] [HMSV All : 0 0 26 0 0 0 0 0 : 6252 0 0 0 : 7.640541 ]
[7.641s][info][gc       ] [HMSP 54 : 51112 0 : 7.640541 ]
[7.641s][info][gc       ] [GPGC-H  1497.3 414.9 28.2 0.0 : 2715.4 : 0.000 0.000 : 0.000 0.000 1.260 2.636 : 0.000 0.000 0.000 0.000 3.156 0.022 : 0.000 : 99.967 : 4094 1838 26 0 : 2280 : 5720 5428 : 7.641477 : 3 Heap_use_exceeded_committed ]
[7.641s][info][gc       ] [VMAC 65530 170 24 480 674 : 7.641132 ]
[7.649s][info][safepoint] Application time: 0.3130511 seconds
[7.649s][info][safepoint] Total time for which application threads were stopped: 0.0002796 seconds, Stopping threads took: 0.0000003 seconds
[7.649s][info][gc       ] [SPS 0.000 0.001 0.003 0.005 0.000 0.001 0.000 0.253 0.021 0.280 NewGC_pause1 7.648653 ]
[8.624s][info][safepoint] Application time: 0.9755769 seconds
[8.625s][info][safepoint] Total time for which application threads were stopped: 0.0001326 seconds, Stopping threads took: 0.0000003 seconds
[8.625s][info][gc       ] [SPS 0.000 0.001 0.000 0.005 0.000 0.001 0.000 0.120 0.006 0.133 NewGC_pause2 8.624362 ]
[8.626s][info][safepoint] Application time: 0.0016442 seconds
[8.626s][info][safepoint] Total time for which application threads were stopped: 0.0001488 seconds, Stopping threads took: 0.0000004 seconds
[8.627s][info][gc       ] [SPS 0.000 0.000 0.000 0.005 0.000 0.001 0.000 0.137 0.005 0.149 NewGC_pause3 8.626155 ]
[8.647s][info][safepoint] Application time: 0.0204227 seconds
[8.647s][info][safepoint] Total time for which application threads were stopped: 0.0000964 seconds, Stopping threads took: 0.0000003 seconds
[8.647s][info][gc       ] [SPS 0.000 0.942 0.003 0.007 0.000 0.001 0.000 0.084 0.005 0.096 NewGC_pause4 8.646675 ]
[8.886s][info][gc       ] [GC NTO Max 19-14 : 6356 6316 5852 6356 - - 718 20 2 2 - : 3140 2394 26 292 4160 : 2182 11 1967 1967 1029 : 278 0 24 0 1542 - 28 : 0.001544 10365.5 0.0 1.243692 429.4 0.0 : 3 --c 0000 : 23 2819 0.000 0.001 0 0.000 0.000 2819 0.000 0.001 : 7.641789 7.648373 0.000185 8.624230 0.000086 8.626007 0.000041 8.646579 0.000088 : 8.885481 ]
[8.886s][info][gc       ] [SYSINFO 8159 192 64 0 7621 0 15 0 0 6939 : - - - - - - - - : 0 7168 : 5.18 2.31 2.22 : 271703 4210640 : 0 0 : 9 0 : 1736 3 0 266 : - 8260468736 574701568 789598208 7201210368 200994816 68259840 : 139826290 21533850 321370 0 0 0 : 8.885775 ]
[8.886s][info][gc       ] [HUGEPAGESTAT 0 0 0 - 55699 0 0 : 301056 0 0 : 8.885775 ]
[8.886s][info][gc       ] [OBJCREAT 8383786 24731 2453504 : 8.885829 ]
[8.886s][info][gc       ] [HMSV All : 0 0 27 0 0 0 0 0 : 6348 0 0 0 : 8.885846 ]
[8.886s][info][gc       ] [HMSP 54 : 51112 0 : 8.885846 ]
[8.886s][info][gc       ] [GPGC-H  1626.3 414.9 28.2 0.0 : 2715.4 : 0.000 0.000 : 0.000 0.000 1.254 2.636 : 0.000 0.000 0.000 0.000 3.453 0.022 : 0.000 : 99.962 : 3148 2394 26 0 : 2280 : 5720 5428 : 8.886487 : 3 Heap_use_exceeded_committed ]
[8.886s][info][gc       ] [VMAC 65530 170 24 480 674 : 8.886448 ]
[8.887s][info][safepoint] Application time: 0.2394796 seconds
[8.887s][info][safepoint] Total time for which application threads were stopped: 0.0010828 seconds, Stopping threads took: 0.0000004 seconds
[8.888s][info][gc       ] [SPS 0.001 0.001 0.000 0.008 0.000 0.001 0.000 1.042 0.030 1.083 OldGC_pause2 8.887237 ]
[8.891s][info][safepoint] Application time: 0.0040645 seconds
[8.892s][info][safepoint] Total time for which application threads were stopped: 0.0000835 seconds, Stopping threads took: 0.0000042 seconds
[8.892s][info][gc       ] [SPS 0.000 0.000 0.000 0.012 0.004 0.001 0.000 0.048 0.018 0.084 OldGC_pause3 8.891385 ]
[8.897s][info][safepoint] Application time: 0.0054676 seconds
[8.897s][info][safepoint] Total time for which application threads were stopped: 0.0001690 seconds, Stopping threads took: 0.0000004 seconds
[8.898s][info][gc       ] [SPS 0.000 2.953 0.002 0.005 0.000 0.001 0.000 0.148 0.015 0.169 NewGC_pause1 8.897022 ]
[9.548s][info][safepoint] Application time: 0.6510004 seconds
[9.548s][info][safepoint] Total time for which application threads were stopped: 0.0000610 seconds, Stopping threads took: 0.0000005 seconds
[9.549s][info][gc       ] [SPS 0.000 0.001 0.000 0.006 0.001 0.001 0.000 0.039 0.004 0.051 NewGC_pause2 9.548084 ]
[9.549s][info][safepoint] Application time: 0.0011322 seconds
[9.550s][info][safepoint] Total time for which application threads were stopped: 0.0000557 seconds, Stopping threads took: 0.0000004 seconds
[9.550s][info][gc       ] [SPS 0.000 0.000 0.000 0.005 0.000 0.001 0.000 0.035 0.014 0.055 NewGC_pause3 9.549272 ]
[9.568s][info][safepoint] Application time: 0.0188400 seconds
[9.568s][info][safepoint] Total time for which application threads were stopped: 0.0000577 seconds, Stopping threads took: 0.0000004 seconds
[9.568s][info][gc       ] [SPS 0.000 0.003 0.002 0.005 0.000 0.001 0.000 0.044 0.007 0.058 NewGC_pause4 9.568170 ]
[9.867s][info][gc       ] [GC New Max 21-15 : 6356 6084 5914 6356 - - 753 20 2 2 - : 2400 3196 26 292 3372 : 2032 10 1328 1328 844 : 401 0 88 0 1158 - 42 : 0.005318 8649.8 0.0 0.976033 512.3 0.0 : 3 --c 0000 : 23 13722 0.000 0.145 0 0.000 0.000 13722 0.000 0.145 : 8.890799 8.896853 0.000149 9.548033 0.000041 9.549216 0.000037 9.568112 0.000045 : 9.866832 ]
[9.867s][info][gc       ] [SYSINFO 8160 192 64 0 7622 0 15 0 0 6939 : - - - - - - - - : 0 7168 : 5.18 2.31 2.22 : 271703 4210640 : 0 0 : 9 0 : 1736 2 0 266 : - 8260739072 574701568 789868544 7201210368 200994816 68259840 : 139826290 21537040 321510 0 0 0 : 9.867095 ]
[9.867s][info][gc       ] [HUGEPAGESTAT 0 0 0 - 55699 0 0 : 301056 0 0 : 9.867095 ]
[9.867s][info][gc       ] [OBJCREAT 8939261 24731 3274752 : 9.867142 ]
[9.867s][info][gc       ] [HMSV All : 150 0 27 0 0 0 0 0 : 6404 0 0 0 : 9.867161 ]
[9.867s][info][gc       ] [HMSP 204 : 51412 0 : 9.867161 ]
[9.868s][info][gc       ] [VMAC 65530 170 138 480 788 : 9.867714 ]
[9.868s][info][gc       ] [GPGC-H  1857.2 609.9 25.5 0.0 : 2715.4 : 0.000 0.000 : 0.000 0.000 1.238 2.636 : 0.000 0.000 0.000 0.000 3.453 0.022 : 0.000 : 99.958 : 2416 3196 26 0 : 2257 : 5720 5428 : 9.868171 : 3 Heap_use_exceeded_committed ]
[9.871s][info][safepoint] Application time: 0.3025513 seconds
[9.871s][info][safepoint] Total time for which application threads were stopped: 0.0000846 seconds, Stopping threads took: 0.0000004 seconds
[9.871s][info][gc       ] [SPS 0.000 0.003 0.003 0.006 0.000 0.001 0.000 0.055 0.022 0.085 OldGC_pause4 9.870806 ]
[9.873s][info][gc       ] [GC Old Max 20-6 : 6356 6316 4580 6356 - - 753 20 2 2 - : 2460 1802 26 292 3224 : 1818 15 1395 1395 0 : 0 3 679 0 859 - 55 : 1.399444 313.0 0.0 2.228912 609.3 0.0 : 1 --c 0000 : 23   -    -    -    -    -    -    -    -    -  : 7.643830 7.648373 0.000185 8.886155 0.001043 8.891302 0.000060 9.870721 0.000052 : 9.872742 ]
[9.873s][info][gc       ] [SYSINFO 8160 192 64 0 7622 0 15 0 0 6939 : - - - - - - - - : 0 7168 : 5.18 2.31 2.22 : 271703 4210640 : 0 0 : 9 0 : 1736 6 0 266 : - 8260739072 574701568 789868544 7201210368 200994816 68259840 : 139826290 21537040 321510 0 0 0 : 9.872948 ]
[9.873s][info][gc       ] [HUGEPAGESTAT 0 0 0 - 55699 0 0 : 301056 0 0 : 9.872948 ]
[9.873s][info][gc       ] [OBJCREAT 8996765 24731 3274752 : 9.872988 ]
[9.873s][info][gc       ] [HMSV All : 150 0 27 0 0 0 0 0 : 6404 0 0 0 : 9.873003 ]
[9.873s][info][gc       ] [HMSP 204 : 51412 0 : 9.873003 ]
[9.873s][info][gc       ] [COMPSTATS 1 : 5 0 : 1 0 : 0 0 : 399 2 0 0 0 0 : 0 0 0 0 0 0 : 95 96 4 : 401 0 0 0 0 0 0 : 401 0 0 0 0 0 0 ]
[9.873s][info][gc       ] [COMPSTATS 2 : 5 0 : 2 0 : 0 0 : 55 7 0 0 0 0 : 0 0 0 0 0 0 : 3190 3212 732 : 43 19 0 0 0 0 0 : 9 45 8 0 0 0 0 ]
[9.873s][info][gc       ] [DEOPTSTATS 1 : 0 0 : 0 0 : 0 0 : 0 0 : 0 1 : 0 0 : 0 0 : 0 0 : 0 0 : 0 0 : 0 0 : 0 0 : 0 0 : 0 0 : 0 0 : 0 0 : 0 0 : 0 0 : 0 0 : 0 0 : 0 0 : 0 0 : 0 0 : 0 0 : 0 0 : 0 0 : 0 0 : 0 0 : 0 0 : 0 0 : 4 0 : 0 0 : 0 0 : 0 0 : 0 0 : 0 0 : 0 0 : 0 0 : 0 0 : 0 0 : 0 0 : 0 0 ]
[9.873s][info][gc       ] [DEOPTSTATS 2 : 0 0 : 0 0 : 0 0 : 0 0 : 0 0 : 0 0 : 0 8 : 0 0 : 0 0 : 0 0 : 0 0 : 0 0 : 0 0 : 0 0 : 0 0 : 0 0 : 0 0 : 0 0 : 0 0 : 0 0 : 0 0 : 0 0 : 0 0 : 0 0 : 0 0 : 0 0 : 0 0 : 0 0 : 0 0 : 0 0 : 3 0 : 0 0 : 0 0 : 0 0 : 0 1 : 0 0 : 0 0 : 0 0 : 0 0 : 0 1 : 0 0 : 0 0 ]
[9.874s][info][gc       ] [VMAC 65530 170 138 480 788 : 9.873610 ]
[9.876s][info][gc       ] [CCF 0 0 0 0 14 39424: 2607104 : 380 196608 : 2 32768 : 316 310784 :  400 515072 : 49 88064 : 0 0 : 15 1228800 : 1 2048]
[9.876s][info][safepoint] Application time: 0.0049929 seconds
[9.876s][info][safepoint] Total time for which application threads were stopped: 0.0001102 seconds, Stopping threads took: 0.0000004 seconds
[9.876s][info][gc       ] [SPS 0.000 0.335 0.002 0.006 0.000 0.001 0.000 0.088 0.015 0.110 NewGC_pause1 9.875909 ]
[10.410s][info][gc       ] [COMPSTATS 1 : 5 1 : 1 1 : 0 0 : 400 2 0 0 0 0 : 0 0 0 0 0 0 : 95 96 4 : 402 0 0 0 0 0 0 : 401 0 0 0 0 0 0 ]
[10.410s][info][gc       ] [COMPSTATS 2 : 5 0 : 2 0 : 0 0 : 55 7 0 0 0 0 : 0 0 0 0 0 0 : 3190 3212 732 : 43 19 0 0 0 0 0 : 9 45 8 0 0 0 0 ]
[10.410s][info][gc       ] [DEOPTSTATS 1 : 0 0 : 0 0 : 0 0 : 0 0 : 0 1 : 0 0 : 0 0 : 0 0 : 0 0 : 0 0 : 0 0 : 0 0 : 0 0 : 0 0 : 0 0 : 0 0 : 0 0 : 0 0 : 0 0 : 0 0 : 0 0 : 0 0 : 0 0 : 0 0 : 0 0 : 0 0 : 0 0 : 0 0 : 0 0 : 0 0 : 4 0 : 0 0 : 0 0 : 0 0 : 0 0 : 0 0 : 0 0 : 0 0 : 0 0 : 0 0 : 0 0 : 0 0 ]
[10.410s][info][gc       ] [DEOPTSTATS 2 : 0 0 : 0 0 : 0 0 : 0 0 : 0 0 : 0 0 : 0 8 : 0 0 : 0 0 : 0 0 : 0 0 : 0 0 : 0 0 : 0 0 : 0 0 : 0 0 : 0 0 : 0 0 : 0 0 : 0 0 : 0 0 : 0 0 : 0 0 : 0 0 : 0 0 : 0 0 : 0 0 : 0 0 : 0 0 : 0 0 : 3 0 : 0 0 : 0 0 : 0 0 : 0 1 : 0 0 : 0 0 : 0 0 : 0 0 : 0 1 : 0 0 : 0 0 ]
[10.590s][info][safepoint] Application time: 0.7137294 seconds
[10.590s][info][safepoint] Total time for which application threads were stopped: 0.0001374 seconds, Stopping threads took: 0.0000004 seconds
[10.591s][info][gc       ] [SPS 0.000 0.001 0.000 0.005 0.000 0.001 0.000 0.125 0.006 0.138 NewGC_pause2 10.589776 ]
[10.592s][info][safepoint] Application time: 0.0024919 seconds
[10.593s][info][safepoint] Total time for which application threads were stopped: 0.0001108 seconds, Stopping threads took: 0.0000004 seconds
[10.593s][info][gc       ] [SPS 0.000 0.005 0.000 0.007 0.000 0.001 0.000 0.098 0.004 0.111 NewGC_pause3 10.592378 ]
[10.608s][info][safepoint] Application time: 0.0158967 seconds
[10.609s][info][safepoint] Total time for which application threads were stopped: 0.0000655 seconds, Stopping threads took: 0.0000004 seconds
[10.609s][info][gc       ] [SPS 0.000 0.004 0.008 0.005 0.000 0.001 0.000 0.052 0.007 0.065 NewGC_pause4 10.608341 ]
[10.762s][info][gc       ] [GC New Max 22-16 : 6356 5940 5892 6356 - - 753 20 2 2 - : 3454 2118 28 292 3804 : 2643 14 1149 1149 1002 : 158 0 663 0 1610 - 117 : 0.005528 10129.5 0.0 0.889654 1638.8 2.2 : 3 --c 0000 : 23 2357 0.000 0.301 0 0.000 0.000 2357 0.000 0.301 : 9.872360 9.875798 0.000089 10.589638 0.000087 10.592268 0.000101 10.608275 0.000054 : 10.762014 ]
[10.762s][info][gc       ] [SYSINFO 8160 192 64 0 7622 0 15 0 0 6939 : - - - - - - - - : 0 7168 : 5.18 2.31 2.22 : 271703 4210640 : 0 0 : 9 0 : 1736 2 0 266 : - 8260874240 574701568 790003712 7201210368 200994816 68259840 : 139826290 21540040 321600 0 0 0 : 10.762369 ]
[10.762s][info][gc       ] [HUGEPAGESTAT 0 0 0 - 55699 0 0 : 301056 0 0 : 10.762369 ]
[10.762s][info][gc       ] [OBJCREAT 10442428 24731 3598336 : 10.762423 ]
[10.762s][info][gc       ] [HMSV All : 480 0 28 0 0 0 0 0 : 6514 0 0 0 : 10.762444 ]
[10.762s][info][gc       ] [HMSP 534 : 52072 0 : 10.762444 ]
[10.763s][info][gc       ] [VMAC 65530 170 216 480 866 : 10.763211 ]
[10.763s][info][gc       ] [GPGC-H  2150.5 609.9 25.5 0.0 : 2715.4 : 0.000 0.000 : 0.000 0.000 1.220 2.573 : 0.000 0.000 0.000 0.000 3.448 0.080 : 0.000 : 99.948 : 3454 2118 28 0 : 2257 : 5720 5428 : 10.763322 : 3 Heap_use_exceeded_committed ]
[10.773s][info][safepoint] Application time: 0.1645777 seconds
[10.774s][info][safepoint] Total time for which application threads were stopped: 0.0003773 seconds, Stopping threads took: 0.0000141 seconds
[10.774s][info][gc       ] [SPS 0.000 0.001 0.008 0.007 0.014 0.001 0.000 0.325 0.031 0.377 NewGC_pause1 10.773296 ]
[11.453s][info][safepoint] Application time: 0.6797617 seconds
[11.454s][info][safepoint] Total time for which application threads were stopped: 0.0000612 seconds, Stopping threads took: 0.0000004 seconds
[11.454s][info][gc       ] [SPS 0.000 0.001 0.000 0.005 0.000 0.001 0.000 0.049 0.006 0.061 NewGC_pause2 11.453119 ]
[11.455s][info][safepoint] Application time: 0.0014776 seconds
[11.455s][info][safepoint] Total time for which application threads were stopped: 0.0001747 seconds, Stopping threads took: 0.0000004 seconds
[11.455s][info][gc       ] [SPS 0.000 0.000 0.000 0.005 0.000 0.001 0.000 0.163 0.005 0.175 NewGC_pause3 11.454771 ]
[11.481s][info][safepoint] Application time: 0.0263331 seconds
[11.482s][info][safepoint] Total time for which application threads were stopped: 0.0001261 seconds, Stopping threads took: 0.0000004 seconds
[11.482s][info][gc       ] [SPS 0.000 0.012 0.008 0.005 0.000 0.001 0.000 0.094 0.025 0.126 NewGC_pause4 11.481231 ]
[11.706s][info][gc       ] [GC NTO Max 23-17 : 6356 6030 5638 6356 - - 834 20 2 2 - : 2704 2614 28 292 3592 : 1885 9 1693 1693 1144 : 248 0 69 0 1260 - 92 : 0.001744 0.0 0.0 0.942047 314.2 0.0 : 3 --c 0000 : 23 6826 0.000 0.000 0 0.000 0.000 6826 0.000 0.000 : 10.763758 10.772919 0.000266 11.453058 0.000044 11.454596 0.000041 11.481105 0.000049 : 11.705804 ]
[11.706s][info][gc       ] [SYSINFO 8242 192 64 0 7702 0 15 0 0 6939 : - - - - - - - - : 0 7168 : 5.18 2.31 2.22 : 271703 4210640 : 0 0 : 9 0 : 1736 3 0 266 : - 8345489408 574701568 874618880 7201210368 200994816 68259840 : 139826290 21543650 321810 0 0 0 : 11.706074 ]
[11.706s][info][gc       ] [HUGEPAGESTAT 0 0 0 - 55699 0 0 : 301056 0 0 : 11.706074 ]
[11.706s][info][gc       ] [OBJCREAT 10740926 24795 4106240 : 11.706125 ]
[11.706s][info][gc       ] [HMSV All : 480 0 28 0 0 0 0 0 : 6514 0 0 0 : 11.706144 ]
[11.706s][info][gc       ] [HMSP 534 : 52072 0 : 11.706144 ]
[11.707s][info][gc       ] [GPGC-H  2147.5 609.9 25.5 0.0 : 2715.4 : 0.000 0.000 : 0.000 0.000 1.206 2.573 : 0.000 0.000 0.000 0.000 3.432 0.080 : 0.000 : 99.943 : 2704 2614 28 0 : 2257 : 5720 5428 : 11.706786 : 8 May_exceed_heap_occupancy_target ]
[11.707s][info][gc       ] [VMAC 65530 170 216 480 866 : 11.706854 ]
[12.264s][info][safepoint] Application time: 0.5771553 seconds
[12.264s][info][safepoint] Total time for which application threads were stopped: 0.2055221 seconds, Stopping threads took: 0.2052763 seconds
[12.265s][info][gc       ] [SPS 0.000 0.014 0.008 0.007 205.276 0.007 0.001 0.205 0.027 205.522 NewGC_pause1 12.263908 ]
[12.781s][info][safepoint] Application time: 0.5171767 seconds
[12.782s][info][safepoint] Total time for which application threads were stopped: 0.0000588 seconds, Stopping threads took: 0.0000005 seconds
[12.782s][info][gc       ] [SPS 0.000 0.001 0.000 0.007 0.000 0.001 0.001 0.045 0.005 0.058 NewGC_pause2 12.781144 ]
[12.783s][info][safepoint] Application time: 0.0013687 seconds
[12.783s][info][safepoint] Total time for which application threads were stopped: 0.0000710 seconds, Stopping threads took: 0.0000004 seconds
[12.783s][info][gc       ] [SPS 0.000 0.000 0.000 0.007 0.000 0.001 0.000 0.047 0.015 0.071 NewGC_pause3 12.782583 ]
[12.805s][info][safepoint] Application time: 0.0218835 seconds
[12.805s][info][safepoint] Total time for which application threads were stopped: 0.0005646 seconds, Stopping threads took: 0.0000004 seconds
[12.806s][info][gc       ] [SPS 0.000 0.001 0.000 0.007 0.000 0.001 0.000 0.541 0.015 0.565 OldGC_pause2 12.805032 ]
[12.807s][info][safepoint] Application time: 0.0018949 seconds
[12.807s][info][safepoint] Total time for which application threads were stopped: 0.0000575 seconds, Stopping threads took: 0.0000004 seconds
[12.807s][info][gc       ] [SPS 0.000 0.001 0.000 0.006 0.000 0.001 0.000 0.037 0.013 0.057 OldGC_pause3 12.806984 ]
[12.811s][info][safepoint] Application time: 0.0043322 seconds
[12.812s][info][safepoint] Total time for which application threads were stopped: 0.0001036 seconds, Stopping threads took: 0.0000003 seconds
[12.812s][info][gc       ] [SPS 0.000 3.205 0.004 0.006 0.000 0.001 0.000 0.074 0.022 0.104 NewGC_pause4 12.811420 ]
[13.003s][info][gc       ] [GC New Max 25-18 : 6356 6032 5870 6356 - - 834 20 2 2 - : 2610 2938 30 292 3096 : 1614 14 1474 1474 683 : 162 114 130 0 1215 - 90 : 0.005398 370.5 0.0 1.291228 788.4 1.5 : 3 --c 0000 : 23 10463 0.000 0.020 0 0.000 0.000 10463 0.000 0.020 : 11.711202 12.058386 0.205491 12.781085 0.000046 12.782512 0.000051 12.811316 0.000077 : 13.002430 ]
[13.003s][info][gc       ] [SYSINFO 8242 192 64 0 7702 0 15 0 0 6939 : - - - - - - - - : 0 7168 : 4.93 2.30 2.22 : 271703 4210640 : 0 0 : 9 0 : 1736 3 0 266 : - 8345489408 574701568 874618880 7201210368 200994816 68259840 : 139826290 21547900 321950 0 0 0 : 13.002700 ]
[13.003s][info][gc       ] [HUGEPAGESTAT 0 0 0 - 55699 0 0 : 301056 0 0 : 13.002700 ]
[13.003s][info][gc       ] [OBJCREAT 11762224 24795 4438016 : 13.002751 ]
[13.003s][info][gc       ] [HMSV All : 480 0 34 0 0 0 0 0 : 6514 0 0 0 : 13.002768 ]
[13.003s][info][gc       ] [HMSP 534 : 52072 0 : 13.002768 ]
[13.003s][info][gc       ] [GPGC-H  2631.4 576.5 22.0 0.0 : 2349.2 : 0.000 0.000 : 0.000 0.000 1.244 2.573 : 0.000 0.000 0.000 0.000 3.390 0.080 : 0.000 : 99.940 : 2620 2938 30 0 : 2257 : 5720 5428 : 13.003444 : 3 Heap_use_exceeded_committed ]
[13.003s][info][gc       ] [VMAC 65530 170 216 480 866 : 13.003468 ]
[13.010s][info][safepoint] Application time: 0.1979222 seconds
[13.010s][info][safepoint] Total time for which application threads were stopped: 0.0001785 seconds, Stopping threads took: 0.0000004 seconds
[13.010s][info][gc       ] [SPS 0.000 0.003 0.004 0.006 0.000 0.001 0.000 0.147 0.024 0.179 OldGC_pause4 13.009521 ]
[13.013s][info][safepoint] Application time: 0.0036480 seconds
[13.014s][info][safepoint] Total time for which application threads were stopped: 0.0002092 seconds, Stopping threads took: 0.0000003 seconds
[13.014s][info][gc       ] [SPS 0.000 0.208 0.002 0.006 0.000 0.001 0.000 0.188 0.014 0.209 NewGC_pause1 13.013378 ]
[13.150s][info][gc       ] [GC Old Max 24-7 : 6356 6032 5886 6356 - - 834 20 2 2 - : 3010 2556 28 292 2970 : 2572 19 377 377 0 : 0 5 411 0 1237 - 55 : 0.894792 353.2 2.2 2.382401 344.2 0.8 : 1 --c 0000 : 23   -    -    -    -    -    -    -    -    -  : 10.767533 10.772919 0.000266 12.804467 0.000542 12.806927 0.000040 13.009343 0.000046 : 13.149934 ]
[13.150s][info][gc       ] [SYSINFO 8243 192 64 0 7703 0 15 0 0 6939 : - - - - - - - - : 0 7168 : 4.93 2.30 2.22 : 271703 4210640 : 0 0 : 9 0 : 1736 5 0 266 : - 8345894912 574701568 875024384 7201210368 200994816 68259840 : 139826290 21548390 322020 0 0 0 : 13.150207 ]
[13.150s][info][gc       ] [HUGEPAGESTAT 0 0 0 - 55699 0 0 : 301056 0 0 : 13.150207 ]
[13.150s][info][gc       ] [OBJCREAT 12156570 24795 4438016 : 13.150259 ]
[13.150s][info][gc       ] [HMSV All : 480 0 35 0 0 0 0 0 : 6514 0 0 0 : 13.150276 ]
[13.150s][info][gc       ] [HMSP 534 : 52072 0 : 13.150276 ]
[13.150s][info][gc       ] [COMPSTATS 1 : 5 0 : 1 0 : 0 0 : 400 2 0 0 0 0 : 0 0 0 0 0 0 : 95 96 4 : 402 0 0 0 0 0 0 : 402 0 0 0 0 0 0 ]
[13.150s][info][gc       ] [COMPSTATS 2 : 5 0 : 4 0 : 0 0 : 66 7 0 0 0 0 : 0 0 0 0 0 0 : 3370 3394 732 : 54 19 0 0 0 0 0 : 15 50 8 0 0 0 0 ]
[13.150s][info][gc       ] [DEOPTSTATS 1 : 0 0 : 0 0 : 0 0 : 0 0 : 0 1 : 0 0 : 0 0 : 0 0 : 0 0 : 0 0 : 0 0 : 0 0 : 0 0 : 0 0 : 0 0 : 0 0 : 0 0 : 0 0 : 0 0 : 0 0 : 0 0 : 0 0 : 0 0 : 0 0 : 0 0 : 0 0 : 0 0 : 0 0 : 0 0 : 0 0 : 4 0 : 0 0 : 0 0 : 0 0 : 0 0 : 0 0 : 0 0 : 0 0 : 0 0 : 0 0 : 0 0 : 0 0 ]
[13.150s][info][gc       ] [DEOPTSTATS 2 : 0 0 : 0 0 : 0 0 : 0 0 : 0 0 : 0 0 : 0 8 : 0 0 : 0 0 : 0 0 : 0 0 : 0 0 : 0 0 : 0 0 : 0 0 : 0 0 : 0 0 : 0 0 : 0 0 : 0 0 : 0 0 : 0 0 : 0 0 : 0 0 : 0 0 : 0 0 : 0 0 : 0 0 : 0 0 : 0 0 : 3 0 : 0 0 : 0 0 : 0 0 : 0 1 : 0 0 : 0 0 : 0 0 : 0 0 : 0 1 : 0 0 : 0 0 ]
[13.151s][info][gc       ] [VMAC 65530 170 216 480 866 : 13.150984 ]
[13.151s][info][gc       ] [CCF 0 0 0 0 14 39424: 2614272 : 380 196608 : 2 32768 : 316 310784 :  401 515584 : 60 94720 : 0 0 : 15 1228800 : 1 2048]
[13.704s][info][safepoint] Application time: 0.6901343 seconds
[13.704s][info][safepoint] Total time for which application threads were stopped: 0.0000529 seconds, Stopping threads took: 0.0000004 seconds
[13.704s][info][gc       ] [SPS 0.000 0.002 0.000 0.005 0.000 0.001 0.000 0.042 0.004 0.053 NewGC_pause2 13.703566 ]
[13.705s][info][safepoint] Application time: 0.0012257 seconds
[13.705s][info][safepoint] Total time for which application threads were stopped: 0.0000780 seconds, Stopping threads took: 0.0000004 seconds
[13.705s][info][gc       ] [SPS 0.000 0.001 0.000 0.007 0.000 0.006 0.000 0.051 0.014 0.078 NewGC_pause3 13.704869 ]
[13.721s][info][safepoint] Application time: 0.0156192 seconds
[13.721s][info][safepoint] Total time for which application threads were stopped: 0.0000674 seconds, Stopping threads took: 0.0000004 seconds
[13.721s][info][gc       ] [SPS 0.000 0.003 0.008 0.005 0.000 0.001 0.000 0.045 0.016 0.067 NewGC_pause4 13.720556 ]
[14.023s][info][gc       ] [GC New Max 26-19 : 6356 6058 5886 6356 - - 834 20 2 2 - : 2328 3238 28 292 3182 : 1969 8 1204 1204 554 : 341 0 239 0 1111 - 53 : 0.005430 10680.7 0.0 1.015358 975.0 0.0 : 3 --c 0000 : 23 10271 0.000 0.002 0 0.000 0.000 10271 0.000 0.002 : 13.007860 13.013169 0.000191 13.703513 0.000043 13.704791 0.000059 13.720489 0.000045 : 14.023218 ]
[14.023s][info][gc       ] [SYSINFO 8243 192 64 47 7655 0 15 0 0 6939 : - - - - - - - - : 0 7168 : 4.93 2.30 2.22 : 271703 4210640 : 0 0 : 9 0 : 1736 2 0 266 : - 8346030080 574701568 875159552 7201210368 200994816 68259840 : 139826290 21551110 322050 0 0 0 : 14.023458 ]
[14.024s][info][gc       ] [HUGEPAGESTAT 0 0 0 - 55699 0 0 : 301056 0 0 : 14.023458 ]
[14.024s][info][gc       ] [OBJCREAT 12808907 24795 5136384 : 14.023505 ]
[14.024s][info][gc       ] [HMSV All : 630 150 35 0 0 0 0 0 : 6514 0 0 0 : 14.023520 ]
[14.024s][info][gc       ] [HMSP 684 : 52072 300 : 14.023520 ]
[14.024s][info][gc       ] [VMAC 65530 170 162 480 812 : 14.024123 ]
[14.024s][info][gc       ] [GPGC-H  2750.8 576.5 22.0 0.0 : 2349.2 : 0.000 0.000 : 0.000 0.000 1.227 2.546 : 0.000 0.000 0.000 0.000 3.352 0.309 : 0.000 : 99.936 : 2340 3238 28 0 : 2257 : 5720 5428 : 14.024306 : 3 Heap_use_exceeded_committed ]
[14.035s][info][safepoint] Application time: 0.3138764 seconds
[14.035s][info][safepoint] Total time for which application threads were stopped: 0.0001623 seconds, Stopping threads took: 0.0000003 seconds
[14.035s][info][gc       ] [SPS 0.000 0.001 0.004 0.005 0.000 0.001 0.000 0.143 0.013 0.162 NewGC_pause1 14.034595 ]
[14.596s][info][safepoint] Application time: 0.5614761 seconds
[14.597s][info][safepoint] Total time for which application threads were stopped: 0.0001537 seconds, Stopping threads took: 0.0000005 seconds
[14.597s][info][gc       ] [SPS 0.000 0.001 0.000 0.020 0.000 0.001 0.000 0.104 0.028 0.154 NewGC_pause2 14.596225 ]
[14.598s][info][safepoint] Application time: 0.0013663 seconds
[14.598s][info][safepoint] Total time for which application threads were stopped: 0.0000438 seconds, Stopping threads took: 0.0000003 seconds
[14.598s][info][gc       ] [SPS 0.000 0.000 0.000 0.005 0.000 0.001 0.000 0.035 0.003 0.044 NewGC_pause3 14.597635 ]
[14.613s][info][safepoint] Application time: 0.0154848 seconds
[14.614s][info][safepoint] Total time for which application threads were stopped: 0.0001463 seconds, Stopping threads took: 0.0000003 seconds
[14.614s][info][gc       ] [SPS 0.000 0.061 0.015 0.006 0.000 0.001 0.000 0.097 0.042 0.146 NewGC_pause4 14.613266 ]
[14.777s][info][gc       ] [GC NTO Max 27-20 : 6356 6106 5996 6356 - - 834 20 2 2 - : 2136 3540 28 292 2548 : 1444 8 1096 1096 926 : 151 16 75 0 1043 - 25 : 0.001606 11210.3 0.0 0.751855 343.2 0.0 : 3 --c 0000 : 23 6644 0.000 0.000 0 0.000 0.000 6644 0.000 0.000 : 14.024824 14.034433 0.000145 14.596071 0.000125 14.597591 0.000034 14.613120 0.000051 : 14.776678 ]
[14.777s][info][gc       ] [SYSINFO 8244 192 64 47 7655 0 15 0 0 6939 : - - - - - - - - : 0 7168 : 4.93 2.30 2.22 : 271703 4210640 : 0 0 : 9 0 : 1736 3 0 266 : - 8346165248 574701568 875294720 7201210368 200994816 68259840 : 139826290 21553640 322160 0 0 0 : 14.776969 ]
[14.777s][info][gc       ] [HUGEPAGESTAT 0 0 0 - 55699 0 0 : 301056 0 0 : 14.776969 ]
[14.777s][info][gc       ] [OBJCREAT 13091808 24868 5445632 : 14.777023 ]
[14.777s][info][gc       ] [HMSV All : 630 150 35 0 0 0 0 0 : 6514 0 0 0 : 14.777042 ]
[14.777s][info][gc       ] [HMSP 684 : 52072 300 : 14.777042 ]
[14.778s][info][gc       ] [VMAC 65530 170 162 480 812 : 14.777613 ]
[14.778s][info][gc       ] [GPGC-H  2739.0 576.5 22.0 0.0 : 2349.2 : 0.000 0.000 : 0.000 0.000 1.206 2.546 : 0.000 0.000 0.000 0.000 3.320 0.309 : 0.000 : 99.931 : 2146 3540 28 0 : 2257 : 5720 5428 : 14.777734 : 3 Heap_use_exceeded_committed ]
[14.786s][info][safepoint] Application time: 0.1719992 seconds
[14.786s][info][safepoint] Total time for which application threads were stopped: 0.0002478 seconds, Stopping threads took: 0.0000004 seconds
[14.786s][info][gc       ] [SPS 0.000 0.014 0.004 0.005 0.000 0.001 0.000 0.234 0.007 0.248 NewGC_pause1 14.785514 ]
[15.294s][info][safepoint] Application time: 0.5081866 seconds
[15.294s][info][safepoint] Total time for which application threads were stopped: 0.0001135 seconds, Stopping threads took: 0.0000004 seconds
[15.295s][info][gc       ] [SPS 0.000 0.001 0.000 0.006 0.000 0.001 0.000 0.087 0.018 0.113 NewGC_pause2 15.293813 ]
[15.296s][info][safepoint] Application time: 0.0018841 seconds
[15.296s][info][safepoint] Total time for which application threads were stopped: 0.0000701 seconds, Stopping threads took: 0.0000005 seconds
[15.296s][info][gc       ] [SPS 0.000 0.000 0.000 0.007 0.000 0.001 0.000 0.043 0.019 0.070 NewGC_pause3 15.295768 ]
[15.322s][info][safepoint] Application time: 0.0256524 seconds
[15.322s][info][safepoint] Total time for which application threads were stopped: 0.0002008 seconds, Stopping threads took: 0.0000004 seconds
[15.322s][info][gc       ] [SPS 0.000 0.126 0.008 0.006 0.000 0.001 0.000 0.168 0.026 0.201 NewGC_pause4 15.321621 ]
[15.412s][info][gc       ] [DEOPTSTATS 1 : 0 0 : 0 0 : 0 0 : 0 0 : 0 1 : 0 0 : 0 0 : 0 0 : 0 0 : 0 0 : 0 0 : 0 0 : 0 0 : 0 0 : 0 0 : 0 0 : 0 0 : 0 0 : 0 0 : 0 0 : 0 0 : 0 0 : 0 0 : 0 0 : 0 0 : 0 0 : 0 0 : 0 0 : 0 0 : 0 0 : 4 0 : 0 0 : 0 0 : 0 0 : 0 0 : 0 0 : 0 0 : 0 0 : 0 0 : 0 0 : 0 0 : 0 0 ]
[15.412s][info][gc       ] [DEOPTSTATS 2 : 0 0 : 0 0 : 0 0 : 0 0 : 0 0 : 0 0 : 0 8 : 0 0 : 0 0 : 0 0 : 0 0 : 0 0 : 0 0 : 0 0 : 0 0 : 0 0 : 0 0 : 0 0 : 0 0 : 0 0 : 0 0 : 0 0 : 0 0 : 0 0 : 0 0 : 0 0 : 0 0 : 0 0 : 0 0 : 0 0 : 3 0 : 0 0 : 0 0 : 0 0 : 0 1 : 0 0 : 0 0 : 0 0 : 0 0 : 0 3 : 0 0 : 0 0 ]
[15.486s][info][gc       ] [GC New Max 29-21 : 6356 6174 5862 6356 - - 834 20 2 2 - : 1818 3722 30 292 2318 : 1231 6 1069 1069 666 : 91 130 53 1 847 - 62 : 0.005717 10145.9 0.0 0.703070 290.2 2.8 : 3 --c 0000 : 23 3181 0.000 0.209 0 0.000 0.000 3181 0.000 0.209 : 14.782395 14.785266 0.000164 15.293700 0.000089 15.295698 0.000047 15.321420 0.000118 : 15.485465 ]
[15.486s][info][gc       ] [SYSINFO 8244 192 64 47 7655 0 15 0 0 6939 : - - - - - - - - : 0 7168 : 4.93 2.30 2.22 : 271703 4210640 : 0 0 : 9 0 : 1736 4 0 266 : - 8346300416 574701568 875429888 7201210368 200994816 68259840 : 139826290 21556770 322330 0 0 0 : 15.485787 ]
[15.486s][info][gc       ] [HUGEPAGESTAT 0 0 0 - 55699 0 0 : 301056 0 0 : 15.485787 ]
[15.486s][info][gc       ] [OBJCREAT 13354481 24868 5632000 : 15.485836 ]
[15.486s][info][gc       ] [HMSV All : 852 150 35 0 0 0 0 0 : 6588 0 0 0 : 15.485860 ]
[15.486s][info][gc       ] [HMSP 906 : 52516 300 : 15.485860 ]
[15.486s][info][gc       ] [GPGC-H  2731.9 564.9 19.6 0.0 : 2094.5 : 0.000 0.000 : 0.000 0.000 1.189 2.546 : 0.000 0.000 0.000 0.000 3.287 0.309 : 0.000 : 99.925 : 1824 3722 30 0 : 2257 : 5720 5428 : 15.486326 : 3 Heap_use_exceeded_committed ]
[15.487s][info][gc       ] [VMAC 65530 170 270 480 920 : 15.486589 ]
[15.493s][info][safepoint] Application time: 0.1716159 seconds
[15.494s][info][safepoint] Total time for which application threads were stopped: 0.0002061 seconds, Stopping threads took: 0.0000005 seconds
[15.494s][info][gc       ] [SPS 0.000 0.010 0.006 0.007 0.000 0.001 0.000 0.181 0.016 0.206 NewGC_pause1 15.493443 ]
[15.531s][info][safepoint] Application time: 0.0365050 seconds
[15.531s][info][safepoint] Total time for which application threads were stopped: 0.0006349 seconds, Stopping threads took: 0.0000004 seconds
[15.531s][info][gc       ] [SPS 0.000 0.002 0.000 0.007 0.000 0.001 0.000 0.611 0.015 0.635 OldGC_pause2 15.530583 ]
[15.618s][info][safepoint] Application time: 0.0869498 seconds
[15.618s][info][safepoint] Total time for which application threads were stopped: 0.0001660 seconds, Stopping threads took: 0.0000005 seconds
[15.619s][info][gc       ] [SPS 0.000 0.001 0.000 0.008 0.000 0.001 0.000 0.133 0.023 0.166 OldGC_pause3 15.617699 ]
[15.948s][info][safepoint] Application time: 0.3305791 seconds
[15.949s][info][safepoint] Total time for which application threads were stopped: 0.0001476 seconds, Stopping threads took: 0.0000004 seconds
[15.950s][info][gc       ] [SPS 0.000 0.001 0.000 0.006 0.000 0.001 0.000 0.116 0.024 0.148 NewGC_pause2 15.948426 ]
[15.951s][info][safepoint] Application time: 0.0023909 seconds
[15.951s][info][safepoint] Total time for which application threads were stopped: 0.0001671 seconds, Stopping threads took: 0.0000004 seconds
[15.952s][info][gc       ] [SPS 0.000 0.000 0.000 0.005 0.000 0.001 0.000 0.137 0.024 0.167 NewGC_pause3 15.950984 ]
[15.972s][info][safepoint] Application time: 0.0213557 seconds
[15.973s][info][safepoint] Total time for which application threads were stopped: 0.0000563 seconds, Stopping threads took: 0.0000003 seconds
[15.973s][info][gc       ] [SPS 0.000 0.003 0.003 0.008 0.000 0.001 0.000 0.042 0.005 0.056 NewGC_pause4 15.972396 ]
[16.205s][info][gc       ] [GC New Max 30-22 : 6356 6092 5888 6356 - - 834 20 2 2 - : 1324 4242 30 292 2048 : 1230 5 811 811 268 : 260 51 84 0 625 - 37 : 0.005136 9345.8 0.0 0.714117 725.4 0.0 : 3 --c 0000 : 23 13323 0.000 0.000 0 0.000 0.000 13323 0.000 0.000 : 15.490601 15.493238 0.000184 15.948279 0.000062 15.950817 0.000100 15.972340 0.000047 : 16.204718 ]
[16.205s][info][gc       ] [SYSINFO 8244 192 64 47 7655 0 15 0 0 6939 : - - - - - - - - : 0 7168 : 4.93 2.30 2.22 : 271703 4210640 : 0 0 : 9 0 : 1736 2 0 266 : - 8346300416 574701568 875429888 7201210368 200994816 68259840 : 139826290 21559190 322500 0 0 0 : 16.205039 ]
[16.205s][info][gc       ] [HUGEPAGESTAT 0 0 0 - 55699 0 0 : 301056 0 0 : 16.205039 ]
[16.205s][info][gc       ] [OBJCREAT 13932332 24868 6164480 : 16.205105 ]
[16.205s][info][gc       ] [HMSV All : 852 150 35 0 0 0 0 0 : 6588 0 0 0 : 16.205130 ]
[16.205s][info][gc       ] [HMSP 906 : 52516 300 : 16.205130 ]
[16.206s][info][gc       ] [GPGC-H  2958.4 564.9 19.6 0.0 : 2094.5 : 0.000 0.000 : 0.000 0.000 1.172 2.546 : 0.000 0.000 0.000 0.000 3.251 0.309 : 0.000 : 99.923 : 1332 4242 30 0 : 2257 : 5720 5428 : 16.205591 : 3 Heap_use_exceeded_committed ]
[16.206s][info][gc       ] [VMAC 65530 170 270 480 920 : 16.205786 ]
[16.208s][info][safepoint] Application time: 0.2356300 seconds
[16.208s][info][safepoint] Total time for which application threads were stopped: 0.0001162 seconds, Stopping threads took: 0.0000004 seconds
[16.209s][info][gc       ] [SPS 0.000 0.003 0.005 0.007 0.000 0.001 0.000 0.091 0.017 0.116 OldGC_pause4 16.208143 ]
[16.213s][info][safepoint] Application time: 0.0043977 seconds
[16.213s][info][safepoint] Total time for which application threads were stopped: 0.0002952 seconds, Stopping threads took: 0.0000004 seconds
[16.213s][info][gc       ] [SPS 0.000 0.198 0.002 0.006 0.000 0.001 0.000 0.270 0.018 0.295 NewGC_pause1 16.212836 ]
[16.213s][info][gc       ] [GC Old Max 28-8 : 6356 6174 4180 6356 - - 834 20 2 2 - : 1398 2462 28 292 4274 : 2437 25 1813 1813 0 : 0 5 503 0 1190 - 55 : 0.878068 776.7 0.0 2.184936 459.5 0.9 : 1 --c 0000 : 23   -    -    -    -    -    -    -    -    -  : 14.028003 14.034433 0.000145 15.529949 0.000614 15.617533 0.000043 16.208027 0.000095 : 16.212939 ]
[16.213s][info][gc       ] [SYSINFO 8244 192 64 47 7655 0 15 0 0 6939 : - - - - - - - - : 0 7168 : 4.93 2.30 2.22 : 271703 4210640 : 0 0 : 9 0 : 1736 6 0 266 : - 8346300416 574701568 875429888 7201210368 200994816 68259840 : 139826290 21559210 322500 0 0 0 : 16.213197 ]
[16.213s][info][gc       ] [HUGEPAGESTAT 0 0 0 - 55699 0 0 : 301056 0 0 : 16.213197 ]
[16.213s][info][gc       ] [OBJCREAT 14002968 24868 6164480 : 16.213236 ]
[16.213s][info][gc       ] [HMSV All : 852 150 35 0 0 0 0 0 : 6588 0 0 0 : 16.213250 ]
[16.213s][info][gc       ] [HMSP 906 : 52516 300 : 16.213250 ]
[16.213s][info][gc       ] [COMPSTATS 1 : 5 0 : 2 0 : 0 0 : 402 3 0 0 0 0 : 0 0 0 0 0 0 : 97 98 4 : 405 0 0 0 0 0 0 : 405 0 0 0 0 0 0 ]
[16.213s][info][gc       ] [COMPSTATS 2 : 5 0 : 3 0 : 0 0 : 71 7 0 0 0 0 : 0 0 0 0 0 0 : 3542 3566 732 : 59 19 0 0 0 0 0 : 15 55 8 0 0 0 0 ]
[16.213s][info][gc       ] [DEOPTSTATS 1 : 0 0 : 0 0 : 0 0 : 0 0 : 0 1 : 0 0 : 0 0 : 0 0 : 0 0 : 0 0 : 0 0 : 0 0 : 0 0 : 0 0 : 0 0 : 0 0 : 0 0 : 0 0 : 0 0 : 0 0 : 0 0 : 0 0 : 0 0 : 0 0 : 0 0 : 0 0 : 0 0 : 0 0 : 0 0 : 0 0 : 4 0 : 0 0 : 0 0 : 0 0 : 0 0 : 0 0 : 0 0 : 0 0 : 0 0 : 0 0 : 0 0 : 0 0 ]
[16.213s][info][gc       ] [DEOPTSTATS 2 : 0 0 : 0 0 : 0 0 : 0 0 : 0 0 : 0 0 : 0 10 : 0 0 : 0 0 : 0 0 : 0 0 : 0 0 : 0 0 : 0 0 : 0 0 : 0 0 : 0 0 : 0 0 : 0 0 : 0 0 : 0 0 : 0 0 : 0 0 : 0 0 : 0 0 : 0 0 : 0 0 : 0 0 : 0 0 : 0 0 : 3 0 : 0 0 : 0 0 : 0 0 : 0 1 : 0 0 : 0 0 : 0 0 : 0 0 : 0 4 : 0 0 : 0 0 ]
[16.214s][info][gc       ] [CCF 0 0 0 0 14 39424: 2624512 : 380 196608 : 2 32768 : 316 310784 :  404 520192 : 65 100352 : 0 0 : 15 1228800 : 1 2048]
[16.214s][info][gc       ] [VMAC 65530 170 270 480 920 : 16.213872 ]
[16.721s][info][safepoint] Application time: 0.5077737 seconds
[16.721s][info][safepoint] Total time for which application threads were stopped: 0.0001175 seconds, Stopping threads took: 0.0000004 seconds
[16.722s][info][gc       ] [SPS 0.000 0.001 0.000 0.006 0.000 0.001 0.000 0.092 0.019 0.118 NewGC_pause2 16.720727 ]
[16.723s][info][safepoint] Application time: 0.0023201 seconds
[16.724s][info][safepoint] Total time for which application threads were stopped: 0.0001279 seconds, Stopping threads took: 0.0000004 seconds
[16.724s][info][gc       ] [SPS 0.000 0.000 0.000 0.005 0.000 0.001 0.000 0.110 0.011 0.128 NewGC_pause3 16.723175 ]
[16.748s][info][safepoint] Application time: 0.0251540 seconds
[16.749s][info][safepoint] Total time for which application threads were stopped: 0.0001620 seconds, Stopping threads took: 0.0000004 seconds
[16.749s][info][gc       ] [SPS 0.000 0.004 0.008 0.007 0.000 0.001 0.000 0.128 0.025 0.162 NewGC_pause4 16.748492 ]
[16.964s][info][gc       ] [GC New Max 31-23 : 6356 5900 5870 6356 - - 834 20 2 2 - : 2798 2752 28 292 2820 : 1705 19 569 569 29 : 145 163 443 0 1255 - 144 : 0.005176 10432.9 0.0 0.753997 2984.1 0.0 : 3 --c 0000 : 23 1021 0.000 0.000 0 0.000 0.000 1021 0.000 0.000 : 16.209894 16.212541 0.000256 16.720610 0.000042 16.723047 0.000114 16.748330 0.000059 : 16.963891 ]
[16.964s][info][gc       ] [SYSINFO 8244 192 64 47 7655 0 15 0 0 6939 : - - - - - - - - : 0 7168 : 4.93 2.30 2.22 : 271703 4210640 : 0 0 : 9 0 : 1736 2 0 266 : - 8346300416 574701568 875429888 7201210368 200994816 68259840 : 139826290 21561650 322580 0 0 0 : 16.964163 ]
[16.964s][info][gc       ] [HUGEPAGESTAT 0 0 0 - 55699 0 0 : 301056 0 0 : 16.964163 ]
[16.964s][info][gc       ] [OBJCREAT 16212904 24868 6461440 : 16.964217 ]
[16.964s][info][gc       ] [HMSV All : 852 150 43 0 0 0 0 0 : 6588 0 0 0 : 16.964240 ]
[16.964s][info][gc       ] [HMSP 906 : 52516 300 : 16.964240 ]
[16.965s][info][gc       ] [GPGC-H  3054.0 564.9 19.6 0.0 : 2094.5 : 0.000 0.000 : 0.000 0.000 1.156 2.499 : 0.000 0.000 0.000 0.000 3.211 0.494 : 0.000 : 99.920 : 2810 2752 28 0 : 2257 : 5720 5428 : 16.965108 : 3 Heap_use_exceeded_committed ]
[16.965s][info][gc       ] [VMAC 65530 170 270 480 920 : 16.965035 ]
[16.974s][info][safepoint] Application time: 0.2257331 seconds
[16.975s][info][safepoint] Total time for which application threads were stopped: 0.0001647 seconds, Stopping threads took: 0.0000004 seconds
[16.975s][info][gc       ] [SPS 0.000 0.001 0.005 0.007 0.000 0.001 0.000 0.135 0.021 0.165 NewGC_pause1 16.974389 ]
[17.680s][info][safepoint] Application time: 0.7050567 seconds
[17.680s][info][safepoint] Total time for which application threads were stopped: 0.0001664 seconds, Stopping threads took: 0.0000049 seconds
[17.680s][info][gc       ] [SPS 0.000 0.001 0.000 0.005 0.005 0.001 0.000 0.132 0.024 0.166 NewGC_pause2 17.679613 ]
[17.682s][info][safepoint] Application time: 0.0018483 seconds
[17.682s][info][safepoint] Total time for which application threads were stopped: 0.0000676 seconds, Stopping threads took: 0.0000004 seconds
[17.682s][info][gc       ] [SPS 0.000 0.000 0.000 0.006 0.000 0.001 0.000 0.056 0.004 0.067 NewGC_pause3 17.681528 ]
[17.699s][info][safepoint] Application time: 0.0174387 seconds
[17.699s][info][safepoint] Total time for which application threads were stopped: 0.0001255 seconds, Stopping threads took: 0.0000003 seconds
[17.700s][info][gc       ] [SPS 0.000 0.005 0.004 0.005 0.000 0.001 0.000 0.112 0.008 0.126 NewGC_pause4 17.699093 ]
[17.860s][info][gc       ] [GC NTO Max 32-24 : 6356 6126 5890 6356 - - 834 20 2 2 - : 2720 2850 28 292 3054 : 1814 7 1230 1230 500 : 49 243 95 0 1263 - 97 : 0.001591 10055.4 0.0 0.894158 820.9 0.0 : 3 --c 0000 : 23 10554 0.000 0.153 0 0.000 0.000 10554 0.000 0.153 : 16.965482 16.974225 0.000139 17.679446 0.000100 17.681461 0.000057 17.698967 0.000044 : 17.859641 ]
[17.860s][info][gc       ] [SYSINFO 8244 192 64 47 7656 0 15 0 0 6939 : - - - - - - - - : 0 7168 : 4.85 2.33 2.23 : 271703 4210640 : 0 0 : 9 0 : 1736 3 0 266 : - 8346300416 574701568 875429888 7201210368 200994816 68259840 : 139826290 21564830 322580 0 0 0 : 17.859922 ]
[17.860s][info][gc       ] [HUGEPAGESTAT 0 0 0 - 55699 0 0 : 301056 0 0 : 17.859922 ]
[17.860s][info][gc       ] [OBJCREAT 16971552 24938 6561792 : 17.859973 ]
[17.860s][info][gc       ] [HMSV All : 852 150 44 0 0 0 0 0 : 6588 0 0 0 : 17.859994 ]
[17.860s][info][gc       ] [HMSP 906 : 52516 300 : 17.859994 ]
[17.861s][info][gc       ] [GPGC-H  3389.8 545.9 17.6 0.0 : 1876.9 : 0.000 0.000 : 0.000 0.000 1.144 2.499 : 0.000 0.000 0.000 0.000 3.165 0.494 : 0.000 : 99.916 : 2730 2850 28 0 : 2257 : 5720 5428 : 17.860639 : 3 Heap_use_exceeded_committed ]
[17.861s][info][gc       ] [VMAC 65530 170 270 480 920 : 17.860716 ]
[17.868s][info][safepoint] Application time: 0.1690263 seconds
[17.869s][info][safepoint] Total time for which application threads were stopped: 0.0002229 seconds, Stopping threads took: 0.0000005 seconds
[17.869s][info][gc       ] [SPS 0.000 0.036 0.004 0.007 0.000 0.001 0.000 0.192 0.023 0.223 NewGC_pause1 17.868342 ]
[18.235s][info][safepoint] Application time: 0.3657748 seconds
[18.235s][info][safepoint] Total time for which application threads were stopped: 0.0007870 seconds, Stopping threads took: 0.0000004 seconds
[18.236s][info][gc       ] [SPS 0.000 0.001 0.000 0.008 0.000 0.001 0.000 0.760 0.018 0.787 OldGC_pause2 18.234904 ]
[18.238s][info][safepoint] Application time: 0.0031774 seconds
[18.246s][info][safepoint] Total time for which application threads were stopped: 0.0000541 seconds, Stopping threads took: 0.0000004 seconds
[18.246s][info][gc       ] [SPS 0.000 0.001 0.000 0.007 0.000 0.001 0.000 0.041 0.004 0.054 OldGC_pause3 18.238136 ]
[18.531s][info][safepoint] Application time: 0.2930249 seconds
[18.531s][info][safepoint] Total time for which application threads were stopped: 0.0001024 seconds, Stopping threads took: 0.0000004 seconds
[18.532s][info][gc       ] [SPS 0.000 0.001 0.000 0.005 0.000 0.001 0.000 0.083 0.013 0.102 NewGC_pause2 18.531263 ]
[18.532s][info][safepoint] Application time: 0.0009593 seconds
[18.533s][info][safepoint] Total time for which application threads were stopped: 0.0001040 seconds, Stopping threads took: 0.0000003 seconds
[18.533s][info][gc       ] [SPS 0.000 0.000 0.000 0.006 0.000 0.001 0.000 0.084 0.013 0.104 NewGC_pause3 18.532326 ]
[18.554s][info][safepoint] Application time: 0.0213380 seconds
[18.554s][info][safepoint] Total time for which application threads were stopped: 0.0000762 seconds, Stopping threads took: 0.0000004 seconds
[18.554s][info][gc       ] [SPS 0.000 0.003 0.003 0.006 0.000 0.001 0.000 0.054 0.015 0.076 NewGC_pause4 18.553741 ]
[18.721s][info][gc       ] [GC New Max 34-25 : 6356 6116 5864 6356 - - 834 20 2 2 - : 2548 2996 28 292 2946 : 2041 7 897 897 357 : 73 229 81 0 1157 - 117 : 0.005266 10253.9 0.0 0.855800 535.2 0.0 : 3 --c 0000 : 23 7963 0.000 0.259 0 0.000 0.000 7963 0.000 0.259 : 17.864907 17.868120 0.000159 18.531161 0.000086 18.532223 0.000087 18.553665 0.000058 : 18.720707 ]
[18.721s][info][gc       ] [SYSINFO 8245 192 64 119 7584 0 15 0 0 6939 : - - - - - - - - : 0 7168 : 4.85 2.33 2.23 : 271703 4210640 : 0 0 : 9 0 : 1736 2 0 266 : - 8346300416 574701568 875429888 7201210368 200994816 68259840 : 139826290 21568150 322790 0 0 0 : 18.721020 ]
[18.721s][info][gc       ] [HUGEPAGESTAT 0 0 0 - 55699 0 0 : 301056 0 0 : 18.721020 ]
[18.721s][info][gc       ] [OBJCREAT 17486415 24938 6711296 : 18.721072 ]
[18.721s][info][gc       ] [HMSV All : 1074 372 44 0 0 0 0 0 : 6588 0 0 0 : 18.721096 ]
[18.721s][info][gc       ] [HMSP 1128 : 52516 744 : 18.721096 ]
[18.722s][info][gc       ] [GPGC-H  3526.4 545.9 17.6 0.0 : 1876.9 : 0.000 0.000 : 0.000 0.000 1.132 2.499 : 0.000 0.000 0.000 0.000 3.125 0.494 : 0.000 : 99.913 : 2560 2996 28 0 : 2257 : 5720 5428 : 18.722109 : 3 Heap_use_exceeded_committed ]
[18.722s][info][gc       ] [VMAC 65530 170 228 480 878 : 18.721769 ]
[18.725s][info][safepoint] Application time: 0.1710788 seconds
[18.725s][info][safepoint] Total time for which application threads were stopped: 0.0000853 seconds, Stopping threads took: 0.0000004 seconds
[18.730s][info][gc       ] [SPS 0.000 0.002 0.005 0.007 0.000 0.001 0.000 0.059 0.018 0.085 OldGC_pause4 18.724905 ]
[18.731s][info][gc       ] [GC Old Max 33-9 : 6356 6126 4118 6356 - - 834 20 2 2 - : 2630 1170 26 292 3026 : 1101 14 1902 1902 0 : 0 5 122 0 598 - 0 : 0.755082 384.1 0.0 1.762540 138.4 0.0 : 1 --c 0000 : 23   -    -    -    -    -    -    -    -    -  : 16.968020 16.974225 0.000139 18.234117 0.000699 18.238082 0.000045 18.724820 0.000062 : 18.730561 ]
[18.731s][info][gc       ] [SYSINFO 8245 192 64 119 7584 0 15 0 0 6939 : - - - - - - - - : 0 7168 : 4.85 2.33 2.23 : 271703 4210640 : 0 0 : 9 0 : 1736 2 0 266 : - 8346300416 574701568 875429888 7201210368 200994816 68259840 : 139826290 21568160 322800 0 0 0 : 18.730789 ]
[18.731s][info][gc       ] [HUGEPAGESTAT 0 0 0 - 55699 0 0 : 301056 0 0 : 18.730789 ]
[18.731s][info][gc       ] [OBJCREAT 17567713 24938 6711296 : 18.730830 ]
[18.731s][info][gc       ] [HMSV All : 1074 372 44 0 0 0 0 0 : 6588 0 0 0 : 18.730847 ]
[18.731s][info][gc       ] [HMSP 1128 : 52516 744 : 18.730847 ]
[18.731s][info][gc       ] [COMPSTATS 1 : 5 0 : 2 0 : 0 0 : 402 3 0 0 0 0 : 0 0 0 0 0 0 : 97 98 4 : 405 0 0 0 0 0 0 : 405 0 0 0 0 0 0 ]
[18.731s][info][gc       ] [COMPSTATS 2 : 5 0 : 3 0 : 0 0 : 71 7 0 0 0 0 : 0 0 0 0 0 0 : 3542 3566 732 : 59 19 0 0 0 0 0 : 15 55 8 0 0 0 0 ]
[18.731s][info][gc       ] [DEOPTSTATS 1 : 0 0 : 0 0 : 0 0 : 0 0 : 0 1 : 0 0 : 0 0 : 0 0 : 0 0 : 0 0 : 0 0 : 0 0 : 0 0 : 0 0 : 0 0 : 0 0 : 0 0 : 0 0 : 0 0 : 0 0 : 0 0 : 0 0 : 0 0 : 0 0 : 0 0 : 0 0 : 0 0 : 0 0 : 0 0 : 0 0 : 4 0 : 0 0 : 0 0 : 0 0 : 0 0 : 0 0 : 0 0 : 0 0 : 0 0 : 0 0 : 0 0 : 0 0 ]
[18.731s][info][gc       ] [DEOPTSTATS 2 : 0 0 : 0 0 : 0 0 : 0 0 : 0 0 : 0 0 : 0 10 : 0 0 : 0 0 : 0 0 : 0 0 : 0 0 : 0 0 : 0 0 : 0 0 : 0 0 : 0 0 : 0 0 : 0 0 : 0 0 : 0 0 : 0 0 : 0 0 : 0 0 : 0 0 : 0 0 : 0 0 : 0 0 : 0 0 : 0 0 : 3 0 : 0 0 : 0 0 : 0 0 : 0 1 : 0 0 : 0 0 : 0 0 : 0 0 : 0 4 : 0 0 : 0 0 ]
[18.731s][info][gc       ] [CCF 0 0 0 0 19 44032: 2619904 : 380 196608 : 2 32768 : 316 310784 :  404 520192 : 60 95744 : 0 0 : 15 1228800 : 1 2048]
[18.732s][info][gc       ] [VMAC 65530 170 228 480 878 : 18.731517 ]
[18.732s][info][safepoint] Application time: 0.0065993 seconds
[18.732s][info][safepoint] Total time for which application threads were stopped: 0.0001465 seconds, Stopping threads took: 0.0000034 seconds
[18.732s][info][gc       ] [SPS 0.000 0.697 0.002 0.008 0.003 0.001 0.000 0.103 0.032 0.146 NewGC_pause1 18.731651 ]
[19.401s][info][safepoint] Application time: 0.6688582 seconds
[19.401s][info][safepoint] Total time for which application threads were stopped: 0.0000666 seconds, Stopping threads took: 0.0000004 seconds
[19.401s][info][gc       ] [SPS 0.000 0.002 0.000 0.006 0.000 0.001 0.000 0.047 0.012 0.066 NewGC_pause2 19.400576 ]
[19.402s][info][safepoint] Application time: 0.0016463 seconds
[19.403s][info][safepoint] Total time for which application threads were stopped: 0.0001597 seconds, Stopping threads took: 0.0000003 seconds
[19.403s][info][gc       ] [SPS 0.000 0.001 0.000 0.006 0.000 0.001 0.000 0.128 0.027 0.161 NewGC_pause3 19.402383 ]
[19.419s][info][safepoint] Application time: 0.0162494 seconds
[19.436s][info][safepoint] Total time for which application threads were stopped: 0.0001498 seconds, Stopping threads took: 0.0000004 seconds
[19.437s][info][gc       ] [SPS 0.000 0.005 0.021 0.008 0.000 0.001 0.001 0.122 0.017 0.150 NewGC_pause4 19.418782 ]
[19.703s][info][gc       ] [GC New Max 35-26 : 6356 5944 5944 6356 - - 834 20 2 2 - : 3864 1762 26 292 4008 : 3200 18 649 649 581 : 296 0 609 0 1805 - 127 : 0.005945 9756.2 0.0 0.976108 1960.8 0.0 : 3 --c 0000 : 23 2407 0.000 0.054 0 0.000 0.000 2407 0.000 0.054 : 18.726652 18.731505 0.000108 19.400509 0.000050 19.402222 0.000045 19.418633 0.000128 : 19.702760 ]
[19.703s][info][gc       ] [SYSINFO 8245 192 64 119 7584 0 15 0 0 6939 : - - - - - - - - : 0 7168 : 4.85 2.33 2.23 : 271703 4210640 : 0 0 : 9 0 : 1736 2 0 266 : - 8346300416 574701568 875429888 7201210368 200994816 68259840 : 139826290 21571650 322830 0 0 0 : 19.703019 ]
[19.703s][info][gc       ] [HUGEPAGESTAT 0 0 0 - 55699 0 0 : 301056 0 0 : 19.703019 ]
[19.703s][info][gc       ] [OBJCREAT 19441791 24938 7317504 : 19.703067 ]
[19.703s][info][gc       ] [HMSV All : 1074 372 51 0 0 0 0 0 : 6588 0 0 0 : 19.703089 ]
[19.703s][info][gc       ] [HMSP 1128 : 52516 744 : 19.703089 ]
[19.704s][info][gc       ] [VMAC 65530 170 228 480 878 : 19.703682 ]
[19.704s][info][gc       ] [GPGC-H  3521.8 545.9 17.6 0.0 : 1876.9 : 0.000 0.000 : 0.000 0.000 1.121 2.418 : 0.000 0.000 0.000 0.000 3.087 0.601 : 0.000 : 99.908 : 3876 1762 26 0 : 2257 : 5720 5428 : 19.703866 : 3 Heap_use_exceeded_committed ]
[19.711s][info][safepoint] Application time: 0.2916131 seconds
[19.712s][info][safepoint] Total time for which application threads were stopped: 0.0003234 seconds, Stopping threads took: 0.0000007 seconds
[19.713s][info][gc       ] [SPS 0.000 0.001 0.004 0.005 0.001 0.001 0.000 0.293 0.024 0.323 NewGC_pause1 19.710719 ]
[20.410s][info][gc       ] [DEOPTSTATS 1 : 0 0 : 0 0 : 0 0 : 0 0 : 0 1 : 0 0 : 0 0 : 0 0 : 0 0 : 0 0 : 0 0 : 0 0 : 0 0 : 0 0 : 0 0 : 0 0 : 0 0 : 0 0 : 0 0 : 0 0 : 0 0 : 0 0 : 0 0 : 0 0 : 0 0 : 0 0 : 0 0 : 0 0 : 0 0 : 0 0 : 4 0 : 0 0 : 0 0 : 0 0 : 0 0 : 0 0 : 0 0 : 0 0 : 0 0 : 0 0 : 0 0 : 0 0 ]
[20.410s][info][gc       ] [DEOPTSTATS 2 : 0 0 : 0 0 : 0 0 : 0 0 : 0 0 : 0 0 : 0 10 : 0 0 : 0 0 : 0 0 : 0 0 : 0 0 : 0 0 : 0 0 : 0 0 : 0 0 : 0 0 : 0 0 : 0 0 : 0 0 : 0 0 : 0 0 : 0 0 : 0 0 : 0 0 : 0 0 : 0 0 : 0 0 : 0 0 : 0 0 : 3 0 : 0 0 : 0 0 : 0 0 : 0 1 : 0 0 : 0 0 : 0 0 : 0 0 : 0 4 : 0 0 : 0 0 ]
[20.631s][info][safepoint] Application time: 0.9197419 seconds
[20.631s][info][safepoint] Total time for which application threads were stopped: 0.0001906 seconds, Stopping threads took: 0.0000004 seconds
[20.631s][info][gc       ] [SPS 0.000 0.001 0.000 0.008 0.000 0.001 0.000 0.146 0.036 0.191 NewGC_pause2 20.630651 ]
[20.632s][info][safepoint] Application time: 0.0017689 seconds
[20.633s][info][safepoint] Total time for which application threads were stopped: 0.0000676 seconds, Stopping threads took: 0.0000004 seconds
[20.633s][info][gc       ] [SPS 0.000 0.000 0.000 0.006 0.000 0.001 0.000 0.054 0.006 0.068 NewGC_pause3 20.632488 ]
[20.648s][info][safepoint] Application time: 0.0157110 seconds
[20.649s][info][safepoint] Total time for which application threads were stopped: 0.0000591 seconds, Stopping threads took: 0.0000003 seconds
[20.649s][info][gc       ] [SPS 0.000 0.061 0.008 0.005 0.000 0.001 0.000 0.045 0.007 0.059 NewGC_pause4 20.648258 ]
[20.794s][info][gc       ] [GC NTO Max 36-27 : 6356 6190 6010 6356 - - 835 20 2 2 - : 3650 2040 28 292 4108 : 2437 8 1661 1661 1435 : 139 0 112 0 1759 - 66 : 0.001508 11937.0 0.0 1.088924 248.0 1.8 : 3 --c 0000 : 23 8342 0.000 0.000 0 0.000 0.000 8342 0.000 0.000 : 19.704268 19.710395 0.000223 20.630461 0.000056 20.632420 0.000048 20.648199 0.000048 : 20.793191 ]
[20.794s][info][gc       ] [SYSINFO 8245 192 64 119 7584 0 15 0 0 6939 : - - - - - - - - : 0 7168 : 4.85 2.33 2.23 : 271703 4210640 : 0 0 : 9 0 : 1736 3 0 266 : - 8346435584 574701568 875565056 7201210368 200994816 68259840 : 139826290 21575330 322890 0 0 0 : 20.793494 ]
[20.794s][info][gc       ] [HUGEPAGESTAT 0 0 0 - 55699 0 0 : 301056 0 0 : 20.793494 ]
[20.794s][info][gc       ] [OBJCREAT 19734965 24938 7602176 : 20.793547 ]
[20.794s][info][gc       ] [HMSV All : 1074 372 51 0 0 0 0 0 : 6588 0 0 0 : 20.793576 ]
[20.794s][info][gc       ] [HMSP 1128 : 52516 744 : 20.793576 ]
[20.794s][info][gc       ] [GPGC-H  3379.4 520.6 15.4 0.0 : 1638.9 : 0.000 0.000 : 0.000 0.000 1.117 2.418 : 0.000 0.000 0.000 0.000 3.087 0.601 : 0.000 : 99.906 : 3662 2040 28 0 : 2257 : 5720 5428 : 20.794369 : 3 Heap_use_exceeded_committed ]
[20.794s][info][gc       ] [VMAC 65530 170 228 480 878 : 20.794305 ]
[20.805s][info][safepoint] Application time: 0.1559265 seconds
[20.805s][info][safepoint] Total time for which application threads were stopped: 0.0006000 seconds, Stopping threads took: 0.0003685 seconds
[20.806s][info][gc       ] [SPS 0.000 0.016 0.003 0.006 0.369 0.001 0.000 0.198 0.026 0.600 NewGC_pause1 20.804785 ]
[21.562s][info][safepoint] Application time: 0.7571707 seconds
[21.563s][info][safepoint] Total time for which application threads were stopped: 0.0001600 seconds, Stopping threads took: 0.0000004 seconds
[21.563s][info][gc       ] [SPS 0.000 0.001 0.000 0.007 0.000 0.001 0.000 0.129 0.023 0.160 NewGC_pause2 21.562116 ]
[21.564s][info][safepoint] Application time: 0.0017850 seconds
[21.564s][info][safepoint] Total time for which application threads were stopped: 0.0001522 seconds, Stopping threads took: 0.0000004 seconds
[21.564s][info][gc       ] [SPS 0.000 0.001 0.000 0.007 0.000 0.001 0.000 0.138 0.006 0.152 NewGC_pause3 21.564053 ]
[21.581s][info][safepoint] Application time: 0.0163544 seconds
[21.596s][info][safepoint] Total time for which application threads were stopped: 0.0001294 seconds, Stopping threads took: 0.0000004 seconds
[21.597s][info][gc       ] [SPS 0.000 0.028 0.009 0.006 0.000 0.001 0.000 0.104 0.017 0.129 NewGC_pause4 21.580537 ]
[21.793s][info][gc       ] [GC New Max 38-28 : 6356 6220 6012 6356 - - 835 20 2 2 - : 3084 2608 28 292 3860 : 2264 10 1583 1583 1314 : 284 0 80 0 1459 - 83 : 0.005770 8318.4 0.0 0.993549 223.4 0.0 : 3 --c 0000 : 23 5888 0.000 0.000 0 0.000 0.000 5888 0.000 0.000 : 20.798962 20.804185 0.000569 21.561956 0.000049 21.563901 0.000049 21.580407 0.000108 : 21.792511 ]
[21.793s][info][gc       ] [SYSINFO 8245 192 64 119 7584 0 15 0 0 6939 : - - - - - - - - : 0 7168 : 4.85 2.33 2.23 : 271703 4210640 : 0 0 : 9 0 : 1736 3 0 266 : - 8346435584 574701568 875565056 7201210368 200994816 68259840 : 139826290 21579580 323090 0 0 0 : 21.792829 ]
[21.793s][info][gc       ] [HUGEPAGESTAT 0 0 0 - 55699 0 0 : 301056 0 0 : 21.792829 ]
[21.793s][info][gc       ] [OBJCREAT 20007205 24938 8183808 : 21.792898 ]
[21.793s][info][gc       ] [HMSV All : 1074 372 52 0 0 0 0 0 : 6588 0 0 0 : 21.792920 ]
[21.793s][info][gc       ] [HMSP 1128 : 52516 744 : 21.792920 ]
[21.794s][info][gc       ] [GPGC-H  3276.0 520.6 15.4 0.0 : 1638.9 : 0.000 0.000 : 0.000 0.000 1.109 2.418 : 0.000 0.000 0.000 0.000 3.070 0.601 : 0.000 : 99.902 : 3094 2608 28 0 : 2257 : 5720 5428 : 21.793504 : 3 Heap_use_exceeded_committed ]
[21.794s][info][gc       ] [VMAC 65530 170 228 480 878 : 21.793634 ]
[21.801s][info][safepoint] Application time: 0.2205709 seconds
[21.802s][info][safepoint] Total time for which application threads were stopped: 0.0002928 seconds, Stopping threads took: 0.0000004 seconds
[21.802s][info][gc       ] [SPS 0.000 0.139 0.004 0.007 0.000 0.001 0.000 0.252 0.032 0.293 NewGC_pause1 21.801401 ]
[21.851s][info][safepoint] Application time: 0.0486624 seconds
[21.851s][info][safepoint] Total time for which application threads were stopped: 0.0007253 seconds, Stopping threads took: 0.0000004 seconds
[21.851s][info][gc       ] [SPS 0.000 0.002 0.000 0.006 0.000 0.001 0.000 0.694 0.024 0.725 OldGC_pause2 21.850788 ]
[21.897s][info][safepoint] Application time: 0.0458010 seconds
[21.897s][info][safepoint] Total time for which application threads were stopped: 0.0001566 seconds, Stopping threads took: 0.0000004 seconds
[21.898s][info][gc       ] [SPS 0.000 0.002 0.000 0.007 0.000 0.001 0.000 0.126 0.022 0.157 OldGC_pause3 21.896746 ]
[22.409s][info][safepoint] Application time: 0.5119949 seconds
[22.409s][info][safepoint] Total time for which application threads were stopped: 0.0001666 seconds, Stopping threads took: 0.0000004 seconds
[22.410s][info][gc       ] [SPS 0.000 0.001 0.000 0.005 0.000 0.001 0.000 0.155 0.006 0.167 NewGC_pause2 22.408908 ]
[22.411s][info][safepoint] Application time: 0.0015147 seconds
[22.411s][info][safepoint] Total time for which application threads were stopped: 0.0001463 seconds, Stopping threads took: 0.0000003 seconds
[22.411s][info][gc       ] [SPS 0.000 0.000 0.000 0.005 0.000 0.001 0.000 0.135 0.005 0.146 NewGC_pause3 22.410569 ]
[22.427s][info][safepoint] Application time: 0.0163429 seconds
[22.427s][info][safepoint] Total time for which application threads were stopped: 0.0001109 seconds, Stopping threads took: 0.0000003 seconds
[22.428s][info][gc       ] [SPS 0.000 0.003 0.003 0.005 0.000 0.001 0.000 0.100 0.005 0.111 NewGC_pause4 22.427023 ]
[22.731s][info][gc       ] [GC New Max 39-29 : 6356 6194 5888 6356 - - 835 20 2 2 - : 2290 3278 28 292 3266 : 1772 9 1482 1482 898 : 335 0 61 0 1103 - 42 : 0.005261 10263.2 0.0 0.933050 435.1 0.0 : 3 --c 0000 : 23 7618 0.000 0.001 0 0.000 0.000 7618 0.000 0.001 : 21.797772 21.801108 0.000174 22.408741 0.000097 22.410422 0.000096 22.426912 0.000086 : 22.730822 ]
[22.731s][info][gc       ] [SYSINFO 8245 192 64 119 7584 0 15 0 0 6939 : - - - - - - - - : 0 7168 : 4.70 2.34 2.23 : 271703 4210676 : 0 0 : 9 0 : 1736 2 0 266 : - 8346435584 574701568 875565056 7201210368 200994816 68259840 : 139826290 21582560 323250 0 0 0 : 22.731129 ]
[22.731s][info][gc       ] [HUGEPAGESTAT 0 0 0 - 55699 0 0 : 301056 0 0 : 22.731129 ]
[22.731s][info][gc       ] [OBJCREAT 20470310 24938 8869888 : 22.731188 ]
[22.731s][info][gc       ] [HMSV All : 1074 372 53 0 0 0 0 0 : 6588 0 0 0 : 22.731207 ]
[22.731s][info][gc       ] [HMSP 1128 : 52516 744 : 22.731207 ]
[22.732s][info][gc       ] [GPGC-H  3253.8 520.6 15.4 0.0 : 1638.9 : 0.000 0.000 : 0.000 0.000 1.095 2.418 : 0.000 0.000 0.000 0.000 3.055 0.601 : 0.000 : 99.901 : 2306 3278 28 0 : 2257 : 5720 5428 : 22.732168 : 3 Heap_use_exceeded_committed ]
[22.732s][info][gc       ] [VMAC 65530 170 228 480 878 : 22.731862 ]
[22.795s][info][safepoint] Application time: 0.3674344 seconds
[22.795s][info][safepoint] Total time for which application threads were stopped: 0.0001480 seconds, Stopping threads took: 0.0000005 seconds
[22.796s][info][gc       ] [SPS 0.000 0.003 0.005 0.005 0.000 0.001 0.000 0.120 0.022 0.148 OldGC_pause4 22.794605 ]
[22.799s][info][safepoint] Application time: 0.0039944 seconds
[22.799s][info][safepoint] Total time for which application threads were stopped: 0.0001218 seconds, Stopping threads took: 0.0000003 seconds
[22.799s][info][gc       ] [SPS 0.000 0.252 0.002 0.005 0.000 0.001 0.000 0.103 0.013 0.122 NewGC_pause1 22.798721 ]
[23.309s][info][gc       ] [GC Old Max 37-10 : 6356 6220 6092 6356 - - 835 20 2 2 - : 2566 3206 28 292 3312 : 3198 19 87 87 28 : 0 288 759 2 1507 - 110 : 0.975962 606.6 0.0 3.602061 420.9 0.6 : 1 --c 0000 : 23   -    -    -    -    -    -    -    -    -  : 19.706523 19.710395 0.000223 21.850063 0.000698 21.896589 0.000065 22.794457 0.000089 : 23.308584 ]
[23.309s][info][gc       ] [SYSINFO 8245 192 64 119 7584 0 15 0 0 6939 : - - - - - - - - : 0 7168 : 4.70 2.34 2.23 : 271703 4210676 : 0 0 : 9 0 : 1736 5 0 266 : - 8346435584 574701568 875565056 7201210368 200994816 68259840 : 139826290 21584640 323300 0 0 0 : 23.308871 ]
[23.309s][info][gc       ] [HUGEPAGESTAT 0 0 0 - 55699 0 0 : 301056 0 0 : 23.308871 ]
[23.309s][info][gc       ] [OBJCREAT 20747138 24938 8869888 : 23.308924 ]
[23.309s][info][gc       ] [HMSV All : 1074 372 53 0 0 0 0 0 : 6588 0 0 0 : 23.308951 ]
[23.309s][info][gc       ] [HMSP 1128 : 52516 744 : 23.308951 ]
[23.309s][info][gc       ] [COMPSTATS 1 : 5 0 : 1 0 : 0 0 : 403 3 0 0 0 0 : 0 0 0 0 0 0 : 99 100 4 : 406 0 0 0 0 0 0 : 406 0 0 0 0 0 0 ]
[23.309s][info][gc       ] [COMPSTATS 2 : 5 0 : 3 0 : 0 0 : 71 7 0 0 0 0 : 0 0 0 0 0 0 : 3542 3566 732 : 59 19 0 0 0 0 0 : 15 55 8 0 0 0 0 ]
[23.309s][info][gc       ] [DEOPTSTATS 1 : 0 0 : 0 0 : 0 0 : 0 0 : 0 1 : 0 0 : 0 0 : 0 0 : 0 0 : 0 0 : 0 0 : 0 0 : 0 0 : 0 0 : 0 0 : 0 0 : 0 0 : 0 0 : 0 0 : 0 0 : 0 0 : 0 0 : 0 0 : 0 0 : 0 0 : 0 0 : 0 0 : 0 0 : 0 0 : 0 0 : 4 0 : 0 0 : 0 0 : 0 0 : 0 0 : 0 0 : 0 0 : 0 0 : 0 0 : 0 0 : 0 0 : 0 0 ]
[23.309s][info][gc       ] [DEOPTSTATS 2 : 0 0 : 0 0 : 0 0 : 0 0 : 0 0 : 0 0 : 0 10 : 0 0 : 0 0 : 0 0 : 0 0 : 0 0 : 0 0 : 0 0 : 0 0 : 0 0 : 0 0 : 0 0 : 0 0 : 0 0 : 0 0 : 0 0 : 0 0 : 0 0 : 0 0 : 0 0 : 0 0 : 0 0 : 0 0 : 0 0 : 3 0 : 0 0 : 0 0 : 0 0 : 0 1 : 0 0 : 0 0 : 0 0 : 0 0 : 0 4 : 0 0 : 0 0 ]
[23.310s][info][gc       ] [CCF 0 0 0 0 19 44032: 2627584 : 380 196608 : 2 32768 : 316 310784 :  405 527872 : 60 95744 : 0 0 : 15 1228800 : 1 2048]
[23.310s][info][gc       ] [VMAC 65530 170 228 480 878 : 23.309669 ]
[23.311s][info][safepoint] Application time: 0.5124183 seconds
[23.311s][info][safepoint] Total time for which application threads were stopped: 0.0000647 seconds, Stopping threads took: 0.0000004 seconds
[23.312s][info][gc       ] [SPS 0.000 0.001 0.000 0.007 0.000 0.001 0.000 0.041 0.015 0.065 NewGC_pause2 23.311205 ]
[23.312s][info][safepoint] Application time: 0.0008828 seconds
[23.312s][info][safepoint] Total time for which application threads were stopped: 0.0000478 seconds, Stopping threads took: 0.0000004 seconds
[23.312s][info][gc       ] [SPS 0.000 0.000 0.000 0.005 0.000 0.001 0.000 0.038 0.004 0.048 NewGC_pause3 23.312135 ]
[23.327s][info][safepoint] Application time: 0.0149301 seconds
[23.327s][info][safepoint] Total time for which application threads were stopped: 0.0000726 seconds, Stopping threads took: 0.0000004 seconds
[23.328s][info][gc       ] [SPSH lock suspend gclocker notify wait resuspend cleanup op_time wakeup total(ms) op_name end(s) ]
[23.328s][info][gc       ] [SPS 0.000 0.008 0.009 0.007 0.000 0.001 0.000 0.047 0.017 0.073 NewGC_pause4 23.327138 ]
[23.481s][info][gc       ] [GC New Max 40-30 : 6356 6094 5914 6356 - - 835 20 2 2 - : 2080 3514 28 292 2568 : 1374 8 1184 1184 887 : 154 0 71 0 1015 - 25 : 0.005919 10812.2 0.0 0.743759 443.7 0.0 : 3 --c 0000 : 23 8820 0.000 0.000 0 0.000 0.000 8820 0.000 0.000 : 22.736741 22.798600 0.000105 23.311140 0.000044 23.312087 0.000038 23.327066 0.000051 : 23.480500 ]
[23.481s][info][gc       ] [SYSINFO 8246 192 64 119 7584 0 15 0 0 6939 : - - - - - - - - : 0 7168 : 4.70 2.34 2.23 : 271703 4210676 : 0 0 : 9 0 : 1736 2 0 266 : - 8346435584 574701568 875565056 7201210368 200994816 68259840 : 139826290 21585210 323330 0 0 0 : 23.480791 ]
[23.481s][info][gc       ] [HUGEPAGESTAT 0 0 0 - 55699 0 0 : 301056 0 0 : 23.480791 ]
[23.481s][info][gc       ] [OBJCREAT 20869953 24938 9185280 : 23.480843 ]
[23.481s][info][gc       ] [HMSV All : 1074 372 53 0 0 0 0 0 : 6588 0 0 0 : 23.480881 ]
[23.481s][info][gc       ] [HMSP 1128 : 52516 744 : 23.480881 ]
[23.481s][info][gc       ] [GPGC-H  3310.8 575.4 13.6 0.0 : 1447.6 : 0.000 0.000 : 0.000 0.000 1.079 3.602 : 0.000 0.000 0.000 0.000 3.039 0.931 : 0.000 : 99.895 : 2088 3514 28 0 : 2257 : 5720 5428 : 23.481305 : 3 Heap_use_exceeded_committed ]
[23.482s][info][gc       ] [VMAC 65530 170 228 480 878 : 23.481568 ]
[23.489s][info][safepoint] Application time: 0.1621370 seconds
[23.490s][info][safepoint] Total time for which application threads were stopped: 0.0001894 seconds, Stopping threads took: 0.0000004 seconds
[23.490s][info][gc       ] [SPS 0.000 0.001 0.007 0.007 0.000 0.001 0.000 0.154 0.027 0.189 NewGC_pause1 23.489465 ]
[24.011s][info][safepoint] Application time: 0.5216625 seconds
[24.012s][info][safepoint] Total time for which application threads were stopped: 0.0001020 seconds, Stopping threads took: 0.0000003 seconds
[24.012s][info][gc       ] [SPS 0.000 0.001 0.000 0.006 0.000 0.001 0.000 0.091 0.003 0.102 NewGC_pause2 24.011229 ]
[24.013s][info][safepoint] Application time: 0.0017006 seconds
[24.026s][info][safepoint] Total time for which application threads were stopped: 0.0001664 seconds, Stopping threads took: 0.0000004 seconds
[24.027s][info][gc       ] [SPS 0.000 0.000 0.000 0.005 0.000 0.001 0.000 0.145 0.015 0.166 NewGC_pause3 24.013096 ]
[24.033s][info][safepoint] Application time: 0.0196407 seconds
[24.033s][info][safepoint] Total time for which application threads were stopped: 0.0001075 seconds, Stopping threads took: 0.0000004 seconds
[24.033s][info][gc       ] [SPS 0.000 0.012 0.009 0.006 0.000 0.001 0.000 0.091 0.009 0.107 NewGC_pause4 24.032845 ]
[24.236s][info][gc       ] [GC NTO Max 41-31 : 6356 6078 5748 6356 - - 835 20 2 2 - : 1472 3956 28 292 2244 : 1185 8 1050 1050 644 : 221 0 56 0 674 - 62 : 0.001009 9913.5 0.0 0.754270 302.3 0.0 : 3 --c 0000 : 23 3543 0.000 0.292 0 0.000 0.000 3543 0.000 0.292 : 23.481509 23.489275 0.000149 24.011127 0.000095 24.012930 0.000146 24.032737 0.000095 : 24.235779 ]
[24.236s][info][gc       ] [SYSINFO 8246 192 64 189 7514 0 15 0 0 6939 : - - - - - - - - : 0 7168 : 4.70 2.34 2.23 : 271703 4210676 : 0 0 : 9 0 : 1736 3 0 266 : - 8346435584 574701568 875565056 7201210368 200994816 68259840 : 139826290 21587980 323390 0 0 0 : 24.236123 ]
[24.236s][info][gc       ] [HUGEPAGESTAT 0 0 0 - 55699 0 0 : 301056 0 0 : 24.236123 ]
[24.236s][info][gc       ] [OBJCREAT 21110017 25004 9637888 : 24.236202 ]
[24.236s][info][gc       ] [HMSV All : 1296 594 53 0 0 0 0 0 : 6588 0 0 0 : 24.236219 ]
[24.236s][info][gc       ] [HMSP 1350 : 52516 1188 : 24.236219 ]
[24.237s][info][gc       ] [GPGC-H  3280.3 575.4 13.6 0.0 : 1447.6 : 0.000 0.000 : 0.000 0.000 1.066 3.602 : 0.000 0.000 0.000 0.000 3.021 0.931 : 0.000 : 99.894 : 1472 3956 28 0 : 2257 : 5720 5428 : 24.236560 : 3 Heap_use_exceeded_committed ]
[24.237s][info][gc       ] [VMAC 65530 170 300 480 950 : 24.236883 ]
[24.246s][info][safepoint] Application time: 0.2117933 seconds
[24.246s][info][safepoint] Total time for which application threads were stopped: 0.0009054 seconds, Stopping threads took: 0.0006001 seconds
[24.246s][info][gc       ] [SPS 0.000 0.026 0.002 0.006 0.600 0.001 0.000 0.267 0.030 0.905 NewGC_pause1 24.245543 ]
[24.655s][info][safepoint] Application time: 0.4096867 seconds
[24.656s][info][safepoint] Total time for which application threads were stopped: 0.0001843 seconds, Stopping threads took: 0.0000005 seconds
[24.656s][info][gc       ] [SPS 0.000 0.001 0.000 0.007 0.000 0.001 0.000 0.151 0.024 0.184 NewGC_pause2 24.655415 ]
[24.657s][info][safepoint] Application time: 0.0015429 seconds
[24.657s][info][safepoint] Total time for which application threads were stopped: 0.0000712 seconds, Stopping threads took: 0.0000004 seconds
[24.658s][info][gc       ] [SPS 0.000 0.000 0.000 0.006 0.000 0.001 0.000 0.049 0.014 0.071 NewGC_pause3 24.657029 ]
[24.688s][info][safepoint] Application time: 0.0312899 seconds
[24.689s][info][safepoint] Total time for which application threads were stopped: 0.0001040 seconds, Stopping threads took: 0.0000003 seconds
[24.689s][info][gc       ] [SPS 0.000 0.014 0.008 0.005 0.000 0.001 0.000 0.090 0.007 0.104 NewGC_pause4 24.688423 ]
[24.927s][info][gc       ] [GC New Max 43-32 : 6356 5960 5900 6356 - - 835 20 2 2 - : 1368 4212 28 292 1690 : 960 6 703 703 40 : 128 175 100 0 622 - 62 : 0.005945 0.0 0.0 0.684557 1189.1 0.0 : 3 --c 0000 : 23 10679 0.000 0.000 0 0.000 0.000 10679 0.000 0.000 : 24.241725 24.244638 0.000872 24.655230 0.000113 24.656957 0.000053 24.688319 0.000094 : 24.926282 ]
[24.927s][info][gc       ] [SYSINFO 8246 192 64 189 7514 0 15 0 0 6939 : - - - - - - - - : 0 7168 : 4.70 2.34 2.23 : 271703 4210676 : 0 0 : 9 0 : 1736 3 0 266 : - 8346435584 574701568 875565056 7201210368 200994816 68259840 : 139826290 21591140 323410 0 0 0 : 24.926564 ]
[24.927s][info][gc       ] [HUGEPAGESTAT 0 0 0 - 55699 0 0 : 301056 0 0 : 24.926564 ]
[24.927s][info][gc       ] [OBJCREAT 21935088 25004 9900032 : 24.926621 ]
[24.927s][info][gc       ] [HMSV All : 1296 594 53 0 0 0 0 0 : 6588 0 0 0 : 24.926654 ]
[24.927s][info][gc       ] [HMSP 1350 : 52516 1188 : 24.926654 ]
[24.927s][info][gc       ] [GPGC-H  3566.2 575.4 13.6 0.0 : 1447.6 : 0.000 0.000 : 0.000 0.000 1.052 3.602 : 0.000 0.000 0.000 0.000 2.997 0.931 : 0.000 : 99.893 : 1376 4212 28 0 : 2257 : 5720 5428 : 24.927097 : 3 Heap_use_exceeded_committed ]
[24.927s][info][gc       ] [VMAC 65530 170 300 480 950 : 24.927360 ]
[24.935s][info][safepoint] Application time: 0.2465940 seconds
[24.936s][info][safepoint] Total time for which application threads were stopped: 0.0002184 seconds, Stopping threads took: 0.0000004 seconds
[24.936s][info][gc       ] [SPS 0.000 0.087 0.003 0.006 0.000 0.001 0.001 0.184 0.028 0.219 NewGC_pause1 24.935236 ]
[25.307s][info][safepoint] Application time: 0.3719403 seconds
[25.308s][info][safepoint] Total time for which application threads were stopped: 0.0001410 seconds, Stopping threads took: 0.0000004 seconds
[25.308s][info][gc       ] [SPS 0.000 0.001 0.000 0.007 0.000 0.001 0.000 0.109 0.024 0.141 NewGC_pause2 25.307317 ]
[25.309s][info][safepoint] Application time: 0.0015068 seconds
[25.309s][info][safepoint] Total time for which application threads were stopped: 0.0000701 seconds, Stopping threads took: 0.0000004 seconds
[25.309s][info][gc       ] [SPS 0.000 0.001 0.000 0.007 0.000 0.001 0.000 0.047 0.015 0.070 NewGC_pause3 25.308894 ]
[25.334s][info][safepoint] Application time: 0.0253186 seconds
[25.335s][info][safepoint] Total time for which application threads were stopped: 0.0000927 seconds, Stopping threads took: 0.0000004 seconds
[25.335s][info][gc       ] [SPS 0.000 0.049 0.008 0.006 0.000 0.001 0.000 0.067 0.018 0.093 NewGC_pause4 25.334305 ]
[25.520s][info][gc       ] [GC New Max 44-33 : 6356 6080 5744 6356 - - 835 20 2 2 - : 996 4426 30 292 1548 : 997 7 544 544 18 : 107 202 61 0 406 - 92 : 0.006097 8529.1 0.0 0.587296 534.7 3.4 : 3 --c 0000 : 23 5871 0.000 0.014 0 0.000 0.000 5871 0.000 0.014 : 24.932379 24.935017 0.000180 25.307176 0.000112 25.308824 0.000051 25.334213 0.000070 : 25.519675 ]
[25.520s][info][gc       ] [SYSINFO 8246 192 64 189 7514 0 15 0 0 6939 : - - - - - - - - : 0 7168 : 4.70 2.34 2.23 : 271703 4210676 : 0 0 : 9 0 : 1736 2 0 266 : - 8346435584 574701568 875565056 7201210368 200994816 68259840 : 139826290 21593500 323440 0 0 0 : 25.519964 ]
[25.520s][info][gc       ] [HUGEPAGESTAT 0 0 0 - 55699 0 0 : 301056 0 0 : 25.519964 ]
[25.520s][info][gc       ] [OBJCREAT 22302105 25004 10119168 : 25.520028 ]
[25.520s][info][gc       ] [HMSV All : 1296 594 54 0 0 0 0 0 : 6588 0 0 0 : 25.520047 ]
[25.520s][info][gc       ] [HMSP 1350 : 52516 1188 : 25.520047 ]
[25.521s][info][gc       ] [GPGC-H  3567.9 563.9 12.4 0.0 : 1317.4 : 0.000 0.000 : 0.000 0.000 1.039 3.602 : 0.000 0.000 0.000 0.000 2.971 0.931 : 0.000 : 99.891 : 996 4426 30 0 : 2257 : 5720 5428 : 25.520549 : 3 Heap_use_exceeded_committed ]
[25.521s][info][gc       ] [VMAC 65530 170 300 480 950 : 25.520728 ]
[25.522s][info][safepoint] Application time: 0.1867941 seconds
[25.522s][info][safepoint] Total time for which application threads were stopped: 0.0010407 seconds, Stopping threads took: 0.0001269 seconds
[25.523s][info][gc       ] [SPS 0.000 0.001 0.000 0.009 0.127 0.001 0.001 0.867 0.036 1.041 OldGC_pause2 25.522140 ]
[25.526s][info][safepoint] Application time: 0.0031258 seconds
[25.526s][info][safepoint] Total time for which application threads were stopped: 0.0003072 seconds, Stopping threads took: 0.0001997 seconds
[25.526s][info][gc       ] [SPS 0.000 0.001 0.000 0.007 0.200 0.001 0.000 0.068 0.031 0.307 OldGC_pause3 25.525573 ]
[25.531s][info][safepoint] Application time: 0.0049182 seconds
[25.531s][info][safepoint] Total time for which application threads were stopped: 0.0008118 seconds, Stopping threads took: 0.0006569 seconds
[25.532s][info][gc       ] [SPS 0.000 2.886 0.003 0.010 0.657 0.001 0.000 0.119 0.024 0.812 NewGC_pause1 25.531303 ]
[25.854s][info][safepoint] Application time: 0.3229091 seconds
[25.855s][info][safepoint] Total time for which application threads were stopped: 0.0001702 seconds, Stopping threads took: 0.0000003 seconds
[25.855s][info][gc       ] [SPS 0.000 0.001 0.000 0.005 0.000 0.001 0.000 0.129 0.034 0.170 NewGC_pause2 25.854383 ]
[25.856s][info][safepoint] Application time: 0.0014875 seconds
[25.856s][info][safepoint] Total time for which application threads were stopped: 0.0001382 seconds, Stopping threads took: 0.0000004 seconds
[25.856s][info][gc       ] [SPS 0.000 0.007 0.000 0.006 0.000 0.001 0.000 0.117 0.014 0.138 NewGC_pause3 25.856009 ]
[25.866s][info][safepoint] Application time: 0.0100749 seconds
[25.866s][info][safepoint] Total time for which application threads were stopped: 0.0000585 seconds, Stopping threads took: 0.0000003 seconds
[25.867s][info][gc       ] [SPS 0.000 0.003 0.002 0.005 0.000 0.001 0.000 0.046 0.006 0.059 NewGC_pause4 25.866142 ]
[25.946s][info][gc       ] [GC New Max 45-34 : 6356 5946 5912 6356 - - 835 20 2 2 - : 1026 4564 30 292 1204 : 1065 6 121 121 0 : 69 55 99 0 421 - 92 : 0.005190 0.0 0.0 0.420856 679.6 0.0 : 3 --c 0000 : 23 6197 0.000 0.000 0 0.000 0.000 6197 0.000 0.000 : 25.524865 25.530492 0.000782 25.854213 0.000096 25.855870 0.000120 25.866084 0.000046 : 25.945721 ]
[25.946s][info][gc       ] [SYSINFO 8246 192 64 189 7514 0 15 0 0 6939 : - - - - - - - - : 0 7168 : 4.70 2.34 2.23 : 271703 4210676 : 0 0 : 9 0 : 1736 2 0 266 : - 8346435584 574701568 875565056 7201210368 200994816 68259840 : 139826290 21594970 323590 0 0 0 : 25.946029 ]
[25.946s][info][gc       ] [HUGEPAGESTAT 0 0 0 - 55699 0 0 : 301056 0 0 : 25.946029 ]
[25.946s][info][gc       ] [OBJCREAT 22591313 25004 10260480 : 25.946078 ]
[25.946s][info][gc       ] [HMSV All : 1296 594 54 0 0 0 0 0 : 6588 0 0 0 : 25.946096 ]
[25.946s][info][gc       ] [HMSP 1350 : 52516 1188 : 25.946096 ]
[25.947s][info][gc       ] [VMAC 65530 170 300 480 950 : 25.946815 ]
[25.947s][info][gc       ] [GPGC-H  3543.8 563.9 12.4 0.0 : 1317.4 : 0.000 0.000 : 0.000 0.000 1.026 3.602 : 0.000 0.000 0.000 0.000 2.947 0.931 : 0.000 : 99.888 : 1028 4564 30 0 : 2257 : 5720 5428 : 25.947025 : 3 Heap_use_exceeded_committed ]
[25.962s][info][safepoint] Application time: 0.0953252 seconds
[25.962s][info][safepoint] Total time for which application threads were stopped: 0.0004308 seconds, Stopping threads took: 0.0003431 seconds
[25.962s][info][gc       ] [SPS 0.000 0.010 0.006 0.006 0.343 0.001 0.000 0.066 0.015 0.430 OldGC_pause4 25.961898 ]
[25.964s][info][gc       ] [GC Old Max 42-11 : 6356 6094 4136 6356 - - 835 20 2 2 - : 1044 2770 30 292 4598 : 2781 29 1794 1794 0 : 0 4 526 0 1345 - 55 : 0.174753 1762.5 0.0 2.480322 423.3 0.8 : 1 --c 0000 : 23   -    -    -    -    -    -    -    -    -  : 23.483337 23.489275 0.000149 25.521099 0.000962 25.525266 0.000247 25.961468 0.000411 : 25.963659 ]
[25.964s][info][gc       ] [SYSINFO 8246 192 64 189 7514 0 15 0 0 6939 : - - - - - - - - : 0 7168 : 4.70 2.34 2.23 : 271703 4210676 : 0 0 : 9 0 : 1736 2 0 266 : - 8346435584 574701568 875565056 7201210368 200994816 68259840 : 139826290 21594990 323600 0 0 0 : 25.963852 ]
[25.964s][info][gc       ] [HUGEPAGESTAT 0 0 0 - 55699 0 0 : 301056 0 0 : 25.963852 ]
[25.964s][info][gc       ] [OBJCREAT 22607371 25004 10260480 : 25.963888 ]
[25.964s][info][gc       ] [HMSV All : 1296 594 54 0 0 0 0 0 : 6588 0 0 0 : 25.963903 ]
[25.964s][info][gc       ] [HMSP 1350 : 52516 1188 : 25.963903 ]
[25.964s][info][gc       ] [COMPSTATS 1 : 5 0 : 1 0 : 0 0 : 404 3 0 0 0 0 : 0 0 0 0 0 0 : 99 100 4 : 407 0 0 0 0 0 0 : 407 0 0 0 0 0 0 ]
[25.964s][info][gc       ] [COMPSTATS 2 : 5 0 : 3 0 : 0 0 : 71 7 0 0 0 0 : 0 0 0 0 0 0 : 3542 3566 732 : 59 19 0 0 0 0 0 : 15 55 8 0 0 0 0 ]
[25.964s][info][gc       ] [DEOPTSTATS 1 : 0 0 : 0 0 : 0 0 : 0 0 : 0 1 : 0 0 : 0 0 : 0 0 : 0 0 : 0 0 : 0 0 : 0 0 : 0 0 : 0 0 : 0 0 : 0 0 : 0 0 : 0 0 : 0 0 : 0 0 : 0 0 : 0 0 : 0 0 : 0 0 : 0 0 : 0 0 : 0 0 : 0 0 : 0 0 : 0 0 : 4 0 : 0 0 : 0 0 : 0 0 : 0 0 : 0 0 : 0 0 : 0 0 : 0 0 : 0 0 : 0 0 : 0 0 ]
[25.964s][info][gc       ] [DEOPTSTATS 2 : 0 0 : 0 0 : 0 0 : 0 0 : 0 0 : 0 0 : 0 10 : 0 0 : 0 0 : 0 0 : 0 0 : 0 0 : 0 0 : 0 0 : 0 0 : 0 0 : 0 0 : 0 0 : 0 0 : 0 0 : 0 0 : 0 0 : 0 0 : 0 0 : 0 0 : 0 0 : 0 0 : 0 0 : 0 0 : 0 0 : 3 0 : 0 0 : 0 0 : 0 0 : 0 1 : 0 0 : 0 0 : 0 0 : 0 0 : 0 4 : 0 0 : 0 0 ]
[25.964s][info][gc       ] [CCF 0 0 0 0 19 44032: 2628096 : 380 196608 : 2 32768 : 316 310784 :  406 528384 : 60 95744 : 0 0 : 15 1228800 : 1 2048]
[25.965s][info][gc       ] [VMAC 65530 170 300 480 950 : 25.964558 ]
[26.323s][info][safepoint] Application time: 0.3322386 seconds
[26.323s][info][safepoint] Total time for which application threads were stopped: 0.0286035 seconds, Stopping threads took: 0.0282178 seconds
[26.324s][info][gc       ] [SPS 0.000 0.003 0.007 0.007 28.218 0.002 0.001 0.346 0.030 28.603 NewGC_pause1 26.322740 ]
[26.670s][info][safepoint] Application time: 0.3469382 seconds
[26.670s][info][safepoint] Total time for which application threads were stopped: 0.0001805 seconds, Stopping threads took: 0.0000004 seconds
[26.671s][info][gc       ] [SPS 0.000 0.001 0.000 0.006 0.000 0.001 0.000 0.148 0.025 0.181 NewGC_pause2 26.669860 ]
[26.672s][info][safepoint] Application time: 0.0017073 seconds
[26.672s][info][safepoint] Total time for which application threads were stopped: 0.0000562 seconds, Stopping threads took: 0.0000004 seconds
[26.672s][info][gc       ] [SPS 0.000 0.001 0.000 0.006 0.000 0.001 0.000 0.045 0.004 0.056 NewGC_pause3 26.671623 ]
[26.681s][info][safepoint] Application time: 0.0096704 seconds
[26.682s][info][safepoint] Total time for which application threads were stopped: 0.0000709 seconds, Stopping threads took: 0.0000003 seconds
[26.682s][info][gc       ] [SPS 0.000 0.003 0.002 0.006 0.000 0.001 0.000 0.041 0.023 0.071 NewGC_pause4 26.681364 ]
[26.745s][info][gc       ] [GC New Max 46-35 : 6356 5926 5858 6356 - - 835 20 2 2 - : 2724 2812 30 292 2768 : 2512 15 248 248 0 : 21 95 817 0 1230 - 132 : 0.006066 1318.9 0.0 0.792862 2467.0 0.0 : 3 --c 0000 : 23 2923 0.000 0.000 0 0.000 0.000 2923 0.000 0.000 : 25.951786 26.294137 0.028542 26.669679 0.000099 26.671567 0.000046 26.681293 0.000043 : 26.744648 ]
[26.745s][info][gc       ] [SYSINFO 8247 192 64 239 7464 0 15 0 0 6939 : - - - - - - - - : 0 7168 : 4.70 2.34 2.23 : 271703 4210676 : 0 0 : 9 0 : 1736 2 0 266 : - 8346435584 574701568 875565056 7201210368 200994816 68259840 : 139826290 21597000 323740 0 0 0 : 26.744965 ]
[26.745s][info][gc       ] [HUGEPAGESTAT 0 0 0 - 55699 0 0 : 301056 0 0 : 26.744965 ]
[26.745s][info][gc       ] [OBJCREAT 24538207 25004 10303488 : 26.745029 ]
[26.745s][info][gc       ] [HMSV All : 1446 744 61 0 0 0 0 0 : 6588 0 0 0 : 26.745052 ]
[26.745s][info][gc       ] [HMSP 1500 : 52516 1488 : 26.745052 ]
[26.746s][info][gc       ] [VMAC 65530 170 402 480 1052 : 26.745830 ]
[26.746s][info][gc       ] [GPGC-H  3666.6 563.9 12.4 0.0 : 1317.4 : 0.000 0.000 : 0.000 0.000 1.017 3.473 : 0.000 0.000 0.000 0.000 2.898 1.143 : 0.000 : 99.883 : 2738 2812 30 0 : 2257 : 5720 5428 : 26.745992 : 3 Heap_use_exceeded_committed ]
[26.753s][info][safepoint] Application time: 0.0712923 seconds
[26.753s][info][safepoint] Total time for which application threads were stopped: 0.0002411 seconds, Stopping threads took: 0.0000003 seconds
[26.753s][info][gc       ] [SPS 0.000 0.001 0.005 0.005 0.000 0.001 0.000 0.211 0.024 0.241 NewGC_pause1 26.752898 ]
[27.407s][info][safepoint] Application time: 0.6540799 seconds
[27.407s][info][safepoint] Total time for which application threads were stopped: 0.0001730 seconds, Stopping threads took: 0.0000004 seconds
[27.408s][info][gc       ] [SPS 0.000 0.001 0.000 0.005 0.000 0.001 0.000 0.142 0.024 0.173 NewGC_pause2 27.407151 ]
[27.409s][info][safepoint] Application time: 0.0015944 seconds
[27.409s][info][safepoint] Total time for which application threads were stopped: 0.0000651 seconds, Stopping threads took: 0.0000004 seconds
[27.409s][info][gc       ] [SPS 0.000 0.000 0.000 0.006 0.000 0.001 0.000 0.054 0.004 0.065 NewGC_pause3 27.408810 ]
[27.429s][info][safepoint] Application time: 0.0201345 seconds
[27.430s][info][safepoint] Total time for which application threads were stopped: 0.0001610 seconds, Stopping threads took: 0.0000004 seconds
[27.430s][info][gc       ] [SPS 0.000 0.006 0.005 0.006 0.000 0.001 0.000 0.129 0.024 0.161 NewGC_pause4 27.429106 ]
[27.607s][info][gc       ] [GC NTO Max 47-36 : 6356 6112 5760 6356 - - 835 20 2 2 - : 2482 2956 30 292 2978 : 1942 6 1029 1029 422 : 72 231 115 0 1124 - 117 : 0.001873 10676.4 0.0 0.859647 570.0 0.0 : 3 --c 0000 : 23 10925 0.000 0.003 0 0.000 0.000 10925 0.000 0.003 : 26.746522 26.752657 0.000142 27.406978 0.000049 27.408745 0.000055 27.428945 0.000095 : 27.606169 ]
[27.607s][info][gc       ] [SYSINFO 8247 192 64 239 7464 0 15 0 0 6939 : - - - - - - - - : 0 7168 : 4.57 2.35 2.23 : 271703 4210676 : 0 0 : 9 0 : 1736 3 0 266 : - 8346435584 574701568 875565056 7201210368 200994816 68259840 : 139826290 21600160 323850 0 0 0 : 27.606483 ]
[27.607s][info][gc       ] [HUGEPAGESTAT 0 0 0 - 55699 0 0 : 301056 0 0 : 27.606483 ]
[27.607s][info][gc       ] [OBJCREAT 25054981 25068 10450944 : 27.606535 ]
[27.607s][info][gc       ] [HMSV All : 1446 744 62 0 0 0 0 0 : 6588 0 0 0 : 27.606556 ]
[27.607s][info][gc       ] [HMSP 1500 : 52516 1488 : 27.606556 ]
[27.607s][info][gc       ] [GPGC-H  3673.4 526.3 11.2 0.0 : 1196.3 : 0.000 0.000 : 0.000 0.000 1.010 3.473 : 0.000 0.000 0.000 0.000 2.850 1.143 : 0.000 : 99.879 : 2482 2956 30 0 : 2257 : 5720 5428 : 27.607217 : 3 Heap_use_exceeded_committed ]
[27.607s][info][gc       ] [VMAC 65530 170 402 480 1052 : 27.607452 ]
[27.616s][info][safepoint] Application time: 0.1862251 seconds
[27.616s][info][safepoint] Total time for which application threads were stopped: 0.0005372 seconds, Stopping threads took: 0.0003066 seconds
[27.616s][info][gc       ] [SPS 0.000 0.026 0.005 0.007 0.307 0.001 0.000 0.188 0.035 0.537 NewGC_pause1 27.615869 ]
[28.072s][info][safepoint] Application time: 0.4550720 seconds
[28.072s][info][safepoint] Total time for which application threads were stopped: 0.0006247 seconds, Stopping threads took: 0.0000004 seconds
[28.072s][info][gc       ] [SPS 0.000 0.002 0.000 0.007 0.000 0.001 0.000 0.585 0.048 0.641 OldGC_pause2 28.071582 ]
[28.074s][info][safepoint] Application time: 0.0020019 seconds
[28.074s][info][safepoint] Total time for which application threads were stopped: 0.0000485 seconds, Stopping threads took: 0.0000004 seconds
[28.074s][info][gc       ] [SPS 0.000 0.001 0.000 0.007 0.000 0.001 0.000 0.037 0.003 0.048 OldGC_pause3 28.073632 ]
[28.281s][info][safepoint] Application time: 0.2067405 seconds
[28.281s][info][safepoint] Total time for which application threads were stopped: 0.0001420 seconds, Stopping threads took: 0.0000004 seconds
[28.281s][info][gc       ] [SPS 0.000 0.001 0.000 0.005 0.000 0.001 0.000 0.115 0.021 0.142 NewGC_pause2 28.280515 ]
[28.282s][info][safepoint] Application time: 0.0014208 seconds
[28.282s][info][safepoint] Total time for which application threads were stopped: 0.0000546 seconds, Stopping threads took: 0.0000004 seconds
[28.283s][info][gc       ] [SPS 0.000 0.000 0.000 0.006 0.000 0.001 0.000 0.035 0.013 0.055 NewGC_pause3 28.281990 ]
[28.302s][info][safepoint] Application time: 0.0197289 seconds
[28.302s][info][safepoint] Total time for which application threads were stopped: 0.0001671 seconds, Stopping threads took: 0.0000003 seconds
[28.302s][info][gc       ] [SPS 0.000 0.003 0.004 0.005 0.000 0.008 0.000 0.129 0.025 0.167 NewGC_pause4 28.301886 ]
[28.577s][info][gc       ] [GC New Max 49-37 : 6356 6060 5918 6356 - - 835 20 2 2 - : 2206 3390 30 292 2782 : 2130 6 638 638 314 : 217 135 147 0 1041 - 62 : 0.005406 0.0 0.0 0.965588 495.0 0.0 : 3 --c 0000 : 23 12184 0.000 0.000 0 0.000 0.000 12184 0.000 0.000 : 27.611575 27.615331 0.000459 28.280373 0.000082 28.281936 0.000038 28.301720 0.000055 : 28.577162 ]
[28.577s][info][gc       ] [SYSINFO 8247 192 64 239 7464 0 15 0 0 6939 : - - - - - - - - : 0 7168 : 4.57 2.35 2.23 : 271703 4210676 : 0 0 : 9 0 : 1736 2 0 266 : - 8346435584 574701568 875565056 7201210368 200994816 68259840 : 139826290 21603840 323890 0 0 0 : 28.577393 ]
[28.577s][info][gc       ] [HUGEPAGESTAT 0 0 0 - 55699 0 0 : 301056 0 0 : 28.577393 ]
[28.577s][info][gc       ] [OBJCREAT 25540823 25068 10895360 : 28.577437 ]
[28.577s][info][gc       ] [HMSV All : 1446 744 62 0 0 0 0 0 : 6588 0 0 0 : 28.577456 ]
[28.577s][info][gc       ] [HMSP 1500 : 52516 1488 : 28.577456 ]
[28.578s][info][gc       ] [GPGC-H  3571.9 526.3 11.2 0.0 : 1196.3 : 0.000 0.000 : 0.000 0.000 1.004 3.473 : 0.000 0.000 0.000 0.000 2.805 1.143 : 0.000 : 99.878 : 2216 3390 30 0 : 2257 : 5720 5428 : 28.578084 : 3 Heap_use_exceeded_committed ]
[28.578s][info][gc       ] [VMAC 65530 170 402 480 1052 : 28.578120 ]
[28.581s][info][safepoint] Application time: 0.2788010 seconds
[28.581s][info][safepoint] Total time for which application threads were stopped: 0.0001222 seconds, Stopping threads took: 0.0000004 seconds
[28.581s][info][gc       ] [SPS 0.000 0.002 0.005 0.006 0.000 0.001 0.000 0.092 0.022 0.122 OldGC_pause4 28.580810 ]
[28.586s][info][safepoint] Application time: 0.0051481 seconds
[28.587s][info][safepoint] Total time for which application threads were stopped: 0.0004728 seconds, Stopping threads took: 0.0000004 seconds
[28.587s][info][gc       ] [SPS 0.000 0.244 0.002 0.012 0.000 0.001 0.001 0.439 0.019 0.473 NewGC_pause1 28.586431 ]
[28.711s][info][gc       ] [GC Old Max 48-12 : 6356 6112 4812 6356 - - 835 20 2 2 - : 2896 1598 26 292 3422 : 1526 11 1868 1868 0 : 0 8 289 0 757 - 55 : 0.785071 53.5 0.0 1.961805 294.6 0.0 : 1 --c 0000 : 23   -    -    -    -    -    -    -    -    -  : 26.748731 26.752657 0.000142 28.070941 0.000587 28.073584 0.000041 28.580688 0.000045 : 28.710536 ]
[28.711s][info][gc       ] [SYSINFO 8247 192 64 239 7464 0 15 0 0 6939 : - - - - - - - - : 0 7168 : 4.57 2.35 2.23 : 271703 4210676 : 0 0 : 9 0 : 1736 5 0 266 : - 8346435584 574701568 875565056 7201210368 200994816 68259840 : 139826290 21604330 323940 0 0 0 : 28.710802 ]
[28.711s][info][gc       ] [HUGEPAGESTAT 0 0 0 - 55699 0 0 : 301056 0 0 : 28.710802 ]
[28.711s][info][gc       ] [OBJCREAT 26225436 25068 10895360 : 28.710851 ]
[28.711s][info][gc       ] [HMSV All : 1446 744 63 0 0 0 0 0 : 6588 0 0 0 : 28.710870 ]
[28.711s][info][gc       ] [HMSP 1500 : 52516 1488 : 28.710870 ]
[28.711s][info][gc       ] [COMPSTATS 1 : 5 0 : 1 0 : 0 0 : 404 3 0 0 0 0 : 0 0 0 0 0 0 : 99 100 4 : 407 0 0 0 0 0 0 : 407 0 0 0 0 0 0 ]
[28.711s][info][gc       ] [COMPSTATS 2 : 5 0 : 3 0 : 0 0 : 71 7 0 0 0 0 : 0 0 0 0 0 0 : 3542 3566 732 : 59 19 0 0 0 0 0 : 15 55 8 0 0 0 0 ]
[28.711s][info][gc       ] [DEOPTSTATS 1 : 0 0 : 0 0 : 0 0 : 0 0 : 0 1 : 0 0 : 0 0 : 0 0 : 0 0 : 0 0 : 0 0 : 0 0 : 0 0 : 0 0 : 0 0 : 0 0 : 0 0 : 0 0 : 0 0 : 0 0 : 0 0 : 0 0 : 0 0 : 0 0 : 0 0 : 0 0 : 0 0 : 0 0 : 0 0 : 0 0 : 4 0 : 0 0 : 0 0 : 0 0 : 0 0 : 0 0 : 0 0 : 0 0 : 0 0 : 0 0 : 0 0 : 0 0 ]
[28.711s][info][gc       ] [DEOPTSTATS 2 : 0 0 : 0 0 : 0 0 : 0 0 : 0 0 : 0 0 : 0 10 : 0 0 : 0 0 : 0 0 : 0 0 : 0 0 : 0 0 : 0 0 : 0 0 : 0 0 : 0 0 : 0 0 : 0 0 : 0 0 : 0 0 : 0 0 : 0 0 : 0 0 : 0 0 : 0 0 : 0 0 : 0 0 : 0 0 : 0 0 : 3 0 : 0 0 : 0 0 : 0 0 : 0 1 : 0 0 : 0 0 : 0 0 : 0 0 : 0 4 : 0 0 : 0 0 ]
[28.712s][info][gc       ] [VMAC 65530 170 402 480 1052 : 28.711645 ]
[28.712s][info][gc       ] [CCF 0 0 0 0 19 44032: 2628096 : 380 196608 : 2 32768 : 316 310784 :  406 528384 : 60 95744 : 0 0 : 15 1228800 : 1 2048]
[29.301s][info][safepoint] Application time: 0.7148403 seconds
[29.302s][info][safepoint] Total time for which application threads were stopped: 0.0000846 seconds, Stopping threads took: 0.0000004 seconds
[29.302s][info][gc       ] [SPS 0.000 0.001 0.000 0.006 0.000 0.001 0.001 0.053 0.024 0.085 NewGC_pause2 29.301356 ]
[29.303s][info][safepoint] Application time: 0.0014781 seconds
[29.303s][info][safepoint] Total time for which application threads were stopped: 0.0000488 seconds, Stopping threads took: 0.0000004 seconds
[29.303s][info][gc       ] [SPS 0.000 0.000 0.000 0.005 0.000 0.001 0.000 0.039 0.003 0.049 NewGC_pause3 29.302883 ]
[29.318s][info][safepoint] Application time: 0.0146973 seconds
[29.318s][info][safepoint] Total time for which application threads were stopped: 0.0001440 seconds, Stopping threads took: 0.0000003 seconds
[29.319s][info][gc       ] [SPS 0.000 0.004 0.008 0.005 0.000 0.001 0.001 0.127 0.010 0.144 NewGC_pause4 29.317725 ]
[29.463s][info][gc       ] [GC New Max 50-38 : 6356 5932 5912 6356 - - 835 20 2 2 - : 3758 1836 26 292 3958 : 3287 16 652 652 589 : 119 0 833 0 1752 - 127 : 0.005184 10802.2 0.0 0.880711 2039.3 0.0 : 3 --c 0000 : 23 3367 0.000 0.001 0 0.000 0.000 3367 0.000 0.001 : 28.582346 28.585958 0.000361 29.301271 0.000047 29.302834 0.000041 29.317581 0.000051 : 29.463057 ]
[29.463s][info][gc       ] [SYSINFO 8247 192 64 239 7464 0 15 0 0 6939 : - - - - - - - - : 0 7168 : 4.57 2.35 2.23 : 271703 4210676 : 0 0 : 9 0 : 1736 2 0 266 : - 8346435584 574701568 875565056 7201210368 200994816 68259840 : 139826290 21607280 323960 0 0 0 : 29.463336 ]
[29.463s][info][gc       ] [HUGEPAGESTAT 0 0 0 - 55699 0 0 : 301056 0 0 : 29.463336 ]
[29.463s][info][gc       ] [OBJCREAT 27378512 25068 11139072 : 29.463388 ]
[29.463s][info][gc       ] [HMSV All : 1446 744 69 0 0 0 0 0 : 6588 0 0 0 : 29.463406 ]
[29.463s][info][gc       ] [HMSP 1500 : 52516 1488 : 29.463406 ]
[29.464s][info][gc       ] [GPGC-H  3572.7 526.3 11.2 0.0 : 1196.3 : 0.000 0.000 : 0.000 0.000 0.997 3.292 : 0.000 0.000 0.000 0.000 2.772 1.132 : 0.000 : 99.877 : 3770 1836 26 0 : 2257 : 5720 5428 : 29.464083 : 3 Heap_use_exceeded_committed ]
[29.464s][info][gc       ] [VMAC 65530 170 402 480 1052 : 29.464181 ]
[29.471s][info][safepoint] Application time: 0.1527036 seconds
[29.471s][info][safepoint] Total time for which application threads were stopped: 0.0002242 seconds, Stopping threads took: 0.0000005 seconds
[29.471s][info][gc       ] [SPS 0.000 0.001 0.005 0.006 0.000 0.001 0.000 0.190 0.027 0.224 NewGC_pause1 29.470652 ]
[30.309s][info][safepoint] Application time: 0.8384629 seconds
[30.310s][info][safepoint] Total time for which application threads were stopped: 0.0001889 seconds, Stopping threads took: 0.0000004 seconds
[30.310s][info][gc       ] [SPS 0.000 0.001 0.000 0.006 0.000 0.001 0.000 0.150 0.032 0.189 NewGC_pause2 30.309304 ]
[30.312s][info][safepoint] Application time: 0.0022717 seconds
[30.312s][info][safepoint] Total time for which application threads were stopped: 0.0002391 seconds, Stopping threads took: 0.0000004 seconds
[30.312s][info][gc       ] [SPS 0.000 0.000 0.000 0.006 0.000 0.001 0.000 0.169 0.063 0.239 NewGC_pause3 30.311815 ]
[30.315s][info][safepoint] Application time: 0.0022831 seconds
[30.315s][info][safepoint] Total time for which application threads were stopped: 0.0006427 seconds, Stopping threads took: 0.0000004 seconds
[30.315s][info][gc       ] [SPS 0.000 0.000 0.000 0.007 0.000 0.001 0.000 0.618 0.016 0.643 OldGC_pause2 30.314741 ]
[30.317s][info][safepoint] Application time: 0.0019973 seconds
[30.317s][info][safepoint] Total time for which application threads were stopped: 0.0000742 seconds, Stopping threads took: 0.0000100 seconds
[30.317s][info][gc       ] [SPS 0.000 0.001 0.000 0.007 0.010 0.001 0.000 0.040 0.016 0.074 OldGC_pause3 30.316813 ]
[30.327s][info][safepoint] Application time: 0.0103213 seconds
[30.327s][info][safepoint] Total time for which application threads were stopped: 0.0000846 seconds, Stopping threads took: 0.0000003 seconds
[30.328s][info][gc       ] [SPS 0.000 0.002 0.005 0.021 0.000 0.001 0.000 0.043 0.020 0.085 NewGC_pause4 30.327219 ]
[30.520s][info][gc       ] [GC NTO Max 51-39 : 6356 6178 5890 6356 - - 835 20 2 2 - : 3250 2320 28 292 4024 : 2396 8 1618 1618 1288 : 242 0 123 0 1542 - 83 : 0.001307 12243.8 0.0 1.055384 272.9 1.9 : 3 --c 0000 : 23 7831 0.000 0.099 0 0.000 0.000 7831 0.000 0.099 : 29.464364 29.470428 0.000136 30.309115 0.000064 30.311576 0.000051 30.327134 0.000061 : 30.519748 ]
[30.520s][info][gc       ] [SYSINFO 8247 192 64 239 7464 0 15 0 0 6939 : - - - - - - - - : 0 7168 : 4.57 2.35 2.23 : 271703 4210676 : 0 0 : 9 0 : 1736 2 0 266 : - 8346435584 574701568 875565056 7201210368 200994816 68259840 : 139826290 21611050 324070 0 0 0 : 30.520049 ]
[30.520s][info][gc       ] [HUGEPAGESTAT 0 0 0 - 55699 0 0 : 301056 0 0 : 30.520049 ]
[30.520s][info][gc       ] [OBJCREAT 27684131 25068 11634688 : 30.520103 ]
[30.520s][info][gc       ] [HMSV All : 1446 744 70 0 0 0 0 0 : 6588 0 0 0 : 30.520120 ]
[30.520s][info][gc       ] [HMSP 1500 : 52516 1488 : 30.520120 ]
[30.521s][info][gc       ] [GPGC-H  3442.2 510.0 9.8 0.0 : 1045.6 : 0.000 0.000 : 0.000 0.000 0.996 3.292 : 0.000 0.000 0.000 0.000 2.772 1.132 : 0.000 : 99.877 : 3250 2320 28 0 : 2257 : 5720 5428 : 30.521086 : 3 Heap_use_exceeded_committed ]
[30.521s][info][gc       ] [VMAC 65530 170 402 480 1052 : 30.520961 ]
[30.525s][info][safepoint] Application time: 0.1972443 seconds
[30.525s][info][safepoint] Total time for which application threads were stopped: 0.0005067 seconds, Stopping threads took: 0.0003035 seconds
[30.526s][info][gc       ] [SPS 0.000 0.002 0.002 0.007 0.303 0.001 0.000 0.146 0.049 0.507 OldGC_pause4 30.524970 ]
[30.526s][info][gc       ] [GC Old Max 52-13 : 6356 6178 4300 6356 - - 835 20 2 2 - : 3250 730 28 292 2350 : 749 13 1593 1593 0 : 0 3 243 0 379 - 0 : 0.756209 314.7 0.0 1.058544 457.2 1.9 : 1 --c 0000 : 23   -    -    -    -    -    -    -    -    -  : 29.466745 29.470428 0.000136 30.314098 0.000621 30.316739 0.000052 30.524463 0.000391 : 30.525289 ]
[30.526s][info][gc       ] [SYSINFO 8247 192 64 239 7464 0 15 0 0 6939 : - - - - - - - - : 0 7168 : 4.57 2.35 2.23 : 271703 4210676 : 0 0 : 9 0 : 1736 2 0 266 : - 8346435584 574701568 875565056 7201210368 200994816 68259840 : 139826290 21611050 324070 0 0 0 : 30.525510 ]
[30.526s][info][gc       ] [HUGEPAGESTAT 0 0 0 - 55699 0 0 : 301056 0 0 : 30.525510 ]
[30.526s][info][gc       ] [OBJCREAT 27684131 25068 11634688 : 30.525555 ]
[30.526s][info][gc       ] [HMSV All : 1446 744 70 0 0 0 0 0 : 6588 0 0 0 : 30.525573 ]
[30.526s][info][gc       ] [HMSP 1500 : 52516 1488 : 30.525573 ]
[30.526s][info][gc       ] [COMPSTATS 1 : 5 0 : 1 0 : 0 0 : 404 3 0 0 0 0 : 0 0 0 0 0 0 : 99 100 4 : 407 0 0 0 0 0 0 : 407 0 0 0 0 0 0 ]
[30.526s][info][gc       ] [COMPSTATS 2 : 5 0 : 1 0 : 0 0 : 72 7 0 0 0 0 : 0 0 0 0 0 0 : 3558 3582 732 : 60 19 0 0 0 0 0 : 15 56 8 0 0 0 0 ]
[30.526s][info][gc       ] [DEOPTSTATS 1 : 0 0 : 0 0 : 0 0 : 0 0 : 0 1 : 0 0 : 0 0 : 0 0 : 0 0 : 0 0 : 0 0 : 0 0 : 0 0 : 0 0 : 0 0 : 0 0 : 0 0 : 0 0 : 0 0 : 0 0 : 0 0 : 0 0 : 0 0 : 0 0 : 0 0 : 0 0 : 0 0 : 0 0 : 0 0 : 0 0 : 4 0 : 0 0 : 0 0 : 0 0 : 0 0 : 0 0 : 0 0 : 0 0 : 0 0 : 0 0 : 0 0 : 0 0 ]
[30.526s][info][gc       ] [DEOPTSTATS 2 : 0 0 : 0 0 : 0 0 : 0 0 : 0 0 : 0 0 : 0 10 : 0 0 : 0 0 : 0 0 : 0 0 : 0 0 : 0 0 : 0 0 : 0 0 : 0 0 : 0 0 : 0 0 : 0 0 : 0 0 : 0 0 : 0 0 : 0 0 : 0 0 : 0 0 : 0 0 : 0 0 : 0 0 : 0 0 : 0 0 : 3 0 : 0 0 : 0 0 : 0 0 : 0 1 : 0 0 : 0 0 : 0 0 : 0 0 : 0 4 : 0 0 : 0 0 ]
[30.527s][info][gc       ] [CCF 0 0 0 0 19 44032: 2629120 : 380 196608 : 2 32768 : 316 310784 :  406 528384 : 61 96768 : 0 0 : 15 1228800 : 1 2048]
[30.526s][info][gc       ] [VMAC 65530 170 402 480 1052 : 30.526440 ]
[30.530s][info][safepoint] Application time: 0.0043904 seconds
[30.530s][info][safepoint] Total time for which application threads were stopped: 0.0003991 seconds, Stopping threads took: 0.0002229 seconds
[30.530s][info][gc       ] [SPS 0.000 0.002 0.002 0.007 0.223 0.001 0.000 0.121 0.048 0.399 NewGC_pause1 30.529760 ]
[31.160s][info][safepoint] Application time: 0.6301491 seconds
[31.161s][info][safepoint] Total time for which application threads were stopped: 0.0001544 seconds, Stopping threads took: 0.0000004 seconds
[31.161s][info][gc       ] [SPS 0.000 0.001 0.000 0.005 0.000 0.001 0.000 0.136 0.012 0.154 NewGC_pause2 31.160063 ]
[31.162s][info][safepoint] Application time: 0.0017397 seconds
[31.162s][info][safepoint] Total time for which application threads were stopped: 0.0001237 seconds, Stopping threads took: 0.0000004 seconds
[31.162s][info][gc       ] [SPS 0.000 0.000 0.000 0.005 0.000 0.001 0.000 0.106 0.012 0.124 NewGC_pause3 31.161926 ]
[31.178s][info][safepoint] Application time: 0.0157943 seconds
[31.178s][info][safepoint] Total time for which application threads were stopped: 0.0001367 seconds, Stopping threads took: 0.0000003 seconds
[31.179s][info][gc       ] [SPS 0.000 0.003 0.002 0.004 0.000 0.001 0.000 0.117 0.014 0.137 NewGC_pause4 31.177858 ]
[31.387s][info][gc       ] [GC New Max 53-40 : 6356 6036 5888 6356 - - 835 20 2 2 - : 4270 1298 28 292 4986 : 3551 12 1420 1420 1109 : 284 0 865 0 1990 - 145 : 0.005995 0.0 0.0 0.861156 2201.7 0.0 : 3 --c 0000 : 23 10309 0.000 0.000 0 0.000 0.000 10309 0.000 0.000 : 30.525743 30.529360 0.000327 31.159909 0.000139 31.161803 0.000109 31.177721 0.000118 : 31.386900 ]
[31.387s][info][gc       ] [SYSINFO 8247 192 64 239 7464 0 15 0 0 6939 : - - - - - - - - : 0 7168 : 4.57 2.35 2.23 : 271703 4210676 : 0 0 : 9 0 : 1736 2 0 266 : - 8346435584 574701568 875565056 7201210368 200994816 68259840 : 139826290 21614180 324100 0 0 0 : 31.387184 ]
[31.387s][info][gc       ] [HUGEPAGESTAT 0 0 0 - 55699 0 0 : 301056 0 0 : 31.387184 ]
[31.387s][info][gc       ] [OBJCREAT 29577332 25068 12216320 : 31.387236 ]
[31.387s][info][gc       ] [HMSV All : 1446 744 72 0 0 0 0 0 : 6588 0 0 0 : 31.387253 ]
[31.387s][info][gc       ] [HMSP 1500 : 52516 1488 : 31.387253 ]
[31.388s][info][gc       ] [GPGC-H  3681.2 510.0 9.8 0.0 : 1045.6 : 0.000 0.000 : 0.000 0.000 0.988 3.113 : 0.000 0.000 0.000 0.000 2.767 1.114 : 0.000 : 99.873 : 4282 1298 28 0 : 2257 : 5720 5428 : 31.388065 : 3 Heap_use_exceeded_committed ]
[31.388s][info][gc       ] [VMAC 65530 170 402 480 1052 : 31.388145 ]
[31.394s][info][safepoint] Application time: 0.2155688 seconds
[31.394s][info][safepoint] Total time for which application threads were stopped: 0.0002290 seconds, Stopping threads took: 0.0000005 seconds
[31.394s][info][gc       ] [SPS 0.000 0.001 0.005 0.007 0.000 0.001 0.001 0.190 0.030 0.229 NewGC_pause1 31.393656 ]
[32.271s][info][safepoint] Application time: 0.8770211 seconds
[32.272s][info][safepoint] Total time for which application threads were stopped: 0.0002106 seconds, Stopping threads took: 0.0000004 seconds
[32.272s][info][gc       ] [SPS 0.000 0.001 0.000 0.005 0.000 0.001 0.000 0.168 0.036 0.211 NewGC_pause2 32.270888 ]
[32.273s][info][safepoint] Application time: 0.0024074 seconds
[32.274s][info][safepoint] Total time for which application threads were stopped: 0.0000636 seconds, Stopping threads took: 0.0000004 seconds
[32.274s][info][gc       ] [SPS 0.000 0.000 0.000 0.005 0.000 0.001 0.000 0.053 0.003 0.063 NewGC_pause3 32.273358 ]
[32.290s][info][safepoint] Application time: 0.0166238 seconds
[32.291s][info][safepoint] Total time for which application threads were stopped: 0.0001808 seconds, Stopping threads took: 0.0000004 seconds
[32.291s][info][gc       ] [SPS 0.000 0.012 0.023 0.012 0.000 0.001 0.000 0.144 0.024 0.181 NewGC_pause4 32.290164 ]
[32.594s][info][gc       ] [GC NTO Max 54-41 : 6356 6178 5728 6356 - - 835 20 2 2 - : 3494 1914 28 292 4560 : 2412 10 2137 2137 1411 : 308 0 134 0 1655 - 92 : 0.001471 10875.8 0.0 1.205721 456.2 0.0 : 3 --c 0000 : 23 10159 0.000 0.012 0 0.000 0.000 10159 0.000 0.012 : 31.388371 31.393427 0.000146 32.270677 0.000125 32.273295 0.000055 32.289983 0.000060 : 32.594091 ]
[32.594s][info][gc       ] [SYSINFO 8247 192 64 239 7464 0 15 0 0 6939 : - - - - - - - - : 0 7168 : 4.44 2.36 2.24 : 271703 4210728 : 0 0 : 14 0 : 1736 3 0 266 : - 8346435584 574701568 875565056 7201210368 200994816 68259840 : 139826290 21618440 324130 0 0 0 : 32.594362 ]
[32.594s][info][gc       ] [HUGEPAGESTAT 0 0 0 - 55699 0 0 : 301056 0 0 : 32.594362 ]
[32.594s][info][gc       ] [OBJCREAT 30147946 25132 12847104 : 32.594414 ]
[32.594s][info][gc       ] [HMSV All : 1446 744 73 0 0 0 0 0 : 6588 0 0 0 : 32.594436 ]
[32.594s][info][gc       ] [HMSP 1500 : 52516 1488 : 32.594436 ]
[32.595s][info][gc       ] [GPGC-H  3643.8 570.9 8.9 0.0 : 950.0 : 0.000 0.000 : 0.000 0.000 1.037 3.113 : 0.000 0.000 0.000 0.000 2.809 1.114 : 0.000 : 99.878 : 3494 1914 28 0 : 2257 : 5720 5428 : 32.595179 : 3 Heap_use_exceeded_committed ]
[32.595s][info][gc       ] [VMAC 65530 170 402 480 1052 : 32.595266 ]
[32.604s][info][safepoint] Application time: 0.3129800 seconds
[32.604s][info][safepoint] Total time for which application threads were stopped: 0.0003377 seconds, Stopping threads took: 0.0001041 seconds
[32.604s][info][gc       ] [SPS 0.000 0.009 0.007 0.007 0.104 0.001 0.000 0.185 0.040 0.338 NewGC_pause1 32.603481 ]
[32.943s][info][safepoint] Application time: 0.3387635 seconds
[32.944s][info][safepoint] Total time for which application threads were stopped: 0.0009942 seconds, Stopping threads took: 0.0000004 seconds
[32.944s][info][gc       ] [SPS 0.000 0.001 0.000 0.007 0.000 0.001 0.000 0.941 0.045 0.994 OldGC_pause2 32.943239 ]
[32.947s][info][safepoint] Application time: 0.0039964 seconds
[32.947s][info][safepoint] Total time for which application threads were stopped: 0.0000806 seconds, Stopping threads took: 0.0000004 seconds
[32.948s][info][gc       ] [SPS 0.000 0.001 0.000 0.008 0.000 0.001 0.000 0.054 0.018 0.080 OldGC_pause3 32.947316 ]
[33.290s][info][safepoint] Application time: 0.3422397 seconds
[33.290s][info][safepoint] Total time for which application threads were stopped: 0.0001800 seconds, Stopping threads took: 0.0000335 seconds
[33.291s][info][gc       ] [SPS 0.000 0.001 0.000 0.007 0.033 0.001 0.000 0.132 0.006 0.180 NewGC_pause2 33.289736 ]
[33.291s][info][safepoint] Application time: 0.0014904 seconds
[33.291s][info][safepoint] Total time for which application threads were stopped: 0.0000753 seconds, Stopping threads took: 0.0000082 seconds
[33.292s][info][gc       ] [SPS 0.000 0.000 0.000 0.006 0.008 0.001 0.000 0.046 0.014 0.075 NewGC_pause3 33.291302 ]
[33.308s][info][safepoint] Application time: 0.0169261 seconds
[33.309s][info][safepoint] Total time for which application threads were stopped: 0.0001891 seconds, Stopping threads took: 0.0000322 seconds
[33.309s][info][gc       ] [SPS 0.000 0.004 0.009 0.007 0.032 0.001 0.000 0.140 0.009 0.189 NewGC_pause4 33.308417 ]
[33.438s][info][gc       ] [GC New Max 56-42 : 6356 6106 6036 6356 - - 835 20 2 2 - : 3584 2132 28 292 3854 : 2200 11 1638 1638 1556 : 109 0 177 1 1700 - 92 : 0.005545 0.0 0.0 0.837587 460.8 0.0 : 3 --c 0000 : 23 8740 0.000 0.000 0 0.000 0.000 8740 0.000 0.000 : 32.599637 32.603144 0.000240 33.289556 0.000080 33.291227 0.000056 33.308228 0.000085 : 33.437223 ]
[33.438s][info][gc       ] [SYSINFO 8247 192 64 239 7464 0 15 0 0 6939 : - - - - - - - - : 0 7168 : 4.44 2.36 2.24 : 271703 4210728 : 0 0 : 14 0 : 1736 2 0 266 : - 8346435584 574701568 875565056 7201210368 200994816 68259840 : 139826290 21621910 324220 0 0 0 : 33.437484 ]
[33.438s][info][gc       ] [HUGEPAGESTAT 0 0 0 - 55699 0 0 : 301056 0 0 : 33.437484 ]
[33.438s][info][gc       ] [OBJCREAT 30539345 25132 13070336 : 33.437532 ]
[33.438s][info][gc       ] [HMSV All : 1446 744 73 0 0 0 0 0 : 6588 0 0 0 : 33.437554 ]
[33.438s][info][gc       ] [HMSP 1500 : 52516 1488 : 33.437554 ]
[33.438s][info][gc       ] [GPGC-H  3512.2 570.9 8.9 0.0 : 950.0 : 0.000 0.000 : 0.000 0.000 1.027 3.113 : 0.000 0.000 0.000 0.000 2.808 1.114 : 0.000 : 99.876 : 3586 2132 28 0 : 2257 : 5720 5428 : 33.438290 : 3 Heap_use_exceeded_committed ]
[33.438s][info][gc       ] [VMAC 65530 170 402 480 1052 : 33.438440 ]
[33.623s][info][safepoint] Application time: 0.2041151 seconds
[33.623s][info][safepoint] Total time for which application threads were stopped: 0.1101786 seconds, Stopping threads took: 0.1100549 seconds
[33.623s][info][gc       ] [SPS 0.000 0.003 0.005 0.006 110.055 0.007 0.001 0.070 0.038 110.179 OldGC_pause4 33.622711 ]
[33.625s][info][gc       ] [GC Old Max 55-14 : 6356 6178 5810 6356 - - 835 20 2 2 - : 3638 1854 26 292 2162 : 1872 13 271 271 0 : 0 3 417 0 885 - 55 : 0.864929 656.7 0.0 2.233811 373.4 0.0 : 1 --c 0000 : 23   -    -    -    -    -    -    -    -    -  : 31.390218 31.393427 0.000146 32.942245 0.000897 32.947236 0.000062 33.512533 0.110134 : 33.624030 ]
[33.625s][info][gc       ] [SYSINFO 8247 192 64 239 7464 0 15 0 0 6939 : - - - - - - - - : 0 7168 : 4.44 2.36 2.24 : 271703 4210728 : 0 0 : 14 0 : 1736 5 0 266 : - 8346435584 574701568 875565056 7201210368 200994816 68259840 : 139826290 21622090 324220 0 0 0 : 33.624492 ]
[33.625s][info][gc       ] [HUGEPAGESTAT 0 0 0 - 55699 0 0 : 301056 0 0 : 33.624492 ]
[33.625s][info][gc       ] [OBJCREAT 30593341 25132 13070336 : 33.624550 ]
[33.625s][info][gc       ] [HMSV All : 1446 744 73 0 0 0 0 0 : 6588 0 0 0 : 33.624582 ]
[33.625s][info][gc       ] [HMSP 1500 : 52516 1488 : 33.624582 ]
[33.625s][info][gc       ] [COMPSTATS 1 : 5 0 : 1 0 : 0 0 : 404 3 0 0 0 0 : 0 0 0 0 0 0 : 99 100 4 : 407 0 0 0 0 0 0 : 407 0 0 0 0 0 0 ]
[33.625s][info][gc       ] [COMPSTATS 2 : 5 0 : 1 0 : 0 0 : 72 7 0 0 0 0 : 0 0 0 0 0 0 : 3558 3582 732 : 60 19 0 0 0 0 0 : 15 56 8 0 0 0 0 ]
[33.625s][info][gc       ] [DEOPTSTATS 1 : 0 0 : 0 0 : 0 0 : 0 0 : 0 1 : 0 0 : 0 0 : 0 0 : 0 0 : 0 0 : 0 0 : 0 0 : 0 0 : 0 0 : 0 0 : 0 0 : 0 0 : 0 0 : 0 0 : 0 0 : 0 0 : 0 0 : 0 0 : 0 0 : 0 0 : 0 0 : 0 0 : 0 0 : 0 0 : 0 0 : 4 0 : 0 0 : 0 0 : 0 0 : 0 0 : 0 0 : 0 0 : 0 0 : 0 0 : 0 0 : 0 0 : 0 0 ]
[33.625s][info][gc       ] [DEOPTSTATS 2 : 0 0 : 0 0 : 0 0 : 0 0 : 0 0 : 0 0 : 0 10 : 0 0 : 0 0 : 0 0 : 0 0 : 0 0 : 0 0 : 0 0 : 0 0 : 0 0 : 0 0 : 0 0 : 0 0 : 0 0 : 0 0 : 0 0 : 0 0 : 0 0 : 0 0 : 0 0 : 0 0 : 0 0 : 0 0 : 0 0 : 3 0 : 0 0 : 0 0 : 0 0 : 0 1 : 0 0 : 0 0 : 0 0 : 0 0 : 0 4 : 0 0 : 0 0 ]
[33.625s][info][gc       ] [VMAC 65530 170 402 480 1052 : 33.625433 ]
[33.628s][info][gc       ] [CCF 0 0 0 0 19 44032: 2629120 : 380 196608 : 2 32768 : 316 310784 :  406 528384 : 61 96768 : 0 0 : 15 1228800 : 1 2048]
[33.628s][info][safepoint] Application time: 0.0052204 seconds
[33.628s][info][safepoint] Total time for which application threads were stopped: 0.0001705 seconds, Stopping threads took: 0.0000004 seconds
[33.629s][info][gc       ] [SPS 0.000 0.911 0.002 0.006 0.000 0.001 0.000 0.149 0.014 0.170 NewGC_pause1 33.628102 ]
[34.241s][info][safepoint] Application time: 0.6127654 seconds
[34.242s][info][safepoint] Total time for which application threads were stopped: 0.0001419 seconds, Stopping threads took: 0.0000004 seconds
[34.242s][info][gc       ] [SPS 0.000 0.001 0.000 0.005 0.000 0.001 0.000 0.109 0.026 0.142 NewGC_pause2 34.241010 ]
[34.243s][info][safepoint] Application time: 0.0019329 seconds
[34.243s][info][safepoint] Total time for which application threads were stopped: 0.0001490 seconds, Stopping threads took: 0.0000004 seconds
[34.244s][info][gc       ] [SPS 0.000 0.000 0.000 0.005 0.000 0.001 0.000 0.122 0.021 0.149 NewGC_pause3 34.243092 ]
[34.260s][info][safepoint] Application time: 0.0171526 seconds
[34.276s][info][safepoint] Total time for which application threads were stopped: 0.0000563 seconds, Stopping threads took: 0.0000004 seconds
[34.277s][info][gc       ] [SPS 0.000 0.003 0.003 0.005 0.000 0.001 0.000 0.045 0.005 0.056 NewGC_pause4 34.260301 ]
[34.475s][info][gc       ] [GC New Max 57-43 : 6356 6086 5886 6356 - - 835 20 2 2 - : 3158 2410 26 292 3914 : 1965 15 1939 1939 1155 : 278 0 128 0 1489 - 90 : 0.005404 370.1 0.0 1.032288 883.5 0.0 : 3 --c 0000 : 23 10073 0.000 0.018 0 0.000 0.000 10073 0.000 0.018 : 33.442627 33.627932 0.000152 34.240868 0.000045 34.242943 0.000041 34.260244 0.000047 : 34.474915 ]
[34.475s][info][gc       ] [SYSINFO 8247 192 64 239 7464 0 15 0 0 6939 : - - - - - - - - : 0 7168 : 4.44 2.36 2.24 : 271703 4210728 : 0 0 : 14 0 : 1736 2 0 266 : - 8346435584 574701568 875565056 7201210368 200994816 68259840 : 139826290 21625010 324250 0 0 0 : 34.475187 ]
[34.475s][info][gc       ] [HUGEPAGESTAT 0 0 0 - 55699 0 0 : 301056 0 0 : 34.475187 ]
[34.475s][info][gc       ] [OBJCREAT 31452988 25132 13639680 : 34.475239 ]
[34.475s][info][gc       ] [HMSV All : 1446 744 79 0 0 0 0 0 : 6588 0 0 0 : 34.475256 ]
[34.475s][info][gc       ] [HMSP 1500 : 52516 1488 : 34.475256 ]
[34.476s][info][gc       ] [GPGC-H  3824.3 570.9 8.9 0.0 : 950.0 : 0.000 0.000 : 0.000 0.000 1.024 2.995 : 0.000 0.000 0.000 0.000 2.805 1.089 : 0.000 : 99.875 : 3168 2410 26 0 : 2257 : 5720 5428 : 34.475750 : 3 Heap_use_exceeded_committed ]
[34.476s][info][gc       ] [VMAC 65530 170 402 480 1052 : 34.476057 ]
[34.482s][info][safepoint] Application time: 0.2208910 seconds
[34.482s][info][safepoint] Total time for which application threads were stopped: 0.0003234 seconds, Stopping threads took: 0.0000004 seconds
[34.482s][info][gc       ] [SPS 0.000 0.001 0.005 0.006 0.000 0.001 0.000 0.293 0.024 0.323 NewGC_pause1 34.481515 ]
[35.109s][info][safepoint] Application time: 0.6273703 seconds
[35.110s][info][safepoint] Total time for which application threads were stopped: 0.0000768 seconds, Stopping threads took: 0.0000004 seconds
[35.110s][info][gc       ] [SPS 0.000 0.001 0.000 0.005 0.000 0.001 0.000 0.051 0.025 0.083 NewGC_pause2 35.108969 ]
[35.112s][info][safepoint] Application time: 0.0024068 seconds
[35.112s][info][safepoint] Total time for which application threads were stopped: 0.0002209 seconds, Stopping threads took: 0.0000004 seconds
[35.112s][info][gc       ] [SPS 0.000 0.000 0.000 0.005 0.000 0.001 0.000 0.187 0.027 0.221 NewGC_pause3 35.111590 ]
[35.128s][info][safepoint] Application time: 0.0165435 seconds
[35.129s][info][safepoint] Total time for which application threads were stopped: 0.0001452 seconds, Stopping threads took: 0.0000004 seconds
[35.129s][info][gc       ] [SPS 0.000 0.010 0.003 0.006 0.000 0.001 0.000 0.117 0.021 0.145 NewGC_pause4 35.128279 ]
[35.474s][info][gc       ] [GC NTO Max 58-44 : 6356 6112 5908 6356 - - 835 20 2 2 - : 2514 3076 26 292 3384 : 1765 10 1611 1611 854 : 333 0 106 0 1204 - 53 : 0.001016 9846.6 0.0 0.997925 767.6 0.0 : 3 --c 0000 : 23 11664 0.000 0.105 0 0.000 0.000 11664 0.000 0.105 : 34.475930 34.481192 0.000229 35.108886 0.000045 35.111369 0.000070 35.128134 0.000047 : 35.473855 ]
[35.474s][info][gc       ] [SYSINFO 8247 192 64 239 7464 0 15 0 0 6939 : - - - - - - - - : 0 7168 : 4.44 2.36 2.24 : 271703 4210728 : 0 0 : 14 0 : 1736 3 0 266 : - 8346435584 574701568 875565056 7201210368 200994816 68259840 : 139826290 21628560 324370 0 0 0 : 35.474164 ]
[35.474s][info][gc       ] [HUGEPAGESTAT 0 0 0 - 55699 0 0 : 301056 0 0 : 35.474164 ]
[35.474s][info][gc       ] [OBJCREAT 32237480 25132 14321664 : 35.474214 ]
[35.474s][info][gc       ] [HMSV All : 1446 744 81 0 0 0 0 0 : 6588 0 0 0 : 35.474234 ]
[35.474s][info][gc       ] [HMSP 1500 : 52516 1488 : 35.474234 ]
[35.475s][info][gc       ] [GPGC-H  3988.4 562.0 7.8 0.0 : 831.6 : 0.000 0.000 : 0.000 0.000 1.015 2.995 : 0.000 0.000 0.000 0.000 2.797 1.089 : 0.000 : 99.898 : 2524 3076 26 0 : 2257 : 5720 5428 : 35.474912 : 3 Heap_use_exceeded_committed ]
[35.475s][info][gc       ] [VMAC 65530 170 402 480 1052 : 35.475009 ]
[35.483s][info][safepoint] Application time: 0.3542111 seconds
[35.483s][info][safepoint] Total time for which application threads were stopped: 0.0002281 seconds, Stopping threads took: 0.0000004 seconds
[35.483s][info][gc       ] [SPS 0.000 0.028 0.002 0.006 0.000 0.001 0.000 0.206 0.013 0.227 NewGC_pause1 35.482718 ]
[35.491s][info][safepoint] Application time: 0.0074808 seconds
[35.491s][info][safepoint] Total time for which application threads were stopped: 0.0007477 seconds, Stopping threads took: 0.0000003 seconds
[35.491s][info][gc       ] [SPS 0.000 0.001 0.000 0.006 0.000 0.001 0.000 0.715 0.026 0.748 OldGC_pause2 35.490947 ]
[35.613s][info][safepoint] Application time: 0.1221317 seconds
[35.622s][info][safepoint] Total time for which application threads were stopped: 0.0000660 seconds, Stopping threads took: 0.0000005 seconds
[35.622s][info][gc       ] [SPS 0.000 0.001 0.000 0.008 0.001 0.001 0.000 0.039 0.017 0.066 OldGC_pause3 35.613145 ]
[35.991s][info][safepoint] Application time: 0.3773675 seconds
[35.991s][info][safepoint] Total time for which application threads were stopped: 0.0001688 seconds, Stopping threads took: 0.0000004 seconds
[35.992s][info][gc       ] [SPS 0.000 0.001 0.000 0.007 0.000 0.001 0.000 0.131 0.029 0.169 NewGC_pause2 35.990682 ]
[35.993s][info][safepoint] Application time: 0.0017601 seconds
[35.993s][info][safepoint] Total time for which application threads were stopped: 0.0000588 seconds, Stopping threads took: 0.0000004 seconds
[35.993s][info][gc       ] [SPS 0.000 0.000 0.000 0.005 0.000 0.001 0.000 0.049 0.003 0.059 NewGC_pause3 35.992500 ]
[36.012s][info][safepoint] Application time: 0.0189373 seconds
[36.012s][info][safepoint] Total time for which application threads were stopped: 0.0000705 seconds, Stopping threads took: 0.0000004 seconds
[36.012s][info][gc       ] [SPS 0.000 0.004 0.008 0.006 0.000 0.001 0.000 0.055 0.008 0.070 NewGC_pause4 36.011508 ]
[36.181s][info][gc       ] [GC New Max 60-45 : 6356 6152 5892 6356 - - 835 20 2 2 - : 2112 3462 26 292 2758 : 1448 3 1302 1302 817 : 193 0 86 0 1031 - 25 : 0.005399 10743.7 0.0 0.701275 587.5 0.0 : 3 --c 0000 : 23 8303 0.000 0.000 0 0.000 0.000 8303 0.000 0.000 : 35.479253 35.482491 0.000212 35.990513 0.000051 35.992441 0.000050 36.011438 0.000055 : 36.180528 ]
[36.181s][info][gc       ] [SYSINFO 8247 192 64 239 7464 0 15 0 0 6939 : - - - - - - - - : 0 7168 : 4.44 2.36 2.24 : 271703 4210728 : 0 0 : 14 0 : 1736 2 0 266 : - 8346435584 574701568 875565056 7201210368 200994816 68259840 : 139826290 21630900 324460 0 0 0 : 36.180887 ]
[36.181s][info][gc       ] [HUGEPAGESTAT 0 0 0 - 55699 0 0 : 301056 0 0 : 36.180887 ]
[36.181s][info][gc       ] [OBJCREAT 32716483 25132 14716928 : 36.180946 ]
[36.181s][info][gc       ] [HMSV All : 1446 744 81 0 0 0 0 0 : 6588 0 0 0 : 36.180972 ]
[36.181s][info][gc       ] [HMSP 1500 : 52516 1488 : 36.180972 ]
[36.182s][info][gc       ] [VMAC 65530 170 402 480 1052 : 36.181826 ]
[36.182s][info][gc       ] [GPGC-H  4085.5 562.0 7.8 0.0 : 831.6 : 0.000 0.000 : 0.000 0.000 1.001 2.995 : 0.000 0.000 0.000 0.000 2.790 1.089 : 0.000 : 99.895 : 2126 3462 26 0 : 2257 : 5720 5428 : 36.181841 : 3 Heap_use_exceeded_committed ]
[36.185s][info][safepoint] Application time: 0.1728668 seconds
[36.185s][info][safepoint] Total time for which application threads were stopped: 0.0002230 seconds, Stopping threads took: 0.0000004 seconds
[36.185s][info][gc       ] [SPS 0.000 0.003 0.005 0.007 0.000 0.001 0.000 0.175 0.044 0.228 OldGC_pause4 36.184604 ]
[36.186s][info][gc       ] [GC Old Max 59-15 : 6356 6152 4164 6356 - - 835 20 2 2 - : 2152 1692 26 292 3490 : 1699 15 1776 1776 0 : 0 3 526 0 804 - 55 : 0.853807 651.2 0.0 1.707475 616.1 0.0 : 1 --c 0000 : 23   -    -    -    -    -    -    -    -    -  : 34.477837 34.481192 0.000229 35.490200 0.000718 35.613079 0.000044 36.184375 0.000126 : 36.185312 ]
[36.186s][info][gc       ] [SYSINFO 8247 192 64 239 7464 0 15 0 0 6939 : - - - - - - - - : 0 7168 : 4.44 2.36 2.24 : 271703 4210728 : 0 0 : 14 0 : 1736 3 0 266 : - 8346435584 574701568 875565056 7201210368 200994816 68259840 : 139826290 21630900 324460 0 0 0 : 36.185558 ]
[36.186s][info][gc       ] [HUGEPAGESTAT 0 0 0 - 55699 0 0 : 301056 0 0 : 36.185558 ]
[36.186s][info][gc       ] [OBJCREAT 32754158 25132 14716928 : 36.185602 ]
[36.186s][info][gc       ] [HMSV All : 1446 744 81 0 0 0 0 0 : 6588 0 0 0 : 36.185618 ]
[36.186s][info][gc       ] [HMSP 1500 : 52516 1488 : 36.185618 ]
[36.186s][info][gc       ] [COMPSTATS 1 : 5 0 : 1 0 : 0 0 : 404 3 0 0 0 0 : 0 0 0 0 0 0 : 99 100 4 : 407 0 0 0 0 0 0 : 407 0 0 0 0 0 0 ]
[36.186s][info][gc       ] [COMPSTATS 2 : 5 0 : 1 0 : 0 0 : 72 7 0 0 0 0 : 0 0 0 0 0 0 : 3558 3582 732 : 60 19 0 0 0 0 0 : 15 56 8 0 0 0 0 ]
[36.186s][info][gc       ] [DEOPTSTATS 1 : 0 0 : 0 0 : 0 0 : 0 0 : 0 1 : 0 0 : 0 0 : 0 0 : 0 0 : 0 0 : 0 0 : 0 0 : 0 0 : 0 0 : 0 0 : 0 0 : 0 0 : 0 0 : 0 0 : 0 0 : 0 0 : 0 0 : 0 0 : 0 0 : 0 0 : 0 0 : 0 0 : 0 0 : 0 0 : 0 0 : 4 0 : 0 0 : 0 0 : 0 0 : 0 0 : 0 0 : 0 0 : 0 0 : 0 0 : 0 0 : 0 0 : 0 0 ]
[36.186s][info][gc       ] [DEOPTSTATS 2 : 0 0 : 0 0 : 0 0 : 0 0 : 0 0 : 0 0 : 0 10 : 0 0 : 0 0 : 0 0 : 0 0 : 0 0 : 0 0 : 0 0 : 0 0 : 0 0 : 0 0 : 0 0 : 0 0 : 0 0 : 0 0 : 0 0 : 0 0 : 0 0 : 0 0 : 0 0 : 0 0 : 0 0 : 0 0 : 0 0 : 3 0 : 0 0 : 0 0 : 0 0 : 0 1 : 0 0 : 0 0 : 0 0 : 0 0 : 0 4 : 0 0 : 0 0 ]
[36.186s][info][gc       ] [CCF 0 0 0 0 19 44032: 2629120 : 380 196608 : 2 32768 : 316 310784 :  406 528384 : 61 96768 : 0 0 : 15 1228800 : 1 2048]
[36.186s][info][gc       ] [VMAC 65530 170 402 480 1052 : 36.186401 ]
[36.189s][info][safepoint] Application time: 0.0045928 seconds
[36.190s][info][safepoint] Total time for which application threads were stopped: 0.0001396 seconds, Stopping threads took: 0.0000004 seconds
[36.190s][info][gc       ] [SPS 0.000 0.002 0.003 0.006 0.000 0.001 0.000 0.117 0.015 0.139 NewGC_pause1 36.189331 ]
[36.718s][info][safepoint] Application time: 0.5283609 seconds
[36.718s][info][safepoint] Total time for which application threads were stopped: 0.0001283 seconds, Stopping threads took: 0.0000003 seconds
[36.719s][info][gc       ] [SPS 0.000 0.001 0.000 0.005 0.000 0.001 0.000 0.104 0.019 0.129 NewGC_pause2 36.717821 ]
[36.726s][info][safepoint] Application time: 0.0078188 seconds
[36.726s][info][safepoint] Total time for which application threads were stopped: 0.0001486 seconds, Stopping threads took: 0.0000057 seconds
[36.726s][info][gc       ] [SPS 0.000 0.001 0.000 0.006 0.006 0.001 0.000 0.117 0.020 0.149 NewGC_pause3 36.725788 ]
[36.748s][info][safepoint] Application time: 0.0223508 seconds
[36.749s][info][safepoint] Total time for which application threads were stopped: 0.0001654 seconds, Stopping threads took: 0.0000007 seconds
[36.749s][info][gc       ] [SPS 0.000 0.004 0.008 0.005 0.001 0.001 0.000 0.135 0.024 0.165 NewGC_pause4 36.748305 ]
[36.896s][info][gc       ] [GC New Max 61-46 : 6356 5912 5654 6356 - - 835 20 2 2 - : 3426 1910 26 292 3874 : 2790 9 1061 1061 805 : 109 55 838 1 1596 - 117 : 0.006056 8916.8 0.0 0.708903 2440.4 0.0 : 3 --c 0000 : 23 987 0.000 0.000 0 0.000 0.000 987 0.000 0.000 : 36.186584 36.189191 0.000120 36.717692 0.000039 36.725639 0.000044 36.748139 0.000050 : 36.895487 ]
[36.896s][info][gc       ] [SYSINFO 8247 192 64 299 7404 0 15 0 0 6939 : - - - - - - - - : 0 7168 : 4.44 2.36 2.24 : 271703 4210728 : 0 0 : 14 0 : 1736 2 0 266 : - 8346435584 574701568 875565056 7201210368 200994816 68259840 : 139826290 21633530 324580 0 0 0 : 36.895791 ]
[36.896s][info][gc       ] [HUGEPAGESTAT 0 0 0 - 55699 0 0 : 301056 0 0 : 36.895791 ]
[36.896s][info][gc       ] [OBJCREAT 34481808 25132 14940160 : 36.895844 ]
[36.896s][info][gc       ] [HMSV All : 1776 1074 82 0 0 0 0 0 : 6588 0 0 0 : 36.895859 ]
[36.896s][info][gc       ] [HMSP 1830 : 52516 2148 : 36.895859 ]
[36.897s][info][gc       ] [GPGC-H  4057.7 562.0 7.8 0.0 : 831.6 : 0.000 0.000 : 0.000 0.000 0.990 2.852 : 0.000 0.000 0.000 0.000 2.774 1.043 : 0.000 : 99.889 : 3426 1910 26 0 : 2257 : 5720 5428 : 36.896528 : 11 Old_headroom_use_exceeded_trigger ]
[36.897s][info][gc       ] [VMAC 65530 170 420 480 1070 : 36.896706 ]
[37.021s][info][safepoint] Application time: 0.2728554 seconds
[37.022s][info][safepoint] Total time for which application threads were stopped: 0.0001963 seconds, Stopping threads took: 0.0000004 seconds
[37.022s][info][gc       ] [SPS 0.000 0.001 0.008 0.007 0.000 0.001 0.000 0.168 0.020 0.196 NewGC_pause1 37.021357 ]
[37.650s][info][safepoint] Application time: 0.6287499 seconds
[37.651s][info][safepoint] Total time for which application threads were stopped: 0.0001513 seconds, Stopping threads took: 0.0000004 seconds
[37.651s][info][gc       ] [SPS 0.000 0.001 0.000 0.005 0.000 0.001 0.000 0.125 0.020 0.151 NewGC_pause2 37.650258 ]
[37.652s][info][safepoint] Application time: 0.0014301 seconds
[37.652s][info][safepoint] Total time for which application threads were stopped: 0.0000753 seconds, Stopping threads took: 0.0000004 seconds
[37.652s][info][gc       ] [SPS 0.000 0.000 0.000 0.014 0.000 0.001 0.000 0.055 0.005 0.075 NewGC_pause3 37.651763 ]
[37.674s][info][safepoint] Application time: 0.0221270 seconds
[37.674s][info][safepoint] Total time for which application threads were stopped: 0.0001139 seconds, Stopping threads took: 0.0000004 seconds
[37.675s][info][gc       ] [SPS 0.000 0.011 0.006 0.005 0.000 0.001 0.000 0.098 0.009 0.114 NewGC_pause4 37.674004 ]
[37.854s][info][gc       ] [GC NTO Max 62-47 : 6356 6090 5894 6356 - - 835 20 2 2 - : 3358 2218 26 292 3862 : 2046 14 1809 1809 1037 : 154 123 187 0 1589 - 90 : 0.001150 0.0 0.0 0.957357 1055.0 0.0 : 3 --c 0001 : 23 11229 0.000 0.026 0 0.000 0.000 11229 0.000 0.026 : 36.896638 37.021160 0.000167 37.650107 0.000086 37.651688 0.000064 37.673890 0.000049 : 37.853995 ]
[37.854s][info][gc       ] [SYSINFO 8247 192 64 299 7404 0 15 0 0 6939 : - - - - - - - - : 0 7168 : 4.49 2.41 2.25 : 271703 4210728 : 0 0 : 14 0 : 1736 3 0 266 : - 8346435584 574701568 875565056 7201210368 200994816 68259840 : 139826290 21636760 324590 0 0 0 : 37.854350 ]
[37.854s][info][gc       ] [HUGEPAGESTAT 0 0 0 - 55699 0 0 : 301056 0 0 : 37.854350 ]
[37.854s][info][gc       ] [OBJCREAT 35493806 25132 15255552 : 37.854404 ]
[37.854s][info][gc       ] [HMSV All : 1776 1074 88 0 0 0 0 0 : 6588 0 0 0 : 37.854423 ]
[37.854s][info][gc       ] [HMSP 1830 : 52516 2148 : 37.854423 ]
[37.855s][info][gc       ] [GPGC-H  3999.8 543.4 7.0 0.0 : 745.0 : 0.000 0.000 : 0.000 0.000 0.986 2.852 : 0.000 0.000 0.000 0.000 2.752 1.043 : 0.000 : 99.889 : 3366 2218 26 0 : 2257 : 5720 5428 : 37.855165 : 3 Heap_use_exceeded_committed ]
[37.855s][info][gc       ] [VMAC 65530 170 420 480 1070 : 37.855289 ]
[37.856s][info][safepoint] Application time: 0.1805704 seconds
[37.856s][info][safepoint] Total time for which application threads were stopped: 0.0010020 seconds, Stopping threads took: 0.0000005 seconds
[37.857s][info][gc       ] [SPS 0.000 0.001 0.000 0.010 0.001 0.001 0.000 0.957 0.033 1.002 OldGC_pause2 37.855577 ]
[37.860s][info][safepoint] Application time: 0.0039122 seconds
[37.860s][info][safepoint] Total time for which application threads were stopped: 0.0000615 seconds, Stopping threads took: 0.0000004 seconds
[37.860s][info][gc       ] [SPS 0.000 0.000 0.000 0.007 0.000 0.001 0.000 0.040 0.013 0.061 OldGC_pause3 37.859551 ]
[37.866s][info][safepoint] Application time: 0.0062485 seconds
[37.866s][info][safepoint] Total time for which application threads were stopped: 0.0001607 seconds, Stopping threads took: 0.0000004 seconds
[37.866s][info][gc       ] [SPS 0.000 2.144 0.002 0.006 0.000 0.001 0.000 0.140 0.014 0.161 NewGC_pause1 37.865960 ]
[38.500s][info][safepoint] Application time: 0.6340299 seconds
[38.501s][info][safepoint] Total time for which application threads were stopped: 0.0001632 seconds, Stopping threads took: 0.0000004 seconds
[38.501s][info][gc       ] [SPS 0.000 0.001 0.000 0.006 0.000 0.001 0.000 0.130 0.026 0.163 NewGC_pause2 38.500154 ]
[38.502s][info][safepoint] Application time: 0.0019226 seconds
[38.502s][info][safepoint] Total time for which application threads were stopped: 0.0000543 seconds, Stopping threads took: 0.0000004 seconds
[38.503s][info][gc       ] [SPS 0.000 0.001 0.000 0.007 0.000 0.001 0.000 0.042 0.004 0.054 NewGC_pause3 38.502130 ]
[38.518s][info][safepoint] Application time: 0.0156384 seconds
[38.518s][info][safepoint] Total time for which application threads were stopped: 0.0000814 seconds, Stopping threads took: 0.0000004 seconds
[38.518s][info][gc       ] [SPS 0.000 0.003 0.002 0.006 0.000 0.001 0.000 0.058 0.016 0.081 NewGC_pause4 38.517850 ]
[38.695s][info][gc       ] [GC New Max 64-48 : 6356 6156 5888 6356 - - 835 20 2 2 - : 3018 2552 26 292 3620 : 2027 7 1583 1583 1029 : 167 126 94 0 1437 - 72 : 0.005558 12593.6 0.0 0.834931 572.5 0.0 : 3 --c 0000 : 23 14033 0.000 0.000 0 0.000 0.000 14033 0.000 0.000 : 37.859553 37.865799 0.000143 38.499990 0.000094 38.502076 0.000044 38.517769 0.000060 : 38.694484 ]
[38.695s][info][gc       ] [SYSINFO 8247 192 64 299 7404 0 15 0 0 6939 : - - - - - - - - : 0 7168 : 4.49 2.41 2.25 : 271703 4210752 : 0 0 : 14 0 : 1736 2 0 266 : - 8346435584 574701568 875565056 7201210368 200994816 68259840 : 139826290 21639500 324670 0 0 0 : 38.694764 ]
[38.695s][info][gc       ] [HUGEPAGESTAT 0 0 0 - 55699 0 0 : 301056 0 0 : 38.694764 ]
[38.695s][info][gc       ] [OBJCREAT 36096526 25132 15597568 : 38.694817 ]
[38.695s][info][gc       ] [HMSV All : 1776 1074 90 0 0 0 0 0 : 6588 0 0 0 : 38.694834 ]
[38.695s][info][gc       ] [HMSP 1830 : 52516 2148 : 38.694834 ]
[38.696s][info][gc       ] [GPGC-H  4031.4 543.4 7.0 0.0 : 745.0 : 0.000 0.000 : 0.000 0.000 0.979 2.852 : 0.000 0.000 0.000 0.000 2.734 1.043 : 0.000 : 99.886 : 3068 2552 26 0 : 2257 : 5720 5428 : 38.695596 : 3 Heap_use_exceeded_committed ]
[38.696s][info][gc       ] [VMAC 65530 170 420 480 1070 : 38.695668 ]
[38.698s][info][safepoint] Application time: 0.1793042 seconds
[38.698s][info][safepoint] Total time for which application threads were stopped: 0.0004073 seconds, Stopping threads took: 0.0002505 seconds
[38.698s][info][gc       ] [GC Old Max 63-16 : 6356 6156 4252 6356 - - 835 20 2 2 - : 3068 864 28 292 2582 : 869 15 1697 1697 0 : 0 4 321 0 446 - 0 : 0.830631 262.5 0.0 1.682109 381.7 0.0 : 1 --c 0000 : 23   -    -    -    -    -    -    -    -    -  : 37.015943 37.021160 0.000167 37.854575 0.000910 37.859489 0.000044 38.697155 0.000320 : 38.698052 ]
[38.698s][info][gc       ] [SYSINFO 8248 192 64 299 7404 0 15 0 0 6939 : - - - - - - - - : 0 7168 : 4.49 2.41 2.25 : 271703 4210752 : 0 0 : 14 0 : 1736 2 0 266 : - 8346435584 574701568 875565056 7201210368 200994816 68259840 : 139826290 21639520 324680 0 0 0 : 38.698264 ]
[38.698s][info][gc       ] [HUGEPAGESTAT 0 0 0 - 55699 0 0 : 301056 0 0 : 38.698264 ]
[38.698s][info][gc       ] [OBJCREAT 36096526 25132 15597568 : 38.698306 ]
[38.698s][info][gc       ] [HMSV All : 1776 1074 90 0 0 0 0 0 : 6588 0 0 0 : 38.698331 ]
[38.698s][info][gc       ] [HMSP 1830 : 52516 2148 : 38.698331 ]
[38.698s][info][gc       ] [COMPSTATS 1 : 5 0 : 1 0 : 0 0 : 404 3 0 0 0 0 : 0 0 0 0 0 0 : 99 100 4 : 407 0 0 0 0 0 0 : 407 0 0 0 0 0 0 ]
[38.698s][info][gc       ] [COMPSTATS 2 : 5 0 : 1 0 : 0 0 : 72 7 0 0 0 0 : 0 0 0 0 0 0 : 3558 3582 732 : 60 19 0 0 0 0 0 : 15 56 8 0 0 0 0 ]
[38.698s][info][gc       ] [DEOPTSTATS 1 : 0 0 : 0 0 : 0 0 : 0 0 : 0 1 : 0 0 : 0 0 : 0 0 : 0 0 : 0 0 : 0 0 : 0 0 : 0 0 : 0 0 : 0 0 : 0 0 : 0 0 : 0 0 : 0 0 : 0 0 : 0 0 : 0 0 : 0 0 : 0 0 : 0 0 : 0 0 : 0 0 : 0 0 : 0 0 : 0 0 : 4 0 : 0 0 : 0 0 : 0 0 : 0 0 : 0 0 : 0 0 : 0 0 : 0 0 : 0 0 : 0 0 : 0 0 ]
[38.698s][info][gc       ] [DEOPTSTATS 2 : 0 0 : 0 0 : 0 0 : 0 0 : 0 0 : 0 0 : 0 10 : 0 0 : 0 0 : 0 0 : 0 0 : 0 0 : 0 0 : 0 0 : 0 0 : 0 0 : 0 0 : 0 0 : 0 0 : 0 0 : 0 0 : 0 0 : 0 0 : 0 0 : 0 0 : 0 0 : 0 0 : 0 0 : 0 0 : 0 0 : 3 0 : 0 0 : 0 0 : 0 0 : 0 1 : 0 0 : 0 0 : 0 0 : 0 0 : 0 4 : 0 0 : 0 0 ]
[38.699s][info][gc       ] [CCF 0 0 0 0 19 44032: 2629120 : 380 196608 : 2 32768 : 316 310784 :  406 528384 : 61 96768 : 0 0 : 15 1228800 : 1 2048]
[38.699s][info][gc       ] [VMAC 65530 170 420 480 1070 : 38.699047 ]
[38.699s][info][gc       ] [SPS 0.001 0.003 0.006 0.006 0.251 0.001 0.000 0.118 0.031 0.407 OldGC_pause4 38.697562 ]
[38.704s][info][safepoint] Application time: 0.0060288 seconds
[38.704s][info][safepoint] Total time for which application threads were stopped: 0.0003688 seconds, Stopping threads took: 0.0002504 seconds
[38.704s][info][gc       ] [SPS 0.000 0.002 0.002 0.006 0.250 0.001 0.000 0.097 0.014 0.369 NewGC_pause1 38.703959 ]
[39.395s][info][safepoint] Application time: 0.6911146 seconds
[39.396s][info][safepoint] Total time for which application threads were stopped: 0.0001373 seconds, Stopping threads took: 0.0000004 seconds
[39.396s][info][gc       ] [SPS 0.000 0.001 0.000 0.006 0.000 0.001 0.000 0.106 0.024 0.137 NewGC_pause2 39.395212 ]
[39.397s][info][safepoint] Application time: 0.0019007 seconds
[39.398s][info][safepoint] Total time for which application threads were stopped: 0.0000508 seconds, Stopping threads took: 0.0000004 seconds
[39.398s][info][gc       ] [SPS 0.000 0.000 0.000 0.006 0.000 0.001 0.000 0.040 0.004 0.051 NewGC_pause3 39.397163 ]
[39.414s][info][safepoint] Application time: 0.0162964 seconds
[39.414s][info][safepoint] Total time for which application threads were stopped: 0.0001359 seconds, Stopping threads took: 0.0000004 seconds
[39.414s][info][gc       ] [SPS 0.000 0.019 0.004 0.009 0.000 0.001 0.000 0.095 0.030 0.136 NewGC_pause4 39.413595 ]
[39.732s][info][gc       ] [GC New Max 65-49 : 6356 6040 5852 6356 - - 835 20 2 2 - : 3960 1572 28 292 4854 : 3560 9 1278 1278 946 : 354 0 890 0 1846 - 134 : 0.005431 9206.0 0.0 1.031886 1870.4 0.0 : 3 --c 0000 : 23 7004 0.000 0.040 0 0.000 0.000 7004 0.000 0.040 : 38.699915 38.703591 0.000347 39.395074 0.000049 39.397112 0.000042 39.413460 0.000102 : 39.731801 ]
[39.732s][info][gc       ] [SYSINFO 8248 192 64 299 7404 0 15 0 0 6939 : - - - - - - - - : 0 7168 : 4.49 2.41 2.25 : 271703 4210752 : 0 0 : 14 0 : 1736 2 0 266 : - 8346435584 574701568 875565056 7201210368 200994816 68259840 : 139826290 21643070 324730 0 0 0 : 39.732060 ]
[39.732s][info][gc       ] [HUGEPAGESTAT 0 0 0 - 55699 0 0 : 301056 0 0 : 39.732060 ]
[39.732s][info][gc       ] [OBJCREAT 38020169 25132 16322560 : 39.732122 ]
[39.732s][info][gc       ] [HMSV All : 1776 1074 92 0 0 0 0 0 : 6588 0 0 0 : 39.732140 ]
[39.732s][info][gc       ] [HMSP 1830 : 52516 2148 : 39.732140 ]
[39.733s][info][gc       ] [GPGC-H  4240.7 543.4 7.0 0.0 : 745.0 : 0.000 0.000 : 0.000 0.000 0.973 2.723 : 0.000 0.000 0.000 0.000 2.734 0.976 : 0.000 : 99.885 : 3960 1572 28 0 : 2257 : 5720 5428 : 39.732946 : 3 Heap_use_exceeded_committed ]
[39.733s][info][gc       ] [VMAC 65530 170 420 480 1070 : 39.732876 ]
[39.741s][info][safepoint] Application time: 0.3265028 seconds
[39.741s][info][safepoint] Total time for which application threads were stopped: 0.0004286 seconds, Stopping threads took: 0.0001565 seconds
[39.741s][info][gc       ] [SPS 0.000 0.001 0.007 0.015 0.157 0.001 0.000 0.214 0.041 0.429 NewGC_pause1 39.740527 ]
[40.453s][info][safepoint] Application time: 0.7122192 seconds
[40.453s][info][safepoint] Total time for which application threads were stopped: 0.0001379 seconds, Stopping threads took: 0.0000004 seconds
[40.453s][info][gc       ] [SPS 0.000 0.001 0.000 0.005 0.000 0.001 0.000 0.116 0.015 0.138 NewGC_pause2 40.452884 ]
[40.454s][info][safepoint] Application time: 0.0010415 seconds
[40.454s][info][safepoint] Total time for which application threads were stopped: 0.0000945 seconds, Stopping threads took: 0.0000004 seconds
[40.454s][info][gc       ] [SPS 0.000 0.000 0.000 0.005 0.000 0.001 0.000 0.070 0.018 0.095 NewGC_pause3 40.454021 ]
[40.469s][info][safepoint] Application time: 0.0151529 seconds
[40.470s][info][safepoint] Total time for which application threads were stopped: 0.0000688 seconds, Stopping threads took: 0.0000003 seconds
[40.470s][info][gc       ] [SPS 0.000 0.037 0.014 0.006 0.000 0.001 0.000 0.052 0.010 0.069 NewGC_pause4 40.469242 ]
[40.617s][info][gc       ] [GC NTO Max 66-50 : 6356 6118 5858 6356 - - 835 20 2 2 - : 3688 1850 28 292 4226 : 2293 6 1926 1926 1631 : 139 0 133 0 1752 - 92 : 0.001561 0.0 0.0 0.883340 337.4 0.0 : 3 --c 0000 : 23 8934 0.000 0.000 0 0.000 0.000 8934 0.000 0.000 : 39.733362 39.740099 0.000345 40.452747 0.000118 40.453926 0.000071 40.469174 0.000054 : 40.616703 ]
[40.617s][info][gc       ] [SYSINFO 8248 192 64 299 7404 0 15 0 0 6939 : - - - - - - - - : 0 7168 : 4.49 2.41 2.25 : 271703 4210752 : 0 0 : 14 0 : 1736 3 0 266 : - 8346435584 574701568 875565056 7201210368 200994816 68259840 : 139826290 21646260 324780 0 0 0 : 40.617008 ]
[40.617s][info][gc       ] [HUGEPAGESTAT 0 0 0 - 55699 0 0 : 301056 0 0 : 40.617008 ]
[40.617s][info][gc       ] [OBJCREAT 38324224 25132 16607232 : 40.617070 ]
[40.617s][info][gc       ] [HMSV All : 1776 1074 92 0 0 0 0 0 : 6588 0 0 0 : 40.617112 ]
[40.617s][info][gc       ] [HMSP 1830 : 52516 2148 : 40.617112 ]
[40.618s][info][gc       ] [VMAC 65530 170 420 480 1070 : 40.617930 ]
[40.618s][info][gc       ] [GPGC-H  4061.9 535.5 6.2 0.0 : 655.7 : 0.000 0.000 : 0.000 0.000 0.967 2.723 : 0.000 0.000 0.000 0.000 2.720 0.976 : 0.000 : 99.882 : 3690 1850 28 0 : 2257 : 5720 5428 : 40.618035 : 3 Heap_use_exceeded_committed ]
[40.651s][info][safepoint] Application time: 0.1816447 seconds
[40.652s][info][safepoint] Total time for which application threads were stopped: 0.0002311 seconds, Stopping threads took: 0.0000093 seconds
[40.652s][info][gc       ] [SPS 0.000 0.034 0.008 0.007 0.009 0.005 0.001 0.184 0.025 0.231 NewGC_pause1 40.651118 ]
[41.356s][info][safepoint] Application time: 0.7050157 seconds
[41.356s][info][safepoint] Total time for which application threads were stopped: 0.0000623 seconds, Stopping threads took: 0.0000004 seconds
[41.357s][info][gc       ] [SPS 0.000 0.001 0.000 0.007 0.000 0.001 0.000 0.041 0.017 0.067 NewGC_pause2 41.356201 ]
[41.357s][info][safepoint] Application time: 0.0009870 seconds
[41.357s][info][safepoint] Total time for which application threads were stopped: 0.0000489 seconds, Stopping threads took: 0.0000004 seconds
[41.358s][info][gc       ] [SPS 0.000 0.001 0.000 0.007 0.000 0.001 0.000 0.037 0.003 0.049 NewGC_pause3 41.357232 ]
[41.376s][info][safepoint] Application time: 0.0190099 seconds
[41.377s][info][safepoint] Total time for which application threads were stopped: 0.0001252 seconds, Stopping threads took: 0.0000004 seconds
[41.377s][info][gc       ] [SPS 0.000 0.038 0.024 0.006 0.000 0.005 0.000 0.097 0.016 0.125 NewGC_pause4 41.376368 ]
[41.563s][info][gc       ] [GC New Max 68-51 : 6356 6026 5886 6356 - - 835 20 2 2 - : 3274 2292 28 292 3856 : 1967 13 1882 1882 1322 : 221 0 80 0 1566 - 71 : 0.006050 330.6 0.0 0.939448 617.4 0.0 : 3 --c 0000 : 23 9897 0.000 0.003 0 0.000 0.000 9897 0.000 0.003 : 40.622753 40.650887 0.000134 41.356134 0.000058 41.357183 0.000040 41.376243 0.000105 : 41.562201 ]
[41.563s][info][gc       ] [SYSINFO 8248 192 64 299 7404 0 15 0 0 6939 : - - - - - - - - : 0 7168 : 4.49 2.41 2.25 : 271703 4210752 : 0 0 : 14 0 : 1736 3 0 266 : - 8346435584 574701568 875565056 7201210368 200994816 68259840 : 139826290 21650540 324780 0 0 0 : 41.562537 ]
[41.563s][info][gc       ] [HUGEPAGESTAT 0 0 0 - 55699 0 0 : 301056 0 0 : 41.562537 ]
[41.563s][info][gc       ] [OBJCREAT 38909931 25132 17059840 : 41.562596 ]
[41.563s][info][gc       ] [HMSV All : 1776 1074 96 0 0 0 0 0 : 6588 0 0 0 : 41.562627 ]
[41.563s][info][gc       ] [HMSP 1830 : 52516 2148 : 41.562627 ]
[41.564s][info][gc       ] [GPGC-H  4176.7 535.5 6.2 0.0 : 655.7 : 0.000 0.000 : 0.000 0.000 0.963 2.723 : 0.000 0.000 0.000 0.000 2.712 0.976 : 0.000 : 99.878 : 3280 2292 28 0 : 2257 : 5720 5428 : 41.563542 : 3 Heap_use_exceeded_committed ]
[41.564s][info][gc       ] [VMAC 65530 170 420 480 1070 : 41.563683 ]
[41.564s][info][safepoint] Application time: 0.1863926 seconds
[41.564s][info][safepoint] Total time for which application threads were stopped: 0.0010574 seconds, Stopping threads took: 0.0000004 seconds
[41.565s][info][gc       ] [SPS 0.000 0.001 0.000 0.013 0.000 0.001 0.000 1.018 0.025 1.057 OldGC_pause2 41.563818 ]
[41.568s][info][safepoint] Application time: 0.0040003 seconds
[41.568s][info][safepoint] Total time for which application threads were stopped: 0.0000715 seconds, Stopping threads took: 0.0000004 seconds
[41.568s][info][gc       ] [SPS 0.000 0.003 0.000 0.014 0.000 0.001 0.000 0.043 0.012 0.071 OldGC_pause3 41.567889 ]
[41.574s][info][safepoint] Application time: 0.0055034 seconds
[41.574s][info][safepoint] Total time for which application threads were stopped: 0.0001409 seconds, Stopping threads took: 0.0000004 seconds
[41.574s][info][gc       ] [SPS 0.000 2.181 0.003 0.005 0.000 0.001 0.000 0.120 0.014 0.141 NewGC_pause1 41.573534 ]
[42.182s][info][safepoint] Application time: 0.6084974 seconds
[42.183s][info][safepoint] Total time for which application threads were stopped: 0.0001317 seconds, Stopping threads took: 0.0000004 seconds
[42.183s][info][gc       ] [SPS 0.000 0.001 0.000 0.005 0.000 0.001 0.000 0.120 0.006 0.132 NewGC_pause2 42.182163 ]
[42.184s][info][safepoint] Application time: 0.0017534 seconds
[42.184s][info][safepoint] Total time for which application threads were stopped: 0.0001616 seconds, Stopping threads took: 0.0000004 seconds
[42.185s][info][gc       ] [SPS 0.000 0.000 0.000 0.006 0.000 0.001 0.000 0.149 0.005 0.162 NewGC_pause3 42.184078 ]
[42.201s][info][safepoint] Application time: 0.0171738 seconds
[42.202s][info][safepoint] Total time for which application threads were stopped: 0.0001082 seconds, Stopping threads took: 0.0000003 seconds
[42.202s][info][gc       ] [SPS 0.000 0.003 0.002 0.005 0.000 0.001 0.000 0.095 0.007 0.108 NewGC_pause4 42.201360 ]
[42.534s][info][gc       ] [GC New Max 69-52 : 6356 6126 5950 6356 - - 835 20 2 2 - : 2674 2956 28 292 3514 : 1794 9 1711 1711 967 : 332 0 94 0 1301 - 36 : 0.005770 8319.4 0.0 0.965589 785.0 0.0 : 3 --c 0000 : 23 9132 0.000 0.084 0 0.000 0.000 9132 0.000 0.084 : 41.567970 41.573393 0.000122 42.182032 0.000049 42.183916 0.000036 42.201252 0.000046 : 42.533559 ]
[42.534s][info][gc       ] [SYSINFO 8248 192 64 299 7404 0 15 0 0 6939 : - - - - - - - - : 0 7168 : 4.37 2.42 2.26 : 271703 4210752 : 0 0 : 14 0 : 1736 2 0 266 : - 8346435584 574701568 875565056 7201210368 200994816 68259840 : 139826290 21653450 324840 0 0 0 : 42.533887 ]
[42.534s][info][gc       ] [HUGEPAGESTAT 0 0 0 - 55699 0 0 : 301056 0 0 : 42.533887 ]
[42.534s][info][gc       ] [OBJCREAT 39716326 25132 17739776 : 42.533939 ]
[42.534s][info][gc       ] [HMSV All : 1776 1074 99 0 0 0 0 0 : 6588 0 0 0 : 42.533953 ]
[42.534s][info][gc       ] [HMSP 1830 : 52516 2148 : 42.533953 ]
[42.535s][info][gc       ] [GPGC-H  4071.8 535.5 6.2 0.0 : 655.7 : 0.000 0.000 : 0.000 0.000 0.956 2.723 : 0.000 0.000 0.000 0.000 2.705 0.976 : 0.000 : 99.875 : 2686 2956 28 0 : 2257 : 5720 5428 : 42.534906 : 3 Heap_use_exceeded_committed ]
[42.535s][info][gc       ] [VMAC 65530 170 420 480 1070 : 42.534751 ]
[42.538s][info][safepoint] Application time: 0.3368824 seconds
[42.539s][info][safepoint] Total time for which application threads were stopped: 0.0001432 seconds, Stopping threads took: 0.0000004 seconds
[42.539s][info][gc       ] [SPS 0.000 0.003 0.005 0.006 0.000 0.001 0.000 0.115 0.026 0.148 OldGC_pause4 42.538391 ]
[42.544s][info][safepoint] Application time: 0.0049767 seconds
[42.544s][info][safepoint] Total time for which application threads were stopped: 0.0001759 seconds, Stopping threads took: 0.0000004 seconds
[42.544s][info][gc       ] [SPS 0.000 0.580 0.002 0.006 0.000 0.001 0.000 0.149 0.019 0.176 NewGC_pause1 42.543544 ]
[42.675s][info][gc       ] [GC Old Max 67-17 : 6356 6126 5986 6356 - - 835 20 2 2 - : 2824 2844 26 292 2986 : 2853 19 108 108 0 : 0 11 692 0 1325 - 110 : 1.038431 681.8 0.0 2.937835 471.1 0.0 : 1 --c 0000 : 23   -    -    -    -    -    -    -    -    -  : 39.736482 39.740099 0.000345 41.562760 0.001028 41.567818 0.000054 42.538243 0.000048 : 42.674317 ]
[42.675s][info][gc       ] [SYSINFO 8248 192 64 299 7404 0 15 0 0 6939 : - - - - - - - - : 0 7168 : 4.37 2.42 2.26 : 271703 4210752 : 0 0 : 14 0 : 1736 5 0 266 : - 8346435584 574701568 875565056 7201210368 200994816 68259840 : 139826290 21653890 324840 0 0 0 : 42.674594 ]
[42.675s][info][gc       ] [HUGEPAGESTAT 0 0 0 - 55699 0 0 : 301056 0 0 : 42.674594 ]
[42.675s][info][gc       ] [OBJCREAT 39866315 25132 17739776 : 42.674663 ]
[42.675s][info][gc       ] [HMSV All : 1776 1074 99 0 0 0 0 0 : 6588 0 0 0 : 42.674683 ]
[42.675s][info][gc       ] [HMSP 1830 : 52516 2148 : 42.674683 ]
[42.675s][info][gc       ] [COMPSTATS 1 : 5 0 : 1 0 : 0 0 : 404 3 0 0 0 0 : 0 0 0 0 0 0 : 99 100 4 : 407 0 0 0 0 0 0 : 407 0 0 0 0 0 0 ]
[42.675s][info][gc       ] [COMPSTATS 2 : 5 0 : 1 0 : 0 0 : 72 7 0 0 0 0 : 0 0 0 0 0 0 : 3558 3582 732 : 60 19 0 0 0 0 0 : 15 56 8 0 0 0 0 ]
[42.675s][info][gc       ] [DEOPTSTATS 1 : 0 0 : 0 0 : 0 0 : 0 0 : 0 1 : 0 0 : 0 0 : 0 0 : 0 0 : 0 0 : 0 0 : 0 0 : 0 0 : 0 0 : 0 0 : 0 0 : 0 0 : 0 0 : 0 0 : 0 0 : 0 0 : 0 0 : 0 0 : 0 0 : 0 0 : 0 0 : 0 0 : 0 0 : 0 0 : 0 0 : 4 0 : 0 0 : 0 0 : 0 0 : 0 0 : 0 0 : 0 0 : 0 0 : 0 0 : 0 0 : 0 0 : 0 0 ]
[42.675s][info][gc       ] [DEOPTSTATS 2 : 0 0 : 0 0 : 0 0 : 0 0 : 0 0 : 0 0 : 0 10 : 0 0 : 0 0 : 0 0 : 0 0 : 0 0 : 0 0 : 0 0 : 0 0 : 0 0 : 0 0 : 0 0 : 0 0 : 0 0 : 0 0 : 0 0 : 0 0 : 0 0 : 0 0 : 0 0 : 0 0 : 0 0 : 0 0 : 0 0 : 3 0 : 0 0 : 0 0 : 0 0 : 0 1 : 0 0 : 0 0 : 0 0 : 0 0 : 0 4 : 0 0 : 0 0 ]
[42.675s][info][gc       ] [VMAC 65530 170 420 480 1070 : 42.675474 ]
[42.676s][info][gc       ] [CCF 0 0 0 0 19 44032: 2629120 : 380 196608 : 2 32768 : 316 310784 :  406 528384 : 61 96768 : 0 0 : 15 1228800 : 1 2048]
[43.054s][info][safepoint] Application time: 0.5101866 seconds
[43.054s][info][safepoint] Total time for which application threads were stopped: 0.0001491 seconds, Stopping threads took: 0.0000004 seconds
[43.055s][info][gc       ] [SPS 0.000 0.001 0.000 0.007 0.000 0.001 0.000 0.136 0.006 0.149 NewGC_pause2 43.053880 ]
[43.056s][info][safepoint] Application time: 0.0020095 seconds
[43.056s][info][safepoint] Total time for which application threads were stopped: 0.0001428 seconds, Stopping threads took: 0.0000004 seconds
[43.057s][info][gc       ] [SPS 0.000 0.001 0.000 0.005 0.000 0.001 0.000 0.131 0.006 0.143 NewGC_pause3 43.056032 ]
[43.073s][info][safepoint] Application time: 0.0171041 seconds
[43.074s][info][safepoint] Total time for which application threads were stopped: 0.0001041 seconds, Stopping threads took: 0.0000004 seconds
[43.074s][info][gc       ] [SPS 0.000 0.002 0.002 0.006 0.000 0.001 0.000 0.087 0.010 0.104 NewGC_pause4 43.073240 ]
[43.273s][info][gc       ] [GC New Max 70-53 : 6356 6108 5752 6356 - - 835 20 2 2 - : 2034 3400 26 292 2946 : 1538 9 1402 1402 652 : 278 0 102 0 975 - 42 : 0.005737 8715.3 0.0 0.733754 834.1 0.0 : 3 --c 0000 : 23 5758 0.000 0.065 0 0.000 0.000 5758 0.000 0.065 : 42.539296 42.543368 0.000112 43.053730 0.000095 43.055889 0.000054 43.073136 0.000041 : 43.273050 ]
[43.273s][info][gc       ] [SYSINFO 8248 192 64 299 7404 0 15 0 0 6939 : - - - - - - - - : 0 7168 : 4.37 2.42 2.26 : 271703 4210752 : 0 0 : 14 0 : 1736 2 0 266 : - 8346435584 574701568 875565056 7201210368 200994816 68259840 : 139826290 21655930 324860 0 0 0 : 43.273333 ]
[43.273s][info][gc       ] [HUGEPAGESTAT 0 0 0 - 55699 0 0 : 301056 0 0 : 43.273333 ]
[43.273s][info][gc       ] [OBJCREAT 40379938 25132 18309120 : 43.273383 ]
[43.273s][info][gc       ] [HMSV All : 1776 1074 100 0 0 0 0 0 : 6588 0 0 0 : 43.273402 ]
[43.273s][info][gc       ] [HMSP 1830 : 52516 2148 : 43.273402 ]
[43.274s][info][gc       ] [GPGC-H  4057.6 625.7 5.4 0.0 : 580.0 : 0.000 0.000 : 0.000 0.000 0.944 2.938 : 0.000 0.000 0.000 0.000 2.698 0.895 : 0.000 : 99.872 : 2046 3400 26 0 : 2257 : 5720 5428 : 43.274166 : 3 Heap_use_exceeded_committed ]
[43.274s][info][gc       ] [VMAC 65530 170 420 480 1070 : 43.274174 ]
[43.282s][info][safepoint] Application time: 0.2085680 seconds
[43.283s][info][safepoint] Total time for which application threads were stopped: 0.0003710 seconds, Stopping threads took: 0.0000004 seconds
[43.283s][info][gc       ] [SPS 0.000 0.001 0.005 0.006 0.000 0.001 0.000 0.318 0.045 0.371 NewGC_pause1 43.282180 ]
[43.800s][info][safepoint] Application time: 0.5181516 seconds
[43.801s][info][safepoint] Total time for which application threads were stopped: 0.0001475 seconds, Stopping threads took: 0.0000004 seconds
[43.801s][info][gc       ] [SPS 0.000 0.002 0.000 0.006 0.000 0.001 0.000 0.124 0.017 0.148 NewGC_pause2 43.800479 ]
[43.802s][info][safepoint] Application time: 0.0014422 seconds
[43.802s][info][safepoint] Total time for which application threads were stopped: 0.0000510 seconds, Stopping threads took: 0.0000004 seconds
[43.803s][info][gc       ] [SPS 0.000 0.000 0.000 0.005 0.000 0.001 0.000 0.041 0.004 0.051 NewGC_pause3 43.801972 ]
[43.817s][info][safepoint] Application time: 0.0145550 seconds
[43.817s][info][safepoint] Total time for which application threads were stopped: 0.0000711 seconds, Stopping threads took: 0.0000004 seconds
[43.817s][info][gc       ] [SPS 0.000 0.011 0.009 0.006 0.000 0.001 0.000 0.049 0.014 0.071 NewGC_pause4 43.816598 ]
[43.931s][info][gc       ] [GC NTO Max 71-54 : 6356 6066 6056 6356 - - 835 20 2 2 - : 2176 3562 26 292 2348 : 1340 4 1001 1001 948 : 81 0 123 0 1063 - 25 : 0.001357 11791.9 0.0 0.656355 521.1 0.0 : 3 --c 0000 : 23 8997 0.000 0.000 0 0.000 0.000 8997 0.000 0.000 : 43.274407 43.281808 0.000248 43.800331 0.000125 43.801921 0.000043 43.816527 0.000050 : 43.930762 ]
[43.931s][info][gc       ] [SYSINFO 8248 192 64 299 7404 0 15 0 0 6939 : - - - - - - - - : 0 7168 : 4.37 2.42 2.26 : 271703 4210752 : 0 0 : 14 0 : 1736 3 0 266 : - 8346435584 574701568 875565056 7201210368 200994816 68259840 : 139826290 21658290 324910 0 0 0 : 43.931037 ]
[43.931s][info][gc       ] [HUGEPAGESTAT 0 0 0 - 55699 0 0 : 301056 0 0 : 43.931037 ]
[43.931s][info][gc       ] [OBJCREAT 40743549 25132 18475008 : 43.931087 ]
[43.931s][info][gc       ] [HMSV All : 1776 1074 100 0 0 0 0 0 : 6588 0 0 0 : 43.931107 ]
[43.931s][info][gc       ] [HMSP 1830 : 52516 2148 : 43.931107 ]
[43.932s][info][gc       ] [GPGC-H  3958.2 625.7 5.4 0.0 : 580.0 : 0.000 0.000 : 0.000 0.000 0.934 2.938 : 0.000 0.000 0.000 0.000 2.686 0.895 : 0.000 : 99.869 : 2258 3562 26 0 : 2257 : 5720 5428 : 43.931869 : 3 Heap_use_exceeded_committed ]
[43.932s][info][gc       ] [VMAC 65530 170 420 480 1070 : 43.931974 ]
[43.941s][info][safepoint] Application time: 0.1232053 seconds
[43.941s][info][safepoint] Total time for which application threads were stopped: 0.0007985 seconds, Stopping threads took: 0.0003979 seconds
[43.941s][info][gc       ] [SPS 0.000 0.024 0.002 0.007 0.398 0.001 0.000 0.363 0.030 0.799 NewGC_pause1 43.940602 ]
[44.407s][info][safepoint] Application time: 0.4658961 seconds
[44.407s][info][safepoint] Total time for which application threads were stopped: 0.0001019 seconds, Stopping threads took: 0.0000004 seconds
[44.407s][info][gc       ] [SPS 0.000 0.001 0.000 0.006 0.000 0.001 0.000 0.089 0.005 0.102 NewGC_pause2 44.406600 ]
[44.408s][info][safepoint] Application time: 0.0016725 seconds
[44.409s][info][safepoint] Total time for which application threads were stopped: 0.0001224 seconds, Stopping threads took: 0.0000004 seconds
[44.409s][info][gc       ] [SPS 0.000 0.000 0.000 0.006 0.000 0.001 0.000 0.101 0.013 0.122 NewGC_pause3 44.408395 ]
[44.438s][info][safepoint] Application time: 0.0299094 seconds
[44.439s][info][safepoint] Total time for which application threads were stopped: 0.0001016 seconds, Stopping threads took: 0.0000004 seconds
[44.439s][info][gc       ] [SPS 0.000 0.053 0.008 0.006 0.000 0.001 0.000 0.088 0.006 0.101 NewGC_pause4 44.438406 ]
[44.637s][info][gc       ] [GC New Max 73-55 : 6356 6212 5884 6356 - - 835 20 2 2 - : 1714 3852 26 292 2336 : 1212 7 1105 1105 472 : 145 147 33 1 795 - 62 : 0.005436 15083.4 0.0 0.700023 531.4 0.0 : 3 --c 0000 : 23 7782 0.000 0.000 0 0.000 0.000 7782 0.000 0.000 : 43.936198 43.939804 0.000706 44.406498 0.000090 44.408273 0.000106 44.438305 0.000092 : 44.636222 ]
[44.637s][info][gc       ] [SYSINFO 8248 192 64 299 7404 0 15 0 0 6939 : - - - - - - - - : 0 7168 : 4.37 2.42 2.26 : 271703 4210752 : 0 0 : 14 0 : 1736 3 0 266 : - 8346435584 574701568 875565056 7201210368 200994816 68259840 : 139826290 21661380 324950 0 0 0 : 44.636511 ]
[44.637s][info][gc       ] [HUGEPAGESTAT 0 0 0 - 55699 0 0 : 301056 0 0 : 44.636511 ]
[44.637s][info][gc       ] [OBJCREAT 41203701 25132 18771968 : 44.636564 ]
[44.637s][info][gc       ] [HMSV All : 1776 1074 101 0 0 0 0 0 : 6588 0 0 0 : 44.636583 ]
[44.637s][info][gc       ] [HMSP 1830 : 52516 2148 : 44.636583 ]
[44.637s][info][gc       ] [GPGC-H  4006.2 625.7 5.4 0.0 : 580.0 : 0.000 0.000 : 0.000 0.000 0.925 2.938 : 0.000 0.000 0.000 0.000 2.671 0.895 : 0.000 : 99.867 : 1724 3852 26 0 : 2257 : 5720 5428 : 44.637206 : 3 Heap_use_exceeded_committed ]
[44.637s][info][gc       ] [VMAC 65530 170 420 480 1070 : 44.637407 ]
[44.644s][info][safepoint] Application time: 0.2054802 seconds
[44.644s][info][safepoint] Total time for which application threads were stopped: 0.0001666 seconds, Stopping threads took: 0.0000004 seconds
[44.644s][info][gc       ] [SPS 0.000 0.028 0.003 0.007 0.000 0.001 0.000 0.136 0.022 0.167 NewGC_pause1 44.644053 ]
[44.855s][info][safepoint] Application time: 0.2105623 seconds
[44.855s][info][safepoint] Total time for which application threads were stopped: 0.0006172 seconds, Stopping threads took: 0.0000004 seconds
[44.856s][info][gc       ] [SPS 0.000 0.001 0.000 0.007 0.000 0.001 0.000 0.590 0.019 0.617 OldGC_pause2 44.855233 ]
[44.858s][info][safepoint] Application time: 0.0028827 seconds
[44.858s][info][safepoint] Total time for which application threads were stopped: 0.0000655 seconds, Stopping threads took: 0.0000005 seconds
[44.858s][info][gc       ] [SPS 0.000 0.001 0.000 0.008 0.000 0.001 0.000 0.040 0.015 0.065 OldGC_pause3 44.858181 ]
[45.070s][info][safepoint] Application time: 0.2114547 seconds
[45.070s][info][safepoint] Total time for which application threads were stopped: 0.0000799 seconds, Stopping threads took: 0.0000007 seconds
[45.071s][info][gc       ] [SPS 0.000 0.001 0.000 0.012 0.001 0.001 0.000 0.040 0.026 0.080 NewGC_pause2 45.069716 ]
[45.072s][info][safepoint] Application time: 0.0017744 seconds
[45.072s][info][safepoint] Total time for which application threads were stopped: 0.0000596 seconds, Stopping threads took: 0.0000004 seconds
[45.072s][info][gc       ] [SPS 0.000 0.000 0.000 0.005 0.000 0.001 0.000 0.048 0.005 0.060 NewGC_pause3 45.071550 ]
[45.094s][info][safepoint] Application time: 0.0218954 seconds
[45.094s][info][safepoint] Total time for which application threads were stopped: 0.0001228 seconds, Stopping threads took: 0.0000003 seconds
[45.094s][info][gc       ] [SPS 0.000 0.003 0.004 0.005 0.000 0.001 0.000 0.095 0.022 0.123 NewGC_pause4 45.093569 ]
[45.293s][info][gc       ] [GC New Max 74-56 : 6356 6130 5896 6356 - - 835 20 2 2 - : 1380 4198 26 292 1960 : 1201 6 752 752 147 : 173 137 89 0 653 - 37 : 0.005234 10698.8 0.0 0.651322 856.7 0.0 : 3 --c 0000 : 23 13030 0.000 0.000 0 0.000 0.000 13030 0.000 0.000 : 44.641456 44.643887 0.000104 45.069636 0.000051 45.071490 0.000043 45.093446 0.000053 : 45.292778 ]
[45.293s][info][gc       ] [SYSINFO 8248 192 64 299 7404 0 15 0 0 6939 : - - - - - - - - : 0 7168 : 4.37 2.42 2.26 : 271703 4210752 : 0 0 : 14 0 : 1736 2 0 266 : - 8346435584 574701568 875565056 7201210368 200994816 68259840 : 139826290 21663830 325020 0 0 0 : 45.293156 ]
[45.293s][info][gc       ] [HUGEPAGESTAT 0 0 0 - 55699 0 0 : 301056 0 0 : 45.293156 ]
[45.293s][info][gc       ] [OBJCREAT 41828410 25132 19126272 : 45.293235 ]
[45.293s][info][gc       ] [HMSV All : 1776 1074 101 0 0 0 0 0 : 6588 0 0 0 : 45.293251 ]
[45.293s][info][gc       ] [HMSP 1830 : 52516 2148 : 45.293251 ]
[45.294s][info][gc       ] [GPGC-H  4166.8 605.2 5.0 0.0 : 528.3 : 0.000 0.000 : 0.000 0.000 0.916 2.938 : 0.000 0.000 0.000 0.000 2.652 0.895 : 0.000 : 99.964 : 1390 4198 26 0 : 2257 : 5720 5428 : 45.294178 : 3 Heap_use_exceeded_committed ]
[45.294s][info][gc       ] [VMAC 65530 170 420 480 1070 : 45.294275 ]
[45.296s][info][safepoint] Application time: 0.2027518 seconds
[45.297s][info][safepoint] Total time for which application threads were stopped: 0.0001629 seconds, Stopping threads took: 0.0000004 seconds
[45.297s][info][gc       ] [SPS 0.000 0.002 0.006 0.012 0.000 0.001 0.000 0.116 0.033 0.163 OldGC_pause4 45.296483 ]
[45.298s][info][gc       ] [GC Old Max 72-18 : 6356 6212 4158 6356 - - 835 20 2 2 - : 1428 2412 26 292 4226 : 2418 19 1785 1785 0 : 0 4 399 0 1164 - 55 : 0.602207 923.3 0.0 2.021428 394.8 0.0 : 1 --c 0000 : 23   -    -    -    -    -    -    -    -    -  : 43.276525 43.281808 0.000248 44.854616 0.000594 44.858116 0.000046 45.296321 0.000062 : 45.297953 ]
[45.298s][info][gc       ] [SYSINFO 8248 192 64 299 7404 0 15 0 0 6939 : - - - - - - - - : 0 7168 : 4.37 2.42 2.26 : 271703 4210752 : 0 0 : 14 0 : 1736 2 0 266 : - 8346435584 574701568 875565056 7201210368 200994816 68259840 : 139826290 21663840 325020 0 0 0 : 45.298174 ]
[45.298s][info][gc       ] [HUGEPAGESTAT 0 0 0 - 55699 0 0 : 301056 0 0 : 45.298174 ]
[45.298s][info][gc       ] [OBJCREAT 41874016 25132 19126272 : 45.298213 ]
[45.298s][info][gc       ] [HMSV All : 1776 1074 101 0 0 0 0 0 : 6588 0 0 0 : 45.298229 ]
[45.298s][info][gc       ] [HMSP 1830 : 52516 2148 : 45.298229 ]
[45.298s][info][gc       ] [COMPSTATS 1 : 5 0 : 1 0 : 0 0 : 404 3 0 0 0 0 : 0 0 0 0 0 0 : 99 100 4 : 407 0 0 0 0 0 0 : 407 0 0 0 0 0 0 ]
[45.298s][info][gc       ] [COMPSTATS 2 : 5 0 : 1 0 : 0 0 : 72 7 0 0 0 0 : 0 0 0 0 0 0 : 3558 3582 732 : 60 19 0 0 0 0 0 : 15 56 8 0 0 0 0 ]
[45.298s][info][gc       ] [DEOPTSTATS 1 : 0 0 : 0 0 : 0 0 : 0 0 : 0 1 : 0 0 : 0 0 : 0 0 : 0 0 : 0 0 : 0 0 : 0 0 : 0 0 : 0 0 : 0 0 : 0 0 : 0 0 : 0 0 : 0 0 : 0 0 : 0 0 : 0 0 : 0 0 : 0 0 : 0 0 : 0 0 : 0 0 : 0 0 : 0 0 : 0 0 : 4 0 : 0 0 : 0 0 : 0 0 : 0 0 : 0 0 : 0 0 : 0 0 : 0 0 : 0 0 : 0 0 : 0 0 ]
[45.298s][info][gc       ] [DEOPTSTATS 2 : 0 0 : 0 0 : 0 0 : 0 0 : 0 0 : 0 0 : 0 10 : 0 0 : 0 0 : 0 0 : 0 0 : 0 0 : 0 0 : 0 0 : 0 0 : 0 0 : 0 0 : 0 0 : 0 0 : 0 0 : 0 0 : 0 0 : 0 0 : 0 0 : 0 0 : 0 0 : 0 0 : 0 0 : 0 0 : 0 0 : 3 0 : 0 0 : 0 0 : 0 0 : 0 1 : 0 0 : 0 0 : 0 0 : 0 0 : 0 4 : 0 0 : 0 0 ]
[45.299s][info][gc       ] [CCF 0 0 0 0 19 44032: 2629120 : 380 196608 : 2 32768 : 316 310784 :  406 528384 : 61 96768 : 0 0 : 15 1228800 : 1 2048]
[45.299s][info][gc       ] [VMAC 65530 170 420 480 1070 : 45.298993 ]
[45.301s][info][safepoint] Application time: 0.0040114 seconds
[45.301s][info][safepoint] Total time for which application threads were stopped: 0.0001113 seconds, Stopping threads took: 0.0000004 seconds
[45.301s][info][gc       ] [SPS 0.000 0.002 0.002 0.006 0.000 0.001 0.000 0.091 0.013 0.111 NewGC_pause1 45.300606 ]
[45.812s][info][safepoint] Application time: 0.5107748 seconds
[45.812s][info][safepoint] Total time for which application threads were stopped: 0.0001180 seconds, Stopping threads took: 0.0000003 seconds
[45.812s][info][gc       ] [SPS 0.000 0.002 0.000 0.005 0.000 0.001 0.000 0.091 0.020 0.118 NewGC_pause2 45.811499 ]
[45.814s][info][safepoint] Application time: 0.0019786 seconds
[45.814s][info][safepoint] Total time for which application threads were stopped: 0.0001401 seconds, Stopping threads took: 0.0000003 seconds
[45.814s][info][gc       ] [SPS 0.000 0.001 0.000 0.005 0.000 0.001 0.000 0.115 0.018 0.140 NewGC_pause3 45.813618 ]
[45.838s][info][safepoint] Application time: 0.0241809 seconds
[45.839s][info][safepoint] Total time for which application threads were stopped: 0.0001693 seconds, Stopping threads took: 0.0000005 seconds
[45.839s][info][gc       ] [SPS 0.000 0.004 0.008 0.008 0.000 0.001 0.000 0.138 0.022 0.169 NewGC_pause4 45.837968 ]
[46.068s][info][gc       ] [GC New Max 75-57 : 6356 5910 5878 6356 - - 835 20 2 2 - : 2860 2700 26 292 2860 : 1561 18 466 466 0 : 144 157 295 0 1261 - 169 : 0.005800 9309.6 0.0 0.769365 2820.5 0.0 : 3 --c 0000 : 23 960 0.000 0.000 0 0.000 0.000 960 0.000 0.000 : 45.298579 45.300495 0.000094 45.811381 0.000038 45.813478 0.000041 45.837799 0.000058 : 46.067944 ]
[46.068s][info][gc       ] [SYSINFO 8247 192 64 370 7333 0 15 0 0 6939 : - - - - - - - - : 0 7168 : 4.37 2.42 2.26 : 271703 4210752 : 0 0 : 14 0 : 1736 2 0 266 : - 8346435584 574701568 875565056 7201210368 200994816 68259840 : 139826290 21666410 325150 0 0 0 : 46.068238 ]
[46.068s][info][gc       ] [HUGEPAGESTAT 0 0 0 - 55699 0 0 : 301056 0 0 : 46.068238 ]
[46.068s][info][gc       ] [OBJCREAT 44028336 25132 19421184 : 46.068289 ]
[46.068s][info][gc       ] [HMSV All : 2106 1404 109 0 0 0 0 0 : 6588 0 0 0 : 46.068306 ]
[46.068s][info][gc       ] [HMSP 2160 : 52516 2808 : 46.068306 ]
[46.069s][info][gc       ] [VMAC 65530 170 384 480 1034 : 46.069110 ]
[46.069s][info][gc       ] [GPGC-H  4118.4 605.2 5.0 0.0 : 528.3 : 0.000 0.000 : 0.000 0.000 0.909 2.833 : 0.000 0.000 0.000 0.000 2.625 0.895 : 0.000 : 99.957 : 2872 2700 26 0 : 2257 : 5720 5428 : 46.069134 : 3 Heap_use_exceeded_committed ]
[46.076s][info][safepoint] Application time: 0.2382925 seconds
[46.077s][info][safepoint] Total time for which application threads were stopped: 0.0002195 seconds, Stopping threads took: 0.0000004 seconds
[46.077s][info][gc       ] [SPS 0.000 0.001 0.009 0.006 0.000 0.001 0.000 0.189 0.022 0.219 NewGC_pause1 46.076480 ]
[46.763s][info][safepoint] Application time: 0.6861387 seconds
[46.763s][info][safepoint] Total time for which application threads were stopped: 0.0001625 seconds, Stopping threads took: 0.0000006 seconds
[46.763s][info][gc       ] [SPS 0.000 0.002 0.000 0.005 0.001 0.001 0.000 0.112 0.044 0.163 NewGC_pause2 46.762782 ]
[46.764s][info][safepoint] Application time: 0.0013767 seconds
[46.764s][info][safepoint] Total time for which application threads were stopped: 0.0000635 seconds, Stopping threads took: 0.0000004 seconds
[46.765s][info][gc       ] [SPS 0.000 0.000 0.000 0.005 0.000 0.001 0.000 0.042 0.015 0.063 NewGC_pause3 46.764222 ]
[46.782s][info][safepoint] Application time: 0.0173135 seconds
[46.796s][info][safepoint] Total time for which application threads were stopped: 0.0000535 seconds, Stopping threads took: 0.0000003 seconds
[46.796s][info][gc       ] [SPS 0.000 0.023 0.003 0.006 0.000 0.001 0.000 0.042 0.005 0.054 NewGC_pause4 46.781589 ]
[46.946s][info][gc       ] [GC NTO Max 76-58 : 6356 6170 5880 6356 - - 835 20 2 2 - : 2750 2812 26 292 3152 : 1964 14 1179 1179 451 : 56 244 118 0 1258 - 117 : 0.001721 10457.8 0.0 0.875662 808.5 0.0 : 3 --c 0000 : 23 10861 0.000 0.000 0 0.000 0.000 10861 0.000 0.000 : 46.069665 46.076261 0.000146 46.762619 0.000045 46.764158 0.000044 46.781535 0.000045 : 46.945328 ]
[46.946s][info][gc       ] [SYSINFO 8247 192 64 370 7333 0 15 0 0 6939 : - - - - - - - - : 0 7168 : 4.37 2.42 2.26 : 271703 4210752 : 0 0 : 14 0 : 1736 3 0 266 : - 8346435584 574701568 875565056 7201210368 200994816 68259840 : 139826290 21669500 325250 0 0 0 : 46.945663 ]
[46.946s][info][gc       ] [HUGEPAGESTAT 0 0 0 - 55699 0 0 : 301056 0 0 : 46.945663 ]
[46.946s][info][gc       ] [OBJCREAT 44759126 25132 19535872 : 46.945725 ]
[46.946s][info][gc       ] [HMSV All : 2106 1404 110 0 0 0 0 0 : 6588 0 0 0 : 46.945745 ]
[46.946s][info][gc       ] [HMSP 2160 : 52516 2808 : 46.945745 ]
[46.946s][info][gc       ] [GPGC-H  4275.8 605.2 5.0 0.0 : 528.3 : 0.000 0.000 : 0.000 0.000 0.907 2.833 : 0.000 0.000 0.000 0.000 2.600 0.895 : 0.000 : 99.951 : 2750 2812 26 0 : 2257 : 5720 5428 : 46.946392 : 3 Heap_use_exceeded_committed ]
[46.947s][info][gc       ] [VMAC 65530 170 384 480 1034 : 46.946653 ]
[46.955s][info][safepoint] Application time: 0.1735268 seconds
[46.956s][info][safepoint] Total time for which application threads were stopped: 0.0002885 seconds, Stopping threads took: 0.0000731 seconds
[46.956s][info][gc       ] [SPS 0.000 0.028 0.007 0.007 0.073 0.001 0.000 0.190 0.017 0.288 NewGC_pause1 46.955405 ]
[47.388s][info][safepoint] Application time: 0.4315852 seconds
[47.388s][info][safepoint] Total time for which application threads were stopped: 0.0007034 seconds, Stopping threads took: 0.0000004 seconds
[47.388s][info][gc       ] [SPS 0.000 0.001 0.000 0.007 0.000 0.001 0.000 0.668 0.027 0.703 OldGC_pause2 47.387693 ]
[47.390s][info][safepoint] Application time: 0.0019621 seconds
[47.390s][info][safepoint] Total time for which application threads were stopped: 0.0000489 seconds, Stopping threads took: 0.0000004 seconds
[47.390s][info][gc       ] [SPS 0.000 0.001 0.000 0.007 0.000 0.001 0.000 0.037 0.003 0.049 OldGC_pause3 47.389704 ]
[47.676s][info][safepoint] Application time: 0.2863066 seconds
[47.676s][info][safepoint] Total time for which application threads were stopped: 0.0001540 seconds, Stopping threads took: 0.0000004 seconds
[47.677s][info][gc       ] [SPS 0.000 0.001 0.000 0.005 0.000 0.001 0.000 0.116 0.032 0.154 NewGC_pause2 47.676165 ]
[47.678s][info][safepoint] Application time: 0.0013321 seconds
[47.678s][info][safepoint] Total time for which application threads were stopped: 0.0000546 seconds, Stopping threads took: 0.0000004 seconds
[47.678s][info][gc       ] [SPS 0.000 0.001 0.000 0.005 0.000 0.001 0.000 0.044 0.004 0.054 NewGC_pause3 47.677552 ]
[47.699s][info][safepoint] Application time: 0.0215896 seconds
[47.699s][info][safepoint] Total time for which application threads were stopped: 0.0000660 seconds, Stopping threads took: 0.0000004 seconds
[47.700s][info][gc       ] [SPS 0.000 0.003 0.002 0.007 0.000 0.001 0.000 0.042 0.015 0.066 NewGC_pause4 47.699208 ]
[47.863s][info][gc       ] [GC New Max 78-59 : 6356 6114 5874 6356 - - 835 20 2 2 - : 2486 3070 26 292 2990 : 2200 9 761 761 367 : 129 171 113 1 1126 - 117 : 0.005392 0.0 0.0 0.911625 425.6 0.0 : 3 --c 0000 : 23 10573 0.000 0.000 0 0.000 0.000 10573 0.000 0.000 : 46.950719 46.955116 0.000265 47.676011 0.000045 47.677497 0.000046 47.699142 0.000047 : 47.862344 ]
[47.863s][info][gc       ] [SYSINFO 8247 192 64 370 7333 0 15 0 0 6939 : - - - - - - - - : 0 7168 : 4.42 2.46 2.27 : 271703 4210752 : 0 0 : 14 0 : 1736 2 0 266 : - 8346435584 574701568 875565056 7201210368 200994816 68259840 : 139826290 21673100 325380 0 0 0 : 47.862595 ]
[47.863s][info][gc       ] [HUGEPAGESTAT 0 0 0 - 55699 0 0 : 301056 0 0 : 47.862595 ]
[47.863s][info][gc       ] [OBJCREAT 45157135 25132 19800064 : 47.862666 ]
[47.863s][info][gc       ] [HMSV All : 2106 1404 110 0 0 0 0 0 : 6588 0 0 0 : 47.862680 ]
[47.863s][info][gc       ] [HMSP 2160 : 52516 2808 : 47.862680 ]
[47.863s][info][gc       ] [GPGC-H  4167.0 566.1 4.4 0.0 : 469.2 : 0.000 0.000 : 0.000 0.000 0.906 2.833 : 0.000 0.000 0.000 0.000 2.600 0.895 : 0.000 : 99.947 : 2494 3070 26 0 : 2257 : 5720 5428 : 47.863115 : 3 Heap_use_exceeded_committed ]
[47.863s][info][gc       ] [VMAC 65530 170 384 480 1034 : 47.863469 ]
[47.865s][info][safepoint] Application time: 0.1659361 seconds
[47.865s][info][safepoint] Total time for which application threads were stopped: 0.0000981 seconds, Stopping threads took: 0.0000005 seconds
[47.866s][info][gc       ] [SPS 0.000 0.003 0.005 0.022 0.000 0.001 0.000 0.047 0.028 0.098 OldGC_pause4 47.865242 ]
[47.870s][info][gc       ] [GC Old Max 77-19 : 6356 6170 4154 6356 - - 835 20 2 2 - : 2552 1280 28 292 3100 : 1213 14 1865 1865 0 : 0 6 185 0 654 - 0 : 0.773617 372.3 0.0 1.797617 205.8 0.0 : 1 --c 0000 : 23   -    -    -    -    -    -    -    -    -  : 46.071570 46.076261 0.000146 47.386990 0.000609 47.389655 0.000041 47.865144 0.000061 : 47.869186 ]
[47.870s][info][gc       ] [SYSINFO 8247 192 64 370 7333 0 15 0 0 6939 : - - - - - - - - : 0 7168 : 4.42 2.46 2.27 : 271703 4210752 : 0 0 : 14 0 : 1736 5 0 266 : - 8346435584 574701568 875565056 7201210368 200994816 68259840 : 139826290 21673120 325380 0 0 0 : 47.869479 ]
[47.870s][info][gc       ] [HUGEPAGESTAT 0 0 0 - 55699 0 0 : 301056 0 0 : 47.869479 ]
[47.870s][info][gc       ] [OBJCREAT 45220587 25132 19800064 : 47.869582 ]
[47.870s][info][gc       ] [HMSV All : 2106 1404 110 0 0 0 0 0 : 6588 0 0 0 : 47.869611 ]
[47.870s][info][gc       ] [HMSP 2160 : 52516 2808 : 47.869611 ]
[47.870s][info][gc       ] [COMPSTATS 1 : 5 0 : 1 0 : 0 0 : 404 3 0 0 0 0 : 0 0 0 0 0 0 : 99 100 4 : 407 0 0 0 0 0 0 : 407 0 0 0 0 0 0 ]
[47.870s][info][gc       ] [COMPSTATS 2 : 5 0 : 1 0 : 0 0 : 72 7 0 0 0 0 : 0 0 0 0 0 0 : 3558 3582 732 : 60 19 0 0 0 0 0 : 15 56 8 0 0 0 0 ]
[47.870s][info][gc       ] [DEOPTSTATS 1 : 0 0 : 0 0 : 0 0 : 0 0 : 0 1 : 0 0 : 0 0 : 0 0 : 0 0 : 0 0 : 0 0 : 0 0 : 0 0 : 0 0 : 0 0 : 0 0 : 0 0 : 0 0 : 0 0 : 0 0 : 0 0 : 0 0 : 0 0 : 0 0 : 0 0 : 0 0 : 0 0 : 0 0 : 0 0 : 0 0 : 4 0 : 0 0 : 0 0 : 0 0 : 0 0 : 0 0 : 0 0 : 0 0 : 0 0 : 0 0 : 0 0 : 0 0 ]
[47.870s][info][gc       ] [DEOPTSTATS 2 : 0 0 : 0 0 : 0 0 : 0 0 : 0 0 : 0 0 : 0 10 : 0 0 : 0 0 : 0 0 : 0 0 : 0 0 : 0 0 : 0 0 : 0 0 : 0 0 : 0 0 : 0 0 : 0 0 : 0 0 : 0 0 : 0 0 : 0 0 : 0 0 : 0 0 : 0 0 : 0 0 : 0 0 : 0 0 : 0 0 : 3 0 : 0 0 : 0 0 : 0 0 : 0 1 : 0 0 : 0 0 : 0 0 : 0 0 : 0 4 : 0 0 : 0 0 ]
[47.870s][info][gc       ] [VMAC 65530 170 384 480 1034 : 47.870436 ]
[47.871s][info][gc       ] [CCF 0 0 0 0 19 44032: 2629120 : 380 196608 : 2 32768 : 316 310784 :  406 528384 : 61 96768 : 0 0 : 15 1228800 : 1 2048]
[47.872s][info][safepoint] Application time: 0.0065002 seconds
[47.872s][info][safepoint] Total time for which application threads were stopped: 0.0001201 seconds, Stopping threads took: 0.0000004 seconds
[47.872s][info][gc       ] [SPS 0.000 0.002 0.002 0.006 0.000 0.001 0.000 0.096 0.018 0.120 NewGC_pause1 47.871862 ]
[48.647s][info][safepoint] Application time: 0.7748065 seconds
[48.647s][info][safepoint] Total time for which application threads were stopped: 0.0001261 seconds, Stopping threads took: 0.0000005 seconds
[48.648s][info][gc       ] [SPS 0.000 0.001 0.000 0.006 0.000 0.001 0.001 0.104 0.013 0.126 NewGC_pause2 48.646795 ]
[48.649s][info][safepoint] Application time: 0.0016952 seconds
[48.649s][info][safepoint] Total time for which application threads were stopped: 0.0001174 seconds, Stopping threads took: 0.0000004 seconds
[48.649s][info][gc       ] [SPS 0.000 0.000 0.000 0.006 0.000 0.001 0.000 0.098 0.012 0.117 NewGC_pause3 48.648608 ]
[48.667s][info][safepoint] Application time: 0.0178953 seconds
[48.667s][info][safepoint] Total time for which application threads were stopped: 0.0000784 seconds, Stopping threads took: 0.0000004 seconds
[48.667s][info][gc       ] [SPS 0.000 0.004 0.010 0.007 0.000 0.001 0.000 0.055 0.016 0.078 NewGC_pause4 48.666582 ]
[48.889s][info][gc       ] [GC New Max 79-60 : 6356 5930 5930 6356 - - 835 20 2 2 - : 3828 1782 28 292 3846 : 3089 18 661 661 591 : 251 0 598 0 1787 - 127 : 0.005999 10002.4 0.0 1.020323 1815.1 0.0 : 3 --c 0000 : 23 2022 0.000 0.043 0 0.000 0.000 2022 0.000 0.043 : 47.868343 47.871742 0.000095 48.646669 0.000109 48.648490 0.000102 48.666503 0.000059 : 48.888666 ]
[48.889s][info][gc       ] [SYSINFO 8247 192 64 370 7333 0 15 0 0 6939 : - - - - - - - - : 0 7168 : 4.42 2.46 2.27 : 271703 4210752 : 0 0 : 14 0 : 1736 2 0 266 : - 8346435584 574701568 875565056 7201210368 200994816 68259840 : 139826290 21676900 325460 0 0 0 : 48.889016 ]
[48.889s][info][gc       ] [HUGEPAGESTAT 0 0 0 - 55699 0 0 : 301056 0 0 : 48.889016 ]
[48.889s][info][gc       ] [OBJCREAT 47051375 25132 20314112 : 48.889066 ]
[48.889s][info][gc       ] [HMSV All : 2106 1404 117 0 0 0 0 0 : 6588 0 0 0 : 48.889086 ]
[48.889s][info][gc       ] [HMSP 2160 : 52516 2808 : 48.889086 ]
[48.890s][info][gc       ] [GPGC-H  4113.8 566.1 4.4 0.0 : 469.2 : 0.000 0.000 : 0.000 0.000 0.905 2.717 : 0.000 0.000 0.000 0.000 2.600 0.868 : 0.000 : 99.945 : 3842 1782 28 0 : 2257 : 5720 5428 : 48.889954 : 3 Heap_use_exceeded_committed ]
[48.890s][info][gc       ] [VMAC 65530 170 384 480 1034 : 48.889884 ]
[48.896s][info][safepoint] Application time: 0.2289517 seconds
[48.897s][info][safepoint] Total time for which application threads were stopped: 0.0003841 seconds, Stopping threads took: 0.0000004 seconds
[48.898s][info][gc       ] [SPS 0.000 0.001 0.007 0.006 0.000 0.001 0.000 0.349 0.028 0.384 NewGC_pause1 48.895918 ]
[49.789s][info][safepoint] Application time: 0.8931313 seconds
[49.790s][info][safepoint] Total time for which application threads were stopped: 0.0000591 seconds, Stopping threads took: 0.0000004 seconds
[49.790s][info][gc       ] [SPS 0.000 0.001 0.000 0.011 0.000 0.001 0.000 0.042 0.005 0.059 NewGC_pause2 49.789108 ]
[49.791s][info][safepoint] Application time: 0.0014064 seconds
[49.791s][info][safepoint] Total time for which application threads were stopped: 0.0000619 seconds, Stopping threads took: 0.0000004 seconds
[49.791s][info][gc       ] [SPSH lock suspend gclocker notify wait resuspend cleanup op_time wakeup total(ms) op_name end(s) ]
[49.791s][info][gc       ] [SPS 0.000 0.000 0.000 0.007 0.000 0.001 0.000 0.039 0.014 0.062 NewGC_pause3 49.790576 ]
[49.806s][info][safepoint] Application time: 0.0156786 seconds
[49.826s][info][safepoint] Total time for which application threads were stopped: 0.0001344 seconds, Stopping threads took: 0.0000004 seconds
[49.826s][info][gc       ] [SPS 0.000 0.012 0.008 0.006 0.000 0.001 0.000 0.116 0.010 0.134 NewGC_pause4 49.806389 ]
[49.959s][info][gc       ] [GC NTO Max 80-61 : 6356 6210 5994 6356 - - 835 20 2 2 - : 3544 2130 28 292 4108 : 2448 8 1648 1648 1380 : 174 0 129 0 1689 - 83 : 0.001661 10838.2 0.0 1.068455 293.9 0.0 : 3 --c 0000 : 23 8621 0.000 0.096 0 0.000 0.000 8621 0.000 0.096 : 48.890327 48.895533 0.000237 49.789049 0.000049 49.790514 0.000043 49.806255 0.000050 : 49.958782 ]
[49.959s][info][gc       ] [SYSINFO 8247 192 64 370 7333 0 15 0 0 6939 : - - - - - - - - : 0 7168 : 4.42 2.46 2.27 : 271703 4210752 : 0 0 : 14 0 : 1736 3 0 266 : - 8346435584 574701568 875565056 7201210368 200994816 68259840 : 139826290 21681380 325470 0 0 0 : 49.959060 ]
[49.959s][info][gc       ] [HUGEPAGESTAT 0 0 0 - 55699 0 0 : 301056 0 0 : 49.959060 ]
[49.959s][info][gc       ] [OBJCREAT 47385921 25132 20670464 : 49.959108 ]
[49.959s][info][gc       ] [HMSV All : 2106 1404 118 0 0 0 0 0 : 6588 0 0 0 : 49.959125 ]
[49.959s][info][gc       ] [HMSP 2160 : 52516 2808 : 49.959125 ]
[49.960s][info][gc       ] [GPGC-H  3944.7 551.3 4.0 0.0 : 425.8 : 0.000 0.000 : 0.000 0.000 1.018 2.717 : 0.000 0.000 0.000 0.000 2.600 0.868 : 0.000 : 99.940 : 3544 2130 28 0 : 2257 : 5720 5428 : 49.959559 : 3 Heap_use_exceeded_committed ]
[49.960s][info][gc       ] [VMAC 65530 170 384 480 1034 : 49.959903 ]
[49.970s][info][safepoint] Application time: 0.1629194 seconds
[49.970s][info][safepoint] Total time for which application threads were stopped: 0.0004623 seconds, Stopping threads took: 0.0002178 seconds
[49.970s][info][gc       ] [SPS 0.000 0.031 0.005 0.006 0.218 0.001 0.000 0.221 0.016 0.462 NewGC_pause1 49.969771 ]
[50.117s][info][safepoint] Application time: 0.1466773 seconds
[50.117s][info][safepoint] Total time for which application threads were stopped: 0.0006702 seconds, Stopping threads took: 0.0000004 seconds
[50.118s][info][gc       ] [SPS 0.000 0.001 0.000 0.007 0.000 0.001 0.000 0.639 0.023 0.670 OldGC_pause2 50.117119 ]
[50.120s][info][safepoint] Application time: 0.0028978 seconds
[50.120s][info][safepoint] Total time for which application threads were stopped: 0.0000676 seconds, Stopping threads took: 0.0000004 seconds
[50.120s][info][gc       ] [SPS 0.000 0.001 0.000 0.007 0.000 0.001 0.000 0.044 0.015 0.068 OldGC_pause3 50.120084 ]
[50.780s][info][safepoint] Application time: 0.6599751 seconds
[50.781s][info][safepoint] Total time for which application threads were stopped: 0.0002158 seconds, Stopping threads took: 0.0000004 seconds
[50.782s][info][gc       ] [SPS 0.000 0.001 0.000 0.006 0.000 0.001 0.000 0.179 0.030 0.216 NewGC_pause2 50.780276 ]
[50.783s][info][safepoint] Application time: 0.0023132 seconds
[50.783s][info][safepoint] Total time for which application threads were stopped: 0.0001163 seconds, Stopping threads took: 0.0000004 seconds
[50.783s][info][gc       ] [SPS 0.000 0.000 0.000 0.005 0.000 0.001 0.000 0.096 0.014 0.116 NewGC_pause3 50.782705 ]
[50.797s][info][safepoint] Application time: 0.0143343 seconds
[50.797s][info][safepoint] Total time for which application threads were stopped: 0.0000687 seconds, Stopping threads took: 0.0000003 seconds
[50.797s][info][gc       ] [SPS 0.000 0.003 0.003 0.005 0.000 0.001 0.000 0.048 0.016 0.069 NewGC_pause4 50.797108 ]
[51.135s][info][gc       ] [GC New Max 82-62 : 6356 6190 6044 6356 - - 835 20 2 2 - : 2914 2810 28 292 3740 : 2204 7 1525 1525 1266 : 340 0 97 0 1429 - 28 : 0.005968 0.0 0.0 1.170102 261.5 0.0 : 3 --c 0000 : 23 9471 0.000 0.000 0 0.000 0.000 9471 0.000 0.000 : 49.964751 49.969309 0.000442 50.780060 0.000128 50.782589 0.000098 50.797039 0.000048 : 51.134853 ]
[51.135s][info][gc       ] [SYSINFO 8248 192 64 370 7333 0 15 0 0 6939 : - - - - - - - - : 0 7168 : 4.42 2.46 2.27 : 271703 4210752 : 0 0 : 14 0 : 1736 2 0 266 : - 8346435584 574701568 875565056 7201210368 200994816 68259840 : 139826290 21685020 325600 0 0 0 : 51.135140 ]
[51.135s][info][gc       ] [HUGEPAGESTAT 0 0 0 - 55699 0 0 : 301056 0 0 : 51.135140 ]
[51.135s][info][gc       ] [OBJCREAT 47700207 25132 21366784 : 51.135186 ]
[51.135s][info][gc       ] [HMSV All : 2106 1404 118 0 0 0 0 0 : 6588 0 0 0 : 51.135204 ]
[51.135s][info][gc       ] [HMSP 2160 : 52516 2808 : 51.135204 ]
[51.136s][info][gc       ] [VMAC 65530 170 384 480 1034 : 51.136113 ]
[51.136s][info][gc       ] [GPGC-H  3764.6 551.3 4.0 0.0 : 425.8 : 0.000 0.000 : 0.000 0.000 1.015 2.717 : 0.000 0.000 0.000 0.000 2.828 0.868 : 0.000 : 99.939 : 2928 2810 28 0 : 2257 : 5720 5428 : 51.136276 : 3 Heap_use_exceeded_committed ]
[51.176s][info][safepoint] Application time: 0.3786506 seconds
[51.176s][info][safepoint] Total time for which application threads were stopped: 0.0001706 seconds, Stopping threads took: 0.0000003 seconds
[51.177s][info][gc       ] [SPS 0.000 0.003 0.007 0.005 0.000 0.001 0.000 0.139 0.038 0.183 OldGC_pause4 51.175942 ]
[51.181s][info][safepoint] Application time: 0.0047775 seconds
[51.182s][info][safepoint] Total time for which application threads were stopped: 0.0004129 seconds, Stopping threads took: 0.0000004 seconds
[51.182s][info][gc       ] [SPS 0.000 0.782 0.002 0.005 0.000 0.001 0.001 0.381 0.026 0.413 NewGC_pause1 51.181133 ]
[51.722s][info][gc       ] [GC Old Max 81-20 : 6356 6210 6146 6356 - - 835 20 2 2 - : 3086 2742 26 292 2844 : 2733 16 86 86 27 : 0 286 514 2 1274 - 110 : 1.022795 490.8 0.0 2.829535 363.3 0.0 : 1 --c 0000 : 23   -    -    -    -    -    -    -    -    -  : 48.891981 48.895533 0.000237 50.116449 0.000644 50.120017 0.000048 51.175759 0.000055 : 51.721516 ]
[51.722s][info][gc       ] [SYSINFO 8248 192 64 370 7333 0 15 0 0 6939 : - - - - - - - - : 0 7168 : 4.42 2.46 2.27 : 271703 4210752 : 0 0 : 14 0 : 1736 4 0 266 : - 8346435584 574701568 875565056 7201210368 200994816 68259840 : 139826290 21687230 325650 0 0 0 : 51.721795 ]
[51.722s][info][gc       ] [HUGEPAGESTAT 0 0 0 - 55699 0 0 : 301056 0 0 : 51.721795 ]
[51.722s][info][gc       ] [OBJCREAT 47871337 25132 21366784 : 51.721860 ]
[51.722s][info][gc       ] [HMSV All : 2106 1404 118 0 0 0 0 0 : 6588 0 0 0 : 51.721880 ]
[51.722s][info][gc       ] [HMSP 2160 : 52516 2808 : 51.721880 ]
[51.722s][info][gc       ] [COMPSTATS 1 : 5 0 : 1 0 : 0 0 : 404 3 0 0 0 0 : 0 0 0 0 0 0 : 99 100 4 : 407 0 0 0 0 0 0 : 407 0 0 0 0 0 0 ]
[51.722s][info][gc       ] [COMPSTATS 2 : 5 0 : 1 0 : 0 0 : 72 7 0 0 0 0 : 0 0 0 0 0 0 : 3558 3582 732 : 60 19 0 0 0 0 0 : 15 56 8 0 0 0 0 ]
[51.722s][info][gc       ] [DEOPTSTATS 1 : 0 0 : 0 0 : 0 0 : 0 0 : 0 1 : 0 0 : 0 0 : 0 0 : 0 0 : 0 0 : 0 0 : 0 0 : 0 0 : 0 0 : 0 0 : 0 0 : 0 0 : 0 0 : 0 0 : 0 0 : 0 0 : 0 0 : 0 0 : 0 0 : 0 0 : 0 0 : 0 0 : 0 0 : 0 0 : 0 0 : 4 0 : 0 0 : 0 0 : 0 0 : 0 0 : 0 0 : 0 0 : 0 0 : 0 0 : 0 0 : 0 0 : 0 0 ]
[51.722s][info][gc       ] [DEOPTSTATS 2 : 0 0 : 0 0 : 0 0 : 0 0 : 0 0 : 0 0 : 0 10 : 0 0 : 0 0 : 0 0 : 0 0 : 0 0 : 0 0 : 0 0 : 0 0 : 0 0 : 0 0 : 0 0 : 0 0 : 0 0 : 0 0 : 0 0 : 0 0 : 0 0 : 0 0 : 0 0 : 0 0 : 0 0 : 0 0 : 0 0 : 3 0 : 0 0 : 0 0 : 0 0 : 0 1 : 0 0 : 0 0 : 0 0 : 0 0 : 0 4 : 0 0 : 0 0 ]
[51.723s][info][gc       ] [VMAC 65530 170 384 480 1034 : 51.722724 ]
[51.723s][info][gc       ] [CCF 0 0 0 0 19 44032: 2629120 : 380 196608 : 2 32768 : 316 310784 :  406 528384 : 61 96768 : 0 0 : 15 1228800 : 1 2048]
[51.774s][info][safepoint] Application time: 0.5930817 seconds
[51.775s][info][safepoint] Total time for which application threads were stopped: 0.0001547 seconds, Stopping threads took: 0.0000004 seconds
[51.775s][info][gc       ] [SPS 0.000 0.002 0.000 0.005 0.000 0.001 0.000 0.141 0.007 0.155 NewGC_pause2 51.774369 ]
[51.776s][info][safepoint] Application time: 0.0015910 seconds
[51.776s][info][safepoint] Total time for which application threads were stopped: 0.0000691 seconds, Stopping threads took: 0.0000004 seconds
[51.776s][info][gc       ] [SPS 0.000 0.001 0.000 0.007 0.000 0.001 0.000 0.047 0.014 0.069 NewGC_pause3 51.776029 ]
[51.794s][info][safepoint] Application time: 0.0176482 seconds
[51.794s][info][safepoint] Total time for which application threads were stopped: 0.0001084 seconds, Stopping threads took: 0.0000004 seconds
[51.794s][info][gc       ] [SPS 0.001 0.003 0.003 0.006 0.000 0.001 0.000 0.086 0.014 0.108 NewGC_pause4 51.793786 ]
[52.022s][info][gc       ] [GC New Max 83-63 : 6356 6196 5890 6356 - - 835 20 2 2 - : 2274 3298 26 292 3136 : 1622 8 1506 1506 853 : 278 0 56 0 1095 - 42 : 0.006114 10794.5 0.0 0.881042 569.8 0.0 : 3 --c 0000 : 23 7957 0.000 0.277 0 0.000 0.000 7957 0.000 0.277 : 51.140967 51.180720 0.000295 51.774215 0.000102 51.775960 0.000050 51.793678 0.000091 : 52.022009 ]
[52.022s][info][gc       ] [SYSINFO 8248 192 64 370 7333 0 15 0 0 6939 : - - - - - - - - : 0 7168 : 4.42 2.46 2.27 : 271703 4210752 : 0 0 : 14 0 : 1736 2 0 266 : - 8346435584 574701568 875565056 7201210368 200994816 68259840 : 139826290 21688230 325660 0 0 0 : 52.022292 ]
[52.022s][info][gc       ] [HUGEPAGESTAT 0 0 0 - 55699 0 0 : 301056 0 0 : 52.022292 ]
[52.022s][info][gc       ] [OBJCREAT 48274178 25132 21936128 : 52.022344 ]
[52.022s][info][gc       ] [HMSV All : 2106 1404 119 0 0 0 0 0 : 6588 0 0 0 : 52.022364 ]
[52.022s][info][gc       ] [HMSP 2160 : 52516 2808 : 52.022364 ]
[52.023s][info][gc       ] [VMAC 65530 170 384 480 1034 : 52.023136 ]
[52.023s][info][gc       ] [GPGC-H  3940.5 598.9 3.6 0.0 : 387.1 : 0.000 0.000 : 0.000 0.000 1.005 2.829 : 0.000 0.000 0.000 0.000 2.827 0.903 : 0.000 : 99.932 : 2286 3298 26 0 : 2257 : 5720 5428 : 52.023187 : 3 Heap_use_exceeded_committed ]
[52.031s][info][safepoint] Application time: 0.2371297 seconds
[52.031s][info][safepoint] Total time for which application threads were stopped: 0.0001410 seconds, Stopping threads took: 0.0000004 seconds
[52.031s][info][gc       ] [SPS 0.000 0.001 0.006 0.007 0.000 0.001 0.000 0.113 0.020 0.141 NewGC_pause1 52.031057 ]
[52.570s][info][safepoint] Application time: 0.5383735 seconds
[52.570s][info][safepoint] Total time for which application threads were stopped: 0.0001439 seconds, Stopping threads took: 0.0000004 seconds
[52.571s][info][gc       ] [SPS 0.000 0.002 0.000 0.005 0.000 0.001 0.000 0.131 0.006 0.144 NewGC_pause2 52.569575 ]
[52.571s][info][safepoint] Application time: 0.0015518 seconds
[52.572s][info][safepoint] Total time for which application threads were stopped: 0.0000488 seconds, Stopping threads took: 0.0000004 seconds
[52.572s][info][gc       ] [SPS 0.000 0.000 0.000 0.005 0.000 0.001 0.000 0.039 0.003 0.049 NewGC_pause3 52.571175 ]
[52.587s][info][safepoint] Application time: 0.0151906 seconds
[52.587s][info][safepoint] Total time for which application threads were stopped: 0.0001455 seconds, Stopping threads took: 0.0000004 seconds
[52.587s][info][gc       ] [SPS 0.000 0.040 0.009 0.006 0.000 0.001 0.000 0.110 0.028 0.146 NewGC_pause4 52.586512 ]
[52.719s][info][gc       ] [GC NTO Max 84-64 : 6356 6128 6002 6356 - - 835 20 2 2 - : 2140 3544 26 292 2512 : 1372 6 1132 1132 950 : 123 0 88 0 1045 - 25 : 0.001638 9768.9 0.0 0.694672 394.4 0.0 : 3 --c 0000 : 23 7105 0.000 0.000 0 0.000 0.000 7105 0.000 0.000 : 52.023647 52.030916 0.000112 52.569431 0.000061 52.571127 0.000040 52.586366 0.000056 : 52.718319 ]
[52.719s][info][gc       ] [SYSINFO 8248 192 64 370 7333 0 15 0 0 6939 : - - - - - - - - : 0 7168 : 4.38 2.48 2.28 : 271703 4210752 : 0 0 : 14 0 : 1736 3 0 266 : - 8346435584 574701568 875565056 7201210368 200994816 68259840 : 139826290 21690690 325700 0 0 0 : 52.718604 ]
[52.719s][info][gc       ] [HUGEPAGESTAT 0 0 0 - 55699 0 0 : 301056 0 0 : 52.718604 ]
[52.719s][info][gc       ] [OBJCREAT 48569080 25132 22188032 : 52.718666 ]
[52.719s][info][gc       ] [HMSV All : 2106 1404 119 0 0 0 0 0 : 6588 0 0 0 : 52.718684 ]
[52.719s][info][gc       ] [HMSP 2160 : 52516 2808 : 52.718684 ]
[52.719s][info][gc       ] [GPGC-H  3885.1 598.9 3.6 0.0 : 387.1 : 0.000 0.000 : 0.000 0.000 0.994 2.829 : 0.000 0.000 0.000 0.000 2.822 0.903 : 0.000 : 99.926 : 2148 3544 26 0 : 2257 : 5720 5428 : 52.719134 : 3 Heap_use_exceeded_committed ]
[52.720s][info][gc       ] [VMAC 65530 170 384 480 1034 : 52.719523 ]
[52.728s][info][safepoint] Application time: 0.1409923 seconds
[52.728s][info][safepoint] Total time for which application threads were stopped: 0.0002831 seconds, Stopping threads took: 0.0000004 seconds
[52.728s][info][gc       ] [SPS 0.000 0.012 0.005 0.006 0.000 0.001 0.000 0.269 0.007 0.283 NewGC_pause1 52.727787 ]
[53.214s][info][safepoint] Application time: 0.4860184 seconds
[53.214s][info][safepoint] Total time for which application threads were stopped: 0.0002135 seconds, Stopping threads took: 0.0000004 seconds
[53.215s][info][gc       ] [SPS 0.000 0.001 0.000 0.007 0.000 0.001 0.000 0.179 0.027 0.214 NewGC_pause2 53.214020 ]
[53.216s][info][safepoint] Application time: 0.0018270 seconds
[53.216s][info][safepoint] Total time for which application threads were stopped: 0.0001317 seconds, Stopping threads took: 0.0000004 seconds
[53.216s][info][gc       ] [SPS 0.000 0.001 0.000 0.007 0.000 0.001 0.000 0.108 0.015 0.132 NewGC_pause3 53.215978 ]
[53.240s][info][safepoint] Application time: 0.0235643 seconds
[53.240s][info][safepoint] Total time for which application threads were stopped: 0.0001742 seconds, Stopping threads took: 0.0000004 seconds
[53.240s][info][gc       ] [SPS 0.000 0.110 0.008 0.006 0.000 0.001 0.000 0.141 0.026 0.174 NewGC_pause4 53.239717 ]
[53.482s][info][gc       ] [GC New Max 86-65 : 6356 6200 5890 6356 - - 835 20 2 2 - : 1508 4064 26 292 2332 : 1211 6 1110 1110 590 : 260 0 56 1 692 - 62 : 0.006095 10172.4 0.0 0.756852 451.9 0.0 : 3 --c 0000 : 23 5617 0.000 0.196 0 0.000 0.000 5617 0.000 0.196 : 52.724414 52.727504 0.000237 53.213806 0.000053 53.215846 0.000112 53.239543 0.000053 : 53.481266 ]
[53.482s][info][gc       ] [SYSINFO 8248 192 64 370 7333 0 15 0 0 6939 : - - - - - - - - : 0 7168 : 4.38 2.48 2.28 : 271703 4210752 : 0 0 : 14 0 : 1736 3 0 266 : - 8346435584 574701568 875565056 7201210368 200994816 68259840 : 139826290 21693930 325740 0 0 0 : 53.481546 ]
[53.482s][info][gc       ] [HUGEPAGESTAT 0 0 0 - 55699 0 0 : 301056 0 0 : 53.481546 ]
[53.482s][info][gc       ] [OBJCREAT 48978036 25132 22720512 : 53.481602 ]
[53.482s][info][gc       ] [HMSV All : 2106 1404 120 0 0 0 0 0 : 6588 0 0 0 : 53.481632 ]
[53.482s][info][gc       ] [HMSP 2160 : 52516 2808 : 53.481632 ]
[53.483s][info][gc       ] [GPGC-H  3899.5 598.9 3.6 0.0 : 387.1 : 0.000 0.000 : 0.000 0.000 0.984 2.829 : 0.000 0.000 0.000 0.000 2.812 0.903 : 0.000 : 99.924 : 1522 4064 26 0 : 2257 : 5720 5428 : 53.482560 : 3 Heap_use_exceeded_committed ]
[53.482s][info][gc       ] [VMAC 65530 170 384 480 1034 : 53.482467 ]
[53.490s][info][safepoint] Application time: 0.2496683 seconds
[53.490s][info][safepoint] Total time for which application threads were stopped: 0.0003221 seconds, Stopping threads took: 0.0000004 seconds
[53.490s][info][gc       ] [SPS 0.000 0.091 0.005 0.007 0.000 0.001 0.000 0.289 0.025 0.322 NewGC_pause1 53.489708 ]
[53.544s][info][safepoint] Application time: 0.0536042 seconds
[53.545s][info][safepoint] Total time for which application threads were stopped: 0.0009243 seconds, Stopping threads took: 0.0000004 seconds
[53.545s][info][gc       ] [SPS 0.000 0.001 0.000 0.007 0.000 0.001 0.000 0.887 0.030 0.924 OldGC_pause2 53.544236 ]
[53.580s][info][safepoint] Application time: 0.0359305 seconds
[53.580s][info][safepoint] Total time for which application threads were stopped: 0.0000835 seconds, Stopping threads took: 0.0000004 seconds
[53.581s][info][gc       ] [SPS 0.000 0.001 0.000 0.007 0.000 0.009 0.000 0.044 0.023 0.083 OldGC_pause3 53.580250 ]
[53.806s][info][safepoint] Application time: 0.2258919 seconds
[53.807s][info][safepoint] Total time for which application threads were stopped: 0.0000857 seconds, Stopping threads took: 0.0000004 seconds
[53.807s][info][gc       ] [SPS 0.000 0.001 0.000 0.007 0.000 0.001 0.000 0.063 0.014 0.086 NewGC_pause2 53.806228 ]
[53.807s][info][safepoint] Application time: 0.0010953 seconds
[53.808s][info][safepoint] Total time for which application threads were stopped: 0.0000548 seconds, Stopping threads took: 0.0000004 seconds
[53.808s][info][gc       ] [SPS 0.000 0.000 0.000 0.005 0.000 0.001 0.000 0.035 0.013 0.055 NewGC_pause3 53.807378 ]
[53.837s][info][safepoint] Application time: 0.0292348 seconds
[53.837s][info][safepoint] Total time for which application threads were stopped: 0.0001174 seconds, Stopping threads took: 0.0000004 seconds
[53.837s][info][gc       ] [SPS 0.000 0.003 0.003 0.006 0.000 0.001 0.000 0.095 0.015 0.117 NewGC_pause4 53.836730 ]
[54.024s][info][gc       ] [GC New Max 87-66 : 6356 6070 5900 6356 - - 835 20 2 2 - : 1318 4264 26 292 1688 : 874 6 808 808 95 : 100 203 56 0 622 - 37 : 0.005888 10190.4 0.0 0.536503 1230.2 0.0 : 3 --c 0000 : 23 12202 0.000 0.000 0 0.000 0.000 12202 0.000 0.000 : 53.487154 53.489385 0.000246 53.806142 0.000066 53.807323 0.000038 53.836613 0.000099 : 54.023657 ]
[54.024s][info][gc       ] [SYSINFO 8248 192 64 370 7333 0 15 0 0 6939 : - - - - - - - - : 0 7168 : 4.38 2.48 2.28 : 271703 4210752 : 0 0 : 14 0 : 1736 2 0 266 : - 8346435584 574701568 875565056 7201210368 200994816 68259840 : 139826290 21695800 325800 0 0 0 : 54.023940 ]
[54.024s][info][gc       ] [HUGEPAGESTAT 0 0 0 - 55699 0 0 : 301056 0 0 : 54.023940 ]
[54.024s][info][gc       ] [OBJCREAT 49706902 25132 22925312 : 54.023991 ]
[54.024s][info][gc       ] [HMSV All : 2106 1404 120 0 0 0 0 0 : 6588 0 0 0 : 54.024007 ]
[54.024s][info][gc       ] [HMSP 2160 : 52516 2808 : 54.024007 ]
[54.025s][info][gc       ] [VMAC 65530 170 384 480 1034 : 54.024731 ]
[54.025s][info][gc       ] [GPGC-H  4219.4 588.7 3.3 0.0 : 352.9 : 0.000 0.000 : 0.000 0.000 0.971 2.829 : 0.000 0.000 0.000 0.000 2.798 0.903 : 0.000 : 99.917 : 1332 4264 26 0 : 2257 : 5720 5428 : 54.024929 : 3 Heap_use_exceeded_committed ]
[54.028s][info][safepoint] Application time: 0.1909801 seconds
[54.030s][info][safepoint] Total time for which application threads were stopped: 0.0001761 seconds, Stopping threads took: 0.0000005 seconds
[54.031s][info][gc       ] [SPS 0.000 0.003 0.003 0.006 0.000 0.001 0.000 0.143 0.025 0.176 OldGC_pause4 54.027887 ]
[54.031s][info][gc       ] [GC Old Max 85-21 : 6356 6200 4172 6356 - - 835 20 2 2 - : 1386 2468 26 292 4292 : 2480 22 1793 1793 0 : 0 4 483 0 1192 - 55 : 0.304329 1827.0 0.0 2.004536 481.9 0.0 : 1 --c 0000 : 23   -    -    -    -    -    -    -    -    -  : 52.025846 52.030916 0.000112 53.543312 0.000889 53.580167 0.000051 54.027710 0.000100 : 54.030381 ]
[54.031s][info][gc       ] [SYSINFO 8248 192 64 370 7333 0 15 0 0 6939 : - - - - - - - - : 0 7168 : 4.38 2.48 2.28 : 271703 4210752 : 0 0 : 14 0 : 1736 5 0 266 : - 8346435584 574701568 875565056 7201210368 200994816 68259840 : 139826290 21695820 325800 0 0 0 : 54.030666 ]
[54.031s][info][gc       ] [HUGEPAGESTAT 0 0 0 - 55699 0 0 : 301056 0 0 : 54.030666 ]
[54.031s][info][gc       ] [OBJCREAT 49774320 25132 22925312 : 54.030708 ]
[54.031s][info][gc       ] [HMSV All : 2106 1404 120 0 0 0 0 0 : 6588 0 0 0 : 54.030724 ]
[54.031s][info][gc       ] [HMSP 2160 : 52516 2808 : 54.030724 ]
[54.031s][info][gc       ] [COMPSTATS 1 : 5 0 : 1 0 : 0 0 : 404 3 0 0 0 0 : 0 0 0 0 0 0 : 99 100 4 : 407 0 0 0 0 0 0 : 407 0 0 0 0 0 0 ]
[54.031s][info][gc       ] [COMPSTATS 2 : 5 0 : 1 0 : 0 0 : 72 7 0 0 0 0 : 0 0 0 0 0 0 : 3558 3582 732 : 60 19 0 0 0 0 0 : 15 56 8 0 0 0 0 ]
[54.031s][info][gc       ] [DEOPTSTATS 1 : 0 0 : 0 0 : 0 0 : 0 0 : 0 1 : 0 0 : 0 0 : 0 0 : 0 0 : 0 0 : 0 0 : 0 0 : 0 0 : 0 0 : 0 0 : 0 0 : 0 0 : 0 0 : 0 0 : 0 0 : 0 0 : 0 0 : 0 0 : 0 0 : 0 0 : 0 0 : 0 0 : 0 0 : 0 0 : 0 0 : 4 0 : 0 0 : 0 0 : 0 0 : 0 0 : 0 0 : 0 0 : 0 0 : 0 0 : 0 0 : 0 0 : 0 0 ]
[54.031s][info][gc       ] [DEOPTSTATS 2 : 0 0 : 0 0 : 0 0 : 0 0 : 0 0 : 0 0 : 0 10 : 0 0 : 0 0 : 0 0 : 0 0 : 0 0 : 0 0 : 0 0 : 0 0 : 0 0 : 0 0 : 0 0 : 0 0 : 0 0 : 0 0 : 0 0 : 0 0 : 0 0 : 0 0 : 0 0 : 0 0 : 0 0 : 0 0 : 0 0 : 3 0 : 0 0 : 0 0 : 0 0 : 0 1 : 0 0 : 0 0 : 0 0 : 0 0 : 0 4 : 0 0 : 0 0 ]
[54.032s][info][gc       ] [CCF 0 0 0 0 19 44032: 2629120 : 380 196608 : 2 32768 : 316 310784 :  406 528384 : 61 96768 : 0 0 : 15 1228800 : 1 2048]
[54.032s][info][gc       ] [VMAC 65530 170 384 480 1034 : 54.031570 ]
[54.032s][info][safepoint] Application time: 0.0041283 seconds
[54.032s][info][safepoint] Total time for which application threads were stopped: 0.0001248 seconds, Stopping threads took: 0.0000004 seconds
[54.032s][info][gc       ] [SPS 0.000 0.002 0.002 0.006 0.000 0.001 0.000 0.101 0.017 0.125 NewGC_pause1 54.032140 ]
[54.546s][info][safepoint] Application time: 0.5138643 seconds
[54.546s][info][safepoint] Total time for which application threads were stopped: 0.0001041 seconds, Stopping threads took: 0.0000004 seconds
[54.547s][info][gc       ] [SPS 0.000 0.001 0.000 0.005 0.000 0.001 0.000 0.086 0.011 0.104 NewGC_pause2 54.546108 ]
[54.547s][info][safepoint] Application time: 0.0011796 seconds
[54.548s][info][safepoint] Total time for which application threads were stopped: 0.0001109 seconds, Stopping threads took: 0.0000145 seconds
[54.548s][info][gc       ] [SPS 0.000 0.001 0.000 0.006 0.015 0.001 0.000 0.068 0.022 0.111 NewGC_pause3 54.547399 ]
[54.570s][info][safepoint] Application time: 0.0227120 seconds
[54.571s][info][safepoint] Total time for which application threads were stopped: 0.0001565 seconds, Stopping threads took: 0.0000004 seconds
[54.571s][info][gc       ] [SPS 0.000 0.004 0.008 0.006 0.000 0.001 0.000 0.125 0.023 0.157 NewGC_pause4 54.570268 ]
[54.761s][info][gc       ] [GC New Max 88-67 : 6356 5922 5812 6356 - - 835 20 2 2 - : 2830 2664 26 292 2830 : 1492 19 475 475 0 : 98 197 290 0 1246 - 169 : 0.006008 10319.6 0.0 0.731347 2882.4 0.0 : 3 --c 0000 : 23 0 0.000 0.000 0 0.000 0.000 0 0.000 0.000 : 54.029665 54.032015 0.000104 54.546004 0.000090 54.547288 0.000086 54.570111 0.000057 : 54.761012 ]
[54.761s][info][gc       ] [SYSINFO 8247 192 64 427 7277 0 15 0 0 6939 : - - - - - - - - : 0 7168 : 4.38 2.48 2.28 : 271703 4210752 : 0 0 : 14 0 : 1736 2 0 266 : - 8346435584 574701568 875565056 7201210368 200994816 68259840 : 139826290 21698330 325880 0 0 0 : 54.761283 ]
[54.761s][info][gc       ] [HUGEPAGESTAT 0 0 0 - 55699 0 0 : 301056 0 0 : 54.761283 ]
[54.761s][info][gc       ] [OBJCREAT 51849993 25132 23126016 : 54.761333 ]
[54.761s][info][gc       ] [HMSV All : 2586 1884 127 0 0 0 0 0 : 6588 0 0 0 : 54.761356 ]
[54.761s][info][gc       ] [HMSP 2640 : 52516 3768 : 54.761356 ]
[54.762s][info][gc       ] [VMAC 65530 170 348 480 998 : 54.762087 ]
[54.762s][info][gc       ] [GPGC-H  4219.4 588.7 3.3 0.0 : 352.9 : 0.000 0.000 : 0.000 0.000 0.962 2.746 : 0.000 0.000 0.000 0.000 2.769 1.064 : 0.000 : 99.911 : 2830 2664 26 0 : 2257 : 5720 5428 : 54.762226 : 3 Heap_use_exceeded_committed ]
[54.770s][info][safepoint] Application time: 0.1993871 seconds
[54.771s][info][safepoint] Total time for which application threads were stopped: 0.0003106 seconds, Stopping threads took: 0.0000014 seconds
[54.786s][info][gc       ] [SPS 0.000 0.001 0.007 0.007 0.001 0.001 0.000 0.275 0.026 0.311 NewGC_pause1 54.769965 ]
[55.514s][info][safepoint] Application time: 0.7439848 seconds
[55.515s][info][safepoint] Total time for which application threads were stopped: 0.0001603 seconds, Stopping threads took: 0.0000004 seconds
[55.515s][info][gc       ] [SPS 0.000 0.001 0.000 0.006 0.000 0.001 0.000 0.131 0.022 0.160 NewGC_pause2 55.514111 ]
[55.516s][info][safepoint] Application time: 0.0020491 seconds
[55.516s][info][safepoint] Total time for which application threads were stopped: 0.0001049 seconds, Stopping threads took: 0.0000004 seconds
[55.517s][info][gc       ] [SPS 0.000 0.000 0.000 0.005 0.000 0.001 0.000 0.073 0.026 0.105 NewGC_pause3 55.516265 ]
[55.533s][info][safepoint] Application time: 0.0163638 seconds
[55.533s][info][safepoint] Total time for which application threads were stopped: 0.0002053 seconds, Stopping threads took: 0.0000003 seconds
[55.533s][info][gc       ] [SPS 0.000 0.010 0.005 0.007 0.000 0.001 0.000 0.145 0.052 0.206 NewGC_pause4 55.532834 ]
[55.704s][info][gc       ] [GC NTO Max 89-68 : 6356 6126 5864 6356 - - 835 20 2 2 - : 2740 2804 28 292 3142 : 2046 8 1087 1087 422 : 70 228 156 0 1273 - 97 : 0.001724 0.0 0.0 0.941216 756.5 2.1 : 3 --c 0000 : 23 13940 0.000 0.000 0 0.000 0.000 13940 0.000 0.000 : 54.762736 54.769655 0.000168 55.513950 0.000088 55.516160 0.000049 55.532629 0.000109 : 55.703952 ]
[55.704s][info][gc       ] [SYSINFO 8248 192 64 427 7276 0 15 0 0 6939 : - - - - - - - - : 0 7168 : 4.38 2.48 2.28 : 271703 4210752 : 0 0 : 14 0 : 1736 3 0 266 : - 8346435584 574701568 875565056 7201210368 200994816 68259840 : 139826290 21701660 325920 0 0 0 : 55.704285 ]
[55.704s][info][gc       ] [HUGEPAGESTAT 0 0 0 - 55699 0 0 : 301056 0 0 : 55.704285 ]
[55.704s][info][gc       ] [OBJCREAT 52648196 25132 23269376 : 55.704350 ]
[55.704s][info][gc       ] [HMSV All : 2586 1884 128 0 0 0 0 0 : 6588 0 0 0 : 55.704378 ]
[55.704s][info][gc       ] [HMSP 2640 : 52516 3768 : 55.704378 ]
[55.705s][info][gc       ] [GPGC-H  4278.8 588.7 3.3 0.0 : 352.9 : 0.000 0.000 : 0.000 0.000 0.960 2.746 : 0.000 0.000 0.000 0.000 2.737 1.064 : 0.000 : 99.907 : 2816 2804 28 0 : 2257 : 5720 5428 : 55.705100 : 3 Heap_use_exceeded_committed ]
[55.705s][info][gc       ] [VMAC 65530 170 348 480 998 : 55.705126 ]
[55.714s][info][safepoint] Application time: 0.1804827 seconds
[55.714s][info][safepoint] Total time for which application threads were stopped: 0.0008003 seconds, Stopping threads took: 0.0005457 seconds
[55.715s][info][gc       ] [SPS 0.000 0.011 0.003 0.006 0.546 0.001 0.000 0.213 0.034 0.800 NewGC_pause1 55.714117 ]
[56.097s][info][safepoint] Application time: 0.3822563 seconds
[56.098s][info][safepoint] Total time for which application threads were stopped: 0.0008308 seconds, Stopping threads took: 0.0000004 seconds
[56.098s][info][gc       ] [SPS 0.000 0.001 0.000 0.007 0.000 0.001 0.000 0.788 0.034 0.831 OldGC_pause2 56.097204 ]
[56.100s][info][safepoint] Application time: 0.0029796 seconds
[56.100s][info][safepoint] Total time for which application threads were stopped: 0.0000685 seconds, Stopping threads took: 0.0000005 seconds
[56.101s][info][gc       ] [SPS 0.000 0.001 0.000 0.007 0.001 0.001 0.000 0.040 0.020 0.068 OldGC_pause3 56.100252 ]
[56.430s][info][safepoint] Application time: 0.3293910 seconds
[56.430s][info][safepoint] Total time for which application threads were stopped: 0.0000558 seconds, Stopping threads took: 0.0000004 seconds
[56.430s][info][gc       ] [SPS 0.000 0.001 0.000 0.006 0.000 0.001 0.000 0.036 0.012 0.056 NewGC_pause2 56.429699 ]
[56.431s][info][safepoint] Application time: 0.0013982 seconds
[56.431s][info][safepoint] Total time for which application threads were stopped: 0.0000528 seconds, Stopping threads took: 0.0000004 seconds
[56.432s][info][gc       ] [SPS 0.000 0.000 0.000 0.006 0.000 0.001 0.000 0.033 0.013 0.053 NewGC_pause3 56.431150 ]
[56.454s][info][safepoint] Application time: 0.0225490 seconds
[56.454s][info][safepoint] Total time for which application threads were stopped: 0.0001485 seconds, Stopping threads took: 0.0000003 seconds
[56.454s][info][gc       ] [SPS 0.000 0.004 0.004 0.005 0.000 0.001 0.000 0.119 0.023 0.149 NewGC_pause4 56.453848 ]
[56.623s][info][gc       ] [GC New Max 91-69 : 6356 6136 5884 6356 - - 835 20 2 2 - : 2580 2984 28 292 3012 : 2173 9 829 829 320 : 90 212 98 0 1173 - 117 : 0.005387 14107.7 0.0 0.912972 492.9 0.0 : 3 --c 0000 : 23 10193 0.000 0.000 0 0.000 0.000 10193 0.000 0.000 : 55.709340 55.713317 0.000714 56.429644 0.000039 56.431098 0.000036 56.453700 0.000050 : 56.622312 ]
[56.623s][info][gc       ] [SYSINFO 8248 192 64 427 7276 0 15 0 0 6939 : - - - - - - - - : 0 7168 : 4.38 2.48 2.28 : 271703 4210752 : 0 0 : 14 0 : 1736 2 0 266 : - 8346435584 574701568 875565056 7201210368 200994816 68259840 : 139826290 21705260 326010 0 0 0 : 56.622641 ]
[56.623s][info][gc       ] [HUGEPAGESTAT 0 0 0 - 55699 0 0 : 301056 0 0 : 56.622641 ]
[56.623s][info][gc       ] [OBJCREAT 53110148 25132 23453696 : 56.622714 ]
[56.623s][info][gc       ] [HMSV All : 2586 1884 128 0 0 0 0 0 : 6588 0 0 0 : 56.622739 ]
[56.623s][info][gc       ] [HMSP 2640 : 52516 3768 : 56.622739 ]
[56.623s][info][gc       ] [VMAC 65530 170 348 480 998 : 56.623447 ]
[56.624s][info][gc       ] [GPGC-H  4280.0 544.5 2.9 0.0 : 313.0 : 0.000 0.000 : 0.000 0.000 0.957 2.746 : 0.000 0.000 0.000 0.000 2.713 1.064 : 0.000 : 99.904 : 2594 2984 28 0 : 2257 : 5720 5428 : 56.623652 : 3 Heap_use_exceeded_committed ]
[56.627s][info][safepoint] Application time: 0.1725771 seconds
[56.627s][info][safepoint] Total time for which application threads were stopped: 0.0001112 seconds, Stopping threads took: 0.0000004 seconds
[56.627s][info][gc       ] [SPS 0.000 0.002 0.003 0.006 0.000 0.001 0.000 0.088 0.015 0.111 OldGC_pause4 56.626537 ]
[56.632s][info][safepoint] Application time: 0.0057359 seconds
[56.633s][info][safepoint] Total time for which application threads were stopped: 0.0001437 seconds, Stopping threads took: 0.0000004 seconds
[56.633s][info][gc       ] [SPS 0.000 0.581 0.003 0.006 0.000 0.001 0.000 0.123 0.014 0.144 NewGC_pause1 56.632416 ]
[56.633s][info][gc       ] [GC Old Max 90-22 : 6356 6136 4190 6356 - - 835 20 2 2 - : 2674 1196 28 292 3014 : 1135 15 1859 1859 0 : 0 6 161 0 612 - 0 : 0.734349 266.9 0.0 1.868540 171.3 1.1 : 1 --c 0000 : 23   -    -    -    -    -    -    -    -    -  : 54.764730 54.769655 0.000168 56.096374 0.000785 56.100184 0.000044 56.626426 0.000092 : 56.633270 ]
[56.634s][info][gc       ] [SYSINFO 8248 192 64 427 7276 0 15 0 0 6939 : - - - - - - - - : 0 7168 : 4.38 2.48 2.28 : 271703 4210752 : 0 0 : 14 0 : 1736 5 0 266 : - 8346435584 574701568 875565056 7201210368 200994816 68259840 : 139826290 21705270 326010 0 0 0 : 56.633473 ]
[56.634s][info][gc       ] [HUGEPAGESTAT 0 0 0 - 55699 0 0 : 301056 0 0 : 56.633473 ]
[56.634s][info][gc       ] [OBJCREAT 53200189 25132 23453696 : 56.633513 ]
[56.634s][info][gc       ] [HMSV All : 2586 1884 128 0 0 0 0 0 : 6588 0 0 0 : 56.633531 ]
[56.634s][info][gc       ] [HMSP 2640 : 52516 3768 : 56.633531 ]
[56.634s][info][gc       ] [COMPSTATS 1 : 5 0 : 1 0 : 0 0 : 405 3 0 0 0 0 : 0 0 0 0 0 0 : 99 100 4 : 408 0 0 0 0 0 0 : 408 0 0 0 0 0 0 ]
[56.634s][info][gc       ] [COMPSTATS 2 : 5 0 : 1 0 : 0 0 : 72 7 0 0 0 0 : 0 0 0 0 0 0 : 3558 3582 732 : 60 19 0 0 0 0 0 : 15 56 8 0 0 0 0 ]
[56.634s][info][gc       ] [DEOPTSTATS 1 : 0 0 : 0 0 : 0 0 : 0 0 : 0 1 : 0 0 : 0 0 : 0 0 : 0 0 : 0 0 : 0 0 : 0 0 : 0 0 : 0 0 : 0 0 : 0 0 : 0 0 : 0 0 : 0 0 : 0 0 : 0 0 : 0 0 : 0 0 : 0 0 : 0 0 : 0 0 : 0 0 : 0 0 : 0 0 : 0 0 : 4 0 : 0 0 : 0 0 : 0 0 : 0 0 : 0 0 : 0 0 : 0 0 : 0 0 : 0 0 : 0 0 : 0 0 ]
[56.634s][info][gc       ] [DEOPTSTATS 2 : 0 0 : 0 0 : 0 0 : 0 0 : 0 0 : 0 0 : 0 10 : 0 0 : 0 0 : 0 0 : 0 0 : 0 0 : 0 0 : 0 0 : 0 0 : 0 0 : 0 0 : 0 0 : 0 0 : 0 0 : 0 0 : 0 0 : 0 0 : 0 0 : 0 0 : 0 0 : 0 0 : 0 0 : 0 0 : 0 0 : 3 0 : 0 0 : 0 0 : 0 0 : 0 1 : 0 0 : 0 0 : 0 0 : 0 0 : 0 4 : 0 0 : 0 0 ]
[56.634s][info][gc       ] [VMAC 65530 170 348 480 998 : 56.634251 ]
[56.634s][info][gc       ] [CCF 0 0 0 0 19 44032: 2629632 : 380 196608 : 2 32768 : 316 310784 :  407 528896 : 61 96768 : 0 0 : 15 1228800 : 1 2048]
[57.395s][info][safepoint] Application time: 0.7619150 seconds
[57.395s][info][safepoint] Total time for which application threads were stopped: 0.0001704 seconds, Stopping threads took: 0.0000004 seconds
[57.395s][info][gc       ] [SPS 0.000 0.001 0.000 0.006 0.000 0.001 0.000 0.131 0.031 0.170 NewGC_pause2 57.394502 ]
[57.396s][info][safepoint] Application time: 0.0016579 seconds
[57.397s][info][safepoint] Total time for which application threads were stopped: 0.0001213 seconds, Stopping threads took: 0.0000005 seconds
[57.397s][info][gc       ] [SPS 0.000 0.001 0.000 0.006 0.000 0.001 0.000 0.098 0.015 0.121 NewGC_pause3 57.396281 ]
[57.414s][info][safepoint] Application time: 0.0176861 seconds
[57.415s][info][safepoint] Total time for which application threads were stopped: 0.0001566 seconds, Stopping threads took: 0.0000004 seconds
[57.415s][info][gc       ] [SPS 0.000 0.005 0.009 0.006 0.000 0.001 0.000 0.124 0.024 0.157 NewGC_pause4 57.414124 ]
[57.660s][info][gc       ] [GC New Max 92-70 : 6356 5938 5938 6356 - - 835 20 2 2 - : 3860 1758 28 292 4002 : 3267 19 648 648 569 : 281 0 630 0 1803 - 127 : 0.005944 10430.8 0.0 1.031333 1799.6 0.0 : 3 --c 0000 : 23 2888 0.000 0.000 0 0.000 0.000 2888 0.000 0.000 : 56.628256 56.632273 0.000124 57.394332 0.000063 57.396160 0.000101 57.413968 0.000067 : 57.659589 ]
[57.660s][info][gc       ] [SYSINFO 8248 192 64 427 7276 0 15 0 0 6939 : - - - - - - - - : 0 7168 : 4.35 2.51 2.29 : 271703 4210752 : 0 0 : 14 0 : 1736 2 0 266 : - 8346435584 574701568 875565056 7201210368 200994816 68259840 : 139826290 21709070 326080 0 0 0 : 57.659866 ]
[57.660s][info][gc       ] [HUGEPAGESTAT 0 0 0 - 55699 0 0 : 301056 0 0 : 57.659866 ]
[57.660s][info][gc       ] [OBJCREAT 55007121 25132 24029184 : 57.659912 ]
[57.660s][info][gc       ] [HMSV All : 2586 1884 135 0 0 0 0 0 : 6588 0 0 0 : 57.659930 ]
[57.660s][info][gc       ] [HMSP 2640 : 52516 3768 : 57.659930 ]
[57.661s][info][gc       ] [VMAC 65530 170 348 480 998 : 57.660570 ]
[57.661s][info][gc       ] [GPGC-H  4202.6 544.5 2.9 0.0 : 313.0 : 0.000 0.000 : 0.000 0.000 0.955 2.647 : 0.000 0.000 0.000 0.000 2.713 1.056 : 0.000 : 99.900 : 3874 1758 28 0 : 2257 : 5720 5428 : 57.660964 : 3 Heap_use_exceeded_committed ]
[57.669s][info][safepoint] Application time: 0.2546477 seconds
[57.671s][info][safepoint] Total time for which application threads were stopped: 0.0003489 seconds, Stopping threads took: 0.0000007 seconds
[57.671s][info][gc       ] [SPS 0.000 0.001 0.004 0.006 0.001 0.001 0.000 0.312 0.030 0.349 NewGC_pause1 57.669121 ]
[58.440s][info][safepoint] Application time: 0.7710016 seconds
[58.441s][info][safepoint] Total time for which application threads were stopped: 0.0001833 seconds, Stopping threads took: 0.0000003 seconds
[58.441s][info][gc       ] [SPS 0.000 0.001 0.000 0.005 0.000 0.001 0.000 0.159 0.017 0.183 NewGC_pause2 58.440306 ]
[58.443s][info][safepoint] Application time: 0.0021074 seconds
[58.443s][info][safepoint] Total time for which application threads were stopped: 0.0001699 seconds, Stopping threads took: 0.0000004 seconds
[58.443s][info][gc       ] [SPS 0.000 0.000 0.000 0.010 0.000 0.001 0.000 0.136 0.022 0.170 NewGC_pause3 58.442583 ]
[58.458s][info][safepoint] Application time: 0.0154564 seconds
[58.459s][info][safepoint] Total time for which application threads were stopped: 0.0001525 seconds, Stopping threads took: 0.0000003 seconds
[58.459s][info][gc       ] [SPS 0.000 0.033 0.018 0.005 0.000 0.001 0.000 0.121 0.025 0.153 NewGC_pause4 58.458192 ]
[58.600s][info][gc       ] [GC NTO Max 93-71 : 6356 6208 6066 6356 - - 835 20 2 2 - : 3690 2056 28 292 4130 : 2472 9 1646 1646 1457 : 149 0 105 0 1762 - 83 : 0.002227 10777.7 0.0 0.938240 309.1 0.0 : 3 --c 0000 : 23 6687 0.000 0.173 0 0.000 0.000 6687 0.000 0.173 : 57.661816 57.668772 0.000284 58.440123 0.000135 58.442413 0.000144 58.458040 0.000049 : 58.600056 ]
[58.600s][info][gc       ] [SYSINFO 8248 192 64 427 7276 0 15 0 0 6939 : - - - - - - - - : 0 7168 : 4.35 2.51 2.29 : 271703 4210752 : 0 0 : 14 0 : 1736 2 0 266 : - 8346435584 574701568 875565056 7201210368 200994816 68259840 : 139826290 21712310 326160 0 0 0 : 58.600352 ]
[58.600s][info][gc       ] [HUGEPAGESTAT 0 0 0 - 55699 0 0 : 301056 0 0 : 58.600352 ]
[58.600s][info][gc       ] [OBJCREAT 55324909 25196 24334336 : 58.600418 ]
[58.600s][info][gc       ] [HMSV All : 2586 1884 136 0 0 0 0 0 : 6588 0 0 0 : 58.600435 ]
[58.600s][info][gc       ] [HMSP 2640 : 52516 3768 : 58.600435 ]
[58.601s][info][gc       ] [VMAC 65530 170 348 480 998 : 58.601205 ]
[58.601s][info][gc       ] [GPGC-H  4123.2 544.5 2.9 0.0 : 313.0 : 0.000 0.000 : 0.000 0.000 0.952 2.647 : 0.000 0.000 0.000 0.000 2.704 1.056 : 0.000 : 99.894 : 3700 2056 28 0 : 2257 : 5720 5428 : 58.601280 : 3 Heap_use_exceeded_committed ]
[58.611s][info][safepoint] Application time: 0.1525465 seconds
[58.611s][info][safepoint] Total time for which application threads were stopped: 0.0001690 seconds, Stopping threads took: 0.0000005 seconds
[58.612s][info][gc       ] [SPS 0.000 0.006 0.005 0.007 0.001 0.001 0.000 0.141 0.020 0.169 NewGC_pause1 58.610908 ]
[59.352s][info][safepoint] Application time: 0.7406534 seconds
[59.352s][info][safepoint] Total time for which application threads were stopped: 0.0001952 seconds, Stopping threads took: 0.0000005 seconds
[59.352s][info][gc       ] [SPS 0.000 0.002 0.000 0.007 0.000 0.001 0.000 0.162 0.025 0.195 NewGC_pause2 59.351757 ]
[59.353s][info][safepoint] Application time: 0.0015510 seconds
[59.354s][info][safepoint] Total time for which application threads were stopped: 0.0000707 seconds, Stopping threads took: 0.0000004 seconds
[59.354s][info][gc       ] [SPS 0.000 0.000 0.000 0.006 0.000 0.001 0.000 0.058 0.005 0.071 NewGC_pause3 59.353378 ]
[59.370s][info][safepoint] Application time: 0.0164156 seconds
[59.370s][info][safepoint] Total time for which application threads were stopped: 0.0000718 seconds, Stopping threads took: 0.0000004 seconds
[59.370s][info][gc       ] [SPS 0.000 0.028 0.006 0.007 0.000 0.001 0.000 0.047 0.016 0.072 NewGC_pause4 59.369866 ]
[59.592s][info][gc       ] [GC New Max 95-72 : 6356 6270 6044 6356 - - 835 20 2 2 - : 3098 2626 28 292 3894 : 2247 10 1636 1636 1337 : 285 0 61 0 1477 - 72 : 0.006091 10178.7 0.0 0.985686 215.1 0.0 : 3 --c 0000 : 23 5628 0.000 0.001 0 0.000 0.000 5628 0.000 0.001 : 58.606147 58.610739 0.000140 59.351561 0.000129 59.353308 0.000062 59.369794 0.000051 : 59.591833 ]
[59.592s][info][gc       ] [SYSINFO 8248 192 64 427 7276 0 15 0 0 6939 : - - - - - - - - : 0 7168 : 4.35 2.51 2.29 : 271703 4210752 : 0 0 : 14 0 : 1736 3 0 266 : - 8346435584 574701568 875565056 7201210368 200994816 68259840 : 139826290 21716360 326180 0 0 0 : 59.592134 ]
[59.592s][info][gc       ] [HUGEPAGESTAT 0 0 0 - 55699 0 0 : 301056 0 0 : 59.592134 ]
[59.592s][info][gc       ] [OBJCREAT 55602568 25196 24918016 : 59.592202 ]
[59.592s][info][gc       ] [HMSV All : 2586 1884 136 0 0 0 0 0 : 6588 0 0 0 : 59.592223 ]
[59.592s][info][gc       ] [HMSP 2640 : 52516 3768 : 59.592223 ]
[59.593s][info][safepoint] Application time: 0.2221868 seconds
[59.593s][info][safepoint] Total time for which application threads were stopped: 0.0007249 seconds, Stopping threads took: 0.0000004 seconds
[59.594s][info][gc       ] [SPS 0.000 0.001 0.000 0.007 0.000 0.001 0.000 0.690 0.026 0.725 OldGC_pause2 59.592778 ]
[59.593s][info][gc       ] [GPGC-H  4022.5 536.5 2.6 0.0 : 272.9 : 0.000 0.000 : 0.000 0.000 0.950 2.647 : 0.000 0.000 0.000 0.000 2.736 1.056 : 0.000 : 99.890 : 3100 2626 28 0 : 2257 : 5720 5428 : 59.592849 : 3 Heap_use_exceeded_committed ]
[59.593s][info][gc       ] [VMAC 65530 170 348 480 998 : 59.592981 ]
[59.595s][info][safepoint] Application time: 0.0018513 seconds
[59.595s][info][safepoint] Total time for which application threads were stopped: 0.0000788 seconds, Stopping threads took: 0.0000004 seconds
[59.595s][info][gc       ] [SPS 0.000 0.000 0.000 0.007 0.000 0.001 0.000 0.057 0.014 0.079 OldGC_pause3 59.594708 ]
[59.601s][info][safepoint] Application time: 0.0060369 seconds
[59.601s][info][safepoint] Total time for which application threads were stopped: 0.0001097 seconds, Stopping threads took: 0.0000004 seconds
[59.602s][info][gc       ] [SPS 0.000 0.035 0.002 0.006 0.000 0.001 0.000 0.086 0.017 0.110 NewGC_pause1 59.600855 ]
[60.210s][info][safepoint] Application time: 0.6086771 seconds
[60.210s][info][safepoint] Total time for which application threads were stopped: 0.0001653 seconds, Stopping threads took: 0.0000004 seconds
[60.211s][info][gc       ] [SPS 0.000 0.001 0.000 0.006 0.000 0.001 0.000 0.150 0.008 0.165 NewGC_pause2 60.209697 ]
[60.212s][info][safepoint] Application time: 0.0018376 seconds
[60.212s][info][safepoint] Total time for which application threads were stopped: 0.0000527 seconds, Stopping threads took: 0.0000004 seconds
[60.212s][info][gc       ] [SPS 0.000 0.001 0.000 0.007 0.000 0.001 0.000 0.041 0.004 0.053 NewGC_pause3 60.211587 ]
[60.230s][info][safepoint] Application time: 0.0182958 seconds
[60.230s][info][safepoint] Total time for which application threads were stopped: 0.0000973 seconds, Stopping threads took: 0.0000003 seconds
[60.231s][info][gc       ] [SPS 0.000 0.003 0.004 0.005 0.000 0.001 0.000 0.083 0.008 0.098 NewGC_pause4 60.229981 ]
[60.520s][info][gc       ] [GC New Max 96-73 : 6356 6224 5926 6356 - - 835 20 2 2 - : 2310 3294 30 292 3248 : 1767 7 1471 1471 926 : 334 0 43 0 1113 - 42 : 0.005364 8948.0 0.0 0.922556 409.7 2.2 : 3 --c 0000 : 23 4637 0.000 0.327 0 0.000 0.000 4637 0.000 0.327 : 59.597197 59.600745 0.000087 60.209532 0.000050 60.211535 0.000044 60.229883 0.000081 : 60.519753 ]
[60.520s][info][gc       ] [SYSINFO 8248 192 64 427 7276 0 15 0 0 6939 : - - - - - - - - : 0 7168 : 4.35 2.51 2.29 : 271703 4210752 : 0 0 : 14 0 : 1736 2 0 266 : - 8346435584 574701568 875565056 7201210368 200994816 68259840 : 139826290 21719190 326200 0 0 0 : 60.520014 ]
[60.520s][info][gc       ] [HUGEPAGESTAT 0 0 0 - 55699 0 0 : 301056 0 0 : 60.520014 ]
[60.520s][info][gc       ] [OBJCREAT 56031920 25196 25602048 : 60.520063 ]
[60.520s][info][gc       ] [HMSV All : 2586 1884 137 0 0 0 0 0 : 6588 0 0 0 : 60.520081 ]
[60.520s][info][gc       ] [HMSP 2640 : 52516 3768 : 60.520081 ]
[60.521s][info][gc       ] [VMAC 65530 170 348 480 998 : 60.520718 ]
[60.521s][info][gc       ] [GPGC-H  3933.5 536.5 2.6 0.0 : 272.9 : 0.000 0.000 : 0.000 0.000 0.943 2.647 : 0.000 0.000 0.000 0.000 2.734 1.056 : 0.000 : 99.883 : 2324 3294 30 0 : 2257 : 5720 5428 : 60.520859 : 3 Heap_use_exceeded_committed ]
[60.561s][info][safepoint] Application time: 0.3311282 seconds
[60.562s][info][safepoint] Total time for which application threads were stopped: 0.0001863 seconds, Stopping threads took: 0.0000047 seconds
[60.562s][info][gc       ] [SPS 0.000 0.009 0.006 0.007 0.005 0.001 0.000 0.149 0.025 0.186 OldGC_pause4 60.561296 ]
[60.566s][info][safepoint] Application time: 0.0042250 seconds
[60.566s][info][safepoint] Total time for which application threads were stopped: 0.0002006 seconds, Stopping threads took: 0.0000004 seconds
[60.566s][info][gc       ] [SPS 0.000 0.426 0.002 0.006 0.000 0.001 0.000 0.179 0.014 0.201 NewGC_pause1 60.565721 ]
[61.080s][info][gc       ] [GC Old Max 94-23 : 6356 6270 6130 6356 - - 835 20 2 2 - : 2584 3224 28 292 3332 : 3222 22 82 82 23 : 0 288 769 2 1516 - 110 : 1.030515 545.4 0.0 3.416162 449.6 0.6 : 1 --c 0000 : 23   -    -    -    -    -    -    -    -    -  : 57.663785 57.668772 0.000284 59.592053 0.000694 59.594629 0.000061 60.561109 0.000155 : 61.079947 ]
[61.080s][info][gc       ] [SYSINFO 8248 192 64 427 7276 0 15 0 0 6939 : - - - - - - - - : 0 7168 : 4.35 2.51 2.29 : 271703 4210752 : 0 0 : 14 0 : 1736 5 0 266 : - 8346435584 574701568 875565056 7201210368 200994816 68259840 : 139826290 21721310 326240 0 0 0 : 61.080250 ]
[61.080s][info][gc       ] [HUGEPAGESTAT 0 0 0 - 55699 0 0 : 301056 0 0 : 61.080250 ]
[61.080s][info][gc       ] [OBJCREAT 56309066 25196 25602048 : 61.080322 ]
[61.080s][info][gc       ] [HMSV All : 2586 1884 137 0 0 0 0 0 : 6588 0 0 0 : 61.080343 ]
[61.080s][info][gc       ] [HMSP 2640 : 52516 3768 : 61.080343 ]
[61.080s][info][gc       ] [COMPSTATS 1 : 5 0 : 3 0 : 0 0 : 408 3 0 0 0 0 : 0 0 0 0 0 0 : 99 101 4 : 411 0 0 0 0 0 0 : 411 0 0 0 0 0 0 ]
[61.080s][info][gc       ] [COMPSTATS 2 : 5 0 : 1 0 : 0 0 : 72 7 0 0 0 0 : 0 0 0 0 0 0 : 3558 3582 732 : 60 19 0 0 0 0 0 : 15 56 8 0 0 0 0 ]
[61.080s][info][gc       ] [DEOPTSTATS 1 : 0 0 : 0 0 : 0 0 : 0 0 : 0 1 : 0 0 : 0 0 : 0 0 : 0 0 : 0 0 : 0 0 : 0 0 : 0 0 : 0 0 : 0 0 : 0 0 : 0 0 : 0 0 : 0 0 : 0 0 : 0 0 : 0 0 : 0 0 : 0 0 : 0 0 : 0 0 : 0 0 : 0 0 : 0 0 : 0 0 : 4 0 : 0 0 : 0 0 : 0 0 : 0 0 : 0 0 : 0 0 : 0 0 : 0 0 : 0 0 : 0 0 : 0 0 ]
[61.080s][info][gc       ] [DEOPTSTATS 2 : 0 0 : 0 0 : 0 0 : 0 0 : 0 0 : 0 0 : 0 10 : 0 0 : 0 0 : 0 0 : 0 0 : 0 0 : 0 0 : 0 0 : 0 0 : 0 0 : 0 0 : 0 0 : 0 0 : 0 0 : 0 0 : 0 0 : 0 0 : 0 0 : 0 0 : 0 0 : 0 0 : 0 0 : 0 0 : 0 0 : 3 0 : 0 0 : 0 0 : 0 0 : 0 1 : 0 0 : 0 0 : 0 0 : 0 0 : 0 4 : 0 0 : 0 0 ]
[61.081s][info][gc       ] [CCF 0 0 0 0 19 44032: 2631680 : 380 196608 : 2 32768 : 316 310784 :  410 530944 : 61 96768 : 0 0 : 15 1228800 : 1 2048]
[61.081s][info][gc       ] [VMAC 65530 170 348 480 998 : 61.081128 ]
[61.089s][info][safepoint] Application time: 0.5227259 seconds
[61.089s][info][safepoint] Total time for which application threads were stopped: 0.0001779 seconds, Stopping threads took: 0.0000004 seconds
[61.089s][info][gc       ] [SPS 0.000 0.001 0.000 0.006 0.000 0.001 0.000 0.140 0.031 0.178 NewGC_pause2 61.088625 ]
[61.090s][info][safepoint] Application time: 0.0016797 seconds
[61.091s][info][safepoint] Total time for which application threads were stopped: 0.0001020 seconds, Stopping threads took: 0.0000004 seconds
[61.091s][info][gc       ] [SPS 0.000 0.000 0.000 0.007 0.000 0.001 0.000 0.091 0.003 0.102 NewGC_pause3 61.090407 ]
[61.105s][info][safepoint] Application time: 0.0142843 seconds
[61.105s][info][safepoint] Total time for which application threads were stopped: 0.0001535 seconds, Stopping threads took: 0.0000005 seconds
[61.106s][info][gc       ] [SPS 0.000 0.004 0.008 0.006 0.001 0.001 0.000 0.101 0.045 0.154 NewGC_pause4 61.104845 ]
[61.256s][info][gc       ] [GC New Max 97-74 : 6356 6132 5938 6356 - - 835 20 2 2 - : 2098 3520 28 292 2588 : 1392 8 1188 1188 916 : 148 0 74 0 1024 - 25 : 0.006007 11653.4 0.0 0.730329 386.1 0.0 : 3 --c 0000 : 23 7454 0.000 0.001 0 0.000 0.000 7454 0.000 0.001 : 60.525759 60.565520 0.000183 61.088447 0.000046 61.090305 0.000094 61.104691 0.000054 : 61.256088 ]
[61.256s][info][gc       ] [SYSINFO 8248 192 64 427 7276 0 15 0 0 6939 : - - - - - - - - : 0 7168 : 4.35 2.51 2.29 : 271703 4210752 : 0 0 : 14 0 : 1736 2 0 266 : - 8346435584 574701568 875565056 7201210368 200994816 68259840 : 139826290 21721880 326280 0 0 0 : 61.256397 ]
[61.256s][info][gc       ] [HUGEPAGESTAT 0 0 0 - 55699 0 0 : 301056 0 0 : 61.256397 ]
[61.256s][info][gc       ] [OBJCREAT 56388872 25196 25905152 : 61.256445 ]
[61.256s][info][gc       ] [HMSV All : 2586 1884 137 0 0 0 0 0 : 6588 0 0 0 : 61.256460 ]
[61.256s][info][gc       ] [HMSP 2640 : 52516 3768 : 61.256460 ]
[61.257s][info][gc       ] [GPGC-H  3930.7 536.5 2.6 0.0 : 272.9 : 0.000 0.000 : 0.000 0.000 0.933 3.416 : 0.000 0.000 0.000 0.000 2.728 1.088 : 0.000 : 99.878 : 2108 3520 28 0 : 2257 : 5720 5428 : 61.256917 : 3 Heap_use_exceeded_committed ]
[61.257s][info][gc       ] [VMAC 65530 170 348 480 998 : 61.257166 ]
[61.263s][info][safepoint] Application time: 0.1580325 seconds
[61.265s][info][safepoint] Total time for which application threads were stopped: 0.0002228 seconds, Stopping threads took: 0.0000004 seconds
[61.265s][info][gc       ] [SPS 0.000 0.001 0.004 0.005 0.000 0.001 0.000 0.163 0.053 0.223 NewGC_pause1 61.263101 ]
[61.780s][info][safepoint] Application time: 0.5169028 seconds
[61.781s][info][safepoint] Total time for which application threads were stopped: 0.0001080 seconds, Stopping threads took: 0.0000004 seconds
[61.781s][info][gc       ] [SPS 0.000 0.001 0.000 0.006 0.000 0.001 0.000 0.095 0.005 0.108 NewGC_pause2 61.780111 ]
[61.782s][info][safepoint] Application time: 0.0013387 seconds
[61.782s][info][safepoint] Total time for which application threads were stopped: 0.0000903 seconds, Stopping threads took: 0.0000004 seconds
[61.782s][info][gc       ] [SPS 0.000 0.001 0.000 0.006 0.000 0.001 0.000 0.080 0.003 0.090 NewGC_pause3 61.781540 ]
[61.802s][info][safepoint] Application time: 0.0207780 seconds
[61.803s][info][safepoint] Total time for which application threads were stopped: 0.0001423 seconds, Stopping threads took: 0.0000004 seconds
[61.803s][info][gc       ] [SPS 0.000 0.013 0.008 0.007 0.000 0.001 0.000 0.123 0.011 0.142 NewGC_pause4 61.802461 ]
[62.015s][info][gc       ] [GC NTO Max 98-75 : 6356 6076 5718 6356 - - 835 20 2 2 - : 1420 3978 28 292 2232 : 1185 7 1039 1039 611 : 229 0 61 0 648 - 62 : 0.000926 10803.5 0.0 0.757289 261.5 0.0 : 3 --c 0000 : 23 3851 0.000 0.266 0 0.000 0.000 3851 0.000 0.266 : 61.257014 61.262878 0.000130 61.780003 0.000098 61.781450 0.000084 61.802319 0.000055 : 62.014303 ]
[62.015s][info][gc       ] [SYSINFO 8248 192 64 450 7254 0 15 0 0 6939 : - - - - - - - - : 0 7168 : 4.35 2.51 2.29 : 271703 4210752 : 0 0 : 14 0 : 1736 3 0 266 : - 8346435584 574701568 875565056 7201210368 200994816 68259840 : 139826290 21725170 326420 0 0 0 : 62.014587 ]
[62.015s][info][gc       ] [HUGEPAGESTAT 0 0 0 - 55699 0 0 : 301056 0 0 : 62.014587 ]
[62.015s][info][gc       ] [OBJCREAT 56597320 25261 26374144 : 62.014642 ]
[62.015s][info][gc       ] [HMSV All : 2808 2106 137 0 0 0 0 0 : 6588 0 0 0 : 62.014664 ]
[62.015s][info][gc       ] [HMSP 2862 : 52516 4212 : 62.014664 ]
[62.015s][info][gc       ] [GPGC-H  3835.0 587.0 2.3 0.0 : 244.0 : 0.000 0.000 : 0.000 0.000 0.925 3.416 : 0.000 0.000 0.000 0.000 2.718 1.088 : 0.000 : 99.878 : 1420 3978 28 0 : 2257 : 5720 5428 : 62.015446 : 8 May_exceed_heap_occupancy_target ]
[62.016s][info][gc       ] [VMAC 65530 170 402 480 1052 : 62.015514 ]
[62.024s][info][safepoint] Application time: 0.2205059 seconds
[62.024s][info][safepoint] Total time for which application threads were stopped: 0.0007778 seconds, Stopping threads took: 0.0005328 seconds
[62.024s][info][gc       ] [SPS 0.000 0.029 0.005 0.007 0.533 0.001 0.000 0.219 0.017 0.778 NewGC_pause1 62.023745 ]
[62.330s][info][safepoint] Application time: 0.3063832 seconds
[62.331s][info][safepoint] Total time for which application threads were stopped: 0.0001515 seconds, Stopping threads took: 0.0000004 seconds
[62.331s][info][gc       ] [SPS 0.000 0.001 0.000 0.007 0.000 0.001 0.000 0.120 0.023 0.152 NewGC_pause2 62.330280 ]
[62.332s][info][safepoint] Application time: 0.0011852 seconds
[62.332s][info][safepoint] Total time for which application threads were stopped: 0.0000475 seconds, Stopping threads took: 0.0000004 seconds
[62.332s][info][gc       ] [SPS 0.000 0.000 0.000 0.006 0.000 0.001 0.000 0.036 0.003 0.047 NewGC_pause3 62.331512 ]
[62.361s][info][safepoint] Application time: 0.0293275 seconds
[62.376s][info][safepoint] Total time for which application threads were stopped: 0.0000738 seconds, Stopping threads took: 0.0000004 seconds
[62.377s][info][gc       ] [SPS 0.000 0.025 0.008 0.006 0.000 0.001 0.000 0.049 0.018 0.074 NewGC_pause4 62.360914 ]
[62.595s][info][gc       ] [GC New Max 100-76 : 6356 5958 5874 6356 - - 835 20 2 2 - : 1296 4258 28 292 1666 : 963 4 675 675 0 : 140 162 113 0 586 - 62 : 0.005577 0.0 0.0 0.574898 1415.9 0.0 : 3 --c 0000 : 23 13954 0.000 0.000 0 0.000 0.000 13954 0.000 0.000 : 62.019879 62.022967 0.000755 62.330128 0.000051 62.331465 0.000040 62.360840 0.000051 : 62.594777 ]
[62.595s][info][gc       ] [SYSINFO 8248 192 64 450 7253 0 15 0 0 6939 : - - - - - - - - : 0 7168 : 4.49 2.57 2.31 : 271703 4210752 : 0 0 : 14 0 : 1736 3 0 266 : - 8346435584 574701568 875565056 7201210368 200994816 68259840 : 139826290 21727880 326580 0 0 0 : 62.595045 ]
[62.595s][info][gc       ] [HUGEPAGESTAT 0 0 0 - 55699 0 0 : 301056 0 0 : 62.595045 ]
[62.595s][info][gc       ] [OBJCREAT 57423409 25261 26660864 : 62.595098 ]
[62.595s][info][gc       ] [HMSV All : 2808 2106 137 0 0 0 0 0 : 6588 0 0 0 : 62.595116 ]
[62.595s][info][gc       ] [HMSP 2862 : 52516 4212 : 62.595116 ]
[62.596s][info][gc       ] [VMAC 65530 170 402 480 1052 : 62.595860 ]
[62.597s][info][gc       ] [GPGC-H  4042.2 587.0 2.3 0.0 : 244.0 : 0.000 0.000 : 0.000 0.000 0.914 3.416 : 0.000 0.000 0.000 0.000 2.704 1.088 : 0.000 : 99.874 : 1318 4258 28 0 : 2257 : 5720 5428 : 62.596916 : 3 Heap_use_exceeded_committed ]
[62.598s][info][safepoint] Application time: 0.2361143 seconds
[62.598s][info][safepoint] Total time for which application threads were stopped: 0.0008365 seconds, Stopping threads took: 0.0000004 seconds
[62.598s][info][gc       ] [SPS 0.000 0.001 0.000 0.007 0.000 0.001 0.000 0.796 0.032 0.837 OldGC_pause2 62.597865 ]
[62.601s][info][safepoint] Application time: 0.0027791 seconds
[62.601s][info][safepoint] Total time for which application threads were stopped: 0.0000715 seconds, Stopping threads took: 0.0000005 seconds
[62.601s][info][gc       ] [SPS 0.000 0.000 0.000 0.007 0.000 0.001 0.000 0.046 0.013 0.067 OldGC_pause3 62.600715 ]
[62.606s][info][safepoint] Application time: 0.0054405 seconds
[62.606s][info][safepoint] Total time for which application threads were stopped: 0.0001594 seconds, Stopping threads took: 0.0000004 seconds
[62.607s][info][gc       ] [SPS 0.000 3.550 0.003 0.006 0.000 0.001 0.000 0.140 0.013 0.159 NewGC_pause1 62.606315 ]
[62.922s][info][safepoint] Application time: 0.3159143 seconds
[62.923s][info][safepoint] Total time for which application threads were stopped: 0.0001478 seconds, Stopping threads took: 0.0000004 seconds
[62.923s][info][gc       ] [SPS 0.000 0.001 0.000 0.005 0.000 0.001 0.000 0.118 0.023 0.148 NewGC_pause2 62.922378 ]
[62.924s][info][safepoint] Application time: 0.0014661 seconds
[62.924s][info][safepoint] Total time for which application threads were stopped: 0.0000455 seconds, Stopping threads took: 0.0000004 seconds
[62.924s][info][gc       ] [SPS 0.000 0.000 0.000 0.005 0.000 0.001 0.000 0.036 0.003 0.046 NewGC_pause3 62.923889 ]
[62.949s][info][safepoint] Application time: 0.0248145 seconds
[62.949s][info][safepoint] Total time for which application threads were stopped: 0.0001681 seconds, Stopping threads took: 0.0000004 seconds
[62.950s][info][gc       ] [SPS 0.000 0.003 0.003 0.005 0.000 0.001 0.000 0.140 0.022 0.168 NewGC_pause4 62.948872 ]
[63.123s][info][gc       ] [GC New Max 101-77 : 6356 6092 5716 6356 - - 835 20 2 2 - : 954 4442 28 292 1514 : 971 5 539 539 0 : 92 210 64 0 385 - 92 : 0.005824 8928.4 0.0 0.521865 597.9 0.0 : 3 --c 0000 : 23 4858 0.000 0.013 0 0.000 0.000 4858 0.000 0.013 : 62.600602 62.606156 0.000143 62.922230 0.000047 62.923844 0.000038 62.948704 0.000101 : 63.122467 ]
[63.123s][info][gc       ] [SYSINFO 8249 192 64 483 7220 0 15 0 0 6939 : - - - - - - - - : 0 7168 : 4.49 2.57 2.31 : 271703 4210792 : 0 0 : 19 0 : 1736 2 0 266 : - 8346435584 574701568 875565056 7201210368 200994816 68259840 : 139826290 21729620 326730 0 0 0 : 63.122755 ]
[63.123s][info][gc       ] [HUGEPAGESTAT 0 0 0 - 55699 0 0 : 301056 0 0 : 63.122755 ]
[63.123s][info][gc       ] [OBJCREAT 57791483 25261 26849280 : 63.122809 ]
[63.123s][info][gc       ] [HMSV All : 3138 2256 137 0 0 0 0 0 : 6648 0 0 0 : 63.122826 ]
[63.123s][info][gc       ] [HMSP 3192 : 52876 4512 : 63.122826 ]
[63.124s][info][gc       ] [VMAC 65530 170 570 480 1220 : 63.123774 ]
[63.124s][info][gc       ] [GPGC-H  4070.4 587.0 2.3 0.0 : 244.0 : 0.000 0.000 : 0.000 0.000 0.904 3.416 : 0.000 0.000 0.000 0.000 2.685 1.088 : 0.000 : 99.864 : 954 4442 28 0 : 2257 : 5720 5428 : 63.123866 : 8 May_exceed_heap_occupancy_target ]
[63.129s][info][safepoint] Application time: 0.1794194 seconds
[63.129s][info][safepoint] Total time for which application threads were stopped: 0.0005637 seconds, Stopping threads took: 0.0003143 seconds
[63.129s][info][gc       ] [SPS 0.000 0.003 0.002 0.007 0.314 0.001 0.000 0.209 0.033 0.564 OldGC_pause4 63.128855 ]
[63.131s][info][gc       ] [GC Old Max 99-24 : 6356 6132 3918 6356 - - 835 20 2 2 - : 954 2646 26 292 4472 : 2656 20 1788 1788 0 : 0 4 461 0 1281 - 55 : 0.179040 1653.3 0.0 1.871653 492.6 0.0 : 1 --c 0000 : 23   -    -    -    -    -    -    -    -    -  : 61.258988 61.262878 0.000130 62.597028 0.000793 62.600648 0.000050 63.128292 0.000471 : 63.130641 ]
[63.131s][info][gc       ] [SYSINFO 8249 192 64 483 7220 0 15 0 0 6939 : - - - - - - - - : 0 7168 : 4.49 2.57 2.31 : 271703 4210792 : 0 0 : 19 0 : 1736 3 0 266 : - 8346435584 574701568 875565056 7201210368 200994816 68259840 : 139826290 21729640 326730 0 0 0 : 63.130905 ]
[63.131s][info][gc       ] [HUGEPAGESTAT 0 0 0 - 55699 0 0 : 301056 0 0 : 63.130905 ]
[63.131s][info][gc       ] [OBJCREAT 57791483 25261 26849280 : 63.130966 ]
[63.131s][info][gc       ] [HMSV All : 3138 2256 137 0 0 0 0 0 : 6648 0 0 0 : 63.130984 ]
[63.131s][info][gc       ] [HMSP 3192 : 52876 4512 : 63.130984 ]
[63.131s][info][gc       ] [COMPSTATS 1 : 5 0 : 3 0 : 0 0 : 408 3 0 0 0 0 : 0 0 0 0 0 0 : 99 101 4 : 411 0 0 0 0 0 0 : 411 0 0 0 0 0 0 ]
[63.131s][info][gc       ] [COMPSTATS 2 : 5 0 : 1 0 : 0 0 : 72 7 0 0 0 0 : 0 0 0 0 0 0 : 3558 3582 732 : 60 19 0 0 0 0 0 : 15 56 8 0 0 0 0 ]
[63.131s][info][gc       ] [DEOPTSTATS 1 : 0 0 : 0 0 : 0 0 : 0 0 : 0 1 : 0 0 : 0 0 : 0 0 : 0 0 : 0 0 : 0 0 : 0 0 : 0 0 : 0 0 : 0 0 : 0 0 : 0 0 : 0 0 : 0 0 : 0 0 : 0 0 : 0 0 : 0 0 : 0 0 : 0 0 : 0 0 : 0 0 : 0 0 : 0 0 : 0 0 : 4 0 : 0 0 : 0 0 : 0 0 : 0 0 : 0 0 : 0 0 : 0 0 : 0 0 : 0 0 : 0 0 : 0 0 ]
[63.131s][info][gc       ] [DEOPTSTATS 2 : 0 0 : 0 0 : 0 0 : 0 0 : 0 0 : 0 0 : 0 10 : 0 0 : 0 0 : 0 0 : 0 0 : 0 0 : 0 0 : 0 0 : 0 0 : 0 0 : 0 0 : 0 0 : 0 0 : 0 0 : 0 0 : 0 0 : 0 0 : 0 0 : 0 0 : 0 0 : 0 0 : 0 0 : 0 0 : 0 0 : 3 0 : 0 0 : 0 0 : 0 0 : 0 1 : 0 0 : 0 0 : 0 0 : 0 0 : 0 4 : 0 0 : 0 0 ]
[63.132s][info][gc       ] [VMAC 65530 170 570 480 1220 : 63.131989 ]
[63.132s][info][gc       ] [CCF 0 0 0 0 19 44032: 2631680 : 380 196608 : 2 32768 : 316 310784 :  410 530944 : 61 96768 : 0 0 : 15 1228800 : 1 2048]
[63.133s][info][safepoint] Application time: 0.0039354 seconds
[63.134s][info][safepoint] Total time for which application threads were stopped: 0.0005588 seconds, Stopping threads took: 0.0004171 seconds
[63.134s][info][gc       ] [SPS 0.000 0.904 0.003 0.006 0.417 0.001 0.000 0.121 0.013 0.559 NewGC_pause1 63.133349 ]
[63.669s][info][gc       ] [DEOPTSTATS 1 : 0 0 : 0 0 : 0 0 : 0 0 : 0 1 : 0 0 : 0 0 : 0 0 : 0 0 : 0 0 : 0 0 : 0 0 : 0 0 : 0 0 : 0 0 : 0 0 : 0 0 : 0 0 : 0 0 : 0 0 : 0 0 : 0 0 : 0 0 : 0 0 : 0 0 : 0 0 : 0 0 : 0 0 : 0 0 : 0 0 : 4 0 : 0 0 : 0 0 : 0 0 : 0 0 : 0 0 : 0 0 : 0 0 : 0 0 : 0 0 : 0 0 : 0 0 ]
[63.669s][info][gc       ] [DEOPTSTATS 2 : 0 0 : 0 0 : 0 0 : 0 0 : 0 0 : 0 0 : 0 11 : 0 0 : 0 0 : 0 0 : 0 0 : 0 0 : 0 0 : 0 0 : 0 0 : 0 0 : 0 0 : 0 0 : 0 0 : 0 0 : 0 0 : 0 0 : 0 0 : 0 0 : 0 0 : 0 0 : 0 0 : 0 0 : 0 0 : 0 0 : 3 0 : 0 0 : 0 0 : 0 0 : 0 1 : 0 0 : 0 0 : 0 0 : 0 0 : 0 4 : 0 0 : 0 0 ]
[63.671s][info][safepoint] Application time: 0.5372946 seconds
[63.671s][info][safepoint] Total time for which application threads were stopped: 0.0001573 seconds, Stopping threads took: 0.0000004 seconds
[63.671s][info][gc       ] [SPS 0.000 0.001 0.000 0.006 0.000 0.001 0.000 0.131 0.018 0.157 NewGC_pause2 63.670802 ]
[63.672s][info][safepoint] Application time: 0.0014367 seconds
[63.673s][info][safepoint] Total time for which application threads were stopped: 0.0001047 seconds, Stopping threads took: 0.0000003 seconds
[63.673s][info][gc       ] [SPS 0.000 0.000 0.000 0.006 0.000 0.001 0.000 0.095 0.003 0.105 NewGC_pause3 63.672343 ]
[63.679s][info][safepoint] Application time: 0.0067166 seconds
[63.696s][info][safepoint] Total time for which application threads were stopped: 0.0001545 seconds, Stopping threads took: 0.0000003 seconds
[63.697s][info][gc       ] [SPS 0.000 0.003 0.002 0.006 0.000 0.004 0.000 0.123 0.014 0.148 NewGC_pause4 63.679214 ]
[63.729s][info][gc       ] [GC New Max 102-78 : 6356 5716 4246 6356 - - 835 20 2 2 - : 1210 2716 28 292 1384 : 1272 12 99 99 0 : 35 46 212 0 513 - 92 : 0.005325 0.0 0.0 0.600654 705.9 3.3 : 3 --c 0000 : 21 0 0.000 0.000 0 0.000 0.000 0 0.000 0.000 : 63.127792 63.132791 0.000541 63.670644 0.000042 63.672238 0.000099 63.679066 0.000131 : 63.728446 ]
[63.729s][info][gc       ] [SYSINFO 8249 192 64 483 7220 0 15 0 0 6939 : - - - - - - - - : 0 7168 : 4.49 2.57 2.31 : 271703 4210792 : 0 0 : 19 0 : 1737 1 0 264 : - 8346570752 574701568 875700224 7201210368 200994816 68259840 : 139826290 21731230 326810 0 0 0 : 63.728683 ]
[63.729s][info][gc       ] [HUGEPAGESTAT 0 0 0 - 55699 0 0 : 301056 0 0 : 63.728683 ]
[63.729s][info][gc       ] [OBJCREAT 58206800 25261 26920960 : 63.728728 ]
[63.729s][info][gc       ] [HMSV All : 3138 2256 137 0 0 0 0 0 : 6648 0 0 0 : 63.728743 ]
[63.729s][info][gc       ] [HMSP 3192 : 52876 4512 : 63.728743 ]
[63.730s][info][gc       ] [GPGC-H  4070.4 587.0 2.3 0.0 : 244.0 : 0.000 0.000 : 0.000 0.000 0.895 3.276 : 0.000 0.000 0.000 0.000 2.656 1.226 : 0.000 : 99.857 : 1210 2716 28 0 : 2259 : 5720 5428 : 63.729678 : 9 Next_heuristic_check_may_be_too_late ]
[63.729s][info][gc       ] [VMAC 65530 172 570 484 1226 : 63.729481 ]
[64.820s][info][gc       ] [Safepoint max times: safepoint 205.583 ms, time to safepoint 205.351 ms ]
[64.821s][info][gc       ] [VM has exited gracefully.]
