[0.090s][info][gc] [GCHH : Zing name     : Zing 64-Bit Tiered VM mixed mode ]
[0.090s][info][gc] [GCHH : Zing release  : 17.0.4.1-zing_22.09.0.0-b2-product-linux-X86_64 ]
[0.090s][info][gc] [GCHH : OS name       : Linux ]
[0.090s][info][gc] [GCHH : OS release    : 5.10.102.1-microsoft-standard-WSL2 #1 SMP Wed Mar 2 00:30:59 UTC 2022 ]
[0.090s][info][gc] [GCHH : hardware      : x86_64 ]
[0.090s][info][gc] [GCHH : ncpus         : 16 16 8 16 8 ]
[0.090s][info][gc] [GCHH : TSC           : scaling_driver NA tsc on constant_tsc on nonstop_tsc on distrust_calculated_tsc_freq no UseRdtscForVMInternal false UseRdtsc false ]
[0.090s][info][gc] [GCHH : machine name  : ZUEN51878 ]
[0.090s][info][gc] [GCHH : CGroups information: ]
[0.090s][info][gc] [GCHH :   Container Type                   : cgroupv1 ]
[0.090s][info][gc] [GCHH :   Active processor count           : 16 ]
[0.090s][info][gc] [GCHH :   Active processor count(internal) : 16 ]
[0.090s][info][gc] [GCHH :   Available memory nodes           : 0 ]
[0.090s][info][gc] [GCHH :   Available CPUs                   : 0-15 ]
[0.090s][info][gc] [GCHH :   CPU quota, us                    : -1 ]
[0.090s][info][gc] [GCHH :   CPU period, us                   : 100000 ]
[0.090s][info][gc] [GCHH :   CPU shares                       : -1 ]
[0.090s][info][gc] [GCHH :   Memory and swap limit, bytes     : -1 ]
[0.090s][info][gc] [GCHH :   Memory limit, bytes              : -1 ]
[0.090s][info][gc] [GCHH :   Memory soft limit, bytes         : -1 ]
[0.090s][info][gc] [GCHH : start time    : Sat Oct 15 16:59:57 CST 2022 ]
[0.090s][info][gc] [GCHH : start time ms : 1665824397187 ]
[0.090s][info][gc] [GCHH : process id    : 1731 ]
[0.090s][info][gc] [GCHH : sequence no.  : 0 ]
[0.090s][info][gc] [GCHH : Memory configuration and use (MB) : ]
[0.090s][info][gc] [GCHH :   System RAM max             : 25429 ]
[0.090s][info][gc] [GCHH :   System RAM free            : 24052 ]
[0.090s][info][gc] [GCHH :   Use ZST                    : false ]
[0.090s][info][gc] [GCHH :   Process Zing maximum              : 6356 ]
[0.090s][info][gc] [GCHH :   Process Zing reserved (-Xmx)      : 6356 ]
[0.090s][info][gc] [GCHH :   Process Zing initial  (-Xms)      : 512 ]
[0.090s][info][gc] [GCHH :   Code cache location     : C Heap Memory ]
[0.090s][info][gc] [GCHH :   Code cache mlocked      : false ]
[0.090s][info][gc] [GCHH :   Code cache min          : 16 ]
[0.090s][info][gc] [GCHH :   Code cache max          : 636 ]
[0.090s][info][gc] [GCHH :   Code cache page size    : THP always (C heap) ]
[0.090s][info][gc] [GCHH :   Side band (C Heap)      : 24 ]
[0.090s][info][gc] [GCHH :   Side band mlocked       : true ]
[0.090s][info][gc] [GCHH :   Side band page size     : Small (Java heap); THP always (C heap) ]
[0.090s][info][gc] [GCHH :   Monitor cache location  : C Heap Memory ]
[0.090s][info][gc] [GCHH :   Monitor cache mlocked   : true ]
[0.090s][info][gc] [GCHH :   Monitor cache min       : 0 ]
[0.090s][info][gc] [GCHH :   Monitor cache max       : 512 ]
[0.090s][info][gc] [GCHH :   Monitor cache page size : THP always (C heap) ]
[0.090s][info][gc] [GCHH :   Enable java heap elasticity : true ]
[0.090s][info][gc] [GCHH :   Force NUMA interleaving     : false ]
[0.090s][info][gc] [GCHH :   Use transparent huge pages for java heap : false ]
[0.090s][info][gc] [GCHH :   Use explicit huge pages for java heap    : false ]
[0.090s][info][gc] [GCHH : Compiler Tier 1 : C1 ]
[0.090s][info][gc] [GCHH : Compiler Tier 2 : Falcon ]
[0.090s][info][gc] [GCHH : Garbage collection type     : C4 ]
[0.090s][info][gc] [GCHH : GenPauseless Phase Encoding : Sparse ]
[0.090s][info][gc] [GCHH : GenPauseless GC physical use soft limits (MB) : ]
[0.090s][info][gc] [GCHH :   New Generation          : 6356 ]
[0.090s][info][gc] [GCHH :   Old/Perm Generations    : 6356 ]
[0.090s][info][gc] [GCHH : GenPauseless GC virtual use limits (MB) : ]
[0.090s][info][gc] [GCHH :   New Generation          : 6356 ]
[0.090s][info][gc] [GCHH :   Old/Perm Generations    : 6356 ]
[0.090s][info][gc] [GCHH : GenPauseless GC thread counts : ]
[0.090s][info][gc] [GCHH :   Max New GC threads     : 8 ]
[0.090s][info][gc] [GCHH :   Max Old GC threads     : 4 ]
[0.090s][info][gc] [GCHH :   Page Zeroing threads   : 1 ]
[0.090s][info][gc] [GCHH :   Heap Commit threads    : 1 ]
[0.090s][info][gc] [GCHH : Dynamic GC thread count scheme      : Partial ]
[0.090s][info][gc] [GCHH : Enable CPU usage based heuristics   : true ]
[0.090s][info][gc] [GCHH : UseThreadStateNativeWrapperProtocol : true ]
[0.090s][info][gc] [GCHH : jvm arguments : -javaagent:../jHiccup.jar -XX:+PrintCommandLineFlags -XX:+UnlockExperimentalVMOptions -Xlog:gc,safepoint:./gc-example-list10-UseC4GC.log -Dcom.sun.management.jmxremote.port=9010 -Dcom.sun.management.jmxremote.rmi.port=9010 -Dcom.sun.management.jmxremote.local.only=false -Dcom.sun.management.jmxremote.authenticate=false -Dcom.sun.management.jmxremote.ssl=false ]
[0.090s][info][gc] [GCHH : jvm flags     : none ]
[0.090s][info][gc] [GCHH : java command  : ../JVMBenchmark-1.0-SNAPSHOT-example-list10.jar ]
[0.090s][info][gc] [GCHS : Affected by MCU Erratum SKX102 : false]
[0.090s][info][gc] [GCHS : MCU Erratum SKX102 mitigation  : not applied]
[0.090s][info][gc] [GCHS : /proc/cpuinfo]
[0.090s][info][gc] [GCHS : processor	: 15]
[0.090s][info][gc] [GCHS : vendor_id	: GenuineIntel]
[0.090s][info][gc] [GCHS : cpu family	: 6]
[0.090s][info][gc] [GCHS : model		: 141]
[0.090s][info][gc] [GCHS : model name	: 11th Gen Intel(R) Core(TM) i9-11950H @ 2.60GHz]
[0.090s][info][gc] [GCHS : stepping	: 1]
[0.090s][info][gc] [GCHS : microcode	: 0xffffffff]
[0.090s][info][gc] [GCHS : cpu MHz		: 2611.199]
[0.090s][info][gc] [GCHS : cache size	: 24576 KB]
[0.090s][info][gc] [GCHS : physical id	: 0]
[0.090s][info][gc] [GCHS : siblings	: 16]
[0.090s][info][gc] [GCHS : core id		: 7]
[0.090s][info][gc] [GCHS : cpu cores	: 8]
[0.090s][info][gc] [GCHS : apicid		: 15]
[0.090s][info][gc] [GCHS : initial apicid	: 15]
[0.090s][info][gc] [GCHS : fpu		: yes]
[0.090s][info][gc] [GCHS : fpu_exception	: yes]
[0.090s][info][gc] [GCHS : cpuid level	: 21]
[0.090s][info][gc] [GCHS : wp		: yes]
[0.090s][info][gc] [GCHS : flags		: fpu vme de pse tsc msr pae mce cx8 apic sep mtrr pge mca cmov pat pse36 clflush mmx fxsr sse sse2 ss ht syscall nx pdpe1gb rdtscp lm constant_tsc rep_good nopl xtopology tsc_reliable nonstop_tsc cpuid pni pclmulqdq ssse3 fma cx16 pcid sse4_1 sse4_2 movbe popcnt aes xsave avx f16c rdrand hypervisor lahf_lm abm 3dnowprefetch invpcid_single ssbd ibrs ibpb stibp ibrs_enhanced fsgsbase bmi1 avx2 smep bmi2 erms invpcid avx512f avx512dq rdseed adx smap avx512ifma clflushopt clwb avx512cd sha_ni avx512bw avx512vl xsaveopt xsavec xgetbv1 xsaves avx512vbmi umip avx512_vbmi2 gfni vaes vpclmulqdq avx512_vnni avx512_bitalg avx512_vpopcntdq rdpid fsrm avx512_vp2intersect flush_l1d arch_capabilities]
[0.090s][info][gc] [GCHS : bugs		: spectre_v1 spectre_v2 spec_store_bypass swapgs]
[0.090s][info][gc] [GCHS : bogomips	: 5222.39]
[0.090s][info][gc] [GCHS : clflush size	: 64]
[0.090s][info][gc] [GCHS : cache_alignment	: 64]
[0.090s][info][gc] [GCHS : address sizes	: 39 bits physical, 48 bits virtual]
[0.090s][info][gc] [GCHS : power management:]
[0.090s][info][gc] [GCHS : /sys/devices/system/cpu/vulnerabilities]
[0.090s][info][gc] [GCHS : spectre_v2        : Mitigation: Enhanced IBRS, IBPB: conditional, RSB filling]
[0.090s][info][gc] [GCHS : itlb_multihit     : Not affected]
[0.090s][info][gc] [GCHS : mds               : Not affected]
[0.090s][info][gc] [GCHS : l1tf              : Not affected]
[0.090s][info][gc] [GCHS : spec_store_bypass : Mitigation: Speculative Store Bypass disabled via prctl and seccomp]
[0.090s][info][gc] [GCHS : tsx_async_abort   : Not affected]
[0.090s][info][gc] [GCHS : spectre_v1        : Mitigation: usercopy/swapgs barriers and __user pointer sanitization]
[0.090s][info][gc] [GCHS : srbds             : Not affected]
[0.090s][info][gc] [GCHS : meltdown          : Not affected]
[0.090s][info][gc] [GCHS : /proc/self/limits]
[0.090s][info][gc] [GCHS : Limit                     Soft Limit           Hard Limit           Units     ]
[0.090s][info][gc] [GCHS : Max cpu time              unlimited            unlimited            seconds   ]
[0.090s][info][gc] [GCHS : Max file size             unlimited            unlimited            bytes     ]
[0.090s][info][gc] [GCHS : Max data size             unlimited            unlimited            bytes     ]
[0.090s][info][gc] [GCHS : Max stack size            8388608              unlimited            bytes     ]
[0.090s][info][gc] [GCHS : Max core file size        0                    unlimited            bytes     ]
[0.090s][info][gc] [GCHS : Max resident set          unlimited            unlimited            bytes     ]
[0.090s][info][gc] [GCHS : Max processes             101697               101697               processes ]
[0.090s][info][gc] [GCHS : Max open files            4096                 4096                 files     ]
[0.090s][info][gc] [GCHS : Max locked memory         65536                65536                bytes     ]
[0.090s][info][gc] [GCHS : Max address space         unlimited            unlimited            bytes     ]
[0.090s][info][gc] [GCHS : Max file locks            unlimited            unlimited            locks     ]
[0.090s][info][gc] [GCHS : Max pending signals       101697               101697               signals   ]
[0.090s][info][gc] [GCHS : Max msgqueue size         819200               819200               bytes     ]
[0.090s][info][gc] [GCHS : Max nice priority         0                    0                    ]
[0.090s][info][gc] [GCHS : Max realtime priority     0                    0                    ]
[0.090s][info][gc] [GCHS : Max realtime timeout      unlimited            unlimited            us        ]
[0.090s][info][gc] [GCHS : /proc/self/status]
[0.090s][info][gc] [GCHS : Cpus_allowed:	ffff]
[0.090s][info][gc] [GCHS : Cpus_allowed_list:	0-15]
[0.090s][info][gc] [GCHS : Mems_allowed:	1]
[0.090s][info][gc] [GCHS : Mems_allowed_list:	0]
[0.090s][info][gc] [GCHS : /proc/meminfo]
[0.090s][info][gc] [GCHS : MemTotal:       26039588 kB]
[0.090s][info][gc] [GCHS : MemFree:        24630036 kB]
[0.090s][info][gc] [GCHS : MemAvailable:   24591068 kB]
[0.090s][info][gc] [GCHS : Buffers:           16848 kB]
[0.090s][info][gc] [GCHS : Cached:           837156 kB]
[0.090s][info][gc] [GCHS : SwapCached:            0 kB]
[0.090s][info][gc] [GCHS : Active:           199032 kB]
[0.090s][info][gc] [GCHS : Inactive:        1035388 kB]
[0.090s][info][gc] [GCHS : Active(anon):        104 kB]
[0.090s][info][gc] [GCHS : Inactive(anon):   970256 kB]
[0.090s][info][gc] [GCHS : Active(file):     198928 kB]
[0.090s][info][gc] [GCHS : Inactive(file):    65132 kB]
[0.090s][info][gc] [GCHS : Unevictable:           4 kB]
[0.090s][info][gc] [GCHS : Mlocked:               4 kB]
[0.090s][info][gc] [GCHS : SwapTotal:       7340032 kB]
[0.090s][info][gc] [GCHS : SwapFree:        7340032 kB]
[0.090s][info][gc] [GCHS : Dirty:                68 kB]
[0.090s][info][gc] [GCHS : Writeback:             0 kB]
[0.090s][info][gc] [GCHS : AnonPages:        380460 kB]
[0.090s][info][gc] [GCHS : Mapped:           599820 kB]
[0.090s][info][gc] [GCHS : Shmem:            589944 kB]
[0.090s][info][gc] [GCHS : KReclaimable:      22576 kB]
[0.090s][info][gc] [GCHS : Slab:              57824 kB]
[0.090s][info][gc] [GCHS : SReclaimable:      22576 kB]
[0.090s][info][gc] [GCHS : SUnreclaim:        35248 kB]
[0.090s][info][gc] [GCHS : KernelStack:        4224 kB]
[0.090s][info][gc] [GCHS : PageTables:        11172 kB]
[0.090s][info][gc] [GCHS : NFS_Unstable:          0 kB]
[0.090s][info][gc] [GCHS : Bounce:                0 kB]
[0.090s][info][gc] [GCHS : WritebackTmp:          0 kB]
[0.090s][info][gc] [GCHS : CommitLimit:    20359824 kB]
[0.090s][info][gc] [GCHS : Committed_AS:     949864 kB]
[0.090s][info][gc] [GCHS : VmallocTotal:   34359738367 kB]
[0.090s][info][gc] [GCHS : VmallocUsed:       25784 kB]
[0.090s][info][gc] [GCHS : VmallocChunk:          0 kB]
[0.090s][info][gc] [GCHS : Percpu:             5376 kB]
[0.090s][info][gc] [GCHS : AnonHugePages:    260096 kB]
[0.090s][info][gc] [GCHS : ShmemHugePages:        0 kB]
[0.090s][info][gc] [GCHS : ShmemPmdMapped:        0 kB]
[0.090s][info][gc] [GCHS : FileHugePages:         0 kB]
[0.090s][info][gc] [GCHS : FilePmdMapped:         0 kB]
[0.090s][info][gc] [GCHS : HugePages_Total:       0]
[0.090s][info][gc] [GCHS : HugePages_Free:        0]
[0.090s][info][gc] [GCHS : HugePages_Rsvd:        0]
[0.090s][info][gc] [GCHS : HugePages_Surp:        0]
[0.090s][info][gc] [GCHS : Hugepagesize:       2048 kB]
[0.090s][info][gc] [GCHS : Hugetlb:               0 kB]
[0.090s][info][gc] [GCHS : DirectMap4k:       17408 kB]
[0.090s][info][gc] [GCHS : DirectMap2M:     3526656 kB]
[0.090s][info][gc] [GCHS : DirectMap1G:    23068672 kB]
[0.090s][info][gc] [GCHS : /proc/sys/vm/admin_reserve_kbytes                                               : 8192]
[0.090s][info][gc] [GCHS : /proc/sys/vm/block_dump                                                         : 0]
[0.090s][info][gc] [GCHS : /proc/sys/vm/dirty_background_bytes                                             : 0]
[0.090s][info][gc] [GCHS : /proc/sys/vm/dirty_background_ratio                                             : 10]
[0.090s][info][gc] [GCHS : /proc/sys/vm/dirty_bytes                                                        : 0]
[0.090s][info][gc] [GCHS : /proc/sys/vm/dirty_expire_centisecs                                             : 3000]
[0.090s][info][gc] [GCHS : /proc/sys/vm/dirty_ratio                                                        : 20]
[0.090s][info][gc] [GCHS : /proc/sys/vm/dirty_writeback_centisecs                                          : 500]
[0.090s][info][gc] [GCHS : /proc/sys/vm/extfrag_threshold                                                  : 500]
[0.090s][info][gc] [GCHS : /proc/sys/vm/hugetlb_shm_group                                                  : 0]
[0.090s][info][gc] [GCHS : /proc/sys/vm/laptop_mode                                                        : 0]
[0.090s][info][gc] [GCHS : /proc/sys/vm/legacy_va_layout                                                   : 0]
[0.090s][info][gc] [GCHS : /proc/sys/vm/lowmem_reserve_ratio                                               : 256	256	32	0	0]
[0.090s][info][gc] [GCHS : /proc/sys/vm/max_map_count                                                      : 65530]
[0.090s][info][gc] [GCHS : /proc/sys/vm/min_free_kbytes                                                    : 67584]
[0.090s][info][gc] [GCHS : /proc/sys/vm/mmap_min_addr                                                      : 65536]
[0.090s][info][gc] [GCHS : /proc/sys/vm/nr_hugepages                                                       : 0]
[0.090s][info][gc] [GCHS : /proc/sys/vm/nr_overcommit_hugepages                                            : 0]
[0.090s][info][gc] [GCHS : /proc/sys/vm/oom_dump_tasks                                                     : 1]
[0.090s][info][gc] [GCHS : /proc/sys/vm/oom_kill_allocating_task                                           : 0]
[0.090s][info][gc] [GCHS : /proc/sys/vm/overcommit_kbytes                                                  : 0]
[0.090s][info][gc] [GCHS : /proc/sys/vm/overcommit_memory                                                  : 0]
[0.090s][info][gc] [GCHS : /proc/sys/vm/overcommit_ratio                                                   : 50]
[0.090s][info][gc] [GCHS : /proc/sys/vm/page-cluster                                                       : 3]
[0.090s][info][gc] [GCHS : /proc/sys/vm/panic_on_oom                                                       : 0]
[0.090s][info][gc] [GCHS : /proc/sys/vm/percpu_pagelist_fraction                                           : 0]
[0.090s][info][gc] [GCHS : /proc/sys/vm/stat_interval                                                      : 1]
[0.090s][info][gc] [GCHS : /proc/sys/vm/swappiness                                                         : 60]
[0.090s][info][gc] [GCHS : /proc/sys/vm/vfs_cache_pressure                                                 : 100]
[0.090s][info][gc] [GCHS : /proc/sys/vm/user_reserve_kbytes                                                : 131072]
[0.090s][info][gc] [GCHS : /proc/sys/vm/compact_unevictable_allowed                                        : 1]
[0.090s][info][gc] [GCHS : /proc/sys/vm/dirtytime_expire_seconds                                           : 43200]
[0.090s][info][gc] [GCHS : /proc/sys/vm/watermark_scale_factor                                             : 10]
[0.090s][info][gc] [GCHS : /sys/kernel/mm/hugepages/hugepages-2048kB/free_hugepages                        : 0]
[0.090s][info][gc] [GCHS : /sys/kernel/mm/hugepages/hugepages-2048kB/resv_hugepages                        : 0]
[0.090s][info][gc] [GCHS : /sys/kernel/mm/hugepages/hugepages-2048kB/surplus_hugepages                     : 0]
[0.090s][info][gc] [GCHS : /sys/kernel/mm/hugepages/hugepages-2048kB/nr_hugepages                          : 0]
[0.090s][info][gc] [GCHS : /sys/kernel/mm/hugepages/hugepages-2048kB/nr_overcommit_hugepages               : 0]
[0.090s][info][gc] [GCHS : /sys/kernel/mm/hugepages/hugepages-1048576kB/free_hugepages                     : 0]
[0.090s][info][gc] [GCHS : /sys/kernel/mm/hugepages/hugepages-1048576kB/resv_hugepages                     : 0]
[0.090s][info][gc] [GCHS : /sys/kernel/mm/hugepages/hugepages-1048576kB/surplus_hugepages                  : 0]
[0.090s][info][gc] [GCHS : /sys/kernel/mm/hugepages/hugepages-1048576kB/nr_hugepages                       : 0]
[0.090s][info][gc] [GCHS : /sys/kernel/mm/hugepages/hugepages-1048576kB/nr_overcommit_hugepages            : 0]
[0.090s][info][gc] [GCHS : /sys/kernel/mm/transparent_hugepage/defrag                                      : always defer defer+madvise [madvise] never]
[0.090s][info][gc] [GCHS : /sys/kernel/mm/transparent_hugepage/khugepaged/defrag                           : 1]
[0.090s][info][gc] [GCHS : /sys/kernel/mm/transparent_hugepage/khugepaged/max_ptes_shared                  : 256]
[0.090s][info][gc] [GCHS : /sys/kernel/mm/transparent_hugepage/khugepaged/scan_sleep_millisecs             : 10000]
[0.090s][info][gc] [GCHS : /sys/kernel/mm/transparent_hugepage/khugepaged/max_ptes_none                    : 511]
[0.090s][info][gc] [GCHS : /sys/kernel/mm/transparent_hugepage/khugepaged/pages_to_scan                    : 4096]
[0.090s][info][gc] [GCHS : /sys/kernel/mm/transparent_hugepage/khugepaged/max_ptes_swap                    : 64]
[0.090s][info][gc] [GCHS : /sys/kernel/mm/transparent_hugepage/khugepaged/alloc_sleep_millisecs            : 60000]
[0.090s][info][gc] [GCHS : /sys/kernel/mm/transparent_hugepage/khugepaged/pages_collapsed                  : 159]
[0.090s][info][gc] [GCHS : /sys/kernel/mm/transparent_hugepage/khugepaged/full_scans                       : 7]
[0.090s][info][gc] [GCHS : /sys/kernel/mm/transparent_hugepage/enabled                                     : [always] madvise never]
[0.090s][info][gc] [GCHS : /sys/kernel/mm/transparent_hugepage/use_zero_page                               : 1]
[0.090s][info][gc] [GCHS : /sys/kernel/mm/transparent_hugepage/shmem_enabled                               : always within_size advise [never] deny force]
[0.090s][info][gc] [GCHS : /sys/kernel/mm/transparent_hugepage/hpage_pmd_size                              : 2097152]
[0.090s][info][gc] [GCHS : /sys/kernel/mm/ksm/stable_node_dups                                             : 0]
[0.090s][info][gc] [GCHS : /sys/kernel/mm/ksm/max_page_sharing                                             : 256]
[0.090s][info][gc] [GCHS : /sys/kernel/mm/ksm/pages_volatile                                               : 0]
[0.090s][info][gc] [GCHS : /sys/kernel/mm/ksm/stable_node_chains_prune_millisecs                           : 2000]
[0.090s][info][gc] [GCHS : /sys/kernel/mm/ksm/pages_unshared                                               : 0]
[0.090s][info][gc] [GCHS : /sys/kernel/mm/ksm/stable_node_chains                                           : 0]
[0.090s][info][gc] [GCHS : /sys/kernel/mm/ksm/pages_shared                                                 : 0]
[0.090s][info][gc] [GCHS : /sys/kernel/mm/ksm/use_zero_pages                                               : 0]
[0.090s][info][gc] [GCHS : /sys/kernel/mm/ksm/pages_to_scan                                                : 100]
[0.090s][info][gc] [GCHS : /sys/kernel/mm/ksm/sleep_millisecs                                              : 20]
[0.090s][info][gc] [GCHS : /sys/kernel/mm/ksm/run                                                          : 0]
[0.090s][info][gc] [GCHS : /sys/kernel/mm/ksm/full_scans                                                   : 0]
[0.090s][info][gc] [GCHS : /sys/kernel/mm/ksm/pages_sharing                                                : 0]
[0.090s][info][gc] [GCHS : /sys/kernel/mm/swap/vma_ra_enabled                                              : true]
[0.090s][info][gc] [GCHS : /sys/devices/system/clocksource/clocksource0/current_clocksource                : tsc]
[0.090s][info][gc] [GCHS : /sys/devices/system/clocksource/clocksource0/available_clocksource              : tsc hyperv_clocksource_tsc_page ]
[0.098s][info][gc] [GCH                          : heap usage MB                                                        : gens MB                        : heap info MB                : pages                              : intercycle               intracycle               : gc            : threads  delay       failed      paced       : gc    pause 1   pause 2   pause 3   pause 4   : end]
[0.098s][info][gc] [GCH type label tot_ct-cyc_ct : max peak cur pcommit ppause upause rss codec_cap codec monitors jsys : new old perm internal gen-peak : live frag found cllctd lmtd : prom reloc noreloc rspike sm md lg : sec alloc-rate perm-rate sec alloc-rate perm-rate : thrds md diag : tot      cnt avg max cnt avg max cnt avg max : start start dur start dur start dur start dur : end]
[0.098s][info][gc] [SYSINFOH sysMemUsed cacheActiveFile cacheInactiveFile cacheActiveAnon cacheInactiveAnon swapCached buffers unevictable mlocked mapped : totalSysZingMemAcrossPartitions sysZingMemTot sysZingReservableUsed sysZingReservableTot sysZingContMemUsed sysZingContMemTot sysZingPPMemUsed sysZingPPMemTot : swapUsed swapMax : load1 load5 load15 : pageIn pageOut : swapPageIn swapPageOut : majorFaults cMajorFaults : processes procsRunning procsBlocked procsTotal : cgMem_limit_bytes cgMem_usage_bytes cgMem_max_usage_bytes cgMem_total_rss_bytes cgMem_total_shmem_bytes cgMem_total_active_file_bytes cgMem_total_inactive_file_bytes : cgCPU_usage_ms cgCPU_user_usage_ms cgCPU_system_usage_ms cgCPU_throttle_nof_periods cgCPU_throttle_nof_throttle cgCPU_throttle_throttled_ms : end(s) ]
[0.098s][info][gc] [HUGEPAGESTATH compact_stall compact_success compact_fail compact_pages_moved thp_fault_alloc thp_fault_fallback thp_file_alloc : anon_huge_pages shmem_pmd_mapped shmem_huge_pages : end(s) ]
[0.098s][info][gc] [OBJCREATH newGen(kB) permGen(kB) oldGen(kB) : end(s)]
[0.098s][info][gc] [VMACH vmaMax vmaStack vmaHeap vmaOther vmaCount : end(s)]
[0.098s][info][gc] [HEAPCOMMITH heap(mb) : commit(mb) commitTime(ms) uncommit(mb) uncommitTime(ms) : numDelays avgDelay(ms) maxDelay(ms) : bgPretouch(pages) bgPretouchTime(ms) : end(s) ]
[0.098s][info][gc] [HMSVH gen : maps mapStomps mapReuses mapMisses cacheHits cacheMisses cachePartFlushes cacheFullFlushes : watermark cached cachedMin cachedMax : end(s)]
[0.098s][info][gc] [HMSPH maps : mapped unmapped : end(s)]
[0.098s][info][gc] [GPGC-HH Model MB/sec . .             : KIDRate : EstTime secs : Throttled GC Threads EstTime secs                    : CPU EstTime secs                                                      : Pause EstTime secs : EstTime percent : Sizes MB . .        : KIDCount  : Target MB   : Time(secs) : Heuristic ]
[0.098s][info][gc] [GPGC-HH NewGen OldGen PermGen Direct : KID/sec : NewGC OldGC  : NewGC_Model1 OldGC_Model1 NewGC_Model2 OldGC_Model2  : NewCPU OldCPU NewCPU_Model1 OldCPU_Model1 NewCPU_Model2 OldCPU_Model2 : NewGC_pause1       : NewGC_time      : New Old Perm Direct : KID       : Heap NewGen : Time       : ReasonCode ReasonString ]
[0.098s][info][gc] [COMPSTATSH      : Threads      : CompQueue   : StashQueue  : CompileCounts                                                                                                : StashCounts                                                                                              : TotalTimes ms                         : WaitTimes Histogram                                               : CompileTimes Histogram ]
[0.098s][info][gc] [COMPSTATSH Tier : Total Active : Peak Active : Peak Active : FullMethodCompiles OSRMethodCompiles MethodFailToInstall OSRFailToInstall FullMethodEvicted OSRMethodEvicted : MethodStashCompiles OSRStashCompiles MethodStashFailed OSRStashFailed MethodStashEvicted OSRStashEvicted : CPUTime WallClockTime WaitInQueueTime : 0-9 10-99 100-999 1000-9999 10000-99999 100000-999999 1000000-INF : 0-9 10-99 100-999 1000-9999 10000-99999 100000-999999 1000000-INF ]
[0.098s][info][gc] [DEOPTSTATSH : deoptimization : deoptimization_frame : deopt_on_throw : unloaded : cha : non_static_final_fields : unreached_if : unreached_call : athrow : null_check : div0_check : range_check : range_check_widened : cast_check : unhandled : predicate : loop_limit_check : array_store_check : uninitialized : unloaded_array_class : unexpected_klass_mono : unexpected_klass_bi : unexpected_klass_tri : unexpected_null_cast : intrinsic_check : Reason_fast_intrinsic_check : install_async_ex : new_exception : jvmti : static_in_clinit : stuck_in_loop : tier1_patch_volatile_field : too_many_compiles : deopt_a_lot : uncounted_loop_speculation_failed : loop_nest_speculation_failed : inacc_field_null_rcvr : new_gen_oop_assumption_failed : Reason_devirt_no_profile : unreached_jump : effectively_final_fields : unreached_switch_case ]
[0.098s][info][gc] [DEOPTSTATSH Tier : Entr NonEntr : Entr NonEntr : Entr NonEntr : Entr NonEntr : Entr NonEntr : Entr NonEntr : Entr NonEntr : Entr NonEntr : Entr NonEntr : Entr NonEntr : Entr NonEntr : Entr NonEntr : Entr NonEntr : Entr NonEntr : Entr NonEntr : Entr NonEntr : Entr NonEntr : Entr NonEntr : Entr NonEntr : Entr NonEntr : Entr NonEntr : Entr NonEntr : Entr NonEntr : Entr NonEntr : Entr NonEntr : Entr NonEntr : Entr NonEntr : Entr NonEntr : Entr NonEntr : Entr NonEntr : Entr NonEntr : Entr NonEntr : Entr NonEntr : Entr NonEntr : Entr NonEntr : Entr NonEntr : Entr NonEntr : Entr NonEntr : Entr NonEntr : Entr NonEntr : Entr NonEntr : Entr NonEntr ]
[0.099s][info][gc] [CCFH queuedForFlush queuedForFlushSize flushed flushedSize freedTotal freedTotalSize : bytesAllTypes : c2i2cAdapters c2i2cAdaptersBytes : methodStubs methodStubsBytes : nativeWrappers nativeWrappersBytes : tier1Compiles tier1CompilesBytes : tier2Compiles tier2CompilesBytes : objMonitors objMonitorsBytes : vtables vtablesBytes : mhAdapters mhAdaptersBytes ]
[0.099s][info][gc] [SYSINFO 1376 194 63 0 947 0 16 0 0 585 : - - - - - - - - : 0 7168 : 0.08 0.02 0.21 : 271815 4213492 : 0 0 : 8 0 : 2000 1 0 238 : - 1263788032 581779456 389791744 603660288 202752000 66908160 : 139760798 21748890 336810 0 0 0 : 0.099270 ]
[0.099s][info][gc] [HUGEPAGESTAT 0 0 0 - 57711 0 0 : 260096 0 0 : 0.099270 ]
[0.346s][info][gc] [COMPSTATS 1 : 5 1 : 5 1 : 0 0 : 100 0 0 0 0 0 : 0 0 0 0 0 0 : 20 20 0 : 100 0 0 0 0 0 0 : 99 0 0 0 0 0 0 ]
[0.346s][info][gc] [COMPSTATS 2 : 5 3 : 5 3 : 0 0 : 9 0 0 0 0 0 : 0 0 0 0 0 0 : 176 176 0 : 9 0 0 0 0 0 0 : 0 6 0 0 0 0 0 ]
[0.346s][info][gc] [DEOPTSTATS 1 : 0 0 : 0 0 : 0 0 : 0 0 : 0 0 : 0 0 : 0 0 : 0 0 : 0 0 : 0 0 : 0 0 : 0 0 : 0 0 : 0 0 : 0 0 : 0 0 : 0 0 : 0 0 : 0 0 : 0 0 : 0 0 : 0 0 : 0 0 : 0 0 : 0 0 : 0 0 : 0 0 : 0 0 : 0 0 : 0 0 : 0 0 : 0 0 : 0 0 : 0 0 : 0 0 : 0 0 : 0 0 : 0 0 : 0 0 : 0 0 : 0 0 : 0 0 ]
[0.346s][info][gc] [DEOPTSTATS 2 : 0 0 : 0 0 : 0 0 : 0 0 : 0 0 : 0 0 : 0 1 : 0 0 : 0 0 : 0 0 : 0 0 : 0 0 : 0 0 : 0 0 : 0 0 : 0 0 : 0 0 : 0 0 : 0 0 : 0 0 : 0 0 : 0 0 : 0 0 : 0 0 : 0 0 : 0 0 : 0 0 : 0 0 : 0 0 : 0 0 : 0 0 : 0 0 : 0 0 : 0 0 : 0 0 : 0 0 : 0 0 : 0 0 : 0 0 : 0 0 : 0 0 : 0 0 ]
[0.405s][info][gc] [COMPSTATS 1 : 5 2 : 29 2 : 0 0 : 200 0 0 0 0 0 : 0 0 0 0 0 0 : 49 49 4 : 200 0 0 0 0 0 0 : 198 0 0 0 0 0 0 ]
[0.405s][info][gc] [COMPSTATS 2 : 5 5 : 11 11 : 0 0 : 15 0 0 0 0 0 : 0 0 0 0 0 0 : 257 258 5 : 15 0 0 0 0 0 0 : 1 9 0 0 0 0 0 ]
[0.405s][info][gc] [DEOPTSTATS 1 : 0 0 : 0 0 : 0 0 : 0 0 : 0 0 : 0 0 : 0 0 : 0 0 : 0 0 : 0 0 : 0 0 : 0 0 : 0 0 : 0 0 : 0 0 : 0 0 : 0 0 : 0 0 : 0 0 : 0 0 : 0 0 : 0 0 : 0 0 : 0 0 : 0 0 : 0 0 : 0 0 : 0 0 : 0 0 : 0 0 : 0 0 : 0 0 : 0 0 : 0 0 : 0 0 : 0 0 : 0 0 : 0 0 : 0 0 : 0 0 : 0 0 : 0 0 ]
[0.405s][info][gc] [DEOPTSTATS 2 : 0 0 : 0 0 : 0 0 : 0 0 : 0 0 : 0 0 : 0 1 : 0 0 : 0 0 : 0 0 : 0 0 : 0 0 : 0 0 : 0 0 : 0 0 : 0 0 : 0 0 : 0 0 : 0 0 : 0 0 : 0 0 : 0 0 : 0 0 : 0 0 : 0 0 : 0 0 : 0 0 : 0 0 : 0 0 : 0 0 : 0 0 : 0 0 : 0 0 : 0 0 : 0 0 : 0 0 : 0 0 : 0 0 : 0 0 : 0 1 : 0 0 : 0 0 ]
[0.405s][info][gc] [COMPSTATS 1 : 5 2 : 3 3 : 0 0 : 200 0 0 0 0 0 : 0 0 0 0 0 0 : 49 49 4 : 200 0 0 0 0 0 0 : 199 0 0 0 0 0 0 ]
[0.405s][info][gc] [COMPSTATS 2 : 5 5 : 11 11 : 0 0 : 15 0 0 0 0 0 : 0 0 0 0 0 0 : 257 258 5 : 15 0 0 0 0 0 0 : 1 9 0 0 0 0 0 ]
[0.405s][info][gc] [DEOPTSTATS 1 : 0 0 : 0 0 : 0 0 : 0 0 : 0 0 : 0 0 : 0 0 : 0 0 : 0 0 : 0 0 : 0 0 : 0 0 : 0 0 : 0 0 : 0 0 : 0 0 : 0 0 : 0 0 : 0 0 : 0 0 : 0 0 : 0 0 : 0 0 : 0 0 : 0 0 : 0 0 : 0 0 : 0 0 : 0 0 : 0 0 : 0 0 : 0 0 : 0 0 : 0 0 : 0 0 : 0 0 : 0 0 : 0 0 : 0 0 : 0 0 : 0 0 : 0 0 ]
[0.405s][info][gc] [DEOPTSTATS 2 : 0 0 : 0 0 : 0 0 : 0 0 : 0 0 : 0 0 : 0 1 : 0 0 : 0 0 : 0 0 : 0 0 : 0 0 : 0 0 : 0 0 : 0 0 : 0 0 : 0 0 : 0 0 : 0 0 : 0 0 : 0 0 : 0 0 : 0 0 : 0 0 : 0 0 : 0 0 : 0 0 : 0 0 : 0 0 : 0 0 : 0 0 : 0 0 : 0 0 : 0 0 : 0 0 : 0 0 : 0 0 : 0 0 : 0 0 : 0 1 : 0 0 : 0 0 ]
[0.555s][info][gc] [COMPSTATS 1 : 5 1 : 8 1 : 0 0 : 300 0 0 0 0 0 : 0 0 0 0 0 0 : 76 76 4 : 300 0 0 0 0 0 0 : 299 0 0 0 0 0 0 ]
[0.555s][info][gc] [COMPSTATS 2 : 5 5 : 11 6 : 0 0 : 28 0 0 0 0 0 : 0 0 0 0 0 0 : 832 833 413 : 20 8 0 0 0 0 0 : 1 21 1 0 0 0 0 ]
[0.555s][info][gc] [DEOPTSTATS 1 : 0 0 : 0 0 : 0 0 : 0 0 : 0 0 : 0 0 : 0 0 : 0 0 : 0 0 : 0 0 : 0 0 : 0 0 : 0 0 : 0 0 : 0 0 : 0 0 : 0 0 : 0 0 : 0 0 : 0 0 : 0 0 : 0 0 : 0 0 : 0 0 : 0 0 : 0 0 : 0 0 : 0 0 : 0 0 : 0 0 : 0 0 : 0 0 : 0 0 : 0 0 : 0 0 : 0 0 : 0 0 : 0 0 : 0 0 : 0 0 : 0 0 : 0 0 ]
[0.555s][info][gc] [DEOPTSTATS 2 : 0 0 : 0 0 : 0 0 : 0 0 : 0 0 : 0 0 : 0 3 : 0 0 : 0 0 : 0 0 : 0 0 : 0 0 : 0 0 : 0 0 : 0 0 : 0 0 : 0 0 : 0 0 : 0 0 : 0 0 : 0 0 : 0 0 : 0 0 : 0 0 : 0 0 : 0 0 : 0 0 : 0 0 : 0 0 : 0 0 : 0 0 : 0 0 : 0 0 : 0 0 : 0 0 : 0 0 : 0 0 : 0 0 : 0 0 : 0 1 : 0 0 : 0 0 ]
[0.583s][info][safepoint] Application time: 0.0000000 seconds
[0.584s][info][safepoint] Total time for which application threads were stopped: 0.0000168 seconds, Stopping threads took: 0.0000005 seconds
[0.584s][info][gc       ] [SPSH lock suspend gclocker notify wait resuspend cleanup op_time wakeup total(ms) op_name end(s) ]
[0.584s][info][gc       ] [SPS 0.000 0.001 0.000 0.007 0.001 0.001 0.000 0.002 0.006 0.017 Deoptimize 0.583449 ]
[0.675s][info][gc       ] [GPGC-H  0.0 0.0 0.0 0.0 : 0.0 : 0.000 0.000 : 0.000 0.000 0.000 0.000 : 0.000 0.000 0.000 0.000 0.000 0.000 : 0.000 : 0.000 : 54 0 24 0 : 2273 : 460 432 : 0.675128 : 6 Heap_use_crossed_first_gc_percent ]
[0.678s][info][safepoint] Application time: 0.0364839 seconds
[0.678s][info][safepoint] Total time for which application threads were stopped: 0.0003810 seconds, Stopping threads took: 0.0000004 seconds
[0.678s][info][gc       ] [SPS 0.001 0.002 0.008 0.009 0.000 0.001 0.001 0.352 0.017 0.380 NewGC_pause1 0.677598 ]
[0.699s][info][safepoint] Application time: 0.0214383 seconds
[0.699s][info][safepoint] Total time for which application threads were stopped: 0.0000683 seconds, Stopping threads took: 0.0000004 seconds
[0.699s][info][gc       ] [SPS 0.000 0.001 0.000 0.006 0.000 0.001 0.000 0.037 0.039 0.084 NewGC_pause2 0.699120 ]
[0.700s][info][safepoint] Application time: 0.0008244 seconds
[0.701s][info][safepoint] Total time for which application threads were stopped: 0.0001186 seconds, Stopping threads took: 0.0000004 seconds
[0.702s][info][gc       ] [SPS 0.000 0.000 0.000 0.007 0.000 0.001 0.000 0.038 0.073 0.119 NewGC_pause3 0.700047 ]
[0.702s][info][safepoint] Application time: 0.0017380 seconds
[0.702s][info][safepoint] Total time for which application threads were stopped: 0.0001818 seconds, Stopping threads took: 0.0000004 seconds
[0.702s][info][gc       ] [SPS 0.000 0.002 0.003 0.007 0.000 0.001 0.000 0.129 0.045 0.182 NewGC_pause4 0.701968 ]
[0.705s][info][gc       ] [GC NTO Max 1-1 : 512 158 154 512 - - 270 20 2 2 - : 100 0 26 28 110 : 80 15 10 10 0 : 0 8 20 1 44 - 6 : 0.660903 84.7 36.3 0.028806 1735.8 69.4 : 3 --c 0000 : 23 0 0.000 0.000 0 0.000 0.000 0 0.000 0.000 : 0.675640 0.677217 0.000359 0.699036 0.000041 0.699929 0.000040 0.701786 0.000072 : 0.704446 ]
[0.705s][info][gc       ] [SYSINFO 1896 194 63 0 1458 0 16 0 0 1098 : - - - - - - - - : 0 7168 : 0.08 0.02 0.21 : 271815 4213492 : 0 0 : 9 0 : 2028 8 0 266 : - 1800876032 581779456 457170944 1073233920 202752000 66908160 : 139760798 21751520 337120 0 0 0 : 0.704691 ]
[0.705s][info][gc       ] [HUGEPAGESTAT 0 0 0 - 57714 0 0 : 272384 0 0 : 0.704691 ]
[0.705s][info][gc       ] [OBJCREAT 94290 24296 - : 0.704736 ]
[0.705s][info][gc       ] [HMSV All : 0 0 2 0 0 0 0 0 : 4712 0 0 0 : 0.704754 ]
[0.705s][info][gc       ] [HMSP 8 : 50848 0 : 0.704754 ]
[0.705s][info][gc       ] [VMAC 65530 170 24 430 624 : 0.705193 ]
[0.705s][info][safepoint] Application time: 0.0028342 seconds
[0.706s][info][safepoint] Total time for which application threads were stopped: 0.0006313 seconds, Stopping threads took: 0.0000005 seconds
[0.706s][info][gc       ] [SPS 0.000 0.000 0.000 0.008 0.000 0.001 0.000 0.579 0.043 0.631 OldGC_pause2 0.705433 ]
[0.707s][info][safepoint] Application time: 0.0017493 seconds
[0.707s][info][safepoint] Total time for which application threads were stopped: 0.0000757 seconds, Stopping threads took: 0.0000005 seconds
[0.707s][info][gc       ] [SPS 0.001 0.000 0.000 0.006 0.000 0.001 0.000 0.036 0.032 0.075 OldGC_pause3 0.707258 ]
[0.719s][info][safepoint] Application time: 0.0117889 seconds
[0.719s][info][safepoint] Total time for which application threads were stopped: 0.0001903 seconds, Stopping threads took: 0.0001110 seconds
[0.720s][info][gc       ] [SPS 0.000 0.003 0.003 0.006 0.111 0.001 0.000 0.045 0.026 0.190 OldGC_pause4 0.719237 ]
[0.724s][info][gc       ] [GC Old Max 2-1 : 512 182 182 512 - - 270 20 2 2 - : 124 0 30 28 32 : 25 6 0 0 0 : 0 6 1 2 15 - 0 : 0.662129 0.0 36.2 0.046943 0.0 42.6 : 1 --c 0000 : 23   -    -    -    -    -    -    -    -    -  : 0.676866 0.677217 0.000359 0.704802 0.000583 0.707183 0.000039 0.719047 0.000158 : 0.723809 ]
[0.724s][info][gc       ] [SYSINFO 1896 194 63 0 1458 0 16 0 0 1098 : - - - - - - - - : 0 7168 : 0.08 0.02 0.21 : 271815 4213492 : 0 0 : 9 0 : 2028 7 0 266 : - 1800876032 581779456 457170944 1073233920 202752000 66908160 : 139760798 21751660 337130 0 0 0 : 0.723999 ]
[0.724s][info][gc       ] [HUGEPAGESTAT 0 0 0 - 57714 0 0 : 272384 0 0 : 0.723999 ]
[0.724s][info][gc       ] [OBJCREAT 114706 24296 - : 0.724039 ]
[0.724s][info][gc       ] [HMSV All : 0 0 3 0 0 0 0 0 : 4720 0 0 0 : 0.724056 ]
[0.724s][info][gc       ] [HMSP 8 : 50848 0 : 0.724056 ]
[0.724s][info][gc       ] [COMPSTATS 1 : 5 0 : 13 0 : 0 0 : 376 1 0 0 0 0 : 0 0 0 0 0 0 : 93 94 4 : 377 0 0 0 0 0 0 : 377 0 0 0 0 0 0 ]
[0.724s][info][gc       ] [COMPSTATS 2 : 5 5 : 23 5 : 0 0 : 54 1 0 0 0 0 : 0 0 0 0 0 0 : 1727 1729 1215 : 29 26 0 0 0 0 0 : 9 38 3 0 0 0 0 ]
[0.724s][info][gc       ] [DEOPTSTATS 1 : 0 0 : 0 0 : 0 0 : 0 0 : 0 1 : 0 0 : 0 0 : 0 0 : 0 0 : 0 0 : 0 0 : 0 0 : 0 0 : 0 0 : 0 0 : 0 0 : 0 0 : 0 0 : 0 0 : 0 0 : 0 0 : 0 0 : 0 0 : 0 0 : 0 0 : 0 0 : 0 0 : 0 0 : 0 0 : 0 0 : 0 0 : 0 0 : 0 0 : 0 0 : 0 0 : 0 0 : 0 0 : 0 0 : 0 0 : 0 0 : 0 0 : 0 0 ]
[0.724s][info][gc       ] [DEOPTSTATS 2 : 0 0 : 0 0 : 0 0 : 0 0 : 0 0 : 0 0 : 0 5 : 0 0 : 0 0 : 0 0 : 0 0 : 0 0 : 0 0 : 0 0 : 0 0 : 0 0 : 0 0 : 0 0 : 0 0 : 0 0 : 0 0 : 0 0 : 0 0 : 0 0 : 0 0 : 0 0 : 0 0 : 0 0 : 0 0 : 0 0 : 0 0 : 0 0 : 0 0 : 0 0 : 0 0 : 0 0 : 0 0 : 0 0 : 0 0 : 0 1 : 0 0 : 0 0 ]
[0.724s][info][gc       ] [VMAC 65530 170 24 430 624 : 0.724485 ]
[0.725s][info][gc       ] [CCF 0 0 0 0 6 18944: 2548224 : 376 194560 : 2 32768 : 312 306176 :  376 491520 : 45 59392 : 0 0 : 15 1228800 : 1 2048]
[0.725s][info][gc       ] [GPGC-H  52.1 0.0 35.9 0.0 : 3453.2 : 0.000 0.000 : 0.000 0.000 0.029 0.047 : 0.000 0.000 0.000 0.000 0.032 0.018 : 0.000 : 4.177 : 126 0 30 0 : 2273 : 460 432 : 0.725270 : 7 Heap_use_crossed_incremental_gc_percent ]
[0.727s][info][safepoint] Application time: 0.0072653 seconds
[0.727s][info][safepoint] Total time for which application threads were stopped: 0.0001967 seconds, Stopping threads took: 0.0000004 seconds
[0.727s][info][gc       ] [SPS 0.000 0.001 0.010 0.007 0.000 0.001 0.000 0.143 0.044 0.196 NewGC_pause1 0.726700 ]
[0.765s][info][safepoint] Application time: 0.0382683 seconds
[0.765s][info][safepoint] Total time for which application threads were stopped: 0.0000698 seconds, Stopping threads took: 0.0000004 seconds
[0.765s][info][gc       ] [SPS 0.000 0.001 0.000 0.006 0.000 0.001 0.000 0.047 0.015 0.070 NewGC_pause2 0.765038 ]
[0.766s][info][safepoint] Application time: 0.0009417 seconds
[0.766s][info][safepoint] Total time for which application threads were stopped: 0.0000858 seconds, Stopping threads took: 0.0000004 seconds
[0.766s][info][gc       ] [SPS 0.000 0.000 0.000 0.007 0.000 0.001 0.000 0.039 0.039 0.086 NewGC_pause3 0.766065 ]
[0.769s][info][safepoint] Application time: 0.0029289 seconds
[0.769s][info][safepoint] Total time for which application threads were stopped: 0.0001075 seconds, Stopping threads took: 0.0000004 seconds
[0.769s][info][gc       ] [SPS 0.000 1.101 0.002 0.007 0.000 0.001 0.000 0.071 0.028 0.108 NewGC_pause4 0.769102 ]
[0.770s][info][gc       ] [GC NTO Max 3-2 : 512 260 252 512 - - 271 20 2 2 - : 192 0 32 28 200 : 173 15 12 12 0 : 0 5 36 0 87 - 9 : 0.021000 1238.1 0.0 0.044086 1769.3 45.4 : 3 --c 0000 : 23 0 0.000 0.000 0 0.000 0.000 0 0.000 0.000 : 0.725445 0.726504 0.000147 0.764968 0.000050 0.765980 0.000041 0.768994 0.000071 : 0.769532 ]
[0.770s][info][gc       ] [SYSINFO 1898 194 63 0 1460 0 16 0 0 1098 : - - - - - - - - : 0 7168 : 0.08 0.02 0.21 : 271815 4213492 : 0 0 : 9 0 : 2028 4 0 266 : - 1802498048 581779456 458792960 1073233920 202752000 66908160 : 139760798 21751980 337130 0 0 0 : 0.769741 ]
[0.770s][info][gc       ] [HUGEPAGESTAT 0 0 0 - 57714 0 0 : 272384 0 0 : 0.769741 ]
[0.770s][info][gc       ] [OBJCREAT 195039 24368 - : 0.769785 ]
[0.770s][info][gc       ] [HMSV All : 0 0 4 0 0 0 0 0 : 4730 0 0 0 : 0.769800 ]
[0.770s][info][gc       ] [HMSP 8 : 50848 0 : 0.769800 ]
[0.770s][info][gc       ] [GPGC-H  52.1 0.0 35.9 0.0 : 3453.2 : 0.000 0.000 : 0.000 0.000 0.044 0.047 : 0.000 0.000 0.000 0.000 0.058 0.018 : 0.000 : 67.736 : 194 0 32 0 : 2273 : 460 432 : 0.770043 : 7 Heap_use_crossed_incremental_gc_percent ]
[0.770s][info][gc       ] [VMAC 65530 170 24 430 624 : 0.770197 ]
[0.771s][info][safepoint] Application time: 0.0017053 seconds
[0.771s][info][safepoint] Total time for which application threads were stopped: 0.0005305 seconds, Stopping threads took: 0.0000004 seconds
[0.772s][info][gc       ] [SPS 0.000 0.000 0.000 0.006 0.000 0.001 0.000 0.509 0.014 0.531 OldGC_pause2 0.771338 ]
[0.774s][info][safepoint] Application time: 0.0024722 seconds
[0.774s][info][safepoint] Total time for which application threads were stopped: 0.0000541 seconds, Stopping threads took: 0.0000004 seconds
[0.774s][info][gc       ] [SPS 0.000 0.000 0.000 0.006 0.000 0.001 0.000 0.033 0.013 0.054 OldGC_pause3 0.773864 ]
[0.779s][info][safepoint] Application time: 0.0052946 seconds
[0.780s][info][safepoint] Total time for which application threads were stopped: 0.0001330 seconds, Stopping threads took: 0.0000004 seconds
[0.780s][info][gc       ] [SPS 0.000 2.060 0.003 0.006 0.000 0.001 0.000 0.112 0.014 0.133 NewGC_pause1 0.779292 ]
[0.834s][info][safepoint] Application time: 0.0541459 seconds
[0.834s][info][safepoint] Total time for which application threads were stopped: 0.0001278 seconds, Stopping threads took: 0.0000004 seconds
[0.834s][info][gc       ] [SPS 0.000 0.001 0.000 0.006 0.000 0.001 0.000 0.098 0.022 0.128 NewGC_pause2 0.833566 ]
[0.835s][info][safepoint] Application time: 0.0018457 seconds
[0.836s][info][safepoint] Total time for which application threads were stopped: 0.0000548 seconds, Stopping threads took: 0.0000004 seconds
[0.836s][info][gc       ] [SPS 0.000 0.000 0.000 0.006 0.000 0.001 0.000 0.034 0.013 0.055 NewGC_pause3 0.835466 ]
[0.837s][info][safepoint] Application time: 0.0016757 seconds
[0.837s][info][safepoint] Total time for which application threads were stopped: 0.0000616 seconds, Stopping threads took: 0.0000004 seconds
[0.837s][info][gc       ] [SPS 0.000 0.002 0.002 0.006 0.000 0.001 0.000 0.040 0.015 0.062 NewGC_pause4 0.837204 ]
[0.838s][info][gc       ] [GC New Max 5-3 : 512 404 400 512 - - 281 20 2 2 - : 340 0 32 28 346 : 322 16 8 8 0 : 0 5 64 0 157 - 13 : 0.005685 2814.6 0.0 0.062441 2242.1 0.0 : 3 --c 0000 : 23 0 0.000 0.000 0 0.000 0.000 0 0.000 0.000 : 0.775216 0.779159 0.000115 0.833438 0.000101 0.835411 0.000037 0.837142 0.000042 : 0.837658 ]
[0.838s][info][gc       ] [SYSINFO 1908 194 63 0 1469 0 16 0 0 1098 : - - - - - - - - : 0 7168 : 0.08 0.02 0.21 : 271815 4213492 : 0 0 : 9 0 : 2028 3 0 266 : - 1812094976 581779456 468389888 1073233920 202752000 66908160 : 139760798 21752240 337130 0 0 0 : 0.837858 ]
[0.838s][info][gc       ] [HUGEPAGESTAT 0 0 0 - 57714 0 0 : 272384 0 0 : 0.837858 ]
[0.838s][info][gc       ] [OBJCREAT 346413 24368 - : 0.837896 ]
[0.838s][info][gc       ] [HMSV All : 0 0 5 0 0 0 0 0 : 4746 0 0 0 : 0.837911 ]
[0.838s][info][gc       ] [HMSP 8 : 50848 0 : 0.837911 ]
[0.838s][info][gc       ] [GPGC-H  52.1 0.0 35.9 0.0 : 3453.2 : 0.000 0.000 : 0.000 0.000 0.062 0.047 : 0.000 0.000 0.000 0.000 0.088 0.018 : 0.000 : 98.916 : 342 0 32 0 : 2273 : 460 432 : 0.838139 : 7 Heap_use_crossed_incremental_gc_percent ]
[0.838s][info][gc       ] [VMAC 65530 170 24 430 624 : 0.838269 ]
[0.839s][info][safepoint] Application time: 0.0014047 seconds
[0.839s][info][safepoint] Total time for which application threads were stopped: 0.0000777 seconds, Stopping threads took: 0.0000004 seconds
[0.839s][info][gc       ] [SPS 0.000 0.001 0.002 0.006 0.000 0.001 0.000 0.049 0.021 0.078 OldGC_pause4 0.838686 ]
[0.840s][info][gc       ] [GC Old Max 4-2 : 512 426 424 512 - - 281 20 2 2 - : 366 0 30 28 36 : 25 6 0 0 0 : 0 3 1 1 15 - 0 : 0.002294 0.0 0.0 0.113607 0.0 17.6 : 1 --c 0000 : 23   -    -    -    -    -    -    -    -    -  : 0.726102 0.726504 0.000147 0.770807 0.000513 0.773810 0.000037 0.838608 0.000053 : 0.839710 ]
[0.840s][info][gc       ] [SYSINFO 1908 194 63 0 1469 0 16 0 0 1098 : - - - - - - - - : 0 7168 : 0.08 0.02 0.21 : 271815 4213492 : 0 0 : 9 0 : 2028 3 0 266 : - 1812094976 581779456 468389888 1073233920 202752000 66908160 : 139760798 21752260 337140 0 0 0 : 0.839888 ]
[0.840s][info][gc       ] [HUGEPAGESTAT 0 0 0 - 57714 0 0 : 272384 0 0 : 0.839888 ]
[0.840s][info][gc       ] [OBJCREAT 372434 24368 - : 0.839923 ]
[0.840s][info][gc       ] [HMSV All : 0 0 6 0 0 0 0 0 : 4768 0 0 0 : 0.839937 ]
[0.840s][info][gc       ] [HMSP 8 : 50848 0 : 0.839937 ]
[0.840s][info][gc       ] [COMPSTATS 1 : 5 0 : 13 0 : 0 0 : 376 1 0 0 0 0 : 0 0 0 0 0 0 : 93 94 4 : 377 0 0 0 0 0 0 : 377 0 0 0 0 0 0 ]
[0.840s][info][gc       ] [COMPSTATS 2 : 5 1 : 5 1 : 0 0 : 54 2 0 0 0 0 : 0 0 0 0 0 0 : 1935 1939 1215 : 30 26 0 0 0 0 0 : 11 40 4 0 0 0 0 ]
[0.840s][info][gc       ] [DEOPTSTATS 1 : 0 0 : 0 0 : 0 0 : 0 0 : 0 1 : 0 0 : 0 0 : 0 0 : 0 0 : 0 0 : 0 0 : 0 0 : 0 0 : 0 0 : 0 0 : 0 0 : 0 0 : 0 0 : 0 0 : 0 0 : 0 0 : 0 0 : 0 0 : 0 0 : 0 0 : 0 0 : 0 0 : 0 0 : 0 0 : 0 0 : 1 0 : 0 0 : 0 0 : 0 0 : 0 0 : 0 0 : 0 0 : 0 0 : 0 0 : 0 0 : 0 0 : 0 0 ]
[0.840s][info][gc       ] [DEOPTSTATS 2 : 0 0 : 0 0 : 0 0 : 0 0 : 0 0 : 0 0 : 0 5 : 0 0 : 0 0 : 0 0 : 0 0 : 0 0 : 0 0 : 0 0 : 0 0 : 0 0 : 0 0 : 0 0 : 0 0 : 0 0 : 0 0 : 0 0 : 0 0 : 0 0 : 0 0 : 0 0 : 0 0 : 0 0 : 0 0 : 0 0 : 0 0 : 0 0 : 0 0 : 0 0 : 0 0 : 0 0 : 0 0 : 0 0 : 0 0 : 0 1 : 0 0 : 0 0 ]
[0.840s][info][gc       ] [CCF 0 0 0 0 7 19968: 2554880 : 376 194560 : 2 32768 : 312 306176 :  376 491520 : 49 66048 : 0 0 : 15 1228800 : 1 2048]
[0.840s][info][gc       ] [VMAC 65530 170 24 430 624 : 0.840322 ]
[0.845s][info][safepoint] Application time: 0.0063981 seconds
[0.846s][info][safepoint] Total time for which application threads were stopped: 0.0004147 seconds, Stopping threads took: 0.0002549 seconds
[0.846s][info][gc       ] [SPS 0.000 0.001 0.002 0.006 0.255 0.001 0.000 0.133 0.020 0.415 NewGC_pause1 0.845499 ]
[0.966s][info][safepoint] Application time: 0.1205971 seconds
[0.967s][info][safepoint] Total time for which application threads were stopped: 0.0001465 seconds, Stopping threads took: 0.0000004 seconds
[0.967s][info][gc       ] [SPS 0.000 0.001 0.000 0.006 0.000 0.001 0.000 0.117 0.022 0.147 NewGC_pause2 0.966243 ]
[0.967s][info][safepoint] Application time: 0.0011148 seconds
[0.968s][info][safepoint] Total time for which application threads were stopped: 0.0000548 seconds, Stopping threads took: 0.0000004 seconds
[0.968s][info][gc       ] [SPS 0.000 0.000 0.000 0.006 0.000 0.001 0.000 0.034 0.013 0.055 NewGC_pause3 0.967413 ]
[0.968s][info][safepoint] Application time: 0.0006706 seconds
[0.968s][info][safepoint] Total time for which application threads were stopped: 0.0000626 seconds, Stopping threads took: 0.0000004 seconds
[0.968s][info][gc       ] [SPS 0.000 0.002 0.002 0.006 0.000 0.001 0.000 0.040 0.014 0.063 NewGC_pause4 0.968146 ]
[0.969s][info][gc       ] [GC New Max 6-4 : 574 538 528 574 - - 288 20 2 2 - : 470 0 30 28 480 : 454 14 10 10 0 : 0 4 57 0 216 - 19 : 0.005655 4598.1 0.0 0.125345 925.4 0.0 : 3 --c 0000 : 23 859 0.000 0.000 0 0.000 0.000 859 0.000 0.000 : 0.843312 0.845084 0.000391 0.966096 0.000043 0.967358 0.000038 0.968083 0.000044 : 0.968657 ]
[0.969s][info][gc       ] [SYSINFO 1979 194 63 0 1540 0 16 0 0 1160 : - - - - - - - - : 0 7168 : 0.08 0.02 0.21 : 271815 4213492 : 0 0 : 9 0 : 2028 3 0 266 : - 1884807168 581779456 476221440 1138114560 202752000 66908160 : 139760798 21752830 337240 0 0 0 : 0.968870 ]
[0.969s][info][gc       ] [HUGEPAGESTAT 0 0 0 - 57716 0 0 : 272384 0 0 : 0.968870 ]
[0.969s][info][gc       ] [OBJCREAT 487562 24368 - : 0.968910 ]
[0.969s][info][gc       ] [HMSV All : 0 0 6 0 0 0 0 0 : 4810 0 0 0 : 0.968924 ]
[0.969s][info][gc       ] [HMSP 8 : 50848 0 : 0.968924 ]
[0.969s][info][gc       ] [GPGC-H  326.0 0.0 35.9 0.0 : 3453.2 : 0.000 0.000 : 0.000 0.000 0.125 0.114 : 0.000 0.000 0.000 0.000 0.150 0.019 : 0.000 : 99.481 : 472 0 30 0 : 2273 : 516 488 : 0.969161 : 3 Heap_use_exceeded_committed ]
[0.969s][info][gc       ] [VMAC 65530 170 24 432 626 : 0.969294 ]
[0.970s][info][safepoint] Application time: 0.0020798 seconds
[0.970s][info][safepoint] Total time for which application threads were stopped: 0.0001234 seconds, Stopping threads took: 0.0000045 seconds
[0.971s][info][gc       ] [SPS 0.000 0.000 0.002 0.006 0.005 0.001 0.000 0.098 0.014 0.123 NewGC_pause1 0.970349 ]
[1.093s][info][gc       ] [HEAPCOMMIT 880 : 368 24.878 0 0.000 : 0 0.000 0.000 : 1080 108 : 1.092987 ]
[1.131s][info][safepoint] Application time: 0.1607907 seconds
[1.132s][info][safepoint] Total time for which application threads were stopped: 0.0001949 seconds, Stopping threads took: 0.0000004 seconds
[1.132s][info][gc       ] [SPS 0.000 0.001 0.000 0.006 0.000 0.001 0.000 0.153 0.035 0.195 NewGC_pause2 1.131335 ]
[1.133s][info][safepoint] Application time: 0.0014666 seconds
[1.134s][info][safepoint] Total time for which application threads were stopped: 0.0001420 seconds, Stopping threads took: 0.0000004 seconds
[1.134s][info][gc       ] [SPS 0.000 0.000 0.000 0.007 0.000 0.001 0.000 0.095 0.038 0.142 NewGC_pause3 1.132943 ]
[1.136s][info][safepoint] Application time: 0.0028006 seconds
[1.136s][info][safepoint] Total time for which application threads were stopped: 0.0000592 seconds, Stopping threads took: 0.0000004 seconds
[1.136s][info][gc       ] [SPS 0.000 0.726 0.002 0.005 0.000 0.001 0.000 0.039 0.014 0.059 NewGC_pause4 1.135803 ]
[1.137s][info][gc       ] [GC NTO Max 7-5 : 880 826 810 880 - - 306 20 2 2 - : 750 0 32 28 766 : 734 14 18 18 0 : 0 5 145 0 347 - 28 : 0.000586 6823.4 0.0 0.167580 1754.4 11.9 : 3 --c 0000 : 23 1122 0.000 0.000 0 0.000 0.000 1122 0.000 0.000 : 0.969243 0.970226 0.000105 1.131140 0.000092 1.132801 0.000101 1.135744 0.000042 : 1.136823 ]
[1.137s][info][gc       ] [SYSINFO 2309 194 63 0 1865 0 16 0 0 1466 : - - - - - - - - : 0 7168 : 0.08 0.02 0.21 : 271815 4213496 : 0 0 : 9 0 : 2028 2 0 266 : - 2225905664 581779456 496431104 1458868224 202752000 66908160 : 139760798 21753460 337410 0 0 0 : 1.137059 ]
[1.137s][info][gc       ] [HUGEPAGESTAT 0 0 0 - 57724 0 0 : 272384 0 0 : 1.137059 ]
[1.137s][info][gc       ] [OBJCREAT 781742 24436 - : 1.137101 ]
[1.137s][info][gc       ] [HMSV All : 0 0 7 0 0 0 0 0 : 4854 0 0 0 : 1.137114 ]
[1.137s][info][gc       ] [HMSP 8 : 50848 0 : 1.137114 ]
[1.137s][info][gc       ] [GPGC-H  499.0 0.0 35.9 0.0 : 3453.2 : 0.000 0.000 : 0.000 0.000 0.167 0.114 : 0.000 0.000 0.000 0.000 0.214 0.019 : 0.000 : 99.651 : 752 0 32 0 : 2273 : 792 764 : 1.137327 : 3 Heap_use_exceeded_committed ]
[1.137s][info][gc       ] [VMAC 65530 170 24 432 626 : 1.137482 ]
[1.137s][info][safepoint] Application time: 0.0011674 seconds
[1.138s][info][safepoint] Total time for which application threads were stopped: 0.0005305 seconds, Stopping threads took: 0.0000004 seconds
[1.138s][info][gc       ] [SPS 0.000 0.000 0.000 0.006 0.000 0.001 0.000 0.508 0.016 0.531 OldGC_pause2 1.137501 ]
[1.140s][info][safepoint] Application time: 0.0019597 seconds
[1.140s][info][safepoint] Total time for which application threads were stopped: 0.0000562 seconds, Stopping threads took: 0.0000043 seconds
[1.140s][info][gc       ] [SPS 0.000 0.000 0.000 0.006 0.004 0.001 0.000 0.033 0.012 0.056 OldGC_pause3 1.139517 ]
[1.146s][info][safepoint] Application time: 0.0057270 seconds
[1.146s][info][safepoint] Total time for which application threads were stopped: 0.0005639 seconds, Stopping threads took: 0.0003387 seconds
[1.146s][info][gc       ] [SPS 0.000 0.244 0.004 0.006 0.339 0.001 0.000 0.202 0.016 0.564 NewGC_pause1 1.145808 ]
[1.245s][info][gc       ] [DEOPTSTATS 1 : 0 0 : 0 0 : 0 0 : 0 0 : 0 1 : 0 0 : 0 0 : 0 0 : 0 0 : 0 0 : 0 0 : 0 0 : 0 0 : 0 0 : 0 0 : 0 0 : 0 0 : 0 0 : 0 0 : 0 0 : 0 0 : 0 0 : 0 0 : 0 0 : 0 0 : 0 0 : 0 0 : 0 0 : 0 0 : 0 0 : 1 0 : 0 0 : 0 0 : 0 0 : 0 0 : 0 0 : 0 0 : 0 0 : 0 0 : 0 0 : 0 0 : 0 0 ]
[1.245s][info][gc       ] [DEOPTSTATS 2 : 0 0 : 0 0 : 0 0 : 0 0 : 0 0 : 0 0 : 0 5 : 0 0 : 0 0 : 0 0 : 0 0 : 0 0 : 0 0 : 0 0 : 0 0 : 0 0 : 0 0 : 0 0 : 0 0 : 0 0 : 0 0 : 0 0 : 0 0 : 0 0 : 0 0 : 0 0 : 0 0 : 0 0 : 0 0 : 0 0 : 1 0 : 0 0 : 0 0 : 0 0 : 0 0 : 0 0 : 0 0 : 0 0 : 0 0 : 0 1 : 0 0 : 0 0 ]
[1.292s][info][gc       ] [HEAPCOMMIT 1226 : 346 21.100 0 0.000 : 0 0.000 0.000 : 1592 160 : 1.292154 ]
[1.373s][info][safepoint] Application time: 0.2271177 seconds
[1.373s][info][safepoint] Total time for which application threads were stopped: 0.0001820 seconds, Stopping threads took: 0.0000005 seconds
[1.374s][info][gc       ] [SPS 0.000 0.001 0.000 0.098 0.000 0.001 0.001 0.061 0.022 0.182 NewGC_pause2 1.373108 ]
[1.374s][info][safepoint] Application time: 0.0010742 seconds
[1.374s][info][safepoint] Total time for which application threads were stopped: 0.0000702 seconds, Stopping threads took: 0.0000004 seconds
[1.375s][info][gc       ] [SPS 0.000 0.000 0.000 0.008 0.000 0.001 0.000 0.034 0.027 0.070 NewGC_pause3 1.374253 ]
[1.376s][info][safepoint] Application time: 0.0018630 seconds
[1.377s][info][safepoint] Total time for which application threads were stopped: 0.0000885 seconds, Stopping threads took: 0.0000004 seconds
[1.377s][info][gc       ] [SPS 0.000 0.004 0.003 0.009 0.000 0.001 0.000 0.061 0.016 0.087 NewGC_pause4 1.376204 ]
[1.379s][info][gc       ] [GC New Max 9-6 : 1364 1198 1178 1364 - - 378 20 2 2 - : 1102 0 32 44 1122 : 1079 16 25 25 0 : 0 5 159 0 509 - 42 : 0.005672 9520.1 0.0 0.236067 1372.5 0.0 : 3 --c 0000 : 23 58 0.000 0.000 0 0.000 0.000 58 0.000 0.000 : 1.142495 1.145245 0.000543 1.372926 0.000156 1.374182 0.000039 1.376117 0.000068 : 1.378562 ]
[1.379s][info][gc       ] [SYSINFO 2814 194 63 0 2362 0 16 0 0 1906 : - - - - - - - - : 0 7168 : 0.08 0.02 0.21 : 271815 4213496 : 0 0 : 9 0 : 2028 3 0 266 : - 2746716160 581779456 509820928 1966424064 202752000 66908160 : 139760798 21754430 337700 0 0 0 : 1.378837 ]
[1.379s][info][gc       ] [HUGEPAGESTAT 0 0 0 - 57728 0 0 : 301056 0 0 : 1.378837 ]
[1.379s][info][gc       ] [OBJCREAT 1153974 24436 - : 1.378887 ]
[1.379s][info][gc       ] [HMSV All : 0 0 8 0 0 0 0 0 : 4904 0 0 0 : 1.378902 ]
[1.379s][info][gc       ] [HMSP 14 : 50864 0 : 1.378902 ]
[1.379s][info][gc       ] [GPGC-H  624.4 0.0 35.9 0.0 : 3453.2 : 0.000 0.000 : 0.000 0.000 0.236 0.114 : 0.000 0.000 0.000 0.000 0.341 0.019 : 0.000 : 99.716 : 1104 0 32 0 : 2273 : 1227 1183 : 1.379210 : 7 Heap_use_crossed_incremental_gc_percent ]
[1.379s][info][gc       ] [VMAC 65530 170 24 438 632 : 1.379353 ]
[1.380s][info][safepoint] Application time: 0.0039167 seconds
[1.380s][info][safepoint] Total time for which application threads were stopped: 0.0000846 seconds, Stopping threads took: 0.0000115 seconds
[1.380s][info][gc       ] [SPS 0.000 0.003 0.002 0.009 0.012 0.001 0.001 0.046 0.017 0.085 OldGC_pause4 1.380206 ]
[1.381s][info][gc       ] [GC Old Max 8-3 : 1364 1198 1180 1364 - - 380 20 2 2 - : 1106 0 30 44 34 : 25 6 0 0 0 : 0 2 1 1 15 - 0 : 0.130142 0.0 0.0 0.411096 0.0 4.9 : 1 --c 0000 : 23   -    -    -    -    -    -    -    -    -  : 0.969852 0.970226 0.000105 1.136971 0.000509 1.139461 0.000040 1.380121 0.000064 : 1.380947 ]
[1.381s][info][gc       ] [SYSINFO 2814 194 63 0 2362 0 16 0 0 1913 : - - - - - - - - : 0 7168 : 0.08 0.02 0.21 : 271815 4213496 : 0 0 : 9 0 : 2028 3 0 266 : - 2746716160 581779456 509820928 1966424064 202752000 66908160 : 139760798 21754430 337700 0 0 0 : 1.381255 ]
[1.381s][info][gc       ] [HUGEPAGESTAT 0 0 0 - 57728 0 0 : 301056 0 0 : 1.381255 ]
[1.381s][info][gc       ] [OBJCREAT 1155957 24436 - : 1.381301 ]
[1.381s][info][gc       ] [HMSV All : 0 0 8 0 0 0 0 0 : 4904 0 0 0 : 1.381317 ]
[1.381s][info][gc       ] [HMSP 14 : 50864 0 : 1.381317 ]
[1.381s][info][gc       ] [COMPSTATS 1 : 5 0 : 3 0 : 0 0 : 385 1 0 0 0 0 : 0 0 0 0 0 0 : 96 97 83 : 385 1 0 0 0 0 0 : 386 0 0 0 0 0 0 ]
[1.381s][info][gc       ] [COMPSTATS 2 : 5 0 : 1 0 : 0 0 : 54 2 0 0 0 0 : 0 0 0 0 0 0 : 2090 2093 1215 : 30 26 0 0 0 0 0 : 11 40 5 0 0 0 0 ]
[1.381s][info][gc       ] [DEOPTSTATS 1 : 0 0 : 0 0 : 0 0 : 0 0 : 0 1 : 0 0 : 0 0 : 0 0 : 0 0 : 0 0 : 0 0 : 0 0 : 0 0 : 0 0 : 0 0 : 0 0 : 0 0 : 0 0 : 0 0 : 0 0 : 0 0 : 0 0 : 0 0 : 0 0 : 0 0 : 0 0 : 0 0 : 0 0 : 0 0 : 0 0 : 1 0 : 0 0 : 0 0 : 0 0 : 0 0 : 0 0 : 0 0 : 0 0 : 0 0 : 0 0 : 0 0 : 0 0 ]
[1.381s][info][gc       ] [DEOPTSTATS 2 : 0 0 : 0 0 : 0 0 : 0 0 : 0 0 : 0 0 : 0 5 : 0 0 : 0 0 : 0 0 : 0 0 : 0 0 : 0 0 : 0 0 : 0 0 : 0 0 : 0 0 : 0 0 : 0 0 : 0 0 : 0 0 : 0 0 : 0 0 : 0 0 : 0 0 : 0 0 : 0 0 : 0 0 : 0 0 : 0 0 : 1 0 : 0 0 : 0 0 : 0 0 : 0 0 : 0 0 : 0 0 : 0 0 : 0 0 : 0 1 : 0 0 : 0 0 ]
[1.382s][info][gc       ] [VMAC 65530 170 24 438 632 : 1.381732 ]
[1.382s][info][gc       ] [CCF 0 0 0 0 7 19968: 2571264 : 376 194560 : 2 32768 : 312 306176 :  385 502272 : 50 71680 : 0 0 : 15 1228800 : 1 2048]
[1.386s][info][safepoint] Application time: 0.0055947 seconds
[1.386s][info][safepoint] Total time for which application threads were stopped: 0.0001138 seconds, Stopping threads took: 0.0000004 seconds
[1.386s][info][gc       ] [SPS 0.000 0.003 0.003 0.007 0.000 0.001 0.000 0.088 0.017 0.114 NewGC_pause1 1.385914 ]
[1.406s][info][gc       ] [HEAPCOMMIT 1620 : 394 25.526 0 0.000 : 0 0.000 0.000 : 0 0 : 1.406150 ]
[1.524s][info][gc       ] [COMPSTATS 1 : 5 5 : 15 9 : 0 0 : 400 1 0 0 0 0 : 0 0 0 0 0 0 : 97 98 83 : 400 1 0 0 0 0 0 : 396 0 0 0 0 0 0 ]
[1.524s][info][gc       ] [COMPSTATS 2 : 5 0 : 1 0 : 0 0 : 54 2 0 0 0 0 : 0 0 0 0 0 0 : 2090 2093 1215 : 30 26 0 0 0 0 0 : 11 40 5 0 0 0 0 ]
[1.524s][info][gc       ] [DEOPTSTATS 1 : 0 0 : 0 0 : 0 0 : 0 0 : 0 1 : 0 0 : 0 0 : 0 0 : 0 0 : 0 0 : 0 0 : 0 0 : 0 0 : 0 0 : 0 0 : 0 0 : 0 0 : 0 0 : 0 0 : 0 0 : 0 0 : 0 0 : 0 0 : 0 0 : 0 0 : 0 0 : 0 0 : 0 0 : 0 0 : 0 0 : 1 0 : 0 0 : 0 0 : 0 0 : 0 0 : 0 0 : 0 0 : 0 0 : 0 0 : 0 0 : 0 0 : 0 0 ]
[1.524s][info][gc       ] [DEOPTSTATS 2 : 0 0 : 0 0 : 0 0 : 0 0 : 0 0 : 0 0 : 0 5 : 0 0 : 0 0 : 0 0 : 0 0 : 0 0 : 0 0 : 0 0 : 0 0 : 0 0 : 0 0 : 0 0 : 0 0 : 0 0 : 0 0 : 0 0 : 0 0 : 0 0 : 0 0 : 0 0 : 0 0 : 0 0 : 0 0 : 0 0 : 1 0 : 0 0 : 0 0 : 0 0 : 0 0 : 0 0 : 0 0 : 0 0 : 0 0 : 0 1 : 0 0 : 0 0 ]
[1.524s][info][gc       ] [COMPSTATS 1 : 5 5 : 15 9 : 0 0 : 400 1 0 0 0 0 : 0 0 0 0 0 0 : 97 98 83 : 400 1 0 0 0 0 0 : 396 0 0 0 0 0 0 ]
[1.524s][info][gc       ] [COMPSTATS 2 : 5 0 : 1 0 : 0 0 : 54 2 0 0 0 0 : 0 0 0 0 0 0 : 2090 2093 1215 : 30 26 0 0 0 0 0 : 11 40 5 0 0 0 0 ]
[1.524s][info][gc       ] [DEOPTSTATS 1 : 0 0 : 0 0 : 0 0 : 0 0 : 0 1 : 0 0 : 0 0 : 0 0 : 0 0 : 0 0 : 0 0 : 0 0 : 0 0 : 0 0 : 0 0 : 0 0 : 0 0 : 0 0 : 0 0 : 0 0 : 0 0 : 0 0 : 0 0 : 0 0 : 0 0 : 0 0 : 0 0 : 0 0 : 0 0 : 0 0 : 1 0 : 0 0 : 0 0 : 0 0 : 0 0 : 0 0 : 0 0 : 0 0 : 0 0 : 0 0 : 0 0 : 0 0 ]
[1.524s][info][gc       ] [DEOPTSTATS 2 : 0 0 : 0 0 : 0 0 : 0 0 : 0 0 : 0 0 : 0 5 : 0 0 : 0 0 : 0 0 : 0 0 : 0 0 : 0 0 : 0 0 : 0 0 : 0 0 : 0 0 : 0 0 : 0 0 : 0 0 : 0 0 : 0 0 : 0 0 : 0 0 : 0 0 : 0 0 : 0 0 : 0 0 : 0 0 : 0 0 : 1 0 : 0 0 : 0 0 : 0 0 : 0 0 : 0 0 : 0 0 : 0 0 : 0 0 : 0 1 : 0 0 : 0 0 ]
[1.524s][info][gc       ] [COMPSTATS 1 : 5 5 : 15 9 : 0 0 : 400 1 0 0 0 0 : 0 0 0 0 0 0 : 97 98 83 : 400 1 0 0 0 0 0 : 396 0 0 0 0 0 0 ]
[1.524s][info][gc       ] [COMPSTATS 2 : 5 0 : 1 0 : 0 0 : 54 2 0 0 0 0 : 0 0 0 0 0 0 : 2090 2093 1215 : 30 26 0 0 0 0 0 : 11 40 5 0 0 0 0 ]
[1.524s][info][gc       ] [DEOPTSTATS 1 : 0 0 : 0 0 : 0 0 : 0 0 : 0 1 : 0 0 : 0 0 : 0 0 : 0 0 : 0 0 : 0 0 : 0 0 : 0 0 : 0 0 : 0 0 : 0 0 : 0 0 : 0 0 : 0 0 : 0 0 : 0 0 : 0 0 : 0 0 : 0 0 : 0 0 : 0 0 : 0 0 : 0 0 : 0 0 : 0 0 : 1 0 : 0 0 : 0 0 : 0 0 : 0 0 : 0 0 : 0 0 : 0 0 : 0 0 : 0 0 : 0 0 : 0 0 ]
[1.524s][info][gc       ] [DEOPTSTATS 2 : 0 0 : 0 0 : 0 0 : 0 0 : 0 0 : 0 0 : 0 5 : 0 0 : 0 0 : 0 0 : 0 0 : 0 0 : 0 0 : 0 0 : 0 0 : 0 0 : 0 0 : 0 0 : 0 0 : 0 0 : 0 0 : 0 0 : 0 0 : 0 0 : 0 0 : 0 0 : 0 0 : 0 0 : 0 0 : 0 0 : 1 0 : 0 0 : 0 0 : 0 0 : 0 0 : 0 0 : 0 0 : 0 0 : 0 0 : 0 1 : 0 0 : 0 0 ]
[1.524s][info][gc       ] [COMPSTATS 1 : 5 5 : 15 9 : 0 0 : 400 1 0 0 0 0 : 0 0 0 0 0 0 : 97 98 83 : 400 1 0 0 0 0 0 : 396 0 0 0 0 0 0 ]
[1.524s][info][gc       ] [COMPSTATS 2 : 5 0 : 1 0 : 0 0 : 54 2 0 0 0 0 : 0 0 0 0 0 0 : 2090 2093 1215 : 30 26 0 0 0 0 0 : 11 40 5 0 0 0 0 ]
[1.524s][info][gc       ] [DEOPTSTATS 1 : 0 0 : 0 0 : 0 0 : 0 0 : 0 1 : 0 0 : 0 0 : 0 0 : 0 0 : 0 0 : 0 0 : 0 0 : 0 0 : 0 0 : 0 0 : 0 0 : 0 0 : 0 0 : 0 0 : 0 0 : 0 0 : 0 0 : 0 0 : 0 0 : 0 0 : 0 0 : 0 0 : 0 0 : 0 0 : 0 0 : 1 0 : 0 0 : 0 0 : 0 0 : 0 0 : 0 0 : 0 0 : 0 0 : 0 0 : 0 0 : 0 0 : 0 0 ]
[1.524s][info][gc       ] [DEOPTSTATS 2 : 0 0 : 0 0 : 0 0 : 0 0 : 0 0 : 0 0 : 0 5 : 0 0 : 0 0 : 0 0 : 0 0 : 0 0 : 0 0 : 0 0 : 0 0 : 0 0 : 0 0 : 0 0 : 0 0 : 0 0 : 0 0 : 0 0 : 0 0 : 0 0 : 0 0 : 0 0 : 0 0 : 0 0 : 0 0 : 0 0 : 1 0 : 0 0 : 0 0 : 0 0 : 0 0 : 0 0 : 0 0 : 0 0 : 0 0 : 0 1 : 0 0 : 0 0 ]
[1.525s][info][gc       ] [COMPSTATS 1 : 5 5 : 15 9 : 0 0 : 400 1 0 0 0 0 : 0 0 0 0 0 0 : 97 98 83 : 400 1 0 0 0 0 0 : 396 0 0 0 0 0 0 ]
[1.525s][info][gc       ] [COMPSTATS 2 : 5 0 : 1 0 : 0 0 : 54 2 0 0 0 0 : 0 0 0 0 0 0 : 2090 2093 1215 : 30 26 0 0 0 0 0 : 11 40 5 0 0 0 0 ]
[1.525s][info][gc       ] [DEOPTSTATS 1 : 0 0 : 0 0 : 0 0 : 0 0 : 0 1 : 0 0 : 0 0 : 0 0 : 0 0 : 0 0 : 0 0 : 0 0 : 0 0 : 0 0 : 0 0 : 0 0 : 0 0 : 0 0 : 0 0 : 0 0 : 0 0 : 0 0 : 0 0 : 0 0 : 0 0 : 0 0 : 0 0 : 0 0 : 0 0 : 0 0 : 1 0 : 0 0 : 0 0 : 0 0 : 0 0 : 0 0 : 0 0 : 0 0 : 0 0 : 0 0 : 0 0 : 0 0 ]
[1.525s][info][gc       ] [DEOPTSTATS 2 : 0 0 : 0 0 : 0 0 : 0 0 : 0 0 : 0 0 : 0 5 : 0 0 : 0 0 : 0 0 : 0 0 : 0 0 : 0 0 : 0 0 : 0 0 : 0 0 : 0 0 : 0 0 : 0 0 : 0 0 : 0 0 : 0 0 : 0 0 : 0 0 : 0 0 : 0 0 : 0 0 : 0 0 : 0 0 : 0 0 : 1 0 : 0 0 : 0 0 : 0 0 : 0 0 : 0 0 : 0 0 : 0 0 : 0 0 : 0 1 : 0 0 : 0 0 ]
[1.671s][info][gc       ] [HEAPCOMMIT 2098 : 478 32.587 0 0.000 : 0 0.000 0.000 : 0 0 : 1.671365 ]
[1.725s][info][safepoint] Application time: 0.3389635 seconds
[1.725s][info][safepoint] Total time for which application threads were stopped: 0.0003411 seconds, Stopping threads took: 0.0000007 seconds
[1.726s][info][gc       ] [SPS 0.000 0.001 0.000 0.220 0.001 0.001 0.000 0.098 0.020 0.340 NewGC_pause2 1.725220 ]
[1.727s][info][safepoint] Application time: 0.0019891 seconds
[1.727s][info][safepoint] Total time for which application threads were stopped: 0.0001157 seconds, Stopping threads took: 0.0000019 seconds
[1.728s][info][gc       ] [SPS 0.000 0.001 0.000 0.007 0.002 0.005 0.000 0.087 0.014 0.116 NewGC_pause3 1.727324 ]
[1.729s][info][safepoint] Application time: 0.0012530 seconds
[1.729s][info][safepoint] Total time for which application threads were stopped: 0.0000726 seconds, Stopping threads took: 0.0000004 seconds
[1.729s][info][gc       ] [SPS 0.000 0.003 0.002 0.007 0.000 0.001 0.000 0.047 0.017 0.073 NewGC_pause4 1.728650 ]
[1.730s][info][gc       ] [GC New Max 10-7 : 2098 1936 1906 2098 - - 507 20 2 2 - : 1796 0 30 80 1826 : 1775 18 36 36 0 : 0 4 354 0 781 - 117 : 0.005853 1708.6 0.0 0.345544 2077.9 0.0 : 3 --c 0000 : 23 323 0.000 0.005 0 0.000 0.000 323 0.000 0.005 : 1.384414 1.385801 0.000084 1.724879 0.000311 1.727209 0.000098 1.728577 0.000044 : 1.729959 ]
[1.730s][info][gc       ] [SYSINFO 3580 194 63 0 3118 0 16 0 0 2605 : - - - - - - - - : 0 7168 : 0.08 0.02 0.21 : 271815 4213496 : 0 0 : 9 0 : 2028 3 0 266 : - 3539070976 581779456 532529152 2736070656 202752000 66908160 : 139760798 21755720 338190 0 0 0 : 1.730190 ]
[1.730s][info][gc       ] [HUGEPAGESTAT 0 0 0 - 57728 0 0 : 301056 0 0 : 1.730190 ]
[1.730s][info][gc       ] [OBJCREAT 1875969 24436 - : 1.730231 ]
[1.730s][info][gc       ] [HMSV All : 0 0 10 0 0 0 0 0 : 5094 0 0 0 : 1.730245 ]
[1.730s][info][gc       ] [HMSP 22 : 50900 0 : 1.730245 ]
[1.730s][info][gc       ] [GPGC-H  945.8 0.0 35.9 0.0 : 3453.2 : 0.000 0.000 : 0.000 0.000 0.345 0.411 : 0.000 0.000 0.000 0.000 0.524 0.019 : 0.000 : 99.754 : 1796 0 30 0 : 2273 : 1888 1808 : 1.730476 : 3 Heap_use_exceeded_committed ]
[1.731s][info][gc       ] [VMAC 65530 170 24 446 640 : 1.730652 ]
[1.735s][info][safepoint] Application time: 0.0059316 seconds
[1.735s][info][safepoint] Total time for which application threads were stopped: 0.0001679 seconds, Stopping threads took: 0.0000004 seconds
[1.735s][info][gc       ] [SPS 0.000 0.000 0.004 0.007 0.000 0.001 0.000 0.143 0.017 0.168 NewGC_pause1 1.734750 ]
[1.804s][info][gc       ] [HEAPCOMMIT 2610 : 512 45.400 0 0.000 : 0 0.000 0.000 : 0 0 : 1.803606 ]
[1.837s][info][gc       ] [HEAPCOMMIT 3074 : 464 32.582 0 0.000 : 0 0.000 0.000 : 0 0 : 1.836865 ]
[2.271s][info][safepoint] Application time: 0.5361876 seconds
[2.271s][info][safepoint] Total time for which application threads were stopped: 0.0000502 seconds, Stopping threads took: 0.0000003 seconds
[2.271s][info][gc       ] [SPS 0.000 0.001 0.000 0.007 0.000 0.001 0.000 0.037 0.005 0.050 NewGC_pause2 2.270988 ]
[2.272s][info][safepoint] Application time: 0.0012867 seconds
[2.272s][info][safepoint] Total time for which application threads were stopped: 0.0000535 seconds, Stopping threads took: 0.0000003 seconds
[2.273s][info][gc       ] [SPS 0.000 0.001 0.000 0.007 0.000 0.001 0.000 0.041 0.004 0.053 NewGC_pause3 2.272328 ]
[2.274s][info][safepoint] Application time: 0.0011192 seconds
[2.274s][info][safepoint] Total time for which application threads were stopped: 0.0000586 seconds, Stopping threads took: 0.0000004 seconds
[2.274s][info][gc       ] [SPS 0.000 0.021 0.002 0.007 0.000 0.001 0.000 0.045 0.006 0.058 NewGC_pause4 2.273506 ]
[2.274s][info][gc       ] [GC NTO Max 11-8 : 3074 2232 2108 3074 - - 534 20 2 2 - : 1948 0 32 128 2072 : 1930 21 127 127 0 : 0 2 135 0 919 - 55 : 0.000618 0.0 0.0 0.543146 508.2 3.7 : 3 --c 0000 : 23 561 0.000 0.000 0 0.000 0.000 561 0.000 0.000 : 1.730577 1.734582 0.000144 2.270938 0.000042 2.272275 0.000047 2.273448 0.000047 : 2.273723 ]
[2.274s][info][gc       ] [SYSINFO 4596 194 63 0 4119 0 16 0 0 3510 : - - - - - - - - : 0 7168 : 0.08 0.02 0.21 : 271815 4213496 : 0 0 : 9 0 : 2029 3 0 266 : - 4590272512 581779456 560373760 3759427584 202752000 66908160 : 139760798 21758070 338930 0 0 0 : 2.274052 ]
[2.274s][info][gc       ] [HUGEPAGESTAT 0 0 0 - 57728 0 0 : 301056 0 0 : 2.274052 ]
[2.274s][info][gc       ] [OBJCREAT 2146558 24511 - : 2.274117 ]
[2.274s][info][gc       ] [HMSV All : 0 0 10 0 0 0 0 0 : 5094 0 0 0 : 2.274135 ]
[2.274s][info][gc       ] [HMSP 30 : 50948 0 : 2.274135 ]
[2.275s][info][gc       ] [VMAC 65530 172 24 461 657 : 2.274538 ]
[2.275s][info][gc       ] [GPGC-H  987.5 0.0 35.9 0.0 : 3453.2 : 0.000 0.000 : 0.000 0.000 0.543 0.411 : 0.000 0.000 0.000 0.000 0.814 0.019 : 0.000 : 99.886 : 1948 0 32 0 : 2279 : 2766 2638 : 2.275072 : 9 Next_heuristic_check_may_be_too_late ]
[2.276s][info][safepoint] Application time: 0.0015444 seconds
[2.276s][info][safepoint] Total time for which application threads were stopped: 0.0005708 seconds, Stopping threads took: 0.0000004 seconds
[2.276s][info][gc       ] [SPS 0.000 0.000 0.000 0.007 0.000 0.001 0.000 0.540 0.023 0.571 OldGC_pause2 2.275621 ]
[2.277s][info][safepoint] Application time: 0.0015313 seconds
[2.277s][info][safepoint] Total time for which application threads were stopped: 0.0000525 seconds, Stopping threads took: 0.0000003 seconds
[2.277s][info][gc       ] [SPS 0.000 0.001 0.000 0.008 0.000 0.001 0.000 0.040 0.004 0.052 OldGC_pause3 2.277205 ]
[2.283s][info][safepoint] Application time: 0.0053373 seconds
[2.283s][info][safepoint] Total time for which application threads were stopped: 0.0001013 seconds, Stopping threads took: 0.0000003 seconds
[2.283s][info][gc       ] [SPS 0.000 0.038 0.004 0.007 0.000 0.001 0.000 0.088 0.005 0.101 NewGC_pause1 2.282644 ]
[2.285s][info][safepoint] Application time: 0.0027846 seconds
[2.286s][info][safepoint] Total time for which application threads were stopped: 0.0000522 seconds, Stopping threads took: 0.0000004 seconds
[2.286s][info][gc       ] [SPS 0.000 0.001 0.000 0.008 0.000 0.001 0.000 0.036 0.007 0.052 NewGC_pause2 2.285481 ]
[2.286s][info][safepoint] Application time: 0.0009216 seconds
[2.287s][info][safepoint] Total time for which application threads were stopped: 0.0000495 seconds, Stopping threads took: 0.0000003 seconds
[2.287s][info][gc       ] [SPS 0.000 0.000 0.000 0.007 0.000 0.001 0.000 0.036 0.006 0.050 NewGC_pause3 2.286452 ]
[2.288s][info][safepoint] Application time: 0.0016083 seconds
[2.288s][info][safepoint] Total time for which application threads were stopped: 0.0000533 seconds, Stopping threads took: 0.0000004 seconds
[2.288s][info][gc       ] [SPS 0.000 0.476 0.003 0.007 0.000 0.001 0.000 0.040 0.005 0.053 NewGC_pause4 2.288114 ]
[2.290s][info][gc       ] [GC New Max 13-9 : 3074 2108 176 3074 - - 535 20 2 2 - : 8 8 32 128 1948 : 2 5 1935 1935 0 : 4 3 0 0 4 - 0 : 0.005630 0.0 0.0 0.010782 0.0 0.0 : 3 --c 0000 : 23 0 0.000 0.000 0 0.000 0.000 0 0.000 0.000 : 2.279353 2.282543 0.000092 2.285429 0.000039 2.286402 0.000039 2.288061 0.000045 : 2.290135 ]
[2.290s][info][gc       ] [SYSINFO 4599 194 63 0 4121 0 16 0 0 3539 : - - - - - - - - : 0 7168 : 0.08 0.02 0.21 : 271815 4213496 : 0 0 : 9 0 : 2029 2 0 266 : - 4591759360 581779456 561860608 3759427584 202752000 66908160 : 139760798 21758110 338970 0 0 0 : 2.290343 ]
[2.290s][info][gc       ] [HUGEPAGESTAT 0 0 0 - 57728 0 0 : 301056 0 0 : 2.290343 ]
[2.290s][info][gc       ] [OBJCREAT 2146782 24511 8192 : 2.290382 ]
[2.290s][info][gc       ] [HMSV All : 0 0 10 0 0 0 0 0 : 5094 0 0 0 : 2.290397 ]
[2.290s][info][gc       ] [HMSP 30 : 50948 0 : 2.290397 ]
[2.291s][info][gc       ] [VMAC 65530 172 24 461 657 : 2.290790 ]
[2.291s][info][safepoint] Application time: 0.0027967 seconds
[2.291s][info][safepoint] Total time for which application threads were stopped: 0.0000533 seconds, Stopping threads took: 0.0000003 seconds
[2.291s][info][gc       ] [SPS 0.000 0.001 0.002 0.006 0.000 0.001 0.000 0.039 0.007 0.053 OldGC_pause4 2.290964 ]
[2.291s][info][gc       ] [GC Old Max 12-4 : 3074 2232 172 3074 - - 535 20 2 2 - : 8 8 28 128 42 : 33 11 0 0 0 : 0 1 5 0 18 - 0 : 0.351341 0.0 0.0 0.558908 14.3 3.6 : 1 --c 0000 : 23   -    -    -    -    -    -    -    -    -  : 1.732288 1.734582 0.000144 2.275050 0.000543 2.277153 0.000045 2.290911 0.000041 : 2.291196 ]
[2.291s][info][gc       ] [SYSINFO 4599 194 63 0 4122 0 16 0 0 3542 : - - - - - - - - : 0 7168 : 0.08 0.02 0.21 : 271815 4213496 : 0 0 : 9 0 : 2029 2 0 266 : - 4591759360 581779456 561860608 3759427584 202752000 66908160 : 139760798 21758110 338970 0 0 0 : 2.291371 ]
[2.291s][info][gc       ] [HUGEPAGESTAT 0 0 0 - 57728 0 0 : 301056 0 0 : 2.291371 ]
[2.291s][info][gc       ] [OBJCREAT 2146782 24511 8192 : 2.291406 ]
[2.291s][info][gc       ] [HMSV All : 0 0 10 0 0 0 0 0 : 5094 0 0 0 : 2.291419 ]
[2.291s][info][gc       ] [HMSP 30 : 50948 0 : 2.291419 ]
[2.291s][info][gc       ] [COMPSTATS 1 : 5 0 : 9 0 : 0 0 : 409 2 0 0 0 0 : 0 0 0 0 0 0 : 100 101 84 : 410 1 0 0 0 0 0 : 411 0 0 0 0 0 0 ]
[2.291s][info][gc       ] [COMPSTATS 2 : 5 0 : 4 0 : 0 0 : 59 5 0 0 0 0 : 0 0 0 0 0 0 : 2365 2371 1215 : 38 26 0 0 0 0 0 : 12 47 5 0 0 0 0 ]
[2.291s][info][gc       ] [DEOPTSTATS 1 : 0 0 : 0 0 : 0 0 : 0 0 : 0 1 : 0 0 : 0 0 : 0 0 : 0 0 : 0 0 : 0 0 : 0 0 : 0 0 : 0 0 : 0 0 : 0 0 : 0 0 : 0 0 : 0 0 : 0 0 : 0 0 : 0 0 : 0 0 : 0 0 : 0 0 : 0 0 : 0 0 : 0 0 : 0 0 : 0 0 : 3 0 : 0 0 : 0 0 : 0 0 : 0 0 : 0 0 : 0 0 : 0 0 : 0 0 : 0 0 : 0 0 : 0 0 ]
[2.291s][info][gc       ] [DEOPTSTATS 2 : 0 0 : 0 0 : 0 0 : 0 0 : 0 0 : 0 0 : 0 6 : 0 0 : 0 0 : 0 0 : 0 0 : 0 0 : 0 0 : 0 0 : 0 0 : 0 0 : 0 0 : 0 0 : 0 0 : 0 0 : 0 0 : 0 0 : 0 0 : 0 0 : 0 0 : 0 0 : 0 0 : 0 0 : 0 0 : 0 0 : 2 0 : 0 0 : 0 0 : 0 0 : 0 1 : 0 0 : 0 0 : 0 0 : 0 0 : 0 1 : 0 0 : 0 0 ]
[2.292s][info][gc       ] [VMAC 65530 172 24 461 657 : 2.291791 ]
[2.292s][info][gc       ] [CCF 0 0 0 0 7 19968: 2605056 : 376 194560 : 2 32768 : 314 308224 :  410 523264 : 58 82432 : 0 0 : 15 1228800 : 1 2048]
[2.983s][info][gc       ] [Safepoint max times: safepoint 2.216 ms, time to safepoint 2.090 ms ]
[2.984s][info][gc       ] [VM has exited gracefully.]
