[0.002s][info][gc] Min heap equals to max heap, disabling ShenandoahUncommit
[0.006s][info][gc] Heuristics ergonomically sets -XX:+ExplicitGCInvokesConcurrent
[0.006s][info][gc] Heuristics ergonomically sets -XX:+ShenandoahImplicitGCInvokesConcurrent
[0.006s][info][gc] Using Shenandoah
[0.135s][info][safepoint] Safepoint "ICBufferFull", Time since last: 124783382 ns, Reaching safepoint: 65468 ns, At safepoint: 10224 ns, Total: 75692 ns
[0.416s][info][gc       ] Trigger: Learning 1 of 5. Free (3560M) is below initial threshold (3583M)
[0.418s][info][gc       ] GC(0) Concurrent reset 1.265ms
[0.423s][info][gc       ] GC(0) Pause Init Mark (unload classes) 0.866ms
[0.423s][info][safepoint] Safepoint "ShenandoahInitMark", Time since last: 283999480 ns, Reaching safepoint: 3071515 ns, At safepoint: 1250368 ns, Total: 4321883 ns
[0.424s][info][gc       ] GC(0) Concurrent marking roots 0.339ms
[0.566s][info][gc       ] GC(0) Concurrent marking (unload classes) 141.692ms
[0.570s][info][gc       ] GC(0) Pause Final Mark (unload classes) 0.680ms
[0.571s][info][safepoint] Safepoint "ShenandoahFinalMarkStartEvac", Time since last: 143511651 ns, Reaching safepoint: 3000428 ns, At safepoint: 1201736 ns, Total: 4202164 ns
[0.572s][info][gc       ] GC(0) Concurrent thread roots 0.253ms
[0.572s][info][gc       ] GC(0) Concurrent weak references 0.232ms
[0.573s][info][gc       ] GC(0) Concurrent weak roots 0.502ms
[0.574s][info][gc       ] GC(0) Concurrent cleanup 1825M->1759M(5120M) 0.121ms
[0.574s][info][gc       ] GC(0) Concurrent class unloading 0.486ms
[0.575s][info][gc       ] GC(0) Concurrent strong roots 0.191ms
[0.577s][info][safepoint] Safepoint "CleanClassLoaderDataMetaspaces", Time since last: 3408643 ns, Reaching safepoint: 2903587 ns, At safepoint: 88212 ns, Total: 2991799 ns
[0.579s][info][gc       ] GC(0) Concurrent evacuation 4.598ms
[0.582s][info][gc       ] GC(0) Pause Init Update Refs 0.006ms
[0.582s][info][safepoint] Safepoint "ShenandoahInitUpdateRefs", Time since last: 2100593 ns, Reaching safepoint: 2448100 ns, At safepoint: 114014 ns, Total: 2562114 ns
[0.700s][info][gc       ] GC(0) Concurrent update references 117.942ms
[0.701s][info][gc       ] GC(0) Concurrent update thread roots 0.454ms
[0.705s][info][gc       ] GC(0) Pause Final Update Refs 0.171ms
[0.705s][info][safepoint] Safepoint "ShenandoahFinalUpdateRefs", Time since last: 119653570 ns, Reaching safepoint: 2932409 ns, At safepoint: 542827 ns, Total: 3475236 ns
[0.706s][info][gc       ] GC(0) Concurrent cleanup 1867M->1835M(5120M) 0.110ms
[0.710s][info][gc       ] Trigger: Learning 2 of 5. Free (3020M) is below initial threshold (3583M)
[0.713s][info][gc       ] GC(1) Concurrent reset 2.631ms
[0.717s][info][gc       ] GC(1) Pause Init Mark (unload classes) 0.118ms
[0.717s][info][safepoint] Safepoint "ShenandoahInitMark", Time since last: 8714086 ns, Reaching safepoint: 2897767 ns, At safepoint: 446206 ns, Total: 3343973 ns
[0.718s][info][gc       ] GC(1) Concurrent marking roots 0.344ms
[0.962s][info][gc       ] GC(1) Concurrent marking (unload classes) 243.298ms
[0.966s][info][gc       ] GC(1) Pause Final Mark (unload classes) 0.439ms
[0.966s][info][safepoint] Safepoint "ShenandoahFinalMarkStartEvac", Time since last: 245365690 ns, Reaching safepoint: 2903998 ns, At safepoint: 663347 ns, Total: 3567345 ns
[0.967s][info][gc       ] GC(1) Concurrent thread roots 0.208ms
[0.967s][info][gc       ] GC(1) Concurrent weak references 0.048ms
[0.967s][info][gc       ] GC(1) Concurrent weak roots 0.221ms
[0.967s][info][gc       ] GC(1) Concurrent cleanup 2069M->2034M(5120M) 0.116ms
[0.968s][info][gc       ] GC(1) Concurrent class unloading 0.520ms
[0.968s][info][gc       ] GC(1) Concurrent strong roots 0.067ms
[0.971s][info][gc       ] GC(1) Concurrent evacuation 2.367ms
[0.972s][info][gc       ] GC(1) Pause Init Update Refs 0.008ms
[0.972s][info][safepoint] Safepoint "ShenandoahInitUpdateRefs", Time since last: 4759944 ns, Reaching safepoint: 1041339 ns, At safepoint: 195579 ns, Total: 1236918 ns
[1.124s][info][gc       ] GC(1) Concurrent update references 151.539ms
[1.125s][info][gc       ] GC(1) Concurrent update thread roots 0.465ms
[1.128s][info][gc       ] GC(1) Pause Final Update Refs 0.164ms
[1.128s][info][safepoint] Safepoint "ShenandoahFinalUpdateRefs", Time since last: 152651369 ns, Reaching safepoint: 2911892 ns, At safepoint: 378401 ns, Total: 3290293 ns
[1.128s][info][gc       ] GC(1) Concurrent cleanup 2247M->2233M(5120M) 0.125ms
[1.132s][info][gc       ] Trigger: Learning 3 of 5. Free (2621M) is below initial threshold (3583M)
[1.137s][info][gc       ] GC(2) Concurrent reset 4.449ms
[1.140s][info][gc       ] GC(2) Pause Init Mark (unload classes) 0.118ms
[1.140s][info][safepoint] Safepoint "ShenandoahInitMark", Time since last: 8721354 ns, Reaching safepoint: 2895318 ns, At safepoint: 307049 ns, Total: 3202367 ns
[1.140s][info][gc       ] GC(2) Concurrent marking roots 0.232ms
[1.386s][info][gc       ] GC(2) Concurrent marking (unload classes) 245.063ms
[1.390s][info][gc       ] GC(2) Pause Final Mark (unload classes) 0.515ms
[1.390s][info][safepoint] Safepoint "ShenandoahFinalMarkStartEvac", Time since last: 246092870 ns, Reaching safepoint: 2883496 ns, At safepoint: 714574 ns, Total: 3598070 ns
[1.390s][info][gc       ] GC(2) Concurrent thread roots 0.317ms
[1.391s][info][gc       ] GC(2) Concurrent weak references 0.082ms
[1.391s][info][gc       ] GC(2) Concurrent weak roots 0.293ms
[1.391s][info][gc       ] GC(2) Concurrent cleanup 2615M->2199M(5120M) 0.127ms
[1.392s][info][gc       ] GC(2) Concurrent class unloading 0.584ms
[1.392s][info][gc       ] GC(2) Concurrent strong roots 0.095ms
[1.393s][info][gc       ] GC(2) Concurrent evacuation 0.882ms
[1.396s][info][gc       ] GC(2) Pause Init Update Refs 0.005ms
[1.396s][info][safepoint] Safepoint "ShenandoahInitUpdateRefs", Time since last: 3685956 ns, Reaching safepoint: 2841599 ns, At safepoint: 159698 ns, Total: 3001297 ns
[1.523s][info][gc       ] GC(2) Concurrent update references 126.054ms
[1.523s][info][gc       ] GC(2) Concurrent update thread roots 0.464ms
[1.524s][info][gc       ] GC(2) Pause Final Update Refs 0.128ms
[1.524s][info][safepoint] Safepoint "ShenandoahFinalUpdateRefs", Time since last: 127210535 ns, Reaching safepoint: 416371 ns, At safepoint: 235261 ns, Total: 651632 ns
[1.525s][info][gc       ] GC(2) Concurrent cleanup 2471M->2451M(5120M) 0.117ms
[1.528s][info][gc       ] Trigger: Learning 4 of 5. Free (2401M) is below initial threshold (3583M)
[1.531s][info][gc       ] GC(3) Concurrent reset 2.652ms
[1.532s][info][gc       ] GC(3) Pause Init Mark (unload classes) 0.103ms
[1.532s][info][safepoint] Safepoint "ShenandoahInitMark", Time since last: 7242167 ns, Reaching safepoint: 38359 ns, At safepoint: 200752 ns, Total: 239111 ns
[1.532s][info][gc       ] GC(3) Concurrent marking roots 0.235ms
[1.708s][info][gc       ] GC(3) Concurrent marking (unload classes) 175.990ms
[1.712s][info][gc       ] GC(3) Pause Final Mark (unload classes) 0.643ms
[1.713s][info][safepoint] Safepoint "ShenandoahFinalMarkStartEvac", Time since last: 176992739 ns, Reaching safepoint: 3007951 ns, At safepoint: 1032745 ns, Total: 4040696 ns
[1.714s][info][gc       ] GC(3) Concurrent thread roots 0.315ms
[1.714s][info][gc       ] GC(3) Concurrent weak references 0.186ms
[1.715s][info][gc       ] GC(3) Concurrent weak roots 0.378ms
[1.715s][info][gc       ] GC(3) Concurrent cleanup 2861M->2211M(5120M) 0.148ms
[1.716s][info][gc       ] GC(3) Concurrent class unloading 0.489ms
[1.716s][info][gc       ] GC(3) Concurrent strong roots 0.107ms
[1.717s][info][gc       ] GC(3) Concurrent evacuation 0.795ms
[1.720s][info][gc       ] GC(3) Pause Init Update Refs 0.006ms
[1.720s][info][safepoint] Safepoint "ShenandoahInitUpdateRefs", Time since last: 4350376 ns, Reaching safepoint: 2897293 ns, At safepoint: 124417 ns, Total: 3021710 ns
[1.846s][info][gc       ] GC(3) Concurrent update references 126.171ms
[1.847s][info][gc       ] GC(3) Concurrent update thread roots 0.523ms
[1.851s][info][gc       ] GC(3) Pause Final Update Refs 0.136ms
[1.851s][info][safepoint] Safepoint "ShenandoahFinalUpdateRefs", Time since last: 127641359 ns, Reaching safepoint: 3028215 ns, At safepoint: 442643 ns, Total: 3470858 ns
[1.852s][info][gc       ] GC(3) Concurrent cleanup 2481M->2476M(5120M) 0.117ms
[1.856s][info][gc       ] Trigger: Learning 5 of 5. Free (2375M) is below initial threshold (3583M)
[1.858s][info][gc       ] GC(4) Concurrent reset 2.265ms
[1.862s][info][gc       ] GC(4) Pause Init Mark (unload classes) 0.168ms
[1.862s][info][safepoint] Safepoint "ShenandoahInitMark", Time since last: 7256766 ns, Reaching safepoint: 2890767 ns, At safepoint: 372367 ns, Total: 3263134 ns
[1.862s][info][gc       ] GC(4) Concurrent marking roots 0.259ms
[2.033s][info][gc       ] GC(4) Concurrent marking (unload classes) 170.120ms
[2.037s][info][gc       ] GC(4) Pause Final Mark (unload classes) 0.582ms
[2.037s][info][safepoint] Safepoint "ShenandoahFinalMarkStartEvac", Time since last: 171456140 ns, Reaching safepoint: 3120802 ns, At safepoint: 1113888 ns, Total: 4234690 ns
[2.038s][info][gc       ] GC(4) Concurrent thread roots 0.328ms
[2.039s][info][gc       ] GC(4) Concurrent weak references 0.159ms
[2.040s][info][gc       ] GC(4) Concurrent weak roots 0.445ms
[2.040s][info][gc       ] GC(4) Concurrent cleanup 2917M->2241M(5120M) 0.130ms
[2.041s][info][gc       ] GC(4) Concurrent class unloading 0.638ms
[2.041s][info][gc       ] GC(4) Concurrent strong roots 0.082ms
[2.042s][info][gc       ] GC(4) Concurrent evacuation 0.881ms
[2.046s][info][gc       ] GC(4) Pause Init Update Refs 0.005ms
[2.046s][info][safepoint] Safepoint "ShenandoahInitUpdateRefs", Time since last: 5238117 ns, Reaching safepoint: 2857156 ns, At safepoint: 350689 ns, Total: 3207845 ns
[2.187s][info][gc       ] GC(4) Concurrent update references 140.515ms
[2.188s][info][gc       ] GC(4) Concurrent update thread roots 0.492ms
[2.191s][info][gc       ] GC(4) Pause Final Update Refs 0.161ms
[2.192s][info][safepoint] Safepoint "ShenandoahFinalUpdateRefs", Time since last: 142201905 ns, Reaching safepoint: 3036288 ns, At safepoint: 456656 ns, Total: 3492944 ns
[2.192s][info][gc       ] GC(4) Concurrent cleanup 2470M->2463M(5120M) 0.114ms
[2.688s][info][gc       ] Trigger: Average GC time (397.81 ms) is above the time for average allocation rate (2399 MB/s) to deplete free headroom (954M) (margin of error = 1.80)
[2.691s][info][gc       ] GC(5) Concurrent reset 2.482ms
[2.694s][info][gc       ] GC(5) Pause Init Mark (unload classes) 0.151ms
[2.694s][info][safepoint] Safepoint "ShenandoahInitMark", Time since last: 499298053 ns, Reaching safepoint: 2987183 ns, At safepoint: 520936 ns, Total: 3508119 ns
[2.695s][info][gc       ] GC(5) Concurrent marking roots 0.255ms
[2.892s][info][gc       ] GC(5) Concurrent marking (unload classes) 196.406ms
[2.896s][info][gc       ] GC(5) Pause Final Mark (unload classes) 0.491ms
[2.896s][info][safepoint] Safepoint "ShenandoahFinalMarkStartEvac", Time since last: 197673857 ns, Reaching safepoint: 3493291 ns, At safepoint: 684191 ns, Total: 4177482 ns
[2.896s][info][gc       ] GC(5) Concurrent weak references 0.052ms
[2.897s][info][gc       ] GC(5) Concurrent weak roots 0.206ms
[2.897s][info][gc       ] GC(5) Concurrent cleanup 4032M->2192M(5120M) 0.166ms
[2.898s][info][gc       ] GC(5) Concurrent class unloading 0.524ms
[2.901s][info][gc       ] GC(5) Pause Final Roots 0.004ms
[2.901s][info][safepoint] Safepoint "ShenandoahFinalRoots", Time since last: 1533425 ns, Reaching safepoint: 2898602 ns, At safepoint: 185491 ns, Total: 3084093 ns
[3.440s][info][gc       ] Trigger: Average GC time (400.48 ms) is above the time for average allocation rate (2602 MB/s) to deplete free headroom (1042M) (margin of error = 1.80)
[3.443s][info][gc       ] GC(6) Concurrent reset 2.656ms
[3.446s][info][gc       ] GC(6) Pause Init Mark (unload classes) 0.123ms
[3.446s][info][safepoint] Safepoint "ShenandoahInitMark", Time since last: 541943236 ns, Reaching safepoint: 2873486 ns, At safepoint: 293672 ns, Total: 3167158 ns
[3.446s][info][gc       ] GC(6) Concurrent marking roots 0.229ms
[3.633s][info][gc       ] GC(6) Concurrent marking (unload classes) 186.270ms
[3.637s][info][gc       ] GC(6) Pause Final Mark (unload classes) 0.509ms
[3.637s][info][safepoint] Safepoint "ShenandoahFinalMarkStartEvac", Time since last: 187353111 ns, Reaching safepoint: 2887541 ns, At safepoint: 884908 ns, Total: 3772449 ns
[3.637s][info][gc       ] GC(6) Concurrent weak references 0.057ms
[3.638s][info][gc       ] GC(6) Concurrent weak roots 0.258ms
[3.638s][info][gc       ] GC(6) Concurrent cleanup 3996M->2240M(5120M) 0.178ms
[3.639s][info][gc       ] GC(6) Concurrent class unloading 0.568ms
[3.642s][info][gc       ] GC(6) Pause Final Roots 0.003ms
[3.642s][info][safepoint] Safepoint "ShenandoahFinalRoots", Time since last: 1881256 ns, Reaching safepoint: 2822498 ns, At safepoint: 142174 ns, Total: 2964672 ns
[4.157s][info][gc       ] Trigger: Average GC time (350.15 ms) is above the time for average allocation rate (2790 MB/s) to deplete free headroom (974M) (margin of error = 1.80)
[4.160s][info][gc       ] GC(7) Concurrent reset 2.445ms
[4.164s][info][gc       ] GC(7) Pause Init Mark (unload classes) 0.153ms
[4.165s][info][safepoint] Safepoint "ShenandoahInitMark", Time since last: 518778361 ns, Reaching safepoint: 3176500 ns, At safepoint: 642520 ns, Total: 3819020 ns
[4.165s][info][gc       ] GC(7) Concurrent marking roots 0.335ms
[4.336s][info][gc       ] GC(7) Concurrent marking (unload classes) 170.288ms
[4.340s][info][gc       ] GC(7) Pause Final Mark (unload classes) 0.482ms
[4.340s][info][safepoint] Safepoint "ShenandoahFinalMarkStartEvac", Time since last: 172025185 ns, Reaching safepoint: 2974988 ns, At safepoint: 874485 ns, Total: 3849473 ns
[4.341s][info][gc       ] GC(7) Concurrent weak references 0.202ms
[4.342s][info][gc       ] GC(7) Concurrent weak roots 0.469ms
[4.343s][info][gc       ] GC(7) Concurrent cleanup 4062M->2236M(5120M) 0.149ms
[4.344s][info][gc       ] GC(7) Concurrent class unloading 0.835ms
[4.347s][info][gc       ] GC(7) Pause Final Roots 0.004ms
[4.347s][info][safepoint] Safepoint "ShenandoahFinalRoots", Time since last: 3678907 ns, Reaching safepoint: 2925728 ns, At safepoint: 200559 ns, Total: 3126287 ns
[4.858s][info][gc       ] Trigger: Average GC time (304.89 ms) is above the time for average allocation rate (2935 MB/s) to deplete free headroom (892M) (margin of error = 1.80)
[4.861s][info][gc       ] GC(8) Concurrent reset 2.480ms
[4.864s][info][gc       ] GC(8) Pause Init Mark (unload classes) 0.097ms
[4.865s][info][safepoint] Safepoint "ShenandoahInitMark", Time since last: 513798312 ns, Reaching safepoint: 3051100 ns, At safepoint: 651851 ns, Total: 3702951 ns
[4.866s][info][gc       ] GC(8) Concurrent marking roots 0.291ms
[5.061s][info][gc       ] GC(8) Concurrent marking (unload classes) 194.909ms
[5.065s][info][gc       ] GC(8) Pause Final Mark (unload classes) 0.722ms
[5.065s][info][safepoint] Safepoint "ShenandoahFinalMarkStartEvac", Time since last: 196448603 ns, Reaching safepoint: 3097154 ns, At safepoint: 1163164 ns, Total: 4260318 ns
[5.066s][info][gc       ] GC(8) Concurrent weak references 0.201ms
[5.067s][info][gc       ] GC(8) Concurrent weak roots 0.438ms
[5.067s][info][gc       ] GC(8) Concurrent cleanup 4178M->2272M(5120M) 0.200ms
[5.068s][info][gc       ] GC(8) Concurrent class unloading 0.608ms
[5.071s][info][gc       ] GC(8) Pause Final Roots 0.002ms
[5.071s][info][safepoint] Safepoint "ShenandoahFinalRoots", Time since last: 2954223 ns, Reaching safepoint: 2944855 ns, At safepoint: 102029 ns, Total: 3046884 ns
[5.620s][info][gc       ] Trigger: Average GC time (277.90 ms) is above the time for average allocation rate (2834 MB/s) to deplete free headroom (784M) (margin of error = 1.80)
[5.624s][info][gc       ] GC(9) Concurrent reset 2.540ms
[5.627s][info][gc       ] GC(9) Pause Init Mark (unload classes) 0.139ms
[5.628s][info][safepoint] Safepoint "ShenandoahInitMark", Time since last: 552582740 ns, Reaching safepoint: 3034311 ns, At safepoint: 668599 ns, Total: 3702910 ns
[5.628s][info][gc       ] GC(9) Concurrent marking roots 0.279ms
[5.819s][info][gc       ] GC(9) Concurrent marking (unload classes) 190.063ms
[5.823s][info][gc       ] GC(9) Pause Final Mark (unload classes) 0.686ms
[5.823s][info][safepoint] Safepoint "ShenandoahFinalMarkStartEvac", Time since last: 191648616 ns, Reaching safepoint: 2651642 ns, At safepoint: 1213537 ns, Total: 3865179 ns
[5.824s][info][gc       ] GC(9) Concurrent weak references 0.107ms
[5.825s][info][gc       ] GC(9) Concurrent weak roots 0.355ms
[5.825s][info][gc       ] GC(9) Concurrent cleanup 4168M->2154M(5120M) 0.162ms
[5.826s][info][gc       ] GC(9) Concurrent class unloading 0.587ms
[5.829s][info][gc       ] GC(9) Pause Final Roots 0.004ms
[5.829s][info][safepoint] Safepoint "ShenandoahFinalRoots", Time since last: 3002398 ns, Reaching safepoint: 2894336 ns, At safepoint: 213887 ns, Total: 3108223 ns
[6.471s][info][gc       ] Trigger: Average GC time (256.58 ms) is above the time for average allocation rate (2700 MB/s) to deplete free headroom (684M) (margin of error = 1.79)
[6.474s][info][gc       ] GC(10) Concurrent reset 2.566ms
[6.478s][info][gc       ] GC(10) Pause Init Mark (unload classes) 0.119ms
[6.478s][info][safepoint] Safepoint "ShenandoahInitMark", Time since last: 644956343 ns, Reaching safepoint: 3061820 ns, At safepoint: 420403 ns, Total: 3482223 ns
[6.478s][info][gc       ] GC(10) Concurrent marking roots 0.247ms
[6.669s][info][gc       ] GC(10) Concurrent marking (unload classes) 190.664ms
[6.673s][info][gc       ] GC(10) Pause Final Mark (unload classes) 0.643ms
[6.674s][info][safepoint] Safepoint "ShenandoahFinalMarkStartEvac", Time since last: 191981149 ns, Reaching safepoint: 2896228 ns, At safepoint: 888815 ns, Total: 3785043 ns
[6.674s][info][gc       ] GC(10) Concurrent weak references 0.051ms
[6.674s][info][gc       ] GC(10) Concurrent weak roots 0.219ms
[6.674s][info][gc       ] GC(10) Concurrent cleanup 4302M->2192M(5120M) 0.144ms
[6.675s][info][gc       ] GC(10) Concurrent class unloading 0.481ms
[6.678s][info][gc       ] GC(10) Pause Final Roots 0.003ms
[6.678s][info][safepoint] Safepoint "ShenandoahFinalRoots", Time since last: 1449886 ns, Reaching safepoint: 2895039 ns, At safepoint: 214293 ns, Total: 3109332 ns
[7.396s][info][gc       ] Trigger: Average GC time (241.18 ms) is above the time for average allocation rate (2518 MB/s) to deplete free headroom (604M) (margin of error = 1.79)
[7.399s][info][gc       ] GC(11) Concurrent reset 2.905ms
[7.402s][info][gc       ] GC(11) Pause Init Mark (unload classes) 0.092ms
[7.403s][info][safepoint] Safepoint "ShenandoahInitMark", Time since last: 721214007 ns, Reaching safepoint: 2849994 ns, At safepoint: 359507 ns, Total: 3209501 ns
[7.403s][info][gc       ] GC(11) Concurrent marking roots 0.313ms
[7.614s][info][gc       ] GC(11) Concurrent marking (unload classes) 210.682ms
[7.618s][info][gc       ] GC(11) Pause Final Mark (unload classes) 0.551ms
[7.618s][info][safepoint] Safepoint "ShenandoahFinalMarkStartEvac", Time since last: 211955687 ns, Reaching safepoint: 2937537 ns, At safepoint: 875378 ns, Total: 3812915 ns
[7.619s][info][gc       ] GC(11) Concurrent weak references 0.056ms
[7.619s][info][gc       ] GC(11) Concurrent weak roots 0.297ms
[7.619s][info][gc       ] GC(11) Concurrent cleanup 4404M->2216M(5120M) 0.185ms
[7.620s][info][gc       ] GC(11) Concurrent class unloading 0.567ms
[7.620s][info][gc       ] GC(11) Pause Final Roots 0.003ms
[7.620s][info][safepoint] Safepoint "ShenandoahFinalRoots", Time since last: 1862335 ns, Reaching safepoint: 98011 ns, At safepoint: 131548 ns, Total: 229559 ns
[8.433s][info][gc       ] Trigger: Average GC time (243.13 ms) is above the time for average allocation rate (2238 MB/s) to deplete free headroom (538M) (margin of error = 1.78)
[8.438s][info][gc       ] GC(12) Concurrent reset 4.817ms
[8.442s][info][gc       ] GC(12) Pause Init Mark (unload classes) 0.281ms
[8.443s][info][safepoint] Safepoint "ShenandoahInitMark", Time since last: 818437804 ns, Reaching safepoint: 3121184 ns, At safepoint: 950040 ns, Total: 4071224 ns
[8.444s][info][gc       ] GC(12) Concurrent marking roots 0.463ms
[8.749s][info][gc       ] GC(12) Concurrent marking (unload classes) 305.266ms
[8.753s][info][gc       ] GC(12) Pause Final Mark (unload classes) 0.439ms
[8.754s][info][safepoint] Safepoint "ShenandoahFinalMarkStartEvac", Time since last: 307172845 ns, Reaching safepoint: 2932567 ns, At safepoint: 716458 ns, Total: 3649025 ns
[8.754s][info][gc       ] GC(12) Concurrent weak references 0.053ms
[8.754s][info][gc       ] GC(12) Concurrent weak roots 0.241ms
[8.755s][info][gc       ] GC(12) Concurrent cleanup 4482M->2226M(5120M) 0.178ms
[8.755s][info][gc       ] GC(12) Concurrent class unloading 0.631ms
[8.759s][info][gc       ] GC(12) Pause Final Roots 0.040ms
[8.759s][info][safepoint] Safepoint "ShenandoahFinalRoots", Time since last: 1698257 ns, Reaching safepoint: 3022364 ns, At safepoint: 613392 ns, Total: 3635756 ns
[9.453s][info][gc       ] Trigger: Average GC time (370.04 ms) is above the time for average allocation rate (2304 MB/s) to deplete free headroom (850M) (margin of error = 1.78)
[9.455s][info][gc       ] GC(13) Concurrent reset 2.371ms
[9.458s][info][gc       ] GC(13) Pause Init Mark (unload classes) 0.128ms
[9.459s][info][safepoint] Safepoint "ShenandoahInitMark", Time since last: 696236861 ns, Reaching safepoint: 2916638 ns, At safepoint: 279446 ns, Total: 3196084 ns
[9.459s][info][gc       ] GC(13) Concurrent marking roots 0.244ms
[9.676s][info][gc       ] GC(13) Concurrent marking (unload classes) 217.116ms
[9.680s][info][gc       ] GC(13) Pause Final Mark (unload classes) 0.457ms
[9.680s][info][safepoint] Safepoint "ShenandoahFinalMarkStartEvac", Time since last: 218074648 ns, Reaching safepoint: 2876926 ns, At safepoint: 698311 ns, Total: 3575237 ns
[9.680s][info][gc       ] GC(13) Concurrent weak references 0.053ms
[9.681s][info][gc       ] GC(13) Concurrent weak roots 0.515ms
[9.682s][info][gc       ] GC(13) Concurrent cleanup 4160M->2216M(5120M) 0.199ms
[9.683s][info][gc       ] GC(13) Concurrent class unloading 0.907ms
[9.683s][info][gc       ] GC(13) Pause Final Roots 0.005ms
[9.683s][info][safepoint] Safepoint "ShenandoahFinalRoots", Time since last: 2762706 ns, Reaching safepoint: 69484 ns, At safepoint: 180850 ns, Total: 250334 ns
[10.251s][info][gc       ] Trigger: Average GC time (329.58 ms) is above the time for average allocation rate (2708 MB/s) to deplete free headroom (886M) (margin of error = 1.78)
[10.255s][info][gc       ] GC(14) Concurrent reset 2.846ms
[10.256s][info][gc       ] GC(14) Pause Init Mark (unload classes) 0.164ms
[10.257s][info][safepoint] Safepoint "ShenandoahInitMark", Time since last: 571938375 ns, Reaching safepoint: 1132933 ns, At safepoint: 469550 ns, Total: 1602483 ns
[10.257s][info][gc       ] GC(14) Concurrent marking roots 0.332ms
[10.475s][info][gc       ] GC(14) Concurrent marking (unload classes) 217.680ms
[10.479s][info][gc       ] GC(14) Pause Final Mark (unload classes) 0.544ms
[10.480s][info][safepoint] Safepoint "ShenandoahFinalMarkStartEvac", Time since last: 219229695 ns, Reaching safepoint: 2981873 ns, At safepoint: 944909 ns, Total: 3926782 ns
[10.481s][info][gc       ] GC(14) Concurrent weak references 0.053ms
[10.481s][info][gc       ] GC(14) Concurrent weak roots 0.371ms
[10.482s][info][gc       ] GC(14) Concurrent cleanup 4136M->2232M(5120M) 0.172ms
[10.483s][info][gc       ] GC(14) Concurrent class unloading 0.542ms
[10.483s][info][gc       ] GC(14) Pause Final Roots 0.004ms
[10.483s][info][safepoint] Safepoint "ShenandoahFinalRoots", Time since last: 2811801 ns, Reaching safepoint: 40635 ns, At safepoint: 120858 ns, Total: 161493 ns
[11.105s][info][gc       ] Trigger: Average GC time (299.51 ms) is above the time for average allocation rate (2547 MB/s) to deplete free headroom (754M) (margin of error = 1.78)
[11.110s][info][gc       ] GC(15) Concurrent reset 4.386ms
[11.114s][info][gc       ] GC(15) Pause Init Mark (unload classes) 0.122ms
[11.115s][info][safepoint] Safepoint "ShenandoahInitMark", Time since last: 627939131 ns, Reaching safepoint: 3090610 ns, At safepoint: 659394 ns, Total: 3750004 ns
[11.115s][info][gc       ] GC(15) Concurrent marking roots 0.289ms
[11.328s][info][gc       ] GC(15) Concurrent marking (unload classes) 212.313ms
[11.332s][info][gc       ] GC(15) Pause Final Mark (unload classes) 0.507ms
[11.332s][info][safepoint] Safepoint "ShenandoahFinalMarkStartEvac", Time since last: 213565406 ns, Reaching safepoint: 3006284 ns, At safepoint: 868098 ns, Total: 3874382 ns
[11.332s][info][gc       ] GC(15) Concurrent weak references 0.125ms
[11.333s][info][gc       ] GC(15) Concurrent weak roots 0.445ms
[11.333s][info][gc       ] GC(15) Concurrent cleanup 4322M->2286M(5120M) 0.161ms
[11.334s][info][gc       ] GC(15) Concurrent class unloading 0.527ms
[11.337s][info][gc       ] GC(15) Pause Final Roots 0.009ms
[11.338s][info][safepoint] Safepoint "ShenandoahFinalRoots", Time since last: 2341067 ns, Reaching safepoint: 2947283 ns, At safepoint: 327718 ns, Total: 3275001 ns
[11.950s][info][gc       ] Trigger: Average GC time (278.97 ms) is above the time for average allocation rate (2602 MB/s) to deplete free headroom (722M) (margin of error = 1.80)
[11.953s][info][gc       ] GC(16) Concurrent reset 3.020ms
[11.957s][info][gc       ] GC(16) Pause Init Mark (unload classes) 0.140ms
[11.957s][info][safepoint] Safepoint "ShenandoahInitMark", Time since last: 616001062 ns, Reaching safepoint: 2865757 ns, At safepoint: 375473 ns, Total: 3241230 ns
[11.957s][info][gc       ] GC(16) Concurrent marking roots 0.302ms
[12.158s][info][gc       ] GC(16) Concurrent marking (unload classes) 200.848ms
[12.161s][info][gc       ] GC(16) Pause Final Mark (unload classes) 0.471ms
[12.161s][info][safepoint] Safepoint "ShenandoahFinalMarkStartEvac", Time since last: 202161952 ns, Reaching safepoint: 1323496 ns, At safepoint: 792123 ns, Total: 2115619 ns
[12.161s][info][gc       ] GC(16) Concurrent weak references 0.051ms
[12.162s][info][gc       ] GC(16) Concurrent weak roots 0.327ms
[12.162s][info][gc       ] GC(16) Concurrent cleanup 4348M->2282M(5120M) 0.160ms
[12.163s][info][gc       ] GC(16) Concurrent class unloading 0.555ms
[12.166s][info][gc       ] GC(16) Pause Final Roots 0.005ms
[12.166s][info][safepoint] Safepoint "ShenandoahFinalRoots", Time since last: 1800724 ns, Reaching safepoint: 2887030 ns, At safepoint: 219080 ns, Total: 3106110 ns
[12.746s][info][gc       ] Trigger: Average GC time (261.71 ms) is above the time for average allocation rate (2823 MB/s) to deplete free headroom (734M) (margin of error = 1.81)
[12.751s][info][gc       ] GC(17) Concurrent reset 3.499ms
[12.754s][info][gc       ] GC(17) Pause Init Mark (unload classes) 0.105ms
[12.755s][info][safepoint] Safepoint "ShenandoahInitMark", Time since last: 585054257 ns, Reaching safepoint: 3174716 ns, At safepoint: 559937 ns, Total: 3734653 ns
[12.756s][info][gc       ] GC(17) Concurrent marking roots 0.317ms
[12.967s][info][gc       ] GC(17) Concurrent marking (unload classes) 210.772ms
[12.971s][info][gc       ] GC(17) Pause Final Mark (unload classes) 0.626ms
[12.971s][info][safepoint] Safepoint "ShenandoahFinalMarkStartEvac", Time since last: 212359390 ns, Reaching safepoint: 2768782 ns, At safepoint: 1037576 ns, Total: 3806358 ns
[12.971s][info][gc       ] GC(17) Concurrent weak references 0.071ms
[12.972s][info][gc       ] GC(17) Concurrent weak roots 0.252ms
[12.972s][info][gc       ] GC(17) Concurrent cleanup 4262M->2206M(5120M) 0.163ms
[12.973s][info][gc       ] GC(17) Concurrent class unloading 0.529ms
[12.976s][info][gc       ] GC(17) Pause Final Roots 0.003ms
[12.976s][info][safepoint] Safepoint "ShenandoahFinalRoots", Time since last: 2076141 ns, Reaching safepoint: 2843818 ns, At safepoint: 293500 ns, Total: 3137318 ns
[13.561s][info][gc       ] Trigger: Average GC time (252.95 ms) is above the time for average allocation rate (2865 MB/s) to deplete free headroom (718M) (margin of error = 1.81)
[13.565s][info][gc       ] GC(18) Concurrent reset 3.036ms
[13.568s][info][gc       ] GC(18) Pause Init Mark (unload classes) 0.120ms
[13.569s][info][safepoint] Safepoint "ShenandoahInitMark", Time since last: 588799873 ns, Reaching safepoint: 2945693 ns, At safepoint: 656033 ns, Total: 3601726 ns
[13.569s][info][gc       ] GC(18) Concurrent marking roots 0.411ms
[13.773s][info][gc       ] GC(18) Concurrent marking (unload classes) 203.880ms
[13.778s][info][gc       ] GC(18) Pause Final Mark (unload classes) 0.686ms
[13.778s][info][safepoint] Safepoint "ShenandoahFinalMarkStartEvac", Time since last: 205350519 ns, Reaching safepoint: 3011157 ns, At safepoint: 973623 ns, Total: 3984780 ns
[13.778s][info][gc       ] GC(18) Concurrent weak references 0.136ms
[13.779s][info][gc       ] GC(18) Concurrent weak roots 0.269ms
[13.779s][info][gc       ] GC(18) Concurrent cleanup 4258M->2190M(5120M) 0.151ms
[13.780s][info][gc       ] GC(18) Concurrent class unloading 0.546ms
[13.782s][info][gc       ] GC(18) Pause Final Roots 0.003ms
[13.782s][info][safepoint] Safepoint "ShenandoahFinalRoots", Time since last: 2043148 ns, Reaching safepoint: 1938359 ns, At safepoint: 166848 ns, Total: 2105207 ns
[14.198s][info][gc       ] Trigger: Average GC time (243.05 ms) is above the time for instantaneous allocation rate (5681 MB/s) to deplete free headroom (1018M) (spike threshold = 1.80)
[14.203s][info][gc       ] GC(19) Concurrent reset 4.050ms
[14.206s][info][gc       ] GC(19) Pause Init Mark (unload classes) 0.110ms
[14.207s][info][safepoint] Safepoint "ShenandoahInitMark", Time since last: 421274813 ns, Reaching safepoint: 2873428 ns, At safepoint: 386746 ns, Total: 3260174 ns
[14.207s][info][gc       ] GC(19) Concurrent marking roots 0.394ms
[14.286s][info][gc       ] GC(19) Concurrent marking (unload classes) 78.364ms
[14.290s][info][gc       ] GC(19) Pause Final Mark (unload classes) 0.693ms
[14.291s][info][safepoint] Safepoint "ShenandoahFinalMarkStartEvac", Time since last: 79830726 ns, Reaching safepoint: 3083420 ns, At safepoint: 1197699 ns, Total: 4281119 ns
[14.291s][info][gc       ] GC(19) Concurrent weak references 0.068ms
[14.292s][info][gc       ] GC(19) Concurrent weak roots 0.604ms
[14.292s][info][gc       ] GC(19) Concurrent cleanup 3955M->937M(5120M) 0.198ms
[14.293s][info][gc       ] GC(19) Concurrent class unloading 1.020ms
[14.296s][info][gc       ] GC(19) Pause Final Roots 0.004ms
[14.297s][info][safepoint] Safepoint "ShenandoahFinalRoots", Time since last: 2817760 ns, Reaching safepoint: 2881031 ns, At safepoint: 207862 ns, Total: 3088893 ns
[15.261s][info][gc       ] Trigger: Average GC time (275.47 ms) is above the time for average allocation rate (2820 MB/s) to deplete free headroom (772M) (margin of error = 1.80)
[15.263s][info][gc       ] GC(20) Concurrent reset 1.393ms
[15.267s][info][gc       ] GC(20) Pause Init Mark (unload classes) 0.244ms
[15.267s][info][safepoint] Safepoint "ShenandoahInitMark", Time since last: 966568499 ns, Reaching safepoint: 3067623 ns, At safepoint: 656358 ns, Total: 3723981 ns
[15.268s][info][gc       ] GC(20) Concurrent marking roots 0.358ms
[15.450s][info][gc       ] GC(20) Concurrent marking (unload classes) 182.516ms
[15.454s][info][gc       ] GC(20) Pause Final Mark (unload classes) 0.568ms
[15.455s][info][safepoint] Safepoint "ShenandoahFinalMarkStartEvac", Time since last: 183949542 ns, Reaching safepoint: 3015257 ns, At safepoint: 838742 ns, Total: 3853999 ns
[15.455s][info][gc       ] GC(20) Concurrent weak references 0.097ms
[15.456s][info][gc       ] GC(20) Concurrent weak roots 0.434ms
[15.456s][info][gc       ] GC(20) Concurrent cleanup 4275M->2274M(5120M) 0.160ms
[15.457s][info][gc       ] GC(20) Concurrent class unloading 0.573ms
[15.460s][info][gc       ] GC(20) Pause Final Roots 0.002ms
[15.460s][info][safepoint] Safepoint "ShenandoahFinalRoots", Time since last: 2494311 ns, Reaching safepoint: 2904630 ns, At safepoint: 229338 ns, Total: 3133968 ns
[16.045s][info][gc       ] Trigger: Average GC time (267.96 ms) is above the time for average allocation rate (2734 MB/s) to deplete free headroom (726M) (margin of error = 1.80)
[16.049s][info][gc       ] GC(21) Concurrent reset 3.258ms
[16.053s][info][gc       ] GC(21) Pause Init Mark (unload classes) 0.124ms
[16.053s][info][safepoint] Safepoint "ShenandoahInitMark", Time since last: 589117879 ns, Reaching safepoint: 3071280 ns, At safepoint: 359896 ns, Total: 3431176 ns
[16.053s][info][gc       ] GC(21) Concurrent marking roots 0.255ms
[16.229s][info][gc       ] GC(21) Concurrent marking (unload classes) 174.135ms
[16.233s][info][gc       ] GC(21) Pause Final Mark (unload classes) 0.803ms
[16.233s][info][safepoint] Safepoint "ShenandoahFinalMarkStartEvac", Time since last: 176390463 ns, Reaching safepoint: 2798737 ns, At safepoint: 1399176 ns, Total: 4197913 ns
[16.234s][info][gc       ] GC(21) Concurrent weak references 0.096ms
[16.235s][info][gc       ] GC(21) Concurrent weak roots 0.343ms
[16.235s][info][gc       ] GC(21) Concurrent cleanup 4310M->2258M(5120M) 0.150ms
[16.236s][info][gc       ] GC(21) Concurrent class unloading 0.598ms
[16.239s][info][gc       ] GC(21) Pause Final Roots 0.003ms
[16.239s][info][safepoint] Safepoint "ShenandoahFinalRoots", Time since last: 2465026 ns, Reaching safepoint: 2875087 ns, At safepoint: 298745 ns, Total: 3173832 ns
[16.816s][info][gc       ] Trigger: Average GC time (250.08 ms) is above the time for average allocation rate (2860 MB/s) to deplete free headroom (708M) (margin of error = 1.80)
[16.819s][info][gc       ] GC(22) Concurrent reset 2.783ms
[16.823s][info][gc       ] GC(22) Pause Init Mark (unload classes) 0.218ms
[16.823s][info][safepoint] Safepoint "ShenandoahInitMark", Time since last: 580215325 ns, Reaching safepoint: 2998512 ns, At safepoint: 543826 ns, Total: 3542338 ns
[16.823s][info][gc       ] GC(22) Concurrent marking roots 0.235ms
[17.016s][info][gc       ] GC(22) Concurrent marking (unload classes) 192.026ms
[17.020s][info][gc       ] GC(22) Pause Final Mark (unload classes) 0.474ms
[17.020s][info][safepoint] Safepoint "ShenandoahFinalMarkStartEvac", Time since last: 193447567 ns, Reaching safepoint: 2965655 ns, At safepoint: 794998 ns, Total: 3760653 ns
[17.020s][info][gc       ] GC(22) Concurrent weak references 0.139ms
[17.021s][info][gc       ] GC(22) Concurrent weak roots 0.284ms
[17.021s][info][gc       ] GC(22) Concurrent cleanup 4320M->2250M(5120M) 0.167ms
[17.022s][info][gc       ] GC(22) Concurrent class unloading 0.553ms
[17.022s][info][gc       ] GC(22) Pause Final Roots 0.002ms
[17.022s][info][safepoint] Safepoint "ShenandoahFinalRoots", Time since last: 1747702 ns, Reaching safepoint: 34059 ns, At safepoint: 96573 ns, Total: 130632 ns
[17.637s][info][gc       ] Trigger: Average GC time (244.38 ms) is above the time for average allocation rate (2710 MB/s) to deplete free headroom (660M) (margin of error = 1.80)
[17.640s][info][gc       ] GC(23) Concurrent reset 2.645ms
[17.644s][info][gc       ] GC(23) Pause Init Mark (unload classes) 0.118ms
[17.644s][info][safepoint] Safepoint "ShenandoahInitMark", Time since last: 618697899 ns, Reaching safepoint: 3059481 ns, At safepoint: 467557 ns, Total: 3527038 ns
[17.645s][info][gc       ] GC(23) Concurrent marking roots 0.306ms
[17.829s][info][gc       ] GC(23) Concurrent marking (unload classes) 183.749ms
[17.833s][info][gc       ] GC(23) Pause Final Mark (unload classes) 0.512ms
[17.833s][info][safepoint] Safepoint "ShenandoahFinalMarkStartEvac", Time since last: 185182945 ns, Reaching safepoint: 2744835 ns, At safepoint: 726839 ns, Total: 3471674 ns
[17.833s][info][gc       ] GC(23) Concurrent weak references 0.047ms
[17.833s][info][gc       ] GC(23) Concurrent weak roots 0.293ms
[17.834s][info][gc       ] GC(23) Concurrent cleanup 4386M->2268M(5120M) 0.156ms
[17.835s][info][gc       ] GC(23) Concurrent class unloading 0.601ms
[17.837s][info][gc       ] GC(23) Pause Final Roots 0.002ms
[17.838s][info][safepoint] Safepoint "ShenandoahFinalRoots", Time since last: 1791459 ns, Reaching safepoint: 2859933 ns, At safepoint: 166942 ns, Total: 3026875 ns
[18.457s][info][gc       ] Trigger: Average GC time (232.43 ms) is above the time for average allocation rate (2727 MB/s) to deplete free headroom (622M) (margin of error = 1.80)
[18.460s][info][gc       ] GC(24) Concurrent reset 2.709ms
[18.464s][info][gc       ] GC(24) Pause Init Mark (unload classes) 0.196ms
[18.464s][info][safepoint] Safepoint "ShenandoahInitMark", Time since last: 622650871 ns, Reaching safepoint: 3233062 ns, At safepoint: 843636 ns, Total: 4076698 ns
[18.465s][info][gc       ] GC(24) Concurrent marking roots 0.359ms
[18.664s][info][gc       ] GC(24) Concurrent marking (unload classes) 197.966ms
[18.668s][info][gc       ] GC(24) Pause Final Mark (unload classes) 0.566ms
[18.668s][info][safepoint] Safepoint "ShenandoahFinalMarkStartEvac", Time since last: 199821939 ns, Reaching safepoint: 3019433 ns, At safepoint: 1003531 ns, Total: 4022964 ns
[18.669s][info][gc       ] GC(24) Concurrent weak references 0.192ms
[18.669s][info][gc       ] GC(24) Concurrent weak roots 0.374ms
[18.670s][info][gc       ] GC(24) Concurrent cleanup 4344M->2188M(5120M) 0.154ms
[18.670s][info][gc       ] GC(24) Concurrent class unloading 0.551ms
[18.672s][info][gc       ] GC(24) Pause Final Roots 0.003ms
[18.672s][info][safepoint] Safepoint "ShenandoahFinalRoots", Time since last: 2183940 ns, Reaching safepoint: 1536223 ns, At safepoint: 182912 ns, Total: 1719135 ns
[19.278s][info][gc       ] Trigger: Average GC time (235.16 ms) is above the time for average allocation rate (2871 MB/s) to deplete free headroom (674M) (margin of error = 1.80)
[19.282s][info][gc       ] GC(25) Concurrent reset 3.182ms
[19.285s][info][gc       ] GC(25) Pause Init Mark (unload classes) 0.249ms
[19.286s][info][safepoint] Safepoint "ShenandoahInitMark", Time since last: 609922528 ns, Reaching safepoint: 3151567 ns, At safepoint: 580245 ns, Total: 3731812 ns
[19.286s][info][gc       ] GC(25) Concurrent marking roots 0.244ms
[19.467s][info][gc       ] GC(25) Concurrent marking (unload classes) 179.823ms
[19.468s][info][gc       ] GC(25) Pause Final Mark (unload classes) 0.688ms
[19.468s][info][safepoint] Safepoint "ShenandoahFinalMarkStartEvac", Time since last: 181401520 ns, Reaching safepoint: 163652 ns, At safepoint: 1092299 ns, Total: 1255951 ns
[19.469s][info][gc       ] GC(25) Concurrent weak references 0.066ms
[19.469s][info][gc       ] GC(25) Concurrent weak roots 0.352ms
[19.470s][info][gc       ] GC(25) Concurrent cleanup 4350M->2246M(5120M) 0.159ms
[19.471s][info][gc       ] GC(25) Concurrent class unloading 0.558ms
[19.472s][info][gc       ] GC(25) Pause Final Roots 0.003ms
[19.472s][info][safepoint] Safepoint "ShenandoahFinalRoots", Time since last: 2384227 ns, Reaching safepoint: 1060865 ns, At safepoint: 127532 ns, Total: 1188397 ns
[20.108s][info][gc       ] Trigger: Average GC time (223.49 ms) is above the time for average allocation rate (2754 MB/s) to deplete free headroom (606M) (margin of error = 1.80)
[20.111s][info][gc       ] GC(26) Concurrent reset 2.652ms
[20.115s][info][gc       ] GC(26) Pause Init Mark (unload classes) 0.120ms
[20.115s][info][safepoint] Safepoint "ShenandoahInitMark", Time since last: 639622456 ns, Reaching safepoint: 3046958 ns, At safepoint: 363867 ns, Total: 3410825 ns
[20.116s][info][gc       ] GC(26) Concurrent marking roots 0.312ms
[20.281s][info][gc       ] GC(26) Concurrent marking (unload classes) 165.326ms
[20.285s][info][gc       ] GC(26) Pause Final Mark (unload classes) 0.516ms
[20.285s][info][safepoint] Safepoint "ShenandoahFinalMarkStartEvac", Time since last: 166552249 ns, Reaching safepoint: 2914925 ns, At safepoint: 756488 ns, Total: 3671413 ns
[20.286s][info][gc       ] GC(26) Concurrent weak references 0.190ms
[20.286s][info][gc       ] GC(26) Concurrent weak roots 0.418ms
[20.287s][info][gc       ] GC(26) Concurrent cleanup 4426M->2256M(5120M) 0.155ms
[20.287s][info][gc       ] GC(26) Concurrent class unloading 0.599ms
[20.290s][info][gc       ] GC(26) Pause Final Roots 0.002ms
[20.290s][info][safepoint] Safepoint "ShenandoahFinalRoots", Time since last: 2027452 ns, Reaching safepoint: 2857478 ns, At safepoint: 205730 ns, Total: 3063208 ns
[20.907s][info][gc       ] Trigger: Average GC time (214.36 ms) is above the time for average allocation rate (2865 MB/s) to deplete free headroom (610M) (margin of error = 1.80)
[20.910s][info][gc       ] GC(27) Concurrent reset 2.434ms
[20.910s][info][gc       ] GC(27) Pause Init Mark (unload classes) 0.083ms
[20.911s][info][safepoint] Safepoint "ShenandoahInitMark", Time since last: 619661253 ns, Reaching safepoint: 128629 ns, At safepoint: 603132 ns, Total: 731761 ns
[20.912s][info][gc       ] GC(27) Concurrent marking roots 0.249ms
[21.100s][info][gc       ] GC(27) Concurrent marking (unload classes) 188.528ms
[21.105s][info][gc       ] GC(27) Pause Final Mark (unload classes) 0.597ms
[21.105s][info][safepoint] Safepoint "ShenandoahFinalMarkStartEvac", Time since last: 190158143 ns, Reaching safepoint: 3064973 ns, At safepoint: 985564 ns, Total: 4050537 ns
[21.106s][info][gc       ] GC(27) Concurrent weak references 0.182ms
[21.106s][info][gc       ] GC(27) Concurrent weak roots 0.276ms
[21.106s][info][gc       ] GC(27) Concurrent cleanup 4354M->2188M(5120M) 0.142ms
[21.107s][info][gc       ] GC(27) Concurrent class unloading 0.524ms
[21.110s][info][gc       ] GC(27) Pause Final Roots 0.002ms
[21.110s][info][safepoint] Safepoint "ShenandoahFinalRoots", Time since last: 2105216 ns, Reaching safepoint: 2838389 ns, At safepoint: 105446 ns, Total: 2943835 ns
[21.795s][info][gc       ] Trigger: Average GC time (216.75 ms) is above the time for average allocation rate (2702 MB/s) to deplete free headroom (578M) (margin of error = 1.80)
[21.799s][info][gc       ] GC(28) Concurrent reset 3.359ms
[21.803s][info][gc       ] GC(28) Pause Init Mark (unload classes) 0.118ms
[21.803s][info][safepoint] Safepoint "ShenandoahInitMark", Time since last: 689561787 ns, Reaching safepoint: 2986738 ns, At safepoint: 348274 ns, Total: 3335012 ns
[21.803s][info][gc       ] GC(28) Concurrent marking roots 0.266ms
[22.011s][info][gc       ] GC(28) Concurrent marking (unload classes) 207.095ms
[22.015s][info][gc       ] GC(28) Pause Final Mark (unload classes) 0.721ms
[22.015s][info][safepoint] Safepoint "ShenandoahFinalMarkStartEvac", Time since last: 208288613 ns, Reaching safepoint: 3031947 ns, At safepoint: 1064502 ns, Total: 4096449 ns
[22.016s][info][gc       ] GC(28) Concurrent weak references 0.070ms
[22.016s][info][gc       ] GC(28) Concurrent weak roots 0.225ms
[22.016s][info][gc       ] GC(28) Concurrent cleanup 4494M->2298M(5120M) 0.188ms
[22.017s][info][gc       ] GC(28) Concurrent class unloading 0.488ms
[22.020s][info][gc       ] GC(28) Pause Final Roots 0.003ms
[22.020s][info][safepoint] Safepoint "ShenandoahFinalRoots", Time since last: 1782944 ns, Reaching safepoint: 2894836 ns, At safepoint: 172896 ns, Total: 3067732 ns
[22.693s][info][gc       ] Trigger: Average GC time (238.98 ms) is above the time for average allocation rate (2557 MB/s) to deplete free headroom (604M) (margin of error = 1.80)
[22.696s][info][gc       ] GC(29) Concurrent reset 2.650ms
[22.699s][info][gc       ] GC(29) Pause Init Mark (unload classes) 0.146ms
[22.699s][info][safepoint] Safepoint "ShenandoahInitMark", Time since last: 675819230 ns, Reaching safepoint: 2978458 ns, At safepoint: 442237 ns, Total: 3420695 ns
[22.700s][info][gc       ] GC(29) Concurrent marking roots 0.322ms
[22.909s][info][gc       ] GC(29) Concurrent marking (unload classes) 208.832ms
[22.913s][info][gc       ] GC(29) Pause Final Mark (unload classes) 0.450ms
[22.913s][info][safepoint] Safepoint "ShenandoahFinalMarkStartEvac", Time since last: 210438622 ns, Reaching safepoint: 2302407 ns, At safepoint: 677151 ns, Total: 2979558 ns
[22.913s][info][gc       ] GC(29) Concurrent weak references 0.085ms
[22.914s][info][gc       ] GC(29) Concurrent weak roots 0.292ms
[22.914s][info][gc       ] GC(29) Concurrent cleanup 4498M->2328M(5120M) 0.311ms
[22.915s][info][gc       ] GC(29) Concurrent class unloading 0.475ms
[22.918s][info][gc       ] GC(29) Pause Final Roots 0.003ms
[22.918s][info][safepoint] Safepoint "ShenandoahFinalRoots", Time since last: 2068342 ns, Reaching safepoint: 2882581 ns, At safepoint: 206320 ns, Total: 3088901 ns
[23.501s][info][gc       ] Trigger: Average GC time (241.91 ms) is above the time for average allocation rate (2724 MB/s) to deplete free headroom (656M) (margin of error = 1.82)
[23.504s][info][gc       ] GC(30) Concurrent reset 2.622ms
[23.508s][info][gc       ] GC(30) Pause Init Mark (unload classes) 0.247ms
[23.508s][info][safepoint] Safepoint "ShenandoahInitMark", Time since last: 586773125 ns, Reaching safepoint: 3033521 ns, At safepoint: 654605 ns, Total: 3688126 ns
[23.509s][info][gc       ] GC(30) Concurrent marking roots 0.253ms
[23.687s][info][gc       ] GC(30) Concurrent marking (unload classes) 178.131ms
[23.691s][info][gc       ] GC(30) Pause Final Mark (unload classes) 0.472ms
[23.691s][info][safepoint] Safepoint "ShenandoahFinalMarkStartEvac", Time since last: 179330276 ns, Reaching safepoint: 2877700 ns, At safepoint: 744018 ns, Total: 3621718 ns
[23.692s][info][gc       ] GC(30) Concurrent weak references 0.119ms
[23.692s][info][gc       ] GC(30) Concurrent weak roots 0.290ms
[23.692s][info][gc       ] GC(30) Concurrent cleanup 4406M->2286M(5120M) 0.192ms
[23.693s][info][gc       ] GC(30) Concurrent class unloading 0.551ms
[23.696s][info][gc       ] GC(30) Pause Final Roots 0.003ms
[23.696s][info][safepoint] Safepoint "ShenandoahFinalRoots", Time since last: 1890266 ns, Reaching safepoint: 2866316 ns, At safepoint: 130925 ns, Total: 2997241 ns
[24.319s][info][gc       ] Trigger: Average GC time (233.44 ms) is above the time for average allocation rate (2731 MB/s) to deplete free headroom (636M) (margin of error = 1.82)
[24.323s][info][gc       ] GC(31) Concurrent reset 2.820ms
[24.327s][info][gc       ] GC(31) Pause Init Mark (unload classes) 0.248ms
[24.327s][info][safepoint] Safepoint "ShenandoahInitMark", Time since last: 627179030 ns, Reaching safepoint: 3095233 ns, At safepoint: 713529 ns, Total: 3808762 ns
[24.328s][info][gc       ] GC(31) Concurrent marking roots 0.427ms
[24.515s][info][gc       ] GC(31) Concurrent marking (unload classes) 187.026ms
[24.520s][info][gc       ] GC(31) Pause Final Mark (unload classes) 0.632ms
[24.520s][info][safepoint] Safepoint "ShenandoahFinalMarkStartEvac", Time since last: 188680562 ns, Reaching safepoint: 3066561 ns, At safepoint: 1198724 ns, Total: 4265285 ns
[24.521s][info][gc       ] GC(31) Concurrent weak references 0.057ms
[24.521s][info][gc       ] GC(31) Concurrent weak roots 0.247ms
[24.521s][info][gc       ] GC(31) Concurrent cleanup 4446M->2306M(5120M) 0.157ms
[24.522s][info][gc       ] GC(31) Concurrent class unloading 0.567ms
[24.525s][info][gc       ] GC(31) Pause Final Roots 0.003ms
[24.525s][info][safepoint] Safepoint "ShenandoahFinalRoots", Time since last: 1946260 ns, Reaching safepoint: 2872620 ns, At safepoint: 204610 ns, Total: 3077230 ns
[25.152s][info][gc       ] Trigger: Average GC time (225.12 ms) is above the time for average allocation rate (2689 MB/s) to deplete free headroom (598M) (margin of error = 1.84)
[25.155s][info][gc       ] GC(32) Concurrent reset 2.638ms
[25.158s][info][gc       ] GC(32) Pause Init Mark (unload classes) 0.080ms
[25.159s][info][safepoint] Safepoint "ShenandoahInitMark", Time since last: 630190667 ns, Reaching safepoint: 2927409 ns, At safepoint: 502356 ns, Total: 3429765 ns
[25.160s][info][gc       ] GC(32) Concurrent marking roots 0.250ms
[25.337s][info][gc       ] GC(32) Concurrent marking (unload classes) 176.907ms
[25.341s][info][gc       ] GC(32) Pause Final Mark (unload classes) 0.515ms
[25.341s][info][safepoint] Safepoint "ShenandoahFinalMarkStartEvac", Time since last: 178327233 ns, Reaching safepoint: 3084826 ns, At safepoint: 810456 ns, Total: 3895282 ns
[25.342s][info][gc       ] GC(32) Concurrent weak references 0.046ms
[25.342s][info][gc       ] GC(32) Concurrent weak roots 0.297ms
[25.342s][info][gc       ] GC(32) Concurrent cleanup 4404M->2228M(5120M) 0.191ms
[25.343s][info][gc       ] GC(32) Concurrent class unloading 0.543ms
[25.346s][info][gc       ] GC(32) Pause Final Roots 0.003ms
[25.346s][info][safepoint] Safepoint "ShenandoahFinalRoots", Time since last: 2243581 ns, Reaching safepoint: 2887329 ns, At safepoint: 176324 ns, Total: 3063653 ns
[25.991s][info][gc       ] Trigger: Average GC time (217.26 ms) is above the time for average allocation rate (2759 MB/s) to deplete free headroom (598M) (margin of error = 1.83)
[25.994s][info][gc       ] GC(33) Concurrent reset 2.601ms
[25.997s][info][gc       ] GC(33) Pause Init Mark (unload classes) 0.160ms
[25.998s][info][safepoint] Safepoint "ShenandoahInitMark", Time since last: 647927621 ns, Reaching safepoint: 2993525 ns, At safepoint: 484715 ns, Total: 3478240 ns
[25.998s][info][gc       ] GC(33) Concurrent marking roots 0.279ms
[26.170s][info][gc       ] GC(33) Concurrent marking (unload classes) 171.054ms
[26.174s][info][gc       ] GC(33) Pause Final Mark (unload classes) 0.544ms
[26.174s][info][safepoint] Safepoint "ShenandoahFinalMarkStartEvac", Time since last: 172321680 ns, Reaching safepoint: 3020483 ns, At safepoint: 815632 ns, Total: 3836115 ns
[26.174s][info][gc       ] GC(33) Concurrent weak references 0.068ms
[26.175s][info][gc       ] GC(33) Concurrent weak roots 0.264ms
[26.175s][info][gc       ] GC(33) Concurrent cleanup 4440M->2262M(5120M) 0.169ms
[26.175s][info][gc       ] GC(33) Concurrent class unloading 0.540ms
[26.179s][info][gc       ] GC(33) Pause Final Roots 0.016ms
[26.179s][info][safepoint] Safepoint "ShenandoahFinalRoots", Time since last: 1686741 ns, Reaching safepoint: 2887512 ns, At safepoint: 164041 ns, Total: 3051553 ns
[26.491s][info][gc       ] Trigger: Average GC time (210.50 ms) is above the time for instantaneous allocation rate (5717 MB/s) to deplete free headroom (1156M) (spike threshold = 1.83)
[26.494s][info][gc       ] GC(34) Concurrent reset 2.834ms
[26.498s][info][gc       ] GC(34) Pause Init Mark (unload classes) 0.105ms
[26.498s][info][safepoint] Safepoint "ShenandoahInitMark", Time since last: 316204543 ns, Reaching safepoint: 3011749 ns, At safepoint: 535377 ns, Total: 3547126 ns
[26.499s][info][gc       ] GC(34) Concurrent marking roots 0.421ms
[26.557s][info][gc       ] GC(34) Concurrent marking (unload classes) 57.636ms
[26.561s][info][gc       ] GC(34) Pause Final Mark (unload classes) 0.563ms
[26.562s][info][safepoint] Safepoint "ShenandoahFinalMarkStartEvac", Time since last: 59441886 ns, Reaching safepoint: 3000146 ns, At safepoint: 903910 ns, Total: 3904056 ns
[26.562s][info][gc       ] GC(34) Concurrent weak references 0.042ms
[26.566s][info][gc       ] GC(34) Concurrent weak roots 3.338ms
[26.566s][info][gc       ] GC(34) Concurrent cleanup 3833M->825M(5120M) 0.153ms
[26.567s][info][gc       ] GC(34) Concurrent class unloading 0.694ms
[26.570s][info][gc       ] GC(34) Pause Final Roots 0.004ms
[26.570s][info][safepoint] Safepoint "ShenandoahFinalRoots", Time since last: 5183234 ns, Reaching safepoint: 3007118 ns, At safepoint: 329591 ns, Total: 3336709 ns
[27.533s][info][gc       ] Trigger: Average GC time (241.96 ms) is above the time for average allocation rate (2842 MB/s) to deplete free headroom (686M) (margin of error = 1.83)
[27.534s][info][gc       ] GC(35) Concurrent reset 1.016ms
[27.538s][info][gc       ] GC(35) Pause Init Mark (unload classes) 0.234ms
[27.539s][info][safepoint] Safepoint "ShenandoahInitMark", Time since last: 964519606 ns, Reaching safepoint: 3046163 ns, At safepoint: 659299 ns, Total: 3705462 ns
[27.539s][info][gc       ] GC(35) Concurrent marking roots 0.321ms
[27.745s][info][gc       ] GC(35) Concurrent marking (unload classes) 205.754ms
[27.750s][info][gc       ] GC(35) Pause Final Mark (unload classes) 0.683ms
[27.750s][info][safepoint] Safepoint "ShenandoahFinalMarkStartEvac", Time since last: 207515134 ns, Reaching safepoint: 3007468 ns, At safepoint: 1070586 ns, Total: 4078054 ns
[27.751s][info][gc       ] GC(35) Concurrent weak references 0.199ms
[27.752s][info][gc       ] GC(35) Concurrent weak roots 0.438ms
[27.752s][info][gc       ] GC(35) Concurrent cleanup 4421M->2340M(5120M) 0.207ms
[27.753s][info][gc       ] GC(35) Concurrent class unloading 0.600ms
[27.756s][info][gc       ] GC(35) Pause Final Roots 0.004ms
[27.756s][info][safepoint] Safepoint "ShenandoahFinalRoots", Time since last: 2729830 ns, Reaching safepoint: 2997096 ns, At safepoint: 331465 ns, Total: 3328561 ns
[28.271s][info][gc       ] Trigger: Average GC time (288.45 ms) is above the time for average allocation rate (2813 MB/s) to deplete free headroom (810M) (margin of error = 1.83)
[28.276s][info][gc       ] GC(36) Concurrent reset 4.404ms
[28.280s][info][gc       ] GC(36) Pause Init Mark (unload classes) 0.134ms
[28.280s][info][safepoint] Safepoint "ShenandoahInitMark", Time since last: 520688693 ns, Reaching safepoint: 2885629 ns, At safepoint: 369395 ns, Total: 3255024 ns
[28.281s][info][gc       ] GC(36) Concurrent marking roots 0.284ms
[28.456s][info][gc       ] GC(36) Concurrent marking (unload classes) 174.969ms
[28.460s][info][gc       ] GC(36) Pause Final Mark (unload classes) 0.566ms
[28.460s][info][safepoint] Safepoint "ShenandoahFinalMarkStartEvac", Time since last: 176267770 ns, Reaching safepoint: 2924476 ns, At safepoint: 846047 ns, Total: 3770523 ns
[28.460s][info][gc       ] GC(36) Concurrent weak references 0.049ms
[28.461s][info][gc       ] GC(36) Concurrent weak roots 0.271ms
[28.461s][info][gc       ] GC(36) Concurrent cleanup 4236M->2274M(5120M) 0.158ms
[28.462s][info][gc       ] GC(36) Concurrent class unloading 0.533ms
[28.465s][info][gc       ] GC(36) Pause Final Roots 0.002ms
[28.465s][info][safepoint] Safepoint "ShenandoahFinalRoots", Time since last: 1798676 ns, Reaching safepoint: 2879804 ns, At safepoint: 181869 ns, Total: 3061673 ns
[29.076s][info][gc       ] Trigger: Average GC time (264.32 ms) is above the time for average allocation rate (2675 MB/s) to deplete free headroom (692M) (margin of error = 1.83)
[29.079s][info][gc       ] GC(37) Concurrent reset 2.661ms
[29.082s][info][gc       ] GC(37) Pause Init Mark (unload classes) 0.122ms
[29.083s][info][safepoint] Safepoint "ShenandoahInitMark", Time since last: 614167663 ns, Reaching safepoint: 3018265 ns, At safepoint: 396133 ns, Total: 3414398 ns
[29.083s][info][gc       ] GC(37) Concurrent marking roots 0.258ms
[29.263s][info][gc       ] GC(37) Concurrent marking (unload classes) 179.571ms
[29.267s][info][gc       ] GC(37) Pause Final Mark (unload classes) 0.501ms
[29.267s][info][safepoint] Safepoint "ShenandoahFinalMarkStartEvac", Time since last: 180855554 ns, Reaching safepoint: 2883457 ns, At safepoint: 986158 ns, Total: 3869615 ns
[29.268s][info][gc       ] GC(37) Concurrent weak references 0.054ms
[29.268s][info][gc       ] GC(37) Concurrent weak roots 0.342ms
[29.269s][info][gc       ] GC(37) Concurrent cleanup 4362M->2282M(5120M) 0.142ms
[29.269s][info][gc       ] GC(37) Concurrent class unloading 0.536ms
[29.269s][info][gc       ] GC(37) Pause Final Roots 0.002ms
[29.270s][info][safepoint] Safepoint "ShenandoahFinalRoots", Time since last: 2096238 ns, Reaching safepoint: 30822 ns, At safepoint: 161903 ns, Total: 192725 ns
[29.884s][info][gc       ] Trigger: Average GC time (245.50 ms) is above the time for average allocation rate (2741 MB/s) to deplete free headroom (670M) (margin of error = 1.83)
[29.889s][info][gc       ] GC(38) Concurrent reset 4.548ms
[29.893s][info][gc       ] GC(38) Pause Init Mark (unload classes) 0.110ms
[29.893s][info][safepoint] Safepoint "ShenandoahInitMark", Time since last: 620104245 ns, Reaching safepoint: 2900406 ns, At safepoint: 253901 ns, Total: 3154307 ns
[29.893s][info][gc       ] GC(38) Concurrent marking roots 0.330ms
[30.076s][info][gc       ] GC(38) Concurrent marking (unload classes) 182.872ms
[30.081s][info][gc       ] GC(38) Pause Final Mark (unload classes) 0.537ms
[30.081s][info][safepoint] Safepoint "ShenandoahFinalMarkStartEvac", Time since last: 184238011 ns, Reaching safepoint: 3049466 ns, At safepoint: 1015204 ns, Total: 4064670 ns
[30.082s][info][gc       ] GC(38) Concurrent weak references 0.084ms
[30.082s][info][gc       ] GC(38) Concurrent weak roots 0.294ms
[30.082s][info][gc       ] GC(38) Concurrent cleanup 4386M->2282M(5120M) 0.165ms
[30.083s][info][gc       ] GC(38) Concurrent class unloading 0.573ms
[30.086s][info][gc       ] GC(38) Pause Final Roots 0.003ms
[30.086s][info][safepoint] Safepoint "ShenandoahFinalRoots", Time since last: 2004170 ns, Reaching safepoint: 2956143 ns, At safepoint: 254277 ns, Total: 3210420 ns
[30.687s][info][gc       ] Trigger: Average GC time (236.57 ms) is above the time for average allocation rate (2802 MB/s) to deplete free headroom (654M) (margin of error = 1.83)
[30.690s][info][gc       ] GC(39) Concurrent reset 2.580ms
[30.694s][info][gc       ] GC(39) Pause Init Mark (unload classes) 0.149ms
[30.694s][info][safepoint] Safepoint "ShenandoahInitMark", Time since last: 604230145 ns, Reaching safepoint: 3148802 ns, At safepoint: 468656 ns, Total: 3617458 ns
[30.695s][info][gc       ] GC(39) Concurrent marking roots 0.302ms
[30.893s][info][gc       ] GC(39) Concurrent marking (unload classes) 197.805ms
[30.898s][info][gc       ] GC(39) Pause Final Mark (unload classes) 0.731ms
[30.898s][info][safepoint] Safepoint "ShenandoahFinalMarkStartEvac", Time since last: 199549114 ns, Reaching safepoint: 3055809 ns, At safepoint: 1214581 ns, Total: 4270390 ns
[30.899s][info][gc       ] GC(39) Concurrent weak references 0.051ms
[30.899s][info][gc       ] GC(39) Concurrent weak roots 0.329ms
[30.899s][info][gc       ] GC(39) Concurrent cleanup 4446M->2328M(5120M) 0.152ms
[30.900s][info][gc       ] GC(39) Concurrent class unloading 0.528ms
[30.902s][info][gc       ] GC(39) Pause Final Roots 0.002ms
[30.902s][info][safepoint] Safepoint "ShenandoahFinalRoots", Time since last: 1930399 ns, Reaching safepoint: 1950048 ns, At safepoint: 240628 ns, Total: 2190676 ns
[31.476s][info][gc       ] Trigger: Average GC time (238.90 ms) is above the time for average allocation rate (2819 MB/s) to deplete free headroom (662M) (margin of error = 1.83)
[31.479s][info][gc       ] GC(40) Concurrent reset 2.595ms
[31.483s][info][gc       ] GC(40) Pause Init Mark (unload classes) 0.119ms
[31.483s][info][safepoint] Safepoint "ShenandoahInitMark", Time since last: 577669583 ns, Reaching safepoint: 2996508 ns, At safepoint: 479735 ns, Total: 3476243 ns
[31.484s][info][gc       ] GC(40) Concurrent marking roots 0.304ms
[31.684s][info][gc       ] GC(40) Concurrent marking (unload classes) 199.964ms
[31.689s][info][gc       ] GC(40) Pause Final Mark (unload classes) 0.578ms
[31.689s][info][safepoint] Safepoint "ShenandoahFinalMarkStartEvac", Time since last: 202039208 ns, Reaching safepoint: 3054496 ns, At safepoint: 899137 ns, Total: 3953633 ns
[31.690s][info][gc       ] GC(40) Concurrent weak references 0.141ms
[31.690s][info][gc       ] GC(40) Concurrent weak roots 0.338ms
[31.690s][info][gc       ] GC(40) Concurrent cleanup 4328M->2216M(5120M) 0.149ms
[31.691s][info][gc       ] GC(40) Concurrent class unloading 0.620ms
[31.692s][info][gc       ] GC(40) Pause Final Roots 0.003ms
[31.692s][info][safepoint] Safepoint "ShenandoahFinalRoots", Time since last: 1871348 ns, Reaching safepoint: 777430 ns, At safepoint: 185300 ns, Total: 962730 ns
[32.354s][info][gc       ] Trigger: Average GC time (236.03 ms) is above the time for average allocation rate (2664 MB/s) to deplete free headroom (620M) (margin of error = 1.83)
[32.366s][info][gc       ] GC(41) Concurrent reset 4.514ms
[32.376s][info][gc       ] GC(41) Pause Init Mark (unload classes) 0.142ms
[32.376s][info][safepoint] Safepoint "ShenandoahInitMark", Time since last: 680313864 ns, Reaching safepoint: 3215276 ns, At safepoint: 689905 ns, Total: 3905181 ns
[32.377s][info][gc       ] GC(41) Concurrent marking roots 0.325ms
[32.577s][info][gc       ] GC(41) Concurrent marking (unload classes) 199.998ms
[32.581s][info][gc       ] GC(41) Pause Final Mark (unload classes) 0.626ms
[32.582s][info][safepoint] Safepoint "ShenandoahFinalMarkStartEvac", Time since last: 201468912 ns, Reaching safepoint: 2998612 ns, At safepoint: 962405 ns, Total: 3961017 ns
[32.582s][info][gc       ] GC(41) Concurrent weak references 0.045ms
[32.583s][info][gc       ] GC(41) Concurrent weak roots 0.291ms
[32.583s][info][gc       ] GC(41) Concurrent cleanup 4432M->2266M(5120M) 0.162ms
[32.584s][info][gc       ] GC(41) Concurrent class unloading 0.579ms
[32.587s][info][gc       ] GC(41) Pause Final Roots 0.010ms
[32.587s][info][safepoint] Safepoint "ShenandoahFinalRoots", Time since last: 1893113 ns, Reaching safepoint: 2871137 ns, At safepoint: 239837 ns, Total: 3110974 ns
[33.222s][info][gc       ] Trigger: Average GC time (240.68 ms) is above the time for average allocation rate (2691 MB/s) to deplete free headroom (640M) (margin of error = 1.83)
[33.227s][info][gc       ] GC(42) Concurrent reset 3.939ms
[33.230s][info][gc       ] GC(42) Pause Init Mark (unload classes) 0.101ms
[33.231s][info][safepoint] Safepoint "ShenandoahInitMark", Time since last: 640562274 ns, Reaching safepoint: 2902027 ns, At safepoint: 361464 ns, Total: 3263491 ns
[33.231s][info][gc       ] GC(42) Concurrent marking roots 0.238ms
[33.422s][info][gc       ] GC(42) Concurrent marking (unload classes) 190.932ms
[33.426s][info][gc       ] GC(42) Pause Final Mark (unload classes) 0.603ms
[33.427s][info][safepoint] Safepoint "ShenandoahFinalMarkStartEvac", Time since last: 192006246 ns, Reaching safepoint: 3057988 ns, At safepoint: 858805 ns, Total: 3916793 ns
[33.427s][info][gc       ] GC(42) Concurrent weak references 0.180ms
[33.428s][info][gc       ] GC(42) Concurrent weak roots 0.394ms
[33.428s][info][gc       ] GC(42) Concurrent cleanup 4302M->2170M(5120M) 0.173ms
[33.429s][info][gc       ] GC(42) Concurrent class unloading 0.680ms
[33.432s][info][gc       ] GC(42) Pause Final Roots 0.005ms
[33.432s][info][safepoint] Safepoint "ShenandoahFinalRoots", Time since last: 2795573 ns, Reaching safepoint: 2652289 ns, At safepoint: 176509 ns, Total: 2828798 ns
[34.140s][info][gc       ] Trigger: Average GC time (231.57 ms) is above the time for average allocation rate (2602 MB/s) to deplete free headroom (596M) (margin of error = 1.83)
[34.143s][info][gc       ] GC(43) Concurrent reset 2.395ms
[34.147s][info][gc       ] GC(43) Pause Init Mark (unload classes) 0.122ms
[34.147s][info][safepoint] Safepoint "ShenandoahInitMark", Time since last: 711302037 ns, Reaching safepoint: 3078467 ns, At safepoint: 624312 ns, Total: 3702779 ns
[34.148s][info][gc       ] GC(43) Concurrent marking roots 0.232ms
[34.316s][info][gc       ] GC(43) Concurrent marking (unload classes) 167.576ms
[34.320s][info][gc       ] GC(43) Pause Final Mark (unload classes) 0.558ms
[34.321s][info][safepoint] Safepoint "ShenandoahFinalMarkStartEvac", Time since last: 169380934 ns, Reaching safepoint: 3084337 ns, At safepoint: 1011529 ns, Total: 4095866 ns
[34.321s][info][gc       ] GC(43) Concurrent weak references 0.182ms
[34.322s][info][gc       ] GC(43) Concurrent weak roots 0.398ms
[34.323s][info][gc       ] GC(43) Concurrent cleanup 4446M->2268M(5120M) 0.156ms
[34.323s][info][gc       ] GC(43) Concurrent class unloading 0.610ms
[34.327s][info][gc       ] GC(43) Pause Final Roots 0.003ms
[34.327s][info][safepoint] Safepoint "ShenandoahFinalRoots", Time since last: 2950020 ns, Reaching safepoint: 2901618 ns, At safepoint: 291620 ns, Total: 3193238 ns
[34.908s][info][gc       ] Trigger: Average GC time (228.08 ms) is above the time for average allocation rate (2886 MB/s) to deplete free headroom (654M) (margin of error = 1.83)
[34.911s][info][gc       ] GC(44) Concurrent reset 2.901ms
[34.915s][info][gc       ] GC(44) Pause Init Mark (unload classes) 0.254ms
[34.916s][info][safepoint] Safepoint "ShenandoahInitMark", Time since last: 585071043 ns, Reaching safepoint: 3046995 ns, At safepoint: 661777 ns, Total: 3708772 ns
[34.916s][info][gc       ] GC(44) Concurrent marking roots 0.257ms
[35.102s][info][gc       ] GC(44) Concurrent marking (unload classes) 185.456ms
[35.106s][info][gc       ] GC(44) Pause Final Mark (unload classes) 0.630ms
[35.107s][info][safepoint] Safepoint "ShenandoahFinalMarkStartEvac", Time since last: 187040279 ns, Reaching safepoint: 2983215 ns, At safepoint: 1040377 ns, Total: 4023592 ns
[35.107s][info][gc       ] GC(44) Concurrent weak references 0.065ms
[35.108s][info][gc       ] GC(44) Concurrent weak roots 0.253ms
[35.108s][info][gc       ] GC(44) Concurrent cleanup 4418M->2300M(5120M) 0.170ms
[35.109s][info][gc       ] GC(44) Concurrent class unloading 0.568ms
[35.112s][info][gc       ] GC(44) Pause Final Roots 0.010ms
[35.112s][info][safepoint] Safepoint "ShenandoahFinalRoots", Time since last: 2438832 ns, Reaching safepoint: 2863716 ns, At safepoint: 149414 ns, Total: 3013130 ns
[35.724s][info][gc       ] Trigger: Average GC time (222.03 ms) is above the time for average allocation rate (2812 MB/s) to deplete free headroom (606M) (margin of error = 1.83)
[35.727s][info][gc       ] GC(45) Concurrent reset 2.578ms
[35.731s][info][gc       ] GC(45) Pause Init Mark (unload classes) 0.136ms
[35.731s][info][safepoint] Safepoint "ShenandoahInitMark", Time since last: 615324695 ns, Reaching safepoint: 3138755 ns, At safepoint: 363601 ns, Total: 3502356 ns
[35.732s][info][gc       ] GC(45) Concurrent marking roots 0.278ms
[35.914s][info][gc       ] GC(45) Concurrent marking (unload classes) 182.186ms
[35.918s][info][gc       ] GC(45) Pause Final Mark (unload classes) 0.549ms
[35.918s][info][safepoint] Safepoint "ShenandoahFinalMarkStartEvac", Time since last: 183411838 ns, Reaching safepoint: 2872232 ns, At safepoint: 820523 ns, Total: 3692755 ns
[35.918s][info][gc       ] GC(45) Concurrent weak references 0.067ms
[35.919s][info][gc       ] GC(45) Concurrent weak roots 0.354ms
[35.919s][info][gc       ] GC(45) Concurrent cleanup 4374M->2210M(5120M) 0.197ms
[35.920s][info][gc       ] GC(45) Concurrent class unloading 0.831ms
[35.922s][info][gc       ] GC(45) Pause Final Roots 0.003ms
[35.922s][info][safepoint] Safepoint "ShenandoahFinalRoots", Time since last: 2330835 ns, Reaching safepoint: 1597537 ns, At safepoint: 163679 ns, Total: 1761216 ns
[36.623s][info][gc       ] Trigger: Average GC time (214.49 ms) is above the time for average allocation rate (2598 MB/s) to deplete free headroom (550M) (margin of error = 1.82)
[36.628s][info][gc       ] GC(46) Concurrent reset 4.686ms
[36.632s][info][gc       ] GC(46) Pause Init Mark (unload classes) 0.165ms
[36.632s][info][safepoint] Safepoint "ShenandoahInitMark", Time since last: 706674344 ns, Reaching safepoint: 3030419 ns, At safepoint: 505729 ns, Total: 3536148 ns
[36.633s][info][gc       ] GC(46) Concurrent marking roots 0.395ms
[36.848s][info][gc       ] GC(46) Concurrent marking (unload classes) 214.329ms
[36.852s][info][gc       ] GC(46) Pause Final Mark (unload classes) 0.612ms
[36.853s][info][safepoint] Safepoint "ShenandoahFinalMarkStartEvac", Time since last: 216326290 ns, Reaching safepoint: 3091407 ns, At safepoint: 922930 ns, Total: 4014337 ns
[36.853s][info][gc       ] GC(46) Concurrent weak references 0.079ms
[36.853s][info][gc       ] GC(46) Concurrent weak roots 0.241ms
[36.853s][info][gc       ] GC(46) Concurrent cleanup 4520M->2294M(5120M) 0.152ms
[36.854s][info][gc       ] GC(46) Concurrent class unloading 0.508ms
[36.857s][info][gc       ] GC(46) Pause Final Roots 0.004ms
[36.857s][info][safepoint] Safepoint "ShenandoahFinalRoots", Time since last: 1485305 ns, Reaching safepoint: 2900223 ns, At safepoint: 215663 ns, Total: 3115886 ns
[37.436s][info][gc       ] Trigger: Average GC time (249.33 ms) is above the time for average allocation rate (2857 MB/s) to deplete free headroom (710M) (margin of error = 1.83)
[37.439s][info][gc       ] GC(47) Concurrent reset 2.593ms
[37.443s][info][gc       ] GC(47) Pause Init Mark (unload classes) 0.141ms
[37.443s][info][safepoint] Safepoint "ShenandoahInitMark", Time since last: 582201318 ns, Reaching safepoint: 3061329 ns, At safepoint: 418804 ns, Total: 3480133 ns
[37.443s][info][gc       ] GC(47) Concurrent marking roots 0.255ms
[37.616s][info][gc       ] GC(47) Concurrent marking (unload classes) 172.732ms
[37.621s][info][gc       ] GC(47) Pause Final Mark (unload classes) 0.536ms
[37.621s][info][safepoint] Safepoint "ShenandoahFinalMarkStartEvac", Time since last: 173999334 ns, Reaching safepoint: 3009327 ns, At safepoint: 774712 ns, Total: 3784039 ns
[37.621s][info][gc       ] GC(47) Concurrent weak references 0.073ms
[37.621s][info][gc       ] GC(47) Concurrent weak roots 0.351ms
[37.622s][info][gc       ] GC(47) Concurrent cleanup 4292M->2230M(5120M) 0.148ms
[37.622s][info][gc       ] GC(47) Concurrent class unloading 0.579ms
[37.626s][info][gc       ] GC(47) Pause Final Roots 0.003ms
[37.626s][info][safepoint] Safepoint "ShenandoahFinalRoots", Time since last: 1923013 ns, Reaching safepoint: 2890866 ns, At safepoint: 249900 ns, Total: 3140766 ns
[38.238s][info][gc       ] Trigger: Average GC time (236.99 ms) is above the time for average allocation rate (2868 MB/s) to deplete free headroom (670M) (margin of error = 1.82)
[38.241s][info][gc       ] GC(48) Concurrent reset 2.470ms
[38.245s][info][gc       ] GC(48) Pause Init Mark (unload classes) 0.242ms
[38.245s][info][safepoint] Safepoint "ShenandoahInitMark", Time since last: 615589154 ns, Reaching safepoint: 3083667 ns, At safepoint: 644437 ns, Total: 3728104 ns
[38.246s][info][gc       ] GC(48) Concurrent marking roots 0.399ms
[38.411s][info][gc       ] GC(48) Concurrent marking (unload classes) 164.665ms
[38.416s][info][gc       ] GC(48) Pause Final Mark (unload classes) 0.630ms
[38.416s][info][safepoint] Safepoint "ShenandoahFinalMarkStartEvac", Time since last: 166638340 ns, Reaching safepoint: 3167871 ns, At safepoint: 1109333 ns, Total: 4277204 ns
[38.417s][info][gc       ] GC(48) Concurrent weak references 0.189ms
[38.418s][info][gc       ] GC(48) Concurrent weak roots 0.461ms
[38.418s][info][gc       ] GC(48) Concurrent cleanup 4368M->2264M(5120M) 0.150ms
[38.419s][info][gc       ] GC(48) Concurrent class unloading 0.688ms
[38.422s][info][gc       ] GC(48) Pause Final Roots 0.003ms
[38.422s][info][safepoint] Safepoint "ShenandoahFinalRoots", Time since last: 2904118 ns, Reaching safepoint: 2959041 ns, At safepoint: 233538 ns, Total: 3192579 ns
[38.834s][info][gc       ] Trigger: Average GC time (223.14 ms) is above the time for instantaneous allocation rate (5719 MB/s) to deplete free headroom (956M) (spike threshold = 1.86)
[38.837s][info][gc       ] GC(49) Concurrent reset 2.805ms
[38.841s][info][gc       ] GC(49) Pause Init Mark (unload classes) 0.233ms
[38.841s][info][safepoint] Safepoint "ShenandoahInitMark", Time since last: 415466738 ns, Reaching safepoint: 3027737 ns, At safepoint: 627028 ns, Total: 3654765 ns
[38.842s][info][gc       ] GC(49) Concurrent marking roots 0.385ms
[38.888s][info][gc       ] GC(49) Concurrent marking (unload classes) 45.744ms
[38.892s][info][gc       ] GC(49) Pause Final Mark (unload classes) 0.593ms
[38.893s][info][safepoint] Safepoint "ShenandoahFinalMarkStartEvac", Time since last: 47450321 ns, Reaching safepoint: 3043752 ns, At safepoint: 926366 ns, Total: 3970118 ns
[38.893s][info][gc       ] GC(49) Concurrent weak references 0.179ms
[38.897s][info][gc       ] GC(49) Concurrent weak roots 3.201ms
[38.897s][info][gc       ] GC(49) Concurrent cleanup 3985M->757M(5120M) 0.165ms
[38.901s][info][gc       ] GC(49) Concurrent class unloading 3.497ms
[38.904s][info][gc       ] GC(49) Pause Final Roots 0.003ms
[38.904s][info][safepoint] Safepoint "ShenandoahFinalRoots", Time since last: 8019109 ns, Reaching safepoint: 2897906 ns, At safepoint: 298456 ns, Total: 3196362 ns
[39.837s][info][gc       ] Trigger: Average GC time (246.42 ms) is above the time for average allocation rate (2899 MB/s) to deplete free headroom (714M) (margin of error = 1.82)
[39.839s][info][gc       ] GC(50) Concurrent reset 0.917ms
[39.843s][info][gc       ] GC(50) Pause Init Mark (unload classes) 0.257ms
[39.843s][info][safepoint] Safepoint "ShenandoahInitMark", Time since last: 935519891 ns, Reaching safepoint: 3054571 ns, At safepoint: 791269 ns, Total: 3845840 ns
[39.844s][info][gc       ] GC(50) Concurrent marking roots 0.307ms
[40.029s][info][gc       ] GC(50) Concurrent marking (unload classes) 184.746ms
[40.033s][info][gc       ] GC(50) Pause Final Mark (unload classes) 0.697ms
[40.033s][info][safepoint] Safepoint "ShenandoahFinalMarkStartEvac", Time since last: 186535007 ns, Reaching safepoint: 2386829 ns, At safepoint: 1119747 ns, Total: 3506576 ns
[40.034s][info][gc       ] GC(50) Concurrent weak references 0.079ms
[40.035s][info][gc       ] GC(50) Concurrent weak roots 0.408ms
[40.035s][info][gc       ] GC(50) Concurrent cleanup 4367M->2314M(5120M) 0.158ms
[40.036s][info][gc       ] GC(50) Concurrent class unloading 0.600ms
[40.039s][info][gc       ] GC(50) Pause Final Roots 0.004ms
[40.039s][info][safepoint] Safepoint "ShenandoahFinalRoots", Time since last: 2631484 ns, Reaching safepoint: 3040125 ns, At safepoint: 326806 ns, Total: 3366931 ns
[40.589s][info][gc       ] Trigger: Average GC time (269.79 ms) is above the time for average allocation rate (2842 MB/s) to deplete free headroom (758M) (margin of error = 1.82)
[40.592s][info][gc       ] GC(51) Concurrent reset 2.512ms
[40.596s][info][gc       ] GC(51) Pause Init Mark (unload classes) 0.233ms
[40.597s][info][safepoint] Safepoint "ShenandoahInitMark", Time since last: 553651808 ns, Reaching safepoint: 3171387 ns, At safepoint: 852756 ns, Total: 4024143 ns
[40.598s][info][gc       ] GC(51) Concurrent marking roots 0.326ms
[40.796s][info][gc       ] GC(51) Concurrent marking (unload classes) 197.705ms
[40.801s][info][gc       ] GC(51) Pause Final Mark (unload classes) 0.546ms
[40.801s][info][safepoint] Safepoint "ShenandoahFinalMarkStartEvac", Time since last: 199693723 ns, Reaching safepoint: 3317830 ns, At safepoint: 1108224 ns, Total: 4426054 ns
[40.802s][info][gc       ] GC(51) Concurrent weak references 0.217ms
[40.803s][info][gc       ] GC(51) Concurrent weak roots 0.500ms
[40.803s][info][gc       ] GC(51) Concurrent cleanup 4334M->2316M(5120M) 0.196ms
[40.804s][info][gc       ] GC(51) Concurrent class unloading 0.564ms
[40.807s][info][gc       ] GC(51) Pause Final Roots 0.003ms
[40.807s][info][safepoint] Safepoint "ShenandoahFinalRoots", Time since last: 3049470 ns, Reaching safepoint: 2945116 ns, At safepoint: 300700 ns, Total: 3245816 ns
[41.317s][info][gc       ] Trigger: Average GC time (278.65 ms) is above the time for average allocation rate (2899 MB/s) to deplete free headroom (800M) (margin of error = 1.82)
[41.320s][info][gc       ] GC(52) Concurrent reset 2.471ms
[41.324s][info][gc       ] GC(52) Pause Init Mark (unload classes) 0.277ms
[41.324s][info][safepoint] Safepoint "ShenandoahInitMark", Time since last: 512649683 ns, Reaching safepoint: 3195562 ns, At safepoint: 828700 ns, Total: 4024262 ns
[41.325s][info][gc       ] GC(52) Concurrent marking roots 0.365ms
[41.508s][info][gc       ] GC(52) Concurrent marking (unload classes) 182.431ms
[41.512s][info][gc       ] GC(52) Pause Final Mark (unload classes) 0.760ms
[41.513s][info][safepoint] Safepoint "ShenandoahFinalMarkStartEvac", Time since last: 184363246 ns, Reaching safepoint: 3174672 ns, At safepoint: 1089037 ns, Total: 4263709 ns
[41.513s][info][gc       ] GC(52) Concurrent weak references 0.156ms
[41.514s][info][gc       ] GC(52) Concurrent weak roots 0.459ms
[41.514s][info][gc       ] GC(52) Concurrent cleanup 4298M->2322M(5120M) 0.173ms
[41.515s][info][gc       ] GC(52) Concurrent class unloading 0.568ms
[41.518s][info][gc       ] GC(52) Pause Final Roots 0.003ms
[41.518s][info][safepoint] Safepoint "ShenandoahFinalRoots", Time since last: 2390513 ns, Reaching safepoint: 2862283 ns, At safepoint: 245604 ns, Total: 3107887 ns
[42.070s][info][gc       ] Trigger: Average GC time (258.44 ms) is above the time for average allocation rate (2822 MB/s) to deplete free headroom (726M) (margin of error = 1.82)
[42.073s][info][gc       ] GC(53) Concurrent reset 2.542ms
[42.076s][info][gc       ] GC(53) Pause Init Mark (unload classes) 0.113ms
[42.076s][info][safepoint] Safepoint "ShenandoahInitMark", Time since last: 555607473 ns, Reaching safepoint: 1811239 ns, At safepoint: 662911 ns, Total: 2474150 ns
[42.077s][info][gc       ] GC(53) Concurrent marking roots 0.291ms
[42.274s][info][gc       ] GC(53) Concurrent marking (unload classes) 196.688ms
[42.278s][info][gc       ] GC(53) Pause Final Mark (unload classes) 0.510ms
[42.279s][info][safepoint] Safepoint "ShenandoahFinalMarkStartEvac", Time since last: 198184828 ns, Reaching safepoint: 3080601 ns, At safepoint: 976180 ns, Total: 4056781 ns
[42.279s][info][gc       ] GC(53) Concurrent weak references 0.185ms
[42.280s][info][gc       ] GC(53) Concurrent weak roots 0.421ms
[42.280s][info][gc       ] GC(53) Concurrent cleanup 4386M->2340M(5120M) 0.153ms
[42.281s][info][gc       ] GC(53) Concurrent class unloading 0.636ms
[42.282s][info][gc       ] GC(53) Pause Final Roots 0.004ms
[42.282s][info][safepoint] Safepoint "ShenandoahFinalRoots", Time since last: 2430591 ns, Reaching safepoint: 1133560 ns, At safepoint: 192422 ns, Total: 1325982 ns
[42.824s][info][gc       ] Trigger: Average GC time (249.84 ms) is above the time for average allocation rate (2875 MB/s) to deplete free headroom (714M) (margin of error = 1.82)
[42.827s][info][gc       ] GC(54) Concurrent reset 2.526ms
[42.831s][info][gc       ] GC(54) Pause Init Mark (unload classes) 0.227ms
[42.831s][info][safepoint] Safepoint "ShenandoahInitMark", Time since last: 544985441 ns, Reaching safepoint: 3041720 ns, At safepoint: 625817 ns, Total: 3667537 ns
[42.832s][info][gc       ] GC(54) Concurrent marking roots 0.258ms
[43.003s][info][gc       ] GC(54) Concurrent marking (unload classes) 171.060ms
[43.007s][info][gc       ] GC(54) Pause Final Mark (unload classes) 0.614ms
[43.007s][info][safepoint] Safepoint "ShenandoahFinalMarkStartEvac", Time since last: 172279349 ns, Reaching safepoint: 2956657 ns, At safepoint: 911372 ns, Total: 3868029 ns
[43.007s][info][gc       ] GC(54) Concurrent weak references 0.086ms
[43.008s][info][gc       ] GC(54) Concurrent weak roots 0.246ms
[43.008s][info][gc       ] GC(54) Concurrent cleanup 4330M->2268M(5120M) 0.148ms
[43.009s][info][gc       ] GC(54) Concurrent class unloading 0.548ms
[43.012s][info][gc       ] GC(54) Pause Final Roots 0.002ms
[43.012s][info][safepoint] Safepoint "ShenandoahFinalRoots", Time since last: 1606373 ns, Reaching safepoint: 2903628 ns, At safepoint: 280780 ns, Total: 3184408 ns
[43.625s][info][gc       ] Trigger: Average GC time (231.53 ms) is above the time for average allocation rate (2769 MB/s) to deplete free headroom (638M) (margin of error = 1.82)
[43.628s][info][gc       ] GC(55) Concurrent reset 2.623ms
[43.632s][info][gc       ] GC(55) Pause Init Mark (unload classes) 0.132ms
[43.632s][info][safepoint] Safepoint "ShenandoahInitMark", Time since last: 616677598 ns, Reaching safepoint: 3023390 ns, At safepoint: 507808 ns, Total: 3531198 ns
[43.632s][info][gc       ] GC(55) Concurrent marking roots 0.209ms
[43.797s][info][gc       ] GC(55) Concurrent marking (unload classes) 164.616ms
[43.801s][info][gc       ] GC(55) Pause Final Mark (unload classes) 0.623ms
[43.802s][info][safepoint] Safepoint "ShenandoahFinalMarkStartEvac", Time since last: 165720884 ns, Reaching safepoint: 2942933 ns, At safepoint: 1101519 ns, Total: 4044452 ns
[43.802s][info][gc       ] GC(55) Concurrent weak references 0.052ms
[43.802s][info][gc       ] GC(55) Concurrent weak roots 0.256ms
[43.803s][info][gc       ] GC(55) Concurrent cleanup 4404M->2268M(5120M) 0.178ms
[43.803s][info][gc       ] GC(55) Concurrent class unloading 0.455ms
[43.806s][info][gc       ] GC(55) Pause Final Roots 0.002ms
[43.807s][info][safepoint] Safepoint "ShenandoahFinalRoots", Time since last: 1505552 ns, Reaching safepoint: 2888348 ns, At safepoint: 309030 ns, Total: 3197378 ns
[44.433s][info][gc       ] Trigger: Average GC time (217.07 ms) is above the time for average allocation rate (2810 MB/s) to deplete free headroom (600M) (margin of error = 1.82)
[44.436s][info][gc       ] GC(56) Concurrent reset 3.095ms
[44.440s][info][gc       ] GC(56) Pause Init Mark (unload classes) 0.120ms
[44.440s][info][safepoint] Safepoint "ShenandoahInitMark", Time since last: 630064642 ns, Reaching safepoint: 3086558 ns, At safepoint: 395307 ns, Total: 3481865 ns
[44.441s][info][gc       ] GC(56) Concurrent marking roots 0.211ms
[44.631s][info][gc       ] GC(56) Concurrent marking (unload classes) 190.663ms
[44.635s][info][gc       ] GC(56) Pause Final Mark (unload classes) 0.535ms
[44.636s][info][safepoint] Safepoint "ShenandoahFinalMarkStartEvac", Time since last: 191779283 ns, Reaching safepoint: 3018027 ns, At safepoint: 952704 ns, Total: 3970731 ns
[44.636s][info][gc       ] GC(56) Concurrent weak references 0.085ms
[44.637s][info][gc       ] GC(56) Concurrent weak roots 0.249ms
[44.637s][info][gc       ] GC(56) Concurrent cleanup 4334M->2158M(5120M) 0.153ms
[44.638s][info][gc       ] GC(56) Concurrent class unloading 0.462ms
[44.641s][info][gc       ] GC(56) Pause Final Roots 0.002ms
[44.641s][info][safepoint] Safepoint "ShenandoahFinalRoots", Time since last: 2059673 ns, Reaching safepoint: 2937558 ns, At safepoint: 427374 ns, Total: 3364932 ns
[45.302s][info][gc       ] Trigger: Average GC time (225.65 ms) is above the time for average allocation rate (2759 MB/s) to deplete free headroom (620M) (margin of error = 1.82)
[45.305s][info][gc       ] GC(57) Concurrent reset 2.750ms
[45.308s][info][gc       ] GC(57) Pause Init Mark (unload classes) 0.119ms
[45.309s][info][safepoint] Safepoint "ShenandoahInitMark", Time since last: 663911390 ns, Reaching safepoint: 3045042 ns, At safepoint: 449619 ns, Total: 3494661 ns
[45.309s][info][gc       ] GC(57) Concurrent marking roots 0.249ms
[45.506s][info][gc       ] GC(57) Concurrent marking (unload classes) 196.409ms
[45.510s][info][gc       ] GC(57) Pause Final Mark (unload classes) 0.583ms
[45.510s][info][safepoint] Safepoint "ShenandoahFinalMarkStartEvac", Time since last: 197577112 ns, Reaching safepoint: 3112744 ns, At safepoint: 851512 ns, Total: 3964256 ns
[45.510s][info][gc       ] GC(57) Concurrent weak references 0.108ms
[45.511s][info][gc       ] GC(57) Concurrent weak roots 0.264ms
[45.511s][info][gc       ] GC(57) Concurrent cleanup 4472M->2318M(5120M) 0.167ms
[45.512s][info][gc       ] GC(57) Concurrent class unloading 0.611ms
[45.515s][info][gc       ] GC(57) Pause Final Roots 0.005ms
[45.515s][info][safepoint] Safepoint "ShenandoahFinalRoots", Time since last: 1765030 ns, Reaching safepoint: 3108736 ns, At safepoint: 198988 ns, Total: 3307724 ns
[46.110s][info][gc       ] Trigger: Average GC time (229.46 ms) is above the time for average allocation rate (2819 MB/s) to deplete free headroom (636M) (margin of error = 1.82)
[46.113s][info][gc       ] GC(58) Concurrent reset 2.398ms
[46.116s][info][gc       ] GC(58) Pause Init Mark (unload classes) 0.114ms
[46.117s][info][safepoint] Safepoint "ShenandoahInitMark", Time since last: 597888933 ns, Reaching safepoint: 3041166 ns, At safepoint: 444758 ns, Total: 3485924 ns
[46.117s][info][gc       ] GC(58) Concurrent marking roots 0.218ms
[46.325s][info][gc       ] GC(58) Concurrent marking (unload classes) 208.133ms
[46.326s][info][gc       ] GC(58) Pause Final Mark (unload classes) 0.580ms
[46.327s][info][safepoint] Safepoint "ShenandoahFinalMarkStartEvac", Time since last: 209032556 ns, Reaching safepoint: 116495 ns, At safepoint: 863359 ns, Total: 979854 ns
[46.327s][info][gc       ] GC(58) Concurrent weak references 0.094ms
[46.327s][info][gc       ] GC(58) Concurrent weak roots 0.234ms
[46.328s][info][gc       ] GC(58) Concurrent cleanup 4492M->2356M(5120M) 0.182ms
[46.328s][info][gc       ] GC(58) Concurrent class unloading 0.570ms
[46.331s][info][gc       ] GC(58) Pause Final Roots 0.006ms
[46.332s][info][safepoint] Safepoint "ShenandoahFinalRoots", Time since last: 1838670 ns, Reaching safepoint: 2897553 ns, At safepoint: 223165 ns, Total: 3120718 ns
[46.911s][info][gc       ] Trigger: Average GC time (235.56 ms) is above the time for average allocation rate (2795 MB/s) to deplete free headroom (648M) (margin of error = 1.82)
[46.914s][info][gc       ] GC(59) Concurrent reset 2.854ms
[46.917s][info][gc       ] GC(59) Pause Init Mark (unload classes) 0.178ms
[46.918s][info][safepoint] Safepoint "ShenandoahInitMark", Time since last: 582599444 ns, Reaching safepoint: 3070588 ns, At safepoint: 741999 ns, Total: 3812587 ns
[46.919s][info][gc       ] GC(59) Concurrent marking roots 0.307ms
[47.096s][info][gc       ] GC(59) Concurrent marking (unload classes) 176.822ms
[47.097s][info][gc       ] GC(59) Pause Final Mark (unload classes) 0.483ms
[47.098s][info][safepoint] Safepoint "ShenandoahFinalMarkStartEvac", Time since last: 178492041 ns, Reaching safepoint: 333287 ns, At safepoint: 710242 ns, Total: 1043529 ns
[47.098s][info][gc       ] GC(59) Concurrent weak references 0.192ms
[47.099s][info][gc       ] GC(59) Concurrent weak roots 0.346ms
[47.099s][info][gc       ] GC(59) Concurrent cleanup 4404M->2276M(5120M) 0.165ms
[47.100s][info][gc       ] GC(59) Concurrent class unloading 0.556ms
[47.102s][info][gc       ] GC(59) Pause Final Roots 0.003ms
[47.102s][info][safepoint] Safepoint "ShenandoahFinalRoots", Time since last: 2472914 ns, Reaching safepoint: 1973244 ns, At safepoint: 293481 ns, Total: 2266725 ns
[47.742s][info][gc       ] Trigger: Average GC time (228.03 ms) is above the time for average allocation rate (2767 MB/s) to deplete free headroom (626M) (margin of error = 1.82)
[47.744s][info][gc       ] GC(60) Concurrent reset 2.353ms
[47.748s][info][gc       ] GC(60) Pause Init Mark (unload classes) 0.120ms
[47.748s][info][safepoint] Safepoint "ShenandoahInitMark", Time since last: 642230423 ns, Reaching safepoint: 2911009 ns, At safepoint: 306749 ns, Total: 3217758 ns
[47.748s][info][gc       ] GC(60) Concurrent marking roots 0.301ms
[47.929s][info][gc       ] GC(60) Concurrent marking (unload classes) 180.275ms
[47.930s][info][gc       ] GC(60) Pause Final Mark (unload classes) 0.586ms
[47.931s][info][safepoint] Safepoint "ShenandoahFinalMarkStartEvac", Time since last: 181794156 ns, Reaching safepoint: 101431 ns, At safepoint: 1043913 ns, Total: 1145344 ns
[47.931s][info][gc       ] GC(60) Concurrent weak references 0.061ms
[47.932s][info][gc       ] GC(60) Concurrent weak roots 0.260ms
[47.932s][info][gc       ] GC(60) Concurrent cleanup 4430M->2282M(5120M) 0.203ms
[47.933s][info][gc       ] GC(60) Concurrent class unloading 0.617ms
[47.936s][info][gc       ] GC(60) Pause Final Roots 0.003ms
[47.936s][info][safepoint] Safepoint "ShenandoahFinalRoots", Time since last: 2043716 ns, Reaching safepoint: 2890766 ns, At safepoint: 226531 ns, Total: 3117297 ns
[48.537s][info][gc       ] Trigger: Average GC time (217.94 ms) is above the time for average allocation rate (2862 MB/s) to deplete free headroom (612M) (margin of error = 1.82)
[48.540s][info][gc       ] GC(61) Concurrent reset 2.541ms
[48.544s][info][gc       ] GC(61) Pause Init Mark (unload classes) 0.256ms
[48.545s][info][safepoint] Safepoint "ShenandoahInitMark", Time since last: 605117811 ns, Reaching safepoint: 3095206 ns, At safepoint: 696815 ns, Total: 3792021 ns
[48.546s][info][gc       ] GC(61) Concurrent marking roots 0.309ms
[48.741s][info][gc       ] GC(61) Concurrent marking (unload classes) 194.867ms
[48.745s][info][gc       ] GC(61) Pause Final Mark (unload classes) 0.819ms
[48.746s][info][safepoint] Safepoint "ShenandoahFinalMarkStartEvac", Time since last: 196546552 ns, Reaching safepoint: 3120001 ns, At safepoint: 1457341 ns, Total: 4577342 ns
[48.747s][info][gc       ] GC(61) Concurrent weak references 0.213ms
[48.747s][info][gc       ] GC(61) Concurrent weak roots 0.322ms
[48.748s][info][gc       ] GC(61) Concurrent cleanup 4450M->2286M(5120M) 0.165ms
[48.748s][info][gc       ] GC(61) Concurrent class unloading 0.495ms
[48.751s][info][gc       ] GC(61) Pause Final Roots 0.008ms
[48.751s][info][safepoint] Safepoint "ShenandoahFinalRoots", Time since last: 2474720 ns, Reaching safepoint: 2944039 ns, At safepoint: 158130 ns, Total: 3102169 ns
[49.352s][info][gc       ] Trigger: Average GC time (225.65 ms) is above the time for average allocation rate (2895 MB/s) to deplete free headroom (652M) (margin of error = 1.82)
[49.355s][info][gc       ] GC(62) Concurrent reset 2.523ms
[49.359s][info][gc       ] GC(62) Pause Init Mark (unload classes) 0.280ms
[49.360s][info][safepoint] Safepoint "ShenandoahInitMark", Time since last: 604250100 ns, Reaching safepoint: 3185835 ns, At safepoint: 908290 ns, Total: 4094125 ns
[49.361s][info][gc       ] GC(62) Concurrent marking roots 0.316ms
[49.556s][info][gc       ] GC(62) Concurrent marking (unload classes) 195.372ms
[49.561s][info][gc       ] GC(62) Pause Final Mark (unload classes) 0.867ms
[49.562s][info][safepoint] Safepoint "ShenandoahFinalMarkStartEvac", Time since last: 197319847 ns, Reaching safepoint: 3196626 ns, At safepoint: 1517414 ns, Total: 4714040 ns
[49.563s][info][gc       ] GC(62) Concurrent weak references 0.213ms
[49.564s][info][gc       ] GC(62) Concurrent weak roots 0.397ms
[49.564s][info][gc       ] GC(62) Concurrent cleanup 4358M->2236M(5120M) 0.156ms
[49.565s][info][gc       ] GC(62) Concurrent class unloading 0.566ms
[49.565s][info][gc       ] GC(62) Pause Final Roots 0.002ms
[49.565s][info][safepoint] Safepoint "ShenandoahFinalRoots", Time since last: 3190791 ns, Reaching safepoint: 33998 ns, At safepoint: 179197 ns, Total: 213195 ns
[50.163s][info][gc       ] Trigger: Average GC time (224.41 ms) is above the time for average allocation rate (2908 MB/s) to deplete free headroom (648M) (margin of error = 1.82)
[50.166s][info][gc       ] GC(63) Concurrent reset 2.297ms
[50.170s][info][gc       ] GC(63) Pause Init Mark (unload classes) 0.262ms
[50.170s][info][safepoint] Safepoint "ShenandoahInitMark", Time since last: 601296802 ns, Reaching safepoint: 3057820 ns, At safepoint: 647032 ns, Total: 3704852 ns
[50.171s][info][gc       ] GC(63) Concurrent marking roots 0.319ms
[50.368s][info][gc       ] GC(63) Concurrent marking (unload classes) 196.156ms
[50.372s][info][gc       ] GC(63) Pause Final Mark (unload classes) 0.948ms
[50.373s][info][safepoint] Safepoint "ShenandoahFinalMarkStartEvac", Time since last: 198042223 ns, Reaching safepoint: 3012093 ns, At safepoint: 1622627 ns, Total: 4634720 ns
[50.374s][info][gc       ] GC(63) Concurrent weak references 0.177ms
[50.374s][info][gc       ] GC(63) Concurrent weak roots 0.287ms
[50.375s][info][gc       ] GC(63) Concurrent cleanup 4352M->2228M(5120M) 0.146ms
[50.376s][info][gc       ] GC(63) Concurrent class unloading 0.546ms
[50.379s][info][gc       ] GC(63) Pause Final Roots 0.003ms
[50.379s][info][safepoint] Safepoint "ShenandoahFinalRoots", Time since last: 2886736 ns, Reaching safepoint: 2943073 ns, At safepoint: 258555 ns, Total: 3201628 ns
[50.842s][info][gc       ] Trigger: Average GC time (224.47 ms) is above the time for average allocation rate (2988 MB/s) to deplete free headroom (650M) (margin of error = 1.81)
[50.846s][info][gc       ] GC(64) Concurrent reset 2.878ms
[50.850s][info][gc       ] GC(64) Pause Init Mark (unload classes) 0.274ms
[50.850s][info][safepoint] Safepoint "ShenandoahInitMark", Time since last: 467244764 ns, Reaching safepoint: 3123071 ns, At safepoint: 843291 ns, Total: 3966362 ns
[50.851s][info][gc       ] GC(64) Concurrent marking roots 0.348ms
[50.910s][info][gc       ] GC(64) Concurrent marking (unload classes) 58.447ms
[50.911s][info][gc       ] GC(64) Pause Final Mark (unload classes) 0.759ms
[50.912s][info][safepoint] Safepoint "ShenandoahFinalMarkStartEvac", Time since last: 60279713 ns, Reaching safepoint: 152175 ns, At safepoint: 1136463 ns, Total: 1288638 ns
[50.912s][info][gc       ] GC(64) Concurrent weak references 0.097ms
[50.916s][info][gc       ] GC(64) Concurrent weak roots 3.416ms
[50.916s][info][gc       ] GC(64) Concurrent cleanup 4243M->847M(5120M) 0.173ms
[50.920s][info][gc       ] GC(64) Concurrent class unloading 3.722ms
[50.924s][info][gc       ] GC(64) Pause Final Roots 0.002ms
[50.924s][info][safepoint] Safepoint "ShenandoahFinalRoots", Time since last: 8969059 ns, Reaching safepoint: 2890267 ns, At safepoint: 212983 ns, Total: 3103250 ns
[51.791s][info][gc       ] Trigger: Average GC time (263.79 ms) is above the time for average allocation rate (2974 MB/s) to deplete free headroom (784M) (margin of error = 1.78)
[51.792s][info][gc       ] GC(65) Concurrent reset 1.190ms
[51.796s][info][gc       ] GC(65) Pause Init Mark (unload classes) 0.126ms
[51.797s][info][safepoint] Safepoint "ShenandoahInitMark", Time since last: 869066727 ns, Reaching safepoint: 3126181 ns, At safepoint: 717959 ns, Total: 3844140 ns
[51.798s][info][gc       ] GC(65) Concurrent marking roots 0.338ms
[52.021s][info][gc       ] GC(65) Concurrent marking (unload classes) 222.865ms
[52.025s][info][gc       ] GC(65) Pause Final Mark (unload classes) 0.645ms
[52.026s][info][safepoint] Safepoint "ShenandoahFinalMarkStartEvac", Time since last: 224925487 ns, Reaching safepoint: 3145779 ns, At safepoint: 1128859 ns, Total: 4274638 ns
[52.027s][info][gc       ] GC(65) Concurrent weak references 0.204ms
[52.027s][info][gc       ] GC(65) Concurrent weak roots 0.382ms
[52.028s][info][gc       ] GC(65) Concurrent cleanup 4283M->2298M(5120M) 0.161ms
[52.029s][info][gc       ] GC(65) Concurrent class unloading 0.566ms
[52.032s][info][gc       ] GC(65) Pause Final Roots 0.003ms
[52.032s][info][safepoint] Safepoint "ShenandoahFinalRoots", Time since last: 2791964 ns, Reaching safepoint: 3370960 ns, At safepoint: 164313 ns, Total: 3535273 ns
[52.565s][info][gc       ] Trigger: Average GC time (311.88 ms) is above the time for average allocation rate (2737 MB/s) to deplete free headroom (846M) (margin of error = 1.78)
[52.568s][info][gc       ] GC(66) Concurrent reset 2.532ms
[52.570s][info][gc       ] GC(66) Pause Init Mark (unload classes) 0.105ms
[52.570s][info][safepoint] Safepoint "ShenandoahInitMark", Time since last: 536718890 ns, Reaching safepoint: 970337 ns, At safepoint: 472040 ns, Total: 1442377 ns
[52.571s][info][gc       ] GC(66) Concurrent marking roots 0.332ms
[52.791s][info][gc       ] GC(66) Concurrent marking (unload classes) 219.548ms
[52.793s][info][gc       ] GC(66) Pause Final Mark (unload classes) 0.796ms
[52.793s][info][safepoint] Safepoint "ShenandoahFinalMarkStartEvac", Time since last: 221153076 ns, Reaching safepoint: 549524 ns, At safepoint: 1149584 ns, Total: 1699108 ns
[52.794s][info][gc       ] GC(66) Concurrent weak references 0.087ms
[52.795s][info][gc       ] GC(66) Concurrent weak roots 0.567ms
[52.796s][info][gc       ] GC(66) Concurrent cleanup 4242M->2312M(5120M) 0.299ms
[52.797s][info][gc       ] GC(66) Concurrent class unloading 0.707ms
[52.800s][info][gc       ] GC(66) Pause Final Roots 0.002ms
[52.800s][info][safepoint] Safepoint "ShenandoahFinalRoots", Time since last: 3607966 ns, Reaching safepoint: 2915045 ns, At safepoint: 141137 ns, Total: 3056182 ns
[53.281s][info][gc       ] Trigger: Average GC time (304.75 ms) is above the time for average allocation rate (2925 MB/s) to deplete free headroom (884M) (margin of error = 1.78)
[53.283s][info][gc       ] GC(67) Concurrent reset 2.340ms
[53.287s][info][gc       ] GC(67) Pause Init Mark (unload classes) 0.146ms
[53.287s][info][safepoint] Safepoint "ShenandoahInitMark", Time since last: 483603585 ns, Reaching safepoint: 2866006 ns, At safepoint: 283848 ns, Total: 3149854 ns
[53.287s][info][gc       ] GC(67) Concurrent marking roots 0.206ms
[53.452s][info][gc       ] GC(67) Concurrent marking (unload classes) 165.025ms
[53.457s][info][gc       ] GC(67) Pause Final Mark (unload classes) 0.685ms
[53.457s][info][safepoint] Safepoint "ShenandoahFinalMarkStartEvac", Time since last: 166167346 ns, Reaching safepoint: 3013547 ns, At safepoint: 859757 ns, Total: 3873304 ns
[53.457s][info][gc       ] GC(67) Concurrent weak references 0.043ms
[53.457s][info][gc       ] GC(67) Concurrent weak roots 0.209ms
[53.458s][info][gc       ] GC(67) Concurrent cleanup 4156M->2266M(5120M) 0.141ms
[53.458s][info][gc       ] GC(67) Concurrent class unloading 0.473ms
[53.461s][info][gc       ] GC(67) Pause Final Roots 0.002ms
[53.461s][info][safepoint] Safepoint "ShenandoahFinalRoots", Time since last: 1412097 ns, Reaching safepoint: 2894719 ns, At safepoint: 116247 ns, Total: 3010966 ns
[54.008s][info][gc       ] Trigger: Average GC time (268.00 ms) is above the time for average allocation rate (2845 MB/s) to deplete free headroom (760M) (margin of error = 1.78)
[54.011s][info][gc       ] GC(68) Concurrent reset 2.636ms
[54.014s][info][gc       ] GC(68) Pause Init Mark (unload classes) 0.224ms
[54.015s][info][safepoint] Safepoint "ShenandoahInitMark", Time since last: 550041659 ns, Reaching safepoint: 2996938 ns, At safepoint: 480102 ns, Total: 3477040 ns
[54.015s][info][gc       ] GC(68) Concurrent marking roots 0.211ms
[54.202s][info][gc       ] GC(68) Concurrent marking (unload classes) 186.890ms
[54.207s][info][gc       ] GC(68) Pause Final Mark (unload classes) 0.765ms
[54.207s][info][safepoint] Safepoint "ShenandoahFinalMarkStartEvac", Time since last: 188308240 ns, Reaching safepoint: 3084209 ns, At safepoint: 1228726 ns, Total: 4312935 ns
[54.208s][info][gc       ] GC(68) Concurrent weak references 0.167ms
[54.209s][info][gc       ] GC(68) Concurrent weak roots 0.473ms
[54.210s][info][gc       ] GC(68) Concurrent cleanup 4240M->2224M(5120M) 0.149ms
[54.211s][info][gc       ] GC(68) Concurrent class unloading 0.611ms
[54.211s][info][gc       ] GC(68) Pause Final Roots 0.002ms
[54.211s][info][safepoint] Safepoint "ShenandoahFinalRoots", Time since last: 3689878 ns, Reaching safepoint: 33267 ns, At safepoint: 111917 ns, Total: 145184 ns
[54.859s][info][gc       ] Trigger: Average GC time (250.50 ms) is above the time for average allocation rate (2692 MB/s) to deplete free headroom (664M) (margin of error = 1.78)
[54.862s][info][gc       ] GC(69) Concurrent reset 2.402ms
[54.866s][info][gc       ] GC(69) Pause Init Mark (unload classes) 0.132ms
[54.866s][info][safepoint] Safepoint "ShenandoahInitMark", Time since last: 651483932 ns, Reaching safepoint: 3125130 ns, At safepoint: 401016 ns, Total: 3526146 ns
[54.867s][info][gc       ] GC(69) Concurrent marking roots 0.230ms
[55.038s][info][gc       ] GC(69) Concurrent marking (unload classes) 170.941ms
[55.042s][info][gc       ] GC(69) Pause Final Mark (unload classes) 0.572ms
[55.042s][info][safepoint] Safepoint "ShenandoahFinalMarkStartEvac", Time since last: 172073336 ns, Reaching safepoint: 2984200 ns, At safepoint: 934288 ns, Total: 3918488 ns
[55.043s][info][gc       ] GC(69) Concurrent weak references 0.076ms
[55.043s][info][gc       ] GC(69) Concurrent weak roots 0.255ms
[55.043s][info][gc       ] GC(69) Concurrent cleanup 4374M->2262M(5120M) 0.145ms
[55.044s][info][gc       ] GC(69) Concurrent class unloading 0.519ms
[55.047s][info][gc       ] GC(69) Pause Final Roots 0.003ms
[55.047s][info][safepoint] Safepoint "ShenandoahFinalRoots", Time since last: 1672938 ns, Reaching safepoint: 2899893 ns, At safepoint: 134327 ns, Total: 3034220 ns
[55.627s][info][gc       ] Trigger: Average GC time (231.13 ms) is above the time for average allocation rate (2875 MB/s) to deplete free headroom (656M) (margin of error = 1.78)
[55.630s][info][gc       ] GC(70) Concurrent reset 2.839ms
[55.634s][info][gc       ] GC(70) Pause Init Mark (unload classes) 0.187ms
[55.634s][info][safepoint] Safepoint "ShenandoahInitMark", Time since last: 583569706 ns, Reaching safepoint: 3083618 ns, At safepoint: 615327 ns, Total: 3698945 ns
[55.635s][info][gc       ] GC(70) Concurrent marking roots 0.254ms
[55.859s][info][gc       ] GC(70) Concurrent marking (unload classes) 224.110ms
[55.863s][info][gc       ] GC(70) Pause Final Mark (unload classes) 0.505ms
[55.863s][info][safepoint] Safepoint "ShenandoahFinalMarkStartEvac", Time since last: 225733480 ns, Reaching safepoint: 2179208 ns, At safepoint: 795956 ns, Total: 2975164 ns
[55.864s][info][gc       ] GC(70) Concurrent weak references 0.189ms
[55.864s][info][gc       ] GC(70) Concurrent weak roots 0.411ms
[55.865s][info][gc       ] GC(70) Concurrent cleanup 4518M->2398M(5120M) 0.180ms
[55.865s][info][gc       ] GC(70) Concurrent class unloading 0.489ms
[55.868s][info][gc       ] GC(70) Pause Final Roots 0.002ms
[55.868s][info][safepoint] Safepoint "ShenandoahFinalRoots", Time since last: 2562053 ns, Reaching safepoint: 2891771 ns, At safepoint: 133474 ns, Total: 3025245 ns
[56.373s][info][gc       ] Trigger: Average GC time (267.94 ms) is above the time for average allocation rate (2859 MB/s) to deplete free headroom (762M) (margin of error = 1.78)
[56.376s][info][gc       ] GC(71) Concurrent reset 2.539ms
[56.380s][info][gc       ] GC(71) Pause Init Mark (unload classes) 0.239ms
[56.380s][info][safepoint] Safepoint "ShenandoahInitMark", Time since last: 507737973 ns, Reaching safepoint: 3088327 ns, At safepoint: 618996 ns, Total: 3707323 ns
[56.381s][info][gc       ] GC(71) Concurrent marking roots 0.265ms
[56.553s][info][gc       ] GC(71) Concurrent marking (unload classes) 172.466ms
[56.558s][info][gc       ] GC(71) Pause Final Mark (unload classes) 0.702ms
[56.558s][info][safepoint] Safepoint "ShenandoahFinalMarkStartEvac", Time since last: 173848869 ns, Reaching safepoint: 3078000 ns, At safepoint: 1132002 ns, Total: 4210002 ns
[56.558s][info][gc       ] GC(71) Concurrent weak references 0.106ms
[56.559s][info][gc       ] GC(71) Concurrent weak roots 0.457ms
[56.560s][info][gc       ] GC(71) Concurrent cleanup 4274M->2260M(5120M) 0.156ms
[56.560s][info][gc       ] GC(71) Concurrent class unloading 0.582ms
[56.562s][info][gc       ] GC(71) Pause Final Roots 0.003ms
[56.562s][info][safepoint] Safepoint "ShenandoahFinalRoots", Time since last: 2649891 ns, Reaching safepoint: 1369874 ns, At safepoint: 188662 ns, Total: 1558536 ns
[57.137s][info][gc       ] Trigger: Average GC time (247.14 ms) is above the time for average allocation rate (2915 MB/s) to deplete free headroom (714M) (margin of error = 1.78)
[57.140s][info][gc       ] GC(72) Concurrent reset 2.440ms
[57.144s][info][gc       ] GC(72) Pause Init Mark (unload classes) 0.247ms
[57.144s][info][safepoint] Safepoint "ShenandoahInitMark", Time since last: 578116050 ns, Reaching safepoint: 3104397 ns, At safepoint: 719403 ns, Total: 3823800 ns
[57.145s][info][gc       ] GC(72) Concurrent marking roots 0.348ms
[57.321s][info][gc       ] GC(72) Concurrent marking (unload classes) 175.663ms
[57.325s][info][gc       ] GC(72) Pause Final Mark (unload classes) 0.581ms
[57.325s][info][safepoint] Safepoint "ShenandoahFinalMarkStartEvac", Time since last: 177370896 ns, Reaching safepoint: 3018526 ns, At safepoint: 819289 ns, Total: 3837815 ns
[57.326s][info][gc       ] GC(72) Concurrent weak references 0.050ms
[57.326s][info][gc       ] GC(72) Concurrent weak roots 0.254ms
[57.326s][info][gc       ] GC(72) Concurrent cleanup 4342M->2278M(5120M) 0.156ms
[57.327s][info][gc       ] GC(72) Concurrent class unloading 0.557ms
[57.330s][info][gc       ] GC(72) Pause Final Roots 0.003ms
[57.330s][info][safepoint] Safepoint "ShenandoahFinalRoots", Time since last: 1608242 ns, Reaching safepoint: 2913568 ns, At safepoint: 142242 ns, Total: 3055810 ns
[57.947s][info][gc       ] Trigger: Average GC time (230.44 ms) is above the time for average allocation rate (2738 MB/s) to deplete free headroom (628M) (margin of error = 1.78)
[57.950s][info][gc       ] GC(73) Concurrent reset 2.665ms
[57.954s][info][gc       ] GC(73) Pause Init Mark (unload classes) 0.149ms
[57.954s][info][safepoint] Safepoint "ShenandoahInitMark", Time since last: 620371152 ns, Reaching safepoint: 3149871 ns, At safepoint: 834715 ns, Total: 3984586 ns
[57.955s][info][gc       ] GC(73) Concurrent marking roots 0.501ms
[58.125s][info][gc       ] GC(73) Concurrent marking (unload classes) 169.216ms
[58.129s][info][gc       ] GC(73) Pause Final Mark (unload classes) 0.597ms
[58.129s][info][safepoint] Safepoint "ShenandoahFinalMarkStartEvac", Time since last: 170881291 ns, Reaching safepoint: 3069736 ns, At safepoint: 853864 ns, Total: 3923600 ns
[58.129s][info][gc       ] GC(73) Concurrent weak references 0.104ms
[58.130s][info][gc       ] GC(73) Concurrent weak roots 0.260ms
[58.130s][info][gc       ] GC(73) Concurrent cleanup 4412M->2264M(5120M) 0.160ms
[58.131s][info][gc       ] GC(73) Concurrent class unloading 0.560ms
[58.132s][info][gc       ] GC(73) Pause Final Roots 0.003ms
[58.132s][info][safepoint] Safepoint "ShenandoahFinalRoots", Time since last: 1805691 ns, Reaching safepoint: 1005223 ns, At safepoint: 87897 ns, Total: 1093120 ns
[58.794s][info][gc       ] Trigger: Average GC time (217.22 ms) is above the time for average allocation rate (2700 MB/s) to deplete free headroom (580M) (margin of error = 1.78)
[58.797s][info][gc       ] GC(74) Concurrent reset 2.670ms
[58.801s][info][gc       ] GC(74) Pause Init Mark (unload classes) 0.195ms
[58.801s][info][safepoint] Safepoint "ShenandoahInitMark", Time since last: 665277199 ns, Reaching safepoint: 3120341 ns, At safepoint: 680189 ns, Total: 3800530 ns
[58.802s][info][gc       ] GC(74) Concurrent marking roots 0.331ms
[58.997s][info][gc       ] GC(74) Concurrent marking (unload classes) 195.149ms
[59.002s][info][gc       ] GC(74) Pause Final Mark (unload classes) 0.563ms
[59.002s][info][safepoint] Safepoint "ShenandoahFinalMarkStartEvac", Time since last: 197040640 ns, Reaching safepoint: 3144144 ns, At safepoint: 956549 ns, Total: 4100693 ns
[59.003s][info][gc       ] GC(74) Concurrent weak references 0.089ms
[59.003s][info][gc       ] GC(74) Concurrent weak roots 0.266ms
[59.004s][info][gc       ] GC(74) Concurrent cleanup 4514M->2316M(5120M) 0.156ms
[59.004s][info][gc       ] GC(74) Concurrent class unloading 0.581ms
[59.007s][info][gc       ] GC(74) Pause Final Roots 0.002ms
[59.008s][info][safepoint] Safepoint "ShenandoahFinalRoots", Time since last: 2158493 ns, Reaching safepoint: 2981067 ns, At safepoint: 130402 ns, Total: 3111469 ns
[59.613s][info][gc       ] Trigger: Average GC time (229.42 ms) is above the time for average allocation rate (2702 MB/s) to deplete free headroom (612M) (margin of error = 1.79)
[59.616s][info][gc       ] GC(75) Concurrent reset 3.187ms
[59.620s][info][gc       ] GC(75) Pause Init Mark (unload classes) 0.119ms
[59.620s][info][safepoint] Safepoint "ShenandoahInitMark", Time since last: 609129481 ns, Reaching safepoint: 2872908 ns, At safepoint: 311423 ns, Total: 3184331 ns
[59.620s][info][gc       ] GC(75) Concurrent marking roots 0.326ms
[59.803s][info][gc       ] GC(75) Concurrent marking (unload classes) 182.086ms
[59.807s][info][gc       ] GC(75) Pause Final Mark (unload classes) 0.603ms
[59.807s][info][safepoint] Safepoint "ShenandoahFinalMarkStartEvac", Time since last: 183114620 ns, Reaching safepoint: 2996836 ns, At safepoint: 833444 ns, Total: 3830280 ns
[59.807s][info][gc       ] GC(75) Concurrent weak references 0.080ms
[59.808s][info][gc       ] GC(75) Concurrent weak roots 0.270ms
[59.808s][info][gc       ] GC(75) Concurrent cleanup 4476M->2314M(5120M) 0.157ms
[59.809s][info][gc       ] GC(75) Concurrent class unloading 0.598ms
[59.812s][info][gc       ] GC(75) Pause Final Roots 0.002ms
[59.812s][info][safepoint] Safepoint "ShenandoahFinalRoots", Time since last: 2151336 ns, Reaching safepoint: 2895870 ns, At safepoint: 97129 ns, Total: 2992999 ns
[60.432s][info][gc       ] Trigger: Average GC time (220.11 ms) is above the time for average allocation rate (2754 MB/s) to deplete free headroom (590M) (margin of error = 1.80)
[60.435s][info][gc       ] GC(76) Concurrent reset 2.448ms
[60.438s][info][gc       ] GC(76) Pause Init Mark (unload classes) 0.112ms
[60.438s][info][safepoint] Safepoint "ShenandoahInitMark", Time since last: 623162135 ns, Reaching safepoint: 2915598 ns, At safepoint: 250581 ns, Total: 3166179 ns
[60.439s][info][gc       ] GC(76) Concurrent marking roots 0.190ms
[60.607s][info][gc       ] GC(76) Concurrent marking (unload classes) 167.953ms
[60.610s][info][gc       ] GC(76) Pause Final Mark (unload classes) 0.582ms
[60.611s][info][safepoint] Safepoint "ShenandoahFinalMarkStartEvac", Time since last: 168736859 ns, Reaching safepoint: 2874170 ns, At safepoint: 892223 ns, Total: 3766393 ns
[60.611s][info][gc       ] GC(76) Concurrent weak references 0.110ms
[60.611s][info][gc       ] GC(76) Concurrent weak roots 0.225ms
[60.612s][info][gc       ] GC(76) Concurrent cleanup 4440M->2258M(5120M) 0.149ms
[60.612s][info][gc       ] GC(76) Concurrent class unloading 0.543ms
[60.615s][info][gc       ] GC(76) Pause Final Roots 0.005ms
[60.615s][info][safepoint] Safepoint "ShenandoahFinalRoots", Time since last: 1666143 ns, Reaching safepoint: 2880818 ns, At safepoint: 171432 ns, Total: 3052250 ns
[61.247s][info][gc       ] Trigger: Average GC time (212.81 ms) is above the time for average allocation rate (2861 MB/s) to deplete free headroom (604M) (margin of error = 1.79)
[61.250s][info][gc       ] GC(77) Concurrent reset 2.580ms
[61.254s][info][gc       ] GC(77) Pause Init Mark (unload classes) 0.122ms
[61.254s][info][safepoint] Safepoint "ShenandoahInitMark", Time since last: 635060158 ns, Reaching safepoint: 3031594 ns, At safepoint: 448125 ns, Total: 3479719 ns
[61.255s][info][gc       ] GC(77) Concurrent marking roots 0.234ms
[61.427s][info][gc       ] GC(77) Concurrent marking (unload classes) 172.193ms
[61.431s][info][gc       ] GC(77) Pause Final Mark (unload classes) 0.481ms
[61.431s][info][safepoint] Safepoint "ShenandoahFinalMarkStartEvac", Time since last: 173372054 ns, Reaching safepoint: 3049466 ns, At safepoint: 799595 ns, Total: 3849061 ns
[61.432s][info][gc       ] GC(77) Concurrent weak references 0.080ms
[61.432s][info][gc       ] GC(77) Concurrent weak roots 0.304ms
[61.433s][info][gc       ] GC(77) Concurrent cleanup 4454M->2284M(5120M) 0.158ms
[61.434s][info][gc       ] GC(77) Concurrent class unloading 0.528ms
[61.437s][info][gc       ] GC(77) Pause Final Roots 0.003ms
[61.437s][info][safepoint] Safepoint "ShenandoahFinalRoots", Time since last: 2655303 ns, Reaching safepoint: 2911603 ns, At safepoint: 275433 ns, Total: 3187036 ns
[62.067s][info][gc       ] Trigger: Average GC time (205.74 ms) is above the time for average allocation rate (2841 MB/s) to deplete free headroom (580M) (margin of error = 1.79)
[62.070s][info][gc       ] GC(78) Concurrent reset 2.476ms
[62.073s][info][gc       ] GC(78) Pause Init Mark (unload classes) 0.260ms
[62.074s][info][safepoint] Safepoint "ShenandoahInitMark", Time since last: 633043234 ns, Reaching safepoint: 3105887 ns, At safepoint: 712254 ns, Total: 3818141 ns
[62.075s][info][gc       ] GC(78) Concurrent marking roots 0.371ms
[62.251s][info][gc       ] GC(78) Concurrent marking (unload classes) 175.986ms
[62.255s][info][gc       ] GC(78) Pause Final Mark (unload classes) 0.582ms
[62.256s][info][safepoint] Safepoint "ShenandoahFinalMarkStartEvac", Time since last: 177811701 ns, Reaching safepoint: 3150448 ns, At safepoint: 965175 ns, Total: 4115623 ns
[62.256s][info][gc       ] GC(78) Concurrent weak references 0.144ms
[62.257s][info][gc       ] GC(78) Concurrent weak roots 0.276ms
[62.257s][info][gc       ] GC(78) Concurrent cleanup 4460M->2264M(5120M) 0.158ms
[62.258s][info][gc       ] GC(78) Concurrent class unloading 0.530ms
[62.261s][info][gc       ] GC(78) Pause Final Roots 0.003ms
[62.261s][info][safepoint] Safepoint "ShenandoahFinalRoots", Time since last: 2062982 ns, Reaching safepoint: 2914953 ns, At safepoint: 206325 ns, Total: 3121278 ns
[62.781s][info][gc       ] Trigger: Average GC time (203.33 ms) is above the time for average allocation rate (3959 MB/s) to deplete free headroom (628M) (margin of error = 1.78)
[62.785s][info][gc       ] GC(79) Concurrent reset 3.500ms
[62.788s][info][gc       ] GC(79) Pause Init Mark (unload classes) 0.102ms
[62.789s][info][safepoint] Safepoint "ShenandoahInitMark", Time since last: 524158305 ns, Reaching safepoint: 3005211 ns, At safepoint: 347741 ns, Total: 3352952 ns
[62.789s][info][gc       ] GC(79) Concurrent marking roots 0.271ms
[62.822s][info][gc       ] GC(79) Concurrent marking (unload classes) 32.667ms
[62.826s][info][gc       ] GC(79) Pause Final Mark (unload classes) 0.583ms
[62.826s][info][safepoint] Safepoint "ShenandoahFinalMarkStartEvac", Time since last: 33860946 ns, Reaching safepoint: 3102092 ns, At safepoint: 825980 ns, Total: 3928072 ns
[62.827s][info][gc       ] GC(79) Concurrent weak references 0.074ms
[62.827s][info][gc       ] GC(79) Concurrent weak roots 0.299ms
[62.828s][info][gc       ] GC(79) Concurrent cleanup 4149M->510M(5120M) 0.167ms
[62.828s][info][gc       ] GC(79) Concurrent class unloading 0.552ms
[62.831s][info][gc       ] GC(79) Pause Final Roots 0.003ms
[62.831s][info][safepoint] Safepoint "ShenandoahFinalRoots", Time since last: 1923331 ns, Reaching safepoint: 2929502 ns, At safepoint: 117888 ns, Total: 3047390 ns
[63.780s][info][gc       ] Trigger: Average GC time (246.40 ms) is above the time for average allocation rate (2928 MB/s) to deplete free headroom (720M) (margin of error = 1.75)
[63.782s][info][gc       ] GC(80) Concurrent reset 0.733ms
[63.785s][info][gc       ] GC(80) Pause Init Mark (unload classes) 0.121ms
[63.786s][info][safepoint] Safepoint "ShenandoahInitMark", Time since last: 950824297 ns, Reaching safepoint: 3073919 ns, At safepoint: 410309 ns, Total: 3484228 ns
[63.786s][info][gc       ] GC(80) Concurrent marking roots 0.413ms
[63.955s][info][gc       ] GC(80) Concurrent marking (unload classes) 168.352ms
[63.959s][info][gc       ] GC(80) Pause Final Mark (unload classes) 0.575ms
[63.960s][info][safepoint] Safepoint "ShenandoahFinalMarkStartEvac", Time since last: 170073796 ns, Reaching safepoint: 3033522 ns, At safepoint: 1082329 ns, Total: 4115851 ns
[63.960s][info][gc       ] GC(80) Concurrent weak references 0.053ms
[63.961s][info][gc       ] GC(80) Concurrent weak roots 0.268ms
[63.961s][info][gc       ] GC(80) Concurrent cleanup 4321M->2270M(5120M) 0.152ms
[63.962s][info][gc       ] GC(80) Concurrent class unloading 0.456ms
[63.965s][info][gc       ] GC(80) Pause Final Roots 0.004ms
[63.965s][info][safepoint] Safepoint "ShenandoahFinalRoots", Time since last: 2316779 ns, Reaching safepoint: 3037173 ns, At safepoint: 227018 ns, Total: 3264191 ns
[64.547s][info][gc       ] Trigger: Average GC time (257.47 ms) is above the time for average allocation rate (2821 MB/s) to deplete free headroom (716M) (margin of error = 1.75)
[64.550s][info][gc       ] GC(81) Concurrent reset 2.619ms
[64.553s][info][gc       ] GC(81) Pause Init Mark (unload classes) 0.121ms
[64.554s][info][safepoint] Safepoint "ShenandoahInitMark", Time since last: 584696373 ns, Reaching safepoint: 3120461 ns, At safepoint: 451719 ns, Total: 3572180 ns
[64.554s][info][gc       ] GC(81) Concurrent marking roots 0.255ms
[64.721s][info][gc       ] GC(81) Concurrent marking (unload classes) 166.116ms
[64.725s][info][gc       ] GC(81) Pause Final Mark (unload classes) 0.565ms
[64.725s][info][safepoint] Safepoint "ShenandoahFinalMarkStartEvac", Time since last: 167299341 ns, Reaching safepoint: 3063428 ns, At safepoint: 797556 ns, Total: 3860984 ns
[64.725s][info][gc       ] GC(81) Concurrent weak references 0.042ms
[64.726s][info][gc       ] GC(81) Concurrent weak roots 0.301ms
[64.726s][info][gc       ] GC(81) Concurrent cleanup 4334M->2276M(5120M) 0.146ms
[64.727s][info][gc       ] GC(81) Concurrent class unloading 0.590ms
[64.730s][info][gc       ] GC(81) Pause Final Roots 0.004ms
[64.730s][info][safepoint] Safepoint "ShenandoahFinalRoots", Time since last: 1876231 ns, Reaching safepoint: 3111616 ns, At safepoint: 238885 ns, Total: 3350501 ns
[65.296s][info][gc       ] Trigger: Average GC time (246.58 ms) is above the time for average allocation rate (2878 MB/s) to deplete free headroom (698M) (margin of error = 1.75)
[65.299s][info][gc       ] GC(82) Concurrent reset 2.693ms
[65.303s][info][gc       ] GC(82) Pause Init Mark (unload classes) 0.133ms
[65.303s][info][safepoint] Safepoint "ShenandoahInitMark", Time since last: 569593627 ns, Reaching safepoint: 2974002 ns, At safepoint: 403950 ns, Total: 3377952 ns
[65.304s][info][gc       ] GC(82) Concurrent marking roots 0.311ms
[65.521s][info][gc       ] GC(82) Concurrent marking (unload classes) 216.969ms
[65.526s][info][gc       ] GC(82) Pause Final Mark (unload classes) 0.803ms
[65.526s][info][safepoint] Safepoint "ShenandoahFinalMarkStartEvac", Time since last: 218594819 ns, Reaching safepoint: 3184281 ns, At safepoint: 1508655 ns, Total: 4692936 ns
[65.527s][info][gc       ] GC(82) Concurrent weak references 0.198ms
[65.528s][info][gc       ] GC(82) Concurrent weak roots 0.394ms
[65.529s][info][gc       ] GC(82) Concurrent cleanup 4364M->2284M(5120M) 0.161ms
[65.530s][info][gc       ] GC(82) Concurrent class unloading 0.775ms
[65.532s][info][gc       ] GC(82) Pause Final Roots 0.004ms
[65.532s][info][safepoint] Safepoint "ShenandoahFinalRoots", Time since last: 4174803 ns, Reaching safepoint: 1627456 ns, At safepoint: 291588 ns, Total: 1919044 ns
[66.104s][info][gc       ] Trigger: Average GC time (283.60 ms) is above the time for average allocation rate (2711 MB/s) to deplete free headroom (760M) (margin of error = 1.75)
[66.107s][info][gc       ] GC(83) Concurrent reset 2.524ms
[66.110s][info][gc       ] GC(83) Pause Init Mark (unload classes) 0.125ms
[66.111s][info][safepoint] Safepoint "ShenandoahInitMark", Time since last: 574636355 ns, Reaching safepoint: 3032297 ns, At safepoint: 483909 ns, Total: 3516206 ns
[66.111s][info][gc       ] GC(83) Concurrent marking roots 0.304ms
[66.325s][info][gc       ] GC(83) Concurrent marking (unload classes) 213.444ms
[66.329s][info][gc       ] GC(83) Pause Final Mark (unload classes) 0.479ms
[66.330s][info][safepoint] Safepoint "ShenandoahFinalMarkStartEvac", Time since last: 215315172 ns, Reaching safepoint: 3018951 ns, At safepoint: 699789 ns, Total: 3718740 ns
[66.330s][info][gc       ] GC(83) Concurrent weak references 0.067ms
[66.330s][info][gc       ] GC(83) Concurrent weak roots 0.312ms
[66.331s][info][gc       ] GC(83) Concurrent cleanup 4396M->2378M(5120M) 0.171ms
[66.332s][info][gc       ] GC(83) Concurrent class unloading 0.544ms
[66.332s][info][gc       ] GC(83) Pause Final Roots 0.003ms
[66.332s][info][safepoint] Safepoint "ShenandoahFinalRoots", Time since last: 2051615 ns, Reaching safepoint: 306664 ns, At safepoint: 124736 ns, Total: 431400 ns
[66.849s][info][gc       ] Trigger: Average GC time (277.04 ms) is above the time for average allocation rate (2819 MB/s) to deplete free headroom (770M) (margin of error = 1.75)
[66.852s][info][gc       ] GC(84) Concurrent reset 2.610ms
[66.856s][info][gc       ] GC(84) Pause Init Mark (unload classes) 0.143ms
[66.856s][info][safepoint] Safepoint "ShenandoahInitMark", Time since last: 520540803 ns, Reaching safepoint: 2948369 ns, At safepoint: 539296 ns, Total: 3487665 ns
[66.857s][info][gc       ] GC(84) Concurrent marking roots 0.307ms
[67.064s][info][gc       ] GC(84) Concurrent marking (unload classes) 206.906ms
[67.068s][info][gc       ] GC(84) Pause Final Mark (unload classes) 0.522ms
[67.068s][info][safepoint] Safepoint "ShenandoahFinalMarkStartEvac", Time since last: 208242832 ns, Reaching safepoint: 3002572 ns, At safepoint: 771968 ns, Total: 3774540 ns
[67.069s][info][gc       ] GC(84) Concurrent weak references 0.056ms
[67.069s][info][gc       ] GC(84) Concurrent weak roots 0.410ms
[67.070s][info][gc       ] GC(84) Concurrent cleanup 4232M->2224M(5120M) 0.169ms
[67.070s][info][gc       ] GC(84) Concurrent class unloading 0.535ms
[67.072s][info][gc       ] GC(84) Pause Final Roots 0.003ms
[67.072s][info][safepoint] Safepoint "ShenandoahFinalRoots", Time since last: 2342048 ns, Reaching safepoint: 1514766 ns, At safepoint: 140633 ns, Total: 1655399 ns
[67.711s][info][gc       ] Trigger: Average GC time (263.13 ms) is above the time for average allocation rate (2634 MB/s) to deplete free headroom (690M) (margin of error = 1.75)
[67.714s][info][gc       ] GC(85) Concurrent reset 3.020ms
[67.717s][info][gc       ] GC(85) Pause Init Mark (unload classes) 0.085ms
[67.717s][info][safepoint] Safepoint "ShenandoahInitMark", Time since last: 642052644 ns, Reaching safepoint: 2957508 ns, At safepoint: 314883 ns, Total: 3272391 ns
[67.718s][info][gc       ] GC(85) Concurrent marking roots 0.192ms
[67.914s][info][gc       ] GC(85) Concurrent marking (unload classes) 196.407ms
[67.919s][info][gc       ] GC(85) Pause Final Mark (unload classes) 0.570ms
[67.919s][info][safepoint] Safepoint "ShenandoahFinalMarkStartEvac", Time since last: 197664231 ns, Reaching safepoint: 2973138 ns, At safepoint: 949776 ns, Total: 3922914 ns
[67.920s][info][gc       ] GC(85) Concurrent weak references 0.183ms
[67.920s][info][gc       ] GC(85) Concurrent weak roots 0.322ms
[67.921s][info][gc       ] GC(85) Concurrent cleanup 4378M->2292M(5120M) 0.161ms
[67.922s][info][gc       ] GC(85) Concurrent class unloading 0.597ms
[67.922s][info][gc       ] GC(85) Pause Final Roots 0.003ms
[67.922s][info][safepoint] Safepoint "ShenandoahFinalRoots", Time since last: 2685162 ns, Reaching safepoint: 225610 ns, At safepoint: 140978 ns, Total: 366588 ns
[68.513s][info][gc       ] Trigger: Average GC time (247.08 ms) is above the time for average allocation rate (2824 MB/s) to deplete free headroom (692M) (margin of error = 1.75)
[68.517s][info][gc       ] GC(86) Concurrent reset 2.610ms
[68.520s][info][gc       ] GC(86) Pause Init Mark (unload classes) 0.094ms
[68.520s][info][safepoint] Safepoint "ShenandoahInitMark", Time since last: 594820463 ns, Reaching safepoint: 3101717 ns, At safepoint: 374677 ns, Total: 3476394 ns
[68.521s][info][gc       ] GC(86) Concurrent marking roots 0.273ms
[68.693s][info][gc       ] GC(86) Concurrent marking (unload classes) 171.674ms
[68.697s][info][gc       ] GC(86) Pause Final Mark (unload classes) 0.705ms
[68.698s][info][safepoint] Safepoint "ShenandoahFinalMarkStartEvac", Time since last: 173194492 ns, Reaching safepoint: 2968438 ns, At safepoint: 1145985 ns, Total: 4114423 ns
[68.698s][info][gc       ] GC(86) Concurrent weak references 0.052ms
[68.699s][info][gc       ] GC(86) Concurrent weak roots 0.372ms
[68.699s][info][gc       ] GC(86) Concurrent cleanup 4348M->2262M(5120M) 0.150ms
[68.700s][info][gc       ] GC(86) Concurrent class unloading 0.678ms
[68.702s][info][gc       ] GC(86) Pause Final Roots 0.003ms
[68.702s][info][safepoint] Safepoint "ShenandoahFinalRoots", Time since last: 2410327 ns, Reaching safepoint: 1855328 ns, At safepoint: 223264 ns, Total: 2078592 ns
[69.317s][info][gc       ] Trigger: Average GC time (234.29 ms) is above the time for average allocation rate (2760 MB/s) to deplete free headroom (636M) (margin of error = 1.75)
[69.320s][info][gc       ] GC(87) Concurrent reset 2.630ms
[69.324s][info][gc       ] GC(87) Pause Init Mark (unload classes) 0.269ms
[69.325s][info][safepoint] Safepoint "ShenandoahInitMark", Time since last: 618647595 ns, Reaching safepoint: 3157803 ns, At safepoint: 868626 ns, Total: 4026429 ns
[69.326s][info][gc       ] GC(87) Concurrent marking roots 0.377ms
[69.513s][info][gc       ] GC(87) Concurrent marking (unload classes) 187.215ms
[69.517s][info][gc       ] GC(87) Pause Final Mark (unload classes) 0.423ms
[69.517s][info][safepoint] Safepoint "ShenandoahFinalMarkStartEvac", Time since last: 188948324 ns, Reaching safepoint: 2892593 ns, At safepoint: 605060 ns, Total: 3497653 ns
[69.517s][info][gc       ] GC(87) Concurrent weak references 0.047ms
[69.518s][info][gc       ] GC(87) Concurrent weak roots 0.220ms
[69.518s][info][gc       ] GC(87) Concurrent cleanup 4310M->2168M(5120M) 0.166ms
[69.519s][info][gc       ] GC(87) Concurrent class unloading 0.579ms
[69.522s][info][gc       ] GC(87) Pause Final Roots 0.002ms
[69.522s][info][safepoint] Safepoint "ShenandoahFinalRoots", Time since last: 1614042 ns, Reaching safepoint: 2867063 ns, At safepoint: 142857 ns, Total: 3009920 ns
[70.177s][info][gc       ] Trigger: Average GC time (226.17 ms) is above the time for average allocation rate (2855 MB/s) to deplete free headroom (640M) (margin of error = 1.75)
[70.180s][info][gc       ] GC(88) Concurrent reset 2.632ms
[70.184s][info][gc       ] GC(88) Pause Init Mark (unload classes) 0.278ms
[70.184s][info][safepoint] Safepoint "ShenandoahInitMark", Time since last: 658208526 ns, Reaching safepoint: 3177876 ns, At safepoint: 855377 ns, Total: 4033253 ns
[70.185s][info][gc       ] GC(88) Concurrent marking roots 0.261ms
[70.358s][info][gc       ] GC(88) Concurrent marking (unload classes) 172.757ms
[70.363s][info][gc       ] GC(88) Pause Final Mark (unload classes) 0.760ms
[70.363s][info][safepoint] Safepoint "ShenandoahFinalMarkStartEvac", Time since last: 174408917 ns, Reaching safepoint: 3176279 ns, At safepoint: 1349886 ns, Total: 4526165 ns
[70.364s][info][gc       ] GC(88) Concurrent weak references 0.217ms
[70.365s][info][gc       ] GC(88) Concurrent weak roots 0.408ms
[70.365s][info][gc       ] GC(88) Concurrent cleanup 4424M->2288M(5120M) 0.152ms
[70.366s][info][gc       ] GC(88) Concurrent class unloading 0.642ms
[70.369s][info][gc       ] GC(88) Pause Final Roots 0.003ms
[70.369s][info][safepoint] Safepoint "ShenandoahFinalRoots", Time since last: 2838738 ns, Reaching safepoint: 2941301 ns, At safepoint: 202057 ns, Total: 3143358 ns
[71.005s][info][gc       ] Trigger: Average GC time (216.52 ms) is above the time for average allocation rate (2741 MB/s) to deplete free headroom (584M) (margin of error = 1.75)
[71.008s][info][gc       ] GC(89) Concurrent reset 2.623ms
[71.012s][info][gc       ] GC(89) Pause Init Mark (unload classes) 0.272ms
[71.012s][info][safepoint] Safepoint "ShenandoahInitMark", Time since last: 639161251 ns, Reaching safepoint: 3049094 ns, At safepoint: 813353 ns, Total: 3862447 ns
[71.013s][info][gc       ] GC(89) Concurrent marking roots 0.295ms
[71.179s][info][gc       ] GC(89) Concurrent marking (unload classes) 165.571ms
[71.183s][info][gc       ] GC(89) Pause Final Mark (unload classes) 0.653ms
[71.183s][info][safepoint] Safepoint "ShenandoahFinalMarkStartEvac", Time since last: 167640307 ns, Reaching safepoint: 2500636 ns, At safepoint: 953251 ns, Total: 3453887 ns
[71.184s][info][gc       ] GC(89) Concurrent weak references 0.132ms
[71.184s][info][gc       ] GC(89) Concurrent weak roots 0.267ms
[71.185s][info][gc       ] GC(89) Concurrent cleanup 4462M->2268M(5120M) 0.150ms
[71.186s][info][gc       ] GC(89) Concurrent class unloading 0.587ms
[71.189s][info][gc       ] GC(89) Pause Final Roots 0.003ms
[71.189s][info][safepoint] Safepoint "ShenandoahFinalRoots", Time since last: 2510982 ns, Reaching safepoint: 2899514 ns, At safepoint: 188380 ns, Total: 3087894 ns
[71.842s][info][gc       ] Trigger: Average GC time (208.70 ms) is above the time for average allocation rate (2732 MB/s) to deplete free headroom (564M) (margin of error = 1.75)
[71.845s][info][gc       ] GC(90) Concurrent reset 2.354ms
[71.849s][info][gc       ] GC(90) Pause Init Mark (unload classes) 0.188ms
[71.850s][info][safepoint] Safepoint "ShenandoahInitMark", Time since last: 657051172 ns, Reaching safepoint: 3173159 ns, At safepoint: 760615 ns, Total: 3933774 ns
[71.851s][info][gc       ] GC(90) Concurrent marking roots 0.367ms
[72.056s][info][gc       ] GC(90) Concurrent marking (unload classes) 205.007ms
[72.061s][info][gc       ] GC(90) Pause Final Mark (unload classes) 0.548ms
[72.061s][info][safepoint] Safepoint "ShenandoahFinalMarkStartEvac", Time since last: 207227850 ns, Reaching safepoint: 3095777 ns, At safepoint: 999639 ns, Total: 4095416 ns
[72.062s][info][gc       ] GC(90) Concurrent weak references 0.182ms
[72.063s][info][gc       ] GC(90) Concurrent weak roots 0.358ms
[72.063s][info][gc       ] GC(90) Concurrent cleanup 4468M->2258M(5120M) 0.175ms
[72.064s][info][gc       ] GC(90) Concurrent class unloading 0.624ms
[72.067s][info][gc       ] GC(90) Pause Final Roots 0.002ms
[72.067s][info][safepoint] Safepoint "ShenandoahFinalRoots", Time since last: 3142946 ns, Reaching safepoint: 2919878 ns, At safepoint: 249404 ns, Total: 3169282 ns
[72.737s][info][gc       ] Trigger: Average GC time (239.98 ms) is above the time for average allocation rate (2509 MB/s) to deplete free headroom (594M) (margin of error = 1.75)
[72.740s][info][gc       ] GC(91) Concurrent reset 2.529ms
[72.744s][info][gc       ] GC(91) Pause Init Mark (unload classes) 0.145ms
[72.744s][info][safepoint] Safepoint "ShenandoahInitMark", Time since last: 673137142 ns, Reaching safepoint: 3205901 ns, At safepoint: 720377 ns, Total: 3926278 ns
[72.746s][info][gc       ] GC(91) Concurrent marking roots 0.432ms
[72.943s][info][gc       ] GC(91) Concurrent marking (unload classes) 197.063ms
[72.947s][info][gc       ] GC(91) Pause Final Mark (unload classes) 0.563ms
[72.948s][info][safepoint] Safepoint "ShenandoahFinalMarkStartEvac", Time since last: 198968549 ns, Reaching safepoint: 3102338 ns, At safepoint: 949550 ns, Total: 4051888 ns
[72.948s][info][gc       ] GC(91) Concurrent weak references 0.084ms
[72.948s][info][gc       ] GC(91) Concurrent weak roots 0.269ms
[72.949s][info][gc       ] GC(91) Concurrent cleanup 4470M->2288M(5120M) 0.140ms
[72.950s][info][gc       ] GC(91) Concurrent class unloading 0.486ms
[72.952s][info][gc       ] GC(91) Pause Final Roots 0.002ms
[72.952s][info][safepoint] Safepoint "ShenandoahFinalRoots", Time since last: 2150195 ns, Reaching safepoint: 2340440 ns, At safepoint: 185532 ns, Total: 2525972 ns
[73.577s][info][gc       ] Trigger: Average GC time (234.83 ms) is above the time for average allocation rate (2732 MB/s) to deplete free headroom (636M) (margin of error = 1.75)
[73.580s][info][gc       ] GC(92) Concurrent reset 2.767ms
[73.584s][info][gc       ] GC(92) Pause Init Mark (unload classes) 0.247ms
[73.585s][info][safepoint] Safepoint "ShenandoahInitMark", Time since last: 628774660 ns, Reaching safepoint: 3132365 ns, At safepoint: 815279 ns, Total: 3947644 ns
[73.586s][info][gc       ] GC(92) Concurrent marking roots 0.256ms
[73.787s][info][gc       ] GC(92) Concurrent marking (unload classes) 201.540ms
[73.792s][info][gc       ] GC(92) Pause Final Mark (unload classes) 0.805ms
[73.793s][info][safepoint] Safepoint "ShenandoahFinalMarkStartEvac", Time since last: 203233814 ns, Reaching safepoint: 3120049 ns, At safepoint: 1452140 ns, Total: 4572189 ns
[73.793s][info][gc       ] GC(92) Concurrent weak references 0.171ms
[73.794s][info][gc       ] GC(92) Concurrent weak roots 0.368ms
[73.795s][info][gc       ] GC(92) Concurrent cleanup 4406M->2266M(5120M) 0.141ms
[73.795s][info][gc       ] GC(92) Concurrent class unloading 0.638ms
[73.796s][info][gc       ] GC(92) Pause Final Roots 0.003ms
[73.796s][info][safepoint] Safepoint "ShenandoahFinalRoots", Time since last: 2841878 ns, Reaching safepoint: 53920 ns, At safepoint: 378218 ns, Total: 432138 ns
[74.376s][info][gc       ] Trigger: Average GC time (232.73 ms) is above the time for average allocation rate (2867 MB/s) to deplete free headroom (658M) (margin of error = 1.75)
[74.380s][info][gc       ] GC(93) Concurrent reset 2.927ms
[74.384s][info][gc       ] GC(93) Pause Init Mark (unload classes) 0.271ms
[74.384s][info][safepoint] Safepoint "ShenandoahInitMark", Time since last: 584528148 ns, Reaching safepoint: 3083363 ns, At safepoint: 800941 ns, Total: 3884304 ns
[74.385s][info][gc       ] GC(93) Concurrent marking roots 0.280ms
[74.551s][info][gc       ] GC(93) Concurrent marking (unload classes) 165.951ms
[74.556s][info][gc       ] GC(93) Pause Final Mark (unload classes) 0.633ms
[74.556s][info][safepoint] Safepoint "ShenandoahFinalMarkStartEvac", Time since last: 167524376 ns, Reaching safepoint: 3114687 ns, At safepoint: 958693 ns, Total: 4073380 ns
[74.557s][info][gc       ] GC(93) Concurrent weak references 0.172ms
[74.558s][info][gc       ] GC(93) Concurrent weak roots 0.471ms
[74.558s][info][gc       ] GC(93) Concurrent cleanup 4372M->2256M(5120M) 0.148ms
[74.559s][info][gc       ] GC(93) Concurrent class unloading 0.591ms
[74.562s][info][gc       ] GC(93) Pause Final Roots 0.002ms
[74.562s][info][safepoint] Safepoint "ShenandoahFinalRoots", Time since last: 2919432 ns, Reaching safepoint: 2920190 ns, At safepoint: 275933 ns, Total: 3196123 ns
[74.969s][info][gc       ] Trigger: Average GC time (228.91 ms) is above the time for average allocation rate (4117 MB/s) to deplete free headroom (922M) (margin of error = 1.75)
[74.973s][info][gc       ] GC(94) Concurrent reset 2.736ms
[74.977s][info][gc       ] GC(94) Pause Init Mark (unload classes) 0.281ms
[74.977s][info][safepoint] Safepoint "ShenandoahInitMark", Time since last: 411261555 ns, Reaching safepoint: 3147722 ns, At safepoint: 901081 ns, Total: 4048803 ns
[74.978s][info][gc       ] GC(94) Concurrent marking roots 0.296ms
[75.015s][info][gc       ] GC(94) Concurrent marking (unload classes) 36.088ms
[75.016s][info][gc       ] GC(94) Pause Final Mark (unload classes) 0.640ms
[75.017s][info][safepoint] Safepoint "ShenandoahFinalMarkStartEvac", Time since last: 37966761 ns, Reaching safepoint: 117460 ns, At safepoint: 1068691 ns, Total: 1186151 ns
[75.017s][info][gc       ] GC(94) Concurrent weak references 0.147ms
[75.018s][info][gc       ] GC(94) Concurrent weak roots 0.341ms
[75.018s][info][gc       ] GC(94) Concurrent cleanup 3931M->604M(5120M) 0.163ms
[75.022s][info][gc       ] GC(94) Concurrent class unloading 3.832ms
[75.026s][info][gc       ] GC(94) Pause Final Roots 0.003ms
[75.026s][info][safepoint] Safepoint "ShenandoahFinalRoots", Time since last: 5995369 ns, Reaching safepoint: 3101015 ns, At safepoint: 242844 ns, Total: 3343859 ns
[75.999s][info][gc       ] Trigger: Average GC time (253.81 ms) is above the time for average allocation rate (2776 MB/s) to deplete free headroom (700M) (margin of error = 1.72)
[76.000s][info][gc       ] GC(95) Concurrent reset 0.728ms
[76.004s][info][gc       ] GC(95) Pause Init Mark (unload classes) 0.099ms
[76.004s][info][safepoint] Safepoint "ShenandoahInitMark", Time since last: 974817350 ns, Reaching safepoint: 3120151 ns, At safepoint: 419704 ns, Total: 3539855 ns
[76.005s][info][gc       ] GC(95) Concurrent marking roots 0.330ms
[76.211s][info][gc       ] GC(95) Concurrent marking (unload classes) 205.837ms
[76.216s][info][gc       ] GC(95) Pause Final Mark (unload classes) 0.646ms
[76.216s][info][safepoint] Safepoint "ShenandoahFinalMarkStartEvac", Time since last: 207607052 ns, Reaching safepoint: 3093479 ns, At safepoint: 1227971 ns, Total: 4321450 ns
[76.217s][info][gc       ] GC(95) Concurrent weak references 0.176ms
[76.218s][info][gc       ] GC(95) Concurrent weak roots 0.312ms
[76.218s][info][gc       ] GC(95) Concurrent cleanup 4429M->2362M(5120M) 0.151ms
[76.219s][info][gc       ] GC(95) Concurrent class unloading 0.515ms
[76.219s][info][gc       ] GC(95) Pause Final Roots 0.002ms
[76.220s][info][safepoint] Safepoint "ShenandoahFinalRoots", Time since last: 3068764 ns, Reaching safepoint: 114562 ns, At safepoint: 354054 ns, Total: 468616 ns
[76.759s][info][gc       ] Trigger: Average GC time (294.12 ms) is above the time for average allocation rate (2659 MB/s) to deplete free headroom (774M) (margin of error = 1.73)
[76.763s][info][gc       ] GC(96) Concurrent reset 2.720ms
[76.767s][info][gc       ] GC(96) Pause Init Mark (unload classes) 0.154ms
[76.767s][info][safepoint] Safepoint "ShenandoahInitMark", Time since last: 543626891 ns, Reaching safepoint: 3076608 ns, At safepoint: 541979 ns, Total: 3618587 ns
[76.768s][info][gc       ] GC(96) Concurrent marking roots 0.311ms
[76.955s][info][gc       ] GC(96) Concurrent marking (unload classes) 186.811ms
[76.959s][info][gc       ] GC(96) Pause Final Mark (unload classes) 0.664ms
[76.960s][info][safepoint] Safepoint "ShenandoahFinalMarkStartEvac", Time since last: 188601745 ns, Reaching safepoint: 3246810 ns, At safepoint: 1155831 ns, Total: 4402641 ns
[76.961s][info][gc       ] GC(96) Concurrent weak references 0.209ms
[76.961s][info][gc       ] GC(96) Concurrent weak roots 0.239ms
[76.962s][info][gc       ] GC(96) Concurrent cleanup 4228M->2228M(5120M) 0.154ms
[76.962s][info][gc       ] GC(96) Concurrent class unloading 0.649ms
[76.965s][info][gc       ] GC(96) Pause Final Roots 0.003ms
[76.966s][info][safepoint] Safepoint "ShenandoahFinalRoots", Time since last: 2383773 ns, Reaching safepoint: 2954562 ns, At safepoint: 267745 ns, Total: 3222307 ns
[77.547s][info][gc       ] Trigger: Average GC time (279.00 ms) is above the time for average allocation rate (2768 MB/s) to deplete free headroom (766M) (margin of error = 1.73)
[77.550s][info][gc       ] GC(97) Concurrent reset 2.669ms
[77.554s][info][gc       ] GC(97) Pause Init Mark (unload classes) 0.280ms
[77.555s][info][safepoint] Safepoint "ShenandoahInitMark", Time since last: 585222897 ns, Reaching safepoint: 3090358 ns, At safepoint: 796852 ns, Total: 3887210 ns
[77.556s][info][gc       ] GC(97) Concurrent marking roots 0.315ms
[77.737s][info][gc       ] GC(97) Concurrent marking (unload classes) 181.171ms
[77.741s][info][gc       ] GC(97) Pause Final Mark (unload classes) 0.569ms
[77.742s][info][safepoint] Safepoint "ShenandoahFinalMarkStartEvac", Time since last: 183053989 ns, Reaching safepoint: 3010216 ns, At safepoint: 896351 ns, Total: 3906567 ns
[77.742s][info][gc       ] GC(97) Concurrent weak references 0.191ms
[77.743s][info][gc       ] GC(97) Concurrent weak roots 0.294ms
[77.743s][info][gc       ] GC(97) Concurrent cleanup 4294M->2288M(5120M) 0.155ms
[77.744s][info][gc       ] GC(97) Concurrent class unloading 0.551ms
[77.747s][info][gc       ] GC(97) Pause Final Roots 0.002ms
[77.747s][info][safepoint] Safepoint "ShenandoahFinalRoots", Time since last: 2337635 ns, Reaching safepoint: 2950151 ns, At safepoint: 178355 ns, Total: 3128506 ns
[78.285s][info][gc       ] Trigger: Average GC time (258.33 ms) is above the time for average allocation rate (2906 MB/s) to deplete free headroom (746M) (margin of error = 1.73)
[78.288s][info][gc       ] GC(98) Concurrent reset 2.598ms
[78.292s][info][gc       ] GC(98) Pause Init Mark (unload classes) 0.177ms
[78.292s][info][safepoint] Safepoint "ShenandoahInitMark", Time since last: 541480824 ns, Reaching safepoint: 3087251 ns, At safepoint: 711087 ns, Total: 3798338 ns
[78.293s][info][gc       ] GC(98) Concurrent marking roots 0.451ms
[78.476s][info][gc       ] GC(98) Concurrent marking (unload classes) 181.691ms
[78.480s][info][gc       ] GC(98) Pause Final Mark (unload classes) 0.632ms
[78.480s][info][safepoint] Safepoint "ShenandoahFinalMarkStartEvac", Time since last: 183791213 ns, Reaching safepoint: 2985941 ns, At safepoint: 1023800 ns, Total: 4009741 ns
[78.481s][info][gc       ] GC(98) Concurrent weak references 0.118ms
[78.481s][info][gc       ] GC(98) Concurrent weak roots 0.251ms
[78.482s][info][gc       ] GC(98) Concurrent cleanup 4310M->2282M(5120M) 0.156ms
[78.483s][info][gc       ] GC(98) Concurrent class unloading 0.636ms
[78.486s][info][gc       ] GC(98) Pause Final Roots 0.003ms
[78.486s][info][safepoint] Safepoint "ShenandoahFinalRoots", Time since last: 2570318 ns, Reaching safepoint: 2924690 ns, At safepoint: 155110 ns, Total: 3079800 ns
[79.093s][info][gc       ] Trigger: Average GC time (242.81 ms) is above the time for average allocation rate (2746 MB/s) to deplete free headroom (662M) (margin of error = 1.73)
[79.096s][info][gc       ] GC(99) Concurrent reset 2.426ms
[79.099s][info][gc       ] GC(99) Pause Init Mark (unload classes) 0.083ms
[79.099s][info][safepoint] Safepoint "ShenandoahInitMark", Time since last: 610005374 ns, Reaching safepoint: 2965915 ns, At safepoint: 319691 ns, Total: 3285606 ns
[79.100s][info][gc       ] GC(99) Concurrent marking roots 0.320ms
[79.290s][info][gc       ] GC(99) Concurrent marking (unload classes) 189.945ms
[79.294s][info][gc       ] GC(99) Pause Final Mark (unload classes) 0.516ms
[79.294s][info][safepoint] Safepoint "ShenandoahFinalMarkStartEvac", Time since last: 191133589 ns, Reaching safepoint: 2977061 ns, At safepoint: 897695 ns, Total: 3874756 ns
[79.295s][info][gc       ] GC(99) Concurrent weak references 0.127ms
[79.295s][info][gc       ] GC(99) Concurrent weak roots 0.314ms
[79.296s][info][gc       ] GC(99) Concurrent cleanup 4392M->2282M(5120M) 0.189ms
[79.296s][info][gc       ] GC(99) Concurrent class unloading 0.601ms
[79.299s][info][gc       ] GC(99) Pause Final Roots 0.003ms
[79.300s][info][safepoint] Safepoint "ShenandoahFinalRoots", Time since last: 2240293 ns, Reaching safepoint: 2940782 ns, At safepoint: 183973 ns, Total: 3124755 ns
[79.872s][info][gc       ] Trigger: Average GC time (234.97 ms) is above the time for average allocation rate (2912 MB/s) to deplete free headroom (674M) (margin of error = 1.73)
[79.875s][info][gc       ] GC(100) Concurrent reset 2.533ms
[79.877s][info][gc       ] GC(100) Pause Init Mark (unload classes) 0.087ms
[79.877s][info][safepoint] Safepoint "ShenandoahInitMark", Time since last: 575894090 ns, Reaching safepoint: 1064226 ns, At safepoint: 483994 ns, Total: 1548220 ns
[79.878s][info][gc       ] GC(100) Concurrent marking roots 0.301ms
[80.050s][info][gc       ] GC(100) Concurrent marking (unload classes) 172.025ms
[80.055s][info][gc       ] GC(100) Pause Final Mark (unload classes) 0.832ms
[80.055s][info][safepoint] Safepoint "ShenandoahFinalMarkStartEvac", Time since last: 173706688 ns, Reaching safepoint: 3074200 ns, At safepoint: 1205705 ns, Total: 4279905 ns
[80.055s][info][gc       ] GC(100) Concurrent weak references 0.120ms
[80.056s][info][gc       ] GC(100) Concurrent weak roots 0.476ms
[80.057s][info][gc       ] GC(100) Concurrent cleanup 4262M->2162M(5120M) 0.298ms
[80.058s][info][gc       ] GC(100) Concurrent class unloading 0.646ms
[80.061s][info][gc       ] GC(100) Pause Final Roots 0.002ms
[80.061s][info][safepoint] Safepoint "ShenandoahFinalRoots", Time since last: 3064311 ns, Reaching safepoint: 3004359 ns, At safepoint: 195043 ns, Total: 3199402 ns
[80.771s][info][gc       ] Trigger: Average GC time (221.42 ms) is above the time for average allocation rate (2656 MB/s) to deplete free headroom (582M) (margin of error = 1.73)
[80.774s][info][gc       ] GC(101) Concurrent reset 2.377ms
[80.778s][info][gc       ] GC(101) Pause Init Mark (unload classes) 0.117ms
[80.779s][info][safepoint] Safepoint "ShenandoahInitMark", Time since last: 713577579 ns, Reaching safepoint: 3143128 ns, At safepoint: 634429 ns, Total: 3777557 ns
[80.779s][info][gc       ] GC(101) Concurrent marking roots 0.332ms
[80.960s][info][gc       ] GC(101) Concurrent marking (unload classes) 180.571ms
[80.964s][info][gc       ] GC(101) Pause Final Mark (unload classes) 0.464ms
[80.964s][info][safepoint] Safepoint "ShenandoahFinalMarkStartEvac", Time since last: 182100880 ns, Reaching safepoint: 3076406 ns, At safepoint: 650631 ns, Total: 3727037 ns
[80.965s][info][gc       ] GC(101) Concurrent weak references 0.095ms
[80.965s][info][gc       ] GC(101) Concurrent weak roots 0.192ms
[80.965s][info][gc       ] GC(101) Concurrent cleanup 4422M->2232M(5120M) 0.162ms
[80.966s][info][gc       ] GC(101) Concurrent class unloading 0.558ms
[80.969s][info][gc       ] GC(101) Pause Final Roots 0.003ms
[80.969s][info][safepoint] Safepoint "ShenandoahFinalRoots", Time since last: 1557080 ns, Reaching safepoint: 2975894 ns, At safepoint: 142487 ns, Total: 3118381 ns
[81.610s][info][gc       ] Trigger: Average GC time (214.73 ms) is above the time for average allocation rate (2801 MB/s) to deplete free headroom (596M) (margin of error = 1.73)
[81.614s][info][gc       ] GC(102) Concurrent reset 2.863ms
[81.617s][info][gc       ] GC(102) Pause Init Mark (unload classes) 0.184ms
[81.618s][info][safepoint] Safepoint "ShenandoahInitMark", Time since last: 645198278 ns, Reaching safepoint: 2965376 ns, At safepoint: 566048 ns, Total: 3531424 ns
[81.618s][info][gc       ] GC(102) Concurrent marking roots 0.377ms
[81.805s][info][gc       ] GC(102) Concurrent marking (unload classes) 186.294ms
[81.810s][info][gc       ] GC(102) Pause Final Mark (unload classes) 0.668ms
[81.810s][info][safepoint] Safepoint "ShenandoahFinalMarkStartEvac", Time since last: 188114519 ns, Reaching safepoint: 3071141 ns, At safepoint: 1109752 ns, Total: 4180893 ns
[81.811s][info][gc       ] GC(102) Concurrent weak references 0.187ms
[81.811s][info][gc       ] GC(102) Concurrent weak roots 0.400ms
[81.812s][info][gc       ] GC(102) Concurrent cleanup 4354M->2178M(5120M) 0.162ms
[81.813s][info][gc       ] GC(102) Concurrent class unloading 0.569ms
[81.816s][info][gc       ] GC(102) Pause Final Roots 0.003ms
[81.816s][info][safepoint] Safepoint "ShenandoahFinalRoots", Time since last: 2794058 ns, Reaching safepoint: 2896918 ns, At safepoint: 215893 ns, Total: 3112811 ns
[82.459s][info][gc       ] Trigger: Average GC time (215.91 ms) is above the time for average allocation rate (2811 MB/s) to deplete free headroom (598M) (margin of error = 1.73)
[82.463s][info][gc       ] GC(103) Concurrent reset 3.239ms
[82.466s][info][gc       ] GC(103) Pause Init Mark (unload classes) 0.157ms
[82.467s][info][safepoint] Safepoint "ShenandoahInitMark", Time since last: 647016645 ns, Reaching safepoint: 3065009 ns, At safepoint: 489057 ns, Total: 3554066 ns
[82.467s][info][gc       ] GC(103) Concurrent marking roots 0.279ms
[82.676s][info][gc       ] GC(103) Concurrent marking (unload classes) 208.289ms
[82.680s][info][gc       ] GC(103) Pause Final Mark (unload classes) 0.600ms
[82.680s][info][safepoint] Safepoint "ShenandoahFinalMarkStartEvac", Time since last: 209829394 ns, Reaching safepoint: 2945017 ns, At safepoint: 783468 ns, Total: 3728485 ns
[82.680s][info][gc       ] GC(103) Concurrent weak references 0.051ms
[82.681s][info][gc       ] GC(103) Concurrent weak roots 0.367ms
[82.681s][info][gc       ] GC(103) Concurrent cleanup 4532M->2360M(5120M) 0.160ms
[82.682s][info][gc       ] GC(103) Concurrent class unloading 0.496ms
[82.685s][info][gc       ] GC(103) Pause Final Roots 0.004ms
[82.685s][info][safepoint] Safepoint "ShenandoahFinalRoots", Time since last: 1788684 ns, Reaching safepoint: 2931645 ns, At safepoint: 126142 ns, Total: 3057787 ns
[83.295s][info][gc       ] Trigger: Average GC time (237.41 ms) is above the time for average allocation rate (2675 MB/s) to deplete free headroom (626M) (margin of error = 1.74)
[83.298s][info][gc       ] GC(104) Concurrent reset 2.494ms
[83.302s][info][gc       ] GC(104) Pause Init Mark (unload classes) 0.094ms
[83.302s][info][safepoint] Safepoint "ShenandoahInitMark", Time since last: 613775479 ns, Reaching safepoint: 3108473 ns, At safepoint: 536771 ns, Total: 3645244 ns
[83.303s][info][gc       ] GC(104) Concurrent marking roots 0.286ms
[83.515s][info][gc       ] GC(104) Concurrent marking (unload classes) 211.549ms
[83.519s][info][gc       ] GC(104) Pause Final Mark (unload classes) 0.670ms
[83.519s][info][safepoint] Safepoint "ShenandoahFinalMarkStartEvac", Time since last: 213049335 ns, Reaching safepoint: 3036075 ns, At safepoint: 838076 ns, Total: 3874151 ns
[83.520s][info][gc       ] GC(104) Concurrent weak references 0.161ms
[83.520s][info][gc       ] GC(104) Concurrent weak roots 0.440ms
[83.521s][info][gc       ] GC(104) Concurrent cleanup 4508M->2362M(5120M) 0.159ms
[83.522s][info][gc       ] GC(104) Concurrent class unloading 0.580ms
[83.522s][info][gc       ] GC(104) Pause Final Roots 0.003ms
[83.522s][info][safepoint] Safepoint "ShenandoahFinalRoots", Time since last: 2407868 ns, Reaching safepoint: 237257 ns, At safepoint: 119679 ns, Total: 356936 ns
[84.120s][info][gc       ] Trigger: Average GC time (240.60 ms) is above the time for average allocation rate (2733 MB/s) to deplete free headroom (656M) (margin of error = 1.75)
[84.123s][info][gc       ] GC(105) Concurrent reset 2.761ms
[84.127s][info][gc       ] GC(105) Pause Init Mark (unload classes) 0.106ms
[84.127s][info][safepoint] Safepoint "ShenandoahInitMark", Time since last: 601429063 ns, Reaching safepoint: 3058188 ns, At safepoint: 425208 ns, Total: 3483396 ns
[84.128s][info][gc       ] GC(105) Concurrent marking roots 0.366ms
[84.298s][info][gc       ] GC(105) Concurrent marking (unload classes) 170.151ms
[84.303s][info][gc       ] GC(105) Pause Final Mark (unload classes) 0.666ms
[84.303s][info][safepoint] Safepoint "ShenandoahFinalMarkStartEvac", Time since last: 172006926 ns, Reaching safepoint: 3076850 ns, At safepoint: 945336 ns, Total: 4022186 ns
[84.303s][info][gc       ] GC(105) Concurrent weak references 0.050ms
[84.304s][info][gc       ] GC(105) Concurrent weak roots 0.219ms
[84.304s][info][gc       ] GC(105) Concurrent cleanup 4376M->2262M(5120M) 0.171ms
[84.305s][info][gc       ] GC(105) Concurrent class unloading 0.512ms
[84.305s][info][gc       ] GC(105) Pause Final Roots 0.002ms
[84.305s][info][safepoint] Safepoint "ShenandoahFinalRoots", Time since last: 1680100 ns, Reaching safepoint: 33875 ns, At safepoint: 97973 ns, Total: 131848 ns
[84.907s][info][gc       ] Trigger: Average GC time (236.40 ms) is above the time for average allocation rate (2777 MB/s) to deplete free headroom (646M) (margin of error = 1.75)
[84.910s][info][gc       ] GC(106) Concurrent reset 2.575ms
[84.914s][info][gc       ] GC(106) Pause Init Mark (unload classes) 0.267ms
[84.915s][info][safepoint] Safepoint "ShenandoahInitMark", Time since last: 605941243 ns, Reaching safepoint: 3184596 ns, At safepoint: 802961 ns, Total: 3987557 ns
[84.916s][info][gc       ] GC(106) Concurrent marking roots 0.374ms
[85.093s][info][gc       ] GC(106) Concurrent marking (unload classes) 176.561ms
[85.097s][info][gc       ] GC(106) Pause Final Mark (unload classes) 0.540ms
[85.097s][info][safepoint] Safepoint "ShenandoahFinalMarkStartEvac", Time since last: 178567604 ns, Reaching safepoint: 3009818 ns, At safepoint: 895899 ns, Total: 3905717 ns
[85.098s][info][gc       ] GC(106) Concurrent weak references 0.063ms
[85.098s][info][gc       ] GC(106) Concurrent weak roots 0.376ms
[85.099s][info][gc       ] GC(106) Concurrent cleanup 4348M->2222M(5120M) 0.148ms
[85.099s][info][gc       ] GC(106) Concurrent class unloading 0.594ms
[85.102s][info][gc       ] GC(106) Pause Final Roots 0.006ms
[85.102s][info][safepoint] Safepoint "ShenandoahFinalRoots", Time since last: 2273213 ns, Reaching safepoint: 2447777 ns, At safepoint: 203686 ns, Total: 2651463 ns
[85.767s][info][gc       ] Trigger: Average GC time (223.40 ms) is above the time for average allocation rate (2726 MB/s) to deplete free headroom (604M) (margin of error = 1.74)
[85.770s][info][gc       ] GC(107) Concurrent reset 2.813ms
[85.774s][info][gc       ] GC(107) Pause Init Mark (unload classes) 0.245ms
[85.774s][info][safepoint] Safepoint "ShenandoahInitMark", Time since last: 668191979 ns, Reaching safepoint: 3049143 ns, At safepoint: 643659 ns, Total: 3692802 ns
[85.775s][info][gc       ] GC(107) Concurrent marking roots 0.370ms
[85.974s][info][gc       ] GC(107) Concurrent marking (unload classes) 198.588ms
[85.978s][info][gc       ] GC(107) Pause Final Mark (unload classes) 0.476ms
[85.978s][info][safepoint] Safepoint "ShenandoahFinalMarkStartEvac", Time since last: 200062598 ns, Reaching safepoint: 3007798 ns, At safepoint: 867130 ns, Total: 3874928 ns
[85.979s][info][gc       ] GC(107) Concurrent weak references 0.169ms
[85.979s][info][gc       ] GC(107) Concurrent weak roots 0.324ms
[85.979s][info][gc       ] GC(107) Concurrent cleanup 4452M->2286M(5120M) 0.159ms
[85.980s][info][gc       ] GC(107) Concurrent class unloading 0.578ms
[85.982s][info][gc       ] GC(107) Pause Final Roots 0.002ms
[85.982s][info][safepoint] Safepoint "ShenandoahFinalRoots", Time since last: 2254640 ns, Reaching safepoint: 1751672 ns, At safepoint: 211630 ns, Total: 1963302 ns
[86.594s][info][gc       ] Trigger: Average GC time (229.66 ms) is above the time for average allocation rate (2816 MB/s) to deplete free headroom (634M) (margin of error = 1.74)
[86.597s][info][gc       ] GC(108) Concurrent reset 2.720ms
[86.601s][info][gc       ] GC(108) Pause Init Mark (unload classes) 0.132ms
[86.601s][info][safepoint] Safepoint "ShenandoahInitMark", Time since last: 615377096 ns, Reaching safepoint: 3129198 ns, At safepoint: 708164 ns, Total: 3837362 ns
[86.602s][info][gc       ] GC(108) Concurrent marking roots 0.292ms
[86.773s][info][gc       ] GC(108) Concurrent marking (unload classes) 170.874ms
[86.778s][info][gc       ] GC(108) Pause Final Mark (unload classes) 0.638ms
[86.778s][info][safepoint] Safepoint "ShenandoahFinalMarkStartEvac", Time since last: 172644616 ns, Reaching safepoint: 3064150 ns, At safepoint: 1131982 ns, Total: 4196132 ns
[86.779s][info][gc       ] GC(108) Concurrent weak references 0.245ms
[86.780s][info][gc       ] GC(108) Concurrent weak roots 0.430ms
[86.780s][info][gc       ] GC(108) Concurrent cleanup 4402M->2264M(5120M) 0.157ms
[86.781s][info][gc       ] GC(108) Concurrent class unloading 0.646ms
[86.781s][info][gc       ] GC(108) Pause Final Roots 0.003ms
[86.782s][info][safepoint] Safepoint "ShenandoahFinalRoots", Time since last: 3167035 ns, Reaching safepoint: 39876 ns, At safepoint: 231467 ns, Total: 271343 ns
[87.189s][info][gc       ] Trigger: Average GC time (220.46 ms) is above the time for average allocation rate (4150 MB/s) to deplete free headroom (908M) (margin of error = 1.74)
[87.193s][info][gc       ] GC(109) Concurrent reset 2.896ms
[87.197s][info][gc       ] GC(109) Pause Init Mark (unload classes) 0.253ms
[87.197s][info][safepoint] Safepoint "ShenandoahInitMark", Time since last: 411613188 ns, Reaching safepoint: 3129875 ns, At safepoint: 700109 ns, Total: 3829984 ns
[87.198s][info][gc       ] GC(109) Concurrent marking roots 0.426ms
[87.241s][info][gc       ] GC(109) Concurrent marking (unload classes) 42.378ms
[87.243s][info][gc       ] GC(109) Pause Final Mark (unload classes) 0.682ms
[87.243s][info][safepoint] Safepoint "ShenandoahFinalMarkStartEvac", Time since last: 44482044 ns, Reaching safepoint: 191148 ns, At safepoint: 1147388 ns, Total: 1338536 ns
[87.244s][info][gc       ] GC(109) Concurrent weak references 0.185ms
[87.244s][info][gc       ] GC(109) Concurrent weak roots 0.351ms
[87.245s][info][gc       ] GC(109) Concurrent cleanup 3993M->706M(5120M) 0.181ms
[87.246s][info][gc       ] GC(109) Concurrent class unloading 0.664ms
[87.249s][info][gc       ] GC(109) Pause Final Roots 0.002ms
[87.249s][info][safepoint] Safepoint "ShenandoahFinalRoots", Time since last: 2721390 ns, Reaching safepoint: 2966144 ns, At safepoint: 151945 ns, Total: 3118089 ns
[88.150s][info][gc       ] Trigger: Average GC time (247.41 ms) is above the time for average allocation rate (2941 MB/s) to deplete free headroom (722M) (margin of error = 1.71)
[88.152s][info][gc       ] GC(110) Concurrent reset 0.839ms
[88.155s][info][gc       ] GC(110) Pause Init Mark (unload classes) 0.083ms
[88.156s][info][safepoint] Safepoint "ShenandoahInitMark", Time since last: 903228804 ns, Reaching safepoint: 3149372 ns, At safepoint: 515994 ns, Total: 3665366 ns
[88.157s][info][gc       ] GC(110) Concurrent marking roots 0.359ms
[88.335s][info][gc       ] GC(110) Concurrent marking (unload classes) 177.704ms
[88.339s][info][gc       ] GC(110) Pause Final Mark (unload classes) 0.646ms
[88.340s][info][safepoint] Safepoint "ShenandoahFinalMarkStartEvac", Time since last: 179841373 ns, Reaching safepoint: 3262515 ns, At safepoint: 1202119 ns, Total: 4464634 ns
[88.341s][info][gc       ] GC(110) Concurrent weak references 0.173ms
[88.341s][info][gc       ] GC(110) Concurrent weak roots 0.411ms
[88.342s][info][gc       ] GC(110) Concurrent cleanup 4341M->2300M(5120M) 0.149ms
[88.343s][info][gc       ] GC(110) Concurrent class unloading 0.556ms
[88.346s][info][gc       ] GC(110) Pause Final Roots 0.003ms
[88.346s][info][safepoint] Safepoint "ShenandoahFinalRoots", Time since last: 2885840 ns, Reaching safepoint: 2955154 ns, At safepoint: 302503 ns, Total: 3257657 ns
[88.868s][info][gc       ] Trigger: Average GC time (264.16 ms) is above the time for average allocation rate (2940 MB/s) to deplete free headroom (776M) (margin of error = 1.71)
[88.871s][info][gc       ] GC(111) Concurrent reset 2.524ms
[88.875s][info][gc       ] GC(111) Pause Init Mark (unload classes) 0.117ms
[88.875s][info][safepoint] Safepoint "ShenandoahInitMark", Time since last: 525187471 ns, Reaching safepoint: 3168524 ns, At safepoint: 646866 ns, Total: 3815390 ns
[88.876s][info][gc       ] GC(111) Concurrent marking roots 0.337ms
[89.076s][info][gc       ] GC(111) Concurrent marking (unload classes) 200.074ms
[89.081s][info][gc       ] GC(111) Pause Final Mark (unload classes) 0.771ms
[89.081s][info][safepoint] Safepoint "ShenandoahFinalMarkStartEvac", Time since last: 201862664 ns, Reaching safepoint: 2886238 ns, At safepoint: 1292131 ns, Total: 4178369 ns
[89.082s][info][gc       ] GC(111) Concurrent weak references 0.241ms
[89.083s][info][gc       ] GC(111) Concurrent weak roots 0.430ms
[89.083s][info][gc       ] GC(111) Concurrent cleanup 4350M->2356M(5120M) 0.307ms
[89.084s][info][gc       ] GC(111) Concurrent class unloading 0.644ms
[89.087s][info][gc       ] GC(111) Pause Final Roots 0.003ms
[89.088s][info][safepoint] Safepoint "ShenandoahFinalRoots", Time since last: 3123733 ns, Reaching safepoint: 2961678 ns, At safepoint: 262468 ns, Total: 3224146 ns
[89.597s][info][gc       ] Trigger: Average GC time (277.98 ms) is above the time for average allocation rate (2887 MB/s) to deplete free headroom (790M) (margin of error = 1.71)
[89.600s][info][gc       ] GC(112) Concurrent reset 2.660ms
[89.604s][info][gc       ] GC(112) Pause Init Mark (unload classes) 0.270ms
[89.605s][info][safepoint] Safepoint "ShenandoahInitMark", Time since last: 513089200 ns, Reaching safepoint: 3207257 ns, At safepoint: 760627 ns, Total: 3967884 ns
[89.605s][info][gc       ] GC(112) Concurrent marking roots 0.335ms
[89.772s][info][gc       ] GC(112) Concurrent marking (unload classes) 165.794ms
[89.776s][info][gc       ] GC(112) Pause Final Mark (unload classes) 0.570ms
[89.776s][info][safepoint] Safepoint "ShenandoahFinalMarkStartEvac", Time since last: 167485661 ns, Reaching safepoint: 3094193 ns, At safepoint: 958829 ns, Total: 4053022 ns
[89.777s][info][gc       ] GC(112) Concurrent weak references 0.171ms
[89.778s][info][gc       ] GC(112) Concurrent weak roots 0.353ms
[89.778s][info][gc       ] GC(112) Concurrent cleanup 4252M->2272M(5120M) 0.151ms
[89.779s][info][gc       ] GC(112) Concurrent class unloading 0.553ms
[89.781s][info][gc       ] GC(112) Pause Final Roots 0.004ms
[89.781s][info][safepoint] Safepoint "ShenandoahFinalRoots", Time since last: 2568483 ns, Reaching safepoint: 2346537 ns, At safepoint: 271555 ns, Total: 2618092 ns
[90.367s][info][gc       ] Trigger: Average GC time (249.40 ms) is above the time for average allocation rate (2785 MB/s) to deplete free headroom (684M) (margin of error = 1.71)
[90.370s][info][gc       ] GC(113) Concurrent reset 2.497ms
[90.373s][info][gc       ] GC(113) Pause Init Mark (unload classes) 0.274ms
[90.374s][info][safepoint] Safepoint "ShenandoahInitMark", Time since last: 589441229 ns, Reaching safepoint: 2281698 ns, At safepoint: 804007 ns, Total: 3085705 ns
[90.375s][info][gc       ] GC(113) Concurrent marking roots 0.330ms
[90.576s][info][gc       ] GC(113) Concurrent marking (unload classes) 200.603ms
[90.580s][info][gc       ] GC(113) Pause Final Mark (unload classes) 0.482ms
[90.580s][info][safepoint] Safepoint "ShenandoahFinalMarkStartEvac", Time since last: 202455386 ns, Reaching safepoint: 2972709 ns, At safepoint: 850167 ns, Total: 3822876 ns
[90.581s][info][gc       ] GC(113) Concurrent weak references 0.083ms
[90.582s][info][gc       ] GC(113) Concurrent weak roots 0.441ms
[90.582s][info][gc       ] GC(113) Concurrent cleanup 4354M->2268M(5120M) 0.226ms
[90.583s][info][gc       ] GC(113) Concurrent class unloading 0.939ms
[90.584s][info][gc       ] GC(113) Pause Final Roots 0.003ms
[90.584s][info][safepoint] Safepoint "ShenandoahFinalRoots", Time since last: 3618746 ns, Reaching safepoint: 182650 ns, At safepoint: 337714 ns, Total: 520364 ns
[91.155s][info][gc       ] Trigger: Average GC time (252.65 ms) is above the time for average allocation rate (2841 MB/s) to deplete free headroom (716M) (margin of error = 1.71)
[91.158s][info][gc       ] GC(114) Concurrent reset 2.541ms
[91.161s][info][gc       ] GC(114) Pause Init Mark (unload classes) 0.109ms
[91.162s][info][safepoint] Safepoint "ShenandoahInitMark", Time since last: 573713609 ns, Reaching safepoint: 3102298 ns, At safepoint: 690383 ns, Total: 3792681 ns
[91.163s][info][gc       ] GC(114) Concurrent marking roots 0.370ms
[91.330s][info][gc       ] GC(114) Concurrent marking (unload classes) 167.211ms
[91.334s][info][gc       ] GC(114) Pause Final Mark (unload classes) 0.671ms
[91.335s][info][safepoint] Safepoint "ShenandoahFinalMarkStartEvac", Time since last: 168865067 ns, Reaching safepoint: 3076928 ns, At safepoint: 1165994 ns, Total: 4242922 ns
[91.336s][info][gc       ] GC(114) Concurrent weak references 0.131ms
[91.336s][info][gc       ] GC(114) Concurrent weak roots 0.471ms
[91.337s][info][gc       ] GC(114) Concurrent cleanup 4322M->2268M(5120M) 0.153ms
[91.337s][info][gc       ] GC(114) Concurrent class unloading 0.559ms
[91.340s][info][gc       ] GC(114) Pause Final Roots 0.003ms
[91.340s][info][safepoint] Safepoint "ShenandoahFinalRoots", Time since last: 2435303 ns, Reaching safepoint: 2945682 ns, At safepoint: 199054 ns, Total: 3144736 ns
[91.970s][info][gc       ] Trigger: Average GC time (232.26 ms) is above the time for average allocation rate (2653 MB/s) to deplete free headroom (610M) (margin of error = 1.71)
[91.972s][info][gc       ] GC(115) Concurrent reset 2.504ms
[91.976s][info][gc       ] GC(115) Pause Init Mark (unload classes) 0.101ms
[91.976s][info][safepoint] Safepoint "ShenandoahInitMark", Time since last: 631935782 ns, Reaching safepoint: 3062126 ns, At safepoint: 319422 ns, Total: 3381548 ns
[91.976s][info][gc       ] GC(115) Concurrent marking roots 0.278ms
[92.195s][info][gc       ] GC(115) Concurrent marking (unload classes) 218.128ms
[92.199s][info][gc       ] GC(115) Pause Final Mark (unload classes) 0.646ms
[92.199s][info][safepoint] Safepoint "ShenandoahFinalMarkStartEvac", Time since last: 219234080 ns, Reaching safepoint: 2989289 ns, At safepoint: 1075790 ns, Total: 4065079 ns
[92.200s][info][gc       ] GC(115) Concurrent weak references 0.245ms
[92.201s][info][gc       ] GC(115) Concurrent weak roots 0.292ms
[92.201s][info][gc       ] GC(115) Concurrent cleanup 4440M->2284M(5120M) 0.271ms
[92.202s][info][gc       ] GC(115) Concurrent class unloading 0.528ms
[92.202s][info][gc       ] GC(115) Pause Final Roots 0.003ms
[92.202s][info][safepoint] Safepoint "ShenandoahFinalRoots", Time since last: 2681048 ns, Reaching safepoint: 376672 ns, At safepoint: 140632 ns, Total: 517304 ns
[92.770s][info][gc       ] Trigger: Average GC time (256.21 ms) is above the time for average allocation rate (2818 MB/s) to deplete free headroom (722M) (margin of error = 1.71)
[92.773s][info][gc       ] GC(116) Concurrent reset 3.207ms
[92.777s][info][gc       ] GC(116) Pause Init Mark (unload classes) 0.120ms
[92.777s][info][safepoint] Safepoint "ShenandoahInitMark", Time since last: 571173855 ns, Reaching safepoint: 3009552 ns, At safepoint: 469162 ns, Total: 3478714 ns
[92.777s][info][gc       ] GC(116) Concurrent marking roots 0.251ms
[92.949s][info][gc       ] GC(116) Concurrent marking (unload classes) 171.289ms
[92.950s][info][gc       ] GC(116) Pause Final Mark (unload classes) 0.473ms
[92.950s][info][safepoint] Safepoint "ShenandoahFinalMarkStartEvac", Time since last: 172412289 ns, Reaching safepoint: 110085 ns, At safepoint: 659708 ns, Total: 769793 ns
[92.950s][info][gc       ] GC(116) Concurrent weak references 0.045ms
[92.951s][info][gc       ] GC(116) Concurrent weak roots 0.227ms
[92.951s][info][gc       ] GC(116) Concurrent cleanup 4294M->2248M(5120M) 0.158ms
[92.952s][info][gc       ] GC(116) Concurrent class unloading 0.549ms
[92.952s][info][gc       ] GC(116) Pause Final Roots 0.004ms
[92.952s][info][safepoint] Safepoint "ShenandoahFinalRoots", Time since last: 1650870 ns, Reaching safepoint: 367556 ns, At safepoint: 213043 ns, Total: 580599 ns
[93.575s][info][gc       ] Trigger: Average GC time (238.06 ms) is above the time for average allocation rate (2794 MB/s) to deplete free headroom (650M) (margin of error = 1.71)
[93.579s][info][gc       ] GC(117) Concurrent reset 3.369ms
[93.583s][info][gc       ] GC(117) Pause Init Mark (unload classes) 0.184ms
[93.583s][info][safepoint] Safepoint "ShenandoahInitMark", Time since last: 626930399 ns, Reaching safepoint: 3113125 ns, At safepoint: 430960 ns, Total: 3544085 ns
[93.583s][info][gc       ] GC(117) Concurrent marking roots 0.235ms
[93.755s][info][gc       ] GC(117) Concurrent marking (unload classes) 171.670ms
[93.760s][info][gc       ] GC(117) Pause Final Mark (unload classes) 0.653ms
[93.760s][info][safepoint] Safepoint "ShenandoahFinalMarkStartEvac", Time since last: 173022668 ns, Reaching safepoint: 3157486 ns, At safepoint: 1223041 ns, Total: 4380527 ns
[93.761s][info][gc       ] GC(117) Concurrent weak references 0.182ms
[93.762s][info][gc       ] GC(117) Concurrent weak roots 0.587ms
[93.763s][info][gc       ] GC(117) Concurrent cleanup 4402M->2282M(5120M) 0.157ms
[93.764s][info][gc       ] GC(117) Concurrent class unloading 0.934ms
[93.767s][info][gc       ] GC(117) Pause Final Roots 0.003ms
[93.768s][info][safepoint] Safepoint "ShenandoahFinalRoots", Time since last: 4170752 ns, Reaching safepoint: 2985671 ns, At safepoint: 160476 ns, Total: 3146147 ns
[94.379s][info][gc       ] Trigger: Average GC time (223.87 ms) is above the time for average allocation rate (2800 MB/s) to deplete free headroom (620M) (margin of error = 1.71)
[94.382s][info][gc       ] GC(118) Concurrent reset 3.100ms
[94.386s][info][gc       ] GC(118) Pause Init Mark (unload classes) 0.113ms
[94.386s][info][safepoint] Safepoint "ShenandoahInitMark", Time since last: 615221638 ns, Reaching safepoint: 2937595 ns, At safepoint: 324136 ns, Total: 3261731 ns
[94.387s][info][gc       ] GC(118) Concurrent marking roots 0.327ms
[94.602s][info][gc       ] GC(118) Concurrent marking (unload classes) 215.466ms
[94.606s][info][gc       ] GC(118) Pause Final Mark (unload classes) 0.658ms
[94.607s][info][safepoint] Safepoint "ShenandoahFinalMarkStartEvac", Time since last: 217091218 ns, Reaching safepoint: 2665179 ns, At safepoint: 1164682 ns, Total: 3829861 ns
[94.608s][info][gc       ] GC(118) Concurrent weak references 0.132ms
[94.608s][info][gc       ] GC(118) Concurrent weak roots 0.330ms
[94.608s][info][gc       ] GC(118) Concurrent cleanup 4494M->2344M(5120M) 0.154ms
[94.609s][info][gc       ] GC(118) Concurrent class unloading 0.527ms
[94.612s][info][gc       ] GC(118) Pause Final Roots 0.004ms
[94.612s][info][safepoint] Safepoint "ShenandoahFinalRoots", Time since last: 2408115 ns, Reaching safepoint: 2615891 ns, At safepoint: 162746 ns, Total: 2778637 ns
[95.175s][info][gc       ] Trigger: Average GC time (252.49 ms) is above the time for average allocation rate (2798 MB/s) to deplete free headroom (706M) (margin of error = 1.71)
[95.178s][info][gc       ] GC(119) Concurrent reset 2.487ms
[95.182s][info][gc       ] GC(119) Pause Init Mark (unload classes) 0.279ms
[95.182s][info][safepoint] Safepoint "ShenandoahInitMark", Time since last: 566075042 ns, Reaching safepoint: 3163685 ns, At safepoint: 767400 ns, Total: 3931085 ns
[95.183s][info][gc       ] GC(119) Concurrent marking roots 0.354ms
[95.352s][info][gc       ] GC(119) Concurrent marking (unload classes) 168.496ms
[95.356s][info][gc       ] GC(119) Pause Final Mark (unload classes) 0.703ms
[95.357s][info][safepoint] Safepoint "ShenandoahFinalMarkStartEvac", Time since last: 170256534 ns, Reaching safepoint: 3204410 ns, At safepoint: 1325727 ns, Total: 4530137 ns
[95.358s][info][gc       ] GC(119) Concurrent weak references 0.198ms
[95.359s][info][gc       ] GC(119) Concurrent weak roots 0.407ms
[95.359s][info][gc       ] GC(119) Concurrent cleanup 4336M->2272M(5120M) 0.150ms
[95.360s][info][gc       ] GC(119) Concurrent class unloading 0.578ms
[95.362s][info][gc       ] GC(119) Pause Final Roots 0.003ms
[95.362s][info][safepoint] Safepoint "ShenandoahFinalRoots", Time since last: 3297730 ns, Reaching safepoint: 1759632 ns, At safepoint: 286781 ns, Total: 2046413 ns
[95.926s][info][gc       ] Trigger: Average GC time (236.10 ms) is above the time for average allocation rate (2926 MB/s) to deplete free headroom (680M) (margin of error = 1.71)
[95.929s][info][gc       ] GC(120) Concurrent reset 2.626ms
[95.933s][info][gc       ] GC(120) Pause Init Mark (unload classes) 0.269ms
[95.933s][info][safepoint] Safepoint "ShenandoahInitMark", Time since last: 567164729 ns, Reaching safepoint: 3112410 ns, At safepoint: 695757 ns, Total: 3808167 ns
[95.934s][info][gc       ] GC(120) Concurrent marking roots 0.310ms
[96.101s][info][gc       ] GC(120) Concurrent marking (unload classes) 167.161ms
[96.106s][info][gc       ] GC(120) Pause Final Mark (unload classes) 0.686ms
[96.106s][info][safepoint] Safepoint "ShenandoahFinalMarkStartEvac", Time since last: 168857620 ns, Reaching safepoint: 3062425 ns, At safepoint: 1096089 ns, Total: 4158514 ns
[96.107s][info][gc       ] GC(120) Concurrent weak references 0.186ms
[96.108s][info][gc       ] GC(120) Concurrent weak roots 0.388ms
[96.108s][info][gc       ] GC(120) Concurrent cleanup 4362M->2272M(5120M) 0.158ms
[96.109s][info][gc       ] GC(120) Concurrent class unloading 0.556ms
[96.112s][info][gc       ] GC(120) Pause Final Roots 0.002ms
[96.112s][info][safepoint] Safepoint "ShenandoahFinalRoots", Time since last: 2422337 ns, Reaching safepoint: 2996330 ns, At safepoint: 148884 ns, Total: 3145214 ns
[96.700s][info][gc       ] Trigger: Average GC time (221.31 ms) is above the time for average allocation rate (2874 MB/s) to deplete free headroom (634M) (margin of error = 1.71)
[96.703s][info][gc       ] GC(121) Concurrent reset 2.558ms
[96.707s][info][gc       ] GC(121) Pause Init Mark (unload classes) 0.133ms
[96.707s][info][safepoint] Safepoint "ShenandoahInitMark", Time since last: 591878529 ns, Reaching safepoint: 2977885 ns, At safepoint: 491617 ns, Total: 3469502 ns
[96.708s][info][gc       ] GC(121) Concurrent marking roots 0.256ms
[96.899s][info][gc       ] GC(121) Concurrent marking (unload classes) 191.139ms
[96.903s][info][gc       ] GC(121) Pause Final Mark (unload classes) 0.486ms
[96.903s][info][safepoint] Safepoint "ShenandoahFinalMarkStartEvac", Time since last: 192345506 ns, Reaching safepoint: 2526820 ns, At safepoint: 755296 ns, Total: 3282116 ns
[96.903s][info][gc       ] GC(121) Concurrent weak references 0.170ms
[96.904s][info][gc       ] GC(121) Concurrent weak roots 0.259ms
[96.904s][info][gc       ] GC(121) Concurrent cleanup 4456M->2322M(5120M) 0.159ms
[96.905s][info][gc       ] GC(121) Concurrent class unloading 0.538ms
[96.908s][info][gc       ] GC(121) Pause Final Roots 0.004ms
[96.908s][info][safepoint] Safepoint "ShenandoahFinalRoots", Time since last: 2323649 ns, Reaching safepoint: 3038718 ns, At safepoint: 228035 ns, Total: 3266753 ns
[97.532s][info][gc       ] Trigger: Average GC time (224.28 ms) is above the time for average allocation rate (2778 MB/s) to deplete free headroom (616M) (margin of error = 1.72)
[97.535s][info][gc       ] GC(122) Concurrent reset 2.506ms
[97.539s][info][gc       ] GC(122) Pause Init Mark (unload classes) 0.271ms
[97.540s][info][safepoint] Safepoint "ShenandoahInitMark", Time since last: 627344004 ns, Reaching safepoint: 3104779 ns, At safepoint: 772375 ns, Total: 3877154 ns
[97.541s][info][gc       ] GC(122) Concurrent marking roots 0.433ms
[97.741s][info][gc       ] GC(122) Concurrent marking (unload classes) 200.232ms
[97.746s][info][gc       ] GC(122) Pause Final Mark (unload classes) 0.763ms
[97.746s][info][safepoint] Safepoint "ShenandoahFinalMarkStartEvac", Time since last: 202299050 ns, Reaching safepoint: 3052007 ns, At safepoint: 1131780 ns, Total: 4183787 ns
[97.746s][info][gc       ] GC(122) Concurrent weak references 0.067ms
[97.747s][info][gc       ] GC(122) Concurrent weak roots 0.233ms
[97.747s][info][gc       ] GC(122) Concurrent cleanup 4384M->2232M(5120M) 0.162ms
[97.748s][info][gc       ] GC(122) Concurrent class unloading 0.547ms
[97.751s][info][gc       ] GC(122) Pause Final Roots 0.003ms
[97.751s][info][safepoint] Safepoint "ShenandoahFinalRoots", Time since last: 1774912 ns, Reaching safepoint: 2919152 ns, At safepoint: 136879 ns, Total: 3056031 ns
[98.347s][info][gc       ] Trigger: Average GC time (232.00 ms) is above the time for average allocation rate (2874 MB/s) to deplete free headroom (664M) (margin of error = 1.70)
[98.350s][info][gc       ] GC(123) Concurrent reset 2.562ms
[98.354s][info][gc       ] GC(123) Pause Init Mark (unload classes) 0.193ms
[98.354s][info][safepoint] Safepoint "ShenandoahInitMark", Time since last: 599691332 ns, Reaching safepoint: 3072458 ns, At safepoint: 510896 ns, Total: 3583354 ns
[98.355s][info][gc       ] GC(123) Concurrent marking roots 0.312ms
[98.569s][info][gc       ] GC(123) Concurrent marking (unload classes) 213.255ms
[98.573s][info][gc       ] GC(123) Pause Final Mark (unload classes) 0.716ms
[98.573s][info][safepoint] Safepoint "ShenandoahFinalMarkStartEvac", Time since last: 214926321 ns, Reaching safepoint: 3076477 ns, At safepoint: 1165596 ns, Total: 4242073 ns
[98.574s][info][gc       ] GC(123) Concurrent weak references 0.173ms
[98.575s][info][gc       ] GC(123) Concurrent weak roots 0.436ms
[98.576s][info][gc       ] GC(123) Concurrent cleanup 4448M->2344M(5120M) 0.155ms
[98.576s][info][gc       ] GC(123) Concurrent class unloading 0.527ms
[98.580s][info][gc       ] GC(123) Pause Final Roots 0.003ms
[98.580s][info][safepoint] Safepoint "ShenandoahFinalRoots", Time since last: 3335328 ns, Reaching safepoint: 2982200 ns, At safepoint: 313087 ns, Total: 3295287 ns
[99.075s][info][gc       ] Trigger: Average GC time (246.58 ms) is above the time for average allocation rate (2822 MB/s) to deplete free headroom (660M) (margin of error = 1.72)
[99.078s][info][gc       ] GC(124) Concurrent reset 3.046ms
[99.082s][info][gc       ] GC(124) Pause Init Mark (unload classes) 0.099ms
[99.083s][info][safepoint] Safepoint "ShenandoahInitMark", Time since last: 498917187 ns, Reaching safepoint: 3185093 ns, At safepoint: 469441 ns, Total: 3654534 ns
[99.083s][info][gc       ] GC(124) Concurrent marking roots 0.318ms
[99.111s][info][gc       ] GC(124) Concurrent marking (unload classes) 27.293ms
[99.113s][info][gc       ] GC(124) Pause Final Mark (unload classes) 0.696ms
[99.113s][info][safepoint] Safepoint "ShenandoahFinalMarkStartEvac", Time since last: 29290112 ns, Reaching safepoint: 72421 ns, At safepoint: 1088824 ns, Total: 1161245 ns
[99.114s][info][gc       ] GC(124) Concurrent weak references 0.137ms
[99.114s][info][gc       ] GC(124) Concurrent weak roots 0.475ms
[99.115s][info][gc       ] GC(124) Concurrent cleanup 4111M->457M(5120M) 0.167ms
[99.118s][info][gc       ] GC(124) Concurrent class unloading 3.194ms
[99.121s][info][gc       ] GC(124) Pause Final Roots 0.004ms
[99.122s][info][safepoint] Safepoint "ShenandoahFinalRoots", Time since last: 5374092 ns, Reaching safepoint: 3081904 ns, At safepoint: 279184 ns, Total: 3361088 ns
[100.009s][info][gc       ] Trigger: Average GC time (282.25 ms) is above the time for average allocation rate (2949 MB/s) to deplete free headroom (832M) (margin of error = 1.69)
[100.010s][info][gc       ] GC(125) Concurrent reset 0.668ms
[100.014s][info][gc       ] GC(125) Pause Init Mark (unload classes) 0.284ms
[100.015s][info][safepoint] Safepoint "ShenandoahInitMark", Time since last: 888982286 ns, Reaching safepoint: 3141535 ns, At safepoint: 907035 ns, Total: 4048570 ns
[100.016s][info][gc       ] GC(125) Concurrent marking roots 0.449ms
[100.182s][info][gc       ] GC(125) Concurrent marking (unload classes) 166.177ms
[100.184s][info][gc       ] GC(125) Pause Final Mark (unload classes) 0.568ms
[100.184s][info][safepoint] Safepoint "ShenandoahFinalMarkStartEvac", Time since last: 168309061 ns, Reaching safepoint: 210855 ns, At safepoint: 1045474 ns, Total: 1256329 ns
[100.185s][info][gc       ] GC(125) Concurrent weak references 0.195ms
[100.186s][info][gc       ] GC(125) Concurrent weak roots 0.381ms
[100.186s][info][gc       ] GC(125) Concurrent cleanup 4174M->2246M(5120M) 0.163ms
[100.187s][info][gc       ] GC(125) Concurrent class unloading 0.547ms
[100.189s][info][gc       ] GC(125) Pause Final Roots 0.009ms
[100.189s][info][safepoint] Safepoint "ShenandoahFinalRoots", Time since last: 2323850 ns, Reaching safepoint: 2071808 ns, At safepoint: 442135 ns, Total: 2513943 ns
[100.738s][info][gc       ] Trigger: Average GC time (268.63 ms) is above the time for average allocation rate (2891 MB/s) to deplete free headroom (772M) (margin of error = 1.69)
[100.741s][info][gc       ] GC(126) Concurrent reset 3.106ms
[100.745s][info][gc       ] GC(126) Pause Init Mark (unload classes) 0.146ms
[100.745s][info][safepoint] Safepoint "ShenandoahInitMark", Time since last: 552474970 ns, Reaching safepoint: 3090858 ns, At safepoint: 534514 ns, Total: 3625372 ns
[100.746s][info][gc       ] GC(126) Concurrent marking roots 0.309ms
[100.940s][info][gc       ] GC(126) Concurrent marking (unload classes) 194.262ms
[100.945s][info][gc       ] GC(126) Pause Final Mark (unload classes) 0.813ms
[100.946s][info][safepoint] Safepoint "ShenandoahFinalMarkStartEvac", Time since last: 195845809 ns, Reaching safepoint: 3272417 ns, At safepoint: 1403219 ns, Total: 4675636 ns
[100.947s][info][gc       ] GC(126) Concurrent weak references 0.244ms
[100.947s][info][gc       ] GC(126) Concurrent weak roots 0.480ms
[100.948s][info][gc       ] GC(126) Concurrent cleanup 4336M->2340M(5120M) 0.158ms
[100.949s][info][gc       ] GC(126) Concurrent class unloading 0.630ms
[100.951s][info][gc       ] GC(126) Pause Final Roots 0.004ms
[100.951s][info][safepoint] Safepoint "ShenandoahFinalRoots", Time since last: 2882971 ns, Reaching safepoint: 2370378 ns, At safepoint: 291299 ns, Total: 2661677 ns
[101.470s][info][gc       ] Trigger: Average GC time (277.58 ms) is above the time for average allocation rate (2824 MB/s) to deplete free headroom (782M) (margin of error = 1.69)
[101.473s][info][gc       ] GC(127) Concurrent reset 2.516ms
[101.476s][info][gc       ] GC(127) Pause Init Mark (unload classes) 0.147ms
[101.476s][info][safepoint] Safepoint "ShenandoahInitMark", Time since last: 521820721 ns, Reaching safepoint: 2395684 ns, At safepoint: 759265 ns, Total: 3154949 ns
[101.477s][info][gc       ] GC(127) Concurrent marking roots 0.496ms
[101.668s][info][gc       ] GC(127) Concurrent marking (unload classes) 189.512ms
[101.672s][info][gc       ] GC(127) Pause Final Mark (unload classes) 0.600ms
[101.672s][info][safepoint] Safepoint "ShenandoahFinalMarkStartEvac", Time since last: 191847494 ns, Reaching safepoint: 3129118 ns, At safepoint: 1045249 ns, Total: 4174367 ns
[101.673s][info][gc       ] GC(127) Concurrent weak references 0.202ms
[101.674s][info][gc       ] GC(127) Concurrent weak roots 0.439ms
[101.674s][info][gc       ] GC(127) Concurrent cleanup 4300M->2314M(5120M) 0.160ms
[101.675s][info][gc       ] GC(127) Concurrent class unloading 0.627ms
[101.678s][info][gc       ] GC(127) Pause Final Roots 0.004ms
[101.679s][info][safepoint] Safepoint "ShenandoahFinalRoots", Time since last: 2884778 ns, Reaching safepoint: 3102466 ns, At safepoint: 188917 ns, Total: 3291383 ns
[102.239s][info][gc       ] Trigger: Average GC time (265.17 ms) is above the time for average allocation rate (2773 MB/s) to deplete free headroom (726M) (margin of error = 1.69)
[102.242s][info][gc       ] GC(128) Concurrent reset 2.476ms
[102.245s][info][gc       ] GC(128) Pause Init Mark (unload classes) 0.236ms
[102.246s][info][safepoint] Safepoint "ShenandoahInitMark", Time since last: 563618269 ns, Reaching safepoint: 3083393 ns, At safepoint: 834128 ns, Total: 3917521 ns
[102.247s][info][gc       ] GC(128) Concurrent marking roots 0.442ms
[102.440s][info][gc       ] GC(128) Concurrent marking (unload classes) 192.579ms
[102.445s][info][gc       ] GC(128) Pause Final Mark (unload classes) 0.892ms
[102.446s][info][safepoint] Safepoint "ShenandoahFinalMarkStartEvac", Time since last: 194807382 ns, Reaching safepoint: 3182974 ns, At safepoint: 1511659 ns, Total: 4694633 ns
[102.446s][info][gc       ] GC(128) Concurrent weak references 0.094ms
[102.447s][info][gc       ] GC(128) Concurrent weak roots 0.485ms
[102.448s][info][gc       ] GC(128) Concurrent cleanup 4376M->2332M(5120M) 0.312ms
[102.449s][info][gc       ] GC(128) Concurrent class unloading 0.785ms
[102.452s][info][gc       ] GC(128) Pause Final Roots 0.003ms
[102.452s][info][safepoint] Safepoint "ShenandoahFinalRoots", Time since last: 3503689 ns, Reaching safepoint: 3033881 ns, At safepoint: 275503 ns, Total: 3309384 ns
[103.014s][info][gc       ] Trigger: Average GC time (255.53 ms) is above the time for average allocation rate (2768 MB/s) to deplete free headroom (704M) (margin of error = 1.69)
[103.017s][info][gc       ] GC(129) Concurrent reset 2.652ms
[103.021s][info][gc       ] GC(129) Pause Init Mark (unload classes) 0.226ms
[103.021s][info][safepoint] Safepoint "ShenandoahInitMark", Time since last: 565234905 ns, Reaching safepoint: 3128475 ns, At safepoint: 652570 ns, Total: 3781045 ns
[103.022s][info][gc       ] GC(129) Concurrent marking roots 0.405ms
[103.222s][info][gc       ] GC(129) Concurrent marking (unload classes) 199.246ms
[103.224s][info][gc       ] GC(129) Pause Final Mark (unload classes) 0.572ms
[103.224s][info][safepoint] Safepoint "ShenandoahFinalMarkStartEvac", Time since last: 200903848 ns, Reaching safepoint: 953645 ns, At safepoint: 1070930 ns, Total: 2024575 ns
[103.225s][info][gc       ] GC(129) Concurrent weak references 0.048ms
[103.225s][info][gc       ] GC(129) Concurrent weak roots 0.289ms
[103.225s][info][gc       ] GC(129) Concurrent cleanup 4396M->2332M(5120M) 0.153ms
[103.226s][info][gc       ] GC(129) Concurrent class unloading 0.626ms
[103.229s][info][gc       ] GC(129) Pause Final Roots 0.004ms
[103.229s][info][safepoint] Safepoint "ShenandoahFinalRoots", Time since last: 1987941 ns, Reaching safepoint: 2959726 ns, At safepoint: 173177 ns, Total: 3132903 ns
[103.761s][info][gc       ] Trigger: Average GC time (246.74 ms) is above the time for average allocation rate (2922 MB/s) to deplete free headroom (720M) (margin of error = 1.69)
[103.764s][info][gc       ] GC(130) Concurrent reset 3.241ms
[103.768s][info][gc       ] GC(130) Pause Init Mark (unload classes) 0.110ms
[103.768s][info][safepoint] Safepoint "ShenandoahInitMark", Time since last: 535028468 ns, Reaching safepoint: 3071588 ns, At safepoint: 373728 ns, Total: 3445316 ns
[103.768s][info][gc       ] GC(130) Concurrent marking roots 0.187ms
[103.936s][info][gc       ] GC(130) Concurrent marking (unload classes) 168.119ms
[103.941s][info][gc       ] GC(130) Pause Final Mark (unload classes) 0.614ms
[103.941s][info][safepoint] Safepoint "ShenandoahFinalMarkStartEvac", Time since last: 169015498 ns, Reaching safepoint: 3155050 ns, At safepoint: 998120 ns, Total: 4153170 ns
[103.942s][info][gc       ] GC(130) Concurrent weak references 0.122ms
[103.942s][info][gc       ] GC(130) Concurrent weak roots 0.328ms
[103.943s][info][gc       ] GC(130) Concurrent cleanup 4318M->2270M(5120M) 0.154ms
[103.943s][info][gc       ] GC(130) Concurrent class unloading 0.589ms
[103.948s][info][gc       ] GC(130) Pause Final Roots 0.003ms
[103.948s][info][safepoint] Safepoint "ShenandoahFinalRoots", Time since last: 3673375 ns, Reaching safepoint: 2886957 ns, At safepoint: 151575 ns, Total: 3038532 ns
[104.545s][info][gc       ] Trigger: Average GC time (231.03 ms) is above the time for average allocation rate (2889 MB/s) to deplete free headroom (660M) (margin of error = 1.69)
[104.548s][info][gc       ] GC(131) Concurrent reset 2.610ms
[104.552s][info][gc       ] GC(131) Pause Init Mark (unload classes) 0.080ms
[104.553s][info][safepoint] Safepoint "ShenandoahInitMark", Time since last: 601138479 ns, Reaching safepoint: 3121389 ns, At safepoint: 556910 ns, Total: 3678299 ns
[104.554s][info][gc       ] GC(131) Concurrent marking roots 0.323ms
[104.750s][info][gc       ] GC(131) Concurrent marking (unload classes) 196.385ms
[104.755s][info][gc       ] GC(131) Pause Final Mark (unload classes) 0.702ms
[104.755s][info][safepoint] Safepoint "ShenandoahFinalMarkStartEvac", Time since last: 198317440 ns, Reaching safepoint: 2992016 ns, At safepoint: 1006928 ns, Total: 3998944 ns
[104.755s][info][gc       ] GC(131) Concurrent weak references 0.183ms
[104.756s][info][gc       ] GC(131) Concurrent weak roots 0.256ms
[104.756s][info][gc       ] GC(131) Concurrent cleanup 4384M->2272M(5120M) 0.152ms
[104.757s][info][gc       ] GC(131) Concurrent class unloading 0.586ms
[104.760s][info][gc       ] GC(131) Pause Final Roots 0.002ms
[104.760s][info][safepoint] Safepoint "ShenandoahFinalRoots", Time since last: 1903583 ns, Reaching safepoint: 2949009 ns, At safepoint: 143876 ns, Total: 3092885 ns
[105.405s][info][gc       ] Trigger: Average GC time (232.91 ms) is above the time for average allocation rate (2672 MB/s) to deplete free headroom (618M) (margin of error = 1.69)
[105.408s][info][gc       ] GC(132) Concurrent reset 2.648ms
[105.411s][info][gc       ] GC(132) Pause Init Mark (unload classes) 0.105ms
[105.411s][info][safepoint] Safepoint "ShenandoahInitMark", Time since last: 648203616 ns, Reaching safepoint: 3015551 ns, At safepoint: 314900 ns, Total: 3330451 ns
[105.412s][info][gc       ] GC(132) Concurrent marking roots 0.325ms
[105.590s][info][gc       ] GC(132) Concurrent marking (unload classes) 178.011ms
[105.593s][info][gc       ] GC(132) Pause Final Mark (unload classes) 0.670ms
[105.593s][info][safepoint] Safepoint "ShenandoahFinalMarkStartEvac", Time since last: 179338243 ns, Reaching safepoint: 1600821 ns, At safepoint: 1038989 ns, Total: 2639810 ns
[105.594s][info][gc       ] GC(132) Concurrent weak references 0.049ms
[105.595s][info][gc       ] GC(132) Concurrent weak roots 0.400ms
[105.595s][info][gc       ] GC(132) Concurrent cleanup 4432M->2280M(5120M) 0.165ms
[105.596s][info][gc       ] GC(132) Concurrent class unloading 0.605ms
[105.599s][info][gc       ] GC(132) Pause Final Roots 0.004ms
[105.599s][info][safepoint] Safepoint "ShenandoahFinalRoots", Time since last: 2343634 ns, Reaching safepoint: 3009243 ns, At safepoint: 164077 ns, Total: 3173320 ns
[106.175s][info][gc       ] Trigger: Average GC time (221.69 ms) is above the time for average allocation rate (2933 MB/s) to deplete free headroom (642M) (margin of error = 1.69)
[106.178s][info][gc       ] GC(133) Concurrent reset 2.583ms
[106.182s][info][gc       ] GC(133) Pause Init Mark (unload classes) 0.177ms
[106.183s][info][safepoint] Safepoint "ShenandoahInitMark", Time since last: 579757555 ns, Reaching safepoint: 3174893 ns, At safepoint: 656091 ns, Total: 3830984 ns
[106.183s][info][gc       ] GC(133) Concurrent marking roots 0.320ms
[106.353s][info][gc       ] GC(133) Concurrent marking (unload classes) 169.757ms
[106.357s][info][gc       ] GC(133) Pause Final Mark (unload classes) 0.640ms
[106.357s][info][safepoint] Safepoint "ShenandoahFinalMarkStartEvac", Time since last: 171304006 ns, Reaching safepoint: 2308411 ns, At safepoint: 1058230 ns, Total: 3366641 ns
[106.358s][info][gc       ] GC(133) Concurrent weak references 0.041ms
[106.358s][info][gc       ] GC(133) Concurrent weak roots 0.291ms
[106.358s][info][gc       ] GC(133) Concurrent cleanup 4378M->2252M(5120M) 0.153ms
[106.359s][info][gc       ] GC(133) Concurrent class unloading 0.523ms
[106.362s][info][gc       ] GC(133) Pause Final Roots 0.002ms
[106.362s][info][safepoint] Safepoint "ShenandoahFinalRoots", Time since last: 2268479 ns, Reaching safepoint: 2589170 ns, At safepoint: 300449 ns, Total: 2889619 ns
[106.981s][info][gc       ] Trigger: Average GC time (212.46 ms) is above the time for average allocation rate (2819 MB/s) to deplete free headroom (592M) (margin of error = 1.69)
[106.984s][info][gc       ] GC(134) Concurrent reset 2.589ms
[106.988s][info][gc       ] GC(134) Pause Init Mark (unload classes) 0.261ms
[106.989s][info][safepoint] Safepoint "ShenandoahInitMark", Time since last: 622626755 ns, Reaching safepoint: 3102447 ns, At safepoint: 686834 ns, Total: 3789281 ns
[106.990s][info][gc       ] GC(134) Concurrent marking roots 0.319ms
[107.169s][info][gc       ] GC(134) Concurrent marking (unload classes) 179.333ms
[107.172s][info][gc       ] GC(134) Pause Final Mark (unload classes) 0.658ms
[107.172s][info][safepoint] Safepoint "ShenandoahFinalMarkStartEvac", Time since last: 181235585 ns, Reaching safepoint: 828448 ns, At safepoint: 1115605 ns, Total: 1944053 ns
[107.173s][info][gc       ] GC(134) Concurrent weak references 0.114ms
[107.173s][info][gc       ] GC(134) Concurrent weak roots 0.298ms
[107.173s][info][gc       ] GC(134) Concurrent cleanup 4438M->2260M(5120M) 0.161ms
[107.174s][info][gc       ] GC(134) Concurrent class unloading 0.631ms
[107.174s][info][gc       ] GC(134) Pause Final Roots 0.002ms
[107.175s][info][safepoint] Safepoint "ShenandoahFinalRoots", Time since last: 2404416 ns, Reaching safepoint: 30321 ns, At safepoint: 141415 ns, Total: 171736 ns
[107.798s][info][gc       ] Trigger: Average GC time (206.51 ms) is above the time for average allocation rate (2837 MB/s) to deplete free headroom (580M) (margin of error = 1.68)
[107.801s][info][gc       ] GC(135) Concurrent reset 2.621ms
[107.805s][info][gc       ] GC(135) Pause Init Mark (unload classes) 0.083ms
[107.805s][info][safepoint] Safepoint "ShenandoahInitMark", Time since last: 627148234 ns, Reaching safepoint: 3105361 ns, At safepoint: 566331 ns, Total: 3671692 ns
[107.806s][info][gc       ] GC(135) Concurrent marking roots 0.298ms
[107.973s][info][gc       ] GC(135) Concurrent marking (unload classes) 166.348ms
[107.977s][info][gc       ] GC(135) Pause Final Mark (unload classes) 0.645ms
[107.978s][info][safepoint] Safepoint "ShenandoahFinalMarkStartEvac", Time since last: 168158764 ns, Reaching safepoint: 3073179 ns, At safepoint: 963856 ns, Total: 4037035 ns
[107.978s][info][gc       ] GC(135) Concurrent weak references 0.129ms
[107.979s][info][gc       ] GC(135) Concurrent weak roots 0.243ms
[107.979s][info][gc       ] GC(135) Concurrent cleanup 4464M->2274M(5120M) 0.155ms
[107.980s][info][gc       ] GC(135) Concurrent class unloading 0.577ms
[107.982s][info][gc       ] GC(135) Pause Final Roots 0.004ms
[107.982s][info][safepoint] Safepoint "ShenandoahFinalRoots", Time since last: 2153480 ns, Reaching safepoint: 2262089 ns, At safepoint: 143153 ns, Total: 2405242 ns
[108.605s][info][gc       ] Trigger: Average GC time (200.76 ms) is above the time for average allocation rate (2836 MB/s) to deplete free headroom (566M) (margin of error = 1.68)
[108.609s][info][gc       ] GC(136) Concurrent reset 2.757ms
[108.612s][info][gc       ] GC(136) Pause Init Mark (unload classes) 0.116ms
[108.612s][info][safepoint] Safepoint "ShenandoahInitMark", Time since last: 626775525 ns, Reaching safepoint: 3158874 ns, At safepoint: 394268 ns, Total: 3553142 ns
[108.613s][info][gc       ] GC(136) Concurrent marking roots 0.257ms
[108.806s][info][gc       ] GC(136) Concurrent marking (unload classes) 192.283ms
[108.810s][info][gc       ] GC(136) Pause Final Mark (unload classes) 0.687ms
[108.810s][info][safepoint] Safepoint "ShenandoahFinalMarkStartEvac", Time since last: 193694384 ns, Reaching safepoint: 3099193 ns, At safepoint: 970761 ns, Total: 4069954 ns
[108.811s][info][gc       ] GC(136) Concurrent weak references 0.075ms
[108.811s][info][gc       ] GC(136) Concurrent weak roots 0.377ms
[108.812s][info][gc       ] GC(136) Concurrent cleanup 4408M->2204M(5120M) 0.170ms
[108.812s][info][gc       ] GC(136) Concurrent class unloading 0.542ms
[108.815s][info][gc       ] GC(136) Pause Final Roots 0.003ms
[108.816s][info][safepoint] Safepoint "ShenandoahFinalRoots", Time since last: 2146767 ns, Reaching safepoint: 2945020 ns, At safepoint: 198822 ns, Total: 3143842 ns
[109.453s][info][gc       ] Trigger: Average GC time (218.79 ms) is above the time for average allocation rate (2807 MB/s) to deplete free headroom (610M) (margin of error = 1.65)
[109.456s][info][gc       ] GC(137) Concurrent reset 2.749ms
[109.460s][info][gc       ] GC(137) Pause Init Mark (unload classes) 0.099ms
[109.460s][info][safepoint] Safepoint "ShenandoahInitMark", Time since last: 641408273 ns, Reaching safepoint: 3079887 ns, At safepoint: 414062 ns, Total: 3493949 ns
[109.461s][info][gc       ] GC(137) Concurrent marking roots 0.372ms
[109.632s][info][gc       ] GC(137) Concurrent marking (unload classes) 170.301ms
[109.636s][info][gc       ] GC(137) Pause Final Mark (unload classes) 0.549ms
[109.636s][info][safepoint] Safepoint "ShenandoahFinalMarkStartEvac", Time since last: 171985003 ns, Reaching safepoint: 2994235 ns, At safepoint: 809935 ns, Total: 3804170 ns
[109.636s][info][gc       ] GC(137) Concurrent weak references 0.053ms
[109.637s][info][gc       ] GC(137) Concurrent weak roots 0.215ms
[109.637s][info][gc       ] GC(137) Concurrent cleanup 4428M->2268M(5120M) 0.165ms
[109.638s][info][gc       ] GC(137) Concurrent class unloading 0.513ms
[109.641s][info][gc       ] GC(137) Pause Final Roots 0.003ms
[109.641s][info][safepoint] Safepoint "ShenandoahFinalRoots", Time since last: 1694708 ns, Reaching safepoint: 2907936 ns, At safepoint: 204394 ns, Total: 3112330 ns
[110.274s][info][gc       ] Trigger: Average GC time (210.24 ms) is above the time for average allocation rate (2847 MB/s) to deplete free headroom (594M) (margin of error = 1.65)
[110.277s][info][gc       ] GC(138) Concurrent reset 2.774ms
[110.281s][info][gc       ] GC(138) Pause Init Mark (unload classes) 0.115ms
[110.281s][info][safepoint] Safepoint "ShenandoahInitMark", Time since last: 636796014 ns, Reaching safepoint: 3059090 ns, At safepoint: 427560 ns, Total: 3486650 ns
[110.282s][info][gc       ] GC(138) Concurrent marking roots 0.254ms
[110.454s][info][gc       ] GC(138) Concurrent marking (unload classes) 171.776ms
[110.456s][info][gc       ] GC(138) Pause Final Mark (unload classes) 0.499ms
[110.456s][info][safepoint] Safepoint "ShenandoahFinalMarkStartEvac", Time since last: 173106020 ns, Reaching safepoint: 801863 ns, At safepoint: 712486 ns, Total: 1514349 ns
[110.456s][info][gc       ] GC(138) Concurrent weak references 0.057ms
[110.457s][info][gc       ] GC(138) Concurrent weak roots 0.256ms
[110.457s][info][gc       ] GC(138) Concurrent cleanup 4444M->2272M(5120M) 0.167ms
[110.458s][info][gc       ] GC(138) Concurrent class unloading 0.566ms
[110.461s][info][gc       ] GC(138) Pause Final Roots 0.002ms
[110.461s][info][safepoint] Safepoint "ShenandoahFinalRoots", Time since last: 1980707 ns, Reaching safepoint: 2886580 ns, At safepoint: 166011 ns, Total: 3052591 ns
[110.946s][info][gc       ] Trigger: Average GC time (203.14 ms) is above the time for average allocation rate (2855 MB/s) to deplete free headroom (550M) (margin of error = 1.65)
[110.950s][info][gc       ] GC(139) Concurrent reset 2.806ms
[110.954s][info][gc       ] GC(139) Pause Init Mark (unload classes) 0.235ms
[110.954s][info][safepoint] Safepoint "ShenandoahInitMark", Time since last: 489421155 ns, Reaching safepoint: 3075033 ns, At safepoint: 620673 ns, Total: 3695706 ns
[110.955s][info][gc       ] GC(139) Concurrent marking roots 0.297ms
[111.013s][info][gc       ] GC(139) Concurrent marking (unload classes) 57.860ms
[111.014s][info][gc       ] GC(139) Pause Final Mark (unload classes) 0.515ms
[111.014s][info][safepoint] Safepoint "ShenandoahFinalMarkStartEvac", Time since last: 59491016 ns, Reaching safepoint: 127751 ns, At safepoint: 808488 ns, Total: 936239 ns
[111.015s][info][gc       ] GC(139) Concurrent weak references 0.049ms
[111.016s][info][gc       ] GC(139) Concurrent weak roots 0.336ms
[111.016s][info][gc       ] GC(139) Concurrent cleanup 4307M->819M(5120M) 0.198ms
[111.017s][info][gc       ] GC(139) Concurrent class unloading 0.548ms
[111.017s][info][gc       ] GC(139) Pause Final Roots 0.002ms
[111.017s][info][safepoint] Safepoint "ShenandoahFinalRoots", Time since last: 2424350 ns, Reaching safepoint: 114035 ns, At safepoint: 92942 ns, Total: 206977 ns
[111.990s][info][gc       ] Trigger: Average GC time (227.75 ms) is above the time for average allocation rate (2776 MB/s) to deplete free headroom (628M) (margin of error = 1.62)
[111.992s][info][gc       ] GC(140) Concurrent reset 1.045ms
[111.996s][info][gc       ] GC(140) Pause Init Mark (unload classes) 0.129ms
[111.996s][info][safepoint] Safepoint "ShenandoahInitMark", Time since last: 975140387 ns, Reaching safepoint: 3214240 ns, At safepoint: 695185 ns, Total: 3909425 ns
[111.997s][info][gc       ] GC(140) Concurrent marking roots 0.323ms
[112.183s][info][gc       ] GC(140) Concurrent marking (unload classes) 185.712ms
[112.188s][info][gc       ] GC(140) Pause Final Mark (unload classes) 0.683ms
[112.188s][info][safepoint] Safepoint "ShenandoahFinalMarkStartEvac", Time since last: 187673949 ns, Reaching safepoint: 3109252 ns, At safepoint: 1115591 ns, Total: 4224843 ns
[112.189s][info][gc       ] GC(140) Concurrent weak references 0.094ms
[112.189s][info][gc       ] GC(140) Concurrent weak roots 0.469ms
[112.190s][info][gc       ] GC(140) Concurrent cleanup 4469M->2330M(5120M) 0.308ms
[112.191s][info][gc       ] GC(140) Concurrent class unloading 0.526ms
[112.191s][info][gc       ] GC(140) Pause Final Roots 0.002ms
[112.191s][info][safepoint] Safepoint "ShenandoahFinalRoots", Time since last: 2808611 ns, Reaching safepoint: 36892 ns, At safepoint: 148917 ns, Total: 185809 ns
[112.753s][info][gc       ] Trigger: Average GC time (254.95 ms) is above the time for average allocation rate (2846 MB/s) to deplete free headroom (716M) (margin of error = 1.62)
[112.756s][info][gc       ] GC(141) Concurrent reset 2.755ms
[112.757s][info][gc       ] GC(141) Pause Init Mark (unload classes) 0.124ms
[112.757s][info][safepoint] Safepoint "ShenandoahInitMark", Time since last: 565052640 ns, Reaching safepoint: 351232 ns, At safepoint: 260460 ns, Total: 611692 ns
[112.757s][info][gc       ] GC(141) Concurrent marking roots 0.212ms
[112.958s][info][gc       ] GC(141) Concurrent marking (unload classes) 200.767ms
[112.962s][info][gc       ] GC(141) Pause Final Mark (unload classes) 0.655ms
[112.962s][info][safepoint] Safepoint "ShenandoahFinalMarkStartEvac", Time since last: 201775064 ns, Reaching safepoint: 2712290 ns, At safepoint: 1128752 ns, Total: 3841042 ns
[112.963s][info][gc       ] GC(141) Concurrent weak references 0.201ms
[112.964s][info][gc       ] GC(141) Concurrent weak roots 0.418ms
[112.964s][info][gc       ] GC(141) Concurrent cleanup 4258M->2204M(5120M) 0.158ms
[112.965s][info][gc       ] GC(141) Concurrent class unloading 0.690ms
[112.968s][info][gc       ] GC(141) Pause Final Roots 0.004ms
[112.969s][info][safepoint] Safepoint "ShenandoahFinalRoots", Time since last: 3128281 ns, Reaching safepoint: 2948099 ns, At safepoint: 374557 ns, Total: 3322656 ns
[113.571s][info][gc       ] Trigger: Average GC time (266.13 ms) is above the time for average allocation rate (2713 MB/s) to deplete free headroom (720M) (margin of error = 1.62)
[113.574s][info][gc       ] GC(142) Concurrent reset 2.547ms
[113.578s][info][gc       ] GC(142) Pause Init Mark (unload classes) 0.258ms
[113.578s][info][safepoint] Safepoint "ShenandoahInitMark", Time since last: 605692746 ns, Reaching safepoint: 3098488 ns, At safepoint: 627877 ns, Total: 3726365 ns
[113.579s][info][gc       ] GC(142) Concurrent marking roots 0.315ms
[113.776s][info][gc       ] GC(142) Concurrent marking (unload classes) 196.251ms
[113.780s][info][gc       ] GC(142) Pause Final Mark (unload classes) 0.667ms
[113.780s][info][safepoint] Safepoint "ShenandoahFinalMarkStartEvac", Time since last: 198004278 ns, Reaching safepoint: 3117803 ns, At safepoint: 1011284 ns, Total: 4129087 ns
[113.781s][info][gc       ] GC(142) Concurrent weak references 0.121ms
[113.781s][info][gc       ] GC(142) Concurrent weak roots 0.318ms
[113.782s][info][gc       ] GC(142) Concurrent cleanup 4362M->2310M(5120M) 0.148ms
[113.782s][info][gc       ] GC(142) Concurrent class unloading 0.540ms
[113.785s][info][gc       ] GC(142) Pause Final Roots 0.003ms
[113.786s][info][safepoint] Safepoint "ShenandoahFinalRoots", Time since last: 2050851 ns, Reaching safepoint: 2943087 ns, At safepoint: 295494 ns, Total: 3238581 ns
[114.330s][info][gc       ] Trigger: Average GC time (259.23 ms) is above the time for average allocation rate (2871 MB/s) to deplete free headroom (736M) (margin of error = 1.62)
[114.333s][info][gc       ] GC(143) Concurrent reset 2.900ms
[114.336s][info][gc       ] GC(143) Pause Init Mark (unload classes) 0.111ms
[114.337s][info][safepoint] Safepoint "ShenandoahInitMark", Time since last: 547645722 ns, Reaching safepoint: 3037806 ns, At safepoint: 371610 ns, Total: 3409416 ns
[114.337s][info][gc       ] GC(143) Concurrent marking roots 0.235ms
[114.547s][info][gc       ] GC(143) Concurrent marking (unload classes) 209.371ms
[114.551s][info][gc       ] GC(143) Pause Final Mark (unload classes) 0.636ms
[114.551s][info][safepoint] Safepoint "ShenandoahFinalMarkStartEvac", Time since last: 210670955 ns, Reaching safepoint: 3066696 ns, At safepoint: 998712 ns, Total: 4065408 ns
[114.552s][info][gc       ] GC(143) Concurrent weak references 0.172ms
[114.552s][info][gc       ] GC(143) Concurrent weak roots 0.288ms
[114.553s][info][gc       ] GC(143) Concurrent cleanup 4304M->2270M(5120M) 0.148ms
[114.553s][info][gc       ] GC(143) Concurrent class unloading 0.610ms
[114.556s][info][gc       ] GC(143) Pause Final Roots 0.004ms
[114.556s][info][safepoint] Safepoint "ShenandoahFinalRoots", Time since last: 2126117 ns, Reaching safepoint: 2031041 ns, At safepoint: 107643 ns, Total: 2138684 ns
[115.108s][info][gc       ] Trigger: Average GC time (258.52 ms) is above the time for average allocation rate (2886 MB/s) to deplete free headroom (738M) (margin of error = 1.62)
[115.111s][info][gc       ] GC(144) Concurrent reset 2.574ms
[115.115s][info][gc       ] GC(144) Pause Init Mark (unload classes) 0.134ms
[115.115s][info][safepoint] Safepoint "ShenandoahInitMark", Time since last: 555885527 ns, Reaching safepoint: 2962813 ns, At safepoint: 301816 ns, Total: 3264629 ns
[115.115s][info][gc       ] GC(144) Concurrent marking roots 0.213ms
[115.281s][info][gc       ] GC(144) Concurrent marking (unload classes) 165.443ms
[115.285s][info][gc       ] GC(144) Pause Final Mark (unload classes) 0.747ms
[115.286s][info][safepoint] Safepoint "ShenandoahFinalMarkStartEvac", Time since last: 166719819 ns, Reaching safepoint: 3100247 ns, At safepoint: 1116230 ns, Total: 4216477 ns
[115.286s][info][gc       ] GC(144) Concurrent weak references 0.192ms
[115.287s][info][gc       ] GC(144) Concurrent weak roots 0.431ms
[115.288s][info][gc       ] GC(144) Concurrent cleanup 4304M->2272M(5120M) 0.146ms
[115.289s][info][gc       ] GC(144) Concurrent class unloading 0.677ms
[115.292s][info][gc       ] GC(144) Pause Final Roots 0.003ms
[115.292s][info][safepoint] Safepoint "ShenandoahFinalRoots", Time since last: 3335896 ns, Reaching safepoint: 2896621 ns, At safepoint: 225358 ns, Total: 3121979 ns
[115.887s][info][gc       ] Trigger: Average GC time (238.85 ms) is above the time for average allocation rate (2787 MB/s) to deplete free headroom (656M) (margin of error = 1.62)
[115.890s][info][gc       ] GC(145) Concurrent reset 2.922ms
[115.894s][info][gc       ] GC(145) Pause Init Mark (unload classes) 0.230ms
[115.894s][info][safepoint] Safepoint "ShenandoahInitMark", Time since last: 598664775 ns, Reaching safepoint: 2953826 ns, At safepoint: 592671 ns, Total: 3546497 ns
[115.895s][info][gc       ] GC(145) Concurrent marking roots 0.334ms
[116.087s][info][gc       ] GC(145) Concurrent marking (unload classes) 191.782ms
[116.091s][info][gc       ] GC(145) Pause Final Mark (unload classes) 0.553ms
[116.092s][info][safepoint] Safepoint "ShenandoahFinalMarkStartEvac", Time since last: 193133961 ns, Reaching safepoint: 3149809 ns, At safepoint: 777677 ns, Total: 3927486 ns
[116.092s][info][gc       ] GC(145) Concurrent weak references 0.042ms
[116.092s][info][gc       ] GC(145) Concurrent weak roots 0.268ms
[116.093s][info][gc       ] GC(145) Concurrent cleanup 4364M->2248M(5120M) 0.152ms
[116.093s][info][gc       ] GC(145) Concurrent class unloading 0.602ms
[116.096s][info][gc       ] GC(145) Pause Final Roots 0.010ms
[116.096s][info][safepoint] Safepoint "ShenandoahFinalRoots", Time since last: 1847055 ns, Reaching safepoint: 2973955 ns, At safepoint: 150560 ns, Total: 3124515 ns
[116.747s][info][gc       ] Trigger: Average GC time (233.47 ms) is above the time for average allocation rate (2766 MB/s) to deplete free headroom (642M) (margin of error = 1.62)
[116.750s][info][gc       ] GC(146) Concurrent reset 2.741ms
[116.754s][info][gc       ] GC(146) Pause Init Mark (unload classes) 0.246ms
[116.754s][info][safepoint] Safepoint "ShenandoahInitMark", Time since last: 654028859 ns, Reaching safepoint: 3010765 ns, At safepoint: 484237 ns, Total: 3495002 ns
[116.755s][info][gc       ] GC(146) Concurrent marking roots 0.281ms
[116.944s][info][gc       ] GC(146) Concurrent marking (unload classes) 189.093ms
[116.946s][info][gc       ] GC(146) Pause Final Mark (unload classes) 0.694ms
[116.946s][info][safepoint] Safepoint "ShenandoahFinalMarkStartEvac", Time since last: 190560701 ns, Reaching safepoint: 333864 ns, At safepoint: 1178055 ns, Total: 1511919 ns
[116.947s][info][gc       ] GC(146) Concurrent weak references 0.124ms
[116.947s][info][gc       ] GC(146) Concurrent weak roots 0.507ms
[116.948s][info][gc       ] GC(146) Concurrent cleanup 4336M->2208M(5120M) 0.292ms
[116.949s][info][gc       ] GC(146) Concurrent class unloading 0.652ms
[116.952s][info][gc       ] GC(146) Pause Final Roots 0.004ms
[116.952s][info][safepoint] Safepoint "ShenandoahFinalRoots", Time since last: 2784106 ns, Reaching safepoint: 3063882 ns, At safepoint: 204778 ns, Total: 3268660 ns
[117.549s][info][gc       ] Trigger: Average GC time (225.33 ms) is above the time for average allocation rate (2909 MB/s) to deplete free headroom (652M) (margin of error = 1.62)
[117.552s][info][gc       ] GC(147) Concurrent reset 2.482ms
[117.556s][info][gc       ] GC(147) Pause Init Mark (unload classes) 0.140ms
[117.556s][info][safepoint] Safepoint "ShenandoahInitMark", Time since last: 600303261 ns, Reaching safepoint: 3147508 ns, At safepoint: 728148 ns, Total: 3875656 ns
[117.557s][info][gc       ] GC(147) Concurrent marking roots 0.337ms
[117.737s][info][gc       ] GC(147) Concurrent marking (unload classes) 179.229ms
[117.742s][info][gc       ] GC(147) Pause Final Mark (unload classes) 0.761ms
[117.742s][info][safepoint] Safepoint "ShenandoahFinalMarkStartEvac", Time since last: 181347864 ns, Reaching safepoint: 3107400 ns, At safepoint: 1198303 ns, Total: 4305703 ns
[117.742s][info][gc       ] GC(147) Concurrent weak references 0.051ms
[117.743s][info][gc       ] GC(147) Concurrent weak roots 0.522ms
[117.744s][info][gc       ] GC(147) Concurrent cleanup 4364M->2244M(5120M) 0.158ms
[117.745s][info][gc       ] GC(147) Concurrent class unloading 0.643ms
[117.748s][info][gc       ] GC(147) Pause Final Roots 0.004ms
[117.748s][info][safepoint] Safepoint "ShenandoahFinalRoots", Time since last: 2963796 ns, Reaching safepoint: 2891400 ns, At safepoint: 172223 ns, Total: 3063623 ns
[118.356s][info][gc       ] Trigger: Average GC time (217.08 ms) is above the time for average allocation rate (2866 MB/s) to deplete free headroom (622M) (margin of error = 1.62)
[118.359s][info][gc       ] GC(148) Concurrent reset 2.533ms
[118.363s][info][gc       ] GC(148) Pause Init Mark (unload classes) 0.270ms
[118.363s][info][safepoint] Safepoint "ShenandoahInitMark", Time since last: 611592261 ns, Reaching safepoint: 3110342 ns, At safepoint: 756915 ns, Total: 3867257 ns
[118.364s][info][gc       ] GC(148) Concurrent marking roots 0.376ms
[118.580s][info][gc       ] GC(148) Concurrent marking (unload classes) 215.781ms
[118.585s][info][gc       ] GC(148) Pause Final Mark (unload classes) 0.702ms
[118.585s][info][safepoint] Safepoint "ShenandoahFinalMarkStartEvac", Time since last: 217661811 ns, Reaching safepoint: 3146119 ns, At safepoint: 1244190 ns, Total: 4390309 ns
[118.586s][info][gc       ] GC(148) Concurrent weak references 0.098ms
[118.587s][info][gc       ] GC(148) Concurrent weak roots 0.383ms
[118.587s][info][gc       ] GC(148) Concurrent cleanup 4448M->2302M(5120M) 0.159ms
[118.588s][info][gc       ] GC(148) Concurrent class unloading 0.633ms
[118.592s][info][gc       ] GC(148) Pause Final Roots 0.004ms
[118.592s][info][safepoint] Safepoint "ShenandoahFinalRoots", Time since last: 3350871 ns, Reaching safepoint: 3140164 ns, At safepoint: 203672 ns, Total: 3343836 ns
[119.135s][info][gc       ] Trigger: Average GC time (248.77 ms) is above the time for average allocation rate (2915 MB/s) to deplete free headroom (716M) (margin of error = 1.62)
[119.138s][info][gc       ] GC(149) Concurrent reset 2.514ms
[119.142s][info][gc       ] GC(149) Pause Init Mark (unload classes) 0.299ms
[119.142s][info][safepoint] Safepoint "ShenandoahInitMark", Time since last: 546087836 ns, Reaching safepoint: 3215856 ns, At safepoint: 807349 ns, Total: 4023205 ns
[119.143s][info][gc       ] GC(149) Concurrent marking roots 0.310ms
[119.312s][info][gc       ] GC(149) Concurrent marking (unload classes) 168.168ms
[119.316s][info][gc       ] GC(149) Pause Final Mark (unload classes) 0.697ms
[119.317s][info][safepoint] Safepoint "ShenandoahFinalMarkStartEvac", Time since last: 169998578 ns, Reaching safepoint: 3107376 ns, At safepoint: 1174708 ns, Total: 4282084 ns
[119.317s][info][gc       ] GC(149) Concurrent weak references 0.166ms
[119.318s][info][gc       ] GC(149) Concurrent weak roots 0.371ms
[119.318s][info][gc       ] GC(149) Concurrent cleanup 4328M->2276M(5120M) 0.144ms
[119.319s][info][gc       ] GC(149) Concurrent class unloading 0.703ms
[119.322s][info][gc       ] GC(149) Pause Final Roots 0.003ms
[119.322s][info][safepoint] Safepoint "ShenandoahFinalRoots", Time since last: 3087858 ns, Reaching safepoint: 2351243 ns, At safepoint: 140072 ns, Total: 2491315 ns
[119.884s][info][gc       ] Trigger: Average GC time (236.31 ms) is above the time for average allocation rate (2946 MB/s) to deplete free headroom (688M) (margin of error = 1.62)
[119.888s][info][gc       ] GC(150) Concurrent reset 2.578ms
[119.891s][info][gc       ] GC(150) Pause Init Mark (unload classes) 0.235ms
[119.892s][info][safepoint] Safepoint "ShenandoahInitMark", Time since last: 565914072 ns, Reaching safepoint: 3150653 ns, At safepoint: 816873 ns, Total: 3967526 ns
[119.893s][info][gc       ] GC(150) Concurrent marking roots 0.308ms
[120.100s][info][gc       ] GC(150) Concurrent marking (unload classes) 206.685ms
[120.102s][info][gc       ] GC(150) Pause Final Mark (unload classes) 0.475ms
[120.102s][info][safepoint] Safepoint "ShenandoahFinalMarkStartEvac", Time since last: 208414528 ns, Reaching safepoint: 808228 ns, At safepoint: 838641 ns, Total: 1646869 ns
[120.102s][info][gc       ] GC(150) Concurrent weak references 0.045ms
[120.103s][info][gc       ] GC(150) Concurrent weak roots 0.303ms
[120.103s][info][gc       ] GC(150) Concurrent cleanup 4380M->2298M(5120M) 0.160ms
[120.104s][info][gc       ] GC(150) Concurrent class unloading 0.506ms
[120.107s][info][gc       ] GC(150) Pause Final Roots 0.004ms
[120.107s][info][safepoint] Safepoint "ShenandoahFinalRoots", Time since last: 2140321 ns, Reaching safepoint: 2420994 ns, At safepoint: 303120 ns, Total: 2724114 ns
[120.661s][info][gc       ] Trigger: Average GC time (240.99 ms) is above the time for average allocation rate (2915 MB/s) to deplete free headroom (692M) (margin of error = 1.63)
[120.664s][info][gc       ] GC(151) Concurrent reset 2.555ms
[120.668s][info][gc       ] GC(151) Pause Init Mark (unload classes) 0.210ms
[120.669s][info][safepoint] Safepoint "ShenandoahInitMark", Time since last: 558021913 ns, Reaching safepoint: 3121114 ns, At safepoint: 767854 ns, Total: 3888968 ns
[120.670s][info][gc       ] GC(151) Concurrent marking roots 0.324ms
[120.870s][info][gc       ] GC(151) Concurrent marking (unload classes) 199.341ms
[120.874s][info][gc       ] GC(151) Pause Final Mark (unload classes) 0.660ms
[120.874s][info][safepoint] Safepoint "ShenandoahFinalMarkStartEvac", Time since last: 201381015 ns, Reaching safepoint: 3052613 ns, At safepoint: 1140651 ns, Total: 4193264 ns
[120.875s][info][gc       ] GC(151) Concurrent weak references 0.179ms
[120.876s][info][gc       ] GC(151) Concurrent weak roots 0.418ms
[120.876s][info][gc       ] GC(151) Concurrent cleanup 4436M->2358M(5120M) 0.140ms
[120.877s][info][gc       ] GC(151) Concurrent class unloading 0.618ms
[120.880s][info][gc       ] GC(151) Pause Final Roots 0.003ms
[120.881s][info][safepoint] Safepoint "ShenandoahFinalRoots", Time since last: 2890720 ns, Reaching safepoint: 2979916 ns, At safepoint: 180234 ns, Total: 3160150 ns
[121.434s][info][gc       ] Trigger: Average GC time (236.66 ms) is above the time for average allocation rate (2874 MB/s) to deplete free headroom (670M) (margin of error = 1.65)
[121.437s][info][gc       ] GC(152) Concurrent reset 2.551ms
[121.441s][info][gc       ] GC(152) Pause Init Mark (unload classes) 0.262ms
[121.441s][info][safepoint] Safepoint "ShenandoahInitMark", Time since last: 556608874 ns, Reaching safepoint: 3251768 ns, At safepoint: 797617 ns, Total: 4049385 ns
[121.442s][info][gc       ] GC(152) Concurrent marking roots 0.284ms
[121.643s][info][gc       ] GC(152) Concurrent marking (unload classes) 200.959ms
[121.648s][info][gc       ] GC(152) Pause Final Mark (unload classes) 0.783ms
[121.648s][info][safepoint] Safepoint "ShenandoahFinalMarkStartEvac", Time since last: 202887542 ns, Reaching safepoint: 3150741 ns, At safepoint: 1277416 ns, Total: 4428157 ns
[121.649s][info][gc       ] GC(152) Concurrent weak references 0.157ms
[121.650s][info][gc       ] GC(152) Concurrent weak roots 0.398ms
[121.651s][info][gc       ] GC(152) Concurrent cleanup 4376M->2276M(5120M) 0.142ms
[121.652s][info][gc       ] GC(152) Concurrent class unloading 0.618ms
[121.652s][info][gc       ] GC(152) Pause Final Roots 0.003ms
[121.652s][info][safepoint] Safepoint "ShenandoahFinalRoots", Time since last: 3387812 ns, Reaching safepoint: 127848 ns, At safepoint: 181587 ns, Total: 309435 ns
[122.215s][info][gc       ] Trigger: Average GC time (231.94 ms) is above the time for average allocation rate (2933 MB/s) to deplete free headroom (678M) (margin of error = 1.65)
[122.218s][info][gc       ] GC(153) Concurrent reset 2.545ms
[122.222s][info][gc       ] GC(153) Pause Init Mark (unload classes) 0.129ms
[122.223s][info][safepoint] Safepoint "ShenandoahInitMark", Time since last: 566576035 ns, Reaching safepoint: 3161125 ns, At safepoint: 645613 ns, Total: 3806738 ns
[122.223s][info][gc       ] GC(153) Concurrent marking roots 0.378ms
[122.394s][info][gc       ] GC(153) Concurrent marking (unload classes) 170.079ms
[122.398s][info][gc       ] GC(153) Pause Final Mark (unload classes) 0.765ms
[122.399s][info][safepoint] Safepoint "ShenandoahFinalMarkStartEvac", Time since last: 171882425 ns, Reaching safepoint: 3116274 ns, At safepoint: 1350492 ns, Total: 4466766 ns
[122.400s][info][gc       ] GC(153) Concurrent weak references 0.241ms
[122.401s][info][gc       ] GC(153) Concurrent weak roots 0.611ms
[122.402s][info][gc       ] GC(153) Concurrent cleanup 4370M->2276M(5120M) 0.158ms
[122.403s][info][gc       ] GC(153) Concurrent class unloading 0.626ms
[122.406s][info][gc       ] GC(153) Pause Final Roots 0.004ms
[122.406s][info][safepoint] Safepoint "ShenandoahFinalRoots", Time since last: 3846405 ns, Reaching safepoint: 2793130 ns, At safepoint: 215378 ns, Total: 3008508 ns
[122.902s][info][gc       ] Trigger: Average GC time (228.07 ms) is above the time for average allocation rate (2897 MB/s) to deplete free headroom (654M) (margin of error = 1.65)
[122.906s][info][gc       ] GC(154) Concurrent reset 2.799ms
[122.909s][info][gc       ] GC(154) Pause Init Mark (unload classes) 0.259ms
[122.909s][info][safepoint] Safepoint "ShenandoahInitMark", Time since last: 500376419 ns, Reaching safepoint: 2439573 ns, At safepoint: 684822 ns, Total: 3124395 ns
[122.910s][info][gc       ] GC(154) Concurrent marking roots 0.298ms
[122.947s][info][gc       ] GC(154) Concurrent marking (unload classes) 36.393ms
[122.948s][info][gc       ] GC(154) Pause Final Mark (unload classes) 0.596ms
[122.948s][info][safepoint] Safepoint "ShenandoahFinalMarkStartEvac", Time since last: 37983601 ns, Reaching safepoint: 191167 ns, At safepoint: 900972 ns, Total: 1092139 ns
[122.949s][info][gc       ] GC(154) Concurrent weak references 0.161ms
[122.952s][info][gc       ] GC(154) Concurrent weak roots 2.955ms
[122.952s][info][gc       ] GC(154) Concurrent cleanup 4187M->584M(5120M) 0.165ms
[122.956s][info][gc       ] GC(154) Concurrent class unloading 3.715ms
[122.957s][info][gc       ] GC(154) Pause Final Roots 0.004ms
[122.957s][info][safepoint] Safepoint "ShenandoahFinalRoots", Time since last: 8539677 ns, Reaching safepoint: 40492 ns, At safepoint: 305526 ns, Total: 346018 ns
[123.862s][info][gc       ] Trigger: Average GC time (251.34 ms) is above the time for average allocation rate (2981 MB/s) to deplete free headroom (748M) (margin of error = 1.62)
[123.863s][info][gc       ] GC(155) Concurrent reset 0.710ms
[123.867s][info][gc       ] GC(155) Pause Init Mark (unload classes) 0.245ms
[123.867s][info][safepoint] Safepoint "ShenandoahInitMark", Time since last: 905959893 ns, Reaching safepoint: 3069991 ns, At safepoint: 643162 ns, Total: 3713153 ns
[123.868s][info][gc       ] GC(155) Concurrent marking roots 0.409ms
[124.056s][info][gc       ] GC(155) Concurrent marking (unload classes) 188.044ms
[124.060s][info][gc       ] GC(155) Pause Final Mark (unload classes) 0.686ms
[124.061s][info][safepoint] Safepoint "ShenandoahFinalMarkStartEvac", Time since last: 189677170 ns, Reaching safepoint: 3147761 ns, At safepoint: 1039756 ns, Total: 4187517 ns
[124.061s][info][gc       ] GC(155) Concurrent weak references 0.057ms
[124.062s][info][gc       ] GC(155) Concurrent weak roots 0.354ms
[124.062s][info][gc       ] GC(155) Concurrent cleanup 4271M->2254M(5120M) 0.164ms
[124.062s][info][gc       ] GC(155) Concurrent class unloading 0.496ms
[124.064s][info][gc       ] GC(155) Pause Final Roots 0.004ms
[124.064s][info][safepoint] Safepoint "ShenandoahFinalRoots", Time since last: 1766650 ns, Reaching safepoint: 1324179 ns, At safepoint: 238800 ns, Total: 1562979 ns
[124.655s][info][gc       ] Trigger: Average GC time (270.44 ms) is above the time for average allocation rate (2751 MB/s) to deplete free headroom (736M) (margin of error = 1.62)
[124.658s][info][gc       ] GC(156) Concurrent reset 2.788ms
[124.662s][info][gc       ] GC(156) Pause Init Mark (unload classes) 0.151ms
[124.662s][info][safepoint] Safepoint "ShenandoahInitMark", Time since last: 594245697 ns, Reaching safepoint: 3162205 ns, At safepoint: 755782 ns, Total: 3917987 ns
[124.663s][info][gc       ] GC(156) Concurrent marking roots 0.378ms
[124.860s][info][gc       ] GC(156) Concurrent marking (unload classes) 196.851ms
[124.864s][info][gc       ] GC(156) Pause Final Mark (unload classes) 0.492ms
[124.865s][info][safepoint] Safepoint "ShenandoahFinalMarkStartEvac", Time since last: 198732467 ns, Reaching safepoint: 2923111 ns, At safepoint: 782595 ns, Total: 3705706 ns
[124.865s][info][gc       ] GC(156) Concurrent weak references 0.054ms
[124.866s][info][gc       ] GC(156) Concurrent weak roots 0.285ms
[124.866s][info][gc       ] GC(156) Concurrent cleanup 4332M->2296M(5120M) 0.153ms
[124.867s][info][gc       ] GC(156) Concurrent class unloading 0.614ms
[124.868s][info][gc       ] GC(156) Pause Final Roots 0.008ms
[124.868s][info][safepoint] Safepoint "ShenandoahFinalRoots", Time since last: 2120278 ns, Reaching safepoint: 1034460 ns, At safepoint: 231124 ns, Total: 1265584 ns
[125.412s][info][gc       ] Trigger: Average GC time (272.93 ms) is above the time for average allocation rate (2814 MB/s) to deplete free headroom (764M) (margin of error = 1.62)
[125.415s][info][gc       ] GC(157) Concurrent reset 2.572ms
[125.418s][info][gc       ] GC(157) Pause Init Mark (unload classes) 0.256ms
[125.419s][info][safepoint] Safepoint "ShenandoahInitMark", Time since last: 546787954 ns, Reaching safepoint: 3176026 ns, At safepoint: 771226 ns, Total: 3947252 ns
[125.419s][info][gc       ] GC(157) Concurrent marking roots 0.274ms
[125.632s][info][gc       ] GC(157) Concurrent marking (unload classes) 212.439ms
[125.636s][info][gc       ] GC(157) Pause Final Mark (unload classes) 0.611ms
[125.637s][info][safepoint] Safepoint "ShenandoahFinalMarkStartEvac", Time since last: 213694843 ns, Reaching safepoint: 3085749 ns, At safepoint: 920633 ns, Total: 4006382 ns
[125.637s][info][gc       ] GC(157) Concurrent weak references 0.108ms
[125.637s][info][gc       ] GC(157) Concurrent weak roots 0.274ms
[125.638s][info][gc       ] GC(157) Concurrent cleanup 4326M->2320M(5120M) 0.147ms
[125.638s][info][gc       ] GC(157) Concurrent class unloading 0.533ms
[125.641s][info][gc       ] GC(157) Pause Final Roots 0.004ms
[125.642s][info][safepoint] Safepoint "ShenandoahFinalRoots", Time since last: 1844542 ns, Reaching safepoint: 3080612 ns, At safepoint: 271851 ns, Total: 3352463 ns
[126.172s][info][gc       ] Trigger: Average GC time (277.35 ms) is above the time for average allocation rate (2871 MB/s) to deplete free headroom (790M) (margin of error = 1.62)
[126.175s][info][gc       ] GC(158) Concurrent reset 2.640ms
[126.179s][info][gc       ] GC(158) Pause Init Mark (unload classes) 0.157ms
[126.180s][info][safepoint] Safepoint "ShenandoahInitMark", Time since last: 534055686 ns, Reaching safepoint: 3156367 ns, At safepoint: 609261 ns, Total: 3765628 ns
[126.180s][info][gc       ] GC(158) Concurrent marking roots 0.457ms
[126.342s][info][gc       ] GC(158) Concurrent marking (unload classes) 161.220ms
[126.347s][info][gc       ] GC(158) Pause Final Mark (unload classes) 0.821ms
[126.347s][info][safepoint] Safepoint "ShenandoahFinalMarkStartEvac", Time since last: 163085831 ns, Reaching safepoint: 3269048 ns, At safepoint: 1301817 ns, Total: 4570865 ns
[126.348s][info][gc       ] GC(158) Concurrent weak references 0.048ms
[126.348s][info][gc       ] GC(158) Concurrent weak roots 0.343ms
[126.349s][info][gc       ] GC(158) Concurrent cleanup 4248M->2266M(5120M) 0.146ms
[126.349s][info][gc       ] GC(158) Concurrent class unloading 0.574ms
[126.352s][info][gc       ] GC(158) Pause Final Roots 0.003ms
[126.352s][info][safepoint] Safepoint "ShenandoahFinalRoots", Time since last: 2096030 ns, Reaching safepoint: 2706823 ns, At safepoint: 121962 ns, Total: 2828785 ns
[126.933s][info][gc       ] Trigger: Average GC time (248.37 ms) is above the time for average allocation rate (2818 MB/s) to deplete free headroom (696M) (margin of error = 1.62)
[126.936s][info][gc       ] GC(159) Concurrent reset 2.547ms
[126.940s][info][gc       ] GC(159) Pause Init Mark (unload classes) 0.277ms
[126.941s][info][safepoint] Safepoint "ShenandoahInitMark", Time since last: 584625019 ns, Reaching safepoint: 3214588 ns, At safepoint: 739194 ns, Total: 3953782 ns
[126.941s][info][gc       ] GC(159) Concurrent marking roots 0.383ms
[127.161s][info][gc       ] GC(159) Concurrent marking (unload classes) 218.840ms
[127.165s][info][gc       ] GC(159) Pause Final Mark (unload classes) 0.874ms
[127.166s][info][safepoint] Safepoint "ShenandoahFinalMarkStartEvac", Time since last: 220708476 ns, Reaching safepoint: 3155369 ns, At safepoint: 1414816 ns, Total: 4570185 ns
[127.167s][info][gc       ] GC(159) Concurrent weak references 0.149ms
[127.167s][info][gc       ] GC(159) Concurrent weak roots 0.328ms
[127.167s][info][gc       ] GC(159) Concurrent cleanup 4302M->2226M(5120M) 0.142ms
[127.168s][info][gc       ] GC(159) Concurrent class unloading 0.570ms
[127.171s][info][gc       ] GC(159) Pause Final Roots 0.003ms
[127.171s][info][safepoint] Safepoint "ShenandoahFinalRoots", Time since last: 2361764 ns, Reaching safepoint: 2990276 ns, At safepoint: 169430 ns, Total: 3159706 ns
[127.760s][info][gc       ] Trigger: Average GC time (268.11 ms) is above the time for average allocation rate (2781 MB/s) to deplete free headroom (736M) (margin of error = 1.62)
[127.763s][info][gc       ] GC(160) Concurrent reset 2.775ms
[127.767s][info][gc       ] GC(160) Pause Init Mark (unload classes) 0.595ms
[127.768s][info][safepoint] Safepoint "ShenandoahInitMark", Time since last: 592213339 ns, Reaching safepoint: 2947946 ns, At safepoint: 1167079 ns, Total: 4115025 ns
[127.769s][info][gc       ] GC(160) Concurrent marking roots 0.308ms
[127.948s][info][gc       ] GC(160) Concurrent marking (unload classes) 178.932ms
[127.952s][info][gc       ] GC(160) Pause Final Mark (unload classes) 0.507ms
[127.952s][info][safepoint] Safepoint "ShenandoahFinalMarkStartEvac", Time since last: 180278002 ns, Reaching safepoint: 3038343 ns, At safepoint: 827439 ns, Total: 3865782 ns
[127.952s][info][gc       ] GC(160) Concurrent weak references 0.109ms
[127.953s][info][gc       ] GC(160) Concurrent weak roots 0.341ms
[127.953s][info][gc       ] GC(160) Concurrent cleanup 4302M->2266M(5120M) 0.175ms
[127.954s][info][gc       ] GC(160) Concurrent class unloading 0.524ms
[127.957s][info][gc       ] GC(160) Pause Final Roots 0.004ms
[127.957s][info][safepoint] Safepoint "ShenandoahFinalRoots", Time since last: 1959779 ns, Reaching safepoint: 2920772 ns, At safepoint: 142673 ns, Total: 3063445 ns
[128.549s][info][gc       ] Trigger: Average GC time (246.40 ms) is above the time for average allocation rate (2829 MB/s) to deplete free headroom (690M) (margin of error = 1.62)
[128.552s][info][gc       ] GC(161) Concurrent reset 2.445ms
[128.556s][info][gc       ] GC(161) Pause Init Mark (unload classes) 0.231ms
[128.557s][info][safepoint] Safepoint "ShenandoahInitMark", Time since last: 595636102 ns, Reaching safepoint: 3101973 ns, At safepoint: 843537 ns, Total: 3945510 ns
[128.557s][info][gc       ] GC(161) Concurrent marking roots 0.306ms
[128.751s][info][gc       ] GC(161) Concurrent marking (unload classes) 192.842ms
[128.755s][info][gc       ] GC(161) Pause Final Mark (unload classes) 0.956ms
[128.756s][info][safepoint] Safepoint "ShenandoahFinalMarkStartEvac", Time since last: 194759687 ns, Reaching safepoint: 3048304 ns, At safepoint: 1274704 ns, Total: 4323008 ns
[128.756s][info][gc       ] GC(161) Concurrent weak references 0.148ms
[128.757s][info][gc       ] GC(161) Concurrent weak roots 0.327ms
[128.757s][info][gc       ] GC(161) Concurrent cleanup 4420M->2338M(5120M) 0.178ms
[128.758s][info][gc       ] GC(161) Concurrent class unloading 0.526ms
[128.759s][info][gc       ] GC(161) Pause Final Roots 0.003ms
[128.759s][info][safepoint] Safepoint "ShenandoahFinalRoots", Time since last: 2473993 ns, Reaching safepoint: 1141888 ns, At safepoint: 148097 ns, Total: 1289985 ns
[129.290s][info][gc       ] Trigger: Average GC time (236.64 ms) is above the time for average allocation rate (2974 MB/s) to deplete free headroom (694M) (margin of error = 1.62)
[129.293s][info][gc       ] GC(162) Concurrent reset 2.487ms
[129.296s][info][gc       ] GC(162) Pause Init Mark (unload classes) 0.164ms
[129.297s][info][safepoint] Safepoint "ShenandoahInitMark", Time since last: 533751034 ns, Reaching safepoint: 3096374 ns, At safepoint: 599037 ns, Total: 3695411 ns
[129.297s][info][gc       ] GC(162) Concurrent marking roots 0.257ms
[129.482s][info][gc       ] GC(162) Concurrent marking (unload classes) 184.500ms
[129.487s][info][gc       ] GC(162) Pause Final Mark (unload classes) 0.859ms
[129.487s][info][safepoint] Safepoint "ShenandoahFinalMarkStartEvac", Time since last: 186054835 ns, Reaching safepoint: 3114074 ns, At safepoint: 1391715 ns, Total: 4505789 ns
[129.488s][info][gc       ] GC(162) Concurrent weak references 0.207ms
[129.489s][info][gc       ] GC(162) Concurrent weak roots 0.273ms
[129.489s][info][gc       ] GC(162) Concurrent cleanup 4386M->2310M(5120M) 0.155ms
[129.490s][info][gc       ] GC(162) Concurrent class unloading 0.631ms
[129.492s][info][gc       ] GC(162) Pause Final Roots 0.002ms
[129.492s][info][safepoint] Safepoint "ShenandoahFinalRoots", Time since last: 2450389 ns, Reaching safepoint: 2142338 ns, At safepoint: 103974 ns, Total: 2246312 ns
[130.069s][info][gc       ] Trigger: Average GC time (225.84 ms) is above the time for average allocation rate (2852 MB/s) to deplete free headroom (644M) (margin of error = 1.62)
[130.072s][info][gc       ] GC(163) Concurrent reset 2.576ms
[130.076s][info][gc       ] GC(163) Pause Init Mark (unload classes) 0.236ms
[130.077s][info][safepoint] Safepoint "ShenandoahInitMark", Time since last: 580807102 ns, Reaching safepoint: 3124494 ns, At safepoint: 677894 ns, Total: 3802388 ns
[130.078s][info][gc       ] GC(163) Concurrent marking roots 0.396ms
[130.248s][info][gc       ] GC(163) Concurrent marking (unload classes) 170.243ms
[130.253s][info][gc       ] GC(163) Pause Final Mark (unload classes) 0.683ms
[130.253s][info][safepoint] Safepoint "ShenandoahFinalMarkStartEvac", Time since last: 172024040 ns, Reaching safepoint: 3157097 ns, At safepoint: 1204264 ns, Total: 4361361 ns
[130.254s][info][gc       ] GC(163) Concurrent weak references 0.237ms
[130.255s][info][gc       ] GC(163) Concurrent weak roots 0.370ms
[130.255s][info][gc       ] GC(163) Concurrent cleanup 4400M->2272M(5120M) 0.164ms
[130.256s][info][gc       ] GC(163) Concurrent class unloading 0.559ms
[130.259s][info][gc       ] GC(163) Pause Final Roots 0.003ms
[130.259s][info][safepoint] Safepoint "ShenandoahFinalRoots", Time since last: 3233639 ns, Reaching safepoint: 2933724 ns, At safepoint: 201188 ns, Total: 3134912 ns
[130.872s][info][gc       ] Trigger: Average GC time (216.67 ms) is above the time for average allocation rate (2901 MB/s) to deplete free headroom (602M) (margin of error = 1.62)
[130.875s][info][gc       ] GC(164) Concurrent reset 2.516ms
[130.879s][info][gc       ] GC(164) Pause Init Mark (unload classes) 0.282ms
[130.880s][info][safepoint] Safepoint "ShenandoahInitMark", Time since last: 616228336 ns, Reaching safepoint: 3147004 ns, At safepoint: 652139 ns, Total: 3799143 ns
[130.880s][info][gc       ] GC(164) Concurrent marking roots 0.299ms
[131.072s][info][gc       ] GC(164) Concurrent marking (unload classes) 191.387ms
[131.074s][info][gc       ] GC(164) Pause Final Mark (unload classes) 0.532ms
[131.074s][info][safepoint] Safepoint "ShenandoahFinalMarkStartEvac", Time since last: 192821834 ns, Reaching safepoint: 1195593 ns, At safepoint: 860916 ns, Total: 2056509 ns
[131.075s][info][gc       ] GC(164) Concurrent weak references 0.170ms
[131.075s][info][gc       ] GC(164) Concurrent weak roots 0.260ms
[131.076s][info][gc       ] GC(164) Concurrent cleanup 4394M->2224M(5120M) 0.146ms
[131.076s][info][gc       ] GC(164) Concurrent class unloading 0.515ms
[131.080s][info][gc       ] GC(164) Pause Final Roots 0.002ms
[131.080s][info][safepoint] Safepoint "ShenandoahFinalRoots", Time since last: 2191851 ns, Reaching safepoint: 2954284 ns, At safepoint: 134312 ns, Total: 3088596 ns
[131.708s][info][gc       ] Trigger: Average GC time (217.72 ms) is above the time for average allocation rate (2832 MB/s) to deplete free headroom (606M) (margin of error = 1.61)
[131.710s][info][gc       ] GC(165) Concurrent reset 2.356ms
[131.714s][info][gc       ] GC(165) Pause Init Mark (unload classes) 0.143ms
[131.715s][info][safepoint] Safepoint "ShenandoahInitMark", Time since last: 631210449 ns, Reaching safepoint: 3091688 ns, At safepoint: 639458 ns, Total: 3731146 ns
[131.715s][info][gc       ] GC(165) Concurrent marking roots 0.340ms
[131.893s][info][gc       ] GC(165) Concurrent marking (unload classes) 177.120ms
[131.898s][info][gc       ] GC(165) Pause Final Mark (unload classes) 0.816ms
[131.898s][info][safepoint] Safepoint "ShenandoahFinalMarkStartEvac", Time since last: 179014451 ns, Reaching safepoint: 3269853 ns, At safepoint: 1349535 ns, Total: 4619388 ns
[131.899s][info][gc       ] GC(165) Concurrent weak references 0.172ms
[131.900s][info][gc       ] GC(165) Concurrent weak roots 0.297ms
[131.900s][info][gc       ] GC(165) Concurrent cleanup 4464M->2300M(5120M) 0.144ms
[131.901s][info][gc       ] GC(165) Concurrent class unloading 0.551ms
[131.902s][info][gc       ] GC(165) Pause Final Roots 0.002ms
[131.902s][info][safepoint] Safepoint "ShenandoahFinalRoots", Time since last: 2807160 ns, Reaching safepoint: 1035809 ns, At safepoint: 182462 ns, Total: 1218271 ns
[132.514s][info][gc       ] Trigger: Average GC time (211.02 ms) is above the time for average allocation rate (2820 MB/s) to deplete free headroom (586M) (margin of error = 1.62)
[132.516s][info][gc       ] GC(166) Concurrent reset 2.407ms
[132.521s][info][gc       ] GC(166) Pause Init Mark (unload classes) 0.304ms
[132.521s][info][safepoint] Safepoint "ShenandoahInitMark", Time since last: 614757266 ns, Reaching safepoint: 3249187 ns, At safepoint: 824481 ns, Total: 4073668 ns
[132.522s][info][gc       ] GC(166) Concurrent marking roots 0.350ms
[132.740s][info][gc       ] GC(166) Concurrent marking (unload classes) 217.831ms
[132.745s][info][gc       ] GC(166) Pause Final Mark (unload classes) 0.636ms
[132.745s][info][safepoint] Safepoint "ShenandoahFinalMarkStartEvac", Time since last: 219947635 ns, Reaching safepoint: 3198371 ns, At safepoint: 1241896 ns, Total: 4440267 ns
[132.746s][info][gc       ] GC(166) Concurrent weak references 0.151ms
[132.747s][info][gc       ] GC(166) Concurrent weak roots 0.400ms
[132.748s][info][gc       ] GC(166) Concurrent cleanup 4482M->2296M(5120M) 0.157ms
[132.749s][info][gc       ] GC(166) Concurrent class unloading 0.583ms
[132.752s][info][gc       ] GC(166) Pause Final Roots 0.002ms
[132.752s][info][safepoint] Safepoint "ShenandoahFinalRoots", Time since last: 3156724 ns, Reaching safepoint: 3024377 ns, At safepoint: 223192 ns, Total: 3247569 ns
[133.316s][info][gc       ] Trigger: Average GC time (251.53 ms) is above the time for average allocation rate (2842 MB/s) to deplete free headroom (704M) (margin of error = 1.62)
[133.319s][info][gc       ] GC(167) Concurrent reset 2.483ms
[133.322s][info][gc       ] GC(167) Pause Init Mark (unload classes) 0.129ms
[133.323s][info][safepoint] Safepoint "ShenandoahInitMark", Time since last: 567116450 ns, Reaching safepoint: 3231659 ns, At safepoint: 730137 ns, Total: 3961796 ns
[133.324s][info][gc       ] GC(167) Concurrent marking roots 0.383ms
[133.500s][info][gc       ] GC(167) Concurrent marking (unload classes) 175.276ms
[133.504s][info][gc       ] GC(167) Pause Final Mark (unload classes) 0.594ms
[133.504s][info][safepoint] Safepoint "ShenandoahFinalMarkStartEvac", Time since last: 177273033 ns, Reaching safepoint: 3073326 ns, At safepoint: 1035362 ns, Total: 4108688 ns
[133.505s][info][gc       ] GC(167) Concurrent weak references 0.054ms
[133.505s][info][gc       ] GC(167) Concurrent weak roots 0.305ms
[133.506s][info][gc       ] GC(167) Concurrent cleanup 4342M->2274M(5120M) 0.159ms
[133.506s][info][gc       ] GC(167) Concurrent class unloading 0.556ms
[133.509s][info][gc       ] GC(167) Pause Final Roots 0.003ms
[133.510s][info][safepoint] Safepoint "ShenandoahFinalRoots", Time since last: 2184286 ns, Reaching safepoint: 2951709 ns, At safepoint: 152298 ns, Total: 3104007 ns
[134.097s][info][gc       ] Trigger: Average GC time (236.73 ms) is above the time for average allocation rate (2824 MB/s) to deplete free headroom (666M) (margin of error = 1.62)
[134.100s][info][gc       ] GC(168) Concurrent reset 2.442ms
[134.104s][info][gc       ] GC(168) Pause Init Mark (unload classes) 0.301ms
[134.104s][info][safepoint] Safepoint "ShenandoahInitMark", Time since last: 591042555 ns, Reaching safepoint: 2901328 ns, At safepoint: 906462 ns, Total: 3807790 ns
[134.106s][info][gc       ] GC(168) Concurrent marking roots 0.448ms
[134.303s][info][gc       ] GC(168) Concurrent marking (unload classes) 196.709ms
[134.307s][info][gc       ] GC(168) Pause Final Mark (unload classes) 0.688ms
[134.308s][info][safepoint] Safepoint "ShenandoahFinalMarkStartEvac", Time since last: 199043815 ns, Reaching safepoint: 3024152 ns, At safepoint: 1153969 ns, Total: 4178121 ns
[134.308s][info][gc       ] GC(168) Concurrent weak references 0.165ms
[134.309s][info][gc       ] GC(168) Concurrent weak roots 0.347ms
[134.310s][info][gc       ] GC(168) Concurrent cleanup 4396M->2290M(5120M) 0.156ms
[134.310s][info][gc       ] GC(168) Concurrent class unloading 0.586ms
[134.312s][info][gc       ] GC(168) Pause Final Roots 0.002ms
[134.312s][info][safepoint] Safepoint "ShenandoahFinalRoots", Time since last: 2665802 ns, Reaching safepoint: 1597178 ns, At safepoint: 136564 ns, Total: 1733742 ns
[134.837s][info][gc       ] Trigger: Average GC time (233.03 ms) is above the time for average allocation rate (3083 MB/s) to deplete free headroom (714M) (margin of error = 1.62)
[134.840s][info][gc       ] GC(169) Concurrent reset 2.733ms
[134.844s][info][gc       ] GC(169) Pause Init Mark (unload classes) 0.289ms
[134.845s][info][safepoint] Safepoint "ShenandoahInitMark", Time since last: 528560519 ns, Reaching safepoint: 3189667 ns, At safepoint: 801415 ns, Total: 3991082 ns
[134.846s][info][gc       ] GC(169) Concurrent marking roots 0.515ms
[134.866s][info][gc       ] GC(169) Concurrent marking (unload classes) 20.281ms
[134.868s][info][gc       ] GC(169) Pause Final Mark (unload classes) 0.681ms
[134.868s][info][safepoint] Safepoint "ShenandoahFinalMarkStartEvac", Time since last: 22371626 ns, Reaching safepoint: 179064 ns, At safepoint: 1100011 ns, Total: 1279075 ns
[134.869s][info][gc       ] GC(169) Concurrent weak references 0.178ms
[134.870s][info][gc       ] GC(169) Concurrent weak roots 0.440ms
[134.871s][info][gc       ] GC(169) Concurrent cleanup 4063M->374M(5120M) 0.177ms
[134.871s][info][gc       ] GC(169) Concurrent class unloading 0.537ms
[134.872s][info][gc       ] GC(169) Pause Final Roots 0.002ms
[134.872s][info][safepoint] Safepoint "ShenandoahFinalRoots", Time since last: 3265368 ns, Reaching safepoint: 38788 ns, At safepoint: 136701 ns, Total: 175489 ns
[135.803s][info][gc       ] Trigger: Average GC time (262.57 ms) is above the time for average allocation rate (2994 MB/s) to deplete free headroom (784M) (margin of error = 1.59)
[135.805s][info][gc       ] GC(170) Concurrent reset 0.634ms
[135.808s][info][gc       ] GC(170) Pause Init Mark (unload classes) 0.221ms
[135.809s][info][safepoint] Safepoint "ShenandoahInitMark", Time since last: 933301904 ns, Reaching safepoint: 3177805 ns, At safepoint: 706351 ns, Total: 3884156 ns
[135.810s][info][gc       ] GC(170) Concurrent marking roots 0.341ms
[135.994s][info][gc       ] GC(170) Concurrent marking (unload classes) 184.101ms
[135.998s][info][gc       ] GC(170) Pause Final Mark (unload classes) 0.705ms
[135.999s][info][safepoint] Safepoint "ShenandoahFinalMarkStartEvac", Time since last: 185983686 ns, Reaching safepoint: 2828259 ns, At safepoint: 1051948 ns, Total: 3880207 ns
[135.999s][info][gc       ] GC(170) Concurrent weak references 0.222ms
[136.000s][info][gc       ] GC(170) Concurrent weak roots 0.447ms
[136.001s][info][gc       ] GC(170) Concurrent cleanup 4305M->2330M(5120M) 0.333ms
[136.002s][info][gc       ] GC(170) Concurrent class unloading 0.736ms
[136.005s][info][gc       ] GC(170) Pause Final Roots 0.003ms
[136.005s][info][safepoint] Safepoint "ShenandoahFinalRoots", Time since last: 3103689 ns, Reaching safepoint: 2927271 ns, At safepoint: 134521 ns, Total: 3061792 ns
[136.501s][info][gc       ] Trigger: Average GC time (279.06 ms) is above the time for average allocation rate (2947 MB/s) to deplete free headroom (814M) (margin of error = 1.59)
[136.504s][info][gc       ] GC(171) Concurrent reset 2.581ms
[136.506s][info][gc       ] GC(171) Pause Init Mark (unload classes) 0.166ms
[136.506s][info][safepoint] Safepoint "ShenandoahInitMark", Time since last: 499188511 ns, Reaching safepoint: 1413024 ns, At safepoint: 480313 ns, Total: 1893337 ns
[136.507s][info][gc       ] GC(171) Concurrent marking roots 0.376ms
[136.684s][info][gc       ] GC(171) Concurrent marking (unload classes) 176.786ms
[136.687s][info][gc       ] GC(171) Pause Final Mark (unload classes) 0.655ms
[136.688s][info][safepoint] Safepoint "ShenandoahFinalMarkStartEvac", Time since last: 178904072 ns, Reaching safepoint: 1593466 ns, At safepoint: 1211046 ns, Total: 2804512 ns
[136.689s][info][gc       ] GC(171) Concurrent weak references 0.187ms
[136.689s][info][gc       ] GC(171) Concurrent weak roots 0.400ms
[136.690s][info][gc       ] GC(171) Concurrent cleanup 4248M->2296M(5120M) 0.158ms
[136.691s][info][gc       ] GC(171) Concurrent class unloading 0.801ms
[136.692s][info][gc       ] GC(171) Pause Final Roots 0.002ms
[136.692s][info][safepoint] Safepoint "ShenandoahFinalRoots", Time since last: 3494783 ns, Reaching safepoint: 678758 ns, At safepoint: 159457 ns, Total: 838215 ns
[137.224s][info][gc       ] Trigger: Average GC time (262.60 ms) is above the time for average allocation rate (2887 MB/s) to deplete free headroom (756M) (margin of error = 1.59)
[137.227s][info][gc       ] GC(172) Concurrent reset 2.517ms
[137.231s][info][gc       ] GC(172) Pause Init Mark (unload classes) 0.274ms
[137.231s][info][safepoint] Safepoint "ShenandoahInitMark", Time since last: 535293293 ns, Reaching safepoint: 3152599 ns, At safepoint: 908417 ns, Total: 4061016 ns
[137.232s][info][gc       ] GC(172) Concurrent marking roots 0.342ms
[137.443s][info][gc       ] GC(172) Concurrent marking (unload classes) 209.731ms
[137.447s][info][gc       ] GC(172) Pause Final Mark (unload classes) 0.547ms
[137.448s][info][safepoint] Safepoint "ShenandoahFinalMarkStartEvac", Time since last: 211958209 ns, Reaching safepoint: 3087832 ns, At safepoint: 1014297 ns, Total: 4102129 ns
[137.448s][info][gc       ] GC(172) Concurrent weak references 0.144ms
[137.449s][info][gc       ] GC(172) Concurrent weak roots 0.422ms
[137.450s][info][gc       ] GC(172) Concurrent cleanup 4288M->2276M(5120M) 0.167ms
[137.451s][info][gc       ] GC(172) Concurrent class unloading 0.792ms
[137.452s][info][gc       ] GC(172) Pause Final Roots 0.002ms
[137.452s][info][safepoint] Safepoint "ShenandoahFinalRoots", Time since last: 3686092 ns, Reaching safepoint: 875013 ns, At safepoint: 155314 ns, Total: 1030327 ns
[137.994s][info][gc       ] Trigger: Average GC time (275.69 ms) is above the time for average allocation rate (2897 MB/s) to deplete free headroom (792M) (margin of error = 1.59)
[137.997s][info][gc       ] GC(173) Concurrent reset 2.468ms
[138.000s][info][gc       ] GC(173) Pause Init Mark (unload classes) 0.113ms
[138.001s][info][safepoint] Safepoint "ShenandoahInitMark", Time since last: 545021550 ns, Reaching safepoint: 3100765 ns, At safepoint: 697116 ns, Total: 3797881 ns
[138.002s][info][gc       ] GC(173) Concurrent marking roots 0.311ms
[138.185s][info][gc       ] GC(173) Concurrent marking (unload classes) 182.960ms
[138.189s][info][gc       ] GC(173) Pause Final Mark (unload classes) 0.503ms
[138.190s][info][safepoint] Safepoint "ShenandoahFinalMarkStartEvac", Time since last: 184996652 ns, Reaching safepoint: 2662393 ns, At safepoint: 874871 ns, Total: 3537264 ns
[138.190s][info][gc       ] GC(173) Concurrent weak references 0.193ms
[138.191s][info][gc       ] GC(173) Concurrent weak roots 0.439ms
[138.191s][info][gc       ] GC(173) Concurrent cleanup 4148M->2172M(5120M) 0.156ms
[138.192s][info][gc       ] GC(173) Concurrent class unloading 0.669ms
[138.195s][info][gc       ] GC(173) Pause Final Roots 0.003ms
[138.195s][info][safepoint] Safepoint "ShenandoahFinalRoots", Time since last: 2644500 ns, Reaching safepoint: 2925534 ns, At safepoint: 287511 ns, Total: 3213045 ns
[138.770s][info][gc       ] Trigger: Average GC time (253.68 ms) is above the time for average allocation rate (2946 MB/s) to deplete free headroom (738M) (margin of error = 1.59)
[138.773s][info][gc       ] GC(174) Concurrent reset 2.579ms
[138.776s][info][gc       ] GC(174) Pause Init Mark (unload classes) 0.134ms
[138.777s][info][safepoint] Safepoint "ShenandoahInitMark", Time since last: 577671298 ns, Reaching safepoint: 3072403 ns, At safepoint: 578473 ns, Total: 3650876 ns
[138.778s][info][gc       ] GC(174) Concurrent marking roots 0.327ms
[138.963s][info][gc       ] GC(174) Concurrent marking (unload classes) 185.366ms
[138.968s][info][gc       ] GC(174) Pause Final Mark (unload classes) 0.850ms
[138.969s][info][safepoint] Safepoint "ShenandoahFinalMarkStartEvac", Time since last: 187219417 ns, Reaching safepoint: 3135774 ns, At safepoint: 1497947 ns, Total: 4633721 ns
[138.969s][info][gc       ] GC(174) Concurrent weak references 0.047ms
[138.969s][info][gc       ] GC(174) Concurrent weak roots 0.256ms
[138.970s][info][gc       ] GC(174) Concurrent cleanup 4340M->2312M(5120M) 0.150ms
[138.970s][info][gc       ] GC(174) Concurrent class unloading 0.603ms
[138.972s][info][gc       ] GC(174) Pause Final Roots 0.002ms
[138.972s][info][safepoint] Safepoint "ShenandoahFinalRoots", Time since last: 1768606 ns, Reaching safepoint: 1621262 ns, At safepoint: 134655 ns, Total: 1755917 ns
[139.520s][info][gc       ] Trigger: Average GC time (238.66 ms) is above the time for average allocation rate (2918 MB/s) to deplete free headroom (690M) (margin of error = 1.59)
[139.523s][info][gc       ] GC(175) Concurrent reset 2.491ms
[139.526s][info][gc       ] GC(175) Pause Init Mark (unload classes) 0.270ms
[139.527s][info][safepoint] Safepoint "ShenandoahInitMark", Time since last: 550790722 ns, Reaching safepoint: 3151278 ns, At safepoint: 747819 ns, Total: 3899097 ns
[139.528s][info][gc       ] GC(175) Concurrent marking roots 0.304ms
[139.709s][info][gc       ] GC(175) Concurrent marking (unload classes) 180.808ms
[139.713s][info][gc       ] GC(175) Pause Final Mark (unload classes) 0.587ms
[139.713s][info][safepoint] Safepoint "ShenandoahFinalMarkStartEvac", Time since last: 182235628 ns, Reaching safepoint: 3116022 ns, At safepoint: 1036129 ns, Total: 4152151 ns
[139.714s][info][gc       ] GC(175) Concurrent weak references 0.157ms
[139.714s][info][gc       ] GC(175) Concurrent weak roots 0.279ms
[139.714s][info][gc       ] GC(175) Concurrent cleanup 4382M->2304M(5120M) 0.138ms
[139.715s][info][gc       ] GC(175) Concurrent class unloading 0.600ms
[139.718s][info][gc       ] GC(175) Pause Final Roots 0.003ms
[139.718s][info][safepoint] Safepoint "ShenandoahFinalRoots", Time since last: 1955507 ns, Reaching safepoint: 2944365 ns, At safepoint: 168724 ns, Total: 3113089 ns
[140.290s][info][gc       ] Trigger: Average GC time (226.26 ms) is above the time for average allocation rate (2887 MB/s) to deplete free headroom (650M) (margin of error = 1.59)
[140.293s][info][gc       ] GC(176) Concurrent reset 2.989ms
[140.293s][info][gc       ] GC(176) Pause Init Mark (unload classes) 0.103ms
[140.294s][info][safepoint] Safepoint "ShenandoahInitMark", Time since last: 574857578 ns, Reaching safepoint: 152029 ns, At safepoint: 430462 ns, Total: 582491 ns
[140.294s][info][gc       ] GC(176) Concurrent marking roots 0.240ms
[140.470s][info][gc       ] GC(176) Concurrent marking (unload classes) 175.819ms
[140.474s][info][gc       ] GC(176) Pause Final Mark (unload classes) 0.566ms
[140.475s][info][safepoint] Safepoint "ShenandoahFinalMarkStartEvac", Time since last: 176994309 ns, Reaching safepoint: 3129380 ns, At safepoint: 1045283 ns, Total: 4174663 ns
[140.476s][info][gc       ] GC(176) Concurrent weak references 0.057ms
[140.476s][info][gc       ] GC(176) Concurrent weak roots 0.248ms
[140.477s][info][gc       ] GC(176) Concurrent cleanup 4310M->2194M(5120M) 0.158ms
[140.477s][info][gc       ] GC(176) Concurrent class unloading 0.485ms
[140.480s][info][gc       ] GC(176) Pause Final Roots 0.003ms
[140.481s][info][safepoint] Safepoint "ShenandoahFinalRoots", Time since last: 2740269 ns, Reaching safepoint: 2747814 ns, At safepoint: 120220 ns, Total: 2868034 ns
[141.094s][info][gc       ] Trigger: Average GC time (215.36 ms) is above the time for average allocation rate (2935 MB/s) to deplete free headroom (632M) (margin of error = 1.59)
[141.097s][info][gc       ] GC(177) Concurrent reset 2.481ms
[141.101s][info][gc       ] GC(177) Pause Init Mark (unload classes) 0.196ms
[141.102s][info][safepoint] Safepoint "ShenandoahInitMark", Time since last: 617036055 ns, Reaching safepoint: 3180826 ns, At safepoint: 794199 ns, Total: 3975025 ns
[141.102s][info][gc       ] GC(177) Concurrent marking roots 0.325ms
[141.292s][info][gc       ] GC(177) Concurrent marking (unload classes) 189.268ms
[141.296s][info][gc       ] GC(177) Pause Final Mark (unload classes) 0.691ms
[141.297s][info][safepoint] Safepoint "ShenandoahFinalMarkStartEvac", Time since last: 190961709 ns, Reaching safepoint: 3254392 ns, At safepoint: 1167171 ns, Total: 4421563 ns
[141.297s][info][gc       ] GC(177) Concurrent weak references 0.092ms
[141.298s][info][gc       ] GC(177) Concurrent weak roots 0.485ms
[141.299s][info][gc       ] GC(177) Concurrent cleanup 4460M->2326M(5120M) 0.318ms
[141.299s][info][gc       ] GC(177) Concurrent class unloading 0.522ms
[141.300s][info][gc       ] GC(177) Pause Final Roots 0.002ms
[141.300s][info][safepoint] Safepoint "ShenandoahFinalRoots", Time since last: 2733461 ns, Reaching safepoint: 33568 ns, At safepoint: 138602 ns, Total: 172170 ns
[141.880s][info][gc       ] Trigger: Average GC time (216.49 ms) is above the time for average allocation rate (2867 MB/s) to deplete free headroom (614M) (margin of error = 1.59)
[141.883s][info][gc       ] GC(178) Concurrent reset 2.422ms
[141.887s][info][gc       ] GC(178) Pause Init Mark (unload classes) 0.232ms
[141.887s][info][safepoint] Safepoint "ShenandoahInitMark", Time since last: 583475315 ns, Reaching safepoint: 3104111 ns, At safepoint: 715796 ns, Total: 3819907 ns
[141.888s][info][gc       ] GC(178) Concurrent marking roots 0.306ms
[142.077s][info][gc       ] GC(178) Concurrent marking (unload classes) 188.464ms
[142.081s][info][gc       ] GC(178) Pause Final Mark (unload classes) 0.512ms
[142.081s][info][safepoint] Safepoint "ShenandoahFinalMarkStartEvac", Time since last: 190005895 ns, Reaching safepoint: 3099460 ns, At safepoint: 795923 ns, Total: 3895383 ns
[142.082s][info][gc       ] GC(178) Concurrent weak references 0.167ms
[142.082s][info][gc       ] GC(178) Concurrent weak roots 0.252ms
[142.082s][info][gc       ] GC(178) Concurrent cleanup 4504M->2354M(5120M) 0.146ms
[142.083s][info][gc       ] GC(178) Concurrent class unloading 0.471ms
[142.086s][info][gc       ] GC(178) Pause Final Roots 0.003ms
[142.086s][info][safepoint] Safepoint "ShenandoahFinalRoots", Time since last: 2052753 ns, Reaching safepoint: 2936322 ns, At safepoint: 255599 ns, Total: 3191921 ns
[142.657s][info][gc       ] Trigger: Average GC time (215.43 ms) is above the time for average allocation rate (2863 MB/s) to deplete free headroom (614M) (margin of error = 1.59)
[142.660s][info][gc       ] GC(179) Concurrent reset 2.425ms
[142.664s][info][gc       ] GC(179) Pause Init Mark (unload classes) 0.257ms
[142.664s][info][safepoint] Safepoint "ShenandoahInitMark", Time since last: 573901562 ns, Reaching safepoint: 3233348 ns, At safepoint: 822862 ns, Total: 4056210 ns
[142.665s][info][gc       ] GC(179) Concurrent marking roots 0.303ms
[142.865s][info][gc       ] GC(179) Concurrent marking (unload classes) 199.666ms
[142.869s][info][gc       ] GC(179) Pause Final Mark (unload classes) 0.902ms
[142.869s][info][safepoint] Safepoint "ShenandoahFinalMarkStartEvac", Time since last: 201805322 ns, Reaching safepoint: 1643339 ns, At safepoint: 1555654 ns, Total: 3198993 ns
[142.870s][info][gc       ] GC(179) Concurrent weak references 0.173ms
[142.871s][info][gc       ] GC(179) Concurrent weak roots 0.591ms
[142.872s][info][gc       ] GC(179) Concurrent cleanup 4458M->2304M(5120M) 0.154ms
[142.872s][info][gc       ] GC(179) Concurrent class unloading 0.618ms
[142.876s][info][gc       ] GC(179) Pause Final Roots 0.004ms
[142.876s][info][safepoint] Safepoint "ShenandoahFinalRoots", Time since last: 3407956 ns, Reaching safepoint: 3153066 ns, At safepoint: 280344 ns, Total: 3433410 ns
[143.449s][info][gc       ] Trigger: Average GC time (226.35 ms) is above the time for average allocation rate (2871 MB/s) to deplete free headroom (640M) (margin of error = 1.59)
[143.453s][info][gc       ] GC(180) Concurrent reset 2.583ms
[143.457s][info][gc       ] GC(180) Pause Init Mark (unload classes) 0.272ms
[143.457s][info][safepoint] Safepoint "ShenandoahInitMark", Time since last: 577041166 ns, Reaching safepoint: 3204895 ns, At safepoint: 841524 ns, Total: 4046419 ns
[143.458s][info][gc       ] GC(180) Concurrent marking roots 0.298ms
[143.616s][info][gc       ] GC(180) Concurrent marking (unload classes) 157.935ms
[143.621s][info][gc       ] GC(180) Pause Final Mark (unload classes) 0.781ms
[143.622s][info][safepoint] Safepoint "ShenandoahFinalMarkStartEvac", Time since last: 159945006 ns, Reaching safepoint: 3232419 ns, At safepoint: 1412151 ns, Total: 4644570 ns
[143.622s][info][gc       ] GC(180) Concurrent weak references 0.175ms
[143.623s][info][gc       ] GC(180) Concurrent weak roots 0.416ms
[143.624s][info][gc       ] GC(180) Concurrent cleanup 4410M->2282M(5120M) 0.147ms
[143.625s][info][gc       ] GC(180) Concurrent class unloading 0.606ms
[143.628s][info][gc       ] GC(180) Pause Final Roots 0.007ms
[143.628s][info][safepoint] Safepoint "ShenandoahFinalRoots", Time since last: 3313817 ns, Reaching safepoint: 3123250 ns, At safepoint: 285131 ns, Total: 3408381 ns
[144.208s][info][gc       ] Trigger: Average GC time (222.76 ms) is above the time for average allocation rate (2895 MB/s) to deplete free headroom (642M) (margin of error = 1.59)
[144.211s][info][gc       ] GC(181) Concurrent reset 2.762ms
[144.215s][info][gc       ] GC(181) Pause Init Mark (unload classes) 0.214ms
[144.216s][info][safepoint] Safepoint "ShenandoahInitMark", Time since last: 583534905 ns, Reaching safepoint: 3192657 ns, At safepoint: 780613 ns, Total: 3973270 ns
[144.217s][info][gc       ] GC(181) Concurrent marking roots 0.305ms
[144.393s][info][gc       ] GC(181) Concurrent marking (unload classes) 175.323ms
[144.398s][info][gc       ] GC(181) Pause Final Mark (unload classes) 0.878ms
[144.398s][info][safepoint] Safepoint "ShenandoahFinalMarkStartEvac", Time since last: 177464775 ns, Reaching safepoint: 3296301 ns, At safepoint: 1427748 ns, Total: 4724049 ns
[144.399s][info][gc       ] GC(181) Concurrent weak references 0.185ms
[144.399s][info][gc       ] GC(181) Concurrent weak roots 0.415ms
[144.400s][info][gc       ] GC(181) Concurrent cleanup 4434M->2308M(5120M) 0.154ms
[144.401s][info][gc       ] GC(181) Concurrent class unloading 0.497ms
[144.402s][info][gc       ] GC(181) Pause Final Roots 0.002ms
[144.402s][info][safepoint] Safepoint "ShenandoahFinalRoots", Time since last: 2725112 ns, Reaching safepoint: 1233096 ns, At safepoint: 350642 ns, Total: 1583738 ns
[144.974s][info][gc       ] Trigger: Average GC time (214.11 ms) is above the time for average allocation rate (2919 MB/s) to deplete free headroom (620M) (margin of error = 1.59)
[144.977s][info][gc       ] GC(182) Concurrent reset 2.580ms
[144.981s][info][gc       ] GC(182) Pause Init Mark (unload classes) 0.128ms
[144.981s][info][safepoint] Safepoint "ShenandoahInitMark", Time since last: 574938075 ns, Reaching safepoint: 3209265 ns, At safepoint: 735204 ns, Total: 3944469 ns
[144.982s][info][gc       ] GC(182) Concurrent marking roots 0.417ms
[145.158s][info][gc       ] GC(182) Concurrent marking (unload classes) 175.771ms
[145.163s][info][gc       ] GC(182) Pause Final Mark (unload classes) 0.543ms
[145.163s][info][safepoint] Safepoint "ShenandoahFinalMarkStartEvac", Time since last: 177605128 ns, Reaching safepoint: 3172435 ns, At safepoint: 908902 ns, Total: 4081337 ns
[145.163s][info][gc       ] GC(182) Concurrent weak references 0.049ms
[145.164s][info][gc       ] GC(182) Concurrent weak roots 0.324ms
[145.164s][info][gc       ] GC(182) Concurrent cleanup 4408M->2260M(5120M) 0.157ms
[145.165s][info][gc       ] GC(182) Concurrent class unloading 0.548ms
[145.168s][info][gc       ] GC(182) Pause Final Roots 0.010ms
[145.168s][info][safepoint] Safepoint "ShenandoahFinalRoots", Time since last: 2130026 ns, Reaching safepoint: 3031315 ns, At safepoint: 244683 ns, Total: 3275998 ns
[145.760s][info][gc       ] Trigger: Average GC time (208.21 ms) is above the time for average allocation rate (2939 MB/s) to deplete free headroom (604M) (margin of error = 1.59)
[145.763s][info][gc       ] GC(183) Concurrent reset 2.318ms
[145.767s][info][gc       ] GC(183) Pause Init Mark (unload classes) 0.144ms
[145.767s][info][safepoint] Safepoint "ShenandoahInitMark", Time since last: 595127194 ns, Reaching safepoint: 3115838 ns, At safepoint: 584744 ns, Total: 3700582 ns
[145.768s][info][gc       ] GC(183) Concurrent marking roots 0.345ms
[145.971s][info][gc       ] GC(183) Concurrent marking (unload classes) 203.070ms
[145.976s][info][gc       ] GC(183) Pause Final Mark (unload classes) 0.788ms
[145.977s][info][safepoint] Safepoint "ShenandoahFinalMarkStartEvac", Time since last: 204725931 ns, Reaching safepoint: 3161901 ns, At safepoint: 1371424 ns, Total: 4533325 ns
[145.977s][info][gc       ] GC(183) Concurrent weak references 0.182ms
[145.978s][info][gc       ] GC(183) Concurrent weak roots 0.443ms
[145.978s][info][gc       ] GC(183) Concurrent cleanup 4500M->2336M(5120M) 0.144ms
[145.979s][info][gc       ] GC(183) Concurrent class unloading 0.571ms
[145.979s][info][gc       ] GC(183) Pause Final Roots 0.003ms
[145.979s][info][safepoint] Safepoint "ShenandoahFinalRoots", Time since last: 2566077 ns, Reaching safepoint: 96247 ns, At safepoint: 146973 ns, Total: 243220 ns
[146.471s][info][gc       ] Trigger: Average GC time (228.31 ms) is above the time for average allocation rate (2916 MB/s) to deplete free headroom (640M) (margin of error = 1.59)
[146.474s][info][gc       ] GC(184) Concurrent reset 2.727ms
[146.478s][info][gc       ] GC(184) Pause Init Mark (unload classes) 0.247ms
[146.478s][info][safepoint] Safepoint "ShenandoahInitMark", Time since last: 494933761 ns, Reaching safepoint: 3306257 ns, At safepoint: 754835 ns, Total: 4061092 ns
[146.479s][info][gc       ] GC(184) Concurrent marking roots 0.383ms
[146.504s][info][gc       ] GC(184) Concurrent marking (unload classes) 25.084ms
[146.506s][info][gc       ] GC(184) Pause Final Mark (unload classes) 0.657ms
[146.506s][info][safepoint] Safepoint "ShenandoahFinalMarkStartEvac", Time since last: 26660785 ns, Reaching safepoint: 172284 ns, At safepoint: 967487 ns, Total: 1139771 ns
[146.507s][info][gc       ] GC(184) Concurrent weak references 0.153ms
[146.508s][info][gc       ] GC(184) Concurrent weak roots 0.538ms
[146.508s][info][gc       ] GC(184) Concurrent cleanup 4131M->435M(5120M) 0.167ms
[146.512s][info][gc       ] GC(184) Concurrent class unloading 3.734ms
[146.515s][info][gc       ] GC(184) Pause Final Roots 0.003ms
[146.515s][info][safepoint] Safepoint "ShenandoahFinalRoots", Time since last: 5778512 ns, Reaching safepoint: 3053901 ns, At safepoint: 218545 ns, Total: 3272446 ns
[147.418s][info][gc       ] Trigger: Average GC time (253.17 ms) is above the time for average allocation rate (3075 MB/s) to deplete free headroom (768M) (margin of error = 1.56)
[147.419s][info][gc       ] GC(185) Concurrent reset 0.719ms
[147.423s][info][gc       ] GC(185) Pause Init Mark (unload classes) 0.237ms
[147.424s][info][safepoint] Safepoint "ShenandoahInitMark", Time since last: 904775561 ns, Reaching safepoint: 3157357 ns, At safepoint: 754885 ns, Total: 3912242 ns
[147.425s][info][gc       ] GC(185) Concurrent marking roots 0.284ms
[147.587s][info][gc       ] GC(185) Concurrent marking (unload classes) 162.516ms
[147.592s][info][gc       ] GC(185) Pause Final Mark (unload classes) 0.622ms
[147.592s][info][safepoint] Safepoint "ShenandoahFinalMarkStartEvac", Time since last: 164264291 ns, Reaching safepoint: 3153229 ns, At safepoint: 1071072 ns, Total: 4224301 ns
[147.593s][info][gc       ] GC(185) Concurrent weak references 0.193ms
[147.594s][info][gc       ] GC(185) Concurrent weak roots 0.393ms
[147.594s][info][gc       ] GC(185) Concurrent cleanup 4266M->2274M(5120M) 0.144ms
[147.595s][info][gc       ] GC(185) Concurrent class unloading 0.616ms
[147.598s][info][gc       ] GC(185) Pause Final Roots 0.004ms
[147.598s][info][safepoint] Safepoint "ShenandoahFinalRoots", Time since last: 2761170 ns, Reaching safepoint: 3113775 ns, At safepoint: 276444 ns, Total: 3390219 ns
[148.151s][info][gc       ] Trigger: Average GC time (252.67 ms) is above the time for average allocation rate (2953 MB/s) to deplete free headroom (746M) (margin of error = 1.56)
[148.154s][info][gc       ] GC(186) Concurrent reset 2.626ms
[148.155s][info][gc       ] GC(186) Pause Init Mark (unload classes) 0.248ms
[148.156s][info][safepoint] Safepoint "ShenandoahInitMark", Time since last: 556071258 ns, Reaching safepoint: 631073 ns, At safepoint: 689784 ns, Total: 1320857 ns
[148.157s][info][gc       ] GC(186) Concurrent marking roots 0.316ms
[148.321s][info][gc       ] GC(186) Concurrent marking (unload classes) 163.641ms
[148.323s][info][gc       ] GC(186) Pause Final Mark (unload classes) 0.574ms
[148.323s][info][safepoint] Safepoint "ShenandoahFinalMarkStartEvac", Time since last: 165442542 ns, Reaching safepoint: 987608 ns, At safepoint: 995800 ns, Total: 1983408 ns
[148.324s][info][gc       ] GC(186) Concurrent weak references 0.053ms
[148.325s][info][gc       ] GC(186) Concurrent weak roots 0.418ms
[148.325s][info][gc       ] GC(186) Concurrent cleanup 4302M->2276M(5120M) 0.161ms
[148.326s][info][gc       ] GC(186) Concurrent class unloading 0.676ms
[148.330s][info][gc       ] GC(186) Pause Final Roots 0.002ms
[148.330s][info][safepoint] Safepoint "ShenandoahFinalRoots", Time since last: 3275328 ns, Reaching safepoint: 2990874 ns, At safepoint: 276401 ns, Total: 3267275 ns
[148.921s][info][gc       ] Trigger: Average GC time (239.22 ms) is above the time for average allocation rate (2806 MB/s) to deplete free headroom (670M) (margin of error = 1.56)
[148.924s][info][gc       ] GC(187) Concurrent reset 2.426ms
[148.928s][info][gc       ] GC(187) Pause Init Mark (unload classes) 0.172ms
[148.928s][info][safepoint] Safepoint "ShenandoahInitMark", Time since last: 594603133 ns, Reaching safepoint: 3219857 ns, At safepoint: 727595 ns, Total: 3947452 ns
[148.929s][info][gc       ] GC(187) Concurrent marking roots 0.332ms
[149.125s][info][gc       ] GC(187) Concurrent marking (unload classes) 195.065ms
[149.130s][info][gc       ] GC(187) Pause Final Mark (unload classes) 0.739ms
[149.130s][info][safepoint] Safepoint "ShenandoahFinalMarkStartEvac", Time since last: 197249064 ns, Reaching safepoint: 3208948 ns, At safepoint: 1374677 ns, Total: 4583625 ns
[149.131s][info][gc       ] GC(187) Concurrent weak references 0.201ms
[149.132s][info][gc       ] GC(187) Concurrent weak roots 0.361ms
[149.132s][info][gc       ] GC(187) Concurrent cleanup 4424M->2326M(5120M) 0.174ms
[149.133s][info][gc       ] GC(187) Concurrent class unloading 0.655ms
[149.137s][info][gc       ] GC(187) Pause Final Roots 0.004ms
[149.137s][info][safepoint] Safepoint "ShenandoahFinalRoots", Time since last: 3443403 ns, Reaching safepoint: 3053116 ns, At safepoint: 375656 ns, Total: 3428772 ns
[149.707s][info][gc       ] Trigger: Average GC time (255.93 ms) is above the time for average allocation rate (2781 MB/s) to deplete free headroom (702M) (margin of error = 1.56)
[149.710s][info][gc       ] GC(188) Concurrent reset 2.540ms
[149.714s][info][gc       ] GC(188) Pause Init Mark (unload classes) 0.256ms
[149.714s][info][safepoint] Safepoint "ShenandoahInitMark", Time since last: 573076819 ns, Reaching safepoint: 3185919 ns, At safepoint: 832055 ns, Total: 4017974 ns
[149.715s][info][gc       ] GC(188) Concurrent marking roots 0.369ms
[149.900s][info][gc       ] GC(188) Concurrent marking (unload classes) 184.373ms
[149.901s][info][gc       ] GC(188) Pause Final Mark (unload classes) 0.778ms
[149.902s][info][safepoint] Safepoint "ShenandoahFinalMarkStartEvac", Time since last: 186187509 ns, Reaching safepoint: 166502 ns, At safepoint: 1353806 ns, Total: 1520308 ns
[149.903s][info][gc       ] GC(188) Concurrent weak references 0.134ms
[149.903s][info][gc       ] GC(188) Concurrent weak roots 0.353ms
[149.904s][info][gc       ] GC(188) Concurrent cleanup 4378M->2310M(5120M) 0.168ms
[149.905s][info][gc       ] GC(188) Concurrent class unloading 0.845ms
[149.907s][info][gc       ] GC(188) Pause Final Roots 0.004ms
[149.907s][info][safepoint] Safepoint "ShenandoahFinalRoots", Time since last: 3009682 ns, Reaching safepoint: 1749468 ns, At safepoint: 211717 ns, Total: 1961185 ns
[150.466s][info][gc       ] Trigger: Average GC time (241.98 ms) is above the time for average allocation rate (2890 MB/s) to deplete free headroom (694M) (margin of error = 1.56)
[150.469s][info][gc       ] GC(189) Concurrent reset 2.510ms
[150.471s][info][gc       ] GC(189) Pause Init Mark (unload classes) 0.260ms
[150.471s][info][safepoint] Safepoint "ShenandoahInitMark", Time since last: 562564917 ns, Reaching safepoint: 1315949 ns, At safepoint: 706164 ns, Total: 2022113 ns
[150.472s][info][gc       ] GC(189) Concurrent marking roots 0.338ms
[150.643s][info][gc       ] GC(189) Concurrent marking (unload classes) 170.850ms
[150.648s][info][gc       ] GC(189) Pause Final Mark (unload classes) 0.710ms
[150.648s][info][safepoint] Safepoint "ShenandoahFinalMarkStartEvac", Time since last: 172398329 ns, Reaching safepoint: 3223822 ns, At safepoint: 1178792 ns, Total: 4402614 ns
[150.649s][info][gc       ] GC(189) Concurrent weak references 0.107ms
[150.649s][info][gc       ] GC(189) Concurrent weak roots 0.267ms
[150.650s][info][gc       ] GC(189) Concurrent cleanup 4378M->2302M(5120M) 0.146ms
[150.650s][info][gc       ] GC(189) Concurrent class unloading 0.521ms
[150.652s][info][gc       ] GC(189) Pause Final Roots 0.003ms
[150.652s][info][safepoint] Safepoint "ShenandoahFinalRoots", Time since last: 2116959 ns, Reaching safepoint: 1625545 ns, At safepoint: 214367 ns, Total: 1839912 ns
[151.261s][info][gc       ] Trigger: Average GC time (224.41 ms) is above the time for average allocation rate (2779 MB/s) to deplete free headroom (616M) (margin of error = 1.56)
[151.264s][info][gc       ] GC(190) Concurrent reset 2.441ms
[151.268s][info][gc       ] GC(190) Pause Init Mark (unload classes) 0.207ms
[151.268s][info][safepoint] Safepoint "ShenandoahInitMark", Time since last: 612309835 ns, Reaching safepoint: 3197188 ns, At safepoint: 625879 ns, Total: 3823067 ns
[151.269s][info][gc       ] GC(190) Concurrent marking roots 0.403ms
[151.439s][info][gc       ] GC(190) Concurrent marking (unload classes) 169.038ms
[151.443s][info][gc       ] GC(190) Pause Final Mark (unload classes) 0.653ms
[151.443s][info][safepoint] Safepoint "ShenandoahFinalMarkStartEvac", Time since last: 170619248 ns, Reaching safepoint: 3203840 ns, At safepoint: 968378 ns, Total: 4172218 ns
[151.444s][info][gc       ] GC(190) Concurrent weak references 0.204ms
[151.444s][info][gc       ] GC(190) Concurrent weak roots 0.313ms
[151.444s][info][gc       ] GC(190) Concurrent cleanup 4424M->2270M(5120M) 0.151ms
[151.445s][info][gc       ] GC(190) Concurrent class unloading 0.575ms
[151.447s][info][gc       ] GC(190) Pause Final Roots 0.002ms
[151.447s][info][safepoint] Safepoint "ShenandoahFinalRoots", Time since last: 2081320 ns, Reaching safepoint: 1696457 ns, At safepoint: 79633 ns, Total: 1776090 ns
[152.083s][info][gc       ] Trigger: Average GC time (212.29 ms) is above the time for average allocation rate (2778 MB/s) to deplete free headroom (582M) (margin of error = 1.56)
[152.086s][info][gc       ] GC(191) Concurrent reset 2.489ms
[152.089s][info][gc       ] GC(191) Pause Init Mark (unload classes) 0.142ms
[152.090s][info][safepoint] Safepoint "ShenandoahInitMark", Time since last: 639190781 ns, Reaching safepoint: 3093876 ns, At safepoint: 591336 ns, Total: 3685212 ns
[152.091s][info][gc       ] GC(191) Concurrent marking roots 0.326ms
[152.282s][info][gc       ] GC(191) Concurrent marking (unload classes) 191.361ms
[152.287s][info][gc       ] GC(191) Pause Final Mark (unload classes) 0.624ms
[152.287s][info][safepoint] Safepoint "ShenandoahFinalMarkStartEvac", Time since last: 192935629 ns, Reaching safepoint: 3092525 ns, At safepoint: 949869 ns, Total: 4042394 ns
[152.287s][info][gc       ] GC(191) Concurrent weak references 0.087ms
[152.288s][info][gc       ] GC(191) Concurrent weak roots 0.420ms
[152.288s][info][gc       ] GC(191) Concurrent cleanup 4394M->2208M(5120M) 0.150ms
[152.289s][info][gc       ] GC(191) Concurrent class unloading 0.541ms
[152.291s][info][gc       ] GC(191) Pause Final Roots 0.003ms
[152.291s][info][safepoint] Safepoint "ShenandoahFinalRoots", Time since last: 2306663 ns, Reaching safepoint: 1730832 ns, At safepoint: 187021 ns, Total: 1917853 ns
[152.935s][info][gc       ] Trigger: Average GC time (221.16 ms) is above the time for average allocation rate (2775 MB/s) to deplete free headroom (610M) (margin of error = 1.56)
[152.938s][info][gc       ] GC(192) Concurrent reset 2.466ms
[152.940s][info][gc       ] GC(192) Pause Init Mark (unload classes) 0.262ms
[152.941s][info][safepoint] Safepoint "ShenandoahInitMark", Time since last: 647007780 ns, Reaching safepoint: 1769623 ns, At safepoint: 750033 ns, Total: 2519656 ns
[152.942s][info][gc       ] GC(192) Concurrent marking roots 0.413ms
[153.125s][info][gc       ] GC(192) Concurrent marking (unload classes) 182.939ms
[153.130s][info][gc       ] GC(192) Pause Final Mark (unload classes) 0.718ms
[153.130s][info][safepoint] Safepoint "ShenandoahFinalMarkStartEvac", Time since last: 185097580 ns, Reaching safepoint: 3130548 ns, At safepoint: 1313592 ns, Total: 4444140 ns
[153.131s][info][gc       ] GC(192) Concurrent weak references 0.224ms
[153.132s][info][gc       ] GC(192) Concurrent weak roots 0.487ms
[153.133s][info][gc       ] GC(192) Concurrent cleanup 4364M->2204M(5120M) 0.182ms
[153.133s][info][gc       ] GC(192) Concurrent class unloading 0.530ms
[153.137s][info][gc       ] GC(192) Pause Final Roots 0.003ms
[153.137s][info][safepoint] Safepoint "ShenandoahFinalRoots", Time since last: 3372950 ns, Reaching safepoint: 3125983 ns, At safepoint: 229757 ns, Total: 3355740 ns
[153.736s][info][gc       ] Trigger: Average GC time (216.65 ms) is above the time for average allocation rate (2959 MB/s) to deplete free headroom (638M) (margin of error = 1.56)
[153.739s][info][gc       ] GC(193) Concurrent reset 2.459ms
[153.743s][info][gc       ] GC(193) Pause Init Mark (unload classes) 0.279ms
[153.744s][info][safepoint] Safepoint "ShenandoahInitMark", Time since last: 602678264 ns, Reaching safepoint: 3212898 ns, At safepoint: 805300 ns, Total: 4018198 ns
[153.745s][info][gc       ] GC(193) Concurrent marking roots 0.339ms
[153.913s][info][gc       ] GC(193) Concurrent marking (unload classes) 168.344ms
[153.918s][info][gc       ] GC(193) Pause Final Mark (unload classes) 0.750ms
[153.918s][info][safepoint] Safepoint "ShenandoahFinalMarkStartEvac", Time since last: 170333793 ns, Reaching safepoint: 3205274 ns, At safepoint: 1297867 ns, Total: 4503141 ns
[153.919s][info][gc       ] GC(193) Concurrent weak references 0.188ms
[153.920s][info][gc       ] GC(193) Concurrent weak roots 0.265ms
[153.920s][info][gc       ] GC(193) Concurrent cleanup 4402M->2270M(5120M) 0.154ms
[153.921s][info][gc       ] GC(193) Concurrent class unloading 0.529ms
[153.922s][info][gc       ] GC(193) Pause Final Roots 0.003ms
[153.922s][info][safepoint] Safepoint "ShenandoahFinalRoots", Time since last: 2648123 ns, Reaching safepoint: 1013010 ns, At safepoint: 257912 ns, Total: 1270922 ns
[154.510s][info][gc       ] Trigger: Average GC time (209.07 ms) is above the time for average allocation rate (2947 MB/s) to deplete free headroom (610M) (margin of error = 1.56)
[154.514s][info][gc       ] GC(194) Concurrent reset 2.710ms
[154.518s][info][gc       ] GC(194) Pause Init Mark (unload classes) 0.267ms
[154.518s][info][safepoint] Safepoint "ShenandoahInitMark", Time since last: 591967173 ns, Reaching safepoint: 3232913 ns, At safepoint: 800116 ns, Total: 4033029 ns
[154.519s][info][gc       ] GC(194) Concurrent marking roots 0.312ms
[154.723s][info][gc       ] GC(194) Concurrent marking (unload classes) 203.706ms
[154.726s][info][gc       ] GC(194) Pause Final Mark (unload classes) 0.778ms
[154.726s][info][safepoint] Safepoint "ShenandoahFinalMarkStartEvac", Time since last: 205618419 ns, Reaching safepoint: 1069120 ns, At safepoint: 1456270 ns, Total: 2525390 ns
[154.727s][info][gc       ] GC(194) Concurrent weak references 0.199ms
[154.728s][info][gc       ] GC(194) Concurrent weak roots 0.372ms
[154.729s][info][gc       ] GC(194) Concurrent cleanup 4542M->2380M(5120M) 0.150ms
[154.729s][info][gc       ] GC(194) Concurrent class unloading 0.700ms
[154.732s][info][gc       ] GC(194) Pause Final Roots 0.017ms
[154.732s][info][safepoint] Safepoint "ShenandoahFinalRoots", Time since last: 3084360 ns, Reaching safepoint: 2499560 ns, At safepoint: 225093 ns, Total: 2724653 ns
[155.305s][info][gc       ] Trigger: Average GC time (232.53 ms) is above the time for average allocation rate (2770 MB/s) to deplete free headroom (638M) (margin of error = 1.58)
[155.308s][info][gc       ] GC(195) Concurrent reset 2.479ms
[155.311s][info][gc       ] GC(195) Pause Init Mark (unload classes) 0.083ms
[155.312s][info][safepoint] Safepoint "ShenandoahInitMark", Time since last: 575705339 ns, Reaching safepoint: 3036966 ns, At safepoint: 538088 ns, Total: 3575054 ns
[155.312s][info][gc       ] GC(195) Concurrent marking roots 0.264ms
[155.508s][info][gc       ] GC(195) Concurrent marking (unload classes) 195.051ms
[155.513s][info][gc       ] GC(195) Pause Final Mark (unload classes) 0.860ms
[155.513s][info][safepoint] Safepoint "ShenandoahFinalMarkStartEvac", Time since last: 196896623 ns, Reaching safepoint: 3287803 ns, At safepoint: 1473715 ns, Total: 4761518 ns
[155.514s][info][gc       ] GC(195) Concurrent weak references 0.249ms
[155.515s][info][gc       ] GC(195) Concurrent weak roots 0.510ms
[155.516s][info][gc       ] GC(195) Concurrent cleanup 4502M->2370M(5120M) 0.195ms
[155.517s][info][gc       ] GC(195) Concurrent class unloading 0.811ms
[155.517s][info][gc       ] GC(195) Pause Final Roots 0.004ms
[155.517s][info][safepoint] Safepoint "ShenandoahFinalRoots", Time since last: 3697578 ns, Reaching safepoint: 142606 ns, At safepoint: 262280 ns, Total: 404886 ns
[156.065s][info][gc       ] Trigger: Average GC time (228.37 ms) is above the time for average allocation rate (2952 MB/s) to deplete free headroom (666M) (margin of error = 1.60)
[156.068s][info][gc       ] GC(196) Concurrent reset 2.562ms
[156.071s][info][gc       ] GC(196) Pause Init Mark (unload classes) 0.100ms
[156.071s][info][safepoint] Safepoint "ShenandoahInitMark", Time since last: 551209289 ns, Reaching safepoint: 2057280 ns, At safepoint: 557406 ns, Total: 2614686 ns
[156.072s][info][gc       ] GC(196) Concurrent marking roots 0.373ms
[156.244s][info][gc       ] GC(196) Concurrent marking (unload classes) 171.791ms
[156.247s][info][gc       ] GC(196) Pause Final Mark (unload classes) 0.724ms
[156.247s][info][safepoint] Safepoint "ShenandoahFinalMarkStartEvac", Time since last: 173556395 ns, Reaching safepoint: 1371068 ns, At safepoint: 1057601 ns, Total: 2428669 ns
[156.248s][info][gc       ] GC(196) Concurrent weak references 0.204ms
[156.248s][info][gc       ] GC(196) Concurrent weak roots 0.323ms
[156.248s][info][gc       ] GC(196) Concurrent cleanup 4340M->2236M(5120M) 0.150ms
[156.249s][info][gc       ] GC(196) Concurrent class unloading 0.566ms
[156.252s][info][gc       ] GC(196) Pause Final Roots 0.004ms
[156.252s][info][safepoint] Safepoint "ShenandoahFinalRoots", Time since last: 2139885 ns, Reaching safepoint: 2723668 ns, At safepoint: 222861 ns, Total: 2946529 ns
[156.885s][info][gc       ] Trigger: Average GC time (220.75 ms) is above the time for average allocation rate (2786 MB/s) to deplete free headroom (614M) (margin of error = 1.59)
[156.888s][info][gc       ] GC(197) Concurrent reset 2.535ms
[156.892s][info][gc       ] GC(197) Pause Init Mark (unload classes) 0.225ms
[156.893s][info][safepoint] Safepoint "ShenandoahInitMark", Time since last: 636667801 ns, Reaching safepoint: 3157122 ns, At safepoint: 681943 ns, Total: 3839065 ns
[156.894s][info][gc       ] GC(197) Concurrent marking roots 0.418ms
[157.077s][info][gc       ] GC(197) Concurrent marking (unload classes) 183.542ms
[157.081s][info][gc       ] GC(197) Pause Final Mark (unload classes) 0.760ms
[157.082s][info][safepoint] Safepoint "ShenandoahFinalMarkStartEvac", Time since last: 185356887 ns, Reaching safepoint: 2446180 ns, At safepoint: 1337108 ns, Total: 3783288 ns
[157.082s][info][gc       ] GC(197) Concurrent weak references 0.053ms
[157.083s][info][gc       ] GC(197) Concurrent weak roots 0.439ms
[157.084s][info][gc       ] GC(197) Concurrent cleanup 4348M->2194M(5120M) 0.157ms
[157.085s][info][gc       ] GC(197) Concurrent class unloading 0.585ms
[157.088s][info][gc       ] GC(197) Pause Final Roots 0.003ms
[157.088s][info][safepoint] Safepoint "ShenandoahFinalRoots", Time since last: 2779228 ns, Reaching safepoint: 2962340 ns, At safepoint: 194963 ns, Total: 3157303 ns
[157.737s][info][gc       ] Trigger: Average GC time (216.19 ms) is above the time for average allocation rate (2776 MB/s) to deplete free headroom (596M) (margin of error = 1.58)
[157.740s][info][gc       ] GC(198) Concurrent reset 2.402ms
[157.743s][info][gc       ] GC(198) Pause Init Mark (unload classes) 0.100ms
[157.744s][info][safepoint] Safepoint "ShenandoahInitMark", Time since last: 652264729 ns, Reaching safepoint: 2964190 ns, At safepoint: 473483 ns, Total: 3437673 ns
[157.744s][info][gc       ] GC(198) Concurrent marking roots 0.334ms
[157.934s][info][gc       ] GC(198) Concurrent marking (unload classes) 189.212ms
[157.938s][info][gc       ] GC(198) Pause Final Mark (unload classes) 0.650ms
[157.939s][info][safepoint] Safepoint "ShenandoahFinalMarkStartEvac", Time since last: 190967715 ns, Reaching safepoint: 3162455 ns, At safepoint: 1058316 ns, Total: 4220771 ns
[157.939s][info][gc       ] GC(198) Concurrent weak references 0.126ms
[157.940s][info][gc       ] GC(198) Concurrent weak roots 0.388ms
[157.941s][info][gc       ] GC(198) Concurrent cleanup 4466M->2292M(5120M) 0.140ms
[157.941s][info][gc       ] GC(198) Concurrent class unloading 0.587ms
[157.942s][info][gc       ] GC(198) Pause Final Roots 0.008ms
[157.942s][info][safepoint] Safepoint "ShenandoahFinalRoots", Time since last: 2709430 ns, Reaching safepoint: 666545 ns, At safepoint: 175667 ns, Total: 842212 ns
[158.354s][info][gc       ] Trigger: Average GC time (214.70 ms) is above the time for average allocation rate (5531 MB/s) to deplete free headroom (588M) (margin of error = 1.58)
[158.358s][info][gc       ] GC(199) Concurrent reset 3.017ms
[158.361s][info][gc       ] GC(199) Pause Init Mark (unload classes) 0.149ms
[158.361s][info][safepoint] Safepoint "ShenandoahInitMark", Time since last: 415853507 ns, Reaching safepoint: 2379513 ns, At safepoint: 606953 ns, Total: 2986466 ns
[158.362s][info][gc       ] GC(199) Concurrent marking roots 0.314ms
[158.450s][info][gc       ] GC(199) Concurrent marking (unload classes) 87.750ms
[158.454s][info][gc       ] GC(199) Pause Final Mark (unload classes) 0.569ms
[158.455s][info][safepoint] Safepoint "ShenandoahFinalMarkStartEvac", Time since last: 89458162 ns, Reaching safepoint: 3134365 ns, At safepoint: 948255 ns, Total: 4082620 ns
[158.455s][info][gc       ] GC(199) Concurrent weak references 0.198ms
[158.459s][info][gc       ] GC(199) Concurrent weak roots 3.485ms
[158.459s][info][gc       ] GC(199) Concurrent cleanup 4394M->1146M(5120M) 0.159ms
[158.462s][info][gc       ] GC(199) Concurrent class unloading 2.573ms
[158.463s][info][gc       ] GC(199) Pause Final Roots 0.003ms
[158.463s][info][safepoint] Safepoint "ShenandoahFinalRoots", Time since last: 8023711 ns, Reaching safepoint: 102346 ns, At safepoint: 414400 ns, Total: 516746 ns
[159.395s][info][gc       ] Trigger: Average GC time (228.94 ms) is above the time for average allocation rate (2831 MB/s) to deplete free headroom (640M) (margin of error = 1.55)
[159.396s][info][gc       ] GC(200) Concurrent reset 1.236ms
[159.399s][info][gc       ] GC(200) Pause Init Mark (unload classes) 0.095ms
[159.399s][info][safepoint] Safepoint "ShenandoahInitMark", Time since last: 933392551 ns, Reaching safepoint: 2275895 ns, At safepoint: 565997 ns, Total: 2841892 ns
[159.400s][info][gc       ] GC(200) Concurrent marking roots 0.305ms
[159.578s][info][gc       ] GC(200) Concurrent marking (unload classes) 177.016ms
[159.582s][info][gc       ] GC(200) Pause Final Mark (unload classes) 0.531ms
[159.582s][info][safepoint] Safepoint "ShenandoahFinalMarkStartEvac", Time since last: 178715679 ns, Reaching safepoint: 3173394 ns, At safepoint: 912113 ns, Total: 4085507 ns
[159.583s][info][gc       ] GC(200) Concurrent weak references 0.190ms
[159.583s][info][gc       ] GC(200) Concurrent weak roots 0.321ms
[159.584s][info][gc       ] GC(200) Concurrent cleanup 4417M->2290M(5120M) 0.137ms
[159.585s][info][gc       ] GC(200) Concurrent class unloading 0.557ms
[159.588s][info][gc       ] GC(200) Pause Final Roots 0.002ms
[159.588s][info][safepoint] Safepoint "ShenandoahFinalRoots", Time since last: 2556945 ns, Reaching safepoint: 3017260 ns, At safepoint: 337178 ns, Total: 3354438 ns
[160.137s][info][gc       ] Trigger: Average GC time (233.99 ms) is above the time for average allocation rate (2961 MB/s) to deplete free headroom (688M) (margin of error = 1.55)
[160.140s][info][gc       ] GC(201) Concurrent reset 2.491ms
[160.142s][info][gc       ] GC(201) Pause Init Mark (unload classes) 0.102ms
[160.143s][info][safepoint] Safepoint "ShenandoahInitMark", Time since last: 551925025 ns, Reaching safepoint: 2133003 ns, At safepoint: 446720 ns, Total: 2579723 ns
[160.144s][info][gc       ] GC(201) Concurrent marking roots 0.358ms
[160.312s][info][gc       ] GC(201) Concurrent marking (unload classes) 167.831ms
[160.315s][info][gc       ] GC(201) Pause Final Mark (unload classes) 0.570ms
[160.315s][info][safepoint] Safepoint "ShenandoahFinalMarkStartEvac", Time since last: 169425498 ns, Reaching safepoint: 2401748 ns, At safepoint: 834192 ns, Total: 3235940 ns
[160.316s][info][gc       ] GC(201) Concurrent weak references 0.107ms
[160.316s][info][gc       ] GC(201) Concurrent weak roots 0.288ms
[160.316s][info][gc       ] GC(201) Concurrent cleanup 4354M->2274M(5120M) 0.148ms
[160.317s][info][gc       ] GC(201) Concurrent class unloading 0.633ms
[160.320s][info][gc       ] GC(201) Pause Final Roots 0.002ms
[160.320s][info][safepoint] Safepoint "ShenandoahFinalRoots", Time since last: 1910916 ns, Reaching safepoint: 2968599 ns, At safepoint: 166984 ns, Total: 3135583 ns
[160.893s][info][gc       ] Trigger: Average GC time (221.42 ms) is above the time for average allocation rate (2947 MB/s) to deplete free headroom (648M) (margin of error = 1.55)
[160.896s][info][gc       ] GC(202) Concurrent reset 2.709ms
[160.899s][info][gc       ] GC(202) Pause Init Mark (unload classes) 0.122ms
[160.900s][info][safepoint] Safepoint "ShenandoahInitMark", Time since last: 575832283 ns, Reaching safepoint: 3130195 ns, At safepoint: 441234 ns, Total: 3571429 ns
[160.901s][info][gc       ] GC(202) Concurrent marking roots 0.335ms
[161.084s][info][gc       ] GC(202) Concurrent marking (unload classes) 182.959ms
[161.085s][info][gc       ] GC(202) Pause Final Mark (unload classes) 0.588ms
[161.086s][info][safepoint] Safepoint "ShenandoahFinalMarkStartEvac", Time since last: 184644392 ns, Reaching safepoint: 245030 ns, At safepoint: 1030960 ns, Total: 1275990 ns
[161.086s][info][gc       ] GC(202) Concurrent weak references 0.246ms
[161.087s][info][gc       ] GC(202) Concurrent weak roots 0.382ms
[161.088s][info][gc       ] GC(202) Concurrent cleanup 4390M->2270M(5120M) 0.305ms
[161.088s][info][gc       ] GC(202) Concurrent class unloading 0.598ms
[161.090s][info][gc       ] GC(202) Pause Final Roots 0.004ms
[161.090s][info][safepoint] Safepoint "ShenandoahFinalRoots", Time since last: 2888576 ns, Reaching safepoint: 1630632 ns, At safepoint: 232145 ns, Total: 1862777 ns
[161.695s][info][gc       ] Trigger: Average GC time (221.55 ms) is above the time for average allocation rate (2837 MB/s) to deplete free headroom (620M) (margin of error = 1.55)
[161.698s][info][gc       ] GC(203) Concurrent reset 2.511ms
[161.702s][info][gc       ] GC(203) Pause Init Mark (unload classes) 0.133ms
[161.702s][info][safepoint] Safepoint "ShenandoahInitMark", Time since last: 607924155 ns, Reaching safepoint: 3170998 ns, At safepoint: 751009 ns, Total: 3922007 ns
[161.703s][info][gc       ] GC(203) Concurrent marking roots 0.490ms
[161.879s][info][gc       ] GC(203) Concurrent marking (unload classes) 175.066ms
[161.883s][info][gc       ] GC(203) Pause Final Mark (unload classes) 0.663ms
[161.884s][info][safepoint] Safepoint "ShenandoahFinalMarkStartEvac", Time since last: 177399522 ns, Reaching safepoint: 2678936 ns, At safepoint: 1161596 ns, Total: 3840532 ns
[161.884s][info][gc       ] GC(203) Concurrent weak references 0.198ms
[161.885s][info][gc       ] GC(203) Concurrent weak roots 0.404ms
[161.886s][info][gc       ] GC(203) Concurrent cleanup 4424M->2274M(5120M) 0.167ms
[161.886s][info][gc       ] GC(203) Concurrent class unloading 0.624ms
[161.890s][info][gc       ] GC(203) Pause Final Roots 0.003ms
[161.890s][info][safepoint] Safepoint "ShenandoahFinalRoots", Time since last: 3199317 ns, Reaching safepoint: 2970262 ns, At safepoint: 239250 ns, Total: 3209512 ns
[162.473s][info][gc       ] Trigger: Average GC time (215.64 ms) is above the time for average allocation rate (2976 MB/s) to deplete free headroom (632M) (margin of error = 1.55)
[162.476s][info][gc       ] GC(204) Concurrent reset 2.468ms
[162.480s][info][gc       ] GC(204) Pause Init Mark (unload classes) 0.268ms
[162.481s][info][safepoint] Safepoint "ShenandoahInitMark", Time since last: 586624269 ns, Reaching safepoint: 3217921 ns, At safepoint: 851665 ns, Total: 4069586 ns
[162.482s][info][gc       ] GC(204) Concurrent marking roots 0.323ms
[162.650s][info][gc       ] GC(204) Concurrent marking (unload classes) 168.136ms
[162.655s][info][gc       ] GC(204) Pause Final Mark (unload classes) 0.778ms
[162.655s][info][safepoint] Safepoint "ShenandoahFinalMarkStartEvac", Time since last: 170266305 ns, Reaching safepoint: 3140935 ns, At safepoint: 1368118 ns, Total: 4509053 ns
[162.656s][info][gc       ] GC(204) Concurrent weak references 0.161ms
[162.657s][info][gc       ] GC(204) Concurrent weak roots 0.396ms
[162.657s][info][gc       ] GC(204) Concurrent cleanup 4412M->2274M(5120M) 0.152ms
[162.658s][info][gc       ] GC(204) Concurrent class unloading 0.522ms
[162.661s][info][gc       ] GC(204) Pause Final Roots 0.003ms
[162.661s][info][safepoint] Safepoint "ShenandoahFinalRoots", Time since last: 2874599 ns, Reaching safepoint: 2998204 ns, At safepoint: 123142 ns, Total: 3121346 ns
[163.291s][info][gc       ] Trigger: Average GC time (206.99 ms) is above the time for average allocation rate (2795 MB/s) to deplete free headroom (574M) (margin of error = 1.55)
[163.294s][info][gc       ] GC(205) Concurrent reset 2.782ms
[163.298s][info][gc       ] GC(205) Pause Init Mark (unload classes) 0.134ms
[163.298s][info][safepoint] Safepoint "ShenandoahInitMark", Time since last: 633092553 ns, Reaching safepoint: 3086635 ns, At safepoint: 702026 ns, Total: 3788661 ns
[163.299s][info][gc       ] GC(205) Concurrent marking roots 0.301ms
[163.497s][info][gc       ] GC(205) Concurrent marking (unload classes) 197.781ms
[163.501s][info][gc       ] GC(205) Pause Final Mark (unload classes) 0.725ms
[163.502s][info][safepoint] Safepoint "ShenandoahFinalMarkStartEvac", Time since last: 199637977 ns, Reaching safepoint: 2806614 ns, At safepoint: 1068855 ns, Total: 3875469 ns
[163.502s][info][gc       ] GC(205) Concurrent weak references 0.182ms
[163.503s][info][gc       ] GC(205) Concurrent weak roots 0.316ms
[163.503s][info][gc       ] GC(205) Concurrent cleanup 4556M->2360M(5120M) 0.144ms
[163.504s][info][gc       ] GC(205) Concurrent class unloading 0.603ms
[163.507s][info][gc       ] GC(205) Pause Final Roots 0.003ms
[163.507s][info][safepoint] Safepoint "ShenandoahFinalRoots", Time since last: 2336756 ns, Reaching safepoint: 2961869 ns, At safepoint: 158570 ns, Total: 3120439 ns
[164.057s][info][gc       ] Trigger: Average GC time (226.83 ms) is above the time for average allocation rate (2958 MB/s) to deplete free headroom (666M) (margin of error = 1.55)
[164.060s][info][gc       ] GC(206) Concurrent reset 2.711ms
[164.064s][info][gc       ] GC(206) Pause Init Mark (unload classes) 0.117ms
[164.064s][info][safepoint] Safepoint "ShenandoahInitMark", Time since last: 553171806 ns, Reaching safepoint: 3078604 ns, At safepoint: 506833 ns, Total: 3585437 ns
[164.065s][info][gc       ] GC(206) Concurrent marking roots 0.311ms
[164.230s][info][gc       ] GC(206) Concurrent marking (unload classes) 164.952ms
[164.235s][info][gc       ] GC(206) Pause Final Mark (unload classes) 0.631ms
[164.235s][info][safepoint] Safepoint "ShenandoahFinalMarkStartEvac", Time since last: 166833502 ns, Reaching safepoint: 3186739 ns, At safepoint: 994486 ns, Total: 4181225 ns
[164.236s][info][gc       ] GC(206) Concurrent weak references 0.053ms
[164.236s][info][gc       ] GC(206) Concurrent weak roots 0.380ms
[164.237s][info][gc       ] GC(206) Concurrent cleanup 4358M->2254M(5120M) 0.154ms
[164.238s][info][gc       ] GC(206) Concurrent class unloading 0.900ms
[164.241s][info][gc       ] GC(206) Pause Final Roots 0.003ms
[164.241s][info][safepoint] Safepoint "ShenandoahFinalRoots", Time since last: 2946803 ns, Reaching safepoint: 2979357 ns, At safepoint: 135073 ns, Total: 3114430 ns
[164.825s][info][gc       ] Trigger: Average GC time (215.86 ms) is above the time for average allocation rate (2951 MB/s) to deplete free headroom (630M) (margin of error = 1.55)
[164.828s][info][gc       ] GC(207) Concurrent reset 2.713ms
[164.829s][info][gc       ] GC(207) Pause Init Mark (unload classes) 0.224ms
[164.829s][info][safepoint] Safepoint "ShenandoahInitMark", Time since last: 587179421 ns, Reaching safepoint: 257744 ns, At safepoint: 545223 ns, Total: 802967 ns
[164.830s][info][gc       ] GC(207) Concurrent marking roots 0.339ms
[165.016s][info][gc       ] GC(207) Concurrent marking (unload classes) 185.455ms
[165.021s][info][gc       ] GC(207) Pause Final Mark (unload classes) 0.909ms
[165.021s][info][safepoint] Safepoint "ShenandoahFinalMarkStartEvac", Time since last: 187491245 ns, Reaching safepoint: 3196586 ns, At safepoint: 1326805 ns, Total: 4523391 ns
[165.022s][info][gc       ] GC(207) Concurrent weak references 0.143ms
[165.023s][info][gc       ] GC(207) Concurrent weak roots 0.396ms
[165.023s][info][gc       ] GC(207) Concurrent cleanup 4480M->2342M(5120M) 0.172ms
[165.024s][info][gc       ] GC(207) Concurrent class unloading 0.629ms
[165.027s][info][gc       ] GC(207) Pause Final Roots 0.002ms
[165.027s][info][safepoint] Safepoint "ShenandoahFinalRoots", Time since last: 2934142 ns, Reaching safepoint: 3009939 ns, At safepoint: 97795 ns, Total: 3107734 ns
[165.605s][info][gc       ] Trigger: Average GC time (215.08 ms) is above the time for average allocation rate (2869 MB/s) to deplete free headroom (608M) (margin of error = 1.55)
[165.609s][info][gc       ] GC(208) Concurrent reset 2.624ms
[165.612s][info][gc       ] GC(208) Pause Init Mark (unload classes) 0.096ms
[165.613s][info][safepoint] Safepoint "ShenandoahInitMark", Time since last: 582087905 ns, Reaching safepoint: 3090826 ns, At safepoint: 462717 ns, Total: 3553543 ns
[165.613s][info][gc       ] GC(208) Concurrent marking roots 0.301ms
[165.812s][info][gc       ] GC(208) Concurrent marking (unload classes) 197.949ms
[165.816s][info][gc       ] GC(208) Pause Final Mark (unload classes) 0.557ms
[165.816s][info][safepoint] Safepoint "ShenandoahFinalMarkStartEvac", Time since last: 199573364 ns, Reaching safepoint: 3091475 ns, At safepoint: 851040 ns, Total: 3942515 ns
[165.817s][info][gc       ] GC(208) Concurrent weak references 0.143ms
[165.818s][info][gc       ] GC(208) Concurrent weak roots 0.355ms
[165.818s][info][gc       ] GC(208) Concurrent cleanup 4460M->2300M(5120M) 0.170ms
[165.819s][info][gc       ] GC(208) Concurrent class unloading 0.564ms
[165.822s][info][gc       ] GC(208) Pause Final Roots 0.003ms
[165.822s][info][safepoint] Safepoint "ShenandoahFinalRoots", Time since last: 2479123 ns, Reaching safepoint: 2999876 ns, At safepoint: 147473 ns, Total: 3147349 ns
[166.395s][info][gc       ] Trigger: Average GC time (225.51 ms) is above the time for average allocation rate (2868 MB/s) to deplete free headroom (636M) (margin of error = 1.55)
[166.398s][info][gc       ] GC(209) Concurrent reset 2.633ms
[166.402s][info][gc       ] GC(209) Pause Init Mark (unload classes) 0.255ms
[166.403s][info][safepoint] Safepoint "ShenandoahInitMark", Time since last: 576819625 ns, Reaching safepoint: 3165131 ns, At safepoint: 829466 ns, Total: 3994597 ns
[166.404s][info][gc       ] GC(209) Concurrent marking roots 0.453ms
[166.625s][info][gc       ] GC(209) Concurrent marking (unload classes) 220.448ms
[166.629s][info][gc       ] GC(209) Pause Final Mark (unload classes) 0.539ms
[166.629s][info][safepoint] Safepoint "ShenandoahFinalMarkStartEvac", Time since last: 222562456 ns, Reaching safepoint: 3082923 ns, At safepoint: 902007 ns, Total: 3984930 ns
[166.630s][info][gc       ] GC(209) Concurrent weak references 0.065ms
[166.631s][info][gc       ] GC(209) Concurrent weak roots 0.385ms
[166.631s][info][gc       ] GC(209) Concurrent cleanup 4502M->2370M(5120M) 0.153ms
[166.632s][info][gc       ] GC(209) Concurrent class unloading 0.714ms
[166.632s][info][gc       ] GC(209) Pause Final Roots 0.003ms
[166.632s][info][safepoint] Safepoint "ShenandoahFinalRoots", Time since last: 2579668 ns, Reaching safepoint: 168113 ns, At safepoint: 135891 ns, Total: 304004 ns
[167.154s][info][gc       ] Trigger: Average GC time (248.45 ms) is above the time for average allocation rate (2892 MB/s) to deplete free headroom (718M) (margin of error = 1.57)
[167.158s][info][gc       ] GC(210) Concurrent reset 2.779ms
[167.161s][info][gc       ] GC(210) Pause Init Mark (unload classes) 0.136ms
[167.162s][info][safepoint] Safepoint "ShenandoahInitMark", Time since last: 525904834 ns, Reaching safepoint: 3010248 ns, At safepoint: 568567 ns, Total: 3578815 ns
[167.162s][info][gc       ] GC(210) Concurrent marking roots 0.281ms
[167.361s][info][gc       ] GC(210) Concurrent marking (unload classes) 198.528ms
[167.362s][info][gc       ] GC(210) Pause Final Mark (unload classes) 0.573ms
[167.363s][info][safepoint] Safepoint "ShenandoahFinalMarkStartEvac", Time since last: 200198253 ns, Reaching safepoint: 46594 ns, At safepoint: 801022 ns, Total: 847616 ns
[167.363s][info][gc       ] GC(210) Concurrent weak references 0.062ms
[167.363s][info][gc       ] GC(210) Concurrent weak roots 0.320ms
[167.364s][info][gc       ] GC(210) Concurrent cleanup 4346M->2294M(5120M) 0.154ms
[167.364s][info][gc       ] GC(210) Concurrent class unloading 0.587ms
[167.367s][info][gc       ] GC(210) Pause Final Roots 0.002ms
[167.368s][info][safepoint] Safepoint "ShenandoahFinalRoots", Time since last: 1897900 ns, Reaching safepoint: 2893251 ns, At safepoint: 117951 ns, Total: 3011202 ns
[167.938s][info][gc       ] Trigger: Average GC time (237.44 ms) is above the time for average allocation rate (2840 MB/s) to deplete free headroom (672M) (margin of error = 1.57)
[167.942s][info][gc       ] GC(211) Concurrent reset 3.535ms
[167.943s][info][gc       ] GC(211) Pause Init Mark (unload classes) 0.146ms
[167.944s][info][safepoint] Safepoint "ShenandoahInitMark", Time since last: 575156394 ns, Reaching safepoint: 502243 ns, At safepoint: 556010 ns, Total: 1058253 ns
[167.944s][info][gc       ] GC(211) Concurrent marking roots 0.312ms
[168.129s][info][gc       ] GC(211) Concurrent marking (unload classes) 184.810ms
[168.134s][info][gc       ] GC(211) Pause Final Mark (unload classes) 0.597ms
[168.134s][info][safepoint] Safepoint "ShenandoahFinalMarkStartEvac", Time since last: 186095400 ns, Reaching safepoint: 3075825 ns, At safepoint: 890430 ns, Total: 3966255 ns
[168.134s][info][gc       ] GC(211) Concurrent weak references 0.116ms
[168.135s][info][gc       ] GC(211) Concurrent weak roots 0.383ms
[168.135s][info][gc       ] GC(211) Concurrent cleanup 4428M->2330M(5120M) 0.157ms
[168.136s][info][gc       ] GC(211) Concurrent class unloading 0.696ms
[168.139s][info][gc       ] GC(211) Pause Final Roots 0.003ms
[168.139s][info][safepoint] Safepoint "ShenandoahFinalRoots", Time since last: 2468433 ns, Reaching safepoint: 2947847 ns, At safepoint: 171898 ns, Total: 3119745 ns
[168.706s][info][gc       ] Trigger: Average GC time (228.38 ms) is above the time for average allocation rate (2894 MB/s) to deplete free headroom (654M) (margin of error = 1.58)
[168.711s][info][gc       ] GC(212) Concurrent reset 4.609ms
[168.714s][info][gc       ] GC(212) Pause Init Mark (unload classes) 0.150ms
[168.714s][info][safepoint] Safepoint "ShenandoahInitMark", Time since last: 572508949 ns, Reaching safepoint: 1779792 ns, At safepoint: 622932 ns, Total: 2402724 ns
[168.715s][info][gc       ] GC(212) Concurrent marking roots 0.319ms
[168.923s][info][gc       ] GC(212) Concurrent marking (unload classes) 207.348ms
[168.927s][info][gc       ] GC(212) Pause Final Mark (unload classes) 0.608ms
[168.927s][info][safepoint] Safepoint "ShenandoahFinalMarkStartEvac", Time since last: 208785618 ns, Reaching safepoint: 3201266 ns, At safepoint: 974843 ns, Total: 4176109 ns
[168.928s][info][gc       ] GC(212) Concurrent weak references 0.130ms
[168.929s][info][gc       ] GC(212) Concurrent weak roots 0.344ms
[168.929s][info][gc       ] GC(212) Concurrent cleanup 4448M->2336M(5120M) 0.153ms
[168.930s][info][gc       ] GC(212) Concurrent class unloading 0.640ms
[168.932s][info][gc       ] GC(212) Pause Final Roots 0.003ms
[168.932s][info][safepoint] Safepoint "ShenandoahFinalRoots", Time since last: 2875771 ns, Reaching safepoint: 1880388 ns, At safepoint: 264154 ns, Total: 2144542 ns
[169.528s][info][gc       ] Trigger: Average GC time (236.65 ms) is above the time for average allocation rate (2685 MB/s) to deplete free headroom (628M) (margin of error = 1.58)
[169.531s][info][gc       ] GC(213) Concurrent reset 2.924ms
[169.535s][info][gc       ] GC(213) Pause Init Mark (unload classes) 0.229ms
[169.536s][info][safepoint] Safepoint "ShenandoahInitMark", Time since last: 599369777 ns, Reaching safepoint: 3175141 ns, At safepoint: 702854 ns, Total: 3877995 ns
[169.536s][info][gc       ] GC(213) Concurrent marking roots 0.308ms
[169.750s][info][gc       ] GC(213) Concurrent marking (unload classes) 213.412ms
[169.754s][info][gc       ] GC(213) Pause Final Mark (unload classes) 0.563ms
[169.755s][info][safepoint] Safepoint "ShenandoahFinalMarkStartEvac", Time since last: 215081525 ns, Reaching safepoint: 2987933 ns, At safepoint: 943711 ns, Total: 3931644 ns
[169.755s][info][gc       ] GC(213) Concurrent weak references 0.116ms
[169.756s][info][gc       ] GC(213) Concurrent weak roots 0.271ms
[169.756s][info][gc       ] GC(213) Concurrent cleanup 4520M->2378M(5120M) 0.154ms
[169.757s][info][gc       ] GC(213) Concurrent class unloading 0.593ms
[169.760s][info][gc       ] GC(213) Pause Final Roots 0.003ms
[169.760s][info][safepoint] Safepoint "ShenandoahFinalRoots", Time since last: 2290169 ns, Reaching safepoint: 2959656 ns, At safepoint: 164897 ns, Total: 3124553 ns
[170.064s][info][gc       ] Trigger: Average GC time (242.52 ms) is above the time for average allocation rate (4842 MB/s) to deplete free headroom (944M) (margin of error = 1.60)
[170.068s][info][gc       ] GC(214) Concurrent reset 3.554ms
[170.072s][info][gc       ] GC(214) Pause Init Mark (unload classes) 0.144ms
[170.072s][info][safepoint] Safepoint "ShenandoahInitMark", Time since last: 308552097 ns, Reaching safepoint: 3078957 ns, At safepoint: 428551 ns, Total: 3507508 ns
[170.073s][info][gc       ] GC(214) Concurrent marking roots 0.263ms
[170.136s][info][gc       ] GC(214) Concurrent marking (unload classes) 63.124ms
[170.137s][info][gc       ] GC(214) Pause Final Mark (unload classes) 0.622ms
[170.138s][info][safepoint] Safepoint "ShenandoahFinalMarkStartEvac", Time since last: 64414931 ns, Reaching safepoint: 79773 ns, At safepoint: 1037855 ns, Total: 1117628 ns
[170.138s][info][gc       ] GC(214) Concurrent weak references 0.071ms
[170.138s][info][gc       ] GC(214) Concurrent weak roots 0.253ms
[170.139s][info][gc       ] GC(214) Concurrent cleanup 4027M->957M(5120M) 0.176ms
[170.139s][info][gc       ] GC(214) Concurrent class unloading 0.576ms
[170.139s][info][gc       ] GC(214) Pause Final Roots 0.002ms
[170.140s][info][safepoint] Safepoint "ShenandoahFinalRoots", Time since last: 1845873 ns, Reaching safepoint: 34900 ns, At safepoint: 76779 ns, Total: 111679 ns
[171.040s][info][gc       ] Trigger: Average GC time (267.85 ms) is above the time for average allocation rate (2926 MB/s) to deplete free headroom (776M) (margin of error = 1.57)
[171.041s][info][gc       ] GC(215) Concurrent reset 0.966ms
[171.045s][info][gc       ] GC(215) Pause Init Mark (unload classes) 0.106ms
[171.045s][info][safepoint] Safepoint "ShenandoahInitMark", Time since last: 902031634 ns, Reaching safepoint: 2982768 ns, At safepoint: 469433 ns, Total: 3452201 ns
[171.046s][info][gc       ] GC(215) Concurrent marking roots 0.308ms
[171.245s][info][gc       ] GC(215) Concurrent marking (unload classes) 198.806ms
[171.249s][info][gc       ] GC(215) Pause Final Mark (unload classes) 0.575ms
[171.250s][info][safepoint] Safepoint "ShenandoahFinalMarkStartEvac", Time since last: 200436745 ns, Reaching safepoint: 3068890 ns, At safepoint: 977721 ns, Total: 4046611 ns
[171.250s][info][gc       ] GC(215) Concurrent weak references 0.175ms
[171.251s][info][gc       ] GC(215) Concurrent weak roots 0.347ms
[171.251s][info][gc       ] GC(215) Concurrent cleanup 4329M->2340M(5120M) 0.147ms
[171.252s][info][gc       ] GC(215) Concurrent class unloading 0.591ms
[171.252s][info][gc       ] GC(215) Pause Final Roots 0.002ms
[171.252s][info][safepoint] Safepoint "ShenandoahFinalRoots", Time since last: 2186638 ns, Reaching safepoint: 266026 ns, At safepoint: 150479 ns, Total: 416505 ns
[171.751s][info][gc       ] Trigger: Average GC time (277.47 ms) is above the time for average allocation rate (2908 MB/s) to deplete free headroom (806M) (margin of error = 1.57)
[171.754s][info][gc       ] GC(216) Concurrent reset 2.576ms
[171.758s][info][gc       ] GC(216) Pause Init Mark (unload classes) 0.283ms
[171.759s][info][safepoint] Safepoint "ShenandoahInitMark", Time since last: 502523658 ns, Reaching safepoint: 3146421 ns, At safepoint: 771623 ns, Total: 3918044 ns
[171.759s][info][gc       ] GC(216) Concurrent marking roots 0.248ms
[171.938s][info][gc       ] GC(216) Concurrent marking (unload classes) 178.525ms
[171.942s][info][gc       ] GC(216) Pause Final Mark (unload classes) 0.437ms
[171.942s][info][safepoint] Safepoint "ShenandoahFinalMarkStartEvac", Time since last: 179666517 ns, Reaching safepoint: 3028757 ns, At safepoint: 608178 ns, Total: 3636935 ns
[171.942s][info][gc       ] GC(216) Concurrent weak references 0.045ms
[171.943s][info][gc       ] GC(216) Concurrent weak roots 0.314ms
[171.943s][info][gc       ] GC(216) Concurrent cleanup 4256M->2292M(5120M) 0.146ms
[171.944s][info][gc       ] GC(216) Concurrent class unloading 0.805ms
[171.947s][info][gc       ] GC(216) Pause Final Roots 0.004ms
[171.947s][info][safepoint] Safepoint "ShenandoahFinalRoots", Time since last: 2388375 ns, Reaching safepoint: 2860087 ns, At safepoint: 161013 ns, Total: 3021100 ns
[172.502s][info][gc       ] Trigger: Average GC time (257.59 ms) is above the time for average allocation rate (2840 MB/s) to deplete free headroom (722M) (margin of error = 1.57)
[172.505s][info][gc       ] GC(217) Concurrent reset 2.712ms
[172.509s][info][gc       ] GC(217) Pause Init Mark (unload classes) 0.103ms
[172.509s][info][safepoint] Safepoint "ShenandoahInitMark", Time since last: 558249722 ns, Reaching safepoint: 2958071 ns, At safepoint: 261594 ns, Total: 3219665 ns
[172.509s][info][gc       ] GC(217) Concurrent marking roots 0.215ms
[172.679s][info][gc       ] GC(217) Concurrent marking (unload classes) 170.076ms
[172.683s][info][gc       ] GC(217) Pause Final Mark (unload classes) 0.649ms
[172.683s][info][safepoint] Safepoint "ShenandoahFinalMarkStartEvac", Time since last: 171074631 ns, Reaching safepoint: 2502112 ns, At safepoint: 1147561 ns, Total: 3649673 ns
[172.684s][info][gc       ] GC(217) Concurrent weak references 0.173ms
[172.685s][info][gc       ] GC(217) Concurrent weak roots 0.343ms
[172.685s][info][gc       ] GC(217) Concurrent cleanup 4316M->2270M(5120M) 0.149ms
[172.686s][info][gc       ] GC(217) Concurrent class unloading 0.608ms
[172.689s][info][gc       ] GC(217) Pause Final Roots 0.002ms
[172.689s][info][safepoint] Safepoint "ShenandoahFinalRoots", Time since last: 2666520 ns, Reaching safepoint: 2959704 ns, At safepoint: 259772 ns, Total: 3219476 ns
[173.247s][info][gc       ] Trigger: Average GC time (236.65 ms) is above the time for average allocation rate (2927 MB/s) to deplete free headroom (692M) (margin of error = 1.57)
[173.251s][info][gc       ] GC(218) Concurrent reset 2.739ms
[173.255s][info][gc       ] GC(218) Pause Init Mark (unload classes) 0.160ms
[173.255s][info][safepoint] Safepoint "ShenandoahInitMark", Time since last: 561895123 ns, Reaching safepoint: 3228606 ns, At safepoint: 691035 ns, Total: 3919641 ns
[173.256s][info][gc       ] GC(218) Concurrent marking roots 0.362ms
[173.444s][info][gc       ] GC(218) Concurrent marking (unload classes) 187.122ms
[173.448s][info][gc       ] GC(218) Pause Final Mark (unload classes) 0.664ms
[173.448s][info][safepoint] Safepoint "ShenandoahFinalMarkStartEvac", Time since last: 188958420 ns, Reaching safepoint: 3104049 ns, At safepoint: 1169914 ns, Total: 4273963 ns
[173.449s][info][gc       ] GC(218) Concurrent weak references 0.094ms
[173.450s][info][gc       ] GC(218) Concurrent weak roots 0.447ms
[173.450s][info][gc       ] GC(218) Concurrent cleanup 4340M->2262M(5120M) 0.159ms
[173.451s][info][gc       ] GC(218) Concurrent class unloading 0.673ms
[173.452s][info][gc       ] GC(218) Pause Final Roots 0.002ms
[173.452s][info][safepoint] Safepoint "ShenandoahFinalRoots", Time since last: 3097893 ns, Reaching safepoint: 488888 ns, At safepoint: 127943 ns, Total: 616831 ns
[174.091s][info][gc       ] Trigger: Average GC time (233.03 ms) is above the time for average allocation rate (2546 MB/s) to deplete free headroom (584M) (margin of error = 1.57)
[174.095s][info][gc       ] GC(219) Concurrent reset 2.790ms
[174.099s][info][gc       ] GC(219) Pause Init Mark (unload classes) 0.270ms
[174.099s][info][safepoint] Safepoint "ShenandoahInitMark", Time since last: 642937961 ns, Reaching safepoint: 3212497 ns, At safepoint: 765778 ns, Total: 3978275 ns
[174.100s][info][gc       ] GC(219) Concurrent marking roots 0.325ms
[174.297s][info][gc       ] GC(219) Concurrent marking (unload classes) 196.548ms
[174.301s][info][gc       ] GC(219) Pause Final Mark (unload classes) 0.436ms
[174.301s][info][safepoint] Safepoint "ShenandoahFinalMarkStartEvac", Time since last: 198134948 ns, Reaching safepoint: 2978973 ns, At safepoint: 690772 ns, Total: 3669745 ns
[174.301s][info][gc       ] GC(219) Concurrent weak references 0.066ms
[174.301s][info][gc       ] GC(219) Concurrent weak roots 0.212ms
[174.302s][info][gc       ] GC(219) Concurrent cleanup 4426M->2238M(5120M) 0.158ms
[174.302s][info][gc       ] GC(219) Concurrent class unloading 0.534ms
[174.306s][info][gc       ] GC(219) Pause Final Roots 0.002ms
[174.306s][info][safepoint] Safepoint "ShenandoahFinalRoots", Time since last: 1753181 ns, Reaching safepoint: 2945704 ns, At safepoint: 231378 ns, Total: 3177082 ns
[174.912s][info][gc       ] Trigger: Average GC time (234.87 ms) is above the time for average allocation rate (2830 MB/s) to deplete free headroom (658M) (margin of error = 1.57)
[174.915s][info][gc       ] GC(220) Concurrent reset 2.558ms
[174.919s][info][gc       ] GC(220) Pause Init Mark (unload classes) 0.116ms
[174.919s][info][safepoint] Safepoint "ShenandoahInitMark", Time since last: 610188688 ns, Reaching safepoint: 3008302 ns, At safepoint: 409920 ns, Total: 3418222 ns
[174.920s][info][gc       ] GC(220) Concurrent marking roots 0.282ms
[175.092s][info][gc       ] GC(220) Concurrent marking (unload classes) 172.195ms
[175.096s][info][gc       ] GC(220) Pause Final Mark (unload classes) 0.530ms
[175.097s][info][safepoint] Safepoint "ShenandoahFinalMarkStartEvac", Time since last: 173516200 ns, Reaching safepoint: 3010740 ns, At safepoint: 908071 ns, Total: 3918811 ns
[175.097s][info][gc       ] GC(220) Concurrent weak references 0.044ms
[175.098s][info][gc       ] GC(220) Concurrent weak roots 0.281ms
[175.098s][info][gc       ] GC(220) Concurrent cleanup 4394M->2282M(5120M) 0.160ms
[175.099s][info][gc       ] GC(220) Concurrent class unloading 0.578ms
[175.100s][info][gc       ] GC(220) Pause Final Roots 0.004ms
[175.100s][info][safepoint] Safepoint "ShenandoahFinalRoots", Time since last: 2101214 ns, Reaching safepoint: 1472873 ns, At safepoint: 111145 ns, Total: 1584018 ns
[175.712s][info][gc       ] Trigger: Average GC time (221.47 ms) is above the time for average allocation rate (2835 MB/s) to deplete free headroom (626M) (margin of error = 1.57)
[175.715s][info][gc       ] GC(221) Concurrent reset 2.474ms
[175.718s][info][gc       ] GC(221) Pause Init Mark (unload classes) 0.124ms
[175.719s][info][safepoint] Safepoint "ShenandoahInitMark", Time since last: 614835455 ns, Reaching safepoint: 3037615 ns, At safepoint: 517824 ns, Total: 3555439 ns
[175.720s][info][gc       ] GC(221) Concurrent marking roots 0.333ms
[175.912s][info][gc       ] GC(221) Concurrent marking (unload classes) 191.703ms
[175.916s][info][gc       ] GC(221) Pause Final Mark (unload classes) 0.503ms
[175.916s][info][safepoint] Safepoint "ShenandoahFinalMarkStartEvac", Time since last: 193325630 ns, Reaching safepoint: 3107103 ns, At safepoint: 784432 ns, Total: 3891535 ns
[175.916s][info][gc       ] GC(221) Concurrent weak references 0.082ms
[175.917s][info][gc       ] GC(221) Concurrent weak roots 0.274ms
[175.917s][info][gc       ] GC(221) Concurrent cleanup 4474M->2330M(5120M) 0.153ms
[175.918s][info][gc       ] GC(221) Concurrent class unloading 0.543ms
[175.921s][info][gc       ] GC(221) Pause Final Roots 0.003ms
[175.921s][info][safepoint] Safepoint "ShenandoahFinalRoots", Time since last: 1927038 ns, Reaching safepoint: 2969469 ns, At safepoint: 168621 ns, Total: 3138090 ns
[176.496s][info][gc       ] Trigger: Average GC time (222.86 ms) is above the time for average allocation rate (2871 MB/s) to deplete free headroom (634M) (margin of error = 1.57)
[176.499s][info][gc       ] GC(222) Concurrent reset 2.874ms
[176.503s][info][gc       ] GC(222) Pause Init Mark (unload classes) 0.230ms
[176.503s][info][safepoint] Safepoint "ShenandoahInitMark", Time since last: 578625060 ns, Reaching safepoint: 3087770 ns, At safepoint: 516093 ns, Total: 3603863 ns
[176.504s][info][gc       ] GC(222) Concurrent marking roots 0.276ms
[176.695s][info][gc       ] GC(222) Concurrent marking (unload classes) 190.642ms
[176.699s][info][gc       ] GC(222) Pause Final Mark (unload classes) 0.531ms
[176.699s][info][safepoint] Safepoint "ShenandoahFinalMarkStartEvac", Time since last: 191906125 ns, Reaching safepoint: 3080344 ns, At safepoint: 827220 ns, Total: 3907564 ns
[176.700s][info][gc       ] GC(222) Concurrent weak references 0.087ms
[176.700s][info][gc       ] GC(222) Concurrent weak roots 0.432ms
[176.701s][info][gc       ] GC(222) Concurrent cleanup 4474M->2340M(5120M) 0.161ms
[176.702s][info][gc       ] GC(222) Concurrent class unloading 0.524ms
[176.705s][info][gc       ] GC(222) Pause Final Roots 0.002ms
[176.705s][info][safepoint] Safepoint "ShenandoahFinalRoots", Time since last: 2745360 ns, Reaching safepoint: 2940370 ns, At safepoint: 88721 ns, Total: 3029091 ns
[177.287s][info][gc       ] Trigger: Average GC time (220.73 ms) is above the time for average allocation rate (2781 MB/s) to deplete free headroom (608M) (margin of error = 1.57)
[177.290s][info][gc       ] GC(223) Concurrent reset 2.580ms
[177.294s][info][gc       ] GC(223) Pause Init Mark (unload classes) 0.237ms
[177.294s][info][safepoint] Safepoint "ShenandoahInitMark", Time since last: 585606831 ns, Reaching safepoint: 3077942 ns, At safepoint: 595809 ns, Total: 3673751 ns
[177.295s][info][gc       ] GC(223) Concurrent marking roots 0.317ms
[177.467s][info][gc       ] GC(223) Concurrent marking (unload classes) 172.174ms
[177.474s][info][gc       ] GC(223) Pause Final Mark (unload classes) 2.630ms
[177.474s][info][safepoint] Safepoint "ShenandoahFinalMarkStartEvac", Time since last: 173706785 ns, Reaching safepoint: 3077288 ns, At safepoint: 3005098 ns, Total: 6082386 ns
[177.474s][info][gc       ] GC(223) Concurrent weak references 0.057ms
[177.475s][info][gc       ] GC(223) Concurrent weak roots 0.406ms
[177.475s][info][gc       ] GC(223) Concurrent cleanup 4404M->2244M(5120M) 0.158ms
[177.476s][info][gc       ] GC(223) Concurrent class unloading 0.772ms
[177.480s][info][gc       ] GC(223) Pause Final Roots 0.012ms
[177.480s][info][safepoint] Safepoint "ShenandoahFinalRoots", Time since last: 2459890 ns, Reaching safepoint: 2999248 ns, At safepoint: 256705 ns, Total: 3255953 ns
[178.115s][info][gc       ] Trigger: Average GC time (213.90 ms) is above the time for average allocation rate (2865 MB/s) to deplete free headroom (608M) (margin of error = 1.57)
[178.118s][info][gc       ] GC(224) Concurrent reset 2.510ms
[178.122s][info][gc       ] GC(224) Pause Init Mark (unload classes) 0.150ms
[178.122s][info][safepoint] Safepoint "ShenandoahInitMark", Time since last: 638564566 ns, Reaching safepoint: 3506895 ns, At safepoint: 633284 ns, Total: 4140179 ns
[178.123s][info][gc       ] GC(224) Concurrent marking roots 0.286ms
[178.308s][info][gc       ] GC(224) Concurrent marking (unload classes) 183.801ms
[178.312s][info][gc       ] GC(224) Pause Final Mark (unload classes) 0.708ms
[178.312s][info][safepoint] Safepoint "ShenandoahFinalMarkStartEvac", Time since last: 185538097 ns, Reaching safepoint: 2938561 ns, At safepoint: 1088311 ns, Total: 4026872 ns
[178.313s][info][gc       ] GC(224) Concurrent weak references 0.120ms
[178.313s][info][gc       ] GC(224) Concurrent weak roots 0.354ms
[178.313s][info][gc       ] GC(224) Concurrent cleanup 4416M->2254M(5120M) 0.147ms
[178.314s][info][gc       ] GC(224) Concurrent class unloading 0.581ms
[178.317s][info][gc       ] GC(224) Pause Final Roots 0.002ms
[178.317s][info][safepoint] Safepoint "ShenandoahFinalRoots", Time since last: 2274448 ns, Reaching safepoint: 2918222 ns, At safepoint: 182144 ns, Total: 3100366 ns
[178.971s][info][gc       ] Trigger: Average GC time (211.38 ms) is above the time for average allocation rate (2747 MB/s) to deplete free headroom (578M) (margin of error = 1.56)
[178.974s][info][gc       ] GC(225) Concurrent reset 3.407ms
[178.978s][info][gc       ] GC(225) Pause Init Mark (unload classes) 0.125ms
[178.978s][info][safepoint] Safepoint "ShenandoahInitMark", Time since last: 657572843 ns, Reaching safepoint: 2972392 ns, At safepoint: 291862 ns, Total: 3264254 ns
[178.979s][info][gc       ] GC(225) Concurrent marking roots 0.197ms
[179.151s][info][gc       ] GC(225) Concurrent marking (unload classes) 172.570ms
[179.153s][info][gc       ] GC(225) Pause Final Mark (unload classes) 0.473ms
[179.153s][info][safepoint] Safepoint "ShenandoahFinalMarkStartEvac", Time since last: 173521286 ns, Reaching safepoint: 348564 ns, At safepoint: 673056 ns, Total: 1021620 ns
[179.153s][info][gc       ] GC(225) Concurrent weak references 0.054ms
[179.154s][info][gc       ] GC(225) Concurrent weak roots 0.398ms
[179.154s][info][gc       ] GC(225) Concurrent cleanup 4470M->2278M(5120M) 0.172ms
[179.155s][info][gc       ] GC(225) Concurrent class unloading 0.634ms
[179.158s][info][gc       ] GC(225) Pause Final Roots 0.002ms
[179.159s][info][safepoint] Safepoint "ShenandoahFinalRoots", Time since last: 2521190 ns, Reaching safepoint: 2995029 ns, At safepoint: 202084 ns, Total: 3197113 ns
[179.801s][info][gc       ] Trigger: Average GC time (206.79 ms) is above the time for average allocation rate (2812 MB/s) to deplete free headroom (580M) (margin of error = 1.56)
[179.803s][info][gc       ] GC(226) Concurrent reset 2.389ms
[179.807s][info][gc       ] GC(226) Pause Init Mark (unload classes) 0.103ms
[179.808s][info][safepoint] Safepoint "ShenandoahInitMark", Time since last: 645444625 ns, Reaching safepoint: 3076577 ns, At safepoint: 465590 ns, Total: 3542167 ns
[179.808s][info][gc       ] GC(226) Concurrent marking roots 0.312ms
[179.983s][info][gc       ] GC(226) Concurrent marking (unload classes) 174.043ms
[179.987s][info][gc       ] GC(226) Pause Final Mark (unload classes) 0.749ms
[179.988s][info][safepoint] Safepoint "ShenandoahFinalMarkStartEvac", Time since last: 175809526 ns, Reaching safepoint: 3226005 ns, At safepoint: 1313674 ns, Total: 4539679 ns
[179.989s][info][gc       ] GC(226) Concurrent weak references 0.180ms
[179.989s][info][gc       ] GC(226) Concurrent weak roots 0.403ms
[179.990s][info][gc       ] GC(226) Concurrent cleanup 4464M->2274M(5120M) 0.156ms
[179.990s][info][gc       ] GC(226) Concurrent class unloading 0.599ms
[179.992s][info][gc       ] GC(226) Pause Final Roots 0.002ms
[179.992s][info][safepoint] Safepoint "ShenandoahFinalRoots", Time since last: 2580301 ns, Reaching safepoint: 1608924 ns, At safepoint: 274620 ns, Total: 1883544 ns
[180.656s][info][gc       ] Trigger: Average GC time (201.98 ms) is above the time for average allocation rate (2720 MB/s) to deplete free headroom (546M) (margin of error = 1.56)
[180.658s][info][gc       ] GC(227) Concurrent reset 2.308ms
[180.662s][info][gc       ] GC(227) Pause Init Mark (unload classes) 0.100ms
[180.663s][info][safepoint] Safepoint "ShenandoahInitMark", Time since last: 666558492 ns, Reaching safepoint: 3188428 ns, At safepoint: 605709 ns, Total: 3794137 ns
[180.664s][info][gc       ] GC(227) Concurrent marking roots 0.421ms
[180.860s][info][gc       ] GC(227) Concurrent marking (unload classes) 196.195ms
[180.865s][info][gc       ] GC(227) Pause Final Mark (unload classes) 0.727ms
[180.865s][info][safepoint] Safepoint "ShenandoahFinalMarkStartEvac", Time since last: 198204841 ns, Reaching safepoint: 3038583 ns, At safepoint: 1241384 ns, Total: 4279967 ns
[180.866s][info][gc       ] GC(227) Concurrent weak references 0.094ms
[180.866s][info][gc       ] GC(227) Concurrent weak roots 0.524ms
[180.867s][info][gc       ] GC(227) Concurrent cleanup 4558M->2334M(5120M) 0.291ms
[180.868s][info][gc       ] GC(227) Concurrent class unloading 0.713ms
[180.868s][info][gc       ] GC(227) Pause Final Roots 0.003ms
[180.868s][info][safepoint] Safepoint "ShenandoahFinalRoots", Time since last: 2809854 ns, Reaching safepoint: 39825 ns, At safepoint: 138923 ns, Total: 178748 ns
[181.453s][info][gc       ] Trigger: Average GC time (219.08 ms) is above the time for average allocation rate (2839 MB/s) to deplete free headroom (618M) (margin of error = 1.57)
[181.456s][info][gc       ] GC(228) Concurrent reset 2.480ms
[181.459s][info][gc       ] GC(228) Pause Init Mark (unload classes) 0.124ms
[181.460s][info][safepoint] Safepoint "ShenandoahInitMark", Time since last: 588023328 ns, Reaching safepoint: 3016081 ns, At safepoint: 329035 ns, Total: 3345116 ns
[181.460s][info][gc       ] GC(228) Concurrent marking roots 0.298ms
[181.630s][info][gc       ] GC(228) Concurrent marking (unload classes) 169.531ms
[181.634s][info][gc       ] GC(228) Pause Final Mark (unload classes) 0.592ms
[181.634s][info][safepoint] Safepoint "ShenandoahFinalMarkStartEvac", Time since last: 170819061 ns, Reaching safepoint: 3088544 ns, At safepoint: 855108 ns, Total: 3943652 ns
[181.635s][info][gc       ] GC(228) Concurrent weak references 0.073ms
[181.635s][info][gc       ] GC(228) Concurrent weak roots 0.464ms
[181.636s][info][gc       ] GC(228) Concurrent cleanup 4420M->2268M(5120M) 0.160ms
[181.637s][info][gc       ] GC(228) Concurrent class unloading 0.665ms
[181.640s][info][gc       ] GC(228) Pause Final Roots 0.003ms
[181.640s][info][safepoint] Safepoint "ShenandoahFinalRoots", Time since last: 2347375 ns, Reaching safepoint: 2965380 ns, At safepoint: 177891 ns, Total: 3143271 ns
[181.941s][info][gc       ] Cancelling GC: Stopping VM
