[0.008s][info][gc] Using Parallel
[0.169s][info][safepoint] Entering safepoint region: Deoptimize
[0.169s][info][safepoint] Leaving safepoint region
[0.170s][info][safepoint] Total time for which application threads were stopped: 0.0008183 seconds, Stopping threads took: 0.0003877 seconds
[0.188s][info][safepoint] Application time: 0.0179702 seconds
[0.188s][info][safepoint] Entering safepoint region: EnableBiasedLocking
[0.188s][info][safepoint] Leaving safepoint region
[0.189s][info][safepoint] Total time for which application threads were stopped: 0.0003917 seconds, Stopping threads took: 0.0001646 seconds
[0.522s][info][safepoint] Application time: 0.3312681 seconds
[0.522s][info][safepoint] Entering safepoint region: ParallelGCFailedAllocation
[1.162s][info][gc       ] GC(0) Pause Young (Allocation Failure) 1280M->1002M(4907M) 639.366ms
[1.162s][info][safepoint] Leaving safepoint region
[1.162s][info][safepoint] Total time for which application threads were stopped: 0.6402755 seconds, Stopping threads took: 0.0005237 seconds
[1.616s][info][safepoint] Application time: 0.4536257 seconds
[1.617s][info][safepoint] Entering safepoint region: ParallelGCFailedAllocation
[2.412s][info][gc       ] GC(1) Pause Young (Allocation Failure) 2283M->1742M(4907M) 794.888ms
[2.412s][info][safepoint] Leaving safepoint region
[2.412s][info][safepoint] Total time for which application threads were stopped: 0.7958320 seconds, Stopping threads took: 0.0003557 seconds
[2.801s][info][safepoint] Application time: 0.3888728 seconds
[2.802s][info][safepoint] Entering safepoint region: ParallelGCFailedAllocation
[2.891s][info][gc       ] GC(2) Pause Young (Allocation Failure) 3022M->1742M(4907M) 88.107ms
[2.891s][info][safepoint] Leaving safepoint region
[2.891s][info][safepoint] Total time for which application threads were stopped: 0.0894515 seconds, Stopping threads took: 0.0004696 seconds
[3.273s][info][safepoint] Application time: 0.3815593 seconds
[3.274s][info][safepoint] Entering safepoint region: ParallelGCFailedAllocation
[3.363s][info][gc       ] GC(3) Pause Young (Allocation Failure) 3022M->1742M(4907M) 88.253ms
[3.363s][info][safepoint] Leaving safepoint region
[3.363s][info][safepoint] Total time for which application threads were stopped: 0.0896494 seconds, Stopping threads took: 0.0003998 seconds
[3.749s][info][safepoint] Application time: 0.3846274 seconds
[3.749s][info][safepoint] Entering safepoint region: ParallelGCFailedAllocation
[3.838s][info][gc       ] GC(4) Pause Young (Allocation Failure) 3022M->1742M(4907M) 88.228ms
[3.838s][info][safepoint] Leaving safepoint region
[3.839s][info][safepoint] Total time for which application threads were stopped: 0.0897120 seconds, Stopping threads took: 0.0004990 seconds
[4.228s][info][safepoint] Application time: 0.3889614 seconds
[4.229s][info][safepoint] Entering safepoint region: ParallelGCFailedAllocation
[4.317s][info][gc       ] GC(5) Pause Young (Allocation Failure) 3022M->1742M(4196M) 87.283ms
[4.317s][info][safepoint] Leaving safepoint region
[4.318s][info][safepoint] Total time for which application threads were stopped: 0.0888202 seconds, Stopping threads took: 0.0004548 seconds
[4.493s][info][safepoint] Application time: 0.1744566 seconds
[4.493s][info][safepoint] Entering safepoint region: ParallelGCFailedAllocation
[4.682s][info][gc       ] GC(6) Pause Young (Allocation Failure) 2311M->1742M(4551M) 188.471ms
[4.682s][info][safepoint] Leaving safepoint region
[4.682s][info][safepoint] Total time for which application threads were stopped: 0.1893291 seconds, Stopping threads took: 0.0004235 seconds
[4.858s][info][safepoint] Application time: 0.1758127 seconds
[4.859s][info][safepoint] Entering safepoint region: ParallelGCFailedAllocation
[4.862s][info][gc       ] GC(7) Pause Young (Allocation Failure) 2312M->1742M(4551M) 3.146ms
[4.863s][info][safepoint] Leaving safepoint region
[4.863s][info][safepoint] Total time for which application threads were stopped: 0.0044417 seconds, Stopping threads took: 0.0003555 seconds
[5.039s][info][safepoint] Application time: 0.1752965 seconds
[5.039s][info][safepoint] Entering safepoint region: ParallelGCFailedAllocation
[5.043s][info][gc       ] GC(8) Pause Young (Allocation Failure) 2312M->1742M(4551M) 2.938ms
[5.043s][info][safepoint] Leaving safepoint region
[5.044s][info][safepoint] Total time for which application threads were stopped: 0.0045773 seconds, Stopping threads took: 0.0004226 seconds
[5.213s][info][safepoint] Application time: 0.1684601 seconds
[5.213s][info][safepoint] Entering safepoint region: ParallelGCFailedAllocation
[5.217s][info][gc       ] GC(9) Pause Young (Allocation Failure) 2312M->1743M(4551M) 3.587ms
[5.218s][info][safepoint] Leaving safepoint region
[5.218s][info][safepoint] Total time for which application threads were stopped: 0.0046989 seconds, Stopping threads took: 0.0004023 seconds
[5.384s][info][safepoint] Application time: 0.1660639 seconds
[5.385s][info][safepoint] Entering safepoint region: ParallelGCFailedAllocation
[5.389s][info][gc       ] GC(10) Pause Young (Allocation Failure) 2312M->1742M(4551M) 3.593ms
[5.389s][info][safepoint] Leaving safepoint region
[5.390s][info][safepoint] Total time for which application threads were stopped: 0.0049548 seconds, Stopping threads took: 0.0003417 seconds
[5.557s][info][safepoint] Application time: 0.1666690 seconds
[5.558s][info][safepoint] Entering safepoint region: ParallelGCFailedAllocation
[5.562s][info][gc       ] GC(11) Pause Young (Allocation Failure) 2312M->1742M(4551M) 4.220ms
[5.563s][info][safepoint] Leaving safepoint region
[5.563s][info][safepoint] Total time for which application threads were stopped: 0.0056371 seconds, Stopping threads took: 0.0004330 seconds
[5.736s][info][safepoint] Application time: 0.1725612 seconds
[5.737s][info][safepoint] Entering safepoint region: ParallelGCFailedAllocation
[5.740s][info][gc       ] GC(12) Pause Young (Allocation Failure) 2312M->1742M(4551M) 2.763ms
[5.740s][info][safepoint] Leaving safepoint region
[5.741s][info][safepoint] Total time for which application threads were stopped: 0.0042990 seconds, Stopping threads took: 0.0004050 seconds
[5.909s][info][safepoint] Application time: 0.1670364 seconds
[5.909s][info][safepoint] Entering safepoint region: ParallelGCFailedAllocation
[5.914s][info][gc       ] GC(13) Pause Young (Allocation Failure) 2312M->1742M(4551M) 4.835ms
[5.915s][info][safepoint] Leaving safepoint region
[5.916s][info][safepoint] Total time for which application threads were stopped: 0.0064686 seconds, Stopping threads took: 0.0004401 seconds
[6.086s][info][safepoint] Application time: 0.1701006 seconds
[6.087s][info][safepoint] Entering safepoint region: ParallelGCFailedAllocation
[6.090s][info][gc       ] GC(14) Pause Young (Allocation Failure) 2312M->1742M(4551M) 2.757ms
[6.090s][info][safepoint] Leaving safepoint region
[6.091s][info][safepoint] Total time for which application threads were stopped: 0.0041753 seconds, Stopping threads took: 0.0003119 seconds
[6.262s][info][safepoint] Application time: 0.1703927 seconds
[6.262s][info][safepoint] Entering safepoint region: ParallelGCFailedAllocation
[6.265s][info][gc       ] GC(15) Pause Young (Allocation Failure) 2312M->1742M(4551M) 2.956ms
[6.266s][info][safepoint] Leaving safepoint region
[6.267s][info][safepoint] Total time for which application threads were stopped: 0.0045087 seconds, Stopping threads took: 0.0004197 seconds
[6.441s][info][safepoint] Application time: 0.1736197 seconds
[6.441s][info][safepoint] Entering safepoint region: ParallelGCFailedAllocation
[6.445s][info][gc       ] GC(16) Pause Young (Allocation Failure) 2312M->1742M(4551M) 3.187ms
[6.445s][info][safepoint] Leaving safepoint region
[6.446s][info][safepoint] Total time for which application threads were stopped: 0.0045062 seconds, Stopping threads took: 0.0004218 seconds
[6.621s][info][safepoint] Application time: 0.1749753 seconds
[6.622s][info][safepoint] Entering safepoint region: ParallelGCFailedAllocation
[6.626s][info][gc       ] GC(17) Pause Young (Allocation Failure) 2312M->1742M(4551M) 3.739ms
[6.626s][info][safepoint] Leaving safepoint region
[6.627s][info][safepoint] Total time for which application threads were stopped: 0.0053658 seconds, Stopping threads took: 0.0004698 seconds
[6.803s][info][safepoint] Application time: 0.1751179 seconds
[6.803s][info][safepoint] Entering safepoint region: ParallelGCFailedAllocation
[6.806s][info][gc       ] GC(18) Pause Young (Allocation Failure) 2312M->1742M(4551M) 2.655ms
[6.807s][info][safepoint] Leaving safepoint region
[6.807s][info][safepoint] Total time for which application threads were stopped: 0.0039140 seconds, Stopping threads took: 0.0003704 seconds
[6.976s][info][safepoint] Application time: 0.1689548 seconds
[6.977s][info][safepoint] Entering safepoint region: ParallelGCFailedAllocation
[6.981s][info][gc       ] GC(19) Pause Young (Allocation Failure) 2312M->1742M(4551M) 3.532ms
[6.981s][info][safepoint] Leaving safepoint region
[6.982s][info][safepoint] Total time for which application threads were stopped: 0.0049692 seconds, Stopping threads took: 0.0004104 seconds
[7.153s][info][safepoint] Application time: 0.1709973 seconds
[7.154s][info][safepoint] Entering safepoint region: ParallelGCFailedAllocation
[7.158s][info][gc       ] GC(20) Pause Young (Allocation Failure) 2312M->1743M(4551M) 3.587ms
[7.158s][info][safepoint] Leaving safepoint region
[7.159s][info][safepoint] Total time for which application threads were stopped: 0.0050748 seconds, Stopping threads took: 0.0004968 seconds
[7.333s][info][safepoint] Application time: 0.1736336 seconds
[7.333s][info][safepoint] Entering safepoint region: ParallelGCFailedAllocation
[7.336s][info][gc       ] GC(21) Pause Young (Allocation Failure) 2312M->1742M(4551M) 2.698ms
[7.337s][info][safepoint] Leaving safepoint region
[7.337s][info][safepoint] Total time for which application threads were stopped: 0.0041664 seconds, Stopping threads took: 0.0005270 seconds
[7.504s][info][safepoint] Application time: 0.1661387 seconds
[7.504s][info][safepoint] Entering safepoint region: ParallelGCFailedAllocation
[7.508s][info][gc       ] GC(22) Pause Young (Allocation Failure) 2312M->1742M(4551M) 3.559ms
[7.509s][info][safepoint] Leaving safepoint region
[7.509s][info][safepoint] Total time for which application threads were stopped: 0.0051890 seconds, Stopping threads took: 0.0005120 seconds
[7.677s][info][safepoint] Application time: 0.1668094 seconds
[7.677s][info][safepoint] Entering safepoint region: ParallelGCFailedAllocation
[7.681s][info][gc       ] GC(23) Pause Young (Allocation Failure) 2312M->1742M(4585M) 2.967ms
[7.681s][info][safepoint] Leaving safepoint region
[7.682s][info][safepoint] Total time for which application threads were stopped: 0.0045796 seconds, Stopping threads took: 0.0005442 seconds
[7.863s][info][safepoint] Application time: 0.1811242 seconds
[7.864s][info][safepoint] Entering safepoint region: ParallelGCFailedAllocation
[7.867s][info][gc       ] GC(24) Pause Young (Allocation Failure) 2345M->1742M(4551M) 2.686ms
[7.868s][info][safepoint] Leaving safepoint region
[7.868s][info][safepoint] Total time for which application threads were stopped: 0.0041897 seconds, Stopping threads took: 0.0004873 seconds
[8.053s][info][safepoint] Application time: 0.1840354 seconds
[8.053s][info][safepoint] Entering safepoint region: ParallelGCFailedAllocation
[8.057s][info][gc       ] GC(25) Pause Young (Allocation Failure) 2345M->1743M(4655M) 2.905ms
[8.057s][info][safepoint] Leaving safepoint region
[8.058s][info][safepoint] Total time for which application threads were stopped: 0.0043512 seconds, Stopping threads took: 0.0005078 seconds
[8.276s][info][safepoint] Application time: 0.2182767 seconds
[8.277s][info][safepoint] Entering safepoint region: ParallelGCFailedAllocation
[8.281s][info][gc       ] GC(26) Pause Young (Allocation Failure) 2485M->1743M(4621M) 3.849ms
[8.282s][info][safepoint] Leaving safepoint region
[8.282s][info][safepoint] Total time for which application threads were stopped: 0.0053907 seconds, Stopping threads took: 0.0004504 seconds
[8.509s][info][safepoint] Application time: 0.2262319 seconds
[8.510s][info][safepoint] Entering safepoint region: ParallelGCFailedAllocation
[8.513s][info][gc       ] GC(27) Pause Young (Allocation Failure) 2485M->1742M(4717M) 3.327ms
[8.514s][info][safepoint] Leaving safepoint region
[8.514s][info][safepoint] Total time for which application threads were stopped: 0.0048099 seconds, Stopping threads took: 0.0004466 seconds
[8.774s][info][safepoint] Application time: 0.2592466 seconds
[8.775s][info][safepoint] Entering safepoint region: ParallelGCFailedAllocation
[8.778s][info][gc       ] GC(28) Pause Young (Allocation Failure) 2613M->1742M(4687M) 2.688ms
[8.778s][info][safepoint] Leaving safepoint region
[8.779s][info][safepoint] Total time for which application threads were stopped: 0.0040200 seconds, Stopping threads took: 0.0004066 seconds
[9.037s][info][safepoint] Application time: 0.2585047 seconds
[9.038s][info][safepoint] Entering safepoint region: ParallelGCFailedAllocation
[9.041s][info][gc       ] GC(29) Pause Young (Allocation Failure) 2613M->1743M(4773M) 2.770ms
[9.042s][info][safepoint] Leaving safepoint region
[9.042s][info][safepoint] Total time for which application threads were stopped: 0.0039800 seconds, Stopping threads took: 0.0003974 seconds
[9.342s][info][safepoint] Application time: 0.2999330 seconds
[9.343s][info][safepoint] Entering safepoint region: ParallelGCFailedAllocation
[9.347s][info][gc       ] GC(30) Pause Young (Allocation Failure) 2728M->1742M(4746M) 3.456ms
[9.347s][info][safepoint] Leaving safepoint region
[9.348s][info][safepoint] Total time for which application threads were stopped: 0.0050590 seconds, Stopping threads took: 0.0004997 seconds
[9.644s][info][safepoint] Application time: 0.2958574 seconds
[9.645s][info][safepoint] Entering safepoint region: ParallelGCFailedAllocation
[9.648s][info][gc       ] GC(31) Pause Young (Allocation Failure) 2728M->1742M(4822M) 2.981ms
[9.649s][info][safepoint] Leaving safepoint region
[9.649s][info][safepoint] Total time for which application threads were stopped: 0.0045118 seconds, Stopping threads took: 0.0005368 seconds
[9.972s][info][safepoint] Application time: 0.3223529 seconds
[9.972s][info][safepoint] Entering safepoint region: ParallelGCFailedAllocation
[9.977s][info][gc       ] GC(32) Pause Young (Allocation Failure) 2829M->1742M(4798M) 3.730ms
[9.977s][info][safepoint] Leaving safepoint region
[9.978s][info][safepoint] Total time for which application threads were stopped: 0.0051615 seconds, Stopping threads took: 0.0004018 seconds
[10.309s][info][safepoint] Application time: 0.3312342 seconds
[10.310s][info][safepoint] Entering safepoint region: ParallelGCFailedAllocation
[10.314s][info][gc       ] GC(33) Pause Young (Allocation Failure) 2829M->1743M(4865M) 3.585ms
[10.314s][info][safepoint] Leaving safepoint region
[10.315s][info][safepoint] Total time for which application threads were stopped: 0.0049191 seconds, Stopping threads took: 0.0003912 seconds
[10.680s][info][safepoint] Application time: 0.3651413 seconds
[10.681s][info][safepoint] Entering safepoint region: ParallelGCFailedAllocation
[10.684s][info][gc       ] GC(34) Pause Young (Allocation Failure) 2918M->1743M(4844M) 3.320ms
[10.685s][info][safepoint] Leaving safepoint region
[10.685s][info][safepoint] Total time for which application threads were stopped: 0.0048089 seconds, Stopping threads took: 0.0004183 seconds
[11.046s][info][safepoint] Application time: 0.3595831 seconds
[11.046s][info][safepoint] Entering safepoint region: ParallelGCFailedAllocation
[11.049s][info][gc       ] GC(35) Pause Young (Allocation Failure) 2918M->1742M(4902M) 2.699ms
[11.050s][info][safepoint] Leaving safepoint region
[11.050s][info][safepoint] Total time for which application threads were stopped: 0.0042951 seconds, Stopping threads took: 0.0005030 seconds
[11.430s][info][safepoint] Application time: 0.3792594 seconds
[11.431s][info][safepoint] Entering safepoint region: ParallelGCFailedAllocation
[11.435s][info][gc       ] GC(36) Pause Young (Allocation Failure) 2996M->1742M(4884M) 3.664ms
[11.435s][info][safepoint] Leaving safepoint region
[11.436s][info][safepoint] Total time for which application threads were stopped: 0.0051993 seconds, Stopping threads took: 0.0004584 seconds
[11.816s][info][safepoint] Application time: 0.3799357 seconds
[11.817s][info][safepoint] Entering safepoint region: ParallelGCFailedAllocation
[11.820s][info][gc       ] GC(37) Pause Young (Allocation Failure) 2996M->1743M(4934M) 3.191ms
[11.821s][info][safepoint] Leaving safepoint region
[11.821s][info][safepoint] Total time for which application threads were stopped: 0.0044349 seconds, Stopping threads took: 0.0004166 seconds
[12.232s][info][safepoint] Application time: 0.4104762 seconds
[12.233s][info][safepoint] Entering safepoint region: ParallelGCFailedAllocation
[12.237s][info][gc       ] GC(38) Pause Young (Allocation Failure) 3063M->1742M(4919M) 3.552ms
[12.237s][info][safepoint] Leaving safepoint region
[12.238s][info][safepoint] Total time for which application threads were stopped: 0.0050511 seconds, Stopping threads took: 0.0004402 seconds
[12.470s][info][safepoint] Application time: 0.2324093 seconds
[12.471s][info][safepoint] Entering safepoint region: ParallelGCFailedAllocation
[12.966s][info][gc       ] GC(39) Pause Young (Allocation Failure) 3062M->2592M(4362M) 494.647ms
[12.966s][info][safepoint] Leaving safepoint region
[12.966s][info][safepoint] Total time for which application threads were stopped: 0.4954754 seconds, Stopping threads took: 0.0004542 seconds
[13.058s][info][safepoint] Application time: 0.0910971 seconds
[13.058s][info][safepoint] Entering safepoint region: ParallelGCFailedAllocation
[13.428s][info][gc       ] GC(40) Pause Young (Allocation Failure) 3369M->3314M(4655M) 369.506ms
[14.727s][info][gc       ] GC(41) Pause Full (Ergonomics) 3314M->1566M(4447M) 1298.476ms
[14.727s][info][safepoint] Leaving safepoint region
[14.728s][info][safepoint] Total time for which application threads were stopped: 1.6697771 seconds, Stopping threads took: 0.0003700 seconds
[14.983s][info][safepoint] Application time: 0.2552930 seconds
[14.984s][info][safepoint] Entering safepoint region: ParallelGCFailedAllocation
[15.250s][info][gc       ] GC(42) Pause Young (Allocation Failure) 2136M->1802M(4551M) 265.962ms
[15.251s][info][safepoint] Leaving safepoint region
[15.251s][info][safepoint] Total time for which application threads were stopped: 0.2669748 seconds, Stopping threads took: 0.0004110 seconds
[15.434s][info][safepoint] Application time: 0.1826842 seconds
[15.434s][info][safepoint] Entering safepoint region: ParallelGCFailedAllocation
[15.737s][info][gc       ] GC(43) Pause Young (Allocation Failure) 2371M->1802M(4551M) 302.271ms
[15.737s][info][safepoint] Leaving safepoint region
[15.738s][info][safepoint] Total time for which application threads were stopped: 0.3033067 seconds, Stopping threads took: 0.0004590 seconds
[15.923s][info][safepoint] Application time: 0.1848198 seconds
[15.923s][info][safepoint] Entering safepoint region: ParallelGCFailedAllocation
[15.932s][info][gc       ] GC(44) Pause Young (Allocation Failure) 2372M->1802M(4551M) 8.544ms
[15.933s][info][safepoint] Leaving safepoint region
[15.933s][info][safepoint] Total time for which application threads were stopped: 0.0100758 seconds, Stopping threads took: 0.0004234 seconds
[16.114s][info][safepoint] Application time: 0.1800277 seconds
[16.114s][info][safepoint] Entering safepoint region: ParallelGCFailedAllocation
[16.124s][info][gc       ] GC(45) Pause Young (Allocation Failure) 2372M->1802M(4551M) 9.200ms
[16.124s][info][safepoint] Leaving safepoint region
[16.125s][info][safepoint] Total time for which application threads were stopped: 0.0106853 seconds, Stopping threads took: 0.0004007 seconds
[16.304s][info][safepoint] Application time: 0.1792567 seconds
[16.305s][info][safepoint] Entering safepoint region: ParallelGCFailedAllocation
[16.314s][info][gc       ] GC(46) Pause Young (Allocation Failure) 2372M->1802M(4551M) 8.362ms
[16.314s][info][safepoint] Leaving safepoint region
[16.315s][info][safepoint] Total time for which application threads were stopped: 0.0097205 seconds, Stopping threads took: 0.0004325 seconds
[16.491s][info][safepoint] Application time: 0.1759355 seconds
[16.491s][info][safepoint] Entering safepoint region: ParallelGCFailedAllocation
[16.501s][info][gc       ] GC(47) Pause Young (Allocation Failure) 2372M->1802M(4551M) 8.697ms
[16.501s][info][safepoint] Leaving safepoint region
[16.502s][info][safepoint] Total time for which application threads were stopped: 0.0101358 seconds, Stopping threads took: 0.0004526 seconds
[16.681s][info][safepoint] Application time: 0.1794437 seconds
[16.682s][info][safepoint] Entering safepoint region: ParallelGCFailedAllocation
[16.692s][info][gc       ] GC(48) Pause Young (Allocation Failure) 2372M->1802M(4551M) 9.124ms
[16.692s][info][safepoint] Leaving safepoint region
[16.693s][info][safepoint] Total time for which application threads were stopped: 0.0108668 seconds, Stopping threads took: 0.0005901 seconds
[16.871s][info][safepoint] Application time: 0.1776638 seconds
[16.872s][info][safepoint] Entering safepoint region: ParallelGCFailedAllocation
[16.881s][info][gc       ] GC(49) Pause Young (Allocation Failure) 2372M->1802M(4607M) 9.238ms
[16.882s][info][safepoint] Leaving safepoint region
[16.882s][info][safepoint] Total time for which application threads were stopped: 0.0106777 seconds, Stopping threads took: 0.0003708 seconds
[17.088s][info][safepoint] Application time: 0.2053360 seconds
[17.089s][info][safepoint] Entering safepoint region: ParallelGCFailedAllocation
[17.099s][info][gc       ] GC(50) Pause Young (Allocation Failure) 2455M->1802M(4579M) 9.376ms
[17.099s][info][safepoint] Leaving safepoint region
[17.099s][info][safepoint] Total time for which application threads were stopped: 0.0108296 seconds, Stopping threads took: 0.0005103 seconds
[17.305s][info][safepoint] Application time: 0.2046768 seconds
[17.305s][info][safepoint] Entering safepoint region: ParallelGCFailedAllocation
[17.314s][info][gc       ] GC(51) Pause Young (Allocation Failure) 2455M->1802M(4662M) 8.269ms
[17.314s][info][safepoint] Leaving safepoint region
[17.315s][info][safepoint] Total time for which application threads were stopped: 0.0097417 seconds, Stopping threads took: 0.0005010 seconds
[17.554s][info][safepoint] Application time: 0.2382168 seconds
[17.554s][info][safepoint] Entering safepoint region: ParallelGCFailedAllocation
[17.564s][info][gc       ] GC(52) Pause Young (Allocation Failure) 2565M->1802M(4634M) 9.176ms
[17.564s][info][safepoint] Leaving safepoint region
[17.564s][info][safepoint] Total time for which application threads were stopped: 0.0105121 seconds, Stopping threads took: 0.0004414 seconds
[17.804s][info][safepoint] Application time: 0.2392380 seconds
[17.805s][info][safepoint] Entering safepoint region: ParallelGCFailedAllocation
[17.813s][info][gc       ] GC(53) Pause Young (Allocation Failure) 2565M->1802M(4714M) 8.193ms
[17.814s][info][safepoint] Leaving safepoint region
[17.814s][info][safepoint] Total time for which application threads were stopped: 0.0097937 seconds, Stopping threads took: 0.0005153 seconds
[18.089s][info][safepoint] Application time: 0.2741824 seconds
[18.089s][info][safepoint] Entering safepoint region: ParallelGCFailedAllocation
[18.099s][info][gc       ] GC(54) Pause Young (Allocation Failure) 2672M->1802M(4688M) 9.314ms
[18.100s][info][safepoint] Leaving safepoint region
[18.100s][info][safepoint] Total time for which application threads were stopped: 0.0106963 seconds, Stopping threads took: 0.0005145 seconds
[18.374s][info][safepoint] Application time: 0.2724216 seconds
[18.374s][info][safepoint] Entering safepoint region: ParallelGCFailedAllocation
[18.385s][info][gc       ] GC(55) Pause Young (Allocation Failure) 2672M->1802M(4763M) 10.494ms
[18.386s][info][safepoint] Leaving safepoint region
[18.386s][info][safepoint] Total time for which application threads were stopped: 0.0117323 seconds, Stopping threads took: 0.0004205 seconds
[18.692s][info][safepoint] Application time: 0.3059404 seconds
[18.692s][info][safepoint] Entering safepoint region: ParallelGCFailedAllocation
[18.702s][info][gc       ] GC(56) Pause Young (Allocation Failure) 2772M->1802M(4739M) 9.331ms
[18.702s][info][safepoint] Leaving safepoint region
[18.703s][info][safepoint] Total time for which application threads were stopped: 0.0104531 seconds, Stopping threads took: 0.0002329 seconds
[19.005s][info][safepoint] Application time: 0.3015549 seconds
[19.005s][info][safepoint] Entering safepoint region: ParallelGCFailedAllocation
[19.014s][info][gc       ] GC(57) Pause Young (Allocation Failure) 2772M->1802M(4809M) 8.346ms
[19.014s][info][safepoint] Leaving safepoint region
[19.015s][info][safepoint] Total time for which application threads were stopped: 0.0097009 seconds, Stopping threads took: 0.0003513 seconds
[19.351s][info][safepoint] Application time: 0.3357264 seconds
[19.351s][info][safepoint] Entering safepoint region: ParallelGCFailedAllocation
[19.361s][info][gc       ] GC(58) Pause Young (Allocation Failure) 2864M->1802M(4786M) 9.799ms
[19.362s][info][safepoint] Leaving safepoint region
[19.362s][info][safepoint] Total time for which application threads were stopped: 0.0108618 seconds, Stopping threads took: 0.0002789 seconds
[19.710s][info][safepoint] Application time: 0.3479734 seconds
[19.711s][info][safepoint] Entering safepoint region: ParallelGCFailedAllocation
[19.720s][info][gc       ] GC(59) Pause Young (Allocation Failure) 2864M->1802M(4849M) 9.225ms
[19.720s][info][safepoint] Leaving safepoint region
[19.721s][info][safepoint] Total time for which application threads were stopped: 0.0097839 seconds, Stopping threads took: 0.0001488 seconds
[20.090s][info][safepoint] Application time: 0.3688435 seconds
[20.090s][info][safepoint] Entering safepoint region: ParallelGCFailedAllocation
[20.100s][info][gc       ] GC(60) Pause Young (Allocation Failure) 2948M->1802M(4829M) 9.411ms
[20.100s][info][safepoint] Leaving safepoint region
[20.101s][info][safepoint] Total time for which application threads were stopped: 0.0108330 seconds, Stopping threads took: 0.0004155 seconds
[20.459s][info][safepoint] Application time: 0.3575815 seconds
[20.459s][info][safepoint] Entering safepoint region: ParallelGCFailedAllocation
[20.468s][info][gc       ] GC(61) Pause Young (Allocation Failure) 2948M->1802M(4886M) 8.337ms
[20.469s][info][safepoint] Leaving safepoint region
[20.469s][info][safepoint] Total time for which application threads were stopped: 0.0097677 seconds, Stopping threads took: 0.0004251 seconds
[20.848s][info][safepoint] Application time: 0.3787464 seconds
[20.849s][info][safepoint] Entering safepoint region: ParallelGCFailedAllocation
[20.859s][info][gc       ] GC(62) Pause Young (Allocation Failure) 3023M->1802M(4868M) 9.491ms
[20.859s][info][safepoint] Leaving safepoint region
[20.860s][info][safepoint] Total time for which application threads were stopped: 0.0108974 seconds, Stopping threads took: 0.0004495 seconds
[21.241s][info][safepoint] Application time: 0.3805403 seconds
[21.241s][info][safepoint] Entering safepoint region: ParallelGCFailedAllocation
[21.251s][info][gc       ] GC(63) Pause Young (Allocation Failure) 3023M->1802M(4918M) 9.380ms
[21.252s][info][safepoint] Leaving safepoint region
[21.252s][info][safepoint] Total time for which application threads were stopped: 0.0110089 seconds, Stopping threads took: 0.0005041 seconds
[21.654s][info][safepoint] Application time: 0.4014374 seconds
[21.655s][info][safepoint] Entering safepoint region: ParallelGCFailedAllocation
[21.664s][info][gc       ] GC(64) Pause Young (Allocation Failure) 3090M->1802M(4903M) 8.556ms
[21.664s][info][safepoint] Leaving safepoint region
[21.665s][info][safepoint] Total time for which application threads were stopped: 0.0100726 seconds, Stopping threads took: 0.0005191 seconds
[22.068s][info][safepoint] Application time: 0.4023469 seconds
[22.068s][info][safepoint] Entering safepoint region: ParallelGCFailedAllocation
[22.077s][info][gc       ] GC(65) Pause Young (Allocation Failure) 3090M->1802M(4947M) 8.707ms
[22.078s][info][safepoint] Leaving safepoint region
[22.078s][info][safepoint] Total time for which application threads were stopped: 0.0102425 seconds, Stopping threads took: 0.0005238 seconds
[22.504s][info][safepoint] Application time: 0.4252648 seconds
[22.505s][info][safepoint] Entering safepoint region: ParallelGCFailedAllocation
[22.514s][info][gc       ] GC(66) Pause Young (Allocation Failure) 3149M->1802M(4933M) 9.167ms
[22.515s][info][safepoint] Leaving safepoint region
[22.516s][info][safepoint] Total time for which application threads were stopped: 0.0109402 seconds, Stopping threads took: 0.0005491 seconds
[22.932s][info][safepoint] Application time: 0.4159105 seconds
[22.933s][info][safepoint] Entering safepoint region: ParallelGCFailedAllocation
[22.943s][info][gc       ] GC(67) Pause Young (Allocation Failure) 3149M->1802M(4972M) 9.322ms
[22.943s][info][safepoint] Leaving safepoint region
[22.944s][info][safepoint] Total time for which application threads were stopped: 0.0110458 seconds, Stopping threads took: 0.0005398 seconds
[23.379s][info][safepoint] Application time: 0.4343914 seconds
[23.379s][info][safepoint] Entering safepoint region: ParallelGCFailedAllocation
[23.389s][info][gc       ] GC(68) Pause Young (Allocation Failure) 3201M->1802M(4960M) 9.511ms
[23.390s][info][safepoint] Leaving safepoint region
[23.390s][info][safepoint] Total time for which application threads were stopped: 0.0110725 seconds, Stopping threads took: 0.0004715 seconds
[23.831s][info][safepoint] Application time: 0.4403405 seconds
[23.832s][info][safepoint] Entering safepoint region: ParallelGCFailedAllocation
[23.841s][info][gc       ] GC(69) Pause Young (Allocation Failure) 3201M->1802M(4993M) 9.234ms
[23.842s][info][safepoint] Leaving safepoint region
[23.843s][info][safepoint] Total time for which application threads were stopped: 0.0108787 seconds, Stopping threads took: 0.0005358 seconds
[24.300s][info][safepoint] Application time: 0.4574265 seconds
[24.301s][info][safepoint] Entering safepoint region: ParallelGCFailedAllocation
[24.310s][info][gc       ] GC(70) Pause Young (Allocation Failure) 3245M->1802M(4983M) 8.866ms
[24.311s][info][safepoint] Leaving safepoint region
[24.311s][info][safepoint] Total time for which application threads were stopped: 0.0104911 seconds, Stopping threads took: 0.0004663 seconds
[24.760s][info][safepoint] Application time: 0.4478200 seconds
[24.760s][info][safepoint] Entering safepoint region: ParallelGCFailedAllocation
[24.770s][info][gc       ] GC(71) Pause Young (Allocation Failure) 3245M->1802M(5012M) 9.268ms
[24.770s][info][safepoint] Leaving safepoint region
[24.771s][info][safepoint] Total time for which application threads were stopped: 0.0106734 seconds, Stopping threads took: 0.0003685 seconds
[25.235s][info][safepoint] Application time: 0.4636516 seconds
[25.235s][info][safepoint] Entering safepoint region: ParallelGCFailedAllocation
[25.245s][info][gc       ] GC(72) Pause Young (Allocation Failure) 3285M->1802M(5003M) 9.377ms
[25.246s][info][safepoint] Leaving safepoint region
[25.246s][info][safepoint] Total time for which application threads were stopped: 0.0108084 seconds, Stopping threads took: 0.0004642 seconds
[25.576s][info][safepoint] Application time: 0.3295383 seconds
[25.577s][info][safepoint] Entering safepoint region: ParallelGCFailedAllocation
[25.737s][info][gc       ] GC(73) Pause Young (Allocation Failure) 3285M->2462M(4556M) 159.462ms
[25.737s][info][safepoint] Leaving safepoint region
[25.737s][info][safepoint] Total time for which application threads were stopped: 0.1603093 seconds, Stopping threads took: 0.0004856 seconds
[25.859s][info][safepoint] Application time: 0.1220337 seconds
[25.860s][info][safepoint] Entering safepoint region: ParallelGCFailedAllocation
[26.217s][info][gc       ] GC(74) Pause Young (Allocation Failure) 3506M->3436M(4788M) 356.495ms
[27.623s][info][gc       ] GC(75) Pause Full (Ergonomics) 3436M->1628M(4314M) 1405.820ms
[27.623s][info][safepoint] Leaving safepoint region
[27.624s][info][safepoint] Total time for which application threads were stopped: 1.7640762 seconds, Stopping threads took: 0.0005053 seconds
[27.890s][info][safepoint] Application time: 0.2656698 seconds
[27.890s][info][safepoint] Entering safepoint region: ParallelGCFailedAllocation
[28.037s][info][gc       ] GC(76) Pause Young (Allocation Failure) 2198M->1808M(4551M) 146.555ms
[28.038s][info][safepoint] Leaving safepoint region
[28.038s][info][safepoint] Total time for which application threads were stopped: 0.1479387 seconds, Stopping threads took: 0.0005291 seconds
[28.219s][info][safepoint] Application time: 0.1804076 seconds
[28.220s][info][safepoint] Entering safepoint region: ParallelGCFailedAllocation
[28.360s][info][gc       ] GC(77) Pause Young (Allocation Failure) 2377M->1808M(4551M) 140.293ms
[28.361s][info][safepoint] Leaving safepoint region
[28.361s][info][safepoint] Total time for which application threads were stopped: 0.1419650 seconds, Stopping threads took: 0.0004860 seconds
[28.549s][info][safepoint] Application time: 0.1873903 seconds
[28.550s][info][safepoint] Entering safepoint region: ParallelGCFailedAllocation
[28.691s][info][gc       ] GC(78) Pause Young (Allocation Failure) 2377M->1808M(4551M) 140.759ms
[28.692s][info][safepoint] Leaving safepoint region
[28.692s][info][safepoint] Total time for which application threads were stopped: 0.1422943 seconds, Stopping threads took: 0.0004439 seconds
[28.880s][info][safepoint] Application time: 0.1871294 seconds
[28.880s][info][safepoint] Entering safepoint region: ParallelGCFailedAllocation
[29.022s][info][gc       ] GC(79) Pause Young (Allocation Failure) 2377M->1808M(4610M) 141.851ms
[29.023s][info][safepoint] Leaving safepoint region
[29.023s][info][safepoint] Total time for which application threads were stopped: 0.1427950 seconds, Stopping threads took: 0.0003728 seconds
[29.238s][info][safepoint] Application time: 0.2150731 seconds
[29.239s][info][safepoint] Entering safepoint region: ParallelGCFailedAllocation
[29.379s][info][gc       ] GC(80) Pause Young (Allocation Failure) 2459M->1808M(4575M) 140.130ms
[29.380s][info][safepoint] Leaving safepoint region
[29.380s][info][safepoint] Total time for which application threads were stopped: 0.1410939 seconds, Stopping threads took: 0.0004965 seconds
[29.594s][info][safepoint] Application time: 0.2138446 seconds
[29.594s][info][safepoint] Entering safepoint region: ParallelGCFailedAllocation
[29.734s][info][gc       ] GC(81) Pause Young (Allocation Failure) 2459M->1808M(4671M) 139.571ms
[29.735s][info][safepoint] Leaving safepoint region
[29.735s][info][safepoint] Total time for which application threads were stopped: 0.1409004 seconds, Stopping threads took: 0.0004041 seconds
[29.985s][info][safepoint] Application time: 0.2493817 seconds
[29.985s][info][safepoint] Entering safepoint region: ParallelGCFailedAllocation
[30.128s][info][gc       ] GC(82) Pause Young (Allocation Failure) 2587M->1808M(4642M) 141.868ms
[30.128s][info][safepoint] Leaving safepoint region
[30.128s][info][safepoint] Total time for which application threads were stopped: 0.1431134 seconds, Stopping threads took: 0.0004794 seconds
[30.390s][info][safepoint] Application time: 0.2613209 seconds
[30.391s][info][safepoint] Entering safepoint region: ParallelGCFailedAllocation
[30.544s][info][gc       ] GC(83) Pause Young (Allocation Failure) 2587M->1808M(4686M) 153.004ms
[30.545s][info][safepoint] Leaving safepoint region
[30.545s][info][safepoint] Total time for which application threads were stopped: 0.1543874 seconds, Stopping threads took: 0.0004664 seconds
[30.816s][info][safepoint] Application time: 0.2705341 seconds
[30.816s][info][safepoint] Entering safepoint region: ParallelGCFailedAllocation
[30.825s][info][gc       ] GC(84) Pause Young (Allocation Failure) 2657M->1808M(4691M) 8.226ms
[30.825s][info][safepoint] Leaving safepoint region
[30.826s][info][safepoint] Total time for which application threads were stopped: 0.0097103 seconds, Stopping threads took: 0.0004470 seconds
[31.100s][info][safepoint] Application time: 0.2738706 seconds
[31.101s][info][safepoint] Entering safepoint region: ParallelGCFailedAllocation
[31.110s][info][gc       ] GC(85) Pause Young (Allocation Failure) 2657M->1808M(4696M) 8.360ms
[31.110s][info][safepoint] Leaving safepoint region
[31.111s][info][safepoint] Total time for which application threads were stopped: 0.0100311 seconds, Stopping threads took: 0.0004671 seconds
[31.378s][info][safepoint] Application time: 0.2667797 seconds
[31.379s][info][safepoint] Entering safepoint region: ParallelGCFailedAllocation
[31.387s][info][gc       ] GC(86) Pause Young (Allocation Failure) 2662M->1808M(4691M) 8.231ms
[31.388s][info][safepoint] Leaving safepoint region
[31.388s][info][safepoint] Total time for which application threads were stopped: 0.0098701 seconds, Stopping threads took: 0.0005268 seconds
[31.660s][info][safepoint] Application time: 0.2709774 seconds
[31.660s][info][safepoint] Entering safepoint region: ParallelGCFailedAllocation
[31.669s][info][gc       ] GC(87) Pause Young (Allocation Failure) 2662M->1808M(4714M) 8.170ms
[31.670s][info][safepoint] Leaving safepoint region
[31.670s][info][safepoint] Total time for which application threads were stopped: 0.0097660 seconds, Stopping threads took: 0.0004755 seconds
[31.950s][info][safepoint] Application time: 0.2790017 seconds
[31.950s][info][safepoint] Entering safepoint region: ParallelGCFailedAllocation
[31.959s][info][gc       ] GC(88) Pause Young (Allocation Failure) 2692M->1808M(4703M) 8.231ms
[31.960s][info][safepoint] Leaving safepoint region
[31.960s][info][safepoint] Total time for which application threads were stopped: 0.0099513 seconds, Stopping threads took: 0.0005356 seconds
[32.235s][info][safepoint] Application time: 0.2747530 seconds
[32.236s][info][safepoint] Entering safepoint region: ParallelGCFailedAllocation
[32.245s][info][gc       ] GC(89) Pause Young (Allocation Failure) 2692M->1808M(4740M) 8.649ms
[32.246s][info][safepoint] Leaving safepoint region
[32.246s][info][safepoint] Total time for which application threads were stopped: 0.0102718 seconds, Stopping threads took: 0.0005334 seconds
[32.540s][info][safepoint] Application time: 0.2928735 seconds
[32.540s][info][safepoint] Entering safepoint region: ParallelGCFailedAllocation
[32.550s][info][gc       ] GC(90) Pause Young (Allocation Failure) 2741M->1808M(4726M) 9.107ms
[32.550s][info][safepoint] Leaving safepoint region
[32.551s][info][safepoint] Total time for which application threads were stopped: 0.0106007 seconds, Stopping threads took: 0.0005124 seconds
[32.841s][info][safepoint] Application time: 0.2899147 seconds
[32.842s][info][safepoint] Entering safepoint region: ParallelGCFailedAllocation
[32.850s][info][gc       ] GC(91) Pause Young (Allocation Failure) 2741M->1808M(4771M) 7.925ms
[32.851s][info][safepoint] Leaving safepoint region
[32.851s][info][safepoint] Total time for which application threads were stopped: 0.0094267 seconds, Stopping threads took: 0.0004889 seconds
[33.163s][info][safepoint] Application time: 0.3118384 seconds
[33.164s][info][safepoint] Entering safepoint region: ParallelGCFailedAllocation
[33.173s][info][gc       ] GC(92) Pause Young (Allocation Failure) 2801M->1808M(4755M) 8.660ms
[33.174s][info][safepoint] Leaving safepoint region
[33.174s][info][safepoint] Total time for which application threads were stopped: 0.0101984 seconds, Stopping threads took: 0.0004658 seconds
[33.484s][info][safepoint] Application time: 0.3091999 seconds
[33.484s][info][safepoint] Entering safepoint region: ParallelGCFailedAllocation
[33.493s][info][gc       ] GC(93) Pause Young (Allocation Failure) 2801M->1808M(4804M) 8.379ms
[33.494s][info][safepoint] Leaving safepoint region
[33.494s][info][safepoint] Total time for which application threads were stopped: 0.0098250 seconds, Stopping threads took: 0.0005230 seconds
[33.828s][info][safepoint] Application time: 0.3334709 seconds
[33.828s][info][safepoint] Entering safepoint region: ParallelGCFailedAllocation
[33.838s][info][gc       ] GC(94) Pause Young (Allocation Failure) 2867M->1808M(4788M) 9.222ms
[33.839s][info][safepoint] Leaving safepoint region
[33.839s][info][safepoint] Total time for which application threads were stopped: 0.0107235 seconds, Stopping threads took: 0.0004172 seconds
[34.173s][info][safepoint] Application time: 0.3329777 seconds
[34.173s][info][safepoint] Entering safepoint region: ParallelGCFailedAllocation
[34.182s][info][gc       ] GC(95) Pause Young (Allocation Failure) 2867M->1808M(4837M) 8.222ms
[34.182s][info][safepoint] Leaving safepoint region
[34.183s][info][safepoint] Total time for which application threads were stopped: 0.0098248 seconds, Stopping threads took: 0.0004792 seconds
[34.538s][info][safepoint] Application time: 0.3545479 seconds
[34.538s][info][safepoint] Entering safepoint region: ParallelGCFailedAllocation
[34.548s][info][gc       ] GC(96) Pause Young (Allocation Failure) 2933M->1808M(4821M) 9.413ms
[34.549s][info][safepoint] Leaving safepoint region
[34.549s][info][safepoint] Total time for which application threads were stopped: 0.0107363 seconds, Stopping threads took: 0.0003956 seconds
[34.900s][info][safepoint] Application time: 0.3509444 seconds
[34.901s][info][safepoint] Entering safepoint region: ParallelGCFailedAllocation
[34.911s][info][gc       ] GC(97) Pause Young (Allocation Failure) 2933M->1808M(4869M) 9.241ms
[34.911s][info][safepoint] Leaving safepoint region
[34.912s][info][safepoint] Total time for which application threads were stopped: 0.0106832 seconds, Stopping threads took: 0.0004337 seconds
[35.283s][info][safepoint] Application time: 0.3714037 seconds
[35.284s][info][safepoint] Entering safepoint region: ParallelGCFailedAllocation
[35.293s][info][gc       ] GC(98) Pause Young (Allocation Failure) 2997M->1808M(4853M) 9.164ms
[35.294s][info][safepoint] Leaving safepoint region
[35.294s][info][safepoint] Total time for which application threads were stopped: 0.0103343 seconds, Stopping threads took: 0.0004115 seconds
[35.669s][info][safepoint] Application time: 0.3746405 seconds
[35.670s][info][safepoint] Entering safepoint region: ParallelGCFailedAllocation
[35.678s][info][gc       ] GC(99) Pause Young (Allocation Failure) 2997M->1808M(4899M) 8.304ms
[35.679s][info][safepoint] Leaving safepoint region
[35.679s][info][safepoint] Total time for which application threads were stopped: 0.0098527 seconds, Stopping threads took: 0.0004104 seconds
[36.072s][info][safepoint] Application time: 0.3917028 seconds
[36.072s][info][safepoint] Entering safepoint region: ParallelGCFailedAllocation
[36.081s][info][gc       ] GC(100) Pause Young (Allocation Failure) 3058M->1808M(4884M) 8.185ms
[36.081s][info][safepoint] Leaving safepoint region
[36.082s][info][safepoint] Total time for which application threads were stopped: 0.0096852 seconds, Stopping threads took: 0.0004955 seconds
[36.476s][info][safepoint] Application time: 0.3940628 seconds
[36.477s][info][safepoint] Entering safepoint region: ParallelGCFailedAllocation
[36.485s][info][gc       ] GC(101) Pause Young (Allocation Failure) 3058M->1808M(4927M) 8.090ms
[36.486s][info][safepoint] Leaving safepoint region
[36.486s][info][safepoint] Total time for which application threads were stopped: 0.0096263 seconds, Stopping threads took: 0.0003976 seconds
[36.899s][info][safepoint] Application time: 0.4122516 seconds
[36.900s][info][safepoint] Entering safepoint region: ParallelGCFailedAllocation
[36.909s][info][gc       ] GC(102) Pause Young (Allocation Failure) 3115M->1808M(4913M) 8.840ms
[36.909s][info][safepoint] Leaving safepoint region
[36.910s][info][safepoint] Total time for which application threads were stopped: 0.0102127 seconds, Stopping threads took: 0.0004002 seconds
[37.319s][info][safepoint] Application time: 0.4090811 seconds
[37.320s][info][safepoint] Entering safepoint region: ParallelGCFailedAllocation
[37.329s][info][gc       ] GC(103) Pause Young (Allocation Failure) 3115M->1808M(4952M) 9.359ms
[37.330s][info][safepoint] Leaving safepoint region
[37.331s][info][safepoint] Total time for which application threads were stopped: 0.0108512 seconds, Stopping threads took: 0.0003756 seconds
[37.766s][info][safepoint] Application time: 0.4353461 seconds
[37.767s][info][safepoint] Entering safepoint region: ParallelGCFailedAllocation
[37.776s][info][gc       ] GC(104) Pause Young (Allocation Failure) 3166M->1808M(4939M) 8.450ms
[37.777s][info][safepoint] Leaving safepoint region
[37.777s][info][safepoint] Total time for which application threads were stopped: 0.0100730 seconds, Stopping threads took: 0.0004913 seconds
[38.197s][info][safepoint] Application time: 0.4191338 seconds
[38.197s][info][safepoint] Entering safepoint region: ParallelGCFailedAllocation
[38.207s][info][gc       ] GC(105) Pause Young (Allocation Failure) 3166M->1808M(4974M) 9.116ms
[38.207s][info][safepoint] Leaving safepoint region
[38.208s][info][safepoint] Total time for which application threads were stopped: 0.0106338 seconds, Stopping threads took: 0.0004412 seconds
[38.646s][info][safepoint] Application time: 0.4374858 seconds
[38.646s][info][safepoint] Entering safepoint region: ParallelGCFailedAllocation
[38.655s][info][gc       ] GC(106) Pause Young (Allocation Failure) 3212M->1808M(4963M) 8.108ms
[38.655s][info][safepoint] Leaving safepoint region
[38.656s][info][safepoint] Total time for which application threads were stopped: 0.0095920 seconds, Stopping threads took: 0.0005147 seconds
[38.997s][info][safepoint] Application time: 0.3405150 seconds
[38.997s][info][safepoint] Entering safepoint region: ParallelGCFailedAllocation
[39.099s][info][gc       ] GC(107) Pause Young (Allocation Failure) 3212M->2269M(4678M) 101.590ms
[39.100s][info][safepoint] Leaving safepoint region
[39.100s][info][safepoint] Total time for which application threads were stopped: 0.1029041 seconds, Stopping threads took: 0.0004645 seconds
[39.232s][info][safepoint] Application time: 0.1309217 seconds
[39.232s][info][safepoint] Entering safepoint region: ParallelGCFailedAllocation
[39.513s][info][gc       ] GC(108) Pause Young (Allocation Failure) 3398M->3365M(4831M) 280.776ms
[40.841s][info][gc       ] GC(109) Pause Full (Ergonomics) 3365M->1517M(4271M) 1327.502ms
[40.841s][info][safepoint] Leaving safepoint region
[40.842s][info][safepoint] Total time for which application threads were stopped: 1.6099262 seconds, Stopping threads took: 0.0003671 seconds
[41.078s][info][safepoint] Application time: 0.2361534 seconds
[41.079s][info][safepoint] Entering safepoint region: ParallelGCFailedAllocation
[41.222s][info][gc       ] GC(110) Pause Young (Allocation Failure) 2086M->1834M(4551M) 142.441ms
[41.222s][info][safepoint] Leaving safepoint region
[41.223s][info][safepoint] Total time for which application threads were stopped: 0.1438390 seconds, Stopping threads took: 0.0004405 seconds
[41.409s][info][safepoint] Application time: 0.1853943 seconds
[41.409s][info][safepoint] Entering safepoint region: ParallelGCFailedAllocation
[41.547s][info][gc       ] GC(111) Pause Young (Allocation Failure) 2403M->1834M(4551M) 137.870ms
[41.548s][info][safepoint] Leaving safepoint region
[41.548s][info][safepoint] Total time for which application threads were stopped: 0.1390741 seconds, Stopping threads took: 0.0004175 seconds
[41.738s][info][safepoint] Application time: 0.1891903 seconds
[41.738s][info][safepoint] Entering safepoint region: ParallelGCFailedAllocation
[41.876s][info][gc       ] GC(112) Pause Young (Allocation Failure) 2403M->1834M(4551M) 137.851ms
[41.877s][info][safepoint] Leaving safepoint region
[41.877s][info][safepoint] Total time for which application threads were stopped: 0.1393930 seconds, Stopping threads took: 0.0004718 seconds
[42.060s][info][safepoint] Application time: 0.1819260 seconds
[42.060s][info][safepoint] Entering safepoint region: ParallelGCFailedAllocation
[42.200s][info][gc       ] GC(113) Pause Young (Allocation Failure) 2403M->1834M(4551M) 139.078ms
[42.200s][info][safepoint] Leaving safepoint region
[42.201s][info][safepoint] Total time for which application threads were stopped: 0.1401552 seconds, Stopping threads took: 0.0005096 seconds
[42.388s][info][safepoint] Application time: 0.1877641 seconds
[42.389s][info][safepoint] Entering safepoint region: ParallelGCFailedAllocation
[42.527s][info][gc       ] GC(114) Pause Young (Allocation Failure) 2403M->1834M(4551M) 137.541ms
[42.527s][info][safepoint] Leaving safepoint region
[42.528s][info][safepoint] Total time for which application threads were stopped: 0.1386894 seconds, Stopping threads took: 0.0004729 seconds
[42.716s][info][safepoint] Application time: 0.1882220 seconds
[42.717s][info][safepoint] Entering safepoint region: ParallelGCFailedAllocation
[42.852s][info][gc       ] GC(115) Pause Young (Allocation Failure) 2403M->1834M(4551M) 135.438ms
[42.853s][info][safepoint] Leaving safepoint region
[42.853s][info][safepoint] Total time for which application threads were stopped: 0.1365812 seconds, Stopping threads took: 0.0004024 seconds
[43.045s][info][safepoint] Application time: 0.1916469 seconds
[43.045s][info][safepoint] Entering safepoint region: ParallelGCFailedAllocation
[43.183s][info][gc       ] GC(116) Pause Young (Allocation Failure) 2403M->1834M(4551M) 136.966ms
[43.183s][info][safepoint] Leaving safepoint region
[43.183s][info][safepoint] Total time for which application threads were stopped: 0.1380418 seconds, Stopping threads took: 0.0002562 seconds
[43.372s][info][safepoint] Application time: 0.1882352 seconds
[43.373s][info][safepoint] Entering safepoint region: ParallelGCFailedAllocation
[43.532s][info][gc       ] GC(117) Pause Young (Allocation Failure) 2403M->1835M(4551M) 158.759ms
[43.532s][info][safepoint] Leaving safepoint region
[43.533s][info][safepoint] Total time for which application threads were stopped: 0.1602104 seconds, Stopping threads took: 0.0005237 seconds
[43.722s][info][safepoint] Application time: 0.1888002 seconds
[43.722s][info][safepoint] Entering safepoint region: ParallelGCFailedAllocation
[43.730s][info][gc       ] GC(118) Pause Young (Allocation Failure) 2404M->1835M(4551M) 7.426ms
[43.731s][info][safepoint] Leaving safepoint region
[43.732s][info][safepoint] Total time for which application threads were stopped: 0.0090551 seconds, Stopping threads took: 0.0005360 seconds
[43.915s][info][safepoint] Application time: 0.1833518 seconds
[43.916s][info][safepoint] Entering safepoint region: ParallelGCFailedAllocation
[43.924s][info][gc       ] GC(119) Pause Young (Allocation Failure) 2404M->1835M(4551M) 7.565ms
[43.925s][info][safepoint] Leaving safepoint region
[43.925s][info][safepoint] Total time for which application threads were stopped: 0.0092724 seconds, Stopping threads took: 0.0004853 seconds
[44.110s][info][safepoint] Application time: 0.1840108 seconds
[44.110s][info][safepoint] Entering safepoint region: ParallelGCFailedAllocation
[44.118s][info][gc       ] GC(120) Pause Young (Allocation Failure) 2404M->1835M(4551M) 7.284ms
[44.118s][info][safepoint] Leaving safepoint region
[44.119s][info][safepoint] Total time for which application threads were stopped: 0.0087642 seconds, Stopping threads took: 0.0004568 seconds
[44.304s][info][safepoint] Application time: 0.1848996 seconds
[44.305s][info][safepoint] Entering safepoint region: ParallelGCFailedAllocation
[44.313s][info][gc       ] GC(121) Pause Young (Allocation Failure) 2404M->1835M(4551M) 7.374ms
[44.313s][info][safepoint] Leaving safepoint region
[44.313s][info][safepoint] Total time for which application threads were stopped: 0.0086247 seconds, Stopping threads took: 0.0004321 seconds
[44.500s][info][safepoint] Application time: 0.1859250 seconds
[44.500s][info][safepoint] Entering safepoint region: ParallelGCFailedAllocation
[44.508s][info][gc       ] GC(122) Pause Young (Allocation Failure) 2404M->1835M(4551M) 7.244ms
[44.509s][info][safepoint] Leaving safepoint region
[44.509s][info][safepoint] Total time for which application threads were stopped: 0.0087633 seconds, Stopping threads took: 0.0005185 seconds
[44.694s][info][safepoint] Application time: 0.1848735 seconds
[44.695s][info][safepoint] Entering safepoint region: ParallelGCFailedAllocation
[44.703s][info][gc       ] GC(123) Pause Young (Allocation Failure) 2404M->1835M(4562M) 7.413ms
[44.703s][info][safepoint] Leaving safepoint region
[44.704s][info][safepoint] Total time for which application threads were stopped: 0.0088895 seconds, Stopping threads took: 0.0003495 seconds
[44.893s][info][safepoint] Application time: 0.1885483 seconds
[44.893s][info][safepoint] Entering safepoint region: ParallelGCFailedAllocation
[44.900s][info][gc       ] GC(124) Pause Young (Allocation Failure) 2415M->1835M(4551M) 6.832ms
[44.901s][info][safepoint] Leaving safepoint region
[44.901s][info][safepoint] Total time for which application threads were stopped: 0.0081517 seconds, Stopping threads took: 0.0003772 seconds
[45.090s][info][safepoint] Application time: 0.1881339 seconds
[45.090s][info][safepoint] Entering safepoint region: ParallelGCFailedAllocation
[45.098s][info][gc       ] GC(125) Pause Young (Allocation Failure) 2415M->1835M(4609M) 6.863ms
[45.098s][info][safepoint] Leaving safepoint region
[45.099s][info][safepoint] Total time for which application threads were stopped: 0.0084961 seconds, Stopping threads took: 0.0005240 seconds
[45.312s][info][safepoint] Application time: 0.2122872 seconds
[45.312s][info][safepoint] Entering safepoint region: ParallelGCFailedAllocation
[45.319s][info][gc       ] GC(126) Pause Young (Allocation Failure) 2496M->1835M(4585M) 6.831ms
[45.320s][info][safepoint] Leaving safepoint region
[45.320s][info][safepoint] Total time for which application threads were stopped: 0.0082962 seconds, Stopping threads took: 0.0004017 seconds
[45.530s][info][safepoint] Application time: 0.2090908 seconds
[45.530s][info][safepoint] Entering safepoint region: ParallelGCFailedAllocation
[45.538s][info][gc       ] GC(127) Pause Young (Allocation Failure) 2496M->1835M(4659M) 7.033ms
[45.539s][info][safepoint] Leaving safepoint region
[45.539s][info][safepoint] Total time for which application threads were stopped: 0.0086346 seconds, Stopping threads took: 0.0004894 seconds
[45.783s][info][safepoint] Application time: 0.2437889 seconds
[45.784s][info][safepoint] Entering safepoint region: ParallelGCFailedAllocation
[45.792s][info][gc       ] GC(128) Pause Young (Allocation Failure) 2595M->1835M(4634M) 7.528ms
[45.792s][info][safepoint] Leaving safepoint region
[45.793s][info][safepoint] Total time for which application threads were stopped: 0.0089727 seconds, Stopping threads took: 0.0004616 seconds
[46.039s][info][safepoint] Application time: 0.2454453 seconds
[46.039s][info][safepoint] Entering safepoint region: ParallelGCFailedAllocation
[46.047s][info][gc       ] GC(129) Pause Young (Allocation Failure) 2595M->1835M(4709M) 7.751ms
[46.048s][info][safepoint] Leaving safepoint region
[46.048s][info][safepoint] Total time for which application threads were stopped: 0.0092043 seconds, Stopping threads took: 0.0005255 seconds
[46.327s][info][safepoint] Application time: 0.2784741 seconds
[46.328s][info][safepoint] Entering safepoint region: ParallelGCFailedAllocation
[46.335s][info][gc       ] GC(130) Pause Young (Allocation Failure) 2695M->1835M(4684M) 6.718ms
[46.336s][info][safepoint] Leaving safepoint region
[46.336s][info][safepoint] Total time for which application threads were stopped: 0.0082486 seconds, Stopping threads took: 0.0005300 seconds
[46.616s][info][safepoint] Application time: 0.2798502 seconds
[46.617s][info][safepoint] Entering safepoint region: ParallelGCFailedAllocation
[46.624s][info][gc       ] GC(131) Pause Young (Allocation Failure) 2695M->1835M(4756M) 7.183ms
[46.625s][info][safepoint] Leaving safepoint region
[46.625s][info][safepoint] Total time for which application threads were stopped: 0.0084949 seconds, Stopping threads took: 0.0004408 seconds
[46.933s][info][safepoint] Application time: 0.3076262 seconds
[46.934s][info][safepoint] Entering safepoint region: ParallelGCFailedAllocation
[46.941s][info][gc       ] GC(132) Pause Young (Allocation Failure) 2790M->1835M(4733M) 6.494ms
[46.941s][info][safepoint] Leaving safepoint region
[46.942s][info][safepoint] Total time for which application threads were stopped: 0.0082139 seconds, Stopping threads took: 0.0005506 seconds
[47.249s][info][safepoint] Application time: 0.3062313 seconds
[47.249s][info][safepoint] Entering safepoint region: ParallelGCFailedAllocation
[47.257s][info][gc       ] GC(133) Pause Young (Allocation Failure) 2790M->1835M(4800M) 7.459ms
[47.258s][info][safepoint] Leaving safepoint region
[47.258s][info][safepoint] Total time for which application threads were stopped: 0.0090677 seconds, Stopping threads took: 0.0005436 seconds
[47.596s][info][safepoint] Application time: 0.3377000 seconds
[47.597s][info][safepoint] Entering safepoint region: ParallelGCFailedAllocation
[47.605s][info][gc       ] GC(134) Pause Young (Allocation Failure) 2880M->1835M(4778M) 7.532ms
[47.606s][info][safepoint] Leaving safepoint region
[47.606s][info][safepoint] Total time for which application threads were stopped: 0.0090572 seconds, Stopping threads took: 0.0004490 seconds
[47.948s][info][safepoint] Application time: 0.3414893 seconds
[47.948s][info][safepoint] Entering safepoint region: ParallelGCFailedAllocation
[47.956s][info][gc       ] GC(135) Pause Young (Allocation Failure) 2880M->1835M(4840M) 6.848ms
[47.956s][info][safepoint] Leaving safepoint region
[47.957s][info][safepoint] Total time for which application threads were stopped: 0.0083815 seconds, Stopping threads took: 0.0004750 seconds
[48.312s][info][safepoint] Application time: 0.3546207 seconds
[48.312s][info][safepoint] Entering safepoint region: ParallelGCFailedAllocation
[48.321s][info][gc       ] GC(136) Pause Young (Allocation Failure) 2963M->1835M(4821M) 8.480ms
[48.322s][info][safepoint] Leaving safepoint region
[48.322s][info][safepoint] Total time for which application threads were stopped: 0.0100402 seconds, Stopping threads took: 0.0004740 seconds
[48.689s][info][safepoint] Application time: 0.3660797 seconds
[48.689s][info][safepoint] Entering safepoint region: ParallelGCFailedAllocation
[48.697s][info][gc       ] GC(137) Pause Young (Allocation Failure) 2963M->1835M(4877M) 7.272ms
[48.698s][info][safepoint] Leaving safepoint region
[48.698s][info][safepoint] Total time for which application threads were stopped: 0.0089183 seconds, Stopping threads took: 0.0004802 seconds
[49.091s][info][safepoint] Application time: 0.3923454 seconds
[49.091s][info][safepoint] Entering safepoint region: ParallelGCFailedAllocation
[49.099s][info][gc       ] GC(138) Pause Young (Allocation Failure) 3038M->1835M(4859M) 6.726ms
[49.099s][info][safepoint] Leaving safepoint region
[49.100s][info][safepoint] Total time for which application threads were stopped: 0.0083905 seconds, Stopping threads took: 0.0005244 seconds
[49.492s][info][safepoint] Application time: 0.3920807 seconds
[49.493s][info][safepoint] Entering safepoint region: ParallelGCFailedAllocation
[49.501s][info][gc       ] GC(139) Pause Young (Allocation Failure) 3038M->1835M(4910M) 7.770ms
[49.502s][info][safepoint] Leaving safepoint region
[49.502s][info][safepoint] Total time for which application threads were stopped: 0.0093018 seconds, Stopping threads took: 0.0004746 seconds
[49.911s][info][safepoint] Application time: 0.4086375 seconds
[49.912s][info][safepoint] Entering safepoint region: ParallelGCFailedAllocation
[49.920s][info][gc       ] GC(140) Pause Young (Allocation Failure) 3105M->1835M(4894M) 7.713ms
[49.921s][info][safepoint] Leaving safepoint region
[49.921s][info][safepoint] Total time for which application threads were stopped: 0.0091101 seconds, Stopping threads took: 0.0004594 seconds
[50.322s][info][safepoint] Application time: 0.4006557 seconds
[50.322s][info][safepoint] Entering safepoint region: ParallelGCFailedAllocation
[50.330s][info][gc       ] GC(141) Pause Young (Allocation Failure) 3105M->1835M(4939M) 7.060ms
[50.331s][info][safepoint] Leaving safepoint region
[50.331s][info][safepoint] Total time for which application threads were stopped: 0.0087775 seconds, Stopping threads took: 0.0005072 seconds
[50.763s][info][safepoint] Application time: 0.4312840 seconds
[50.764s][info][safepoint] Entering safepoint region: ParallelGCFailedAllocation
[50.771s][info][gc       ] GC(142) Pause Young (Allocation Failure) 3165M->1835M(4925M) 7.366ms
[50.772s][info][safepoint] Leaving safepoint region
[50.772s][info][safepoint] Total time for which application threads were stopped: 0.0088419 seconds, Stopping threads took: 0.0005150 seconds
[51.203s][info][safepoint] Application time: 0.4301607 seconds
[51.204s][info][safepoint] Entering safepoint region: ParallelGCFailedAllocation
[51.212s][info][gc       ] GC(143) Pause Young (Allocation Failure) 3165M->1835M(4964M) 7.623ms
[51.212s][info][safepoint] Leaving safepoint region
[51.213s][info][safepoint] Total time for which application threads were stopped: 0.0092905 seconds, Stopping threads took: 0.0005260 seconds
[51.658s][info][safepoint] Application time: 0.4444418 seconds
[51.658s][info][safepoint] Entering safepoint region: ParallelGCFailedAllocation
[51.666s][info][gc       ] GC(144) Pause Young (Allocation Failure) 3218M->1835M(4952M) 6.859ms
[51.666s][info][safepoint] Leaving safepoint region
[51.667s][info][safepoint] Total time for which application threads were stopped: 0.0085543 seconds, Stopping threads took: 0.0005088 seconds
[52.112s][info][safepoint] Application time: 0.4443074 seconds
[52.112s][info][safepoint] Entering safepoint region: ParallelGCFailedAllocation
[52.119s][info][gc       ] GC(145) Pause Young (Allocation Failure) 3218M->1835M(4987M) 6.647ms
[52.120s][info][safepoint] Leaving safepoint region
[52.120s][info][safepoint] Total time for which application threads were stopped: 0.0080942 seconds, Stopping threads took: 0.0004245 seconds
[52.470s][info][safepoint] Application time: 0.3490666 seconds
[52.470s][info][safepoint] Entering safepoint region: ParallelGCFailedAllocation
[52.585s][info][gc       ] GC(146) Pause Young (Allocation Failure) 3265M->2322M(4976M) 114.073ms
[52.585s][info][safepoint] Leaving safepoint region
[52.586s][info][safepoint] Total time for which application threads were stopped: 0.1152317 seconds, Stopping threads took: 0.0004769 seconds
[52.873s][info][safepoint] Application time: 0.2873824 seconds
[52.874s][info][safepoint] Entering safepoint region: ParallelGCFailedAllocation
[53.367s][info][gc       ] GC(147) Pause Young (Allocation Failure) 3752M->3533M(4126M) 492.809ms
[54.730s][info][gc       ] GC(148) Pause Full (Ergonomics) 3533M->1657M(4551M) 1362.317ms
[54.730s][info][safepoint] Leaving safepoint region
[54.731s][info][safepoint] Total time for which application threads were stopped: 1.8569898 seconds, Stopping threads took: 0.0004564 seconds
[54.911s][info][safepoint] Application time: 0.1794699 seconds
[54.911s][info][safepoint] Entering safepoint region: ParallelGCFailedAllocation
[54.914s][info][gc       ] GC(149) Pause Young (Allocation Failure) 2227M->1658M(4551M) 2.002ms
[54.914s][info][safepoint] Leaving safepoint region
[54.915s][info][safepoint] Total time for which application threads were stopped: 0.0034584 seconds, Stopping threads took: 0.0004605 seconds
[55.098s][info][safepoint] Application time: 0.1825844 seconds
[55.098s][info][safepoint] Entering safepoint region: ParallelGCFailedAllocation
[55.101s][info][gc       ] GC(150) Pause Young (Allocation Failure) 2227M->1658M(4551M) 2.671ms
[55.102s][info][safepoint] Leaving safepoint region
[55.102s][info][safepoint] Total time for which application threads were stopped: 0.0039864 seconds, Stopping threads took: 0.0004103 seconds
[55.285s][info][safepoint] Application time: 0.1820992 seconds
[55.285s][info][safepoint] Entering safepoint region: ParallelGCFailedAllocation
[55.288s][info][gc       ] GC(151) Pause Young (Allocation Failure) 2227M->1658M(4551M) 2.000ms
[55.288s][info][safepoint] Leaving safepoint region
[55.289s][info][safepoint] Total time for which application threads were stopped: 0.0035028 seconds, Stopping threads took: 0.0005239 seconds
[55.469s][info][safepoint] Application time: 0.1792846 seconds
[55.469s][info][safepoint] Entering safepoint region: ParallelGCFailedAllocation
[55.473s][info][gc       ] GC(152) Pause Young (Allocation Failure) 2227M->1658M(4551M) 3.051ms
[55.473s][info][safepoint] Leaving safepoint region
[55.474s][info][safepoint] Total time for which application threads were stopped: 0.0044274 seconds, Stopping threads took: 0.0004845 seconds
[55.658s][info][safepoint] Application time: 0.1839509 seconds
[55.658s][info][safepoint] Entering safepoint region: ParallelGCFailedAllocation
[55.661s][info][gc       ] GC(153) Pause Young (Allocation Failure) 2227M->1658M(4551M) 2.291ms
[55.662s][info][safepoint] Leaving safepoint region
[55.662s][info][safepoint] Total time for which application threads were stopped: 0.0039209 seconds, Stopping threads took: 0.0005147 seconds
[55.849s][info][safepoint] Application time: 0.1859504 seconds
[55.849s][info][safepoint] Entering safepoint region: ParallelGCFailedAllocation
[55.852s][info][gc       ] GC(154) Pause Young (Allocation Failure) 2227M->1658M(4551M) 2.327ms
[55.853s][info][safepoint] Leaving safepoint region
[55.853s][info][safepoint] Total time for which application threads were stopped: 0.0038150 seconds, Stopping threads took: 0.0005844 seconds
[56.040s][info][safepoint] Application time: 0.1865114 seconds
[56.041s][info][safepoint] Entering safepoint region: ParallelGCFailedAllocation
[56.044s][info][gc       ] GC(155) Pause Young (Allocation Failure) 2227M->1658M(4573M) 2.939ms
[56.045s][info][safepoint] Leaving safepoint region
[56.045s][info][safepoint] Total time for which application threads were stopped: 0.0042030 seconds, Stopping threads took: 0.0004767 seconds
[56.237s][info][safepoint] Application time: 0.1921461 seconds
[56.238s][info][safepoint] Entering safepoint region: ParallelGCFailedAllocation
[56.241s][info][gc       ] GC(156) Pause Young (Allocation Failure) 2249M->1658M(4551M) 2.615ms
[56.241s][info][safepoint] Leaving safepoint region
[56.242s][info][safepoint] Total time for which application threads were stopped: 0.0040163 seconds, Stopping threads took: 0.0004909 seconds
[56.435s][info][safepoint] Application time: 0.1924898 seconds
[56.435s][info][safepoint] Entering safepoint region: ParallelGCFailedAllocation
[56.438s][info][gc       ] GC(157) Pause Young (Allocation Failure) 2249M->1658M(4633M) 2.098ms
[56.438s][info][safepoint] Leaving safepoint region
[56.439s][info][safepoint] Total time for which application threads were stopped: 0.0035768 seconds, Stopping threads took: 0.0004764 seconds
[56.668s][info][safepoint] Application time: 0.2291063 seconds
[56.669s][info][safepoint] Entering safepoint region: ParallelGCFailedAllocation
[56.672s][info][gc       ] GC(158) Pause Young (Allocation Failure) 2362M->1658M(4604M) 2.080ms
[56.672s][info][safepoint] Leaving safepoint region
[56.673s][info][safepoint] Total time for which application threads were stopped: 0.0036893 seconds, Stopping threads took: 0.0005151 seconds
[56.902s][info][safepoint] Application time: 0.2289593 seconds
[56.903s][info][safepoint] Entering safepoint region: ParallelGCFailedAllocation
[56.905s][info][gc       ] GC(159) Pause Young (Allocation Failure) 2362M->1658M(4690M) 2.038ms
[56.906s][info][safepoint] Leaving safepoint region
[56.906s][info][safepoint] Total time for which application threads were stopped: 0.0034494 seconds, Stopping threads took: 0.0004139 seconds
[57.172s][info][safepoint] Application time: 0.2656003 seconds
[57.172s][info][safepoint] Entering safepoint region: ParallelGCFailedAllocation
[57.176s][info][gc       ] GC(160) Pause Young (Allocation Failure) 2477M->1658M(4662M) 2.635ms
[57.176s][info][safepoint] Leaving safepoint region
[57.176s][info][safepoint] Total time for which application threads were stopped: 0.0041260 seconds, Stopping threads took: 0.0005385 seconds
[57.441s][info][safepoint] Application time: 0.2638493 seconds
[57.441s][info][safepoint] Entering safepoint region: ParallelGCFailedAllocation
[57.444s][info][gc       ] GC(161) Pause Young (Allocation Failure) 2477M->1658M(4743M) 2.250ms
[57.444s][info][safepoint] Leaving safepoint region
[57.445s][info][safepoint] Total time for which application threads were stopped: 0.0036526 seconds, Stopping threads took: 0.0004671 seconds
[57.738s][info][safepoint] Application time: 0.2927631 seconds
[57.739s][info][safepoint] Entering safepoint region: ParallelGCFailedAllocation
[57.742s][info][gc       ] GC(162) Pause Young (Allocation Failure) 2585M->1658M(4717M) 2.532ms
[57.742s][info][safepoint] Leaving safepoint region
[57.743s][info][safepoint] Total time for which application threads were stopped: 0.0040940 seconds, Stopping threads took: 0.0004264 seconds
[58.045s][info][safepoint] Application time: 0.3015993 seconds
[58.045s][info][safepoint] Entering safepoint region: ParallelGCFailedAllocation
[58.049s][info][gc       ] GC(163) Pause Young (Allocation Failure) 2585M->1658M(4792M) 2.688ms
[58.049s][info][safepoint] Leaving safepoint region
[58.049s][info][safepoint] Total time for which application threads were stopped: 0.0040909 seconds, Stopping threads took: 0.0004575 seconds
[58.384s][info][safepoint] Application time: 0.3342393 seconds
[58.385s][info][safepoint] Entering safepoint region: ParallelGCFailedAllocation
[58.387s][info][gc       ] GC(164) Pause Young (Allocation Failure) 2684M->1658M(4768M) 2.440ms
[58.388s][info][safepoint] Leaving safepoint region
[58.388s][info][safepoint] Total time for which application threads were stopped: 0.0036386 seconds, Stopping threads took: 0.0004050 seconds
[58.718s][info][safepoint] Application time: 0.3296379 seconds
[58.719s][info][safepoint] Entering safepoint region: ParallelGCFailedAllocation
[58.722s][info][gc       ] GC(165) Pause Young (Allocation Failure) 2684M->1658M(4835M) 2.845ms
[58.722s][info][safepoint] Leaving safepoint region
[58.723s][info][safepoint] Total time for which application threads were stopped: 0.0040608 seconds, Stopping threads took: 0.0004376 seconds
[59.082s][info][safepoint] Application time: 0.3593077 seconds
[59.083s][info][safepoint] Entering safepoint region: ParallelGCFailedAllocation
[59.085s][info][gc       ] GC(166) Pause Young (Allocation Failure) 2774M->1658M(4814M) 2.014ms
[59.086s][info][safepoint] Leaving safepoint region
[59.086s][info][safepoint] Total time for which application threads were stopped: 0.0032912 seconds, Stopping threads took: 0.0004269 seconds
[59.444s][info][safepoint] Application time: 0.3569988 seconds
[59.444s][info][safepoint] Entering safepoint region: ParallelGCFailedAllocation
[59.449s][info][gc       ] GC(167) Pause Young (Allocation Failure) 2774M->1658M(4874M) 3.866ms
[59.449s][info][safepoint] Leaving safepoint region
[59.450s][info][safepoint] Total time for which application threads were stopped: 0.0055717 seconds, Stopping threads took: 0.0006107 seconds
[59.835s][info][safepoint] Application time: 0.3849748 seconds
[59.836s][info][safepoint] Entering safepoint region: ParallelGCFailedAllocation
[59.839s][info][gc       ] GC(168) Pause Young (Allocation Failure) 2854M->1658M(4855M) 2.936ms
[59.840s][info][safepoint] Leaving safepoint region
[59.840s][info][safepoint] Total time for which application threads were stopped: 0.0043811 seconds, Stopping threads took: 0.0003935 seconds
[60.228s][info][safepoint] Application time: 0.3876617 seconds
[60.229s][info][safepoint] Entering safepoint region: ParallelGCFailedAllocation
[60.232s][info][gc       ] GC(169) Pause Young (Allocation Failure) 2854M->1658M(4908M) 3.099ms
[60.233s][info][safepoint] Leaving safepoint region
[60.233s][info][safepoint] Total time for which application threads were stopped: 0.0045061 seconds, Stopping threads took: 0.0004760 seconds
[60.645s][info][safepoint] Application time: 0.4112629 seconds
[60.645s][info][safepoint] Entering safepoint region: ParallelGCFailedAllocation
[60.649s][info][gc       ] GC(170) Pause Young (Allocation Failure) 2925M->1658M(4892M) 2.698ms
[60.649s][info][safepoint] Leaving safepoint region
[60.649s][info][safepoint] Total time for which application threads were stopped: 0.0040741 seconds, Stopping threads took: 0.0003994 seconds
[61.059s][info][safepoint] Application time: 0.4090582 seconds
[61.059s][info][safepoint] Entering safepoint region: ParallelGCFailedAllocation
[61.062s][info][gc       ] GC(171) Pause Young (Allocation Failure) 2925M->1658M(4938M) 2.171ms
[61.062s][info][safepoint] Leaving safepoint region
[61.063s][info][safepoint] Total time for which application threads were stopped: 0.0035446 seconds, Stopping threads took: 0.0004317 seconds
[61.488s][info][safepoint] Application time: 0.4252410 seconds
[61.489s][info][safepoint] Entering safepoint region: ParallelGCFailedAllocation
[61.492s][info][gc       ] GC(172) Pause Young (Allocation Failure) 2987M->1658M(4924M) 1.979ms
[61.492s][info][safepoint] Leaving safepoint region
[61.492s][info][safepoint] Total time for which application threads were stopped: 0.0034151 seconds, Stopping threads took: 0.0004313 seconds
[61.909s][info][safepoint] Application time: 0.4163347 seconds
[61.910s][info][safepoint] Entering safepoint region: ParallelGCFailedAllocation
[61.913s][info][gc       ] GC(173) Pause Young (Allocation Failure) 2987M->1658M(4965M) 3.146ms
[61.914s][info][safepoint] Leaving safepoint region
[61.914s][info][safepoint] Total time for which application threads were stopped: 0.0045475 seconds, Stopping threads took: 0.0005345 seconds
[62.360s][info][safepoint] Application time: 0.4453227 seconds
[62.361s][info][safepoint] Entering safepoint region: ParallelGCFailedAllocation
[62.363s][info][gc       ] GC(174) Pause Young (Allocation Failure) 3041M->1658M(4952M) 2.125ms
[62.364s][info][safepoint] Leaving safepoint region
[62.364s][info][safepoint] Total time for which application threads were stopped: 0.0035619 seconds, Stopping threads took: 0.0004419 seconds
[62.814s][info][safepoint] Application time: 0.4496691 seconds
[62.815s][info][safepoint] Entering safepoint region: ParallelGCFailedAllocation
[62.818s][info][gc       ] GC(175) Pause Young (Allocation Failure) 3041M->1658M(4988M) 2.590ms
[62.818s][info][safepoint] Leaving safepoint region
[62.818s][info][safepoint] Total time for which application threads were stopped: 0.0039563 seconds, Stopping threads took: 0.0003554 seconds
[63.281s][info][safepoint] Application time: 0.4618351 seconds
[63.281s][info][safepoint] Entering safepoint region: ParallelGCFailedAllocation
[63.285s][info][gc       ] GC(176) Pause Young (Allocation Failure) 3089M->1658M(4976M) 2.973ms
[63.285s][info][safepoint] Leaving safepoint region
[63.286s][info][safepoint] Total time for which application threads were stopped: 0.0045293 seconds, Stopping threads took: 0.0004748 seconds
[63.738s][info][safepoint] Application time: 0.4513720 seconds
[63.738s][info][safepoint] Entering safepoint region: ParallelGCFailedAllocation
[63.741s][info][gc       ] GC(177) Pause Young (Allocation Failure) 3089M->1658M(5007M) 2.736ms
[63.742s][info][safepoint] Leaving safepoint region
[63.742s][info][safepoint] Total time for which application threads were stopped: 0.0041171 seconds, Stopping threads took: 0.0003999 seconds
[64.206s][info][safepoint] Application time: 0.4631518 seconds
[64.206s][info][safepoint] Entering safepoint region: ParallelGCFailedAllocation
[64.209s][info][gc       ] GC(178) Pause Young (Allocation Failure) 3130M->1658M(4998M) 2.106ms
[64.209s][info][safepoint] Leaving safepoint region
[64.210s][info][safepoint] Total time for which application threads were stopped: 0.0034395 seconds, Stopping threads took: 0.0003542 seconds
[64.688s][info][safepoint] Application time: 0.4774063 seconds
[64.688s][info][safepoint] Entering safepoint region: ParallelGCFailedAllocation
[64.692s][info][gc       ] GC(179) Pause Young (Allocation Failure) 3130M->1658M(5024M) 3.047ms
[64.692s][info][safepoint] Leaving safepoint region
[64.693s][info][safepoint] Total time for which application threads were stopped: 0.0045001 seconds, Stopping threads took: 0.0004150 seconds
[64.937s][info][safepoint] Application time: 0.2438640 seconds
[64.937s][info][safepoint] Entering safepoint region: ParallelGCFailedAllocation
[65.213s][info][gc       ] GC(180) Pause Young (Allocation Failure) 3165M->2747M(5016M) 275.383ms
[66.153s][info][gc       ] GC(181) Pause Full (Ergonomics) 2747M->1086M(4249M) 939.562ms
[66.153s][info][safepoint] Leaving safepoint region
[66.154s][info][safepoint] Total time for which application threads were stopped: 1.2168166 seconds, Stopping threads took: 0.0004028 seconds
[66.336s][info][safepoint] Application time: 0.1810321 seconds
[66.336s][info][safepoint] Entering safepoint region: ParallelGCFailedAllocation
[66.551s][info][gc       ] GC(182) Pause Young (Allocation Failure) 1818M->1794M(4633M) 213.953ms
[66.551s][info][safepoint] Leaving safepoint region
[66.551s][info][safepoint] Total time for which application threads were stopped: 0.2153902 seconds, Stopping threads took: 0.0005022 seconds
[66.814s][info][safepoint] Application time: 0.2620314 seconds
[66.814s][info][safepoint] Entering safepoint region: ParallelGCFailedAllocation
[66.968s][info][gc       ] GC(183) Pause Young (Allocation Failure) 2527M->1794M(4470M) 153.726ms
[66.969s][info][safepoint] Leaving safepoint region
[66.969s][info][safepoint] Total time for which application threads were stopped: 0.1550648 seconds, Stopping threads took: 0.0003513 seconds
[67.161s][info][safepoint] Application time: 0.1916439 seconds
[67.162s][info][safepoint] Entering safepoint region: ParallelGCFailedAllocation
[67.313s][info][gc       ] GC(184) Pause Young (Allocation Failure) 2364M->1795M(4551M) 151.341ms
[67.314s][info][safepoint] Leaving safepoint region
[67.314s][info][safepoint] Total time for which application threads were stopped: 0.1525314 seconds, Stopping threads took: 0.0003550 seconds
[67.508s][info][safepoint] Application time: 0.1932665 seconds
[67.508s][info][safepoint] Entering safepoint region: ParallelGCFailedAllocation
[67.660s][info][gc       ] GC(185) Pause Young (Allocation Failure) 2364M->1795M(4551M) 151.440ms
[67.661s][info][safepoint] Leaving safepoint region
[67.661s][info][safepoint] Total time for which application threads were stopped: 0.1525316 seconds, Stopping threads took: 0.0003864 seconds
[67.854s][info][safepoint] Application time: 0.1926030 seconds
[67.854s][info][safepoint] Entering safepoint region: ParallelGCFailedAllocation
[68.005s][info][gc       ] GC(186) Pause Young (Allocation Failure) 2364M->1795M(4551M) 150.683ms
[68.006s][info][safepoint] Leaving safepoint region
[68.006s][info][safepoint] Total time for which application threads were stopped: 0.1521084 seconds, Stopping threads took: 0.0004565 seconds
[68.200s][info][safepoint] Application time: 0.1937007 seconds
[68.201s][info][safepoint] Entering safepoint region: ParallelGCFailedAllocation
[68.354s][info][gc       ] GC(187) Pause Young (Allocation Failure) 2364M->1795M(4551M) 152.971ms
[68.355s][info][safepoint] Leaving safepoint region
[68.355s][info][safepoint] Total time for which application threads were stopped: 0.1542107 seconds, Stopping threads took: 0.0004387 seconds
[68.546s][info][safepoint] Application time: 0.1906418 seconds
[68.546s][info][safepoint] Entering safepoint region: ParallelGCFailedAllocation
[68.699s][info][gc       ] GC(188) Pause Young (Allocation Failure) 2364M->1795M(4551M) 152.360ms
[68.700s][info][safepoint] Leaving safepoint region
[68.700s][info][safepoint] Total time for which application threads were stopped: 0.1533331 seconds, Stopping threads took: 0.0003794 seconds
[68.892s][info][safepoint] Application time: 0.1924426 seconds
[68.893s][info][safepoint] Entering safepoint region: ParallelGCFailedAllocation
[69.078s][info][gc       ] GC(189) Pause Young (Allocation Failure) 2364M->1796M(4551M) 184.658ms
[69.078s][info][safepoint] Leaving safepoint region
[69.078s][info][safepoint] Total time for which application threads were stopped: 0.1855224 seconds, Stopping threads took: 0.0003487 seconds
[69.270s][info][safepoint] Application time: 0.1912191 seconds
[69.270s][info][safepoint] Entering safepoint region: ParallelGCFailedAllocation
[69.302s][info][gc       ] GC(190) Pause Young (Allocation Failure) 2366M->1796M(4551M) 30.812ms
[69.302s][info][safepoint] Leaving safepoint region
[69.302s][info][safepoint] Total time for which application threads were stopped: 0.0319782 seconds, Stopping threads took: 0.0004735 seconds
[69.494s][info][safepoint] Application time: 0.1919811 seconds
[69.495s][info][safepoint] Entering safepoint region: ParallelGCFailedAllocation
[69.502s][info][gc       ] GC(191) Pause Young (Allocation Failure) 2366M->1796M(4551M) 6.902ms
[69.503s][info][safepoint] Leaving safepoint region
[69.503s][info][safepoint] Total time for which application threads were stopped: 0.0083731 seconds, Stopping threads took: 0.0005054 seconds
[69.692s][info][safepoint] Application time: 0.1880383 seconds
[69.692s][info][safepoint] Entering safepoint region: ParallelGCFailedAllocation
[69.700s][info][gc       ] GC(192) Pause Young (Allocation Failure) 2366M->1796M(4551M) 7.241ms
[69.701s][info][safepoint] Leaving safepoint region
[69.701s][info][safepoint] Total time for which application threads were stopped: 0.0088936 seconds, Stopping threads took: 0.0005382 seconds
[69.889s][info][safepoint] Application time: 0.1871504 seconds
[69.890s][info][safepoint] Entering safepoint region: ParallelGCFailedAllocation
[69.897s][info][gc       ] GC(193) Pause Young (Allocation Failure) 2366M->1796M(4551M) 6.711ms
[69.897s][info][safepoint] Leaving safepoint region
[69.897s][info][safepoint] Total time for which application threads were stopped: 0.0079848 seconds, Stopping threads took: 0.0004112 seconds
[70.080s][info][safepoint] Application time: 0.1824158 seconds
[70.081s][info][safepoint] Entering safepoint region: ParallelGCFailedAllocation
[70.088s][info][gc       ] GC(194) Pause Young (Allocation Failure) 2366M->1796M(4551M) 6.699ms
[70.089s][info][safepoint] Leaving safepoint region
[70.089s][info][safepoint] Total time for which application threads were stopped: 0.0081201 seconds, Stopping threads took: 0.0005130 seconds
[70.273s][info][safepoint] Application time: 0.1838939 seconds
[70.274s][info][safepoint] Entering safepoint region: ParallelGCFailedAllocation
[70.281s][info][gc       ] GC(195) Pause Young (Allocation Failure) 2366M->1796M(4551M) 6.810ms
[70.281s][info][safepoint] Leaving safepoint region
[70.282s][info][safepoint] Total time for which application threads were stopped: 0.0079887 seconds, Stopping threads took: 0.0003583 seconds
[70.461s][info][safepoint] Application time: 0.1784933 seconds
[70.461s][info][safepoint] Entering safepoint region: ParallelGCFailedAllocation
[70.468s][info][gc       ] GC(196) Pause Young (Allocation Failure) 2366M->1796M(4551M) 6.679ms
[70.469s][info][safepoint] Leaving safepoint region
[70.469s][info][safepoint] Total time for which application threads were stopped: 0.0079336 seconds, Stopping threads took: 0.0004089 seconds
[70.653s][info][safepoint] Application time: 0.1838690 seconds
[70.654s][info][safepoint] Entering safepoint region: ParallelGCFailedAllocation
[70.662s][info][gc       ] GC(197) Pause Young (Allocation Failure) 2366M->1796M(4551M) 7.458ms
[70.663s][info][safepoint] Leaving safepoint region
[70.663s][info][safepoint] Total time for which application threads were stopped: 0.0091654 seconds, Stopping threads took: 0.0005500 seconds
[70.849s][info][safepoint] Application time: 0.1857160 seconds
[70.850s][info][safepoint] Entering safepoint region: ParallelGCFailedAllocation
[70.857s][info][gc       ] GC(198) Pause Young (Allocation Failure) 2366M->1796M(4551M) 6.781ms
[70.857s][info][safepoint] Leaving safepoint region
[70.858s][info][safepoint] Total time for which application threads were stopped: 0.0081349 seconds, Stopping threads took: 0.0003763 seconds
[71.040s][info][safepoint] Application time: 0.1821704 seconds
[71.041s][info][safepoint] Entering safepoint region: ParallelGCFailedAllocation
[71.049s][info][gc       ] GC(199) Pause Young (Allocation Failure) 2366M->1796M(4551M) 7.543ms
[71.049s][info][safepoint] Leaving safepoint region
[71.050s][info][safepoint] Total time for which application threads were stopped: 0.0090496 seconds, Stopping threads took: 0.0004578 seconds
[71.233s][info][safepoint] Application time: 0.1825499 seconds
[71.233s][info][safepoint] Entering safepoint region: ParallelGCFailedAllocation
[71.240s][info][gc       ] GC(200) Pause Young (Allocation Failure) 2366M->1796M(4551M) 6.344ms
[71.241s][info][safepoint] Leaving safepoint region
[71.241s][info][safepoint] Total time for which application threads were stopped: 0.0079359 seconds, Stopping threads took: 0.0004777 seconds
[71.425s][info][safepoint] Application time: 0.1836518 seconds
[71.426s][info][safepoint] Entering safepoint region: ParallelGCFailedAllocation
[71.434s][info][gc       ] GC(201) Pause Young (Allocation Failure) 2366M->1796M(4575M) 7.350ms
[71.434s][info][safepoint] Leaving safepoint region
[71.435s][info][safepoint] Total time for which application threads were stopped: 0.0087394 seconds, Stopping threads took: 0.0004567 seconds
[71.628s][info][safepoint] Application time: 0.1933791 seconds
[71.629s][info][safepoint] Entering safepoint region: ParallelGCFailedAllocation
[71.636s][info][gc       ] GC(202) Pause Young (Allocation Failure) 2390M->1796M(4551M) 6.713ms
[71.636s][info][safepoint] Leaving safepoint region
[71.637s][info][safepoint] Total time for which application threads were stopped: 0.0080317 seconds, Stopping threads took: 0.0004547 seconds
[71.835s][info][safepoint] Application time: 0.1973614 seconds
[71.835s][info][safepoint] Entering safepoint region: ParallelGCFailedAllocation
[71.843s][info][gc       ] GC(203) Pause Young (Allocation Failure) 2390M->1796M(4639M) 7.375ms
[71.844s][info][safepoint] Leaving safepoint region
[71.844s][info][safepoint] Total time for which application threads were stopped: 0.0089762 seconds, Stopping threads took: 0.0004917 seconds
[72.070s][info][safepoint] Application time: 0.2256506 seconds
[72.071s][info][safepoint] Entering safepoint region: ParallelGCFailedAllocation
[72.078s][info][gc       ] GC(204) Pause Young (Allocation Failure) 2510M->1796M(4608M) 7.375ms
[72.079s][info][safepoint] Leaving safepoint region
[72.079s][info][safepoint] Total time for which application threads were stopped: 0.0086031 seconds, Stopping threads took: 0.0002924 seconds
[72.314s][info][safepoint] Application time: 0.2346677 seconds
[72.315s][info][safepoint] Entering safepoint region: ParallelGCFailedAllocation
[72.323s][info][gc       ] GC(205) Pause Young (Allocation Failure) 2510M->1796M(4698M) 8.134ms
[72.324s][info][safepoint] Leaving safepoint region
[72.324s][info][safepoint] Total time for which application threads were stopped: 0.0095394 seconds, Stopping threads took: 0.0004371 seconds
[72.598s][info][safepoint] Application time: 0.2736712 seconds
[72.599s][info][safepoint] Entering safepoint region: ParallelGCFailedAllocation
[72.606s][info][gc       ] GC(206) Pause Young (Allocation Failure) 2630M->1796M(4669M) 6.501ms
[72.607s][info][safepoint] Leaving safepoint region
[72.607s][info][safepoint] Total time for which application threads were stopped: 0.0080259 seconds, Stopping threads took: 0.0004608 seconds
[72.869s][info][safepoint] Application time: 0.2616069 seconds
[72.870s][info][safepoint] Entering safepoint region: ParallelGCFailedAllocation
[72.877s][info][gc       ] GC(207) Pause Young (Allocation Failure) 2630M->1796M(4752M) 6.590ms
[72.877s][info][safepoint] Leaving safepoint region
[72.878s][info][safepoint] Total time for which application threads were stopped: 0.0081250 seconds, Stopping threads took: 0.0004699 seconds
[73.182s][info][safepoint] Application time: 0.3039765 seconds
[73.183s][info][safepoint] Entering safepoint region: ParallelGCFailedAllocation
[73.191s][info][gc       ] GC(208) Pause Young (Allocation Failure) 2740M->1796M(4725M) 7.538ms
[73.191s][info][safepoint] Leaving safepoint region
[73.192s][info][safepoint] Total time for which application threads were stopped: 0.0088903 seconds, Stopping threads took: 0.0004211 seconds
[73.502s][info][safepoint] Application time: 0.3101605 seconds
[73.503s][info][safepoint] Entering safepoint region: ParallelGCFailedAllocation
[73.510s][info][gc       ] GC(209) Pause Young (Allocation Failure) 2740M->1796M(4800M) 6.663ms
[73.510s][info][safepoint] Leaving safepoint region
[73.511s][info][safepoint] Total time for which application threads were stopped: 0.0081778 seconds, Stopping threads took: 0.0004188 seconds
[73.850s][info][safepoint] Application time: 0.3389712 seconds
[73.851s][info][safepoint] Entering safepoint region: ParallelGCFailedAllocation
[73.858s][info][gc       ] GC(210) Pause Young (Allocation Failure) 2840M->1796M(4776M) 6.930ms
[73.859s][info][safepoint] Leaving safepoint region
[73.859s][info][safepoint] Total time for which application threads were stopped: 0.0083706 seconds, Stopping threads took: 0.0004689 seconds
[74.190s][info][safepoint] Application time: 0.3300255 seconds
[74.190s][info][safepoint] Entering safepoint region: ParallelGCFailedAllocation
[74.198s][info][gc       ] GC(211) Pause Young (Allocation Failure) 2840M->1796M(4844M) 7.309ms
[74.199s][info][safepoint] Leaving safepoint region
[74.199s][info][safepoint] Total time for which application threads were stopped: 0.0089328 seconds, Stopping threads took: 0.0004676 seconds
[74.562s][info][safepoint] Application time: 0.3627439 seconds
[74.563s][info][safepoint] Entering safepoint region: ParallelGCFailedAllocation
[74.571s][info][gc       ] GC(212) Pause Young (Allocation Failure) 2930M->1796M(4823M) 7.781ms
[74.572s][info][safepoint] Leaving safepoint region
[74.572s][info][safepoint] Total time for which application threads were stopped: 0.0094215 seconds, Stopping threads took: 0.0005003 seconds
[74.941s][info][safepoint] Application time: 0.3680685 seconds
[74.941s][info][safepoint] Entering safepoint region: ParallelGCFailedAllocation
[74.949s][info][gc       ] GC(213) Pause Young (Allocation Failure) 2930M->1796M(4882M) 6.559ms
[74.949s][info][safepoint] Leaving safepoint region
[74.950s][info][safepoint] Total time for which application threads were stopped: 0.0081299 seconds, Stopping threads took: 0.0004700 seconds
[75.334s][info][safepoint] Application time: 0.3840236 seconds
[75.335s][info][safepoint] Entering safepoint region: ParallelGCFailedAllocation
[75.342s][info][gc       ] GC(214) Pause Young (Allocation Failure) 3009M->1796M(4863M) 7.228ms
[75.343s][info][safepoint] Leaving safepoint region
[75.343s][info][safepoint] Total time for which application threads were stopped: 0.0088720 seconds, Stopping threads took: 0.0004735 seconds
[75.732s][info][safepoint] Application time: 0.3882709 seconds
[75.733s][info][safepoint] Entering safepoint region: ParallelGCFailedAllocation
[75.740s][info][gc       ] GC(215) Pause Young (Allocation Failure) 3009M->1796M(4916M) 6.686ms
[75.740s][info][safepoint] Leaving safepoint region
[75.741s][info][safepoint] Total time for which application threads were stopped: 0.0079765 seconds, Stopping threads took: 0.0002855 seconds
[76.152s][info][safepoint] Application time: 0.4108651 seconds
[76.152s][info][safepoint] Entering safepoint region: ParallelGCFailedAllocation
[76.160s][info][gc       ] GC(216) Pause Young (Allocation Failure) 3078M->1796M(4899M) 6.812ms
[76.160s][info][safepoint] Leaving safepoint region
[76.161s][info][safepoint] Total time for which application threads were stopped: 0.0083757 seconds, Stopping threads took: 0.0004230 seconds
[76.576s][info][safepoint] Application time: 0.4144429 seconds
[76.576s][info][safepoint] Entering safepoint region: ParallelGCFailedAllocation
[76.584s][info][gc       ] GC(217) Pause Young (Allocation Failure) 3078M->1796M(4945M) 7.421ms
[76.585s][info][safepoint] Leaving safepoint region
[76.585s][info][safepoint] Total time for which application threads were stopped: 0.0087040 seconds, Stopping threads took: 0.0003863 seconds
[77.020s][info][safepoint] Application time: 0.4340289 seconds
[77.020s][info][safepoint] Entering safepoint region: ParallelGCFailedAllocation
[77.028s][info][gc       ] GC(218) Pause Young (Allocation Failure) 3140M->1796M(4931M) 7.516ms
[77.029s][info][safepoint] Leaving safepoint region
[77.029s][info][safepoint] Total time for which application threads were stopped: 0.0090055 seconds, Stopping threads took: 0.0004478 seconds
[77.463s][info][safepoint] Application time: 0.4338712 seconds
[77.464s][info][safepoint] Entering safepoint region: ParallelGCFailedAllocation
[77.471s][info][gc       ] GC(219) Pause Young (Allocation Failure) 3140M->1796M(4971M) 6.747ms
[77.471s][info][safepoint] Leaving safepoint region
[77.472s][info][safepoint] Total time for which application threads were stopped: 0.0080812 seconds, Stopping threads took: 0.0003177 seconds
[77.916s][info][safepoint] Application time: 0.4434392 seconds
[77.916s][info][safepoint] Entering safepoint region: ParallelGCFailedAllocation
[77.924s][info][gc       ] GC(220) Pause Young (Allocation Failure) 3193M->1796M(4959M) 6.758ms
[77.924s][info][safepoint] Leaving safepoint region
[77.925s][info][safepoint] Total time for which application threads were stopped: 0.0083513 seconds, Stopping threads took: 0.0004499 seconds
[78.154s][info][safepoint] Application time: 0.2283378 seconds
[78.154s][info][safepoint] Entering safepoint region: ParallelGCFailedAllocation
[78.412s][info][gc       ] GC(221) Pause Young (Allocation Failure) 3193M->2804M(4271M) 257.464ms
[79.250s][info][gc       ] GC(222) Pause Full (Ergonomics) 2804M->1004M(4627M) 837.122ms
[79.250s][info][safepoint] Leaving safepoint region
[79.251s][info][safepoint] Total time for which application threads were stopped: 1.0964944 seconds, Stopping threads took: 0.0003891 seconds
[79.340s][info][safepoint] Application time: 0.0889761 seconds
[79.341s][info][safepoint] Entering safepoint region: ParallelGCFailedAllocation
[79.483s][info][gc       ] GC(223) Pause Young (Allocation Failure) 1725M->1692M(4476M) 141.579ms
[79.483s][info][safepoint] Leaving safepoint region
[79.483s][info][safepoint] Total time for which application threads were stopped: 0.1426986 seconds, Stopping threads took: 0.0004003 seconds
[79.756s][info][safepoint] Application time: 0.2728808 seconds
[79.757s][info][safepoint] Entering safepoint region: ParallelGCFailedAllocation
[79.915s][info][gc       ] GC(224) Pause Young (Allocation Failure) 2261M->1795M(4551M) 158.015ms
[79.916s][info][safepoint] Leaving safepoint region
[79.916s][info][safepoint] Total time for which application threads were stopped: 0.1593910 seconds, Stopping threads took: 0.0004108 seconds
[80.106s][info][safepoint] Application time: 0.1888542 seconds
[80.106s][info][safepoint] Entering safepoint region: ParallelGCFailedAllocation
[80.262s][info][gc       ] GC(225) Pause Young (Allocation Failure) 2364M->1795M(4551M) 155.517ms
[80.262s][info][safepoint] Leaving safepoint region
[80.263s][info][safepoint] Total time for which application threads were stopped: 0.1569018 seconds, Stopping threads took: 0.0002625 seconds
[80.454s][info][safepoint] Application time: 0.1902958 seconds
[80.454s][info][safepoint] Entering safepoint region: ParallelGCFailedAllocation
[80.604s][info][gc       ] GC(226) Pause Young (Allocation Failure) 2364M->1795M(4551M) 149.340ms
[80.605s][info][safepoint] Leaving safepoint region
[80.605s][info][safepoint] Total time for which application threads were stopped: 0.1506252 seconds, Stopping threads took: 0.0004976 seconds
[80.796s][info][safepoint] Application time: 0.1913639 seconds
[80.797s][info][safepoint] Entering safepoint region: ParallelGCFailedAllocation
[80.951s][info][gc       ] GC(227) Pause Young (Allocation Failure) 2364M->1795M(4551M) 153.226ms
[80.951s][info][safepoint] Leaving safepoint region
[80.951s][info][safepoint] Total time for which application threads were stopped: 0.1543615 seconds, Stopping threads took: 0.0005037 seconds
[81.141s][info][safepoint] Application time: 0.1891349 seconds
[81.141s][info][safepoint] Entering safepoint region: ParallelGCFailedAllocation
[81.292s][info][gc       ] GC(228) Pause Young (Allocation Failure) 2364M->1795M(4551M) 150.255ms
[81.292s][info][safepoint] Leaving safepoint region
[81.293s][info][safepoint] Total time for which application threads were stopped: 0.1516805 seconds, Stopping threads took: 0.0005322 seconds
[81.484s][info][safepoint] Application time: 0.1912302 seconds
[81.485s][info][safepoint] Entering safepoint region: ParallelGCFailedAllocation
[81.638s][info][gc       ] GC(229) Pause Young (Allocation Failure) 2364M->1795M(4551M) 153.038ms
[81.639s][info][safepoint] Leaving safepoint region
[81.639s][info][safepoint] Total time for which application threads were stopped: 0.1541420 seconds, Stopping threads took: 0.0004403 seconds
[81.831s][info][safepoint] Application time: 0.1915184 seconds
[81.831s][info][safepoint] Entering safepoint region: ParallelGCFailedAllocation
[82.019s][info][gc       ] GC(230) Pause Young (Allocation Failure) 2364M->1797M(4551M) 187.303ms
[82.020s][info][safepoint] Leaving safepoint region
[82.020s][info][safepoint] Total time for which application threads were stopped: 0.1885178 seconds, Stopping threads took: 0.0003545 seconds
[82.207s][info][safepoint] Application time: 0.1868656 seconds
[82.207s][info][safepoint] Entering safepoint region: ParallelGCFailedAllocation
[82.315s][info][gc       ] GC(231) Pause Young (Allocation Failure) 2367M->1797M(4551M) 107.378ms
[82.316s][info][safepoint] Leaving safepoint region
[82.316s][info][safepoint] Total time for which application threads were stopped: 0.1088507 seconds, Stopping threads took: 0.0003825 seconds
[82.506s][info][safepoint] Application time: 0.1889193 seconds
[82.506s][info][safepoint] Entering safepoint region: ParallelGCFailedAllocation
[82.513s][info][gc       ] GC(232) Pause Young (Allocation Failure) 2367M->1797M(4551M) 6.157ms
[82.513s][info][safepoint] Leaving safepoint region
[82.513s][info][safepoint] Total time for which application threads were stopped: 0.0072919 seconds, Stopping threads took: 0.0003056 seconds
[82.698s][info][safepoint] Application time: 0.1846471 seconds
[82.699s][info][safepoint] Entering safepoint region: ParallelGCFailedAllocation
[82.705s][info][gc       ] GC(233) Pause Young (Allocation Failure) 2367M->1797M(4551M) 5.783ms
[82.706s][info][safepoint] Leaving safepoint region
[82.706s][info][safepoint] Total time for which application threads were stopped: 0.0071517 seconds, Stopping threads took: 0.0004728 seconds
[82.893s][info][safepoint] Application time: 0.1867762 seconds
[82.894s][info][safepoint] Entering safepoint region: ParallelGCFailedAllocation
[82.900s][info][gc       ] GC(234) Pause Young (Allocation Failure) 2367M->1797M(4551M) 5.785ms
[82.900s][info][safepoint] Leaving safepoint region
[82.901s][info][safepoint] Total time for which application threads were stopped: 0.0071286 seconds, Stopping threads took: 0.0004138 seconds
[83.086s][info][safepoint] Application time: 0.1845778 seconds
[83.086s][info][safepoint] Entering safepoint region: ParallelGCFailedAllocation
[83.093s][info][gc       ] GC(235) Pause Young (Allocation Failure) 2367M->1797M(4551M) 5.927ms
[83.093s][info][safepoint] Leaving safepoint region
[83.094s][info][safepoint] Total time for which application threads were stopped: 0.0075413 seconds, Stopping threads took: 0.0005071 seconds
[83.278s][info][safepoint] Application time: 0.1842207 seconds
[83.279s][info][safepoint] Entering safepoint region: ParallelGCFailedAllocation
[83.285s][info][gc       ] GC(236) Pause Young (Allocation Failure) 2367M->1797M(4551M) 5.711ms
[83.286s][info][safepoint] Leaving safepoint region
[83.286s][info][safepoint] Total time for which application threads were stopped: 0.0071326 seconds, Stopping threads took: 0.0005209 seconds
[83.472s][info][safepoint] Application time: 0.1850711 seconds
[83.472s][info][safepoint] Entering safepoint region: ParallelGCFailedAllocation
[83.478s][info][gc       ] GC(237) Pause Young (Allocation Failure) 2367M->1797M(4551M) 5.584ms
[83.479s][info][safepoint] Leaving safepoint region
[83.479s][info][safepoint] Total time for which application threads were stopped: 0.0070127 seconds, Stopping threads took: 0.0004592 seconds
[83.660s][info][safepoint] Application time: 0.1807203 seconds
[83.661s][info][safepoint] Entering safepoint region: ParallelGCFailedAllocation
[83.668s][info][gc       ] GC(238) Pause Young (Allocation Failure) 2367M->1797M(4551M) 6.741ms
[83.669s][info][safepoint] Leaving safepoint region
[83.669s][info][safepoint] Total time for which application threads were stopped: 0.0083751 seconds, Stopping threads took: 0.0005406 seconds
[83.853s][info][safepoint] Application time: 0.1832632 seconds
[83.854s][info][safepoint] Entering safepoint region: ParallelGCFailedAllocation
[83.860s][info][gc       ] GC(239) Pause Young (Allocation Failure) 2367M->1797M(4551M) 5.778ms
[83.860s][info][safepoint] Leaving safepoint region
[83.861s][info][safepoint] Total time for which application threads were stopped: 0.0073970 seconds, Stopping threads took: 0.0005062 seconds
[84.046s][info][safepoint] Application time: 0.1847714 seconds
[84.047s][info][safepoint] Entering safepoint region: ParallelGCFailedAllocation
[84.054s][info][gc       ] GC(240) Pause Young (Allocation Failure) 2367M->1797M(4551M) 6.662ms
[84.054s][info][safepoint] Leaving safepoint region
[84.055s][info][safepoint] Total time for which application threads were stopped: 0.0078896 seconds, Stopping threads took: 0.0002889 seconds
[84.241s][info][safepoint] Application time: 0.1861162 seconds
[84.242s][info][safepoint] Entering safepoint region: ParallelGCFailedAllocation
[84.249s][info][gc       ] GC(241) Pause Young (Allocation Failure) 2367M->1797M(4551M) 6.463ms
[84.249s][info][safepoint] Leaving safepoint region
[84.249s][info][safepoint] Total time for which application threads were stopped: 0.0077406 seconds, Stopping threads took: 0.0004706 seconds
[84.436s][info][safepoint] Application time: 0.1868488 seconds
[84.437s][info][safepoint] Entering safepoint region: ParallelGCFailedAllocation
[84.443s][info][gc       ] GC(242) Pause Young (Allocation Failure) 2367M->1797M(4551M) 5.677ms
[84.443s][info][safepoint] Leaving safepoint region
[84.444s][info][safepoint] Total time for which application threads were stopped: 0.0068757 seconds, Stopping threads took: 0.0004061 seconds
[84.631s][info][safepoint] Application time: 0.1866807 seconds
[84.631s][info][safepoint] Entering safepoint region: ParallelGCFailedAllocation
[84.638s][info][gc       ] GC(243) Pause Young (Allocation Failure) 2367M->1797M(4551M) 5.997ms
[84.638s][info][safepoint] Leaving safepoint region
[84.638s][info][safepoint] Total time for which application threads were stopped: 0.0073981 seconds, Stopping threads took: 0.0004165 seconds
[84.825s][info][safepoint] Application time: 0.1855951 seconds
[84.825s][info][safepoint] Entering safepoint region: ParallelGCFailedAllocation
[84.832s][info][gc       ] GC(244) Pause Young (Allocation Failure) 2367M->1797M(4551M) 6.442ms
[84.833s][info][safepoint] Leaving safepoint region
[84.833s][info][safepoint] Total time for which application threads were stopped: 0.0080411 seconds, Stopping threads took: 0.0004697 seconds
[85.018s][info][safepoint] Application time: 0.1846308 seconds
[85.019s][info][safepoint] Entering safepoint region: ParallelGCFailedAllocation
[85.026s][info][gc       ] GC(245) Pause Young (Allocation Failure) 2367M->1797M(4607M) 6.730ms
[85.026s][info][safepoint] Leaving safepoint region
[85.027s][info][safepoint] Total time for which application threads were stopped: 0.0082593 seconds, Stopping threads took: 0.0004320 seconds
[85.238s][info][safepoint] Application time: 0.2107335 seconds
[85.238s][info][safepoint] Entering safepoint region: ParallelGCFailedAllocation
[85.245s][info][gc       ] GC(246) Pause Young (Allocation Failure) 2444M->1797M(4573M) 6.477ms
[85.246s][info][safepoint] Leaving safepoint region
[85.246s][info][safepoint] Total time for which application threads were stopped: 0.0079848 seconds, Stopping threads took: 0.0004238 seconds
[85.452s][info][safepoint] Application time: 0.2048865 seconds
[85.452s][info][safepoint] Entering safepoint region: ParallelGCFailedAllocation
[85.459s][info][gc       ] GC(247) Pause Young (Allocation Failure) 2444M->1797M(4670M) 6.335ms
[85.460s][info][safepoint] Leaving safepoint region
[85.460s][info][safepoint] Total time for which application threads were stopped: 0.0077992 seconds, Stopping threads took: 0.0004734 seconds
[85.706s][info][safepoint] Application time: 0.2455543 seconds
[85.707s][info][safepoint] Entering safepoint region: ParallelGCFailedAllocation
[85.714s][info][gc       ] GC(248) Pause Young (Allocation Failure) 2574M->1797M(4639M) 6.542ms
[85.714s][info][safepoint] Leaving safepoint region
[85.715s][info][safepoint] Total time for which application threads were stopped: 0.0081896 seconds, Stopping threads took: 0.0004907 seconds
[85.979s][info][safepoint] Application time: 0.2633449 seconds
[85.979s][info][safepoint] Entering safepoint region: ParallelGCFailedAllocation
[85.986s][info][gc       ] GC(249) Pause Young (Allocation Failure) 2574M->1797M(4729M) 6.731ms
[85.987s][info][safepoint] Leaving safepoint region
[85.987s][info][safepoint] Total time for which application threads were stopped: 0.0080797 seconds, Stopping threads took: 0.0003998 seconds
[86.278s][info][safepoint] Application time: 0.2906896 seconds
[86.279s][info][safepoint] Entering safepoint region: ParallelGCFailedAllocation
[86.286s][info][gc       ] GC(250) Pause Young (Allocation Failure) 2693M->1797M(4700M) 6.578ms
[86.286s][info][safepoint] Leaving safepoint region
[86.287s][info][safepoint] Total time for which application threads were stopped: 0.0080466 seconds, Stopping threads took: 0.0004786 seconds
[86.570s][info][safepoint] Application time: 0.2833080 seconds
[86.571s][info][safepoint] Entering safepoint region: ParallelGCFailedAllocation
[86.577s][info][gc       ] GC(251) Pause Young (Allocation Failure) 2693M->1797M(4781M) 5.841ms
[86.578s][info][safepoint] Leaving safepoint region
[86.578s][info][safepoint] Total time for which application threads were stopped: 0.0072208 seconds, Stopping threads took: 0.0003771 seconds
[86.898s][info][safepoint] Application time: 0.3199362 seconds
[86.899s][info][safepoint] Entering safepoint region: ParallelGCFailedAllocation
[86.905s][info][gc       ] GC(252) Pause Young (Allocation Failure) 2800M->1797M(4755M) 5.499ms
[86.906s][info][safepoint] Leaving safepoint region
[86.906s][info][safepoint] Total time for which application threads were stopped: 0.0069866 seconds, Stopping threads took: 0.0004208 seconds
[87.225s][info][safepoint] Application time: 0.3185334 seconds
[87.226s][info][safepoint] Entering safepoint region: ParallelGCFailedAllocation
[87.232s][info][gc       ] GC(253) Pause Young (Allocation Failure) 2800M->1797M(4827M) 6.439ms
[87.233s][info][safepoint] Leaving safepoint region
[87.233s][info][safepoint] Total time for which application threads were stopped: 0.0077850 seconds, Stopping threads took: 0.0004289 seconds
[87.585s][info][safepoint] Application time: 0.3510489 seconds
[87.585s][info][safepoint] Entering safepoint region: ParallelGCFailedAllocation
[87.591s][info][gc       ] GC(254) Pause Young (Allocation Failure) 2896M->1797M(4805M) 5.757ms
[87.592s][info][safepoint] Leaving safepoint region
[87.592s][info][safepoint] Total time for which application threads were stopped: 0.0070156 seconds, Stopping threads took: 0.0002814 seconds
[87.950s][info][safepoint] Application time: 0.3567404 seconds
[87.950s][info][safepoint] Entering safepoint region: ParallelGCFailedAllocation
[87.957s][info][gc       ] GC(255) Pause Young (Allocation Failure) 2896M->1797M(4868M) 6.585ms
[87.958s][info][safepoint] Leaving safepoint region
[87.958s][info][safepoint] Total time for which application threads were stopped: 0.0080093 seconds, Stopping threads took: 0.0003574 seconds
[88.335s][info][safepoint] Application time: 0.3760091 seconds
[88.335s][info][safepoint] Entering safepoint region: ParallelGCFailedAllocation
[88.342s][info][gc       ] GC(256) Pause Young (Allocation Failure) 2981M->1797M(4848M) 6.705ms
[88.343s][info][safepoint] Leaving safepoint region
[88.343s][info][safepoint] Total time for which application threads were stopped: 0.0082583 seconds, Stopping threads took: 0.0004042 seconds
[88.719s][info][safepoint] Application time: 0.3755930 seconds
[88.720s][info][safepoint] Entering safepoint region: ParallelGCFailedAllocation
[88.727s][info][gc       ] GC(257) Pause Young (Allocation Failure) 2981M->1797M(4904M) 6.968ms
[88.728s][info][safepoint] Leaving safepoint region
[88.728s][info][safepoint] Total time for which application threads were stopped: 0.0083729 seconds, Stopping threads took: 0.0003577 seconds
[89.137s][info][safepoint] Application time: 0.4083655 seconds
[89.138s][info][safepoint] Entering safepoint region: ParallelGCFailedAllocation
[89.144s][info][gc       ] GC(258) Pause Young (Allocation Failure) 3055M->1797M(4887M) 6.099ms
[89.145s][info][safepoint] Leaving safepoint region
[89.145s][info][safepoint] Total time for which application threads were stopped: 0.0074656 seconds, Stopping threads took: 0.0003600 seconds
[89.551s][info][safepoint] Application time: 0.4057142 seconds
[89.552s][info][safepoint] Entering safepoint region: ParallelGCFailedAllocation
[89.558s][info][gc       ] GC(259) Pause Young (Allocation Failure) 3055M->1797M(4936M) 6.069ms
[89.559s][info][safepoint] Leaving safepoint region
[89.559s][info][safepoint] Total time for which application threads were stopped: 0.0076054 seconds, Stopping threads took: 0.0004696 seconds
[89.982s][info][safepoint] Application time: 0.4223594 seconds
[89.983s][info][safepoint] Entering safepoint region: ParallelGCFailedAllocation
[89.989s][info][gc       ] GC(260) Pause Young (Allocation Failure) 3121M->1797M(4921M) 6.102ms
[89.990s][info][safepoint] Leaving safepoint region
[89.990s][info][safepoint] Total time for which application threads were stopped: 0.0074956 seconds, Stopping threads took: 0.0004223 seconds
[90.415s][info][safepoint] Application time: 0.4243493 seconds
[90.415s][info][safepoint] Entering safepoint region: ParallelGCFailedAllocation
[90.422s][info][gc       ] GC(261) Pause Young (Allocation Failure) 3121M->1797M(4963M) 6.631ms
[90.423s][info][safepoint] Leaving safepoint region
[90.423s][info][safepoint] Total time for which application threads were stopped: 0.0080649 seconds, Stopping threads took: 0.0003907 seconds
[90.865s][info][safepoint] Application time: 0.4409771 seconds
[90.865s][info][safepoint] Entering safepoint region: ParallelGCFailedAllocation
[90.873s][info][gc       ] GC(262) Pause Young (Allocation Failure) 3177M->1797M(4950M) 6.988ms
[90.873s][info][safepoint] Leaving safepoint region
[90.874s][info][safepoint] Total time for which application threads were stopped: 0.0084695 seconds, Stopping threads took: 0.0004454 seconds
[91.188s][info][safepoint] Application time: 0.3140580 seconds
[91.189s][info][safepoint] Entering safepoint region: ParallelGCFailedAllocation
[91.329s][info][gc       ] GC(263) Pause Young (Allocation Failure) 3177M->2384M(4575M) 140.016ms
[91.330s][info][safepoint] Leaving safepoint region
[91.330s][info][safepoint] Total time for which application threads were stopped: 0.1414062 seconds, Stopping threads took: 0.0004357 seconds
[91.446s][info][safepoint] Application time: 0.1154831 seconds
[91.447s][info][safepoint] Entering safepoint region: ParallelGCFailedAllocation
[91.713s][info][gc       ] GC(264) Pause Young (Allocation Failure) 3359M->3354M(4775M) 265.799ms
[92.992s][info][gc       ] GC(265) Pause Full (Ergonomics) 3354M->1517M(4327M) 1278.776ms
[92.993s][info][safepoint] Leaving safepoint region
[92.993s][info][safepoint] Total time for which application threads were stopped: 1.5462865 seconds, Stopping threads took: 0.0004077 seconds
[93.228s][info][safepoint] Application time: 0.2350270 seconds
[93.229s][info][safepoint] Entering safepoint region: ParallelGCFailedAllocation
[93.367s][info][gc       ] GC(266) Pause Young (Allocation Failure) 2086M->1834M(4551M) 137.967ms
[93.367s][info][safepoint] Leaving safepoint region
[93.368s][info][safepoint] Total time for which application threads were stopped: 0.1389945 seconds, Stopping threads took: 0.0003923 seconds
[93.574s][info][safepoint] Application time: 0.2062494 seconds
[93.575s][info][safepoint] Entering safepoint region: ParallelGCFailedAllocation
[93.711s][info][gc       ] GC(267) Pause Young (Allocation Failure) 2403M->1834M(4551M) 136.216ms
[93.712s][info][safepoint] Leaving safepoint region
[93.712s][info][safepoint] Total time for which application threads were stopped: 0.1376685 seconds, Stopping threads took: 0.0005159 seconds
[93.903s][info][safepoint] Application time: 0.1902492 seconds
[93.903s][info][safepoint] Entering safepoint region: ParallelGCFailedAllocation
[94.040s][info][gc       ] GC(268) Pause Young (Allocation Failure) 2403M->1834M(4551M) 136.283ms
[94.041s][info][safepoint] Leaving safepoint region
[94.041s][info][safepoint] Total time for which application threads were stopped: 0.1376285 seconds, Stopping threads took: 0.0002711 seconds
[94.230s][info][safepoint] Application time: 0.1890419 seconds
[94.231s][info][safepoint] Entering safepoint region: ParallelGCFailedAllocation
[94.366s][info][gc       ] GC(269) Pause Young (Allocation Failure) 2404M->1834M(4551M) 135.257ms
[94.367s][info][safepoint] Leaving safepoint region
[94.367s][info][safepoint] Total time for which application threads were stopped: 0.1363841 seconds, Stopping threads took: 0.0002592 seconds
[94.554s][info][safepoint] Application time: 0.1866050 seconds
[94.554s][info][safepoint] Entering safepoint region: ParallelGCFailedAllocation
[94.692s][info][gc       ] GC(270) Pause Young (Allocation Failure) 2404M->1834M(4551M) 136.669ms
[94.692s][info][safepoint] Leaving safepoint region
[94.692s][info][safepoint] Total time for which application threads were stopped: 0.1377725 seconds, Stopping threads took: 0.0003874 seconds
[94.885s][info][safepoint] Application time: 0.1920319 seconds
[94.885s][info][safepoint] Entering safepoint region: ParallelGCFailedAllocation
[95.019s][info][gc       ] GC(271) Pause Young (Allocation Failure) 2403M->1834M(4551M) 133.674ms
[95.020s][info][safepoint] Leaving safepoint region
[95.020s][info][safepoint] Total time for which application threads were stopped: 0.1348611 seconds, Stopping threads took: 0.0003398 seconds
[95.208s][info][safepoint] Application time: 0.1876737 seconds
[95.208s][info][safepoint] Entering safepoint region: ParallelGCFailedAllocation
[95.343s][info][gc       ] GC(272) Pause Young (Allocation Failure) 2404M->1834M(4551M) 134.698ms
[95.344s][info][safepoint] Leaving safepoint region
[95.344s][info][safepoint] Total time for which application threads were stopped: 0.1359042 seconds, Stopping threads took: 0.0004795 seconds
[95.542s][info][safepoint] Application time: 0.1978594 seconds
[95.543s][info][safepoint] Entering safepoint region: ParallelGCFailedAllocation
[95.700s][info][gc       ] GC(273) Pause Young (Allocation Failure) 2403M->1835M(4551M) 156.104ms
[95.700s][info][safepoint] Leaving safepoint region
[95.701s][info][safepoint] Total time for which application threads were stopped: 0.1577138 seconds, Stopping threads took: 0.0005829 seconds
[95.892s][info][safepoint] Application time: 0.1907349 seconds
[95.892s][info][safepoint] Entering safepoint region: ParallelGCFailedAllocation
[95.896s][info][gc       ] GC(274) Pause Young (Allocation Failure) 2404M->1835M(4551M) 3.488ms
[95.896s][info][safepoint] Leaving safepoint region
[95.897s][info][safepoint] Total time for which application threads were stopped: 0.0047985 seconds, Stopping threads took: 0.0003333 seconds
[96.086s][info][safepoint] Application time: 0.1888047 seconds
[96.086s][info][safepoint] Entering safepoint region: ParallelGCFailedAllocation
[96.090s][info][gc       ] GC(275) Pause Young (Allocation Failure) 2404M->1835M(4551M) 3.418ms
[96.091s][info][safepoint] Leaving safepoint region
[96.091s][info][safepoint] Total time for which application threads were stopped: 0.0046081 seconds, Stopping threads took: 0.0003617 seconds
[96.280s][info][safepoint] Application time: 0.1886557 seconds
[96.280s][info][safepoint] Entering safepoint region: ParallelGCFailedAllocation
[96.284s][info][gc       ] GC(276) Pause Young (Allocation Failure) 2404M->1835M(4551M) 3.504ms
[96.285s][info][safepoint] Leaving safepoint region
[96.285s][info][safepoint] Total time for which application threads were stopped: 0.0048991 seconds, Stopping threads took: 0.0003972 seconds
[96.473s][info][safepoint] Application time: 0.1876687 seconds
[96.474s][info][safepoint] Entering safepoint region: ParallelGCFailedAllocation
[96.478s][info][gc       ] GC(277) Pause Young (Allocation Failure) 2404M->1835M(4551M) 3.999ms
[96.479s][info][safepoint] Leaving safepoint region
[96.479s][info][safepoint] Total time for which application threads were stopped: 0.0052800 seconds, Stopping threads took: 0.0004492 seconds
[96.663s][info][safepoint] Application time: 0.1840131 seconds
[96.664s][info][safepoint] Entering safepoint region: ParallelGCFailedAllocation
[96.669s][info][gc       ] GC(278) Pause Young (Allocation Failure) 2404M->1835M(4551M) 4.378ms
[96.669s][info][safepoint] Leaving safepoint region
[96.670s][info][safepoint] Total time for which application threads were stopped: 0.0059174 seconds, Stopping threads took: 0.0004308 seconds
[96.862s][info][safepoint] Application time: 0.1914410 seconds
[96.862s][info][safepoint] Entering safepoint region: ParallelGCFailedAllocation
[96.866s][info][gc       ] GC(279) Pause Young (Allocation Failure) 2404M->1835M(4561M) 3.369ms
[96.866s][info][safepoint] Leaving safepoint region
[96.867s][info][safepoint] Total time for which application threads were stopped: 0.0045609 seconds, Stopping threads took: 0.0003485 seconds
[97.059s][info][safepoint] Application time: 0.1918720 seconds
[97.059s][info][safepoint] Entering safepoint region: ParallelGCFailedAllocation
[97.063s][info][gc       ] GC(280) Pause Young (Allocation Failure) 2414M->1835M(4551M) 3.724ms
[97.064s][info][safepoint] Leaving safepoint region
[97.064s][info][safepoint] Total time for which application threads were stopped: 0.0050764 seconds, Stopping threads took: 0.0003708 seconds
[97.253s][info][safepoint] Application time: 0.1886804 seconds
[97.254s][info][safepoint] Entering safepoint region: ParallelGCFailedAllocation
[97.258s][info][gc       ] GC(281) Pause Young (Allocation Failure) 2414M->1835M(4609M) 3.698ms
[97.259s][info][safepoint] Leaving safepoint region
[97.259s][info][safepoint] Total time for which application threads were stopped: 0.0050782 seconds, Stopping threads took: 0.0003779 seconds
[97.468s][info][safepoint] Application time: 0.2090961 seconds
[97.469s][info][safepoint] Entering safepoint region: ParallelGCFailedAllocation
[97.474s][info][gc       ] GC(282) Pause Young (Allocation Failure) 2495M->1835M(4584M) 4.507ms
[97.475s][info][safepoint] Leaving safepoint region
[97.475s][info][safepoint] Total time for which application threads were stopped: 0.0061432 seconds, Stopping threads took: 0.0004256 seconds
[97.690s][info][safepoint] Application time: 0.2138807 seconds
[97.690s][info][safepoint] Entering safepoint region: ParallelGCFailedAllocation
[97.695s][info][gc       ] GC(283) Pause Young (Allocation Failure) 2495M->1835M(4659M) 4.384ms
[97.695s][info][safepoint] Leaving safepoint region
[97.696s][info][safepoint] Total time for which application threads were stopped: 0.0057702 seconds, Stopping threads took: 0.0003405 seconds
[97.949s][info][safepoint] Application time: 0.2523703 seconds
[97.949s][info][safepoint] Entering safepoint region: ParallelGCFailedAllocation
[97.953s][info][gc       ] GC(284) Pause Young (Allocation Failure) 2595M->1835M(4634M) 3.822ms
[97.954s][info][safepoint] Leaving safepoint region
[97.954s][info][safepoint] Total time for which application threads were stopped: 0.0051604 seconds, Stopping threads took: 0.0002918 seconds
[98.202s][info][safepoint] Application time: 0.2467849 seconds
[98.202s][info][safepoint] Entering safepoint region: ParallelGCFailedAllocation
[98.206s][info][gc       ] GC(285) Pause Young (Allocation Failure) 2595M->1835M(4709M) 3.662ms
[98.207s][info][safepoint] Leaving safepoint region
[98.207s][info][safepoint] Total time for which application threads were stopped: 0.0051948 seconds, Stopping threads took: 0.0004539 seconds
[98.482s][info][safepoint] Application time: 0.2745460 seconds
[98.483s][info][safepoint] Entering safepoint region: ParallelGCFailedAllocation
[98.487s][info][gc       ] GC(286) Pause Young (Allocation Failure) 2695M->1835M(4684M) 4.244ms
[98.488s][info][safepoint] Leaving safepoint region
[98.488s][info][safepoint] Total time for which application threads were stopped: 0.0057254 seconds, Stopping threads took: 0.0004572 seconds
[98.763s][info][safepoint] Application time: 0.2746490 seconds
[98.764s][info][safepoint] Entering safepoint region: ParallelGCFailedAllocation
[98.768s][info][gc       ] GC(287) Pause Young (Allocation Failure) 2695M->1835M(4756M) 3.803ms
[98.769s][info][safepoint] Leaving safepoint region
[98.769s][info][safepoint] Total time for which application threads were stopped: 0.0050264 seconds, Stopping threads took: 0.0004253 seconds
[99.078s][info][safepoint] Application time: 0.3086079 seconds
[99.078s][info][safepoint] Entering safepoint region: ParallelGCFailedAllocation
[99.083s][info][gc       ] GC(288) Pause Young (Allocation Failure) 2791M->1835M(4733M) 3.799ms
[99.083s][info][safepoint] Leaving safepoint region
[99.083s][info][safepoint] Total time for which application threads were stopped: 0.0050200 seconds, Stopping threads took: 0.0003852 seconds
[99.394s][info][safepoint] Application time: 0.3101988 seconds
[99.394s][info][safepoint] Entering safepoint region: ParallelGCFailedAllocation
[99.399s][info][gc       ] GC(289) Pause Young (Allocation Failure) 2791M->1835M(4800M) 4.058ms
[99.399s][info][safepoint] Leaving safepoint region
[99.400s][info][safepoint] Total time for which application threads were stopped: 0.0053943 seconds, Stopping threads took: 0.0004460 seconds
[99.743s][info][safepoint] Application time: 0.3423637 seconds
[99.743s][info][safepoint] Entering safepoint region: ParallelGCFailedAllocation
[99.747s][info][gc       ] GC(290) Pause Young (Allocation Failure) 2881M->1835M(4779M) 4.137ms
[99.748s][info][safepoint] Leaving safepoint region
[99.748s][info][safepoint] Total time for which application threads were stopped: 0.0051996 seconds, Stopping threads took: 0.0002483 seconds
[100.097s][info][safepoint] Application time: 0.3490501 seconds
[100.098s][info][safepoint] Entering safepoint region: ParallelGCFailedAllocation
[100.103s][info][gc       ] GC(291) Pause Young (Allocation Failure) 2881M->1835M(4841M) 4.511ms
[100.103s][info][safepoint] Leaving safepoint region
[100.104s][info][safepoint] Total time for which application threads were stopped: 0.0059162 seconds, Stopping threads took: 0.0004359 seconds
[100.467s][info][safepoint] Application time: 0.3627601 seconds
[100.468s][info][safepoint] Entering safepoint region: ParallelGCFailedAllocation
[100.472s][info][gc       ] GC(292) Pause Young (Allocation Failure) 2963M->1835M(4821M) 3.577ms
[100.472s][info][safepoint] Leaving safepoint region
[100.473s][info][safepoint] Total time for which application threads were stopped: 0.0051046 seconds, Stopping threads took: 0.0004149 seconds
[100.838s][info][safepoint] Application time: 0.3651855 seconds
[100.839s][info][safepoint] Entering safepoint region: ParallelGCFailedAllocation
[100.844s][info][gc       ] GC(293) Pause Young (Allocation Failure) 2963M->1835M(4877M) 4.048ms
[100.844s][info][safepoint] Leaving safepoint region
[100.845s][info][safepoint] Total time for which application threads were stopped: 0.0056815 seconds, Stopping threads took: 0.0004802 seconds
[101.239s][info][safepoint] Application time: 0.3939321 seconds
[101.240s][info][safepoint] Entering safepoint region: ParallelGCFailedAllocation
[101.244s][info][gc       ] GC(294) Pause Young (Allocation Failure) 3039M->1835M(4860M) 4.224ms
[101.245s][info][safepoint] Leaving safepoint region
[101.246s][info][safepoint] Total time for which application threads were stopped: 0.0058974 seconds, Stopping threads took: 0.0004424 seconds
[101.641s][info][safepoint] Application time: 0.3952915 seconds
[101.642s][info][safepoint] Entering safepoint region: ParallelGCFailedAllocation
[101.647s][info][gc       ] GC(295) Pause Young (Allocation Failure) 3039M->1835M(4910M) 4.261ms
[101.647s][info][safepoint] Leaving safepoint region
[101.648s][info][safepoint] Total time for which application threads were stopped: 0.0056921 seconds, Stopping threads took: 0.0004301 seconds
[102.064s][info][safepoint] Application time: 0.4162989 seconds
[102.065s][info][safepoint] Entering safepoint region: ParallelGCFailedAllocation
[102.069s][info][gc       ] GC(296) Pause Young (Allocation Failure) 3106M->1835M(4894M) 3.659ms
[102.070s][info][safepoint] Leaving safepoint region
[102.070s][info][safepoint] Total time for which application threads were stopped: 0.0053318 seconds, Stopping threads took: 0.0005711 seconds
[102.476s][info][safepoint] Application time: 0.4060002 seconds
[102.477s][info][safepoint] Entering safepoint region: ParallelGCFailedAllocation
[102.481s][info][gc       ] GC(297) Pause Young (Allocation Failure) 3106M->1835M(4939M) 3.416ms
[102.481s][info][safepoint] Leaving safepoint region
[102.482s][info][safepoint] Total time for which application threads were stopped: 0.0048155 seconds, Stopping threads took: 0.0003137 seconds
[102.906s][info][safepoint] Application time: 0.4239529 seconds
[102.907s][info][safepoint] Entering safepoint region: ParallelGCFailedAllocation
[102.912s][info][gc       ] GC(298) Pause Young (Allocation Failure) 3166M->1835M(4925M) 4.350ms
[102.912s][info][safepoint] Leaving safepoint region
[102.912s][info][safepoint] Total time for which application threads were stopped: 0.0056127 seconds, Stopping threads took: 0.0004222 seconds
[103.344s][info][safepoint] Application time: 0.4309825 seconds
[103.344s][info][safepoint] Entering safepoint region: ParallelGCFailedAllocation
[103.349s][info][gc       ] GC(299) Pause Young (Allocation Failure) 3166M->1835M(4965M) 4.354ms
[103.350s][info][safepoint] Leaving safepoint region
[103.350s][info][safepoint] Total time for which application threads were stopped: 0.0059967 seconds, Stopping threads took: 0.0004518 seconds
[103.795s][info][safepoint] Application time: 0.4447337 seconds
[103.796s][info][safepoint] Entering safepoint region: ParallelGCFailedAllocation
[103.801s][info][gc       ] GC(300) Pause Young (Allocation Failure) 3219M->1835M(4952M) 4.392ms
[103.801s][info][safepoint] Leaving safepoint region
[103.802s][info][safepoint] Total time for which application threads were stopped: 0.0058103 seconds, Stopping threads took: 0.0004044 seconds
[104.249s][info][safepoint] Application time: 0.4463556 seconds
[104.249s][info][safepoint] Entering safepoint region: ParallelGCFailedAllocation
[104.253s][info][gc       ] GC(301) Pause Young (Allocation Failure) 3219M->1835M(4987M) 3.592ms
[104.254s][info][safepoint] Leaving safepoint region
[104.254s][info][safepoint] Total time for which application threads were stopped: 0.0049858 seconds, Stopping threads took: 0.0002865 seconds
[104.605s][info][safepoint] Application time: 0.3506137 seconds
[104.606s][info][safepoint] Entering safepoint region: ParallelGCFailedAllocation
[104.726s][info][gc       ] GC(302) Pause Young (Allocation Failure) 3265M->2342M(4976M) 119.773ms
[104.726s][info][safepoint] Leaving safepoint region
[104.727s][info][safepoint] Total time for which application threads were stopped: 0.1210285 seconds, Stopping threads took: 0.0003444 seconds
[105.014s][info][safepoint] Application time: 0.2867427 seconds
[105.014s][info][safepoint] Entering safepoint region: ParallelGCFailedAllocation
[105.399s][info][gc       ] GC(303) Pause Young (Allocation Failure) 3772M->3534M(4126M) 384.347ms
[106.988s][info][gc       ] GC(304) Pause Full (Ergonomics) 3534M->1657M(4551M) 1589.026ms
[106.989s][info][safepoint] Leaving safepoint region
[106.989s][info][safepoint] Total time for which application threads were stopped: 1.9752670 seconds, Stopping threads took: 0.0004684 seconds
[107.175s][info][safepoint] Application time: 0.1847483 seconds
[107.175s][info][safepoint] Entering safepoint region: ParallelGCFailedAllocation
[107.179s][info][gc       ] GC(305) Pause Young (Allocation Failure) 2227M->1658M(4551M) 2.934ms
[107.179s][info][safepoint] Leaving safepoint region
[107.180s][info][safepoint] Total time for which application threads were stopped: 0.0043338 seconds, Stopping threads took: 0.0004804 seconds
[107.366s][info][safepoint] Application time: 0.1862390 seconds
[107.367s][info][safepoint] Entering safepoint region: ParallelGCFailedAllocation
[107.369s][info][gc       ] GC(306) Pause Young (Allocation Failure) 2227M->1658M(4551M) 2.155ms
[107.370s][info][safepoint] Leaving safepoint region
[107.370s][info][safepoint] Total time for which application threads were stopped: 0.0034567 seconds, Stopping threads took: 0.0003909 seconds
[107.553s][info][safepoint] Application time: 0.1822968 seconds
[107.553s][info][safepoint] Entering safepoint region: ParallelGCFailedAllocation
[107.556s][info][gc       ] GC(307) Pause Young (Allocation Failure) 2227M->1658M(4551M) 2.321ms
[107.556s][info][safepoint] Leaving safepoint region
[107.557s][info][safepoint] Total time for which application threads were stopped: 0.0036098 seconds, Stopping threads took: 0.0004209 seconds
[107.739s][info][safepoint] Application time: 0.1821330 seconds
[107.740s][info][safepoint] Entering safepoint region: ParallelGCFailedAllocation
[107.742s][info][gc       ] GC(308) Pause Young (Allocation Failure) 2227M->1658M(4551M) 1.908ms
[107.743s][info][safepoint] Leaving safepoint region
[107.743s][info][safepoint] Total time for which application threads were stopped: 0.0032068 seconds, Stopping threads took: 0.0003874 seconds
[107.930s][info][safepoint] Application time: 0.1869898 seconds
[107.931s][info][safepoint] Entering safepoint region: ParallelGCFailedAllocation
[107.934s][info][gc       ] GC(309) Pause Young (Allocation Failure) 2227M->1658M(4551M) 3.332ms
[107.935s][info][safepoint] Leaving safepoint region
[107.935s][info][safepoint] Total time for which application threads were stopped: 0.0046802 seconds, Stopping threads took: 0.0003828 seconds
[108.116s][info][safepoint] Application time: 0.1806665 seconds
[108.117s][info][safepoint] Entering safepoint region: ParallelGCFailedAllocation
[108.120s][info][gc       ] GC(310) Pause Young (Allocation Failure) 2227M->1658M(4551M) 3.014ms
[108.121s][info][safepoint] Leaving safepoint region
[108.121s][info][safepoint] Total time for which application threads were stopped: 0.0042936 seconds, Stopping threads took: 0.0003382 seconds
[108.305s][info][safepoint] Application time: 0.1834578 seconds
[108.305s][info][safepoint] Entering safepoint region: ParallelGCFailedAllocation
[108.309s][info][gc       ] GC(311) Pause Young (Allocation Failure) 2227M->1658M(4574M) 2.934ms
[108.309s][info][safepoint] Leaving safepoint region
[108.310s][info][safepoint] Total time for which application threads were stopped: 0.0043209 seconds, Stopping threads took: 0.0004305 seconds
[108.502s][info][safepoint] Application time: 0.1917986 seconds
[108.502s][info][safepoint] Entering safepoint region: ParallelGCFailedAllocation
[108.505s][info][gc       ] GC(312) Pause Young (Allocation Failure) 2250M->1658M(4551M) 2.579ms
[108.506s][info][safepoint] Leaving safepoint region
[108.506s][info][safepoint] Total time for which application threads were stopped: 0.0039652 seconds, Stopping threads took: 0.0004755 seconds
[108.697s][info][safepoint] Application time: 0.1905843 seconds
[108.698s][info][safepoint] Entering safepoint region: ParallelGCFailedAllocation
[108.700s][info][gc       ] GC(313) Pause Young (Allocation Failure) 2250M->1658M(4634M) 1.928ms
[108.701s][info][safepoint] Leaving safepoint region
[108.701s][info][safepoint] Total time for which application threads were stopped: 0.0031719 seconds, Stopping threads took: 0.0004296 seconds
[108.929s][info][safepoint] Application time: 0.2275152 seconds
[108.929s][info][safepoint] Entering safepoint region: ParallelGCFailedAllocation
[108.933s][info][gc       ] GC(314) Pause Young (Allocation Failure) 2363M->1658M(4604M) 2.916ms
[108.933s][info][safepoint] Leaving safepoint region
[108.934s][info][safepoint] Total time for which application threads were stopped: 0.0044420 seconds, Stopping threads took: 0.0005274 seconds
[109.162s][info][safepoint] Application time: 0.2279007 seconds
[109.163s][info][safepoint] Entering safepoint region: ParallelGCFailedAllocation
[109.165s][info][gc       ] GC(315) Pause Young (Allocation Failure) 2363M->1658M(4691M) 1.779ms
[109.165s][info][safepoint] Leaving safepoint region
[109.165s][info][safepoint] Total time for which application threads were stopped: 0.0029359 seconds, Stopping threads took: 0.0003078 seconds
[109.432s][info][safepoint] Application time: 0.2660027 seconds
[109.432s][info][safepoint] Entering safepoint region: ParallelGCFailedAllocation
[109.436s][info][gc       ] GC(316) Pause Young (Allocation Failure) 2478M->1658M(4663M) 3.589ms
[109.437s][info][safepoint] Leaving safepoint region
[109.437s][info][safepoint] Total time for which application threads were stopped: 0.0050650 seconds, Stopping threads took: 0.0005438 seconds
[109.703s][info][safepoint] Application time: 0.2648854 seconds
[109.703s][info][safepoint] Entering safepoint region: ParallelGCFailedAllocation
[109.706s][info][gc       ] GC(317) Pause Young (Allocation Failure) 2478M->1658M(4744M) 2.336ms
[109.706s][info][safepoint] Leaving safepoint region
[109.707s][info][safepoint] Total time for which application threads were stopped: 0.0036375 seconds, Stopping threads took: 0.0004198 seconds
[110.017s][info][safepoint] Application time: 0.3095969 seconds
[110.017s][info][safepoint] Entering safepoint region: ParallelGCFailedAllocation
[110.021s][info][gc       ] GC(318) Pause Young (Allocation Failure) 2586M->1658M(4718M) 2.987ms
[110.021s][info][safepoint] Leaving safepoint region
[110.022s][info][safepoint] Total time for which application threads were stopped: 0.0044042 seconds, Stopping threads took: 0.0004572 seconds
[110.321s][info][safepoint] Application time: 0.2994707 seconds
[110.322s][info][safepoint] Entering safepoint region: ParallelGCFailedAllocation
[110.325s][info][gc       ] GC(319) Pause Young (Allocation Failure) 2586M->1658M(4792M) 2.942ms
[110.326s][info][safepoint] Leaving safepoint region
[110.327s][info][safepoint] Total time for which application threads were stopped: 0.0045820 seconds, Stopping threads took: 0.0004938 seconds
[110.677s][info][safepoint] Application time: 0.3495931 seconds
[110.677s][info][safepoint] Entering safepoint region: ParallelGCFailedAllocation
[110.680s][info][gc       ] GC(320) Pause Young (Allocation Failure) 2685M->1658M(4768M) 2.147ms
[110.680s][info][safepoint] Leaving safepoint region
[110.681s][info][safepoint] Total time for which application threads were stopped: 0.0036211 seconds, Stopping threads took: 0.0005323 seconds
[111.014s][info][safepoint] Application time: 0.3327410 seconds
[111.015s][info][safepoint] Entering safepoint region: ParallelGCFailedAllocation
[111.018s][info][gc       ] GC(321) Pause Young (Allocation Failure) 2685M->1658M(4835M) 3.282ms
[111.019s][info][safepoint] Leaving safepoint region
[111.019s][info][safepoint] Total time for which application threads were stopped: 0.0048468 seconds, Stopping threads took: 0.0005105 seconds
[111.389s][info][safepoint] Application time: 0.3690687 seconds
[111.389s][info][safepoint] Entering safepoint region: ParallelGCFailedAllocation
[111.393s][info][gc       ] GC(322) Pause Young (Allocation Failure) 2774M->1658M(4814M) 2.929ms
[111.393s][info][safepoint] Leaving safepoint region
[111.394s][info][safepoint] Total time for which application threads were stopped: 0.0043575 seconds, Stopping threads took: 0.0003455 seconds
[111.772s][info][safepoint] Application time: 0.3775638 seconds
[111.772s][info][safepoint] Entering safepoint region: ParallelGCFailedAllocation
[111.775s][info][gc       ] GC(323) Pause Young (Allocation Failure) 2774M->1658M(4874M) 2.326ms
[111.776s][info][safepoint] Leaving safepoint region
[111.776s][info][safepoint] Total time for which application threads were stopped: 0.0039944 seconds, Stopping threads took: 0.0006320 seconds
[112.160s][info][safepoint] Application time: 0.3834397 seconds
[112.161s][info][safepoint] Entering safepoint region: ParallelGCFailedAllocation
[112.163s][info][gc       ] GC(324) Pause Young (Allocation Failure) 2854M->1658M(4855M) 2.067ms
[112.164s][info][safepoint] Leaving safepoint region
[112.164s][info][safepoint] Total time for which application threads were stopped: 0.0033131 seconds, Stopping threads took: 0.0003874 seconds
[112.550s][info][safepoint] Application time: 0.3857209 seconds
[112.551s][info][safepoint] Entering safepoint region: ParallelGCFailedAllocation
[112.554s][info][gc       ] GC(325) Pause Young (Allocation Failure) 2854M->1658M(4908M) 2.908ms
[112.554s][info][safepoint] Leaving safepoint region
[112.555s][info][safepoint] Total time for which application threads were stopped: 0.0041303 seconds, Stopping threads took: 0.0004413 seconds
[112.959s][info][safepoint] Application time: 0.4038127 seconds
[112.959s][info][safepoint] Entering safepoint region: ParallelGCFailedAllocation
[112.962s][info][gc       ] GC(326) Pause Young (Allocation Failure) 2925M->1658M(4892M) 2.342ms
[112.963s][info][safepoint] Leaving safepoint region
[112.963s][info][safepoint] Total time for which application threads were stopped: 0.0037469 seconds, Stopping threads took: 0.0004563 seconds
[113.372s][info][safepoint] Application time: 0.4088174 seconds
[113.373s][info][safepoint] Entering safepoint region: ParallelGCFailedAllocation
[113.376s][info][gc       ] GC(327) Pause Young (Allocation Failure) 2925M->1658M(4938M) 2.954ms
[113.377s][info][safepoint] Leaving safepoint region
[113.377s][info][safepoint] Total time for which application threads were stopped: 0.0045341 seconds, Stopping threads took: 0.0005293 seconds
[113.802s][info][safepoint] Application time: 0.4240400 seconds
[113.802s][info][safepoint] Entering safepoint region: ParallelGCFailedAllocation
[113.806s][info][gc       ] GC(328) Pause Young (Allocation Failure) 2987M->1658M(4924M) 3.081ms
[113.806s][info][safepoint] Leaving safepoint region
[113.807s][info][safepoint] Total time for which application threads were stopped: 0.0044609 seconds, Stopping threads took: 0.0004548 seconds
[114.248s][info][safepoint] Application time: 0.4403317 seconds
[114.248s][info][safepoint] Entering safepoint region: ParallelGCFailedAllocation
[114.252s][info][gc       ] GC(329) Pause Young (Allocation Failure) 2987M->1658M(4965M) 2.988ms
[114.252s][info][safepoint] Leaving safepoint region
[114.253s][info][safepoint] Total time for which application threads were stopped: 0.0044629 seconds, Stopping threads took: 0.0004824 seconds
[114.720s][info][safepoint] Application time: 0.4665075 seconds
[114.720s][info][safepoint] Entering safepoint region: ParallelGCFailedAllocation
[114.723s][info][gc       ] GC(330) Pause Young (Allocation Failure) 3042M->1658M(4952M) 2.616ms
[114.723s][info][safepoint] Leaving safepoint region
[114.724s][info][safepoint] Total time for which application threads were stopped: 0.0036424 seconds, Stopping threads took: 0.0002260 seconds
[115.177s][info][safepoint] Application time: 0.4528664 seconds
[115.177s][info][safepoint] Entering safepoint region: ParallelGCFailedAllocation
[115.180s][info][gc       ] GC(331) Pause Young (Allocation Failure) 3042M->1658M(4988M) 2.174ms
[115.180s][info][safepoint] Leaving safepoint region
[115.181s][info][safepoint] Total time for which application threads were stopped: 0.0034749 seconds, Stopping threads took: 0.0003821 seconds
[115.657s][info][safepoint] Application time: 0.4763139 seconds
[115.658s][info][safepoint] Entering safepoint region: ParallelGCFailedAllocation
[115.661s][info][gc       ] GC(332) Pause Young (Allocation Failure) 3089M->1658M(4977M) 3.041ms
[115.662s][info][safepoint] Leaving safepoint region
[115.662s][info][safepoint] Total time for which application threads were stopped: 0.0044462 seconds, Stopping threads took: 0.0004744 seconds
[116.146s][info][safepoint] Application time: 0.4836529 seconds
[116.147s][info][safepoint] Entering safepoint region: ParallelGCFailedAllocation
[116.150s][info][gc       ] GC(333) Pause Young (Allocation Failure) 3089M->1658M(5007M) 2.720ms
[116.151s][info][safepoint] Leaving safepoint region
[116.151s][info][safepoint] Total time for which application threads were stopped: 0.0040376 seconds, Stopping threads took: 0.0004654 seconds
[116.648s][info][safepoint] Application time: 0.4966728 seconds
[116.649s][info][safepoint] Entering safepoint region: ParallelGCFailedAllocation
[116.652s][info][gc       ] GC(334) Pause Young (Allocation Failure) 3130M->1658M(4998M) 3.031ms
[116.653s][info][safepoint] Leaving safepoint region
[116.653s][info][safepoint] Total time for which application threads were stopped: 0.0044954 seconds, Stopping threads took: 0.0004040 seconds
[117.127s][info][safepoint] Application time: 0.4738022 seconds
[117.128s][info][safepoint] Entering safepoint region: ParallelGCFailedAllocation
[117.131s][info][gc       ] GC(335) Pause Young (Allocation Failure) 3130M->1658M(5024M) 3.174ms
[117.132s][info][safepoint] Leaving safepoint region
[117.132s][info][safepoint] Total time for which application threads were stopped: 0.0046396 seconds, Stopping threads took: 0.0003981 seconds
[117.380s][info][safepoint] Application time: 0.2475243 seconds
[117.381s][info][safepoint] Entering safepoint region: ParallelGCFailedAllocation
[117.679s][info][gc       ] GC(336) Pause Young (Allocation Failure) 3165M->2779M(5016M) 297.966ms
[118.640s][info][gc       ] GC(337) Pause Full (Ergonomics) 2779M->1118M(4225M) 960.519ms
[118.641s][info][safepoint] Leaving safepoint region
[118.641s][info][safepoint] Total time for which application threads were stopped: 1.2604646 seconds, Stopping threads took: 0.0005160 seconds
[118.824s][info][safepoint] Application time: 0.1823321 seconds
[118.825s][info][safepoint] Entering safepoint region: ParallelGCFailedAllocation
[119.031s][info][gc       ] GC(338) Pause Young (Allocation Failure) 1827M->1797M(4621M) 205.832ms
[119.031s][info][safepoint] Leaving safepoint region
[119.031s][info][safepoint] Total time for which application threads were stopped: 0.2066160 seconds, Stopping threads took: 0.0003783 seconds
[119.281s][info][safepoint] Application time: 0.2494524 seconds
[119.281s][info][safepoint] Entering safepoint region: ParallelGCFailedAllocation
[119.438s][info][gc       ] GC(339) Pause Young (Allocation Failure) 2506M->1797M(4482M) 156.312ms
[119.438s][info][safepoint] Leaving safepoint region
[119.439s][info][safepoint] Total time for which application threads were stopped: 0.1575278 seconds, Stopping threads took: 0.0004098 seconds
[119.649s][info][safepoint] Application time: 0.2097810 seconds
[119.649s][info][safepoint] Entering safepoint region: ParallelGCFailedAllocation
[119.807s][info][gc       ] GC(340) Pause Young (Allocation Failure) 2367M->1797M(4551M) 156.651ms
[119.807s][info][safepoint] Leaving safepoint region
[119.807s][info][safepoint] Total time for which application threads were stopped: 0.1578846 seconds, Stopping threads took: 0.0005349 seconds
[120.017s][info][safepoint] Application time: 0.2096154 seconds
[120.017s][info][safepoint] Entering safepoint region: ParallelGCFailedAllocation
[120.173s][info][gc       ] GC(341) Pause Young (Allocation Failure) 2367M->1797M(4551M) 155.095ms
[120.173s][info][safepoint] Leaving safepoint region
[120.174s][info][safepoint] Total time for which application threads were stopped: 0.1563899 seconds, Stopping threads took: 0.0002740 seconds
[120.382s][info][safepoint] Application time: 0.2075344 seconds
[120.382s][info][safepoint] Entering safepoint region: ParallelGCFailedAllocation
[120.540s][info][gc       ] GC(342) Pause Young (Allocation Failure) 2367M->1797M(4551M) 156.994ms
[120.540s][info][safepoint] Leaving safepoint region
[120.541s][info][safepoint] Total time for which application threads were stopped: 0.1584823 seconds, Stopping threads took: 0.0005767 seconds
[120.750s][info][safepoint] Application time: 0.2083359 seconds
[120.750s][info][safepoint] Entering safepoint region: ParallelGCFailedAllocation
[120.909s][info][gc       ] GC(343) Pause Young (Allocation Failure) 2367M->1797M(4551M) 158.265ms
[120.909s][info][safepoint] Leaving safepoint region
[120.909s][info][safepoint] Total time for which application threads were stopped: 0.1592692 seconds, Stopping threads took: 0.0005050 seconds
[121.100s][info][safepoint] Application time: 0.1903595 seconds
[121.100s][info][safepoint] Entering safepoint region: ParallelGCFailedAllocation
[121.258s][info][gc       ] GC(344) Pause Young (Allocation Failure) 2367M->1797M(4551M) 156.818ms
[121.258s][info][safepoint] Leaving safepoint region
[121.258s][info][safepoint] Total time for which application threads were stopped: 0.1580309 seconds, Stopping threads took: 0.0003571 seconds
[121.450s][info][safepoint] Application time: 0.1915698 seconds
[121.451s][info][safepoint] Entering safepoint region: ParallelGCFailedAllocation
[121.649s][info][gc       ] GC(345) Pause Young (Allocation Failure) 2367M->1799M(4551M) 198.000ms
[121.650s][info][safepoint] Leaving safepoint region
[121.650s][info][safepoint] Total time for which application threads were stopped: 0.1991454 seconds, Stopping threads took: 0.0004203 seconds
[121.862s][info][safepoint] Application time: 0.2122788 seconds
[121.863s][info][safepoint] Entering safepoint region: ParallelGCFailedAllocation
[121.887s][info][gc       ] GC(346) Pause Young (Allocation Failure) 2369M->1799M(4551M) 23.151ms
[121.887s][info][safepoint] Leaving safepoint region
[121.888s][info][safepoint] Total time for which application threads were stopped: 0.0246807 seconds, Stopping threads took: 0.0005731 seconds
[122.076s][info][safepoint] Application time: 0.1880174 seconds
[122.077s][info][safepoint] Entering safepoint region: ParallelGCFailedAllocation
[122.085s][info][gc       ] GC(347) Pause Young (Allocation Failure) 2369M->1799M(4551M) 7.795ms
[122.085s][info][safepoint] Leaving safepoint region
[122.086s][info][safepoint] Total time for which application threads were stopped: 0.0094186 seconds, Stopping threads took: 0.0004863 seconds
[122.277s][info][safepoint] Application time: 0.1903219 seconds
[122.277s][info][safepoint] Entering safepoint region: ParallelGCFailedAllocation
[122.285s][info][gc       ] GC(348) Pause Young (Allocation Failure) 2369M->1799M(4551M) 7.289ms
[122.286s][info][safepoint] Leaving safepoint region
[122.286s][info][safepoint] Total time for which application threads were stopped: 0.0087298 seconds, Stopping threads took: 0.0004971 seconds
[122.485s][info][safepoint] Application time: 0.1983058 seconds
[122.485s][info][safepoint] Entering safepoint region: ParallelGCFailedAllocation
[122.493s][info][gc       ] GC(349) Pause Young (Allocation Failure) 2369M->1799M(4551M) 6.897ms
[122.493s][info][safepoint] Leaving safepoint region
[122.494s][info][safepoint] Total time for which application threads were stopped: 0.0084117 seconds, Stopping threads took: 0.0004739 seconds
[122.682s][info][safepoint] Application time: 0.1881123 seconds
[122.683s][info][safepoint] Entering safepoint region: ParallelGCFailedAllocation
[122.691s][info][gc       ] GC(350) Pause Young (Allocation Failure) 2369M->1799M(4551M) 7.278ms
[122.691s][info][safepoint] Leaving safepoint region
[122.692s][info][safepoint] Total time for which application threads were stopped: 0.0088418 seconds, Stopping threads took: 0.0005192 seconds
[122.880s][info][safepoint] Application time: 0.1875326 seconds
[122.880s][info][safepoint] Entering safepoint region: ParallelGCFailedAllocation
[122.888s][info][gc       ] GC(351) Pause Young (Allocation Failure) 2369M->1799M(4551M) 7.060ms
[122.888s][info][safepoint] Leaving safepoint region
[122.889s][info][safepoint] Total time for which application threads were stopped: 0.0085367 seconds, Stopping threads took: 0.0004712 seconds
[123.081s][info][safepoint] Application time: 0.1919417 seconds
[123.082s][info][safepoint] Entering safepoint region: ParallelGCFailedAllocation
[123.089s][info][gc       ] GC(352) Pause Young (Allocation Failure) 2369M->1799M(4551M) 6.280ms
[123.089s][info][safepoint] Leaving safepoint region
[123.090s][info][safepoint] Total time for which application threads were stopped: 0.0077196 seconds, Stopping threads took: 0.0004778 seconds
[123.285s][info][safepoint] Application time: 0.1952830 seconds
[123.286s][info][safepoint] Entering safepoint region: ParallelGCFailedAllocation
[123.293s][info][gc       ] GC(353) Pause Young (Allocation Failure) 2369M->1799M(4551M) 7.089ms
[123.294s][info][safepoint] Leaving safepoint region
[123.294s][info][safepoint] Total time for which application threads were stopped: 0.0084637 seconds, Stopping threads took: 0.0003890 seconds
[123.494s][info][safepoint] Application time: 0.1995196 seconds
[123.495s][info][safepoint] Entering safepoint region: ParallelGCFailedAllocation
[123.503s][info][gc       ] GC(354) Pause Young (Allocation Failure) 2369M->1799M(4551M) 7.692ms
[123.504s][info][safepoint] Leaving safepoint region
[123.504s][info][safepoint] Total time for which application threads were stopped: 0.0091186 seconds, Stopping threads took: 0.0005101 seconds
[123.698s][info][safepoint] Application time: 0.1934794 seconds
[123.698s][info][safepoint] Entering safepoint region: ParallelGCFailedAllocation
[123.705s][info][gc       ] GC(355) Pause Young (Allocation Failure) 2369M->1799M(4551M) 6.455ms
[123.706s][info][safepoint] Leaving safepoint region
[123.706s][info][safepoint] Total time for which application threads were stopped: 0.0080708 seconds, Stopping threads took: 0.0005002 seconds
[123.900s][info][safepoint] Application time: 0.1932437 seconds
[123.901s][info][safepoint] Entering safepoint region: ParallelGCFailedAllocation
[123.908s][info][gc       ] GC(356) Pause Young (Allocation Failure) 2369M->1799M(4551M) 6.789ms
[123.908s][info][safepoint] Leaving safepoint region
[123.909s][info][safepoint] Total time for which application threads were stopped: 0.0083418 seconds, Stopping threads took: 0.0004901 seconds
[124.089s][info][safepoint] Application time: 0.1796208 seconds
[124.090s][info][safepoint] Entering safepoint region: ParallelGCFailedAllocation
[124.097s][info][gc       ] GC(357) Pause Young (Allocation Failure) 2369M->1799M(4566M) 6.670ms
[124.097s][info][safepoint] Leaving safepoint region
[124.098s][info][safepoint] Total time for which application threads were stopped: 0.0082775 seconds, Stopping threads took: 0.0004799 seconds
[124.292s][info][safepoint] Application time: 0.1936239 seconds
[124.293s][info][safepoint] Entering safepoint region: ParallelGCFailedAllocation
[124.300s][info][gc       ] GC(358) Pause Young (Allocation Failure) 2384M->1799M(4551M) 6.783ms
[124.301s][info][safepoint] Leaving safepoint region
[124.301s][info][safepoint] Total time for which application threads were stopped: 0.0083198 seconds, Stopping threads took: 0.0005381 seconds
[124.490s][info][safepoint] Application time: 0.1888542 seconds
[124.491s][info][safepoint] Entering safepoint region: ParallelGCFailedAllocation
[124.499s][info][gc       ] GC(359) Pause Young (Allocation Failure) 2384M->1799M(4631M) 7.207ms
[124.499s][info][safepoint] Leaving safepoint region
[124.500s][info][safepoint] Total time for which application threads were stopped: 0.0087591 seconds, Stopping threads took: 0.0004716 seconds
[124.741s][info][safepoint] Application time: 0.2405818 seconds
[124.741s][info][safepoint] Entering safepoint region: ParallelGCFailedAllocation
[124.748s][info][gc       ] GC(360) Pause Young (Allocation Failure) 2496M->1799M(4599M) 7.092ms
[124.749s][info][safepoint] Leaving safepoint region
[124.749s][info][safepoint] Total time for which application threads were stopped: 0.0077202 seconds, Stopping threads took: 0.0001480 seconds
[124.993s][info][safepoint] Application time: 0.2441963 seconds
[124.993s][info][safepoint] Entering safepoint region: ParallelGCFailedAllocation
[125.001s][info][gc       ] GC(361) Pause Young (Allocation Failure) 2496M->1799M(4691M) 7.728ms
[125.002s][info][safepoint] Leaving safepoint region
[125.002s][info][safepoint] Total time for which application threads were stopped: 0.0089019 seconds, Stopping threads took: 0.0002452 seconds
[125.303s][info][safepoint] Application time: 0.3000318 seconds
[125.303s][info][safepoint] Entering safepoint region: ParallelGCFailedAllocation
[125.311s][info][gc       ] GC(362) Pause Young (Allocation Failure) 2618M->1799M(4661M) 7.128ms
[125.311s][info][safepoint] Leaving safepoint region
[125.312s][info][safepoint] Total time for which application threads were stopped: 0.0086814 seconds, Stopping threads took: 0.0004414 seconds
[125.596s][info][safepoint] Application time: 0.2838876 seconds
[125.597s][info][safepoint] Entering safepoint region: ParallelGCFailedAllocation
[125.605s][info][gc       ] GC(363) Pause Young (Allocation Failure) 2618M->1799M(4745M) 7.494ms
[125.605s][info][safepoint] Leaving safepoint region
[125.606s][info][safepoint] Total time for which application threads were stopped: 0.0090169 seconds, Stopping threads took: 0.0005249 seconds
[125.916s][info][safepoint] Application time: 0.3098487 seconds
[125.916s][info][safepoint] Entering safepoint region: ParallelGCFailedAllocation
[125.924s][info][gc       ] GC(364) Pause Young (Allocation Failure) 2730M->1799M(4719M) 7.369ms
[125.925s][info][safepoint] Leaving safepoint region
[125.925s][info][safepoint] Total time for which application threads were stopped: 0.0085341 seconds, Stopping threads took: 0.0003452 seconds
[126.239s][info][safepoint] Application time: 0.3136112 seconds
[126.240s][info][safepoint] Entering safepoint region: ParallelGCFailedAllocation
[126.247s][info][gc       ] GC(365) Pause Young (Allocation Failure) 2730M->1799M(4795M) 7.183ms
[126.248s][info][safepoint] Leaving safepoint region
[126.248s][info][safepoint] Total time for which application threads were stopped: 0.0087459 seconds, Stopping threads took: 0.0005116 seconds
[126.603s][info][safepoint] Application time: 0.3540958 seconds
[126.603s][info][safepoint] Entering safepoint region: ParallelGCFailedAllocation
[126.610s][info][gc       ] GC(366) Pause Young (Allocation Failure) 2832M->1799M(4771M) 6.400ms
[126.611s][info][safepoint] Leaving safepoint region
[126.611s][info][safepoint] Total time for which application threads were stopped: 0.0078222 seconds, Stopping threads took: 0.0004122 seconds
[126.963s][info][safepoint] Application time: 0.3513305 seconds
[126.964s][info][safepoint] Entering safepoint region: ParallelGCFailedAllocation
[126.971s][info][gc       ] GC(367) Pause Young (Allocation Failure) 2832M->1799M(4839M) 6.656ms
[126.971s][info][safepoint] Leaving safepoint region
[126.972s][info][safepoint] Total time for which application threads were stopped: 0.0080485 seconds, Stopping threads took: 0.0005123 seconds
[127.359s][info][safepoint] Application time: 0.3867886 seconds
[127.359s][info][safepoint] Entering safepoint region: ParallelGCFailedAllocation
[127.367s][info][gc       ] GC(368) Pause Young (Allocation Failure) 2923M->1799M(4818M) 6.707ms
[127.367s][info][safepoint] Leaving safepoint region
[127.368s][info][safepoint] Total time for which application threads were stopped: 0.0082447 seconds, Stopping threads took: 0.0004955 seconds
[127.734s][info][safepoint] Application time: 0.3661171 seconds
[127.735s][info][safepoint] Entering safepoint region: ParallelGCFailedAllocation
[127.743s][info][gc       ] GC(369) Pause Young (Allocation Failure) 2923M->1799M(4878M) 7.608ms
[127.743s][info][safepoint] Leaving safepoint region
[127.744s][info][safepoint] Total time for which application threads were stopped: 0.0089744 seconds, Stopping threads took: 0.0004199 seconds
[128.135s][info][safepoint] Application time: 0.3906596 seconds
[128.135s][info][safepoint] Entering safepoint region: ParallelGCFailedAllocation
[128.143s][info][gc       ] GC(370) Pause Young (Allocation Failure) 3004M->1799M(4859M) 7.603ms
[128.144s][info][safepoint] Leaving safepoint region
[128.144s][info][safepoint] Total time for which application threads were stopped: 0.0089273 seconds, Stopping threads took: 0.0003185 seconds
[128.536s][info][safepoint] Application time: 0.3913887 seconds
[128.536s][info][safepoint] Entering safepoint region: ParallelGCFailedAllocation
[128.544s][info][gc       ] GC(371) Pause Young (Allocation Failure) 3004M->1799M(4913M) 6.721ms
[128.544s][info][safepoint] Leaving safepoint region
[128.545s][info][safepoint] Total time for which application threads were stopped: 0.0082155 seconds, Stopping threads took: 0.0004388 seconds
[128.973s][info][safepoint] Application time: 0.4281092 seconds
[128.973s][info][safepoint] Entering safepoint region: ParallelGCFailedAllocation
[128.981s][info][gc       ] GC(372) Pause Young (Allocation Failure) 3075M->1799M(4896M) 7.147ms
[128.981s][info][safepoint] Leaving safepoint region
[128.982s][info][safepoint] Total time for which application threads were stopped: 0.0083184 seconds, Stopping threads took: 0.0002520 seconds
[129.418s][info][safepoint] Application time: 0.4353671 seconds
[129.418s][info][safepoint] Entering safepoint region: ParallelGCFailedAllocation
[129.426s][info][gc       ] GC(373) Pause Young (Allocation Failure) 3075M->1799M(4943M) 7.152ms
[129.426s][info][safepoint] Leaving safepoint region
[129.427s][info][safepoint] Total time for which application threads were stopped: 0.0086009 seconds, Stopping threads took: 0.0004091 seconds
[129.883s][info][safepoint] Application time: 0.4554770 seconds
[129.883s][info][safepoint] Entering safepoint region: ParallelGCFailedAllocation
[129.891s][info][gc       ] GC(374) Pause Young (Allocation Failure) 3137M->1799M(4928M) 6.813ms
[129.891s][info][safepoint] Leaving safepoint region
[129.892s][info][safepoint] Total time for which application threads were stopped: 0.0082759 seconds, Stopping threads took: 0.0004563 seconds
[130.332s][info][safepoint] Application time: 0.4397379 seconds
[130.332s][info][safepoint] Entering safepoint region: ParallelGCFailedAllocation
[130.339s][info][gc       ] GC(375) Pause Young (Allocation Failure) 3137M->1799M(4969M) 6.392ms
[130.340s][info][safepoint] Leaving safepoint region
[130.340s][info][safepoint] Total time for which application threads were stopped: 0.0079415 seconds, Stopping threads took: 0.0004603 seconds
[130.807s][info][safepoint] Application time: 0.4659358 seconds
[130.807s][info][safepoint] Entering safepoint region: ParallelGCFailedAllocation
[130.815s][info][gc       ] GC(376) Pause Young (Allocation Failure) 3191M->1799M(4956M) 7.273ms
[130.815s][info][safepoint] Leaving safepoint region
[130.816s][info][safepoint] Total time for which application threads were stopped: 0.0086942 seconds, Stopping threads took: 0.0004576 seconds
[131.111s][info][safepoint] Application time: 0.2948752 seconds
[131.112s][info][safepoint] Entering safepoint region: ParallelGCFailedAllocation
[131.318s][info][gc       ] GC(377) Pause Young (Allocation Failure) 3191M->2592M(4428M) 205.764ms
[132.041s][info][gc       ] GC(378) Pause Full (Ergonomics) 2592M->791M(4704M) 722.868ms
[132.042s][info][safepoint] Leaving safepoint region
[132.042s][info][safepoint] Total time for which application threads were stopped: 0.9303346 seconds, Stopping threads took: 0.0004842 seconds
[132.151s][info][safepoint] Application time: 0.1087211 seconds
[132.151s][info][safepoint] Entering safepoint region: ParallelGCFailedAllocation
[132.357s][info][gc       ] GC(379) Pause Young (Allocation Failure) 1666M->1634M(4398M) 204.843ms
[132.357s][info][safepoint] Leaving safepoint region
[132.358s][info][safepoint] Total time for which application threads were stopped: 0.2060967 seconds, Stopping threads took: 0.0004482 seconds
[132.632s][info][safepoint] Application time: 0.2738218 seconds
[132.632s][info][safepoint] Entering safepoint region: ParallelGCFailedAllocation
[132.821s][info][gc       ] GC(380) Pause Young (Allocation Failure) 2204M->1798M(4551M) 188.209ms
[132.821s][info][safepoint] Leaving safepoint region
[132.822s][info][safepoint] Total time for which application threads were stopped: 0.1893171 seconds, Stopping threads took: 0.0003973 seconds
[133.033s][info][safepoint] Application time: 0.2109335 seconds
[133.033s][info][safepoint] Entering safepoint region: ParallelGCFailedAllocation
[133.183s][info][gc       ] GC(381) Pause Young (Allocation Failure) 2367M->1798M(4551M) 149.555ms
[133.184s][info][safepoint] Leaving safepoint region
[133.184s][info][safepoint] Total time for which application threads were stopped: 0.1509406 seconds, Stopping threads took: 0.0003581 seconds
[133.395s][info][safepoint] Application time: 0.2106847 seconds
[133.396s][info][safepoint] Entering safepoint region: ParallelGCFailedAllocation
[133.546s][info][gc       ] GC(382) Pause Young (Allocation Failure) 2367M->1798M(4551M) 149.431ms
[133.546s][info][safepoint] Leaving safepoint region
[133.547s][info][safepoint] Total time for which application threads were stopped: 0.1506641 seconds, Stopping threads took: 0.0005215 seconds
[133.759s][info][safepoint] Application time: 0.2118425 seconds
[133.759s][info][safepoint] Entering safepoint region: ParallelGCFailedAllocation
[133.908s][info][gc       ] GC(383) Pause Young (Allocation Failure) 2367M->1798M(4551M) 148.467ms
[133.909s][info][safepoint] Leaving safepoint region
[133.909s][info][safepoint] Total time for which application threads were stopped: 0.1497092 seconds, Stopping threads took: 0.0005120 seconds
[134.120s][info][safepoint] Application time: 0.2103722 seconds
[134.120s][info][safepoint] Entering safepoint region: ParallelGCFailedAllocation
[134.275s][info][gc       ] GC(384) Pause Young (Allocation Failure) 2367M->1798M(4551M) 153.848ms
[134.275s][info][safepoint] Leaving safepoint region
[134.275s][info][safepoint] Total time for which application threads were stopped: 0.1548998 seconds, Stopping threads took: 0.0004395 seconds
[134.481s][info][safepoint] Application time: 0.2059561 seconds
[134.482s][info][safepoint] Entering safepoint region: ParallelGCFailedAllocation
[134.631s][info][gc       ] GC(385) Pause Young (Allocation Failure) 2367M->1798M(4551M) 148.984ms
[134.632s][info][safepoint] Leaving safepoint region
[134.632s][info][safepoint] Total time for which application threads were stopped: 0.1502215 seconds, Stopping threads took: 0.0003438 seconds
[134.846s][info][safepoint] Application time: 0.2135038 seconds
[134.847s][info][safepoint] Entering safepoint region: ParallelGCFailedAllocation
[135.029s][info][gc       ] GC(386) Pause Young (Allocation Failure) 2367M->1800M(4551M) 181.316ms
[135.029s][info][safepoint] Leaving safepoint region
[135.029s][info][safepoint] Total time for which application threads were stopped: 0.1823386 seconds, Stopping threads took: 0.0006179 seconds
[135.232s][info][safepoint] Application time: 0.2029583 seconds
[135.233s][info][safepoint] Entering safepoint region: ParallelGCFailedAllocation
[135.452s][info][gc       ] GC(387) Pause Young (Allocation Failure) 2370M->1800M(4551M) 218.532ms
[135.452s][info][safepoint] Leaving safepoint region
[135.452s][info][safepoint] Total time for which application threads were stopped: 0.2194446 seconds, Stopping threads took: 0.0005187 seconds
[135.680s][info][safepoint] Application time: 0.2277164 seconds
[135.680s][info][safepoint] Entering safepoint region: ParallelGCFailedAllocation
[135.687s][info][gc       ] GC(388) Pause Young (Allocation Failure) 2370M->1800M(4551M) 6.578ms
[135.688s][info][safepoint] Leaving safepoint region
[135.688s][info][safepoint] Total time for which application threads were stopped: 0.0078081 seconds, Stopping threads took: 0.0003114 seconds
[135.880s][info][safepoint] Application time: 0.1913912 seconds
[135.880s][info][safepoint] Entering safepoint region: ParallelGCFailedAllocation
[135.887s][info][gc       ] GC(389) Pause Young (Allocation Failure) 2370M->1800M(4551M) 5.917ms
[135.887s][info][safepoint] Leaving safepoint region
[135.888s][info][safepoint] Total time for which application threads were stopped: 0.0075133 seconds, Stopping threads took: 0.0004717 seconds
[136.079s][info][safepoint] Application time: 0.1904559 seconds
[136.079s][info][safepoint] Entering safepoint region: ParallelGCFailedAllocation
[136.086s][info][gc       ] GC(390) Pause Young (Allocation Failure) 2370M->1800M(4551M) 6.531ms
[136.087s][info][safepoint] Leaving safepoint region
[136.087s][info][safepoint] Total time for which application threads were stopped: 0.0080409 seconds, Stopping threads took: 0.0004489 seconds
[136.272s][info][safepoint] Application time: 0.1840050 seconds
[136.272s][info][safepoint] Entering safepoint region: ParallelGCFailedAllocation
[136.279s][info][gc       ] GC(391) Pause Young (Allocation Failure) 2370M->1800M(4551M) 5.690ms
[136.279s][info][safepoint] Leaving safepoint region
[136.280s][info][safepoint] Total time for which application threads were stopped: 0.0072544 seconds, Stopping threads took: 0.0005224 seconds
[136.477s][info][safepoint] Application time: 0.1970577 seconds
[136.478s][info][safepoint] Entering safepoint region: ParallelGCFailedAllocation
[136.484s][info][gc       ] GC(392) Pause Young (Allocation Failure) 2370M->1800M(4551M) 5.943ms
[136.485s][info][safepoint] Leaving safepoint region
[136.485s][info][safepoint] Total time for which application threads were stopped: 0.0073988 seconds, Stopping threads took: 0.0004647 seconds
[136.683s][info][safepoint] Application time: 0.1972579 seconds
[136.683s][info][safepoint] Entering safepoint region: ParallelGCFailedAllocation
[136.691s][info][gc       ] GC(393) Pause Young (Allocation Failure) 2370M->1800M(4551M) 7.364ms
[136.691s][info][safepoint] Leaving safepoint region
[136.691s][info][safepoint] Total time for which application threads were stopped: 0.0081412 seconds, Stopping threads took: 0.0002514 seconds
[136.925s][info][safepoint] Application time: 0.2336454 seconds
[136.925s][info][safepoint] Entering safepoint region: ParallelGCFailedAllocation
[136.932s][info][gc       ] GC(394) Pause Young (Allocation Failure) 2370M->1800M(4551M) 6.701ms
[136.933s][info][safepoint] Leaving safepoint region
[136.933s][info][safepoint] Total time for which application threads were stopped: 0.0074453 seconds, Stopping threads took: 0.0001496 seconds
[137.154s][info][safepoint] Application time: 0.2210432 seconds
[137.154s][info][safepoint] Entering safepoint region: ParallelGCFailedAllocation
[137.161s][info][gc       ] GC(395) Pause Young (Allocation Failure) 2370M->1800M(4551M) 6.530ms
[137.161s][info][safepoint] Leaving safepoint region
[137.161s][info][safepoint] Total time for which application threads were stopped: 0.0071430 seconds, Stopping threads took: 0.0001441 seconds
[137.363s][info][safepoint] Application time: 0.2008925 seconds
[137.363s][info][safepoint] Entering safepoint region: ParallelGCFailedAllocation
[137.369s][info][gc       ] GC(396) Pause Young (Allocation Failure) 2370M->1800M(4551M) 5.923ms
[137.370s][info][safepoint] Leaving safepoint region
[137.370s][info][safepoint] Total time for which application threads were stopped: 0.0073754 seconds, Stopping threads took: 0.0004194 seconds
[137.571s][info][safepoint] Application time: 0.1999431 seconds
[137.571s][info][safepoint] Entering safepoint region: ParallelGCFailedAllocation
[137.578s][info][gc       ] GC(397) Pause Young (Allocation Failure) 2370M->1800M(4551M) 6.330ms
[137.578s][info][safepoint] Leaving safepoint region
[137.579s][info][safepoint] Total time for which application threads were stopped: 0.0076347 seconds, Stopping threads took: 0.0003368 seconds
[137.778s][info][safepoint] Application time: 0.1984447 seconds
[137.778s][info][safepoint] Entering safepoint region: ParallelGCFailedAllocation
[137.785s][info][gc       ] GC(398) Pause Young (Allocation Failure) 2370M->1800M(4551M) 6.159ms
[137.786s][info][safepoint] Leaving safepoint region
[137.786s][info][safepoint] Total time for which application threads were stopped: 0.0077598 seconds, Stopping threads took: 0.0004526 seconds
[137.985s][info][safepoint] Application time: 0.1982797 seconds
[137.986s][info][safepoint] Entering safepoint region: ParallelGCFailedAllocation
[137.993s][info][gc       ] GC(399) Pause Young (Allocation Failure) 2370M->1800M(4551M) 6.471ms
[137.993s][info][safepoint] Leaving safepoint region
[137.993s][info][safepoint] Total time for which application threads were stopped: 0.0077862 seconds, Stopping threads took: 0.0004679 seconds
[138.179s][info][safepoint] Application time: 0.1850977 seconds
[138.179s][info][safepoint] Entering safepoint region: ParallelGCFailedAllocation
[138.186s][info][gc       ] GC(400) Pause Young (Allocation Failure) 2370M->1800M(4551M) 6.268ms
[138.187s][info][safepoint] Leaving safepoint region
[138.187s][info][safepoint] Total time for which application threads were stopped: 0.0079605 seconds, Stopping threads took: 0.0004949 seconds
[138.378s][info][safepoint] Application time: 0.1901460 seconds
[138.379s][info][safepoint] Entering safepoint region: ParallelGCFailedAllocation
[138.385s][info][gc       ] GC(401) Pause Young (Allocation Failure) 2370M->1800M(4607M) 5.769ms
[138.385s][info][safepoint] Leaving safepoint region
[138.386s][info][safepoint] Total time for which application threads were stopped: 0.0073941 seconds, Stopping threads took: 0.0005568 seconds
[138.599s][info][safepoint] Application time: 0.2127006 seconds
[138.600s][info][safepoint] Entering safepoint region: ParallelGCFailedAllocation
[138.606s][info][gc       ] GC(402) Pause Young (Allocation Failure) 2447M->1800M(4573M) 5.817ms
[138.607s][info][safepoint] Leaving safepoint region
[138.607s][info][safepoint] Total time for which application threads were stopped: 0.0071985 seconds, Stopping threads took: 0.0004033 seconds
[138.815s][info][safepoint] Application time: 0.2071731 seconds
[138.815s][info][safepoint] Entering safepoint region: ParallelGCFailedAllocation
[138.822s][info][gc       ] GC(403) Pause Young (Allocation Failure) 2447M->1800M(4670M) 6.513ms
[138.823s][info][safepoint] Leaving safepoint region
[138.823s][info][safepoint] Total time for which application threads were stopped: 0.0080332 seconds, Stopping threads took: 0.0005333 seconds
[139.076s][info][safepoint] Application time: 0.2519823 seconds
[139.076s][info][safepoint] Entering safepoint region: ParallelGCFailedAllocation
[139.082s][info][gc       ] GC(404) Pause Young (Allocation Failure) 2577M->1800M(4639M) 5.822ms
[139.083s][info][safepoint] Leaving safepoint region
[139.084s][info][safepoint] Total time for which application threads were stopped: 0.0075071 seconds, Stopping threads took: 0.0004655 seconds
[139.350s][info][safepoint] Application time: 0.2660570 seconds
[139.351s][info][safepoint] Entering safepoint region: ParallelGCFailedAllocation
[139.357s][info][gc       ] GC(405) Pause Young (Allocation Failure) 2577M->1800M(4728M) 5.946ms
[139.358s][info][safepoint] Leaving safepoint region
[139.358s][info][safepoint] Total time for which application threads were stopped: 0.0073862 seconds, Stopping threads took: 0.0003850 seconds
[139.659s][info][safepoint] Application time: 0.2999995 seconds
[139.659s][info][safepoint] Entering safepoint region: ParallelGCFailedAllocation
[139.665s][info][gc       ] GC(406) Pause Young (Allocation Failure) 2695M->1800M(4700M) 5.535ms
[139.666s][info][safepoint] Leaving safepoint region
[139.666s][info][safepoint] Total time for which application threads were stopped: 0.0070574 seconds, Stopping threads took: 0.0004285 seconds
[139.979s][info][safepoint] Application time: 0.3120227 seconds
[139.979s][info][safepoint] Entering safepoint region: ParallelGCFailedAllocation
[139.986s][info][gc       ] GC(407) Pause Young (Allocation Failure) 2695M->1800M(4780M) 6.085ms
[139.986s][info][safepoint] Leaving safepoint region
[139.987s][info][safepoint] Total time for which application threads were stopped: 0.0074672 seconds, Stopping threads took: 0.0003927 seconds
[140.335s][info][safepoint] Application time: 0.3482866 seconds
[140.336s][info][safepoint] Entering safepoint region: ParallelGCFailedAllocation
[140.344s][info][gc       ] GC(408) Pause Young (Allocation Failure) 2802M->1800M(4755M) 6.832ms
[140.344s][info][safepoint] Leaving safepoint region
[140.345s][info][safepoint] Total time for which application threads were stopped: 0.0086086 seconds, Stopping threads took: 0.0007642 seconds
[140.678s][info][safepoint] Application time: 0.3326880 seconds
[140.678s][info][safepoint] Entering safepoint region: ParallelGCFailedAllocation
[140.684s][info][gc       ] GC(409) Pause Young (Allocation Failure) 2802M->1800M(4827M) 5.638ms
[140.685s][info][safepoint] Leaving safepoint region
[140.685s][info][safepoint] Total time for which application threads were stopped: 0.0072208 seconds, Stopping threads took: 0.0003859 seconds
[141.047s][info][safepoint] Application time: 0.3612893 seconds
[141.048s][info][safepoint] Entering safepoint region: ParallelGCFailedAllocation
[141.055s][info][gc       ] GC(410) Pause Young (Allocation Failure) 2898M->1800M(4804M) 6.282ms
[141.055s][info][safepoint] Leaving safepoint region
[141.056s][info][safepoint] Total time for which application threads were stopped: 0.0077056 seconds, Stopping threads took: 0.0003580 seconds
[141.413s][info][safepoint] Application time: 0.3572272 seconds
[141.414s][info][safepoint] Entering safepoint region: ParallelGCFailedAllocation
[141.421s][info][gc       ] GC(411) Pause Young (Allocation Failure) 2898M->1800M(4868M) 6.541ms
[141.421s][info][safepoint] Leaving safepoint region
[141.422s][info][safepoint] Total time for which application threads were stopped: 0.0080501 seconds, Stopping threads took: 0.0003992 seconds
[141.818s][info][safepoint] Application time: 0.3959443 seconds
[141.819s][info][safepoint] Entering safepoint region: ParallelGCFailedAllocation
[141.825s][info][gc       ] GC(412) Pause Young (Allocation Failure) 2983M->1800M(4848M) 5.478ms
[141.825s][info][safepoint] Leaving safepoint region
[141.826s][info][safepoint] Total time for which application threads were stopped: 0.0070153 seconds, Stopping threads took: 0.0005079 seconds
[142.233s][info][safepoint] Application time: 0.4070284 seconds
[142.234s][info][safepoint] Entering safepoint region: ParallelGCFailedAllocation
[142.240s][info][gc       ] GC(413) Pause Young (Allocation Failure) 2983M->1800M(4904M) 6.137ms
[142.241s][info][safepoint] Leaving safepoint region
[142.242s][info][safepoint] Total time for which application threads were stopped: 0.0077773 seconds, Stopping threads took: 0.0005102 seconds
[142.667s][info][safepoint] Application time: 0.4248883 seconds
[142.667s][info][safepoint] Entering safepoint region: ParallelGCFailedAllocation
[142.675s][info][gc       ] GC(414) Pause Young (Allocation Failure) 3057M->1800M(4886M) 6.722ms
[142.675s][info][safepoint] Leaving safepoint region
[142.676s][info][safepoint] Total time for which application threads were stopped: 0.0084692 seconds, Stopping threads took: 0.0005687 seconds
[143.093s][info][safepoint] Application time: 0.4166637 seconds
[143.094s][info][safepoint] Entering safepoint region: ParallelGCFailedAllocation
[143.101s][info][gc       ] GC(415) Pause Young (Allocation Failure) 3057M->1800M(4935M) 6.763ms
[143.101s][info][safepoint] Leaving safepoint region
[143.102s][info][safepoint] Total time for which application threads were stopped: 0.0082806 seconds, Stopping threads took: 0.0004297 seconds
[143.537s][info][safepoint] Application time: 0.4347077 seconds
[143.537s][info][safepoint] Entering safepoint region: ParallelGCFailedAllocation
[143.544s][info][gc       ] GC(416) Pause Young (Allocation Failure) 3123M->1800M(4920M) 6.468ms
[143.545s][info][safepoint] Leaving safepoint region
[143.545s][info][safepoint] Total time for which application threads were stopped: 0.0079362 seconds, Stopping threads took: 0.0004332 seconds
[143.974s][info][safepoint] Application time: 0.4282651 seconds
[143.974s][info][safepoint] Entering safepoint region: ParallelGCFailedAllocation
[143.981s][info][gc       ] GC(417) Pause Young (Allocation Failure) 3123M->1800M(4962M) 5.616ms
[143.981s][info][safepoint] Leaving safepoint region
[143.982s][info][safepoint] Total time for which application threads were stopped: 0.0072492 seconds, Stopping threads took: 0.0006242 seconds
[144.436s][info][safepoint] Application time: 0.4535083 seconds
[144.436s][info][safepoint] Entering safepoint region: ParallelGCFailedAllocation
[144.443s][info][gc       ] GC(418) Pause Young (Allocation Failure) 3179M->1800M(4949M) 6.602ms
[144.444s][info][safepoint] Leaving safepoint region
[144.444s][info][safepoint] Total time for which application threads were stopped: 0.0082649 seconds, Stopping threads took: 0.0005516 seconds
[144.776s][info][safepoint] Application time: 0.3313206 seconds
[144.777s][info][safepoint] Entering safepoint region: ParallelGCFailedAllocation
[144.896s][info][gc       ] GC(419) Pause Young (Allocation Failure) 3179M->2314M(4630M) 119.013ms
[144.897s][info][safepoint] Leaving safepoint region
[144.897s][info][safepoint] Total time for which application threads were stopped: 0.1207411 seconds, Stopping threads took: 0.0004471 seconds
[145.034s][info][safepoint] Application time: 0.1358246 seconds
[145.034s][info][safepoint] Entering safepoint region: ParallelGCFailedAllocation
[145.330s][info][gc       ] GC(420) Pause Young (Allocation Failure) 3359M->3357M(4802M) 295.025ms
[146.776s][info][gc       ] GC(421) Pause Full (Ergonomics) 3357M->1517M(4300M) 1445.473ms
[146.776s][info][safepoint] Leaving safepoint region
[146.776s][info][safepoint] Total time for which application threads were stopped: 1.7422567 seconds, Stopping threads took: 0.0004283 seconds
[147.011s][info][safepoint] Application time: 0.2342331 seconds
[147.012s][info][safepoint] Entering safepoint region: ParallelGCFailedAllocation
[147.153s][info][gc       ] GC(422) Pause Young (Allocation Failure) 2086M->1834M(4551M) 140.548ms
[147.153s][info][safepoint] Leaving safepoint region
[147.153s][info][safepoint] Total time for which application threads were stopped: 0.1415971 seconds, Stopping threads took: 0.0005344 seconds
[147.360s][info][safepoint] Application time: 0.2064785 seconds
[147.360s][info][safepoint] Entering safepoint region: ParallelGCFailedAllocation
[147.497s][info][gc       ] GC(423) Pause Young (Allocation Failure) 2403M->1834M(4551M) 136.516ms
[147.498s][info][safepoint] Leaving safepoint region
[147.498s][info][safepoint] Total time for which application threads were stopped: 0.1374137 seconds, Stopping threads took: 0.0004832 seconds
[147.698s][info][safepoint] Application time: 0.2003154 seconds
[147.699s][info][safepoint] Entering safepoint region: ParallelGCFailedAllocation
[147.840s][info][gc       ] GC(424) Pause Young (Allocation Failure) 2403M->1834M(4551M) 141.357ms
[147.841s][info][safepoint] Leaving safepoint region
[147.841s][info][safepoint] Total time for which application threads were stopped: 0.1424481 seconds, Stopping threads took: 0.0003807 seconds
[148.043s][info][safepoint] Application time: 0.2018808 seconds
[148.044s][info][safepoint] Entering safepoint region: ParallelGCFailedAllocation
[148.189s][info][gc       ] GC(425) Pause Young (Allocation Failure) 2403M->1834M(4551M) 145.268ms
[148.190s][info][safepoint] Leaving safepoint region
[148.190s][info][safepoint] Total time for which application threads were stopped: 0.1463935 seconds, Stopping threads took: 0.0003172 seconds
[148.394s][info][safepoint] Application time: 0.2041193 seconds
[148.395s][info][safepoint] Entering safepoint region: ParallelGCFailedAllocation
[148.534s][info][gc       ] GC(426) Pause Young (Allocation Failure) 2403M->1834M(4551M) 139.088ms
[148.535s][info][safepoint] Leaving safepoint region
[148.535s][info][safepoint] Total time for which application threads were stopped: 0.1404145 seconds, Stopping threads took: 0.0004316 seconds
[148.739s][info][safepoint] Application time: 0.2033141 seconds
[148.740s][info][safepoint] Entering safepoint region: ParallelGCFailedAllocation
[148.877s][info][gc       ] GC(427) Pause Young (Allocation Failure) 2403M->1834M(4551M) 136.718ms
[148.878s][info][safepoint] Leaving safepoint region
[148.878s][info][safepoint] Total time for which application threads were stopped: 0.1386097 seconds, Stopping threads took: 0.0007349 seconds
[149.093s][info][safepoint] Application time: 0.2139289 seconds
[149.093s][info][safepoint] Entering safepoint region: ParallelGCFailedAllocation
[149.238s][info][gc       ] GC(428) Pause Young (Allocation Failure) 2403M->1834M(4551M) 144.073ms
[149.238s][info][safepoint] Leaving safepoint region
[149.238s][info][safepoint] Total time for which application threads were stopped: 0.1450907 seconds, Stopping threads took: 0.0004908 seconds
[149.454s][info][safepoint] Application time: 0.2149300 seconds
[149.454s][info][safepoint] Entering safepoint region: ParallelGCFailedAllocation
[149.610s][info][gc       ] GC(429) Pause Young (Allocation Failure) 2404M->1835M(4551M) 154.679ms
[149.610s][info][safepoint] Leaving safepoint region
[149.610s][info][safepoint] Total time for which application threads were stopped: 0.1559475 seconds, Stopping threads took: 0.0006881 seconds
[149.801s][info][safepoint] Application time: 0.1904213 seconds
[149.801s][info][safepoint] Entering safepoint region: ParallelGCFailedAllocation
[149.809s][info][gc       ] GC(430) Pause Young (Allocation Failure) 2404M->1835M(4551M) 7.391ms
[149.810s][info][safepoint] Leaving safepoint region
[149.810s][info][safepoint] Total time for which application threads were stopped: 0.0087763 seconds, Stopping threads took: 0.0004751 seconds
[150.010s][info][safepoint] Application time: 0.1996700 seconds
[150.011s][info][safepoint] Entering safepoint region: ParallelGCFailedAllocation
[150.020s][info][gc       ] GC(431) Pause Young (Allocation Failure) 2404M->1835M(4551M) 7.831ms
[150.020s][info][safepoint] Leaving safepoint region
[150.021s][info][safepoint] Total time for which application threads were stopped: 0.0094273 seconds, Stopping threads took: 0.0007466 seconds
[150.214s][info][safepoint] Application time: 0.1934058 seconds
[150.215s][info][safepoint] Entering safepoint region: ParallelGCFailedAllocation
[150.223s][info][gc       ] GC(432) Pause Young (Allocation Failure) 2404M->1835M(4551M) 7.476ms
[150.223s][info][safepoint] Leaving safepoint region
[150.224s][info][safepoint] Total time for which application threads were stopped: 0.0090738 seconds, Stopping threads took: 0.0004948 seconds
[150.419s][info][safepoint] Application time: 0.1947032 seconds
[150.420s][info][safepoint] Entering safepoint region: ParallelGCFailedAllocation
[150.428s][info][gc       ] GC(433) Pause Young (Allocation Failure) 2404M->1835M(4551M) 7.607ms
[150.428s][info][safepoint] Leaving safepoint region
[150.428s][info][safepoint] Total time for which application threads were stopped: 0.0089701 seconds, Stopping threads took: 0.0004463 seconds
[150.623s][info][safepoint] Application time: 0.1939705 seconds
[150.623s][info][safepoint] Entering safepoint region: ParallelGCFailedAllocation
[150.630s][info][gc       ] GC(434) Pause Young (Allocation Failure) 2404M->1835M(4551M) 6.594ms
[150.631s][info][safepoint] Leaving safepoint region
[150.631s][info][safepoint] Total time for which application threads were stopped: 0.0078873 seconds, Stopping threads took: 0.0003805 seconds
[150.827s][info][safepoint] Application time: 0.1950110 seconds
[150.827s][info][safepoint] Entering safepoint region: ParallelGCFailedAllocation
[150.834s][info][gc       ] GC(435) Pause Young (Allocation Failure) 2404M->1835M(4559M) 6.953ms
[150.835s][info][safepoint] Leaving safepoint region
[150.835s][info][safepoint] Total time for which application threads were stopped: 0.0081721 seconds, Stopping threads took: 0.0002723 seconds
[151.044s][info][safepoint] Application time: 0.2084753 seconds
[151.045s][info][safepoint] Entering safepoint region: ParallelGCFailedAllocation
[151.052s][info][gc       ] GC(436) Pause Young (Allocation Failure) 2412M->1835M(4551M) 6.700ms
[151.053s][info][safepoint] Leaving safepoint region
[151.053s][info][safepoint] Total time for which application threads were stopped: 0.0084829 seconds, Stopping threads took: 0.0006753 seconds
[151.258s][info][safepoint] Application time: 0.2037614 seconds
[151.258s][info][safepoint] Entering safepoint region: ParallelGCFailedAllocation
[151.266s][info][gc       ] GC(437) Pause Young (Allocation Failure) 2412M->1835M(4608M) 6.845ms
[151.266s][info][safepoint] Leaving safepoint region
[151.267s][info][safepoint] Total time for which application threads were stopped: 0.0085504 seconds, Stopping threads took: 0.0005861 seconds
[151.487s][info][safepoint] Application time: 0.2192529 seconds
[151.487s][info][safepoint] Entering safepoint region: ParallelGCFailedAllocation
[151.495s][info][gc       ] GC(438) Pause Young (Allocation Failure) 2493M->1835M(4583M) 7.788ms
[151.496s][info][safepoint] Leaving safepoint region
[151.496s][info][safepoint] Total time for which application threads were stopped: 0.0093131 seconds, Stopping threads took: 0.0005124 seconds
[151.717s][info][safepoint] Application time: 0.2205179 seconds
[151.718s][info][safepoint] Entering safepoint region: ParallelGCFailedAllocation
[151.726s][info][gc       ] GC(439) Pause Young (Allocation Failure) 2493M->1835M(4658M) 7.299ms
[151.726s][info][safepoint] Leaving safepoint region
[151.727s][info][safepoint] Total time for which application threads were stopped: 0.0087742 seconds, Stopping threads took: 0.0004883 seconds
[151.972s][info][safepoint] Application time: 0.2445867 seconds
[151.972s][info][safepoint] Entering safepoint region: ParallelGCFailedAllocation
[151.979s][info][gc       ] GC(440) Pause Young (Allocation Failure) 2593M->1835M(4633M) 6.702ms
[151.980s][info][safepoint] Leaving safepoint region
[151.980s][info][safepoint] Total time for which application threads were stopped: 0.0082122 seconds, Stopping threads took: 0.0004868 seconds
[152.236s][info][safepoint] Application time: 0.2557062 seconds
[152.237s][info][safepoint] Entering safepoint region: ParallelGCFailedAllocation
[152.246s][info][gc       ] GC(441) Pause Young (Allocation Failure) 2593M->1835M(4708M) 7.707ms
[152.246s][info][safepoint] Leaving safepoint region
[152.247s][info][safepoint] Total time for which application threads were stopped: 0.0095535 seconds, Stopping threads took: 0.0006611 seconds
[152.527s][info][safepoint] Application time: 0.2795624 seconds
[152.527s][info][safepoint] Entering safepoint region: ParallelGCFailedAllocation
[152.536s][info][gc       ] GC(442) Pause Young (Allocation Failure) 2693M->1835M(4683M) 7.604ms
[152.536s][info][safepoint] Leaving safepoint region
[152.537s][info][safepoint] Total time for which application threads were stopped: 0.0092227 seconds, Stopping threads took: 0.0005359 seconds
[152.820s][info][safepoint] Application time: 0.2828997 seconds
[152.821s][info][safepoint] Entering safepoint region: ParallelGCFailedAllocation
[152.827s][info][gc       ] GC(443) Pause Young (Allocation Failure) 2693M->1835M(4755M) 6.345ms
[152.828s][info][safepoint] Leaving safepoint region
[152.829s][info][safepoint] Total time for which application threads were stopped: 0.0080007 seconds, Stopping threads took: 0.0005164 seconds
[153.137s][info][safepoint] Application time: 0.3082936 seconds
[153.138s][info][safepoint] Entering safepoint region: ParallelGCFailedAllocation
[153.146s][info][gc       ] GC(444) Pause Young (Allocation Failure) 2789M->1835M(4732M) 7.328ms
[153.146s][info][safepoint] Leaving safepoint region
[153.147s][info][safepoint] Total time for which application threads were stopped: 0.0089967 seconds, Stopping threads took: 0.0005043 seconds
[153.451s][info][safepoint] Application time: 0.3039344 seconds
[153.452s][info][safepoint] Entering safepoint region: ParallelGCFailedAllocation
[153.459s][info][gc       ] GC(445) Pause Young (Allocation Failure) 2789M->1835M(4800M) 6.913ms
[153.460s][info][safepoint] Leaving safepoint region
[153.460s][info][safepoint] Total time for which application threads were stopped: 0.0084567 seconds, Stopping threads took: 0.0004892 seconds
[153.849s][info][safepoint] Application time: 0.3882943 seconds
[153.850s][info][safepoint] Entering safepoint region: ParallelGCFailedAllocation
[153.859s][info][gc       ] GC(446) Pause Young (Allocation Failure) 2879M->1835M(4778M) 8.339ms
[153.859s][info][safepoint] Leaving safepoint region
[153.860s][info][safepoint] Total time for which application threads were stopped: 0.0098404 seconds, Stopping threads took: 0.0004442 seconds
[154.198s][info][safepoint] Application time: 0.3376561 seconds
[154.198s][info][safepoint] Entering safepoint region: ParallelGCFailedAllocation
[154.206s][info][gc       ] GC(447) Pause Young (Allocation Failure) 2879M->1835M(4840M) 7.043ms
[154.206s][info][safepoint] Leaving safepoint region
[154.207s][info][safepoint] Total time for which application threads were stopped: 0.0086574 seconds, Stopping threads took: 0.0004956 seconds
[154.581s][info][safepoint] Application time: 0.3739092 seconds
[154.582s][info][safepoint] Entering safepoint region: ParallelGCFailedAllocation
[154.590s][info][gc       ] GC(448) Pause Young (Allocation Failure) 2962M->1835M(4820M) 7.465ms
[154.590s][info][safepoint] Leaving safepoint region
[154.591s][info][safepoint] Total time for which application threads were stopped: 0.0091739 seconds, Stopping threads took: 0.0004846 seconds
[154.954s][info][safepoint] Application time: 0.3624433 seconds
[154.954s][info][safepoint] Entering safepoint region: ParallelGCFailedAllocation
[154.961s][info][gc       ] GC(449) Pause Young (Allocation Failure) 2962M->1835M(4877M) 6.288ms
[154.962s][info][safepoint] Leaving safepoint region
[154.962s][info][safepoint] Total time for which application threads were stopped: 0.0077737 seconds, Stopping threads took: 0.0005170 seconds
[155.357s][info][safepoint] Application time: 0.3940099 seconds
[155.357s][info][safepoint] Entering safepoint region: ParallelGCFailedAllocation
[155.365s][info][gc       ] GC(450) Pause Young (Allocation Failure) 3038M->1835M(4859M) 7.586ms
[155.366s][info][safepoint] Leaving safepoint region
[155.366s][info][safepoint] Total time for which application threads were stopped: 0.0090769 seconds, Stopping threads took: 0.0004482 seconds
[155.758s][info][safepoint] Application time: 0.3911269 seconds
[155.758s][info][safepoint] Entering safepoint region: ParallelGCFailedAllocation
[155.765s][info][gc       ] GC(451) Pause Young (Allocation Failure) 3038M->1835M(4910M) 6.278ms
[155.766s][info][safepoint] Leaving safepoint region
[155.766s][info][safepoint] Total time for which application threads were stopped: 0.0077062 seconds, Stopping threads took: 0.0004829 seconds
[156.173s][info][safepoint] Application time: 0.4062379 seconds
[156.173s][info][safepoint] Entering safepoint region: ParallelGCFailedAllocation
[156.181s][info][gc       ] GC(452) Pause Young (Allocation Failure) 3105M->1835M(4894M) 7.074ms
[156.181s][info][safepoint] Leaving safepoint region
[156.182s][info][safepoint] Total time for which application threads were stopped: 0.0087118 seconds, Stopping threads took: 0.0005435 seconds
[156.588s][info][safepoint] Application time: 0.4052082 seconds
[156.588s][info][safepoint] Entering safepoint region: ParallelGCFailedAllocation
[156.596s][info][gc       ] GC(453) Pause Young (Allocation Failure) 3105M->1835M(4939M) 7.232ms
[156.597s][info][safepoint] Leaving safepoint region
[156.597s][info][safepoint] Total time for which application threads were stopped: 0.0086476 seconds, Stopping threads took: 0.0004797 seconds
[157.040s][info][safepoint] Application time: 0.4424742 seconds
[157.040s][info][safepoint] Entering safepoint region: ParallelGCFailedAllocation
[157.047s][info][gc       ] GC(454) Pause Young (Allocation Failure) 3165M->1835M(4925M) 6.623ms
[157.048s][info][safepoint] Leaving safepoint region
[157.048s][info][safepoint] Total time for which application threads were stopped: 0.0079384 seconds, Stopping threads took: 0.0003940 seconds
[157.483s][info][safepoint] Application time: 0.4344743 seconds
[157.484s][info][safepoint] Entering safepoint region: ParallelGCFailedAllocation
[157.491s][info][gc       ] GC(455) Pause Young (Allocation Failure) 3165M->1835M(4964M) 6.508ms
[157.491s][info][safepoint] Leaving safepoint region
[157.492s][info][safepoint] Total time for which application threads were stopped: 0.0079309 seconds, Stopping threads took: 0.0004933 seconds
[158.001s][info][safepoint] Application time: 0.5090063 seconds
[158.002s][info][safepoint] Entering safepoint region: ParallelGCFailedAllocation
[158.009s][info][gc       ] GC(456) Pause Young (Allocation Failure) 3218M->1835M(4952M) 6.923ms
[158.009s][info][safepoint] Leaving safepoint region
[158.010s][info][safepoint] Total time for which application threads were stopped: 0.0082426 seconds, Stopping threads took: 0.0004345 seconds
[158.469s][info][safepoint] Application time: 0.4586052 seconds
[158.469s][info][safepoint] Entering safepoint region: ParallelGCFailedAllocation
[158.476s][info][gc       ] GC(457) Pause Young (Allocation Failure) 3218M->1835M(4987M) 6.461ms
[158.477s][info][safepoint] Leaving safepoint region
[158.477s][info][safepoint] Total time for which application threads were stopped: 0.0080049 seconds, Stopping threads took: 0.0004472 seconds
[158.852s][info][safepoint] Application time: 0.3745112 seconds
[158.853s][info][safepoint] Entering safepoint region: ParallelGCFailedAllocation
[158.970s][info][gc       ] GC(458) Pause Young (Allocation Failure) 3265M->2310M(4976M) 116.603ms
[158.971s][info][safepoint] Leaving safepoint region
[158.971s][info][safepoint] Total time for which application threads were stopped: 0.1182848 seconds, Stopping threads took: 0.0006181 seconds
[159.249s][info][safepoint] Application time: 0.2775136 seconds
[159.250s][info][safepoint] Entering safepoint region: ParallelGCFailedAllocation
[159.640s][info][gc       ] GC(459) Pause Young (Allocation Failure) 3740M->3531M(4126M) 389.429ms
[160.993s][info][gc       ] GC(460) Pause Full (Ergonomics) 3531M->1657M(4551M) 1352.434ms
[160.993s][info][safepoint] Leaving safepoint region
[160.994s][info][safepoint] Total time for which application threads were stopped: 1.7439733 seconds, Stopping threads took: 0.0004791 seconds
[161.186s][info][safepoint] Application time: 0.1916663 seconds
[161.186s][info][safepoint] Entering safepoint region: ParallelGCFailedAllocation
[161.189s][info][gc       ] GC(461) Pause Young (Allocation Failure) 2227M->1658M(4551M) 2.169ms
[161.190s][info][safepoint] Leaving safepoint region
[161.190s][info][safepoint] Total time for which application threads were stopped: 0.0036330 seconds, Stopping threads took: 0.0005364 seconds
[161.386s][info][safepoint] Application time: 0.1957420 seconds
[161.387s][info][safepoint] Entering safepoint region: ParallelGCFailedAllocation
[161.390s][info][gc       ] GC(462) Pause Young (Allocation Failure) 2227M->1658M(4551M) 2.949ms
[161.391s][info][safepoint] Leaving safepoint region
[161.391s][info][safepoint] Total time for which application threads were stopped: 0.0044414 seconds, Stopping threads took: 0.0006032 seconds
[161.573s][info][safepoint] Application time: 0.1811146 seconds
[161.573s][info][safepoint] Entering safepoint region: ParallelGCFailedAllocation
[161.577s][info][gc       ] GC(463) Pause Young (Allocation Failure) 2227M->1658M(4551M) 2.817ms
[161.577s][info][safepoint] Leaving safepoint region
[161.578s][info][safepoint] Total time for which application threads were stopped: 0.0043154 seconds, Stopping threads took: 0.0005474 seconds
[161.767s][info][safepoint] Application time: 0.1893575 seconds
[161.768s][info][safepoint] Entering safepoint region: ParallelGCFailedAllocation
[161.770s][info][gc       ] GC(464) Pause Young (Allocation Failure) 2227M->1658M(4551M) 1.879ms
[161.771s][info][safepoint] Leaving safepoint region
[161.771s][info][safepoint] Total time for which application threads were stopped: 0.0032100 seconds, Stopping threads took: 0.0004441 seconds
[161.963s][info][safepoint] Application time: 0.1918570 seconds
[161.964s][info][safepoint] Entering safepoint region: ParallelGCFailedAllocation
[161.967s][info][gc       ] GC(465) Pause Young (Allocation Failure) 2227M->1658M(4551M) 2.632ms
[161.968s][info][safepoint] Leaving safepoint region
[161.968s][info][safepoint] Total time for which application threads were stopped: 0.0040375 seconds, Stopping threads took: 0.0003661 seconds
[162.162s][info][safepoint] Application time: 0.1930902 seconds
[162.162s][info][safepoint] Entering safepoint region: ParallelGCFailedAllocation
[162.166s][info][gc       ] GC(466) Pause Young (Allocation Failure) 2227M->1658M(4551M) 3.112ms
[162.166s][info][safepoint] Leaving safepoint region
[162.166s][info][safepoint] Total time for which application threads were stopped: 0.0044259 seconds, Stopping threads took: 0.0004646 seconds
[162.359s][info][safepoint] Application time: 0.1919415 seconds
[162.359s][info][safepoint] Entering safepoint region: ParallelGCFailedAllocation
[162.363s][info][gc       ] GC(467) Pause Young (Allocation Failure) 2227M->1658M(4573M) 2.944ms
[162.363s][info][safepoint] Leaving safepoint region
[162.364s][info][safepoint] Total time for which application threads were stopped: 0.0042204 seconds, Stopping threads took: 0.0004073 seconds
[162.563s][info][safepoint] Application time: 0.1983608 seconds
[162.563s][info][safepoint] Entering safepoint region: ParallelGCFailedAllocation
[162.567s][info][gc       ] GC(468) Pause Young (Allocation Failure) 2249M->1658M(4551M) 3.088ms
[162.567s][info][safepoint] Leaving safepoint region
[162.567s][info][safepoint] Total time for which application threads were stopped: 0.0043276 seconds, Stopping threads took: 0.0005047 seconds
[162.754s][info][safepoint] Application time: 0.1863693 seconds
[162.754s][info][safepoint] Entering safepoint region: ParallelGCFailedAllocation
[162.758s][info][gc       ] GC(469) Pause Young (Allocation Failure) 2249M->1658M(4633M) 2.647ms
[162.758s][info][safepoint] Leaving safepoint region
[162.759s][info][safepoint] Total time for which application threads were stopped: 0.0042308 seconds, Stopping threads took: 0.0004832 seconds
[162.989s][info][safepoint] Application time: 0.2295550 seconds
[162.989s][info][safepoint] Entering safepoint region: ParallelGCFailedAllocation
[162.992s][info][gc       ] GC(470) Pause Young (Allocation Failure) 2361M->1658M(4603M) 2.204ms
[162.992s][info][safepoint] Leaving safepoint region
[162.993s][info][safepoint] Total time for which application threads were stopped: 0.0035930 seconds, Stopping threads took: 0.0004239 seconds
[163.218s][info][safepoint] Application time: 0.2250220 seconds
[163.219s][info][safepoint] Entering safepoint region: ParallelGCFailedAllocation
[163.221s][info][gc       ] GC(471) Pause Young (Allocation Failure) 2361M->1658M(4690M) 2.067ms
[163.222s][info][safepoint] Leaving safepoint region
[163.222s][info][safepoint] Total time for which application threads were stopped: 0.0033806 seconds, Stopping threads took: 0.0003767 seconds
[163.481s][info][safepoint] Application time: 0.2588182 seconds
[163.482s][info][safepoint] Entering safepoint region: ParallelGCFailedAllocation
[163.485s][info][gc       ] GC(472) Pause Young (Allocation Failure) 2477M->1658M(4662M) 2.803ms
[163.486s][info][safepoint] Leaving safepoint region
[163.486s][info][safepoint] Total time for which application threads were stopped: 0.0043339 seconds, Stopping threads took: 0.0005300 seconds
[163.751s][info][safepoint] Application time: 0.2647847 seconds
[163.752s][info][safepoint] Entering safepoint region: ParallelGCFailedAllocation
[163.755s][info][gc       ] GC(473) Pause Young (Allocation Failure) 2477M->1658M(4743M) 2.676ms
[163.756s][info][safepoint] Leaving safepoint region
[163.756s][info][safepoint] Total time for which application threads were stopped: 0.0040459 seconds, Stopping threads took: 0.0004893 seconds
[164.053s][info][safepoint] Application time: 0.2966272 seconds
[164.054s][info][safepoint] Entering safepoint region: ParallelGCFailedAllocation
[164.056s][info][gc       ] GC(474) Pause Young (Allocation Failure) 2585M->1658M(4717M) 2.019ms
[164.057s][info][safepoint] Leaving safepoint region
[164.057s][info][safepoint] Total time for which application threads were stopped: 0.0034666 seconds, Stopping threads took: 0.0004588 seconds
[164.357s][info][safepoint] Application time: 0.2995916 seconds
[164.358s][info][safepoint] Entering safepoint region: ParallelGCFailedAllocation
[164.361s][info][gc       ] GC(475) Pause Young (Allocation Failure) 2585M->1658M(4791M) 2.973ms
[164.362s][info][safepoint] Leaving safepoint region
[164.362s][info][safepoint] Total time for which application threads were stopped: 0.0043320 seconds, Stopping threads took: 0.0005058 seconds
[164.701s][info][safepoint] Application time: 0.3382112 seconds
[164.701s][info][safepoint] Entering safepoint region: ParallelGCFailedAllocation
[164.704s][info][gc       ] GC(476) Pause Young (Allocation Failure) 2684M->1658M(4768M) 2.084ms
[164.704s][info][safepoint] Leaving safepoint region
[164.705s][info][safepoint] Total time for which application threads were stopped: 0.0033896 seconds, Stopping threads took: 0.0003390 seconds
[165.042s][info][safepoint] Application time: 0.3373301 seconds
[165.043s][info][safepoint] Entering safepoint region: ParallelGCFailedAllocation
[165.046s][info][gc       ] GC(477) Pause Young (Allocation Failure) 2684M->1658M(4835M) 2.934ms
[165.047s][info][safepoint] Leaving safepoint region
[165.047s][info][safepoint] Total time for which application threads were stopped: 0.0042020 seconds, Stopping threads took: 0.0004487 seconds
[165.415s][info][safepoint] Application time: 0.3677244 seconds
[165.416s][info][safepoint] Entering safepoint region: ParallelGCFailedAllocation
[165.418s][info][gc       ] GC(478) Pause Young (Allocation Failure) 2774M->1658M(4814M) 2.125ms
[165.419s][info][safepoint] Leaving safepoint region
[165.419s][info][safepoint] Total time for which application threads were stopped: 0.0036290 seconds, Stopping threads took: 0.0004397 seconds
[165.792s][info][safepoint] Application time: 0.3724503 seconds
[165.793s][info][safepoint] Entering safepoint region: ParallelGCFailedAllocation
[165.795s][info][gc       ] GC(479) Pause Young (Allocation Failure) 2774M->1658M(4874M) 2.216ms
[165.795s][info][safepoint] Leaving safepoint region
[165.796s][info][safepoint] Total time for which application threads were stopped: 0.0030464 seconds, Stopping threads took: 0.0002512 seconds
[166.184s][info][safepoint] Application time: 0.3883839 seconds
[166.185s][info][safepoint] Entering safepoint region: ParallelGCFailedAllocation
[166.188s][info][gc       ] GC(480) Pause Young (Allocation Failure) 2853M->1658M(4855M) 3.055ms
[166.189s][info][safepoint] Leaving safepoint region
[166.189s][info][safepoint] Total time for which application threads were stopped: 0.0045077 seconds, Stopping threads took: 0.0004814 seconds
[166.585s][info][safepoint] Application time: 0.3956746 seconds
[166.586s][info][safepoint] Entering safepoint region: ParallelGCFailedAllocation
[166.588s][info][gc       ] GC(481) Pause Young (Allocation Failure) 2853M->1658M(4908M) 1.911ms
[166.589s][info][safepoint] Leaving safepoint region
[166.589s][info][safepoint] Total time for which application threads were stopped: 0.0034562 seconds, Stopping threads took: 0.0004757 seconds
[166.993s][info][safepoint] Application time: 0.4030749 seconds
[166.994s][info][safepoint] Entering safepoint region: ParallelGCFailedAllocation
[166.997s][info][gc       ] GC(482) Pause Young (Allocation Failure) 2925M->1658M(4892M) 2.925ms
[166.997s][info][safepoint] Leaving safepoint region
[166.998s][info][safepoint] Total time for which application threads were stopped: 0.0043719 seconds, Stopping threads took: 0.0004566 seconds
[167.417s][info][safepoint] Application time: 0.4182267 seconds
[167.417s][info][safepoint] Entering safepoint region: ParallelGCFailedAllocation
[167.420s][info][gc       ] GC(483) Pause Young (Allocation Failure) 2925M->1658M(4938M) 2.254ms
[167.420s][info][safepoint] Leaving safepoint region
[167.421s][info][safepoint] Total time for which application threads were stopped: 0.0037449 seconds, Stopping threads took: 0.0004573 seconds
[167.846s][info][safepoint] Application time: 0.4243797 seconds
[167.846s][info][safepoint] Entering safepoint region: ParallelGCFailedAllocation
[167.850s][info][gc       ] GC(484) Pause Young (Allocation Failure) 2987M->1658M(4924M) 3.118ms
[167.850s][info][safepoint] Leaving safepoint region
[167.850s][info][safepoint] Total time for which application threads were stopped: 0.0044033 seconds, Stopping threads took: 0.0003733 seconds
[168.278s][info][safepoint] Application time: 0.4265472 seconds
[168.278s][info][safepoint] Entering safepoint region: ParallelGCFailedAllocation
[168.281s][info][gc       ] GC(485) Pause Young (Allocation Failure) 2987M->1658M(4965M) 2.299ms
[168.281s][info][safepoint] Leaving safepoint region
[168.282s][info][safepoint] Total time for which application threads were stopped: 0.0037011 seconds, Stopping threads took: 0.0004585 seconds
[168.723s][info][safepoint] Application time: 0.4408556 seconds
[168.724s][info][safepoint] Entering safepoint region: ParallelGCFailedAllocation
[168.727s][info][gc       ] GC(486) Pause Young (Allocation Failure) 3041M->1658M(4952M) 2.999ms
[168.728s][info][safepoint] Leaving safepoint region
[168.728s][info][safepoint] Total time for which application threads were stopped: 0.0045048 seconds, Stopping threads took: 0.0004549 seconds
[169.175s][info][safepoint] Application time: 0.4464399 seconds
[169.176s][info][safepoint] Entering safepoint region: ParallelGCFailedAllocation
[169.179s][info][gc       ] GC(487) Pause Young (Allocation Failure) 3041M->1658M(4988M) 2.945ms
[169.180s][info][safepoint] Leaving safepoint region
[169.180s][info][safepoint] Total time for which application threads were stopped: 0.0043059 seconds, Stopping threads took: 0.0004795 seconds
[169.649s][info][safepoint] Application time: 0.4689731 seconds
[169.650s][info][safepoint] Entering safepoint region: ParallelGCFailedAllocation
[169.652s][info][gc       ] GC(488) Pause Young (Allocation Failure) 3089M->1658M(4977M) 2.043ms
[169.653s][info][safepoint] Leaving safepoint region
[169.653s][info][safepoint] Total time for which application threads were stopped: 0.0034068 seconds, Stopping threads took: 0.0003921 seconds
[170.124s][info][safepoint] Application time: 0.4702077 seconds
[170.124s][info][safepoint] Entering safepoint region: ParallelGCFailedAllocation
[170.127s][info][gc       ] GC(489) Pause Young (Allocation Failure) 3089M->1658M(5007M) 1.971ms
[170.127s][info][safepoint] Leaving safepoint region
[170.127s][info][safepoint] Total time for which application threads were stopped: 0.0029655 seconds, Stopping threads took: 0.0003629 seconds
[170.594s][info][safepoint] Application time: 0.4666347 seconds
[170.595s][info][safepoint] Entering safepoint region: ParallelGCFailedAllocation
[170.598s][info][gc       ] GC(490) Pause Young (Allocation Failure) 3130M->1658M(4998M) 2.985ms
[170.599s][info][safepoint] Leaving safepoint region
[170.599s][info][safepoint] Total time for which application threads were stopped: 0.0044316 seconds, Stopping threads took: 0.0004390 seconds
[171.067s][info][safepoint] Application time: 0.4673639 seconds
[171.067s][info][safepoint] Entering safepoint region: ParallelGCFailedAllocation
[171.070s][info][gc       ] GC(491) Pause Young (Allocation Failure) 3130M->1658M(5024M) 2.200ms
[171.070s][info][safepoint] Leaving safepoint region
[171.071s][info][safepoint] Total time for which application threads were stopped: 0.0036179 seconds, Stopping threads took: 0.0004020 seconds
[171.316s][info][safepoint] Application time: 0.2450496 seconds
[171.317s][info][safepoint] Entering safepoint region: ParallelGCFailedAllocation
[171.598s][info][gc       ] GC(492) Pause Young (Allocation Failure) 3165M->2733M(5016M) 280.486ms
[172.507s][info][gc       ] GC(493) Pause Full (Ergonomics) 2733M->1072M(4259M) 908.573ms
[172.507s][info][safepoint] Leaving safepoint region
[172.508s][info][safepoint] Total time for which application threads were stopped: 1.1909769 seconds, Stopping threads took: 0.0004808 seconds
[172.688s][info][safepoint] Application time: 0.1801821 seconds
[172.689s][info][safepoint] Entering safepoint region: ParallelGCFailedAllocation
[172.908s][info][gc       ] GC(494) Pause Young (Allocation Failure) 1815M->1793M(4638M) 218.850ms
[172.909s][info][safepoint] Leaving safepoint region
[172.909s][info][safepoint] Total time for which application threads were stopped: 0.2202314 seconds, Stopping threads took: 0.0005074 seconds
[173.176s][info][safepoint] Application time: 0.2662729 seconds
[173.177s][info][safepoint] Entering safepoint region: ParallelGCFailedAllocation
[173.331s][info][gc       ] GC(495) Pause Young (Allocation Failure) 2536M->1795M(4465M) 154.036ms
[173.332s][info][safepoint] Leaving safepoint region
[173.332s][info][safepoint] Total time for which application threads were stopped: 0.1554768 seconds, Stopping threads took: 0.0003437 seconds
[173.522s][info][safepoint] Application time: 0.1898472 seconds
[173.523s][info][safepoint] Entering safepoint region: ParallelGCFailedAllocation
[173.678s][info][gc       ] GC(496) Pause Young (Allocation Failure) 2364M->1795M(4551M) 154.598ms
[173.678s][info][safepoint] Leaving safepoint region
[173.679s][info][safepoint] Total time for which application threads were stopped: 0.1559530 seconds, Stopping threads took: 0.0005030 seconds
[173.874s][info][safepoint] Application time: 0.1945481 seconds
[173.874s][info][safepoint] Entering safepoint region: ParallelGCFailedAllocation
[174.025s][info][gc       ] GC(497) Pause Young (Allocation Failure) 2364M->1795M(4551M) 150.564ms
[174.026s][info][safepoint] Leaving safepoint region
[174.026s][info][safepoint] Total time for which application threads were stopped: 0.1518721 seconds, Stopping threads took: 0.0004816 seconds
[174.217s][info][safepoint] Application time: 0.1911113 seconds
[174.218s][info][safepoint] Entering safepoint region: ParallelGCFailedAllocation
[174.372s][info][gc       ] GC(498) Pause Young (Allocation Failure) 2364M->1795M(4551M) 153.169ms
[174.372s][info][safepoint] Leaving safepoint region
[174.372s][info][safepoint] Total time for which application threads were stopped: 0.1543997 seconds, Stopping threads took: 0.0004263 seconds
[174.584s][info][safepoint] Application time: 0.2116065 seconds
[174.585s][info][safepoint] Entering safepoint region: ParallelGCFailedAllocation
[174.739s][info][gc       ] GC(499) Pause Young (Allocation Failure) 2364M->1795M(4551M) 154.184ms
[174.740s][info][safepoint] Leaving safepoint region
[174.740s][info][safepoint] Total time for which application threads were stopped: 0.1553981 seconds, Stopping threads took: 0.0003749 seconds
[174.939s][info][safepoint] Application time: 0.1987536 seconds
[174.940s][info][safepoint] Entering safepoint region: ParallelGCFailedAllocation
[175.093s][info][gc       ] GC(500) Pause Young (Allocation Failure) 2364M->1795M(4551M) 152.536ms
[175.093s][info][safepoint] Leaving safepoint region
[175.093s][info][safepoint] Total time for which application threads were stopped: 0.1535322 seconds, Stopping threads took: 0.0002956 seconds
[175.282s][info][safepoint] Application time: 0.1884192 seconds
[175.283s][info][safepoint] Entering safepoint region: ParallelGCFailedAllocation
[175.471s][info][gc       ] GC(501) Pause Young (Allocation Failure) 2364M->1797M(4551M) 188.032ms
[175.471s][info][safepoint] Leaving safepoint region
[175.471s][info][safepoint] Total time for which application threads were stopped: 0.1889040 seconds, Stopping threads took: 0.0004230 seconds
[175.678s][info][safepoint] Application time: 0.2068324 seconds
[175.679s][info][safepoint] Entering safepoint region: ParallelGCFailedAllocation
[175.713s][info][gc       ] GC(502) Pause Young (Allocation Failure) 2366M->1797M(4551M) 33.104ms
[175.713s][info][safepoint] Leaving safepoint region
[175.714s][info][safepoint] Total time for which application threads were stopped: 0.0346650 seconds, Stopping threads took: 0.0005594 seconds
[175.905s][info][safepoint] Application time: 0.1909261 seconds
[175.906s][info][safepoint] Entering safepoint region: ParallelGCFailedAllocation
[175.914s][info][gc       ] GC(503) Pause Young (Allocation Failure) 2366M->1797M(4551M) 7.516ms
[175.914s][info][safepoint] Leaving safepoint region
[175.915s][info][safepoint] Total time for which application threads were stopped: 0.0091418 seconds, Stopping threads took: 0.0006407 seconds
[176.104s][info][safepoint] Application time: 0.1886983 seconds
[176.105s][info][safepoint] Entering safepoint region: ParallelGCFailedAllocation
[176.112s][info][gc       ] GC(504) Pause Young (Allocation Failure) 2366M->1797M(4551M) 7.220ms
[176.113s][info][safepoint] Leaving safepoint region
[176.113s][info][safepoint] Total time for which application threads were stopped: 0.0087478 seconds, Stopping threads took: 0.0004320 seconds
[176.303s][info][safepoint] Application time: 0.1889998 seconds
[176.303s][info][safepoint] Entering safepoint region: ParallelGCFailedAllocation
[176.311s][info][gc       ] GC(505) Pause Young (Allocation Failure) 2366M->1797M(4551M) 7.204ms
[176.312s][info][safepoint] Leaving safepoint region
[176.312s][info][safepoint] Total time for which application threads were stopped: 0.0087548 seconds, Stopping threads took: 0.0005608 seconds
[176.509s][info][safepoint] Application time: 0.1963480 seconds
[176.509s][info][safepoint] Entering safepoint region: ParallelGCFailedAllocation
[176.517s][info][gc       ] GC(506) Pause Young (Allocation Failure) 2366M->1797M(4551M) 7.507ms
[176.518s][info][safepoint] Leaving safepoint region
[176.518s][info][safepoint] Total time for which application threads were stopped: 0.0089151 seconds, Stopping threads took: 0.0004187 seconds
[176.708s][info][safepoint] Application time: 0.1894871 seconds
[176.709s][info][safepoint] Entering safepoint region: ParallelGCFailedAllocation
[176.716s][info][gc       ] GC(507) Pause Young (Allocation Failure) 2366M->1797M(4551M) 6.740ms
[176.717s][info][safepoint] Leaving safepoint region
[176.717s][info][safepoint] Total time for which application threads were stopped: 0.0084209 seconds, Stopping threads took: 0.0005131 seconds
[176.903s][info][safepoint] Application time: 0.1858707 seconds
[176.904s][info][safepoint] Entering safepoint region: ParallelGCFailedAllocation
[176.911s][info][gc       ] GC(508) Pause Young (Allocation Failure) 2366M->1797M(4551M) 6.269ms
[176.911s][info][safepoint] Leaving safepoint region
[176.911s][info][safepoint] Total time for which application threads were stopped: 0.0075222 seconds, Stopping threads took: 0.0004096 seconds
[177.097s][info][safepoint] Application time: 0.1853963 seconds
[177.098s][info][safepoint] Entering safepoint region: ParallelGCFailedAllocation
[177.105s][info][gc       ] GC(509) Pause Young (Allocation Failure) 2366M->1797M(4551M) 6.412ms
[177.105s][info][safepoint] Leaving safepoint region
[177.106s][info][safepoint] Total time for which application threads were stopped: 0.0078380 seconds, Stopping threads took: 0.0004051 seconds
[177.290s][info][safepoint] Application time: 0.1842143 seconds
[177.291s][info][safepoint] Entering safepoint region: ParallelGCFailedAllocation
[177.299s][info][gc       ] GC(510) Pause Young (Allocation Failure) 2366M->1797M(4551M) 7.276ms
[177.299s][info][safepoint] Leaving safepoint region
[177.299s][info][safepoint] Total time for which application threads were stopped: 0.0086148 seconds, Stopping threads took: 0.0005226 seconds
[177.487s][info][safepoint] Application time: 0.1869994 seconds
[177.487s][info][safepoint] Entering safepoint region: ParallelGCFailedAllocation
[177.494s][info][gc       ] GC(511) Pause Young (Allocation Failure) 2366M->1797M(4551M) 6.655ms
[177.495s][info][safepoint] Leaving safepoint region
[177.496s][info][safepoint] Total time for which application threads were stopped: 0.0082424 seconds, Stopping threads took: 0.0005077 seconds
[177.683s][info][safepoint] Application time: 0.1865860 seconds
[177.683s][info][safepoint] Entering safepoint region: ParallelGCFailedAllocation
[177.691s][info][gc       ] GC(512) Pause Young (Allocation Failure) 2366M->1797M(4551M) 7.345ms
[177.692s][info][safepoint] Leaving safepoint region
[177.692s][info][safepoint] Total time for which application threads were stopped: 0.0089921 seconds, Stopping threads took: 0.0005056 seconds
[177.883s][info][safepoint] Application time: 0.1905105 seconds
[177.884s][info][safepoint] Entering safepoint region: ParallelGCFailedAllocation
[177.890s][info][gc       ] GC(513) Pause Young (Allocation Failure) 2366M->1797M(4579M) 6.371ms
[177.891s][info][safepoint] Leaving safepoint region
[177.891s][info][safepoint] Total time for which application threads were stopped: 0.0076809 seconds, Stopping threads took: 0.0003786 seconds
[178.092s][info][safepoint] Application time: 0.2008330 seconds
[178.093s][info][safepoint] Entering safepoint region: ParallelGCFailedAllocation
[178.100s][info][gc       ] GC(514) Pause Young (Allocation Failure) 2394M->1797M(4551M) 6.959ms
[178.101s][info][safepoint] Leaving safepoint region
[178.101s][info][safepoint] Total time for which application threads were stopped: 0.0084085 seconds, Stopping threads took: 0.0004729 seconds
[178.302s][info][safepoint] Application time: 0.2004630 seconds
[178.303s][info][safepoint] Entering safepoint region: ParallelGCFailedAllocation
[178.310s][info][gc       ] GC(515) Pause Young (Allocation Failure) 2394M->1797M(4642M) 7.160ms
[178.311s][info][safepoint] Leaving safepoint region
[178.311s][info][safepoint] Total time for which application threads were stopped: 0.0085231 seconds, Stopping threads took: 0.0004150 seconds
[178.554s][info][safepoint] Application time: 0.2419032 seconds
[178.554s][info][safepoint] Entering safepoint region: ParallelGCFailedAllocation
[178.561s][info][gc       ] GC(516) Pause Young (Allocation Failure) 2517M->1797M(4611M) 6.407ms
[178.562s][info][safepoint] Leaving safepoint region
[178.562s][info][safepoint] Total time for which application threads were stopped: 0.0079443 seconds, Stopping threads took: 0.0004655 seconds
[178.803s][info][safepoint] Application time: 0.2402023 seconds
[178.803s][info][safepoint] Entering safepoint region: ParallelGCFailedAllocation
[178.810s][info][gc       ] GC(517) Pause Young (Allocation Failure) 2517M->1797M(4700M) 6.532ms
[178.811s][info][safepoint] Leaving safepoint region
[178.811s][info][safepoint] Total time for which application threads were stopped: 0.0080643 seconds, Stopping threads took: 0.0005152 seconds
[179.095s][info][safepoint] Application time: 0.2828516 seconds
[179.095s][info][safepoint] Entering safepoint region: ParallelGCFailedAllocation
[179.103s][info][gc       ] GC(518) Pause Young (Allocation Failure) 2636M->1797M(4672M) 7.477ms
[179.104s][info][safepoint] Leaving safepoint region
[179.104s][info][safepoint] Total time for which application threads were stopped: 0.0089635 seconds, Stopping threads took: 0.0004902 seconds
[179.387s][info][safepoint] Application time: 0.2825325 seconds
[179.388s][info][safepoint] Entering safepoint region: ParallelGCFailedAllocation
[179.395s][info][gc       ] GC(519) Pause Young (Allocation Failure) 2636M->1797M(4754M) 7.200ms
[179.396s][info][safepoint] Leaving safepoint region
[179.396s][info][safepoint] Total time for which application threads were stopped: 0.0085228 seconds, Stopping threads took: 0.0004710 seconds
[179.714s][info][safepoint] Application time: 0.3174250 seconds
[179.715s][info][safepoint] Entering safepoint region: ParallelGCFailedAllocation
[179.722s][info][gc       ] GC(520) Pause Young (Allocation Failure) 2745M->1797M(4728M) 6.544ms
[179.722s][info][safepoint] Leaving safepoint region
[179.723s][info][safepoint] Total time for which application threads were stopped: 0.0080135 seconds, Stopping threads took: 0.0004783 seconds
[180.041s][info][safepoint] Application time: 0.3178532 seconds
[180.041s][info][safepoint] Entering safepoint region: ParallelGCFailedAllocation
[180.049s][info][gc       ] GC(521) Pause Young (Allocation Failure) 2745M->1797M(4802M) 7.094ms
[180.050s][info][safepoint] Leaving safepoint region
[180.050s][info][safepoint] Total time for which application threads were stopped: 0.0085583 seconds, Stopping threads took: 0.0004520 seconds
[180.390s][info][safepoint] Application time: 0.3398870 seconds
[180.391s][info][safepoint] Entering safepoint region: ParallelGCFailedAllocation
[180.398s][info][gc       ] GC(522) Pause Young (Allocation Failure) 2845M->1797M(4779M) 6.682ms
[180.398s][info][safepoint] Leaving safepoint region
[180.399s][info][safepoint] Total time for which application threads were stopped: 0.0079726 seconds, Stopping threads took: 0.0004682 seconds
[180.744s][info][safepoint] Application time: 0.3446780 seconds
[180.744s][info][safepoint] Entering safepoint region: ParallelGCFailedAllocation
[180.752s][info][gc       ] GC(523) Pause Young (Allocation Failure) 2845M->1797M(4845M) 6.915ms
[180.752s][info][safepoint] Leaving safepoint region
[180.753s][info][safepoint] Total time for which application threads were stopped: 0.0083780 seconds, Stopping threads took: 0.0004599 seconds
[181.134s][info][safepoint] Application time: 0.3811017 seconds
[181.135s][info][safepoint] Entering safepoint region: ParallelGCFailedAllocation
[181.142s][info][gc       ] GC(524) Pause Young (Allocation Failure) 2933M->1797M(4824M) 7.132ms
[181.143s][info][safepoint] Leaving safepoint region
[181.144s][info][safepoint] Total time for which application threads were stopped: 0.0086640 seconds, Stopping threads took: 0.0004188 seconds
[181.523s][info][safepoint] Application time: 0.3786730 seconds
[181.523s][info][safepoint] Entering safepoint region: ParallelGCFailedAllocation
[181.531s][info][gc       ] GC(525) Pause Young (Allocation Failure) 2933M->1797M(4884M) 7.265ms
[181.532s][info][safepoint] Leaving safepoint region
[181.532s][info][safepoint] Total time for which application threads were stopped: 0.0085692 seconds, Stopping threads took: 0.0005184 seconds
[181.933s][info][safepoint] Application time: 0.4007848 seconds
[181.933s][info][safepoint] Entering safepoint region: ParallelGCFailedAllocation
[181.940s][info][gc       ] GC(526) Pause Young (Allocation Failure) 3013M->1797M(4865M) 6.482ms
[181.941s][info][safepoint] Leaving safepoint region
[181.941s][info][safepoint] Total time for which application threads were stopped: 0.0078493 seconds, Stopping threads took: 0.0004394 seconds
[182.337s][info][safepoint] Application time: 0.3956010 seconds
[182.338s][info][safepoint] Entering safepoint region: ParallelGCFailedAllocation
[182.345s][info][gc       ] GC(527) Pause Young (Allocation Failure) 3013M->1797M(4917M) 6.373ms
[182.345s][info][safepoint] Leaving safepoint region
[182.346s][info][safepoint] Total time for which application threads were stopped: 0.0078621 seconds, Stopping threads took: 0.0004461 seconds
[182.764s][info][safepoint] Application time: 0.4173753 seconds
[182.764s][info][safepoint] Entering safepoint region: ParallelGCFailedAllocation
[182.772s][info][gc       ] GC(528) Pause Young (Allocation Failure) 3082M->1797M(4901M) 7.346ms
[182.772s][info][safepoint] Leaving safepoint region
[182.773s][info][safepoint] Total time for which application threads were stopped: 0.0088150 seconds, Stopping threads took: 0.0004778 seconds
[183.205s][info][safepoint] Application time: 0.4321224 seconds
[183.206s][info][safepoint] Entering safepoint region: ParallelGCFailedAllocation
[183.214s][info][gc       ] GC(529) Pause Young (Allocation Failure) 3082M->1797M(4946M) 7.305ms
[183.214s][info][safepoint] Leaving safepoint region
[183.215s][info][safepoint] Total time for which application threads were stopped: 0.0087299 seconds, Stopping threads took: 0.0004383 seconds
[183.659s][info][safepoint] Application time: 0.4436411 seconds
[183.659s][info][safepoint] Entering safepoint region: ParallelGCFailedAllocation
[183.666s][info][gc       ] GC(530) Pause Young (Allocation Failure) 3142M->1797M(4932M) 6.591ms
[183.667s][info][safepoint] Leaving safepoint region
[183.667s][info][safepoint] Total time for which application threads were stopped: 0.0079969 seconds, Stopping threads took: 0.0004506 seconds
[184.107s][info][safepoint] Application time: 0.4393939 seconds
[184.107s][info][safepoint] Entering safepoint region: ParallelGCFailedAllocation
[184.115s][info][gc       ] GC(531) Pause Young (Allocation Failure) 3142M->1797M(4972M) 6.697ms
[184.115s][info][safepoint] Leaving safepoint region
[184.115s][info][safepoint] Total time for which application threads were stopped: 0.0080265 seconds, Stopping threads took: 0.0004316 seconds
[184.578s][info][safepoint] Application time: 0.4626767 seconds
[184.579s][info][safepoint] Entering safepoint region: ParallelGCFailedAllocation
[184.586s][info][gc       ] GC(532) Pause Young (Allocation Failure) 3195M->1797M(4960M) 6.410ms
[184.586s][info][safepoint] Leaving safepoint region
[184.587s][info][safepoint] Total time for which application threads were stopped: 0.0077713 seconds, Stopping threads took: 0.0004326 seconds
[184.815s][info][safepoint] Application time: 0.2275506 seconds
[184.815s][info][safepoint] Entering safepoint region: ParallelGCFailedAllocation
[185.093s][info][gc       ] GC(533) Pause Young (Allocation Failure) 3195M->2863M(4227M) 277.301ms
[186.099s][info][gc       ] GC(534) Pause Full (Ergonomics) 2863M->1063M(4605M) 1005.848ms
[186.100s][info][safepoint] Leaving safepoint region
[186.100s][info][safepoint] Total time for which application threads were stopped: 1.2850056 seconds, Stopping threads took: 0.0004796 seconds
[186.224s][info][safepoint] Application time: 0.1236758 seconds
[186.225s][info][safepoint] Entering safepoint region: ParallelGCFailedAllocation
[186.400s][info][gc       ] GC(535) Pause Young (Allocation Failure) 1741M->1742M(4497M) 174.792ms
[186.400s][info][safepoint] Leaving safepoint region
[186.401s][info][safepoint] Total time for which application threads were stopped: 0.1761068 seconds, Stopping threads took: 0.0004162 seconds
[186.663s][info][safepoint] Application time: 0.2621167 seconds
[186.664s][info][safepoint] Entering safepoint region: ParallelGCFailedAllocation
[186.861s][info][gc       ] GC(536) Pause Young (Allocation Failure) 2312M->1808M(4551M) 197.418ms
[186.862s][info][safepoint] Leaving safepoint region
[186.862s][info][safepoint] Total time for which application threads were stopped: 0.1981420 seconds, Stopping threads took: 0.0003215 seconds
[187.056s][info][safepoint] Application time: 0.1943294 seconds
[187.056s][info][safepoint] Entering safepoint region: ParallelGCFailedAllocation
[187.231s][info][gc       ] GC(537) Pause Young (Allocation Failure) 2377M->1808M(4551M) 174.601ms
[187.231s][info][safepoint] Leaving safepoint region
[187.231s][info][safepoint] Total time for which application threads were stopped: 0.1750715 seconds, Stopping threads took: 0.0001083 seconds
[187.428s][info][safepoint] Application time: 0.1963971 seconds
[187.428s][info][safepoint] Entering safepoint region: ParallelGCFailedAllocation
[187.602s][info][gc       ] GC(538) Pause Young (Allocation Failure) 2377M->1808M(4551M) 173.595ms
[187.602s][info][safepoint] Leaving safepoint region
[187.602s][info][safepoint] Total time for which application threads were stopped: 0.1741688 seconds, Stopping threads took: 0.0001516 seconds
[187.806s][info][safepoint] Application time: 0.2036905 seconds
[187.807s][info][safepoint] Entering safepoint region: ParallelGCFailedAllocation
[187.979s][info][gc       ] GC(539) Pause Young (Allocation Failure) 2377M->1808M(4551M) 171.478ms
[187.979s][info][safepoint] Leaving safepoint region
[187.979s][info][safepoint] Total time for which application threads were stopped: 0.1724383 seconds, Stopping threads took: 0.0005662 seconds
[188.184s][info][safepoint] Application time: 0.2049879 seconds
[188.185s][info][safepoint] Entering safepoint region: ParallelGCFailedAllocation
[188.356s][info][gc       ] GC(540) Pause Young (Allocation Failure) 2377M->1808M(4551M) 170.513ms
[188.356s][info][safepoint] Leaving safepoint region
[188.356s][info][safepoint] Total time for which application threads were stopped: 0.1712885 seconds, Stopping threads took: 0.0003742 seconds
[188.551s][info][safepoint] Application time: 0.1940365 seconds
[188.551s][info][safepoint] Entering safepoint region: ParallelGCFailedAllocation
[188.723s][info][gc       ] GC(541) Pause Young (Allocation Failure) 2377M->1808M(4551M) 171.418ms
[188.723s][info][safepoint] Leaving safepoint region
[188.723s][info][safepoint] Total time for which application threads were stopped: 0.1724553 seconds, Stopping threads took: 0.0003763 seconds
[188.924s][info][safepoint] Application time: 0.1999738 seconds
[188.924s][info][safepoint] Entering safepoint region: ParallelGCFailedAllocation
[189.134s][info][gc       ] GC(542) Pause Young (Allocation Failure) 2377M->1810M(4551M) 208.970ms
[189.134s][info][safepoint] Leaving safepoint region
[189.134s][info][safepoint] Total time for which application threads were stopped: 0.2098561 seconds, Stopping threads took: 0.0004239 seconds
[189.326s][info][safepoint] Application time: 0.1922842 seconds
[189.327s][info][safepoint] Entering safepoint region: ParallelGCFailedAllocation
[189.417s][info][gc       ] GC(543) Pause Young (Allocation Failure) 2380M->1810M(4551M) 89.492ms
[189.417s][info][safepoint] Leaving safepoint region
[189.418s][info][safepoint] Total time for which application threads were stopped: 0.0910025 seconds, Stopping threads took: 0.0003944 seconds
[189.614s][info][safepoint] Application time: 0.1951722 seconds
[189.614s][info][safepoint] Entering safepoint region: ParallelGCFailedAllocation
[189.624s][info][gc       ] GC(544) Pause Young (Allocation Failure) 2380M->1810M(4551M) 9.325ms
[189.625s][info][safepoint] Leaving safepoint region
[189.625s][info][safepoint] Total time for which application threads were stopped: 0.0107367 seconds, Stopping threads took: 0.0004724 seconds
[189.820s][info][safepoint] Application time: 0.1950493 seconds
[189.821s][info][safepoint] Entering safepoint region: ParallelGCFailedAllocation
[189.831s][info][gc       ] GC(545) Pause Young (Allocation Failure) 2380M->1810M(4551M) 9.405ms
[189.831s][info][safepoint] Leaving safepoint region
[189.831s][info][safepoint] Total time for which application threads were stopped: 0.0106510 seconds, Stopping threads took: 0.0003785 seconds
[190.027s][info][safepoint] Application time: 0.1947345 seconds
[190.027s][info][safepoint] Entering safepoint region: ParallelGCFailedAllocation
[190.036s][info][gc       ] GC(546) Pause Young (Allocation Failure) 2380M->1810M(4551M) 8.490ms
[190.036s][info][safepoint] Leaving safepoint region
[190.037s][info][safepoint] Total time for which application threads were stopped: 0.0098732 seconds, Stopping threads took: 0.0003567 seconds
[190.231s][info][safepoint] Application time: 0.1933756 seconds
[190.231s][info][safepoint] Entering safepoint region: ParallelGCFailedAllocation
[190.240s][info][gc       ] GC(547) Pause Young (Allocation Failure) 2380M->1810M(4551M) 8.185ms
[190.240s][info][safepoint] Leaving safepoint region
[190.241s][info][safepoint] Total time for which application threads were stopped: 0.0095130 seconds, Stopping threads took: 0.0004265 seconds
[190.434s][info][safepoint] Application time: 0.1927514 seconds
[190.434s][info][safepoint] Entering safepoint region: ParallelGCFailedAllocation
[190.443s][info][gc       ] GC(548) Pause Young (Allocation Failure) 2380M->1810M(4551M) 8.357ms
[190.444s][info][safepoint] Leaving safepoint region
[190.444s][info][safepoint] Total time for which application threads were stopped: 0.0097832 seconds, Stopping threads took: 0.0003901 seconds
[190.642s][info][safepoint] Application time: 0.1974351 seconds
[190.643s][info][safepoint] Entering safepoint region: ParallelGCFailedAllocation
[190.652s][info][gc       ] GC(549) Pause Young (Allocation Failure) 2380M->1810M(4551M) 9.284ms
[190.653s][info][safepoint] Leaving safepoint region
[190.653s][info][safepoint] Total time for which application threads were stopped: 0.0107959 seconds, Stopping threads took: 0.0004642 seconds
[190.847s][info][safepoint] Application time: 0.1938102 seconds
[190.848s][info][safepoint] Entering safepoint region: ParallelGCFailedAllocation
[190.857s][info][gc       ] GC(550) Pause Young (Allocation Failure) 2380M->1810M(4551M) 8.921ms
[190.858s][info][safepoint] Leaving safepoint region
[190.858s][info][safepoint] Total time for which application threads were stopped: 0.0101964 seconds, Stopping threads took: 0.0003763 seconds
[191.051s][info][safepoint] Application time: 0.1928282 seconds
[191.052s][info][safepoint] Entering safepoint region: ParallelGCFailedAllocation
[191.061s][info][gc       ] GC(551) Pause Young (Allocation Failure) 2380M->1810M(4551M) 8.766ms
[191.062s][info][safepoint] Leaving safepoint region
[191.062s][info][safepoint] Total time for which application threads were stopped: 0.0102583 seconds, Stopping threads took: 0.0004453 seconds
[191.253s][info][safepoint] Application time: 0.1907003 seconds
[191.254s][info][safepoint] Entering safepoint region: ParallelGCFailedAllocation
[191.263s][info][gc       ] GC(552) Pause Young (Allocation Failure) 2380M->1810M(4551M) 8.990ms
[191.264s][info][safepoint] Leaving safepoint region
[191.264s][info][safepoint] Total time for which application threads were stopped: 0.0102923 seconds, Stopping threads took: 0.0004646 seconds
[191.455s][info][safepoint] Application time: 0.1911016 seconds
[191.456s][info][safepoint] Entering safepoint region: ParallelGCFailedAllocation
[191.465s][info][gc       ] GC(553) Pause Young (Allocation Failure) 2380M->1810M(4551M) 8.916ms
[191.465s][info][safepoint] Leaving safepoint region
[191.466s][info][safepoint] Total time for which application threads were stopped: 0.0101056 seconds, Stopping threads took: 0.0003275 seconds
[191.657s][info][safepoint] Application time: 0.1910920 seconds
[191.658s][info][safepoint] Entering safepoint region: ParallelGCFailedAllocation
[191.667s][info][gc       ] GC(554) Pause Young (Allocation Failure) 2380M->1810M(4551M) 9.012ms
[191.668s][info][safepoint] Leaving safepoint region
[191.668s][info][safepoint] Total time for which application threads were stopped: 0.0104985 seconds, Stopping threads took: 0.0005007 seconds
[191.860s][info][safepoint] Application time: 0.1909358 seconds
[191.860s][info][safepoint] Entering safepoint region: ParallelGCFailedAllocation
[191.869s][info][gc       ] GC(555) Pause Young (Allocation Failure) 2380M->1810M(4551M) 8.404ms
[191.870s][info][safepoint] Leaving safepoint region
[191.870s][info][safepoint] Total time for which application threads were stopped: 0.0098138 seconds, Stopping threads took: 0.0004624 seconds
[192.059s][info][safepoint] Application time: 0.1881312 seconds
[192.059s][info][safepoint] Entering safepoint region: ParallelGCFailedAllocation
[192.069s][info][gc       ] GC(556) Pause Young (Allocation Failure) 2380M->1810M(4551M) 9.310ms
[192.069s][info][safepoint] Leaving safepoint region
[192.070s][info][safepoint] Total time for which application threads were stopped: 0.0106395 seconds, Stopping threads took: 0.0003832 seconds
[192.258s][info][safepoint] Application time: 0.1877591 seconds
[192.258s][info][safepoint] Entering safepoint region: ParallelGCFailedAllocation
[192.268s][info][gc       ] GC(557) Pause Young (Allocation Failure) 2380M->1810M(4607M) 9.180ms
[192.268s][info][safepoint] Leaving safepoint region
[192.269s][info][safepoint] Total time for which application threads were stopped: 0.0105491 seconds, Stopping threads took: 0.0004086 seconds
[192.486s][info][safepoint] Application time: 0.2166025 seconds
[192.486s][info][safepoint] Entering safepoint region: ParallelGCFailedAllocation
[192.496s][info][gc       ] GC(558) Pause Young (Allocation Failure) 2458M->1810M(4573M) 9.368ms
[192.497s][info][safepoint] Leaving safepoint region
[192.497s][info][safepoint] Total time for which application threads were stopped: 0.0108124 seconds, Stopping threads took: 0.0004709 seconds
[192.715s][info][safepoint] Application time: 0.2173451 seconds
[192.715s][info][safepoint] Entering safepoint region: ParallelGCFailedAllocation
[192.725s][info][gc       ] GC(559) Pause Young (Allocation Failure) 2458M->1810M(4671M) 8.864ms
[192.725s][info][safepoint] Leaving safepoint region
[192.726s][info][safepoint] Total time for which application threads were stopped: 0.0102933 seconds, Stopping threads took: 0.0003757 seconds
[192.987s][info][safepoint] Application time: 0.2607537 seconds
[192.987s][info][safepoint] Entering safepoint region: ParallelGCFailedAllocation
[192.996s][info][gc       ] GC(560) Pause Young (Allocation Failure) 2589M->1810M(4640M) 8.338ms
[192.996s][info][safepoint] Leaving safepoint region
[192.997s][info][safepoint] Total time for which application threads were stopped: 0.0094176 seconds, Stopping threads took: 0.0002803 seconds
[193.258s][info][safepoint] Application time: 0.2614971 seconds
[193.259s][info][safepoint] Entering safepoint region: ParallelGCFailedAllocation
[193.268s][info][gc       ] GC(561) Pause Young (Allocation Failure) 2589M->1810M(4729M) 8.590ms
[193.269s][info][safepoint] Leaving safepoint region
[193.269s][info][safepoint] Total time for which application threads were stopped: 0.0100532 seconds, Stopping threads took: 0.0005409 seconds
[193.570s][info][safepoint] Application time: 0.3008928 seconds
[193.571s][info][safepoint] Entering safepoint region: ParallelGCFailedAllocation
[193.581s][info][gc       ] GC(562) Pause Young (Allocation Failure) 2708M->1810M(4701M) 9.226ms
[193.581s][info][safepoint] Leaving safepoint region
[193.582s][info][safepoint] Total time for which application threads were stopped: 0.0107598 seconds, Stopping threads took: 0.0004761 seconds
[193.882s][info][safepoint] Application time: 0.3002368 seconds
[193.883s][info][safepoint] Entering safepoint region: ParallelGCFailedAllocation
[193.891s][info][gc       ] GC(563) Pause Young (Allocation Failure) 2708M->1810M(4782M) 8.206ms
[193.892s][info][safepoint] Leaving safepoint region
[193.892s][info][safepoint] Total time for which application threads were stopped: 0.0096948 seconds, Stopping threads took: 0.0004078 seconds
[194.227s][info][safepoint] Application time: 0.3345031 seconds
[194.228s][info][safepoint] Entering safepoint region: ParallelGCFailedAllocation
[194.238s][info][gc       ] GC(564) Pause Young (Allocation Failure) 2815M->1810M(4756M) 9.397ms
[194.238s][info][safepoint] Leaving safepoint region
[194.238s][info][safepoint] Total time for which application threads were stopped: 0.0106752 seconds, Stopping threads took: 0.0004438 seconds
[194.572s][info][safepoint] Application time: 0.3326199 seconds
[194.572s][info][safepoint] Entering safepoint region: ParallelGCFailedAllocation
[194.581s][info][gc       ] GC(565) Pause Young (Allocation Failure) 2815M->1810M(4828M) 8.909ms
[194.582s][info][safepoint] Leaving safepoint region
[194.582s][info][safepoint] Total time for which application threads were stopped: 0.0103968 seconds, Stopping threads took: 0.0004705 seconds
[194.951s][info][safepoint] Application time: 0.3684491 seconds
[194.952s][info][safepoint] Entering safepoint region: ParallelGCFailedAllocation
[194.961s][info][gc       ] GC(566) Pause Young (Allocation Failure) 2911M->1810M(4806M) 8.883ms
[194.962s][info][safepoint] Leaving safepoint region
[194.962s][info][safepoint] Total time for which application threads were stopped: 0.0103698 seconds, Stopping threads took: 0.0004911 seconds
[195.352s][info][safepoint] Application time: 0.3896474 seconds
[195.353s][info][safepoint] Entering safepoint region: ParallelGCFailedAllocation
[195.362s][info][gc       ] GC(567) Pause Young (Allocation Failure) 2911M->1810M(4869M) 8.432ms
[195.363s][info][safepoint] Leaving safepoint region
[195.363s][info][safepoint] Total time for which application threads were stopped: 0.0100637 seconds, Stopping threads took: 0.0004658 seconds
[195.756s][info][safepoint] Application time: 0.3929661 seconds
[195.757s][info][safepoint] Entering safepoint region: ParallelGCFailedAllocation
[195.766s][info][gc       ] GC(568) Pause Young (Allocation Failure) 2996M->1810M(4849M) 8.190ms
[195.766s][info][safepoint] Leaving safepoint region
[195.766s][info][safepoint] Total time for which application threads were stopped: 0.0095490 seconds, Stopping threads took: 0.0004032 seconds
[196.163s][info][safepoint] Application time: 0.3961726 seconds
[196.164s][info][safepoint] Entering safepoint region: ParallelGCFailedAllocation
[196.173s][info][gc       ] GC(569) Pause Young (Allocation Failure) 2996M->1810M(4905M) 8.966ms
[196.173s][info][safepoint] Leaving safepoint region
[196.174s][info][safepoint] Total time for which application threads were stopped: 0.0103618 seconds, Stopping threads took: 0.0004003 seconds
[196.600s][info][safepoint] Application time: 0.4260894 seconds
[196.601s][info][safepoint] Entering safepoint region: ParallelGCFailedAllocation
[196.610s][info][gc       ] GC(570) Pause Young (Allocation Failure) 3070M->1810M(4888M) 9.096ms
[196.611s][info][safepoint] Leaving safepoint region
[196.611s][info][safepoint] Total time for which application threads were stopped: 0.0105071 seconds, Stopping threads took: 0.0004609 seconds
[197.023s][info][safepoint] Application time: 0.4108680 seconds
[197.023s][info][safepoint] Entering safepoint region: ParallelGCFailedAllocation
[197.032s][info][gc       ] GC(571) Pause Young (Allocation Failure) 3070M->1810M(4936M) 8.459ms
[197.032s][info][safepoint] Leaving safepoint region
[197.033s][info][safepoint] Total time for which application threads were stopped: 0.0098366 seconds, Stopping threads took: 0.0003714 seconds
[197.468s][info][safepoint] Application time: 0.4349910 seconds
[197.469s][info][safepoint] Entering safepoint region: ParallelGCFailedAllocation
[197.479s][info][gc       ] GC(572) Pause Young (Allocation Failure) 3135M->1810M(4921M) 9.398ms
[197.479s][info][safepoint] Leaving safepoint region
[197.479s][info][safepoint] Total time for which application threads were stopped: 0.0106083 seconds, Stopping threads took: 0.0003281 seconds
[197.922s][info][safepoint] Application time: 0.4421358 seconds
[197.923s][info][safepoint] Entering safepoint region: ParallelGCFailedAllocation
[197.932s][info][gc       ] GC(573) Pause Young (Allocation Failure) 3135M->1810M(4964M) 9.075ms
[197.933s][info][safepoint] Leaving safepoint region
[197.933s][info][safepoint] Total time for which application threads were stopped: 0.0103893 seconds, Stopping threads took: 0.0003970 seconds
[198.375s][info][safepoint] Application time: 0.4411715 seconds
[198.375s][info][safepoint] Entering safepoint region: ParallelGCFailedAllocation
[198.384s][info][gc       ] GC(574) Pause Young (Allocation Failure) 3191M->1810M(4950M) 8.553ms
[198.385s][info][safepoint] Leaving safepoint region
[198.385s][info][safepoint] Total time for which application threads were stopped: 0.0099580 seconds, Stopping threads took: 0.0004027 seconds
[198.617s][info][safepoint] Application time: 0.2315755 seconds
[198.617s][info][safepoint] Entering safepoint region: Halt
