[0.008s][info][gc] Using Concurrent Mark Sweep
[0.149s][info][safepoint] Entering safepoint region: ICBufferFull
[0.149s][info][safepoint] Leaving safepoint region
[0.150s][info][safepoint] Total time for which application threads were stopped: 0.0005007 seconds, Stopping threads took: 0.0002978 seconds
[0.157s][info][safepoint] Application time: 0.0071381 seconds
[0.157s][info][safepoint] Entering safepoint region: Deoptimize
[0.157s][info][safepoint] Leaving safepoint region
[0.158s][info][safepoint] Total time for which application threads were stopped: 0.0005628 seconds, Stopping threads took: 0.0002436 seconds
[0.178s][info][safepoint] Application time: 0.0182805 seconds
[0.178s][info][safepoint] Entering safepoint region: EnableBiasedLocking
[0.178s][info][safepoint] Leaving safepoint region
[0.179s][info][safepoint] Total time for which application threads were stopped: 0.0005475 seconds, Stopping threads took: 0.0002168 seconds
[0.324s][info][safepoint] Application time: 0.1454529 seconds
[0.325s][info][safepoint] Entering safepoint region: GenCollectForAllocation
[1.258s][info][gc       ] GC(0) Pause Young (Allocation Failure) 865M->784M(5011M) 932.661ms
[1.258s][info][safepoint] Leaving safepoint region
[1.259s][info][safepoint] Total time for which application threads were stopped: 0.9336422 seconds, Stopping threads took: 0.0003714 seconds
[1.373s][info][safepoint] Application time: 0.1141163 seconds
[1.373s][info][safepoint] Entering safepoint region: GenCollectForAllocation
[1.970s][info][gc       ] GC(1) Pause Young (Allocation Failure) 1650M->1665M(5011M) 596.262ms
[1.971s][info][safepoint] Leaving safepoint region
[1.971s][info][safepoint] Total time for which application threads were stopped: 0.5972974 seconds, Stopping threads took: 0.0005778 seconds
[2.472s][info][safepoint] Application time: 0.5009052 seconds
[2.472s][info][safepoint] Entering safepoint region: GenCollectForAllocation
[2.790s][info][gc       ] GC(2) Pause Young (Allocation Failure) 2530M->1995M(5011M) 317.197ms
[2.790s][info][safepoint] Leaving safepoint region
[2.790s][info][safepoint] Total time for which application threads were stopped: 0.3178886 seconds, Stopping threads took: 0.0002367 seconds
[3.113s][info][safepoint] Application time: 0.3227723 seconds
[3.113s][info][safepoint] Entering safepoint region: GenCollectForAllocation
[3.255s][info][gc       ] GC(3) Pause Young (Allocation Failure) 2860M->2063M(5011M) 141.417ms
[3.255s][info][safepoint] Leaving safepoint region
[3.256s][info][safepoint] Total time for which application threads were stopped: 0.1421157 seconds, Stopping threads took: 0.0003112 seconds
[3.256s][info][safepoint] Application time: 0.0001050 seconds
[3.256s][info][safepoint] Entering safepoint region: CMS_Initial_Mark
[3.256s][info][gc       ] GC(4) Pause Initial Mark 2080M->2080M(5011M) 0.275ms
[3.256s][info][safepoint] Leaving safepoint region
[3.256s][info][safepoint] Total time for which application threads were stopped: 0.0006030 seconds, Stopping threads took: 0.0001212 seconds
[3.257s][info][gc       ] GC(4) Concurrent Mark
[3.592s][info][safepoint] Application time: 0.3358492 seconds
[3.593s][info][safepoint] Entering safepoint region: GenCollectForAllocation
[3.596s][info][gc       ] GC(5) Pause Young (Allocation Failure) 2929M->2056M(5011M) 2.274ms
[3.597s][info][safepoint] Leaving safepoint region
[3.597s][info][safepoint] Total time for which application threads were stopped: 0.0041094 seconds, Stopping threads took: 0.0005064 seconds
[3.923s][info][safepoint] Application time: 0.3257459 seconds
[3.924s][info][safepoint] Entering safepoint region: GenCollectForAllocation
[3.926s][info][gc       ] GC(6) Pause Young (Allocation Failure) 2921M->2049M(5011M) 2.234ms
[3.927s][info][safepoint] Leaving safepoint region
[3.927s][info][safepoint] Total time for which application threads were stopped: 0.0032062 seconds, Stopping threads took: 0.0002829 seconds
[3.950s][info][gc       ] GC(4) Concurrent Mark 693.738ms
[3.951s][info][gc       ] GC(4) Concurrent Preclean
[3.955s][info][gc       ] GC(4) Concurrent Preclean 3.780ms
[3.955s][info][gc       ] GC(4) Concurrent Abortable Preclean
[4.220s][info][safepoint] Application time: 0.2926286 seconds
[4.220s][info][safepoint] Entering safepoint region: GenCollectForAllocation
[4.223s][info][gc       ] GC(7) Pause Young (Allocation Failure) 2914M->2048M(5011M) 2.027ms
[4.223s][info][safepoint] Leaving safepoint region
[4.223s][info][safepoint] Total time for which application threads were stopped: 0.0031183 seconds, Stopping threads took: 0.0003555 seconds
[4.224s][info][gc       ] GC(4) Concurrent Abortable Preclean 268.657ms
[4.224s][info][safepoint] Application time: 0.0004503 seconds
[4.224s][info][safepoint] Entering safepoint region: CMS_Final_Remark
[4.226s][info][gc       ] GC(4) Pause Remark 2065M->2065M(5011M) 1.206ms
[4.226s][info][safepoint] Leaving safepoint region
[4.226s][info][safepoint] Total time for which application threads were stopped: 0.0017496 seconds, Stopping threads took: 0.0001556 seconds
[4.226s][info][gc       ] GC(4) Concurrent Sweep
[4.548s][info][safepoint] Application time: 0.3218940 seconds
[4.548s][info][safepoint] Entering safepoint region: GenCollectForAllocation
[4.551s][info][gc       ] GC(8) Pause Young (Allocation Failure) 2739M->1874M(5011M) 2.598ms
[4.552s][info][safepoint] Leaving safepoint region
[4.552s][info][safepoint] Total time for which application threads were stopped: 0.0036455 seconds, Stopping threads took: 0.0003620 seconds
[4.694s][info][gc       ] GC(4) Concurrent Sweep 467.552ms
[4.694s][info][gc       ] GC(4) Concurrent Reset
[4.702s][info][gc       ] GC(4) Concurrent Reset 7.437ms
[4.863s][info][safepoint] Application time: 0.3104617 seconds
[4.863s][info][safepoint] Entering safepoint region: GenCollectForAllocation
[4.866s][info][gc       ] GC(9) Pause Young (Allocation Failure) 2718M->1852M(5011M) 2.150ms
[4.867s][info][safepoint] Leaving safepoint region
[4.867s][info][safepoint] Total time for which application threads were stopped: 0.0034720 seconds, Stopping threads took: 0.0005270 seconds
[5.157s][info][safepoint] Application time: 0.2901976 seconds
[5.158s][info][safepoint] Entering safepoint region: GenCollectForAllocation
[5.160s][info][gc       ] GC(10) Pause Young (Allocation Failure) 2717M->1852M(5011M) 2.033ms
[5.160s][info][safepoint] Leaving safepoint region
[5.161s][info][safepoint] Total time for which application threads were stopped: 0.0029826 seconds, Stopping threads took: 0.0003566 seconds
[5.476s][info][safepoint] Application time: 0.3155880 seconds
[5.477s][info][safepoint] Entering safepoint region: GenCollectForAllocation
[5.479s][info][gc       ] GC(11) Pause Young (Allocation Failure) 2718M->1852M(5011M) 2.241ms
[5.480s][info][safepoint] Leaving safepoint region
[5.480s][info][safepoint] Total time for which application threads were stopped: 0.0033113 seconds, Stopping threads took: 0.0003333 seconds
[5.814s][info][safepoint] Application time: 0.3334433 seconds
[5.814s][info][safepoint] Entering safepoint region: GenCollectForAllocation
[5.816s][info][gc       ] GC(12) Pause Young (Allocation Failure) 2718M->1852M(5011M) 2.115ms
[5.816s][info][safepoint] Leaving safepoint region
[5.816s][info][safepoint] Total time for which application threads were stopped: 0.0025471 seconds, Stopping threads took: 0.0001160 seconds
[6.110s][info][safepoint] Application time: 0.2930331 seconds
[6.110s][info][safepoint] Entering safepoint region: GenCollectForAllocation
[6.113s][info][gc       ] GC(13) Pause Young (Allocation Failure) 2718M->1852M(5011M) 2.375ms
[6.113s][info][safepoint] Leaving safepoint region
[6.114s][info][safepoint] Total time for which application threads were stopped: 0.0036997 seconds, Stopping threads took: 0.0003999 seconds
[6.401s][info][safepoint] Application time: 0.2871010 seconds
[6.402s][info][safepoint] Entering safepoint region: GenCollectForAllocation
[6.405s][info][gc       ] GC(14) Pause Young (Allocation Failure) 2718M->1852M(5011M) 2.082ms
[6.405s][info][safepoint] Leaving safepoint region
[6.405s][info][safepoint] Total time for which application threads were stopped: 0.0034578 seconds, Stopping threads took: 0.0004271 seconds
[6.690s][info][safepoint] Application time: 0.2839615 seconds
[6.690s][info][safepoint] Entering safepoint region: GenCollectForAllocation
[6.693s][info][gc       ] GC(15) Pause Young (Allocation Failure) 2718M->1852M(5011M) 2.162ms
[6.693s][info][safepoint] Leaving safepoint region
[6.693s][info][safepoint] Total time for which application threads were stopped: 0.0031609 seconds, Stopping threads took: 0.0002765 seconds
[6.980s][info][safepoint] Application time: 0.2859534 seconds
[6.980s][info][safepoint] Entering safepoint region: GenCollectForAllocation
[6.982s][info][gc       ] GC(16) Pause Young (Allocation Failure) 2718M->1852M(5011M) 1.968ms
[6.983s][info][safepoint] Leaving safepoint region
[6.983s][info][safepoint] Total time for which application threads were stopped: 0.0030438 seconds, Stopping threads took: 0.0002994 seconds
[7.264s][info][safepoint] Application time: 0.2801920 seconds
[7.264s][info][safepoint] Entering safepoint region: GenCollectForAllocation
[7.267s][info][gc       ] GC(17) Pause Young (Allocation Failure) 2718M->1852M(5011M) 2.200ms
[7.267s][info][safepoint] Leaving safepoint region
[7.268s][info][safepoint] Total time for which application threads were stopped: 0.0035074 seconds, Stopping threads took: 0.0003315 seconds
[7.559s][info][safepoint] Application time: 0.2907568 seconds
[7.559s][info][safepoint] Entering safepoint region: GenCollectForAllocation
[7.562s][info][gc       ] GC(18) Pause Young (Allocation Failure) 2718M->1852M(5011M) 2.331ms
[7.563s][info][safepoint] Leaving safepoint region
[7.563s][info][safepoint] Total time for which application threads were stopped: 0.0036929 seconds, Stopping threads took: 0.0004515 seconds
[7.849s][info][safepoint] Application time: 0.2852134 seconds
[7.849s][info][safepoint] Entering safepoint region: GenCollectForAllocation
[7.852s][info][gc       ] GC(19) Pause Young (Allocation Failure) 2718M->1852M(5011M) 2.335ms
[7.852s][info][safepoint] Leaving safepoint region
[7.853s][info][safepoint] Total time for which application threads were stopped: 0.0037293 seconds, Stopping threads took: 0.0003579 seconds
[8.136s][info][safepoint] Application time: 0.2826887 seconds
[8.137s][info][safepoint] Entering safepoint region: GenCollectForAllocation
[8.139s][info][gc       ] GC(20) Pause Young (Allocation Failure) 2718M->1852M(5011M) 2.152ms
[8.140s][info][safepoint] Leaving safepoint region
[8.140s][info][safepoint] Total time for which application threads were stopped: 0.0034665 seconds, Stopping threads took: 0.0003557 seconds
[8.426s][info][safepoint] Application time: 0.2855298 seconds
[8.427s][info][safepoint] Entering safepoint region: GenCollectForAllocation
[8.429s][info][gc       ] GC(21) Pause Young (Allocation Failure) 2718M->1852M(5011M) 2.295ms
[8.430s][info][safepoint] Leaving safepoint region
[8.430s][info][safepoint] Total time for which application threads were stopped: 0.0037854 seconds, Stopping threads took: 0.0004764 seconds
[8.706s][info][safepoint] Application time: 0.2752131 seconds
[8.707s][info][safepoint] Entering safepoint region: GenCollectForAllocation
[8.709s][info][gc       ] GC(22) Pause Young (Allocation Failure) 2718M->1852M(5011M) 2.143ms
[8.710s][info][safepoint] Leaving safepoint region
[8.710s][info][safepoint] Total time for which application threads were stopped: 0.0033962 seconds, Stopping threads took: 0.0004772 seconds
[8.999s][info][safepoint] Application time: 0.2891028 seconds
[9.000s][info][safepoint] Entering safepoint region: GenCollectForAllocation
[9.005s][info][gc       ] GC(23) Pause Young (Allocation Failure) 2718M->1852M(5011M) 4.290ms
[9.005s][info][safepoint] Leaving safepoint region
[9.006s][info][safepoint] Total time for which application threads were stopped: 0.0056427 seconds, Stopping threads took: 0.0003660 seconds
[9.292s][info][safepoint] Application time: 0.2859111 seconds
[9.292s][info][safepoint] Entering safepoint region: GenCollectForAllocation
[9.295s][info][gc       ] GC(24) Pause Young (Allocation Failure) 2718M->1852M(5011M) 2.298ms
[9.296s][info][safepoint] Leaving safepoint region
[9.296s][info][safepoint] Total time for which application threads were stopped: 0.0038326 seconds, Stopping threads took: 0.0003964 seconds
[9.579s][info][safepoint] Application time: 0.2826515 seconds
[9.580s][info][safepoint] Entering safepoint region: GenCollectForAllocation
[9.583s][info][gc       ] GC(25) Pause Young (Allocation Failure) 2718M->1852M(5011M) 2.344ms
[9.583s][info][safepoint] Leaving safepoint region
[9.584s][info][safepoint] Total time for which application threads were stopped: 0.0038435 seconds, Stopping threads took: 0.0004841 seconds
[9.869s][info][safepoint] Application time: 0.2846587 seconds
[9.869s][info][safepoint] Entering safepoint region: GenCollectForAllocation
[9.872s][info][gc       ] GC(26) Pause Young (Allocation Failure) 2718M->1852M(5011M) 2.257ms
[9.872s][info][safepoint] Leaving safepoint region
[9.873s][info][safepoint] Total time for which application threads were stopped: 0.0033622 seconds, Stopping threads took: 0.0002909 seconds
[10.154s][info][safepoint] Application time: 0.2809137 seconds
[10.154s][info][safepoint] Entering safepoint region: GenCollectForAllocation
[10.157s][info][gc       ] GC(27) Pause Young (Allocation Failure) 2718M->1852M(5011M) 2.253ms
[10.158s][info][safepoint] Leaving safepoint region
[10.158s][info][safepoint] Total time for which application threads were stopped: 0.0037755 seconds, Stopping threads took: 0.0005081 seconds
[10.441s][info][safepoint] Application time: 0.2827204 seconds
[10.442s][info][safepoint] Entering safepoint region: GenCollectForAllocation
[10.445s][info][gc       ] GC(28) Pause Young (Allocation Failure) 2718M->1852M(5011M) 2.227ms
[10.445s][info][safepoint] Leaving safepoint region
[10.446s][info][safepoint] Total time for which application threads were stopped: 0.0038123 seconds, Stopping threads took: 0.0004716 seconds
[10.731s][info][safepoint] Application time: 0.2849331 seconds
[10.731s][info][safepoint] Entering safepoint region: GenCollectForAllocation
[10.734s][info][gc       ] GC(29) Pause Young (Allocation Failure) 2718M->1852M(5011M) 2.178ms
[10.735s][info][safepoint] Leaving safepoint region
[10.735s][info][safepoint] Total time for which application threads were stopped: 0.0034530 seconds, Stopping threads took: 0.0004394 seconds
[11.021s][info][safepoint] Application time: 0.2860526 seconds
[11.022s][info][safepoint] Entering safepoint region: GenCollectForAllocation
[11.025s][info][gc       ] GC(30) Pause Young (Allocation Failure) 2718M->1852M(5011M) 2.369ms
[11.025s][info][safepoint] Leaving safepoint region
[11.026s][info][safepoint] Total time for which application threads were stopped: 0.0037729 seconds, Stopping threads took: 0.0004677 seconds
[11.310s][info][safepoint] Application time: 0.2841134 seconds
[11.311s][info][safepoint] Entering safepoint region: GenCollectForAllocation
[11.313s][info][gc       ] GC(31) Pause Young (Allocation Failure) 2718M->1852M(5011M) 2.167ms
[11.314s][info][safepoint] Leaving safepoint region
[11.314s][info][safepoint] Total time for which application threads were stopped: 0.0035343 seconds, Stopping threads took: 0.0003931 seconds
[11.599s][info][safepoint] Application time: 0.2845399 seconds
[11.599s][info][safepoint] Entering safepoint region: GenCollectForAllocation
[11.602s][info][gc       ] GC(32) Pause Young (Allocation Failure) 2718M->1852M(5011M) 2.301ms
[11.603s][info][safepoint] Leaving safepoint region
[11.603s][info][safepoint] Total time for which application threads were stopped: 0.0037260 seconds, Stopping threads took: 0.0004249 seconds
[11.894s][info][safepoint] Application time: 0.2898851 seconds
[11.894s][info][safepoint] Entering safepoint region: GenCollectForAllocation
[11.897s][info][gc       ] GC(33) Pause Young (Allocation Failure) 2718M->1852M(5011M) 2.361ms
[11.897s][info][safepoint] Leaving safepoint region
[11.898s][info][safepoint] Total time for which application threads were stopped: 0.0034698 seconds, Stopping threads took: 0.0004859 seconds
[12.180s][info][safepoint] Application time: 0.2821093 seconds
[12.180s][info][safepoint] Entering safepoint region: GenCollectForAllocation
[12.183s][info][gc       ] GC(34) Pause Young (Allocation Failure) 2718M->1852M(5011M) 2.443ms
[12.184s][info][safepoint] Leaving safepoint region
[12.184s][info][safepoint] Total time for which application threads were stopped: 0.0038815 seconds, Stopping threads took: 0.0003901 seconds
[12.456s][info][safepoint] Application time: 0.2709993 seconds
[12.456s][info][safepoint] Entering safepoint region: GenCollectForAllocation
[12.459s][info][gc       ] GC(35) Pause Young (Allocation Failure) 2718M->1852M(5011M) 2.324ms
[12.459s][info][safepoint] Leaving safepoint region
[12.459s][info][safepoint] Total time for which application threads were stopped: 0.0031724 seconds, Stopping threads took: 0.0002781 seconds
[12.745s][info][safepoint] Application time: 0.2859612 seconds
[12.746s][info][safepoint] Entering safepoint region: GenCollectForAllocation
[12.748s][info][gc       ] GC(36) Pause Young (Allocation Failure) 2718M->1852M(5011M) 2.104ms
[12.749s][info][safepoint] Leaving safepoint region
[12.749s][info][safepoint] Total time for which application threads were stopped: 0.0030417 seconds, Stopping threads took: 0.0003933 seconds
[13.024s][info][safepoint] Application time: 0.2745140 seconds
[13.024s][info][safepoint] Entering safepoint region: GenCollectForAllocation
[13.027s][info][gc       ] GC(37) Pause Young (Allocation Failure) 2718M->1852M(5011M) 2.508ms
[13.028s][info][safepoint] Leaving safepoint region
[13.028s][info][safepoint] Total time for which application threads were stopped: 0.0037939 seconds, Stopping threads took: 0.0004915 seconds
[13.306s][info][safepoint] Application time: 0.2778450 seconds
[13.306s][info][safepoint] Entering safepoint region: GenCollectForAllocation
[13.309s][info][gc       ] GC(38) Pause Young (Allocation Failure) 2718M->1852M(5011M) 2.361ms
[13.310s][info][safepoint] Leaving safepoint region
[13.310s][info][safepoint] Total time for which application threads were stopped: 0.0036394 seconds, Stopping threads took: 0.0003205 seconds
[13.450s][info][safepoint] Application time: 0.1389634 seconds
[13.450s][info][safepoint] Entering safepoint region: GenCollectForAllocation
[14.008s][info][gc       ] GC(39) Pause Young (Allocation Failure) 2718M->2554M(5011M) 558.130ms
[14.009s][info][safepoint] Leaving safepoint region
[14.009s][info][safepoint] Total time for which application threads were stopped: 0.5590129 seconds, Stopping threads took: 0.0003529 seconds
[14.009s][info][safepoint] Application time: 0.0001533 seconds
[14.010s][info][safepoint] Entering safepoint region: CMS_Initial_Mark
[14.042s][info][gc       ] GC(40) Pause Initial Mark 2577M->2577M(5011M) 32.029ms
[14.043s][info][safepoint] Leaving safepoint region
[14.043s][info][safepoint] Total time for which application threads were stopped: 0.0334582 seconds, Stopping threads took: 0.0006388 seconds
[14.043s][info][gc       ] GC(40) Concurrent Mark
[14.163s][info][safepoint] Application time: 0.1199519 seconds
[14.163s][info][safepoint] Entering safepoint region: GenCollectForAllocation
[14.939s][info][gc       ] GC(41) Pause Young (Allocation Failure) 3419M->3421M(5011M) 774.916ms
[14.939s][info][safepoint] Leaving safepoint region
[14.939s][info][safepoint] Total time for which application threads were stopped: 0.7755192 seconds, Stopping threads took: 0.0002369 seconds
[15.158s][info][gc       ] GC(40) Concurrent Mark 1114.871ms
[15.159s][info][gc       ] GC(40) Concurrent Preclean
[15.330s][info][safepoint] Application time: 0.3910621 seconds
[15.331s][info][safepoint] Entering safepoint region: GenCollectForAllocation
[15.672s][info][gc       ] GC(40) Concurrent Preclean 513.763ms
[17.720s][info][gc       ] GC(43) Pause Full (Allocation Failure) 4286M->1734M(5011M) 2389.262ms
[17.721s][info][gc       ] GC(42) Pause Young (Allocation Failure) 4286M->1734M(5011M) 2389.820ms
[17.721s][info][safepoint] Leaving safepoint region
[17.722s][info][safepoint] Total time for which application threads were stopped: 2.3910821 seconds, Stopping threads took: 0.0003288 seconds
[17.995s][info][safepoint] Application time: 0.2726441 seconds
[17.995s][info][safepoint] Entering safepoint region: GenCollectForAllocation
[17.998s][info][gc       ] GC(44) Pause Young (Allocation Failure) 2599M->1761M(5011M) 2.357ms
[17.999s][info][safepoint] Leaving safepoint region
[17.999s][info][safepoint] Total time for which application threads were stopped: 0.0037634 seconds, Stopping threads took: 0.0003593 seconds
[18.277s][info][safepoint] Application time: 0.2778974 seconds
[18.278s][info][safepoint] Entering safepoint region: GenCollectForAllocation
[18.281s][info][gc       ] GC(45) Pause Young (Allocation Failure) 2627M->1738M(5011M) 2.499ms
[18.281s][info][safepoint] Leaving safepoint region
[18.282s][info][safepoint] Total time for which application threads were stopped: 0.0039095 seconds, Stopping threads took: 0.0004737 seconds
[18.562s][info][safepoint] Application time: 0.2800732 seconds
[18.563s][info][safepoint] Entering safepoint region: GenCollectForAllocation
[18.565s][info][gc       ] GC(46) Pause Young (Allocation Failure) 2603M->1735M(5011M) 2.240ms
[18.566s][info][safepoint] Leaving safepoint region
[18.566s][info][safepoint] Total time for which application threads were stopped: 0.0033452 seconds, Stopping threads took: 0.0003107 seconds
[18.853s][info][safepoint] Application time: 0.2865797 seconds
[18.853s][info][safepoint] Entering safepoint region: GenCollectForAllocation
[18.856s][info][gc       ] GC(47) Pause Young (Allocation Failure) 2600M->1734M(5011M) 2.006ms
[18.856s][info][safepoint] Leaving safepoint region
[18.856s][info][safepoint] Total time for which application threads were stopped: 0.0029904 seconds, Stopping threads took: 0.0002737 seconds
[19.128s][info][safepoint] Application time: 0.2718606 seconds
[19.129s][info][safepoint] Entering safepoint region: GenCollectForAllocation
[19.132s][info][gc       ] GC(48) Pause Young (Allocation Failure) 2599M->1734M(5011M) 2.443ms
[19.132s][info][safepoint] Leaving safepoint region
[19.133s][info][safepoint] Total time for which application threads were stopped: 0.0039780 seconds, Stopping threads took: 0.0004358 seconds
[19.409s][info][safepoint] Application time: 0.2760167 seconds
[19.410s][info][safepoint] Entering safepoint region: GenCollectForAllocation
[19.412s][info][gc       ] GC(49) Pause Young (Allocation Failure) 2599M->1734M(5011M) 2.029ms
[19.412s][info][safepoint] Leaving safepoint region
[19.413s][info][safepoint] Total time for which application threads were stopped: 0.0031111 seconds, Stopping threads took: 0.0003262 seconds
[19.702s][info][safepoint] Application time: 0.2884433 seconds
[19.702s][info][safepoint] Entering safepoint region: GenCollectForAllocation
[19.705s][info][gc       ] GC(50) Pause Young (Allocation Failure) 2599M->1734M(5011M) 2.337ms
[19.705s][info][safepoint] Leaving safepoint region
[19.706s][info][safepoint] Total time for which application threads were stopped: 0.0036926 seconds, Stopping threads took: 0.0004825 seconds
[19.986s][info][safepoint] Application time: 0.2801971 seconds
[19.987s][info][safepoint] Entering safepoint region: GenCollectForAllocation
[19.990s][info][gc       ] GC(51) Pause Young (Allocation Failure) 2599M->1734M(5011M) 2.290ms
[19.990s][info][safepoint] Leaving safepoint region
[19.991s][info][safepoint] Total time for which application threads were stopped: 0.0035958 seconds, Stopping threads took: 0.0003965 seconds
[20.266s][info][safepoint] Application time: 0.2752953 seconds
[20.267s][info][safepoint] Entering safepoint region: GenCollectForAllocation
[20.269s][info][gc       ] GC(52) Pause Young (Allocation Failure) 2599M->1734M(5011M) 1.899ms
[20.270s][info][safepoint] Leaving safepoint region
[20.270s][info][safepoint] Total time for which application threads were stopped: 0.0030966 seconds, Stopping threads took: 0.0004824 seconds
[20.542s][info][safepoint] Application time: 0.2713353 seconds
[20.542s][info][safepoint] Entering safepoint region: GenCollectForAllocation
[20.545s][info][gc       ] GC(53) Pause Young (Allocation Failure) 2599M->1734M(5011M) 2.239ms
[20.545s][info][safepoint] Leaving safepoint region
[20.546s][info][safepoint] Total time for which application threads were stopped: 0.0035427 seconds, Stopping threads took: 0.0003996 seconds
[20.823s][info][safepoint] Application time: 0.2775439 seconds
[20.824s][info][safepoint] Entering safepoint region: GenCollectForAllocation
[20.827s][info][gc       ] GC(54) Pause Young (Allocation Failure) 2599M->1734M(5011M) 2.309ms
[20.827s][info][safepoint] Leaving safepoint region
[20.828s][info][safepoint] Total time for which application threads were stopped: 0.0038776 seconds, Stopping threads took: 0.0004689 seconds
[21.102s][info][safepoint] Application time: 0.2734038 seconds
[21.102s][info][safepoint] Entering safepoint region: GenCollectForAllocation
[21.105s][info][gc       ] GC(55) Pause Young (Allocation Failure) 2599M->1734M(5011M) 2.219ms
[21.105s][info][safepoint] Leaving safepoint region
[21.106s][info][safepoint] Total time for which application threads were stopped: 0.0035459 seconds, Stopping threads took: 0.0003918 seconds
[21.381s][info][safepoint] Application time: 0.2746940 seconds
[21.381s][info][safepoint] Entering safepoint region: GenCollectForAllocation
[21.384s][info][gc       ] GC(56) Pause Young (Allocation Failure) 2599M->1734M(5011M) 2.033ms
[21.384s][info][safepoint] Leaving safepoint region
[21.385s][info][safepoint] Total time for which application threads were stopped: 0.0031349 seconds, Stopping threads took: 0.0003462 seconds
[21.658s][info][safepoint] Application time: 0.2734089 seconds
[21.659s][info][safepoint] Entering safepoint region: GenCollectForAllocation
[21.661s][info][gc       ] GC(57) Pause Young (Allocation Failure) 2599M->1734M(5011M) 2.203ms
[21.662s][info][safepoint] Leaving safepoint region
[21.662s][info][safepoint] Total time for which application threads were stopped: 0.0034616 seconds, Stopping threads took: 0.0004458 seconds
[21.930s][info][safepoint] Application time: 0.2677133 seconds
[21.931s][info][safepoint] Entering safepoint region: GenCollectForAllocation
[21.933s][info][gc       ] GC(58) Pause Young (Allocation Failure) 2599M->1734M(5011M) 2.112ms
[21.934s][info][safepoint] Leaving safepoint region
[21.934s][info][safepoint] Total time for which application threads were stopped: 0.0036619 seconds, Stopping threads took: 0.0004480 seconds
[22.213s][info][safepoint] Application time: 0.2778464 seconds
[22.213s][info][safepoint] Entering safepoint region: GenCollectForAllocation
[22.216s][info][gc       ] GC(59) Pause Young (Allocation Failure) 2599M->1734M(5011M) 2.234ms
[22.216s][info][safepoint] Leaving safepoint region
[22.217s][info][safepoint] Total time for which application threads were stopped: 0.0033745 seconds, Stopping threads took: 0.0003539 seconds
[22.497s][info][safepoint] Application time: 0.2804075 seconds
[22.498s][info][safepoint] Entering safepoint region: GenCollectForAllocation
[22.500s][info][gc       ] GC(60) Pause Young (Allocation Failure) 2599M->1734M(5011M) 2.244ms
[22.501s][info][safepoint] Leaving safepoint region
[22.501s][info][safepoint] Total time for which application threads were stopped: 0.0035445 seconds, Stopping threads took: 0.0003403 seconds
[22.780s][info][safepoint] Application time: 0.2782013 seconds
[22.780s][info][safepoint] Entering safepoint region: GenCollectForAllocation
[22.783s][info][gc       ] GC(61) Pause Young (Allocation Failure) 2599M->1734M(5011M) 2.272ms
[22.784s][info][safepoint] Leaving safepoint region
[22.784s][info][safepoint] Total time for which application threads were stopped: 0.0036602 seconds, Stopping threads took: 0.0004006 seconds
[23.067s][info][safepoint] Application time: 0.2830615 seconds
[23.068s][info][safepoint] Entering safepoint region: GenCollectForAllocation
[23.070s][info][gc       ] GC(62) Pause Young (Allocation Failure) 2599M->1734M(5011M) 1.932ms
[23.071s][info][safepoint] Leaving safepoint region
[23.071s][info][safepoint] Total time for which application threads were stopped: 0.0030600 seconds, Stopping threads took: 0.0002501 seconds
[23.351s][info][safepoint] Application time: 0.2801289 seconds
[23.352s][info][safepoint] Entering safepoint region: GenCollectForAllocation
[23.354s][info][gc       ] GC(63) Pause Young (Allocation Failure) 2599M->1734M(5011M) 2.097ms
[23.355s][info][safepoint] Leaving safepoint region
[23.355s][info][safepoint] Total time for which application threads were stopped: 0.0032778 seconds, Stopping threads took: 0.0003099 seconds
[23.635s][info][safepoint] Application time: 0.2791611 seconds
[23.635s][info][safepoint] Entering safepoint region: GenCollectForAllocation
[23.637s][info][gc       ] GC(64) Pause Young (Allocation Failure) 2599M->1734M(5011M) 1.936ms
[23.638s][info][safepoint] Leaving safepoint region
[23.638s][info][safepoint] Total time for which application threads were stopped: 0.0029856 seconds, Stopping threads took: 0.0003108 seconds
[23.915s][info][safepoint] Application time: 0.2762814 seconds
[23.915s][info][safepoint] Entering safepoint region: GenCollectForAllocation
[23.918s][info][gc       ] GC(65) Pause Young (Allocation Failure) 2599M->1734M(5011M) 2.281ms
[23.919s][info][safepoint] Leaving safepoint region
[23.919s][info][safepoint] Total time for which application threads were stopped: 0.0035575 seconds, Stopping threads took: 0.0004237 seconds
[24.191s][info][safepoint] Application time: 0.2722377 seconds
[24.192s][info][safepoint] Entering safepoint region: GenCollectForAllocation
[24.194s][info][gc       ] GC(66) Pause Young (Allocation Failure) 2599M->1734M(5011M) 1.898ms
[24.194s][info][safepoint] Leaving safepoint region
[24.195s][info][safepoint] Total time for which application threads were stopped: 0.0028566 seconds, Stopping threads took: 0.0002883 seconds
[24.469s][info][safepoint] Application time: 0.2741731 seconds
[24.470s][info][safepoint] Entering safepoint region: GenCollectForAllocation
[24.472s][info][gc       ] GC(67) Pause Young (Allocation Failure) 2599M->1734M(5011M) 2.368ms
[24.473s][info][safepoint] Leaving safepoint region
[24.473s][info][safepoint] Total time for which application threads were stopped: 0.0032006 seconds, Stopping threads took: 0.0002696 seconds
[24.748s][info][safepoint] Application time: 0.2750845 seconds
[24.749s][info][safepoint] Entering safepoint region: GenCollectForAllocation
[24.751s][info][gc       ] GC(68) Pause Young (Allocation Failure) 2599M->1734M(5011M) 2.311ms
[24.752s][info][safepoint] Leaving safepoint region
[24.752s][info][safepoint] Total time for which application threads were stopped: 0.0037288 seconds, Stopping threads took: 0.0003403 seconds
[25.025s][info][safepoint] Application time: 0.2726715 seconds
[25.026s][info][safepoint] Entering safepoint region: GenCollectForAllocation
[25.029s][info][gc       ] GC(69) Pause Young (Allocation Failure) 2599M->1734M(5011M) 2.462ms
[25.029s][info][safepoint] Leaving safepoint region
[25.030s][info][safepoint] Total time for which application threads were stopped: 0.0039192 seconds, Stopping threads took: 0.0003974 seconds
[25.307s][info][safepoint] Application time: 0.2765905 seconds
[25.307s][info][safepoint] Entering safepoint region: GenCollectForAllocation
[25.310s][info][gc       ] GC(70) Pause Young (Allocation Failure) 2599M->1734M(5011M) 2.052ms
[25.310s][info][safepoint] Leaving safepoint region
[25.310s][info][safepoint] Total time for which application threads were stopped: 0.0032090 seconds, Stopping threads took: 0.0003012 seconds
[25.585s][info][safepoint] Application time: 0.2744572 seconds
[25.586s][info][safepoint] Entering safepoint region: GenCollectForAllocation
[25.588s][info][gc       ] GC(71) Pause Young (Allocation Failure) 2599M->1734M(5011M) 2.340ms
[25.589s][info][safepoint] Leaving safepoint region
[25.589s][info][safepoint] Total time for which application threads were stopped: 0.0034962 seconds, Stopping threads took: 0.0002985 seconds
[25.861s][info][safepoint] Application time: 0.2713861 seconds
[25.861s][info][safepoint] Entering safepoint region: GenCollectForAllocation
[25.864s][info][gc       ] GC(72) Pause Young (Allocation Failure) 2599M->1734M(5011M) 2.083ms
[25.865s][info][safepoint] Leaving safepoint region
[25.865s][info][safepoint] Total time for which application threads were stopped: 0.0035085 seconds, Stopping threads took: 0.0004718 seconds
[26.139s][info][safepoint] Application time: 0.2737076 seconds
[26.139s][info][safepoint] Entering safepoint region: GenCollectForAllocation
[26.142s][info][gc       ] GC(73) Pause Young (Allocation Failure) 2599M->1734M(5011M) 2.347ms
[26.143s][info][safepoint] Leaving safepoint region
[26.143s][info][safepoint] Total time for which application threads were stopped: 0.0036476 seconds, Stopping threads took: 0.0004546 seconds
[26.413s][info][safepoint] Application time: 0.2689939 seconds
[26.413s][info][safepoint] Entering safepoint region: GenCollectForAllocation
[26.416s][info][gc       ] GC(74) Pause Young (Allocation Failure) 2599M->1734M(5011M) 2.225ms
[26.416s][info][safepoint] Leaving safepoint region
[26.417s][info][safepoint] Total time for which application threads were stopped: 0.0036255 seconds, Stopping threads took: 0.0003506 seconds
[26.694s][info][safepoint] Application time: 0.2772097 seconds
[26.695s][info][safepoint] Entering safepoint region: GenCollectForAllocation
[26.698s][info][gc       ] GC(75) Pause Young (Allocation Failure) 2599M->1734M(5011M) 2.331ms
[26.698s][info][safepoint] Leaving safepoint region
[26.698s][info][safepoint] Total time for which application threads were stopped: 0.0035065 seconds, Stopping threads took: 0.0004208 seconds
[26.967s][info][safepoint] Application time: 0.2680772 seconds
[26.967s][info][safepoint] Entering safepoint region: GenCollectForAllocation
[26.969s][info][gc       ] GC(76) Pause Young (Allocation Failure) 2599M->1734M(5011M) 1.849ms
[26.970s][info][safepoint] Leaving safepoint region
[26.970s][info][safepoint] Total time for which application threads were stopped: 0.0029455 seconds, Stopping threads took: 0.0002825 seconds
[27.238s][info][safepoint] Application time: 0.2675568 seconds
[27.238s][info][safepoint] Entering safepoint region: GenCollectForAllocation
[27.241s][info][gc       ] GC(77) Pause Young (Allocation Failure) 2599M->1734M(5011M) 2.363ms
[27.242s][info][safepoint] Leaving safepoint region
[27.242s][info][safepoint] Total time for which application threads were stopped: 0.0034202 seconds, Stopping threads took: 0.0003523 seconds
[27.508s][info][safepoint] Application time: 0.2662966 seconds
[27.509s][info][safepoint] Entering safepoint region: GenCollectForAllocation
[27.511s][info][gc       ] GC(78) Pause Young (Allocation Failure) 2599M->1734M(5011M) 1.929ms
[27.512s][info][safepoint] Leaving safepoint region
[27.512s][info][safepoint] Total time for which application threads were stopped: 0.0033780 seconds, Stopping threads took: 0.0004328 seconds
[27.630s][info][safepoint] Application time: 0.1172198 seconds
[27.630s][info][safepoint] Entering safepoint region: GenCollectForAllocation
[28.072s][info][gc       ] GC(79) Pause Young (Allocation Failure) 2599M->2565M(5011M) 440.868ms
[28.072s][info][safepoint] Leaving safepoint region
[28.072s][info][safepoint] Total time for which application threads were stopped: 0.4416991 seconds, Stopping threads took: 0.0004214 seconds
[28.072s][info][safepoint] Application time: 0.0000820 seconds
[28.076s][info][safepoint] Entering safepoint region: CMS_Initial_Mark
[28.114s][info][gc       ] GC(80) Pause Initial Mark 2600M->2600M(5011M) 37.850ms
[28.115s][info][safepoint] Leaving safepoint region
[28.115s][info][safepoint] Total time for which application threads were stopped: 0.0426416 seconds, Stopping threads took: 0.0041631 seconds
[28.115s][info][gc       ] GC(80) Concurrent Mark
[28.225s][info][safepoint] Application time: 0.1094942 seconds
[28.225s][info][safepoint] Entering safepoint region: GenCollectForAllocation
[28.846s][info][gc       ] GC(81) Pause Young (Allocation Failure) 3397M->3474M(5011M) 620.270ms
[28.846s][info][safepoint] Leaving safepoint region
[28.846s][info][safepoint] Total time for which application threads were stopped: 0.6209715 seconds, Stopping threads took: 0.0002860 seconds
[29.042s][info][gc       ] GC(80) Concurrent Mark 927.016ms
[29.043s][info][gc       ] GC(80) Concurrent Preclean
[29.171s][info][safepoint] Application time: 0.3248465 seconds
[29.171s][info][safepoint] Entering safepoint region: GenCollectForAllocation
[29.501s][info][gc       ] GC(80) Concurrent Preclean 458.228ms
[31.410s][info][gc       ] GC(83) Pause Full (Allocation Failure) 4340M->1734M(5011M) 2238.662ms
[31.411s][info][gc       ] GC(82) Pause Young (Allocation Failure) 4340M->1734M(5011M) 2239.274ms
[31.411s][info][safepoint] Leaving safepoint region
[31.412s][info][safepoint] Total time for which application threads were stopped: 2.2404627 seconds, Stopping threads took: 0.0002121 seconds
[31.691s][info][safepoint] Application time: 0.2786329 seconds
[31.691s][info][safepoint] Entering safepoint region: GenCollectForAllocation
[31.694s][info][gc       ] GC(84) Pause Young (Allocation Failure) 2599M->1744M(5011M) 2.019ms
[31.694s][info][safepoint] Leaving safepoint region
[31.695s][info][safepoint] Total time for which application threads were stopped: 0.0034376 seconds, Stopping threads took: 0.0003457 seconds
[31.969s][info][safepoint] Application time: 0.2741338 seconds
[31.970s][info][safepoint] Entering safepoint region: GenCollectForAllocation
[31.973s][info][gc       ] GC(85) Pause Young (Allocation Failure) 2609M->1738M(5011M) 2.359ms
[31.973s][info][safepoint] Leaving safepoint region
[31.973s][info][safepoint] Total time for which application threads were stopped: 0.0036449 seconds, Stopping threads took: 0.0003787 seconds
[32.249s][info][safepoint] Application time: 0.2749763 seconds
[32.249s][info][safepoint] Entering safepoint region: GenCollectForAllocation
[32.252s][info][gc       ] GC(86) Pause Young (Allocation Failure) 2603M->1735M(5011M) 2.797ms
[32.253s][info][safepoint] Leaving safepoint region
[32.253s][info][safepoint] Total time for which application threads were stopped: 0.0041815 seconds, Stopping threads took: 0.0004554 seconds
[32.529s][info][safepoint] Application time: 0.2753886 seconds
[32.530s][info][safepoint] Entering safepoint region: GenCollectForAllocation
[32.532s][info][gc       ] GC(87) Pause Young (Allocation Failure) 2600M->1734M(5011M) 2.014ms
[32.533s][info][safepoint] Leaving safepoint region
[32.533s][info][safepoint] Total time for which application threads were stopped: 0.0033054 seconds, Stopping threads took: 0.0004987 seconds
[32.804s][info][safepoint] Application time: 0.2708366 seconds
[32.804s][info][safepoint] Entering safepoint region: GenCollectForAllocation
[32.807s][info][gc       ] GC(88) Pause Young (Allocation Failure) 2599M->1734M(5011M) 2.064ms
[32.807s][info][safepoint] Leaving safepoint region
[32.807s][info][safepoint] Total time for which application threads were stopped: 0.0030736 seconds, Stopping threads took: 0.0003599 seconds
[33.084s][info][safepoint] Application time: 0.2766491 seconds
[33.085s][info][safepoint] Entering safepoint region: GenCollectForAllocation
[33.088s][info][gc       ] GC(89) Pause Young (Allocation Failure) 2599M->1734M(5011M) 2.368ms
[33.088s][info][safepoint] Leaving safepoint region
[33.088s][info][safepoint] Total time for which application threads were stopped: 0.0034444 seconds, Stopping threads took: 0.0003127 seconds
[33.401s][info][safepoint] Application time: 0.3123924 seconds
[33.401s][info][safepoint] Entering safepoint region: GenCollectForAllocation
[33.403s][info][gc       ] GC(90) Pause Young (Allocation Failure) 2599M->1734M(5011M) 2.084ms
[33.404s][info][safepoint] Leaving safepoint region
[33.404s][info][safepoint] Total time for which application threads were stopped: 0.0028359 seconds, Stopping threads took: 0.0001454 seconds
[33.695s][info][safepoint] Application time: 0.2907116 seconds
[33.695s][info][safepoint] Entering safepoint region: GenCollectForAllocation
[33.698s][info][gc       ] GC(91) Pause Young (Allocation Failure) 2599M->1734M(5011M) 2.352ms
[33.699s][info][safepoint] Leaving safepoint region
[33.699s][info][safepoint] Total time for which application threads were stopped: 0.0037274 seconds, Stopping threads took: 0.0004856 seconds
[33.967s][info][safepoint] Application time: 0.2671843 seconds
[33.967s][info][safepoint] Entering safepoint region: GenCollectForAllocation
[33.970s][info][gc       ] GC(92) Pause Young (Allocation Failure) 2599M->1734M(5011M) 2.248ms
[33.970s][info][safepoint] Leaving safepoint region
[33.971s][info][safepoint] Total time for which application threads were stopped: 0.0035942 seconds, Stopping threads took: 0.0004096 seconds
[34.246s][info][safepoint] Application time: 0.2747540 seconds
[34.246s][info][safepoint] Entering safepoint region: GenCollectForAllocation
[34.249s][info][gc       ] GC(93) Pause Young (Allocation Failure) 2599M->1734M(5011M) 2.285ms
[34.250s][info][safepoint] Leaving safepoint region
[34.250s][info][safepoint] Total time for which application threads were stopped: 0.0035380 seconds, Stopping threads took: 0.0004158 seconds
[34.530s][info][safepoint] Application time: 0.2794152 seconds
[34.530s][info][safepoint] Entering safepoint region: GenCollectForAllocation
[34.533s][info][gc       ] GC(94) Pause Young (Allocation Failure) 2599M->1734M(5011M) 1.985ms
[34.533s][info][safepoint] Leaving safepoint region
[34.533s][info][safepoint] Total time for which application threads were stopped: 0.0032732 seconds, Stopping threads took: 0.0004305 seconds
[34.806s][info][safepoint] Application time: 0.2721454 seconds
[34.806s][info][safepoint] Entering safepoint region: GenCollectForAllocation
[34.809s][info][gc       ] GC(95) Pause Young (Allocation Failure) 2599M->1734M(5011M) 2.295ms
[34.810s][info][safepoint] Leaving safepoint region
[34.810s][info][safepoint] Total time for which application threads were stopped: 0.0037746 seconds, Stopping threads took: 0.0004771 seconds
[35.089s][info][safepoint] Application time: 0.2785685 seconds
[35.090s][info][safepoint] Entering safepoint region: GenCollectForAllocation
[35.092s][info][gc       ] GC(96) Pause Young (Allocation Failure) 2599M->1734M(5011M) 2.250ms
[35.093s][info][safepoint] Leaving safepoint region
[35.093s][info][safepoint] Total time for which application threads were stopped: 0.0033690 seconds, Stopping threads took: 0.0003312 seconds
[35.368s][info][safepoint] Application time: 0.2749586 seconds
[35.369s][info][safepoint] Entering safepoint region: GenCollectForAllocation
[35.372s][info][gc       ] GC(97) Pause Young (Allocation Failure) 2599M->1734M(5011M) 2.368ms
[35.372s][info][safepoint] Leaving safepoint region
[35.372s][info][safepoint] Total time for which application threads were stopped: 0.0035129 seconds, Stopping threads took: 0.0003739 seconds
[35.648s][info][safepoint] Application time: 0.2751036 seconds
[35.648s][info][safepoint] Entering safepoint region: GenCollectForAllocation
[35.651s][info][gc       ] GC(98) Pause Young (Allocation Failure) 2599M->1734M(5011M) 2.386ms
[35.652s][info][safepoint] Leaving safepoint region
[35.652s][info][safepoint] Total time for which application threads were stopped: 0.0038083 seconds, Stopping threads took: 0.0004671 seconds
[35.927s][info][safepoint] Application time: 0.2744399 seconds
[35.927s][info][safepoint] Entering safepoint region: GenCollectForAllocation
[35.930s][info][gc       ] GC(99) Pause Young (Allocation Failure) 2599M->1734M(5011M) 2.082ms
[35.930s][info][safepoint] Leaving safepoint region
[35.930s][info][safepoint] Total time for which application threads were stopped: 0.0032503 seconds, Stopping threads took: 0.0003361 seconds
[36.209s][info][safepoint] Application time: 0.2778025 seconds
[36.209s][info][safepoint] Entering safepoint region: GenCollectForAllocation
[36.212s][info][gc       ] GC(100) Pause Young (Allocation Failure) 2599M->1734M(5011M) 2.050ms
[36.212s][info][safepoint] Leaving safepoint region
[36.212s][info][safepoint] Total time for which application threads were stopped: 0.0031397 seconds, Stopping threads took: 0.0003774 seconds
[36.488s][info][safepoint] Application time: 0.2758433 seconds
[36.489s][info][safepoint] Entering safepoint region: GenCollectForAllocation
[36.492s][info][gc       ] GC(101) Pause Young (Allocation Failure) 2599M->1734M(5011M) 2.330ms
[36.492s][info][safepoint] Leaving safepoint region
[36.492s][info][safepoint] Total time for which application threads were stopped: 0.0034999 seconds, Stopping threads took: 0.0003877 seconds
[36.771s][info][safepoint] Application time: 0.2785909 seconds
[36.772s][info][safepoint] Entering safepoint region: GenCollectForAllocation
[36.775s][info][gc       ] GC(102) Pause Young (Allocation Failure) 2599M->1734M(5011M) 2.495ms
[36.775s][info][safepoint] Leaving safepoint region
[36.776s][info][safepoint] Total time for which application threads were stopped: 0.0039176 seconds, Stopping threads took: 0.0003949 seconds
[37.047s][info][safepoint] Application time: 0.2711733 seconds
[37.048s][info][safepoint] Entering safepoint region: GenCollectForAllocation
[37.051s][info][gc       ] GC(103) Pause Young (Allocation Failure) 2599M->1734M(5011M) 2.833ms
[37.051s][info][safepoint] Leaving safepoint region
[37.052s][info][safepoint] Total time for which application threads were stopped: 0.0041824 seconds, Stopping threads took: 0.0003861 seconds
[37.328s][info][safepoint] Application time: 0.2756450 seconds
[37.328s][info][safepoint] Entering safepoint region: GenCollectForAllocation
[37.330s][info][gc       ] GC(104) Pause Young (Allocation Failure) 2599M->1734M(5011M) 1.965ms
[37.331s][info][safepoint] Leaving safepoint region
[37.331s][info][safepoint] Total time for which application threads were stopped: 0.0028489 seconds, Stopping threads took: 0.0002726 seconds
[37.607s][info][safepoint] Application time: 0.2757924 seconds
[37.608s][info][safepoint] Entering safepoint region: GenCollectForAllocation
[37.610s][info][gc       ] GC(105) Pause Young (Allocation Failure) 2599M->1734M(5011M) 2.347ms
[37.611s][info][safepoint] Leaving safepoint region
[37.611s][info][safepoint] Total time for which application threads were stopped: 0.0035877 seconds, Stopping threads took: 0.0004282 seconds
[37.883s][info][safepoint] Application time: 0.2716345 seconds
[37.884s][info][safepoint] Entering safepoint region: GenCollectForAllocation
[37.886s][info][gc       ] GC(106) Pause Young (Allocation Failure) 2599M->1734M(5011M) 2.328ms
[37.887s][info][safepoint] Leaving safepoint region
[37.887s][info][safepoint] Total time for which application threads were stopped: 0.0037431 seconds, Stopping threads took: 0.0003953 seconds
[38.159s][info][safepoint] Application time: 0.2712793 seconds
[38.160s][info][safepoint] Entering safepoint region: GenCollectForAllocation
[38.163s][info][gc       ] GC(107) Pause Young (Allocation Failure) 2599M->1734M(5011M) 2.425ms
[38.163s][info][safepoint] Leaving safepoint region
[38.163s][info][safepoint] Total time for which application threads were stopped: 0.0038020 seconds, Stopping threads took: 0.0005033 seconds
[38.435s][info][safepoint] Application time: 0.2716515 seconds
[38.436s][info][safepoint] Entering safepoint region: GenCollectForAllocation
[38.439s][info][gc       ] GC(108) Pause Young (Allocation Failure) 2599M->1734M(5011M) 2.234ms
[38.439s][info][safepoint] Leaving safepoint region
[38.440s][info][safepoint] Total time for which application threads were stopped: 0.0035225 seconds, Stopping threads took: 0.0004214 seconds
[38.714s][info][safepoint] Application time: 0.2739831 seconds
[38.714s][info][safepoint] Entering safepoint region: GenCollectForAllocation
[38.717s][info][gc       ] GC(109) Pause Young (Allocation Failure) 2599M->1734M(5011M) 2.327ms
[38.718s][info][safepoint] Leaving safepoint region
[38.718s][info][safepoint] Total time for which application threads were stopped: 0.0037634 seconds, Stopping threads took: 0.0003794 seconds
[38.995s][info][safepoint] Application time: 0.2761662 seconds
[38.995s][info][safepoint] Entering safepoint region: GenCollectForAllocation
[38.998s][info][gc       ] GC(110) Pause Young (Allocation Failure) 2599M->1734M(5011M) 2.176ms
[38.998s][info][safepoint] Leaving safepoint region
[38.999s][info][safepoint] Total time for which application threads were stopped: 0.0035349 seconds, Stopping threads took: 0.0003621 seconds
[39.278s][info][safepoint] Application time: 0.2792554 seconds
[39.279s][info][safepoint] Entering safepoint region: GenCollectForAllocation
[39.281s][info][gc       ] GC(111) Pause Young (Allocation Failure) 2599M->1734M(5011M) 1.965ms
[39.281s][info][safepoint] Leaving safepoint region
[39.282s][info][safepoint] Total time for which application threads were stopped: 0.0031146 seconds, Stopping threads took: 0.0004395 seconds
[39.555s][info][safepoint] Application time: 0.2726184 seconds
[39.555s][info][safepoint] Entering safepoint region: GenCollectForAllocation
[39.558s][info][gc       ] GC(112) Pause Young (Allocation Failure) 2599M->1734M(5011M) 2.333ms
[39.558s][info][safepoint] Leaving safepoint region
[39.559s][info][safepoint] Total time for which application threads were stopped: 0.0036438 seconds, Stopping threads took: 0.0003871 seconds
[39.832s][info][safepoint] Application time: 0.2725129 seconds
[39.832s][info][safepoint] Entering safepoint region: GenCollectForAllocation
[39.835s][info][gc       ] GC(113) Pause Young (Allocation Failure) 2599M->1734M(5011M) 2.200ms
[39.835s][info][safepoint] Leaving safepoint region
[39.836s][info][safepoint] Total time for which application threads were stopped: 0.0034711 seconds, Stopping threads took: 0.0004353 seconds
[40.116s][info][safepoint] Application time: 0.2794827 seconds
[40.116s][info][safepoint] Entering safepoint region: GenCollectForAllocation
[40.119s][info][gc       ] GC(114) Pause Young (Allocation Failure) 2599M->1734M(5011M) 2.262ms
[40.119s][info][safepoint] Leaving safepoint region
[40.120s][info][safepoint] Total time for which application threads were stopped: 0.0035269 seconds, Stopping threads took: 0.0004049 seconds
[40.391s][info][safepoint] Application time: 0.2715332 seconds
[40.392s][info][safepoint] Entering safepoint region: GenCollectForAllocation
[40.395s][info][gc       ] GC(115) Pause Young (Allocation Failure) 2599M->1734M(5011M) 2.208ms
[40.395s][info][safepoint] Leaving safepoint region
[40.396s][info][safepoint] Total time for which application threads were stopped: 0.0037784 seconds, Stopping threads took: 0.0004728 seconds
[40.669s][info][safepoint] Application time: 0.2729957 seconds
[40.670s][info][safepoint] Entering safepoint region: GenCollectForAllocation
[40.673s][info][gc       ] GC(116) Pause Young (Allocation Failure) 2599M->1734M(5011M) 2.288ms
[40.673s][info][safepoint] Leaving safepoint region
[40.674s][info][safepoint] Total time for which application threads were stopped: 0.0038527 seconds, Stopping threads took: 0.0004366 seconds
[40.937s][info][safepoint] Application time: 0.2623504 seconds
[40.937s][info][safepoint] Entering safepoint region: GenCollectForAllocation
[40.940s][info][gc       ] GC(117) Pause Young (Allocation Failure) 2599M->1734M(5011M) 2.140ms
[40.940s][info][safepoint] Leaving safepoint region
[40.941s][info][safepoint] Total time for which application threads were stopped: 0.0035957 seconds, Stopping threads took: 0.0004392 seconds
[41.207s][info][safepoint] Application time: 0.2660424 seconds
[41.208s][info][safepoint] Entering safepoint region: GenCollectForAllocation
[41.210s][info][gc       ] GC(118) Pause Young (Allocation Failure) 2599M->1734M(5011M) 2.292ms
[41.211s][info][safepoint] Leaving safepoint region
[41.211s][info][safepoint] Total time for which application threads were stopped: 0.0038107 seconds, Stopping threads took: 0.0004053 seconds
[41.327s][info][safepoint] Application time: 0.1154513 seconds
[41.328s][info][safepoint] Entering safepoint region: GenCollectForAllocation
[41.751s][info][gc       ] GC(119) Pause Young (Allocation Failure) 2599M->2592M(5011M) 422.636ms
[41.751s][info][safepoint] Leaving safepoint region
[41.751s][info][safepoint] Total time for which application threads were stopped: 0.4234442 seconds, Stopping threads took: 0.0003948 seconds
[41.751s][info][safepoint] Application time: 0.0000830 seconds
[41.767s][info][safepoint] Entering safepoint region: CMS_Initial_Mark
[41.805s][info][gc       ] GC(120) Pause Initial Mark 2731M->2731M(5011M) 38.532ms
[41.806s][info][safepoint] Leaving safepoint region
[41.806s][info][safepoint] Total time for which application threads were stopped: 0.0423078 seconds, Stopping threads took: 0.0029098 seconds
[41.807s][info][gc       ] GC(120) Concurrent Mark
[41.944s][info][safepoint] Application time: 0.1373309 seconds
[41.945s][info][safepoint] Entering safepoint region: GenCollectForAllocation
[42.507s][info][gc       ] GC(121) Pause Young (Allocation Failure) 3406M->3471M(5011M) 562.298ms
[42.508s][info][safepoint] Leaving safepoint region
[42.508s][info][safepoint] Total time for which application threads were stopped: 0.5632428 seconds, Stopping threads took: 0.0004580 seconds
[42.713s][info][gc       ] GC(120) Concurrent Mark 906.484ms
[42.714s][info][gc       ] GC(120) Concurrent Preclean
[42.841s][info][safepoint] Application time: 0.3332079 seconds
[42.842s][info][safepoint] Entering safepoint region: GenCollectForAllocation
[43.165s][info][gc       ] GC(120) Concurrent Preclean 450.959ms
[45.080s][info][gc       ] GC(123) Pause Full (Allocation Failure) 4336M->1734M(5011M) 2237.581ms
[45.080s][info][gc       ] GC(122) Pause Young (Allocation Failure) 4336M->1734M(5011M) 2238.200ms
[45.081s][info][safepoint] Leaving safepoint region
[45.081s][info][safepoint] Total time for which application threads were stopped: 2.2395033 seconds, Stopping threads took: 0.0003335 seconds
[45.366s][info][safepoint] Application time: 0.2843713 seconds
[45.366s][info][safepoint] Entering safepoint region: GenCollectForAllocation
[45.369s][info][gc       ] GC(124) Pause Young (Allocation Failure) 2599M->1747M(5011M) 2.335ms
[45.370s][info][safepoint] Leaving safepoint region
[45.370s][info][safepoint] Total time for which application threads were stopped: 0.0039233 seconds, Stopping threads took: 0.0004586 seconds
[45.642s][info][safepoint] Application time: 0.2714716 seconds
[45.643s][info][safepoint] Entering safepoint region: GenCollectForAllocation
[45.645s][info][gc       ] GC(125) Pause Young (Allocation Failure) 2613M->1738M(5011M) 1.954ms
[45.646s][info][safepoint] Leaving safepoint region
[45.646s][info][safepoint] Total time for which application threads were stopped: 0.0032375 seconds, Stopping threads took: 0.0005234 seconds
[45.921s][info][safepoint] Application time: 0.2747106 seconds
[45.922s][info][safepoint] Entering safepoint region: GenCollectForAllocation
[45.924s][info][gc       ] GC(126) Pause Young (Allocation Failure) 2603M->1735M(5011M) 2.337ms
[45.925s][info][safepoint] Leaving safepoint region
[45.925s][info][safepoint] Total time for which application threads were stopped: 0.0038192 seconds, Stopping threads took: 0.0004718 seconds
[46.200s][info][safepoint] Application time: 0.2745338 seconds
[46.201s][info][safepoint] Entering safepoint region: GenCollectForAllocation
[46.204s][info][gc       ] GC(127) Pause Young (Allocation Failure) 2600M->1734M(5011M) 2.373ms
[46.204s][info][safepoint] Leaving safepoint region
[46.204s][info][safepoint] Total time for which application threads were stopped: 0.0033335 seconds, Stopping threads took: 0.0005038 seconds
[46.479s][info][safepoint] Application time: 0.2743489 seconds
[46.479s][info][safepoint] Entering safepoint region: GenCollectForAllocation
[46.482s][info][gc       ] GC(128) Pause Young (Allocation Failure) 2599M->1734M(5011M) 2.332ms
[46.482s][info][safepoint] Leaving safepoint region
[46.483s][info][safepoint] Total time for which application threads were stopped: 0.0033629 seconds, Stopping threads took: 0.0003695 seconds
[46.758s][info][safepoint] Application time: 0.2748401 seconds
[46.758s][info][safepoint] Entering safepoint region: GenCollectForAllocation
[46.761s][info][gc       ] GC(129) Pause Young (Allocation Failure) 2599M->1734M(5011M) 2.358ms
[46.761s][info][safepoint] Leaving safepoint region
[46.761s][info][safepoint] Total time for which application threads were stopped: 0.0032937 seconds, Stopping threads took: 0.0003214 seconds
[47.038s][info][safepoint] Application time: 0.2760336 seconds
[47.038s][info][safepoint] Entering safepoint region: GenCollectForAllocation
[47.041s][info][gc       ] GC(130) Pause Young (Allocation Failure) 2599M->1734M(5011M) 2.383ms
[47.041s][info][safepoint] Leaving safepoint region
[47.042s][info][safepoint] Total time for which application threads were stopped: 0.0034393 seconds, Stopping threads took: 0.0003894 seconds
[47.317s][info][safepoint] Application time: 0.2751523 seconds
[47.317s][info][safepoint] Entering safepoint region: GenCollectForAllocation
[47.320s][info][gc       ] GC(131) Pause Young (Allocation Failure) 2599M->1734M(5011M) 2.179ms
[47.320s][info][safepoint] Leaving safepoint region
[47.321s][info][safepoint] Total time for which application threads were stopped: 0.0031559 seconds, Stopping threads took: 0.0002739 seconds
[47.590s][info][safepoint] Application time: 0.2696920 seconds
[47.591s][info][safepoint] Entering safepoint region: GenCollectForAllocation
[47.593s][info][gc       ] GC(132) Pause Young (Allocation Failure) 2599M->1734M(5011M) 1.998ms
[47.594s][info][safepoint] Leaving safepoint region
[47.594s][info][safepoint] Total time for which application threads were stopped: 0.0033382 seconds, Stopping threads took: 0.0004431 seconds
[47.871s][info][safepoint] Application time: 0.2760138 seconds
[47.871s][info][safepoint] Entering safepoint region: GenCollectForAllocation
[47.874s][info][gc       ] GC(133) Pause Young (Allocation Failure) 2599M->1734M(5011M) 2.107ms
[47.874s][info][safepoint] Leaving safepoint region
[47.875s][info][safepoint] Total time for which application threads were stopped: 0.0034060 seconds, Stopping threads took: 0.0004810 seconds
[48.151s][info][safepoint] Application time: 0.2761525 seconds
[48.152s][info][safepoint] Entering safepoint region: GenCollectForAllocation
[48.154s][info][gc       ] GC(134) Pause Young (Allocation Failure) 2599M->1734M(5011M) 2.116ms
[48.154s][info][safepoint] Leaving safepoint region
[48.155s][info][safepoint] Total time for which application threads were stopped: 0.0031743 seconds, Stopping threads took: 0.0002979 seconds
[48.426s][info][safepoint] Application time: 0.2711729 seconds
[48.427s][info][safepoint] Entering safepoint region: GenCollectForAllocation
[48.430s][info][gc       ] GC(135) Pause Young (Allocation Failure) 2599M->1734M(5011M) 2.300ms
[48.430s][info][safepoint] Leaving safepoint region
[48.430s][info][safepoint] Total time for which application threads were stopped: 0.0035285 seconds, Stopping threads took: 0.0004821 seconds
[48.698s][info][safepoint] Application time: 0.2676633 seconds
[48.699s][info][safepoint] Entering safepoint region: GenCollectForAllocation
[48.701s][info][gc       ] GC(136) Pause Young (Allocation Failure) 2599M->1734M(5011M) 2.232ms
[48.702s][info][safepoint] Leaving safepoint region
[48.702s][info][safepoint] Total time for which application threads were stopped: 0.0033014 seconds, Stopping threads took: 0.0004298 seconds
[48.972s][info][safepoint] Application time: 0.2693012 seconds
[48.972s][info][safepoint] Entering safepoint region: GenCollectForAllocation
[48.975s][info][gc       ] GC(137) Pause Young (Allocation Failure) 2599M->1734M(5011M) 2.240ms
[48.975s][info][safepoint] Leaving safepoint region
[48.976s][info][safepoint] Total time for which application threads were stopped: 0.0036850 seconds, Stopping threads took: 0.0004137 seconds
[49.250s][info][safepoint] Application time: 0.2740859 seconds
[49.251s][info][safepoint] Entering safepoint region: GenCollectForAllocation
[49.253s][info][gc       ] GC(138) Pause Young (Allocation Failure) 2599M->1734M(5011M) 2.106ms
[49.254s][info][safepoint] Leaving safepoint region
[49.254s][info][safepoint] Total time for which application threads were stopped: 0.0033352 seconds, Stopping threads took: 0.0003584 seconds
[49.526s][info][safepoint] Application time: 0.2720192 seconds
[49.527s][info][safepoint] Entering safepoint region: GenCollectForAllocation
[49.529s][info][gc       ] GC(139) Pause Young (Allocation Failure) 2599M->1734M(5011M) 2.233ms
[49.530s][info][safepoint] Leaving safepoint region
[49.530s][info][safepoint] Total time for which application threads were stopped: 0.0032989 seconds, Stopping threads took: 0.0003671 seconds
[49.802s][info][safepoint] Application time: 0.2718633 seconds
[49.803s][info][safepoint] Entering safepoint region: GenCollectForAllocation
[49.805s][info][gc       ] GC(140) Pause Young (Allocation Failure) 2599M->1734M(5011M) 2.286ms
[49.806s][info][safepoint] Leaving safepoint region
[49.806s][info][safepoint] Total time for which application threads were stopped: 0.0033118 seconds, Stopping threads took: 0.0003416 seconds
[50.079s][info][safepoint] Application time: 0.2730146 seconds
[50.080s][info][safepoint] Entering safepoint region: GenCollectForAllocation
[50.082s][info][gc       ] GC(141) Pause Young (Allocation Failure) 2599M->1734M(5011M) 2.002ms
[50.083s][info][safepoint] Leaving safepoint region
[50.083s][info][safepoint] Total time for which application threads were stopped: 0.0032477 seconds, Stopping threads took: 0.0004091 seconds
[50.354s][info][safepoint] Application time: 0.2706936 seconds
[50.354s][info][safepoint] Entering safepoint region: GenCollectForAllocation
[50.357s][info][gc       ] GC(142) Pause Young (Allocation Failure) 2599M->1734M(5011M) 2.140ms
[50.357s][info][safepoint] Leaving safepoint region
[50.358s][info][safepoint] Total time for which application threads were stopped: 0.0034887 seconds, Stopping threads took: 0.0004451 seconds
[50.630s][info][safepoint] Application time: 0.2715174 seconds
[50.630s][info][safepoint] Entering safepoint region: GenCollectForAllocation
[50.633s][info][gc       ] GC(143) Pause Young (Allocation Failure) 2599M->1734M(5011M) 2.266ms
[50.634s][info][safepoint] Leaving safepoint region
[50.634s][info][safepoint] Total time for which application threads were stopped: 0.0035966 seconds, Stopping threads took: 0.0004607 seconds
[50.904s][info][safepoint] Application time: 0.2693856 seconds
[50.904s][info][safepoint] Entering safepoint region: GenCollectForAllocation
[50.906s][info][gc       ] GC(144) Pause Young (Allocation Failure) 2599M->1734M(5011M) 1.904ms
[50.907s][info][safepoint] Leaving safepoint region
[50.907s][info][safepoint] Total time for which application threads were stopped: 0.0030280 seconds, Stopping threads took: 0.0003151 seconds
[51.181s][info][safepoint] Application time: 0.2733394 seconds
[51.181s][info][safepoint] Entering safepoint region: GenCollectForAllocation
[51.184s][info][gc       ] GC(145) Pause Young (Allocation Failure) 2599M->1734M(5011M) 2.307ms
[51.185s][info][safepoint] Leaving safepoint region
[51.185s][info][safepoint] Total time for which application threads were stopped: 0.0036814 seconds, Stopping threads took: 0.0004327 seconds
[51.459s][info][safepoint] Application time: 0.2741420 seconds
[51.460s][info][safepoint] Entering safepoint region: GenCollectForAllocation
[51.462s][info][gc       ] GC(146) Pause Young (Allocation Failure) 2599M->1734M(5011M) 2.207ms
[51.463s][info][safepoint] Leaving safepoint region
[51.463s][info][safepoint] Total time for which application threads were stopped: 0.0031907 seconds, Stopping threads took: 0.0002628 seconds
[51.740s][info][safepoint] Application time: 0.2763856 seconds
[51.740s][info][safepoint] Entering safepoint region: GenCollectForAllocation
[51.742s][info][gc       ] GC(147) Pause Young (Allocation Failure) 2599M->1734M(5011M) 2.178ms
[51.743s][info][safepoint] Leaving safepoint region
[51.743s][info][safepoint] Total time for which application threads were stopped: 0.0034287 seconds, Stopping threads took: 0.0003214 seconds
[52.020s][info][safepoint] Application time: 0.2762098 seconds
[52.021s][info][safepoint] Entering safepoint region: GenCollectForAllocation
[52.023s][info][gc       ] GC(148) Pause Young (Allocation Failure) 2599M->1734M(5011M) 2.103ms
[52.024s][info][safepoint] Leaving safepoint region
[52.024s][info][safepoint] Total time for which application threads were stopped: 0.0034566 seconds, Stopping threads took: 0.0003675 seconds
[52.299s][info][safepoint] Application time: 0.2743384 seconds
[52.299s][info][safepoint] Entering safepoint region: GenCollectForAllocation
[52.302s][info][gc       ] GC(149) Pause Young (Allocation Failure) 2599M->1734M(5011M) 2.322ms
[52.302s][info][safepoint] Leaving safepoint region
[52.302s][info][safepoint] Total time for which application threads were stopped: 0.0032071 seconds, Stopping threads took: 0.0002693 seconds
[52.578s][info][safepoint] Application time: 0.2749572 seconds
[52.578s][info][safepoint] Entering safepoint region: GenCollectForAllocation
[52.580s][info][gc       ] GC(150) Pause Young (Allocation Failure) 2599M->1734M(5011M) 2.176ms
[52.581s][info][safepoint] Leaving safepoint region
[52.581s][info][safepoint] Total time for which application threads were stopped: 0.0030680 seconds, Stopping threads took: 0.0002959 seconds
[52.855s][info][safepoint] Application time: 0.2734302 seconds
[52.855s][info][safepoint] Entering safepoint region: GenCollectForAllocation
[52.858s][info][gc       ] GC(151) Pause Young (Allocation Failure) 2599M->1734M(5011M) 2.312ms
[52.858s][info][safepoint] Leaving safepoint region
[52.858s][info][safepoint] Total time for which application threads were stopped: 0.0032071 seconds, Stopping threads took: 0.0003514 seconds
[53.132s][info][safepoint] Application time: 0.2736248 seconds
[53.132s][info][safepoint] Entering safepoint region: GenCollectForAllocation
[53.135s][info][gc       ] GC(152) Pause Young (Allocation Failure) 2599M->1734M(5011M) 2.294ms
[53.135s][info][safepoint] Leaving safepoint region
[53.136s][info][safepoint] Total time for which application threads were stopped: 0.0031203 seconds, Stopping threads took: 0.0003419 seconds
[53.409s][info][safepoint] Application time: 0.2734121 seconds
[53.410s][info][safepoint] Entering safepoint region: GenCollectForAllocation
[53.412s][info][gc       ] GC(153) Pause Young (Allocation Failure) 2599M->1734M(5011M) 2.332ms
[53.413s][info][safepoint] Leaving safepoint region
[53.413s][info][safepoint] Total time for which application threads were stopped: 0.0036283 seconds, Stopping threads took: 0.0003782 seconds
[53.685s][info][safepoint] Application time: 0.2718605 seconds
[53.686s][info][safepoint] Entering safepoint region: GenCollectForAllocation
[53.688s][info][gc       ] GC(154) Pause Young (Allocation Failure) 2599M->1734M(5011M) 2.024ms
[53.689s][info][safepoint] Leaving safepoint region
[53.689s][info][safepoint] Total time for which application threads were stopped: 0.0033623 seconds, Stopping threads took: 0.0003743 seconds
[53.964s][info][safepoint] Application time: 0.2743305 seconds
[53.965s][info][safepoint] Entering safepoint region: GenCollectForAllocation
[53.967s][info][gc       ] GC(155) Pause Young (Allocation Failure) 2599M->1734M(5011M) 2.307ms
[53.968s][info][safepoint] Leaving safepoint region
[53.969s][info][safepoint] Total time for which application threads were stopped: 0.0038702 seconds, Stopping threads took: 0.0004628 seconds
[54.238s][info][safepoint] Application time: 0.2691401 seconds
[54.239s][info][safepoint] Entering safepoint region: GenCollectForAllocation
[54.241s][info][gc       ] GC(156) Pause Young (Allocation Failure) 2599M->1734M(5011M) 2.330ms
[54.242s][info][safepoint] Leaving safepoint region
[54.242s][info][safepoint] Total time for which application threads were stopped: 0.0032977 seconds, Stopping threads took: 0.0002611 seconds
[54.507s][info][safepoint] Application time: 0.2651280 seconds
[54.508s][info][safepoint] Entering safepoint region: GenCollectForAllocation
[54.510s][info][gc       ] GC(157) Pause Young (Allocation Failure) 2599M->1734M(5011M) 2.079ms
[54.511s][info][safepoint] Leaving safepoint region
[54.511s][info][safepoint] Total time for which application threads were stopped: 0.0033352 seconds, Stopping threads took: 0.0003732 seconds
[54.782s][info][safepoint] Application time: 0.2705893 seconds
[54.782s][info][safepoint] Entering safepoint region: GenCollectForAllocation
[54.785s][info][gc       ] GC(158) Pause Young (Allocation Failure) 2599M->1734M(5011M) 2.351ms
[54.786s][info][safepoint] Leaving safepoint region
[54.786s][info][safepoint] Total time for which application threads were stopped: 0.0036475 seconds, Stopping threads took: 0.0004011 seconds
[54.898s][info][safepoint] Application time: 0.1113538 seconds
[54.898s][info][safepoint] Entering safepoint region: GenCollectForAllocation
[55.329s][info][gc       ] GC(159) Pause Young (Allocation Failure) 2599M->2594M(5011M) 430.055ms
[55.329s][info][safepoint] Leaving safepoint region
[55.329s][info][safepoint] Total time for which application threads were stopped: 0.4309608 seconds, Stopping threads took: 0.0004834 seconds
[55.329s][info][safepoint] Application time: 0.0000940 seconds
[55.348s][info][safepoint] Entering safepoint region: CMS_Initial_Mark
[55.387s][info][gc       ] GC(160) Pause Initial Mark 2750M->2750M(5011M) 39.254ms
[55.388s][info][safepoint] Leaving safepoint region
[55.388s][info][safepoint] Total time for which application threads were stopped: 0.0442145 seconds, Stopping threads took: 0.0042383 seconds
[55.389s][info][gc       ] GC(160) Concurrent Mark
[55.478s][info][safepoint] Application time: 0.0897868 seconds
[55.479s][info][safepoint] Entering safepoint region: GenCollectForAllocation
[56.062s][info][gc       ] GC(161) Pause Young (Allocation Failure) 3408M->3471M(5011M) 583.007ms
[56.062s][info][safepoint] Leaving safepoint region
[56.062s][info][safepoint] Total time for which application threads were stopped: 0.5836340 seconds, Stopping threads took: 0.0002525 seconds
[56.278s][info][gc       ] GC(160) Concurrent Mark 888.920ms
[56.278s][info][gc       ] GC(160) Concurrent Preclean
[56.451s][info][safepoint] Application time: 0.3888443 seconds
[56.452s][info][safepoint] Entering safepoint region: GenCollectForAllocation
[56.799s][info][gc       ] GC(160) Concurrent Preclean 521.433ms
[58.676s][info][gc       ] GC(163) Pause Full (Allocation Failure) 4336M->1734M(5011M) 2223.769ms
[58.676s][info][gc       ] GC(162) Pause Young (Allocation Failure) 4336M->1734M(5011M) 2224.338ms
[58.677s][info][safepoint] Leaving safepoint region
[58.677s][info][safepoint] Total time for which application threads were stopped: 2.2254560 seconds, Stopping threads took: 0.0002803 seconds
[58.956s][info][safepoint] Application time: 0.2785359 seconds
[58.956s][info][safepoint] Entering safepoint region: GenCollectForAllocation
[58.959s][info][gc       ] GC(164) Pause Young (Allocation Failure) 2599M->1754M(5011M) 2.237ms
[58.959s][info][safepoint] Leaving safepoint region
[58.960s][info][safepoint] Total time for which application threads were stopped: 0.0034016 seconds, Stopping threads took: 0.0003030 seconds
[59.230s][info][safepoint] Application time: 0.2698421 seconds
[59.230s][info][safepoint] Entering safepoint region: GenCollectForAllocation
[59.233s][info][gc       ] GC(165) Pause Young (Allocation Failure) 2619M->1736M(5011M) 2.249ms
[59.233s][info][safepoint] Leaving safepoint region
[59.234s][info][safepoint] Total time for which application threads were stopped: 0.0035514 seconds, Stopping threads took: 0.0003613 seconds
[59.510s][info][safepoint] Application time: 0.2753805 seconds
[59.510s][info][safepoint] Entering safepoint region: GenCollectForAllocation
[59.513s][info][gc       ] GC(166) Pause Young (Allocation Failure) 2602M->1734M(5011M) 2.166ms
[59.513s][info][safepoint] Leaving safepoint region
[59.514s][info][safepoint] Total time for which application threads were stopped: 0.0034650 seconds, Stopping threads took: 0.0004926 seconds
[59.786s][info][safepoint] Application time: 0.2719002 seconds
[59.786s][info][safepoint] Entering safepoint region: GenCollectForAllocation
[59.789s][info][gc       ] GC(167) Pause Young (Allocation Failure) 2600M->1734M(5011M) 1.997ms
[59.789s][info][safepoint] Leaving safepoint region
[59.789s][info][safepoint] Total time for which application threads were stopped: 0.0030499 seconds, Stopping threads took: 0.0003267 seconds
[60.066s][info][safepoint] Application time: 0.2759867 seconds
[60.066s][info][safepoint] Entering safepoint region: GenCollectForAllocation
[60.069s][info][gc       ] GC(168) Pause Young (Allocation Failure) 2599M->1734M(5011M) 2.307ms
[60.069s][info][safepoint] Leaving safepoint region
[60.069s][info][safepoint] Total time for which application threads were stopped: 0.0034491 seconds, Stopping threads took: 0.0003963 seconds
[60.346s][info][safepoint] Application time: 0.2767272 seconds
[60.347s][info][safepoint] Entering safepoint region: GenCollectForAllocation
[60.350s][info][gc       ] GC(169) Pause Young (Allocation Failure) 2599M->1734M(5011M) 2.435ms
[60.350s][info][safepoint] Leaving safepoint region
[60.350s][info][safepoint] Total time for which application threads were stopped: 0.0034252 seconds, Stopping threads took: 0.0004068 seconds
[60.636s][info][safepoint] Application time: 0.2852979 seconds
[60.637s][info][safepoint] Entering safepoint region: GenCollectForAllocation
[60.639s][info][gc       ] GC(170) Pause Young (Allocation Failure) 2599M->1734M(5011M) 2.362ms
[60.640s][info][safepoint] Leaving safepoint region
[60.640s][info][safepoint] Total time for which application threads were stopped: 0.0038236 seconds, Stopping threads took: 0.0004321 seconds
[60.913s][info][safepoint] Application time: 0.2720917 seconds
[60.913s][info][safepoint] Entering safepoint region: GenCollectForAllocation
[60.916s][info][gc       ] GC(171) Pause Young (Allocation Failure) 2599M->1734M(5011M) 2.097ms
[60.916s][info][safepoint] Leaving safepoint region
[60.917s][info][safepoint] Total time for which application threads were stopped: 0.0033597 seconds, Stopping threads took: 0.0004045 seconds
[61.192s][info][safepoint] Application time: 0.2747422 seconds
[61.192s][info][safepoint] Entering safepoint region: GenCollectForAllocation
[61.195s][info][gc       ] GC(172) Pause Young (Allocation Failure) 2599M->1734M(5011M) 2.439ms
[61.195s][info][safepoint] Leaving safepoint region
[61.196s][info][safepoint] Total time for which application threads were stopped: 0.0034847 seconds, Stopping threads took: 0.0002864 seconds
[61.471s][info][safepoint] Application time: 0.2747548 seconds
[61.471s][info][safepoint] Entering safepoint region: GenCollectForAllocation
[61.474s][info][gc       ] GC(173) Pause Young (Allocation Failure) 2599M->1734M(5011M) 2.211ms
[61.474s][info][safepoint] Leaving safepoint region
[61.475s][info][safepoint] Total time for which application threads were stopped: 0.0034309 seconds, Stopping threads took: 0.0004075 seconds
[61.754s][info][safepoint] Application time: 0.2786939 seconds
[61.754s][info][safepoint] Entering safepoint region: GenCollectForAllocation
[61.757s][info][gc       ] GC(174) Pause Young (Allocation Failure) 2599M->1734M(5011M) 2.284ms
[61.757s][info][safepoint] Leaving safepoint region
[61.758s][info][safepoint] Total time for which application threads were stopped: 0.0034081 seconds, Stopping threads took: 0.0003341 seconds
[62.034s][info][safepoint] Application time: 0.2762933 seconds
[62.035s][info][safepoint] Entering safepoint region: GenCollectForAllocation
[62.037s][info][gc       ] GC(175) Pause Young (Allocation Failure) 2599M->1734M(5011M) 2.294ms
[62.038s][info][safepoint] Leaving safepoint region
[62.038s][info][safepoint] Total time for which application threads were stopped: 0.0034786 seconds, Stopping threads took: 0.0002893 seconds
[62.311s][info][safepoint] Application time: 0.2722430 seconds
[62.311s][info][safepoint] Entering safepoint region: GenCollectForAllocation
[62.314s][info][gc       ] GC(176) Pause Young (Allocation Failure) 2599M->1734M(5011M) 2.402ms
[62.315s][info][safepoint] Leaving safepoint region
[62.315s][info][safepoint] Total time for which application threads were stopped: 0.0037074 seconds, Stopping threads took: 0.0004313 seconds
[62.590s][info][safepoint] Application time: 0.2749442 seconds
[62.591s][info][safepoint] Entering safepoint region: GenCollectForAllocation
[62.594s][info][gc       ] GC(177) Pause Young (Allocation Failure) 2599M->1734M(5011M) 2.464ms
[62.594s][info][safepoint] Leaving safepoint region
[62.595s][info][safepoint] Total time for which application threads were stopped: 0.0038000 seconds, Stopping threads took: 0.0004571 seconds
[62.873s][info][safepoint] Application time: 0.2777149 seconds
[62.873s][info][safepoint] Entering safepoint region: GenCollectForAllocation
[62.876s][info][gc       ] GC(178) Pause Young (Allocation Failure) 2599M->1734M(5011M) 2.158ms
[62.876s][info][safepoint] Leaving safepoint region
[62.877s][info][safepoint] Total time for which application threads were stopped: 0.0034947 seconds, Stopping threads took: 0.0003445 seconds
[63.145s][info][safepoint] Application time: 0.2680521 seconds
[63.146s][info][safepoint] Entering safepoint region: GenCollectForAllocation
[63.149s][info][gc       ] GC(179) Pause Young (Allocation Failure) 2599M->1734M(5011M) 2.337ms
[63.149s][info][safepoint] Leaving safepoint region
[63.150s][info][safepoint] Total time for which application threads were stopped: 0.0038013 seconds, Stopping threads took: 0.0004630 seconds
[63.423s][info][safepoint] Application time: 0.2728845 seconds
[63.423s][info][safepoint] Entering safepoint region: GenCollectForAllocation
[63.426s][info][gc       ] GC(180) Pause Young (Allocation Failure) 2599M->1734M(5011M) 2.133ms
[63.426s][info][safepoint] Leaving safepoint region
[63.427s][info][safepoint] Total time for which application threads were stopped: 0.0031955 seconds, Stopping threads took: 0.0003954 seconds
[63.700s][info][safepoint] Application time: 0.2735420 seconds
[63.701s][info][safepoint] Entering safepoint region: GenCollectForAllocation
[63.704s][info][gc       ] GC(181) Pause Young (Allocation Failure) 2599M->1734M(5011M) 2.355ms
[63.704s][info][safepoint] Leaving safepoint region
[63.705s][info][safepoint] Total time for which application threads were stopped: 0.0036681 seconds, Stopping threads took: 0.0004065 seconds
[63.974s][info][safepoint] Application time: 0.2695166 seconds
[63.975s][info][safepoint] Entering safepoint region: GenCollectForAllocation
[63.978s][info][gc       ] GC(182) Pause Young (Allocation Failure) 2599M->1734M(5011M) 2.373ms
[63.978s][info][safepoint] Leaving safepoint region
[63.978s][info][safepoint] Total time for which application threads were stopped: 0.0034450 seconds, Stopping threads took: 0.0003539 seconds
[64.255s][info][safepoint] Application time: 0.2760464 seconds
[64.255s][info][safepoint] Entering safepoint region: GenCollectForAllocation
[64.258s][info][gc       ] GC(183) Pause Young (Allocation Failure) 2599M->1734M(5011M) 2.307ms
[64.258s][info][safepoint] Leaving safepoint region
[64.259s][info][safepoint] Total time for which application threads were stopped: 0.0035977 seconds, Stopping threads took: 0.0004666 seconds
[64.529s][info][safepoint] Application time: 0.2702464 seconds
[64.530s][info][safepoint] Entering safepoint region: GenCollectForAllocation
[64.533s][info][gc       ] GC(184) Pause Young (Allocation Failure) 2599M->1734M(5011M) 2.369ms
[64.533s][info][safepoint] Leaving safepoint region
[64.534s][info][safepoint] Total time for which application threads were stopped: 0.0039171 seconds, Stopping threads took: 0.0004994 seconds
[64.808s][info][safepoint] Application time: 0.2741746 seconds
[64.809s][info][safepoint] Entering safepoint region: GenCollectForAllocation
[64.811s][info][gc       ] GC(185) Pause Young (Allocation Failure) 2599M->1734M(5011M) 1.938ms
[64.811s][info][safepoint] Leaving safepoint region
[64.812s][info][safepoint] Total time for which application threads were stopped: 0.0027322 seconds, Stopping threads took: 0.0002588 seconds
[65.087s][info][safepoint] Application time: 0.2753371 seconds
[65.087s][info][safepoint] Entering safepoint region: GenCollectForAllocation
[65.090s][info][gc       ] GC(186) Pause Young (Allocation Failure) 2599M->1734M(5011M) 1.904ms
[65.090s][info][safepoint] Leaving safepoint region
[65.091s][info][safepoint] Total time for which application threads were stopped: 0.0030982 seconds, Stopping threads took: 0.0003261 seconds
[65.366s][info][safepoint] Application time: 0.2747051 seconds
[65.366s][info][safepoint] Entering safepoint region: GenCollectForAllocation
[65.369s][info][gc       ] GC(187) Pause Young (Allocation Failure) 2599M->1734M(5011M) 2.405ms
[65.370s][info][safepoint] Leaving safepoint region
[65.370s][info][safepoint] Total time for which application threads were stopped: 0.0037364 seconds, Stopping threads took: 0.0003458 seconds
[65.646s][info][safepoint] Application time: 0.2752077 seconds
[65.646s][info][safepoint] Entering safepoint region: GenCollectForAllocation
[65.648s][info][gc       ] GC(188) Pause Young (Allocation Failure) 2599M->1734M(5011M) 2.162ms
[65.649s][info][safepoint] Leaving safepoint region
[65.649s][info][safepoint] Total time for which application threads were stopped: 0.0030113 seconds, Stopping threads took: 0.0003278 seconds
[65.924s][info][safepoint] Application time: 0.2748856 seconds
[65.925s][info][safepoint] Entering safepoint region: GenCollectForAllocation
[65.928s][info][gc       ] GC(189) Pause Young (Allocation Failure) 2599M->1734M(5011M) 2.429ms
[65.928s][info][safepoint] Leaving safepoint region
[65.928s][info][safepoint] Total time for which application threads were stopped: 0.0037096 seconds, Stopping threads took: 0.0004672 seconds
[66.199s][info][safepoint] Application time: 0.2703057 seconds
[66.199s][info][safepoint] Entering safepoint region: GenCollectForAllocation
[66.202s][info][gc       ] GC(190) Pause Young (Allocation Failure) 2599M->1734M(5011M) 2.222ms
[66.202s][info][safepoint] Leaving safepoint region
[66.203s][info][safepoint] Total time for which application threads were stopped: 0.0034730 seconds, Stopping threads took: 0.0004261 seconds
[66.471s][info][safepoint] Application time: 0.2678908 seconds
[66.472s][info][safepoint] Entering safepoint region: GenCollectForAllocation
[66.474s][info][gc       ] GC(191) Pause Young (Allocation Failure) 2599M->1734M(5011M) 2.383ms
[66.475s][info][safepoint] Leaving safepoint region
[66.475s][info][safepoint] Total time for which application threads were stopped: 0.0035122 seconds, Stopping threads took: 0.0003595 seconds
[66.742s][info][safepoint] Application time: 0.2668268 seconds
[66.743s][info][safepoint] Entering safepoint region: GenCollectForAllocation
[66.745s][info][gc       ] GC(192) Pause Young (Allocation Failure) 2599M->1734M(5011M) 2.381ms
[66.746s][info][safepoint] Leaving safepoint region
[66.746s][info][safepoint] Total time for which application threads were stopped: 0.0034327 seconds, Stopping threads took: 0.0003213 seconds
[67.015s][info][safepoint] Application time: 0.2689441 seconds
[67.016s][info][safepoint] Entering safepoint region: GenCollectForAllocation
[67.018s][info][gc       ] GC(193) Pause Young (Allocation Failure) 2599M->1734M(5011M) 2.053ms
[67.019s][info][safepoint] Leaving safepoint region
[67.019s][info][safepoint] Total time for which application threads were stopped: 0.0032205 seconds, Stopping threads took: 0.0003954 seconds
[67.292s][info][safepoint] Application time: 0.2725498 seconds
[67.292s][info][safepoint] Entering safepoint region: GenCollectForAllocation
[67.295s][info][gc       ] GC(194) Pause Young (Allocation Failure) 2599M->1734M(5011M) 2.450ms
[67.296s][info][safepoint] Leaving safepoint region
[67.296s][info][safepoint] Total time for which application threads were stopped: 0.0037984 seconds, Stopping threads took: 0.0004602 seconds
[67.571s][info][safepoint] Application time: 0.2749027 seconds
[67.572s][info][safepoint] Entering safepoint region: GenCollectForAllocation
[67.575s][info][gc       ] GC(195) Pause Young (Allocation Failure) 2599M->1734M(5011M) 2.299ms
[67.575s][info][safepoint] Leaving safepoint region
[67.575s][info][safepoint] Total time for which application threads were stopped: 0.0034603 seconds, Stopping threads took: 0.0004250 seconds
[67.850s][info][safepoint] Application time: 0.2738814 seconds
[67.850s][info][safepoint] Entering safepoint region: GenCollectForAllocation
[67.853s][info][gc       ] GC(196) Pause Young (Allocation Failure) 2599M->1734M(5011M) 2.427ms
[67.853s][info][safepoint] Leaving safepoint region
[67.854s][info][safepoint] Total time for which application threads were stopped: 0.0039737 seconds, Stopping threads took: 0.0004773 seconds
[68.116s][info][safepoint] Application time: 0.2615582 seconds
[68.116s][info][safepoint] Entering safepoint region: GenCollectForAllocation
[68.119s][info][gc       ] GC(197) Pause Young (Allocation Failure) 2599M->1734M(5011M) 2.292ms
[68.120s][info][safepoint] Leaving safepoint region
[68.120s][info][safepoint] Total time for which application threads were stopped: 0.0036630 seconds, Stopping threads took: 0.0004510 seconds
[68.384s][info][safepoint] Application time: 0.2632248 seconds
[68.384s][info][safepoint] Entering safepoint region: GenCollectForAllocation
[68.387s][info][gc       ] GC(198) Pause Young (Allocation Failure) 2599M->1734M(5011M) 2.261ms
[68.387s][info][safepoint] Leaving safepoint region
[68.388s][info][safepoint] Total time for which application threads were stopped: 0.0037093 seconds, Stopping threads took: 0.0004355 seconds
[68.499s][info][safepoint] Application time: 0.1102309 seconds
[68.499s][info][safepoint] Entering safepoint region: GenCollectForAllocation
[68.923s][info][gc       ] GC(199) Pause Young (Allocation Failure) 2599M->2598M(5011M) 423.427ms
[68.923s][info][safepoint] Leaving safepoint region
[68.923s][info][safepoint] Total time for which application threads were stopped: 0.4243421 seconds, Stopping threads took: 0.0004701 seconds
[68.924s][info][safepoint] Application time: 0.0000811 seconds
[68.948s][info][safepoint] Entering safepoint region: CMS_Initial_Mark
[68.988s][info][gc       ] GC(200) Pause Initial Mark 2806M->2806M(5011M) 39.434ms
[68.988s][info][safepoint] Leaving safepoint region
[68.988s][info][safepoint] Total time for which application threads were stopped: 0.0443620 seconds, Stopping threads took: 0.0041794 seconds
[68.989s][info][gc       ] GC(200) Concurrent Mark
[69.069s][info][safepoint] Application time: 0.0807985 seconds
[69.070s][info][safepoint] Entering safepoint region: GenCollectForAllocation
[69.637s][info][gc       ] GC(201) Pause Young (Allocation Failure) 3412M->3470M(5011M) 566.998ms
[69.638s][info][safepoint] Leaving safepoint region
[69.638s][info][safepoint] Total time for which application threads were stopped: 0.5678088 seconds, Stopping threads took: 0.0004679 seconds
[69.893s][info][gc       ] GC(200) Concurrent Mark 903.977ms
[69.893s][info][gc       ] GC(200) Concurrent Preclean
[69.997s][info][safepoint] Application time: 0.3588213 seconds
[69.997s][info][safepoint] Entering safepoint region: GenCollectForAllocation
[70.334s][info][gc       ] GC(200) Concurrent Preclean 441.317ms
[72.212s][info][gc       ] GC(203) Pause Full (Allocation Failure) 4336M->1734M(5011M) 2214.518ms
[72.213s][info][gc       ] GC(202) Pause Young (Allocation Failure) 4336M->1734M(5011M) 2215.120ms
[72.213s][info][safepoint] Leaving safepoint region
[72.214s][info][safepoint] Total time for which application threads were stopped: 2.2165102 seconds, Stopping threads took: 0.0004703 seconds
[72.484s][info][safepoint] Application time: 0.2696333 seconds
[72.484s][info][safepoint] Entering safepoint region: GenCollectForAllocation
[72.487s][info][gc       ] GC(204) Pause Young (Allocation Failure) 2599M->1737M(5011M) 2.368ms
[72.488s][info][safepoint] Leaving safepoint region
[72.488s][info][safepoint] Total time for which application threads were stopped: 0.0036699 seconds, Stopping threads took: 0.0004997 seconds
[72.760s][info][safepoint] Application time: 0.2720330 seconds
[72.761s][info][safepoint] Entering safepoint region: GenCollectForAllocation
[72.764s][info][gc       ] GC(205) Pause Young (Allocation Failure) 2602M->1735M(5011M) 2.449ms
[72.764s][info][safepoint] Leaving safepoint region
[72.764s][info][safepoint] Total time for which application threads were stopped: 0.0036303 seconds, Stopping threads took: 0.0004604 seconds
[73.036s][info][safepoint] Application time: 0.2711770 seconds
[73.036s][info][safepoint] Entering safepoint region: GenCollectForAllocation
[73.039s][info][gc       ] GC(206) Pause Young (Allocation Failure) 2601M->1734M(5011M) 2.361ms
[73.040s][info][safepoint] Leaving safepoint region
[73.040s][info][safepoint] Total time for which application threads were stopped: 0.0036113 seconds, Stopping threads took: 0.0003758 seconds
[73.315s][info][safepoint] Application time: 0.2743895 seconds
[73.315s][info][safepoint] Entering safepoint region: GenCollectForAllocation
[73.318s][info][gc       ] GC(207) Pause Young (Allocation Failure) 2600M->1734M(5011M) 2.023ms
[73.318s][info][safepoint] Leaving safepoint region
[73.318s][info][safepoint] Total time for which application threads were stopped: 0.0031951 seconds, Stopping threads took: 0.0003830 seconds
[73.594s][info][safepoint] Application time: 0.2751822 seconds
[73.594s][info][safepoint] Entering safepoint region: GenCollectForAllocation
[73.597s][info][gc       ] GC(208) Pause Young (Allocation Failure) 2599M->1734M(5011M) 2.420ms
[73.598s][info][safepoint] Leaving safepoint region
[73.598s][info][safepoint] Total time for which application threads were stopped: 0.0035629 seconds, Stopping threads took: 0.0003532 seconds
[73.869s][info][safepoint] Application time: 0.2702986 seconds
[73.869s][info][safepoint] Entering safepoint region: GenCollectForAllocation
[73.872s][info][gc       ] GC(209) Pause Young (Allocation Failure) 2599M->1734M(5011M) 2.180ms
[73.872s][info][safepoint] Leaving safepoint region
[73.872s][info][safepoint] Total time for which application threads were stopped: 0.0033277 seconds, Stopping threads took: 0.0003121 seconds
[74.147s][info][safepoint] Application time: 0.2743123 seconds
[74.148s][info][safepoint] Entering safepoint region: GenCollectForAllocation
[74.150s][info][gc       ] GC(210) Pause Young (Allocation Failure) 2599M->1734M(5011M) 1.992ms
[74.150s][info][safepoint] Leaving safepoint region
[74.151s][info][safepoint] Total time for which application threads were stopped: 0.0030098 seconds, Stopping threads took: 0.0003190 seconds
[74.423s][info][safepoint] Application time: 0.2719373 seconds
[74.423s][info][safepoint] Entering safepoint region: GenCollectForAllocation
[74.426s][info][gc       ] GC(211) Pause Young (Allocation Failure) 2599M->1734M(5011M) 2.375ms
[74.427s][info][safepoint] Leaving safepoint region
[74.427s][info][safepoint] Total time for which application threads were stopped: 0.0038581 seconds, Stopping threads took: 0.0005048 seconds
[74.702s][info][safepoint] Application time: 0.2745152 seconds
[74.703s][info][safepoint] Entering safepoint region: GenCollectForAllocation
[74.705s][info][gc       ] GC(212) Pause Young (Allocation Failure) 2599M->1734M(5011M) 2.393ms
[74.706s][info][safepoint] Leaving safepoint region
[74.706s][info][safepoint] Total time for which application threads were stopped: 0.0037421 seconds, Stopping threads took: 0.0004151 seconds
[74.977s][info][safepoint] Application time: 0.2708501 seconds
[74.978s][info][safepoint] Entering safepoint region: GenCollectForAllocation
[74.981s][info][gc       ] GC(213) Pause Young (Allocation Failure) 2599M->1734M(5011M) 2.722ms
[74.982s][info][safepoint] Leaving safepoint region
[74.982s][info][safepoint] Total time for which application threads were stopped: 0.0041891 seconds, Stopping threads took: 0.0004158 seconds
[75.255s][info][safepoint] Application time: 0.2725525 seconds
[75.256s][info][safepoint] Entering safepoint region: GenCollectForAllocation
[75.258s][info][gc       ] GC(214) Pause Young (Allocation Failure) 2599M->1734M(5011M) 2.026ms
[75.259s][info][safepoint] Leaving safepoint region
[75.259s][info][safepoint] Total time for which application threads were stopped: 0.0034537 seconds, Stopping threads took: 0.0004025 seconds
[75.535s][info][safepoint] Application time: 0.2754545 seconds
[75.536s][info][safepoint] Entering safepoint region: GenCollectForAllocation
[75.538s][info][gc       ] GC(215) Pause Young (Allocation Failure) 2599M->1734M(5011M) 2.169ms
[75.539s][info][safepoint] Leaving safepoint region
[75.539s][info][safepoint] Total time for which application threads were stopped: 0.0037564 seconds, Stopping threads took: 0.0005300 seconds
[75.813s][info][safepoint] Application time: 0.2728245 seconds
[75.813s][info][safepoint] Entering safepoint region: GenCollectForAllocation
[75.816s][info][gc       ] GC(216) Pause Young (Allocation Failure) 2599M->1734M(5011M) 2.497ms
[75.817s][info][safepoint] Leaving safepoint region
[75.817s][info][safepoint] Total time for which application threads were stopped: 0.0040178 seconds, Stopping threads took: 0.0005120 seconds
[76.093s][info][safepoint] Application time: 0.2748174 seconds
[76.093s][info][safepoint] Entering safepoint region: GenCollectForAllocation
[76.096s][info][gc       ] GC(217) Pause Young (Allocation Failure) 2599M->1734M(5011M) 2.052ms
[76.096s][info][safepoint] Leaving safepoint region
[76.097s][info][safepoint] Total time for which application threads were stopped: 0.0035275 seconds, Stopping threads took: 0.0007768 seconds
[76.378s][info][safepoint] Application time: 0.2812459 seconds
[76.379s][info][safepoint] Entering safepoint region: GenCollectForAllocation
[76.381s][info][gc       ] GC(218) Pause Young (Allocation Failure) 2599M->1734M(5011M) 2.163ms
[76.382s][info][safepoint] Leaving safepoint region
[76.382s][info][safepoint] Total time for which application threads were stopped: 0.0037547 seconds, Stopping threads took: 0.0005145 seconds
[76.655s][info][safepoint] Application time: 0.2718977 seconds
[76.655s][info][safepoint] Entering safepoint region: GenCollectForAllocation
[76.658s][info][gc       ] GC(219) Pause Young (Allocation Failure) 2599M->1734M(5011M) 2.072ms
[76.658s][info][safepoint] Leaving safepoint region
[76.659s][info][safepoint] Total time for which application threads were stopped: 0.0035457 seconds, Stopping threads took: 0.0003695 seconds
[76.934s][info][safepoint] Application time: 0.2743389 seconds
[76.934s][info][safepoint] Entering safepoint region: GenCollectForAllocation
[76.937s][info][gc       ] GC(220) Pause Young (Allocation Failure) 2599M->1734M(5011M) 2.276ms
[76.937s][info][safepoint] Leaving safepoint region
[76.937s][info][safepoint] Total time for which application threads were stopped: 0.0034477 seconds, Stopping threads took: 0.0003562 seconds
[77.212s][info][safepoint] Application time: 0.2744473 seconds
[77.213s][info][safepoint] Entering safepoint region: GenCollectForAllocation
[77.215s][info][gc       ] GC(221) Pause Young (Allocation Failure) 2599M->1734M(5011M) 2.118ms
[77.215s][info][safepoint] Leaving safepoint region
[77.216s][info][safepoint] Total time for which application threads were stopped: 0.0032084 seconds, Stopping threads took: 0.0002448 seconds
[77.488s][info][safepoint] Application time: 0.2722043 seconds
[77.489s][info][safepoint] Entering safepoint region: GenCollectForAllocation
[77.491s][info][gc       ] GC(222) Pause Young (Allocation Failure) 2599M->1734M(5011M) 2.193ms
[77.492s][info][safepoint] Leaving safepoint region
[77.492s][info][safepoint] Total time for which application threads were stopped: 0.0033016 seconds, Stopping threads took: 0.0003950 seconds
[77.765s][info][safepoint] Application time: 0.2722820 seconds
[77.765s][info][safepoint] Entering safepoint region: GenCollectForAllocation
[77.768s][info][gc       ] GC(223) Pause Young (Allocation Failure) 2599M->1734M(5011M) 2.416ms
[77.769s][info][safepoint] Leaving safepoint region
[77.769s][info][safepoint] Total time for which application threads were stopped: 0.0039257 seconds, Stopping threads took: 0.0004885 seconds
[78.045s][info][safepoint] Application time: 0.2748169 seconds
[78.045s][info][safepoint] Entering safepoint region: GenCollectForAllocation
[78.048s][info][gc       ] GC(224) Pause Young (Allocation Failure) 2599M->1734M(5011M) 2.022ms
[78.048s][info][safepoint] Leaving safepoint region
[78.049s][info][safepoint] Total time for which application threads were stopped: 0.0035789 seconds, Stopping threads took: 0.0005412 seconds
[78.323s][info][safepoint] Application time: 0.2744025 seconds
[78.324s][info][safepoint] Entering safepoint region: GenCollectForAllocation
[78.327s][info][gc       ] GC(225) Pause Young (Allocation Failure) 2599M->1734M(5011M) 2.332ms
[78.327s][info][safepoint] Leaving safepoint region
[78.328s][info][safepoint] Total time for which application threads were stopped: 0.0040605 seconds, Stopping threads took: 0.0004358 seconds
[78.603s][info][safepoint] Application time: 0.2747595 seconds
[78.603s][info][safepoint] Entering safepoint region: GenCollectForAllocation
[78.606s][info][gc       ] GC(226) Pause Young (Allocation Failure) 2599M->1734M(5011M) 2.148ms
[78.606s][info][safepoint] Leaving safepoint region
[78.607s][info][safepoint] Total time for which application threads were stopped: 0.0034027 seconds, Stopping threads took: 0.0003200 seconds
[78.881s][info][safepoint] Application time: 0.2732500 seconds
[78.881s][info][safepoint] Entering safepoint region: GenCollectForAllocation
[78.884s][info][gc       ] GC(227) Pause Young (Allocation Failure) 2599M->1734M(5011M) 2.319ms
[78.884s][info][safepoint] Leaving safepoint region
[78.885s][info][safepoint] Total time for which application threads were stopped: 0.0037161 seconds, Stopping threads took: 0.0004442 seconds
[79.156s][info][safepoint] Application time: 0.2704843 seconds
[79.156s][info][safepoint] Entering safepoint region: GenCollectForAllocation
[79.159s][info][gc       ] GC(228) Pause Young (Allocation Failure) 2599M->1734M(5011M) 1.927ms
[79.159s][info][safepoint] Leaving safepoint region
[79.159s][info][safepoint] Total time for which application threads were stopped: 0.0033854 seconds, Stopping threads took: 0.0004717 seconds
[79.434s][info][safepoint] Application time: 0.2739935 seconds
[79.435s][info][safepoint] Entering safepoint region: GenCollectForAllocation
[79.438s][info][gc       ] GC(229) Pause Young (Allocation Failure) 2599M->1734M(5011M) 2.924ms
[79.439s][info][safepoint] Leaving safepoint region
[79.439s][info][safepoint] Total time for which application threads were stopped: 0.0044413 seconds, Stopping threads took: 0.0005095 seconds
[79.712s][info][safepoint] Application time: 0.2727203 seconds
[79.713s][info][safepoint] Entering safepoint region: GenCollectForAllocation
[79.715s][info][gc       ] GC(230) Pause Young (Allocation Failure) 2599M->1734M(5011M) 2.269ms
[79.716s][info][safepoint] Leaving safepoint region
[79.716s][info][safepoint] Total time for which application threads were stopped: 0.0033875 seconds, Stopping threads took: 0.0003459 seconds
[79.981s][info][safepoint] Application time: 0.2652391 seconds
[79.982s][info][safepoint] Entering safepoint region: GenCollectForAllocation
[79.985s][info][gc       ] GC(231) Pause Young (Allocation Failure) 2599M->1734M(5011M) 2.416ms
[79.985s][info][safepoint] Leaving safepoint region
[79.986s][info][safepoint] Total time for which application threads were stopped: 0.0039654 seconds, Stopping threads took: 0.0004539 seconds
[80.266s][info][safepoint] Application time: 0.2790542 seconds
[80.266s][info][safepoint] Entering safepoint region: GenCollectForAllocation
[80.268s][info][gc       ] GC(232) Pause Young (Allocation Failure) 2599M->1734M(5011M) 1.976ms
[80.268s][info][safepoint] Leaving safepoint region
[80.268s][info][safepoint] Total time for which application threads were stopped: 0.0024636 seconds, Stopping threads took: 0.0001987 seconds
[80.556s][info][safepoint] Application time: 0.2872792 seconds
[80.556s][info][safepoint] Entering safepoint region: GenCollectForAllocation
[80.559s][info][gc       ] GC(233) Pause Young (Allocation Failure) 2599M->1734M(5011M) 2.167ms
[80.559s][info][safepoint] Leaving safepoint region
[80.560s][info][safepoint] Total time for which application threads were stopped: 0.0034840 seconds, Stopping threads took: 0.0004367 seconds
[80.836s][info][safepoint] Application time: 0.2757904 seconds
[80.836s][info][safepoint] Entering safepoint region: GenCollectForAllocation
[80.839s][info][gc       ] GC(234) Pause Young (Allocation Failure) 2599M->1734M(5011M) 1.965ms
[80.839s][info][safepoint] Leaving safepoint region
[80.839s][info][safepoint] Total time for which application threads were stopped: 0.0029977 seconds, Stopping threads took: 0.0003167 seconds
[81.115s][info][safepoint] Application time: 0.2756285 seconds
[81.116s][info][safepoint] Entering safepoint region: GenCollectForAllocation
[81.118s][info][gc       ] GC(235) Pause Young (Allocation Failure) 2599M->1734M(5011M) 2.036ms
[81.119s][info][safepoint] Leaving safepoint region
[81.119s][info][safepoint] Total time for which application threads were stopped: 0.0033978 seconds, Stopping threads took: 0.0003639 seconds
[81.396s][info][safepoint] Application time: 0.2767148 seconds
[81.397s][info][safepoint] Entering safepoint region: GenCollectForAllocation
[81.402s][info][gc       ] GC(236) Pause Young (Allocation Failure) 2599M->1734M(5011M) 5.203ms
[81.402s][info][safepoint] Leaving safepoint region
[81.402s][info][safepoint] Total time for which application threads were stopped: 0.0058273 seconds, Stopping threads took: 0.0002634 seconds
[81.678s][info][safepoint] Application time: 0.2751788 seconds
[81.678s][info][safepoint] Entering safepoint region: GenCollectForAllocation
[81.681s][info][gc       ] GC(237) Pause Young (Allocation Failure) 2599M->1734M(5011M) 2.262ms
[81.681s][info][safepoint] Leaving safepoint region
[81.681s][info][safepoint] Total time for which application threads were stopped: 0.0031246 seconds, Stopping threads took: 0.0003290 seconds
[81.950s][info][safepoint] Application time: 0.2683816 seconds
[81.950s][info][safepoint] Entering safepoint region: GenCollectForAllocation
[81.953s][info][gc       ] GC(238) Pause Young (Allocation Failure) 2599M->1734M(5011M) 2.061ms
[81.953s][info][safepoint] Leaving safepoint region
[81.954s][info][safepoint] Total time for which application threads were stopped: 0.0033254 seconds, Stopping threads took: 0.0003983 seconds
[82.066s][info][safepoint] Application time: 0.1113831 seconds
[82.066s][info][safepoint] Entering safepoint region: GenCollectForAllocation
[82.490s][info][gc       ] GC(239) Pause Young (Allocation Failure) 2599M->2599M(5011M) 423.631ms
[82.491s][info][safepoint] Leaving safepoint region
[82.491s][info][safepoint] Total time for which application threads were stopped: 0.4245166 seconds, Stopping threads took: 0.0005096 seconds
[82.491s][info][safepoint] Application time: 0.0000916 seconds
[82.508s][info][safepoint] Entering safepoint region: CMS_Initial_Mark
[82.547s][info][gc       ] GC(240) Pause Initial Mark 2720M->2720M(5011M) 38.682ms
[82.547s][info][safepoint] Leaving safepoint region
[82.547s][info][safepoint] Total time for which application threads were stopped: 0.0434570 seconds, Stopping threads took: 0.0043073 seconds
[82.548s][info][gc       ] GC(240) Concurrent Mark
[82.637s][info][safepoint] Application time: 0.0896353 seconds
[82.638s][info][safepoint] Entering safepoint region: GenCollectForAllocation
[83.194s][info][gc       ] GC(241) Pause Young (Allocation Failure) 3413M->3470M(5011M) 556.204ms
[83.194s][info][safepoint] Leaving safepoint region
[83.194s][info][safepoint] Total time for which application threads were stopped: 0.5568382 seconds, Stopping threads took: 0.0002577 seconds
[83.464s][info][gc       ] GC(240) Concurrent Mark 916.195ms
[83.464s][info][gc       ] GC(240) Concurrent Preclean
[83.552s][info][safepoint] Application time: 0.3577996 seconds
[83.553s][info][safepoint] Entering safepoint region: GenCollectForAllocation
[83.904s][info][gc       ] GC(240) Concurrent Preclean 439.109ms
[85.832s][info][gc       ] GC(243) Pause Full (Allocation Failure) 4336M->1734M(5011M) 2278.803ms
[85.832s][info][gc       ] GC(242) Pause Young (Allocation Failure) 4336M->1734M(5011M) 2279.370ms
[85.833s][info][safepoint] Leaving safepoint region
[85.833s][info][safepoint] Total time for which application threads were stopped: 2.2805661 seconds, Stopping threads took: 0.0002441 seconds
[86.110s][info][safepoint] Application time: 0.2759479 seconds
[86.110s][info][safepoint] Entering safepoint region: GenCollectForAllocation
[86.113s][info][gc       ] GC(244) Pause Young (Allocation Failure) 2599M->1747M(5011M) 2.033ms
[86.113s][info][safepoint] Leaving safepoint region
[86.114s][info][safepoint] Total time for which application threads were stopped: 0.0035872 seconds, Stopping threads took: 0.0004837 seconds
[86.383s][info][safepoint] Application time: 0.2692409 seconds
[86.384s][info][safepoint] Entering safepoint region: GenCollectForAllocation
[86.387s][info][gc       ] GC(245) Pause Young (Allocation Failure) 2613M->1737M(5011M) 2.313ms
[86.387s][info][safepoint] Leaving safepoint region
[86.388s][info][safepoint] Total time for which application threads were stopped: 0.0036131 seconds, Stopping threads took: 0.0003924 seconds
[86.666s][info][safepoint] Application time: 0.2776499 seconds
[86.666s][info][safepoint] Entering safepoint region: GenCollectForAllocation
[86.669s][info][gc       ] GC(246) Pause Young (Allocation Failure) 2602M->1734M(5011M) 2.555ms
[86.670s][info][safepoint] Leaving safepoint region
[86.670s][info][safepoint] Total time for which application threads were stopped: 0.0039708 seconds, Stopping threads took: 0.0004990 seconds
[86.940s][info][safepoint] Application time: 0.2690983 seconds
[86.940s][info][safepoint] Entering safepoint region: GenCollectForAllocation
[86.943s][info][gc       ] GC(247) Pause Young (Allocation Failure) 2600M->1734M(5011M) 2.303ms
[86.944s][info][safepoint] Leaving safepoint region
[86.944s][info][safepoint] Total time for which application threads were stopped: 0.0039070 seconds, Stopping threads took: 0.0005084 seconds
[87.218s][info][safepoint] Application time: 0.2729706 seconds
[87.218s][info][safepoint] Entering safepoint region: GenCollectForAllocation
[87.221s][info][gc       ] GC(248) Pause Young (Allocation Failure) 2599M->1734M(5011M) 2.404ms
[87.221s][info][safepoint] Leaving safepoint region
[87.222s][info][safepoint] Total time for which application threads were stopped: 0.0036392 seconds, Stopping threads took: 0.0003898 seconds
[87.495s][info][safepoint] Application time: 0.2726847 seconds
[87.495s][info][safepoint] Entering safepoint region: GenCollectForAllocation
[87.498s][info][gc       ] GC(249) Pause Young (Allocation Failure) 2599M->1734M(5011M) 2.498ms
[87.499s][info][safepoint] Leaving safepoint region
[87.499s][info][safepoint] Total time for which application threads were stopped: 0.0040127 seconds, Stopping threads took: 0.0005083 seconds
[87.770s][info][safepoint] Application time: 0.2704783 seconds
[87.770s][info][safepoint] Entering safepoint region: GenCollectForAllocation
[87.773s][info][gc       ] GC(250) Pause Young (Allocation Failure) 2599M->1734M(5011M) 2.395ms
[87.774s][info][safepoint] Leaving safepoint region
[87.774s][info][safepoint] Total time for which application threads were stopped: 0.0034630 seconds, Stopping threads took: 0.0003213 seconds
[88.047s][info][safepoint] Application time: 0.2732280 seconds
[88.048s][info][safepoint] Entering safepoint region: GenCollectForAllocation
[88.051s][info][gc       ] GC(251) Pause Young (Allocation Failure) 2599M->1734M(5011M) 2.355ms
[88.051s][info][safepoint] Leaving safepoint region
[88.052s][info][safepoint] Total time for which application threads were stopped: 0.0036569 seconds, Stopping threads took: 0.0004062 seconds
[88.327s][info][safepoint] Application time: 0.2749312 seconds
[88.327s][info][safepoint] Entering safepoint region: GenCollectForAllocation
[88.330s][info][gc       ] GC(252) Pause Young (Allocation Failure) 2599M->1734M(5011M) 2.125ms
[88.331s][info][safepoint] Leaving safepoint region
[88.331s][info][safepoint] Total time for which application threads were stopped: 0.0034152 seconds, Stopping threads took: 0.0003248 seconds
[88.609s][info][safepoint] Application time: 0.2773385 seconds
[88.609s][info][safepoint] Entering safepoint region: GenCollectForAllocation
[88.612s][info][gc       ] GC(253) Pause Young (Allocation Failure) 2599M->1734M(5011M) 2.326ms
[88.613s][info][safepoint] Leaving safepoint region
[88.613s][info][safepoint] Total time for which application threads were stopped: 0.0037330 seconds, Stopping threads took: 0.0005406 seconds
[88.893s][info][safepoint] Application time: 0.2795380 seconds
[88.893s][info][safepoint] Entering safepoint region: GenCollectForAllocation
[88.896s][info][gc       ] GC(254) Pause Young (Allocation Failure) 2599M->1734M(5011M) 2.123ms
[88.896s][info][safepoint] Leaving safepoint region
[88.896s][info][safepoint] Total time for which application threads were stopped: 0.0031538 seconds, Stopping threads took: 0.0002583 seconds
[89.171s][info][safepoint] Application time: 0.2740468 seconds
[89.171s][info][safepoint] Entering safepoint region: GenCollectForAllocation
[89.174s][info][gc       ] GC(255) Pause Young (Allocation Failure) 2599M->1734M(5011M) 2.379ms
[89.175s][info][safepoint] Leaving safepoint region
[89.175s][info][safepoint] Total time for which application threads were stopped: 0.0036411 seconds, Stopping threads took: 0.0003871 seconds
[89.444s][info][safepoint] Application time: 0.2689791 seconds
[89.445s][info][safepoint] Entering safepoint region: GenCollectForAllocation
[89.448s][info][gc       ] GC(256) Pause Young (Allocation Failure) 2599M->1734M(5011M) 2.320ms
[89.448s][info][safepoint] Leaving safepoint region
[89.448s][info][safepoint] Total time for which application threads were stopped: 0.0035727 seconds, Stopping threads took: 0.0003951 seconds
[89.721s][info][safepoint] Application time: 0.2720293 seconds
[89.721s][info][safepoint] Entering safepoint region: GenCollectForAllocation
[89.724s][info][gc       ] GC(257) Pause Young (Allocation Failure) 2599M->1734M(5011M) 2.417ms
[89.725s][info][safepoint] Leaving safepoint region
[89.725s][info][safepoint] Total time for which application threads were stopped: 0.0039839 seconds, Stopping threads took: 0.0005149 seconds
[90.002s][info][safepoint] Application time: 0.2764754 seconds
[90.003s][info][safepoint] Entering safepoint region: GenCollectForAllocation
[90.006s][info][gc       ] GC(258) Pause Young (Allocation Failure) 2599M->1734M(5011M) 2.334ms
[90.006s][info][safepoint] Leaving safepoint region
[90.007s][info][safepoint] Total time for which application threads were stopped: 0.0037989 seconds, Stopping threads took: 0.0004457 seconds
[90.275s][info][safepoint] Application time: 0.2684070 seconds
[90.276s][info][safepoint] Entering safepoint region: GenCollectForAllocation
[90.278s][info][gc       ] GC(259) Pause Young (Allocation Failure) 2599M->1734M(5011M) 2.359ms
[90.279s][info][safepoint] Leaving safepoint region
[90.279s][info][safepoint] Total time for which application threads were stopped: 0.0034557 seconds, Stopping threads took: 0.0002569 seconds
[90.555s][info][safepoint] Application time: 0.2753301 seconds
[90.555s][info][safepoint] Entering safepoint region: GenCollectForAllocation
[90.559s][info][gc       ] GC(260) Pause Young (Allocation Failure) 2599M->1734M(5011M) 2.651ms
[90.559s][info][safepoint] Leaving safepoint region
[90.560s][info][safepoint] Total time for which application threads were stopped: 0.0041548 seconds, Stopping threads took: 0.0005000 seconds
[90.831s][info][safepoint] Application time: 0.2710757 seconds
[90.832s][info][safepoint] Entering safepoint region: GenCollectForAllocation
[90.834s][info][gc       ] GC(261) Pause Young (Allocation Failure) 2599M->1734M(5011M) 2.141ms
[90.835s][info][safepoint] Leaving safepoint region
[90.835s][info][safepoint] Total time for which application threads were stopped: 0.0037021 seconds, Stopping threads took: 0.0005381 seconds
[91.110s][info][safepoint] Application time: 0.2743525 seconds
[91.111s][info][safepoint] Entering safepoint region: GenCollectForAllocation
[91.113s][info][gc       ] GC(262) Pause Young (Allocation Failure) 2599M->1734M(5011M) 2.066ms
[91.114s][info][safepoint] Leaving safepoint region
[91.114s][info][safepoint] Total time for which application threads were stopped: 0.0035523 seconds, Stopping threads took: 0.0004730 seconds
[91.388s][info][safepoint] Application time: 0.2733518 seconds
[91.388s][info][safepoint] Entering safepoint region: GenCollectForAllocation
[91.391s][info][gc       ] GC(263) Pause Young (Allocation Failure) 2599M->1734M(5011M) 2.359ms
[91.392s][info][safepoint] Leaving safepoint region
[91.392s][info][safepoint] Total time for which application threads were stopped: 0.0038463 seconds, Stopping threads took: 0.0004773 seconds
[91.668s][info][safepoint] Application time: 0.2757332 seconds
[91.669s][info][safepoint] Entering safepoint region: GenCollectForAllocation
[91.672s][info][gc       ] GC(264) Pause Young (Allocation Failure) 2599M->1734M(5011M) 2.291ms
[91.672s][info][safepoint] Leaving safepoint region
[91.672s][info][safepoint] Total time for which application threads were stopped: 0.0033654 seconds, Stopping threads took: 0.0004241 seconds
[91.946s][info][safepoint] Application time: 0.2730678 seconds
[91.946s][info][safepoint] Entering safepoint region: GenCollectForAllocation
[91.949s][info][gc       ] GC(265) Pause Young (Allocation Failure) 2599M->1734M(5011M) 2.339ms
[91.949s][info][safepoint] Leaving safepoint region
[91.950s][info][safepoint] Total time for which application threads were stopped: 0.0036535 seconds, Stopping threads took: 0.0004366 seconds
[92.219s][info][safepoint] Application time: 0.2694208 seconds
[92.220s][info][safepoint] Entering safepoint region: GenCollectForAllocation
[92.222s][info][gc       ] GC(266) Pause Young (Allocation Failure) 2599M->1734M(5011M) 2.013ms
[92.223s][info][safepoint] Leaving safepoint region
[92.224s][info][safepoint] Total time for which application threads were stopped: 0.0035512 seconds, Stopping threads took: 0.0004824 seconds
[92.491s][info][safepoint] Application time: 0.2673851 seconds
[92.492s][info][safepoint] Entering safepoint region: GenCollectForAllocation
[92.494s][info][gc       ] GC(267) Pause Young (Allocation Failure) 2599M->1734M(5011M) 1.932ms
[92.495s][info][safepoint] Leaving safepoint region
[92.495s][info][safepoint] Total time for which application threads were stopped: 0.0032514 seconds, Stopping threads took: 0.0004405 seconds
[92.768s][info][safepoint] Application time: 0.2726238 seconds
[92.769s][info][safepoint] Entering safepoint region: GenCollectForAllocation
[92.772s][info][gc       ] GC(268) Pause Young (Allocation Failure) 2599M->1734M(5011M) 2.397ms
[92.772s][info][safepoint] Leaving safepoint region
[92.772s][info][safepoint] Total time for which application threads were stopped: 0.0037552 seconds, Stopping threads took: 0.0004560 seconds
[93.046s][info][safepoint] Application time: 0.2733260 seconds
[93.047s][info][safepoint] Entering safepoint region: GenCollectForAllocation
[93.049s][info][gc       ] GC(269) Pause Young (Allocation Failure) 2599M->1734M(5011M) 2.303ms
[93.050s][info][safepoint] Leaving safepoint region
[93.050s][info][safepoint] Total time for which application threads were stopped: 0.0037891 seconds, Stopping threads took: 0.0004513 seconds
[93.325s][info][safepoint] Application time: 0.2736047 seconds
[93.325s][info][safepoint] Entering safepoint region: GenCollectForAllocation
[93.328s][info][gc       ] GC(270) Pause Young (Allocation Failure) 2599M->1734M(5011M) 2.362ms
[93.328s][info][safepoint] Leaving safepoint region
[93.329s][info][safepoint] Total time for which application threads were stopped: 0.0039079 seconds, Stopping threads took: 0.0004556 seconds
[93.603s][info][safepoint] Application time: 0.2733671 seconds
[93.603s][info][safepoint] Entering safepoint region: GenCollectForAllocation
[93.606s][info][gc       ] GC(271) Pause Young (Allocation Failure) 2599M->1734M(5011M) 2.403ms
[93.606s][info][safepoint] Leaving safepoint region
[93.607s][info][safepoint] Total time for which application threads were stopped: 0.0035240 seconds, Stopping threads took: 0.0004857 seconds
[93.880s][info][safepoint] Application time: 0.2734968 seconds
[93.881s][info][safepoint] Entering safepoint region: GenCollectForAllocation
[93.884s][info][gc       ] GC(272) Pause Young (Allocation Failure) 2599M->1734M(5011M) 2.300ms
[93.884s][info][safepoint] Leaving safepoint region
[93.884s][info][safepoint] Total time for which application threads were stopped: 0.0034883 seconds, Stopping threads took: 0.0004027 seconds
[94.156s][info][safepoint] Application time: 0.2719114 seconds
[94.157s][info][safepoint] Entering safepoint region: GenCollectForAllocation
[94.160s][info][gc       ] GC(273) Pause Young (Allocation Failure) 2599M->1734M(5011M) 2.385ms
[94.160s][info][safepoint] Leaving safepoint region
[94.161s][info][safepoint] Total time for which application threads were stopped: 0.0035876 seconds, Stopping threads took: 0.0004827 seconds
[94.435s][info][safepoint] Application time: 0.2741648 seconds
[94.436s][info][safepoint] Entering safepoint region: GenCollectForAllocation
[94.438s][info][gc       ] GC(274) Pause Young (Allocation Failure) 2599M->1734M(5011M) 2.354ms
[94.439s][info][safepoint] Leaving safepoint region
[94.439s][info][safepoint] Total time for which application threads were stopped: 0.0038114 seconds, Stopping threads took: 0.0004420 seconds
[94.714s][info][safepoint] Application time: 0.2741347 seconds
[94.715s][info][safepoint] Entering safepoint region: GenCollectForAllocation
[94.718s][info][gc       ] GC(275) Pause Young (Allocation Failure) 2599M->1734M(5011M) 2.388ms
[94.718s][info][safepoint] Leaving safepoint region
[94.719s][info][safepoint] Total time for which application threads were stopped: 0.0039577 seconds, Stopping threads took: 0.0005175 seconds
[94.983s][info][safepoint] Application time: 0.2642013 seconds
[94.984s][info][safepoint] Entering safepoint region: GenCollectForAllocation
[94.987s][info][gc       ] GC(276) Pause Young (Allocation Failure) 2599M->1734M(5011M) 2.271ms
[94.987s][info][safepoint] Leaving safepoint region
[94.987s][info][safepoint] Total time for which application threads were stopped: 0.0036550 seconds, Stopping threads took: 0.0004970 seconds
[95.255s][info][safepoint] Application time: 0.2675121 seconds
[95.256s][info][safepoint] Entering safepoint region: GenCollectForAllocation
[95.258s][info][gc       ] GC(277) Pause Young (Allocation Failure) 2599M->1734M(5011M) 1.994ms
[95.258s][info][safepoint] Leaving safepoint region
[95.259s][info][safepoint] Total time for which application threads were stopped: 0.0030891 seconds, Stopping threads took: 0.0002212 seconds
[95.523s][info][safepoint] Application time: 0.2637539 seconds
[95.523s][info][safepoint] Entering safepoint region: GenCollectForAllocation
[95.526s][info][gc       ] GC(278) Pause Young (Allocation Failure) 2599M->1734M(5011M) 2.351ms
[95.526s][info][safepoint] Leaving safepoint region
[95.527s][info][safepoint] Total time for which application threads were stopped: 0.0035325 seconds, Stopping threads took: 0.0003485 seconds
[95.641s][info][safepoint] Application time: 0.1138222 seconds
[95.641s][info][safepoint] Entering safepoint region: GenCollectForAllocation
[96.063s][info][gc       ] GC(279) Pause Young (Allocation Failure) 2599M->2599M(5011M) 421.748ms
[96.064s][info][safepoint] Leaving safepoint region
[96.064s][info][safepoint] Total time for which application threads were stopped: 0.4226085 seconds, Stopping threads took: 0.0002790 seconds
[96.064s][info][safepoint] Application time: 0.0000838 seconds
[96.084s][info][safepoint] Entering safepoint region: CMS_Initial_Mark
[96.124s][info][gc       ] GC(280) Pause Initial Mark 2789M->2789M(5011M) 39.059ms
[96.124s][info][safepoint] Leaving safepoint region
[96.124s][info][safepoint] Total time for which application threads were stopped: 0.0404281 seconds, Stopping threads took: 0.0005619 seconds
[96.125s][info][gc       ] GC(280) Concurrent Mark
[96.206s][info][safepoint] Application time: 0.0818852 seconds
[96.207s][info][safepoint] Entering safepoint region: GenCollectForAllocation
[96.778s][info][gc       ] GC(281) Pause Young (Allocation Failure) 3413M->3470M(5011M) 570.747ms
[96.779s][info][safepoint] Leaving safepoint region
[96.779s][info][safepoint] Total time for which application threads were stopped: 0.5716490 seconds, Stopping threads took: 0.0004573 seconds
[97.045s][info][gc       ] GC(280) Concurrent Mark 920.209ms
[97.045s][info][gc       ] GC(280) Concurrent Preclean
[97.116s][info][safepoint] Application time: 0.3376152 seconds
[97.117s][info][safepoint] Entering safepoint region: GenCollectForAllocation
[97.481s][info][gc       ] GC(280) Concurrent Preclean 435.943ms
[99.360s][info][gc       ] GC(283) Pause Full (Allocation Failure) 4336M->1734M(5011M) 2242.648ms
[99.361s][info][gc       ] GC(282) Pause Young (Allocation Failure) 4336M->1734M(5011M) 2243.188ms
[99.361s][info][safepoint] Leaving safepoint region
[99.361s][info][safepoint] Total time for which application threads were stopped: 2.2446030 seconds, Stopping threads took: 0.0004528 seconds
[99.632s][info][safepoint] Application time: 0.2702394 seconds
[99.633s][info][safepoint] Entering safepoint region: GenCollectForAllocation
[99.636s][info][gc       ] GC(284) Pause Young (Allocation Failure) 2599M->1744M(5011M) 2.474ms
[99.636s][info][safepoint] Leaving safepoint region
[99.637s][info][safepoint] Total time for which application threads were stopped: 0.0040813 seconds, Stopping threads took: 0.0004715 seconds
[99.906s][info][safepoint] Application time: 0.2688834 seconds
[99.907s][info][safepoint] Entering safepoint region: GenCollectForAllocation
[99.910s][info][gc       ] GC(285) Pause Young (Allocation Failure) 2609M->1736M(5011M) 2.383ms
[99.910s][info][safepoint] Leaving safepoint region
[99.911s][info][safepoint] Total time for which application threads were stopped: 0.0039338 seconds, Stopping threads took: 0.0005133 seconds
[100.185s][info][safepoint] Application time: 0.2740735 seconds
[100.186s][info][safepoint] Entering safepoint region: GenCollectForAllocation
[100.188s][info][gc       ] GC(286) Pause Young (Allocation Failure) 2602M->1734M(5011M) 2.441ms
[100.189s][info][safepoint] Leaving safepoint region
[100.189s][info][safepoint] Total time for which application threads were stopped: 0.0034089 seconds, Stopping threads took: 0.0002699 seconds
[100.465s][info][safepoint] Application time: 0.2755358 seconds
[100.465s][info][safepoint] Entering safepoint region: GenCollectForAllocation
[100.469s][info][gc       ] GC(287) Pause Young (Allocation Failure) 2600M->1734M(5011M) 2.730ms
[100.469s][info][safepoint] Leaving safepoint region
[100.470s][info][safepoint] Total time for which application threads were stopped: 0.0041158 seconds, Stopping threads took: 0.0004518 seconds
[100.747s][info][safepoint] Application time: 0.2765944 seconds
[100.747s][info][safepoint] Entering safepoint region: GenCollectForAllocation
[100.750s][info][gc       ] GC(288) Pause Young (Allocation Failure) 2599M->1734M(5011M) 2.364ms
[100.750s][info][safepoint] Leaving safepoint region
[100.751s][info][safepoint] Total time for which application threads were stopped: 0.0036938 seconds, Stopping threads took: 0.0004224 seconds
[101.021s][info][safepoint] Application time: 0.2703038 seconds
[101.022s][info][safepoint] Entering safepoint region: GenCollectForAllocation
[101.025s][info][gc       ] GC(289) Pause Young (Allocation Failure) 2599M->1734M(5011M) 2.326ms
[101.025s][info][safepoint] Leaving safepoint region
[101.026s][info][safepoint] Total time for which application threads were stopped: 0.0039998 seconds, Stopping threads took: 0.0005249 seconds
[101.296s][info][safepoint] Application time: 0.2689777 seconds
[101.296s][info][safepoint] Entering safepoint region: GenCollectForAllocation
[101.299s][info][gc       ] GC(290) Pause Young (Allocation Failure) 2599M->1734M(5011M) 2.114ms
[101.299s][info][safepoint] Leaving safepoint region
[101.300s][info][safepoint] Total time for which application threads were stopped: 0.0035859 seconds, Stopping threads took: 0.0004730 seconds
[101.576s][info][safepoint] Application time: 0.2761459 seconds
[101.577s][info][safepoint] Entering safepoint region: GenCollectForAllocation
[101.580s][info][gc       ] GC(291) Pause Young (Allocation Failure) 2599M->1734M(5011M) 2.429ms
[101.580s][info][safepoint] Leaving safepoint region
[101.580s][info][safepoint] Total time for which application threads were stopped: 0.0037462 seconds, Stopping threads took: 0.0003889 seconds
[101.854s][info][safepoint] Application time: 0.2735722 seconds
[101.855s][info][safepoint] Entering safepoint region: GenCollectForAllocation
[101.858s][info][gc       ] GC(292) Pause Young (Allocation Failure) 2599M->1734M(5011M) 2.166ms
[101.858s][info][safepoint] Leaving safepoint region
[101.859s][info][safepoint] Total time for which application threads were stopped: 0.0036881 seconds, Stopping threads took: 0.0005102 seconds
[102.130s][info][safepoint] Application time: 0.2706214 seconds
[102.130s][info][safepoint] Entering safepoint region: GenCollectForAllocation
[102.133s][info][gc       ] GC(293) Pause Young (Allocation Failure) 2599M->1734M(5011M) 2.261ms
[102.133s][info][safepoint] Leaving safepoint region
[102.134s][info][safepoint] Total time for which application threads were stopped: 0.0035943 seconds, Stopping threads took: 0.0003880 seconds
[102.405s][info][safepoint] Application time: 0.2706717 seconds
[102.405s][info][safepoint] Entering safepoint region: GenCollectForAllocation
[102.408s][info][gc       ] GC(294) Pause Young (Allocation Failure) 2599M->1734M(5011M) 2.185ms
[102.409s][info][safepoint] Leaving safepoint region
[102.409s][info][safepoint] Total time for which application threads were stopped: 0.0035274 seconds, Stopping threads took: 0.0004539 seconds
[102.683s][info][safepoint] Application time: 0.2732911 seconds
[102.683s][info][safepoint] Entering safepoint region: GenCollectForAllocation
[102.686s][info][gc       ] GC(295) Pause Young (Allocation Failure) 2599M->1734M(5011M) 2.059ms
[102.686s][info][safepoint] Leaving safepoint region
[102.686s][info][safepoint] Total time for which application threads were stopped: 0.0030602 seconds, Stopping threads took: 0.0003266 seconds
[102.960s][info][safepoint] Application time: 0.2739102 seconds
[102.961s][info][safepoint] Entering safepoint region: GenCollectForAllocation
[102.964s][info][gc       ] GC(296) Pause Young (Allocation Failure) 2599M->1734M(5011M) 2.393ms
[102.964s][info][safepoint] Leaving safepoint region
[102.964s][info][safepoint] Total time for which application threads were stopped: 0.0034005 seconds, Stopping threads took: 0.0003858 seconds
[103.234s][info][safepoint] Application time: 0.2695583 seconds
[103.235s][info][safepoint] Entering safepoint region: GenCollectForAllocation
[103.238s][info][gc       ] GC(297) Pause Young (Allocation Failure) 2599M->1734M(5011M) 2.435ms
[103.238s][info][safepoint] Leaving safepoint region
[103.239s][info][safepoint] Total time for which application threads were stopped: 0.0041780 seconds, Stopping threads took: 0.0005866 seconds
[103.511s][info][safepoint] Application time: 0.2717541 seconds
[103.512s][info][safepoint] Entering safepoint region: GenCollectForAllocation
[103.514s][info][gc       ] GC(298) Pause Young (Allocation Failure) 2599M->1734M(5011M) 2.135ms
[103.515s][info][safepoint] Leaving safepoint region
[103.515s][info][safepoint] Total time for which application threads were stopped: 0.0035589 seconds, Stopping threads took: 0.0006846 seconds
[103.794s][info][safepoint] Application time: 0.2782259 seconds
[103.794s][info][safepoint] Entering safepoint region: GenCollectForAllocation
[103.797s][info][gc       ] GC(299) Pause Young (Allocation Failure) 2599M->1734M(5011M) 2.550ms
[103.798s][info][safepoint] Leaving safepoint region
[103.798s][info][safepoint] Total time for which application threads were stopped: 0.0040567 seconds, Stopping threads took: 0.0004620 seconds
[104.068s][info][safepoint] Application time: 0.2693829 seconds
[104.069s][info][safepoint] Entering safepoint region: GenCollectForAllocation
[104.071s][info][gc       ] GC(300) Pause Young (Allocation Failure) 2599M->1734M(5011M) 2.234ms
[104.072s][info][safepoint] Leaving safepoint region
[104.072s][info][safepoint] Total time for which application threads were stopped: 0.0037281 seconds, Stopping threads took: 0.0004375 seconds
[104.343s][info][safepoint] Application time: 0.2696579 seconds
[104.343s][info][safepoint] Entering safepoint region: GenCollectForAllocation
[104.346s][info][gc       ] GC(301) Pause Young (Allocation Failure) 2599M->1734M(5011M) 2.369ms
[104.347s][info][safepoint] Leaving safepoint region
[104.347s][info][safepoint] Total time for which application threads were stopped: 0.0039671 seconds, Stopping threads took: 0.0005136 seconds
[104.616s][info][safepoint] Application time: 0.2682968 seconds
[104.617s][info][safepoint] Entering safepoint region: GenCollectForAllocation
[104.619s][info][gc       ] GC(302) Pause Young (Allocation Failure) 2599M->1734M(5011M) 2.288ms
[104.620s][info][safepoint] Leaving safepoint region
[104.620s][info][safepoint] Total time for which application threads were stopped: 0.0038055 seconds, Stopping threads took: 0.0004024 seconds
[104.890s][info][safepoint] Application time: 0.2693135 seconds
[104.891s][info][safepoint] Entering safepoint region: GenCollectForAllocation
[104.894s][info][gc       ] GC(303) Pause Young (Allocation Failure) 2599M->1734M(5011M) 2.440ms
[104.894s][info][safepoint] Leaving safepoint region
[104.895s][info][safepoint] Total time for which application threads were stopped: 0.0040964 seconds, Stopping threads took: 0.0004979 seconds
[105.169s][info][safepoint] Application time: 0.2734818 seconds
[105.169s][info][safepoint] Entering safepoint region: GenCollectForAllocation
[105.172s][info][gc       ] GC(304) Pause Young (Allocation Failure) 2599M->1734M(5011M) 2.385ms
[105.173s][info][safepoint] Leaving safepoint region
[105.173s][info][safepoint] Total time for which application threads were stopped: 0.0038152 seconds, Stopping threads took: 0.0004870 seconds
[105.447s][info][safepoint] Application time: 0.2738752 seconds
[105.448s][info][safepoint] Entering safepoint region: GenCollectForAllocation
[105.451s][info][gc       ] GC(305) Pause Young (Allocation Failure) 2599M->1734M(5011M) 2.250ms
[105.451s][info][safepoint] Leaving safepoint region
[105.452s][info][safepoint] Total time for which application threads were stopped: 0.0036723 seconds, Stopping threads took: 0.0004194 seconds
[105.729s][info][safepoint] Application time: 0.2772631 seconds
[105.730s][info][safepoint] Entering safepoint region: GenCollectForAllocation
[105.733s][info][gc       ] GC(306) Pause Young (Allocation Failure) 2599M->1734M(5011M) 2.374ms
[105.733s][info][safepoint] Leaving safepoint region
[105.734s][info][safepoint] Total time for which application threads were stopped: 0.0039748 seconds, Stopping threads took: 0.0004761 seconds
[106.006s][info][safepoint] Application time: 0.2713793 seconds
[106.006s][info][safepoint] Entering safepoint region: GenCollectForAllocation
[106.009s][info][gc       ] GC(307) Pause Young (Allocation Failure) 2599M->1734M(5011M) 2.442ms
[106.009s][info][safepoint] Leaving safepoint region
[106.010s][info][safepoint] Total time for which application threads were stopped: 0.0038925 seconds, Stopping threads took: 0.0004148 seconds
[106.284s][info][safepoint] Application time: 0.2732679 seconds
[106.284s][info][safepoint] Entering safepoint region: GenCollectForAllocation
[106.287s][info][gc       ] GC(308) Pause Young (Allocation Failure) 2599M->1734M(5011M) 2.409ms
[106.288s][info][safepoint] Leaving safepoint region
[106.288s][info][safepoint] Total time for which application threads were stopped: 0.0039657 seconds, Stopping threads took: 0.0004853 seconds
[106.564s][info][safepoint] Application time: 0.2758648 seconds
[106.565s][info][safepoint] Entering safepoint region: GenCollectForAllocation
[106.568s][info][gc       ] GC(309) Pause Young (Allocation Failure) 2599M->1734M(5011M) 2.328ms
[106.568s][info][safepoint] Leaving safepoint region
[106.569s][info][safepoint] Total time for which application threads were stopped: 0.0036273 seconds, Stopping threads took: 0.0005013 seconds
[106.838s][info][safepoint] Application time: 0.2693703 seconds
[106.839s][info][safepoint] Entering safepoint region: GenCollectForAllocation
[106.842s][info][gc       ] GC(310) Pause Young (Allocation Failure) 2599M->1734M(5011M) 2.291ms
[106.842s][info][safepoint] Leaving safepoint region
[106.843s][info][safepoint] Total time for which application threads were stopped: 0.0036871 seconds, Stopping threads took: 0.0005074 seconds
[107.113s][info][safepoint] Application time: 0.2700324 seconds
[107.113s][info][safepoint] Entering safepoint region: GenCollectForAllocation
[107.116s][info][gc       ] GC(311) Pause Young (Allocation Failure) 2599M->1734M(5011M) 2.431ms
[107.117s][info][safepoint] Leaving safepoint region
[107.117s][info][safepoint] Total time for which application threads were stopped: 0.0038119 seconds, Stopping threads took: 0.0004310 seconds
[107.387s][info][safepoint] Application time: 0.2691328 seconds
[107.387s][info][safepoint] Entering safepoint region: GenCollectForAllocation
[107.390s][info][gc       ] GC(312) Pause Young (Allocation Failure) 2599M->1734M(5011M) 2.390ms
[107.391s][info][safepoint] Leaving safepoint region
[107.391s][info][safepoint] Total time for which application threads were stopped: 0.0037515 seconds, Stopping threads took: 0.0004311 seconds
[107.665s][info][safepoint] Application time: 0.2739178 seconds
[107.666s][info][safepoint] Entering safepoint region: GenCollectForAllocation
[107.669s][info][gc       ] GC(313) Pause Young (Allocation Failure) 2599M->1734M(5011M) 2.451ms
[107.669s][info][safepoint] Leaving safepoint region
[107.670s][info][safepoint] Total time for which application threads were stopped: 0.0040177 seconds, Stopping threads took: 0.0005002 seconds
[107.940s][info][safepoint] Application time: 0.2697718 seconds
[107.940s][info][safepoint] Entering safepoint region: GenCollectForAllocation
[107.943s][info][gc       ] GC(314) Pause Young (Allocation Failure) 2599M->1734M(5011M) 2.015ms
[107.944s][info][safepoint] Leaving safepoint region
[107.944s][info][safepoint] Total time for which application threads were stopped: 0.0035887 seconds, Stopping threads took: 0.0004772 seconds
[108.218s][info][safepoint] Application time: 0.2733545 seconds
[108.218s][info][safepoint] Entering safepoint region: GenCollectForAllocation
[108.221s][info][gc       ] GC(315) Pause Young (Allocation Failure) 2599M->1734M(5011M) 2.351ms
[108.221s][info][safepoint] Leaving safepoint region
[108.222s][info][safepoint] Total time for which application threads were stopped: 0.0033373 seconds, Stopping threads took: 0.0002956 seconds
[108.491s][info][safepoint] Application time: 0.2686602 seconds
[108.491s][info][safepoint] Entering safepoint region: GenCollectForAllocation
[108.494s][info][gc       ] GC(316) Pause Young (Allocation Failure) 2599M->1734M(5011M) 2.527ms
[108.494s][info][safepoint] Leaving safepoint region
[108.495s][info][safepoint] Total time for which application threads were stopped: 0.0036925 seconds, Stopping threads took: 0.0003775 seconds
[108.761s][info][safepoint] Application time: 0.2658543 seconds
[108.762s][info][safepoint] Entering safepoint region: GenCollectForAllocation
[108.764s][info][gc       ] GC(317) Pause Young (Allocation Failure) 2599M->1734M(5011M) 2.102ms
[108.765s][info][safepoint] Leaving safepoint region
[108.765s][info][safepoint] Total time for which application threads were stopped: 0.0035278 seconds, Stopping threads took: 0.0004142 seconds
[109.029s][info][safepoint] Application time: 0.2639419 seconds
[109.030s][info][safepoint] Entering safepoint region: GenCollectForAllocation
[109.033s][info][gc       ] GC(318) Pause Young (Allocation Failure) 2599M->1734M(5011M) 2.412ms
[109.033s][info][safepoint] Leaving safepoint region
[109.034s][info][safepoint] Total time for which application threads were stopped: 0.0037256 seconds, Stopping threads took: 0.0003943 seconds
[109.147s][info][safepoint] Application time: 0.1125651 seconds
[109.147s][info][safepoint] Entering safepoint region: GenCollectForAllocation
[109.572s][info][gc       ] GC(319) Pause Young (Allocation Failure) 2599M->2599M(5011M) 424.729ms
[109.573s][info][safepoint] Leaving safepoint region
[109.573s][info][safepoint] Total time for which application threads were stopped: 0.4257255 seconds, Stopping threads took: 0.0005246 seconds
[109.573s][info][safepoint] Application time: 0.0000830 seconds
[109.598s][info][safepoint] Entering safepoint region: CMS_Initial_Mark
[109.638s][info][gc       ] GC(320) Pause Initial Mark 2807M->2807M(5011M) 39.513ms
[109.638s][info][safepoint] Leaving safepoint region
[109.638s][info][safepoint] Total time for which application threads were stopped: 0.0445006 seconds, Stopping threads took: 0.0042625 seconds
[109.639s][info][gc       ] GC(320) Concurrent Mark
[109.715s][info][safepoint] Application time: 0.0767602 seconds
[109.716s][info][safepoint] Entering safepoint region: GenCollectForAllocation
[110.277s][info][gc       ] GC(321) Pause Young (Allocation Failure) 3413M->3470M(5011M) 560.175ms
[110.277s][info][safepoint] Leaving safepoint region
[110.277s][info][safepoint] Total time for which application threads were stopped: 0.5609281 seconds, Stopping threads took: 0.0003923 seconds
[110.509s][info][gc       ] GC(320) Concurrent Mark 870.396ms
[110.510s][info][gc       ] GC(320) Concurrent Preclean
[110.627s][info][safepoint] Application time: 0.3503208 seconds
[110.628s][info][safepoint] Entering safepoint region: GenCollectForAllocation
[110.960s][info][gc       ] GC(320) Concurrent Preclean 450.170ms
[112.866s][info][gc       ] GC(323) Pause Full (Allocation Failure) 4336M->1734M(5011M) 2237.697ms
[112.866s][info][gc       ] GC(322) Pause Young (Allocation Failure) 4336M->1734M(5011M) 2238.326ms
[112.867s][info][safepoint] Leaving safepoint region
[112.867s][info][safepoint] Total time for which application threads were stopped: 2.2397921 seconds, Stopping threads took: 0.0003328 seconds
[113.138s][info][safepoint] Application time: 0.2702641 seconds
[113.139s][info][safepoint] Entering safepoint region: GenCollectForAllocation
[113.142s][info][gc       ] GC(324) Pause Young (Allocation Failure) 2599M->1751M(5011M) 2.480ms
[113.142s][info][safepoint] Leaving safepoint region
[113.143s][info][safepoint] Total time for which application threads were stopped: 0.0038786 seconds, Stopping threads took: 0.0004779 seconds
[113.414s][info][safepoint] Application time: 0.2711844 seconds
[113.415s][info][safepoint] Entering safepoint region: GenCollectForAllocation
[113.417s][info][gc       ] GC(325) Pause Young (Allocation Failure) 2616M->1736M(5011M) 2.151ms
[113.418s][info][safepoint] Leaving safepoint region
[113.418s][info][safepoint] Total time for which application threads were stopped: 0.0036414 seconds, Stopping threads took: 0.0004332 seconds
[113.700s][info][safepoint] Application time: 0.2813807 seconds
[113.701s][info][safepoint] Entering safepoint region: GenCollectForAllocation
[113.704s][info][gc       ] GC(326) Pause Young (Allocation Failure) 2602M->1735M(5011M) 2.482ms
[113.704s][info][safepoint] Leaving safepoint region
[113.704s][info][safepoint] Total time for which application threads were stopped: 0.0037957 seconds, Stopping threads took: 0.0004313 seconds
[113.985s][info][safepoint] Application time: 0.2800017 seconds
[113.985s][info][safepoint] Entering safepoint region: GenCollectForAllocation
[113.988s][info][gc       ] GC(327) Pause Young (Allocation Failure) 2600M->1734M(5011M) 2.266ms
[113.989s][info][safepoint] Leaving safepoint region
[113.989s][info][safepoint] Total time for which application threads were stopped: 0.0036576 seconds, Stopping threads took: 0.0004352 seconds
[114.263s][info][safepoint] Application time: 0.2735015 seconds
[114.263s][info][safepoint] Entering safepoint region: GenCollectForAllocation
[114.266s][info][gc       ] GC(328) Pause Young (Allocation Failure) 2599M->1734M(5011M) 2.422ms
[114.267s][info][safepoint] Leaving safepoint region
[114.267s][info][safepoint] Total time for which application threads were stopped: 0.0037340 seconds, Stopping threads took: 0.0004833 seconds
[114.536s][info][safepoint] Application time: 0.2686444 seconds
[114.537s][info][safepoint] Entering safepoint region: GenCollectForAllocation
[114.540s][info][gc       ] GC(329) Pause Young (Allocation Failure) 2599M->1734M(5011M) 2.401ms
[114.540s][info][safepoint] Leaving safepoint region
[114.541s][info][safepoint] Total time for which application threads were stopped: 0.0039995 seconds, Stopping threads took: 0.0005155 seconds
[114.811s][info][safepoint] Application time: 0.2695239 seconds
[114.811s][info][safepoint] Entering safepoint region: GenCollectForAllocation
[114.814s][info][gc       ] GC(330) Pause Young (Allocation Failure) 2599M->1734M(5011M) 2.321ms
[114.815s][info][safepoint] Leaving safepoint region
[114.815s][info][safepoint] Total time for which application threads were stopped: 0.0038346 seconds, Stopping threads took: 0.0004690 seconds
[115.088s][info][safepoint] Application time: 0.2724005 seconds
[115.088s][info][safepoint] Entering safepoint region: GenCollectForAllocation
[115.091s][info][gc       ] GC(331) Pause Young (Allocation Failure) 2599M->1734M(5011M) 2.337ms
[115.092s][info][safepoint] Leaving safepoint region
[115.092s][info][safepoint] Total time for which application threads were stopped: 0.0038925 seconds, Stopping threads took: 0.0004972 seconds
[115.366s][info][safepoint] Application time: 0.2737004 seconds
[115.367s][info][safepoint] Entering safepoint region: GenCollectForAllocation
[115.370s][info][gc       ] GC(332) Pause Young (Allocation Failure) 2599M->1734M(5011M) 2.206ms
[115.370s][info][safepoint] Leaving safepoint region
[115.370s][info][safepoint] Total time for which application threads were stopped: 0.0034536 seconds, Stopping threads took: 0.0004319 seconds
[115.644s][info][safepoint] Application time: 0.2729355 seconds
[115.644s][info][safepoint] Entering safepoint region: GenCollectForAllocation
[115.647s][info][gc       ] GC(333) Pause Young (Allocation Failure) 2599M->1734M(5011M) 2.392ms
[115.648s][info][safepoint] Leaving safepoint region
[115.648s][info][safepoint] Total time for which application threads were stopped: 0.0037262 seconds, Stopping threads took: 0.0004691 seconds
[115.925s][info][safepoint] Application time: 0.2771249 seconds
[115.926s][info][safepoint] Entering safepoint region: GenCollectForAllocation
[115.929s][info][gc       ] GC(334) Pause Young (Allocation Failure) 2599M->1734M(5011M) 2.293ms
[115.929s][info][safepoint] Leaving safepoint region
[115.929s][info][safepoint] Total time for which application threads were stopped: 0.0034767 seconds, Stopping threads took: 0.0003863 seconds
[116.200s][info][safepoint] Application time: 0.2699630 seconds
[116.200s][info][safepoint] Entering safepoint region: GenCollectForAllocation
[116.202s][info][gc       ] GC(335) Pause Young (Allocation Failure) 2599M->1734M(5011M) 1.928ms
[116.203s][info][safepoint] Leaving safepoint region
[116.203s][info][safepoint] Total time for which application threads were stopped: 0.0034218 seconds, Stopping threads took: 0.0004435 seconds
[116.475s][info][safepoint] Application time: 0.2713305 seconds
[116.476s][info][safepoint] Entering safepoint region: GenCollectForAllocation
[116.479s][info][gc       ] GC(336) Pause Young (Allocation Failure) 2599M->1734M(5011M) 2.514ms
[116.479s][info][safepoint] Leaving safepoint region
[116.479s][info][safepoint] Total time for which application threads were stopped: 0.0037897 seconds, Stopping threads took: 0.0003613 seconds
[116.748s][info][safepoint] Application time: 0.2678795 seconds
[116.748s][info][safepoint] Entering safepoint region: GenCollectForAllocation
[116.751s][info][gc       ] GC(337) Pause Young (Allocation Failure) 2599M->1734M(5011M) 1.871ms
[116.751s][info][safepoint] Leaving safepoint region
[116.751s][info][safepoint] Total time for which application threads were stopped: 0.0030293 seconds, Stopping threads took: 0.0004116 seconds
[117.025s][info][safepoint] Application time: 0.2729783 seconds
[117.025s][info][safepoint] Entering safepoint region: GenCollectForAllocation
[117.028s][info][gc       ] GC(338) Pause Young (Allocation Failure) 2599M->1734M(5011M) 2.258ms
[117.029s][info][safepoint] Leaving safepoint region
[117.029s][info][safepoint] Total time for which application threads were stopped: 0.0037223 seconds, Stopping threads took: 0.0004434 seconds
[117.295s][info][safepoint] Application time: 0.2659371 seconds
[117.296s][info][safepoint] Entering safepoint region: GenCollectForAllocation
[117.299s][info][gc       ] GC(339) Pause Young (Allocation Failure) 2599M->1734M(5011M) 2.312ms
[117.299s][info][safepoint] Leaving safepoint region
[117.300s][info][safepoint] Total time for which application threads were stopped: 0.0039749 seconds, Stopping threads took: 0.0005356 seconds
[117.572s][info][safepoint] Application time: 0.2714199 seconds
[117.572s][info][safepoint] Entering safepoint region: GenCollectForAllocation
[117.575s][info][gc       ] GC(340) Pause Young (Allocation Failure) 2599M->1734M(5011M) 2.368ms
[117.576s][info][safepoint] Leaving safepoint region
[117.576s][info][safepoint] Total time for which application threads were stopped: 0.0039925 seconds, Stopping threads took: 0.0004512 seconds
[117.848s][info][safepoint] Application time: 0.2711155 seconds
[117.848s][info][safepoint] Entering safepoint region: GenCollectForAllocation
[117.851s][info][gc       ] GC(341) Pause Young (Allocation Failure) 2599M->1734M(5011M) 1.868ms
[117.851s][info][safepoint] Leaving safepoint region
[117.851s][info][safepoint] Total time for which application threads were stopped: 0.0031340 seconds, Stopping threads took: 0.0003712 seconds
[118.119s][info][safepoint] Application time: 0.2674683 seconds
[118.120s][info][safepoint] Entering safepoint region: GenCollectForAllocation
[118.123s][info][gc       ] GC(342) Pause Young (Allocation Failure) 2599M->1734M(5011M) 2.276ms
[118.123s][info][safepoint] Leaving safepoint region
[118.124s][info][safepoint] Total time for which application threads were stopped: 0.0039294 seconds, Stopping threads took: 0.0005399 seconds
[118.400s][info][safepoint] Application time: 0.2754817 seconds
[118.401s][info][safepoint] Entering safepoint region: GenCollectForAllocation
[118.403s][info][gc       ] GC(343) Pause Young (Allocation Failure) 2599M->1734M(5011M) 2.292ms
[118.404s][info][safepoint] Leaving safepoint region
[118.404s][info][safepoint] Total time for which application threads were stopped: 0.0037739 seconds, Stopping threads took: 0.0005329 seconds
[118.683s][info][safepoint] Application time: 0.2786209 seconds
[118.684s][info][safepoint] Entering safepoint region: GenCollectForAllocation
[118.687s][info][gc       ] GC(344) Pause Young (Allocation Failure) 2599M->1734M(5011M) 2.288ms
[118.687s][info][safepoint] Leaving safepoint region
[118.687s][info][safepoint] Total time for which application threads were stopped: 0.0036196 seconds, Stopping threads took: 0.0004103 seconds
[118.963s][info][safepoint] Application time: 0.2749604 seconds
[118.963s][info][safepoint] Entering safepoint region: GenCollectForAllocation
[118.966s][info][gc       ] GC(345) Pause Young (Allocation Failure) 2599M->1734M(5011M) 2.395ms
[118.967s][info][safepoint] Leaving safepoint region
[118.967s][info][safepoint] Total time for which application threads were stopped: 0.0039686 seconds, Stopping threads took: 0.0004781 seconds
[119.235s][info][safepoint] Application time: 0.2670732 seconds
[119.235s][info][safepoint] Entering safepoint region: GenCollectForAllocation
[119.238s][info][gc       ] GC(346) Pause Young (Allocation Failure) 2599M->1734M(5011M) 2.291ms
[119.239s][info][safepoint] Leaving safepoint region
[119.239s][info][safepoint] Total time for which application threads were stopped: 0.0038839 seconds, Stopping threads took: 0.0005485 seconds
[119.516s][info][safepoint] Application time: 0.2757124 seconds
[119.516s][info][safepoint] Entering safepoint region: GenCollectForAllocation
[119.519s][info][gc       ] GC(347) Pause Young (Allocation Failure) 2599M->1734M(5011M) 2.231ms
[119.519s][info][safepoint] Leaving safepoint region
[119.520s][info][safepoint] Total time for which application threads were stopped: 0.0035907 seconds, Stopping threads took: 0.0004318 seconds
[119.789s][info][safepoint] Application time: 0.2691910 seconds
[119.790s][info][safepoint] Entering safepoint region: GenCollectForAllocation
[119.793s][info][gc       ] GC(348) Pause Young (Allocation Failure) 2599M->1734M(5011M) 2.414ms
[119.793s][info][safepoint] Leaving safepoint region
[119.794s][info][safepoint] Total time for which application threads were stopped: 0.0039754 seconds, Stopping threads took: 0.0005136 seconds
[120.069s][info][safepoint] Application time: 0.2748415 seconds
[120.070s][info][safepoint] Entering safepoint region: GenCollectForAllocation
[120.072s][info][gc       ] GC(349) Pause Young (Allocation Failure) 2599M->1734M(5011M) 2.362ms
[120.073s][info][safepoint] Leaving safepoint region
[120.074s][info][safepoint] Total time for which application threads were stopped: 0.0040023 seconds, Stopping threads took: 0.0005304 seconds
[120.341s][info][safepoint] Application time: 0.2669162 seconds
[120.342s][info][safepoint] Entering safepoint region: GenCollectForAllocation
[120.344s][info][gc       ] GC(350) Pause Young (Allocation Failure) 2599M->1734M(5011M) 2.203ms
[120.345s][info][safepoint] Leaving safepoint region
[120.345s][info][safepoint] Total time for which application threads were stopped: 0.0035879 seconds, Stopping threads took: 0.0004844 seconds
[120.621s][info][safepoint] Application time: 0.2758158 seconds
[120.622s][info][safepoint] Entering safepoint region: GenCollectForAllocation
[120.625s][info][gc       ] GC(351) Pause Young (Allocation Failure) 2599M->1734M(5011M) 2.110ms
[120.625s][info][safepoint] Leaving safepoint region
[120.625s][info][safepoint] Total time for which application threads were stopped: 0.0033938 seconds, Stopping threads took: 0.0004154 seconds
[120.907s][info][safepoint] Application time: 0.2812754 seconds
[120.907s][info][safepoint] Entering safepoint region: GenCollectForAllocation
[120.910s][info][gc       ] GC(352) Pause Young (Allocation Failure) 2599M->1734M(5011M) 2.448ms
[120.911s][info][safepoint] Leaving safepoint region
[120.911s][info][safepoint] Total time for which application threads were stopped: 0.0039321 seconds, Stopping threads took: 0.0005594 seconds
[121.194s][info][safepoint] Application time: 0.2824880 seconds
[121.195s][info][safepoint] Entering safepoint region: GenCollectForAllocation
[121.198s][info][gc       ] GC(353) Pause Young (Allocation Failure) 2599M->1734M(5011M) 2.393ms
[121.198s][info][safepoint] Leaving safepoint region
[121.198s][info][safepoint] Total time for which application threads were stopped: 0.0037010 seconds, Stopping threads took: 0.0004521 seconds
[121.483s][info][safepoint] Application time: 0.2840538 seconds
[121.483s][info][safepoint] Entering safepoint region: GenCollectForAllocation
[121.486s][info][gc       ] GC(354) Pause Young (Allocation Failure) 2599M->1734M(5011M) 2.283ms
[121.486s][info][safepoint] Leaving safepoint region
[121.487s][info][safepoint] Total time for which application threads were stopped: 0.0035013 seconds, Stopping threads took: 0.0003375 seconds
[121.768s][info][safepoint] Application time: 0.2807222 seconds
[121.768s][info][safepoint] Entering safepoint region: GenCollectForAllocation
[121.771s][info][gc       ] GC(355) Pause Young (Allocation Failure) 2599M->1734M(5011M) 1.969ms
[121.771s][info][safepoint] Leaving safepoint region
[121.772s][info][safepoint] Total time for which application threads were stopped: 0.0032757 seconds, Stopping threads took: 0.0003945 seconds
[122.052s][info][safepoint] Application time: 0.2794766 seconds
[122.052s][info][safepoint] Entering safepoint region: GenCollectForAllocation
[122.055s][info][gc       ] GC(356) Pause Young (Allocation Failure) 2599M->1734M(5011M) 2.381ms
[122.055s][info][safepoint] Leaving safepoint region
[122.056s][info][safepoint] Total time for which application threads were stopped: 0.0037860 seconds, Stopping threads took: 0.0003605 seconds
[122.318s][info][safepoint] Application time: 0.2616040 seconds
[122.318s][info][safepoint] Entering safepoint region: GenCollectForAllocation
[122.321s][info][gc       ] GC(357) Pause Young (Allocation Failure) 2599M->1734M(5011M) 2.326ms
[122.322s][info][safepoint] Leaving safepoint region
[122.322s][info][safepoint] Total time for which application threads were stopped: 0.0034424 seconds, Stopping threads took: 0.0003985 seconds
[122.593s][info][safepoint] Application time: 0.2706162 seconds
[122.593s][info][safepoint] Entering safepoint region: GenCollectForAllocation
[122.596s][info][gc       ] GC(358) Pause Young (Allocation Failure) 2599M->1734M(5011M) 2.217ms
[122.596s][info][safepoint] Leaving safepoint region
[122.597s][info][safepoint] Total time for which application threads were stopped: 0.0036525 seconds, Stopping threads took: 0.0004171 seconds
[122.716s][info][safepoint] Application time: 0.1190957 seconds
[122.717s][info][safepoint] Entering safepoint region: GenCollectForAllocation
[123.136s][info][gc       ] GC(359) Pause Young (Allocation Failure) 2599M->2599M(5011M) 418.837ms
[123.136s][info][safepoint] Leaving safepoint region
[123.136s][info][safepoint] Total time for which application threads were stopped: 0.4195901 seconds, Stopping threads took: 0.0004170 seconds
[123.137s][info][safepoint] Application time: 0.0000806 seconds
[123.141s][info][safepoint] Entering safepoint region: CMS_Initial_Mark
[123.181s][info][gc       ] GC(360) Pause Initial Mark 2633M->2633M(5011M) 40.117ms
[123.181s][info][safepoint] Leaving safepoint region
[123.181s][info][safepoint] Total time for which application threads were stopped: 0.0446850 seconds, Stopping threads took: 0.0041017 seconds
[123.181s][info][gc       ] GC(360) Concurrent Mark
[123.330s][info][safepoint] Application time: 0.1488192 seconds
[123.331s][info][safepoint] Entering safepoint region: GenCollectForAllocation
[123.875s][info][gc       ] GC(361) Pause Young (Allocation Failure) 3413M->3470M(5011M) 543.472ms
[123.875s][info][safepoint] Leaving safepoint region
[123.875s][info][safepoint] Total time for which application threads were stopped: 0.5443000 seconds, Stopping threads took: 0.0004006 seconds
[124.039s][info][gc       ] GC(360) Concurrent Mark 857.150ms
[124.039s][info][gc       ] GC(360) Concurrent Preclean
[124.203s][info][safepoint] Application time: 0.3278022 seconds
[124.203s][info][safepoint] Entering safepoint region: GenCollectForAllocation
[124.489s][info][gc       ] GC(360) Concurrent Preclean 449.995ms
[126.387s][info][gc       ] GC(363) Pause Full (Allocation Failure) 4336M->1734M(5011M) 2183.317ms
[126.388s][info][gc       ] GC(362) Pause Young (Allocation Failure) 4336M->1734M(5011M) 2183.941ms
[126.388s][info][safepoint] Leaving safepoint region
[126.389s][info][safepoint] Total time for which application threads were stopped: 2.1855229 seconds, Stopping threads took: 0.0004513 seconds
[126.669s][info][safepoint] Application time: 0.2799616 seconds
[126.670s][info][safepoint] Entering safepoint region: GenCollectForAllocation
[126.673s][info][gc       ] GC(364) Pause Young (Allocation Failure) 2599M->1741M(5011M) 2.473ms
[126.673s][info][safepoint] Leaving safepoint region
[126.674s][info][safepoint] Total time for which application threads were stopped: 0.0039809 seconds, Stopping threads took: 0.0004069 seconds
[126.949s][info][safepoint] Application time: 0.2750004 seconds
[126.950s][info][safepoint] Entering safepoint region: GenCollectForAllocation
[126.952s][info][gc       ] GC(365) Pause Young (Allocation Failure) 2606M->1736M(5011M) 2.033ms
[126.953s][info][safepoint] Leaving safepoint region
[126.953s][info][safepoint] Total time for which application threads were stopped: 0.0036032 seconds, Stopping threads took: 0.0004267 seconds
[127.230s][info][safepoint] Application time: 0.2765182 seconds
[127.231s][info][safepoint] Entering safepoint region: GenCollectForAllocation
[127.234s][info][gc       ] GC(366) Pause Young (Allocation Failure) 2602M->1734M(5011M) 2.249ms
[127.234s][info][safepoint] Leaving safepoint region
[127.235s][info][safepoint] Total time for which application threads were stopped: 0.0036835 seconds, Stopping threads took: 0.0004670 seconds
[127.510s][info][safepoint] Application time: 0.2752763 seconds
[127.511s][info][safepoint] Entering safepoint region: GenCollectForAllocation
[127.514s][info][gc       ] GC(367) Pause Young (Allocation Failure) 2600M->1734M(5011M) 2.307ms
[127.514s][info][safepoint] Leaving safepoint region
[127.515s][info][safepoint] Total time for which application threads were stopped: 0.0038112 seconds, Stopping threads took: 0.0004288 seconds
[127.797s][info][safepoint] Application time: 0.2813008 seconds
[127.797s][info][safepoint] Entering safepoint region: GenCollectForAllocation
[127.800s][info][gc       ] GC(368) Pause Young (Allocation Failure) 2599M->1734M(5011M) 2.078ms
[127.800s][info][safepoint] Leaving safepoint region
[127.801s][info][safepoint] Total time for which application threads were stopped: 0.0035258 seconds, Stopping threads took: 0.0005266 seconds
[128.085s][info][safepoint] Application time: 0.2836446 seconds
[128.086s][info][safepoint] Entering safepoint region: GenCollectForAllocation
[128.088s][info][gc       ] GC(369) Pause Young (Allocation Failure) 2599M->1734M(5011M) 2.408ms
[128.089s][info][safepoint] Leaving safepoint region
[128.089s][info][safepoint] Total time for which application threads were stopped: 0.0039725 seconds, Stopping threads took: 0.0005259 seconds
[128.365s][info][safepoint] Application time: 0.2751370 seconds
[128.366s][info][safepoint] Entering safepoint region: GenCollectForAllocation
[128.368s][info][gc       ] GC(370) Pause Young (Allocation Failure) 2599M->1734M(5011M) 2.354ms
[128.369s][info][safepoint] Leaving safepoint region
[128.369s][info][safepoint] Total time for which application threads were stopped: 0.0038417 seconds, Stopping threads took: 0.0004896 seconds
[128.649s][info][safepoint] Application time: 0.2792985 seconds
[128.649s][info][safepoint] Entering safepoint region: GenCollectForAllocation
[128.652s][info][gc       ] GC(371) Pause Young (Allocation Failure) 2599M->1734M(5011M) 2.424ms
[128.653s][info][safepoint] Leaving safepoint region
[128.653s][info][safepoint] Total time for which application threads were stopped: 0.0035204 seconds, Stopping threads took: 0.0004048 seconds
[128.938s][info][safepoint] Application time: 0.2848230 seconds
[128.939s][info][safepoint] Entering safepoint region: GenCollectForAllocation
[128.941s][info][gc       ] GC(372) Pause Young (Allocation Failure) 2599M->1734M(5011M) 2.529ms
[128.942s][info][safepoint] Leaving safepoint region
[128.942s][info][safepoint] Total time for which application threads were stopped: 0.0039063 seconds, Stopping threads took: 0.0003569 seconds
[129.226s][info][safepoint] Application time: 0.2829898 seconds
[129.226s][info][safepoint] Entering safepoint region: GenCollectForAllocation
[129.229s][info][gc       ] GC(373) Pause Young (Allocation Failure) 2599M->1734M(5011M) 2.229ms
[129.229s][info][safepoint] Leaving safepoint region
[129.229s][info][safepoint] Total time for which application threads were stopped: 0.0032111 seconds, Stopping threads took: 0.0002504 seconds
[129.513s][info][safepoint] Application time: 0.2832305 seconds
[129.514s][info][safepoint] Entering safepoint region: GenCollectForAllocation
[129.516s][info][gc       ] GC(374) Pause Young (Allocation Failure) 2599M->1734M(5011M) 2.034ms
[129.517s][info][safepoint] Leaving safepoint region
[129.517s][info][safepoint] Total time for which application threads were stopped: 0.0034825 seconds, Stopping threads took: 0.0004227 seconds
[129.802s][info][safepoint] Application time: 0.2842707 seconds
[129.802s][info][safepoint] Entering safepoint region: GenCollectForAllocation
[129.805s][info][gc       ] GC(375) Pause Young (Allocation Failure) 2599M->1734M(5011M) 2.414ms
[129.806s][info][safepoint] Leaving safepoint region
[129.806s][info][safepoint] Total time for which application threads were stopped: 0.0038525 seconds, Stopping threads took: 0.0004236 seconds
[130.090s][info][safepoint] Application time: 0.2829505 seconds
[130.090s][info][safepoint] Entering safepoint region: GenCollectForAllocation
[130.093s][info][gc       ] GC(376) Pause Young (Allocation Failure) 2599M->1734M(5011M) 2.082ms
[130.093s][info][safepoint] Leaving safepoint region
[130.094s][info][safepoint] Total time for which application threads were stopped: 0.0036653 seconds, Stopping threads took: 0.0004435 seconds
[130.378s][info][safepoint] Application time: 0.2834648 seconds
[130.378s][info][safepoint] Entering safepoint region: GenCollectForAllocation
[130.381s][info][gc       ] GC(377) Pause Young (Allocation Failure) 2599M->1734M(5011M) 2.469ms
[130.382s][info][safepoint] Leaving safepoint region
[130.382s][info][safepoint] Total time for which application threads were stopped: 0.0038983 seconds, Stopping threads took: 0.0004040 seconds
[130.662s][info][safepoint] Application time: 0.2793034 seconds
[130.662s][info][safepoint] Entering safepoint region: GenCollectForAllocation
[130.665s][info][gc       ] GC(378) Pause Young (Allocation Failure) 2599M->1734M(5011M) 2.354ms
[130.666s][info][safepoint] Leaving safepoint region
[130.666s][info][safepoint] Total time for which application threads were stopped: 0.0038895 seconds, Stopping threads took: 0.0005089 seconds
[130.940s][info][safepoint] Application time: 0.2731086 seconds
[130.940s][info][safepoint] Entering safepoint region: GenCollectForAllocation
[130.943s][info][gc       ] GC(379) Pause Young (Allocation Failure) 2599M->1734M(5011M) 2.472ms
[130.944s][info][safepoint] Leaving safepoint region
[130.944s][info][safepoint] Total time for which application threads were stopped: 0.0038275 seconds, Stopping threads took: 0.0003509 seconds
[131.225s][info][safepoint] Application time: 0.2807820 seconds
[131.226s][info][safepoint] Entering safepoint region: GenCollectForAllocation
[131.229s][info][gc       ] GC(380) Pause Young (Allocation Failure) 2599M->1734M(5011M) 2.482ms
[131.229s][info][safepoint] Leaving safepoint region
[131.230s][info][safepoint] Total time for which application threads were stopped: 0.0040859 seconds, Stopping threads took: 0.0005975 seconds
[131.514s][info][safepoint] Application time: 0.2833319 seconds
[131.514s][info][safepoint] Entering safepoint region: GenCollectForAllocation
[131.517s][info][gc       ] GC(381) Pause Young (Allocation Failure) 2599M->1734M(5011M) 2.178ms
[131.517s][info][safepoint] Leaving safepoint region
[131.518s][info][safepoint] Total time for which application threads were stopped: 0.0034862 seconds, Stopping threads took: 0.0004559 seconds
[131.790s][info][safepoint] Application time: 0.2716735 seconds
[131.790s][info][safepoint] Entering safepoint region: GenCollectForAllocation
[131.793s][info][gc       ] GC(382) Pause Young (Allocation Failure) 2599M->1734M(5011M) 2.424ms
[131.794s][info][safepoint] Leaving safepoint region
[131.794s][info][safepoint] Total time for which application threads were stopped: 0.0038943 seconds, Stopping threads took: 0.0004467 seconds
[132.074s][info][safepoint] Application time: 0.2793630 seconds
[132.075s][info][safepoint] Entering safepoint region: GenCollectForAllocation
[132.077s][info][gc       ] GC(383) Pause Young (Allocation Failure) 2599M->1734M(5011M) 2.090ms
[132.078s][info][safepoint] Leaving safepoint region
[132.078s][info][safepoint] Total time for which application threads were stopped: 0.0034673 seconds, Stopping threads took: 0.0004461 seconds
[132.362s][info][safepoint] Application time: 0.2830653 seconds
[132.362s][info][safepoint] Entering safepoint region: GenCollectForAllocation
[132.365s][info][gc       ] GC(384) Pause Young (Allocation Failure) 2599M->1734M(5011M) 2.436ms
[132.366s][info][safepoint] Leaving safepoint region
[132.366s][info][safepoint] Total time for which application threads were stopped: 0.0038817 seconds, Stopping threads took: 0.0004703 seconds
[132.643s][info][safepoint] Application time: 0.2767530 seconds
[132.644s][info][safepoint] Entering safepoint region: GenCollectForAllocation
[132.647s][info][gc       ] GC(385) Pause Young (Allocation Failure) 2599M->1734M(5011M) 2.431ms
[132.647s][info][safepoint] Leaving safepoint region
[132.648s][info][safepoint] Total time for which application threads were stopped: 0.0039699 seconds, Stopping threads took: 0.0005037 seconds
[132.917s][info][safepoint] Application time: 0.2683339 seconds
[132.917s][info][safepoint] Entering safepoint region: GenCollectForAllocation
[132.920s][info][gc       ] GC(386) Pause Young (Allocation Failure) 2599M->1734M(5011M) 2.384ms
[132.921s][info][safepoint] Leaving safepoint region
[132.921s][info][safepoint] Total time for which application threads were stopped: 0.0039736 seconds, Stopping threads took: 0.0005734 seconds
[133.199s][info][safepoint] Application time: 0.2772472 seconds
[133.199s][info][safepoint] Entering safepoint region: GenCollectForAllocation
[133.202s][info][gc       ] GC(387) Pause Young (Allocation Failure) 2599M->1734M(5011M) 2.358ms
[133.203s][info][safepoint] Leaving safepoint region
[133.203s][info][safepoint] Total time for which application threads were stopped: 0.0039012 seconds, Stopping threads took: 0.0005261 seconds
[133.473s][info][safepoint] Application time: 0.2693203 seconds
[133.474s][info][safepoint] Entering safepoint region: GenCollectForAllocation
[133.476s][info][gc       ] GC(388) Pause Young (Allocation Failure) 2599M->1734M(5011M) 2.191ms
[133.477s][info][safepoint] Leaving safepoint region
[133.477s][info][safepoint] Total time for which application threads were stopped: 0.0035947 seconds, Stopping threads took: 0.0004722 seconds
[133.760s][info][safepoint] Application time: 0.2818232 seconds
[133.760s][info][safepoint] Entering safepoint region: GenCollectForAllocation
[133.763s][info][gc       ] GC(389) Pause Young (Allocation Failure) 2599M->1734M(5011M) 2.080ms
[133.763s][info][safepoint] Leaving safepoint region
[133.764s][info][safepoint] Total time for which application threads were stopped: 0.0034996 seconds, Stopping threads took: 0.0004256 seconds
[134.030s][info][safepoint] Application time: 0.2662232 seconds
[134.031s][info][safepoint] Entering safepoint region: GenCollectForAllocation
[134.034s][info][gc       ] GC(390) Pause Young (Allocation Failure) 2599M->1734M(5011M) 2.545ms
[134.034s][info][safepoint] Leaving safepoint region
[134.035s][info][safepoint] Total time for which application threads were stopped: 0.0041313 seconds, Stopping threads took: 0.0004868 seconds
[134.313s][info][safepoint] Application time: 0.2774097 seconds
[134.313s][info][safepoint] Entering safepoint region: GenCollectForAllocation
[134.316s][info][gc       ] GC(391) Pause Young (Allocation Failure) 2599M->1734M(5011M) 2.407ms
[134.316s][info][safepoint] Leaving safepoint region
[134.317s][info][safepoint] Total time for which application threads were stopped: 0.0037546 seconds, Stopping threads took: 0.0003374 seconds
[134.599s][info][safepoint] Application time: 0.2812111 seconds
[134.599s][info][safepoint] Entering safepoint region: GenCollectForAllocation
[134.602s][info][gc       ] GC(392) Pause Young (Allocation Failure) 2599M->1734M(5011M) 2.348ms
[134.602s][info][safepoint] Leaving safepoint region
[134.602s][info][safepoint] Total time for which application threads were stopped: 0.0033216 seconds, Stopping threads took: 0.0002897 seconds
[134.885s][info][safepoint] Application time: 0.2820586 seconds
[134.885s][info][safepoint] Entering safepoint region: GenCollectForAllocation
[134.888s][info][gc       ] GC(393) Pause Young (Allocation Failure) 2599M->1734M(5011M) 2.419ms
[134.889s][info][safepoint] Leaving safepoint region
[134.889s][info][safepoint] Total time for which application threads were stopped: 0.0037307 seconds, Stopping threads took: 0.0004540 seconds
[135.171s][info][safepoint] Application time: 0.2817193 seconds
[135.171s][info][safepoint] Entering safepoint region: GenCollectForAllocation
[135.174s][info][gc       ] GC(394) Pause Young (Allocation Failure) 2599M->1734M(5011M) 2.016ms
[135.174s][info][safepoint] Leaving safepoint region
[135.174s][info][safepoint] Total time for which application threads were stopped: 0.0031107 seconds, Stopping threads took: 0.0003355 seconds
[135.439s][info][safepoint] Application time: 0.2641360 seconds
[135.440s][info][safepoint] Entering safepoint region: GenCollectForAllocation
[135.442s][info][gc       ] GC(395) Pause Young (Allocation Failure) 2599M->1734M(5011M) 2.284ms
[135.443s][info][safepoint] Leaving safepoint region
[135.443s][info][safepoint] Total time for which application threads were stopped: 0.0034256 seconds, Stopping threads took: 0.0003924 seconds
[135.714s][info][safepoint] Application time: 0.2707325 seconds
[135.714s][info][safepoint] Entering safepoint region: GenCollectForAllocation
[135.717s][info][gc       ] GC(396) Pause Young (Allocation Failure) 2599M->1734M(5011M) 2.096ms
[135.717s][info][safepoint] Leaving safepoint region
[135.717s][info][safepoint] Total time for which application threads were stopped: 0.0027752 seconds, Stopping threads took: 0.0002484 seconds
[135.989s][info][safepoint] Application time: 0.2720086 seconds
[135.990s][info][safepoint] Entering safepoint region: GenCollectForAllocation
[135.992s][info][gc       ] GC(397) Pause Young (Allocation Failure) 2599M->1734M(5011M) 2.010ms
[135.993s][info][safepoint] Leaving safepoint region
[135.994s][info][safepoint] Total time for which application threads were stopped: 0.0036025 seconds, Stopping threads took: 0.0004752 seconds
[136.253s][info][safepoint] Application time: 0.2591972 seconds
[136.254s][info][safepoint] Entering safepoint region: GenCollectForAllocation
[136.257s][info][gc       ] GC(398) Pause Young (Allocation Failure) 2599M->1734M(5011M) 2.353ms
[136.257s][info][safepoint] Leaving safepoint region
[136.258s][info][safepoint] Total time for which application threads were stopped: 0.0038373 seconds, Stopping threads took: 0.0005050 seconds
[136.371s][info][safepoint] Application time: 0.1126011 seconds
[136.371s][info][safepoint] Entering safepoint region: GenCollectForAllocation
[136.802s][info][gc       ] GC(399) Pause Young (Allocation Failure) 2599M->2599M(5011M) 430.162ms
[136.802s][info][safepoint] Leaving safepoint region
[136.802s][info][safepoint] Total time for which application threads were stopped: 0.4310168 seconds, Stopping threads took: 0.0004759 seconds
[136.802s][info][safepoint] Application time: 0.0001142 seconds
[136.807s][info][safepoint] Entering safepoint region: CMS_Initial_Mark
[136.846s][info][gc       ] GC(400) Pause Initial Mark 2633M->2633M(5011M) 39.583ms
[136.846s][info][safepoint] Leaving safepoint region
[136.847s][info][safepoint] Total time for which application threads were stopped: 0.0442045 seconds, Stopping threads took: 0.0042605 seconds
[136.847s][info][gc       ] GC(400) Concurrent Mark
[136.952s][info][safepoint] Application time: 0.1051753 seconds
[136.952s][info][safepoint] Entering safepoint region: GenCollectForAllocation
[137.512s][info][gc       ] GC(401) Pause Young (Allocation Failure) 3413M->3470M(5011M) 559.723ms
[137.512s][info][safepoint] Leaving safepoint region
[137.512s][info][safepoint] Total time for which application threads were stopped: 0.5602467 seconds, Stopping threads took: 0.0001678 seconds
[137.714s][info][gc       ] GC(400) Concurrent Mark 867.117ms
[137.714s][info][gc       ] GC(400) Concurrent Preclean
[137.877s][info][safepoint] Application time: 0.3646145 seconds
[137.878s][info][safepoint] Entering safepoint region: GenCollectForAllocation
[138.178s][info][gc       ] GC(400) Concurrent Preclean 463.435ms
[140.075s][info][gc       ] GC(403) Pause Full (Allocation Failure) 4336M->1734M(5011M) 2196.687ms
[140.075s][info][gc       ] GC(402) Pause Young (Allocation Failure) 4336M->1734M(5011M) 2197.199ms
[140.076s][info][safepoint] Leaving safepoint region
[140.076s][info][safepoint] Total time for which application threads were stopped: 2.1987388 seconds, Stopping threads took: 0.0005456 seconds
[140.352s][info][safepoint] Application time: 0.2749084 seconds
[140.352s][info][safepoint] Entering safepoint region: GenCollectForAllocation
[140.355s][info][gc       ] GC(404) Pause Young (Allocation Failure) 2599M->1744M(5011M) 2.185ms
[140.355s][info][safepoint] Leaving safepoint region
[140.356s][info][safepoint] Total time for which application threads were stopped: 0.0037298 seconds, Stopping threads took: 0.0004651 seconds
[140.637s][info][safepoint] Application time: 0.2804277 seconds
[140.637s][info][safepoint] Entering safepoint region: GenCollectForAllocation
[140.640s][info][gc       ] GC(405) Pause Young (Allocation Failure) 2609M->1736M(5011M) 2.387ms
[140.641s][info][safepoint] Leaving safepoint region
[140.641s][info][safepoint] Total time for which application threads were stopped: 0.0038744 seconds, Stopping threads took: 0.0004737 seconds
[140.924s][info][safepoint] Application time: 0.2828803 seconds
[140.925s][info][safepoint] Entering safepoint region: GenCollectForAllocation
[140.928s][info][gc       ] GC(406) Pause Young (Allocation Failure) 2602M->1734M(5011M) 2.525ms
[140.928s][info][safepoint] Leaving safepoint region
[140.929s][info][safepoint] Total time for which application threads were stopped: 0.0038910 seconds, Stopping threads took: 0.0004601 seconds
[141.212s][info][safepoint] Application time: 0.2831716 seconds
[141.213s][info][safepoint] Entering safepoint region: GenCollectForAllocation
[141.216s][info][gc       ] GC(407) Pause Young (Allocation Failure) 2600M->1734M(5011M) 2.532ms
[141.216s][info][safepoint] Leaving safepoint region
[141.217s][info][safepoint] Total time for which application threads were stopped: 0.0039904 seconds, Stopping threads took: 0.0004425 seconds
[141.496s][info][safepoint] Application time: 0.2788948 seconds
[141.497s][info][safepoint] Entering safepoint region: GenCollectForAllocation
[141.499s][info][gc       ] GC(408) Pause Young (Allocation Failure) 2599M->1734M(5011M) 2.354ms
[141.500s][info][safepoint] Leaving safepoint region
[141.500s][info][safepoint] Total time for which application threads were stopped: 0.0037028 seconds, Stopping threads took: 0.0004676 seconds
[141.784s][info][safepoint] Application time: 0.2830454 seconds
[141.784s][info][safepoint] Entering safepoint region: GenCollectForAllocation
[141.787s][info][gc       ] GC(409) Pause Young (Allocation Failure) 2599M->1734M(5011M) 2.389ms
[141.788s][info][safepoint] Leaving safepoint region
[141.788s][info][safepoint] Total time for which application threads were stopped: 0.0037768 seconds, Stopping threads took: 0.0004854 seconds
[142.063s][info][safepoint] Application time: 0.2743226 seconds
[142.063s][info][safepoint] Entering safepoint region: GenCollectForAllocation
[142.067s][info][gc       ] GC(410) Pause Young (Allocation Failure) 2599M->1734M(5011M) 3.705ms
[142.068s][info][safepoint] Leaving safepoint region
[142.068s][info][safepoint] Total time for which application threads were stopped: 0.0049988 seconds, Stopping threads took: 0.0003661 seconds
[142.348s][info][safepoint] Application time: 0.2792692 seconds
[142.348s][info][safepoint] Entering safepoint region: GenCollectForAllocation
[142.351s][info][gc       ] GC(411) Pause Young (Allocation Failure) 2599M->1734M(5011M) 2.340ms
[142.352s][info][safepoint] Leaving safepoint region
[142.352s][info][safepoint] Total time for which application threads were stopped: 0.0036945 seconds, Stopping threads took: 0.0003874 seconds
[142.643s][info][safepoint] Application time: 0.2899370 seconds
[142.643s][info][safepoint] Entering safepoint region: GenCollectForAllocation
[142.646s][info][gc       ] GC(412) Pause Young (Allocation Failure) 2599M->1734M(5011M) 2.524ms
[142.647s][info][safepoint] Leaving safepoint region
[142.647s][info][safepoint] Total time for which application threads were stopped: 0.0040229 seconds, Stopping threads took: 0.0004932 seconds
[142.928s][info][safepoint] Application time: 0.2808513 seconds
[142.929s][info][safepoint] Entering safepoint region: GenCollectForAllocation
[142.932s][info][gc       ] GC(413) Pause Young (Allocation Failure) 2599M->1734M(5011M) 2.368ms
[142.932s][info][safepoint] Leaving safepoint region
[142.933s][info][safepoint] Total time for which application threads were stopped: 0.0039027 seconds, Stopping threads took: 0.0004246 seconds
[143.214s][info][safepoint] Application time: 0.2808720 seconds
[143.215s][info][safepoint] Entering safepoint region: GenCollectForAllocation
[143.218s][info][gc       ] GC(414) Pause Young (Allocation Failure) 2599M->1734M(5011M) 2.466ms
[143.218s][info][safepoint] Leaving safepoint region
[143.218s][info][safepoint] Total time for which application threads were stopped: 0.0038579 seconds, Stopping threads took: 0.0004909 seconds
[143.498s][info][safepoint] Application time: 0.2794101 seconds
[143.499s][info][safepoint] Entering safepoint region: GenCollectForAllocation
[143.502s][info][gc       ] GC(415) Pause Young (Allocation Failure) 2599M->1734M(5011M) 2.430ms
[143.502s][info][safepoint] Leaving safepoint region
[143.503s][info][safepoint] Total time for which application threads were stopped: 0.0038976 seconds, Stopping threads took: 0.0004299 seconds
[143.784s][info][safepoint] Application time: 0.2805105 seconds
[143.784s][info][safepoint] Entering safepoint region: GenCollectForAllocation
[143.787s][info][gc       ] GC(416) Pause Young (Allocation Failure) 2599M->1734M(5011M) 2.493ms
[143.787s][info][safepoint] Leaving safepoint region
[143.788s][info][safepoint] Total time for which application threads were stopped: 0.0035546 seconds, Stopping threads took: 0.0003034 seconds
[144.069s][info][safepoint] Application time: 0.2812963 seconds
[144.070s][info][safepoint] Entering safepoint region: GenCollectForAllocation
[144.072s][info][gc       ] GC(417) Pause Young (Allocation Failure) 2599M->1734M(5011M) 2.241ms
[144.073s][info][safepoint] Leaving safepoint region
[144.073s][info][safepoint] Total time for which application threads were stopped: 0.0036677 seconds, Stopping threads took: 0.0003667 seconds
[144.356s][info][safepoint] Application time: 0.2819329 seconds
[144.356s][info][safepoint] Entering safepoint region: GenCollectForAllocation
[144.359s][info][gc       ] GC(418) Pause Young (Allocation Failure) 2599M->1734M(5011M) 2.357ms
[144.359s][info][safepoint] Leaving safepoint region
[144.360s][info][safepoint] Total time for which application threads were stopped: 0.0038042 seconds, Stopping threads took: 0.0004463 seconds
[144.622s][info][safepoint] Application time: 0.2620902 seconds
[144.623s][info][safepoint] Entering safepoint region: GenCollectForAllocation
[144.626s][info][gc       ] GC(419) Pause Young (Allocation Failure) 2599M->1734M(5011M) 2.394ms
[144.626s][info][safepoint] Leaving safepoint region
[144.627s][info][safepoint] Total time for which application threads were stopped: 0.0039157 seconds, Stopping threads took: 0.0005206 seconds
[144.902s][info][safepoint] Application time: 0.2746276 seconds
[144.903s][info][safepoint] Entering safepoint region: GenCollectForAllocation
[144.905s][info][gc       ] GC(420) Pause Young (Allocation Failure) 2599M->1734M(5011M) 2.360ms
[144.906s][info][safepoint] Leaving safepoint region
[144.906s][info][safepoint] Total time for which application threads were stopped: 0.0038189 seconds, Stopping threads took: 0.0004486 seconds
[145.189s][info][safepoint] Application time: 0.2821875 seconds
[145.189s][info][safepoint] Entering safepoint region: GenCollectForAllocation
[145.192s][info][gc       ] GC(421) Pause Young (Allocation Failure) 2599M->1734M(5011M) 2.301ms
[145.193s][info][safepoint] Leaving safepoint region
[145.193s][info][safepoint] Total time for which application threads were stopped: 0.0035399 seconds, Stopping threads took: 0.0004239 seconds
[145.475s][info][safepoint] Application time: 0.2819976 seconds
[145.476s][info][safepoint] Entering safepoint region: GenCollectForAllocation
[145.479s][info][gc       ] GC(422) Pause Young (Allocation Failure) 2599M->1734M(5011M) 2.341ms
[145.479s][info][safepoint] Leaving safepoint region
[145.479s][info][safepoint] Total time for which application threads were stopped: 0.0035333 seconds, Stopping threads took: 0.0003994 seconds
[145.764s][info][safepoint] Application time: 0.2842349 seconds
[145.764s][info][safepoint] Entering safepoint region: GenCollectForAllocation
[145.767s][info][gc       ] GC(423) Pause Young (Allocation Failure) 2599M->1734M(5011M) 2.401ms
[145.768s][info][safepoint] Leaving safepoint region
[145.768s][info][safepoint] Total time for which application threads were stopped: 0.0035507 seconds, Stopping threads took: 0.0004502 seconds
[146.047s][info][safepoint] Application time: 0.2783848 seconds
[146.047s][info][safepoint] Entering safepoint region: GenCollectForAllocation
[146.050s][info][gc       ] GC(424) Pause Young (Allocation Failure) 2599M->1734M(5011M) 2.255ms
[146.050s][info][safepoint] Leaving safepoint region
[146.051s][info][safepoint] Total time for which application threads were stopped: 0.0036100 seconds, Stopping threads took: 0.0004351 seconds
[146.320s][info][safepoint] Application time: 0.2691997 seconds
[146.321s][info][safepoint] Entering safepoint region: GenCollectForAllocation
[146.324s][info][gc       ] GC(425) Pause Young (Allocation Failure) 2599M->1734M(5011M) 2.330ms
[146.324s][info][safepoint] Leaving safepoint region
[146.325s][info][safepoint] Total time for which application threads were stopped: 0.0038020 seconds, Stopping threads took: 0.0004740 seconds
[146.602s][info][safepoint] Application time: 0.2767298 seconds
[146.602s][info][safepoint] Entering safepoint region: GenCollectForAllocation
[146.605s][info][gc       ] GC(426) Pause Young (Allocation Failure) 2599M->1734M(5011M) 2.390ms
[146.606s][info][safepoint] Leaving safepoint region
[146.606s][info][safepoint] Total time for which application threads were stopped: 0.0039421 seconds, Stopping threads took: 0.0005035 seconds
[146.886s][info][safepoint] Application time: 0.2792825 seconds
[146.886s][info][safepoint] Entering safepoint region: GenCollectForAllocation
[146.889s][info][gc       ] GC(427) Pause Young (Allocation Failure) 2599M->1734M(5011M) 2.470ms
[146.890s][info][safepoint] Leaving safepoint region
[146.890s][info][safepoint] Total time for which application threads were stopped: 0.0035620 seconds, Stopping threads took: 0.0004555 seconds
[147.172s][info][safepoint] Application time: 0.2814110 seconds
[147.172s][info][safepoint] Entering safepoint region: GenCollectForAllocation
[147.175s][info][gc       ] GC(428) Pause Young (Allocation Failure) 2599M->1734M(5011M) 2.456ms
[147.176s][info][safepoint] Leaving safepoint region
[147.176s][info][safepoint] Total time for which application threads were stopped: 0.0039782 seconds, Stopping threads took: 0.0005263 seconds
[147.459s][info][safepoint] Application time: 0.2825179 seconds
[147.460s][info][safepoint] Entering safepoint region: GenCollectForAllocation
[147.463s][info][gc       ] GC(429) Pause Young (Allocation Failure) 2599M->1734M(5011M) 2.493ms
[147.463s][info][safepoint] Leaving safepoint region
[147.463s][info][safepoint] Total time for which application threads were stopped: 0.0036608 seconds, Stopping threads took: 0.0004226 seconds
[147.746s][info][safepoint] Application time: 0.2820755 seconds
[147.746s][info][safepoint] Entering safepoint region: GenCollectForAllocation
[147.749s][info][gc       ] GC(430) Pause Young (Allocation Failure) 2599M->1734M(5011M) 2.371ms
[147.750s][info][safepoint] Leaving safepoint region
[147.750s][info][safepoint] Total time for which application threads were stopped: 0.0038252 seconds, Stopping threads took: 0.0004635 seconds
[148.033s][info][safepoint] Application time: 0.2823473 seconds
[148.033s][info][safepoint] Entering safepoint region: GenCollectForAllocation
[148.036s][info][gc       ] GC(431) Pause Young (Allocation Failure) 2599M->1734M(5011M) 2.330ms
[148.037s][info][safepoint] Leaving safepoint region
[148.037s][info][safepoint] Total time for which application threads were stopped: 0.0037445 seconds, Stopping threads took: 0.0004605 seconds
[148.313s][info][safepoint] Application time: 0.2755065 seconds
[148.314s][info][safepoint] Entering safepoint region: GenCollectForAllocation
[148.316s][info][gc       ] GC(432) Pause Young (Allocation Failure) 2599M->1734M(5011M) 2.238ms
[148.317s][info][safepoint] Leaving safepoint region
[148.317s][info][safepoint] Total time for which application threads were stopped: 0.0034742 seconds, Stopping threads took: 0.0003835 seconds
[148.586s][info][safepoint] Application time: 0.2684587 seconds
[148.586s][info][safepoint] Entering safepoint region: GenCollectForAllocation
[148.589s][info][gc       ] GC(433) Pause Young (Allocation Failure) 2599M->1734M(5011M) 2.375ms
[148.590s][info][safepoint] Leaving safepoint region
[148.590s][info][safepoint] Total time for which application threads were stopped: 0.0037351 seconds, Stopping threads took: 0.0004814 seconds
[148.871s][info][safepoint] Application time: 0.2803346 seconds
[148.871s][info][safepoint] Entering safepoint region: GenCollectForAllocation
[148.874s][info][gc       ] GC(434) Pause Young (Allocation Failure) 2599M->1734M(5011M) 2.004ms
[148.874s][info][safepoint] Leaving safepoint region
[148.874s][info][safepoint] Total time for which application threads were stopped: 0.0031433 seconds, Stopping threads took: 0.0003872 seconds
[149.157s][info][safepoint] Application time: 0.2819795 seconds
[149.157s][info][safepoint] Entering safepoint region: GenCollectForAllocation
[149.160s][info][gc       ] GC(435) Pause Young (Allocation Failure) 2599M->1734M(5011M) 2.499ms
[149.161s][info][safepoint] Leaving safepoint region
[149.161s][info][safepoint] Total time for which application threads were stopped: 0.0039584 seconds, Stopping threads took: 0.0003847 seconds
[149.437s][info][safepoint] Application time: 0.2750612 seconds
[149.437s][info][safepoint] Entering safepoint region: GenCollectForAllocation
[149.440s][info][gc       ] GC(436) Pause Young (Allocation Failure) 2599M->1734M(5011M) 2.309ms
[149.441s][info][safepoint] Leaving safepoint region
[149.441s][info][safepoint] Total time for which application threads were stopped: 0.0038513 seconds, Stopping threads took: 0.0004705 seconds
[149.714s][info][safepoint] Application time: 0.2728767 seconds
[149.715s][info][safepoint] Entering safepoint region: GenCollectForAllocation
[149.718s][info][gc       ] GC(437) Pause Young (Allocation Failure) 2599M->1734M(5011M) 2.375ms
[149.718s][info][safepoint] Leaving safepoint region
[149.719s][info][safepoint] Total time for which application threads were stopped: 0.0037886 seconds, Stopping threads took: 0.0004834 seconds
[149.991s][info][safepoint] Application time: 0.2723270 seconds
[149.992s][info][safepoint] Entering safepoint region: GenCollectForAllocation
[149.995s][info][gc       ] GC(438) Pause Young (Allocation Failure) 2599M->1734M(5011M) 2.448ms
[149.995s][info][safepoint] Leaving safepoint region
[149.996s][info][safepoint] Total time for which application threads were stopped: 0.0040092 seconds, Stopping threads took: 0.0005408 seconds
[150.110s][info][safepoint] Application time: 0.1131503 seconds
[150.110s][info][safepoint] Entering safepoint region: GenCollectForAllocation
[150.515s][info][gc       ] GC(439) Pause Young (Allocation Failure) 2599M->2599M(5011M) 404.329ms
[150.515s][info][safepoint] Leaving safepoint region
[150.515s][info][safepoint] Total time for which application threads were stopped: 0.4049719 seconds, Stopping threads took: 0.0002182 seconds
[150.515s][info][safepoint] Application time: 0.0001033 seconds
[150.519s][info][safepoint] Entering safepoint region: CMS_Initial_Mark
[150.560s][info][gc       ] GC(440) Pause Initial Mark 2633M->2633M(5011M) 40.197ms
[150.560s][info][safepoint] Leaving safepoint region
[150.560s][info][safepoint] Total time for which application threads were stopped: 0.0450748 seconds, Stopping threads took: 0.0042549 seconds
[150.561s][info][gc       ] GC(440) Concurrent Mark
[150.664s][info][safepoint] Application time: 0.1032439 seconds
[150.664s][info][safepoint] Entering safepoint region: GenCollectForAllocation
[151.215s][info][gc       ] GC(441) Pause Young (Allocation Failure) 3413M->3470M(5011M) 550.427ms
[151.215s][info][safepoint] Leaving safepoint region
[151.215s][info][safepoint] Total time for which application threads were stopped: 0.5510718 seconds, Stopping threads took: 0.0002549 seconds
[151.412s][info][gc       ] GC(440) Concurrent Mark 851.408ms
[151.412s][info][gc       ] GC(440) Concurrent Preclean
[151.564s][info][safepoint] Application time: 0.3492021 seconds
[151.565s][info][safepoint] Entering safepoint region: GenCollectForAllocation
[151.871s][info][gc       ] GC(440) Concurrent Preclean 458.240ms
[153.744s][info][gc       ] GC(443) Pause Full (Allocation Failure) 4336M->1734M(5011M) 2178.875ms
[153.745s][info][gc       ] GC(442) Pause Young (Allocation Failure) 4336M->1734M(5011M) 2179.475ms
[153.746s][info][safepoint] Leaving safepoint region
[153.746s][info][safepoint] Total time for which application threads were stopped: 2.1809523 seconds, Stopping threads took: 0.0004357 seconds
[154.026s][info][safepoint] Application time: 0.2793088 seconds
[154.026s][info][safepoint] Entering safepoint region: GenCollectForAllocation
[154.029s][info][gc       ] GC(444) Pause Young (Allocation Failure) 2599M->1741M(5011M) 2.401ms
[154.030s][info][safepoint] Leaving safepoint region
[154.030s][info][safepoint] Total time for which application threads were stopped: 0.0035934 seconds, Stopping threads took: 0.0004539 seconds
[154.311s][info][safepoint] Application time: 0.2810094 seconds
[154.312s][info][safepoint] Entering safepoint region: GenCollectForAllocation
[154.314s][info][gc       ] GC(445) Pause Young (Allocation Failure) 2606M->1735M(5011M) 2.117ms
[154.315s][info][safepoint] Leaving safepoint region
[154.315s][info][safepoint] Total time for which application threads were stopped: 0.0034788 seconds, Stopping threads took: 0.0004183 seconds
[154.582s][info][safepoint] Application time: 0.2666025 seconds
[154.583s][info][safepoint] Entering safepoint region: GenCollectForAllocation
[154.585s][info][gc       ] GC(446) Pause Young (Allocation Failure) 2601M->1735M(5011M) 2.297ms
[154.586s][info][safepoint] Leaving safepoint region
[154.586s][info][safepoint] Total time for which application threads were stopped: 0.0036068 seconds, Stopping threads took: 0.0004362 seconds
[154.863s][info][safepoint] Application time: 0.2763708 seconds
[154.864s][info][safepoint] Entering safepoint region: GenCollectForAllocation
[154.866s][info][gc       ] GC(447) Pause Young (Allocation Failure) 2600M->1734M(5011M) 2.350ms
[154.867s][info][safepoint] Leaving safepoint region
[154.867s][info][safepoint] Total time for which application threads were stopped: 0.0038470 seconds, Stopping threads took: 0.0003933 seconds
[155.149s][info][safepoint] Application time: 0.2808451 seconds
[155.149s][info][safepoint] Entering safepoint region: GenCollectForAllocation
[155.152s][info][gc       ] GC(448) Pause Young (Allocation Failure) 2599M->1734M(5011M) 2.252ms
[155.153s][info][safepoint] Leaving safepoint region
[155.153s][info][safepoint] Total time for which application threads were stopped: 0.0041275 seconds, Stopping threads took: 0.0009539 seconds
[155.436s][info][safepoint] Application time: 0.2818546 seconds
[155.436s][info][safepoint] Entering safepoint region: GenCollectForAllocation
[155.439s][info][gc       ] GC(449) Pause Young (Allocation Failure) 2599M->1734M(5011M) 2.258ms
[155.439s][info][safepoint] Leaving safepoint region
[155.440s][info][safepoint] Total time for which application threads were stopped: 0.0037496 seconds, Stopping threads took: 0.0004814 seconds
[155.708s][info][safepoint] Application time: 0.2677445 seconds
[155.709s][info][safepoint] Entering safepoint region: GenCollectForAllocation
[155.712s][info][gc       ] GC(450) Pause Young (Allocation Failure) 2599M->1734M(5011M) 2.393ms
[155.712s][info][safepoint] Leaving safepoint region
[155.713s][info][safepoint] Total time for which application threads were stopped: 0.0038006 seconds, Stopping threads took: 0.0004221 seconds
[155.991s][info][safepoint] Application time: 0.2779656 seconds
[155.991s][info][safepoint] Entering safepoint region: GenCollectForAllocation
[155.994s][info][gc       ] GC(451) Pause Young (Allocation Failure) 2599M->1734M(5011M) 2.473ms
[155.995s][info][safepoint] Leaving safepoint region
[155.995s][info][safepoint] Total time for which application threads were stopped: 0.0039014 seconds, Stopping threads took: 0.0004591 seconds
[156.265s][info][safepoint] Application time: 0.2689867 seconds
[156.265s][info][safepoint] Entering safepoint region: GenCollectForAllocation
[156.268s][info][gc       ] GC(452) Pause Young (Allocation Failure) 2599M->1734M(5011M) 2.010ms
[156.268s][info][safepoint] Leaving safepoint region
[156.268s][info][safepoint] Total time for which application threads were stopped: 0.0032252 seconds, Stopping threads took: 0.0004027 seconds
[156.539s][info][safepoint] Application time: 0.2701614 seconds
[156.540s][info][safepoint] Entering safepoint region: GenCollectForAllocation
[156.542s][info][gc       ] GC(453) Pause Young (Allocation Failure) 2599M->1734M(5011M) 2.267ms
[156.543s][info][safepoint] Leaving safepoint region
[156.543s][info][safepoint] Total time for which application threads were stopped: 0.0036883 seconds, Stopping threads took: 0.0004572 seconds
[156.814s][info][safepoint] Application time: 0.2700961 seconds
[156.814s][info][safepoint] Entering safepoint region: GenCollectForAllocation
[156.817s][info][gc       ] GC(454) Pause Young (Allocation Failure) 2599M->1734M(5011M) 2.417ms
[156.818s][info][safepoint] Leaving safepoint region
[156.818s][info][safepoint] Total time for which application threads were stopped: 0.0040760 seconds, Stopping threads took: 0.0005361 seconds
[157.095s][info][safepoint] Application time: 0.2764813 seconds
[157.096s][info][safepoint] Entering safepoint region: GenCollectForAllocation
[157.099s][info][gc       ] GC(455) Pause Young (Allocation Failure) 2599M->1734M(5011M) 2.341ms
[157.099s][info][safepoint] Leaving safepoint region
[157.100s][info][safepoint] Total time for which application threads were stopped: 0.0035446 seconds, Stopping threads took: 0.0004127 seconds
[157.380s][info][safepoint] Application time: 0.2804514 seconds
[157.381s][info][safepoint] Entering safepoint region: GenCollectForAllocation
[157.383s][info][gc       ] GC(456) Pause Young (Allocation Failure) 2599M->1734M(5011M) 2.037ms
[157.384s][info][safepoint] Leaving safepoint region
[157.384s][info][safepoint] Total time for which application threads were stopped: 0.0032516 seconds, Stopping threads took: 0.0004675 seconds
[157.652s][info][safepoint] Application time: 0.2673092 seconds
[157.652s][info][safepoint] Entering safepoint region: GenCollectForAllocation
[157.655s][info][gc       ] GC(457) Pause Young (Allocation Failure) 2599M->1734M(5011M) 2.467ms
[157.656s][info][safepoint] Leaving safepoint region
[157.656s][info][safepoint] Total time for which application threads were stopped: 0.0036746 seconds, Stopping threads took: 0.0004616 seconds
[157.933s][info][safepoint] Application time: 0.2771478 seconds
[157.934s][info][safepoint] Entering safepoint region: GenCollectForAllocation
[157.936s][info][gc       ] GC(458) Pause Young (Allocation Failure) 2599M->1734M(5011M) 2.180ms
[157.937s][info][safepoint] Leaving safepoint region
[157.937s][info][safepoint] Total time for which application threads were stopped: 0.0032453 seconds, Stopping threads took: 0.0002868 seconds
[158.210s][info][safepoint] Application time: 0.2726294 seconds
[158.211s][info][safepoint] Entering safepoint region: GenCollectForAllocation
[158.213s][info][gc       ] GC(459) Pause Young (Allocation Failure) 2599M->1734M(5011M) 2.463ms
[158.214s][info][safepoint] Leaving safepoint region
[158.214s][info][safepoint] Total time for which application threads were stopped: 0.0037932 seconds, Stopping threads took: 0.0004517 seconds
[158.482s][info][safepoint] Application time: 0.2667815 seconds
[158.482s][info][safepoint] Entering safepoint region: GenCollectForAllocation
[158.485s][info][gc       ] GC(460) Pause Young (Allocation Failure) 2599M->1734M(5011M) 2.290ms
[158.485s][info][safepoint] Leaving safepoint region
[158.486s][info][safepoint] Total time for which application threads were stopped: 0.0036815 seconds, Stopping threads took: 0.0004691 seconds
[158.761s][info][safepoint] Application time: 0.2751633 seconds
[158.762s][info][safepoint] Entering safepoint region: GenCollectForAllocation
[158.765s][info][gc       ] GC(461) Pause Young (Allocation Failure) 2599M->1734M(5011M) 2.386ms
[158.765s][info][safepoint] Leaving safepoint region
[158.766s][info][safepoint] Total time for which application threads were stopped: 0.0037099 seconds, Stopping threads took: 0.0004508 seconds
[159.045s][info][safepoint] Application time: 0.2788564 seconds
[159.045s][info][safepoint] Entering safepoint region: GenCollectForAllocation
[159.048s][info][gc       ] GC(462) Pause Young (Allocation Failure) 2599M->1734M(5011M) 2.269ms
[159.049s][info][safepoint] Leaving safepoint region
[159.049s][info][safepoint] Total time for which application threads were stopped: 0.0037974 seconds, Stopping threads took: 0.0005509 seconds
[159.332s][info][safepoint] Application time: 0.2825087 seconds
[159.333s][info][safepoint] Entering safepoint region: GenCollectForAllocation
[159.335s][info][gc       ] GC(463) Pause Young (Allocation Failure) 2599M->1734M(5011M) 2.301ms
[159.336s][info][safepoint] Leaving safepoint region
[159.336s][info][safepoint] Total time for which application threads were stopped: 0.0036627 seconds, Stopping threads took: 0.0004789 seconds
[159.616s][info][safepoint] Application time: 0.2792326 seconds
[159.616s][info][safepoint] Entering safepoint region: GenCollectForAllocation
[159.619s][info][gc       ] GC(464) Pause Young (Allocation Failure) 2599M->1734M(5011M) 2.370ms
[159.620s][info][safepoint] Leaving safepoint region
[159.620s][info][safepoint] Total time for which application threads were stopped: 0.0035991 seconds, Stopping threads took: 0.0004116 seconds
[159.901s][info][safepoint] Application time: 0.2806685 seconds
[159.902s][info][safepoint] Entering safepoint region: GenCollectForAllocation
[159.904s][info][gc       ] GC(465) Pause Young (Allocation Failure) 2599M->1734M(5011M) 2.116ms
[159.905s][info][safepoint] Leaving safepoint region
[159.905s][info][safepoint] Total time for which application threads were stopped: 0.0034627 seconds, Stopping threads took: 0.0003862 seconds
[160.186s][info][safepoint] Application time: 0.2804989 seconds
[160.187s][info][safepoint] Entering safepoint region: GenCollectForAllocation
[160.189s][info][gc       ] GC(466) Pause Young (Allocation Failure) 2599M->1734M(5011M) 2.415ms
[160.190s][info][safepoint] Leaving safepoint region
[160.190s][info][safepoint] Total time for which application threads were stopped: 0.0038957 seconds, Stopping threads took: 0.0004963 seconds
[160.470s][info][safepoint] Application time: 0.2796231 seconds
[160.471s][info][safepoint] Entering safepoint region: GenCollectForAllocation
[160.474s][info][gc       ] GC(467) Pause Young (Allocation Failure) 2599M->1734M(5011M) 2.384ms
[160.475s][info][safepoint] Leaving safepoint region
[160.475s][info][safepoint] Total time for which application threads were stopped: 0.0040112 seconds, Stopping threads took: 0.0005016 seconds
[160.757s][info][safepoint] Application time: 0.2816512 seconds
[160.758s][info][safepoint] Entering safepoint region: GenCollectForAllocation
[160.760s][info][gc       ] GC(468) Pause Young (Allocation Failure) 2599M->1734M(5011M) 2.412ms
[160.761s][info][safepoint] Leaving safepoint region
[160.761s][info][safepoint] Total time for which application threads were stopped: 0.0036741 seconds, Stopping threads took: 0.0004196 seconds
[161.027s][info][safepoint] Application time: 0.2658436 seconds
[161.028s][info][safepoint] Entering safepoint region: GenCollectForAllocation
[161.031s][info][gc       ] GC(469) Pause Young (Allocation Failure) 2599M->1734M(5011M) 2.230ms
[161.031s][info][safepoint] Leaving safepoint region
[161.031s][info][safepoint] Total time for which application threads were stopped: 0.0035458 seconds, Stopping threads took: 0.0003976 seconds
[161.304s][info][safepoint] Application time: 0.2719201 seconds
[161.304s][info][safepoint] Entering safepoint region: GenCollectForAllocation
[161.307s][info][gc       ] GC(470) Pause Young (Allocation Failure) 2599M->1734M(5011M) 2.351ms
[161.308s][info][safepoint] Leaving safepoint region
[161.308s][info][safepoint] Total time for which application threads were stopped: 0.0037966 seconds, Stopping threads took: 0.0003449 seconds
[161.581s][info][safepoint] Application time: 0.2725883 seconds
[161.582s][info][safepoint] Entering safepoint region: GenCollectForAllocation
[161.585s][info][gc       ] GC(471) Pause Young (Allocation Failure) 2599M->1734M(5011M) 2.334ms
[161.585s][info][safepoint] Leaving safepoint region
[161.586s][info][safepoint] Total time for which application threads were stopped: 0.0037821 seconds, Stopping threads took: 0.0005350 seconds
[161.864s][info][safepoint] Application time: 0.2781356 seconds
[161.865s][info][safepoint] Entering safepoint region: GenCollectForAllocation
[161.868s][info][gc       ] GC(472) Pause Young (Allocation Failure) 2599M->1734M(5011M) 2.418ms
[161.868s][info][safepoint] Leaving safepoint region
[161.869s][info][safepoint] Total time for which application threads were stopped: 0.0040961 seconds, Stopping threads took: 0.0004923 seconds
[162.145s][info][safepoint] Application time: 0.2753392 seconds
[162.145s][info][safepoint] Entering safepoint region: GenCollectForAllocation
[162.148s][info][gc       ] GC(473) Pause Young (Allocation Failure) 2599M->1734M(5011M) 2.594ms
[162.149s][info][safepoint] Leaving safepoint region
[162.149s][info][safepoint] Total time for which application threads were stopped: 0.0039468 seconds, Stopping threads took: 0.0005064 seconds
[162.426s][info][safepoint] Application time: 0.2762194 seconds
[162.426s][info][safepoint] Entering safepoint region: GenCollectForAllocation
[162.429s][info][gc       ] GC(474) Pause Young (Allocation Failure) 2599M->1734M(5011M) 2.488ms
[162.430s][info][safepoint] Leaving safepoint region
[162.430s][info][safepoint] Total time for which application threads were stopped: 0.0038168 seconds, Stopping threads took: 0.0004497 seconds
[162.711s][info][safepoint] Application time: 0.2804601 seconds
[162.712s][info][safepoint] Entering safepoint region: GenCollectForAllocation
[162.714s][info][gc       ] GC(475) Pause Young (Allocation Failure) 2599M->1734M(5011M) 2.138ms
[162.714s][info][safepoint] Leaving safepoint region
[162.715s][info][safepoint] Total time for which application threads were stopped: 0.0033862 seconds, Stopping threads took: 0.0003591 seconds
[162.981s][info][safepoint] Application time: 0.2653482 seconds
[162.981s][info][safepoint] Entering safepoint region: GenCollectForAllocation
[162.984s][info][gc       ] GC(476) Pause Young (Allocation Failure) 2599M->1734M(5011M) 2.074ms
[162.984s][info][safepoint] Leaving safepoint region
[162.984s][info][safepoint] Total time for which application threads were stopped: 0.0033090 seconds, Stopping threads took: 0.0004440 seconds
[163.255s][info][safepoint] Application time: 0.2705868 seconds
[163.256s][info][safepoint] Entering safepoint region: GenCollectForAllocation
[163.259s][info][gc       ] GC(477) Pause Young (Allocation Failure) 2599M->1734M(5011M) 2.413ms
[163.259s][info][safepoint] Leaving safepoint region
[163.260s][info][safepoint] Total time for which application threads were stopped: 0.0037077 seconds, Stopping threads took: 0.0004392 seconds
[163.531s][info][safepoint] Application time: 0.2704361 seconds
[163.531s][info][safepoint] Entering safepoint region: GenCollectForAllocation
[163.534s][info][gc       ] GC(478) Pause Young (Allocation Failure) 2599M->1734M(5011M) 2.083ms
[163.534s][info][safepoint] Leaving safepoint region
[163.535s][info][safepoint] Total time for which application threads were stopped: 0.0035749 seconds, Stopping threads took: 0.0004813 seconds
[163.654s][info][safepoint] Application time: 0.1190848 seconds
[163.655s][info][safepoint] Entering safepoint region: GenCollectForAllocation
[164.075s][info][gc       ] GC(479) Pause Young (Allocation Failure) 2599M->2599M(5011M) 419.951ms
[164.075s][info][safepoint] Leaving safepoint region
[164.075s][info][safepoint] Total time for which application threads were stopped: 0.4207845 seconds, Stopping threads took: 0.0004144 seconds
[164.076s][info][safepoint] Application time: 0.0000897 seconds
[164.080s][info][safepoint] Entering safepoint region: CMS_Initial_Mark
[164.119s][info][gc       ] GC(480) Pause Initial Mark 2634M->2634M(5011M) 39.321ms
[164.119s][info][safepoint] Leaving safepoint region
[164.120s][info][safepoint] Total time for which application threads were stopped: 0.0439463 seconds, Stopping threads took: 0.0041362 seconds
[164.120s][info][gc       ] GC(480) Concurrent Mark
[164.228s][info][safepoint] Application time: 0.1085164 seconds
[164.229s][info][safepoint] Entering safepoint region: GenCollectForAllocation
[164.876s][info][gc       ] GC(481) Pause Young (Allocation Failure) 3413M->3470M(5011M) 647.305ms
[164.877s][info][safepoint] Leaving safepoint region
[164.877s][info][safepoint] Total time for which application threads were stopped: 0.6479458 seconds, Stopping threads took: 0.0002810 seconds
[165.098s][info][gc       ] GC(480) Concurrent Mark 978.176ms
[165.098s][info][gc       ] GC(480) Concurrent Preclean
[165.249s][info][safepoint] Application time: 0.3721219 seconds
[165.249s][info][safepoint] Entering safepoint region: GenCollectForAllocation
[165.664s][info][gc       ] GC(480) Concurrent Preclean 565.525ms
[167.817s][info][gc       ] GC(483) Pause Full (Allocation Failure) 4336M->1734M(5011M) 2567.728ms
[167.818s][info][gc       ] GC(482) Pause Young (Allocation Failure) 4336M->1734M(5011M) 2568.346ms
[167.818s][info][safepoint] Leaving safepoint region
[167.819s][info][safepoint] Total time for which application threads were stopped: 2.5695713 seconds, Stopping threads took: 0.0001656 seconds
[168.102s][info][safepoint] Application time: 0.2830457 seconds
[168.103s][info][safepoint] Entering safepoint region: GenCollectForAllocation
[168.106s][info][gc       ] GC(484) Pause Young (Allocation Failure) 2599M->1741M(5011M) 2.336ms
[168.106s][info][safepoint] Leaving safepoint region
[168.107s][info][safepoint] Total time for which application threads were stopped: 0.0037699 seconds, Stopping threads took: 0.0004568 seconds
[168.390s][info][safepoint] Application time: 0.2823514 seconds
[168.390s][info][safepoint] Entering safepoint region: GenCollectForAllocation
[168.393s][info][gc       ] GC(485) Pause Young (Allocation Failure) 2606M->1738M(5011M) 2.575ms
[168.394s][info][safepoint] Leaving safepoint region
[168.394s][info][safepoint] Total time for which application threads were stopped: 0.0040248 seconds, Stopping threads took: 0.0004612 seconds
[168.672s][info][safepoint] Application time: 0.2776848 seconds
[168.673s][info][safepoint] Entering safepoint region: GenCollectForAllocation
[168.676s][info][gc       ] GC(486) Pause Young (Allocation Failure) 2603M->1734M(5011M) 2.385ms
[168.676s][info][safepoint] Leaving safepoint region
[168.676s][info][safepoint] Total time for which application threads were stopped: 0.0037408 seconds, Stopping threads took: 0.0005022 seconds
[168.948s][info][safepoint] Application time: 0.2706900 seconds
[168.948s][info][safepoint] Entering safepoint region: GenCollectForAllocation
[168.951s][info][gc       ] GC(487) Pause Young (Allocation Failure) 2600M->1734M(5011M) 2.371ms
[168.951s][info][safepoint] Leaving safepoint region
[168.952s][info][safepoint] Total time for which application threads were stopped: 0.0036113 seconds, Stopping threads took: 0.0004850 seconds
[169.231s][info][safepoint] Application time: 0.2785477 seconds
[169.231s][info][safepoint] Entering safepoint region: GenCollectForAllocation
[169.234s][info][gc       ] GC(488) Pause Young (Allocation Failure) 2599M->1734M(5011M) 2.470ms
[169.235s][info][safepoint] Leaving safepoint region
[169.235s][info][safepoint] Total time for which application threads were stopped: 0.0039016 seconds, Stopping threads took: 0.0004608 seconds
[169.509s][info][safepoint] Application time: 0.2737492 seconds
[169.510s][info][safepoint] Entering safepoint region: GenCollectForAllocation
[169.513s][info][gc       ] GC(489) Pause Young (Allocation Failure) 2599M->1734M(5011M) 2.368ms
[169.513s][info][safepoint] Leaving safepoint region
[169.514s][info][safepoint] Total time for which application threads were stopped: 0.0039411 seconds, Stopping threads took: 0.0005210 seconds
[169.792s][info][safepoint] Application time: 0.2779076 seconds
[169.793s][info][safepoint] Entering safepoint region: GenCollectForAllocation
[169.795s][info][gc       ] GC(490) Pause Young (Allocation Failure) 2599M->1734M(5011M) 2.158ms
[169.796s][info][safepoint] Leaving safepoint region
[169.796s][info][safepoint] Total time for which application threads were stopped: 0.0035303 seconds, Stopping threads took: 0.0005051 seconds
[170.079s][info][safepoint] Application time: 0.2819543 seconds
[170.079s][info][safepoint] Entering safepoint region: GenCollectForAllocation
[170.081s][info][gc       ] GC(491) Pause Young (Allocation Failure) 2599M->1734M(5011M) 2.020ms
[170.082s][info][safepoint] Leaving safepoint region
[170.082s][info][safepoint] Total time for which application threads were stopped: 0.0033927 seconds, Stopping threads took: 0.0003885 seconds
[170.365s][info][safepoint] Application time: 0.2825179 seconds
[170.366s][info][safepoint] Entering safepoint region: GenCollectForAllocation
[170.369s][info][gc       ] GC(492) Pause Young (Allocation Failure) 2599M->1734M(5011M) 2.286ms
[170.369s][info][safepoint] Leaving safepoint region
[170.369s][info][safepoint] Total time for which application threads were stopped: 0.0035194 seconds, Stopping threads took: 0.0004212 seconds
[170.652s][info][safepoint] Application time: 0.2818007 seconds
[170.652s][info][safepoint] Entering safepoint region: GenCollectForAllocation
[170.655s][info][gc       ] GC(493) Pause Young (Allocation Failure) 2599M->1734M(5011M) 2.316ms
[170.655s][info][safepoint] Leaving safepoint region
[170.656s][info][safepoint] Total time for which application threads were stopped: 0.0037390 seconds, Stopping threads took: 0.0004581 seconds
[170.937s][info][safepoint] Application time: 0.2807745 seconds
[170.938s][info][safepoint] Entering safepoint region: GenCollectForAllocation
[170.940s][info][gc       ] GC(494) Pause Young (Allocation Failure) 2599M->1734M(5011M) 2.158ms
[170.941s][info][safepoint] Leaving safepoint region
[170.941s][info][safepoint] Total time for which application threads were stopped: 0.0036375 seconds, Stopping threads took: 0.0005124 seconds
[171.222s][info][safepoint] Application time: 0.2805028 seconds
[171.223s][info][safepoint] Entering safepoint region: GenCollectForAllocation
[171.225s][info][gc       ] GC(495) Pause Young (Allocation Failure) 2599M->1734M(5011M) 2.298ms
[171.226s][info][safepoint] Leaving safepoint region
[171.226s][info][safepoint] Total time for which application threads were stopped: 0.0036702 seconds, Stopping threads took: 0.0004776 seconds
[171.507s][info][safepoint] Application time: 0.2803625 seconds
[171.508s][info][safepoint] Entering safepoint region: GenCollectForAllocation
[171.510s][info][gc       ] GC(496) Pause Young (Allocation Failure) 2599M->1734M(5011M) 2.241ms
[171.511s][info][safepoint] Leaving safepoint region
[171.511s][info][safepoint] Total time for which application threads were stopped: 0.0037041 seconds, Stopping threads took: 0.0004535 seconds
[171.784s][info][safepoint] Application time: 0.2726581 seconds
[171.785s][info][safepoint] Entering safepoint region: GenCollectForAllocation
[171.788s][info][gc       ] GC(497) Pause Young (Allocation Failure) 2599M->1734M(5011M) 2.336ms
[171.788s][info][safepoint] Leaving safepoint region
[171.789s][info][safepoint] Total time for which application threads were stopped: 0.0037423 seconds, Stopping threads took: 0.0004904 seconds
[172.060s][info][safepoint] Application time: 0.2710591 seconds
[172.061s][info][safepoint] Entering safepoint region: GenCollectForAllocation
[172.063s][info][gc       ] GC(498) Pause Young (Allocation Failure) 2599M->1734M(5011M) 2.180ms
[172.064s][info][safepoint] Leaving safepoint region
[172.064s][info][safepoint] Total time for which application threads were stopped: 0.0035499 seconds, Stopping threads took: 0.0004284 seconds
[172.339s][info][safepoint] Application time: 0.2739874 seconds
[172.339s][info][safepoint] Entering safepoint region: GenCollectForAllocation
[172.342s][info][gc       ] GC(499) Pause Young (Allocation Failure) 2599M->1734M(5011M) 2.188ms
[172.342s][info][safepoint] Leaving safepoint region
[172.343s][info][safepoint] Total time for which application threads were stopped: 0.0036266 seconds, Stopping threads took: 0.0004856 seconds
[172.623s][info][safepoint] Application time: 0.2792782 seconds
[172.623s][info][safepoint] Entering safepoint region: GenCollectForAllocation
[172.626s][info][gc       ] GC(500) Pause Young (Allocation Failure) 2599M->1734M(5011M) 2.198ms
[172.626s][info][safepoint] Leaving safepoint region
[172.627s][info][safepoint] Total time for which application threads were stopped: 0.0037604 seconds, Stopping threads took: 0.0004589 seconds
[172.908s][info][safepoint] Application time: 0.2803103 seconds
[172.908s][info][safepoint] Entering safepoint region: GenCollectForAllocation
[172.911s][info][gc       ] GC(501) Pause Young (Allocation Failure) 2599M->1734M(5011M) 2.352ms
[172.912s][info][safepoint] Leaving safepoint region
[172.912s][info][safepoint] Total time for which application threads were stopped: 0.0037977 seconds, Stopping threads took: 0.0004767 seconds
[173.195s][info][safepoint] Application time: 0.2826126 seconds
[173.196s][info][safepoint] Entering safepoint region: GenCollectForAllocation
[173.198s][info][gc       ] GC(502) Pause Young (Allocation Failure) 2599M->1734M(5011M) 2.258ms
[173.199s][info][safepoint] Leaving safepoint region
[173.199s][info][safepoint] Total time for which application threads were stopped: 0.0036034 seconds, Stopping threads took: 0.0004101 seconds
[173.475s][info][safepoint] Application time: 0.2757539 seconds
[173.476s][info][safepoint] Entering safepoint region: GenCollectForAllocation
[173.479s][info][gc       ] GC(503) Pause Young (Allocation Failure) 2599M->1734M(5011M) 2.397ms
[173.479s][info][safepoint] Leaving safepoint region
[173.480s][info][safepoint] Total time for which application threads were stopped: 0.0038745 seconds, Stopping threads took: 0.0004842 seconds
[173.752s][info][safepoint] Application time: 0.2722488 seconds
[173.753s][info][safepoint] Entering safepoint region: GenCollectForAllocation
[173.756s][info][gc       ] GC(504) Pause Young (Allocation Failure) 2599M->1734M(5011M) 2.336ms
[173.756s][info][safepoint] Leaving safepoint region
[173.756s][info][safepoint] Total time for which application threads were stopped: 0.0036210 seconds, Stopping threads took: 0.0004162 seconds
[174.035s][info][safepoint] Application time: 0.2776796 seconds
[174.035s][info][safepoint] Entering safepoint region: GenCollectForAllocation
[174.038s][info][gc       ] GC(505) Pause Young (Allocation Failure) 2599M->1734M(5011M) 2.186ms
[174.038s][info][safepoint] Leaving safepoint region
[174.039s][info][safepoint] Total time for which application threads were stopped: 0.0035255 seconds, Stopping threads took: 0.0004873 seconds
[174.309s][info][safepoint] Application time: 0.2702690 seconds
[174.310s][info][safepoint] Entering safepoint region: GenCollectForAllocation
[174.313s][info][gc       ] GC(506) Pause Young (Allocation Failure) 2599M->1734M(5011M) 2.270ms
[174.313s][info][safepoint] Leaving safepoint region
[174.314s][info][safepoint] Total time for which application threads were stopped: 0.0040513 seconds, Stopping threads took: 0.0005588 seconds
[174.591s][info][safepoint] Application time: 0.2765697 seconds
[174.592s][info][safepoint] Entering safepoint region: GenCollectForAllocation
[174.594s][info][gc       ] GC(507) Pause Young (Allocation Failure) 2599M->1734M(5011M) 2.239ms
[174.595s][info][safepoint] Leaving safepoint region
[174.595s][info][safepoint] Total time for which application threads were stopped: 0.0037152 seconds, Stopping threads took: 0.0003811 seconds
[174.876s][info][safepoint] Application time: 0.2806520 seconds
[174.877s][info][safepoint] Entering safepoint region: GenCollectForAllocation
[174.880s][info][gc       ] GC(508) Pause Young (Allocation Failure) 2599M->1734M(5011M) 2.259ms
[174.880s][info][safepoint] Leaving safepoint region
[174.880s][info][safepoint] Total time for which application threads were stopped: 0.0034590 seconds, Stopping threads took: 0.0003815 seconds
[175.163s][info][safepoint] Application time: 0.2818143 seconds
[175.163s][info][safepoint] Entering safepoint region: GenCollectForAllocation
[175.166s][info][gc       ] GC(509) Pause Young (Allocation Failure) 2599M->1734M(5011M) 2.189ms
[175.166s][info][safepoint] Leaving safepoint region
[175.166s][info][safepoint] Total time for which application threads were stopped: 0.0034316 seconds, Stopping threads took: 0.0004312 seconds
[175.448s][info][safepoint] Application time: 0.2810781 seconds
[175.448s][info][safepoint] Entering safepoint region: GenCollectForAllocation
[175.451s][info][gc       ] GC(510) Pause Young (Allocation Failure) 2599M->1734M(5011M) 2.381ms
[175.452s][info][safepoint] Leaving safepoint region
[175.452s][info][safepoint] Total time for which application threads were stopped: 0.0040646 seconds, Stopping threads took: 0.0005303 seconds
[175.732s][info][safepoint] Application time: 0.2786794 seconds
[175.732s][info][safepoint] Entering safepoint region: GenCollectForAllocation
[175.735s][info][gc       ] GC(511) Pause Young (Allocation Failure) 2599M->1734M(5011M) 2.305ms
[175.735s][info][safepoint] Leaving safepoint region
[175.736s][info][safepoint] Total time for which application threads were stopped: 0.0037319 seconds, Stopping threads took: 0.0004733 seconds
[176.016s][info][safepoint] Application time: 0.2799687 seconds
[176.017s][info][safepoint] Entering safepoint region: GenCollectForAllocation
[176.020s][info][gc       ] GC(512) Pause Young (Allocation Failure) 2599M->1734M(5011M) 2.353ms
[176.020s][info][safepoint] Leaving safepoint region
[176.021s][info][safepoint] Total time for which application threads were stopped: 0.0039046 seconds, Stopping threads took: 0.0005338 seconds
[176.302s][info][safepoint] Application time: 0.2811610 seconds
[176.303s][info][safepoint] Entering safepoint region: GenCollectForAllocation
[176.306s][info][gc       ] GC(513) Pause Young (Allocation Failure) 2599M->1734M(5011M) 2.404ms
[176.306s][info][safepoint] Leaving safepoint region
[176.307s][info][safepoint] Total time for which application threads were stopped: 0.0038381 seconds, Stopping threads took: 0.0004488 seconds
[176.589s][info][safepoint] Application time: 0.2817602 seconds
[176.589s][info][safepoint] Entering safepoint region: GenCollectForAllocation
[176.592s][info][gc       ] GC(514) Pause Young (Allocation Failure) 2599M->1734M(5011M) 2.338ms
[176.593s][info][safepoint] Leaving safepoint region
[176.593s][info][safepoint] Total time for which application threads were stopped: 0.0035464 seconds, Stopping threads took: 0.0004265 seconds
[176.871s][info][safepoint] Application time: 0.2781473 seconds
[176.872s][info][safepoint] Entering safepoint region: GenCollectForAllocation
[176.875s][info][gc       ] GC(515) Pause Young (Allocation Failure) 2599M->1734M(5011M) 2.392ms
[176.875s][info][safepoint] Leaving safepoint region
[176.875s][info][safepoint] Total time for which application threads were stopped: 0.0035580 seconds, Stopping threads took: 0.0004067 seconds
[177.149s][info][safepoint] Application time: 0.2731452 seconds
[177.149s][info][safepoint] Entering safepoint region: GenCollectForAllocation
[177.152s][info][gc       ] GC(516) Pause Young (Allocation Failure) 2599M->1734M(5011M) 2.231ms
[177.153s][info][safepoint] Leaving safepoint region
[177.153s][info][safepoint] Total time for which application threads were stopped: 0.0036068 seconds, Stopping threads took: 0.0004389 seconds
[177.427s][info][safepoint] Application time: 0.2737399 seconds
[177.428s][info][safepoint] Entering safepoint region: GenCollectForAllocation
[177.430s][info][gc       ] GC(517) Pause Young (Allocation Failure) 2599M->1734M(5011M) 1.959ms
[177.430s][info][safepoint] Leaving safepoint region
[177.431s][info][safepoint] Total time for which application threads were stopped: 0.0033513 seconds, Stopping threads took: 0.0004328 seconds
[177.704s][info][safepoint] Application time: 0.2724673 seconds
[177.704s][info][safepoint] Entering safepoint region: GenCollectForAllocation
[177.707s][info][gc       ] GC(518) Pause Young (Allocation Failure) 2599M->1734M(5011M) 2.170ms
[177.707s][info][safepoint] Leaving safepoint region
[177.708s][info][safepoint] Total time for which application threads were stopped: 0.0035237 seconds, Stopping threads took: 0.0003945 seconds
[177.825s][info][safepoint] Application time: 0.1165556 seconds
[177.825s][info][safepoint] Entering safepoint region: GenCollectForAllocation
[178.241s][info][gc       ] GC(519) Pause Young (Allocation Failure) 2599M->2599M(5011M) 415.505ms
[178.242s][info][safepoint] Leaving safepoint region
[178.242s][info][safepoint] Total time for which application threads were stopped: 0.4163229 seconds, Stopping threads took: 0.0004630 seconds
[178.242s][info][safepoint] Application time: 0.0001232 seconds
[178.246s][info][safepoint] Entering safepoint region: CMS_Initial_Mark
[178.286s][info][gc       ] GC(520) Pause Initial Mark 2633M->2633M(5011M) 39.489ms
[178.286s][info][safepoint] Leaving safepoint region
[178.286s][info][safepoint] Total time for which application threads were stopped: 0.0443289 seconds, Stopping threads took: 0.0042295 seconds
[178.287s][info][gc       ] GC(520) Concurrent Mark
[178.390s][info][safepoint] Application time: 0.1032634 seconds
[178.390s][info][safepoint] Entering safepoint region: GenCollectForAllocation
[178.947s][info][gc       ] GC(521) Pause Young (Allocation Failure) 3413M->3470M(5011M) 556.469ms
[178.947s][info][safepoint] Leaving safepoint region
[178.947s][info][safepoint] Total time for which application threads were stopped: 0.5573214 seconds, Stopping threads took: 0.0003022 seconds
[179.189s][info][gc       ] GC(520) Concurrent Mark 902.863ms
[179.190s][info][gc       ] GC(520) Concurrent Preclean
[179.320s][info][safepoint] Application time: 0.3722009 seconds
[179.320s][info][safepoint] Entering safepoint region: GenCollectForAllocation
[179.651s][info][gc       ] GC(520) Concurrent Preclean 461.364ms
[181.526s][info][gc       ] GC(523) Pause Full (Allocation Failure) 4336M->1734M(5011M) 2204.991ms
[181.526s][info][gc       ] GC(522) Pause Young (Allocation Failure) 4336M->1734M(5011M) 2205.551ms
[181.527s][info][safepoint] Leaving safepoint region
[181.527s][info][safepoint] Total time for which application threads were stopped: 2.2068588 seconds, Stopping threads took: 0.0004473 seconds
[181.803s][info][safepoint] Application time: 0.2751309 seconds
[181.803s][info][safepoint] Entering safepoint region: GenCollectForAllocation
[181.806s][info][gc       ] GC(524) Pause Young (Allocation Failure) 2599M->1747M(5011M) 2.068ms
[181.807s][info][safepoint] Leaving safepoint region
[181.807s][info][safepoint] Total time for which application threads were stopped: 0.0036716 seconds, Stopping threads took: 0.0005486 seconds
[182.079s][info][safepoint] Application time: 0.2712984 seconds
[182.079s][info][safepoint] Entering safepoint region: GenCollectForAllocation
[182.082s][info][gc       ] GC(525) Pause Young (Allocation Failure) 2613M->1736M(5011M) 1.995ms
[182.082s][info][safepoint] Leaving safepoint region
[182.083s][info][safepoint] Total time for which application threads were stopped: 0.0034918 seconds, Stopping threads took: 0.0005355 seconds
[182.366s][info][safepoint] Application time: 0.2825879 seconds
[182.366s][info][safepoint] Entering safepoint region: GenCollectForAllocation
[182.369s][info][gc       ] GC(526) Pause Young (Allocation Failure) 2602M->1734M(5011M) 2.113ms
[182.369s][info][safepoint] Leaving safepoint region
[182.369s][info][safepoint] Total time for which application threads were stopped: 0.0026533 seconds, Stopping threads took: 0.0001757 seconds
[182.646s][info][safepoint] Application time: 0.2770446 seconds
[182.647s][info][safepoint] Entering safepoint region: GenCollectForAllocation
[182.649s][info][gc       ] GC(527) Pause Young (Allocation Failure) 2600M->1734M(5011M) 2.110ms
[182.650s][info][safepoint] Leaving safepoint region
[182.650s][info][safepoint] Total time for which application threads were stopped: 0.0034665 seconds, Stopping threads took: 0.0004303 seconds
[182.929s][info][safepoint] Application time: 0.2783161 seconds
[182.929s][info][safepoint] Entering safepoint region: GenCollectForAllocation
[182.932s][info][gc       ] GC(528) Pause Young (Allocation Failure) 2599M->1734M(5011M) 2.019ms
[182.932s][info][safepoint] Leaving safepoint region
[182.932s][info][safepoint] Total time for which application threads were stopped: 0.0031919 seconds, Stopping threads took: 0.0003183 seconds
[183.212s][info][safepoint] Application time: 0.2787400 seconds
[183.212s][info][safepoint] Entering safepoint region: GenCollectForAllocation
[183.215s][info][gc       ] GC(529) Pause Young (Allocation Failure) 2599M->1734M(5011M) 2.083ms
[183.215s][info][safepoint] Leaving safepoint region
[183.215s][info][safepoint] Total time for which application threads were stopped: 0.0030704 seconds, Stopping threads took: 0.0003585 seconds
[183.531s][info][safepoint] Application time: 0.3150781 seconds
[183.531s][info][safepoint] Entering safepoint region: GenCollectForAllocation
[183.534s][info][gc       ] GC(530) Pause Young (Allocation Failure) 2599M->1734M(5011M) 2.858ms
[183.534s][info][safepoint] Leaving safepoint region
[183.534s][info][safepoint] Total time for which application threads were stopped: 0.0035127 seconds, Stopping threads took: 0.0001587 seconds
[183.841s][info][safepoint] Application time: 0.3066811 seconds
[183.842s][info][safepoint] Entering safepoint region: GenCollectForAllocation
[183.845s][info][gc       ] GC(531) Pause Young (Allocation Failure) 2599M->1734M(5011M) 3.051ms
[183.846s][info][safepoint] Leaving safepoint region
[183.846s][info][safepoint] Total time for which application threads were stopped: 0.0044031 seconds, Stopping threads took: 0.0003768 seconds
[184.158s][info][safepoint] Application time: 0.3115633 seconds
[184.158s][info][safepoint] Entering safepoint region: GenCollectForAllocation
[184.161s][info][gc       ] GC(532) Pause Young (Allocation Failure) 2599M->1734M(5011M) 2.241ms
[184.161s][info][safepoint] Leaving safepoint region
[184.161s][info][safepoint] Total time for which application threads were stopped: 0.0028202 seconds, Stopping threads took: 0.0001579 seconds
[184.457s][info][safepoint] Application time: 0.2957253 seconds
[184.457s][info][safepoint] Entering safepoint region: GenCollectForAllocation
[184.460s][info][gc       ] GC(533) Pause Young (Allocation Failure) 2599M->1734M(5011M) 2.333ms
[184.460s][info][safepoint] Leaving safepoint region
[184.461s][info][safepoint] Total time for which application threads were stopped: 0.0037564 seconds, Stopping threads took: 0.0002781 seconds
[184.765s][info][safepoint] Application time: 0.3033614 seconds
[184.765s][info][safepoint] Entering safepoint region: GenCollectForAllocation
[184.768s][info][gc       ] GC(534) Pause Young (Allocation Failure) 2599M->1734M(5011M) 2.397ms
[184.769s][info][safepoint] Leaving safepoint region
[184.769s][info][safepoint] Total time for which application threads were stopped: 0.0039481 seconds, Stopping threads took: 0.0004350 seconds
[185.045s][info][safepoint] Application time: 0.2748734 seconds
[185.045s][info][safepoint] Entering safepoint region: GenCollectForAllocation
[185.048s][info][gc       ] GC(535) Pause Young (Allocation Failure) 2599M->1734M(5011M) 2.260ms
[185.048s][info][safepoint] Leaving safepoint region
[185.049s][info][safepoint] Total time for which application threads were stopped: 0.0035107 seconds, Stopping threads took: 0.0003021 seconds
[185.330s][info][safepoint] Application time: 0.2806047 seconds
[185.330s][info][safepoint] Entering safepoint region: GenCollectForAllocation
[185.333s][info][gc       ] GC(536) Pause Young (Allocation Failure) 2599M->1734M(5011M) 2.287ms
[185.333s][info][safepoint] Leaving safepoint region
[185.334s][info][safepoint] Total time for which application threads were stopped: 0.0038335 seconds, Stopping threads took: 0.0004641 seconds
[185.633s][info][safepoint] Application time: 0.2983396 seconds
[185.633s][info][safepoint] Entering safepoint region: GenCollectForAllocation
[185.636s][info][gc       ] GC(537) Pause Young (Allocation Failure) 2599M->1734M(5011M) 2.667ms
[185.636s][info][safepoint] Leaving safepoint region
[185.637s][info][safepoint] Total time for which application threads were stopped: 0.0035754 seconds, Stopping threads took: 0.0002906 seconds
[185.927s][info][safepoint] Application time: 0.2896384 seconds
[185.927s][info][safepoint] Entering safepoint region: GenCollectForAllocation
[185.930s][info][gc       ] GC(538) Pause Young (Allocation Failure) 2599M->1734M(5011M) 2.352ms
[185.930s][info][safepoint] Leaving safepoint region
[185.930s][info][safepoint] Total time for which application threads were stopped: 0.0033982 seconds, Stopping threads took: 0.0004321 seconds
[186.211s][info][safepoint] Application time: 0.2804304 seconds
[186.212s][info][safepoint] Entering safepoint region: GenCollectForAllocation
[186.215s][info][gc       ] GC(539) Pause Young (Allocation Failure) 2599M->1734M(5011M) 2.525ms
[186.215s][info][safepoint] Leaving safepoint region
[186.216s][info][safepoint] Total time for which application threads were stopped: 0.0044497 seconds, Stopping threads took: 0.0005077 seconds
[186.499s][info][safepoint] Application time: 0.2826806 seconds
[186.500s][info][safepoint] Entering safepoint region: GenCollectForAllocation
[186.503s][info][gc       ] GC(540) Pause Young (Allocation Failure) 2599M->1734M(5011M) 2.550ms
[186.504s][info][safepoint] Leaving safepoint region
[186.504s][info][safepoint] Total time for which application threads were stopped: 0.0041648 seconds, Stopping threads took: 0.0005355 seconds
[186.783s][info][safepoint] Application time: 0.2785273 seconds
[186.784s][info][safepoint] Entering safepoint region: GenCollectForAllocation
[186.787s][info][gc       ] GC(541) Pause Young (Allocation Failure) 2599M->1734M(5011M) 2.457ms
[186.787s][info][safepoint] Leaving safepoint region
[186.787s][info][safepoint] Total time for which application threads were stopped: 0.0037468 seconds, Stopping threads took: 0.0004182 seconds
[187.068s][info][safepoint] Application time: 0.2806339 seconds
[187.069s][info][safepoint] Entering safepoint region: GenCollectForAllocation
[187.072s][info][gc       ] GC(542) Pause Young (Allocation Failure) 2599M->1734M(5011M) 2.526ms
[187.072s][info][safepoint] Leaving safepoint region
[187.073s][info][safepoint] Total time for which application threads were stopped: 0.0040907 seconds, Stopping threads took: 0.0004407 seconds
[187.358s][info][safepoint] Application time: 0.2849434 seconds
[187.359s][info][safepoint] Entering safepoint region: GenCollectForAllocation
[187.362s][info][gc       ] GC(543) Pause Young (Allocation Failure) 2599M->1734M(5011M) 2.533ms
[187.362s][info][safepoint] Leaving safepoint region
[187.363s][info][safepoint] Total time for which application threads were stopped: 0.0041577 seconds, Stopping threads took: 0.0004883 seconds
[187.647s][info][safepoint] Application time: 0.2840410 seconds
[187.648s][info][safepoint] Entering safepoint region: GenCollectForAllocation
[187.651s][info][gc       ] GC(544) Pause Young (Allocation Failure) 2599M->1734M(5011M) 2.385ms
[187.652s][info][safepoint] Leaving safepoint region
[187.652s][info][safepoint] Total time for which application threads were stopped: 0.0040449 seconds, Stopping threads took: 0.0005393 seconds
[187.936s][info][safepoint] Application time: 0.2836323 seconds
[187.937s][info][safepoint] Entering safepoint region: GenCollectForAllocation
[187.940s][info][gc       ] GC(545) Pause Young (Allocation Failure) 2599M->1734M(5011M) 2.477ms
[187.940s][info][safepoint] Leaving safepoint region
[187.941s][info][safepoint] Total time for which application threads were stopped: 0.0041050 seconds, Stopping threads took: 0.0004965 seconds
[188.224s][info][safepoint] Application time: 0.2829551 seconds
[188.225s][info][safepoint] Entering safepoint region: GenCollectForAllocation
[188.228s][info][gc       ] GC(546) Pause Young (Allocation Failure) 2599M->1734M(5011M) 2.678ms
[188.229s][info][safepoint] Leaving safepoint region
[188.229s][info][safepoint] Total time for which application threads were stopped: 0.0043019 seconds, Stopping threads took: 0.0004493 seconds
[188.511s][info][safepoint] Application time: 0.2816455 seconds
[188.512s][info][safepoint] Entering safepoint region: GenCollectForAllocation
[188.515s][info][gc       ] GC(547) Pause Young (Allocation Failure) 2599M->1734M(5011M) 2.793ms
[188.515s][info][safepoint] Leaving safepoint region
[188.516s][info][safepoint] Total time for which application threads were stopped: 0.0041781 seconds, Stopping threads took: 0.0004146 seconds
[188.797s][info][safepoint] Application time: 0.2807630 seconds
[188.797s][info][safepoint] Entering safepoint region: GenCollectForAllocation
[188.801s][info][gc       ] GC(548) Pause Young (Allocation Failure) 2599M->1734M(5011M) 2.539ms
[188.801s][info][safepoint] Leaving safepoint region
[188.801s][info][safepoint] Total time for which application threads were stopped: 0.0037082 seconds, Stopping threads took: 0.0004785 seconds
[189.084s][info][safepoint] Application time: 0.2830596 seconds
[189.085s][info][safepoint] Entering safepoint region: GenCollectForAllocation
[189.088s][info][gc       ] GC(549) Pause Young (Allocation Failure) 2599M->1734M(5011M) 2.430ms
[189.088s][info][safepoint] Leaving safepoint region
[189.089s][info][safepoint] Total time for which application threads were stopped: 0.0039185 seconds, Stopping threads took: 0.0004643 seconds
[189.376s][info][safepoint] Application time: 0.2869176 seconds
[189.377s][info][safepoint] Entering safepoint region: GenCollectForAllocation
[189.380s][info][gc       ] GC(550) Pause Young (Allocation Failure) 2599M->1734M(5011M) 2.560ms
[189.380s][info][safepoint] Leaving safepoint region
[189.381s][info][safepoint] Total time for which application threads were stopped: 0.0039994 seconds, Stopping threads took: 0.0004070 seconds
[189.661s][info][safepoint] Application time: 0.2799153 seconds
[189.662s][info][safepoint] Entering safepoint region: GenCollectForAllocation
[189.665s][info][gc       ] GC(551) Pause Young (Allocation Failure) 2599M->1734M(5011M) 2.740ms
[189.666s][info][safepoint] Leaving safepoint region
[189.666s][info][safepoint] Total time for which application threads were stopped: 0.0041872 seconds, Stopping threads took: 0.0005024 seconds
[189.948s][info][safepoint] Application time: 0.2822934 seconds
[189.949s][info][safepoint] Entering safepoint region: GenCollectForAllocation
[189.952s][info][gc       ] GC(552) Pause Young (Allocation Failure) 2599M->1734M(5011M) 2.438ms
[189.953s][info][safepoint] Leaving safepoint region
[189.953s][info][safepoint] Total time for which application threads were stopped: 0.0040202 seconds, Stopping threads took: 0.0005534 seconds
[190.238s][info][safepoint] Application time: 0.2847985 seconds
[190.239s][info][safepoint] Entering safepoint region: GenCollectForAllocation
[190.242s][info][gc       ] GC(553) Pause Young (Allocation Failure) 2599M->1734M(5011M) 2.473ms
[190.242s][info][safepoint] Leaving safepoint region
[190.243s][info][safepoint] Total time for which application threads were stopped: 0.0040064 seconds, Stopping threads took: 0.0005628 seconds
[190.528s][info][safepoint] Application time: 0.2843690 seconds
[190.528s][info][safepoint] Entering safepoint region: GenCollectForAllocation
[190.532s][info][gc       ] GC(554) Pause Young (Allocation Failure) 2599M->1734M(5011M) 3.176ms
[190.533s][info][safepoint] Leaving safepoint region
[190.533s][info][safepoint] Total time for which application threads were stopped: 0.0048218 seconds, Stopping threads took: 0.0004838 seconds
[190.817s][info][safepoint] Application time: 0.2836624 seconds
[190.818s][info][safepoint] Entering safepoint region: GenCollectForAllocation
[190.821s][info][gc       ] GC(555) Pause Young (Allocation Failure) 2599M->1734M(5011M) 2.594ms
[190.821s][info][safepoint] Leaving safepoint region
[190.822s][info][safepoint] Total time for which application threads were stopped: 0.0039565 seconds, Stopping threads took: 0.0004290 seconds
[191.099s][info][safepoint] Application time: 0.2770553 seconds
[191.099s][info][safepoint] Entering safepoint region: GenCollectForAllocation
[191.102s][info][gc       ] GC(556) Pause Young (Allocation Failure) 2599M->1734M(5011M) 2.277ms
[191.103s][info][safepoint] Leaving safepoint region
[191.104s][info][safepoint] Total time for which application threads were stopped: 0.0040695 seconds, Stopping threads took: 0.0004832 seconds
[191.381s][info][safepoint] Application time: 0.2768513 seconds
[191.382s][info][safepoint] Entering safepoint region: GenCollectForAllocation
[191.385s][info][gc       ] GC(557) Pause Young (Allocation Failure) 2599M->1734M(5011M) 2.542ms
[191.385s][info][safepoint] Leaving safepoint region
[191.386s][info][safepoint] Total time for which application threads were stopped: 0.0039880 seconds, Stopping threads took: 0.0004942 seconds
[191.661s][info][safepoint] Application time: 0.2750947 seconds
[191.662s][info][safepoint] Entering safepoint region: GenCollectForAllocation
[191.665s][info][gc       ] GC(558) Pause Young (Allocation Failure) 2599M->1734M(5011M) 2.532ms
[191.665s][info][safepoint] Leaving safepoint region
[191.666s][info][safepoint] Total time for which application threads were stopped: 0.0040683 seconds, Stopping threads took: 0.0004701 seconds
[191.787s][info][safepoint] Application time: 0.1212958 seconds
[191.788s][info][safepoint] Entering safepoint region: GenCollectForAllocation
[192.227s][info][gc       ] GC(559) Pause Young (Allocation Failure) 2599M->2599M(5011M) 438.591ms
[192.227s][info][safepoint] Leaving safepoint region
[192.227s][info][safepoint] Total time for which application threads were stopped: 0.4394688 seconds, Stopping threads took: 0.0003921 seconds
[192.227s][info][safepoint] Application time: 0.0001098 seconds
[192.232s][info][safepoint] Entering safepoint region: CMS_Initial_Mark
[192.270s][info][gc       ] GC(560) Pause Initial Mark 2633M->2633M(5011M) 38.613ms
[192.271s][info][safepoint] Leaving safepoint region
[192.271s][info][safepoint] Total time for which application threads were stopped: 0.0434605 seconds, Stopping threads took: 0.0042989 seconds
[192.271s][info][gc       ] GC(560) Concurrent Mark
[192.375s][info][safepoint] Application time: 0.1036148 seconds
[192.375s][info][safepoint] Entering safepoint region: GenCollectForAllocation
[192.947s][info][gc       ] GC(561) Pause Young (Allocation Failure) 3413M->3470M(5011M) 571.858ms
[192.947s][info][safepoint] Leaving safepoint region
[192.948s][info][safepoint] Total time for which application threads were stopped: 0.5726421 seconds, Stopping threads took: 0.0002446 seconds
[193.149s][info][gc       ] GC(560) Concurrent Mark 877.716ms
[193.149s][info][gc       ] GC(560) Concurrent Preclean
[193.273s][info][safepoint] Application time: 0.3248483 seconds
[193.273s][info][safepoint] Entering safepoint region: GenCollectForAllocation
[193.596s][info][gc       ] GC(560) Concurrent Preclean 447.175ms
[195.490s][info][gc       ] GC(563) Pause Full (Allocation Failure) 4336M->1734M(5011M) 2216.104ms
[195.490s][info][gc       ] GC(562) Pause Young (Allocation Failure) 4336M->1734M(5011M) 2216.677ms
[195.491s][info][safepoint] Leaving safepoint region
[195.491s][info][safepoint] Total time for which application threads were stopped: 2.2180229 seconds, Stopping threads took: 0.0004003 seconds
[195.775s][info][safepoint] Application time: 0.2835041 seconds
[195.775s][info][safepoint] Entering safepoint region: GenCollectForAllocation
[195.778s][info][gc       ] GC(564) Pause Young (Allocation Failure) 2599M->1751M(5011M) 2.509ms
[195.779s][info][safepoint] Leaving safepoint region
[195.779s][info][safepoint] Total time for which application threads were stopped: 0.0036772 seconds, Stopping threads took: 0.0003785 seconds
[196.065s][info][safepoint] Application time: 0.2853247 seconds
[196.065s][info][safepoint] Entering safepoint region: GenCollectForAllocation
[196.068s][info][gc       ] GC(565) Pause Young (Allocation Failure) 2616M->1735M(5011M) 2.390ms
[196.069s][info][safepoint] Leaving safepoint region
[196.069s][info][safepoint] Total time for which application threads were stopped: 0.0037981 seconds, Stopping threads took: 0.0004868 seconds
[196.354s][info][safepoint] Application time: 0.2842648 seconds
[196.354s][info][safepoint] Entering safepoint region: GenCollectForAllocation
[196.357s][info][gc       ] GC(566) Pause Young (Allocation Failure) 2601M->1734M(5011M) 2.206ms
[196.357s][info][safepoint] Leaving safepoint region
[196.358s][info][safepoint] Total time for which application threads were stopped: 0.0036135 seconds, Stopping threads took: 0.0004778 seconds
[196.643s][info][safepoint] Application time: 0.2842361 seconds
[196.643s][info][safepoint] Entering safepoint region: GenCollectForAllocation
[196.646s][info][gc       ] GC(567) Pause Young (Allocation Failure) 2600M->1734M(5011M) 2.076ms
[196.646s][info][safepoint] Leaving safepoint region
[196.647s][info][safepoint] Total time for which application threads were stopped: 0.0035144 seconds, Stopping threads took: 0.0004520 seconds
[196.928s][info][safepoint] Application time: 0.2812151 seconds
[196.929s][info][safepoint] Entering safepoint region: GenCollectForAllocation
[196.932s][info][gc       ] GC(568) Pause Young (Allocation Failure) 2599M->1734M(5011M) 2.523ms
[196.932s][info][safepoint] Leaving safepoint region
[196.933s][info][safepoint] Total time for which application threads were stopped: 0.0040913 seconds, Stopping threads took: 0.0005311 seconds
[197.209s][info][safepoint] Application time: 0.2755580 seconds
[197.209s][info][safepoint] Entering safepoint region: GenCollectForAllocation
[197.212s][info][gc       ] GC(569) Pause Young (Allocation Failure) 2599M->1734M(5011M) 2.410ms
[197.213s][info][safepoint] Leaving safepoint region
[197.213s][info][safepoint] Total time for which application threads were stopped: 0.0039159 seconds, Stopping threads took: 0.0005033 seconds
[197.485s][info][safepoint] Application time: 0.2712017 seconds
[197.485s][info][safepoint] Entering safepoint region: GenCollectForAllocation
[197.488s][info][gc       ] GC(570) Pause Young (Allocation Failure) 2599M->1734M(5011M) 2.339ms
[197.488s][info][safepoint] Leaving safepoint region
[197.489s][info][safepoint] Total time for which application threads were stopped: 0.0034174 seconds, Stopping threads took: 0.0003712 seconds
[197.770s][info][safepoint] Application time: 0.2806591 seconds
[197.770s][info][safepoint] Entering safepoint region: GenCollectForAllocation
[197.773s][info][gc       ] GC(571) Pause Young (Allocation Failure) 2599M->1734M(5011M) 2.422ms
[197.773s][info][safepoint] Leaving safepoint region
[197.774s][info][safepoint] Total time for which application threads were stopped: 0.0036890 seconds, Stopping threads took: 0.0004167 seconds
[198.058s][info][safepoint] Application time: 0.2838737 seconds
[198.059s][info][safepoint] Entering safepoint region: GenCollectForAllocation
[198.062s][info][gc       ] GC(572) Pause Young (Allocation Failure) 2599M->1734M(5011M) 2.455ms
[198.062s][info][safepoint] Leaving safepoint region
[198.062s][info][safepoint] Total time for which application threads were stopped: 0.0038093 seconds, Stopping threads took: 0.0004478 seconds
[198.346s][info][safepoint] Application time: 0.2834266 seconds
[198.347s][info][safepoint] Entering safepoint region: GenCollectForAllocation
[198.350s][info][gc       ] GC(573) Pause Young (Allocation Failure) 2599M->1734M(5011M) 2.321ms
[198.350s][info][safepoint] Leaving safepoint region
[198.350s][info][safepoint] Total time for which application threads were stopped: 0.0033230 seconds, Stopping threads took: 0.0004436 seconds
[198.630s][info][safepoint] Application time: 0.2794040 seconds
[198.630s][info][safepoint] Entering safepoint region: GenCollectForAllocation
[198.633s][info][gc       ] GC(574) Pause Young (Allocation Failure) 2599M->1734M(5011M) 2.356ms
[198.633s][info][safepoint] Leaving safepoint region
[198.634s][info][safepoint] Total time for which application threads were stopped: 0.0034561 seconds, Stopping threads took: 0.0003824 seconds
[198.908s][info][safepoint] Application time: 0.2739827 seconds
[198.908s][info][safepoint] Entering safepoint region: GenCollectForAllocation
[198.911s][info][gc       ] GC(575) Pause Young (Allocation Failure) 2599M->1734M(5011M) 2.136ms
[198.911s][info][safepoint] Leaving safepoint region
[198.911s][info][safepoint] Total time for which application threads were stopped: 0.0031260 seconds, Stopping threads took: 0.0003739 seconds
[199.192s][info][safepoint] Application time: 0.2804227 seconds
[199.193s][info][safepoint] Entering safepoint region: GenCollectForAllocation
[199.196s][info][gc       ] GC(576) Pause Young (Allocation Failure) 2599M->1734M(5011M) 2.439ms
[199.196s][info][safepoint] Leaving safepoint region
[199.196s][info][safepoint] Total time for which application threads were stopped: 0.0038051 seconds, Stopping threads took: 0.0004690 seconds
[199.482s][info][safepoint] Application time: 0.2854342 seconds
[199.483s][info][safepoint] Entering safepoint region: GenCollectForAllocation
[199.486s][info][gc       ] GC(577) Pause Young (Allocation Failure) 2599M->1734M(5011M) 2.531ms
[199.486s][info][safepoint] Leaving safepoint region
[199.487s][info][safepoint] Total time for which application threads were stopped: 0.0038860 seconds, Stopping threads took: 0.0004764 seconds
[199.766s][info][safepoint] Application time: 0.2789160 seconds
[199.767s][info][safepoint] Entering safepoint region: GenCollectForAllocation
[199.769s][info][gc       ] GC(578) Pause Young (Allocation Failure) 2599M->1734M(5011M) 2.234ms
[199.770s][info][safepoint] Leaving safepoint region
[199.770s][info][safepoint] Total time for which application threads were stopped: 0.0035254 seconds, Stopping threads took: 0.0004770 seconds
[200.037s][info][safepoint] Application time: 0.2666591 seconds
[200.038s][info][safepoint] Entering safepoint region: GenCollectForAllocation
[200.040s][info][gc       ] GC(579) Pause Young (Allocation Failure) 2599M->1734M(5011M) 2.385ms
[200.041s][info][safepoint] Leaving safepoint region
[200.041s][info][safepoint] Total time for which application threads were stopped: 0.0039530 seconds, Stopping threads took: 0.0004977 seconds
[200.316s][info][safepoint] Application time: 0.2740368 seconds
[200.317s][info][safepoint] Entering safepoint region: GenCollectForAllocation
[200.319s][info][gc       ] GC(580) Pause Young (Allocation Failure) 2599M->1734M(5011M) 2.073ms
[200.320s][info][safepoint] Leaving safepoint region
[200.320s][info][safepoint] Total time for which application threads were stopped: 0.0036441 seconds, Stopping threads took: 0.0004942 seconds
[200.593s][info][safepoint] Application time: 0.2721016 seconds
[200.593s][info][safepoint] Entering safepoint region: GenCollectForAllocation
[200.596s][info][gc       ] GC(581) Pause Young (Allocation Failure) 2599M->1734M(5011M) 2.352ms
[200.597s][info][safepoint] Leaving safepoint region
[200.597s][info][safepoint] Total time for which application threads were stopped: 0.0034295 seconds, Stopping threads took: 0.0003811 seconds
[200.875s][info][safepoint] Application time: 0.2775171 seconds
[200.875s][info][safepoint] Entering safepoint region: GenCollectForAllocation
[200.878s][info][gc       ] GC(582) Pause Young (Allocation Failure) 2599M->1734M(5011M) 2.239ms
[200.878s][info][safepoint] Leaving safepoint region
[200.879s][info][safepoint] Total time for which application threads were stopped: 0.0037421 seconds, Stopping threads took: 0.0004714 seconds
[201.162s][info][safepoint] Application time: 0.2825328 seconds
[201.163s][info][safepoint] Entering safepoint region: GenCollectForAllocation
[201.166s][info][gc       ] GC(583) Pause Young (Allocation Failure) 2599M->1734M(5011M) 2.494ms
[201.166s][info][safepoint] Leaving safepoint region
[201.167s][info][safepoint] Total time for which application threads were stopped: 0.0040662 seconds, Stopping threads took: 0.0004988 seconds
[201.451s][info][safepoint] Application time: 0.2834069 seconds
[201.451s][info][safepoint] Entering safepoint region: GenCollectForAllocation
[201.454s][info][gc       ] GC(584) Pause Young (Allocation Failure) 2599M->1734M(5011M) 2.330ms
[201.454s][info][safepoint] Leaving safepoint region
[201.455s][info][safepoint] Total time for which application threads were stopped: 0.0038149 seconds, Stopping threads took: 0.0005206 seconds
[201.724s][info][safepoint] Application time: 0.2684648 seconds
[201.724s][info][safepoint] Entering safepoint region: GenCollectForAllocation
[201.727s][info][gc       ] GC(585) Pause Young (Allocation Failure) 2599M->1734M(5011M) 2.528ms
[201.728s][info][safepoint] Leaving safepoint region
[201.728s][info][safepoint] Total time for which application threads were stopped: 0.0037015 seconds, Stopping threads took: 0.0004193 seconds
[202.005s][info][safepoint] Application time: 0.2769465 seconds
[202.006s][info][safepoint] Entering safepoint region: GenCollectForAllocation
[202.008s][info][gc       ] GC(586) Pause Young (Allocation Failure) 2599M->1734M(5011M) 2.019ms
[202.009s][info][safepoint] Leaving safepoint region
[202.009s][info][safepoint] Total time for which application threads were stopped: 0.0032120 seconds, Stopping threads took: 0.0003767 seconds
[202.286s][info][safepoint] Application time: 0.2761106 seconds
[202.286s][info][safepoint] Entering safepoint region: GenCollectForAllocation
[202.289s][info][gc       ] GC(587) Pause Young (Allocation Failure) 2599M->1734M(5011M) 2.403ms
[202.289s][info][safepoint] Leaving safepoint region
[202.290s][info][safepoint] Total time for which application threads were stopped: 0.0036009 seconds, Stopping threads took: 0.0004092 seconds
[202.560s][info][safepoint] Application time: 0.2703887 seconds
[202.561s][info][safepoint] Entering safepoint region: GenCollectForAllocation
[202.564s][info][gc       ] GC(588) Pause Young (Allocation Failure) 2599M->1734M(5011M) 2.447ms
[202.564s][info][safepoint] Leaving safepoint region
[202.565s][info][safepoint] Total time for which application threads were stopped: 0.0034869 seconds, Stopping threads took: 0.0003883 seconds
[202.844s][info][safepoint] Application time: 0.2786595 seconds
[202.844s][info][safepoint] Entering safepoint region: GenCollectForAllocation
[202.847s][info][gc       ] GC(589) Pause Young (Allocation Failure) 2599M->1734M(5011M) 2.410ms
[202.847s][info][safepoint] Leaving safepoint region
[202.848s][info][safepoint] Total time for which application threads were stopped: 0.0037892 seconds, Stopping threads took: 0.0004459 seconds
[203.131s][info][safepoint] Application time: 0.2824792 seconds
[203.131s][info][safepoint] Entering safepoint region: GenCollectForAllocation
[203.134s][info][gc       ] GC(590) Pause Young (Allocation Failure) 2599M->1734M(5011M) 2.321ms
[203.135s][info][safepoint] Leaving safepoint region
[203.135s][info][safepoint] Total time for which application threads were stopped: 0.0037069 seconds, Stopping threads took: 0.0004403 seconds
[203.418s][info][safepoint] Application time: 0.2829041 seconds
[203.419s][info][safepoint] Entering safepoint region: GenCollectForAllocation
[203.422s][info][gc       ] GC(591) Pause Young (Allocation Failure) 2599M->1734M(5011M) 2.452ms
[203.422s][info][safepoint] Leaving safepoint region
[203.423s][info][safepoint] Total time for which application threads were stopped: 0.0038812 seconds, Stopping threads took: 0.0003987 seconds
[203.701s][info][safepoint] Application time: 0.2777091 seconds
[203.701s][info][safepoint] Entering safepoint region: GenCollectForAllocation
[203.704s][info][gc       ] GC(592) Pause Young (Allocation Failure) 2599M->1734M(5011M) 2.058ms
[203.704s][info][safepoint] Leaving safepoint region
[203.705s][info][safepoint] Total time for which application threads were stopped: 0.0033941 seconds, Stopping threads took: 0.0003857 seconds
[203.975s][info][safepoint] Application time: 0.2697877 seconds
[203.975s][info][safepoint] Entering safepoint region: GenCollectForAllocation
[203.978s][info][gc       ] GC(593) Pause Young (Allocation Failure) 2599M->1734M(5011M) 2.473ms
[203.979s][info][safepoint] Leaving safepoint region
[203.979s][info][safepoint] Total time for which application threads were stopped: 0.0039142 seconds, Stopping threads took: 0.0004461 seconds
[204.258s][info][safepoint] Application time: 0.2784933 seconds
[204.259s][info][safepoint] Entering safepoint region: GenCollectForAllocation
[204.262s][info][gc       ] GC(594) Pause Young (Allocation Failure) 2599M->1734M(5011M) 2.563ms
[204.262s][info][safepoint] Leaving safepoint region
[204.263s][info][safepoint] Total time for which application threads were stopped: 0.0038663 seconds, Stopping threads took: 0.0004238 seconds
[204.546s][info][safepoint] Application time: 0.2825852 seconds
[204.546s][info][safepoint] Entering safepoint region: GenCollectForAllocation
[204.549s][info][gc       ] GC(595) Pause Young (Allocation Failure) 2599M->1734M(5011M) 2.236ms
[204.550s][info][safepoint] Leaving safepoint region
[204.550s][info][safepoint] Total time for which application threads were stopped: 0.0038766 seconds, Stopping threads took: 0.0005095 seconds
[204.821s][info][safepoint] Application time: 0.2705526 seconds
[204.822s][info][safepoint] Entering safepoint region: GenCollectForAllocation
[204.824s][info][gc       ] GC(596) Pause Young (Allocation Failure) 2599M->1734M(5011M) 2.215ms
[204.825s][info][safepoint] Leaving safepoint region
[204.825s][info][safepoint] Total time for which application threads were stopped: 0.0035957 seconds, Stopping threads took: 0.0004349 seconds
[205.096s][info][safepoint] Application time: 0.2704314 seconds
[205.097s][info][safepoint] Entering safepoint region: GenCollectForAllocation
[205.100s][info][gc       ] GC(597) Pause Young (Allocation Failure) 2599M->1734M(5011M) 2.441ms
[205.100s][info][safepoint] Leaving safepoint region
[205.100s][info][safepoint] Total time for which application threads were stopped: 0.0036739 seconds, Stopping threads took: 0.0004254 seconds
[205.375s][info][safepoint] Application time: 0.2742367 seconds
[205.375s][info][safepoint] Entering safepoint region: GenCollectForAllocation
[205.378s][info][gc       ] GC(598) Pause Young (Allocation Failure) 2599M->1734M(5011M) 2.484ms
[205.379s][info][safepoint] Leaving safepoint region
[205.379s][info][safepoint] Total time for which application threads were stopped: 0.0038798 seconds, Stopping threads took: 0.0004233 seconds
[205.407s][info][safepoint] Application time: 0.0274294 seconds
[205.407s][info][safepoint] Entering safepoint region: Halt
