[0.032s][info][gc] Using Concurrent Mark Sweep
[0.555s][info][safepoint] Entering safepoint region: ICBufferFull
[0.556s][info][safepoint] Leaving safepoint region
[0.556s][info][safepoint] Total time for which application threads were stopped: 0.0007850 seconds, Stopping threads took: 0.0004663 seconds
[0.558s][info][safepoint] Application time: 0.0022010 seconds
[0.559s][info][safepoint] Entering safepoint region: Deoptimize
[0.559s][info][safepoint] Leaving safepoint region
[0.559s][info][safepoint] Total time for which application threads were stopped: 0.0006219 seconds, Stopping threads took: 0.0002192 seconds
[0.591s][info][safepoint] Application time: 0.0318318 seconds
[0.592s][info][safepoint] Entering safepoint region: EnableBiasedLocking
[0.592s][info][safepoint] Leaving safepoint region
[0.592s][info][safepoint] Total time for which application threads were stopped: 0.0006207 seconds, Stopping threads took: 0.0003277 seconds
[0.792s][info][safepoint] Application time: 0.1991080 seconds
[0.792s][info][safepoint] Entering safepoint region: GenCollectForAllocation
[2.159s][info][gc       ] GC(0) Pause Young (Allocation Failure) 865M->784M(5011M) 1365.900ms
[2.159s][info][safepoint] Leaving safepoint region
[2.159s][info][safepoint] Total time for which application threads were stopped: 1.3668970 seconds, Stopping threads took: 0.0002418 seconds
[2.315s][info][safepoint] Application time: 0.1559871 seconds
[2.316s][info][safepoint] Entering safepoint region: GenCollectForAllocation
[3.115s][info][gc       ] GC(1) Pause Young (Allocation Failure) 1650M->1675M(5011M) 798.341ms
[3.115s][info][safepoint] Leaving safepoint region
[3.116s][info][safepoint] Total time for which application threads were stopped: 0.7996211 seconds, Stopping threads took: 0.0003489 seconds
[3.737s][info][safepoint] Application time: 0.6208545 seconds
[3.737s][info][safepoint] Entering safepoint region: GenCollectForAllocation
[4.104s][info][gc       ] GC(2) Pause Young (Allocation Failure) 2541M->1997M(5011M) 366.127ms
[4.104s][info][safepoint] Leaving safepoint region
[4.104s][info][safepoint] Total time for which application threads were stopped: 0.3670519 seconds, Stopping threads took: 0.0002440 seconds
[4.512s][info][safepoint] Application time: 0.4073292 seconds
[4.512s][info][safepoint] Entering safepoint region: GenCollectForAllocation
[4.730s][info][gc       ] GC(3) Pause Young (Allocation Failure) 2862M->2074M(5011M) 217.625ms
[4.731s][info][safepoint] Leaving safepoint region
[4.731s][info][safepoint] Total time for which application threads were stopped: 0.2186941 seconds, Stopping threads took: 0.0002597 seconds
[4.731s][info][safepoint] Application time: 0.0001779 seconds
[4.731s][info][safepoint] Entering safepoint region: CMS_Initial_Mark
[4.732s][info][gc       ] GC(4) Pause Initial Mark 2090M->2090M(5011M) 0.309ms
[4.732s][info][safepoint] Leaving safepoint region
[4.732s][info][safepoint] Total time for which application threads were stopped: 0.0009520 seconds, Stopping threads took: 0.0001915 seconds
[4.733s][info][gc       ] GC(4) Concurrent Mark
[5.150s][info][safepoint] Application time: 0.4177540 seconds
[5.151s][info][safepoint] Entering safepoint region: GenCollectForAllocation
[5.153s][info][gc       ] GC(5) Pause Young (Allocation Failure) 2939M->2056M(5011M) 2.359ms
[5.154s][info][safepoint] Leaving safepoint region
[5.154s][info][safepoint] Total time for which application threads were stopped: 0.0032349 seconds, Stopping threads took: 0.0002351 seconds
[5.608s][info][safepoint] Application time: 0.4533635 seconds
[5.608s][info][safepoint] Entering safepoint region: GenCollectForAllocation
[5.611s][info][gc       ] GC(6) Pause Young (Allocation Failure) 2922M->2055M(5011M) 2.768ms
[5.611s][info][safepoint] Leaving safepoint region
[5.612s][info][safepoint] Total time for which application threads were stopped: 0.0036706 seconds, Stopping threads took: 0.0002241 seconds
[5.657s][info][gc       ] GC(4) Concurrent Mark 924.222ms
[5.657s][info][gc       ] GC(4) Concurrent Preclean
[5.663s][info][gc       ] GC(4) Concurrent Preclean 5.159ms
[5.663s][info][gc       ] GC(4) Concurrent Abortable Preclean
[6.027s][info][safepoint] Application time: 0.4154618 seconds
[6.028s][info][safepoint] Entering safepoint region: GenCollectForAllocation
[6.031s][info][gc       ] GC(7) Pause Young (Allocation Failure) 2920M->2051M(5011M) 2.473ms
[6.031s][info][safepoint] Leaving safepoint region
[6.031s][info][safepoint] Total time for which application threads were stopped: 0.0038082 seconds, Stopping threads took: 0.0003736 seconds
[6.348s][info][gc       ] GC(4) Concurrent Abortable Preclean 684.517ms
[6.348s][info][safepoint] Application time: 0.3163055 seconds
[6.349s][info][safepoint] Entering safepoint region: CMS_Final_Remark
[6.367s][info][gc       ] GC(4) Pause Remark 2719M->2719M(5011M) 17.878ms
[6.368s][info][safepoint] Leaving safepoint region
[6.369s][info][safepoint] Total time for which application threads were stopped: 0.0198000 seconds, Stopping threads took: 0.0006218 seconds
[6.369s][info][gc       ] GC(4) Concurrent Sweep
[6.462s][info][safepoint] Application time: 0.0928102 seconds
[6.463s][info][safepoint] Entering safepoint region: GenCollectForAllocation
[6.466s][info][gc       ] GC(8) Pause Young (Allocation Failure) 2877M->2011M(5011M) 2.530ms
[6.466s][info][safepoint] Leaving safepoint region
[6.467s][info][safepoint] Total time for which application threads were stopped: 0.0040929 seconds, Stopping threads took: 0.0004299 seconds
[6.880s][info][safepoint] Application time: 0.4127330 seconds
[6.880s][info][safepoint] Entering safepoint region: GenCollectForAllocation
[6.883s][info][gc       ] GC(9) Pause Young (Allocation Failure) 2719M->1854M(5011M) 2.589ms
[6.884s][info][safepoint] Leaving safepoint region
[6.885s][info][safepoint] Total time for which application threads were stopped: 0.0040501 seconds, Stopping threads took: 0.0003739 seconds
[6.956s][info][gc       ] GC(4) Concurrent Sweep 586.979ms
[6.957s][info][gc       ] GC(4) Concurrent Reset
[6.967s][info][gc       ] GC(4) Concurrent Reset 9.935ms
[7.315s][info][safepoint] Application time: 0.4305035 seconds
[7.316s][info][safepoint] Entering safepoint region: GenCollectForAllocation
[7.319s][info][gc       ] GC(10) Pause Young (Allocation Failure) 2719M->1854M(5011M) 2.906ms
[7.319s][info][safepoint] Leaving safepoint region
[7.320s][info][safepoint] Total time for which application threads were stopped: 0.0039393 seconds, Stopping threads took: 0.0003695 seconds
[7.723s][info][safepoint] Application time: 0.4025402 seconds
[7.723s][info][safepoint] Entering safepoint region: GenCollectForAllocation
[7.726s][info][gc       ] GC(11) Pause Young (Allocation Failure) 2719M->1854M(5011M) 2.497ms
[7.727s][info][safepoint] Leaving safepoint region
[7.727s][info][safepoint] Total time for which application threads were stopped: 0.0039222 seconds, Stopping threads took: 0.0006343 seconds
[8.179s][info][safepoint] Application time: 0.4513504 seconds
[8.180s][info][safepoint] Entering safepoint region: GenCollectForAllocation
[8.183s][info][gc       ] GC(12) Pause Young (Allocation Failure) 2719M->1854M(5011M) 2.745ms
[8.183s][info][safepoint] Leaving safepoint region
[8.184s][info][safepoint] Total time for which application threads were stopped: 0.0040545 seconds, Stopping threads took: 0.0003978 seconds
[8.597s][info][safepoint] Application time: 0.4125684 seconds
[8.597s][info][safepoint] Entering safepoint region: GenCollectForAllocation
[8.600s][info][gc       ] GC(13) Pause Young (Allocation Failure) 2719M->1854M(5011M) 2.467ms
[8.600s][info][safepoint] Leaving safepoint region
[8.601s][info][safepoint] Total time for which application threads were stopped: 0.0035473 seconds, Stopping threads took: 0.0003212 seconds
[9.019s][info][safepoint] Application time: 0.4177316 seconds
[9.019s][info][safepoint] Entering safepoint region: GenCollectForAllocation
[9.022s][info][gc       ] GC(14) Pause Young (Allocation Failure) 2719M->1854M(5011M) 2.636ms
[9.022s][info][safepoint] Leaving safepoint region
[9.023s][info][safepoint] Total time for which application threads were stopped: 0.0037021 seconds, Stopping threads took: 0.0002871 seconds
[9.438s][info][safepoint] Application time: 0.4147705 seconds
[9.438s][info][safepoint] Entering safepoint region: GenCollectForAllocation
[9.441s][info][gc       ] GC(15) Pause Young (Allocation Failure) 2719M->1854M(5011M) 2.496ms
[9.442s][info][safepoint] Leaving safepoint region
[9.442s][info][safepoint] Total time for which application threads were stopped: 0.0040792 seconds, Stopping threads took: 0.0005760 seconds
[9.894s][info][safepoint] Application time: 0.4516200 seconds
[9.895s][info][safepoint] Entering safepoint region: GenCollectForAllocation
[9.898s][info][gc       ] GC(16) Pause Young (Allocation Failure) 2719M->1854M(5011M) 3.198ms
[9.899s][info][safepoint] Leaving safepoint region
[9.899s][info][safepoint] Total time for which application threads were stopped: 0.0044639 seconds, Stopping threads took: 0.0003315 seconds
[10.318s][info][safepoint] Application time: 0.4183980 seconds
[10.319s][info][safepoint] Entering safepoint region: GenCollectForAllocation
[10.322s][info][gc       ] GC(17) Pause Young (Allocation Failure) 2719M->1854M(5011M) 2.673ms
[10.322s][info][safepoint] Leaving safepoint region
[10.323s][info][safepoint] Total time for which application threads were stopped: 0.0041650 seconds, Stopping threads took: 0.0004150 seconds
[10.743s][info][safepoint] Application time: 0.4200501 seconds
[10.744s][info][safepoint] Entering safepoint region: GenCollectForAllocation
[10.747s][info][gc       ] GC(18) Pause Young (Allocation Failure) 2719M->1854M(5011M) 2.723ms
[10.748s][info][safepoint] Leaving safepoint region
[10.748s][info][safepoint] Total time for which application threads were stopped: 0.0041980 seconds, Stopping threads took: 0.0005058 seconds
[11.147s][info][safepoint] Application time: 0.3980792 seconds
[11.147s][info][safepoint] Entering safepoint region: GenCollectForAllocation
[11.152s][info][gc       ] GC(19) Pause Young (Allocation Failure) 2719M->1854M(5011M) 4.018ms
[11.152s][info][safepoint] Leaving safepoint region
[11.152s][info][safepoint] Total time for which application threads were stopped: 0.0051718 seconds, Stopping threads took: 0.0003444 seconds
[11.588s][info][safepoint] Application time: 0.4357958 seconds
[11.589s][info][safepoint] Entering safepoint region: GenCollectForAllocation
[11.592s][info][gc       ] GC(20) Pause Young (Allocation Failure) 2719M->1854M(5011M) 2.547ms
[11.593s][info][safepoint] Leaving safepoint region
[11.593s][info][safepoint] Total time for which application threads were stopped: 0.0042277 seconds, Stopping threads took: 0.0005187 seconds
[12.040s][info][safepoint] Application time: 0.4458863 seconds
[12.040s][info][safepoint] Entering safepoint region: GenCollectForAllocation
[12.044s][info][gc       ] GC(21) Pause Young (Allocation Failure) 2719M->1854M(5011M) 3.269ms
[12.044s][info][safepoint] Leaving safepoint region
[12.045s][info][safepoint] Total time for which application threads were stopped: 0.0045517 seconds, Stopping threads took: 0.0004426 seconds
[12.494s][info][safepoint] Application time: 0.4491729 seconds
[12.495s][info][safepoint] Entering safepoint region: GenCollectForAllocation
[12.499s][info][gc       ] GC(22) Pause Young (Allocation Failure) 2719M->1854M(5011M) 3.109ms
[12.499s][info][safepoint] Leaving safepoint region
[12.500s][info][safepoint] Total time for which application threads were stopped: 0.0045106 seconds, Stopping threads took: 0.0005493 seconds
[12.889s][info][safepoint] Application time: 0.3892278 seconds
[12.890s][info][safepoint] Entering safepoint region: GenCollectForAllocation
[12.893s][info][gc       ] GC(23) Pause Young (Allocation Failure) 2719M->1854M(5011M) 2.420ms
[12.894s][info][safepoint] Leaving safepoint region
[12.894s][info][safepoint] Total time for which application threads were stopped: 0.0042496 seconds, Stopping threads took: 0.0005050 seconds
[13.293s][info][safepoint] Application time: 0.3980567 seconds
[13.293s][info][safepoint] Entering safepoint region: GenCollectForAllocation
[13.296s][info][gc       ] GC(24) Pause Young (Allocation Failure) 2719M->1854M(5011M) 2.552ms
[13.297s][info][safepoint] Leaving safepoint region
[13.297s][info][safepoint] Total time for which application threads were stopped: 0.0041348 seconds, Stopping threads took: 0.0003144 seconds
[13.707s][info][safepoint] Application time: 0.4095568 seconds
[13.708s][info][safepoint] Entering safepoint region: GenCollectForAllocation
[13.711s][info][gc       ] GC(25) Pause Young (Allocation Failure) 2719M->1854M(5011M) 2.621ms
[13.711s][info][safepoint] Leaving safepoint region
[13.711s][info][safepoint] Total time for which application threads were stopped: 0.0037447 seconds, Stopping threads took: 0.0004061 seconds
[14.122s][info][safepoint] Application time: 0.4096415 seconds
[14.122s][info][safepoint] Entering safepoint region: GenCollectForAllocation
[14.125s][info][gc       ] GC(26) Pause Young (Allocation Failure) 2719M->1854M(5011M) 2.685ms
[14.126s][info][safepoint] Leaving safepoint region
[14.127s][info][safepoint] Total time for which application threads were stopped: 0.0047665 seconds, Stopping threads took: 0.0004363 seconds
[14.567s][info][safepoint] Application time: 0.4394430 seconds
[14.567s][info][safepoint] Entering safepoint region: GenCollectForAllocation
[14.571s][info][gc       ] GC(27) Pause Young (Allocation Failure) 2719M->1854M(5011M) 2.590ms
[14.571s][info][safepoint] Leaving safepoint region
[14.572s][info][safepoint] Total time for which application threads were stopped: 0.0042789 seconds, Stopping threads took: 0.0005681 seconds
[14.976s][info][safepoint] Application time: 0.4039431 seconds
[14.977s][info][safepoint] Entering safepoint region: GenCollectForAllocation
[14.980s][info][gc       ] GC(28) Pause Young (Allocation Failure) 2719M->1854M(5011M) 2.762ms
[14.980s][info][safepoint] Leaving safepoint region
[14.981s][info][safepoint] Total time for which application threads were stopped: 0.0039463 seconds, Stopping threads took: 0.0001703 seconds
[15.386s][info][safepoint] Application time: 0.4050784 seconds
[15.387s][info][safepoint] Entering safepoint region: GenCollectForAllocation
[15.390s][info][gc       ] GC(29) Pause Young (Allocation Failure) 2719M->1854M(5011M) 2.737ms
[15.390s][info][safepoint] Leaving safepoint region
[15.391s][info][safepoint] Total time for which application threads were stopped: 0.0043947 seconds, Stopping threads took: 0.0005771 seconds
[15.795s][info][safepoint] Application time: 0.4033025 seconds
[15.795s][info][safepoint] Entering safepoint region: GenCollectForAllocation
[15.799s][info][gc       ] GC(30) Pause Young (Allocation Failure) 2719M->1854M(5011M) 3.012ms
[15.800s][info][safepoint] Leaving safepoint region
[15.800s][info][safepoint] Total time for which application threads were stopped: 0.0046442 seconds, Stopping threads took: 0.0004992 seconds
[16.201s][info][safepoint] Application time: 0.4007992 seconds
[16.202s][info][safepoint] Entering safepoint region: GenCollectForAllocation
[16.205s][info][gc       ] GC(31) Pause Young (Allocation Failure) 2719M->1854M(5011M) 2.446ms
[16.205s][info][safepoint] Leaving safepoint region
[16.205s][info][safepoint] Total time for which application threads were stopped: 0.0035167 seconds, Stopping threads took: 0.0003490 seconds
[16.678s][info][safepoint] Application time: 0.4728566 seconds
[16.679s][info][safepoint] Entering safepoint region: GenCollectForAllocation
[16.682s][info][gc       ] GC(32) Pause Young (Allocation Failure) 2719M->1854M(5011M) 2.854ms
[16.683s][info][safepoint] Leaving safepoint region
[16.683s][info][safepoint] Total time for which application threads were stopped: 0.0039303 seconds, Stopping threads took: 0.0003723 seconds
[17.090s][info][safepoint] Application time: 0.4071787 seconds
[17.091s][info][safepoint] Entering safepoint region: GenCollectForAllocation
[17.094s][info][gc       ] GC(33) Pause Young (Allocation Failure) 2719M->1854M(5011M) 2.470ms
[17.095s][info][safepoint] Leaving safepoint region
[17.096s][info][safepoint] Total time for which application threads were stopped: 0.0045656 seconds, Stopping threads took: 0.0006789 seconds
[17.510s][info][safepoint] Application time: 0.4133704 seconds
[17.510s][info][safepoint] Entering safepoint region: GenCollectForAllocation
[17.513s][info][gc       ] GC(34) Pause Young (Allocation Failure) 2719M->1854M(5011M) 2.324ms
[17.514s][info][safepoint] Leaving safepoint region
[17.514s][info][safepoint] Total time for which application threads were stopped: 0.0042095 seconds, Stopping threads took: 0.0005023 seconds
[17.931s][info][safepoint] Application time: 0.4155361 seconds
[17.932s][info][safepoint] Entering safepoint region: GenCollectForAllocation
[17.935s][info][gc       ] GC(35) Pause Young (Allocation Failure) 2719M->1854M(5011M) 2.753ms
[17.936s][info][safepoint] Leaving safepoint region
[17.936s][info][safepoint] Total time for which application threads were stopped: 0.0047809 seconds, Stopping threads took: 0.0006232 seconds
[18.348s][info][safepoint] Application time: 0.4107679 seconds
[18.348s][info][safepoint] Entering safepoint region: GenCollectForAllocation
[18.352s][info][gc       ] GC(36) Pause Young (Allocation Failure) 2719M->1854M(5011M) 3.126ms
[18.352s][info][safepoint] Leaving safepoint region
[18.353s][info][safepoint] Total time for which application threads were stopped: 0.0047392 seconds, Stopping threads took: 0.0002142 seconds
[18.757s][info][safepoint] Application time: 0.4029247 seconds
[18.757s][info][safepoint] Entering safepoint region: GenCollectForAllocation
[18.760s][info][gc       ] GC(37) Pause Young (Allocation Failure) 2719M->1854M(5011M) 2.451ms
[18.760s][info][safepoint] Leaving safepoint region
[18.760s][info][safepoint] Total time for which application threads were stopped: 0.0034514 seconds, Stopping threads took: 0.0003538 seconds
[19.172s][info][safepoint] Application time: 0.4116074 seconds
[19.173s][info][safepoint] Entering safepoint region: GenCollectForAllocation
[19.176s][info][gc       ] GC(38) Pause Young (Allocation Failure) 2719M->1854M(5011M) 2.619ms
[19.176s][info][safepoint] Leaving safepoint region
[19.176s][info][safepoint] Total time for which application threads were stopped: 0.0035178 seconds, Stopping threads took: 0.0002495 seconds
[19.367s][info][safepoint] Application time: 0.1902616 seconds
[19.367s][info][safepoint] Entering safepoint region: GenCollectForAllocation
[20.184s][info][gc       ] GC(39) Pause Young (Allocation Failure) 2719M->2555M(5011M) 816.895ms
[20.185s][info][safepoint] Leaving safepoint region
[20.185s][info][safepoint] Total time for which application threads were stopped: 0.8181751 seconds, Stopping threads took: 0.0003980 seconds
[20.186s][info][safepoint] Application time: 0.0001995 seconds
[20.187s][info][safepoint] Entering safepoint region: CMS_Initial_Mark
[20.240s][info][gc       ] GC(40) Pause Initial Mark 2579M->2579M(5011M) 53.235ms
[20.241s][info][safepoint] Leaving safepoint region
[20.241s][info][safepoint] Total time for which application threads were stopped: 0.0551035 seconds, Stopping threads took: 0.0009184 seconds
[20.242s][info][gc       ] GC(40) Concurrent Mark
[20.396s][info][safepoint] Application time: 0.1545302 seconds
[20.397s][info][safepoint] Entering safepoint region: GenCollectForAllocation
[21.762s][info][gc       ] GC(41) Pause Young (Allocation Failure) 3420M->3420M(5011M) 1365.146ms
[21.763s][info][safepoint] Leaving safepoint region
[21.763s][info][safepoint] Total time for which application threads were stopped: 1.3663385 seconds, Stopping threads took: 0.0004397 seconds
[21.992s][info][gc       ] GC(40) Concurrent Mark 1750.638ms
[21.993s][info][gc       ] GC(40) Concurrent Preclean
[22.218s][info][safepoint] Application time: 0.4548049 seconds
[22.218s][info][safepoint] Entering safepoint region: GenCollectForAllocation
[22.719s][info][gc       ] GC(40) Concurrent Preclean 725.543ms
[25.470s][info][gc       ] GC(43) Pause Full (Allocation Failure) 4286M->1734M(5011M) 3251.115ms
[25.471s][info][gc       ] GC(42) Pause Young (Allocation Failure) 4286M->1734M(5011M) 3251.733ms
[25.471s][info][safepoint] Leaving safepoint region
[25.471s][info][safepoint] Total time for which application threads were stopped: 3.2525665 seconds, Stopping threads took: 0.0002516 seconds
[25.882s][info][safepoint] Application time: 0.4103624 seconds
[25.882s][info][safepoint] Entering safepoint region: GenCollectForAllocation
[25.886s][info][gc       ] GC(44) Pause Young (Allocation Failure) 2599M->1745M(5011M) 3.062ms
[25.886s][info][safepoint] Leaving safepoint region
[25.886s][info][safepoint] Total time for which application threads were stopped: 0.0042403 seconds, Stopping threads took: 0.0003885 seconds
[26.307s][info][safepoint] Application time: 0.4208155 seconds
[26.308s][info][safepoint] Entering safepoint region: GenCollectForAllocation
[26.311s][info][gc       ] GC(45) Pause Young (Allocation Failure) 2610M->1742M(5011M) 2.688ms
[26.312s][info][safepoint] Leaving safepoint region
[26.312s][info][safepoint] Total time for which application threads were stopped: 0.0039608 seconds, Stopping threads took: 0.0003305 seconds
[26.731s][info][safepoint] Application time: 0.4189717 seconds
[26.732s][info][safepoint] Entering safepoint region: GenCollectForAllocation
[26.735s][info][gc       ] GC(46) Pause Young (Allocation Failure) 2607M->1735M(5011M) 2.700ms
[26.736s][info][safepoint] Leaving safepoint region
[26.736s][info][safepoint] Total time for which application threads were stopped: 0.0039948 seconds, Stopping threads took: 0.0004728 seconds
[27.163s][info][safepoint] Application time: 0.4269138 seconds
[27.164s][info][safepoint] Entering safepoint region: GenCollectForAllocation
[27.168s][info][gc       ] GC(47) Pause Young (Allocation Failure) 2600M->1734M(5011M) 3.337ms
[27.168s][info][safepoint] Leaving safepoint region
[27.169s][info][safepoint] Total time for which application threads were stopped: 0.0051641 seconds, Stopping threads took: 0.0002747 seconds
[27.591s][info][safepoint] Application time: 0.4213941 seconds
[27.592s][info][safepoint] Entering safepoint region: GenCollectForAllocation
[27.595s][info][gc       ] GC(48) Pause Young (Allocation Failure) 2599M->1734M(5011M) 2.625ms
[27.595s][info][safepoint] Leaving safepoint region
[27.596s][info][safepoint] Total time for which application threads were stopped: 0.0043047 seconds, Stopping threads took: 0.0004883 seconds
[28.055s][info][safepoint] Application time: 0.4582321 seconds
[28.055s][info][safepoint] Entering safepoint region: GenCollectForAllocation
[28.058s][info][gc       ] GC(49) Pause Young (Allocation Failure) 2599M->1734M(5011M) 2.460ms
[28.059s][info][safepoint] Leaving safepoint region
[28.059s][info][safepoint] Total time for which application threads were stopped: 0.0037634 seconds, Stopping threads took: 0.0004044 seconds
[28.473s][info][safepoint] Application time: 0.4134129 seconds
[28.473s][info][safepoint] Entering safepoint region: GenCollectForAllocation
[28.476s][info][gc       ] GC(50) Pause Young (Allocation Failure) 2599M->1734M(5011M) 2.783ms
[28.477s][info][safepoint] Leaving safepoint region
[28.478s][info][safepoint] Total time for which application threads were stopped: 0.0041006 seconds, Stopping threads took: 0.0001692 seconds
[28.876s][info][safepoint] Application time: 0.3983364 seconds
[28.877s][info][safepoint] Entering safepoint region: GenCollectForAllocation
[28.880s][info][gc       ] GC(51) Pause Young (Allocation Failure) 2599M->1734M(5011M) 2.575ms
[28.880s][info][safepoint] Leaving safepoint region
[28.881s][info][safepoint] Total time for which application threads were stopped: 0.0039045 seconds, Stopping threads took: 0.0004017 seconds
[29.308s][info][safepoint] Application time: 0.4266880 seconds
[29.309s][info][safepoint] Entering safepoint region: GenCollectForAllocation
[29.312s][info][gc       ] GC(52) Pause Young (Allocation Failure) 2599M->1734M(5011M) 2.402ms
[29.312s][info][safepoint] Leaving safepoint region
[29.312s][info][safepoint] Total time for which application threads were stopped: 0.0036168 seconds, Stopping threads took: 0.0004760 seconds
[29.750s][info][safepoint] Application time: 0.4374930 seconds
[29.750s][info][safepoint] Entering safepoint region: GenCollectForAllocation
[29.754s][info][gc       ] GC(53) Pause Young (Allocation Failure) 2599M->1734M(5011M) 2.727ms
[29.754s][info][safepoint] Leaving safepoint region
[29.754s][info][safepoint] Total time for which application threads were stopped: 0.0036607 seconds, Stopping threads took: 0.0002737 seconds
[30.165s][info][safepoint] Application time: 0.4106999 seconds
[30.165s][info][safepoint] Entering safepoint region: GenCollectForAllocation
[30.168s][info][gc       ] GC(54) Pause Young (Allocation Failure) 2599M->1734M(5011M) 2.495ms
[30.169s][info][safepoint] Leaving safepoint region
[30.169s][info][safepoint] Total time for which application threads were stopped: 0.0036943 seconds, Stopping threads took: 0.0002911 seconds
[30.586s][info][safepoint] Application time: 0.4162769 seconds
[30.586s][info][safepoint] Entering safepoint region: GenCollectForAllocation
[30.590s][info][gc       ] GC(55) Pause Young (Allocation Failure) 2599M->1734M(5011M) 2.541ms
[30.590s][info][safepoint] Leaving safepoint region
[30.591s][info][safepoint] Total time for which application threads were stopped: 0.0041920 seconds, Stopping threads took: 0.0004693 seconds
[31.012s][info][safepoint] Application time: 0.4208980 seconds
[31.013s][info][safepoint] Entering safepoint region: GenCollectForAllocation
[31.015s][info][gc       ] GC(56) Pause Young (Allocation Failure) 2599M->1734M(5011M) 2.473ms
[31.016s][info][safepoint] Leaving safepoint region
[31.016s][info][safepoint] Total time for which application threads were stopped: 0.0036121 seconds, Stopping threads took: 0.0003979 seconds
[31.435s][info][safepoint] Application time: 0.4181503 seconds
[31.435s][info][safepoint] Entering safepoint region: GenCollectForAllocation
[31.438s][info][gc       ] GC(57) Pause Young (Allocation Failure) 2599M->1734M(5011M) 2.712ms
[31.439s][info][safepoint] Leaving safepoint region
[31.440s][info][safepoint] Total time for which application threads were stopped: 0.0044752 seconds, Stopping threads took: 0.0005479 seconds
[31.852s][info][safepoint] Application time: 0.4114077 seconds
[31.852s][info][safepoint] Entering safepoint region: GenCollectForAllocation
[31.855s][info][gc       ] GC(58) Pause Young (Allocation Failure) 2599M->1734M(5011M) 2.678ms
[31.856s][info][safepoint] Leaving safepoint region
[31.856s][info][safepoint] Total time for which application threads were stopped: 0.0036059 seconds, Stopping threads took: 0.0003284 seconds
[32.263s][info][safepoint] Application time: 0.4067611 seconds
[32.263s][info][safepoint] Entering safepoint region: GenCollectForAllocation
[32.267s][info][gc       ] GC(59) Pause Young (Allocation Failure) 2599M->1734M(5011M) 2.886ms
[32.267s][info][safepoint] Leaving safepoint region
[32.268s][info][safepoint] Total time for which application threads were stopped: 0.0045343 seconds, Stopping threads took: 0.0003652 seconds
[32.697s][info][safepoint] Application time: 0.4283296 seconds
[32.697s][info][safepoint] Entering safepoint region: GenCollectForAllocation
[32.701s][info][gc       ] GC(60) Pause Young (Allocation Failure) 2599M->1734M(5011M) 2.765ms
[32.701s][info][safepoint] Leaving safepoint region
[32.702s][info][safepoint] Total time for which application threads were stopped: 0.0042928 seconds, Stopping threads took: 0.0003411 seconds
[33.133s][info][safepoint] Application time: 0.4311011 seconds
[33.134s][info][safepoint] Entering safepoint region: GenCollectForAllocation
[33.137s][info][gc       ] GC(61) Pause Young (Allocation Failure) 2599M->1734M(5011M) 2.627ms
[33.137s][info][safepoint] Leaving safepoint region
[33.138s][info][safepoint] Total time for which application threads were stopped: 0.0044134 seconds, Stopping threads took: 0.0002897 seconds
[33.550s][info][safepoint] Application time: 0.4111798 seconds
[33.550s][info][safepoint] Entering safepoint region: GenCollectForAllocation
[33.554s][info][gc       ] GC(62) Pause Young (Allocation Failure) 2599M->1734M(5011M) 3.264ms
[33.555s][info][safepoint] Leaving safepoint region
[33.555s][info][safepoint] Total time for which application threads were stopped: 0.0044273 seconds, Stopping threads took: 0.0004357 seconds
[33.965s][info][safepoint] Application time: 0.4100411 seconds
[33.966s][info][safepoint] Entering safepoint region: GenCollectForAllocation
[33.969s][info][gc       ] GC(63) Pause Young (Allocation Failure) 2599M->1734M(5011M) 2.567ms
[33.969s][info][safepoint] Leaving safepoint region
[33.969s][info][safepoint] Total time for which application threads were stopped: 0.0037829 seconds, Stopping threads took: 0.0002577 seconds
[34.369s][info][safepoint] Application time: 0.3994244 seconds
[34.370s][info][safepoint] Entering safepoint region: GenCollectForAllocation
[34.373s][info][gc       ] GC(64) Pause Young (Allocation Failure) 2599M->1734M(5011M) 3.164ms
[34.373s][info][safepoint] Leaving safepoint region
[34.374s][info][safepoint] Total time for which application threads were stopped: 0.0042130 seconds, Stopping threads took: 0.0003562 seconds
[34.803s][info][safepoint] Application time: 0.4288358 seconds
[34.803s][info][safepoint] Entering safepoint region: GenCollectForAllocation
[34.806s][info][gc       ] GC(65) Pause Young (Allocation Failure) 2599M->1734M(5011M) 2.715ms
[34.807s][info][safepoint] Leaving safepoint region
[34.807s][info][safepoint] Total time for which application threads were stopped: 0.0037659 seconds, Stopping threads took: 0.0003716 seconds
[35.206s][info][safepoint] Application time: 0.3986171 seconds
[35.207s][info][safepoint] Entering safepoint region: GenCollectForAllocation
[35.210s][info][gc       ] GC(66) Pause Young (Allocation Failure) 2599M->1734M(5011M) 2.688ms
[35.210s][info][safepoint] Leaving safepoint region
[35.211s][info][safepoint] Total time for which application threads were stopped: 0.0039180 seconds, Stopping threads took: 0.0004404 seconds
[35.621s][info][safepoint] Application time: 0.4098236 seconds
[35.621s][info][safepoint] Entering safepoint region: GenCollectForAllocation
[35.625s][info][gc       ] GC(67) Pause Young (Allocation Failure) 2599M->1734M(5011M) 3.137ms
[35.625s][info][safepoint] Leaving safepoint region
[35.625s][info][safepoint] Total time for which application threads were stopped: 0.0040299 seconds, Stopping threads took: 0.0002399 seconds
[36.055s][info][safepoint] Application time: 0.4297777 seconds
[36.056s][info][safepoint] Entering safepoint region: GenCollectForAllocation
[36.059s][info][gc       ] GC(68) Pause Young (Allocation Failure) 2599M->1734M(5011M) 2.499ms
[36.059s][info][safepoint] Leaving safepoint region
[36.060s][info][safepoint] Total time for which application threads were stopped: 0.0039478 seconds, Stopping threads took: 0.0003698 seconds
[36.455s][info][safepoint] Application time: 0.3944373 seconds
[36.455s][info][safepoint] Entering safepoint region: GenCollectForAllocation
[36.458s][info][gc       ] GC(69) Pause Young (Allocation Failure) 2599M->1734M(5011M) 3.053ms
[36.459s][info][safepoint] Leaving safepoint region
[36.459s][info][safepoint] Total time for which application threads were stopped: 0.0039110 seconds, Stopping threads took: 0.0001147 seconds
[36.875s][info][safepoint] Application time: 0.4155979 seconds
[36.876s][info][safepoint] Entering safepoint region: GenCollectForAllocation
[36.879s][info][gc       ] GC(70) Pause Young (Allocation Failure) 2599M->1734M(5011M) 2.604ms
[36.879s][info][safepoint] Leaving safepoint region
[36.880s][info][safepoint] Total time for which application threads were stopped: 0.0043485 seconds, Stopping threads took: 0.0005154 seconds
[37.330s][info][safepoint] Application time: 0.4491326 seconds
[37.330s][info][safepoint] Entering safepoint region: GenCollectForAllocation
[37.333s][info][gc       ] GC(71) Pause Young (Allocation Failure) 2599M->1734M(5011M) 2.386ms
[37.334s][info][safepoint] Leaving safepoint region
[37.334s][info][safepoint] Total time for which application threads were stopped: 0.0041807 seconds, Stopping threads took: 0.0005666 seconds
[37.738s][info][safepoint] Application time: 0.4034336 seconds
[37.739s][info][safepoint] Entering safepoint region: GenCollectForAllocation
[37.742s][info][gc       ] GC(72) Pause Young (Allocation Failure) 2599M->1734M(5011M) 2.477ms
[37.743s][info][safepoint] Leaving safepoint region
[37.743s][info][safepoint] Total time for which application threads were stopped: 0.0041152 seconds, Stopping threads took: 0.0005699 seconds
[38.160s][info][safepoint] Application time: 0.4166656 seconds
[38.161s][info][safepoint] Entering safepoint region: GenCollectForAllocation
[38.164s][info][gc       ] GC(73) Pause Young (Allocation Failure) 2599M->1734M(5011M) 2.717ms
[38.165s][info][safepoint] Leaving safepoint region
[38.165s][info][safepoint] Total time for which application threads were stopped: 0.0042568 seconds, Stopping threads took: 0.0005178 seconds
[38.568s][info][safepoint] Application time: 0.4027749 seconds
[38.569s][info][safepoint] Entering safepoint region: GenCollectForAllocation
[38.574s][info][gc       ] GC(74) Pause Young (Allocation Failure) 2599M->1734M(5011M) 4.132ms
[38.575s][info][safepoint] Leaving safepoint region
[38.575s][info][safepoint] Total time for which application threads were stopped: 0.0062921 seconds, Stopping threads took: 0.0005961 seconds
[38.987s][info][safepoint] Application time: 0.4112555 seconds
[38.988s][info][safepoint] Entering safepoint region: GenCollectForAllocation
[38.992s][info][gc       ] GC(75) Pause Young (Allocation Failure) 2599M->1734M(5011M) 3.787ms
[38.992s][info][safepoint] Leaving safepoint region
[38.993s][info][safepoint] Total time for which application threads were stopped: 0.0052660 seconds, Stopping threads took: 0.0003376 seconds
[39.393s][info][safepoint] Application time: 0.3996133 seconds
[39.394s][info][safepoint] Entering safepoint region: GenCollectForAllocation
[39.397s][info][gc       ] GC(76) Pause Young (Allocation Failure) 2599M->1734M(5011M) 2.634ms
[39.397s][info][safepoint] Leaving safepoint region
[39.398s][info][safepoint] Total time for which application threads were stopped: 0.0042647 seconds, Stopping threads took: 0.0004689 seconds
[39.779s][info][safepoint] Application time: 0.3807171 seconds
[39.780s][info][safepoint] Entering safepoint region: GenCollectForAllocation
[39.783s][info][gc       ] GC(77) Pause Young (Allocation Failure) 2599M->1734M(5011M) 2.527ms
[39.783s][info][safepoint] Leaving safepoint region
[39.784s][info][safepoint] Total time for which application threads were stopped: 0.0041332 seconds, Stopping threads took: 0.0005264 seconds
[40.190s][info][safepoint] Application time: 0.4055462 seconds
[40.190s][info][safepoint] Entering safepoint region: GenCollectForAllocation
[40.194s][info][gc       ] GC(78) Pause Young (Allocation Failure) 2599M->1734M(5011M) 2.687ms
[40.194s][info][safepoint] Leaving safepoint region
[40.195s][info][safepoint] Total time for which application threads were stopped: 0.0043984 seconds, Stopping threads took: 0.0005615 seconds
[40.372s][info][safepoint] Application time: 0.1767852 seconds
[40.373s][info][safepoint] Entering safepoint region: GenCollectForAllocation
[40.932s][info][gc       ] GC(79) Pause Young (Allocation Failure) 2599M->2568M(5011M) 559.025ms
[40.933s][info][safepoint] Leaving safepoint region
[40.933s][info][safepoint] Total time for which application threads were stopped: 0.5600735 seconds, Stopping threads took: 0.0003402 seconds
[40.933s][info][safepoint] Application time: 0.0001664 seconds
[40.936s][info][safepoint] Entering safepoint region: CMS_Initial_Mark
[40.987s][info][gc       ] GC(80) Pause Initial Mark 2585M->2585M(5011M) 50.395ms
[40.988s][info][safepoint] Leaving safepoint region
[40.988s][info][safepoint] Total time for which application threads were stopped: 0.0548234 seconds, Stopping threads took: 0.0030510 seconds
[40.989s][info][gc       ] GC(80) Concurrent Mark
[41.136s][info][safepoint] Application time: 0.1472691 seconds
[41.136s][info][safepoint] Entering safepoint region: GenCollectForAllocation
[41.892s][info][gc       ] GC(81) Pause Young (Allocation Failure) 3399M->3474M(5011M) 755.008ms
[41.892s][info][safepoint] Leaving safepoint region
[41.892s][info][safepoint] Total time for which application threads were stopped: 0.7559641 seconds, Stopping threads took: 0.0002036 seconds
[42.179s][info][gc       ] GC(80) Concurrent Mark 1190.222ms
[42.180s][info][gc       ] GC(80) Concurrent Preclean
[42.304s][info][safepoint] Application time: 0.4109577 seconds
[42.304s][info][safepoint] Entering safepoint region: GenCollectForAllocation
[42.798s][info][gc       ] GC(80) Concurrent Preclean 618.091ms
[45.514s][info][gc       ] GC(83) Pause Full (Allocation Failure) 4339M->1734M(5011M) 3209.014ms
[45.515s][info][gc       ] GC(82) Pause Young (Allocation Failure) 4339M->1734M(5011M) 3209.779ms
[45.515s][info][safepoint] Leaving safepoint region
[45.516s][info][safepoint] Total time for which application threads were stopped: 3.2113339 seconds, Stopping threads took: 0.0005275 seconds
[45.927s][info][safepoint] Application time: 0.4108433 seconds
[45.927s][info][safepoint] Entering safepoint region: GenCollectForAllocation
[45.930s][info][gc       ] GC(84) Pause Young (Allocation Failure) 2599M->1747M(5011M) 2.681ms
[45.931s][info][safepoint] Leaving safepoint region
[45.931s][info][safepoint] Total time for which application threads were stopped: 0.0038949 seconds, Stopping threads took: 0.0002455 seconds
[46.342s][info][safepoint] Application time: 0.4100926 seconds
[46.342s][info][safepoint] Entering safepoint region: GenCollectForAllocation
[46.345s][info][gc       ] GC(85) Pause Young (Allocation Failure) 2613M->1737M(5011M) 2.545ms
[46.346s][info][safepoint] Leaving safepoint region
[46.346s][info][safepoint] Total time for which application threads were stopped: 0.0039365 seconds, Stopping threads took: 0.0003478 seconds
[46.741s][info][safepoint] Application time: 0.3938645 seconds
[46.741s][info][safepoint] Entering safepoint region: GenCollectForAllocation
[46.744s][info][gc       ] GC(86) Pause Young (Allocation Failure) 2602M->1734M(5011M) 2.462ms
[46.745s][info][safepoint] Leaving safepoint region
[46.745s][info][safepoint] Total time for which application threads were stopped: 0.0038968 seconds, Stopping threads took: 0.0005468 seconds
[47.157s][info][safepoint] Application time: 0.4114610 seconds
[47.158s][info][safepoint] Entering safepoint region: GenCollectForAllocation
[47.161s][info][gc       ] GC(87) Pause Young (Allocation Failure) 2600M->1734M(5011M) 3.137ms
[47.162s][info][safepoint] Leaving safepoint region
[47.162s][info][safepoint] Total time for which application threads were stopped: 0.0047937 seconds, Stopping threads took: 0.0005419 seconds
[47.583s][info][safepoint] Application time: 0.4199703 seconds
[47.583s][info][safepoint] Entering safepoint region: GenCollectForAllocation
[47.587s][info][gc       ] GC(88) Pause Young (Allocation Failure) 2599M->1734M(5011M) 2.625ms
[47.587s][info][safepoint] Leaving safepoint region
[47.588s][info][safepoint] Total time for which application threads were stopped: 0.0044635 seconds, Stopping threads took: 0.0006172 seconds
[48.007s][info][safepoint] Application time: 0.4182237 seconds
[48.007s][info][safepoint] Entering safepoint region: GenCollectForAllocation
[48.010s][info][gc       ] GC(89) Pause Young (Allocation Failure) 2599M->1734M(5011M) 2.468ms
[48.010s][info][safepoint] Leaving safepoint region
[48.011s][info][safepoint] Total time for which application threads were stopped: 0.0037372 seconds, Stopping threads took: 0.0004649 seconds
[48.412s][info][safepoint] Application time: 0.4006434 seconds
[48.412s][info][safepoint] Entering safepoint region: GenCollectForAllocation
[48.415s][info][gc       ] GC(90) Pause Young (Allocation Failure) 2599M->1734M(5011M) 2.664ms
[48.416s][info][safepoint] Leaving safepoint region
[48.416s][info][safepoint] Total time for which application threads were stopped: 0.0037144 seconds, Stopping threads took: 0.0003002 seconds
[48.807s][info][safepoint] Application time: 0.3911518 seconds
[48.808s][info][safepoint] Entering safepoint region: GenCollectForAllocation
[48.811s][info][gc       ] GC(91) Pause Young (Allocation Failure) 2599M->1734M(5011M) 2.357ms
[48.811s][info][safepoint] Leaving safepoint region
[48.812s][info][safepoint] Total time for which application threads were stopped: 0.0038906 seconds, Stopping threads took: 0.0004604 seconds
[49.225s][info][safepoint] Application time: 0.4124825 seconds
[49.225s][info][safepoint] Entering safepoint region: GenCollectForAllocation
[49.229s][info][gc       ] GC(92) Pause Young (Allocation Failure) 2599M->1734M(5011M) 3.117ms
[49.229s][info][safepoint] Leaving safepoint region
[49.230s][info][safepoint] Total time for which application threads were stopped: 0.0047651 seconds, Stopping threads took: 0.0004153 seconds
[49.656s][info][safepoint] Application time: 0.4253008 seconds
[49.656s][info][safepoint] Entering safepoint region: GenCollectForAllocation
[49.659s][info][gc       ] GC(93) Pause Young (Allocation Failure) 2599M->1734M(5011M) 2.427ms
[49.660s][info][safepoint] Leaving safepoint region
[49.660s][info][safepoint] Total time for which application threads were stopped: 0.0037493 seconds, Stopping threads took: 0.0004124 seconds
[50.070s][info][safepoint] Application time: 0.4097282 seconds
[50.071s][info][safepoint] Entering safepoint region: GenCollectForAllocation
[50.078s][info][gc       ] GC(94) Pause Young (Allocation Failure) 2599M->1734M(5011M) 6.162ms
[50.078s][info][safepoint] Leaving safepoint region
[50.079s][info][safepoint] Total time for which application threads were stopped: 0.0080941 seconds, Stopping threads took: 0.0006076 seconds
[50.475s][info][safepoint] Application time: 0.3954373 seconds
[50.475s][info][safepoint] Entering safepoint region: GenCollectForAllocation
[50.479s][info][gc       ] GC(95) Pause Young (Allocation Failure) 2599M->1734M(5011M) 2.659ms
[50.479s][info][safepoint] Leaving safepoint region
[50.480s][info][safepoint] Total time for which application threads were stopped: 0.0044378 seconds, Stopping threads took: 0.0005776 seconds
[50.882s][info][safepoint] Application time: 0.4011753 seconds
[50.882s][info][safepoint] Entering safepoint region: GenCollectForAllocation
[50.885s][info][gc       ] GC(96) Pause Young (Allocation Failure) 2599M->1734M(5011M) 2.486ms
[50.886s][info][safepoint] Leaving safepoint region
[50.887s][info][safepoint] Total time for which application threads were stopped: 0.0047647 seconds, Stopping threads took: 0.0006859 seconds
[51.295s][info][safepoint] Application time: 0.4075957 seconds
[51.296s][info][safepoint] Entering safepoint region: GenCollectForAllocation
[51.300s][info][gc       ] GC(97) Pause Young (Allocation Failure) 2599M->1734M(5011M) 3.078ms
[51.300s][info][safepoint] Leaving safepoint region
[51.301s][info][safepoint] Total time for which application threads were stopped: 0.0046695 seconds, Stopping threads took: 0.0005088 seconds
[51.718s][info][safepoint] Application time: 0.4166452 seconds
[51.718s][info][safepoint] Entering safepoint region: GenCollectForAllocation
[51.721s][info][gc       ] GC(98) Pause Young (Allocation Failure) 2599M->1734M(5011M) 2.542ms
[51.722s][info][safepoint] Leaving safepoint region
[51.722s][info][safepoint] Total time for which application threads were stopped: 0.0039348 seconds, Stopping threads took: 0.0004031 seconds
[52.123s][info][safepoint] Application time: 0.4005655 seconds
[52.124s][info][safepoint] Entering safepoint region: GenCollectForAllocation
[52.127s][info][gc       ] GC(99) Pause Young (Allocation Failure) 2599M->1734M(5011M) 2.261ms
[52.128s][info][safepoint] Leaving safepoint region
[52.128s][info][safepoint] Total time for which application threads were stopped: 0.0044219 seconds, Stopping threads took: 0.0006806 seconds
[52.540s][info][safepoint] Application time: 0.4108913 seconds
[52.541s][info][safepoint] Entering safepoint region: GenCollectForAllocation
[52.543s][info][gc       ] GC(100) Pause Young (Allocation Failure) 2599M->1734M(5011M) 2.392ms
[52.544s][info][safepoint] Leaving safepoint region
[52.544s][info][safepoint] Total time for which application threads were stopped: 0.0039708 seconds, Stopping threads took: 0.0004499 seconds
[52.955s][info][safepoint] Application time: 0.4099304 seconds
[52.956s][info][safepoint] Entering safepoint region: GenCollectForAllocation
[52.959s][info][gc       ] GC(101) Pause Young (Allocation Failure) 2599M->1734M(5011M) 2.785ms
[52.960s][info][safepoint] Leaving safepoint region
[52.960s][info][safepoint] Total time for which application threads were stopped: 0.0044194 seconds, Stopping threads took: 0.0005598 seconds
[53.363s][info][safepoint] Application time: 0.4021720 seconds
[53.363s][info][safepoint] Entering safepoint region: GenCollectForAllocation
[53.366s][info][gc       ] GC(102) Pause Young (Allocation Failure) 2599M->1734M(5011M) 2.473ms
[53.367s][info][safepoint] Leaving safepoint region
[53.367s][info][safepoint] Total time for which application threads were stopped: 0.0041494 seconds, Stopping threads took: 0.0005675 seconds
[53.776s][info][safepoint] Application time: 0.4085375 seconds
[53.777s][info][safepoint] Entering safepoint region: GenCollectForAllocation
[53.780s][info][gc       ] GC(103) Pause Young (Allocation Failure) 2599M->1734M(5011M) 2.730ms
[53.780s][info][safepoint] Leaving safepoint region
[53.781s][info][safepoint] Total time for which application threads were stopped: 0.0042094 seconds, Stopping threads took: 0.0003668 seconds
[54.187s][info][safepoint] Application time: 0.4054937 seconds
[54.188s][info][safepoint] Entering safepoint region: GenCollectForAllocation
[54.191s][info][gc       ] GC(104) Pause Young (Allocation Failure) 2599M->1734M(5011M) 2.735ms
[54.192s][info][safepoint] Leaving safepoint region
[54.192s][info][safepoint] Total time for which application threads were stopped: 0.0041597 seconds, Stopping threads took: 0.0002986 seconds
[54.616s][info][safepoint] Application time: 0.4237296 seconds
[54.617s][info][safepoint] Entering safepoint region: GenCollectForAllocation
[54.620s][info][gc       ] GC(105) Pause Young (Allocation Failure) 2599M->1734M(5011M) 2.617ms
[54.620s][info][safepoint] Leaving safepoint region
[54.621s][info][safepoint] Total time for which application threads were stopped: 0.0039941 seconds, Stopping threads took: 0.0004514 seconds
[55.052s][info][safepoint] Application time: 0.4311627 seconds
[55.053s][info][safepoint] Entering safepoint region: GenCollectForAllocation
[55.057s][info][gc       ] GC(106) Pause Young (Allocation Failure) 2599M->1734M(5011M) 3.148ms
[55.057s][info][safepoint] Leaving safepoint region
[55.057s][info][safepoint] Total time for which application threads were stopped: 0.0043668 seconds, Stopping threads took: 0.0004072 seconds
[55.446s][info][safepoint] Application time: 0.3878078 seconds
[55.446s][info][safepoint] Entering safepoint region: GenCollectForAllocation
[55.449s][info][gc       ] GC(107) Pause Young (Allocation Failure) 2599M->1734M(5011M) 2.373ms
[55.449s][info][safepoint] Leaving safepoint region
[55.450s][info][safepoint] Total time for which application threads were stopped: 0.0039060 seconds, Stopping threads took: 0.0003423 seconds
[55.863s][info][safepoint] Application time: 0.4126914 seconds
[55.864s][info][safepoint] Entering safepoint region: GenCollectForAllocation
[55.867s][info][gc       ] GC(108) Pause Young (Allocation Failure) 2599M->1734M(5011M) 2.724ms
[55.868s][info][safepoint] Leaving safepoint region
[55.869s][info][safepoint] Total time for which application threads were stopped: 0.0046588 seconds, Stopping threads took: 0.0006309 seconds
[56.312s][info][safepoint] Application time: 0.4428512 seconds
[56.313s][info][safepoint] Entering safepoint region: GenCollectForAllocation
[56.316s][info][gc       ] GC(109) Pause Young (Allocation Failure) 2599M->1734M(5011M) 3.201ms
[56.317s][info][safepoint] Leaving safepoint region
[56.317s][info][safepoint] Total time for which application threads were stopped: 0.0046017 seconds, Stopping threads took: 0.0005352 seconds
[56.719s][info][safepoint] Application time: 0.4014034 seconds
[56.720s][info][safepoint] Entering safepoint region: GenCollectForAllocation
[56.723s][info][gc       ] GC(110) Pause Young (Allocation Failure) 2599M->1734M(5011M) 2.725ms
[56.723s][info][safepoint] Leaving safepoint region
[56.724s][info][safepoint] Total time for which application threads were stopped: 0.0042644 seconds, Stopping threads took: 0.0004262 seconds
[57.128s][info][safepoint] Application time: 0.4038210 seconds
[57.129s][info][safepoint] Entering safepoint region: GenCollectForAllocation
[57.132s][info][gc       ] GC(111) Pause Young (Allocation Failure) 2599M->1734M(5011M) 2.406ms
[57.132s][info][safepoint] Leaving safepoint region
[57.133s][info][safepoint] Total time for which application threads were stopped: 0.0039684 seconds, Stopping threads took: 0.0005033 seconds
[57.551s][info][safepoint] Application time: 0.4180286 seconds
[57.552s][info][safepoint] Entering safepoint region: GenCollectForAllocation
[57.556s][info][gc       ] GC(112) Pause Young (Allocation Failure) 2599M->1734M(5011M) 3.156ms
[57.557s][info][safepoint] Leaving safepoint region
[57.557s][info][safepoint] Total time for which application threads were stopped: 0.0053908 seconds, Stopping threads took: 0.0006471 seconds
[57.987s][info][safepoint] Application time: 0.4288352 seconds
[57.988s][info][safepoint] Entering safepoint region: GenCollectForAllocation
[57.991s][info][gc       ] GC(113) Pause Young (Allocation Failure) 2599M->1734M(5011M) 2.634ms
[57.991s][info][safepoint] Leaving safepoint region
[57.991s][info][safepoint] Total time for which application threads were stopped: 0.0038928 seconds, Stopping threads took: 0.0004332 seconds
[58.397s][info][safepoint] Application time: 0.4053158 seconds
[58.398s][info][safepoint] Entering safepoint region: GenCollectForAllocation
[58.402s][info][gc       ] GC(114) Pause Young (Allocation Failure) 2599M->1734M(5011M) 3.327ms
[58.402s][info][safepoint] Leaving safepoint region
[58.403s][info][safepoint] Total time for which application threads were stopped: 0.0050132 seconds, Stopping threads took: 0.0005200 seconds
[58.832s][info][safepoint] Application time: 0.4281224 seconds
[58.832s][info][safepoint] Entering safepoint region: GenCollectForAllocation
[58.835s][info][gc       ] GC(115) Pause Young (Allocation Failure) 2599M->1734M(5011M) 2.630ms
[58.836s][info][safepoint] Leaving safepoint region
[58.836s][info][safepoint] Total time for which application threads were stopped: 0.0041702 seconds, Stopping threads took: 0.0004429 seconds
[59.228s][info][safepoint] Application time: 0.3912848 seconds
[59.229s][info][safepoint] Entering safepoint region: GenCollectForAllocation
[59.232s][info][gc       ] GC(116) Pause Young (Allocation Failure) 2599M->1734M(5011M) 2.558ms
[59.233s][info][safepoint] Leaving safepoint region
[59.233s][info][safepoint] Total time for which application threads were stopped: 0.0043056 seconds, Stopping threads took: 0.0006043 seconds
[59.650s][info][safepoint] Application time: 0.4160626 seconds
[59.650s][info][safepoint] Entering safepoint region: GenCollectForAllocation
[59.654s][info][gc       ] GC(117) Pause Young (Allocation Failure) 2599M->1734M(5011M) 2.888ms
[59.654s][info][safepoint] Leaving safepoint region
[59.655s][info][safepoint] Total time for which application threads were stopped: 0.0042884 seconds, Stopping threads took: 0.0004643 seconds
[60.067s][info][safepoint] Application time: 0.4119449 seconds
[60.068s][info][safepoint] Entering safepoint region: GenCollectForAllocation
[60.071s][info][gc       ] GC(118) Pause Young (Allocation Failure) 2599M->1734M(5011M) 2.794ms
[60.072s][info][safepoint] Leaving safepoint region
[60.072s][info][safepoint] Total time for which application threads were stopped: 0.0046557 seconds, Stopping threads took: 0.0004982 seconds
[60.257s][info][safepoint] Application time: 0.1839619 seconds
[60.257s][info][safepoint] Entering safepoint region: GenCollectForAllocation
[60.857s][info][gc       ] GC(119) Pause Young (Allocation Failure) 2599M->2594M(5011M) 599.526ms
[60.858s][info][safepoint] Leaving safepoint region
[60.858s][info][safepoint] Total time for which application threads were stopped: 0.6006734 seconds, Stopping threads took: 0.0004493 seconds
[60.858s][info][safepoint] Application time: 0.0001085 seconds
[60.861s][info][safepoint] Entering safepoint region: CMS_Initial_Mark
[60.917s][info][gc       ] GC(120) Pause Initial Mark 2611M->2611M(5011M) 55.558ms
[60.918s][info][safepoint] Leaving safepoint region
[60.918s][info][safepoint] Total time for which application threads were stopped: 0.0594989 seconds, Stopping threads took: 0.0030185 seconds
[60.918s][info][gc       ] GC(120) Concurrent Mark
[61.069s][info][safepoint] Application time: 0.1505647 seconds
[61.069s][info][safepoint] Entering safepoint region: GenCollectForAllocation
[61.801s][info][gc       ] GC(121) Pause Young (Allocation Failure) 3408M->3471M(5011M) 731.615ms
[61.802s][info][safepoint] Leaving safepoint region
[61.802s][info][safepoint] Total time for which application threads were stopped: 0.7327446 seconds, Stopping threads took: 0.0004568 seconds
[62.020s][info][gc       ] GC(120) Concurrent Mark 1101.952ms
[62.021s][info][gc       ] GC(120) Concurrent Preclean
[62.230s][info][safepoint] Application time: 0.4274050 seconds
[62.230s][info][safepoint] Entering safepoint region: GenCollectForAllocation
[62.650s][info][gc       ] GC(120) Concurrent Preclean 629.182ms
[65.278s][info][gc       ] GC(123) Pause Full (Allocation Failure) 4336M->1734M(5011M) 3047.703ms
[65.279s][info][gc       ] GC(122) Pause Young (Allocation Failure) 4336M->1734M(5011M) 3048.470ms
[65.280s][info][safepoint] Leaving safepoint region
[65.280s][info][safepoint] Total time for which application threads were stopped: 3.0502323 seconds, Stopping threads took: 0.0003782 seconds
[65.700s][info][safepoint] Application time: 0.4194618 seconds
[65.701s][info][safepoint] Entering safepoint region: GenCollectForAllocation
[65.704s][info][gc       ] GC(124) Pause Young (Allocation Failure) 2599M->1741M(5011M) 2.703ms
[65.704s][info][safepoint] Leaving safepoint region
[65.705s][info][safepoint] Total time for which application threads were stopped: 0.0041012 seconds, Stopping threads took: 0.0003002 seconds
[66.105s][info][safepoint] Application time: 0.3995785 seconds
[66.105s][info][safepoint] Entering safepoint region: GenCollectForAllocation
[66.109s][info][gc       ] GC(125) Pause Young (Allocation Failure) 2606M->1735M(5011M) 2.857ms
[66.109s][info][safepoint] Leaving safepoint region
[66.110s][info][safepoint] Total time for which application threads were stopped: 0.0042654 seconds, Stopping threads took: 0.0002399 seconds
[66.535s][info][safepoint] Application time: 0.4249974 seconds
[66.536s][info][safepoint] Entering safepoint region: GenCollectForAllocation
[66.539s][info][gc       ] GC(126) Pause Young (Allocation Failure) 2601M->1734M(5011M) 2.442ms
[66.540s][info][safepoint] Leaving safepoint region
[66.540s][info][safepoint] Total time for which application threads were stopped: 0.0040170 seconds, Stopping threads took: 0.0006015 seconds
[66.934s][info][safepoint] Application time: 0.3934404 seconds
[66.934s][info][safepoint] Entering safepoint region: GenCollectForAllocation
[66.937s][info][gc       ] GC(127) Pause Young (Allocation Failure) 2600M->1734M(5011M) 2.307ms
[66.938s][info][safepoint] Leaving safepoint region
[66.938s][info][safepoint] Total time for which application threads were stopped: 0.0039186 seconds, Stopping threads took: 0.0005038 seconds
[67.350s][info][safepoint] Application time: 0.4106873 seconds
[67.351s][info][safepoint] Entering safepoint region: GenCollectForAllocation
[67.354s][info][gc       ] GC(128) Pause Young (Allocation Failure) 2599M->1734M(5011M) 2.613ms
[67.354s][info][safepoint] Leaving safepoint region
[67.354s][info][safepoint] Total time for which application threads were stopped: 0.0039768 seconds, Stopping threads took: 0.0004160 seconds
[67.800s][info][safepoint] Application time: 0.4455234 seconds
[67.801s][info][safepoint] Entering safepoint region: GenCollectForAllocation
[67.804s][info][gc       ] GC(129) Pause Young (Allocation Failure) 2599M->1734M(5011M) 2.593ms
[67.804s][info][safepoint] Leaving safepoint region
[67.805s][info][safepoint] Total time for which application threads were stopped: 0.0037600 seconds, Stopping threads took: 0.0004695 seconds
[68.206s][info][safepoint] Application time: 0.4004116 seconds
[68.206s][info][safepoint] Entering safepoint region: GenCollectForAllocation
[68.210s][info][gc       ] GC(130) Pause Young (Allocation Failure) 2599M->1734M(5011M) 2.879ms
[68.210s][info][safepoint] Leaving safepoint region
[68.211s][info][safepoint] Total time for which application threads were stopped: 0.0044908 seconds, Stopping threads took: 0.0005737 seconds
[68.620s][info][safepoint] Application time: 0.4084363 seconds
[68.620s][info][safepoint] Entering safepoint region: GenCollectForAllocation
[68.623s][info][gc       ] GC(131) Pause Young (Allocation Failure) 2599M->1734M(5011M) 2.667ms
[68.624s][info][safepoint] Leaving safepoint region
[68.624s][info][safepoint] Total time for which application threads were stopped: 0.0039158 seconds, Stopping threads took: 0.0003346 seconds
[69.048s][info][safepoint] Application time: 0.4233400 seconds
[69.049s][info][safepoint] Entering safepoint region: GenCollectForAllocation
[69.052s][info][gc       ] GC(132) Pause Young (Allocation Failure) 2599M->1734M(5011M) 2.665ms
[69.052s][info][safepoint] Leaving safepoint region
[69.053s][info][safepoint] Total time for which application threads were stopped: 0.0039258 seconds, Stopping threads took: 0.0004429 seconds
[69.458s][info][safepoint] Application time: 0.4050717 seconds
[69.459s][info][safepoint] Entering safepoint region: GenCollectForAllocation
[69.462s][info][gc       ] GC(133) Pause Young (Allocation Failure) 2599M->1734M(5011M) 2.841ms
[69.462s][info][safepoint] Leaving safepoint region
[69.463s][info][safepoint] Total time for which application threads were stopped: 0.0042423 seconds, Stopping threads took: 0.0003528 seconds
[69.865s][info][safepoint] Application time: 0.4021930 seconds
[69.866s][info][safepoint] Entering safepoint region: GenCollectForAllocation
[69.869s][info][gc       ] GC(134) Pause Young (Allocation Failure) 2599M->1734M(5011M) 2.671ms
[69.869s][info][safepoint] Leaving safepoint region
[69.870s][info][safepoint] Total time for which application threads were stopped: 0.0038066 seconds, Stopping threads took: 0.0002868 seconds
[70.284s][info][safepoint] Application time: 0.4135842 seconds
[70.284s][info][safepoint] Entering safepoint region: GenCollectForAllocation
[70.287s][info][gc       ] GC(135) Pause Young (Allocation Failure) 2599M->1734M(5011M) 2.852ms
[70.288s][info][safepoint] Leaving safepoint region
[70.288s][info][safepoint] Total time for which application threads were stopped: 0.0037440 seconds, Stopping threads took: 0.0002842 seconds
[70.684s][info][safepoint] Application time: 0.3954359 seconds
[70.684s][info][safepoint] Entering safepoint region: GenCollectForAllocation
[70.687s][info][gc       ] GC(136) Pause Young (Allocation Failure) 2599M->1734M(5011M) 2.505ms
[70.688s][info][safepoint] Leaving safepoint region
[70.688s][info][safepoint] Total time for which application threads were stopped: 0.0038621 seconds, Stopping threads took: 0.0004173 seconds
[71.128s][info][safepoint] Application time: 0.4400864 seconds
[71.129s][info][safepoint] Entering safepoint region: GenCollectForAllocation
[71.132s][info][gc       ] GC(137) Pause Young (Allocation Failure) 2599M->1734M(5011M) 2.604ms
[71.132s][info][safepoint] Leaving safepoint region
[71.133s][info][safepoint] Total time for which application threads were stopped: 0.0037702 seconds, Stopping threads took: 0.0002171 seconds
[71.543s][info][safepoint] Application time: 0.4096572 seconds
[71.543s][info][safepoint] Entering safepoint region: GenCollectForAllocation
[71.546s][info][gc       ] GC(138) Pause Young (Allocation Failure) 2599M->1734M(5011M) 2.607ms
[71.547s][info][safepoint] Leaving safepoint region
[71.547s][info][safepoint] Total time for which application threads were stopped: 0.0039109 seconds, Stopping threads took: 0.0002916 seconds
[71.983s][info][safepoint] Application time: 0.4356329 seconds
[71.983s][info][safepoint] Entering safepoint region: GenCollectForAllocation
[71.986s][info][gc       ] GC(139) Pause Young (Allocation Failure) 2599M->1734M(5011M) 2.646ms
[71.987s][info][safepoint] Leaving safepoint region
[71.987s][info][safepoint] Total time for which application threads were stopped: 0.0033739 seconds, Stopping threads took: 0.0002387 seconds
[72.375s][info][safepoint] Application time: 0.3877004 seconds
[72.375s][info][safepoint] Entering safepoint region: GenCollectForAllocation
[72.378s][info][gc       ] GC(140) Pause Young (Allocation Failure) 2599M->1734M(5011M) 2.515ms
[72.378s][info][safepoint] Leaving safepoint region
[72.379s][info][safepoint] Total time for which application threads were stopped: 0.0037372 seconds, Stopping threads took: 0.0002853 seconds
[72.814s][info][safepoint] Application time: 0.4351255 seconds
[72.815s][info][safepoint] Entering safepoint region: GenCollectForAllocation
[72.818s][info][gc       ] GC(141) Pause Young (Allocation Failure) 2599M->1734M(5011M) 2.443ms
[72.818s][info][safepoint] Leaving safepoint region
[72.818s][info][safepoint] Total time for which application threads were stopped: 0.0034315 seconds, Stopping threads took: 0.0002941 seconds
[73.212s][info][safepoint] Application time: 0.3936166 seconds
[73.213s][info][safepoint] Entering safepoint region: GenCollectForAllocation
[73.221s][info][gc       ] GC(142) Pause Young (Allocation Failure) 2599M->1734M(5011M) 7.662ms
[73.222s][info][safepoint] Leaving safepoint region
[73.223s][info][safepoint] Total time for which application threads were stopped: 0.0098893 seconds, Stopping threads took: 0.0005515 seconds
[73.639s][info][safepoint] Application time: 0.4157639 seconds
[73.640s][info][safepoint] Entering safepoint region: GenCollectForAllocation
[73.643s][info][gc       ] GC(143) Pause Young (Allocation Failure) 2599M->1734M(5011M) 2.441ms
[73.644s][info][safepoint] Leaving safepoint region
[73.644s][info][safepoint] Total time for which application threads were stopped: 0.0039552 seconds, Stopping threads took: 0.0005472 seconds
[74.080s][info][safepoint] Application time: 0.4359872 seconds
[74.081s][info][safepoint] Entering safepoint region: GenCollectForAllocation
[74.084s][info][gc       ] GC(144) Pause Young (Allocation Failure) 2599M->1734M(5011M) 2.592ms
[74.084s][info][safepoint] Leaving safepoint region
[74.085s][info][safepoint] Total time for which application threads were stopped: 0.0039114 seconds, Stopping threads took: 0.0004972 seconds
[74.500s][info][safepoint] Application time: 0.4149144 seconds
[74.501s][info][safepoint] Entering safepoint region: GenCollectForAllocation
[74.504s][info][gc       ] GC(145) Pause Young (Allocation Failure) 2599M->1734M(5011M) 2.567ms
[74.505s][info][safepoint] Leaving safepoint region
[74.505s][info][safepoint] Total time for which application threads were stopped: 0.0043787 seconds, Stopping threads took: 0.0006338 seconds
[74.903s][info][safepoint] Application time: 0.3973314 seconds
[74.903s][info][safepoint] Entering safepoint region: GenCollectForAllocation
[74.906s][info][gc       ] GC(146) Pause Young (Allocation Failure) 2599M->1734M(5011M) 2.568ms
[74.907s][info][safepoint] Leaving safepoint region
[74.907s][info][safepoint] Total time for which application threads were stopped: 0.0038353 seconds, Stopping threads took: 0.0004400 seconds
[75.317s][info][safepoint] Application time: 0.4095305 seconds
[75.318s][info][safepoint] Entering safepoint region: GenCollectForAllocation
[75.322s][info][gc       ] GC(147) Pause Young (Allocation Failure) 2599M->1734M(5011M) 3.382ms
[75.322s][info][safepoint] Leaving safepoint region
[75.322s][info][safepoint] Total time for which application threads were stopped: 0.0047675 seconds, Stopping threads took: 0.0004439 seconds
[75.728s][info][safepoint] Application time: 0.4052711 seconds
[75.729s][info][safepoint] Entering safepoint region: GenCollectForAllocation
[75.731s][info][gc       ] GC(148) Pause Young (Allocation Failure) 2599M->1734M(5011M) 2.469ms
[75.732s][info][safepoint] Leaving safepoint region
[75.732s][info][safepoint] Total time for which application threads were stopped: 0.0034733 seconds, Stopping threads took: 0.0002428 seconds
[76.128s][info][safepoint] Application time: 0.3953478 seconds
[76.128s][info][safepoint] Entering safepoint region: GenCollectForAllocation
[76.131s][info][gc       ] GC(149) Pause Young (Allocation Failure) 2599M->1734M(5011M) 2.709ms
[76.132s][info][safepoint] Leaving safepoint region
[76.132s][info][safepoint] Total time for which application threads were stopped: 0.0040075 seconds, Stopping threads took: 0.0003929 seconds
[76.544s][info][safepoint] Application time: 0.4113168 seconds
[76.545s][info][safepoint] Entering safepoint region: GenCollectForAllocation
[76.548s][info][gc       ] GC(150) Pause Young (Allocation Failure) 2599M->1734M(5011M) 2.750ms
[76.549s][info][safepoint] Leaving safepoint region
[76.549s][info][safepoint] Total time for which application threads were stopped: 0.0047343 seconds, Stopping threads took: 0.0004541 seconds
[76.958s][info][safepoint] Application time: 0.4077802 seconds
[76.958s][info][safepoint] Entering safepoint region: GenCollectForAllocation
[76.961s][info][gc       ] GC(151) Pause Young (Allocation Failure) 2599M->1734M(5011M) 2.654ms
[76.962s][info][safepoint] Leaving safepoint region
[76.962s][info][safepoint] Total time for which application threads were stopped: 0.0037393 seconds, Stopping threads took: 0.0002943 seconds
[77.359s][info][safepoint] Application time: 0.3963501 seconds
[77.359s][info][safepoint] Entering safepoint region: GenCollectForAllocation
[77.363s][info][gc       ] GC(152) Pause Young (Allocation Failure) 2599M->1734M(5011M) 2.802ms
[77.363s][info][safepoint] Leaving safepoint region
[77.363s][info][safepoint] Total time for which application threads were stopped: 0.0039126 seconds, Stopping threads took: 0.0003894 seconds
[77.760s][info][safepoint] Application time: 0.3964025 seconds
[77.760s][info][safepoint] Entering safepoint region: GenCollectForAllocation
[77.764s][info][gc       ] GC(153) Pause Young (Allocation Failure) 2599M->1734M(5011M) 2.753ms
[77.764s][info][safepoint] Leaving safepoint region
[77.765s][info][safepoint] Total time for which application threads were stopped: 0.0043950 seconds, Stopping threads took: 0.0004848 seconds
[78.198s][info][safepoint] Application time: 0.4329245 seconds
[78.199s][info][safepoint] Entering safepoint region: GenCollectForAllocation
[78.202s][info][gc       ] GC(154) Pause Young (Allocation Failure) 2599M->1734M(5011M) 3.043ms
[78.203s][info][safepoint] Leaving safepoint region
[78.203s][info][safepoint] Total time for which application threads were stopped: 0.0045721 seconds, Stopping threads took: 0.0004763 seconds
[78.643s][info][safepoint] Application time: 0.4389128 seconds
[78.643s][info][safepoint] Entering safepoint region: GenCollectForAllocation
[78.646s][info][gc       ] GC(155) Pause Young (Allocation Failure) 2599M->1734M(5011M) 2.754ms
[78.647s][info][safepoint] Leaving safepoint region
[78.648s][info][safepoint] Total time for which application threads were stopped: 0.0045780 seconds, Stopping threads took: 0.0003348 seconds
[79.065s][info][safepoint] Application time: 0.4168695 seconds
[79.066s][info][safepoint] Entering safepoint region: GenCollectForAllocation
[79.069s][info][gc       ] GC(156) Pause Young (Allocation Failure) 2599M->1734M(5011M) 2.720ms
[79.070s][info][safepoint] Leaving safepoint region
[79.070s][info][safepoint] Total time for which application threads were stopped: 0.0041243 seconds, Stopping threads took: 0.0005911 seconds
[79.459s][info][safepoint] Application time: 0.3883529 seconds
[79.459s][info][safepoint] Entering safepoint region: GenCollectForAllocation
[79.462s][info][gc       ] GC(157) Pause Young (Allocation Failure) 2599M->1734M(5011M) 2.726ms
[79.463s][info][safepoint] Leaving safepoint region
[79.463s][info][safepoint] Total time for which application threads were stopped: 0.0037155 seconds, Stopping threads took: 0.0003415 seconds
[79.893s][info][safepoint] Application time: 0.4302345 seconds
[79.894s][info][safepoint] Entering safepoint region: GenCollectForAllocation
[79.898s][info][gc       ] GC(158) Pause Young (Allocation Failure) 2599M->1734M(5011M) 3.335ms
[79.898s][info][safepoint] Leaving safepoint region
[79.899s][info][safepoint] Total time for which application threads were stopped: 0.0047660 seconds, Stopping threads took: 0.0003544 seconds
[80.064s][info][safepoint] Application time: 0.1654099 seconds
[80.065s][info][safepoint] Entering safepoint region: GenCollectForAllocation
[80.641s][info][gc       ] GC(159) Pause Young (Allocation Failure) 2599M->2599M(5011M) 575.598ms
[80.642s][info][safepoint] Leaving safepoint region
[80.642s][info][safepoint] Total time for which application threads were stopped: 0.5768364 seconds, Stopping threads took: 0.0005739 seconds
[80.642s][info][safepoint] Application time: 0.0001164 seconds
[80.645s][info][safepoint] Entering safepoint region: CMS_Initial_Mark
[80.709s][info][gc       ] GC(160) Pause Initial Mark 2633M->2633M(5011M) 63.070ms
[80.709s][info][safepoint] Leaving safepoint region
[80.710s][info][safepoint] Total time for which application threads were stopped: 0.0672390 seconds, Stopping threads took: 0.0031168 seconds
[80.710s][info][gc       ] GC(160) Concurrent Mark
[80.884s][info][safepoint] Application time: 0.1738730 seconds
[80.884s][info][safepoint] Entering safepoint region: GenCollectForAllocation
[81.589s][info][gc       ] GC(161) Pause Young (Allocation Failure) 3413M->3470M(5011M) 703.966ms
[81.589s][info][safepoint] Leaving safepoint region
[81.589s][info][safepoint] Total time for which application threads were stopped: 0.7049361 seconds, Stopping threads took: 0.0002633 seconds
[81.844s][info][gc       ] GC(160) Concurrent Mark 1134.013ms
[81.845s][info][gc       ] GC(160) Concurrent Preclean
[81.999s][info][safepoint] Application time: 0.4093222 seconds
[81.999s][info][safepoint] Entering safepoint region: GenCollectForAllocation
[82.441s][info][gc       ] GC(160) Concurrent Preclean 596.210ms
[85.080s][info][gc       ] GC(163) Pause Full (Allocation Failure) 4336M->1734M(5011M) 3080.264ms
[85.081s][info][gc       ] GC(162) Pause Young (Allocation Failure) 4336M->1734M(5011M) 3081.099ms
[85.081s][info][safepoint] Leaving safepoint region
[85.082s][info][safepoint] Total time for which application threads were stopped: 3.0824890 seconds, Stopping threads took: 0.0003883 seconds
[85.514s][info][safepoint] Application time: 0.4320657 seconds
[85.515s][info][safepoint] Entering safepoint region: GenCollectForAllocation
[85.518s][info][gc       ] GC(164) Pause Young (Allocation Failure) 2599M->1744M(5011M) 2.964ms
[85.519s][info][safepoint] Leaving safepoint region
[85.520s][info][safepoint] Total time for which application threads were stopped: 0.0051173 seconds, Stopping threads took: 0.0004295 seconds
[85.908s][info][safepoint] Application time: 0.3878869 seconds
[85.909s][info][safepoint] Entering safepoint region: GenCollectForAllocation
[85.912s][info][gc       ] GC(165) Pause Young (Allocation Failure) 2609M->1736M(5011M) 2.895ms
[85.913s][info][safepoint] Leaving safepoint region
[85.913s][info][safepoint] Total time for which application threads were stopped: 0.0046029 seconds, Stopping threads took: 0.0006402 seconds
[86.346s][info][safepoint] Application time: 0.4317221 seconds
[86.346s][info][safepoint] Entering safepoint region: GenCollectForAllocation
[86.350s][info][gc       ] GC(166) Pause Young (Allocation Failure) 2602M->1734M(5011M) 3.297ms
[86.351s][info][safepoint] Leaving safepoint region
[86.351s][info][safepoint] Total time for which application threads were stopped: 0.0050686 seconds, Stopping threads took: 0.0005860 seconds
[86.763s][info][safepoint] Application time: 0.4114272 seconds
[86.764s][info][safepoint] Entering safepoint region: GenCollectForAllocation
[86.767s][info][gc       ] GC(167) Pause Young (Allocation Failure) 2600M->1734M(5011M) 2.760ms
[86.767s][info][safepoint] Leaving safepoint region
[86.767s][info][safepoint] Total time for which application threads were stopped: 0.0037070 seconds, Stopping threads took: 0.0002545 seconds
[87.171s][info][safepoint] Application time: 0.4029863 seconds
[87.171s][info][safepoint] Entering safepoint region: GenCollectForAllocation
[87.175s][info][gc       ] GC(168) Pause Young (Allocation Failure) 2599M->1734M(5011M) 2.720ms
[87.175s][info][safepoint] Leaving safepoint region
[87.176s][info][safepoint] Total time for which application threads were stopped: 0.0048862 seconds, Stopping threads took: 0.0006910 seconds
[87.639s][info][safepoint] Application time: 0.4621592 seconds
[87.639s][info][safepoint] Entering safepoint region: GenCollectForAllocation
[87.643s][info][gc       ] GC(169) Pause Young (Allocation Failure) 2599M->1734M(5011M) 3.463ms
[87.644s][info][safepoint] Leaving safepoint region
[87.644s][info][safepoint] Total time for which application threads were stopped: 0.0050025 seconds, Stopping threads took: 0.0004850 seconds
[88.046s][info][safepoint] Application time: 0.4009713 seconds
[88.046s][info][safepoint] Entering safepoint region: GenCollectForAllocation
[88.050s][info][gc       ] GC(170) Pause Young (Allocation Failure) 2599M->1734M(5011M) 2.725ms
[88.050s][info][safepoint] Leaving safepoint region
[88.051s][info][safepoint] Total time for which application threads were stopped: 0.0044933 seconds, Stopping threads took: 0.0006040 seconds
[88.471s][info][safepoint] Application time: 0.4192960 seconds
[88.471s][info][safepoint] Entering safepoint region: GenCollectForAllocation
[88.475s][info][gc       ] GC(171) Pause Young (Allocation Failure) 2599M->1734M(5011M) 2.903ms
[88.475s][info][safepoint] Leaving safepoint region
[88.476s][info][safepoint] Total time for which application threads were stopped: 0.0044502 seconds, Stopping threads took: 0.0004018 seconds
[88.875s][info][safepoint] Application time: 0.3991295 seconds
[88.876s][info][safepoint] Entering safepoint region: GenCollectForAllocation
[88.879s][info][gc       ] GC(172) Pause Young (Allocation Failure) 2599M->1734M(5011M) 2.674ms
[88.879s][info][safepoint] Leaving safepoint region
[88.880s][info][safepoint] Total time for which application threads were stopped: 0.0042028 seconds, Stopping threads took: 0.0004110 seconds
[89.299s][info][safepoint] Application time: 0.4190591 seconds
[89.300s][info][safepoint] Entering safepoint region: GenCollectForAllocation
[89.303s][info][gc       ] GC(173) Pause Young (Allocation Failure) 2599M->1734M(5011M) 2.708ms
[89.304s][info][safepoint] Leaving safepoint region
[89.305s][info][safepoint] Total time for which application threads were stopped: 0.0045899 seconds, Stopping threads took: 0.0005530 seconds
[89.699s][info][safepoint] Application time: 0.3942099 seconds
[89.700s][info][safepoint] Entering safepoint region: GenCollectForAllocation
[89.703s][info][gc       ] GC(174) Pause Young (Allocation Failure) 2599M->1734M(5011M) 2.742ms
[89.703s][info][safepoint] Leaving safepoint region
[89.704s][info][safepoint] Total time for which application threads were stopped: 0.0040060 seconds, Stopping threads took: 0.0003330 seconds
[90.121s][info][safepoint] Application time: 0.4167034 seconds
[90.121s][info][safepoint] Entering safepoint region: GenCollectForAllocation
[90.125s][info][gc       ] GC(175) Pause Young (Allocation Failure) 2599M->1734M(5011M) 2.829ms
[90.125s][info][safepoint] Leaving safepoint region
[90.126s][info][safepoint] Total time for which application threads were stopped: 0.0045821 seconds, Stopping threads took: 0.0003939 seconds
[90.520s][info][safepoint] Application time: 0.3937049 seconds
[90.521s][info][safepoint] Entering safepoint region: GenCollectForAllocation
[90.524s][info][gc       ] GC(176) Pause Young (Allocation Failure) 2599M->1734M(5011M) 2.911ms
[90.525s][info][safepoint] Leaving safepoint region
[90.525s][info][safepoint] Total time for which application threads were stopped: 0.0046066 seconds, Stopping threads took: 0.0004490 seconds
[90.926s][info][safepoint] Application time: 0.4002072 seconds
[90.927s][info][safepoint] Entering safepoint region: GenCollectForAllocation
[90.930s][info][gc       ] GC(177) Pause Young (Allocation Failure) 2599M->1734M(5011M) 2.735ms
[90.931s][info][safepoint] Leaving safepoint region
[90.931s][info][safepoint] Total time for which application threads were stopped: 0.0043673 seconds, Stopping threads took: 0.0005273 seconds
[91.351s][info][safepoint] Application time: 0.4194909 seconds
[91.352s][info][safepoint] Entering safepoint region: GenCollectForAllocation
[91.355s][info][gc       ] GC(178) Pause Young (Allocation Failure) 2599M->1734M(5011M) 2.495ms
[91.356s][info][safepoint] Leaving safepoint region
[91.356s][info][safepoint] Total time for which application threads were stopped: 0.0042043 seconds, Stopping threads took: 0.0006063 seconds
[91.770s][info][safepoint] Application time: 0.4139156 seconds
[91.771s][info][safepoint] Entering safepoint region: GenCollectForAllocation
[91.775s][info][gc       ] GC(179) Pause Young (Allocation Failure) 2599M->1734M(5011M) 3.267ms
[91.775s][info][safepoint] Leaving safepoint region
[91.775s][info][safepoint] Total time for which application threads were stopped: 0.0043499 seconds, Stopping threads took: 0.0004003 seconds
[92.202s][info][safepoint] Application time: 0.4260508 seconds
[92.203s][info][safepoint] Entering safepoint region: GenCollectForAllocation
[92.206s][info][gc       ] GC(180) Pause Young (Allocation Failure) 2599M->1734M(5011M) 2.800ms
[92.207s][info][safepoint] Leaving safepoint region
[92.208s][info][safepoint] Total time for which application threads were stopped: 0.0051399 seconds, Stopping threads took: 0.0007170 seconds
[92.625s][info][safepoint] Application time: 0.4167949 seconds
[92.626s][info][safepoint] Entering safepoint region: GenCollectForAllocation
[92.629s][info][gc       ] GC(181) Pause Young (Allocation Failure) 2599M->1734M(5011M) 2.636ms
[92.630s][info][safepoint] Leaving safepoint region
[92.630s][info][safepoint] Total time for which application threads were stopped: 0.0043910 seconds, Stopping threads took: 0.0009772 seconds
[93.058s][info][safepoint] Application time: 0.4273505 seconds
[93.059s][info][safepoint] Entering safepoint region: GenCollectForAllocation
[93.062s][info][gc       ] GC(182) Pause Young (Allocation Failure) 2599M->1734M(5011M) 2.873ms
[93.063s][info][safepoint] Leaving safepoint region
[93.063s][info][safepoint] Total time for which application threads were stopped: 0.0044114 seconds, Stopping threads took: 0.0005401 seconds
[93.492s][info][safepoint] Application time: 0.4286776 seconds
[93.493s][info][safepoint] Entering safepoint region: GenCollectForAllocation
[93.496s][info][gc       ] GC(183) Pause Young (Allocation Failure) 2599M->1734M(5011M) 2.785ms
[93.496s][info][safepoint] Leaving safepoint region
[93.497s][info][safepoint] Total time for which application threads were stopped: 0.0042905 seconds, Stopping threads took: 0.0004891 seconds
[93.898s][info][safepoint] Application time: 0.4008757 seconds
[93.899s][info][safepoint] Entering safepoint region: GenCollectForAllocation
[93.902s][info][gc       ] GC(184) Pause Young (Allocation Failure) 2599M->1734M(5011M) 2.594ms
[93.903s][info][safepoint] Leaving safepoint region
[93.903s][info][safepoint] Total time for which application threads were stopped: 0.0039756 seconds, Stopping threads took: 0.0004148 seconds
[94.336s][info][safepoint] Application time: 0.4321790 seconds
[94.336s][info][safepoint] Entering safepoint region: GenCollectForAllocation
[94.347s][info][gc       ] GC(185) Pause Young (Allocation Failure) 2599M->1734M(5011M) 10.692ms
[94.348s][info][safepoint] Leaving safepoint region
[94.348s][info][safepoint] Total time for which application threads were stopped: 0.0118523 seconds, Stopping threads took: 0.0004643 seconds
[94.785s][info][safepoint] Application time: 0.4369259 seconds
[94.785s][info][safepoint] Entering safepoint region: GenCollectForAllocation
[94.789s][info][gc       ] GC(186) Pause Young (Allocation Failure) 2599M->1734M(5011M) 2.767ms
[94.789s][info][safepoint] Leaving safepoint region
[94.790s][info][safepoint] Total time for which application threads were stopped: 0.0040498 seconds, Stopping threads took: 0.0004361 seconds
[95.183s][info][safepoint] Application time: 0.3935324 seconds
[95.184s][info][safepoint] Entering safepoint region: GenCollectForAllocation
[95.187s][info][gc       ] GC(187) Pause Young (Allocation Failure) 2599M->1734M(5011M) 2.820ms
[95.187s][info][safepoint] Leaving safepoint region
[95.188s][info][safepoint] Total time for which application threads were stopped: 0.0038710 seconds, Stopping threads took: 0.0002620 seconds
[95.587s][info][safepoint] Application time: 0.3989904 seconds
[95.588s][info][safepoint] Entering safepoint region: GenCollectForAllocation
[95.590s][info][gc       ] GC(188) Pause Young (Allocation Failure) 2599M->1734M(5011M) 2.586ms
[95.591s][info][safepoint] Leaving safepoint region
[95.591s][info][safepoint] Total time for which application threads were stopped: 0.0034574 seconds, Stopping threads took: 0.0001935 seconds
[96.031s][info][safepoint] Application time: 0.4395283 seconds
[96.031s][info][safepoint] Entering safepoint region: GenCollectForAllocation
[96.040s][info][gc       ] GC(189) Pause Young (Allocation Failure) 2599M->1734M(5011M) 8.363ms
[96.040s][info][safepoint] Leaving safepoint region
[96.041s][info][safepoint] Total time for which application threads were stopped: 0.0092849 seconds, Stopping threads took: 0.0002433 seconds
[96.445s][info][safepoint] Application time: 0.4041415 seconds
[96.446s][info][safepoint] Entering safepoint region: GenCollectForAllocation
[96.449s][info][gc       ] GC(190) Pause Young (Allocation Failure) 2599M->1734M(5011M) 2.567ms
[96.449s][info][safepoint] Leaving safepoint region
[96.449s][info][safepoint] Total time for which application threads were stopped: 0.0033853 seconds, Stopping threads took: 0.0003093 seconds
[96.832s][info][safepoint] Application time: 0.3829716 seconds
[96.833s][info][safepoint] Entering safepoint region: GenCollectForAllocation
[96.837s][info][gc       ] GC(191) Pause Young (Allocation Failure) 2599M->1734M(5011M) 3.403ms
[96.837s][info][safepoint] Leaving safepoint region
[96.837s][info][safepoint] Total time for which application threads were stopped: 0.0046655 seconds, Stopping threads took: 0.0003928 seconds
[97.240s][info][safepoint] Application time: 0.4020771 seconds
[97.240s][info][safepoint] Entering safepoint region: GenCollectForAllocation
[97.243s][info][gc       ] GC(192) Pause Young (Allocation Failure) 2599M->1734M(5011M) 2.668ms
[97.243s][info][safepoint] Leaving safepoint region
[97.244s][info][safepoint] Total time for which application threads were stopped: 0.0035289 seconds, Stopping threads took: 0.0001391 seconds
[97.641s][info][safepoint] Application time: 0.3974723 seconds
[97.642s][info][safepoint] Entering safepoint region: GenCollectForAllocation
[97.645s][info][gc       ] GC(193) Pause Young (Allocation Failure) 2599M->1734M(5011M) 2.764ms
[97.645s][info][safepoint] Leaving safepoint region
[97.645s][info][safepoint] Total time for which application threads were stopped: 0.0037356 seconds, Stopping threads took: 0.0002601 seconds
[98.037s][info][safepoint] Application time: 0.3915401 seconds
[98.038s][info][safepoint] Entering safepoint region: GenCollectForAllocation
[98.041s][info][gc       ] GC(194) Pause Young (Allocation Failure) 2599M->1734M(5011M) 2.651ms
[98.041s][info][safepoint] Leaving safepoint region
[98.042s][info][safepoint] Total time for which application threads were stopped: 0.0040891 seconds, Stopping threads took: 0.0003193 seconds
[98.500s][info][safepoint] Application time: 0.4575460 seconds
[98.500s][info][safepoint] Entering safepoint region: GenCollectForAllocation
[98.503s][info][gc       ] GC(195) Pause Young (Allocation Failure) 2599M->1734M(5011M) 2.805ms
[98.504s][info][safepoint] Leaving safepoint region
[98.504s][info][safepoint] Total time for which application threads were stopped: 0.0042359 seconds, Stopping threads took: 0.0004238 seconds
[98.901s][info][safepoint] Application time: 0.3966010 seconds
[98.902s][info][safepoint] Entering safepoint region: GenCollectForAllocation
[98.905s][info][gc       ] GC(196) Pause Young (Allocation Failure) 2599M->1734M(5011M) 2.897ms
[98.905s][info][safepoint] Leaving safepoint region
[98.906s][info][safepoint] Total time for which application threads were stopped: 0.0038995 seconds, Stopping threads took: 0.0001854 seconds
[99.303s][info][safepoint] Application time: 0.3963910 seconds
[99.303s][info][safepoint] Entering safepoint region: GenCollectForAllocation
[99.307s][info][gc       ] GC(197) Pause Young (Allocation Failure) 2599M->1734M(5011M) 2.906ms
[99.307s][info][safepoint] Leaving safepoint region
[99.307s][info][safepoint] Total time for which application threads were stopped: 0.0042621 seconds, Stopping threads took: 0.0004486 seconds
[99.691s][info][safepoint] Application time: 0.3829096 seconds
[99.691s][info][safepoint] Entering safepoint region: GenCollectForAllocation
[99.694s][info][gc       ] GC(198) Pause Young (Allocation Failure) 2599M->1734M(5011M) 2.531ms
[99.695s][info][safepoint] Leaving safepoint region
[99.695s][info][safepoint] Total time for which application threads were stopped: 0.0036195 seconds, Stopping threads took: 0.0003079 seconds
[99.875s][info][safepoint] Application time: 0.1797063 seconds
[99.876s][info][safepoint] Entering safepoint region: GenCollectForAllocation
[100.499s][info][gc       ] GC(199) Pause Young (Allocation Failure) 2599M->2592M(5011M) 622.483ms
[100.499s][info][safepoint] Leaving safepoint region
[100.500s][info][safepoint] Total time for which application threads were stopped: 0.6237667 seconds, Stopping threads took: 0.0005880 seconds
[100.500s][info][safepoint] Application time: 0.0001501 seconds
[100.503s][info][safepoint] Entering safepoint region: CMS_Initial_Mark
[100.557s][info][gc       ] GC(200) Pause Initial Mark 2609M->2609M(5011M) 54.323ms
[100.558s][info][safepoint] Leaving safepoint region
[100.558s][info][safepoint] Total time for which application threads were stopped: 0.0581278 seconds, Stopping threads took: 0.0030158 seconds
[100.558s][info][gc       ] GC(200) Concurrent Mark
[100.729s][info][safepoint] Application time: 0.1710854 seconds
[100.730s][info][safepoint] Entering safepoint region: GenCollectForAllocation
[101.451s][info][gc       ] GC(201) Pause Young (Allocation Failure) 3406M->3471M(5011M) 720.320ms
[101.451s][info][safepoint] Leaving safepoint region
[101.451s][info][safepoint] Total time for which application threads were stopped: 0.7212316 seconds, Stopping threads took: 0.0002928 seconds
[101.686s][info][gc       ] GC(200) Concurrent Mark 1127.914ms
[101.687s][info][gc       ] GC(200) Concurrent Preclean
[101.970s][info][safepoint] Application time: 0.5184008 seconds
[101.970s][info][safepoint] Entering safepoint region: GenCollectForAllocation
[102.410s][info][gc       ] GC(200) Concurrent Preclean 722.819ms
[105.044s][info][gc       ] GC(203) Pause Full (Allocation Failure) 4336M->1734M(5011M) 3073.550ms
[105.045s][info][gc       ] GC(202) Pause Young (Allocation Failure) 4336M->1734M(5011M) 3074.288ms
[105.045s][info][safepoint] Leaving safepoint region
[105.046s][info][safepoint] Total time for which application threads were stopped: 3.0758338 seconds, Stopping threads took: 0.0003739 seconds
[105.469s][info][safepoint] Application time: 0.4223643 seconds
[105.469s][info][safepoint] Entering safepoint region: GenCollectForAllocation
[105.472s][info][gc       ] GC(204) Pause Young (Allocation Failure) 2599M->1744M(5011M) 2.633ms
[105.473s][info][safepoint] Leaving safepoint region
[105.473s][info][safepoint] Total time for which application threads were stopped: 0.0038367 seconds, Stopping threads took: 0.0004177 seconds
[105.862s][info][safepoint] Application time: 0.3884124 seconds
[105.863s][info][safepoint] Entering safepoint region: GenCollectForAllocation
[105.866s][info][gc       ] GC(205) Pause Young (Allocation Failure) 2609M->1736M(5011M) 2.651ms
[105.866s][info][safepoint] Leaving safepoint region
[105.866s][info][safepoint] Total time for which application threads were stopped: 0.0039063 seconds, Stopping threads took: 0.0005615 seconds
[106.259s][info][safepoint] Application time: 0.3919406 seconds
[106.259s][info][safepoint] Entering safepoint region: GenCollectForAllocation
[106.262s][info][gc       ] GC(206) Pause Young (Allocation Failure) 2602M->1734M(5011M) 2.497ms
[106.263s][info][safepoint] Leaving safepoint region
[106.263s][info][safepoint] Total time for which application threads were stopped: 0.0036499 seconds, Stopping threads took: 0.0002450 seconds
[106.646s][info][safepoint] Application time: 0.3829652 seconds
[106.646s][info][safepoint] Entering safepoint region: GenCollectForAllocation
[106.649s][info][gc       ] GC(207) Pause Young (Allocation Failure) 2600M->1734M(5011M) 2.570ms
[106.650s][info][safepoint] Leaving safepoint region
[106.650s][info][safepoint] Total time for which application threads were stopped: 0.0039886 seconds, Stopping threads took: 0.0003751 seconds
[107.045s][info][safepoint] Application time: 0.3941285 seconds
[107.046s][info][safepoint] Entering safepoint region: GenCollectForAllocation
[107.049s][info][gc       ] GC(208) Pause Young (Allocation Failure) 2599M->1734M(5011M) 2.753ms
[107.049s][info][safepoint] Leaving safepoint region
[107.049s][info][safepoint] Total time for which application threads were stopped: 0.0038150 seconds, Stopping threads took: 0.0004275 seconds
[107.453s][info][safepoint] Application time: 0.4029658 seconds
[107.453s][info][safepoint] Entering safepoint region: GenCollectForAllocation
[107.456s][info][gc       ] GC(209) Pause Young (Allocation Failure) 2599M->1734M(5011M) 2.605ms
[107.457s][info][safepoint] Leaving safepoint region
[107.457s][info][safepoint] Total time for which application threads were stopped: 0.0038287 seconds, Stopping threads took: 0.0003705 seconds
[107.880s][info][safepoint] Application time: 0.4229869 seconds
[107.881s][info][safepoint] Entering safepoint region: GenCollectForAllocation
[107.884s][info][gc       ] GC(210) Pause Young (Allocation Failure) 2599M->1734M(5011M) 3.110ms
[107.885s][info][safepoint] Leaving safepoint region
[107.886s][info][safepoint] Total time for which application threads were stopped: 0.0046247 seconds, Stopping threads took: 0.0003412 seconds
[108.300s][info][safepoint] Application time: 0.4140554 seconds
[108.301s][info][safepoint] Entering safepoint region: GenCollectForAllocation
[108.304s][info][gc       ] GC(211) Pause Young (Allocation Failure) 2599M->1734M(5011M) 2.537ms
[108.304s][info][safepoint] Leaving safepoint region
[108.305s][info][safepoint] Total time for which application threads were stopped: 0.0037369 seconds, Stopping threads took: 0.0002704 seconds
[108.703s][info][safepoint] Application time: 0.3975895 seconds
[108.703s][info][safepoint] Entering safepoint region: GenCollectForAllocation
[108.706s][info][gc       ] GC(212) Pause Young (Allocation Failure) 2599M->1734M(5011M) 2.473ms
[108.706s][info][safepoint] Leaving safepoint region
[108.707s][info][safepoint] Total time for which application threads were stopped: 0.0042535 seconds, Stopping threads took: 0.0003340 seconds
[109.106s][info][safepoint] Application time: 0.3981561 seconds
[109.107s][info][safepoint] Entering safepoint region: GenCollectForAllocation
[109.110s][info][gc       ] GC(213) Pause Young (Allocation Failure) 2599M->1734M(5011M) 2.725ms
[109.110s][info][safepoint] Leaving safepoint region
[109.110s][info][safepoint] Total time for which application threads were stopped: 0.0038727 seconds, Stopping threads took: 0.0004083 seconds
[109.523s][info][safepoint] Application time: 0.4125476 seconds
[109.523s][info][safepoint] Entering safepoint region: GenCollectForAllocation
[109.526s][info][gc       ] GC(214) Pause Young (Allocation Failure) 2599M->1734M(5011M) 2.564ms
[109.527s][info][safepoint] Leaving safepoint region
[109.527s][info][safepoint] Total time for which application threads were stopped: 0.0035411 seconds, Stopping threads took: 0.0003588 seconds
[109.928s][info][safepoint] Application time: 0.4009085 seconds
[109.929s][info][safepoint] Entering safepoint region: GenCollectForAllocation
[109.932s][info][gc       ] GC(215) Pause Young (Allocation Failure) 2599M->1734M(5011M) 2.665ms
[109.932s][info][safepoint] Leaving safepoint region
[109.932s][info][safepoint] Total time for which application threads were stopped: 0.0038045 seconds, Stopping threads took: 0.0003015 seconds
[110.329s][info][safepoint] Application time: 0.3957588 seconds
[110.329s][info][safepoint] Entering safepoint region: GenCollectForAllocation
[110.333s][info][gc       ] GC(216) Pause Young (Allocation Failure) 2599M->1734M(5011M) 2.684ms
[110.333s][info][safepoint] Leaving safepoint region
[110.334s][info][safepoint] Total time for which application threads were stopped: 0.0045857 seconds, Stopping threads took: 0.0006352 seconds
[110.721s][info][safepoint] Application time: 0.3866910 seconds
[110.722s][info][safepoint] Entering safepoint region: GenCollectForAllocation
[110.725s][info][gc       ] GC(217) Pause Young (Allocation Failure) 2599M->1734M(5011M) 2.838ms
[110.725s][info][safepoint] Leaving safepoint region
[110.725s][info][safepoint] Total time for which application threads were stopped: 0.0038183 seconds, Stopping threads took: 0.0002992 seconds
[111.160s][info][safepoint] Application time: 0.4347444 seconds
[111.161s][info][safepoint] Entering safepoint region: GenCollectForAllocation
[111.165s][info][gc       ] GC(218) Pause Young (Allocation Failure) 2599M->1734M(5011M) 3.559ms
[111.166s][info][safepoint] Leaving safepoint region
[111.166s][info][safepoint] Total time for which application threads were stopped: 0.0053296 seconds, Stopping threads took: 0.0006985 seconds
[111.559s][info][safepoint] Application time: 0.3919446 seconds
[111.560s][info][safepoint] Entering safepoint region: GenCollectForAllocation
[111.563s][info][gc       ] GC(219) Pause Young (Allocation Failure) 2599M->1734M(5011M) 3.110ms
[111.564s][info][safepoint] Leaving safepoint region
[111.564s][info][safepoint] Total time for which application threads were stopped: 0.0044422 seconds, Stopping threads took: 0.0003999 seconds
[111.960s][info][safepoint] Application time: 0.3953614 seconds
[111.961s][info][safepoint] Entering safepoint region: GenCollectForAllocation
[111.964s][info][gc       ] GC(220) Pause Young (Allocation Failure) 2599M->1734M(5011M) 2.660ms
[111.964s][info][safepoint] Leaving safepoint region
[111.965s][info][safepoint] Total time for which application threads were stopped: 0.0041027 seconds, Stopping threads took: 0.0003185 seconds
[112.362s][info][safepoint] Application time: 0.3971636 seconds
[112.363s][info][safepoint] Entering safepoint region: GenCollectForAllocation
[112.367s][info][gc       ] GC(221) Pause Young (Allocation Failure) 2599M->1734M(5011M) 3.327ms
[112.367s][info][safepoint] Leaving safepoint region
[112.368s][info][safepoint] Total time for which application threads were stopped: 0.0054161 seconds, Stopping threads took: 0.0004769 seconds
[112.784s][info][safepoint] Application time: 0.4152805 seconds
[112.785s][info][safepoint] Entering safepoint region: GenCollectForAllocation
[112.788s][info][gc       ] GC(222) Pause Young (Allocation Failure) 2599M->1734M(5011M) 2.611ms
[112.788s][info][safepoint] Leaving safepoint region
[112.789s][info][safepoint] Total time for which application threads were stopped: 0.0038727 seconds, Stopping threads took: 0.0004720 seconds
[113.175s][info][safepoint] Application time: 0.3861494 seconds
[113.176s][info][safepoint] Entering safepoint region: GenCollectForAllocation
[113.178s][info][gc       ] GC(223) Pause Young (Allocation Failure) 2599M->1734M(5011M) 2.619ms
[113.179s][info][safepoint] Leaving safepoint region
[113.179s][info][safepoint] Total time for which application threads were stopped: 0.0037637 seconds, Stopping threads took: 0.0001924 seconds
[113.589s][info][safepoint] Application time: 0.4092856 seconds
[113.590s][info][safepoint] Entering safepoint region: GenCollectForAllocation
[113.593s][info][gc       ] GC(224) Pause Young (Allocation Failure) 2599M->1734M(5011M) 2.666ms
[113.593s][info][safepoint] Leaving safepoint region
[113.594s][info][safepoint] Total time for which application threads were stopped: 0.0038735 seconds, Stopping threads took: 0.0004462 seconds
[114.012s][info][safepoint] Application time: 0.4179865 seconds
[114.013s][info][safepoint] Entering safepoint region: GenCollectForAllocation
[114.016s][info][gc       ] GC(225) Pause Young (Allocation Failure) 2599M->1734M(5011M) 2.527ms
[114.016s][info][safepoint] Leaving safepoint region
[114.017s][info][safepoint] Total time for which application threads were stopped: 0.0045009 seconds, Stopping threads took: 0.0005766 seconds
[114.415s][info][safepoint] Application time: 0.3974496 seconds
[114.416s][info][safepoint] Entering safepoint region: GenCollectForAllocation
[114.419s][info][gc       ] GC(226) Pause Young (Allocation Failure) 2599M->1734M(5011M) 2.522ms
[114.419s][info][safepoint] Leaving safepoint region
[114.419s][info][safepoint] Total time for which application threads were stopped: 0.0037665 seconds, Stopping threads took: 0.0003421 seconds
[114.817s][info][safepoint] Application time: 0.3974228 seconds
[114.818s][info][safepoint] Entering safepoint region: GenCollectForAllocation
[114.821s][info][gc       ] GC(227) Pause Young (Allocation Failure) 2599M->1734M(5011M) 2.738ms
[114.821s][info][safepoint] Leaving safepoint region
[114.822s][info][safepoint] Total time for which application threads were stopped: 0.0041999 seconds, Stopping threads took: 0.0002829 seconds
[115.226s][info][safepoint] Application time: 0.4036238 seconds
[115.227s][info][safepoint] Entering safepoint region: GenCollectForAllocation
[115.230s][info][gc       ] GC(228) Pause Young (Allocation Failure) 2599M->1734M(5011M) 2.823ms
[115.231s][info][safepoint] Leaving safepoint region
[115.231s][info][safepoint] Total time for which application threads were stopped: 0.0044558 seconds, Stopping threads took: 0.0005833 seconds
[115.644s][info][safepoint] Application time: 0.4127905 seconds
[115.645s][info][safepoint] Entering safepoint region: GenCollectForAllocation
[115.648s][info][gc       ] GC(229) Pause Young (Allocation Failure) 2599M->1734M(5011M) 2.585ms
[115.648s][info][safepoint] Leaving safepoint region
[115.648s][info][safepoint] Total time for which application threads were stopped: 0.0034660 seconds, Stopping threads took: 0.0003528 seconds
[116.099s][info][safepoint] Application time: 0.4502677 seconds
[116.099s][info][safepoint] Entering safepoint region: GenCollectForAllocation
[116.102s][info][gc       ] GC(230) Pause Young (Allocation Failure) 2599M->1734M(5011M) 2.625ms
[116.103s][info][safepoint] Leaving safepoint region
[116.103s][info][safepoint] Total time for which application threads were stopped: 0.0038353 seconds, Stopping threads took: 0.0003757 seconds
[116.497s][info][safepoint] Application time: 0.3940256 seconds
[116.498s][info][safepoint] Entering safepoint region: GenCollectForAllocation
[116.501s][info][gc       ] GC(231) Pause Young (Allocation Failure) 2599M->1734M(5011M) 2.858ms
[116.502s][info][safepoint] Leaving safepoint region
[116.502s][info][safepoint] Total time for which application threads were stopped: 0.0040774 seconds, Stopping threads took: 0.0003541 seconds
[116.906s][info][safepoint] Application time: 0.4040529 seconds
[116.907s][info][safepoint] Entering safepoint region: GenCollectForAllocation
[116.910s][info][gc       ] GC(232) Pause Young (Allocation Failure) 2599M->1734M(5011M) 2.626ms
[116.911s][info][safepoint] Leaving safepoint region
[116.911s][info][safepoint] Total time for which application threads were stopped: 0.0040452 seconds, Stopping threads took: 0.0003450 seconds
[117.305s][info][safepoint] Application time: 0.3933047 seconds
[117.305s][info][safepoint] Entering safepoint region: GenCollectForAllocation
[117.309s][info][gc       ] GC(233) Pause Young (Allocation Failure) 2599M->1734M(5011M) 3.417ms
[117.310s][info][safepoint] Leaving safepoint region
[117.310s][info][safepoint] Total time for which application threads were stopped: 0.0049524 seconds, Stopping threads took: 0.0003660 seconds
[117.699s][info][safepoint] Application time: 0.3881484 seconds
[117.699s][info][safepoint] Entering safepoint region: GenCollectForAllocation
[117.702s][info][gc       ] GC(234) Pause Young (Allocation Failure) 2599M->1734M(5011M) 2.796ms
[117.703s][info][safepoint] Leaving safepoint region
[117.703s][info][safepoint] Total time for which application threads were stopped: 0.0041136 seconds, Stopping threads took: 0.0003397 seconds
[118.098s][info][safepoint] Application time: 0.3944688 seconds
[118.099s][info][safepoint] Entering safepoint region: GenCollectForAllocation
[118.102s][info][gc       ] GC(235) Pause Young (Allocation Failure) 2599M->1734M(5011M) 2.807ms
[118.103s][info][safepoint] Leaving safepoint region
[118.104s][info][safepoint] Total time for which application threads were stopped: 0.0046696 seconds, Stopping threads took: 0.0005316 seconds
[118.523s][info][safepoint] Application time: 0.4186868 seconds
[118.523s][info][safepoint] Entering safepoint region: GenCollectForAllocation
[118.526s][info][gc       ] GC(236) Pause Young (Allocation Failure) 2599M->1734M(5011M) 2.555ms
[118.527s][info][safepoint] Leaving safepoint region
[118.527s][info][safepoint] Total time for which application threads were stopped: 0.0038516 seconds, Stopping threads took: 0.0002796 seconds
[118.909s][info][safepoint] Application time: 0.3814148 seconds
[118.910s][info][safepoint] Entering safepoint region: GenCollectForAllocation
[118.913s][info][gc       ] GC(237) Pause Young (Allocation Failure) 2599M->1734M(5011M) 2.851ms
[118.914s][info][safepoint] Leaving safepoint region
[118.914s][info][safepoint] Total time for which application threads were stopped: 0.0043272 seconds, Stopping threads took: 0.0003804 seconds
[119.346s][info][safepoint] Application time: 0.4314443 seconds
[119.346s][info][safepoint] Entering safepoint region: GenCollectForAllocation
[119.350s][info][gc       ] GC(238) Pause Young (Allocation Failure) 2599M->1734M(5011M) 2.855ms
[119.350s][info][safepoint] Leaving safepoint region
[119.351s][info][safepoint] Total time for which application threads were stopped: 0.0045820 seconds, Stopping threads took: 0.0006789 seconds
[119.517s][info][safepoint] Application time: 0.1656309 seconds
[119.517s][info][safepoint] Entering safepoint region: GenCollectForAllocation
[120.092s][info][gc       ] GC(239) Pause Young (Allocation Failure) 2599M->2599M(5011M) 573.970ms
[120.092s][info][safepoint] Leaving safepoint region
[120.093s][info][safepoint] Total time for which application threads were stopped: 0.5752591 seconds, Stopping threads took: 0.0004972 seconds
[120.093s][info][safepoint] Application time: 0.0001372 seconds
[120.096s][info][safepoint] Entering safepoint region: CMS_Initial_Mark
[120.154s][info][gc       ] GC(240) Pause Initial Mark 2633M->2633M(5011M) 57.669ms
[120.155s][info][safepoint] Leaving safepoint region
[120.155s][info][safepoint] Total time for which application threads were stopped: 0.0616568 seconds, Stopping threads took: 0.0030749 seconds
[120.155s][info][gc       ] GC(240) Concurrent Mark
[120.380s][info][gc       ] GC(240) Concurrent Mark 224.892ms
[120.381s][info][gc       ] GC(240) Concurrent Preclean
[120.385s][info][gc       ] GC(240) Concurrent Preclean 4.617ms
[120.385s][info][safepoint] Application time: 0.2301339 seconds
[120.386s][info][safepoint] Entering safepoint region: GenCollectForAllocation
[121.093s][info][gc       ] GC(241) Pause Young (Allocation Failure) 3413M->3470M(5011M) 706.845ms
[121.093s][info][safepoint] Leaving safepoint region
[121.094s][info][safepoint] Total time for which application threads were stopped: 0.7080270 seconds, Stopping threads took: 0.0003164 seconds
[121.094s][info][gc       ] GC(240) Concurrent Abortable Preclean
[121.565s][info][safepoint] Application time: 0.4712733 seconds
[121.566s][info][safepoint] Entering safepoint region: GenCollectForAllocation
[122.036s][info][gc       ] GC(240) Concurrent Abortable Preclean 941.887ms
[124.643s][info][gc       ] GC(243) Pause Full (Allocation Failure) 4336M->1734M(5011M) 3076.607ms
[124.644s][info][gc       ] GC(242) Pause Young (Allocation Failure) 4336M->1734M(5011M) 3077.541ms
[124.644s][info][safepoint] Leaving safepoint region
[124.645s][info][safepoint] Total time for which application threads were stopped: 3.0792721 seconds, Stopping threads took: 0.0002875 seconds
[125.062s][info][safepoint] Application time: 0.4158358 seconds
[125.062s][info][safepoint] Entering safepoint region: GenCollectForAllocation
[125.065s][info][gc       ] GC(244) Pause Young (Allocation Failure) 2599M->1751M(5011M) 2.780ms
[125.065s][info][safepoint] Leaving safepoint region
[125.066s][info][safepoint] Total time for which application threads were stopped: 0.0036631 seconds, Stopping threads took: 0.0002683 seconds
[125.454s][info][safepoint] Application time: 0.3880710 seconds
[125.454s][info][safepoint] Entering safepoint region: GenCollectForAllocation
[125.458s][info][gc       ] GC(245) Pause Young (Allocation Failure) 2616M->1736M(5011M) 2.833ms
[125.458s][info][safepoint] Leaving safepoint region
[125.459s][info][safepoint] Total time for which application threads were stopped: 0.0041358 seconds, Stopping threads took: 0.0003432 seconds
[125.867s][info][safepoint] Application time: 0.4081329 seconds
[125.868s][info][safepoint] Entering safepoint region: GenCollectForAllocation
[125.871s][info][gc       ] GC(246) Pause Young (Allocation Failure) 2602M->1734M(5011M) 2.806ms
[125.872s][info][safepoint] Leaving safepoint region
[125.872s][info][safepoint] Total time for which application threads were stopped: 0.0045310 seconds, Stopping threads took: 0.0005023 seconds
[126.266s][info][safepoint] Application time: 0.3935500 seconds
[126.267s][info][safepoint] Entering safepoint region: GenCollectForAllocation
[126.270s][info][gc       ] GC(247) Pause Young (Allocation Failure) 2600M->1734M(5011M) 2.588ms
[126.270s][info][safepoint] Leaving safepoint region
[126.271s][info][safepoint] Total time for which application threads were stopped: 0.0038836 seconds, Stopping threads took: 0.0003930 seconds
[126.714s][info][safepoint] Application time: 0.4426298 seconds
[126.714s][info][safepoint] Entering safepoint region: GenCollectForAllocation
[126.717s][info][gc       ] GC(248) Pause Young (Allocation Failure) 2599M->1734M(5011M) 2.782ms
[126.718s][info][safepoint] Leaving safepoint region
[126.718s][info][safepoint] Total time for which application threads were stopped: 0.0039105 seconds, Stopping threads took: 0.0003064 seconds
[127.123s][info][safepoint] Application time: 0.4048019 seconds
[127.124s][info][safepoint] Entering safepoint region: GenCollectForAllocation
[127.127s][info][gc       ] GC(249) Pause Young (Allocation Failure) 2599M->1734M(5011M) 2.929ms
[127.128s][info][safepoint] Leaving safepoint region
[127.129s][info][safepoint] Total time for which application threads were stopped: 0.0049025 seconds, Stopping threads took: 0.0003085 seconds
[127.523s][info][safepoint] Application time: 0.3932852 seconds
[127.523s][info][safepoint] Entering safepoint region: GenCollectForAllocation
[127.526s][info][gc       ] GC(250) Pause Young (Allocation Failure) 2599M->1734M(5011M) 2.671ms
[127.527s][info][safepoint] Leaving safepoint region
[127.527s][info][safepoint] Total time for which application threads were stopped: 0.0036745 seconds, Stopping threads took: 0.0003086 seconds
[127.950s][info][safepoint] Application time: 0.4224559 seconds
[127.950s][info][safepoint] Entering safepoint region: GenCollectForAllocation
[127.953s][info][gc       ] GC(251) Pause Young (Allocation Failure) 2599M->1734M(5011M) 2.702ms
[127.953s][info][safepoint] Leaving safepoint region
[127.954s][info][safepoint] Total time for which application threads were stopped: 0.0037424 seconds, Stopping threads took: 0.0003287 seconds
[128.378s][info][safepoint] Application time: 0.4246950 seconds
[128.379s][info][safepoint] Entering safepoint region: GenCollectForAllocation
[128.382s][info][gc       ] GC(252) Pause Young (Allocation Failure) 2599M->1734M(5011M) 2.593ms
[128.383s][info][safepoint] Leaving safepoint region
[128.383s][info][safepoint] Total time for which application threads were stopped: 0.0042766 seconds, Stopping threads took: 0.0005007 seconds
[128.807s][info][safepoint] Application time: 0.4227594 seconds
[128.807s][info][safepoint] Entering safepoint region: GenCollectForAllocation
[128.810s][info][gc       ] GC(253) Pause Young (Allocation Failure) 2599M->1734M(5011M) 2.721ms
[128.810s][info][safepoint] Leaving safepoint region
[128.811s][info][safepoint] Total time for which application threads were stopped: 0.0038368 seconds, Stopping threads took: 0.0003645 seconds
[129.240s][info][safepoint] Application time: 0.4291744 seconds
[129.241s][info][safepoint] Entering safepoint region: GenCollectForAllocation
[129.244s][info][gc       ] GC(254) Pause Young (Allocation Failure) 2599M->1734M(5011M) 2.487ms
[129.244s][info][safepoint] Leaving safepoint region
[129.244s][info][safepoint] Total time for which application threads were stopped: 0.0033841 seconds, Stopping threads took: 0.0001691 seconds
[129.672s][info][safepoint] Application time: 0.4268817 seconds
[129.672s][info][safepoint] Entering safepoint region: GenCollectForAllocation
[129.675s][info][gc       ] GC(255) Pause Young (Allocation Failure) 2599M->1734M(5011M) 2.746ms
[129.676s][info][safepoint] Leaving safepoint region
[129.676s][info][safepoint] Total time for which application threads were stopped: 0.0041490 seconds, Stopping threads took: 0.0002346 seconds
[130.075s][info][safepoint] Application time: 0.3982161 seconds
[130.076s][info][safepoint] Entering safepoint region: GenCollectForAllocation
[130.078s][info][gc       ] GC(256) Pause Young (Allocation Failure) 2599M->1734M(5011M) 2.286ms
[130.078s][info][safepoint] Leaving safepoint region
[130.079s][info][safepoint] Total time for which application threads were stopped: 0.0031318 seconds, Stopping threads took: 0.0001796 seconds
[130.484s][info][safepoint] Application time: 0.4053576 seconds
[130.485s][info][safepoint] Entering safepoint region: GenCollectForAllocation
[130.488s][info][gc       ] GC(257) Pause Young (Allocation Failure) 2599M->1734M(5011M) 2.564ms
[130.488s][info][safepoint] Leaving safepoint region
[130.489s][info][safepoint] Total time for which application threads were stopped: 0.0044261 seconds, Stopping threads took: 0.0003540 seconds
[130.930s][info][safepoint] Application time: 0.4399217 seconds
[130.930s][info][safepoint] Entering safepoint region: GenCollectForAllocation
[130.934s][info][gc       ] GC(258) Pause Young (Allocation Failure) 2599M->1734M(5011M) 2.597ms
[130.934s][info][safepoint] Leaving safepoint region
[130.935s][info][safepoint] Total time for which application threads were stopped: 0.0044107 seconds, Stopping threads took: 0.0005908 seconds
[131.329s][info][safepoint] Application time: 0.3939862 seconds
[131.330s][info][safepoint] Entering safepoint region: GenCollectForAllocation
[131.333s][info][gc       ] GC(259) Pause Young (Allocation Failure) 2599M->1734M(5011M) 2.418ms
[131.333s][info][safepoint] Leaving safepoint region
[131.333s][info][safepoint] Total time for which application threads were stopped: 0.0034453 seconds, Stopping threads took: 0.0003646 seconds
[131.780s][info][safepoint] Application time: 0.4461282 seconds
[131.780s][info][safepoint] Entering safepoint region: GenCollectForAllocation
[131.784s][info][gc       ] GC(260) Pause Young (Allocation Failure) 2599M->1734M(5011M) 2.781ms
[131.784s][info][safepoint] Leaving safepoint region
[131.785s][info][safepoint] Total time for which application threads were stopped: 0.0044895 seconds, Stopping threads took: 0.0005556 seconds
[132.181s][info][safepoint] Application time: 0.3958704 seconds
[132.181s][info][safepoint] Entering safepoint region: GenCollectForAllocation
[132.184s][info][gc       ] GC(261) Pause Young (Allocation Failure) 2599M->1734M(5011M) 2.634ms
[132.185s][info][safepoint] Leaving safepoint region
[132.186s][info][safepoint] Total time for which application threads were stopped: 0.0040610 seconds, Stopping threads took: 0.0002992 seconds
[132.575s][info][safepoint] Application time: 0.3888392 seconds
[132.575s][info][safepoint] Entering safepoint region: GenCollectForAllocation
[132.578s][info][gc       ] GC(262) Pause Young (Allocation Failure) 2599M->1734M(5011M) 2.495ms
[132.578s][info][safepoint] Leaving safepoint region
[132.579s][info][safepoint] Total time for which application threads were stopped: 0.0035149 seconds, Stopping threads took: 0.0003963 seconds
[132.992s][info][safepoint] Application time: 0.4134029 seconds
[132.993s][info][safepoint] Entering safepoint region: GenCollectForAllocation
[132.996s][info][gc       ] GC(263) Pause Young (Allocation Failure) 2599M->1734M(5011M) 2.600ms
[132.997s][info][safepoint] Leaving safepoint region
[132.997s][info][safepoint] Total time for which application threads were stopped: 0.0040368 seconds, Stopping threads took: 0.0004353 seconds
[133.397s][info][safepoint] Application time: 0.3993125 seconds
[133.397s][info][safepoint] Entering safepoint region: GenCollectForAllocation
[133.400s][info][gc       ] GC(264) Pause Young (Allocation Failure) 2599M->1734M(5011M) 2.313ms
[133.401s][info][safepoint] Leaving safepoint region
[133.401s][info][safepoint] Total time for which application threads were stopped: 0.0035984 seconds, Stopping threads took: 0.0003562 seconds
[133.803s][info][safepoint] Application time: 0.4016312 seconds
[133.804s][info][safepoint] Entering safepoint region: GenCollectForAllocation
[133.807s][info][gc       ] GC(265) Pause Young (Allocation Failure) 2599M->1734M(5011M) 2.797ms
[133.808s][info][safepoint] Leaving safepoint region
[133.808s][info][safepoint] Total time for which application threads were stopped: 0.0044022 seconds, Stopping threads took: 0.0004553 seconds
[134.207s][info][safepoint] Application time: 0.3986927 seconds
[134.208s][info][safepoint] Entering safepoint region: GenCollectForAllocation
[134.211s][info][gc       ] GC(266) Pause Young (Allocation Failure) 2599M->1734M(5011M) 2.616ms
[134.212s][info][safepoint] Leaving safepoint region
[134.212s][info][safepoint] Total time for which application threads were stopped: 0.0042136 seconds, Stopping threads took: 0.0003901 seconds
[134.611s][info][safepoint] Application time: 0.3982919 seconds
[134.611s][info][safepoint] Entering safepoint region: GenCollectForAllocation
[134.614s][info][gc       ] GC(267) Pause Young (Allocation Failure) 2599M->1734M(5011M) 2.493ms
[134.615s][info][safepoint] Leaving safepoint region
[134.615s][info][safepoint] Total time for which application threads were stopped: 0.0040635 seconds, Stopping threads took: 0.0004731 seconds
[135.018s][info][safepoint] Application time: 0.4025084 seconds
[135.019s][info][safepoint] Entering safepoint region: GenCollectForAllocation
[135.022s][info][gc       ] GC(268) Pause Young (Allocation Failure) 2599M->1734M(5011M) 2.442ms
[135.022s][info][safepoint] Leaving safepoint region
[135.023s][info][safepoint] Total time for which application threads were stopped: 0.0039469 seconds, Stopping threads took: 0.0004453 seconds
[135.436s][info][safepoint] Application time: 0.4133948 seconds
[135.437s][info][safepoint] Entering safepoint region: GenCollectForAllocation
[135.440s][info][gc       ] GC(269) Pause Young (Allocation Failure) 2599M->1734M(5011M) 2.658ms
[135.441s][info][safepoint] Leaving safepoint region
[135.442s][info][safepoint] Total time for which application threads were stopped: 0.0046297 seconds, Stopping threads took: 0.0005287 seconds
[135.847s][info][safepoint] Application time: 0.4051508 seconds
[135.848s][info][safepoint] Entering safepoint region: GenCollectForAllocation
[135.851s][info][gc       ] GC(270) Pause Young (Allocation Failure) 2599M->1734M(5011M) 3.019ms
[135.852s][info][safepoint] Leaving safepoint region
[135.852s][info][safepoint] Total time for which application threads were stopped: 0.0041879 seconds, Stopping threads took: 0.0001870 seconds
[136.264s][info][safepoint] Application time: 0.4121582 seconds
[136.265s][info][safepoint] Entering safepoint region: GenCollectForAllocation
[136.268s][info][gc       ] GC(271) Pause Young (Allocation Failure) 2599M->1734M(5011M) 2.680ms
[136.269s][info][safepoint] Leaving safepoint region
[136.269s][info][safepoint] Total time for which application threads were stopped: 0.0042430 seconds, Stopping threads took: 0.0004950 seconds
[136.692s][info][safepoint] Application time: 0.4222998 seconds
[136.693s][info][safepoint] Entering safepoint region: GenCollectForAllocation
[136.696s][info][gc       ] GC(272) Pause Young (Allocation Failure) 2599M->1734M(5011M) 2.666ms
[136.696s][info][safepoint] Leaving safepoint region
[136.696s][info][safepoint] Total time for which application threads were stopped: 0.0035740 seconds, Stopping threads took: 0.0001463 seconds
[137.115s][info][safepoint] Application time: 0.4180858 seconds
[137.116s][info][safepoint] Entering safepoint region: GenCollectForAllocation
[137.118s][info][gc       ] GC(273) Pause Young (Allocation Failure) 2599M->1734M(5011M) 2.353ms
[137.119s][info][safepoint] Leaving safepoint region
[137.120s][info][safepoint] Total time for which application threads were stopped: 0.0038741 seconds, Stopping threads took: 0.0004053 seconds
[137.538s][info][safepoint] Application time: 0.4179733 seconds
[137.538s][info][safepoint] Entering safepoint region: GenCollectForAllocation
[137.542s][info][gc       ] GC(274) Pause Young (Allocation Failure) 2599M->1734M(5011M) 2.285ms
[137.542s][info][safepoint] Leaving safepoint region
[137.543s][info][safepoint] Total time for which application threads were stopped: 0.0042790 seconds, Stopping threads took: 0.0008153 seconds
[137.977s][info][safepoint] Application time: 0.4342275 seconds
[137.978s][info][safepoint] Entering safepoint region: GenCollectForAllocation
[137.981s][info][gc       ] GC(275) Pause Young (Allocation Failure) 2599M->1734M(5011M) 2.549ms
[137.982s][info][safepoint] Leaving safepoint region
[137.982s][info][safepoint] Total time for which application threads were stopped: 0.0041146 seconds, Stopping threads took: 0.0004592 seconds
[138.389s][info][safepoint] Application time: 0.4062120 seconds
[138.389s][info][safepoint] Entering safepoint region: GenCollectForAllocation
[138.394s][info][gc       ] GC(276) Pause Young (Allocation Failure) 2599M->1734M(5011M) 4.819ms
[138.395s][info][safepoint] Leaving safepoint region
[138.395s][info][safepoint] Total time for which application threads were stopped: 0.0062635 seconds, Stopping threads took: 0.0004697 seconds
[138.840s][info][safepoint] Application time: 0.4444739 seconds
[138.840s][info][safepoint] Entering safepoint region: GenCollectForAllocation
[138.843s][info][gc       ] GC(277) Pause Young (Allocation Failure) 2599M->1734M(5011M) 2.390ms
[138.843s][info][safepoint] Leaving safepoint region
[138.844s][info][safepoint] Total time for which application threads were stopped: 0.0032354 seconds, Stopping threads took: 0.0002429 seconds
[139.253s][info][safepoint] Application time: 0.4090902 seconds
[139.254s][info][safepoint] Entering safepoint region: GenCollectForAllocation
[139.257s][info][gc       ] GC(278) Pause Young (Allocation Failure) 2599M->1734M(5011M) 2.395ms
[139.257s][info][safepoint] Leaving safepoint region
[139.257s][info][safepoint] Total time for which application threads were stopped: 0.0037640 seconds, Stopping threads took: 0.0004976 seconds
[139.433s][info][safepoint] Application time: 0.1756146 seconds
[139.434s][info][safepoint] Entering safepoint region: GenCollectForAllocation
[140.013s][info][gc       ] GC(279) Pause Young (Allocation Failure) 2599M->2599M(5011M) 578.801ms
[140.014s][info][safepoint] Leaving safepoint region
[140.014s][info][safepoint] Total time for which application threads were stopped: 0.5798884 seconds, Stopping threads took: 0.0002883 seconds
[140.014s][info][safepoint] Application time: 0.0001588 seconds
[140.017s][info][safepoint] Entering safepoint region: CMS_Initial_Mark
[140.077s][info][gc       ] GC(280) Pause Initial Mark 2633M->2633M(5011M) 59.594ms
[140.078s][info][safepoint] Leaving safepoint region
[140.078s][info][safepoint] Total time for which application threads were stopped: 0.0637012 seconds, Stopping threads took: 0.0030263 seconds
[140.079s][info][gc       ] GC(280) Concurrent Mark
[140.257s][info][safepoint] Application time: 0.1782407 seconds
[140.258s][info][safepoint] Entering safepoint region: GenCollectForAllocation
[140.970s][info][gc       ] GC(281) Pause Young (Allocation Failure) 3413M->3470M(5011M) 712.093ms
[140.971s][info][safepoint] Leaving safepoint region
[140.971s][info][safepoint] Total time for which application threads were stopped: 0.7135738 seconds, Stopping threads took: 0.0004721 seconds
[141.233s][info][gc       ] GC(280) Concurrent Mark 1154.595ms
[141.234s][info][gc       ] GC(280) Concurrent Preclean
[141.419s][info][safepoint] Application time: 0.4471536 seconds
[141.419s][info][safepoint] Entering safepoint region: GenCollectForAllocation
[141.881s][info][gc       ] GC(280) Concurrent Preclean 647.248ms
[144.472s][info][gc       ] GC(283) Pause Full (Allocation Failure) 4336M->1734M(5011M) 3052.147ms
[144.472s][info][gc       ] GC(282) Pause Young (Allocation Failure) 4336M->1734M(5011M) 3052.744ms
[144.473s][info][safepoint] Leaving safepoint region
[144.473s][info][safepoint] Total time for which application threads were stopped: 3.0540013 seconds, Stopping threads took: 0.0005015 seconds
[144.875s][info][safepoint] Application time: 0.4018685 seconds
[144.876s][info][safepoint] Entering safepoint region: GenCollectForAllocation
[144.879s][info][gc       ] GC(284) Pause Young (Allocation Failure) 2599M->1747M(5011M) 2.805ms
[144.879s][info][safepoint] Leaving safepoint region
[144.880s][info][safepoint] Total time for which application threads were stopped: 0.0036609 seconds, Stopping threads took: 0.0001411 seconds
[145.276s][info][safepoint] Application time: 0.3958470 seconds
[145.276s][info][safepoint] Entering safepoint region: GenCollectForAllocation
[145.279s][info][gc       ] GC(285) Pause Young (Allocation Failure) 2613M->1738M(5011M) 2.880ms
[145.280s][info][safepoint] Leaving safepoint region
[145.280s][info][safepoint] Total time for which application threads were stopped: 0.0038319 seconds, Stopping threads took: 0.0002733 seconds
[145.696s][info][safepoint] Application time: 0.4158736 seconds
[145.697s][info][safepoint] Entering safepoint region: GenCollectForAllocation
[145.701s][info][gc       ] GC(286) Pause Young (Allocation Failure) 2603M->1734M(5011M) 3.436ms
[145.701s][info][safepoint] Leaving safepoint region
[145.701s][info][safepoint] Total time for which application threads were stopped: 0.0043953 seconds, Stopping threads took: 0.0002435 seconds
[146.109s][info][safepoint] Application time: 0.4078794 seconds
[146.110s][info][safepoint] Entering safepoint region: GenCollectForAllocation
[146.113s][info][gc       ] GC(287) Pause Young (Allocation Failure) 2600M->1734M(5011M) 2.835ms
[146.114s][info][safepoint] Leaving safepoint region
[146.114s][info][safepoint] Total time for which application threads were stopped: 0.0041739 seconds, Stopping threads took: 0.0003942 seconds
[146.510s][info][safepoint] Application time: 0.3948443 seconds
[146.510s][info][safepoint] Entering safepoint region: GenCollectForAllocation
[146.513s][info][gc       ] GC(288) Pause Young (Allocation Failure) 2599M->1734M(5011M) 2.745ms
[146.514s][info][safepoint] Leaving safepoint region
[146.514s][info][safepoint] Total time for which application threads were stopped: 0.0035542 seconds, Stopping threads took: 0.0001520 seconds
[146.910s][info][safepoint] Application time: 0.3962367 seconds
[146.911s][info][safepoint] Entering safepoint region: GenCollectForAllocation
[146.914s][info][gc       ] GC(289) Pause Young (Allocation Failure) 2599M->1734M(5011M) 2.954ms
[146.914s][info][safepoint] Leaving safepoint region
[146.915s][info][safepoint] Total time for which application threads were stopped: 0.0039674 seconds, Stopping threads took: 0.0002743 seconds
[147.319s][info][safepoint] Application time: 0.4037804 seconds
[147.319s][info][safepoint] Entering safepoint region: GenCollectForAllocation
[147.322s][info][gc       ] GC(290) Pause Young (Allocation Failure) 2599M->1734M(5011M) 2.561ms
[147.323s][info][safepoint] Leaving safepoint region
[147.323s][info][safepoint] Total time for which application threads were stopped: 0.0040318 seconds, Stopping threads took: 0.0004942 seconds
[147.715s][info][safepoint] Application time: 0.3915529 seconds
[147.716s][info][safepoint] Entering safepoint region: GenCollectForAllocation
[147.719s][info][gc       ] GC(291) Pause Young (Allocation Failure) 2599M->1734M(5011M) 2.523ms
[147.720s][info][safepoint] Leaving safepoint region
[147.720s][info][safepoint] Total time for which application threads were stopped: 0.0041599 seconds, Stopping threads took: 0.0004970 seconds
[148.145s][info][safepoint] Application time: 0.4239660 seconds
[148.145s][info][safepoint] Entering safepoint region: GenCollectForAllocation
[148.149s][info][gc       ] GC(292) Pause Young (Allocation Failure) 2599M->1734M(5011M) 2.989ms
[148.150s][info][safepoint] Leaving safepoint region
[148.150s][info][safepoint] Total time for which application threads were stopped: 0.0047963 seconds, Stopping threads took: 0.0006215 seconds
[148.566s][info][safepoint] Application time: 0.4150654 seconds
[148.567s][info][safepoint] Entering safepoint region: GenCollectForAllocation
[148.570s][info][gc       ] GC(293) Pause Young (Allocation Failure) 2599M->1734M(5011M) 2.702ms
[148.570s][info][safepoint] Leaving safepoint region
[148.570s][info][safepoint] Total time for which application threads were stopped: 0.0039100 seconds, Stopping threads took: 0.0003561 seconds
[148.966s][info][safepoint] Application time: 0.3948192 seconds
[148.966s][info][safepoint] Entering safepoint region: GenCollectForAllocation
[148.970s][info][gc       ] GC(294) Pause Young (Allocation Failure) 2599M->1734M(5011M) 2.754ms
[148.970s][info][safepoint] Leaving safepoint region
[148.970s][info][safepoint] Total time for which application threads were stopped: 0.0038926 seconds, Stopping threads took: 0.0004025 seconds
[149.391s][info][safepoint] Application time: 0.4202250 seconds
[149.391s][info][safepoint] Entering safepoint region: GenCollectForAllocation
[149.394s][info][gc       ] GC(295) Pause Young (Allocation Failure) 2599M->1734M(5011M) 2.684ms
[149.395s][info][safepoint] Leaving safepoint region
[149.395s][info][safepoint] Total time for which application threads were stopped: 0.0037454 seconds, Stopping threads took: 0.0003680 seconds
[149.798s][info][safepoint] Application time: 0.4026562 seconds
[149.798s][info][safepoint] Entering safepoint region: GenCollectForAllocation
[149.802s][info][gc       ] GC(296) Pause Young (Allocation Failure) 2599M->1734M(5011M) 2.889ms
[149.802s][info][safepoint] Leaving safepoint region
[149.803s][info][safepoint] Total time for which application threads were stopped: 0.0046921 seconds, Stopping threads took: 0.0003843 seconds
[150.229s][info][safepoint] Application time: 0.4247778 seconds
[150.229s][info][safepoint] Entering safepoint region: GenCollectForAllocation
[150.232s][info][gc       ] GC(297) Pause Young (Allocation Failure) 2599M->1734M(5011M) 2.634ms
[150.232s][info][safepoint] Leaving safepoint region
[150.233s][info][safepoint] Total time for which application threads were stopped: 0.0037758 seconds, Stopping threads took: 0.0004351 seconds
[150.645s][info][safepoint] Application time: 0.4115433 seconds
[150.645s][info][safepoint] Entering safepoint region: GenCollectForAllocation
[150.649s][info][gc       ] GC(298) Pause Young (Allocation Failure) 2599M->1734M(5011M) 2.986ms
[150.650s][info][safepoint] Leaving safepoint region
[150.650s][info][safepoint] Total time for which application threads were stopped: 0.0049962 seconds, Stopping threads took: 0.0006171 seconds
[151.061s][info][safepoint] Application time: 0.4097370 seconds
[151.061s][info][safepoint] Entering safepoint region: GenCollectForAllocation
[151.064s][info][gc       ] GC(299) Pause Young (Allocation Failure) 2599M->1734M(5011M) 2.829ms
[151.065s][info][safepoint] Leaving safepoint region
[151.065s][info][safepoint] Total time for which application threads were stopped: 0.0039553 seconds, Stopping threads took: 0.0004028 seconds
[151.497s][info][safepoint] Application time: 0.4315592 seconds
[151.497s][info][safepoint] Entering safepoint region: GenCollectForAllocation
[151.500s][info][gc       ] GC(300) Pause Young (Allocation Failure) 2599M->1734M(5011M) 2.729ms
[151.501s][info][safepoint] Leaving safepoint region
[151.501s][info][safepoint] Total time for which application threads were stopped: 0.0036794 seconds, Stopping threads took: 0.0002877 seconds
[151.927s][info][safepoint] Application time: 0.4260037 seconds
[151.928s][info][safepoint] Entering safepoint region: GenCollectForAllocation
[151.931s][info][gc       ] GC(301) Pause Young (Allocation Failure) 2599M->1734M(5011M) 2.747ms
[151.931s][info][safepoint] Leaving safepoint region
[151.932s][info][safepoint] Total time for which application threads were stopped: 0.0038431 seconds, Stopping threads took: 0.0003450 seconds
[152.341s][info][safepoint] Application time: 0.4092623 seconds
[152.342s][info][safepoint] Entering safepoint region: GenCollectForAllocation
[152.345s][info][gc       ] GC(302) Pause Young (Allocation Failure) 2599M->1734M(5011M) 2.515ms
[152.345s][info][safepoint] Leaving safepoint region
[152.346s][info][safepoint] Total time for which application threads were stopped: 0.0039606 seconds, Stopping threads took: 0.0003936 seconds
[152.749s][info][safepoint] Application time: 0.4029456 seconds
[152.750s][info][safepoint] Entering safepoint region: GenCollectForAllocation
[152.753s][info][gc       ] GC(303) Pause Young (Allocation Failure) 2599M->1734M(5011M) 2.694ms
[152.754s][info][safepoint] Leaving safepoint region
[152.754s][info][safepoint] Total time for which application threads were stopped: 0.0045962 seconds, Stopping threads took: 0.0006295 seconds
[153.219s][info][safepoint] Application time: 0.4636366 seconds
[153.219s][info][safepoint] Entering safepoint region: GenCollectForAllocation
[153.223s][info][gc       ] GC(304) Pause Young (Allocation Failure) 2599M->1734M(5011M) 2.691ms
[153.223s][info][safepoint] Leaving safepoint region
[153.224s][info][safepoint] Total time for which application threads were stopped: 0.0044709 seconds, Stopping threads took: 0.0006761 seconds
[153.634s][info][safepoint] Application time: 0.4096570 seconds
[153.635s][info][safepoint] Entering safepoint region: GenCollectForAllocation
[153.638s][info][gc       ] GC(305) Pause Young (Allocation Failure) 2599M->1734M(5011M) 2.889ms
[153.638s][info][safepoint] Leaving safepoint region
[153.639s][info][safepoint] Total time for which application threads were stopped: 0.0038365 seconds, Stopping threads took: 0.0001767 seconds
[154.053s][info][safepoint] Application time: 0.4141890 seconds
[154.054s][info][safepoint] Entering safepoint region: GenCollectForAllocation
[154.057s][info][gc       ] GC(306) Pause Young (Allocation Failure) 2599M->1734M(5011M) 2.744ms
[154.058s][info][safepoint] Leaving safepoint region
[154.058s][info][safepoint] Total time for which application threads were stopped: 0.0044315 seconds, Stopping threads took: 0.0005237 seconds
[154.482s][info][safepoint] Application time: 0.4235719 seconds
[154.483s][info][safepoint] Entering safepoint region: GenCollectForAllocation
[154.486s][info][gc       ] GC(307) Pause Young (Allocation Failure) 2599M->1734M(5011M) 2.604ms
[154.486s][info][safepoint] Leaving safepoint region
[154.486s][info][safepoint] Total time for which application threads were stopped: 0.0035263 seconds, Stopping threads took: 0.0001621 seconds
[154.885s][info][safepoint] Application time: 0.3982720 seconds
[154.886s][info][safepoint] Entering safepoint region: GenCollectForAllocation
[154.889s][info][gc       ] GC(308) Pause Young (Allocation Failure) 2599M->1734M(5011M) 2.846ms
[154.890s][info][safepoint] Leaving safepoint region
[154.890s][info][safepoint] Total time for which application threads were stopped: 0.0048820 seconds, Stopping threads took: 0.0007170 seconds
[155.295s][info][safepoint] Application time: 0.4035723 seconds
[155.295s][info][safepoint] Entering safepoint region: GenCollectForAllocation
[155.298s][info][gc       ] GC(309) Pause Young (Allocation Failure) 2599M->1734M(5011M) 2.423ms
[155.299s][info][safepoint] Leaving safepoint region
[155.299s][info][safepoint] Total time for which application threads were stopped: 0.0039062 seconds, Stopping threads took: 0.0003859 seconds
[155.710s][info][safepoint] Application time: 0.4102787 seconds
[155.710s][info][safepoint] Entering safepoint region: GenCollectForAllocation
[155.713s][info][gc       ] GC(310) Pause Young (Allocation Failure) 2599M->1734M(5011M) 2.813ms
[155.714s][info][safepoint] Leaving safepoint region
[155.714s][info][safepoint] Total time for which application threads were stopped: 0.0039968 seconds, Stopping threads took: 0.0004624 seconds
[156.117s][info][safepoint] Application time: 0.4026291 seconds
[156.118s][info][safepoint] Entering safepoint region: GenCollectForAllocation
[156.121s][info][gc       ] GC(311) Pause Young (Allocation Failure) 2599M->1734M(5011M) 2.669ms
[156.121s][info][safepoint] Leaving safepoint region
[156.122s][info][safepoint] Total time for which application threads were stopped: 0.0041392 seconds, Stopping threads took: 0.0004475 seconds
[156.536s][info][safepoint] Application time: 0.4141778 seconds
[156.537s][info][safepoint] Entering safepoint region: GenCollectForAllocation
[156.540s][info][gc       ] GC(312) Pause Young (Allocation Failure) 2599M->1734M(5011M) 3.195ms
[156.541s][info][safepoint] Leaving safepoint region
[156.541s][info][safepoint] Total time for which application threads were stopped: 0.0043695 seconds, Stopping threads took: 0.0004526 seconds
[156.955s][info][safepoint] Application time: 0.4129999 seconds
[156.955s][info][safepoint] Entering safepoint region: GenCollectForAllocation
[156.958s][info][gc       ] GC(313) Pause Young (Allocation Failure) 2599M->1734M(5011M) 2.670ms
[156.959s][info][safepoint] Leaving safepoint region
[156.959s][info][safepoint] Total time for which application threads were stopped: 0.0035243 seconds, Stopping threads took: 0.0001647 seconds
[157.390s][info][safepoint] Application time: 0.4309739 seconds
[157.390s][info][safepoint] Entering safepoint region: GenCollectForAllocation
[157.394s][info][gc       ] GC(314) Pause Young (Allocation Failure) 2599M->1734M(5011M) 2.707ms
[157.394s][info][safepoint] Leaving safepoint region
[157.394s][info][safepoint] Total time for which application threads were stopped: 0.0040891 seconds, Stopping threads took: 0.0004046 seconds
[157.810s][info][safepoint] Application time: 0.4153693 seconds
[157.812s][info][safepoint] Entering safepoint region: GenCollectForAllocation
[157.815s][info][gc       ] GC(315) Pause Young (Allocation Failure) 2599M->1734M(5011M) 2.783ms
[157.816s][info][safepoint] Leaving safepoint region
[157.816s][info][safepoint] Total time for which application threads were stopped: 0.0044330 seconds, Stopping threads took: 0.0005868 seconds
[158.218s][info][safepoint] Application time: 0.4018949 seconds
[158.219s][info][safepoint] Entering safepoint region: GenCollectForAllocation
[158.222s][info][gc       ] GC(316) Pause Young (Allocation Failure) 2599M->1734M(5011M) 2.395ms
[158.223s][info][safepoint] Leaving safepoint region
[158.223s][info][safepoint] Total time for which application threads were stopped: 0.0040895 seconds, Stopping threads took: 0.0005709 seconds
[158.612s][info][safepoint] Application time: 0.3881553 seconds
[158.612s][info][safepoint] Entering safepoint region: GenCollectForAllocation
[158.615s][info][gc       ] GC(317) Pause Young (Allocation Failure) 2599M->1734M(5011M) 2.798ms
[158.616s][info][safepoint] Leaving safepoint region
[158.616s][info][safepoint] Total time for which application threads were stopped: 0.0040853 seconds, Stopping threads took: 0.0003112 seconds
[159.003s][info][safepoint] Application time: 0.3858367 seconds
[159.003s][info][safepoint] Entering safepoint region: GenCollectForAllocation
[159.006s][info][gc       ] GC(318) Pause Young (Allocation Failure) 2599M->1734M(5011M) 2.702ms
[159.006s][info][safepoint] Leaving safepoint region
[159.007s][info][safepoint] Total time for which application threads were stopped: 0.0037726 seconds, Stopping threads took: 0.0003488 seconds
[159.176s][info][safepoint] Application time: 0.1688561 seconds
[159.176s][info][safepoint] Entering safepoint region: GenCollectForAllocation
[159.759s][info][gc       ] GC(319) Pause Young (Allocation Failure) 2599M->2599M(5011M) 582.281ms
[159.760s][info][safepoint] Leaving safepoint region
[159.760s][info][safepoint] Total time for which application threads were stopped: 0.5834585 seconds, Stopping threads took: 0.0003996 seconds
[159.760s][info][safepoint] Application time: 0.0001377 seconds
[159.763s][info][safepoint] Entering safepoint region: CMS_Initial_Mark
[159.818s][info][gc       ] GC(320) Pause Initial Mark 2633M->2633M(5011M) 54.459ms
[159.819s][info][safepoint] Leaving safepoint region
[159.819s][info][safepoint] Total time for which application threads were stopped: 0.0589438 seconds, Stopping threads took: 0.0031353 seconds
[159.820s][info][gc       ] GC(320) Concurrent Mark
[159.975s][info][safepoint] Application time: 0.1556280 seconds
[159.976s][info][safepoint] Entering safepoint region: GenCollectForAllocation
[160.692s][info][gc       ] GC(321) Pause Young (Allocation Failure) 3413M->3470M(5011M) 715.265ms
[160.692s][info][safepoint] Leaving safepoint region
[160.693s][info][safepoint] Total time for which application threads were stopped: 0.7165856 seconds, Stopping threads took: 0.0005065 seconds
[160.968s][info][gc       ] GC(320) Concurrent Mark 1147.491ms
[160.968s][info][gc       ] GC(320) Concurrent Preclean
[161.082s][info][safepoint] Application time: 0.3896123 seconds
[161.083s][info][safepoint] Entering safepoint region: GenCollectForAllocation
[161.579s][info][gc       ] GC(320) Concurrent Preclean 610.744ms
[164.226s][info][gc       ] GC(323) Pause Full (Allocation Failure) 4336M->1734M(5011M) 3141.969ms
[164.226s][info][gc       ] GC(322) Pause Young (Allocation Failure) 4336M->1734M(5011M) 3142.606ms
[164.226s][info][safepoint] Leaving safepoint region
[164.227s][info][safepoint] Total time for which application threads were stopped: 3.1437751 seconds, Stopping threads took: 0.0005117 seconds
[164.641s][info][safepoint] Application time: 0.4143266 seconds
[164.642s][info][safepoint] Entering safepoint region: GenCollectForAllocation
[164.645s][info][gc       ] GC(324) Pause Young (Allocation Failure) 2599M->1744M(5011M) 2.780ms
[164.646s][info][safepoint] Leaving safepoint region
[164.646s][info][safepoint] Total time for which application threads were stopped: 0.0042949 seconds, Stopping threads took: 0.0004666 seconds
[165.053s][info][safepoint] Application time: 0.4063063 seconds
[165.054s][info][safepoint] Entering safepoint region: GenCollectForAllocation
[165.057s][info][gc       ] GC(325) Pause Young (Allocation Failure) 2609M->1736M(5011M) 2.696ms
[165.057s][info][safepoint] Leaving safepoint region
[165.058s][info][safepoint] Total time for which application threads were stopped: 0.0041761 seconds, Stopping threads took: 0.0004780 seconds
[165.465s][info][safepoint] Application time: 0.4063284 seconds
[165.465s][info][safepoint] Entering safepoint region: GenCollectForAllocation
[165.468s][info][gc       ] GC(326) Pause Young (Allocation Failure) 2602M->1735M(5011M) 2.825ms
[165.468s][info][safepoint] Leaving safepoint region
[165.469s][info][safepoint] Total time for which application threads were stopped: 0.0037404 seconds, Stopping threads took: 0.0001550 seconds
[165.881s][info][safepoint] Application time: 0.4120484 seconds
[165.883s][info][safepoint] Entering safepoint region: GenCollectForAllocation
[165.886s][info][gc       ] GC(327) Pause Young (Allocation Failure) 2600M->1734M(5011M) 2.712ms
[165.886s][info][safepoint] Leaving safepoint region
[165.887s][info][safepoint] Total time for which application threads were stopped: 0.0043175 seconds, Stopping threads took: 0.0004264 seconds
[166.289s][info][safepoint] Application time: 0.4012551 seconds
[166.290s][info][safepoint] Entering safepoint region: GenCollectForAllocation
[166.293s][info][gc       ] GC(328) Pause Young (Allocation Failure) 2599M->1734M(5011M) 3.036ms
[166.294s][info][safepoint] Leaving safepoint region
[166.295s][info][safepoint] Total time for which application threads were stopped: 0.0055453 seconds, Stopping threads took: 0.0006152 seconds
[166.702s][info][safepoint] Application time: 0.4057770 seconds
[166.702s][info][safepoint] Entering safepoint region: GenCollectForAllocation
[166.706s][info][gc       ] GC(329) Pause Young (Allocation Failure) 2599M->1734M(5011M) 3.175ms
[166.706s][info][safepoint] Leaving safepoint region
[166.707s][info][safepoint] Total time for which application threads were stopped: 0.0044967 seconds, Stopping threads took: 0.0004349 seconds
[167.145s][info][safepoint] Application time: 0.4384937 seconds
[167.146s][info][safepoint] Entering safepoint region: GenCollectForAllocation
[167.149s][info][gc       ] GC(330) Pause Young (Allocation Failure) 2599M->1734M(5011M) 2.901ms
[167.150s][info][safepoint] Leaving safepoint region
[167.150s][info][safepoint] Total time for which application threads were stopped: 0.0045548 seconds, Stopping threads took: 0.0005105 seconds
[167.560s][info][safepoint] Application time: 0.4093097 seconds
[167.561s][info][safepoint] Entering safepoint region: GenCollectForAllocation
[167.564s][info][gc       ] GC(331) Pause Young (Allocation Failure) 2599M->1734M(5011M) 2.935ms
[167.565s][info][safepoint] Leaving safepoint region
[167.565s][info][safepoint] Total time for which application threads were stopped: 0.0045180 seconds, Stopping threads took: 0.0005414 seconds
[167.982s][info][safepoint] Application time: 0.4165373 seconds
[167.983s][info][safepoint] Entering safepoint region: GenCollectForAllocation
[167.986s][info][gc       ] GC(332) Pause Young (Allocation Failure) 2599M->1734M(5011M) 2.617ms
[167.986s][info][safepoint] Leaving safepoint region
[167.987s][info][safepoint] Total time for which application threads were stopped: 0.0038562 seconds, Stopping threads took: 0.0004255 seconds
[168.396s][info][safepoint] Application time: 0.4088493 seconds
[168.397s][info][safepoint] Entering safepoint region: GenCollectForAllocation
[168.400s][info][gc       ] GC(333) Pause Young (Allocation Failure) 2599M->1734M(5011M) 2.527ms
[168.400s][info][safepoint] Leaving safepoint region
[168.401s][info][safepoint] Total time for which application threads were stopped: 0.0041748 seconds, Stopping threads took: 0.0005658 seconds
[168.801s][info][safepoint] Application time: 0.3994798 seconds
[168.801s][info][safepoint] Entering safepoint region: GenCollectForAllocation
[168.805s][info][gc       ] GC(334) Pause Young (Allocation Failure) 2599M->1734M(5011M) 3.027ms
[168.806s][info][safepoint] Leaving safepoint region
[168.807s][info][safepoint] Total time for which application threads were stopped: 0.0055978 seconds, Stopping threads took: 0.0004702 seconds
[169.214s][info][safepoint] Application time: 0.4060994 seconds
[169.214s][info][safepoint] Entering safepoint region: GenCollectForAllocation
[169.217s][info][gc       ] GC(335) Pause Young (Allocation Failure) 2599M->1734M(5011M) 2.517ms
[169.217s][info][safepoint] Leaving safepoint region
[169.218s][info][safepoint] Total time for which application threads were stopped: 0.0042510 seconds, Stopping threads took: 0.0002856 seconds
[169.619s][info][safepoint] Application time: 0.4002123 seconds
[169.620s][info][safepoint] Entering safepoint region: GenCollectForAllocation
[169.624s][info][gc       ] GC(336) Pause Young (Allocation Failure) 2599M->1734M(5011M) 3.667ms
[169.624s][info][safepoint] Leaving safepoint region
[169.625s][info][safepoint] Total time for which application threads were stopped: 0.0050177 seconds, Stopping threads took: 0.0002425 seconds
[170.047s][info][safepoint] Application time: 0.4213103 seconds
[170.047s][info][safepoint] Entering safepoint region: GenCollectForAllocation
[170.050s][info][gc       ] GC(337) Pause Young (Allocation Failure) 2599M->1734M(5011M) 2.727ms
[170.050s][info][safepoint] Leaving safepoint region
[170.051s][info][safepoint] Total time for which application threads were stopped: 0.0036286 seconds, Stopping threads took: 0.0003231 seconds
[170.435s][info][safepoint] Application time: 0.3844889 seconds
[170.436s][info][safepoint] Entering safepoint region: GenCollectForAllocation
[170.438s][info][gc       ] GC(338) Pause Young (Allocation Failure) 2599M->1734M(5011M) 2.263ms
[170.439s][info][safepoint] Leaving safepoint region
[170.439s][info][safepoint] Total time for which application threads were stopped: 0.0031442 seconds, Stopping threads took: 0.0001642 seconds
[170.856s][info][safepoint] Application time: 0.4165175 seconds
[170.856s][info][safepoint] Entering safepoint region: GenCollectForAllocation
[170.860s][info][gc       ] GC(339) Pause Young (Allocation Failure) 2599M->1734M(5011M) 2.624ms
[170.860s][info][safepoint] Leaving safepoint region
[170.861s][info][safepoint] Total time for which application threads were stopped: 0.0044632 seconds, Stopping threads took: 0.0005972 seconds
[171.290s][info][safepoint] Application time: 0.4290055 seconds
[171.291s][info][safepoint] Entering safepoint region: GenCollectForAllocation
[171.294s][info][gc       ] GC(340) Pause Young (Allocation Failure) 2599M->1734M(5011M) 2.747ms
[171.295s][info][safepoint] Leaving safepoint region
[171.295s][info][safepoint] Total time for which application threads were stopped: 0.0042324 seconds, Stopping threads took: 0.0003927 seconds
[171.714s][info][safepoint] Application time: 0.4179365 seconds
[171.714s][info][safepoint] Entering safepoint region: GenCollectForAllocation
[171.718s][info][gc       ] GC(341) Pause Young (Allocation Failure) 2599M->1734M(5011M) 2.436ms
[171.718s][info][safepoint] Leaving safepoint region
[171.719s][info][safepoint] Total time for which application threads were stopped: 0.0041940 seconds, Stopping threads took: 0.0006580 seconds
[172.123s][info][safepoint] Application time: 0.4037290 seconds
[172.124s][info][safepoint] Entering safepoint region: GenCollectForAllocation
[172.127s][info][gc       ] GC(342) Pause Young (Allocation Failure) 2599M->1734M(5011M) 2.518ms
[172.128s][info][safepoint] Leaving safepoint region
[172.128s][info][safepoint] Total time for which application threads were stopped: 0.0046910 seconds, Stopping threads took: 0.0005959 seconds
[172.581s][info][safepoint] Application time: 0.4522835 seconds
[172.582s][info][safepoint] Entering safepoint region: GenCollectForAllocation
[172.585s][info][gc       ] GC(343) Pause Young (Allocation Failure) 2599M->1734M(5011M) 2.502ms
[172.586s][info][safepoint] Leaving safepoint region
[172.586s][info][safepoint] Total time for which application threads were stopped: 0.0043150 seconds, Stopping threads took: 0.0005980 seconds
[173.002s][info][safepoint] Application time: 0.4154687 seconds
[173.003s][info][safepoint] Entering safepoint region: GenCollectForAllocation
[173.006s][info][gc       ] GC(344) Pause Young (Allocation Failure) 2599M->1734M(5011M) 2.722ms
[173.006s][info][safepoint] Leaving safepoint region
[173.006s][info][safepoint] Total time for which application threads were stopped: 0.0036441 seconds, Stopping threads took: 0.0002069 seconds
[173.408s][info][safepoint] Application time: 0.4013229 seconds
[173.409s][info][safepoint] Entering safepoint region: GenCollectForAllocation
[173.412s][info][gc       ] GC(345) Pause Young (Allocation Failure) 2599M->1734M(5011M) 2.629ms
[173.413s][info][safepoint] Leaving safepoint region
[173.413s][info][safepoint] Total time for which application threads were stopped: 0.0044400 seconds, Stopping threads took: 0.0005408 seconds
[173.805s][info][safepoint] Application time: 0.3910993 seconds
[173.806s][info][safepoint] Entering safepoint region: GenCollectForAllocation
[173.809s][info][gc       ] GC(346) Pause Young (Allocation Failure) 2599M->1734M(5011M) 2.645ms
[173.810s][info][safepoint] Leaving safepoint region
[173.810s][info][safepoint] Total time for which application threads were stopped: 0.0045989 seconds, Stopping threads took: 0.0006455 seconds
[174.230s][info][safepoint] Application time: 0.4188707 seconds
[174.230s][info][safepoint] Entering safepoint region: GenCollectForAllocation
[174.233s][info][gc       ] GC(347) Pause Young (Allocation Failure) 2599M->1734M(5011M) 2.632ms
[174.233s][info][safepoint] Leaving safepoint region
[174.234s][info][safepoint] Total time for which application threads were stopped: 0.0037239 seconds, Stopping threads took: 0.0003480 seconds
[174.659s][info][safepoint] Application time: 0.4246204 seconds
[174.659s][info][safepoint] Entering safepoint region: GenCollectForAllocation
[174.662s][info][gc       ] GC(348) Pause Young (Allocation Failure) 2599M->1734M(5011M) 2.727ms
[174.663s][info][safepoint] Leaving safepoint region
[174.663s][info][safepoint] Total time for which application threads were stopped: 0.0041263 seconds, Stopping threads took: 0.0002876 seconds
[175.074s][info][safepoint] Application time: 0.4100692 seconds
[175.074s][info][safepoint] Entering safepoint region: GenCollectForAllocation
[175.078s][info][gc       ] GC(349) Pause Young (Allocation Failure) 2599M->1734M(5011M) 2.839ms
[175.078s][info][safepoint] Leaving safepoint region
[175.078s][info][safepoint] Total time for which application threads were stopped: 0.0037236 seconds, Stopping threads took: 0.0002720 seconds
[175.473s][info][safepoint] Application time: 0.3951754 seconds
[175.474s][info][safepoint] Entering safepoint region: GenCollectForAllocation
[175.477s][info][gc       ] GC(350) Pause Young (Allocation Failure) 2599M->1734M(5011M) 2.572ms
[175.478s][info][safepoint] Leaving safepoint region
[175.478s][info][safepoint] Total time for which application threads were stopped: 0.0044672 seconds, Stopping threads took: 0.0003684 seconds
[175.879s][info][safepoint] Application time: 0.4006653 seconds
[175.880s][info][safepoint] Entering safepoint region: GenCollectForAllocation
[175.883s][info][gc       ] GC(351) Pause Young (Allocation Failure) 2599M->1734M(5011M) 2.640ms
[175.884s][info][safepoint] Leaving safepoint region
[175.884s][info][safepoint] Total time for which application threads were stopped: 0.0042673 seconds, Stopping threads took: 0.0005524 seconds
[176.294s][info][safepoint] Application time: 0.4091933 seconds
[176.294s][info][safepoint] Entering safepoint region: GenCollectForAllocation
[176.297s][info][gc       ] GC(352) Pause Young (Allocation Failure) 2599M->1734M(5011M) 2.563ms
[176.298s][info][safepoint] Leaving safepoint region
[176.299s][info][safepoint] Total time for which application threads were stopped: 0.0045916 seconds, Stopping threads took: 0.0003959 seconds
[176.715s][info][safepoint] Application time: 0.4158056 seconds
[176.716s][info][safepoint] Entering safepoint region: GenCollectForAllocation
[176.719s][info][gc       ] GC(353) Pause Young (Allocation Failure) 2599M->1734M(5011M) 2.464ms
[176.719s][info][safepoint] Leaving safepoint region
[176.719s][info][safepoint] Total time for which application threads were stopped: 0.0035824 seconds, Stopping threads took: 0.0003487 seconds
[177.109s][info][safepoint] Application time: 0.3894671 seconds
[177.110s][info][safepoint] Entering safepoint region: GenCollectForAllocation
[177.112s][info][gc       ] GC(354) Pause Young (Allocation Failure) 2599M->1734M(5011M) 2.483ms
[177.113s][info][safepoint] Leaving safepoint region
[177.113s][info][safepoint] Total time for which application threads were stopped: 0.0036659 seconds, Stopping threads took: 0.0003269 seconds
[177.519s][info][safepoint] Application time: 0.4057110 seconds
[177.520s][info][safepoint] Entering safepoint region: GenCollectForAllocation
[177.522s][info][gc       ] GC(355) Pause Young (Allocation Failure) 2599M->1734M(5011M) 2.327ms
[177.523s][info][safepoint] Leaving safepoint region
[177.523s][info][safepoint] Total time for which application threads were stopped: 0.0032403 seconds, Stopping threads took: 0.0002642 seconds
[177.939s][info][safepoint] Application time: 0.4157235 seconds
[177.939s][info][safepoint] Entering safepoint region: GenCollectForAllocation
[177.942s][info][gc       ] GC(356) Pause Young (Allocation Failure) 2599M->1734M(5011M) 2.693ms
[177.943s][info][safepoint] Leaving safepoint region
[177.943s][info][safepoint] Total time for which application threads were stopped: 0.0039325 seconds, Stopping threads took: 0.0003271 seconds
[178.323s][info][safepoint] Application time: 0.3794234 seconds
[178.324s][info][safepoint] Entering safepoint region: GenCollectForAllocation
[178.327s][info][gc       ] GC(357) Pause Young (Allocation Failure) 2599M->1734M(5011M) 2.465ms
[178.327s][info][safepoint] Leaving safepoint region
[178.328s][info][safepoint] Total time for which application threads were stopped: 0.0042581 seconds, Stopping threads took: 0.0004583 seconds
[178.709s][info][safepoint] Application time: 0.3803022 seconds
[178.710s][info][safepoint] Entering safepoint region: GenCollectForAllocation
[178.713s][info][gc       ] GC(358) Pause Young (Allocation Failure) 2599M->1734M(5011M) 2.923ms
[178.714s][info][safepoint] Leaving safepoint region
[178.714s][info][safepoint] Total time for which application threads were stopped: 0.0047500 seconds, Stopping threads took: 0.0005818 seconds
[178.870s][info][safepoint] Application time: 0.1547379 seconds
[178.870s][info][safepoint] Entering safepoint region: GenCollectForAllocation
[179.469s][info][gc       ] GC(359) Pause Young (Allocation Failure) 2599M->2599M(5011M) 598.016ms
[179.469s][info][safepoint] Leaving safepoint region
[179.469s][info][safepoint] Total time for which application threads were stopped: 0.5992098 seconds, Stopping threads took: 0.0004623 seconds
[179.470s][info][safepoint] Application time: 0.0001799 seconds
[179.473s][info][safepoint] Entering safepoint region: CMS_Initial_Mark
[179.527s][info][gc       ] GC(360) Pause Initial Mark 2633M->2633M(5011M) 53.818ms
[179.527s][info][safepoint] Leaving safepoint region
[179.528s][info][safepoint] Total time for which application threads were stopped: 0.0579236 seconds, Stopping threads took: 0.0029522 seconds
[179.528s][info][gc       ] GC(360) Concurrent Mark
[179.662s][info][safepoint] Application time: 0.1333229 seconds
[179.662s][info][safepoint] Entering safepoint region: GenCollectForAllocation
[180.385s][info][gc       ] GC(361) Pause Young (Allocation Failure) 3413M->3470M(5011M) 722.358ms
[180.386s][info][safepoint] Leaving safepoint region
[180.386s][info][safepoint] Total time for which application threads were stopped: 0.7236891 seconds, Stopping threads took: 0.0005756 seconds
[180.657s][info][gc       ] GC(360) Concurrent Mark 1128.553ms
[180.658s][info][gc       ] GC(360) Concurrent Preclean
[180.795s][info][safepoint] Application time: 0.4088542 seconds
[180.795s][info][safepoint] Entering safepoint region: GenCollectForAllocation
[181.290s][info][gc       ] GC(360) Concurrent Preclean 632.364ms
[183.949s][info][gc       ] GC(363) Pause Full (Allocation Failure) 4336M->1734M(5011M) 3153.425ms
[183.950s][info][gc       ] GC(362) Pause Young (Allocation Failure) 4336M->1734M(5011M) 3154.203ms
[183.951s][info][safepoint] Leaving safepoint region
[183.951s][info][safepoint] Total time for which application threads were stopped: 3.1555708 seconds, Stopping threads took: 0.0003955 seconds
[184.361s][info][safepoint] Application time: 0.4094775 seconds
[184.361s][info][safepoint] Entering safepoint region: GenCollectForAllocation
[184.364s][info][gc       ] GC(364) Pause Young (Allocation Failure) 2599M->1744M(5011M) 2.773ms
[184.365s][info][safepoint] Leaving safepoint region
[184.365s][info][safepoint] Total time for which application threads were stopped: 0.0042561 seconds, Stopping threads took: 0.0003559 seconds
[184.774s][info][safepoint] Application time: 0.4076675 seconds
[184.774s][info][safepoint] Entering safepoint region: GenCollectForAllocation
[184.777s][info][gc       ] GC(365) Pause Young (Allocation Failure) 2609M->1736M(5011M) 2.876ms
[184.778s][info][safepoint] Leaving safepoint region
[184.778s][info][safepoint] Total time for which application threads were stopped: 0.0037211 seconds, Stopping threads took: 0.0001994 seconds
[185.179s][info][safepoint] Application time: 0.4008481 seconds
[185.180s][info][safepoint] Entering safepoint region: GenCollectForAllocation
[185.183s][info][gc       ] GC(366) Pause Young (Allocation Failure) 2602M->1734M(5011M) 2.817ms
[185.184s][info][safepoint] Leaving safepoint region
[185.184s][info][safepoint] Total time for which application threads were stopped: 0.0046708 seconds, Stopping threads took: 0.0006346 seconds
[185.593s][info][safepoint] Application time: 0.4079235 seconds
[185.593s][info][safepoint] Entering safepoint region: GenCollectForAllocation
[185.597s][info][gc       ] GC(367) Pause Young (Allocation Failure) 2600M->1734M(5011M) 2.899ms
[185.598s][info][safepoint] Leaving safepoint region
[185.598s][info][safepoint] Total time for which application threads were stopped: 0.0050467 seconds, Stopping threads took: 0.0004449 seconds
[186.040s][info][safepoint] Application time: 0.4408399 seconds
[186.041s][info][safepoint] Entering safepoint region: GenCollectForAllocation
[186.044s][info][gc       ] GC(368) Pause Young (Allocation Failure) 2599M->1734M(5011M) 2.800ms
[186.045s][info][safepoint] Leaving safepoint region
[186.045s][info][safepoint] Total time for which application threads were stopped: 0.0042609 seconds, Stopping threads took: 0.0005097 seconds
[186.447s][info][safepoint] Application time: 0.4013947 seconds
[186.447s][info][safepoint] Entering safepoint region: GenCollectForAllocation
[186.450s][info][gc       ] GC(369) Pause Young (Allocation Failure) 2599M->1734M(5011M) 2.800ms
[186.451s][info][safepoint] Leaving safepoint region
[186.451s][info][safepoint] Total time for which application threads were stopped: 0.0036236 seconds, Stopping threads took: 0.0002056 seconds
[186.860s][info][safepoint] Application time: 0.4085786 seconds
[186.860s][info][safepoint] Entering safepoint region: GenCollectForAllocation
[186.864s][info][gc       ] GC(370) Pause Young (Allocation Failure) 2599M->1734M(5011M) 2.640ms
[186.864s][info][safepoint] Leaving safepoint region
[186.865s][info][safepoint] Total time for which application threads were stopped: 0.0042719 seconds, Stopping threads took: 0.0005110 seconds
[187.257s][info][safepoint] Application time: 0.3918283 seconds
[187.258s][info][safepoint] Entering safepoint region: GenCollectForAllocation
[187.261s][info][gc       ] GC(371) Pause Young (Allocation Failure) 2599M->1734M(5011M) 2.763ms
[187.262s][info][safepoint] Leaving safepoint region
[187.262s][info][safepoint] Total time for which application threads were stopped: 0.0043708 seconds, Stopping threads took: 0.0004966 seconds
[187.679s][info][safepoint] Application time: 0.4167267 seconds
[187.680s][info][safepoint] Entering safepoint region: GenCollectForAllocation
[187.683s][info][gc       ] GC(372) Pause Young (Allocation Failure) 2599M->1734M(5011M) 2.661ms
[187.683s][info][safepoint] Leaving safepoint region
[187.684s][info][safepoint] Total time for which application threads were stopped: 0.0039843 seconds, Stopping threads took: 0.0003524 seconds
[188.101s][info][safepoint] Application time: 0.4169603 seconds
[188.101s][info][safepoint] Entering safepoint region: GenCollectForAllocation
[188.105s][info][gc       ] GC(373) Pause Young (Allocation Failure) 2599M->1734M(5011M) 2.830ms
[188.105s][info][safepoint] Leaving safepoint region
[188.106s][info][safepoint] Total time for which application threads were stopped: 0.0045507 seconds, Stopping threads took: 0.0005505 seconds
[188.508s][info][safepoint] Application time: 0.4018725 seconds
[188.509s][info][safepoint] Entering safepoint region: GenCollectForAllocation
[188.512s][info][gc       ] GC(374) Pause Young (Allocation Failure) 2599M->1734M(5011M) 2.782ms
[188.512s][info][safepoint] Leaving safepoint region
[188.513s][info][safepoint] Total time for which application threads were stopped: 0.0038630 seconds, Stopping threads took: 0.0002696 seconds
[188.929s][info][safepoint] Application time: 0.4158770 seconds
[188.929s][info][safepoint] Entering safepoint region: GenCollectForAllocation
[188.933s][info][gc       ] GC(375) Pause Young (Allocation Failure) 2599M->1734M(5011M) 2.791ms
[188.933s][info][safepoint] Leaving safepoint region
[188.934s][info][safepoint] Total time for which application threads were stopped: 0.0043714 seconds, Stopping threads took: 0.0004620 seconds
[189.337s][info][safepoint] Application time: 0.4024302 seconds
[189.337s][info][safepoint] Entering safepoint region: GenCollectForAllocation
[189.341s][info][gc       ] GC(376) Pause Young (Allocation Failure) 2599M->1734M(5011M) 2.842ms
[189.341s][info][safepoint] Leaving safepoint region
[189.342s][info][safepoint] Total time for which application threads were stopped: 0.0044449 seconds, Stopping threads took: 0.0004503 seconds
[189.737s][info][safepoint] Application time: 0.3945494 seconds
[189.737s][info][safepoint] Entering safepoint region: GenCollectForAllocation
[189.740s][info][gc       ] GC(377) Pause Young (Allocation Failure) 2599M->1734M(5011M) 2.700ms
[189.741s][info][safepoint] Leaving safepoint region
[189.741s][info][safepoint] Total time for which application threads were stopped: 0.0035677 seconds, Stopping threads took: 0.0001436 seconds
[190.161s][info][safepoint] Application time: 0.4194798 seconds
[190.161s][info][safepoint] Entering safepoint region: GenCollectForAllocation
[190.165s][info][gc       ] GC(378) Pause Young (Allocation Failure) 2599M->1734M(5011M) 3.018ms
[190.166s][info][safepoint] Leaving safepoint region
[190.166s][info][safepoint] Total time for which application threads were stopped: 0.0047512 seconds, Stopping threads took: 0.0006350 seconds
[190.555s][info][safepoint] Application time: 0.3882065 seconds
[190.555s][info][safepoint] Entering safepoint region: GenCollectForAllocation
[190.558s][info][gc       ] GC(379) Pause Young (Allocation Failure) 2599M->1734M(5011M) 2.713ms
[190.559s][info][safepoint] Leaving safepoint region
[190.559s][info][safepoint] Total time for which application threads were stopped: 0.0037788 seconds, Stopping threads took: 0.0003678 seconds
[190.944s][info][safepoint] Application time: 0.3845307 seconds
[190.945s][info][safepoint] Entering safepoint region: GenCollectForAllocation
[190.947s][info][gc       ] GC(380) Pause Young (Allocation Failure) 2599M->1734M(5011M) 2.519ms
[190.948s][info][safepoint] Leaving safepoint region
[190.948s][info][safepoint] Total time for which application threads were stopped: 0.0034941 seconds, Stopping threads took: 0.0003474 seconds
[191.359s][info][safepoint] Application time: 0.4104066 seconds
[191.359s][info][safepoint] Entering safepoint region: GenCollectForAllocation
[191.362s][info][gc       ] GC(381) Pause Young (Allocation Failure) 2599M->1734M(5011M) 2.536ms
[191.363s][info][safepoint] Leaving safepoint region
[191.363s][info][safepoint] Total time for which application threads were stopped: 0.0037008 seconds, Stopping threads took: 0.0004640 seconds
[191.768s][info][safepoint] Application time: 0.4042416 seconds
[191.768s][info][safepoint] Entering safepoint region: GenCollectForAllocation
[191.771s][info][gc       ] GC(382) Pause Young (Allocation Failure) 2599M->1734M(5011M) 2.728ms
[191.771s][info][safepoint] Leaving safepoint region
[191.772s][info][safepoint] Total time for which application threads were stopped: 0.0040233 seconds, Stopping threads took: 0.0004073 seconds
[192.180s][info][safepoint] Application time: 0.4074489 seconds
[192.180s][info][safepoint] Entering safepoint region: GenCollectForAllocation
[192.183s][info][gc       ] GC(383) Pause Young (Allocation Failure) 2599M->1734M(5011M) 2.607ms
[192.184s][info][safepoint] Leaving safepoint region
[192.184s][info][safepoint] Total time for which application threads were stopped: 0.0043031 seconds, Stopping threads took: 0.0004795 seconds
[192.621s][info][safepoint] Application time: 0.4364317 seconds
[192.622s][info][safepoint] Entering safepoint region: GenCollectForAllocation
[192.625s][info][gc       ] GC(384) Pause Young (Allocation Failure) 2599M->1734M(5011M) 2.766ms
[192.626s][info][safepoint] Leaving safepoint region
[192.626s][info][safepoint] Total time for which application threads were stopped: 0.0043776 seconds, Stopping threads took: 0.0005537 seconds
[193.031s][info][safepoint] Application time: 0.4040136 seconds
[193.032s][info][safepoint] Entering safepoint region: GenCollectForAllocation
[193.035s][info][gc       ] GC(385) Pause Young (Allocation Failure) 2599M->1734M(5011M) 2.838ms
[193.035s][info][safepoint] Leaving safepoint region
[193.036s][info][safepoint] Total time for which application threads were stopped: 0.0043631 seconds, Stopping threads took: 0.0004551 seconds
[193.459s][info][safepoint] Application time: 0.4228636 seconds
[193.460s][info][safepoint] Entering safepoint region: GenCollectForAllocation
[193.463s][info][gc       ] GC(386) Pause Young (Allocation Failure) 2599M->1734M(5011M) 2.581ms
[193.463s][info][safepoint] Leaving safepoint region
[193.463s][info][safepoint] Total time for which application threads were stopped: 0.0037528 seconds, Stopping threads took: 0.0003858 seconds
[193.856s][info][safepoint] Application time: 0.3919511 seconds
[193.856s][info][safepoint] Entering safepoint region: GenCollectForAllocation
[193.859s][info][gc       ] GC(387) Pause Young (Allocation Failure) 2599M->1734M(5011M) 2.641ms
[193.860s][info][safepoint] Leaving safepoint region
[193.860s][info][safepoint] Total time for which application threads were stopped: 0.0042727 seconds, Stopping threads took: 0.0005264 seconds
[194.260s][info][safepoint] Application time: 0.3984672 seconds
[194.260s][info][safepoint] Entering safepoint region: GenCollectForAllocation
[194.264s][info][gc       ] GC(388) Pause Young (Allocation Failure) 2599M->1734M(5011M) 2.905ms
[194.264s][info][safepoint] Leaving safepoint region
[194.265s][info][safepoint] Total time for which application threads were stopped: 0.0046619 seconds, Stopping threads took: 0.0006075 seconds
[194.667s][info][safepoint] Application time: 0.4014248 seconds
[194.667s][info][safepoint] Entering safepoint region: GenCollectForAllocation
[194.670s][info][gc       ] GC(389) Pause Young (Allocation Failure) 2599M->1734M(5011M) 2.503ms
[194.671s][info][safepoint] Leaving safepoint region
[194.672s][info][safepoint] Total time for which application threads were stopped: 0.0045668 seconds, Stopping threads took: 0.0001923 seconds
[195.071s][info][safepoint] Application time: 0.3991053 seconds
[195.072s][info][safepoint] Entering safepoint region: GenCollectForAllocation
[195.076s][info][gc       ] GC(390) Pause Young (Allocation Failure) 2599M->1734M(5011M) 2.818ms
[195.076s][info][safepoint] Leaving safepoint region
[195.077s][info][safepoint] Total time for which application threads were stopped: 0.0047475 seconds, Stopping threads took: 0.0007070 seconds
[195.486s][info][safepoint] Application time: 0.4079853 seconds
[195.486s][info][safepoint] Entering safepoint region: GenCollectForAllocation
[195.490s][info][gc       ] GC(391) Pause Young (Allocation Failure) 2599M->1734M(5011M) 3.098ms
[195.490s][info][safepoint] Leaving safepoint region
[195.490s][info][safepoint] Total time for which application threads were stopped: 0.0042700 seconds, Stopping threads took: 0.0004159 seconds
[195.924s][info][safepoint] Application time: 0.4331540 seconds
[195.924s][info][safepoint] Entering safepoint region: GenCollectForAllocation
[195.927s][info][gc       ] GC(392) Pause Young (Allocation Failure) 2599M->1734M(5011M) 2.424ms
[195.927s][info][safepoint] Leaving safepoint region
[195.928s][info][safepoint] Total time for which application threads were stopped: 0.0032528 seconds, Stopping threads took: 0.0001739 seconds
[196.349s][info][safepoint] Application time: 0.4210872 seconds
[196.350s][info][safepoint] Entering safepoint region: GenCollectForAllocation
[196.353s][info][gc       ] GC(393) Pause Young (Allocation Failure) 2599M->1734M(5011M) 2.617ms
[196.354s][info][safepoint] Leaving safepoint region
[196.354s][info][safepoint] Total time for which application threads were stopped: 0.0044298 seconds, Stopping threads took: 0.0007170 seconds
[196.757s][info][safepoint] Application time: 0.4026091 seconds
[196.758s][info][safepoint] Entering safepoint region: GenCollectForAllocation
[196.760s][info][gc       ] GC(394) Pause Young (Allocation Failure) 2599M->1734M(5011M) 2.393ms
[196.761s][info][safepoint] Leaving safepoint region
[196.761s][info][safepoint] Total time for which application threads were stopped: 0.0033485 seconds, Stopping threads took: 0.0001824 seconds
[197.194s][info][safepoint] Application time: 0.4324545 seconds
[197.195s][info][safepoint] Entering safepoint region: GenCollectForAllocation
[197.199s][info][gc       ] GC(395) Pause Young (Allocation Failure) 2599M->1734M(5011M) 3.002ms
[197.199s][info][safepoint] Leaving safepoint region
[197.200s][info][safepoint] Total time for which application threads were stopped: 0.0052437 seconds, Stopping threads took: 0.0007553 seconds
[197.639s][info][safepoint] Application time: 0.4381954 seconds
[197.639s][info][safepoint] Entering safepoint region: GenCollectForAllocation
[197.642s][info][gc       ] GC(396) Pause Young (Allocation Failure) 2599M->1734M(5011M) 2.575ms
[197.643s][info][safepoint] Leaving safepoint region
[197.643s][info][safepoint] Total time for which application threads were stopped: 0.0037112 seconds, Stopping threads took: 0.0003349 seconds
[198.041s][info][safepoint] Application time: 0.3971634 seconds
[198.041s][info][safepoint] Entering safepoint region: GenCollectForAllocation
[198.044s][info][gc       ] GC(397) Pause Young (Allocation Failure) 2599M->1734M(5011M) 2.764ms
[198.044s][info][safepoint] Leaving safepoint region
[198.045s][info][safepoint] Total time for which application threads were stopped: 0.0037898 seconds, Stopping threads took: 0.0003390 seconds
[198.422s][info][safepoint] Application time: 0.3767189 seconds
[198.422s][info][safepoint] Entering safepoint region: GenCollectForAllocation
[198.425s][info][gc       ] GC(398) Pause Young (Allocation Failure) 2599M->1734M(5011M) 2.835ms
[198.426s][info][safepoint] Leaving safepoint region
[198.426s][info][safepoint] Total time for which application threads were stopped: 0.0039468 seconds, Stopping threads took: 0.0003471 seconds
[198.590s][info][safepoint] Application time: 0.1635984 seconds
[198.590s][info][safepoint] Entering safepoint region: GenCollectForAllocation
[199.174s][info][gc       ] GC(399) Pause Young (Allocation Failure) 2599M->2599M(5011M) 582.866ms
[199.174s][info][safepoint] Leaving safepoint region
[199.174s][info][safepoint] Total time for which application threads were stopped: 0.5839677 seconds, Stopping threads took: 0.0002102 seconds
[199.175s][info][safepoint] Application time: 0.0001419 seconds
[199.178s][info][safepoint] Entering safepoint region: CMS_Initial_Mark
[199.233s][info][gc       ] GC(400) Pause Initial Mark 2633M->2633M(5011M) 55.337ms
[199.234s][info][safepoint] Leaving safepoint region
[199.235s][info][safepoint] Total time for which application threads were stopped: 0.0596728 seconds, Stopping threads took: 0.0031025 seconds
[199.235s][info][gc       ] GC(400) Concurrent Mark
[199.385s][info][safepoint] Application time: 0.1502897 seconds
[199.386s][info][safepoint] Entering safepoint region: GenCollectForAllocation
[200.103s][info][gc       ] GC(401) Pause Young (Allocation Failure) 3413M->3470M(5011M) 716.299ms
[200.103s][info][safepoint] Leaving safepoint region
[200.103s][info][safepoint] Total time for which application threads were stopped: 0.7171957 seconds, Stopping threads took: 0.0001858 seconds
[200.343s][info][gc       ] GC(400) Concurrent Mark 1107.755ms
[200.343s][info][gc       ] GC(400) Concurrent Preclean
[200.517s][info][safepoint] Application time: 0.4139111 seconds
[200.518s][info][safepoint] Entering safepoint region: GenCollectForAllocation
[200.958s][info][gc       ] GC(400) Concurrent Preclean 614.357ms
[203.577s][info][gc       ] GC(403) Pause Full (Allocation Failure) 4336M->1734M(5011M) 3058.814ms
[203.578s][info][gc       ] GC(402) Pause Young (Allocation Failure) 4336M->1734M(5011M) 3059.412ms
[203.578s][info][safepoint] Leaving safepoint region
[203.579s][info][safepoint] Total time for which application threads were stopped: 3.0608234 seconds, Stopping threads took: 0.0005970 seconds
[203.964s][info][safepoint] Application time: 0.3853228 seconds
[203.965s][info][safepoint] Entering safepoint region: GenCollectForAllocation
[203.968s][info][gc       ] GC(404) Pause Young (Allocation Failure) 2599M->1741M(5011M) 2.424ms
[203.968s][info][safepoint] Leaving safepoint region
[203.968s][info][safepoint] Total time for which application threads were stopped: 0.0036372 seconds, Stopping threads took: 0.0005075 seconds
[204.382s][info][safepoint] Application time: 0.4134028 seconds
[204.383s][info][safepoint] Entering safepoint region: GenCollectForAllocation
[204.386s][info][gc       ] GC(405) Pause Young (Allocation Failure) 2606M->1737M(5011M) 2.923ms
[204.387s][info][safepoint] Leaving safepoint region
[204.387s][info][safepoint] Total time for which application threads were stopped: 0.0047888 seconds, Stopping threads took: 0.0006028 seconds
[204.807s][info][safepoint] Application time: 0.4185931 seconds
[204.807s][info][safepoint] Entering safepoint region: GenCollectForAllocation
[204.810s][info][gc       ] GC(406) Pause Young (Allocation Failure) 2602M->1734M(5011M) 2.742ms
[204.811s][info][safepoint] Leaving safepoint region
[204.811s][info][safepoint] Total time for which application threads were stopped: 0.0038192 seconds, Stopping threads took: 0.0004247 seconds
[205.215s][info][safepoint] Application time: 0.4034034 seconds
[205.215s][info][safepoint] Entering safepoint region: GenCollectForAllocation
[205.219s][info][gc       ] GC(407) Pause Young (Allocation Failure) 2600M->1734M(5011M) 2.881ms
[205.219s][info][safepoint] Leaving safepoint region
[205.220s][info][safepoint] Total time for which application threads were stopped: 0.0043873 seconds, Stopping threads took: 0.0005070 seconds
[205.641s][info][safepoint] Application time: 0.4209616 seconds
[205.642s][info][safepoint] Entering safepoint region: GenCollectForAllocation
[205.644s][info][gc       ] GC(408) Pause Young (Allocation Failure) 2599M->1734M(5011M) 2.678ms
[205.645s][info][safepoint] Leaving safepoint region
[205.645s][info][safepoint] Total time for which application threads were stopped: 0.0035192 seconds, Stopping threads took: 0.0001431 seconds
[206.067s][info][safepoint] Application time: 0.4219626 seconds
[206.068s][info][safepoint] Entering safepoint region: GenCollectForAllocation
[206.072s][info][gc       ] GC(409) Pause Young (Allocation Failure) 2599M->1734M(5011M) 3.454ms
[206.072s][info][safepoint] Leaving safepoint region
[206.073s][info][safepoint] Total time for which application threads were stopped: 0.0048629 seconds, Stopping threads took: 0.0004887 seconds
[206.505s][info][safepoint] Application time: 0.4321750 seconds
[206.506s][info][safepoint] Entering safepoint region: GenCollectForAllocation
[206.509s][info][gc       ] GC(410) Pause Young (Allocation Failure) 2599M->1734M(5011M) 2.786ms
[206.510s][info][safepoint] Leaving safepoint region
[206.510s][info][safepoint] Total time for which application threads were stopped: 0.0039950 seconds, Stopping threads took: 0.0002788 seconds
[206.929s][info][safepoint] Application time: 0.4193763 seconds
[206.930s][info][safepoint] Entering safepoint region: GenCollectForAllocation
[206.933s][info][gc       ] GC(411) Pause Young (Allocation Failure) 2599M->1734M(5011M) 2.530ms
[206.934s][info][safepoint] Leaving safepoint region
[206.934s][info][safepoint] Total time for which application threads were stopped: 0.0041023 seconds, Stopping threads took: 0.0005959 seconds
[207.341s][info][safepoint] Application time: 0.4067163 seconds
[207.342s][info][safepoint] Entering safepoint region: GenCollectForAllocation
[207.346s][info][gc       ] GC(412) Pause Young (Allocation Failure) 2599M->1734M(5011M) 3.277ms
[207.346s][info][safepoint] Leaving safepoint region
[207.347s][info][safepoint] Total time for which application threads were stopped: 0.0051820 seconds, Stopping threads took: 0.0002408 seconds
[207.796s][info][safepoint] Application time: 0.4485945 seconds
[207.797s][info][safepoint] Entering safepoint region: GenCollectForAllocation
[207.801s][info][gc       ] GC(413) Pause Young (Allocation Failure) 2599M->1734M(5011M) 3.550ms
[207.802s][info][safepoint] Leaving safepoint region
[207.802s][info][safepoint] Total time for which application threads were stopped: 0.0052703 seconds, Stopping threads took: 0.0006492 seconds
[208.228s][info][safepoint] Application time: 0.4253557 seconds
[208.229s][info][safepoint] Entering safepoint region: GenCollectForAllocation
[208.232s][info][gc       ] GC(414) Pause Young (Allocation Failure) 2599M->1734M(5011M) 2.892ms
[208.233s][info][safepoint] Leaving safepoint region
[208.233s][info][safepoint] Total time for which application threads were stopped: 0.0045414 seconds, Stopping threads took: 0.0003727 seconds
[208.652s][info][safepoint] Application time: 0.4177767 seconds
[208.652s][info][safepoint] Entering safepoint region: GenCollectForAllocation
[208.655s][info][gc       ] GC(415) Pause Young (Allocation Failure) 2599M->1734M(5011M) 2.732ms
[208.656s][info][safepoint] Leaving safepoint region
[208.656s][info][safepoint] Total time for which application threads were stopped: 0.0037145 seconds, Stopping threads took: 0.0002841 seconds
[209.058s][info][safepoint] Application time: 0.4019028 seconds
[209.059s][info][safepoint] Entering safepoint region: GenCollectForAllocation
[209.062s][info][gc       ] GC(416) Pause Young (Allocation Failure) 2599M->1734M(5011M) 2.488ms
[209.062s][info][safepoint] Leaving safepoint region
[209.063s][info][safepoint] Total time for which application threads were stopped: 0.0039192 seconds, Stopping threads took: 0.0003994 seconds
[209.476s][info][safepoint] Application time: 0.4123943 seconds
[209.476s][info][safepoint] Entering safepoint region: GenCollectForAllocation
[209.480s][info][gc       ] GC(417) Pause Young (Allocation Failure) 2599M->1734M(5011M) 3.037ms
[209.480s][info][safepoint] Leaving safepoint region
[209.481s][info][safepoint] Total time for which application threads were stopped: 0.0042616 seconds, Stopping threads took: 0.0004467 seconds
[209.890s][info][safepoint] Application time: 0.4094026 seconds
[209.891s][info][safepoint] Entering safepoint region: GenCollectForAllocation
[209.893s][info][gc       ] GC(418) Pause Young (Allocation Failure) 2599M->1734M(5011M) 2.386ms
[209.894s][info][safepoint] Leaving safepoint region
[209.894s][info][safepoint] Total time for which application threads were stopped: 0.0033363 seconds, Stopping threads took: 0.0002119 seconds
[210.282s][info][safepoint] Application time: 0.3879373 seconds
[210.283s][info][safepoint] Entering safepoint region: GenCollectForAllocation
[210.286s][info][gc       ] GC(419) Pause Young (Allocation Failure) 2599M->1734M(5011M) 2.712ms
[210.287s][info][safepoint] Leaving safepoint region
[210.288s][info][safepoint] Total time for which application threads were stopped: 0.0046028 seconds, Stopping threads took: 0.0004627 seconds
[210.701s][info][safepoint] Application time: 0.4128040 seconds
[210.702s][info][safepoint] Entering safepoint region: GenCollectForAllocation
[210.705s][info][gc       ] GC(420) Pause Young (Allocation Failure) 2599M->1734M(5011M) 2.552ms
[210.705s][info][safepoint] Leaving safepoint region
[210.705s][info][safepoint] Total time for which application threads were stopped: 0.0036958 seconds, Stopping threads took: 0.0002079 seconds
[211.119s][info][safepoint] Application time: 0.4129563 seconds
[211.119s][info][safepoint] Entering safepoint region: GenCollectForAllocation
[211.122s][info][gc       ] GC(421) Pause Young (Allocation Failure) 2599M->1734M(5011M) 2.599ms
[211.123s][info][safepoint] Leaving safepoint region
[211.123s][info][safepoint] Total time for which application threads were stopped: 0.0036616 seconds, Stopping threads took: 0.0003273 seconds
[211.530s][info][safepoint] Application time: 0.4071721 seconds
[211.531s][info][safepoint] Entering safepoint region: GenCollectForAllocation
[211.534s][info][gc       ] GC(422) Pause Young (Allocation Failure) 2599M->1734M(5011M) 2.447ms
[211.534s][info][safepoint] Leaving safepoint region
[211.534s][info][safepoint] Total time for which application threads were stopped: 0.0034326 seconds, Stopping threads took: 0.0003229 seconds
[211.931s][info][safepoint] Application time: 0.3965094 seconds
[211.932s][info][safepoint] Entering safepoint region: GenCollectForAllocation
[211.935s][info][gc       ] GC(423) Pause Young (Allocation Failure) 2599M->1734M(5011M) 2.530ms
[211.935s][info][safepoint] Leaving safepoint region
[211.936s][info][safepoint] Total time for which application threads were stopped: 0.0042089 seconds, Stopping threads took: 0.0005635 seconds
[212.334s][info][safepoint] Application time: 0.3979947 seconds
[212.335s][info][safepoint] Entering safepoint region: GenCollectForAllocation
[212.338s][info][gc       ] GC(424) Pause Young (Allocation Failure) 2599M->1734M(5011M) 2.805ms
[212.338s][info][safepoint] Leaving safepoint region
[212.339s][info][safepoint] Total time for which application threads were stopped: 0.0037048 seconds, Stopping threads took: 0.0001551 seconds
[212.748s][info][safepoint] Application time: 0.4089681 seconds
[212.749s][info][safepoint] Entering safepoint region: GenCollectForAllocation
[212.752s][info][gc       ] GC(425) Pause Young (Allocation Failure) 2599M->1734M(5011M) 2.855ms
[212.752s][info][safepoint] Leaving safepoint region
[212.753s][info][safepoint] Total time for which application threads were stopped: 0.0044532 seconds, Stopping threads took: 0.0005070 seconds
[213.147s][info][safepoint] Application time: 0.3933908 seconds
[213.147s][info][safepoint] Entering safepoint region: GenCollectForAllocation
[213.151s][info][gc       ] GC(426) Pause Young (Allocation Failure) 2599M->1734M(5011M) 2.807ms
[213.152s][info][safepoint] Leaving safepoint region
[213.152s][info][safepoint] Total time for which application threads were stopped: 0.0047256 seconds, Stopping threads took: 0.0005582 seconds
[213.571s][info][safepoint] Application time: 0.4180133 seconds
[213.571s][info][safepoint] Entering safepoint region: GenCollectForAllocation
[213.574s][info][gc       ] GC(427) Pause Young (Allocation Failure) 2599M->1734M(5011M) 2.608ms
[213.574s][info][safepoint] Leaving safepoint region
[213.575s][info][safepoint] Total time for which application threads were stopped: 0.0035976 seconds, Stopping threads took: 0.0002656 seconds
[213.967s][info][safepoint] Application time: 0.3926097 seconds
[213.968s][info][safepoint] Entering safepoint region: GenCollectForAllocation
[213.971s][info][gc       ] GC(428) Pause Young (Allocation Failure) 2599M->1734M(5011M) 2.712ms
[213.972s][info][safepoint] Leaving safepoint region
[213.972s][info][safepoint] Total time for which application threads were stopped: 0.0042756 seconds, Stopping threads took: 0.0006040 seconds
[214.374s][info][safepoint] Application time: 0.4017783 seconds
[214.375s][info][safepoint] Entering safepoint region: GenCollectForAllocation
[214.378s][info][gc       ] GC(429) Pause Young (Allocation Failure) 2599M->1734M(5011M) 2.507ms
[214.378s][info][safepoint] Leaving safepoint region
[214.378s][info][safepoint] Total time for which application threads were stopped: 0.0034710 seconds, Stopping threads took: 0.0003217 seconds
[214.798s][info][safepoint] Application time: 0.4190592 seconds
[214.798s][info][safepoint] Entering safepoint region: GenCollectForAllocation
[214.802s][info][gc       ] GC(430) Pause Young (Allocation Failure) 2599M->1734M(5011M) 2.772ms
[214.802s][info][safepoint] Leaving safepoint region
[214.803s][info][safepoint] Total time for which application threads were stopped: 0.0045122 seconds, Stopping threads took: 0.0005187 seconds
[215.211s][info][safepoint] Application time: 0.4079028 seconds
[215.212s][info][safepoint] Entering safepoint region: GenCollectForAllocation
[215.216s][info][gc       ] GC(431) Pause Young (Allocation Failure) 2599M->1734M(5011M) 3.584ms
[215.216s][info][safepoint] Leaving safepoint region
[215.216s][info][safepoint] Total time for which application threads were stopped: 0.0047339 seconds, Stopping threads took: 0.0004001 seconds
[215.614s][info][safepoint] Application time: 0.3970632 seconds
[215.614s][info][safepoint] Entering safepoint region: GenCollectForAllocation
[215.617s][info][gc       ] GC(432) Pause Young (Allocation Failure) 2599M->1734M(5011M) 2.641ms
[215.618s][info][safepoint] Leaving safepoint region
[215.619s][info][safepoint] Total time for which application threads were stopped: 0.0042956 seconds, Stopping threads took: 0.0005196 seconds
[216.040s][info][safepoint] Application time: 0.4209083 seconds
[216.040s][info][safepoint] Entering safepoint region: GenCollectForAllocation
[216.043s][info][gc       ] GC(433) Pause Young (Allocation Failure) 2599M->1734M(5011M) 2.765ms
[216.044s][info][safepoint] Leaving safepoint region
[216.045s][info][safepoint] Total time for which application threads were stopped: 0.0043092 seconds, Stopping threads took: 0.0003719 seconds
[216.442s][info][safepoint] Application time: 0.3976149 seconds
[216.443s][info][safepoint] Entering safepoint region: GenCollectForAllocation
[216.446s][info][gc       ] GC(434) Pause Young (Allocation Failure) 2599M->1734M(5011M) 2.633ms
[216.447s][info][safepoint] Leaving safepoint region
[216.447s][info][safepoint] Total time for which application threads were stopped: 0.0041334 seconds, Stopping threads took: 0.0004397 seconds
[216.850s][info][safepoint] Application time: 0.4025756 seconds
[216.850s][info][safepoint] Entering safepoint region: GenCollectForAllocation
[216.853s][info][gc       ] GC(435) Pause Young (Allocation Failure) 2599M->1734M(5011M) 2.479ms
[216.854s][info][safepoint] Leaving safepoint region
[216.854s][info][safepoint] Total time for which application threads were stopped: 0.0037656 seconds, Stopping threads took: 0.0003768 seconds
[217.241s][info][safepoint] Application time: 0.3870927 seconds
[217.242s][info][safepoint] Entering safepoint region: GenCollectForAllocation
[217.245s][info][gc       ] GC(436) Pause Young (Allocation Failure) 2599M->1734M(5011M) 2.672ms
[217.245s][info][safepoint] Leaving safepoint region
[217.245s][info][safepoint] Total time for which application threads were stopped: 0.0035472 seconds, Stopping threads took: 0.0002004 seconds
[217.652s][info][safepoint] Application time: 0.4062337 seconds
[217.653s][info][safepoint] Entering safepoint region: GenCollectForAllocation
[217.656s][info][gc       ] GC(437) Pause Young (Allocation Failure) 2599M->1734M(5011M) 2.780ms
[217.657s][info][safepoint] Leaving safepoint region
[217.657s][info][safepoint] Total time for which application threads were stopped: 0.0045313 seconds, Stopping threads took: 0.0006076 seconds
[218.065s][info][safepoint] Application time: 0.4075654 seconds
[218.066s][info][safepoint] Entering safepoint region: GenCollectForAllocation
[218.069s][info][gc       ] GC(438) Pause Young (Allocation Failure) 2599M->1734M(5011M) 2.672ms
[218.069s][info][safepoint] Leaving safepoint region
[218.070s][info][safepoint] Total time for which application threads were stopped: 0.0041790 seconds, Stopping threads took: 0.0004301 seconds
[218.230s][info][safepoint] Application time: 0.1601818 seconds
[218.231s][info][safepoint] Entering safepoint region: GenCollectForAllocation
[218.812s][info][gc       ] GC(439) Pause Young (Allocation Failure) 2599M->2599M(5011M) 580.663ms
[218.813s][info][safepoint] Leaving safepoint region
[218.813s][info][safepoint] Total time for which application threads were stopped: 0.5820584 seconds, Stopping threads took: 0.0005580 seconds
[218.814s][info][safepoint] Application time: 0.0002220 seconds
[218.817s][info][safepoint] Entering safepoint region: CMS_Initial_Mark
[218.874s][info][gc       ] GC(440) Pause Initial Mark 2633M->2633M(5011M) 56.410ms
[218.874s][info][safepoint] Leaving safepoint region
[218.875s][info][safepoint] Total time for which application threads were stopped: 0.0608338 seconds, Stopping threads took: 0.0030336 seconds
[218.875s][info][gc       ] GC(440) Concurrent Mark
[219.046s][info][safepoint] Application time: 0.1703612 seconds
[219.046s][info][safepoint] Entering safepoint region: GenCollectForAllocation
[219.756s][info][gc       ] GC(441) Pause Young (Allocation Failure) 3413M->3470M(5011M) 709.359ms
[219.756s][info][safepoint] Leaving safepoint region
[219.757s][info][safepoint] Total time for which application threads were stopped: 0.7105772 seconds, Stopping threads took: 0.0003967 seconds
[220.008s][info][gc       ] GC(440) Concurrent Mark 1132.882ms
[220.009s][info][gc       ] GC(440) Concurrent Preclean
[220.191s][info][safepoint] Application time: 0.4338945 seconds
[220.192s][info][safepoint] Entering safepoint region: GenCollectForAllocation
[220.613s][info][gc       ] GC(440) Concurrent Preclean 603.790ms
[223.222s][info][gc       ] GC(443) Pause Full (Allocation Failure) 4336M->1734M(5011M) 3029.706ms
[223.223s][info][gc       ] GC(442) Pause Young (Allocation Failure) 4336M->1734M(5011M) 3030.492ms
[223.223s][info][safepoint] Leaving safepoint region
[223.224s][info][safepoint] Total time for which application threads were stopped: 3.0323111 seconds, Stopping threads took: 0.0005492 seconds
[223.652s][info][safepoint] Application time: 0.4273135 seconds
[223.653s][info][safepoint] Entering safepoint region: GenCollectForAllocation
[223.656s][info][gc       ] GC(444) Pause Young (Allocation Failure) 2599M->1737M(5011M) 2.571ms
[223.657s][info][safepoint] Leaving safepoint region
[223.657s][info][safepoint] Total time for which application threads were stopped: 0.0045037 seconds, Stopping threads took: 0.0006694 seconds
[224.054s][info][safepoint] Application time: 0.3966005 seconds
[224.055s][info][safepoint] Entering safepoint region: GenCollectForAllocation
[224.058s][info][gc       ] GC(445) Pause Young (Allocation Failure) 2602M->1735M(5011M) 2.743ms
[224.059s][info][safepoint] Leaving safepoint region
[224.059s][info][safepoint] Total time for which application threads were stopped: 0.0045480 seconds, Stopping threads took: 0.0003812 seconds
[224.468s][info][safepoint] Application time: 0.4082411 seconds
[224.469s][info][safepoint] Entering safepoint region: GenCollectForAllocation
[224.472s][info][gc       ] GC(446) Pause Young (Allocation Failure) 2601M->1734M(5011M) 2.581ms
[224.472s][info][safepoint] Leaving safepoint region
[224.473s][info][safepoint] Total time for which application threads were stopped: 0.0041542 seconds, Stopping threads took: 0.0005723 seconds
[224.882s][info][safepoint] Application time: 0.4088025 seconds
[224.883s][info][safepoint] Entering safepoint region: GenCollectForAllocation
[224.886s][info][gc       ] GC(447) Pause Young (Allocation Failure) 2599M->1734M(5011M) 2.598ms
[224.886s][info][safepoint] Leaving safepoint region
[224.887s][info][safepoint] Total time for which application threads were stopped: 0.0036752 seconds, Stopping threads took: 0.0003522 seconds
[225.281s][info][safepoint] Application time: 0.3939429 seconds
[225.281s][info][safepoint] Entering safepoint region: GenCollectForAllocation
[225.285s][info][gc       ] GC(448) Pause Young (Allocation Failure) 2599M->1734M(5011M) 3.207ms
[225.285s][info][safepoint] Leaving safepoint region
[225.286s][info][safepoint] Total time for which application threads were stopped: 0.0043642 seconds, Stopping threads took: 0.0004238 seconds
[225.684s][info][safepoint] Application time: 0.3979997 seconds
[225.684s][info][safepoint] Entering safepoint region: GenCollectForAllocation
[225.687s][info][gc       ] GC(449) Pause Young (Allocation Failure) 2599M->1734M(5011M) 2.788ms
[225.688s][info][safepoint] Leaving safepoint region
[225.688s][info][safepoint] Total time for which application threads were stopped: 0.0036736 seconds, Stopping threads took: 0.0002584 seconds
[226.103s][info][safepoint] Application time: 0.4150605 seconds
[226.104s][info][safepoint] Entering safepoint region: GenCollectForAllocation
[226.107s][info][gc       ] GC(450) Pause Young (Allocation Failure) 2599M->1734M(5011M) 2.678ms
[226.107s][info][safepoint] Leaving safepoint region
[226.107s][info][safepoint] Total time for which application threads were stopped: 0.0034863 seconds, Stopping threads took: 0.0001461 seconds
[226.518s][info][safepoint] Application time: 0.4101094 seconds
[226.518s][info][safepoint] Entering safepoint region: GenCollectForAllocation
[226.521s][info][gc       ] GC(451) Pause Young (Allocation Failure) 2599M->1734M(5011M) 2.594ms
[226.521s][info][safepoint] Leaving safepoint region
[226.522s][info][safepoint] Total time for which application threads were stopped: 0.0035990 seconds, Stopping threads took: 0.0002847 seconds
[226.961s][info][safepoint] Application time: 0.4391747 seconds
[226.962s][info][safepoint] Entering safepoint region: GenCollectForAllocation
[226.965s][info][gc       ] GC(452) Pause Young (Allocation Failure) 2599M->1734M(5011M) 2.927ms
[226.965s][info][safepoint] Leaving safepoint region
[226.965s][info][safepoint] Total time for which application threads were stopped: 0.0036869 seconds, Stopping threads took: 0.0001910 seconds
[227.366s][info][safepoint] Application time: 0.4005136 seconds
[227.366s][info][safepoint] Entering safepoint region: GenCollectForAllocation
[227.369s][info][gc       ] GC(453) Pause Young (Allocation Failure) 2599M->1734M(5011M) 2.628ms
[227.370s][info][safepoint] Leaving safepoint region
[227.370s][info][safepoint] Total time for which application threads were stopped: 0.0035401 seconds, Stopping threads took: 0.0002780 seconds
[227.760s][info][safepoint] Application time: 0.3903374 seconds
[227.761s][info][safepoint] Entering safepoint region: GenCollectForAllocation
[227.764s][info][gc       ] GC(454) Pause Young (Allocation Failure) 2599M->1734M(5011M) 2.904ms
[227.765s][info][safepoint] Leaving safepoint region
[227.765s][info][safepoint] Total time for which application threads were stopped: 0.0038751 seconds, Stopping threads took: 0.0002088 seconds
[228.198s][info][safepoint] Application time: 0.4325321 seconds
[228.198s][info][safepoint] Entering safepoint region: GenCollectForAllocation
[228.202s][info][gc       ] GC(455) Pause Young (Allocation Failure) 2599M->1734M(5011M) 2.704ms
[228.202s][info][safepoint] Leaving safepoint region
[228.203s][info][safepoint] Total time for which application threads were stopped: 0.0041712 seconds, Stopping threads took: 0.0004290 seconds
[228.604s][info][safepoint] Application time: 0.4012338 seconds
[228.605s][info][safepoint] Entering safepoint region: GenCollectForAllocation
[228.608s][info][gc       ] GC(456) Pause Young (Allocation Failure) 2599M->1734M(5011M) 2.879ms
[228.609s][info][safepoint] Leaving safepoint region
[228.609s][info][safepoint] Total time for which application threads were stopped: 0.0046058 seconds, Stopping threads took: 0.0006143 seconds
[229.006s][info][safepoint] Application time: 0.3953642 seconds
[229.006s][info][safepoint] Entering safepoint region: GenCollectForAllocation
[229.010s][info][gc       ] GC(457) Pause Young (Allocation Failure) 2599M->1734M(5011M) 3.154ms
[229.010s][info][safepoint] Leaving safepoint region
[229.011s][info][safepoint] Total time for which application threads were stopped: 0.0044335 seconds, Stopping threads took: 0.0004957 seconds
[229.419s][info][safepoint] Application time: 0.4083965 seconds
[229.420s][info][safepoint] Entering safepoint region: GenCollectForAllocation
[229.423s][info][gc       ] GC(458) Pause Young (Allocation Failure) 2599M->1734M(5011M) 2.528ms
[229.423s][info][safepoint] Leaving safepoint region
[229.423s][info][safepoint] Total time for which application threads were stopped: 0.0034040 seconds, Stopping threads took: 0.0001560 seconds
[229.850s][info][safepoint] Application time: 0.4263796 seconds
[229.850s][info][safepoint] Entering safepoint region: GenCollectForAllocation
[229.854s][info][gc       ] GC(459) Pause Young (Allocation Failure) 2599M->1734M(5011M) 2.812ms
[229.854s][info][safepoint] Leaving safepoint region
[229.855s][info][safepoint] Total time for which application threads were stopped: 0.0041688 seconds, Stopping threads took: 0.0003579 seconds
[230.249s][info][safepoint] Application time: 0.3939546 seconds
[230.250s][info][safepoint] Entering safepoint region: GenCollectForAllocation
[230.253s][info][gc       ] GC(460) Pause Young (Allocation Failure) 2599M->1734M(5011M) 2.723ms
[230.253s][info][safepoint] Leaving safepoint region
[230.254s][info][safepoint] Total time for which application threads were stopped: 0.0042595 seconds, Stopping threads took: 0.0004015 seconds
[230.675s][info][safepoint] Application time: 0.4209388 seconds
[230.676s][info][safepoint] Entering safepoint region: GenCollectForAllocation
[230.680s][info][gc       ] GC(461) Pause Young (Allocation Failure) 2599M->1734M(5011M) 2.811ms
[230.680s][info][safepoint] Leaving safepoint region
[230.681s][info][safepoint] Total time for which application threads were stopped: 0.0046661 seconds, Stopping threads took: 0.0005216 seconds
[231.068s][info][safepoint] Application time: 0.3868229 seconds
[231.069s][info][safepoint] Entering safepoint region: GenCollectForAllocation
[231.072s][info][gc       ] GC(462) Pause Young (Allocation Failure) 2599M->1734M(5011M) 2.506ms
[231.072s][info][safepoint] Leaving safepoint region
[231.073s][info][safepoint] Total time for which application threads were stopped: 0.0042617 seconds, Stopping threads took: 0.0005975 seconds
[231.480s][info][safepoint] Application time: 0.4068957 seconds
[231.481s][info][safepoint] Entering safepoint region: GenCollectForAllocation
[231.485s][info][gc       ] GC(463) Pause Young (Allocation Failure) 2599M->1734M(5011M) 3.021ms
[231.485s][info][safepoint] Leaving safepoint region
[231.486s][info][safepoint] Total time for which application threads were stopped: 0.0046823 seconds, Stopping threads took: 0.0005455 seconds
[231.884s][info][safepoint] Application time: 0.3979592 seconds
[231.885s][info][safepoint] Entering safepoint region: GenCollectForAllocation
[231.888s][info][gc       ] GC(464) Pause Young (Allocation Failure) 2599M->1734M(5011M) 2.754ms
[231.888s][info][safepoint] Leaving safepoint region
[231.889s][info][safepoint] Total time for which application threads were stopped: 0.0045500 seconds, Stopping threads took: 0.0001838 seconds
[232.282s][info][safepoint] Application time: 0.3924532 seconds
[232.283s][info][safepoint] Entering safepoint region: GenCollectForAllocation
[232.286s][info][gc       ] GC(465) Pause Young (Allocation Failure) 2599M->1734M(5011M) 2.773ms
[232.287s][info][safepoint] Leaving safepoint region
[232.287s][info][safepoint] Total time for which application threads were stopped: 0.0044507 seconds, Stopping threads took: 0.0005962 seconds
[232.704s][info][safepoint] Application time: 0.4162467 seconds
[232.705s][info][safepoint] Entering safepoint region: GenCollectForAllocation
[232.708s][info][gc       ] GC(466) Pause Young (Allocation Failure) 2599M->1734M(5011M) 2.632ms
[232.709s][info][safepoint] Leaving safepoint region
[232.709s][info][safepoint] Total time for which application threads were stopped: 0.0045333 seconds, Stopping threads took: 0.0004971 seconds
[233.105s][info][safepoint] Application time: 0.3950326 seconds
[233.105s][info][safepoint] Entering safepoint region: GenCollectForAllocation
[233.109s][info][gc       ] GC(467) Pause Young (Allocation Failure) 2599M->1734M(5011M) 2.800ms
[233.109s][info][safepoint] Leaving safepoint region
[233.110s][info][safepoint] Total time for which application threads were stopped: 0.0041419 seconds, Stopping threads took: 0.0003362 seconds
[233.501s][info][safepoint] Application time: 0.3907941 seconds
[233.502s][info][safepoint] Entering safepoint region: GenCollectForAllocation
[233.505s][info][gc       ] GC(468) Pause Young (Allocation Failure) 2599M->1734M(5011M) 2.604ms
[233.506s][info][safepoint] Leaving safepoint region
[233.506s][info][safepoint] Total time for which application threads were stopped: 0.0039393 seconds, Stopping threads took: 0.0007100 seconds
[233.906s][info][safepoint] Application time: 0.4000361 seconds
[233.907s][info][safepoint] Entering safepoint region: GenCollectForAllocation
[233.910s][info][gc       ] GC(469) Pause Young (Allocation Failure) 2599M->1734M(5011M) 2.605ms
[233.910s][info][safepoint] Leaving safepoint region
[233.910s][info][safepoint] Total time for which application threads were stopped: 0.0036528 seconds, Stopping threads took: 0.0003572 seconds
[234.326s][info][safepoint] Application time: 0.4153976 seconds
[234.326s][info][safepoint] Entering safepoint region: GenCollectForAllocation
[234.330s][info][gc       ] GC(470) Pause Young (Allocation Failure) 2599M->1734M(5011M) 2.952ms
[234.331s][info][safepoint] Leaving safepoint region
[234.331s][info][safepoint] Total time for which application threads were stopped: 0.0046775 seconds, Stopping threads took: 0.0004805 seconds
[234.754s][info][safepoint] Application time: 0.4223909 seconds
[234.754s][info][safepoint] Entering safepoint region: GenCollectForAllocation
[234.757s][info][gc       ] GC(471) Pause Young (Allocation Failure) 2599M->1734M(5011M) 2.439ms
[234.758s][info][safepoint] Leaving safepoint region
[234.758s][info][safepoint] Total time for which application threads were stopped: 0.0036795 seconds, Stopping threads took: 0.0004392 seconds
[235.152s][info][safepoint] Application time: 0.3934243 seconds
[235.153s][info][safepoint] Entering safepoint region: GenCollectForAllocation
[235.156s][info][gc       ] GC(472) Pause Young (Allocation Failure) 2599M->1734M(5011M) 2.920ms
[235.156s][info][safepoint] Leaving safepoint region
[235.157s][info][safepoint] Total time for which application threads were stopped: 0.0042213 seconds, Stopping threads took: 0.0002405 seconds
[235.556s][info][safepoint] Application time: 0.3984172 seconds
[235.557s][info][safepoint] Entering safepoint region: GenCollectForAllocation
[235.560s][info][gc       ] GC(473) Pause Young (Allocation Failure) 2599M->1734M(5011M) 2.804ms
[235.561s][info][safepoint] Leaving safepoint region
[235.561s][info][safepoint] Total time for which application threads were stopped: 0.0044076 seconds, Stopping threads took: 0.0006681 seconds
[235.956s][info][safepoint] Application time: 0.3950149 seconds
[235.957s][info][safepoint] Entering safepoint region: GenCollectForAllocation
[235.959s][info][gc       ] GC(474) Pause Young (Allocation Failure) 2599M->1734M(5011M) 2.497ms
[235.960s][info][safepoint] Leaving safepoint region
[235.960s][info][safepoint] Total time for which application threads were stopped: 0.0032621 seconds, Stopping threads took: 0.0001857 seconds
[236.356s][info][safepoint] Application time: 0.3954481 seconds
[236.356s][info][safepoint] Entering safepoint region: GenCollectForAllocation
[236.360s][info][gc       ] GC(475) Pause Young (Allocation Failure) 2599M->1734M(5011M) 3.324ms
[236.360s][info][safepoint] Leaving safepoint region
[236.360s][info][safepoint] Total time for which application threads were stopped: 0.0042968 seconds, Stopping threads took: 0.0003466 seconds
[236.741s][info][safepoint] Application time: 0.3800750 seconds
[236.741s][info][safepoint] Entering safepoint region: GenCollectForAllocation
[236.745s][info][gc       ] GC(476) Pause Young (Allocation Failure) 2599M->1734M(5011M) 3.389ms
[236.746s][info][safepoint] Leaving safepoint region
[236.747s][info][safepoint] Total time for which application threads were stopped: 0.0051734 seconds, Stopping threads took: 0.0006027 seconds
[237.149s][info][safepoint] Application time: 0.4018546 seconds
[237.150s][info][safepoint] Entering safepoint region: GenCollectForAllocation
[237.153s][info][gc       ] GC(477) Pause Young (Allocation Failure) 2599M->1734M(5011M) 2.813ms
[237.154s][info][safepoint] Leaving safepoint region
[237.154s][info][safepoint] Total time for which application threads were stopped: 0.0045848 seconds, Stopping threads took: 0.0006191 seconds
[237.544s][info][safepoint] Application time: 0.3889687 seconds
[237.545s][info][safepoint] Entering safepoint region: GenCollectForAllocation
[237.548s][info][gc       ] GC(478) Pause Young (Allocation Failure) 2599M->1734M(5011M) 2.550ms
[237.548s][info][safepoint] Leaving safepoint region
[237.549s][info][safepoint] Total time for which application threads were stopped: 0.0041352 seconds, Stopping threads took: 0.0003672 seconds
[237.714s][info][safepoint] Application time: 0.1644997 seconds
[237.715s][info][safepoint] Entering safepoint region: GenCollectForAllocation
[238.300s][info][gc       ] GC(479) Pause Young (Allocation Failure) 2599M->2599M(5011M) 585.024ms
[238.301s][info][safepoint] Leaving safepoint region
[238.301s][info][safepoint] Total time for which application threads were stopped: 0.5863830 seconds, Stopping threads took: 0.0005285 seconds
[238.301s][info][safepoint] Application time: 0.0001922 seconds
[238.304s][info][safepoint] Entering safepoint region: CMS_Initial_Mark
[238.357s][info][gc       ] GC(480) Pause Initial Mark 2633M->2633M(5011M) 52.532ms
[238.358s][info][safepoint] Leaving safepoint region
[238.359s][info][safepoint] Total time for which application threads were stopped: 0.0572362 seconds, Stopping threads took: 0.0030375 seconds
[238.360s][info][gc       ] GC(480) Concurrent Mark
[238.579s][info][safepoint] Application time: 0.2194567 seconds
[238.580s][info][safepoint] Entering safepoint region: GenCollectForAllocation
[239.295s][info][gc       ] GC(481) Pause Young (Allocation Failure) 3413M->3470M(5011M) 714.485ms
[239.295s][info][safepoint] Leaving safepoint region
[239.295s][info][safepoint] Total time for which application threads were stopped: 0.7158672 seconds, Stopping threads took: 0.0004820 seconds
[239.531s][info][gc       ] GC(480) Concurrent Mark 1170.982ms
[239.531s][info][gc       ] GC(480) Concurrent Preclean
[239.675s][info][safepoint] Application time: 0.3793930 seconds
[239.676s][info][safepoint] Entering safepoint region: GenCollectForAllocation
[240.158s][info][gc       ] GC(480) Concurrent Preclean 626.753ms
[242.735s][info][gc       ] GC(483) Pause Full (Allocation Failure) 4336M->1734M(5011M) 3058.757ms
[242.736s][info][gc       ] GC(482) Pause Young (Allocation Failure) 4336M->1734M(5011M) 3059.470ms
[242.737s][info][safepoint] Leaving safepoint region
[242.737s][info][safepoint] Total time for which application threads were stopped: 3.0611300 seconds, Stopping threads took: 0.0004469 seconds
[243.151s][info][safepoint] Application time: 0.4133030 seconds
[243.152s][info][safepoint] Entering safepoint region: GenCollectForAllocation
[243.155s][info][gc       ] GC(484) Pause Young (Allocation Failure) 2599M->1744M(5011M) 2.547ms
[243.155s][info][safepoint] Leaving safepoint region
[243.156s][info][safepoint] Total time for which application threads were stopped: 0.0040526 seconds, Stopping threads took: 0.0005262 seconds
[243.559s][info][safepoint] Application time: 0.4028062 seconds
[243.560s][info][safepoint] Entering safepoint region: GenCollectForAllocation
[243.563s][info][gc       ] GC(485) Pause Young (Allocation Failure) 2609M->1736M(5011M) 2.980ms
[243.564s][info][safepoint] Leaving safepoint region
[243.564s][info][safepoint] Total time for which application threads were stopped: 0.0046278 seconds, Stopping threads took: 0.0005411 seconds
[243.980s][info][safepoint] Application time: 0.4154219 seconds
[243.981s][info][safepoint] Entering safepoint region: GenCollectForAllocation
[243.984s][info][gc       ] GC(486) Pause Young (Allocation Failure) 2602M->1734M(5011M) 2.751ms
[243.985s][info][safepoint] Leaving safepoint region
[243.985s][info][safepoint] Total time for which application threads were stopped: 0.0045305 seconds, Stopping threads took: 0.0006356 seconds
[244.386s][info][safepoint] Application time: 0.3999633 seconds
[244.386s][info][safepoint] Entering safepoint region: GenCollectForAllocation
[244.390s][info][gc       ] GC(487) Pause Young (Allocation Failure) 2600M->1734M(5011M) 2.894ms
[244.391s][info][safepoint] Leaving safepoint region
[244.391s][info][safepoint] Total time for which application threads were stopped: 0.0046085 seconds, Stopping threads took: 0.0005023 seconds
[244.812s][info][safepoint] Application time: 0.4210282 seconds
[244.813s][info][safepoint] Entering safepoint region: GenCollectForAllocation
[244.816s][info][gc       ] GC(488) Pause Young (Allocation Failure) 2599M->1734M(5011M) 2.875ms
[244.817s][info][safepoint] Leaving safepoint region
[244.818s][info][safepoint] Total time for which application threads were stopped: 0.0049566 seconds, Stopping threads took: 0.0003931 seconds
[245.229s][info][safepoint] Application time: 0.4108202 seconds
[245.230s][info][safepoint] Entering safepoint region: GenCollectForAllocation
[245.233s][info][gc       ] GC(489) Pause Young (Allocation Failure) 2599M->1734M(5011M) 2.723ms
[245.234s][info][safepoint] Leaving safepoint region
[245.234s][info][safepoint] Total time for which application threads were stopped: 0.0042707 seconds, Stopping threads took: 0.0005103 seconds
[245.651s][info][safepoint] Application time: 0.4161787 seconds
[245.652s][info][safepoint] Entering safepoint region: GenCollectForAllocation
[245.657s][info][gc       ] GC(490) Pause Young (Allocation Failure) 2599M->1734M(5011M) 5.557ms
[245.658s][info][safepoint] Leaving safepoint region
[245.659s][info][safepoint] Total time for which application threads were stopped: 0.0074867 seconds, Stopping threads took: 0.0002395 seconds
[246.087s][info][safepoint] Application time: 0.4266874 seconds
[246.087s][info][safepoint] Entering safepoint region: GenCollectForAllocation
[246.090s][info][gc       ] GC(491) Pause Young (Allocation Failure) 2599M->1734M(5011M) 2.717ms
[246.090s][info][safepoint] Leaving safepoint region
[246.091s][info][safepoint] Total time for which application threads were stopped: 0.0038675 seconds, Stopping threads took: 0.0003986 seconds
[246.491s][info][safepoint] Application time: 0.3996291 seconds
[246.491s][info][safepoint] Entering safepoint region: GenCollectForAllocation
[246.494s][info][gc       ] GC(492) Pause Young (Allocation Failure) 2599M->1734M(5011M) 2.964ms
[246.495s][info][safepoint] Leaving safepoint region
[246.495s][info][safepoint] Total time for which application threads were stopped: 0.0038461 seconds, Stopping threads took: 0.0001617 seconds
[246.896s][info][safepoint] Application time: 0.4001635 seconds
[246.896s][info][safepoint] Entering safepoint region: GenCollectForAllocation
[246.899s][info][gc       ] GC(493) Pause Young (Allocation Failure) 2599M->1734M(5011M) 2.599ms
[246.900s][info][safepoint] Leaving safepoint region
[246.900s][info][safepoint] Total time for which application threads were stopped: 0.0042312 seconds, Stopping threads took: 0.0004883 seconds
[247.306s][info][safepoint] Application time: 0.4052211 seconds
[247.307s][info][safepoint] Entering safepoint region: GenCollectForAllocation
[247.310s][info][gc       ] GC(494) Pause Young (Allocation Failure) 2599M->1734M(5011M) 3.117ms
[247.311s][info][safepoint] Leaving safepoint region
[247.311s][info][safepoint] Total time for which application threads were stopped: 0.0042219 seconds, Stopping threads took: 0.0002578 seconds
[247.738s][info][safepoint] Application time: 0.4269638 seconds
[247.739s][info][safepoint] Entering safepoint region: GenCollectForAllocation
[247.742s][info][gc       ] GC(495) Pause Young (Allocation Failure) 2599M->1734M(5011M) 2.702ms
[247.742s][info][safepoint] Leaving safepoint region
[247.743s][info][safepoint] Total time for which application threads were stopped: 0.0039161 seconds, Stopping threads took: 0.0003856 seconds
[248.153s][info][safepoint] Application time: 0.4098191 seconds
[248.153s][info][safepoint] Entering safepoint region: GenCollectForAllocation
[248.157s][info][gc       ] GC(496) Pause Young (Allocation Failure) 2599M->1734M(5011M) 2.898ms
[248.158s][info][safepoint] Leaving safepoint region
[248.158s][info][safepoint] Total time for which application threads were stopped: 0.0048197 seconds, Stopping threads took: 0.0007087 seconds
[248.598s][info][safepoint] Application time: 0.4394045 seconds
[248.599s][info][safepoint] Entering safepoint region: GenCollectForAllocation
[248.602s][info][gc       ] GC(497) Pause Young (Allocation Failure) 2599M->1734M(5011M) 2.774ms
[248.602s][info][safepoint] Leaving safepoint region
[248.603s][info][safepoint] Total time for which application threads were stopped: 0.0037968 seconds, Stopping threads took: 0.0003655 seconds
[248.995s][info][safepoint] Application time: 0.3925195 seconds
[248.996s][info][safepoint] Entering safepoint region: GenCollectForAllocation
[248.999s][info][gc       ] GC(498) Pause Young (Allocation Failure) 2599M->1734M(5011M) 3.156ms
[249.000s][info][safepoint] Leaving safepoint region
[249.000s][info][safepoint] Total time for which application threads were stopped: 0.0045426 seconds, Stopping threads took: 0.0004457 seconds
[249.423s][info][safepoint] Application time: 0.4223144 seconds
[249.423s][info][safepoint] Entering safepoint region: GenCollectForAllocation
[249.427s][info][gc       ] GC(499) Pause Young (Allocation Failure) 2599M->1734M(5011M) 3.220ms
[249.428s][info][safepoint] Leaving safepoint region
[249.428s][info][safepoint] Total time for which application threads were stopped: 0.0044728 seconds, Stopping threads took: 0.0005323 seconds
[249.820s][info][safepoint] Application time: 0.3917009 seconds
[249.821s][info][safepoint] Entering safepoint region: GenCollectForAllocation
[249.823s][info][gc       ] GC(500) Pause Young (Allocation Failure) 2599M->1734M(5011M) 2.721ms
[249.824s][info][safepoint] Leaving safepoint region
[249.824s][info][safepoint] Total time for which application threads were stopped: 0.0034784 seconds, Stopping threads took: 0.0001658 seconds
[250.221s][info][safepoint] Application time: 0.3963562 seconds
[250.221s][info][safepoint] Entering safepoint region: GenCollectForAllocation
[250.224s][info][gc       ] GC(501) Pause Young (Allocation Failure) 2599M->1734M(5011M) 2.441ms
[250.225s][info][safepoint] Leaving safepoint region
[250.225s][info][safepoint] Total time for which application threads were stopped: 0.0040121 seconds, Stopping threads took: 0.0004496 seconds
[250.623s][info][safepoint] Application time: 0.3968277 seconds
[250.623s][info][safepoint] Entering safepoint region: GenCollectForAllocation
[250.626s][info][gc       ] GC(502) Pause Young (Allocation Failure) 2599M->1734M(5011M) 2.568ms
[250.626s][info][safepoint] Leaving safepoint region
[250.627s][info][safepoint] Total time for which application threads were stopped: 0.0034160 seconds, Stopping threads took: 0.0001496 seconds
[251.042s][info][safepoint] Application time: 0.4149328 seconds
[251.042s][info][safepoint] Entering safepoint region: GenCollectForAllocation
[251.046s][info][gc       ] GC(503) Pause Young (Allocation Failure) 2599M->1734M(5011M) 2.754ms
[251.046s][info][safepoint] Leaving safepoint region
[251.046s][info][safepoint] Total time for which application threads were stopped: 0.0040675 seconds, Stopping threads took: 0.0003748 seconds
[251.460s][info][safepoint] Application time: 0.4133787 seconds
[251.461s][info][safepoint] Entering safepoint region: GenCollectForAllocation
[251.464s][info][gc       ] GC(504) Pause Young (Allocation Failure) 2599M->1734M(5011M) 2.521ms
[251.464s][info][safepoint] Leaving safepoint region
[251.464s][info][safepoint] Total time for which application threads were stopped: 0.0034086 seconds, Stopping threads took: 0.0001861 seconds
[251.898s][info][safepoint] Application time: 0.4333544 seconds
[251.899s][info][safepoint] Entering safepoint region: GenCollectForAllocation
[251.902s][info][gc       ] GC(505) Pause Young (Allocation Failure) 2599M->1734M(5011M) 2.471ms
[251.902s][info][safepoint] Leaving safepoint region
[251.902s][info][safepoint] Total time for which application threads were stopped: 0.0038749 seconds, Stopping threads took: 0.0005315 seconds
[252.324s][info][safepoint] Application time: 0.4209208 seconds
[252.324s][info][safepoint] Entering safepoint region: GenCollectForAllocation
[252.328s][info][gc       ] GC(506) Pause Young (Allocation Failure) 2599M->1734M(5011M) 2.842ms
[252.329s][info][safepoint] Leaving safepoint region
[252.329s][info][safepoint] Total time for which application threads were stopped: 0.0047040 seconds, Stopping threads took: 0.0005771 seconds
[252.742s][info][safepoint] Application time: 0.4123365 seconds
[252.742s][info][safepoint] Entering safepoint region: GenCollectForAllocation
[252.746s][info][gc       ] GC(507) Pause Young (Allocation Failure) 2599M->1734M(5011M) 2.786ms
[252.746s][info][safepoint] Leaving safepoint region
[252.746s][info][safepoint] Total time for which application threads were stopped: 0.0038783 seconds, Stopping threads took: 0.0003986 seconds
[253.163s][info][safepoint] Application time: 0.4165898 seconds
[253.164s][info][safepoint] Entering safepoint region: GenCollectForAllocation
[253.167s][info][gc       ] GC(508) Pause Young (Allocation Failure) 2599M->1734M(5011M) 3.085ms
[253.168s][info][safepoint] Leaving safepoint region
[253.168s][info][safepoint] Total time for which application threads were stopped: 0.0040375 seconds, Stopping threads took: 0.0001557 seconds
[253.619s][info][safepoint] Application time: 0.4508550 seconds
[253.620s][info][safepoint] Entering safepoint region: GenCollectForAllocation
[253.623s][info][gc       ] GC(509) Pause Young (Allocation Failure) 2599M->1734M(5011M) 2.453ms
[253.623s][info][safepoint] Leaving safepoint region
[253.624s][info][safepoint] Total time for which application threads were stopped: 0.0039963 seconds, Stopping threads took: 0.0004301 seconds
[254.045s][info][safepoint] Application time: 0.4207793 seconds
[254.046s][info][safepoint] Entering safepoint region: GenCollectForAllocation
[254.049s][info][gc       ] GC(510) Pause Young (Allocation Failure) 2599M->1734M(5011M) 2.502ms
[254.049s][info][safepoint] Leaving safepoint region
[254.050s][info][safepoint] Total time for which application threads were stopped: 0.0040310 seconds, Stopping threads took: 0.0005284 seconds
[254.444s][info][safepoint] Application time: 0.3938912 seconds
[254.444s][info][safepoint] Entering safepoint region: GenCollectForAllocation
[254.448s][info][gc       ] GC(511) Pause Young (Allocation Failure) 2599M->1734M(5011M) 3.269ms
[254.449s][info][safepoint] Leaving safepoint region
[254.449s][info][safepoint] Total time for which application threads were stopped: 0.0050269 seconds, Stopping threads took: 0.0003284 seconds
[254.850s][info][safepoint] Application time: 0.4002300 seconds
[254.851s][info][safepoint] Entering safepoint region: GenCollectForAllocation
[254.854s][info][gc       ] GC(512) Pause Young (Allocation Failure) 2599M->1734M(5011M) 2.780ms
[254.855s][info][safepoint] Leaving safepoint region
[254.855s][info][safepoint] Total time for which application threads were stopped: 0.0042828 seconds, Stopping threads took: 0.0001550 seconds
[255.253s][info][safepoint] Application time: 0.3976377 seconds
[255.254s][info][safepoint] Entering safepoint region: GenCollectForAllocation
[255.257s][info][gc       ] GC(513) Pause Young (Allocation Failure) 2599M->1734M(5011M) 2.790ms
[255.258s][info][safepoint] Leaving safepoint region
[255.259s][info][safepoint] Total time for which application threads were stopped: 0.0050082 seconds, Stopping threads took: 0.0005622 seconds
[255.661s][info][safepoint] Application time: 0.4009612 seconds
[255.661s][info][safepoint] Entering safepoint region: GenCollectForAllocation
[255.664s][info][gc       ] GC(514) Pause Young (Allocation Failure) 2599M->1734M(5011M) 2.821ms
[255.665s][info][safepoint] Leaving safepoint region
[255.665s][info][safepoint] Total time for which application threads were stopped: 0.0038767 seconds, Stopping threads took: 0.0002905 seconds
[256.089s][info][safepoint] Application time: 0.4235145 seconds
[256.089s][info][safepoint] Entering safepoint region: GenCollectForAllocation
[256.093s][info][gc       ] GC(515) Pause Young (Allocation Failure) 2599M->1734M(5011M) 3.109ms
[256.093s][info][safepoint] Leaving safepoint region
[256.094s][info][safepoint] Total time for which application threads were stopped: 0.0041737 seconds, Stopping threads took: 0.0003536 seconds
[256.490s][info][safepoint] Application time: 0.3966508 seconds
[256.491s][info][safepoint] Entering safepoint region: GenCollectForAllocation
[256.494s][info][gc       ] GC(516) Pause Young (Allocation Failure) 2599M->1734M(5011M) 2.696ms
[256.495s][info][safepoint] Leaving safepoint region
[256.495s][info][safepoint] Total time for which application threads were stopped: 0.0038103 seconds, Stopping threads took: 0.0004343 seconds
[256.881s][info][safepoint] Application time: 0.3856473 seconds
[256.881s][info][safepoint] Entering safepoint region: GenCollectForAllocation
[256.885s][info][gc       ] GC(517) Pause Young (Allocation Failure) 2599M->1734M(5011M) 3.400ms
[256.886s][info][safepoint] Leaving safepoint region
[256.886s][info][safepoint] Total time for which application threads were stopped: 0.0049877 seconds, Stopping threads took: 0.0005317 seconds
[257.276s][info][safepoint] Application time: 0.3885753 seconds
[257.276s][info][safepoint] Entering safepoint region: GenCollectForAllocation
[257.279s][info][gc       ] GC(518) Pause Young (Allocation Failure) 2599M->1734M(5011M) 2.496ms
[257.280s][info][safepoint] Leaving safepoint region
[257.280s][info][safepoint] Total time for which application threads were stopped: 0.0038929 seconds, Stopping threads took: 0.0004706 seconds
[257.436s][info][safepoint] Application time: 0.1550355 seconds
[257.436s][info][safepoint] Entering safepoint region: GenCollectForAllocation
[258.034s][info][gc       ] GC(519) Pause Young (Allocation Failure) 2599M->2597M(5011M) 597.062ms
[258.034s][info][safepoint] Leaving safepoint region
[258.034s][info][safepoint] Total time for which application threads were stopped: 0.5983871 seconds, Stopping threads took: 0.0005022 seconds
[258.035s][info][safepoint] Application time: 0.0000930 seconds
[258.038s][info][safepoint] Entering safepoint region: CMS_Initial_Mark
[258.094s][info][gc       ] GC(520) Pause Initial Mark 2632M->2632M(5011M) 55.787ms
[258.095s][info][safepoint] Leaving safepoint region
[258.095s][info][safepoint] Total time for which application threads were stopped: 0.0604541 seconds, Stopping threads took: 0.0029829 seconds
[258.096s][info][gc       ] GC(520) Concurrent Mark
[258.233s][info][safepoint] Application time: 0.1371942 seconds
[258.234s][info][safepoint] Entering safepoint region: GenCollectForAllocation
[258.958s][info][gc       ] GC(521) Pause Young (Allocation Failure) 3411M->3470M(5011M) 724.244ms
[258.959s][info][safepoint] Leaving safepoint region
[258.959s][info][safepoint] Total time for which application threads were stopped: 0.7255007 seconds, Stopping threads took: 0.0004963 seconds
[259.229s][info][gc       ] GC(520) Concurrent Mark 1132.437ms
[259.229s][info][gc       ] GC(520) Concurrent Preclean
[259.389s][info][safepoint] Application time: 0.4293258 seconds
[259.389s][info][safepoint] Entering safepoint region: GenCollectForAllocation
[259.859s][info][gc       ] GC(520) Concurrent Preclean 629.991ms
[262.451s][info][gc       ] GC(523) Pause Full (Allocation Failure) 4336M->1734M(5011M) 3061.400ms
[262.452s][info][gc       ] GC(522) Pause Young (Allocation Failure) 4336M->1734M(5011M) 3062.160ms
[262.452s][info][safepoint] Leaving safepoint region
[262.453s][info][safepoint] Total time for which application threads were stopped: 3.0639043 seconds, Stopping threads took: 0.0003765 seconds
[262.880s][info][safepoint] Application time: 0.4259822 seconds
[262.880s][info][safepoint] Entering safepoint region: GenCollectForAllocation
[262.883s][info][gc       ] GC(524) Pause Young (Allocation Failure) 2599M->1744M(5011M) 2.789ms
[262.884s][info][safepoint] Leaving safepoint region
[262.884s][info][safepoint] Total time for which application threads were stopped: 0.0040480 seconds, Stopping threads took: 0.0003259 seconds
[263.282s][info][safepoint] Application time: 0.3977830 seconds
[263.283s][info][safepoint] Entering safepoint region: GenCollectForAllocation
[263.286s][info][gc       ] GC(525) Pause Young (Allocation Failure) 2609M->1736M(5011M) 2.921ms
[263.287s][info][safepoint] Leaving safepoint region
[263.287s][info][safepoint] Total time for which application threads were stopped: 0.0040307 seconds, Stopping threads took: 0.0003476 seconds
[263.714s][info][safepoint] Application time: 0.4269362 seconds
[263.714s][info][safepoint] Entering safepoint region: GenCollectForAllocation
[263.717s][info][gc       ] GC(526) Pause Young (Allocation Failure) 2602M->1734M(5011M) 2.607ms
[263.718s][info][safepoint] Leaving safepoint region
[263.719s][info][safepoint] Total time for which application threads were stopped: 0.0046818 seconds, Stopping threads took: 0.0003448 seconds
[264.110s][info][safepoint] Application time: 0.3897947 seconds
[264.110s][info][safepoint] Entering safepoint region: GenCollectForAllocation
[264.113s][info][gc       ] GC(527) Pause Young (Allocation Failure) 2600M->1734M(5011M) 2.807ms
[264.114s][info][safepoint] Leaving safepoint region
[264.114s][info][safepoint] Total time for which application threads were stopped: 0.0037853 seconds, Stopping threads took: 0.0001841 seconds
[264.527s][info][safepoint] Application time: 0.4131347 seconds
[264.528s][info][safepoint] Entering safepoint region: GenCollectForAllocation
[264.532s][info][gc       ] GC(528) Pause Young (Allocation Failure) 2599M->1734M(5011M) 3.149ms
[264.532s][info][safepoint] Leaving safepoint region
[264.533s][info][safepoint] Total time for which application threads were stopped: 0.0047067 seconds, Stopping threads took: 0.0004335 seconds
[264.932s][info][safepoint] Application time: 0.3986782 seconds
[264.932s][info][safepoint] Entering safepoint region: GenCollectForAllocation
[264.935s][info][gc       ] GC(529) Pause Young (Allocation Failure) 2599M->1734M(5011M) 2.632ms
[264.936s][info][safepoint] Leaving safepoint region
[264.936s][info][safepoint] Total time for which application threads were stopped: 0.0034933 seconds, Stopping threads took: 0.0001849 seconds
[265.336s][info][safepoint] Application time: 0.3993673 seconds
[265.336s][info][safepoint] Entering safepoint region: GenCollectForAllocation
[265.339s][info][gc       ] GC(530) Pause Young (Allocation Failure) 2599M->1734M(5011M) 2.876ms
[265.340s][info][safepoint] Leaving safepoint region
[265.340s][info][safepoint] Total time for which application threads were stopped: 0.0040653 seconds, Stopping threads took: 0.0003602 seconds
[265.739s][info][safepoint] Application time: 0.3983616 seconds
[265.739s][info][safepoint] Entering safepoint region: GenCollectForAllocation
[265.742s][info][gc       ] GC(531) Pause Young (Allocation Failure) 2599M->1734M(5011M) 2.577ms
[265.743s][info][safepoint] Leaving safepoint region
[265.743s][info][safepoint] Total time for which application threads were stopped: 0.0034801 seconds, Stopping threads took: 0.0001853 seconds
[266.161s][info][safepoint] Application time: 0.4173986 seconds
[266.161s][info][safepoint] Entering safepoint region: GenCollectForAllocation
[266.164s][info][gc       ] GC(532) Pause Young (Allocation Failure) 2599M->1734M(5011M) 2.795ms
[266.165s][info][safepoint] Leaving safepoint region
[266.165s][info][safepoint] Total time for which application threads were stopped: 0.0039835 seconds, Stopping threads took: 0.0005111 seconds
[266.554s][info][safepoint] Application time: 0.3891549 seconds
[266.555s][info][safepoint] Entering safepoint region: GenCollectForAllocation
[266.558s][info][gc       ] GC(533) Pause Young (Allocation Failure) 2599M->1734M(5011M) 2.849ms
[266.559s][info][safepoint] Leaving safepoint region
[266.559s][info][safepoint] Total time for which application threads were stopped: 0.0042005 seconds, Stopping threads took: 0.0003878 seconds
[266.953s][info][safepoint] Application time: 0.3941361 seconds
[266.954s][info][safepoint] Entering safepoint region: GenCollectForAllocation
[266.957s][info][gc       ] GC(534) Pause Young (Allocation Failure) 2599M->1734M(5011M) 2.780ms
[266.958s][info][safepoint] Leaving safepoint region
[266.958s][info][safepoint] Total time for which application threads were stopped: 0.0046901 seconds, Stopping threads took: 0.0003301 seconds
[267.365s][info][safepoint] Application time: 0.4058818 seconds
[267.366s][info][safepoint] Entering safepoint region: GenCollectForAllocation
[267.369s][info][gc       ] GC(535) Pause Young (Allocation Failure) 2599M->1734M(5011M) 3.140ms
[267.370s][info][safepoint] Leaving safepoint region
[267.370s][info][safepoint] Total time for which application threads were stopped: 0.0043794 seconds, Stopping threads took: 0.0002716 seconds
[267.755s][info][safepoint] Application time: 0.3840713 seconds
[267.755s][info][safepoint] Entering safepoint region: GenCollectForAllocation
[267.758s][info][gc       ] GC(536) Pause Young (Allocation Failure) 2599M->1734M(5011M) 2.497ms
[267.758s][info][safepoint] Leaving safepoint region
[267.759s][info][safepoint] Total time for which application threads were stopped: 0.0037480 seconds, Stopping threads took: 0.0003444 seconds
[268.174s][info][safepoint] Application time: 0.4153638 seconds
[268.175s][info][safepoint] Entering safepoint region: GenCollectForAllocation
[268.181s][info][gc       ] GC(537) Pause Young (Allocation Failure) 2599M->1734M(5011M) 5.788ms
[268.182s][info][safepoint] Leaving safepoint region
[268.182s][info][safepoint] Total time for which application threads were stopped: 0.0070934 seconds, Stopping threads took: 0.0002793 seconds
[268.601s][info][safepoint] Application time: 0.4189353 seconds
[268.602s][info][safepoint] Entering safepoint region: GenCollectForAllocation
[268.605s][info][gc       ] GC(538) Pause Young (Allocation Failure) 2599M->1734M(5011M) 2.577ms
[268.605s][info][safepoint] Leaving safepoint region
[268.606s][info][safepoint] Total time for which application threads were stopped: 0.0040503 seconds, Stopping threads took: 0.0003627 seconds
[268.997s][info][safepoint] Application time: 0.3905368 seconds
[268.998s][info][safepoint] Entering safepoint region: GenCollectForAllocation
[269.001s][info][gc       ] GC(539) Pause Young (Allocation Failure) 2599M->1734M(5011M) 2.896ms
[269.001s][info][safepoint] Leaving safepoint region
[269.002s][info][safepoint] Total time for which application threads were stopped: 0.0041582 seconds, Stopping threads took: 0.0003895 seconds
[269.405s][info][safepoint] Application time: 0.4030675 seconds
[269.406s][info][safepoint] Entering safepoint region: GenCollectForAllocation
[269.409s][info][gc       ] GC(540) Pause Young (Allocation Failure) 2599M->1734M(5011M) 2.994ms
[269.409s][info][safepoint] Leaving safepoint region
[269.410s][info][safepoint] Total time for which application threads were stopped: 0.0040534 seconds, Stopping threads took: 0.0003977 seconds
[269.794s][info][safepoint] Application time: 0.3842472 seconds
[269.795s][info][safepoint] Entering safepoint region: GenCollectForAllocation
[269.797s][info][gc       ] GC(541) Pause Young (Allocation Failure) 2599M->1734M(5011M) 2.574ms
[269.798s][info][safepoint] Leaving safepoint region
[269.798s][info][safepoint] Total time for which application threads were stopped: 0.0034222 seconds, Stopping threads took: 0.0001823 seconds
[270.211s][info][safepoint] Application time: 0.4122661 seconds
[270.211s][info][safepoint] Entering safepoint region: GenCollectForAllocation
[270.215s][info][gc       ] GC(542) Pause Young (Allocation Failure) 2599M->1734M(5011M) 2.816ms
[270.215s][info][safepoint] Leaving safepoint region
[270.216s][info][safepoint] Total time for which application threads were stopped: 0.0043058 seconds, Stopping threads took: 0.0004078 seconds
[270.647s][info][safepoint] Application time: 0.4306235 seconds
[270.647s][info][safepoint] Entering safepoint region: GenCollectForAllocation
[270.651s][info][gc       ] GC(543) Pause Young (Allocation Failure) 2599M->1734M(5011M) 2.779ms
[270.651s][info][safepoint] Leaving safepoint region
[270.652s][info][safepoint] Total time for which application threads were stopped: 0.0043578 seconds, Stopping threads took: 0.0003981 seconds
[271.069s][info][safepoint] Application time: 0.4163995 seconds
[271.069s][info][safepoint] Entering safepoint region: GenCollectForAllocation
[271.073s][info][gc       ] GC(544) Pause Young (Allocation Failure) 2599M->1734M(5011M) 2.858ms
[271.073s][info][safepoint] Leaving safepoint region
[271.073s][info][safepoint] Total time for which application threads were stopped: 0.0041629 seconds, Stopping threads took: 0.0003731 seconds
[271.493s][info][safepoint] Application time: 0.4190199 seconds
[271.493s][info][safepoint] Entering safepoint region: GenCollectForAllocation
[271.497s][info][gc       ] GC(545) Pause Young (Allocation Failure) 2599M->1734M(5011M) 3.296ms
[271.498s][info][safepoint] Leaving safepoint region
[271.498s][info][safepoint] Total time for which application threads were stopped: 0.0050140 seconds, Stopping threads took: 0.0003609 seconds
[271.894s][info][safepoint] Application time: 0.3947603 seconds
[271.894s][info][safepoint] Entering safepoint region: GenCollectForAllocation
[271.897s][info][gc       ] GC(546) Pause Young (Allocation Failure) 2599M->1734M(5011M) 2.560ms
[271.897s][info][safepoint] Leaving safepoint region
[271.898s][info][safepoint] Total time for which application threads were stopped: 0.0035986 seconds, Stopping threads took: 0.0003365 seconds
[272.299s][info][safepoint] Application time: 0.4013863 seconds
[272.300s][info][safepoint] Entering safepoint region: GenCollectForAllocation
[272.303s][info][gc       ] GC(547) Pause Young (Allocation Failure) 2599M->1734M(5011M) 2.594ms
[272.303s][info][safepoint] Leaving safepoint region
[272.304s][info][safepoint] Total time for which application threads were stopped: 0.0037879 seconds, Stopping threads took: 0.0003194 seconds
[272.697s][info][safepoint] Application time: 0.3932274 seconds
[272.698s][info][safepoint] Entering safepoint region: GenCollectForAllocation
[272.701s][info][gc       ] GC(548) Pause Young (Allocation Failure) 2599M->1734M(5011M) 3.082ms
[272.702s][info][safepoint] Leaving safepoint region
[272.702s][info][safepoint] Total time for which application threads were stopped: 0.0043036 seconds, Stopping threads took: 0.0003206 seconds
[273.118s][info][safepoint] Application time: 0.4158482 seconds
[273.119s][info][safepoint] Entering safepoint region: GenCollectForAllocation
[273.122s][info][gc       ] GC(549) Pause Young (Allocation Failure) 2599M->1734M(5011M) 2.982ms
[273.123s][info][safepoint] Leaving safepoint region
[273.124s][info][safepoint] Total time for which application threads were stopped: 0.0048877 seconds, Stopping threads took: 0.0006788 seconds
[273.572s][info][safepoint] Application time: 0.4474367 seconds
[273.572s][info][safepoint] Entering safepoint region: GenCollectForAllocation
[273.576s][info][gc       ] GC(550) Pause Young (Allocation Failure) 2599M->1734M(5011M) 2.768ms
[273.576s][info][safepoint] Leaving safepoint region
[273.577s][info][safepoint] Total time for which application threads were stopped: 0.0044226 seconds, Stopping threads took: 0.0005341 seconds
[273.987s][info][safepoint] Application time: 0.4095163 seconds
[273.987s][info][safepoint] Entering safepoint region: GenCollectForAllocation
[273.990s][info][gc       ] GC(551) Pause Young (Allocation Failure) 2599M->1734M(5011M) 2.780ms
[273.991s][info][safepoint] Leaving safepoint region
[273.991s][info][safepoint] Total time for which application threads were stopped: 0.0037800 seconds, Stopping threads took: 0.0002105 seconds
[274.413s][info][safepoint] Application time: 0.4214642 seconds
[274.413s][info][safepoint] Entering safepoint region: GenCollectForAllocation
[274.417s][info][gc       ] GC(552) Pause Young (Allocation Failure) 2599M->1734M(5011M) 2.735ms
[274.417s][info][safepoint] Leaving safepoint region
[274.418s][info][safepoint] Total time for which application threads were stopped: 0.0042206 seconds, Stopping threads took: 0.0005745 seconds
[274.839s][info][safepoint] Application time: 0.4204544 seconds
[274.839s][info][safepoint] Entering safepoint region: GenCollectForAllocation
[274.842s][info][gc       ] GC(553) Pause Young (Allocation Failure) 2599M->1734M(5011M) 2.854ms
[274.842s][info][safepoint] Leaving safepoint region
[274.843s][info][safepoint] Total time for which application threads were stopped: 0.0039855 seconds, Stopping threads took: 0.0003310 seconds
[275.245s][info][safepoint] Application time: 0.4015562 seconds
[275.245s][info][safepoint] Entering safepoint region: GenCollectForAllocation
[275.249s][info][gc       ] GC(554) Pause Young (Allocation Failure) 2599M->1734M(5011M) 2.792ms
[275.249s][info][safepoint] Leaving safepoint region
[275.249s][info][safepoint] Total time for which application threads were stopped: 0.0039009 seconds, Stopping threads took: 0.0003555 seconds
[275.647s][info][safepoint] Application time: 0.3971703 seconds
[275.648s][info][safepoint] Entering safepoint region: GenCollectForAllocation
[275.651s][info][gc       ] GC(555) Pause Young (Allocation Failure) 2599M->1734M(5011M) 2.531ms
[275.651s][info][safepoint] Leaving safepoint region
[275.652s][info][safepoint] Total time for which application threads were stopped: 0.0043796 seconds, Stopping threads took: 0.0006405 seconds
[276.048s][info][safepoint] Application time: 0.3954232 seconds
[276.048s][info][safepoint] Entering safepoint region: GenCollectForAllocation
[276.052s][info][gc       ] GC(556) Pause Young (Allocation Failure) 2599M->1734M(5011M) 2.794ms
[276.052s][info][safepoint] Leaving safepoint region
[276.053s][info][safepoint] Total time for which application threads were stopped: 0.0042138 seconds, Stopping threads took: 0.0004578 seconds
[276.429s][info][safepoint] Application time: 0.3756986 seconds
[276.429s][info][safepoint] Entering safepoint region: GenCollectForAllocation
[276.433s][info][gc       ] GC(557) Pause Young (Allocation Failure) 2599M->1734M(5011M) 3.070ms
[276.433s][info][safepoint] Leaving safepoint region
[276.434s][info][safepoint] Total time for which application threads were stopped: 0.0046693 seconds, Stopping threads took: 0.0003982 seconds
[276.841s][info][safepoint] Application time: 0.4062438 seconds
[276.841s][info][safepoint] Entering safepoint region: GenCollectForAllocation
[276.844s][info][gc       ] GC(558) Pause Young (Allocation Failure) 2599M->1734M(5011M) 2.895ms
[276.845s][info][safepoint] Leaving safepoint region
[276.845s][info][safepoint] Total time for which application threads were stopped: 0.0039166 seconds, Stopping threads took: 0.0003279 seconds
[277.043s][info][safepoint] Application time: 0.1979627 seconds
[277.044s][info][safepoint] Entering safepoint region: GenCollectForAllocation
[277.632s][info][gc       ] GC(559) Pause Young (Allocation Failure) 2599M->2599M(5011M) 587.188ms
[277.632s][info][safepoint] Leaving safepoint region
[277.632s][info][safepoint] Total time for which application threads were stopped: 0.5883254 seconds, Stopping threads took: 0.0004797 seconds
[277.632s][info][safepoint] Application time: 0.0001094 seconds
[277.635s][info][safepoint] Entering safepoint region: CMS_Initial_Mark
[277.695s][info][gc       ] GC(560) Pause Initial Mark 2633M->2633M(5011M) 58.942ms
[277.695s][info][safepoint] Leaving safepoint region
[277.696s][info][safepoint] Total time for which application threads were stopped: 0.0633764 seconds, Stopping threads took: 0.0031561 seconds
[277.696s][info][gc       ] GC(560) Concurrent Mark
[277.931s][info][gc       ] GC(560) Concurrent Mark 234.528ms
[277.932s][info][safepoint] Application time: 0.2352713 seconds
[277.932s][info][safepoint] Entering safepoint region: GenCollectForAllocation
[278.662s][info][gc       ] GC(561) Pause Young (Allocation Failure) 3413M->3470M(5011M) 729.638ms
[278.663s][info][safepoint] Leaving safepoint region
[278.663s][info][safepoint] Total time for which application threads were stopped: 0.7309483 seconds, Stopping threads took: 0.0005091 seconds
[278.663s][info][gc       ] GC(560) Concurrent Preclean
[279.096s][info][safepoint] Application time: 0.4323966 seconds
[279.097s][info][safepoint] Entering safepoint region: GenCollectForAllocation
[279.337s][info][gc       ] GC(560) Concurrent Preclean 674.169ms
[281.918s][info][gc       ] GC(563) Pause Full (Allocation Failure) 4336M->1734M(5011M) 2820.748ms
[281.918s][info][gc       ] GC(562) Pause Young (Allocation Failure) 4336M->1734M(5011M) 2821.227ms
[281.918s][info][safepoint] Leaving safepoint region
[281.919s][info][safepoint] Total time for which application threads were stopped: 2.8220531 seconds, Stopping threads took: 0.0002543 seconds
[282.326s][info][safepoint] Application time: 0.4068761 seconds
[282.326s][info][safepoint] Entering safepoint region: GenCollectForAllocation
[282.330s][info][gc       ] GC(564) Pause Young (Allocation Failure) 2599M->1747M(5011M) 2.827ms
[282.330s][info][safepoint] Leaving safepoint region
[282.330s][info][safepoint] Total time for which application threads were stopped: 0.0038981 seconds, Stopping threads took: 0.0003498 seconds
[282.721s][info][safepoint] Application time: 0.3901657 seconds
[282.721s][info][safepoint] Entering safepoint region: GenCollectForAllocation
[282.726s][info][gc       ] GC(565) Pause Young (Allocation Failure) 2613M->1736M(5011M) 2.716ms
[282.726s][info][safepoint] Leaving safepoint region
[282.726s][info][safepoint] Total time for which application threads were stopped: 0.0050444 seconds, Stopping threads took: 0.0015878 seconds
[283.113s][info][safepoint] Application time: 0.3861484 seconds
[283.113s][info][safepoint] Entering safepoint region: GenCollectForAllocation
[283.117s][info][gc       ] GC(566) Pause Young (Allocation Failure) 2602M->1735M(5011M) 2.873ms
[283.117s][info][safepoint] Leaving safepoint region
[283.117s][info][safepoint] Total time for which application threads were stopped: 0.0040515 seconds, Stopping threads took: 0.0003469 seconds
[283.525s][info][safepoint] Application time: 0.4072622 seconds
[283.525s][info][safepoint] Entering safepoint region: GenCollectForAllocation
[283.528s][info][gc       ] GC(567) Pause Young (Allocation Failure) 2600M->1734M(5011M) 2.830ms
[283.529s][info][safepoint] Leaving safepoint region
[283.529s][info][safepoint] Total time for which application threads were stopped: 0.0039034 seconds, Stopping threads took: 0.0003507 seconds
[283.943s][info][safepoint] Application time: 0.4133318 seconds
[283.943s][info][safepoint] Entering safepoint region: GenCollectForAllocation
[283.946s][info][gc       ] GC(568) Pause Young (Allocation Failure) 2599M->1734M(5011M) 2.550ms
[283.946s][info][safepoint] Leaving safepoint region
[283.947s][info][safepoint] Total time for which application threads were stopped: 0.0034718 seconds, Stopping threads took: 0.0001351 seconds
[284.368s][info][safepoint] Application time: 0.4207900 seconds
[284.368s][info][safepoint] Entering safepoint region: GenCollectForAllocation
[284.371s][info][gc       ] GC(569) Pause Young (Allocation Failure) 2599M->1734M(5011M) 2.698ms
[284.372s][info][safepoint] Leaving safepoint region
[284.372s][info][safepoint] Total time for which application threads were stopped: 0.0040086 seconds, Stopping threads took: 0.0002785 seconds
[284.766s][info][safepoint] Application time: 0.3933769 seconds
[284.766s][info][safepoint] Entering safepoint region: GenCollectForAllocation
[284.770s][info][gc       ] GC(570) Pause Young (Allocation Failure) 2599M->1734M(5011M) 2.889ms
[284.770s][info][safepoint] Leaving safepoint region
[284.771s][info][safepoint] Total time for which application threads were stopped: 0.0043561 seconds, Stopping threads took: 0.0005124 seconds
[285.169s][info][safepoint] Application time: 0.3980919 seconds
[285.170s][info][safepoint] Entering safepoint region: GenCollectForAllocation
[285.173s][info][gc       ] GC(571) Pause Young (Allocation Failure) 2599M->1734M(5011M) 2.840ms
[285.174s][info][safepoint] Leaving safepoint region
[285.174s][info][safepoint] Total time for which application threads were stopped: 0.0045662 seconds, Stopping threads took: 0.0005024 seconds
[285.578s][info][safepoint] Application time: 0.4034769 seconds
[285.579s][info][safepoint] Entering safepoint region: GenCollectForAllocation
[285.583s][info][gc       ] GC(572) Pause Young (Allocation Failure) 2599M->1734M(5011M) 3.150ms
[285.583s][info][safepoint] Leaving safepoint region
[285.584s][info][safepoint] Total time for which application threads were stopped: 0.0047062 seconds, Stopping threads took: 0.0003787 seconds
[285.981s][info][safepoint] Application time: 0.3969030 seconds
[285.981s][info][safepoint] Entering safepoint region: GenCollectForAllocation
[285.985s][info][gc       ] GC(573) Pause Young (Allocation Failure) 2599M->1734M(5011M) 2.669ms
[285.985s][info][safepoint] Leaving safepoint region
[285.985s][info][safepoint] Total time for which application threads were stopped: 0.0036408 seconds, Stopping threads took: 0.0003413 seconds
[286.384s][info][safepoint] Application time: 0.3983554 seconds
[286.384s][info][safepoint] Entering safepoint region: GenCollectForAllocation
[286.387s][info][gc       ] GC(574) Pause Young (Allocation Failure) 2599M->1734M(5011M) 2.492ms
[286.388s][info][safepoint] Leaving safepoint region
[286.389s][info][safepoint] Total time for which application threads were stopped: 0.0043005 seconds, Stopping threads took: 0.0005992 seconds
[286.793s][info][safepoint] Application time: 0.4036475 seconds
[286.793s][info][safepoint] Entering safepoint region: GenCollectForAllocation
[286.796s][info][gc       ] GC(575) Pause Young (Allocation Failure) 2599M->1734M(5011M) 2.760ms
[286.797s][info][safepoint] Leaving safepoint region
[286.797s][info][safepoint] Total time for which application threads were stopped: 0.0039194 seconds, Stopping threads took: 0.0003636 seconds
[287.210s][info][safepoint] Application time: 0.4125560 seconds
[287.211s][info][safepoint] Entering safepoint region: GenCollectForAllocation
[287.214s][info][gc       ] GC(576) Pause Young (Allocation Failure) 2599M->1734M(5011M) 2.509ms
[287.214s][info][safepoint] Leaving safepoint region
[287.215s][info][safepoint] Total time for which application threads were stopped: 0.0042934 seconds, Stopping threads took: 0.0005354 seconds
[287.646s][info][safepoint] Application time: 0.4302105 seconds
[287.646s][info][safepoint] Entering safepoint region: GenCollectForAllocation
[287.649s][info][gc       ] GC(577) Pause Young (Allocation Failure) 2599M->1734M(5011M) 2.560ms
[287.649s][info][safepoint] Leaving safepoint region
[287.650s][info][safepoint] Total time for which application threads were stopped: 0.0037863 seconds, Stopping threads took: 0.0002342 seconds
[288.088s][info][safepoint] Application time: 0.4373960 seconds
[288.088s][info][safepoint] Entering safepoint region: GenCollectForAllocation
[288.091s][info][gc       ] GC(578) Pause Young (Allocation Failure) 2599M->1734M(5011M) 2.637ms
[288.092s][info][safepoint] Leaving safepoint region
[288.092s][info][safepoint] Total time for which application threads were stopped: 0.0036350 seconds, Stopping threads took: 0.0001747 seconds
[288.521s][info][safepoint] Application time: 0.4286781 seconds
[288.521s][info][safepoint] Entering safepoint region: GenCollectForAllocation
[288.524s][info][gc       ] GC(579) Pause Young (Allocation Failure) 2599M->1734M(5011M) 2.614ms
[288.525s][info][safepoint] Leaving safepoint region
[288.525s][info][safepoint] Total time for which application threads were stopped: 0.0039604 seconds, Stopping threads took: 0.0003333 seconds
[288.928s][info][safepoint] Application time: 0.4025688 seconds
[288.929s][info][safepoint] Entering safepoint region: GenCollectForAllocation
[288.932s][info][gc       ] GC(580) Pause Young (Allocation Failure) 2599M->1734M(5011M) 2.514ms
[288.932s][info][safepoint] Leaving safepoint region
[288.932s][info][safepoint] Total time for which application threads were stopped: 0.0033755 seconds, Stopping threads took: 0.0001825 seconds
[289.330s][info][safepoint] Application time: 0.3974925 seconds
[289.330s][info][safepoint] Entering safepoint region: GenCollectForAllocation
[289.334s][info][gc       ] GC(581) Pause Young (Allocation Failure) 2599M->1734M(5011M) 2.636ms
[289.334s][info][safepoint] Leaving safepoint region
[289.335s][info][safepoint] Total time for which application threads were stopped: 0.0041347 seconds, Stopping threads took: 0.0004195 seconds
[289.766s][info][safepoint] Application time: 0.4308196 seconds
[289.766s][info][safepoint] Entering safepoint region: GenCollectForAllocation
[289.769s][info][gc       ] GC(582) Pause Young (Allocation Failure) 2599M->1734M(5011M) 2.631ms
[289.770s][info][safepoint] Leaving safepoint region
[289.770s][info][safepoint] Total time for which application threads were stopped: 0.0040508 seconds, Stopping threads took: 0.0004302 seconds
[290.196s][info][safepoint] Application time: 0.4253938 seconds
[290.197s][info][safepoint] Entering safepoint region: GenCollectForAllocation
[290.199s][info][gc       ] GC(583) Pause Young (Allocation Failure) 2599M->1734M(5011M) 2.562ms
[290.200s][info][safepoint] Leaving safepoint region
[290.200s][info][safepoint] Total time for which application threads were stopped: 0.0033581 seconds, Stopping threads took: 0.0001584 seconds
[290.622s][info][safepoint] Application time: 0.4222610 seconds
[290.623s][info][safepoint] Entering safepoint region: GenCollectForAllocation
[290.626s][info][gc       ] GC(584) Pause Young (Allocation Failure) 2599M->1734M(5011M) 2.834ms
[290.626s][info][safepoint] Leaving safepoint region
[290.627s][info][safepoint] Total time for which application threads were stopped: 0.0040207 seconds, Stopping threads took: 0.0003658 seconds
[291.034s][info][safepoint] Application time: 0.4061394 seconds
[291.034s][info][safepoint] Entering safepoint region: GenCollectForAllocation
[291.038s][info][gc       ] GC(585) Pause Young (Allocation Failure) 2599M->1734M(5011M) 2.682ms
[291.038s][info][safepoint] Leaving safepoint region
[291.039s][info][safepoint] Total time for which application threads were stopped: 0.0043012 seconds, Stopping threads took: 0.0004911 seconds
[291.451s][info][safepoint] Application time: 0.4121739 seconds
[291.452s][info][safepoint] Entering safepoint region: GenCollectForAllocation
[291.456s][info][gc       ] GC(586) Pause Young (Allocation Failure) 2599M->1734M(5011M) 2.837ms
[291.456s][info][safepoint] Leaving safepoint region
[291.457s][info][safepoint] Total time for which application threads were stopped: 0.0046516 seconds, Stopping threads took: 0.0006681 seconds
[291.879s][info][safepoint] Application time: 0.4219072 seconds
[291.880s][info][safepoint] Entering safepoint region: GenCollectForAllocation
[291.883s][info][gc       ] GC(587) Pause Young (Allocation Failure) 2599M->1734M(5011M) 2.747ms
[291.884s][info][safepoint] Leaving safepoint region
[291.884s][info][safepoint] Total time for which application threads were stopped: 0.0043883 seconds, Stopping threads took: 0.0005119 seconds
[292.292s][info][safepoint] Application time: 0.4070689 seconds
[292.292s][info][safepoint] Entering safepoint region: GenCollectForAllocation
[292.299s][info][gc       ] GC(588) Pause Young (Allocation Failure) 2599M->1734M(5011M) 6.618ms
[292.300s][info][safepoint] Leaving safepoint region
[292.300s][info][safepoint] Total time for which application threads were stopped: 0.0076666 seconds, Stopping threads took: 0.0002651 seconds
[292.687s][info][safepoint] Application time: 0.3868886 seconds
[292.688s][info][safepoint] Entering safepoint region: GenCollectForAllocation
[292.691s][info][gc       ] GC(589) Pause Young (Allocation Failure) 2599M->1734M(5011M) 2.724ms
[292.692s][info][safepoint] Leaving safepoint region
[292.692s][info][safepoint] Total time for which application threads were stopped: 0.0046669 seconds, Stopping threads took: 0.0005115 seconds
[293.099s][info][safepoint] Application time: 0.4067931 seconds
[293.100s][info][safepoint] Entering safepoint region: GenCollectForAllocation
[293.104s][info][gc       ] GC(590) Pause Young (Allocation Failure) 2599M->1734M(5011M) 3.129ms
[293.104s][info][safepoint] Leaving safepoint region
[293.104s][info][safepoint] Total time for which application threads were stopped: 0.0043434 seconds, Stopping threads took: 0.0004479 seconds
[293.515s][info][safepoint] Application time: 0.4107024 seconds
[293.516s][info][safepoint] Entering safepoint region: GenCollectForAllocation
[293.519s][info][gc       ] GC(591) Pause Young (Allocation Failure) 2599M->1734M(5011M) 2.700ms
[293.520s][info][safepoint] Leaving safepoint region
[293.521s][info][safepoint] Total time for which application threads were stopped: 0.0044428 seconds, Stopping threads took: 0.0003915 seconds
[293.935s][info][safepoint] Application time: 0.4140022 seconds
[293.936s][info][safepoint] Entering safepoint region: GenCollectForAllocation
[293.939s][info][gc       ] GC(592) Pause Young (Allocation Failure) 2599M->1734M(5011M) 2.633ms
[293.939s][info][safepoint] Leaving safepoint region
[293.940s][info][safepoint] Total time for which application threads were stopped: 0.0038539 seconds, Stopping threads took: 0.0003454 seconds
[294.341s][info][safepoint] Application time: 0.4011236 seconds
[294.342s][info][safepoint] Entering safepoint region: GenCollectForAllocation
[294.346s][info][gc       ] GC(593) Pause Young (Allocation Failure) 2599M->1734M(5011M) 3.493ms
[294.346s][info][safepoint] Leaving safepoint region
[294.347s][info][safepoint] Total time for which application threads were stopped: 0.0051135 seconds, Stopping threads took: 0.0004009 seconds
[294.752s][info][safepoint] Application time: 0.4046585 seconds
[294.753s][info][safepoint] Entering safepoint region: GenCollectForAllocation
[294.756s][info][gc       ] GC(594) Pause Young (Allocation Failure) 2599M->1734M(5011M) 2.534ms
[294.756s][info][safepoint] Leaving safepoint region
[294.757s][info][safepoint] Total time for which application threads were stopped: 0.0043031 seconds, Stopping threads took: 0.0004132 seconds
[295.148s][info][safepoint] Application time: 0.3908174 seconds
[295.149s][info][safepoint] Entering safepoint region: GenCollectForAllocation
[295.152s][info][gc       ] GC(595) Pause Young (Allocation Failure) 2599M->1734M(5011M) 2.901ms
[295.153s][info][safepoint] Leaving safepoint region
[295.153s][info][safepoint] Total time for which application threads were stopped: 0.0045467 seconds, Stopping threads took: 0.0003773 seconds
[295.584s][info][safepoint] Application time: 0.4297096 seconds
[295.584s][info][safepoint] Entering safepoint region: GenCollectForAllocation
[295.587s][info][gc       ] GC(596) Pause Young (Allocation Failure) 2599M->1734M(5011M) 2.828ms
[295.588s][info][safepoint] Leaving safepoint region
[295.588s][info][safepoint] Total time for which application threads were stopped: 0.0038634 seconds, Stopping threads took: 0.0001906 seconds
[295.975s][info][safepoint] Application time: 0.3870537 seconds
[295.976s][info][safepoint] Entering safepoint region: GenCollectForAllocation
[295.979s][info][gc       ] GC(597) Pause Young (Allocation Failure) 2599M->1734M(5011M) 3.034ms
[295.980s][info][safepoint] Leaving safepoint region
[295.980s][info][safepoint] Total time for which application threads were stopped: 0.0040474 seconds, Stopping threads took: 0.0002706 seconds
[296.388s][info][safepoint] Application time: 0.4073812 seconds
[296.388s][info][safepoint] Entering safepoint region: GenCollectForAllocation
[296.391s][info][gc       ] GC(598) Pause Young (Allocation Failure) 2599M->1734M(5011M) 2.748ms
[296.392s][info][safepoint] Leaving safepoint region
[296.392s][info][safepoint] Total time for which application threads were stopped: 0.0038271 seconds, Stopping threads took: 0.0004100 seconds
[296.429s][info][safepoint] Application time: 0.0364006 seconds
[296.429s][info][safepoint] Entering safepoint region: Halt
