[0.006s][info][gc] Min heap equals to max heap, disabling ShenandoahUncommit
[0.028s][info][gc] Heuristics ergonomically sets -XX:+ExplicitGCInvokesConcurrent
[0.029s][info][gc] Heuristics ergonomically sets -XX:+ShenandoahImplicitGCInvokesConcurrent
[0.030s][info][gc] Using Shenandoah
[0.405s][info][safepoint] Safepoint "ICBufferFull", Time since last: 365374702 ns, Reaching safepoint: 96376 ns, At safepoint: 42134 ns, Total: 138510 ns
[0.772s][info][gc       ] Trigger: Learning 1 of 5. Free (3582M) is below initial threshold (3583M)
[0.774s][info][gc       ] GC(0) Concurrent reset 1.415ms
[0.778s][info][gc       ] GC(0) Pause Init Mark (unload classes) 0.934ms
[0.778s][info][safepoint] Safepoint "ShenandoahInitMark", Time since last: 371337003 ns, Reaching safepoint: 303921 ns, At safepoint: 1422073 ns, Total: 1725994 ns
[0.779s][info][gc       ] GC(0) Concurrent marking roots 0.520ms
[1.003s][info][gc       ] GC(0) Concurrent marking (unload classes) 223.718ms
[1.005s][info][gc       ] GC(0) Pause Final Mark (unload classes) 0.678ms
[1.005s][info][safepoint] Safepoint "ShenandoahFinalMarkStartEvac", Time since last: 225831865 ns, Reaching safepoint: 199952 ns, At safepoint: 1214620 ns, Total: 1414572 ns
[1.006s][info][gc       ] GC(0) Concurrent thread roots 0.422ms
[1.007s][info][gc       ] GC(0) Concurrent weak references 0.301ms
[1.008s][info][gc       ] GC(0) Concurrent weak roots 0.622ms
[1.009s][info][gc       ] GC(0) Concurrent cleanup 1847M->1781M(5120M) 0.172ms
[1.011s][info][gc       ] GC(0) Concurrent class unloading 1.044ms
[1.011s][info][safepoint] Safepoint "CleanClassLoaderDataMetaspaces", Time since last: 5480237 ns, Reaching safepoint: 298913 ns, At safepoint: 69767 ns, Total: 368680 ns
[1.011s][info][gc       ] GC(0) Concurrent strong roots 0.285ms
[1.014s][info][gc       ] GC(0) Concurrent evacuation 2.069ms
[1.015s][info][gc       ] GC(0) Pause Init Update Refs 0.009ms
[1.016s][info][safepoint] Safepoint "ShenandoahInitUpdateRefs", Time since last: 4027865 ns, Reaching safepoint: 162845 ns, At safepoint: 529663 ns, Total: 692508 ns
[1.178s][info][gc       ] GC(0) Concurrent update references 161.549ms
[1.179s][info][gc       ] GC(0) Concurrent update thread roots 0.460ms
[1.179s][info][gc       ] GC(0) Pause Final Update Refs 0.168ms
[1.180s][info][safepoint] Safepoint "ShenandoahFinalUpdateRefs", Time since last: 163213230 ns, Reaching safepoint: 185330 ns, At safepoint: 558509 ns, Total: 743839 ns
[1.180s][info][gc       ] GC(0) Concurrent cleanup 1903M->1871M(5120M) 0.137ms
[1.182s][info][gc       ] Trigger: Learning 2 of 5. Free (2989M) is below initial threshold (3583M)
[1.186s][info][gc       ] GC(1) Concurrent reset 4.231ms
[1.187s][info][gc       ] GC(1) Pause Init Mark (unload classes) 0.124ms
[1.187s][info][safepoint] Safepoint "ShenandoahInitMark", Time since last: 6561794 ns, Reaching safepoint: 146616 ns, At safepoint: 528545 ns, Total: 675161 ns
[1.188s][info][gc       ] GC(1) Concurrent marking roots 0.302ms
[1.468s][info][gc       ] GC(1) Concurrent marking (unload classes) 279.855ms
[1.469s][info][gc       ] GC(1) Pause Final Mark (unload classes) 0.454ms
[1.469s][info][safepoint] Safepoint "ShenandoahFinalMarkStartEvac", Time since last: 280934796 ns, Reaching safepoint: 138242 ns, At safepoint: 786259 ns, Total: 924501 ns
[1.469s][info][gc       ] GC(1) Concurrent thread roots 0.259ms
[1.470s][info][gc       ] GC(1) Concurrent weak references 0.059ms
[1.470s][info][gc       ] GC(1) Concurrent weak roots 0.251ms
[1.470s][info][gc       ] GC(1) Concurrent cleanup 2166M->2118M(5120M) 0.144ms
[1.471s][info][gc       ] GC(1) Concurrent class unloading 0.585ms
[1.472s][info][gc       ] GC(1) Concurrent strong roots 0.108ms
[1.474s][info][gc       ] GC(1) Concurrent evacuation 2.220ms
[1.474s][info][gc       ] GC(1) Pause Init Update Refs 0.007ms
[1.475s][info][safepoint] Safepoint "ShenandoahInitUpdateRefs", Time since last: 5364673 ns, Reaching safepoint: 136048 ns, At safepoint: 221757 ns, Total: 357805 ns
[1.641s][info][gc       ] GC(1) Concurrent update references 166.313ms
[1.642s][info][gc       ] GC(1) Concurrent update thread roots 0.534ms
[1.643s][info][gc       ] GC(1) Pause Final Update Refs 0.145ms
[1.643s][info][safepoint] Safepoint "ShenandoahFinalUpdateRefs", Time since last: 167764581 ns, Reaching safepoint: 131772 ns, At safepoint: 330151 ns, Total: 461923 ns
[1.643s][info][gc       ] GC(1) Concurrent cleanup 2335M->2313M(5120M) 0.153ms
[1.645s][info][gc       ] Trigger: Learning 3 of 5. Free (2546M) is below initial threshold (3583M)
[1.651s][info][gc       ] GC(2) Concurrent reset 5.865ms
[1.651s][info][gc       ] GC(2) Pause Init Mark (unload classes) 0.127ms
[1.651s][info][safepoint] Safepoint "ShenandoahInitMark", Time since last: 7989331 ns, Reaching safepoint: 136062 ns, At safepoint: 350837 ns, Total: 486899 ns
[1.652s][info][gc       ] GC(2) Concurrent marking roots 0.361ms
[1.914s][info][gc       ] GC(2) Concurrent marking (unload classes) 261.890ms
[1.915s][info][gc       ] GC(2) Pause Final Mark (unload classes) 0.481ms
[1.915s][info][safepoint] Safepoint "ShenandoahFinalMarkStartEvac", Time since last: 263005756 ns, Reaching safepoint: 137241 ns, At safepoint: 828823 ns, Total: 966064 ns
[1.916s][info][gc       ] GC(2) Concurrent thread roots 0.255ms
[1.916s][info][gc       ] GC(2) Concurrent weak references 0.062ms
[1.917s][info][gc       ] GC(2) Concurrent weak roots 0.283ms
[1.917s][info][gc       ] GC(2) Concurrent cleanup 2596M->2093M(5120M) 0.149ms
[1.918s][info][gc       ] GC(2) Concurrent class unloading 0.535ms
[1.918s][info][gc       ] GC(2) Concurrent strong roots 0.110ms
[1.920s][info][gc       ] GC(2) Concurrent evacuation 1.600ms
[1.920s][info][gc       ] GC(2) Pause Init Update Refs 0.006ms
[1.920s][info][safepoint] Safepoint "ShenandoahInitUpdateRefs", Time since last: 4687130 ns, Reaching safepoint: 120880 ns, At safepoint: 209492 ns, Total: 330372 ns
[2.104s][info][gc       ] GC(2) Concurrent update references 183.888ms
[2.105s][info][gc       ] GC(2) Concurrent update thread roots 0.545ms
[2.106s][info][gc       ] GC(2) Pause Final Update Refs 0.161ms
[2.107s][info][safepoint] Safepoint "ShenandoahFinalUpdateRefs", Time since last: 185521703 ns, Reaching safepoint: 159970 ns, At safepoint: 613556 ns, Total: 773526 ns
[2.107s][info][gc       ] GC(2) Concurrent cleanup 2361M->2347M(5120M) 0.170ms
[2.109s][info][gc       ] Trigger: Learning 4 of 5. Free (2512M) is below initial threshold (3583M)
[2.112s][info][gc       ] GC(3) Concurrent reset 2.410ms
[2.113s][info][gc       ] GC(3) Pause Init Mark (unload classes) 0.117ms
[2.113s][info][safepoint] Safepoint "ShenandoahInitMark", Time since last: 5564547 ns, Reaching safepoint: 200513 ns, At safepoint: 447162 ns, Total: 647675 ns
[2.114s][info][gc       ] GC(3) Concurrent marking roots 0.422ms
[2.361s][info][gc       ] GC(3) Concurrent marking (unload classes) 247.355ms
[2.363s][info][gc       ] GC(3) Pause Final Mark (unload classes) 0.624ms
[2.363s][info][safepoint] Safepoint "ShenandoahFinalMarkStartEvac", Time since last: 248948599 ns, Reaching safepoint: 220085 ns, At safepoint: 933610 ns, Total: 1153695 ns
[2.364s][info][gc       ] GC(3) Concurrent thread roots 0.277ms
[2.364s][info][gc       ] GC(3) Concurrent weak references 0.052ms
[2.365s][info][gc       ] GC(3) Concurrent weak roots 0.378ms
[2.366s][info][gc       ] GC(3) Concurrent cleanup 2737M->2201M(5120M) 0.146ms
[2.367s][info][gc       ] GC(3) Concurrent class unloading 0.758ms
[2.367s][info][gc       ] GC(3) Concurrent strong roots 0.095ms
[2.368s][info][gc       ] GC(3) Concurrent evacuation 0.518ms
[2.369s][info][gc       ] GC(3) Pause Init Update Refs 0.006ms
[2.369s][info][safepoint] Safepoint "ShenandoahInitUpdateRefs", Time since last: 5474461 ns, Reaching safepoint: 133823 ns, At safepoint: 301827 ns, Total: 435650 ns
[2.528s][info][gc       ] GC(3) Concurrent update references 158.770ms
[2.529s][info][gc       ] GC(3) Concurrent update thread roots 0.683ms
[2.530s][info][gc       ] GC(3) Pause Final Update Refs 0.155ms
[2.531s][info][safepoint] Safepoint "ShenandoahFinalUpdateRefs", Time since last: 160944359 ns, Reaching safepoint: 139744 ns, At safepoint: 638760 ns, Total: 778504 ns
[2.531s][info][gc       ] GC(3) Concurrent cleanup 2443M->2435M(5120M) 0.149ms
[2.533s][info][gc       ] Trigger: Learning 5 of 5. Free (2424M) is below initial threshold (3583M)
[2.536s][info][gc       ] GC(4) Concurrent reset 2.628ms
[2.536s][info][gc       ] GC(4) Pause Init Mark (unload classes) 0.089ms
[2.536s][info][safepoint] Safepoint "ShenandoahInitMark", Time since last: 5439897 ns, Reaching safepoint: 171370 ns, At safepoint: 295330 ns, Total: 466700 ns
[2.537s][info][gc       ] GC(4) Concurrent marking roots 0.232ms
[2.845s][info][gc       ] GC(4) Concurrent marking (unload classes) 308.061ms
[2.847s][info][gc       ] GC(4) Pause Final Mark (unload classes) 0.585ms
[2.847s][info][safepoint] Safepoint "ShenandoahFinalMarkStartEvac", Time since last: 309468945 ns, Reaching safepoint: 124346 ns, At safepoint: 1024886 ns, Total: 1149232 ns
[2.848s][info][gc       ] GC(4) Concurrent thread roots 0.229ms
[2.848s][info][gc       ] GC(4) Concurrent weak references 0.062ms
[2.849s][info][gc       ] GC(4) Concurrent weak roots 0.293ms
[2.849s][info][gc       ] GC(4) Concurrent cleanup 2966M->2340M(5120M) 0.165ms
[2.850s][info][gc       ] GC(4) Concurrent class unloading 0.576ms
[2.850s][info][gc       ] GC(4) Concurrent strong roots 0.083ms
[2.851s][info][gc       ] GC(4) Concurrent evacuation 0.684ms
[2.852s][info][gc       ] GC(4) Pause Init Update Refs 0.006ms
[2.852s][info][safepoint] Safepoint "ShenandoahInitUpdateRefs", Time since last: 4383978 ns, Reaching safepoint: 151456 ns, At safepoint: 264541 ns, Total: 415997 ns
[3.040s][info][gc       ] GC(4) Concurrent update references 187.372ms
[3.040s][info][gc       ] GC(4) Concurrent update thread roots 0.491ms
[3.041s][info][gc       ] GC(4) Pause Final Update Refs 0.146ms
[3.042s][info][safepoint] Safepoint "ShenandoahFinalUpdateRefs", Time since last: 188958553 ns, Reaching safepoint: 278059 ns, At safepoint: 495971 ns, Total: 774030 ns
[3.042s][info][gc       ] GC(4) Concurrent cleanup 2571M->2563M(5120M) 0.137ms
[3.562s][info][gc       ] Trigger: Average GC time (544.66 ms) is above the time for average allocation rate (1963 MB/s) to deplete free headroom (1067M) (margin of error = 1.80)
[3.565s][info][gc       ] GC(5) Concurrent reset 2.537ms
[3.565s][info][gc       ] GC(5) Pause Init Mark (unload classes) 0.105ms
[3.565s][info][safepoint] Safepoint "ShenandoahInitMark", Time since last: 523275941 ns, Reaching safepoint: 134208 ns, At safepoint: 363603 ns, Total: 497811 ns
[3.566s][info][gc       ] GC(5) Concurrent marking roots 0.361ms
[3.821s][info][gc       ] GC(5) Concurrent marking (unload classes) 254.748ms
[3.822s][info][gc       ] GC(5) Pause Final Mark (unload classes) 0.503ms
[3.822s][info][safepoint] Safepoint "ShenandoahFinalMarkStartEvac", Time since last: 256033048 ns, Reaching safepoint: 122364 ns, At safepoint: 851982 ns, Total: 974346 ns
[3.823s][info][gc       ] GC(5) Concurrent weak references 0.087ms
[3.824s][info][gc       ] GC(5) Concurrent weak roots 0.576ms
[3.824s][info][gc       ] GC(5) Concurrent cleanup 3949M->2225M(5120M) 0.193ms
[3.825s][info][gc       ] GC(5) Concurrent class unloading 0.550ms
[3.826s][info][gc       ] GC(5) Pause Final Roots 0.004ms
[3.826s][info][safepoint] Safepoint "ShenandoahFinalRoots", Time since last: 3463912 ns, Reaching safepoint: 130369 ns, At safepoint: 255247 ns, Total: 385616 ns
[4.441s][info][gc       ] Trigger: Average GC time (562.50 ms) is above the time for average allocation rate (2028 MB/s) to deplete free headroom (1140M) (margin of error = 1.80)
[4.444s][info][gc       ] GC(6) Concurrent reset 2.281ms
[4.444s][info][gc       ] GC(6) Pause Init Mark (unload classes) 0.160ms
[4.445s][info][safepoint] Safepoint "ShenandoahInitMark", Time since last: 617892595 ns, Reaching safepoint: 91417 ns, At safepoint: 366282 ns, Total: 457699 ns
[4.445s][info][gc       ] GC(6) Concurrent marking roots 0.291ms
[4.698s][info][gc       ] GC(6) Concurrent marking (unload classes) 252.487ms
[4.699s][info][gc       ] GC(6) Pause Final Mark (unload classes) 0.467ms
[4.699s][info][safepoint] Safepoint "ShenandoahFinalMarkStartEvac", Time since last: 253598977 ns, Reaching safepoint: 163200 ns, At safepoint: 706845 ns, Total: 870045 ns
[4.699s][info][gc       ] GC(6) Concurrent weak references 0.059ms
[4.700s][info][gc       ] GC(6) Concurrent weak roots 0.241ms
[4.700s][info][gc       ] GC(6) Concurrent cleanup 3840M->2187M(5120M) 0.191ms
[4.701s][info][gc       ] GC(6) Concurrent class unloading 0.546ms
[4.702s][info][gc       ] GC(6) Pause Final Roots 0.003ms
[4.702s][info][safepoint] Safepoint "ShenandoahFinalRoots", Time since last: 2326997 ns, Reaching safepoint: 125302 ns, At safepoint: 285504 ns, Total: 410806 ns
[5.472s][info][gc       ] Trigger: Average GC time (482.66 ms) is above the time for average allocation rate (1859 MB/s) to deplete free headroom (895M) (margin of error = 1.80)
[5.475s][info][gc       ] GC(7) Concurrent reset 2.685ms
[5.476s][info][gc       ] GC(7) Pause Init Mark (unload classes) 0.107ms
[5.476s][info][safepoint] Safepoint "ShenandoahInitMark", Time since last: 773654923 ns, Reaching safepoint: 187282 ns, At safepoint: 434342 ns, Total: 621624 ns
[5.477s][info][gc       ] GC(7) Concurrent marking roots 0.314ms
[5.714s][info][gc       ] GC(7) Concurrent marking (unload classes) 237.410ms
[5.716s][info][gc       ] GC(7) Pause Final Mark (unload classes) 0.608ms
[5.716s][info][safepoint] Safepoint "ShenandoahFinalMarkStartEvac", Time since last: 238673703 ns, Reaching safepoint: 244540 ns, At safepoint: 970265 ns, Total: 1214805 ns
[5.716s][info][gc       ] GC(7) Concurrent weak references 0.053ms
[5.717s][info][gc       ] GC(7) Concurrent weak roots 0.299ms
[5.717s][info][gc       ] GC(7) Concurrent cleanup 4111M->2213M(5120M) 0.215ms
[5.718s][info][gc       ] GC(7) Concurrent class unloading 0.567ms
[5.719s][info][gc       ] GC(7) Pause Final Roots 0.003ms
[5.719s][info][safepoint] Safepoint "ShenandoahFinalRoots", Time since last: 2401786 ns, Reaching safepoint: 190004 ns, At safepoint: 405477 ns, Total: 595481 ns
[6.470s][info][gc       ] Trigger: Average GC time (414.27 ms) is above the time for average allocation rate (2074 MB/s) to deplete free headroom (855M) (margin of error = 1.80)
[6.474s][info][gc       ] GC(8) Concurrent reset 2.768ms
[6.474s][info][gc       ] GC(8) Pause Init Mark (unload classes) 0.111ms
[6.475s][info][safepoint] Safepoint "ShenandoahInitMark", Time since last: 755083178 ns, Reaching safepoint: 176308 ns, At safepoint: 441775 ns, Total: 618083 ns
[6.475s][info][gc       ] GC(8) Concurrent marking roots 0.305ms
[6.716s][info][gc       ] GC(8) Concurrent marking (unload classes) 240.252ms
[6.717s][info][gc       ] GC(8) Pause Final Mark (unload classes) 0.435ms
[6.717s][info][safepoint] Safepoint "ShenandoahFinalMarkStartEvac", Time since last: 241712401 ns, Reaching safepoint: 132652 ns, At safepoint: 812635 ns, Total: 945287 ns
[6.718s][info][gc       ] GC(8) Concurrent weak references 0.063ms
[6.718s][info][gc       ] GC(8) Concurrent weak roots 0.276ms
[6.719s][info][gc       ] GC(8) Concurrent cleanup 4101M->2165M(5120M) 0.190ms
[6.719s][info][gc       ] GC(8) Concurrent class unloading 0.597ms
[6.720s][info][gc       ] GC(8) Pause Final Roots 0.003ms
[6.720s][info][safepoint] Safepoint "ShenandoahFinalRoots", Time since last: 2213845 ns, Reaching safepoint: 114351 ns, At safepoint: 235224 ns, Total: 349575 ns
[7.581s][info][gc       ] Trigger: Average GC time (363.30 ms) is above the time for average allocation rate (1974 MB/s) to deplete free headroom (713M) (margin of error = 1.79)
[7.584s][info][gc       ] GC(9) Concurrent reset 2.600ms
[7.585s][info][gc       ] GC(9) Pause Init Mark (unload classes) 0.171ms
[7.585s][info][safepoint] Safepoint "ShenandoahInitMark", Time since last: 864387391 ns, Reaching safepoint: 135103 ns, At safepoint: 611190 ns, Total: 746293 ns
[7.586s][info][gc       ] GC(9) Concurrent marking roots 0.327ms
[7.842s][info][gc       ] GC(9) Concurrent marking (unload classes) 256.021ms
[7.843s][info][gc       ] GC(9) Pause Final Mark (unload classes) 0.460ms
[7.844s][info][safepoint] Safepoint "ShenandoahFinalMarkStartEvac", Time since last: 257510320 ns, Reaching safepoint: 142095 ns, At safepoint: 879923 ns, Total: 1022018 ns
[7.844s][info][gc       ] GC(9) Concurrent weak references 0.090ms
[7.845s][info][gc       ] GC(9) Concurrent weak roots 0.323ms
[7.845s][info][gc       ] GC(9) Concurrent cleanup 4205M->2129M(5120M) 0.235ms
[7.846s][info][gc       ] GC(9) Concurrent class unloading 0.744ms
[7.847s][info][gc       ] GC(9) Pause Final Roots 0.004ms
[7.847s][info][safepoint] Safepoint "ShenandoahFinalRoots", Time since last: 2880771 ns, Reaching safepoint: 183623 ns, At safepoint: 238988 ns, Total: 422611 ns
[8.669s][info][gc       ] Trigger: Average GC time (334.65 ms) is above the time for average allocation rate (2158 MB/s) to deplete free headroom (721M) (margin of error = 1.79)
[8.672s][info][gc       ] GC(10) Concurrent reset 2.432ms
[8.672s][info][gc       ] GC(10) Pause Init Mark (unload classes) 0.173ms
[8.673s][info][safepoint] Safepoint "ShenandoahInitMark", Time since last: 825064872 ns, Reaching safepoint: 277750 ns, At safepoint: 628911 ns, Total: 906661 ns
[8.673s][info][gc       ] GC(10) Concurrent marking roots 0.312ms
[8.897s][info][gc       ] GC(10) Concurrent marking (unload classes) 223.093ms
[8.898s][info][gc       ] GC(10) Pause Final Mark (unload classes) 0.429ms
[8.898s][info][safepoint] Safepoint "ShenandoahFinalMarkStartEvac", Time since last: 224591021 ns, Reaching safepoint: 178047 ns, At safepoint: 783227 ns, Total: 961274 ns
[8.899s][info][gc       ] GC(10) Concurrent weak references 0.060ms
[8.899s][info][gc       ] GC(10) Concurrent weak roots 0.418ms
[8.900s][info][gc       ] GC(10) Concurrent cleanup 4191M->2119M(5120M) 0.225ms
[8.901s][info][gc       ] GC(10) Concurrent class unloading 0.608ms
[8.901s][info][gc       ] GC(10) Pause Final Roots 0.003ms
[8.902s][info][safepoint] Safepoint "ShenandoahFinalRoots", Time since last: 2751028 ns, Reaching safepoint: 155653 ns, At safepoint: 598183 ns, Total: 753836 ns
[9.864s][info][gc       ] Trigger: Average GC time (305.74 ms) is above the time for average allocation rate (1969 MB/s) to deplete free headroom (601M) (margin of error = 1.78)
[9.867s][info][gc       ] GC(11) Concurrent reset 2.566ms
[9.868s][info][gc       ] GC(11) Pause Init Mark (unload classes) 0.105ms
[9.868s][info][safepoint] Safepoint "ShenandoahInitMark", Time since last: 965569671 ns, Reaching safepoint: 183360 ns, At safepoint: 351778 ns, Total: 535138 ns
[9.869s][info][gc       ] GC(11) Concurrent marking roots 0.412ms
[10.111s][info][gc       ] GC(11) Concurrent marking (unload classes) 242.439ms
[10.112s][info][gc       ] GC(11) Pause Final Mark (unload classes) 0.512ms
[10.113s][info][safepoint] Safepoint "ShenandoahFinalMarkStartEvac", Time since last: 243671878 ns, Reaching safepoint: 69182 ns, At safepoint: 1017104 ns, Total: 1086286 ns
[10.113s][info][gc       ] GC(11) Concurrent weak references 0.121ms
[10.114s][info][gc       ] GC(11) Concurrent weak roots 0.384ms
[10.115s][info][gc       ] GC(11) Concurrent cleanup 4437M->2249M(5120M) 0.214ms
[10.116s][info][gc       ] GC(11) Concurrent class unloading 0.780ms
[10.116s][info][gc       ] GC(11) Pause Final Roots 0.003ms
[10.116s][info][safepoint] Safepoint "ShenandoahFinalRoots", Time since last: 3071375 ns, Reaching safepoint: 173074 ns, At safepoint: 414223 ns, Total: 587297 ns
[11.016s][info][gc       ] Trigger: Average GC time (290.74 ms) is above the time for average allocation rate (2024 MB/s) to deplete free headroom (585M) (margin of error = 1.78)
[11.019s][info][gc       ] GC(12) Concurrent reset 2.403ms
[11.020s][info][gc       ] GC(12) Pause Init Mark (unload classes) 0.118ms
[11.021s][info][safepoint] Safepoint "ShenandoahInitMark", Time since last: 903433083 ns, Reaching safepoint: 287086 ns, At safepoint: 645168 ns, Total: 932254 ns
[11.022s][info][gc       ] GC(12) Concurrent marking roots 0.345ms
[11.283s][info][gc       ] GC(12) Concurrent marking (unload classes) 260.932ms
[11.284s][info][gc       ] GC(12) Pause Final Mark (unload classes) 0.499ms
[11.284s][info][safepoint] Safepoint "ShenandoahFinalMarkStartEvac", Time since last: 262534688 ns, Reaching safepoint: 147327 ns, At safepoint: 973950 ns, Total: 1121277 ns
[11.285s][info][gc       ] GC(12) Concurrent weak references 0.107ms
[11.286s][info][gc       ] GC(12) Concurrent weak roots 0.432ms
[11.287s][info][gc       ] GC(12) Concurrent cleanup 4465M->2263M(5120M) 0.199ms
[11.288s][info][gc       ] GC(12) Concurrent class unloading 0.867ms
[11.289s][info][gc       ] GC(12) Pause Final Roots 0.004ms
[11.289s][info][safepoint] Safepoint "ShenandoahFinalRoots", Time since last: 3949170 ns, Reaching safepoint: 276207 ns, At safepoint: 403947 ns, Total: 680154 ns
[12.239s][info][gc       ] Trigger: Average GC time (295.66 ms) is above the time for average allocation rate (1800 MB/s) to deplete free headroom (531M) (margin of error = 1.78)
[12.243s][info][gc       ] GC(13) Concurrent reset 3.131ms
[12.244s][info][gc       ] GC(13) Pause Init Mark (unload classes) 0.132ms
[12.244s][info][safepoint] Safepoint "ShenandoahInitMark", Time since last: 953950608 ns, Reaching safepoint: 395983 ns, At safepoint: 659013 ns, Total: 1054996 ns
[12.245s][info][gc       ] GC(13) Concurrent marking roots 0.342ms
[12.486s][info][gc       ] GC(13) Concurrent marking (unload classes) 240.359ms
[12.487s][info][gc       ] GC(13) Pause Final Mark (unload classes) 0.485ms
[12.487s][info][safepoint] Safepoint "ShenandoahFinalMarkStartEvac", Time since last: 242157214 ns, Reaching safepoint: 139317 ns, At safepoint: 853973 ns, Total: 993290 ns
[12.488s][info][gc       ] GC(13) Concurrent weak references 0.069ms
[12.488s][info][gc       ] GC(13) Concurrent weak roots 0.221ms
[12.488s][info][gc       ] GC(13) Concurrent cleanup 4439M->2179M(5120M) 0.208ms
[12.489s][info][gc       ] GC(13) Concurrent class unloading 0.651ms
[12.490s][info][gc       ] GC(13) Pause Final Roots 0.003ms
[12.490s][info][safepoint] Safepoint "ShenandoahFinalRoots", Time since last: 2146321 ns, Reaching safepoint: 114673 ns, At safepoint: 293079 ns, Total: 407752 ns
[13.382s][info][gc       ] Trigger: Average GC time (282.07 ms) is above the time for average allocation rate (2121 MB/s) to deplete free headroom (597M) (margin of error = 1.78)
[13.385s][info][gc       ] GC(14) Concurrent reset 2.244ms
[13.385s][info][gc       ] GC(14) Pause Init Mark (unload classes) 0.135ms
[13.386s][info][safepoint] Safepoint "ShenandoahInitMark", Time since last: 895278586 ns, Reaching safepoint: 120947 ns, At safepoint: 622937 ns, Total: 743884 ns
[13.387s][info][gc       ] GC(14) Concurrent marking roots 0.321ms
[13.633s][info][gc       ] GC(14) Concurrent marking (unload classes) 245.543ms
[13.634s][info][gc       ] GC(14) Pause Final Mark (unload classes) 0.638ms
[13.635s][info][safepoint] Safepoint "ShenandoahFinalMarkStartEvac", Time since last: 247536582 ns, Reaching safepoint: 276947 ns, At safepoint: 1289653 ns, Total: 1566600 ns
[13.636s][info][gc       ] GC(14) Concurrent weak references 0.125ms
[13.637s][info][gc       ] GC(14) Concurrent weak roots 0.451ms
[13.637s][info][gc       ] GC(14) Concurrent cleanup 4385M->2193M(5120M) 0.223ms
[13.639s][info][gc       ] GC(14) Concurrent class unloading 0.968ms
[13.640s][info][gc       ] GC(14) Pause Final Roots 0.005ms
[13.640s][info][safepoint] Safepoint "ShenandoahFinalRoots", Time since last: 4580928 ns, Reaching safepoint: 269093 ns, At safepoint: 658621 ns, Total: 927714 ns
[14.516s][info][gc       ] Trigger: Average GC time (275.95 ms) is above the time for average allocation rate (2168 MB/s) to deplete free headroom (597M) (margin of error = 1.78)
[14.519s][info][gc       ] GC(15) Concurrent reset 2.326ms
[14.520s][info][gc       ] GC(15) Pause Init Mark (unload classes) 0.118ms
[14.520s][info][safepoint] Safepoint "ShenandoahInitMark", Time since last: 878924728 ns, Reaching safepoint: 227072 ns, At safepoint: 570674 ns, Total: 797746 ns
[14.521s][info][gc       ] GC(15) Concurrent marking roots 0.309ms
[14.742s][info][gc       ] GC(15) Concurrent marking (unload classes) 220.502ms
[14.743s][info][gc       ] GC(15) Pause Final Mark (unload classes) 0.561ms
[14.744s][info][safepoint] Safepoint "ShenandoahFinalMarkStartEvac", Time since last: 222089826 ns, Reaching safepoint: 350575 ns, At safepoint: 1066340 ns, Total: 1416915 ns
[14.744s][info][gc       ] GC(15) Concurrent weak references 0.062ms
[14.745s][info][gc       ] GC(15) Concurrent weak roots 0.288ms
[14.745s][info][gc       ] GC(15) Concurrent cleanup 4377M->2187M(5120M) 0.196ms
[14.747s][info][gc       ] GC(15) Concurrent class unloading 0.821ms
[14.748s][info][gc       ] GC(15) Pause Final Roots 0.004ms
[14.748s][info][safepoint] Safepoint "ShenandoahFinalRoots", Time since last: 3642729 ns, Reaching safepoint: 210220 ns, At safepoint: 552747 ns, Total: 762967 ns
[15.628s][info][gc       ] Trigger: Average GC time (270.77 ms) is above the time for average allocation rate (2147 MB/s) to deplete free headroom (579M) (margin of error = 1.78)
[15.631s][info][gc       ] GC(16) Concurrent reset 2.662ms
[15.632s][info][gc       ] GC(16) Pause Init Mark (unload classes) 0.132ms
[15.633s][info][safepoint] Safepoint "ShenandoahInitMark", Time since last: 883753254 ns, Reaching safepoint: 259790 ns, At safepoint: 759989 ns, Total: 1019779 ns
[15.634s][info][gc       ] GC(16) Concurrent marking roots 0.623ms
[15.837s][info][gc       ] GC(16) Concurrent marking (unload classes) 202.460ms
[15.839s][info][gc       ] GC(16) Pause Final Mark (unload classes) 0.695ms
[15.840s][info][safepoint] Safepoint "ShenandoahFinalMarkStartEvac", Time since last: 205243436 ns, Reaching safepoint: 289523 ns, At safepoint: 1443825 ns, Total: 1733348 ns
[15.840s][info][gc       ] GC(16) Concurrent weak references 0.071ms
[15.841s][info][gc       ] GC(16) Concurrent weak roots 0.506ms
[15.842s][info][gc       ] GC(16) Concurrent cleanup 4459M->2251M(5120M) 0.247ms
[15.843s][info][gc       ] GC(16) Concurrent class unloading 0.805ms
[15.844s][info][gc       ] GC(16) Pause Final Roots 0.004ms
[15.844s][info][safepoint] Safepoint "ShenandoahFinalRoots", Time since last: 3707917 ns, Reaching safepoint: 253847 ns, At safepoint: 509101 ns, Total: 762948 ns
[16.707s][info][gc       ] Trigger: Average GC time (261.96 ms) is above the time for average allocation rate (2140 MB/s) to deplete free headroom (559M) (margin of error = 1.79)
[16.711s][info][gc       ] GC(17) Concurrent reset 2.632ms
[16.712s][info][gc       ] GC(17) Pause Init Mark (unload classes) 0.117ms
[16.712s][info][safepoint] Safepoint "ShenandoahInitMark", Time since last: 866933684 ns, Reaching safepoint: 234633 ns, At safepoint: 770355 ns, Total: 1004988 ns
[16.713s][info][gc       ] GC(17) Concurrent marking roots 0.397ms
[17.001s][info][gc       ] GC(17) Concurrent marking (unload classes) 287.615ms
[17.002s][info][gc       ] GC(17) Pause Final Mark (unload classes) 0.491ms
[17.003s][info][safepoint] Safepoint "ShenandoahFinalMarkStartEvac", Time since last: 289524036 ns, Reaching safepoint: 133924 ns, At safepoint: 794567 ns, Total: 928491 ns
[17.003s][info][gc       ] GC(17) Concurrent weak references 0.051ms
[17.003s][info][gc       ] GC(17) Concurrent weak roots 0.221ms
[17.004s][info][gc       ] GC(17) Concurrent cleanup 4485M->2253M(5120M) 0.209ms
[17.005s][info][gc       ] GC(17) Concurrent class unloading 0.631ms
[17.005s][info][gc       ] GC(17) Pause Final Roots 0.003ms
[17.005s][info][safepoint] Safepoint "ShenandoahFinalRoots", Time since last: 2319967 ns, Reaching safepoint: 116823 ns, At safepoint: 320325 ns, Total: 437148 ns
[17.780s][info][gc       ] Trigger: Average GC time (328.58 ms) is above the time for average allocation rate (2140 MB/s) to deplete free headroom (701M) (margin of error = 1.80)
[17.783s][info][gc       ] GC(18) Concurrent reset 2.353ms
[17.783s][info][gc       ] GC(18) Pause Init Mark (unload classes) 0.112ms
[17.784s][info][safepoint] Safepoint "ShenandoahInitMark", Time since last: 777736705 ns, Reaching safepoint: 134255 ns, At safepoint: 470178 ns, Total: 604433 ns
[17.785s][info][gc       ] GC(18) Concurrent marking roots 0.379ms
[18.002s][info][gc       ] GC(18) Concurrent marking (unload classes) 216.510ms
[18.003s][info][gc       ] GC(18) Pause Final Mark (unload classes) 0.574ms
[18.004s][info][safepoint] Safepoint "ShenandoahFinalMarkStartEvac", Time since last: 218442988 ns, Reaching safepoint: 326750 ns, At safepoint: 1130060 ns, Total: 1456810 ns
[18.005s][info][gc       ] GC(18) Concurrent weak references 0.178ms
[18.005s][info][gc       ] GC(18) Concurrent weak roots 0.497ms
[18.006s][info][gc       ] GC(18) Concurrent cleanup 4326M->2238M(5120M) 0.243ms
[18.007s][info][gc       ] GC(18) Concurrent class unloading 0.908ms
[18.008s][info][gc       ] GC(18) Pause Final Roots 0.004ms
[18.009s][info][safepoint] Safepoint "ShenandoahFinalRoots", Time since last: 4142868 ns, Reaching safepoint: 266921 ns, At safepoint: 512982 ns, Total: 779903 ns
[18.110s][info][gc       ] Trigger: Average GC time (302.31 ms) is above the time for instantaneous allocation rate (6477 MB/s) to deplete free headroom (1691M) (spike threshold = 1.80)
[18.114s][info][gc       ] GC(19) Concurrent reset 2.717ms
[18.115s][info][gc       ] GC(19) Pause Init Mark (unload classes) 0.142ms
[18.115s][info][safepoint] Safepoint "ShenandoahInitMark", Time since last: 105692751 ns, Reaching safepoint: 287093 ns, At safepoint: 547308 ns, Total: 834401 ns
[18.116s][info][gc       ] GC(19) Concurrent marking roots 0.377ms
[18.250s][info][gc       ] GC(19) Concurrent marking (unload classes) 134.253ms
[18.252s][info][gc       ] GC(19) Pause Final Mark (unload classes) 0.547ms
[18.252s][info][safepoint] Safepoint "ShenandoahFinalMarkStartEvac", Time since last: 135895457 ns, Reaching safepoint: 186547 ns, At safepoint: 969437 ns, Total: 1155984 ns
[18.253s][info][gc       ] GC(19) Concurrent weak references 0.084ms
[18.253s][info][gc       ] GC(19) Concurrent weak roots 0.284ms
[18.254s][info][gc       ] GC(19) Concurrent cleanup 3548M->1415M(5120M) 0.199ms
[18.255s][info][gc       ] GC(19) Concurrent class unloading 0.680ms
[18.255s][info][gc       ] GC(19) Pause Final Roots 0.004ms
[18.256s][info][safepoint] Safepoint "ShenandoahFinalRoots", Time since last: 2881729 ns, Reaching safepoint: 256975 ns, At safepoint: 578220 ns, Total: 835195 ns
[19.422s][info][gc       ] Trigger: Average GC time (295.68 ms) is above the time for average allocation rate (2153 MB/s) to deplete free headroom (633M) (margin of error = 1.81)
[19.425s][info][gc       ] GC(20) Concurrent reset 1.827ms
[19.426s][info][gc       ] GC(20) Pause Init Mark (unload classes) 0.182ms
[19.426s][info][safepoint] Safepoint "ShenandoahInitMark", Time since last: 1169348797 ns, Reaching safepoint: 189666 ns, At safepoint: 790321 ns, Total: 979987 ns
[19.427s][info][gc       ] GC(20) Concurrent marking roots 0.326ms
[19.657s][info][gc       ] GC(20) Concurrent marking (unload classes) 229.740ms
[19.659s][info][gc       ] GC(20) Pause Final Mark (unload classes) 0.720ms
[19.660s][info][safepoint] Safepoint "ShenandoahFinalMarkStartEvac", Time since last: 231784270 ns, Reaching safepoint: 316190 ns, At safepoint: 1283331 ns, Total: 1599521 ns
[19.661s][info][gc       ] GC(20) Concurrent weak references 0.094ms
[19.662s][info][gc       ] GC(20) Concurrent weak roots 0.481ms
[19.662s][info][gc       ] GC(20) Concurrent cleanup 4282M->2147M(5120M) 0.204ms
[19.664s][info][gc       ] GC(20) Concurrent class unloading 0.931ms
[19.665s][info][gc       ] GC(20) Pause Final Roots 0.004ms
[19.665s][info][safepoint] Safepoint "ShenandoahFinalRoots", Time since last: 4848124 ns, Reaching safepoint: 343294 ns, At safepoint: 682825 ns, Total: 1026119 ns
[20.549s][info][gc       ] Trigger: Average GC time (302.12 ms) is above the time for average allocation rate (2123 MB/s) to deplete free headroom (639M) (margin of error = 1.81)
[20.552s][info][gc       ] GC(21) Concurrent reset 2.458ms
[20.553s][info][gc       ] GC(21) Pause Init Mark (unload classes) 0.171ms
[20.554s][info][safepoint] Safepoint "ShenandoahInitMark", Time since last: 887015067 ns, Reaching safepoint: 221503 ns, At safepoint: 842732 ns, Total: 1064235 ns
[20.554s][info][gc       ] GC(21) Concurrent marking roots 0.388ms
[20.804s][info][gc       ] GC(21) Concurrent marking (unload classes) 249.500ms
[20.806s][info][gc       ] GC(21) Pause Final Mark (unload classes) 0.840ms
[20.807s][info][safepoint] Safepoint "ShenandoahFinalMarkStartEvac", Time since last: 251484218 ns, Reaching safepoint: 321287 ns, At safepoint: 1320418 ns, Total: 1641705 ns
[20.807s][info][gc       ] GC(21) Concurrent weak references 0.157ms
[20.808s][info][gc       ] GC(21) Concurrent weak roots 0.404ms
[20.809s][info][gc       ] GC(21) Concurrent cleanup 4407M->2273M(5120M) 0.195ms
[20.810s][info][gc       ] GC(21) Concurrent class unloading 0.839ms
[20.811s][info][gc       ] GC(21) Pause Final Roots 0.004ms
[20.811s][info][safepoint] Safepoint "ShenandoahFinalRoots", Time since last: 3814034 ns, Reaching safepoint: 298995 ns, At safepoint: 576356 ns, Total: 875351 ns
[21.645s][info][gc       ] Trigger: Average GC time (311.29 ms) is above the time for average allocation rate (2103 MB/s) to deplete free headroom (653M) (margin of error = 1.81)
[21.647s][info][gc       ] GC(22) Concurrent reset 2.138ms
[21.648s][info][gc       ] GC(22) Pause Init Mark (unload classes) 0.190ms
[21.649s][info][safepoint] Safepoint "ShenandoahInitMark", Time since last: 836452563 ns, Reaching safepoint: 266542 ns, At safepoint: 610016 ns, Total: 876558 ns
[21.650s][info][gc       ] GC(22) Concurrent marking roots 0.364ms
[21.903s][info][gc       ] GC(22) Concurrent marking (unload classes) 253.320ms
[21.905s][info][gc       ] GC(22) Pause Final Mark (unload classes) 0.580ms
[21.905s][info][safepoint] Safepoint "ShenandoahFinalMarkStartEvac", Time since last: 255116292 ns, Reaching safepoint: 256926 ns, At safepoint: 1145373 ns, Total: 1402299 ns
[21.906s][info][gc       ] GC(22) Concurrent weak references 0.202ms
[21.907s][info][gc       ] GC(22) Concurrent weak roots 0.505ms
[21.908s][info][gc       ] GC(22) Concurrent cleanup 4295M->2175M(5120M) 0.198ms
[21.909s][info][gc       ] GC(22) Concurrent class unloading 0.912ms
[21.910s][info][gc       ] GC(22) Pause Final Roots 0.004ms
[21.911s][info][safepoint] Safepoint "ShenandoahFinalRoots", Time since last: 4682453 ns, Reaching safepoint: 264196 ns, At safepoint: 594793 ns, Total: 858989 ns
[22.755s][info][gc       ] Trigger: Average GC time (308.54 ms) is above the time for average allocation rate (2131 MB/s) to deplete free headroom (657M) (margin of error = 1.81)
[22.758s][info][gc       ] GC(23) Concurrent reset 2.237ms
[22.759s][info][gc       ] GC(23) Pause Init Mark (unload classes) 0.115ms
[22.760s][info][safepoint] Safepoint "ShenandoahInitMark", Time since last: 847786242 ns, Reaching safepoint: 293955 ns, At safepoint: 671404 ns, Total: 965359 ns
[22.760s][info][gc       ] GC(23) Concurrent marking roots 0.395ms
[22.998s][info][gc       ] GC(23) Concurrent marking (unload classes) 236.836ms
[22.999s][info][gc       ] GC(23) Pause Final Mark (unload classes) 0.584ms
[23.000s][info][safepoint] Safepoint "ShenandoahFinalMarkStartEvac", Time since last: 238756845 ns, Reaching safepoint: 315557 ns, At safepoint: 1115016 ns, Total: 1430573 ns
[23.000s][info][gc       ] GC(23) Concurrent weak references 0.091ms
[23.001s][info][gc       ] GC(23) Concurrent weak roots 0.412ms
[23.002s][info][gc       ] GC(23) Concurrent cleanup 4433M->2319M(5120M) 0.238ms
[23.003s][info][gc       ] GC(23) Concurrent class unloading 0.867ms
[23.004s][info][gc       ] GC(23) Pause Final Roots 0.004ms
[23.005s][info][safepoint] Safepoint "ShenandoahFinalRoots", Time since last: 3955837 ns, Reaching safepoint: 344140 ns, At safepoint: 557279 ns, Total: 901419 ns
[23.821s][info][gc       ] Trigger: Average GC time (290.61 ms) is above the time for average allocation rate (2096 MB/s) to deplete free headroom (605M) (margin of error = 1.82)
[23.824s][info][gc       ] GC(24) Concurrent reset 2.388ms
[23.825s][info][gc       ] GC(24) Pause Init Mark (unload classes) 0.135ms
[23.826s][info][safepoint] Safepoint "ShenandoahInitMark", Time since last: 820386072 ns, Reaching safepoint: 352256 ns, At safepoint: 715876 ns, Total: 1068132 ns
[23.827s][info][gc       ] GC(24) Concurrent marking roots 0.398ms
[24.052s][info][gc       ] GC(24) Concurrent marking (unload classes) 224.661ms
[24.053s][info][gc       ] GC(24) Pause Final Mark (unload classes) 0.533ms
[24.054s][info][safepoint] Safepoint "ShenandoahFinalMarkStartEvac", Time since last: 226639803 ns, Reaching safepoint: 238132 ns, At safepoint: 765421 ns, Total: 1003553 ns
[24.054s][info][gc       ] GC(24) Concurrent weak references 0.056ms
[24.055s][info][gc       ] GC(24) Concurrent weak roots 0.425ms
[24.055s][info][gc       ] GC(24) Concurrent cleanup 4487M->2321M(5120M) 0.212ms
[24.056s][info][gc       ] GC(24) Concurrent class unloading 0.683ms
[24.056s][info][gc       ] GC(24) Pause Final Roots 0.003ms
[24.057s][info][safepoint] Safepoint "ShenandoahFinalRoots", Time since last: 2505804 ns, Reaching safepoint: 231151 ns, At safepoint: 442580 ns, Total: 673731 ns
[24.867s][info][gc       ] Trigger: Average GC time (274.84 ms) is above the time for average allocation rate (2136 MB/s) to deplete free headroom (585M) (margin of error = 1.83)
[24.870s][info][gc       ] GC(25) Concurrent reset 2.108ms
[24.870s][info][gc       ] GC(25) Pause Init Mark (unload classes) 0.115ms
[24.871s][info][safepoint] Safepoint "ShenandoahInitMark", Time since last: 813248100 ns, Reaching safepoint: 246128 ns, At safepoint: 460136 ns, Total: 706264 ns
[24.871s][info][gc       ] GC(25) Concurrent marking roots 0.297ms
[25.131s][info][gc       ] GC(25) Concurrent marking (unload classes) 259.126ms
[25.132s][info][gc       ] GC(25) Pause Final Mark (unload classes) 0.739ms
[25.133s][info][safepoint] Safepoint "ShenandoahFinalMarkStartEvac", Time since last: 260662817 ns, Reaching safepoint: 259368 ns, At safepoint: 1349529 ns, Total: 1608897 ns
[25.134s][info][gc       ] GC(25) Concurrent weak references 0.101ms
[25.135s][info][gc       ] GC(25) Concurrent weak roots 0.691ms
[25.135s][info][gc       ] GC(25) Concurrent cleanup 4529M->2343M(5120M) 0.220ms
[25.137s][info][gc       ] GC(25) Concurrent class unloading 0.980ms
[25.137s][info][gc       ] GC(25) Pause Final Roots 0.004ms
[25.138s][info][safepoint] Safepoint "ShenandoahFinalRoots", Time since last: 3901434 ns, Reaching safepoint: 298043 ns, At safepoint: 605591 ns, Total: 903634 ns
[25.905s][info][gc       ] Trigger: Average GC time (291.12 ms) is above the time for average allocation rate (2154 MB/s) to deplete free headroom (623M) (margin of error = 1.83)
[25.908s][info][gc       ] GC(26) Concurrent reset 2.328ms
[25.909s][info][gc       ] GC(26) Pause Init Mark (unload classes) 0.273ms
[25.910s][info][safepoint] Safepoint "ShenandoahInitMark", Time since last: 770566686 ns, Reaching safepoint: 263459 ns, At safepoint: 891723 ns, Total: 1155182 ns
[25.911s][info][gc       ] GC(26) Concurrent marking roots 0.369ms
[26.160s][info][gc       ] GC(26) Concurrent marking (unload classes) 248.743ms
[26.161s][info][gc       ] GC(26) Pause Final Mark (unload classes) 0.877ms
[26.162s][info][safepoint] Safepoint "ShenandoahFinalMarkStartEvac", Time since last: 250639605 ns, Reaching safepoint: 253882 ns, At safepoint: 1312499 ns, Total: 1566381 ns
[26.162s][info][gc       ] GC(26) Concurrent weak references 0.110ms
[26.163s][info][gc       ] GC(26) Concurrent weak roots 0.486ms
[26.164s][info][gc       ] GC(26) Concurrent cleanup 4341M->2193M(5120M) 0.192ms
[26.165s][info][gc       ] GC(26) Concurrent class unloading 0.783ms
[26.165s][info][gc       ] GC(26) Pause Final Roots 0.005ms
[26.166s][info][safepoint] Safepoint "ShenandoahFinalRoots", Time since last: 3161201 ns, Reaching safepoint: 254733 ns, At safepoint: 581735 ns, Total: 836468 ns
[27.030s][info][gc       ] Trigger: Average GC time (283.20 ms) is above the time for average allocation rate (2141 MB/s) to deplete free headroom (605M) (margin of error = 1.83)
[27.033s][info][gc       ] GC(27) Concurrent reset 2.294ms
[27.034s][info][gc       ] GC(27) Pause Init Mark (unload classes) 0.127ms
[27.035s][info][safepoint] Safepoint "ShenandoahInitMark", Time since last: 868276590 ns, Reaching safepoint: 241138 ns, At safepoint: 682732 ns, Total: 923870 ns
[27.036s][info][gc       ] GC(27) Concurrent marking roots 0.390ms
[27.308s][info][gc       ] GC(27) Concurrent marking (unload classes) 271.627ms
[27.309s][info][gc       ] GC(27) Pause Final Mark (unload classes) 0.697ms
[27.310s][info][safepoint] Safepoint "ShenandoahFinalMarkStartEvac", Time since last: 273456003 ns, Reaching safepoint: 253719 ns, At safepoint: 1189973 ns, Total: 1443692 ns
[27.310s][info][gc       ] GC(27) Concurrent weak references 0.067ms
[27.311s][info][gc       ] GC(27) Concurrent weak roots 0.450ms
[27.312s][info][gc       ] GC(27) Concurrent cleanup 4355M->2189M(5120M) 0.195ms
[27.313s][info][gc       ] GC(27) Concurrent class unloading 0.814ms
[27.314s][info][gc       ] GC(27) Pause Final Roots 0.004ms
[27.315s][info][safepoint] Safepoint "ShenandoahFinalRoots", Time since last: 3938627 ns, Reaching safepoint: 281192 ns, At safepoint: 520565 ns, Total: 801757 ns
[28.151s][info][gc       ] Trigger: Average GC time (300.01 ms) is above the time for average allocation rate (2139 MB/s) to deplete free headroom (641M) (margin of error = 1.83)
[28.154s][info][gc       ] GC(28) Concurrent reset 2.288ms
[28.155s][info][gc       ] GC(28) Pause Init Mark (unload classes) 0.138ms
[28.156s][info][safepoint] Safepoint "ShenandoahInitMark", Time since last: 840113938 ns, Reaching safepoint: 126342 ns, At safepoint: 661065 ns, Total: 787407 ns
[28.157s][info][gc       ] GC(28) Concurrent marking roots 0.526ms
[28.382s][info][gc       ] GC(28) Concurrent marking (unload classes) 224.454ms
[28.383s][info][gc       ] GC(28) Pause Final Mark (unload classes) 0.681ms
[28.384s][info][safepoint] Safepoint "ShenandoahFinalMarkStartEvac", Time since last: 226742718 ns, Reaching safepoint: 346755 ns, At safepoint: 1272282 ns, Total: 1619037 ns
[28.384s][info][gc       ] GC(28) Concurrent weak references 0.091ms
[28.385s][info][gc       ] GC(28) Concurrent weak roots 0.472ms
[28.386s][info][gc       ] GC(28) Concurrent cleanup 4287M->2157M(5120M) 0.191ms
[28.387s][info][gc       ] GC(28) Concurrent class unloading 0.874ms
[28.388s][info][gc       ] GC(28) Pause Final Roots 0.004ms
[28.389s][info][safepoint] Safepoint "ShenandoahFinalRoots", Time since last: 3855778 ns, Reaching safepoint: 283052 ns, At safepoint: 498896 ns, Total: 781948 ns
[29.317s][info][gc       ] Trigger: Average GC time (291.70 ms) is above the time for average allocation rate (2112 MB/s) to deplete free headroom (615M) (margin of error = 1.83)
[29.319s][info][gc       ] GC(29) Concurrent reset 2.337ms
[29.320s][info][gc       ] GC(29) Pause Init Mark (unload classes) 0.117ms
[29.321s][info][safepoint] Safepoint "ShenandoahInitMark", Time since last: 931390463 ns, Reaching safepoint: 250240 ns, At safepoint: 458412 ns, Total: 708652 ns
[29.322s][info][gc       ] GC(29) Concurrent marking roots 0.333ms
[29.566s][info][gc       ] GC(29) Concurrent marking (unload classes) 243.900ms
[29.567s][info][gc       ] GC(29) Pause Final Mark (unload classes) 0.530ms
[29.567s][info][safepoint] Safepoint "ShenandoahFinalMarkStartEvac", Time since last: 245549397 ns, Reaching safepoint: 245085 ns, At safepoint: 984122 ns, Total: 1229207 ns
[29.568s][info][gc       ] GC(29) Concurrent weak references 0.067ms
[29.569s][info][gc       ] GC(29) Concurrent weak roots 0.341ms
[29.569s][info][gc       ] GC(29) Concurrent cleanup 4325M->2169M(5120M) 0.196ms
[29.571s][info][gc       ] GC(29) Concurrent class unloading 0.886ms
[29.571s][info][gc       ] GC(29) Pause Final Roots 0.004ms
[29.572s][info][safepoint] Safepoint "ShenandoahFinalRoots", Time since last: 3616542 ns, Reaching safepoint: 197112 ns, At safepoint: 464655 ns, Total: 661767 ns
[30.495s][info][gc       ] Trigger: Average GC time (280.97 ms) is above the time for average allocation rate (2048 MB/s) to deplete free headroom (571M) (margin of error = 1.83)
[30.498s][info][gc       ] GC(30) Concurrent reset 2.388ms
[30.499s][info][gc       ] GC(30) Pause Init Mark (unload classes) 0.117ms
[30.500s][info][safepoint] Safepoint "ShenandoahInitMark", Time since last: 927389034 ns, Reaching safepoint: 242817 ns, At safepoint: 463965 ns, Total: 706782 ns
[30.501s][info][gc       ] GC(30) Concurrent marking roots 0.394ms
[30.724s][info][gc       ] GC(30) Concurrent marking (unload classes) 223.453ms
[30.726s][info][gc       ] GC(30) Pause Final Mark (unload classes) 0.788ms
[30.727s][info][safepoint] Safepoint "ShenandoahFinalMarkStartEvac", Time since last: 225253716 ns, Reaching safepoint: 217048 ns, At safepoint: 1316168 ns, Total: 1533216 ns
[30.727s][info][gc       ] GC(30) Concurrent weak references 0.096ms
[30.728s][info][gc       ] GC(30) Concurrent weak roots 0.396ms
[30.729s][info][gc       ] GC(30) Concurrent cleanup 4513M->2313M(5120M) 0.193ms
[30.730s][info][gc       ] GC(30) Concurrent class unloading 0.795ms
[30.731s][info][gc       ] GC(30) Pause Final Roots 0.004ms
[30.731s][info][safepoint] Safepoint "ShenandoahFinalRoots", Time since last: 4136828 ns, Reaching safepoint: 224225 ns, At safepoint: 497135 ns, Total: 721360 ns
[31.588s][info][gc       ] Trigger: Average GC time (270.71 ms) is above the time for average allocation rate (2077 MB/s) to deplete free headroom (561M) (margin of error = 1.84)
[31.591s][info][gc       ] GC(31) Concurrent reset 2.612ms
[31.592s][info][gc       ] GC(31) Pause Init Mark (unload classes) 0.219ms
[31.592s][info][safepoint] Safepoint "ShenandoahInitMark", Time since last: 859907282 ns, Reaching safepoint: 134629 ns, At safepoint: 583975 ns, Total: 718604 ns
[31.593s][info][gc       ] GC(31) Concurrent marking roots 0.358ms
[31.897s][info][gc       ] GC(31) Concurrent marking (unload classes) 303.506ms
[31.898s][info][gc       ] GC(31) Pause Final Mark (unload classes) 0.468ms
[31.898s][info][safepoint] Safepoint "ShenandoahFinalMarkStartEvac", Time since last: 305045399 ns, Reaching safepoint: 147787 ns, At safepoint: 755866 ns, Total: 903653 ns
[31.898s][info][gc       ] GC(31) Concurrent weak references 0.054ms
[31.899s][info][gc       ] GC(31) Concurrent weak roots 0.416ms
[31.899s][info][gc       ] GC(31) Concurrent cleanup 4579M->2371M(5120M) 0.198ms
[31.900s][info][gc       ] GC(31) Concurrent class unloading 0.744ms
[31.901s][info][gc       ] GC(31) Pause Final Roots 0.013ms
[31.901s][info][safepoint] Safepoint "ShenandoahFinalRoots", Time since last: 2805636 ns, Reaching safepoint: 175030 ns, At safepoint: 380825 ns, Total: 555855 ns
[32.660s][info][gc       ] Trigger: Average GC time (344.78 ms) is above the time for average allocation rate (2104 MB/s) to deplete free headroom (723M) (margin of error = 1.85)
[32.663s][info][gc       ] GC(32) Concurrent reset 2.418ms
[32.663s][info][gc       ] GC(32) Pause Init Mark (unload classes) 0.122ms
[32.664s][info][safepoint] Safepoint "ShenandoahInitMark", Time since last: 761740081 ns, Reaching safepoint: 176343 ns, At safepoint: 678465 ns, Total: 854808 ns
[32.665s][info][gc       ] GC(32) Concurrent marking roots 0.305ms
[32.947s][info][gc       ] GC(32) Concurrent marking (unload classes) 282.315ms
[32.949s][info][gc       ] GC(32) Pause Final Mark (unload classes) 0.691ms
[32.950s][info][safepoint] Safepoint "ShenandoahFinalMarkStartEvac", Time since last: 284187127 ns, Reaching safepoint: 295872 ns, At safepoint: 1153951 ns, Total: 1449823 ns
[32.950s][info][gc       ] GC(32) Concurrent weak references 0.080ms
[32.951s][info][gc       ] GC(32) Concurrent weak roots 0.296ms
[32.951s][info][gc       ] GC(32) Concurrent cleanup 4257M->2209M(5120M) 0.194ms
[32.953s][info][gc       ] GC(32) Concurrent class unloading 0.813ms
[32.953s][info][gc       ] GC(32) Pause Final Roots 0.004ms
[32.954s][info][safepoint] Safepoint "ShenandoahFinalRoots", Time since last: 3375531 ns, Reaching safepoint: 299249 ns, At safepoint: 443407 ns, Total: 742656 ns
[33.760s][info][gc       ] Trigger: Average GC time (334.74 ms) is above the time for average allocation rate (2134 MB/s) to deplete free headroom (713M) (margin of error = 1.84)
[33.763s][info][gc       ] GC(33) Concurrent reset 2.389ms
[33.764s][info][gc       ] GC(33) Pause Init Mark (unload classes) 0.130ms
[33.764s][info][safepoint] Safepoint "ShenandoahInitMark", Time since last: 810045364 ns, Reaching safepoint: 156952 ns, At safepoint: 532177 ns, Total: 689129 ns
[33.765s][info][gc       ] GC(33) Concurrent marking roots 0.371ms
[34.016s][info][gc       ] GC(33) Concurrent marking (unload classes) 250.334ms
[34.018s][info][gc       ] GC(33) Pause Final Mark (unload classes) 0.596ms
[34.018s][info][safepoint] Safepoint "ShenandoahFinalMarkStartEvac", Time since last: 252337127 ns, Reaching safepoint: 259965 ns, At safepoint: 1081317 ns, Total: 1341282 ns
[34.019s][info][gc       ] GC(33) Concurrent weak references 0.063ms
[34.019s][info][gc       ] GC(33) Concurrent weak roots 0.419ms
[34.020s][info][gc       ] GC(33) Concurrent cleanup 4383M->2325M(5120M) 0.215ms
[34.021s][info][gc       ] GC(33) Concurrent class unloading 0.731ms
[34.022s][info][gc       ] GC(33) Pause Final Roots 0.004ms
[34.022s][info][safepoint] Safepoint "ShenandoahFinalRoots", Time since last: 3545216 ns, Reaching safepoint: 224806 ns, At safepoint: 365692 ns, Total: 590498 ns
[34.407s][info][gc       ] Trigger: Average GC time (315.38 ms) is above the time for average allocation rate (3056 MB/s) to deplete free headroom (961M) (margin of error = 1.85)
[34.411s][info][gc       ] GC(34) Concurrent reset 2.794ms
[34.412s][info][gc       ] GC(34) Pause Init Mark (unload classes) 0.150ms
[34.412s][info][safepoint] Safepoint "ShenandoahInitMark", Time since last: 388853603 ns, Reaching safepoint: 413963 ns, At safepoint: 526786 ns, Total: 940749 ns
[34.413s][info][gc       ] GC(34) Concurrent marking roots 0.387ms
[34.542s][info][gc       ] GC(34) Concurrent marking (unload classes) 128.962ms
[34.543s][info][gc       ] GC(34) Pause Final Mark (unload classes) 0.441ms
[34.544s][info][safepoint] Safepoint "ShenandoahFinalMarkStartEvac", Time since last: 130466646 ns, Reaching safepoint: 206475 ns, At safepoint: 849953 ns, Total: 1056428 ns
[34.544s][info][gc       ] GC(34) Concurrent weak references 0.092ms
[34.545s][info][gc       ] GC(34) Concurrent weak roots 0.312ms
[34.545s][info][gc       ] GC(34) Concurrent cleanup 4104M->1235M(5120M) 0.210ms
[34.547s][info][gc       ] GC(34) Concurrent class unloading 1.130ms
[34.548s][info][gc       ] GC(34) Pause Final Roots 0.005ms
[34.548s][info][safepoint] Safepoint "ShenandoahFinalRoots", Time since last: 3669213 ns, Reaching safepoint: 265882 ns, At safepoint: 419502 ns, Total: 685384 ns
[35.724s][info][gc       ] Trigger: Average GC time (332.54 ms) is above the time for average allocation rate (2154 MB/s) to deplete free headroom (715M) (margin of error = 1.82)
[35.725s][info][gc       ] GC(35) Concurrent reset 1.168ms
[35.726s][info][gc       ] GC(35) Pause Init Mark (unload classes) 0.119ms
[35.727s][info][safepoint] Safepoint "ShenandoahInitMark", Time since last: 1177922775 ns, Reaching safepoint: 232447 ns, At safepoint: 652453 ns, Total: 884900 ns
[35.728s][info][gc       ] GC(35) Concurrent marking roots 0.428ms
[35.955s][info][gc       ] GC(35) Concurrent marking (unload classes) 226.812ms
[35.956s][info][gc       ] GC(35) Pause Final Mark (unload classes) 0.563ms
[35.957s][info][safepoint] Safepoint "ShenandoahFinalMarkStartEvac", Time since last: 228893007 ns, Reaching safepoint: 240786 ns, At safepoint: 989097 ns, Total: 1229883 ns
[35.957s][info][gc       ] GC(35) Concurrent weak references 0.092ms
[35.958s][info][gc       ] GC(35) Concurrent weak roots 0.451ms
[35.959s][info][gc       ] GC(35) Concurrent cleanup 4300M->2251M(5120M) 0.210ms
[35.960s][info][gc       ] GC(35) Concurrent class unloading 0.778ms
[35.961s][info][gc       ] GC(35) Pause Final Roots 0.003ms
[35.961s][info][safepoint] Safepoint "ShenandoahFinalRoots", Time since last: 3528233 ns, Reaching safepoint: 215262 ns, At safepoint: 409124 ns, Total: 624386 ns
[36.767s][info][gc       ] Trigger: Average GC time (314.83 ms) is above the time for average allocation rate (2137 MB/s) to deplete free headroom (669M) (margin of error = 1.82)
[36.770s][info][gc       ] GC(36) Concurrent reset 2.199ms
[36.771s][info][gc       ] GC(36) Pause Init Mark (unload classes) 0.116ms
[36.771s][info][safepoint] Safepoint "ShenandoahInitMark", Time since last: 809511876 ns, Reaching safepoint: 231350 ns, At safepoint: 471058 ns, Total: 702408 ns
[36.772s][info][gc       ] GC(36) Concurrent marking roots 0.335ms
[37.043s][info][gc       ] GC(36) Concurrent marking (unload classes) 270.720ms
[37.045s][info][gc       ] GC(36) Pause Final Mark (unload classes) 0.614ms
[37.045s][info][safepoint] Safepoint "ShenandoahFinalMarkStartEvac", Time since last: 272566657 ns, Reaching safepoint: 232693 ns, At safepoint: 1144209 ns, Total: 1376902 ns
[37.046s][info][gc       ] GC(36) Concurrent weak references 0.072ms
[37.046s][info][gc       ] GC(36) Concurrent weak roots 0.398ms
[37.047s][info][gc       ] GC(36) Concurrent cleanup 4441M->2343M(5120M) 0.196ms
[37.049s][info][gc       ] GC(36) Concurrent class unloading 0.829ms
[37.049s][info][gc       ] GC(36) Pause Final Roots 0.004ms
[37.050s][info][safepoint] Safepoint "ShenandoahFinalRoots", Time since last: 3904684 ns, Reaching safepoint: 217636 ns, At safepoint: 600057 ns, Total: 817693 ns
[37.816s][info][gc       ] Trigger: Average GC time (338.20 ms) is above the time for average allocation rate (2106 MB/s) to deplete free headroom (711M) (margin of error = 1.83)
[37.819s][info][gc       ] GC(37) Concurrent reset 2.284ms
[37.820s][info][gc       ] GC(37) Pause Init Mark (unload classes) 0.121ms
[37.820s][info][safepoint] Safepoint "ShenandoahInitMark", Time since last: 769906684 ns, Reaching safepoint: 208745 ns, At safepoint: 364156 ns, Total: 572901 ns
[37.821s][info][gc       ] GC(37) Concurrent marking roots 0.401ms
[38.101s][info][gc       ] GC(37) Concurrent marking (unload classes) 279.832ms
[38.103s][info][gc       ] GC(37) Pause Final Mark (unload classes) 0.819ms
[38.103s][info][safepoint] Safepoint "ShenandoahFinalMarkStartEvac", Time since last: 281604058 ns, Reaching safepoint: 206193 ns, At safepoint: 1123181 ns, Total: 1329374 ns
[38.104s][info][gc       ] GC(37) Concurrent weak references 0.204ms
[38.105s][info][gc       ] GC(37) Concurrent weak roots 0.547ms
[38.105s][info][gc       ] GC(37) Concurrent cleanup 4309M->2253M(5120M) 0.191ms
[38.107s][info][gc       ] GC(37) Concurrent class unloading 0.786ms
[38.107s][info][gc       ] GC(37) Pause Final Roots 0.004ms
[38.108s][info][safepoint] Safepoint "ShenandoahFinalRoots", Time since last: 3547622 ns, Reaching safepoint: 182830 ns, At safepoint: 550806 ns, Total: 733636 ns
[38.885s][info][gc       ] Trigger: Average GC time (341.78 ms) is above the time for average allocation rate (2132 MB/s) to deplete free headroom (727M) (margin of error = 1.83)
[38.888s][info][gc       ] GC(38) Concurrent reset 2.387ms
[38.889s][info][gc       ] GC(38) Pause Init Mark (unload classes) 0.099ms
[38.889s][info][safepoint] Safepoint "ShenandoahInitMark", Time since last: 781055873 ns, Reaching safepoint: 232326 ns, At safepoint: 577765 ns, Total: 810091 ns
[38.890s][info][gc       ] GC(38) Concurrent marking roots 0.360ms
[39.147s][info][gc       ] GC(38) Concurrent marking (unload classes) 256.442ms
[39.149s][info][gc       ] GC(38) Pause Final Mark (unload classes) 0.675ms
[39.149s][info][safepoint] Safepoint "ShenandoahFinalMarkStartEvac", Time since last: 258249148 ns, Reaching safepoint: 247353 ns, At safepoint: 1159874 ns, Total: 1407227 ns
[39.150s][info][gc       ] GC(38) Concurrent weak references 0.206ms
[39.151s][info][gc       ] GC(38) Concurrent weak roots 0.731ms
[39.152s][info][gc       ] GC(38) Concurrent cleanup 4257M->2215M(5120M) 0.231ms
[39.153s][info][gc       ] GC(38) Concurrent class unloading 0.776ms
[39.153s][info][gc       ] GC(38) Pause Final Roots 0.004ms
[39.154s][info][safepoint] Safepoint "ShenandoahFinalRoots", Time since last: 4094256 ns, Reaching safepoint: 257470 ns, At safepoint: 424340 ns, Total: 681810 ns
[40.060s][info][gc       ] Trigger: Average GC time (319.82 ms) is above the time for average allocation rate (1961 MB/s) to deplete free headroom (625M) (margin of error = 1.83)
[40.063s][info][gc       ] GC(39) Concurrent reset 2.309ms
[40.064s][info][gc       ] GC(39) Pause Init Mark (unload classes) 0.113ms
[40.064s][info][safepoint] Safepoint "ShenandoahInitMark", Time since last: 909478695 ns, Reaching safepoint: 123429 ns, At safepoint: 418216 ns, Total: 541645 ns
[40.065s][info][gc       ] GC(39) Concurrent marking roots 0.316ms
[40.279s][info][gc       ] GC(39) Concurrent marking (unload classes) 214.424ms
[40.281s][info][gc       ] GC(39) Pause Final Mark (unload classes) 0.595ms
[40.281s][info][safepoint] Safepoint "ShenandoahFinalMarkStartEvac", Time since last: 215913288 ns, Reaching safepoint: 203831 ns, At safepoint: 972538 ns, Total: 1176369 ns
[40.281s][info][gc       ] GC(39) Concurrent weak references 0.079ms
[40.282s][info][gc       ] GC(39) Concurrent weak roots 0.428ms
[40.283s][info][gc       ] GC(39) Concurrent cleanup 4407M->2263M(5120M) 0.209ms
[40.284s][info][gc       ] GC(39) Concurrent class unloading 0.918ms
[40.285s][info][gc       ] GC(39) Pause Final Roots 0.004ms
[40.285s][info][safepoint] Safepoint "ShenandoahFinalRoots", Time since last: 3707857 ns, Reaching safepoint: 292803 ns, At safepoint: 461163 ns, Total: 753966 ns
[41.122s][info][gc       ] Trigger: Average GC time (301.74 ms) is above the time for average allocation rate (2105 MB/s) to deplete free headroom (631M) (margin of error = 1.83)
[41.125s][info][gc       ] GC(40) Concurrent reset 2.914ms
[41.126s][info][gc       ] GC(40) Pause Init Mark (unload classes) 0.137ms
[41.127s][info][safepoint] Safepoint "ShenandoahInitMark", Time since last: 840321481 ns, Reaching safepoint: 127269 ns, At safepoint: 688145 ns, Total: 815414 ns
[41.127s][info][gc       ] GC(40) Concurrent marking roots 0.331ms
[41.372s][info][gc       ] GC(40) Concurrent marking (unload classes) 244.212ms
[41.374s][info][gc       ] GC(40) Pause Final Mark (unload classes) 0.729ms
[41.374s][info][safepoint] Safepoint "ShenandoahFinalMarkStartEvac", Time since last: 246239153 ns, Reaching safepoint: 265153 ns, At safepoint: 1202164 ns, Total: 1467317 ns
[41.375s][info][gc       ] GC(40) Concurrent weak references 0.106ms
[41.376s][info][gc       ] GC(40) Concurrent weak roots 0.498ms
[41.377s][info][gc       ] GC(40) Concurrent cleanup 4393M->2255M(5120M) 0.187ms
[41.378s][info][gc       ] GC(40) Concurrent class unloading 0.788ms
[41.379s][info][gc       ] GC(40) Pause Final Roots 0.004ms
[41.379s][info][safepoint] Safepoint "ShenandoahFinalRoots", Time since last: 4287745 ns, Reaching safepoint: 231040 ns, At safepoint: 562530 ns, Total: 793570 ns
[42.243s][info][gc       ] Trigger: Average GC time (291.88 ms) is above the time for average allocation rate (2078 MB/s) to deplete free headroom (605M) (margin of error = 1.83)
[42.246s][info][gc       ] GC(41) Concurrent reset 2.161ms
[42.247s][info][gc       ] GC(41) Pause Init Mark (unload classes) 0.112ms
[42.247s][info][safepoint] Safepoint "ShenandoahInitMark", Time since last: 867086278 ns, Reaching safepoint: 151678 ns, At safepoint: 378414 ns, Total: 530092 ns
[42.248s][info][gc       ] GC(41) Concurrent marking roots 0.378ms
[42.523s][info][gc       ] GC(41) Concurrent marking (unload classes) 274.457ms
[42.524s][info][gc       ] GC(41) Pause Final Mark (unload classes) 0.431ms
[42.524s][info][safepoint] Safepoint "ShenandoahFinalMarkStartEvac", Time since last: 276280172 ns, Reaching safepoint: 202831 ns, At safepoint: 799942 ns, Total: 1002773 ns
[42.525s][info][gc       ] GC(41) Concurrent weak references 0.051ms
[42.525s][info][gc       ] GC(41) Concurrent weak roots 0.254ms
[42.525s][info][gc       ] GC(41) Concurrent cleanup 4385M->2225M(5120M) 0.220ms
[42.526s][info][gc       ] GC(41) Concurrent class unloading 0.597ms
[42.527s][info][gc       ] GC(41) Pause Final Roots 0.004ms
[42.527s][info][safepoint] Safepoint "ShenandoahFinalRoots", Time since last: 2233349 ns, Reaching safepoint: 174136 ns, At safepoint: 301668 ns, Total: 475804 ns
[43.339s][info][gc       ] Trigger: Average GC time (307.49 ms) is above the time for average allocation rate (2135 MB/s) to deplete free headroom (655M) (margin of error = 1.83)
[43.342s][info][gc       ] GC(42) Concurrent reset 2.584ms
[43.343s][info][gc       ] GC(42) Pause Init Mark (unload classes) 0.113ms
[43.343s][info][safepoint] Safepoint "ShenandoahInitMark", Time since last: 815517542 ns, Reaching safepoint: 135050 ns, At safepoint: 608278 ns, Total: 743328 ns
[43.344s][info][gc       ] GC(42) Concurrent marking roots 0.338ms
[43.559s][info][gc       ] GC(42) Concurrent marking (unload classes) 214.249ms
[43.560s][info][gc       ] GC(42) Pause Final Mark (unload classes) 0.577ms
[43.561s][info][safepoint] Safepoint "ShenandoahFinalMarkStartEvac", Time since last: 216154703 ns, Reaching safepoint: 305176 ns, At safepoint: 1018766 ns, Total: 1323942 ns
[43.561s][info][gc       ] GC(42) Concurrent weak references 0.060ms
[43.562s][info][gc       ] GC(42) Concurrent weak roots 0.438ms
[43.563s][info][gc       ] GC(42) Concurrent cleanup 4387M->2277M(5120M) 0.220ms
[43.564s][info][gc       ] GC(42) Concurrent class unloading 0.912ms
[43.565s][info][gc       ] GC(42) Pause Final Roots 0.004ms
[43.565s][info][safepoint] Safepoint "ShenandoahFinalRoots", Time since last: 3726690 ns, Reaching safepoint: 249905 ns, At safepoint: 439464 ns, Total: 689369 ns
[44.376s][info][gc       ] Trigger: Average GC time (294.45 ms) is above the time for average allocation rate (2139 MB/s) to deplete free headroom (629M) (margin of error = 1.83)
[44.379s][info][gc       ] GC(43) Concurrent reset 2.411ms
[44.379s][info][gc       ] GC(43) Pause Init Mark (unload classes) 0.107ms
[44.380s][info][safepoint] Safepoint "ShenandoahInitMark", Time since last: 813922937 ns, Reaching safepoint: 224518 ns, At safepoint: 578551 ns, Total: 803069 ns
[44.381s][info][gc       ] GC(43) Concurrent marking roots 0.425ms
[44.630s][info][gc       ] GC(43) Concurrent marking (unload classes) 249.192ms
[44.632s][info][gc       ] GC(43) Pause Final Mark (unload classes) 0.551ms
[44.632s][info][safepoint] Safepoint "ShenandoahFinalMarkStartEvac", Time since last: 251023844 ns, Reaching safepoint: 291936 ns, At safepoint: 969498 ns, Total: 1261434 ns
[44.633s][info][gc       ] GC(43) Concurrent weak references 0.091ms
[44.634s][info][gc       ] GC(43) Concurrent weak roots 0.441ms
[44.634s][info][gc       ] GC(43) Concurrent cleanup 4507M->2371M(5120M) 0.227ms
[44.636s][info][gc       ] GC(43) Concurrent class unloading 0.917ms
[44.637s][info][gc       ] GC(43) Pause Final Roots 0.004ms
[44.637s][info][safepoint] Safepoint "ShenandoahFinalRoots", Time since last: 4228231 ns, Reaching safepoint: 224982 ns, At safepoint: 353522 ns, Total: 578504 ns
[45.443s][info][gc       ] Trigger: Average GC time (289.88 ms) is above the time for average allocation rate (2098 MB/s) to deplete free headroom (599M) (margin of error = 1.84)
[45.446s][info][gc       ] GC(44) Concurrent reset 2.696ms
[45.447s][info][gc       ] GC(44) Pause Init Mark (unload classes) 0.207ms
[45.447s][info][safepoint] Safepoint "ShenandoahInitMark", Time since last: 809770005 ns, Reaching safepoint: 145640 ns, At safepoint: 577498 ns, Total: 723138 ns
[45.448s][info][gc       ] GC(44) Concurrent marking roots 0.561ms
[45.685s][info][gc       ] GC(44) Concurrent marking (unload classes) 236.419ms
[45.687s][info][gc       ] GC(44) Pause Final Mark (unload classes) 0.578ms
[45.687s][info][safepoint] Safepoint "ShenandoahFinalMarkStartEvac", Time since last: 238492784 ns, Reaching safepoint: 390808 ns, At safepoint: 1075568 ns, Total: 1466376 ns
[45.688s][info][gc       ] GC(44) Concurrent weak references 0.103ms
[45.689s][info][gc       ] GC(44) Concurrent weak roots 0.475ms
[45.690s][info][gc       ] GC(44) Concurrent cleanup 4313M->2147M(5120M) 0.193ms
[45.691s][info][gc       ] GC(44) Concurrent class unloading 0.932ms
[45.692s][info][gc       ] GC(44) Pause Final Roots 0.003ms
[45.692s][info][safepoint] Safepoint "ShenandoahFinalRoots", Time since last: 3971238 ns, Reaching safepoint: 260215 ns, At safepoint: 591180 ns, Total: 851395 ns
[46.579s][info][gc       ] Trigger: Average GC time (277.05 ms) is above the time for average allocation rate (2143 MB/s) to deplete free headroom (593M) (margin of error = 1.82)
[46.582s][info][gc       ] GC(45) Concurrent reset 2.330ms
[46.582s][info][gc       ] GC(45) Pause Init Mark (unload classes) 0.106ms
[46.583s][info][safepoint] Safepoint "ShenandoahInitMark", Time since last: 889735910 ns, Reaching safepoint: 127884 ns, At safepoint: 763544 ns, Total: 891428 ns
[46.584s][info][gc       ] GC(45) Concurrent marking roots 0.459ms
[46.853s][info][gc       ] GC(45) Concurrent marking (unload classes) 268.601ms
[46.854s][info][gc       ] GC(45) Pause Final Mark (unload classes) 0.564ms
[46.855s][info][safepoint] Safepoint "ShenandoahFinalMarkStartEvac", Time since last: 270725841 ns, Reaching safepoint: 260629 ns, At safepoint: 909863 ns, Total: 1170492 ns
[46.855s][info][gc       ] GC(45) Concurrent weak references 0.087ms
[46.856s][info][gc       ] GC(45) Concurrent weak roots 0.334ms
[46.857s][info][gc       ] GC(45) Concurrent cleanup 4419M->2245M(5120M) 0.195ms
[46.858s][info][gc       ] GC(45) Concurrent class unloading 0.669ms
[46.858s][info][gc       ] GC(45) Pause Final Roots 0.003ms
[46.859s][info][safepoint] Safepoint "ShenandoahFinalRoots", Time since last: 3421909 ns, Reaching safepoint: 198811 ns, At safepoint: 526378 ns, Total: 725189 ns
[47.726s][info][gc       ] Trigger: Average GC time (297.44 ms) is above the time for average allocation rate (2038 MB/s) to deplete free headroom (605M) (margin of error = 1.82)
[47.729s][info][gc       ] GC(46) Concurrent reset 2.360ms
[47.730s][info][gc       ] GC(46) Pause Init Mark (unload classes) 0.107ms
[47.730s][info][safepoint] Safepoint "ShenandoahInitMark", Time since last: 870436248 ns, Reaching safepoint: 203877 ns, At safepoint: 509325 ns, Total: 713202 ns
[47.731s][info][gc       ] GC(46) Concurrent marking roots 0.302ms
[47.973s][info][gc       ] GC(46) Concurrent marking (unload classes) 241.417ms
[47.974s][info][gc       ] GC(46) Pause Final Mark (unload classes) 0.621ms
[47.975s][info][safepoint] Safepoint "ShenandoahFinalMarkStartEvac", Time since last: 243469703 ns, Reaching safepoint: 291641 ns, At safepoint: 1261980 ns, Total: 1553621 ns
[47.976s][info][gc       ] GC(46) Concurrent weak references 0.129ms
[47.976s][info][gc       ] GC(46) Concurrent weak roots 0.389ms
[47.977s][info][gc       ] GC(46) Concurrent cleanup 4447M->2289M(5120M) 0.192ms
[47.978s][info][gc       ] GC(46) Concurrent class unloading 0.968ms
[47.979s][info][gc       ] GC(46) Pause Final Roots 0.004ms
[47.980s][info][safepoint] Safepoint "ShenandoahFinalRoots", Time since last: 3694443 ns, Reaching safepoint: 332168 ns, At safepoint: 660440 ns, Total: 992608 ns
[48.803s][info][gc       ] Trigger: Average GC time (284.78 ms) is above the time for average allocation rate (2128 MB/s) to deplete free headroom (605M) (margin of error = 1.82)
[48.806s][info][gc       ] GC(47) Concurrent reset 2.501ms
[48.807s][info][gc       ] GC(47) Pause Init Mark (unload classes) 0.210ms
[48.808s][info][safepoint] Safepoint "ShenandoahInitMark", Time since last: 827034697 ns, Reaching safepoint: 293849 ns, At safepoint: 740242 ns, Total: 1034091 ns
[48.809s][info][gc       ] GC(47) Concurrent marking roots 0.548ms
[49.035s][info][gc       ] GC(47) Concurrent marking (unload classes) 225.909ms
[49.036s][info][gc       ] GC(47) Pause Final Mark (unload classes) 0.557ms
[49.037s][info][safepoint] Safepoint "ShenandoahFinalMarkStartEvac", Time since last: 227798618 ns, Reaching safepoint: 268249 ns, At safepoint: 1146978 ns, Total: 1415227 ns
[49.038s][info][gc       ] GC(47) Concurrent weak references 0.186ms
[49.039s][info][gc       ] GC(47) Concurrent weak roots 0.507ms
[49.040s][info][gc       ] GC(47) Concurrent cleanup 4359M->2197M(5120M) 0.198ms
[49.041s][info][gc       ] GC(47) Concurrent class unloading 0.955ms
[49.042s][info][gc       ] GC(47) Pause Final Roots 0.004ms
[49.042s][info][safepoint] Safepoint "ShenandoahFinalRoots", Time since last: 4530550 ns, Reaching safepoint: 240706 ns, At safepoint: 570098 ns, Total: 810804 ns
[49.926s][info][gc       ] Trigger: Average GC time (275.16 ms) is above the time for average allocation rate (2123 MB/s) to deplete free headroom (583M) (margin of error = 1.81)
[49.929s][info][gc       ] GC(48) Concurrent reset 2.362ms
[49.930s][info][gc       ] GC(48) Pause Init Mark (unload classes) 0.132ms
[49.930s][info][safepoint] Safepoint "ShenandoahInitMark", Time since last: 886870590 ns, Reaching safepoint: 328606 ns, At safepoint: 688654 ns, Total: 1017260 ns
[49.931s][info][gc       ] GC(48) Concurrent marking roots 0.393ms
[50.170s][info][gc       ] GC(48) Concurrent marking (unload classes) 238.750ms
[50.172s][info][gc       ] GC(48) Pause Final Mark (unload classes) 0.466ms
[50.172s][info][safepoint] Safepoint "ShenandoahFinalMarkStartEvac", Time since last: 240755692 ns, Reaching safepoint: 302170 ns, At safepoint: 1059991 ns, Total: 1362161 ns
[50.173s][info][gc       ] GC(48) Concurrent weak references 0.137ms
[50.174s][info][gc       ] GC(48) Concurrent weak roots 0.403ms
[50.174s][info][gc       ] GC(48) Concurrent cleanup 4489M->2305M(5120M) 0.193ms
[50.176s][info][gc       ] GC(48) Concurrent class unloading 0.786ms
[50.176s][info][gc       ] GC(48) Pause Final Roots 0.005ms
[50.177s][info][safepoint] Safepoint "ShenandoahFinalRoots", Time since last: 3600464 ns, Reaching safepoint: 300730 ns, At safepoint: 615812 ns, Total: 916542 ns
[50.581s][info][gc       ] Trigger: Average GC time (268.66 ms) is above the time for instantaneous allocation rate (5328 MB/s) to deplete free headroom (1123M) (spike threshold = 1.83)
[50.585s][info][gc       ] GC(49) Concurrent reset 2.822ms
[50.586s][info][gc       ] GC(49) Pause Init Mark (unload classes) 0.129ms
[50.586s][info][safepoint] Safepoint "ShenandoahInitMark", Time since last: 408253519 ns, Reaching safepoint: 330386 ns, At safepoint: 646810 ns, Total: 977196 ns
[50.587s][info][gc       ] GC(49) Concurrent marking roots 0.288ms
[50.655s][info][gc       ] GC(49) Concurrent marking (unload classes) 67.418ms
[50.657s][info][gc       ] GC(49) Pause Final Mark (unload classes) 0.633ms
[50.657s][info][safepoint] Safepoint "ShenandoahFinalMarkStartEvac", Time since last: 69350090 ns, Reaching safepoint: 414467 ns, At safepoint: 1081606 ns, Total: 1496073 ns
[50.657s][info][gc       ] GC(49) Concurrent weak references 0.113ms
[50.659s][info][gc       ] GC(49) Concurrent weak roots 0.680ms
[50.659s][info][gc       ] GC(49) Concurrent cleanup 3849M->832M(5120M) 0.223ms
[50.661s][info][gc       ] GC(49) Concurrent class unloading 1.169ms
[50.662s][info][gc       ] GC(49) Pause Final Roots 0.004ms
[50.662s][info][safepoint] Safepoint "ShenandoahFinalRoots", Time since last: 4336945 ns, Reaching safepoint: 220589 ns, At safepoint: 556468 ns, Total: 777057 ns
[51.906s][info][gc       ] Trigger: Average GC time (320.59 ms) is above the time for average allocation rate (2069 MB/s) to deplete free headroom (661M) (margin of error = 1.82)
[51.907s][info][gc       ] GC(50) Concurrent reset 0.787ms
[51.908s][info][gc       ] GC(50) Pause Init Mark (unload classes) 0.127ms
[51.909s][info][safepoint] Safepoint "ShenandoahInitMark", Time since last: 1245572220 ns, Reaching safepoint: 268068 ns, At safepoint: 604607 ns, Total: 872675 ns
[51.909s][info][gc       ] GC(50) Concurrent marking roots 0.437ms
[52.160s][info][gc       ] GC(50) Concurrent marking (unload classes) 250.719ms
[52.162s][info][gc       ] GC(50) Pause Final Mark (unload classes) 0.718ms
[52.163s][info][safepoint] Safepoint "ShenandoahFinalMarkStartEvac", Time since last: 252519084 ns, Reaching safepoint: 258020 ns, At safepoint: 1377196 ns, Total: 1635216 ns
[52.163s][info][gc       ] GC(50) Concurrent weak references 0.180ms
[52.164s][info][gc       ] GC(50) Concurrent weak roots 0.388ms
[52.165s][info][gc       ] GC(50) Concurrent cleanup 4272M->2173M(5120M) 0.211ms
[52.166s][info][gc       ] GC(50) Concurrent class unloading 0.972ms
[52.167s][info][gc       ] GC(50) Pause Final Roots 0.004ms
[52.168s][info][safepoint] Safepoint "ShenandoahFinalRoots", Time since last: 4157030 ns, Reaching safepoint: 241301 ns, At safepoint: 432084 ns, Total: 673385 ns
[53.016s][info][gc       ] Trigger: Average GC time (353.89 ms) is above the time for average allocation rate (2096 MB/s) to deplete free headroom (739M) (margin of error = 1.82)
[53.019s][info][gc       ] GC(51) Concurrent reset 2.147ms
[53.020s][info][gc       ] GC(51) Pause Init Mark (unload classes) 0.180ms
[53.020s][info][safepoint] Safepoint "ShenandoahInitMark", Time since last: 851827341 ns, Reaching safepoint: 157124 ns, At safepoint: 619386 ns, Total: 776510 ns
[53.021s][info][gc       ] GC(51) Concurrent marking roots 0.370ms
[53.284s][info][gc       ] GC(51) Concurrent marking (unload classes) 262.347ms
[53.285s][info][gc       ] GC(51) Pause Final Mark (unload classes) 0.519ms
[53.285s][info][safepoint] Safepoint "ShenandoahFinalMarkStartEvac", Time since last: 263849560 ns, Reaching safepoint: 175807 ns, At safepoint: 1009338 ns, Total: 1185145 ns
[53.286s][info][gc       ] GC(51) Concurrent weak references 0.072ms
[53.286s][info][gc       ] GC(51) Concurrent weak roots 0.337ms
[53.286s][info][gc       ] GC(51) Concurrent cleanup 4337M->2309M(5120M) 0.210ms
[53.287s][info][gc       ] GC(51) Concurrent class unloading 0.715ms
[53.288s][info][gc       ] GC(51) Pause Final Roots 0.003ms
[53.288s][info][safepoint] Safepoint "ShenandoahFinalRoots", Time since last: 2474197 ns, Reaching safepoint: 202313 ns, At safepoint: 431046 ns, Total: 633359 ns
[54.035s][info][gc       ] Trigger: Average GC time (355.58 ms) is above the time for average allocation rate (2110 MB/s) to deplete free headroom (749M) (margin of error = 1.82)
[54.038s][info][gc       ] GC(52) Concurrent reset 2.554ms
[54.039s][info][gc       ] GC(52) Pause Init Mark (unload classes) 0.107ms
[54.040s][info][safepoint] Safepoint "ShenandoahInitMark", Time since last: 750329841 ns, Reaching safepoint: 332498 ns, At safepoint: 669897 ns, Total: 1002395 ns
[54.040s][info][gc       ] GC(52) Concurrent marking roots 0.303ms
[54.287s][info][gc       ] GC(52) Concurrent marking (unload classes) 245.698ms
[54.288s][info][gc       ] GC(52) Pause Final Mark (unload classes) 0.499ms
[54.288s][info][safepoint] Safepoint "ShenandoahFinalMarkStartEvac", Time since last: 247707077 ns, Reaching safepoint: 269788 ns, At safepoint: 759951 ns, Total: 1029739 ns
[54.289s][info][gc       ] GC(52) Concurrent weak references 0.062ms
[54.289s][info][gc       ] GC(52) Concurrent weak roots 0.402ms
[54.290s][info][gc       ] GC(52) Concurrent cleanup 4259M->2241M(5120M) 0.189ms
[54.291s][info][gc       ] GC(52) Concurrent class unloading 0.681ms
[54.291s][info][gc       ] GC(52) Pause Final Roots 0.003ms
[54.291s][info][safepoint] Safepoint "ShenandoahFinalRoots", Time since last: 2539898 ns, Reaching safepoint: 170038 ns, At safepoint: 348271 ns, Total: 518309 ns
[55.096s][info][gc       ] Trigger: Average GC time (330.31 ms) is above the time for average allocation rate (2104 MB/s) to deplete free headroom (693M) (margin of error = 1.82)
[55.099s][info][gc       ] GC(53) Concurrent reset 2.378ms
[55.100s][info][gc       ] GC(53) Pause Init Mark (unload classes) 0.143ms
[55.100s][info][safepoint] Safepoint "ShenandoahInitMark", Time since last: 807811450 ns, Reaching safepoint: 213372 ns, At safepoint: 497861 ns, Total: 711233 ns
[55.101s][info][gc       ] GC(53) Concurrent marking roots 0.388ms
[55.354s][info][gc       ] GC(53) Concurrent marking (unload classes) 252.871ms
[55.355s][info][gc       ] GC(53) Pause Final Mark (unload classes) 0.600ms
[55.355s][info][safepoint] Safepoint "ShenandoahFinalMarkStartEvac", Time since last: 254255483 ns, Reaching safepoint: 228667 ns, At safepoint: 989629 ns, Total: 1218296 ns
[55.356s][info][gc       ] GC(53) Concurrent weak references 0.124ms
[55.357s][info][gc       ] GC(53) Concurrent weak roots 0.436ms
[55.357s][info][gc       ] GC(53) Concurrent cleanup 4407M->2333M(5120M) 0.188ms
[55.359s][info][gc       ] GC(53) Concurrent class unloading 0.780ms
[55.359s][info][gc       ] GC(53) Pause Final Roots 0.004ms
[55.360s][info][safepoint] Safepoint "ShenandoahFinalRoots", Time since last: 3545261 ns, Reaching safepoint: 279835 ns, At safepoint: 486220 ns, Total: 766055 ns
[56.130s][info][gc       ] Trigger: Average GC time (315.28 ms) is above the time for average allocation rate (2099 MB/s) to deplete free headroom (661M) (margin of error = 1.83)
[56.134s][info][gc       ] GC(54) Concurrent reset 2.990ms
[56.135s][info][gc       ] GC(54) Pause Init Mark (unload classes) 0.165ms
[56.135s][info][safepoint] Safepoint "ShenandoahInitMark", Time since last: 774516557 ns, Reaching safepoint: 145630 ns, At safepoint: 880293 ns, Total: 1025923 ns
[56.136s][info][gc       ] GC(54) Concurrent marking roots 0.414ms
[56.340s][info][gc       ] GC(54) Concurrent marking (unload classes) 203.464ms
[56.341s][info][gc       ] GC(54) Pause Final Mark (unload classes) 0.620ms
[56.342s][info][safepoint] Safepoint "ShenandoahFinalMarkStartEvac", Time since last: 205261256 ns, Reaching safepoint: 211146 ns, At safepoint: 951935 ns, Total: 1163081 ns
[56.342s][info][gc       ] GC(54) Concurrent weak references 0.068ms
[56.343s][info][gc       ] GC(54) Concurrent weak roots 0.435ms
[56.344s][info][gc       ] GC(54) Concurrent cleanup 4369M->2263M(5120M) 0.198ms
[56.345s][info][gc       ] GC(54) Concurrent class unloading 0.785ms
[56.346s][info][gc       ] GC(54) Pause Final Roots 0.004ms
[56.346s][info][safepoint] Safepoint "ShenandoahFinalRoots", Time since last: 3852730 ns, Reaching safepoint: 265356 ns, At safepoint: 429217 ns, Total: 694573 ns
[57.178s][info][gc       ] Trigger: Average GC time (292.06 ms) is above the time for average allocation rate (2102 MB/s) to deplete free headroom (613M) (margin of error = 1.83)
[57.181s][info][gc       ] GC(55) Concurrent reset 2.230ms
[57.182s][info][gc       ] GC(55) Pause Init Mark (unload classes) 0.113ms
[57.183s][info][safepoint] Safepoint "ShenandoahInitMark", Time since last: 835496722 ns, Reaching safepoint: 334995 ns, At safepoint: 574595 ns, Total: 909590 ns
[57.183s][info][gc       ] GC(55) Concurrent marking roots 0.298ms
[57.446s][info][gc       ] GC(55) Concurrent marking (unload classes) 262.874ms
[57.448s][info][gc       ] GC(55) Pause Final Mark (unload classes) 0.524ms
[57.448s][info][safepoint] Safepoint "ShenandoahFinalMarkStartEvac", Time since last: 264465565 ns, Reaching safepoint: 336130 ns, At safepoint: 1025793 ns, Total: 1361923 ns
[57.449s][info][gc       ] GC(55) Concurrent weak references 0.095ms
[57.450s][info][gc       ] GC(55) Concurrent weak roots 0.439ms
[57.451s][info][gc       ] GC(55) Concurrent cleanup 4435M->2281M(5120M) 0.192ms
[57.452s][info][gc       ] GC(55) Concurrent class unloading 0.873ms
[57.453s][info][gc       ] GC(55) Pause Final Roots 0.004ms
[57.453s][info][safepoint] Safepoint "ShenandoahFinalRoots", Time since last: 4073885 ns, Reaching safepoint: 217033 ns, At safepoint: 407395 ns, Total: 624428 ns
[58.305s][info][gc       ] Trigger: Average GC time (308.13 ms) is above the time for average allocation rate (1988 MB/s) to deplete free headroom (611M) (margin of error = 1.83)
[58.308s][info][gc       ] GC(56) Concurrent reset 2.490ms
[58.309s][info][gc       ] GC(56) Pause Init Mark (unload classes) 0.104ms
[58.310s][info][safepoint] Safepoint "ShenandoahInitMark", Time since last: 855604757 ns, Reaching safepoint: 279713 ns, At safepoint: 563989 ns, Total: 843702 ns
[58.310s][info][gc       ] GC(56) Concurrent marking roots 0.404ms
[58.570s][info][gc       ] GC(56) Concurrent marking (unload classes) 259.732ms
[58.572s][info][gc       ] GC(56) Pause Final Mark (unload classes) 0.635ms
[58.572s][info][safepoint] Safepoint "ShenandoahFinalMarkStartEvac", Time since last: 261439644 ns, Reaching safepoint: 216593 ns, At safepoint: 1042652 ns, Total: 1259245 ns
[58.573s][info][gc       ] GC(56) Concurrent weak references 0.054ms
[58.573s][info][gc       ] GC(56) Concurrent weak roots 0.428ms
[58.574s][info][gc       ] GC(56) Concurrent cleanup 4381M->2223M(5120M) 0.216ms
[58.575s][info][gc       ] GC(56) Concurrent class unloading 0.747ms
[58.576s][info][gc       ] GC(56) Pause Final Roots 0.004ms
[58.576s][info][safepoint] Safepoint "ShenandoahFinalRoots", Time since last: 3112552 ns, Reaching safepoint: 175640 ns, At safepoint: 449850 ns, Total: 625490 ns
[59.429s][info][gc       ] Trigger: Average GC time (302.88 ms) is above the time for average allocation rate (2108 MB/s) to deplete free headroom (635M) (margin of error = 1.83)
[59.432s][info][gc       ] GC(57) Concurrent reset 2.710ms
[59.433s][info][gc       ] GC(57) Pause Init Mark (unload classes) 0.223ms
[59.434s][info][safepoint] Safepoint "ShenandoahInitMark", Time since last: 856805551 ns, Reaching safepoint: 130367 ns, At safepoint: 663640 ns, Total: 794007 ns
[59.435s][info][gc       ] GC(57) Concurrent marking roots 0.349ms
[59.656s][info][gc       ] GC(57) Concurrent marking (unload classes) 221.502ms
[59.658s][info][gc       ] GC(57) Pause Final Mark (unload classes) 0.679ms
[59.658s][info][safepoint] Safepoint "ShenandoahFinalMarkStartEvac", Time since last: 223193317 ns, Reaching safepoint: 247201 ns, At safepoint: 1098292 ns, Total: 1345493 ns
[59.659s][info][gc       ] GC(57) Concurrent weak references 0.168ms
[59.660s][info][gc       ] GC(57) Concurrent weak roots 0.480ms
[59.660s][info][gc       ] GC(57) Concurrent cleanup 4295M->2163M(5120M) 0.230ms
[59.662s][info][gc       ] GC(57) Concurrent class unloading 0.992ms
[59.663s][info][gc       ] GC(57) Pause Final Roots 0.004ms
[59.663s][info][safepoint] Safepoint "ShenandoahFinalRoots", Time since last: 4452196 ns, Reaching safepoint: 182889 ns, At safepoint: 506919 ns, Total: 689808 ns
[60.528s][info][gc       ] Trigger: Average GC time (287.26 ms) is above the time for average allocation rate (2129 MB/s) to deplete free headroom (611M) (margin of error = 1.83)
[60.532s][info][gc       ] GC(58) Concurrent reset 3.066ms
[60.532s][info][gc       ] GC(58) Pause Init Mark (unload classes) 0.105ms
[60.533s][info][safepoint] Safepoint "ShenandoahInitMark", Time since last: 868869994 ns, Reaching safepoint: 128358 ns, At safepoint: 514960 ns, Total: 643318 ns
[60.534s][info][gc       ] GC(58) Concurrent marking roots 0.324ms
[60.757s][info][gc       ] GC(58) Concurrent marking (unload classes) 222.969ms
[60.758s][info][gc       ] GC(58) Pause Final Mark (unload classes) 0.548ms
[60.759s][info][safepoint] Safepoint "ShenandoahFinalMarkStartEvac", Time since last: 224699184 ns, Reaching safepoint: 183432 ns, At safepoint: 1052232 ns, Total: 1235664 ns
[60.759s][info][gc       ] GC(58) Concurrent weak references 0.071ms
[60.760s][info][gc       ] GC(58) Concurrent weak roots 0.269ms
[60.760s][info][gc       ] GC(58) Concurrent cleanup 4319M->2159M(5120M) 0.194ms
[60.761s][info][gc       ] GC(58) Concurrent class unloading 0.739ms
[60.762s][info][gc       ] GC(58) Pause Final Roots 0.004ms
[60.762s][info][safepoint] Safepoint "ShenandoahFinalRoots", Time since last: 2813706 ns, Reaching safepoint: 210244 ns, At safepoint: 449985 ns, Total: 660229 ns
[61.736s][info][gc       ] Trigger: Average GC time (271.74 ms) is above the time for average allocation rate (1946 MB/s) to deplete free headroom (527M) (margin of error = 1.83)
[61.739s][info][gc       ] GC(59) Concurrent reset 2.434ms
[61.740s][info][gc       ] GC(59) Pause Init Mark (unload classes) 0.107ms
[61.740s][info][safepoint] Safepoint "ShenandoahInitMark", Time since last: 977364050 ns, Reaching safepoint: 126853 ns, At safepoint: 362496 ns, Total: 489349 ns
[61.741s][info][gc       ] GC(59) Concurrent marking roots 0.331ms
[62.004s][info][gc       ] GC(59) Concurrent marking (unload classes) 263.184ms
[62.006s][info][gc       ] GC(59) Pause Final Mark (unload classes) 0.956ms
[62.006s][info][safepoint] Safepoint "ShenandoahFinalMarkStartEvac", Time since last: 264497042 ns, Reaching safepoint: 268107 ns, At safepoint: 1603083 ns, Total: 1871190 ns
[62.007s][info][gc       ] GC(59) Concurrent weak references 0.060ms
[62.007s][info][gc       ] GC(59) Concurrent weak roots 0.311ms
[62.008s][info][gc       ] GC(59) Concurrent cleanup 4629M->2391M(5120M) 0.250ms
[62.009s][info][gc       ] GC(59) Concurrent class unloading 0.712ms
[62.010s][info][gc       ] GC(59) Pause Final Roots 0.004ms
[62.010s][info][safepoint] Safepoint "ShenandoahFinalRoots", Time since last: 2840136 ns, Reaching safepoint: 191058 ns, At safepoint: 458545 ns, Total: 649603 ns
[62.815s][info][gc       ] Trigger: Average GC time (293.95 ms) is above the time for average allocation rate (1918 MB/s) to deplete free headroom (563M) (margin of error = 1.85)
[62.818s][info][gc       ] GC(60) Concurrent reset 2.873ms
[62.819s][info][gc       ] GC(60) Pause Init Mark (unload classes) 0.121ms
[62.820s][info][safepoint] Safepoint "ShenandoahInitMark", Time since last: 808912887 ns, Reaching safepoint: 287630 ns, At safepoint: 371586 ns, Total: 659216 ns
[62.820s][info][gc       ] GC(60) Concurrent marking roots 0.319ms
[63.074s][info][gc       ] GC(60) Concurrent marking (unload classes) 252.924ms
[63.075s][info][gc       ] GC(60) Pause Final Mark (unload classes) 0.495ms
[63.075s][info][safepoint] Safepoint "ShenandoahFinalMarkStartEvac", Time since last: 254334203 ns, Reaching safepoint: 200166 ns, At safepoint: 820601 ns, Total: 1020767 ns
[63.075s][info][gc       ] GC(60) Concurrent weak references 0.064ms
[63.076s][info][gc       ] GC(60) Concurrent weak roots 0.295ms
[63.076s][info][gc       ] GC(60) Concurrent cleanup 4479M->2275M(5120M) 0.200ms
[63.077s][info][gc       ] GC(60) Concurrent class unloading 0.708ms
[63.077s][info][gc       ] GC(60) Pause Final Roots 0.004ms
[63.078s][info][safepoint] Safepoint "ShenandoahFinalRoots", Time since last: 2405914 ns, Reaching safepoint: 143054 ns, At safepoint: 200651 ns, Total: 343705 ns
[63.904s][info][gc       ] Trigger: Average GC time (286.06 ms) is above the time for average allocation rate (2153 MB/s) to deplete free headroom (613M) (margin of error = 1.85)
[63.907s][info][gc       ] GC(61) Concurrent reset 2.604ms
[63.908s][info][gc       ] GC(61) Pause Init Mark (unload classes) 0.123ms
[63.909s][info][safepoint] Safepoint "ShenandoahInitMark", Time since last: 830235454 ns, Reaching safepoint: 220730 ns, At safepoint: 544481 ns, Total: 765211 ns
[63.909s][info][gc       ] GC(61) Concurrent marking roots 0.374ms
[64.168s][info][gc       ] GC(61) Concurrent marking (unload classes) 258.489ms
[64.170s][info][gc       ] GC(61) Pause Final Mark (unload classes) 0.723ms
[64.170s][info][safepoint] Safepoint "ShenandoahFinalMarkStartEvac", Time since last: 260233081 ns, Reaching safepoint: 328358 ns, At safepoint: 1155822 ns, Total: 1484180 ns
[64.171s][info][gc       ] GC(61) Concurrent weak references 0.110ms
[64.171s][info][gc       ] GC(61) Concurrent weak roots 0.344ms
[64.172s][info][gc       ] GC(61) Concurrent cleanup 4361M->2207M(5120M) 0.220ms
[64.173s][info][gc       ] GC(61) Concurrent class unloading 0.792ms
[64.174s][info][gc       ] GC(61) Pause Final Roots 0.004ms
[64.174s][info][safepoint] Safepoint "ShenandoahFinalRoots", Time since last: 3298581 ns, Reaching safepoint: 204136 ns, At safepoint: 502956 ns, Total: 707092 ns
[65.051s][info][gc       ] Trigger: Average GC time (285.85 ms) is above the time for average allocation rate (2063 MB/s) to deplete free headroom (589M) (margin of error = 1.84)
[65.054s][info][gc       ] GC(62) Concurrent reset 2.149ms
[65.055s][info][gc       ] GC(62) Pause Init Mark (unload classes) 0.119ms
[65.056s][info][safepoint] Safepoint "ShenandoahInitMark", Time since last: 880354422 ns, Reaching safepoint: 308474 ns, At safepoint: 581882 ns, Total: 890356 ns
[65.056s][info][gc       ] GC(62) Concurrent marking roots 0.379ms
[65.273s][info][gc       ] GC(62) Concurrent marking (unload classes) 216.446ms
[65.275s][info][gc       ] GC(62) Pause Final Mark (unload classes) 0.589ms
[65.275s][info][safepoint] Safepoint "ShenandoahFinalMarkStartEvac", Time since last: 218179541 ns, Reaching safepoint: 274942 ns, At safepoint: 1124954 ns, Total: 1399896 ns
[65.276s][info][gc       ] GC(62) Concurrent weak references 0.077ms
[65.276s][info][gc       ] GC(62) Concurrent weak roots 0.317ms
[65.277s][info][gc       ] GC(62) Concurrent cleanup 4387M->2209M(5120M) 0.227ms
[65.278s][info][gc       ] GC(62) Concurrent class unloading 0.688ms
[65.279s][info][gc       ] GC(62) Pause Final Roots 0.004ms
[65.279s][info][safepoint] Safepoint "ShenandoahFinalRoots", Time since last: 3369316 ns, Reaching safepoint: 253140 ns, At safepoint: 411683 ns, Total: 664823 ns
[66.203s][info][gc       ] Trigger: Average GC time (283.52 ms) is above the time for average allocation rate (1993 MB/s) to deplete free headroom (563M) (margin of error = 1.83)
[66.206s][info][gc       ] GC(63) Concurrent reset 2.729ms
[66.207s][info][gc       ] GC(63) Pause Init Mark (unload classes) 0.154ms
[66.207s][info][safepoint] Safepoint "ShenandoahInitMark", Time since last: 927317466 ns, Reaching safepoint: 251694 ns, At safepoint: 572692 ns, Total: 824386 ns
[66.209s][info][gc       ] GC(63) Concurrent marking roots 0.651ms
[66.433s][info][gc       ] GC(63) Concurrent marking (unload classes) 223.852ms
[66.434s][info][gc       ] GC(63) Pause Final Mark (unload classes) 0.573ms
[66.435s][info][safepoint] Safepoint "ShenandoahFinalMarkStartEvac", Time since last: 226069150 ns, Reaching safepoint: 335464 ns, At safepoint: 1140441 ns, Total: 1475905 ns
[66.436s][info][gc       ] GC(63) Concurrent weak references 0.198ms
[66.437s][info][gc       ] GC(63) Concurrent weak roots 0.470ms
[66.437s][info][gc       ] GC(63) Concurrent cleanup 4447M->2241M(5120M) 0.187ms
[66.438s][info][gc       ] GC(63) Concurrent class unloading 0.788ms
[66.439s][info][gc       ] GC(63) Pause Final Roots 0.005ms
[66.440s][info][safepoint] Safepoint "ShenandoahFinalRoots", Time since last: 3943362 ns, Reaching safepoint: 217888 ns, At safepoint: 475102 ns, Total: 692990 ns
[66.924s][info][gc       ] Trigger: Average GC time (269.31 ms) is above the time for average allocation rate (3117 MB/s) to deplete free headroom (835M) (margin of error = 1.83)
[66.927s][info][gc       ] GC(64) Concurrent reset 3.167ms
[66.929s][info][gc       ] GC(64) Pause Init Mark (unload classes) 0.132ms
[66.929s][info][safepoint] Safepoint "ShenandoahInitMark", Time since last: 488313466 ns, Reaching safepoint: 496951 ns, At safepoint: 705109 ns, Total: 1202060 ns
[66.930s][info][gc       ] GC(64) Concurrent marking roots 0.369ms
[67.077s][info][gc       ] GC(64) Concurrent marking (unload classes) 146.689ms
[67.078s][info][gc       ] GC(64) Pause Final Mark (unload classes) 0.710ms
[67.079s][info][safepoint] Safepoint "ShenandoahFinalMarkStartEvac", Time since last: 148419446 ns, Reaching safepoint: 228862 ns, At safepoint: 1431647 ns, Total: 1660509 ns
[67.080s][info][gc       ] GC(64) Concurrent weak references 0.125ms
[67.081s][info][gc       ] GC(64) Concurrent weak roots 0.402ms
[67.082s][info][gc       ] GC(64) Concurrent cleanup 4194M->1243M(5120M) 0.253ms
[67.083s][info][gc       ] GC(64) Concurrent class unloading 1.148ms
[67.084s][info][gc       ] GC(64) Pause Final Roots 0.004ms
[67.085s][info][safepoint] Safepoint "ShenandoahFinalRoots", Time since last: 4450219 ns, Reaching safepoint: 490927 ns, At safepoint: 655810 ns, Total: 1146737 ns
[68.351s][info][gc       ] Trigger: Average GC time (276.56 ms) is above the time for average allocation rate (2102 MB/s) to deplete free headroom (579M) (margin of error = 1.80)
[68.353s][info][gc       ] GC(65) Concurrent reset 1.150ms
[68.355s][info][gc       ] GC(65) Pause Init Mark (unload classes) 0.989ms
[68.356s][info][safepoint] Safepoint "ShenandoahInitMark", Time since last: 1268994049 ns, Reaching safepoint: 454866 ns, At safepoint: 1374968 ns, Total: 1829834 ns
[68.357s][info][gc       ] GC(65) Concurrent marking roots 0.452ms
[68.585s][info][gc       ] GC(65) Concurrent marking (unload classes) 228.232ms
[68.587s][info][gc       ] GC(65) Pause Final Mark (unload classes) 0.590ms
[68.587s][info][safepoint] Safepoint "ShenandoahFinalMarkStartEvac", Time since last: 230346431 ns, Reaching safepoint: 231237 ns, At safepoint: 1067688 ns, Total: 1298925 ns
[68.588s][info][gc       ] GC(65) Concurrent weak references 0.060ms
[68.589s][info][gc       ] GC(65) Concurrent weak roots 0.526ms
[68.589s][info][gc       ] GC(65) Concurrent cleanup 4502M->2315M(5120M) 0.194ms
[68.591s][info][gc       ] GC(65) Concurrent class unloading 0.926ms
[68.592s][info][gc       ] GC(65) Pause Final Roots 0.004ms
[68.592s][info][safepoint] Safepoint "ShenandoahFinalRoots", Time since last: 4392780 ns, Reaching safepoint: 294946 ns, At safepoint: 552092 ns, Total: 847038 ns
[69.404s][info][gc       ] Trigger: Average GC time (285.49 ms) is above the time for average allocation rate (2125 MB/s) to deplete free headroom (605M) (margin of error = 1.81)
[69.407s][info][gc       ] GC(66) Concurrent reset 2.958ms
[69.408s][info][gc       ] GC(66) Pause Init Mark (unload classes) 0.254ms
[69.409s][info][safepoint] Safepoint "ShenandoahInitMark", Time since last: 815245387 ns, Reaching safepoint: 338682 ns, At safepoint: 768489 ns, Total: 1107171 ns
[69.410s][info][gc       ] GC(66) Concurrent marking roots 0.367ms
[69.653s][info][gc       ] GC(66) Concurrent marking (unload classes) 242.637ms
[69.654s][info][gc       ] GC(66) Pause Final Mark (unload classes) 0.761ms
[69.655s][info][safepoint] Safepoint "ShenandoahFinalMarkStartEvac", Time since last: 244265012 ns, Reaching safepoint: 265214 ns, At safepoint: 1268759 ns, Total: 1533973 ns
[69.655s][info][gc       ] GC(66) Concurrent weak references 0.059ms
[69.656s][info][gc       ] GC(66) Concurrent weak roots 0.451ms
[69.657s][info][gc       ] GC(66) Concurrent cleanup 4329M->2169M(5120M) 0.233ms
[69.658s][info][gc       ] GC(66) Concurrent class unloading 0.906ms
[69.659s][info][gc       ] GC(66) Pause Final Roots 0.004ms
[69.659s][info][safepoint] Safepoint "ShenandoahFinalRoots", Time since last: 3859526 ns, Reaching safepoint: 293615 ns, At safepoint: 584343 ns, Total: 877958 ns
[70.535s][info][gc       ] Trigger: Average GC time (293.53 ms) is above the time for average allocation rate (2115 MB/s) to deplete free headroom (619M) (margin of error = 1.81)
[70.538s][info][gc       ] GC(67) Concurrent reset 2.839ms
[70.539s][info][gc       ] GC(67) Pause Init Mark (unload classes) 0.269ms
[70.540s][info][safepoint] Safepoint "ShenandoahInitMark", Time since last: 879385259 ns, Reaching safepoint: 293952 ns, At safepoint: 705880 ns, Total: 999832 ns
[70.541s][info][gc       ] GC(67) Concurrent marking roots 0.389ms
[70.759s][info][gc       ] GC(67) Concurrent marking (unload classes) 217.937ms
[70.760s][info][gc       ] GC(67) Pause Final Mark (unload classes) 0.607ms
[70.761s][info][safepoint] Safepoint "ShenandoahFinalMarkStartEvac", Time since last: 219585525 ns, Reaching safepoint: 314053 ns, At safepoint: 1108210 ns, Total: 1422263 ns
[70.761s][info][gc       ] GC(67) Concurrent weak references 0.102ms
[70.762s][info][gc       ] GC(67) Concurrent weak roots 0.439ms
[70.763s][info][gc       ] GC(67) Concurrent cleanup 4381M->2235M(5120M) 0.192ms
[70.764s][info][gc       ] GC(67) Concurrent class unloading 0.902ms
[70.765s][info][gc       ] GC(67) Pause Final Roots 0.004ms
[70.765s][info][safepoint] Safepoint "ShenandoahFinalRoots", Time since last: 3735351 ns, Reaching safepoint: 269604 ns, At safepoint: 486347 ns, Total: 755951 ns
[71.635s][info][gc       ] Trigger: Average GC time (273.97 ms) is above the time for average allocation rate (2124 MB/s) to deplete free headroom (581M) (margin of error = 1.81)
[71.639s][info][gc       ] GC(68) Concurrent reset 2.679ms
[71.640s][info][gc       ] GC(68) Pause Init Mark (unload classes) 0.124ms
[71.640s][info][safepoint] Safepoint "ShenandoahInitMark", Time since last: 873914577 ns, Reaching safepoint: 290173 ns, At safepoint: 494186 ns, Total: 784359 ns
[71.641s][info][gc       ] GC(68) Concurrent marking roots 0.345ms
[71.857s][info][gc       ] GC(68) Concurrent marking (unload classes) 215.764ms
[71.858s][info][gc       ] GC(68) Pause Final Mark (unload classes) 0.589ms
[71.859s][info][safepoint] Safepoint "ShenandoahFinalMarkStartEvac", Time since last: 217325223 ns, Reaching safepoint: 326805 ns, At safepoint: 1187823 ns, Total: 1514628 ns
[71.859s][info][gc       ] GC(68) Concurrent weak references 0.058ms
[71.860s][info][gc       ] GC(68) Concurrent weak roots 0.423ms
[71.861s][info][gc       ] GC(68) Concurrent cleanup 4381M->2195M(5120M) 0.190ms
[71.862s][info][gc       ] GC(68) Concurrent class unloading 0.990ms
[71.863s][info][gc       ] GC(68) Pause Final Roots 0.004ms
[71.864s][info][safepoint] Safepoint "ShenandoahFinalRoots", Time since last: 3975106 ns, Reaching safepoint: 213501 ns, At safepoint: 674869 ns, Total: 888370 ns
[72.760s][info][gc       ] Trigger: Average GC time (259.83 ms) is above the time for average allocation rate (2117 MB/s) to deplete free headroom (549M) (margin of error = 1.81)
[72.763s][info][gc       ] GC(69) Concurrent reset 2.263ms
[72.764s][info][gc       ] GC(69) Pause Init Mark (unload classes) 0.256ms
[72.764s][info][safepoint] Safepoint "ShenandoahInitMark", Time since last: 899603295 ns, Reaching safepoint: 226660 ns, At safepoint: 716714 ns, Total: 943374 ns
[72.765s][info][gc       ] GC(69) Concurrent marking roots 0.354ms
[73.037s][info][gc       ] GC(69) Concurrent marking (unload classes) 272.184ms
[73.039s][info][gc       ] GC(69) Pause Final Mark (unload classes) 0.552ms
[73.039s][info][safepoint] Safepoint "ShenandoahFinalMarkStartEvac", Time since last: 273765860 ns, Reaching safepoint: 107110 ns, At safepoint: 879624 ns, Total: 986734 ns
[73.039s][info][gc       ] GC(69) Concurrent weak references 0.077ms
[73.040s][info][gc       ] GC(69) Concurrent weak roots 0.384ms
[73.041s][info][gc       ] GC(69) Concurrent cleanup 4593M->2379M(5120M) 0.195ms
[73.042s][info][gc       ] GC(69) Concurrent class unloading 0.740ms
[73.043s][info][gc       ] GC(69) Pause Final Roots 0.004ms
[73.043s][info][safepoint] Safepoint "ShenandoahFinalRoots", Time since last: 3352681 ns, Reaching safepoint: 301982 ns, At safepoint: 468583 ns, Total: 770565 ns
[73.812s][info][gc       ] Trigger: Average GC time (308.60 ms) is above the time for average allocation rate (2116 MB/s) to deplete free headroom (651M) (margin of error = 1.82)
[73.816s][info][gc       ] GC(70) Concurrent reset 2.643ms
[73.817s][info][gc       ] GC(70) Pause Init Mark (unload classes) 0.183ms
[73.817s][info][safepoint] Safepoint "ShenandoahInitMark", Time since last: 773225671 ns, Reaching safepoint: 345551 ns, At safepoint: 558418 ns, Total: 903969 ns
[73.818s][info][gc       ] GC(70) Concurrent marking roots 0.361ms
[74.080s][info][gc       ] GC(70) Concurrent marking (unload classes) 261.632ms
[74.082s][info][gc       ] GC(70) Pause Final Mark (unload classes) 0.745ms
[74.082s][info][safepoint] Safepoint "ShenandoahFinalMarkStartEvac", Time since last: 263379691 ns, Reaching safepoint: 244130 ns, At safepoint: 1228216 ns, Total: 1472346 ns
[74.083s][info][gc       ] GC(70) Concurrent weak references 0.109ms
[74.084s][info][gc       ] GC(70) Concurrent weak roots 0.422ms
[74.084s][info][gc       ] GC(70) Concurrent cleanup 4483M->2369M(5120M) 0.199ms
[74.086s][info][gc       ] GC(70) Concurrent class unloading 0.962ms
[74.087s][info][gc       ] GC(70) Pause Final Roots 0.004ms
[74.087s][info][safepoint] Safepoint "ShenandoahFinalRoots", Time since last: 4237646 ns, Reaching safepoint: 333650 ns, At safepoint: 586265 ns, Total: 919915 ns
[74.905s][info][gc       ] Trigger: Average GC time (306.00 ms) is above the time for average allocation rate (1983 MB/s) to deplete free headroom (605M) (margin of error = 1.82)
[74.909s][info][gc       ] GC(71) Concurrent reset 2.715ms
[74.910s][info][gc       ] GC(71) Pause Init Mark (unload classes) 0.124ms
[74.910s][info][safepoint] Safepoint "ShenandoahInitMark", Time since last: 821982123 ns, Reaching safepoint: 303210 ns, At safepoint: 443158 ns, Total: 746368 ns
[74.911s][info][gc       ] GC(71) Concurrent marking roots 0.377ms
[75.150s][info][gc       ] GC(71) Concurrent marking (unload classes) 238.844ms
[75.151s][info][gc       ] GC(71) Pause Final Mark (unload classes) 0.428ms
[75.152s][info][safepoint] Safepoint "ShenandoahFinalMarkStartEvac", Time since last: 240688309 ns, Reaching safepoint: 289074 ns, At safepoint: 839124 ns, Total: 1128198 ns
[75.153s][info][gc       ] GC(71) Concurrent weak references 0.163ms
[75.154s][info][gc       ] GC(71) Concurrent weak roots 0.484ms
[75.154s][info][gc       ] GC(71) Concurrent cleanup 4405M->2245M(5120M) 0.219ms
[75.156s][info][gc       ] GC(71) Concurrent class unloading 1.012ms
[75.157s][info][gc       ] GC(71) Pause Final Roots 0.004ms
[75.157s][info][safepoint] Safepoint "ShenandoahFinalRoots", Time since last: 4692899 ns, Reaching safepoint: 309095 ns, At safepoint: 464433 ns, Total: 773528 ns
[76.034s][info][gc       ] Trigger: Average GC time (290.02 ms) is above the time for average allocation rate (2057 MB/s) to deplete free headroom (595M) (margin of error = 1.82)
[76.037s][info][gc       ] GC(72) Concurrent reset 2.687ms
[76.038s][info][gc       ] GC(72) Pause Init Mark (unload classes) 0.132ms
[76.038s][info][safepoint] Safepoint "ShenandoahInitMark", Time since last: 880311371 ns, Reaching safepoint: 262754 ns, At safepoint: 619877 ns, Total: 882631 ns
[76.039s][info][gc       ] GC(72) Concurrent marking roots 0.294ms
[76.301s][info][gc       ] GC(72) Concurrent marking (unload classes) 261.502ms
[76.302s][info][gc       ] GC(72) Pause Final Mark (unload classes) 0.490ms
[76.303s][info][safepoint] Safepoint "ShenandoahFinalMarkStartEvac", Time since last: 263100561 ns, Reaching safepoint: 194812 ns, At safepoint: 1013515 ns, Total: 1208327 ns
[76.303s][info][gc       ] GC(72) Concurrent weak references 0.117ms
[76.304s][info][gc       ] GC(72) Concurrent weak roots 0.450ms
[76.305s][info][gc       ] GC(72) Concurrent cleanup 4437M->2267M(5120M) 0.222ms
[76.306s][info][gc       ] GC(72) Concurrent class unloading 0.882ms
[76.306s][info][gc       ] GC(72) Pause Final Roots 0.004ms
[76.307s][info][safepoint] Safepoint "ShenandoahFinalRoots", Time since last: 3522545 ns, Reaching safepoint: 172762 ns, At safepoint: 456400 ns, Total: 629162 ns
[77.125s][info][gc       ] Trigger: Average GC time (291.47 ms) is above the time for average allocation rate (2116 MB/s) to deplete free headroom (615M) (margin of error = 1.82)
[77.128s][info][gc       ] GC(73) Concurrent reset 2.253ms
[77.129s][info][gc       ] GC(73) Pause Init Mark (unload classes) 0.121ms
[77.130s][info][safepoint] Safepoint "ShenandoahInitMark", Time since last: 821934589 ns, Reaching safepoint: 277600 ns, At safepoint: 811994 ns, Total: 1089594 ns
[77.131s][info][gc       ] GC(73) Concurrent marking roots 0.388ms
[77.358s][info][gc       ] GC(73) Concurrent marking (unload classes) 227.070ms
[77.360s][info][gc       ] GC(73) Pause Final Mark (unload classes) 0.573ms
[77.361s][info][safepoint] Safepoint "ShenandoahFinalMarkStartEvac", Time since last: 229186522 ns, Reaching safepoint: 257768 ns, At safepoint: 1257795 ns, Total: 1515563 ns
[77.361s][info][gc       ] GC(73) Concurrent weak references 0.107ms
[77.362s][info][gc       ] GC(73) Concurrent weak roots 0.403ms
[77.363s][info][gc       ] GC(73) Concurrent cleanup 4357M->2207M(5120M) 0.192ms
[77.364s][info][gc       ] GC(73) Concurrent class unloading 0.918ms
[77.365s][info][gc       ] GC(73) Pause Final Roots 0.004ms
[77.366s][info][safepoint] Safepoint "ShenandoahFinalRoots", Time since last: 4320008 ns, Reaching safepoint: 214059 ns, At safepoint: 692746 ns, Total: 906805 ns
[78.344s][info][gc       ] Trigger: Average GC time (282.62 ms) is above the time for average allocation rate (1903 MB/s) to deplete free headroom (535M) (margin of error = 1.82)
[78.347s][info][gc       ] GC(74) Concurrent reset 2.209ms
[78.348s][info][gc       ] GC(74) Pause Init Mark (unload classes) 0.117ms
[78.349s][info][safepoint] Safepoint "ShenandoahInitMark", Time since last: 981834217 ns, Reaching safepoint: 310245 ns, At safepoint: 637463 ns, Total: 947708 ns
[78.349s][info][gc       ] GC(74) Concurrent marking roots 0.291ms
[78.594s][info][gc       ] GC(74) Concurrent marking (unload classes) 244.950ms
[78.596s][info][gc       ] GC(74) Pause Final Mark (unload classes) 0.487ms
[78.596s][info][safepoint] Safepoint "ShenandoahFinalMarkStartEvac", Time since last: 246538539 ns, Reaching safepoint: 242515 ns, At safepoint: 1010709 ns, Total: 1253224 ns
[78.597s][info][gc       ] GC(74) Concurrent weak references 0.169ms
[78.598s][info][gc       ] GC(74) Concurrent weak roots 0.467ms
[78.599s][info][gc       ] GC(74) Concurrent cleanup 4475M->2245M(5120M) 0.195ms
[78.600s][info][gc       ] GC(74) Concurrent class unloading 0.785ms
[78.601s][info][gc       ] GC(74) Pause Final Roots 0.005ms
[78.601s][info][safepoint] Safepoint "ShenandoahFinalRoots", Time since last: 4175110 ns, Reaching safepoint: 216829 ns, At safepoint: 636721 ns, Total: 853550 ns
[79.464s][info][gc       ] Trigger: Average GC time (276.32 ms) is above the time for average allocation rate (2133 MB/s) to deplete free headroom (587M) (margin of error = 1.82)
[79.467s][info][gc       ] GC(75) Concurrent reset 2.243ms
[79.467s][info][gc       ] GC(75) Pause Init Mark (unload classes) 0.141ms
[79.468s][info][safepoint] Safepoint "ShenandoahInitMark", Time since last: 865411586 ns, Reaching safepoint: 128208 ns, At safepoint: 633660 ns, Total: 761868 ns
[79.468s][info][gc       ] GC(75) Concurrent marking roots 0.361ms
[79.679s][info][gc       ] GC(75) Concurrent marking (unload classes) 210.481ms
[79.681s][info][gc       ] GC(75) Pause Final Mark (unload classes) 0.729ms
[79.682s][info][safepoint] Safepoint "ShenandoahFinalMarkStartEvac", Time since last: 212471095 ns, Reaching safepoint: 309208 ns, At safepoint: 1314594 ns, Total: 1623802 ns
[79.682s][info][gc       ] GC(75) Concurrent weak references 0.104ms
[79.683s][info][gc       ] GC(75) Concurrent weak roots 0.491ms
[79.684s][info][gc       ] GC(75) Concurrent cleanup 4399M->2221M(5120M) 0.202ms
[79.685s][info][gc       ] GC(75) Concurrent class unloading 1.010ms
[79.686s][info][gc       ] GC(75) Pause Final Roots 0.004ms
[79.687s][info][safepoint] Safepoint "ShenandoahFinalRoots", Time since last: 4233399 ns, Reaching safepoint: 257233 ns, At safepoint: 602746 ns, Total: 859979 ns
[80.561s][info][gc       ] Trigger: Average GC time (272.15 ms) is above the time for average allocation rate (2101 MB/s) to deplete free headroom (571M) (margin of error = 1.82)
[80.564s][info][gc       ] GC(76) Concurrent reset 2.308ms
[80.565s][info][gc       ] GC(76) Pause Init Mark (unload classes) 0.169ms
[80.565s][info][safepoint] Safepoint "ShenandoahInitMark", Time since last: 877646024 ns, Reaching safepoint: 193497 ns, At safepoint: 726763 ns, Total: 920260 ns
[80.566s][info][gc       ] GC(76) Concurrent marking roots 0.426ms
[80.842s][info][gc       ] GC(76) Concurrent marking (unload classes) 275.107ms
[80.844s][info][gc       ] GC(76) Pause Final Mark (unload classes) 0.836ms
[80.844s][info][safepoint] Safepoint "ShenandoahFinalMarkStartEvac", Time since last: 277209072 ns, Reaching safepoint: 383034 ns, At safepoint: 1362910 ns, Total: 1745944 ns
[80.845s][info][gc       ] GC(76) Concurrent weak references 0.166ms
[80.846s][info][gc       ] GC(76) Concurrent weak roots 0.427ms
[80.846s][info][gc       ] GC(76) Concurrent cleanup 4521M->2329M(5120M) 0.202ms
[80.848s][info][gc       ] GC(76) Concurrent class unloading 1.098ms
[80.849s][info][gc       ] GC(76) Pause Final Roots 0.004ms
[80.850s][info][safepoint] Safepoint "ShenandoahFinalRoots", Time since last: 4475042 ns, Reaching safepoint: 270548 ns, At safepoint: 710842 ns, Total: 981390 ns
[81.623s][info][gc       ] Trigger: Average GC time (315.12 ms) is above the time for average allocation rate (2108 MB/s) to deplete free headroom (663M) (margin of error = 1.83)
[81.626s][info][gc       ] GC(77) Concurrent reset 2.149ms
[81.626s][info][gc       ] GC(77) Pause Init Mark (unload classes) 0.171ms
[81.627s][info][safepoint] Safepoint "ShenandoahInitMark", Time since last: 776334100 ns, Reaching safepoint: 229207 ns, At safepoint: 727958 ns, Total: 957165 ns
[81.628s][info][gc       ] GC(77) Concurrent marking roots 0.410ms
[81.883s][info][gc       ] GC(77) Concurrent marking (unload classes) 254.550ms
[81.884s][info][gc       ] GC(77) Pause Final Mark (unload classes) 0.587ms
[81.885s][info][safepoint] Safepoint "ShenandoahFinalMarkStartEvac", Time since last: 256341412 ns, Reaching safepoint: 274721 ns, At safepoint: 1112676 ns, Total: 1387397 ns
[81.885s][info][gc       ] GC(77) Concurrent weak references 0.184ms
[81.886s][info][gc       ] GC(77) Concurrent weak roots 0.397ms
[81.887s][info][gc       ] GC(77) Concurrent cleanup 4399M->2299M(5120M) 0.201ms
[81.888s][info][gc       ] GC(77) Concurrent class unloading 0.830ms
[81.888s][info][gc       ] GC(77) Pause Final Roots 0.004ms
[81.889s][info][safepoint] Safepoint "ShenandoahFinalRoots", Time since last: 3382217 ns, Reaching safepoint: 283121 ns, At safepoint: 404849 ns, Total: 687970 ns
[82.685s][info][gc       ] Trigger: Average GC time (301.25 ms) is above the time for average allocation rate (2148 MB/s) to deplete free headroom (643M) (margin of error = 1.83)
[82.689s][info][gc       ] GC(78) Concurrent reset 2.549ms
[82.689s][info][gc       ] GC(78) Pause Init Mark (unload classes) 0.127ms
[82.690s][info][safepoint] Safepoint "ShenandoahInitMark", Time since last: 800271217 ns, Reaching safepoint: 169145 ns, At safepoint: 558425 ns, Total: 727570 ns
[82.690s][info][gc       ] GC(78) Concurrent marking roots 0.282ms
[82.950s][info][gc       ] GC(78) Concurrent marking (unload classes) 259.638ms
[82.952s][info][gc       ] GC(78) Pause Final Mark (unload classes) 0.706ms
[82.952s][info][safepoint] Safepoint "ShenandoahFinalMarkStartEvac", Time since last: 261137819 ns, Reaching safepoint: 205760 ns, At safepoint: 1189638 ns, Total: 1395398 ns
[82.953s][info][gc       ] GC(78) Concurrent weak references 0.060ms
[82.954s][info][gc       ] GC(78) Concurrent weak roots 0.433ms
[82.954s][info][gc       ] GC(78) Concurrent cleanup 4433M->2313M(5120M) 0.213ms
[82.955s][info][gc       ] GC(78) Concurrent class unloading 0.879ms
[82.956s][info][gc       ] GC(78) Pause Final Roots 0.004ms
[82.957s][info][safepoint] Safepoint "ShenandoahFinalRoots", Time since last: 3611150 ns, Reaching safepoint: 359013 ns, At safepoint: 667231 ns, Total: 1026244 ns
[83.160s][info][gc       ] Trigger: Average GC time (294.67 ms) is above the time for average allocation rate (4705 MB/s) to deplete free headroom (1307M) (margin of error = 1.83)
[83.164s][info][gc       ] GC(79) Concurrent reset 2.808ms
[83.165s][info][gc       ] GC(79) Pause Init Mark (unload classes) 0.116ms
[83.165s][info][safepoint] Safepoint "ShenandoahInitMark", Time since last: 207162866 ns, Reaching safepoint: 527660 ns, At safepoint: 696760 ns, Total: 1224420 ns
[83.166s][info][gc       ] GC(79) Concurrent marking roots 0.376ms
[83.278s][info][gc       ] GC(79) Concurrent marking (unload classes) 112.000ms
[83.280s][info][gc       ] GC(79) Pause Final Mark (unload classes) 0.565ms
[83.280s][info][safepoint] Safepoint "ShenandoahFinalMarkStartEvac", Time since last: 113536961 ns, Reaching safepoint: 180039 ns, At safepoint: 863028 ns, Total: 1043067 ns
[83.281s][info][gc       ] GC(79) Concurrent weak references 0.095ms
[83.281s][info][gc       ] GC(79) Concurrent weak roots 0.643ms
[83.282s][info][gc       ] GC(79) Concurrent cleanup 3788M->1269M(5120M) 0.248ms
[83.284s][info][gc       ] GC(79) Concurrent class unloading 1.252ms
[83.284s][info][gc       ] GC(79) Pause Final Roots 0.003ms
[83.285s][info][safepoint] Safepoint "ShenandoahFinalRoots", Time since last: 4016027 ns, Reaching safepoint: 321867 ns, At safepoint: 562130 ns, Total: 883997 ns
[84.467s][info][gc       ] Trigger: Average GC time (327.45 ms) is above the time for average allocation rate (2124 MB/s) to deplete free headroom (695M) (margin of error = 1.80)
[84.469s][info][gc       ] GC(80) Concurrent reset 1.160ms
[84.470s][info][gc       ] GC(80) Pause Init Mark (unload classes) 0.294ms
[84.470s][info][safepoint] Safepoint "ShenandoahInitMark", Time since last: 1184408688 ns, Reaching safepoint: 128735 ns, At safepoint: 555358 ns, Total: 684093 ns
[84.471s][info][gc       ] GC(80) Concurrent marking roots 0.537ms
[84.701s][info][gc       ] GC(80) Concurrent marking (unload classes) 229.759ms
[84.703s][info][gc       ] GC(80) Pause Final Mark (unload classes) 0.590ms
[84.703s][info][safepoint] Safepoint "ShenandoahFinalMarkStartEvac", Time since last: 231812775 ns, Reaching safepoint: 252608 ns, At safepoint: 1146873 ns, Total: 1399481 ns
[84.704s][info][gc       ] GC(80) Concurrent weak references 0.069ms
[84.705s][info][gc       ] GC(80) Concurrent weak roots 0.501ms
[84.705s][info][gc       ] GC(80) Concurrent cleanup 4236M->2171M(5120M) 0.193ms
[84.707s][info][gc       ] GC(80) Concurrent class unloading 0.776ms
[84.707s][info][gc       ] GC(80) Pause Final Roots 0.004ms
[84.708s][info][safepoint] Safepoint "ShenandoahFinalRoots", Time since last: 3770131 ns, Reaching safepoint: 221147 ns, At safepoint: 644280 ns, Total: 865427 ns
[85.528s][info][gc       ] Trigger: Average GC time (319.46 ms) is above the time for average allocation rate (2147 MB/s) to deplete free headroom (685M) (margin of error = 1.80)
[85.530s][info][gc       ] GC(81) Concurrent reset 2.216ms
[85.531s][info][gc       ] GC(81) Pause Init Mark (unload classes) 0.186ms
[85.531s][info][safepoint] Safepoint "ShenandoahInitMark", Time since last: 822710276 ns, Reaching safepoint: 128462 ns, At safepoint: 579070 ns, Total: 707532 ns
[85.532s][info][gc       ] GC(81) Concurrent marking roots 0.339ms
[85.759s][info][gc       ] GC(81) Concurrent marking (unload classes) 225.962ms
[85.760s][info][gc       ] GC(81) Pause Final Mark (unload classes) 0.651ms
[85.761s][info][safepoint] Safepoint "ShenandoahFinalMarkStartEvac", Time since last: 228085146 ns, Reaching safepoint: 191106 ns, At safepoint: 1118143 ns, Total: 1309249 ns
[85.761s][info][gc       ] GC(81) Concurrent weak references 0.125ms
[85.762s][info][gc       ] GC(81) Concurrent weak roots 0.464ms
[85.763s][info][gc       ] GC(81) Concurrent cleanup 4283M->2205M(5120M) 0.204ms
[85.764s][info][gc       ] GC(81) Concurrent class unloading 0.869ms
[85.765s][info][gc       ] GC(81) Pause Final Roots 0.004ms
[85.765s][info][safepoint] Safepoint "ShenandoahFinalRoots", Time since last: 3872655 ns, Reaching safepoint: 171811 ns, At safepoint: 459322 ns, Total: 631133 ns
[86.602s][info][gc       ] Trigger: Average GC time (301.67 ms) is above the time for average allocation rate (2133 MB/s) to deplete free headroom (641M) (margin of error = 1.80)
[86.605s][info][gc       ] GC(82) Concurrent reset 2.491ms
[86.605s][info][gc       ] GC(82) Pause Init Mark (unload classes) 0.113ms
[86.606s][info][safepoint] Safepoint "ShenandoahInitMark", Time since last: 840082220 ns, Reaching safepoint: 134584 ns, At safepoint: 411141 ns, Total: 545725 ns
[86.607s][info][gc       ] GC(82) Concurrent marking roots 0.455ms
[86.848s][info][gc       ] GC(82) Concurrent marking (unload classes) 240.626ms
[86.849s][info][gc       ] GC(82) Pause Final Mark (unload classes) 0.586ms
[86.850s][info][safepoint] Safepoint "ShenandoahFinalMarkStartEvac", Time since last: 242796938 ns, Reaching safepoint: 235036 ns, At safepoint: 1143391 ns, Total: 1378427 ns
[86.850s][info][gc       ] GC(82) Concurrent weak references 0.063ms
[86.851s][info][gc       ] GC(82) Concurrent weak roots 0.423ms
[86.852s][info][gc       ] GC(82) Concurrent cleanup 4375M->2253M(5120M) 0.230ms
[86.853s][info][gc       ] GC(82) Concurrent class unloading 0.916ms
[86.854s][info][gc       ] GC(82) Pause Final Roots 0.004ms
[86.854s][info][safepoint] Safepoint "ShenandoahFinalRoots", Time since last: 3540357 ns, Reaching safepoint: 271793 ns, At safepoint: 571387 ns, Total: 843180 ns
[87.675s][info][gc       ] Trigger: Average GC time (296.90 ms) is above the time for average allocation rate (2138 MB/s) to deplete free headroom (631M) (margin of error = 1.80)
[87.678s][info][gc       ] GC(83) Concurrent reset 2.311ms
[87.678s][info][gc       ] GC(83) Pause Init Mark (unload classes) 0.116ms
[87.679s][info][safepoint] Safepoint "ShenandoahInitMark", Time since last: 823714056 ns, Reaching safepoint: 228497 ns, At safepoint: 518263 ns, Total: 746760 ns
[87.679s][info][gc       ] GC(83) Concurrent marking roots 0.371ms
[87.911s][info][gc       ] GC(83) Concurrent marking (unload classes) 231.301ms
[87.913s][info][gc       ] GC(83) Pause Final Mark (unload classes) 0.764ms
[87.913s][info][safepoint] Safepoint "ShenandoahFinalMarkStartEvac", Time since last: 232910389 ns, Reaching safepoint: 366302 ns, At safepoint: 1205151 ns, Total: 1571453 ns
[87.914s][info][gc       ] GC(83) Concurrent weak references 0.065ms
[87.915s][info][gc       ] GC(83) Concurrent weak roots 0.371ms
[87.915s][info][gc       ] GC(83) Concurrent cleanup 4317M->2185M(5120M) 0.205ms
[87.917s][info][gc       ] GC(83) Concurrent class unloading 0.840ms
[87.917s][info][gc       ] GC(83) Pause Final Roots 0.009ms
[87.918s][info][safepoint] Safepoint "ShenandoahFinalRoots", Time since last: 3825196 ns, Reaching safepoint: 238246 ns, At safepoint: 489633 ns, Total: 727879 ns
[88.800s][info][gc       ] Trigger: Average GC time (281.83 ms) is above the time for average allocation rate (2115 MB/s) to deplete free headroom (595M) (margin of error = 1.80)
[88.803s][info][gc       ] GC(84) Concurrent reset 2.346ms
[88.804s][info][gc       ] GC(84) Pause Init Mark (unload classes) 0.130ms
[88.804s][info][safepoint] Safepoint "ShenandoahInitMark", Time since last: 885663942 ns, Reaching safepoint: 125414 ns, At safepoint: 547272 ns, Total: 672686 ns
[88.805s][info][gc       ] GC(84) Concurrent marking roots 0.371ms
[89.028s][info][gc       ] GC(84) Concurrent marking (unload classes) 222.291ms
[89.029s][info][gc       ] GC(84) Pause Final Mark (unload classes) 0.754ms
[89.030s][info][safepoint] Safepoint "ShenandoahFinalMarkStartEvac", Time since last: 224119728 ns, Reaching safepoint: 241403 ns, At safepoint: 1174850 ns, Total: 1416253 ns
[89.030s][info][gc       ] GC(84) Concurrent weak references 0.063ms
[89.031s][info][gc       ] GC(84) Concurrent weak roots 0.383ms
[89.032s][info][gc       ] GC(84) Concurrent cleanup 4497M->2329M(5120M) 0.201ms
[89.033s][info][gc       ] GC(84) Concurrent class unloading 0.852ms
[89.034s][info][gc       ] GC(84) Pause Final Roots 0.004ms
[89.034s][info][safepoint] Safepoint "ShenandoahFinalRoots", Time since last: 3712570 ns, Reaching safepoint: 240995 ns, At safepoint: 494930 ns, Total: 735925 ns
[89.840s][info][gc       ] Trigger: Average GC time (267.15 ms) is above the time for average allocation rate (2160 MB/s) to deplete free headroom (575M) (margin of error = 1.81)
[89.843s][info][gc       ] GC(85) Concurrent reset 2.631ms
[89.844s][info][gc       ] GC(85) Pause Init Mark (unload classes) 0.144ms
[89.844s][info][safepoint] Safepoint "ShenandoahInitMark", Time since last: 809105232 ns, Reaching safepoint: 131181 ns, At safepoint: 380600 ns, Total: 511781 ns
[89.845s][info][gc       ] GC(85) Concurrent marking roots 0.341ms
[90.057s][info][gc       ] GC(85) Concurrent marking (unload classes) 211.829ms
[90.058s][info][gc       ] GC(85) Pause Final Mark (unload classes) 0.605ms
[90.059s][info][safepoint] Safepoint "ShenandoahFinalMarkStartEvac", Time since last: 213578106 ns, Reaching safepoint: 340063 ns, At safepoint: 1081854 ns, Total: 1421917 ns
[90.059s][info][gc       ] GC(85) Concurrent weak references 0.065ms
[90.060s][info][gc       ] GC(85) Concurrent weak roots 0.468ms
[90.061s][info][gc       ] GC(85) Concurrent cleanup 4415M->2227M(5120M) 0.203ms
[90.062s][info][gc       ] GC(85) Concurrent class unloading 0.998ms
[90.063s][info][gc       ] GC(85) Pause Final Roots 0.004ms
[90.063s][info][safepoint] Safepoint "ShenandoahFinalRoots", Time since last: 3973457 ns, Reaching safepoint: 245933 ns, At safepoint: 452793 ns, Total: 698726 ns
[90.947s][info][gc       ] Trigger: Average GC time (255.16 ms) is above the time for average allocation rate (2151 MB/s) to deplete free headroom (547M) (margin of error = 1.81)
[90.949s][info][gc       ] GC(86) Concurrent reset 2.326ms
[90.950s][info][gc       ] GC(86) Pause Init Mark (unload classes) 0.103ms
[90.951s][info][safepoint] Safepoint "ShenandoahInitMark", Time since last: 886498699 ns, Reaching safepoint: 134503 ns, At safepoint: 551122 ns, Total: 685625 ns
[90.952s][info][gc       ] GC(86) Concurrent marking roots 0.367ms
[91.221s][info][gc       ] GC(86) Concurrent marking (unload classes) 269.024ms
[91.223s][info][gc       ] GC(86) Pause Final Mark (unload classes) 0.575ms
[91.223s][info][safepoint] Safepoint "ShenandoahFinalMarkStartEvac", Time since last: 271283294 ns, Reaching safepoint: 244571 ns, At safepoint: 1103037 ns, Total: 1347608 ns
[91.224s][info][gc       ] GC(86) Concurrent weak references 0.193ms
[91.225s][info][gc       ] GC(86) Concurrent weak roots 0.457ms
[91.226s][info][gc       ] GC(86) Concurrent cleanup 4489M->2275M(5120M) 0.196ms
[91.227s][info][gc       ] GC(86) Concurrent class unloading 0.828ms
[91.228s][info][gc       ] GC(86) Pause Final Roots 0.004ms
[91.228s][info][safepoint] Safepoint "ShenandoahFinalRoots", Time since last: 4022322 ns, Reaching safepoint: 248775 ns, At safepoint: 425927 ns, Total: 674702 ns
[92.077s][info][gc       ] Trigger: Average GC time (305.18 ms) is above the time for average allocation rate (2120 MB/s) to deplete free headroom (645M) (margin of error = 1.81)
[92.080s][info][gc       ] GC(87) Concurrent reset 2.240ms
[92.081s][info][gc       ] GC(87) Pause Init Mark (unload classes) 0.263ms
[92.081s][info][safepoint] Safepoint "ShenandoahInitMark", Time since last: 852551033 ns, Reaching safepoint: 183423 ns, At safepoint: 594756 ns, Total: 778179 ns
[92.082s][info][gc       ] GC(87) Concurrent marking roots 0.416ms
[92.294s][info][gc       ] GC(87) Concurrent marking (unload classes) 211.348ms
[92.296s][info][gc       ] GC(87) Pause Final Mark (unload classes) 0.571ms
[92.296s][info][safepoint] Safepoint "ShenandoahFinalMarkStartEvac", Time since last: 213553816 ns, Reaching safepoint: 350021 ns, At safepoint: 1141948 ns, Total: 1491969 ns
[92.297s][info][gc       ] GC(87) Concurrent weak references 0.159ms
[92.298s][info][gc       ] GC(87) Concurrent weak roots 0.439ms
[92.299s][info][gc       ] GC(87) Concurrent cleanup 4357M->2239M(5120M) 0.191ms
[92.300s][info][gc       ] GC(87) Concurrent class unloading 0.916ms
[92.301s][info][gc       ] GC(87) Pause Final Roots 0.004ms
[92.301s][info][safepoint] Safepoint "ShenandoahFinalRoots", Time since last: 4231662 ns, Reaching safepoint: 320435 ns, At safepoint: 596564 ns, Total: 916999 ns
[93.156s][info][gc       ] Trigger: Average GC time (285.33 ms) is above the time for average allocation rate (2140 MB/s) to deplete free headroom (609M) (margin of error = 1.81)
[93.159s][info][gc       ] GC(88) Concurrent reset 2.133ms
[93.160s][info][gc       ] GC(88) Pause Init Mark (unload classes) 0.114ms
[93.160s][info][safepoint] Safepoint "ShenandoahInitMark", Time since last: 857766208 ns, Reaching safepoint: 204050 ns, At safepoint: 624235 ns, Total: 828285 ns
[93.161s][info][gc       ] GC(88) Concurrent marking roots 0.416ms
[93.435s][info][gc       ] GC(88) Concurrent marking (unload classes) 273.905ms
[93.437s][info][gc       ] GC(88) Pause Final Mark (unload classes) 0.806ms
[93.438s][info][safepoint] Safepoint "ShenandoahFinalMarkStartEvac", Time since last: 276093522 ns, Reaching safepoint: 246073 ns, At safepoint: 1337634 ns, Total: 1583707 ns
[93.439s][info][gc       ] GC(88) Concurrent weak references 0.171ms
[93.440s][info][gc       ] GC(88) Concurrent weak roots 0.454ms
[93.440s][info][gc       ] GC(88) Concurrent cleanup 4389M->2237M(5120M) 0.288ms
[93.442s][info][gc       ] GC(88) Concurrent class unloading 1.003ms
[93.443s][info][gc       ] GC(88) Pause Final Roots 0.004ms
[93.443s][info][safepoint] Safepoint "ShenandoahFinalRoots", Time since last: 4847770 ns, Reaching safepoint: 256195 ns, At safepoint: 577852 ns, Total: 834047 ns
[94.244s][info][gc       ] Trigger: Average GC time (316.83 ms) is above the time for average allocation rate (2140 MB/s) to deplete free headroom (675M) (margin of error = 1.81)
[94.246s][info][gc       ] GC(89) Concurrent reset 2.174ms
[94.248s][info][gc       ] GC(89) Pause Init Mark (unload classes) 0.270ms
[94.248s][info][safepoint] Safepoint "ShenandoahInitMark", Time since last: 803660802 ns, Reaching safepoint: 231366 ns, At safepoint: 918300 ns, Total: 1149666 ns
[94.249s][info][gc       ] GC(89) Concurrent marking roots 0.701ms
[94.467s][info][gc       ] GC(89) Concurrent marking (unload classes) 217.782ms
[94.469s][info][gc       ] GC(89) Pause Final Mark (unload classes) 0.486ms
[94.469s][info][safepoint] Safepoint "ShenandoahFinalMarkStartEvac", Time since last: 219867542 ns, Reaching safepoint: 136645 ns, At safepoint: 935270 ns, Total: 1071915 ns
[94.470s][info][gc       ] GC(89) Concurrent weak references 0.088ms
[94.470s][info][gc       ] GC(89) Concurrent weak roots 0.331ms
[94.471s][info][gc       ] GC(89) Concurrent cleanup 4281M->2195M(5120M) 0.205ms
[94.472s][info][gc       ] GC(89) Concurrent class unloading 0.824ms
[94.472s][info][gc       ] GC(89) Pause Final Roots 0.003ms
[94.473s][info][safepoint] Safepoint "ShenandoahFinalRoots", Time since last: 3166414 ns, Reaching safepoint: 127071 ns, At safepoint: 344711 ns, Total: 471782 ns
[95.316s][info][gc       ] Trigger: Average GC time (295.12 ms) is above the time for average allocation rate (2190 MB/s) to deplete free headroom (645M) (margin of error = 1.80)
[95.319s][info][gc       ] GC(90) Concurrent reset 2.137ms
[95.320s][info][gc       ] GC(90) Pause Init Mark (unload classes) 0.274ms
[95.321s][info][safepoint] Safepoint "ShenandoahInitMark", Time since last: 847003376 ns, Reaching safepoint: 227065 ns, At safepoint: 626054 ns, Total: 853119 ns
[95.322s][info][gc       ] GC(90) Concurrent marking roots 0.359ms
[95.607s][info][gc       ] GC(90) Concurrent marking (unload classes) 284.558ms
[95.608s][info][gc       ] GC(90) Pause Final Mark (unload classes) 0.644ms
[95.608s][info][safepoint] Safepoint "ShenandoahFinalMarkStartEvac", Time since last: 286492222 ns, Reaching safepoint: 218071 ns, At safepoint: 1041053 ns, Total: 1259124 ns
[95.609s][info][gc       ] GC(90) Concurrent weak references 0.102ms
[95.610s][info][gc       ] GC(90) Concurrent weak roots 0.481ms
[95.611s][info][gc       ] GC(90) Concurrent cleanup 4549M->2431M(5120M) 0.194ms
[95.612s][info][gc       ] GC(90) Concurrent class unloading 0.997ms
[95.613s][info][gc       ] GC(90) Pause Final Roots 0.004ms
[95.613s][info][safepoint] Safepoint "ShenandoahFinalRoots", Time since last: 4121564 ns, Reaching safepoint: 230506 ns, At safepoint: 497578 ns, Total: 728084 ns
[96.301s][info][gc       ] Trigger: Average GC time (329.23 ms) is above the time for average allocation rate (2158 MB/s) to deplete free headroom (709M) (margin of error = 1.83)
[96.304s][info][gc       ] GC(91) Concurrent reset 2.376ms
[96.305s][info][gc       ] GC(91) Pause Init Mark (unload classes) 0.130ms
[96.306s][info][safepoint] Safepoint "ShenandoahInitMark", Time since last: 691649234 ns, Reaching safepoint: 236921 ns, At safepoint: 842989 ns, Total: 1079910 ns
[96.307s][info][gc       ] GC(91) Concurrent marking roots 0.371ms
[96.581s][info][gc       ] GC(91) Concurrent marking (unload classes) 273.636ms
[96.582s][info][gc       ] GC(91) Pause Final Mark (unload classes) 0.534ms
[96.583s][info][safepoint] Safepoint "ShenandoahFinalMarkStartEvac", Time since last: 275255597 ns, Reaching safepoint: 222673 ns, At safepoint: 1078813 ns, Total: 1301486 ns
[96.583s][info][gc       ] GC(91) Concurrent weak references 0.245ms
[96.584s][info][gc       ] GC(91) Concurrent weak roots 0.511ms
[96.585s][info][gc       ] GC(91) Concurrent cleanup 4253M->2201M(5120M) 0.330ms
[96.586s][info][gc       ] GC(91) Concurrent class unloading 0.938ms
[96.587s][info][gc       ] GC(91) Pause Final Roots 0.004ms
[96.587s][info][safepoint] Safepoint "ShenandoahFinalRoots", Time since last: 4136997 ns, Reaching safepoint: 201907 ns, At safepoint: 469623 ns, Total: 671530 ns
[97.427s][info][gc       ] Trigger: Average GC time (321.40 ms) is above the time for average allocation rate (2102 MB/s) to deplete free headroom (675M) (margin of error = 1.82)
[97.431s][info][gc       ] GC(92) Concurrent reset 2.773ms
[97.432s][info][gc       ] GC(92) Pause Init Mark (unload classes) 0.117ms
[97.432s][info][safepoint] Safepoint "ShenandoahInitMark", Time since last: 844017402 ns, Reaching safepoint: 244899 ns, At safepoint: 552882 ns, Total: 797781 ns
[97.433s][info][gc       ] GC(92) Concurrent marking roots 0.364ms
[97.664s][info][gc       ] GC(92) Concurrent marking (unload classes) 230.581ms
[97.666s][info][gc       ] GC(92) Pause Final Mark (unload classes) 0.558ms
[97.666s][info][safepoint] Safepoint "ShenandoahFinalMarkStartEvac", Time since last: 232563031 ns, Reaching safepoint: 307636 ns, At safepoint: 1032396 ns, Total: 1340032 ns
[97.667s][info][gc       ] GC(92) Concurrent weak references 0.162ms
[97.668s][info][gc       ] GC(92) Concurrent weak roots 0.463ms
[97.669s][info][gc       ] GC(92) Concurrent cleanup 4235M->2147M(5120M) 0.186ms
[97.670s][info][gc       ] GC(92) Concurrent class unloading 0.856ms
[97.671s][info][gc       ] GC(92) Pause Final Roots 0.004ms
[97.672s][info][safepoint] Safepoint "ShenandoahFinalRoots", Time since last: 4686211 ns, Reaching safepoint: 223473 ns, At safepoint: 665508 ns, Total: 888981 ns
[98.570s][info][gc       ] Trigger: Average GC time (304.64 ms) is above the time for average allocation rate (1987 MB/s) to deplete free headroom (601M) (margin of error = 1.81)
[98.573s][info][gc       ] GC(93) Concurrent reset 2.243ms
[98.574s][info][gc       ] GC(93) Pause Init Mark (unload classes) 0.300ms
[98.575s][info][safepoint] Safepoint "ShenandoahInitMark", Time since last: 902200953 ns, Reaching safepoint: 304630 ns, At safepoint: 680531 ns, Total: 985161 ns
[98.575s][info][gc       ] GC(93) Concurrent marking roots 0.284ms
[98.827s][info][gc       ] GC(93) Concurrent marking (unload classes) 251.185ms
[98.829s][info][gc       ] GC(93) Pause Final Mark (unload classes) 0.802ms
[98.830s][info][safepoint] Safepoint "ShenandoahFinalMarkStartEvac", Time since last: 252819163 ns, Reaching safepoint: 384535 ns, At safepoint: 1479470 ns, Total: 1864005 ns
[98.830s][info][gc       ] GC(93) Concurrent weak references 0.178ms
[98.831s][info][gc       ] GC(93) Concurrent weak roots 0.398ms
[98.832s][info][gc       ] GC(93) Concurrent cleanup 4485M->2325M(5120M) 0.287ms
[98.833s][info][gc       ] GC(93) Concurrent class unloading 0.959ms
[98.834s][info][gc       ] GC(93) Pause Final Roots 0.004ms
[98.834s][info][safepoint] Safepoint "ShenandoahFinalRoots", Time since last: 4204274 ns, Reaching safepoint: 228849 ns, At safepoint: 392260 ns, Total: 621109 ns
[99.320s][info][gc       ] Trigger: Average GC time (293.40 ms) is above the time for average allocation rate (2751 MB/s) to deplete free headroom (785M) (margin of error = 1.81)
[99.323s][info][gc       ] GC(94) Concurrent reset 2.646ms
[99.326s][info][gc       ] GC(94) Pause Init Mark (unload classes) 0.120ms
[99.326s][info][safepoint] Safepoint "ShenandoahInitMark", Time since last: 488812399 ns, Reaching safepoint: 2392470 ns, At safepoint: 709015 ns, Total: 3101485 ns
[99.327s][info][gc       ] GC(94) Concurrent marking roots 0.338ms
[99.457s][info][gc       ] GC(94) Concurrent marking (unload classes) 129.686ms
[99.459s][info][gc       ] GC(94) Pause Final Mark (unload classes) 0.723ms
[99.459s][info][safepoint] Safepoint "ShenandoahFinalMarkStartEvac", Time since last: 131451744 ns, Reaching safepoint: 160262 ns, At safepoint: 1340589 ns, Total: 1500851 ns
[99.460s][info][gc       ] GC(94) Concurrent weak references 0.112ms
[99.461s][info][gc       ] GC(94) Concurrent weak roots 0.476ms
[99.462s][info][gc       ] GC(94) Concurrent cleanup 4188M->1110M(5120M) 0.224ms
[99.464s][info][gc       ] GC(94) Concurrent class unloading 1.330ms
[99.465s][info][gc       ] GC(94) Pause Final Roots 0.004ms
[99.466s][info][safepoint] Safepoint "ShenandoahFinalRoots", Time since last: 5577534 ns, Reaching safepoint: 307569 ns, At safepoint: 564054 ns, Total: 871623 ns
[100.467s][info][safepoint] Safepoint "Cleanup", Time since last: 1000811184 ns, Reaching safepoint: 306703 ns, At safepoint: 33054 ns, Total: 339757 ns
[100.713s][info][gc       ] Trigger: Average GC time (310.58 ms) is above the time for average allocation rate (2004 MB/s) to deplete free headroom (621M) (margin of error = 1.79)
[100.715s][info][gc       ] GC(95) Concurrent reset 0.972ms
[100.715s][info][gc       ] GC(95) Pause Init Mark (unload classes) 0.143ms
[100.716s][info][safepoint] Safepoint "ShenandoahInitMark", Time since last: 248247787 ns, Reaching safepoint: 273668 ns, At safepoint: 581385 ns, Total: 855053 ns
[100.716s][info][gc       ] GC(95) Concurrent marking roots 0.284ms
[100.961s][info][gc       ] GC(95) Concurrent marking (unload classes) 244.052ms
[100.962s][info][gc       ] GC(95) Pause Final Mark (unload classes) 0.546ms
[100.963s][info][safepoint] Safepoint "ShenandoahFinalMarkStartEvac", Time since last: 245425282 ns, Reaching safepoint: 308117 ns, At safepoint: 1036988 ns, Total: 1345105 ns
[100.963s][info][gc       ] GC(95) Concurrent weak references 0.098ms
[100.964s][info][gc       ] GC(95) Concurrent weak roots 0.496ms
[100.965s][info][gc       ] GC(95) Concurrent cleanup 4351M->2217M(5120M) 0.227ms
[100.966s][info][gc       ] GC(95) Concurrent class unloading 0.902ms
[100.967s][info][gc       ] GC(95) Pause Final Roots 0.003ms
[100.967s][info][safepoint] Safepoint "ShenandoahFinalRoots", Time since last: 3800994 ns, Reaching safepoint: 204071 ns, At safepoint: 436281 ns, Total: 640352 ns
[101.775s][info][gc       ] Trigger: Average GC time (316.19 ms) is above the time for average allocation rate (2149 MB/s) to deplete free headroom (677M) (margin of error = 1.79)
[101.778s][info][gc       ] GC(96) Concurrent reset 2.280ms
[101.779s][info][gc       ] GC(96) Pause Init Mark (unload classes) 0.106ms
[101.779s][info][safepoint] Safepoint "ShenandoahInitMark", Time since last: 811290286 ns, Reaching safepoint: 127596 ns, At safepoint: 472778 ns, Total: 600374 ns
[101.780s][info][gc       ] GC(96) Concurrent marking roots 0.340ms
[102.014s][info][gc       ] GC(96) Concurrent marking (unload classes) 233.608ms
[102.016s][info][gc       ] GC(96) Pause Final Mark (unload classes) 0.764ms
[102.016s][info][safepoint] Safepoint "ShenandoahFinalMarkStartEvac", Time since last: 235557515 ns, Reaching safepoint: 384215 ns, At safepoint: 1315686 ns, Total: 1699901 ns
[102.017s][info][gc       ] GC(96) Concurrent weak references 0.130ms
[102.018s][info][gc       ] GC(96) Concurrent weak roots 0.358ms
[102.018s][info][gc       ] GC(96) Concurrent cleanup 4419M->2333M(5120M) 0.194ms
[102.020s][info][gc       ] GC(96) Concurrent class unloading 0.746ms
[102.021s][info][gc       ] GC(96) Pause Final Roots 0.004ms
[102.021s][info][safepoint] Safepoint "ShenandoahFinalRoots", Time since last: 3956831 ns, Reaching safepoint: 261383 ns, At safepoint: 511680 ns, Total: 773063 ns
[102.807s][info][gc       ] Trigger: Average GC time (300.94 ms) is above the time for average allocation rate (2140 MB/s) to deplete free headroom (643M) (margin of error = 1.79)
[102.809s][info][gc       ] GC(97) Concurrent reset 2.230ms
[102.810s][info][gc       ] GC(97) Pause Init Mark (unload classes) 0.121ms
[102.811s][info][safepoint] Safepoint "ShenandoahInitMark", Time since last: 789007281 ns, Reaching safepoint: 286621 ns, At safepoint: 582087 ns, Total: 868708 ns
[102.812s][info][gc       ] GC(97) Concurrent marking roots 0.415ms
[103.030s][info][gc       ] GC(97) Concurrent marking (unload classes) 217.687ms
[103.031s][info][gc       ] GC(97) Pause Final Mark (unload classes) 0.496ms
[103.031s][info][safepoint] Safepoint "ShenandoahFinalMarkStartEvac", Time since last: 219368566 ns, Reaching safepoint: 275247 ns, At safepoint: 884812 ns, Total: 1160059 ns
[103.032s][info][gc       ] GC(97) Concurrent weak references 0.098ms
[103.032s][info][gc       ] GC(97) Concurrent weak roots 0.275ms
[103.033s][info][gc       ] GC(97) Concurrent cleanup 4389M->2269M(5120M) 0.202ms
[103.034s][info][gc       ] GC(97) Concurrent class unloading 0.781ms
[103.035s][info][gc       ] GC(97) Pause Final Roots 0.004ms
[103.035s][info][safepoint] Safepoint "ShenandoahFinalRoots", Time since last: 3164392 ns, Reaching safepoint: 207768 ns, At safepoint: 356637 ns, Total: 564405 ns
[103.873s][info][gc       ] Trigger: Average GC time (278.50 ms) is above the time for average allocation rate (2107 MB/s) to deplete free headroom (585M) (margin of error = 1.79)
[103.876s][info][gc       ] GC(98) Concurrent reset 2.218ms
[103.877s][info][gc       ] GC(98) Pause Init Mark (unload classes) 0.115ms
[103.877s][info][safepoint] Safepoint "ShenandoahInitMark", Time since last: 841038080 ns, Reaching safepoint: 278688 ns, At safepoint: 707240 ns, Total: 985928 ns
[103.878s][info][gc       ] GC(98) Concurrent marking roots 0.408ms
[104.137s][info][gc       ] GC(98) Concurrent marking (unload classes) 258.816ms
[104.139s][info][gc       ] GC(98) Pause Final Mark (unload classes) 0.523ms
[104.139s][info][safepoint] Safepoint "ShenandoahFinalMarkStartEvac", Time since last: 260702499 ns, Reaching safepoint: 319618 ns, At safepoint: 1032815 ns, Total: 1352433 ns
[104.140s][info][gc       ] GC(98) Concurrent weak references 0.108ms
[104.141s][info][gc       ] GC(98) Concurrent weak roots 0.442ms
[104.141s][info][gc       ] GC(98) Concurrent cleanup 4529M->2351M(5120M) 0.212ms
[104.143s][info][gc       ] GC(98) Concurrent class unloading 0.915ms
[104.144s][info][gc       ] GC(98) Pause Final Roots 0.004ms
[104.144s][info][safepoint] Safepoint "ShenandoahFinalRoots", Time since last: 4020085 ns, Reaching safepoint: 258196 ns, At safepoint: 622492 ns, Total: 880688 ns
[104.954s][info][gc       ] Trigger: Average GC time (299.18 ms) is above the time for average allocation rate (2116 MB/s) to deplete free headroom (629M) (margin of error = 1.80)
[104.957s][info][gc       ] GC(99) Concurrent reset 2.267ms
[104.958s][info][gc       ] GC(99) Pause Init Mark (unload classes) 0.118ms
[104.959s][info][safepoint] Safepoint "ShenandoahInitMark", Time since last: 813692746 ns, Reaching safepoint: 228924 ns, At safepoint: 616533 ns, Total: 845457 ns
[104.959s][info][gc       ] GC(99) Concurrent marking roots 0.359ms
[105.169s][info][gc       ] GC(99) Concurrent marking (unload classes) 209.453ms
[105.171s][info][gc       ] GC(99) Pause Final Mark (unload classes) 0.576ms
[105.171s][info][safepoint] Safepoint "ShenandoahFinalMarkStartEvac", Time since last: 211049345 ns, Reaching safepoint: 238849 ns, At safepoint: 1349858 ns, Total: 1588707 ns
[105.172s][info][gc       ] GC(99) Concurrent weak references 0.113ms
[105.173s][info][gc       ] GC(99) Concurrent weak roots 0.473ms
[105.174s][info][gc       ] GC(99) Concurrent cleanup 4409M->2275M(5120M) 0.187ms
[105.175s][info][gc       ] GC(99) Concurrent class unloading 1.162ms
[105.176s][info][gc       ] GC(99) Pause Final Roots 0.005ms
[105.177s][info][safepoint] Safepoint "ShenandoahFinalRoots", Time since last: 4800020 ns, Reaching safepoint: 245715 ns, At safepoint: 599886 ns, Total: 845601 ns
[106.011s][info][gc       ] Trigger: Average GC time (279.83 ms) is above the time for average allocation rate (2136 MB/s) to deplete free headroom (597M) (margin of error = 1.80)
[106.014s][info][gc       ] GC(100) Concurrent reset 2.290ms
[106.015s][info][gc       ] GC(100) Pause Init Mark (unload classes) 0.118ms
[106.015s][info][safepoint] Safepoint "ShenandoahInitMark", Time since last: 837205996 ns, Reaching safepoint: 271006 ns, At safepoint: 613380 ns, Total: 884386 ns
[106.016s][info][gc       ] GC(100) Concurrent marking roots 0.311ms
[106.264s][info][gc       ] GC(100) Concurrent marking (unload classes) 247.686ms
[106.265s][info][gc       ] GC(100) Pause Final Mark (unload classes) 0.798ms
[106.266s][info][safepoint] Safepoint "ShenandoahFinalMarkStartEvac", Time since last: 249167392 ns, Reaching safepoint: 227717 ns, At safepoint: 1353157 ns, Total: 1580874 ns
[106.266s][info][gc       ] GC(100) Concurrent weak references 0.115ms
[106.267s][info][gc       ] GC(100) Concurrent weak roots 0.313ms
[106.267s][info][gc       ] GC(100) Concurrent cleanup 4493M->2327M(5120M) 0.186ms
[106.269s][info][gc       ] GC(100) Concurrent class unloading 0.871ms
[106.269s][info][gc       ] GC(100) Pause Final Roots 0.003ms
[106.270s][info][safepoint] Safepoint "ShenandoahFinalRoots", Time since last: 3212760 ns, Reaching safepoint: 124482 ns, At safepoint: 406300 ns, Total: 530782 ns
[107.097s][info][gc       ] Trigger: Average GC time (283.49 ms) is above the time for average allocation rate (2104 MB/s) to deplete free headroom (595M) (margin of error = 1.80)
[107.100s][info][gc       ] GC(101) Concurrent reset 2.193ms
[107.101s][info][gc       ] GC(101) Pause Init Mark (unload classes) 0.163ms
[107.101s][info][safepoint] Safepoint "ShenandoahInitMark", Time since last: 830647786 ns, Reaching safepoint: 231364 ns, At safepoint: 695878 ns, Total: 927242 ns
[107.102s][info][gc       ] GC(101) Concurrent marking roots 0.358ms
[107.382s][info][gc       ] GC(101) Concurrent marking (unload classes) 279.186ms
[107.383s][info][gc       ] GC(101) Pause Final Mark (unload classes) 0.514ms
[107.383s][info][safepoint] Safepoint "ShenandoahFinalMarkStartEvac", Time since last: 280970716 ns, Reaching safepoint: 90214 ns, At safepoint: 937382 ns, Total: 1027596 ns
[107.384s][info][gc       ] GC(101) Concurrent weak references 0.071ms
[107.384s][info][gc       ] GC(101) Concurrent weak roots 0.422ms
[107.385s][info][gc       ] GC(101) Concurrent cleanup 4557M->2391M(5120M) 0.201ms
[107.386s][info][gc       ] GC(101) Concurrent class unloading 0.962ms
[107.387s][info][gc       ] GC(101) Pause Final Roots 0.005ms
[107.388s][info][safepoint] Safepoint "ShenandoahFinalRoots", Time since last: 3801508 ns, Reaching safepoint: 332735 ns, At safepoint: 421309 ns, Total: 754044 ns
[108.128s][info][gc       ] Trigger: Average GC time (315.41 ms) is above the time for average allocation rate (2118 MB/s) to deplete free headroom (665M) (margin of error = 1.80)
[108.130s][info][gc       ] GC(102) Concurrent reset 2.222ms
[108.131s][info][gc       ] GC(102) Pause Init Mark (unload classes) 0.159ms
[108.132s][info][safepoint] Safepoint "ShenandoahInitMark", Time since last: 743106457 ns, Reaching safepoint: 228661 ns, At safepoint: 943375 ns, Total: 1172036 ns
[108.133s][info][gc       ] GC(102) Concurrent marking roots 0.344ms
[108.357s][info][gc       ] GC(102) Concurrent marking (unload classes) 224.252ms
[108.359s][info][gc       ] GC(102) Pause Final Mark (unload classes) 0.623ms
[108.359s][info][safepoint] Safepoint "ShenandoahFinalMarkStartEvac", Time since last: 225915361 ns, Reaching safepoint: 373719 ns, At safepoint: 1159285 ns, Total: 1533004 ns
[108.360s][info][gc       ] GC(102) Concurrent weak references 0.114ms
[108.361s][info][gc       ] GC(102) Concurrent weak roots 0.438ms
[108.361s][info][gc       ] GC(102) Concurrent cleanup 4273M->2175M(5120M) 0.190ms
[108.363s][info][gc       ] GC(102) Concurrent class unloading 0.843ms
[108.363s][info][gc       ] GC(102) Pause Final Roots 0.004ms
[108.364s][info][safepoint] Safepoint "ShenandoahFinalRoots", Time since last: 3439564 ns, Reaching safepoint: 239826 ns, At safepoint: 618158 ns, Total: 857984 ns
[109.219s][info][gc       ] Trigger: Average GC time (296.95 ms) is above the time for average allocation rate (2118 MB/s) to deplete free headroom (627M) (margin of error = 1.80)
[109.222s][info][gc       ] GC(103) Concurrent reset 2.512ms
[109.223s][info][gc       ] GC(103) Pause Init Mark (unload classes) 0.125ms
[109.224s][info][safepoint] Safepoint "ShenandoahInitMark", Time since last: 858962600 ns, Reaching safepoint: 264333 ns, At safepoint: 682322 ns, Total: 946655 ns
[109.224s][info][gc       ] GC(103) Concurrent marking roots 0.308ms
[109.465s][info][gc       ] GC(103) Concurrent marking (unload classes) 240.906ms
[109.467s][info][gc       ] GC(103) Pause Final Mark (unload classes) 0.490ms
[109.467s][info][safepoint] Safepoint "ShenandoahFinalMarkStartEvac", Time since last: 242452177 ns, Reaching safepoint: 205108 ns, At safepoint: 855222 ns, Total: 1060330 ns
[109.467s][info][gc       ] GC(103) Concurrent weak references 0.053ms
[109.468s][info][gc       ] GC(103) Concurrent weak roots 0.252ms
[109.468s][info][gc       ] GC(103) Concurrent cleanup 4361M->2225M(5120M) 0.242ms
[109.470s][info][gc       ] GC(103) Concurrent class unloading 0.767ms
[109.470s][info][gc       ] GC(103) Pause Final Roots 0.004ms
[109.471s][info][safepoint] Safepoint "ShenandoahFinalRoots", Time since last: 2946376 ns, Reaching safepoint: 122104 ns, At safepoint: 346913 ns, Total: 469017 ns
[110.315s][info][gc       ] Trigger: Average GC time (283.32 ms) is above the time for average allocation rate (2134 MB/s) to deplete free headroom (601M) (margin of error = 1.80)
[110.318s][info][gc       ] GC(104) Concurrent reset 2.565ms
[110.319s][info][gc       ] GC(104) Pause Init Mark (unload classes) 0.119ms
[110.320s][info][safepoint] Safepoint "ShenandoahInitMark", Time since last: 848280911 ns, Reaching safepoint: 279071 ns, At safepoint: 630913 ns, Total: 909984 ns
[110.321s][info][gc       ] GC(104) Concurrent marking roots 0.421ms
[110.540s][info][gc       ] GC(104) Concurrent marking (unload classes) 219.428ms
[110.542s][info][gc       ] GC(104) Pause Final Mark (unload classes) 0.542ms
[110.542s][info][safepoint] Safepoint "ShenandoahFinalMarkStartEvac", Time since last: 221133113 ns, Reaching safepoint: 385670 ns, At safepoint: 1005798 ns, Total: 1391468 ns
[110.543s][info][gc       ] GC(104) Concurrent weak references 0.116ms
[110.544s][info][gc       ] GC(104) Concurrent weak roots 0.443ms
[110.545s][info][gc       ] GC(104) Concurrent cleanup 4347M->2187M(5120M) 0.220ms
[110.546s][info][gc       ] GC(104) Concurrent class unloading 0.974ms
[110.547s][info][gc       ] GC(104) Pause Final Roots 0.004ms
[110.547s][info][safepoint] Safepoint "ShenandoahFinalRoots", Time since last: 4276114 ns, Reaching safepoint: 278410 ns, At safepoint: 522410 ns, Total: 800820 ns
[111.448s][info][gc       ] Trigger: Average GC time (270.33 ms) is above the time for average allocation rate (2088 MB/s) to deplete free headroom (563M) (margin of error = 1.79)
[111.451s][info][gc       ] GC(105) Concurrent reset 2.236ms
[111.452s][info][gc       ] GC(105) Pause Init Mark (unload classes) 0.116ms
[111.452s][info][safepoint] Safepoint "ShenandoahInitMark", Time since last: 903871947 ns, Reaching safepoint: 275430 ns, At safepoint: 428138 ns, Total: 703568 ns
[111.453s][info][gc       ] GC(105) Concurrent marking roots 0.368ms
[111.709s][info][gc       ] GC(105) Concurrent marking (unload classes) 255.745ms
[111.710s][info][gc       ] GC(105) Pause Final Mark (unload classes) 0.456ms
[111.710s][info][safepoint] Safepoint "ShenandoahFinalMarkStartEvac", Time since last: 257551635 ns, Reaching safepoint: 252906 ns, At safepoint: 788041 ns, Total: 1040947 ns
[111.711s][info][gc       ] GC(105) Concurrent weak references 0.060ms
[111.712s][info][gc       ] GC(105) Concurrent weak roots 0.288ms
[111.712s][info][gc       ] GC(105) Concurrent cleanup 4493M->2293M(5120M) 0.245ms
[111.713s][info][gc       ] GC(105) Concurrent class unloading 0.732ms
[111.713s][info][gc       ] GC(105) Pause Final Roots 0.003ms
[111.714s][info][safepoint] Safepoint "ShenandoahFinalRoots", Time since last: 2647647 ns, Reaching safepoint: 165802 ns, At safepoint: 299231 ns, Total: 465033 ns
[112.534s][info][gc       ] Trigger: Average GC time (282.94 ms) is above the time for average allocation rate (2120 MB/s) to deplete free headroom (599M) (margin of error = 1.79)
[112.537s][info][gc       ] GC(106) Concurrent reset 2.494ms
[112.538s][info][gc       ] GC(106) Pause Init Mark (unload classes) 0.115ms
[112.539s][info][safepoint] Safepoint "ShenandoahInitMark", Time since last: 824396885 ns, Reaching safepoint: 282353 ns, At safepoint: 647470 ns, Total: 929823 ns
[112.540s][info][gc       ] GC(106) Concurrent marking roots 0.268ms
[112.816s][info][gc       ] GC(106) Concurrent marking (unload classes) 276.070ms
[112.818s][info][gc       ] GC(106) Pause Final Mark (unload classes) 0.523ms
[112.818s][info][safepoint] Safepoint "ShenandoahFinalMarkStartEvac", Time since last: 277924636 ns, Reaching safepoint: 165404 ns, At safepoint: 945416 ns, Total: 1110820 ns
[112.819s][info][gc       ] GC(106) Concurrent weak references 0.065ms
[112.819s][info][gc       ] GC(106) Concurrent weak roots 0.405ms
[112.820s][info][gc       ] GC(106) Concurrent cleanup 4375M->2211M(5120M) 0.187ms
[112.821s][info][gc       ] GC(106) Concurrent class unloading 0.875ms
[112.822s][info][gc       ] GC(106) Pause Final Roots 0.003ms
[112.823s][info][safepoint] Safepoint "ShenandoahFinalRoots", Time since last: 3973666 ns, Reaching safepoint: 170454 ns, At safepoint: 488727 ns, Total: 659181 ns
[113.728s][info][gc       ] Trigger: Average GC time (307.62 ms) is above the time for average allocation rate (2034 MB/s) to deplete free headroom (591M) (margin of error = 1.78)
[113.731s][info][gc       ] GC(107) Concurrent reset 2.166ms
[113.732s][info][gc       ] GC(107) Pause Init Mark (unload classes) 0.120ms
[113.732s][info][safepoint] Safepoint "ShenandoahInitMark", Time since last: 908573817 ns, Reaching safepoint: 236150 ns, At safepoint: 430706 ns, Total: 666856 ns
[113.733s][info][gc       ] GC(107) Concurrent marking roots 0.361ms
[113.990s][info][gc       ] GC(107) Concurrent marking (unload classes) 256.996ms
[113.991s][info][gc       ] GC(107) Pause Final Mark (unload classes) 0.450ms
[113.992s][info][safepoint] Safepoint "ShenandoahFinalMarkStartEvac", Time since last: 258716183 ns, Reaching safepoint: 257902 ns, At safepoint: 887733 ns, Total: 1145635 ns
[113.992s][info][gc       ] GC(107) Concurrent weak references 0.064ms
[113.993s][info][gc       ] GC(107) Concurrent weak roots 0.434ms
[113.994s][info][gc       ] GC(107) Concurrent cleanup 4559M->2387M(5120M) 0.193ms
[113.995s][info][gc       ] GC(107) Concurrent class unloading 0.986ms
[113.996s][info][gc       ] GC(107) Pause Final Roots 0.004ms
[113.997s][info][safepoint] Safepoint "ShenandoahFinalRoots", Time since last: 4262569 ns, Reaching safepoint: 231949 ns, At safepoint: 547841 ns, Total: 779790 ns
[114.822s][info][gc       ] Trigger: Average GC time (296.06 ms) is above the time for average allocation rate (1986 MB/s) to deplete free headroom (587M) (margin of error = 1.79)
[114.826s][info][gc       ] GC(108) Concurrent reset 2.611ms
[114.826s][info][gc       ] GC(108) Pause Init Mark (unload classes) 0.119ms
[114.827s][info][safepoint] Safepoint "ShenandoahInitMark", Time since last: 829238162 ns, Reaching safepoint: 215088 ns, At safepoint: 591067 ns, Total: 806155 ns
[114.828s][info][gc       ] GC(108) Concurrent marking roots 0.398ms
[115.048s][info][gc       ] GC(108) Concurrent marking (unload classes) 219.771ms
[115.049s][info][gc       ] GC(108) Pause Final Mark (unload classes) 0.508ms
[115.049s][info][safepoint] Safepoint "ShenandoahFinalMarkStartEvac", Time since last: 221483031 ns, Reaching safepoint: 274517 ns, At safepoint: 944061 ns, Total: 1218578 ns
[115.050s][info][gc       ] GC(108) Concurrent weak references 0.071ms
[115.050s][info][gc       ] GC(108) Concurrent weak roots 0.278ms
[115.051s][info][gc       ] GC(108) Concurrent cleanup 4411M->2239M(5120M) 0.206ms
[115.052s][info][gc       ] GC(108) Concurrent class unloading 0.675ms
[115.052s][info][gc       ] GC(108) Pause Final Roots 0.004ms
[115.053s][info][safepoint] Safepoint "ShenandoahFinalRoots", Time since last: 2453955 ns, Reaching safepoint: 308597 ns, At safepoint: 299030 ns, Total: 607627 ns
[115.422s][info][gc       ] Trigger: Average GC time (290.29 ms) is above the time for average allocation rate (3472 MB/s) to deplete free headroom (1003M) (margin of error = 1.79)
[115.425s][info][gc       ] GC(109) Concurrent reset 3.043ms
[115.427s][info][gc       ] GC(109) Pause Init Mark (unload classes) 0.113ms
[115.427s][info][safepoint] Safepoint "ShenandoahInitMark", Time since last: 373478134 ns, Reaching safepoint: 411211 ns, At safepoint: 425295 ns, Total: 836506 ns
[115.428s][info][gc       ] GC(109) Concurrent marking roots 0.394ms
[115.537s][info][gc       ] GC(109) Concurrent marking (unload classes) 109.106ms
[115.539s][info][gc       ] GC(109) Pause Final Mark (unload classes) 1.003ms
[115.540s][info][safepoint] Safepoint "ShenandoahFinalMarkStartEvac", Time since last: 110834256 ns, Reaching safepoint: 390794 ns, At safepoint: 1587586 ns, Total: 1978380 ns
[115.540s][info][gc       ] GC(109) Concurrent weak references 0.114ms
[115.541s][info][gc       ] GC(109) Concurrent weak roots 0.517ms
[115.542s][info][gc       ] GC(109) Concurrent cleanup 4122M->1363M(5120M) 0.209ms
[115.543s][info][gc       ] GC(109) Concurrent class unloading 1.050ms
[115.544s][info][gc       ] GC(109) Pause Final Roots 0.005ms
[115.545s][info][safepoint] Safepoint "ShenandoahFinalRoots", Time since last: 4367722 ns, Reaching safepoint: 409053 ns, At safepoint: 608490 ns, Total: 1017543 ns
[116.702s][info][gc       ] Trigger: Average GC time (301.90 ms) is above the time for average allocation rate (2165 MB/s) to deplete free headroom (653M) (margin of error = 1.77)
[116.704s][info][gc       ] GC(110) Concurrent reset 1.365ms
[116.705s][info][gc       ] GC(110) Pause Init Mark (unload classes) 0.142ms
[116.706s][info][safepoint] Safepoint "ShenandoahInitMark", Time since last: 1159670399 ns, Reaching safepoint: 197351 ns, At safepoint: 739835 ns, Total: 937186 ns
[116.707s][info][gc       ] GC(110) Concurrent marking roots 0.393ms
[116.960s][info][gc       ] GC(110) Concurrent marking (unload classes) 253.145ms
[116.961s][info][gc       ] GC(110) Pause Final Mark (unload classes) 0.498ms
[116.962s][info][safepoint] Safepoint "ShenandoahFinalMarkStartEvac", Time since last: 254801157 ns, Reaching safepoint: 375454 ns, At safepoint: 1092468 ns, Total: 1467922 ns
[116.963s][info][gc       ] GC(110) Concurrent weak references 0.131ms
[116.964s][info][gc       ] GC(110) Concurrent weak roots 0.372ms
[116.964s][info][gc       ] GC(110) Concurrent cleanup 4420M->2313M(5120M) 0.191ms
[116.965s][info][gc       ] GC(110) Concurrent class unloading 0.670ms
[116.965s][info][gc       ] GC(110) Pause Final Roots 0.003ms
[116.966s][info][safepoint] Safepoint "ShenandoahFinalRoots", Time since last: 3175716 ns, Reaching safepoint: 163447 ns, At safepoint: 315682 ns, Total: 479129 ns
[117.788s][info][gc       ] Trigger: Average GC time (330.87 ms) is above the time for average allocation rate (1951 MB/s) to deplete free headroom (645M) (margin of error = 1.77)
[117.790s][info][gc       ] GC(111) Concurrent reset 2.115ms
[117.791s][info][gc       ] GC(111) Pause Init Mark (unload classes) 0.118ms
[117.792s][info][safepoint] Safepoint "ShenandoahInitMark", Time since last: 825174494 ns, Reaching safepoint: 165498 ns, At safepoint: 633134 ns, Total: 798632 ns
[117.792s][info][gc       ] GC(111) Concurrent marking roots 0.274ms
[118.010s][info][gc       ] GC(111) Concurrent marking (unload classes) 217.148ms
[118.011s][info][gc       ] GC(111) Pause Final Mark (unload classes) 0.534ms
[118.011s][info][safepoint] Safepoint "ShenandoahFinalMarkStartEvac", Time since last: 218633701 ns, Reaching safepoint: 205823 ns, At safepoint: 1060840 ns, Total: 1266663 ns
[118.012s][info][gc       ] GC(111) Concurrent weak references 0.055ms
[118.012s][info][gc       ] GC(111) Concurrent weak roots 0.266ms
[118.013s][info][gc       ] GC(111) Concurrent cleanup 4371M->2255M(5120M) 0.219ms
[118.014s][info][gc       ] GC(111) Concurrent class unloading 0.905ms
[118.015s][info][gc       ] GC(111) Pause Final Roots 0.004ms
[118.015s][info][safepoint] Safepoint "ShenandoahFinalRoots", Time since last: 2926709 ns, Reaching safepoint: 202096 ns, At safepoint: 403684 ns, Total: 605780 ns
[118.858s][info][gc       ] Trigger: Average GC time (301.04 ms) is above the time for average allocation rate (2041 MB/s) to deplete free headroom (613M) (margin of error = 1.77)
[118.861s][info][gc       ] GC(112) Concurrent reset 2.142ms
[118.862s][info][gc       ] GC(112) Pause Init Mark (unload classes) 0.174ms
[118.862s][info][safepoint] Safepoint "ShenandoahInitMark", Time since last: 846240415 ns, Reaching safepoint: 365510 ns, At safepoint: 685752 ns, Total: 1051262 ns
[118.863s][info][gc       ] GC(112) Concurrent marking roots 0.353ms
[119.108s][info][gc       ] GC(112) Concurrent marking (unload classes) 244.091ms
[119.109s][info][gc       ] GC(112) Pause Final Mark (unload classes) 0.479ms
[119.109s][info][safepoint] Safepoint "ShenandoahFinalMarkStartEvac", Time since last: 245846708 ns, Reaching safepoint: 190791 ns, At safepoint: 946081 ns, Total: 1136872 ns
[119.110s][info][gc       ] GC(112) Concurrent weak references 0.101ms
[119.111s][info][gc       ] GC(112) Concurrent weak roots 0.453ms
[119.112s][info][gc       ] GC(112) Concurrent cleanup 4459M->2309M(5120M) 0.226ms
[119.113s][info][gc       ] GC(112) Concurrent class unloading 0.848ms
[119.114s][info][gc       ] GC(112) Pause Final Roots 0.004ms
[119.114s][info][safepoint] Safepoint "ShenandoahFinalRoots", Time since last: 4386193 ns, Reaching safepoint: 257449 ns, At safepoint: 559046 ns, Total: 816495 ns
[119.919s][info][gc       ] Trigger: Average GC time (300.71 ms) is above the time for average allocation rate (2116 MB/s) to deplete free headroom (633M) (margin of error = 1.77)
[119.922s][info][gc       ] GC(113) Concurrent reset 2.510ms
[119.923s][info][gc       ] GC(113) Pause Init Mark (unload classes) 0.140ms
[119.923s][info][safepoint] Safepoint "ShenandoahInitMark", Time since last: 808258930 ns, Reaching safepoint: 121169 ns, At safepoint: 440947 ns, Total: 562116 ns
[119.924s][info][gc       ] GC(113) Concurrent marking roots 0.490ms
[120.128s][info][gc       ] GC(113) Concurrent marking (unload classes) 203.324ms
[120.129s][info][gc       ] GC(113) Pause Final Mark (unload classes) 0.604ms
[120.130s][info][safepoint] Safepoint "ShenandoahFinalMarkStartEvac", Time since last: 205288976 ns, Reaching safepoint: 289900 ns, At safepoint: 1144634 ns, Total: 1434534 ns
[120.130s][info][gc       ] GC(113) Concurrent weak references 0.105ms
[120.131s][info][gc       ] GC(113) Concurrent weak roots 0.262ms
[120.131s][info][gc       ] GC(113) Concurrent cleanup 4405M->2277M(5120M) 0.195ms
[120.132s][info][gc       ] GC(113) Concurrent class unloading 0.741ms
[120.133s][info][gc       ] GC(113) Pause Final Roots 0.004ms
[120.133s][info][safepoint] Safepoint "ShenandoahFinalRoots", Time since last: 2862257 ns, Reaching safepoint: 221086 ns, At safepoint: 346714 ns, Total: 567800 ns
[121.015s][info][gc       ] Trigger: Average GC time (276.07 ms) is above the time for average allocation rate (2058 MB/s) to deplete free headroom (567M) (margin of error = 1.77)
[121.018s][info][gc       ] GC(114) Concurrent reset 2.145ms
[121.019s][info][gc       ] GC(114) Pause Init Mark (unload classes) 0.108ms
[121.019s][info][safepoint] Safepoint "ShenandoahInitMark", Time since last: 884978892 ns, Reaching safepoint: 152286 ns, At safepoint: 643935 ns, Total: 796221 ns
[121.020s][info][gc       ] GC(114) Concurrent marking roots 0.334ms
[121.238s][info][gc       ] GC(114) Concurrent marking (unload classes) 217.050ms
[121.239s][info][gc       ] GC(114) Pause Final Mark (unload classes) 0.440ms
[121.239s][info][safepoint] Safepoint "ShenandoahFinalMarkStartEvac", Time since last: 218939565 ns, Reaching safepoint: 244311 ns, At safepoint: 876249 ns, Total: 1120560 ns
[121.240s][info][gc       ] GC(114) Concurrent weak references 0.104ms
[121.240s][info][gc       ] GC(114) Concurrent weak roots 0.253ms
[121.241s][info][gc       ] GC(114) Concurrent cleanup 4507M->2313M(5120M) 0.188ms
[121.242s][info][gc       ] GC(114) Concurrent class unloading 0.712ms
[121.242s][info][gc       ] GC(114) Pause Final Roots 0.004ms
[121.243s][info][safepoint] Safepoint "ShenandoahFinalRoots", Time since last: 2850335 ns, Reaching safepoint: 218040 ns, At safepoint: 358418 ns, Total: 576458 ns
[122.104s][info][gc       ] Trigger: Average GC time (261.68 ms) is above the time for average allocation rate (2113 MB/s) to deplete free headroom (551M) (margin of error = 1.77)
[122.106s][info][gc       ] GC(115) Concurrent reset 2.228ms
[122.107s][info][gc       ] GC(115) Pause Init Mark (unload classes) 0.116ms
[122.108s][info][safepoint] Safepoint "ShenandoahInitMark", Time since last: 864238362 ns, Reaching safepoint: 250935 ns, At safepoint: 931104 ns, Total: 1182039 ns
[122.109s][info][gc       ] GC(115) Concurrent marking roots 0.359ms
[122.402s][info][gc       ] GC(115) Concurrent marking (unload classes) 292.825ms
[122.403s][info][gc       ] GC(115) Pause Final Mark (unload classes) 0.583ms
[122.404s][info][safepoint] Safepoint "ShenandoahFinalMarkStartEvac", Time since last: 294521071 ns, Reaching safepoint: 223033 ns, At safepoint: 1052754 ns, Total: 1275787 ns
[122.404s][info][gc       ] GC(115) Concurrent weak references 0.159ms
[122.405s][info][gc       ] GC(115) Concurrent weak roots 0.320ms
[122.406s][info][gc       ] GC(115) Concurrent cleanup 4497M->2285M(5120M) 0.225ms
[122.407s][info][gc       ] GC(115) Concurrent class unloading 0.855ms
[122.407s][info][gc       ] GC(115) Pause Final Roots 0.004ms
[122.408s][info][safepoint] Safepoint "ShenandoahFinalRoots", Time since last: 3177296 ns, Reaching safepoint: 213204 ns, At safepoint: 444554 ns, Total: 657758 ns
[123.145s][info][gc       ] Trigger: Average GC time (337.36 ms) is above the time for average allocation rate (2163 MB/s) to deplete free headroom (729M) (margin of error = 1.77)
[123.148s][info][gc       ] GC(116) Concurrent reset 2.254ms
[123.148s][info][gc       ] GC(116) Pause Init Mark (unload classes) 0.157ms
[123.149s][info][safepoint] Safepoint "ShenandoahInitMark", Time since last: 740270765 ns, Reaching safepoint: 125165 ns, At safepoint: 603618 ns, Total: 728783 ns
[123.149s][info][gc       ] GC(116) Concurrent marking roots 0.330ms
[123.395s][info][gc       ] GC(116) Concurrent marking (unload classes) 245.263ms
[123.396s][info][gc       ] GC(116) Pause Final Mark (unload classes) 0.422ms
[123.397s][info][safepoint] Safepoint "ShenandoahFinalMarkStartEvac", Time since last: 246950817 ns, Reaching safepoint: 245331 ns, At safepoint: 852460 ns, Total: 1097791 ns
[123.397s][info][gc       ] GC(116) Concurrent weak references 0.050ms
[123.398s][info][gc       ] GC(116) Concurrent weak roots 0.446ms
[123.398s][info][gc       ] GC(116) Concurrent cleanup 4351M->2317M(5120M) 0.189ms
[123.399s][info][gc       ] GC(116) Concurrent class unloading 0.787ms
[123.400s][info][gc       ] GC(116) Pause Final Roots 0.004ms
[123.400s][info][safepoint] Safepoint "ShenandoahFinalRoots", Time since last: 2957634 ns, Reaching safepoint: 186365 ns, At safepoint: 400533 ns, Total: 586898 ns
[124.175s][info][gc       ] Trigger: Average GC time (311.96 ms) is above the time for average allocation rate (2147 MB/s) to deplete free headroom (669M) (margin of error = 1.77)
[124.177s][info][gc       ] GC(117) Concurrent reset 2.236ms
[124.178s][info][gc       ] GC(117) Pause Init Mark (unload classes) 0.113ms
[124.179s][info][safepoint] Safepoint "ShenandoahInitMark", Time since last: 777650107 ns, Reaching safepoint: 292925 ns, At safepoint: 663986 ns, Total: 956911 ns
[124.180s][info][gc       ] GC(117) Concurrent marking roots 0.370ms
[124.447s][info][gc       ] GC(117) Concurrent marking (unload classes) 267.029ms
[124.449s][info][gc       ] GC(117) Pause Final Mark (unload classes) 0.548ms
[124.449s][info][safepoint] Safepoint "ShenandoahFinalMarkStartEvac", Time since last: 268997687 ns, Reaching safepoint: 249945 ns, At safepoint: 1023373 ns, Total: 1273318 ns
[124.450s][info][gc       ] GC(117) Concurrent weak references 0.054ms
[124.450s][info][gc       ] GC(117) Concurrent weak roots 0.405ms
[124.451s][info][gc       ] GC(117) Concurrent cleanup 4283M->2189M(5120M) 0.190ms
[124.452s][info][gc       ] GC(117) Concurrent class unloading 0.839ms
[124.453s][info][gc       ] GC(117) Pause Final Roots 0.003ms
[124.453s][info][safepoint] Safepoint "ShenandoahFinalRoots", Time since last: 3308968 ns, Reaching safepoint: 207416 ns, At safepoint: 453209 ns, Total: 660625 ns
[125.325s][info][gc       ] Trigger: Average GC time (309.34 ms) is above the time for average allocation rate (2112 MB/s) to deplete free headroom (651M) (margin of error = 1.77)
[125.327s][info][gc       ] GC(118) Concurrent reset 2.195ms
[125.328s][info][gc       ] GC(118) Pause Init Mark (unload classes) 0.128ms
[125.329s][info][safepoint] Safepoint "ShenandoahInitMark", Time since last: 874561694 ns, Reaching safepoint: 168458 ns, At safepoint: 636268 ns, Total: 804726 ns
[125.329s][info][gc       ] GC(118) Concurrent marking roots 0.356ms
[125.574s][info][gc       ] GC(118) Concurrent marking (unload classes) 244.201ms
[125.576s][info][gc       ] GC(118) Pause Final Mark (unload classes) 0.731ms
[125.576s][info][safepoint] Safepoint "ShenandoahFinalMarkStartEvac", Time since last: 246110259 ns, Reaching safepoint: 311411 ns, At safepoint: 1328218 ns, Total: 1639629 ns
[125.577s][info][gc       ] GC(118) Concurrent weak references 0.068ms
[125.578s][info][gc       ] GC(118) Concurrent weak roots 0.451ms
[125.578s][info][gc       ] GC(118) Concurrent cleanup 4307M->2199M(5120M) 0.210ms
[125.580s][info][gc       ] GC(118) Concurrent class unloading 1.039ms
[125.580s][info][gc       ] GC(118) Pause Final Roots 0.004ms
[125.581s][info][safepoint] Safepoint "ShenandoahFinalRoots", Time since last: 3847751 ns, Reaching safepoint: 231892 ns, At safepoint: 691445 ns, Total: 923337 ns
[126.407s][info][gc       ] Trigger: Average GC time (293.40 ms) is above the time for average allocation rate (2180 MB/s) to deplete free headroom (639M) (margin of error = 1.77)
[126.410s][info][gc       ] GC(119) Concurrent reset 2.433ms
[126.411s][info][gc       ] GC(119) Pause Init Mark (unload classes) 0.121ms
[126.411s][info][safepoint] Safepoint "ShenandoahInitMark", Time since last: 829458969 ns, Reaching safepoint: 226142 ns, At safepoint: 478525 ns, Total: 704667 ns
[126.412s][info][gc       ] GC(119) Concurrent marking roots 0.357ms
[126.641s][info][gc       ] GC(119) Concurrent marking (unload classes) 228.751ms
[126.643s][info][gc       ] GC(119) Pause Final Mark (unload classes) 0.555ms
[126.643s][info][safepoint] Safepoint "ShenandoahFinalMarkStartEvac", Time since last: 230727578 ns, Reaching safepoint: 230293 ns, At safepoint: 1082021 ns, Total: 1312314 ns
[126.644s][info][gc       ] GC(119) Concurrent weak references 0.064ms
[126.644s][info][gc       ] GC(119) Concurrent weak roots 0.350ms
[126.645s][info][gc       ] GC(119) Concurrent cleanup 4419M->2295M(5120M) 0.205ms
[126.646s][info][gc       ] GC(119) Concurrent class unloading 0.983ms
[126.647s][info][gc       ] GC(119) Pause Final Roots 0.005ms
[126.648s][info][safepoint] Safepoint "ShenandoahFinalRoots", Time since last: 3550026 ns, Reaching safepoint: 281127 ns, At safepoint: 675703 ns, Total: 956830 ns
[127.461s][info][gc       ] Trigger: Average GC time (280.97 ms) is above the time for average allocation rate (2152 MB/s) to deplete free headroom (603M) (margin of error = 1.77)
[127.464s][info][gc       ] GC(120) Concurrent reset 2.125ms
[127.465s][info][gc       ] GC(120) Pause Init Mark (unload classes) 0.109ms
[127.465s][info][safepoint] Safepoint "ShenandoahInitMark", Time since last: 816792592 ns, Reaching safepoint: 132128 ns, At safepoint: 573063 ns, Total: 705191 ns
[127.466s][info][gc       ] GC(120) Concurrent marking roots 0.404ms
[127.731s][info][gc       ] GC(120) Concurrent marking (unload classes) 264.447ms
[127.732s][info][gc       ] GC(120) Pause Final Mark (unload classes) 0.541ms
[127.733s][info][safepoint] Safepoint "ShenandoahFinalMarkStartEvac", Time since last: 266097165 ns, Reaching safepoint: 250180 ns, At safepoint: 1015229 ns, Total: 1265409 ns
[127.733s][info][gc       ] GC(120) Concurrent weak references 0.083ms
[127.734s][info][gc       ] GC(120) Concurrent weak roots 0.339ms
[127.734s][info][gc       ] GC(120) Concurrent cleanup 4447M->2287M(5120M) 0.200ms
[127.735s][info][gc       ] GC(120) Concurrent class unloading 0.839ms
[127.736s][info][gc       ] GC(120) Pause Final Roots 0.004ms
[127.736s][info][safepoint] Safepoint "ShenandoahFinalRoots", Time since last: 2968883 ns, Reaching safepoint: 188050 ns, At safepoint: 357583 ns, Total: 545633 ns
[128.584s][info][gc       ] Trigger: Average GC time (292.29 ms) is above the time for average allocation rate (2110 MB/s) to deplete free headroom (613M) (margin of error = 1.77)
[128.587s][info][gc       ] GC(121) Concurrent reset 2.291ms
[128.588s][info][gc       ] GC(121) Pause Init Mark (unload classes) 0.114ms
[128.588s][info][safepoint] Safepoint "ShenandoahInitMark", Time since last: 851325505 ns, Reaching safepoint: 235688 ns, At safepoint: 628689 ns, Total: 864377 ns
[128.589s][info][gc       ] GC(121) Concurrent marking roots 0.389ms
[128.853s][info][gc       ] GC(121) Concurrent marking (unload classes) 262.872ms
[128.854s][info][gc       ] GC(121) Pause Final Mark (unload classes) 0.624ms
[128.854s][info][safepoint] Safepoint "ShenandoahFinalMarkStartEvac", Time since last: 264806706 ns, Reaching safepoint: 208963 ns, At safepoint: 1010167 ns, Total: 1219130 ns
[128.855s][info][gc       ] GC(121) Concurrent weak references 0.115ms
[128.856s][info][gc       ] GC(121) Concurrent weak roots 0.500ms
[128.856s][info][gc       ] GC(121) Concurrent cleanup 4383M->2235M(5120M) 0.212ms
[128.857s][info][gc       ] GC(121) Concurrent class unloading 0.865ms
[128.858s][info][gc       ] GC(121) Pause Final Roots 0.003ms
[128.858s][info][safepoint] Safepoint "ShenandoahFinalRoots", Time since last: 3314535 ns, Reaching safepoint: 145647 ns, At safepoint: 406047 ns, Total: 551694 ns
[129.682s][info][gc       ] Trigger: Average GC time (291.06 ms) is above the time for average allocation rate (2152 MB/s) to deplete free headroom (625M) (margin of error = 1.76)
[129.684s][info][gc       ] GC(122) Concurrent reset 2.295ms
[129.685s][info][gc       ] GC(122) Pause Init Mark (unload classes) 0.108ms
[129.685s][info][safepoint] Safepoint "ShenandoahInitMark", Time since last: 826512185 ns, Reaching safepoint: 122109 ns, At safepoint: 503909 ns, Total: 626018 ns
[129.686s][info][gc       ] GC(122) Concurrent marking roots 0.361ms
[129.923s][info][gc       ] GC(122) Concurrent marking (unload classes) 236.842ms
[129.925s][info][gc       ] GC(122) Pause Final Mark (unload classes) 0.860ms
[129.926s][info][safepoint] Safepoint "ShenandoahFinalMarkStartEvac", Time since last: 238770291 ns, Reaching safepoint: 322422 ns, At safepoint: 1453661 ns, Total: 1776083 ns
[129.926s][info][gc       ] GC(122) Concurrent weak references 0.087ms
[129.927s][info][gc       ] GC(122) Concurrent weak roots 0.462ms
[129.928s][info][gc       ] GC(122) Concurrent cleanup 4325M->2187M(5120M) 0.211ms
[129.930s][info][gc       ] GC(122) Concurrent class unloading 1.095ms
[129.931s][info][gc       ] GC(122) Pause Final Roots 0.004ms
[129.931s][info][safepoint] Safepoint "ShenandoahFinalRoots", Time since last: 4461731 ns, Reaching safepoint: 222484 ns, At safepoint: 743407 ns, Total: 965891 ns
[130.791s][info][gc       ] Trigger: Average GC time (281.98 ms) is above the time for average allocation rate (2142 MB/s) to deplete free headroom (603M) (margin of error = 1.74)
[130.794s][info][gc       ] GC(123) Concurrent reset 2.413ms
[130.795s][info][gc       ] GC(123) Pause Init Mark (unload classes) 0.190ms
[130.795s][info][safepoint] Safepoint "ShenandoahInitMark", Time since last: 863076174 ns, Reaching safepoint: 213762 ns, At safepoint: 658275 ns, Total: 872037 ns
[130.796s][info][gc       ] GC(123) Concurrent marking roots 0.411ms
[131.063s][info][gc       ] GC(123) Concurrent marking (unload classes) 266.609ms
[131.064s][info][gc       ] GC(123) Pause Final Mark (unload classes) 0.639ms
[131.065s][info][safepoint] Safepoint "ShenandoahFinalMarkStartEvac", Time since last: 268217614 ns, Reaching safepoint: 253750 ns, At safepoint: 986327 ns, Total: 1240077 ns
[131.065s][info][gc       ] GC(123) Concurrent weak references 0.066ms
[131.066s][info][gc       ] GC(123) Concurrent weak roots 0.440ms
[131.066s][info][gc       ] GC(123) Concurrent cleanup 4381M->2223M(5120M) 0.225ms
[131.068s][info][gc       ] GC(123) Concurrent class unloading 0.803ms
[131.068s][info][gc       ] GC(123) Pause Final Roots 0.003ms
[131.069s][info][safepoint] Safepoint "ShenandoahFinalRoots", Time since last: 3268908 ns, Reaching safepoint: 130179 ns, At safepoint: 538967 ns, Total: 669146 ns
[131.550s][info][gc       ] Trigger: Average GC time (290.94 ms) is above the time for average allocation rate (2903 MB/s) to deplete free headroom (843M) (margin of error = 1.74)
[131.553s][info][gc       ] GC(124) Concurrent reset 2.678ms
[131.554s][info][gc       ] GC(124) Pause Init Mark (unload classes) 0.125ms
[131.555s][info][safepoint] Safepoint "ShenandoahInitMark", Time since last: 485001735 ns, Reaching safepoint: 197492 ns, At safepoint: 639141 ns, Total: 836633 ns
[131.555s][info][gc       ] GC(124) Concurrent marking roots 0.277ms
[131.695s][info][gc       ] GC(124) Concurrent marking (unload classes) 139.360ms
[131.697s][info][gc       ] GC(124) Pause Final Mark (unload classes) 0.741ms
[131.697s][info][safepoint] Safepoint "ShenandoahFinalMarkStartEvac", Time since last: 141030394 ns, Reaching safepoint: 222678 ns, At safepoint: 1246172 ns, Total: 1468850 ns
[131.698s][info][gc       ] GC(124) Concurrent weak references 0.192ms
[131.699s][info][gc       ] GC(124) Concurrent weak roots 0.534ms
[131.700s][info][gc       ] GC(124) Concurrent cleanup 4208M->1245M(5120M) 0.249ms
[131.701s][info][gc       ] GC(124) Concurrent class unloading 1.085ms
[131.702s][info][gc       ] GC(124) Pause Final Roots 0.004ms
[131.703s][info][safepoint] Safepoint "ShenandoahFinalRoots", Time since last: 4555825 ns, Reaching safepoint: 481455 ns, At safepoint: 527686 ns, Total: 1009141 ns
[132.868s][info][gc       ] Trigger: Average GC time (310.59 ms) is above the time for average allocation rate (2164 MB/s) to deplete free headroom (671M) (margin of error = 1.71)
[132.870s][info][gc       ] GC(125) Concurrent reset 1.317ms
[132.871s][info][gc       ] GC(125) Pause Init Mark (unload classes) 0.104ms
[132.872s][info][safepoint] Safepoint "ShenandoahInitMark", Time since last: 1168277613 ns, Reaching safepoint: 289778 ns, At safepoint: 508261 ns, Total: 798039 ns
[132.872s][info][gc       ] GC(125) Concurrent marking roots 0.341ms
[133.128s][info][gc       ] GC(125) Concurrent marking (unload classes) 255.089ms
[133.129s][info][gc       ] GC(125) Pause Final Mark (unload classes) 0.727ms
[133.130s][info][safepoint] Safepoint "ShenandoahFinalMarkStartEvac", Time since last: 256558856 ns, Reaching safepoint: 197607 ns, At safepoint: 1178520 ns, Total: 1376127 ns
[133.130s][info][gc       ] GC(125) Concurrent weak references 0.059ms
[133.131s][info][gc       ] GC(125) Concurrent weak roots 0.398ms
[133.131s][info][gc       ] GC(125) Concurrent cleanup 4350M->2263M(5120M) 0.189ms
[133.132s][info][gc       ] GC(125) Concurrent class unloading 0.801ms
[133.133s][info][gc       ] GC(125) Pause Final Roots 0.002ms
[133.133s][info][safepoint] Safepoint "ShenandoahFinalRoots", Time since last: 2896720 ns, Reaching safepoint: 158324 ns, At safepoint: 385367 ns, Total: 543691 ns
[133.990s][info][gc       ] Trigger: Average GC time (321.68 ms) is above the time for average allocation rate (1951 MB/s) to deplete free headroom (627M) (margin of error = 1.71)
[133.993s][info][gc       ] GC(126) Concurrent reset 2.149ms
[133.994s][info][gc       ] GC(126) Pause Init Mark (unload classes) 0.106ms
[133.994s][info][safepoint] Safepoint "ShenandoahInitMark", Time since last: 860234798 ns, Reaching safepoint: 182462 ns, At safepoint: 359061 ns, Total: 541523 ns
[133.994s][info][gc       ] GC(126) Concurrent marking roots 0.295ms
[134.250s][info][gc       ] GC(126) Concurrent marking (unload classes) 255.295ms
[134.251s][info][gc       ] GC(126) Pause Final Mark (unload classes) 0.659ms
[134.252s][info][safepoint] Safepoint "ShenandoahFinalMarkStartEvac", Time since last: 256765817 ns, Reaching safepoint: 170514 ns, At safepoint: 1033329 ns, Total: 1203843 ns
[134.252s][info][gc       ] GC(126) Concurrent weak references 0.050ms
[134.253s][info][gc       ] GC(126) Concurrent weak roots 0.241ms
[134.253s][info][gc       ] GC(126) Concurrent cleanup 4485M->2355M(5120M) 0.198ms
[134.254s][info][gc       ] GC(126) Concurrent class unloading 0.678ms
[134.255s][info][gc       ] GC(126) Pause Final Roots 0.007ms
[134.255s][info][safepoint] Safepoint "ShenandoahFinalRoots", Time since last: 2575183 ns, Reaching safepoint: 182982 ns, At safepoint: 427846 ns, Total: 610828 ns
[135.023s][info][gc       ] Trigger: Average GC time (315.27 ms) is above the time for average allocation rate (2142 MB/s) to deplete free headroom (671M) (margin of error = 1.71)
[135.026s][info][gc       ] GC(127) Concurrent reset 2.291ms
[135.027s][info][gc       ] GC(127) Pause Init Mark (unload classes) 0.115ms
[135.027s][info][safepoint] Safepoint "ShenandoahInitMark", Time since last: 771636440 ns, Reaching safepoint: 124037 ns, At safepoint: 378048 ns, Total: 502085 ns
[135.028s][info][gc       ] GC(127) Concurrent marking roots 0.320ms
[135.284s][info][gc       ] GC(127) Concurrent marking (unload classes) 255.834ms
[135.285s][info][gc       ] GC(127) Pause Final Mark (unload classes) 0.454ms
[135.285s][info][safepoint] Safepoint "ShenandoahFinalMarkStartEvac", Time since last: 257375808 ns, Reaching safepoint: 133174 ns, At safepoint: 797967 ns, Total: 931141 ns
[135.286s][info][gc       ] GC(127) Concurrent weak references 0.207ms
[135.287s][info][gc       ] GC(127) Concurrent weak roots 0.401ms
[135.287s][info][gc       ] GC(127) Concurrent cleanup 4473M->2385M(5120M) 0.191ms
[135.288s][info][gc       ] GC(127) Concurrent class unloading 0.719ms
[135.288s][info][gc       ] GC(127) Pause Final Roots 0.003ms
[135.289s][info][safepoint] Safepoint "ShenandoahFinalRoots", Time since last: 2906377 ns, Reaching safepoint: 46295 ns, At safepoint: 237063 ns, Total: 283358 ns
[136.033s][info][gc       ] Trigger: Average GC time (305.37 ms) is above the time for average allocation rate (2124 MB/s) to deplete free headroom (647M) (margin of error = 1.72)
[136.036s][info][gc       ] GC(128) Concurrent reset 2.506ms
[136.037s][info][gc       ] GC(128) Pause Init Mark (unload classes) 0.118ms
[136.038s][info][safepoint] Safepoint "ShenandoahInitMark", Time since last: 748266652 ns, Reaching safepoint: 226209 ns, At safepoint: 611596 ns, Total: 837805 ns
[136.038s][info][gc       ] GC(128) Concurrent marking roots 0.316ms
[136.291s][info][gc       ] GC(128) Concurrent marking (unload classes) 252.427ms
[136.293s][info][gc       ] GC(128) Pause Final Mark (unload classes) 0.687ms
[136.293s][info][safepoint] Safepoint "ShenandoahFinalMarkStartEvac", Time since last: 254081846 ns, Reaching safepoint: 191929 ns, At safepoint: 1092360 ns, Total: 1284289 ns
[136.293s][info][gc       ] GC(128) Concurrent weak references 0.113ms
[136.294s][info][gc       ] GC(128) Concurrent weak roots 0.251ms
[136.294s][info][gc       ] GC(128) Concurrent cleanup 4501M->2389M(5120M) 0.195ms
[136.296s][info][gc       ] GC(128) Concurrent class unloading 0.768ms
[136.296s][info][gc       ] GC(128) Pause Final Roots 0.004ms
[136.297s][info][safepoint] Safepoint "ShenandoahFinalRoots", Time since last: 2893683 ns, Reaching safepoint: 175613 ns, At safepoint: 460003 ns, Total: 635616 ns
[137.065s][info][gc       ] Trigger: Average GC time (294.35 ms) is above the time for average allocation rate (2051 MB/s) to deplete free headroom (603M) (margin of error = 1.73)
[137.068s][info][gc       ] GC(129) Concurrent reset 2.373ms
[137.069s][info][gc       ] GC(129) Pause Init Mark (unload classes) 0.211ms
[137.069s][info][safepoint] Safepoint "ShenandoahInitMark", Time since last: 771503873 ns, Reaching safepoint: 192051 ns, At safepoint: 486410 ns, Total: 678461 ns
[137.070s][info][gc       ] GC(129) Concurrent marking roots 0.387ms
[137.291s][info][gc       ] GC(129) Concurrent marking (unload classes) 221.268ms
[137.293s][info][gc       ] GC(129) Pause Final Mark (unload classes) 0.727ms
[137.294s][info][safepoint] Safepoint "ShenandoahFinalMarkStartEvac", Time since last: 223368584 ns, Reaching safepoint: 270687 ns, At safepoint: 1139102 ns, Total: 1409789 ns
[137.294s][info][gc       ] GC(129) Concurrent weak references 0.077ms
[137.294s][info][gc       ] GC(129) Concurrent weak roots 0.411ms
[137.295s][info][gc       ] GC(129) Concurrent cleanup 4313M->2159M(5120M) 0.204ms
[137.296s][info][gc       ] GC(129) Concurrent class unloading 0.660ms
[137.297s][info][gc       ] GC(129) Pause Final Roots 0.004ms
[137.297s][info][safepoint] Safepoint "ShenandoahFinalRoots", Time since last: 2895922 ns, Reaching safepoint: 183662 ns, At safepoint: 394212 ns, Total: 577874 ns
[138.229s][info][gc       ] Trigger: Average GC time (280.58 ms) is above the time for average allocation rate (2019 MB/s) to deplete free headroom (563M) (margin of error = 1.73)
[138.232s][info][gc       ] GC(130) Concurrent reset 2.570ms
[138.233s][info][gc       ] GC(130) Pause Init Mark (unload classes) 0.164ms
[138.233s][info][safepoint] Safepoint "ShenandoahInitMark", Time since last: 935220319 ns, Reaching safepoint: 235404 ns, At safepoint: 602256 ns, Total: 837660 ns
[138.234s][info][gc       ] GC(130) Concurrent marking roots 0.424ms
[138.480s][info][gc       ] GC(130) Concurrent marking (unload classes) 245.484ms
[138.481s][info][gc       ] GC(130) Pause Final Mark (unload classes) 0.440ms
[138.481s][info][safepoint] Safepoint "ShenandoahFinalMarkStartEvac", Time since last: 247194248 ns, Reaching safepoint: 140353 ns, At safepoint: 736506 ns, Total: 876859 ns
[138.481s][info][gc       ] GC(130) Concurrent weak references 0.055ms
[138.482s][info][gc       ] GC(130) Concurrent weak roots 0.266ms
[138.482s][info][gc       ] GC(130) Concurrent cleanup 4425M->2231M(5120M) 0.222ms
[138.483s][info][gc       ] GC(130) Concurrent class unloading 0.650ms
[138.484s][info][gc       ] GC(130) Pause Final Roots 0.002ms
[138.484s][info][safepoint] Safepoint "ShenandoahFinalRoots", Time since last: 2206896 ns, Reaching safepoint: 114015 ns, At safepoint: 197692 ns, Total: 311707 ns
[139.407s][info][gc       ] Trigger: Average GC time (275.78 ms) is above the time for average allocation rate (2033 MB/s) to deplete free headroom (559M) (margin of error = 1.73)
[139.410s][info][gc       ] GC(131) Concurrent reset 2.214ms
[139.411s][info][gc       ] GC(131) Pause Init Mark (unload classes) 0.227ms
[139.411s][info][safepoint] Safepoint "ShenandoahInitMark", Time since last: 926627458 ns, Reaching safepoint: 212773 ns, At safepoint: 740543 ns, Total: 953316 ns
[139.413s][info][gc       ] GC(131) Concurrent marking roots 0.548ms
[139.653s][info][gc       ] GC(131) Concurrent marking (unload classes) 239.808ms
[139.655s][info][gc       ] GC(131) Pause Final Mark (unload classes) 0.542ms
[139.655s][info][safepoint] Safepoint "ShenandoahFinalMarkStartEvac", Time since last: 242520662 ns, Reaching safepoint: 333785 ns, At safepoint: 979175 ns, Total: 1312960 ns
[139.656s][info][gc       ] GC(131) Concurrent weak references 0.158ms
[139.657s][info][gc       ] GC(131) Concurrent weak roots 0.518ms
[139.658s][info][gc       ] GC(131) Concurrent cleanup 4409M->2211M(5120M) 0.228ms
[139.659s][info][gc       ] GC(131) Concurrent class unloading 0.916ms
[139.660s][info][gc       ] GC(131) Pause Final Roots 0.006ms
[139.661s][info][safepoint] Safepoint "ShenandoahFinalRoots", Time since last: 4776991 ns, Reaching safepoint: 185162 ns, At safepoint: 602779 ns, Total: 787941 ns
[140.543s][info][gc       ] Trigger: Average GC time (270.31 ms) is above the time for average allocation rate (2143 MB/s) to deplete free headroom (575M) (margin of error = 1.73)
[140.546s][info][gc       ] GC(132) Concurrent reset 2.231ms
[140.547s][info][gc       ] GC(132) Pause Init Mark (unload classes) 0.157ms
[140.547s][info][safepoint] Safepoint "ShenandoahInitMark", Time since last: 885419069 ns, Reaching safepoint: 279693 ns, At safepoint: 590992 ns, Total: 870685 ns
[140.548s][info][gc       ] GC(132) Concurrent marking roots 0.339ms
[140.764s][info][gc       ] GC(132) Concurrent marking (unload classes) 215.438ms
[140.765s][info][gc       ] GC(132) Pause Final Mark (unload classes) 0.540ms
[140.766s][info][safepoint] Safepoint "ShenandoahFinalMarkStartEvac", Time since last: 217351360 ns, Reaching safepoint: 391470 ns, At safepoint: 1073561 ns, Total: 1465031 ns
[140.766s][info][gc       ] GC(132) Concurrent weak references 0.061ms
[140.768s][info][gc       ] GC(132) Concurrent weak roots 1.454ms
[140.769s][info][gc       ] GC(132) Concurrent cleanup 4389M->2207M(5120M) 0.210ms
[140.770s][info][gc       ] GC(132) Concurrent class unloading 0.987ms
[140.771s][info][gc       ] GC(132) Pause Final Roots 0.004ms
[140.771s][info][safepoint] Safepoint "ShenandoahFinalRoots", Time since last: 4659715 ns, Reaching safepoint: 262553 ns, At safepoint: 456358 ns, Total: 718911 ns
[141.629s][info][gc       ] Trigger: Average GC time (264.57 ms) is above the time for average allocation rate (2148 MB/s) to deplete free headroom (567M) (margin of error = 1.73)
[141.632s][info][gc       ] GC(133) Concurrent reset 2.136ms
[141.633s][info][gc       ] GC(133) Pause Init Mark (unload classes) 0.124ms
[141.633s][info][safepoint] Safepoint "ShenandoahInitMark", Time since last: 861191228 ns, Reaching safepoint: 287043 ns, At safepoint: 502959 ns, Total: 790002 ns
[141.634s][info][gc       ] GC(133) Concurrent marking roots 0.297ms
[141.859s][info][gc       ] GC(133) Concurrent marking (unload classes) 224.701ms
[141.860s][info][gc       ] GC(133) Pause Final Mark (unload classes) 0.433ms
[141.861s][info][safepoint] Safepoint "ShenandoahFinalMarkStartEvac", Time since last: 226552849 ns, Reaching safepoint: 264723 ns, At safepoint: 909453 ns, Total: 1174176 ns
[141.861s][info][gc       ] GC(133) Concurrent weak references 0.058ms
[141.862s][info][gc       ] GC(133) Concurrent weak roots 0.386ms
[141.863s][info][gc       ] GC(133) Concurrent cleanup 4355M->2165M(5120M) 0.202ms
[141.864s][info][gc       ] GC(133) Concurrent class unloading 0.703ms
[141.864s][info][gc       ] GC(133) Pause Final Roots 0.003ms
[141.865s][info][safepoint] Safepoint "ShenandoahFinalRoots", Time since last: 3304598 ns, Reaching safepoint: 182898 ns, At safepoint: 414328 ns, Total: 597226 ns
[142.795s][info][gc       ] Trigger: Average GC time (255.58 ms) is above the time for average allocation rate (2037 MB/s) to deplete free headroom (519M) (margin of error = 1.73)
[142.799s][info][gc       ] GC(134) Concurrent reset 2.719ms
[142.800s][info][gc       ] GC(134) Pause Init Mark (unload classes) 0.172ms
[142.800s][info][safepoint] Safepoint "ShenandoahInitMark", Time since last: 934595102 ns, Reaching safepoint: 136439 ns, At safepoint: 558277 ns, Total: 694716 ns
[142.801s][info][gc       ] GC(134) Concurrent marking roots 0.315ms
[143.009s][info][gc       ] GC(134) Concurrent marking (unload classes) 208.099ms
[143.012s][info][gc       ] GC(134) Pause Final Mark (unload classes) 0.602ms
[143.013s][info][safepoint] Safepoint "ShenandoahFinalMarkStartEvac", Time since last: 211246684 ns, Reaching safepoint: 390719 ns, At safepoint: 1132084 ns, Total: 1522803 ns
[143.013s][info][gc       ] GC(134) Concurrent weak references 0.183ms
[143.014s][info][gc       ] GC(134) Concurrent weak roots 0.381ms
[143.015s][info][gc       ] GC(134) Concurrent cleanup 4539M->2299M(5120M) 0.202ms
[143.016s][info][gc       ] GC(134) Concurrent class unloading 0.823ms
[143.017s][info][gc       ] GC(134) Pause Final Roots 0.004ms
[143.017s][info][safepoint] Safepoint "ShenandoahFinalRoots", Time since last: 3443759 ns, Reaching safepoint: 212886 ns, At safepoint: 673179 ns, Total: 886065 ns
[143.859s][info][gc       ] Trigger: Average GC time (248.55 ms) is above the time for average allocation rate (2172 MB/s) to deplete free headroom (539M) (margin of error = 1.73)
[143.862s][info][gc       ] GC(135) Concurrent reset 2.919ms
[143.863s][info][gc       ] GC(135) Pause Init Mark (unload classes) 0.143ms
[143.863s][info][safepoint] Safepoint "ShenandoahInitMark", Time since last: 845288152 ns, Reaching safepoint: 290707 ns, At safepoint: 481361 ns, Total: 772068 ns
[143.864s][info][gc       ] GC(135) Concurrent marking roots 0.328ms
[144.092s][info][gc       ] GC(135) Concurrent marking (unload classes) 227.893ms
[144.093s][info][gc       ] GC(135) Pause Final Mark (unload classes) 0.568ms
[144.094s][info][safepoint] Safepoint "ShenandoahFinalMarkStartEvac", Time since last: 229366203 ns, Reaching safepoint: 160553 ns, At safepoint: 975491 ns, Total: 1136044 ns
[144.094s][info][gc       ] GC(135) Concurrent weak references 0.080ms
[144.095s][info][gc       ] GC(135) Concurrent weak roots 0.296ms
[144.095s][info][gc       ] GC(135) Concurrent cleanup 4411M->2193M(5120M) 0.209ms
[144.097s][info][gc       ] GC(135) Concurrent class unloading 0.854ms
[144.097s][info][gc       ] GC(135) Pause Final Roots 0.004ms
[144.097s][info][safepoint] Safepoint "ShenandoahFinalRoots", Time since last: 3169770 ns, Reaching safepoint: 132242 ns, At safepoint: 243422 ns, Total: 375664 ns
[144.999s][info][gc       ] Trigger: Average GC time (249.23 ms) is above the time for average allocation rate (2146 MB/s) to deplete free headroom (533M) (margin of error = 1.72)
[145.002s][info][gc       ] GC(136) Concurrent reset 2.215ms
[145.002s][info][gc       ] GC(136) Pause Init Mark (unload classes) 0.131ms
[145.003s][info][safepoint] Safepoint "ShenandoahInitMark", Time since last: 904729647 ns, Reaching safepoint: 124967 ns, At safepoint: 688327 ns, Total: 813294 ns
[145.004s][info][gc       ] GC(136) Concurrent marking roots 0.457ms
[145.308s][info][gc       ] GC(136) Concurrent marking (unload classes) 303.429ms
[145.310s][info][gc       ] GC(136) Pause Final Mark (unload classes) 0.695ms
[145.310s][info][safepoint] Safepoint "ShenandoahFinalMarkStartEvac", Time since last: 305950332 ns, Reaching safepoint: 332843 ns, At safepoint: 1190739 ns, Total: 1523582 ns
[145.311s][info][gc       ] GC(136) Concurrent weak references 0.174ms
[145.312s][info][gc       ] GC(136) Concurrent weak roots 0.373ms
[145.312s][info][gc       ] GC(136) Concurrent cleanup 4459M->2233M(5120M) 0.214ms
[145.314s][info][gc       ] GC(136) Concurrent class unloading 1.015ms
[145.315s][info][gc       ] GC(136) Pause Final Roots 0.004ms
[145.315s][info][safepoint] Safepoint "ShenandoahFinalRoots", Time since last: 4013735 ns, Reaching safepoint: 281919 ns, At safepoint: 574977 ns, Total: 856896 ns
[146.100s][info][gc       ] Trigger: Average GC time (346.59 ms) is above the time for average allocation rate (2132 MB/s) to deplete free headroom (737M) (margin of error = 1.72)
[146.103s][info][gc       ] GC(137) Concurrent reset 2.329ms
[146.104s][info][gc       ] GC(137) Pause Init Mark (unload classes) 0.116ms
[146.104s][info][safepoint] Safepoint "ShenandoahInitMark", Time since last: 787973171 ns, Reaching safepoint: 303994 ns, At safepoint: 598685 ns, Total: 902679 ns
[146.105s][info][gc       ] GC(137) Concurrent marking roots 0.285ms
[146.381s][info][gc       ] GC(137) Concurrent marking (unload classes) 275.735ms
[146.382s][info][gc       ] GC(137) Pause Final Mark (unload classes) 0.508ms
[146.382s][info][safepoint] Safepoint "ShenandoahFinalMarkStartEvac", Time since last: 277148133 ns, Reaching safepoint: 232340 ns, At safepoint: 918419 ns, Total: 1150759 ns
[146.383s][info][gc       ] GC(137) Concurrent weak references 0.083ms
[146.383s][info][gc       ] GC(137) Concurrent weak roots 0.263ms
[146.384s][info][gc       ] GC(137) Concurrent cleanup 4303M->2283M(5120M) 0.201ms
[146.385s][info][gc       ] GC(137) Concurrent class unloading 0.721ms
[146.385s][info][gc       ] GC(137) Pause Final Roots 0.004ms
[146.386s][info][safepoint] Safepoint "ShenandoahFinalRoots", Time since last: 2768959 ns, Reaching safepoint: 222744 ns, At safepoint: 438473 ns, Total: 661217 ns
[147.196s][info][gc       ] Trigger: Average GC time (332.12 ms) is above the time for average allocation rate (2072 MB/s) to deplete free headroom (687M) (margin of error = 1.73)
[147.199s][info][gc       ] GC(138) Concurrent reset 2.194ms
[147.200s][info][gc       ] GC(138) Pause Init Mark (unload classes) 0.146ms
[147.200s][info][safepoint] Safepoint "ShenandoahInitMark", Time since last: 813904871 ns, Reaching safepoint: 202163 ns, At safepoint: 564657 ns, Total: 766820 ns
[147.201s][info][gc       ] GC(138) Concurrent marking roots 0.364ms
[147.449s][info][gc       ] GC(138) Concurrent marking (unload classes) 248.061ms
[147.451s][info][gc       ] GC(138) Pause Final Mark (unload classes) 0.737ms
[147.452s][info][safepoint] Safepoint "ShenandoahFinalMarkStartEvac", Time since last: 249502907 ns, Reaching safepoint: 289089 ns, At safepoint: 1305656 ns, Total: 1594745 ns
[147.452s][info][gc       ] GC(138) Concurrent weak references 0.163ms
[147.453s][info][gc       ] GC(138) Concurrent weak roots 0.426ms
[147.454s][info][gc       ] GC(138) Concurrent cleanup 4241M->2169M(5120M) 0.238ms
[147.455s][info][gc       ] GC(138) Concurrent class unloading 0.927ms
[147.456s][info][gc       ] GC(138) Pause Final Roots 0.004ms
[147.456s][info][safepoint] Safepoint "ShenandoahFinalRoots", Time since last: 4145364 ns, Reaching safepoint: 265512 ns, At safepoint: 510117 ns, Total: 775629 ns
[147.854s][info][gc       ] Trigger: Average GC time (310.60 ms) is above the time for average allocation rate (3128 MB/s) to deplete free headroom (969M) (margin of error = 1.72)
[147.857s][info][gc       ] GC(139) Concurrent reset 2.522ms
[147.858s][info][gc       ] GC(139) Pause Init Mark (unload classes) 0.118ms
[147.858s][info][safepoint] Safepoint "ShenandoahInitMark", Time since last: 401098481 ns, Reaching safepoint: 331047 ns, At safepoint: 597525 ns, Total: 928572 ns
[147.859s][info][gc       ] GC(139) Concurrent marking roots 0.405ms
[147.996s][info][gc       ] GC(139) Concurrent marking (unload classes) 136.090ms
[147.997s][info][gc       ] GC(139) Pause Final Mark (unload classes) 0.589ms
[147.998s][info][safepoint] Safepoint "ShenandoahFinalMarkStartEvac", Time since last: 137941476 ns, Reaching safepoint: 146284 ns, At safepoint: 1095969 ns, Total: 1242253 ns
[147.998s][info][gc       ] GC(139) Concurrent weak references 0.095ms
[147.999s][info][gc       ] GC(139) Concurrent weak roots 0.468ms
[148.000s][info][gc       ] GC(139) Concurrent cleanup 4162M->1441M(5120M) 0.202ms
[148.001s][info][gc       ] GC(139) Concurrent class unloading 1.160ms
[148.002s][info][gc       ] GC(139) Pause Final Roots 0.004ms
[148.003s][info][safepoint] Safepoint "ShenandoahFinalRoots", Time since last: 4063509 ns, Reaching safepoint: 410189 ns, At safepoint: 481794 ns, Total: 891983 ns
[149.160s][info][gc       ] Trigger: Average GC time (315.85 ms) is above the time for average allocation rate (2095 MB/s) to deplete free headroom (661M) (margin of error = 1.69)
[149.162s][info][gc       ] GC(140) Concurrent reset 1.122ms
[149.162s][info][gc       ] GC(140) Pause Init Mark (unload classes) 0.168ms
[149.163s][info][safepoint] Safepoint "ShenandoahInitMark", Time since last: 1159490283 ns, Reaching safepoint: 189925 ns, At safepoint: 564668 ns, Total: 754593 ns
[149.164s][info][gc       ] GC(140) Concurrent marking roots 0.379ms
[149.378s][info][gc       ] GC(140) Concurrent marking (unload classes) 213.936ms
[149.379s][info][gc       ] GC(140) Pause Final Mark (unload classes) 0.505ms
[149.380s][info][safepoint] Safepoint "ShenandoahFinalMarkStartEvac", Time since last: 215540647 ns, Reaching safepoint: 282021 ns, At safepoint: 1020900 ns, Total: 1302921 ns
[149.380s][info][gc       ] GC(140) Concurrent weak references 0.081ms
[149.381s][info][gc       ] GC(140) Concurrent weak roots 0.304ms
[149.381s][info][gc       ] GC(140) Concurrent cleanup 4310M->2213M(5120M) 0.201ms
[149.382s][info][gc       ] GC(140) Concurrent class unloading 0.742ms
[149.383s][info][gc       ] GC(140) Pause Final Roots 0.003ms
[149.383s][info][safepoint] Safepoint "ShenandoahFinalRoots", Time since last: 2980017 ns, Reaching safepoint: 157748 ns, At safepoint: 569732 ns, Total: 727480 ns
[150.209s][info][gc       ] Trigger: Average GC time (292.47 ms) is above the time for average allocation rate (2139 MB/s) to deplete free headroom (625M) (margin of error = 1.69)
[150.212s][info][gc       ] GC(141) Concurrent reset 2.610ms
[150.213s][info][gc       ] GC(141) Pause Init Mark (unload classes) 0.157ms
[150.214s][info][safepoint] Safepoint "ShenandoahInitMark", Time since last: 829344784 ns, Reaching safepoint: 126057 ns, At safepoint: 634121 ns, Total: 760178 ns
[150.214s][info][gc       ] GC(141) Concurrent marking roots 0.348ms
[150.448s][info][gc       ] GC(141) Concurrent marking (unload classes) 233.663ms
[150.450s][info][gc       ] GC(141) Pause Final Mark (unload classes) 0.632ms
[150.451s][info][safepoint] Safepoint "ShenandoahFinalMarkStartEvac", Time since last: 235273958 ns, Reaching safepoint: 228900 ns, At safepoint: 1924529 ns, Total: 2153429 ns
[150.451s][info][gc       ] GC(141) Concurrent weak references 0.071ms
[150.452s][info][gc       ] GC(141) Concurrent weak roots 0.421ms
[150.453s][info][gc       ] GC(141) Concurrent cleanup 4341M->2205M(5120M) 0.208ms
[150.454s][info][gc       ] GC(141) Concurrent class unloading 1.013ms
[150.455s][info][gc       ] GC(141) Pause Final Roots 0.004ms
[150.455s][info][safepoint] Safepoint "ShenandoahFinalRoots", Time since last: 3707625 ns, Reaching safepoint: 212723 ns, At safepoint: 444935 ns, Total: 657658 ns
[151.307s][info][gc       ] Trigger: Average GC time (290.70 ms) is above the time for average allocation rate (2141 MB/s) to deplete free headroom (621M) (margin of error = 1.69)
[151.310s][info][gc       ] GC(142) Concurrent reset 2.254ms
[151.311s][info][gc       ] GC(142) Pause Init Mark (unload classes) 0.127ms
[151.311s][info][safepoint] Safepoint "ShenandoahInitMark", Time since last: 855115029 ns, Reaching safepoint: 258423 ns, At safepoint: 737301 ns, Total: 995724 ns
[151.312s][info][gc       ] GC(142) Concurrent marking roots 0.413ms
[151.550s][info][gc       ] GC(142) Concurrent marking (unload classes) 237.793ms
[151.552s][info][gc       ] GC(142) Pause Final Mark (unload classes) 0.585ms
[151.552s][info][safepoint] Safepoint "ShenandoahFinalMarkStartEvac", Time since last: 239243756 ns, Reaching safepoint: 304838 ns, At safepoint: 1111358 ns, Total: 1416196 ns
[151.553s][info][gc       ] GC(142) Concurrent weak references 0.054ms
[151.553s][info][gc       ] GC(142) Concurrent weak roots 0.285ms
[151.554s][info][gc       ] GC(142) Concurrent cleanup 4401M->2259M(5120M) 0.197ms
[151.555s][info][gc       ] GC(142) Concurrent class unloading 0.756ms
[151.555s][info][gc       ] GC(142) Pause Final Roots 0.004ms
[151.556s][info][safepoint] Safepoint "ShenandoahFinalRoots", Time since last: 3106489 ns, Reaching safepoint: 260967 ns, At safepoint: 500720 ns, Total: 761687 ns
[152.389s][info][gc       ] Trigger: Average GC time (284.52 ms) is above the time for average allocation rate (2137 MB/s) to deplete free headroom (607M) (margin of error = 1.69)
[152.392s][info][gc       ] GC(143) Concurrent reset 2.533ms
[152.393s][info][gc       ] GC(143) Pause Init Mark (unload classes) 0.137ms
[152.393s][info][safepoint] Safepoint "ShenandoahInitMark", Time since last: 836787495 ns, Reaching safepoint: 141711 ns, At safepoint: 603635 ns, Total: 745346 ns
[152.394s][info][gc       ] GC(143) Concurrent marking roots 0.406ms
[152.649s][info][gc       ] GC(143) Concurrent marking (unload classes) 253.976ms
[152.650s][info][gc       ] GC(143) Pause Final Mark (unload classes) 0.734ms
[152.651s][info][safepoint] Safepoint "ShenandoahFinalMarkStartEvac", Time since last: 255970200 ns, Reaching safepoint: 243291 ns, At safepoint: 1240733 ns, Total: 1484024 ns
[152.652s][info][gc       ] GC(143) Concurrent weak references 0.118ms
[152.652s][info][gc       ] GC(143) Concurrent weak roots 0.417ms
[152.653s][info][gc       ] GC(143) Concurrent cleanup 4451M->2295M(5120M) 0.230ms
[152.654s][info][gc       ] GC(143) Concurrent class unloading 0.918ms
[152.655s][info][gc       ] GC(143) Pause Final Roots 0.004ms
[152.656s][info][safepoint] Safepoint "ShenandoahFinalRoots", Time since last: 3859808 ns, Reaching safepoint: 259767 ns, At safepoint: 485718 ns, Total: 745485 ns
[153.478s][info][gc       ] Trigger: Average GC time (291.76 ms) is above the time for average allocation rate (2129 MB/s) to deplete free headroom (619M) (margin of error = 1.69)
[153.481s][info][gc       ] GC(144) Concurrent reset 2.639ms
[153.482s][info][gc       ] GC(144) Pause Init Mark (unload classes) 0.182ms
[153.483s][info][safepoint] Safepoint "ShenandoahInitMark", Time since last: 826151387 ns, Reaching safepoint: 231285 ns, At safepoint: 830709 ns, Total: 1061994 ns
[153.484s][info][gc       ] GC(144) Concurrent marking roots 0.358ms
[153.744s][info][gc       ] GC(144) Concurrent marking (unload classes) 259.916ms
[153.746s][info][gc       ] GC(144) Pause Final Mark (unload classes) 1.044ms
[153.746s][info][safepoint] Safepoint "ShenandoahFinalMarkStartEvac", Time since last: 261577313 ns, Reaching safepoint: 141195 ns, At safepoint: 1629310 ns, Total: 1770505 ns
[153.746s][info][gc       ] GC(144) Concurrent weak references 0.067ms
[153.747s][info][gc       ] GC(144) Concurrent weak roots 0.451ms
[153.748s][info][gc       ] GC(144) Concurrent cleanup 4505M->2359M(5120M) 0.239ms
[153.749s][info][gc       ] GC(144) Concurrent class unloading 0.991ms
[153.750s][info][gc       ] GC(144) Pause Final Roots 0.003ms
[153.750s][info][safepoint] Safepoint "ShenandoahFinalRoots", Time since last: 3360728 ns, Reaching safepoint: 170420 ns, At safepoint: 532233 ns, Total: 702653 ns
[154.578s][info][gc       ] Trigger: Average GC time (294.42 ms) is above the time for average allocation rate (2085 MB/s) to deplete free headroom (613M) (margin of error = 1.70)
[154.582s][info][gc       ] GC(145) Concurrent reset 3.071ms
[154.582s][info][gc       ] GC(145) Pause Init Mark (unload classes) 0.113ms
[154.583s][info][safepoint] Safepoint "ShenandoahInitMark", Time since last: 831979105 ns, Reaching safepoint: 181171 ns, At safepoint: 498543 ns, Total: 679714 ns
[154.584s][info][gc       ] GC(145) Concurrent marking roots 0.381ms
[154.812s][info][gc       ] GC(145) Concurrent marking (unload classes) 227.875ms
[154.814s][info][gc       ] GC(145) Pause Final Mark (unload classes) 0.884ms
[154.814s][info][safepoint] Safepoint "ShenandoahFinalMarkStartEvac", Time since last: 229899053 ns, Reaching safepoint: 216691 ns, At safepoint: 1475441 ns, Total: 1692132 ns
[154.815s][info][gc       ] GC(145) Concurrent weak references 0.098ms
[154.816s][info][gc       ] GC(145) Concurrent weak roots 0.482ms
[154.817s][info][gc       ] GC(145) Concurrent cleanup 4309M->2159M(5120M) 0.224ms
[154.818s][info][gc       ] GC(145) Concurrent class unloading 0.950ms
[154.819s][info][gc       ] GC(145) Pause Final Roots 0.003ms
[154.820s][info][safepoint] Safepoint "ShenandoahFinalRoots", Time since last: 4588130 ns, Reaching safepoint: 178646 ns, At safepoint: 601233 ns, Total: 779879 ns
[155.689s][info][gc       ] Trigger: Average GC time (280.80 ms) is above the time for average allocation rate (2151 MB/s) to deplete free headroom (601M) (margin of error = 1.70)
[155.692s][info][gc       ] GC(146) Concurrent reset 2.797ms
[155.693s][info][gc       ] GC(146) Pause Init Mark (unload classes) 0.116ms
[155.693s][info][safepoint] Safepoint "ShenandoahInitMark", Time since last: 872557700 ns, Reaching safepoint: 135791 ns, At safepoint: 578163 ns, Total: 713954 ns
[155.694s][info][gc       ] GC(146) Concurrent marking roots 0.388ms
[155.905s][info][gc       ] GC(146) Concurrent marking (unload classes) 210.152ms
[155.906s][info][gc       ] GC(146) Pause Final Mark (unload classes) 0.529ms
[155.906s][info][safepoint] Safepoint "ShenandoahFinalMarkStartEvac", Time since last: 212088565 ns, Reaching safepoint: 205973 ns, At safepoint: 944113 ns, Total: 1150086 ns
[155.907s][info][gc       ] GC(146) Concurrent weak references 0.096ms
[155.908s][info][gc       ] GC(146) Concurrent weak roots 0.550ms
[155.908s][info][gc       ] GC(146) Concurrent cleanup 4441M->2279M(5120M) 0.195ms
[155.910s][info][gc       ] GC(146) Concurrent class unloading 0.822ms
[155.910s][info][gc       ] GC(146) Pause Final Roots 0.004ms
[155.911s][info][safepoint] Safepoint "ShenandoahFinalRoots", Time since last: 3635859 ns, Reaching safepoint: 234890 ns, At safepoint: 524984 ns, Total: 759874 ns
[156.750s][info][gc       ] Trigger: Average GC time (269.79 ms) is above the time for average allocation rate (2142 MB/s) to deplete free headroom (577M) (margin of error = 1.70)
[156.754s][info][gc       ] GC(147) Concurrent reset 3.208ms
[156.756s][info][gc       ] GC(147) Pause Init Mark (unload classes) 0.692ms
[156.756s][info][safepoint] Safepoint "ShenandoahInitMark", Time since last: 844135203 ns, Reaching safepoint: 123420 ns, At safepoint: 1172343 ns, Total: 1295763 ns
[156.757s][info][gc       ] GC(147) Concurrent marking roots 0.531ms
[157.024s][info][gc       ] GC(147) Concurrent marking (unload classes) 266.549ms
[157.026s][info][gc       ] GC(147) Pause Final Mark (unload classes) 0.612ms
[157.026s][info][safepoint] Safepoint "ShenandoahFinalMarkStartEvac", Time since last: 268689770 ns, Reaching safepoint: 240980 ns, At safepoint: 1152044 ns, Total: 1393024 ns
[157.027s][info][gc       ] GC(147) Concurrent weak references 0.096ms
[157.028s][info][gc       ] GC(147) Concurrent weak roots 0.448ms
[157.028s][info][gc       ] GC(147) Concurrent cleanup 4465M->2279M(5120M) 0.198ms
[157.030s][info][gc       ] GC(147) Concurrent class unloading 1.146ms
[157.031s][info][gc       ] GC(147) Pause Final Roots 0.004ms
[157.031s][info][safepoint] Safepoint "ShenandoahFinalRoots", Time since last: 4146508 ns, Reaching safepoint: 248655 ns, At safepoint: 574546 ns, Total: 823201 ns
[157.842s][info][gc       ] Trigger: Average GC time (302.34 ms) is above the time for average allocation rate (2098 MB/s) to deplete free headroom (633M) (margin of error = 1.70)
[157.846s][info][gc       ] GC(148) Concurrent reset 2.950ms
[157.847s][info][gc       ] GC(148) Pause Init Mark (unload classes) 0.270ms
[157.848s][info][safepoint] Safepoint "ShenandoahInitMark", Time since last: 815450228 ns, Reaching safepoint: 291328 ns, At safepoint: 938793 ns, Total: 1230121 ns
[157.849s][info][gc       ] GC(148) Concurrent marking roots 0.534ms
[158.064s][info][gc       ] GC(148) Concurrent marking (unload classes) 214.828ms
[158.066s][info][gc       ] GC(148) Pause Final Mark (unload classes) 0.692ms
[158.067s][info][safepoint] Safepoint "ShenandoahFinalMarkStartEvac", Time since last: 217305643 ns, Reaching safepoint: 226887 ns, At safepoint: 1193452 ns, Total: 1420339 ns
[158.067s][info][gc       ] GC(148) Concurrent weak references 0.175ms
[158.068s][info][gc       ] GC(148) Concurrent weak roots 0.445ms
[158.069s][info][gc       ] GC(148) Concurrent cleanup 4367M->2235M(5120M) 0.206ms
[158.071s][info][gc       ] GC(148) Concurrent class unloading 1.142ms
[158.071s][info][gc       ] GC(148) Pause Final Roots 0.004ms
[158.072s][info][safepoint] Safepoint "ShenandoahFinalRoots", Time since last: 4590385 ns, Reaching safepoint: 251647 ns, At safepoint: 365629 ns, Total: 617276 ns
[158.929s][info][gc       ] Trigger: Average GC time (283.76 ms) is above the time for average allocation rate (2143 MB/s) to deplete free headroom (607M) (margin of error = 1.70)
[158.932s][info][gc       ] GC(149) Concurrent reset 2.395ms
[158.933s][info][gc       ] GC(149) Pause Init Mark (unload classes) 0.123ms
[158.933s][info][safepoint] Safepoint "ShenandoahInitMark", Time since last: 860417543 ns, Reaching safepoint: 281894 ns, At safepoint: 615354 ns, Total: 897248 ns
[158.934s][info][gc       ] GC(149) Concurrent marking roots 0.393ms
[159.150s][info][gc       ] GC(149) Concurrent marking (unload classes) 216.012ms
[159.152s][info][gc       ] GC(149) Pause Final Mark (unload classes) 0.633ms
[159.152s][info][safepoint] Safepoint "ShenandoahFinalMarkStartEvac", Time since last: 217840517 ns, Reaching safepoint: 240527 ns, At safepoint: 1123278 ns, Total: 1363805 ns
[159.153s][info][gc       ] GC(149) Concurrent weak references 0.197ms
[159.154s][info][gc       ] GC(149) Concurrent weak roots 0.352ms
[159.154s][info][gc       ] GC(149) Concurrent cleanup 4361M->2205M(5120M) 0.185ms
[159.156s][info][gc       ] GC(149) Concurrent class unloading 1.024ms
[159.157s][info][gc       ] GC(149) Pause Final Roots 0.004ms
[159.157s][info][safepoint] Safepoint "ShenandoahFinalRoots", Time since last: 4190252 ns, Reaching safepoint: 250079 ns, At safepoint: 428908 ns, Total: 678987 ns
[160.014s][info][gc       ] Trigger: Average GC time (267.15 ms) is above the time for average allocation rate (2178 MB/s) to deplete free headroom (581M) (margin of error = 1.69)
[160.017s][info][gc       ] GC(150) Concurrent reset 2.110ms
[160.018s][info][gc       ] GC(150) Pause Init Mark (unload classes) 0.119ms
[160.018s][info][safepoint] Safepoint "ShenandoahInitMark", Time since last: 860248893 ns, Reaching safepoint: 285073 ns, At safepoint: 624481 ns, Total: 909554 ns
[160.019s][info][gc       ] GC(150) Concurrent marking roots 0.324ms
[160.232s][info][gc       ] GC(150) Concurrent marking (unload classes) 212.602ms
[160.233s][info][gc       ] GC(150) Pause Final Mark (unload classes) 0.562ms
[160.234s][info][safepoint] Safepoint "ShenandoahFinalMarkStartEvac", Time since last: 214150578 ns, Reaching safepoint: 306878 ns, At safepoint: 1071810 ns, Total: 1378688 ns
[160.235s][info][gc       ] GC(150) Concurrent weak references 0.194ms
[160.235s][info][gc       ] GC(150) Concurrent weak roots 0.453ms
[160.236s][info][gc       ] GC(150) Concurrent cleanup 4417M->2235M(5120M) 0.218ms
[160.238s][info][gc       ] GC(150) Concurrent class unloading 1.133ms
[160.239s][info][gc       ] GC(150) Pause Final Roots 0.004ms
[160.239s][info][safepoint] Safepoint "ShenandoahFinalRoots", Time since last: 4765487 ns, Reaching safepoint: 191307 ns, At safepoint: 643166 ns, Total: 834473 ns
[161.108s][info][gc       ] Trigger: Average GC time (254.51 ms) is above the time for average allocation rate (2122 MB/s) to deplete free headroom (537M) (margin of error = 1.69)
[161.111s][info][gc       ] GC(151) Concurrent reset 2.235ms
[161.112s][info][gc       ] GC(151) Pause Init Mark (unload classes) 0.117ms
[161.113s][info][safepoint] Safepoint "ShenandoahInitMark", Time since last: 872266975 ns, Reaching safepoint: 247193 ns, At safepoint: 628518 ns, Total: 875711 ns
[161.113s][info][gc       ] GC(151) Concurrent marking roots 0.358ms
[161.349s][info][gc       ] GC(151) Concurrent marking (unload classes) 235.622ms
[161.351s][info][gc       ] GC(151) Pause Final Mark (unload classes) 0.571ms
[161.351s][info][safepoint] Safepoint "ShenandoahFinalMarkStartEvac", Time since last: 237248319 ns, Reaching safepoint: 204761 ns, At safepoint: 1073448 ns, Total: 1278209 ns
[161.352s][info][gc       ] GC(151) Concurrent weak references 0.129ms
[161.352s][info][gc       ] GC(151) Concurrent weak roots 0.324ms
[161.353s][info][gc       ] GC(151) Concurrent cleanup 4523M->2297M(5120M) 0.239ms
[161.354s][info][gc       ] GC(151) Concurrent class unloading 0.833ms
[161.354s][info][gc       ] GC(151) Pause Final Roots 0.004ms
[161.355s][info][safepoint] Safepoint "ShenandoahFinalRoots", Time since last: 3157978 ns, Reaching safepoint: 180330 ns, At safepoint: 423226 ns, Total: 603556 ns
[162.256s][info][gc       ] Trigger: Average GC time (260.00 ms) is above the time for average allocation rate (2003 MB/s) to deplete free headroom (519M) (margin of error = 1.70)
[162.259s][info][gc       ] GC(152) Concurrent reset 2.752ms
[162.260s][info][gc       ] GC(152) Pause Init Mark (unload classes) 0.160ms
[162.260s][info][safepoint] Safepoint "ShenandoahInitMark", Time since last: 904436840 ns, Reaching safepoint: 216047 ns, At safepoint: 847448 ns, Total: 1063495 ns
[162.261s][info][gc       ] GC(152) Concurrent marking roots 0.417ms
[162.501s][info][gc       ] GC(152) Concurrent marking (unload classes) 239.644ms
[162.503s][info][gc       ] GC(152) Pause Final Mark (unload classes) 0.750ms
[162.503s][info][safepoint] Safepoint "ShenandoahFinalMarkStartEvac", Time since last: 241393716 ns, Reaching safepoint: 242548 ns, At safepoint: 1186776 ns, Total: 1429324 ns
[162.504s][info][gc       ] GC(152) Concurrent weak references 0.078ms
[162.505s][info][gc       ] GC(152) Concurrent weak roots 0.575ms
[162.506s][info][gc       ] GC(152) Concurrent cleanup 4411M->2167M(5120M) 0.197ms
[162.507s][info][gc       ] GC(152) Concurrent class unloading 1.106ms
[162.508s][info][gc       ] GC(152) Pause Final Roots 0.004ms
[162.508s][info][safepoint] Safepoint "ShenandoahFinalRoots", Time since last: 4489450 ns, Reaching safepoint: 237469 ns, At safepoint: 519588 ns, Total: 757057 ns
[163.424s][info][gc       ] Trigger: Average GC time (264.93 ms) is above the time for average allocation rate (2105 MB/s) to deplete free headroom (555M) (margin of error = 1.69)
[163.427s][info][gc       ] GC(153) Concurrent reset 2.435ms
[163.428s][info][gc       ] GC(153) Pause Init Mark (unload classes) 0.115ms
[163.429s][info][safepoint] Safepoint "ShenandoahInitMark", Time since last: 919455779 ns, Reaching safepoint: 285506 ns, At safepoint: 601213 ns, Total: 886719 ns
[163.430s][info][gc       ] GC(153) Concurrent marking roots 0.336ms
[163.686s][info][gc       ] GC(153) Concurrent marking (unload classes) 256.107ms
[163.688s][info][gc       ] GC(153) Pause Final Mark (unload classes) 0.596ms
[163.688s][info][safepoint] Safepoint "ShenandoahFinalMarkStartEvac", Time since last: 257975890 ns, Reaching safepoint: 287636 ns, At safepoint: 1096987 ns, Total: 1384623 ns
[163.689s][info][gc       ] GC(153) Concurrent weak references 0.199ms
[163.690s][info][gc       ] GC(153) Concurrent weak roots 0.429ms
[163.691s][info][gc       ] GC(153) Concurrent cleanup 4509M->2301M(5120M) 0.206ms
[163.692s][info][gc       ] GC(153) Concurrent class unloading 1.090ms
[163.693s][info][gc       ] GC(153) Pause Final Roots 0.004ms
[163.694s][info][safepoint] Safepoint "ShenandoahFinalRoots", Time since last: 4722224 ns, Reaching safepoint: 273011 ns, At safepoint: 677509 ns, Total: 950520 ns
[163.896s][info][gc       ] Trigger: Average GC time (282.21 ms) is above the time for instantaneous allocation rate (6758 MB/s) to deplete free headroom (1353M) (spike threshold = 1.86)
[163.899s][info][gc       ] GC(154) Concurrent reset 2.429ms
[163.900s][info][gc       ] GC(154) Pause Init Mark (unload classes) 0.222ms
[163.900s][info][safepoint] Safepoint "ShenandoahInitMark", Time since last: 205708976 ns, Reaching safepoint: 276054 ns, At safepoint: 558442 ns, Total: 834496 ns
[163.901s][info][gc       ] GC(154) Concurrent marking roots 0.298ms
[163.999s][info][gc       ] GC(154) Concurrent marking (unload classes) 97.868ms
[164.000s][info][gc       ] GC(154) Pause Final Mark (unload classes) 0.500ms
[164.001s][info][safepoint] Safepoint "ShenandoahFinalMarkStartEvac", Time since last: 99322461 ns, Reaching safepoint: 189030 ns, At safepoint: 876121 ns, Total: 1065151 ns
[164.001s][info][gc       ] GC(154) Concurrent weak references 0.109ms
[164.002s][info][gc       ] GC(154) Concurrent weak roots 0.619ms
[164.003s][info][gc       ] GC(154) Concurrent cleanup 3850M->1339M(5120M) 0.210ms
[164.005s][info][gc       ] GC(154) Concurrent class unloading 1.149ms
[164.006s][info][gc       ] GC(154) Pause Final Roots 0.004ms
[164.006s][info][safepoint] Safepoint "ShenandoahFinalRoots", Time since last: 4310185 ns, Reaching safepoint: 405558 ns, At safepoint: 415628 ns, Total: 821186 ns
[165.288s][info][gc       ] Trigger: Average GC time (310.28 ms) is above the time for average allocation rate (1882 MB/s) to deplete free headroom (583M) (margin of error = 1.69)
[165.289s][info][gc       ] GC(155) Concurrent reset 0.993ms
[165.290s][info][gc       ] GC(155) Pause Init Mark (unload classes) 0.122ms
[165.291s][info][safepoint] Safepoint "ShenandoahInitMark", Time since last: 1284046379 ns, Reaching safepoint: 283135 ns, At safepoint: 727465 ns, Total: 1010600 ns
[165.292s][info][gc       ] GC(155) Concurrent marking roots 0.447ms
[165.530s][info][gc       ] GC(155) Concurrent marking (unload classes) 237.600ms
[165.531s][info][gc       ] GC(155) Pause Final Mark (unload classes) 0.662ms
[165.532s][info][safepoint] Safepoint "ShenandoahFinalMarkStartEvac", Time since last: 239584869 ns, Reaching safepoint: 215383 ns, At safepoint: 1208883 ns, Total: 1424266 ns
[165.533s][info][gc       ] GC(155) Concurrent weak references 0.116ms
[165.534s][info][gc       ] GC(155) Concurrent weak roots 0.372ms
[165.534s][info][gc       ] GC(155) Concurrent cleanup 4336M->2161M(5120M) 0.199ms
[165.535s][info][gc       ] GC(155) Concurrent class unloading 0.748ms
[165.536s][info][gc       ] GC(155) Pause Final Roots 0.004ms
[165.536s][info][safepoint] Safepoint "ShenandoahFinalRoots", Time since last: 3523947 ns, Reaching safepoint: 281680 ns, At safepoint: 407945 ns, Total: 689625 ns
[166.403s][info][gc       ] Trigger: Average GC time (320.96 ms) is above the time for average allocation rate (2072 MB/s) to deplete free headroom (661M) (margin of error = 1.69)
[166.406s][info][gc       ] GC(156) Concurrent reset 2.264ms
[166.407s][info][gc       ] GC(156) Pause Init Mark (unload classes) 0.139ms
[166.407s][info][safepoint] Safepoint "ShenandoahInitMark", Time since last: 870074162 ns, Reaching safepoint: 129343 ns, At safepoint: 509047 ns, Total: 638390 ns
[166.408s][info][gc       ] GC(156) Concurrent marking roots 0.374ms
[166.690s][info][gc       ] GC(156) Concurrent marking (unload classes) 281.664ms
[166.692s][info][gc       ] GC(156) Pause Final Mark (unload classes) 0.596ms
[166.692s][info][safepoint] Safepoint "ShenandoahFinalMarkStartEvac", Time since last: 283770448 ns, Reaching safepoint: 283677 ns, At safepoint: 1144907 ns, Total: 1428584 ns
[166.693s][info][gc       ] GC(156) Concurrent weak references 0.113ms
[166.694s][info][gc       ] GC(156) Concurrent weak roots 0.539ms
[166.694s][info][gc       ] GC(156) Concurrent cleanup 4317M->2219M(5120M) 0.205ms
[166.696s][info][gc       ] GC(156) Concurrent class unloading 1.055ms
[166.697s][info][gc       ] GC(156) Pause Final Roots 0.004ms
[166.698s][info][safepoint] Safepoint "ShenandoahFinalRoots", Time since last: 4514914 ns, Reaching safepoint: 389377 ns, At safepoint: 620245 ns, Total: 1009622 ns
[167.483s][info][gc       ] Trigger: Average GC time (355.20 ms) is above the time for average allocation rate (2108 MB/s) to deplete free headroom (747M) (margin of error = 1.69)
[167.485s][info][gc       ] GC(157) Concurrent reset 2.075ms
[167.486s][info][gc       ] GC(157) Pause Init Mark (unload classes) 0.170ms
[167.487s][info][safepoint] Safepoint "ShenandoahInitMark", Time since last: 788201071 ns, Reaching safepoint: 390484 ns, At safepoint: 578751 ns, Total: 969235 ns
[167.488s][info][gc       ] GC(157) Concurrent marking roots 0.438ms
[167.709s][info][gc       ] GC(157) Concurrent marking (unload classes) 221.162ms
[167.711s][info][gc       ] GC(157) Pause Final Mark (unload classes) 0.561ms
[167.711s][info][safepoint] Safepoint "ShenandoahFinalMarkStartEvac", Time since last: 222987046 ns, Reaching safepoint: 217861 ns, At safepoint: 991069 ns, Total: 1208930 ns
[167.711s][info][gc       ] GC(157) Concurrent weak references 0.176ms
[167.712s][info][gc       ] GC(157) Concurrent weak roots 0.290ms
[167.712s][info][gc       ] GC(157) Concurrent cleanup 4303M->2291M(5120M) 0.196ms
[167.714s][info][gc       ] GC(157) Concurrent class unloading 0.929ms
[167.714s][info][gc       ] GC(157) Pause Final Roots 0.003ms
[167.715s][info][safepoint] Safepoint "ShenandoahFinalRoots", Time since last: 3243288 ns, Reaching safepoint: 168590 ns, At safepoint: 367382 ns, Total: 535972 ns
[168.504s][info][gc       ] Trigger: Average GC time (317.19 ms) is above the time for average allocation rate (2137 MB/s) to deplete free headroom (675M) (margin of error = 1.70)
[168.507s][info][gc       ] GC(158) Concurrent reset 2.156ms
[168.507s][info][gc       ] GC(158) Pause Init Mark (unload classes) 0.115ms
[168.508s][info][safepoint] Safepoint "ShenandoahInitMark", Time since last: 792199093 ns, Reaching safepoint: 231093 ns, At safepoint: 614852 ns, Total: 845945 ns
[168.509s][info][gc       ] GC(158) Concurrent marking roots 0.383ms
[168.784s][info][gc       ] GC(158) Concurrent marking (unload classes) 275.346ms
[168.786s][info][gc       ] GC(158) Pause Final Mark (unload classes) 0.593ms
[168.786s][info][safepoint] Safepoint "ShenandoahFinalMarkStartEvac", Time since last: 277083009 ns, Reaching safepoint: 318241 ns, At safepoint: 1265671 ns, Total: 1583912 ns
[168.787s][info][gc       ] GC(158) Concurrent weak references 0.109ms
[168.788s][info][gc       ] GC(158) Concurrent weak roots 0.491ms
[168.789s][info][gc       ] GC(158) Concurrent cleanup 4361M->2275M(5120M) 0.199ms
[168.790s][info][gc       ] GC(158) Concurrent class unloading 1.018ms
[168.791s][info][gc       ] GC(158) Pause Final Roots 0.020ms
[168.792s][info][safepoint] Safepoint "ShenandoahFinalRoots", Time since last: 4229614 ns, Reaching safepoint: 229605 ns, At safepoint: 583026 ns, Total: 812631 ns
[169.624s][info][gc       ] Trigger: Average GC time (329.65 ms) is above the time for average allocation rate (2024 MB/s) to deplete free headroom (665M) (margin of error = 1.70)
[169.627s][info][gc       ] GC(159) Concurrent reset 2.305ms
[169.627s][info][gc       ] GC(159) Pause Init Mark (unload classes) 0.107ms
[169.627s][info][safepoint] Safepoint "ShenandoahInitMark", Time since last: 835302423 ns, Reaching safepoint: 120244 ns, At safepoint: 422817 ns, Total: 543061 ns
[169.628s][info][gc       ] GC(159) Concurrent marking roots 0.436ms
[169.899s][info][gc       ] GC(159) Concurrent marking (unload classes) 270.458ms
[169.900s][info][gc       ] GC(159) Pause Final Mark (unload classes) 0.488ms
[169.901s][info][safepoint] Safepoint "ShenandoahFinalMarkStartEvac", Time since last: 272285684 ns, Reaching safepoint: 288690 ns, At safepoint: 830662 ns, Total: 1119352 ns
[169.901s][info][gc       ] GC(159) Concurrent weak references 0.068ms
[169.902s][info][gc       ] GC(159) Concurrent weak roots 0.474ms
[169.903s][info][gc       ] GC(159) Concurrent cleanup 4341M->2247M(5120M) 0.211ms
[169.904s][info][gc       ] GC(159) Concurrent class unloading 0.995ms
[169.905s][info][gc       ] GC(159) Pause Final Roots 0.004ms
[169.906s][info][safepoint] Safepoint "ShenandoahFinalRoots", Time since last: 4095223 ns, Reaching safepoint: 377136 ns, At safepoint: 745275 ns, Total: 1122411 ns
[170.753s][info][gc       ] Trigger: Average GC time (321.48 ms) is above the time for average allocation rate (1996 MB/s) to deplete free headroom (639M) (margin of error = 1.70)
[170.756s][info][gc       ] GC(160) Concurrent reset 2.252ms
[170.757s][info][gc       ] GC(160) Pause Init Mark (unload classes) 0.119ms
[170.757s][info][safepoint] Safepoint "ShenandoahInitMark", Time since last: 850093160 ns, Reaching safepoint: 286631 ns, At safepoint: 521990 ns, Total: 808621 ns
[170.758s][info][gc       ] GC(160) Concurrent marking roots 0.368ms
[171.033s][info][gc       ] GC(160) Concurrent marking (unload classes) 274.717ms
[171.034s][info][gc       ] GC(160) Pause Final Mark (unload classes) 0.770ms
[171.035s][info][safepoint] Safepoint "ShenandoahFinalMarkStartEvac", Time since last: 276482893 ns, Reaching safepoint: 244786 ns, At safepoint: 1324024 ns, Total: 1568810 ns
[171.036s][info][gc       ] GC(160) Concurrent weak references 0.176ms
[171.037s][info][gc       ] GC(160) Concurrent weak roots 0.497ms
[171.038s][info][gc       ] GC(160) Concurrent cleanup 4553M->2431M(5120M) 0.207ms
[171.039s][info][gc       ] GC(160) Concurrent class unloading 1.115ms
[171.040s][info][gc       ] GC(160) Pause Final Roots 0.004ms
[171.041s][info][safepoint] Safepoint "ShenandoahFinalRoots", Time since last: 4772144 ns, Reaching safepoint: 284131 ns, At safepoint: 620519 ns, Total: 904650 ns
[171.752s][info][gc       ] Trigger: Average GC time (316.91 ms) is above the time for average allocation rate (2139 MB/s) to deplete free headroom (675M) (margin of error = 1.71)
[171.755s][info][gc       ] GC(161) Concurrent reset 2.185ms
[171.756s][info][gc       ] GC(161) Pause Init Mark (unload classes) 0.115ms
[171.756s][info][safepoint] Safepoint "ShenandoahInitMark", Time since last: 714733115 ns, Reaching safepoint: 229958 ns, At safepoint: 686852 ns, Total: 916810 ns
[171.757s][info][gc       ] GC(161) Concurrent marking roots 0.333ms
[172.037s][info][gc       ] GC(161) Concurrent marking (unload classes) 279.408ms
[172.038s][info][gc       ] GC(161) Pause Final Mark (unload classes) 0.561ms
[172.039s][info][safepoint] Safepoint "ShenandoahFinalMarkStartEvac", Time since last: 281338291 ns, Reaching safepoint: 245161 ns, At safepoint: 1133616 ns, Total: 1378777 ns
[172.040s][info][gc       ] GC(161) Concurrent weak references 0.175ms
[172.041s][info][gc       ] GC(161) Concurrent weak roots 0.473ms
[172.041s][info][gc       ] GC(161) Concurrent cleanup 4371M->2285M(5120M) 0.213ms
[172.043s][info][gc       ] GC(161) Concurrent class unloading 1.136ms
[172.044s][info][gc       ] GC(161) Pause Final Roots 0.004ms
[172.045s][info][safepoint] Safepoint "ShenandoahFinalRoots", Time since last: 4695606 ns, Reaching safepoint: 295594 ns, At safepoint: 675246 ns, Total: 970840 ns
[172.902s][info][gc       ] Trigger: Average GC time (314.24 ms) is above the time for average allocation rate (1973 MB/s) to deplete free headroom (619M) (margin of error = 1.71)
[172.905s][info][gc       ] GC(162) Concurrent reset 2.194ms
[172.906s][info][gc       ] GC(162) Pause Init Mark (unload classes) 0.116ms
[172.906s][info][safepoint] Safepoint "ShenandoahInitMark", Time since last: 860560874 ns, Reaching safepoint: 215452 ns, At safepoint: 709488 ns, Total: 924940 ns
[172.907s][info][gc       ] GC(162) Concurrent marking roots 0.367ms
[173.134s][info][gc       ] GC(162) Concurrent marking (unload classes) 226.394ms
[173.135s][info][gc       ] GC(162) Pause Final Mark (unload classes) 0.549ms
[173.136s][info][safepoint] Safepoint "ShenandoahFinalMarkStartEvac", Time since last: 228153301 ns, Reaching safepoint: 187729 ns, At safepoint: 1082187 ns, Total: 1269916 ns
[173.136s][info][gc       ] GC(162) Concurrent weak references 0.081ms
[173.137s][info][gc       ] GC(162) Concurrent weak roots 0.372ms
[173.138s][info][gc       ] GC(162) Concurrent cleanup 4307M->2163M(5120M) 0.222ms
[173.139s][info][gc       ] GC(162) Concurrent class unloading 0.866ms
[173.140s][info][gc       ] GC(162) Pause Final Roots 0.004ms
[173.140s][info][safepoint] Safepoint "ShenandoahFinalRoots", Time since last: 3727562 ns, Reaching safepoint: 341350 ns, At safepoint: 673862 ns, Total: 1015212 ns
[174.042s][info][gc       ] Trigger: Average GC time (308.39 ms) is above the time for average allocation rate (2030 MB/s) to deplete free headroom (625M) (margin of error = 1.71)
[174.045s][info][gc       ] GC(163) Concurrent reset 2.642ms
[174.046s][info][gc       ] GC(163) Pause Init Mark (unload classes) 0.122ms
[174.047s][info][safepoint] Safepoint "ShenandoahInitMark", Time since last: 905652958 ns, Reaching safepoint: 316877 ns, At safepoint: 582122 ns, Total: 898999 ns
[174.048s][info][gc       ] GC(163) Concurrent marking roots 0.425ms
[174.296s][info][gc       ] GC(163) Concurrent marking (unload classes) 248.041ms
[174.298s][info][gc       ] GC(163) Pause Final Mark (unload classes) 0.497ms
[174.298s][info][safepoint] Safepoint "ShenandoahFinalMarkStartEvac", Time since last: 250085884 ns, Reaching safepoint: 209521 ns, At safepoint: 954816 ns, Total: 1164337 ns
[174.299s][info][gc       ] GC(163) Concurrent weak references 0.058ms
[174.299s][info][gc       ] GC(163) Concurrent weak roots 0.542ms
[174.300s][info][gc       ] GC(163) Concurrent cleanup 4407M->2273M(5120M) 0.209ms
[174.301s][info][gc       ] GC(163) Concurrent class unloading 0.882ms
[174.302s][info][gc       ] GC(163) Pause Final Roots 0.002ms
[174.302s][info][safepoint] Safepoint "ShenandoahFinalRoots", Time since last: 3568716 ns, Reaching safepoint: 163561 ns, At safepoint: 376659 ns, Total: 540220 ns
[175.190s][info][gc       ] Trigger: Average GC time (293.72 ms) is above the time for average allocation rate (1992 MB/s) to deplete free headroom (581M) (margin of error = 1.71)
[175.193s][info][gc       ] GC(164) Concurrent reset 2.188ms
[175.194s][info][gc       ] GC(164) Pause Init Mark (unload classes) 0.104ms
[175.194s][info][safepoint] Safepoint "ShenandoahInitMark", Time since last: 891511942 ns, Reaching safepoint: 131613 ns, At safepoint: 510371 ns, Total: 641984 ns
[175.195s][info][gc       ] GC(164) Concurrent marking roots 0.376ms
[175.464s][info][gc       ] GC(164) Concurrent marking (unload classes) 268.158ms
[175.465s][info][gc       ] GC(164) Pause Final Mark (unload classes) 0.583ms
[175.466s][info][safepoint] Safepoint "ShenandoahFinalMarkStartEvac", Time since last: 269832672 ns, Reaching safepoint: 235620 ns, At safepoint: 1109156 ns, Total: 1344776 ns
[175.466s][info][gc       ] GC(164) Concurrent weak references 0.157ms
[175.467s][info][gc       ] GC(164) Concurrent weak roots 0.505ms
[175.468s][info][gc       ] GC(164) Concurrent cleanup 4577M->2399M(5120M) 0.200ms
[175.469s][info][gc       ] GC(164) Concurrent class unloading 0.832ms
[175.470s][info][gc       ] GC(164) Pause Final Roots 0.004ms
[175.470s][info][safepoint] Safepoint "ShenandoahFinalRoots", Time since last: 3831028 ns, Reaching safepoint: 246612 ns, At safepoint: 557752 ns, Total: 804364 ns
[176.288s][info][gc       ] Trigger: Average GC time (298.64 ms) is above the time for average allocation rate (1951 MB/s) to deplete free headroom (581M) (margin of error = 1.72)
[176.291s][info][gc       ] GC(165) Concurrent reset 2.674ms
[176.292s][info][gc       ] GC(165) Pause Init Mark (unload classes) 0.127ms
[176.292s][info][safepoint] Safepoint "ShenandoahInitMark", Time since last: 821027395 ns, Reaching safepoint: 237566 ns, At safepoint: 560257 ns, Total: 797823 ns
[176.293s][info][gc       ] GC(165) Concurrent marking roots 0.378ms
[176.501s][info][gc       ] GC(165) Concurrent marking (unload classes) 208.046ms
[176.503s][info][gc       ] GC(165) Pause Final Mark (unload classes) 0.664ms
[176.504s][info][safepoint] Safepoint "ShenandoahFinalMarkStartEvac", Time since last: 209955214 ns, Reaching safepoint: 354068 ns, At safepoint: 1200988 ns, Total: 1555056 ns
[176.504s][info][gc       ] GC(165) Concurrent weak references 0.168ms
[176.505s][info][gc       ] GC(165) Concurrent weak roots 0.453ms
[176.506s][info][gc       ] GC(165) Concurrent cleanup 4431M->2253M(5120M) 0.197ms
[176.507s][info][gc       ] GC(165) Concurrent class unloading 0.833ms
[176.508s][info][gc       ] GC(165) Pause Final Roots 0.004ms
[176.508s][info][safepoint] Safepoint "ShenandoahFinalRoots", Time since last: 3755458 ns, Reaching safepoint: 266040 ns, At safepoint: 464587 ns, Total: 730627 ns
[177.382s][info][gc       ] Trigger: Average GC time (293.08 ms) is above the time for average allocation rate (2036 MB/s) to deplete free headroom (595M) (margin of error = 1.72)
[177.385s][info][gc       ] GC(166) Concurrent reset 2.312ms
[177.385s][info][gc       ] GC(166) Pause Init Mark (unload classes) 0.113ms
[177.386s][info][safepoint] Safepoint "ShenandoahInitMark", Time since last: 877063967 ns, Reaching safepoint: 208916 ns, At safepoint: 696154 ns, Total: 905070 ns
[177.387s][info][gc       ] GC(166) Concurrent marking roots 0.336ms
[177.637s][info][gc       ] GC(166) Concurrent marking (unload classes) 249.624ms
[177.639s][info][gc       ] GC(166) Pause Final Mark (unload classes) 0.595ms
[177.639s][info][safepoint] Safepoint "ShenandoahFinalMarkStartEvac", Time since last: 251747619 ns, Reaching safepoint: 331308 ns, At safepoint: 1227957 ns, Total: 1559265 ns
[177.640s][info][gc       ] GC(166) Concurrent weak references 0.202ms
[177.641s][info][gc       ] GC(166) Concurrent weak roots 0.434ms
[177.642s][info][gc       ] GC(166) Concurrent cleanup 4351M->2187M(5120M) 0.246ms
[177.643s][info][gc       ] GC(166) Concurrent class unloading 0.966ms
[177.644s][info][gc       ] GC(166) Pause Final Roots 0.004ms
[177.644s][info][safepoint] Safepoint "ShenandoahFinalRoots", Time since last: 4281461 ns, Reaching safepoint: 251664 ns, At safepoint: 576779 ns, Total: 828443 ns
[178.533s][info][gc       ] Trigger: Average GC time (290.72 ms) is above the time for average allocation rate (2060 MB/s) to deplete free headroom (597M) (margin of error = 1.71)
[178.536s][info][gc       ] GC(167) Concurrent reset 2.211ms
[178.536s][info][gc       ] GC(167) Pause Init Mark (unload classes) 0.128ms
[178.537s][info][safepoint] Safepoint "ShenandoahInitMark", Time since last: 891661163 ns, Reaching safepoint: 243852 ns, At safepoint: 748982 ns, Total: 992834 ns
[178.538s][info][gc       ] GC(167) Concurrent marking roots 0.360ms
[178.800s][info][gc       ] GC(167) Concurrent marking (unload classes) 261.935ms
[178.801s][info][gc       ] GC(167) Pause Final Mark (unload classes) 0.635ms
[178.802s][info][safepoint] Safepoint "ShenandoahFinalMarkStartEvac", Time since last: 263657882 ns, Reaching safepoint: 135582 ns, At safepoint: 1149793 ns, Total: 1285375 ns
[178.803s][info][gc       ] GC(167) Concurrent weak references 0.068ms
[178.803s][info][gc       ] GC(167) Concurrent weak roots 0.360ms
[178.803s][info][gc       ] GC(167) Concurrent cleanup 4399M->2239M(5120M) 0.193ms
[178.805s][info][gc       ] GC(167) Concurrent class unloading 0.885ms
[178.805s][info][gc       ] GC(167) Pause Final Roots 0.003ms
[178.805s][info][safepoint] Safepoint "ShenandoahFinalRoots", Time since last: 2900060 ns, Reaching safepoint: 161559 ns, At safepoint: 370878 ns, Total: 532437 ns
[179.632s][info][gc       ] Trigger: Average GC time (293.38 ms) is above the time for average allocation rate (2142 MB/s) to deplete free headroom (627M) (margin of error = 1.71)
[179.635s][info][gc       ] GC(168) Concurrent reset 2.613ms
[179.636s][info][gc       ] GC(168) Pause Init Mark (unload classes) 0.120ms
[179.637s][info][safepoint] Safepoint "ShenandoahInitMark", Time since last: 830471519 ns, Reaching safepoint: 311357 ns, At safepoint: 608682 ns, Total: 920039 ns
[179.638s][info][gc       ] GC(168) Concurrent marking roots 0.464ms
[179.928s][info][gc       ] GC(168) Concurrent marking (unload classes) 289.975ms
[179.929s][info][gc       ] GC(168) Pause Final Mark (unload classes) 0.532ms
[179.930s][info][safepoint] Safepoint "ShenandoahFinalMarkStartEvac", Time since last: 291821383 ns, Reaching safepoint: 264414 ns, At safepoint: 1047031 ns, Total: 1311445 ns
[179.931s][info][gc       ] GC(168) Concurrent weak references 0.062ms
[179.931s][info][gc       ] GC(168) Concurrent weak roots 0.354ms
[179.932s][info][gc       ] GC(168) Concurrent cleanup 4361M->2227M(5120M) 0.240ms
[179.933s][info][gc       ] GC(168) Concurrent class unloading 0.941ms
[179.934s][info][gc       ] GC(168) Pause Final Roots 0.003ms
[179.934s][info][safepoint] Safepoint "ShenandoahFinalRoots", Time since last: 3524833 ns, Reaching safepoint: 175579 ns, At safepoint: 435428 ns, Total: 611007 ns
[180.439s][info][gc       ] Trigger: Average GC time (321.96 ms) is above the time for average allocation rate (4243 MB/s) to deplete free headroom (905M) (margin of error = 1.71)
[180.443s][info][gc       ] GC(169) Concurrent reset 3.097ms
[180.444s][info][gc       ] GC(169) Pause Init Mark (unload classes) 0.175ms
[180.444s][info][safepoint] Safepoint "ShenandoahInitMark", Time since last: 509479748 ns, Reaching safepoint: 213889 ns, At safepoint: 535190 ns, Total: 749079 ns
[180.445s][info][gc       ] GC(169) Concurrent marking roots 0.418ms
[180.534s][info][gc       ] GC(169) Concurrent marking (unload classes) 88.671ms
[180.536s][info][gc       ] GC(169) Pause Final Mark (unload classes) 0.703ms
[180.536s][info][safepoint] Safepoint "ShenandoahFinalMarkStartEvac", Time since last: 90386804 ns, Reaching safepoint: 494357 ns, At safepoint: 1083596 ns, Total: 1577953 ns
[180.537s][info][gc       ] GC(169) Concurrent weak references 0.064ms
[180.538s][info][gc       ] GC(169) Concurrent weak roots 0.532ms
[180.538s][info][gc       ] GC(169) Concurrent cleanup 4071M->1019M(5120M) 0.221ms
[180.540s][info][gc       ] GC(169) Concurrent class unloading 0.904ms
[180.540s][info][gc       ] GC(169) Pause Final Roots 0.003ms
[180.541s][info][safepoint] Safepoint "ShenandoahFinalRoots", Time since last: 3741510 ns, Reaching safepoint: 242891 ns, At safepoint: 360122 ns, Total: 603013 ns
[181.735s][info][gc       ] Trigger: Average GC time (346.48 ms) is above the time for average allocation rate (2116 MB/s) to deplete free headroom (731M) (margin of error = 1.68)
[181.737s][info][gc       ] GC(170) Concurrent reset 0.964ms
[181.738s][info][gc       ] GC(170) Pause Init Mark (unload classes) 0.128ms
[181.739s][info][safepoint] Safepoint "ShenandoahInitMark", Time since last: 1197075298 ns, Reaching safepoint: 285446 ns, At safepoint: 747383 ns, Total: 1032829 ns
[181.739s][info][gc       ] GC(170) Concurrent marking roots 0.322ms
[181.979s][info][gc       ] GC(170) Concurrent marking (unload classes) 239.465ms
[181.981s][info][gc       ] GC(170) Pause Final Mark (unload classes) 0.644ms
[181.981s][info][safepoint] Safepoint "ShenandoahFinalMarkStartEvac", Time since last: 241073331 ns, Reaching safepoint: 326066 ns, At safepoint: 1254306 ns, Total: 1580372 ns
[181.982s][info][gc       ] GC(170) Concurrent weak references 0.067ms
[181.983s][info][gc       ] GC(170) Concurrent weak roots 0.444ms
[181.984s][info][gc       ] GC(170) Concurrent cleanup 4285M->2261M(5120M) 0.196ms
[181.985s][info][gc       ] GC(170) Concurrent class unloading 1.147ms
[181.986s][info][gc       ] GC(170) Pause Final Roots 0.004ms
[181.986s][info][safepoint] Safepoint "ShenandoahFinalRoots", Time since last: 4064185 ns, Reaching safepoint: 305342 ns, At safepoint: 530152 ns, Total: 835494 ns
[182.769s][info][gc       ] Trigger: Average GC time (341.17 ms) is above the time for average allocation rate (2134 MB/s) to deplete free headroom (727M) (margin of error = 1.68)
[182.772s][info][gc       ] GC(171) Concurrent reset 2.296ms
[182.772s][info][gc       ] GC(171) Pause Init Mark (unload classes) 0.111ms
[182.773s][info][safepoint] Safepoint "ShenandoahInitMark", Time since last: 785795258 ns, Reaching safepoint: 148560 ns, At safepoint: 711854 ns, Total: 860414 ns
[182.774s][info][gc       ] GC(171) Concurrent marking roots 0.446ms
[183.010s][info][gc       ] GC(171) Concurrent marking (unload classes) 235.374ms
[183.011s][info][gc       ] GC(171) Pause Final Mark (unload classes) 0.874ms
[183.012s][info][safepoint] Safepoint "ShenandoahFinalMarkStartEvac", Time since last: 237293571 ns, Reaching safepoint: 325241 ns, At safepoint: 1771882 ns, Total: 2097123 ns
[183.013s][info][gc       ] GC(171) Concurrent weak references 0.201ms
[183.014s][info][gc       ] GC(171) Concurrent weak roots 0.497ms
[183.015s][info][gc       ] GC(171) Concurrent cleanup 4273M->2241M(5120M) 0.194ms
[183.016s][info][gc       ] GC(171) Concurrent class unloading 0.980ms
[183.017s][info][gc       ] GC(171) Pause Final Roots 0.005ms
[183.017s][info][safepoint] Safepoint "ShenandoahFinalRoots", Time since last: 4197088 ns, Reaching safepoint: 318744 ns, At safepoint: 486616 ns, Total: 805360 ns
[183.895s][info][gc       ] Trigger: Average GC time (322.44 ms) is above the time for average allocation rate (1984 MB/s) to deplete free headroom (639M) (margin of error = 1.68)
[183.898s][info][gc       ] GC(172) Concurrent reset 2.374ms
[183.899s][info][gc       ] GC(172) Pause Init Mark (unload classes) 0.110ms
[183.899s][info][safepoint] Safepoint "ShenandoahInitMark", Time since last: 881194984 ns, Reaching safepoint: 121470 ns, At safepoint: 570522 ns, Total: 691992 ns
[183.900s][info][gc       ] GC(172) Concurrent marking roots 0.449ms
[184.123s][info][gc       ] GC(172) Concurrent marking (unload classes) 222.167ms
[184.124s][info][gc       ] GC(172) Pause Final Mark (unload classes) 0.597ms
[184.125s][info][safepoint] Safepoint "ShenandoahFinalMarkStartEvac", Time since last: 224136850 ns, Reaching safepoint: 327329 ns, At safepoint: 1151668 ns, Total: 1478997 ns
[184.125s][info][gc       ] GC(172) Concurrent weak references 0.110ms
[184.126s][info][gc       ] GC(172) Concurrent weak roots 0.464ms
[184.127s][info][gc       ] GC(172) Concurrent cleanup 4367M->2247M(5120M) 0.219ms
[184.129s][info][gc       ] GC(172) Concurrent class unloading 0.952ms
[184.129s][info][gc       ] GC(172) Pause Final Roots 0.004ms
[184.130s][info][safepoint] Safepoint "ShenandoahFinalRoots", Time since last: 4358255 ns, Reaching safepoint: 252234 ns, At safepoint: 650423 ns, Total: 902657 ns
[184.972s][info][gc       ] Trigger: Average GC time (296.85 ms) is above the time for average allocation rate (2101 MB/s) to deplete free headroom (623M) (margin of error = 1.68)
[184.975s][info][gc       ] GC(173) Concurrent reset 2.485ms
[184.976s][info][gc       ] GC(173) Pause Init Mark (unload classes) 0.109ms
[184.976s][info][safepoint] Safepoint "ShenandoahInitMark", Time since last: 845280255 ns, Reaching safepoint: 153934 ns, At safepoint: 340651 ns, Total: 494585 ns
[184.977s][info][gc       ] GC(173) Concurrent marking roots 0.350ms
[185.240s][info][gc       ] GC(173) Concurrent marking (unload classes) 263.523ms
[185.242s][info][gc       ] GC(173) Pause Final Mark (unload classes) 0.769ms
[185.242s][info][safepoint] Safepoint "ShenandoahFinalMarkStartEvac", Time since last: 265125934 ns, Reaching safepoint: 223990 ns, At safepoint: 1266025 ns, Total: 1490015 ns
[185.243s][info][gc       ] GC(173) Concurrent weak references 0.064ms
[185.244s][info][gc       ] GC(173) Concurrent weak roots 0.488ms
[185.244s][info][gc       ] GC(173) Concurrent cleanup 4375M->2241M(5120M) 0.192ms
[185.246s][info][gc       ] GC(173) Concurrent class unloading 0.772ms
[185.246s][info][gc       ] GC(173) Pause Final Roots 0.005ms
[185.247s][info][safepoint] Safepoint "ShenandoahFinalRoots", Time since last: 3547306 ns, Reaching safepoint: 196463 ns, At safepoint: 436905 ns, Total: 633368 ns
[186.121s][info][gc       ] Trigger: Average GC time (309.78 ms) is above the time for average allocation rate (1990 MB/s) to deplete free headroom (615M) (margin of error = 1.68)
[186.124s][info][gc       ] GC(174) Concurrent reset 2.237ms
[186.125s][info][gc       ] GC(174) Pause Init Mark (unload classes) 0.104ms
[186.125s][info][safepoint] Safepoint "ShenandoahInitMark", Time since last: 877526118 ns, Reaching safepoint: 281983 ns, At safepoint: 536309 ns, Total: 818292 ns
[186.126s][info][gc       ] GC(174) Concurrent marking roots 0.349ms
[186.360s][info][gc       ] GC(174) Concurrent marking (unload classes) 233.609ms
[186.362s][info][gc       ] GC(174) Pause Final Mark (unload classes) 1.504ms
[186.363s][info][safepoint] Safepoint "ShenandoahFinalMarkStartEvac", Time since last: 235228388 ns, Reaching safepoint: 339318 ns, At safepoint: 2073827 ns, Total: 2413145 ns
[186.363s][info][gc       ] GC(174) Concurrent weak references 0.079ms
[186.364s][info][gc       ] GC(174) Concurrent weak roots 0.393ms
[186.364s][info][gc       ] GC(174) Concurrent cleanup 4411M->2267M(5120M) 0.190ms
[186.365s][info][gc       ] GC(174) Concurrent class unloading 0.833ms
[186.366s][info][gc       ] GC(174) Pause Final Roots 0.004ms
[186.366s][info][safepoint] Safepoint "ShenandoahFinalRoots", Time since last: 2921788 ns, Reaching safepoint: 209878 ns, At safepoint: 362540 ns, Total: 572418 ns
[187.228s][info][gc       ] Trigger: Average GC time (289.68 ms) is above the time for average allocation rate (2074 MB/s) to deplete free headroom (599M) (margin of error = 1.68)
[187.231s][info][gc       ] GC(175) Concurrent reset 2.281ms
[187.232s][info][gc       ] GC(175) Pause Init Mark (unload classes) 0.128ms
[187.232s][info][safepoint] Safepoint "ShenandoahInitMark", Time since last: 865333114 ns, Reaching safepoint: 61687 ns, At safepoint: 578036 ns, Total: 639723 ns
[187.233s][info][gc       ] GC(175) Concurrent marking roots 0.328ms
[187.441s][info][gc       ] GC(175) Concurrent marking (unload classes) 207.569ms
[187.443s][info][gc       ] GC(175) Pause Final Mark (unload classes) 0.666ms
[187.443s][info][safepoint] Safepoint "ShenandoahFinalMarkStartEvac", Time since last: 209659617 ns, Reaching safepoint: 283103 ns, At safepoint: 1231021 ns, Total: 1514124 ns
[187.444s][info][gc       ] GC(175) Concurrent weak references 0.218ms
[187.445s][info][gc       ] GC(175) Concurrent weak roots 0.488ms
[187.446s][info][gc       ] GC(175) Concurrent cleanup 4449M->2291M(5120M) 0.210ms
[187.447s][info][gc       ] GC(175) Concurrent class unloading 0.932ms
[187.448s][info][gc       ] GC(175) Pause Final Roots 0.004ms
[187.449s][info][safepoint] Safepoint "ShenandoahFinalRoots", Time since last: 4645446 ns, Reaching safepoint: 357423 ns, At safepoint: 585956 ns, Total: 943379 ns
[188.285s][info][gc       ] Trigger: Average GC time (272.59 ms) is above the time for average allocation rate (2146 MB/s) to deplete free headroom (581M) (margin of error = 1.68)
[188.288s][info][gc       ] GC(176) Concurrent reset 2.475ms
[188.289s][info][gc       ] GC(176) Pause Init Mark (unload classes) 0.116ms
[188.289s][info][safepoint] Safepoint "ShenandoahInitMark", Time since last: 839327517 ns, Reaching safepoint: 276789 ns, At safepoint: 447270 ns, Total: 724059 ns
[188.290s][info][gc       ] GC(176) Concurrent marking roots 0.395ms
[188.529s][info][gc       ] GC(176) Concurrent marking (unload classes) 239.435ms
[188.531s][info][gc       ] GC(176) Pause Final Mark (unload classes) 0.592ms
[188.531s][info][safepoint] Safepoint "ShenandoahFinalMarkStartEvac", Time since last: 240853757 ns, Reaching safepoint: 300115 ns, At safepoint: 1082518 ns, Total: 1382633 ns
[188.532s][info][gc       ] GC(176) Concurrent weak references 0.126ms
[188.533s][info][gc       ] GC(176) Concurrent weak roots 0.371ms
[188.533s][info][gc       ] GC(176) Concurrent cleanup 4373M->2195M(5120M) 0.236ms
[188.535s][info][gc       ] GC(176) Concurrent class unloading 0.925ms
[188.535s][info][gc       ] GC(176) Pause Final Roots 0.004ms
[188.536s][info][safepoint] Safepoint "ShenandoahFinalRoots", Time since last: 3831730 ns, Reaching safepoint: 306709 ns, At safepoint: 490610 ns, Total: 797319 ns
[189.476s][info][gc       ] Trigger: Average GC time (272.63 ms) is above the time for average allocation rate (2095 MB/s) to deplete free headroom (569M) (margin of error = 1.68)
[189.479s][info][gc       ] GC(177) Concurrent reset 2.190ms
[189.480s][info][gc       ] GC(177) Pause Init Mark (unload classes) 0.114ms
[189.480s][info][safepoint] Safepoint "ShenandoahInitMark", Time since last: 943633558 ns, Reaching safepoint: 295334 ns, At safepoint: 515389 ns, Total: 810723 ns
[189.481s][info][gc       ] GC(177) Concurrent marking roots 0.364ms
[189.720s][info][gc       ] GC(177) Concurrent marking (unload classes) 238.929ms
[189.722s][info][gc       ] GC(177) Pause Final Mark (unload classes) 0.780ms
[189.722s][info][safepoint] Safepoint "ShenandoahFinalMarkStartEvac", Time since last: 240485460 ns, Reaching safepoint: 290172 ns, At safepoint: 1334901 ns, Total: 1625073 ns
[189.723s][info][gc       ] GC(177) Concurrent weak references 0.100ms
[189.724s][info][gc       ] GC(177) Concurrent weak roots 0.443ms
[189.724s][info][gc       ] GC(177) Concurrent cleanup 4469M->2279M(5120M) 0.205ms
[189.726s][info][gc       ] GC(177) Concurrent class unloading 0.929ms
[189.726s][info][gc       ] GC(177) Pause Final Roots 0.004ms
[189.727s][info][safepoint] Safepoint "ShenandoahFinalRoots", Time since last: 3636797 ns, Reaching safepoint: 251043 ns, At safepoint: 421232 ns, Total: 672275 ns
[190.580s][info][gc       ] Trigger: Average GC time (268.43 ms) is above the time for average allocation rate (2125 MB/s) to deplete free headroom (569M) (margin of error = 1.68)
[190.584s][info][gc       ] GC(178) Concurrent reset 2.586ms
[190.584s][info][gc       ] GC(178) Pause Init Mark (unload classes) 0.109ms
[190.585s][info][safepoint] Safepoint "ShenandoahInitMark", Time since last: 857324237 ns, Reaching safepoint: 126834 ns, At safepoint: 411843 ns, Total: 538677 ns
[190.585s][info][gc       ] GC(178) Concurrent marking roots 0.360ms
[190.820s][info][gc       ] GC(178) Concurrent marking (unload classes) 234.165ms
[190.822s][info][gc       ] GC(178) Pause Final Mark (unload classes) 0.978ms
[190.822s][info][safepoint] Safepoint "ShenandoahFinalMarkStartEvac", Time since last: 235732507 ns, Reaching safepoint: 332713 ns, At safepoint: 1491202 ns, Total: 1823915 ns
[190.823s][info][gc       ] GC(178) Concurrent weak references 0.210ms
[190.824s][info][gc       ] GC(178) Concurrent weak roots 0.560ms
[190.825s][info][gc       ] GC(178) Concurrent cleanup 4343M->2153M(5120M) 0.192ms
[190.827s][info][gc       ] GC(178) Concurrent class unloading 1.183ms
[190.827s][info][gc       ] GC(178) Pause Final Roots 0.004ms
[190.828s][info][safepoint] Safepoint "ShenandoahFinalRoots", Time since last: 5049413 ns, Reaching safepoint: 292940 ns, At safepoint: 657314 ns, Total: 950254 ns
[191.768s][info][gc       ] Trigger: Average GC time (262.63 ms) is above the time for average allocation rate (2090 MB/s) to deplete free headroom (547M) (margin of error = 1.68)
[191.770s][info][gc       ] GC(179) Concurrent reset 2.409ms
[191.771s][info][gc       ] GC(179) Pause Init Mark (unload classes) 0.156ms
[191.772s][info][safepoint] Safepoint "ShenandoahInitMark", Time since last: 942805897 ns, Reaching safepoint: 202842 ns, At safepoint: 574242 ns, Total: 777084 ns
[191.773s][info][gc       ] GC(179) Concurrent marking roots 0.401ms
[192.029s][info][gc       ] GC(179) Concurrent marking (unload classes) 255.784ms
[192.030s][info][gc       ] GC(179) Pause Final Mark (unload classes) 0.655ms
[192.031s][info][safepoint] Safepoint "ShenandoahFinalMarkStartEvac", Time since last: 257507149 ns, Reaching safepoint: 335885 ns, At safepoint: 1183010 ns, Total: 1518895 ns
[192.031s][info][gc       ] GC(179) Concurrent weak references 0.085ms
[192.032s][info][gc       ] GC(179) Concurrent weak roots 0.378ms
[192.032s][info][gc       ] GC(179) Concurrent cleanup 4459M->2251M(5120M) 0.233ms
[192.034s][info][gc       ] GC(179) Concurrent class unloading 0.993ms
[192.035s][info][gc       ] GC(179) Pause Final Roots 0.004ms
[192.035s][info][safepoint] Safepoint "ShenandoahFinalRoots", Time since last: 3565576 ns, Reaching safepoint: 258910 ns, At safepoint: 539752 ns, Total: 798662 ns
[192.887s][info][gc       ] Trigger: Average GC time (277.76 ms) is above the time for average allocation rate (2161 MB/s) to deplete free headroom (599M) (margin of error = 1.68)
[192.890s][info][gc       ] GC(180) Concurrent reset 2.162ms
[192.891s][info][gc       ] GC(180) Pause Init Mark (unload classes) 0.117ms
[192.891s][info][safepoint] Safepoint "ShenandoahInitMark", Time since last: 855434582 ns, Reaching safepoint: 221405 ns, At safepoint: 680664 ns, Total: 902069 ns
[192.892s][info][gc       ] GC(180) Concurrent marking roots 0.490ms
[193.128s][info][gc       ] GC(180) Concurrent marking (unload classes) 236.096ms
[193.130s][info][gc       ] GC(180) Pause Final Mark (unload classes) 0.840ms
[193.130s][info][safepoint] Safepoint "ShenandoahFinalMarkStartEvac", Time since last: 237398792 ns, Reaching safepoint: 243353 ns, At safepoint: 1249590 ns, Total: 1492943 ns
[193.131s][info][gc       ] GC(180) Concurrent weak references 0.113ms
[193.132s][info][gc       ] GC(180) Concurrent weak roots 0.483ms
[193.132s][info][gc       ] GC(180) Concurrent cleanup 4359M->2199M(5120M) 0.280ms
[193.133s][info][gc       ] GC(180) Concurrent class unloading 0.962ms
[193.134s][info][gc       ] GC(180) Pause Final Roots 0.004ms
[193.135s][info][safepoint] Safepoint "ShenandoahFinalRoots", Time since last: 3520302 ns, Reaching safepoint: 201868 ns, At safepoint: 520115 ns, Total: 721983 ns
[194.046s][info][gc       ] Trigger: Average GC time (268.98 ms) is above the time for average allocation rate (2088 MB/s) to deplete free headroom (561M) (margin of error = 1.67)
[194.049s][info][gc       ] GC(181) Concurrent reset 2.290ms
[194.050s][info][gc       ] GC(181) Pause Init Mark (unload classes) 0.110ms
[194.050s][info][safepoint] Safepoint "ShenandoahInitMark", Time since last: 914752696 ns, Reaching safepoint: 132349 ns, At safepoint: 367659 ns, Total: 500008 ns
[194.051s][info][gc       ] GC(181) Concurrent marking roots 0.375ms
[194.291s][info][gc       ] GC(181) Concurrent marking (unload classes) 239.991ms
[194.293s][info][gc       ] GC(181) Pause Final Mark (unload classes) 0.508ms
[194.293s][info][safepoint] Safepoint "ShenandoahFinalMarkStartEvac", Time since last: 241900207 ns, Reaching safepoint: 330756 ns, At safepoint: 927423 ns, Total: 1258179 ns
[194.294s][info][gc       ] GC(181) Concurrent weak references 0.163ms
[194.295s][info][gc       ] GC(181) Concurrent weak roots 0.466ms
[194.295s][info][gc       ] GC(181) Concurrent cleanup 4515M->2317M(5120M) 0.198ms
[194.297s][info][gc       ] GC(181) Concurrent class unloading 1.119ms
[194.298s][info][gc       ] GC(181) Pause Final Roots 0.004ms
[194.298s][info][safepoint] Safepoint "ShenandoahFinalRoots", Time since last: 4508129 ns, Reaching safepoint: 287488 ns, At safepoint: 491657 ns, Total: 779145 ns
[195.180s][info][gc       ] Trigger: Average GC time (264.26 ms) is above the time for average allocation rate (2023 MB/s) to deplete free headroom (533M) (margin of error = 1.68)
[195.182s][info][gc       ] GC(182) Concurrent reset 2.190ms
[195.183s][info][gc       ] GC(182) Pause Init Mark (unload classes) 0.127ms
[195.183s][info][safepoint] Safepoint "ShenandoahInitMark", Time since last: 884582447 ns, Reaching safepoint: 216118 ns, At safepoint: 343732 ns, Total: 559850 ns
[195.184s][info][gc       ] GC(182) Concurrent marking roots 0.311ms
[195.452s][info][gc       ] GC(182) Concurrent marking (unload classes) 267.376ms
[195.453s][info][gc       ] GC(182) Pause Final Mark (unload classes) 0.655ms
[195.454s][info][safepoint] Safepoint "ShenandoahFinalMarkStartEvac", Time since last: 269088592 ns, Reaching safepoint: 330564 ns, At safepoint: 1149590 ns, Total: 1480154 ns
[195.455s][info][gc       ] GC(182) Concurrent weak references 0.173ms
[195.455s][info][gc       ] GC(182) Concurrent weak roots 0.465ms
[195.456s][info][gc       ] GC(182) Concurrent cleanup 4429M->2205M(5120M) 0.197ms
[195.457s][info][gc       ] GC(182) Concurrent class unloading 0.985ms
[195.458s][info][gc       ] GC(182) Pause Final Roots 0.004ms
[195.459s][info][safepoint] Safepoint "ShenandoahFinalRoots", Time since last: 3922985 ns, Reaching safepoint: 326346 ns, At safepoint: 581533 ns, Total: 907879 ns
[196.334s][info][gc       ] Trigger: Average GC time (289.38 ms) is above the time for average allocation rate (2061 MB/s) to deplete free headroom (593M) (margin of error = 1.67)
[196.337s][info][gc       ] GC(183) Concurrent reset 2.460ms
[196.337s][info][gc       ] GC(183) Pause Init Mark (unload classes) 0.116ms
[196.338s][info][safepoint] Safepoint "ShenandoahInitMark", Time since last: 878377431 ns, Reaching safepoint: 150199 ns, At safepoint: 420954 ns, Total: 571153 ns
[196.339s][info][gc       ] GC(183) Concurrent marking roots 0.507ms
[196.596s][info][gc       ] GC(183) Concurrent marking (unload classes) 257.024ms
[196.598s][info][gc       ] GC(183) Pause Final Mark (unload classes) 0.557ms
[196.598s][info][safepoint] Safepoint "ShenandoahFinalMarkStartEvac", Time since last: 258985252 ns, Reaching safepoint: 320133 ns, At safepoint: 1007215 ns, Total: 1327348 ns
[196.599s][info][gc       ] GC(183) Concurrent weak references 0.076ms
[196.600s][info][gc       ] GC(183) Concurrent weak roots 0.627ms
[196.600s][info][gc       ] GC(183) Concurrent cleanup 4543M->2381M(5120M) 0.206ms
[196.602s][info][gc       ] GC(183) Concurrent class unloading 1.175ms
[196.603s][info][gc       ] GC(183) Pause Final Roots 0.004ms
[196.604s][info][safepoint] Safepoint "ShenandoahFinalRoots", Time since last: 4544303 ns, Reaching safepoint: 303275 ns, At safepoint: 655715 ns, Total: 958990 ns
[196.906s][info][gc       ] Trigger: Average GC time (285.16 ms) is above the time for average allocation rate (4739 MB/s) to deplete free headroom (975M) (margin of error = 1.69)
[196.910s][info][gc       ] GC(184) Concurrent reset 2.743ms
[196.911s][info][gc       ] GC(184) Pause Init Mark (unload classes) 0.108ms
[196.911s][info][safepoint] Safepoint "ShenandoahInitMark", Time since last: 306682897 ns, Reaching safepoint: 245535 ns, At safepoint: 626046 ns, Total: 871581 ns
[196.912s][info][gc       ] GC(184) Concurrent marking roots 0.473ms
[197.026s][info][gc       ] GC(184) Concurrent marking (unload classes) 113.053ms
[197.028s][info][gc       ] GC(184) Pause Final Mark (unload classes) 0.998ms
[197.028s][info][safepoint] Safepoint "ShenandoahFinalMarkStartEvac", Time since last: 115282889 ns, Reaching safepoint: 569037 ns, At safepoint: 1510681 ns, Total: 2079718 ns
[197.029s][info][gc       ] GC(184) Concurrent weak references 0.104ms
[197.030s][info][gc       ] GC(184) Concurrent weak roots 0.829ms
[197.031s][info][gc       ] GC(184) Concurrent cleanup 4140M->1411M(5120M) 0.270ms
[197.032s][info][gc       ] GC(184) Concurrent class unloading 1.194ms
[197.033s][info][gc       ] GC(184) Pause Final Roots 0.004ms
[197.033s][info][safepoint] Safepoint "ShenandoahFinalRoots", Time since last: 4098687 ns, Reaching safepoint: 270173 ns, At safepoint: 597879 ns, Total: 868052 ns
[198.235s][info][gc       ] Trigger: Average GC time (315.27 ms) is above the time for average allocation rate (2046 MB/s) to deplete free headroom (643M) (margin of error = 1.67)
[198.237s][info][gc       ] GC(185) Concurrent reset 1.231ms
[198.238s][info][gc       ] GC(185) Pause Init Mark (unload classes) 0.159ms
[198.239s][info][safepoint] Safepoint "ShenandoahInitMark", Time since last: 1204262043 ns, Reaching safepoint: 274037 ns, At safepoint: 718192 ns, Total: 992229 ns
[198.239s][info][gc       ] GC(185) Concurrent marking roots 0.380ms
[198.480s][info][gc       ] GC(185) Concurrent marking (unload classes) 240.454ms
[198.482s][info][gc       ] GC(185) Pause Final Mark (unload classes) 0.563ms
[198.482s][info][safepoint] Safepoint "ShenandoahFinalMarkStartEvac", Time since last: 241968074 ns, Reaching safepoint: 329045 ns, At safepoint: 1216027 ns, Total: 1545072 ns
[198.483s][info][gc       ] GC(185) Concurrent weak references 0.076ms
[198.483s][info][gc       ] GC(185) Concurrent weak roots 0.397ms
[198.484s][info][gc       ] GC(185) Concurrent cleanup 4328M->2211M(5120M) 0.222ms
[198.485s][info][gc       ] GC(185) Concurrent class unloading 0.847ms
[198.486s][info][gc       ] GC(185) Pause Final Roots 0.004ms
[198.486s][info][safepoint] Safepoint "ShenandoahFinalRoots", Time since last: 3399780 ns, Reaching safepoint: 224685 ns, At safepoint: 478478 ns, Total: 703163 ns
[199.352s][info][gc       ] Trigger: Average GC time (318.92 ms) is above the time for average allocation rate (1994 MB/s) to deplete free headroom (635M) (margin of error = 1.67)
[199.354s][info][gc       ] GC(186) Concurrent reset 2.127ms
[199.355s][info][gc       ] GC(186) Pause Init Mark (unload classes) 0.117ms
[199.356s][info][safepoint] Safepoint "ShenandoahInitMark", Time since last: 868455407 ns, Reaching safepoint: 244191 ns, At safepoint: 564204 ns, Total: 808395 ns
[199.356s][info][gc       ] GC(186) Concurrent marking roots 0.355ms
[199.615s][info][gc       ] GC(186) Concurrent marking (unload classes) 258.839ms
[199.617s][info][gc       ] GC(186) Pause Final Mark (unload classes) 0.852ms
[199.617s][info][safepoint] Safepoint "ShenandoahFinalMarkStartEvac", Time since last: 260248146 ns, Reaching safepoint: 226174 ns, At safepoint: 1273083 ns, Total: 1499257 ns
[199.618s][info][gc       ] GC(186) Concurrent weak references 0.133ms
[199.618s][info][gc       ] GC(186) Concurrent weak roots 0.443ms
[199.619s][info][gc       ] GC(186) Concurrent cleanup 4427M->2305M(5120M) 0.197ms
[199.620s][info][gc       ] GC(186) Concurrent class unloading 0.926ms
[199.621s][info][gc       ] GC(186) Pause Final Roots 0.004ms
[199.621s][info][safepoint] Safepoint "ShenandoahFinalRoots", Time since last: 3165885 ns, Reaching safepoint: 277952 ns, At safepoint: 580726 ns, Total: 858678 ns
[200.419s][info][gc       ] Trigger: Average GC time (323.86 ms) is above the time for average allocation rate (2084 MB/s) to deplete free headroom (671M) (margin of error = 1.67)
[200.422s][info][gc       ] GC(187) Concurrent reset 2.128ms
[200.423s][info][gc       ] GC(187) Pause Init Mark (unload classes) 0.144ms
[200.423s][info][safepoint] Safepoint "ShenandoahInitMark", Time since last: 800852342 ns, Reaching safepoint: 265958 ns, At safepoint: 521436 ns, Total: 787394 ns
[200.424s][info][gc       ] GC(187) Concurrent marking roots 0.285ms
[200.714s][info][gc       ] GC(187) Concurrent marking (unload classes) 290.149ms
[200.715s][info][gc       ] GC(187) Pause Final Mark (unload classes) 0.638ms
[200.716s][info][safepoint] Safepoint "ShenandoahFinalMarkStartEvac", Time since last: 291635437 ns, Reaching safepoint: 126919 ns, At safepoint: 1282009 ns, Total: 1408928 ns
[200.716s][info][gc       ] GC(187) Concurrent weak references 0.079ms
[200.717s][info][gc       ] GC(187) Concurrent weak roots 0.456ms
[200.718s][info][gc       ] GC(187) Concurrent cleanup 4339M->2251M(5120M) 0.196ms
[200.719s][info][gc       ] GC(187) Concurrent class unloading 0.841ms
[200.719s][info][gc       ] GC(187) Pause Final Roots 0.003ms
[200.720s][info][safepoint] Safepoint "ShenandoahFinalRoots", Time since last: 3214093 ns, Reaching safepoint: 14342 ns, At safepoint: 647527 ns, Total: 661869 ns
[201.485s][info][gc       ] Trigger: Average GC time (344.55 ms) is above the time for average allocation rate (2123 MB/s) to deplete free headroom (729M) (margin of error = 1.67)
[201.488s][info][gc       ] GC(188) Concurrent reset 2.551ms
[201.489s][info][gc       ] GC(188) Pause Init Mark (unload classes) 0.115ms
[201.490s][info][safepoint] Safepoint "ShenandoahInitMark", Time since last: 768759281 ns, Reaching safepoint: 285930 ns, At safepoint: 681312 ns, Total: 967242 ns
[201.491s][info][gc       ] GC(188) Concurrent marking roots 0.404ms
[201.790s][info][gc       ] GC(188) Concurrent marking (unload classes) 298.856ms
[201.791s][info][gc       ] GC(188) Pause Final Mark (unload classes) 0.519ms
[201.791s][info][safepoint] Safepoint "ShenandoahFinalMarkStartEvac", Time since last: 300649699 ns, Reaching safepoint: 182702 ns, At safepoint: 876537 ns, Total: 1059239 ns
[201.792s][info][gc       ] GC(188) Concurrent weak references 0.059ms
[201.792s][info][gc       ] GC(188) Concurrent weak roots 0.426ms
[201.793s][info][gc       ] GC(188) Concurrent cleanup 4451M->2419M(5120M) 0.202ms
[201.794s][info][gc       ] GC(188) Concurrent class unloading 0.915ms
[201.794s][info][gc       ] GC(188) Pause Final Roots 0.003ms
[201.795s][info][safepoint] Safepoint "ShenandoahFinalRoots", Time since last: 2831272 ns, Reaching safepoint: 152314 ns, At safepoint: 338841 ns, Total: 491155 ns
[202.507s][info][gc       ] Trigger: Average GC time (350.27 ms) is above the time for average allocation rate (2131 MB/s) to deplete free headroom (745M) (margin of error = 1.68)
[202.510s][info][gc       ] GC(189) Concurrent reset 2.368ms
[202.511s][info][gc       ] GC(189) Pause Init Mark (unload classes) 0.127ms
[202.511s][info][safepoint] Safepoint "ShenandoahInitMark", Time since last: 715842709 ns, Reaching safepoint: 248297 ns, At safepoint: 749210 ns, Total: 997507 ns
[202.512s][info][gc       ] GC(189) Concurrent marking roots 0.363ms
[202.753s][info][gc       ] GC(189) Concurrent marking (unload classes) 240.741ms
[202.755s][info][gc       ] GC(189) Pause Final Mark (unload classes) 0.593ms
[202.755s][info][safepoint] Safepoint "ShenandoahFinalMarkStartEvac", Time since last: 242184399 ns, Reaching safepoint: 265179 ns, At safepoint: 1145622 ns, Total: 1410801 ns
[202.756s][info][gc       ] GC(189) Concurrent weak references 0.080ms
[202.756s][info][gc       ] GC(189) Concurrent weak roots 0.357ms
[202.757s][info][gc       ] GC(189) Concurrent cleanup 4187M->2173M(5120M) 0.219ms
[202.758s][info][gc       ] GC(189) Concurrent class unloading 0.702ms
[202.758s][info][gc       ] GC(189) Pause Final Roots 0.004ms
[202.759s][info][safepoint] Safepoint "ShenandoahFinalRoots", Time since last: 2921106 ns, Reaching safepoint: 208589 ns, At safepoint: 546970 ns, Total: 755559 ns
[203.666s][info][gc       ] Trigger: Average GC time (325.04 ms) is above the time for average allocation rate (2029 MB/s) to deplete free headroom (647M) (margin of error = 1.68)
[203.669s][info][gc       ] GC(190) Concurrent reset 2.554ms
[203.670s][info][gc       ] GC(190) Pause Init Mark (unload classes) 0.103ms
[203.670s][info][safepoint] Safepoint "ShenandoahInitMark", Time since last: 910794594 ns, Reaching safepoint: 202397 ns, At safepoint: 448633 ns, Total: 651030 ns
[203.671s][info][gc       ] GC(190) Concurrent marking roots 0.342ms
[203.942s][info][gc       ] GC(190) Concurrent marking (unload classes) 270.627ms
[203.943s][info][gc       ] GC(190) Pause Final Mark (unload classes) 0.428ms
[203.943s][info][safepoint] Safepoint "ShenandoahFinalMarkStartEvac", Time since last: 271846636 ns, Reaching safepoint: 149136 ns, At safepoint: 724028 ns, Total: 873164 ns
[203.943s][info][gc       ] GC(190) Concurrent weak references 0.060ms
[203.944s][info][gc       ] GC(190) Concurrent weak roots 0.261ms
[203.944s][info][gc       ] GC(190) Concurrent cleanup 4321M->2211M(5120M) 0.223ms
[203.945s][info][gc       ] GC(190) Concurrent class unloading 0.760ms
[203.945s][info][gc       ] GC(190) Pause Final Roots 0.003ms
[203.946s][info][safepoint] Safepoint "ShenandoahFinalRoots", Time since last: 2386267 ns, Reaching safepoint: 148265 ns, At safepoint: 237853 ns, Total: 386118 ns
[204.763s][info][gc       ] Trigger: Average GC time (313.76 ms) is above the time for average allocation rate (2138 MB/s) to deplete free headroom (669M) (margin of error = 1.68)
[204.766s][info][gc       ] GC(191) Concurrent reset 2.292ms
[204.767s][info][gc       ] GC(191) Pause Init Mark (unload classes) 0.174ms
[204.768s][info][safepoint] Safepoint "ShenandoahInitMark", Time since last: 821029001 ns, Reaching safepoint: 260790 ns, At safepoint: 652804 ns, Total: 913594 ns
[204.768s][info][gc       ] GC(191) Concurrent marking roots 0.289ms
[205.037s][info][gc       ] GC(191) Concurrent marking (unload classes) 268.746ms
[205.039s][info][gc       ] GC(191) Pause Final Mark (unload classes) 0.737ms
[205.040s][info][safepoint] Safepoint "ShenandoahFinalMarkStartEvac", Time since last: 270232217 ns, Reaching safepoint: 239412 ns, At safepoint: 1446380 ns, Total: 1685792 ns
[205.040s][info][gc       ] GC(191) Concurrent weak references 0.164ms
[205.041s][info][gc       ] GC(191) Concurrent weak roots 0.441ms
[205.042s][info][gc       ] GC(191) Concurrent cleanup 4457M->2365M(5120M) 0.215ms
[205.043s][info][gc       ] GC(191) Concurrent class unloading 1.283ms
[205.044s][info][gc       ] GC(191) Pause Final Roots 0.004ms
[205.045s][info][safepoint] Safepoint "ShenandoahFinalRoots", Time since last: 4227671 ns, Reaching safepoint: 254600 ns, At safepoint: 714947 ns, Total: 969547 ns
[205.862s][info][gc       ] Trigger: Average GC time (306.25 ms) is above the time for average allocation rate (2034 MB/s) to deplete free headroom (621M) (margin of error = 1.69)
[205.865s][info][gc       ] GC(192) Concurrent reset 1.992ms
[205.865s][info][gc       ] GC(192) Pause Init Mark (unload classes) 0.129ms
[205.866s][info][safepoint] Safepoint "ShenandoahInitMark", Time since last: 820341952 ns, Reaching safepoint: 197804 ns, At safepoint: 538070 ns, Total: 735874 ns
[205.867s][info][gc       ] GC(192) Concurrent marking roots 0.380ms
[206.143s][info][gc       ] GC(192) Concurrent marking (unload classes) 276.058ms
[206.145s][info][gc       ] GC(192) Pause Final Mark (unload classes) 0.969ms
[206.145s][info][safepoint] Safepoint "ShenandoahFinalMarkStartEvac", Time since last: 277794681 ns, Reaching safepoint: 376873 ns, At safepoint: 1488319 ns, Total: 1865192 ns
[206.146s][info][gc       ] GC(192) Concurrent weak references 0.158ms
[206.147s][info][gc       ] GC(192) Concurrent weak roots 0.417ms
[206.147s][info][gc       ] GC(192) Concurrent cleanup 4421M->2285M(5120M) 0.196ms
[206.149s][info][gc       ] GC(192) Concurrent class unloading 1.000ms
[206.150s][info][gc       ] GC(192) Pause Final Roots 0.004ms
[206.150s][info][safepoint] Safepoint "ShenandoahFinalRoots", Time since last: 3763562 ns, Reaching safepoint: 258197 ns, At safepoint: 495986 ns, Total: 754183 ns
[206.967s][info][gc       ] Trigger: Average GC time (304.04 ms) is above the time for average allocation rate (2136 MB/s) to deplete free headroom (647M) (margin of error = 1.69)
[206.970s][info][gc       ] GC(193) Concurrent reset 2.433ms
[206.971s][info][gc       ] GC(193) Pause Init Mark (unload classes) 0.108ms
[206.971s][info][safepoint] Safepoint "ShenandoahInitMark", Time since last: 820232088 ns, Reaching safepoint: 168272 ns, At safepoint: 417755 ns, Total: 586027 ns
[206.971s][info][gc       ] GC(193) Concurrent marking roots 0.340ms
[207.277s][info][gc       ] GC(193) Concurrent marking (unload classes) 305.169ms
[207.279s][info][gc       ] GC(193) Pause Final Mark (unload classes) 0.742ms
[207.279s][info][safepoint] Safepoint "ShenandoahFinalMarkStartEvac", Time since last: 306627974 ns, Reaching safepoint: 309565 ns, At safepoint: 1368442 ns, Total: 1678007 ns
[207.280s][info][gc       ] GC(193) Concurrent weak references 0.094ms
[207.280s][info][gc       ] GC(193) Concurrent weak roots 0.484ms
[207.281s][info][gc       ] GC(193) Concurrent cleanup 4421M->2307M(5120M) 0.186ms
[207.283s][info][gc       ] GC(193) Concurrent class unloading 1.061ms
[207.283s][info][gc       ] GC(193) Pause Final Roots 0.004ms
[207.284s][info][safepoint] Safepoint "ShenandoahFinalRoots", Time since last: 3731714 ns, Reaching safepoint: 277533 ns, At safepoint: 531374 ns, Total: 808907 ns
[208.039s][info][gc       ] Trigger: Average GC time (332.11 ms) is above the time for average allocation rate (2152 MB/s) to deplete free headroom (713M) (margin of error = 1.69)
[208.042s][info][gc       ] GC(194) Concurrent reset 2.221ms
[208.043s][info][gc       ] GC(194) Pause Init Mark (unload classes) 0.130ms
[208.043s][info][safepoint] Safepoint "ShenandoahInitMark", Time since last: 758475406 ns, Reaching safepoint: 397758 ns, At safepoint: 434679 ns, Total: 832437 ns
[208.044s][info][gc       ] GC(194) Concurrent marking roots 0.330ms
[208.328s][info][gc       ] GC(194) Concurrent marking (unload classes) 283.786ms
[208.329s][info][gc       ] GC(194) Pause Final Mark (unload classes) 0.855ms
[208.330s][info][safepoint] Safepoint "ShenandoahFinalMarkStartEvac", Time since last: 285260111 ns, Reaching safepoint: 389059 ns, At safepoint: 1491932 ns, Total: 1880991 ns
[208.331s][info][gc       ] GC(194) Concurrent weak references 0.068ms
[208.331s][info][gc       ] GC(194) Concurrent weak roots 0.535ms
[208.332s][info][gc       ] GC(194) Concurrent cleanup 4267M->2219M(5120M) 0.231ms
[208.333s][info][gc       ] GC(194) Concurrent class unloading 0.973ms
[208.334s][info][gc       ] GC(194) Pause Final Roots 0.004ms
[208.334s][info][safepoint] Safepoint "ShenandoahFinalRoots", Time since last: 3363670 ns, Reaching safepoint: 239511 ns, At safepoint: 576402 ns, Total: 815913 ns
[209.241s][info][gc       ] Trigger: Average GC time (320.55 ms) is above the time for average allocation rate (2071 MB/s) to deplete free headroom (629M) (margin of error = 1.68)
[209.244s][info][gc       ] GC(195) Concurrent reset 2.390ms
[209.246s][info][gc       ] GC(195) Pause Init Mark (unload classes) 0.244ms
[209.246s][info][safepoint] Safepoint "ShenandoahInitMark", Time since last: 910680904 ns, Reaching safepoint: 294499 ns, At safepoint: 568575 ns, Total: 863074 ns
[209.247s][info][gc       ] GC(195) Concurrent marking roots 0.382ms
[209.516s][info][gc       ] GC(195) Concurrent marking (unload classes) 269.030ms
[209.517s][info][gc       ] GC(195) Pause Final Mark (unload classes) 0.577ms
[209.518s][info][safepoint] Safepoint "ShenandoahFinalMarkStartEvac", Time since last: 270650610 ns, Reaching safepoint: 313598 ns, At safepoint: 1129193 ns, Total: 1442791 ns
[209.518s][info][gc       ] GC(195) Concurrent weak references 0.061ms
[209.519s][info][gc       ] GC(195) Concurrent weak roots 0.376ms
[209.520s][info][gc       ] GC(195) Concurrent cleanup 4429M->2297M(5120M) 0.192ms
[209.521s][info][gc       ] GC(195) Concurrent class unloading 0.882ms
[209.522s][info][gc       ] GC(195) Pause Final Roots 0.004ms
[209.522s][info][safepoint] Safepoint "ShenandoahFinalRoots", Time since last: 3326740 ns, Reaching safepoint: 254813 ns, At safepoint: 518285 ns, Total: 773098 ns
[210.349s][info][gc       ] Trigger: Average GC time (310.68 ms) is above the time for average allocation rate (2046 MB/s) to deplete free headroom (635M) (margin of error = 1.68)
[210.351s][info][gc       ] GC(196) Concurrent reset 2.155ms
[210.352s][info][gc       ] GC(196) Pause Init Mark (unload classes) 0.116ms
[210.353s][info][safepoint] Safepoint "ShenandoahInitMark", Time since last: 829576555 ns, Reaching safepoint: 340806 ns, At safepoint: 568802 ns, Total: 909608 ns
[210.353s][info][gc       ] GC(196) Concurrent marking roots 0.413ms
[210.610s][info][gc       ] GC(196) Concurrent marking (unload classes) 256.110ms
[210.611s][info][gc       ] GC(196) Pause Final Mark (unload classes) 0.582ms
[210.611s][info][safepoint] Safepoint "ShenandoahFinalMarkStartEvac", Time since last: 257525518 ns, Reaching safepoint: 303963 ns, At safepoint: 1051373 ns, Total: 1355336 ns
[210.612s][info][gc       ] GC(196) Concurrent weak references 0.057ms
[210.612s][info][gc       ] GC(196) Concurrent weak roots 0.385ms
[210.613s][info][gc       ] GC(196) Concurrent cleanup 4445M->2321M(5120M) 0.206ms
[210.614s][info][gc       ] GC(196) Concurrent class unloading 0.741ms
[210.614s][info][gc       ] GC(196) Pause Final Roots 0.004ms
[210.615s][info][safepoint] Safepoint "ShenandoahFinalRoots", Time since last: 2621029 ns, Reaching safepoint: 281968 ns, At safepoint: 300486 ns, Total: 582454 ns
[211.433s][info][gc       ] Trigger: Average GC time (302.27 ms) is above the time for average allocation rate (2110 MB/s) to deplete free headroom (637M) (margin of error = 1.68)
[211.435s][info][gc       ] GC(197) Concurrent reset 2.304ms
[211.436s][info][gc       ] GC(197) Pause Init Mark (unload classes) 0.115ms
[211.437s][info][safepoint] Safepoint "ShenandoahInitMark", Time since last: 821347898 ns, Reaching safepoint: 290013 ns, At safepoint: 601759 ns, Total: 891772 ns
[211.437s][info][gc       ] GC(197) Concurrent marking roots 0.300ms
[211.720s][info][gc       ] GC(197) Concurrent marking (unload classes) 282.120ms
[211.721s][info][gc       ] GC(197) Pause Final Mark (unload classes) 0.641ms
[211.722s][info][safepoint] Safepoint "ShenandoahFinalMarkStartEvac", Time since last: 283480064 ns, Reaching safepoint: 291106 ns, At safepoint: 1114463 ns, Total: 1405569 ns
[211.722s][info][gc       ] GC(197) Concurrent weak references 0.067ms
[211.723s][info][gc       ] GC(197) Concurrent weak roots 0.368ms
[211.724s][info][gc       ] GC(197) Concurrent cleanup 4345M->2221M(5120M) 0.187ms
[211.725s][info][gc       ] GC(197) Concurrent class unloading 1.063ms
[211.726s][info][gc       ] GC(197) Pause Final Roots 0.004ms
[211.726s][info][safepoint] Safepoint "ShenandoahFinalRoots", Time since last: 3601140 ns, Reaching safepoint: 282199 ns, At safepoint: 509353 ns, Total: 791552 ns
[212.598s][info][gc       ] Trigger: Average GC time (307.20 ms) is above the time for average allocation rate (2096 MB/s) to deplete free headroom (643M) (margin of error = 1.67)
[212.601s][info][gc       ] GC(198) Concurrent reset 2.253ms
[212.602s][info][gc       ] GC(198) Pause Init Mark (unload classes) 0.123ms
[212.602s][info][safepoint] Safepoint "ShenandoahInitMark", Time since last: 875126914 ns, Reaching safepoint: 221715 ns, At safepoint: 401372 ns, Total: 623087 ns
[212.602s][info][gc       ] GC(198) Concurrent marking roots 0.386ms
[212.828s][info][gc       ] GC(198) Concurrent marking (unload classes) 224.763ms
[212.829s][info][gc       ] GC(198) Pause Final Mark (unload classes) 0.476ms
[212.829s][info][safepoint] Safepoint "ShenandoahFinalMarkStartEvac", Time since last: 226288824 ns, Reaching safepoint: 358044 ns, At safepoint: 936114 ns, Total: 1294158 ns
[212.830s][info][gc       ] GC(198) Concurrent weak references 0.051ms
[212.830s][info][gc       ] GC(198) Concurrent weak roots 0.472ms
[212.831s][info][gc       ] GC(198) Concurrent cleanup 4267M->2149M(5120M) 0.194ms
[212.832s][info][gc       ] GC(198) Concurrent class unloading 0.946ms
[212.833s][info][gc       ] GC(198) Pause Final Roots 0.004ms
[212.833s][info][safepoint] Safepoint "ShenandoahFinalRoots", Time since last: 3067868 ns, Reaching safepoint: 268480 ns, At safepoint: 355579 ns, Total: 624059 ns
[213.522s][info][gc       ] Trigger: Average GC time (304.57 ms) is above the time for average allocation rate (2142 MB/s) to deplete free headroom (647M) (margin of error = 1.65)
[213.525s][info][gc       ] GC(199) Concurrent reset 2.798ms
[213.526s][info][gc       ] GC(199) Pause Init Mark (unload classes) 0.110ms
[213.526s][info][safepoint] Safepoint "ShenandoahInitMark", Time since last: 692025680 ns, Reaching safepoint: 349686 ns, At safepoint: 537086 ns, Total: 886772 ns
[213.527s][info][gc       ] GC(199) Concurrent marking roots 0.345ms
[213.595s][info][gc       ] GC(199) Concurrent marking (unload classes) 68.003ms
[213.597s][info][gc       ] GC(199) Pause Final Mark (unload classes) 0.892ms
[213.597s][info][safepoint] Safepoint "ShenandoahFinalMarkStartEvac", Time since last: 69696908 ns, Reaching safepoint: 167745 ns, At safepoint: 1465473 ns, Total: 1633218 ns
[213.598s][info][gc       ] GC(199) Concurrent weak references 0.208ms
[213.599s][info][gc       ] GC(199) Concurrent weak roots 0.507ms
[213.600s][info][gc       ] GC(199) Concurrent cleanup 4207M->765M(5120M) 0.236ms
[213.602s][info][gc       ] GC(199) Concurrent class unloading 1.327ms
[213.603s][info][gc       ] GC(199) Pause Final Roots 0.004ms
[213.604s][info][safepoint] Safepoint "ShenandoahFinalRoots", Time since last: 5314689 ns, Reaching safepoint: 502607 ns, At safepoint: 637191 ns, Total: 1139798 ns
[214.915s][info][gc       ] Trigger: Average GC time (318.84 ms) is above the time for average allocation rate (2042 MB/s) to deplete free headroom (649M) (margin of error = 1.62)
[214.916s][info][gc       ] GC(200) Concurrent reset 0.789ms
[214.917s][info][gc       ] GC(200) Pause Init Mark (unload classes) 0.093ms
[214.918s][info][safepoint] Safepoint "ShenandoahInitMark", Time since last: 1313031420 ns, Reaching safepoint: 302120 ns, At safepoint: 617146 ns, Total: 919266 ns
[214.919s][info][gc       ] GC(200) Concurrent marking roots 0.384ms
[215.168s][info][gc       ] GC(200) Concurrent marking (unload classes) 249.011ms
[215.169s][info][gc       ] GC(200) Pause Final Mark (unload classes) 0.469ms
[215.169s][info][safepoint] Safepoint "ShenandoahFinalMarkStartEvac", Time since last: 250536834 ns, Reaching safepoint: 202500 ns, At safepoint: 829076 ns, Total: 1031576 ns
[215.170s][info][gc       ] GC(200) Concurrent weak references 0.056ms
[215.170s][info][gc       ] GC(200) Concurrent weak roots 0.234ms
[215.170s][info][gc       ] GC(200) Concurrent cleanup 4359M->2253M(5120M) 0.212ms
[215.172s][info][gc       ] GC(200) Concurrent class unloading 1.071ms
[215.172s][info][gc       ] GC(200) Pause Final Roots 0.004ms
[215.172s][info][safepoint] Safepoint "ShenandoahFinalRoots", Time since last: 2581405 ns, Reaching safepoint: 176442 ns, At safepoint: 235759 ns, Total: 412201 ns
[215.956s][info][gc       ] Trigger: Average GC time (339.44 ms) is above the time for average allocation rate (2131 MB/s) to deplete free headroom (721M) (margin of error = 1.62)
[215.959s][info][gc       ] GC(201) Concurrent reset 2.234ms
[215.960s][info][gc       ] GC(201) Pause Init Mark (unload classes) 0.117ms
[215.960s][info][safepoint] Safepoint "ShenandoahInitMark", Time since last: 786890098 ns, Reaching safepoint: 264479 ns, At safepoint: 609855 ns, Total: 874334 ns
[215.961s][info][gc       ] GC(201) Concurrent marking roots 0.354ms
[216.228s][info][gc       ] GC(201) Concurrent marking (unload classes) 266.468ms
[216.229s][info][gc       ] GC(201) Pause Final Mark (unload classes) 0.571ms
[216.230s][info][safepoint] Safepoint "ShenandoahFinalMarkStartEvac", Time since last: 268233773 ns, Reaching safepoint: 287958 ns, At safepoint: 1037171 ns, Total: 1325129 ns
[216.230s][info][gc       ] GC(201) Concurrent weak references 0.093ms
[216.231s][info][gc       ] GC(201) Concurrent weak roots 0.323ms
[216.231s][info][gc       ] GC(201) Concurrent cleanup 4243M->2205M(5120M) 0.189ms
[216.233s][info][gc       ] GC(201) Concurrent class unloading 1.043ms
[216.233s][info][gc       ] GC(201) Pause Final Roots 0.004ms
[216.234s][info][safepoint] Safepoint "ShenandoahFinalRoots", Time since last: 3499891 ns, Reaching safepoint: 178470 ns, At safepoint: 396643 ns, Total: 575113 ns
[217.029s][info][gc       ] Trigger: Average GC time (348.34 ms) is above the time for average allocation rate (2129 MB/s) to deplete free headroom (741M) (margin of error = 1.62)
[217.032s][info][gc       ] GC(202) Concurrent reset 2.454ms
[217.033s][info][gc       ] GC(202) Pause Init Mark (unload classes) 0.138ms
[217.034s][info][safepoint] Safepoint "ShenandoahInitMark", Time since last: 799098734 ns, Reaching safepoint: 127242 ns, At safepoint: 638576 ns, Total: 765818 ns
[217.034s][info][gc       ] GC(202) Concurrent marking roots 0.306ms
[217.275s][info][gc       ] GC(202) Concurrent marking (unload classes) 240.535ms
[217.277s][info][gc       ] GC(202) Pause Final Mark (unload classes) 0.698ms
[217.277s][info][safepoint] Safepoint "ShenandoahFinalMarkStartEvac", Time since last: 242116876 ns, Reaching safepoint: 334885 ns, At safepoint: 1161630 ns, Total: 1496515 ns
[217.278s][info][gc       ] GC(202) Concurrent weak references 0.133ms
[217.278s][info][gc       ] GC(202) Concurrent weak roots 0.395ms
[217.279s][info][gc       ] GC(202) Concurrent cleanup 4381M->2361M(5120M) 0.190ms
[217.280s][info][gc       ] GC(202) Concurrent class unloading 1.016ms
[217.281s][info][gc       ] GC(202) Pause Final Roots 0.004ms
[217.282s][info][safepoint] Safepoint "ShenandoahFinalRoots", Time since last: 3596845 ns, Reaching safepoint: 286560 ns, At safepoint: 475598 ns, Total: 762158 ns
[218.106s][info][gc       ] Trigger: Average GC time (321.73 ms) is above the time for average allocation rate (1947 MB/s) to deplete free headroom (625M) (margin of error = 1.63)
[218.109s][info][gc       ] GC(203) Concurrent reset 2.119ms
[218.110s][info][gc       ] GC(203) Pause Init Mark (unload classes) 0.106ms
[218.110s][info][safepoint] Safepoint "ShenandoahInitMark", Time since last: 827769254 ns, Reaching safepoint: 132660 ns, At safepoint: 573962 ns, Total: 706622 ns
[218.111s][info][gc       ] GC(203) Concurrent marking roots 0.338ms
[218.349s][info][gc       ] GC(203) Concurrent marking (unload classes) 237.522ms
[218.350s][info][gc       ] GC(203) Pause Final Mark (unload classes) 0.553ms
[218.350s][info][safepoint] Safepoint "ShenandoahFinalMarkStartEvac", Time since last: 239091718 ns, Reaching safepoint: 217557 ns, At safepoint: 935471 ns, Total: 1153028 ns
[218.351s][info][gc       ] GC(203) Concurrent weak references 0.061ms
[218.351s][info][gc       ] GC(203) Concurrent weak roots 0.391ms
[218.352s][info][gc       ] GC(203) Concurrent cleanup 4485M->2351M(5120M) 0.204ms
[218.353s][info][gc       ] GC(203) Concurrent class unloading 0.742ms
[218.353s][info][gc       ] GC(203) Pause Final Roots 0.004ms
[218.354s][info][safepoint] Safepoint "ShenandoahFinalRoots", Time since last: 2609790 ns, Reaching safepoint: 313204 ns, At safepoint: 376937 ns, Total: 690141 ns
[219.140s][info][gc       ] Trigger: Average GC time (299.68 ms) is above the time for average allocation rate (2125 MB/s) to deplete free headroom (635M) (margin of error = 1.63)
[219.142s][info][gc       ] GC(204) Concurrent reset 2.315ms
[219.143s][info][gc       ] GC(204) Pause Init Mark (unload classes) 0.145ms
[219.144s][info][safepoint] Safepoint "ShenandoahInitMark", Time since last: 789338713 ns, Reaching safepoint: 132388 ns, At safepoint: 542675 ns, Total: 675063 ns
[219.144s][info][gc       ] GC(204) Concurrent marking roots 0.317ms
[219.370s][info][gc       ] GC(204) Concurrent marking (unload classes) 225.454ms
[219.372s][info][gc       ] GC(204) Pause Final Mark (unload classes) 0.753ms
[219.372s][info][safepoint] Safepoint "ShenandoahFinalMarkStartEvac", Time since last: 227049337 ns, Reaching safepoint: 352730 ns, At safepoint: 1267066 ns, Total: 1619796 ns
[219.373s][info][gc       ] GC(204) Concurrent weak references 0.116ms
[219.374s][info][gc       ] GC(204) Concurrent weak roots 0.476ms
[219.374s][info][gc       ] GC(204) Concurrent cleanup 4445M->2321M(5120M) 0.200ms
[219.376s][info][gc       ] GC(204) Concurrent class unloading 0.974ms
[219.376s][info][gc       ] GC(204) Pause Final Roots 0.004ms
[219.377s][info][safepoint] Safepoint "ShenandoahFinalRoots", Time since last: 3671131 ns, Reaching safepoint: 297534 ns, At safepoint: 626717 ns, Total: 924251 ns
[220.194s][info][gc       ] Trigger: Average GC time (280.21 ms) is above the time for average allocation rate (2090 MB/s) to deplete free headroom (585M) (margin of error = 1.63)
[220.196s][info][gc       ] GC(205) Concurrent reset 2.134ms
[220.197s][info][gc       ] GC(205) Pause Init Mark (unload classes) 0.118ms
[220.198s][info][safepoint] Safepoint "ShenandoahInitMark", Time since last: 819895870 ns, Reaching safepoint: 237381 ns, At safepoint: 683649 ns, Total: 921030 ns
[220.198s][info][gc       ] GC(205) Concurrent marking roots 0.270ms
[220.470s][info][gc       ] GC(205) Concurrent marking (unload classes) 271.991ms
[220.471s][info][gc       ] GC(205) Pause Final Mark (unload classes) 0.461ms
[220.472s][info][safepoint] Safepoint "ShenandoahFinalMarkStartEvac", Time since last: 273087815 ns, Reaching safepoint: 139783 ns, At safepoint: 791271 ns, Total: 931054 ns
[220.472s][info][gc       ] GC(205) Concurrent weak references 0.051ms
[220.473s][info][gc       ] GC(205) Concurrent weak roots 0.253ms
[220.473s][info][gc       ] GC(205) Concurrent cleanup 4381M->2205M(5120M) 0.196ms
[220.474s][info][gc       ] GC(205) Concurrent class unloading 0.690ms
[220.474s][info][gc       ] GC(205) Pause Final Roots 0.003ms
[220.474s][info][safepoint] Safepoint "ShenandoahFinalRoots", Time since last: 2202656 ns, Reaching safepoint: 120131 ns, At safepoint: 239423 ns, Total: 359554 ns
[221.340s][info][gc       ] Trigger: Average GC time (302.21 ms) is above the time for average allocation rate (2077 MB/s) to deplete free headroom (627M) (margin of error = 1.63)
[221.342s][info][gc       ] GC(206) Concurrent reset 2.232ms
[221.343s][info][gc       ] GC(206) Pause Init Mark (unload classes) 0.138ms
[221.343s][info][safepoint] Safepoint "ShenandoahInitMark", Time since last: 868455901 ns, Reaching safepoint: 128634 ns, At safepoint: 435704 ns, Total: 564338 ns
[221.344s][info][gc       ] GC(206) Concurrent marking roots 0.291ms
[221.570s][info][gc       ] GC(206) Concurrent marking (unload classes) 225.850ms
[221.571s][info][gc       ] GC(206) Pause Final Mark (unload classes) 0.508ms
[221.572s][info][safepoint] Safepoint "ShenandoahFinalMarkStartEvac", Time since last: 227209964 ns, Reaching safepoint: 313998 ns, At safepoint: 935651 ns, Total: 1249649 ns
[221.572s][info][gc       ] GC(206) Concurrent weak references 0.115ms
[221.573s][info][gc       ] GC(206) Concurrent weak roots 0.449ms
[221.574s][info][gc       ] GC(206) Concurrent cleanup 4453M->2321M(5120M) 0.215ms
[221.575s][info][gc       ] GC(206) Concurrent class unloading 1.154ms
[221.576s][info][gc       ] GC(206) Pause Final Roots 0.004ms
[221.577s][info][safepoint] Safepoint "ShenandoahFinalRoots", Time since last: 4222624 ns, Reaching safepoint: 216541 ns, At safepoint: 603349 ns, Total: 819890 ns
[222.384s][info][gc       ] Trigger: Average GC time (284.32 ms) is above the time for average allocation rate (2139 MB/s) to deplete free headroom (607M) (margin of error = 1.63)
[222.387s][info][gc       ] GC(207) Concurrent reset 2.429ms
[222.387s][info][gc       ] GC(207) Pause Init Mark (unload classes) 0.122ms
[222.388s][info][safepoint] Safepoint "ShenandoahInitMark", Time since last: 810177023 ns, Reaching safepoint: 124827 ns, At safepoint: 453487 ns, Total: 578314 ns
[222.388s][info][gc       ] GC(207) Concurrent marking roots 0.451ms
[222.596s][info][gc       ] GC(207) Concurrent marking (unload classes) 207.577ms
[222.598s][info][gc       ] GC(207) Pause Final Mark (unload classes) 0.541ms
[222.598s][info][safepoint] Safepoint "ShenandoahFinalMarkStartEvac", Time since last: 209306400 ns, Reaching safepoint: 435015 ns, At safepoint: 1152239 ns, Total: 1587254 ns
[222.599s][info][gc       ] GC(207) Concurrent weak references 0.111ms
[222.600s][info][gc       ] GC(207) Concurrent weak roots 0.462ms
[222.600s][info][gc       ] GC(207) Concurrent cleanup 4405M->2253M(5120M) 0.202ms
[222.602s][info][gc       ] GC(207) Concurrent class unloading 0.933ms
[222.602s][info][gc       ] GC(207) Pause Final Roots 0.004ms
[222.603s][info][safepoint] Safepoint "ShenandoahFinalRoots", Time since last: 3633873 ns, Reaching safepoint: 269306 ns, At safepoint: 520070 ns, Total: 789376 ns
[223.455s][info][gc       ] Trigger: Average GC time (269.21 ms) is above the time for average allocation rate (2137 MB/s) to deplete free headroom (573M) (margin of error = 1.63)
[223.458s][info][gc       ] GC(208) Concurrent reset 2.246ms
[223.459s][info][gc       ] GC(208) Pause Init Mark (unload classes) 0.210ms
[223.459s][info][safepoint] Safepoint "ShenandoahInitMark", Time since last: 855557054 ns, Reaching safepoint: 124681 ns, At safepoint: 386575 ns, Total: 511256 ns
[223.460s][info][gc       ] GC(208) Concurrent marking roots 0.336ms
[223.667s][info][gc       ] GC(208) Concurrent marking (unload classes) 207.554ms
[223.669s][info][gc       ] GC(208) Pause Final Mark (unload classes) 0.914ms
[223.670s][info][safepoint] Safepoint "ShenandoahFinalMarkStartEvac", Time since last: 209049255 ns, Reaching safepoint: 114927 ns, At safepoint: 1539763 ns, Total: 1654690 ns
[223.670s][info][gc       ] GC(208) Concurrent weak references 0.131ms
[223.671s][info][gc       ] GC(208) Concurrent weak roots 0.488ms
[223.672s][info][gc       ] GC(208) Concurrent cleanup 4465M->2279M(5120M) 0.245ms
[223.673s][info][gc       ] GC(208) Concurrent class unloading 0.983ms
[223.674s][info][gc       ] GC(208) Pause Final Roots 0.004ms
[223.674s][info][safepoint] Safepoint "ShenandoahFinalRoots", Time since last: 3832197 ns, Reaching safepoint: 271036 ns, At safepoint: 606933 ns, Total: 877969 ns
[224.550s][info][gc       ] Trigger: Average GC time (254.34 ms) is above the time for average allocation rate (2020 MB/s) to deplete free headroom (513M) (margin of error = 1.63)
[224.553s][info][gc       ] GC(209) Concurrent reset 2.348ms
[224.553s][info][gc       ] GC(209) Pause Init Mark (unload classes) 0.106ms
[224.553s][info][safepoint] Safepoint "ShenandoahInitMark", Time since last: 878431320 ns, Reaching safepoint: 124845 ns, At safepoint: 329030 ns, Total: 453875 ns
[224.554s][info][gc       ] GC(209) Concurrent marking roots 0.330ms
[224.810s][info][gc       ] GC(209) Concurrent marking (unload classes) 255.958ms
[224.812s][info][gc       ] GC(209) Pause Final Mark (unload classes) 0.749ms
[224.812s][info][safepoint] Safepoint "ShenandoahFinalMarkStartEvac", Time since last: 257219090 ns, Reaching safepoint: 291156 ns, At safepoint: 1255202 ns, Total: 1546358 ns
[224.812s][info][gc       ] GC(209) Concurrent weak references 0.063ms
[224.813s][info][gc       ] GC(209) Concurrent weak roots 0.425ms
[224.814s][info][gc       ] GC(209) Concurrent cleanup 4603M->2359M(5120M) 0.214ms
[224.815s][info][gc       ] GC(209) Concurrent class unloading 0.784ms
[224.815s][info][gc       ] GC(209) Pause Final Roots 0.004ms
[224.816s][info][safepoint] Safepoint "ShenandoahFinalRoots", Time since last: 2994416 ns, Reaching safepoint: 279604 ns, At safepoint: 530216 ns, Total: 809820 ns
[225.652s][info][gc       ] Trigger: Average GC time (284.11 ms) is above the time for average allocation rate (2069 MB/s) to deplete free headroom (587M) (margin of error = 1.65)
[225.655s][info][gc       ] GC(210) Concurrent reset 2.199ms
[225.656s][info][gc       ] GC(210) Pause Init Mark (unload classes) 0.143ms
[225.656s][info][safepoint] Safepoint "ShenandoahInitMark", Time since last: 839296872 ns, Reaching safepoint: 232367 ns, At safepoint: 510685 ns, Total: 743052 ns
[225.657s][info][gc       ] GC(210) Concurrent marking roots 0.428ms
[225.874s][info][gc       ] GC(210) Concurrent marking (unload classes) 217.185ms
[225.875s][info][gc       ] GC(210) Pause Final Mark (unload classes) 0.631ms
[225.876s][info][safepoint] Safepoint "ShenandoahFinalMarkStartEvac", Time since last: 218675571 ns, Reaching safepoint: 200788 ns, At safepoint: 1067328 ns, Total: 1268116 ns
[225.876s][info][gc       ] GC(210) Concurrent weak references 0.073ms
[225.877s][info][gc       ] GC(210) Concurrent weak roots 0.420ms
[225.877s][info][gc       ] GC(210) Concurrent cleanup 4373M->2201M(5120M) 0.206ms
[225.878s][info][gc       ] GC(210) Concurrent class unloading 0.854ms
[225.879s][info][gc       ] GC(210) Pause Final Roots 0.005ms
[225.879s][info][safepoint] Safepoint "ShenandoahFinalRoots", Time since last: 3023955 ns, Reaching safepoint: 189144 ns, At safepoint: 463563 ns, Total: 652707 ns
[226.797s][info][gc       ] Trigger: Average GC time (267.54 ms) is above the time for average allocation rate (2118 MB/s) to deplete free headroom (565M) (margin of error = 1.63)
[226.800s][info][gc       ] GC(211) Concurrent reset 2.195ms
[226.800s][info][gc       ] GC(211) Pause Init Mark (unload classes) 0.116ms
[226.801s][info][safepoint] Safepoint "ShenandoahInitMark", Time since last: 920524028 ns, Reaching safepoint: 221191 ns, At safepoint: 616630 ns, Total: 837821 ns
[226.802s][info][gc       ] GC(211) Concurrent marking roots 0.353ms
[227.034s][info][gc       ] GC(211) Concurrent marking (unload classes) 231.650ms
[227.035s][info][gc       ] GC(211) Pause Final Mark (unload classes) 0.723ms
[227.036s][info][safepoint] Safepoint "ShenandoahFinalMarkStartEvac", Time since last: 233182343 ns, Reaching safepoint: 300176 ns, At safepoint: 1205212 ns, Total: 1505388 ns
[227.036s][info][gc       ] GC(211) Concurrent weak references 0.098ms
[227.037s][info][gc       ] GC(211) Concurrent weak roots 0.316ms
[227.037s][info][gc       ] GC(211) Concurrent cleanup 4343M->2147M(5120M) 0.204ms
[227.038s][info][gc       ] GC(211) Concurrent class unloading 0.740ms
[227.039s][info][gc       ] GC(211) Pause Final Roots 0.004ms
[227.039s][info][safepoint] Safepoint "ShenandoahFinalRoots", Time since last: 2809242 ns, Reaching safepoint: 295468 ns, At safepoint: 422267 ns, Total: 717735 ns
[227.941s][info][gc       ] Trigger: Average GC time (261.26 ms) is above the time for average allocation rate (2127 MB/s) to deplete free headroom (555M) (margin of error = 1.61)
[227.944s][info][gc       ] GC(212) Concurrent reset 2.281ms
[227.945s][info][gc       ] GC(212) Pause Init Mark (unload classes) 0.210ms
[227.946s][info][safepoint] Safepoint "ShenandoahInitMark", Time since last: 905661851 ns, Reaching safepoint: 266303 ns, At safepoint: 627697 ns, Total: 894000 ns
[227.946s][info][gc       ] GC(212) Concurrent marking roots 0.281ms
[228.166s][info][gc       ] GC(212) Concurrent marking (unload classes) 220.003ms
[228.167s][info][gc       ] GC(212) Pause Final Mark (unload classes) 0.403ms
[228.168s][info][safepoint] Safepoint "ShenandoahFinalMarkStartEvac", Time since last: 221200112 ns, Reaching safepoint: 183053 ns, At safepoint: 679198 ns, Total: 862251 ns
[228.168s][info][gc       ] GC(212) Concurrent weak references 0.059ms
[228.169s][info][gc       ] GC(212) Concurrent weak roots 0.332ms
[228.169s][info][gc       ] GC(212) Concurrent cleanup 4419M->2213M(5120M) 0.192ms
[228.170s][info][gc       ] GC(212) Concurrent class unloading 0.807ms
[228.171s][info][gc       ] GC(212) Pause Final Roots 0.003ms
[228.171s][info][safepoint] Safepoint "ShenandoahFinalRoots", Time since last: 2711267 ns, Reaching safepoint: 135492 ns, At safepoint: 434800 ns, Total: 570292 ns
[229.079s][info][gc       ] Trigger: Average GC time (251.78 ms) is above the time for average allocation rate (2117 MB/s) to deplete free headroom (531M) (margin of error = 1.61)
[229.082s][info][gc       ] GC(213) Concurrent reset 2.346ms
[229.083s][info][gc       ] GC(213) Pause Init Mark (unload classes) 0.125ms
[229.083s][info][safepoint] Safepoint "ShenandoahInitMark", Time since last: 911514635 ns, Reaching safepoint: 243328 ns, At safepoint: 692098 ns, Total: 935426 ns
[229.084s][info][gc       ] GC(213) Concurrent marking roots 0.367ms
[229.342s][info][gc       ] GC(213) Concurrent marking (unload classes) 257.798ms
[229.343s][info][gc       ] GC(213) Pause Final Mark (unload classes) 0.651ms
[229.344s][info][safepoint] Safepoint "ShenandoahFinalMarkStartEvac", Time since last: 259122677 ns, Reaching safepoint: 286885 ns, At safepoint: 1213212 ns, Total: 1500097 ns
[229.345s][info][gc       ] GC(213) Concurrent weak references 0.127ms
[229.345s][info][gc       ] GC(213) Concurrent weak roots 0.407ms
[229.346s][info][gc       ] GC(213) Concurrent cleanup 4529M->2299M(5120M) 0.194ms
[229.347s][info][gc       ] GC(213) Concurrent class unloading 1.016ms
[229.348s][info][gc       ] GC(213) Pause Final Roots 0.004ms
[229.348s][info][safepoint] Safepoint "ShenandoahFinalRoots", Time since last: 3502773 ns, Reaching safepoint: 226392 ns, At safepoint: 521553 ns, Total: 747945 ns
[229.651s][info][gc       ] Trigger: Average GC time (282.12 ms) is above the time for average allocation rate (4641 MB/s) to deplete free headroom (1143M) (margin of error = 1.61)
[229.655s][info][gc       ] GC(214) Concurrent reset 2.860ms
[229.655s][info][gc       ] GC(214) Pause Init Mark (unload classes) 0.182ms
[229.656s][info][safepoint] Safepoint "ShenandoahInitMark", Time since last: 306699807 ns, Reaching safepoint: 289935 ns, At safepoint: 500723 ns, Total: 790658 ns
[229.656s][info][gc       ] GC(214) Concurrent marking roots 0.402ms
[229.772s][info][gc       ] GC(214) Concurrent marking (unload classes) 114.692ms
[229.773s][info][gc       ] GC(214) Pause Final Mark (unload classes) 0.648ms
[229.773s][info][safepoint] Safepoint "ShenandoahFinalMarkStartEvac", Time since last: 116301434 ns, Reaching safepoint: 259028 ns, At safepoint: 990849 ns, Total: 1249877 ns
[229.774s][info][gc       ] GC(214) Concurrent weak references 0.170ms
[229.775s][info][gc       ] GC(214) Concurrent weak roots 0.675ms
[229.776s][info][gc       ] GC(214) Concurrent cleanup 3982M->1253M(5120M) 0.222ms
[229.777s][info][gc       ] GC(214) Concurrent class unloading 0.957ms
[229.778s][info][gc       ] GC(214) Pause Final Roots 0.004ms
[229.779s][info][safepoint] Safepoint "ShenandoahFinalRoots", Time since last: 4274531 ns, Reaching safepoint: 427854 ns, At safepoint: 490831 ns, Total: 918685 ns
[230.779s][info][safepoint] Safepoint "Cleanup", Time since last: 1000579356 ns, Reaching safepoint: 261880 ns, At safepoint: 23240 ns, Total: 285120 ns
[231.053s][info][gc       ] Trigger: Average GC time (290.30 ms) is above the time for average allocation rate (1967 MB/s) to deplete free headroom (569M) (margin of error = 1.58)
[231.055s][info][gc       ] GC(215) Concurrent reset 1.181ms
[231.056s][info][gc       ] GC(215) Pause Init Mark (unload classes) 0.124ms
[231.056s][info][safepoint] Safepoint "ShenandoahInitMark", Time since last: 275870850 ns, Reaching safepoint: 178059 ns, At safepoint: 532420 ns, Total: 710479 ns
[231.057s][info][gc       ] GC(215) Concurrent marking roots 0.310ms
[231.332s][info][gc       ] GC(215) Concurrent marking (unload classes) 275.505ms
[231.333s][info][gc       ] GC(215) Pause Final Mark (unload classes) 0.413ms
[231.333s][info][safepoint] Safepoint "ShenandoahFinalMarkStartEvac", Time since last: 276608048 ns, Reaching safepoint: 140621 ns, At safepoint: 656901 ns, Total: 797522 ns
[231.334s][info][gc       ] GC(215) Concurrent weak references 0.054ms
[231.334s][info][gc       ] GC(215) Concurrent weak roots 0.235ms
[231.334s][info][gc       ] GC(215) Concurrent cleanup 4478M->2293M(5120M) 0.216ms
[231.335s][info][gc       ] GC(215) Concurrent class unloading 0.767ms
[231.336s][info][gc       ] GC(215) Pause Final Roots 0.003ms
[231.336s][info][safepoint] Safepoint "ShenandoahFinalRoots", Time since last: 2186576 ns, Reaching safepoint: 132552 ns, At safepoint: 217439 ns, Total: 349991 ns
[232.142s][info][gc       ] Trigger: Average GC time (338.43 ms) is above the time for average allocation rate (2021 MB/s) to deplete free headroom (681M) (margin of error = 1.58)
[232.144s][info][gc       ] GC(216) Concurrent reset 2.160ms
[232.145s][info][gc       ] GC(216) Pause Init Mark (unload classes) 0.111ms
[232.146s][info][safepoint] Safepoint "ShenandoahInitMark", Time since last: 808828633 ns, Reaching safepoint: 209074 ns, At safepoint: 636547 ns, Total: 845621 ns
[232.146s][info][gc       ] GC(216) Concurrent marking roots 0.418ms
[232.415s][info][gc       ] GC(216) Concurrent marking (unload classes) 268.616ms
[232.417s][info][gc       ] GC(216) Pause Final Mark (unload classes) 0.744ms
[232.417s][info][safepoint] Safepoint "ShenandoahFinalMarkStartEvac", Time since last: 270101164 ns, Reaching safepoint: 274948 ns, At safepoint: 1125116 ns, Total: 1400064 ns
[232.418s][info][gc       ] GC(216) Concurrent weak references 0.097ms
[232.418s][info][gc       ] GC(216) Concurrent weak roots 0.315ms
[232.419s][info][gc       ] GC(216) Concurrent cleanup 4433M->2357M(5120M) 0.212ms
[232.420s][info][gc       ] GC(216) Concurrent class unloading 0.912ms
[232.421s][info][gc       ] GC(216) Pause Final Roots 0.004ms
[232.421s][info][safepoint] Safepoint "ShenandoahFinalRoots", Time since last: 3532354 ns, Reaching safepoint: 289750 ns, At safepoint: 533817 ns, Total: 823567 ns
[233.171s][info][gc       ] Trigger: Average GC time (338.36 ms) is above the time for average allocation rate (2126 MB/s) to deplete free headroom (717M) (margin of error = 1.59)
[233.174s][info][gc       ] GC(217) Concurrent reset 2.487ms
[233.174s][info][gc       ] GC(217) Pause Init Mark (unload classes) 0.113ms
[233.175s][info][safepoint] Safepoint "ShenandoahInitMark", Time since last: 752785348 ns, Reaching safepoint: 130437 ns, At safepoint: 398181 ns, Total: 528618 ns
[233.175s][info][gc       ] GC(217) Concurrent marking roots 0.304ms
[233.395s][info][gc       ] GC(217) Concurrent marking (unload classes) 219.265ms
[233.396s][info][gc       ] GC(217) Pause Final Mark (unload classes) 0.532ms
[233.397s][info][safepoint] Safepoint "ShenandoahFinalMarkStartEvac", Time since last: 220813768 ns, Reaching safepoint: 295981 ns, At safepoint: 1041624 ns, Total: 1337605 ns
[233.398s][info][gc       ] GC(217) Concurrent weak references 0.258ms
[233.398s][info][gc       ] GC(217) Concurrent weak roots 0.382ms
[233.399s][info][gc       ] GC(217) Concurrent cleanup 4223M->2183M(5120M) 0.193ms
[233.400s][info][gc       ] GC(217) Concurrent class unloading 1.079ms
[233.401s][info][gc       ] GC(217) Pause Final Roots 0.004ms
[233.401s][info][safepoint] Safepoint "ShenandoahFinalRoots", Time since last: 3693845 ns, Reaching safepoint: 185114 ns, At safepoint: 482713 ns, Total: 667827 ns
[234.261s][info][gc       ] Trigger: Average GC time (305.14 ms) is above the time for average allocation rate (2115 MB/s) to deplete free headroom (643M) (margin of error = 1.59)
[234.264s][info][gc       ] GC(218) Concurrent reset 2.391ms
[234.265s][info][gc       ] GC(218) Pause Init Mark (unload classes) 0.131ms
[234.265s][info][safepoint] Safepoint "ShenandoahInitMark", Time since last: 863164900 ns, Reaching safepoint: 190885 ns, At safepoint: 780223 ns, Total: 971108 ns
[234.266s][info][gc       ] GC(218) Concurrent marking roots 0.427ms
[234.473s][info][gc       ] GC(218) Concurrent marking (unload classes) 206.677ms
[234.475s][info][gc       ] GC(218) Pause Final Mark (unload classes) 0.753ms
[234.476s][info][safepoint] Safepoint "ShenandoahFinalMarkStartEvac", Time since last: 208631523 ns, Reaching safepoint: 296675 ns, At safepoint: 1385218 ns, Total: 1681893 ns
[234.476s][info][gc       ] GC(218) Concurrent weak references 0.109ms
[234.477s][info][gc       ] GC(218) Concurrent weak roots 0.428ms
[234.478s][info][gc       ] GC(218) Concurrent cleanup 4403M->2287M(5120M) 0.201ms
[234.479s][info][gc       ] GC(218) Concurrent class unloading 0.911ms
[234.480s][info][gc       ] GC(218) Pause Final Roots 0.004ms
[234.480s][info][safepoint] Safepoint "ShenandoahFinalRoots", Time since last: 3623331 ns, Reaching safepoint: 233810 ns, At safepoint: 556839 ns, Total: 790649 ns
[235.314s][info][gc       ] Trigger: Average GC time (279.17 ms) is above the time for average allocation rate (2032 MB/s) to deplete free headroom (565M) (margin of error = 1.59)
[235.316s][info][gc       ] GC(219) Concurrent reset 2.261ms
[235.317s][info][gc       ] GC(219) Pause Init Mark (unload classes) 0.141ms
[235.317s][info][safepoint] Safepoint "ShenandoahInitMark", Time since last: 836624437 ns, Reaching safepoint: 144398 ns, At safepoint: 510563 ns, Total: 654961 ns
[235.318s][info][gc       ] GC(219) Concurrent marking roots 0.353ms
[235.557s][info][gc       ] GC(219) Concurrent marking (unload classes) 238.378ms
[235.558s][info][gc       ] GC(219) Pause Final Mark (unload classes) 0.646ms
[235.559s][info][safepoint] Safepoint "ShenandoahFinalMarkStartEvac", Time since last: 239837063 ns, Reaching safepoint: 281617 ns, At safepoint: 1044075 ns, Total: 1325692 ns
[235.559s][info][gc       ] GC(219) Concurrent weak references 0.063ms
[235.560s][info][gc       ] GC(219) Concurrent weak roots 0.397ms
[235.560s][info][gc       ] GC(219) Concurrent cleanup 4365M->2173M(5120M) 0.218ms
[235.561s][info][gc       ] GC(219) Concurrent class unloading 0.824ms
[235.562s][info][gc       ] GC(219) Pause Final Roots 0.005ms
[235.562s][info][safepoint] Safepoint "ShenandoahFinalRoots", Time since last: 3006438 ns, Reaching safepoint: 227431 ns, At safepoint: 428752 ns, Total: 656183 ns
[236.444s][info][gc       ] Trigger: Average GC time (276.09 ms) is above the time for average allocation rate (2122 MB/s) to deplete free headroom (585M) (margin of error = 1.59)
[236.447s][info][gc       ] GC(220) Concurrent reset 2.296ms
[236.448s][info][gc       ] GC(220) Pause Init Mark (unload classes) 0.136ms
[236.448s][info][safepoint] Safepoint "ShenandoahInitMark", Time since last: 885026402 ns, Reaching safepoint: 137663 ns, At safepoint: 376005 ns, Total: 513668 ns
[236.449s][info][gc       ] GC(220) Concurrent marking roots 0.321ms
[236.682s][info][gc       ] GC(220) Concurrent marking (unload classes) 233.444ms
[236.684s][info][gc       ] GC(220) Pause Final Mark (unload classes) 0.593ms
[236.685s][info][safepoint] Safepoint "ShenandoahFinalMarkStartEvac", Time since last: 235112625 ns, Reaching safepoint: 318826 ns, At safepoint: 1308980 ns, Total: 1627806 ns
[236.685s][info][gc       ] GC(220) Concurrent weak references 0.203ms
[236.686s][info][gc       ] GC(220) Concurrent weak roots 0.583ms
[236.687s][info][gc       ] GC(220) Concurrent cleanup 4381M->2207M(5120M) 0.208ms
[236.689s][info][gc       ] GC(220) Concurrent class unloading 1.126ms
[236.690s][info][gc       ] GC(220) Pause Final Roots 0.010ms
[236.690s][info][safepoint] Safepoint "ShenandoahFinalRoots", Time since last: 4722969 ns, Reaching safepoint: 278544 ns, At safepoint: 601512 ns, Total: 880056 ns
[237.575s][info][gc       ] Trigger: Average GC time (269.20 ms) is above the time for average allocation rate (2127 MB/s) to deplete free headroom (571M) (margin of error = 1.59)
[237.578s][info][gc       ] GC(221) Concurrent reset 2.400ms
[237.579s][info][gc       ] GC(221) Pause Init Mark (unload classes) 0.198ms
[237.580s][info][safepoint] Safepoint "ShenandoahInitMark", Time since last: 888726384 ns, Reaching safepoint: 233507 ns, At safepoint: 693020 ns, Total: 926527 ns
[237.580s][info][gc       ] GC(221) Concurrent marking roots 0.373ms
[237.872s][info][gc       ] GC(221) Concurrent marking (unload classes) 290.900ms
[237.873s][info][gc       ] GC(221) Pause Final Mark (unload classes) 0.730ms
[237.873s][info][safepoint] Safepoint "ShenandoahFinalMarkStartEvac", Time since last: 292299333 ns, Reaching safepoint: 236511 ns, At safepoint: 1169975 ns, Total: 1406486 ns
[237.874s][info][gc       ] GC(221) Concurrent weak references 0.098ms
[237.875s][info][gc       ] GC(221) Concurrent weak roots 0.385ms
[237.875s][info][gc       ] GC(221) Concurrent cleanup 4581M->2393M(5120M) 0.196ms
[237.876s][info][gc       ] GC(221) Concurrent class unloading 0.824ms
[237.877s][info][gc       ] GC(221) Pause Final Roots 0.004ms
[237.877s][info][safepoint] Safepoint "ShenandoahFinalRoots", Time since last: 3067734 ns, Reaching safepoint: 222009 ns, At safepoint: 499051 ns, Total: 721060 ns
[238.595s][info][gc       ] Trigger: Average GC time (322.61 ms) is above the time for average allocation rate (2147 MB/s) to deplete free headroom (691M) (margin of error = 1.60)
[238.597s][info][gc       ] GC(222) Concurrent reset 2.267ms
[238.598s][info][gc       ] GC(222) Pause Init Mark (unload classes) 0.248ms
[238.599s][info][safepoint] Safepoint "ShenandoahInitMark", Time since last: 720519347 ns, Reaching safepoint: 343231 ns, At safepoint: 678948 ns, Total: 1022179 ns
[238.600s][info][gc       ] GC(222) Concurrent marking roots 0.364ms
[238.865s][info][gc       ] GC(222) Concurrent marking (unload classes) 265.516ms
[238.867s][info][gc       ] GC(222) Pause Final Mark (unload classes) 0.553ms
[238.867s][info][safepoint] Safepoint "ShenandoahFinalMarkStartEvac", Time since last: 267120973 ns, Reaching safepoint: 266672 ns, At safepoint: 980676 ns, Total: 1247348 ns
[238.867s][info][gc       ] GC(222) Concurrent weak references 0.088ms
[238.868s][info][gc       ] GC(222) Concurrent weak roots 0.341ms
[238.869s][info][gc       ] GC(222) Concurrent cleanup 4313M->2245M(5120M) 0.200ms
[238.870s][info][gc       ] GC(222) Concurrent class unloading 0.931ms
[238.871s][info][gc       ] GC(222) Pause Final Roots 0.003ms
[238.871s][info][safepoint] Safepoint "ShenandoahFinalRoots", Time since last: 3282354 ns, Reaching safepoint: 173354 ns, At safepoint: 370223 ns, Total: 543577 ns
[239.709s][info][gc       ] Trigger: Average GC time (309.98 ms) is above the time for average allocation rate (2092 MB/s) to deplete free headroom (647M) (margin of error = 1.60)
[239.712s][info][gc       ] GC(223) Concurrent reset 2.711ms
[239.713s][info][gc       ] GC(223) Pause Init Mark (unload classes) 0.115ms
[239.713s][info][safepoint] Safepoint "ShenandoahInitMark", Time since last: 841481290 ns, Reaching safepoint: 212757 ns, At safepoint: 484923 ns, Total: 697680 ns
[239.714s][info][gc       ] GC(223) Concurrent marking roots 0.364ms
[239.920s][info][gc       ] GC(223) Concurrent marking (unload classes) 205.706ms
[239.921s][info][gc       ] GC(223) Pause Final Mark (unload classes) 0.535ms
[239.922s][info][safepoint] Safepoint "ShenandoahFinalMarkStartEvac", Time since last: 207196849 ns, Reaching safepoint: 269155 ns, At safepoint: 1003939 ns, Total: 1273094 ns
[239.922s][info][gc       ] GC(223) Concurrent weak references 0.095ms
[239.923s][info][gc       ] GC(223) Concurrent weak roots 0.501ms
[239.923s][info][gc       ] GC(223) Concurrent cleanup 4393M->2281M(5120M) 0.191ms
[239.925s][info][gc       ] GC(223) Concurrent class unloading 0.804ms
[239.925s][info][gc       ] GC(223) Pause Final Roots 0.005ms
[239.926s][info][safepoint] Safepoint "ShenandoahFinalRoots", Time since last: 3481738 ns, Reaching safepoint: 258005 ns, At safepoint: 488479 ns, Total: 746484 ns
[240.794s][info][gc       ] Trigger: Average GC time (297.92 ms) is above the time for average allocation rate (1943 MB/s) to deplete free headroom (577M) (margin of error = 1.60)
[240.797s][info][gc       ] GC(224) Concurrent reset 2.195ms
[240.798s][info][gc       ] GC(224) Pause Init Mark (unload classes) 0.126ms
[240.798s][info][safepoint] Safepoint "ShenandoahInitMark", Time since last: 871510210 ns, Reaching safepoint: 128726 ns, At safepoint: 643067 ns, Total: 771793 ns
[240.799s][info][gc       ] GC(224) Concurrent marking roots 0.346ms
[241.056s][info][gc       ] GC(224) Concurrent marking (unload classes) 256.352ms
[241.057s][info][gc       ] GC(224) Pause Final Mark (unload classes) 0.586ms
[241.058s][info][safepoint] Safepoint "ShenandoahFinalMarkStartEvac", Time since last: 258092007 ns, Reaching safepoint: 336107 ns, At safepoint: 1139764 ns, Total: 1475871 ns
[241.058s][info][gc       ] GC(224) Concurrent weak references 0.110ms
[241.059s][info][gc       ] GC(224) Concurrent weak roots 0.465ms
[241.060s][info][gc       ] GC(224) Concurrent cleanup 4431M->2251M(5120M) 0.218ms
[241.061s][info][gc       ] GC(224) Concurrent class unloading 0.931ms
[241.062s][info][gc       ] GC(224) Pause Final Roots 0.014ms
[241.062s][info][safepoint] Safepoint "ShenandoahFinalRoots", Time since last: 3734499 ns, Reaching safepoint: 185269 ns, At safepoint: 558193 ns, Total: 743462 ns
[241.925s][info][gc       ] Trigger: Average GC time (297.64 ms) is above the time for average allocation rate (2107 MB/s) to deplete free headroom (625M) (margin of error = 1.60)
[241.928s][info][gc       ] GC(225) Concurrent reset 2.732ms
[241.929s][info][gc       ] GC(225) Pause Init Mark (unload classes) 0.150ms
[241.930s][info][safepoint] Safepoint "ShenandoahInitMark", Time since last: 866633351 ns, Reaching safepoint: 243487 ns, At safepoint: 796467 ns, Total: 1039954 ns
[241.931s][info][gc       ] GC(225) Concurrent marking roots 0.375ms
[242.183s][info][gc       ] GC(225) Concurrent marking (unload classes) 252.518ms
[242.185s][info][gc       ] GC(225) Pause Final Mark (unload classes) 0.624ms
[242.185s][info][safepoint] Safepoint "ShenandoahFinalMarkStartEvac", Time since last: 254018622 ns, Reaching safepoint: 284664 ns, At safepoint: 1129800 ns, Total: 1414464 ns
[242.186s][info][gc       ] GC(225) Concurrent weak references 0.063ms
[242.187s][info][gc       ] GC(225) Concurrent weak roots 0.407ms
[242.187s][info][gc       ] GC(225) Concurrent cleanup 4407M->2273M(5120M) 0.201ms
[242.188s][info][gc       ] GC(225) Concurrent class unloading 0.878ms
[242.189s][info][gc       ] GC(225) Pause Final Roots 0.005ms
[242.189s][info][safepoint] Safepoint "ShenandoahFinalRoots", Time since last: 3229110 ns, Reaching safepoint: 255442 ns, At safepoint: 535756 ns, Total: 791198 ns
[243.040s][info][gc       ] Trigger: Average GC time (289.95 ms) is above the time for average allocation rate (2060 MB/s) to deplete free headroom (593M) (margin of error = 1.60)
[243.042s][info][gc       ] GC(226) Concurrent reset 2.291ms
[243.043s][info][gc       ] GC(226) Pause Init Mark (unload classes) 0.182ms
[243.043s][info][safepoint] Safepoint "ShenandoahInitMark", Time since last: 853439087 ns, Reaching safepoint: 130311 ns, At safepoint: 376805 ns, Total: 507116 ns
[243.044s][info][gc       ] GC(226) Concurrent marking roots 0.326ms
[243.286s][info][gc       ] GC(226) Concurrent marking (unload classes) 242.059ms
[243.288s][info][gc       ] GC(226) Pause Final Mark (unload classes) 0.780ms
[243.289s][info][safepoint] Safepoint "ShenandoahFinalMarkStartEvac", Time since last: 243719802 ns, Reaching safepoint: 315246 ns, At safepoint: 1537614 ns, Total: 1852860 ns
[243.290s][info][gc       ] GC(226) Concurrent weak references 0.117ms
[243.290s][info][gc       ] GC(226) Concurrent weak roots 0.548ms
[243.291s][info][gc       ] GC(226) Concurrent cleanup 4527M->2363M(5120M) 0.217ms
[243.293s][info][gc       ] GC(226) Concurrent class unloading 0.904ms
[243.293s][info][gc       ] GC(226) Pause Final Roots 0.004ms
[243.294s][info][safepoint] Safepoint "ShenandoahFinalRoots", Time since last: 4198364 ns, Reaching safepoint: 305431 ns, At safepoint: 576902 ns, Total: 882333 ns
[244.116s][info][gc       ] Trigger: Average GC time (279.03 ms) is above the time for average allocation rate (2108 MB/s) to deplete free headroom (585M) (margin of error = 1.61)
[244.119s][info][gc       ] GC(227) Concurrent reset 2.505ms
[244.120s][info][gc       ] GC(227) Pause Init Mark (unload classes) 0.117ms
[244.120s][info][safepoint] Safepoint "ShenandoahInitMark", Time since last: 825567002 ns, Reaching safepoint: 268730 ns, At safepoint: 569465 ns, Total: 838195 ns
[244.121s][info][gc       ] GC(227) Concurrent marking roots 0.357ms
[244.365s][info][gc       ] GC(227) Concurrent marking (unload classes) 243.808ms
[244.366s][info][gc       ] GC(227) Pause Final Mark (unload classes) 0.451ms
[244.367s][info][safepoint] Safepoint "ShenandoahFinalMarkStartEvac", Time since last: 245276000 ns, Reaching safepoint: 215495 ns, At safepoint: 825128 ns, Total: 1040623 ns
[244.367s][info][gc       ] GC(227) Concurrent weak references 0.083ms
[244.367s][info][gc       ] GC(227) Concurrent weak roots 0.342ms
[244.368s][info][gc       ] GC(227) Concurrent cleanup 4431M->2257M(5120M) 0.196ms
[244.369s][info][gc       ] GC(227) Concurrent class unloading 0.832ms
[244.369s][info][gc       ] GC(227) Pause Final Roots 0.003ms
[244.370s][info][safepoint] Safepoint "ShenandoahFinalRoots", Time since last: 2602520 ns, Reaching safepoint: 189204 ns, At safepoint: 513203 ns, Total: 702407 ns
[245.237s][info][gc       ] Trigger: Average GC time (271.09 ms) is above the time for average allocation rate (2113 MB/s) to deplete free headroom (571M) (margin of error = 1.61)
[245.239s][info][gc       ] GC(228) Concurrent reset 2.211ms
[245.240s][info][gc       ] GC(228) Pause Init Mark (unload classes) 0.304ms
[245.241s][info][safepoint] Safepoint "ShenandoahInitMark", Time since last: 869775942 ns, Reaching safepoint: 272420 ns, At safepoint: 868848 ns, Total: 1141268 ns
[245.242s][info][gc       ] GC(228) Concurrent marking roots 0.371ms
[245.486s][info][gc       ] GC(228) Concurrent marking (unload classes) 244.445ms
[245.487s][info][gc       ] GC(228) Pause Final Mark (unload classes) 0.663ms
[245.488s][info][safepoint] Safepoint "ShenandoahFinalMarkStartEvac", Time since last: 245783584 ns, Reaching safepoint: 110516 ns, At safepoint: 1071672 ns, Total: 1182188 ns
[245.488s][info][gc       ] GC(228) Concurrent weak references 0.159ms
[245.489s][info][gc       ] GC(228) Concurrent weak roots 0.395ms
[245.489s][info][gc       ] GC(228) Concurrent cleanup 4407M->2219M(5120M) 0.196ms
[245.490s][info][gc       ] GC(228) Concurrent class unloading 0.812ms
[245.491s][info][gc       ] GC(228) Pause Final Roots 0.004ms
[245.491s][info][safepoint] Safepoint "ShenandoahFinalRoots", Time since last: 2779563 ns, Reaching safepoint: 184739 ns, At safepoint: 330472 ns, Total: 515211 ns
[245.820s][info][gc       ] Cancelling GC: Stopping VM
