[0.024s][info][gc] Using Epsilon
[0.331s][info][safepoint] Safepoint "ICBufferFull", Time since last: 295901994 ns, Reaching safepoint: 60550 ns, At safepoint: 22727 ns, Total: 83277 ns
[0.530s][info][gc       ] Heap: 5120M reserved, 5120M (100.00%) committed, 256M (5.00%) used
[0.643s][info][gc       ] Heap: 5120M reserved, 5120M (100.00%) committed, 514M (10.04%) used
[0.757s][info][gc       ] Heap: 5120M reserved, 5120M (100.00%) committed, 773M (15.11%) used
[0.870s][info][gc       ] Heap: 5120M reserved, 5120M (100.00%) committed, 1029M (20.11%) used
[0.986s][info][gc       ] Heap: 5120M reserved, 5120M (100.00%) committed, 1288M (25.17%) used
[1.098s][info][gc       ] Heap: 5120M reserved, 5120M (100.00%) committed, 1544M (30.17%) used
[1.255s][info][gc       ] Heap: 5120M reserved, 5120M (100.00%) committed, 1801M (35.19%) used
[1.368s][info][safepoint] Safepoint "Cleanup", Time since last: 1034311231 ns, Reaching safepoint: 2652218 ns, At safepoint: 38735 ns, Total: 2690953 ns
[1.669s][info][gc       ] Heap: 5120M reserved, 5120M (100.00%) committed, 2057M (40.19%) used
[1.866s][info][gc       ] Heap: 5120M reserved, 5120M (100.00%) committed, 2313M (45.19%) used
[2.051s][info][gc       ] Heap: 5120M reserved, 5120M (100.00%) committed, 2569M (50.19%) used
[2.230s][info][gc       ] Heap: 5120M reserved, 5120M (100.00%) committed, 2825M (55.19%) used
[2.373s][info][safepoint] Safepoint "Cleanup", Time since last: 1002867014 ns, Reaching safepoint: 2468033 ns, At safepoint: 24997 ns, Total: 2493030 ns
[2.409s][info][gc       ] Heap: 5120M reserved, 5120M (100.00%) committed, 3081M (60.19%) used
[2.592s][info][gc       ] Heap: 5120M reserved, 5120M (100.00%) committed, 3337M (65.19%) used
[2.795s][info][gc       ] Heap: 5120M reserved, 5120M (100.00%) committed, 3593M (70.19%) used
[2.969s][info][gc       ] Heap: 5120M reserved, 5120M (100.00%) committed, 3849M (75.19%) used
[3.147s][info][gc       ] Heap: 5120M reserved, 5120M (100.00%) committed, 4105M (80.19%) used
[3.314s][info][gc       ] Heap: 5120M reserved, 5120M (100.00%) committed, 4361M (85.19%) used
[3.491s][info][gc       ] Heap: 5120M reserved, 5120M (100.00%) committed, 4617M (90.19%) used
[3.667s][info][gc       ] Heap: 5120M reserved, 5120M (100.00%) committed, 4873M (95.19%) used
