[0.097s][info][gc] [GCHH : Zing name     : Zing 64-Bit Tiered VM mixed mode ]
[0.098s][info][gc] [GCHH : Zing release  : 17.0.4.1-zing_22.09.0.0-b2-product-linux-X86_64 ]
[0.098s][info][gc] [GCHH : OS name       : Linux ]
[0.098s][info][gc] [GCHH : OS release    : 5.10.102.1-microsoft-standard-WSL2 #1 SMP Wed Mar 2 00:30:59 UTC 2022 ]
[0.098s][info][gc] [GCHH : hardware      : x86_64 ]
[0.098s][info][gc] [GCHH : ncpus         : 16 16 8 16 8 ]
[0.098s][info][gc] [GCHH : TSC           : scaling_driver NA tsc on constant_tsc on nonstop_tsc on distrust_calculated_tsc_freq no UseRdtscForVMInternal false UseRdtsc false ]
[0.098s][info][gc] [GCHH : machine name  : ZUEN51878 ]
[0.098s][info][gc] [GCHH : CGroups information: ]
[0.098s][info][gc] [GCHH :   Container Type                   : cgroupv1 ]
[0.098s][info][gc] [GCHH :   Active processor count           : 16 ]
[0.098s][info][gc] [GCHH :   Active processor count(internal) : 16 ]
[0.098s][info][gc] [GCHH :   Available memory nodes           : 0 ]
[0.098s][info][gc] [GCHH :   Available CPUs                   : 0-15 ]
[0.098s][info][gc] [GCHH :   CPU quota, us                    : -1 ]
[0.098s][info][gc] [GCHH :   CPU period, us                   : 100000 ]
[0.098s][info][gc] [GCHH :   CPU shares                       : -1 ]
[0.098s][info][gc] [GCHH :   Memory and swap limit, bytes     : -1 ]
[0.098s][info][gc] [GCHH :   Memory limit, bytes              : -1 ]
[0.098s][info][gc] [GCHH :   Memory soft limit, bytes         : -1 ]
[0.098s][info][gc] [GCHH : start time    : Mon Oct 17 22:08:56 CST 2022 ]
[0.098s][info][gc] [GCHH : start time ms : 1666015736486 ]
[0.098s][info][gc] [GCHH : process id    : 3559 ]
[0.098s][info][gc] [GCHH : sequence no.  : 0 ]
[0.098s][info][gc] [GCHH : Memory configuration and use (MB) : ]
[0.098s][info][gc] [GCHH :   System RAM max             : 25429 ]
[0.098s][info][gc] [GCHH :   System RAM free            : 23743 ]
[0.098s][info][gc] [GCHH :   Use ZST                    : false ]
[0.098s][info][gc] [GCHH :   Process Zing maximum              : 5120 ]
[0.098s][info][gc] [GCHH :   Process Zing reserved (-Xmx)      : 5120 ]
[0.098s][info][gc] [GCHH :     Side band (Java heap) : 156 ]
[0.098s][info][gc] [GCHH :   Code cache location     : C Heap Memory ]
[0.098s][info][gc] [GCHH :   Code cache mlocked      : false ]
[0.098s][info][gc] [GCHH :   Code cache min          : 32 ]
[0.098s][info][gc] [GCHH :   Code cache max          : 512 ]
[0.098s][info][gc] [GCHH :   Code cache page size    : THP always (C heap) ]
[0.098s][info][gc] [GCHH :   Side band (C Heap)      : 100 ]
[0.098s][info][gc] [GCHH :   Side band mlocked       : true ]
[0.098s][info][gc] [GCHH :   Side band page size     : Small (Java heap); THP always (C heap) ]
[0.098s][info][gc] [GCHH :   Monitor cache location  : C Heap Memory ]
[0.098s][info][gc] [GCHH :   Monitor cache mlocked   : true ]
[0.098s][info][gc] [GCHH :   Monitor cache min       : 0 ]
[0.098s][info][gc] [GCHH :   Monitor cache max       : 512 ]
[0.098s][info][gc] [GCHH :   Monitor cache page size : THP always (C heap) ]
[0.098s][info][gc] [GCHH :   Enable java heap elasticity : false ]
[0.098s][info][gc] [GCHH :   Force NUMA interleaving     : false ]
[0.098s][info][gc] [GCHH :   Use transparent huge pages for java heap : false ]
[0.098s][info][gc] [GCHH :   Use explicit huge pages for java heap    : false ]
[0.098s][info][gc] [GCHH : Compiler Tier 1 : C1 ]
[0.098s][info][gc] [GCHH : Compiler Tier 2 : Falcon ]
[0.098s][info][gc] [GCHH : Garbage collection type     : C4 ]
[0.098s][info][gc] [GCHH : GenPauseless Phase Encoding : Sparse ]
[0.098s][info][gc] [GCHH : GenPauseless GC physical use soft limits (MB) : ]
[0.098s][info][gc] [GCHH :   New Generation          : 5120 ]
[0.098s][info][gc] [GCHH :   Old/Perm Generations    : 5120 ]
[0.098s][info][gc] [GCHH : GenPauseless GC virtual use limits (MB) : ]
[0.098s][info][gc] [GCHH :   New Generation          : 5118 ]
[0.098s][info][gc] [GCHH :   Old/Perm Generations    : 5118 ]
[0.098s][info][gc] [GCHH : GenPauseless GC thread counts : ]
[0.098s][info][gc] [GCHH :   Max New GC threads     : 8 ]
[0.098s][info][gc] [GCHH :   Max Old GC threads     : 4 ]
[0.098s][info][gc] [GCHH :   Page Zeroing threads   : 1 ]
[0.098s][info][gc] [GCHH : Dynamic GC thread count scheme      : Partial ]
[0.098s][info][gc] [GCHH : Enable CPU usage based heuristics   : true ]
[0.098s][info][gc] [GCHH : UseThreadStateNativeWrapperProtocol : true ]
[0.098s][info][gc] [GCHH : jvm arguments : -Xms5G -Xmx5G -javaagent:../jHiccup.jar=-l,UseC4GC.hlog -XX:+PrintCommandLineFlags -XX:+UnlockExperimentalVMOptions -Xlog:gc,safepoint:./gc-example-list12-5GXms-UseC4GC.log -Dcom.sun.management.jmxremote.port=9010 -Dcom.sun.management.jmxremote.rmi.port=9010 -Dcom.sun.management.jmxremote.local.only=false -Dcom.sun.management.jmxremote.authenticate=false -Dcom.sun.management.jmxremote.ssl=false ]
[0.098s][info][gc] [GCHH : jvm flags     : none ]
[0.098s][info][gc] [GCHH : java command  : ../JVMBenchmark-1.0-SNAPSHOT-example-list12-5GXms.jar ]
[0.098s][info][gc] [GCHS : Affected by MCU Erratum SKX102 : false]
[0.098s][info][gc] [GCHS : MCU Erratum SKX102 mitigation  : not applied]
[0.098s][info][gc] [GCHS : /proc/cpuinfo]
[0.098s][info][gc] [GCHS : processor	: 15]
[0.098s][info][gc] [GCHS : vendor_id	: GenuineIntel]
[0.098s][info][gc] [GCHS : cpu family	: 6]
[0.098s][info][gc] [GCHS : model		: 141]
[0.098s][info][gc] [GCHS : model name	: 11th Gen Intel(R) Core(TM) i9-11950H @ 2.60GHz]
[0.098s][info][gc] [GCHS : stepping	: 1]
[0.098s][info][gc] [GCHS : microcode	: 0xffffffff]
[0.098s][info][gc] [GCHS : cpu MHz		: 2611.199]
[0.098s][info][gc] [GCHS : cache size	: 24576 KB]
[0.098s][info][gc] [GCHS : physical id	: 0]
[0.098s][info][gc] [GCHS : siblings	: 16]
[0.098s][info][gc] [GCHS : core id		: 7]
[0.098s][info][gc] [GCHS : cpu cores	: 8]
[0.098s][info][gc] [GCHS : apicid		: 15]
[0.098s][info][gc] [GCHS : initial apicid	: 15]
[0.098s][info][gc] [GCHS : fpu		: yes]
[0.098s][info][gc] [GCHS : fpu_exception	: yes]
[0.098s][info][gc] [GCHS : cpuid level	: 21]
[0.098s][info][gc] [GCHS : wp		: yes]
[0.098s][info][gc] [GCHS : flags		: fpu vme de pse tsc msr pae mce cx8 apic sep mtrr pge mca cmov pat pse36 clflush mmx fxsr sse sse2 ss ht syscall nx pdpe1gb rdtscp lm constant_tsc rep_good nopl xtopology tsc_reliable nonstop_tsc cpuid pni pclmulqdq ssse3 fma cx16 pcid sse4_1 sse4_2 movbe popcnt aes xsave avx f16c rdrand hypervisor lahf_lm abm 3dnowprefetch invpcid_single ssbd ibrs ibpb stibp ibrs_enhanced fsgsbase bmi1 avx2 smep bmi2 erms invpcid avx512f avx512dq rdseed adx smap avx512ifma clflushopt clwb avx512cd sha_ni avx512bw avx512vl xsaveopt xsavec xgetbv1 xsaves avx512vbmi umip avx512_vbmi2 gfni vaes vpclmulqdq avx512_vnni avx512_bitalg avx512_vpopcntdq rdpid fsrm avx512_vp2intersect flush_l1d arch_capabilities]
[0.098s][info][gc] [GCHS : bugs		: spectre_v1 spectre_v2 spec_store_bypass swapgs]
[0.098s][info][gc] [GCHS : bogomips	: 5222.39]
[0.098s][info][gc] [GCHS : clflush size	: 64]
[0.098s][info][gc] [GCHS : cache_alignment	: 64]
[0.098s][info][gc] [GCHS : address sizes	: 39 bits physical, 48 bits virtual]
[0.098s][info][gc] [GCHS : power management:]
[0.098s][info][gc] [GCHS : /sys/devices/system/cpu/vulnerabilities]
[0.098s][info][gc] [GCHS : spectre_v2        : Mitigation: Enhanced IBRS, IBPB: conditional, RSB filling]
[0.098s][info][gc] [GCHS : itlb_multihit     : Not affected]
[0.098s][info][gc] [GCHS : mds               : Not affected]
[0.098s][info][gc] [GCHS : l1tf              : Not affected]
[0.098s][info][gc] [GCHS : spec_store_bypass : Mitigation: Speculative Store Bypass disabled via prctl and seccomp]
[0.098s][info][gc] [GCHS : tsx_async_abort   : Not affected]
[0.098s][info][gc] [GCHS : spectre_v1        : Mitigation: usercopy/swapgs barriers and __user pointer sanitization]
[0.098s][info][gc] [GCHS : srbds             : Not affected]
[0.098s][info][gc] [GCHS : meltdown          : Not affected]
[0.098s][info][gc] [GCHS : /proc/self/limits]
[0.098s][info][gc] [GCHS : Limit                     Soft Limit           Hard Limit           Units     ]
[0.098s][info][gc] [GCHS : Max cpu time              unlimited            unlimited            seconds   ]
[0.098s][info][gc] [GCHS : Max file size             unlimited            unlimited            bytes     ]
[0.098s][info][gc] [GCHS : Max data size             unlimited            unlimited            bytes     ]
[0.098s][info][gc] [GCHS : Max stack size            8388608              unlimited            bytes     ]
[0.098s][info][gc] [GCHS : Max core file size        0                    unlimited            bytes     ]
[0.098s][info][gc] [GCHS : Max resident set          unlimited            unlimited            bytes     ]
[0.098s][info][gc] [GCHS : Max processes             101697               101697               processes ]
[0.098s][info][gc] [GCHS : Max open files            4096                 4096                 files     ]
[0.098s][info][gc] [GCHS : Max locked memory         65536                65536                bytes     ]
[0.098s][info][gc] [GCHS : Max address space         unlimited            unlimited            bytes     ]
[0.098s][info][gc] [GCHS : Max file locks            unlimited            unlimited            locks     ]
[0.098s][info][gc] [GCHS : Max pending signals       101697               101697               signals   ]
[0.098s][info][gc] [GCHS : Max msgqueue size         819200               819200               bytes     ]
[0.098s][info][gc] [GCHS : Max nice priority         0                    0                    ]
[0.098s][info][gc] [GCHS : Max realtime priority     0                    0                    ]
[0.098s][info][gc] [GCHS : Max realtime timeout      unlimited            unlimited            us        ]
[0.098s][info][gc] [GCHS : /proc/self/status]
[0.098s][info][gc] [GCHS : Cpus_allowed:	ffff]
[0.098s][info][gc] [GCHS : Cpus_allowed_list:	0-15]
[0.098s][info][gc] [GCHS : Mems_allowed:	1]
[0.098s][info][gc] [GCHS : Mems_allowed_list:	0]
[0.098s][info][gc] [GCHS : /proc/meminfo]
[0.098s][info][gc] [GCHS : MemTotal:       26039588 kB]
[0.098s][info][gc] [GCHS : MemFree:        24313348 kB]
[0.098s][info][gc] [GCHS : MemAvailable:   24310176 kB]
[0.098s][info][gc] [GCHS : Buffers:           31368 kB]
[0.098s][info][gc] [GCHS : Cached:          1016196 kB]
[0.098s][info][gc] [GCHS : SwapCached:            0 kB]
[0.098s][info][gc] [GCHS : Active:           233688 kB]
[0.098s][info][gc] [GCHS : Inactive:        1315432 kB]
[0.098s][info][gc] [GCHS : Active(anon):        328 kB]
[0.098s][info][gc] [GCHS : Inactive(anon):  1250724 kB]
[0.098s][info][gc] [GCHS : Active(file):     233360 kB]
[0.098s][info][gc] [GCHS : Inactive(file):    64708 kB]
[0.098s][info][gc] [GCHS : Unevictable:           4 kB]
[0.098s][info][gc] [GCHS : Mlocked:               4 kB]
[0.098s][info][gc] [GCHS : SwapTotal:       7340032 kB]
[0.098s][info][gc] [GCHS : SwapFree:        7340032 kB]
[0.098s][info][gc] [GCHS : Dirty:                36 kB]
[0.098s][info][gc] [GCHS : Writeback:             0 kB]
[0.098s][info][gc] [GCHS : AnonPages:        501216 kB]
[0.098s][info][gc] [GCHS : Mapped:           599624 kB]
[0.098s][info][gc] [GCHS : Shmem:            749496 kB]
[0.098s][info][gc] [GCHS : KReclaimable:      26152 kB]
[0.098s][info][gc] [GCHS : Slab:              62488 kB]
[0.098s][info][gc] [GCHS : SReclaimable:      26152 kB]
[0.098s][info][gc] [GCHS : SUnreclaim:        36336 kB]
[0.098s][info][gc] [GCHS : KernelStack:        4208 kB]
[0.098s][info][gc] [GCHS : PageTables:        10768 kB]
[0.098s][info][gc] [GCHS : NFS_Unstable:          0 kB]
[0.098s][info][gc] [GCHS : Bounce:                0 kB]
[0.098s][info][gc] [GCHS : WritebackTmp:          0 kB]
[0.098s][info][gc] [GCHS : CommitLimit:    20359824 kB]
[0.098s][info][gc] [GCHS : Committed_AS:    1231256 kB]
[0.098s][info][gc] [GCHS : VmallocTotal:   34359738367 kB]
[0.098s][info][gc] [GCHS : VmallocUsed:       25712 kB]
[0.098s][info][gc] [GCHS : VmallocChunk:          0 kB]
[0.098s][info][gc] [GCHS : Percpu:             5376 kB]
[0.098s][info][gc] [GCHS : AnonHugePages:    466944 kB]
[0.098s][info][gc] [GCHS : ShmemHugePages:        0 kB]
[0.098s][info][gc] [GCHS : ShmemPmdMapped:        0 kB]
[0.098s][info][gc] [GCHS : FileHugePages:         0 kB]
[0.098s][info][gc] [GCHS : FilePmdMapped:         0 kB]
[0.098s][info][gc] [GCHS : HugePages_Total:       0]
[0.098s][info][gc] [GCHS : HugePages_Free:        0]
[0.098s][info][gc] [GCHS : HugePages_Rsvd:        0]
[0.098s][info][gc] [GCHS : HugePages_Surp:        0]
[0.098s][info][gc] [GCHS : Hugepagesize:       2048 kB]
[0.098s][info][gc] [GCHS : Hugetlb:               0 kB]
[0.098s][info][gc] [GCHS : DirectMap4k:       17408 kB]
[0.098s][info][gc] [GCHS : DirectMap2M:     3526656 kB]
[0.098s][info][gc] [GCHS : DirectMap1G:    23068672 kB]
[0.098s][info][gc] [GCHS : /proc/sys/vm/admin_reserve_kbytes                                               : 8192]
[0.098s][info][gc] [GCHS : /proc/sys/vm/block_dump                                                         : 0]
[0.098s][info][gc] [GCHS : /proc/sys/vm/dirty_background_bytes                                             : 0]
[0.098s][info][gc] [GCHS : /proc/sys/vm/dirty_background_ratio                                             : 10]
[0.098s][info][gc] [GCHS : /proc/sys/vm/dirty_bytes                                                        : 0]
[0.098s][info][gc] [GCHS : /proc/sys/vm/dirty_expire_centisecs                                             : 3000]
[0.098s][info][gc] [GCHS : /proc/sys/vm/dirty_ratio                                                        : 20]
[0.098s][info][gc] [GCHS : /proc/sys/vm/dirty_writeback_centisecs                                          : 500]
[0.098s][info][gc] [GCHS : /proc/sys/vm/extfrag_threshold                                                  : 500]
[0.098s][info][gc] [GCHS : /proc/sys/vm/hugetlb_shm_group                                                  : 0]
[0.098s][info][gc] [GCHS : /proc/sys/vm/laptop_mode                                                        : 0]
[0.098s][info][gc] [GCHS : /proc/sys/vm/legacy_va_layout                                                   : 0]
[0.098s][info][gc] [GCHS : /proc/sys/vm/lowmem_reserve_ratio                                               : 256	256	32	0	0]
[0.098s][info][gc] [GCHS : /proc/sys/vm/max_map_count                                                      : 65530]
[0.098s][info][gc] [GCHS : /proc/sys/vm/min_free_kbytes                                                    : 67584]
[0.098s][info][gc] [GCHS : /proc/sys/vm/mmap_min_addr                                                      : 65536]
[0.098s][info][gc] [GCHS : /proc/sys/vm/nr_hugepages                                                       : 0]
[0.098s][info][gc] [GCHS : /proc/sys/vm/nr_overcommit_hugepages                                            : 0]
[0.098s][info][gc] [GCHS : /proc/sys/vm/oom_dump_tasks                                                     : 1]
[0.098s][info][gc] [GCHS : /proc/sys/vm/oom_kill_allocating_task                                           : 0]
[0.098s][info][gc] [GCHS : /proc/sys/vm/overcommit_kbytes                                                  : 0]
[0.098s][info][gc] [GCHS : /proc/sys/vm/overcommit_memory                                                  : 0]
[0.098s][info][gc] [GCHS : /proc/sys/vm/overcommit_ratio                                                   : 50]
[0.098s][info][gc] [GCHS : /proc/sys/vm/page-cluster                                                       : 3]
[0.098s][info][gc] [GCHS : /proc/sys/vm/panic_on_oom                                                       : 0]
[0.098s][info][gc] [GCHS : /proc/sys/vm/percpu_pagelist_fraction                                           : 0]
[0.098s][info][gc] [GCHS : /proc/sys/vm/stat_interval                                                      : 1]
[0.098s][info][gc] [GCHS : /proc/sys/vm/swappiness                                                         : 60]
[0.098s][info][gc] [GCHS : /proc/sys/vm/vfs_cache_pressure                                                 : 100]
[0.098s][info][gc] [GCHS : /proc/sys/vm/user_reserve_kbytes                                                : 131072]
[0.098s][info][gc] [GCHS : /proc/sys/vm/compact_unevictable_allowed                                        : 1]
[0.098s][info][gc] [GCHS : /proc/sys/vm/dirtytime_expire_seconds                                           : 43200]
[0.098s][info][gc] [GCHS : /proc/sys/vm/watermark_scale_factor                                             : 10]
[0.098s][info][gc] [GCHS : /sys/kernel/mm/hugepages/hugepages-2048kB/free_hugepages                        : 0]
[0.098s][info][gc] [GCHS : /sys/kernel/mm/hugepages/hugepages-2048kB/resv_hugepages                        : 0]
[0.098s][info][gc] [GCHS : /sys/kernel/mm/hugepages/hugepages-2048kB/surplus_hugepages                     : 0]
[0.098s][info][gc] [GCHS : /sys/kernel/mm/hugepages/hugepages-2048kB/nr_hugepages                          : 0]
[0.098s][info][gc] [GCHS : /sys/kernel/mm/hugepages/hugepages-2048kB/nr_overcommit_hugepages               : 0]
[0.098s][info][gc] [GCHS : /sys/kernel/mm/hugepages/hugepages-1048576kB/free_hugepages                     : 0]
[0.098s][info][gc] [GCHS : /sys/kernel/mm/hugepages/hugepages-1048576kB/resv_hugepages                     : 0]
[0.098s][info][gc] [GCHS : /sys/kernel/mm/hugepages/hugepages-1048576kB/surplus_hugepages                  : 0]
[0.098s][info][gc] [GCHS : /sys/kernel/mm/hugepages/hugepages-1048576kB/nr_hugepages                       : 0]
[0.098s][info][gc] [GCHS : /sys/kernel/mm/hugepages/hugepages-1048576kB/nr_overcommit_hugepages            : 0]
[0.098s][info][gc] [GCHS : /sys/kernel/mm/transparent_hugepage/defrag                                      : always defer defer+madvise [madvise] never]
[0.098s][info][gc] [GCHS : /sys/kernel/mm/transparent_hugepage/khugepaged/defrag                           : 1]
[0.098s][info][gc] [GCHS : /sys/kernel/mm/transparent_hugepage/khugepaged/max_ptes_shared                  : 256]
[0.098s][info][gc] [GCHS : /sys/kernel/mm/transparent_hugepage/khugepaged/scan_sleep_millisecs             : 10000]
[0.098s][info][gc] [GCHS : /sys/kernel/mm/transparent_hugepage/khugepaged/max_ptes_none                    : 511]
[0.098s][info][gc] [GCHS : /sys/kernel/mm/transparent_hugepage/khugepaged/pages_to_scan                    : 4096]
[0.098s][info][gc] [GCHS : /sys/kernel/mm/transparent_hugepage/khugepaged/max_ptes_swap                    : 64]
[0.098s][info][gc] [GCHS : /sys/kernel/mm/transparent_hugepage/khugepaged/alloc_sleep_millisecs            : 60000]
[0.098s][info][gc] [GCHS : /sys/kernel/mm/transparent_hugepage/khugepaged/pages_collapsed                  : 560]
[0.098s][info][gc] [GCHS : /sys/kernel/mm/transparent_hugepage/khugepaged/full_scans                       : 65]
[0.098s][info][gc] [GCHS : /sys/kernel/mm/transparent_hugepage/enabled                                     : [always] madvise never]
[0.098s][info][gc] [GCHS : /sys/kernel/mm/transparent_hugepage/use_zero_page                               : 1]
[0.098s][info][gc] [GCHS : /sys/kernel/mm/transparent_hugepage/shmem_enabled                               : always within_size advise [never] deny force]
[0.098s][info][gc] [GCHS : /sys/kernel/mm/transparent_hugepage/hpage_pmd_size                              : 2097152]
[0.098s][info][gc] [GCHS : /sys/kernel/mm/ksm/stable_node_dups                                             : 0]
[0.098s][info][gc] [GCHS : /sys/kernel/mm/ksm/max_page_sharing                                             : 256]
[0.098s][info][gc] [GCHS : /sys/kernel/mm/ksm/pages_volatile                                               : 0]
[0.098s][info][gc] [GCHS : /sys/kernel/mm/ksm/stable_node_chains_prune_millisecs                           : 2000]
[0.098s][info][gc] [GCHS : /sys/kernel/mm/ksm/pages_unshared                                               : 0]
[0.098s][info][gc] [GCHS : /sys/kernel/mm/ksm/stable_node_chains                                           : 0]
[0.098s][info][gc] [GCHS : /sys/kernel/mm/ksm/pages_shared                                                 : 0]
[0.098s][info][gc] [GCHS : /sys/kernel/mm/ksm/use_zero_pages                                               : 0]
[0.098s][info][gc] [GCHS : /sys/kernel/mm/ksm/pages_to_scan                                                : 100]
[0.098s][info][gc] [GCHS : /sys/kernel/mm/ksm/sleep_millisecs                                              : 20]
[0.098s][info][gc] [GCHS : /sys/kernel/mm/ksm/run                                                          : 0]
[0.098s][info][gc] [GCHS : /sys/kernel/mm/ksm/full_scans                                                   : 0]
[0.098s][info][gc] [GCHS : /sys/kernel/mm/ksm/pages_sharing                                                : 0]
[0.098s][info][gc] [GCHS : /sys/kernel/mm/swap/vma_ra_enabled                                              : true]
[0.098s][info][gc] [GCHS : /sys/devices/system/clocksource/clocksource0/current_clocksource                : tsc]
[0.098s][info][gc] [GCHS : /sys/devices/system/clocksource/clocksource0/available_clocksource              : tsc hyperv_clocksource_tsc_page ]
[0.106s][info][gc] [GCH                          : heap usage MB                                                        : gens MB                        : heap info MB                : pages                              : intercycle               intracycle               : gc            : threads  delay       failed      paced       : gc    pause 1   pause 2   pause 3   pause 4   : end]
[0.106s][info][gc] [GCH type label tot_ct-cyc_ct : max peak cur pcommit ppause upause rss codec_cap codec monitors jsys : new old perm internal gen-peak : live frag found cllctd lmtd : prom reloc noreloc rspike sm md lg : sec alloc-rate perm-rate sec alloc-rate perm-rate : thrds md diag : tot      cnt avg max cnt avg max cnt avg max : start start dur start dur start dur start dur : end]
[0.106s][info][gc] [SYSINFOH sysMemUsed cacheActiveFile cacheInactiveFile cacheActiveAnon cacheInactiveAnon swapCached buffers unevictable mlocked mapped : totalSysZingMemAcrossPartitions sysZingMemTot sysZingReservableUsed sysZingReservableTot sysZingContMemUsed sysZingContMemTot sysZingPPMemUsed sysZingPPMemTot : swapUsed swapMax : load1 load5 load15 : pageIn pageOut : swapPageIn swapPageOut : majorFaults cMajorFaults : processes procsRunning procsBlocked procsTotal : cgMem_limit_bytes cgMem_usage_bytes cgMem_max_usage_bytes cgMem_total_rss_bytes cgMem_total_shmem_bytes cgMem_total_active_file_bytes cgMem_total_inactive_file_bytes : cgCPU_usage_ms cgCPU_user_usage_ms cgCPU_system_usage_ms cgCPU_throttle_nof_periods cgCPU_throttle_nof_throttle cgCPU_throttle_throttled_ms : end(s) ]
[0.106s][info][gc] [HUGEPAGESTATH compact_stall compact_success compact_fail compact_pages_moved thp_fault_alloc thp_fault_fallback thp_file_alloc : anon_huge_pages shmem_pmd_mapped shmem_huge_pages : end(s) ]
[0.106s][info][gc] [OBJCREATH newGen(kB) permGen(kB) oldGen(kB) : end(s)]
[0.106s][info][gc] [VMACH vmaMax vmaStack vmaHeap vmaOther vmaCount : end(s)]
[0.106s][info][gc] [HMSVH gen : maps mapStomps mapReuses mapMisses cacheHits cacheMisses cachePartFlushes cacheFullFlushes : watermark cached cachedMin cachedMax : end(s)]
[0.106s][info][gc] [HMSPH maps : mapped unmapped : end(s)]
[0.106s][info][gc] [GPGC-HH Model MB/sec . .             : KIDRate : EstTime secs : Throttled GC Threads EstTime secs                    : CPU EstTime secs                                                      : Pause EstTime secs : EstTime percent : Sizes MB . .        : KIDCount  : Target MB   : Time(secs) : Heuristic ]
[0.106s][info][gc] [GPGC-HH NewGen OldGen PermGen Direct : KID/sec : NewGC OldGC  : NewGC_Model1 OldGC_Model1 NewGC_Model2 OldGC_Model2  : NewCPU OldCPU NewCPU_Model1 OldCPU_Model1 NewCPU_Model2 OldCPU_Model2 : NewGC_pause1       : NewGC_time      : New Old Perm Direct : KID       : Heap NewGen : Time       : ReasonCode ReasonString ]
[0.106s][info][gc] [COMPSTATSH      : Threads      : CompQueue   : StashQueue  : CompileCounts                                                                                                : StashCounts                                                                                              : TotalTimes ms                         : WaitTimes Histogram                                               : CompileTimes Histogram ]
[0.106s][info][gc] [COMPSTATSH Tier : Total Active : Peak Active : Peak Active : FullMethodCompiles OSRMethodCompiles MethodFailToInstall OSRFailToInstall FullMethodEvicted OSRMethodEvicted : MethodStashCompiles OSRStashCompiles MethodStashFailed OSRStashFailed MethodStashEvicted OSRStashEvicted : CPUTime WallClockTime WaitInQueueTime : 0-9 10-99 100-999 1000-9999 10000-99999 100000-999999 1000000-INF : 0-9 10-99 100-999 1000-9999 10000-99999 100000-999999 1000000-INF ]
[0.106s][info][gc] [DEOPTSTATSH : deoptimization : deoptimization_frame : deopt_on_throw : unloaded : cha : non_static_final_fields : unreached_if : unreached_call : athrow : null_check : div0_check : range_check : range_check_widened : cast_check : unhandled : predicate : loop_limit_check : array_store_check : uninitialized : unloaded_array_class : unexpected_klass_mono : unexpected_klass_bi : unexpected_klass_tri : unexpected_null_cast : intrinsic_check : Reason_fast_intrinsic_check : install_async_ex : new_exception : jvmti : static_in_clinit : stuck_in_loop : tier1_patch_volatile_field : too_many_compiles : deopt_a_lot : uncounted_loop_speculation_failed : loop_nest_speculation_failed : inacc_field_null_rcvr : new_gen_oop_assumption_failed : Reason_devirt_no_profile : unreached_jump : effectively_final_fields : unreached_switch_case ]
[0.106s][info][gc] [DEOPTSTATSH Tier : Entr NonEntr : Entr NonEntr : Entr NonEntr : Entr NonEntr : Entr NonEntr : Entr NonEntr : Entr NonEntr : Entr NonEntr : Entr NonEntr : Entr NonEntr : Entr NonEntr : Entr NonEntr : Entr NonEntr : Entr NonEntr : Entr NonEntr : Entr NonEntr : Entr NonEntr : Entr NonEntr : Entr NonEntr : Entr NonEntr : Entr NonEntr : Entr NonEntr : Entr NonEntr : Entr NonEntr : Entr NonEntr : Entr NonEntr : Entr NonEntr : Entr NonEntr : Entr NonEntr : Entr NonEntr : Entr NonEntr : Entr NonEntr : Entr NonEntr : Entr NonEntr : Entr NonEntr : Entr NonEntr : Entr NonEntr : Entr NonEntr : Entr NonEntr : Entr NonEntr : Entr NonEntr : Entr NonEntr ]
[0.107s][info][gc] [CCFH queuedForFlush queuedForFlushSize flushed flushedSize freedTotal freedTotalSize : bytesAllTypes : c2i2cAdapters c2i2cAdaptersBytes : methodStubs methodStubsBytes : nativeWrappers nativeWrappersBytes : tier1Compiles tier1CompilesBytes : tier2Compiles tier2CompilesBytes : objMonitors objMonitorsBytes : vtables vtablesBytes : mhAdapters mhAdaptersBytes ]
[0.107s][info][gc] [SYSINFO 1685 227 63 0 1221 0 30 0 0 585 : - - - - - - - - : 0 7168 : 4.07 3.01 1.96 : 292739 4277560 : 0 0 : 8 0 : 3850 1 0 235 : - 1586249728 682364928 513421312 767213568 238030848 67043328 : 140073237 29765920 729600 0 0 0 : 0.106989 ]
[0.107s][info][gc] [HUGEPAGESTAT 0 0 0 - 110771 0 0 : 466944 0 0 : 0.106989 ]
[0.327s][info][gc] [COMPSTATS 1 : 5 3 : 5 3 : 0 0 : 100 0 0 0 0 0 : 0 0 0 0 0 0 : 18 18 0 : 100 0 0 0 0 0 0 : 97 0 0 0 0 0 0 ]
[0.327s][info][gc] [COMPSTATS 2 : 5 3 : 5 3 : 0 0 : 10 0 0 0 0 0 : 0 0 0 0 0 0 : 172 174 0 : 10 0 0 0 0 0 0 : 1 6 0 0 0 0 0 ]
[0.327s][info][gc] [DEOPTSTATS 1 : 0 0 : 0 0 : 0 0 : 0 0 : 0 0 : 0 0 : 0 0 : 0 0 : 0 0 : 0 0 : 0 0 : 0 0 : 0 0 : 0 0 : 0 0 : 0 0 : 0 0 : 0 0 : 0 0 : 0 0 : 0 0 : 0 0 : 0 0 : 0 0 : 0 0 : 0 0 : 0 0 : 0 0 : 0 0 : 0 0 : 0 0 : 0 0 : 0 0 : 0 0 : 0 0 : 0 0 : 0 0 : 0 0 : 0 0 : 0 0 : 0 0 : 0 0 ]
[0.327s][info][gc] [DEOPTSTATS 2 : 0 0 : 0 0 : 0 0 : 0 0 : 0 0 : 0 0 : 0 1 : 0 0 : 0 0 : 0 0 : 0 0 : 0 0 : 0 0 : 0 0 : 0 0 : 0 0 : 0 0 : 0 0 : 0 0 : 0 0 : 0 0 : 0 0 : 0 0 : 0 0 : 0 0 : 0 0 : 0 0 : 0 0 : 0 0 : 0 0 : 0 0 : 0 0 : 0 0 : 0 0 : 0 0 : 0 0 : 0 0 : 0 0 : 0 0 : 0 0 : 0 0 : 0 0 ]
[0.327s][info][gc] [COMPSTATS 1 : 5 3 : 5 3 : 0 0 : 100 0 0 0 0 0 : 0 0 0 0 0 0 : 18 18 0 : 100 0 0 0 0 0 0 : 97 0 0 0 0 0 0 ]
[0.327s][info][gc] [COMPSTATS 2 : 5 3 : 5 3 : 0 0 : 10 0 0 0 0 0 : 0 0 0 0 0 0 : 172 174 0 : 10 0 0 0 0 0 0 : 1 6 0 0 0 0 0 ]
[0.327s][info][gc] [DEOPTSTATS 1 : 0 0 : 0 0 : 0 0 : 0 0 : 0 0 : 0 0 : 0 0 : 0 0 : 0 0 : 0 0 : 0 0 : 0 0 : 0 0 : 0 0 : 0 0 : 0 0 : 0 0 : 0 0 : 0 0 : 0 0 : 0 0 : 0 0 : 0 0 : 0 0 : 0 0 : 0 0 : 0 0 : 0 0 : 0 0 : 0 0 : 0 0 : 0 0 : 0 0 : 0 0 : 0 0 : 0 0 : 0 0 : 0 0 : 0 0 : 0 0 : 0 0 : 0 0 ]
[0.327s][info][gc] [DEOPTSTATS 2 : 0 0 : 0 0 : 0 0 : 0 0 : 0 0 : 0 0 : 0 1 : 0 0 : 0 0 : 0 0 : 0 0 : 0 0 : 0 0 : 0 0 : 0 0 : 0 0 : 0 0 : 0 0 : 0 0 : 0 0 : 0 0 : 0 0 : 0 0 : 0 0 : 0 0 : 0 0 : 0 0 : 0 0 : 0 0 : 0 0 : 0 0 : 0 0 : 0 0 : 0 0 : 0 0 : 0 0 : 0 0 : 0 0 : 0 0 : 0 0 : 0 0 : 0 0 ]
[0.327s][info][gc] [COMPSTATS 1 : 5 3 : 5 3 : 0 0 : 100 0 0 0 0 0 : 0 0 0 0 0 0 : 18 18 0 : 100 0 0 0 0 0 0 : 97 0 0 0 0 0 0 ]
[0.327s][info][gc] [COMPSTATS 2 : 5 3 : 5 3 : 0 0 : 10 0 0 0 0 0 : 0 0 0 0 0 0 : 172 174 0 : 10 0 0 0 0 0 0 : 1 6 0 0 0 0 0 ]
[0.327s][info][gc] [DEOPTSTATS 1 : 0 0 : 0 0 : 0 0 : 0 0 : 0 0 : 0 0 : 0 0 : 0 0 : 0 0 : 0 0 : 0 0 : 0 0 : 0 0 : 0 0 : 0 0 : 0 0 : 0 0 : 0 0 : 0 0 : 0 0 : 0 0 : 0 0 : 0 0 : 0 0 : 0 0 : 0 0 : 0 0 : 0 0 : 0 0 : 0 0 : 0 0 : 0 0 : 0 0 : 0 0 : 0 0 : 0 0 : 0 0 : 0 0 : 0 0 : 0 0 : 0 0 : 0 0 ]
[0.327s][info][gc] [DEOPTSTATS 2 : 0 0 : 0 0 : 0 0 : 0 0 : 0 0 : 0 0 : 0 1 : 0 0 : 0 0 : 0 0 : 0 0 : 0 0 : 0 0 : 0 0 : 0 0 : 0 0 : 0 0 : 0 0 : 0 0 : 0 0 : 0 0 : 0 0 : 0 0 : 0 0 : 0 0 : 0 0 : 0 0 : 0 0 : 0 0 : 0 0 : 0 0 : 0 0 : 0 0 : 0 0 : 0 0 : 0 0 : 0 0 : 0 0 : 0 0 : 0 0 : 0 0 : 0 0 ]
[0.383s][info][gc] [COMPSTATS 1 : 5 2 : 31 2 : 0 0 : 200 0 0 0 0 0 : 0 0 0 0 0 0 : 47 48 10 : 200 0 0 0 0 0 0 : 198 0 0 0 0 0 0 ]
[0.383s][info][gc] [COMPSTATS 2 : 5 5 : 11 11 : 0 0 : 16 0 0 0 0 0 : 0 0 0 0 0 0 : 240 242 1 : 16 0 0 0 0 0 0 : 3 8 0 0 0 0 0 ]
[0.383s][info][gc] [DEOPTSTATS 1 : 0 0 : 0 0 : 0 0 : 0 0 : 0 0 : 0 0 : 0 0 : 0 0 : 0 0 : 0 0 : 0 0 : 0 0 : 0 0 : 0 0 : 0 0 : 0 0 : 0 0 : 0 0 : 0 0 : 0 0 : 0 0 : 0 0 : 0 0 : 0 0 : 0 0 : 0 0 : 0 0 : 0 0 : 0 0 : 0 0 : 0 0 : 0 0 : 0 0 : 0 0 : 0 0 : 0 0 : 0 0 : 0 0 : 0 0 : 0 0 : 0 0 : 0 0 ]
[0.383s][info][gc] [DEOPTSTATS 2 : 0 0 : 0 0 : 0 0 : 0 0 : 0 0 : 0 0 : 0 1 : 0 0 : 0 0 : 0 0 : 0 0 : 0 0 : 0 0 : 0 0 : 0 0 : 0 0 : 0 0 : 0 0 : 0 0 : 0 0 : 0 0 : 0 0 : 0 0 : 0 0 : 0 0 : 0 0 : 0 0 : 0 0 : 0 0 : 0 0 : 0 0 : 0 0 : 0 0 : 0 0 : 0 0 : 0 0 : 0 0 : 0 0 : 0 0 : 0 1 : 0 0 : 0 0 ]
[0.384s][info][gc] [COMPSTATS 1 : 5 2 : 3 3 : 0 0 : 200 0 0 0 0 0 : 0 0 0 0 0 0 : 48 48 10 : 200 0 0 0 0 0 0 : 199 0 0 0 0 0 0 ]
[0.384s][info][gc] [COMPSTATS 2 : 5 5 : 11 11 : 0 0 : 16 0 0 0 0 0 : 0 0 0 0 0 0 : 240 242 1 : 16 0 0 0 0 0 0 : 3 8 0 0 0 0 0 ]
[0.384s][info][gc] [DEOPTSTATS 1 : 0 0 : 0 0 : 0 0 : 0 0 : 0 0 : 0 0 : 0 0 : 0 0 : 0 0 : 0 0 : 0 0 : 0 0 : 0 0 : 0 0 : 0 0 : 0 0 : 0 0 : 0 0 : 0 0 : 0 0 : 0 0 : 0 0 : 0 0 : 0 0 : 0 0 : 0 0 : 0 0 : 0 0 : 0 0 : 0 0 : 0 0 : 0 0 : 0 0 : 0 0 : 0 0 : 0 0 : 0 0 : 0 0 : 0 0 : 0 0 : 0 0 : 0 0 ]
[0.384s][info][gc] [DEOPTSTATS 2 : 0 0 : 0 0 : 0 0 : 0 0 : 0 0 : 0 0 : 0 1 : 0 0 : 0 0 : 0 0 : 0 0 : 0 0 : 0 0 : 0 0 : 0 0 : 0 0 : 0 0 : 0 0 : 0 0 : 0 0 : 0 0 : 0 0 : 0 0 : 0 0 : 0 0 : 0 0 : 0 0 : 0 0 : 0 0 : 0 0 : 0 0 : 0 0 : 0 0 : 0 0 : 0 0 : 0 0 : 0 0 : 0 0 : 0 0 : 0 1 : 0 0 : 0 0 ]
[0.535s][info][gc] [COMPSTATS 1 : 5 1 : 9 1 : 0 0 : 300 0 0 0 0 0 : 0 0 0 0 0 0 : 79 80 10 : 300 0 0 0 0 0 0 : 299 0 0 0 0 0 0 ]
[0.535s][info][gc] [COMPSTATS 2 : 5 5 : 13 6 : 0 0 : 29 0 0 0 0 0 : 0 0 0 0 0 0 : 809 812 346 : 23 6 0 0 0 0 0 : 4 19 1 0 0 0 0 ]
[0.535s][info][gc] [DEOPTSTATS 1 : 0 0 : 0 0 : 0 0 : 0 0 : 0 0 : 0 0 : 0 0 : 0 0 : 0 0 : 0 0 : 0 0 : 0 0 : 0 0 : 0 0 : 0 0 : 0 0 : 0 0 : 0 0 : 0 0 : 0 0 : 0 0 : 0 0 : 0 0 : 0 0 : 0 0 : 0 0 : 0 0 : 0 0 : 0 0 : 0 0 : 0 0 : 0 0 : 0 0 : 0 0 : 0 0 : 0 0 : 0 0 : 0 0 : 0 0 : 0 0 : 0 0 : 0 0 ]
[0.535s][info][gc] [DEOPTSTATS 2 : 0 0 : 0 0 : 0 0 : 0 0 : 0 0 : 0 0 : 0 3 : 0 0 : 0 0 : 0 0 : 0 0 : 0 0 : 0 0 : 0 0 : 0 0 : 0 0 : 0 0 : 0 0 : 0 0 : 0 0 : 0 0 : 0 0 : 0 0 : 0 0 : 0 0 : 0 0 : 0 0 : 0 0 : 0 0 : 0 0 : 0 0 : 0 0 : 0 0 : 0 0 : 0 0 : 0 0 : 0 0 : 0 0 : 0 0 : 0 1 : 0 0 : 0 0 ]
[0.575s][info][safepoint] Application time: 0.0000000 seconds
[0.575s][info][safepoint] Total time for which application threads were stopped: 0.0000196 seconds, Stopping threads took: 0.0000005 seconds
[0.575s][info][gc       ] [SPSH lock suspend gclocker notify wait resuspend cleanup op_time wakeup total(ms) op_name end(s) ]
[0.575s][info][gc       ] [SPS 0.000 0.002 0.000 0.008 0.000 0.001 0.000 0.003 0.007 0.020 Deoptimize 0.574601 ]
[0.848s][info][gc       ] [GPGC-H  0.0 0.0 0.0 0.0 : 0.0 : 0.000 0.000 : 0.000 0.000 0.000 0.000 : 0.000 0.000 0.000 0.000 0.000 0.000 : 0.000 : 0.000 : 578 0 24 0 : 2273 : 4608 4424 : 0.847688 : 6 Heap_use_crossed_first_gc_percent ]
[0.855s][info][safepoint] Application time: 0.2205455 seconds
[0.855s][info][safepoint] Total time for which application threads were stopped: 0.0003160 seconds, Stopping threads took: 0.0000004 seconds
[0.856s][info][gc       ] [SPS 0.000 0.001 0.003 0.007 0.000 0.001 0.000 0.269 0.038 0.316 NewGC_pause1 0.855031 ]
[1.037s][info][safepoint] Application time: 0.1820133 seconds
[1.037s][info][safepoint] Total time for which application threads were stopped: 0.0000870 seconds, Stopping threads took: 0.0000004 seconds
[1.038s][info][gc       ] [SPS 0.000 0.002 0.000 0.012 0.000 0.001 0.001 0.060 0.013 0.086 NewGC_pause2 1.037132 ]
[1.039s][info][safepoint] Application time: 0.0012364 seconds
[1.039s][info][safepoint] Total time for which application threads were stopped: 0.0001508 seconds, Stopping threads took: 0.0000005 seconds
[1.039s][info][gc       ] [SPS 0.000 0.001 0.000 0.009 0.000 0.001 0.000 0.099 0.040 0.151 NewGC_pause3 1.038519 ]
[1.041s][info][safepoint] Application time: 0.0023051 seconds
[1.041s][info][safepoint] Total time for which application threads were stopped: 0.0001359 seconds, Stopping threads took: 0.0000004 seconds
[1.041s][info][gc       ] [SPS 0.000 1.025 0.003 0.008 0.000 0.001 0.000 0.113 0.013 0.136 NewGC_pause4 1.040960 ]
[1.043s][info][gc       ] [GC NTO Max 1-1 : 5120 1088 1042 5120 - - 574 56 2 2 - : 832 0 26 184 878 : 808 12 58 58 0 : 0 4 150 0 363 - 53 : 0.832644 694.2 28.8 0.194239 1606.3 10.3 : 3 --c 0000 : 23 0 0.000 0.000 0 0.000 0.000 0 0.000 0.000 : 0.848298 0.854715 0.000206 1.037046 0.000071 1.038368 0.000105 1.040824 0.000119 : 1.042536 ]
[1.043s][info][gc       ] [SYSINFO 6681 227 63 0 6206 0 30 0 0 2200 : - - - - - - - - : 0 7168 : 4.07 3.01 1.96 : 292739 4277560 : 0 0 : 9 0 : 3877 5 0 262 : - 6813372416 682364928 602537984 5905219584 238030848 67043328 : 140073237 29769350 730640 0 0 0 : 1.042816 ]
[1.043s][info][gc       ] [HUGEPAGESTAT 0 0 0 - 110773 0 0 : 393216 0 0 : 1.042816 ]
[1.043s][info][gc       ] [OBJCREAT 863738 24307 - : 1.042858 ]
[1.043s][info][gc       ] [HMSV All : 0 0 8 0 0 0 0 0 : 4094 0 0 0 : 1.042876 ]
[1.043s][info][gc       ] [HMSP 9 : 41100 0 : 1.042876 ]
[1.043s][info][safepoint] Application time: 0.0017071 seconds
[1.043s][info][safepoint] Total time for which application threads were stopped: 0.0005614 seconds, Stopping threads took: 0.0000004 seconds
[1.043s][info][gc       ] [VMAC 65530 166 24 425 615 : 1.043358 ]
[1.044s][info][gc       ] [SPS 0.000 0.000 0.000 0.007 0.000 0.001 0.000 0.539 0.014 0.561 OldGC_pause2 1.043229 ]
[1.049s][info][safepoint] Application time: 0.0054632 seconds
[1.049s][info][safepoint] Total time for which application threads were stopped: 0.0000660 seconds, Stopping threads took: 0.0000004 seconds
[1.049s][info][gc       ] [SPS 0.000 0.000 0.000 0.008 0.000 0.001 0.000 0.040 0.017 0.066 OldGC_pause3 1.048758 ]
[1.056s][info][safepoint] Application time: 0.0075469 seconds
[1.057s][info][safepoint] Total time for which application threads were stopped: 0.0000646 seconds, Stopping threads took: 0.0000004 seconds
[1.057s][info][gc       ] [SPS 0.000 0.002 0.002 0.008 0.000 0.001 0.000 0.043 0.013 0.065 OldGC_pause4 1.056369 ]
[1.062s][info][gc       ] [GC Old Max 2-1 : 5120 1120 1120 5120 - - 574 56 2 2 - : 908 0 28 184 30 : 25 4 0 0 0 : 0 5 1 1 14 - 0 : 0.838207 0.0 28.6 0.207855 0.0 9.6 : 1 --c 0000 : 23   -    -    -    -    -    -    -    -    -  : 0.853861 0.854715 0.000206 1.042667 0.000543 1.048692 0.000045 1.056305 0.000047 : 1.061716 ]
[1.062s][info][gc       ] [SYSINFO 6682 227 63 0 6206 0 30 0 0 2269 : - - - - - - - - : 0 7168 : 4.07 3.01 1.96 : 292739 4277560 : 0 0 : 9 0 : 3877 3 0 262 : - 6813372416 682364928 602537984 5905219584 238030848 67043328 : 140073237 29769370 730660 0 0 0 : 1.061904 ]
[1.062s][info][gc       ] [HUGEPAGESTAT 0 0 0 - 110773 0 0 : 393216 0 0 : 1.061904 ]
[1.062s][info][gc       ] [OBJCREAT 939090 24307 - : 1.061944 ]
[1.062s][info][gc       ] [HMSV All : 0 0 8 0 0 0 0 0 : 4094 0 0 0 : 1.061959 ]
[1.062s][info][gc       ] [HMSP 9 : 41100 0 : 1.061959 ]
[1.062s][info][gc       ] [COMPSTATS 1 : 5 0 : 12 0 : 0 0 : 376 1 0 0 0 0 : 0 0 0 0 0 0 : 97 98 10 : 377 0 0 0 0 0 0 : 377 0 0 0 0 0 0 ]
[1.062s][info][gc       ] [COMPSTATS 2 : 5 0 : 23 0 : 0 0 : 55 2 0 0 0 0 : 0 0 0 0 0 0 : 2055 2059 1051 : 33 24 0 0 0 0 0 : 18 34 5 0 0 0 0 ]
[1.062s][info][gc       ] [DEOPTSTATS 1 : 0 0 : 0 0 : 0 0 : 0 0 : 0 1 : 0 0 : 0 0 : 0 0 : 0 0 : 0 0 : 0 0 : 0 0 : 0 0 : 0 0 : 0 0 : 0 0 : 0 0 : 0 0 : 0 0 : 0 0 : 0 0 : 0 0 : 0 0 : 0 0 : 0 0 : 0 0 : 0 0 : 0 0 : 0 0 : 0 0 : 1 0 : 0 0 : 0 0 : 0 0 : 0 0 : 0 0 : 0 0 : 0 0 : 0 0 : 0 0 : 0 0 : 0 0 ]
[1.062s][info][gc       ] [DEOPTSTATS 2 : 0 0 : 0 0 : 0 0 : 0 0 : 0 0 : 0 0 : 0 5 : 0 0 : 0 0 : 0 0 : 0 0 : 0 0 : 0 0 : 0 0 : 0 0 : 0 0 : 0 0 : 0 0 : 0 0 : 0 0 : 0 0 : 0 0 : 0 0 : 0 0 : 0 0 : 0 0 : 0 0 : 0 0 : 0 0 : 0 0 : 1 0 : 0 0 : 0 0 : 0 0 : 0 0 : 0 0 : 0 0 : 0 0 : 0 0 : 0 1 : 0 0 : 0 0 ]
[1.062s][info][gc       ] [VMAC 65530 166 24 425 615 : 1.062337 ]
[1.062s][info][gc       ] [CCF 0 0 0 0 7 19968: 2478592 : 376 194560 : 2 32768 : 312 306176 :  376 491520 : 51 71680 : 0 0 : 14 1146880 : 1 2048]
[1.112s][info][gc       ] [GPGC-H  430.1 0.0 23.2 0.0 : 2234.7 : 0.000 0.000 : 0.000 0.000 0.194 0.208 : 0.000 0.000 0.000 0.000 0.540 0.012 : 0.000 : 18.915 : 1106 0 28 0 : 2273 : 4608 4424 : 1.111605 : 7 Heap_use_crossed_incremental_gc_percent ]
[1.116s][info][safepoint] Application time: 0.0597020 seconds
[1.117s][info][safepoint] Total time for which application threads were stopped: 0.0001517 seconds, Stopping threads took: 0.0000004 seconds
[1.117s][info][gc       ] [SPS 0.000 0.001 0.008 0.008 0.000 0.001 0.000 0.126 0.016 0.152 NewGC_pause1 1.116223 ]
[1.469s][info][gc       ] [DEOPTSTATS 1 : 0 0 : 0 0 : 0 0 : 0 0 : 0 1 : 0 0 : 0 0 : 0 0 : 0 0 : 0 0 : 0 0 : 0 0 : 0 0 : 0 0 : 0 0 : 0 0 : 0 0 : 0 0 : 0 0 : 0 0 : 0 0 : 0 0 : 0 0 : 0 0 : 0 0 : 0 0 : 0 0 : 0 0 : 0 0 : 0 0 : 1 0 : 0 0 : 0 0 : 0 0 : 0 0 : 0 0 : 0 0 : 0 0 : 0 0 : 0 0 : 0 0 : 0 0 ]
[1.469s][info][gc       ] [DEOPTSTATS 2 : 0 0 : 0 0 : 0 0 : 0 0 : 0 0 : 0 0 : 0 5 : 0 0 : 0 0 : 0 0 : 0 0 : 0 0 : 0 0 : 0 0 : 0 0 : 0 0 : 0 0 : 0 0 : 0 0 : 0 0 : 0 0 : 0 0 : 0 0 : 0 0 : 0 0 : 0 0 : 0 0 : 0 0 : 0 0 : 0 0 : 1 0 : 0 0 : 0 0 : 0 0 : 0 0 : 0 0 : 0 0 : 0 0 : 0 0 : 0 1 : 0 0 : 0 0 ]
[1.474s][info][safepoint] Application time: 0.3580142 seconds
[1.475s][info][safepoint] Total time for which application threads were stopped: 0.0002288 seconds, Stopping threads took: 0.0000004 seconds
[1.475s][info][gc       ] [SPS 0.000 0.001 0.000 0.008 0.000 0.001 0.000 0.139 0.080 0.229 NewGC_pause2 1.474467 ]
[1.480s][info][safepoint] Application time: 0.0054565 seconds
[1.481s][info][safepoint] Total time for which application threads were stopped: 0.0001743 seconds, Stopping threads took: 0.0000004 seconds
[1.481s][info][gc       ] [SPS 0.000 0.001 0.000 0.008 0.000 0.001 0.000 0.141 0.024 0.174 NewGC_pause3 1.480097 ]
[1.483s][info][safepoint] Application time: 0.0026073 seconds
[1.483s][info][safepoint] Total time for which application threads were stopped: 0.0001934 seconds, Stopping threads took: 0.0000005 seconds
[1.483s][info][gc       ] [SPS 0.000 0.483 0.003 0.009 0.000 0.001 0.000 0.142 0.041 0.194 NewGC_pause4 1.482898 ]
[1.485s][info][gc       ] [GC NTO Max 3-2 : 5120 2176 2122 5120 - - 600 56 2 2 - : 1908 0 30 184 1962 : 1894 16 58 58 0 : 0 5 422 0 837 - 117 : 0.069714 3959.0 0.0 0.371964 2295.9 5.4 : 3 --c 0000 : 23 0 0.000 0.000 0 0.000 0.000 0 0.000 0.000 : 1.112250 1.116072 0.000130 1.474238 0.000054 1.479923 0.000049 1.482705 0.000097 : 1.484214 ]
[1.485s][info][gc       ] [SYSINFO 6713 227 63 0 6232 0 30 0 0 3666 : - - - - - - - - : 0 7168 : 4.07 3.01 1.96 : 292739 4277560 : 0 0 : 9 0 : 3877 5 0 262 : - 6840541184 682364928 629706752 5905219584 238030848 67043328 : 140073237 29770890 731110 0 0 0 : 1.484480 ]
[1.485s][info][gc       ] [HUGEPAGESTAT 0 0 0 - 110773 0 0 : 393216 0 0 : 1.484480 ]
[1.485s][info][gc       ] [OBJCREAT 1986929 24373 - : 1.484524 ]
[1.485s][info][gc       ] [HMSV All : 0 0 10 0 0 0 0 0 : 4278 0 0 0 : 1.484541 ]
[1.485s][info][gc       ] [HMSP 9 : 41100 0 : 1.484541 ]
[1.485s][info][gc       ] [GPGC-H  430.1 0.0 23.2 0.0 : 2234.7 : 0.000 0.000 : 0.000 0.000 0.372 0.208 : 0.000 0.000 0.000 0.000 0.788 0.012 : 0.000 : 84.216 : 1908 0 30 0 : 2274 : 4608 4424 : 1.484826 : 7 Heap_use_crossed_incremental_gc_percent ]
[1.485s][info][safepoint] Application time: 0.0014444 seconds
[1.485s][info][safepoint] Total time for which application threads were stopped: 0.0006354 seconds, Stopping threads took: 0.0000004 seconds
[1.485s][info][gc       ] [SPS 0.000 0.000 0.000 0.008 0.000 0.001 0.000 0.602 0.024 0.636 OldGC_pause2 1.484978 ]
[1.485s][info][gc       ] [VMAC 65530 166 24 427 617 : 1.485041 ]
[1.489s][info][safepoint] Application time: 0.0043711 seconds
[1.490s][info][safepoint] Total time for which application threads were stopped: 0.0000563 seconds, Stopping threads took: 0.0000004 seconds
[1.490s][info][gc       ] [SPS 0.000 0.000 0.000 0.007 0.000 0.001 0.000 0.034 0.014 0.057 OldGC_pause3 1.489406 ]
[1.498s][info][safepoint] Application time: 0.0082813 seconds
[1.498s][info][safepoint] Total time for which application threads were stopped: 0.0001441 seconds, Stopping threads took: 0.0000004 seconds
[1.498s][info][gc       ] [SPS 0.000 0.040 0.003 0.013 0.000 0.001 0.000 0.116 0.013 0.144 NewGC_pause1 1.497831 ]
[1.950s][info][safepoint] Application time: 0.4520788 seconds
[1.950s][info][safepoint] Total time for which application threads were stopped: 0.0000461 seconds, Stopping threads took: 0.0000005 seconds
[1.950s][info][gc       ] [SPS 0.000 0.001 0.000 0.009 0.000 0.002 0.000 0.006 0.029 0.046 Deoptimize 1.949956 ]
[2.054s][info][safepoint] Application time: 0.1034311 seconds
[2.054s][info][safepoint] Total time for which application threads were stopped: 0.0002054 seconds, Stopping threads took: 0.0000004 seconds
[2.054s][info][gc       ] [SPS 0.000 0.001 0.000 0.010 0.000 0.001 0.000 0.139 0.055 0.206 NewGC_pause2 2.053593 ]
[2.055s][info][safepoint] Application time: 0.0011092 seconds
[2.055s][info][safepoint] Total time for which application threads were stopped: 0.0001449 seconds, Stopping threads took: 0.0000005 seconds
[2.055s][info][gc       ] [SPS 0.000 0.000 0.000 0.009 0.000 0.001 0.000 0.100 0.034 0.145 NewGC_pause3 2.054847 ]
[2.069s][info][safepoint] Application time: 0.0138188 seconds
[2.069s][info][safepoint] Total time for which application threads were stopped: 0.0001997 seconds, Stopping threads took: 0.0000005 seconds
[2.070s][info][gc       ] [SPS 0.000 0.003 0.006 0.010 0.001 0.001 0.000 0.124 0.063 0.200 NewGC_pause4 2.068866 ]
[2.081s][info][gc       ] [GC New Max 5-3 : 5120 2314 2210 5120 - - 634 56 2 2 - : 1996 0 30 184 2100 : 1955 15 131 131 0 : 0 7 95 0 943 - 55 : 0.008754 228.5 0.0 0.588257 357.0 0.0 : 3 --c 0000 : 23 0 0.000 0.000 0 0.000 0.000 0 0.000 0.000 : 1.492968 1.497687 0.000127 2.053387 0.000057 2.054702 0.000046 2.068666 0.000067 : 2.081225 ]
[2.082s][info][gc       ] [SYSINFO 6754 227 63 0 6266 0 30 0 0 5440 : - - - - - - - - : 0 7168 : 4.07 3.01 1.96 : 292739 4277612 : 0 0 : 9 0 : 3877 8 0 262 : - 6876495872 682364928 665661440 5905219584 238030848 67043328 : 140073237 29773870 731870 0 0 0 : 2.081468 ]
[2.082s][info][gc       ] [HUGEPAGESTAT 0 0 0 - 110773 0 0 : 393216 0 0 : 2.081468 ]
[2.082s][info][gc       ] [OBJCREAT 2196647 24373 - : 2.081521 ]
[2.082s][info][gc       ] [HMSV All : 0 0 10 0 0 0 0 0 : 4278 0 0 0 : 2.081544 ]
[2.082s][info][gc       ] [HMSP 9 : 41100 0 : 2.081544 ]
[2.082s][info][gc       ] [VMAC 65530 166 24 427 617 : 2.081993 ]
[2.082s][info][safepoint] Application time: 0.0135032 seconds
[2.083s][info][safepoint] Total time for which application threads were stopped: 0.0001208 seconds, Stopping threads took: 0.0000005 seconds
[2.083s][info][gc       ] [SPS 0.000 0.002 0.004 0.009 0.000 0.001 0.000 0.066 0.045 0.121 OldGC_pause4 2.082490 ]
[2.083s][info][gc       ] [GC Old Max 4-2 : 5120 2314 2210 5120 - - 634 56 2 2 - : 1998 0 28 184 32 : 25 4 0 0 0 : 0 1 1 0 14 - 0 : 0.052247 0.0 0.0 0.968788 0.0 2.1 : 1 --c 0000 : 23   -    -    -    -    -    -    -    -    -  : 1.113963 1.116072 0.000130 1.484343 0.000605 1.489349 0.000038 2.082369 0.000054 : 2.082752 ]
[2.083s][info][gc       ] [SYSINFO 6754 227 63 0 6266 0 30 0 0 5445 : - - - - - - - - : 0 7168 : 4.07 3.01 1.96 : 292739 4277612 : 0 0 : 9 0 : 3877 8 0 262 : - 6876631040 682364928 665796608 5905219584 238030848 67043328 : 140073237 29773880 731870 0 0 0 : 2.082952 ]
[2.083s][info][gc       ] [HUGEPAGESTAT 0 0 0 - 110773 0 0 : 393216 0 0 : 2.082952 ]
[2.083s][info][gc       ] [OBJCREAT 2198629 24373 - : 2.082992 ]
[2.083s][info][gc       ] [HMSV All : 0 0 10 0 0 0 0 0 : 4278 0 0 0 : 2.083005 ]
[2.083s][info][gc       ] [HMSP 9 : 41100 0 : 2.083005 ]
[2.083s][info][gc       ] [COMPSTATS 1 : 5 0 : 21 0 : 0 0 : 484 3 0 0 0 0 : 0 0 0 0 0 0 : 131 132 10 : 487 0 0 0 0 0 0 : 487 0 0 0 0 0 0 ]
[2.083s][info][gc       ] [COMPSTATS 2 : 5 5 : 33 29 : 0 0 : 85 5 0 0 0 0 : 0 0 0 0 0 0 : 2787 2791 1971 : 48 42 0 0 0 0 0 : 24 56 5 0 0 0 0 ]
[2.083s][info][gc       ] [DEOPTSTATS 1 : 0 0 : 0 0 : 0 0 : 0 0 : 0 11 : 0 0 : 0 0 : 0 0 : 0 0 : 0 0 : 0 0 : 0 0 : 0 0 : 0 0 : 0 0 : 0 0 : 0 0 : 0 0 : 0 0 : 0 0 : 0 0 : 0 0 : 0 0 : 0 0 : 0 0 : 0 0 : 0 0 : 0 0 : 0 0 : 0 0 : 3 0 : 0 0 : 0 0 : 0 0 : 0 0 : 0 0 : 0 0 : 0 0 : 0 0 : 0 0 : 0 0 : 0 0 ]
[2.083s][info][gc       ] [DEOPTSTATS 2 : 0 0 : 0 0 : 0 0 : 0 0 : 0 0 : 0 0 : 0 6 : 0 0 : 0 0 : 0 0 : 0 0 : 0 0 : 0 0 : 0 0 : 0 0 : 0 0 : 0 0 : 0 0 : 0 0 : 0 0 : 0 0 : 0 0 : 0 0 : 0 0 : 0 0 : 0 0 : 0 0 : 0 0 : 0 0 : 0 0 : 2 0 : 0 0 : 0 0 : 0 0 : 0 1 : 0 0 : 0 0 : 0 0 : 0 0 : 0 1 : 0 0 : 0 0 ]
[2.083s][info][gc       ] [CCF 0 0 0 0 7 19968: 2675200 : 376 194560 : 3 49152 : 313 307200 :  486 637952 : 79 104448 : 0 0 : 14 1146880 : 1 2048]
[2.084s][info][gc       ] [VMAC 65530 166 24 427 617 : 2.083815 ]
[2.326s][info][gc       ] [COMPSTATS 1 : 5 0 : 21 0 : 0 0 : 484 3 0 0 0 0 : 0 0 0 0 0 0 : 131 132 10 : 487 0 0 0 0 0 0 : 487 0 0 0 0 0 0 ]
[2.326s][info][gc       ] [COMPSTATS 2 : 5 5 : 29 14 : 0 0 : 100 5 0 0 0 0 : 0 0 0 0 0 0 : 3632 3644 5013 : 48 42 15 0 0 0 0 : 26 65 9 0 0 0 0 ]
[2.326s][info][gc       ] [DEOPTSTATS 1 : 0 0 : 0 0 : 0 0 : 0 0 : 0 11 : 0 0 : 0 0 : 0 0 : 0 0 : 0 0 : 0 0 : 0 0 : 0 0 : 0 0 : 0 0 : 0 0 : 0 0 : 0 0 : 0 0 : 0 0 : 0 0 : 0 0 : 0 0 : 0 0 : 0 0 : 0 0 : 0 0 : 0 0 : 0 0 : 0 0 : 3 0 : 0 0 : 0 0 : 0 0 : 0 0 : 0 0 : 0 0 : 0 0 : 0 0 : 0 0 : 0 0 : 0 0 ]
[2.326s][info][gc       ] [DEOPTSTATS 2 : 0 0 : 0 0 : 0 0 : 0 0 : 0 0 : 0 0 : 0 6 : 0 0 : 0 0 : 0 0 : 0 0 : 0 0 : 0 0 : 0 0 : 0 0 : 0 0 : 0 0 : 0 0 : 0 0 : 0 0 : 0 0 : 0 0 : 0 0 : 0 0 : 0 0 : 0 0 : 0 0 : 0 0 : 0 0 : 0 0 : 2 0 : 0 0 : 0 0 : 0 0 : 0 1 : 0 0 : 0 0 : 0 0 : 0 0 : 0 1 : 0 0 : 0 0 ]
[2.376s][info][gc       ] [GPGC-H  430.1 0.0 23.2 0.0 : 2234.7 : 0.000 0.000 : 0.000 0.000 0.588 0.969 : 0.000 0.000 0.000 0.000 1.081 0.017 : 0.000 : 99.872 : 2420 0 28 0 : 2289 : 4608 4424 : 2.375701 : 7 Heap_use_crossed_incremental_gc_percent ]
[2.380s][info][safepoint] Application time: 0.2977354 seconds
[2.381s][info][safepoint] Total time for which application threads were stopped: 0.0001879 seconds, Stopping threads took: 0.0000004 seconds
[2.381s][info][gc       ] [SPS 0.000 0.001 0.006 0.009 0.000 0.001 0.000 0.161 0.017 0.188 NewGC_pause1 2.380413 ]
[2.482s][info][gc       ] [DEOPTSTATS 1 : 0 0 : 0 0 : 0 0 : 0 0 : 0 11 : 0 0 : 0 0 : 0 0 : 0 0 : 0 0 : 0 0 : 0 0 : 0 0 : 0 0 : 0 0 : 0 0 : 0 0 : 0 0 : 0 0 : 0 0 : 0 0 : 0 0 : 0 0 : 0 0 : 0 0 : 0 0 : 0 0 : 0 0 : 0 0 : 0 0 : 3 0 : 0 0 : 0 0 : 0 0 : 0 0 : 0 0 : 0 0 : 0 0 : 0 0 : 0 0 : 0 0 : 0 0 ]
[2.482s][info][gc       ] [DEOPTSTATS 2 : 0 0 : 0 0 : 0 0 : 0 0 : 0 0 : 0 0 : 0 6 : 0 0 : 0 0 : 0 0 : 0 0 : 0 0 : 0 0 : 0 0 : 0 0 : 0 0 : 0 0 : 0 0 : 0 0 : 0 0 : 0 0 : 0 0 : 0 0 : 0 0 : 0 0 : 0 0 : 0 0 : 0 0 : 0 0 : 0 0 : 2 0 : 0 0 : 0 0 : 0 0 : 0 1 : 0 0 : 0 0 : 0 0 : 0 0 : 0 1 : 0 0 : 0 0 ]
[2.482s][info][gc       ] [COMPSTATS 1 : 5 3 : 11 3 : 0 0 : 500 3 0 0 0 0 : 0 0 0 0 0 0 : 134 134 10 : 503 0 0 0 0 0 0 : 500 0 0 0 0 0 0 ]
[2.482s][info][gc       ] [COMPSTATS 2 : 5 2 : 14 2 : 0 0 : 109 5 0 0 0 0 : 0 0 0 0 0 0 : 4051 4063 7787 : 48 42 24 0 0 0 0 : 31 72 9 0 0 0 0 ]
[2.482s][info][gc       ] [DEOPTSTATS 1 : 0 0 : 0 0 : 0 0 : 0 0 : 0 11 : 0 0 : 0 0 : 0 0 : 0 0 : 0 0 : 0 0 : 0 0 : 0 0 : 0 0 : 0 0 : 0 0 : 0 0 : 0 0 : 0 0 : 0 0 : 0 0 : 0 0 : 0 0 : 0 0 : 0 0 : 0 0 : 0 0 : 0 0 : 0 0 : 0 0 : 3 0 : 0 0 : 0 0 : 0 0 : 0 0 : 0 0 : 0 0 : 0 0 : 0 0 : 0 0 : 0 0 : 0 0 ]
[2.482s][info][gc       ] [DEOPTSTATS 2 : 0 0 : 0 0 : 0 0 : 0 0 : 0 0 : 0 0 : 0 6 : 0 0 : 0 0 : 0 0 : 0 0 : 0 0 : 0 0 : 0 0 : 0 0 : 0 0 : 0 0 : 0 0 : 0 0 : 0 0 : 0 0 : 0 0 : 0 0 : 0 0 : 0 0 : 0 0 : 0 0 : 0 0 : 0 0 : 0 0 : 2 0 : 0 0 : 0 0 : 0 0 : 0 1 : 0 0 : 0 0 : 0 0 : 0 0 : 0 1 : 0 0 : 0 0 ]
[2.482s][info][gc       ] [COMPSTATS 1 : 5 3 : 11 3 : 0 0 : 500 3 0 0 0 0 : 0 0 0 0 0 0 : 134 134 10 : 503 0 0 0 0 0 0 : 500 0 0 0 0 0 0 ]
[2.482s][info][gc       ] [COMPSTATS 2 : 5 2 : 14 2 : 0 0 : 109 5 0 0 0 0 : 0 0 0 0 0 0 : 4051 4063 7787 : 48 42 24 0 0 0 0 : 31 72 9 0 0 0 0 ]
[2.482s][info][gc       ] [DEOPTSTATS 1 : 0 0 : 0 0 : 0 0 : 0 0 : 0 11 : 0 0 : 0 0 : 0 0 : 0 0 : 0 0 : 0 0 : 0 0 : 0 0 : 0 0 : 0 0 : 0 0 : 0 0 : 0 0 : 0 0 : 0 0 : 0 0 : 0 0 : 0 0 : 0 0 : 0 0 : 0 0 : 0 0 : 0 0 : 0 0 : 0 0 : 3 0 : 0 0 : 0 0 : 0 0 : 0 0 : 0 0 : 0 0 : 0 0 : 0 0 : 0 0 : 0 0 : 0 0 ]
[2.482s][info][gc       ] [DEOPTSTATS 2 : 0 0 : 0 0 : 0 0 : 0 0 : 0 0 : 0 0 : 0 6 : 0 0 : 0 0 : 0 0 : 0 0 : 0 0 : 0 0 : 0 0 : 0 0 : 0 0 : 0 0 : 0 0 : 0 0 : 0 0 : 0 0 : 0 0 : 0 0 : 0 0 : 0 0 : 0 0 : 0 0 : 0 0 : 0 0 : 0 0 : 2 0 : 0 0 : 0 0 : 0 0 : 0 1 : 0 0 : 0 0 : 0 0 : 0 0 : 0 1 : 0 0 : 0 0 ]
[2.482s][info][gc       ] [COMPSTATS 1 : 5 3 : 11 3 : 0 0 : 500 3 0 0 0 0 : 0 0 0 0 0 0 : 134 134 10 : 503 0 0 0 0 0 0 : 500 0 0 0 0 0 0 ]
[2.482s][info][gc       ] [COMPSTATS 2 : 5 2 : 14 2 : 0 0 : 109 5 0 0 0 0 : 0 0 0 0 0 0 : 4051 4063 7787 : 48 42 24 0 0 0 0 : 31 72 9 0 0 0 0 ]
[2.482s][info][gc       ] [DEOPTSTATS 1 : 0 0 : 0 0 : 0 0 : 0 0 : 0 11 : 0 0 : 0 0 : 0 0 : 0 0 : 0 0 : 0 0 : 0 0 : 0 0 : 0 0 : 0 0 : 0 0 : 0 0 : 0 0 : 0 0 : 0 0 : 0 0 : 0 0 : 0 0 : 0 0 : 0 0 : 0 0 : 0 0 : 0 0 : 0 0 : 0 0 : 3 0 : 0 0 : 0 0 : 0 0 : 0 0 : 0 0 : 0 0 : 0 0 : 0 0 : 0 0 : 0 0 : 0 0 ]
[2.482s][info][gc       ] [DEOPTSTATS 2 : 0 0 : 0 0 : 0 0 : 0 0 : 0 0 : 0 0 : 0 6 : 0 0 : 0 0 : 0 0 : 0 0 : 0 0 : 0 0 : 0 0 : 0 0 : 0 0 : 0 0 : 0 0 : 0 0 : 0 0 : 0 0 : 0 0 : 0 0 : 0 0 : 0 0 : 0 0 : 0 0 : 0 0 : 0 0 : 0 0 : 2 0 : 0 0 : 0 0 : 0 0 : 0 1 : 0 0 : 0 0 : 0 0 : 0 0 : 0 1 : 0 0 : 0 0 ]
[3.050s][info][safepoint] Application time: 0.6692805 seconds
[3.050s][info][safepoint] Total time for which application threads were stopped: 0.0001093 seconds, Stopping threads took: 0.0000004 seconds
[3.050s][info][gc       ] [SPS 0.001 0.001 0.000 0.009 0.000 0.001 0.000 0.084 0.015 0.109 NewGC_pause2 3.049803 ]
[3.051s][info][safepoint] Application time: 0.0011694 seconds
[3.051s][info][safepoint] Total time for which application threads were stopped: 0.0000628 seconds, Stopping threads took: 0.0000004 seconds
[3.051s][info][gc       ] [SPS 0.000 0.001 0.000 0.008 0.000 0.001 0.000 0.039 0.014 0.063 NewGC_pause3 3.051036 ]
[3.054s][info][safepoint] Application time: 0.0026134 seconds
[3.054s][info][safepoint] Total time for which application threads were stopped: 0.0006074 seconds, Stopping threads took: 0.0000004 seconds
[3.055s][info][gc       ] [SPS 0.000 0.001 0.000 0.009 0.000 0.001 0.001 0.561 0.035 0.607 OldGC_pause2 3.054256 ]
[3.059s][info][safepoint] Application time: 0.0046783 seconds
[3.059s][info][safepoint] Total time for which application threads were stopped: 0.0000814 seconds, Stopping threads took: 0.0000011 seconds
[3.059s][info][gc       ] [SPS 0.000 0.000 0.000 0.011 0.001 0.001 0.000 0.048 0.020 0.082 OldGC_pause3 3.059017 ]
[3.080s][info][safepoint] Application time: 0.0212665 seconds
[3.096s][info][safepoint] Total time for which application threads were stopped: 0.0001513 seconds, Stopping threads took: 0.0000005 seconds
[3.096s][info][gc       ] [SPS 0.008 0.588 0.007 0.009 0.001 0.001 0.000 0.123 0.017 0.151 NewGC_pause4 3.080434 ]
[3.242s][info][gc       ] [GC NTO Max 6-4 : 5120 4002 3870 5120 - - 636 56 2 2 - : 3646 10 30 184 3788 : 3127 11 646 646 93 : 5 307 681 0 1768 - 55 : 0.294948 1437.5 0.0 0.865228 2061.9 2.3 : 3 --c 0000 : 23 0 0.000 0.000 0 0.000 0.000 0 0.000 0.000 : 2.376173 2.380226 0.000166 3.049694 0.000091 3.050973 0.000044 3.080283 0.000130 : 3.241401 ]
[3.242s][info][gc       ] [SYSINFO 6924 227 63 0 6372 0 30 0 0 5703 : - - - - - - - - : 0 7168 : 4.07 3.01 1.96 : 292739 4277612 : 0 0 : 9 0 : 3877 7 0 261 : - 6987874304 682364928 777039872 5905219584 238030848 67043328 : 140073237 29781780 732710 0 0 0 : 3.241676 ]
[3.242s][info][gc       ] [HUGEPAGESTAT 0 0 0 - 110773 0 0 : 393216 0 0 : 3.241676 ]
[3.242s][info][gc       ] [OBJCREAT 4384201 24612 8192 : 3.241726 ]
[3.242s][info][gc       ] [HMSV All : 0 0 10 0 0 0 0 0 : 4278 0 0 0 : 3.241748 ]
[3.242s][info][gc       ] [HMSP 9 : 41100 0 : 3.241748 ]
[3.242s][info][gc       ] [GPGC-H  1564.3 3.6 21.0 0.0 : 2019.6 : 0.000 0.000 : 0.000 0.000 0.862 0.969 : 0.000 0.000 0.000 0.000 1.443 0.017 : 0.000 : 98.552 : 3648 10 30 0 : 2290 : 4608 4424 : 3.242211 : 7 Heap_use_crossed_incremental_gc_percent ]
[3.242s][info][gc       ] [VMAC 65530 166 24 427 617 : 3.242282 ]
[3.243s][info][safepoint] Application time: 0.1619916 seconds
[3.243s][info][safepoint] Total time for which application threads were stopped: 0.0001730 seconds, Stopping threads took: 0.0000005 seconds
[3.243s][info][gc       ] [SPS 0.000 0.405 0.006 0.008 0.000 0.001 0.000 0.124 0.039 0.173 OldGC_pause4 3.242599 ]
[3.244s][info][gc       ] [GC Old Max 7-3 : 5120 4002 3876 5120 - - 636 56 2 2 - : 3652 10 30 184 44 : 35 12 0 0 0 : 0 3 6 2 20 - 0 : 0.295206 0.0 0.0 0.866016 9.2 2.3 : 1 --c 0000 : 23   -    -    -    -    -    -    -    -    -  : 2.377958 2.380226 0.000166 3.053649 0.000567 3.058935 0.000056 3.242426 0.000060 : 3.243973 ]
[3.244s][info][gc       ] [SYSINFO 6924 227 63 0 6372 0 30 0 0 5703 : - - - - - - - - : 0 7168 : 4.07 3.01 1.96 : 292739 4277612 : 0 0 : 9 0 : 3877 6 0 261 : - 6987874304 682364928 777039872 5905219584 238030848 67043328 : 140073237 29781780 732710 0 0 0 : 3.244175 ]
[3.244s][info][gc       ] [HUGEPAGESTAT 0 0 0 - 110773 0 0 : 393216 0 0 : 3.244175 ]
[3.244s][info][gc       ] [OBJCREAT 4390147 24612 8192 : 3.244217 ]
[3.244s][info][gc       ] [HMSV All : 0 0 10 0 0 0 0 0 : 4278 0 0 0 : 3.244239 ]
[3.244s][info][gc       ] [HMSP 9 : 41100 0 : 3.244239 ]
[3.244s][info][gc       ] [COMPSTATS 1 : 5 0 : 3 0 : 0 0 : 500 3 0 0 0 0 : 0 0 0 0 0 0 : 134 135 10 : 503 0 0 0 0 0 0 : 503 0 0 0 0 0 0 ]
[3.244s][info][gc       ] [COMPSTATS 2 : 5 4 : 4 4 : 0 0 : 111 7 0 0 0 0 : 0 0 0 0 0 0 : 4227 4239 7787 : 52 42 24 0 0 0 0 : 31 73 10 0 0 0 0 ]
[3.244s][info][gc       ] [DEOPTSTATS 1 : 0 0 : 0 0 : 0 0 : 0 0 : 0 11 : 0 0 : 0 0 : 0 0 : 0 0 : 0 0 : 0 0 : 0 0 : 0 0 : 0 0 : 0 0 : 0 0 : 0 0 : 0 0 : 0 0 : 0 0 : 0 0 : 0 0 : 0 0 : 0 0 : 0 0 : 0 0 : 0 0 : 0 0 : 0 0 : 0 0 : 4 0 : 0 0 : 0 0 : 0 0 : 0 0 : 0 0 : 0 0 : 0 0 : 0 0 : 0 0 : 0 0 : 0 0 ]
[3.244s][info][gc       ] [DEOPTSTATS 2 : 0 0 : 0 0 : 0 0 : 0 0 : 0 0 : 0 0 : 0 6 : 0 0 : 0 0 : 0 0 : 0 0 : 0 0 : 0 0 : 0 0 : 0 0 : 0 0 : 0 0 : 0 0 : 0 0 : 0 0 : 0 0 : 0 0 : 0 0 : 0 0 : 0 0 : 0 0 : 0 0 : 0 0 : 0 0 : 0 0 : 2 0 : 0 0 : 0 0 : 0 0 : 0 1 : 0 0 : 0 0 : 0 0 : 0 0 : 0 1 : 0 0 : 0 0 ]
[3.245s][info][gc       ] [VMAC 65530 166 24 427 617 : 3.244666 ]
[3.245s][info][gc       ] [CCF 0 0 0 0 15 61952: 2706432 : 376 194560 : 3 49152 : 313 307200 :  495 606208 : 107 167424 : 0 0 : 14 1146880 : 1 2048]
[3.254s][info][safepoint] Application time: 0.0116162 seconds
[3.255s][info][safepoint] Total time for which application threads were stopped: 0.0002200 seconds, Stopping threads took: 0.0000005 seconds
[3.255s][info][gc       ] [SPS 0.000 0.003 0.006 0.007 0.000 0.001 0.000 0.175 0.036 0.220 NewGC_pause1 3.254436 ]
[3.900s][info][safepoint] Application time: 0.6455888 seconds
[3.901s][info][safepoint] Total time for which application threads were stopped: 0.0001300 seconds, Stopping threads took: 0.0000004 seconds
[3.901s][info][gc       ] [SPS 0.000 0.001 0.000 0.008 0.000 0.001 0.000 0.114 0.007 0.130 NewGC_pause2 3.900154 ]
[3.902s][info][safepoint] Application time: 0.0016235 seconds
[3.902s][info][safepoint] Total time for which application threads were stopped: 0.0000514 seconds, Stopping threads took: 0.0000004 seconds
[3.902s][info][gc       ] [SPS 0.000 0.000 0.000 0.007 0.000 0.001 0.000 0.039 0.004 0.051 NewGC_pause3 3.901829 ]
[3.922s][info][safepoint] Application time: 0.0200525 seconds
[3.923s][info][safepoint] Total time for which application threads were stopped: 0.0001632 seconds, Stopping threads took: 0.0000005 seconds
[3.923s][info][gc       ] [SPS 0.000 0.004 0.008 0.008 0.000 0.001 0.000 0.126 0.027 0.163 NewGC_pause4 3.922045 ]
[4.230s][info][gc       ] [GC New Max 8-5 : 5120 4844 3738 5120 - - 715 56 2 2 - : 2860 664 30 184 4620 : 2708 8 1902 1902 61 : 327 0 471 0 1375 - 55 : 0.008951 2681.3 0.0 0.978960 1714.1 0.0 : 3 --c 0000 : 23 4093 0.000 0.003 0 0.000 0.000 4093 0.000 0.003 : 3.250352 3.254215 0.000109 3.900024 0.000051 3.901778 0.000043 3.921882 0.000061 : 4.229313 ]
[4.230s][info][gc       ] [SYSINFO 7002 227 63 0 6450 0 30 0 0 5703 : - - - - - - - - : 0 7168 : 4.39 3.10 1.99 : 292739 4277612 : 0 0 : 9 0 : 3877 6 0 261 : - 7069921280 682364928 859086848 5905219584 238030848 67043328 : 140073237 29789180 732960 0 0 0 : 4.229638 ]
[4.230s][info][gc       ] [HUGEPAGESTAT 0 0 0 - 110773 0 0 : 393216 0 0 : 4.229638 ]
[4.230s][info][gc       ] [OBJCREAT 6074447 24612 641024 : 4.229691 ]
[4.230s][info][gc       ] [HMSV All : 0 0 10 0 0 0 0 0 : 4842 0 0 0 : 4.229712 ]
[4.230s][info][gc       ] [HMSP 9 : 41100 0 : 4.229712 ]
[4.231s][info][gc       ] [GPGC-H  1733.5 3.6 21.0 0.0 : 2019.6 : 0.000 0.000 : 0.000 0.000 0.864 0.963 : 0.000 0.000 0.000 0.000 1.722 0.019 : 0.000 : 99.903 : 2864 664 30 0 : 2290 : 4608 4424 : 4.230591 : 12 Old_use_crossed_incremental_gc_percent ]
[4.230s][info][gc       ] [VMAC 65530 166 24 427 617 : 4.230241 ]
[4.236s][info][safepoint] Application time: 0.3140785 seconds
[4.237s][info][safepoint] Total time for which application threads were stopped: 0.0002210 seconds, Stopping threads took: 0.0000004 seconds
[4.237s][info][gc       ] [SPS 0.000 0.001 0.008 0.009 0.000 0.001 0.000 0.188 0.023 0.221 NewGC_pause1 4.236345 ]
[4.366s][info][gc       ] [DEOPTSTATS 1 : 0 0 : 0 0 : 0 0 : 0 0 : 0 11 : 0 0 : 0 0 : 0 0 : 0 0 : 0 0 : 0 0 : 0 0 : 0 0 : 0 0 : 0 0 : 0 0 : 0 0 : 0 0 : 0 0 : 0 0 : 0 0 : 0 0 : 0 0 : 0 0 : 0 0 : 0 0 : 0 0 : 0 0 : 0 0 : 0 0 : 4 0 : 0 0 : 0 0 : 0 0 : 0 0 : 0 0 : 0 0 : 0 0 : 0 0 : 0 0 : 0 0 : 0 0 ]
[4.366s][info][gc       ] [DEOPTSTATS 2 : 0 0 : 0 0 : 0 0 : 0 0 : 0 0 : 0 0 : 0 6 : 0 0 : 0 0 : 0 0 : 0 0 : 0 0 : 0 0 : 0 0 : 0 0 : 0 0 : 0 0 : 0 0 : 0 0 : 0 0 : 0 0 : 0 0 : 0 0 : 0 0 : 0 0 : 0 0 : 0 0 : 0 0 : 0 0 : 0 0 : 2 0 : 0 0 : 0 0 : 0 0 : 0 1 : 0 0 : 0 0 : 0 0 : 0 0 : 0 1 : 0 0 : 0 0 ]
[4.835s][info][safepoint] Application time: 0.5980685 seconds
[4.835s][info][safepoint] Total time for which application threads were stopped: 0.0002376 seconds, Stopping threads took: 0.0000004 seconds
[4.836s][info][gc       ] [SPS 0.000 0.002 0.000 0.008 0.000 0.001 0.000 0.196 0.032 0.238 NewGC_pause2 4.834651 ]
[4.837s][info][safepoint] Application time: 0.0020780 seconds
[4.837s][info][safepoint] Total time for which application threads were stopped: 0.0001391 seconds, Stopping threads took: 0.0000004 seconds
[4.837s][info][gc       ] [SPS 0.000 0.000 0.000 0.007 0.000 0.001 0.000 0.124 0.006 0.139 NewGC_pause3 4.836868 ]
[4.856s][info][safepoint] Application time: 0.0193677 seconds
[4.857s][info][safepoint] Total time for which application threads were stopped: 0.0001903 seconds, Stopping threads took: 0.0000007 seconds
[4.857s][info][gc       ] [SPS 0.001 0.014 0.009 0.008 0.001 0.001 0.000 0.150 0.041 0.202 NewGC_pause4 4.856438 ]
[5.320s][info][gc       ] [GC NTO Max 9-6 : 5120 4792 4410 5120 - - 867 56 2 2 - : 2780 1414 32 184 3912 : 2157 7 1751 1751 24 : 375 0 516 0 1390 - 0 : 0.001532 3917.7 0.0 1.088560 2191.9 1.8 : 3 --c 0000 : 23 2497 0.000 0.003 0 0.000 0.000 2497 0.000 0.003 : 4.230844 4.236124 0.000189 4.834413 0.000151 4.836729 0.000048 4.856236 0.000120 : 5.319404 ]
[5.320s][info][gc       ] [SYSINFO 7148 227 63 0 6596 0 30 0 0 5703 : - - - - - - - - : 0 7168 : 4.39 3.10 1.99 : 292739 4277612 : 0 0 : 9 0 : 3877 7 0 261 : - 7222255616 682364928 1011421184 5905219584 238030848 67043328 : 140073237 29797740 733140 0 0 0 : 5.319683 ]
[5.320s][info][gc       ] [HUGEPAGESTAT 0 0 0 - 110773 0 0 : 393216 0 0 : 5.319683 ]
[5.320s][info][gc       ] [OBJCREAT 8443068 24686 1409024 : 5.319738 ]
[5.320s][info][gc       ] [HMSV All : 0 0 10 0 0 0 0 0 : 4842 0 0 0 : 5.319765 ]
[5.320s][info][gc       ] [HMSP 9 : 41100 0 : 5.319765 ]
[5.321s][info][gc       ] [GPGC-H  1891.8 658.1 19.1 0.0 : 1834.6 : 0.000 0.000 : 0.000 0.000 0.862 0.963 : 0.000 0.000 0.000 0.000 2.191 0.019 : 0.000 : 99.901 : 2784 1414 32 0 : 2290 : 4608 4424 : 5.320778 : 7 Heap_use_crossed_incremental_gc_percent ]
[5.320s][info][gc       ] [VMAC 65530 166 24 431 621 : 5.320294 ]
[5.330s][info][safepoint] Application time: 0.4734043 seconds
[5.330s][info][safepoint] Total time for which application threads were stopped: 0.0002625 seconds, Stopping threads took: 0.0000005 seconds
[5.331s][info][gc       ] [SPS 0.000 0.094 0.005 0.008 0.000 0.001 0.000 0.228 0.026 0.262 NewGC_pause1 5.330094 ]
[5.394s][info][safepoint] Application time: 0.0630372 seconds
[5.394s][info][safepoint] Total time for which application threads were stopped: 0.0007756 seconds, Stopping threads took: 0.0000005 seconds
[5.394s][info][gc       ] [SPS 0.000 0.001 0.000 0.008 0.000 0.001 0.001 0.751 0.014 0.775 OldGC_pause2 5.393906 ]
[5.464s][info][safepoint] Application time: 0.0696228 seconds
[5.464s][info][safepoint] Total time for which application threads were stopped: 0.0001100 seconds, Stopping threads took: 0.0000005 seconds
[5.464s][info][gc       ] [SPS 0.000 0.001 0.000 0.008 0.000 0.001 0.000 0.092 0.008 0.110 OldGC_pause3 5.463639 ]
[5.607s][info][safepoint] Application time: 0.1431566 seconds
[5.608s][info][safepoint] Total time for which application threads were stopped: 0.0001797 seconds, Stopping threads took: 0.0000004 seconds
[5.608s][info][gc       ] [SPS 0.000 0.001 0.000 0.008 0.000 0.001 0.000 0.163 0.008 0.180 NewGC_pause2 5.606976 ]
[5.609s][info][safepoint] Application time: 0.0018042 seconds
[5.609s][info][safepoint] Total time for which application threads were stopped: 0.0000734 seconds, Stopping threads took: 0.0000005 seconds
[5.609s][info][gc       ] [SPS 0.000 0.001 0.000 0.008 0.000 0.001 0.000 0.047 0.017 0.073 NewGC_pause3 5.608853 ]
[5.633s][info][safepoint] Application time: 0.0234838 seconds
[5.633s][info][safepoint] Total time for which application threads were stopped: 0.0001818 seconds, Stopping threads took: 0.0000004 seconds
[5.633s][info][gc       ] [SPS 0.000 0.004 0.009 0.008 0.000 0.001 0.000 0.140 0.032 0.182 NewGC_pause4 5.632520 ]
[5.822s][info][gc       ] [GC New Max 11-7 : 5120 4796 3052 5120 - - 939 56 2 2 - : 1084 1752 32 184 3166 : 735 3 2429 2429 1 : 169 0 177 0 542 - 0 : 0.006177 3237.7 0.0 0.495708 2106.1 0.0 : 3 --c 0000 : 23 3261 0.000 0.003 0 0.000 0.000 3261 0.000 0.003 : 5.325581 5.329831 0.000193 5.606796 0.000126 5.608780 0.000051 5.632338 0.000068 : 5.821289 ]
[5.822s][info][gc       ] [SYSINFO 7220 227 63 0 6667 0 30 0 0 5703 : - - - - - - - - : 0 7168 : 4.39 3.10 1.99 : 292739 4277612 : 0 0 : 9 0 : 3877 6 0 261 : - 7297679360 682364928 1086844928 5905219584 238030848 67043328 : 140073237 29801490 733260 0 0 0 : 5.821569 ]
[5.822s][info][gc       ] [HUGEPAGESTAT 0 0 0 - 110773 0 0 : 393216 0 0 : 5.821569 ]
[5.822s][info][gc       ] [OBJCREAT 9507632 24686 1718272 : 5.821644 ]
[5.822s][info][gc       ] [HMSV All : 0 0 10 0 0 0 0 0 : 4842 0 0 0 : 5.821669 ]
[5.822s][info][gc       ] [HMSP 9 : 41100 0 : 5.821669 ]
[5.822s][info][gc       ] [GPGC-H  2279.9 658.1 19.1 0.0 : 1834.6 : 0.000 0.000 : 0.000 0.000 0.849 0.963 : 0.000 0.000 0.000 0.000 2.191 0.019 : 0.000 : 99.893 : 1086 1752 32 0 : 2297 : 4608 4424 : 5.822093 : 8 May_exceed_heap_occupancy_target ]
[5.822s][info][gc       ] [VMAC 65530 166 24 433 623 : 5.822155 ]
[5.824s][info][safepoint] Application time: 0.1910323 seconds
[5.824s][info][safepoint] Total time for which application threads were stopped: 0.0000970 seconds, Stopping threads took: 0.0000005 seconds
[5.824s][info][gc       ] [SPS 0.000 0.003 0.004 0.008 0.000 0.001 0.000 0.067 0.020 0.096 OldGC_pause4 5.823649 ]
[5.828s][info][gc       ] [GC Old Max 10-4 : 5120 4844 3058 5120 - - 939 56 2 2 - : 1100 1744 30 184 1790 : 1766 20 1 1 0 : 0 5 545 2 832 - 55 : 0.988949 624.9 0.0 1.594360 659.8 1.3 : 1 --c 0000 : 23   -    -    -    -    -    -    -    -    -  : 4.232922 4.236124 0.000189 5.393131 0.000756 5.463530 0.000095 5.823552 0.000068 : 5.827282 ]
[5.828s][info][gc       ] [SYSINFO 7220 227 63 0 6667 0 30 0 0 5703 : - - - - - - - - : 0 7168 : 4.39 3.10 1.99 : 292739 4277612 : 0 0 : 9 0 : 3877 6 0 261 : - 7297814528 682364928 1086980096 5905219584 238030848 67043328 : 140073237 29801540 733260 0 0 0 : 5.827531 ]
[5.828s][info][gc       ] [HUGEPAGESTAT 0 0 0 - 110773 0 0 : 393216 0 0 : 5.827531 ]
[5.828s][info][gc       ] [OBJCREAT 9521508 24686 1718272 : 5.827580 ]
[5.828s][info][gc       ] [HMSV All : 0 0 10 0 0 0 0 0 : 4842 0 0 0 : 5.827604 ]
[5.828s][info][gc       ] [HMSP 9 : 41100 0 : 5.827604 ]
[5.828s][info][gc       ] [COMPSTATS 1 : 5 0 : 4 0 : 0 0 : 509 3 0 0 0 0 : 0 0 0 0 0 0 : 137 138 10 : 512 0 0 0 0 0 0 : 512 0 0 0 0 0 0 ]
[5.828s][info][gc       ] [COMPSTATS 2 : 5 4 : 4 4 : 0 0 : 111 7 0 0 0 0 : 0 0 0 0 0 0 : 4227 4239 7787 : 52 42 24 0 0 0 0 : 31 73 10 0 0 0 0 ]
[5.828s][info][gc       ] [DEOPTSTATS 1 : 0 0 : 0 0 : 0 0 : 0 0 : 0 11 : 0 0 : 0 0 : 0 0 : 0 0 : 0 0 : 0 0 : 0 0 : 0 0 : 0 0 : 0 0 : 0 0 : 0 0 : 0 0 : 0 0 : 0 0 : 0 0 : 0 0 : 0 0 : 0 0 : 0 0 : 0 0 : 0 0 : 0 0 : 0 0 : 0 0 : 4 0 : 0 0 : 0 0 : 0 0 : 0 0 : 0 0 : 0 0 : 0 0 : 0 0 : 0 0 : 0 0 : 0 0 ]
[5.828s][info][gc       ] [DEOPTSTATS 2 : 0 0 : 0 0 : 0 0 : 0 0 : 0 0 : 0 0 : 0 6 : 0 0 : 0 0 : 0 0 : 0 0 : 0 0 : 0 0 : 0 0 : 0 0 : 0 0 : 0 0 : 0 0 : 0 0 : 0 0 : 0 0 : 0 0 : 0 0 : 0 0 : 0 0 : 0 0 : 0 0 : 0 0 : 0 0 : 0 0 : 2 0 : 0 0 : 0 0 : 0 0 : 0 1 : 0 0 : 0 0 : 0 0 : 0 0 : 0 1 : 0 0 : 0 0 ]
[5.828s][info][gc       ] [VMAC 65530 166 24 433 623 : 5.828066 ]
[5.828s][info][gc       ] [CCF 0 0 0 0 18 72192: 2792960 : 380 196608 : 3 49152 : 317 311808 :  504 614400 : 104 157184 : 0 0 : 15 1228800 : 1 2048]
[5.832s][info][safepoint] Application time: 0.0083042 seconds
[5.832s][info][safepoint] Total time for which application threads were stopped: 0.0002013 seconds, Stopping threads took: 0.0000006 seconds
[5.832s][info][gc       ] [SPS 0.000 0.003 0.005 0.008 0.001 0.001 0.000 0.175 0.016 0.201 NewGC_pause1 5.832154 ]
[6.032s][info][safepoint] Application time: 0.1998175 seconds
[6.032s][info][safepoint] Total time for which application threads were stopped: 0.0001466 seconds, Stopping threads took: 0.0000005 seconds
[6.033s][info][gc       ] [SPS 0.000 0.001 0.000 0.008 0.000 0.001 0.000 0.109 0.027 0.146 NewGC_pause2 6.032118 ]
[6.033s][info][safepoint] Application time: 0.0009993 seconds
[6.033s][info][safepoint] Total time for which application threads were stopped: 0.0000708 seconds, Stopping threads took: 0.0000005 seconds
[6.033s][info][gc       ] [SPS 0.000 0.001 0.000 0.008 0.000 0.001 0.000 0.047 0.015 0.071 NewGC_pause3 6.033189 ]
[6.040s][info][safepoint] Application time: 0.0068764 seconds
[6.041s][info][safepoint] Total time for which application threads were stopped: 0.0001196 seconds, Stopping threads took: 0.0000005 seconds
[6.041s][info][gc       ] [SPS 0.000 0.009 0.011 0.008 0.001 0.001 0.001 0.080 0.028 0.120 NewGC_pause4 6.040185 ]
[6.089s][info][gc       ] [GC New Max 12-8 : 5120 3564 2676 5120 - - 940 56 2 2 - : 668 1794 30 184 1606 : 548 10 1059 1059 0 : 25 4 249 0 334 - 0 : 0.008912 2468.6 0.0 0.258583 2567.8 0.0 : 3 --c 0000 : 23 0 0.000 0.000 0 0.000 0.000 0 0.000 0.000 : 5.830201 5.831953 0.000180 6.031972 0.000110 6.033118 0.000051 6.040065 0.000080 : 6.088783 ]
[6.089s][info][gc       ] [SYSINFO 7221 227 63 0 6668 0 30 0 0 5703 : - - - - - - - - : 0 7168 : 4.39 3.10 1.99 : 292739 4277612 : 0 0 : 9 0 : 3877 6 0 261 : - 7299031040 682364928 1088196608 5905219584 238030848 67043328 : 140073237 29803590 733260 0 0 0 : 6.089059 ]
[6.089s][info][gc       ] [HUGEPAGESTAT 0 0 0 - 110773 0 0 : 393216 0 0 : 6.089059 ]
[6.089s][info][gc       ] [OBJCREAT 10186440 24686 1769472 : 6.089109 ]
[6.089s][info][gc       ] [HMSV All : 0 0 10 0 0 0 0 0 : 4842 0 0 0 : 6.089127 ]
[6.089s][info][gc       ] [HMSP 9 : 41100 0 : 6.089127 ]
[6.090s][info][gc       ] [VMAC 65530 166 24 433 623 : 6.089644 ]
[6.228s][info][gc       ] [GPGC-H  2279.9 658.1 19.1 0.0 : 1834.6 : 0.000 0.000 : 0.000 0.000 0.840 1.594 : 0.000 0.000 0.000 0.000 2.189 0.160 : 0.000 : 99.890 : 1134 1794 30 0 : 2297 : 4608 4424 : 6.227666 : 12 Old_use_crossed_incremental_gc_percent ]
[6.235s][info][safepoint] Application time: 0.1941561 seconds
[6.235s][info][safepoint] Total time for which application threads were stopped: 0.0003134 seconds, Stopping threads took: 0.0000005 seconds
[6.235s][info][gc       ] [SPS 0.000 0.001 0.005 0.008 0.000 0.001 0.000 0.281 0.023 0.313 NewGC_pause1 6.234654 ]
[6.347s][info][safepoint] Application time: 0.1119442 seconds
[6.347s][info][safepoint] Total time for which application threads were stopped: 0.0000750 seconds, Stopping threads took: 0.0000005 seconds
[6.347s][info][gc       ] [SPS 0.000 0.001 0.000 0.007 0.001 0.001 0.000 0.049 0.017 0.075 NewGC_pause2 6.346674 ]
[6.348s][info][safepoint] Application time: 0.0010843 seconds
[6.348s][info][safepoint] Total time for which application threads were stopped: 0.0000702 seconds, Stopping threads took: 0.0000005 seconds
[6.348s][info][gc       ] [SPS 0.000 0.001 0.000 0.008 0.000 0.001 0.000 0.044 0.017 0.070 NewGC_pause3 6.347828 ]
[6.353s][info][safepoint] Application time: 0.0050635 seconds
[6.353s][info][safepoint] Total time for which application threads were stopped: 0.0000810 seconds, Stopping threads took: 0.0000005 seconds
[6.353s][info][gc       ] [SPS 0.000 0.036 0.004 0.008 0.001 0.001 0.000 0.054 0.018 0.081 NewGC_pause4 6.352973 ]
[6.354s][info][gc       ] [GC NTO Max 13-9 : 5120 3430 2298 5120 - - 941 56 2 2 - : 290 1794 30 184 1422 : 270 8 1145 1145 0 : 0 3 135 0 145 - 0 : 0.139480 3355.3 0.0 0.125003 2399.9 0.0 : 3 --c 0000 : 23 0 0.000 0.000 0 0.000 0.000 0 0.000 0.000 : 6.228263 6.234341 0.000244 6.346599 0.000051 6.347758 0.000047 6.352892 0.000059 : 6.353267 ]
[6.354s][info][gc       ] [SYSINFO 7222 227 63 0 6670 0 30 0 0 5703 : - - - - - - - - : 0 7168 : 4.39 3.10 1.99 : 292739 4277612 : 0 0 : 9 0 : 3877 7 0 261 : - 7299436544 682364928 1088602112 5905219584 238030848 67043328 : 140073237 29805330 733280 0 0 0 : 6.353511 ]
[6.354s][info][gc       ] [HUGEPAGESTAT 0 0 0 - 110773 0 0 : 393216 0 0 : 6.353511 ]
[6.354s][info][gc       ] [OBJCREAT 10949600 24824 1769472 : 6.353559 ]
[6.354s][info][gc       ] [HMSV All : 0 0 10 0 0 0 0 0 : 4842 0 0 0 : 6.353577 ]
[6.354s][info][gc       ] [HMSP 9 : 41100 0 : 6.353577 ]
[6.354s][info][gc       ] [GPGC-H  2279.9 658.1 19.1 0.0 : 1834.6 : 0.000 0.000 : 0.000 0.000 0.831 1.594 : 0.000 0.000 0.000 0.000 2.183 0.160 : 0.000 : 99.251 : 292 1794 30 0 : 2297 : 4608 4424 : 6.353819 : 8 May_exceed_heap_occupancy_target ]
[6.354s][info][gc       ] [VMAC 65530 166 24 433 623 : 6.354012 ]
[6.363s][info][safepoint] Application time: 0.0099674 seconds
[6.363s][info][safepoint] Total time for which application threads were stopped: 0.0001352 seconds, Stopping threads took: 0.0000005 seconds
[6.363s][info][gc       ] [SPS 0.000 0.030 0.006 0.008 0.000 0.001 0.000 0.110 0.016 0.135 NewGC_pause1 6.363075 ]
[6.444s][info][safepoint] Application time: 0.0808972 seconds
[6.444s][info][safepoint] Total time for which application threads were stopped: 0.0001351 seconds, Stopping threads took: 0.0000005 seconds
[6.445s][info][gc       ] [SPS 0.000 0.001 0.000 0.007 0.001 0.001 0.000 0.106 0.020 0.135 NewGC_pause2 6.444108 ]
[6.445s][info][safepoint] Application time: 0.0008745 seconds
[6.445s][info][safepoint] Total time for which application threads were stopped: 0.0000604 seconds, Stopping threads took: 0.0000004 seconds
[6.445s][info][gc       ] [SPS 0.000 0.000 0.000 0.008 0.000 0.001 0.000 0.037 0.014 0.060 NewGC_pause3 6.445043 ]
[6.450s][info][safepoint] Application time: 0.0048601 seconds
[6.450s][info][safepoint] Total time for which application threads were stopped: 0.0000723 seconds, Stopping threads took: 0.0000005 seconds
[6.450s][info][gc       ] [SPS 0.000 0.030 0.003 0.007 0.000 0.001 0.000 0.047 0.016 0.072 NewGC_pause4 6.449975 ]
[6.451s][info][gc       ] [GC New Max 15-10 : 5120 2518 2210 5120 - - 942 56 2 2 - : 202 1794 30 184 510 : 188 8 314 314 0 : 0 3 94 0 101 - 0 : 0.008664 3231.9 0.0 0.088320 2264.5 0.0 : 3 --c 0000 : 23 0 0.000 0.000 0 0.000 0.000 0 0.000 0.000 : 6.361930 6.362940 0.000114 6.443973 0.000105 6.444983 0.000042 6.449903 0.000052 : 6.450250 ]
[6.451s][info][gc       ] [SYSINFO 7223 227 63 0 6670 0 30 0 0 5703 : - - - - - - - - : 0 7168 : 4.39 3.10 1.99 : 292739 4277612 : 0 0 : 9 0 : 3877 9 0 261 : - 7300247552 682364928 1089413120 5905219584 238030848 67043328 : 140073237 29806120 733300 0 0 0 : 6.450494 ]
[6.451s][info][gc       ] [HUGEPAGESTAT 0 0 0 - 110773 0 0 : 393216 0 0 : 6.450494 ]
[6.451s][info][gc       ] [OBJCREAT 11173942 24824 1769472 : 6.450541 ]
[6.451s][info][gc       ] [HMSV All : 0 0 10 0 0 0 0 0 : 4842 0 0 0 : 6.450557 ]
[6.451s][info][gc       ] [HMSP 9 : 41100 0 : 6.450557 ]
[6.451s][info][gc       ] [VMAC 65530 166 24 433 623 : 6.450991 ]
[6.726s][info][gc       ] [GPGC-H  2279.9 658.1 19.1 0.0 : 1834.6 : 0.000 0.000 : 0.000 0.000 0.828 1.594 : 0.000 0.000 0.000 0.000 2.178 0.160 : 0.000 : 99.254 : 814 1794 30 0 : 2297 : 4608 4424 : 6.726264 : 8 May_exceed_heap_occupancy_target ]
[6.729s][info][safepoint] Application time: 0.2785681 seconds
[6.729s][info][safepoint] Total time for which application threads were stopped: 0.0002656 seconds, Stopping threads took: 0.0000004 seconds
[6.729s][info][gc       ] [SPS 0.000 0.071 0.002 0.007 0.000 0.001 0.000 0.242 0.015 0.266 NewGC_pause1 6.728809 ]
[6.811s][info][safepoint] Application time: 0.0817515 seconds
[6.811s][info][safepoint] Total time for which application threads were stopped: 0.0001609 seconds, Stopping threads took: 0.0000005 seconds
[6.812s][info][gc       ] [SPS 0.000 0.001 0.000 0.008 0.000 0.001 0.000 0.109 0.042 0.161 NewGC_pause2 6.810722 ]
[6.812s][info][safepoint] Application time: 0.0013923 seconds
[6.812s][info][safepoint] Total time for which application threads were stopped: 0.0000648 seconds, Stopping threads took: 0.0000005 seconds
[6.812s][info][gc       ] [SPS 0.000 0.000 0.000 0.008 0.000 0.001 0.000 0.040 0.016 0.065 NewGC_pause3 6.812179 ]
[6.813s][info][safepoint] Application time: 0.0010229 seconds
[6.813s][info][safepoint] Total time for which application threads were stopped: 0.0000762 seconds, Stopping threads took: 0.0000005 seconds
[6.814s][info][gc       ] [SPS 0.000 0.029 0.003 0.008 0.001 0.001 0.000 0.049 0.017 0.076 NewGC_pause4 6.813278 ]
[6.814s][info][gc       ] [GC New Max 16-11 : 5120 3088 2278 5120 - - 944 56 2 2 - : 270 1794 30 184 1080 : 262 8 811 811 0 : 0 3 131 0 135 - 0 : 0.276491 2213.4 0.0 0.086854 3085.6 0.0 : 3 --c 0000 : 23 0 0.000 0.000 0 0.000 0.000 0 0.000 0.000 : 6.726742 6.728544 0.000245 6.810561 0.000111 6.812114 0.000044 6.813202 0.000054 : 6.813596 ]
[6.814s][info][gc       ] [SYSINFO 7225 227 63 0 6673 0 30 0 0 5703 : - - - - - - - - : 0 7168 : 4.39 3.10 1.99 : 292739 4277612 : 0 0 : 9 0 : 3877 7 0 261 : - 7302545408 682364928 1091710976 5905219584 238030848 67043328 : 140073237 29808480 733370 0 0 0 : 6.813836 ]
[6.814s][info][gc       ] [HUGEPAGESTAT 0 0 0 - 110773 0 0 : 393216 0 0 : 6.813836 ]
[6.814s][info][gc       ] [OBJCREAT 12046030 24824 1769472 : 6.813884 ]
[6.814s][info][gc       ] [HMSV All : 0 0 10 0 0 0 0 0 : 4842 0 0 0 : 6.813901 ]
[6.814s][info][gc       ] [HMSP 9 : 41100 0 : 6.813901 ]
[6.814s][info][gc       ] [VMAC 65530 166 24 433 623 : 6.814348 ]
[7.085s][info][gc       ] [GPGC-H  2279.9 658.1 19.1 0.0 : 1834.6 : 0.000 0.000 : 0.000 0.000 0.816 1.594 : 0.000 0.000 0.000 0.000 2.151 0.160 : 0.000 : 98.000 : 884 1794 30 0 : 2297 : 4608 4424 : 7.084908 : 8 May_exceed_heap_occupancy_target ]
[7.088s][info][safepoint] Application time: 0.2739718 seconds
[7.088s][info][safepoint] Total time for which application threads were stopped: 0.0003784 seconds, Stopping threads took: 0.0000005 seconds
[7.088s][info][gc       ] [SPS 0.000 0.015 0.003 0.007 0.000 0.001 0.000 0.345 0.024 0.378 NewGC_pause1 7.087629 ]
[7.166s][info][safepoint] Application time: 0.0782105 seconds
[7.166s][info][safepoint] Total time for which application threads were stopped: 0.0001692 seconds, Stopping threads took: 0.0000005 seconds
[7.167s][info][gc       ] [SPS 0.000 0.001 0.000 0.008 0.000 0.001 0.000 0.133 0.026 0.169 NewGC_pause2 7.166009 ]
[7.167s][info][safepoint] Application time: 0.0009943 seconds
[7.167s][info][safepoint] Total time for which application threads were stopped: 0.0000652 seconds, Stopping threads took: 0.0000005 seconds
[7.167s][info][gc       ] [SPS 0.000 0.000 0.000 0.008 0.000 0.001 0.000 0.041 0.014 0.065 NewGC_pause3 7.167068 ]
[7.168s][info][safepoint] Application time: 0.0009746 seconds
[7.168s][info][safepoint] Total time for which application threads were stopped: 0.0000701 seconds, Stopping threads took: 0.0000005 seconds
[7.168s][info][gc       ] [SPS 0.000 0.049 0.003 0.007 0.000 0.001 0.000 0.045 0.016 0.070 NewGC_pause4 7.168113 ]
[7.169s][info][gc       ] [GC New Max 17-12 : 5120 3054 2174 5120 - - 946 56 2 2 - : 166 1794 30 184 1046 : 158 8 881 881 0 : 0 3 79 0 83 - 0 : 0.271898 2265.6 0.0 0.082880 1954.6 0.0 : 3 --c 0000 : 23 0 0.000 0.000 0 0.000 0.000 0 0.000 0.000 : 7.085494 7.087251 0.000262 7.165840 0.000064 7.167003 0.000047 7.168043 0.000050 : 7.168375 ]
[7.169s][info][gc       ] [SYSINFO 7226 227 63 0 6674 0 30 0 0 5703 : - - - - - - - - : 0 7168 : 4.39 3.10 1.99 : 292739 4277612 : 0 0 : 9 0 : 3877 7 0 261 : - 7303897088 682364928 1093062656 5905219584 238030848 67043328 : 140073237 29810820 733510 0 0 0 : 7.168638 ]
[7.169s][info][gc       ] [HUGEPAGESTAT 0 0 0 - 110773 0 0 : 393216 0 0 : 7.168638 ]
[7.169s][info][gc       ] [OBJCREAT 12814501 24824 1769472 : 7.168687 ]
[7.169s][info][gc       ] [HMSV All : 0 0 10 0 0 0 0 0 : 4842 0 0 0 : 7.168708 ]
[7.169s][info][gc       ] [HMSP 9 : 41100 0 : 7.168708 ]
[7.169s][info][gc       ] [VMAC 65530 166 24 433 623 : 7.169166 ]
[7.353s][info][gc       ] [GPGC-H  2279.9 615.3 17.4 0.0 : 1672.2 : 0.000 0.000 : 0.000 0.000 0.804 1.594 : 0.000 0.000 0.000 0.000 2.121 0.160 : 0.000 : 96.786 : 832 1794 30 0 : 2297 : 4608 4424 : 7.353404 : 8 May_exceed_heap_occupancy_target ]
[7.356s][info][safepoint] Application time: 0.1876137 seconds
[7.356s][info][safepoint] Total time for which application threads were stopped: 0.0002081 seconds, Stopping threads took: 0.0000005 seconds
[7.356s][info][gc       ] [SPS 0.000 0.138 0.010 0.009 0.000 0.001 0.000 0.175 0.021 0.208 NewGC_pause1 7.355935 ]
[7.436s][info][safepoint] Application time: 0.0801474 seconds
[7.437s][info][safepoint] Total time for which application threads were stopped: 0.0001594 seconds, Stopping threads took: 0.0000005 seconds
[7.437s][info][gc       ] [SPS 0.000 0.001 0.000 0.008 0.000 0.001 0.000 0.123 0.026 0.160 NewGC_pause2 7.436242 ]
[7.437s][info][safepoint] Application time: 0.0009715 seconds
[7.437s][info][safepoint] Total time for which application threads were stopped: 0.0000628 seconds, Stopping threads took: 0.0000004 seconds
[7.438s][info][gc       ] [SPS 0.000 0.000 0.000 0.008 0.000 0.001 0.000 0.040 0.014 0.063 NewGC_pause3 7.437276 ]
[7.438s][info][safepoint] Application time: 0.0008727 seconds
[7.438s][info][safepoint] Total time for which application threads were stopped: 0.0000717 seconds, Stopping threads took: 0.0000005 seconds
[7.438s][info][gc       ] [SPS 0.000 0.033 0.003 0.007 0.000 0.001 0.000 0.048 0.015 0.072 NewGC_pause4 7.438221 ]
[7.439s][info][gc       ] [GC New Max 18-13 : 5120 3044 2214 5120 - - 946 56 2 2 - : 204 1794 30 184 1036 : 198 8 832 832 0 : 0 3 99 0 103 - 0 : 0.185422 3602.6 0.0 0.084656 2409.8 0.0 : 3 --c 0000 : 23 0 0.000 0.000 0 0.000 0.000 0 0.000 0.000 : 7.353797 7.355727 0.000176 7.436083 0.000054 7.437214 0.000045 7.438149 0.000052 : 7.438453 ]
[7.439s][info][gc       ] [SYSINFO 7226 227 63 0 6674 0 30 0 0 5703 : - - - - - - - - : 0 7168 : 4.39 3.10 1.99 : 292739 4277612 : 0 0 : 9 0 : 3877 7 0 261 : - 7303897088 682364928 1093062656 5905219584 238030848 67043328 : 140073237 29812640 733510 0 0 0 : 7.438702 ]
[7.439s][info][gc       ] [HUGEPAGESTAT 0 0 0 - 110773 0 0 : 393216 0 0 : 7.438702 ]
[7.439s][info][gc       ] [OBJCREAT 13679414 24824 1769472 : 7.438748 ]
[7.439s][info][gc       ] [HMSV All : 0 0 10 0 0 0 0 0 : 4842 0 0 0 : 7.438764 ]
[7.439s][info][gc       ] [HMSP 9 : 41100 0 : 7.438764 ]
[7.439s][info][gc       ] [VMAC 65530 166 24 433 623 : 7.439219 ]
[7.600s][info][gc       ] [GPGC-H  2279.9 615.3 17.4 0.0 : 1672.2 : 0.000 0.000 : 0.000 0.000 0.795 1.594 : 0.000 0.000 0.000 0.000 2.097 0.160 : 0.000 : 95.974 : 812 1794 30 0 : 2297 : 4608 4424 : 7.600422 : 8 May_exceed_heap_occupancy_target ]
[7.603s][info][safepoint] Application time: 0.1647361 seconds
[7.604s][info][safepoint] Total time for which application threads were stopped: 0.0003312 seconds, Stopping threads took: 0.0000005 seconds
[7.604s][info][gc       ] [SPS 0.000 0.088 0.004 0.008 0.000 0.001 0.000 0.298 0.024 0.331 NewGC_pause1 7.603289 ]
[7.672s][info][safepoint] Application time: 0.0688772 seconds
[7.673s][info][safepoint] Total time for which application threads were stopped: 0.0001134 seconds, Stopping threads took: 0.0000005 seconds
[7.673s][info][gc       ] [SPS 0.000 0.001 0.000 0.009 0.000 0.001 0.001 0.067 0.035 0.113 NewGC_pause2 7.672280 ]
[7.673s][info][safepoint] Application time: 0.0010519 seconds
[7.674s][info][safepoint] Total time for which application threads were stopped: 0.0000837 seconds, Stopping threads took: 0.0000005 seconds
[7.674s][info][gc       ] [SPS 0.000 0.000 0.000 0.008 0.000 0.001 0.000 0.061 0.014 0.084 NewGC_pause3 7.673415 ]
[7.675s][info][safepoint] Application time: 0.0012170 seconds
[7.675s][info][safepoint] Total time for which application threads were stopped: 0.0000982 seconds, Stopping threads took: 0.0000006 seconds
[7.675s][info][gc       ] [SPS 0.000 0.015 0.003 0.009 0.001 0.001 0.000 0.064 0.023 0.098 NewGC_pause4 7.674731 ]
[7.675s][info][gc       ] [GC New Max 19-14 : 5120 3028 2220 5120 - - 969 56 2 2 - : 206 1800 30 184 1020 : 202 4 812 812 0 : 3 1 101 0 103 - 0 : 0.162611 3751.3 0.0 0.073985 2838.4 0.0 : 3 --c 0000 : 23 0 0.000 0.000 0 0.000 0.000 0 0.000 0.000 : 7.601064 7.602958 0.000266 7.672166 0.000061 7.673331 0.000066 7.674632 0.000065 : 7.675049 ]
[7.675s][info][gc       ] [SYSINFO 7249 227 63 0 6697 0 30 0 0 5703 : - - - - - - - - : 0 7168 : 4.39 3.10 1.99 : 292739 4277612 : 0 0 : 9 0 : 3877 8 0 261 : - 7328362496 682364928 1117528064 5905219584 238030848 67043328 : 140073237 29814180 733540 0 0 0 : 7.675327 ]
[7.675s][info][gc       ] [HUGEPAGESTAT 0 0 0 - 110773 0 0 : 393216 0 0 : 7.675327 ]
[7.675s][info][gc       ] [OBJCREAT 14488924 24824 1775616 : 7.675377 ]
[7.675s][info][gc       ] [HMSV All : 0 0 10 0 0 0 0 0 : 4842 0 0 0 : 7.675394 ]
[7.675s][info][gc       ] [HMSP 9 : 41100 0 : 7.675394 ]
[7.676s][info][gc       ] [VMAC 65530 166 24 433 623 : 7.675912 ]
[7.835s][info][gc       ] [GPGC-H  2666.6 615.3 17.4 0.0 : 1672.2 : 0.000 0.000 : 0.000 0.000 0.787 1.594 : 0.000 0.000 0.000 0.000 2.077 0.160 : 0.000 : 95.271 : 816 1800 32 0 : 2297 : 4608 4424 : 7.834688 : 8 May_exceed_heap_occupancy_target ]
[7.838s][info][safepoint] Application time: 0.1627704 seconds
[7.838s][info][safepoint] Total time for which application threads were stopped: 0.0002893 seconds, Stopping threads took: 0.0000005 seconds
[7.838s][info][gc       ] [SPS 0.000 0.099 0.003 0.007 0.000 0.001 0.000 0.242 0.038 0.289 NewGC_pause1 7.837791 ]
[7.914s][info][safepoint] Application time: 0.0759873 seconds
[7.914s][info][safepoint] Total time for which application threads were stopped: 0.0001168 seconds, Stopping threads took: 0.0000004 seconds
[7.915s][info][gc       ] [SPS 0.000 0.001 0.000 0.007 0.000 0.001 0.000 0.092 0.016 0.117 NewGC_pause2 7.913895 ]
[7.915s][info][safepoint] Application time: 0.0010708 seconds
[7.915s][info][safepoint] Total time for which application threads were stopped: 0.0000711 seconds, Stopping threads took: 0.0000005 seconds
[7.915s][info][gc       ] [SPS 0.000 0.001 0.000 0.008 0.000 0.001 0.000 0.047 0.015 0.071 NewGC_pause3 7.915037 ]
[7.916s][info][safepoint] Application time: 0.0009972 seconds
[7.916s][info][safepoint] Total time for which application threads were stopped: 0.0000830 seconds, Stopping threads took: 0.0000005 seconds
[7.917s][info][gc       ] [SPS 0.000 0.026 0.002 0.007 0.000 0.001 0.000 0.047 0.028 0.083 NewGC_pause4 7.916117 ]
[7.917s][info][gc       ] [GC New Max 20-15 : 5120 3046 2224 5120 - - 970 56 2 2 - : 208 1800 32 184 1030 : 206 4 824 824 0 : 0 1 103 0 104 - 0 : 0.160261 3818.8 12.5 0.081024 2641.2 0.0 : 3 --c 0000 : 23 0 0.000 0.000 0 0.000 0.000 0 0.000 0.000 : 7.835310 7.837501 0.000205 7.913778 0.000096 7.914966 0.000050 7.916034 0.000050 : 7.916334 ]
[7.917s][info][gc       ] [SYSINFO 7251 227 63 0 6699 0 30 0 0 5703 : - - - - - - - - : 0 7168 : 4.39 3.10 1.99 : 292739 4277612 : 0 0 : 9 0 : 3877 6 0 261 : - 7329579008 682364928 1118744576 5905219584 238030848 67043328 : 140073237 29815650 733550 0 0 0 : 7.916564 ]
[7.917s][info][gc       ] [HUGEPAGESTAT 0 0 0 - 110773 0 0 : 393216 0 0 : 7.916564 ]
[7.917s][info][gc       ] [OBJCREAT 15307969 24824 1775616 : 7.916612 ]
[7.917s][info][gc       ] [HMSV All : 0 0 10 0 0 0 0 0 : 4842 0 0 0 : 7.916629 ]
[7.917s][info][gc       ] [HMSP 9 : 41100 0 : 7.916629 ]
[7.917s][info][gc       ] [VMAC 65530 166 24 433 623 : 7.917082 ]
[8.120s][info][safepoint] Application time: 0.2024854 seconds
[8.120s][info][safepoint] Total time for which application threads were stopped: 0.0011125 seconds, Stopping threads took: 0.0000004 seconds
[8.121s][info][gc       ] [SPS 0.000 0.001 0.000 0.007 0.000 0.001 0.000 1.080 0.024 1.113 OldGC_pause2 8.119715 ]
[8.126s][info][safepoint] Application time: 0.0065755 seconds
[8.127s][info][safepoint] Total time for which application threads were stopped: 0.0000645 seconds, Stopping threads took: 0.0000005 seconds
[8.127s][info][gc       ] [SPS 0.000 0.001 0.000 0.007 0.001 0.001 0.000 0.041 0.015 0.065 OldGC_pause3 8.126356 ]
[8.138s][info][safepoint] Application time: 0.0119669 seconds
[8.139s][info][safepoint] Total time for which application threads were stopped: 0.0000699 seconds, Stopping threads took: 0.0000005 seconds
[8.139s][info][gc       ] [SPS 0.000 0.003 0.003 0.007 0.000 0.001 0.000 0.045 0.017 0.070 OldGC_pause4 8.138392 ]
[8.148s][info][gc       ] [GC Old Max 14-5 : 5120 3564 2768 5120 - - 976 56 2 2 - : 764 1790 30 184 1836 : 1810 17 1 1 0 : 0 7 4 2 855 - 55 : 0.403020 124.1 0.0 1.917419 3.1 1.0 : 1 --c 0000 : 23   -    -    -    -    -    -    -    -    -  : 6.230302 6.234341 0.000244 8.118603 0.001022 8.126291 0.000045 8.138323 0.000048 : 8.147721 ]
[8.148s][info][gc       ] [SYSINFO 7255 227 63 0 6702 0 30 0 0 5703 : - - - - - - - - : 0 7168 : 4.39 3.10 1.99 : 292739 4277612 : 0 0 : 9 0 : 3877 5 0 261 : - 7333363712 682364928 1122529280 5905219584 238030848 67043328 : 140073237 29816780 733550 0 0 0 : 8.147972 ]
[8.148s][info][gc       ] [HUGEPAGESTAT 0 0 0 - 110773 0 0 : 393216 0 0 : 8.147972 ]
[8.148s][info][gc       ] [OBJCREAT 15859030 24824 1775616 : 8.148029 ]
[8.148s][info][gc       ] [HMSV All : 0 0 10 0 0 0 0 0 : 4842 0 0 0 : 8.148049 ]
[8.148s][info][gc       ] [HMSP 9 : 41100 0 : 8.148049 ]
[8.148s][info][gc       ] [COMPSTATS 1 : 5 0 : 4 0 : 0 0 : 509 3 0 0 0 0 : 0 0 0 0 0 0 : 137 138 10 : 512 0 0 0 0 0 0 : 512 0 0 0 0 0 0 ]
[8.148s][info][gc       ] [COMPSTATS 2 : 5 3 : 4 3 : 0 0 : 111 7 0 0 0 0 : 0 0 0 0 0 0 : 9897 9918 7787 : 52 42 24 0 0 0 0 : 31 73 10 1 0 0 0 ]
[8.148s][info][gc       ] [DEOPTSTATS 1 : 0 0 : 0 0 : 0 0 : 0 0 : 0 11 : 0 0 : 0 0 : 0 0 : 0 0 : 0 0 : 0 0 : 0 0 : 0 0 : 0 0 : 0 0 : 0 0 : 0 0 : 0 0 : 0 0 : 0 0 : 0 0 : 0 0 : 0 0 : 0 0 : 0 0 : 0 0 : 0 0 : 0 0 : 0 0 : 0 0 : 4 0 : 0 0 : 0 0 : 0 0 : 0 0 : 0 0 : 0 0 : 0 0 : 0 0 : 0 0 : 0 0 : 0 0 ]
[8.148s][info][gc       ] [DEOPTSTATS 2 : 0 0 : 0 0 : 0 0 : 0 0 : 0 0 : 0 0 : 0 6 : 0 0 : 0 0 : 0 0 : 0 0 : 0 0 : 0 0 : 0 0 : 0 0 : 0 0 : 0 0 : 0 0 : 0 0 : 0 0 : 0 0 : 0 0 : 0 0 : 0 0 : 0 0 : 0 0 : 0 0 : 0 0 : 0 0 : 0 0 : 2 0 : 0 0 : 0 0 : 0 0 : 0 1 : 0 0 : 0 0 : 0 0 : 0 0 : 0 1 : 0 0 : 0 0 ]
[8.149s][info][gc       ] [VMAC 65530 166 24 433 623 : 8.148535 ]
[8.150s][info][gc       ] [CCF 0 0 0 0 18 72192: 2837504 : 380 196608 : 3 49152 : 317 311808 :  504 614400 : 105 201728 : 0 0 : 15 1228800 : 1 2048]
[8.170s][info][gc       ] [GPGC-H  2666.6 615.3 17.4 0.0 : 1672.2 : 0.000 0.000 : 0.000 0.000 0.779 1.917 : 0.000 0.000 0.000 0.000 2.056 0.506 : 0.000 : 94.587 : 838 1790 30 0 : 2297 : 4608 4424 : 8.170334 : 9 Next_heuristic_check_may_be_too_late ]
[8.173s][info][safepoint] Application time: 0.0342794 seconds
[8.173s][info][safepoint] Total time for which application threads were stopped: 0.0003252 seconds, Stopping threads took: 0.0000005 seconds
[8.173s][info][gc       ] [SPS 0.000 0.003 0.003 0.008 0.001 0.001 0.000 0.276 0.040 0.325 NewGC_pause1 8.172997 ]
[8.231s][info][safepoint] Application time: 0.0573370 seconds
[8.231s][info][safepoint] Total time for which application threads were stopped: 0.0002166 seconds, Stopping threads took: 0.0000005 seconds
[8.232s][info][gc       ] [SPS 0.000 0.001 0.000 0.008 0.000 0.001 0.000 0.184 0.024 0.217 NewGC_pause2 8.230551 ]
[8.232s][info][safepoint] Application time: 0.0017523 seconds
[8.232s][info][safepoint] Total time for which application threads were stopped: 0.0000646 seconds, Stopping threads took: 0.0000005 seconds
[8.233s][info][gc       ] [SPS 0.000 0.001 0.000 0.008 0.000 0.001 0.000 0.039 0.016 0.065 NewGC_pause3 8.232368 ]
[8.233s][info][safepoint] Application time: 0.0008531 seconds
[8.233s][info][safepoint] Total time for which application threads were stopped: 0.0000714 seconds, Stopping threads took: 0.0000005 seconds
[8.234s][info][gc       ] [SPS 0.000 0.003 0.002 0.007 0.000 0.001 0.000 0.047 0.016 0.071 NewGC_pause4 8.233292 ]
[8.234s][info][gc       ] [GC New Max 21-16 : 5120 3042 2200 5120 - - 985 56 2 2 - : 196 1790 30 184 1038 : 192 4 844 844 0 : 0 1 96 0 98 - 0 : 0.254586 2482.5 0.0 0.062634 3193.2 0.0 : 3 --c 0000 : 23 0 0.000 0.000 0 0.000 0.000 0 0.000 0.000 : 8.170919 8.172672 0.000240 8.230334 0.000113 8.232303 0.000044 8.233221 0.000051 : 8.233553 ]
[8.234s][info][gc       ] [SYSINFO 7265 227 63 0 6711 0 30 0 0 5703 : - - - - - - - - : 0 7168 : 4.39 3.10 1.99 : 292739 4277612 : 0 0 : 9 0 : 3877 6 0 261 : - 7342960640 682364928 1132126208 5905219584 238030848 67043328 : 140073237 29817260 733560 0 0 0 : 8.233810 ]
[8.234s][info][gc       ] [HUGEPAGESTAT 0 0 0 - 110773 0 0 : 393216 0 0 : 8.233810 ]
[8.234s][info][gc       ] [OBJCREAT 16129084 24824 1775616 : 8.233857 ]
[8.234s][info][gc       ] [HMSV All : 0 0 10 0 0 0 0 0 : 4842 0 0 0 : 8.233873 ]
[8.234s][info][gc       ] [HMSP 9 : 41100 0 : 8.233873 ]
[8.234s][info][gc       ] [VMAC 65530 166 24 433 623 : 8.234304 ]
[8.437s][info][gc       ] [GPGC-H  2666.6 615.3 17.4 0.0 : 1672.2 : 0.000 0.000 : 0.000 0.000 0.769 1.917 : 0.000 0.000 0.000 0.000 2.028 0.506 : 0.000 : 93.498 : 864 1790 30 0 : 2297 : 4608 4424 : 8.437066 : 9 Next_heuristic_check_may_be_too_late ]
[8.440s][info][safepoint] Application time: 0.2065110 seconds
[8.441s][info][safepoint] Total time for which application threads were stopped: 0.0004594 seconds, Stopping threads took: 0.0000005 seconds
[8.441s][info][gc       ] [SPS 0.000 0.003 0.004 0.007 0.000 0.001 0.000 0.410 0.040 0.460 NewGC_pause1 8.440263 ]
[8.504s][info][safepoint] Application time: 0.0631144 seconds
[8.504s][info][safepoint] Total time for which application threads were stopped: 0.0001796 seconds, Stopping threads took: 0.0000005 seconds
[8.505s][info][gc       ] [SPS 0.000 0.001 0.000 0.008 0.000 0.001 0.000 0.145 0.025 0.180 NewGC_pause2 8.503557 ]
[8.506s][info][safepoint] Application time: 0.0019311 seconds
[8.506s][info][safepoint] Total time for which application threads were stopped: 0.0001617 seconds, Stopping threads took: 0.0000004 seconds
[8.506s][info][gc       ] [SPS 0.000 0.001 0.000 0.007 0.000 0.001 0.000 0.128 0.025 0.162 NewGC_pause3 8.505651 ]
[8.507s][info][safepoint] Application time: 0.0009889 seconds
[8.507s][info][safepoint] Total time for which application threads were stopped: 0.0000741 seconds, Stopping threads took: 0.0000005 seconds
[8.507s][info][gc       ] [SPS 0.000 0.003 0.002 0.007 0.001 0.001 0.000 0.051 0.015 0.074 NewGC_pause4 8.506713 ]
[8.507s][info][gc       ] [GC New Max 22-17 : 5120 3076 2208 5120 - - 990 56 2 2 - : 204 1790 30 184 1072 : 200 4 870 870 0 : 0 1 100 0 102 - 0 : 0.204223 3280.7 0.0 0.069157 3007.6 0.0 : 3 --c 0000 : 23 0 0.000 0.000 0 0.000 0.000 0 0.000 0.000 : 8.437776 8.439804 0.000337 8.503378 0.000102 8.505489 0.000045 8.506639 0.000055 : 8.506933 ]
[8.507s][info][gc       ] [SYSINFO 7269 227 63 0 6716 0 30 0 0 5703 : - - - - - - - - : 0 7168 : 4.39 3.10 1.99 : 292739 4277612 : 0 0 : 9 0 : 3877 5 0 261 : - 7348097024 682364928 1137262592 5905219584 238030848 67043328 : 140073237 29818530 733580 0 0 0 : 8.507218 ]
[8.507s][info][gc       ] [HUGEPAGESTAT 0 0 0 - 110773 0 0 : 393216 0 0 : 8.507218 ]
[8.507s][info][gc       ] [OBJCREAT 16998181 24824 1775616 : 8.507263 ]
[8.507s][info][gc       ] [HMSV All : 0 0 10 0 0 0 0 0 : 4842 0 0 0 : 8.507279 ]
[8.507s][info][gc       ] [HMSP 9 : 41100 0 : 8.507279 ]
[8.508s][info][gc       ] [VMAC 65530 166 24 435 625 : 8.507704 ]
[8.715s][info][gc       ] [GPGC-H  2666.6 615.3 17.4 0.0 : 1672.2 : 0.000 0.000 : 0.000 0.000 0.760 1.917 : 0.000 0.000 0.000 0.000 2.005 0.506 : 0.000 : 92.642 : 846 1790 30 0 : 2297 : 4608 4424 : 8.715101 : 9 Next_heuristic_check_may_be_too_late ]
[8.718s][info][safepoint] Application time: 0.2110897 seconds
[8.719s][info][safepoint] Total time for which application threads were stopped: 0.0003880 seconds, Stopping threads took: 0.0000004 seconds
[8.719s][info][gc       ] [SPS 0.000 0.003 0.004 0.007 0.000 0.001 0.000 0.343 0.037 0.388 NewGC_pause1 8.718191 ]
[8.782s][info][safepoint] Application time: 0.0633745 seconds
[8.782s][info][safepoint] Total time for which application threads were stopped: 0.0001389 seconds, Stopping threads took: 0.0000004 seconds
[8.783s][info][gc       ] [SPS 0.000 0.001 0.000 0.007 0.000 0.001 0.000 0.110 0.021 0.139 NewGC_pause2 8.781705 ]
[8.784s][info][safepoint] Application time: 0.0020339 seconds
[8.784s][info][safepoint] Total time for which application threads were stopped: 0.0001379 seconds, Stopping threads took: 0.0000004 seconds
[8.784s][info][gc       ] [SPS 0.000 0.000 0.000 0.007 0.000 0.001 0.000 0.106 0.024 0.138 NewGC_pause3 8.783877 ]
[8.785s][info][safepoint] Application time: 0.0008879 seconds
[8.785s][info][safepoint] Total time for which application threads were stopped: 0.0000689 seconds, Stopping threads took: 0.0000005 seconds
[8.785s][info][gc       ] [SPS 0.000 0.003 0.003 0.007 0.000 0.001 0.000 0.045 0.015 0.069 NewGC_pause4 8.784834 ]
[8.785s][info][gc       ] [GC New Max 23-18 : 5120 3076 2230 5120 - - 989 56 2 2 - : 226 1790 30 184 1072 : 224 4 849 849 0 : 0 1 112 0 113 - 0 : 0.208926 3082.4 0.0 0.069168 3267.4 0.0 : 3 --c 0000 : 23 0 0.000 0.000 0 0.000 0.000 0 0.000 0.000 : 8.715860 8.717803 0.000287 8.781566 0.000069 8.783739 0.000047 8.784765 0.000049 : 8.785028 ]
[8.785s][info][gc       ] [SYSINFO 7269 227 63 0 6715 0 30 0 0 5703 : - - - - - - - - : 0 7168 : 4.76 3.19 2.03 : 292739 4277612 : 0 0 : 9 0 : 3877 5 0 261 : - 7347015680 682364928 1136181248 5905219584 238030848 67043328 : 140073237 29819530 733600 0 0 0 : 8.785261 ]
[8.785s][info][gc       ] [HUGEPAGESTAT 0 0 0 - 110773 0 0 : 393216 0 0 : 8.785261 ]
[8.785s][info][gc       ] [OBJCREAT 17862243 24824 1775616 : 8.785306 ]
[8.785s][info][gc       ] [HMSV All : 0 0 10 0 0 0 0 0 : 4842 0 0 0 : 8.785321 ]
[8.785s][info][gc       ] [HMSP 9 : 41100 0 : 8.785321 ]
[8.786s][info][gc       ] [VMAC 65530 166 24 433 623 : 8.785755 ]
[8.947s][info][gc       ] [GPGC-H  2666.6 615.3 17.4 0.0 : 1672.2 : 0.000 0.000 : 0.000 0.000 0.751 1.917 : 0.000 0.000 0.000 0.000 1.982 0.506 : 0.000 : 91.776 : 822 1790 30 0 : 2297 : 4608 4424 : 8.946866 : 9 Next_heuristic_check_may_be_too_late ]
[8.950s][info][safepoint] Application time: 0.1646889 seconds
[8.950s][info][safepoint] Total time for which application threads were stopped: 0.0002677 seconds, Stopping threads took: 0.0000004 seconds
[8.950s][info][gc       ] [SPS 0.000 0.003 0.008 0.007 0.000 0.001 0.000 0.218 0.041 0.268 NewGC_pause1 8.949791 ]
[9.014s][info][safepoint] Application time: 0.0644103 seconds
[9.015s][info][safepoint] Total time for which application threads were stopped: 0.0001439 seconds, Stopping threads took: 0.0000004 seconds
[9.015s][info][gc       ] [SPS 0.000 0.001 0.000 0.010 0.000 0.001 0.000 0.110 0.022 0.144 NewGC_pause2 9.014345 ]
[9.017s][info][safepoint] Application time: 0.0021000 seconds
[9.017s][info][safepoint] Total time for which application threads were stopped: 0.0001122 seconds, Stopping threads took: 0.0000004 seconds
[9.017s][info][gc       ] [SPS 0.000 0.000 0.000 0.006 0.000 0.001 0.000 0.092 0.013 0.112 NewGC_pause3 9.016557 ]
[9.018s][info][safepoint] Application time: 0.0010116 seconds
[9.018s][info][safepoint] Total time for which application threads were stopped: 0.0000692 seconds, Stopping threads took: 0.0000004 seconds
[9.018s][info][gc       ] [SPS 0.000 0.002 0.002 0.007 0.000 0.001 0.000 0.047 0.014 0.069 NewGC_pause4 9.017638 ]
[9.018s][info][gc       ] [GC New Max 24-19 : 5120 3034 2208 5120 - - 989 56 2 2 - : 204 1790 30 184 1030 : 200 4 828 828 0 : 0 1 100 0 102 - 0 : 0.162338 3683.7 0.0 0.070553 2948.1 0.0 : 3 --c 0000 : 23 0 0.000 0.000 0 0.000 0.000 0 0.000 0.000 : 8.947366 8.949523 0.000176 9.014201 0.000065 9.016445 0.000096 9.017569 0.000051 : 9.017919 ]
[9.018s][info][gc       ] [SYSINFO 7269 227 63 0 6715 0 30 0 0 5703 : - - - - - - - - : 0 7168 : 4.76 3.19 2.03 : 292739 4277612 : 0 0 : 9 0 : 3877 5 0 261 : - 7347150848 682364928 1136316416 5905219584 238030848 67043328 : 140073237 29820400 733640 0 0 0 : 9.018144 ]
[9.018s][info][gc       ] [HUGEPAGESTAT 0 0 0 - 110773 0 0 : 393216 0 0 : 9.018144 ]
[9.018s][info][gc       ] [OBJCREAT 18657425 24824 1775616 : 9.018190 ]
[9.018s][info][gc       ] [HMSV All : 0 0 10 0 0 0 0 0 : 4842 0 0 0 : 9.018206 ]
[9.018s][info][gc       ] [HMSP 9 : 41100 0 : 9.018206 ]
[9.019s][info][gc       ] [VMAC 65530 166 24 433 623 : 9.018620 ]
[9.201s][info][gc       ] [GPGC-H  2666.6 615.3 17.4 0.0 : 1672.2 : 0.000 0.000 : 0.000 0.000 0.744 1.917 : 0.000 0.000 0.000 0.000 1.962 0.506 : 0.000 : 91.118 : 844 1790 30 0 : 2297 : 4608 4424 : 9.200846 : 9 Next_heuristic_check_may_be_too_late ]
[9.204s][info][safepoint] Application time: 0.1857437 seconds
[9.204s][info][safepoint] Total time for which application threads were stopped: 0.0003413 seconds, Stopping threads took: 0.0000004 seconds
[9.205s][info][gc       ] [SPS 0.000 0.003 0.004 0.007 0.000 0.001 0.000 0.312 0.020 0.341 NewGC_pause1 9.203723 ]
[9.265s][info][safepoint] Application time: 0.0611537 seconds
[9.266s][info][safepoint] Total time for which application threads were stopped: 0.0001398 seconds, Stopping threads took: 0.0000005 seconds
[9.266s][info][gc       ] [SPS 0.000 0.001 0.000 0.007 0.000 0.001 0.000 0.110 0.021 0.140 NewGC_pause2 9.265017 ]
[9.267s][info][safepoint] Application time: 0.0022385 seconds
[9.268s][info][safepoint] Total time for which application threads were stopped: 0.0002276 seconds, Stopping threads took: 0.0000008 seconds
[9.268s][info][gc       ] [SPS 0.000 0.001 0.000 0.011 0.001 0.001 0.001 0.169 0.044 0.228 NewGC_pause3 9.267484 ]
[9.269s][info][safepoint] Application time: 0.0012073 seconds
[9.269s][info][safepoint] Total time for which application threads were stopped: 0.0000728 seconds, Stopping threads took: 0.0000005 seconds
[9.269s][info][gc       ] [SPS 0.000 0.004 0.002 0.006 0.000 0.001 0.000 0.050 0.015 0.073 NewGC_pause4 9.268763 ]
[9.269s][info][gc       ] [GC New Max 25-20 : 5120 3064 2218 5120 - - 990 56 2 2 - : 214 1790 30 184 1060 : 210 4 850 850 0 : 0 1 105 0 107 - 0 : 0.183486 3498.9 0.0 0.067630 3223.4 0.0 : 3 --c 0000 : 23 0 0.000 0.000 0 0.000 0.000 0 0.000 0.000 : 9.201404 9.203382 0.000280 9.264877 0.000067 9.267256 0.000113 9.268691 0.000053 : 9.269034 ]
[9.269s][info][gc       ] [SYSINFO 7269 227 63 0 6715 0 30 0 0 5703 : - - - - - - - - : 0 7168 : 4.76 3.19 2.03 : 292739 4277612 : 0 0 : 9 0 : 3877 6 0 261 : - 7347286016 682364928 1136451584 5905219584 238030848 67043328 : 140073237 29821300 733710 0 0 0 : 9.269259 ]
[9.269s][info][gc       ] [HUGEPAGESTAT 0 0 0 - 110773 0 0 : 393216 0 0 : 9.269259 ]
[9.269s][info][gc       ] [OBJCREAT 19508127 24824 1775616 : 9.269304 ]
[9.269s][info][gc       ] [HMSV All : 0 0 10 0 0 0 0 0 : 4842 0 0 0 : 9.269321 ]
[9.269s][info][gc       ] [HMSP 9 : 41100 0 : 9.269321 ]
[9.270s][info][gc       ] [VMAC 65530 166 24 433 623 : 9.269737 ]
[9.454s][info][gc       ] [GPGC-H  2666.6 561.0 15.8 0.0 : 1524.0 : 0.000 0.000 : 0.000 0.000 0.736 1.917 : 0.000 0.000 0.000 0.000 1.942 0.506 : 0.000 : 90.378 : 844 1790 30 0 : 2297 : 4608 4424 : 9.453922 : 9 Next_heuristic_check_may_be_too_late ]
[9.457s][info][safepoint] Application time: 0.1875564 seconds
[9.457s][info][safepoint] Total time for which application threads were stopped: 0.0003365 seconds, Stopping threads took: 0.0000004 seconds
[9.458s][info][gc       ] [SPS 0.000 0.003 0.003 0.007 0.000 0.001 0.000 0.298 0.030 0.337 NewGC_pause1 9.456657 ]
[9.515s][info][safepoint] Application time: 0.0584878 seconds
[9.516s][info][safepoint] Total time for which application threads were stopped: 0.0001762 seconds, Stopping threads took: 0.0000005 seconds
[9.516s][info][gc       ] [SPS 0.000 0.001 0.000 0.008 0.000 0.001 0.000 0.145 0.022 0.176 NewGC_pause2 9.515321 ]
[9.517s][info][safepoint] Application time: 0.0019401 seconds
[9.518s][info][safepoint] Total time for which application threads were stopped: 0.0000637 seconds, Stopping threads took: 0.0000005 seconds
[9.518s][info][gc       ] [SPS 0.000 0.001 0.000 0.007 0.000 0.001 0.000 0.041 0.014 0.064 NewGC_pause3 9.517324 ]
[9.518s][info][safepoint] Application time: 0.0010431 seconds
[9.519s][info][safepoint] Total time for which application threads were stopped: 0.0000671 seconds, Stopping threads took: 0.0000005 seconds
[9.519s][info][gc       ] [SPS 0.000 0.003 0.002 0.007 0.000 0.001 0.000 0.044 0.015 0.067 NewGC_pause4 9.518435 ]
[9.519s][info][gc       ] [GC New Max 26-21 : 5120 3056 2208 5120 - - 990 56 2 2 - : 204 1790 30 184 1052 : 200 4 850 850 0 : 0 1 100 0 102 - 0 : 0.185477 3407.4 0.0 0.064229 3238.4 0.0 : 3 --c 0000 : 23 0 0.000 0.000 0 0.000 0.000 0 0.000 0.000 : 9.454512 9.456320 0.000252 9.515145 0.000103 9.517261 0.000045 9.518368 0.000048 : 9.518741 ]
[9.519s][info][gc       ] [SYSINFO 7269 227 63 0 6715 0 30 0 0 5703 : - - - - - - - - : 0 7168 : 4.76 3.19 2.03 : 292739 4277612 : 0 0 : 9 0 : 3877 4 0 261 : - 7347286016 682364928 1136451584 5905219584 238030848 67043328 : 140073237 29822190 733710 0 0 0 : 9.518972 ]
[9.519s][info][gc       ] [HUGEPAGESTAT 0 0 0 - 110773 0 0 : 393216 0 0 : 9.518972 ]
[9.519s][info][gc       ] [OBJCREAT 20341590 24824 1775616 : 9.519018 ]
[9.519s][info][gc       ] [HMSV All : 0 0 10 0 0 0 0 0 : 4842 0 0 0 : 9.519037 ]
[9.519s][info][gc       ] [HMSP 9 : 41100 0 : 9.519037 ]
[9.519s][info][gc       ] [VMAC 65530 166 24 433 623 : 9.519497 ]
[9.704s][info][gc       ] [GPGC-H  3111.1 561.0 15.8 0.0 : 1524.0 : 0.000 0.000 : 0.000 0.000 0.728 1.917 : 0.000 0.000 0.000 0.000 1.921 0.506 : 0.000 : 89.636 : 826 1790 30 0 : 2297 : 4608 4424 : 9.704052 : 9 Next_heuristic_check_may_be_too_late ]
[9.707s][info][safepoint] Application time: 0.1881867 seconds
[9.707s][info][safepoint] Total time for which application threads were stopped: 0.0003846 seconds, Stopping threads took: 0.0000005 seconds
[9.708s][info][gc       ] [SPS 0.000 0.004 0.007 0.008 0.000 0.001 0.000 0.350 0.026 0.385 NewGC_pause1 9.707007 ]
[9.772s][info][safepoint] Application time: 0.0646652 seconds
[9.772s][info][safepoint] Total time for which application threads were stopped: 0.0001837 seconds, Stopping threads took: 0.0000005 seconds
[9.773s][info][gc       ] [SPS 0.000 0.001 0.000 0.008 0.000 0.001 0.000 0.143 0.032 0.184 NewGC_pause2 9.771856 ]
[9.774s][info][safepoint] Application time: 0.0024569 seconds
[9.775s][info][safepoint] Total time for which application threads were stopped: 0.0001350 seconds, Stopping threads took: 0.0000005 seconds
[9.775s][info][gc       ] [SPS 0.000 0.000 0.000 0.007 0.000 0.001 0.000 0.113 0.014 0.135 NewGC_pause3 9.774447 ]
[9.776s][info][safepoint] Application time: 0.0010430 seconds
[9.776s][info][safepoint] Total time for which application threads were stopped: 0.0000829 seconds, Stopping threads took: 0.0000005 seconds
[9.776s][info][gc       ] [SPS 0.000 0.003 0.002 0.007 0.000 0.001 0.000 0.060 0.015 0.083 NewGC_pause4 9.775573 ]
[9.776s][info][gc       ] [GC New Max 27-22 : 5120 3060 2230 5120 - - 997 56 2 2 - : 226 1790 30 184 1056 : 222 4 832 832 0 : 0 1 111 0 113 - 0 : 0.186032 3354.3 0.0 0.071010 3239.0 0.0 : 3 --c 0000 : 23 0 0.000 0.000 0 0.000 0.000 0 0.000 0.000 : 9.704773 9.706622 0.000288 9.771672 0.000091 9.774313 0.000118 9.775491 0.000059 : 9.775782 ]
[9.776s][info][gc       ] [SYSINFO 7277 227 63 0 6723 0 30 0 0 5703 : - - - - - - - - : 0 7168 : 4.76 3.19 2.03 : 292739 4277612 : 0 0 : 9 0 : 3877 4 0 261 : - 7354990592 682364928 1144156160 5905219584 238030848 67043328 : 140073237 29823120 733720 0 0 0 : 9.776012 ]
[9.776s][info][gc       ] [HUGEPAGESTAT 0 0 0 - 110773 0 0 : 393216 0 0 : 9.776012 ]
[9.776s][info][gc       ] [OBJCREAT 21184271 24824 1775616 : 9.776055 ]
[9.776s][info][gc       ] [HMSV All : 0 0 10 0 0 0 0 0 : 4842 0 0 0 : 9.776071 ]
[9.776s][info][gc       ] [HMSP 9 : 41100 0 : 9.776071 ]
[9.777s][info][gc       ] [VMAC 65530 166 24 433 623 : 9.776516 ]
[9.961s][info][gc       ] [GPGC-H  3111.1 561.0 15.8 0.0 : 1524.0 : 0.000 0.000 : 0.000 0.000 0.720 1.917 : 0.000 0.000 0.000 0.000 1.900 0.506 : 0.000 : 88.904 : 846 1790 30 0 : 2297 : 4608 4424 : 9.960815 : 9 Next_heuristic_check_may_be_too_late ]
[9.964s][info][safepoint] Application time: 0.1877100 seconds
[9.964s][info][safepoint] Total time for which application threads were stopped: 0.0002828 seconds, Stopping threads took: 0.0000011 seconds
[9.964s][info][gc       ] [SPS 0.001 0.004 0.004 0.029 0.001 0.002 0.001 0.213 0.037 0.283 NewGC_pause1 9.963567 ]
[10.038s][info][safepoint] Application time: 0.0740556 seconds
[10.038s][info][safepoint] Total time for which application threads were stopped: 0.0002075 seconds, Stopping threads took: 0.0000005 seconds
[10.039s][info][gc       ] [SPS 0.000 0.001 0.000 0.007 0.000 0.001 0.000 0.168 0.036 0.212 NewGC_pause2 10.037835 ]
[10.040s][info][safepoint] Application time: 0.0016876 seconds
[10.040s][info][safepoint] Total time for which application threads were stopped: 0.0000587 seconds, Stopping threads took: 0.0000004 seconds
[10.040s][info][gc       ] [SPS 0.000 0.000 0.000 0.007 0.000 0.001 0.000 0.036 0.014 0.059 NewGC_pause3 10.039576 ]
[10.041s][info][safepoint] Application time: 0.0008858 seconds
[10.041s][info][safepoint] Total time for which application threads were stopped: 0.0000643 seconds, Stopping threads took: 0.0000004 seconds
[10.041s][info][gc       ] [SPS 0.000 0.003 0.002 0.007 0.000 0.001 0.000 0.042 0.014 0.064 NewGC_pause4 10.040526 ]
[10.041s][info][gc       ] [GC New Max 28-23 : 5120 3106 2258 5120 - - 997 56 2 2 - : 254 1790 30 184 1102 : 250 4 851 851 0 : 0 1 125 0 127 - 0 : 0.185602 3340.5 0.0 0.079445 3247.5 0.0 : 3 --c 0000 : 23 0 0.000 0.000 0 0.000 0.000 0 0.000 0.000 : 9.961384 9.963284 0.000182 10.037623 0.000124 10.039518 0.000040 10.040462 0.000046 : 10.040829 ]
[10.041s][info][gc       ] [SYSINFO 7277 227 63 0 6723 0 30 0 0 5703 : - - - - - - - - : 0 7168 : 4.76 3.19 2.03 : 292739 4277612 : 0 0 : 9 0 : 3877 4 0 261 : - 7354990592 682364928 1144156160 5905219584 238030848 67043328 : 140073237 29824080 733720 0 0 0 : 10.041076 ]
[10.041s][info][gc       ] [HUGEPAGESTAT 0 0 0 - 110773 0 0 : 393216 0 0 : 10.041076 ]
[10.041s][info][gc       ] [OBJCREAT 22056180 24824 1775616 : 10.041119 ]
[10.041s][info][gc       ] [HMSV All : 0 0 10 0 0 0 0 0 : 4842 0 0 0 : 10.041134 ]
[10.041s][info][gc       ] [HMSP 9 : 41100 0 : 10.041134 ]
[10.042s][info][gc       ] [VMAC 65530 166 24 433 623 : 10.041610 ]
[10.224s][info][gc       ] [GPGC-H  3111.1 561.0 15.8 0.0 : 1524.0 : 0.000 0.000 : 0.000 0.000 0.713 1.917 : 0.000 0.000 0.000 0.000 1.879 0.506 : 0.000 : 88.186 : 902 1790 30 0 : 2297 : 4608 4424 : 10.223974 : 9 Next_heuristic_check_may_be_too_late ]
[10.227s][info][safepoint] Application time: 0.1859287 seconds
[10.227s][info][safepoint] Total time for which application threads were stopped: 0.0003830 seconds, Stopping threads took: 0.0000005 seconds
[10.228s][info][gc       ] [SPS 0.000 0.003 0.003 0.007 0.000 0.001 0.000 0.329 0.045 0.383 NewGC_pause1 10.226839 ]
[10.285s][info][safepoint] Application time: 0.0582066 seconds
[10.286s][info][safepoint] Total time for which application threads were stopped: 0.0002090 seconds, Stopping threads took: 0.0000005 seconds
[10.286s][info][gc       ] [SPS 0.000 0.001 0.000 0.007 0.000 0.001 0.000 0.177 0.024 0.209 NewGC_pause2 10.285255 ]
[10.287s][info][safepoint] Application time: 0.0019722 seconds
[10.288s][info][safepoint] Total time for which application threads were stopped: 0.0000793 seconds, Stopping threads took: 0.0000004 seconds
[10.288s][info][gc       ] [SPS 0.000 0.001 0.000 0.007 0.000 0.001 0.000 0.051 0.020 0.079 NewGC_pause3 10.287306 ]
[10.289s][info][safepoint] Application time: 0.0011684 seconds
[10.289s][info][safepoint] Total time for which application threads were stopped: 0.0001027 seconds, Stopping threads took: 0.0000005 seconds
[10.289s][info][gc       ] [GC New Max 29-24 : 5120 3110 2206 5120 - - 997 56 2 2 - : 202 1790 30 184 1106 : 198 4 908 908 0 : 0 1 99 0 101 - 0 : 0.183754 3537.3 0.0 0.064417 3197.9 0.0 : 3 --c 0000 : 23 0 0.000 0.000 0 0.000 0.000 0 0.000 0.000 : 10.224584 10.226456 0.000282 10.285045 0.000115 10.287227 0.000049 10.288475 0.000080 : 10.289001 ]
[10.289s][info][gc       ] [SYSINFO 7277 227 63 0 6723 0 30 0 0 5703 : - - - - - - - - : 0 7168 : 4.76 3.19 2.03 : 292739 4277612 : 0 0 : 9 0 : 3877 4 0 261 : - 7354990592 682364928 1144156160 5905219584 238030848 67043328 : 140073237 29824970 733720 0 0 0 : 10.289242 ]
[10.289s][info][gc       ] [HUGEPAGESTAT 0 0 0 - 110773 0 0 : 393216 0 0 : 10.289242 ]
[10.289s][info][gc       ] [OBJCREAT 22901043 24824 1775616 : 10.289290 ]
[10.289s][info][gc       ] [HMSV All : 0 0 10 0 0 0 0 0 : 4842 0 0 0 : 10.289307 ]
[10.289s][info][gc       ] [HMSP 9 : 41100 0 : 10.289307 ]
[10.290s][info][gc       ] [SPS 0.000 0.003 0.002 0.007 0.000 0.001 0.000 0.077 0.018 0.103 NewGC_pause4 10.288577 ]
[10.290s][info][gc       ] [VMAC 65530 166 24 433 623 : 10.289752 ]
[10.494s][info][gc       ] [GPGC-H  3111.1 561.0 15.8 0.0 : 1524.0 : 0.000 0.000 : 0.000 0.000 0.705 1.917 : 0.000 0.000 0.000 0.000 1.859 0.506 : 0.000 : 87.477 : 854 1790 30 0 : 2297 : 4608 4424 : 10.494180 : 9 Next_heuristic_check_may_be_too_late ]
[10.497s][info][safepoint] Application time: 0.2081939 seconds
[10.498s][info][safepoint] Total time for which application threads were stopped: 0.0004162 seconds, Stopping threads took: 0.0000008 seconds
[10.498s][info][gc       ] [SPS 0.000 0.004 0.004 0.012 0.001 0.001 0.001 0.365 0.037 0.416 NewGC_pause1 10.497188 ]
[10.557s][info][safepoint] Application time: 0.0592764 seconds
[10.557s][info][safepoint] Total time for which application threads were stopped: 0.0001725 seconds, Stopping threads took: 0.0000005 seconds
[10.558s][info][gc       ] [SPS 0.000 0.001 0.000 0.007 0.000 0.001 0.000 0.138 0.026 0.173 NewGC_pause2 10.556637 ]
[10.559s][info][safepoint] Application time: 0.0019338 seconds
[10.559s][info][safepoint] Total time for which application threads were stopped: 0.0001498 seconds, Stopping threads took: 0.0000005 seconds
[10.559s][info][gc       ] [SPS 0.000 0.001 0.000 0.007 0.000 0.001 0.000 0.119 0.022 0.150 NewGC_pause3 10.558721 ]
[10.560s][info][safepoint] Application time: 0.0010360 seconds
[10.560s][info][safepoint] Total time for which application threads were stopped: 0.0001179 seconds, Stopping threads took: 0.0000005 seconds
[10.560s][info][gc       ] [SPS 0.000 0.003 0.002 0.007 0.000 0.001 0.000 0.094 0.015 0.118 NewGC_pause4 10.559875 ]
[10.560s][info][gc       ] [GC New Max 30-25 : 5120 3062 2208 5120 - - 997 56 2 2 - : 204 1790 30 184 1058 : 198 6 859 859 0 : 0 2 99 0 102 - 0 : 0.205927 3175.9 0.0 0.065200 3128.8 0.0 : 3 --c 0000 : 23 0 0.000 0.000 0 0.000 0.000 0 0.000 0.000 : 10.494928 10.496772 0.000281 10.556464 0.000103 10.558571 0.000088 10.559757 0.000099 : 10.560128 ]
[10.560s][info][gc       ] [SYSINFO 7277 227 63 0 6723 0 30 0 0 5703 : - - - - - - - - : 0 7168 : 4.76 3.19 2.03 : 292739 4277612 : 0 0 : 9 0 : 3877 4 0 261 : - 7354990592 682364928 1144156160 5905219584 238030848 67043328 : 140073237 29825960 733730 0 0 0 : 10.560359 ]
[10.560s][info][gc       ] [HUGEPAGESTAT 0 0 0 - 110773 0 0 : 393216 0 0 : 10.560359 ]
[10.560s][info][gc       ] [OBJCREAT 23753231 24824 1775616 : 10.560405 ]
[10.560s][info][gc       ] [HMSV All : 0 0 10 0 0 0 0 0 : 4842 0 0 0 : 10.560422 ]
[10.560s][info][gc       ] [HMSP 9 : 41100 0 : 10.560422 ]
[10.561s][info][gc       ] [VMAC 65530 166 24 433 623 : 10.560847 ]
[10.744s][info][gc       ] [GPGC-H  3111.1 561.0 15.8 0.0 : 1524.0 : 0.000 0.000 : 0.000 0.000 0.697 1.917 : 0.000 0.000 0.000 0.000 1.838 0.506 : 0.000 : 86.687 : 826 1790 30 0 : 2297 : 4608 4424 : 10.744037 : 9 Next_heuristic_check_may_be_too_late ]
[10.747s][info][safepoint] Application time: 0.1866624 seconds
[10.747s][info][safepoint] Total time for which application threads were stopped: 0.0002483 seconds, Stopping threads took: 0.0000004 seconds
[10.748s][info][gc       ] [SPS 0.000 0.003 0.002 0.007 0.000 0.001 0.000 0.224 0.016 0.248 NewGC_pause1 10.746786 ]
[10.804s][info][safepoint] Application time: 0.0574963 seconds
[10.805s][info][safepoint] Total time for which application threads were stopped: 0.0001263 seconds, Stopping threads took: 0.0000004 seconds
[10.805s][info][gc       ] [SPS 0.000 0.001 0.000 0.006 0.000 0.001 0.000 0.101 0.017 0.126 NewGC_pause2 10.804408 ]
[10.806s][info][safepoint] Application time: 0.0018176 seconds
[10.807s][info][safepoint] Total time for which application threads were stopped: 0.0000592 seconds, Stopping threads took: 0.0000004 seconds
[10.807s][info][gc       ] [SPS 0.000 0.000 0.000 0.007 0.000 0.001 0.000 0.037 0.014 0.059 NewGC_pause3 10.806285 ]
[10.807s][info][safepoint] Application time: 0.0010773 seconds
[10.808s][info][safepoint] Total time for which application threads were stopped: 0.0000651 seconds, Stopping threads took: 0.0000004 seconds
[10.808s][info][gc       ] [SPS 0.000 0.002 0.002 0.006 0.000 0.001 0.000 0.043 0.014 0.065 NewGC_pause4 10.807427 ]
[10.808s][info][gc       ] [GC New Max 31-26 : 5120 3042 2214 5120 - - 997 56 2 2 - : 210 1790 30 184 1038 : 204 6 831 831 0 : 0 2 102 0 105 - 0 : 0.184555 3391.9 0.0 0.062958 3335.6 0.0 : 3 --c 0000 : 23 0 0.000 0.000 0 0.000 0.000 0 0.000 0.000 : 10.744684 10.746537 0.000224 10.804282 0.000102 10.806226 0.000040 10.807362 0.000046 : 10.807642 ]
[10.808s][info][gc       ] [SYSINFO 7277 227 63 0 6723 0 30 0 0 5703 : - - - - - - - - : 0 7168 : 4.76 3.19 2.03 : 292739 4277612 : 0 0 : 9 0 : 3877 4 0 261 : - 7354990592 682364928 1144156160 5905219584 238030848 67043328 : 140073237 29826850 733730 0 0 0 : 10.807863 ]
[10.808s][info][gc       ] [HUGEPAGESTAT 0 0 0 - 110773 0 0 : 393216 0 0 : 10.807863 ]
[10.808s][info][gc       ] [OBJCREAT 24581458 24824 1775616 : 10.807906 ]
[10.808s][info][gc       ] [HMSV All : 0 0 10 0 0 0 0 0 : 4842 0 0 0 : 10.807922 ]
[10.808s][info][gc       ] [HMSP 9 : 41100 0 : 10.807922 ]
[10.808s][info][gc       ] [VMAC 65530 166 24 433 623 : 10.808354 ]
[10.993s][info][gc       ] [GPGC-H  3111.1 561.0 15.8 0.0 : 1524.0 : 0.000 0.000 : 0.000 0.000 0.690 1.917 : 0.000 0.000 0.000 0.000 1.819 0.506 : 0.000 : 85.990 : 832 1790 30 0 : 2297 : 4608 4424 : 10.992691 : 9 Next_heuristic_check_may_be_too_late ]
[10.996s][info][safepoint] Application time: 0.1877830 seconds
[10.996s][info][safepoint] Total time for which application threads were stopped: 0.0003197 seconds, Stopping threads took: 0.0000005 seconds
[10.996s][info][gc       ] [SPS 0.000 0.003 0.003 0.007 0.000 0.001 0.000 0.287 0.024 0.320 NewGC_pause1 10.995530 ]
[11.054s][info][safepoint] Application time: 0.0585968 seconds
[11.055s][info][safepoint] Total time for which application threads were stopped: 0.0000731 seconds, Stopping threads took: 0.0000004 seconds
[11.055s][info][gc       ] [SPS 0.000 0.001 0.000 0.007 0.000 0.001 0.000 0.049 0.016 0.073 NewGC_pause2 11.054201 ]
[11.056s][info][safepoint] Application time: 0.0020270 seconds
[11.057s][info][safepoint] Total time for which application threads were stopped: 0.0001511 seconds, Stopping threads took: 0.0000004 seconds
[11.057s][info][gc       ] [SPS 0.000 0.000 0.000 0.006 0.000 0.001 0.000 0.130 0.014 0.151 NewGC_pause3 11.056378 ]
[11.058s][info][safepoint] Application time: 0.0010047 seconds
[11.058s][info][safepoint] Total time for which application threads were stopped: 0.0001523 seconds, Stopping threads took: 0.0000004 seconds
[11.058s][info][gc       ] [SPS 0.000 0.003 0.002 0.007 0.000 0.001 0.000 0.108 0.037 0.153 NewGC_pause4 11.057536 ]
[11.058s][info][gc       ] [GC New Max 32-27 : 5120 3050 2214 5120 - - 997 56 2 2 - : 210 1790 30 184 1046 : 208 4 838 838 0 : 0 1 104 0 105 - 0 : 0.185746 3359.4 0.0 0.064326 3326.8 0.0 : 3 --c 0000 : 23 0 0.000 0.000 0 0.000 0.000 0 0.000 0.000 : 10.993387 10.995211 0.000248 11.054127 0.000052 11.056227 0.000133 11.057383 0.000046 : 11.057713 ]
[11.058s][info][gc       ] [SYSINFO 7277 227 63 0 6723 0 30 0 0 5703 : - - - - - - - - : 0 7168 : 4.76 3.19 2.03 : 292739 4277612 : 0 0 : 9 0 : 3877 5 0 261 : - 7354990592 682364928 1144156160 5905219584 238030848 67043328 : 140073237 29827730 733780 0 0 0 : 11.057954 ]
[11.058s][info][gc       ] [HUGEPAGESTAT 0 0 0 - 110773 0 0 : 393216 0 0 : 11.057954 ]
[11.058s][info][gc       ] [OBJCREAT 25411290 24824 1775616 : 11.058000 ]
[11.058s][info][gc       ] [HMSV All : 0 0 10 0 0 0 0 0 : 4842 0 0 0 : 11.058016 ]
[11.058s][info][gc       ] [HMSP 9 : 41100 0 : 11.058016 ]
[11.059s][info][gc       ] [VMAC 65530 166 24 433 623 : 11.058550 ]
[11.243s][info][gc       ] [GPGC-H  3111.1 561.0 15.8 0.0 : 1524.0 : 0.000 0.000 : 0.000 0.000 0.683 1.917 : 0.000 0.000 0.000 0.000 1.800 0.506 : 0.000 : 85.298 : 848 1790 30 0 : 2297 : 4608 4424 : 11.242979 : 9 Next_heuristic_check_may_be_too_late ]
[11.246s][info][safepoint] Application time: 0.1878059 seconds
[11.246s][info][safepoint] Total time for which application threads were stopped: 0.0003432 seconds, Stopping threads took: 0.0000005 seconds
[11.246s][info][gc       ] [SPS 0.000 0.003 0.002 0.007 0.000 0.001 0.000 0.282 0.053 0.343 NewGC_pause1 11.245685 ]
[11.307s][info][safepoint] Application time: 0.0609879 seconds
[11.307s][info][safepoint] Total time for which application threads were stopped: 0.0001694 seconds, Stopping threads took: 0.0000004 seconds
[11.308s][info][gc       ] [SPS 0.000 0.001 0.000 0.006 0.000 0.001 0.001 0.141 0.020 0.169 NewGC_pause2 11.306842 ]
[11.308s][info][safepoint] Application time: 0.0013612 seconds
[11.308s][info][safepoint] Total time for which application threads were stopped: 0.0000547 seconds, Stopping threads took: 0.0000004 seconds
[11.309s][info][gc       ] [SPS 0.000 0.000 0.000 0.006 0.000 0.001 0.000 0.033 0.014 0.055 NewGC_pause3 11.308258 ]
[11.309s][info][safepoint] Application time: 0.0008392 seconds
[11.309s][info][safepoint] Total time for which application threads were stopped: 0.0000608 seconds, Stopping threads took: 0.0000004 seconds
[11.309s][info][gc       ] [SPS 0.000 0.003 0.002 0.006 0.000 0.001 0.000 0.039 0.013 0.060 NewGC_pause4 11.309158 ]
[11.310s][info][gc       ] [GC New Max 33-28 : 5120 3072 2222 5120 - - 997 56 2 2 - : 218 1790 30 184 1068 : 212 6 852 852 0 : 0 2 106 0 109 - 0 : 0.185912 3442.5 0.0 0.065758 3345.6 0.0 : 3 --c 0000 : 23 0 0.000 0.000 0 0.000 0.000 0 0.000 0.000 : 11.243625 11.245342 0.000243 11.306673 0.000105 11.308204 0.000037 11.309098 0.000043 : 11.309383 ]
[11.310s][info][gc       ] [SYSINFO 7277 227 63 0 6723 0 30 0 0 5703 : - - - - - - - - : 0 7168 : 4.76 3.19 2.03 : 292739 4277612 : 0 0 : 9 0 : 3877 4 0 261 : - 7354990592 682364928 1144156160 5905219584 238030848 67043328 : 140073237 29828630 733800 0 0 0 : 11.309633 ]
[11.310s][info][gc       ] [HUGEPAGESTAT 0 0 0 - 110773 0 0 : 393216 0 0 : 11.309633 ]
[11.310s][info][gc       ] [OBJCREAT 26260440 24824 1775616 : 11.309679 ]
[11.310s][info][gc       ] [HMSV All : 0 0 10 0 0 0 0 0 : 4842 0 0 0 : 11.309694 ]
[11.310s][info][gc       ] [HMSP 9 : 41100 0 : 11.309694 ]
[11.310s][info][gc       ] [VMAC 65530 166 24 433 623 : 11.310105 ]
[11.491s][info][gc       ] [GPGC-H  3111.1 511.1 14.4 0.0 : 1388.4 : 0.000 0.000 : 0.000 0.000 0.676 1.917 : 0.000 0.000 0.000 0.000 1.781 0.506 : 0.000 : 84.614 : 880 1790 30 0 : 2297 : 4608 4424 : 11.491085 : 9 Next_heuristic_check_may_be_too_late ]
[11.494s][info][safepoint] Application time: 0.1844927 seconds
[11.494s][info][safepoint] Total time for which application threads were stopped: 0.0004049 seconds, Stopping threads took: 0.0000008 seconds
[11.495s][info][gc       ] [SPS 0.000 0.004 0.005 0.012 0.001 0.002 0.001 0.350 0.040 0.405 NewGC_pause1 11.494056 ]
[11.553s][info][safepoint] Application time: 0.0588378 seconds
[11.554s][info][safepoint] Total time for which application threads were stopped: 0.0001595 seconds, Stopping threads took: 0.0000005 seconds
[11.554s][info][gc       ] [SPS 0.000 0.001 0.000 0.008 0.000 0.001 0.000 0.123 0.027 0.159 NewGC_pause2 11.553054 ]
[11.555s][info][safepoint] Application time: 0.0018710 seconds
[11.555s][info][safepoint] Total time for which application threads were stopped: 0.0000618 seconds, Stopping threads took: 0.0000005 seconds
[11.555s][info][gc       ] [SPS 0.000 0.000 0.000 0.007 0.000 0.001 0.000 0.039 0.014 0.062 NewGC_pause3 11.554986 ]
[11.556s][info][safepoint] Application time: 0.0009269 seconds
[11.556s][info][safepoint] Total time for which application threads were stopped: 0.0000741 seconds, Stopping threads took: 0.0000005 seconds
[11.556s][info][gc       ] [SPS 0.000 0.003 0.002 0.007 0.000 0.001 0.000 0.051 0.015 0.074 NewGC_pause4 11.555987 ]
[11.557s][info][gc       ] [GC New Max 34-29 : 5120 3092 2210 5120 - - 997 56 2 2 - : 206 1790 30 184 1088 : 200 6 885 885 0 : 0 2 100 0 103 - 0 : 0.182368 3641.0 0.0 0.064481 3225.8 0.0 : 3 --c 0000 : 23 0 0.000 0.000 0 0.000 0.000 0 0.000 0.000 : 11.491751 11.493652 0.000307 11.552894 0.000050 11.554925 0.000043 11.555913 0.000055 : 11.556232 ]
[11.557s][info][gc       ] [SYSINFO 7277 227 63 0 6723 0 30 0 0 5703 : - - - - - - - - : 0 7168 : 4.76 3.19 2.03 : 292739 4277612 : 0 0 : 9 0 : 3877 6 0 261 : - 7354990592 682364928 1144156160 5905219584 238030848 67043328 : 140073237 29829520 733820 0 0 0 : 11.556471 ]
[11.557s][info][gc       ] [HUGEPAGESTAT 0 0 0 - 110773 0 0 : 393216 0 0 : 11.556471 ]
[11.557s][info][gc       ] [OBJCREAT 27124195 24824 1775616 : 11.556520 ]
[11.557s][info][gc       ] [HMSV All : 0 0 10 0 0 0 0 0 : 4842 0 0 0 : 11.556538 ]
[11.557s][info][gc       ] [HMSP 9 : 41100 0 : 11.556538 ]
[11.557s][info][gc       ] [VMAC 65530 166 24 433 623 : 11.557007 ]
[11.784s][info][gc       ] [GPGC-H  3247.1 511.1 14.4 0.0 : 1388.4 : 0.000 0.000 : 0.000 0.000 0.669 1.917 : 0.000 0.000 0.000 0.000 1.762 0.506 : 0.000 : 83.950 : 844 1790 30 0 : 2297 : 4608 4424 : 11.783563 : 9 Next_heuristic_check_may_be_too_late ]
[11.787s][info][safepoint] Application time: 0.2300977 seconds
[11.787s][info][safepoint] Total time for which application threads were stopped: 0.0004280 seconds, Stopping threads took: 0.0000005 seconds
[11.787s][info][gc       ] [SPS 0.000 0.003 0.004 0.007 0.001 0.001 0.000 0.396 0.023 0.428 NewGC_pause1 11.786514 ]
[11.846s][info][safepoint] Application time: 0.0596440 seconds
[11.847s][info][safepoint] Total time for which application threads were stopped: 0.0001590 seconds, Stopping threads took: 0.0000004 seconds
[11.847s][info][gc       ] [SPS 0.000 0.001 0.000 0.007 0.000 0.001 0.000 0.129 0.021 0.159 NewGC_pause2 11.846317 ]
[11.848s][info][safepoint] Application time: 0.0017265 seconds
[11.848s][info][safepoint] Total time for which application threads were stopped: 0.0000603 seconds, Stopping threads took: 0.0000013 seconds
[11.849s][info][gc       ] [SPS 0.000 0.000 0.000 0.007 0.001 0.001 0.000 0.037 0.014 0.060 NewGC_pause3 11.848104 ]
[11.849s][info][safepoint] Application time: 0.0009456 seconds
[11.849s][info][safepoint] Total time for which application threads were stopped: 0.0001713 seconds, Stopping threads took: 0.0000005 seconds
[11.850s][info][gc       ] [SPS 0.000 0.003 0.002 0.007 0.000 0.001 0.000 0.140 0.023 0.172 NewGC_pause4 11.849221 ]
[11.850s][info][gc       ] [GC New Max 35-30 : 5120 3052 2210 5120 - - 997 56 2 2 - : 206 1790 30 184 1048 : 200 6 844 844 0 : 0 2 100 0 103 - 0 : 0.228062 2797.5 0.0 0.065073 3165.7 0.0 : 3 --c 0000 : 23 0 0.000 0.000 0 0.000 0.000 0 0.000 0.000 : 11.784294 11.786086 0.000317 11.846158 0.000098 11.848043 0.000042 11.849049 0.000053 : 11.849368 ]
[11.850s][info][gc       ] [SYSINFO 7277 227 63 0 6723 0 30 0 0 5703 : - - - - - - - - : 0 7168 : 4.76 3.19 2.03 : 292739 4277612 : 0 0 : 9 0 : 3877 4 0 261 : - 7354990592 682364928 1144156160 5905219584 238030848 67043328 : 140073237 29830540 733820 0 0 0 : 11.849603 ]
[11.850s][info][gc       ] [HUGEPAGESTAT 0 0 0 - 110773 0 0 : 393216 0 0 : 11.849603 ]
[11.850s][info][gc       ] [OBJCREAT 27959587 24824 1775616 : 11.849650 ]
[11.850s][info][gc       ] [HMSV All : 0 0 10 0 0 0 0 0 : 4842 0 0 0 : 11.849667 ]
[11.850s][info][gc       ] [HMSP 9 : 41100 0 : 11.849667 ]
[11.850s][info][gc       ] [VMAC 65530 166 24 433 623 : 11.850079 ]
[12.053s][info][gc       ] [GPGC-H  3247.1 511.1 14.4 0.0 : 1388.4 : 0.000 0.000 : 0.000 0.000 0.661 1.917 : 0.000 0.000 0.000 0.000 1.740 0.506 : 0.000 : 83.120 : 874 1790 30 0 : 2297 : 4608 4424 : 12.053303 : 9 Next_heuristic_check_may_be_too_late ]
[12.056s][info][safepoint] Application time: 0.2063605 seconds
[12.056s][info][safepoint] Total time for which application threads were stopped: 0.0003206 seconds, Stopping threads took: 0.0000005 seconds
[12.056s][info][gc       ] [SPS 0.000 0.004 0.003 0.009 0.000 0.001 0.000 0.287 0.023 0.321 NewGC_pause1 12.055902 ]
[12.123s][info][safepoint] Application time: 0.0670174 seconds
[12.124s][info][safepoint] Total time for which application threads were stopped: 0.0002155 seconds, Stopping threads took: 0.0000004 seconds
[12.124s][info][gc       ] [SPS 0.000 0.001 0.000 0.006 0.000 0.001 0.000 0.187 0.021 0.216 NewGC_pause2 12.123135 ]
[12.125s][info][safepoint] Application time: 0.0016410 seconds
[12.125s][info][safepoint] Total time for which application threads were stopped: 0.0000587 seconds, Stopping threads took: 0.0000004 seconds
[12.125s][info][gc       ] [SPS 0.000 0.000 0.000 0.007 0.000 0.001 0.000 0.037 0.013 0.059 NewGC_pause3 12.124835 ]
[12.126s][info][safepoint] Application time: 0.0010897 seconds
[12.126s][info][safepoint] Total time for which application threads were stopped: 0.0000830 seconds, Stopping threads took: 0.0000004 seconds
[12.126s][info][gc       ] [SPS 0.000 0.003 0.002 0.007 0.000 0.001 0.000 0.060 0.015 0.083 NewGC_pause4 12.126008 ]
[12.127s][info][gc       ] [GC New Max 36-31 : 5120 3112 2238 5120 - - 997 56 2 2 - : 234 1790 30 184 1108 : 228 6 877 877 0 : 0 2 114 0 117 - 0 : 0.204363 3268.7 0.0 0.072535 3253.6 0.0 : 3 --c 0000 : 23 0 0.000 0.000 0 0.000 0.000 0 0.000 0.000 : 12.053731 12.055582 0.000248 12.122920 0.000144 12.124776 0.000041 12.125925 0.000064 : 12.126266 ]
[12.127s][info][gc       ] [SYSINFO 7277 227 63 0 6723 0 30 0 0 5703 : - - - - - - - - : 0 7168 : 4.76 3.19 2.03 : 292739 4277612 : 0 0 : 9 0 : 3877 4 0 261 : - 7354990592 682364928 1144156160 5905219584 238030848 67043328 : 140073237 29831560 733910 0 0 0 : 12.126509 ]
[12.127s][info][gc       ] [HUGEPAGESTAT 0 0 0 - 110773 0 0 : 393216 0 0 : 12.126509 ]
[12.127s][info][gc       ] [OBJCREAT 28856602 24824 1775616 : 12.126559 ]
[12.127s][info][gc       ] [HMSV All : 0 0 10 0 0 0 0 0 : 4842 0 0 0 : 12.126574 ]
[12.127s][info][gc       ] [HMSP 9 : 41100 0 : 12.126574 ]
[12.127s][info][gc       ] [VMAC 65530 166 24 433 623 : 12.126996 ]
[12.311s][info][gc       ] [GPGC-H  3247.1 511.1 14.4 0.0 : 1388.4 : 0.000 0.000 : 0.000 0.000 0.653 1.917 : 0.000 0.000 0.000 0.000 1.720 0.506 : 0.000 : 82.396 : 866 1790 30 0 : 2297 : 4608 4424 : 12.311033 : 9 Next_heuristic_check_may_be_too_late ]
[12.314s][info][safepoint] Application time: 0.1873732 seconds
[12.314s][info][safepoint] Total time for which application threads were stopped: 0.0002801 seconds, Stopping threads took: 0.0000004 seconds
[12.315s][info][gc       ] [SPS 0.000 0.003 0.003 0.007 0.000 0.001 0.000 0.252 0.020 0.280 NewGC_pause1 12.313661 ]
[12.370s][info][safepoint] Application time: 0.0559139 seconds
[12.370s][info][safepoint] Total time for which application threads were stopped: 0.0001368 seconds, Stopping threads took: 0.0000004 seconds
[12.371s][info][gc       ] [SPS 0.000 0.001 0.000 0.006 0.000 0.001 0.000 0.111 0.019 0.137 NewGC_pause2 12.369712 ]
[12.372s][info][safepoint] Application time: 0.0023654 seconds
[12.372s][info][safepoint] Total time for which application threads were stopped: 0.0000503 seconds, Stopping threads took: 0.0000004 seconds
[12.373s][info][gc       ] [SPS 0.000 0.000 0.000 0.006 0.000 0.001 0.000 0.032 0.012 0.050 NewGC_pause3 12.372128 ]
[12.373s][info][safepoint] Application time: 0.0009235 seconds
[12.373s][info][safepoint] Total time for which application threads were stopped: 0.0000572 seconds, Stopping threads took: 0.0000004 seconds
[12.373s][info][gc       ] [SPS 0.000 0.002 0.002 0.006 0.000 0.001 0.000 0.038 0.012 0.057 NewGC_pause4 12.373109 ]
[12.374s][info][gc       ] [GC New Max 37-32 : 5120 3092 2224 5120 - - 999 56 2 2 - : 220 1790 30 184 1088 : 214 6 870 870 0 : 0 2 107 0 110 - 0 : 0.185315 3421.2 0.0 0.061823 3590.9 0.0 : 3 --c 0000 : 23 0 0.000 0.000 0 0.000 0.000 0 0.000 0.000 : 12.311580 12.313381 0.000220 12.369575 0.000079 12.372078 0.000035 12.373051 0.000041 : 12.373404 ]
[12.374s][info][gc       ] [SYSINFO 7280 227 63 0 6724 0 30 0 0 5703 : - - - - - - - - : 0 7168 : 4.76 3.19 2.03 : 292739 4277612 : 0 0 : 9 0 : 3877 3 0 261 : - 7356612608 682364928 1145778176 5905219584 238030848 67043328 : 140073237 29832250 733920 0 0 0 : 12.373638 ]
[12.374s][info][gc       ] [HUGEPAGESTAT 0 0 0 - 110773 0 0 : 393216 0 0 : 12.373638 ]
[12.374s][info][gc       ] [OBJCREAT 29701606 24824 1775616 : 12.373677 ]
[12.374s][info][gc       ] [HMSV All : 0 0 10 0 0 0 0 0 : 4842 0 0 0 : 12.373690 ]
[12.374s][info][gc       ] [HMSP 9 : 41100 0 : 12.373690 ]
[12.374s][info][gc       ] [VMAC 65530 166 24 433 623 : 12.374132 ]
[12.534s][info][gc       ] [GPGC-H  3247.1 511.1 14.4 0.0 : 1388.4 : 0.000 0.000 : 0.000 0.000 0.646 1.917 : 0.000 0.000 0.000 0.000 1.702 0.506 : 0.000 : 81.744 : 832 1790 30 0 : 2297 : 4608 4424 : 12.534221 : 9 Next_heuristic_check_may_be_too_late ]
[12.537s][info][safepoint] Application time: 0.1634723 seconds
[12.537s][info][safepoint] Total time for which application threads were stopped: 0.0002813 seconds, Stopping threads took: 0.0000004 seconds
[12.537s][info][gc       ] [SPS 0.000 0.003 0.002 0.006 0.000 0.001 0.000 0.236 0.037 0.281 NewGC_pause1 12.536863 ]
[12.596s][info][safepoint] Application time: 0.0595295 seconds
[12.597s][info][safepoint] Total time for which application threads were stopped: 0.0001058 seconds, Stopping threads took: 0.0000005 seconds
[12.597s][info][gc       ] [SPS 0.000 0.001 0.000 0.006 0.000 0.001 0.000 0.085 0.013 0.106 NewGC_pause2 12.596498 ]
[12.598s][info][safepoint] Application time: 0.0012233 seconds
[12.598s][info][safepoint] Total time for which application threads were stopped: 0.0000578 seconds, Stopping threads took: 0.0000004 seconds
[12.598s][info][gc       ] [SPS 0.000 0.000 0.000 0.007 0.000 0.001 0.000 0.037 0.013 0.058 NewGC_pause3 12.597779 ]
[12.599s][info][safepoint] Application time: 0.0008808 seconds
[12.599s][info][safepoint] Total time for which application threads were stopped: 0.0000695 seconds, Stopping threads took: 0.0000004 seconds
[12.599s][info][gc       ] [SPS 0.000 0.003 0.002 0.011 0.000 0.001 0.000 0.043 0.014 0.070 NewGC_pause4 12.598729 ]
[12.599s][info][gc       ] [GC New Max 38-33 : 5120 3050 2218 5120 - - 999 56 2 2 - : 212 1792 30 184 1046 : 208 4 835 835 0 : 1 1 104 0 106 - 0 : 0.161337 3805.7 0.0 0.064254 3330.5 0.0 : 3 --c 0000 : 23 0 0.000 0.000 0 0.000 0.000 0 0.000 0.000 : 12.534741 12.536581 0.000200 12.596392 0.000090 12.597721 0.000041 12.598660 0.000051 : 12.598995 ]
[12.599s][info][gc       ] [SYSINFO 7280 227 63 0 6724 0 30 0 0 5703 : - - - - - - - - : 0 7168 : 4.76 3.19 2.03 : 292739 4277612 : 0 0 : 9 0 : 3877 3 0 261 : - 7356612608 682364928 1145778176 5905219584 238030848 67043328 : 140073237 29832850 733920 0 0 0 : 12.599242 ]
[12.599s][info][gc       ] [HUGEPAGESTAT 0 0 0 - 110773 0 0 : 393216 0 0 : 12.599242 ]
[12.599s][info][gc       ] [OBJCREAT 30523841 24824 1777664 : 12.599288 ]
[12.599s][info][gc       ] [HMSV All : 0 0 10 0 0 0 0 0 : 4842 0 0 0 : 12.599304 ]
[12.599s][info][gc       ] [HMSP 9 : 41100 0 : 12.599304 ]
[12.600s][info][gc       ] [VMAC 65530 166 24 433 623 : 12.599717 ]
[12.782s][info][gc       ] [GPGC-H  3247.1 511.1 14.4 0.0 : 1388.4 : 0.000 0.000 : 0.000 0.000 0.640 1.917 : 0.000 0.000 0.000 0.000 1.686 0.506 : 0.000 : 81.192 : 876 1792 30 0 : 2297 : 4608 4424 : 12.782092 : 9 Next_heuristic_check_may_be_too_late ]
[12.785s][info][safepoint] Application time: 0.1857096 seconds
[12.785s][info][safepoint] Total time for which application threads were stopped: 0.0003137 seconds, Stopping threads took: 0.0000004 seconds
[12.785s][info][gc       ] [SPS 0.000 0.003 0.004 0.007 0.000 0.001 0.000 0.268 0.037 0.314 NewGC_pause1 12.784753 ]
[12.841s][info][safepoint] Application time: 0.0557889 seconds
[12.841s][info][safepoint] Total time for which application threads were stopped: 0.0001504 seconds, Stopping threads took: 0.0000004 seconds
[12.841s][info][gc       ] [SPSH lock suspend gclocker notify wait resuspend cleanup op_time wakeup total(ms) op_name end(s) ]
[12.841s][info][gc       ] [SPS 0.000 0.001 0.000 0.006 0.000 0.001 0.000 0.124 0.019 0.151 NewGC_pause2 12.840693 ]
[12.842s][info][safepoint] Application time: 0.0011654 seconds
[12.842s][info][safepoint] Total time for which application threads were stopped: 0.0000514 seconds, Stopping threads took: 0.0000004 seconds
[12.842s][info][gc       ] [SPS 0.000 0.000 0.000 0.006 0.000 0.001 0.000 0.032 0.013 0.052 NewGC_pause3 12.841909 ]
[12.846s][info][safepoint] Application time: 0.0037376 seconds
[12.846s][info][safepoint] Total time for which application threads were stopped: 0.0000699 seconds, Stopping threads took: 0.0000004 seconds
[12.846s][info][gc       ] [SPS 0.000 0.002 0.002 0.006 0.000 0.001 0.000 0.050 0.013 0.070 NewGC_pause4 12.845717 ]
[12.846s][info][gc       ] [GC New Max 39-34 : 5120 3100 2230 5120 - - 999 56 2 2 - : 224 1792 30 184 1094 : 210 4 882 882 0 : 0 1 105 0 112 - 0 : 0.183484 3629.7 0.0 0.063519 3589.5 0.0 : 3 --c 0000 : 23 0 0.000 0.000 0 0.000 0.000 0 0.000 0.000 : 12.782480 12.784439 0.000213 12.840542 0.000095 12.841858 0.000035 12.845647 0.000053 : 12.845999 ]
[12.846s][info][gc       ] [SYSINFO 7280 227 63 0 6724 0 30 0 0 5703 : - - - - - - - - : 0 7168 : 4.76 3.19 2.03 : 292739 4277612 : 0 0 : 9 0 : 3877 3 0 261 : - 7356612608 682364928 1145778176 5905219584 238030848 67043328 : 140073237 29833490 733960 0 0 0 : 12.846310 ]
[12.846s][info][gc       ] [HUGEPAGESTAT 0 0 0 - 110773 0 0 : 393216 0 0 : 12.846310 ]
[12.846s][info][gc       ] [OBJCREAT 31408450 24824 1777664 : 12.846351 ]
[12.846s][info][gc       ] [HMSV All : 0 0 10 0 0 0 0 0 : 4842 0 0 0 : 12.846363 ]
[12.846s][info][gc       ] [HMSP 9 : 41100 0 : 12.846363 ]
[12.847s][info][gc       ] [VMAC 65530 166 24 433 623 : 12.846785 ]
[13.029s][info][gc       ] [GPGC-H  3247.1 511.1 14.4 0.0 : 1388.4 : 0.000 0.000 : 0.000 0.000 0.634 1.917 : 0.000 0.000 0.000 0.000 1.669 0.506 : 0.000 : 80.562 : 880 1792 30 0 : 2297 : 4608 4424 : 13.028684 : 9 Next_heuristic_check_may_be_too_late ]
[13.031s][info][safepoint] Application time: 0.1850776 seconds
[13.031s][info][safepoint] Total time for which application threads were stopped: 0.0002145 seconds, Stopping threads took: 0.0000004 seconds
[13.032s][info][gc       ] [SPS 0.000 0.003 0.004 0.007 0.000 0.001 0.000 0.191 0.015 0.215 NewGC_pause1 13.031010 ]
[13.086s][info][safepoint] Application time: 0.0551098 seconds
[13.087s][info][safepoint] Total time for which application threads were stopped: 0.0001481 seconds, Stopping threads took: 0.0000004 seconds
[13.087s][info][gc       ] [SPS 0.000 0.001 0.000 0.006 0.000 0.001 0.000 0.121 0.019 0.148 NewGC_pause2 13.086268 ]
[13.088s][info][safepoint] Application time: 0.0012197 seconds
[13.088s][info][safepoint] Total time for which application threads were stopped: 0.0000543 seconds, Stopping threads took: 0.0000004 seconds
[13.088s][info][gc       ] [SPS 0.000 0.000 0.000 0.006 0.000 0.001 0.000 0.034 0.013 0.054 NewGC_pause3 13.087541 ]
[13.089s][info][safepoint] Application time: 0.0009910 seconds
[13.089s][info][safepoint] Total time for which application threads were stopped: 0.0000599 seconds, Stopping threads took: 0.0000004 seconds
[13.089s][info][gc       ] [SPS 0.000 0.002 0.002 0.006 0.000 0.001 0.000 0.039 0.014 0.060 NewGC_pause4 13.088592 ]
[13.089s][info][gc       ] [GC New Max 40-35 : 5120 3096 2214 5120 - - 999 56 2 2 - : 208 1792 30 184 1090 : 204 4 885 885 0 : 0 1 102 0 104 - 0 : 0.183155 3592.6 0.0 0.059689 3518.3 0.0 : 3 --c 0000 : 23 0 0.000 0.000 0 0.000 0.000 0 0.000 0.000 : 13.029154 13.030795 0.000194 13.086119 0.000091 13.087487 0.000038 13.088533 0.000042 : 13.088843 ]
[13.089s][info][gc       ] [SYSINFO 7280 227 63 0 6724 0 30 0 0 5703 : - - - - - - - - : 0 7168 : 4.76 3.19 2.03 : 292739 4277612 : 0 0 : 9 0 : 3877 3 0 261 : - 7356612608 682364928 1145778176 5905219584 238030848 67043328 : 140073237 29834120 734040 0 0 0 : 13.089092 ]
[13.089s][info][gc       ] [HUGEPAGESTAT 0 0 0 - 110773 0 0 : 393216 0 0 : 13.089092 ]
[13.089s][info][gc       ] [OBJCREAT 32265820 24824 1777664 : 13.089135 ]
[13.089s][info][gc       ] [HMSV All : 0 0 10 0 0 0 0 0 : 4842 0 0 0 : 13.089147 ]
[13.089s][info][gc       ] [HMSP 9 : 41100 0 : 13.089147 ]
[13.090s][info][gc       ] [VMAC 65530 166 24 433 623 : 13.089610 ]
[13.274s][info][gc       ] [GPGC-H  3247.1 511.1 14.4 0.0 : 1388.4 : 0.000 0.000 : 0.000 0.000 0.627 1.917 : 0.000 0.000 0.000 0.000 1.652 0.506 : 0.000 : 79.938 : 838 1792 30 0 : 2297 : 4608 4424 : 13.274273 : 9 Next_heuristic_check_may_be_too_late ]
[13.277s][info][safepoint] Application time: 0.1880542 seconds
[13.277s][info][safepoint] Total time for which application threads were stopped: 0.0002973 seconds, Stopping threads took: 0.0000004 seconds
[13.278s][info][gc       ] [SPS 0.000 0.003 0.003 0.007 0.000 0.001 0.000 0.269 0.020 0.297 NewGC_pause1 13.276944 ]
[13.334s][info][safepoint] Application time: 0.0570557 seconds
[13.335s][info][safepoint] Total time for which application threads were stopped: 0.0001345 seconds, Stopping threads took: 0.0000004 seconds
[13.335s][info][gc       ] [SPS 0.000 0.001 0.000 0.006 0.000 0.001 0.000 0.108 0.019 0.135 NewGC_pause2 13.334135 ]
[13.336s][info][safepoint] Application time: 0.0014272 seconds
[13.336s][info][safepoint] Total time for which application threads were stopped: 0.0000725 seconds, Stopping threads took: 0.0000004 seconds
[13.336s][info][gc       ] [SPS 0.000 0.000 0.000 0.022 0.000 0.001 0.000 0.033 0.017 0.073 NewGC_pause3 13.335634 ]
[13.337s][info][safepoint] Application time: 0.0009558 seconds
[13.337s][info][safepoint] Total time for which application threads were stopped: 0.0000594 seconds, Stopping threads took: 0.0000004 seconds
[13.337s][info][gc       ] [SPS 0.000 0.002 0.001 0.006 0.000 0.001 0.000 0.039 0.014 0.060 NewGC_pause4 13.336650 ]
[13.337s][info][gc       ] [GC New Max 41-36 : 5120 3032 2190 5120 - - 999 56 2 2 - : 184 1792 30 184 1026 : 182 4 844 844 0 : 0 1 91 0 92 - 0 : 0.186054 3396.9 0.0 0.062027 3030.9 0.0 : 3 --c 0000 : 23 0 0.000 0.000 0 0.000 0.000 0 0.000 0.000 : 13.274896 13.276647 0.000223 13.334000 0.000079 13.335562 0.000052 13.336590 0.000042 : 13.336924 ]
[13.337s][info][gc       ] [SYSINFO 7280 227 63 0 6724 0 30 0 0 5703 : - - - - - - - - : 0 7168 : 4.76 3.19 2.03 : 292739 4277612 : 0 0 : 9 0 : 3877 3 0 261 : - 7356612608 682364928 1145778176 5905219584 238030848 67043328 : 140073237 29834770 734060 0 0 0 : 13.337191 ]
[13.337s][info][gc       ] [HUGEPAGESTAT 0 0 0 - 110773 0 0 : 393216 0 0 : 13.337191 ]
[13.337s][info][gc       ] [OBJCREAT 33079376 24824 1777664 : 13.337251 ]
[13.337s][info][gc       ] [HMSV All : 0 0 10 0 0 0 0 0 : 4842 0 0 0 : 13.337264 ]
[13.337s][info][gc       ] [HMSP 9 : 41100 0 : 13.337264 ]
[13.338s][info][gc       ] [VMAC 65530 166 24 433 623 : 13.337653 ]
[13.520s][info][gc       ] [GPGC-H  3247.1 466.0 13.2 0.0 : 1265.5 : 0.000 0.000 : 0.000 0.000 0.621 1.917 : 0.000 0.000 0.000 0.000 1.635 0.506 : 0.000 : 79.311 : 812 1792 30 0 : 2297 : 4608 4424 : 13.520121 : 9 Next_heuristic_check_may_be_too_late ]
[13.523s][info][safepoint] Application time: 0.1855761 seconds
[13.523s][info][safepoint] Total time for which application threads were stopped: 0.0002930 seconds, Stopping threads took: 0.0000004 seconds
[13.524s][info][gc       ] [SPS 0.000 0.003 0.003 0.006 0.000 0.001 0.000 0.251 0.035 0.293 NewGC_pause1 13.522519 ]
[13.593s][info][safepoint] Application time: 0.0705544 seconds
[13.594s][info][safepoint] Total time for which application threads were stopped: 0.0002149 seconds, Stopping threads took: 0.0000005 seconds
[13.594s][info][gc       ] [SPS 0.000 0.001 0.000 0.006 0.000 0.001 0.000 0.177 0.030 0.215 NewGC_pause2 13.593288 ]
[13.596s][info][safepoint] Application time: 0.0024335 seconds
[13.596s][info][safepoint] Total time for which application threads were stopped: 0.0001523 seconds, Stopping threads took: 0.0000004 seconds
[13.597s][info][gc       ] [SPS 0.000 0.000 0.000 0.006 0.000 0.001 0.000 0.126 0.019 0.153 NewGC_pause3 13.595874 ]
[13.597s][info][safepoint] Application time: 0.0010651 seconds
[13.597s][info][safepoint] Total time for which application threads were stopped: 0.0000859 seconds, Stopping threads took: 0.0000004 seconds
[13.597s][info][gc       ] [SPS 0.000 0.003 0.002 0.006 0.000 0.001 0.000 0.065 0.014 0.086 NewGC_pause4 13.597025 ]
[13.598s][info][gc       ] [GC New Max 42-37 : 5120 3084 2272 5120 - - 999 56 2 2 - : 266 1792 30 184 1078 : 262 4 815 815 0 : 0 1 131 0 133 - 0 : 0.183800 3427.6 0.0 0.076647 3470.4 0.0 : 3 --c 0000 : 23 0 0.000 0.000 0 0.000 0.000 0 0.000 0.000 : 13.520724 13.522226 0.000220 13.593073 0.000106 13.595722 0.000065 13.596939 0.000069 : 13.597371 ]
[13.598s][info][gc       ] [SYSINFO 7280 227 63 0 6724 0 30 0 0 5703 : - - - - - - - - : 0 7168 : 4.54 3.17 2.03 : 292739 4277612 : 0 0 : 9 0 : 3877 3 0 261 : - 7356612608 682364928 1145778176 5905219584 238030848 67043328 : 140073237 29835440 734070 0 0 0 : 13.597584 ]
[13.598s][info][gc       ] [HUGEPAGESTAT 0 0 0 - 110773 0 0 : 393216 0 0 : 13.597584 ]
[13.598s][info][gc       ] [OBJCREAT 33967155 24824 1777664 : 13.597625 ]
[13.598s][info][gc       ] [HMSV All : 0 0 10 0 0 0 0 0 : 4842 0 0 0 : 13.597642 ]
[13.598s][info][gc       ] [HMSP 9 : 41100 0 : 13.597642 ]
[13.598s][info][gc       ] [VMAC 65530 166 24 433 623 : 13.598091 ]
[13.827s][info][gc       ] [GPGC-H  3245.0 466.0 13.2 0.0 : 1265.5 : 0.000 0.000 : 0.000 0.000 0.615 1.917 : 0.000 0.000 0.000 0.000 1.617 0.506 : 0.000 : 78.715 : 882 1792 30 0 : 2297 : 4608 4424 : 13.826562 : 9 Next_heuristic_check_may_be_too_late ]
[13.829s][info][safepoint] Application time: 0.2313352 seconds
[13.829s][info][safepoint] Total time for which application threads were stopped: 0.0002192 seconds, Stopping threads took: 0.0000004 seconds
[13.829s][info][gc       ] [SPS 0.000 0.004 0.004 0.007 0.000 0.001 0.000 0.196 0.014 0.219 NewGC_pause1 13.828580 ]
[13.888s][info][safepoint] Application time: 0.0592051 seconds
[13.888s][info][safepoint] Total time for which application threads were stopped: 0.0000774 seconds, Stopping threads took: 0.0000004 seconds
[13.888s][info][gc       ] [SPS 0.000 0.001 0.000 0.007 0.000 0.001 0.000 0.047 0.023 0.077 NewGC_pause2 13.887862 ]
[13.889s][info][safepoint] Application time: 0.0012743 seconds
[13.889s][info][safepoint] Total time for which application threads were stopped: 0.0000640 seconds, Stopping threads took: 0.0000004 seconds
[13.889s][info][gc       ] [SPS 0.000 0.000 0.000 0.006 0.000 0.001 0.000 0.043 0.013 0.064 NewGC_pause3 13.889201 ]
[13.890s][info][safepoint] Application time: 0.0007499 seconds
[13.890s][info][safepoint] Total time for which application threads were stopped: 0.0000636 seconds, Stopping threads took: 0.0000004 seconds
[13.890s][info][gc       ] [SPS 0.000 0.003 0.002 0.006 0.000 0.001 0.000 0.042 0.014 0.064 NewGC_pause4 13.890014 ]
[13.890s][info][gc       ] [GC New Max 43-38 : 5120 3082 2198 5120 - - 999 56 2 2 - : 192 1792 30 184 1076 : 188 4 886 886 0 : 0 1 94 0 96 - 0 : 0.229482 2693.0 0.0 0.063338 3062.9 0.0 : 3 --c 0000 : 23 0 0.000 0.000 0 0.000 0.000 0 0.000 0.000 : 13.826854 13.828361 0.000199 13.887785 0.000046 13.889137 0.000047 13.889951 0.000046 : 13.890192 ]
[13.890s][info][gc       ] [SYSINFO 7280 227 63 0 6724 0 30 0 0 5703 : - - - - - - - - : 0 7168 : 4.54 3.17 2.03 : 292739 4277612 : 0 0 : 9 0 : 3877 3 0 261 : - 7356612608 682364928 1145778176 5905219584 238030848 67043328 : 140073237 29836200 734080 0 0 0 : 13.890409 ]
[13.890s][info][gc       ] [HUGEPAGESTAT 0 0 0 - 110773 0 0 : 393216 0 0 : 13.890409 ]
[13.890s][info][gc       ] [OBJCREAT 34768840 24824 1777664 : 13.890452 ]
[13.890s][info][gc       ] [HMSV All : 0 0 10 0 0 0 0 0 : 4842 0 0 0 : 13.890467 ]
[13.890s][info][gc       ] [HMSP 9 : 41100 0 : 13.890467 ]
[13.891s][info][gc       ] [VMAC 65530 166 24 433 623 : 13.890892 ]
[13.907s][info][gc       ] [DEOPTSTATS 1 : 0 0 : 0 0 : 0 0 : 0 0 : 0 11 : 0 0 : 0 0 : 0 0 : 0 0 : 0 0 : 0 0 : 0 0 : 0 0 : 0 0 : 0 0 : 0 0 : 0 0 : 0 0 : 0 0 : 0 0 : 0 0 : 0 0 : 0 0 : 0 0 : 0 0 : 0 0 : 0 0 : 0 0 : 0 0 : 0 0 : 4 0 : 0 0 : 0 0 : 0 0 : 0 0 : 0 0 : 0 0 : 0 0 : 0 0 : 0 0 : 0 0 : 0 0 ]
[13.907s][info][gc       ] [DEOPTSTATS 2 : 0 0 : 0 0 : 0 0 : 0 0 : 0 0 : 0 0 : 0 9 : 0 0 : 0 0 : 0 0 : 0 0 : 0 0 : 0 0 : 0 0 : 0 0 : 0 0 : 0 0 : 0 0 : 0 0 : 0 0 : 0 0 : 0 0 : 0 0 : 0 0 : 0 0 : 0 0 : 0 0 : 0 0 : 0 0 : 0 0 : 2 0 : 0 0 : 0 0 : 0 0 : 0 1 : 0 0 : 0 0 : 0 0 : 0 0 : 0 1 : 0 0 : 0 0 ]
[14.072s][info][gc       ] [GPGC-H  3245.0 466.0 13.2 0.0 : 1265.5 : 0.000 0.000 : 0.000 0.000 0.607 1.917 : 0.000 0.000 0.000 0.000 1.597 0.506 : 0.000 : 77.948 : 886 1792 30 0 : 2297 : 4608 4424 : 14.071683 : 9 Next_heuristic_check_may_be_too_late ]
[14.074s][info][safepoint] Application time: 0.1840317 seconds
[14.075s][info][safepoint] Total time for which application threads were stopped: 0.0003733 seconds, Stopping threads took: 0.0000005 seconds
[14.075s][info][gc       ] [SPS 0.000 0.003 0.003 0.007 0.000 0.001 0.000 0.322 0.043 0.374 NewGC_pause1 14.074420 ]
[14.334s][info][safepoint] Application time: 0.2595599 seconds
[14.335s][info][safepoint] Total time for which application threads were stopped: 0.0002256 seconds, Stopping threads took: 0.0000005 seconds
[14.335s][info][gc       ] [SPS 0.000 0.001 0.000 0.007 0.000 0.001 0.000 0.182 0.034 0.226 NewGC_pause2 14.334205 ]
[14.337s][info][safepoint] Application time: 0.0022630 seconds
[14.337s][info][safepoint] Total time for which application threads were stopped: 0.0000766 seconds, Stopping threads took: 0.0000005 seconds
[14.337s][info][gc       ] [SPS 0.000 0.001 0.000 0.007 0.001 0.001 0.000 0.054 0.014 0.077 NewGC_pause3 14.336545 ]
[14.338s][info][safepoint] Application time: 0.0009615 seconds
[14.338s][info][safepoint] Total time for which application threads were stopped: 0.0000713 seconds, Stopping threads took: 0.0000005 seconds
[14.338s][info][gc       ] [SPS 0.000 0.003 0.002 0.007 0.000 0.001 0.000 0.048 0.015 0.071 NewGC_pause4 14.337578 ]
[14.338s][info][gc       ] [GC New Max 44-39 : 5120 3960 3650 5120 - - 999 56 2 2 - : 1644 1792 30 184 1954 : 1629 10 320 320 0 : 0 1 528 0 743 - 79 : 0.181985 3824.5 0.0 0.266004 4030.0 0.0 : 3 --c 0000 : 23 0 0.000 0.000 0 0.000 0.000 0 0.000 0.000 : 14.072176 14.074046 0.000281 14.333980 0.000135 14.336468 0.000058 14.337507 0.000052 : 14.338180 ]
[14.338s][info][gc       ] [SYSINFO 7281 227 63 0 6725 0 30 0 0 5703 : - - - - - - - - : 0 7168 : 4.54 3.17 2.03 : 292739 4277612 : 0 0 : 9 0 : 3877 3 0 261 : - 7356858368 682364928 1146023936 5905219584 238030848 67043328 : 140073237 29838330 734120 0 0 0 : 14.338425 ]
[14.338s][info][gc       ] [HUGEPAGESTAT 0 0 0 - 110774 0 0 : 393216 0 0 : 14.338425 ]
[14.338s][info][gc       ] [OBJCREAT 36514453 24824 1777664 : 14.338481 ]
[14.338s][info][gc       ] [HMSV All : 0 0 19 0 0 0 0 0 : 4842 0 0 0 : 14.338497 ]
[14.338s][info][gc       ] [HMSP 9 : 41100 0 : 14.338497 ]
[14.339s][info][gc       ] [VMAC 65530 166 24 433 623 : 14.339000 ]
[14.591s][info][gc       ] [GPGC-H  3245.0 466.0 13.2 0.0 : 1265.5 : 0.000 0.000 : 0.000 0.000 0.600 1.917 : 0.000 0.000 0.000 0.000 1.570 0.506 : 0.000 : 77.567 : 1932 1792 30 0 : 2297 : 4608 4424 : 14.591237 : 9 Next_heuristic_check_may_be_too_late ]
[14.867s][info][safepoint] Application time: 0.5295651 seconds
[14.868s][info][safepoint] Total time for which application threads were stopped: 0.0002586 seconds, Stopping threads took: 0.0000004 seconds
[14.868s][info][gc       ] [SPS 0.000 0.003 0.007 0.006 0.000 0.001 0.000 0.232 0.019 0.259 NewGC_pause1 14.867402 ]
[15.402s][info][safepoint] Application time: 0.5341101 seconds
[15.402s][info][safepoint] Total time for which application threads were stopped: 0.0001441 seconds, Stopping threads took: 0.0000004 seconds
[15.402s][info][gc       ] [SPS 0.000 0.002 0.000 0.006 0.000 0.001 0.000 0.130 0.007 0.144 NewGC_pause2 15.401656 ]
[15.404s][info][safepoint] Application time: 0.0019142 seconds
[15.404s][info][safepoint] Total time for which application threads were stopped: 0.0000750 seconds, Stopping threads took: 0.0000005 seconds
[15.404s][info][gc       ] [SPS 0.000 0.001 0.000 0.007 0.000 0.001 0.000 0.053 0.013 0.075 NewGC_pause3 15.403645 ]
[15.419s][info][safepoint] Application time: 0.0149360 seconds
[15.419s][info][safepoint] Total time for which application threads were stopped: 0.0000885 seconds, Stopping threads took: 0.0000003 seconds
[15.420s][info][gc       ] [SPS 0.000 0.003 0.003 0.004 0.000 0.001 0.000 0.079 0.004 0.089 NewGC_pause4 15.418670 ]
[15.529s][info][gc       ] [GC New Max 45-40 : 5120 4898 4720 5120 - - 999 56 2 2 - : 2714 1792 30 184 2892 : 2556 7 328 328 93 : 0 308 397 0 1302 - 55 : 0.253684 1143.2 0.0 0.937258 1081.9 0.0 : 3 --c 0000 : 23 8364 0.000 0.003 0 0.000 0.000 8364 0.000 0.003 : 14.591864 14.867143 0.000200 15.401512 0.000058 15.403570 0.000056 15.418581 0.000080 : 15.529122 ]
[15.529s][info][gc       ] [SYSINFO 7281 227 63 0 6725 0 30 0 0 5703 : - - - - - - - - : 0 7168 : 4.54 3.17 2.03 : 292739 4277612 : 0 0 : 9 0 : 3877 1 0 261 : - 7356858368 682364928 1146023936 5905219584 238030848 67043328 : 140073237 29841030 734210 0 0 0 : 15.529420 ]
[15.529s][info][gc       ] [HUGEPAGESTAT 0 0 0 - 110774 0 0 : 393216 0 0 : 15.529420 ]
[15.529s][info][gc       ] [OBJCREAT 37825186 24824 1777664 : 15.529470 ]
[15.529s][info][gc       ] [HMSV All : 0 0 20 0 0 0 0 0 : 4896 0 0 0 : 15.529486 ]
[15.529s][info][gc       ] [HMSP 9 : 41100 0 : 15.529486 ]
[15.531s][info][gc       ] [GPGC-H  3336.2 421.5 11.9 0.0 : 1144.8 : 0.000 0.000 : 0.000 0.000 0.937 1.917 : 0.000 0.000 0.000 0.000 1.570 0.506 : 0.000 : 78.699 : 2714 1792 30 0 : 2297 : 4608 4424 : 15.530624 : 3 Heap_use_exceeded_committed ]
[15.530s][info][gc       ] [VMAC 65530 166 24 433 623 : 15.529928 ]
[15.538s][info][safepoint] Application time: 0.1189339 seconds
[15.539s][info][safepoint] Total time for which application threads were stopped: 0.0003821 seconds, Stopping threads took: 0.0000004 seconds
[15.539s][info][gc       ] [SPS 0.000 0.001 0.004 0.006 0.000 0.001 0.000 0.336 0.039 0.382 NewGC_pause1 15.537986 ]
[16.081s][info][safepoint] Application time: 0.5424165 seconds
[16.081s][info][safepoint] Total time for which application threads were stopped: 0.0001540 seconds, Stopping threads took: 0.0000004 seconds
[16.082s][info][gc       ] [SPS 0.000 0.001 0.000 0.006 0.000 0.001 0.000 0.141 0.006 0.154 NewGC_pause2 16.080557 ]
[16.083s][info][safepoint] Application time: 0.0026110 seconds
[16.084s][info][safepoint] Total time for which application threads were stopped: 0.0001828 seconds, Stopping threads took: 0.0000004 seconds
[16.084s][info][gc       ] [SPS 0.000 0.000 0.000 0.005 0.000 0.001 0.000 0.166 0.015 0.188 NewGC_pause3 16.083356 ]
[16.087s][info][safepoint] Application time: 0.0026528 seconds
[16.087s][info][safepoint] Total time for which application threads were stopped: 0.0011806 seconds, Stopping threads took: 0.0000004 seconds
[16.087s][info][gc       ] [SPS 0.000 0.000 0.000 0.008 0.000 0.001 0.000 1.154 0.018 1.181 OldGC_pause2 16.087185 ]
[16.094s][info][safepoint] Application time: 0.0070884 seconds
[16.113s][info][safepoint] Total time for which application threads were stopped: 0.0000724 seconds, Stopping threads took: 0.0000004 seconds
[16.114s][info][gc       ] [SPS 0.000 0.003 0.002 0.006 0.000 0.001 0.000 0.046 0.019 0.072 NewGC_pause4 16.094345 ]
[16.114s][info][gc       ] [GC NTO Max 46-41 : 5120 4926 4128 5120 - - 1000 56 2 2 - : 2122 1792 30 184 2920 : 1949 7 963 963 0 : 0 51 93 0 1006 - 55 : 0.002155 928.0 0.0 0.582261 494.6 0.0 : 3 --c 0000 : 23 5141 0.000 0.003 0 0.000 0.000 5141 0.000 0.003 : 15.531277 15.537604 0.000279 16.080403 0.000099 16.083168 0.000050 16.094273 0.000049 : 16.113538 ]
[16.114s][info][gc       ] [SYSINFO 7281 227 63 0 6725 0 30 0 0 5703 : - - - - - - - - : 0 7168 : 4.54 3.17 2.03 : 292739 4277632 : 0 0 : 9 0 : 3877 4 0 261 : - 7357534208 682364928 1146699776 5905219584 238030848 67043328 : 140073237 29842800 734220 0 0 0 : 16.113805 ]
[16.114s][info][gc       ] [HUGEPAGESTAT 0 0 0 - 110774 0 0 : 393216 0 0 : 16.113805 ]
[16.114s][info][gc       ] [OBJCREAT 38118327 24932 1777664 : 16.113853 ]
[16.114s][info][gc       ] [HMSV All : 0 0 20 0 0 0 0 0 : 4924 0 0 0 : 16.113869 ]
[16.114s][info][gc       ] [HMSP 9 : 41100 0 : 16.113869 ]
[16.115s][info][gc       ] [GPGC-H  3290.5 421.5 11.9 0.0 : 1144.8 : 0.000 0.000 : 0.000 0.000 0.927 1.917 : 0.000 0.000 0.000 0.000 1.570 0.506 : 0.000 : 99.631 : 2124 1792 32 0 : 2297 : 4608 4424 : 16.115194 : 8 May_exceed_heap_occupancy_target ]
[16.114s][info][gc       ] [VMAC 65530 166 24 433 623 : 16.114467 ]
[16.115s][info][safepoint] Application time: 0.0202201 seconds
[16.114s][info][gc       ] [DEOPTSTATS 1 : 0 0 : 0 0 : 0 0 : 0 0 : 0 11 : 0 0 : 0 0 : 0 0 : 0 0 : 0 0 : 0 0 : 0 0 : 0 0 : 0 0 : 0 0 : 0 0 : 0 0 : 0 0 : 0 0 : 0 0 : 0 0 : 0 0 : 0 0 : 0 0 : 0 0 : 0 0 : 0 0 : 0 0 : 0 0 : 0 0 : 5 0 : 0 0 : 0 0 : 0 0 : 0 0 : 0 0 : 0 0 : 0 0 : 0 0 : 0 0 : 0 0 : 0 0 ]
[16.114s][info][gc       ] [DEOPTSTATS 2 : 0 0 : 0 0 : 0 0 : 0 0 : 0 0 : 0 0 : 0 12 : 0 0 : 0 0 : 0 0 : 0 0 : 0 0 : 0 0 : 0 0 : 0 0 : 0 0 : 0 0 : 0 0 : 0 0 : 0 0 : 0 0 : 0 0 : 0 0 : 0 0 : 0 0 : 0 0 : 0 0 : 0 0 : 0 0 : 0 0 : 3 0 : 0 0 : 0 0 : 0 0 : 0 1 : 0 0 : 0 0 : 0 0 : 0 0 : 0 1 : 0 0 : 0 0 ]
[16.116s][info][safepoint] Total time for which application threads were stopped: 0.0002784 seconds, Stopping threads took: 0.0000005 seconds
[16.117s][info][gc       ] [SPS 0.000 0.001 0.000 0.007 0.000 0.001 0.000 0.213 0.057 0.278 OldGC_pause3 16.114844 ]
[16.126s][info][safepoint] Application time: 0.0105308 seconds
[16.126s][info][safepoint] Total time for which application threads were stopped: 0.0003002 seconds, Stopping threads took: 0.0000003 seconds
[16.126s][info][gc       ] [SPS 0.000 0.037 0.002 0.006 0.000 0.001 0.000 0.261 0.043 0.311 NewGC_pause1 16.125687 ]
[16.651s][info][safepoint] Application time: 0.5249798 seconds
[16.651s][info][safepoint] Total time for which application threads were stopped: 0.0001863 seconds, Stopping threads took: 0.0000003 seconds
[16.652s][info][gc       ] [SPS 0.000 0.001 0.000 0.005 0.000 0.001 0.000 0.166 0.014 0.186 NewGC_pause2 16.650842 ]
[16.653s][info][safepoint] Application time: 0.0023878 seconds
[16.654s][info][safepoint] Total time for which application threads were stopped: 0.0001291 seconds, Stopping threads took: 0.0000003 seconds
[16.654s][info][gc       ] [SPS 0.000 0.000 0.000 0.006 0.000 0.001 0.000 0.117 0.005 0.129 NewGC_pause3 16.653359 ]
[16.670s][info][safepoint] Application time: 0.0161953 seconds
[16.670s][info][safepoint] Total time for which application threads were stopped: 0.0002013 seconds, Stopping threads took: 0.0000004 seconds
[16.671s][info][gc       ] [SPS 0.000 0.003 0.004 0.006 0.000 0.001 0.000 0.150 0.043 0.201 NewGC_pause4 16.669756 ]
[16.930s][info][gc       ] [GC New Max 48-42 : 5120 4832 4780 5120 - - 1002 56 2 2 - : 2134 2430 32 184 2824 : 2439 4 380 380 49 : 319 7 337 0 1012 - 55 : 0.008939 2461.1 223.7 0.807010 1177.2 0.0 : 3 --c 0000 : 23 7191 0.000 0.003 0 0.000 0.000 7191 0.000 0.003 : 16.122477 16.125375 0.000264 16.650655 0.000115 16.653229 0.000086 16.669554 0.000109 : 16.929486 ]
[16.930s][info][gc       ] [SYSINFO 7283 227 63 0 6727 0 30 0 0 5703 : - - - - - - - - : 0 7168 : 4.54 3.17 2.03 : 292739 4277632 : 0 0 : 9 0 : 3877 2 0 261 : - 7359696896 682364928 1148862464 5905219584 238030848 67043328 : 140073237 29846170 734240 0 0 0 : 16.929752 ]
[16.930s][info][gc       ] [HUGEPAGESTAT 0 0 0 - 110774 0 0 : 393216 0 0 : 16.929752 ]
[16.930s][info][gc       ] [OBJCREAT 39092383 24932 2404352 : 16.929797 ]
[16.930s][info][gc       ] [HMSV All : 0 0 20 0 0 0 0 0 : 4924 0 0 0 : 16.929815 ]
[16.930s][info][gc       ] [HMSP 9 : 41100 0 : 16.929815 ]
[16.931s][info][gc       ] [GPGC-H  3291.2 421.5 11.9 0.0 : 1144.8 : 0.000 0.000 : 0.000 0.000 0.921 1.917 : 0.000 0.000 0.000 0.000 1.570 0.506 : 0.000 : 99.760 : 2136 2430 32 0 : 2274 : 4608 4424 : 16.930730 : 3 Heap_use_exceeded_committed ]
[16.930s][info][gc       ] [VMAC 65530 166 24 433 623 : 16.930312 ]
[16.933s][info][safepoint] Application time: 0.2630899 seconds
[16.933s][info][safepoint] Total time for which application threads were stopped: 0.0001764 seconds, Stopping threads took: 0.0000004 seconds
[16.934s][info][gc       ] [SPS 0.000 0.002 0.003 0.007 0.000 0.001 0.000 0.138 0.030 0.176 OldGC_pause4 16.933022 ]
[16.935s][info][gc       ] [GC Old Max 47-6 : 5120 4926 3002 5120 - - 1002 56 2 2 - : 2144 646 28 184 2464 : 666 12 1779 1779 0 : 0 3 320 0 337 - 0 : 7.385922 0.3 0.0 1.400782 436.9 1.4 : 1 --c 0000 : 23   -    -    -    -    -    -    -    -    -  : 15.533643 15.537604 0.000279 16.086004 0.001157 16.114566 0.000155 16.932846 0.000104 : 16.934425 ]
[16.935s][info][gc       ] [SYSINFO 7283 227 63 0 6727 0 30 0 0 5703 : - - - - - - - - : 0 7168 : 4.54 3.17 2.03 : 292739 4277632 : 0 0 : 9 0 : 3877 3 0 261 : - 7359696896 682364928 1148862464 5905219584 238030848 67043328 : 140073237 29846170 734240 0 0 0 : 16.934597 ]
[16.935s][info][gc       ] [HUGEPAGESTAT 0 0 0 - 110774 0 0 : 393216 0 0 : 16.934597 ]
[16.935s][info][gc       ] [OBJCREAT 39102296 24932 2404352 : 16.934635 ]
[16.935s][info][gc       ] [HMSV All : 0 0 20 0 0 0 0 0 : 4924 0 0 0 : 16.934651 ]
[16.935s][info][gc       ] [HMSP 9 : 41100 0 : 16.934651 ]
[16.935s][info][gc       ] [COMPSTATS 1 : 5 0 : 3 0 : 0 0 : 513 4 0 0 0 0 : 0 0 0 0 0 0 : 140 141 12 : 517 0 0 0 0 0 0 : 517 0 0 0 0 0 0 ]
[16.935s][info][gc       ] [COMPSTATS 2 : 5 1 : 3 1 : 0 0 : 116 10 0 0 0 0 : 0 0 0 0 0 0 : 37727 37761 7788 : 60 42 24 0 0 0 0 : 31 76 14 3 1 0 0 ]
[16.935s][info][gc       ] [DEOPTSTATS 1 : 0 0 : 0 0 : 0 0 : 0 0 : 0 11 : 0 0 : 0 0 : 0 0 : 0 0 : 0 0 : 0 0 : 0 0 : 0 0 : 0 0 : 0 0 : 0 0 : 0 0 : 0 0 : 0 0 : 0 0 : 0 0 : 0 0 : 0 0 : 0 0 : 0 0 : 0 0 : 0 0 : 0 0 : 0 0 : 0 0 : 5 0 : 0 0 : 0 0 : 0 0 : 0 0 : 0 0 : 0 0 : 0 0 : 0 0 : 0 0 : 0 0 : 0 0 ]
[16.935s][info][gc       ] [DEOPTSTATS 2 : 0 0 : 0 0 : 0 0 : 0 0 : 0 0 : 0 0 : 0 13 : 0 0 : 0 0 : 0 0 : 0 0 : 0 0 : 0 0 : 0 0 : 0 0 : 0 0 : 0 0 : 0 0 : 0 0 : 0 0 : 0 0 : 0 0 : 0 0 : 0 0 : 0 0 : 0 0 : 0 0 : 0 0 : 0 0 : 0 0 : 3 0 : 0 0 : 0 0 : 0 0 : 0 1 : 0 0 : 0 0 : 0 0 : 0 0 : 0 1 : 0 0 : 0 0 ]
[16.935s][info][gc       ] [CCF 0 0 0 0 22 87040: 3069952 : 380 196608 : 3 49152 : 317 311808 :  509 628224 : 111 420352 : 0 0 : 15 1228800 : 1 2048]
[16.935s][info][gc       ] [VMAC 65530 166 24 433 623 : 16.935105 ]
[16.941s][info][safepoint] Application time: 0.0074616 seconds
[16.941s][info][safepoint] Total time for which application threads were stopped: 0.0003182 seconds, Stopping threads took: 0.0000004 seconds
[16.941s][info][gc       ] [SPS 0.000 0.001 0.002 0.006 0.000 0.001 0.000 0.291 0.020 0.318 NewGC_pause1 16.940802 ]
[17.289s][info][gc       ] [DEOPTSTATS 1 : 0 0 : 0 0 : 0 0 : 0 0 : 0 11 : 0 0 : 0 0 : 0 0 : 0 0 : 0 0 : 0 0 : 0 0 : 0 0 : 0 0 : 0 0 : 0 0 : 0 0 : 0 0 : 0 0 : 0 0 : 0 0 : 0 0 : 0 0 : 0 0 : 0 0 : 0 0 : 0 0 : 0 0 : 0 0 : 0 0 : 6 0 : 0 0 : 0 0 : 0 0 : 0 0 : 0 0 : 0 0 : 0 0 : 0 0 : 0 0 : 0 0 : 0 0 ]
[17.289s][info][gc       ] [DEOPTSTATS 2 : 0 0 : 0 0 : 0 0 : 0 0 : 0 0 : 0 0 : 0 13 : 0 0 : 0 0 : 0 0 : 0 0 : 0 0 : 0 0 : 0 0 : 0 0 : 0 0 : 0 0 : 0 0 : 0 0 : 0 0 : 0 0 : 0 0 : 0 0 : 0 0 : 0 0 : 0 0 : 0 0 : 0 0 : 0 0 : 0 0 : 3 0 : 0 0 : 0 0 : 0 0 : 0 1 : 0 0 : 0 0 : 0 0 : 0 0 : 0 1 : 0 0 : 0 0 ]
[17.397s][info][safepoint] Application time: 0.4560586 seconds
[17.398s][info][safepoint] Total time for which application threads were stopped: 0.0001452 seconds, Stopping threads took: 0.0000005 seconds
[17.398s][info][gc       ] [SPS 0.000 0.001 0.000 0.008 0.000 0.001 0.000 0.108 0.027 0.145 NewGC_pause2 17.397006 ]
[17.399s][info][safepoint] Application time: 0.0018025 seconds
[17.399s][info][safepoint] Total time for which application threads were stopped: 0.0000636 seconds, Stopping threads took: 0.0000005 seconds
[17.399s][info][gc       ] [SPS 0.000 0.000 0.000 0.007 0.000 0.001 0.000 0.039 0.015 0.064 NewGC_pause3 17.398872 ]
[17.418s][info][safepoint] Application time: 0.0193595 seconds
[17.419s][info][safepoint] Total time for which application threads were stopped: 0.0001346 seconds, Stopping threads took: 0.0000004 seconds
[17.419s][info][gc       ] [SPS 0.000 0.003 0.009 0.007 0.000 0.001 0.000 0.098 0.028 0.135 NewGC_pause4 17.418366 ]
[17.860s][info][gc       ] [GC New Max 49-43 : 5120 4782 4632 5120 - - 1002 56 2 2 - : 3024 1396 28 184 3554 : 2532 5 1020 1020 13 : 375 0 697 0 1512 - 0 : 0.008665 2538.8 0.0 0.921186 2846.3 0.0 : 3 --c 0000 : 23 1 0.003 0.003 0 0.000 0.000 1 0.003 0.003 : 16.938152 16.940483 0.000242 17.396861 0.000064 17.398808 0.000044 17.418232 0.000101 : 17.859338 ]
[17.860s][info][gc       ] [SYSINFO 7283 227 63 0 6727 0 30 0 0 5703 : - - - - - - - - : 0 7168 : 4.54 3.17 2.03 : 292739 4277632 : 0 0 : 9 0 : 3877 4 0 261 : - 7359832064 682364928 1148997632 5905219584 238030848 67043328 : 140073237 29850970 734240 0 0 0 : 17.859616 ]
[17.860s][info][gc       ] [HUGEPAGESTAT 0 0 0 - 110774 0 0 : 393216 0 0 : 17.859616 ]
[17.860s][info][gc       ] [OBJCREAT 41710870 24932 3172352 : 17.859678 ]
[17.860s][info][gc       ] [HMSV All : 0 0 20 0 0 0 0 0 : 4924 0 0 0 : 17.859710 ]
[17.860s][info][gc       ] [HMSP 9 : 41100 0 : 17.859710 ]
[17.861s][info][gc       ] [GPGC-H  3291.2 584.5 10.7 0.0 : 1144.8 : 0.000 0.000 : 0.000 0.000 0.911 1.745 : 0.000 0.000 0.000 0.000 1.788 0.506 : 0.000 : 99.820 : 3028 1396 28 0 : 2274 : 4608 4424 : 17.861004 : 3 Heap_use_exceeded_committed ]
[17.860s][info][gc       ] [VMAC 65530 166 24 433 623 : 17.860298 ]
[17.869s][info][safepoint] Application time: 0.4502625 seconds
[17.869s][info][safepoint] Total time for which application threads were stopped: 0.0004470 seconds, Stopping threads took: 0.0000004 seconds
[17.870s][info][gc       ] [SPS 0.000 0.001 0.006 0.009 0.000 0.001 0.000 0.403 0.034 0.447 NewGC_pause1 17.869076 ]
[18.135s][info][safepoint] Application time: 0.2652989 seconds
[18.135s][info][safepoint] Total time for which application threads were stopped: 0.0001865 seconds, Stopping threads took: 0.0000004 seconds
[18.136s][info][gc       ] [SPS 0.000 0.001 0.000 0.007 0.000 0.001 0.000 0.171 0.007 0.187 NewGC_pause2 18.134562 ]
[18.136s][info][safepoint] Application time: 0.0018537 seconds
[18.137s][info][safepoint] Total time for which application threads were stopped: 0.0000517 seconds, Stopping threads took: 0.0000004 seconds
[18.137s][info][gc       ] [SPS 0.000 0.001 0.000 0.007 0.000 0.001 0.000 0.039 0.004 0.052 NewGC_pause3 18.136467 ]
[18.156s][info][safepoint] Application time: 0.0189158 seconds
[18.156s][info][safepoint] Total time for which application threads were stopped: 0.0001269 seconds, Stopping threads took: 0.0000005 seconds
[18.157s][info][gc       ] [SPS 0.000 0.108 0.010 0.008 0.000 0.001 0.000 0.079 0.038 0.127 NewGC_pause4 18.155510 ]
[18.376s][info][gc       ] [GC NTO Max 50-44 : 5120 4812 2890 5120 - - 1002 56 2 2 - : 934 1744 28 184 3204 : 546 4 2656 2656 1 : 174 0 77 0 467 - 0 : 0.002264 2649.9 0.0 0.514405 1749.6 0.0 : 3 --c 0000 : 23 3226 0.000 0.003 0 0.000 0.000 3226 0.000 0.003 : 17.861602 17.868630 0.000314 18.134375 0.000125 18.136415 0.000043 18.155383 0.000086 : 18.376006 ]
[18.376s][info][gc       ] [SYSINFO 7283 227 63 0 6727 0 30 0 0 5703 : - - - - - - - - : 0 7168 : 4.54 3.17 2.03 : 292739 4277632 : 0 0 : 9 0 : 3877 5 0 261 : - 7359967232 682364928 1149132800 5905219584 238030848 67043328 : 140073237 29854290 734250 0 0 0 : 18.376279 ]
[18.376s][info][gc       ] [HUGEPAGESTAT 0 0 0 - 110774 0 0 : 393216 0 0 : 18.376279 ]
[18.376s][info][gc       ] [OBJCREAT 42610316 25005 3502080 : 18.376332 ]
[18.376s][info][gc       ] [HMSV All : 0 0 20 0 0 0 0 0 : 4924 0 0 0 : 18.376356 ]
[18.376s][info][gc       ] [HMSP 9 : 41100 0 : 18.376356 ]
[18.377s][info][gc       ] [VMAC 65530 166 24 433 623 : 18.376868 ]
[18.377s][info][gc       ] [GPGC-H  3243.8 584.5 10.7 0.0 : 1144.8 : 0.000 0.000 : 0.000 0.000 0.896 1.745 : 0.000 0.000 0.000 0.000 1.788 0.506 : 0.000 : 99.813 : 938 1744 28 0 : 2274 : 4608 4424 : 18.377408 : 8 May_exceed_heap_occupancy_target ]
[18.387s][info][safepoint] Application time: 0.2309180 seconds
[18.387s][info][safepoint] Total time for which application threads were stopped: 0.0002420 seconds, Stopping threads took: 0.0000004 seconds
[18.387s][info][gc       ] [SPS 0.000 0.080 0.003 0.007 0.000 0.001 0.000 0.211 0.022 0.242 NewGC_pause1 18.386670 ]
[18.547s][info][safepoint] Application time: 0.1603157 seconds
[18.547s][info][safepoint] Total time for which application threads were stopped: 0.0000717 seconds, Stopping threads took: 0.0000005 seconds
[18.548s][info][gc       ] [SPS 0.000 0.001 0.000 0.008 0.000 0.001 0.000 0.045 0.017 0.071 NewGC_pause2 18.547058 ]
[18.549s][info][safepoint] Application time: 0.0014300 seconds
[18.549s][info][safepoint] Total time for which application threads were stopped: 0.0001705 seconds, Stopping threads took: 0.0000005 seconds
[18.549s][info][gc       ] [SPS 0.000 0.001 0.000 0.008 0.001 0.001 0.000 0.137 0.023 0.171 NewGC_pause3 18.548659 ]
[18.555s][info][safepoint] Application time: 0.0066885 seconds
[18.556s][info][safepoint] Total time for which application threads were stopped: 0.0001372 seconds, Stopping threads took: 0.0000004 seconds
[18.556s][info][gc       ] [SPS 0.000 0.032 0.009 0.008 0.000 0.001 0.000 0.107 0.020 0.137 NewGC_pause4 18.555484 ]
[18.604s][info][gc       ] [GC New Max 52-45 : 5120 3492 2780 5120 - - 1002 56 2 2 - : 772 1796 28 184 1536 : 621 4 915 915 0 : 26 1 285 0 386 - 0 : 0.008490 3298.1 0.0 0.219666 3532.6 0.0 : 3 --c 0000 : 23 0 0.000 0.000 0 0.000 0.000 0 0.000 0.000 : 18.384496 18.386428 0.000178 18.546986 0.000047 18.548488 0.000065 18.555347 0.000103 : 18.604162 ]
[18.604s][info][gc       ] [SYSINFO 7283 227 63 0 6727 0 30 0 0 5703 : - - - - - - - - : 0 7168 : 4.73 3.24 2.06 : 292739 4277632 : 0 0 : 9 0 : 3877 5 0 261 : - 7359967232 682364928 1149132800 5905219584 238030848 67043328 : 140073237 29855750 734250 0 0 0 : 18.604410 ]
[18.604s][info][gc       ] [HUGEPAGESTAT 0 0 0 - 110774 0 0 : 393216 0 0 : 18.604410 ]
[18.604s][info][gc       ] [OBJCREAT 43409949 25005 3555328 : 18.604458 ]
[18.604s][info][gc       ] [HMSV All : 0 0 20 0 0 0 0 0 : 4924 0 0 0 : 18.604479 ]
[18.604s][info][gc       ] [HMSP 9 : 41100 0 : 18.604479 ]
[18.605s][info][gc       ] [VMAC 65530 166 24 433 623 : 18.604976 ]
[18.741s][info][gc       ] [GPGC-H  3243.8 584.5 10.7 0.0 : 1144.8 : 0.000 0.000 : 0.000 0.000 0.888 1.745 : 0.000 0.000 0.000 0.000 1.786 0.506 : 0.000 : 99.804 : 1296 1796 28 0 : 2274 : 4608 4424 : 18.741004 : 8 May_exceed_heap_occupancy_target ]
[18.744s][info][safepoint] Application time: 0.1884080 seconds
[18.745s][info][safepoint] Total time for which application threads were stopped: 0.0003918 seconds, Stopping threads took: 0.0000005 seconds
[18.745s][info][gc       ] [SPS 0.000 0.010 0.003 0.008 0.000 0.001 0.000 0.361 0.022 0.392 NewGC_pause1 18.744284 ]
[18.825s][info][safepoint] Application time: 0.0792422 seconds
[18.825s][info][safepoint] Total time for which application threads were stopped: 0.0010258 seconds, Stopping threads took: 0.0000005 seconds
[18.825s][info][gc       ] [SPS 0.000 0.001 0.000 0.009 0.000 0.001 0.000 0.993 0.023 1.026 OldGC_pause2 18.824553 ]
[18.833s][info][safepoint] Application time: 0.0081781 seconds
[18.833s][info][safepoint] Total time for which application threads were stopped: 0.0001625 seconds, Stopping threads took: 0.0000004 seconds
[18.834s][info][gc       ] [SPS 0.000 0.001 0.000 0.007 0.000 0.001 0.000 0.133 0.021 0.163 NewGC_pause2 18.832894 ]
[18.836s][info][safepoint] Application time: 0.0027462 seconds
[18.836s][info][safepoint] Total time for which application threads were stopped: 0.0001726 seconds, Stopping threads took: 0.0000005 seconds
[18.836s][info][gc       ] [SPS 0.000 0.000 0.000 0.007 0.000 0.001 0.000 0.142 0.022 0.173 OldGC_pause3 18.835812 ]
[18.840s][info][safepoint] Application time: 0.0039973 seconds
[18.840s][info][safepoint] Total time for which application threads were stopped: 0.0000598 seconds, Stopping threads took: 0.0000005 seconds
[18.840s][info][gc       ] [SPS 0.000 0.000 0.000 0.007 0.000 0.001 0.000 0.036 0.015 0.060 NewGC_pause3 18.839869 ]
[18.844s][info][safepoint] Application time: 0.0039587 seconds
[18.844s][info][safepoint] Total time for which application threads were stopped: 0.0000675 seconds, Stopping threads took: 0.0000005 seconds
[18.844s][info][gc       ] [SPS 0.000 0.007 0.003 0.008 0.000 0.001 0.000 0.043 0.015 0.067 NewGC_pause4 18.843896 ]
[18.844s][info][gc       ] [GC New Max 53-46 : 5120 3652 2364 5120 - - 1002 56 2 2 - : 356 1796 28 184 1644 : 340 4 1303 1303 0 : 0 1 170 0 178 - 0 : 0.137398 3828.3 0.0 0.102574 3509.7 0.0 : 3 --c 0000 : 23 0 0.000 0.000 0 0.000 0.000 0 0.000 0.000 : 18.741559 18.743892 0.000277 18.832731 0.000045 18.839810 0.000041 18.843828 0.000049 : 18.844133 ]
[18.844s][info][gc       ] [SYSINFO 7284 227 63 0 6728 0 30 0 0 5703 : - - - - - - - - : 0 7168 : 4.73 3.24 2.06 : 292739 4277632 : 0 0 : 9 0 : 3877 5 0 261 : - 7359967232 682364928 1149132800 5905219584 238030848 67043328 : 140073237 29856920 734260 0 0 0 : 18.844444 ]
[18.844s][info][gc       ] [HUGEPAGESTAT 0 0 0 - 110774 0 0 : 393216 0 0 : 18.844444 ]
[18.844s][info][gc       ] [OBJCREAT 44288076 25005 3555328 : 18.844490 ]
[18.845s][info][gc       ] [HMSV All : 0 0 20 0 0 0 0 0 : 4924 0 0 0 : 18.844505 ]
[18.845s][info][gc       ] [HMSP 9 : 41100 0 : 18.844505 ]
[18.845s][info][gc       ] [VMAC 65530 166 24 433 623 : 18.844965 ]
[18.855s][info][safepoint] Application time: 0.0111506 seconds
[18.855s][info][safepoint] Total time for which application threads were stopped: 0.0000655 seconds, Stopping threads took: 0.0000004 seconds
[18.856s][info][gc       ] [SPS 0.000 0.002 0.003 0.007 0.000 0.001 0.000 0.043 0.014 0.065 OldGC_pause4 18.855112 ]
[18.860s][info][gc       ] [GC Old Max 51-7 : 5120 4812 2412 5120 - - 1003 56 2 2 - : 416 1784 28 184 1830 : 1803 13 3 3 0 : 0 6 200 2 851 - 55 : 0.929635 806.8 0.0 0.995476 375.7 0.0 : 1 --c 0000 : 23   -    -    -    -    -    -    -    -    -  : 17.864060 17.868630 0.000314 18.823527 0.000949 18.835640 0.000049 18.855047 0.000047 : 18.859535 ]
[18.860s][info][gc       ] [SYSINFO 7284 227 63 0 6728 0 30 0 0 5703 : - - - - - - - - : 0 7168 : 4.73 3.24 2.06 : 292739 4277632 : 0 0 : 9 0 : 3877 4 0 261 : - 7359967232 682364928 1149132800 5905219584 238030848 67043328 : 140073237 29857000 734260 0 0 0 : 18.859762 ]
[18.860s][info][gc       ] [HUGEPAGESTAT 0 0 0 - 110774 0 0 : 393216 0 0 : 18.859762 ]
[18.860s][info][gc       ] [OBJCREAT 44345560 25005 3555328 : 18.859804 ]
[18.860s][info][gc       ] [HMSV All : 0 0 20 0 0 0 0 0 : 4924 0 0 0 : 18.859819 ]
[18.860s][info][gc       ] [HMSP 9 : 41100 0 : 18.859819 ]
[18.860s][info][gc       ] [COMPSTATS 1 : 5 0 : 3 0 : 0 0 : 513 4 0 0 0 0 : 0 0 0 0 0 0 : 140 141 12 : 517 0 0 0 0 0 0 : 517 0 0 0 0 0 0 ]
[18.860s][info][gc       ] [COMPSTATS 2 : 5 2 : 2 2 : 0 0 : 116 11 0 0 0 0 : 0 0 0 0 0 0 : 37727 37761 7788 : 61 42 24 0 0 0 0 : 31 76 14 3 1 0 0 ]
[18.860s][info][gc       ] [DEOPTSTATS 1 : 0 0 : 0 0 : 0 0 : 0 0 : 0 11 : 0 0 : 0 0 : 0 0 : 0 0 : 0 0 : 0 0 : 0 0 : 0 0 : 0 0 : 0 0 : 0 0 : 0 0 : 0 0 : 0 0 : 0 0 : 0 0 : 0 0 : 0 0 : 0 0 : 0 0 : 0 0 : 0 0 : 0 0 : 0 0 : 0 0 : 6 0 : 0 0 : 0 0 : 0 0 : 0 0 : 0 0 : 0 0 : 0 0 : 0 0 : 0 0 : 0 0 : 0 0 ]
[18.860s][info][gc       ] [DEOPTSTATS 2 : 0 0 : 0 0 : 0 0 : 0 0 : 0 0 : 0 0 : 0 13 : 0 0 : 0 0 : 0 0 : 0 0 : 0 0 : 0 0 : 0 0 : 0 0 : 0 0 : 0 0 : 0 0 : 0 0 : 0 0 : 0 0 : 0 0 : 0 0 : 0 0 : 0 0 : 0 0 : 0 0 : 0 0 : 0 0 : 0 0 : 3 0 : 0 0 : 0 0 : 0 0 : 0 1 : 0 0 : 0 0 : 0 0 : 0 0 : 0 1 : 0 0 : 0 0 ]
[18.861s][info][gc       ] [CCF 0 0 0 0 29 221696: 2935296 : 380 196608 : 3 49152 : 317 311808 :  506 622080 : 107 291840 : 0 0 : 15 1228800 : 1 2048]
[18.860s][info][gc       ] [VMAC 65530 166 24 433 623 : 18.860390 ]
[19.024s][info][gc       ] [GPGC-H  3243.8 584.5 10.7 0.0 : 1144.8 : 0.000 0.000 : 0.000 0.000 0.879 1.681 : 0.000 0.000 0.000 0.000 1.782 0.694 : 0.000 : 99.175 : 998 1784 28 0 : 2274 : 4608 4424 : 19.024025 : 9 Next_heuristic_check_may_be_too_late ]
[19.027s][info][safepoint] Application time: 0.1716088 seconds
[19.028s][info][safepoint] Total time for which application threads were stopped: 0.0003353 seconds, Stopping threads took: 0.0000005 seconds
[19.028s][info][gc       ] [SPS 0.000 0.003 0.003 0.006 0.000 0.001 0.000 0.305 0.023 0.335 NewGC_pause1 19.027056 ]
[19.088s][info][safepoint] Application time: 0.0606370 seconds
[19.088s][info][safepoint] Total time for which application threads were stopped: 0.0001621 seconds, Stopping threads took: 0.0000004 seconds
[19.088s][info][gc       ] [SPS 0.000 0.001 0.000 0.006 0.000 0.001 0.000 0.133 0.021 0.162 NewGC_pause2 19.087856 ]
[19.089s][info][safepoint] Application time: 0.0011730 seconds
[19.089s][info][safepoint] Total time for which application threads were stopped: 0.0000559 seconds, Stopping threads took: 0.0000004 seconds
[19.090s][info][gc       ] [SPS 0.000 0.000 0.000 0.007 0.000 0.001 0.000 0.035 0.013 0.056 NewGC_pause3 19.089085 ]
[19.090s][info][safepoint] Application time: 0.0009268 seconds
[19.090s][info][safepoint] Total time for which application threads were stopped: 0.0000689 seconds, Stopping threads took: 0.0000004 seconds
[19.090s][info][gc       ] [SPS 0.000 0.002 0.002 0.006 0.000 0.001 0.000 0.041 0.020 0.069 NewGC_pause4 19.090080 ]
[19.091s][info][gc       ] [GC New Max 54-47 : 5120 3220 2218 5120 - - 1003 56 2 2 - : 222 1784 28 184 1224 : 218 4 1005 1005 0 : 0 1 109 0 111 - 0 : 0.180585 3566.2 0.0 0.065598 3445.2 0.0 : 3 --c 0000 : 23 0 0.000 0.000 0 0.000 0.000 0 0.000 0.000 : 19.024718 19.026721 0.000261 19.087694 0.000102 19.089029 0.000039 19.090011 0.000045 : 19.090316 ]
[19.091s][info][gc       ] [SYSINFO 7284 227 63 0 6728 0 30 0 0 5703 : - - - - - - - - : 0 7168 : 4.73 3.24 2.06 : 292739 4277632 : 0 0 : 9 0 : 3877 4 0 261 : - 7359967232 682364928 1149132800 5905219584 238030848 67043328 : 140073237 29857860 734260 0 0 0 : 19.090533 ]
[19.091s][info][gc       ] [HUGEPAGESTAT 0 0 0 - 110774 0 0 : 393216 0 0 : 19.090533 ]
[19.091s][info][gc       ] [OBJCREAT 45149992 25005 3555328 : 19.090575 ]
[19.091s][info][gc       ] [HMSV All : 0 0 20 0 0 0 0 0 : 4924 0 0 0 : 19.090590 ]
[19.091s][info][gc       ] [HMSP 9 : 41100 0 : 19.090590 ]
[19.091s][info][gc       ] [VMAC 65530 166 24 433 623 : 19.090974 ]
[19.297s][info][gc       ] [GPGC-H  3243.8 584.5 10.7 0.0 : 1144.8 : 0.000 0.000 : 0.000 0.000 0.869 1.681 : 0.000 0.000 0.000 0.000 1.772 0.694 : 0.000 : 98.354 : 902 1784 28 0 : 2274 : 4608 4424 : 19.297182 : 9 Next_heuristic_check_may_be_too_late ]
[19.300s][info][safepoint] Application time: 0.2095828 seconds
[19.301s][info][safepoint] Total time for which application threads were stopped: 0.0003979 seconds, Stopping threads took: 0.0000008 seconds
[19.301s][info][gc       ] [SPS 0.000 0.004 0.004 0.012 0.001 0.001 0.001 0.342 0.042 0.398 NewGC_pause1 19.300062 ]
[19.359s][info][safepoint] Application time: 0.0589848 seconds
[19.360s][info][safepoint] Total time for which application threads were stopped: 0.0001635 seconds, Stopping threads took: 0.0000005 seconds
[19.360s][info][gc       ] [SPS 0.000 0.001 0.000 0.007 0.000 0.001 0.000 0.132 0.022 0.164 NewGC_pause2 19.359210 ]
[19.364s][info][safepoint] Application time: 0.0047315 seconds
[19.364s][info][safepoint] Total time for which application threads were stopped: 0.0001744 seconds, Stopping threads took: 0.0000004 seconds
[19.365s][info][gc       ] [SPS 0.000 0.000 0.000 0.007 0.000 0.001 0.000 0.131 0.035 0.174 NewGC_pause3 19.364116 ]
[19.365s][info][safepoint] Application time: 0.0010360 seconds
[19.365s][info][safepoint] Total time for which application threads were stopped: 0.0000777 seconds, Stopping threads took: 0.0000004 seconds
[19.366s][info][gc       ] [SPS 0.000 0.003 0.002 0.007 0.000 0.001 0.000 0.053 0.017 0.078 NewGC_pause4 19.365230 ]
[19.366s][info][gc       ] [GC New Max 55-48 : 5120 3118 2210 5120 - - 1018 56 2 2 - : 214 1784 28 184 1122 : 212 2 910 910 0 : 0 0 106 0 107 - 0 : 0.207341 3289.3 0.0 0.067816 3244.1 0.0 : 3 --c 0000 : 23 0 0.000 0.000 0 0.000 0.000 0 0.000 0.000 : 19.297657 19.299664 0.000276 19.359046 0.000099 19.363942 0.000045 19.365152 0.000054 : 19.365473 ]
[19.366s][info][gc       ] [SYSINFO 7298 227 63 0 6743 0 30 0 0 5703 : - - - - - - - - : 0 7168 : 4.73 3.24 2.06 : 292739 4277632 : 0 0 : 9 0 : 3877 4 0 261 : - 7376052224 682364928 1165217792 5905219584 238030848 67043328 : 140073237 29858880 734260 0 0 0 : 19.365696 ]
[19.366s][info][gc       ] [HUGEPAGESTAT 0 0 0 - 110774 0 0 : 393216 0 0 : 19.365696 ]
[19.366s][info][gc       ] [OBJCREAT 46042138 25005 3555328 : 19.365744 ]
[19.366s][info][gc       ] [HMSV All : 0 0 20 0 0 0 0 0 : 4924 0 0 0 : 19.365760 ]
[19.366s][info][gc       ] [HMSP 9 : 41100 0 : 19.365760 ]
[19.366s][info][gc       ] [VMAC 65530 166 24 435 625 : 19.366158 ]
[19.550s][info][gc       ] [GPGC-H  3243.8 584.5 10.7 0.0 : 1144.8 : 0.000 0.000 : 0.000 0.000 0.859 1.681 : 0.000 0.000 0.000 0.000 1.756 0.694 : 0.000 : 97.423 : 860 1784 28 0 : 2274 : 4608 4424 : 19.550261 : 9 Next_heuristic_check_may_be_too_late ]
[19.553s][info][safepoint] Application time: 0.1877765 seconds
[19.554s][info][safepoint] Total time for which application threads were stopped: 0.0003001 seconds, Stopping threads took: 0.0000005 seconds
[19.554s][info][gc       ] [SPS 0.000 0.003 0.003 0.007 0.000 0.001 0.000 0.271 0.020 0.300 NewGC_pause1 19.553307 ]
[19.615s][info][safepoint] Application time: 0.0611084 seconds
[19.615s][info][safepoint] Total time for which application threads were stopped: 0.0001548 seconds, Stopping threads took: 0.0000004 seconds
[19.615s][info][gc       ] [SPS 0.000 0.001 0.000 0.007 0.000 0.001 0.000 0.125 0.021 0.155 NewGC_pause2 19.614570 ]
[19.617s][info][safepoint] Application time: 0.0019562 seconds
[19.617s][info][safepoint] Total time for which application threads were stopped: 0.0001158 seconds, Stopping threads took: 0.0000004 seconds
[19.617s][info][gc       ] [SPS 0.000 0.000 0.000 0.007 0.000 0.001 0.000 0.095 0.013 0.116 NewGC_pause3 19.616642 ]
[19.618s][info][safepoint] Application time: 0.0010687 seconds
[19.618s][info][safepoint] Total time for which application threads were stopped: 0.0000661 seconds, Stopping threads took: 0.0000005 seconds
[19.618s][info][gc       ] [SPS 0.000 0.003 0.002 0.006 0.000 0.001 0.000 0.044 0.014 0.066 NewGC_pause4 19.617777 ]
[19.618s][info][gc       ] [GC New Max 56-49 : 5120 3078 2214 5120 - - 1018 56 2 2 - : 218 1784 28 184 1082 : 216 4 867 867 0 : 0 1 108 0 109 - 0 : 0.185552 3492.3 0.0 0.066979 3314.5 0.0 : 3 --c 0000 : 23 0 0.000 0.000 0 0.000 0.000 0 0.000 0.000 : 19.551025 19.553006 0.000232 19.614415 0.000062 19.616526 0.000099 19.617711 0.000048 : 19.618004 ]
[19.618s][info][gc       ] [SYSINFO 7298 227 63 0 6743 0 30 0 0 5703 : - - - - - - - - : 0 7168 : 4.73 3.24 2.06 : 292739 4277632 : 0 0 : 9 0 : 3877 4 0 261 : - 7376052224 682364928 1165217792 5905219584 238030848 67043328 : 140073237 29859800 734260 0 0 0 : 19.618233 ]
[19.618s][info][gc       ] [HUGEPAGESTAT 0 0 0 - 110774 0 0 : 393216 0 0 : 19.618233 ]
[19.618s][info][gc       ] [OBJCREAT 46904370 25005 3555328 : 19.618277 ]
[19.618s][info][gc       ] [HMSV All : 0 0 20 0 0 0 0 0 : 4924 0 0 0 : 19.618295 ]
[19.618s][info][gc       ] [HMSP 9 : 41100 0 : 19.618295 ]
[19.619s][info][gc       ] [VMAC 65530 166 24 435 625 : 19.618716 ]
[19.800s][info][gc       ] [GPGC-H  3243.8 584.5 10.7 0.0 : 1144.8 : 0.000 0.000 : 0.000 0.000 0.850 1.681 : 0.000 0.000 0.000 0.000 1.739 0.694 : 0.000 : 96.600 : 848 1784 28 0 : 2274 : 4608 4424 : 19.799825 : 9 Next_heuristic_check_may_be_too_late ]
[19.803s][info][safepoint] Application time: 0.1845575 seconds
[19.803s][info][safepoint] Total time for which application threads were stopped: 0.0003465 seconds, Stopping threads took: 0.0000004 seconds
[19.804s][info][gc       ] [SPS 0.000 0.003 0.003 0.007 0.000 0.001 0.000 0.316 0.022 0.347 NewGC_pause1 19.802681 ]
[19.864s][info][safepoint] Application time: 0.0610938 seconds
[19.864s][info][safepoint] Total time for which application threads were stopped: 0.0001773 seconds, Stopping threads took: 0.0000004 seconds
[19.865s][info][gc       ] [SPS 0.000 0.001 0.000 0.006 0.000 0.001 0.000 0.150 0.020 0.177 NewGC_pause2 19.863952 ]
[19.866s][info][safepoint] Application time: 0.0019282 seconds
[19.866s][info][safepoint] Total time for which application threads were stopped: 0.0000967 seconds, Stopping threads took: 0.0000005 seconds
[19.866s][info][gc       ] [SPS 0.000 0.000 0.000 0.012 0.001 0.001 0.000 0.070 0.013 0.097 NewGC_pause3 19.865977 ]
[19.867s][info][safepoint] Application time: 0.0009646 seconds
[19.867s][info][safepoint] Total time for which application threads were stopped: 0.0000656 seconds, Stopping threads took: 0.0000004 seconds
[19.867s][info][gc       ] [SPS 0.000 0.002 0.002 0.007 0.000 0.001 0.000 0.043 0.014 0.065 NewGC_pause4 19.867008 ]
[19.867s][info][gc       ] [GC New Max 57-50 : 5120 3052 2200 5120 - - 1018 56 2 2 - : 204 1784 28 184 1056 : 200 4 854 854 0 : 0 1 100 0 102 - 0 : 0.182461 3463.8 0.0 0.066752 3116.0 0.0 : 3 --c 0000 : 23 0 0.000 0.000 0 0.000 0.000 0 0.000 0.000 : 19.800465 19.802335 0.000214 19.863775 0.000117 19.865881 0.000080 19.866942 0.000047 : 19.867216 ]
[19.867s][info][gc       ] [SYSINFO 7298 227 63 0 6743 0 30 0 0 5703 : - - - - - - - - : 0 7168 : 4.73 3.24 2.06 : 292739 4277632 : 0 0 : 9 0 : 3877 4 0 261 : - 7376052224 682364928 1165217792 5905219584 238030848 67043328 : 140073237 29860700 734270 0 0 0 : 19.867441 ]
[19.867s][info][gc       ] [HUGEPAGESTAT 0 0 0 - 110774 0 0 : 393216 0 0 : 19.867441 ]
[19.867s][info][gc       ] [OBJCREAT 47733163 25005 3555328 : 19.867496 ]
[19.868s][info][gc       ] [HMSV All : 0 0 20 0 0 0 0 0 : 4924 0 0 0 : 19.867511 ]
[19.868s][info][gc       ] [HMSP 9 : 41100 0 : 19.867511 ]
[19.868s][info][gc       ] [VMAC 65530 166 24 435 625 : 19.867929 ]
[20.167s][info][gc       ] [GPGC-H  3232.9 549.2 9.7 0.0 : 1043.4 : 0.000 0.000 : 0.000 0.000 0.841 1.681 : 0.000 0.000 0.000 0.000 1.721 0.694 : 0.000 : 95.801 : 844 1784 28 0 : 2274 : 4608 4424 : 20.166794 : 9 Next_heuristic_check_may_be_too_late ]
[20.170s][info][safepoint] Application time: 0.3022400 seconds
[20.170s][info][safepoint] Total time for which application threads were stopped: 0.0003977 seconds, Stopping threads took: 0.0000005 seconds
[20.170s][info][gc       ] [SPS 0.000 0.003 0.004 0.007 0.000 0.001 0.000 0.358 0.031 0.398 NewGC_pause1 20.169646 ]
[20.241s][info][safepoint] Application time: 0.0716371 seconds
[20.242s][info][safepoint] Total time for which application threads were stopped: 0.0001652 seconds, Stopping threads took: 0.0000004 seconds
[20.242s][info][gc       ] [SPS 0.000 0.001 0.000 0.006 0.000 0.001 0.000 0.138 0.020 0.165 NewGC_pause2 20.241448 ]
[20.243s][info][safepoint] Application time: 0.0017232 seconds
[20.244s][info][safepoint] Total time for which application threads were stopped: 0.0000649 seconds, Stopping threads took: 0.0000004 seconds
[20.244s][info][gc       ] [SPS 0.000 0.000 0.000 0.006 0.000 0.001 0.000 0.044 0.014 0.065 NewGC_pause3 20.243236 ]
[20.245s][info][safepoint] Application time: 0.0011892 seconds
[20.245s][info][safepoint] Total time for which application threads were stopped: 0.0000807 seconds, Stopping threads took: 0.0000004 seconds
[20.245s][info][gc       ] [SPS 0.000 0.003 0.002 0.006 0.000 0.001 0.000 0.052 0.021 0.081 NewGC_pause4 20.244506 ]
[20.245s][info][gc       ] [GC New Max 58-51 : 5120 3102 2260 5120 - - 1018 56 2 2 - : 264 1784 28 184 1106 : 260 4 846 846 0 : 0 1 130 0 132 - 0 : 0.300194 2132.0 0.0 0.077435 3435.2 0.0 : 3 --c 0000 : 23 0 0.000 0.000 0 0.000 0.000 0 0.000 0.000 : 20.167411 20.169248 0.000282 20.241283 0.000104 20.243171 0.000048 20.244425 0.000055 : 20.244846 ]
[20.245s][info][gc       ] [SYSINFO 7298 227 63 0 6743 0 30 0 0 5703 : - - - - - - - - : 0 7168 : 4.73 3.24 2.06 : 292739 4277632 : 0 0 : 9 0 : 3877 4 0 261 : - 7376052224 682364928 1165217792 5905219584 238030848 67043328 : 140073237 29862000 734270 0 0 0 : 20.245089 ]
[20.245s][info][gc       ] [HUGEPAGESTAT 0 0 0 - 110774 0 0 : 393216 0 0 : 20.245089 ]
[20.245s][info][gc       ] [OBJCREAT 48629280 25005 3555328 : 20.245132 ]
[20.245s][info][gc       ] [HMSV All : 0 0 20 0 0 0 0 0 : 4924 0 0 0 : 20.245148 ]
[20.245s][info][gc       ] [HMSP 9 : 41100 0 : 20.245148 ]
[20.246s][info][gc       ] [VMAC 65530 166 24 435 625 : 20.245714 ]
[20.423s][info][gc       ] [GPGC-H  3232.9 549.2 9.7 0.0 : 1043.4 : 0.000 0.000 : 0.000 0.000 0.828 1.681 : 0.000 0.000 0.000 0.000 1.694 0.694 : 0.000 : 94.499 : 926 1784 30 0 : 2274 : 4608 4424 : 20.422999 : 9 Next_heuristic_check_may_be_too_late ]
[20.426s][info][safepoint] Application time: 0.1809301 seconds
[20.426s][info][safepoint] Total time for which application threads were stopped: 0.0003037 seconds, Stopping threads took: 0.0000004 seconds
[20.426s][info][gc       ] [SPS 0.000 0.003 0.003 0.006 0.000 0.001 0.000 0.262 0.034 0.304 NewGC_pause1 20.425740 ]
[20.499s][info][safepoint] Application time: 0.0729300 seconds
[20.499s][info][safepoint] Total time for which application threads were stopped: 0.0001228 seconds, Stopping threads took: 0.0000004 seconds
[20.500s][info][gc       ] [SPS 0.013 0.001 0.000 0.006 0.000 0.001 0.000 0.095 0.020 0.123 NewGC_pause2 20.498793 ]
[20.501s][info][safepoint] Application time: 0.0016868 seconds
[20.501s][info][safepoint] Total time for which application threads were stopped: 0.0000632 seconds, Stopping threads took: 0.0000004 seconds
[20.501s][info][gc       ] [SPS 0.000 0.000 0.000 0.006 0.000 0.001 0.000 0.039 0.017 0.063 NewGC_pause3 20.500543 ]
[20.501s][info][safepoint] Application time: 0.0008780 seconds
[20.502s][info][safepoint] Total time for which application threads were stopped: 0.0000696 seconds, Stopping threads took: 0.0000004 seconds
[20.502s][info][gc       ] [SPS 0.000 0.003 0.002 0.007 0.000 0.001 0.000 0.044 0.018 0.069 NewGC_pause4 20.501491 ]
[20.502s][info][gc       ] [GC New Max 59-52 : 5120 3196 2264 5120 - - 1018 56 2 2 - : 266 1784 30 184 1198 : 264 4 933 933 0 : 0 1 132 0 133 - 0 : 0.178755 3714.6 11.2 0.078110 3456.7 0.0 : 3 --c 0000 : 23 0 0.000 0.000 0 0.000 0.000 0 0.000 0.000 : 20.423600 20.425436 0.000232 20.498670 0.000058 20.500480 0.000043 20.501421 0.000048 : 20.501710 ]
[20.502s][info][gc       ] [SYSINFO 7298 227 63 0 6743 0 30 0 0 5703 : - - - - - - - - : 0 7168 : 4.73 3.24 2.06 : 292739 4277632 : 0 0 : 9 0 : 3877 4 0 261 : - 7376052224 682364928 1165217792 5905219584 238030848 67043328 : 140073237 29862950 734290 0 0 0 : 20.501934 ]
[20.502s][info][gc       ] [HUGEPAGESTAT 0 0 0 - 110774 0 0 : 393216 0 0 : 20.501934 ]
[20.502s][info][gc       ] [OBJCREAT 49556416 25005 3555328 : 20.501976 ]
[20.502s][info][gc       ] [HMSV All : 0 0 20 0 0 0 0 0 : 4924 0 0 0 : 20.501992 ]
[20.502s][info][gc       ] [HMSP 9 : 41100 0 : 20.501992 ]
[20.502s][info][gc       ] [VMAC 65530 166 24 435 625 : 20.502403 ]
[20.684s][info][gc       ] [GPGC-H  3232.9 549.2 9.7 0.0 : 1043.4 : 0.000 0.000 : 0.000 0.000 0.819 1.681 : 0.000 0.000 0.000 0.000 1.676 0.694 : 0.000 : 93.742 : 924 1784 30 0 : 2274 : 4608 4424 : 20.684016 : 9 Next_heuristic_check_may_be_too_late ]
[20.687s][info][safepoint] Application time: 0.1849473 seconds
[20.687s][info][safepoint] Total time for which application threads were stopped: 0.0003142 seconds, Stopping threads took: 0.0000004 seconds
[20.687s][info][gc       ] [SPS 0.000 0.004 0.003 0.007 0.000 0.001 0.000 0.260 0.053 0.321 NewGC_pause1 20.686759 ]
[20.750s][info][safepoint] Application time: 0.0626480 seconds
[20.750s][info][safepoint] Total time for which application threads were stopped: 0.0001366 seconds, Stopping threads took: 0.0000004 seconds
[20.750s][info][gc       ] [SPS 0.000 0.001 0.000 0.007 0.000 0.001 0.000 0.106 0.022 0.136 NewGC_pause2 20.749538 ]
[20.752s][info][safepoint] Application time: 0.0019043 seconds
[20.752s][info][safepoint] Total time for which application threads were stopped: 0.0001120 seconds, Stopping threads took: 0.0000005 seconds
[20.752s][info][gc       ] [SPS 0.000 0.000 0.000 0.007 0.000 0.001 0.000 0.089 0.014 0.112 NewGC_pause3 20.751554 ]
[20.753s][info][safepoint] Application time: 0.0009663 seconds
[20.753s][info][safepoint] Total time for which application threads were stopped: 0.0000697 seconds, Stopping threads took: 0.0000005 seconds
[20.753s][info][gc       ] [SPS 0.000 0.003 0.002 0.007 0.000 0.001 0.000 0.046 0.016 0.070 NewGC_pause4 20.752590 ]
[20.753s][info][gc       ] [GC New Max 60-53 : 5120 3136 2208 5120 - - 1018 56 2 2 - : 210 1784 30 184 1138 : 206 4 931 931 0 : 0 1 103 0 105 - 0 : 0.182855 3609.4 0.0 0.068259 3135.1 0.0 : 3 --c 0000 : 23 0 0.000 0.000 0 0.000 0.000 0 0.000 0.000 : 20.684565 20.686438 0.000230 20.749401 0.000073 20.751442 0.000094 20.752520 0.000050 : 20.752824 ]
[20.753s][info][gc       ] [SYSINFO 7298 227 63 0 6743 0 30 0 0 5703 : - - - - - - - - : 0 7168 : 4.73 3.24 2.06 : 292739 4277632 : 0 0 : 9 0 : 3877 4 0 261 : - 7376052224 682364928 1165217792 5905219584 238030848 67043328 : 140073237 29863860 734300 0 0 0 : 20.753067 ]
[20.753s][info][gc       ] [HUGEPAGESTAT 0 0 0 - 110774 0 0 : 393216 0 0 : 20.753067 ]
[20.753s][info][gc       ] [OBJCREAT 50421676 25005 3555328 : 20.753114 ]
[20.753s][info][gc       ] [HMSV All : 0 0 20 0 0 0 0 0 : 4924 0 0 0 : 20.753134 ]
[20.753s][info][gc       ] [HMSP 9 : 41100 0 : 20.753134 ]
[20.754s][info][gc       ] [VMAC 65530 166 24 435 625 : 20.753554 ]
[21.002s][info][gc       ] [GPGC-H  3232.9 549.2 9.7 0.0 : 1043.4 : 0.000 0.000 : 0.000 0.000 0.810 1.681 : 0.000 0.000 0.000 0.000 1.659 0.694 : 0.000 : 92.974 : 824 1784 30 0 : 2274 : 4608 4424 : 21.001735 : 9 Next_heuristic_check_may_be_too_late ]
[21.005s][info][safepoint] Application time: 0.2516969 seconds
[21.005s][info][safepoint] Total time for which application threads were stopped: 0.0003873 seconds, Stopping threads took: 0.0000005 seconds
[21.006s][info][gc       ] [SPS 0.000 0.003 0.003 0.007 0.000 0.001 0.000 0.335 0.044 0.387 NewGC_pause1 21.004675 ]
[21.074s][info][safepoint] Application time: 0.0688383 seconds
[21.074s][info][safepoint] Total time for which application threads were stopped: 0.0001416 seconds, Stopping threads took: 0.0000004 seconds
[21.074s][info][gc       ] [SPS 0.000 0.001 0.000 0.006 0.000 0.001 0.000 0.114 0.019 0.142 NewGC_pause2 21.073655 ]
[21.075s][info][safepoint] Application time: 0.0013367 seconds
[21.075s][info][safepoint] Total time for which application threads were stopped: 0.0000662 seconds, Stopping threads took: 0.0000004 seconds
[21.075s][info][gc       ] [SPS 0.000 0.000 0.000 0.006 0.000 0.001 0.000 0.045 0.014 0.066 NewGC_pause3 21.075057 ]
[21.076s][info][safepoint] Application time: 0.0010003 seconds
[21.076s][info][safepoint] Total time for which application threads were stopped: 0.0001238 seconds, Stopping threads took: 0.0000004 seconds
[21.077s][info][gc       ] [SPS 0.000 0.008 0.002 0.013 0.000 0.001 0.000 0.096 0.014 0.124 NewGC_pause4 21.076182 ]
[21.077s][info][gc       ] [GC New Max 61-54 : 5120 3062 2238 5120 - - 1040 56 2 2 - : 240 1784 30 184 1064 : 236 4 827 827 0 : 0 1 118 0 120 - 0 : 0.249580 2468.1 0.0 0.074037 3241.6 0.0 : 3 --c 0000 : 23 0 0.000 0.000 0 0.000 0.000 0 0.000 0.000 : 21.002404 21.004287 0.000278 21.073513 0.000067 21.074991 0.000049 21.076058 0.000107 : 21.076441 ]
[21.077s][info][gc       ] [SYSINFO 7319 227 63 0 6765 0 30 0 0 5703 : - - - - - - - - : 0 7168 : 4.73 3.24 2.06 : 292739 4277632 : 0 0 : 9 0 : 3877 4 0 261 : - 7398490112 682364928 1187655680 5905219584 238030848 67043328 : 140073237 29864970 734320 0 0 0 : 21.076738 ]
[21.077s][info][gc       ] [HUGEPAGESTAT 0 0 0 - 110774 0 0 : 393216 0 0 : 21.076738 ]
[21.077s][info][gc       ] [OBJCREAT 51268009 25005 3555328 : 21.076781 ]
[21.077s][info][gc       ] [HMSV All : 0 0 20 0 0 0 0 0 : 4924 0 0 0 : 21.076795 ]
[21.077s][info][gc       ] [HMSP 9 : 41100 0 : 21.076795 ]
[21.077s][info][gc       ] [VMAC 65530 166 24 435 625 : 21.077289 ]
[21.238s][info][gc       ] [GPGC-H  3232.9 549.2 9.7 0.0 : 1043.4 : 0.000 0.000 : 0.000 0.000 0.800 1.681 : 0.000 0.000 0.000 0.000 1.636 0.694 : 0.000 : 91.934 : 834 1784 30 0 : 2274 : 4608 4424 : 21.238453 : 9 Next_heuristic_check_may_be_too_late ]
[21.241s][info][safepoint] Application time: 0.1646656 seconds
[21.242s][info][safepoint] Total time for which application threads were stopped: 0.0003976 seconds, Stopping threads took: 0.0000004 seconds
[21.242s][info][gc       ] [SPS 0.000 0.003 0.002 0.007 0.000 0.001 0.000 0.361 0.029 0.398 NewGC_pause1 21.241246 ]
[21.296s][info][safepoint] Application time: 0.0549380 seconds
[21.297s][info][safepoint] Total time for which application threads were stopped: 0.0001689 seconds, Stopping threads took: 0.0000004 seconds
[21.297s][info][gc       ] [SPS 0.000 0.001 0.000 0.008 0.000 0.001 0.000 0.136 0.024 0.169 NewGC_pause2 21.296352 ]
[21.298s][info][safepoint] Application time: 0.0014751 seconds
[21.298s][info][safepoint] Total time for which application threads were stopped: 0.0000640 seconds, Stopping threads took: 0.0000004 seconds
[21.298s][info][gc       ] [SPS 0.000 0.000 0.000 0.007 0.000 0.001 0.000 0.042 0.014 0.064 NewGC_pause3 21.297891 ]
[21.299s][info][safepoint] Application time: 0.0012780 seconds
[21.299s][info][safepoint] Total time for which application threads were stopped: 0.0000686 seconds, Stopping threads took: 0.0000005 seconds
[21.299s][info][gc       ] [SPS 0.000 0.003 0.002 0.012 0.000 0.001 0.000 0.041 0.014 0.069 NewGC_pause4 21.299238 ]
[21.300s][info][gc       ] [GC New Max 62-55 : 5120 2966 2130 5120 - - 1040 56 2 2 - : 132 1784 30 184 968 : 126 4 841 841 0 : 0 1 63 0 66 - 0 : 0.162516 3667.3 0.0 0.060501 2247.9 0.0 : 3 --c 0000 : 23 0 0.000 0.000 0 0.000 0.000 0 0.000 0.000 : 21.238957 21.240848 0.000289 21.296183 0.000093 21.297827 0.000046 21.299169 0.000050 : 21.299458 ]
[21.300s][info][gc       ] [SYSINFO 7319 227 63 0 6765 0 30 0 0 5703 : - - - - - - - - : 0 7168 : 4.73 3.24 2.06 : 292739 4277644 : 0 0 : 9 0 : 3877 4 0 261 : - 7398490112 682364928 1187655680 5905219584 238030848 67043328 : 140073237 29865800 734320 0 0 0 : 21.299682 ]
[21.300s][info][gc       ] [HUGEPAGESTAT 0 0 0 - 110774 0 0 : 393216 0 0 : 21.299682 ]
[21.300s][info][gc       ] [OBJCREAT 51992618 25005 3555328 : 21.299725 ]
[21.300s][info][gc       ] [HMSV All : 0 0 20 0 0 0 0 0 : 4924 0 0 0 : 21.299741 ]
[21.300s][info][gc       ] [HMSP 9 : 41100 0 : 21.299741 ]
[21.300s][info][gc       ] [VMAC 65530 166 24 435 625 : 21.300179 ]
[21.530s][info][gc       ] [GPGC-H  3232.9 549.2 9.7 0.0 : 1043.4 : 0.000 0.000 : 0.000 0.000 0.792 1.681 : 0.000 0.000 0.000 0.000 1.621 0.694 : 0.000 : 91.270 : 774 1784 30 0 : 2274 : 4608 4424 : 21.530428 : 9 Next_heuristic_check_may_be_too_late ]
[21.533s][info][safepoint] Application time: 0.2334368 seconds
[21.533s][info][safepoint] Total time for which application threads were stopped: 0.0003688 seconds, Stopping threads took: 0.0000004 seconds
[21.534s][info][gc       ] [SPS 0.000 0.004 0.003 0.007 0.000 0.001 0.000 0.339 0.021 0.369 NewGC_pause1 21.533044 ]
[21.594s][info][safepoint] Application time: 0.0605132 seconds
[21.594s][info][safepoint] Total time for which application threads were stopped: 0.0001823 seconds, Stopping threads took: 0.0000004 seconds
[21.595s][info][gc       ] [SPS 0.000 0.001 0.000 0.007 0.000 0.001 0.000 0.152 0.023 0.182 NewGC_pause2 21.593740 ]
[21.596s][info][safepoint] Application time: 0.0022874 seconds
[21.597s][info][safepoint] Total time for which application threads were stopped: 0.0001059 seconds, Stopping threads took: 0.0000004 seconds
[21.597s][info][gc       ] [SPS 0.000 0.000 0.000 0.006 0.000 0.001 0.000 0.078 0.020 0.106 NewGC_pause3 21.596133 ]
[21.597s][info][safepoint] Application time: 0.0009402 seconds
[21.597s][info][safepoint] Total time for which application threads were stopped: 0.0000791 seconds, Stopping threads took: 0.0000004 seconds
[21.598s][info][gc       ] [SPS 0.000 0.003 0.002 0.010 0.000 0.001 0.000 0.055 0.013 0.079 NewGC_pause4 21.597152 ]
[21.598s][info][gc       ] [GC New Max 63-56 : 5120 2994 2218 5120 - - 1043 56 2 2 - : 220 1784 30 184 996 : 218 4 777 777 0 : 0 1 109 0 110 - 0 : 0.231526 2781.5 0.0 0.066444 3311.0 0.0 : 3 --c 0000 : 23 0 0.000 0.000 0 0.000 0.000 0 0.000 0.000 : 21.530984 21.532675 0.000318 21.593557 0.000120 21.596027 0.000083 21.597073 0.000062 : 21.597428 ]
[21.598s][info][gc       ] [SYSINFO 7324 227 63 0 6768 0 30 0 0 5703 : - - - - - - - - : 0 7168 : 4.73 3.24 2.06 : 292739 4277644 : 0 0 : 9 0 : 3877 3 0 261 : - 7402004480 682364928 1191170048 5905219584 238030848 67043328 : 140073237 29866830 734330 0 0 0 : 21.597666 ]
[21.598s][info][gc       ] [HUGEPAGESTAT 0 0 0 - 110774 0 0 : 393216 0 0 : 21.597666 ]
[21.598s][info][gc       ] [OBJCREAT 52850622 25005 3555328 : 21.597707 ]
[21.598s][info][gc       ] [HMSV All : 0 0 20 0 0 0 0 0 : 4924 0 0 0 : 21.597722 ]
[21.598s][info][gc       ] [HMSP 9 : 41100 0 : 21.597722 ]
[21.598s][info][gc       ] [VMAC 65530 166 24 435 625 : 21.598160 ]
[21.779s][info][gc       ] [GPGC-H  3232.9 549.2 9.7 0.0 : 1043.4 : 0.000 0.000 : 0.000 0.000 0.782 1.681 : 0.000 0.000 0.000 0.000 1.601 0.694 : 0.000 : 90.326 : 894 1784 30 0 : 2274 : 4608 4424 : 21.778884 : 9 Next_heuristic_check_may_be_too_late ]
[21.782s][info][safepoint] Application time: 0.1841500 seconds
[21.782s][info][safepoint] Total time for which application threads were stopped: 0.0003193 seconds, Stopping threads took: 0.0000005 seconds
[21.782s][info][gc       ] [SPS 0.000 0.003 0.002 0.006 0.000 0.001 0.000 0.275 0.036 0.319 NewGC_pause1 21.781622 ]
[21.840s][info][safepoint] Application time: 0.0584222 seconds
[21.841s][info][safepoint] Total time for which application threads were stopped: 0.0001557 seconds, Stopping threads took: 0.0000004 seconds
[21.841s][info][gc       ] [SPS 0.000 0.001 0.000 0.006 0.000 0.001 0.000 0.127 0.021 0.156 NewGC_pause2 21.840200 ]
[21.842s][info][safepoint] Application time: 0.0020185 seconds
[21.843s][info][safepoint] Total time for which application threads were stopped: 0.0000761 seconds, Stopping threads took: 0.0000004 seconds
[21.843s][info][gc       ] [SPS 0.000 0.000 0.000 0.014 0.000 0.001 0.000 0.043 0.017 0.076 NewGC_pause3 21.842295 ]
[21.844s][info][safepoint] Application time: 0.0013382 seconds
[21.844s][info][safepoint] Total time for which application threads were stopped: 0.0000605 seconds, Stopping threads took: 0.0000004 seconds
[21.844s][info][gc       ] [SPS 0.000 0.003 0.002 0.006 0.000 0.001 0.000 0.040 0.013 0.060 NewGC_pause4 21.843693 ]
[21.844s][info][gc       ] [GC New Max 64-57 : 5120 3108 2210 5120 - - 1043 56 2 2 - : 212 1784 30 184 1110 : 208 4 900 900 0 : 0 1 104 0 106 - 0 : 0.182010 3714.1 0.0 0.064516 3348.0 0.0 : 3 --c 0000 : 23 0 0.000 0.000 0 0.000 0.000 0 0.000 0.000 : 21.779438 21.781302 0.000241 21.840044 0.000095 21.842218 0.000049 21.843633 0.000043 : 21.843954 ]
[21.844s][info][gc       ] [SYSINFO 7324 227 63 0 6768 0 30 0 0 5703 : - - - - - - - - : 0 7168 : 4.73 3.24 2.06 : 292739 4277644 : 0 0 : 9 0 : 3877 4 0 261 : - 7402409984 682364928 1191575552 5905219584 238030848 67043328 : 140073237 29867540 734330 0 0 0 : 21.844183 ]
[21.844s][info][gc       ] [HUGEPAGESTAT 0 0 0 - 110774 0 0 : 393216 0 0 : 21.844183 ]
[21.844s][info][gc       ] [OBJCREAT 53731296 25005 3555328 : 21.844225 ]
[21.844s][info][gc       ] [HMSV All : 0 0 20 0 0 0 0 0 : 4924 0 0 0 : 21.844239 ]
[21.844s][info][gc       ] [HMSP 9 : 41100 0 : 21.844239 ]
[21.845s][info][gc       ] [VMAC 65530 166 24 435 625 : 21.844723 ]
[22.023s][info][gc       ] [GPGC-H  3232.9 500.3 8.9 0.0 : 950.5 : 0.000 0.000 : 0.000 0.000 0.774 1.681 : 0.000 0.000 0.000 0.000 1.585 0.694 : 0.000 : 89.600 : 856 1784 30 0 : 2274 : 4608 4424 : 22.022869 : 9 Next_heuristic_check_may_be_too_late ]
[22.025s][info][safepoint] Application time: 0.1813902 seconds
[22.026s][info][safepoint] Total time for which application threads were stopped: 0.0002708 seconds, Stopping threads took: 0.0000004 seconds
[22.026s][info][gc       ] [SPS 0.000 0.003 0.002 0.006 0.000 0.001 0.000 0.230 0.033 0.271 NewGC_pause1 22.025354 ]
[22.083s][info][safepoint] Application time: 0.0570298 seconds
[22.083s][info][safepoint] Total time for which application threads were stopped: 0.0001708 seconds, Stopping threads took: 0.0000004 seconds
[22.083s][info][gc       ] [SPS 0.000 0.001 0.000 0.007 0.000 0.001 0.000 0.141 0.022 0.171 NewGC_pause2 22.082555 ]
[22.085s][info][safepoint] Application time: 0.0018823 seconds
[22.085s][info][safepoint] Total time for which application threads were stopped: 0.0000705 seconds, Stopping threads took: 0.0000005 seconds
[22.085s][info][gc       ] [SPS 0.000 0.000 0.000 0.007 0.000 0.001 0.000 0.046 0.016 0.070 NewGC_pause3 22.084508 ]
[22.086s][info][safepoint] Application time: 0.0009817 seconds
[22.086s][info][safepoint] Total time for which application threads were stopped: 0.0001402 seconds, Stopping threads took: 0.0000005 seconds
[22.086s][info][gc       ] [SPS 0.000 0.003 0.002 0.007 0.001 0.001 0.000 0.118 0.014 0.140 NewGC_pause4 22.085630 ]
[22.086s][info][gc       ] [GC New Max 65-58 : 5120 3060 2200 5120 - - 1043 56 2 2 - : 202 1784 30 184 1062 : 198 4 863 863 0 : 0 1 99 0 101 - 0 : 0.179429 3611.5 0.0 0.062472 3265.5 0.0 : 3 --c 0000 : 23 0 0.000 0.000 0 0.000 0.000 0 0.000 0.000 : 22.023383 22.025084 0.000197 22.082384 0.000097 22.084437 0.000049 22.085490 0.000123 : 22.085855 ]
[22.086s][info][gc       ] [SYSINFO 7324 227 63 0 6768 0 30 0 0 5703 : - - - - - - - - : 0 7168 : 4.73 3.24 2.06 : 292739 4277644 : 0 0 : 9 0 : 3877 4 0 261 : - 7402409984 682364928 1191575552 5905219584 238030848 67043328 : 140073237 29868160 734330 0 0 0 : 22.086081 ]
[22.086s][info][gc       ] [HUGEPAGESTAT 0 0 0 - 110774 0 0 : 393216 0 0 : 22.086081 ]
[22.086s][info][gc       ] [OBJCREAT 54575199 25005 3555328 : 22.086125 ]
[22.086s][info][gc       ] [HMSV All : 0 0 20 0 0 0 0 0 : 4924 0 0 0 : 22.086141 ]
[22.086s][info][gc       ] [HMSP 9 : 41100 0 : 22.086141 ]
[22.087s][info][gc       ] [VMAC 65530 166 24 435 625 : 22.086669 ]
[22.270s][info][gc       ] [GPGC-H  3225.7 500.3 8.9 0.0 : 950.5 : 0.000 0.000 : 0.000 0.000 0.766 1.681 : 0.000 0.000 0.000 0.000 1.569 0.694 : 0.000 : 88.891 : 852 1784 30 0 : 2274 : 4608 4424 : 22.270094 : 9 Next_heuristic_check_may_be_too_late ]
[22.273s][info][safepoint] Application time: 0.1866235 seconds
[22.273s][info][safepoint] Total time for which application threads were stopped: 0.0002999 seconds, Stopping threads took: 0.0000004 seconds
[22.273s][info][gc       ] [SPS 0.000 0.003 0.002 0.006 0.000 0.001 0.000 0.234 0.058 0.300 NewGC_pause1 22.272554 ]
[22.331s][info][safepoint] Application time: 0.0586892 seconds
[22.332s][info][safepoint] Total time for which application threads were stopped: 0.0001960 seconds, Stopping threads took: 0.0000004 seconds
[22.333s][info][gc       ] [SPS 0.000 0.001 0.000 0.007 0.000 0.001 0.000 0.165 0.022 0.196 NewGC_pause2 22.331439 ]
[22.334s][info][safepoint] Application time: 0.0022133 seconds
[22.334s][info][safepoint] Total time for which application threads were stopped: 0.0001409 seconds, Stopping threads took: 0.0000005 seconds
[22.334s][info][gc       ] [SPS 0.000 0.000 0.000 0.006 0.000 0.001 0.000 0.113 0.020 0.141 NewGC_pause3 22.333793 ]
[22.335s][info][safepoint] Application time: 0.0008197 seconds
[22.335s][info][safepoint] Total time for which application threads were stopped: 0.0000696 seconds, Stopping threads took: 0.0000004 seconds
[22.335s][info][gc       ] [SPS 0.000 0.003 0.002 0.006 0.000 0.001 0.000 0.046 0.016 0.070 NewGC_pause4 22.334682 ]
[22.335s][info][gc       ] [GC New Max 66-59 : 5120 3068 2212 5120 - - 1043 56 2 2 - : 214 1784 30 184 1070 : 210 4 859 859 0 : 0 1 105 0 107 - 0 : 0.184738 3529.3 0.0 0.064334 3388.6 0.0 : 3 --c 0000 : 23 0 0.000 0.000 0 0.000 0.000 0 0.000 0.000 : 22.270592 22.272254 0.000174 22.331243 0.000120 22.333652 0.000048 22.334613 0.000050 : 22.334926 ]
[22.335s][info][gc       ] [SYSINFO 7324 227 63 0 6768 0 30 0 0 5703 : - - - - - - - - : 0 7168 : 4.73 3.24 2.06 : 292739 4277644 : 0 0 : 9 0 : 3877 3 0 261 : - 7402409984 682364928 1191575552 5905219584 238030848 67043328 : 140073237 29868810 734330 0 0 0 : 22.335181 ]
[22.335s][info][gc       ] [HUGEPAGESTAT 0 0 0 - 110774 0 0 : 393216 0 0 : 22.335181 ]
[22.335s][info][gc       ] [OBJCREAT 55438790 25005 3555328 : 22.335260 ]
[22.335s][info][gc       ] [HMSV All : 0 0 20 0 0 0 0 0 : 4924 0 0 0 : 22.335275 ]
[22.335s][info][gc       ] [HMSP 9 : 41100 0 : 22.335275 ]
[22.336s][info][gc       ] [VMAC 65530 166 24 435 625 : 22.335760 ]
[22.517s][info][gc       ] [GPGC-H  3225.7 500.3 8.9 0.0 : 950.5 : 0.000 0.000 : 0.000 0.000 0.758 1.681 : 0.000 0.000 0.000 0.000 1.553 0.694 : 0.000 : 88.169 : 850 1784 30 0 : 2274 : 4608 4424 : 22.517056 : 9 Next_heuristic_check_may_be_too_late ]
[22.520s][info][safepoint] Application time: 0.1847447 seconds
[22.520s][info][safepoint] Total time for which application threads were stopped: 0.0003182 seconds, Stopping threads took: 0.0000004 seconds
[22.520s][info][gc       ] [SPS 0.000 0.003 0.003 0.007 0.000 0.001 0.000 0.290 0.020 0.318 NewGC_pause1 22.519746 ]
[22.577s][info][safepoint] Application time: 0.0568389 seconds
[22.577s][info][safepoint] Total time for which application threads were stopped: 0.0001844 seconds, Stopping threads took: 0.0000004 seconds
[22.578s][info][gc       ] [SPS 0.000 0.001 0.000 0.007 0.000 0.001 0.000 0.142 0.034 0.185 NewGC_pause2 22.576769 ]
[22.579s][info][safepoint] Application time: 0.0017236 seconds
[22.579s][info][safepoint] Total time for which application threads were stopped: 0.0000591 seconds, Stopping threads took: 0.0000004 seconds
[22.579s][info][gc       ] [SPS 0.000 0.000 0.000 0.007 0.000 0.001 0.000 0.038 0.013 0.059 NewGC_pause3 22.578552 ]
[22.580s][info][safepoint] Application time: 0.0010184 seconds
[22.580s][info][safepoint] Total time for which application threads were stopped: 0.0000657 seconds, Stopping threads took: 0.0000005 seconds
[22.580s][info][gc       ] [SPS 0.000 0.003 0.002 0.007 0.000 0.001 0.000 0.044 0.014 0.066 NewGC_pause4 22.579636 ]
[22.580s][info][gc       ] [GC New Max 67-60 : 5120 3046 2194 5120 - - 1049 56 2 2 - : 196 1784 30 184 1048 : 192 4 855 855 0 : 0 1 96 0 98 - 0 : 0.182689 3492.3 0.0 0.062305 3177.9 0.0 : 3 --c 0000 : 23 0 0.000 0.000 0 0.000 0.000 0 0.000 0.000 : 22.517615 22.519428 0.000250 22.576585 0.000095 22.578493 0.000042 22.579570 0.000047 : 22.579920 ]
[22.580s][info][gc       ] [SYSINFO 7330 227 63 0 6774 0 30 0 0 5703 : - - - - - - - - : 0 7168 : 4.73 3.24 2.06 : 292739 4277644 : 0 0 : 9 0 : 3877 3 0 261 : - 7408357376 682364928 1197522944 5905219584 238030848 67043328 : 140073237 29869450 734350 0 0 0 : 22.580176 ]
[22.580s][info][gc       ] [HUGEPAGESTAT 0 0 0 - 110774 0 0 : 393216 0 0 : 22.580176 ]
[22.580s][info][gc       ] [OBJCREAT 56267341 25005 3555328 : 22.580225 ]
[22.580s][info][gc       ] [HMSV All : 0 0 20 0 0 0 0 0 : 4924 0 0 0 : 22.580239 ]
[22.580s][info][gc       ] [HMSP 9 : 41100 0 : 22.580239 ]
[22.581s][info][gc       ] [VMAC 65530 166 24 435 625 : 22.580760 ]
[22.764s][info][gc       ] [GPGC-H  3225.7 500.3 8.9 0.0 : 950.5 : 0.000 0.000 : 0.000 0.000 0.750 1.681 : 0.000 0.000 0.000 0.000 1.537 0.694 : 0.000 : 87.463 : 808 1784 30 0 : 2274 : 4608 4424 : 22.763986 : 9 Next_heuristic_check_may_be_too_late ]
[22.767s][info][safepoint] Application time: 0.1869901 seconds
[22.767s][info][safepoint] Total time for which application threads were stopped: 0.0004467 seconds, Stopping threads took: 0.0000004 seconds
[22.768s][info][gc       ] [SPS 0.000 0.003 0.003 0.007 0.000 0.001 0.000 0.408 0.031 0.447 NewGC_pause1 22.767074 ]
[22.772s][info][gc       ] [DEOPTSTATS 1 : 0 0 : 0 0 : 0 0 : 0 0 : 0 11 : 0 0 : 0 0 : 0 0 : 0 0 : 0 0 : 0 0 : 0 0 : 0 0 : 0 0 : 0 0 : 0 0 : 0 0 : 0 0 : 0 0 : 0 0 : 0 0 : 0 0 : 0 0 : 0 0 : 0 0 : 0 0 : 0 0 : 0 0 : 0 0 : 0 0 : 6 0 : 0 0 : 0 0 : 0 0 : 0 0 : 0 0 : 0 0 : 0 0 : 0 0 : 0 0 : 0 0 : 0 0 ]
[22.772s][info][gc       ] [DEOPTSTATS 2 : 0 0 : 0 0 : 0 0 : 0 0 : 0 0 : 0 0 : 0 13 : 0 0 : 0 0 : 0 0 : 0 0 : 0 0 : 0 0 : 0 0 : 0 0 : 0 0 : 0 0 : 0 0 : 0 0 : 0 0 : 0 0 : 0 0 : 0 0 : 0 0 : 0 0 : 0 0 : 0 0 : 0 0 : 0 0 : 0 0 : 3 0 : 0 0 : 0 0 : 0 0 : 0 1 : 0 0 : 0 0 : 0 0 : 0 0 : 0 2 : 0 0 : 0 0 ]
[22.828s][info][safepoint] Application time: 0.0606537 seconds
[22.828s][info][safepoint] Total time for which application threads were stopped: 0.0001737 seconds, Stopping threads took: 0.0000004 seconds
[22.829s][info][gc       ] [SPS 0.000 0.001 0.000 0.007 0.000 0.001 0.000 0.145 0.021 0.174 NewGC_pause2 22.827901 ]
[22.830s][info][safepoint] Application time: 0.0018259 seconds
[22.830s][info][safepoint] Total time for which application threads were stopped: 0.0000670 seconds, Stopping threads took: 0.0000004 seconds
[22.830s][info][gc       ] [SPS 0.000 0.000 0.000 0.006 0.000 0.001 0.000 0.041 0.018 0.067 NewGC_pause3 22.829794 ]
[22.831s][info][safepoint] Application time: 0.0008441 seconds
[22.831s][info][safepoint] Total time for which application threads were stopped: 0.0000668 seconds, Stopping threads took: 0.0000005 seconds
[22.831s][info][gc       ] [SPS 0.000 0.003 0.002 0.006 0.000 0.001 0.000 0.045 0.014 0.067 NewGC_pause4 22.830705 ]
[22.831s][info][gc       ] [GC New Max 68-61 : 5120 3014 2202 5120 - - 1049 56 2 2 - : 202 1784 30 184 1016 : 200 4 814 814 0 : 0 1 100 0 101 - 0 : 0.184723 3323.9 0.0 0.066313 3106.5 0.0 : 3 --c 0000 : 23 0 0.000 0.000 0 0.000 0.000 0 0.000 0.000 : 22.764642 22.766627 0.000317 22.827727 0.000111 22.829727 0.000044 22.830638 0.000049 : 22.830955 ]
[22.831s][info][gc       ] [SYSINFO 7330 227 63 0 6774 0 30 0 0 5703 : - - - - - - - - : 0 7168 : 4.73 3.24 2.06 : 292739 4277644 : 0 0 : 9 0 : 3877 3 0 261 : - 7408627712 682364928 1197793280 5905219584 238030848 67043328 : 140073237 29870160 734350 0 0 0 : 22.831176 ]
[22.831s][info][gc       ] [HUGEPAGESTAT 0 0 0 - 110774 0 0 : 393216 0 0 : 22.831176 ]
[22.831s][info][gc       ] [OBJCREAT 57078209 25005 3555328 : 22.831219 ]
[22.831s][info][gc       ] [HMSV All : 0 0 20 0 0 0 0 0 : 4924 0 0 0 : 22.831233 ]
[22.831s][info][gc       ] [HMSP 9 : 41100 0 : 22.831233 ]
[22.832s][info][gc       ] [VMAC 65530 166 24 435 625 : 22.831628 ]
[22.993s][info][gc       ] [GPGC-H  3225.7 500.3 8.9 0.0 : 950.5 : 0.000 0.000 : 0.000 0.000 0.742 1.681 : 0.000 0.000 0.000 0.000 1.521 0.694 : 0.000 : 86.759 : 832 1784 30 0 : 2274 : 4608 4424 : 22.992728 : 9 Next_heuristic_check_may_be_too_late ]
[22.995s][info][safepoint] Application time: 0.1643165 seconds
[22.996s][info][safepoint] Total time for which application threads were stopped: 0.0003093 seconds, Stopping threads took: 0.0000004 seconds
[22.996s][info][gc       ] [SPS 0.001 0.003 0.002 0.006 0.000 0.001 0.000 0.267 0.035 0.309 NewGC_pause1 22.995331 ]
[23.055s][info][safepoint] Application time: 0.0590569 seconds
[23.055s][info][safepoint] Total time for which application threads were stopped: 0.0001658 seconds, Stopping threads took: 0.0000004 seconds
[23.055s][info][gc       ] [SPS 0.000 0.001 0.000 0.007 0.000 0.001 0.000 0.135 0.022 0.166 NewGC_pause2 23.054554 ]
[23.056s][info][safepoint] Application time: 0.0016101 seconds
[23.056s][info][safepoint] Total time for which application threads were stopped: 0.0000598 seconds, Stopping threads took: 0.0000004 seconds
[23.057s][info][gc       ] [SPS 0.000 0.000 0.000 0.007 0.000 0.001 0.000 0.038 0.014 0.060 NewGC_pause3 23.056223 ]
[23.057s][info][safepoint] Application time: 0.0009747 seconds
[23.057s][info][safepoint] Total time for which application threads were stopped: 0.0000676 seconds, Stopping threads took: 0.0000004 seconds
[23.058s][info][gc       ] [SPS 0.000 0.003 0.002 0.006 0.000 0.001 0.000 0.046 0.014 0.068 NewGC_pause4 23.057266 ]
[23.058s][info][gc       ] [GC New Max 69-62 : 5120 3044 2208 5120 - - 1049 56 2 2 - : 210 1784 30 184 1046 : 206 4 838 838 0 : 0 1 103 0 105 - 0 : 0.162354 3892.7 0.0 0.064196 3333.5 0.0 : 3 --c 0000 : 23 0 0.000 0.000 0 0.000 0.000 0 0.000 0.000 : 22.993309 22.995021 0.000227 23.054388 0.000097 23.056164 0.000042 23.057198 0.000050 : 23.057506 ]
[23.058s][info][gc       ] [SYSINFO 7330 227 63 0 6774 0 30 0 0 5703 : - - - - - - - - : 0 7168 : 4.73 3.24 2.06 : 292739 4277644 : 0 0 : 9 0 : 3877 3 0 261 : - 7408627712 682364928 1197793280 5905219584 238030848 67043328 : 140073237 29870750 734350 0 0 0 : 23.057724 ]
[23.058s][info][gc       ] [HUGEPAGESTAT 0 0 0 - 110774 0 0 : 393216 0 0 : 23.057724 ]
[23.058s][info][gc       ] [OBJCREAT 57913435 25005 3555328 : 23.057777 ]
[23.058s][info][gc       ] [HMSV All : 0 0 20 0 0 0 0 0 : 4924 0 0 0 : 23.057792 ]
[23.058s][info][gc       ] [HMSP 9 : 41100 0 : 23.057792 ]
[23.058s][info][gc       ] [VMAC 65530 166 24 435 625 : 23.058190 ]
[23.219s][info][gc       ] [GPGC-H  3225.7 500.3 8.9 0.0 : 950.5 : 0.000 0.000 : 0.000 0.000 0.735 1.681 : 0.000 0.000 0.000 0.000 1.507 0.694 : 0.000 : 86.150 : 824 1784 30 0 : 2274 : 4608 4424 : 23.219408 : 9 Next_heuristic_check_may_be_too_late ]
[23.222s][info][safepoint] Application time: 0.1643712 seconds
[23.223s][info][safepoint] Total time for which application threads were stopped: 0.0003069 seconds, Stopping threads took: 0.0000018 seconds
[23.223s][info][gc       ] [SPS 0.000 0.003 0.003 0.009 0.002 0.001 0.000 0.262 0.034 0.307 NewGC_pause1 23.221944 ]
[23.282s][info][safepoint] Application time: 0.0599596 seconds
[23.283s][info][safepoint] Total time for which application threads were stopped: 0.0001969 seconds, Stopping threads took: 0.0000004 seconds
[23.283s][info][gc       ] [SPS 0.000 0.001 0.000 0.007 0.000 0.001 0.000 0.158 0.030 0.197 NewGC_pause2 23.282101 ]
[23.284s][info][safepoint] Application time: 0.0020610 seconds
[23.285s][info][safepoint] Total time for which application threads were stopped: 0.0001018 seconds, Stopping threads took: 0.0000004 seconds
[23.285s][info][gc       ] [SPS 0.000 0.000 0.000 0.006 0.000 0.001 0.000 0.082 0.013 0.102 NewGC_pause3 23.284264 ]
[23.285s][info][safepoint] Application time: 0.0010478 seconds
[23.286s][info][safepoint] Total time for which application threads were stopped: 0.0000663 seconds, Stopping threads took: 0.0000004 seconds
[23.286s][info][gc       ] [SPS 0.000 0.002 0.002 0.006 0.000 0.001 0.000 0.045 0.013 0.066 NewGC_pause4 23.285378 ]
[23.286s][info][gc       ] [GC New Max 70-63 : 5120 3030 2204 5120 - - 1049 56 2 2 - : 206 1784 30 184 1032 : 202 4 829 829 0 : 0 1 101 0 103 - 0 : 0.162432 3792.4 0.0 0.065704 3165.7 0.0 : 3 --c 0000 : 23 0 0.000 0.000 0 0.000 0.000 0 0.000 0.000 : 23.219938 23.221637 0.000227 23.281904 0.000091 23.284162 0.000086 23.285312 0.000049 : 23.285642 ]
[23.286s][info][gc       ] [SYSINFO 7330 227 63 0 6774 0 30 0 0 5703 : - - - - - - - - : 0 7168 : 4.73 3.24 2.06 : 292739 4277644 : 0 0 : 9 0 : 3877 3 0 261 : - 7408627712 682364928 1197793280 5905219584 238030848 67043328 : 140073237 29871390 734350 0 0 0 : 23.285902 ]
[23.286s][info][gc       ] [HUGEPAGESTAT 0 0 0 - 110774 0 0 : 393216 0 0 : 23.285902 ]
[23.286s][info][gc       ] [OBJCREAT 58731908 25005 3555328 : 23.285944 ]
[23.286s][info][gc       ] [HMSV All : 0 0 20 0 0 0 0 0 : 4924 0 0 0 : 23.285964 ]
[23.286s][info][gc       ] [HMSP 9 : 41100 0 : 23.285964 ]
[23.286s][info][gc       ] [VMAC 65530 166 24 435 625 : 23.286362 ]
[23.471s][info][gc       ] [GPGC-H  3225.7 500.3 8.9 0.0 : 950.5 : 0.000 0.000 : 0.000 0.000 0.728 1.681 : 0.000 0.000 0.000 0.000 1.493 0.694 : 0.000 : 85.549 : 874 1784 30 0 : 2274 : 4608 4424 : 23.470702 : 9 Next_heuristic_check_may_be_too_late ]
[23.473s][info][safepoint] Application time: 0.1872284 seconds
[23.473s][info][safepoint] Total time for which application threads were stopped: 0.0001880 seconds, Stopping threads took: 0.0000005 seconds
[23.474s][info][gc       ] [SPS 0.000 0.003 0.003 0.007 0.000 0.001 0.000 0.158 0.022 0.188 NewGC_pause1 23.472795 ]
[23.537s][info][safepoint] Application time: 0.0641152 seconds
[23.537s][info][safepoint] Total time for which application threads were stopped: 0.0002159 seconds, Stopping threads took: 0.0000004 seconds
[23.538s][info][gc       ] [SPS 0.000 0.001 0.000 0.006 0.000 0.001 0.000 0.186 0.022 0.216 NewGC_pause2 23.537126 ]
[23.539s][info][safepoint] Application time: 0.0013339 seconds
[23.539s][info][safepoint] Total time for which application threads were stopped: 0.0001674 seconds, Stopping threads took: 0.0000005 seconds
[23.539s][info][gc       ] [SPS 0.000 0.000 0.000 0.007 0.000 0.001 0.000 0.136 0.023 0.168 NewGC_pause3 23.538628 ]
[23.539s][info][safepoint] Application time: 0.0008003 seconds
[23.540s][info][safepoint] Total time for which application threads were stopped: 0.0000632 seconds, Stopping threads took: 0.0000005 seconds
[23.540s][info][gc       ] [SPS 0.000 0.003 0.002 0.007 0.000 0.001 0.000 0.041 0.014 0.063 NewGC_pause4 23.539491 ]
[23.540s][info][gc       ] [GC New Max 71-64 : 5120 3106 2230 5120 - - 1049 56 2 2 - : 232 1784 30 184 1108 : 228 4 879 879 0 : 0 1 114 0 116 - 0 : 0.185537 3611.1 0.0 0.068513 3415.4 0.0 : 3 --c 0000 : 23 0 0.000 0.000 0 0.000 0.000 0 0.000 0.000 : 23.471179 23.472607 0.000094 23.536910 0.000154 23.538460 0.000047 23.539428 0.000045 : 23.539692 ]
[23.540s][info][gc       ] [SYSINFO 7330 227 63 0 6774 0 30 0 0 5703 : - - - - - - - - : 0 7168 : 4.73 3.24 2.06 : 292739 4277644 : 0 0 : 9 0 : 3877 4 0 261 : - 7408627712 682364928 1197793280 5905219584 238030848 67043328 : 140073237 29872060 734350 0 0 0 : 23.539924 ]
[23.540s][info][gc       ] [HUGEPAGESTAT 0 0 0 - 110774 0 0 : 393216 0 0 : 23.539924 ]
[23.540s][info][gc       ] [OBJCREAT 59625645 25005 3555328 : 23.539979 ]
[23.540s][info][gc       ] [HMSV All : 0 0 20 0 0 0 0 0 : 4924 0 0 0 : 23.539995 ]
[23.540s][info][gc       ] [HMSP 9 : 41100 0 : 23.539995 ]
[23.540s][info][gc       ] [VMAC 65530 166 24 435 625 : 23.540403 ]
[23.701s][info][gc       ] [GPGC-H  3225.7 500.3 8.9 0.0 : 950.5 : 0.000 0.000 : 0.000 0.000 0.720 1.681 : 0.000 0.000 0.000 0.000 1.477 0.694 : 0.000 : 84.865 : 834 1784 30 0 : 2274 : 4608 4424 : 23.700900 : 9 Next_heuristic_check_may_be_too_late ]
[23.704s][info][safepoint] Application time: 0.1637676 seconds
[23.704s][info][safepoint] Total time for which application threads were stopped: 0.0003212 seconds, Stopping threads took: 0.0000005 seconds
[23.704s][info][gc       ] [SPS 0.000 0.003 0.002 0.006 0.000 0.001 0.000 0.278 0.036 0.321 NewGC_pause1 23.703580 ]
[23.758s][info][safepoint] Application time: 0.0544880 seconds
[23.759s][info][safepoint] Total time for which application threads were stopped: 0.0001448 seconds, Stopping threads took: 0.0000004 seconds
[23.759s][info][gc       ] [SPS 0.000 0.001 0.000 0.006 0.000 0.001 0.000 0.118 0.019 0.145 NewGC_pause2 23.758213 ]
[23.760s][info][safepoint] Application time: 0.0017378 seconds
[23.760s][info][safepoint] Total time for which application threads were stopped: 0.0000816 seconds, Stopping threads took: 0.0000004 seconds
[23.760s][info][gc       ] [SPS 0.000 0.000 0.000 0.006 0.000 0.001 0.000 0.049 0.025 0.082 NewGC_pause3 23.760032 ]
[23.761s][info][safepoint] Application time: 0.0008772 seconds
[23.761s][info][safepoint] Total time for which application threads were stopped: 0.0000649 seconds, Stopping threads took: 0.0000004 seconds
[23.761s][info][gc       ] [SPS 0.000 0.002 0.002 0.012 0.000 0.001 0.000 0.038 0.013 0.065 NewGC_pause4 23.760974 ]
[23.762s][info][gc       ] [GC New Max 72-65 : 5120 3046 2208 5120 - - 1049 56 2 2 - : 210 1784 30 184 1048 : 206 4 841 841 0 : 0 1 103 0 105 - 0 : 0.161817 3745.0 0.0 0.059719 3550.0 0.0 : 3 --c 0000 : 23 0 0.000 0.000 0 0.000 0.000 0 0.000 0.000 : 23.701509 23.703259 0.000242 23.758068 0.000085 23.759951 0.000039 23.760910 0.000048 : 23.761228 ]
[23.762s][info][gc       ] [SYSINFO 7330 227 63 0 6774 0 30 0 0 5703 : - - - - - - - - : 0 7168 : 4.60 3.23 2.06 : 292739 4277644 : 0 0 : 9 0 : 3877 5 0 261 : - 7408627712 682364928 1197793280 5905219584 238030848 67043328 : 140073237 29872660 734350 0 0 0 : 23.761459 ]
[23.762s][info][gc       ] [HUGEPAGESTAT 0 0 0 - 110774 0 0 : 393216 0 0 : 23.761459 ]
[23.762s][info][gc       ] [OBJCREAT 60436280 25005 3555328 : 23.761518 ]
[23.762s][info][gc       ] [HMSV All : 0 0 20 0 0 0 0 0 : 4924 0 0 0 : 23.761532 ]
[23.762s][info][gc       ] [HMSP 9 : 41100 0 : 23.761532 ]
[23.762s][info][gc       ] [VMAC 65530 166 24 435 625 : 23.761919 ]
[23.944s][info][gc       ] [GPGC-H  3225.7 455.9 8.1 0.0 : 866.1 : 0.000 0.000 : 0.000 0.000 0.714 1.681 : 0.000 0.000 0.000 0.000 1.464 0.694 : 0.000 : 84.275 : 862 1784 30 0 : 2274 : 4608 4424 : 23.944117 : 9 Next_heuristic_check_may_be_too_late ]
[23.951s][info][safepoint] Application time: 0.1896573 seconds
[23.951s][info][safepoint] Total time for which application threads were stopped: 0.0003041 seconds, Stopping threads took: 0.0000019 seconds
[23.952s][info][gc       ] [SPS 0.000 0.003 0.003 0.007 0.002 0.001 0.000 0.274 0.020 0.304 NewGC_pause1 23.950936 ]
[24.006s][info][safepoint] Application time: 0.0551472 seconds
[24.007s][info][safepoint] Total time for which application threads were stopped: 0.0001755 seconds, Stopping threads took: 0.0000004 seconds
[24.007s][info][gc       ] [SPS 0.000 0.001 0.000 0.007 0.000 0.001 0.000 0.137 0.030 0.175 NewGC_pause2 24.006259 ]
[24.009s][info][safepoint] Application time: 0.0024437 seconds
[24.009s][info][safepoint] Total time for which application threads were stopped: 0.0001186 seconds, Stopping threads took: 0.0000005 seconds
[24.009s][info][gc       ] [SPS 0.000 0.001 0.000 0.007 0.000 0.001 0.000 0.096 0.014 0.119 NewGC_pause3 24.008822 ]
[24.014s][info][safepoint] Application time: 0.0050520 seconds
[24.014s][info][safepoint] Total time for which application threads were stopped: 0.0000885 seconds, Stopping threads took: 0.0000040 seconds
[24.014s][info][gc       ] [SPS 0.000 0.003 0.008 0.007 0.004 0.001 0.000 0.059 0.018 0.088 NewGC_pause4 24.013962 ]
[24.014s][info][gc       ] [GC New Max 73-66 : 5120 3074 2208 5120 - - 1049 56 2 2 - : 208 1784 30 184 1076 : 190 4 883 883 0 : 0 1 95 0 104 - 0 : 0.183491 3564.2 0.0 0.069515 3251.1 0.0 : 3 --c 0000 : 23 0 0.000 0.000 0 0.000 0.000 0 0.000 0.000 : 23.944719 23.950632 0.000242 24.006084 0.000099 24.008703 0.000101 24.013874 0.000061 : 24.014233 ]
[24.015s][info][gc       ] [SYSINFO 7330 227 63 0 6774 0 30 0 0 5703 : - - - - - - - - : 0 7168 : 4.60 3.23 2.06 : 292739 4277644 : 0 0 : 9 0 : 3877 5 0 261 : - 7408627712 682364928 1197793280 5905219584 238030848 67043328 : 140073237 29873310 734350 0 0 0 : 24.014465 ]
[24.015s][info][gc       ] [HUGEPAGESTAT 0 0 0 - 110774 0 0 : 393216 0 0 : 24.014465 ]
[24.015s][info][gc       ] [OBJCREAT 61308467 25005 3555328 : 24.014510 ]
[24.015s][info][gc       ] [HMSV All : 0 0 20 0 0 0 0 0 : 4924 0 0 0 : 24.014525 ]
[24.015s][info][gc       ] [HMSP 9 : 41100 0 : 24.014525 ]
[24.015s][info][gc       ] [VMAC 65530 166 24 435 625 : 24.015006 ]
[24.195s][info][gc       ] [GPGC-H  3413.7 455.9 8.1 0.0 : 866.1 : 0.000 0.000 : 0.000 0.000 0.706 1.681 : 0.000 0.000 0.000 0.000 1.448 0.694 : 0.000 : 83.615 : 858 1784 30 0 : 2274 : 4608 4424 : 24.194794 : 9 Next_heuristic_check_may_be_too_late ]
[24.198s][info][safepoint] Application time: 0.1835232 seconds
[24.198s][info][safepoint] Total time for which application threads were stopped: 0.0002954 seconds, Stopping threads took: 0.0000004 seconds
[24.198s][info][gc       ] [SPS 0.000 0.003 0.003 0.006 0.000 0.001 0.000 0.267 0.021 0.295 NewGC_pause1 24.197781 ]
[24.260s][info][safepoint] Application time: 0.0621107 seconds
[24.261s][info][safepoint] Total time for which application threads were stopped: 0.0002137 seconds, Stopping threads took: 0.0000005 seconds
[24.261s][info][gc       ] [SPS 0.000 0.001 0.000 0.007 0.001 0.001 0.000 0.168 0.037 0.214 NewGC_pause2 24.260106 ]
[24.263s][info][safepoint] Application time: 0.0025089 seconds
[24.263s][info][safepoint] Total time for which application threads were stopped: 0.0000957 seconds, Stopping threads took: 0.0000005 seconds
[24.263s][info][gc       ] [SPS 0.000 0.001 0.000 0.008 0.000 0.001 0.000 0.064 0.022 0.096 NewGC_pause3 24.262711 ]
[24.264s][info][safepoint] Application time: 0.0008829 seconds
[24.264s][info][safepoint] Total time for which application threads were stopped: 0.0000768 seconds, Stopping threads took: 0.0000005 seconds
[24.264s][info][gc       ] [SPS 0.000 0.003 0.003 0.007 0.000 0.001 0.000 0.053 0.015 0.077 NewGC_pause4 24.263670 ]
[24.264s][info][gc       ] [GC New Max 74-67 : 5120 3082 2222 5120 - - 1049 56 2 2 - : 224 1784 30 184 1084 : 220 4 863 863 0 : 0 1 110 0 112 - 0 : 0.181240 3597.4 0.0 0.068409 3303.7 0.0 : 3 --c 0000 : 23 0 0.000 0.000 0 0.000 0.000 0 0.000 0.000 : 24.195474 24.197486 0.000228 24.259892 0.000120 24.262615 0.000063 24.263593 0.000057 : 24.263882 ]
[24.264s][info][gc       ] [SYSINFO 7330 227 63 0 6774 0 30 0 0 5703 : - - - - - - - - : 0 7168 : 4.60 3.23 2.06 : 292739 4277644 : 0 0 : 9 0 : 3877 3 0 261 : - 7408627712 682364928 1197793280 5905219584 238030848 67043328 : 140073237 29873970 734350 0 0 0 : 24.264142 ]
[24.264s][info][gc       ] [HUGEPAGESTAT 0 0 0 - 110774 0 0 : 393216 0 0 : 24.264142 ]
[24.264s][info][gc       ] [OBJCREAT 62176392 25005 3555328 : 24.264193 ]
[24.264s][info][gc       ] [HMSV All : 0 0 20 0 0 0 0 0 : 4924 0 0 0 : 24.264209 ]
[24.264s][info][gc       ] [HMSP 9 : 41100 0 : 24.264209 ]
[24.265s][info][gc       ] [VMAC 65530 166 24 435 625 : 24.264740 ]
[24.580s][info][gc       ] [GPGC-H  3413.7 455.9 8.1 0.0 : 866.1 : 0.000 0.000 : 0.000 0.000 0.699 1.681 : 0.000 0.000 0.000 0.000 1.433 0.694 : 0.000 : 82.971 : 844 1784 30 0 : 2274 : 4608 4424 : 24.580342 : 9 Next_heuristic_check_may_be_too_late ]
[24.583s][info][safepoint] Application time: 0.3191698 seconds
[24.584s][info][safepoint] Total time for which application threads were stopped: 0.0004172 seconds, Stopping threads took: 0.0000005 seconds
[24.584s][info][gc       ] [SPS 0.000 0.003 0.003 0.006 0.000 0.001 0.000 0.387 0.022 0.417 NewGC_pause1 24.583258 ]
[24.641s][info][safepoint] Application time: 0.0576653 seconds
[24.642s][info][safepoint] Total time for which application threads were stopped: 0.0001437 seconds, Stopping threads took: 0.0000004 seconds
[24.642s][info][gc       ] [SPS 0.000 0.001 0.000 0.006 0.000 0.001 0.000 0.117 0.019 0.144 NewGC_pause2 24.641067 ]
[24.643s][info][safepoint] Application time: 0.0017996 seconds
[24.643s][info][safepoint] Total time for which application threads were stopped: 0.0000543 seconds, Stopping threads took: 0.0000004 seconds
[24.644s][info][gc       ] [SPS 0.000 0.000 0.000 0.006 0.000 0.001 0.000 0.035 0.012 0.054 NewGC_pause3 24.642920 ]
[24.644s][info][safepoint] Application time: 0.0010471 seconds
[24.644s][info][safepoint] Total time for which application threads were stopped: 0.0000659 seconds, Stopping threads took: 0.0000004 seconds
[24.644s][info][gc       ] [SPS 0.000 0.003 0.007 0.006 0.000 0.001 0.000 0.040 0.019 0.066 NewGC_pause4 24.644033 ]
[24.645s][info][gc       ] [GC New Max 75-68 : 5120 3056 2212 5120 - - 1049 56 2 2 - : 214 1784 30 184 1058 : 212 4 847 847 0 : 0 1 106 0 107 - 0 : 0.317165 1961.1 0.0 0.063228 3384.6 0.0 : 3 --c 0000 : 23 0 0.000 0.000 0 0.000 0.000 0 0.000 0.000 : 24.581047 24.582840 0.000304 24.640923 0.000088 24.642866 0.000037 24.643967 0.000043 : 24.644275 ]
[24.645s][info][gc       ] [SYSINFO 7330 227 63 0 6774 0 30 0 0 5703 : - - - - - - - - : 0 7168 : 4.60 3.23 2.06 : 292739 4277644 : 0 0 : 9 0 : 3877 3 0 261 : - 7408627712 682364928 1197793280 5905219584 238030848 67043328 : 140073237 29874880 734350 0 0 0 : 24.644551 ]
[24.645s][info][gc       ] [HUGEPAGESTAT 0 0 0 - 110774 0 0 : 393216 0 0 : 24.644551 ]
[24.645s][info][gc       ] [OBJCREAT 63006406 25005 3555328 : 24.644592 ]
[24.645s][info][gc       ] [HMSV All : 0 0 20 0 0 0 0 0 : 4924 0 0 0 : 24.644611 ]
[24.645s][info][gc       ] [HMSP 9 : 41100 0 : 24.644611 ]
[24.645s][info][gc       ] [VMAC 65530 166 24 435 625 : 24.645058 ]
[24.804s][info][gc       ] [GPGC-H  3413.7 455.9 8.1 0.0 : 866.1 : 0.000 0.000 : 0.000 0.000 0.688 1.681 : 0.000 0.000 0.000 0.000 1.411 0.694 : 0.000 : 81.814 : 816 1784 30 0 : 2274 : 4608 4424 : 24.803901 : 9 Next_heuristic_check_may_be_too_late ]
[24.807s][info][safepoint] Application time: 0.1622149 seconds
[24.807s][info][safepoint] Total time for which application threads were stopped: 0.0003513 seconds, Stopping threads took: 0.0000005 seconds
[24.807s][info][gc       ] [SPS 0.000 0.003 0.002 0.006 0.000 0.001 0.000 0.297 0.047 0.351 NewGC_pause1 24.806600 ]
[24.865s][info][safepoint] Application time: 0.0580626 seconds
[24.866s][info][safepoint] Total time for which application threads were stopped: 0.0002625 seconds, Stopping threads took: 0.0000004 seconds
[24.866s][info][gc       ] [SPS 0.000 0.001 0.000 0.007 0.000 0.001 0.000 0.226 0.027 0.262 NewGC_pause2 24.864925 ]
[24.867s][info][safepoint] Application time: 0.0019024 seconds
[24.867s][info][safepoint] Total time for which application threads were stopped: 0.0000587 seconds, Stopping threads took: 0.0000005 seconds
[24.867s][info][gc       ] [SPS 0.000 0.000 0.000 0.007 0.000 0.001 0.000 0.037 0.014 0.059 NewGC_pause3 24.866886 ]
[24.872s][info][safepoint] Application time: 0.0049871 seconds
[24.872s][info][safepoint] Total time for which application threads were stopped: 0.0000781 seconds, Stopping threads took: 0.0000005 seconds
[24.872s][info][gc       ] [SPS 0.000 0.008 0.002 0.007 0.001 0.001 0.000 0.051 0.019 0.078 NewGC_pause4 24.871952 ]
[24.873s][info][gc       ] [GC New Max 76-69 : 5120 3020 2216 5120 - - 1049 56 2 2 - : 218 1784 30 184 1022 : 202 4 821 821 0 : 0 1 101 0 109 - 0 : 0.160111 3772.4 0.0 0.067848 3242.6 0.0 : 3 --c 0000 : 23 0 0.000 0.000 0 0.000 0.000 0 0.000 0.000 : 24.804386 24.806249 0.000266 24.864663 0.000173 24.866828 0.000041 24.871873 0.000055 : 24.872234 ]
[24.873s][info][gc       ] [SYSINFO 7330 227 63 0 6774 0 30 0 0 5703 : - - - - - - - - : 0 7168 : 4.60 3.23 2.06 : 292739 4277644 : 0 0 : 9 0 : 3877 3 0 261 : - 7408627712 682364928 1197793280 5905219584 238030848 67043328 : 140073237 29875470 734350 0 0 0 : 24.872492 ]
[24.873s][info][gc       ] [HUGEPAGESTAT 0 0 0 - 110774 0 0 : 393216 0 0 : 24.872492 ]
[24.873s][info][gc       ] [OBJCREAT 63822404 25005 3555328 : 24.872541 ]
[24.873s][info][gc       ] [HMSV All : 0 0 20 0 0 0 0 0 : 4924 0 0 0 : 24.872555 ]
[24.873s][info][gc       ] [HMSP 9 : 41100 0 : 24.872555 ]
[24.873s][info][gc       ] [VMAC 65530 166 24 435 625 : 24.873049 ]
[25.054s][info][gc       ] [GPGC-H  3413.7 455.9 8.1 0.0 : 866.1 : 0.000 0.000 : 0.000 0.000 0.681 1.681 : 0.000 0.000 0.000 0.000 1.398 0.694 : 0.000 : 81.269 : 892 1784 30 0 : 2274 : 4608 4424 : 25.053783 : 9 Next_heuristic_check_may_be_too_late ]
[25.057s][info][safepoint] Application time: 0.1842314 seconds
[25.057s][info][safepoint] Total time for which application threads were stopped: 0.0003909 seconds, Stopping threads took: 0.0000004 seconds
[25.057s][info][gc       ] [SPS 0.000 0.003 0.002 0.007 0.000 0.001 0.000 0.364 0.019 0.391 NewGC_pause1 25.056574 ]
[25.113s][info][safepoint] Application time: 0.0560869 seconds
[25.113s][info][safepoint] Total time for which application threads were stopped: 0.0001590 seconds, Stopping threads took: 0.0000004 seconds
[25.114s][info][gc       ] [SPSH lock suspend gclocker notify wait resuspend cleanup op_time wakeup total(ms) op_name end(s) ]
[25.114s][info][gc       ] [SPS 0.000 0.001 0.000 0.007 0.000 0.001 0.000 0.130 0.020 0.159 NewGC_pause2 25.112820 ]
[25.115s][info][safepoint] Application time: 0.0019383 seconds
[25.115s][info][safepoint] Total time for which application threads were stopped: 0.0000689 seconds, Stopping threads took: 0.0000004 seconds
[25.115s][info][gc       ] [SPS 0.000 0.000 0.000 0.006 0.000 0.001 0.000 0.048 0.014 0.069 NewGC_pause3 25.114827 ]
[25.120s][info][safepoint] Application time: 0.0049209 seconds
[25.120s][info][safepoint] Total time for which application threads were stopped: 0.0000727 seconds, Stopping threads took: 0.0000005 seconds
[25.120s][info][gc       ] [SPS 0.000 0.003 0.002 0.006 0.000 0.001 0.000 0.051 0.014 0.073 NewGC_pause4 25.119821 ]
[25.120s][info][gc       ] [GC New Max 77-70 : 5120 3100 2218 5120 - - 1049 56 2 2 - : 220 1784 30 184 1102 : 202 4 898 898 0 : 0 1 101 0 110 - 0 : 0.182112 3712.0 0.0 0.065759 3406.4 0.0 : 3 --c 0000 : 23 0 0.000 0.000 0 0.000 0.000 0 0.000 0.000 : 25.054345 25.056183 0.000283 25.112661 0.000101 25.114758 0.000052 25.119748 0.000055 : 25.120104 ]
[25.120s][info][gc       ] [SYSINFO 7330 227 63 0 6774 0 30 0 0 5703 : - - - - - - - - : 0 7168 : 4.60 3.23 2.06 : 292739 4277644 : 0 0 : 9 0 : 3877 4 0 261 : - 7408627712 682364928 1197793280 5905219584 238030848 67043328 : 140073237 29876130 734360 0 0 0 : 25.120338 ]
[25.120s][info][gc       ] [HUGEPAGESTAT 0 0 0 - 110774 0 0 : 393216 0 0 : 25.120338 ]
[25.120s][info][gc       ] [OBJCREAT 64713420 25005 3555328 : 25.120380 ]
[25.120s][info][gc       ] [HMSV All : 0 0 20 0 0 0 0 0 : 4924 0 0 0 : 25.120401 ]
[25.120s][info][gc       ] [HMSP 9 : 41100 0 : 25.120401 ]
[25.121s][info][gc       ] [VMAC 65530 166 24 435 625 : 25.120887 ]
[25.281s][info][gc       ] [GPGC-H  3413.7 455.9 8.1 0.0 : 866.1 : 0.000 0.000 : 0.000 0.000 0.674 1.681 : 0.000 0.000 0.000 0.000 1.384 0.694 : 0.000 : 80.646 : 834 1784 30 0 : 2274 : 4608 4424 : 25.281090 : 9 Next_heuristic_check_may_be_too_late ]
[25.284s][info][safepoint] Application time: 0.1634559 seconds
[25.284s][info][safepoint] Total time for which application threads were stopped: 0.0003231 seconds, Stopping threads took: 0.0000004 seconds
[25.285s][info][gc       ] [SPS 0.000 0.003 0.003 0.006 0.000 0.001 0.000 0.297 0.019 0.323 NewGC_pause1 25.283600 ]
[25.341s][info][safepoint] Application time: 0.0574716 seconds
[25.342s][info][safepoint] Total time for which application threads were stopped: 0.0001255 seconds, Stopping threads took: 0.0000004 seconds
[25.342s][info][gc       ] [SPS 0.000 0.001 0.000 0.006 0.000 0.001 0.000 0.099 0.019 0.125 NewGC_pause2 25.341198 ]
[25.343s][info][safepoint] Application time: 0.0016114 seconds
[25.343s][info][safepoint] Total time for which application threads were stopped: 0.0001050 seconds, Stopping threads took: 0.0000004 seconds
[25.343s][info][gc       ] [SPS 0.000 0.000 0.000 0.006 0.000 0.001 0.000 0.086 0.012 0.105 NewGC_pause3 25.342914 ]
[25.344s][info][safepoint] Application time: 0.0011861 seconds
[25.344s][info][safepoint] Total time for which application threads were stopped: 0.0001102 seconds, Stopping threads took: 0.0000004 seconds
[25.345s][info][gc       ] [SPS 0.000 0.003 0.002 0.006 0.000 0.001 0.000 0.090 0.013 0.110 NewGC_pause4 25.344210 ]
[25.345s][info][gc       ] [GC New Max 78-71 : 5120 3054 2216 5120 - - 1049 56 2 2 - : 218 1784 30 184 1056 : 214 4 841 841 0 : 0 1 107 0 109 - 0 : 0.161588 3812.2 0.0 0.062836 3533.0 0.0 : 3 --c 0000 : 23 0 0.000 0.000 0 0.000 0.000 0 0.000 0.000 : 25.281692 25.283277 0.000264 25.341072 0.000066 25.342809 0.000090 25.344100 0.000095 : 25.344528 ]
[25.345s][info][gc       ] [SYSINFO 7330 227 63 0 6774 0 30 0 0 5703 : - - - - - - - - : 0 7168 : 4.60 3.23 2.06 : 292739 4277644 : 0 0 : 9 0 : 3877 3 0 261 : - 7408627712 682364928 1197793280 5905219584 238030848 67043328 : 140073237 29876750 734360 0 0 0 : 25.344812 ]
[25.345s][info][gc       ] [HUGEPAGESTAT 0 0 0 - 110774 0 0 : 393216 0 0 : 25.344812 ]
[25.345s][info][gc       ] [OBJCREAT 65543248 25005 3555328 : 25.344855 ]
[25.345s][info][gc       ] [HMSV All : 0 0 20 0 0 0 0 0 : 4924 0 0 0 : 25.344868 ]
[25.345s][info][gc       ] [HMSP 9 : 41100 0 : 25.344868 ]
[25.345s][info][gc       ] [VMAC 65530 166 24 435 625 : 25.345306 ]
[25.406s][info][gc       ] [DEOPTSTATS 1 : 0 0 : 0 0 : 0 0 : 0 0 : 0 11 : 0 0 : 0 0 : 0 0 : 0 0 : 0 0 : 0 0 : 0 0 : 0 0 : 0 0 : 0 0 : 0 0 : 0 0 : 0 0 : 0 0 : 0 0 : 0 0 : 0 0 : 0 0 : 0 0 : 0 0 : 0 0 : 0 0 : 0 0 : 0 0 : 0 0 : 6 0 : 0 0 : 0 0 : 0 0 : 0 0 : 0 0 : 0 0 : 0 0 : 0 0 : 0 0 : 0 0 : 0 0 ]
[25.406s][info][gc       ] [DEOPTSTATS 2 : 0 0 : 0 0 : 0 0 : 0 0 : 0 0 : 0 0 : 0 14 : 0 0 : 0 0 : 0 0 : 0 0 : 0 0 : 0 0 : 0 0 : 0 0 : 0 0 : 0 0 : 0 0 : 0 0 : 0 0 : 0 0 : 0 0 : 0 0 : 0 0 : 0 0 : 0 0 : 0 0 : 0 0 : 0 0 : 0 0 : 3 0 : 0 0 : 0 0 : 0 0 : 0 1 : 0 0 : 0 0 : 0 0 : 0 0 : 0 3 : 0 0 : 0 0 ]
[25.527s][info][gc       ] [GPGC-H  3413.7 455.9 8.1 0.0 : 866.1 : 0.000 0.000 : 0.000 0.000 0.668 1.681 : 0.000 0.000 0.000 0.000 1.371 0.694 : 0.000 : 80.102 : 834 1784 30 0 : 2274 : 4608 4424 : 25.527124 : 9 Next_heuristic_check_may_be_too_late ]
[25.530s][info][safepoint] Application time: 0.1853346 seconds
[25.530s][info][safepoint] Total time for which application threads were stopped: 0.0003008 seconds, Stopping threads took: 0.0000005 seconds
[25.530s][info][gc       ] [SPS 0.000 0.003 0.004 0.007 0.000 0.001 0.000 0.271 0.021 0.301 NewGC_pause1 25.529846 ]
[25.595s][info][safepoint] Application time: 0.0651103 seconds
[25.596s][info][safepoint] Total time for which application threads were stopped: 0.0001501 seconds, Stopping threads took: 0.0000004 seconds
[25.596s][info][gc       ] [SPS 0.000 0.001 0.000 0.006 0.000 0.001 0.000 0.125 0.018 0.150 NewGC_pause2 25.595107 ]
[25.597s][info][safepoint] Application time: 0.0018736 seconds
[25.597s][info][safepoint] Total time for which application threads were stopped: 0.0000550 seconds, Stopping threads took: 0.0000004 seconds
[25.598s][info][gc       ] [SPS 0.000 0.000 0.000 0.006 0.000 0.001 0.000 0.035 0.012 0.055 NewGC_pause3 25.597035 ]
[25.598s][info][safepoint] Application time: 0.0011920 seconds
[25.599s][info][safepoint] Total time for which application threads were stopped: 0.0000628 seconds, Stopping threads took: 0.0000004 seconds
[25.599s][info][gc       ] [SPS 0.000 0.002 0.002 0.006 0.000 0.001 0.000 0.040 0.016 0.063 NewGC_pause4 25.598290 ]
[25.599s][info][gc       ] [GC New Max 79-72 : 5120 3084 2250 5120 - - 1049 56 2 2 - : 250 1784 30 184 1086 : 248 2 839 839 0 : 0 1 124 0 125 - 0 : 0.183161 3374.1 0.0 0.070863 3556.2 0.0 : 3 --c 0000 : 23 0 0.000 0.000 0 0.000 0.000 0 0.000 0.000 : 25.527689 25.529545 0.000238 25.594957 0.000085 25.596980 0.000039 25.598227 0.000043 : 25.598552 ]
[25.599s][info][gc       ] [SYSINFO 7330 227 63 0 6774 0 30 0 0 5703 : - - - - - - - - : 0 7168 : 4.60 3.23 2.06 : 292739 4277644 : 0 0 : 9 0 : 3877 4 0 261 : - 7408762880 682364928 1197928448 5905219584 238030848 67043328 : 140073237 29877480 734360 0 0 0 : 25.598793 ]
[25.599s][info][gc       ] [HUGEPAGESTAT 0 0 0 - 110774 0 0 : 393216 0 0 : 25.598793 ]
[25.599s][info][gc       ] [OBJCREAT 66405392 25005 3555328 : 25.598852 ]
[25.599s][info][gc       ] [HMSV All : 0 0 20 0 0 0 0 0 : 4924 0 0 0 : 25.598867 ]
[25.599s][info][gc       ] [HMSP 9 : 41100 0 : 25.598867 ]
[25.599s][info][gc       ] [VMAC 65530 166 24 435 625 : 25.599367 ]
[25.760s][info][gc       ] [GPGC-H  3413.7 455.9 8.1 0.0 : 866.1 : 0.000 0.000 : 0.000 0.000 0.661 1.681 : 0.000 0.000 0.000 0.000 1.357 0.694 : 0.000 : 79.493 : 864 1784 30 0 : 2274 : 4608 4424 : 25.759996 : 9 Next_heuristic_check_may_be_too_late ]
[25.762s][info][safepoint] Application time: 0.1636008 seconds
[25.762s][info][safepoint] Total time for which application threads were stopped: 0.0001882 seconds, Stopping threads took: 0.0000004 seconds
[25.763s][info][gc       ] [SPS 0.000 0.003 0.007 0.007 0.000 0.001 0.000 0.150 0.031 0.189 NewGC_pause1 25.762080 ]
[25.820s][info][safepoint] Application time: 0.0577937 seconds
[25.820s][info][safepoint] Total time for which application threads were stopped: 0.0000579 seconds, Stopping threads took: 0.0000004 seconds
[25.820s][info][gc       ] [SPS 0.000 0.001 0.000 0.006 0.000 0.001 0.000 0.039 0.012 0.058 NewGC_pause2 25.819931 ]
[25.825s][info][safepoint] Application time: 0.0048083 seconds
[25.825s][info][safepoint] Total time for which application threads were stopped: 0.0000570 seconds, Stopping threads took: 0.0000004 seconds
[25.825s][info][gc       ] [SPS 0.000 0.001 0.000 0.006 0.000 0.001 0.000 0.038 0.021 0.066 NewGC_pause3 25.824805 ]
[25.826s][info][safepoint] Application time: 0.0011906 seconds
[25.826s][info][safepoint] Total time for which application threads were stopped: 0.0001318 seconds, Stopping threads took: 0.0000004 seconds
[25.826s][info][gc       ] [SPS 0.000 0.003 0.002 0.006 0.000 0.001 0.000 0.104 0.021 0.132 NewGC_pause4 25.826119 ]
[25.827s][info][gc       ] [GC New Max 80-73 : 5120 3082 2216 5120 - - 1049 56 2 2 - : 218 1784 30 184 1084 : 214 4 868 868 0 : 0 1 107 0 109 - 0 : 0.161775 3795.4 0.0 0.066086 3359.3 0.0 : 3 --c 0000 : 23 0 0.000 0.000 0 0.000 0.000 0 0.000 0.000 : 25.760327 25.761891 0.000142 25.819873 0.000042 25.824740 0.000041 25.825987 0.000063 : 25.826413 ]
[25.827s][info][gc       ] [SYSINFO 7330 227 63 0 6774 0 30 0 0 5703 : - - - - - - - - : 0 7168 : 4.60 3.23 2.06 : 292739 4277644 : 0 0 : 9 0 : 3877 3 0 261 : - 7408762880 682364928 1197928448 5905219584 238030848 67043328 : 140073237 29878100 734360 0 0 0 : 25.826672 ]
[25.827s][info][gc       ] [HUGEPAGESTAT 0 0 0 - 110774 0 0 : 393216 0 0 : 25.826672 ]
[25.827s][info][gc       ] [OBJCREAT 67232170 25005 3555328 : 25.826712 ]
[25.827s][info][gc       ] [HMSV All : 0 0 20 0 0 0 0 0 : 4924 0 0 0 : 25.826728 ]
[25.827s][info][gc       ] [HMSP 9 : 41100 0 : 25.826728 ]
[25.827s][info][gc       ] [VMAC 65530 166 24 435 625 : 25.827106 ]
[26.007s][info][gc       ] [GPGC-H  3413.7 415.3 7.4 0.0 : 788.9 : 0.000 0.000 : 0.000 0.000 0.655 1.681 : 0.000 0.000 0.000 0.000 1.344 0.694 : 0.000 : 78.964 : 876 1784 30 0 : 2274 : 4608 4424 : 26.006925 : 9 Next_heuristic_check_may_be_too_late ]
[26.009s][info][safepoint] Application time: 0.1828109 seconds
[26.010s][info][safepoint] Total time for which application threads were stopped: 0.0002176 seconds, Stopping threads took: 0.0000004 seconds
[26.010s][info][gc       ] [SPS 0.000 0.023 0.003 0.006 0.000 0.001 0.000 0.197 0.013 0.217 NewGC_pause1 26.009148 ]
[26.068s][info][safepoint] Application time: 0.0585604 seconds
[26.068s][info][safepoint] Total time for which application threads were stopped: 0.0001027 seconds, Stopping threads took: 0.0000004 seconds
[26.068s][info][gc       ] [SPS 0.000 0.001 0.000 0.006 0.000 0.001 0.000 0.078 0.016 0.103 NewGC_pause2 26.067811 ]
[26.069s][info][safepoint] Application time: 0.0010696 seconds
[26.069s][info][safepoint] Total time for which application threads were stopped: 0.0000587 seconds, Stopping threads took: 0.0000004 seconds
[26.069s][info][gc       ] [SPS 0.000 0.000 0.000 0.006 0.000 0.001 0.000 0.034 0.018 0.059 NewGC_pause3 26.068939 ]
[26.074s][info][safepoint] Application time: 0.0049278 seconds
[26.074s][info][safepoint] Total time for which application threads were stopped: 0.0000752 seconds, Stopping threads took: 0.0000004 seconds
[26.074s][info][gc       ] [SPS 0.000 0.003 0.002 0.006 0.000 0.001 0.000 0.047 0.021 0.075 NewGC_pause4 26.073942 ]
[26.074s][info][gc       ] [GC New Max 81-74 : 5120 3096 2234 5120 - - 1049 56 2 2 - : 234 1784 30 184 1098 : 216 4 881 881 0 : 0 1 108 0 118 - 0 : 0.180876 3648.9 0.0 0.066893 3528.0 0.0 : 3 --c 0000 : 23 0 0.000 0.000 0 0.000 0.000 0 0.000 0.000 : 26.007288 26.008930 0.000195 26.067708 0.000069 26.068880 0.000037 26.073867 0.000050 : 26.074182 ]
[26.074s][info][gc       ] [SYSINFO 7330 227 63 0 6774 0 30 0 0 5703 : - - - - - - - - : 0 7168 : 4.60 3.23 2.06 : 292739 4277644 : 0 0 : 9 0 : 3877 4 0 261 : - 7408762880 682364928 1197928448 5905219584 238030848 67043328 : 140073237 29878750 734370 0 0 0 : 26.074457 ]
[26.074s][info][gc       ] [HUGEPAGESTAT 0 0 0 - 110774 0 0 : 393216 0 0 : 26.074457 ]
[26.074s][info][gc       ] [OBJCREAT 68120038 25005 3555328 : 26.074499 ]
[26.075s][info][gc       ] [HMSV All : 0 0 20 0 0 0 0 0 : 4924 0 0 0 : 26.074513 ]
[26.075s][info][gc       ] [HMSP 9 : 41100 0 : 26.074513 ]
[26.075s][info][gc       ] [VMAC 65530 166 24 435 625 : 26.074950 ]
[26.257s][info][gc       ] [GPGC-H  3396.9 415.3 7.4 0.0 : 788.9 : 0.000 0.000 : 0.000 0.000 0.648 1.681 : 0.000 0.000 0.000 0.000 1.331 0.694 : 0.000 : 78.373 : 896 1784 30 0 : 2274 : 4608 4424 : 26.256635 : 9 Next_heuristic_check_may_be_too_late ]
[26.259s][info][safepoint] Application time: 0.1851525 seconds
[26.260s][info][safepoint] Total time for which application threads were stopped: 0.0002601 seconds, Stopping threads took: 0.0000004 seconds
[26.260s][info][gc       ] [SPS 0.000 0.022 0.003 0.006 0.000 0.001 0.000 0.233 0.019 0.260 NewGC_pause1 26.259355 ]
[26.318s][info][safepoint] Application time: 0.0588529 seconds
[26.319s][info][safepoint] Total time for which application threads were stopped: 0.0000662 seconds, Stopping threads took: 0.0000004 seconds
[26.319s][info][gc       ] [SPS 0.000 0.001 0.000 0.007 0.000 0.001 0.000 0.044 0.014 0.066 NewGC_pause2 26.318274 ]
[26.319s][info][safepoint] Application time: 0.0010375 seconds
[26.320s][info][safepoint] Total time for which application threads were stopped: 0.0000570 seconds, Stopping threads took: 0.0000004 seconds
[26.320s][info][gc       ] [SPS 0.000 0.000 0.000 0.006 0.000 0.001 0.000 0.036 0.014 0.057 NewGC_pause3 26.319369 ]
[26.320s][info][safepoint] Application time: 0.0007842 seconds
[26.320s][info][safepoint] Total time for which application threads were stopped: 0.0000645 seconds, Stopping threads took: 0.0000005 seconds
[26.320s][info][gc       ] [SPS 0.000 0.003 0.002 0.006 0.000 0.001 0.000 0.042 0.015 0.064 NewGC_pause4 26.320218 ]
[26.321s][info][gc       ] [GC New Max 82-75 : 5120 3084 2186 5120 - - 1049 56 2 2 - : 188 1784 30 184 1086 : 184 4 901 901 0 : 0 1 92 0 94 - 0 : 0.182961 3618.3 0.0 0.063277 3034.3 0.0 : 3 --c 0000 : 23 0 0.000 0.000 0 0.000 0.000 0 0.000 0.000 : 26.257142 26.259095 0.000220 26.318208 0.000045 26.319312 0.000038 26.320154 0.000045 : 26.320419 ]
[26.321s][info][gc       ] [SYSINFO 7330 227 63 0 6774 0 30 0 0 5703 : - - - - - - - - : 0 7168 : 4.60 3.23 2.06 : 292739 4277692 : 0 0 : 9 0 : 3877 3 0 261 : - 7408762880 682364928 1197928448 5905219584 238030848 67043328 : 140073237 29879400 734370 0 0 0 : 26.320654 ]
[26.321s][info][gc       ] [HUGEPAGESTAT 0 0 0 - 110774 0 0 : 393216 0 0 : 26.320654 ]
[26.321s][info][gc       ] [OBJCREAT 68963643 25005 3555328 : 26.320697 ]
[26.321s][info][gc       ] [HMSV All : 0 0 20 0 0 0 0 0 : 4924 0 0 0 : 26.320713 ]
[26.321s][info][gc       ] [HMSP 9 : 41100 0 : 26.320713 ]
[26.321s][info][gc       ] [VMAC 65530 166 24 435 625 : 26.321132 ]
[26.504s][info][gc       ] [GPGC-H  3396.9 415.3 7.4 0.0 : 788.9 : 0.000 0.000 : 0.000 0.000 0.641 1.681 : 0.000 0.000 0.000 0.000 1.317 0.694 : 0.000 : 77.777 : 862 1784 30 0 : 2274 : 4608 4424 : 26.503599 : 9 Next_heuristic_check_may_be_too_late ]
[26.506s][info][safepoint] Application time: 0.1855436 seconds
[26.506s][info][safepoint] Total time for which application threads were stopped: 0.0001699 seconds, Stopping threads took: 0.0000004 seconds
[26.506s][info][gc       ] [SPS 0.000 0.004 0.007 0.007 0.000 0.001 0.000 0.134 0.045 0.188 NewGC_pause1 26.505950 ]
[26.579s][info][safepoint] Application time: 0.0730234 seconds
[26.579s][info][safepoint] Total time for which application threads were stopped: 0.0000680 seconds, Stopping threads took: 0.0000004 seconds
[26.579s][info][gc       ] [SPS 0.000 0.001 0.000 0.007 0.000 0.001 0.001 0.044 0.014 0.068 NewGC_pause2 26.579023 ]
[26.580s][info][safepoint] Application time: 0.0009359 seconds
[26.580s][info][safepoint] Total time for which application threads were stopped: 0.0000586 seconds, Stopping threads took: 0.0000004 seconds
[26.580s][info][gc       ] [SPS 0.000 0.001 0.000 0.007 0.000 0.001 0.000 0.037 0.014 0.058 NewGC_pause3 26.580017 ]
[26.581s][info][safepoint] Application time: 0.0009415 seconds
[26.581s][info][safepoint] Total time for which application threads were stopped: 0.0000649 seconds, Stopping threads took: 0.0000014 seconds
[26.581s][info][gc       ] [SPS 0.000 0.003 0.002 0.006 0.001 0.001 0.000 0.042 0.015 0.065 NewGC_pause4 26.581024 ]
[26.582s][info][gc       ] [GC New Max 83-76 : 5120 3320 2462 5120 - - 1049 56 2 2 - : 462 1784 30 184 1322 : 454 12 866 866 0 : 0 1 227 0 196 - 35 : 0.183589 3682.1 0.0 0.077261 6005.6 0.0 : 3 --c 0000 : 23 0 0.000 0.000 0 0.000 0.000 0 0.000 0.000 : 26.504008 26.505762 0.000134 26.578955 0.000048 26.579959 0.000041 26.580959 0.000046 : 26.581269 ]
[26.582s][info][gc       ] [SYSINFO 7330 227 63 0 6774 0 30 0 0 5703 : - - - - - - - - : 0 7168 : 4.60 3.23 2.06 : 292739 4277692 : 0 0 : 9 0 : 3877 5 0 261 : - 7408762880 682364928 1197928448 5905219584 238030848 67043328 : 140073237 29880100 734370 0 0 0 : 26.581509 ]
[26.582s][info][gc       ] [HUGEPAGESTAT 0 0 0 - 110774 0 0 : 393216 0 0 : 26.581509 ]
[26.582s][info][gc       ] [OBJCREAT 70090393 25005 3555328 : 26.581553 ]
[26.582s][info][gc       ] [HMSV All : 0 0 26 0 0 0 0 0 : 4924 0 0 0 : 26.581570 ]
[26.582s][info][gc       ] [HMSP 9 : 41100 0 : 26.581570 ]
[26.582s][info][gc       ] [VMAC 65530 166 24 435 625 : 26.581980 ]
[26.695s][info][gc       ] [GPGC-H  3396.9 415.3 7.4 0.0 : 788.9 : 0.000 0.000 : 0.000 0.000 0.635 1.681 : 0.000 0.000 0.000 0.000 1.304 0.694 : 0.000 : 77.200 : 1064 1784 30 0 : 2274 : 4608 4424 : 26.694654 : 9 Next_heuristic_check_may_be_too_late ]
[26.698s][info][safepoint] Application time: 0.1162933 seconds
[26.698s][info][safepoint] Total time for which application threads were stopped: 0.0002003 seconds, Stopping threads took: 0.0000005 seconds
[26.698s][info][gc       ] [SPS 0.000 0.005 0.003 0.008 0.000 0.001 0.000 0.174 0.016 0.200 NewGC_pause1 26.697518 ]
[27.076s][info][safepoint] Application time: 0.3783965 seconds
[27.077s][info][safepoint] Total time for which application threads were stopped: 0.0001401 seconds, Stopping threads took: 0.0000003 seconds
[27.077s][info][gc       ] [SPS 0.000 0.001 0.000 0.005 0.000 0.001 0.000 0.116 0.017 0.140 NewGC_pause2 27.076054 ]
[27.078s][info][safepoint] Application time: 0.0017209 seconds
[27.078s][info][safepoint] Total time for which application threads were stopped: 0.0000658 seconds, Stopping threads took: 0.0000003 seconds
[27.079s][info][gc       ] [SPS 0.000 0.000 0.000 0.005 0.000 0.001 0.000 0.044 0.016 0.066 NewGC_pause3 27.077841 ]
[27.083s][info][safepoint] Application time: 0.0048928 seconds
[27.083s][info][safepoint] Total time for which application threads were stopped: 0.0000674 seconds, Stopping threads took: 0.0000004 seconds
[27.083s][info][gc       ] [SPS 0.000 0.003 0.002 0.005 0.000 0.001 0.000 0.044 0.017 0.067 NewGC_pause4 27.082801 ]
[27.084s][info][gc       ] [GC New Max 84-77 : 5120 4228 4098 5120 - - 1051 56 2 2 - : 2100 1784 30 184 2230 : 2072 8 155 155 0 : 0 1 577 0 933 - 117 : 0.113799 5307.6 0.0 0.388410 3053.5 0.0 : 3 --c 0000 : 23 0 0.000 0.000 0 0.000 0.000 0 0.000 0.000 : 26.695068 26.697318 0.000178 27.075914 0.000083 27.077775 0.000041 27.082734 0.000046 : 27.083478 ]
[27.084s][info][gc       ] [SYSINFO 7333 227 63 0 6776 0 30 0 0 5703 : - - - - - - - - : 0 7168 : 4.60 3.23 2.06 : 292739 4277692 : 0 0 : 9 0 : 3877 2 0 261 : - 7410249728 682364928 1199415296 5905219584 238030848 67043328 : 140073237 29882070 734410 0 0 0 : 27.083698 ]
[27.084s][info][gc       ] [HUGEPAGESTAT 0 0 0 - 110774 0 0 : 393216 0 0 : 27.083698 ]
[27.084s][info][gc       ] [OBJCREAT 71866103 25005 3555328 : 27.083737 ]
[27.084s][info][gc       ] [HMSV All : 0 0 30 0 0 0 0 0 : 4924 0 0 0 : 27.083750 ]
[27.084s][info][gc       ] [HMSP 9 : 41100 0 : 27.083750 ]
[27.084s][info][gc       ] [VMAC 65530 166 24 435 625 : 27.084200 ]
[27.126s][info][gc       ] [GPGC-H  3396.9 415.3 7.4 0.0 : 788.9 : 0.000 0.000 : 0.000 0.000 0.629 1.681 : 0.000 0.000 0.000 0.000 1.281 0.694 : 0.000 : 77.340 : 2264 1784 30 0 : 2274 : 4608 4424 : 27.125726 : 9 Next_heuristic_check_may_be_too_late ]
[27.129s][info][safepoint] Application time: 0.0459108 seconds
[27.130s][info][safepoint] Total time for which application threads were stopped: 0.0003405 seconds, Stopping threads took: 0.0000004 seconds
[27.130s][info][gc       ] [SPS 0.000 0.003 0.003 0.007 0.000 0.001 0.000 0.311 0.021 0.341 NewGC_pause1 27.129053 ]
[27.731s][info][safepoint] Application time: 0.6021665 seconds
[27.732s][info][safepoint] Total time for which application threads were stopped: 0.0001732 seconds, Stopping threads took: 0.0000003 seconds
[27.733s][info][gc       ] [SPS 0.000 0.001 0.000 0.005 0.000 0.001 0.000 0.161 0.006 0.174 NewGC_pause2 27.731393 ]
[27.734s][info][safepoint] Application time: 0.0027787 seconds
[27.735s][info][safepoint] Total time for which application threads were stopped: 0.0000541 seconds, Stopping threads took: 0.0000004 seconds
[27.735s][info][gc       ] [SPS 0.000 0.001 0.000 0.005 0.000 0.001 0.000 0.044 0.004 0.054 NewGC_pause3 27.734226 ]
[27.750s][info][safepoint] Application time: 0.0156804 seconds
[27.751s][info][safepoint] Total time for which application threads were stopped: 0.0001469 seconds, Stopping threads took: 0.0000004 seconds
[27.751s][info][gc       ] [SPS 0.000 0.003 0.003 0.005 0.000 0.001 0.000 0.122 0.018 0.147 NewGC_pause4 27.750053 ]
[27.858s][info][gc       ] [GC New Max 85-78 : 5120 4936 4714 5120 - - 1051 56 2 2 - : 2716 1784 30 184 2938 : 2426 6 506 506 93 : 0 308 332 0 1303 - 55 : 0.042712 3886.5 0.0 0.731598 1175.5 0.0 : 3 --c 0000 : 23 9778 0.000 0.003 0 0.000 0.000 9778 0.000 0.003 : 27.126190 27.128712 0.000273 27.731220 0.000111 27.734171 0.000047 27.749906 0.000092 : 27.857788 ]
[27.858s][info][gc       ] [SYSINFO 7333 227 63 0 6776 0 30 0 0 5703 : - - - - - - - - : 0 7168 : 4.60 3.23 2.06 : 292739 4277692 : 0 0 : 9 0 : 3877 2 0 261 : - 7410249728 682364928 1199415296 5905219584 238030848 67043328 : 140073237 29884480 734410 0 0 0 : 27.858036 ]
[27.858s][info][gc       ] [HUGEPAGESTAT 0 0 0 - 110774 0 0 : 393216 0 0 : 27.858036 ]
[27.858s][info][gc       ] [OBJCREAT 72900848 25005 3555328 : 27.858084 ]
[27.858s][info][gc       ] [HMSV All : 0 0 30 0 0 0 0 0 : 4934 0 0 0 : 27.858099 ]
[27.858s][info][gc       ] [HMSP 9 : 41100 0 : 27.858099 ]
[27.859s][info][gc       ] [GPGC-H  3677.3 415.3 7.4 0.0 : 788.9 : 0.000 0.000 : 0.000 0.000 0.731 1.681 : 0.000 0.000 0.000 0.000 1.281 0.694 : 0.000 : 94.484 : 2722 1784 30 0 : 2274 : 4608 4424 : 27.859088 : 3 Heap_use_exceeded_committed ]
[27.859s][info][gc       ] [VMAC 65530 166 24 435 625 : 27.858560 ]
[27.866s][info][safepoint] Application time: 0.1153876 seconds
[27.866s][info][safepoint] Total time for which application threads were stopped: 0.0004606 seconds, Stopping threads took: 0.0000004 seconds
[27.867s][info][gc       ] [SPS 0.000 0.001 0.004 0.005 0.000 0.001 0.000 0.434 0.020 0.461 NewGC_pause1 27.865902 ]
[28.508s][info][safepoint] Application time: 0.6422582 seconds
[28.509s][info][safepoint] Total time for which application threads were stopped: 0.0001326 seconds, Stopping threads took: 0.0000003 seconds
[28.509s][info][gc       ] [SPS 0.000 0.001 0.000 0.005 0.000 0.001 0.000 0.122 0.005 0.133 NewGC_pause2 28.508292 ]
[28.510s][info][safepoint] Application time: 0.0016855 seconds
[28.510s][info][safepoint] Total time for which application threads were stopped: 0.0000425 seconds, Stopping threads took: 0.0000004 seconds
[28.511s][info][gc       ] [SPS 0.000 0.000 0.000 0.006 0.000 0.001 0.000 0.032 0.003 0.042 NewGC_pause3 28.510020 ]
[28.513s][info][safepoint] Application time: 0.0024814 seconds
[28.514s][info][safepoint] Total time for which application threads were stopped: 0.0009658 seconds, Stopping threads took: 0.0000003 seconds
[28.514s][info][gc       ] [SPS 0.000 0.000 0.000 0.006 0.000 0.001 0.000 0.939 0.020 0.966 OldGC_pause2 28.513468 ]
[28.519s][info][safepoint] Application time: 0.0057143 seconds
[28.520s][info][safepoint] Total time for which application threads were stopped: 0.0000940 seconds, Stopping threads took: 0.0000004 seconds
[28.520s][info][gc       ] [SPS 0.000 0.002 0.002 0.024 0.000 0.001 0.000 0.054 0.014 0.093 NewGC_pause4 28.519277 ]
[28.524s][info][safepoint] Application time: 0.0041804 seconds
[28.524s][info][safepoint] Total time for which application threads were stopped: 0.0000808 seconds, Stopping threads took: 0.0000009 seconds
[28.524s][info][gc       ] [SPS 0.000 0.002 0.000 0.007 0.001 0.001 0.001 0.054 0.017 0.081 OldGC_pause3 28.523538 ]
[28.540s][info][gc       ] [GC NTO Max 86-79 : 5120 4962 4182 5120 - - 1051 56 2 2 - : 2184 1784 30 184 2964 : 2001 7 956 956 0 : 0 55 118 0 1037 - 55 : 0.001749 4574.1 0.0 0.680359 493.9 0.0 : 3 --c 0000 : 23 7425 0.000 0.003 0 0.000 0.000 7425 0.000 0.003 : 27.859537 27.865441 0.000396 28.508160 0.000084 28.509978 0.000035 28.519183 0.000074 : 28.539896 ]
[28.540s][info][gc       ] [SYSINFO 7333 227 63 0 6776 0 30 0 0 5703 : - - - - - - - - : 0 7168 : 4.60 3.23 2.06 : 292739 4277692 : 0 0 : 9 0 : 3877 3 0 261 : - 7410249728 682364928 1199415296 5905219584 238030848 67043328 : 140073237 29886490 734520 0 0 0 : 28.540145 ]
[28.540s][info][gc       ] [HUGEPAGESTAT 0 0 0 - 110774 0 0 : 393216 0 0 : 28.540145 ]
[28.540s][info][gc       ] [OBJCREAT 73247222 25094 3555328 : 28.540193 ]
[28.540s][info][gc       ] [HMSV All : 0 0 30 0 0 0 0 0 : 4960 0 0 0 : 28.540215 ]
[28.540s][info][gc       ] [HMSP 9 : 41100 0 : 28.540215 ]
[28.543s][info][gc       ] [GPGC-H  3590.1 367.8 6.5 0.0 : 698.8 : 0.000 0.000 : 0.000 0.000 0.730 1.681 : 0.000 0.000 0.000 0.000 1.281 0.694 : 0.000 : 99.744 : 2196 1784 30 0 : 2274 : 4608 4424 : 28.543431 : 8 May_exceed_heap_occupancy_target ]
[28.541s][info][gc       ] [VMAC 65530 166 24 435 625 : 28.540719 ]
[28.546s][info][safepoint] Application time: 0.0221058 seconds
[28.546s][info][safepoint] Total time for which application threads were stopped: 0.0001640 seconds, Stopping threads took: 0.0000004 seconds
[28.546s][info][gc       ] [SPS 0.000 0.002 0.002 0.015 0.000 0.001 0.000 0.127 0.020 0.164 OldGC_pause4 28.545808 ]
[28.547s][info][gc       ] [GC Old Max 87-8 : 5120 4962 2422 5120 - - 1051 56 2 2 - : 2204 8 26 184 1816 : 26 6 1778 1778 0 : 0 3 0 0 17 - 0 : 9.001985 0.0 0.2 0.684815 0.0 0.0 : 1 --c 0000 : 23   -    -    -    -    -    -    -    -    -  : 27.861520 27.865441 0.000396 28.512502 0.000881 28.523457 0.000059 28.545645 0.000104 : 28.546335 ]
[28.547s][info][gc       ] [SYSINFO 7333 227 63 0 6776 0 30 0 0 5703 : - - - - - - - - : 0 7168 : 4.60 3.23 2.06 : 292739 4277692 : 0 0 : 9 0 : 3877 4 0 261 : - 7410249728 682364928 1199415296 5905219584 238030848 67043328 : 140073237 29886500 734520 0 0 0 : 28.546534 ]
[28.547s][info][gc       ] [HUGEPAGESTAT 0 0 0 - 110774 0 0 : 393216 0 0 : 28.546534 ]
[28.547s][info][gc       ] [OBJCREAT 73267045 25094 3555328 : 28.546588 ]
[28.547s][info][gc       ] [HMSV All : 0 0 30 0 0 0 0 0 : 4960 0 0 0 : 28.546603 ]
[28.547s][info][gc       ] [HMSP 9 : 41100 0 : 28.546603 ]
[28.547s][info][gc       ] [COMPSTATS 1 : 5 0 : 1 0 : 0 0 : 515 4 0 0 0 0 : 0 0 0 0 0 0 : 140 141 12 : 519 0 0 0 0 0 0 : 519 0 0 0 0 0 0 ]
[28.547s][info][gc       ] [COMPSTATS 2 : 5 0 : 3 0 : 0 0 : 125 11 0 0 0 0 : 0 0 0 0 0 0 : 52565 52600 7788 : 70 42 24 0 0 0 0 : 35 81 14 5 1 0 0 ]
[28.547s][info][gc       ] [DEOPTSTATS 1 : 0 0 : 0 0 : 0 0 : 0 0 : 0 11 : 0 0 : 0 0 : 0 0 : 0 0 : 0 0 : 0 0 : 0 0 : 0 0 : 0 0 : 0 0 : 0 0 : 0 0 : 0 0 : 0 0 : 0 0 : 0 0 : 0 0 : 0 0 : 0 0 : 0 0 : 0 0 : 0 0 : 0 0 : 0 0 : 0 0 : 6 0 : 0 0 : 0 0 : 0 0 : 0 0 : 0 0 : 0 0 : 0 0 : 0 0 : 0 0 : 0 0 : 0 0 ]
[28.547s][info][gc       ] [DEOPTSTATS 2 : 0 0 : 0 0 : 0 0 : 0 0 : 0 0 : 0 0 : 0 14 : 0 0 : 0 0 : 0 0 : 0 0 : 0 0 : 0 0 : 0 0 : 0 0 : 0 0 : 0 0 : 0 0 : 0 0 : 0 0 : 0 0 : 0 0 : 0 0 : 0 0 : 0 0 : 0 0 : 0 0 : 0 0 : 0 0 : 0 0 : 4 0 : 0 0 : 0 0 : 0 0 : 0 1 : 0 0 : 0 0 : 0 0 : 0 0 : 0 3 : 0 0 : 0 0 ]
[28.547s][info][gc       ] [CCF 0 0 0 0 33 230912: 3060736 : 380 196608 : 3 49152 : 317 311808 :  508 623104 : 114 416256 : 0 0 : 15 1228800 : 1 2048]
[28.547s][info][gc       ] [VMAC 65530 166 24 435 625 : 28.547114 ]
[28.551s][info][safepoint] Application time: 0.0051819 seconds
[28.551s][info][safepoint] Total time for which application threads were stopped: 0.0001189 seconds, Stopping threads took: 0.0000004 seconds
[28.551s][info][gc       ] [SPS 0.000 0.001 0.002 0.006 0.000 0.001 0.000 0.095 0.016 0.119 NewGC_pause1 28.551109 ]
[29.055s][info][safepoint] Application time: 0.5032696 seconds
[29.055s][info][safepoint] Total time for which application threads were stopped: 0.0001889 seconds, Stopping threads took: 0.0000005 seconds
[29.056s][info][gc       ] [SPS 0.000 0.001 0.000 0.007 0.000 0.001 0.000 0.155 0.025 0.189 NewGC_pause2 29.054568 ]
[29.057s][info][safepoint] Application time: 0.0028304 seconds
[29.058s][info][safepoint] Total time for which application threads were stopped: 0.0000946 seconds, Stopping threads took: 0.0000005 seconds
[29.058s][info][gc       ] [SPS 0.000 0.001 0.000 0.007 0.000 0.001 0.000 0.055 0.031 0.095 NewGC_pause3 29.057493 ]
[29.072s][info][safepoint] Application time: 0.0143716 seconds
[29.086s][info][safepoint] Total time for which application threads were stopped: 0.0001627 seconds, Stopping threads took: 0.0000005 seconds
[29.086s][info][gc       ] [SPS 0.000 0.003 0.003 0.006 0.000 0.001 0.000 0.132 0.023 0.163 NewGC_pause4 29.072027 ]
[29.202s][info][gc       ] [GC New Max 88-80 : 5120 4226 4190 5120 - - 1051 56 2 2 - : 3788 192 26 184 4008 : 3555 6 447 447 0 : 92 169 895 0 1839 - 55 : 0.008928 3136.3 0.0 0.652473 3304.4 0.0 : 3 --c 0000 : 23 0 0.000 0.000 0 0.000 0.000 0 0.000 0.000 : 28.548823 28.550990 0.000096 29.054379 0.000120 29.057398 0.000050 29.071864 0.000049 : 29.201296 ]
[29.202s][info][gc       ] [SYSINFO 7333 227 63 0 6776 0 30 0 0 5703 : - - - - - - - - : 0 7168 : 4.47 3.23 2.07 : 292739 4277692 : 0 0 : 9 0 : 3877 2 0 261 : - 7410249728 682364928 1199415296 5905219584 238030848 67043328 : 140073237 29889060 734620 0 0 0 : 29.201558 ]
[29.202s][info][gc       ] [HUGEPAGESTAT 0 0 0 - 110774 0 0 : 393216 0 0 : 29.201558 ]
[29.202s][info][gc       ] [OBJCREAT 75413846 25094 3680256 : 29.201607 ]
[29.202s][info][gc       ] [HMSV All : 0 0 30 0 0 0 0 0 : 4960 0 0 0 : 29.201626 ]
[29.202s][info][gc       ] [HMSP 9 : 41100 0 : 29.201626 ]
[29.203s][info][gc       ] [GPGC-H  3590.1 367.8 6.5 0.0 : 698.8 : 0.000 0.000 : 0.000 0.000 0.727 1.322 : 0.000 0.000 0.000 0.000 1.430 0.694 : 0.000 : 99.733 : 3794 192 26 0 : 2274 : 4608 4424 : 29.203021 : 8 May_exceed_heap_occupancy_target ]
[29.202s][info][gc       ] [VMAC 65530 166 24 435 625 : 29.202219 ]
[29.209s][info][safepoint] Application time: 0.1363924 seconds
[29.210s][info][safepoint] Total time for which application threads were stopped: 0.0003443 seconds, Stopping threads took: 0.0000004 seconds
[29.211s][info][gc       ] [SPS 0.000 0.001 0.003 0.006 0.000 0.001 0.000 0.313 0.024 0.344 NewGC_pause1 29.208764 ]
[29.799s][info][safepoint] Application time: 0.5905124 seconds
[29.800s][info][safepoint] Total time for which application threads were stopped: 0.0001245 seconds, Stopping threads took: 0.0000003 seconds
[29.800s][info][gc       ] [SPS 0.000 0.001 0.000 0.005 0.000 0.001 0.000 0.113 0.005 0.125 NewGC_pause2 29.799401 ]
[29.801s][info][safepoint] Application time: 0.0019056 seconds
[29.802s][info][safepoint] Total time for which application threads were stopped: 0.0000538 seconds, Stopping threads took: 0.0000004 seconds
[29.802s][info][gc       ] [SPS 0.000 0.000 0.000 0.006 0.000 0.001 0.000 0.035 0.012 0.054 NewGC_pause3 29.801360 ]
[29.818s][info][safepoint] Application time: 0.0164416 seconds
[29.818s][info][safepoint] Total time for which application threads were stopped: 0.0001468 seconds, Stopping threads took: 0.0000004 seconds
[29.819s][info][gc       ] [SPS 0.000 0.010 0.003 0.006 0.000 0.001 0.000 0.118 0.021 0.147 NewGC_pause4 29.817949 ]
[30.203s][info][gc       ] [GC NTO Max 89-81 : 5120 4884 4116 5120 - - 1051 56 2 2 - : 2936 970 26 184 4482 : 2268 5 2210 2210 26 : 389 0 336 0 1468 - 0 : 0.002332 3430.6 0.0 0.998812 2098.5 0.0 : 3 --c 0000 : 23 5661 0.000 0.003 0 0.000 0.000 5661 0.000 0.003 : 29.203628 29.208420 0.000292 29.799277 0.000081 29.801307 0.000037 29.817806 0.000061 : 30.202440 ]
[30.203s][info][gc       ] [SYSINFO 7333 227 63 0 6776 0 30 0 0 5703 : - - - - - - - - : 0 7168 : 4.47 3.23 2.07 : 292739 4277692 : 0 0 : 9 0 : 3877 3 0 261 : - 7410249728 682364928 1199415296 5905219584 238030848 67043328 : 140073237 29892460 734710 0 0 0 : 30.202699 ]
[30.203s][info][gc       ] [HUGEPAGESTAT 0 0 0 - 110774 0 0 : 393216 0 0 : 30.202699 ]
[30.203s][info][gc       ] [OBJCREAT 77505945 25094 4456448 : 30.202747 ]
[30.203s][info][gc       ] [HMSV All : 0 0 30 0 0 0 0 0 : 4960 0 0 0 : 30.202766 ]
[30.203s][info][gc       ] [HMSP 9 : 41100 0 : 30.202766 ]
[30.204s][info][gc       ] [GPGC-H  3522.4 367.8 6.5 0.0 : 698.8 : 0.000 0.000 : 0.000 0.000 0.751 1.322 : 0.000 0.000 0.000 0.000 1.911 0.694 : 0.000 : 99.767 : 2938 970 26 0 : 2274 : 4608 4424 : 30.203655 : 8 May_exceed_heap_occupancy_target ]
[30.204s][info][safepoint] Application time: 0.3850452 seconds
[30.203s][info][gc       ] [VMAC 65530 166 24 435 625 : 30.203293 ]
[30.205s][info][safepoint] Total time for which application threads were stopped: 0.0011352 seconds, Stopping threads took: 0.0000005 seconds
[30.205s][info][gc       ] [SPS 0.000 0.001 0.000 0.008 0.000 0.001 0.000 1.094 0.031 1.135 OldGC_pause2 30.204130 ]
[30.211s][info][safepoint] Application time: 0.0069507 seconds
[30.211s][info][safepoint] Total time for which application threads were stopped: 0.0000631 seconds, Stopping threads took: 0.0000004 seconds
[30.212s][info][gc       ] [SPS 0.000 0.000 0.000 0.006 0.000 0.001 0.000 0.041 0.014 0.063 OldGC_pause3 30.211143 ]
[30.217s][info][safepoint] Application time: 0.0054639 seconds
[30.217s][info][safepoint] Total time for which application threads were stopped: 0.0001573 seconds, Stopping threads took: 0.0000004 seconds
[30.217s][info][gc       ] [SPS 0.000 3.263 0.003 0.006 0.000 0.001 0.000 0.138 0.012 0.157 NewGC_pause1 30.216765 ]
[30.400s][info][gc       ] [DEOPTSTATS 1 : 0 0 : 0 0 : 0 0 : 0 0 : 0 11 : 0 0 : 0 0 : 0 0 : 0 0 : 0 0 : 0 0 : 0 0 : 0 0 : 0 0 : 0 0 : 0 0 : 0 0 : 0 0 : 0 0 : 0 0 : 0 0 : 0 0 : 0 0 : 0 0 : 0 0 : 0 0 : 0 0 : 0 0 : 0 0 : 0 0 : 6 0 : 0 0 : 0 0 : 0 0 : 0 0 : 0 0 : 0 0 : 0 0 : 0 0 : 0 0 : 0 0 : 0 0 ]
[30.400s][info][gc       ] [DEOPTSTATS 2 : 0 0 : 0 0 : 0 0 : 0 0 : 0 0 : 0 0 : 0 14 : 0 0 : 0 0 : 0 0 : 0 0 : 0 0 : 0 0 : 0 0 : 0 0 : 0 0 : 0 0 : 0 0 : 0 0 : 0 0 : 0 0 : 0 0 : 0 0 : 0 0 : 0 0 : 0 0 : 0 0 : 0 0 : 0 0 : 0 0 : 4 0 : 0 0 : 0 0 : 0 0 : 0 1 : 0 0 : 0 0 : 0 0 : 0 0 : 0 3 : 0 0 : 0 0 ]
[30.625s][info][safepoint] Application time: 0.4084573 seconds
[30.626s][info][safepoint] Total time for which application threads were stopped: 0.0002178 seconds, Stopping threads took: 0.0000005 seconds
[30.626s][info][gc       ] [SPS 0.000 0.001 0.000 0.006 0.000 0.001 0.000 0.175 0.035 0.218 NewGC_pause2 30.625440 ]
[30.628s][info][safepoint] Application time: 0.0023996 seconds
[30.628s][info][safepoint] Total time for which application threads were stopped: 0.0001494 seconds, Stopping threads took: 0.0000004 seconds
[30.629s][info][gc       ] [SPS 0.000 0.000 0.000 0.005 0.000 0.001 0.000 0.134 0.010 0.150 NewGC_pause3 30.627989 ]
[30.644s][info][safepoint] Application time: 0.0157828 seconds
[30.644s][info][safepoint] Total time for which application threads were stopped: 0.0001572 seconds, Stopping threads took: 0.0000004 seconds
[30.644s][info][gc       ] [SPS 0.000 0.003 0.002 0.006 0.000 0.001 0.000 0.129 0.021 0.157 NewGC_pause4 30.643929 ]
[30.887s][info][gc       ] [GC New Max 91-82 : 5120 4842 3654 5120 - - 1051 56 2 2 - : 1818 1624 28 184 3660 : 1505 5 2152 2152 1 : 327 0 339 0 909 - 0 : 0.007724 3107.3 0.0 0.676102 2455.3 3.0 : 3 --c 0000 : 23 4733 0.000 0.003 0 0.000 0.000 4733 0.000 0.003 : 30.210164 30.216607 0.000141 30.625222 0.000126 30.627840 0.000056 30.643772 0.000045 : 30.886266 ]
[30.887s][info][gc       ] [SYSINFO 7333 227 63 0 6776 0 30 0 0 5703 : - - - - - - - - : 0 7168 : 4.47 3.23 2.07 : 292739 4277692 : 0 0 : 9 0 : 3877 2 0 261 : - 7410384896 682364928 1199550464 5905219584 238030848 67043328 : 140073237 29894860 734740 0 0 0 : 30.886556 ]
[30.887s][info][gc       ] [HUGEPAGESTAT 0 0 0 - 110774 0 0 : 393216 0 0 : 30.886556 ]
[30.887s][info][gc       ] [OBJCREAT 79184313 25094 5126144 : 30.886613 ]
[30.887s][info][gc       ] [HMSV All : 0 0 30 0 0 0 0 0 : 4960 0 0 0 : 30.886633 ]
[30.887s][info][gc       ] [HMSP 9 : 41100 0 : 30.886633 ]
[30.887s][info][gc       ] [GPGC-H  3641.9 654.4 5.9 0.0 : 627.1 : 0.000 0.000 : 0.000 0.000 0.744 1.322 : 0.000 0.000 0.000 0.000 1.911 0.694 : 0.000 : 99.766 : 1822 1624 28 0 : 2274 : 4608 4424 : 30.887387 : 8 May_exceed_heap_occupancy_target ]
[30.887s][info][gc       ] [VMAC 65530 166 24 435 625 : 30.887157 ]
[30.891s][info][safepoint] Application time: 0.2468556 seconds
[30.891s][info][safepoint] Total time for which application threads were stopped: 0.0001000 seconds, Stopping threads took: 0.0000005 seconds
[30.891s][info][gc       ] [SPS 0.000 0.003 0.006 0.007 0.000 0.001 0.000 0.072 0.019 0.100 OldGC_pause4 30.890885 ]
[30.899s][info][safepoint] Application time: 0.0074404 seconds
[30.899s][info][safepoint] Total time for which application threads were stopped: 0.0002925 seconds, Stopping threads took: 0.0000005 seconds
[30.899s][info][gc       ] [SPS 0.000 1.191 0.004 0.007 0.000 0.001 0.000 0.255 0.029 0.292 NewGC_pause1 30.898618 ]
[30.899s][info][gc       ] [GC Old Max 90-9 : 5120 4884 3686 5120 - - 1051 56 2 2 - : 1858 1614 30 184 1658 : 1637 18 3 3 0 : 0 6 717 2 767 - 55 : 0.659118 185.1 0.0 1.693295 833.9 1.2 : 1 --c 0000 : 23   -    -    -    -    -    -    -    -    -  : 29.205453 29.208420 0.000292 30.202995 0.001053 30.211080 0.000044 30.890785 0.000074 : 30.898747 ]
[30.899s][info][gc       ] [SYSINFO 7333 227 63 0 6776 0 30 0 0 5703 : - - - - - - - - : 0 7168 : 4.47 3.23 2.07 : 292739 4277692 : 0 0 : 9 0 : 3877 7 0 261 : - 7410384896 682364928 1199550464 5905219584 238030848 67043328 : 140073237 29894880 734750 0 0 0 : 30.899004 ]
[30.899s][info][gc       ] [HUGEPAGESTAT 0 0 0 - 110774 0 0 : 393216 0 0 : 30.899004 ]
[30.899s][info][gc       ] [OBJCREAT 79222367 25094 5126144 : 30.899056 ]
[30.899s][info][gc       ] [HMSV All : 0 0 30 0 0 0 0 0 : 4960 0 0 0 : 30.899076 ]
[30.899s][info][gc       ] [HMSP 9 : 41100 0 : 30.899076 ]
[30.899s][info][gc       ] [COMPSTATS 1 : 5 0 : 1 0 : 0 0 : 516 4 0 0 0 0 : 0 0 0 0 0 0 : 142 143 12 : 520 0 0 0 0 0 0 : 520 0 0 0 0 0 0 ]
[30.899s][info][gc       ] [COMPSTATS 2 : 5 0 : 1 0 : 0 0 : 126 11 0 0 0 0 : 0 0 0 0 0 0 : 52581 52617 7788 : 71 42 24 0 0 0 0 : 35 82 14 5 1 0 0 ]
[30.899s][info][gc       ] [DEOPTSTATS 1 : 0 0 : 0 0 : 0 0 : 0 0 : 0 11 : 0 0 : 0 0 : 0 0 : 0 0 : 0 0 : 0 0 : 0 0 : 0 0 : 0 0 : 0 0 : 0 0 : 0 0 : 0 0 : 0 0 : 0 0 : 0 0 : 0 0 : 0 0 : 0 0 : 0 0 : 0 0 : 0 0 : 0 0 : 0 0 : 0 0 : 6 0 : 0 0 : 0 0 : 0 0 : 0 0 : 0 0 : 0 0 : 0 0 : 0 0 : 0 0 : 0 0 : 0 0 ]
[30.899s][info][gc       ] [DEOPTSTATS 2 : 0 0 : 0 0 : 0 0 : 0 0 : 0 0 : 0 0 : 0 14 : 0 0 : 0 0 : 0 0 : 0 0 : 0 0 : 0 0 : 0 0 : 0 0 : 0 0 : 0 0 : 0 0 : 0 0 : 0 0 : 0 0 : 0 0 : 0 0 : 0 0 : 0 0 : 0 0 : 0 0 : 0 0 : 0 0 : 0 0 : 4 0 : 0 0 : 0 0 : 0 0 : 0 1 : 0 0 : 0 0 : 0 0 : 0 0 : 0 3 : 0 0 : 0 0 ]
[30.900s][info][gc       ] [VMAC 65530 166 24 435 625 : 30.899524 ]
[30.900s][info][gc       ] [CCF 0 0 0 0 33 230912: 3069440 : 380 196608 : 3 49152 : 317 311808 :  509 630784 : 115 417280 : 0 0 : 15 1228800 : 1 2048]
[31.148s][info][safepoint] Application time: 0.2494174 seconds
[31.149s][info][safepoint] Total time for which application threads were stopped: 0.0001506 seconds, Stopping threads took: 0.0000005 seconds
[31.149s][info][gc       ] [SPS 0.000 0.001 0.000 0.007 0.000 0.001 0.000 0.118 0.024 0.151 NewGC_pause2 31.148186 ]
[31.150s][info][safepoint] Application time: 0.0021256 seconds
[31.151s][info][safepoint] Total time for which application threads were stopped: 0.0000821 seconds, Stopping threads took: 0.0000061 seconds
[31.151s][info][gc       ] [SPS 0.000 0.001 0.000 0.011 0.006 0.001 0.000 0.048 0.021 0.087 NewGC_pause3 31.150399 ]
[31.166s][info][safepoint] Application time: 0.0154065 seconds
[31.167s][info][safepoint] Total time for which application threads were stopped: 0.0001790 seconds, Stopping threads took: 0.0000004 seconds
[31.167s][info][gc       ] [SPS 0.000 0.004 0.009 0.007 0.000 0.001 0.000 0.144 0.027 0.179 NewGC_pause4 31.165980 ]
[31.287s][info][gc       ] [GC New Max 92-83 : 5120 4538 3298 5120 - - 1051 56 2 2 - : 1290 1794 30 184 2710 : 1030 4 1679 1679 0 : 90 0 427 0 645 - 0 : 0.008401 3333.0 0.0 0.391991 3316.4 0.0 : 3 --c 0000 : 23 261 0.000 0.000 0 0.000 0.000 261 0.000 0.000 : 30.894667 30.898326 0.000218 31.148036 0.000058 31.150312 0.000060 31.165801 0.000062 : 31.286658 ]
[31.287s][info][gc       ] [SYSINFO 7333 227 63 0 6776 0 30 0 0 5703 : - - - - - - - - : 0 7168 : 4.47 3.23 2.07 : 292739 4277724 : 0 0 : 14 0 : 3877 2 0 261 : - 7410384896 682364928 1199550464 5905219584 238030848 67043328 : 140073237 29896340 734820 0 0 0 : 31.286923 ]
[31.287s][info][gc       ] [HUGEPAGESTAT 0 0 0 - 110774 0 0 : 393216 0 0 : 31.286923 ]
[31.287s][info][gc       ] [OBJCREAT 80499181 25094 5267456 : 31.286976 ]
[31.287s][info][gc       ] [HMSV All : 0 0 30 0 0 0 0 0 : 4960 0 0 0 : 31.286995 ]
[31.287s][info][gc       ] [HMSP 9 : 41100 0 : 31.286995 ]
[31.288s][info][gc       ] [GPGC-H  3667.5 654.4 5.9 0.0 : 627.1 : 0.000 0.000 : 0.000 0.000 0.736 1.693 : 0.000 0.000 0.000 0.000 1.910 0.694 : 0.000 : 99.764 : 1294 1794 30 0 : 2274 : 4608 4424 : 31.288123 : 8 May_exceed_heap_occupancy_target ]
[31.288s][info][gc       ] [VMAC 65530 166 24 435 625 : 31.287548 ]
[31.294s][info][safepoint] Application time: 0.1274124 seconds
[31.294s][info][safepoint] Total time for which application threads were stopped: 0.0003197 seconds, Stopping threads took: 0.0000004 seconds
[31.294s][info][gc       ] [SPS 0.000 0.001 0.003 0.006 0.000 0.001 0.000 0.291 0.020 0.319 NewGC_pause1 31.293712 ]
[31.442s][info][safepoint] Application time: 0.1477669 seconds
[31.443s][info][safepoint] Total time for which application threads were stopped: 0.0001919 seconds, Stopping threads took: 0.0000004 seconds
[31.443s][info][gc       ] [SPS 0.000 0.002 0.000 0.006 0.000 0.001 0.000 0.159 0.025 0.192 NewGC_pause2 31.441671 ]
[31.444s][info][safepoint] Application time: 0.0022307 seconds
[31.444s][info][safepoint] Total time for which application threads were stopped: 0.0000770 seconds, Stopping threads took: 0.0000005 seconds
[31.444s][info][gc       ] [SPS 0.000 0.000 0.000 0.007 0.000 0.001 0.000 0.054 0.014 0.077 NewGC_pause3 31.443979 ]
[31.445s][info][safepoint] Application time: 0.0010368 seconds
[31.445s][info][safepoint] Total time for which application threads were stopped: 0.0000757 seconds, Stopping threads took: 0.0000005 seconds
[31.445s][info][gc       ] [SPS 0.000 0.024 0.002 0.006 0.000 0.001 0.000 0.047 0.020 0.076 NewGC_pause4 31.445092 ]
[31.446s][info][gc       ] [GC NTO Max 93-84 : 5120 3842 2534 5120 - - 1051 56 2 2 - : 526 1794 30 184 1834 : 524 2 1310 1310 0 : 0 0 262 0 263 - 0 : 0.002133 2813.4 0.0 0.156513 3450.2 0.0 : 3 --c 0000 : 23 0 0.000 0.000 0 0.000 0.000 0 0.000 0.000 : 31.288790 31.293393 0.000230 31.441479 0.000099 31.443902 0.000052 31.445016 0.000051 : 31.445303 ]
[31.446s][info][gc       ] [SYSINFO 7333 227 63 0 6776 0 30 0 0 5703 : - - - - - - - - : 0 7168 : 4.47 3.23 2.07 : 292739 4277724 : 0 0 : 14 0 : 3877 3 0 261 : - 7410384896 682364928 1199550464 5905219584 238030848 67043328 : 140073237 29897050 734830 0 0 0 : 31.445616 ]
[31.446s][info][gc       ] [HUGEPAGESTAT 0 0 0 - 110774 0 0 : 393216 0 0 : 31.445616 ]
[31.446s][info][gc       ] [OBJCREAT 81040445 25160 5267456 : 31.445660 ]
[31.446s][info][gc       ] [HMSV All : 0 0 30 0 0 0 0 0 : 4960 0 0 0 : 31.445673 ]
[31.446s][info][gc       ] [HMSP 9 : 41100 0 : 31.445673 ]
[31.446s][info][gc       ] [VMAC 65530 166 24 435 625 : 31.446167 ]
[31.607s][info][gc       ] [GPGC-H  3667.5 654.4 5.9 0.0 : 627.1 : 0.000 0.000 : 0.000 0.000 0.731 1.693 : 0.000 0.000 0.000 0.000 1.907 0.694 : 0.000 : 99.756 : 1086 1794 30 0 : 2274 : 4608 4424 : 31.607126 : 8 May_exceed_heap_occupancy_target ]
[31.610s][info][safepoint] Application time: 0.1647982 seconds
[31.611s][info][safepoint] Total time for which application threads were stopped: 0.0004224 seconds, Stopping threads took: 0.0000004 seconds
[31.611s][info][gc       ] [SPS 0.000 0.007 0.005 0.007 0.000 0.001 0.000 0.385 0.029 0.422 NewGC_pause1 31.610313 ]
[31.674s][info][safepoint] Application time: 0.0638879 seconds
[31.675s][info][safepoint] Total time for which application threads were stopped: 0.0001521 seconds, Stopping threads took: 0.0000005 seconds
[31.675s][info][gc       ] [SPS 0.000 0.001 0.000 0.008 0.000 0.001 0.000 0.118 0.025 0.152 NewGC_pause2 31.674353 ]
[31.676s][info][safepoint] Application time: 0.0017395 seconds
[31.677s][info][safepoint] Total time for which application threads were stopped: 0.0000696 seconds, Stopping threads took: 0.0000005 seconds
[31.677s][info][gc       ] [SPS 0.000 0.000 0.000 0.007 0.000 0.001 0.000 0.045 0.016 0.069 NewGC_pause3 31.676162 ]
[31.677s][info][safepoint] Application time: 0.0010287 seconds
[31.677s][info][safepoint] Total time for which application threads were stopped: 0.0000871 seconds, Stopping threads took: 0.0000005 seconds
[31.678s][info][gc       ] [SPS 0.000 0.026 0.002 0.007 0.000 0.013 0.000 0.050 0.016 0.087 NewGC_pause4 31.677278 ]
[31.678s][info][gc       ] [GC New Max 95-85 : 5120 3320 2228 5120 - - 1051 56 2 2 - : 220 1794 30 184 1312 : 216 4 1094 1094 0 : 0 1 108 0 110 - 0 : 0.162550 3457.4 0.0 0.069645 3245.0 0.0 : 3 --c 0000 : 23 0 0.000 0.000 0 0.000 0.000 0 0.000 0.000 : 31.607853 31.609890 0.000299 31.674201 0.000059 31.676092 0.000048 31.677191 0.000066 : 31.677498 ]
[31.678s][info][gc       ] [SYSINFO 7333 227 63 0 6776 0 30 0 0 5703 : - - - - - - - - : 0 7168 : 4.47 3.23 2.07 : 292739 4277724 : 0 0 : 14 0 : 3877 5 0 261 : - 7410384896 682364928 1199550464 5905219584 238030848 67043328 : 140073237 29897680 734880 0 0 0 : 31.677744 ]
[31.678s][info][gc       ] [HUGEPAGESTAT 0 0 0 - 110774 0 0 : 393216 0 0 : 31.677744 ]
[31.678s][info][gc       ] [OBJCREAT 81821530 25160 5267456 : 31.677815 ]
[31.678s][info][gc       ] [HMSV All : 0 0 30 0 0 0 0 0 : 4960 0 0 0 : 31.677832 ]
[31.678s][info][gc       ] [HMSP 9 : 41100 0 : 31.677832 ]
[31.678s][info][gc       ] [VMAC 65530 166 24 435 625 : 31.678328 ]
[31.861s][info][gc       ] [GPGC-H  3667.5 654.4 5.9 0.0 : 627.1 : 0.000 0.000 : 0.000 0.000 0.724 1.693 : 0.000 0.000 0.000 0.000 1.900 0.694 : 0.000 : 99.012 : 852 1794 30 0 : 2274 : 4608 4424 : 31.860961 : 8 May_exceed_heap_occupancy_target ]
[31.863s][info][safepoint] Application time: 0.1858264 seconds
[31.864s][info][safepoint] Total time for which application threads were stopped: 0.0003214 seconds, Stopping threads took: 0.0000004 seconds
[31.864s][info][gc       ] [SPS 0.000 0.013 0.004 0.007 0.000 0.001 0.000 0.292 0.022 0.322 NewGC_pause1 31.863426 ]
[31.931s][info][safepoint] Application time: 0.0674059 seconds
[31.931s][info][safepoint] Total time for which application threads were stopped: 0.0001718 seconds, Stopping threads took: 0.0000005 seconds
[31.932s][info][gc       ] [SPS 0.000 0.001 0.000 0.008 0.001 0.001 0.000 0.137 0.025 0.171 NewGC_pause2 31.931004 ]
[31.933s][info][safepoint] Application time: 0.0018027 seconds
[31.933s][info][safepoint] Total time for which application threads were stopped: 0.0001457 seconds, Stopping threads took: 0.0000005 seconds
[31.934s][info][gc       ] [SPS 0.000 0.001 0.000 0.008 0.000 0.005 0.000 0.118 0.014 0.146 NewGC_pause3 31.932952 ]
[31.934s][info][safepoint] Application time: 0.0010143 seconds
[31.934s][info][safepoint] Total time for which application threads were stopped: 0.0000711 seconds, Stopping threads took: 0.0000005 seconds
[31.934s][info][gc       ] [SPS 0.000 0.063 0.003 0.007 0.000 0.001 0.000 0.047 0.016 0.071 NewGC_pause4 31.934038 ]
[31.935s][info][gc       ] [GC New Max 96-86 : 5120 3108 2254 5120 - - 1051 56 2 2 - : 246 1794 30 184 1100 : 242 4 856 856 0 : 0 1 121 0 123 - 0 : 0.183822 3438.1 0.0 0.072922 3428.3 0.0 : 3 --c 0000 : 23 0 0.000 0.000 0 0.000 0.000 0 0.000 0.000 : 31.861320 31.863104 0.000254 31.930833 0.000098 31.932806 0.000128 31.933966 0.000051 : 31.934242 ]
[31.935s][info][gc       ] [SYSINFO 7333 227 63 0 6776 0 30 0 0 5703 : - - - - - - - - : 0 7168 : 4.47 3.23 2.07 : 292739 4277724 : 0 0 : 14 0 : 3877 4 0 261 : - 7410384896 682364928 1199550464 5905219584 238030848 67043328 : 140073237 29898360 734980 0 0 0 : 31.934483 ]
[31.935s][info][gc       ] [HUGEPAGESTAT 0 0 0 - 110774 0 0 : 393216 0 0 : 31.934483 ]
[31.935s][info][gc       ] [OBJCREAT 82692554 25160 5267456 : 31.934533 ]
[31.935s][info][gc       ] [HMSV All : 0 0 30 0 0 0 0 0 : 4960 0 0 0 : 31.934551 ]
[31.935s][info][gc       ] [HMSP 9 : 41100 0 : 31.934551 ]
[31.935s][info][gc       ] [VMAC 65530 166 24 435 625 : 31.934992 ]
[32.093s][info][gc       ] [GPGC-H  3667.5 654.4 5.9 0.0 : 627.1 : 0.000 0.000 : 0.000 0.000 0.716 1.693 : 0.000 0.000 0.000 0.000 1.886 0.694 : 0.000 : 98.179 : 840 1794 30 0 : 2274 : 4608 4424 : 32.093350 : 8 May_exceed_heap_occupancy_target ]
[32.096s][info][safepoint] Application time: 0.1621197 seconds
[32.097s][info][safepoint] Total time for which application threads were stopped: 0.0002636 seconds, Stopping threads took: 0.0000005 seconds
[32.097s][info][gc       ] [SPS 0.000 0.009 0.003 0.006 0.000 0.001 0.000 0.234 0.022 0.264 NewGC_pause1 32.096421 ]
[32.166s][info][safepoint] Application time: 0.0697288 seconds
[32.167s][info][safepoint] Total time for which application threads were stopped: 0.0001326 seconds, Stopping threads took: 0.0000004 seconds
[32.167s][info][gc       ] [SPS 0.000 0.001 0.000 0.007 0.000 0.001 0.000 0.102 0.023 0.133 NewGC_pause2 32.166283 ]
[32.168s][info][safepoint] Application time: 0.0017445 seconds
[32.168s][info][safepoint] Total time for which application threads were stopped: 0.0000750 seconds, Stopping threads took: 0.0000004 seconds
[32.169s][info][gc       ] [SPS 0.000 0.000 0.000 0.007 0.000 0.001 0.000 0.051 0.016 0.075 NewGC_pause3 32.168103 ]
[32.169s][info][safepoint] Application time: 0.0009501 seconds
[32.169s][info][safepoint] Total time for which application threads were stopped: 0.0000722 seconds, Stopping threads took: 0.0000005 seconds
[32.169s][info][gc       ] [SPS 0.000 0.026 0.002 0.008 0.000 0.001 0.000 0.049 0.014 0.072 NewGC_pause4 32.169125 ]
[32.170s][info][gc       ] [GC New Max 97-87 : 5120 3130 2286 5120 - - 1051 56 2 2 - : 278 1794 30 184 1120 : 274 4 847 847 0 : 0 1 137 0 139 - 0 : 0.159802 3729.6 0.0 0.075289 3745.6 0.0 : 3 --c 0000 : 23 0 0.000 0.000 0 0.000 0.000 0 0.000 0.000 : 32.094044 32.096158 0.000194 32.166150 0.000056 32.168027 0.000053 32.169052 0.000054 : 32.169332 ]
[32.170s][info][gc       ] [SYSINFO 7333 227 63 0 6776 0 30 0 0 5703 : - - - - - - - - : 0 7168 : 4.47 3.23 2.07 : 292739 4277724 : 0 0 : 14 0 : 3877 3 0 261 : - 7410384896 682364928 1199550464 5905219584 238030848 67043328 : 140073237 29899000 735090 0 0 0 : 32.169573 ]
[32.170s][info][gc       ] [HUGEPAGESTAT 0 0 0 - 110774 0 0 : 393216 0 0 : 32.169573 ]
[32.170s][info][gc       ] [OBJCREAT 83562575 25160 5267456 : 32.169619 ]
[32.170s][info][gc       ] [HMSV All : 0 0 30 0 0 0 0 0 : 4960 0 0 0 : 32.169635 ]
[32.170s][info][gc       ] [HMSP 9 : 41100 0 : 32.169635 ]
[32.170s][info][gc       ] [VMAC 65530 166 24 435 625 : 32.170118 ]
[32.331s][info][gc       ] [GPGC-H  3667.5 654.4 5.9 0.0 : 627.1 : 0.000 0.000 : 0.000 0.000 0.709 1.693 : 0.000 0.000 0.000 0.000 1.870 0.694 : 0.000 : 97.464 : 914 1794 30 0 : 2274 : 4608 4424 : 32.331473 : 8 May_exceed_heap_occupancy_target ]
[32.335s][info][safepoint] Application time: 0.1651821 seconds
[32.335s][info][safepoint] Total time for which application threads were stopped: 0.0002923 seconds, Stopping threads took: 0.0000004 seconds
[32.336s][info][gc       ] [SPS 0.000 0.100 0.003 0.006 0.000 0.001 0.000 0.265 0.020 0.292 NewGC_pause1 32.334600 ]
[32.407s][info][safepoint] Application time: 0.0721266 seconds
[32.407s][info][safepoint] Total time for which application threads were stopped: 0.0001452 seconds, Stopping threads took: 0.0000004 seconds
[32.408s][info][gc       ] [SPS 0.000 0.001 0.000 0.006 0.000 0.001 0.000 0.118 0.020 0.145 NewGC_pause2 32.406871 ]
[32.409s][info][safepoint] Application time: 0.0020303 seconds
[32.409s][info][safepoint] Total time for which application threads were stopped: 0.0001728 seconds, Stopping threads took: 0.0000004 seconds
[32.410s][info][gc       ] [SPS 0.000 0.001 0.000 0.006 0.000 0.001 0.000 0.146 0.019 0.173 NewGC_pause3 32.409075 ]
[32.410s][info][safepoint] Application time: 0.0009203 seconds
[32.410s][info][safepoint] Total time for which application threads were stopped: 0.0000723 seconds, Stopping threads took: 0.0000004 seconds
[32.410s][info][gc       ] [SPS 0.000 0.023 0.002 0.006 0.000 0.001 0.000 0.046 0.019 0.072 NewGC_pause4 32.410067 ]
[32.410s][info][gc       ] [GC New Max 98-88 : 5120 3250 2330 5120 - - 1051 56 2 2 - : 322 1794 30 184 1242 : 318 4 923 923 0 : 0 1 159 0 161 - 0 : 0.162952 3927.5 0.0 0.077982 4180.5 0.0 : 3 --c 0000 : 23 0 0.000 0.000 0 0.000 0.000 0 0.000 0.000 : 32.332284 32.334307 0.000217 32.406726 0.000086 32.408902 0.000057 32.409995 0.000049 : 32.410266 ]
[32.411s][info][gc       ] [SYSINFO 7333 227 63 0 6776 0 30 0 0 5703 : - - - - - - - - : 0 7168 : 4.47 3.23 2.07 : 292739 4277724 : 0 0 : 14 0 : 3877 3 0 261 : - 7410384896 682364928 1199550464 5905219584 238030848 67043328 : 140073237 29899650 735140 0 0 0 : 32.410474 ]
[32.411s][info][gc       ] [HUGEPAGESTAT 0 0 0 - 110774 0 0 : 393216 0 0 : 32.410474 ]
[32.411s][info][gc       ] [OBJCREAT 84519325 25160 5267456 : 32.410515 ]
[32.411s][info][gc       ] [HMSV All : 0 0 30 0 0 0 0 0 : 4960 0 0 0 : 32.410531 ]
[32.411s][info][gc       ] [HMSP 9 : 41100 0 : 32.410531 ]
[32.411s][info][gc       ] [VMAC 65530 166 24 435 625 : 32.410925 ]
[32.547s][info][gc       ] [GPGC-H  3667.5 654.4 5.9 0.0 : 627.1 : 0.000 0.000 : 0.000 0.000 0.702 1.693 : 0.000 0.000 0.000 0.000 1.852 0.694 : 0.000 : 96.743 : 892 1794 30 0 : 2274 : 4608 4424 : 32.546930 : 8 May_exceed_heap_occupancy_target ]
[32.551s][info][safepoint] Application time: 0.1404866 seconds
[32.551s][info][safepoint] Total time for which application threads were stopped: 0.0003777 seconds, Stopping threads took: 0.0000004 seconds
[32.552s][info][gc       ] [SPS 0.000 1.046 0.002 0.006 0.000 0.001 0.000 0.351 0.019 0.378 NewGC_pause1 32.550932 ]
[32.554s][info][safepoint] Application time: 0.0026321 seconds
[32.555s][info][safepoint] Total time for which application threads were stopped: 0.0007986 seconds, Stopping threads took: 0.0000004 seconds
[32.555s][info][gc       ] [SPS 0.000 0.000 0.000 0.006 0.000 0.001 0.000 0.755 0.037 0.799 OldGC_pause2 32.554363 ]
[32.559s][info][safepoint] Application time: 0.0047632 seconds
[32.559s][info][safepoint] Total time for which application threads were stopped: 0.0000664 seconds, Stopping threads took: 0.0000004 seconds
[32.559s][info][gc       ] [SPS 0.000 0.000 0.000 0.006 0.000 0.001 0.000 0.047 0.012 0.066 OldGC_pause3 32.559192 ]
[32.614s][info][safepoint] Application time: 0.0543928 seconds
[32.614s][info][safepoint] Total time for which application threads were stopped: 0.0001522 seconds, Stopping threads took: 0.0000004 seconds
[32.615s][info][gc       ] [SPS 0.000 0.001 0.000 0.007 0.000 0.001 0.000 0.122 0.021 0.152 NewGC_pause2 32.613738 ]
[32.616s][info][safepoint] Application time: 0.0021049 seconds
[32.616s][info][safepoint] Total time for which application threads were stopped: 0.0001076 seconds, Stopping threads took: 0.0000004 seconds
[32.617s][info][gc       ] [SPS 0.000 0.000 0.000 0.007 0.000 0.001 0.000 0.085 0.014 0.108 NewGC_pause3 32.615950 ]
[32.617s][info][safepoint] Application time: 0.0010711 seconds
[32.617s][info][safepoint] Total time for which application threads were stopped: 0.0000657 seconds, Stopping threads took: 0.0000004 seconds
[32.617s][info][gc       ] [SPS 0.000 0.002 0.002 0.006 0.000 0.001 0.000 0.043 0.015 0.066 NewGC_pause4 32.617087 ]
[32.618s][info][gc       ] [GC New Max 99-89 : 5120 3162 2262 5120 - - 1051 56 2 2 - : 254 1794 30 184 1154 : 250 4 903 903 0 : 0 1 125 0 127 - 0 : 0.137284 4166.5 0.0 0.069892 3748.6 0.0 : 3 --c 0000 : 23 0 0.000 0.000 0 0.000 0.000 0 0.000 0.000 : 32.547550 32.550554 0.000260 32.613585 0.000046 32.615843 0.000090 32.617021 0.000047 : 32.617442 ]
[32.618s][info][gc       ] [SYSINFO 7333 227 63 0 6776 0 30 0 0 5703 : - - - - - - - - : 0 7168 : 4.47 3.23 2.07 : 292739 4277724 : 0 0 : 14 0 : 3877 3 0 261 : - 7410384896 682364928 1199550464 5905219584 238030848 67043328 : 140073237 29900170 735190 0 0 0 : 32.617691 ]
[32.618s][info][gc       ] [HUGEPAGESTAT 0 0 0 - 110774 0 0 : 393216 0 0 : 32.617691 ]
[32.618s][info][gc       ] [OBJCREAT 85347821 25160 5267456 : 32.617736 ]
[32.618s][info][gc       ] [HMSV All : 0 0 30 0 0 0 0 0 : 4960 0 0 0 : 32.617754 ]
[32.618s][info][gc       ] [HMSP 9 : 41100 0 : 32.617754 ]
[32.618s][info][gc       ] [VMAC 65530 166 24 435 625 : 32.618175 ]
[32.619s][info][safepoint] Application time: 0.0019772 seconds
[32.619s][info][safepoint] Total time for which application threads were stopped: 0.0000687 seconds, Stopping threads took: 0.0000005 seconds
[32.619s][info][gc       ] [SPS 0.000 0.002 0.002 0.006 0.000 0.001 0.000 0.045 0.016 0.069 OldGC_pause4 32.619133 ]
[32.626s][info][gc       ] [GC Old Max 94-10 : 5120 4538 2278 5120 - - 1051 56 2 2 - : 282 1784 28 184 1830 : 1801 9 0 0 0 : 0 8 0 2 851 - 55 : 0.392063 352.0 0.0 1.335081 0.0 0.0 : 1 --c 0000 : 23   -    -    -    -    -    -    -    -    -  : 31.290811 31.293393 0.000230 32.553564 0.000688 32.559126 0.000051 32.619064 0.000048 : 32.625891 ]
[32.626s][info][gc       ] [SYSINFO 7333 227 63 0 6776 0 30 0 0 5703 : - - - - - - - - : 0 7168 : 4.47 3.23 2.07 : 292739 4277724 : 0 0 : 14 0 : 3877 2 0 261 : - 7410384896 682364928 1199550464 5905219584 238030848 67043328 : 140073237 29900190 735200 0 0 0 : 32.626090 ]
[32.626s][info][gc       ] [HUGEPAGESTAT 0 0 0 - 110774 0 0 : 393216 0 0 : 32.626090 ]
[32.626s][info][gc       ] [OBJCREAT 85375572 25160 5267456 : 32.626131 ]
[32.626s][info][gc       ] [HMSV All : 0 0 30 0 0 0 0 0 : 4960 0 0 0 : 32.626148 ]
[32.626s][info][gc       ] [HMSP 9 : 41100 0 : 32.626148 ]
[32.626s][info][gc       ] [COMPSTATS 1 : 5 0 : 1 0 : 0 0 : 516 4 0 0 0 0 : 0 0 0 0 0 0 : 142 143 12 : 520 0 0 0 0 0 0 : 520 0 0 0 0 0 0 ]
[32.626s][info][gc       ] [COMPSTATS 2 : 5 0 : 1 0 : 0 0 : 126 11 0 0 0 0 : 0 0 0 0 0 0 : 52581 52617 7788 : 71 42 24 0 0 0 0 : 35 82 14 5 1 0 0 ]
[32.626s][info][gc       ] [DEOPTSTATS 1 : 0 0 : 0 0 : 0 0 : 0 0 : 0 11 : 0 0 : 0 0 : 0 0 : 0 0 : 0 0 : 0 0 : 0 0 : 0 0 : 0 0 : 0 0 : 0 0 : 0 0 : 0 0 : 0 0 : 0 0 : 0 0 : 0 0 : 0 0 : 0 0 : 0 0 : 0 0 : 0 0 : 0 0 : 0 0 : 0 0 : 6 0 : 0 0 : 0 0 : 0 0 : 0 0 : 0 0 : 0 0 : 0 0 : 0 0 : 0 0 : 0 0 : 0 0 ]
[32.626s][info][gc       ] [DEOPTSTATS 2 : 0 0 : 0 0 : 0 0 : 0 0 : 0 0 : 0 0 : 0 14 : 0 0 : 0 0 : 0 0 : 0 0 : 0 0 : 0 0 : 0 0 : 0 0 : 0 0 : 0 0 : 0 0 : 0 0 : 0 0 : 0 0 : 0 0 : 0 0 : 0 0 : 0 0 : 0 0 : 0 0 : 0 0 : 0 0 : 0 0 : 4 0 : 0 0 : 0 0 : 0 0 : 0 1 : 0 0 : 0 0 : 0 0 : 0 0 : 0 3 : 0 0 : 0 0 ]
[32.627s][info][gc       ] [VMAC 65530 166 24 435 625 : 32.626601 ]
[32.627s][info][gc       ] [CCF 0 0 0 0 33 230912: 3069440 : 380 196608 : 3 49152 : 317 311808 :  509 630784 : 115 417280 : 0 0 : 15 1228800 : 1 2048]
[32.801s][info][gc       ] [GPGC-H  3667.5 654.4 5.9 0.0 : 627.1 : 0.000 0.000 : 0.000 0.000 0.696 1.666 : 0.000 0.000 0.000 0.000 1.836 0.850 : 0.000 : 96.143 : 876 1784 28 0 : 2274 : 4608 4424 : 32.801077 : 9 Next_heuristic_check_may_be_too_late ]
[32.804s][info][safepoint] Application time: 0.1845767 seconds
[32.805s][info][safepoint] Total time for which application threads were stopped: 0.0003284 seconds, Stopping threads took: 0.0000004 seconds
[32.805s][info][gc       ] [SPS 0.000 0.003 0.003 0.007 0.000 0.001 0.000 0.300 0.020 0.328 NewGC_pause1 32.804039 ]
[32.860s][info][safepoint] Application time: 0.0560939 seconds
[32.861s][info][safepoint] Total time for which application threads were stopped: 0.0001263 seconds, Stopping threads took: 0.0000004 seconds
[32.861s][info][gc       ] [SPS 0.000 0.001 0.000 0.006 0.000 0.001 0.000 0.100 0.019 0.126 NewGC_pause2 32.860259 ]
[32.863s][info][safepoint] Application time: 0.0024907 seconds
[32.863s][info][safepoint] Total time for which application threads were stopped: 0.0001969 seconds, Stopping threads took: 0.0000007 seconds
[32.864s][info][gc       ] [SPS 0.000 0.001 0.000 0.010 0.001 0.001 0.001 0.151 0.034 0.197 NewGC_pause3 32.862947 ]
[32.864s][info][safepoint] Application time: 0.0012077 seconds
[32.865s][info][safepoint] Total time for which application threads were stopped: 0.0001108 seconds, Stopping threads took: 0.0000008 seconds
[32.865s][info][gc       ] [GC New Max 100-90 : 5120 3098 2218 5120 - - 1051 56 2 2 - : 222 1784 28 184 1102 : 218 4 883 883 0 : 0 1 109 0 111 - 0 : 0.184413 3383.7 0.0 0.062645 3607.6 0.0 : 3 --c 0000 : 23 0 0.000 0.000 0 0.000 0.000 0 0.000 0.000 : 32.801855 32.803710 0.000262 32.860133 0.000062 32.862750 0.000114 32.864154 0.000058 : 32.864500 ]
[32.865s][info][gc       ] [SYSINFO 7333 227 63 0 6776 0 30 0 0 5703 : - - - - - - - - : 0 7168 : 4.47 3.23 2.07 : 292739 4277724 : 0 0 : 14 0 : 3877 2 0 261 : - 7410384896 682364928 1199550464 5905219584 238030848 67043328 : 140073237 29900580 735240 0 0 0 : 32.864758 ]
[32.865s][info][gc       ] [HUGEPAGESTAT 0 0 0 - 110774 0 0 : 393216 0 0 : 32.864758 ]
[32.865s][info][gc       ] [OBJCREAT 86187798 25160 5267456 : 32.864797 ]
[32.865s][info][gc       ] [HMSV All : 0 0 30 0 0 0 0 0 : 4960 0 0 0 : 32.864811 ]
[32.865s][info][gc       ] [HMSP 9 : 41100 0 : 32.864811 ]
[32.865s][info][gc       ] [SPS 0.000 0.003 0.003 0.010 0.001 0.001 0.001 0.060 0.038 0.111 NewGC_pause4 32.864265 ]
[32.865s][info][gc       ] [VMAC 65530 166 24 435 625 : 32.865249 ]
[33.021s][info][gc       ] [GPGC-H  3667.5 602.3 5.3 0.0 : 571.2 : 0.000 0.000 : 0.000 0.000 0.689 1.666 : 0.000 0.000 0.000 0.000 1.817 0.850 : 0.000 : 95.339 : 824 1784 28 0 : 2274 : 4608 4424 : 33.020852 : 9 Next_heuristic_check_may_be_too_late ]
[33.023s][info][safepoint] Application time: 0.1585558 seconds
[33.024s][info][safepoint] Total time for which application threads were stopped: 0.0003057 seconds, Stopping threads took: 0.0000004 seconds
[33.024s][info][gc       ] [SPS 0.000 0.002 0.002 0.006 0.000 0.001 0.000 0.280 0.018 0.306 NewGC_pause1 33.023127 ]
[33.081s][info][safepoint] Application time: 0.0572305 seconds
[33.081s][info][safepoint] Total time for which application threads were stopped: 0.0001338 seconds, Stopping threads took: 0.0000004 seconds
[33.082s][info][gc       ] [SPS 0.000 0.001 0.000 0.006 0.000 0.001 0.000 0.108 0.018 0.134 NewGC_pause2 33.080492 ]
[33.083s][info][safepoint] Application time: 0.0020092 seconds
[33.083s][info][safepoint] Total time for which application threads were stopped: 0.0000608 seconds, Stopping threads took: 0.0000004 seconds
[33.083s][info][gc       ] [SPS 0.000 0.000 0.000 0.006 0.000 0.001 0.000 0.039 0.014 0.061 NewGC_pause3 33.082561 ]
[33.084s][info][safepoint] Application time: 0.0011102 seconds
[33.084s][info][safepoint] Total time for which application threads were stopped: 0.0001070 seconds, Stopping threads took: 0.0000004 seconds
[33.084s][info][gc       ] [SPS 0.000 0.002 0.002 0.006 0.000 0.001 0.000 0.087 0.013 0.107 NewGC_pause4 33.083779 ]
[33.084s][info][gc       ] [GC New Max 101-91 : 5120 3048 2222 5120 - - 1051 56 2 2 - : 226 1784 28 184 1052 : 220 4 830 830 0 : 0 1 110 0 113 - 0 : 0.156816 3851.6 0.0 0.062866 3658.6 0.0 : 3 --c 0000 : 23 0 0.000 0.000 0 0.000 0.000 0 0.000 0.000 : 33.021316 33.022821 0.000250 33.080358 0.000061 33.082501 0.000042 33.083672 0.000091 : 33.084182 ]
[33.084s][info][gc       ] [SYSINFO 7333 227 63 0 6776 0 30 0 0 5703 : - - - - - - - - : 0 7168 : 4.47 3.23 2.07 : 292739 4277724 : 0 0 : 14 0 : 3877 3 0 261 : - 7410384896 682364928 1199550464 5905219584 238030848 67043328 : 140073237 29900950 735300 0 0 0 : 33.084451 ]
[33.084s][info][gc       ] [HUGEPAGESTAT 0 0 0 - 110774 0 0 : 393216 0 0 : 33.084451 ]
[33.084s][info][gc       ] [OBJCREAT 87012953 25160 5267456 : 33.084491 ]
[33.085s][info][gc       ] [HMSV All : 0 0 30 0 0 0 0 0 : 4960 0 0 0 : 33.084508 ]
[33.085s][info][gc       ] [HMSP 9 : 41100 0 : 33.084508 ]
[33.085s][info][gc       ] [VMAC 65530 166 24 435 625 : 33.084943 ]
[33.265s][info][gc       ] [GPGC-H  3653.1 602.3 5.3 0.0 : 571.2 : 0.000 0.000 : 0.000 0.000 0.683 1.666 : 0.000 0.000 0.000 0.000 1.800 0.850 : 0.000 : 94.666 : 872 1784 28 0 : 2274 : 4608 4424 : 33.264869 : 9 Next_heuristic_check_may_be_too_late ]
[33.268s][info][safepoint] Application time: 0.1837677 seconds
[33.268s][info][safepoint] Total time for which application threads were stopped: 0.0003400 seconds, Stopping threads took: 0.0000008 seconds
[33.269s][info][gc       ] [SPS 0.000 0.004 0.003 0.011 0.001 0.001 0.001 0.307 0.019 0.340 NewGC_pause1 33.267887 ]
[33.338s][info][safepoint] Application time: 0.0703632 seconds
[33.339s][info][safepoint] Total time for which application threads were stopped: 0.0001652 seconds, Stopping threads took: 0.0000004 seconds
[33.340s][info][gc       ] [SPS 0.000 0.001 0.000 0.006 0.000 0.001 0.001 0.138 0.019 0.165 NewGC_pause2 33.338415 ]
[33.341s][info][safepoint] Application time: 0.0027654 seconds
[33.342s][info][safepoint] Total time for which application threads were stopped: 0.0001968 seconds, Stopping threads took: 0.0000005 seconds
[33.342s][info][gc       ] [SPS 0.000 0.000 0.000 0.006 0.000 0.001 0.000 0.159 0.031 0.197 NewGC_pause3 33.341378 ]
[33.343s][info][safepoint] Application time: 0.0012312 seconds
[33.343s][info][safepoint] Total time for which application threads were stopped: 0.0000885 seconds, Stopping threads took: 0.0000004 seconds
[33.343s][info][gc       ] [SPS 0.000 0.002 0.002 0.006 0.000 0.001 0.000 0.067 0.013 0.088 NewGC_pause4 33.342697 ]
[33.343s][info][gc       ] [GC New Max 102-92 : 5120 3098 2224 5120 - - 1051 56 2 2 - : 228 1784 28 184 1102 : 224 4 879 879 0 : 0 1 112 0 114 - 0 : 0.181311 3574.0 0.0 0.077445 2995.7 0.0 : 3 --c 0000 : 23 0 0.000 0.000 0 0.000 0.000 0 0.000 0.000 : 33.265493 33.267547 0.000254 33.338250 0.000101 33.341180 0.000113 33.342609 0.000071 : 33.342938 ]
[33.343s][info][gc       ] [SYSINFO 7333 227 63 0 6776 0 30 0 0 5703 : - - - - - - - - : 0 7168 : 4.47 3.23 2.07 : 292739 4277724 : 0 0 : 14 0 : 3877 2 0 261 : - 7410384896 682364928 1199550464 5905219584 238030848 67043328 : 140073237 29901400 735380 0 0 0 : 33.343207 ]
[33.343s][info][gc       ] [HUGEPAGESTAT 0 0 0 - 110774 0 0 : 393216 0 0 : 33.343207 ]
[33.343s][info][gc       ] [OBJCREAT 87884476 25160 5267456 : 33.343250 ]
[33.343s][info][gc       ] [HMSV All : 0 0 30 0 0 0 0 0 : 4960 0 0 0 : 33.343279 ]
[33.343s][info][gc       ] [HMSP 9 : 41100 0 : 33.343279 ]
[33.344s][info][gc       ] [VMAC 65530 166 24 435 625 : 33.343740 ]
[33.520s][info][gc       ] [GPGC-H  3653.1 602.3 5.3 0.0 : 571.2 : 0.000 0.000 : 0.000 0.000 0.676 1.666 : 0.000 0.000 0.000 0.000 1.781 0.850 : 0.000 : 93.896 : 876 1784 28 0 : 2274 : 4608 4424 : 33.519677 : 9 Next_heuristic_check_may_be_too_late ]
[33.522s][info][safepoint] Application time: 0.1793897 seconds
[33.523s][info][safepoint] Total time for which application threads were stopped: 0.0002855 seconds, Stopping threads took: 0.0000004 seconds
[33.523s][info][gc       ] [SPS 0.000 0.003 0.002 0.006 0.000 0.001 0.000 0.233 0.045 0.286 NewGC_pause1 33.522373 ]
[33.581s][info][safepoint] Application time: 0.0588628 seconds
[33.582s][info][safepoint] Total time for which application threads were stopped: 0.0001883 seconds, Stopping threads took: 0.0000005 seconds
[33.582s][info][gc       ] [SPS 0.000 0.001 0.000 0.007 0.000 0.001 0.000 0.157 0.023 0.188 NewGC_pause2 33.581424 ]
[33.584s][info][safepoint] Application time: 0.0020963 seconds
[33.584s][info][safepoint] Total time for which application threads were stopped: 0.0000884 seconds, Stopping threads took: 0.0000005 seconds
[33.584s][info][gc       ] [SPS 0.000 0.001 0.000 0.007 0.000 0.001 0.000 0.061 0.019 0.089 NewGC_pause3 33.583609 ]
[33.585s][info][safepoint] Application time: 0.0008272 seconds
[33.585s][info][safepoint] Total time for which application threads were stopped: 0.0000665 seconds, Stopping threads took: 0.0000004 seconds
[33.585s][info][gc       ] [SPS 0.000 0.003 0.002 0.006 0.000 0.001 0.000 0.044 0.015 0.066 NewGC_pause4 33.584502 ]
[33.585s][info][gc       ] [GC New Max 103-93 : 5120 3106 2226 5120 - - 1051 56 2 2 - : 230 1784 28 184 1110 : 226 4 882 882 0 : 0 1 113 0 115 - 0 : 0.177368 3664.7 0.0 0.064416 3632.6 0.0 : 3 --c 0000 : 23 0 0.000 0.000 0 0.000 0.000 0 0.000 0.000 : 33.520306 33.522087 0.000164 33.581236 0.000068 33.583520 0.000059 33.584436 0.000047 : 33.584722 ]
[33.585s][info][gc       ] [SYSINFO 7333 227 63 0 6776 0 30 0 0 5703 : - - - - - - - - : 0 7168 : 4.47 3.23 2.07 : 292739 4277724 : 0 0 : 14 0 : 3877 4 0 261 : - 7410384896 682364928 1199550464 5905219584 238030848 67043328 : 140073237 29901810 735470 0 0 0 : 33.584953 ]
[33.585s][info][gc       ] [HUGEPAGESTAT 0 0 0 - 110774 0 0 : 393216 0 0 : 33.584953 ]
[33.585s][info][gc       ] [OBJCREAT 88761094 25160 5267456 : 33.584997 ]
[33.585s][info][gc       ] [HMSV All : 0 0 30 0 0 0 0 0 : 4960 0 0 0 : 33.585013 ]
[33.585s][info][gc       ] [HMSP 9 : 41100 0 : 33.585013 ]
[33.585s][info][gc       ] [VMAC 65530 166 24 435 625 : 33.585417 ]
[33.763s][info][gc       ] [GPGC-H  3653.1 602.3 5.3 0.0 : 571.2 : 0.000 0.000 : 0.000 0.000 0.669 1.666 : 0.000 0.000 0.000 0.000 1.763 0.850 : 0.000 : 93.149 : 854 1784 28 0 : 2274 : 4608 4424 : 33.763097 : 9 Next_heuristic_check_may_be_too_late ]
[33.765s][info][safepoint] Application time: 0.1805721 seconds
[33.766s][info][safepoint] Total time for which application threads were stopped: 0.0002732 seconds, Stopping threads took: 0.0000004 seconds
[33.766s][info][gc       ] [SPS 0.000 0.003 0.003 0.006 0.000 0.001 0.000 0.240 0.026 0.273 NewGC_pause1 33.765348 ]
[33.822s][info][safepoint] Application time: 0.0567657 seconds
[33.823s][info][safepoint] Total time for which application threads were stopped: 0.0001887 seconds, Stopping threads took: 0.0000004 seconds
[33.823s][info][gc       ] [SPS 0.000 0.001 0.000 0.006 0.000 0.001 0.001 0.161 0.019 0.189 NewGC_pause2 33.822303 ]
[33.824s][info][safepoint] Application time: 0.0014765 seconds
[33.824s][info][safepoint] Total time for which application threads were stopped: 0.0001184 seconds, Stopping threads took: 0.0000004 seconds
[33.824s][info][gc       ] [SPS 0.000 0.000 0.000 0.006 0.000 0.001 0.000 0.098 0.013 0.118 NewGC_pause3 33.823897 ]
[33.829s][info][safepoint] Application time: 0.0048440 seconds
[33.829s][info][safepoint] Total time for which application threads were stopped: 0.0000600 seconds, Stopping threads took: 0.0000004 seconds
[33.829s][info][gc       ] [SPS 0.000 0.003 0.002 0.006 0.000 0.001 0.000 0.040 0.013 0.060 NewGC_pause4 33.828801 ]
[33.829s][info][gc       ] [GC New Max 104-94 : 5120 3080 2238 5120 - - 1051 56 2 2 - : 242 1784 28 184 1084 : 222 4 860 860 0 : 0 1 111 0 121 - 0 : 0.178806 3501.0 0.0 0.065510 3755.1 0.0 : 3 --c 0000 : 23 0 0.000 0.000 0 0.000 0.000 0 0.000 0.000 : 33.763528 33.765075 0.000210 33.822114 0.000062 33.823779 0.000103 33.828741 0.000043 : 33.829038 ]
[33.829s][info][gc       ] [SYSINFO 7333 227 63 0 6776 0 30 0 0 5703 : - - - - - - - - : 0 7168 : 4.19 3.19 2.06 : 292739 4277724 : 0 0 : 14 0 : 3877 2 0 261 : - 7410384896 682364928 1199550464 5905219584 238030848 67043328 : 140073237 29902180 735480 0 0 0 : 33.829250 ]
[33.829s][info][gc       ] [HUGEPAGESTAT 0 0 0 - 110774 0 0 : 393216 0 0 : 33.829250 ]
[33.829s][info][gc       ] [OBJCREAT 89622282 25160 5267456 : 33.829292 ]
[33.829s][info][gc       ] [HMSV All : 0 0 30 0 0 0 0 0 : 4960 0 0 0 : 33.829305 ]
[33.829s][info][gc       ] [HMSP 9 : 41100 0 : 33.829305 ]
[33.830s][info][gc       ] [VMAC 65530 166 24 435 625 : 33.829671 ]
[34.014s][info][gc       ] [GPGC-H  3653.1 602.3 5.3 0.0 : 571.2 : 0.000 0.000 : 0.000 0.000 0.662 1.666 : 0.000 0.000 0.000 0.000 1.745 0.850 : 0.000 : 92.404 : 906 1784 28 0 : 2274 : 4608 4424 : 34.014140 : 9 Next_heuristic_check_may_be_too_late ]
[34.017s][info][safepoint] Application time: 0.1877437 seconds
[34.017s][info][safepoint] Total time for which application threads were stopped: 0.0002876 seconds, Stopping threads took: 0.0000004 seconds
[34.018s][info][gc       ] [SPS 0.000 0.003 0.002 0.006 0.000 0.001 0.000 0.260 0.020 0.287 NewGC_pause1 34.016833 ]
[34.074s][info][safepoint] Application time: 0.0566432 seconds
[34.074s][info][safepoint] Total time for which application threads were stopped: 0.0001755 seconds, Stopping threads took: 0.0000005 seconds
[34.075s][info][gc       ] [SPS 0.000 0.001 0.000 0.006 0.000 0.001 0.000 0.141 0.027 0.175 NewGC_pause2 34.073652 ]
[34.076s][info][safepoint] Application time: 0.0021954 seconds
[34.076s][info][safepoint] Total time for which application threads were stopped: 0.0001284 seconds, Stopping threads took: 0.0000004 seconds
[34.077s][info][gc       ] [SPS 0.000 0.000 0.000 0.006 0.000 0.001 0.000 0.108 0.013 0.128 NewGC_pause3 34.075976 ]
[34.077s][info][safepoint] Application time: 0.0009443 seconds
[34.077s][info][safepoint] Total time for which application threads were stopped: 0.0000641 seconds, Stopping threads took: 0.0000005 seconds
[34.077s][info][gc       ] [SPS 0.000 0.007 0.002 0.006 0.000 0.001 0.000 0.043 0.014 0.064 NewGC_pause4 34.076984 ]
[34.078s][info][gc       ] [GC New Max 105-95 : 5120 3128 2216 5120 - - 1051 56 2 2 - : 220 1784 28 184 1132 : 220 2 914 914 0 : 0 0 110 0 110 - 0 : 0.185735 3585.7 0.0 0.062475 3617.4 0.0 : 3 --c 0000 : 23 0 0.000 0.000 0 0.000 0.000 0 0.000 0.000 : 34.014773 34.016546 0.000227 34.073477 0.000107 34.075847 0.000113 34.076920 0.000046 : 34.077249 ]
[34.078s][info][gc       ] [SYSINFO 7333 227 63 0 6776 0 30 0 0 5703 : - - - - - - - - : 0 7168 : 4.19 3.19 2.06 : 292739 4277724 : 0 0 : 14 0 : 3877 2 0 261 : - 7410384896 682364928 1199550464 5905219584 238030848 67043328 : 140073237 29902570 735500 0 0 0 : 34.077484 ]
[34.078s][info][gc       ] [HUGEPAGESTAT 0 0 0 - 110774 0 0 : 393216 0 0 : 34.077484 ]
[34.078s][info][gc       ] [OBJCREAT 90506499 25160 5267456 : 34.077531 ]
[34.078s][info][gc       ] [HMSV All : 0 0 30 0 0 0 0 0 : 4960 0 0 0 : 34.077546 ]
[34.078s][info][gc       ] [HMSP 9 : 41100 0 : 34.077546 ]
[34.078s][info][gc       ] [VMAC 65530 166 24 435 625 : 34.077949 ]
[34.260s][info][gc       ] [GPGC-H  3653.1 602.3 5.3 0.0 : 571.2 : 0.000 0.000 : 0.000 0.000 0.655 1.666 : 0.000 0.000 0.000 0.000 1.727 0.850 : 0.000 : 91.637 : 858 1784 28 0 : 2274 : 4608 4424 : 34.260228 : 9 Next_heuristic_check_may_be_too_late ]
[34.263s][info][safepoint] Application time: 0.1854931 seconds
[34.263s][info][safepoint] Total time for which application threads were stopped: 0.0002607 seconds, Stopping threads took: 0.0000004 seconds
[34.263s][info][gc       ] [SPS 0.000 0.003 0.002 0.006 0.000 0.001 0.000 0.234 0.019 0.261 NewGC_pause1 34.262738 ]
[34.329s][info][safepoint] Application time: 0.0658176 seconds
[34.329s][info][safepoint] Total time for which application threads were stopped: 0.0001917 seconds, Stopping threads took: 0.0000005 seconds
[34.330s][info][gc       ] [SPS 0.001 0.001 0.000 0.006 0.000 0.001 0.000 0.164 0.020 0.192 NewGC_pause2 34.328748 ]
[34.331s][info][safepoint] Application time: 0.0018280 seconds
[34.331s][info][safepoint] Total time for which application threads were stopped: 0.0000554 seconds, Stopping threads took: 0.0000004 seconds
[34.331s][info][gc       ] [SPS 0.000 0.000 0.000 0.006 0.000 0.001 0.000 0.035 0.013 0.055 NewGC_pause3 34.330631 ]
[34.332s][info][safepoint] Application time: 0.0010308 seconds
[34.332s][info][safepoint] Total time for which application threads were stopped: 0.0000616 seconds, Stopping threads took: 0.0000004 seconds
[34.332s][info][gc       ] [SPS 0.000 0.002 0.002 0.006 0.000 0.001 0.000 0.041 0.014 0.062 NewGC_pause4 34.331724 ]
[34.332s][info][gc       ] [GC New Max 106-96 : 5120 3068 2206 5120 - - 1051 56 2 2 - : 210 1784 28 184 1072 : 206 4 864 864 0 : 0 1 103 0 105 - 0 : 0.183511 3487.5 0.0 0.071266 3002.8 0.0 : 3 --c 0000 : 23 0 0.000 0.000 0 0.000 0.000 0 0.000 0.000 : 34.260759 34.262478 0.000203 34.328556 0.000080 34.330576 0.000038 34.331662 0.000044 : 34.332026 ]
[34.332s][info][gc       ] [SYSINFO 7333 227 63 0 6776 0 30 0 0 5703 : - - - - - - - - : 0 7168 : 4.19 3.19 2.06 : 292739 4277724 : 0 0 : 14 0 : 3877 2 0 261 : - 7410384896 682364928 1199550464 5905219584 238030848 67043328 : 140073237 29902980 735520 0 0 0 : 34.332286 ]
[34.332s][info][gc       ] [HUGEPAGESTAT 0 0 0 - 110774 0 0 : 393216 0 0 : 34.332286 ]
[34.332s][info][gc       ] [OBJCREAT 91349376 25160 5267456 : 34.332335 ]
[34.332s][info][gc       ] [HMSV All : 0 0 30 0 0 0 0 0 : 4960 0 0 0 : 34.332350 ]
[34.332s][info][gc       ] [HMSP 9 : 41100 0 : 34.332350 ]
[34.333s][info][gc       ] [VMAC 65530 166 24 435 625 : 34.332752 ]
[34.517s][info][gc       ] [GPGC-H  3653.1 602.3 5.3 0.0 : 571.2 : 0.000 0.000 : 0.000 0.000 0.648 1.666 : 0.000 0.000 0.000 0.000 1.709 0.850 : 0.000 : 90.892 : 886 1784 28 0 : 2274 : 4608 4424 : 34.517204 : 9 Next_heuristic_check_may_be_too_late ]
[34.520s][info][safepoint] Application time: 0.1875743 seconds
[34.520s][info][safepoint] Total time for which application threads were stopped: 0.0002915 seconds, Stopping threads took: 0.0000009 seconds
[34.520s][info][gc       ] [SPS 0.000 0.004 0.003 0.012 0.001 0.001 0.001 0.258 0.019 0.291 NewGC_pause1 34.519590 ]
[34.577s][info][safepoint] Application time: 0.0569611 seconds
[34.577s][info][safepoint] Total time for which application threads were stopped: 0.0001267 seconds, Stopping threads took: 0.0000004 seconds
[34.577s][info][gc       ] [SPS 0.000 0.001 0.000 0.006 0.000 0.001 0.000 0.100 0.019 0.127 NewGC_pause2 34.576678 ]
[34.578s][info][safepoint] Application time: 0.0012289 seconds
[34.578s][info][safepoint] Total time for which application threads were stopped: 0.0000753 seconds, Stopping threads took: 0.0000004 seconds
[34.578s][info][gc       ] [SPS 0.000 0.000 0.000 0.006 0.000 0.001 0.000 0.046 0.022 0.075 NewGC_pause3 34.577982 ]
[34.579s][info][safepoint] Application time: 0.0009666 seconds
[34.579s][info][safepoint] Total time for which application threads were stopped: 0.0000627 seconds, Stopping threads took: 0.0000004 seconds
[34.579s][info][gc       ] [SPS 0.000 0.002 0.002 0.006 0.000 0.001 0.000 0.042 0.014 0.063 NewGC_pause4 34.579011 ]
[34.580s][info][gc       ] [GC New Max 107-97 : 5120 3108 2222 5120 - - 1051 56 2 2 - : 226 1784 28 184 1112 : 222 4 888 888 0 : 0 1 111 0 113 - 0 : 0.185640 3641.5 0.0 0.061591 3701.9 0.0 : 3 --c 0000 : 23 0 0.000 0.000 0 0.000 0.000 0 0.000 0.000 : 34.517666 34.519298 0.000217 34.576551 0.000065 34.577907 0.000052 34.578948 0.000045 : 34.579256 ]
[34.580s][info][gc       ] [SYSINFO 7333 227 63 0 6776 0 30 0 0 5703 : - - - - - - - - : 0 7168 : 4.19 3.19 2.06 : 292739 4277724 : 0 0 : 14 0 : 3877 2 0 261 : - 7410384896 682364928 1199550464 5905219584 238030848 67043328 : 140073237 29903390 735520 0 0 0 : 34.579487 ]
[34.580s][info][gc       ] [HUGEPAGESTAT 0 0 0 - 110774 0 0 : 393216 0 0 : 34.579487 ]
[34.580s][info][gc       ] [OBJCREAT 92244337 25160 5267456 : 34.579529 ]
[34.580s][info][gc       ] [HMSV All : 0 0 30 0 0 0 0 0 : 4960 0 0 0 : 34.579542 ]
[34.580s][info][gc       ] [HMSP 9 : 41100 0 : 34.579542 ]
[34.580s][info][gc       ] [VMAC 65530 166 24 435 625 : 34.579905 ]
[34.764s][info][gc       ] [GPGC-H  3653.1 602.3 5.3 0.0 : 571.2 : 0.000 0.000 : 0.000 0.000 0.642 1.666 : 0.000 0.000 0.000 0.000 1.691 0.850 : 0.000 : 90.143 : 888 1784 28 0 : 2274 : 4608 4424 : 34.764277 : 9 Next_heuristic_check_may_be_too_late ]
[34.767s][info][safepoint] Application time: 0.1875830 seconds
[34.767s][info][safepoint] Total time for which application threads were stopped: 0.0002256 seconds, Stopping threads took: 0.0000004 seconds
[34.768s][info][gc       ] [SPS 0.000 0.003 0.002 0.006 0.000 0.001 0.000 0.197 0.021 0.226 NewGC_pause1 34.766820 ]
[34.827s][info][safepoint] Application time: 0.0601997 seconds
[34.828s][info][safepoint] Total time for which application threads were stopped: 0.0001774 seconds, Stopping threads took: 0.0000004 seconds
[34.828s][info][gc       ] [SPS 0.000 0.001 0.000 0.006 0.000 0.001 0.000 0.138 0.032 0.178 NewGC_pause2 34.827198 ]
[34.829s][info][safepoint] Application time: 0.0020761 seconds
[34.830s][info][safepoint] Total time for which application threads were stopped: 0.0000693 seconds, Stopping threads took: 0.0000005 seconds
[34.830s][info][gc       ] [SPS 0.000 0.000 0.000 0.007 0.000 0.001 0.000 0.045 0.016 0.069 NewGC_pause3 34.829343 ]
[34.830s][info][safepoint] Application time: 0.0010292 seconds
[34.831s][info][safepoint] Total time for which application threads were stopped: 0.0000639 seconds, Stopping threads took: 0.0000004 seconds
[34.831s][info][gc       ] [GC New Max 108-98 : 5120 3100 2210 5120 - - 1051 56 2 2 - : 214 1784 28 184 1104 : 210 4 895 895 0 : 0 1 105 0 107 - 0 : 0.185647 3576.7 0.0 0.065764 3314.9 0.0 : 3 --c 0000 : 23 0 0.000 0.000 0 0.000 0.000 0 0.000 0.000 : 34.764903 34.766595 0.000165 34.827020 0.000052 34.829274 0.000047 34.830372 0.000047 : 34.830667 ]
[34.831s][info][gc       ] [SYSINFO 7333 227 63 0 6776 0 30 0 0 5703 : - - - - - - - - : 0 7168 : 4.19 3.19 2.06 : 292739 4277724 : 0 0 : 14 0 : 3877 2 0 261 : - 7410384896 682364928 1199550464 5905219584 238030848 67043328 : 140073237 29903800 735520 0 0 0 : 34.830909 ]
[34.831s][info][gc       ] [HUGEPAGESTAT 0 0 0 - 110774 0 0 : 393216 0 0 : 34.830909 ]
[34.831s][info][gc       ] [OBJCREAT 93117549 25160 5267456 : 34.830955 ]
[34.831s][info][gc       ] [HMSV All : 0 0 30 0 0 0 0 0 : 4960 0 0 0 : 34.830969 ]
[34.831s][info][gc       ] [HMSP 9 : 41100 0 : 34.830969 ]
[34.831s][info][gc       ] [SPS 0.000 0.002 0.002 0.006 0.000 0.001 0.000 0.043 0.013 0.064 NewGC_pause4 34.830436 ]
[34.831s][info][gc       ] [VMAC 65530 166 24 435 625 : 34.831377 ]
[34.988s][info][gc       ] [GPGC-H  3653.1 548.8 4.9 0.0 : 520.5 : 0.000 0.000 : 0.000 0.000 0.635 1.666 : 0.000 0.000 0.000 0.000 1.673 0.850 : 0.000 : 89.404 : 834 1784 28 0 : 2274 : 4608 4424 : 34.987965 : 9 Next_heuristic_check_may_be_too_late ]
[34.990s][info][safepoint] Application time: 0.1595855 seconds
[34.991s][info][safepoint] Total time for which application threads were stopped: 0.0002756 seconds, Stopping threads took: 0.0000004 seconds
[34.991s][info][gc       ] [SPS 0.000 0.002 0.002 0.006 0.000 0.001 0.000 0.250 0.019 0.276 NewGC_pause1 34.990298 ]
[35.048s][info][safepoint] Application time: 0.0573233 seconds
[35.048s][info][safepoint] Total time for which application threads were stopped: 0.0001197 seconds, Stopping threads took: 0.0000004 seconds
[35.049s][info][gc       ] [SPS 0.000 0.001 0.000 0.006 0.000 0.001 0.001 0.093 0.020 0.120 NewGC_pause2 35.047741 ]
[35.052s][info][safepoint] Application time: 0.0044656 seconds
[35.053s][info][safepoint] Total time for which application threads were stopped: 0.0000769 seconds, Stopping threads took: 0.0000004 seconds
[35.053s][info][gc       ] [SPS 0.000 0.000 0.000 0.006 0.000 0.001 0.000 0.057 0.012 0.077 NewGC_pause3 35.052283 ]
[35.054s][info][safepoint] Application time: 0.0011955 seconds
[35.054s][info][safepoint] Total time for which application threads were stopped: 0.0001141 seconds, Stopping threads took: 0.0000004 seconds
[35.054s][info][gc       ] [GC New Max 109-99 : 5120 3072 2236 5120 - - 1051 56 2 2 - : 240 1784 28 184 1076 : 236 4 841 841 0 : 0 1 118 0 120 - 0 : 0.157813 3941.4 0.0 0.065558 3721.9 0.0 : 3 --c 0000 : 23 0 0.000 0.000 0 0.000 0.000 0 0.000 0.000 : 34.988480 34.990022 0.000210 35.047621 0.000062 35.052206 0.000060 35.053479 0.000099 : 35.054038 ]
[35.054s][info][gc       ] [SYSINFO 7333 227 63 0 6776 0 30 0 0 5703 : - - - - - - - - : 0 7168 : 4.19 3.19 2.06 : 292739 4277724 : 0 0 : 14 0 : 3877 2 0 261 : - 7410384896 682364928 1199550464 5905219584 238030848 67043328 : 140073237 29904200 735520 0 0 0 : 35.054307 ]
[35.054s][info][gc       ] [HUGEPAGESTAT 0 0 0 - 110774 0 0 : 393216 0 0 : 35.054307 ]
[35.054s][info][gc       ] [OBJCREAT 93975203 25160 5267456 : 35.054365 ]
[35.054s][info][gc       ] [HMSV All : 0 0 30 0 0 0 0 0 : 4960 0 0 0 : 35.054383 ]
[35.054s][info][gc       ] [HMSP 9 : 41100 0 : 35.054383 ]
[35.054s][info][gc       ] [SPS 0.000 0.002 0.001 0.006 0.000 0.001 0.000 0.094 0.013 0.114 NewGC_pause4 35.053593 ]
[35.055s][info][gc       ] [VMAC 65530 166 24 435 625 : 35.054819 ]
[35.234s][info][gc       ] [GPGC-H  3636.1 548.8 4.9 0.0 : 520.5 : 0.000 0.000 : 0.000 0.000 0.629 1.666 : 0.000 0.000 0.000 0.000 1.657 0.850 : 0.000 : 88.787 : 916 1784 28 0 : 2274 : 4608 4424 : 35.234194 : 9 Next_heuristic_check_may_be_too_late ]
[35.237s][info][safepoint] Application time: 0.1828380 seconds
[35.237s][info][safepoint] Total time for which application threads were stopped: 0.0003715 seconds, Stopping threads took: 0.0000004 seconds
[35.238s][info][gc       ] [SPS 0.000 0.003 0.003 0.006 0.000 0.001 0.000 0.344 0.020 0.372 NewGC_pause1 35.236803 ]
[35.294s][info][safepoint] Application time: 0.0567950 seconds
[35.294s][info][safepoint] Total time for which application threads were stopped: 0.0001429 seconds, Stopping threads took: 0.0000005 seconds
[35.295s][info][gc       ] [SPS 0.000 0.001 0.000 0.007 0.000 0.001 0.000 0.107 0.028 0.143 NewGC_pause2 35.293741 ]
[35.296s][info][safepoint] Application time: 0.0019296 seconds
[35.296s][info][safepoint] Total time for which application threads were stopped: 0.0000765 seconds, Stopping threads took: 0.0000004 seconds
[35.296s][info][gc       ] [SPS 0.000 0.000 0.000 0.006 0.000 0.001 0.000 0.055 0.015 0.077 NewGC_pause3 35.295747 ]
[35.297s][info][safepoint] Application time: 0.0010114 seconds
[35.297s][info][safepoint] Total time for which application threads were stopped: 0.0000589 seconds, Stopping threads took: 0.0000004 seconds
[35.297s][info][gc       ] [GC New Max 110-100 : 5120 3144 2226 5120 - - 1051 56 2 2 - : 230 1784 28 184 1148 : 226 4 921 921 0 : 0 1 113 0 115 - 0 : 0.180718 3751.7 0.0 0.062338 3721.6 0.0 : 3 --c 0000 : 23 0 0.000 0.000 0 0.000 0.000 0 0.000 0.000 : 35.234756 35.236431 0.000262 35.293598 0.000079 35.295670 0.000056 35.296758 0.000043 : 35.297094 ]
[35.297s][info][gc       ] [SYSINFO 7333 227 63 0 6776 0 30 0 0 5703 : - - - - - - - - : 0 7168 : 4.19 3.19 2.06 : 292739 4277724 : 0 0 : 14 0 : 3877 2 0 261 : - 7410384896 682364928 1199550464 5905219584 238030848 67043328 : 140073237 29904580 735530 0 0 0 : 35.297304 ]
[35.297s][info][gc       ] [HUGEPAGESTAT 0 0 0 - 110774 0 0 : 393216 0 0 : 35.297304 ]
[35.297s][info][gc       ] [OBJCREAT 94876937 25160 5267456 : 35.297344 ]
[35.297s][info][gc       ] [HMSV All : 0 0 30 0 0 0 0 0 : 4960 0 0 0 : 35.297359 ]
[35.297s][info][gc       ] [HMSP 9 : 41100 0 : 35.297359 ]
[35.297s][info][gc       ] [SPS 0.000 0.002 0.002 0.006 0.000 0.001 0.000 0.039 0.012 0.059 NewGC_pause4 35.296817 ]
[35.298s][info][gc       ] [VMAC 65530 166 24 435 625 : 35.297848 ]
[35.459s][info][gc       ] [GPGC-H  3636.1 548.8 4.9 0.0 : 520.5 : 0.000 0.000 : 0.000 0.000 0.623 1.666 : 0.000 0.000 0.000 0.000 1.641 0.850 : 0.000 : 88.082 : 838 1784 28 0 : 2274 : 4608 4424 : 35.458690 : 9 Next_heuristic_check_may_be_too_late ]
[35.461s][info][safepoint] Application time: 0.1640461 seconds
[35.462s][info][safepoint] Total time for which application threads were stopped: 0.0004009 seconds, Stopping threads took: 0.0000005 seconds
[35.462s][info][gc       ] [SPS 0.000 0.003 0.002 0.006 0.000 0.001 0.000 0.375 0.019 0.401 NewGC_pause1 35.461264 ]
[35.519s][info][safepoint] Application time: 0.0575471 seconds
[35.520s][info][safepoint] Total time for which application threads were stopped: 0.0001884 seconds, Stopping threads took: 0.0000004 seconds
[35.520s][info][gc       ] [SPS 0.000 0.001 0.000 0.006 0.000 0.001 0.000 0.150 0.031 0.189 NewGC_pause2 35.519000 ]
[35.521s][info][safepoint] Application time: 0.0023900 seconds
[35.522s][info][safepoint] Total time for which application threads were stopped: 0.0000721 seconds, Stopping threads took: 0.0000004 seconds
[35.522s][info][gc       ] [SPS 0.000 0.000 0.000 0.006 0.000 0.001 0.000 0.049 0.015 0.072 NewGC_pause3 35.521462 ]
[35.523s][info][safepoint] Application time: 0.0010307 seconds
[35.523s][info][safepoint] Total time for which application threads were stopped: 0.0000581 seconds, Stopping threads took: 0.0000004 seconds
[35.523s][info][gc       ] [SPS 0.000 0.002 0.002 0.006 0.000 0.001 0.000 0.038 0.013 0.058 NewGC_pause4 35.522551 ]
[35.523s][info][gc       ] [GC New Max 111-101 : 5120 3054 2212 5120 - - 1051 56 2 2 - : 216 1784 28 184 1058 : 212 4 844 844 0 : 0 1 106 0 108 - 0 : 0.162079 3763.6 0.0 0.063677 3454.9 0.0 : 3 --c 0000 : 23 0 0.000 0.000 0 0.000 0.000 0 0.000 0.000 : 35.459173 35.460863 0.000290 35.518812 0.000103 35.521390 0.000052 35.522493 0.000041 : 35.522850 ]
[35.523s][info][gc       ] [SYSINFO 7333 227 63 0 6776 0 30 0 0 5703 : - - - - - - - - : 0 7168 : 4.19 3.19 2.06 : 292739 4277724 : 0 0 : 14 0 : 3877 2 0 261 : - 7410384896 682364928 1199550464 5905219584 238030848 67043328 : 140073237 29904980 735530 0 0 0 : 35.523075 ]
[35.523s][info][gc       ] [HUGEPAGESTAT 0 0 0 - 110774 0 0 : 393216 0 0 : 35.523075 ]
[35.523s][info][gc       ] [OBJCREAT 95697980 25160 5267456 : 35.523114 ]
[35.523s][info][gc       ] [HMSV All : 0 0 30 0 0 0 0 0 : 4960 0 0 0 : 35.523128 ]
[35.523s][info][gc       ] [HMSP 9 : 41100 0 : 35.523128 ]
[35.524s][info][gc       ] [VMAC 65530 166 24 435 625 : 35.523507 ]
[35.681s][info][gc       ] [GPGC-H  3636.1 548.8 4.9 0.0 : 520.5 : 0.000 0.000 : 0.000 0.000 0.617 1.666 : 0.000 0.000 0.000 0.000 1.625 0.850 : 0.000 : 87.460 : 824 1784 28 0 : 2274 : 4608 4424 : 35.680861 : 9 Next_heuristic_check_may_be_too_late ]
[35.683s][info][safepoint] Application time: 0.1604141 seconds
[35.684s][info][safepoint] Total time for which application threads were stopped: 0.0002406 seconds, Stopping threads took: 0.0000004 seconds
[35.684s][info][gc       ] [SPS 0.000 0.003 0.002 0.006 0.000 0.001 0.000 0.215 0.018 0.241 NewGC_pause1 35.683206 ]
[35.744s][info][safepoint] Application time: 0.0605556 seconds
[35.744s][info][safepoint] Total time for which application threads were stopped: 0.0001519 seconds, Stopping threads took: 0.0000004 seconds
[35.745s][info][gc       ] [SPS 0.000 0.001 0.000 0.005 0.000 0.001 0.000 0.127 0.018 0.152 NewGC_pause2 35.743914 ]
[35.746s][info][safepoint] Application time: 0.0019899 seconds
[35.746s][info][safepoint] Total time for which application threads were stopped: 0.0000482 seconds, Stopping threads took: 0.0000004 seconds
[35.746s][info][gc       ] [SPS 0.000 0.000 0.000 0.005 0.000 0.001 0.000 0.030 0.011 0.048 NewGC_pause3 35.745952 ]
[35.751s][info][safepoint] Application time: 0.0048766 seconds
[35.751s][info][safepoint] Total time for which application threads were stopped: 0.0000547 seconds, Stopping threads took: 0.0000004 seconds
[35.751s][info][gc       ] [GC New Max 112-102 : 5120 3026 2216 5120 - - 1051 56 2 2 - : 220 1784 28 184 1030 : 200 4 831 831 0 : 0 1 100 0 110 - 0 : 0.158562 3859.7 0.0 0.069707 3184.7 0.0 : 3 --c 0000 : 23 0 0.000 0.000 0 0.000 0.000 0 0.000 0.000 : 35.681412 35.682965 0.000185 35.743762 0.000097 35.745904 0.000033 35.750828 0.000040 : 35.751119 ]
[35.751s][info][gc       ] [SYSINFO 7333 227 63 0 6776 0 30 0 0 5703 : - - - - - - - - : 0 7168 : 4.19 3.19 2.06 : 292739 4277724 : 0 0 : 14 0 : 3877 2 0 261 : - 7410384896 682364928 1199550464 5905219584 238030848 67043328 : 140073237 29905350 735530 0 0 0 : 35.751378 ]
[35.751s][info][gc       ] [HUGEPAGESTAT 0 0 0 - 110774 0 0 : 393216 0 0 : 35.751378 ]
[35.751s][info][gc       ] [OBJCREAT 96524157 25160 5267456 : 35.751417 ]
[35.751s][info][gc       ] [HMSV All : 0 0 30 0 0 0 0 0 : 4960 0 0 0 : 35.751442 ]
[35.751s][info][gc       ] [HMSP 9 : 41100 0 : 35.751442 ]
[35.752s][info][gc       ] [SPS 0.000 0.002 0.001 0.005 0.000 0.001 0.000 0.038 0.011 0.055 NewGC_pause4 35.750883 ]
[35.752s][info][gc       ] [VMAC 65530 166 24 435 625 : 35.751834 ]
[35.934s][info][gc       ] [GPGC-H  3636.1 548.8 4.9 0.0 : 520.5 : 0.000 0.000 : 0.000 0.000 0.611 1.666 : 0.000 0.000 0.000 0.000 1.610 0.850 : 0.000 : 86.863 : 896 1784 28 0 : 2274 : 4608 4424 : 35.934144 : 9 Next_heuristic_check_may_be_too_late ]
[35.937s][info][safepoint] Application time: 0.1855652 seconds
[35.937s][info][safepoint] Total time for which application threads were stopped: 0.0004210 seconds, Stopping threads took: 0.0000008 seconds
[35.938s][info][gc       ] [SPS 0.000 0.004 0.003 0.011 0.001 0.001 0.001 0.360 0.048 0.421 NewGC_pause1 35.936870 ]
[35.996s][info][safepoint] Application time: 0.0590127 seconds
[35.997s][info][safepoint] Total time for which application threads were stopped: 0.0001506 seconds, Stopping threads took: 0.0000004 seconds
[35.997s][info][gc       ] [SPS 0.000 0.001 0.000 0.006 0.000 0.001 0.000 0.121 0.021 0.151 NewGC_pause2 35.996033 ]
[35.998s][info][safepoint] Application time: 0.0019673 seconds
[35.998s][info][safepoint] Total time for which application threads were stopped: 0.0000725 seconds, Stopping threads took: 0.0000005 seconds
[35.999s][info][gc       ] [SPS 0.000 0.001 0.000 0.007 0.000 0.001 0.000 0.049 0.015 0.072 NewGC_pause3 35.998073 ]
[35.999s][info][safepoint] Application time: 0.0009180 seconds
[35.999s][info][safepoint] Total time for which application threads were stopped: 0.0000619 seconds, Stopping threads took: 0.0000005 seconds
[35.999s][info][gc       ] [SPS 0.000 0.003 0.002 0.006 0.000 0.001 0.000 0.040 0.014 0.062 NewGC_pause4 35.999053 ]
[36.000s][info][gc       ] [GC New Max 113-103 : 5120 3108 2208 5120 - - 1051 56 2 2 - : 212 1784 28 184 1112 : 208 4 902 902 0 : 0 1 104 0 106 - 0 : 0.183589 3693.0 0.0 0.064612 3343.1 0.0 : 3 --c 0000 : 23 0 0.000 0.000 0 0.000 0.000 0 0.000 0.000 : 35.934708 35.936449 0.000296 35.995883 0.000089 35.998001 0.000053 35.998991 0.000044 : 35.999320 ]
[36.000s][info][gc       ] [SYSINFO 7333 227 63 0 6776 0 30 0 0 5703 : - - - - - - - - : 0 7168 : 4.19 3.19 2.06 : 292739 4277724 : 0 0 : 14 0 : 3877 2 0 261 : - 7410384896 682364928 1199550464 5905219584 238030848 67043328 : 140073237 29905750 735530 0 0 0 : 35.999559 ]
[36.000s][info][gc       ] [HUGEPAGESTAT 0 0 0 - 110774 0 0 : 393216 0 0 : 35.999559 ]
[36.000s][info][gc       ] [OBJCREAT 97408870 25160 5267456 : 35.999603 ]
[36.000s][info][gc       ] [HMSV All : 0 0 30 0 0 0 0 0 : 4960 0 0 0 : 35.999618 ]
[36.000s][info][gc       ] [HMSP 9 : 41100 0 : 35.999618 ]
[36.000s][info][gc       ] [VMAC 65530 166 24 435 625 : 36.000030 ]
[36.184s][info][gc       ] [GPGC-H  3636.1 548.8 4.9 0.0 : 520.5 : 0.000 0.000 : 0.000 0.000 0.605 1.666 : 0.000 0.000 0.000 0.000 1.593 0.850 : 0.000 : 86.169 : 864 1784 28 0 : 2274 : 4608 4424 : 36.184076 : 9 Next_heuristic_check_may_be_too_late ]
[36.187s][info][safepoint] Application time: 0.1874328 seconds
[36.187s][info][safepoint] Total time for which application threads were stopped: 0.0003203 seconds, Stopping threads took: 0.0000004 seconds
[36.188s][info][gc       ] [SPS 0.000 0.003 0.002 0.006 0.000 0.001 0.000 0.292 0.021 0.320 NewGC_pause1 36.186806 ]
[36.245s][info][safepoint] Application time: 0.0582537 seconds
[36.246s][info][safepoint] Total time for which application threads were stopped: 0.0002246 seconds, Stopping threads took: 0.0000004 seconds
[36.246s][info][gc       ] [SPS 0.000 0.001 0.000 0.006 0.000 0.001 0.000 0.194 0.023 0.225 NewGC_pause2 36.245285 ]
[36.247s][info][safepoint] Application time: 0.0020961 seconds
[36.248s][info][safepoint] Total time for which application threads were stopped: 0.0000596 seconds, Stopping threads took: 0.0000004 seconds
[36.248s][info][gc       ] [SPS 0.000 0.001 0.000 0.006 0.000 0.001 0.000 0.037 0.015 0.060 NewGC_pause3 36.247440 ]
[36.249s][info][safepoint] Application time: 0.0011245 seconds
[36.249s][info][safepoint] Total time for which application threads were stopped: 0.0000634 seconds, Stopping threads took: 0.0000005 seconds
[36.249s][info][gc       ] [SPS 0.000 0.002 0.002 0.007 0.000 0.001 0.000 0.041 0.015 0.063 NewGC_pause4 36.248628 ]
[36.249s][info][gc       ] [GC New Max 114-104 : 5120 3076 2210 5120 - - 1051 56 2 2 - : 214 1784 28 184 1080 : 210 4 870 870 0 : 0 1 105 0 107 - 0 : 0.185373 3528.0 0.0 0.064135 3399.1 0.0 : 3 --c 0000 : 23 0 0.000 0.000 0 0.000 0.000 0 0.000 0.000 : 36.184693 36.186486 0.000253 36.245060 0.000136 36.247381 0.000040 36.248565 0.000045 : 36.248828 ]
[36.249s][info][gc       ] [SYSINFO 7333 227 63 0 6776 0 30 0 0 5703 : - - - - - - - - : 0 7168 : 4.19 3.19 2.06 : 292739 4277724 : 0 0 : 14 0 : 3877 2 0 261 : - 7410384896 682364928 1199550464 5905219584 238030848 67043328 : 140073237 29906140 735530 0 0 0 : 36.249082 ]
[36.249s][info][gc       ] [HUGEPAGESTAT 0 0 0 - 110774 0 0 : 393216 0 0 : 36.249082 ]
[36.249s][info][gc       ] [OBJCREAT 98271835 25160 5267456 : 36.249128 ]
[36.249s][info][gc       ] [HMSV All : 0 0 30 0 0 0 0 0 : 4960 0 0 0 : 36.249142 ]
[36.249s][info][gc       ] [HMSP 9 : 41100 0 : 36.249142 ]
[36.250s][info][gc       ] [VMAC 65530 166 24 435 625 : 36.249542 ]
[36.411s][info][gc       ] [GPGC-H  3636.1 548.8 4.9 0.0 : 520.5 : 0.000 0.000 : 0.000 0.000 0.599 1.666 : 0.000 0.000 0.000 0.000 1.577 0.850 : 0.000 : 85.476 : 814 1784 28 0 : 2274 : 4608 4424 : 36.410946 : 9 Next_heuristic_check_may_be_too_late ]
[36.414s][info][safepoint] Application time: 0.1646395 seconds
[36.414s][info][safepoint] Total time for which application threads were stopped: 0.0002629 seconds, Stopping threads took: 0.0000008 seconds
[36.414s][info][gc       ] [SPS 0.000 0.004 0.004 0.010 0.001 0.001 0.001 0.219 0.032 0.263 NewGC_pause1 36.413531 ]
[36.472s][info][safepoint] Application time: 0.0581937 seconds
[36.473s][info][safepoint] Total time for which application threads were stopped: 0.0002039 seconds, Stopping threads took: 0.0000004 seconds
[36.473s][info][gc       ] [SPS 0.000 0.001 0.000 0.007 0.000 0.001 0.000 0.165 0.030 0.204 NewGC_pause2 36.471929 ]
[36.475s][info][safepoint] Application time: 0.0026680 seconds
[36.475s][info][safepoint] Total time for which application threads were stopped: 0.0000637 seconds, Stopping threads took: 0.0000005 seconds
[36.475s][info][gc       ] [SPSH lock suspend gclocker notify wait resuspend cleanup op_time wakeup total(ms) op_name end(s) ]
[36.475s][info][gc       ] [SPS 0.000 0.001 0.000 0.007 0.001 0.001 0.000 0.038 0.018 0.064 NewGC_pause3 36.474661 ]
[36.476s][info][safepoint] Application time: 0.0010458 seconds
[36.476s][info][safepoint] Total time for which application threads were stopped: 0.0000637 seconds, Stopping threads took: 0.0000005 seconds
[36.476s][info][gc       ] [GC New Max 115-105 : 5120 3026 2208 5120 - - 1051 56 2 2 - : 212 1784 28 184 1030 : 210 4 821 821 0 : 0 1 105 0 106 - 0 : 0.162637 3701.5 0.0 0.064521 3347.8 0.0 : 3 --c 0000 : 23 0 0.000 0.000 0 0.000 0.000 0 0.000 0.000 : 36.411465 36.413268 0.000171 36.471725 0.000117 36.474597 0.000042 36.475707 0.000046 : 36.475986 ]
[36.476s][info][gc       ] [SYSINFO 7333 227 63 0 6776 0 30 0 0 5703 : - - - - - - - - : 0 7168 : 4.19 3.19 2.06 : 292739 4277724 : 0 0 : 14 0 : 3877 2 0 261 : - 7410384896 682364928 1199550464 5905219584 238030848 67043328 : 140073237 29906550 735540 0 0 0 : 36.476208 ]
[36.476s][info][gc       ] [HUGEPAGESTAT 0 0 0 - 110774 0 0 : 393216 0 0 : 36.476208 ]
[36.476s][info][gc       ] [OBJCREAT 99083966 25160 5267456 : 36.476253 ]
[36.476s][info][gc       ] [HMSV All : 0 0 30 0 0 0 0 0 : 4960 0 0 0 : 36.476269 ]
[36.476s][info][gc       ] [HMSP 9 : 41100 0 : 36.476269 ]
[36.476s][info][gc       ] [SPS 0.000 0.002 0.002 0.007 0.000 0.001 0.000 0.042 0.014 0.064 NewGC_pause4 36.475770 ]
[36.477s][info][gc       ] [VMAC 65530 166 24 435 625 : 36.476680 ]
[36.661s][info][gc       ] [GPGC-H  3636.1 548.8 4.9 0.0 : 520.5 : 0.000 0.000 : 0.000 0.000 0.593 1.666 : 0.000 0.000 0.000 0.000 1.562 0.850 : 0.000 : 84.880 : 870 1784 28 0 : 2274 : 4608 4424 : 36.661214 : 9 Next_heuristic_check_may_be_too_late ]
[36.664s][info][safepoint] Application time: 0.1876885 seconds
[36.664s][info][safepoint] Total time for which application threads were stopped: 0.0003973 seconds, Stopping threads took: 0.0000004 seconds
[36.665s][info][gc       ] [SPS 0.000 0.002 0.002 0.006 0.000 0.001 0.000 0.367 0.023 0.397 NewGC_pause1 36.663857 ]
[36.723s][info][safepoint] Application time: 0.0589866 seconds
[36.724s][info][safepoint] Total time for which application threads were stopped: 0.0001585 seconds, Stopping threads took: 0.0000004 seconds
[36.724s][info][gc       ] [SPS 0.000 0.001 0.000 0.006 0.000 0.001 0.000 0.130 0.021 0.159 NewGC_pause2 36.723002 ]
[36.726s][info][safepoint] Application time: 0.0024506 seconds
[36.726s][info][safepoint] Total time for which application threads were stopped: 0.0002324 seconds, Stopping threads took: 0.0000006 seconds
[36.726s][info][gc       ] [SPS 0.000 0.000 0.000 0.024 0.001 0.001 0.000 0.184 0.023 0.233 NewGC_pause3 36.725685 ]
[36.727s][info][safepoint] Application time: 0.0008433 seconds
[36.727s][info][safepoint] Total time for which application threads were stopped: 0.0000603 seconds, Stopping threads took: 0.0000004 seconds
[36.727s][info][gc       ] [SPS 0.000 0.002 0.002 0.006 0.000 0.001 0.000 0.039 0.014 0.060 NewGC_pause4 36.726588 ]
[36.727s][info][gc       ] [GC New Max 116-106 : 5120 3088 2216 5120 - - 1051 56 2 2 - : 220 1784 28 184 1092 : 216 4 877 877 0 : 0 1 108 0 110 - 0 : 0.185754 3553.1 0.0 0.065108 3440.4 0.0 : 3 --c 0000 : 23 0 0.000 0.000 0 0.000 0.000 0 0.000 0.000 : 36.661740 36.663459 0.000284 36.722843 0.000092 36.725452 0.000072 36.726528 0.000043 : 36.726848 ]
[36.727s][info][gc       ] [SYSINFO 7333 227 63 0 6776 0 30 0 0 5703 : - - - - - - - - : 0 7168 : 4.19 3.19 2.06 : 292739 4277724 : 0 0 : 14 0 : 3877 3 0 261 : - 7410384896 682364928 1199550464 5905219584 238030848 67043328 : 140073237 29906960 735550 0 0 0 : 36.727062 ]
[36.727s][info][gc       ] [HUGEPAGESTAT 0 0 0 - 110774 0 0 : 393216 0 0 : 36.727062 ]
[36.727s][info][gc       ] [OBJCREAT 99957674 25160 5267456 : 36.727102 ]
[36.727s][info][gc       ] [HMSV All : 0 0 30 0 0 0 0 0 : 4960 0 0 0 : 36.727119 ]
[36.727s][info][gc       ] [HMSP 9 : 41100 0 : 36.727119 ]
[36.728s][info][gc       ] [VMAC 65530 166 24 435 625 : 36.727508 ]
[36.912s][info][gc       ] [GPGC-H  3636.1 548.8 4.9 0.0 : 520.5 : 0.000 0.000 : 0.000 0.000 0.587 1.666 : 0.000 0.000 0.000 0.000 1.545 0.850 : 0.000 : 84.201 : 872 1784 28 0 : 2274 : 4608 4424 : 36.912075 : 9 Next_heuristic_check_may_be_too_late ]
[36.915s][info][safepoint] Application time: 0.1878995 seconds
[36.915s][info][safepoint] Total time for which application threads were stopped: 0.0002883 seconds, Stopping threads took: 0.0000004 seconds
[36.916s][info][gc       ] [SPS 0.000 0.003 0.002 0.006 0.000 0.001 0.000 0.261 0.020 0.288 NewGC_pause1 36.914777 ]
[36.974s][info][safepoint] Application time: 0.0594664 seconds
[36.975s][info][safepoint] Total time for which application threads were stopped: 0.0001399 seconds, Stopping threads took: 0.0000004 seconds
[36.975s][info][gc       ] [SPS 0.000 0.001 0.000 0.005 0.000 0.001 0.000 0.115 0.018 0.140 NewGC_pause2 36.974383 ]
[36.976s][info][safepoint] Application time: 0.0011693 seconds
[36.976s][info][safepoint] Total time for which application threads were stopped: 0.0000552 seconds, Stopping threads took: 0.0000005 seconds
[36.976s][info][gc       ] [SPS 0.000 0.005 0.000 0.007 0.000 0.001 0.000 0.034 0.012 0.055 NewGC_pause3 36.975607 ]
[36.977s][info][safepoint] Application time: 0.0008609 seconds
[36.977s][info][safepoint] Total time for which application threads were stopped: 0.0000608 seconds, Stopping threads took: 0.0000004 seconds
[36.977s][info][gc       ] [SPS 0.000 0.003 0.002 0.005 0.000 0.006 0.001 0.036 0.012 0.061 NewGC_pause4 36.976529 ]
[36.977s][info][gc       ] [GC New Max 117-107 : 5120 3108 2232 5120 - - 1051 56 2 2 - : 236 1784 28 184 1112 : 232 4 878 878 0 : 0 1 116 0 118 - 0 : 0.185811 3519.7 0.0 0.064090 3744.7 0.0 : 3 --c 0000 : 23 0 0.000 0.000 0 0.000 0.000 0 0.000 0.000 : 36.912659 36.914488 0.000222 36.974243 0.000081 36.975552 0.000038 36.976468 0.000045 : 36.976749 ]
[36.977s][info][gc       ] [SYSINFO 7333 227 63 0 6776 0 30 0 0 5703 : - - - - - - - - : 0 7168 : 4.19 3.19 2.06 : 292739 4277724 : 0 0 : 14 0 : 3877 2 0 261 : - 7410384896 682364928 1199550464 5905219584 238030848 67043328 : 140073237 29907350 735550 0 0 0 : 36.977013 ]
[36.977s][info][gc       ] [HUGEPAGESTAT 0 0 0 - 110774 0 0 : 393216 0 0 : 36.977013 ]
[36.977s][info][gc       ] [OBJCREAT 100842339 25160 5267456 : 36.977070 ]
[36.977s][info][gc       ] [HMSV All : 0 0 30 0 0 0 0 0 : 4960 0 0 0 : 36.977083 ]
[36.977s][info][gc       ] [HMSP 9 : 41100 0 : 36.977083 ]
[36.978s][info][gc       ] [VMAC 65530 166 24 435 625 : 36.977509 ]
[37.161s][info][gc       ] [GPGC-H  3636.1 499.0 4.4 0.0 : 473.2 : 0.000 0.000 : 0.000 0.000 0.581 1.666 : 0.000 0.000 0.000 0.000 1.529 0.850 : 0.000 : 83.529 : 902 1784 28 0 : 2274 : 4608 4424 : 37.160997 : 9 Next_heuristic_check_may_be_too_late ]
[37.164s][info][safepoint] Application time: 0.1868966 seconds
[37.164s][info][safepoint] Total time for which application threads were stopped: 0.0003528 seconds, Stopping threads took: 0.0000004 seconds
[37.165s][info][gc       ] [SPS 0.000 0.003 0.003 0.006 0.000 0.001 0.000 0.317 0.028 0.353 NewGC_pause1 37.163779 ]
[37.222s][info][safepoint] Application time: 0.0581192 seconds
[37.223s][info][safepoint] Total time for which application threads were stopped: 0.0001705 seconds, Stopping threads took: 0.0000004 seconds
[37.223s][info][gc       ] [SPS 0.000 0.001 0.000 0.006 0.000 0.001 0.000 0.143 0.020 0.171 NewGC_pause2 37.222069 ]
[37.224s][info][safepoint] Application time: 0.0018080 seconds
[37.224s][info][safepoint] Total time for which application threads were stopped: 0.0001216 seconds, Stopping threads took: 0.0000004 seconds
[37.225s][info][gc       ] [SPS 0.000 0.000 0.000 0.006 0.000 0.001 0.000 0.101 0.013 0.122 NewGC_pause3 37.223998 ]
[37.225s][info][safepoint] Application time: 0.0012129 seconds
[37.225s][info][safepoint] Total time for which application threads were stopped: 0.0000666 seconds, Stopping threads took: 0.0000004 seconds
[37.226s][info][gc       ] [SPS 0.000 0.002 0.002 0.006 0.000 0.001 0.000 0.039 0.020 0.067 NewGC_pause4 37.225278 ]
[37.226s][info][gc       ] [GC New Max 118-108 : 5120 3116 2212 5120 - - 1051 56 2 2 - : 216 1784 28 184 1120 : 212 4 908 908 0 : 0 1 106 0 108 - 0 : 0.184882 3613.1 0.0 0.063917 3442.0 0.0 : 3 --c 0000 : 23 0 0.000 0.000 0 0.000 0.000 0 0.000 0.000 : 37.161631 37.163426 0.000267 37.221898 0.000113 37.223877 0.000105 37.225211 0.000043 : 37.225548 ]
[37.226s][info][gc       ] [SYSINFO 7333 227 63 0 6776 0 30 0 0 5703 : - - - - - - - - : 0 7168 : 4.19 3.19 2.06 : 292739 4277724 : 0 0 : 14 0 : 3877 2 0 261 : - 7410384896 682364928 1199550464 5905219584 238030848 67043328 : 140073237 29907770 735560 0 0 0 : 37.225790 ]
[37.226s][info][gc       ] [HUGEPAGESTAT 0 0 0 - 110774 0 0 : 393216 0 0 : 37.225790 ]
[37.226s][info][gc       ] [OBJCREAT 101721354 25160 5267456 : 37.225833 ]
[37.226s][info][gc       ] [HMSV All : 0 0 30 0 0 0 0 0 : 4960 0 0 0 : 37.225848 ]
[37.226s][info][gc       ] [HMSP 9 : 41100 0 : 37.225848 ]
[37.226s][info][gc       ] [VMAC 65530 166 24 435 625 : 37.226256 ]
[37.411s][info][gc       ] [GPGC-H  3621.4 499.0 4.4 0.0 : 473.2 : 0.000 0.000 : 0.000 0.000 0.575 1.666 : 0.000 0.000 0.000 0.000 1.514 0.850 : 0.000 : 82.868 : 882 1784 28 0 : 2274 : 4608 4424 : 37.410919 : 9 Next_heuristic_check_may_be_too_late ]
[37.414s][info][safepoint] Application time: 0.1880277 seconds
[37.414s][info][safepoint] Total time for which application threads were stopped: 0.0004192 seconds, Stopping threads took: 0.0000005 seconds
[37.415s][info][gc       ] [SPS 0.000 0.002 0.002 0.006 0.000 0.001 0.000 0.394 0.018 0.419 NewGC_pause1 37.413725 ]
[37.470s][info][safepoint] Application time: 0.0564747 seconds
[37.471s][info][safepoint] Total time for which application threads were stopped: 0.0001883 seconds, Stopping threads took: 0.0000004 seconds
[37.472s][info][gc       ] [SPS 0.000 0.001 0.000 0.006 0.000 0.001 0.000 0.159 0.022 0.188 NewGC_pause2 37.470388 ]
[37.473s][info][safepoint] Application time: 0.0024316 seconds
[37.473s][info][safepoint] Total time for which application threads were stopped: 0.0001466 seconds, Stopping threads took: 0.0000004 seconds
[37.474s][info][gc       ] [SPS 0.000 0.000 0.000 0.006 0.000 0.001 0.000 0.120 0.020 0.147 NewGC_pause3 37.472966 ]
[37.474s][info][safepoint] Application time: 0.0010084 seconds
[37.474s][info][safepoint] Total time for which application threads were stopped: 0.0000598 seconds, Stopping threads took: 0.0000004 seconds
[37.475s][info][gc       ] [GC New Max 119-109 : 5120 3108 2222 5120 - - 1051 56 2 2 - : 226 1784 28 184 1112 : 222 4 889 889 0 : 0 1 111 0 113 - 0 : 0.186000 3591.4 0.0 0.062749 3665.4 0.0 : 3 --c 0000 : 23 0 0.000 0.000 0 0.000 0.000 0 0.000 0.000 : 37.411548 37.413306 0.000298 37.470200 0.000123 37.472820 0.000040 37.473975 0.000042 : 37.474297 ]
[37.475s][info][gc       ] [SYSINFO 7333 227 63 0 6776 0 30 0 0 5703 : - - - - - - - - : 0 7168 : 4.19 3.19 2.06 : 292739 4277744 : 0 0 : 14 0 : 3877 2 0 261 : - 7410384896 682364928 1199550464 5905219584 238030848 67043328 : 140073237 29908180 735560 0 0 0 : 37.474527 ]
[37.475s][info][gc       ] [HUGEPAGESTAT 0 0 0 - 110774 0 0 : 393216 0 0 : 37.474527 ]
[37.475s][info][gc       ] [OBJCREAT 102610743 25160 5267456 : 37.474566 ]
[37.475s][info][gc       ] [HMSV All : 0 0 30 0 0 0 0 0 : 4960 0 0 0 : 37.474597 ]
[37.475s][info][gc       ] [HMSP 9 : 41100 0 : 37.474597 ]
[37.475s][info][gc       ] [SPS 0.000 0.003 0.002 0.006 0.000 0.001 0.000 0.039 0.013 0.060 NewGC_pause4 37.474034 ]
[37.475s][info][gc       ] [VMAC 65530 166 24 435 625 : 37.475082 ]
[37.657s][info][gc       ] [GPGC-H  3621.4 499.0 4.4 0.0 : 473.2 : 0.000 0.000 : 0.000 0.000 0.570 1.666 : 0.000 0.000 0.000 0.000 1.498 0.850 : 0.000 : 82.209 : 868 1784 28 0 : 2274 : 4608 4424 : 37.656934 : 9 Next_heuristic_check_may_be_too_late ]
[37.660s][info][safepoint] Application time: 0.1853561 seconds
[37.660s][info][safepoint] Total time for which application threads were stopped: 0.0002969 seconds, Stopping threads took: 0.0000004 seconds
[37.660s][info][gc       ] [SPS 0.000 0.003 0.002 0.006 0.000 0.001 0.000 0.269 0.020 0.297 NewGC_pause1 37.659688 ]
[37.727s][info][safepoint] Application time: 0.0675509 seconds
[37.728s][info][safepoint] Total time for which application threads were stopped: 0.0001679 seconds, Stopping threads took: 0.0000004 seconds
[37.728s][info][gc       ] [SPS 0.000 0.001 0.000 0.006 0.000 0.001 0.000 0.142 0.019 0.168 NewGC_pause2 37.727407 ]
[37.729s][info][safepoint] Application time: 0.0012877 seconds
[37.729s][info][safepoint] Total time for which application threads were stopped: 0.0000526 seconds, Stopping threads took: 0.0000004 seconds
[37.729s][info][gc       ] [SPS 0.000 0.000 0.000 0.006 0.000 0.001 0.000 0.033 0.013 0.052 NewGC_pause3 37.728747 ]
[37.730s][info][safepoint] Application time: 0.0008802 seconds
[37.730s][info][safepoint] Total time for which application threads were stopped: 0.0000637 seconds, Stopping threads took: 0.0000004 seconds
[37.730s][info][gc       ] [SPS 0.000 0.003 0.002 0.006 0.000 0.001 0.000 0.044 0.013 0.063 NewGC_pause4 37.729691 ]
[37.730s][info][gc       ] [GC New Max 120-110 : 5120 3120 2248 5120 - - 1051 56 2 2 - : 252 1784 28 184 1124 : 250 4 874 874 0 : 0 1 125 0 126 - 0 : 0.183271 3513.9 0.0 0.072392 3536.3 0.0 : 3 --c 0000 : 23 0 0.000 0.000 0 0.000 0.000 0 0.000 0.000 : 37.657569 37.659391 0.000229 37.727239 0.000105 37.728695 0.000035 37.729628 0.000047 : 37.729960 ]
[37.730s][info][gc       ] [SYSINFO 7333 227 63 0 6776 0 30 0 0 5703 : - - - - - - - - : 0 7168 : 4.19 3.19 2.06 : 292739 4277744 : 0 0 : 14 0 : 3877 2 0 261 : - 7410384896 682364928 1199550464 5905219584 238030848 67043328 : 140073237 29908620 735570 0 0 0 : 37.730229 ]
[37.730s][info][gc       ] [HUGEPAGESTAT 0 0 0 - 110774 0 0 : 393216 0 0 : 37.730229 ]
[37.730s][info][gc       ] [OBJCREAT 103503307 25160 5267456 : 37.730269 ]
[37.730s][info][gc       ] [HMSV All : 0 0 30 0 0 0 0 0 : 4960 0 0 0 : 37.730285 ]
[37.730s][info][gc       ] [HMSP 9 : 41100 0 : 37.730285 ]
[37.731s][info][gc       ] [VMAC 65530 166 24 435 625 : 37.730657 ]
[37.883s][info][gc       ] [GPGC-H  3621.4 499.0 4.4 0.0 : 473.2 : 0.000 0.000 : 0.000 0.000 0.564 1.666 : 0.000 0.000 0.000 0.000 1.482 0.850 : 0.000 : 81.576 : 856 1784 28 0 : 2274 : 4608 4424 : 37.882595 : 9 Next_heuristic_check_may_be_too_late ]
[37.885s][info][safepoint] Application time: 0.1551536 seconds
[37.886s][info][safepoint] Total time for which application threads were stopped: 0.0003589 seconds, Stopping threads took: 0.0000004 seconds
[37.886s][info][gc       ] [SPS 0.000 0.003 0.002 0.006 0.000 0.001 0.000 0.322 0.029 0.359 NewGC_pause1 37.885204 ]
[37.947s][info][safepoint] Application time: 0.0612023 seconds
[37.947s][info][safepoint] Total time for which application threads were stopped: 0.0001198 seconds, Stopping threads took: 0.0000004 seconds
[37.947s][info][gc       ] [SPS 0.000 0.001 0.000 0.006 0.000 0.001 0.000 0.094 0.019 0.120 NewGC_pause2 37.946526 ]
[37.948s][info][safepoint] Application time: 0.0017067 seconds
[37.949s][info][safepoint] Total time for which application threads were stopped: 0.0001489 seconds, Stopping threads took: 0.0000003 seconds
[37.949s][info][gc       ] [SPS 0.000 0.000 0.000 0.006 0.000 0.001 0.000 0.125 0.017 0.149 NewGC_pause3 37.948382 ]
[37.950s][info][safepoint] Application time: 0.0010558 seconds
[37.950s][info][safepoint] Total time for which application threads were stopped: 0.0000675 seconds, Stopping threads took: 0.0000004 seconds
[37.950s][info][gc       ] [SPS 0.000 0.002 0.002 0.006 0.000 0.001 0.000 0.041 0.019 0.067 NewGC_pause4 37.949505 ]
[37.950s][info][gc       ] [GC New Max 121-111 : 5120 3100 2238 5120 - - 1051 56 2 2 - : 242 1784 28 184 1104 : 240 4 864 864 0 : 0 1 120 0 121 - 0 : 0.153119 3957.7 0.0 0.066631 3722.0 0.0 : 3 --c 0000 : 23 0 0.000 0.000 0 0.000 0.000 0 0.000 0.000 : 37.883079 37.884845 0.000250 37.946406 0.000062 37.948233 0.000129 37.949437 0.000045 : 37.949710 ]
[37.950s][info][gc       ] [SYSINFO 7333 227 63 0 6776 0 30 0 0 5703 : - - - - - - - - : 0 7168 : 4.19 3.19 2.06 : 292739 4277744 : 0 0 : 14 0 : 3877 2 0 261 : - 7410384896 682364928 1199550464 5905219584 238030848 67043328 : 140073237 29908980 735570 0 0 0 : 37.949935 ]
[37.950s][info][gc       ] [HUGEPAGESTAT 0 0 0 - 110774 0 0 : 393216 0 0 : 37.949935 ]
[37.950s][info][gc       ] [OBJCREAT 104347804 25160 5267456 : 37.949977 ]
[37.950s][info][gc       ] [HMSV All : 0 0 30 0 0 0 0 0 : 4960 0 0 0 : 37.949992 ]
[37.950s][info][gc       ] [HMSP 9 : 41100 0 : 37.949992 ]
[37.950s][info][gc       ] [VMAC 65530 166 24 435 625 : 37.950391 ]
[38.043s][info][gc       ] [GPGC-H  3621.4 499.0 4.4 0.0 : 473.2 : 0.000 0.000 : 0.000 0.000 0.559 1.666 : 0.000 0.000 0.000 0.000 1.469 0.850 : 0.000 : 81.058 : 884 1784 28 0 : 2274 : 4608 4424 : 38.042910 : 9 Next_heuristic_check_may_be_too_late ]
[38.046s][info][safepoint] Application time: 0.0961732 seconds
[38.047s][info][safepoint] Total time for which application threads were stopped: 0.0003542 seconds, Stopping threads took: 0.0000004 seconds
[38.047s][info][gc       ] [SPS 0.000 0.003 0.004 0.007 0.000 0.001 0.000 0.326 0.019 0.354 NewGC_pause1 38.046033 ]
[38.224s][info][safepoint] Application time: 0.1776647 seconds
[38.224s][info][safepoint] Total time for which application threads were stopped: 0.0001307 seconds, Stopping threads took: 0.0000004 seconds
[38.225s][info][gc       ] [SPS 0.000 0.002 0.000 0.007 0.000 0.001 0.000 0.099 0.024 0.131 NewGC_pause2 38.223828 ]
[38.229s][info][safepoint] Application time: 0.0045729 seconds
[38.229s][info][safepoint] Total time for which application threads were stopped: 0.0001049 seconds, Stopping threads took: 0.0000004 seconds
[38.229s][info][gc       ] [SPS 0.000 0.000 0.000 0.006 0.000 0.001 0.000 0.085 0.013 0.105 NewGC_pause3 38.228506 ]
[38.230s][info][safepoint] Application time: 0.0012486 seconds
[38.230s][info][safepoint] Total time for which application threads were stopped: 0.0001361 seconds, Stopping threads took: 0.0000004 seconds
[38.230s][info][gc       ] [SPS 0.000 0.003 0.002 0.006 0.000 0.001 0.000 0.115 0.014 0.136 NewGC_pause4 38.229890 ]
[38.231s][info][gc       ] [GC New Max 122-112 : 5120 4336 3840 5120 - - 1051 56 2 2 - : 1844 1784 28 184 2340 : 1832 9 507 507 0 : 0 0 718 0 777 - 145 : 0.093934 6898.5 0.0 0.186635 7812.1 0.0 : 3 --c 0000 : 23 0 0.000 0.000 0 0.000 0.000 0 0.000 0.000 : 38.043643 38.045678 0.000235 38.223697 0.000102 38.228401 0.000089 38.229754 0.000119 : 38.230278 ]
[38.231s][info][gc       ] [SYSINFO 7333 227 63 0 6776 0 30 0 0 5703 : - - - - - - - - : 0 7168 : 4.19 3.19 2.06 : 292739 4277744 : 0 0 : 14 0 : 3877 2 0 261 : - 7410384896 682364928 1199550464 5905219584 238030848 67043328 : 140073237 29909750 735600 0 0 0 : 38.230529 ]
[38.231s][info][gc       ] [HUGEPAGESTAT 0 0 0 - 110774 0 0 : 393216 0 0 : 38.230529 ]
[38.231s][info][gc       ] [OBJCREAT 106434320 25160 5267456 : 38.230579 ]
[38.231s][info][gc       ] [HMSV All : 0 0 40 0 0 0 0 0 : 4960 0 0 0 : 38.230598 ]
[38.231s][info][gc       ] [HMSP 9 : 41100 0 : 38.230598 ]
[38.231s][info][gc       ] [VMAC 65530 166 24 435 625 : 38.231090 ]
[38.552s][info][gc       ] [GPGC-H  3621.4 499.0 4.4 0.0 : 473.2 : 0.000 0.000 : 0.000 0.000 0.554 1.666 : 0.000 0.000 0.000 0.000 1.453 0.850 : 0.000 : 80.871 : 2038 1784 28 0 : 2274 : 4608 4424 : 38.551747 : 9 Next_heuristic_check_may_be_too_late ]
[38.769s][info][safepoint] Application time: 0.5386310 seconds
[38.770s][info][safepoint] Total time for which application threads were stopped: 0.0003302 seconds, Stopping threads took: 0.0000004 seconds
[38.770s][info][gc       ] [SPS 0.000 0.003 0.007 0.006 0.000 0.001 0.000 0.305 0.018 0.330 NewGC_pause1 38.768852 ]
[39.260s][info][safepoint] Application time: 0.4909009 seconds
[39.261s][info][safepoint] Total time for which application threads were stopped: 0.0001669 seconds, Stopping threads took: 0.0000004 seconds
[39.261s][info][gc       ] [SPS 0.000 0.001 0.000 0.006 0.000 0.001 0.000 0.137 0.023 0.168 NewGC_pause2 39.259921 ]
[39.262s][info][safepoint] Application time: 0.0024677 seconds
[39.263s][info][safepoint] Total time for which application threads were stopped: 0.0000453 seconds, Stopping threads took: 0.0000003 seconds
[39.263s][info][gc       ] [SPS 0.000 0.001 0.000 0.005 0.000 0.001 0.000 0.036 0.003 0.045 NewGC_pause3 39.262433 ]
[39.278s][info][safepoint] Application time: 0.0151210 seconds
[39.278s][info][safepoint] Total time for which application threads were stopped: 0.0001567 seconds, Stopping threads took: 0.0000004 seconds
[39.278s][info][gc       ] [SPS 0.000 0.003 0.003 0.005 0.000 0.001 0.000 0.132 0.018 0.157 NewGC_pause4 39.277711 ]
[39.394s][info][gc       ] [GC New Max 123-113 : 5120 4894 4740 5120 - - 1051 56 2 2 - : 2744 1784 28 184 2898 : 2544 4 350 350 93 : 0 306 391 0 1317 - 55 : 0.322162 602.2 0.0 0.841068 1141.4 0.0 : 3 --c 0000 : 23 9315 0.000 0.003 0 0.000 0.000 9315 0.000 0.003 : 38.552440 38.768522 0.000275 39.259753 0.000116 39.262388 0.000038 39.277554 0.000090 : 39.393507 ]
[39.394s][info][gc       ] [SYSINFO 7333 227 63 0 6776 0 30 0 0 5703 : - - - - - - - - : 0 7168 : 3.93 3.16 2.06 : 292739 4277744 : 0 0 : 14 0 : 3877 1 0 261 : - 7410384896 682364928 1199550464 5905219584 238030848 67043328 : 140073237 29912350 735680 0 0 0 : 39.393752 ]
[39.394s][info][gc       ] [HUGEPAGESTAT 0 0 0 - 110774 0 0 : 393216 0 0 : 39.393752 ]
[39.394s][info][gc       ] [OBJCREAT 107589085 25160 5267456 : 39.393802 ]
[39.394s][info][gc       ] [HMSV All : 0 0 40 0 0 0 0 0 : 4960 0 0 0 : 39.393820 ]
[39.394s][info][gc       ] [HMSP 9 : 41100 0 : 39.393820 ]
[39.395s][info][gc       ] [GPGC-H  3645.8 446.2 4.0 0.0 : 423.2 : 0.000 0.000 : 0.000 0.000 0.841 1.666 : 0.000 0.000 0.000 0.000 1.453 0.850 : 0.000 : 80.423 : 2744 1784 28 0 : 2274 : 4608 4424 : 39.395022 : 3 Heap_use_exceeded_committed ]
[39.394s][info][gc       ] [VMAC 65530 166 24 435 625 : 39.394303 ]
[39.400s][info][safepoint] Application time: 0.1224075 seconds
[39.401s][info][safepoint] Total time for which application threads were stopped: 0.0002120 seconds, Stopping threads took: 0.0000003 seconds
[39.401s][info][gc       ] [SPS 0.000 0.001 0.004 0.005 0.000 0.001 0.000 0.187 0.018 0.212 NewGC_pause1 39.400331 ]
[39.954s][info][safepoint] Application time: 0.5538723 seconds
[39.955s][info][safepoint] Total time for which application threads were stopped: 0.0001418 seconds, Stopping threads took: 0.0000003 seconds
[39.955s][info][gc       ] [SPS 0.000 0.001 0.000 0.005 0.000 0.001 0.000 0.130 0.006 0.143 NewGC_pause2 39.954346 ]
[39.957s][info][safepoint] Application time: 0.0021158 seconds
[39.957s][info][safepoint] Total time for which application threads were stopped: 0.0000468 seconds, Stopping threads took: 0.0000004 seconds
[39.957s][info][gc       ] [SPS 0.000 0.001 0.000 0.005 0.000 0.001 0.000 0.037 0.004 0.047 NewGC_pause3 39.956507 ]
[39.961s][info][safepoint] Application time: 0.0033135 seconds
[39.961s][info][safepoint] Total time for which application threads were stopped: 0.0009435 seconds, Stopping threads took: 0.0000008 seconds
[39.961s][info][gc       ] [SPS 0.000 0.001 0.000 0.014 0.001 0.001 0.000 0.913 0.014 0.944 OldGC_pause2 39.960765 ]
[39.966s][info][safepoint] Application time: 0.0047964 seconds
[39.966s][info][safepoint] Total time for which application threads were stopped: 0.0000776 seconds, Stopping threads took: 0.0000004 seconds
[39.966s][info][gc       ] [SPS 0.000 0.002 0.002 0.006 0.000 0.001 0.000 0.048 0.022 0.078 NewGC_pause4 39.965639 ]
[39.985s][info][gc       ] [GC NTO Max 124-114 : 5120 4930 4124 5120 - - 1051 56 2 2 - : 2128 1784 28 184 2934 : 1952 10 976 976 0 : 0 51 94 0 1009 - 55 : 0.002180 0.0 0.0 0.588571 465.5 0.0 : 3 --c 0000 : 23 5854 0.000 0.003 0 0.000 0.000 5854 0.000 0.003 : 39.395687 39.400119 0.000184 39.954203 0.000090 39.956461 0.000038 39.965561 0.000051 : 39.984258 ]
[39.985s][info][gc       ] [SYSINFO 7333 227 63 0 6776 0 30 0 0 5703 : - - - - - - - - : 0 7168 : 3.93 3.16 2.06 : 292739 4277744 : 0 0 : 14 0 : 3877 3 0 261 : - 7410384896 682364928 1199550464 5905219584 238030848 67043328 : 140073237 29914050 735690 0 0 0 : 39.984500 ]
[39.985s][info][gc       ] [HUGEPAGESTAT 0 0 0 - 110774 0 0 : 393216 0 0 : 39.984500 ]
[39.985s][info][gc       ] [OBJCREAT 107864310 25160 5267456 : 39.984546 ]
[39.985s][info][gc       ] [HMSV All : 0 0 40 0 0 0 0 0 : 4960 0 0 0 : 39.984562 ]
[39.985s][info][gc       ] [HMSP 9 : 41100 0 : 39.984562 ]
[39.986s][info][gc       ] [GPGC-H  3569.1 446.2 4.0 0.0 : 423.2 : 0.000 0.000 : 0.000 0.000 0.834 1.666 : 0.000 0.000 0.000 0.000 1.453 0.850 : 0.000 : 99.631 : 2132 1784 28 0 : 2274 : 4608 4424 : 39.985542 : 8 May_exceed_heap_occupancy_target ]
[39.985s][info][safepoint] Application time: 0.0194476 seconds
[39.986s][info][safepoint] Total time for which application threads were stopped: 0.0001736 seconds, Stopping threads took: 0.0000004 seconds
[39.987s][info][gc       ] [SPS 0.000 0.001 0.000 0.007 0.000 0.001 0.000 0.142 0.022 0.173 OldGC_pause3 39.985260 ]
[39.985s][info][gc       ] [VMAC 65530 166 24 435 625 : 39.985070 ]
[39.996s][info][safepoint] Application time: 0.0104686 seconds
[39.996s][info][safepoint] Total time for which application threads were stopped: 0.0001751 seconds, Stopping threads took: 0.0000004 seconds
[39.996s][info][gc       ] [SPS 0.000 0.002 0.003 0.011 0.000 0.001 0.000 0.150 0.013 0.175 NewGC_pause1 39.995904 ]
[40.550s][info][safepoint] Application time: 0.5534473 seconds
[40.550s][info][safepoint] Total time for which application threads were stopped: 0.0002107 seconds, Stopping threads took: 0.0000004 seconds
[40.551s][info][gc       ] [SPS 0.000 0.001 0.000 0.005 0.000 0.006 0.000 0.187 0.013 0.211 NewGC_pause2 40.549562 ]
[40.552s][info][safepoint] Application time: 0.0025138 seconds
[40.553s][info][safepoint] Total time for which application threads were stopped: 0.0000640 seconds, Stopping threads took: 0.0000004 seconds
[40.553s][info][gc       ] [SPS 0.000 0.001 0.000 0.005 0.000 0.001 0.000 0.051 0.006 0.064 NewGC_pause3 40.552140 ]
[40.565s][info][safepoint] Application time: 0.0128407 seconds
[40.565s][info][safepoint] Total time for which application threads were stopped: 0.0001443 seconds, Stopping threads took: 0.0000005 seconds
[40.566s][info][gc       ] [SPS 0.000 0.002 0.003 0.005 0.000 0.001 0.000 0.119 0.019 0.144 NewGC_pause4 40.565125 ]
[40.656s][info][gc       ] [GC New Max 126-115 : 5120 4870 4724 5120 - - 1051 56 2 2 - : 2728 1784 28 184 2874 : 2470 5 394 394 0 : 0 240 353 0 1309 - 55 : 0.008650 3699.5 0.0 0.662490 1400.8 0.0 : 3 --c 0000 : 23 6952 0.000 0.003 0 0.000 0.000 6952 0.000 0.003 : 39.992908 39.995729 0.000162 40.549351 0.000136 40.552076 0.000045 40.564981 0.000090 : 40.655397 ]
[40.656s][info][gc       ] [SYSINFO 7333 227 63 0 6776 0 30 0 0 5703 : - - - - - - - - : 0 7168 : 3.93 3.16 2.06 : 292739 4277744 : 0 0 : 14 0 : 3877 2 0 261 : - 7410384896 682364928 1199550464 5905219584 238030848 67043328 : 140073237 29916240 735720 0 0 0 : 40.655751 ]
[40.656s][info][gc       ] [HUGEPAGESTAT 0 0 0 - 110774 0 0 : 393216 0 0 : 40.655751 ]
[40.656s][info][gc       ] [OBJCREAT 108827885 25160 5267456 : 40.655799 ]
[40.656s][info][gc       ] [HMSV All : 0 0 40 0 0 0 0 0 : 4960 0 0 0 : 40.655818 ]
[40.656s][info][gc       ] [HMSP 9 : 41100 0 : 40.655818 ]
[40.656s][info][gc       ] [VMAC 65530 166 24 435 625 : 40.656255 ]
[40.657s][info][gc       ] [GPGC-H  3643.6 446.2 4.0 0.0 : 423.2 : 0.000 0.000 : 0.000 0.000 0.829 1.666 : 0.000 0.000 0.000 0.000 1.453 0.850 : 0.000 : 99.752 : 2734 1784 28 0 : 2274 : 4608 4424 : 40.656794 : 3 Heap_use_exceeded_committed ]
[40.659s][info][safepoint] Application time: 0.0939191 seconds
[40.660s][info][safepoint] Total time for which application threads were stopped: 0.0001365 seconds, Stopping threads took: 0.0000004 seconds
[40.660s][info][gc       ] [SPS 0.000 0.003 0.003 0.006 0.000 0.001 0.000 0.114 0.015 0.136 OldGC_pause4 40.659181 ]
[40.661s][info][gc       ] [GC Old Max 125-11 : 5120 4930 2962 5120 - - 1051 56 2 2 - : 2744 6 28 184 1816 : 26 7 1779 1779 0 : 0 4 0 0 17 - 0 : 6.771433 0.0 0.0 1.263278 0.0 0.0 : 1 --c 0000 : 23   -    -    -    -    -    -    -    -    -  : 39.397324 39.400119 0.000184 39.959821 0.000914 39.985087 0.000102 40.659044 0.000118 : 40.660602 ]
[40.661s][info][gc       ] [SYSINFO 7333 227 63 0 6776 0 30 0 0 5703 : - - - - - - - - : 0 7168 : 3.93 3.16 2.06 : 292739 4277744 : 0 0 : 14 0 : 3877 2 0 261 : - 7410384896 682364928 1199550464 5905219584 238030848 67043328 : 140073237 29916240 735720 0 0 0 : 40.660781 ]
[40.661s][info][gc       ] [HUGEPAGESTAT 0 0 0 - 110774 0 0 : 393216 0 0 : 40.660781 ]
[40.661s][info][gc       ] [OBJCREAT 108843745 25160 5267456 : 40.660822 ]
[40.661s][info][gc       ] [HMSV All : 0 0 40 0 0 0 0 0 : 4960 0 0 0 : 40.660840 ]
[40.661s][info][gc       ] [HMSP 9 : 41100 0 : 40.660840 ]
[40.661s][info][gc       ] [COMPSTATS 1 : 5 0 : 1 0 : 0 0 : 516 4 0 0 0 0 : 0 0 0 0 0 0 : 142 143 12 : 520 0 0 0 0 0 0 : 520 0 0 0 0 0 0 ]
[40.661s][info][gc       ] [COMPSTATS 2 : 5 0 : 1 0 : 0 0 : 126 11 0 0 0 0 : 0 0 0 0 0 0 : 52581 52617 7788 : 71 42 24 0 0 0 0 : 35 82 14 5 1 0 0 ]
[40.661s][info][gc       ] [DEOPTSTATS 1 : 0 0 : 0 0 : 0 0 : 0 0 : 0 11 : 0 0 : 0 0 : 0 0 : 0 0 : 0 0 : 0 0 : 0 0 : 0 0 : 0 0 : 0 0 : 0 0 : 0 0 : 0 0 : 0 0 : 0 0 : 0 0 : 0 0 : 0 0 : 0 0 : 0 0 : 0 0 : 0 0 : 0 0 : 0 0 : 0 0 : 6 0 : 0 0 : 0 0 : 0 0 : 0 0 : 0 0 : 0 0 : 0 0 : 0 0 : 0 0 : 0 0 : 0 0 ]
[40.661s][info][gc       ] [DEOPTSTATS 2 : 0 0 : 0 0 : 0 0 : 0 0 : 0 0 : 0 0 : 0 14 : 0 0 : 0 0 : 0 0 : 0 0 : 0 0 : 0 0 : 0 0 : 0 0 : 0 0 : 0 0 : 0 0 : 0 0 : 0 0 : 0 0 : 0 0 : 0 0 : 0 0 : 0 0 : 0 0 : 0 0 : 0 0 : 0 0 : 0 0 : 4 0 : 0 0 : 0 0 : 0 0 : 0 1 : 0 0 : 0 0 : 0 0 : 0 0 : 0 3 : 0 0 : 0 0 ]
[40.661s][info][gc       ] [VMAC 65530 166 24 435 625 : 40.661293 ]
[40.662s][info][gc       ] [CCF 0 0 0 0 33 230912: 3069440 : 380 196608 : 3 49152 : 317 311808 :  509 630784 : 115 417280 : 0 0 : 15 1228800 : 1 2048]
[40.664s][info][safepoint] Application time: 0.0050101 seconds
[40.665s][info][safepoint] Total time for which application threads were stopped: 0.0002272 seconds, Stopping threads took: 0.0000004 seconds
[40.665s][info][gc       ] [SPS 0.000 0.002 0.002 0.006 0.000 0.001 0.000 0.204 0.014 0.227 NewGC_pause1 40.664418 ]
[41.194s][info][safepoint] Application time: 0.5292362 seconds
[41.194s][info][safepoint] Total time for which application threads were stopped: 0.0001682 seconds, Stopping threads took: 0.0000004 seconds
[41.195s][info][gc       ] [SPS 0.000 0.002 0.000 0.007 0.000 0.001 0.000 0.139 0.021 0.168 NewGC_pause2 41.193823 ]
[41.196s][info][safepoint] Application time: 0.0023227 seconds
[41.197s][info][safepoint] Total time for which application threads were stopped: 0.0000787 seconds, Stopping threads took: 0.0000005 seconds
[41.197s][info][gc       ] [SPS 0.000 0.001 0.000 0.006 0.000 0.001 0.000 0.052 0.019 0.079 NewGC_pause3 41.196224 ]
[41.213s][info][safepoint] Application time: 0.0169185 seconds
[41.214s][info][safepoint] Total time for which application threads were stopped: 0.0001653 seconds, Stopping threads took: 0.0000004 seconds
[41.214s][info][gc       ] [SPS 0.000 0.003 0.003 0.006 0.000 0.001 0.000 0.136 0.022 0.166 NewGC_pause4 41.213308 ]
[41.601s][info][gc       ] [GC New Max 127-116 : 5120 4754 4754 5120 - - 1051 56 2 2 - : 3762 780 28 184 4456 : 3469 5 981 981 18 : 387 0 850 0 1881 - 0 : 0.006294 3177.8 0.0 0.939057 2926.3 0.0 : 3 --c 0000 : 23 1850 0.000 0.003 0 0.000 0.000 1850 0.000 0.003 : 40.661691 40.664191 0.000208 41.193655 0.000099 41.196146 0.000053 41.213143 0.000094 : 41.600748 ]
[41.601s][info][gc       ] [SYSINFO 7333 227 63 0 6776 0 30 0 0 5703 : - - - - - - - - : 0 7168 : 3.93 3.16 2.06 : 292739 4277744 : 0 0 : 14 0 : 3877 1 0 261 : - 7410384896 682364928 1199550464 5905219584 238030848 67043328 : 140073237 29919490 735790 0 0 0 : 41.600967 ]
[41.601s][info][gc       ] [HUGEPAGESTAT 0 0 0 - 110774 0 0 : 393216 0 0 : 41.600967 ]
[41.601s][info][gc       ] [OBJCREAT 111571049 25160 5933056 : 41.601008 ]
[41.601s][info][gc       ] [HMSV All : 0 0 40 0 0 0 0 0 : 4960 0 0 0 : 41.601023 ]
[41.601s][info][gc       ] [HMSP 9 : 41100 0 : 41.601023 ]
[41.602s][info][gc       ] [GPGC-H  3613.7 431.5 3.6 0.0 : 382.2 : 0.000 0.000 : 0.000 0.000 0.824 1.541 : 0.000 0.000 0.000 0.000 1.643 0.850 : 0.000 : 99.747 : 3762 780 28 0 : 2274 : 4608 4424 : 41.602022 : 3 Heap_use_exceeded_committed ]
[41.601s][info][gc       ] [VMAC 65530 166 24 435 625 : 41.601431 ]
[41.609s][info][safepoint] Application time: 0.3947745 seconds
[41.609s][info][safepoint] Total time for which application threads were stopped: 0.0005354 seconds, Stopping threads took: 0.0000003 seconds
[41.610s][info][gc       ] [SPS 0.000 0.001 0.003 0.005 0.000 0.001 0.000 0.512 0.017 0.535 NewGC_pause1 41.608619 ]
[41.992s][info][safepoint] Application time: 0.3832940 seconds
[41.993s][info][safepoint] Total time for which application threads were stopped: 0.0001939 seconds, Stopping threads took: 0.0000004 seconds
[41.993s][info][gc       ] [SPS 0.000 0.002 0.000 0.007 0.000 0.001 0.000 0.180 0.006 0.194 NewGC_pause2 41.992107 ]
[41.995s][info][safepoint] Application time: 0.0023761 seconds
[41.995s][info][safepoint] Total time for which application threads were stopped: 0.0000512 seconds, Stopping threads took: 0.0000004 seconds
[41.995s][info][gc       ] [SPS 0.000 0.001 0.000 0.006 0.000 0.001 0.000 0.040 0.004 0.051 NewGC_pause3 41.994534 ]
[42.012s][info][safepoint] Application time: 0.0170963 seconds
[42.012s][info][safepoint] Total time for which application threads were stopped: 0.0001598 seconds, Stopping threads took: 0.0000005 seconds
[42.013s][info][gc       ] [SPS 0.000 0.103 0.007 0.007 0.000 0.001 0.000 0.113 0.038 0.160 NewGC_pause4 42.011790 ]
[42.270s][info][gc       ] [GC NTO Max 128-117 : 5120 4920 3148 5120 - - 1051 56 2 2 - : 1488 1448 28 184 3928 : 1148 4 2778 2778 8 : 334 0 73 0 744 - 0 : 0.001800 2222.2 0.0 0.667542 1731.7 0.0 : 3 --c 0000 : 23 4002 0.000 0.003 0 0.000 0.000 4002 0.000 0.003 : 41.602548 41.608083 0.000435 41.991913 0.000131 41.994483 0.000044 42.011630 0.000072 : 42.270090 ]
[42.270s][info][gc       ] [SYSINFO 7333 227 63 0 6776 0 30 0 0 5703 : - - - - - - - - : 0 7168 : 3.93 3.16 2.06 : 292739 4277744 : 0 0 : 14 0 : 3877 3 0 261 : - 7410384896 682364928 1199550464 5905219584 238030848 67043328 : 140073237 29922170 735790 0 0 0 : 42.270344 ]
[42.270s][info][gc       ] [HUGEPAGESTAT 0 0 0 - 110774 0 0 : 393216 0 0 : 42.270344 ]
[42.270s][info][gc       ] [OBJCREAT 112722812 25160 6617088 : 42.270394 ]
[42.270s][info][gc       ] [HMSV All : 0 0 40 0 0 0 0 0 : 4960 0 0 0 : 42.270411 ]
[42.270s][info][gc       ] [HMSP 9 : 41100 0 : 42.270411 ]
[42.271s][info][gc       ] [GPGC-H  3574.6 431.5 3.6 0.0 : 382.2 : 0.000 0.000 : 0.000 0.000 0.815 1.541 : 0.000 0.000 0.000 0.000 1.923 0.850 : 0.000 : 99.747 : 1490 1448 28 0 : 2274 : 4608 4424 : 42.271329 : 8 May_exceed_heap_occupancy_target ]
[42.271s][info][gc       ] [VMAC 65530 166 24 435 625 : 42.270919 ]
[42.272s][info][safepoint] Application time: 0.2588088 seconds
[42.273s][info][safepoint] Total time for which application threads were stopped: 0.0011072 seconds, Stopping threads took: 0.0000004 seconds
[42.273s][info][gc       ] [SPS 0.000 0.001 0.000 0.006 0.000 0.001 0.000 1.078 0.021 1.108 OldGC_pause2 42.271707 ]
[42.279s][info][safepoint] Application time: 0.0070238 seconds
[42.279s][info][safepoint] Total time for which application threads were stopped: 0.0000909 seconds, Stopping threads took: 0.0000004 seconds
[42.280s][info][gc       ] [SPS 0.000 0.000 0.000 0.006 0.000 0.016 0.004 0.045 0.019 0.091 OldGC_pause3 42.278821 ]
[42.284s][info][safepoint] Application time: 0.0054304 seconds
[42.285s][info][safepoint] Total time for which application threads were stopped: 0.0001762 seconds, Stopping threads took: 0.0000004 seconds
[42.285s][info][gc       ] [SPS 0.000 3.156 0.003 0.006 0.000 0.001 0.000 0.156 0.013 0.176 NewGC_pause1 42.284428 ]
[42.567s][info][safepoint] Application time: 0.2823771 seconds
[42.568s][info][safepoint] Total time for which application threads were stopped: 0.0001256 seconds, Stopping threads took: 0.0000004 seconds
[42.568s][info][gc       ] [SPS 0.000 0.001 0.000 0.006 0.000 0.001 0.000 0.095 0.023 0.126 NewGC_pause2 42.566931 ]
[42.570s][info][safepoint] Application time: 0.0025237 seconds
[42.570s][info][safepoint] Total time for which application threads were stopped: 0.0001575 seconds, Stopping threads took: 0.0000004 seconds
[42.570s][info][gc       ] [SPS 0.000 0.000 0.000 0.006 0.000 0.001 0.000 0.116 0.034 0.158 NewGC_pause3 42.569612 ]
[42.586s][info][safepoint] Application time: 0.0160434 seconds
[42.587s][info][safepoint] Total time for which application threads were stopped: 0.0002519 seconds, Stopping threads took: 0.0000005 seconds
[42.587s][info][gc       ] [SPS 0.000 0.004 0.009 0.006 0.000 0.001 0.000 0.201 0.042 0.252 NewGC_pause4 42.585907 ]
[42.732s][info][gc       ] [GC New Max 130-118 : 5120 4322 3746 5120 - - 1051 56 2 2 - : 1780 1754 28 184 2662 : 1470 4 1190 1190 1 : 153 0 566 0 890 - 0 : 0.008786 2731.7 0.0 0.452543 3889.1 0.0 : 3 --c 0000 : 23 0 0.000 0.000 0 0.000 0.000 0 0.000 0.000 : 42.278876 42.284252 0.000159 42.566805 0.000052 42.569458 0.000059 42.585655 0.000116 : 42.731419 ]
[42.732s][info][gc       ] [SYSINFO 7333 227 63 0 6776 0 30 0 0 5703 : - - - - - - - - : 0 7168 : 3.93 3.16 2.06 : 292739 4277744 : 0 0 : 14 0 : 3877 2 0 261 : - 7410384896 682364928 1199550464 5905219584 238030848 67043328 : 140073237 29923920 735820 0 0 0 : 42.731713 ]
[42.732s][info][gc       ] [HUGEPAGESTAT 0 0 0 - 110774 0 0 : 393216 0 0 : 42.731713 ]
[42.732s][info][gc       ] [OBJCREAT 114494042 25160 6893568 : 42.731773 ]
[42.732s][info][gc       ] [HMSV All : 0 0 40 0 0 0 0 0 : 4960 0 0 0 : 42.731793 ]
[42.732s][info][gc       ] [HMSP 9 : 41100 0 : 42.731793 ]
[42.733s][info][gc       ] [GPGC-H  3574.6 431.5 3.6 0.0 : 382.2 : 0.000 0.000 : 0.000 0.000 0.805 1.541 : 0.000 0.000 0.000 0.000 1.921 0.850 : 0.000 : 99.827 : 1786 1754 28 0 : 2274 : 4608 4424 : 42.733243 : 8 May_exceed_heap_occupancy_target ]
[42.732s][info][gc       ] [VMAC 65530 166 24 435 625 : 42.732448 ]
[42.736s][info][safepoint] Application time: 0.1499203 seconds
[42.736s][info][safepoint] Total time for which application threads were stopped: 0.0001766 seconds, Stopping threads took: 0.0000005 seconds
[42.737s][info][gc       ] [SPS 0.000 0.002 0.003 0.007 0.000 0.001 0.000 0.144 0.024 0.176 OldGC_pause4 42.736004 ]
[42.741s][info][gc       ] [GC Old Max 129-12 : 5120 4920 3766 5120 - - 1051 56 2 2 - : 1806 1748 28 184 1786 : 1768 14 1 1 0 : 0 6 487 2 833 - 55 : 0.943767 688.7 0.0 1.136181 825.6 0.0 : 1 --c 0000 : 23   -    -    -    -    -    -    -    -    -  : 41.604369 41.608083 0.000435 42.270599 0.001031 42.278730 0.000063 42.735828 0.000100 : 42.740550 ]
[42.741s][info][gc       ] [SYSINFO 7333 227 63 0 6776 0 30 0 0 5703 : - - - - - - - - : 0 7168 : 3.93 3.16 2.06 : 292739 4277744 : 0 0 : 14 0 : 3877 4 0 261 : - 7410384896 682364928 1199550464 5905219584 238030848 67043328 : 140073237 29923930 735820 0 0 0 : 42.740743 ]
[42.741s][info][gc       ] [HUGEPAGESTAT 0 0 0 - 110774 0 0 : 393216 0 0 : 42.740743 ]
[42.741s][info][gc       ] [OBJCREAT 114519811 25160 6893568 : 42.740786 ]
[42.741s][info][gc       ] [HMSV All : 0 0 40 0 0 0 0 0 : 4960 0 0 0 : 42.740802 ]
[42.741s][info][gc       ] [HMSP 9 : 41100 0 : 42.740802 ]
[42.741s][info][gc       ] [COMPSTATS 1 : 5 0 : 1 0 : 0 0 : 516 4 0 0 0 0 : 0 0 0 0 0 0 : 142 143 12 : 520 0 0 0 0 0 0 : 520 0 0 0 0 0 0 ]
[42.741s][info][gc       ] [COMPSTATS 2 : 5 0 : 1 0 : 0 0 : 126 11 0 0 0 0 : 0 0 0 0 0 0 : 52581 52617 7788 : 71 42 24 0 0 0 0 : 35 82 14 5 1 0 0 ]
[42.741s][info][gc       ] [DEOPTSTATS 1 : 0 0 : 0 0 : 0 0 : 0 0 : 0 11 : 0 0 : 0 0 : 0 0 : 0 0 : 0 0 : 0 0 : 0 0 : 0 0 : 0 0 : 0 0 : 0 0 : 0 0 : 0 0 : 0 0 : 0 0 : 0 0 : 0 0 : 0 0 : 0 0 : 0 0 : 0 0 : 0 0 : 0 0 : 0 0 : 0 0 : 6 0 : 0 0 : 0 0 : 0 0 : 0 0 : 0 0 : 0 0 : 0 0 : 0 0 : 0 0 : 0 0 : 0 0 ]
[42.741s][info][gc       ] [DEOPTSTATS 2 : 0 0 : 0 0 : 0 0 : 0 0 : 0 0 : 0 0 : 0 14 : 0 0 : 0 0 : 0 0 : 0 0 : 0 0 : 0 0 : 0 0 : 0 0 : 0 0 : 0 0 : 0 0 : 0 0 : 0 0 : 0 0 : 0 0 : 0 0 : 0 0 : 0 0 : 0 0 : 0 0 : 0 0 : 0 0 : 0 0 : 4 0 : 0 0 : 0 0 : 0 0 : 0 1 : 0 0 : 0 0 : 0 0 : 0 0 : 0 3 : 0 0 : 0 0 ]
[42.742s][info][gc       ] [CCF 0 0 0 0 33 230912: 3069440 : 380 196608 : 3 49152 : 317 311808 :  509 630784 : 115 417280 : 0 0 : 15 1228800 : 1 2048]
[42.741s][info][gc       ] [VMAC 65530 166 24 435 625 : 42.741288 ]
[42.743s][info][safepoint] Application time: 0.0062770 seconds
[42.743s][info][safepoint] Total time for which application threads were stopped: 0.0002553 seconds, Stopping threads took: 0.0000006 seconds
[42.743s][info][gc       ] [SPS 0.000 0.002 0.003 0.014 0.001 0.001 0.000 0.202 0.038 0.256 NewGC_pause1 42.742537 ]
[42.890s][info][safepoint] Application time: 0.1474651 seconds
[42.891s][info][safepoint] Total time for which application threads were stopped: 0.0002475 seconds, Stopping threads took: 0.0000004 seconds
[42.892s][info][gc       ] [SPS 0.000 0.001 0.000 0.007 0.000 0.001 0.000 0.214 0.026 0.248 NewGC_pause2 42.890250 ]
[42.893s][info][safepoint] Application time: 0.0028325 seconds
[42.894s][info][safepoint] Total time for which application threads were stopped: 0.0002006 seconds, Stopping threads took: 0.0000005 seconds
[42.894s][info][gc       ] [SPS 0.000 0.001 0.000 0.007 0.000 0.001 0.000 0.170 0.023 0.201 NewGC_pause3 42.893283 ]
[42.898s][info][safepoint] Application time: 0.0045301 seconds
[42.898s][info][safepoint] Total time for which application threads were stopped: 0.0001420 seconds, Stopping threads took: 0.0000004 seconds
[42.899s][info][gc       ] [SPS 0.000 0.005 0.011 0.007 0.000 0.001 0.000 0.108 0.026 0.142 NewGC_pause4 42.897955 ]
[42.925s][info][gc       ] [GC New Max 131-119 : 5120 4284 2618 5120 - - 1051 56 2 2 - : 622 1784 28 184 2324 : 547 4 1774 1774 0 : 18 1 256 0 311 - 0 : 0.008530 3048.2 0.0 0.184440 3394.1 0.0 : 3 --c 0000 : 23 0 0.000 0.000 0 0.000 0.000 0 0.000 0.000 : 42.739949 42.742281 0.000149 42.890002 0.000130 42.893082 0.000051 42.897813 0.000066 : 42.924389 ]
[42.925s][info][gc       ] [SYSINFO 7333 227 63 0 6776 0 30 0 0 5703 : - - - - - - - - : 0 7168 : 3.93 3.16 2.06 : 292739 4277744 : 0 0 : 14 0 : 3877 2 0 261 : - 7410384896 682364928 1199550464 5905219584 238030848 67043328 : 140073237 29924620 735820 0 0 0 : 42.924668 ]
[42.925s][info][gc       ] [HUGEPAGESTAT 0 0 0 - 110774 0 0 : 393216 0 0 : 42.924668 ]
[42.925s][info][gc       ] [OBJCREAT 115138582 25160 6930432 : 42.924721 ]
[42.925s][info][gc       ] [HMSV All : 0 0 40 0 0 0 0 0 : 4960 0 0 0 : 42.924739 ]
[42.925s][info][gc       ] [HMSP 9 : 41100 0 : 42.924739 ]
[42.926s][info][gc       ] [GPGC-H  3574.6 431.5 3.6 0.0 : 382.2 : 0.000 0.000 : 0.000 0.000 0.798 1.504 : 0.000 0.000 0.000 0.000 1.917 0.742 : 0.000 : 99.817 : 628 1784 28 0 : 2274 : 4608 4424 : 42.925702 : 9 Next_heuristic_check_may_be_too_late ]
[42.925s][info][gc       ] [VMAC 65530 166 24 435 625 : 42.925237 ]
[42.928s][info][safepoint] Application time: 0.0294286 seconds
[42.928s][info][safepoint] Total time for which application threads were stopped: 0.0002042 seconds, Stopping threads took: 0.0000004 seconds
[42.928s][info][gc       ] [SPS 0.000 0.003 0.003 0.007 0.000 0.001 0.000 0.175 0.021 0.204 NewGC_pause1 42.927588 ]
[43.003s][info][safepoint] Application time: 0.0753010 seconds
[43.004s][info][safepoint] Total time for which application threads were stopped: 0.0001485 seconds, Stopping threads took: 0.0000005 seconds
[43.004s][info][gc       ] [SPS 0.000 0.001 0.000 0.011 0.001 0.005 0.000 0.116 0.016 0.148 NewGC_pause2 43.003038 ]
[43.005s][info][safepoint] Application time: 0.0019283 seconds
[43.005s][info][safepoint] Total time for which application threads were stopped: 0.0001573 seconds, Stopping threads took: 0.0000005 seconds
[43.006s][info][gc       ] [SPS 0.000 0.000 0.000 0.007 0.000 0.001 0.000 0.126 0.024 0.158 NewGC_pause3 43.005124 ]
[43.006s][info][safepoint] Application time: 0.0009477 seconds
[43.006s][info][safepoint] Total time for which application threads were stopped: 0.0001151 seconds, Stopping threads took: 0.0000005 seconds
[43.007s][info][gc       ] [SPS 0.000 0.003 0.002 0.007 0.000 0.001 0.000 0.092 0.015 0.115 NewGC_pause4 43.006186 ]
[43.007s][info][gc       ] [GC New Max 132-120 : 5120 2882 2254 5120 - - 1051 56 2 2 - : 258 1784 28 184 886 : 254 4 631 631 0 : 0 1 127 0 129 - 0 : 0.001664 3605.2 0.0 0.080532 3228.5 0.0 : 3 --c 0000 : 23 0 0.000 0.000 0 0.000 0.000 0 0.000 0.000 : 42.926053 42.927384 0.000120 43.002890 0.000127 43.004966 0.000088 43.006072 0.000097 : 43.006585 ]
[43.007s][info][gc       ] [SYSINFO 7333 227 63 0 6776 0 30 0 0 5703 : - - - - - - - - : 0 7168 : 3.93 3.16 2.06 : 292739 4277744 : 0 0 : 14 0 : 3877 2 0 261 : - 7410384896 682364928 1199550464 5905219584 238030848 67043328 : 140073237 29924910 735820 0 0 0 : 43.006825 ]
[43.007s][info][gc       ] [HUGEPAGESTAT 0 0 0 - 110774 0 0 : 393216 0 0 : 43.006825 ]
[43.007s][info][gc       ] [OBJCREAT 115402010 25160 6930432 : 43.006886 ]
[43.007s][info][gc       ] [HMSV All : 0 0 40 0 0 0 0 0 : 4960 0 0 0 : 43.006912 ]
[43.007s][info][gc       ] [HMSP 9 : 41100 0 : 43.006912 ]
[43.007s][info][gc       ] [VMAC 65530 166 24 435 625 : 43.007394 ]
[43.188s][info][gc       ] [GPGC-H  3574.6 431.5 3.6 0.0 : 382.2 : 0.000 0.000 : 0.000 0.000 0.795 1.504 : 0.000 0.000 0.000 0.000 1.915 0.742 : 0.000 : 99.810 : 908 1784 28 0 : 2274 : 4608 4424 : 43.188048 : 9 Next_heuristic_check_may_be_too_late ]
[43.191s][info][safepoint] Application time: 0.1841761 seconds
[43.191s][info][safepoint] Total time for which application threads were stopped: 0.0003413 seconds, Stopping threads took: 0.0000004 seconds
[43.192s][info][gc       ] [SPS 0.000 0.003 0.002 0.006 0.000 0.001 0.000 0.311 0.023 0.341 NewGC_pause1 43.190704 ]
[43.251s][info][safepoint] Application time: 0.0601161 seconds
[43.251s][info][safepoint] Total time for which application threads were stopped: 0.0001374 seconds, Stopping threads took: 0.0000003 seconds
[43.252s][info][gc       ] [SPS 0.000 0.001 0.000 0.005 0.000 0.001 0.000 0.112 0.018 0.137 NewGC_pause2 43.250958 ]
[43.253s][info][safepoint] Application time: 0.0017429 seconds
[43.253s][info][safepoint] Total time for which application threads were stopped: 0.0000514 seconds, Stopping threads took: 0.0000004 seconds
[43.253s][info][gc       ] [SPS 0.000 0.000 0.000 0.006 0.000 0.001 0.000 0.033 0.012 0.051 NewGC_pause3 43.252752 ]
[43.254s][info][safepoint] Application time: 0.0009713 seconds
[43.254s][info][safepoint] Total time for which application threads were stopped: 0.0000679 seconds, Stopping threads took: 0.0000004 seconds
[43.254s][info][gc       ] [SPS 0.000 0.002 0.002 0.013 0.000 0.001 0.000 0.042 0.012 0.068 NewGC_pause4 43.253791 ]
[43.254s][info][gc       ] [GC New Max 133-121 : 5120 3162 2250 5120 - - 1051 56 2 2 - : 254 1784 28 184 1166 : 250 4 915 915 0 : 0 1 125 0 127 - 0 : 0.182093 3580.6 0.0 0.065402 3944.8 0.0 : 3 --c 0000 : 23 0 0.000 0.000 0 0.000 0.000 0 0.000 0.000 : 43.188678 43.190363 0.000279 43.250820 0.000080 43.252701 0.000036 43.253724 0.000053 : 43.254080 ]
[43.254s][info][gc       ] [SYSINFO 7333 227 63 0 6776 0 30 0 0 5703 : - - - - - - - - : 0 7168 : 3.93 3.16 2.06 : 292739 4277744 : 0 0 : 14 0 : 3877 2 0 261 : - 7410384896 682364928 1199550464 5905219584 238030848 67043328 : 140073237 29925330 735820 0 0 0 : 43.254282 ]
[43.254s][info][gc       ] [HUGEPAGESTAT 0 0 0 - 110774 0 0 : 393216 0 0 : 43.254282 ]
[43.254s][info][gc       ] [OBJCREAT 116301223 25160 6930432 : 43.254321 ]
[43.254s][info][gc       ] [HMSV All : 0 0 40 0 0 0 0 0 : 4960 0 0 0 : 43.254336 ]
[43.254s][info][gc       ] [HMSP 9 : 41100 0 : 43.254336 ]
[43.255s][info][gc       ] [VMAC 65530 166 24 435 625 : 43.254699 ]
[43.414s][info][gc       ] [GPGC-H  3574.6 431.5 3.6 0.0 : 382.2 : 0.000 0.000 : 0.000 0.000 0.787 1.504 : 0.000 0.000 0.000 0.000 1.902 0.742 : 0.000 : 98.975 : 858 1784 28 0 : 2274 : 4608 4424 : 43.414044 : 9 Next_heuristic_check_may_be_too_late ]
[43.416s][info][safepoint] Application time: 0.1621093 seconds
[43.417s][info][safepoint] Total time for which application threads were stopped: 0.0002473 seconds, Stopping threads took: 0.0000004 seconds
[43.417s][info][gc       ] [SPS 0.000 0.003 0.002 0.006 0.000 0.001 0.001 0.222 0.018 0.247 NewGC_pause1 43.416148 ]
[43.490s][info][safepoint] Application time: 0.0733073 seconds
[43.490s][info][safepoint] Total time for which application threads were stopped: 0.0000606 seconds, Stopping threads took: 0.0000004 seconds
[43.490s][info][gc       ] [SPS 0.000 0.001 0.000 0.006 0.000 0.001 0.000 0.038 0.014 0.060 NewGC_pause2 43.489516 ]
[43.490s][info][safepoint] Application time: 0.0008240 seconds
[43.491s][info][safepoint] Total time for which application threads were stopped: 0.0000556 seconds, Stopping threads took: 0.0000004 seconds
[43.491s][info][gc       ] [SPS 0.000 0.000 0.000 0.006 0.000 0.001 0.000 0.035 0.013 0.056 NewGC_pause3 43.490396 ]
[43.491s][info][safepoint] Application time: 0.0009505 seconds
[43.492s][info][safepoint] Total time for which application threads were stopped: 0.0000687 seconds, Stopping threads took: 0.0000005 seconds
[43.492s][info][gc       ] [SPS 0.000 0.003 0.002 0.006 0.000 0.001 0.000 0.046 0.015 0.069 NewGC_pause4 43.491415 ]
[43.492s][info][gc       ] [GC New Max 134-122 : 5120 3122 2260 5120 - - 1051 56 2 2 - : 264 1784 28 184 1126 : 260 4 864 864 0 : 0 1 130 0 132 - 0 : 0.160416 3777.7 0.0 0.077124 3474.9 0.0 : 3 --c 0000 : 23 0 0.000 0.000 0 0.000 0.000 0 0.000 0.000 : 43.414495 43.415901 0.000182 43.489456 0.000042 43.490340 0.000038 43.491347 0.000050 : 43.491619 ]
[43.492s][info][gc       ] [SYSINFO 7333 227 63 0 6776 0 30 0 0 5703 : - - - - - - - - : 0 7168 : 3.93 3.16 2.06 : 292739 4277744 : 0 0 : 14 0 : 3877 2 0 261 : - 7410384896 682364928 1199550464 5905219584 238030848 67043328 : 140073237 29925760 735820 0 0 0 : 43.491849 ]
[43.492s][info][gc       ] [HUGEPAGESTAT 0 0 0 - 110774 0 0 : 393216 0 0 : 43.491849 ]
[43.492s][info][gc       ] [OBJCREAT 117168220 25160 6930432 : 43.491900 ]
[43.492s][info][gc       ] [HMSV All : 0 0 40 0 0 0 0 0 : 4960 0 0 0 : 43.491916 ]
[43.492s][info][gc       ] [HMSP 9 : 41100 0 : 43.491916 ]
[43.492s][info][gc       ] [VMAC 65530 166 24 435 625 : 43.492352 ]
[43.674s][info][gc       ] [GPGC-H  3574.6 486.3 3.3 0.0 : 348.4 : 0.000 0.000 : 0.000 0.000 0.779 1.504 : 0.000 0.000 0.000 0.000 1.886 0.742 : 0.000 : 98.249 : 928 1784 28 0 : 2274 : 4608 4424 : 43.674077 : 9 Next_heuristic_check_may_be_too_late ]
[43.677s][info][safepoint] Application time: 0.1848044 seconds
[43.677s][info][safepoint] Total time for which application threads were stopped: 0.0003224 seconds, Stopping threads took: 0.0000004 seconds
[43.677s][info][gc       ] [SPS 0.000 0.003 0.002 0.006 0.000 0.001 0.000 0.291 0.024 0.323 NewGC_pause1 43.676543 ]
[43.737s][info][safepoint] Application time: 0.0601227 seconds
[43.737s][info][safepoint] Total time for which application threads were stopped: 0.0001628 seconds, Stopping threads took: 0.0000004 seconds
[43.738s][info][gc       ] [SPS 0.000 0.001 0.000 0.006 0.000 0.001 0.000 0.128 0.027 0.163 NewGC_pause2 43.736828 ]
[43.739s][info][safepoint] Application time: 0.0019661 seconds
[43.739s][info][safepoint] Total time for which application threads were stopped: 0.0000592 seconds, Stopping threads took: 0.0000004 seconds
[43.740s][info][gc       ] [SPS 0.000 0.000 0.000 0.006 0.000 0.001 0.000 0.038 0.014 0.059 NewGC_pause3 43.738853 ]
[43.740s][info][safepoint] Application time: 0.0010264 seconds
[43.740s][info][safepoint] Total time for which application threads were stopped: 0.0000641 seconds, Stopping threads took: 0.0000004 seconds
[43.740s][info][gc       ] [SPS 0.000 0.002 0.002 0.006 0.000 0.001 0.000 0.044 0.013 0.064 NewGC_pause4 43.739944 ]
[43.740s][info][gc       ] [GC New Max 135-123 : 5120 3170 2238 5120 - - 1051 56 2 2 - : 242 1784 28 184 1174 : 240 4 935 935 0 : 0 1 120 0 121 - 0 : 0.182975 3639.8 0.0 0.065609 3749.5 0.0 : 3 --c 0000 : 23 0 0.000 0.000 0 0.000 0.000 0 0.000 0.000 : 43.674595 43.676220 0.000281 43.736665 0.000084 43.738794 0.000041 43.739880 0.000047 : 43.740204 ]
[43.740s][info][gc       ] [SYSINFO 7333 227 63 0 6776 0 30 0 0 5703 : - - - - - - - - : 0 7168 : 3.86 3.15 2.06 : 292739 4277744 : 0 0 : 14 0 : 3877 2 0 261 : - 7410384896 682364928 1199550464 5905219584 238030848 67043328 : 140073237 29926170 735820 0 0 0 : 43.740464 ]
[43.741s][info][gc       ] [HUGEPAGESTAT 0 0 0 - 110774 0 0 : 393216 0 0 : 43.740464 ]
[43.741s][info][gc       ] [OBJCREAT 118071554 25160 6930432 : 43.740505 ]
[43.741s][info][gc       ] [HMSV All : 0 0 40 0 0 0 0 0 : 4960 0 0 0 : 43.740519 ]
[43.741s][info][gc       ] [HMSP 9 : 41100 0 : 43.740519 ]
[43.741s][info][gc       ] [VMAC 65530 166 24 435 625 : 43.740987 ]
[43.901s][info][gc       ] [GPGC-H  3574.6 486.3 3.3 0.0 : 348.4 : 0.000 0.000 : 0.000 0.000 0.771 1.504 : 0.000 0.000 0.000 0.000 1.867 0.742 : 0.000 : 97.428 : 842 1784 28 0 : 2274 : 4608 4424 : 43.900923 : 9 Next_heuristic_check_may_be_too_late ]
[43.903s][info][safepoint] Application time: 0.1631643 seconds
[43.904s][info][safepoint] Total time for which application threads were stopped: 0.0003301 seconds, Stopping threads took: 0.0000004 seconds
[43.904s][info][gc       ] [SPS 0.000 0.002 0.002 0.006 0.000 0.001 0.000 0.295 0.028 0.330 NewGC_pause1 43.903439 ]
[43.970s][info][safepoint] Application time: 0.0663886 seconds
[43.971s][info][safepoint] Total time for which application threads were stopped: 0.0002088 seconds, Stopping threads took: 0.0000004 seconds
[43.971s][info][gc       ] [SPS 0.000 0.001 0.000 0.006 0.000 0.001 0.000 0.171 0.030 0.209 NewGC_pause2 43.970036 ]
[43.972s][info][safepoint] Application time: 0.0022953 seconds
[43.973s][info][safepoint] Total time for which application threads were stopped: 0.0000574 seconds, Stopping threads took: 0.0000004 seconds
[43.973s][info][gc       ] [SPS 0.000 0.000 0.000 0.006 0.000 0.001 0.000 0.035 0.014 0.057 NewGC_pause3 43.972389 ]
[43.974s][info][safepoint] Application time: 0.0010976 seconds
[43.974s][info][safepoint] Total time for which application threads were stopped: 0.0000621 seconds, Stopping threads took: 0.0000004 seconds
[43.974s][info][gc       ] [SPS 0.000 0.002 0.001 0.006 0.000 0.001 0.000 0.041 0.014 0.062 NewGC_pause4 43.973548 ]
[43.974s][info][gc       ] [GC New Max 136-124 : 5120 3094 2248 5120 - - 1051 56 2 2 - : 252 1784 28 184 1098 : 248 4 849 849 0 : 0 1 124 0 126 - 0 : 0.161218 3734.1 0.0 0.072345 3538.6 0.0 : 3 --c 0000 : 23 0 0.000 0.000 0 0.000 0.000 0 0.000 0.000 : 43.901422 43.903108 0.000220 43.969827 0.000121 43.972331 0.000039 43.973486 0.000045 : 43.973767 ]
[43.974s][info][gc       ] [SYSINFO 7333 227 63 0 6776 0 30 0 0 5703 : - - - - - - - - : 0 7168 : 3.86 3.15 2.06 : 292739 4277744 : 0 0 : 14 0 : 3877 2 0 261 : - 7410384896 682364928 1199550464 5905219584 238030848 67043328 : 140073237 29926580 735820 0 0 0 : 43.974002 ]
[43.974s][info][gc       ] [HUGEPAGESTAT 0 0 0 - 110774 0 0 : 393216 0 0 : 43.974002 ]
[43.974s][info][gc       ] [OBJCREAT 118919010 25160 6930432 : 43.974045 ]
[43.974s][info][gc       ] [HMSV All : 0 0 40 0 0 0 0 0 : 4960 0 0 0 : 43.974061 ]
[43.974s][info][gc       ] [HMSP 9 : 41100 0 : 43.974061 ]
[43.975s][info][gc       ] [VMAC 65530 166 24 435 625 : 43.974574 ]
[44.156s][info][gc       ] [GPGC-H  3572.0 486.3 3.3 0.0 : 348.4 : 0.000 0.000 : 0.000 0.000 0.764 1.504 : 0.000 0.000 0.000 0.000 1.849 0.742 : 0.000 : 96.715 : 922 1784 28 0 : 2274 : 4608 4424 : 44.156417 : 9 Next_heuristic_check_may_be_too_late ]
[44.159s][info][safepoint] Application time: 0.1850411 seconds
[44.160s][info][safepoint] Total time for which application threads were stopped: 0.0004063 seconds, Stopping threads took: 0.0000004 seconds
[44.160s][info][gc       ] [SPS 0.000 0.003 0.002 0.006 0.000 0.001 0.000 0.379 0.020 0.406 NewGC_pause1 44.158996 ]
[44.222s][info][safepoint] Application time: 0.0624779 seconds
[44.222s][info][safepoint] Total time for which application threads were stopped: 0.0001746 seconds, Stopping threads took: 0.0000005 seconds
[44.223s][info][gc       ] [SPS 0.000 0.001 0.000 0.006 0.000 0.001 0.000 0.142 0.024 0.175 NewGC_pause2 44.221649 ]
[44.225s][info][safepoint] Application time: 0.0027213 seconds
[44.225s][info][safepoint] Total time for which application threads were stopped: 0.0001330 seconds, Stopping threads took: 0.0000005 seconds
[44.225s][info][gc       ] [SPS 0.000 0.000 0.000 0.006 0.000 0.001 0.000 0.111 0.015 0.133 NewGC_pause3 44.224503 ]
[44.226s][info][safepoint] Application time: 0.0013451 seconds
[44.226s][info][safepoint] Total time for which application threads were stopped: 0.0000727 seconds, Stopping threads took: 0.0000005 seconds
[44.226s][info][gc       ] [SPS 0.000 0.003 0.002 0.006 0.000 0.001 0.000 0.047 0.017 0.073 NewGC_pause4 44.225921 ]
[44.226s][info][gc       ] [GC New Max 137-125 : 5120 3152 2228 5120 - - 1051 56 2 2 - : 232 1784 28 184 1156 : 228 4 929 929 0 : 0 1 114 0 116 - 0 : 0.183174 3668.6 0.0 0.069225 3409.2 0.0 : 3 --c 0000 : 23 0 0.000 0.000 0 0.000 0.000 0 0.000 0.000 : 44.156941 44.158590 0.000287 44.221474 0.000108 44.224370 0.000115 44.225848 0.000050 : 44.226166 ]
[44.226s][info][gc       ] [SYSINFO 7333 227 63 0 6776 0 30 0 0 5703 : - - - - - - - - : 0 7168 : 3.86 3.15 2.06 : 292739 4277744 : 0 0 : 14 0 : 3877 2 0 261 : - 7410384896 682364928 1199550464 5905219584 238030848 67043328 : 140073237 29927000 735830 0 0 0 : 44.226393 ]
[44.226s][info][gc       ] [HUGEPAGESTAT 0 0 0 - 110774 0 0 : 393216 0 0 : 44.226393 ]
[44.226s][info][gc       ] [OBJCREAT 119818027 25160 6930432 : 44.226439 ]
[44.226s][info][gc       ] [HMSV All : 0 0 40 0 0 0 0 0 : 4960 0 0 0 : 44.226454 ]
[44.226s][info][gc       ] [HMSP 9 : 41100 0 : 44.226454 ]
[44.227s][info][gc       ] [VMAC 65530 166 24 435 625 : 44.226893 ]
[44.411s][info][gc       ] [GPGC-H  3572.0 486.3 3.3 0.0 : 348.4 : 0.000 0.000 : 0.000 0.000 0.756 1.504 : 0.000 0.000 0.000 0.000 1.830 0.742 : 0.000 : 95.912 : 910 1784 28 0 : 2274 : 4608 4424 : 44.411472 : 9 Next_heuristic_check_may_be_too_late ]
[44.414s][info][safepoint] Application time: 0.1880708 seconds
[44.415s][info][safepoint] Total time for which application threads were stopped: 0.0003709 seconds, Stopping threads took: 0.0000004 seconds
[44.415s][info][gc       ] [SPS 0.000 0.003 0.002 0.006 0.000 0.001 0.000 0.339 0.024 0.371 NewGC_pause1 44.414363 ]
[44.474s][info][safepoint] Application time: 0.0597388 seconds
[44.475s][info][safepoint] Total time for which application threads were stopped: 0.0001420 seconds, Stopping threads took: 0.0000004 seconds
[44.475s][info][gc       ] [SPS 0.000 0.001 0.000 0.005 0.000 0.001 0.000 0.117 0.019 0.142 NewGC_pause2 44.474244 ]
[44.476s][info][safepoint] Application time: 0.0017684 seconds
[44.476s][info][safepoint] Total time for which application threads were stopped: 0.0000534 seconds, Stopping threads took: 0.0000004 seconds
[44.477s][info][gc       ] [SPS 0.000 0.000 0.000 0.006 0.000 0.001 0.000 0.035 0.012 0.053 NewGC_pause3 44.476066 ]
[44.477s][info][safepoint] Application time: 0.0009095 seconds
[44.477s][info][safepoint] Total time for which application threads were stopped: 0.0000630 seconds, Stopping threads took: 0.0000004 seconds
[44.478s][info][gc       ] [SPS 0.000 0.002 0.002 0.006 0.000 0.001 0.000 0.042 0.014 0.063 NewGC_pause4 44.477038 ]
[44.478s][info][gc       ] [GC New Max 138-126 : 5120 3154 2240 5120 - - 1051 56 2 2 - : 244 1784 28 184 1158 : 240 4 916 916 0 : 0 1 120 0 122 - 0 : 0.186044 3655.0 0.0 0.065112 3808.8 0.0 : 3 --c 0000 : 23 0 0.000 0.000 0 0.000 0.000 0 0.000 0.000 : 44.412211 44.413992 0.000256 44.474102 0.000087 44.476012 0.000038 44.476975 0.000046 : 44.477323 ]
[44.478s][info][gc       ] [SYSINFO 7333 227 63 0 6776 0 30 0 0 5703 : - - - - - - - - : 0 7168 : 3.86 3.15 2.06 : 292739 4277744 : 0 0 : 14 0 : 3877 2 0 261 : - 7410384896 682364928 1199550464 5905219584 238030848 67043328 : 140073237 29927380 735830 0 0 0 : 44.477600 ]
[44.478s][info][gc       ] [HUGEPAGESTAT 0 0 0 - 110774 0 0 : 393216 0 0 : 44.477600 ]
[44.478s][info][gc       ] [OBJCREAT 120738224 25160 6930432 : 44.477666 ]
[44.478s][info][gc       ] [HMSV All : 0 0 40 0 0 0 0 0 : 4960 0 0 0 : 44.477680 ]
[44.478s][info][gc       ] [HMSP 9 : 41100 0 : 44.477680 ]
[44.478s][info][gc       ] [VMAC 65530 166 24 435 625 : 44.478123 ]
[44.640s][info][gc       ] [GPGC-H  3572.0 486.3 3.3 0.0 : 348.4 : 0.000 0.000 : 0.000 0.000 0.748 1.504 : 0.000 0.000 0.000 0.000 1.810 0.742 : 0.000 : 95.104 : 846 1784 28 0 : 2274 : 4608 4424 : 44.639873 : 9 Next_heuristic_check_may_be_too_late ]
[44.642s][info][safepoint] Application time: 0.1648868 seconds
[44.643s][info][safepoint] Total time for which application threads were stopped: 0.0002908 seconds, Stopping threads took: 0.0000005 seconds
[44.643s][info][gc       ] [SPS 0.000 0.003 0.002 0.006 0.000 0.001 0.000 0.262 0.021 0.291 NewGC_pause1 44.642216 ]
[44.706s][info][safepoint] Application time: 0.0634827 seconds
[44.706s][info][safepoint] Total time for which application threads were stopped: 0.0001424 seconds, Stopping threads took: 0.0000004 seconds
[44.707s][info][gc       ] [SPS 0.000 0.001 0.000 0.006 0.000 0.001 0.000 0.117 0.018 0.142 NewGC_pause2 44.705841 ]
[44.708s][info][safepoint] Application time: 0.0015618 seconds
[44.708s][info][safepoint] Total time for which application threads were stopped: 0.0000987 seconds, Stopping threads took: 0.0000004 seconds
[44.708s][info][gc       ] [SPS 0.000 0.000 0.000 0.006 0.000 0.001 0.000 0.079 0.013 0.099 NewGC_pause3 44.707502 ]
[44.709s][info][safepoint] Application time: 0.0011114 seconds
[44.709s][info][safepoint] Total time for which application threads were stopped: 0.0001224 seconds, Stopping threads took: 0.0000004 seconds
[44.709s][info][gc       ] [SPS 0.000 0.002 0.002 0.005 0.000 0.001 0.000 0.103 0.013 0.122 NewGC_pause4 44.708736 ]
[44.709s][info][gc       ] [GC New Max 139-127 : 5120 3106 2258 5120 - - 1051 56 2 2 - : 262 1784 28 184 1110 : 258 4 851 851 0 : 0 1 129 0 131 - 0 : 0.163050 3704.4 0.0 0.068630 3846.7 0.0 : 3 --c 0000 : 23 0 0.000 0.000 0 0.000 0.000 0 0.000 0.000 : 44.640373 44.641925 0.000229 44.705699 0.000061 44.707403 0.000084 44.708613 0.000106 : 44.709003 ]
[44.709s][info][gc       ] [SYSINFO 7333 227 63 0 6776 0 30 0 0 5703 : - - - - - - - - : 0 7168 : 3.86 3.15 2.06 : 292739 4277744 : 0 0 : 14 0 : 3877 2 0 261 : - 7410384896 682364928 1199550464 5905219584 238030848 67043328 : 140073237 29927770 735860 0 0 0 : 44.709217 ]
[44.709s][info][gc       ] [HUGEPAGESTAT 0 0 0 - 110774 0 0 : 393216 0 0 : 44.709217 ]
[44.709s][info][gc       ] [OBJCREAT 121596212 25160 6930432 : 44.709256 ]
[44.709s][info][gc       ] [HMSV All : 0 0 40 0 0 0 0 0 : 4960 0 0 0 : 44.709270 ]
[44.709s][info][gc       ] [HMSP 9 : 41100 0 : 44.709270 ]
[44.710s][info][gc       ] [VMAC 65530 166 24 435 625 : 44.709661 ]
[44.868s][info][gc       ] [GPGC-H  3572.0 486.3 3.3 0.0 : 348.4 : 0.000 0.000 : 0.000 0.000 0.740 1.504 : 0.000 0.000 0.000 0.000 1.793 0.742 : 0.000 : 94.407 : 854 1784 30 0 : 2274 : 4608 4424 : 44.867859 : 9 Next_heuristic_check_may_be_too_late ]
[44.871s][info][safepoint] Application time: 0.1620117 seconds
[44.872s][info][safepoint] Total time for which application threads were stopped: 0.0002705 seconds, Stopping threads took: 0.0000005 seconds
[44.872s][info][gc       ] [SPS 0.000 0.003 0.002 0.006 0.000 0.001 0.000 0.243 0.020 0.271 NewGC_pause1 44.871018 ]
[44.931s][info][safepoint] Application time: 0.0596216 seconds
[44.931s][info][safepoint] Total time for which application threads were stopped: 0.0000634 seconds, Stopping threads took: 0.0000004 seconds
[44.932s][info][gc       ] [SPS 0.000 0.001 0.000 0.006 0.000 0.001 0.000 0.043 0.013 0.063 NewGC_pause2 44.930703 ]
[44.933s][info][safepoint] Application time: 0.0018056 seconds
[44.933s][info][safepoint] Total time for which application threads were stopped: 0.0001045 seconds, Stopping threads took: 0.0000004 seconds
[44.933s][info][gc       ] [SPS 0.000 0.000 0.000 0.006 0.000 0.001 0.000 0.085 0.012 0.105 NewGC_pause3 44.932613 ]
[44.934s][info][safepoint] Application time: 0.0010930 seconds
[44.934s][info][safepoint] Total time for which application threads were stopped: 0.0001133 seconds, Stopping threads took: 0.0000004 seconds
[44.934s][info][gc       ] [SPS 0.000 0.002 0.002 0.006 0.000 0.001 0.000 0.093 0.014 0.113 NewGC_pause4 44.933820 ]
[44.934s][info][gc       ] [GC New Max 140-128 : 5120 3102 2244 5120 - - 1051 56 2 2 - : 246 1784 30 184 1102 : 242 4 861 861 0 : 0 1 121 0 123 - 0 : 0.159616 3721.4 12.5 0.065511 3816.2 0.0 : 3 --c 0000 : 23 0 0.000 0.000 0 0.000 0.000 0 0.000 0.000 : 44.868619 44.870748 0.000212 44.930640 0.000045 44.932509 0.000088 44.933706 0.000096 : 44.934130 ]
[44.934s][info][gc       ] [SYSINFO 7333 227 63 0 6776 0 30 0 0 5703 : - - - - - - - - : 0 7168 : 3.86 3.15 2.06 : 292739 4277744 : 0 0 : 14 0 : 3877 2 0 261 : - 7410384896 682364928 1199550464 5905219584 238030848 67043328 : 140073237 29928260 735910 0 0 0 : 44.934379 ]
[44.934s][info][gc       ] [HUGEPAGESTAT 0 0 0 - 110774 0 0 : 393216 0 0 : 44.934379 ]
[44.934s][info][gc       ] [OBJCREAT 122432430 25160 6930432 : 44.934423 ]
[44.934s][info][gc       ] [HMSV All : 0 0 40 0 0 0 0 0 : 4960 0 0 0 : 44.934436 ]
[44.934s][info][gc       ] [HMSP 9 : 41100 0 : 44.934436 ]
[44.935s][info][gc       ] [VMAC 65530 166 24 435 625 : 44.934830 ]
[45.091s][info][gc       ] [GPGC-H  3572.0 486.3 3.3 0.0 : 348.4 : 0.000 0.000 : 0.000 0.000 0.733 1.504 : 0.000 0.000 0.000 0.000 1.776 0.742 : 0.000 : 93.731 : 874 1784 30 0 : 2274 : 4608 4424 : 45.090967 : 9 Next_heuristic_check_may_be_too_late ]
[45.093s][info][safepoint] Application time: 0.1592888 seconds
[45.094s][info][safepoint] Total time for which application threads were stopped: 0.0002943 seconds, Stopping threads took: 0.0000004 seconds
[45.094s][info][gc       ] [SPS 0.000 0.003 0.004 0.007 0.000 0.001 0.000 0.251 0.035 0.294 NewGC_pause1 45.093403 ]
[45.155s][info][safepoint] Application time: 0.0610060 seconds
[45.155s][info][safepoint] Total time for which application threads were stopped: 0.0001109 seconds, Stopping threads took: 0.0000004 seconds
[45.155s][info][gc       ] [SPS 0.000 0.001 0.000 0.006 0.000 0.001 0.000 0.091 0.012 0.111 NewGC_pause2 45.154520 ]
[45.157s][info][safepoint] Application time: 0.0021860 seconds
[45.157s][info][safepoint] Total time for which application threads were stopped: 0.0001119 seconds, Stopping threads took: 0.0000004 seconds
[45.158s][info][gc       ] [SPS 0.000 0.000 0.000 0.006 0.000 0.001 0.000 0.093 0.012 0.112 NewGC_pause3 45.156818 ]
[45.158s][info][safepoint] Application time: 0.0011037 seconds
[45.158s][info][safepoint] Total time for which application threads were stopped: 0.0000627 seconds, Stopping threads took: 0.0000005 seconds
[45.158s][info][gc       ] [SPS 0.000 0.002 0.002 0.006 0.000 0.001 0.000 0.042 0.013 0.063 NewGC_pause4 45.157985 ]
[45.158s][info][gc       ] [GC New Max 141-129 : 5120 3116 2238 5120 - - 1051 56 2 2 - : 240 1784 30 184 1118 : 238 4 881 881 0 : 0 1 119 0 120 - 0 : 0.157307 4004.9 0.0 0.066760 3654.9 0.0 : 3 --c 0000 : 23 0 0.000 0.000 0 0.000 0.000 0 0.000 0.000 : 45.091436 45.093109 0.000211 45.154409 0.000095 45.156706 0.000097 45.157922 0.000046 : 45.158197 ]
[45.158s][info][gc       ] [SYSINFO 7333 227 63 0 6776 0 30 0 0 5703 : - - - - - - - - : 0 7168 : 3.86 3.15 2.06 : 292739 4277744 : 0 0 : 14 0 : 3877 4 0 261 : - 7410384896 682364928 1199550464 5905219584 238030848 67043328 : 140073237 29928640 735960 0 0 0 : 45.158453 ]
[45.158s][info][gc       ] [HUGEPAGESTAT 0 0 0 - 110774 0 0 : 393216 0 0 : 45.158453 ]
[45.158s][info][gc       ] [OBJCREAT 123300483 25160 6930432 : 45.158497 ]
[45.159s][info][gc       ] [HMSV All : 0 0 40 0 0 0 0 0 : 4960 0 0 0 : 45.158511 ]
[45.159s][info][gc       ] [HMSP 9 : 41100 0 : 45.158511 ]
[45.159s][info][gc       ] [VMAC 65530 166 24 435 625 : 45.158903 ]
[45.320s][info][gc       ] [GPGC-H  3572.0 486.3 3.3 0.0 : 348.4 : 0.000 0.000 : 0.000 0.000 0.727 1.504 : 0.000 0.000 0.000 0.000 1.759 0.742 : 0.000 : 93.072 : 846 1784 30 0 : 2274 : 4608 4424 : 45.320187 : 9 Next_heuristic_check_may_be_too_late ]
[45.323s][info][safepoint] Application time: 0.1645295 seconds
[45.323s][info][safepoint] Total time for which application threads were stopped: 0.0003374 seconds, Stopping threads took: 0.0000004 seconds
[45.324s][info][gc       ] [SPS 0.000 0.004 0.002 0.007 0.000 0.001 0.000 0.309 0.020 0.337 NewGC_pause1 45.322852 ]
[45.383s][info][safepoint] Application time: 0.0594923 seconds
[45.383s][info][safepoint] Total time for which application threads were stopped: 0.0001453 seconds, Stopping threads took: 0.0000004 seconds
[45.384s][info][gc       ] [SPS 0.000 0.001 0.000 0.006 0.000 0.001 0.000 0.119 0.019 0.146 NewGC_pause2 45.382490 ]
[45.385s][info][safepoint] Application time: 0.0021272 seconds
[45.385s][info][safepoint] Total time for which application threads were stopped: 0.0000588 seconds, Stopping threads took: 0.0000004 seconds
[45.385s][info][gc       ] [SPS 0.000 0.000 0.000 0.006 0.000 0.001 0.000 0.039 0.013 0.059 NewGC_pause3 45.384675 ]
[45.386s][info][safepoint] Application time: 0.0010890 seconds
[45.386s][info][safepoint] Total time for which application threads were stopped: 0.0000651 seconds, Stopping threads took: 0.0000004 seconds
[45.386s][info][gc       ] [SPS 0.000 0.002 0.002 0.006 0.000 0.001 0.000 0.043 0.015 0.065 NewGC_pause4 45.385830 ]
[45.386s][info][gc       ] [GC New Max 142-130 : 5120 3094 2244 5120 - - 1051 56 2 2 - : 246 1784 30 184 1096 : 240 4 854 854 0 : 0 1 120 0 123 - 0 : 0.162603 3751.5 0.0 0.065323 3827.1 0.0 : 3 --c 0000 : 23 0 0.000 0.000 0 0.000 0.000 0 0.000 0.000 : 45.320800 45.322514 0.000271 45.382344 0.000088 45.384617 0.000041 45.385764 0.000045 : 45.386123 ]
[45.386s][info][gc       ] [SYSINFO 7333 227 63 0 6776 0 30 0 0 5703 : - - - - - - - - : 0 7168 : 3.86 3.15 2.06 : 292739 4277744 : 0 0 : 14 0 : 3877 2 0 261 : - 7410384896 682364928 1199550464 5905219584 238030848 67043328 : 140073237 29929030 736040 0 0 0 : 45.386389 ]
[45.386s][info][gc       ] [HUGEPAGESTAT 0 0 0 - 110774 0 0 : 393216 0 0 : 45.386389 ]
[45.386s][info][gc       ] [OBJCREAT 124148964 25160 6930432 : 45.386428 ]
[45.386s][info][gc       ] [HMSV All : 0 0 40 0 0 0 0 0 : 4960 0 0 0 : 45.386441 ]
[45.386s][info][gc       ] [HMSP 9 : 41100 0 : 45.386441 ]
[45.387s][info][gc       ] [VMAC 65530 166 24 435 625 : 45.386929 ]
[45.547s][info][gc       ] [GPGC-H  3572.0 486.3 3.3 0.0 : 348.4 : 0.000 0.000 : 0.000 0.000 0.720 1.504 : 0.000 0.000 0.000 0.000 1.743 0.742 : 0.000 : 92.397 : 912 1784 30 0 : 2274 : 4608 4424 : 45.547134 : 9 Next_heuristic_check_may_be_too_late ]
[45.550s][info][safepoint] Application time: 0.1633884 seconds
[45.550s][info][safepoint] Total time for which application threads were stopped: 0.0003021 seconds, Stopping threads took: 0.0000004 seconds
[45.550s][info][gc       ] [SPS 0.000 0.003 0.002 0.006 0.000 0.001 0.000 0.276 0.019 0.302 NewGC_pause1 45.549520 ]
[45.620s][info][safepoint] Application time: 0.0703874 seconds
[45.621s][info][safepoint] Total time for which application threads were stopped: 0.0002163 seconds, Stopping threads took: 0.0000004 seconds
[45.621s][info][gc       ] [SPS 0.000 0.001 0.000 0.006 0.000 0.001 0.000 0.179 0.029 0.216 NewGC_pause2 45.620124 ]
[45.622s][info][safepoint] Application time: 0.0021567 seconds
[45.623s][info][safepoint] Total time for which application threads were stopped: 0.0000564 seconds, Stopping threads took: 0.0000004 seconds
[45.623s][info][gc       ] [SPS 0.000 0.000 0.000 0.006 0.000 0.001 0.000 0.037 0.012 0.056 NewGC_pause3 45.622337 ]
[45.624s][info][safepoint] Application time: 0.0011454 seconds
[45.624s][info][safepoint] Total time for which application threads were stopped: 0.0000586 seconds, Stopping threads took: 0.0000004 seconds
[45.624s][info][gc       ] [SPS 0.000 0.002 0.002 0.006 0.000 0.001 0.000 0.039 0.013 0.059 NewGC_pause4 45.623541 ]
[45.624s][info][gc       ] [GC New Max 143-131 : 5120 3160 2244 5120 - - 1051 56 2 2 - : 246 1784 30 184 1162 : 242 4 919 919 0 : 0 1 121 0 123 - 0 : 0.161483 4136.6 0.0 0.076189 3281.3 0.0 : 3 --c 0000 : 23 0 0.000 0.000 0 0.000 0.000 0 0.000 0.000 : 45.547607 45.549218 0.000244 45.619908 0.000123 45.622281 0.000040 45.623483 0.000042 : 45.623796 ]
[45.624s][info][gc       ] [SYSINFO 7333 227 63 0 6776 0 30 0 0 5703 : - - - - - - - - : 0 7168 : 3.86 3.15 2.06 : 292739 4277744 : 0 0 : 14 0 : 3877 2 0 261 : - 7410384896 682364928 1199550464 5905219584 238030848 67043328 : 140073237 29929430 736040 0 0 0 : 45.624068 ]
[45.624s][info][gc       ] [HUGEPAGESTAT 0 0 0 - 110774 0 0 : 393216 0 0 : 45.624068 ]
[45.624s][info][gc       ] [OBJCREAT 125058701 25160 6930432 : 45.624122 ]
[45.624s][info][gc       ] [HMSV All : 0 0 40 0 0 0 0 0 : 4960 0 0 0 : 45.624142 ]
[45.624s][info][gc       ] [HMSP 9 : 41100 0 : 45.624142 ]
[45.625s][info][gc       ] [VMAC 65530 166 24 435 625 : 45.624624 ]
[45.784s][info][gc       ] [GPGC-H  3572.0 443.0 3.0 0.0 : 317.4 : 0.000 0.000 : 0.000 0.000 0.713 1.504 : 0.000 0.000 0.000 0.000 1.725 0.742 : 0.000 : 91.738 : 858 1784 30 0 : 2274 : 4608 4424 : 45.783944 : 9 Next_heuristic_check_may_be_too_late ]
[45.786s][info][safepoint] Application time: 0.1625106 seconds
[45.787s][info][safepoint] Total time for which application threads were stopped: 0.0002951 seconds, Stopping threads took: 0.0000004 seconds
[45.787s][info][gc       ] [SPS 0.000 0.003 0.002 0.006 0.000 0.001 0.000 0.269 0.019 0.295 NewGC_pause1 45.786347 ]
[45.847s][info][safepoint] Application time: 0.0602300 seconds
[45.847s][info][safepoint] Total time for which application threads were stopped: 0.0001959 seconds, Stopping threads took: 0.0000005 seconds
[45.848s][info][gc       ] [SPS 0.000 0.001 0.000 0.007 0.000 0.001 0.000 0.148 0.040 0.196 NewGC_pause2 45.846773 ]
[45.849s][info][safepoint] Application time: 0.0024419 seconds
[45.850s][info][safepoint] Total time for which application threads were stopped: 0.0001534 seconds, Stopping threads took: 0.0000005 seconds
[45.850s][info][gc       ] [SPS 0.000 0.000 0.000 0.007 0.000 0.001 0.004 0.128 0.013 0.153 NewGC_pause3 45.849369 ]
[45.851s][info][safepoint] Application time: 0.0011021 seconds
[45.851s][info][safepoint] Total time for which application threads were stopped: 0.0000661 seconds, Stopping threads took: 0.0000004 seconds
[45.851s][info][gc       ] [SPS 0.000 0.002 0.002 0.006 0.000 0.001 0.000 0.044 0.015 0.066 NewGC_pause4 45.850537 ]
[45.851s][info][gc       ] [GC New Max 144-132 : 5120 3094 2234 5120 - - 1051 56 2 2 - : 236 1784 30 184 1096 : 232 4 864 864 0 : 0 1 116 0 118 - 0 : 0.160611 3822.9 0.0 0.066424 3613.2 0.0 : 3 --c 0000 : 23 0 0.000 0.000 0 0.000 0.000 0 0.000 0.000 : 45.784407 45.786052 0.000236 45.846578 0.000093 45.849216 0.000136 45.850471 0.000047 : 45.850831 ]
[45.851s][info][gc       ] [SYSINFO 7333 227 63 0 6776 0 30 0 0 5703 : - - - - - - - - : 0 7168 : 3.86 3.15 2.06 : 292739 4277744 : 0 0 : 14 0 : 3877 2 0 261 : - 7410384896 682364928 1199550464 5905219584 238030848 67043328 : 140073237 29929800 736040 0 0 0 : 45.851052 ]
[45.851s][info][gc       ] [HUGEPAGESTAT 0 0 0 - 110774 0 0 : 393216 0 0 : 45.851052 ]
[45.851s][info][gc       ] [OBJCREAT 125903450 25160 6930432 : 45.851096 ]
[45.851s][info][gc       ] [HMSV All : 0 0 40 0 0 0 0 0 : 4960 0 0 0 : 45.851111 ]
[45.851s][info][gc       ] [HMSP 9 : 41100 0 : 45.851111 ]
[45.852s][info][gc       ] [VMAC 65530 166 24 435 625 : 45.851535 ]
[46.034s][info][gc       ] [GPGC-H  3626.7 443.0 3.0 0.0 : 317.4 : 0.000 0.000 : 0.000 0.000 0.706 1.504 : 0.000 0.000 0.000 0.000 1.709 0.742 : 0.000 : 91.086 : 904 1784 30 0 : 2274 : 4608 4424 : 46.034011 : 9 Next_heuristic_check_may_be_too_late ]
[46.037s][info][safepoint] Application time: 0.1857805 seconds
[46.037s][info][safepoint] Total time for which application threads were stopped: 0.0003841 seconds, Stopping threads took: 0.0000004 seconds
[46.038s][info][gc       ] [SPS 0.000 0.003 0.003 0.006 0.000 0.001 0.000 0.357 0.020 0.384 NewGC_pause1 46.036702 ]
[46.099s][info][safepoint] Application time: 0.0616369 seconds
[46.099s][info][safepoint] Total time for which application threads were stopped: 0.0002202 seconds, Stopping threads took: 0.0000005 seconds
[46.099s][info][gc       ] [SPS 0.000 0.001 0.000 0.006 0.000 0.001 0.000 0.183 0.036 0.226 NewGC_pause2 46.098565 ]
[46.100s][info][safepoint] Application time: 0.0015331 seconds
[46.100s][info][safepoint] Total time for which application threads were stopped: 0.0000576 seconds, Stopping threads took: 0.0000004 seconds
[46.101s][info][gc       ] [SPS 0.000 0.000 0.000 0.006 0.000 0.001 0.000 0.036 0.014 0.058 NewGC_pause3 46.100150 ]
[46.101s][info][safepoint] Application time: 0.0008495 seconds
[46.101s][info][safepoint] Total time for which application threads were stopped: 0.0000691 seconds, Stopping threads took: 0.0000005 seconds
[46.101s][info][gc       ] [SPS 0.000 0.002 0.002 0.006 0.000 0.001 0.000 0.044 0.018 0.069 NewGC_pause4 46.101068 ]
[46.102s][info][gc       ] [GC New Max 145-133 : 5120 3134 2226 5120 - - 1051 56 2 2 - : 228 1784 30 184 1136 : 224 4 911 911 0 : 0 1 112 0 114 - 0 : 0.183689 3647.5 0.0 0.066818 3472.1 0.0 : 3 --c 0000 : 23 0 0.000 0.000 0 0.000 0.000 0 0.000 0.000 : 46.034520 46.036318 0.000297 46.098339 0.000107 46.100092 0.000039 46.100999 0.000047 : 46.101338 ]
[46.102s][info][gc       ] [SYSINFO 7333 227 63 0 6776 0 30 0 0 5703 : - - - - - - - - : 0 7168 : 3.86 3.15 2.06 : 292739 4277744 : 0 0 : 14 0 : 3877 2 0 261 : - 7410384896 682364928 1199550464 5905219584 238030848 67043328 : 140073237 29930220 736050 0 0 0 : 46.101561 ]
[46.102s][info][gc       ] [HUGEPAGESTAT 0 0 0 - 110774 0 0 : 393216 0 0 : 46.101561 ]
[46.102s][info][gc       ] [OBJCREAT 126798780 25160 6930432 : 46.101642 ]
[46.102s][info][gc       ] [HMSV All : 0 0 40 0 0 0 0 0 : 4960 0 0 0 : 46.101655 ]
[46.102s][info][gc       ] [HMSP 9 : 41100 0 : 46.101655 ]
[46.102s][info][gc       ] [VMAC 65530 166 24 435 625 : 46.102058 ]
[46.284s][info][gc       ] [GPGC-H  3626.7 443.0 3.0 0.0 : 317.4 : 0.000 0.000 : 0.000 0.000 0.699 1.504 : 0.000 0.000 0.000 0.000 1.691 0.742 : 0.000 : 90.345 : 910 1784 30 0 : 2274 : 4608 4424 : 46.284094 : 9 Next_heuristic_check_may_be_too_late ]
[46.287s][info][safepoint] Application time: 0.1851930 seconds
[46.287s][info][safepoint] Total time for which application threads were stopped: 0.0003661 seconds, Stopping threads took: 0.0000004 seconds
[46.287s][info][gc       ] [SPS 0.000 0.003 0.002 0.006 0.000 0.001 0.000 0.339 0.019 0.366 NewGC_pause1 46.286628 ]
[46.349s][info][safepoint] Application time: 0.0620076 seconds
[46.349s][info][safepoint] Total time for which application threads were stopped: 0.0001647 seconds, Stopping threads took: 0.0000004 seconds
[46.350s][info][gc       ] [SPS 0.000 0.001 0.000 0.006 0.000 0.001 0.000 0.134 0.023 0.165 NewGC_pause2 46.348800 ]
[46.351s][info][safepoint] Application time: 0.0020719 seconds
[46.351s][info][safepoint] Total time for which application threads were stopped: 0.0000607 seconds, Stopping threads took: 0.0000004 seconds
[46.352s][info][gc       ] [SPS 0.000 0.001 0.000 0.007 0.000 0.001 0.000 0.038 0.015 0.061 NewGC_pause3 46.350933 ]
[46.356s][info][safepoint] Application time: 0.0046368 seconds
[46.356s][info][safepoint] Total time for which application threads were stopped: 0.0000720 seconds, Stopping threads took: 0.0000005 seconds
[46.356s][info][gc       ] [SPS 0.000 0.002 0.007 0.010 0.000 0.001 0.000 0.044 0.016 0.072 NewGC_pause4 46.355642 ]
[46.356s][info][gc       ] [GC New Max 146-134 : 5120 3144 2242 5120 - - 1051 56 2 2 - : 244 1784 30 184 1146 : 228 4 917 917 0 : 0 1 114 0 122 - 0 : 0.183278 3732.0 0.0 0.071272 3479.6 0.0 : 3 --c 0000 : 23 0 0.000 0.000 0 0.000 0.000 0 0.000 0.000 : 46.284616 46.286262 0.000254 46.348636 0.000099 46.350872 0.000042 46.355570 0.000052 : 46.355888 ]
[46.356s][info][gc       ] [SYSINFO 7333 227 63 0 6776 0 30 0 0 5703 : - - - - - - - - : 0 7168 : 3.86 3.15 2.06 : 292739 4277764 : 0 0 : 14 0 : 3877 2 0 261 : - 7410384896 682364928 1199550464 5905219584 238030848 67043328 : 140073237 29930650 736090 0 0 0 : 46.356113 ]
[46.356s][info][gc       ] [HUGEPAGESTAT 0 0 0 - 110774 0 0 : 393216 0 0 : 46.356113 ]
[46.356s][info][gc       ] [OBJCREAT 127721534 25160 6930432 : 46.356156 ]
[46.356s][info][gc       ] [HMSV All : 0 0 40 0 0 0 0 0 : 4960 0 0 0 : 46.356171 ]
[46.356s][info][gc       ] [HMSP 9 : 41100 0 : 46.356171 ]
[46.357s][info][gc       ] [VMAC 65530 166 24 435 625 : 46.356635 ]
[46.518s][info][gc       ] [GPGC-H  3626.7 443.0 3.0 0.0 : 317.4 : 0.000 0.000 : 0.000 0.000 0.691 1.504 : 0.000 0.000 0.000 0.000 1.673 0.742 : 0.000 : 89.616 : 852 1784 30 0 : 2274 : 4608 4424 : 46.518082 : 9 Next_heuristic_check_may_be_too_late ]
[46.521s][info][safepoint] Application time: 0.1647942 seconds
[46.521s][info][safepoint] Total time for which application threads were stopped: 0.0003359 seconds, Stopping threads took: 0.0000004 seconds
[46.522s][info][gc       ] [SPS 0.000 0.003 0.002 0.006 0.000 0.001 0.000 0.305 0.023 0.336 NewGC_pause1 46.520772 ]
[46.587s][info][safepoint] Application time: 0.0663351 seconds
[46.588s][info][safepoint] Total time for which application threads were stopped: 0.0001769 seconds, Stopping threads took: 0.0000005 seconds
[46.588s][info][gc       ] [SPS 0.000 0.001 0.000 0.015 0.001 0.001 0.000 0.124 0.036 0.177 NewGC_pause2 46.587284 ]
[46.589s][info][safepoint] Application time: 0.0014026 seconds
[46.589s][info][safepoint] Total time for which application threads were stopped: 0.0001906 seconds, Stopping threads took: 0.0000004 seconds
[46.589s][info][gc       ] [SPS 0.000 0.000 0.000 0.006 0.000 0.001 0.000 0.171 0.018 0.196 NewGC_pause3 46.588883 ]
[46.592s][info][safepoint] Application time: 0.0028448 seconds
[46.592s][info][safepoint] Total time for which application threads were stopped: 0.0001055 seconds, Stopping threads took: 0.0000004 seconds
[46.592s][info][gc       ] [SPS 0.000 0.003 0.002 0.006 0.000 0.001 0.000 0.078 0.021 0.106 NewGC_pause4 46.591833 ]
[46.592s][info][gc       ] [GC New Max 147-135 : 5120 3108 2260 5120 - - 1051 56 2 2 - : 260 1784 30 184 1110 : 252 2 858 858 0 : 0 1 126 0 130 - 0 : 0.162722 3748.7 0.0 0.073414 3596.1 0.0 : 3 --c 0000 : 23 0 0.000 0.000 0 0.000 0.000 0 0.000 0.000 : 46.518610 46.520436 0.000261 46.587107 0.000062 46.588687 0.000174 46.591728 0.000054 : 46.592023 ]
[46.592s][info][gc       ] [SYSINFO 7333 227 63 0 6776 0 30 0 0 5703 : - - - - - - - - : 0 7168 : 3.86 3.15 2.06 : 292739 4277764 : 0 0 : 14 0 : 3877 2 0 261 : - 7410384896 682364928 1199550464 5905219584 238030848 67043328 : 140073237 29931070 736090 0 0 0 : 46.592373 ]
[46.592s][info][gc       ] [HUGEPAGESTAT 0 0 0 - 110774 0 0 : 393216 0 0 : 46.592373 ]
[46.592s][info][gc       ] [OBJCREAT 128586105 25160 6930432 : 46.592451 ]
[46.592s][info][gc       ] [HMSV All : 0 0 40 0 0 0 0 0 : 4960 0 0 0 : 46.592487 ]
[46.592s][info][gc       ] [HMSP 9 : 41100 0 : 46.592487 ]
[46.593s][info][gc       ] [VMAC 65530 166 24 435 625 : 46.592876 ]
[46.751s][info][gc       ] [GPGC-H  3626.7 443.0 3.0 0.0 : 317.4 : 0.000 0.000 : 0.000 0.000 0.685 1.504 : 0.000 0.000 0.000 0.000 1.657 0.742 : 0.000 : 88.981 : 870 1784 30 0 : 2274 : 4608 4424 : 46.750974 : 9 Next_heuristic_check_may_be_too_late ]
[46.753s][info][safepoint] Application time: 0.1612734 seconds
[46.754s][info][safepoint] Total time for which application threads were stopped: 0.0002984 seconds, Stopping threads took: 0.0000004 seconds
[46.754s][info][gc       ] [SPS 0.000 0.003 0.002 0.006 0.000 0.001 0.000 0.274 0.017 0.298 NewGC_pause1 46.753405 ]
[46.814s][info][safepoint] Application time: 0.0599660 seconds
[46.814s][info][safepoint] Total time for which application threads were stopped: 0.0001452 seconds, Stopping threads took: 0.0000004 seconds
[46.814s][info][gc       ] [SPS 0.000 0.001 0.000 0.006 0.000 0.001 0.000 0.119 0.019 0.145 NewGC_pause2 46.813517 ]
[46.816s][info][safepoint] Application time: 0.0019769 seconds
[46.816s][info][safepoint] Total time for which application threads were stopped: 0.0001003 seconds, Stopping threads took: 0.0000004 seconds
[46.816s][info][gc       ] [SPS 0.000 0.000 0.000 0.006 0.000 0.001 0.000 0.078 0.016 0.100 NewGC_pause3 46.815594 ]
[46.817s][info][safepoint] Application time: 0.0010856 seconds
[46.817s][info][safepoint] Total time for which application threads were stopped: 0.0001194 seconds, Stopping threads took: 0.0000003 seconds
[46.817s][info][gc       ] [SPS 0.000 0.002 0.002 0.006 0.000 0.001 0.000 0.098 0.014 0.120 NewGC_pause4 46.816799 ]
[46.817s][info][gc       ] [GC New Max 148-136 : 5120 3132 2258 5120 - - 1051 56 2 2 - : 260 1784 30 184 1134 : 256 4 877 877 0 : 0 1 128 0 130 - 0 : 0.159489 3837.3 0.0 0.065570 4026.2 0.0 : 3 --c 0000 : 23 0 0.000 0.000 0 0.000 0.000 0 0.000 0.000 : 46.751512 46.753107 0.000244 46.813371 0.000088 46.815493 0.000079 46.816679 0.000101 : 46.817083 ]
[46.817s][info][gc       ] [SYSINFO 7333 227 63 0 6776 0 30 0 0 5703 : - - - - - - - - : 0 7168 : 3.86 3.15 2.06 : 292739 4277764 : 0 0 : 14 0 : 3877 4 0 261 : - 7410384896 682364928 1199550464 5905219584 238030848 67043328 : 140073237 29931460 736090 0 0 0 : 46.817309 ]
[46.817s][info][gc       ] [HUGEPAGESTAT 0 0 0 - 110774 0 0 : 393216 0 0 : 46.817309 ]
[46.817s][info][gc       ] [OBJCREAT 129451666 25160 6930432 : 46.817348 ]
[46.817s][info][gc       ] [HMSV All : 0 0 40 0 0 0 0 0 : 4960 0 0 0 : 46.817363 ]
[46.817s][info][gc       ] [HMSP 9 : 41100 0 : 46.817363 ]
[46.818s][info][gc       ] [VMAC 65530 166 24 435 625 : 46.817723 ]
[46.978s][info][gc       ] [GPGC-H  3626.7 443.0 3.0 0.0 : 317.4 : 0.000 0.000 : 0.000 0.000 0.678 1.504 : 0.000 0.000 0.000 0.000 1.641 0.742 : 0.000 : 88.362 : 902 1784 30 0 : 2274 : 4608 4424 : 46.977865 : 9 Next_heuristic_check_may_be_too_late ]
[46.980s][info][safepoint] Application time: 0.1632203 seconds
[46.981s][info][safepoint] Total time for which application threads were stopped: 0.0002822 seconds, Stopping threads took: 0.0000004 seconds
[46.981s][info][gc       ] [SPS 0.000 0.002 0.002 0.006 0.000 0.001 0.000 0.256 0.018 0.282 NewGC_pause1 46.980302 ]
[47.040s][info][safepoint] Application time: 0.0599468 seconds
[47.041s][info][safepoint] Total time for which application threads were stopped: 0.0001708 seconds, Stopping threads took: 0.0000004 seconds
[47.041s][info][gc       ] [SPS 0.000 0.001 0.000 0.006 0.000 0.001 0.000 0.145 0.018 0.171 NewGC_pause2 47.040419 ]
[47.042s][info][safepoint] Application time: 0.0013730 seconds
[47.042s][info][safepoint] Total time for which application threads were stopped: 0.0000519 seconds, Stopping threads took: 0.0000004 seconds
[47.042s][info][gc       ] [SPS 0.000 0.000 0.000 0.006 0.000 0.001 0.000 0.033 0.012 0.052 NewGC_pause3 47.041844 ]
[47.043s][info][safepoint] Application time: 0.0010799 seconds
[47.044s][info][safepoint] Total time for which application threads were stopped: 0.0001746 seconds, Stopping threads took: 0.0000004 seconds
[47.044s][info][gc       ] [SPS 0.000 0.002 0.002 0.006 0.000 0.001 0.000 0.150 0.018 0.175 NewGC_pause4 47.043099 ]
[47.044s][info][gc       ] [GC New Max 149-137 : 5120 3152 2246 5120 - - 1051 56 2 2 - : 248 1784 30 184 1152 : 244 4 908 908 0 : 0 1 122 0 124 - 0 : 0.161352 3991.3 0.0 0.064962 3879.2 0.0 : 3 --c 0000 : 23 0 0.000 0.000 0 0.000 0.000 0 0.000 0.000 : 46.978435 46.980020 0.000223 47.040249 0.000101 47.041792 0.000037 47.042924 0.000100 : 47.043397 ]
[47.044s][info][gc       ] [SYSINFO 7333 227 63 0 6776 0 30 0 0 5703 : - - - - - - - - : 0 7168 : 3.86 3.15 2.06 : 292739 4277764 : 0 0 : 14 0 : 3877 2 0 261 : - 7410384896 682364928 1199550464 5905219584 238030848 67043328 : 140073237 29931860 736090 0 0 0 : 47.043627 ]
[47.044s][info][gc       ] [HUGEPAGESTAT 0 0 0 - 110774 0 0 : 393216 0 0 : 47.043627 ]
[47.044s][info][gc       ] [OBJCREAT 130338217 25160 6930432 : 47.043666 ]
[47.044s][info][gc       ] [HMSV All : 0 0 40 0 0 0 0 0 : 4960 0 0 0 : 47.043682 ]
[47.044s][info][gc       ] [HMSP 9 : 41100 0 : 47.043682 ]
[47.044s][info][gc       ] [VMAC 65530 166 24 435 625 : 47.044108 ]
[47.204s][info][gc       ] [GPGC-H  3626.7 443.0 3.0 0.0 : 317.4 : 0.000 0.000 : 0.000 0.000 0.672 1.504 : 0.000 0.000 0.000 0.000 1.626 0.742 : 0.000 : 87.741 : 868 1784 30 0 : 2274 : 4608 4424 : 47.203914 : 9 Next_heuristic_check_may_be_too_late ]
[47.207s][info][safepoint] Application time: 0.1630627 seconds
[47.207s][info][safepoint] Total time for which application threads were stopped: 0.0003717 seconds, Stopping threads took: 0.0000005 seconds
[47.207s][info][gc       ] [SPS 0.000 0.003 0.002 0.006 0.000 0.001 0.000 0.317 0.047 0.372 NewGC_pause1 47.206534 ]
[47.269s][info][safepoint] Application time: 0.0625970 seconds
[47.270s][info][safepoint] Total time for which application threads were stopped: 0.0001597 seconds, Stopping threads took: 0.0000004 seconds
[47.270s][info][gc       ] [SPS 0.000 0.001 0.000 0.006 0.000 0.001 0.000 0.132 0.021 0.160 NewGC_pause2 47.269291 ]
[47.272s][info][safepoint] Application time: 0.0021783 seconds
[47.272s][info][safepoint] Total time for which application threads were stopped: 0.0000576 seconds, Stopping threads took: 0.0000004 seconds
[47.272s][info][gc       ] [SPS 0.000 0.001 0.000 0.006 0.000 0.001 0.000 0.036 0.014 0.057 NewGC_pause3 47.271526 ]
[47.272s][info][safepoint] Application time: 0.0008991 seconds
[47.273s][info][safepoint] Total time for which application threads were stopped: 0.0000666 seconds, Stopping threads took: 0.0000004 seconds
[47.273s][info][gc       ] [SPS 0.000 0.002 0.002 0.006 0.000 0.001 0.000 0.046 0.013 0.066 NewGC_pause4 47.272492 ]
[47.273s][info][gc       ] [GC New Max 150-138 : 5120 3106 2234 5120 - - 1051 56 2 2 - : 236 1784 30 184 1108 : 232 4 874 874 0 : 0 1 116 0 118 - 0 : 0.161070 3861.7 0.0 0.068368 3510.4 0.0 : 3 --c 0000 : 23 0 0.000 0.000 0 0.000 0.000 0 0.000 0.000 : 47.204467 47.206162 0.000269 47.269131 0.000099 47.271469 0.000039 47.272426 0.000049 : 47.272835 ]
[47.273s][info][gc       ] [SYSINFO 7333 227 63 0 6776 0 30 0 0 5703 : - - - - - - - - : 0 7168 : 3.86 3.15 2.06 : 292739 4277764 : 0 0 : 14 0 : 3877 2 0 261 : - 7410384896 682364928 1199550464 5905219584 238030848 67043328 : 140073237 29932260 736110 0 0 0 : 47.273113 ]
[47.273s][info][gc       ] [HUGEPAGESTAT 0 0 0 - 110774 0 0 : 393216 0 0 : 47.273113 ]
[47.273s][info][gc       ] [OBJCREAT 131191571 25160 6930432 : 47.273162 ]
[47.273s][info][gc       ] [HMSV All : 0 0 40 0 0 0 0 0 : 4960 0 0 0 : 47.273176 ]
[47.273s][info][gc       ] [HMSP 9 : 41100 0 : 47.273176 ]
[47.274s][info][gc       ] [VMAC 65530 166 24 435 625 : 47.273615 ]
[47.457s][info][gc       ] [GPGC-H  3626.7 443.0 3.0 0.0 : 317.4 : 0.000 0.000 : 0.000 0.000 0.665 1.504 : 0.000 0.000 0.000 0.000 1.611 0.742 : 0.000 : 87.130 : 910 1784 30 0 : 2274 : 4608 4424 : 47.457173 : 9 Next_heuristic_check_may_be_too_late ]
[47.460s][info][safepoint] Application time: 0.1870547 seconds
[47.460s][info][safepoint] Total time for which application threads were stopped: 0.0002820 seconds, Stopping threads took: 0.0000004 seconds
[47.461s][info][gc       ] [SPS 0.000 0.003 0.002 0.006 0.000 0.001 0.000 0.260 0.014 0.282 NewGC_pause1 47.459829 ]
[47.519s][info][safepoint] Application time: 0.0594029 seconds
[47.520s][info][safepoint] Total time for which application threads were stopped: 0.0001401 seconds, Stopping threads took: 0.0000003 seconds
[47.520s][info][gc       ] [SPS 0.000 0.001 0.000 0.006 0.000 0.001 0.000 0.115 0.019 0.140 NewGC_pause2 47.519373 ]
[47.521s][info][safepoint] Application time: 0.0020584 seconds
[47.522s][info][safepoint] Total time for which application threads were stopped: 0.0000546 seconds, Stopping threads took: 0.0000004 seconds
[47.522s][info][gc       ] [SPS 0.000 0.000 0.000 0.006 0.000 0.001 0.000 0.036 0.012 0.055 NewGC_pause3 47.521485 ]
[47.523s][info][safepoint] Application time: 0.0010924 seconds
[47.523s][info][safepoint] Total time for which application threads were stopped: 0.0000616 seconds, Stopping threads took: 0.0000004 seconds
[47.523s][info][gc       ] [SPS 0.000 0.002 0.002 0.005 0.000 0.001 0.000 0.043 0.012 0.062 NewGC_pause4 47.522639 ]
[47.523s][info][gc       ] [GC New Max 151-139 : 5120 3158 2244 5120 - - 1051 56 2 2 - : 246 1784 30 184 1160 : 244 4 917 917 0 : 0 1 122 0 123 - 0 : 0.184867 3656.7 0.0 0.065144 3837.7 0.0 : 3 --c 0000 : 23 0 0.000 0.000 0 0.000 0.000 0 0.000 0.000 : 47.457702 47.459547 0.000264 47.519232 0.000086 47.521431 0.000039 47.522578 0.000046 : 47.522846 ]
[47.523s][info][gc       ] [SYSINFO 7333 227 63 0 6776 0 30 0 0 5703 : - - - - - - - - : 0 7168 : 3.86 3.15 2.06 : 292739 4277764 : 0 0 : 14 0 : 3877 2 0 261 : - 7410384896 682364928 1199550464 5905219584 238030848 67043328 : 140073237 29932690 736110 0 0 0 : 47.523115 ]
[47.523s][info][gc       ] [HUGEPAGESTAT 0 0 0 - 110774 0 0 : 393216 0 0 : 47.523115 ]
[47.523s][info][gc       ] [OBJCREAT 132110675 25160 6930432 : 47.523153 ]
[47.523s][info][gc       ] [HMSV All : 0 0 40 0 0 0 0 0 : 4960 0 0 0 : 47.523166 ]
[47.523s][info][gc       ] [HMSP 9 : 41100 0 : 47.523166 ]
[47.524s][info][gc       ] [VMAC 65530 166 24 435 625 : 47.523528 ]
[47.683s][info][gc       ] [GPGC-H  3626.7 403.6 2.7 0.0 : 289.2 : 0.000 0.000 : 0.000 0.000 0.658 1.504 : 0.000 0.000 0.000 0.000 1.594 0.742 : 0.000 : 86.428 : 900 1784 30 0 : 2274 : 4608 4424 : 47.683225 : 9 Next_heuristic_check_may_be_too_late ]
[47.686s][info][safepoint] Application time: 0.1626679 seconds
[47.686s][info][safepoint] Total time for which application threads were stopped: 0.0003096 seconds, Stopping threads took: 0.0000004 seconds
[47.687s][info][gc       ] [SPS 0.000 0.003 0.002 0.005 0.000 0.001 0.000 0.285 0.018 0.310 NewGC_pause1 47.685617 ]
[47.749s][info][safepoint] Application time: 0.0634100 seconds
[47.749s][info][safepoint] Total time for which application threads were stopped: 0.0001539 seconds, Stopping threads took: 0.0000003 seconds
[47.750s][info][gc       ] [SPS 0.000 0.002 0.000 0.006 0.000 0.001 0.000 0.117 0.012 0.137 NewGC_pause2 47.749181 ]
[47.750s][info][safepoint] Application time: 0.0009030 seconds
[47.750s][info][safepoint] Total time for which application threads were stopped: 0.0001086 seconds, Stopping threads took: 0.0000004 seconds
[47.751s][info][gc       ] [SPS 0.000 0.000 0.000 0.006 0.000 0.001 0.000 0.090 0.012 0.109 NewGC_pause3 47.750193 ]
[47.755s][info][safepoint] Application time: 0.0049301 seconds
[47.755s][info][safepoint] Total time for which application threads were stopped: 0.0000659 seconds, Stopping threads took: 0.0000004 seconds
[47.755s][info][gc       ] [SPS 0.000 0.003 0.002 0.006 0.000 0.001 0.000 0.041 0.018 0.066 NewGC_pause4 47.755189 ]
[47.756s][info][gc       ] [GC New Max 152-140 : 5120 3168 2264 5120 - - 1051 56 2 2 - : 266 1784 30 184 1170 : 262 4 907 907 0 : 0 1 131 0 133 - 0 : 0.160825 4079.0 0.0 0.071756 3762.7 0.0 : 3 --c 0000 : 23 0 0.000 0.000 0 0.000 0.000 0 0.000 0.000 : 47.683671 47.685307 0.000247 47.749044 0.000121 47.750084 0.000094 47.755123 0.000044 : 47.755427 ]
[47.756s][info][gc       ] [SYSINFO 7333 227 63 0 6776 0 30 0 0 5703 : - - - - - - - - : 0 7168 : 3.86 3.15 2.06 : 292739 4277764 : 0 0 : 14 0 : 3877 2 0 261 : - 7410384896 682364928 1199550464 5905219584 238030848 67043328 : 140073237 29933060 736110 0 0 0 : 47.755680 ]
[47.756s][info][gc       ] [HUGEPAGESTAT 0 0 0 - 110774 0 0 : 393216 0 0 : 47.755680 ]
[47.756s][info][gc       ] [OBJCREAT 133027786 25160 6930432 : 47.755723 ]
[47.756s][info][gc       ] [HMSV All : 0 0 40 0 0 0 0 0 : 4960 0 0 0 : 47.755737 ]
[47.756s][info][gc       ] [HMSP 9 : 41100 0 : 47.755737 ]
[47.756s][info][gc       ] [VMAC 65530 166 24 435 625 : 47.756117 ]
[47.917s][info][gc       ] [GPGC-H  3626.7 403.6 2.7 0.0 : 289.2 : 0.000 0.000 : 0.000 0.000 0.652 1.504 : 0.000 0.000 0.000 0.000 1.579 0.742 : 0.000 : 85.834 : 880 1784 30 0 : 2274 : 4608 4424 : 47.917361 : 9 Next_heuristic_check_may_be_too_late ]
[47.920s][info][safepoint] Application time: 0.1644070 seconds
[47.920s][info][safepoint] Total time for which application threads were stopped: 0.0003380 seconds, Stopping threads took: 0.0000004 seconds
[47.921s][info][gc       ] [SPS 0.000 0.003 0.003 0.006 0.000 0.001 0.000 0.305 0.026 0.338 NewGC_pause1 47.919934 ]
[47.981s][info][safepoint] Application time: 0.0607324 seconds
[47.981s][info][safepoint] Total time for which application threads were stopped: 0.0001636 seconds, Stopping threads took: 0.0000004 seconds
[47.982s][info][gc       ] [SPS 0.000 0.001 0.000 0.006 0.000 0.001 0.000 0.134 0.022 0.164 NewGC_pause2 47.980830 ]
[47.983s][info][safepoint] Application time: 0.0022873 seconds
[47.984s][info][safepoint] Total time for which application threads were stopped: 0.0000553 seconds, Stopping threads took: 0.0000004 seconds
[47.984s][info][gc       ] [SPSH lock suspend gclocker notify wait resuspend cleanup op_time wakeup total(ms) op_name end(s) ]
[47.984s][info][gc       ] [SPS 0.000 0.000 0.000 0.006 0.000 0.001 0.000 0.035 0.013 0.055 NewGC_pause3 47.983173 ]
[47.984s][info][safepoint] Application time: 0.0009844 seconds
[47.984s][info][safepoint] Total time for which application threads were stopped: 0.0000610 seconds, Stopping threads took: 0.0000004 seconds
[47.985s][info][gc       ] [SPS 0.000 0.002 0.002 0.006 0.000 0.001 0.000 0.040 0.014 0.061 NewGC_pause4 47.984218 ]
[47.985s][info][gc       ] [GC New Max 153-141 : 5120 3116 2232 5120 - - 1051 56 2 2 - : 234 1784 30 184 1118 : 230 4 887 887 0 : 0 1 115 0 117 - 0 : 0.162545 3789.7 0.0 0.066552 3576.2 0.0 : 3 --c 0000 : 23 0 0.000 0.000 0 0.000 0.000 0 0.000 0.000 : 47.917972 47.919596 0.000271 47.980666 0.000099 47.983117 0.000039 47.984157 0.000044 : 47.984524 ]
[47.985s][info][gc       ] [SYSINFO 7333 227 63 0 6776 0 30 0 0 5703 : - - - - - - - - : 0 7168 : 3.86 3.15 2.06 : 292739 4277764 : 0 0 : 14 0 : 3877 2 0 261 : - 7410384896 682364928 1199550464 5905219584 238030848 67043328 : 140073237 29933460 736110 0 0 0 : 47.984746 ]
[47.985s][info][gc       ] [HUGEPAGESTAT 0 0 0 - 110774 0 0 : 393216 0 0 : 47.984746 ]
[47.985s][info][gc       ] [OBJCREAT 133873697 25160 6930432 : 47.984789 ]
[47.985s][info][gc       ] [HMSV All : 0 0 40 0 0 0 0 0 : 4960 0 0 0 : 47.984805 ]
[47.985s][info][gc       ] [HMSP 9 : 41100 0 : 47.984805 ]
[47.985s][info][gc       ] [VMAC 65530 166 24 435 625 : 47.985209 ]
[48.144s][info][gc       ] [GPGC-H  3655.1 403.6 2.7 0.0 : 289.2 : 0.000 0.000 : 0.000 0.000 0.646 1.504 : 0.000 0.000 0.000 0.000 1.564 0.742 : 0.000 : 85.236 : 832 1784 30 0 : 2274 : 4608 4424 : 48.143963 : 9 Next_heuristic_check_may_be_too_late ]
[48.147s][info][safepoint] Application time: 0.1622159 seconds
[48.147s][info][safepoint] Total time for which application threads were stopped: 0.0003550 seconds, Stopping threads took: 0.0000008 seconds
[48.148s][info][gc       ] [SPS 0.000 0.003 0.003 0.010 0.001 0.001 0.001 0.307 0.036 0.355 NewGC_pause1 48.146790 ]
[48.206s][info][safepoint] Application time: 0.0594687 seconds
[48.207s][info][safepoint] Total time for which application threads were stopped: 0.0001389 seconds, Stopping threads took: 0.0000004 seconds
[48.208s][info][gc       ] [SPS 0.000 0.001 0.000 0.006 0.000 0.001 0.000 0.113 0.019 0.139 NewGC_pause2 48.206397 ]
[48.209s][info][safepoint] Application time: 0.0023076 seconds
[48.209s][info][safepoint] Total time for which application threads were stopped: 0.0001422 seconds, Stopping threads took: 0.0000004 seconds
[48.209s][info][gc       ] [SPS 0.000 0.000 0.000 0.006 0.000 0.001 0.000 0.116 0.020 0.142 NewGC_pause3 48.208847 ]
[48.210s][info][safepoint] Application time: 0.0009671 seconds
[48.210s][info][safepoint] Total time for which application threads were stopped: 0.0000594 seconds, Stopping threads took: 0.0000005 seconds
[48.210s][info][gc       ] [SPS 0.000 0.002 0.002 0.006 0.000 0.001 0.000 0.039 0.014 0.059 NewGC_pause4 48.209873 ]
[48.210s][info][gc       ] [GC New Max 154-142 : 5120 3082 2248 5120 - - 1051 56 2 2 - : 250 1784 30 184 1084 : 246 4 839 839 0 : 0 1 123 0 125 - 0 : 0.160094 3747.8 0.0 0.065467 3879.8 0.0 : 3 --c 0000 : 23 0 0.000 0.000 0 0.000 0.000 0 0.000 0.000 : 48.144618 48.146434 0.000263 48.206258 0.000083 48.208705 0.000040 48.209814 0.000042 : 48.210085 ]
[48.210s][info][gc       ] [SYSINFO 7333 227 63 0 6776 0 30 0 0 5703 : - - - - - - - - : 0 7168 : 3.86 3.15 2.06 : 292739 4277764 : 0 0 : 14 0 : 3877 2 0 261 : - 7410384896 682364928 1199550464 5905219584 238030848 67043328 : 140073237 29933840 736110 0 0 0 : 48.210332 ]
[48.210s][info][gc       ] [HUGEPAGESTAT 0 0 0 - 110774 0 0 : 393216 0 0 : 48.210332 ]
[48.210s][info][gc       ] [OBJCREAT 134717401 25160 6930432 : 48.210380 ]
[48.210s][info][gc       ] [HMSV All : 0 0 40 0 0 0 0 0 : 4960 0 0 0 : 48.210395 ]
[48.210s][info][gc       ] [HMSP 9 : 41100 0 : 48.210395 ]
[48.211s][info][gc       ] [VMAC 65530 166 24 435 625 : 48.210829 ]
[48.371s][info][gc       ] [GPGC-H  3655.1 403.6 2.7 0.0 : 289.2 : 0.000 0.000 : 0.000 0.000 0.640 1.504 : 0.000 0.000 0.000 0.000 1.549 0.742 : 0.000 : 84.653 : 856 1784 30 0 : 2274 : 4608 4424 : 48.370919 : 9 Next_heuristic_check_may_be_too_late ]
[48.374s][info][safepoint] Application time: 0.1633694 seconds
[48.374s][info][safepoint] Total time for which application threads were stopped: 0.0004272 seconds, Stopping threads took: 0.0000004 seconds
[48.375s][info][gc       ] [SPS 0.000 0.003 0.004 0.006 0.000 0.001 0.000 0.400 0.019 0.427 NewGC_pause1 48.373670 ]
[48.436s][info][safepoint] Application time: 0.0617772 seconds
[48.436s][info][safepoint] Total time for which application threads were stopped: 0.0001705 seconds, Stopping threads took: 0.0000004 seconds
[48.437s][info][gc       ] [SPS 0.001 0.001 0.000 0.006 0.000 0.001 0.000 0.143 0.019 0.171 NewGC_pause2 48.435618 ]
[48.438s][info][safepoint] Application time: 0.0023417 seconds
[48.438s][info][safepoint] Total time for which application threads were stopped: 0.0000820 seconds, Stopping threads took: 0.0000020 seconds
[48.439s][info][gc       ] [SPS 0.000 0.000 0.000 0.006 0.002 0.001 0.000 0.052 0.016 0.077 NewGC_pause3 48.438042 ]
[48.439s][info][safepoint] Application time: 0.0008667 seconds
[48.439s][info][safepoint] Total time for which application threads were stopped: 0.0000648 seconds, Stopping threads took: 0.0000005 seconds
[48.439s][info][gc       ] [SPS 0.000 0.003 0.002 0.006 0.000 0.001 0.000 0.042 0.015 0.065 NewGC_pause4 48.438973 ]
[48.440s][info][gc       ] [GC New Max 155-143 : 5120 3098 2238 5120 - - 1051 56 2 2 - : 240 1784 30 184 1100 : 236 4 863 863 0 : 0 1 118 0 120 - 0 : 0.161459 3765.7 0.0 0.067793 3599.2 0.0 : 3 --c 0000 : 23 0 0.000 0.000 0 0.000 0.000 0 0.000 0.000 : 48.371545 48.373243 0.000303 48.435448 0.000091 48.437965 0.000055 48.438909 0.000046 : 48.439337 ]
[48.440s][info][gc       ] [SYSINFO 7333 227 63 0 6776 0 30 0 0 5703 : - - - - - - - - : 0 7168 : 3.86 3.15 2.06 : 292739 4277764 : 0 0 : 14 0 : 3877 2 0 261 : - 7410384896 682364928 1199550464 5905219584 238030848 67043328 : 140073237 29934230 736110 0 0 0 : 48.439553 ]
[48.440s][info][gc       ] [HUGEPAGESTAT 0 0 0 - 110774 0 0 : 393216 0 0 : 48.439553 ]
[48.440s][info][gc       ] [OBJCREAT 135561056 25160 6930432 : 48.439595 ]
[48.440s][info][gc       ] [HMSV All : 0 0 40 0 0 0 0 0 : 4960 0 0 0 : 48.439611 ]
[48.440s][info][gc       ] [HMSP 9 : 41100 0 : 48.439611 ]
[48.440s][info][gc       ] [VMAC 65530 166 24 435 625 : 48.440014 ]
[48.601s][info][gc       ] [GPGC-H  3655.1 403.6 2.7 0.0 : 289.2 : 0.000 0.000 : 0.000 0.000 0.634 1.504 : 0.000 0.000 0.000 0.000 1.535 0.742 : 0.000 : 84.073 : 906 1784 30 0 : 2274 : 4608 4424 : 48.601158 : 9 Next_heuristic_check_may_be_too_late ]
[48.604s][info][safepoint] Application time: 0.1643171 seconds
[48.604s][info][safepoint] Total time for which application threads were stopped: 0.0002442 seconds, Stopping threads took: 0.0000004 seconds
[48.604s][info][gc       ] [SPS 0.000 0.002 0.002 0.006 0.000 0.001 0.000 0.223 0.013 0.244 NewGC_pause1 48.603535 ]
[48.665s][info][safepoint] Application time: 0.0613608 seconds
[48.666s][info][safepoint] Total time for which application threads were stopped: 0.0001361 seconds, Stopping threads took: 0.0000004 seconds
[48.666s][info][gc       ] [SPS 0.000 0.001 0.000 0.007 0.000 0.001 0.005 0.110 0.013 0.136 NewGC_pause2 48.665032 ]
[48.667s][info][safepoint] Application time: 0.0019900 seconds
[48.668s][info][safepoint] Total time for which application threads were stopped: 0.0001504 seconds, Stopping threads took: 0.0000005 seconds
[48.668s][info][gc       ] [SPS 0.000 0.000 0.000 0.007 0.001 0.001 0.000 0.119 0.023 0.150 NewGC_pause3 48.667172 ]
[48.669s][info][safepoint] Application time: 0.0013797 seconds
[48.669s][info][safepoint] Total time for which application threads were stopped: 0.0000661 seconds, Stopping threads took: 0.0000005 seconds
[48.669s][info][gc       ] [GC New Max 156-144 : 5120 3148 2240 5120 - - 1051 56 2 2 - : 242 1784 30 184 1150 : 238 4 913 913 0 : 0 1 119 0 121 - 0 : 0.162332 4115.0 0.0 0.067141 3663.9 0.0 : 3 --c 0000 : 23 0 0.000 0.000 0 0.000 0.000 0 0.000 0.000 : 48.601669 48.603291 0.000225 48.664896 0.000120 48.667022 0.000124 48.668552 0.000048 : 48.668810 ]
[48.669s][info][gc       ] [SYSINFO 7333 227 63 0 6776 0 30 0 0 5703 : - - - - - - - - : 0 7168 : 3.63 3.12 2.06 : 292739 4277764 : 0 0 : 14 0 : 3877 4 0 261 : - 7410384896 682364928 1199550464 5905219584 238030848 67043328 : 140073237 29934620 736110 0 0 0 : 48.669029 ]
[48.669s][info][gc       ] [HUGEPAGESTAT 0 0 0 - 110774 0 0 : 393216 0 0 : 48.669029 ]
[48.669s][info][gc       ] [OBJCREAT 136466209 25160 6930432 : 48.669074 ]
[48.669s][info][gc       ] [HMSV All : 0 0 40 0 0 0 0 0 : 4960 0 0 0 : 48.669090 ]
[48.669s][info][gc       ] [HMSP 9 : 41100 0 : 48.669090 ]
[48.669s][info][gc       ] [SPS 0.000 0.002 0.002 0.006 0.000 0.001 0.000 0.045 0.014 0.066 NewGC_pause4 48.668618 ]
[48.669s][info][gc       ] [VMAC 65530 166 24 435 625 : 48.669499 ]
[48.831s][info][gc       ] [GPGC-H  3655.1 403.6 2.7 0.0 : 289.2 : 0.000 0.000 : 0.000 0.000 0.628 1.504 : 0.000 0.000 0.000 0.000 1.520 0.742 : 0.000 : 83.495 : 862 1784 30 0 : 2274 : 4608 4424 : 48.831094 : 9 Next_heuristic_check_may_be_too_late ]
[48.834s][info][safepoint] Application time: 0.1646235 seconds
[48.834s][info][safepoint] Total time for which application threads were stopped: 0.0003021 seconds, Stopping threads took: 0.0000004 seconds
[48.834s][info][gc       ] [SPS 0.000 0.003 0.002 0.006 0.000 0.001 0.000 0.275 0.020 0.302 NewGC_pause1 48.833544 ]
[48.896s][info][safepoint] Application time: 0.0621625 seconds
[48.897s][info][safepoint] Total time for which application threads were stopped: 0.0002400 seconds, Stopping threads took: 0.0000005 seconds
[48.897s][info][gc       ] [SPS 0.000 0.001 0.000 0.007 0.000 0.001 0.000 0.196 0.041 0.245 NewGC_pause2 48.895952 ]
[48.898s][info][safepoint] Application time: 0.0016808 seconds
[48.898s][info][safepoint] Total time for which application threads were stopped: 0.0000584 seconds, Stopping threads took: 0.0000004 seconds
[48.898s][info][gc       ] [SPS 0.000 0.000 0.000 0.007 0.000 0.001 0.000 0.036 0.014 0.058 NewGC_pause3 48.897686 ]
[48.899s][info][safepoint] Application time: 0.0009097 seconds
[48.899s][info][safepoint] Total time for which application threads were stopped: 0.0000731 seconds, Stopping threads took: 0.0000005 seconds
[48.899s][info][gc       ] [SPS 0.000 0.002 0.002 0.006 0.000 0.001 0.000 0.042 0.024 0.073 NewGC_pause4 48.898669 ]
[48.899s][info][gc       ] [GC New Max 157-145 : 5120 3100 2236 5120 - - 1051 56 2 2 - : 238 1784 30 184 1102 : 234 4 868 868 0 : 0 1 117 0 119 - 0 : 0.162802 3820.6 0.0 0.067358 3592.8 0.0 : 3 --c 0000 : 23 0 0.000 0.000 0 0.000 0.000 0 0.000 0.000 : 48.831612 48.833242 0.000194 48.895707 0.000142 48.897628 0.000040 48.898596 0.000045 : 48.898970 ]
[48.899s][info][gc       ] [SYSINFO 7333 227 63 0 6776 0 30 0 0 5703 : - - - - - - - - : 0 7168 : 3.63 3.12 2.06 : 292739 4277764 : 0 0 : 14 0 : 3877 2 0 261 : - 7410384896 682364928 1199550464 5905219584 238030848 67043328 : 140073237 29935020 736110 0 0 0 : 48.899184 ]
[48.899s][info][gc       ] [HUGEPAGESTAT 0 0 0 - 110774 0 0 : 393216 0 0 : 48.899184 ]
[48.899s][info][gc       ] [OBJCREAT 137321521 25160 6930432 : 48.899227 ]
[48.899s][info][gc       ] [HMSV All : 0 0 40 0 0 0 0 0 : 4960 0 0 0 : 48.899245 ]
[48.899s][info][gc       ] [HMSP 9 : 41100 0 : 48.899245 ]
[48.900s][info][gc       ] [VMAC 65530 166 24 435 625 : 48.899649 ]
[49.061s][info][gc       ] [GPGC-H  3655.1 403.6 2.7 0.0 : 289.2 : 0.000 0.000 : 0.000 0.000 0.622 1.504 : 0.000 0.000 0.000 0.000 1.506 0.742 : 0.000 : 82.921 : 894 1784 30 0 : 2274 : 4608 4424 : 49.060780 : 9 Next_heuristic_check_may_be_too_late ]
[49.063s][info][safepoint] Application time: 0.1642239 seconds
[49.064s][info][safepoint] Total time for which application threads were stopped: 0.0003947 seconds, Stopping threads took: 0.0000009 seconds
[49.064s][info][gc       ] [SPS 0.000 0.004 0.003 0.011 0.001 0.001 0.001 0.356 0.024 0.395 NewGC_pause1 49.063288 ]
[49.123s][info][safepoint] Application time: 0.0600161 seconds
[49.124s][info][safepoint] Total time for which application threads were stopped: 0.0001538 seconds, Stopping threads took: 0.0000004 seconds
[49.124s][info][gc       ] [SPS 0.000 0.001 0.000 0.006 0.000 0.001 0.000 0.127 0.019 0.154 NewGC_pause2 49.123458 ]
[49.125s][info][safepoint] Application time: 0.0013860 seconds
[49.125s][info][safepoint] Total time for which application threads were stopped: 0.0000533 seconds, Stopping threads took: 0.0000004 seconds
[49.126s][info][gc       ] [SPS 0.000 0.000 0.000 0.006 0.000 0.001 0.000 0.034 0.012 0.053 NewGC_pause3 49.124897 ]
[49.126s][info][safepoint] Application time: 0.0011061 seconds
[49.126s][info][safepoint] Total time for which application threads were stopped: 0.0000646 seconds, Stopping threads took: 0.0000004 seconds
[49.126s][info][gc       ] [SPS 0.000 0.003 0.002 0.006 0.000 0.001 0.000 0.043 0.014 0.065 NewGC_pause4 49.126068 ]
[49.127s][info][gc       ] [GC New Max 158-146 : 5120 3142 2250 5120 - - 1051 56 2 2 - : 250 1784 30 184 1144 : 248 4 897 897 0 : 0 1 124 0 125 - 0 : 0.162206 4056.6 0.0 0.065113 3839.5 0.0 : 3 --c 0000 : 23 0 0.000 0.000 0 0.000 0.000 0 0.000 0.000 : 49.061176 49.062893 0.000304 49.123304 0.000087 49.124844 0.000037 49.126003 0.000046 : 49.126289 ]
[49.127s][info][gc       ] [SYSINFO 7333 227 63 0 6776 0 30 0 0 5703 : - - - - - - - - : 0 7168 : 3.63 3.12 2.06 : 292739 4277764 : 0 0 : 14 0 : 3877 2 0 261 : - 7410384896 682364928 1199550464 5905219584 238030848 67043328 : 140073237 29935410 736110 0 0 0 : 49.126555 ]
[49.127s][info][gc       ] [HUGEPAGESTAT 0 0 0 - 110774 0 0 : 393216 0 0 : 49.126555 ]
[49.127s][info][gc       ] [OBJCREAT 138223138 25160 6930432 : 49.126596 ]
[49.127s][info][gc       ] [HMSV All : 0 0 40 0 0 0 0 0 : 4960 0 0 0 : 49.126610 ]
[49.127s][info][gc       ] [HMSP 9 : 41100 0 : 49.126610 ]
[49.127s][info][gc       ] [VMAC 65530 166 24 435 625 : 49.126974 ]
[49.285s][info][gc       ] [GPGC-H  3655.1 403.6 2.7 0.0 : 289.2 : 0.000 0.000 : 0.000 0.000 0.616 1.504 : 0.000 0.000 0.000 0.000 1.492 0.742 : 0.000 : 82.354 : 870 1784 30 0 : 2274 : 4608 4424 : 49.285063 : 9 Next_heuristic_check_may_be_too_late ]
[49.287s][info][safepoint] Application time: 0.1610411 seconds
[49.288s][info][safepoint] Total time for which application threads were stopped: 0.0003606 seconds, Stopping threads took: 0.0000004 seconds
[49.288s][info][gc       ] [SPS 0.000 0.002 0.003 0.006 0.000 0.001 0.000 0.334 0.019 0.361 NewGC_pause1 49.287470 ]
[49.360s][info][safepoint] Application time: 0.0726340 seconds
[49.361s][info][safepoint] Total time for which application threads were stopped: 0.0001580 seconds, Stopping threads took: 0.0000004 seconds
[49.361s][info][gc       ] [SPS 0.000 0.001 0.000 0.006 0.000 0.001 0.000 0.133 0.018 0.158 NewGC_pause2 49.360262 ]
[49.362s][info][safepoint] Application time: 0.0014203 seconds
[49.362s][info][safepoint] Total time for which application threads were stopped: 0.0000842 seconds, Stopping threads took: 0.0000039 seconds
[49.362s][info][gc       ] [SPS 0.000 0.000 0.000 0.006 0.004 0.011 0.000 0.037 0.027 0.084 NewGC_pause3 49.361767 ]
[49.363s][info][safepoint] Application time: 0.0010103 seconds
[49.363s][info][safepoint] Total time for which application threads were stopped: 0.0000694 seconds, Stopping threads took: 0.0000004 seconds
[49.363s][info][gc       ] [SPS 0.000 0.002 0.002 0.007 0.000 0.001 0.000 0.043 0.019 0.069 NewGC_pause4 49.362847 ]
[49.363s][info][gc       ] [GC New Max 159-147 : 5120 3180 2306 5120 - - 1051 56 2 2 - : 308 1784 30 184 1182 : 304 4 876 876 0 : 0 1 152 0 154 - 0 : 0.159255 3905.7 0.0 0.077547 4023.4 0.0 : 3 --c 0000 : 23 0 0.000 0.000 0 0.000 0.000 0 0.000 0.000 : 49.285544 49.287109 0.000290 49.360104 0.000103 49.361682 0.000054 49.362777 0.000047 : 49.363090 ]
[49.363s][info][gc       ] [SYSINFO 7333 227 63 0 6776 0 30 0 0 5703 : - - - - - - - - : 0 7168 : 3.63 3.12 2.06 : 292739 4277764 : 0 0 : 14 0 : 3877 2 0 261 : - 7410384896 682364928 1199550464 5905219584 238030848 67043328 : 140073237 29935830 736110 0 0 0 : 49.363382 ]
[49.363s][info][gc       ] [HUGEPAGESTAT 0 0 0 - 110774 0 0 : 393216 0 0 : 49.363382 ]
[49.363s][info][gc       ] [OBJCREAT 139147747 25160 6930432 : 49.363429 ]
[49.363s][info][gc       ] [HMSV All : 0 0 40 0 0 0 0 0 : 4960 0 0 0 : 49.363442 ]
[49.363s][info][gc       ] [HMSP 9 : 41100 0 : 49.363442 ]
[49.364s][info][gc       ] [VMAC 65530 166 24 435 625 : 49.363867 ]
[49.477s][info][gc       ] [GPGC-H  3655.1 403.6 2.7 0.0 : 289.2 : 0.000 0.000 : 0.000 0.000 0.610 1.504 : 0.000 0.000 0.000 0.000 1.477 0.742 : 0.000 : 81.814 : 1076 1784 30 0 : 2274 : 4608 4424 : 49.476773 : 9 Next_heuristic_check_may_be_too_late ]
[49.480s][info][safepoint] Application time: 0.1167770 seconds
[49.481s][info][safepoint] Total time for which application threads were stopped: 0.0003246 seconds, Stopping threads took: 0.0000008 seconds
[49.481s][info][gc       ] [SPS 0.000 0.004 0.003 0.011 0.001 0.001 0.001 0.276 0.035 0.325 NewGC_pause1 49.479949 ]
[49.656s][info][safepoint] Application time: 0.1758257 seconds
[49.656s][info][safepoint] Total time for which application threads were stopped: 0.0001592 seconds, Stopping threads took: 0.0000004 seconds
[49.657s][info][gc       ] [SPS 0.000 0.001 0.000 0.007 0.000 0.001 0.000 0.131 0.020 0.159 NewGC_pause2 49.655934 ]
[49.658s][info][safepoint] Application time: 0.0018353 seconds
[49.658s][info][safepoint] Total time for which application threads were stopped: 0.0000894 seconds, Stopping threads took: 0.0000004 seconds
[49.659s][info][gc       ] [SPS 0.000 0.001 0.000 0.006 0.000 0.001 0.000 0.051 0.031 0.090 NewGC_pause3 49.657859 ]
[49.659s][info][safepoint] Application time: 0.0012823 seconds
[49.660s][info][safepoint] Total time for which application threads were stopped: 0.0001025 seconds, Stopping threads took: 0.0000004 seconds
[49.660s][info][gc       ] [SPS 0.000 0.002 0.002 0.006 0.000 0.001 0.000 0.081 0.014 0.102 NewGC_pause4 49.659243 ]
[49.660s][info][gc       ] [GC New Max 160-148 : 5120 4518 3890 5120 - - 1051 56 2 2 - : 1892 1784 30 184 2520 : 1878 9 639 639 0 : 0 0 711 0 801 - 145 : 0.114267 6773.6 0.0 0.182312 7942.4 0.0 : 3 --c 0000 : 23 1 0.000 0.000 0 0.000 0.000 1 0.000 0.000 : 49.477357 49.479624 0.000235 49.655775 0.000083 49.657769 0.000053 49.659141 0.000086 : 49.659669 ]
[49.660s][info][gc       ] [SYSINFO 7333 227 63 0 6776 0 30 0 0 5703 : - - - - - - - - : 0 7168 : 3.63 3.12 2.06 : 292739 4277764 : 0 0 : 14 0 : 3877 2 0 261 : - 7410384896 682364928 1199550464 5905219584 238030848 67043328 : 140073237 29936630 736110 0 0 0 : 49.659927 ]
[49.660s][info][gc       ] [HUGEPAGESTAT 0 0 0 - 110774 0 0 : 393216 0 0 : 49.659927 ]
[49.660s][info][gc       ] [OBJCREAT 141346611 25160 6930432 : 49.659968 ]
[49.660s][info][gc       ] [HMSV All : 0 0 50 0 0 0 0 0 : 4960 0 0 0 : 49.659985 ]
[49.660s][info][gc       ] [HMSP 9 : 41100 0 : 49.659985 ]
[49.660s][info][gc       ] [VMAC 65530 166 24 435 625 : 49.660372 ]
[49.660s][info][gc       ] [GPGC-H  4109.5 367.6 2.5 0.0 : 263.4 : 0.000 0.000 : 0.000 0.000 0.605 1.504 : 0.000 0.000 0.000 0.000 1.460 0.742 : 0.000 : 81.537 : 1900 1784 30 0 : 2274 : 4608 4424 : 49.660410 : 8 May_exceed_heap_occupancy_target ]
[49.666s][info][safepoint] Application time: 0.0063335 seconds
[49.666s][info][safepoint] Total time for which application threads were stopped: 0.0001702 seconds, Stopping threads took: 0.0000004 seconds
[49.666s][info][gc       ] [SPS 0.000 0.000 0.002 0.006 0.000 0.001 0.000 0.151 0.012 0.170 NewGC_pause1 49.665747 ]
[50.324s][info][safepoint] Application time: 0.6577580 seconds
[50.324s][info][safepoint] Total time for which application threads were stopped: 0.0001305 seconds, Stopping threads took: 0.0000004 seconds
[50.325s][info][gc       ] [SPS 0.000 0.001 0.000 0.006 0.000 0.001 0.000 0.109 0.013 0.130 NewGC_pause2 50.323636 ]
[50.326s][info][safepoint] Application time: 0.0020671 seconds
[50.326s][info][safepoint] Total time for which application threads were stopped: 0.0000574 seconds, Stopping threads took: 0.0000004 seconds
[50.326s][info][gc       ] [SPS 0.000 0.000 0.000 0.006 0.000 0.001 0.000 0.037 0.012 0.057 NewGC_pause3 50.325760 ]
[50.328s][info][safepoint] Application time: 0.0020544 seconds
[50.328s][info][safepoint] Total time for which application threads were stopped: 0.0000637 seconds, Stopping threads took: 0.0000005 seconds
[50.328s][info][gc       ] [SPS 0.000 0.967 0.002 0.007 0.000 0.001 0.000 0.041 0.013 0.064 NewGC_pause4 50.327878 ]
[50.328s][info][gc       ] [GC NTO Max 161-149 : 5120 4372 4196 5120 - - 1051 56 2 2 - : 2198 1784 30 184 2374 : 2187 6 181 181 0 : 0 0 219 0 1044 - 55 : 0.001019 9816.9 0.0 0.667449 713.2 0.0 : 3 --c 0000 : 23 0 0.000 0.000 0 0.000 0.000 0 0.000 0.000 : 49.660688 49.665577 0.000154 50.323505 0.000113 50.325703 0.000041 50.327815 0.000046 : 50.328137 ]
[50.328s][info][gc       ] [SYSINFO 7333 227 63 0 6776 0 30 0 0 5703 : - - - - - - - - : 0 7168 : 3.63 3.12 2.06 : 292739 4277764 : 0 0 : 14 0 : 3877 2 0 261 : - 7410384896 682364928 1199550464 5905219584 238030848 67043328 : 140073237 29939260 736220 0 0 0 : 50.328454 ]
[50.328s][info][gc       ] [HUGEPAGESTAT 0 0 0 - 110774 0 0 : 393216 0 0 : 50.328454 ]
[50.328s][info][gc       ] [OBJCREAT 141824434 25227 6930432 : 50.328501 ]
[50.329s][info][gc       ] [HMSV All : 0 0 50 0 0 0 0 0 : 4960 0 0 0 : 50.328515 ]
[50.329s][info][gc       ] [HMSP 9 : 41100 0 : 50.328515 ]
[50.329s][info][gc       ] [VMAC 65530 166 24 435 625 : 50.328981 ]
[50.333s][info][safepoint] Application time: 0.0045410 seconds
[50.333s][info][safepoint] Total time for which application threads were stopped: 0.0007235 seconds, Stopping threads took: 0.0000004 seconds
[50.333s][info][gc       ] [SPS 0.000 0.000 0.000 0.006 0.000 0.001 0.000 0.696 0.021 0.724 OldGC_pause2 50.333143 ]
[50.340s][info][safepoint] Application time: 0.0066937 seconds
[50.340s][info][safepoint] Total time for which application threads were stopped: 0.0000532 seconds, Stopping threads took: 0.0000004 seconds
[50.340s][info][gc       ] [SPS 0.000 0.000 0.000 0.005 0.000 0.001 0.000 0.036 0.011 0.053 OldGC_pause3 50.339890 ]
[50.348s][info][safepoint] Application time: 0.0083941 seconds
[50.349s][info][safepoint] Total time for which application threads were stopped: 0.0000684 seconds, Stopping threads took: 0.0000004 seconds
[50.349s][info][gc       ] [SPS 0.000 0.002 0.002 0.006 0.000 0.001 0.000 0.048 0.013 0.068 OldGC_pause4 50.348352 ]
[50.349s][info][gc       ] [GC Old Max 162-13 : 5120 4518 2488 5120 - - 1051 56 2 2 - : 2270 8 26 184 1816 : 26 6 1779 1779 0 : 0 3 0 0 17 - 0 : 6.921712 5.2 0.3 0.686539 0.0 0.0 : 1 --c 0000 : 23   -    -    -    -    -    -    -    -    -  : 49.662263 49.665577 0.000154 50.332419 0.000698 50.339837 0.000039 50.348284 0.000051 : 50.348801 ]
[50.349s][info][gc       ] [SYSINFO 7333 227 63 0 6776 0 30 0 0 5703 : - - - - - - - - : 0 7168 : 3.63 3.12 2.06 : 292739 4277764 : 0 0 : 14 0 : 3877 2 0 261 : - 7410384896 682364928 1199550464 5905219584 238030848 67043328 : 140073237 29939280 736230 0 0 0 : 50.349014 ]
[50.349s][info][gc       ] [HUGEPAGESTAT 0 0 0 - 110774 0 0 : 393216 0 0 : 50.349014 ]
[50.349s][info][gc       ] [OBJCREAT 141895794 25227 6930432 : 50.349051 ]
[50.349s][info][gc       ] [HMSV All : 0 0 50 0 0 0 0 0 : 4960 0 0 0 : 50.349064 ]
[50.349s][info][gc       ] [HMSP 9 : 41100 0 : 50.349064 ]
[50.349s][info][gc       ] [COMPSTATS 1 : 5 0 : 1 0 : 0 0 : 516 4 0 0 0 0 : 0 0 0 0 0 0 : 142 143 12 : 520 0 0 0 0 0 0 : 520 0 0 0 0 0 0 ]
[50.349s][info][gc       ] [COMPSTATS 2 : 5 0 : 3 0 : 0 0 : 131 11 0 0 0 0 : 0 0 0 0 0 0 : 52668 52704 7788 : 76 42 24 0 0 0 0 : 38 84 14 5 1 0 0 ]
[50.349s][info][gc       ] [DEOPTSTATS 1 : 0 0 : 0 0 : 0 0 : 0 0 : 0 11 : 0 0 : 0 0 : 0 0 : 0 0 : 0 0 : 0 0 : 0 0 : 0 0 : 0 0 : 0 0 : 0 0 : 0 0 : 0 0 : 0 0 : 0 0 : 0 0 : 0 0 : 0 0 : 0 0 : 0 0 : 0 0 : 0 0 : 0 0 : 0 0 : 0 0 : 6 0 : 0 0 : 0 0 : 0 0 : 0 0 : 0 0 : 0 0 : 0 0 : 0 0 : 0 0 : 0 0 : 0 0 ]
[50.349s][info][gc       ] [DEOPTSTATS 2 : 0 0 : 0 0 : 0 0 : 0 0 : 0 0 : 0 0 : 0 14 : 0 0 : 0 0 : 0 0 : 0 0 : 0 0 : 0 0 : 0 0 : 0 0 : 0 0 : 0 0 : 0 0 : 0 0 : 0 0 : 0 0 : 0 0 : 0 0 : 0 0 : 0 0 : 0 0 : 0 0 : 0 0 : 0 0 : 0 0 : 4 0 : 0 0 : 0 0 : 0 0 : 0 1 : 0 0 : 0 0 : 0 0 : 0 0 : 0 3 : 0 0 : 0 0 ]
[50.349s][info][gc       ] [VMAC 65530 166 24 435 625 : 50.349480 ]
[50.350s][info][gc       ] [CCF 0 0 0 0 33 230912: 3074048 : 380 196608 : 3 49152 : 317 311808 :  509 630784 : 120 421888 : 0 0 : 15 1228800 : 1 2048]
[50.375s][info][gc       ] [GPGC-H  4109.5 367.6 2.5 0.0 : 263.4 : 0.000 0.000 : 0.000 0.000 0.667 1.262 : 0.000 0.000 0.000 0.000 1.460 0.634 : 0.000 : 99.848 : 2366 8 26 0 : 2274 : 4608 4424 : 50.374600 : 9 Next_heuristic_check_may_be_too_late ]
[50.378s][info][safepoint] Application time: 0.0296792 seconds
[50.379s][info][safepoint] Total time for which application threads were stopped: 0.0003929 seconds, Stopping threads took: 0.0000005 seconds
[50.379s][info][gc       ] [SPS 0.000 0.002 0.002 0.006 0.000 0.001 0.000 0.366 0.019 0.393 NewGC_pause1 50.378425 ]
[50.854s][info][safepoint] Application time: 0.4757552 seconds
[50.855s][info][safepoint] Total time for which application threads were stopped: 0.0001523 seconds, Stopping threads took: 0.0000005 seconds
[50.855s][info][gc       ] [SPS 0.000 0.001 0.000 0.006 0.000 0.001 0.000 0.124 0.021 0.152 NewGC_pause2 50.854333 ]
[50.857s][info][safepoint] Application time: 0.0020107 seconds
[50.857s][info][safepoint] Total time for which application threads were stopped: 0.0001882 seconds, Stopping threads took: 0.0000005 seconds
[50.857s][info][gc       ] [SPS 0.000 0.001 0.000 0.016 0.000 0.001 0.000 0.149 0.022 0.188 NewGC_pause3 50.856532 ]
[50.873s][info][safepoint] Application time: 0.0165703 seconds
[50.874s][info][safepoint] Total time for which application threads were stopped: 0.0000685 seconds, Stopping threads took: 0.0000004 seconds
[50.874s][info][gc       ] [SPS 0.000 0.003 0.003 0.006 0.000 0.001 0.000 0.047 0.015 0.069 NewGC_pause4 50.873171 ]
[50.996s][info][gc       ] [GC New Max 163-150 : 5120 4266 4184 5120 - - 1051 56 2 2 - : 3964 8 28 184 4046 : 3432 10 607 607 93 : 0 309 835 0 1927 - 55 : 0.047103 3566.7 0.0 0.619970 3396.9 3.2 : 3 --c 0000 : 23 0 0.000 0.000 0 0.000 0.000 0 0.000 0.000 : 50.375240 50.378032 0.000254 50.854180 0.000089 50.856343 0.000062 50.873102 0.000051 : 50.995210 ]
[50.996s][info][gc       ] [SYSINFO 7333 227 63 0 6776 0 30 0 0 5703 : - - - - - - - - : 0 7168 : 3.63 3.12 2.06 : 292739 4277764 : 0 0 : 14 0 : 3877 2 0 261 : - 7410384896 682364928 1199550464 5905219584 238030848 67043328 : 140073237 29941720 736260 0 0 0 : 50.995573 ]
[50.996s][info][gc       ] [HUGEPAGESTAT 0 0 0 - 110774 0 0 : 393216 0 0 : 50.995573 ]
[50.996s][info][gc       ] [OBJCREAT 144076895 25227 6930432 : 50.995647 ]
[50.996s][info][gc       ] [HMSV All : 0 0 50 0 0 0 0 0 : 4960 0 0 0 : 50.995670 ]
[50.996s][info][gc       ] [HMSP 9 : 41100 0 : 50.995670 ]
[50.996s][info][gc       ] [VMAC 65530 166 24 435 625 : 50.996298 ]
[51.043s][info][gc       ] [GPGC-H  4109.5 367.6 2.5 0.0 : 263.4 : 0.000 0.000 : 0.000 0.000 0.666 1.262 : 0.000 0.000 0.000 0.000 1.460 0.634 : 0.000 : 99.638 : 4122 8 28 0 : 2274 : 4608 4424 : 51.043056 : 9 Next_heuristic_check_may_be_too_late ]
[51.048s][info][safepoint] Application time: 0.1746390 seconds
[51.049s][info][safepoint] Total time for which application threads were stopped: 0.0003788 seconds, Stopping threads took: 0.0000004 seconds
[51.049s][info][gc       ] [SPS 0.000 0.003 0.003 0.006 0.000 0.001 0.000 0.334 0.037 0.379 NewGC_pause1 51.048189 ]
[51.603s][info][safepoint] Application time: 0.5541686 seconds
[51.603s][info][safepoint] Total time for which application threads were stopped: 0.0001618 seconds, Stopping threads took: 0.0000003 seconds
[51.604s][info][gc       ] [SPS 0.000 0.001 0.000 0.007 0.000 0.001 0.000 0.134 0.020 0.162 NewGC_pause2 51.602519 ]
[51.605s][info][safepoint] Application time: 0.0024065 seconds
[51.605s][info][safepoint] Total time for which application threads were stopped: 0.0000951 seconds, Stopping threads took: 0.0000003 seconds
[51.606s][info][gc       ] [SPS 0.000 0.000 0.000 0.005 0.000 0.001 0.000 0.085 0.004 0.095 NewGC_pause3 51.605021 ]
[51.607s][info][safepoint] Application time: 0.0017868 seconds
[51.607s][info][safepoint] Total time for which application threads were stopped: 0.0000894 seconds, Stopping threads took: 0.0000003 seconds
[51.607s][info][gc       ] [SPS 0.000 0.003 0.002 0.005 0.000 0.001 0.000 0.080 0.004 0.089 NewGC_pause4 51.606897 ]
[51.608s][info][gc       ] [GC New Max 164-151 : 5120 4922 2656 5120 - - 1051 56 2 2 - : 2436 8 28 184 4702 : 2334 9 2360 2360 0 : 0 2 283 0 1163 - 55 : 0.048513 3298.1 0.0 0.563684 1028.9 0.0 : 3 --c 0000 : 23 7105 0.000 0.003 0 0.000 0.000 7105 0.000 0.003 : 51.043723 51.047810 0.000277 51.602357 0.000090 51.604926 0.000085 51.606808 0.000082 : 51.607407 ]
[51.608s][info][gc       ] [SYSINFO 7333 227 63 0 6776 0 30 0 0 5703 : - - - - - - - - : 0 7168 : 3.63 3.12 2.06 : 292739 4277764 : 0 0 : 14 0 : 3877 2 0 261 : - 7410384896 682364928 1199550464 5905219584 238030848 67043328 : 140073237 29943540 736320 0 0 0 : 51.607692 ]
[51.608s][info][gc       ] [HUGEPAGESTAT 0 0 0 - 110774 0 0 : 393216 0 0 : 51.607692 ]
[51.608s][info][gc       ] [OBJCREAT 144820497 25227 6930432 : 51.607731 ]
[51.608s][info][gc       ] [HMSV All : 0 0 50 0 0 0 0 0 : 4960 0 0 0 : 51.607747 ]
[51.608s][info][gc       ] [HMSP 9 : 41100 0 : 51.607747 ]
[51.608s][info][gc       ] [GPGC-H  4016.0 367.6 2.5 0.0 : 263.4 : 0.000 0.000 : 0.000 0.000 0.663 1.262 : 0.000 0.000 0.000 0.000 1.460 0.634 : 0.000 : 99.427 : 2438 8 28 0 : 2274 : 4608 4424 : 51.608105 : 9 Next_heuristic_check_may_be_too_late ]
[51.608s][info][gc       ] [VMAC 65530 166 24 435 625 : 51.608160 ]
[51.611s][info][safepoint] Application time: 0.0036725 seconds
[51.611s][info][safepoint] Total time for which application threads were stopped: 0.0001834 seconds, Stopping threads took: 0.0000004 seconds
[51.611s][info][gc       ] [SPS 0.000 0.002 0.002 0.006 0.000 0.001 0.000 0.159 0.017 0.184 NewGC_pause1 51.610753 ]
[52.180s][info][safepoint] Application time: 0.5693032 seconds
[52.181s][info][safepoint] Total time for which application threads were stopped: 0.0002083 seconds, Stopping threads took: 0.0000004 seconds
[52.181s][info][gc       ] [SPS 0.000 0.001 0.000 0.006 0.000 0.006 0.000 0.173 0.021 0.208 NewGC_pause2 52.180265 ]
[52.183s][info][safepoint] Application time: 0.0024778 seconds
[52.183s][info][safepoint] Total time for which application threads were stopped: 0.0001967 seconds, Stopping threads took: 0.0000004 seconds
[52.184s][info][gc       ] [SPS 0.000 0.001 0.000 0.016 0.000 0.001 0.000 0.152 0.028 0.197 NewGC_pause3 52.182940 ]
[52.199s][info][safepoint] Application time: 0.0160967 seconds
[52.200s][info][safepoint] Total time for which application threads were stopped: 0.0001221 seconds, Stopping threads took: 0.0000004 seconds
[52.200s][info][gc       ] [SPS 0.000 0.002 0.003 0.006 0.000 0.001 0.000 0.095 0.020 0.122 NewGC_pause4 52.199158 ]
[52.429s][info][gc       ] [GC New Max 165-152 : 5120 4296 4296 5120 - - 1051 56 2 2 - : 3426 658 28 184 3964 : 3286 7 669 669 52 : 325 0 759 0 1658 - 55 : 0.000858 2332.0 0.0 0.820613 2734.5 0.0 : 3 --c 0000 : 23 0 0.000 0.000 0 0.000 0.000 0 0.000 0.000 : 51.608264 51.610570 0.000159 52.180057 0.000138 52.182743 0.000056 52.199036 0.000061 : 52.428877 ]
[52.429s][info][gc       ] [SYSINFO 7333 227 63 0 6776 0 30 0 0 5703 : - - - - - - - - : 0 7168 : 3.63 3.12 2.06 : 292739 4277764 : 0 0 : 14 0 : 3877 2 0 261 : - 7410384896 682364928 1199550464 5905219584 238030848 67043328 : 140073237 29946810 736340 0 0 0 : 52.429145 ]
[52.429s][info][gc       ] [HUGEPAGESTAT 0 0 0 - 110774 0 0 : 393216 0 0 : 52.429145 ]
[52.429s][info][gc       ] [OBJCREAT 147047325 25227 7530496 : 52.429198 ]
[52.429s][info][gc       ] [HMSV All : 0 0 50 0 0 0 0 0 : 4960 0 0 0 : 52.429217 ]
[52.429s][info][gc       ] [HMSP 9 : 41100 0 : 52.429217 ]
[52.430s][info][gc       ] [VMAC 65530 166 24 435 625 : 52.429703 ]
[52.430s][info][gc       ] [GPGC-H  4016.0 348.9 2.2 0.0 : 231.7 : 0.000 0.000 : 0.000 0.000 0.732 1.262 : 0.000 0.000 0.000 0.000 1.643 0.634 : 0.000 : 99.896 : 3430 658 28 0 : 2274 : 4608 4424 : 52.430054 : 11 Old_headroom_use_exceeded_trigger ]
[52.436s][info][safepoint] Application time: 0.2362272 seconds
[52.436s][info][safepoint] Total time for which application threads were stopped: 0.0002926 seconds, Stopping threads took: 0.0000004 seconds
[52.436s][info][gc       ] [SPS 0.000 0.002 0.007 0.007 0.000 0.001 0.000 0.258 0.026 0.293 NewGC_pause1 52.435678 ]
[52.866s][info][safepoint] Application time: 0.4299445 seconds
[52.867s][info][safepoint] Total time for which application threads were stopped: 0.0001716 seconds, Stopping threads took: 0.0000004 seconds
[52.867s][info][gc       ] [SPS 0.000 0.001 0.000 0.005 0.000 0.001 0.000 0.159 0.005 0.171 NewGC_pause2 52.865795 ]
[52.868s][info][safepoint] Application time: 0.0022791 seconds
[52.869s][info][safepoint] Total time for which application threads were stopped: 0.0000588 seconds, Stopping threads took: 0.0000004 seconds
[52.869s][info][gc       ] [SPS 0.000 0.000 0.000 0.005 0.000 0.001 0.000 0.047 0.006 0.059 NewGC_pause3 52.868133 ]
[52.885s][info][safepoint] Application time: 0.0166481 seconds
[52.885s][info][safepoint] Total time for which application threads were stopped: 0.0001570 seconds, Stopping threads took: 0.0000004 seconds
[52.886s][info][gc       ] [SPS 0.000 0.007 0.003 0.006 0.000 0.001 0.000 0.125 0.023 0.157 NewGC_pause4 52.884938 ]
[53.232s][info][gc       ] [GC NTO Max 166-153 : 5120 4864 3844 5120 - - 1051 56 2 2 - : 2220 1412 28 184 3994 : 1682 4 2310 2310 20 : 377 0 274 0 1110 - 0 : 0.001897 4216.2 0.0 0.801192 2279.1 0.0 : 3 --c 0001 : 23 5479 0.000 0.003 0 0.000 0.000 5479 0.000 0.003 : 52.430774 52.435386 0.000258 52.865623 0.000124 52.868074 0.000041 52.884781 0.000095 : 53.231967 ]
[53.232s][info][gc       ] [SYSINFO 7333 227 63 0 6776 0 30 0 0 5703 : - - - - - - - - : 0 7168 : 3.63 3.12 2.06 : 292739 4277776 : 0 0 : 14 0 : 3877 3 0 261 : - 7410384896 682364928 1199550464 5905219584 238030848 67043328 : 140073237 29949780 736430 0 0 0 : 53.232256 ]
[53.232s][info][gc       ] [HUGEPAGESTAT 0 0 0 - 110774 0 0 : 393216 0 0 : 53.232256 ]
[53.232s][info][gc       ] [OBJCREAT 148874207 25292 8302592 : 53.232307 ]
[53.232s][info][gc       ] [HMSV All : 0 0 50 0 0 0 0 0 : 4960 0 0 0 : 53.232330 ]
[53.232s][info][gc       ] [HMSP 9 : 41100 0 : 53.232330 ]
[53.233s][info][gc       ] [GPGC-H  4049.3 348.9 2.2 0.0 : 231.7 : 0.000 0.000 : 0.000 0.000 0.727 1.262 : 0.000 0.000 0.000 0.000 1.956 0.634 : 0.000 : 99.891 : 2224 1412 28 0 : 2274 : 4608 4424 : 53.233227 : 8 May_exceed_heap_occupancy_target ]
[53.233s][info][gc       ] [VMAC 65530 166 24 435 625 : 53.232893 ]
[53.244s][info][safepoint] Application time: 0.3585453 seconds
[53.244s][info][safepoint] Total time for which application threads were stopped: 0.0003018 seconds, Stopping threads took: 0.0000005 seconds
[53.244s][info][gc       ] [SPS 0.000 0.009 0.004 0.007 0.000 0.001 0.000 0.272 0.021 0.302 NewGC_pause1 53.243786 ]
[53.266s][info][safepoint] Application time: 0.0208720 seconds
[53.266s][info][safepoint] Total time for which application threads were stopped: 0.0009598 seconds, Stopping threads took: 0.0000004 seconds
[53.266s][info][gc       ] [SPS 0.000 0.001 0.000 0.007 0.000 0.001 0.000 0.932 0.019 0.960 OldGC_pause2 53.265617 ]
[53.343s][info][safepoint] Application time: 0.0770969 seconds
[53.353s][info][safepoint] Total time for which application threads were stopped: 0.0002094 seconds, Stopping threads took: 0.0000005 seconds
[53.353s][info][gc       ] [SPS 0.000 0.009 0.000 0.008 0.000 0.001 0.000 0.171 0.029 0.210 OldGC_pause3 53.342924 ]
[53.463s][info][safepoint] Application time: 0.1196016 seconds
[53.463s][info][safepoint] Total time for which application threads were stopped: 0.0001550 seconds, Stopping threads took: 0.0000004 seconds
[53.464s][info][gc       ] [SPS 0.000 0.002 0.000 0.006 0.000 0.001 0.000 0.126 0.022 0.155 NewGC_pause2 53.462681 ]
[53.465s][info][safepoint] Application time: 0.0020931 seconds
[53.465s][info][safepoint] Total time for which application threads were stopped: 0.0000642 seconds, Stopping threads took: 0.0000004 seconds
[53.466s][info][gc       ] [SPS 0.000 0.001 0.000 0.006 0.000 0.001 0.000 0.042 0.014 0.064 NewGC_pause3 53.464838 ]
[53.481s][info][safepoint] Application time: 0.0158890 seconds
[53.481s][info][safepoint] Total time for which application threads were stopped: 0.0000860 seconds, Stopping threads took: 0.0000004 seconds
[53.482s][info][gc       ] [SPS 0.000 0.004 0.008 0.007 0.000 0.001 0.000 0.060 0.017 0.086 NewGC_pause4 53.480813 ]
[53.674s][info][gc       ] [GC New Max 168-154 : 5120 4686 3460 5120 - - 1051 56 2 2 - : 1498 1750 28 184 3062 : 1189 3 1874 1874 1 : 169 0 402 0 749 - 0 : 0.008612 3715.9 0.0 0.432923 3353.9 0.0 : 3 --c 0000 : 23 881 0.000 0.000 0 0.000 0.000 881 0.000 0.000 : 53.240578 53.243483 0.000238 53.462526 0.000046 53.464774 0.000045 53.480727 0.000063 : 53.673501 ]
[53.674s][info][gc       ] [SYSINFO 7333 227 63 0 6776 0 30 0 0 5703 : - - - - - - - - : 0 7168 : 3.66 3.13 2.07 : 292739 4277776 : 0 0 : 14 0 : 3877 2 0 261 : - 7410384896 682364928 1199550464 5905219584 238030848 67043328 : 140073237 29951450 736510 0 0 0 : 53.673805 ]
[53.674s][info][gc       ] [HUGEPAGESTAT 0 0 0 - 110774 0 0 : 393216 0 0 : 53.673805 ]
[53.674s][info][gc       ] [OBJCREAT 150351236 25292 8605696 : 53.673857 ]
[53.674s][info][gc       ] [HMSV All : 0 0 50 0 0 0 0 0 : 4960 0 0 0 : 53.673883 ]
[53.674s][info][gc       ] [HMSP 9 : 41100 0 : 53.673883 ]
[53.674s][info][gc       ] [VMAC 65530 166 24 435 625 : 53.674415 ]
[53.675s][info][gc       ] [GPGC-H  4161.9 348.9 2.2 0.0 : 231.7 : 0.000 0.000 : 0.000 0.000 0.718 1.262 : 0.000 0.000 0.000 0.000 1.953 0.634 : 0.000 : 99.886 : 1504 1750 28 0 : 2274 : 4608 4424 : 53.675209 : 8 May_exceed_heap_occupancy_target ]
[53.679s][info][safepoint] Application time: 0.1975477 seconds
[53.679s][info][safepoint] Total time for which application threads were stopped: 0.0002439 seconds, Stopping threads took: 0.0000005 seconds
[53.680s][info][gc       ] [SPS 0.000 0.008 0.008 0.012 0.001 0.001 0.000 0.195 0.034 0.244 OldGC_pause4 53.678605 ]
[53.684s][info][gc       ] [GC Old Max 167-14 : 5120 4922 3484 5120 - - 1051 56 2 2 - : 1528 1744 28 184 1784 : 1763 15 2 2 0 : 0 7 546 2 831 - 55 : 2.083600 281.2 1.0 1.251330 839.1 0.0 : 1 --c 0000 : 23   -    -    -    -    -    -    -    -    -  : 52.432402 52.435386 0.000258 53.264657 0.000857 53.342714 0.000106 53.678361 0.000147 : 53.683732 ]
[53.684s][info][gc       ] [SYSINFO 7333 227 63 0 6776 0 30 0 0 5703 : - - - - - - - - : 0 7168 : 3.66 3.13 2.07 : 292739 4277776 : 0 0 : 14 0 : 3877 5 0 261 : - 7410384896 682364928 1199550464 5905219584 238030848 67043328 : 140073237 29951460 736510 0 0 0 : 53.684008 ]
[53.684s][info][gc       ] [HUGEPAGESTAT 0 0 0 - 110774 0 0 : 393216 0 0 : 53.684008 ]
[53.684s][info][gc       ] [OBJCREAT 150380970 25292 8605696 : 53.684056 ]
[53.684s][info][gc       ] [HMSV All : 0 0 50 0 0 0 0 0 : 4960 0 0 0 : 53.684081 ]
[53.684s][info][gc       ] [HMSP 9 : 41100 0 : 53.684081 ]
[53.684s][info][gc       ] [COMPSTATS 1 : 5 0 : 3 0 : 0 0 : 519 4 0 0 0 0 : 0 0 0 0 0 0 : 142 143 12 : 523 0 0 0 0 0 0 : 523 0 0 0 0 0 0 ]
[53.684s][info][gc       ] [COMPSTATS 2 : 5 0 : 3 0 : 0 0 : 131 11 0 0 0 0 : 0 0 0 0 0 0 : 52668 52704 7788 : 76 42 24 0 0 0 0 : 38 84 14 5 1 0 0 ]
[53.684s][info][gc       ] [DEOPTSTATS 1 : 0 0 : 0 0 : 0 0 : 0 0 : 0 11 : 0 0 : 0 0 : 0 0 : 0 0 : 0 0 : 0 0 : 0 0 : 0 0 : 0 0 : 0 0 : 0 0 : 0 0 : 0 0 : 0 0 : 0 0 : 0 0 : 0 0 : 0 0 : 0 0 : 0 0 : 0 0 : 0 0 : 0 0 : 0 0 : 0 0 : 6 0 : 0 0 : 0 0 : 0 0 : 0 0 : 0 0 : 0 0 : 0 0 : 0 0 : 0 0 : 0 0 : 0 0 ]
[53.684s][info][gc       ] [DEOPTSTATS 2 : 0 0 : 0 0 : 0 0 : 0 0 : 0 0 : 0 0 : 0 14 : 0 0 : 0 0 : 0 0 : 0 0 : 0 0 : 0 0 : 0 0 : 0 0 : 0 0 : 0 0 : 0 0 : 0 0 : 0 0 : 0 0 : 0 0 : 0 0 : 0 0 : 0 0 : 0 0 : 0 0 : 0 0 : 0 0 : 0 0 : 4 0 : 0 0 : 0 0 : 0 0 : 0 1 : 0 0 : 0 0 : 0 0 : 0 0 : 0 3 : 0 0 : 0 0 ]
[53.685s][info][gc       ] [VMAC 65530 166 24 435 625 : 53.684948 ]
[53.686s][info][gc       ] [CCF 0 0 0 0 33 230912: 3076096 : 380 196608 : 3 49152 : 317 311808 :  512 632832 : 120 421888 : 0 0 : 15 1228800 : 1 2048]
[53.686s][info][safepoint] Application time: 0.0073292 seconds
[53.686s][info][safepoint] Total time for which application threads were stopped: 0.0002242 seconds, Stopping threads took: 0.0000004 seconds
[53.687s][info][gc       ] [SPS 0.000 1.554 0.003 0.006 0.000 0.001 0.000 0.202 0.015 0.224 NewGC_pause1 53.686158 ]
[53.820s][info][safepoint] Application time: 0.1338455 seconds
[53.820s][info][safepoint] Total time for which application threads were stopped: 0.0000651 seconds, Stopping threads took: 0.0000016 seconds
[53.821s][info][gc       ] [SPS 0.000 0.002 0.000 0.007 0.002 0.001 0.000 0.041 0.014 0.065 NewGC_pause2 53.820069 ]
[53.821s][info][safepoint] Application time: 0.0011827 seconds
[53.822s][info][safepoint] Total time for which application threads were stopped: 0.0000702 seconds, Stopping threads took: 0.0000005 seconds
[53.822s][info][gc       ] [SPS 0.000 0.001 0.000 0.007 0.000 0.001 0.000 0.039 0.022 0.070 NewGC_pause3 53.821322 ]
[53.827s][info][safepoint] Application time: 0.0060365 seconds
[53.828s][info][safepoint] Total time for which application threads were stopped: 0.0000887 seconds, Stopping threads took: 0.0000004 seconds
[53.828s][info][gc       ] [SPS 0.000 0.004 0.014 0.007 0.000 0.001 0.001 0.062 0.018 0.089 NewGC_pause4 53.827447 ]
[53.868s][info][gc       ] [GC New Max 169-155 : 5120 3962 2640 5120 - - 1051 56 2 2 - : 632 1796 28 184 2006 : 523 4 1481 1481 0 : 26 1 236 0 316 - 0 : 0.008823 2947.0 0.0 0.185091 3457.8 0.0 : 3 --c 0000 : 23 0 0.000 0.000 0 0.000 0.000 0 0.000 0.000 : 53.682323 53.685934 0.000207 53.820004 0.000045 53.821252 0.000043 53.827359 0.000066 : 53.867415 ]
[53.868s][info][gc       ] [SYSINFO 7333 227 63 0 6776 0 30 0 0 5703 : - - - - - - - - : 0 7168 : 3.66 3.13 2.07 : 292739 4277776 : 0 0 : 14 0 : 3877 2 0 261 : - 7410384896 682364928 1199550464 5905219584 238030848 67043328 : 140073237 29952190 736510 0 0 0 : 53.867662 ]
[53.868s][info][gc       ] [HUGEPAGESTAT 0 0 0 - 110774 0 0 : 393216 0 0 : 53.867662 ]
[53.868s][info][gc       ] [OBJCREAT 151012928 25292 8658944 : 53.867710 ]
[53.868s][info][gc       ] [HMSV All : 0 0 50 0 0 0 0 0 : 4960 0 0 0 : 53.867730 ]
[53.868s][info][gc       ] [HMSP 9 : 41100 0 : 53.867730 ]
[53.868s][info][gc       ] [VMAC 65530 166 24 435 625 : 53.868156 ]
[54.004s][info][gc       ] [GPGC-H  4161.9 348.9 2.2 0.0 : 231.7 : 0.000 0.000 : 0.000 0.000 0.712 1.260 : 0.000 0.000 0.000 0.000 1.950 0.608 : 0.000 : 99.874 : 1124 1796 28 0 : 2274 : 4608 4424 : 54.004211 : 9 Next_heuristic_check_may_be_too_late ]
[54.007s][info][safepoint] Application time: 0.1792393 seconds
[54.007s][info][safepoint] Total time for which application threads were stopped: 0.0003219 seconds, Stopping threads took: 0.0000004 seconds
[54.008s][info][gc       ] [SPS 0.000 0.003 0.002 0.006 0.000 0.001 0.000 0.296 0.019 0.322 NewGC_pause1 54.007009 ]
[54.079s][info][safepoint] Application time: 0.0721387 seconds
[54.080s][info][safepoint] Total time for which application threads were stopped: 0.0002053 seconds, Stopping threads took: 0.0000005 seconds
[54.080s][info][gc       ] [SPS 0.000 0.001 0.000 0.007 0.000 0.001 0.000 0.173 0.023 0.205 NewGC_pause2 54.079353 ]
[54.082s][info][safepoint] Application time: 0.0022445 seconds
[54.082s][info][safepoint] Total time for which application threads were stopped: 0.0000715 seconds, Stopping threads took: 0.0000005 seconds
[54.082s][info][gc       ] [SPS 0.000 0.001 0.000 0.006 0.000 0.005 0.000 0.046 0.014 0.072 NewGC_pause3 54.081669 ]
[54.083s][info][safepoint] Application time: 0.0009497 seconds
[54.083s][info][safepoint] Total time for which application threads were stopped: 0.0000712 seconds, Stopping threads took: 0.0000005 seconds
[54.083s][info][gc       ] [SPS 0.000 0.002 0.002 0.006 0.000 0.001 0.000 0.049 0.015 0.071 NewGC_pause4 54.082690 ]
[54.083s][info][gc       ] [GC New Max 170-156 : 5120 3404 2276 5120 - - 1051 56 2 2 - : 268 1796 28 184 1396 : 264 4 1130 1130 0 : 0 1 132 0 134 - 0 : 0.137366 3596.2 0.0 0.078185 3478.9 0.0 : 3 --c 0000 : 23 0 0.000 0.000 0 0.000 0.000 0 0.000 0.000 : 54.004781 54.006687 0.000205 54.079147 0.000068 54.081597 0.000053 54.082618 0.000052 : 54.082966 ]
[54.083s][info][gc       ] [SYSINFO 7333 227 63 0 6776 0 30 0 0 5703 : - - - - - - - - : 0 7168 : 3.66 3.13 2.07 : 292739 4277776 : 0 0 : 14 0 : 3877 3 0 261 : - 7410384896 682364928 1199550464 5905219584 238030848 67043328 : 140073237 29952610 736510 0 0 0 : 54.083185 ]
[54.083s][info][gc       ] [HUGEPAGESTAT 0 0 0 - 110774 0 0 : 393216 0 0 : 54.083185 ]
[54.083s][info][gc       ] [OBJCREAT 151772868 25292 8658944 : 54.083229 ]
[54.083s][info][gc       ] [HMSV All : 0 0 50 0 0 0 0 0 : 4960 0 0 0 : 54.083244 ]
[54.083s][info][gc       ] [HMSP 9 : 41100 0 : 54.083244 ]
[54.084s][info][gc       ] [VMAC 65530 166 24 435 625 : 54.083697 ]
[54.264s][info][gc       ] [GPGC-H  4161.9 348.9 2.2 0.0 : 231.7 : 0.000 0.000 : 0.000 0.000 0.706 1.260 : 0.000 0.000 0.000 0.000 1.943 0.608 : 0.000 : 99.243 : 936 1796 28 0 : 2274 : 4608 4424 : 54.264136 : 9 Next_heuristic_check_may_be_too_late ]
[54.267s][info][safepoint] Application time: 0.1838776 seconds
[54.267s][info][safepoint] Total time for which application threads were stopped: 0.0004002 seconds, Stopping threads took: 0.0000004 seconds
[54.268s][info][gc       ] [SPS 0.000 0.003 0.002 0.006 0.000 0.001 0.000 0.373 0.020 0.400 NewGC_pause1 54.266968 ]
[54.322s][info][safepoint] Application time: 0.0547305 seconds
[54.322s][info][safepoint] Total time for which application threads were stopped: 0.0001382 seconds, Stopping threads took: 0.0000004 seconds
[54.323s][info][gc       ] [SPS 0.017 0.001 0.000 0.010 0.000 0.001 0.000 0.106 0.020 0.138 NewGC_pause2 54.321837 ]
[54.324s][info][safepoint] Application time: 0.0020088 seconds
[54.324s][info][safepoint] Total time for which application threads were stopped: 0.0001374 seconds, Stopping threads took: 0.0000004 seconds
[54.325s][info][gc       ] [SPS 0.000 0.000 0.000 0.006 0.000 0.001 0.000 0.117 0.013 0.138 NewGC_pause3 54.323983 ]
[54.325s][info][safepoint] Application time: 0.0012036 seconds
[54.325s][info][safepoint] Total time for which application threads were stopped: 0.0001069 seconds, Stopping threads took: 0.0000004 seconds
[54.326s][info][gc       ] [SPS 0.000 0.002 0.002 0.006 0.000 0.001 0.000 0.087 0.012 0.107 NewGC_pause4 54.325293 ]
[54.326s][info][gc       ] [GC New Max 171-157 : 5120 3162 2226 5120 - - 1051 56 2 2 - : 218 1796 28 184 1154 : 212 4 941 941 0 : 0 1 106 0 109 - 0 : 0.181729 3686.8 0.0 0.061049 3603.6 0.0 : 3 --c 0000 : 23 0 0.000 0.000 0 0.000 0.000 0 0.000 0.000 : 54.264694 54.266567 0.000282 54.321698 0.000070 54.323845 0.000120 54.325186 0.000092 : 54.325743 ]
[54.326s][info][gc       ] [SYSINFO 7333 227 63 0 6776 0 30 0 0 5703 : - - - - - - - - : 0 7168 : 3.66 3.13 2.07 : 292739 4277776 : 0 0 : 14 0 : 3877 2 0 261 : - 7410384896 682364928 1199550464 5905219584 238030848 67043328 : 140073237 29953000 736550 0 0 0 : 54.325975 ]
[54.326s][info][gc       ] [HUGEPAGESTAT 0 0 0 - 110774 0 0 : 393216 0 0 : 54.325975 ]
[54.326s][info][gc       ] [OBJCREAT 152652954 25292 8658944 : 54.326027 ]
[54.326s][info][gc       ] [HMSV All : 0 0 50 0 0 0 0 0 : 4960 0 0 0 : 54.326044 ]
[54.326s][info][gc       ] [HMSP 9 : 41100 0 : 54.326044 ]
[54.326s][info][gc       ] [VMAC 65530 166 24 435 625 : 54.326451 ]
[54.486s][info][gc       ] [GPGC-H  4161.9 548.2 2.0 0.0 : 211.2 : 0.000 0.000 : 0.000 0.000 0.698 1.260 : 0.000 0.000 0.000 0.000 1.930 0.608 : 0.000 : 98.417 : 824 1796 28 0 : 2274 : 4608 4424 : 54.486348 : 9 Next_heuristic_check_may_be_too_late ]
[54.489s][info][safepoint] Application time: 0.1631255 seconds
[54.489s][info][safepoint] Total time for which application threads were stopped: 0.0002959 seconds, Stopping threads took: 0.0000004 seconds
[54.490s][info][gc       ] [SPS 0.000 0.003 0.002 0.006 0.000 0.001 0.000 0.268 0.020 0.296 NewGC_pause1 54.488715 ]
[54.543s][info][safepoint] Application time: 0.0546029 seconds
[54.544s][info][safepoint] Total time for which application threads were stopped: 0.0001587 seconds, Stopping threads took: 0.0000004 seconds
[54.545s][info][gc       ] [SPS 0.000 0.001 0.000 0.006 0.000 0.001 0.000 0.131 0.020 0.159 NewGC_pause2 54.543477 ]
[54.546s][info][safepoint] Application time: 0.0022243 seconds
[54.546s][info][safepoint] Total time for which application threads were stopped: 0.0001053 seconds, Stopping threads took: 0.0000004 seconds
[54.547s][info][gc       ] [SPS 0.000 0.000 0.000 0.006 0.000 0.001 0.000 0.085 0.013 0.105 NewGC_pause3 54.545806 ]
[54.547s][info][safepoint] Application time: 0.0010643 seconds
[54.547s][info][safepoint] Total time for which application threads were stopped: 0.0000613 seconds, Stopping threads took: 0.0000005 seconds
[54.547s][info][gc       ] [SPS 0.000 0.002 0.002 0.006 0.000 0.001 0.000 0.040 0.014 0.061 NewGC_pause4 54.546932 ]
[54.547s][info][gc       ] [GC New Max 172-158 : 5120 3046 2218 5120 - - 1051 56 2 2 - : 210 1796 28 184 1038 : 206 4 830 830 0 : 0 1 103 0 105 - 0 : 0.161124 3773.5 0.0 0.060303 3548.7 0.0 : 3 --c 0000 : 23 0 0.000 0.000 0 0.000 0.000 0 0.000 0.000 : 54.486868 54.488419 0.000233 54.543318 0.000099 54.545701 0.000089 54.546871 0.000043 : 54.547171 ]
[54.547s][info][gc       ] [SYSINFO 7333 227 63 0 6776 0 30 0 0 5703 : - - - - - - - - : 0 7168 : 3.66 3.13 2.07 : 292739 4277776 : 0 0 : 14 0 : 3877 2 0 261 : - 7410384896 682364928 1199550464 5905219584 238030848 67043328 : 140073237 29953370 736550 0 0 0 : 54.547386 ]
[54.547s][info][gc       ] [HUGEPAGESTAT 0 0 0 - 110774 0 0 : 393216 0 0 : 54.547386 ]
[54.547s][info][gc       ] [OBJCREAT 153468044 25292 8658944 : 54.547427 ]
[54.547s][info][gc       ] [HMSV All : 0 0 50 0 0 0 0 0 : 4960 0 0 0 : 54.547442 ]
[54.547s][info][gc       ] [HMSP 9 : 41100 0 : 54.547442 ]
[54.548s][info][gc       ] [VMAC 65530 166 24 435 625 : 54.547828 ]
[54.709s][info][gc       ] [GPGC-H  4161.9 548.2 2.0 0.0 : 211.2 : 0.000 0.000 : 0.000 0.000 0.692 1.260 : 0.000 0.000 0.000 0.000 1.915 0.608 : 0.000 : 97.692 : 862 1796 28 0 : 2274 : 4608 4424 : 54.709112 : 9 Next_heuristic_check_may_be_too_late ]
[54.712s][info][safepoint] Application time: 0.1643185 seconds
[54.712s][info][safepoint] Total time for which application threads were stopped: 0.0004263 seconds, Stopping threads took: 0.0000006 seconds
[54.713s][info][gc       ] [SPS 0.000 0.003 0.011 0.008 0.001 0.001 0.000 0.383 0.034 0.426 NewGC_pause1 54.711677 ]
[54.767s][info][safepoint] Application time: 0.0552103 seconds
[54.768s][info][safepoint] Total time for which application threads were stopped: 0.0001412 seconds, Stopping threads took: 0.0000004 seconds
[54.768s][info][gc       ] [SPS 0.000 0.001 0.000 0.006 0.000 0.001 0.000 0.115 0.019 0.141 NewGC_pause2 54.767029 ]
[54.769s][info][safepoint] Application time: 0.0016481 seconds
[54.769s][info][safepoint] Total time for which application threads were stopped: 0.0000591 seconds, Stopping threads took: 0.0000004 seconds
[54.769s][info][gc       ] [SPS 0.000 0.000 0.000 0.006 0.000 0.001 0.000 0.038 0.014 0.059 NewGC_pause3 54.768736 ]
[54.770s][info][safepoint] Application time: 0.0009891 seconds
[54.770s][info][safepoint] Total time for which application threads were stopped: 0.0000578 seconds, Stopping threads took: 0.0000004 seconds
[54.770s][info][gc       ] [SPS 0.000 0.002 0.002 0.006 0.000 0.001 0.000 0.038 0.012 0.058 NewGC_pause4 54.769783 ]
[54.770s][info][gc       ] [GC New Max 173-159 : 5120 3100 2236 5120 - - 1051 56 2 2 - : 228 1796 28 184 1092 : 224 4 867 867 0 : 0 1 112 0 114 - 0 : 0.162443 4026.0 0.0 0.060405 3807.6 0.0 : 3 --c 0000 : 23 0 0.000 0.000 0 0.000 0.000 0 0.000 0.000 : 54.709614 54.711251 0.000318 54.766888 0.000085 54.768677 0.000041 54.769725 0.000042 : 54.770019 ]
[54.770s][info][gc       ] [SYSINFO 7333 227 63 0 6776 0 30 0 0 5703 : - - - - - - - - : 0 7168 : 3.66 3.13 2.07 : 292739 4277776 : 0 0 : 14 0 : 3877 4 0 261 : - 7410384896 682364928 1199550464 5905219584 238030848 67043328 : 140073237 29953750 736590 0 0 0 : 54.770271 ]
[54.770s][info][gc       ] [HUGEPAGESTAT 0 0 0 - 110774 0 0 : 393216 0 0 : 54.770271 ]
[54.770s][info][gc       ] [OBJCREAT 154343248 25292 8658944 : 54.770313 ]
[54.770s][info][gc       ] [HMSV All : 0 0 50 0 0 0 0 0 : 4960 0 0 0 : 54.770332 ]
[54.770s][info][gc       ] [HMSP 9 : 41100 0 : 54.770332 ]
[54.771s][info][gc       ] [VMAC 65530 166 24 435 625 : 54.770764 ]
[54.928s][info][gc       ] [GPGC-H  4161.9 548.2 2.0 0.0 : 211.2 : 0.000 0.000 : 0.000 0.000 0.685 1.260 : 0.000 0.000 0.000 0.000 1.898 0.608 : 0.000 : 96.969 : 838 1796 28 0 : 2274 : 4608 4424 : 54.928088 : 9 Next_heuristic_check_may_be_too_late ]
[54.931s][info][safepoint] Application time: 0.1606068 seconds
[54.931s][info][safepoint] Total time for which application threads were stopped: 0.0003234 seconds, Stopping threads took: 0.0000004 seconds
[54.931s][info][gc       ] [SPS 0.000 0.002 0.002 0.006 0.000 0.001 0.000 0.297 0.019 0.324 NewGC_pause1 54.930714 ]
[54.985s][info][safepoint] Application time: 0.0536029 seconds
[54.985s][info][safepoint] Total time for which application threads were stopped: 0.0002143 seconds, Stopping threads took: 0.0000004 seconds
[54.986s][info][gc       ] [SPS 0.000 0.001 0.000 0.007 0.000 0.001 0.000 0.183 0.023 0.214 NewGC_pause2 54.984531 ]
[54.987s][info][safepoint] Application time: 0.0021616 seconds
[54.987s][info][safepoint] Total time for which application threads were stopped: 0.0000717 seconds, Stopping threads took: 0.0000004 seconds
[54.988s][info][gc       ] [SPS 0.000 0.000 0.000 0.006 0.000 0.001 0.000 0.046 0.018 0.072 NewGC_pause3 54.986764 ]
[54.988s][info][safepoint] Application time: 0.0010833 seconds
[54.988s][info][safepoint] Total time for which application threads were stopped: 0.0000613 seconds, Stopping threads took: 0.0000004 seconds
[54.988s][info][gc       ] [SPS 0.000 0.002 0.002 0.006 0.000 0.001 0.000 0.041 0.013 0.061 NewGC_pause4 54.987908 ]
[54.989s][info][gc       ] [GC New Max 174-160 : 5120 3068 2226 5120 - - 1051 56 2 2 - : 218 1796 28 184 1060 : 214 4 844 844 0 : 0 1 107 0 109 - 0 : 0.158638 3857.8 0.0 0.059602 3724.7 0.0 : 3 --c 0000 : 23 0 0.000 0.000 0 0.000 0.000 0 0.000 0.000 : 54.928657 54.930390 0.000258 54.984316 0.000114 54.986692 0.000043 54.987847 0.000044 : 54.988259 ]
[54.989s][info][gc       ] [SYSINFO 7333 227 63 0 6776 0 30 0 0 5703 : - - - - - - - - : 0 7168 : 3.66 3.13 2.07 : 292739 4277776 : 0 0 : 14 0 : 3877 2 0 261 : - 7410384896 682364928 1199550464 5905219584 238030848 67043328 : 140073237 29954110 736590 0 0 0 : 54.988498 ]
[54.989s][info][gc       ] [HUGEPAGESTAT 0 0 0 - 110774 0 0 : 393216 0 0 : 54.988498 ]
[54.989s][info][gc       ] [OBJCREAT 155168370 25292 8658944 : 54.988538 ]
[54.989s][info][gc       ] [HMSV All : 0 0 50 0 0 0 0 0 : 4960 0 0 0 : 54.988553 ]
[54.989s][info][gc       ] [HMSP 9 : 41100 0 : 54.988553 ]
[54.989s][info][gc       ] [VMAC 65530 166 24 435 625 : 54.988996 ]
[55.150s][info][gc       ] [GPGC-H  4161.9 548.2 2.0 0.0 : 211.2 : 0.000 0.000 : 0.000 0.000 0.679 1.260 : 0.000 0.000 0.000 0.000 1.880 0.608 : 0.000 : 96.270 : 814 1796 28 0 : 2274 : 4608 4424 : 55.150363 : 9 Next_heuristic_check_may_be_too_late ]
[55.153s][info][safepoint] Application time: 0.1644421 seconds
[55.153s][info][safepoint] Total time for which application threads were stopped: 0.0004248 seconds, Stopping threads took: 0.0000004 seconds
[55.154s][info][gc       ] [SPS 0.000 0.003 0.002 0.006 0.000 0.001 0.000 0.395 0.022 0.425 NewGC_pause1 55.152776 ]
[55.209s][info][safepoint] Application time: 0.0556011 seconds
[55.209s][info][safepoint] Total time for which application threads were stopped: 0.0001999 seconds, Stopping threads took: 0.0000005 seconds
[55.210s][info][gc       ] [SPS 0.001 0.001 0.000 0.006 0.000 0.001 0.000 0.159 0.033 0.200 NewGC_pause2 55.208577 ]
[55.211s][info][safepoint] Application time: 0.0020412 seconds
[55.211s][info][safepoint] Total time for which application threads were stopped: 0.0001083 seconds, Stopping threads took: 0.0000004 seconds
[55.211s][info][gc       ] [SPS 0.000 0.000 0.000 0.006 0.000 0.001 0.000 0.087 0.014 0.108 NewGC_pause3 55.210726 ]
[55.212s][info][safepoint] Application time: 0.0011190 seconds
[55.212s][info][safepoint] Total time for which application threads were stopped: 0.0001119 seconds, Stopping threads took: 0.0000005 seconds
[55.212s][info][gc       ] [SPS 0.000 0.002 0.002 0.006 0.000 0.001 0.000 0.090 0.015 0.112 NewGC_pause4 55.211958 ]
[55.213s][info][gc       ] [GC New Max 175-161 : 5120 3036 2220 5120 - - 1051 56 2 2 - : 212 1796 28 184 1028 : 206 4 820 820 0 : 0 1 103 0 106 - 0 : 0.162604 3677.6 0.0 0.061459 3514.6 0.0 : 3 --c 0000 : 23 0 0.000 0.000 0 0.000 0.000 0 0.000 0.000 : 55.150863 55.152351 0.000290 55.208377 0.000116 55.210618 0.000091 55.211845 0.000094 : 55.212322 ]
[55.213s][info][gc       ] [SYSINFO 7333 227 63 0 6776 0 30 0 0 5703 : - - - - - - - - : 0 7168 : 3.66 3.13 2.07 : 292739 4277776 : 0 0 : 14 0 : 3877 2 0 261 : - 7410384896 682364928 1199550464 5905219584 238030848 67043328 : 140073237 29954500 736590 0 0 0 : 55.212546 ]
[55.213s][info][gc       ] [HUGEPAGESTAT 0 0 0 - 110774 0 0 : 393216 0 0 : 55.212546 ]
[55.213s][info][gc       ] [OBJCREAT 155971377 25292 8658944 : 55.212589 ]
[55.213s][info][gc       ] [HMSV All : 0 0 50 0 0 0 0 0 : 4960 0 0 0 : 55.212613 ]
[55.213s][info][gc       ] [HMSP 9 : 41100 0 : 55.212613 ]
[55.213s][info][gc       ] [VMAC 65530 166 24 435 625 : 55.213037 ]
[55.374s][info][gc       ] [GPGC-H  4161.9 548.2 2.0 0.0 : 211.2 : 0.000 0.000 : 0.000 0.000 0.673 1.260 : 0.000 0.000 0.000 0.000 1.862 0.608 : 0.000 : 95.561 : 820 1796 28 0 : 2274 : 4608 4424 : 55.374275 : 9 Next_heuristic_check_may_be_too_late ]
[55.377s][info][safepoint] Application time: 0.1647580 seconds
[55.377s][info][safepoint] Total time for which application threads were stopped: 0.0002837 seconds, Stopping threads took: 0.0000004 seconds
[55.378s][info][gc       ] [SPS 0.000 0.002 0.002 0.006 0.000 0.001 0.000 0.257 0.019 0.284 NewGC_pause1 55.376999 ]
[55.431s][info][safepoint] Application time: 0.0538854 seconds
[55.431s][info][safepoint] Total time for which application threads were stopped: 0.0001382 seconds, Stopping threads took: 0.0000004 seconds
[55.432s][info][gc       ] [SPS 0.000 0.001 0.000 0.013 0.000 0.001 0.000 0.105 0.019 0.138 NewGC_pause2 55.431023 ]
[55.433s][info][safepoint] Application time: 0.0017658 seconds
[55.433s][info][safepoint] Total time for which application threads were stopped: 0.0000988 seconds, Stopping threads took: 0.0000004 seconds
[55.434s][info][gc       ] [SPS 0.000 0.000 0.000 0.006 0.000 0.001 0.000 0.079 0.013 0.099 NewGC_pause3 55.432888 ]
[55.434s][info][safepoint] Application time: 0.0012309 seconds
[55.434s][info][safepoint] Total time for which application threads were stopped: 0.0001314 seconds, Stopping threads took: 0.0000004 seconds
[55.435s][info][gc       ] [SPS 0.000 0.002 0.002 0.006 0.000 0.001 0.000 0.112 0.013 0.131 NewGC_pause4 55.434250 ]
[55.435s][info][gc       ] [GC New Max 176-162 : 5120 3054 2232 5120 - - 1051 56 2 2 - : 222 1796 28 184 1046 : 220 4 827 827 0 : 0 1 110 0 112 - 0 : 0.162684 3749.6 0.0 0.059550 3795.2 0.0 : 3 --c 0000 : 23 0 0.000 0.000 0 0.000 0.000 0 0.000 0.000 : 55.375006 55.376715 0.000220 55.430885 0.000075 55.432789 0.000083 55.434119 0.000116 : 55.434555 ]
[55.435s][info][gc       ] [SYSINFO 7333 227 63 0 6776 0 30 0 0 5703 : - - - - - - - - : 0 7168 : 3.66 3.13 2.07 : 292739 4277776 : 0 0 : 14 0 : 3877 2 0 261 : - 7410384896 682364928 1199550464 5905219584 238030848 67043328 : 140073237 29954870 736590 0 0 0 : 55.434765 ]
[55.435s][info][gc       ] [HUGEPAGESTAT 0 0 0 - 110774 0 0 : 393216 0 0 : 55.434765 ]
[55.435s][info][gc       ] [OBJCREAT 156801329 25292 8658944 : 55.434804 ]
[55.435s][info][gc       ] [HMSV All : 0 0 50 0 0 0 0 0 : 4960 0 0 0 : 55.434821 ]
[55.435s][info][gc       ] [HMSP 9 : 41100 0 : 55.434821 ]
[55.435s][info][gc       ] [VMAC 65530 166 24 435 625 : 55.435260 ]
[55.594s][info][gc       ] [GPGC-H  4104.4 548.2 2.0 0.0 : 211.2 : 0.000 0.000 : 0.000 0.000 0.667 1.260 : 0.000 0.000 0.000 0.000 1.845 0.608 : 0.000 : 94.858 : 820 1796 28 0 : 2274 : 4608 4424 : 55.594252 : 9 Next_heuristic_check_may_be_too_late ]
[55.597s][info][safepoint] Application time: 0.1622891 seconds
[55.597s][info][safepoint] Total time for which application threads were stopped: 0.0004108 seconds, Stopping threads took: 0.0000004 seconds
[55.598s][info][gc       ] [SPS 0.000 0.002 0.004 0.006 0.000 0.001 0.000 0.377 0.025 0.411 NewGC_pause1 55.596950 ]
[55.651s][info][safepoint] Application time: 0.0535349 seconds
[55.651s][info][safepoint] Total time for which application threads were stopped: 0.0001207 seconds, Stopping threads took: 0.0000004 seconds
[55.651s][info][gc       ] [SPS 0.000 0.001 0.000 0.006 0.000 0.001 0.000 0.094 0.019 0.121 NewGC_pause2 55.650606 ]
[55.653s][info][safepoint] Application time: 0.0018302 seconds
[55.653s][info][safepoint] Total time for which application threads were stopped: 0.0001728 seconds, Stopping threads took: 0.0000004 seconds
[55.653s][info][gc       ] [SPS 0.000 0.000 0.000 0.006 0.000 0.001 0.000 0.141 0.024 0.173 NewGC_pause3 55.652609 ]
[55.654s][info][safepoint] Application time: 0.0013681 seconds
[55.654s][info][safepoint] Total time for which application threads were stopped: 0.0001430 seconds, Stopping threads took: 0.0000004 seconds
[55.654s][info][gc       ] [SPS 0.000 0.002 0.002 0.006 0.000 0.001 0.000 0.122 0.014 0.143 NewGC_pause4 55.654120 ]
[55.655s][info][gc       ] [GC New Max 177-163 : 5120 3052 2230 5120 - - 1051 56 2 2 - : 222 1796 28 184 1044 : 218 4 824 824 0 : 0 1 109 0 111 - 0 : 0.160257 3744.0 0.0 0.059511 3764.0 0.0 : 3 --c 0000 : 23 0 0.000 0.000 0 0.000 0.000 0 0.000 0.000 : 55.594812 55.596539 0.000311 55.650485 0.000063 55.652436 0.000145 55.653977 0.000126 : 55.654324 ]
[55.655s][info][gc       ] [SYSINFO 7333 227 63 0 6776 0 30 0 0 5703 : - - - - - - - - : 0 7168 : 3.66 3.13 2.07 : 292739 4277776 : 0 0 : 14 0 : 3877 2 0 261 : - 7410384896 682364928 1199550464 5905219584 238030848 67043328 : 140073237 29955230 736590 0 0 0 : 55.654536 ]
[55.655s][info][gc       ] [HUGEPAGESTAT 0 0 0 - 110774 0 0 : 393216 0 0 : 55.654536 ]
[55.655s][info][gc       ] [OBJCREAT 157616765 25292 8658944 : 55.654576 ]
[55.655s][info][gc       ] [HMSV All : 0 0 50 0 0 0 0 0 : 4960 0 0 0 : 55.654590 ]
[55.655s][info][gc       ] [HMSP 9 : 41100 0 : 55.654590 ]
[55.655s][info][gc       ] [VMAC 65530 166 24 435 625 : 55.654992 ]
[55.812s][info][gc       ] [GPGC-H  4104.4 548.2 2.0 0.0 : 211.2 : 0.000 0.000 : 0.000 0.000 0.660 1.260 : 0.000 0.000 0.000 0.000 1.827 0.608 : 0.000 : 94.173 : 842 1796 28 0 : 2274 : 4608 4424 : 55.811503 : 9 Next_heuristic_check_may_be_too_late ]
[55.814s][info][safepoint] Application time: 0.1594449 seconds
[55.814s][info][safepoint] Total time for which application threads were stopped: 0.0003471 seconds, Stopping threads took: 0.0000004 seconds
[55.815s][info][gc       ] [SPS 0.000 0.003 0.003 0.006 0.000 0.001 0.000 0.298 0.042 0.347 NewGC_pause1 55.813913 ]
[55.868s][info][safepoint] Application time: 0.0539291 seconds
[55.868s][info][safepoint] Total time for which application threads were stopped: 0.0001588 seconds, Stopping threads took: 0.0000004 seconds
[55.869s][info][gc       ] [SPS 0.000 0.001 0.000 0.006 0.000 0.001 0.000 0.133 0.019 0.159 NewGC_pause2 55.868001 ]
[55.870s][info][safepoint] Application time: 0.0018171 seconds
[55.870s][info][safepoint] Total time for which application threads were stopped: 0.0001213 seconds, Stopping threads took: 0.0000004 seconds
[55.871s][info][gc       ] [SPS 0.000 0.000 0.000 0.006 0.000 0.001 0.000 0.103 0.012 0.121 NewGC_pause3 55.869939 ]
[55.871s][info][safepoint] Application time: 0.0010552 seconds
[55.871s][info][safepoint] Total time for which application threads were stopped: 0.0000667 seconds, Stopping threads took: 0.0000004 seconds
[55.872s][info][gc       ] [SPS 0.000 0.003 0.002 0.006 0.000 0.001 0.000 0.047 0.013 0.067 NewGC_pause4 55.871061 ]
[55.872s][info][gc       ] [GC New Max 178-164 : 5120 3076 2228 5120 - - 1051 56 2 2 - : 220 1796 28 184 1068 : 218 2 850 850 0 : 0 0 109 0 110 - 0 : 0.157641 3945.7 0.0 0.059398 3804.8 0.0 : 3 --c 0000 : 23 0 0.000 0.000 0 0.000 0.000 0 0.000 0.000 : 55.811965 55.813565 0.000258 55.867842 0.000086 55.869818 0.000106 55.870994 0.000050 : 55.871363 ]
[55.872s][info][gc       ] [SYSINFO 7333 227 63 0 6776 0 30 0 0 5703 : - - - - - - - - : 0 7168 : 3.66 3.13 2.07 : 292739 4277776 : 0 0 : 14 0 : 3877 3 0 261 : - 7410384896 682364928 1199550464 5905219584 238030848 67043328 : 140073237 29955610 736590 0 0 0 : 55.871608 ]
[55.872s][info][gc       ] [HUGEPAGESTAT 0 0 0 - 110774 0 0 : 393216 0 0 : 55.871608 ]
[55.872s][info][gc       ] [OBJCREAT 158456371 25292 8658944 : 55.871662 ]
[55.872s][info][gc       ] [HMSV All : 0 0 50 0 0 0 0 0 : 4960 0 0 0 : 55.871693 ]
[55.872s][info][gc       ] [HMSP 9 : 41100 0 : 55.871693 ]
[55.872s][info][gc       ] [VMAC 65530 166 24 435 625 : 55.872108 ]
[56.034s][info][gc       ] [GPGC-H  4104.4 548.2 2.0 0.0 : 211.2 : 0.000 0.000 : 0.000 0.000 0.654 1.260 : 0.000 0.000 0.000 0.000 1.811 0.608 : 0.000 : 93.507 : 894 1796 28 0 : 2274 : 4608 4424 : 56.034063 : 9 Next_heuristic_check_may_be_too_late ]
[56.037s][info][safepoint] Application time: 0.1651507 seconds
[56.037s][info][safepoint] Total time for which application threads were stopped: 0.0003135 seconds, Stopping threads took: 0.0000004 seconds
[56.037s][info][gc       ] [SPS 0.000 0.003 0.002 0.006 0.000 0.001 0.000 0.288 0.019 0.314 NewGC_pause1 56.036526 ]
[56.090s][info][safepoint] Application time: 0.0538038 seconds
[56.091s][info][safepoint] Total time for which application threads were stopped: 0.0001171 seconds, Stopping threads took: 0.0000004 seconds
[56.091s][info][gc       ] [SPS 0.000 0.001 0.000 0.006 0.000 0.001 0.000 0.091 0.018 0.117 NewGC_pause2 56.090446 ]
[56.092s][info][safepoint] Application time: 0.0019244 seconds
[56.093s][info][safepoint] Total time for which application threads were stopped: 0.0001205 seconds, Stopping threads took: 0.0000004 seconds
[56.093s][info][gc       ] [SPS 0.000 0.000 0.000 0.007 0.000 0.001 0.000 0.101 0.012 0.121 NewGC_pause3 56.092491 ]
[56.094s][info][safepoint] Application time: 0.0012772 seconds
[56.094s][info][safepoint] Total time for which application threads were stopped: 0.0000804 seconds, Stopping threads took: 0.0000004 seconds
[56.094s][info][gc       ] [SPS 0.000 0.002 0.002 0.005 0.000 0.001 0.000 0.061 0.012 0.080 NewGC_pause4 56.093849 ]
[56.094s][info][gc       ] [GC New Max 179-165 : 5120 3132 2234 5120 - - 1051 56 2 2 - : 226 1796 28 184 1124 : 222 4 900 900 0 : 0 1 111 0 113 - 0 : 0.163168 4143.0 0.0 0.059565 3861.4 0.0 : 3 --c 0000 : 23 0 0.000 0.000 0 0.000 0.000 0 0.000 0.000 : 56.034531 56.036212 0.000256 56.090329 0.000061 56.092371 0.000106 56.093769 0.000065 : 56.094095 ]
[56.094s][info][gc       ] [SYSINFO 7333 227 63 0 6776 0 30 0 0 5703 : - - - - - - - - : 0 7168 : 3.66 3.13 2.07 : 292739 4277776 : 0 0 : 14 0 : 3877 2 0 261 : - 7410384896 682364928 1199550464 5905219584 238030848 67043328 : 140073237 29955980 736590 0 0 0 : 56.094302 ]
[56.094s][info][gc       ] [HUGEPAGESTAT 0 0 0 - 110774 0 0 : 393216 0 0 : 56.094302 ]
[56.094s][info][gc       ] [OBJCREAT 159350776 25292 8658944 : 56.094340 ]
[56.094s][info][gc       ] [HMSV All : 0 0 50 0 0 0 0 0 : 4960 0 0 0 : 56.094355 ]
[56.094s][info][gc       ] [HMSP 9 : 41100 0 : 56.094355 ]
[56.095s][info][gc       ] [VMAC 65530 166 24 435 625 : 56.094720 ]
[56.249s][info][gc       ] [GPGC-H  4104.4 548.2 2.0 0.0 : 211.2 : 0.000 0.000 : 0.000 0.000 0.648 1.260 : 0.000 0.000 0.000 0.000 1.794 0.608 : 0.000 : 92.823 : 834 1796 28 0 : 2274 : 4608 4424 : 56.248656 : 9 Next_heuristic_check_may_be_too_late ]
[56.251s][info][safepoint] Application time: 0.1568267 seconds
[56.252s][info][safepoint] Total time for which application threads were stopped: 0.0003073 seconds, Stopping threads took: 0.0000004 seconds
[56.252s][info][gc       ] [SPS 0.000 0.003 0.003 0.007 0.000 0.001 0.000 0.280 0.020 0.307 NewGC_pause1 56.250983 ]
[56.305s][info][safepoint] Application time: 0.0536175 seconds
[56.305s][info][safepoint] Total time for which application threads were stopped: 0.0001721 seconds, Stopping threads took: 0.0000004 seconds
[56.305s][info][gc       ] [SPS 0.000 0.001 0.000 0.006 0.000 0.001 0.000 0.146 0.019 0.172 NewGC_pause2 56.304773 ]
[56.306s][info][safepoint] Application time: 0.0013559 seconds
[56.306s][info][safepoint] Total time for which application threads were stopped: 0.0000536 seconds, Stopping threads took: 0.0000004 seconds
[56.307s][info][gc       ] [SPS 0.000 0.000 0.000 0.006 0.000 0.001 0.000 0.033 0.014 0.054 NewGC_pause3 56.306182 ]
[56.307s][info][safepoint] Application time: 0.0011592 seconds
[56.308s][info][safepoint] Total time for which application threads were stopped: 0.0001080 seconds, Stopping threads took: 0.0000008 seconds
[56.308s][info][gc       ] [GC New Max 180-166 : 5120 3066 2228 5120 - - 1051 56 2 2 - : 220 1796 28 184 1058 : 216 4 840 840 0 : 0 1 108 0 110 - 0 : 0.155061 3933.9 0.0 0.058551 3825.7 0.0 : 3 --c 0000 : 23 0 0.000 0.000 0 0.000 0.000 0 0.000 0.000 : 56.249156 56.250676 0.000242 56.304601 0.000109 56.306129 0.000036 56.307342 0.000062 : 56.307707 ]
[56.308s][info][gc       ] [SYSINFO 7333 227 63 0 6776 0 30 0 0 5703 : - - - - - - - - : 0 7168 : 3.66 3.13 2.07 : 292739 4277776 : 0 0 : 14 0 : 3877 3 0 261 : - 7410384896 682364928 1199550464 5905219584 238030848 67043328 : 140073237 29956330 736600 0 0 0 : 56.307927 ]
[56.308s][info][gc       ] [HUGEPAGESTAT 0 0 0 - 110774 0 0 : 393216 0 0 : 56.307927 ]
[56.308s][info][gc       ] [OBJCREAT 160178090 25292 8658944 : 56.307969 ]
[56.308s][info][gc       ] [HMSV All : 0 0 50 0 0 0 0 0 : 4960 0 0 0 : 56.307982 ]
[56.308s][info][gc       ] [HMSP 9 : 41100 0 : 56.307982 ]
[56.308s][info][gc       ] [SPS 0.000 0.003 0.003 0.010 0.001 0.001 0.000 0.065 0.030 0.108 NewGC_pause4 56.307450 ]
[56.308s][info][gc       ] [VMAC 65530 166 24 435 625 : 56.308422 ]
[56.468s][info][gc       ] [GPGC-H  4104.4 499.7 1.8 0.0 : 192.5 : 0.000 0.000 : 0.000 0.000 0.642 1.260 : 0.000 0.000 0.000 0.000 1.777 0.608 : 0.000 : 92.181 : 816 1796 28 0 : 2274 : 4608 4424 : 56.467880 : 9 Next_heuristic_check_may_be_too_late ]
[56.471s][info][safepoint] Application time: 0.1626707 seconds
[56.471s][info][safepoint] Total time for which application threads were stopped: 0.0003885 seconds, Stopping threads took: 0.0000004 seconds
[56.471s][info][gc       ] [SPS 0.000 0.003 0.003 0.007 0.000 0.001 0.000 0.356 0.024 0.389 NewGC_pause1 56.470510 ]
[56.526s][info][safepoint] Application time: 0.0554736 seconds
[56.527s][info][safepoint] Total time for which application threads were stopped: 0.0001233 seconds, Stopping threads took: 0.0000004 seconds
[56.527s][info][gc       ] [SPS 0.000 0.001 0.000 0.006 0.000 0.001 0.000 0.098 0.019 0.124 NewGC_pause2 56.526107 ]
[56.528s][info][safepoint] Application time: 0.0018101 seconds
[56.528s][info][safepoint] Total time for which application threads were stopped: 0.0001083 seconds, Stopping threads took: 0.0000004 seconds
[56.529s][info][gc       ] [SPS 0.000 0.000 0.000 0.006 0.000 0.001 0.000 0.089 0.013 0.108 NewGC_pause3 56.528025 ]
[56.529s][info][safepoint] Application time: 0.0011201 seconds
[56.529s][info][safepoint] Total time for which application threads were stopped: 0.0001112 seconds, Stopping threads took: 0.0000004 seconds
[56.530s][info][gc       ] [SPS 0.000 0.002 0.002 0.005 0.000 0.001 0.000 0.092 0.013 0.111 NewGC_pause4 56.529256 ]
[56.530s][info][gc       ] [GC New Max 181-167 : 5120 3062 2242 5120 - - 1051 56 2 2 - : 234 1796 28 184 1054 : 230 4 822 822 0 : 0 1 115 0 117 - 0 : 0.160782 3719.3 0.0 0.060976 3903.1 0.0 : 3 --c 0000 : 23 0 0.000 0.000 0 0.000 0.000 0 0.000 0.000 : 56.468489 56.470121 0.000290 56.525983 0.000061 56.527916 0.000093 56.529145 0.000096 : 56.529466 ]
[56.530s][info][gc       ] [SYSINFO 7333 227 63 0 6776 0 30 0 0 5703 : - - - - - - - - : 0 7168 : 3.66 3.13 2.07 : 292739 4277776 : 0 0 : 14 0 : 3877 4 0 261 : - 7410384896 682364928 1199550464 5905219584 238030848 67043328 : 140073237 29956700 736600 0 0 0 : 56.529684 ]
[56.530s][info][gc       ] [HUGEPAGESTAT 0 0 0 - 110774 0 0 : 393216 0 0 : 56.529684 ]
[56.530s][info][gc       ] [OBJCREAT 161003342 25292 8658944 : 56.529722 ]
[56.530s][info][gc       ] [HMSV All : 0 0 50 0 0 0 0 0 : 4960 0 0 0 : 56.529736 ]
[56.530s][info][gc       ] [HMSP 9 : 41100 0 : 56.529736 ]
[56.530s][info][gc       ] [VMAC 65530 166 24 435 625 : 56.530133 ]
[56.690s][info][gc       ] [GPGC-H  4104.4 499.7 1.8 0.0 : 192.5 : 0.000 0.000 : 0.000 0.000 0.637 1.260 : 0.000 0.000 0.000 0.000 1.761 0.608 : 0.000 : 91.521 : 886 1796 28 0 : 2274 : 4608 4424 : 56.690183 : 9 Next_heuristic_check_may_be_too_late ]
[56.693s][info][safepoint] Application time: 0.1631550 seconds
[56.693s][info][safepoint] Total time for which application threads were stopped: 0.0003106 seconds, Stopping threads took: 0.0000008 seconds
[56.694s][info][gc       ] [SPS 0.000 0.004 0.003 0.011 0.001 0.001 0.001 0.279 0.018 0.310 NewGC_pause1 56.692722 ]
[56.748s][info][safepoint] Application time: 0.0549181 seconds
[56.748s][info][safepoint] Total time for which application threads were stopped: 0.0001354 seconds, Stopping threads took: 0.0000026 seconds
[56.749s][info][gc       ] [SPS 0.000 0.001 0.000 0.005 0.003 0.001 0.000 0.109 0.018 0.135 NewGC_pause2 56.747776 ]
[56.749s][info][safepoint] Application time: 0.0015873 seconds
[56.750s][info][safepoint] Total time for which application threads were stopped: 0.0000751 seconds, Stopping threads took: 0.0000004 seconds
[56.751s][info][gc       ] [SPS 0.000 0.000 0.000 0.005 0.000 0.001 0.000 0.056 0.012 0.075 NewGC_pause3 56.749438 ]
[56.751s][info][safepoint] Application time: 0.0013176 seconds
[56.751s][info][safepoint] Total time for which application threads were stopped: 0.0000583 seconds, Stopping threads took: 0.0000004 seconds
[56.751s][info][gc       ] [SPS 0.000 0.002 0.001 0.005 0.000 0.001 0.000 0.040 0.012 0.058 NewGC_pause4 56.750814 ]
[56.751s][info][gc       ] [GC New Max 182-168 : 5120 3126 2236 5120 - - 1051 56 2 2 - : 228 1796 28 184 1118 : 222 4 894 894 0 : 0 1 111 0 114 - 0 : 0.161198 4057.1 0.0 0.060382 3875.3 0.0 : 3 --c 0000 : 23 0 0.000 0.000 0 0.000 0.000 0 0.000 0.000 : 56.690664 56.692412 0.000249 56.747640 0.000082 56.749363 0.000059 56.750756 0.000043 : 56.751046 ]
[56.751s][info][gc       ] [SYSINFO 7333 227 63 0 6776 0 30 0 0 5703 : - - - - - - - - : 0 7168 : 3.66 3.13 2.07 : 292739 4277776 : 0 0 : 14 0 : 3877 2 0 261 : - 7410384896 682364928 1199550464 5905219584 238030848 67043328 : 140073237 29957080 736640 0 0 0 : 56.751286 ]
[56.751s][info][gc       ] [HUGEPAGESTAT 0 0 0 - 110774 0 0 : 393216 0 0 : 56.751286 ]
[56.751s][info][gc       ] [OBJCREAT 161881763 25292 8658944 : 56.751355 ]
[56.751s][info][gc       ] [HMSV All : 0 0 50 0 0 0 0 0 : 4960 0 0 0 : 56.751369 ]
[56.751s][info][gc       ] [HMSP 9 : 41100 0 : 56.751369 ]
[56.752s][info][gc       ] [VMAC 65530 166 24 435 625 : 56.751788 ]
[56.911s][info][gc       ] [GPGC-H  4104.4 499.7 1.8 0.0 : 192.5 : 0.000 0.000 : 0.000 0.000 0.631 1.260 : 0.000 0.000 0.000 0.000 1.744 0.608 : 0.000 : 90.866 : 842 1796 28 0 : 2274 : 4608 4424 : 56.910927 : 9 Next_heuristic_check_may_be_too_late ]
[56.913s][info][safepoint] Application time: 0.1622496 seconds
[56.914s][info][safepoint] Total time for which application threads were stopped: 0.0004026 seconds, Stopping threads took: 0.0000004 seconds
[56.914s][info][gc       ] [SPS 0.000 0.003 0.002 0.006 0.000 0.001 0.000 0.376 0.019 0.403 NewGC_pause1 56.913467 ]
[56.968s][info][safepoint] Application time: 0.0545735 seconds
[56.969s][info][safepoint] Total time for which application threads were stopped: 0.0001269 seconds, Stopping threads took: 0.0000004 seconds
[56.969s][info][gc       ] [SPS 0.000 0.001 0.000 0.006 0.000 0.001 0.000 0.099 0.020 0.127 NewGC_pause2 56.968167 ]
[56.970s][info][safepoint] Application time: 0.0019548 seconds
[56.970s][info][safepoint] Total time for which application threads were stopped: 0.0000558 seconds, Stopping threads took: 0.0000004 seconds
[56.971s][info][gc       ] [SPS 0.000 0.000 0.000 0.006 0.000 0.001 0.000 0.036 0.013 0.056 NewGC_pause3 56.970178 ]
[56.971s][info][safepoint] Application time: 0.0009167 seconds
[56.971s][info][safepoint] Total time for which application threads were stopped: 0.0000630 seconds, Stopping threads took: 0.0000004 seconds
[56.972s][info][gc       ] [SPS 0.000 0.002 0.002 0.006 0.000 0.001 0.000 0.039 0.016 0.063 NewGC_pause4 56.971157 ]
[56.972s][info][gc       ] [GC New Max 183-169 : 5120 3068 2222 5120 - - 1051 56 2 2 - : 212 1796 30 184 1058 : 208 4 849 849 0 : 0 1 104 0 106 - 0 : 0.160402 3840.3 0.0 0.059945 3603.3 33.4 : 3 --c 0000 : 23 0 0.000 0.000 0 0.000 0.000 0 0.000 0.000 : 56.911448 56.913064 0.000268 56.968040 0.000047 56.970122 0.000039 56.971095 0.000043 : 56.971394 ]
[56.972s][info][gc       ] [SYSINFO 7333 227 63 0 6776 0 30 0 0 5703 : - - - - - - - - : 0 7168 : 3.66 3.13 2.07 : 292739 4277776 : 0 0 : 14 0 : 3877 2 0 261 : - 7410384896 682364928 1199550464 5905219584 238030848 67043328 : 140073237 29957490 736720 0 0 0 : 56.971645 ]
[56.972s][info][gc       ] [HUGEPAGESTAT 0 0 0 - 110774 0 0 : 393216 0 0 : 56.971645 ]
[56.972s][info][gc       ] [OBJCREAT 162707747 25292 8658944 : 56.971700 ]
[56.972s][info][gc       ] [HMSV All : 0 0 50 0 0 0 0 0 : 4960 0 0 0 : 56.971713 ]
[56.972s][info][gc       ] [HMSP 9 : 41100 0 : 56.971713 ]
[56.972s][info][gc       ] [VMAC 65530 166 24 435 625 : 56.972228 ]
[57.131s][info][gc       ] [GPGC-H  4104.4 499.7 1.8 0.0 : 192.5 : 0.000 0.000 : 0.000 0.000 0.625 1.260 : 0.000 0.000 0.000 0.000 1.728 0.608 : 0.000 : 90.221 : 846 1796 30 0 : 2274 : 4608 4424 : 57.130887 : 9 Next_heuristic_check_may_be_too_late ]
[57.133s][info][safepoint] Application time: 0.1617712 seconds
[57.134s][info][safepoint] Total time for which application threads were stopped: 0.0003031 seconds, Stopping threads took: 0.0000004 seconds
[57.135s][info][gc       ] [SPS 0.000 0.003 0.002 0.006 0.000 0.001 0.000 0.278 0.018 0.303 NewGC_pause1 57.133232 ]
[57.187s][info][safepoint] Application time: 0.0540801 seconds
[57.188s][info][safepoint] Total time for which application threads were stopped: 0.0001447 seconds, Stopping threads took: 0.0000004 seconds
[57.188s][info][gc       ] [SPS 0.000 0.001 0.000 0.006 0.000 0.001 0.000 0.119 0.019 0.145 NewGC_pause2 57.187457 ]
[57.189s][info][safepoint] Application time: 0.0016798 seconds
[57.190s][info][safepoint] Total time for which application threads were stopped: 0.0000666 seconds, Stopping threads took: 0.0000004 seconds
[57.190s][info][gc       ] [SPS 0.000 0.000 0.000 0.006 0.000 0.001 0.000 0.043 0.017 0.067 NewGC_pause3 57.189203 ]
[57.190s][info][safepoint] Application time: 0.0010431 seconds
[57.191s][info][safepoint] Total time for which application threads were stopped: 0.0001017 seconds, Stopping threads took: 0.0000004 seconds
[57.191s][info][gc       ] [SPS 0.000 0.002 0.002 0.005 0.000 0.001 0.000 0.083 0.012 0.102 NewGC_pause4 57.190348 ]
[57.191s][info][gc       ] [GC New Max 184-170 : 5120 3090 2240 5120 - - 1051 56 2 2 - : 230 1796 30 184 1080 : 226 4 852 852 0 : 0 1 113 0 115 - 0 : 0.159972 3975.7 0.0 0.059289 3946.8 0.0 : 3 --c 0000 : 23 0 0.000 0.000 0 0.000 0.000 0 0.000 0.000 : 57.131366 57.132929 0.000236 57.187312 0.000083 57.189137 0.000044 57.190247 0.000087 : 57.190655 ]
[57.191s][info][gc       ] [SYSINFO 7333 227 63 0 6776 0 30 0 0 5703 : - - - - - - - - : 0 7168 : 3.66 3.13 2.07 : 292739 4277776 : 0 0 : 14 0 : 3877 2 0 261 : - 7410384896 682364928 1199550464 5905219584 238030848 67043328 : 140073237 29957880 736800 0 0 0 : 57.190896 ]
[57.191s][info][gc       ] [HUGEPAGESTAT 0 0 0 - 110774 0 0 : 393216 0 0 : 57.190896 ]
[57.191s][info][gc       ] [OBJCREAT 163566963 25292 8658944 : 57.190934 ]
[57.191s][info][gc       ] [HMSV All : 0 0 50 0 0 0 0 0 : 4960 0 0 0 : 57.190949 ]
[57.191s][info][gc       ] [HMSP 9 : 41100 0 : 57.190949 ]
[57.191s][info][gc       ] [VMAC 65530 166 24 435 625 : 57.191367 ]
[57.350s][info][gc       ] [GPGC-H  4104.4 499.7 1.8 0.0 : 192.5 : 0.000 0.000 : 0.000 0.000 0.619 1.260 : 0.000 0.000 0.000 0.000 1.712 0.608 : 0.000 : 89.584 : 886 1796 30 0 : 2274 : 4608 4424 : 57.349571 : 9 Next_heuristic_check_may_be_too_late ]
[57.352s][info][safepoint] Application time: 0.1613595 seconds
[57.352s][info][safepoint] Total time for which application threads were stopped: 0.0003362 seconds, Stopping threads took: 0.0000004 seconds
[57.353s][info][gc       ] [SPS 0.000 0.003 0.002 0.006 0.000 0.001 0.000 0.311 0.018 0.336 NewGC_pause1 57.352044 ]
[57.406s][info][safepoint] Application time: 0.0540768 seconds
[57.407s][info][safepoint] Total time for which application threads were stopped: 0.0001688 seconds, Stopping threads took: 0.0000004 seconds
[57.407s][info][gc       ] [SPS 0.000 0.001 0.000 0.006 0.000 0.001 0.000 0.134 0.027 0.169 NewGC_pause2 57.406290 ]
[57.409s][info][safepoint] Application time: 0.0024890 seconds
[57.409s][info][safepoint] Total time for which application threads were stopped: 0.0001229 seconds, Stopping threads took: 0.0000004 seconds
[57.409s][info][gc       ] [SPS 0.000 0.000 0.000 0.006 0.000 0.001 0.000 0.102 0.013 0.123 NewGC_pause3 57.408902 ]
[57.410s][info][safepoint] Application time: 0.0010989 seconds
[57.410s][info][safepoint] Total time for which application threads were stopped: 0.0000731 seconds, Stopping threads took: 0.0000005 seconds
[57.410s][info][gc       ] [SPS 0.000 0.002 0.002 0.006 0.000 0.001 0.000 0.046 0.020 0.073 NewGC_pause4 57.410074 ]
[57.411s][info][gc       ] [GC New Max 185-171 : 5120 3126 2236 5120 - - 1051 56 2 2 - : 224 1796 30 184 1116 : 222 4 892 892 0 : 0 1 111 0 113 - 0 : 0.159455 4126.5 0.0 0.060199 3787.4 0.0 : 3 --c 0000 : 23 0 0.000 0.000 0 0.000 0.000 0 0.000 0.000 : 57.350110 57.351708 0.000236 57.406121 0.000090 57.408779 0.000106 57.410001 0.000049 : 57.410309 ]
[57.411s][info][gc       ] [SYSINFO 7333 227 63 0 6776 0 30 0 0 5703 : - - - - - - - - : 0 7168 : 3.66 3.13 2.07 : 292739 4277776 : 0 0 : 14 0 : 3877 3 0 261 : - 7410384896 682364928 1199550464 5905219584 238030848 67043328 : 140073237 29958260 736870 0 0 0 : 57.410553 ]
[57.411s][info][gc       ] [HUGEPAGESTAT 0 0 0 - 110774 0 0 : 393216 0 0 : 57.410553 ]
[57.411s][info][gc       ] [OBJCREAT 164445723 25292 8658944 : 57.410604 ]
[57.411s][info][gc       ] [HMSV All : 0 0 50 0 0 0 0 0 : 4960 0 0 0 : 57.410618 ]
[57.411s][info][gc       ] [HMSP 9 : 41100 0 : 57.410618 ]
[57.411s][info][gc       ] [VMAC 65530 166 24 435 625 : 57.411095 ]
[57.571s][info][gc       ] [GPGC-H  4075.0 499.7 1.8 0.0 : 192.5 : 0.000 0.000 : 0.000 0.000 0.614 1.260 : 0.000 0.000 0.000 0.000 1.697 0.608 : 0.000 : 88.957 : 836 1796 30 0 : 2274 : 4608 4424 : 57.571033 : 9 Next_heuristic_check_may_be_too_late ]
[57.574s][info][safepoint] Application time: 0.1635668 seconds
[57.574s][info][safepoint] Total time for which application threads were stopped: 0.0003210 seconds, Stopping threads took: 0.0000005 seconds
[57.575s][info][gc       ] [SPS 0.000 0.003 0.003 0.006 0.000 0.001 0.000 0.283 0.031 0.321 NewGC_pause1 57.573962 ]
[57.629s][info][safepoint] Application time: 0.0546155 seconds
[57.630s][info][safepoint] Total time for which application threads were stopped: 0.0001945 seconds, Stopping threads took: 0.0000004 seconds
[57.630s][info][gc       ] [SPS 0.000 0.001 0.000 0.006 0.000 0.001 0.000 0.157 0.030 0.195 NewGC_pause2 57.628772 ]
[57.631s][info][safepoint] Application time: 0.0022082 seconds
[57.631s][info][safepoint] Total time for which application threads were stopped: 0.0000733 seconds, Stopping threads took: 0.0000004 seconds
[57.632s][info][gc       ] [SPS 0.000 0.000 0.000 0.006 0.000 0.001 0.000 0.049 0.017 0.073 NewGC_pause3 57.631054 ]
[57.632s][info][safepoint] Application time: 0.0011266 seconds
[57.632s][info][safepoint] Total time for which application threads were stopped: 0.0000597 seconds, Stopping threads took: 0.0000004 seconds
[57.633s][info][gc       ] [SPS 0.000 0.002 0.002 0.006 0.000 0.001 0.000 0.040 0.013 0.060 NewGC_pause4 57.632240 ]
[57.633s][info][gc       ] [GC New Max 186-172 : 5120 3060 2220 5120 - - 1051 56 2 2 - : 210 1796 30 184 1050 : 206 4 842 842 0 : 0 1 103 0 105 - 0 : 0.161534 3801.0 0.0 0.060621 3530.1 0.0 : 3 --c 0000 : 23 0 0.000 0.000 0 0.000 0.000 0 0.000 0.000 : 57.571844 57.573641 0.000250 57.628578 0.000111 57.630980 0.000046 57.632180 0.000043 : 57.632465 ]
[57.633s][info][gc       ] [SYSINFO 7333 227 63 0 6776 0 30 0 0 5703 : - - - - - - - - : 0 7168 : 3.66 3.13 2.07 : 292739 4277776 : 0 0 : 14 0 : 3877 2 0 261 : - 7410384896 682364928 1199550464 5905219584 238030848 67043328 : 140073237 29958640 736870 0 0 0 : 57.632685 ]
[57.633s][info][gc       ] [HUGEPAGESTAT 0 0 0 - 110774 0 0 : 393216 0 0 : 57.632685 ]
[57.633s][info][gc       ] [OBJCREAT 165264686 25292 8658944 : 57.632725 ]
[57.633s][info][gc       ] [HMSV All : 0 0 50 0 0 0 0 0 : 4960 0 0 0 : 57.632740 ]
[57.633s][info][gc       ] [HMSP 9 : 41100 0 : 57.632740 ]
[57.633s][info][gc       ] [VMAC 65530 166 24 435 625 : 57.633220 ]
[57.794s][info][gc       ] [GPGC-H  4075.0 499.7 1.8 0.0 : 192.5 : 0.000 0.000 : 0.000 0.000 0.608 1.260 : 0.000 0.000 0.000 0.000 1.681 0.608 : 0.000 : 88.327 : 836 1796 30 0 : 2274 : 4608 4424 : 57.794277 : 9 Next_heuristic_check_may_be_too_late ]
[57.797s][info][safepoint] Application time: 0.1644549 seconds
[57.798s][info][safepoint] Total time for which application threads were stopped: 0.0003441 seconds, Stopping threads took: 0.0000004 seconds
[57.798s][info][gc       ] [SPS 0.000 0.003 0.002 0.006 0.000 0.001 0.000 0.319 0.018 0.344 NewGC_pause1 57.797039 ]
[57.856s][info][safepoint] Application time: 0.0591322 seconds
[57.857s][info][safepoint] Total time for which application threads were stopped: 0.0001174 seconds, Stopping threads took: 0.0000003 seconds
[57.857s][info][gc       ] [SPS 0.000 0.001 0.000 0.005 0.000 0.001 0.000 0.093 0.018 0.118 NewGC_pause2 57.856290 ]
[57.858s][info][safepoint] Application time: 0.0019317 seconds
[57.859s][info][safepoint] Total time for which application threads were stopped: 0.0001368 seconds, Stopping threads took: 0.0000004 seconds
[57.859s][info][gc       ] [SPS 0.000 0.000 0.000 0.005 0.000 0.001 0.000 0.113 0.018 0.137 NewGC_pause3 57.858358 ]
[57.860s][info][safepoint] Application time: 0.0011126 seconds
[57.860s][info][safepoint] Total time for which application threads were stopped: 0.0000581 seconds, Stopping threads took: 0.0000004 seconds
[57.860s][info][gc       ] [SPS 0.000 0.002 0.002 0.005 0.000 0.001 0.000 0.039 0.013 0.058 NewGC_pause4 57.859528 ]
[57.860s][info][gc       ] [GC New Max 187-173 : 5120 3090 2250 5120 - - 1051 56 2 2 - : 240 1796 30 184 1080 : 236 4 843 843 0 : 0 1 118 0 120 - 0 : 0.162456 3865.7 0.0 0.064851 3762.5 0.0 : 3 --c 0000 : 23 0 0.000 0.000 0 0.000 0.000 0 0.000 0.000 : 57.794920 57.796695 0.000220 57.856172 0.000058 57.858221 0.000083 57.859470 0.000042 : 57.859771 ]
[57.860s][info][gc       ] [SYSINFO 7333 227 63 0 6776 0 30 0 0 5703 : - - - - - - - - : 0 7168 : 3.66 3.13 2.07 : 292739 4277776 : 0 0 : 14 0 : 3877 2 0 261 : - 7410384896 682364928 1199550464 5905219584 238030848 67043328 : 140073237 29959020 736870 0 0 0 : 57.860013 ]
[57.860s][info][gc       ] [HUGEPAGESTAT 0 0 0 - 110774 0 0 : 393216 0 0 : 57.860013 ]
[57.860s][info][gc       ] [OBJCREAT 166126112 25292 8658944 : 57.860052 ]
[57.860s][info][gc       ] [HMSV All : 0 0 50 0 0 0 0 0 : 4960 0 0 0 : 57.860065 ]
[57.860s][info][gc       ] [HMSP 9 : 41100 0 : 57.860065 ]
[57.860s][info][gc       ] [VMAC 65530 166 24 435 625 : 57.860487 ]
[58.021s][info][gc       ] [GPGC-H  4075.0 499.7 1.8 0.0 : 192.5 : 0.000 0.000 : 0.000 0.000 0.602 1.260 : 0.000 0.000 0.000 0.000 1.665 0.608 : 0.000 : 87.702 : 850 1796 30 0 : 2274 : 4608 4424 : 58.020991 : 9 Next_heuristic_check_may_be_too_late ]
[58.023s][info][safepoint] Application time: 0.1635726 seconds
[58.024s][info][safepoint] Total time for which application threads were stopped: 0.0002893 seconds, Stopping threads took: 0.0000004 seconds
[58.024s][info][gc       ] [SPS 0.000 0.003 0.002 0.006 0.000 0.001 0.000 0.262 0.020 0.289 NewGC_pause1 58.023390 ]
[58.077s][info][safepoint] Application time: 0.0538651 seconds
[58.078s][info][safepoint] Total time for which application threads were stopped: 0.0001172 seconds, Stopping threads took: 0.0000004 seconds
[58.078s][info][gc       ] [SPS 0.000 0.001 0.000 0.006 0.000 0.001 0.000 0.092 0.018 0.117 NewGC_pause2 58.077373 ]
[58.079s][info][safepoint] Application time: 0.0019465 seconds
[58.080s][info][safepoint] Total time for which application threads were stopped: 0.0000516 seconds, Stopping threads took: 0.0000004 seconds
[58.080s][info][gc       ] [SPS 0.000 0.000 0.000 0.005 0.000 0.001 0.000 0.033 0.012 0.052 NewGC_pause3 58.079371 ]
[58.080s][info][safepoint] Application time: 0.0009941 seconds
[58.081s][info][safepoint] Total time for which application threads were stopped: 0.0000604 seconds, Stopping threads took: 0.0000004 seconds
[58.081s][info][gc       ] [SPS 0.000 0.002 0.002 0.009 0.000 0.001 0.000 0.037 0.013 0.060 NewGC_pause4 58.080425 ]
[58.081s][info][gc       ] [GC New Max 188-174 : 5120 3092 2240 5120 - - 1051 56 2 2 - : 230 1796 30 184 1082 : 226 4 855 855 0 : 0 1 113 0 115 - 0 : 0.161718 3784.4 0.0 0.059152 3922.1 0.0 : 3 --c 0000 : 23 0 0.000 0.000 0 0.000 0.000 0 0.000 0.000 : 58.021489 58.023101 0.000216 58.077255 0.000060 58.079319 0.000036 58.080365 0.000044 : 58.080641 ]
[58.081s][info][gc       ] [SYSINFO 7333 227 63 0 6776 0 30 0 0 5703 : - - - - - - - - : 0 7168 : 3.66 3.13 2.07 : 292739 4277776 : 0 0 : 14 0 : 3877 4 0 261 : - 7410384896 682364928 1199550464 5905219584 238030848 67043328 : 140073237 29959410 736870 0 0 0 : 58.080841 ]
[58.081s][info][gc       ] [HUGEPAGESTAT 0 0 0 - 110774 0 0 : 393216 0 0 : 58.080841 ]
[58.081s][info][gc       ] [OBJCREAT 166962471 25292 8658944 : 58.080878 ]
[58.081s][info][gc       ] [HMSV All : 0 0 50 0 0 0 0 0 : 4960 0 0 0 : 58.080891 ]
[58.081s][info][gc       ] [HMSP 9 : 41100 0 : 58.080891 ]
[58.081s][info][gc       ] [VMAC 65530 166 24 435 625 : 58.081274 ]
[58.238s][info][gc       ] [GPGC-H  4075.0 499.7 1.8 0.0 : 192.5 : 0.000 0.000 : 0.000 0.000 0.597 1.260 : 0.000 0.000 0.000 0.000 1.650 0.608 : 0.000 : 87.083 : 830 1796 30 0 : 2274 : 4608 4424 : 58.238040 : 9 Next_heuristic_check_may_be_too_late ]
[58.240s][info][safepoint] Application time: 0.1595808 seconds
[58.241s][info][safepoint] Total time for which application threads were stopped: 0.0003129 seconds, Stopping threads took: 0.0000005 seconds
[58.241s][info][gc       ] [SPS 0.000 0.003 0.002 0.006 0.000 0.001 0.000 0.286 0.020 0.313 NewGC_pause1 58.240319 ]
[58.294s][info][safepoint] Application time: 0.0537422 seconds
[58.295s][info][safepoint] Total time for which application threads were stopped: 0.0001506 seconds, Stopping threads took: 0.0000004 seconds
[58.296s][info][gc       ] [SPS 0.000 0.001 0.000 0.006 0.000 0.001 0.000 0.125 0.018 0.151 NewGC_pause2 58.294212 ]
[58.297s][info][safepoint] Application time: 0.0022862 seconds
[58.297s][info][safepoint] Total time for which application threads were stopped: 0.0001501 seconds, Stopping threads took: 0.0000004 seconds
[58.297s][info][gc       ] [SPS 0.000 0.000 0.000 0.005 0.000 0.001 0.000 0.126 0.018 0.150 NewGC_pause3 58.296649 ]
[58.298s][info][safepoint] Application time: 0.0010231 seconds
[58.298s][info][safepoint] Total time for which application threads were stopped: 0.0000691 seconds, Stopping threads took: 0.0000004 seconds
[58.298s][info][gc       ] [SPS 0.000 0.002 0.002 0.011 0.000 0.001 0.000 0.044 0.013 0.069 NewGC_pause4 58.297741 ]
[58.298s][info][gc       ] [GC New Max 189-175 : 5120 3074 2242 5120 - - 1051 56 2 2 - : 232 1796 30 184 1064 : 228 4 835 835 0 : 0 1 114 0 116 - 0 : 0.157850 3801.1 0.0 0.059492 3966.9 0.0 : 3 --c 0000 : 23 0 0.000 0.000 0 0.000 0.000 0 0.000 0.000 : 58.238491 58.240006 0.000247 58.294062 0.000052 58.296498 0.000097 58.297672 0.000053 : 58.297983 ]
[58.298s][info][gc       ] [SYSINFO 7333 227 63 0 6776 0 30 0 0 5703 : - - - - - - - - : 0 7168 : 3.66 3.13 2.07 : 292739 4277776 : 0 0 : 14 0 : 3877 2 0 261 : - 7410384896 682364928 1199550464 5905219584 238030848 67043328 : 140073237 29959770 736890 0 0 0 : 58.298227 ]
[58.298s][info][gc       ] [HUGEPAGESTAT 0 0 0 - 110774 0 0 : 393216 0 0 : 58.298227 ]
[58.298s][info][gc       ] [OBJCREAT 167792348 25292 8658944 : 58.298263 ]
[58.298s][info][gc       ] [HMSV All : 0 0 50 0 0 0 0 0 : 4960 0 0 0 : 58.298276 ]
[58.298s][info][gc       ] [HMSP 9 : 41100 0 : 58.298276 ]
[58.299s][info][gc       ] [VMAC 65530 166 24 435 625 : 58.298655 ]
[58.460s][info][gc       ] [GPGC-H  4075.0 455.3 1.6 0.0 : 175.4 : 0.000 0.000 : 0.000 0.000 0.591 1.260 : 0.000 0.000 0.000 0.000 1.635 0.608 : 0.000 : 86.487 : 862 1796 30 0 : 2274 : 4608 4424 : 58.460230 : 9 Next_heuristic_check_may_be_too_late ]
[58.463s][info][safepoint] Application time: 0.1647986 seconds
[58.463s][info][safepoint] Total time for which application threads were stopped: 0.0003146 seconds, Stopping threads took: 0.0000004 seconds
[58.463s][info][gc       ] [SPS 0.000 0.002 0.002 0.006 0.000 0.001 0.000 0.288 0.019 0.315 NewGC_pause1 58.462854 ]
[58.522s][info][safepoint] Application time: 0.0588401 seconds
[58.523s][info][safepoint] Total time for which application threads were stopped: 0.0001954 seconds, Stopping threads took: 0.0000004 seconds
[58.523s][info][gc       ] [SPS 0.000 0.001 0.000 0.006 0.000 0.001 0.000 0.158 0.030 0.195 NewGC_pause2 58.521890 ]
[58.524s][info][safepoint] Application time: 0.0024599 seconds
[58.525s][info][safepoint] Total time for which application threads were stopped: 0.0000729 seconds, Stopping threads took: 0.0000004 seconds
[58.525s][info][gc       ] [SPS 0.000 0.000 0.000 0.006 0.000 0.001 0.000 0.047 0.018 0.073 NewGC_pause3 58.524423 ]
[58.526s][info][safepoint] Application time: 0.0012324 seconds
[58.526s][info][safepoint] Total time for which application threads were stopped: 0.0000613 seconds, Stopping threads took: 0.0000005 seconds
[58.526s][info][gc       ] [SPS 0.000 0.002 0.002 0.006 0.000 0.001 0.000 0.040 0.014 0.061 NewGC_pause4 58.525717 ]
[58.526s][info][gc       ] [GC New Max 190-176 : 5120 3100 2236 5120 - - 1051 56 2 2 - : 226 1796 30 184 1090 : 222 4 867 867 0 : 0 1 111 0 113 - 0 : 0.162671 3872.8 0.0 0.065312 3521.6 0.0 : 3 --c 0000 : 23 0 0.000 0.000 0 0.000 0.000 0 0.000 0.000 : 58.460655 58.462540 0.000242 58.521695 0.000113 58.524350 0.000043 58.525655 0.000043 : 58.525966 ]
[58.526s][info][gc       ] [SYSINFO 7333 227 63 0 6776 0 30 0 0 5703 : - - - - - - - - : 0 7168 : 3.66 3.13 2.07 : 292739 4277776 : 0 0 : 14 0 : 3877 4 0 261 : - 7410384896 682364928 1199550464 5905219584 238030848 67043328 : 140073237 29960150 736890 0 0 0 : 58.526179 ]
[58.526s][info][gc       ] [HUGEPAGESTAT 0 0 0 - 110774 0 0 : 393216 0 0 : 58.526179 ]
[58.526s][info][gc       ] [OBJCREAT 168644281 25292 8658944 : 58.526221 ]
[58.526s][info][gc       ] [HMSV All : 0 0 50 0 0 0 0 0 : 4960 0 0 0 : 58.526236 ]
[58.526s][info][gc       ] [HMSP 9 : 41100 0 : 58.526236 ]
[58.527s][info][gc       ] [VMAC 65530 166 24 435 625 : 58.526636 ]
[58.688s][info][gc       ] [GPGC-H  4075.0 455.3 1.6 0.0 : 175.4 : 0.000 0.000 : 0.000 0.000 0.586 1.260 : 0.000 0.000 0.000 0.000 1.619 0.608 : 0.000 : 85.880 : 874 1796 30 0 : 2274 : 4608 4424 : 58.687841 : 9 Next_heuristic_check_may_be_too_late ]
[58.690s][info][safepoint] Application time: 0.1641231 seconds
[58.691s][info][safepoint] Total time for which application threads were stopped: 0.0002999 seconds, Stopping threads took: 0.0000004 seconds
[58.691s][info][gc       ] [SPS 0.000 0.003 0.002 0.005 0.000 0.001 0.000 0.276 0.017 0.300 NewGC_pause1 58.690140 ]
[58.745s][info][safepoint] Application time: 0.0552081 seconds
[58.746s][info][safepoint] Total time for which application threads were stopped: 0.0001103 seconds, Stopping threads took: 0.0000004 seconds
[58.746s][info][gc       ] [SPS 0.000 0.001 0.000 0.006 0.000 0.001 0.000 0.087 0.016 0.110 NewGC_pause2 58.745458 ]
[58.748s][info][safepoint] Application time: 0.0020166 seconds
[58.748s][info][safepoint] Total time for which application threads were stopped: 0.0000989 seconds, Stopping threads took: 0.0000004 seconds
[58.748s][info][gc       ] [SPSH lock suspend gclocker notify wait resuspend cleanup op_time wakeup total(ms) op_name end(s) ]
[58.748s][info][gc       ] [SPS 0.000 0.000 0.000 0.005 0.000 0.001 0.000 0.071 0.013 0.091 NewGC_pause3 58.747574 ]
[58.749s][info][safepoint] Application time: 0.0010638 seconds
[58.749s][info][safepoint] Total time for which application threads were stopped: 0.0000587 seconds, Stopping threads took: 0.0000004 seconds
[58.749s][info][gc       ] [SPS 0.000 0.002 0.002 0.006 0.000 0.001 0.000 0.038 0.013 0.059 NewGC_pause4 58.748696 ]
[58.749s][info][gc       ] [GC New Max 191-177 : 5120 3122 2242 5120 - - 1051 56 2 2 - : 232 1796 30 184 1112 : 230 2 882 882 0 : 0 0 115 0 116 - 0 : 0.162325 4004.3 0.0 0.060684 3921.9 0.0 : 3 --c 0000 : 23 0 0.000 0.000 0 0.000 0.000 0 0.000 0.000 : 58.688292 58.689840 0.000246 58.745348 0.000089 58.747483 0.000075 58.748638 0.000042 : 58.748976 ]
[58.749s][info][gc       ] [SYSINFO 7333 227 63 0 6776 0 30 0 0 5703 : - - - - - - - - : 0 7168 : 3.45 3.10 2.06 : 292739 4277776 : 0 0 : 14 0 : 3877 2 0 261 : - 7410384896 682364928 1199550464 5905219584 238030848 67043328 : 140073237 29960510 736900 0 0 0 : 58.749266 ]
[58.749s][info][gc       ] [HUGEPAGESTAT 0 0 0 - 110774 0 0 : 393216 0 0 : 58.749266 ]
[58.749s][info][gc       ] [OBJCREAT 169520873 25292 8658944 : 58.749308 ]
[58.749s][info][gc       ] [HMSV All : 0 0 50 0 0 0 0 0 : 4960 0 0 0 : 58.749321 ]
[58.749s][info][gc       ] [HMSP 9 : 41100 0 : 58.749321 ]
[58.750s][info][gc       ] [VMAC 65530 166 24 435 625 : 58.749767 ]
[58.911s][info][gc       ] [GPGC-H  4075.0 455.3 1.6 0.0 : 175.4 : 0.000 0.000 : 0.000 0.000 0.580 1.260 : 0.000 0.000 0.000 0.000 1.604 0.608 : 0.000 : 85.279 : 876 1796 30 0 : 2274 : 4608 4424 : 58.911096 : 9 Next_heuristic_check_may_be_too_late ]
[58.914s][info][safepoint] Application time: 0.1653501 seconds
[58.915s][info][safepoint] Total time for which application threads were stopped: 0.0003002 seconds, Stopping threads took: 0.0000004 seconds
[58.915s][info][gc       ] [SPS 0.000 0.003 0.002 0.006 0.000 0.001 0.000 0.274 0.019 0.300 NewGC_pause1 58.914347 ]
[58.971s][info][safepoint] Application time: 0.0559873 seconds
[58.971s][info][safepoint] Total time for which application threads were stopped: 0.0001744 seconds, Stopping threads took: 0.0000004 seconds
[58.971s][info][gc       ] [SPS 0.000 0.001 0.000 0.006 0.000 0.001 0.000 0.147 0.020 0.175 NewGC_pause2 58.970509 ]
[58.972s][info][safepoint] Application time: 0.0019066 seconds
[58.973s][info][safepoint] Total time for which application threads were stopped: 0.0000563 seconds, Stopping threads took: 0.0000004 seconds
[58.973s][info][gc       ] [SPS 0.000 0.000 0.000 0.006 0.000 0.001 0.000 0.036 0.013 0.056 NewGC_pause3 58.972472 ]
[58.974s][info][safepoint] Application time: 0.0010025 seconds
[58.974s][info][safepoint] Total time for which application threads were stopped: 0.0000589 seconds, Stopping threads took: 0.0000004 seconds
[58.974s][info][gc       ] [SPS 0.000 0.002 0.002 0.006 0.000 0.001 0.000 0.039 0.013 0.059 NewGC_pause4 58.973533 ]
[58.974s][info][gc       ] [GC New Max 192-178 : 5120 3116 2234 5120 - - 1051 56 2 2 - : 224 1796 30 184 1106 : 220 4 885 885 0 : 0 1 110 0 112 - 0 : 0.162716 3970.1 0.0 0.062057 3706.3 0.0 : 3 --c 0000 : 23 0 0.000 0.000 0 0.000 0.000 0 0.000 0.000 : 58.911692 58.914047 0.000267 58.970335 0.000111 58.972416 0.000039 58.973475 0.000042 : 58.973749 ]
[58.974s][info][gc       ] [SYSINFO 7333 227 63 0 6776 0 30 0 0 5703 : - - - - - - - - : 0 7168 : 3.45 3.10 2.06 : 292739 4277776 : 0 0 : 14 0 : 3877 2 0 261 : - 7410384896 682364928 1199550464 5905219584 238030848 67043328 : 140073237 29960870 736910 0 0 0 : 58.973962 ]
[58.974s][info][gc       ] [HUGEPAGESTAT 0 0 0 - 110774 0 0 : 393216 0 0 : 58.973962 ]
[58.974s][info][gc       ] [OBJCREAT 170389092 25292 8658944 : 58.974017 ]
[58.974s][info][gc       ] [HMSV All : 0 0 50 0 0 0 0 0 : 4960 0 0 0 : 58.974030 ]
[58.974s][info][gc       ] [HMSP 9 : 41100 0 : 58.974030 ]
[58.975s][info][gc       ] [VMAC 65530 166 24 435 625 : 58.974586 ]
[59.134s][info][gc       ] [GPGC-H  4075.0 455.3 1.6 0.0 : 175.4 : 0.000 0.000 : 0.000 0.000 0.575 1.260 : 0.000 0.000 0.000 0.000 1.589 0.608 : 0.000 : 84.683 : 858 1796 30 0 : 2274 : 4608 4424 : 59.134182 : 9 Next_heuristic_check_may_be_too_late ]
[59.137s][info][safepoint] Application time: 0.1628399 seconds
[59.137s][info][safepoint] Total time for which application threads were stopped: 0.0003836 seconds, Stopping threads took: 0.0000004 seconds
[59.138s][info][gc       ] [SPS 0.000 0.002 0.002 0.006 0.000 0.001 0.000 0.357 0.019 0.384 NewGC_pause1 59.136757 ]
[59.197s][info][safepoint] Application time: 0.0604787 seconds
[59.198s][info][safepoint] Total time for which application threads were stopped: 0.0001977 seconds, Stopping threads took: 0.0000004 seconds
[59.199s][info][gc       ] [SPS 0.000 0.001 0.000 0.006 0.000 0.001 0.000 0.157 0.034 0.198 NewGC_pause2 59.197434 ]
[59.200s][info][safepoint] Application time: 0.0027785 seconds
[59.201s][info][safepoint] Total time for which application threads were stopped: 0.0001189 seconds, Stopping threads took: 0.0000004 seconds
[59.201s][info][gc       ] [SPS 0.000 0.000 0.000 0.006 0.000 0.001 0.000 0.093 0.019 0.119 NewGC_pause3 59.200331 ]
[59.202s][info][safepoint] Application time: 0.0011229 seconds
[59.202s][info][safepoint] Total time for which application threads were stopped: 0.0000639 seconds, Stopping threads took: 0.0000004 seconds
[59.202s][info][gc       ] [SPS 0.000 0.007 0.002 0.005 0.000 0.001 0.000 0.044 0.013 0.064 NewGC_pause4 59.201518 ]
[59.202s][info][gc       ] [GC New Max 193-179 : 5120 3120 2256 5120 - - 1051 56 2 2 - : 246 1796 30 184 1110 : 244 2 868 868 0 : 0 0 122 0 123 - 0 : 0.160940 3951.8 0.0 0.067223 3778.5 0.0 : 3 --c 0000 : 23 0 0.000 0.000 0 0.000 0.000 0 0.000 0.000 : 59.134689 59.136373 0.000280 59.197236 0.000082 59.200212 0.000060 59.201454 0.000047 : 59.201912 ]
[59.202s][info][gc       ] [SYSINFO 7333 227 63 0 6776 0 30 0 0 5703 : - - - - - - - - : 0 7168 : 3.45 3.10 2.06 : 292739 4277776 : 0 0 : 14 0 : 3877 2 0 261 : - 7410384896 682364928 1199550464 5905219584 238030848 67043328 : 140073237 29961260 736930 0 0 0 : 59.202207 ]
[59.202s][info][gc       ] [HUGEPAGESTAT 0 0 0 - 110774 0 0 : 393216 0 0 : 59.202207 ]
[59.202s][info][gc       ] [OBJCREAT 171269344 25292 8658944 : 59.202255 ]
[59.202s][info][gc       ] [HMSV All : 0 0 50 0 0 0 0 0 : 4960 0 0 0 : 59.202270 ]
[59.202s][info][gc       ] [HMSP 9 : 41100 0 : 59.202270 ]
[59.203s][info][gc       ] [VMAC 65530 166 24 435 625 : 59.202799 ]
[59.338s][info][gc       ] [GPGC-H  4075.0 455.3 1.6 0.0 : 175.4 : 0.000 0.000 : 0.000 0.000 0.570 1.260 : 0.000 0.000 0.000 0.000 1.574 0.608 : 0.000 : 84.104 : 834 1796 30 0 : 2274 : 4608 4424 : 59.337903 : 9 Next_heuristic_check_may_be_too_late ]
[59.340s][info][safepoint] Application time: 0.1384542 seconds
[59.341s][info][safepoint] Total time for which application threads were stopped: 0.0002630 seconds, Stopping threads took: 0.0000004 seconds
[59.341s][info][gc       ] [SPS 0.000 0.003 0.002 0.006 0.000 0.001 0.000 0.238 0.018 0.263 NewGC_pause1 59.340236 ]
[59.401s][info][safepoint] Application time: 0.0606117 seconds
[59.402s][info][safepoint] Total time for which application threads were stopped: 0.0001606 seconds, Stopping threads took: 0.0000004 seconds
[59.402s][info][gc       ] [SPS 0.000 0.001 0.000 0.006 0.000 0.001 0.000 0.134 0.019 0.161 NewGC_pause2 59.401008 ]
[59.403s][info][safepoint] Application time: 0.0019770 seconds
[59.403s][info][safepoint] Total time for which application threads were stopped: 0.0001156 seconds, Stopping threads took: 0.0000004 seconds
[59.404s][info][gc       ] [SPS 0.000 0.000 0.000 0.006 0.000 0.001 0.000 0.096 0.013 0.116 NewGC_pause3 59.403101 ]
[59.404s][info][safepoint] Application time: 0.0009491 seconds
[59.404s][info][safepoint] Total time for which application threads were stopped: 0.0000652 seconds, Stopping threads took: 0.0000004 seconds
[59.404s][info][gc       ] [SPS 0.000 0.003 0.002 0.006 0.000 0.001 0.000 0.046 0.013 0.065 NewGC_pause4 59.404115 ]
[59.405s][info][gc       ] [GC New Max 194-180 : 5120 3102 2264 5120 - - 1051 56 2 2 - : 254 1796 30 184 1092 : 252 4 840 840 0 : 0 1 126 0 127 - 0 : 0.136524 4321.6 0.0 0.065975 3910.6 0.0 : 3 --c 0000 : 23 0 0.000 0.000 0 0.000 0.000 0 0.000 0.000 : 59.338436 59.339972 0.000206 59.400847 0.000088 59.402985 0.000099 59.404050 0.000049 : 59.404411 ]
[59.405s][info][gc       ] [SYSINFO 7333 227 63 0 6776 0 30 0 0 5703 : - - - - - - - - : 0 7168 : 3.45 3.10 2.06 : 292739 4277776 : 0 0 : 14 0 : 3877 4 0 261 : - 7410384896 682364928 1199550464 5905219584 238030848 67043328 : 140073237 29961640 736930 0 0 0 : 59.404621 ]
[59.405s][info][gc       ] [HUGEPAGESTAT 0 0 0 - 110774 0 0 : 393216 0 0 : 59.404621 ]
[59.405s][info][gc       ] [OBJCREAT 172110305 25292 8658944 : 59.404660 ]
[59.405s][info][gc       ] [HMSV All : 0 0 50 0 0 0 0 0 : 4960 0 0 0 : 59.404677 ]
[59.405s][info][gc       ] [HMSP 9 : 41100 0 : 59.404677 ]
[59.405s][info][gc       ] [VMAC 65530 166 24 435 625 : 59.405108 ]
[59.564s][info][gc       ] [GPGC-H  4047.5 455.3 1.6 0.0 : 175.4 : 0.000 0.000 : 0.000 0.000 0.565 1.260 : 0.000 0.000 0.000 0.000 1.561 0.608 : 0.000 : 83.624 : 896 1796 30 0 : 2274 : 4608 4424 : 59.564095 : 9 Next_heuristic_check_may_be_too_late ]
[59.567s][info][safepoint] Application time: 0.1620734 seconds
[59.567s][info][safepoint] Total time for which application threads were stopped: 0.0003325 seconds, Stopping threads took: 0.0000004 seconds
[59.567s][info][gc       ] [SPS 0.000 0.003 0.002 0.006 0.000 0.001 0.000 0.306 0.019 0.332 NewGC_pause1 59.566521 ]
[59.621s][info][safepoint] Application time: 0.0544976 seconds
[59.622s][info][safepoint] Total time for which application threads were stopped: 0.0001839 seconds, Stopping threads took: 0.0000004 seconds
[59.622s][info][gc       ] [SPS 0.000 0.001 0.000 0.006 0.000 0.001 0.000 0.137 0.039 0.184 NewGC_pause2 59.621203 ]
[59.623s][info][safepoint] Application time: 0.0018151 seconds
[59.623s][info][safepoint] Total time for which application threads were stopped: 0.0000638 seconds, Stopping threads took: 0.0000004 seconds
[59.624s][info][gc       ] [SPS 0.000 0.000 0.000 0.006 0.000 0.001 0.000 0.043 0.014 0.064 NewGC_pause3 59.623082 ]
[59.624s][info][safepoint] Application time: 0.0010070 seconds
[59.624s][info][safepoint] Total time for which application threads were stopped: 0.0000708 seconds, Stopping threads took: 0.0000004 seconds
[59.625s][info][gc       ] [SPS 0.000 0.002 0.002 0.006 0.000 0.001 0.000 0.047 0.016 0.071 NewGC_pause4 59.624160 ]
[59.625s][info][gc       ] [GC New Max 195-181 : 5120 3136 2236 5120 - - 1051 56 2 2 - : 226 1796 30 184 1126 : 222 4 903 903 0 : 0 1 111 0 113 - 0 : 0.160221 4019.4 0.0 0.059836 3843.8 0.0 : 3 --c 0000 : 23 0 0.000 0.000 0 0.000 0.000 0 0.000 0.000 : 59.564632 59.566189 0.000260 59.621019 0.000073 59.623018 0.000046 59.624089 0.000051 : 59.624469 ]
[59.625s][info][gc       ] [SYSINFO 7333 227 63 0 6776 0 30 0 0 5703 : - - - - - - - - : 0 7168 : 3.45 3.10 2.06 : 292739 4277776 : 0 0 : 14 0 : 3877 4 0 261 : - 7410384896 682364928 1199550464 5905219584 238030848 67043328 : 140073237 29962000 736930 0 0 0 : 59.624676 ]
[59.625s][info][gc       ] [HUGEPAGESTAT 0 0 0 - 110774 0 0 : 393216 0 0 : 59.624676 ]
[59.625s][info][gc       ] [OBJCREAT 172975934 25292 8658944 : 59.624718 ]
[59.625s][info][gc       ] [HMSV All : 0 0 50 0 0 0 0 0 : 4960 0 0 0 : 59.624737 ]
[59.625s][info][gc       ] [HMSP 9 : 41100 0 : 59.624737 ]
[59.625s][info][gc       ] [VMAC 65530 166 24 435 625 : 59.625190 ]
[59.784s][info][gc       ] [GPGC-H  4047.5 455.3 1.6 0.0 : 175.4 : 0.000 0.000 : 0.000 0.000 0.560 1.260 : 0.000 0.000 0.000 0.000 1.546 0.608 : 0.000 : 83.053 : 834 1796 30 0 : 2274 : 4608 4424 : 59.784081 : 9 Next_heuristic_check_may_be_too_late ]
[59.786s][info][safepoint] Application time: 0.1619765 seconds
[59.787s][info][safepoint] Total time for which application threads were stopped: 0.0002981 seconds, Stopping threads took: 0.0000005 seconds
[59.787s][info][gc       ] [SPS 0.000 0.003 0.002 0.006 0.000 0.001 0.000 0.271 0.019 0.298 NewGC_pause1 59.786435 ]
[59.846s][info][safepoint] Application time: 0.0592950 seconds
[59.846s][info][safepoint] Total time for which application threads were stopped: 0.0001483 seconds, Stopping threads took: 0.0000004 seconds
[59.847s][info][gc       ] [SPS 0.000 0.001 0.000 0.006 0.000 0.001 0.000 0.107 0.034 0.149 NewGC_pause2 59.845878 ]
[59.848s][info][safepoint] Application time: 0.0019779 seconds
[59.848s][info][safepoint] Total time for which application threads were stopped: 0.0001664 seconds, Stopping threads took: 0.0000008 seconds
[59.849s][info][gc       ] [SPS 0.000 0.001 0.000 0.010 0.001 0.001 0.000 0.133 0.021 0.167 NewGC_pause3 59.848023 ]
[59.849s][info][safepoint] Application time: 0.0009281 seconds
[59.849s][info][safepoint] Total time for which application threads were stopped: 0.0000662 seconds, Stopping threads took: 0.0000004 seconds
[59.849s][info][gc       ] [SPS 0.000 0.003 0.002 0.006 0.000 0.001 0.000 0.044 0.015 0.066 NewGC_pause4 59.849017 ]
[59.850s][info][gc       ] [GC New Max 196-182 : 5120 3084 2246 5120 - - 1051 56 2 2 - : 236 1796 30 184 1074 : 232 4 841 841 0 : 0 1 116 0 118 - 0 : 0.160161 3821.2 0.0 0.064618 3683.2 0.0 : 3 --c 0000 : 23 0 0.000 0.000 0 0.000 0.000 0 0.000 0.000 : 59.784629 59.786136 0.000228 59.845730 0.000046 59.847856 0.000051 59.848951 0.000046 : 59.849247 ]
[59.850s][info][gc       ] [SYSINFO 7333 227 63 0 6776 0 30 0 0 5703 : - - - - - - - - : 0 7168 : 3.45 3.10 2.06 : 292739 4277776 : 0 0 : 14 0 : 3877 2 0 261 : - 7410384896 682364928 1199550464 5905219584 238030848 67043328 : 140073237 29962370 736930 0 0 0 : 59.849485 ]
[59.850s][info][gc       ] [HUGEPAGESTAT 0 0 0 - 110774 0 0 : 393216 0 0 : 59.849485 ]
[59.850s][info][gc       ] [OBJCREAT 173817900 25292 8658944 : 59.849538 ]
[59.850s][info][gc       ] [HMSV All : 0 0 50 0 0 0 0 0 : 4960 0 0 0 : 59.849554 ]
[59.850s][info][gc       ] [HMSP 9 : 41100 0 : 59.849554 ]
[59.850s][info][gc       ] [VMAC 65530 166 24 435 625 : 59.850003 ]
[59.989s][info][gc       ] [GPGC-H  4047.5 455.3 1.6 0.0 : 175.4 : 0.000 0.000 : 0.000 0.000 0.555 1.260 : 0.000 0.000 0.000 0.000 1.532 0.608 : 0.000 : 82.492 : 944 1796 30 0 : 2274 : 4608 4424 : 59.988498 : 9 Next_heuristic_check_may_be_too_late ]
[59.992s][info][safepoint] Application time: 0.1422410 seconds
[59.992s][info][safepoint] Total time for which application threads were stopped: 0.0003005 seconds, Stopping threads took: 0.0000004 seconds
[59.992s][info][gc       ] [SPS 0.000 0.004 0.002 0.006 0.000 0.001 0.000 0.272 0.020 0.301 NewGC_pause1 59.991559 ]
[60.116s][info][safepoint] Application time: 0.1241425 seconds
[60.117s][info][safepoint] Total time for which application threads were stopped: 0.0001545 seconds, Stopping threads took: 0.0000004 seconds
[60.117s][info][gc       ] [SPS 0.000 0.001 0.000 0.006 0.000 0.001 0.000 0.125 0.022 0.155 NewGC_pause2 60.115856 ]
[60.119s][info][safepoint] Application time: 0.0026087 seconds
[60.119s][info][safepoint] Total time for which application threads were stopped: 0.0002134 seconds, Stopping threads took: 0.0000008 seconds
[60.120s][info][gc       ] [SPS 0.000 0.001 0.000 0.012 0.001 0.001 0.001 0.162 0.037 0.214 NewGC_pause3 60.118679 ]
[60.120s][info][safepoint] Application time: 0.0014331 seconds
[60.121s][info][safepoint] Total time for which application threads were stopped: 0.0001133 seconds, Stopping threads took: 0.0000008 seconds
[60.121s][info][gc       ] [GC New Max 197-183 : 5120 3966 3256 5120 - - 1051 56 2 2 - : 1244 1796 30 184 1956 : 1231 9 721 721 0 : 0 0 495 0 525 - 98 : 0.140005 5099.8 0.0 0.131177 7730.0 0.0 : 3 --c 0000 : 23 0 0.000 0.000 0 0.000 0.000 0 0.000 0.000 : 59.989252 59.991258 0.000240 60.115701 0.000089 60.118465 0.000116 60.120111 0.000077 : 60.120429 ]
[60.121s][info][gc       ] [SYSINFO 7333 227 63 0 6776 0 30 0 0 5703 : - - - - - - - - : 0 7168 : 3.45 3.10 2.06 : 292739 4277776 : 0 0 : 14 0 : 3877 2 0 261 : - 7410384896 682364928 1199550464 5905219584 238030848 67043328 : 140073237 29963000 736930 0 0 0 : 60.120673 ]
[60.121s][info][gc       ] [HUGEPAGESTAT 0 0 0 - 110774 0 0 : 393216 0 0 : 60.120673 ]
[60.121s][info][gc       ] [OBJCREAT 175526453 25292 8658944 : 60.120728 ]
[60.121s][info][gc       ] [HMSV All : 0 0 59 0 0 0 0 0 : 4960 0 0 0 : 60.120746 ]
[60.121s][info][gc       ] [HMSP 9 : 41100 0 : 60.120746 ]
[60.121s][info][gc       ] [SPS 0.000 0.004 0.003 0.011 0.001 0.001 0.001 0.074 0.025 0.113 NewGC_pause4 60.120225 ]
[60.121s][info][gc       ] [VMAC 65530 166 24 435 625 : 60.121221 ]
[60.166s][info][gc       ] [GPGC-H  4047.5 455.3 1.6 0.0 : 175.4 : 0.000 0.000 : 0.000 0.000 0.550 1.260 : 0.000 0.000 0.000 0.000 1.515 0.608 : 0.000 : 82.067 : 1836 1796 30 0 : 2274 : 4608 4424 : 60.165622 : 9 Next_heuristic_check_may_be_too_late ]
[60.169s][info][safepoint] Application time: 0.0482368 seconds
[60.169s][info][safepoint] Total time for which application threads were stopped: 0.0003117 seconds, Stopping threads took: 0.0000004 seconds
[60.170s][info][gc       ] [SPS 0.000 0.002 0.002 0.006 0.000 0.001 0.000 0.285 0.020 0.312 NewGC_pause1 60.168773 ]
[60.617s][info][safepoint] Application time: 0.4477674 seconds
[60.617s][info][safepoint] Total time for which application threads were stopped: 0.0001215 seconds, Stopping threads took: 0.0000004 seconds
[60.618s][info][gc       ] [SPS 0.000 0.002 0.000 0.006 0.000 0.001 0.000 0.095 0.018 0.122 NewGC_pause2 60.616663 ]
[60.619s][info][safepoint] Application time: 0.0022987 seconds
[60.619s][info][safepoint] Total time for which application threads were stopped: 0.0001009 seconds, Stopping threads took: 0.0000005 seconds
[60.620s][info][gc       ] [SPS 0.000 0.000 0.000 0.006 0.000 0.001 0.000 0.081 0.013 0.101 NewGC_pause3 60.619062 ]
[60.620s][info][safepoint] Application time: 0.0011663 seconds
[60.621s][info][safepoint] Total time for which application threads were stopped: 0.0000969 seconds, Stopping threads took: 0.0000005 seconds
[60.621s][info][gc       ] [SPS 0.000 0.003 0.002 0.006 0.000 0.001 0.000 0.074 0.015 0.097 NewGC_pause4 60.620325 ]
[60.621s][info][gc       ] [GC New Max 198-184 : 5120 4212 4092 5120 - - 1051 56 2 2 - : 2082 1796 30 184 2202 : 2074 6 123 123 0 : 0 0 183 0 949 - 92 : 0.045713 12950.4 0.0 0.454381 809.9 0.0 : 3 --c 0000 : 23 0 0.000 0.000 0 0.000 0.000 0 0.000 0.000 : 60.166142 60.168461 0.000255 60.616541 0.000094 60.618961 0.000085 60.620228 0.000077 : 60.620523 ]
[60.621s][info][gc       ] [SYSINFO 7333 227 63 0 6776 0 30 0 0 5703 : - - - - - - - - : 0 7168 : 3.45 3.10 2.06 : 292739 4277776 : 0 0 : 14 0 : 3877 2 0 261 : - 7410384896 682364928 1199550464 5905219584 238030848 67043328 : 140073237 29964800 737000 0 0 0 : 60.620777 ]
[60.621s][info][gc       ] [HUGEPAGESTAT 0 0 0 - 110774 0 0 : 393216 0 0 : 60.620777 ]
[60.621s][info][gc       ] [OBJCREAT 176478614 25292 8658944 : 60.620829 ]
[60.621s][info][gc       ] [HMSV All : 0 0 60 0 0 0 0 0 : 4960 0 0 0 : 60.620844 ]
[60.621s][info][gc       ] [HMSP 9 : 41100 0 : 60.620844 ]
[60.621s][info][gc       ] [VMAC 65530 166 24 435 625 : 60.621269 ]
[60.668s][info][gc       ] [GPGC-H  4047.5 412.0 1.5 0.0 : 158.7 : 0.000 0.000 : 0.000 0.000 0.547 1.260 : 0.000 0.000 0.000 0.000 1.490 0.608 : 0.000 : 90.859 : 2270 1796 30 0 : 2274 : 4608 4424 : 60.668044 : 8 May_exceed_heap_occupancy_target ]
[60.674s][info][safepoint] Application time: 0.0529241 seconds
[60.674s][info][safepoint] Total time for which application threads were stopped: 0.0003087 seconds, Stopping threads took: 0.0000004 seconds
[60.675s][info][gc       ] [SPS 0.000 0.000 0.003 0.006 0.000 0.001 0.000 0.284 0.018 0.309 NewGC_pause1 60.673558 ]
[61.198s][info][safepoint] Application time: 0.5243261 seconds
[61.199s][info][safepoint] Total time for which application threads were stopped: 0.0001151 seconds, Stopping threads took: 0.0000004 seconds
[61.199s][info][gc       ] [SPS 0.000 0.001 0.000 0.005 0.000 0.001 0.000 0.106 0.003 0.115 NewGC_pause2 61.198000 ]
[61.200s][info][safepoint] Application time: 0.0020138 seconds
[61.200s][info][safepoint] Total time for which application threads were stopped: 0.0000437 seconds, Stopping threads took: 0.0000004 seconds
[61.201s][info][gc       ] [SPS 0.000 0.001 0.000 0.005 0.000 0.001 0.000 0.034 0.003 0.044 NewGC_pause3 61.200057 ]
[61.204s][info][safepoint] Application time: 0.0031340 seconds
[61.204s][info][safepoint] Total time for which application threads were stopped: 0.0006771 seconds, Stopping threads took: 0.0000004 seconds
[61.204s][info][gc       ] [SPS 0.000 0.001 0.000 0.006 0.000 0.001 0.000 0.655 0.014 0.677 OldGC_pause2 61.203869 ]
[61.210s][info][safepoint] Application time: 0.0058262 seconds
[61.215s][info][safepoint] Total time for which application threads were stopped: 0.0000533 seconds, Stopping threads took: 0.0000004 seconds
[61.215s][info][gc       ] [SPS 0.000 0.000 0.000 0.006 0.000 0.001 0.000 0.033 0.012 0.053 OldGC_pause3 61.209748 ]
[61.216s][info][safepoint] Application time: 0.0062218 seconds
[61.216s][info][safepoint] Total time for which application threads were stopped: 0.0000709 seconds, Stopping threads took: 0.0000033 seconds
[61.216s][info][gc       ] [SPS 0.000 0.002 0.003 0.006 0.003 0.001 0.000 0.048 0.013 0.071 NewGC_pause4 61.216041 ]
[61.329s][info][gc       ] [GC NTO Max 199-185 : 5120 4926 4718 5120 - - 1051 56 2 2 - : 2708 1796 30 184 2916 : 2392 5 519 519 93 : 0 306 315 0 1299 - 55 : 0.047935 3922.0 0.0 0.660542 1302.0 0.0 : 3 --c 0000 : 23 8684 0.000 0.003 0 0.000 0.000 8684 0.000 0.003 : 60.668458 60.673249 0.000227 61.197885 0.000108 61.200014 0.000036 61.215970 0.000055 : 61.328999 ]
[61.329s][info][gc       ] [SYSINFO 7333 227 63 0 6776 0 30 0 0 5703 : - - - - - - - - : 0 7168 : 3.45 3.10 2.06 : 292739 4277776 : 0 0 : 14 0 : 3877 3 0 261 : - 7410384896 682364928 1199550464 5905219584 238030848 67043328 : 140073237 29967040 737100 0 0 0 : 61.329341 ]
[61.329s][info][gc       ] [HUGEPAGESTAT 0 0 0 - 110774 0 0 : 393216 0 0 : 61.329341 ]
[61.329s][info][gc       ] [OBJCREAT 177526988 25358 8658944 : 61.329409 ]
[61.329s][info][gc       ] [HMSV All : 0 0 60 0 0 0 0 0 : 4960 0 0 0 : 61.329429 ]
[61.329s][info][gc       ] [HMSP 9 : 41100 0 : 61.329429 ]
[61.331s][info][gc       ] [GPGC-H  4012.1 412.0 1.5 0.0 : 158.7 : 0.000 0.000 : 0.000 0.000 0.660 1.260 : 0.000 0.000 0.000 0.000 1.490 0.608 : 0.000 : 93.234 : 2714 1796 30 0 : 2274 : 4608 4424 : 61.330771 : 3 Heap_use_exceeded_committed ]
[61.330s][info][gc       ] [VMAC 65530 166 24 435 625 : 61.329949 ]
[61.334s][info][safepoint] Application time: 0.1177735 seconds
[61.334s][info][safepoint] Total time for which application threads were stopped: 0.0001696 seconds, Stopping threads took: 0.0000004 seconds
[61.334s][info][gc       ] [GC Old Max 200-15 : 5120 4926 2940 5120 - - 1051 56 2 2 - : 2724 6 26 184 1828 : 26 4 1791 1791 0 : 0 2 0 0 16 - 0 : 6.986502 7.4 0.3 0.664046 0.0 0.0 : 1 --c 0000 : 23   -    -    -    -    -    -    -    -    -  : 60.670234 60.673249 0.000227 61.203191 0.000642 61.209695 0.000037 61.333815 0.000053 : 61.334280 ]
[61.334s][info][gc       ] [SYSINFO 7333 227 63 0 6776 0 30 0 0 5703 : - - - - - - - - : 0 7168 : 3.45 3.10 2.06 : 292739 4277776 : 0 0 : 14 0 : 3877 3 0 261 : - 7410384896 682364928 1199550464 5905219584 238030848 67043328 : 140073237 29967040 737100 0 0 0 : 61.334448 ]
[61.334s][info][gc       ] [HUGEPAGESTAT 0 0 0 - 110774 0 0 : 393216 0 0 : 61.334448 ]
[61.334s][info][gc       ] [OBJCREAT 177540863 25358 8658944 : 61.334486 ]
[61.334s][info][gc       ] [HMSV All : 0 0 60 0 0 0 0 0 : 4960 0 0 0 : 61.334499 ]
[61.335s][info][gc       ] [HMSP 9 : 41100 0 : 61.334499 ]
[61.335s][info][gc       ] [COMPSTATS 1 : 5 0 : 2 0 : 0 0 : 521 5 0 0 0 0 : 0 0 0 0 0 0 : 144 145 12 : 526 0 0 0 0 0 0 : 526 0 0 0 0 0 0 ]
[61.335s][info][gc       ] [COMPSTATS 2 : 5 0 : 3 0 : 0 0 : 131 11 0 0 0 0 : 0 0 0 0 0 0 : 52668 52704 7788 : 76 42 24 0 0 0 0 : 38 84 14 5 1 0 0 ]
[61.335s][info][gc       ] [DEOPTSTATS 1 : 0 0 : 0 0 : 0 0 : 0 0 : 0 11 : 0 0 : 0 0 : 0 0 : 0 0 : 0 0 : 0 0 : 0 0 : 0 0 : 0 0 : 0 0 : 0 0 : 0 0 : 0 0 : 0 0 : 0 0 : 0 0 : 0 0 : 0 0 : 0 0 : 0 0 : 0 0 : 0 0 : 0 0 : 0 0 : 0 0 : 6 0 : 0 0 : 0 0 : 0 0 : 0 0 : 0 0 : 0 0 : 0 0 : 0 0 : 0 0 : 0 0 : 0 0 ]
[61.335s][info][gc       ] [DEOPTSTATS 2 : 0 0 : 0 0 : 0 0 : 0 0 : 0 0 : 0 0 : 0 14 : 0 0 : 0 0 : 0 0 : 0 0 : 0 0 : 0 0 : 0 0 : 0 0 : 0 0 : 0 0 : 0 0 : 0 0 : 0 0 : 0 0 : 0 0 : 0 0 : 0 0 : 0 0 : 0 0 : 0 0 : 0 0 : 0 0 : 0 0 : 4 0 : 0 0 : 0 0 : 0 0 : 0 1 : 0 0 : 0 0 : 0 0 : 0 0 : 0 3 : 0 0 : 0 0 ]
[61.336s][info][gc       ] [CCF 0 0 0 0 33 230912: 3082240 : 380 196608 : 3 49152 : 317 311808 :  515 638976 : 120 421888 : 0 0 : 15 1228800 : 1 2048]
[61.335s][info][gc       ] [VMAC 65530 166 24 435 625 : 61.334990 ]
[61.335s][info][gc       ] [SPS 0.000 0.002 0.003 0.006 0.000 0.001 0.000 0.139 0.022 0.170 OldGC_pause4 61.333984 ]
[61.338s][info][safepoint] Application time: 0.0042344 seconds
[61.339s][info][safepoint] Total time for which application threads were stopped: 0.0001803 seconds, Stopping threads took: 0.0000004 seconds
[61.339s][info][gc       ] [SPS 0.000 0.002 0.002 0.006 0.000 0.001 0.000 0.160 0.013 0.180 NewGC_pause1 61.338399 ]
[61.895s][info][safepoint] Application time: 0.5559096 seconds
[61.895s][info][safepoint] Total time for which application threads were stopped: 0.0001850 seconds, Stopping threads took: 0.0000004 seconds
[61.895s][info][gc       ] [SPS 0.000 0.001 0.000 0.006 0.000 0.001 0.000 0.159 0.019 0.185 NewGC_pause2 61.894494 ]
[61.896s][info][safepoint] Application time: 0.0015629 seconds
[61.896s][info][safepoint] Total time for which application threads were stopped: 0.0000589 seconds, Stopping threads took: 0.0000004 seconds
[61.897s][info][gc       ] [SPS 0.000 0.001 0.000 0.006 0.000 0.001 0.000 0.039 0.013 0.059 NewGC_pause3 61.896115 ]
[61.904s][info][safepoint] Application time: 0.0080088 seconds
[61.904s][info][safepoint] Total time for which application threads were stopped: 0.0001016 seconds, Stopping threads took: 0.0000004 seconds
[61.905s][info][gc       ] [SPS 0.000 0.003 0.002 0.005 0.000 0.001 0.000 0.083 0.012 0.102 NewGC_pause4 61.904226 ]
[61.925s][info][gc       ] [GC New Max 201-186 : 5120 4730 3766 5120 - - 1051 56 2 2 - : 3550 6 26 184 4348 : 3377 8 964 964 0 : 0 55 806 0 1720 - 55 : 0.006505 3074.5 0.0 0.589259 2891.8 0.0 : 3 --c 0000 : 23 0 0.000 0.000 0 0.000 0.000 0 0.000 0.000 : 61.335504 61.338219 0.000163 61.894309 0.000109 61.896056 0.000043 61.904124 0.000087 : 61.924764 ]
[61.925s][info][gc       ] [SYSINFO 7333 227 63 0 6776 0 30 0 0 5703 : - - - - - - - - : 0 7168 : 3.45 3.10 2.06 : 292739 4277796 : 0 0 : 19 0 : 3877 2 0 261 : - 7410384896 682364928 1199550464 5905219584 238030848 67043328 : 140073237 29969300 737160 0 0 0 : 61.925011 ]
[61.925s][info][gc       ] [HUGEPAGESTAT 0 0 0 - 110774 0 0 : 393216 0 0 : 61.925011 ]
[61.925s][info][gc       ] [OBJCREAT 179236169 25358 8658944 : 61.925057 ]
[61.925s][info][gc       ] [HMSV All : 0 0 60 0 0 0 0 0 : 4960 0 0 0 : 61.925076 ]
[61.925s][info][gc       ] [HMSP 9 : 41100 0 : 61.925076 ]
[61.925s][info][gc       ] [VMAC 65530 166 24 435 625 : 61.925480 ]
[61.926s][info][gc       ] [GPGC-H  4012.1 412.0 1.5 0.0 : 158.7 : 0.000 0.000 : 0.000 0.000 0.658 1.083 : 0.000 0.000 0.000 0.000 1.490 0.556 : 0.000 : 99.577 : 3556 6 26 0 : 2274 : 4608 4424 : 61.925961 : 9 Next_heuristic_check_may_be_too_late ]
[61.931s][info][safepoint] Application time: 0.0263145 seconds
[61.931s][info][safepoint] Total time for which application threads were stopped: 0.0003052 seconds, Stopping threads took: 0.0000005 seconds
[61.931s][info][gc       ] [SPS 0.000 0.003 0.003 0.006 0.000 0.001 0.000 0.279 0.019 0.305 NewGC_pause1 61.930846 ]
[62.489s][info][safepoint] Application time: 0.5581733 seconds
[62.490s][info][safepoint] Total time for which application threads were stopped: 0.0001538 seconds, Stopping threads took: 0.0000003 seconds
[62.490s][info][gc       ] [SPS 0.000 0.001 0.000 0.005 0.000 0.001 0.000 0.142 0.006 0.154 NewGC_pause2 62.489173 ]
[62.492s][info][safepoint] Application time: 0.0022725 seconds
[62.492s][info][safepoint] Total time for which application threads were stopped: 0.0000727 seconds, Stopping threads took: 0.0000004 seconds
[62.492s][info][gc       ] [SPS 0.000 0.000 0.000 0.009 0.000 0.001 0.000 0.049 0.014 0.073 NewGC_pause3 62.491519 ]
[62.493s][info][safepoint] Application time: 0.0015340 seconds
[62.494s][info][safepoint] Total time for which application threads were stopped: 0.0000612 seconds, Stopping threads took: 0.0000004 seconds
[62.494s][info][gc       ] [SPS 0.000 0.003 0.002 0.006 0.000 0.001 0.000 0.042 0.013 0.061 NewGC_pause4 62.493114 ]
[62.494s][info][gc       ] [GC New Max 202-187 : 5120 4790 3082 5120 - - 1051 56 2 2 - : 2866 6 26 184 4574 : 2769 9 1797 1797 0 : 0 3 502 0 1378 - 55 : 0.002117 3778.0 0.0 0.567020 1805.9 0.0 : 3 --c 0000 : 23 2514 0.000 0.003 0 0.000 0.000 2514 0.000 0.003 : 61.926881 61.930541 0.000248 62.489019 0.000099 62.491446 0.000054 62.493052 0.000045 : 62.493901 ]
[62.494s][info][gc       ] [SYSINFO 7333 227 63 0 6776 0 30 0 0 5703 : - - - - - - - - : 0 7168 : 3.45 3.10 2.06 : 292739 4277796 : 0 0 : 19 0 : 3877 2 0 261 : - 7410384896 682364928 1199550464 5905219584 238030848 67043328 : 140073237 29971430 737220 0 0 0 : 62.494127 ]
[62.494s][info][gc       ] [HUGEPAGESTAT 0 0 0 - 110774 0 0 : 393216 0 0 : 62.494127 ]
[62.494s][info][gc       ] [OBJCREAT 180256205 25358 8658944 : 62.494169 ]
[62.494s][info][gc       ] [HMSV All : 0 0 60 0 0 0 0 0 : 4960 0 0 0 : 62.494186 ]
[62.494s][info][gc       ] [HMSP 9 : 41100 0 : 62.494186 ]
[62.495s][info][gc       ] [GPGC-H  3924.6 412.0 1.5 0.0 : 158.7 : 0.000 0.000 : 0.000 0.000 0.656 1.083 : 0.000 0.000 0.000 0.000 1.490 0.556 : 0.000 : 99.628 : 2868 6 26 0 : 2274 : 4608 4424 : 62.494562 : 9 Next_heuristic_check_may_be_too_late ]
[62.495s][info][gc       ] [VMAC 65530 166 24 435 625 : 62.494697 ]
[62.498s][info][safepoint] Application time: 0.0044094 seconds
[62.498s][info][safepoint] Total time for which application threads were stopped: 0.0001881 seconds, Stopping threads took: 0.0000004 seconds
[62.498s][info][gc       ] [SPS 0.000 0.002 0.002 0.006 0.000 0.001 0.000 0.169 0.013 0.188 NewGC_pause1 62.497711 ]
[63.061s][info][safepoint] Application time: 0.5636259 seconds
[63.062s][info][safepoint] Total time for which application threads were stopped: 0.0001600 seconds, Stopping threads took: 0.0000004 seconds
[63.063s][info][gc       ] [SPS 0.000 0.001 0.000 0.005 0.000 0.001 0.000 0.150 0.004 0.160 NewGC_pause2 63.061497 ]
[63.064s][info][safepoint] Application time: 0.0022393 seconds
[63.064s][info][safepoint] Total time for which application threads were stopped: 0.0001057 seconds, Stopping threads took: 0.0000004 seconds
[63.065s][info][gc       ] [SPS 0.000 0.000 0.000 0.006 0.000 0.001 0.000 0.087 0.011 0.106 NewGC_pause3 63.063842 ]
[63.080s][info][safepoint] Application time: 0.0161892 seconds
[63.080s][info][safepoint] Total time for which application threads were stopped: 0.0000711 seconds, Stopping threads took: 0.0000004 seconds
[63.081s][info][gc       ] [SPS 0.000 0.003 0.005 0.006 0.000 0.001 0.000 0.051 0.013 0.071 NewGC_pause4 63.080103 ]
[63.447s][info][gc       ] [GC New Max 203-188 : 5120 4768 4754 5120 - - 1051 56 2 2 - : 3766 778 26 184 4552 : 3441 2 1104 1104 51 : 386 0 838 0 1883 - 0 : 0.000843 2372.7 0.0 0.952165 2841.9 0.0 : 3 --c 0000 : 23 3599 0.000 0.003 0 0.000 0.000 3599 0.000 0.003 : 62.494744 62.497523 0.000171 63.061337 0.000152 63.063736 0.000091 63.080031 0.000054 : 63.446909 ]
[63.447s][info][gc       ] [SYSINFO 7333 227 63 0 6776 0 30 0 0 5703 : - - - - - - - - : 0 7168 : 3.45 3.10 2.06 : 292739 4277796 : 0 0 : 19 0 : 3877 1 0 261 : - 7410384896 682364928 1199550464 5905219584 238030848 67043328 : 140073237 29974720 737390 0 0 0 : 63.447137 ]
[63.447s][info][gc       ] [HUGEPAGESTAT 0 0 0 - 110774 0 0 : 393216 0 0 : 63.447137 ]
[63.447s][info][gc       ] [OBJCREAT 182949032 25358 9338880 : 63.447180 ]
[63.447s][info][gc       ] [HMSV All : 0 0 60 0 0 0 0 0 : 4960 0 0 0 : 63.447196 ]
[63.447s][info][gc       ] [HMSP 9 : 41100 0 : 63.447196 ]
[63.448s][info][gc       ] [GPGC-H  3966.3 390.3 1.3 0.0 : 139.3 : 0.000 0.000 : 0.000 0.000 0.709 1.083 : 0.000 0.000 0.000 0.000 1.808 0.556 : 0.000 : 99.912 : 3766 778 26 0 : 2274 : 4608 4424 : 63.448144 : 3 Heap_use_exceeded_committed ]
[63.448s][info][gc       ] [VMAC 65530 166 24 435 625 : 63.447613 ]
[63.453s][info][safepoint] Application time: 0.3726408 seconds
[63.454s][info][safepoint] Total time for which application threads were stopped: 0.0003630 seconds, Stopping threads took: 0.0000003 seconds
[63.454s][info][gc       ] [SPS 0.000 0.001 0.004 0.004 0.000 0.001 0.000 0.353 0.005 0.363 NewGC_pause1 63.453107 ]
[63.834s][info][safepoint] Application time: 0.3804971 seconds
[63.834s][info][safepoint] Total time for which application threads were stopped: 0.0001532 seconds, Stopping threads took: 0.0000004 seconds
[63.835s][info][gc       ] [SPS 0.000 0.002 0.000 0.007 0.000 0.001 0.000 0.139 0.006 0.154 NewGC_pause2 63.833758 ]
[63.836s][info][safepoint] Application time: 0.0022990 seconds
[63.837s][info][safepoint] Total time for which application threads were stopped: 0.0000499 seconds, Stopping threads took: 0.0000004 seconds
[63.837s][info][gc       ] [SPS 0.000 0.000 0.000 0.006 0.000 0.001 0.000 0.038 0.003 0.049 NewGC_pause3 63.836106 ]
[63.854s][info][safepoint] Application time: 0.0175514 seconds
[63.854s][info][safepoint] Total time for which application threads were stopped: 0.0001386 seconds, Stopping threads took: 0.0000004 seconds
[63.855s][info][gc       ] [SPS 0.000 0.006 0.006 0.006 0.000 0.001 0.000 0.108 0.023 0.139 NewGC_pause4 63.853796 ]
[64.095s][info][gc       ] [GC NTO Max 204-189 : 5120 4914 3058 5120 - - 1051 56 2 2 - : 1428 1420 26 184 3926 : 1171 6 2752 2752 15 : 321 0 78 0 714 - 0 : 0.001697 0.0 0.0 0.645724 1607.5 0.0 : 3 --c 0000 : 23 4855 0.000 0.003 0 0.000 0.000 4855 0.000 0.003 : 63.448606 63.452744 0.000298 63.833604 0.000094 63.836057 0.000041 63.853658 0.000066 : 64.094331 ]
[64.095s][info][gc       ] [SYSINFO 7333 227 63 0 6776 0 30 0 0 5703 : - - - - - - - - : 0 7168 : 3.57 3.13 2.08 : 292739 4277796 : 0 0 : 19 0 : 3877 3 0 261 : - 7410384896 682364928 1199550464 5905219584 238030848 67043328 : 140073237 29977310 737440 0 0 0 : 64.094599 ]
[64.095s][info][gc       ] [HUGEPAGESTAT 0 0 0 - 110774 0 0 : 393216 0 0 : 64.094599 ]
[64.095s][info][gc       ] [OBJCREAT 183981281 25358 9996288 : 64.094650 ]
[64.095s][info][gc       ] [HMSV All : 0 0 60 0 0 0 0 0 : 4960 0 0 0 : 64.094670 ]
[64.095s][info][gc       ] [HMSP 9 : 41100 0 : 64.094670 ]
[64.096s][info][gc       ] [GPGC-H  3910.8 390.3 1.3 0.0 : 139.3 : 0.000 0.000 : 0.000 0.000 0.704 1.083 : 0.000 0.000 0.000 0.000 1.808 0.556 : 0.000 : 99.906 : 1430 1420 26 0 : 2274 : 4608 4424 : 64.095661 : 9 Next_heuristic_check_may_be_too_late ]
[64.096s][info][safepoint] Application time: 0.2410306 seconds
[64.095s][info][gc       ] [VMAC 65530 166 24 435 625 : 64.095333 ]
[64.096s][info][safepoint] Total time for which application threads were stopped: 0.0011556 seconds, Stopping threads took: 0.0000004 seconds
[64.097s][info][gc       ] [SPS 0.000 0.001 0.000 0.007 0.000 0.001 0.000 1.116 0.030 1.155 OldGC_pause2 64.095983 ]
[64.104s][info][safepoint] Application time: 0.0078375 seconds
[64.104s][info][safepoint] Total time for which application threads were stopped: 0.0000820 seconds, Stopping threads took: 0.0000004 seconds
[64.104s][info][gc       ] [SPS 0.000 0.000 0.000 0.006 0.000 0.001 0.000 0.057 0.017 0.082 OldGC_pause3 64.103902 ]
[64.109s][info][safepoint] Application time: 0.0043677 seconds
[64.109s][info][safepoint] Total time for which application threads were stopped: 0.0002887 seconds, Stopping threads took: 0.0000004 seconds
[64.109s][info][gc       ] [SPS 0.000 2.593 0.008 0.005 0.000 0.001 0.000 0.271 0.011 0.289 NewGC_pause1 64.108558 ]
[64.387s][info][safepoint] Application time: 0.2787281 seconds
[64.388s][info][safepoint] Total time for which application threads were stopped: 0.0001741 seconds, Stopping threads took: 0.0000004 seconds
[64.389s][info][gc       ] [SPS 0.000 0.001 0.000 0.006 0.000 0.001 0.000 0.145 0.022 0.174 NewGC_pause2 64.387461 ]
[64.390s][info][safepoint] Application time: 0.0025402 seconds
[64.391s][info][safepoint] Total time for which application threads were stopped: 0.0001656 seconds, Stopping threads took: 0.0000005 seconds
[64.391s][info][gc       ] [SPS 0.000 0.000 0.000 0.006 0.000 0.001 0.000 0.136 0.022 0.166 NewGC_pause3 64.390167 ]
[64.406s][info][safepoint] Application time: 0.0157489 seconds
[64.407s][info][safepoint] Total time for which application threads were stopped: 0.0001098 seconds, Stopping threads took: 0.0000004 seconds
[64.407s][info][gc       ] [SPS 0.000 0.004 0.009 0.007 0.000 0.001 0.000 0.086 0.016 0.110 NewGC_pause4 64.406026 ]
[64.604s][info][gc       ] [GC New Max 206-190 : 5120 4050 3702 5120 - - 1051 56 2 2 - : 1738 1754 26 184 2420 : 1320 3 1098 1098 1 : 167 0 472 0 869 - 0 : 0.007633 3144.1 0.0 0.502040 3410.1 0.0 : 3 --c 0000 : 23 0 0.000 0.000 0 0.000 0.000 0 0.000 0.000 : 64.101964 64.108270 0.000275 64.387287 0.000105 64.390001 0.000096 64.405916 0.000091 : 64.604004 ]
[64.604s][info][gc       ] [SYSINFO 7333 227 63 0 6776 0 30 0 0 5703 : - - - - - - - - : 0 7168 : 3.57 3.13 2.08 : 292739 4277796 : 0 0 : 19 0 : 3877 2 0 261 : - 7410384896 682364928 1199550464 5905219584 238030848 67043328 : 140073237 29979220 737490 0 0 0 : 64.604310 ]
[64.604s][info][gc       ] [HUGEPAGESTAT 0 0 0 - 110774 0 0 : 393216 0 0 : 64.604310 ]
[64.604s][info][gc       ] [OBJCREAT 185702252 25358 10293248 : 64.604374 ]
[64.604s][info][gc       ] [HMSV All : 0 0 60 0 0 0 0 0 : 4960 0 0 0 : 64.604394 ]
[64.604s][info][gc       ] [HMSP 9 : 41100 0 : 64.604394 ]
[64.605s][info][gc       ] [VMAC 65530 166 24 435 625 : 64.604975 ]
[64.608s][info][safepoint] Application time: 0.2015424 seconds
[64.608s][info][safepoint] Total time for which application threads were stopped: 0.0002216 seconds, Stopping threads took: 0.0000005 seconds
[64.609s][info][gc       ] [SPS 0.000 0.002 0.003 0.007 0.001 0.001 0.000 0.179 0.033 0.222 OldGC_pause4 64.607790 ]
[64.612s][info][gc       ] [GC Old Max 205-16 : 5120 4914 3718 5120 - - 1051 56 2 2 - : 1762 1746 26 184 1784 : 1765 12 3 3 0 : 0 5 488 1 831 - 55 : 2.115847 313.8 0.0 1.162108 802.0 0.0 : 1 --c 0000 : 23   -    -    -    -    -    -    -    -    -  : 63.450127 63.452744 0.000298 64.094827 0.001047 64.103820 0.000061 64.607568 0.000125 : 64.612235 ]
[64.612s][info][gc       ] [SYSINFO 7333 227 63 0 6776 0 30 0 0 5703 : - - - - - - - - : 0 7168 : 3.57 3.13 2.08 : 292739 4277796 : 0 0 : 19 0 : 3877 2 0 261 : - 7410384896 682364928 1199550464 5905219584 238030848 67043328 : 140073237 29979230 737490 0 0 0 : 64.612432 ]
[64.612s][info][gc       ] [HUGEPAGESTAT 0 0 0 - 110774 0 0 : 393216 0 0 : 64.612432 ]
[64.612s][info][gc       ] [OBJCREAT 185724057 25358 10293248 : 64.612476 ]
[64.612s][info][gc       ] [HMSV All : 0 0 60 0 0 0 0 0 : 4960 0 0 0 : 64.612499 ]
[64.613s][info][gc       ] [HMSP 9 : 41100 0 : 64.612499 ]
[64.613s][info][gc       ] [COMPSTATS 1 : 5 0 : 2 0 : 0 0 : 521 5 0 0 0 0 : 0 0 0 0 0 0 : 144 145 12 : 526 0 0 0 0 0 0 : 526 0 0 0 0 0 0 ]
[64.613s][info][gc       ] [COMPSTATS 2 : 5 0 : 3 0 : 0 0 : 131 11 0 0 0 0 : 0 0 0 0 0 0 : 52668 52704 7788 : 76 42 24 0 0 0 0 : 38 84 14 5 1 0 0 ]
[64.613s][info][gc       ] [DEOPTSTATS 1 : 0 0 : 0 0 : 0 0 : 0 0 : 0 11 : 0 0 : 0 0 : 0 0 : 0 0 : 0 0 : 0 0 : 0 0 : 0 0 : 0 0 : 0 0 : 0 0 : 0 0 : 0 0 : 0 0 : 0 0 : 0 0 : 0 0 : 0 0 : 0 0 : 0 0 : 0 0 : 0 0 : 0 0 : 0 0 : 0 0 : 6 0 : 0 0 : 0 0 : 0 0 : 0 0 : 0 0 : 0 0 : 0 0 : 0 0 : 0 0 : 0 0 : 0 0 ]
[64.613s][info][gc       ] [DEOPTSTATS 2 : 0 0 : 0 0 : 0 0 : 0 0 : 0 0 : 0 0 : 0 14 : 0 0 : 0 0 : 0 0 : 0 0 : 0 0 : 0 0 : 0 0 : 0 0 : 0 0 : 0 0 : 0 0 : 0 0 : 0 0 : 0 0 : 0 0 : 0 0 : 0 0 : 0 0 : 0 0 : 0 0 : 0 0 : 0 0 : 0 0 : 4 0 : 0 0 : 0 0 : 0 0 : 0 1 : 0 0 : 0 0 : 0 0 : 0 0 : 0 3 : 0 0 : 0 0 ]
[64.615s][info][gc       ] [CCF 0 0 0 0 33 230912: 3082240 : 380 196608 : 3 49152 : 317 311808 :  515 638976 : 120 421888 : 0 0 : 15 1228800 : 1 2048]
[64.613s][info][gc       ] [VMAC 65530 166 24 435 625 : 64.613029 ]
[64.629s][info][gc       ] [GPGC-H  3910.8 390.3 1.3 0.0 : 139.3 : 0.000 0.000 : 0.000 0.000 0.698 1.162 : 0.000 0.000 0.000 0.000 1.808 0.516 : 0.000 : 99.901 : 1814 1746 26 0 : 2274 : 4608 4424 : 64.628861 : 9 Next_heuristic_check_may_be_too_late ]
[64.631s][info][safepoint] Application time: 0.0233314 seconds
[64.632s][info][safepoint] Total time for which application threads were stopped: 0.0002634 seconds, Stopping threads took: 0.0000004 seconds
[64.632s][info][gc       ] [SPS 0.000 0.002 0.003 0.007 0.000 0.001 0.000 0.234 0.021 0.263 NewGC_pause1 64.631385 ]
[64.790s][info][safepoint] Application time: 0.1580796 seconds
[64.790s][info][safepoint] Total time for which application threads were stopped: 0.0001652 seconds, Stopping threads took: 0.0000004 seconds
[64.791s][info][gc       ] [SPS 0.000 0.001 0.000 0.006 0.000 0.001 0.000 0.135 0.025 0.168 NewGC_pause2 64.789633 ]
[64.792s][info][safepoint] Application time: 0.0026867 seconds
[64.793s][info][safepoint] Total time for which application threads were stopped: 0.0001511 seconds, Stopping threads took: 0.0000004 seconds
[64.793s][info][gc       ] [SPS 0.000 0.000 0.000 0.006 0.000 0.001 0.000 0.124 0.019 0.151 NewGC_pause3 64.792470 ]
[64.798s][info][safepoint] Application time: 0.0054205 seconds
[64.798s][info][safepoint] Total time for which application threads were stopped: 0.0000825 seconds, Stopping threads took: 0.0000004 seconds
[64.799s][info][gc       ] [SPS 0.000 0.005 0.009 0.006 0.000 0.001 0.001 0.058 0.016 0.082 NewGC_pause4 64.797973 ]
[64.834s][info][gc       ] [GC New Max 207-191 : 5120 4332 2704 5120 - - 1051 56 2 2 - : 700 1794 26 184 2376 : 601 4 1772 1772 0 : 24 1 277 0 350 - 0 : 0.025209 3094.2 0.0 0.204127 3448.8 0.0 : 3 --c 0000 : 23 0 0.000 0.000 0 0.000 0.000 0 0.000 0.000 : 64.629213 64.631121 0.000191 64.789465 0.000099 64.792318 0.000088 64.797890 0.000063 : 64.833340 ]
[64.834s][info][gc       ] [SYSINFO 7333 227 63 0 6776 0 30 0 0 5703 : - - - - - - - - : 0 7168 : 3.57 3.13 2.08 : 292739 4277796 : 0 0 : 19 0 : 3877 2 0 261 : - 7410384896 682364928 1199550464 5905219584 238030848 67043328 : 140073237 29980030 737490 0 0 0 : 64.833656 ]
[64.834s][info][gc       ] [HUGEPAGESTAT 0 0 0 - 110774 0 0 : 393216 0 0 : 64.833656 ]
[64.834s][info][gc       ] [OBJCREAT 186475889 25358 10342400 : 64.833725 ]
[64.834s][info][gc       ] [HMSV All : 0 0 60 0 0 0 0 0 : 4960 0 0 0 : 64.833743 ]
[64.834s][info][gc       ] [HMSP 9 : 41100 0 : 64.833743 ]
[64.835s][info][gc       ] [GPGC-H  3910.8 390.3 1.3 0.0 : 139.3 : 0.000 0.000 : 0.000 0.000 0.691 1.162 : 0.000 0.000 0.000 0.000 1.805 0.516 : 0.000 : 99.786 : 706 1794 26 0 : 2274 : 4608 4424 : 64.835186 : 9 Next_heuristic_check_may_be_too_late ]
[64.834s][info][gc       ] [VMAC 65530 166 24 435 625 : 64.834309 ]
[64.838s][info][safepoint] Application time: 0.0392908 seconds
[64.838s][info][safepoint] Total time for which application threads were stopped: 0.0003620 seconds, Stopping threads took: 0.0000005 seconds
[64.838s][info][gc       ] [SPS 0.001 0.003 0.002 0.007 0.000 0.001 0.000 0.316 0.038 0.362 NewGC_pause1 64.837626 ]
[64.914s][info][safepoint] Application time: 0.0757290 seconds
[64.914s][info][safepoint] Total time for which application threads were stopped: 0.0001603 seconds, Stopping threads took: 0.0000004 seconds
[64.915s][info][gc       ] [SPS 0.000 0.001 0.000 0.006 0.000 0.001 0.000 0.132 0.021 0.160 NewGC_pause2 64.913515 ]
[64.916s][info][safepoint] Application time: 0.0023989 seconds
[64.917s][info][safepoint] Total time for which application threads were stopped: 0.0001121 seconds, Stopping threads took: 0.0000004 seconds
[64.917s][info][gc       ] [SPS 0.000 0.000 0.000 0.006 0.000 0.001 0.000 0.089 0.015 0.112 NewGC_pause3 64.916026 ]
[64.917s][info][safepoint] Application time: 0.0011115 seconds
[64.918s][info][safepoint] Total time for which application threads were stopped: 0.0000676 seconds, Stopping threads took: 0.0000004 seconds
[64.918s][info][gc       ] [SPS 0.000 0.002 0.002 0.006 0.000 0.001 0.000 0.044 0.016 0.068 NewGC_pause4 64.917205 ]
[64.918s][info][gc       ] [GC New Max 208-192 : 5120 2990 2280 5120 - - 1051 56 2 2 - : 276 1794 26 184 986 : 274 2 712 712 0 : 0 0 137 0 138 - 0 : 0.002475 3232.0 0.0 0.081616 3430.7 0.0 : 3 --c 0000 : 23 0 0.000 0.000 0 0.000 0.000 0 0.000 0.000 : 64.835815 64.837264 0.000283 64.913355 0.000093 64.915914 0.000093 64.917138 0.000046 : 64.917431 ]
[64.918s][info][gc       ] [SYSINFO 7333 227 63 0 6776 0 30 0 0 5703 : - - - - - - - - : 0 7168 : 3.57 3.13 2.08 : 292739 4277796 : 0 0 : 19 0 : 3877 3 0 261 : - 7410384896 682364928 1199550464 5905219584 238030848 67043328 : 140073237 29980320 737490 0 0 0 : 64.917646 ]
[64.918s][info][gc       ] [HUGEPAGESTAT 0 0 0 - 110774 0 0 : 393216 0 0 : 64.917646 ]
[64.918s][info][gc       ] [OBJCREAT 186760788 25358 10342400 : 64.917688 ]
[64.918s][info][gc       ] [HMSV All : 0 0 60 0 0 0 0 0 : 4960 0 0 0 : 64.917702 ]
[64.918s][info][gc       ] [HMSP 9 : 41100 0 : 64.917702 ]
[64.918s][info][gc       ] [VMAC 65530 166 24 435 625 : 64.918177 ]
[65.097s][info][gc       ] [GPGC-H  3910.8 390.3 1.3 0.0 : 139.3 : 0.000 0.000 : 0.000 0.000 0.688 1.162 : 0.000 0.000 0.000 0.000 1.803 0.516 : 0.000 : 99.776 : 944 1794 26 0 : 2274 : 4608 4424 : 65.096701 : 9 Next_heuristic_check_may_be_too_late ]
[65.099s][info][safepoint] Application time: 0.1819583 seconds
[65.100s][info][safepoint] Total time for which application threads were stopped: 0.0003000 seconds, Stopping threads took: 0.0000005 seconds
[65.100s][info][gc       ] [SPS 0.000 0.003 0.002 0.007 0.000 0.001 0.000 0.272 0.020 0.300 NewGC_pause1 65.099464 ]
[65.159s][info][safepoint] Application time: 0.0593706 seconds
[65.159s][info][safepoint] Total time for which application threads were stopped: 0.0001394 seconds, Stopping threads took: 0.0000004 seconds
[65.160s][info][gc       ] [SPS 0.000 0.001 0.000 0.006 0.000 0.001 0.000 0.114 0.018 0.139 NewGC_pause2 65.158974 ]
[65.160s][info][safepoint] Application time: 0.0013881 seconds
[65.161s][info][safepoint] Total time for which application threads were stopped: 0.0000513 seconds, Stopping threads took: 0.0000004 seconds
[65.161s][info][gc       ] [SPS 0.000 0.000 0.000 0.006 0.000 0.001 0.000 0.033 0.012 0.051 NewGC_pause3 65.160413 ]
[65.161s][info][safepoint] Application time: 0.0008759 seconds
[65.162s][info][safepoint] Total time for which application threads were stopped: 0.0000792 seconds, Stopping threads took: 0.0000004 seconds
[65.162s][info][gc       ] [GC New Max 209-193 : 5120 3204 2256 5120 - - 1051 56 2 2 - : 252 1794 26 184 1200 : 250 4 950 950 0 : 0 1 125 0 126 - 0 : 0.179843 3725.5 0.0 0.064333 3979.3 0.0 : 3 --c 0000 : 23 0 0.000 0.000 0 0.000 0.000 0 0.000 0.000 : 65.097274 65.099164 0.000230 65.158835 0.000086 65.160362 0.000036 65.161289 0.000060 : 65.161607 ]
[65.162s][info][gc       ] [SYSINFO 7333 227 63 0 6776 0 30 0 0 5703 : - - - - - - - - : 0 7168 : 3.57 3.13 2.08 : 292739 4277796 : 0 0 : 19 0 : 3877 2 0 261 : - 7410384896 682364928 1199550464 5905219584 238030848 67043328 : 140073237 29980740 737510 0 0 0 : 65.161825 ]
[65.162s][info][gc       ] [HUGEPAGESTAT 0 0 0 - 110774 0 0 : 393216 0 0 : 65.161825 ]
[65.162s][info][gc       ] [OBJCREAT 187677031 25358 10342400 : 65.161880 ]
[65.162s][info][gc       ] [HMSV All : 0 0 60 0 0 0 0 0 : 4960 0 0 0 : 65.161893 ]
[65.162s][info][gc       ] [HMSP 9 : 41100 0 : 65.161893 ]
[65.162s][info][gc       ] [SPS 0.000 0.002 0.008 0.006 0.000 0.001 0.000 0.058 0.015 0.079 NewGC_pause4 65.161369 ]
[65.162s][info][gc       ] [VMAC 65530 166 24 435 625 : 65.162318 ]
[65.324s][info][gc       ] [GPGC-H  3910.8 390.3 1.3 0.0 : 139.3 : 0.000 0.000 : 0.000 0.000 0.681 1.162 : 0.000 0.000 0.000 0.000 1.792 0.516 : 0.000 : 98.952 : 920 1794 26 0 : 2274 : 4608 4424 : 65.324118 : 9 Next_heuristic_check_may_be_too_late ]
[65.327s][info][safepoint] Application time: 0.1649456 seconds
[65.327s][info][safepoint] Total time for which application threads were stopped: 0.0003813 seconds, Stopping threads took: 0.0000004 seconds
[65.328s][info][gc       ] [SPS 0.000 0.003 0.002 0.006 0.000 0.001 0.000 0.356 0.018 0.381 NewGC_pause1 65.326696 ]
[65.389s][info][safepoint] Application time: 0.0624250 seconds
[65.390s][info][safepoint] Total time for which application threads were stopped: 0.0001254 seconds, Stopping threads took: 0.0000004 seconds
[65.390s][info][gc       ] [SPS 0.000 0.001 0.000 0.006 0.000 0.001 0.000 0.098 0.020 0.125 NewGC_pause2 65.389247 ]
[65.391s][info][safepoint] Application time: 0.0015009 seconds
[65.391s][info][safepoint] Total time for which application threads were stopped: 0.0000544 seconds, Stopping threads took: 0.0000004 seconds
[65.391s][info][gc       ] [SPS 0.000 0.000 0.000 0.006 0.000 0.001 0.000 0.035 0.012 0.054 NewGC_pause3 65.390802 ]
[65.392s][info][safepoint] Application time: 0.0010253 seconds
[65.392s][info][safepoint] Total time for which application threads were stopped: 0.0000586 seconds, Stopping threads took: 0.0000004 seconds
[65.392s][info][gc       ] [SPS 0.000 0.002 0.001 0.006 0.000 0.001 0.000 0.039 0.013 0.059 NewGC_pause4 65.391886 ]
[65.393s][info][gc       ] [GC New Max 210-194 : 5120 3182 2256 5120 - - 1051 56 2 2 - : 252 1794 26 184 1178 : 248 4 928 928 0 : 0 1 124 0 126 - 0 : 0.163040 4121.7 0.0 0.067667 3783.2 0.0 : 3 --c 0000 : 23 0 0.000 0.000 0 0.000 0.000 0 0.000 0.000 : 65.324647 65.326315 0.000283 65.389121 0.000048 65.390747 0.000038 65.391827 0.000042 : 65.392314 ]
[65.393s][info][gc       ] [SYSINFO 7333 227 63 0 6776 0 30 0 0 5703 : - - - - - - - - : 0 7168 : 3.57 3.13 2.08 : 292739 4277796 : 0 0 : 19 0 : 3877 2 0 261 : - 7410384896 682364928 1199550464 5905219584 238030848 67043328 : 140073237 29981120 737530 0 0 0 : 65.392553 ]
[65.393s][info][gc       ] [HUGEPAGESTAT 0 0 0 - 110774 0 0 : 393216 0 0 : 65.392553 ]
[65.393s][info][gc       ] [OBJCREAT 188595394 25358 10342400 : 65.392595 ]
[65.393s][info][gc       ] [HMSV All : 0 0 60 0 0 0 0 0 : 4960 0 0 0 : 65.392610 ]
[65.393s][info][gc       ] [HMSP 9 : 41100 0 : 65.392610 ]
[65.393s][info][gc       ] [VMAC 65530 166 24 435 625 : 65.393057 ]
[65.551s][info][gc       ] [GPGC-H  3910.8 487.4 1.2 0.0 : 126.9 : 0.000 0.000 : 0.000 0.000 0.675 1.162 : 0.000 0.000 0.000 0.000 1.778 0.516 : 0.000 : 98.214 : 880 1794 26 0 : 2274 : 4608 4424 : 65.551141 : 9 Next_heuristic_check_may_be_too_late ]
[65.554s][info][safepoint] Application time: 0.1616497 seconds
[65.554s][info][safepoint] Total time for which application threads were stopped: 0.0002930 seconds, Stopping threads took: 0.0000004 seconds
[65.555s][info][gc       ] [SPS 0.000 0.003 0.004 0.007 0.000 0.001 0.000 0.266 0.019 0.293 NewGC_pause1 65.553829 ]
[65.613s][info][safepoint] Application time: 0.0593914 seconds
[65.614s][info][safepoint] Total time for which application threads were stopped: 0.0001198 seconds, Stopping threads took: 0.0000004 seconds
[65.614s][info][gc       ] [SPS 0.000 0.001 0.000 0.006 0.000 0.001 0.000 0.094 0.019 0.120 NewGC_pause2 65.613340 ]
[65.615s][info][safepoint] Application time: 0.0019865 seconds
[65.616s][info][safepoint] Total time for which application threads were stopped: 0.0001165 seconds, Stopping threads took: 0.0000004 seconds
[65.616s][info][gc       ] [SPS 0.000 0.000 0.000 0.006 0.000 0.001 0.000 0.097 0.013 0.116 NewGC_pause3 65.615443 ]
[65.616s][info][safepoint] Application time: 0.0009763 seconds
[65.617s][info][safepoint] Total time for which application threads were stopped: 0.0000644 seconds, Stopping threads took: 0.0000004 seconds
[65.617s][info][gc       ] [SPS 0.000 0.002 0.002 0.006 0.000 0.004 0.000 0.039 0.014 0.064 NewGC_pause4 65.616484 ]
[65.617s][info][gc       ] [GC New Max 211-195 : 5120 3134 2252 5120 - - 1051 56 2 2 - : 246 1794 26 184 1130 : 242 4 887 887 0 : 0 1 121 0 123 - 0 : 0.159432 3951.5 0.0 0.065001 3846.1 0.0 : 3 --c 0000 : 23 0 0.000 0.000 0 0.000 0.000 0 0.000 0.000 : 65.551746 65.553536 0.000229 65.613220 0.000064 65.615327 0.000100 65.616419 0.000047 : 65.616747 ]
[65.617s][info][gc       ] [SYSINFO 7333 227 63 0 6776 0 30 0 0 5703 : - - - - - - - - : 0 7168 : 3.57 3.13 2.08 : 292739 4277796 : 0 0 : 19 0 : 3877 2 0 261 : - 7410384896 682364928 1199550464 5905219584 238030848 67043328 : 140073237 29981520 737540 0 0 0 : 65.617003 ]
[65.617s][info][gc       ] [HUGEPAGESTAT 0 0 0 - 110774 0 0 : 393216 0 0 : 65.617003 ]
[65.617s][info][gc       ] [OBJCREAT 189466619 25358 10342400 : 65.617063 ]
[65.617s][info][gc       ] [HMSV All : 0 0 60 0 0 0 0 0 : 4960 0 0 0 : 65.617077 ]
[65.617s][info][gc       ] [HMSP 9 : 41100 0 : 65.617077 ]
[65.617s][info][gc       ] [VMAC 65530 166 24 435 625 : 65.617471 ]
[65.779s][info][gc       ] [GPGC-H  3910.8 487.4 1.2 0.0 : 126.9 : 0.000 0.000 : 0.000 0.000 0.669 1.162 : 0.000 0.000 0.000 0.000 1.762 0.516 : 0.000 : 97.499 : 858 1794 26 0 : 2274 : 4608 4424 : 65.778774 : 9 Next_heuristic_check_may_be_too_late ]
[65.781s][info][safepoint] Application time: 0.1644797 seconds
[65.782s][info][safepoint] Total time for which application threads were stopped: 0.0002883 seconds, Stopping threads took: 0.0000004 seconds
[65.782s][info][gc       ] [SPS 0.000 0.003 0.003 0.006 0.000 0.001 0.000 0.246 0.034 0.288 NewGC_pause1 65.781252 ]
[65.855s][info][safepoint] Application time: 0.0735681 seconds
[65.856s][info][safepoint] Total time for which application threads were stopped: 0.0001828 seconds, Stopping threads took: 0.0000004 seconds
[65.856s][info][gc       ] [SPS 0.000 0.001 0.000 0.006 0.000 0.001 0.000 0.154 0.021 0.183 NewGC_pause2 65.855004 ]
[65.857s][info][safepoint] Application time: 0.0022877 seconds
[65.858s][info][safepoint] Total time for which application threads were stopped: 0.0000669 seconds, Stopping threads took: 0.0000004 seconds
[65.858s][info][gc       ] [SPS 0.000 0.000 0.000 0.006 0.000 0.001 0.000 0.043 0.016 0.067 NewGC_pause3 65.857358 ]
[65.859s][info][safepoint] Application time: 0.0011001 seconds
[65.859s][info][safepoint] Total time for which application threads were stopped: 0.0000628 seconds, Stopping threads took: 0.0000004 seconds
[65.859s][info][gc       ] [SPS 0.000 0.002 0.002 0.006 0.000 0.001 0.000 0.042 0.014 0.063 NewGC_pause4 65.858521 ]
[65.859s][info][gc       ] [GC New Max 212-196 : 5120 3102 2242 5120 - - 1051 56 2 2 - : 238 1794 26 184 1098 : 234 4 864 864 0 : 0 1 117 0 119 - 0 : 0.162550 3777.3 0.0 0.079473 3045.1 0.0 : 3 --c 0000 : 23 0 0.000 0.000 0 0.000 0.000 0 0.000 0.000 : 65.779298 65.780964 0.000207 65.854820 0.000102 65.857291 0.000046 65.858458 0.000045 : 65.858771 ]
[65.859s][info][gc       ] [SYSINFO 7333 227 63 0 6776 0 30 0 0 5703 : - - - - - - - - : 0 7168 : 3.57 3.13 2.08 : 292739 4277796 : 0 0 : 19 0 : 3877 2 0 261 : - 7410384896 682364928 1199550464 5905219584 238030848 67043328 : 140073237 29981940 737540 0 0 0 : 65.859002 ]
[65.859s][info][gc       ] [HUGEPAGESTAT 0 0 0 - 110774 0 0 : 393216 0 0 : 65.859002 ]
[65.859s][info][gc       ] [OBJCREAT 190311815 25358 10342400 : 65.859044 ]
[65.859s][info][gc       ] [HMSV All : 0 0 60 0 0 0 0 0 : 4960 0 0 0 : 65.859059 ]
[65.859s][info][gc       ] [HMSP 9 : 41100 0 : 65.859059 ]
[65.860s][info][gc       ] [VMAC 65530 166 24 435 625 : 65.859501 ]
[66.021s][info][gc       ] [GPGC-H  3871.2 487.4 1.2 0.0 : 126.9 : 0.000 0.000 : 0.000 0.000 0.662 1.162 : 0.000 0.000 0.000 0.000 1.744 0.516 : 0.000 : 96.780 : 848 1794 26 0 : 2274 : 4608 4424 : 66.021122 : 9 Next_heuristic_check_may_be_too_late ]
[66.023s][info][safepoint] Application time: 0.1646171 seconds
[66.024s][info][safepoint] Total time for which application threads were stopped: 0.0003211 seconds, Stopping threads took: 0.0000004 seconds
[66.024s][info][gc       ] [SPS 0.000 0.003 0.002 0.006 0.000 0.001 0.000 0.295 0.019 0.321 NewGC_pause1 66.023459 ]
[66.086s][info][safepoint] Application time: 0.0618604 seconds
[66.086s][info][safepoint] Total time for which application threads were stopped: 0.0001732 seconds, Stopping threads took: 0.0000004 seconds
[66.087s][info][gc       ] [SPS 0.001 0.001 0.000 0.006 0.000 0.001 0.000 0.136 0.029 0.173 NewGC_pause2 66.085493 ]
[66.088s][info][safepoint] Application time: 0.0027175 seconds
[66.089s][info][safepoint] Total time for which application threads were stopped: 0.0000689 seconds, Stopping threads took: 0.0000005 seconds
[66.089s][info][gc       ] [SPS 0.000 0.000 0.000 0.007 0.000 0.001 0.000 0.044 0.016 0.069 NewGC_pause3 66.088279 ]
[66.089s][info][safepoint] Application time: 0.0010323 seconds
[66.090s][info][safepoint] Total time for which application threads were stopped: 0.0000866 seconds, Stopping threads took: 0.0000005 seconds
[66.090s][info][gc       ] [SPS 0.000 0.003 0.002 0.006 0.000 0.001 0.000 0.059 0.021 0.087 NewGC_pause4 66.089398 ]
[66.090s][info][gc       ] [GC New Max 213-197 : 5120 3088 2238 5120 - - 1051 56 2 2 - : 234 1794 26 184 1084 : 230 4 855 855 0 : 0 1 115 0 117 - 0 : 0.162834 3758.4 0.0 0.068030 3498.5 0.0 : 3 --c 0000 : 23 0 0.000 0.000 0 0.000 0.000 0 0.000 0.000 : 66.021605 66.023138 0.000257 66.085320 0.000100 66.088210 0.000047 66.089312 0.000060 : 66.089635 ]
[66.090s][info][gc       ] [SYSINFO 7333 227 63 0 6776 0 30 0 0 5703 : - - - - - - - - : 0 7168 : 3.57 3.13 2.08 : 292739 4277796 : 0 0 : 19 0 : 3877 2 0 261 : - 7410384896 682364928 1199550464 5905219584 238030848 67043328 : 140073237 29982330 737540 0 0 0 : 66.089860 ]
[66.090s][info][gc       ] [HUGEPAGESTAT 0 0 0 - 110774 0 0 : 393216 0 0 : 66.089860 ]
[66.090s][info][gc       ] [OBJCREAT 191153641 25358 10342400 : 66.089904 ]
[66.090s][info][gc       ] [HMSV All : 0 0 60 0 0 0 0 0 : 4960 0 0 0 : 66.089919 ]
[66.090s][info][gc       ] [HMSP 9 : 41100 0 : 66.089919 ]
[66.090s][info][gc       ] [VMAC 65530 166 24 435 625 : 66.090323 ]
[66.266s][info][gc       ] [GPGC-H  3871.2 487.4 1.2 0.0 : 126.9 : 0.000 0.000 : 0.000 0.000 0.656 1.162 : 0.000 0.000 0.000 0.000 1.728 0.516 : 0.000 : 96.066 : 894 1794 26 0 : 2274 : 4608 4424 : 66.265698 : 9 Next_heuristic_check_may_be_too_late ]
[66.269s][info][safepoint] Application time: 0.1788292 seconds
[66.269s][info][safepoint] Total time for which application threads were stopped: 0.0002944 seconds, Stopping threads took: 0.0000005 seconds
[66.269s][info][gc       ] [SPS 0.000 0.003 0.002 0.006 0.000 0.001 0.000 0.258 0.029 0.294 NewGC_pause1 66.268522 ]
[66.344s][info][safepoint] Application time: 0.0754711 seconds
[66.345s][info][safepoint] Total time for which application threads were stopped: 0.0002669 seconds, Stopping threads took: 0.0000005 seconds
[66.345s][info][gc       ] [SPS 0.000 0.006 0.000 0.007 0.000 0.001 0.000 0.226 0.032 0.267 NewGC_pause2 66.344260 ]
[66.346s][info][safepoint] Application time: 0.0017306 seconds
[66.346s][info][safepoint] Total time for which application threads were stopped: 0.0000605 seconds, Stopping threads took: 0.0000004 seconds
[66.347s][info][gc       ] [SPS 0.000 0.000 0.000 0.006 0.000 0.001 0.000 0.038 0.015 0.061 NewGC_pause3 66.346052 ]
[66.347s][info][safepoint] Application time: 0.0009154 seconds
[66.347s][info][safepoint] Total time for which application threads were stopped: 0.0000647 seconds, Stopping threads took: 0.0000004 seconds
[66.347s][info][gc       ] [SPS 0.000 0.002 0.002 0.006 0.000 0.001 0.000 0.042 0.015 0.065 NewGC_pause4 66.347032 ]
[66.348s][info][gc       ] [GC New Max 214-198 : 5120 3102 2204 5120 - - 1051 56 2 2 - : 200 1794 26 184 1098 : 196 4 900 900 0 : 0 1 98 0 100 - 0 : 0.176683 3746.8 0.0 0.080946 2520.2 0.0 : 3 --c 0000 : 23 0 0.000 0.000 0 0.000 0.000 0 0.000 0.000 : 66.266318 66.268228 0.000224 66.343994 0.000166 66.345991 0.000041 66.346967 0.000045 : 66.347263 ]
[66.348s][info][gc       ] [SYSINFO 7333 227 63 0 6776 0 30 0 0 5703 : - - - - - - - - : 0 7168 : 3.57 3.13 2.08 : 292739 4277796 : 0 0 : 19 0 : 3877 4 0 261 : - 7410384896 682364928 1199550464 5905219584 238030848 67043328 : 140073237 29982770 737540 0 0 0 : 66.347490 ]
[66.348s][info][gc       ] [HUGEPAGESTAT 0 0 0 - 110774 0 0 : 393216 0 0 : 66.347490 ]
[66.348s][info][gc       ] [OBJCREAT 192010456 25358 10342400 : 66.347533 ]
[66.348s][info][gc       ] [HMSV All : 0 0 60 0 0 0 0 0 : 4960 0 0 0 : 66.347547 ]
[66.348s][info][gc       ] [HMSP 9 : 41100 0 : 66.347547 ]
[66.348s][info][gc       ] [VMAC 65530 166 24 435 625 : 66.347949 ]
[66.508s][info][gc       ] [GPGC-H  3871.2 487.4 1.2 0.0 : 126.9 : 0.000 0.000 : 0.000 0.000 0.649 1.162 : 0.000 0.000 0.000 0.000 1.709 0.516 : 0.000 : 95.301 : 816 1794 26 0 : 2274 : 4608 4424 : 66.507959 : 9 Next_heuristic_check_may_be_too_late ]
[66.510s][info][safepoint] Application time: 0.1630809 seconds
[66.511s][info][safepoint] Total time for which application threads were stopped: 0.0002168 seconds, Stopping threads took: 0.0000004 seconds
[66.511s][info][gc       ] [SPS 0.000 0.003 0.002 0.006 0.000 0.001 0.001 0.188 0.021 0.217 NewGC_pause1 66.510330 ]
[66.572s][info][safepoint] Application time: 0.0614986 seconds
[66.573s][info][safepoint] Total time for which application threads were stopped: 0.0001464 seconds, Stopping threads took: 0.0000004 seconds
[66.573s][info][gc       ] [SPS 0.000 0.001 0.000 0.007 0.000 0.001 0.000 0.116 0.023 0.147 NewGC_pause2 66.571975 ]
[66.574s][info][safepoint] Application time: 0.0019851 seconds
[66.574s][info][safepoint] Total time for which application threads were stopped: 0.0000737 seconds, Stopping threads took: 0.0000005 seconds
[66.575s][info][gc       ] [SPS 0.000 0.000 0.000 0.006 0.000 0.001 0.000 0.049 0.017 0.074 NewGC_pause3 66.574034 ]
[66.575s][info][safepoint] Application time: 0.0009678 seconds
[66.575s][info][safepoint] Total time for which application threads were stopped: 0.0000633 seconds, Stopping threads took: 0.0000004 seconds
[66.575s][info][gc       ] [SPS 0.000 0.002 0.002 0.006 0.000 0.001 0.000 0.042 0.013 0.063 NewGC_pause4 66.575065 ]
[66.576s][info][gc       ] [GC New Max 215-199 : 5120 3052 2236 5120 - - 1051 56 2 2 - : 232 1794 26 184 1048 : 228 4 821 821 0 : 0 1 114 0 116 - 0 : 0.161178 3821.9 0.0 0.066879 3528.8 0.0 : 3 --c 0000 : 23 0 0.000 0.000 0 0.000 0.000 0 0.000 0.000 : 66.508442 66.510113 0.000157 66.571829 0.000071 66.573960 0.000050 66.575002 0.000046 : 66.575320 ]
[66.576s][info][gc       ] [SYSINFO 7333 227 63 0 6776 0 30 0 0 5703 : - - - - - - - - : 0 7168 : 3.57 3.13 2.08 : 292739 4277796 : 0 0 : 19 0 : 3877 3 0 261 : - 7410384896 682364928 1199550464 5905219584 238030848 67043328 : 140073237 29983180 737550 0 0 0 : 66.575592 ]
[66.576s][info][gc       ] [HUGEPAGESTAT 0 0 0 - 110774 0 0 : 393216 0 0 : 66.575592 ]
[66.576s][info][gc       ] [OBJCREAT 192854712 25358 10342400 : 66.575640 ]
[66.576s][info][gc       ] [HMSV All : 0 0 60 0 0 0 0 0 : 4960 0 0 0 : 66.575654 ]
[66.576s][info][gc       ] [HMSP 9 : 41100 0 : 66.575654 ]
[66.576s][info][gc       ] [VMAC 65530 166 24 435 625 : 66.576081 ]
[66.737s][info][gc       ] [GPGC-H  3871.2 487.4 1.2 0.0 : 126.9 : 0.000 0.000 : 0.000 0.000 0.643 1.162 : 0.000 0.000 0.000 0.000 1.693 0.516 : 0.000 : 94.609 : 872 1794 26 0 : 2274 : 4608 4424 : 66.737485 : 9 Next_heuristic_check_may_be_too_late ]
[66.740s][info][safepoint] Application time: 0.1644874 seconds
[66.740s][info][safepoint] Total time for which application threads were stopped: 0.0003477 seconds, Stopping threads took: 0.0000004 seconds
[66.741s][info][gc       ] [SPS 0.000 0.003 0.002 0.011 0.000 0.001 0.000 0.301 0.051 0.365 NewGC_pause1 66.739917 ]
[66.800s][info][safepoint] Application time: 0.0601625 seconds
[66.801s][info][safepoint] Total time for which application threads were stopped: 0.0001411 seconds, Stopping threads took: 0.0000004 seconds
[66.801s][info][gc       ] [SPS 0.000 0.001 0.000 0.006 0.000 0.001 0.000 0.115 0.018 0.141 NewGC_pause2 66.800204 ]
[66.802s][info][safepoint] Application time: 0.0017737 seconds
[66.802s][info][safepoint] Total time for which application threads were stopped: 0.0000670 seconds, Stopping threads took: 0.0000004 seconds
[66.803s][info][gc       ] [SPS 0.000 0.000 0.000 0.005 0.000 0.001 0.000 0.044 0.017 0.067 NewGC_pause3 66.802045 ]
[66.803s][info][safepoint] Application time: 0.0012064 seconds
[66.804s][info][safepoint] Total time for which application threads were stopped: 0.0001079 seconds, Stopping threads took: 0.0000004 seconds
[66.804s][info][gc       ] [SPS 0.000 0.003 0.002 0.005 0.000 0.001 0.000 0.089 0.012 0.108 NewGC_pause4 66.803359 ]
[66.804s][info][gc       ] [GC New Max 216-200 : 5120 3132 2258 5120 - - 1051 56 2 2 - : 254 1794 26 184 1128 : 250 4 878 878 0 : 0 1 125 0 127 - 0 : 0.162698 3946.0 0.0 0.065667 3928.9 0.0 : 3 --c 0000 : 23 0 0.000 0.000 0 0.000 0.000 0 0.000 0.000 : 66.738018 66.739553 0.000266 66.800063 0.000086 66.801978 0.000044 66.803251 0.000093 : 66.803685 ]
[66.804s][info][gc       ] [SYSINFO 7333 227 63 0 6776 0 30 0 0 5703 : - - - - - - - - : 0 7168 : 3.57 3.13 2.08 : 292739 4277796 : 0 0 : 19 0 : 3877 2 0 261 : - 7410384896 682364928 1199550464 5905219584 238030848 67043328 : 140073237 29983590 737550 0 0 0 : 66.803940 ]
[66.804s][info][gc       ] [HUGEPAGESTAT 0 0 0 - 110774 0 0 : 393216 0 0 : 66.803940 ]
[66.804s][info][gc       ] [OBJCREAT 193745124 25358 10342400 : 66.803980 ]
[66.804s][info][gc       ] [HMSV All : 0 0 60 0 0 0 0 0 : 4960 0 0 0 : 66.803995 ]
[66.804s][info][gc       ] [HMSP 9 : 41100 0 : 66.803995 ]
[66.804s][info][gc       ] [VMAC 65530 166 24 435 625 : 66.804445 ]
[66.964s][info][gc       ] [GPGC-H  3871.2 487.4 1.2 0.0 : 126.9 : 0.000 0.000 : 0.000 0.000 0.637 1.162 : 0.000 0.000 0.000 0.000 1.677 0.516 : 0.000 : 93.918 : 900 1794 26 0 : 2274 : 4608 4424 : 66.963911 : 9 Next_heuristic_check_may_be_too_late ]
[66.966s][info][safepoint] Application time: 0.1626043 seconds
[66.967s][info][safepoint] Total time for which application threads were stopped: 0.0002588 seconds, Stopping threads took: 0.0000003 seconds
[66.967s][info][gc       ] [SPS 0.000 0.002 0.002 0.005 0.000 0.001 0.000 0.234 0.018 0.259 NewGC_pause1 66.966223 ]
[67.035s][info][safepoint] Application time: 0.0689846 seconds
[67.036s][info][safepoint] Total time for which application threads were stopped: 0.0002154 seconds, Stopping threads took: 0.0000004 seconds
[67.036s][info][gc       ] [SPS 0.000 0.007 0.000 0.006 0.000 0.001 0.000 0.177 0.031 0.216 NewGC_pause2 67.035423 ]
[67.037s][info][safepoint] Application time: 0.0018710 seconds
[67.038s][info][safepoint] Total time for which application threads were stopped: 0.0000906 seconds, Stopping threads took: 0.0000004 seconds
[67.038s][info][gc       ] [SPS 0.000 0.001 0.000 0.007 0.000 0.001 0.000 0.068 0.015 0.091 NewGC_pause3 67.037385 ]
[67.039s][info][safepoint] Application time: 0.0012191 seconds
[67.039s][info][safepoint] Total time for which application threads were stopped: 0.0001407 seconds, Stopping threads took: 0.0000004 seconds
[67.039s][info][gc       ] [SPS 0.000 0.002 0.002 0.006 0.000 0.001 0.000 0.120 0.014 0.141 NewGC_pause4 67.038744 ]
[67.039s][info][gc       ] [GC New Max 217-201 : 5120 3156 2254 5120 - - 1051 56 2 2 - : 250 1794 26 184 1152 : 244 4 907 907 0 : 0 1 122 0 125 - 0 : 0.160714 4032.0 0.0 0.074756 3397.7 0.0 : 3 --c 0000 : 23 0 0.000 0.000 0 0.000 0.000 0 0.000 0.000 : 66.964399 66.965964 0.000201 67.035207 0.000119 67.037294 0.000071 67.038604 0.000124 : 67.039155 ]
[67.039s][info][gc       ] [SYSINFO 7333 227 63 0 6776 0 30 0 0 5703 : - - - - - - - - : 0 7168 : 3.57 3.13 2.08 : 292739 4277796 : 0 0 : 19 0 : 3877 2 0 261 : - 7410384896 682364928 1199550464 5905219584 238030848 67043328 : 140073237 29983980 737550 0 0 0 : 67.039392 ]
[67.039s][info][gc       ] [HUGEPAGESTAT 0 0 0 - 110774 0 0 : 393216 0 0 : 67.039392 ]
[67.039s][info][gc       ] [OBJCREAT 194638507 25358 10342400 : 67.039434 ]
[67.039s][info][gc       ] [HMSV All : 0 0 60 0 0 0 0 0 : 4960 0 0 0 : 67.039451 ]
[67.039s][info][gc       ] [HMSP 9 : 41100 0 : 67.039451 ]
[67.040s][info][gc       ] [VMAC 65530 166 24 435 625 : 67.039858 ]
[67.201s][info][gc       ] [GPGC-H  3871.2 487.4 1.2 0.0 : 126.9 : 0.000 0.000 : 0.000 0.000 0.631 1.162 : 0.000 0.000 0.000 0.000 1.661 0.516 : 0.000 : 93.245 : 896 1794 26 0 : 2274 : 4608 4424 : 67.200877 : 9 Next_heuristic_check_may_be_too_late ]
[67.203s][info][safepoint] Application time: 0.1643352 seconds
[67.204s][info][safepoint] Total time for which application threads were stopped: 0.0003216 seconds, Stopping threads took: 0.0000005 seconds
[67.204s][info][gc       ] [SPS 0.000 0.002 0.002 0.006 0.000 0.001 0.000 0.296 0.018 0.322 NewGC_pause1 67.203401 ]
[67.265s][info][safepoint] Application time: 0.0614160 seconds
[67.266s][info][safepoint] Total time for which application threads were stopped: 0.0001974 seconds, Stopping threads took: 0.0000004 seconds
[67.266s][info][gc       ] [SPS 0.000 0.001 0.000 0.006 0.000 0.001 0.000 0.161 0.030 0.198 NewGC_pause2 67.265015 ]
[67.267s][info][safepoint] Application time: 0.0019974 seconds
[67.268s][info][safepoint] Total time for which application threads were stopped: 0.0000758 seconds, Stopping threads took: 0.0000004 seconds
[67.268s][info][gc       ] [SPS 0.000 0.000 0.000 0.006 0.000 0.001 0.000 0.055 0.013 0.076 NewGC_pause3 67.267088 ]
[67.268s][info][safepoint] Application time: 0.0010700 seconds
[67.269s][info][safepoint] Total time for which application threads were stopped: 0.0000948 seconds, Stopping threads took: 0.0000004 seconds
[67.269s][info][gc       ] [SPS 0.000 0.002 0.002 0.006 0.000 0.001 0.000 0.076 0.012 0.095 NewGC_pause4 67.268253 ]
[67.269s][info][gc       ] [GC New Max 218-202 : 5120 3140 2238 5120 - - 1051 56 2 2 - : 234 1794 26 184 1136 : 232 2 904 904 0 : 0 0 116 0 117 - 0 : 0.162241 3994.0 0.0 0.067123 3575.5 0.0 : 3 --c 0000 : 23 0 0.000 0.000 0 0.000 0.000 0 0.000 0.000 : 67.201397 67.203080 0.000256 67.264818 0.000114 67.267012 0.000059 67.268158 0.000080 : 67.268519 ]
[67.269s][info][gc       ] [SYSINFO 7333 227 63 0 6776 0 30 0 0 5703 : - - - - - - - - : 0 7168 : 3.57 3.13 2.08 : 292739 4277796 : 0 0 : 19 0 : 3877 2 0 261 : - 7410384896 682364928 1199550464 5905219584 238030848 67043328 : 140073237 29984370 737550 0 0 0 : 67.268775 ]
[67.269s][info][gc       ] [HUGEPAGESTAT 0 0 0 - 110774 0 0 : 393216 0 0 : 67.268775 ]
[67.269s][info][gc       ] [OBJCREAT 195519256 25358 10342400 : 67.268814 ]
[67.269s][info][gc       ] [HMSV All : 0 0 60 0 0 0 0 0 : 4960 0 0 0 : 67.268829 ]
[67.269s][info][gc       ] [HMSP 9 : 41100 0 : 67.268829 ]
[67.269s][info][gc       ] [VMAC 65530 166 24 435 625 : 67.269334 ]
[67.430s][info][gc       ] [GPGC-H  3871.2 487.4 1.2 0.0 : 126.9 : 0.000 0.000 : 0.000 0.000 0.625 1.162 : 0.000 0.000 0.000 0.000 1.645 0.516 : 0.000 : 92.570 : 906 1794 26 0 : 2274 : 4608 4424 : 67.430243 : 9 Next_heuristic_check_may_be_too_late ]
[67.433s][info][safepoint] Application time: 0.1640898 seconds
[67.433s][info][safepoint] Total time for which application threads were stopped: 0.0003144 seconds, Stopping threads took: 0.0000004 seconds
[67.433s][info][gc       ] [SPS 0.000 0.003 0.002 0.018 0.000 0.001 0.000 0.277 0.019 0.315 NewGC_pause1 67.432658 ]
[67.494s][info][safepoint] Application time: 0.0611381 seconds
[67.494s][info][safepoint] Total time for which application threads were stopped: 0.0001417 seconds, Stopping threads took: 0.0000004 seconds
[67.495s][info][gc       ] [SPS 0.000 0.001 0.000 0.006 0.000 0.001 0.000 0.115 0.019 0.142 NewGC_pause2 67.493938 ]
[67.495s][info][safepoint] Application time: 0.0012984 seconds
[67.496s][info][safepoint] Total time for which application threads were stopped: 0.0000529 seconds, Stopping threads took: 0.0000004 seconds
[67.496s][info][gc       ] [SPS 0.000 0.000 0.000 0.006 0.000 0.001 0.000 0.034 0.012 0.053 NewGC_pause3 67.495289 ]
[67.496s][info][safepoint] Application time: 0.0008518 seconds
[67.497s][info][safepoint] Total time for which application threads were stopped: 0.0000697 seconds, Stopping threads took: 0.0000004 seconds
[67.497s][info][gc       ] [SPS 0.000 0.003 0.001 0.006 0.000 0.001 0.000 0.045 0.017 0.070 NewGC_pause4 67.496210 ]
[67.497s][info][gc       ] [GC New Max 219-203 : 5120 3158 2248 5120 - - 1051 56 2 2 - : 244 1794 26 184 1154 : 240 4 913 913 0 : 0 1 120 0 122 - 0 : 0.162229 4154.6 0.0 0.065694 3775.1 0.0 : 3 --c 0000 : 23 0 0.000 0.000 0 0.000 0.000 0 0.000 0.000 : 67.430748 67.432343 0.000244 67.493796 0.000086 67.495236 0.000037 67.496141 0.000049 : 67.496442 ]
[67.497s][info][gc       ] [SYSINFO 7333 227 63 0 6776 0 30 0 0 5703 : - - - - - - - - : 0 7168 : 3.57 3.13 2.08 : 292739 4277796 : 0 0 : 19 0 : 3877 2 0 261 : - 7410384896 682364928 1199550464 5905219584 238030848 67043328 : 140073237 29984760 737550 0 0 0 : 67.496667 ]
[67.497s][info][gc       ] [HUGEPAGESTAT 0 0 0 - 110774 0 0 : 393216 0 0 : 67.496667 ]
[67.497s][info][gc       ] [OBJCREAT 196430108 25358 10342400 : 67.496709 ]
[67.497s][info][gc       ] [HMSV All : 0 0 60 0 0 0 0 0 : 4960 0 0 0 : 67.496724 ]
[67.497s][info][gc       ] [HMSP 9 : 41100 0 : 67.496724 ]
[67.497s][info][gc       ] [VMAC 65530 166 24 435 625 : 67.497091 ]
[67.658s][info][gc       ] [GPGC-H  3871.2 443.6 1.1 0.0 : 115.5 : 0.000 0.000 : 0.000 0.000 0.619 1.162 : 0.000 0.000 0.000 0.000 1.629 0.516 : 0.000 : 91.902 : 856 1794 26 0 : 2274 : 4608 4424 : 67.658039 : 9 Next_heuristic_check_may_be_too_late ]
[67.661s][info][safepoint] Application time: 0.1639915 seconds
[67.661s][info][safepoint] Total time for which application threads were stopped: 0.0003213 seconds, Stopping threads took: 0.0000004 seconds
[67.661s][info][gc       ] [SPS 0.000 0.003 0.002 0.006 0.000 0.001 0.000 0.291 0.022 0.321 NewGC_pause1 67.660523 ]
[67.722s][info][safepoint] Application time: 0.0613464 seconds
[67.723s][info][safepoint] Total time for which application threads were stopped: 0.0001917 seconds, Stopping threads took: 0.0000004 seconds
[67.723s][info][gc       ] [SPS 0.000 0.001 0.000 0.006 0.000 0.001 0.000 0.153 0.031 0.192 NewGC_pause2 67.722062 ]
[67.724s][info][safepoint] Application time: 0.0019804 seconds
[67.724s][info][safepoint] Total time for which application threads were stopped: 0.0000585 seconds, Stopping threads took: 0.0000004 seconds
[67.725s][info][gc       ] [SPS 0.000 0.001 0.000 0.006 0.000 0.001 0.000 0.036 0.015 0.058 NewGC_pause3 67.724101 ]
[67.725s][info][safepoint] Application time: 0.0012952 seconds
[67.726s][info][safepoint] Total time for which application threads were stopped: 0.0000965 seconds, Stopping threads took: 0.0000004 seconds
[67.726s][info][gc       ] [SPS 0.000 0.002 0.002 0.006 0.000 0.001 0.000 0.060 0.029 0.097 NewGC_pause4 67.725492 ]
[67.726s][info][gc       ] [GC New Max 220-204 : 5120 3098 2240 5120 - - 1051 56 2 2 - : 236 1794 26 184 1094 : 230 4 863 863 0 : 0 1 115 0 118 - 0 : 0.162140 3786.9 0.0 0.067369 3562.4 0.0 : 3 --c 0000 : 23 0 0.000 0.000 0 0.000 0.000 0 0.000 0.000 : 67.658582 67.660202 0.000262 67.721870 0.000111 67.724042 0.000040 67.725396 0.000066 : 67.725951 ]
[67.726s][info][gc       ] [SYSINFO 7333 227 63 0 6776 0 30 0 0 5703 : - - - - - - - - : 0 7168 : 3.57 3.13 2.08 : 292739 4277808 : 0 0 : 19 0 : 3877 2 0 261 : - 7410384896 682364928 1199550464 5905219584 238030848 67043328 : 140073237 29985170 737560 0 0 0 : 67.726315 ]
[67.726s][info][gc       ] [HUGEPAGESTAT 0 0 0 - 110774 0 0 : 393216 0 0 : 67.726315 ]
[67.726s][info][gc       ] [OBJCREAT 197277625 25358 10342400 : 67.726397 ]
[67.726s][info][gc       ] [HMSV All : 0 0 60 0 0 0 0 0 : 4960 0 0 0 : 67.726427 ]
[67.726s][info][gc       ] [HMSP 9 : 41100 0 : 67.726427 ]
[67.727s][info][gc       ] [VMAC 65530 166 24 435 625 : 67.726911 ]
[67.887s][info][gc       ] [GPGC-H  3850.4 443.6 1.1 0.0 : 115.5 : 0.000 0.000 : 0.000 0.000 0.613 1.162 : 0.000 0.000 0.000 0.000 1.614 0.516 : 0.000 : 91.243 : 832 1794 26 0 : 2274 : 4608 4424 : 67.887064 : 9 Next_heuristic_check_may_be_too_late ]
[67.890s][info][safepoint] Application time: 0.1640469 seconds
[67.890s][info][safepoint] Total time for which application threads were stopped: 0.0003895 seconds, Stopping threads took: 0.0000004 seconds
[67.891s][info][gc       ] [SPS 0.000 0.003 0.002 0.006 0.000 0.001 0.000 0.363 0.019 0.389 NewGC_pause1 67.889929 ]
[67.952s][info][safepoint] Application time: 0.0617358 seconds
[67.953s][info][safepoint] Total time for which application threads were stopped: 0.0001644 seconds, Stopping threads took: 0.0000004 seconds
[67.953s][info][gc       ] [SPS 0.000 0.001 0.000 0.006 0.000 0.001 0.000 0.134 0.022 0.164 NewGC_pause2 67.951830 ]
[67.955s][info][safepoint] Application time: 0.0028286 seconds
[67.955s][info][safepoint] Total time for which application threads were stopped: 0.0000747 seconds, Stopping threads took: 0.0000004 seconds
[67.956s][info][gc       ] [SPS 0.000 0.000 0.000 0.006 0.000 0.001 0.000 0.048 0.019 0.075 NewGC_pause3 67.954733 ]
[67.956s][info][safepoint] Application time: 0.0015087 seconds
[67.957s][info][safepoint] Total time for which application threads were stopped: 0.0000927 seconds, Stopping threads took: 0.0000004 seconds
[67.957s][info][gc       ] [SPS 0.000 0.003 0.002 0.006 0.000 0.001 0.000 0.070 0.015 0.093 NewGC_pause4 67.956334 ]
[67.957s][info][gc       ] [GC New Max 221-205 : 5120 3076 2242 5120 - - 1051 56 2 2 - : 238 1794 26 184 1072 : 232 4 839 839 0 : 0 1 116 0 119 - 0 : 0.161777 3696.5 0.0 0.068845 3515.2 0.0 : 3 --c 0000 : 23 0 0.000 0.000 0 0.000 0.000 0 0.000 0.000 : 67.887728 67.889540 0.000300 67.951665 0.000096 67.954658 0.000044 67.956242 0.000074 : 67.956572 ]
[67.957s][info][gc       ] [SYSINFO 7333 227 63 0 6776 0 30 0 0 5703 : - - - - - - - - : 0 7168 : 3.57 3.13 2.08 : 292739 4277808 : 0 0 : 19 0 : 3877 2 0 261 : - 7410384896 682364928 1199550464 5905219584 238030848 67043328 : 140073237 29985570 737560 0 0 0 : 67.956853 ]
[67.957s][info][gc       ] [HUGEPAGESTAT 0 0 0 - 110774 0 0 : 393216 0 0 : 67.956853 ]
[67.957s][info][gc       ] [OBJCREAT 198107199 25358 10342400 : 67.956911 ]
[67.957s][info][gc       ] [HMSV All : 0 0 60 0 0 0 0 0 : 4960 0 0 0 : 67.956926 ]
[67.957s][info][gc       ] [HMSP 9 : 41100 0 : 67.956926 ]
[67.957s][info][gc       ] [VMAC 65530 166 24 435 625 : 67.957389 ]
[68.119s][info][gc       ] [GPGC-H  3850.4 443.6 1.1 0.0 : 115.5 : 0.000 0.000 : 0.000 0.000 0.607 1.162 : 0.000 0.000 0.000 0.000 1.598 0.516 : 0.000 : 90.592 : 846 1794 26 0 : 2274 : 4608 4424 : 68.119186 : 9 Next_heuristic_check_may_be_too_late ]
[68.122s][info][safepoint] Application time: 0.1652095 seconds
[68.122s][info][safepoint] Total time for which application threads were stopped: 0.0004079 seconds, Stopping threads took: 0.0000004 seconds
[68.123s][info][gc       ] [SPS 0.000 0.003 0.002 0.006 0.000 0.001 0.000 0.372 0.029 0.408 NewGC_pause1 68.121952 ]
[68.183s][info][safepoint] Application time: 0.0609984 seconds
[68.184s][info][safepoint] Total time for which application threads were stopped: 0.0001898 seconds, Stopping threads took: 0.0000004 seconds
[68.185s][info][gc       ] [SPS 0.000 0.001 0.000 0.006 0.000 0.001 0.000 0.143 0.039 0.190 NewGC_pause2 68.183140 ]
[68.186s][info][safepoint] Application time: 0.0030104 seconds
[68.187s][info][safepoint] Total time for which application threads were stopped: 0.0001366 seconds, Stopping threads took: 0.0000004 seconds
[68.187s][info][gc       ] [SPS 0.000 0.000 0.000 0.006 0.000 0.001 0.000 0.105 0.024 0.137 NewGC_pause3 68.186287 ]
[68.188s][info][safepoint] Application time: 0.0011784 seconds
[68.188s][info][safepoint] Total time for which application threads were stopped: 0.0001046 seconds, Stopping threads took: 0.0000004 seconds
[68.188s][info][gc       ] [SPS 0.000 0.002 0.002 0.006 0.000 0.001 0.000 0.084 0.013 0.105 NewGC_pause4 68.187570 ]
[68.188s][info][gc       ] [GC New Max 222-206 : 5120 3098 2246 5120 - - 1051 56 2 2 - : 242 1794 26 184 1094 : 238 4 854 854 0 : 0 1 119 0 121 - 0 : 0.163206 3749.9 0.0 0.067991 3618.1 0.0 : 3 --c 0000 : 23 0 0.000 0.000 0 0.000 0.000 0 0.000 0.000 : 68.119779 68.121544 0.000284 68.182951 0.000079 68.186151 0.000109 68.187466 0.000088 : 68.187769 ]
[68.188s][info][gc       ] [SYSINFO 7333 227 63 0 6776 0 30 0 0 5703 : - - - - - - - - : 0 7168 : 3.57 3.13 2.08 : 292739 4277808 : 0 0 : 19 0 : 3877 3 0 261 : - 7410384896 682364928 1199550464 5905219584 238030848 67043328 : 140073237 29985970 737600 0 0 0 : 68.187993 ]
[68.188s][info][gc       ] [HUGEPAGESTAT 0 0 0 - 110774 0 0 : 393216 0 0 : 68.187993 ]
[68.188s][info][gc       ] [OBJCREAT 198957721 25358 10342400 : 68.188035 ]
[68.188s][info][gc       ] [HMSV All : 0 0 60 0 0 0 0 0 : 4960 0 0 0 : 68.188052 ]
[68.188s][info][gc       ] [HMSP 9 : 41100 0 : 68.188052 ]
[68.188s][info][gc       ] [VMAC 65530 166 24 435 625 : 68.188449 ]
[68.350s][info][gc       ] [GPGC-H  3850.4 443.6 1.1 0.0 : 115.5 : 0.000 0.000 : 0.000 0.000 0.602 1.162 : 0.000 0.000 0.000 0.000 1.583 0.516 : 0.000 : 89.942 : 842 1794 26 0 : 2274 : 4608 4424 : 68.349891 : 9 Next_heuristic_check_may_be_too_late ]
[68.354s][info][safepoint] Application time: 0.1658542 seconds
[68.354s][info][safepoint] Total time for which application threads were stopped: 0.0002849 seconds, Stopping threads took: 0.0000005 seconds
[68.355s][info][gc       ] [SPS 0.000 0.003 0.002 0.006 0.000 0.001 0.000 0.253 0.024 0.285 NewGC_pause1 68.353710 ]
[68.414s][info][safepoint] Application time: 0.0601499 seconds
[68.414s][info][safepoint] Total time for which application threads were stopped: 0.0001481 seconds, Stopping threads took: 0.0000004 seconds
[68.415s][info][gc       ] [SPS 0.000 0.001 0.000 0.006 0.000 0.001 0.000 0.122 0.019 0.148 NewGC_pause2 68.414008 ]
[68.416s][info][safepoint] Application time: 0.0016310 seconds
[68.416s][info][safepoint] Total time for which application threads were stopped: 0.0000573 seconds, Stopping threads took: 0.0000004 seconds
[68.416s][info][gc       ] [SPS 0.000 0.000 0.000 0.006 0.000 0.001 0.000 0.038 0.012 0.057 NewGC_pause3 68.415696 ]
[68.417s][info][safepoint] Application time: 0.0008783 seconds
[68.417s][info][safepoint] Total time for which application threads were stopped: 0.0000633 seconds, Stopping threads took: 0.0000005 seconds
[68.417s][info][gc       ] [SPS 0.000 0.002 0.002 0.006 0.000 0.005 0.000 0.039 0.013 0.063 NewGC_pause4 68.416638 ]
[68.417s][info][gc       ] [GC New Max 223-207 : 5120 3086 2236 5120 - - 1051 56 2 2 - : 232 1794 26 184 1082 : 228 4 853 853 0 : 0 1 114 0 116 - 0 : 0.164070 3705.7 0.0 0.065057 3596.8 0.0 : 3 --c 0000 : 23 0 0.000 0.000 0 0.000 0.000 0 0.000 0.000 : 68.351839 68.353425 0.000179 68.413860 0.000090 68.415639 0.000041 68.416575 0.000047 : 68.416896 ]
[68.417s][info][gc       ] [SYSINFO 7333 227 63 0 6776 0 30 0 0 5703 : - - - - - - - - : 0 7168 : 3.57 3.13 2.08 : 292739 4277808 : 0 0 : 19 0 : 3877 2 0 261 : - 7410384896 682364928 1199550464 5905219584 238030848 67043328 : 140073237 29986340 737670 0 0 0 : 68.417134 ]
[68.417s][info][gc       ] [HUGEPAGESTAT 0 0 0 - 110774 0 0 : 393216 0 0 : 68.417134 ]
[68.417s][info][gc       ] [OBJCREAT 199790132 25358 10342400 : 68.417175 ]
[68.417s][info][gc       ] [HMSV All : 0 0 60 0 0 0 0 0 : 4960 0 0 0 : 68.417188 ]
[68.417s][info][gc       ] [HMSP 9 : 41100 0 : 68.417188 ]
[68.418s][info][gc       ] [VMAC 65530 166 24 435 625 : 68.417580 ]
[68.577s][info][gc       ] [GPGC-H  3850.4 443.6 1.1 0.0 : 115.5 : 0.000 0.000 : 0.000 0.000 0.596 1.162 : 0.000 0.000 0.000 0.000 1.568 0.516 : 0.000 : 89.293 : 824 1794 26 0 : 2274 : 4608 4424 : 68.577072 : 9 Next_heuristic_check_may_be_too_late ]
[68.579s][info][safepoint] Application time: 0.1623875 seconds
[68.580s][info][safepoint] Total time for which application threads were stopped: 0.0002781 seconds, Stopping threads took: 0.0000004 seconds
[68.580s][info][gc       ] [SPS 0.000 0.003 0.002 0.005 0.000 0.001 0.000 0.252 0.019 0.278 NewGC_pause1 68.579304 ]
[68.641s][info][safepoint] Application time: 0.0612599 seconds
[68.641s][info][safepoint] Total time for which application threads were stopped: 0.0001995 seconds, Stopping threads took: 0.0000005 seconds
[68.642s][info][gc       ] [SPS 0.000 0.001 0.000 0.007 0.000 0.001 0.000 0.164 0.032 0.205 NewGC_pause2 68.640768 ]
[68.643s][info][safepoint] Application time: 0.0024732 seconds
[68.644s][info][safepoint] Total time for which application threads were stopped: 0.0001346 seconds, Stopping threads took: 0.0000005 seconds
[68.644s][info][gc       ] [SPS 0.000 0.001 0.000 0.007 0.000 0.001 0.000 0.113 0.014 0.135 NewGC_pause3 68.643371 ]
[68.645s][info][safepoint] Application time: 0.0011516 seconds
[68.645s][info][safepoint] Total time for which application threads were stopped: 0.0001228 seconds, Stopping threads took: 0.0000004 seconds
[68.645s][info][gc       ] [SPS 0.000 0.003 0.002 0.006 0.000 0.001 0.000 0.101 0.014 0.123 NewGC_pause4 68.644646 ]
[68.645s][info][gc       ] [GC New Max 224-208 : 5120 3078 2250 5120 - - 1051 56 2 2 - : 246 1794 26 184 1074 : 242 4 830 830 0 : 0 1 121 0 123 - 0 : 0.160581 3699.1 0.0 0.067500 3703.7 0.0 : 3 --c 0000 : 23 0 0.000 0.000 0 0.000 0.000 0 0.000 0.000 : 68.577477 68.579026 0.000217 68.640564 0.000121 68.643236 0.000117 68.644523 0.000106 : 68.644977 ]
[68.645s][info][gc       ] [SYSINFO 7333 227 63 0 6776 0 30 0 0 5703 : - - - - - - - - : 0 7168 : 3.57 3.13 2.08 : 292739 4277808 : 0 0 : 19 0 : 3877 2 0 261 : - 7410384896 682364928 1199550464 5905219584 238030848 67043328 : 140073237 29986740 737730 0 0 0 : 68.645212 ]
[68.645s][info][gc       ] [HUGEPAGESTAT 0 0 0 - 110774 0 0 : 393216 0 0 : 68.645212 ]
[68.645s][info][gc       ] [OBJCREAT 200627226 25358 10342400 : 68.645257 ]
[68.645s][info][gc       ] [HMSV All : 0 0 60 0 0 0 0 0 : 4960 0 0 0 : 68.645277 ]
[68.645s][info][gc       ] [HMSP 9 : 41100 0 : 68.645277 ]
[68.646s][info][gc       ] [VMAC 65530 166 24 435 625 : 68.645735 ]
[68.824s][info][gc       ] [GPGC-H  3850.4 443.6 1.1 0.0 : 115.5 : 0.000 0.000 : 0.000 0.000 0.590 1.162 : 0.000 0.000 0.000 0.000 1.553 0.516 : 0.000 : 88.668 : 914 1794 26 0 : 2274 : 4608 4424 : 68.824287 : 9 Next_heuristic_check_may_be_too_late ]
[68.827s][info][safepoint] Application time: 0.1817296 seconds
[68.827s][info][safepoint] Total time for which application threads were stopped: 0.0004233 seconds, Stopping threads took: 0.0000008 seconds
[68.828s][info][gc       ] [SPS 0.000 0.004 0.003 0.010 0.001 0.001 0.001 0.377 0.034 0.424 NewGC_pause1 68.826799 ]
[68.888s][info][safepoint] Application time: 0.0610042 seconds
[68.889s][info][safepoint] Total time for which application threads were stopped: 0.0001746 seconds, Stopping threads took: 0.0000005 seconds
[68.889s][info][gc       ] [SPS 0.000 0.001 0.000 0.007 0.000 0.001 0.001 0.142 0.023 0.175 NewGC_pause2 68.887978 ]
[68.890s][info][safepoint] Application time: 0.0022782 seconds
[68.891s][info][safepoint] Total time for which application threads were stopped: 0.0000725 seconds, Stopping threads took: 0.0000005 seconds
[68.891s][info][gc       ] [SPS 0.000 0.001 0.000 0.007 0.000 0.001 0.000 0.040 0.024 0.073 NewGC_pause3 68.890329 ]
[68.891s][info][safepoint] Application time: 0.0009723 seconds
[68.892s][info][safepoint] Total time for which application threads were stopped: 0.0000730 seconds, Stopping threads took: 0.0000005 seconds
[68.892s][info][gc       ] [SPS 0.000 0.002 0.002 0.011 0.000 0.001 0.000 0.045 0.015 0.073 NewGC_pause4 68.891374 ]
[68.892s][info][gc       ] [GC New Max 225-209 : 5120 3162 2244 5120 - - 1051 56 2 2 - : 240 1794 26 184 1158 : 238 4 920 920 0 : 0 1 119 0 120 - 0 : 0.179795 3726.5 0.0 0.066846 3650.2 0.0 : 3 --c 0000 : 23 0 0.000 0.000 0 0.000 0.000 0 0.000 0.000 : 68.824772 68.826376 0.000310 68.887803 0.000101 68.890256 0.000044 68.891301 0.000054 : 68.891618 ]
[68.892s][info][gc       ] [SYSINFO 7333 227 63 0 6776 0 30 0 0 5703 : - - - - - - - - : 0 7168 : 3.36 3.09 2.07 : 292739 4277808 : 0 0 : 19 0 : 3877 2 0 261 : - 7410384896 682364928 1199550464 5905219584 238030848 67043328 : 140073237 29987150 737780 0 0 0 : 68.891852 ]
[68.892s][info][gc       ] [HUGEPAGESTAT 0 0 0 - 110774 0 0 : 393216 0 0 : 68.891852 ]
[68.892s][info][gc       ] [OBJCREAT 201531135 25358 10342400 : 68.891898 ]
[68.892s][info][gc       ] [HMSV All : 0 0 60 0 0 0 0 0 : 4960 0 0 0 : 68.891916 ]
[68.892s][info][gc       ] [HMSP 9 : 41100 0 : 68.891916 ]
[68.892s][info][gc       ] [VMAC 65530 166 24 435 625 : 68.892351 ]
[69.054s][info][gc       ] [GPGC-H  3850.4 443.6 1.1 0.0 : 115.5 : 0.000 0.000 : 0.000 0.000 0.584 1.162 : 0.000 0.000 0.000 0.000 1.538 0.516 : 0.000 : 87.970 : 840 1794 26 0 : 2274 : 4608 4424 : 69.053877 : 9 Next_heuristic_check_may_be_too_late ]
[69.056s][info][safepoint] Application time: 0.1646243 seconds
[69.057s][info][safepoint] Total time for which application threads were stopped: 0.0004034 seconds, Stopping threads took: 0.0000005 seconds
[69.057s][info][gc       ] [SPS 0.000 0.003 0.002 0.007 0.000 0.001 0.000 0.366 0.029 0.403 NewGC_pause1 69.056402 ]
[69.116s][info][safepoint] Application time: 0.0597428 seconds
[69.117s][info][safepoint] Total time for which application threads were stopped: 0.0001361 seconds, Stopping threads took: 0.0000004 seconds
[69.117s][info][gc       ] [SPS 0.000 0.001 0.000 0.006 0.000 0.001 0.000 0.111 0.018 0.136 NewGC_pause2 69.116281 ]
[69.118s][info][safepoint] Application time: 0.0019908 seconds
[69.119s][info][safepoint] Total time for which application threads were stopped: 0.0000994 seconds, Stopping threads took: 0.0000004 seconds
[69.119s][info][gc       ] [SPS 0.000 0.000 0.000 0.005 0.000 0.001 0.000 0.081 0.012 0.099 NewGC_pause3 69.118371 ]
[69.119s][info][safepoint] Application time: 0.0010636 seconds
[69.120s][info][safepoint] Total time for which application threads were stopped: 0.0000620 seconds, Stopping threads took: 0.0000004 seconds
[69.120s][info][gc       ] [SPS 0.000 0.002 0.002 0.010 0.000 0.001 0.000 0.038 0.013 0.062 NewGC_pause4 69.119497 ]
[69.120s][info][gc       ] [GC New Max 226-210 : 5120 3098 2258 5120 - - 1051 56 2 2 - : 254 1794 26 184 1094 : 250 4 845 845 0 : 0 1 125 0 127 - 0 : 0.162780 3698.2 0.0 0.065346 3917.6 0.0 : 3 --c 0000 : 23 0 0.000 0.000 0 0.000 0.000 0 0.000 0.000 : 69.054398 69.055999 0.000326 69.116145 0.000079 69.118272 0.000084 69.119435 0.000045 : 69.119745 ]
[69.120s][info][gc       ] [SYSINFO 7333 227 63 0 6776 0 30 0 0 5703 : - - - - - - - - : 0 7168 : 3.36 3.09 2.07 : 292739 4277808 : 0 0 : 19 0 : 3877 2 0 261 : - 7410384896 682364928 1199550464 5905219584 238030848 67043328 : 140073237 29987530 737780 0 0 0 : 69.119968 ]
[69.120s][info][gc       ] [HUGEPAGESTAT 0 0 0 - 110774 0 0 : 393216 0 0 : 69.119968 ]
[69.120s][info][gc       ] [OBJCREAT 202379436 25358 10342400 : 69.120006 ]
[69.120s][info][gc       ] [HMSV All : 0 0 60 0 0 0 0 0 : 4960 0 0 0 : 69.120020 ]
[69.120s][info][gc       ] [HMSP 9 : 41100 0 : 69.120020 ]
[69.120s][info][gc       ] [VMAC 65530 166 24 435 625 : 69.120403 ]
[69.280s][info][gc       ] [GPGC-H  3850.4 443.6 1.1 0.0 : 115.5 : 0.000 0.000 : 0.000 0.000 0.579 1.162 : 0.000 0.000 0.000 0.000 1.523 0.516 : 0.000 : 87.348 : 874 1794 26 0 : 2274 : 4608 4424 : 69.280221 : 9 Next_heuristic_check_may_be_too_late ]
[69.283s][info][safepoint] Application time: 0.1628762 seconds
[69.283s][info][safepoint] Total time for which application threads were stopped: 0.0003079 seconds, Stopping threads took: 0.0000004 seconds
[69.283s][info][gc       ] [SPS 0.000 0.002 0.002 0.006 0.000 0.001 0.000 0.282 0.019 0.308 NewGC_pause1 69.282681 ]
[69.357s][info][safepoint] Application time: 0.0743680 seconds
[69.358s][info][safepoint] Total time for which application threads were stopped: 0.0001408 seconds, Stopping threads took: 0.0000004 seconds
[69.358s][info][gc       ] [SPS 0.000 0.001 0.000 0.006 0.000 0.001 0.000 0.111 0.022 0.141 NewGC_pause2 69.357190 ]
[69.359s][info][safepoint] Application time: 0.0021782 seconds
[69.360s][info][safepoint] Total time for which application threads were stopped: 0.0000568 seconds, Stopping threads took: 0.0000004 seconds
[69.360s][info][gc       ] [SPS 0.000 0.000 0.000 0.006 0.000 0.001 0.000 0.035 0.014 0.057 NewGC_pause3 69.359425 ]
[69.361s][info][safepoint] Application time: 0.0010385 seconds
[69.361s][info][safepoint] Total time for which application threads were stopped: 0.0000585 seconds, Stopping threads took: 0.0000004 seconds
[69.361s][info][gc       ] [SPS 0.000 0.002 0.002 0.006 0.000 0.001 0.000 0.039 0.013 0.058 NewGC_pause4 69.360522 ]
[69.361s][info][gc       ] [GC New Max 227-211 : 5120 3170 2294 5120 - - 1051 56 2 2 - : 290 1794 26 184 1166 : 284 6 879 879 0 : 0 1 142 0 145 - 0 : 0.160989 3863.6 0.0 0.080006 3649.7 0.0 : 3 --c 0000 : 23 0 0.000 0.000 0 0.000 0.000 0 0.000 0.000 : 69.280734 69.282373 0.000240 69.357049 0.000048 69.359368 0.000039 69.360464 0.000042 : 69.360740 ]
[69.361s][info][gc       ] [SYSINFO 7333 227 63 0 6776 0 30 0 0 5703 : - - - - - - - - : 0 7168 : 3.36 3.09 2.07 : 292739 4277808 : 0 0 : 19 0 : 3877 2 0 261 : - 7410384896 682364928 1199550464 5905219584 238030848 67043328 : 140073237 29987970 737790 0 0 0 : 69.360964 ]
[69.361s][info][gc       ] [HUGEPAGESTAT 0 0 0 - 110774 0 0 : 393216 0 0 : 69.360964 ]
[69.361s][info][gc       ] [OBJCREAT 203283338 25358 10342400 : 69.361015 ]
[69.361s][info][gc       ] [HMSV All : 0 0 60 0 0 0 0 0 : 4960 0 0 0 : 69.361048 ]
[69.361s][info][gc       ] [HMSP 9 : 41100 0 : 69.361048 ]
[69.362s][info][gc       ] [VMAC 65530 166 24 435 625 : 69.361514 ]
[69.521s][info][gc       ] [GPGC-H  3850.4 404.4 1.0 0.0 : 105.3 : 0.000 0.000 : 0.000 0.000 0.573 1.162 : 0.000 0.000 0.000 0.000 1.508 0.516 : 0.000 : 86.748 : 906 1794 26 0 : 2274 : 4608 4424 : 69.520966 : 9 Next_heuristic_check_may_be_too_late ]
[69.524s][info][safepoint] Application time: 0.1627636 seconds
[69.524s][info][safepoint] Total time for which application threads were stopped: 0.0004107 seconds, Stopping threads took: 0.0000005 seconds
[69.525s][info][gc       ] [SPS 0.000 0.002 0.002 0.006 0.000 0.001 0.000 0.383 0.019 0.411 NewGC_pause1 69.523697 ]
[69.582s][info][safepoint] Application time: 0.0585959 seconds
[69.583s][info][safepoint] Total time for which application threads were stopped: 0.0001402 seconds, Stopping threads took: 0.0000004 seconds
[69.583s][info][gc       ] [SPS 0.000 0.001 0.000 0.006 0.000 0.001 0.000 0.115 0.018 0.140 NewGC_pause2 69.582433 ]
[69.584s][info][safepoint] Application time: 0.0017516 seconds
[69.585s][info][safepoint] Total time for which application threads were stopped: 0.0001159 seconds, Stopping threads took: 0.0000004 seconds
[69.585s][info][gc       ] [SPS 0.000 0.001 0.000 0.005 0.000 0.001 0.000 0.098 0.012 0.116 NewGC_pause3 69.584301 ]
[69.585s][info][safepoint] Application time: 0.0010669 seconds
[69.586s][info][safepoint] Total time for which application threads were stopped: 0.0000641 seconds, Stopping threads took: 0.0000004 seconds
[69.586s][info][gc       ] [SPS 0.000 0.002 0.002 0.011 0.000 0.001 0.000 0.039 0.013 0.064 NewGC_pause4 69.585432 ]
[69.586s][info][gc       ] [GC New Max 228-212 : 5120 3158 2246 5120 - - 1051 56 2 2 - : 242 1794 26 184 1154 : 240 2 914 914 0 : 0 0 120 0 121 - 0 : 0.160784 3843.7 0.0 0.064141 3866.5 0.0 : 3 --c 0000 : 23 0 0.000 0.000 0 0.000 0.000 0 0.000 0.000 : 69.521524 69.523286 0.000281 69.582293 0.000084 69.584185 0.000102 69.585368 0.000048 : 69.585665 ]
[69.586s][info][gc       ] [SYSINFO 7333 227 63 0 6776 0 30 0 0 5703 : - - - - - - - - : 0 7168 : 3.36 3.09 2.07 : 292739 4277808 : 0 0 : 19 0 : 3877 2 0 261 : - 7410384896 682364928 1199550464 5905219584 238030848 67043328 : 140073237 29988360 737810 0 0 0 : 69.585883 ]
[69.586s][info][gc       ] [HUGEPAGESTAT 0 0 0 - 110774 0 0 : 393216 0 0 : 69.585883 ]
[69.586s][info][gc       ] [OBJCREAT 204143158 25358 10342400 : 69.585922 ]
[69.586s][info][gc       ] [HMSV All : 0 0 60 0 0 0 0 0 : 4960 0 0 0 : 69.585935 ]
[69.586s][info][gc       ] [HMSP 9 : 41100 0 : 69.585935 ]
[69.586s][info][gc       ] [VMAC 65530 166 24 435 625 : 69.586350 ]
[69.748s][info][gc       ] [GPGC-H  3850.4 404.4 1.0 0.0 : 105.3 : 0.000 0.000 : 0.000 0.000 0.568 1.162 : 0.000 0.000 0.000 0.000 1.494 0.516 : 0.000 : 86.146 : 914 1794 26 0 : 2274 : 4608 4424 : 69.747763 : 9 Next_heuristic_check_may_be_too_late ]
[69.750s][info][safepoint] Application time: 0.1644632 seconds
[69.751s][info][safepoint] Total time for which application threads were stopped: 0.0002578 seconds, Stopping threads took: 0.0000004 seconds
[69.751s][info][gc       ] [SPS 0.000 0.003 0.002 0.006 0.000 0.001 0.000 0.234 0.018 0.259 NewGC_pause1 69.750154 ]
[69.810s][info][safepoint] Application time: 0.0599856 seconds
[69.811s][info][safepoint] Total time for which application threads were stopped: 0.0001261 seconds, Stopping threads took: 0.0000004 seconds
[69.811s][info][gc       ] [SPS 0.000 0.001 0.000 0.006 0.000 0.001 0.000 0.107 0.012 0.126 NewGC_pause2 69.810265 ]
[69.812s][info][safepoint] Application time: 0.0014121 seconds
[69.812s][info][safepoint] Total time for which application threads were stopped: 0.0000909 seconds, Stopping threads took: 0.0000004 seconds
[69.812s][info][gc       ] [SPSH lock suspend gclocker notify wait resuspend cleanup op_time wakeup total(ms) op_name end(s) ]
[69.812s][info][gc       ] [SPS 0.000 0.001 0.000 0.005 0.000 0.001 0.000 0.072 0.012 0.091 NewGC_pause3 69.811768 ]
[69.813s][info][safepoint] Application time: 0.0009523 seconds
[69.813s][info][safepoint] Total time for which application threads were stopped: 0.0000618 seconds, Stopping threads took: 0.0000004 seconds
[69.813s][info][gc       ] [SPS 0.000 0.002 0.002 0.006 0.000 0.001 0.000 0.039 0.016 0.062 NewGC_pause4 69.812782 ]
[69.813s][info][gc       ] [GC New Max 229-213 : 5120 3176 2260 5120 - - 1051 56 2 2 - : 254 1794 26 184 1172 : 250 4 920 920 0 : 0 1 125 0 127 - 0 : 0.162621 4144.6 0.0 0.064741 3985.1 0.0 : 3 --c 0000 : 23 0 0.000 0.000 0 0.000 0.000 0 0.000 0.000 : 69.748287 69.749895 0.000202 69.810139 0.000111 69.811677 0.000076 69.812720 0.000042 : 69.813028 ]
[69.813s][info][gc       ] [SYSINFO 7333 227 63 0 6776 0 30 0 0 5703 : - - - - - - - - : 0 7168 : 3.36 3.09 2.07 : 292739 4277808 : 0 0 : 19 0 : 3877 2 0 261 : - 7410384896 682364928 1199550464 5905219584 238030848 67043328 : 140073237 29988760 737810 0 0 0 : 69.813281 ]
[69.813s][info][gc       ] [HUGEPAGESTAT 0 0 0 - 110774 0 0 : 393216 0 0 : 69.813281 ]
[69.813s][info][gc       ] [OBJCREAT 205065674 25358 10342400 : 69.813321 ]
[69.813s][info][gc       ] [HMSV All : 0 0 60 0 0 0 0 0 : 4960 0 0 0 : 69.813334 ]
[69.813s][info][gc       ] [HMSP 9 : 41100 0 : 69.813334 ]
[69.814s][info][gc       ] [VMAC 65530 166 24 435 625 : 69.813689 ]
[69.974s][info][gc       ] [GPGC-H  3833.7 404.4 1.0 0.0 : 105.3 : 0.000 0.000 : 0.000 0.000 0.563 1.162 : 0.000 0.000 0.000 0.000 1.480 0.516 : 0.000 : 85.543 : 906 1794 26 0 : 2274 : 4608 4424 : 69.973581 : 9 Next_heuristic_check_may_be_too_late ]
[69.976s][info][safepoint] Application time: 0.1628453 seconds
[69.977s][info][safepoint] Total time for which application threads were stopped: 0.0003177 seconds, Stopping threads took: 0.0000004 seconds
[69.977s][info][gc       ] [SPS 0.000 0.002 0.002 0.006 0.000 0.001 0.000 0.292 0.019 0.319 NewGC_pause1 69.975946 ]
[70.038s][info][safepoint] Application time: 0.0621325 seconds
[70.039s][info][safepoint] Total time for which application threads were stopped: 0.0001486 seconds, Stopping threads took: 0.0000004 seconds
[70.039s][info][gc       ] [SPS 0.000 0.001 0.000 0.006 0.000 0.001 0.000 0.124 0.018 0.149 NewGC_pause2 70.038226 ]
[70.040s][info][safepoint] Application time: 0.0017194 seconds
[70.040s][info][safepoint] Total time for which application threads were stopped: 0.0000893 seconds, Stopping threads took: 0.0000004 seconds
[70.041s][info][gc       ] [SPS 0.000 0.000 0.000 0.005 0.000 0.001 0.000 0.072 0.011 0.089 NewGC_pause3 70.040035 ]
[70.041s][info][safepoint] Application time: 0.0009930 seconds
[70.041s][info][safepoint] Total time for which application threads were stopped: 0.0000601 seconds, Stopping threads took: 0.0000004 seconds
[70.041s][info][gc       ] [SPS 0.000 0.002 0.002 0.006 0.000 0.001 0.000 0.036 0.017 0.060 NewGC_pause4 70.041088 ]
[70.042s][info][gc       ] [GC New Max 230-214 : 5120 3174 2264 5120 - - 1051 56 2 2 - : 260 1794 26 184 1170 : 256 4 912 912 0 : 0 1 128 0 130 - 0 : 0.160969 4062.9 0.0 0.067328 3921.1 0.0 : 3 --c 0000 : 23 0 0.000 0.000 0 0.000 0.000 0 0.000 0.000 : 69.973997 69.975627 0.000246 70.038078 0.000089 70.039946 0.000076 70.041028 0.000040 : 70.041325 ]
[70.042s][info][gc       ] [SYSINFO 7333 227 63 0 6776 0 30 0 0 5703 : - - - - - - - - : 0 7168 : 3.36 3.09 2.07 : 292739 4277808 : 0 0 : 19 0 : 3877 2 0 261 : - 7410384896 682364928 1199550464 5905219584 238030848 67043328 : 140073237 29989150 737810 0 0 0 : 70.041537 ]
[70.042s][info][gc       ] [HUGEPAGESTAT 0 0 0 - 110774 0 0 : 393216 0 0 : 70.041537 ]
[70.042s][info][gc       ] [OBJCREAT 205973887 25358 10342400 : 70.041575 ]
[70.042s][info][gc       ] [HMSV All : 0 0 60 0 0 0 0 0 : 4960 0 0 0 : 70.041588 ]
[70.042s][info][gc       ] [HMSP 9 : 41100 0 : 70.041588 ]
[70.042s][info][gc       ] [VMAC 65530 166 24 435 625 : 70.041969 ]
[70.201s][info][gc       ] [GPGC-H  3833.7 404.4 1.0 0.0 : 105.3 : 0.000 0.000 : 0.000 0.000 0.558 1.162 : 0.000 0.000 0.000 0.000 1.467 0.516 : 0.000 : 84.955 : 906 1794 26 0 : 2274 : 4608 4424 : 70.200982 : 9 Next_heuristic_check_may_be_too_late ]
[70.203s][info][safepoint] Application time: 0.1619590 seconds
[70.204s][info][safepoint] Total time for which application threads were stopped: 0.0003058 seconds, Stopping threads took: 0.0000004 seconds
[70.204s][info][gc       ] [SPS 0.000 0.002 0.002 0.006 0.000 0.001 0.000 0.280 0.018 0.306 NewGC_pause1 70.203353 ]
[70.264s][info][safepoint] Application time: 0.0600436 seconds
[70.264s][info][safepoint] Total time for which application threads were stopped: 0.0001767 seconds, Stopping threads took: 0.0000004 seconds
[70.264s][info][gc       ] [SPS 0.000 0.001 0.000 0.006 0.000 0.001 0.000 0.149 0.020 0.177 NewGC_pause2 70.263574 ]
[70.265s][info][safepoint] Application time: 0.0017629 seconds
[70.266s][info][safepoint] Total time for which application threads were stopped: 0.0000558 seconds, Stopping threads took: 0.0000004 seconds
[70.266s][info][gc       ] [SPS 0.000 0.000 0.000 0.006 0.000 0.001 0.000 0.036 0.013 0.056 NewGC_pause3 70.265392 ]
[70.266s][info][safepoint] Application time: 0.0010081 seconds
[70.267s][info][safepoint] Total time for which application threads were stopped: 0.0000596 seconds, Stopping threads took: 0.0000004 seconds
[70.267s][info][gc       ] [SPS 0.000 0.002 0.002 0.006 0.000 0.001 0.000 0.038 0.014 0.060 NewGC_pause4 70.266460 ]
[70.267s][info][gc       ] [GC New Max 231-215 : 5120 3156 2248 5120 - - 1051 56 2 2 - : 244 1794 26 184 1152 : 240 4 911 911 0 : 0 1 120 0 122 - 0 : 0.160111 4047.2 0.0 0.065320 3766.1 0.0 : 3 --c 0000 : 23 0 0.000 0.000 0 0.000 0.000 0 0.000 0.000 : 70.201436 70.203047 0.000234 70.263397 0.000094 70.265336 0.000039 70.266400 0.000042 : 70.266756 ]
[70.267s][info][gc       ] [SYSINFO 7333 227 63 0 6776 0 30 0 0 5703 : - - - - - - - - : 0 7168 : 3.36 3.09 2.07 : 292739 4277808 : 0 0 : 19 0 : 3877 2 0 261 : - 7410384896 682364928 1199550464 5905219584 238030848 67043328 : 140073237 29989550 737810 0 0 0 : 70.266963 ]
[70.267s][info][gc       ] [HUGEPAGESTAT 0 0 0 - 110774 0 0 : 393216 0 0 : 70.266963 ]
[70.267s][info][gc       ] [OBJCREAT 206859825 25358 10342400 : 70.267004 ]
[70.267s][info][gc       ] [HMSV All : 0 0 60 0 0 0 0 0 : 4960 0 0 0 : 70.267018 ]
[70.267s][info][gc       ] [HMSP 9 : 41100 0 : 70.267018 ]
[70.267s][info][gc       ] [VMAC 65530 166 24 435 625 : 70.267402 ]
[70.429s][info][gc       ] [GPGC-H  3833.7 404.4 1.0 0.0 : 105.3 : 0.000 0.000 : 0.000 0.000 0.553 1.162 : 0.000 0.000 0.000 0.000 1.453 0.516 : 0.000 : 84.375 : 886 1794 26 0 : 2274 : 4608 4424 : 70.428755 : 9 Next_heuristic_check_may_be_too_late ]
[70.431s][info][safepoint] Application time: 0.1643183 seconds
[70.432s][info][safepoint] Total time for which application threads were stopped: 0.0002050 seconds, Stopping threads took: 0.0000005 seconds
[70.432s][info][gc       ] [SPS 0.000 0.002 0.002 0.006 0.000 0.001 0.000 0.178 0.020 0.205 NewGC_pause1 70.430984 ]
[70.491s][info][safepoint] Application time: 0.0594723 seconds
[70.491s][info][safepoint] Total time for which application threads were stopped: 0.0001575 seconds, Stopping threads took: 0.0000004 seconds
[70.491s][info][gc       ] [SPS 0.000 0.001 0.000 0.006 0.000 0.001 0.000 0.132 0.019 0.158 NewGC_pause2 70.490614 ]
[70.492s][info][safepoint] Application time: 0.0014866 seconds
[70.493s][info][safepoint] Total time for which application threads were stopped: 0.0000973 seconds, Stopping threads took: 0.0000004 seconds
[70.493s][info][gc       ] [SPS 0.000 0.000 0.000 0.006 0.000 0.001 0.000 0.078 0.012 0.097 NewGC_pause3 70.492197 ]
[70.493s][info][safepoint] Application time: 0.0010253 seconds
[70.494s][info][safepoint] Total time for which application threads were stopped: 0.0000671 seconds, Stopping threads took: 0.0000004 seconds
[70.494s][info][gc       ] [SPS 0.000 0.002 0.002 0.006 0.000 0.001 0.000 0.041 0.019 0.067 NewGC_pause4 70.493290 ]
[70.494s][info][gc       ] [GC New Max 232-216 : 5120 3148 2260 5120 - - 1051 56 2 2 - : 256 1794 26 184 1144 : 250 4 893 893 0 : 0 1 125 0 128 - 0 : 0.162404 3965.4 0.0 0.064381 4038.4 0.0 : 3 --c 0000 : 23 0 0.000 0.000 0 0.000 0.000 0 0.000 0.000 : 70.429160 70.430779 0.000141 70.490456 0.000100 70.492100 0.000082 70.493223 0.000043 : 70.493541 ]
[70.494s][info][gc       ] [SYSINFO 7333 227 63 0 6776 0 30 0 0 5703 : - - - - - - - - : 0 7168 : 3.36 3.09 2.07 : 292739 4277808 : 0 0 : 19 0 : 3877 3 0 261 : - 7410384896 682364928 1199550464 5905219584 238030848 67043328 : 140073237 29989950 737810 0 0 0 : 70.493776 ]
[70.494s][info][gc       ] [HUGEPAGESTAT 0 0 0 - 110774 0 0 : 393216 0 0 : 70.493776 ]
[70.494s][info][gc       ] [OBJCREAT 207753515 25358 10342400 : 70.493815 ]
[70.494s][info][gc       ] [HMSV All : 0 0 60 0 0 0 0 0 : 4960 0 0 0 : 70.493829 ]
[70.494s][info][gc       ] [HMSP 9 : 41100 0 : 70.493829 ]
[70.494s][info][gc       ] [VMAC 65530 166 24 435 625 : 70.494224 ]
[70.654s][info][gc       ] [GPGC-H  3833.7 404.4 1.0 0.0 : 105.3 : 0.000 0.000 : 0.000 0.000 0.548 1.162 : 0.000 0.000 0.000 0.000 1.440 0.516 : 0.000 : 83.791 : 898 1794 26 0 : 2274 : 4608 4424 : 70.653993 : 9 Next_heuristic_check_may_be_too_late ]
[70.656s][info][safepoint] Application time: 0.1627880 seconds
[70.657s][info][safepoint] Total time for which application threads were stopped: 0.0002912 seconds, Stopping threads took: 0.0000004 seconds
[70.657s][info][gc       ] [SPS 0.000 0.003 0.002 0.006 0.000 0.001 0.000 0.265 0.019 0.291 NewGC_pause1 70.656370 ]
[70.720s][info][safepoint] Application time: 0.0636467 seconds
[70.721s][info][safepoint] Total time for which application threads were stopped: 0.0001845 seconds, Stopping threads took: 0.0000004 seconds
[70.722s][info][gc       ] [SPS 0.000 0.001 0.000 0.007 0.000 0.001 0.000 0.142 0.034 0.185 NewGC_pause2 70.720201 ]
[70.723s][info][safepoint] Application time: 0.0025450 seconds
[70.723s][info][safepoint] Total time for which application threads were stopped: 0.0001111 seconds, Stopping threads took: 0.0000004 seconds
[70.724s][info][gc       ] [SPS 0.000 0.000 0.000 0.006 0.000 0.001 0.000 0.091 0.013 0.112 NewGC_pause3 70.722857 ]
[70.724s][info][safepoint] Application time: 0.0013017 seconds
[70.725s][info][safepoint] Total time for which application threads were stopped: 0.0001182 seconds, Stopping threads took: 0.0000005 seconds
[70.725s][info][gc       ] [SPS 0.000 0.002 0.002 0.006 0.001 0.001 0.000 0.089 0.022 0.118 NewGC_pause4 70.724277 ]
[70.725s][info][gc       ] [GC New Max 233-217 : 5120 3156 2256 5120 - - 1051 56 2 2 - : 252 1794 26 184 1152 : 248 4 904 904 0 : 0 1 124 0 126 - 0 : 0.160968 4000.8 0.0 0.070131 3650.3 0.0 : 3 --c 0000 : 23 0 0.000 0.000 0 0.000 0.000 0 0.000 0.000 : 70.654509 70.656078 0.000227 70.720016 0.000091 70.722746 0.000096 70.724159 0.000093 : 70.724641 ]
[70.725s][info][gc       ] [SYSINFO 7333 227 63 0 6776 0 30 0 0 5703 : - - - - - - - - : 0 7168 : 3.36 3.09 2.07 : 292739 4277808 : 0 0 : 19 0 : 3877 3 0 261 : - 7410384896 682364928 1199550464 5905219584 238030848 67043328 : 140073237 29990350 737860 0 0 0 : 70.724866 ]
[70.725s][info][gc       ] [HUGEPAGESTAT 0 0 0 - 110774 0 0 : 393216 0 0 : 70.724866 ]
[70.725s][info][gc       ] [OBJCREAT 208644345 25358 10342400 : 70.724908 ]
[70.725s][info][gc       ] [HMSV All : 0 0 60 0 0 0 0 0 : 4960 0 0 0 : 70.724923 ]
[70.725s][info][gc       ] [HMSP 9 : 41100 0 : 70.724923 ]
[70.725s][info][gc       ] [VMAC 65530 166 24 435 625 : 70.725348 ]
[70.861s][info][gc       ] [GPGC-H  3833.7 404.4 1.0 0.0 : 105.3 : 0.000 0.000 : 0.000 0.000 0.542 1.162 : 0.000 0.000 0.000 0.000 1.426 0.516 : 0.000 : 83.224 : 936 1794 26 0 : 2274 : 4608 4424 : 70.861033 : 9 Next_heuristic_check_may_be_too_late ]
[70.864s][info][safepoint] Application time: 0.1393511 seconds
[70.864s][info][safepoint] Total time for which application threads were stopped: 0.0003632 seconds, Stopping threads took: 0.0000004 seconds
[70.865s][info][gc       ] [SPS 0.000 0.004 0.002 0.007 0.000 0.001 0.000 0.323 0.033 0.363 NewGC_pause1 70.863992 ]
[70.993s][info][safepoint] Application time: 0.1291996 seconds
[70.994s][info][safepoint] Total time for which application threads were stopped: 0.0001613 seconds, Stopping threads took: 0.0000004 seconds
[70.994s][info][gc       ] [SPS 0.000 0.001 0.000 0.006 0.000 0.001 0.000 0.135 0.020 0.162 NewGC_pause2 70.993354 ]
[70.995s][info][safepoint] Application time: 0.0019735 seconds
[70.996s][info][safepoint] Total time for which application threads were stopped: 0.0001384 seconds, Stopping threads took: 0.0000004 seconds
[70.996s][info][gc       ] [SPS 0.000 0.001 0.000 0.007 0.000 0.001 0.000 0.111 0.019 0.138 NewGC_pause3 70.995465 ]
[70.997s][info][safepoint] Application time: 0.0014504 seconds
[70.997s][info][safepoint] Total time for which application threads were stopped: 0.0000666 seconds, Stopping threads took: 0.0000004 seconds
[70.997s][info][gc       ] [SPS 0.000 0.003 0.002 0.006 0.000 0.001 0.000 0.046 0.014 0.067 NewGC_pause4 70.996982 ]
[70.998s][info][gc       ] [GC New Max 234-218 : 5120 3972 3236 5120 - - 1051 56 2 2 - : 1232 1794 26 184 1968 : 1222 14 742 742 0 : 0 2 499 0 513 - 103 : 0.137019 5035.8 0.0 0.135782 7556.3 0.0 : 3 --c 0000 : 23 0 0.000 0.000 0 0.000 0.000 0 0.000 0.000 : 70.861659 70.863628 0.000266 70.993192 0.000087 70.995326 0.000051 70.996915 0.000049 : 70.997441 ]
[70.998s][info][gc       ] [SYSINFO 7333 227 63 0 6776 0 30 0 0 5703 : - - - - - - - - : 0 7168 : 3.36 3.09 2.07 : 292739 4277808 : 0 0 : 19 0 : 3877 2 0 261 : - 7410384896 682364928 1199550464 5905219584 238030848 67043328 : 140073237 29990950 737920 0 0 0 : 70.997650 ]
[70.998s][info][gc       ] [HUGEPAGESTAT 0 0 0 - 110774 0 0 : 393216 0 0 : 70.997650 ]
[70.998s][info][gc       ] [OBJCREAT 210337722 25358 10342400 : 70.997691 ]
[70.998s][info][gc       ] [HMSV All : 0 0 69 0 0 0 0 0 : 4960 0 0 0 : 70.997706 ]
[70.998s][info][gc       ] [HMSP 9 : 41100 0 : 70.997706 ]
[70.998s][info][gc       ] [VMAC 65530 166 24 435 625 : 70.998077 ]
[71.206s][info][gc       ] [GPGC-H  3833.7 404.4 1.0 0.0 : 105.3 : 0.000 0.000 : 0.000 0.000 0.537 1.162 : 0.000 0.000 0.000 0.000 1.411 0.516 : 0.000 : 82.805 : 1852 1794 26 0 : 2274 : 4608 4424 : 71.205809 : 9 Next_heuristic_check_may_be_too_late ]
[71.209s][info][safepoint] Application time: 0.2118284 seconds
[71.210s][info][safepoint] Total time for which application threads were stopped: 0.0003326 seconds, Stopping threads took: 0.0000036 seconds
[71.210s][info][gc       ] [SPS 0.000 0.003 0.002 0.006 0.004 0.001 0.001 0.303 0.019 0.332 NewGC_pause1 71.209143 ]
[71.698s][info][safepoint] Application time: 0.4884909 seconds
[71.698s][info][safepoint] Total time for which application threads were stopped: 0.0001628 seconds, Stopping threads took: 0.0000005 seconds
[71.699s][info][gc       ] [SPS 0.000 0.002 0.000 0.006 0.000 0.001 0.000 0.131 0.024 0.163 NewGC_pause2 71.697797 ]
[71.701s][info][safepoint] Application time: 0.0025737 seconds
[71.701s][info][safepoint] Total time for which application threads were stopped: 0.0001731 seconds, Stopping threads took: 0.0000005 seconds
[71.701s][info][gc       ] [SPS 0.000 0.001 0.000 0.006 0.000 0.001 0.000 0.145 0.021 0.173 NewGC_pause3 71.700544 ]
[71.702s][info][safepoint] Application time: 0.0010872 seconds
[71.702s][info][safepoint] Total time for which application threads were stopped: 0.0000746 seconds, Stopping threads took: 0.0000005 seconds
[71.702s][info][gc       ] [SPS 0.000 0.003 0.002 0.006 0.000 0.001 0.000 0.052 0.015 0.075 NewGC_pause4 71.701706 ]
[71.702s][info][gc       ] [GC New Max 235-219 : 5120 4504 4376 5120 - - 1051 56 2 2 - : 2372 1794 26 184 2500 : 2356 11 134 134 0 : 0 2 324 0 1094 - 92 : 0.208906 2967.8 0.0 0.495829 1315.0 0.0 : 3 --c 0000 : 23 329 0.000 0.000 0 0.000 0.000 329 0.000 0.000 : 71.206347 71.208811 0.000272 71.697634 0.000094 71.700371 0.000109 71.701631 0.000056 : 71.702177 ]
[71.702s][info][gc       ] [SYSINFO 7333 227 63 0 6776 0 30 0 0 5703 : - - - - - - - - : 0 7168 : 3.36 3.09 2.07 : 292739 4277824 : 0 0 : 19 0 : 3877 2 0 261 : - 7410520064 682364928 1199685632 5905219584 238030848 67043328 : 140073237 29993120 738010 0 0 0 : 71.702410 ]
[71.702s][info][gc       ] [HUGEPAGESTAT 0 0 0 - 110774 0 0 : 393216 0 0 : 71.702410 ]
[71.702s][info][gc       ] [OBJCREAT 211600356 25358 10342400 : 71.702454 ]
[71.702s][info][gc       ] [HMSV All : 0 0 70 0 0 0 0 0 : 4960 0 0 0 : 71.702472 ]
[71.702s][info][gc       ] [HMSP 9 : 41100 0 : 71.702472 ]
[71.703s][info][gc       ] [VMAC 65530 166 24 435 625 : 71.702875 ]
[71.726s][info][gc       ] [GPGC-H  3836.8 365.2 0.9 0.0 : 95.1 : 0.000 0.000 : 0.000 0.000 0.536 1.162 : 0.000 0.000 0.000 0.000 1.411 0.516 : 0.000 : 82.406 : 2454 1794 26 0 : 2274 : 4608 4424 : 71.725717 : 8 May_exceed_heap_occupancy_target ]
[71.732s][info][safepoint] Application time: 0.0295847 seconds
[71.732s][info][safepoint] Total time for which application threads were stopped: 0.0003587 seconds, Stopping threads took: 0.0000004 seconds
[71.732s][info][gc       ] [SPS 0.000 0.000 0.003 0.006 0.000 0.001 0.000 0.329 0.023 0.359 NewGC_pause1 71.731649 ]
[72.262s][info][safepoint] Application time: 0.5303537 seconds
[72.263s][info][safepoint] Total time for which application threads were stopped: 0.0001621 seconds, Stopping threads took: 0.0000003 seconds
[72.263s][info][gc       ] [SPS 0.000 0.002 0.000 0.005 0.000 0.001 0.000 0.150 0.006 0.162 NewGC_pause2 72.262165 ]
[72.265s][info][safepoint] Application time: 0.0022405 seconds
[72.265s][info][safepoint] Total time for which application threads were stopped: 0.0001348 seconds, Stopping threads took: 0.0000004 seconds
[72.265s][info][gc       ] [SPS 0.000 0.000 0.000 0.006 0.000 0.001 0.000 0.113 0.015 0.135 NewGC_pause3 72.264541 ]
[72.269s][info][safepoint] Application time: 0.0032603 seconds
[72.269s][info][safepoint] Total time for which application threads were stopped: 0.0007972 seconds, Stopping threads took: 0.0000003 seconds
[72.269s][info][gc       ] [SPS 0.000 0.000 0.000 0.006 0.000 0.001 0.000 0.762 0.029 0.798 OldGC_pause2 72.268598 ]
[72.274s][info][safepoint] Application time: 0.0056860 seconds
[72.274s][info][safepoint] Total time for which application threads were stopped: 0.0000653 seconds, Stopping threads took: 0.0000004 seconds
[72.275s][info][gc       ] [SPS 0.000 0.000 0.000 0.006 0.000 0.001 0.000 0.041 0.017 0.065 OldGC_pause3 72.274350 ]
[72.281s][info][safepoint] Application time: 0.0067811 seconds
[72.281s][info][safepoint] Total time for which application threads were stopped: 0.0000789 seconds, Stopping threads took: 0.0000004 seconds
[72.282s][info][gc       ] [SPS 0.000 0.002 0.003 0.006 0.000 0.001 0.000 0.056 0.016 0.079 NewGC_pause4 72.281210 ]
[72.434s][info][gc       ] [GC NTO Max 236-220 : 5120 4956 4714 5120 - - 1051 56 2 2 - : 2710 1794 26 184 2952 : 2242 6 700 700 93 : 0 307 240 0 1300 - 55 : 0.023934 3509.7 0.0 0.707857 1217.8 0.0 : 3 --c 0000 : 23 9676 0.000 0.003 0 0.000 0.000 9676 0.000 0.003 : 71.726111 71.731290 0.000272 72.262003 0.000102 72.264406 0.000114 72.281131 0.000058 : 72.433968 ]
[72.434s][info][gc       ] [SYSINFO 7333 227 63 0 6776 0 30 0 0 5703 : - - - - - - - - : 0 7168 : 3.36 3.09 2.07 : 292739 4277824 : 0 0 : 19 0 : 3877 3 0 261 : - 7410520064 682364928 1199685632 5905219584 238030848 67043328 : 140073237 29995440 738050 0 0 0 : 72.434257 ]
[72.434s][info][gc       ] [HUGEPAGESTAT 0 0 0 - 110774 0 0 : 393216 0 0 : 72.434257 ]
[72.434s][info][gc       ] [OBJCREAT 212557600 25358 10342400 : 72.434322 ]
[72.434s][info][gc       ] [HMSV All : 0 0 70 0 0 0 0 0 : 4960 0 0 0 : 72.434346 ]
[72.434s][info][gc       ] [HMSP 9 : 41100 0 : 72.434346 ]
[72.435s][info][gc       ] [GPGC-H  3974.4 365.2 0.9 0.0 : 95.1 : 0.000 0.000 : 0.000 0.000 0.708 1.162 : 0.000 0.000 0.000 0.000 1.411 0.516 : 0.000 : 96.729 : 2714 1794 26 0 : 2274 : 4608 4424 : 72.435261 : 3 Heap_use_exceeded_committed ]
[72.435s][info][gc       ] [VMAC 65530 166 24 435 625 : 72.434849 ]
[72.438s][info][safepoint] Application time: 0.1564750 seconds
[72.438s][info][safepoint] Total time for which application threads were stopped: 0.0001420 seconds, Stopping threads took: 0.0000004 seconds
[72.438s][info][gc       ] [SPS 0.000 0.002 0.003 0.006 0.000 0.001 0.000 0.112 0.021 0.141 OldGC_pause4 72.437827 ]
[72.439s][info][gc       ] [GC Old Max 237-17 : 5120 4956 2942 5120 - - 1051 56 2 2 - : 2726 6 26 184 1822 : 26 5 1789 1789 0 : 0 3 0 0 16 - 0 : 7.115863 6.7 0.0 0.710594 0.0 0.0 : 1 --c 0000 : 23   -    -    -    -    -    -    -    -    -  : 71.728098 71.731290 0.000272 72.267801 0.000702 72.274284 0.000040 72.437686 0.000051 : 72.438693 ]
[72.439s][info][gc       ] [SYSINFO 7333 227 63 0 6776 0 30 0 0 5703 : - - - - - - - - : 0 7168 : 3.36 3.09 2.07 : 292739 4277824 : 0 0 : 19 0 : 3877 2 0 261 : - 7410520064 682364928 1199685632 5905219584 238030848 67043328 : 140073237 29995440 738050 0 0 0 : 72.438871 ]
[72.439s][info][gc       ] [HUGEPAGESTAT 0 0 0 - 110774 0 0 : 393216 0 0 : 72.438871 ]
[72.439s][info][gc       ] [OBJCREAT 212571475 25358 10342400 : 72.438909 ]
[72.439s][info][gc       ] [HMSV All : 0 0 70 0 0 0 0 0 : 4960 0 0 0 : 72.438921 ]
[72.439s][info][gc       ] [HMSP 9 : 41100 0 : 72.438921 ]
[72.439s][info][gc       ] [COMPSTATS 1 : 5 0 : 2 0 : 0 0 : 521 5 0 0 0 0 : 0 0 0 0 0 0 : 144 145 12 : 526 0 0 0 0 0 0 : 526 0 0 0 0 0 0 ]
[72.439s][info][gc       ] [COMPSTATS 2 : 5 0 : 3 0 : 0 0 : 131 11 0 0 0 0 : 0 0 0 0 0 0 : 52668 52704 7788 : 76 42 24 0 0 0 0 : 38 84 14 5 1 0 0 ]
[72.439s][info][gc       ] [DEOPTSTATS 1 : 0 0 : 0 0 : 0 0 : 0 0 : 0 11 : 0 0 : 0 0 : 0 0 : 0 0 : 0 0 : 0 0 : 0 0 : 0 0 : 0 0 : 0 0 : 0 0 : 0 0 : 0 0 : 0 0 : 0 0 : 0 0 : 0 0 : 0 0 : 0 0 : 0 0 : 0 0 : 0 0 : 0 0 : 0 0 : 0 0 : 6 0 : 0 0 : 0 0 : 0 0 : 0 0 : 0 0 : 0 0 : 0 0 : 0 0 : 0 0 : 0 0 : 0 0 ]
[72.439s][info][gc       ] [DEOPTSTATS 2 : 0 0 : 0 0 : 0 0 : 0 0 : 0 0 : 0 0 : 0 14 : 0 0 : 0 0 : 0 0 : 0 0 : 0 0 : 0 0 : 0 0 : 0 0 : 0 0 : 0 0 : 0 0 : 0 0 : 0 0 : 0 0 : 0 0 : 0 0 : 0 0 : 0 0 : 0 0 : 0 0 : 0 0 : 0 0 : 0 0 : 4 0 : 0 0 : 0 0 : 0 0 : 0 1 : 0 0 : 0 0 : 0 0 : 0 0 : 0 3 : 0 0 : 0 0 ]
[72.440s][info][gc       ] [CCF 0 0 0 0 33 230912: 3082240 : 380 196608 : 3 49152 : 317 311808 :  515 638976 : 120 421888 : 0 0 : 15 1228800 : 1 2048]
[72.439s][info][gc       ] [VMAC 65530 166 24 435 625 : 72.439328 ]
[72.443s][info][safepoint] Application time: 0.0052342 seconds
[72.444s][info][safepoint] Total time for which application threads were stopped: 0.0001159 seconds, Stopping threads took: 0.0000004 seconds
[72.444s][info][gc       ] [SPS 0.000 0.002 0.002 0.005 0.000 0.001 0.000 0.097 0.012 0.116 NewGC_pause1 72.443177 ]
[72.908s][info][safepoint] Application time: 0.4648685 seconds
[72.909s][info][safepoint] Total time for which application threads were stopped: 0.0001384 seconds, Stopping threads took: 0.0000045 seconds
[72.909s][info][gc       ] [SPS 0.000 0.001 0.000 0.006 0.005 0.001 0.000 0.113 0.013 0.138 NewGC_pause2 72.908184 ]
[72.910s][info][safepoint] Application time: 0.0021671 seconds
[72.911s][info][safepoint] Total time for which application threads were stopped: 0.0001060 seconds, Stopping threads took: 0.0000004 seconds
[72.911s][info][gc       ] [SPS 0.000 0.000 0.000 0.006 0.000 0.001 0.000 0.087 0.012 0.106 NewGC_pause3 72.910457 ]
[72.915s][info][safepoint] Application time: 0.0040955 seconds
[72.915s][info][safepoint] Total time for which application threads were stopped: 0.0001414 seconds, Stopping threads took: 0.0000005 seconds
[72.915s][info][gc       ] [SPS 0.000 0.003 0.002 0.017 0.001 0.001 0.000 0.110 0.013 0.141 NewGC_pause4 72.914694 ]
[72.935s][info][gc       ] [GC New Max 238-221 : 5120 4724 3878 5120 - - 1051 56 2 2 - : 3662 6 26 184 4464 : 3489 8 968 968 0 : 0 52 862 0 1776 - 55 : 0.006460 3405.6 0.0 0.494339 3673.6 0.0 : 3 --c 0000 : 23 0 0.000 0.000 0 0.000 0.000 0 0.000 0.000 : 72.440428 72.443061 0.000099 72.908046 0.000120 72.910351 0.000091 72.914553 0.000126 : 72.934766 ]
[72.935s][info][gc       ] [SYSINFO 7333 227 63 0 6776 0 30 0 0 5703 : - - - - - - - - : 0 7168 : 3.36 3.09 2.07 : 292739 4277824 : 0 0 : 19 0 : 3877 2 0 261 : - 7410520064 682364928 1199685632 5905219584 238030848 67043328 : 140073237 29997380 738050 0 0 0 : 72.935050 ]
[72.935s][info][gc       ] [HUGEPAGESTAT 0 0 0 - 110774 0 0 : 393216 0 0 : 72.935050 ]
[72.935s][info][gc       ] [OBJCREAT 214379508 25358 10342400 : 72.935103 ]
[72.935s][info][gc       ] [HMSV All : 0 0 70 0 0 0 0 0 : 4960 0 0 0 : 72.935120 ]
[72.935s][info][gc       ] [HMSP 9 : 41100 0 : 72.935120 ]
[72.936s][info][gc       ] [GPGC-H  3974.4 365.2 0.9 0.0 : 95.1 : 0.000 0.000 : 0.000 0.000 0.703 1.025 : 0.000 0.000 0.000 0.000 1.411 0.417 : 0.000 : 99.706 : 3666 6 26 0 : 2274 : 4608 4424 : 72.936088 : 9 Next_heuristic_check_may_be_too_late ]
[72.936s][info][gc       ] [VMAC 65530 166 24 435 625 : 72.935663 ]
[72.940s][info][safepoint] Application time: 0.0250870 seconds
[72.940s][info][safepoint] Total time for which application threads were stopped: 0.0002683 seconds, Stopping threads took: 0.0000004 seconds
[72.941s][info][gc       ] [SPS 0.000 0.003 0.004 0.006 0.000 0.001 0.000 0.239 0.022 0.268 NewGC_pause1 72.940050 ]
[73.445s][info][safepoint] Application time: 0.5048965 seconds
[73.445s][info][safepoint] Total time for which application threads were stopped: 0.0001289 seconds, Stopping threads took: 0.0000003 seconds
[73.446s][info][gc       ] [SPS 0.000 0.001 0.000 0.005 0.000 0.001 0.000 0.117 0.005 0.128 NewGC_pause2 73.445075 ]
[73.447s][info][safepoint] Application time: 0.0017064 seconds
[73.447s][info][safepoint] Total time for which application threads were stopped: 0.0000430 seconds, Stopping threads took: 0.0000003 seconds
[73.447s][info][gc       ] [SPS 0.000 0.000 0.000 0.005 0.000 0.001 0.000 0.034 0.003 0.043 NewGC_pause3 73.446825 ]
[73.460s][info][safepoint] Application time: 0.0125898 seconds
[73.460s][info][safepoint] Total time for which application threads were stopped: 0.0001614 seconds, Stopping threads took: 0.0000004 seconds
[73.460s][info][gc       ] [SPS 0.000 0.003 0.003 0.006 0.000 0.001 0.000 0.134 0.020 0.161 NewGC_pause4 73.459576 ]
[73.650s][info][gc       ] [GC New Max 239-222 : 5120 4846 3674 5120 - - 1051 56 2 2 - : 2940 524 26 184 4630 : 2717 7 1906 1906 0 : 259 1 476 0 1415 - 55 : 0.001614 3718.1 0.0 0.713075 2277.5 0.0 : 3 --c 0000 : 23 4263 0.000 0.003 0 0.000 0.000 4263 0.000 0.003 : 72.936380 72.939781 0.000199 73.444947 0.000083 73.446782 0.000036 73.459415 0.000048 : 73.649455 ]
[73.650s][info][gc       ] [SYSINFO 7333 227 63 0 6776 0 30 0 0 5703 : - - - - - - - - : 0 7168 : 3.36 3.09 2.07 : 292739 4277824 : 0 0 : 19 0 : 3877 2 0 261 : - 7410520064 682364928 1199685632 5905219584 238030848 67043328 : 140073237 29999940 738110 0 0 0 : 73.649756 ]
[73.650s][info][gc       ] [HUGEPAGESTAT 0 0 0 - 110774 0 0 : 393216 0 0 : 73.649756 ]
[73.650s][info][gc       ] [OBJCREAT 215996155 25358 10792960 : 73.649819 ]
[73.650s][info][gc       ] [HMSV All : 0 0 70 0 0 0 0 0 : 4960 0 0 0 : 73.649838 ]
[73.650s][info][gc       ] [HMSP 9 : 41100 0 : 73.649838 ]
[73.651s][info][gc       ] [GPGC-H  3919.4 365.2 0.9 0.0 : 95.1 : 0.000 0.000 : 0.000 0.000 0.701 1.025 : 0.000 0.000 0.000 0.000 1.451 0.417 : 0.000 : 99.774 : 2944 524 26 0 : 2274 : 4608 4424 : 73.650823 : 8 May_exceed_heap_occupancy_target ]
[73.650s][info][gc       ] [VMAC 65530 166 24 435 625 : 73.650383 ]
[73.656s][info][safepoint] Application time: 0.1962428 seconds
[73.657s][info][safepoint] Total time for which application threads were stopped: 0.0004011 seconds, Stopping threads took: 0.0000005 seconds
[73.657s][info][gc       ] [SPS 0.000 0.001 0.005 0.007 0.000 0.001 0.000 0.369 0.023 0.401 NewGC_pause1 73.656220 ]
[74.144s][info][safepoint] Application time: 0.4875462 seconds
[74.144s][info][safepoint] Total time for which application threads were stopped: 0.0001232 seconds, Stopping threads took: 0.0000004 seconds
[74.145s][info][gc       ] [SPS 0.000 0.002 0.000 0.005 0.000 0.001 0.001 0.110 0.008 0.124 NewGC_pause2 74.143891 ]
[74.145s][info][safepoint] Application time: 0.0014489 seconds
[74.146s][info][safepoint] Total time for which application threads were stopped: 0.0000431 seconds, Stopping threads took: 0.0000003 seconds
[74.146s][info][gc       ] [SPS 0.000 0.000 0.000 0.005 0.000 0.001 0.000 0.034 0.003 0.043 NewGC_pause3 74.145382 ]
[74.163s][info][safepoint] Application time: 0.0169681 seconds
[74.163s][info][safepoint] Total time for which application threads were stopped: 0.0001674 seconds, Stopping threads took: 0.0000004 seconds
[74.164s][info][gc       ] [SPS 0.000 0.022 0.004 0.006 0.000 0.001 0.000 0.123 0.037 0.167 NewGC_pause4 74.162518 ]
[74.528s][info][gc       ] [GC NTO Max 240-223 : 5120 4828 4522 5120 - - 1051 56 2 2 - : 3036 1276 26 184 4094 : 2399 4 1692 1692 24 : 376 0 567 0 1518 - 0 : 0.001862 3222.4 0.0 0.876306 2862.0 0.0 : 3 --c 0000 : 23 3780 0.000 0.003 0 0.000 0.000 3780 0.000 0.003 : 73.651317 73.655819 0.000258 74.143767 0.000043 74.145339 0.000036 74.162350 0.000094 : 74.527622 ]
[74.528s][info][gc       ] [SYSINFO 7333 227 63 0 6776 0 30 0 0 5703 : - - - - - - - - : 0 7168 : 3.42 3.11 2.08 : 292739 4277824 : 0 0 : 19 0 : 3877 3 0 261 : - 7410520064 682364928 1199685632 5905219584 238030848 67043328 : 140073237 30003310 738190 0 0 0 : 74.527995 ]
[74.528s][info][gc       ] [HUGEPAGESTAT 0 0 0 - 110774 0 0 : 393216 0 0 : 74.527995 ]
[74.528s][info][gc       ] [OBJCREAT 218492389 25358 11563008 : 74.528074 ]
[74.528s][info][gc       ] [HMSV All : 0 0 70 0 0 0 0 0 : 4960 0 0 0 : 74.528090 ]
[74.528s][info][gc       ] [HMSP 9 : 41100 0 : 74.528090 ]
[74.529s][info][gc       ] [GPGC-H  3905.9 421.7 0.8 0.0 : 83.5 : 0.000 0.000 : 0.000 0.000 0.699 1.025 : 0.000 0.000 0.000 0.000 1.838 0.417 : 0.000 : 99.788 : 3038 1276 26 0 : 2274 : 4608 4424 : 74.529224 : 8 May_exceed_heap_occupancy_target ]
[74.529s][info][gc       ] [VMAC 65530 166 24 435 625 : 74.528566 ]
[74.529s][info][safepoint] Application time: 0.3656900 seconds
[74.531s][info][safepoint] Total time for which application threads were stopped: 0.0012051 seconds, Stopping threads took: 0.0000004 seconds
[74.531s][info][gc       ] [SPS 0.000 0.001 0.000 0.006 0.000 0.001 0.005 1.172 0.021 1.205 OldGC_pause2 74.529413 ]
[74.536s][info][safepoint] Application time: 0.0068130 seconds
[74.537s][info][safepoint] Total time for which application threads were stopped: 0.0000525 seconds, Stopping threads took: 0.0000004 seconds
[74.537s][info][gc       ] [SPS 0.000 0.000 0.000 0.006 0.000 0.001 0.000 0.033 0.012 0.052 OldGC_pause3 74.536278 ]
[74.542s][info][safepoint] Application time: 0.0052068 seconds
[74.542s][info][safepoint] Total time for which application threads were stopped: 0.0002402 seconds, Stopping threads took: 0.0000004 seconds
[74.542s][info][gc       ] [SPS 0.000 2.733 0.002 0.006 0.000 0.001 0.000 0.222 0.012 0.240 NewGC_pause1 74.541725 ]
[74.822s][info][safepoint] Application time: 0.2796422 seconds
[74.822s][info][safepoint] Total time for which application threads were stopped: 0.0002140 seconds, Stopping threads took: 0.0000003 seconds
[74.823s][info][gc       ] [SPS 0.000 0.007 0.000 0.005 0.000 0.001 0.000 0.201 0.006 0.214 NewGC_pause2 74.821582 ]
[74.824s][info][safepoint] Application time: 0.0026578 seconds
[74.825s][info][safepoint] Total time for which application threads were stopped: 0.0001595 seconds, Stopping threads took: 0.0000004 seconds
[74.826s][info][gc       ] [SPS 0.000 0.000 0.000 0.005 0.000 0.001 0.000 0.147 0.006 0.160 NewGC_pause3 74.824399 ]
[74.841s][info][safepoint] Application time: 0.0163172 seconds
[74.841s][info][safepoint] Total time for which application threads were stopped: 0.0001861 seconds, Stopping threads took: 0.0000006 seconds
[74.842s][info][gc       ] [SPS 0.000 0.005 0.009 0.007 0.001 0.001 0.000 0.152 0.025 0.186 NewGC_pause4 74.840903 ]
[75.023s][info][gc       ] [GC New Max 242-224 : 5120 4852 3036 5120 - - 1051 56 2 2 - : 1116 1710 26 184 3366 : 804 4 2560 2560 1 : 217 0 144 0 558 - 0 : 0.007920 3030.5 0.0 0.487140 2147.2 0.0 : 3 --c 0000 : 23 4120 0.000 0.003 0 0.000 0.000 4120 0.000 0.003 : 74.535542 74.541485 0.000225 74.821368 0.000129 74.824240 0.000053 74.840717 0.000055 : 75.022682 ]
[75.023s][info][gc       ] [SYSINFO 7333 227 63 0 6776 0 30 0 0 5703 : - - - - - - - - : 0 7168 : 3.42 3.11 2.08 : 292739 4277824 : 0 0 : 19 0 : 3877 2 0 261 : - 7410520064 682364928 1199685632 5905219584 238030848 67043328 : 140073237 30004960 738230 0 0 0 : 75.022919 ]
[75.023s][info][gc       ] [HUGEPAGESTAT 0 0 0 - 110774 0 0 : 393216 0 0 : 75.022919 ]
[75.023s][info][gc       ] [OBJCREAT 219562786 25358 11968512 : 75.022966 ]
[75.023s][info][gc       ] [HMSV All : 0 0 70 0 0 0 0 0 : 4960 0 0 0 : 75.022982 ]
[75.023s][info][gc       ] [HMSP 9 : 41100 0 : 75.022982 ]
[75.024s][info][gc       ] [GPGC-H  3974.8 421.7 0.8 0.0 : 83.5 : 0.000 0.000 : 0.000 0.000 0.691 1.025 : 0.000 0.000 0.000 0.000 1.837 0.417 : 0.000 : 99.784 : 1122 1710 26 0 : 2274 : 4608 4424 : 75.023967 : 9 Next_heuristic_check_may_be_too_late ]
[75.023s][info][gc       ] [VMAC 65530 166 24 435 625 : 75.023447 ]
[75.026s][info][safepoint] Application time: 0.1852726 seconds
[75.027s][info][safepoint] Total time for which application threads were stopped: 0.0001968 seconds, Stopping threads took: 0.0000004 seconds
[75.027s][info][gc       ] [SPS 0.000 0.002 0.002 0.006 0.000 0.001 0.000 0.170 0.019 0.197 OldGC_pause4 75.026372 ]
[75.030s][info][gc       ] [GC Old Max 241-18 : 5120 4852 3056 5120 - - 1051 56 2 2 - : 1144 1702 26 184 1740 : 1722 11 2 2 0 : 0 5 593 1 809 - 55 : 1.214517 362.3 0.0 1.376934 833.7 0.0 : 1 --c 0000 : 23   -    -    -    -    -    -    -    -    -  : 73.653209 73.655819 0.000258 74.528208 0.001125 74.536226 0.000037 75.026176 0.000131 : 75.030143 ]
[75.030s][info][gc       ] [SYSINFO 7333 227 63 0 6776 0 30 0 0 5703 : - - - - - - - - : 0 7168 : 3.42 3.11 2.08 : 292739 4277824 : 0 0 : 19 0 : 3877 2 0 261 : - 7410520064 682364928 1199685632 5905219584 238030848 67043328 : 140073237 30004970 738230 0 0 0 : 75.030325 ]
[75.030s][info][gc       ] [HUGEPAGESTAT 0 0 0 - 110774 0 0 : 393216 0 0 : 75.030325 ]
[75.030s][info][gc       ] [OBJCREAT 219588555 25358 11968512 : 75.030367 ]
[75.030s][info][gc       ] [HMSV All : 0 0 70 0 0 0 0 0 : 4960 0 0 0 : 75.030383 ]
[75.030s][info][gc       ] [HMSP 9 : 41100 0 : 75.030383 ]
[75.030s][info][gc       ] [COMPSTATS 1 : 5 0 : 2 0 : 0 0 : 521 5 0 0 0 0 : 0 0 0 0 0 0 : 144 145 12 : 526 0 0 0 0 0 0 : 526 0 0 0 0 0 0 ]
[75.030s][info][gc       ] [COMPSTATS 2 : 5 0 : 3 0 : 0 0 : 131 11 0 0 0 0 : 0 0 0 0 0 0 : 52668 52704 7788 : 76 42 24 0 0 0 0 : 38 84 14 5 1 0 0 ]
[75.030s][info][gc       ] [DEOPTSTATS 1 : 0 0 : 0 0 : 0 0 : 0 0 : 0 11 : 0 0 : 0 0 : 0 0 : 0 0 : 0 0 : 0 0 : 0 0 : 0 0 : 0 0 : 0 0 : 0 0 : 0 0 : 0 0 : 0 0 : 0 0 : 0 0 : 0 0 : 0 0 : 0 0 : 0 0 : 0 0 : 0 0 : 0 0 : 0 0 : 0 0 : 6 0 : 0 0 : 0 0 : 0 0 : 0 0 : 0 0 : 0 0 : 0 0 : 0 0 : 0 0 : 0 0 : 0 0 ]
[75.030s][info][gc       ] [DEOPTSTATS 2 : 0 0 : 0 0 : 0 0 : 0 0 : 0 0 : 0 0 : 0 14 : 0 0 : 0 0 : 0 0 : 0 0 : 0 0 : 0 0 : 0 0 : 0 0 : 0 0 : 0 0 : 0 0 : 0 0 : 0 0 : 0 0 : 0 0 : 0 0 : 0 0 : 0 0 : 0 0 : 0 0 : 0 0 : 0 0 : 0 0 : 4 0 : 0 0 : 0 0 : 0 0 : 0 1 : 0 0 : 0 0 : 0 0 : 0 0 : 0 3 : 0 0 : 0 0 ]
[75.031s][info][gc       ] [VMAC 65530 166 24 435 625 : 75.030821 ]
[75.031s][info][gc       ] [CCF 0 0 0 0 33 230912: 3082240 : 380 196608 : 3 49152 : 317 311808 :  515 638976 : 120 421888 : 0 0 : 15 1228800 : 1 2048]
[75.033s][info][safepoint] Application time: 0.0066656 seconds
[75.033s][info][safepoint] Total time for which application threads were stopped: 0.0001405 seconds, Stopping threads took: 0.0000004 seconds
[75.033s][info][gc       ] [SPS 0.000 0.002 0.003 0.006 0.000 0.001 0.000 0.120 0.013 0.141 NewGC_pause1 75.033178 ]
[75.194s][info][safepoint] Application time: 0.1602829 seconds
[75.194s][info][safepoint] Total time for which application threads were stopped: 0.0001684 seconds, Stopping threads took: 0.0000005 seconds
[75.195s][info][gc       ] [SPS 0.000 0.001 0.000 0.007 0.000 0.001 0.000 0.137 0.022 0.168 NewGC_pause2 75.193630 ]
[75.196s][info][safepoint] Application time: 0.0021664 seconds
[75.196s][info][safepoint] Total time for which application threads were stopped: 0.0000747 seconds, Stopping threads took: 0.0000005 seconds
[75.196s][info][gc       ] [SPS 0.000 0.001 0.000 0.008 0.000 0.001 0.000 0.042 0.024 0.075 NewGC_pause3 75.195871 ]
[75.205s][info][safepoint] Application time: 0.0087385 seconds
[75.205s][info][safepoint] Total time for which application threads were stopped: 0.0000895 seconds, Stopping threads took: 0.0000005 seconds
[75.205s][info][gc       ] [SPS 0.000 0.004 0.009 0.007 0.000 0.001 0.000 0.061 0.019 0.089 NewGC_pause4 75.204699 ]
[75.274s][info][gc       ] [GC New Max 243-225 : 5120 3600 2784 5120 - - 1051 56 2 2 - : 786 1788 26 184 1688 : 623 4 1065 1065 0 : 43 1 269 0 393 - 0 : 0.008850 3615.9 0.0 0.241979 3256.5 0.0 : 3 --c 0000 : 23 0 0.000 0.000 0 0.000 0.000 0 0.000 0.000 : 75.031532 75.033038 0.000123 75.193462 0.000050 75.195797 0.000046 75.204610 0.000064 : 75.273510 ]
[75.274s][info][gc       ] [SYSINFO 7333 227 63 0 6776 0 30 0 0 5703 : - - - - - - - - : 0 7168 : 3.42 3.11 2.08 : 292739 4277824 : 0 0 : 19 0 : 3877 2 0 261 : - 7410520064 682364928 1199685632 5905219584 238030848 67043328 : 140073237 30005860 738280 0 0 0 : 75.273751 ]
[75.274s][info][gc       ] [HUGEPAGESTAT 0 0 0 - 110774 0 0 : 393216 0 0 : 75.273751 ]
[75.274s][info][gc       ] [OBJCREAT 220373787 25358 12056576 : 75.273800 ]
[75.274s][info][gc       ] [HMSV All : 0 0 70 0 0 0 0 0 : 4960 0 0 0 : 75.273818 ]
[75.274s][info][gc       ] [HMSP 9 : 41100 0 : 75.273818 ]
[75.274s][info][gc       ] [VMAC 65530 166 24 435 625 : 75.274303 ]
[75.388s][info][gc       ] [GPGC-H  3974.8 421.7 0.8 0.0 : 83.5 : 0.000 0.000 : 0.000 0.000 0.685 1.377 : 0.000 0.000 0.000 0.000 1.834 0.399 : 0.000 : 99.778 : 1252 1788 26 0 : 2274 : 4608 4424 : 75.387988 : 9 Next_heuristic_check_may_be_too_late ]
[75.391s][info][safepoint] Application time: 0.1855884 seconds
[75.391s][info][safepoint] Total time for which application threads were stopped: 0.0002925 seconds, Stopping threads took: 0.0000004 seconds
[75.391s][info][gc       ] [SPS 0.000 0.003 0.002 0.005 0.000 0.001 0.000 0.267 0.018 0.292 NewGC_pause1 75.390580 ]
[75.475s][info][safepoint] Application time: 0.0839295 seconds
[75.475s][info][safepoint] Total time for which application threads were stopped: 0.0001192 seconds, Stopping threads took: 0.0000004 seconds
[75.476s][info][gc       ] [SPS 0.000 0.001 0.000 0.006 0.000 0.001 0.000 0.094 0.018 0.119 NewGC_pause2 75.474629 ]
[75.477s][info][safepoint] Application time: 0.0019221 seconds
[75.477s][info][safepoint] Total time for which application threads were stopped: 0.0000573 seconds, Stopping threads took: 0.0000004 seconds
[75.477s][info][gc       ] [SPS 0.000 0.001 0.000 0.006 0.000 0.001 0.000 0.038 0.012 0.057 NewGC_pause3 75.476609 ]
[75.478s][info][safepoint] Application time: 0.0009646 seconds
[75.478s][info][safepoint] Total time for which application threads were stopped: 0.0000631 seconds, Stopping threads took: 0.0000004 seconds
[75.478s][info][gc       ] [SPS 0.000 0.002 0.002 0.006 0.000 0.001 0.000 0.040 0.016 0.063 NewGC_pause4 75.477636 ]
[75.478s][info][gc       ] [GC New Max 244-226 : 5120 3588 2330 5120 - - 1051 56 2 2 - : 332 1788 26 184 1590 : 330 2 1260 1260 0 : 0 0 165 0 166 - 0 : 0.114998 4069.6 0.0 0.089354 3782.7 0.0 : 3 --c 0000 : 23 0 0.000 0.000 0 0.000 0.000 0 0.000 0.000 : 75.388509 75.390288 0.000231 75.474510 0.000061 75.476551 0.000041 75.477573 0.000043 : 75.477863 ]
[75.478s][info][gc       ] [SYSINFO 7333 227 63 0 6776 0 30 0 0 5703 : - - - - - - - - : 0 7168 : 3.42 3.11 2.08 : 292739 4277824 : 0 0 : 19 0 : 3877 2 0 261 : - 7410520064 682364928 1199685632 5905219584 238030848 67043328 : 140073237 30006300 738280 0 0 0 : 75.478085 ]
[75.478s][info][gc       ] [HUGEPAGESTAT 0 0 0 - 110774 0 0 : 393216 0 0 : 75.478085 ]
[75.478s][info][gc       ] [OBJCREAT 221171513 25358 12056576 : 75.478124 ]
[75.478s][info][gc       ] [HMSV All : 0 0 70 0 0 0 0 0 : 4960 0 0 0 : 75.478137 ]
[75.478s][info][gc       ] [HMSP 9 : 41100 0 : 75.478137 ]
[75.479s][info][gc       ] [VMAC 65530 166 24 435 625 : 75.478567 ]
[75.640s][info][gc       ] [GPGC-H  3974.8 421.7 0.8 0.0 : 83.5 : 0.000 0.000 : 0.000 0.000 0.679 1.377 : 0.000 0.000 0.000 0.000 1.829 0.399 : 0.000 : 99.251 : 948 1788 26 0 : 2274 : 4608 4424 : 75.639977 : 9 Next_heuristic_check_may_be_too_late ]
[75.643s][info][safepoint] Application time: 0.1645661 seconds
[75.643s][info][safepoint] Total time for which application threads were stopped: 0.0003312 seconds, Stopping threads took: 0.0000004 seconds
[75.643s][info][gc       ] [SPS 0.000 0.003 0.002 0.006 0.000 0.001 0.000 0.303 0.020 0.331 NewGC_pause1 75.642534 ]
[75.699s][info][safepoint] Application time: 0.0558469 seconds
[75.699s][info][safepoint] Total time for which application threads were stopped: 0.0001207 seconds, Stopping threads took: 0.0000004 seconds
[75.700s][info][gc       ] [SPS 0.000 0.001 0.000 0.006 0.000 0.001 0.000 0.095 0.018 0.121 NewGC_pause2 75.698502 ]
[75.701s][info][safepoint] Application time: 0.0021071 seconds
[75.701s][info][safepoint] Total time for which application threads were stopped: 0.0000934 seconds, Stopping threads took: 0.0000004 seconds
[75.701s][info][gc       ] [SPS 0.000 0.000 0.000 0.006 0.000 0.001 0.000 0.075 0.012 0.093 NewGC_pause3 75.700702 ]
[75.702s][info][safepoint] Application time: 0.0011129 seconds
[75.702s][info][safepoint] Total time for which application threads were stopped: 0.0000710 seconds, Stopping threads took: 0.0000003 seconds
[75.702s][info][gc       ] [SPS 0.000 0.007 0.002 0.006 0.000 0.001 0.000 0.051 0.013 0.071 NewGC_pause4 75.701886 ]
[75.702s][info][gc       ] [GC New Max 245-227 : 5120 3178 2228 5120 - - 1051 56 2 2 - : 230 1788 26 184 1180 : 228 4 953 953 0 : 0 1 114 0 115 - 0 : 0.162605 3788.3 0.0 0.061631 3796.8 0.0 : 3 --c 0000 : 23 0 0.000 0.000 0 0.000 0.000 0 0.000 0.000 : 75.640468 75.642203 0.000261 75.698381 0.000063 75.700609 0.000078 75.701815 0.000054 : 75.702099 ]
[75.702s][info][gc       ] [SYSINFO 7333 227 63 0 6776 0 30 0 0 5703 : - - - - - - - - : 0 7168 : 3.42 3.11 2.08 : 292739 4277824 : 0 0 : 19 0 : 3877 2 0 261 : - 7410520064 682364928 1199685632 5905219584 238030848 67043328 : 140073237 30006700 738280 0 0 0 : 75.702337 ]
[75.702s][info][gc       ] [HUGEPAGESTAT 0 0 0 - 110774 0 0 : 393216 0 0 : 75.702337 ]
[75.702s][info][gc       ] [OBJCREAT 222015540 25358 12056576 : 75.702411 ]
[75.702s][info][gc       ] [HMSV All : 0 0 70 0 0 0 0 0 : 4960 0 0 0 : 75.702424 ]
[75.702s][info][gc       ] [HMSP 9 : 41100 0 : 75.702424 ]
[75.703s][info][gc       ] [VMAC 65530 166 24 435 625 : 75.702839 ]
[75.864s][info][gc       ] [GPGC-H  3974.8 421.7 0.8 0.0 : 83.5 : 0.000 0.000 : 0.000 0.000 0.673 1.377 : 0.000 0.000 0.000 0.000 1.819 0.399 : 0.000 : 98.511 : 874 1788 26 0 : 2274 : 4608 4424 : 75.864098 : 9 Next_heuristic_check_may_be_too_late ]
[75.867s][info][safepoint] Application time: 0.1642530 seconds
[75.867s][info][safepoint] Total time for which application threads were stopped: 0.0004186 seconds, Stopping threads took: 0.0000004 seconds
[75.867s][info][gc       ] [SPS 0.000 0.003 0.002 0.006 0.000 0.001 0.000 0.376 0.035 0.419 NewGC_pause1 75.866558 ]
[75.922s][info][safepoint] Application time: 0.0549949 seconds
[75.922s][info][safepoint] Total time for which application threads were stopped: 0.0001177 seconds, Stopping threads took: 0.0000004 seconds
[75.922s][info][gc       ] [SPS 0.000 0.001 0.000 0.006 0.000 0.001 0.000 0.092 0.018 0.118 NewGC_pause2 75.921671 ]
[75.923s][info][safepoint] Application time: 0.0013361 seconds
[75.923s][info][safepoint] Total time for which application threads were stopped: 0.0000632 seconds, Stopping threads took: 0.0000004 seconds
[75.924s][info][gc       ] [SPS 0.000 0.000 0.000 0.006 0.000 0.001 0.000 0.041 0.015 0.063 NewGC_pause3 75.923070 ]
[75.924s][info][safepoint] Application time: 0.0011002 seconds
[75.924s][info][safepoint] Total time for which application threads were stopped: 0.0000549 seconds, Stopping threads took: 0.0000004 seconds
[75.925s][info][gc       ] [SPS 0.000 0.002 0.002 0.005 0.000 0.001 0.000 0.037 0.012 0.055 NewGC_pause4 75.924225 ]
[75.925s][info][gc       ] [GC New Max 246-228 : 5120 3110 2236 5120 - - 1051 56 2 2 - : 238 1788 26 184 1112 : 232 4 879 879 0 : 0 1 116 0 119 - 0 : 0.162437 3964.6 0.0 0.059956 4036.3 0.0 : 3 --c 0000 : 23 0 0.000 0.000 0 0.000 0.000 0 0.000 0.000 : 75.864536 75.866139 0.000329 75.921553 0.000042 75.923007 0.000038 75.924170 0.000039 : 75.924491 ]
[75.925s][info][gc       ] [SYSINFO 7333 227 63 0 6776 0 30 0 0 5703 : - - - - - - - - : 0 7168 : 3.42 3.11 2.08 : 292739 4277824 : 0 0 : 19 0 : 3877 3 0 261 : - 7410520064 682364928 1199685632 5905219584 238030848 67043328 : 140073237 30007070 738280 0 0 0 : 75.924745 ]
[75.925s][info][gc       ] [HUGEPAGESTAT 0 0 0 - 110774 0 0 : 393216 0 0 : 75.924745 ]
[75.925s][info][gc       ] [OBJCREAT 222891371 25358 12056576 : 75.924803 ]
[75.925s][info][gc       ] [HMSV All : 0 0 70 0 0 0 0 0 : 4960 0 0 0 : 75.924816 ]
[75.925s][info][gc       ] [HMSP 9 : 41100 0 : 75.924816 ]
[75.925s][info][gc       ] [VMAC 65530 166 24 435 625 : 75.925254 ]
[76.087s][info][gc       ] [GPGC-H  3974.8 421.7 0.8 0.0 : 83.5 : 0.000 0.000 : 0.000 0.000 0.666 1.377 : 0.000 0.000 0.000 0.000 1.806 0.399 : 0.000 : 97.780 : 860 1788 26 0 : 2274 : 4608 4424 : 76.086873 : 9 Next_heuristic_check_may_be_too_late ]
[76.089s][info][safepoint] Application time: 0.1648573 seconds
[76.090s][info][safepoint] Total time for which application threads were stopped: 0.0003855 seconds, Stopping threads took: 0.0000004 seconds
[76.090s][info][gc       ] [SPS 0.000 0.003 0.002 0.007 0.000 0.001 0.000 0.359 0.019 0.386 NewGC_pause1 76.089468 ]
[76.146s][info][safepoint] Application time: 0.0563981 seconds
[76.147s][info][safepoint] Total time for which application threads were stopped: 0.0001597 seconds, Stopping threads took: 0.0000005 seconds
[76.147s][info][gc       ] [SPS 0.000 0.001 0.000 0.007 0.000 0.001 0.000 0.127 0.023 0.160 NewGC_pause2 76.146026 ]
[76.148s][info][safepoint] Application time: 0.0021442 seconds
[76.149s][info][safepoint] Total time for which application threads were stopped: 0.0001179 seconds, Stopping threads took: 0.0000005 seconds
[76.149s][info][gc       ] [SPS 0.000 0.001 0.000 0.006 0.000 0.001 0.000 0.097 0.013 0.118 NewGC_pause3 76.148288 ]
[76.150s][info][safepoint] Application time: 0.0011520 seconds
[76.150s][info][safepoint] Total time for which application threads were stopped: 0.0000625 seconds, Stopping threads took: 0.0000005 seconds
[76.150s][info][gc       ] [SPS 0.000 0.003 0.002 0.006 0.000 0.001 0.000 0.041 0.014 0.063 NewGC_pause4 76.149503 ]
[76.150s][info][gc       ] [GC New Max 247-229 : 5120 3096 2232 5120 - - 1051 56 2 2 - : 234 1788 26 184 1098 : 230 4 867 867 0 : 0 1 115 0 117 - 0 : 0.162994 3828.4 0.0 0.062250 3823.3 0.0 : 3 --c 0000 : 23 0 0.000 0.000 0 0.000 0.000 0 0.000 0.000 : 76.087485 76.089083 0.000283 76.145867 0.000081 76.148171 0.000101 76.149441 0.000044 : 76.149735 ]
[76.150s][info][gc       ] [SYSINFO 7333 227 63 0 6776 0 30 0 0 5703 : - - - - - - - - : 0 7168 : 3.42 3.11 2.08 : 292739 4277824 : 0 0 : 19 0 : 3877 2 0 261 : - 7410520064 682364928 1199685632 5905219584 238030848 67043328 : 140073237 30007460 738290 0 0 0 : 76.150033 ]
[76.150s][info][gc       ] [HUGEPAGESTAT 0 0 0 - 110774 0 0 : 393216 0 0 : 76.150033 ]
[76.150s][info][gc       ] [OBJCREAT 223747004 25358 12056576 : 76.150078 ]
[76.150s][info][gc       ] [HMSV All : 0 0 70 0 0 0 0 0 : 4960 0 0 0 : 76.150092 ]
[76.150s][info][gc       ] [HMSP 9 : 41100 0 : 76.150092 ]
[76.151s][info][gc       ] [VMAC 65530 166 24 435 625 : 76.150505 ]
[76.312s][info][gc       ] [GPGC-H  3974.8 421.7 0.8 0.0 : 83.5 : 0.000 0.000 : 0.000 0.000 0.660 1.377 : 0.000 0.000 0.000 0.000 1.790 0.399 : 0.000 : 97.053 : 882 1788 26 0 : 2274 : 4608 4424 : 76.311916 : 9 Next_heuristic_check_may_be_too_late ]
[76.314s][info][safepoint] Application time: 0.1644537 seconds
[76.315s][info][safepoint] Total time for which application threads were stopped: 0.0003860 seconds, Stopping threads took: 0.0000004 seconds
[76.315s][info][gc       ] [SPS 0.000 0.002 0.003 0.006 0.000 0.001 0.000 0.353 0.026 0.386 NewGC_pause1 76.314343 ]
[76.370s][info][safepoint] Application time: 0.0556779 seconds
[76.371s][info][safepoint] Total time for which application threads were stopped: 0.0001467 seconds, Stopping threads took: 0.0000004 seconds
[76.371s][info][gc       ] [SPS 0.000 0.001 0.000 0.005 0.000 0.001 0.000 0.123 0.017 0.147 NewGC_pause2 76.370168 ]
[76.372s][info][safepoint] Application time: 0.0016444 seconds
[76.372s][info][safepoint] Total time for which application threads were stopped: 0.0000497 seconds, Stopping threads took: 0.0000004 seconds
[76.372s][info][gc       ] [SPS 0.000 0.000 0.000 0.005 0.000 0.001 0.000 0.032 0.011 0.050 NewGC_pause3 76.371862 ]
[76.373s][info][safepoint] Application time: 0.0010581 seconds
[76.373s][info][safepoint] Total time for which application threads were stopped: 0.0000541 seconds, Stopping threads took: 0.0000004 seconds
[76.373s][info][gc       ] [GC New Max 248-230 : 5120 3122 2236 5120 - - 1051 56 2 2 - : 238 1788 26 184 1124 : 234 4 888 888 0 : 0 1 117 0 119 - 0 : 0.162594 3997.7 0.0 0.060894 3974.1 0.0 : 3 --c 0000 : 23 0 0.000 0.000 0 0.000 0.000 0 0.000 0.000 : 76.312328 76.313957 0.000258 76.370021 0.000090 76.371812 0.000035 76.372920 0.000039 : 76.373223 ]
[76.373s][info][gc       ] [SYSINFO 7333 227 63 0 6776 0 30 0 0 5703 : - - - - - - - - : 0 7168 : 3.42 3.11 2.08 : 292739 4277824 : 0 0 : 19 0 : 3877 2 0 261 : - 7410520064 682364928 1199685632 5905219584 238030848 67043328 : 140073237 30007820 738300 0 0 0 : 76.373446 ]
[76.373s][info][gc       ] [HUGEPAGESTAT 0 0 0 - 110774 0 0 : 393216 0 0 : 76.373446 ]
[76.373s][info][gc       ] [OBJCREAT 224629138 25358 12056576 : 76.373492 ]
[76.374s][info][gc       ] [HMSV All : 0 0 70 0 0 0 0 0 : 4960 0 0 0 : 76.373526 ]
[76.374s][info][gc       ] [HMSP 9 : 41100 0 : 76.373526 ]
[76.374s][info][gc       ] [SPS 0.000 0.003 0.002 0.005 0.000 0.001 0.000 0.036 0.012 0.054 NewGC_pause4 76.372974 ]
[76.374s][info][gc       ] [VMAC 65530 166 24 435 625 : 76.373896 ]
[76.534s][info][gc       ] [GPGC-H  3974.8 405.7 0.7 0.0 : 76.1 : 0.000 0.000 : 0.000 0.000 0.654 1.377 : 0.000 0.000 0.000 0.000 1.773 0.399 : 0.000 : 96.336 : 862 1788 26 0 : 2274 : 4608 4424 : 76.534093 : 9 Next_heuristic_check_may_be_too_late ]
[76.537s][info][safepoint] Application time: 0.1633562 seconds
[76.537s][info][safepoint] Total time for which application threads were stopped: 0.0002926 seconds, Stopping threads took: 0.0000004 seconds
[76.537s][info][gc       ] [SPS 0.000 0.003 0.002 0.006 0.000 0.001 0.000 0.271 0.015 0.293 NewGC_pause1 76.536623 ]
[76.593s][info][safepoint] Application time: 0.0557801 seconds
[76.593s][info][safepoint] Total time for which application threads were stopped: 0.0002077 seconds, Stopping threads took: 0.0000005 seconds
[76.594s][info][gc       ] [SPS 0.000 0.001 0.000 0.007 0.000 0.001 0.000 0.166 0.033 0.208 NewGC_pause2 76.592611 ]
[76.595s][info][safepoint] Application time: 0.0021002 seconds
[76.595s][info][safepoint] Total time for which application threads were stopped: 0.0000789 seconds, Stopping threads took: 0.0000004 seconds
[76.595s][info][gc       ] [SPS 0.000 0.000 0.000 0.007 0.000 0.001 0.000 0.056 0.015 0.079 NewGC_pause3 76.594790 ]
[76.596s][info][safepoint] Application time: 0.0010322 seconds
[76.596s][info][safepoint] Total time for which application threads were stopped: 0.0000639 seconds, Stopping threads took: 0.0000005 seconds
[76.596s][info][gc       ] [SPS 0.000 0.002 0.002 0.006 0.000 0.001 0.000 0.042 0.015 0.064 NewGC_pause4 76.595886 ]
[76.596s][info][gc       ] [GC New Max 249-231 : 5120 3074 2210 5120 - - 1051 56 2 2 - : 212 1788 26 184 1076 : 208 4 868 868 0 : 0 1 104 0 106 - 0 : 0.161315 3880.6 0.0 0.061649 3503.7 0.0 : 3 --c 0000 : 23 0 0.000 0.000 0 0.000 0.000 0 0.000 0.000 : 76.534537 76.536330 0.000271 76.592403 0.000116 76.594711 0.000055 76.595822 0.000045 : 76.596187 ]
[76.596s][info][gc       ] [SYSINFO 7333 227 63 0 6776 0 30 0 0 5703 : - - - - - - - - : 0 7168 : 3.42 3.11 2.08 : 292739 4277844 : 0 0 : 19 0 : 3877 2 0 261 : - 7410520064 682364928 1199685632 5905219584 238030848 67043328 : 140073237 30008190 738300 0 0 0 : 76.596409 ]
[76.596s][info][gc       ] [HUGEPAGESTAT 0 0 0 - 110774 0 0 : 393216 0 0 : 76.596409 ]
[76.596s][info][gc       ] [OBJCREAT 225460510 25358 12056576 : 76.596454 ]
[76.596s][info][gc       ] [HMSV All : 0 0 70 0 0 0 0 0 : 4960 0 0 0 : 76.596469 ]
[76.596s][info][gc       ] [HMSP 9 : 41100 0 : 76.596469 ]
[76.597s][info][gc       ] [VMAC 65530 166 24 435 625 : 76.596876 ]
[76.758s][info][gc       ] [GPGC-H  3974.8 405.7 0.7 0.0 : 76.1 : 0.000 0.000 : 0.000 0.000 0.648 1.377 : 0.000 0.000 0.000 0.000 1.756 0.399 : 0.000 : 95.632 : 826 1788 26 0 : 2274 : 4608 4424 : 76.758190 : 9 Next_heuristic_check_may_be_too_late ]
[76.761s][info][safepoint] Application time: 0.1643467 seconds
[76.761s][info][safepoint] Total time for which application threads were stopped: 0.0003583 seconds, Stopping threads took: 0.0000004 seconds
[76.762s][info][gc       ] [SPS 0.000 0.003 0.002 0.006 0.000 0.001 0.000 0.334 0.018 0.358 NewGC_pause1 76.760592 ]
[76.820s][info][safepoint] Application time: 0.0589346 seconds
[76.820s][info][safepoint] Total time for which application threads were stopped: 0.0001656 seconds, Stopping threads took: 0.0000004 seconds
[76.821s][info][gc       ] [SPS 0.000 0.001 0.000 0.007 0.000 0.001 0.001 0.129 0.027 0.166 NewGC_pause2 76.819692 ]
[76.821s][info][safepoint] Application time: 0.0014558 seconds
[76.822s][info][safepoint] Total time for which application threads were stopped: 0.0000659 seconds, Stopping threads took: 0.0000004 seconds
[76.822s][info][gc       ] [SPS 0.000 0.001 0.000 0.006 0.000 0.001 0.000 0.046 0.013 0.066 NewGC_pause3 76.821214 ]
[76.822s][info][safepoint] Application time: 0.0010239 seconds
[76.823s][info][safepoint] Total time for which application threads were stopped: 0.0000600 seconds, Stopping threads took: 0.0000004 seconds
[76.823s][info][gc       ] [SPS 0.000 0.002 0.002 0.006 0.000 0.001 0.000 0.040 0.013 0.060 NewGC_pause4 76.822298 ]
[76.823s][info][gc       ] [GC New Max 250-232 : 5120 3068 2236 5120 - - 1051 56 2 2 - : 238 1788 26 184 1070 : 236 2 834 834 0 : 0 0 118 0 119 - 0 : 0.162554 3789.5 0.0 0.063847 3821.7 0.0 : 3 --c 0000 : 23 0 0.000 0.000 0 0.000 0.000 0 0.000 0.000 : 76.758741 76.760233 0.000264 76.819527 0.000092 76.821148 0.000046 76.822238 0.000043 : 76.822588 ]
[76.823s][info][gc       ] [SYSINFO 7333 227 63 0 6776 0 30 0 0 5703 : - - - - - - - - : 0 7168 : 3.42 3.11 2.08 : 292739 4277844 : 0 0 : 19 0 : 3877 3 0 261 : - 7410520064 682364928 1199685632 5905219584 238030848 67043328 : 140073237 30008590 738300 0 0 0 : 76.822872 ]
[76.823s][info][gc       ] [HUGEPAGESTAT 0 0 0 - 110774 0 0 : 393216 0 0 : 76.822872 ]
[76.823s][info][gc       ] [OBJCREAT 226312068 25358 12056576 : 76.822914 ]
[76.823s][info][gc       ] [HMSV All : 0 0 70 0 0 0 0 0 : 4960 0 0 0 : 76.822928 ]
[76.823s][info][gc       ] [HMSP 9 : 41100 0 : 76.822928 ]
[76.823s][info][gc       ] [VMAC 65530 166 24 435 625 : 76.823316 ]
[76.984s][info][gc       ] [GPGC-H  3946.3 405.7 0.7 0.0 : 76.1 : 0.000 0.000 : 0.000 0.000 0.642 1.377 : 0.000 0.000 0.000 0.000 1.740 0.399 : 0.000 : 94.930 : 866 1788 26 0 : 2274 : 4608 4424 : 76.984035 : 9 Next_heuristic_check_may_be_too_late ]
[76.987s][info][safepoint] Application time: 0.1639153 seconds
[76.987s][info][safepoint] Total time for which application threads were stopped: 0.0002888 seconds, Stopping threads took: 0.0000004 seconds
[76.988s][info][gc       ] [SPS 0.000 0.003 0.002 0.006 0.000 0.001 0.000 0.263 0.019 0.289 NewGC_pause1 76.986503 ]
[77.042s][info][safepoint] Application time: 0.0554076 seconds
[77.042s][info][safepoint] Total time for which application threads were stopped: 0.0001507 seconds, Stopping threads took: 0.0000004 seconds
[77.043s][info][gc       ] [SPS 0.000 0.001 0.000 0.005 0.000 0.001 0.000 0.118 0.027 0.151 NewGC_pause2 77.042061 ]
[77.044s][info][safepoint] Application time: 0.0014496 seconds
[77.044s][info][safepoint] Total time for which application threads were stopped: 0.0000512 seconds, Stopping threads took: 0.0000004 seconds
[77.044s][info][gc       ] [SPS 0.000 0.000 0.000 0.005 0.000 0.001 0.000 0.033 0.012 0.051 NewGC_pause3 77.043561 ]
[77.045s][info][safepoint] Application time: 0.0010854 seconds
[77.045s][info][safepoint] Total time for which application threads were stopped: 0.0000584 seconds, Stopping threads took: 0.0000004 seconds
[77.045s][info][gc       ] [SPS 0.000 0.002 0.002 0.005 0.000 0.001 0.000 0.039 0.013 0.058 NewGC_pause4 77.044705 ]
[77.045s][info][gc       ] [GC New Max 251-233 : 5120 3094 2224 5120 - - 1051 56 2 2 - : 226 1788 26 184 1096 : 222 4 873 873 0 : 0 1 111 0 113 - 0 : 0.161956 3889.9 0.0 0.060491 3802.2 0.0 : 3 --c 0000 : 23 0 0.000 0.000 0 0.000 0.000 0 0.000 0.000 : 76.984544 76.986214 0.000242 77.041910 0.000088 77.043510 0.000035 77.044647 0.000042 : 77.045034 ]
[77.045s][info][gc       ] [SYSINFO 7333 227 63 0 6776 0 30 0 0 5703 : - - - - - - - - : 0 7168 : 3.42 3.11 2.08 : 292739 4277844 : 0 0 : 19 0 : 3877 3 0 261 : - 7410520064 682364928 1199685632 5905219584 238030848 67043328 : 140073237 30008960 738300 0 0 0 : 77.045267 ]
[77.045s][info][gc       ] [HUGEPAGESTAT 0 0 0 - 110774 0 0 : 393216 0 0 : 77.045267 ]
[77.045s][info][gc       ] [OBJCREAT 227164281 25358 12056576 : 77.045306 ]
[77.045s][info][gc       ] [HMSV All : 0 0 70 0 0 0 0 0 : 4960 0 0 0 : 77.045321 ]
[77.045s][info][gc       ] [HMSP 9 : 41100 0 : 77.045321 ]
[77.046s][info][gc       ] [VMAC 65530 166 24 435 625 : 77.045735 ]
[77.202s][info][gc       ] [GPGC-H  3946.3 405.7 0.7 0.0 : 76.1 : 0.000 0.000 : 0.000 0.000 0.636 1.377 : 0.000 0.000 0.000 0.000 1.723 0.399 : 0.000 : 94.238 : 830 1788 26 0 : 2274 : 4608 4424 : 77.201882 : 9 Next_heuristic_check_may_be_too_late ]
[77.204s][info][safepoint] Application time: 0.1592860 seconds
[77.205s][info][safepoint] Total time for which application threads were stopped: 0.0002431 seconds, Stopping threads took: 0.0000004 seconds
[77.205s][info][gc       ] [SPS 0.000 0.002 0.002 0.006 0.000 0.001 0.000 0.204 0.032 0.243 NewGC_pause1 77.204235 ]
[77.260s][info][safepoint] Application time: 0.0552314 seconds
[77.260s][info][safepoint] Total time for which application threads were stopped: 0.0001654 seconds, Stopping threads took: 0.0000004 seconds
[77.261s][info][gc       ] [SPS 0.006 0.001 0.000 0.006 0.000 0.001 0.000 0.136 0.022 0.166 NewGC_pause2 77.259632 ]
[77.262s][info][safepoint] Application time: 0.0023053 seconds
[77.262s][info][safepoint] Total time for which application threads were stopped: 0.0000733 seconds, Stopping threads took: 0.0000004 seconds
[77.263s][info][gc       ] [SPS 0.000 0.000 0.000 0.007 0.000 0.001 0.000 0.040 0.025 0.073 NewGC_pause3 77.262010 ]
[77.263s][info][safepoint] Application time: 0.0010902 seconds
[77.263s][info][safepoint] Total time for which application threads were stopped: 0.0000604 seconds, Stopping threads took: 0.0000004 seconds
[77.264s][info][gc       ] [SPS 0.000 0.002 0.002 0.006 0.000 0.001 0.000 0.039 0.014 0.060 NewGC_pause4 77.263161 ]
[77.264s][info][gc       ] [GC New Max 252-234 : 5120 3046 2214 5120 - - 1051 56 2 2 - : 216 1788 26 184 1048 : 212 4 835 835 0 : 0 1 106 0 108 - 0 : 0.157409 3837.1 0.0 0.060938 3610.2 0.0 : 3 --c 0000 : 23 0 0.000 0.000 0 0.000 0.000 0 0.000 0.000 : 77.202444 77.203991 0.000161 77.259466 0.000061 77.261937 0.000044 77.263100 0.000043 : 77.263382 ]
[77.264s][info][gc       ] [SYSINFO 7333 227 63 0 6776 0 30 0 0 5703 : - - - - - - - - : 0 7168 : 3.42 3.11 2.08 : 292739 4277844 : 0 0 : 19 0 : 3877 2 0 261 : - 7410520064 682364928 1199685632 5905219584 238030848 67043328 : 140073237 30009330 738300 0 0 0 : 77.263648 ]
[77.264s][info][gc       ] [HUGEPAGESTAT 0 0 0 - 110774 0 0 : 393216 0 0 : 77.263648 ]
[77.264s][info][gc       ] [OBJCREAT 227982369 25358 12056576 : 77.263688 ]
[77.264s][info][gc       ] [HMSV All : 0 0 70 0 0 0 0 0 : 4960 0 0 0 : 77.263703 ]
[77.264s][info][gc       ] [HMSP 9 : 41100 0 : 77.263703 ]
[77.264s][info][gc       ] [VMAC 65530 166 24 435 625 : 77.264109 ]
[77.424s][info][gc       ] [GPGC-H  3946.3 405.7 0.7 0.0 : 76.1 : 0.000 0.000 : 0.000 0.000 0.630 1.377 : 0.000 0.000 0.000 0.000 1.707 0.399 : 0.000 : 93.572 : 882 1788 26 0 : 2274 : 4608 4424 : 77.423993 : 9 Next_heuristic_check_may_be_too_late ]
[77.426s][info][safepoint] Application time: 0.1629795 seconds
[77.427s][info][safepoint] Total time for which application threads were stopped: 0.0002598 seconds, Stopping threads took: 0.0000004 seconds
[77.427s][info][gc       ] [SPS 0.000 0.003 0.002 0.006 0.000 0.001 0.000 0.234 0.018 0.260 NewGC_pause1 77.426400 ]
[77.491s][info][safepoint] Application time: 0.0640397 seconds
[77.491s][info][safepoint] Total time for which application threads were stopped: 0.0001070 seconds, Stopping threads took: 0.0000004 seconds
[77.491s][info][gc       ] [SPS 0.000 0.001 0.000 0.006 0.000 0.001 0.000 0.087 0.013 0.107 NewGC_pause2 77.490547 ]
[77.492s][info][safepoint] Application time: 0.0014910 seconds
[77.493s][info][safepoint] Total time for which application threads were stopped: 0.0000955 seconds, Stopping threads took: 0.0000004 seconds
[77.493s][info][gc       ] [SPS 0.000 0.000 0.000 0.006 0.000 0.001 0.000 0.077 0.012 0.095 NewGC_pause3 77.492133 ]
[77.494s][info][safepoint] Application time: 0.0012744 seconds
[77.494s][info][safepoint] Total time for which application threads were stopped: 0.0001031 seconds, Stopping threads took: 0.0000004 seconds
[77.494s][info][gc       ] [SPS 0.000 0.003 0.002 0.006 0.000 0.001 0.000 0.083 0.013 0.103 NewGC_pause4 77.493511 ]
[77.494s][info][gc       ] [GC New Max 253-235 : 5120 3114 2230 5120 - - 1051 56 2 2 - : 232 1788 26 184 1116 : 226 4 888 888 0 : 0 1 113 0 116 - 0 : 0.161140 4145.5 0.0 0.069291 3405.9 0.0 : 3 --c 0000 : 23 0 0.000 0.000 0 0.000 0.000 0 0.000 0.000 : 77.424521 77.426141 0.000203 77.490440 0.000091 77.492038 0.000082 77.493408 0.000088 : 77.493813 ]
[77.494s][info][gc       ] [SYSINFO 7333 227 63 0 6776 0 30 0 0 5703 : - - - - - - - - : 0 7168 : 3.42 3.11 2.08 : 292739 4277844 : 0 0 : 19 0 : 3877 2 0 261 : - 7410520064 682364928 1199685632 5905219584 238030848 67043328 : 140073237 30009710 738300 0 0 0 : 77.494053 ]
[77.494s][info][gc       ] [HUGEPAGESTAT 0 0 0 - 110774 0 0 : 393216 0 0 : 77.494053 ]
[77.494s][info][gc       ] [OBJCREAT 228874682 25358 12056576 : 77.494093 ]
[77.494s][info][gc       ] [HMSV All : 0 0 70 0 0 0 0 0 : 4960 0 0 0 : 77.494113 ]
[77.494s][info][gc       ] [HMSP 9 : 41100 0 : 77.494113 ]
[77.495s][info][gc       ] [VMAC 65530 166 24 435 625 : 77.494531 ]
[77.654s][info][gc       ] [GPGC-H  3946.3 405.7 0.7 0.0 : 76.1 : 0.000 0.000 : 0.000 0.000 0.624 1.377 : 0.000 0.000 0.000 0.000 1.691 0.399 : 0.000 : 92.899 : 882 1788 26 0 : 2274 : 4608 4424 : 77.653980 : 9 Next_heuristic_check_may_be_too_late ]
[77.656s][info][safepoint] Application time: 0.1626428 seconds
[77.657s][info][safepoint] Total time for which application threads were stopped: 0.0002936 seconds, Stopping threads took: 0.0000004 seconds
[77.657s][info][gc       ] [SPS 0.000 0.003 0.003 0.006 0.000 0.001 0.000 0.267 0.019 0.294 NewGC_pause1 77.656448 ]
[77.712s][info][safepoint] Application time: 0.0554305 seconds
[77.712s][info][safepoint] Total time for which application threads were stopped: 0.0002703 seconds, Stopping threads took: 0.0000004 seconds
[77.713s][info][gc       ] [SPS 0.000 0.001 0.000 0.006 0.000 0.001 0.000 0.240 0.022 0.270 NewGC_pause2 77.712149 ]
[77.714s][info][safepoint] Application time: 0.0013795 seconds
[77.714s][info][safepoint] Total time for which application threads were stopped: 0.0001473 seconds, Stopping threads took: 0.0000004 seconds
[77.714s][info][gc       ] [SPS 0.000 0.000 0.000 0.006 0.000 0.001 0.000 0.118 0.023 0.148 NewGC_pause3 77.713676 ]
[77.715s][info][safepoint] Application time: 0.0008308 seconds
[77.715s][info][safepoint] Total time for which application threads were stopped: 0.0000901 seconds, Stopping threads took: 0.0000005 seconds
[77.715s][info][gc       ] [SPS 0.000 0.003 0.002 0.006 0.000 0.001 0.000 0.069 0.014 0.090 NewGC_pause4 77.714597 ]
[77.715s][info][gc       ] [GC New Max 254-236 : 5120 3112 2226 5120 - - 1051 56 2 2 - : 228 1788 26 184 1114 : 224 4 889 889 0 : 0 1 112 0 114 - 0 : 0.160738 4056.3 0.0 0.060425 3839.5 0.0 : 3 --c 0000 : 23 0 0.000 0.000 0 0.000 0.000 0 0.000 0.000 : 77.654551 77.656154 0.000234 77.711879 0.000142 77.713528 0.000052 77.714507 0.000071 : 77.714976 ]
[77.715s][info][gc       ] [SYSINFO 7333 227 63 0 6776 0 30 0 0 5703 : - - - - - - - - : 0 7168 : 3.42 3.11 2.08 : 292739 4277844 : 0 0 : 19 0 : 3877 2 0 261 : - 7410520064 682364928 1199685632 5905219584 238030848 67043328 : 140073237 30010070 738300 0 0 0 : 77.715243 ]
[77.715s][info][gc       ] [HUGEPAGESTAT 0 0 0 - 110774 0 0 : 393216 0 0 : 77.715243 ]
[77.715s][info][gc       ] [OBJCREAT 229752341 25358 12056576 : 77.715286 ]
[77.715s][info][gc       ] [HMSV All : 0 0 70 0 0 0 0 0 : 4960 0 0 0 : 77.715302 ]
[77.715s][info][gc       ] [HMSP 9 : 41100 0 : 77.715302 ]
[77.716s][info][gc       ] [VMAC 65530 166 24 435 625 : 77.715795 ]
[77.877s][info][gc       ] [GPGC-H  3946.3 405.7 0.7 0.0 : 76.1 : 0.000 0.000 : 0.000 0.000 0.618 1.377 : 0.000 0.000 0.000 0.000 1.675 0.399 : 0.000 : 92.232 : 896 1788 26 0 : 2274 : 4608 4424 : 77.877465 : 9 Next_heuristic_check_may_be_too_late ]
[77.880s][info][safepoint] Application time: 0.1652840 seconds
[77.880s][info][safepoint] Total time for which application threads were stopped: 0.0003174 seconds, Stopping threads took: 0.0000004 seconds
[77.881s][info][gc       ] [SPS 0.000 0.003 0.002 0.006 0.000 0.001 0.000 0.278 0.033 0.318 NewGC_pause1 77.880199 ]
[77.937s][info][safepoint] Application time: 0.0564429 seconds
[77.937s][info][safepoint] Total time for which application threads were stopped: 0.0001532 seconds, Stopping threads took: 0.0000004 seconds
[77.938s][info][gc       ] [SPS 0.000 0.001 0.000 0.006 0.000 0.001 0.000 0.126 0.019 0.153 NewGC_pause2 77.936795 ]
[77.938s][info][safepoint] Application time: 0.0015068 seconds
[77.939s][info][safepoint] Total time for which application threads were stopped: 0.0000659 seconds, Stopping threads took: 0.0000004 seconds
[77.939s][info][gc       ] [SPS 0.000 0.001 0.000 0.006 0.000 0.001 0.000 0.044 0.015 0.066 NewGC_pause3 77.938368 ]
[77.940s][info][safepoint] Application time: 0.0011590 seconds
[77.940s][info][safepoint] Total time for which application threads were stopped: 0.0001236 seconds, Stopping threads took: 0.0000004 seconds
[77.940s][info][gc       ] [SPS 0.000 0.002 0.001 0.006 0.000 0.001 0.000 0.104 0.013 0.124 NewGC_pause4 77.939650 ]
[77.940s][info][gc       ] [GC New Max 255-237 : 5120 3126 2228 5120 - - 1051 56 2 2 - : 230 1788 26 184 1128 : 226 4 901 901 0 : 0 1 113 0 115 - 0 : 0.162982 4098.6 0.0 0.062003 3774.0 0.0 : 3 --c 0000 : 23 0 0.000 0.000 0 0.000 0.000 0 0.000 0.000 : 77.877958 77.879881 0.000265 77.936642 0.000062 77.938302 0.000046 77.939527 0.000108 : 77.939961 ]
[77.940s][info][gc       ] [SYSINFO 7333 227 63 0 6776 0 30 0 0 5703 : - - - - - - - - : 0 7168 : 3.42 3.11 2.08 : 292739 4277844 : 0 0 : 19 0 : 3877 2 0 261 : - 7410520064 682364928 1199685632 5905219584 238030848 67043328 : 140073237 30010440 738310 0 0 0 : 77.940224 ]
[77.940s][info][gc       ] [HUGEPAGESTAT 0 0 0 - 110774 0 0 : 393216 0 0 : 77.940224 ]
[77.940s][info][gc       ] [OBJCREAT 230645555 25358 12056576 : 77.940265 ]
[77.940s][info][gc       ] [HMSV All : 0 0 70 0 0 0 0 0 : 4960 0 0 0 : 77.940279 ]
[77.940s][info][gc       ] [HMSP 9 : 41100 0 : 77.940279 ]
[77.941s][info][gc       ] [VMAC 65530 166 24 435 625 : 77.940765 ]
[78.100s][info][gc       ] [GPGC-H  3946.3 405.7 0.7 0.0 : 76.1 : 0.000 0.000 : 0.000 0.000 0.613 1.377 : 0.000 0.000 0.000 0.000 1.660 0.399 : 0.000 : 91.564 : 876 1788 26 0 : 2274 : 4608 4424 : 78.100301 : 9 Next_heuristic_check_may_be_too_late ]
[78.103s][info][safepoint] Application time: 0.1627800 seconds
[78.103s][info][safepoint] Total time for which application threads were stopped: 0.0003978 seconds, Stopping threads took: 0.0000004 seconds
[78.104s][info][gc       ] [SPS 0.000 0.003 0.002 0.006 0.000 0.001 0.000 0.371 0.019 0.398 NewGC_pause1 78.102828 ]
[78.158s][info][safepoint] Application time: 0.0552492 seconds
[78.159s][info][safepoint] Total time for which application threads were stopped: 0.0001116 seconds, Stopping threads took: 0.0000004 seconds
[78.159s][info][gc       ] [SPS 0.000 0.001 0.000 0.006 0.000 0.001 0.000 0.087 0.018 0.112 NewGC_pause2 78.158189 ]
[78.160s][info][safepoint] Application time: 0.0017341 seconds
[78.160s][info][safepoint] Total time for which application threads were stopped: 0.0000938 seconds, Stopping threads took: 0.0000004 seconds
[78.161s][info][gc       ] [SPS 0.000 0.000 0.000 0.005 0.000 0.001 0.000 0.076 0.011 0.094 NewGC_pause3 78.160017 ]
[78.161s][info][safepoint] Application time: 0.0010383 seconds
[78.161s][info][safepoint] Total time for which application threads were stopped: 0.0000603 seconds, Stopping threads took: 0.0000004 seconds
[78.161s][info][gc       ] [SPS 0.000 0.002 0.002 0.005 0.000 0.001 0.000 0.042 0.012 0.060 NewGC_pause4 78.161116 ]
[78.162s][info][gc       ] [GC New Max 256-238 : 5120 3116 2238 5120 - - 1051 56 2 2 - : 240 1788 26 184 1118 : 236 4 883 883 0 : 0 1 118 0 120 - 0 : 0.160800 4029.9 0.0 0.060632 4024.3 0.0 : 3 --c 0000 : 23 0 0.000 0.000 0 0.000 0.000 0 0.000 0.000 : 78.100761 78.102431 0.000289 78.158078 0.000056 78.159923 0.000079 78.161056 0.000045 : 78.161393 ]
[78.162s][info][gc       ] [SYSINFO 7333 227 63 0 6776 0 30 0 0 5703 : - - - - - - - - : 0 7168 : 3.42 3.11 2.08 : 292739 4277844 : 0 0 : 19 0 : 3877 2 0 261 : - 7410520064 682364928 1199685632 5905219584 238030848 67043328 : 140073237 30010830 738310 0 0 0 : 78.161597 ]
[78.162s][info][gc       ] [HUGEPAGESTAT 0 0 0 - 110774 0 0 : 393216 0 0 : 78.161597 ]
[78.162s][info][gc       ] [OBJCREAT 231526827 25358 12056576 : 78.161646 ]
[78.162s][info][gc       ] [HMSV All : 0 0 70 0 0 0 0 0 : 4960 0 0 0 : 78.161658 ]
[78.162s][info][gc       ] [HMSP 9 : 41100 0 : 78.161658 ]
[78.162s][info][gc       ] [VMAC 65530 166 24 435 625 : 78.162096 ]
[78.321s][info][gc       ] [GPGC-H  3946.3 405.7 0.7 0.0 : 76.1 : 0.000 0.000 : 0.000 0.000 0.607 1.377 : 0.000 0.000 0.000 0.000 1.644 0.399 : 0.000 : 90.910 : 862 1788 26 0 : 2274 : 4608 4424 : 78.321105 : 9 Next_heuristic_check_may_be_too_late ]
[78.324s][info][safepoint] Application time: 0.1621123 seconds
[78.324s][info][safepoint] Total time for which application threads were stopped: 0.0002872 seconds, Stopping threads took: 0.0000004 seconds
[78.324s][info][gc       ] [SPS 0.000 0.002 0.002 0.006 0.000 0.001 0.000 0.261 0.019 0.287 NewGC_pause1 78.323516 ]
[78.379s][info][safepoint] Application time: 0.0557018 seconds
[78.380s][info][safepoint] Total time for which application threads were stopped: 0.0001929 seconds, Stopping threads took: 0.0000004 seconds
[78.380s][info][gc       ] [SPS 0.000 0.001 0.000 0.006 0.000 0.001 0.000 0.154 0.031 0.193 NewGC_pause2 78.379410 ]
[78.381s][info][safepoint] Application time: 0.0015751 seconds
[78.381s][info][safepoint] Total time for which application threads were stopped: 0.0000647 seconds, Stopping threads took: 0.0000004 seconds
[78.382s][info][gc       ] [SPS 0.000 0.000 0.000 0.007 0.000 0.001 0.000 0.041 0.015 0.065 NewGC_pause3 78.381050 ]
[78.382s][info][safepoint] Application time: 0.0010631 seconds
[78.383s][info][safepoint] Total time for which application threads were stopped: 0.0000841 seconds, Stopping threads took: 0.0000005 seconds
[78.383s][info][gc       ] [SPS 0.000 0.002 0.002 0.006 0.000 0.001 0.000 0.063 0.014 0.084 NewGC_pause4 78.382197 ]
[78.383s][info][gc       ] [GC New Max 257-239 : 5120 3076 2212 5120 - - 1051 56 2 2 - : 214 1788 26 184 1078 : 210 4 867 867 0 : 0 1 105 0 107 - 0 : 0.160188 3895.4 0.0 0.060875 3548.3 0.0 : 3 --c 0000 : 23 0 0.000 0.000 0 0.000 0.000 0 0.000 0.000 : 78.321581 78.323228 0.000223 78.379218 0.000111 78.380986 0.000044 78.382113 0.000066 : 78.382456 ]
[78.383s][info][gc       ] [SYSINFO 7333 227 63 0 6776 0 30 0 0 5703 : - - - - - - - - : 0 7168 : 3.42 3.11 2.08 : 292739 4277844 : 0 0 : 19 0 : 3877 2 0 261 : - 7410520064 682364928 1199685632 5905219584 238030848 67043328 : 140073237 30011220 738310 0 0 0 : 78.382688 ]
[78.383s][info][gc       ] [HUGEPAGESTAT 0 0 0 - 110774 0 0 : 393216 0 0 : 78.382688 ]
[78.383s][info][gc       ] [OBJCREAT 232361213 25358 12056576 : 78.382745 ]
[78.383s][info][gc       ] [HMSV All : 0 0 70 0 0 0 0 0 : 4960 0 0 0 : 78.382759 ]
[78.383s][info][gc       ] [HMSP 9 : 41100 0 : 78.382759 ]
[78.383s][info][gc       ] [VMAC 65530 166 24 435 625 : 78.383155 ]
[78.544s][info][gc       ] [GPGC-H  3946.3 369.7 0.7 0.0 : 69.3 : 0.000 0.000 : 0.000 0.000 0.601 1.377 : 0.000 0.000 0.000 0.000 1.629 0.399 : 0.000 : 90.266 : 822 1788 26 0 : 2274 : 4608 4424 : 78.544252 : 9 Next_heuristic_check_may_be_too_late ]
[78.547s][info][safepoint] Application time: 0.1642080 seconds
[78.547s][info][safepoint] Total time for which application threads were stopped: 0.0004134 seconds, Stopping threads took: 0.0000004 seconds
[78.548s][info][gc       ] [SPS 0.000 0.002 0.002 0.006 0.000 0.001 0.000 0.387 0.019 0.414 NewGC_pause1 78.546819 ]
[78.602s][info][safepoint] Application time: 0.0546632 seconds
[78.602s][info][safepoint] Total time for which application threads were stopped: 0.0001605 seconds, Stopping threads took: 0.0000004 seconds
[78.603s][info][gc       ] [SPS 0.000 0.001 0.000 0.006 0.000 0.001 0.000 0.132 0.021 0.161 NewGC_pause2 78.601643 ]
[78.604s][info][safepoint] Application time: 0.0019471 seconds
[78.604s][info][safepoint] Total time for which application threads were stopped: 0.0000551 seconds, Stopping threads took: 0.0000004 seconds
[78.604s][info][gc       ] [SPS 0.000 0.000 0.000 0.006 0.000 0.001 0.000 0.034 0.013 0.055 NewGC_pause3 78.603645 ]
[78.605s][info][safepoint] Application time: 0.0010660 seconds
[78.605s][info][safepoint] Total time for which application threads were stopped: 0.0000607 seconds, Stopping threads took: 0.0000004 seconds
[78.605s][info][gc       ] [SPS 0.000 0.002 0.001 0.006 0.000 0.001 0.000 0.040 0.014 0.061 NewGC_pause4 78.604772 ]
[78.605s][info][gc       ] [GC New Max 258-240 : 5120 3038 2212 5120 - - 1051 56 2 2 - : 212 1788 26 184 1040 : 212 2 830 830 0 : 0 0 106 0 106 - 0 : 0.162284 3758.8 0.0 0.060246 3618.5 0.0 : 3 --c 0000 : 23 0 0.000 0.000 0 0.000 0.000 0 0.000 0.000 : 78.544740 78.546406 0.000292 78.601483 0.000090 78.603590 0.000038 78.604711 0.000043 : 78.604986 ]
[78.605s][info][gc       ] [SYSINFO 7333 227 63 0 6776 0 30 0 0 5703 : - - - - - - - - : 0 7168 : 3.42 3.11 2.08 : 292739 4277844 : 0 0 : 19 0 : 3877 4 0 261 : - 7410520064 682364928 1199685632 5905219584 238030848 67043328 : 140073237 30011590 738310 0 0 0 : 78.605211 ]
[78.605s][info][gc       ] [HUGEPAGESTAT 0 0 0 - 110774 0 0 : 393216 0 0 : 78.605211 ]
[78.605s][info][gc       ] [OBJCREAT 233181277 25358 12056576 : 78.605253 ]
[78.605s][info][gc       ] [HMSV All : 0 0 70 0 0 0 0 0 : 4960 0 0 0 : 78.605267 ]
[78.605s][info][gc       ] [HMSP 9 : 41100 0 : 78.605267 ]
[78.606s][info][gc       ] [VMAC 65530 166 24 435 625 : 78.605728 ]
[78.764s][info][gc       ] [GPGC-H  3946.3 369.7 0.7 0.0 : 69.3 : 0.000 0.000 : 0.000 0.000 0.596 1.377 : 0.000 0.000 0.000 0.000 1.614 0.399 : 0.000 : 89.620 : 824 1788 26 0 : 2274 : 4608 4424 : 78.764227 : 9 Next_heuristic_check_may_be_too_late ]
[78.767s][info][safepoint] Application time: 0.1615464 seconds
[78.767s][info][safepoint] Total time for which application threads were stopped: 0.0003705 seconds, Stopping threads took: 0.0000004 seconds
[78.768s][info][gc       ] [SPS 0.000 0.002 0.002 0.006 0.000 0.001 0.000 0.324 0.039 0.371 NewGC_pause1 78.766689 ]
[78.828s][info][safepoint] Application time: 0.0613553 seconds
[78.829s][info][safepoint] Total time for which application threads were stopped: 0.0001052 seconds, Stopping threads took: 0.0000004 seconds
[78.829s][info][gc       ] [SPS 0.000 0.001 0.000 0.006 0.000 0.001 0.000 0.084 0.013 0.105 NewGC_pause2 78.828150 ]
[78.830s][info][safepoint] Application time: 0.0015515 seconds
[78.830s][info][safepoint] Total time for which application threads were stopped: 0.0000574 seconds, Stopping threads took: 0.0000004 seconds
[78.830s][info][gc       ] [SPS 0.000 0.001 0.000 0.006 0.000 0.001 0.000 0.038 0.013 0.057 NewGC_pause3 78.829758 ]
[78.831s][info][safepoint] Application time: 0.0008556 seconds
[78.831s][info][safepoint] Total time for which application threads were stopped: 0.0000628 seconds, Stopping threads took: 0.0000004 seconds
[78.831s][info][gc       ] [SPS 0.000 0.002 0.002 0.006 0.000 0.001 0.000 0.041 0.015 0.063 NewGC_pause4 78.830677 ]
[78.831s][info][gc       ] [GC New Max 259-241 : 5120 3062 2234 5120 - - 1051 56 2 2 - : 236 1788 26 184 1064 : 232 4 830 830 0 : 0 1 116 0 118 - 0 : 0.159743 3843.7 0.0 0.066131 3629.2 0.0 : 3 --c 0000 : 23 0 0.000 0.000 0 0.000 0.000 0 0.000 0.000 : 78.764729 78.766319 0.000273 78.828044 0.000088 78.829701 0.000041 78.830614 0.000044 : 78.830860 ]
[78.831s][info][gc       ] [SYSINFO 7333 227 63 0 6776 0 30 0 0 5703 : - - - - - - - - : 0 7168 : 3.54 3.14 2.10 : 292739 4277844 : 0 0 : 19 0 : 3877 2 0 261 : - 7410520064 682364928 1199685632 5905219584 238030848 67043328 : 140073237 30011990 738310 0 0 0 : 78.831076 ]
[78.831s][info][gc       ] [HUGEPAGESTAT 0 0 0 - 110774 0 0 : 393216 0 0 : 78.831076 ]
[78.831s][info][gc       ] [OBJCREAT 234024256 25358 12056576 : 78.831125 ]
[78.831s][info][gc       ] [HMSV All : 0 0 70 0 0 0 0 0 : 4960 0 0 0 : 78.831140 ]
[78.831s][info][gc       ] [HMSP 9 : 41100 0 : 78.831140 ]
[78.832s][info][gc       ] [VMAC 65530 166 24 435 625 : 78.831530 ]
[78.991s][info][gc       ] [GPGC-H  3929.0 369.7 0.7 0.0 : 69.3 : 0.000 0.000 : 0.000 0.000 0.590 1.377 : 0.000 0.000 0.000 0.000 1.599 0.399 : 0.000 : 88.993 : 840 1788 26 0 : 2274 : 4608 4424 : 78.991035 : 9 Next_heuristic_check_may_be_too_late ]
[78.994s][info][safepoint] Application time: 0.1627415 seconds
[78.994s][info][safepoint] Total time for which application threads were stopped: 0.0003878 seconds, Stopping threads took: 0.0000004 seconds
[78.995s][info][gc       ] [SPS 0.000 0.003 0.002 0.006 0.000 0.001 0.000 0.359 0.022 0.388 NewGC_pause1 78.993807 ]
[79.054s][info][safepoint] Application time: 0.0603399 seconds
[79.055s][info][safepoint] Total time for which application threads were stopped: 0.0002122 seconds, Stopping threads took: 0.0000004 seconds
[79.056s][info][gc       ] [SPS 0.000 0.001 0.000 0.016 0.000 0.001 0.000 0.164 0.031 0.212 NewGC_pause2 79.054359 ]
[79.057s][info][safepoint] Application time: 0.0023102 seconds
[79.057s][info][safepoint] Total time for which application threads were stopped: 0.0001274 seconds, Stopping threads took: 0.0000004 seconds
[79.057s][info][gc       ] [SPS 0.000 0.000 0.000 0.006 0.000 0.001 0.000 0.101 0.018 0.127 NewGC_pause3 79.056796 ]
[79.058s][info][safepoint] Application time: 0.0010020 seconds
[79.058s][info][safepoint] Total time for which application threads were stopped: 0.0000676 seconds, Stopping threads took: 0.0000004 seconds
[79.058s][info][gc       ] [SPS 0.000 0.003 0.002 0.006 0.000 0.001 0.000 0.046 0.014 0.068 NewGC_pause4 79.057866 ]
[79.058s][info][gc       ] [GC New Max 260-242 : 5120 3074 2230 5120 - - 1051 56 2 2 - : 230 1788 26 184 1076 : 228 4 848 848 0 : 0 1 114 0 116 - 0 : 0.160727 3770.4 0.0 0.066609 3543.1 0.0 : 3 --c 0000 : 23 0 0.000 0.000 0 0.000 0.000 0 0.000 0.000 : 78.991587 78.993419 0.000285 79.054147 0.000126 79.056669 0.000105 79.057798 0.000050 : 79.058196 ]
[79.058s][info][gc       ] [SYSINFO 7333 227 63 0 6776 0 30 0 0 5703 : - - - - - - - - : 0 7168 : 3.54 3.14 2.10 : 292739 4277844 : 0 0 : 19 0 : 3877 2 0 261 : - 7410520064 682364928 1199685632 5905219584 238030848 67043328 : 140073237 30012370 738310 0 0 0 : 79.058425 ]
[79.058s][info][gc       ] [HUGEPAGESTAT 0 0 0 - 110774 0 0 : 393216 0 0 : 79.058425 ]
[79.058s][info][gc       ] [OBJCREAT 234859390 25358 12056576 : 79.058470 ]
[79.058s][info][gc       ] [HMSV All : 0 0 70 0 0 0 0 0 : 4960 0 0 0 : 79.058485 ]
[79.058s][info][gc       ] [HMSP 9 : 41100 0 : 79.058485 ]
[79.059s][info][gc       ] [VMAC 65530 166 24 435 625 : 79.058958 ]
[79.217s][info][gc       ] [GPGC-H  3929.0 369.7 0.7 0.0 : 69.3 : 0.000 0.000 : 0.000 0.000 0.585 1.377 : 0.000 0.000 0.000 0.000 1.584 0.399 : 0.000 : 88.369 : 836 1788 26 0 : 2274 : 4608 4424 : 79.217460 : 9 Next_heuristic_check_may_be_too_late ]
[79.220s][info][safepoint] Application time: 0.1616851 seconds
[79.220s][info][safepoint] Total time for which application threads were stopped: 0.0002594 seconds, Stopping threads took: 0.0000004 seconds
[79.220s][info][gc       ] [SPS 0.000 0.002 0.002 0.006 0.000 0.001 0.000 0.232 0.020 0.259 NewGC_pause1 79.219811 ]
[79.276s][info][safepoint] Application time: 0.0557292 seconds
[79.276s][info][safepoint] Total time for which application threads were stopped: 0.0001137 seconds, Stopping threads took: 0.0000004 seconds
[79.276s][info][gc       ] [SPS 0.000 0.001 0.000 0.006 0.000 0.001 0.000 0.086 0.020 0.114 NewGC_pause2 79.275654 ]
[79.282s][info][safepoint] Application time: 0.0060815 seconds
[79.282s][info][safepoint] Total time for which application threads were stopped: 0.0002377 seconds, Stopping threads took: 0.0000004 seconds
[79.283s][info][gc       ] [SPS 0.000 0.000 0.000 0.007 0.000 0.001 0.000 0.199 0.030 0.238 NewGC_pause3 79.281973 ]
[79.283s][info][safepoint] Application time: 0.0012911 seconds
[79.284s][info][safepoint] Total time for which application threads were stopped: 0.0001531 seconds, Stopping threads took: 0.0000004 seconds
[79.284s][info][gc       ] [SPS 0.000 0.003 0.002 0.006 0.000 0.001 0.000 0.124 0.022 0.153 NewGC_pause4 79.283418 ]
[79.284s][info][gc       ] [GC New Max 261-243 : 5120 3060 2222 5120 - - 1051 56 2 2 - : 224 1788 26 184 1062 : 222 2 842 842 0 : 0 0 111 0 112 - 0 : 0.159770 3805.5 0.0 0.065733 3468.6 0.0 : 3 --c 0000 : 23 0 0.000 0.000 0 0.000 0.000 0 0.000 0.000 : 79.217966 79.219551 0.000199 79.275540 0.000082 79.281735 0.000126 79.283264 0.000091 : 79.283699 ]
[79.284s][info][gc       ] [SYSINFO 7333 227 63 0 6776 0 30 0 0 5703 : - - - - - - - - : 0 7168 : 3.54 3.14 2.10 : 292739 4277844 : 0 0 : 19 0 : 3877 2 0 261 : - 7410520064 682364928 1199685632 5905219584 238030848 67043328 : 140073237 30012740 738310 0 0 0 : 79.283913 ]
[79.284s][info][gc       ] [HUGEPAGESTAT 0 0 0 - 110774 0 0 : 393216 0 0 : 79.283913 ]
[79.284s][info][gc       ] [OBJCREAT 235687716 25358 12056576 : 79.283956 ]
[79.284s][info][gc       ] [HMSV All : 0 0 70 0 0 0 0 0 : 4960 0 0 0 : 79.283971 ]
[79.284s][info][gc       ] [HMSP 9 : 41100 0 : 79.283971 ]
[79.284s][info][gc       ] [VMAC 65530 166 24 435 625 : 79.284466 ]
[79.444s][info][gc       ] [GPGC-H  3929.0 369.7 0.7 0.0 : 69.3 : 0.000 0.000 : 0.000 0.000 0.580 1.377 : 0.000 0.000 0.000 0.000 1.569 0.399 : 0.000 : 87.755 : 844 1788 26 0 : 2274 : 4608 4424 : 79.444368 : 9 Next_heuristic_check_may_be_too_late ]
[79.447s][info][safepoint] Application time: 0.1629505 seconds
[79.447s][info][safepoint] Total time for which application threads were stopped: 0.0003164 seconds, Stopping threads took: 0.0000004 seconds
[79.448s][info][gc       ] [SPS 0.000 0.003 0.002 0.007 0.000 0.001 0.000 0.289 0.020 0.316 NewGC_pause1 79.446685 ]
[79.502s][info][safepoint] Application time: 0.0555911 seconds
[79.503s][info][safepoint] Total time for which application threads were stopped: 0.0001372 seconds, Stopping threads took: 0.0000004 seconds
[79.503s][info][gc       ] [SPS 0.000 0.001 0.000 0.006 0.000 0.001 0.000 0.113 0.018 0.137 NewGC_pause2 79.502413 ]
[79.505s][info][safepoint] Application time: 0.0020436 seconds
[79.505s][info][safepoint] Total time for which application threads were stopped: 0.0000925 seconds, Stopping threads took: 0.0000004 seconds
[79.505s][info][gc       ] [SPS 0.000 0.000 0.000 0.005 0.000 0.001 0.000 0.075 0.011 0.093 NewGC_pause3 79.504549 ]
[79.506s][info][safepoint] Application time: 0.0011208 seconds
[79.506s][info][safepoint] Total time for which application threads were stopped: 0.0001243 seconds, Stopping threads took: 0.0000004 seconds
[79.506s][info][gc       ] [SPS 0.000 0.003 0.002 0.005 0.000 0.001 0.000 0.106 0.012 0.124 NewGC_pause4 79.505794 ]
[79.506s][info][gc       ] [GC New Max 262-244 : 5120 3092 2244 5120 - - 1051 56 2 2 - : 246 1788 26 184 1094 : 242 4 850 850 0 : 0 1 121 0 123 - 0 : 0.161128 3860.3 0.0 0.061246 4081.9 0.0 : 3 --c 0000 : 23 0 0.000 0.000 0 0.000 0.000 0 0.000 0.000 : 79.444827 79.446368 0.000248 79.502276 0.000057 79.504457 0.000078 79.505670 0.000110 : 79.506073 ]
[79.506s][info][gc       ] [SYSINFO 7333 227 63 0 6776 0 30 0 0 5703 : - - - - - - - - : 0 7168 : 3.54 3.14 2.10 : 292739 4277844 : 0 0 : 19 0 : 3877 2 0 261 : - 7410520064 682364928 1199685632 5905219584 238030848 67043328 : 140073237 30013110 738320 0 0 0 : 79.506277 ]
[79.506s][info][gc       ] [HUGEPAGESTAT 0 0 0 - 110774 0 0 : 393216 0 0 : 79.506277 ]
[79.506s][info][gc       ] [OBJCREAT 236548189 25358 12056576 : 79.506315 ]
[79.506s][info][gc       ] [HMSV All : 0 0 70 0 0 0 0 0 : 4960 0 0 0 : 79.506330 ]
[79.506s][info][gc       ] [HMSP 9 : 41100 0 : 79.506330 ]
[79.507s][info][gc       ] [VMAC 65530 166 24 435 625 : 79.506770 ]
[79.668s][info][gc       ] [GPGC-H  3929.0 369.7 0.7 0.0 : 69.3 : 0.000 0.000 : 0.000 0.000 0.574 1.377 : 0.000 0.000 0.000 0.000 1.554 0.399 : 0.000 : 87.140 : 908 1788 26 0 : 2274 : 4608 4424 : 79.667876 : 9 Next_heuristic_check_may_be_too_late ]
[79.670s][info][safepoint] Application time: 0.1641459 seconds
[79.671s][info][safepoint] Total time for which application threads were stopped: 0.0002822 seconds, Stopping threads took: 0.0000004 seconds
[79.671s][info][gc       ] [SPS 0.000 0.002 0.002 0.006 0.000 0.001 0.000 0.254 0.021 0.282 NewGC_pause1 79.670223 ]
[79.729s][info][safepoint] Application time: 0.0590089 seconds
[79.730s][info][safepoint] Total time for which application threads were stopped: 0.0001246 seconds, Stopping threads took: 0.0000004 seconds
[79.730s][info][gc       ] [SPS 0.000 0.001 0.000 0.005 0.000 0.001 0.000 0.100 0.018 0.125 NewGC_pause2 79.729357 ]
[79.732s][info][safepoint] Application time: 0.0022180 seconds
[79.732s][info][safepoint] Total time for which application threads were stopped: 0.0001338 seconds, Stopping threads took: 0.0000004 seconds
[79.732s][info][gc       ] [SPS 0.000 0.000 0.000 0.006 0.000 0.001 0.000 0.108 0.019 0.134 NewGC_pause3 79.731708 ]
[79.733s][info][safepoint] Application time: 0.0010370 seconds
[79.733s][info][safepoint] Total time for which application threads were stopped: 0.0000805 seconds, Stopping threads took: 0.0000004 seconds
[79.733s][info][gc       ] [SPS 0.000 0.003 0.002 0.005 0.000 0.001 0.000 0.062 0.012 0.080 NewGC_pause4 79.732825 ]
[79.733s][info][gc       ] [GC New Max 263-245 : 5120 3166 2254 5120 - - 1051 56 2 2 - : 256 1788 26 184 1168 : 252 4 914 914 0 : 0 1 126 0 128 - 0 : 0.162319 4090.7 0.0 0.064754 4015.2 0.0 : 3 --c 0000 : 23 0 0.000 0.000 0 0.000 0.000 0 0.000 0.000 : 79.668392 79.669940 0.000214 79.729232 0.000056 79.731574 0.000079 79.732745 0.000065 : 79.733146 ]
[79.733s][info][gc       ] [SYSINFO 7333 227 63 0 6776 0 30 0 0 5703 : - - - - - - - - : 0 7168 : 3.54 3.14 2.10 : 292739 4277844 : 0 0 : 19 0 : 3877 2 0 261 : - 7410520064 682364928 1199685632 5905219584 238030848 67043328 : 140073237 30013500 738320 0 0 0 : 79.733348 ]
[79.733s][info][gc       ] [HUGEPAGESTAT 0 0 0 - 110774 0 0 : 393216 0 0 : 79.733348 ]
[79.733s][info][gc       ] [OBJCREAT 237464135 25358 12056576 : 79.733387 ]
[79.733s][info][gc       ] [HMSV All : 0 0 70 0 0 0 0 0 : 4960 0 0 0 : 79.733403 ]
[79.733s][info][gc       ] [HMSP 9 : 41100 0 : 79.733403 ]
[79.734s][info][gc       ] [VMAC 65530 166 24 435 625 : 79.733805 ]
[79.891s][info][gc       ] [GPGC-H  3929.0 369.7 0.7 0.0 : 69.3 : 0.000 0.000 : 0.000 0.000 0.569 1.377 : 0.000 0.000 0.000 0.000 1.540 0.399 : 0.000 : 86.528 : 882 1788 26 0 : 2274 : 4608 4424 : 79.891066 : 9 Next_heuristic_check_may_be_too_late ]
[79.893s][info][safepoint] Application time: 0.1603019 seconds
[79.894s][info][safepoint] Total time for which application threads were stopped: 0.0002760 seconds, Stopping threads took: 0.0000004 seconds
[79.894s][info][gc       ] [SPS 0.000 0.003 0.002 0.006 0.000 0.001 0.001 0.249 0.019 0.276 NewGC_pause1 79.893404 ]
[79.955s][info][safepoint] Application time: 0.0610362 seconds
[79.955s][info][safepoint] Total time for which application threads were stopped: 0.0002071 seconds, Stopping threads took: 0.0000004 seconds
[79.956s][info][gc       ] [SPS 0.000 0.001 0.000 0.006 0.000 0.001 0.000 0.169 0.031 0.208 NewGC_pause2 79.954648 ]
[79.957s][info][safepoint] Application time: 0.0022338 seconds
[79.957s][info][safepoint] Total time for which application threads were stopped: 0.0000574 seconds, Stopping threads took: 0.0000004 seconds
[79.958s][info][gc       ] [SPS 0.000 0.000 0.000 0.006 0.000 0.001 0.000 0.037 0.013 0.058 NewGC_pause3 79.956939 ]
[79.958s][info][safepoint] Application time: 0.0011983 seconds
[79.958s][info][safepoint] Total time for which application threads were stopped: 0.0001125 seconds, Stopping threads took: 0.0000004 seconds
[79.959s][info][gc       ] [SPS 0.000 0.003 0.002 0.006 0.000 0.001 0.000 0.092 0.013 0.112 NewGC_pause4 79.958249 ]
[79.959s][info][gc       ] [GC New Max 264-246 : 5120 3142 2256 5120 - - 1051 56 2 2 - : 258 1788 26 184 1144 : 256 2 890 890 0 : 0 0 128 0 129 - 0 : 0.158438 3963.7 0.0 0.066878 3947.5 0.0 : 3 --c 0000 : 23 0 0.000 0.000 0 0.000 0.000 0 0.000 0.000 : 79.891584 79.893128 0.000215 79.954440 0.000123 79.956881 0.000041 79.958137 0.000096 : 79.958462 ]
[79.959s][info][gc       ] [SYSINFO 7333 227 63 0 6776 0 30 0 0 5703 : - - - - - - - - : 0 7168 : 3.54 3.14 2.10 : 292739 4277844 : 0 0 : 19 0 : 3877 2 0 261 : - 7410520064 682364928 1199685632 5905219584 238030848 67043328 : 140073237 30013880 738320 0 0 0 : 79.958678 ]
[79.959s][info][gc       ] [HUGEPAGESTAT 0 0 0 - 110774 0 0 : 393216 0 0 : 79.958678 ]
[79.959s][info][gc       ] [OBJCREAT 238344877 25358 12056576 : 79.958737 ]
[79.959s][info][gc       ] [HMSV All : 0 0 70 0 0 0 0 0 : 4960 0 0 0 : 79.958752 ]
[79.959s][info][gc       ] [HMSP 9 : 41100 0 : 79.958752 ]
[79.959s][info][gc       ] [VMAC 65530 166 24 435 625 : 79.959208 ]
[80.121s][info][gc       ] [GPGC-H  3929.0 369.7 0.7 0.0 : 69.3 : 0.000 0.000 : 0.000 0.000 0.564 1.377 : 0.000 0.000 0.000 0.000 1.525 0.399 : 0.000 : 85.939 : 888 1788 26 0 : 2274 : 4608 4424 : 80.120748 : 9 Next_heuristic_check_may_be_too_late ]
[80.123s][info][safepoint] Application time: 0.1646590 seconds
[80.124s][info][safepoint] Total time for which application threads were stopped: 0.0003280 seconds, Stopping threads took: 0.0000004 seconds
[80.124s][info][gc       ] [SPS 0.000 0.003 0.002 0.006 0.000 0.001 0.000 0.296 0.024 0.328 NewGC_pause1 80.123237 ]
[80.180s][info][safepoint] Application time: 0.0563857 seconds
[80.180s][info][safepoint] Total time for which application threads were stopped: 0.0002299 seconds, Stopping threads took: 0.0000004 seconds
[80.181s][info][gc       ] [SPS 0.000 0.001 0.000 0.007 0.000 0.001 0.006 0.178 0.039 0.230 NewGC_pause2 80.179853 ]
[80.182s][info][safepoint] Application time: 0.0020900 seconds
[80.182s][info][safepoint] Total time for which application threads were stopped: 0.0000654 seconds, Stopping threads took: 0.0000004 seconds
[80.183s][info][gc       ] [SPS 0.000 0.000 0.000 0.006 0.000 0.001 0.000 0.038 0.020 0.065 NewGC_pause3 80.182008 ]
[80.183s][info][safepoint] Application time: 0.0011700 seconds
[80.184s][info][safepoint] Total time for which application threads were stopped: 0.0000667 seconds, Stopping threads took: 0.0000005 seconds
[80.184s][info][gc       ] [SPS 0.000 0.002 0.002 0.006 0.000 0.001 0.000 0.046 0.013 0.067 NewGC_pause4 80.183245 ]
[80.184s][info][gc       ] [GC New Max 265-247 : 5120 3108 2214 5120 - - 1051 56 2 2 - : 216 1788 26 184 1110 : 212 4 896 896 0 : 0 1 106 0 108 - 0 : 0.162815 3894.0 0.0 0.062240 3534.7 0.0 : 3 --c 0000 : 23 0 0.000 0.000 0 0.000 0.000 0 0.000 0.000 : 80.121277 80.122909 0.000256 80.179623 0.000138 80.181942 0.000041 80.183178 0.000050 : 80.183516 ]
[80.184s][info][gc       ] [SYSINFO 7333 227 63 0 6776 0 30 0 0 5703 : - - - - - - - - : 0 7168 : 3.54 3.14 2.10 : 292739 4277844 : 0 0 : 19 0 : 3877 3 0 261 : - 7410520064 682364928 1199685632 5905219584 238030848 67043328 : 140073237 30014270 738320 0 0 0 : 80.183731 ]
[80.184s][info][gc       ] [HUGEPAGESTAT 0 0 0 - 110774 0 0 : 393216 0 0 : 80.183731 ]
[80.184s][info][gc       ] [OBJCREAT 239191369 25358 12056576 : 80.183773 ]
[80.184s][info][gc       ] [HMSV All : 0 0 70 0 0 0 0 0 : 4960 0 0 0 : 80.183789 ]
[80.184s][info][gc       ] [HMSP 9 : 41100 0 : 80.183789 ]
[80.184s][info][gc       ] [VMAC 65530 166 24 435 625 : 80.184294 ]
[80.344s][info][gc       ] [GPGC-H  3929.0 369.7 0.7 0.0 : 69.3 : 0.000 0.000 : 0.000 0.000 0.559 1.377 : 0.000 0.000 0.000 0.000 1.511 0.399 : 0.000 : 85.336 : 848 1788 26 0 : 2274 : 4608 4424 : 80.344067 : 9 Next_heuristic_check_may_be_too_late ]
[80.346s][info][safepoint] Application time: 0.1628315 seconds
[80.347s][info][safepoint] Total time for which application threads were stopped: 0.0003504 seconds, Stopping threads took: 0.0000005 seconds
[80.347s][info][gc       ] [SPS 0.000 0.002 0.002 0.006 0.000 0.001 0.000 0.324 0.019 0.351 NewGC_pause1 80.346427 ]
[80.403s][info][safepoint] Application time: 0.0561296 seconds
[80.403s][info][safepoint] Total time for which application threads were stopped: 0.0001599 seconds, Stopping threads took: 0.0000004 seconds
[80.403s][info][gc       ] [SPS 0.000 0.001 0.000 0.006 0.000 0.001 0.000 0.127 0.026 0.160 NewGC_pause2 80.402716 ]
[80.404s][info][safepoint] Application time: 0.0012734 seconds
[80.404s][info][safepoint] Total time for which application threads were stopped: 0.0001731 seconds, Stopping threads took: 0.0000004 seconds
[80.404s][info][gc       ] [SPS 0.000 0.000 0.000 0.011 0.000 0.001 0.000 0.135 0.026 0.173 NewGC_pause3 80.404163 ]
[80.405s][info][safepoint] Application time: 0.0008825 seconds
[80.405s][info][safepoint] Total time for which application threads were stopped: 0.0000666 seconds, Stopping threads took: 0.0000004 seconds
[80.405s][info][gc       ] [SPS 0.000 0.002 0.002 0.006 0.000 0.001 0.000 0.044 0.016 0.067 NewGC_pause4 80.405112 ]
[80.406s][info][gc       ] [GC New Max 266-248 : 5120 3096 2242 5120 - - 1051 56 2 2 - : 242 1788 28 184 1096 : 240 2 856 856 0 : 0 0 120 0 121 - 0 : 0.161026 3937.3 0.0 0.060777 4080.5 32.9 : 3 --c 0000 : 23 0 0.000 0.000 0 0.000 0.000 0 0.000 0.000 : 80.344542 80.346076 0.000240 80.402556 0.000093 80.403990 0.000142 80.405045 0.000047 : 80.405320 ]
[80.406s][info][gc       ] [SYSINFO 7333 227 63 0 6776 0 30 0 0 5703 : - - - - - - - - : 0 7168 : 3.54 3.14 2.10 : 292739 4277844 : 0 0 : 19 0 : 3877 2 0 261 : - 7410520064 682364928 1199685632 5905219584 238030848 67043328 : 140073237 30014630 738380 0 0 0 : 80.405568 ]
[80.406s][info][gc       ] [HUGEPAGESTAT 0 0 0 - 110774 0 0 : 393216 0 0 : 80.405568 ]
[80.406s][info][gc       ] [OBJCREAT 240062051 25358 12056576 : 80.405609 ]
[80.406s][info][gc       ] [HMSV All : 0 0 70 0 0 0 0 0 : 4960 0 0 0 : 80.405622 ]
[80.406s][info][gc       ] [HMSP 9 : 41100 0 : 80.405622 ]
[80.406s][info][gc       ] [VMAC 65530 166 24 435 625 : 80.405980 ]
[80.567s][info][gc       ] [GPGC-H  3929.0 336.7 0.6 0.0 : 63.2 : 0.000 0.000 : 0.000 0.000 0.553 1.377 : 0.000 0.000 0.000 0.000 1.497 0.399 : 0.000 : 84.745 : 890 1788 28 0 : 2275 : 4608 4424 : 80.567317 : 9 Next_heuristic_check_may_be_too_late ]
[80.570s][info][safepoint] Application time: 0.1644104 seconds
[80.570s][info][safepoint] Total time for which application threads were stopped: 0.0003371 seconds, Stopping threads took: 0.0000004 seconds
[80.571s][info][gc       ] [SPS 0.000 0.003 0.002 0.006 0.000 0.001 0.000 0.311 0.019 0.338 NewGC_pause1 80.569860 ]
[80.630s][info][safepoint] Application time: 0.0596970 seconds
[80.630s][info][safepoint] Total time for which application threads were stopped: 0.0001297 seconds, Stopping threads took: 0.0000004 seconds
[80.630s][info][gc       ] [SPS 0.000 0.001 0.000 0.007 0.000 0.001 0.000 0.103 0.018 0.130 NewGC_pause2 80.629687 ]
[80.631s][info][safepoint] Application time: 0.0014206 seconds
[80.632s][info][safepoint] Total time for which application threads were stopped: 0.0000509 seconds, Stopping threads took: 0.0000004 seconds
[80.632s][info][gc       ] [SPSH lock suspend gclocker notify wait resuspend cleanup op_time wakeup total(ms) op_name end(s) ]
[80.632s][info][gc       ] [SPS 0.000 0.000 0.000 0.005 0.000 0.001 0.000 0.033 0.011 0.051 NewGC_pause3 80.631158 ]
[80.632s][info][safepoint] Application time: 0.0009111 seconds
[80.632s][info][safepoint] Total time for which application threads were stopped: 0.0000599 seconds, Stopping threads took: 0.0000004 seconds
[80.633s][info][gc       ] [SPS 0.000 0.002 0.002 0.006 0.000 0.001 0.000 0.041 0.012 0.060 NewGC_pause4 80.632129 ]
[80.633s][info][gc       ] [GC New Max 267-249 : 5120 3152 2260 5120 - - 1051 56 2 2 - : 260 1788 28 184 1152 : 254 6 896 896 0 : 0 2 127 0 130 - 0 : 0.162530 3999.3 0.0 0.064529 4060.2 0.0 : 3 --c 0000 : 23 0 0.000 0.000 0 0.000 0.000 0 0.000 0.000 : 80.567850 80.569523 0.000273 80.629557 0.000058 80.631107 0.000036 80.632069 0.000045 : 80.632379 ]
[80.633s][info][gc       ] [SYSINFO 7333 227 63 0 6776 0 30 0 0 5703 : - - - - - - - - : 0 7168 : 3.54 3.14 2.10 : 292739 4277844 : 0 0 : 19 0 : 3877 2 0 261 : - 7410520064 682364928 1199685632 5905219584 238030848 67043328 : 140073237 30015020 738380 0 0 0 : 80.632614 ]
[80.633s][info][gc       ] [HUGEPAGESTAT 0 0 0 - 110774 0 0 : 393216 0 0 : 80.632614 ]
[80.633s][info][gc       ] [OBJCREAT 240964739 25358 12056576 : 80.632653 ]
[80.633s][info][gc       ] [HMSV All : 0 0 70 0 0 0 0 0 : 4960 0 0 0 : 80.632666 ]
[80.633s][info][gc       ] [HMSP 9 : 41100 0 : 80.632666 ]
[80.633s][info][gc       ] [VMAC 65530 166 24 435 625 : 80.633097 ]
[80.791s][info][gc       ] [GPGC-H  3929.0 336.7 0.6 0.0 : 63.2 : 0.000 0.000 : 0.000 0.000 0.548 1.377 : 0.000 0.000 0.000 0.000 1.483 0.399 : 0.000 : 84.157 : 906 1788 28 0 : 2275 : 4608 4424 : 80.791134 : 9 Next_heuristic_check_may_be_too_late ]
[80.794s][info][safepoint] Application time: 0.1612965 seconds
[80.794s][info][safepoint] Total time for which application threads were stopped: 0.0003356 seconds, Stopping threads took: 0.0000004 seconds
[80.795s][info][gc       ] [SPS 0.000 0.003 0.002 0.006 0.000 0.001 0.000 0.309 0.019 0.336 NewGC_pause1 80.793761 ]
[80.855s][info][safepoint] Application time: 0.0613155 seconds
[80.856s][info][safepoint] Total time for which application threads were stopped: 0.0001399 seconds, Stopping threads took: 0.0000004 seconds
[80.856s][info][gc       ] [SPS 0.000 0.001 0.000 0.005 0.000 0.001 0.000 0.116 0.018 0.140 NewGC_pause2 80.855217 ]
[80.857s][info][safepoint] Application time: 0.0017408 seconds
[80.857s][info][safepoint] Total time for which application threads were stopped: 0.0000572 seconds, Stopping threads took: 0.0000004 seconds
[80.858s][info][gc       ] [SPS 0.000 0.000 0.000 0.006 0.000 0.001 0.000 0.038 0.013 0.058 NewGC_pause3 80.857015 ]
[80.858s][info][safepoint] Application time: 0.0010017 seconds
[80.858s][info][safepoint] Total time for which application threads were stopped: 0.0000648 seconds, Stopping threads took: 0.0000004 seconds
[80.858s][info][gc       ] [SPS 0.000 0.002 0.002 0.005 0.000 0.001 0.000 0.037 0.017 0.060 NewGC_pause4 80.858081 ]
[80.859s][info][gc       ] [GC New Max 268-250 : 5120 3146 2234 5120 - - 1051 56 2 2 - : 234 1788 28 184 1146 : 230 4 912 912 0 : 0 1 115 0 117 - 0 : 0.159311 4067.5 0.0 0.066629 3602.0 0.0 : 3 --c 0000 : 23 0 0.000 0.000 0 0.000 0.000 0 0.000 0.000 : 80.791690 80.793426 0.000270 80.855077 0.000086 80.856958 0.000040 80.858021 0.000040 : 80.858319 ]
[80.859s][info][gc       ] [SYSINFO 7333 227 63 0 6776 0 30 0 0 5703 : - - - - - - - - : 0 7168 : 3.54 3.14 2.10 : 292739 4277844 : 0 0 : 19 0 : 3877 2 0 261 : - 7410520064 682364928 1199685632 5905219584 238030848 67043328 : 140073237 30015410 738380 0 0 0 : 80.858577 ]
[80.859s][info][gc       ] [HUGEPAGESTAT 0 0 0 - 110774 0 0 : 393216 0 0 : 80.858577 ]
[80.859s][info][gc       ] [OBJCREAT 241844969 25358 12056576 : 80.858659 ]
[80.859s][info][gc       ] [HMSV All : 0 0 70 0 0 0 0 0 : 4960 0 0 0 : 80.858671 ]
[80.859s][info][gc       ] [HMSP 9 : 41100 0 : 80.858671 ]
[80.859s][info][gc       ] [VMAC 65530 166 24 435 625 : 80.859030 ]
[81.018s][info][gc       ] [GPGC-H  3914.4 336.7 0.6 0.0 : 63.2 : 0.000 0.000 : 0.000 0.000 0.543 1.377 : 0.000 0.000 0.000 0.000 1.469 0.399 : 0.000 : 83.590 : 882 1788 28 0 : 2275 : 4608 4424 : 81.017984 : 9 Next_heuristic_check_may_be_too_late ]
[81.020s][info][safepoint] Application time: 0.1620285 seconds
[81.021s][info][safepoint] Total time for which application threads were stopped: 0.0003534 seconds, Stopping threads took: 0.0000004 seconds
[81.021s][info][gc       ] [SPS 0.000 0.003 0.002 0.006 0.000 0.001 0.000 0.327 0.019 0.353 NewGC_pause1 81.020464 ]
[81.077s][info][safepoint] Application time: 0.0563612 seconds
[81.077s][info][safepoint] Total time for which application threads were stopped: 0.0001598 seconds, Stopping threads took: 0.0000004 seconds
[81.078s][info][gc       ] [SPS 0.000 0.001 0.000 0.006 0.000 0.001 0.000 0.134 0.019 0.160 NewGC_pause2 81.076985 ]
[81.079s][info][safepoint] Application time: 0.0016614 seconds
[81.079s][info][safepoint] Total time for which application threads were stopped: 0.0000519 seconds, Stopping threads took: 0.0000004 seconds
[81.079s][info][gc       ] [SPS 0.000 0.000 0.000 0.006 0.000 0.001 0.000 0.033 0.012 0.052 NewGC_pause3 81.078698 ]
[81.080s][info][safepoint] Application time: 0.0009081 seconds
[81.080s][info][safepoint] Total time for which application threads were stopped: 0.0000671 seconds, Stopping threads took: 0.0000004 seconds
[81.080s][info][gc       ] [SPS 0.000 0.002 0.002 0.012 0.000 0.001 0.000 0.038 0.016 0.067 NewGC_pause4 81.079674 ]
[81.080s][info][gc       ] [GC New Max 269-251 : 5120 3126 2244 5120 - - 1051 56 2 2 - : 242 1788 28 184 1126 : 238 6 887 887 0 : 0 2 119 0 122 - 0 : 0.160216 4057.0 0.0 0.061404 3973.7 0.0 : 3 --c 0000 : 23 0 0.000 0.000 0 0.000 0.000 0 0.000 0.000 : 81.018536 81.020110 0.000266 81.076825 0.000103 81.078646 0.000036 81.079606 0.000048 : 81.079939 ]
[81.080s][info][gc       ] [SYSINFO 7333 227 63 0 6776 0 30 0 0 5703 : - - - - - - - - : 0 7168 : 3.54 3.14 2.10 : 292739 4277844 : 0 0 : 19 0 : 3877 2 0 261 : - 7410520064 682364928 1199685632 5905219584 238030848 67043328 : 140073237 30015790 738380 0 0 0 : 81.080160 ]
[81.080s][info][gc       ] [HUGEPAGESTAT 0 0 0 - 110774 0 0 : 393216 0 0 : 81.080160 ]
[81.080s][info][gc       ] [OBJCREAT 242730224 25358 12056576 : 81.080200 ]
[81.080s][info][gc       ] [HMSV All : 0 0 70 0 0 0 0 0 : 4960 0 0 0 : 81.080214 ]
[81.080s][info][gc       ] [HMSP 9 : 41100 0 : 81.080214 ]
[81.081s][info][gc       ] [VMAC 65530 166 24 435 625 : 81.080669 ]
[81.239s][info][gc       ] [GPGC-H  3914.4 336.7 0.6 0.0 : 63.2 : 0.000 0.000 : 0.000 0.000 0.538 1.377 : 0.000 0.000 0.000 0.000 1.456 0.399 : 0.000 : 83.020 : 884 1788 28 0 : 2275 : 4608 4424 : 81.239332 : 9 Next_heuristic_check_may_be_too_late ]
[81.242s][info][safepoint] Application time: 0.1617682 seconds
[81.242s][info][safepoint] Total time for which application threads were stopped: 0.0002359 seconds, Stopping threads took: 0.0000008 seconds
[81.243s][info][gc       ] [SPS 0.000 0.004 0.004 0.011 0.001 0.001 0.001 0.190 0.033 0.236 NewGC_pause1 81.241678 ]
[81.297s][info][safepoint] Application time: 0.0549623 seconds
[81.297s][info][safepoint] Total time for which application threads were stopped: 0.0001599 seconds, Stopping threads took: 0.0000004 seconds
[81.298s][info][gc       ] [SPS 0.000 0.001 0.000 0.006 0.000 0.001 0.000 0.126 0.027 0.160 NewGC_pause2 81.296800 ]
[81.299s][info][safepoint] Application time: 0.0018607 seconds
[81.299s][info][safepoint] Total time for which application threads were stopped: 0.0000679 seconds, Stopping threads took: 0.0000004 seconds
[81.299s][info][gc       ] [SPS 0.000 0.000 0.000 0.006 0.000 0.001 0.000 0.045 0.016 0.068 NewGC_pause3 81.298729 ]
[81.300s][info][safepoint] Application time: 0.0009966 seconds
[81.300s][info][safepoint] Total time for which application threads were stopped: 0.0000616 seconds, Stopping threads took: 0.0000004 seconds
[81.300s][info][gc       ] [SPS 0.000 0.002 0.002 0.006 0.000 0.001 0.000 0.042 0.013 0.062 NewGC_pause4 81.299787 ]
[81.300s][info][gc       ] [GC New Max 270-252 : 5120 3122 2236 5120 - - 1051 56 2 2 - : 236 1788 28 184 1122 : 230 6 887 887 0 : 0 1 115 0 118 - 0 : 0.159902 4027.5 0.0 0.060174 3955.2 0.0 : 3 --c 0000 : 23 0 0.000 0.000 0 0.000 0.000 0 0.000 0.000 : 81.239841 81.241442 0.000147 81.296640 0.000094 81.298661 0.000041 81.299725 0.000045 : 81.300015 ]
[81.300s][info][gc       ] [SYSINFO 7333 227 63 0 6776 0 30 0 0 5703 : - - - - - - - - : 0 7168 : 3.54 3.14 2.10 : 292739 4277844 : 0 0 : 19 0 : 3877 3 0 261 : - 7410520064 682364928 1199685632 5905219584 238030848 67043328 : 140073237 30016190 738380 0 0 0 : 81.300271 ]
[81.300s][info][gc       ] [HUGEPAGESTAT 0 0 0 - 110774 0 0 : 393216 0 0 : 81.300271 ]
[81.300s][info][gc       ] [OBJCREAT 243602411 25358 12056576 : 81.300312 ]
[81.300s][info][gc       ] [HMSV All : 0 0 70 0 0 0 0 0 : 4960 0 0 0 : 81.300325 ]
[81.300s][info][gc       ] [HMSP 9 : 41100 0 : 81.300325 ]
[81.301s][info][gc       ] [VMAC 65530 166 24 435 625 : 81.300796 ]
[81.415s][info][gc       ] [GPGC-H  3914.4 336.7 0.6 0.0 : 63.2 : 0.000 0.000 : 0.000 0.000 0.534 1.377 : 0.000 0.000 0.000 0.000 1.443 0.399 : 0.000 : 82.457 : 874 1788 28 0 : 2275 : 4608 4424 : 81.414734 : 9 Next_heuristic_check_may_be_too_late ]
[81.417s][info][safepoint] Application time: 0.1173052 seconds
[81.418s][info][safepoint] Total time for which application threads were stopped: 0.0003936 seconds, Stopping threads took: 0.0000004 seconds
[81.418s][info][gc       ] [SPS 0.000 0.003 0.004 0.007 0.000 0.001 0.000 0.365 0.020 0.394 NewGC_pause1 81.417486 ]
[81.544s][info][safepoint] Application time: 0.1266496 seconds
[81.545s][info][safepoint] Total time for which application threads were stopped: 0.0002180 seconds, Stopping threads took: 0.0000005 seconds
[81.546s][info][gc       ] [SPS 0.006 0.006 0.000 0.007 0.001 0.001 0.000 0.181 0.034 0.223 NewGC_pause2 81.544358 ]
[81.547s][info][safepoint] Application time: 0.0021389 seconds
[81.547s][info][safepoint] Total time for which application threads were stopped: 0.0001589 seconds, Stopping threads took: 0.0000004 seconds
[81.547s][info][gc       ] [SPS 0.000 0.001 0.000 0.006 0.000 0.001 0.000 0.130 0.021 0.159 NewGC_pause3 81.546656 ]
[81.548s][info][safepoint] Application time: 0.0009382 seconds
[81.548s][info][safepoint] Total time for which application threads were stopped: 0.0000677 seconds, Stopping threads took: 0.0000005 seconds
[81.548s][info][gc       ] [SPS 0.000 0.003 0.002 0.006 0.000 0.001 0.000 0.046 0.014 0.068 NewGC_pause4 81.547662 ]
[81.548s][info][gc       ] [GC New Max 271-253 : 5120 3892 3276 5120 - - 1051 56 2 2 - : 1274 1788 28 184 1892 : 1255 15 633 633 0 : 0 3 500 0 540 - 98 : 0.115262 5587.3 0.0 0.132936 7687.9 0.0 : 3 --c 0000 : 23 0 0.000 0.000 0 0.000 0.000 0 0.000 0.000 : 81.415278 81.417093 0.000283 81.544136 0.000133 81.546497 0.000045 81.547594 0.000050 : 81.548213 ]
[81.548s][info][gc       ] [SYSINFO 7333 227 63 0 6776 0 30 0 0 5703 : - - - - - - - - : 0 7168 : 3.54 3.14 2.10 : 292739 4277844 : 0 0 : 19 0 : 3877 2 0 261 : - 7410520064 682364928 1199685632 5905219584 238030848 67043328 : 140073237 30016770 738380 0 0 0 : 81.548463 ]
[81.549s][info][gc       ] [HUGEPAGESTAT 0 0 0 - 110774 0 0 : 393216 0 0 : 81.548463 ]
[81.549s][info][gc       ] [OBJCREAT 245250140 25358 12056576 : 81.548507 ]
[81.549s][info][gc       ] [HMSV All : 0 0 79 0 0 0 0 0 : 4960 0 0 0 : 81.548521 ]
[81.549s][info][gc       ] [HMSP 9 : 41100 0 : 81.548521 ]
[81.549s][info][gc       ] [VMAC 65530 166 24 435 625 : 81.549022 ]
[81.595s][info][gc       ] [GPGC-H  3914.4 336.7 0.6 0.0 : 63.2 : 0.000 0.000 : 0.000 0.000 0.529 1.377 : 0.000 0.000 0.000 0.000 1.428 0.399 : 0.000 : 82.127 : 1842 1788 28 0 : 2275 : 4608 4424 : 81.595141 : 8 May_exceed_heap_occupancy_target ]
[81.604s][info][safepoint] Application time: 0.0563112 seconds
[81.605s][info][safepoint] Total time for which application threads were stopped: 0.0004855 seconds, Stopping threads took: 0.0002018 seconds
[81.605s][info][gc       ] [SPS 0.000 0.000 0.003 0.006 0.202 0.001 0.000 0.263 0.014 0.486 NewGC_pause1 81.604459 ]
[82.082s][info][safepoint] Application time: 0.4775749 seconds
[82.083s][info][safepoint] Total time for which application threads were stopped: 0.0002303 seconds, Stopping threads took: 0.0000005 seconds
[82.084s][info][gc       ] [SPS 0.000 0.001 0.000 0.007 0.000 0.001 0.000 0.187 0.035 0.230 NewGC_pause2 82.082264 ]
[82.085s][info][safepoint] Application time: 0.0024339 seconds
[82.085s][info][safepoint] Total time for which application threads were stopped: 0.0000859 seconds, Stopping threads took: 0.0000005 seconds
[82.085s][info][gc       ] [SPS 0.000 0.001 0.000 0.011 0.000 0.001 0.000 0.056 0.018 0.086 NewGC_pause3 82.084784 ]
[82.087s][info][safepoint] Application time: 0.0021026 seconds
[82.087s][info][safepoint] Total time for which application threads were stopped: 0.0001187 seconds, Stopping threads took: 0.0000006 seconds
[82.087s][info][gc       ] [SPS 0.000 0.980 0.002 0.007 0.001 0.001 0.000 0.091 0.020 0.119 NewGC_pause4 82.087006 ]
[82.088s][info][gc       ] [GC NTO Max 272-254 : 5120 4296 4180 5120 - - 1051 56 2 2 - : 2180 1788 28 184 2296 : 2162 11 124 124 0 : 0 3 227 0 998 - 92 : 0.047524 11951.7 0.0 0.491879 935.2 0.0 : 3 --c 0000 : 23 0 0.000 0.000 0 0.000 0.000 0 0.000 0.000 : 81.595738 81.603973 0.000464 82.082034 0.000109 82.084698 0.000063 82.086887 0.000090 : 82.087617 ]
[82.088s][info][gc       ] [SYSINFO 7333 227 63 0 6776 0 30 0 0 5703 : - - - - - - - - : 0 7168 : 3.54 3.14 2.10 : 292739 4277844 : 0 0 : 19 0 : 3877 2 0 261 : - 7410520064 682364928 1199685632 5905219584 238030848 67043328 : 140073237 30018720 738380 0 0 0 : 82.087919 ]
[82.088s][info][gc       ] [HUGEPAGESTAT 0 0 0 - 110774 0 0 : 393216 0 0 : 82.087919 ]
[82.088s][info][gc       ] [OBJCREAT 246269814 25425 12056576 : 82.087983 ]
[82.088s][info][gc       ] [HMSV All : 0 0 80 0 0 0 0 0 : 4960 0 0 0 : 82.088000 ]
[82.088s][info][gc       ] [HMSP 9 : 41100 0 : 82.088000 ]
[82.089s][info][gc       ] [VMAC 65530 166 24 435 625 : 82.088573 ]
[82.093s][info][safepoint] Application time: 0.0049053 seconds
[82.093s][info][safepoint] Total time for which application threads were stopped: 0.0007293 seconds, Stopping threads took: 0.0000005 seconds
[82.093s][info][gc       ] [SPS 0.000 0.001 0.000 0.007 0.000 0.001 0.000 0.698 0.023 0.730 OldGC_pause2 82.092640 ]
[82.098s][info][safepoint] Application time: 0.0057157 seconds
[82.099s][info][safepoint] Total time for which application threads were stopped: 0.0000593 seconds, Stopping threads took: 0.0000005 seconds
[82.099s][info][gc       ] [SPS 0.000 0.000 0.000 0.006 0.000 0.001 0.000 0.039 0.013 0.059 OldGC_pause3 82.098415 ]
[82.107s][info][safepoint] Application time: 0.0089637 seconds
[82.108s][info][safepoint] Total time for which application threads were stopped: 0.0000647 seconds, Stopping threads took: 0.0000004 seconds
[82.108s][info][gc       ] [SPS 0.000 0.002 0.002 0.006 0.000 0.001 0.000 0.043 0.014 0.065 OldGC_pause4 82.107444 ]
[82.108s][info][gc       ] [GC Old Max 273-19 : 5120 4296 2458 5120 - - 1051 56 2 2 - : 2240 6 28 184 1820 : 26 6 1783 1783 0 : 0 3 0 0 17 - 0 : 6.571497 13.1 0.3 0.506267 0.0 0.0 : 1 --c 0000 : 23   -    -    -    -    -    -    -    -    -  : 81.601640 81.603973 0.000464 82.091911 0.000681 82.098356 0.000042 82.107379 0.000046 : 82.107908 ]
[82.108s][info][gc       ] [SYSINFO 7333 227 63 0 6776 0 30 0 0 5703 : - - - - - - - - : 0 7168 : 3.54 3.14 2.10 : 292739 4277844 : 0 0 : 19 0 : 3877 2 0 261 : - 7410520064 682364928 1199685632 5905219584 238030848 67043328 : 140073237 30018740 738380 0 0 0 : 82.108105 ]
[82.108s][info][gc       ] [HUGEPAGESTAT 0 0 0 - 110774 0 0 : 393216 0 0 : 82.108105 ]
[82.108s][info][gc       ] [OBJCREAT 246329281 25425 12056576 : 82.108146 ]
[82.108s][info][gc       ] [HMSV All : 0 0 80 0 0 0 0 0 : 4960 0 0 0 : 82.108161 ]
[82.108s][info][gc       ] [HMSP 9 : 41100 0 : 82.108161 ]
[82.108s][info][gc       ] [COMPSTATS 1 : 5 0 : 2 0 : 0 0 : 521 5 0 0 0 0 : 0 0 0 0 0 0 : 144 145 12 : 526 0 0 0 0 0 0 : 526 0 0 0 0 0 0 ]
[82.108s][info][gc       ] [COMPSTATS 2 : 5 0 : 3 0 : 0 0 : 131 11 0 0 0 0 : 0 0 0 0 0 0 : 52668 52704 7788 : 76 42 24 0 0 0 0 : 38 84 14 5 1 0 0 ]
[82.108s][info][gc       ] [DEOPTSTATS 1 : 0 0 : 0 0 : 0 0 : 0 0 : 0 11 : 0 0 : 0 0 : 0 0 : 0 0 : 0 0 : 0 0 : 0 0 : 0 0 : 0 0 : 0 0 : 0 0 : 0 0 : 0 0 : 0 0 : 0 0 : 0 0 : 0 0 : 0 0 : 0 0 : 0 0 : 0 0 : 0 0 : 0 0 : 0 0 : 0 0 : 6 0 : 0 0 : 0 0 : 0 0 : 0 0 : 0 0 : 0 0 : 0 0 : 0 0 : 0 0 : 0 0 : 0 0 ]
[82.108s][info][gc       ] [DEOPTSTATS 2 : 0 0 : 0 0 : 0 0 : 0 0 : 0 0 : 0 0 : 0 15 : 0 0 : 0 0 : 0 0 : 0 0 : 0 0 : 0 0 : 0 0 : 0 0 : 0 0 : 0 0 : 0 0 : 0 0 : 0 0 : 0 0 : 0 0 : 0 0 : 0 0 : 0 0 : 0 0 : 0 0 : 0 0 : 0 0 : 0 0 : 4 0 : 0 0 : 0 0 : 0 0 : 0 1 : 0 0 : 0 0 : 0 0 : 0 0 : 0 3 : 0 0 : 0 0 ]
[82.109s][info][gc       ] [CCF 0 0 0 0 33 230912: 3082240 : 380 196608 : 3 49152 : 317 311808 :  515 638976 : 120 421888 : 0 0 : 15 1228800 : 1 2048]
[82.109s][info][gc       ] [VMAC 65530 166 24 435 625 : 82.108554 ]
[82.133s][info][gc       ] [GPGC-H  3914.4 336.7 0.6 0.0 : 63.2 : 0.000 0.000 : 0.000 0.000 0.528 1.134 : 0.000 0.000 0.000 0.000 1.404 0.337 : 0.000 : 91.189 : 2328 6 28 0 : 2275 : 4608 4424 : 82.133223 : 9 Next_heuristic_check_may_be_too_late ]
[82.137s][info][safepoint] Application time: 0.0291765 seconds
[82.138s][info][safepoint] Total time for which application threads were stopped: 0.0004091 seconds, Stopping threads took: 0.0000005 seconds
[82.138s][info][gc       ] [SPS 0.000 0.002 0.003 0.006 0.000 0.001 0.000 0.371 0.031 0.409 NewGC_pause1 82.137030 ]
[82.680s][info][safepoint] Application time: 0.5431181 seconds
[82.681s][info][safepoint] Total time for which application threads were stopped: 0.0002012 seconds, Stopping threads took: 0.0000004 seconds
[82.681s][info][gc       ] [SPS 0.000 0.001 0.000 0.007 0.000 0.001 0.000 0.161 0.032 0.202 NewGC_pause2 82.680350 ]
[82.682s][info][safepoint] Application time: 0.0015662 seconds
[82.682s][info][safepoint] Total time for which application threads were stopped: 0.0000578 seconds, Stopping threads took: 0.0000004 seconds
[82.683s][info][gc       ] [SPS 0.000 0.001 0.000 0.006 0.000 0.001 0.000 0.037 0.013 0.058 NewGC_pause3 82.681973 ]
[82.698s][info][safepoint] Application time: 0.0162631 seconds
[82.699s][info][safepoint] Total time for which application threads were stopped: 0.0001488 seconds, Stopping threads took: 0.0000004 seconds
[82.699s][info][gc       ] [SPS 0.000 0.003 0.003 0.006 0.000 0.001 0.000 0.121 0.021 0.149 NewGC_pause4 82.698385 ]
[82.819s][info][gc       ] [GC New Max 274-255 : 5120 4476 4438 5120 - - 1051 56 2 2 - : 4220 6 28 184 4258 : 3682 8 566 566 93 : 0 308 960 0 2055 - 55 : 0.046194 3247.2 0.0 0.684432 3451.0 0.0 : 3 --c 0000 : 23 180 0.000 0.000 0 0.000 0.000 180 0.000 0.000 : 82.133811 82.136620 0.000281 82.680148 0.000109 82.681915 0.000040 82.698237 0.000048 : 82.818242 ]
[82.819s][info][gc       ] [SYSINFO 7333 227 63 0 6776 0 30 0 0 5703 : - - - - - - - - : 0 7168 : 3.54 3.14 2.10 : 292739 4277844 : 0 0 : 19 0 : 3877 2 0 261 : - 7410520064 682364928 1199685632 5905219584 238030848 67043328 : 140073237 30021510 738450 0 0 0 : 82.818520 ]
[82.819s][info][gc       ] [HUGEPAGESTAT 0 0 0 - 110774 0 0 : 393216 0 0 : 82.818520 ]
[82.819s][info][gc       ] [OBJCREAT 248758943 25425 12056576 : 82.818572 ]
[82.819s][info][gc       ] [HMSV All : 0 0 80 0 0 0 0 0 : 4960 0 0 0 : 82.818591 ]
[82.819s][info][gc       ] [HMSP 9 : 41100 0 : 82.818591 ]
[82.819s][info][gc       ] [VMAC 65530 166 24 435 625 : 82.819092 ]
[82.843s][info][gc       ] [GPGC-H  3899.1 303.4 0.5 0.0 : 56.9 : 0.000 0.000 : 0.000 0.000 0.684 1.134 : 0.000 0.000 0.000 0.000 1.404 0.337 : 0.000 : 93.677 : 4312 6 28 0 : 2275 : 4608 4424 : 82.842604 : 9 Next_heuristic_check_may_be_too_late ]
[82.847s][info][safepoint] Application time: 0.1488772 seconds
[82.848s][info][safepoint] Total time for which application threads were stopped: 0.0002309 seconds, Stopping threads took: 0.0000004 seconds
[82.848s][info][gc       ] [SPS 0.000 0.003 0.004 0.006 0.000 0.001 0.000 0.206 0.018 0.231 NewGC_pause1 82.847494 ]
[83.344s][info][safepoint] Application time: 0.4967463 seconds
[83.345s][info][safepoint] Total time for which application threads were stopped: 0.0001174 seconds, Stopping threads took: 0.0000003 seconds
[83.345s][info][gc       ] [SPS 0.000 0.001 0.000 0.005 0.000 0.001 0.001 0.098 0.012 0.117 NewGC_pause2 83.344357 ]
[83.346s][info][safepoint] Application time: 0.0018927 seconds
[83.347s][info][safepoint] Total time for which application threads were stopped: 0.0000436 seconds, Stopping threads took: 0.0000004 seconds
[83.347s][info][gc       ] [SPS 0.000 0.000 0.000 0.005 0.000 0.001 0.000 0.035 0.003 0.044 NewGC_pause3 83.346294 ]
[83.348s][info][safepoint] Application time: 0.0016579 seconds
[83.348s][info][safepoint] Total time for which application threads were stopped: 0.0000639 seconds, Stopping threads took: 0.0000004 seconds
[83.348s][info][gc       ] [SPS 0.000 0.003 0.002 0.006 0.000 0.001 0.000 0.043 0.013 0.064 NewGC_pause4 83.348016 ]
[83.350s][info][gc       ] [GC New Max 275-256 : 5120 4932 2488 5120 - - 1051 56 2 2 - : 2266 10 28 184 4714 : 2156 8 2552 2552 0 : 2 1 194 0 1078 - 55 : 0.024755 3797.2 0.0 0.507228 816.2 0.0 : 3 --c 0000 : 23 5740 0.000 0.003 0 0.000 0.000 5740 0.000 0.003 : 82.842997 82.847263 0.000176 83.344240 0.000101 83.346250 0.000037 83.347952 0.000047 : 83.350225 ]
[83.350s][info][gc       ] [SYSINFO 7333 227 63 0 6776 0 30 0 0 5703 : - - - - - - - - : 0 7168 : 3.54 3.14 2.10 : 292739 4277856 : 0 0 : 19 0 : 3877 2 0 261 : - 7410520064 682364928 1199685632 5905219584 238030848 67043328 : 140073237 30023140 738510 0 0 0 : 83.350445 ]
[83.350s][info][gc       ] [HUGEPAGESTAT 0 0 0 - 110774 0 0 : 393216 0 0 : 83.350445 ]
[83.350s][info][gc       ] [OBJCREAT 249272930 25425 12060672 : 83.350487 ]
[83.351s][info][gc       ] [HMSV All : 0 0 80 0 0 0 0 0 : 4960 0 0 0 : 83.350505 ]
[83.351s][info][gc       ] [HMSP 9 : 41100 0 : 83.350505 ]
[83.351s][info][gc       ] [GPGC-H  3879.6 303.4 0.5 0.0 : 56.9 : 0.000 0.000 : 0.000 0.000 0.680 1.134 : 0.000 0.000 0.000 0.000 1.404 0.337 : 0.000 : 95.347 : 2268 10 28 0 : 2275 : 4608 4424 : 83.350862 : 9 Next_heuristic_check_may_be_too_late ]
[83.351s][info][gc       ] [VMAC 65530 166 24 435 625 : 83.351012 ]
[83.354s][info][safepoint] Application time: 0.0053482 seconds
[83.354s][info][safepoint] Total time for which application threads were stopped: 0.0001699 seconds, Stopping threads took: 0.0000004 seconds
[83.354s][info][gc       ] [SPS 0.000 0.002 0.002 0.012 0.000 0.001 0.000 0.145 0.012 0.170 NewGC_pause1 83.353534 ]
[84.021s][info][safepoint] Application time: 0.6673094 seconds
[84.022s][info][safepoint] Total time for which application threads were stopped: 0.0002330 seconds, Stopping threads took: 0.0000004 seconds
[84.022s][info][gc       ] [SPS 0.000 0.001 0.000 0.006 0.000 0.001 0.000 0.193 0.032 0.233 NewGC_pause2 84.021077 ]
[84.024s][info][safepoint] Application time: 0.0027106 seconds
[84.024s][info][safepoint] Total time for which application threads were stopped: 0.0001515 seconds, Stopping threads took: 0.0000004 seconds
[84.024s][info][gc       ] [SPS 0.000 0.000 0.000 0.006 0.000 0.001 0.000 0.124 0.020 0.152 NewGC_pause3 84.023939 ]
[84.037s][info][safepoint] Application time: 0.0129968 seconds
[84.056s][info][safepoint] Total time for which application threads were stopped: 0.0000628 seconds, Stopping threads took: 0.0000004 seconds
[84.056s][info][gc       ] [SPS 0.000 0.003 0.003 0.006 0.000 0.001 0.000 0.043 0.013 0.063 NewGC_pause4 84.036998 ]
[84.144s][info][gc       ] [GC New Max 276-257 : 5120 4534 4498 5120 - - 1051 56 2 2 - : 4276 10 28 184 4312 : 3803 8 505 505 0 : 0 245 1019 0 2083 - 55 : 0.000787 2542.6 0.0 0.792713 3105.8 0.0 : 3 --c 0000 : 23 0 0.000 0.000 0 0.000 0.000 0 0.000 0.000 : 83.351012 83.353364 0.000154 84.020844 0.000153 84.023787 0.000047 84.036936 0.000047 : 84.143725 ]
[84.144s][info][gc       ] [SYSINFO 7333 227 63 0 6776 0 30 0 0 5703 : - - - - - - - - : 0 7168 : 3.58 3.15 2.11 : 292739 4277856 : 0 0 : 19 0 : 3877 2 0 261 : - 7410520064 682364928 1199685632 5905219584 238030848 67043328 : 140073237 30026280 738580 0 0 0 : 84.143999 ]
[84.144s][info][gc       ] [HUGEPAGESTAT 0 0 0 - 110774 0 0 : 393216 0 0 : 84.143999 ]
[84.144s][info][gc       ] [OBJCREAT 251715488 25425 12060672 : 84.144050 ]
[84.144s][info][gc       ] [HMSV All : 0 0 80 0 0 0 0 0 : 4960 0 0 0 : 84.144069 ]
[84.144s][info][gc       ] [HMSP 9 : 41100 0 : 84.144069 ]
[84.145s][info][gc       ] [VMAC 65530 166 24 435 625 : 84.144589 ]
[84.168s][info][gc       ] [GPGC-H  3879.6 303.4 0.5 0.0 : 56.9 : 0.000 0.000 : 0.000 0.000 0.792 1.134 : 0.000 0.000 0.000 0.000 1.500 0.337 : 0.000 : 99.901 : 4358 10 28 0 : 2275 : 4608 4424 : 84.168249 : 9 Next_heuristic_check_may_be_too_late ]
[84.173s][info][safepoint] Application time: 0.1360295 seconds
[84.174s][info][safepoint] Total time for which application threads were stopped: 0.0004508 seconds, Stopping threads took: 0.0000005 seconds
[84.175s][info][gc       ] [SPS 0.000 0.003 0.003 0.007 0.000 0.001 0.000 0.423 0.019 0.451 NewGC_pause1 84.173479 ]
[84.722s][info][safepoint] Application time: 0.5488114 seconds
[84.723s][info][safepoint] Total time for which application threads were stopped: 0.0001614 seconds, Stopping threads took: 0.0000004 seconds
[84.724s][info][gc       ] [SPS 0.000 0.013 0.000 0.005 0.000 0.001 0.000 0.146 0.009 0.161 NewGC_pause2 84.722452 ]
[84.725s][info][safepoint] Application time: 0.0026519 seconds
[84.726s][info][safepoint] Total time for which application threads were stopped: 0.0001581 seconds, Stopping threads took: 0.0000004 seconds
[84.726s][info][gc       ] [SPS 0.000 0.001 0.000 0.005 0.000 0.001 0.000 0.146 0.006 0.158 NewGC_pause3 84.725262 ]
[84.741s][info][safepoint] Application time: 0.0157792 seconds
[84.741s][info][safepoint] Total time for which application threads were stopped: 0.0000717 seconds, Stopping threads took: 0.0000004 seconds
[84.742s][info][gc       ] [SPS 0.000 0.004 0.003 0.006 0.000 0.001 0.000 0.051 0.014 0.072 NewGC_pause4 84.741113 ]
[85.138s][info][gc       ] [GC New Max 277-258 : 5120 4914 3642 5120 - - 1051 56 2 2 - : 2640 790 28 184 4692 : 2092 6 2593 2593 23 : 390 0 160 0 1320 - 0 : 0.025092 3347.7 0.0 0.968624 1670.4 0.0 : 3 --c 0000 : 23 6343 0.000 0.003 0 0.000 0.000 6343 0.000 0.003 : 84.168817 84.173028 0.000298 84.722291 0.000097 84.725104 0.000043 84.741041 0.000052 : 85.137441 ]
[85.138s][info][gc       ] [SYSINFO 7333 227 63 0 6776 0 30 0 0 5703 : - - - - - - - - : 0 7168 : 3.58 3.15 2.11 : 292739 4277856 : 0 0 : 19 0 : 3877 2 0 261 : - 7410520064 682364928 1199685632 5905219584 238030848 67043328 : 140073237 30029290 738620 0 0 0 : 85.137696 ]
[85.138s][info][gc       ] [HUGEPAGESTAT 0 0 0 - 110774 0 0 : 393216 0 0 : 85.137696 ]
[85.138s][info][gc       ] [OBJCREAT 253405391 25425 12767232 : 85.137766 ]
[85.138s][info][gc       ] [HMSV All : 0 0 80 0 0 0 0 0 : 4960 0 0 0 : 85.137807 ]
[85.138s][info][gc       ] [HMSP 9 : 41100 0 : 85.137807 ]
[85.138s][info][gc       ] [VMAC 65530 166 24 435 625 : 85.138317 ]
[85.139s][info][gc       ] [GPGC-H  3773.4 303.0 0.5 0.0 : 51.2 : 0.000 0.000 : 0.000 0.000 0.790 1.134 : 0.000 0.000 0.000 0.000 1.931 0.337 : 0.000 : 99.792 : 2644 790 28 0 : 2275 : 4608 4424 : 85.138866 : 8 May_exceed_heap_occupancy_target ]
[85.144s][info][safepoint] Application time: 0.4029998 seconds
[85.145s][info][safepoint] Total time for which application threads were stopped: 0.0002872 seconds, Stopping threads took: 0.0000004 seconds
[85.145s][info][gc       ] [SPS 0.000 0.001 0.003 0.008 0.000 0.001 0.001 0.259 0.018 0.287 NewGC_pause1 85.144400 ]
[85.400s][info][gc       ] [DEOPTSTATS 1 : 0 0 : 0 0 : 0 0 : 0 0 : 0 11 : 0 0 : 0 0 : 0 0 : 0 0 : 0 0 : 0 0 : 0 0 : 0 0 : 0 0 : 0 0 : 0 0 : 0 0 : 0 0 : 0 0 : 0 0 : 0 0 : 0 0 : 0 0 : 0 0 : 0 0 : 0 0 : 0 0 : 0 0 : 0 0 : 0 0 : 6 0 : 0 0 : 0 0 : 0 0 : 0 0 : 0 0 : 0 0 : 0 0 : 0 0 : 0 0 : 0 0 : 0 0 ]
[85.400s][info][gc       ] [DEOPTSTATS 2 : 0 0 : 0 0 : 0 0 : 0 0 : 0 0 : 0 0 : 0 15 : 0 0 : 0 0 : 0 0 : 0 0 : 0 0 : 0 0 : 0 0 : 0 0 : 0 0 : 0 0 : 0 0 : 0 0 : 0 0 : 0 0 : 0 0 : 0 0 : 0 0 : 0 0 : 0 0 : 0 0 : 0 0 : 0 0 : 0 0 : 4 0 : 0 0 : 0 0 : 0 0 : 0 1 : 0 0 : 0 0 : 0 0 : 0 0 : 0 3 : 0 0 : 0 0 ]
[85.559s][info][safepoint] Application time: 0.4142535 seconds
[85.559s][info][safepoint] Total time for which application threads were stopped: 0.0001403 seconds, Stopping threads took: 0.0000004 seconds
[85.560s][info][gc       ] [SPS 0.000 0.001 0.000 0.006 0.000 0.001 0.000 0.127 0.005 0.140 NewGC_pause2 85.558794 ]
[85.562s][info][safepoint] Application time: 0.0026370 seconds
[85.562s][info][safepoint] Total time for which application threads were stopped: 0.0001269 seconds, Stopping threads took: 0.0000004 seconds
[85.563s][info][gc       ] [SPS 0.000 0.000 0.000 0.006 0.000 0.001 0.000 0.108 0.012 0.127 NewGC_pause3 85.561558 ]
[85.581s][info][safepoint] Application time: 0.0192104 seconds
[85.582s][info][safepoint] Total time for which application threads were stopped: 0.0001801 seconds, Stopping threads took: 0.0000005 seconds
[85.582s][info][gc       ] [SPS 0.000 0.096 0.006 0.007 0.000 0.001 0.000 0.148 0.024 0.180 NewGC_pause4 85.580949 ]
[85.835s][info][gc       ] [GC NTO Max 278-259 : 5120 4784 3972 5120 - - 1051 56 2 2 - : 2314 1444 30 184 3780 : 2126 6 1651 1651 1 : 327 0 559 0 1157 - 0 : 0.002534 3156.7 0.0 0.694312 2834.5 2.9 : 3 --c 0000 : 23 3047 0.000 0.003 0 0.000 0.000 3047 0.000 0.003 : 85.139975 85.144113 0.000255 85.558654 0.000091 85.561431 0.000044 85.580769 0.000113 : 85.834287 ]
[85.835s][info][gc       ] [SYSINFO 7333 227 63 0 6776 0 30 0 0 5703 : - - - - - - - - : 0 7168 : 3.58 3.15 2.11 : 292739 4277856 : 0 0 : 19 0 : 3877 3 0 261 : - 7410520064 682364928 1199685632 5905219584 238030848 67043328 : 140073237 30032340 738670 0 0 0 : 85.834528 ]
[85.835s][info][gc       ] [HUGEPAGESTAT 0 0 0 - 110774 0 0 : 393216 0 0 : 85.834528 ]
[85.835s][info][gc       ] [OBJCREAT 255372049 25425 13436928 : 85.834576 ]
[85.835s][info][gc       ] [HMSV All : 0 0 80 0 0 0 0 0 : 4960 0 0 0 : 85.834593 ]
[85.835s][info][gc       ] [HMSP 9 : 41100 0 : 85.834593 ]
[85.835s][info][gc       ] [GPGC-H  3898.9 303.0 0.5 0.0 : 51.2 : 0.000 0.000 : 0.000 0.000 0.782 1.134 : 0.000 0.000 0.000 0.000 2.046 0.337 : 0.000 : 99.787 : 2316 1444 30 0 : 2275 : 4608 4424 : 85.835491 : 8 May_exceed_heap_occupancy_target ]
[85.835s][info][gc       ] [VMAC 65530 166 24 435 625 : 85.835102 ]
[85.836s][info][safepoint] Application time: 0.2538634 seconds
[85.837s][info][safepoint] Total time for which application threads were stopped: 0.0012694 seconds, Stopping threads took: 0.0000004 seconds
[85.837s][info][gc       ] [SPS 0.000 0.001 0.000 0.006 0.000 0.001 0.000 1.227 0.035 1.270 OldGC_pause2 85.836082 ]
[85.843s][info][safepoint] Application time: 0.0070323 seconds
[85.844s][info][safepoint] Total time for which application threads were stopped: 0.0001446 seconds, Stopping threads took: 0.0000004 seconds
[85.844s][info][gc       ] [SPS 0.000 0.000 0.000 0.005 0.000 0.001 0.000 0.121 0.018 0.145 OldGC_pause3 85.843259 ]
[85.849s][info][safepoint] Application time: 0.0052580 seconds
[85.849s][info][safepoint] Total time for which application threads were stopped: 0.0001912 seconds, Stopping threads took: 0.0000004 seconds
[85.849s][info][gc       ] [SPS 0.000 2.451 0.003 0.006 0.000 0.001 0.000 0.173 0.012 0.191 NewGC_pause1 85.848708 ]
[86.091s][info][safepoint] Application time: 0.2423974 seconds
[86.092s][info][safepoint] Total time for which application threads were stopped: 0.0001684 seconds, Stopping threads took: 0.0000004 seconds
[86.092s][info][gc       ] [SPS 0.000 0.001 0.000 0.010 0.000 0.001 0.001 0.150 0.007 0.169 NewGC_pause2 86.091275 ]
[86.094s][info][safepoint] Application time: 0.0025579 seconds
[86.094s][info][safepoint] Total time for which application threads were stopped: 0.0001662 seconds, Stopping threads took: 0.0000005 seconds
[86.095s][info][gc       ] [SPS 0.000 0.001 0.000 0.007 0.000 0.001 0.000 0.137 0.020 0.166 NewGC_pause3 86.093999 ]
[86.114s][info][safepoint] Application time: 0.0200131 seconds
[86.115s][info][safepoint] Total time for which application threads were stopped: 0.0001814 seconds, Stopping threads took: 0.0000004 seconds
[86.115s][info][gc       ] [SPS 0.000 0.004 0.009 0.007 0.000 0.001 0.000 0.149 0.024 0.181 NewGC_pause4 86.114193 ]
[86.266s][info][gc       ] [GC New Max 280-260 : 5120 4752 3372 5120 - - 1051 56 2 2 - : 1394 1764 30 184 3094 : 1090 4 2002 2002 1 : 160 0 367 0 697 - 0 : 0.008871 3156.5 0.0 0.422257 3244.5 0.0 : 3 --c 0000 : 23 1861 0.000 0.003 0 0.000 0.000 1861 0.000 0.003 : 85.843158 85.848517 0.000176 86.091106 0.000104 86.093832 0.000138 86.114012 0.000111 : 86.265415 ]
[86.266s][info][gc       ] [SYSINFO 7333 227 63 0 6776 0 30 0 0 5703 : - - - - - - - - : 0 7168 : 3.58 3.15 2.11 : 292739 4277856 : 0 0 : 19 0 : 3877 2 0 261 : - 7410520064 682364928 1199685632 5905219584 238030848 67043328 : 140073237 30033930 738700 0 0 0 : 86.265760 ]
[86.266s][info][gc       ] [HUGEPAGESTAT 0 0 0 - 110774 0 0 : 393216 0 0 : 86.265760 ]
[86.266s][info][gc       ] [OBJCREAT 256766553 25425 13713408 : 86.265811 ]
[86.266s][info][gc       ] [HMSV All : 0 0 80 0 0 0 0 0 : 4960 0 0 0 : 86.265826 ]
[86.266s][info][gc       ] [HMSP 9 : 41100 0 : 86.265826 ]
[86.267s][info][gc       ] [GPGC-H  3999.5 303.0 0.5 0.0 : 51.2 : 0.000 0.000 : 0.000 0.000 0.774 1.134 : 0.000 0.000 0.000 0.000 2.043 0.337 : 0.000 : 99.783 : 1400 1764 30 0 : 2275 : 4608 4424 : 86.266881 : 9 Next_heuristic_check_may_be_too_late ]
[86.266s][info][gc       ] [VMAC 65530 166 24 435 625 : 86.266281 ]
[86.269s][info][safepoint] Application time: 0.1547244 seconds
[86.270s][info][safepoint] Total time for which application threads were stopped: 0.0001920 seconds, Stopping threads took: 0.0000005 seconds
[86.270s][info][gc       ] [SPS 0.000 0.003 0.005 0.007 0.000 0.001 0.000 0.161 0.022 0.192 OldGC_pause4 86.269110 ]
[86.272s][info][gc       ] [GC Old Max 279-20 : 5120 4932 3386 5120 - - 1051 56 2 2 - : 1416 1756 30 184 1800 : 1777 15 2 2 0 : 0 5 488 2 838 - 55 : 3.033702 228.8 0.0 1.130435 817.4 1.8 : 1 --c 0000 : 23   -    -    -    -    -    -    -    -    -  : 85.141610 85.144113 0.000255 85.834813 0.001178 85.843114 0.000039 86.268918 0.000105 : 86.272045 ]
[86.272s][info][gc       ] [SYSINFO 7333 227 63 0 6776 0 30 0 0 5703 : - - - - - - - - : 0 7168 : 3.58 3.15 2.11 : 292739 4277856 : 0 0 : 19 0 : 3877 2 0 261 : - 7410520064 682364928 1199685632 5905219584 238166016 67043328 : 140073237 30033930 738700 0 0 0 : 86.272244 ]
[86.272s][info][gc       ] [HUGEPAGESTAT 0 0 0 - 110774 0 0 : 393216 0 0 : 86.272244 ]
[86.272s][info][gc       ] [OBJCREAT 256786376 25425 13713408 : 86.272287 ]
[86.272s][info][gc       ] [HMSV All : 0 0 80 0 0 0 0 0 : 4960 0 0 0 : 86.272315 ]
[86.272s][info][gc       ] [HMSP 9 : 41100 0 : 86.272315 ]
[86.272s][info][gc       ] [COMPSTATS 1 : 5 0 : 1 0 : 0 0 : 522 5 0 0 0 0 : 0 0 0 0 0 0 : 144 145 12 : 527 0 0 0 0 0 0 : 527 0 0 0 0 0 0 ]
[86.272s][info][gc       ] [COMPSTATS 2 : 5 0 : 1 0 : 0 0 : 132 11 0 0 0 0 : 0 0 0 0 0 0 : 52677 52713 7789 : 77 42 24 0 0 0 0 : 39 84 14 5 1 0 0 ]
[86.272s][info][gc       ] [DEOPTSTATS 1 : 0 0 : 0 0 : 0 0 : 0 0 : 0 11 : 0 0 : 0 0 : 0 0 : 0 0 : 0 0 : 0 0 : 0 0 : 0 0 : 0 0 : 0 0 : 0 0 : 0 0 : 0 0 : 0 0 : 0 0 : 0 0 : 0 0 : 0 0 : 0 0 : 0 0 : 0 0 : 0 0 : 0 0 : 0 0 : 0 0 : 6 0 : 0 0 : 0 0 : 0 0 : 0 0 : 0 0 : 0 0 : 0 0 : 0 0 : 0 0 : 0 0 : 0 0 ]
[86.272s][info][gc       ] [DEOPTSTATS 2 : 0 0 : 0 0 : 0 0 : 0 0 : 0 0 : 0 0 : 0 15 : 0 0 : 0 0 : 0 0 : 0 0 : 0 0 : 0 0 : 0 0 : 0 0 : 0 0 : 0 0 : 0 0 : 0 0 : 0 0 : 0 0 : 0 0 : 0 0 : 0 0 : 0 0 : 0 0 : 0 0 : 0 0 : 0 0 : 0 0 : 4 0 : 0 0 : 0 0 : 0 0 : 0 1 : 0 0 : 0 0 : 0 0 : 0 0 : 0 3 : 0 0 : 0 0 ]
[86.274s][info][gc       ] [CCF 0 0 0 0 33 230912: 3083264 : 380 196608 : 3 49152 : 317 311808 :  516 639488 : 121 422400 : 0 0 : 15 1228800 : 1 2048]
[86.273s][info][gc       ] [VMAC 65530 166 24 435 625 : 86.272842 ]
[86.276s][info][safepoint] Application time: 0.0068778 seconds
[86.276s][info][safepoint] Total time for which application threads were stopped: 0.0001199 seconds, Stopping threads took: 0.0000006 seconds
[86.276s][info][gc       ] [SPS 0.000 0.002 0.003 0.015 0.001 0.001 0.000 0.089 0.014 0.120 NewGC_pause1 86.276108 ]
[86.423s][info][safepoint] Application time: 0.1464186 seconds
[86.423s][info][safepoint] Total time for which application threads were stopped: 0.0002090 seconds, Stopping threads took: 0.0000005 seconds
[86.424s][info][gc       ] [SPS 0.000 0.002 0.000 0.007 0.000 0.001 0.000 0.165 0.040 0.214 NewGC_pause2 86.422741 ]
[86.426s][info][safepoint] Application time: 0.0026960 seconds
[86.426s][info][safepoint] Total time for which application threads were stopped: 0.0001448 seconds, Stopping threads took: 0.0000004 seconds
[86.426s][info][gc       ] [SPS 0.000 0.000 0.000 0.006 0.000 0.001 0.000 0.116 0.021 0.145 NewGC_pause3 86.425576 ]
[86.431s][info][safepoint] Application time: 0.0050432 seconds
[86.431s][info][safepoint] Total time for which application threads were stopped: 0.0000771 seconds, Stopping threads took: 0.0000004 seconds
[86.431s][info][gc       ] [SPS 0.000 0.005 0.009 0.007 0.000 0.001 0.000 0.050 0.018 0.077 NewGC_pause4 86.430697 ]
[86.463s][info][gc       ] [GC New Max 281-261 : 5120 3910 2652 5120 - - 1051 56 2 2 - : 642 1796 30 184 1940 : 553 4 1385 1385 0 : 20 1 257 0 321 - 0 : 0.008948 3129.2 0.0 0.187914 3427.1 0.0 : 3 --c 0000 : 23 0 0.000 0.000 0 0.000 0.000 0 0.000 0.000 : 86.274362 86.275988 0.000101 86.422527 0.000119 86.425432 0.000120 86.430620 0.000055 : 86.462276 ]
[86.463s][info][gc       ] [SYSINFO 7333 227 63 0 6776 0 30 0 0 5703 : - - - - - - - - : 0 7168 : 3.58 3.15 2.11 : 292739 4277856 : 0 0 : 19 0 : 3877 2 0 261 : - 7410520064 682364928 1199685632 5905219584 238166016 67043328 : 140073237 30034600 738700 0 0 0 : 86.462525 ]
[86.463s][info][gc       ] [HUGEPAGESTAT 0 0 0 - 110774 0 0 : 393216 0 0 : 86.462525 ]
[86.463s][info][gc       ] [OBJCREAT 257431274 25425 13754368 : 86.462574 ]
[86.463s][info][gc       ] [HMSV All : 0 0 80 0 0 0 0 0 : 4960 0 0 0 : 86.462592 ]
[86.463s][info][gc       ] [HMSP 9 : 41100 0 : 86.462592 ]
[86.463s][info][gc       ] [VMAC 65530 166 24 435 625 : 86.463064 ]
[86.601s][info][gc       ] [GPGC-H  3999.5 303.0 0.5 0.0 : 51.2 : 0.000 0.000 : 0.000 0.000 0.767 1.133 : 0.000 0.000 0.000 0.000 2.039 0.337 : 0.000 : 99.776 : 1148 1796 30 0 : 2275 : 4608 4424 : 86.601146 : 9 Next_heuristic_check_may_be_too_late ]
[86.604s][info][safepoint] Application time: 0.1729380 seconds
[86.604s][info][safepoint] Total time for which application threads were stopped: 0.0003030 seconds, Stopping threads took: 0.0000004 seconds
[86.605s][info][gc       ] [SPS 0.000 0.003 0.002 0.006 0.000 0.001 0.000 0.280 0.015 0.303 NewGC_pause1 86.603938 ]
[86.680s][info][safepoint] Application time: 0.0756355 seconds
[86.681s][info][safepoint] Total time for which application threads were stopped: 0.0002044 seconds, Stopping threads took: 0.0000005 seconds
[86.681s][info][gc       ] [SPS 0.000 0.002 0.000 0.006 0.000 0.001 0.000 0.166 0.031 0.204 NewGC_pause2 86.679778 ]
[86.682s][info][safepoint] Application time: 0.0025068 seconds
[86.683s][info][safepoint] Total time for which application threads were stopped: 0.0000657 seconds, Stopping threads took: 0.0000005 seconds
[86.683s][info][gc       ] [SPS 0.000 0.000 0.000 0.006 0.000 0.001 0.000 0.043 0.015 0.066 NewGC_pause3 86.682350 ]
[86.684s][info][safepoint] Application time: 0.0011189 seconds
[86.684s][info][safepoint] Total time for which application threads were stopped: 0.0000620 seconds, Stopping threads took: 0.0000005 seconds
[86.684s][info][gc       ] [SPS 0.000 0.003 0.002 0.006 0.000 0.001 0.000 0.041 0.014 0.062 NewGC_pause4 86.683532 ]
[86.684s][info][gc       ] [GC New Max 282-262 : 5120 3440 2288 5120 - - 1051 56 2 2 - : 278 1796 30 184 1430 : 274 4 1155 1155 0 : 0 1 137 0 139 - 0 : 0.139410 3643.9 0.0 0.082113 3434.3 0.0 : 3 --c 0000 : 23 0 0.000 0.000 0 0.000 0.000 0 0.000 0.000 : 86.601686 86.603635 0.000283 86.679574 0.000116 86.682285 0.000046 86.683470 0.000044 : 86.683799 ]
[86.684s][info][gc       ] [SYSINFO 7333 227 63 0 6776 0 30 0 0 5703 : - - - - - - - - : 0 7168 : 3.58 3.15 2.11 : 292739 4277856 : 0 0 : 19 0 : 3877 2 0 261 : - 7410520064 682364928 1199685632 5905219584 238166016 67043328 : 140073237 30035040 738700 0 0 0 : 86.684015 ]
[86.684s][info][gc       ] [HUGEPAGESTAT 0 0 0 - 110774 0 0 : 393216 0 0 : 86.684015 ]
[86.684s][info][gc       ] [OBJCREAT 258214250 25425 13754368 : 86.684057 ]
[86.684s][info][gc       ] [HMSV All : 0 0 80 0 0 0 0 0 : 4960 0 0 0 : 86.684073 ]
[86.684s][info][gc       ] [HMSP 9 : 41100 0 : 86.684073 ]
[86.684s][info][gc       ] [VMAC 65530 166 24 435 625 : 86.684479 ]
[86.844s][info][gc       ] [GPGC-H  3999.5 303.0 0.5 0.0 : 51.2 : 0.000 0.000 : 0.000 0.000 0.760 1.133 : 0.000 0.000 0.000 0.000 2.031 0.337 : 0.000 : 99.137 : 896 1796 30 0 : 2275 : 4608 4424 : 86.844317 : 9 Next_heuristic_check_may_be_too_late ]
[86.848s][info][safepoint] Application time: 0.1637389 seconds
[86.848s][info][safepoint] Total time for which application threads were stopped: 0.0002783 seconds, Stopping threads took: 0.0000004 seconds
[86.848s][info][gc       ] [SPS 0.000 0.003 0.003 0.006 0.000 0.001 0.000 0.253 0.018 0.278 NewGC_pause1 86.847549 ]
[86.908s][info][safepoint] Application time: 0.0600985 seconds
[86.908s][info][safepoint] Total time for which application threads were stopped: 0.0001980 seconds, Stopping threads took: 0.0000004 seconds
[86.909s][info][gc       ] [SPS 0.000 0.001 0.000 0.006 0.000 0.001 0.000 0.164 0.031 0.204 NewGC_pause2 86.907851 ]
[86.910s][info][safepoint] Application time: 0.0018113 seconds
[86.910s][info][safepoint] Total time for which application threads were stopped: 0.0001074 seconds, Stopping threads took: 0.0000007 seconds
[86.911s][info][gc       ] [SPS 0.000 0.001 0.000 0.011 0.001 0.001 0.000 0.062 0.032 0.108 NewGC_pause3 86.909765 ]
[86.911s][info][safepoint] Application time: 0.0012920 seconds
[86.912s][info][safepoint] Total time for which application threads were stopped: 0.0001436 seconds, Stopping threads took: 0.0000004 seconds
[86.912s][info][gc       ] [SPS 0.000 0.002 0.002 0.006 0.000 0.001 0.000 0.122 0.014 0.144 NewGC_pause4 86.911200 ]
[86.912s][info][gc       ] [GC New Max 283-263 : 5120 3152 2252 5120 - - 1051 56 2 2 - : 242 1796 30 184 1142 : 238 4 904 904 0 : 0 1 119 0 121 - 0 : 0.161041 3850.0 0.0 0.066769 3714.3 0.0 : 3 --c 0000 : 23 0 0.000 0.000 0 0.000 0.000 0 0.000 0.000 : 86.844840 86.847271 0.000217 86.907648 0.000112 86.909657 0.000058 86.911057 0.000129 : 86.911609 ]
[86.912s][info][gc       ] [SYSINFO 7333 227 63 0 6776 0 30 0 0 5703 : - - - - - - - - : 0 7168 : 3.58 3.15 2.11 : 292739 4277856 : 0 0 : 19 0 : 3877 2 0 261 : - 7410520064 682364928 1199685632 5905219584 238166016 67043328 : 140073237 30035430 738700 0 0 0 : 86.912015 ]
[86.912s][info][gc       ] [HUGEPAGESTAT 0 0 0 - 110774 0 0 : 393216 0 0 : 86.912015 ]
[86.912s][info][gc       ] [OBJCREAT 259075366 25425 13754368 : 86.912090 ]
[86.912s][info][gc       ] [HMSV All : 0 0 80 0 0 0 0 0 : 4960 0 0 0 : 86.912119 ]
[86.912s][info][gc       ] [HMSP 9 : 41100 0 : 86.912119 ]
[86.913s][info][gc       ] [VMAC 65530 166 24 435 625 : 86.912538 ]
[87.068s][info][gc       ] [GPGC-H  3999.5 303.0 0.5 0.0 : 51.2 : 0.000 0.000 : 0.000 0.000 0.753 1.133 : 0.000 0.000 0.000 0.000 2.018 0.337 : 0.000 : 98.406 : 874 1796 30 0 : 2275 : 4608 4424 : 87.067991 : 9 Next_heuristic_check_may_be_too_late ]
[87.070s][info][safepoint] Application time: 0.1588218 seconds
[87.071s][info][safepoint] Total time for which application threads were stopped: 0.0002497 seconds, Stopping threads took: 0.0000004 seconds
[87.071s][info][gc       ] [SPS 0.000 0.003 0.002 0.006 0.000 0.001 0.000 0.224 0.019 0.250 NewGC_pause1 87.070272 ]
[87.131s][info][safepoint] Application time: 0.0608767 seconds
[87.132s][info][safepoint] Total time for which application threads were stopped: 0.0002058 seconds, Stopping threads took: 0.0000004 seconds
[87.133s][info][gc       ] [SPS 0.000 0.001 0.000 0.006 0.000 0.001 0.000 0.166 0.032 0.206 NewGC_pause2 87.131355 ]
[87.134s][info][safepoint] Application time: 0.0029550 seconds
[87.135s][info][safepoint] Total time for which application threads were stopped: 0.0000772 seconds, Stopping threads took: 0.0000004 seconds
[87.135s][info][gc       ] [SPS 0.000 0.000 0.000 0.007 0.000 0.001 0.000 0.050 0.019 0.078 NewGC_pause3 87.134387 ]
[87.136s][info][safepoint] Application time: 0.0011639 seconds
[87.136s][info][safepoint] Total time for which application threads were stopped: 0.0000865 seconds, Stopping threads took: 0.0000004 seconds
[87.136s][info][gc       ] [SPS 0.000 0.002 0.002 0.022 0.000 0.001 0.000 0.048 0.015 0.086 NewGC_pause4 87.135637 ]
[87.136s][info][gc       ] [GC New Max 284-264 : 5120 3132 2254 5120 - - 1051 56 2 2 - : 244 1796 30 184 1120 : 240 4 880 880 0 : 0 1 120 0 122 - 0 : 0.156843 4042.3 0.0 0.067427 3678.1 0.0 : 3 --c 0000 : 23 0 0.000 0.000 0 0.000 0.000 0 0.000 0.000 : 87.068452 87.070022 0.000193 87.131149 0.000111 87.134310 0.000045 87.135551 0.000067 : 87.135879 ]
[87.136s][info][gc       ] [SYSINFO 7333 227 63 0 6776 0 30 0 0 5703 : - - - - - - - - : 0 7168 : 3.58 3.15 2.11 : 292739 4277856 : 0 0 : 19 0 : 3877 2 0 261 : - 7410520064 682364928 1199685632 5905219584 238166016 67043328 : 140073237 30035830 738700 0 0 0 : 87.136131 ]
[87.136s][info][gc       ] [HUGEPAGESTAT 0 0 0 - 110774 0 0 : 393216 0 0 : 87.136131 ]
[87.136s][info][gc       ] [OBJCREAT 259945616 25425 13754368 : 87.136173 ]
[87.136s][info][gc       ] [HMSV All : 0 0 80 0 0 0 0 0 : 4960 0 0 0 : 87.136188 ]
[87.136s][info][gc       ] [HMSP 9 : 41100 0 : 87.136188 ]
[87.137s][info][gc       ] [VMAC 65530 166 24 435 625 : 87.136600 ]
[87.297s][info][gc       ] [GPGC-H  3999.5 477.1 0.4 0.0 : 46.6 : 0.000 0.000 : 0.000 0.000 0.746 1.133 : 0.000 0.000 0.000 0.000 2.002 0.337 : 0.000 : 97.701 : 860 1796 30 0 : 2275 : 4608 4424 : 87.297376 : 9 Next_heuristic_check_may_be_too_late ]
[87.300s][info][safepoint] Application time: 0.1638517 seconds
[87.300s][info][safepoint] Total time for which application threads were stopped: 0.0002763 seconds, Stopping threads took: 0.0000004 seconds
[87.301s][info][gc       ] [SPS 0.000 0.002 0.002 0.006 0.000 0.001 0.000 0.249 0.020 0.276 NewGC_pause1 87.299766 ]
[87.361s][info][safepoint] Application time: 0.0607500 seconds
[87.361s][info][safepoint] Total time for which application threads were stopped: 0.0001306 seconds, Stopping threads took: 0.0000004 seconds
[87.361s][info][gc       ] [SPS 0.001 0.001 0.000 0.006 0.000 0.001 0.001 0.103 0.019 0.131 NewGC_pause2 87.360647 ]
[87.362s][info][safepoint] Application time: 0.0016359 seconds
[87.363s][info][safepoint] Total time for which application threads were stopped: 0.0001218 seconds, Stopping threads took: 0.0000004 seconds
[87.363s][info][gc       ] [SPS 0.000 0.001 0.000 0.006 0.000 0.001 0.000 0.100 0.019 0.127 NewGC_pause3 87.362409 ]
[87.364s][info][safepoint] Application time: 0.0009828 seconds
[87.364s][info][safepoint] Total time for which application threads were stopped: 0.0001510 seconds, Stopping threads took: 0.0000008 seconds
[87.364s][info][gc       ] [GC New Max 285-265 : 5120 3120 2256 5120 - - 1051 56 2 2 - : 246 1796 30 184 1110 : 242 4 866 866 0 : 0 1 121 0 123 - 0 : 0.162091 3812.7 0.0 0.065720 3804.0 0.0 : 3 --c 0000 : 23 0 0.000 0.000 0 0.000 0.000 0 0.000 0.000 : 87.297970 87.299489 0.000216 87.360516 0.000061 87.362282 0.000105 87.363387 0.000063 : 87.363690 ]
[87.364s][info][gc       ] [SYSINFO 7333 227 63 0 6776 0 30 0 0 5703 : - - - - - - - - : 0 7168 : 3.58 3.15 2.11 : 292739 4277856 : 0 0 : 19 0 : 3877 3 0 261 : - 7410520064 682364928 1199685632 5905219584 238166016 67043328 : 140073237 30036230 738700 0 0 0 : 87.363936 ]
[87.364s][info][gc       ] [HUGEPAGESTAT 0 0 0 - 110774 0 0 : 393216 0 0 : 87.363936 ]
[87.364s][info][gc       ] [OBJCREAT 260804076 25425 13754368 : 87.363978 ]
[87.364s][info][gc       ] [HMSV All : 0 0 80 0 0 0 0 0 : 4960 0 0 0 : 87.363994 ]
[87.364s][info][gc       ] [HMSP 9 : 41100 0 : 87.363994 ]
[87.364s][info][gc       ] [SPS 0.000 0.002 0.002 0.010 0.001 0.001 0.000 0.102 0.036 0.151 NewGC_pause4 87.363538 ]
[87.364s][info][gc       ] [VMAC 65530 166 24 435 625 : 87.364448 ]
[87.523s][info][gc       ] [GPGC-H  3999.5 477.1 0.4 0.0 : 46.6 : 0.000 0.000 : 0.000 0.000 0.739 1.133 : 0.000 0.000 0.000 0.000 1.983 0.337 : 0.000 : 96.980 : 846 1796 30 0 : 2275 : 4608 4424 : 87.522532 : 9 Next_heuristic_check_may_be_too_late ]
[87.525s][info][safepoint] Application time: 0.1613071 seconds
[87.527s][info][safepoint] Total time for which application threads were stopped: 0.0002857 seconds, Stopping threads took: 0.0000004 seconds
[87.527s][info][gc       ] [SPS 0.000 0.003 0.002 0.006 0.000 0.001 0.000 0.260 0.019 0.286 NewGC_pause1 87.525131 ]
[87.585s][info][safepoint] Application time: 0.0594060 seconds
[87.585s][info][safepoint] Total time for which application threads were stopped: 0.0001223 seconds, Stopping threads took: 0.0000004 seconds
[87.586s][info][gc       ] [SPS 0.000 0.001 0.000 0.006 0.000 0.001 0.000 0.097 0.018 0.122 NewGC_pause2 87.584660 ]
[87.587s][info][safepoint] Application time: 0.0018546 seconds
[87.587s][info][safepoint] Total time for which application threads were stopped: 0.0000904 seconds, Stopping threads took: 0.0000004 seconds
[87.587s][info][gc       ] [SPS 0.000 0.000 0.000 0.006 0.000 0.001 0.000 0.072 0.012 0.090 NewGC_pause3 87.586605 ]
[87.588s][info][safepoint] Application time: 0.0011751 seconds
[87.588s][info][safepoint] Total time for which application threads were stopped: 0.0000666 seconds, Stopping threads took: 0.0000004 seconds
[87.588s][info][gc       ] [SPS 0.000 0.002 0.003 0.006 0.000 0.001 0.000 0.042 0.017 0.067 NewGC_pause4 87.587846 ]
[87.588s][info][gc       ] [GC New Max 286-266 : 5120 3106 2258 5120 - - 1051 56 2 2 - : 248 1796 30 184 1096 : 244 4 853 853 0 : 0 1 122 0 124 - 0 : 0.159431 3775.9 0.0 0.064950 3879.9 0.0 : 3 --c 0000 : 23 0 0.000 0.000 0 0.000 0.000 0 0.000 0.000 : 87.523121 87.524846 0.000226 87.584537 0.000063 87.586514 0.000076 87.587780 0.000046 : 87.588071 ]
[87.588s][info][gc       ] [SYSINFO 7333 227 63 0 6776 0 30 0 0 5703 : - - - - - - - - : 0 7168 : 3.58 3.15 2.11 : 292739 4277856 : 0 0 : 19 0 : 3877 2 0 261 : - 7410520064 682364928 1199685632 5905219584 238166016 67043328 : 140073237 30036580 738700 0 0 0 : 87.588323 ]
[87.588s][info][gc       ] [HUGEPAGESTAT 0 0 0 - 110774 0 0 : 393216 0 0 : 87.588323 ]
[87.588s][info][gc       ] [OBJCREAT 261650011 25425 13754368 : 87.588363 ]
[87.588s][info][gc       ] [HMSV All : 0 0 80 0 0 0 0 0 : 4960 0 0 0 : 87.588378 ]
[87.588s][info][gc       ] [HMSP 9 : 41100 0 : 87.588378 ]
[87.589s][info][gc       ] [VMAC 65530 166 24 435 625 : 87.588734 ]
[87.750s][info][gc       ] [GPGC-H  3999.5 477.1 0.4 0.0 : 46.6 : 0.000 0.000 : 0.000 0.000 0.732 1.133 : 0.000 0.000 0.000 0.000 1.964 0.337 : 0.000 : 96.278 : 860 1796 30 0 : 2275 : 4608 4424 : 87.750205 : 9 Next_heuristic_check_may_be_too_late ]
[87.753s][info][safepoint] Application time: 0.1646994 seconds
[87.753s][info][safepoint] Total time for which application threads were stopped: 0.0002759 seconds, Stopping threads took: 0.0000005 seconds
[87.754s][info][gc       ] [SPS 0.000 0.003 0.003 0.007 0.000 0.001 0.000 0.225 0.043 0.276 NewGC_pause1 87.752822 ]
[87.816s][info][safepoint] Application time: 0.0625160 seconds
[87.816s][info][safepoint] Total time for which application threads were stopped: 0.0002259 seconds, Stopping threads took: 0.0000004 seconds
[87.816s][info][gc       ] [SPS 0.000 0.002 0.000 0.006 0.000 0.001 0.000 0.182 0.036 0.226 NewGC_pause2 87.815564 ]
[87.817s][info][safepoint] Application time: 0.0015336 seconds
[87.818s][info][safepoint] Total time for which application threads were stopped: 0.0000574 seconds, Stopping threads took: 0.0000004 seconds
[87.818s][info][gc       ] [SPS 0.000 0.000 0.000 0.006 0.000 0.001 0.000 0.036 0.014 0.057 NewGC_pause3 87.817155 ]
[87.818s][info][safepoint] Application time: 0.0010788 seconds
[87.818s][info][safepoint] Total time for which application threads were stopped: 0.0000612 seconds, Stopping threads took: 0.0000004 seconds
[87.819s][info][gc       ] [SPS 0.000 0.002 0.002 0.006 0.000 0.001 0.000 0.040 0.014 0.061 NewGC_pause4 87.818295 ]
[87.819s][info][gc       ] [GC New Max 287-267 : 5120 3106 2242 5120 - - 1051 56 2 2 - : 232 1796 30 184 1096 : 228 4 867 867 0 : 0 1 114 0 116 - 0 : 0.162846 3782.7 0.0 0.067614 3460.8 0.0 : 3 --c 0000 : 23 0 0.000 0.000 0 0.000 0.000 0 0.000 0.000 : 87.750917 87.752546 0.000194 87.815338 0.000099 87.817098 0.000039 87.818234 0.000043 : 87.818531 ]
[87.819s][info][gc       ] [SYSINFO 7333 227 63 0 6776 0 30 0 0 5703 : - - - - - - - - : 0 7168 : 3.58 3.15 2.11 : 292739 4277856 : 0 0 : 19 0 : 3877 2 0 261 : - 7410520064 682364928 1199685632 5905219584 238166016 67043328 : 140073237 30036970 738700 0 0 0 : 87.818768 ]
[87.819s][info][gc       ] [HUGEPAGESTAT 0 0 0 - 110774 0 0 : 393216 0 0 : 87.818768 ]
[87.819s][info][gc       ] [OBJCREAT 262494233 25425 13754368 : 87.818836 ]
[87.819s][info][gc       ] [HMSV All : 0 0 80 0 0 0 0 0 : 4960 0 0 0 : 87.818849 ]
[87.819s][info][gc       ] [HMSP 9 : 41100 0 : 87.818849 ]
[87.819s][info][gc       ] [VMAC 65530 166 24 435 625 : 87.819265 ]
[87.981s][info][gc       ] [GPGC-H  3999.5 477.1 0.4 0.0 : 46.6 : 0.000 0.000 : 0.000 0.000 0.725 1.133 : 0.000 0.000 0.000 0.000 1.945 0.337 : 0.000 : 95.569 : 846 1796 30 0 : 2275 : 4608 4424 : 87.980571 : 9 Next_heuristic_check_may_be_too_late ]
[87.983s][info][safepoint] Application time: 0.1644097 seconds
[87.984s][info][safepoint] Total time for which application threads were stopped: 0.0003295 seconds, Stopping threads took: 0.0000004 seconds
[87.984s][info][gc       ] [SPS 0.000 0.003 0.002 0.006 0.000 0.001 0.000 0.304 0.019 0.330 NewGC_pause1 87.983035 ]
[88.047s][info][safepoint] Application time: 0.0638082 seconds
[88.047s][info][safepoint] Total time for which application threads were stopped: 0.0001380 seconds, Stopping threads took: 0.0000004 seconds
[88.048s][info][gc       ] [SPS 0.000 0.001 0.000 0.006 0.000 0.001 0.000 0.113 0.018 0.138 NewGC_pause2 88.046981 ]
[88.049s][info][safepoint] Application time: 0.0018440 seconds
[88.049s][info][safepoint] Total time for which application threads were stopped: 0.0000950 seconds, Stopping threads took: 0.0000004 seconds
[88.050s][info][gc       ] [SPS 0.000 0.000 0.000 0.006 0.000 0.001 0.000 0.076 0.013 0.095 NewGC_pause3 88.048920 ]
[88.054s][info][safepoint] Application time: 0.0048987 seconds
[88.054s][info][safepoint] Total time for which application threads were stopped: 0.0000553 seconds, Stopping threads took: 0.0000004 seconds
[88.055s][info][gc       ] [SPS 0.000 0.003 0.002 0.006 0.000 0.001 0.000 0.036 0.013 0.055 NewGC_pause4 88.053874 ]
[88.055s][info][gc       ] [GC New Max 288-268 : 5120 3088 2256 5120 - - 1051 56 2 2 - : 246 1796 30 184 1078 : 224 4 852 852 0 : 0 1 112 0 123 - 0 : 0.162571 3789.1 0.0 0.073156 3417.4 0.0 : 3 --c 0000 : 23 0 0.000 0.000 0 0.000 0.000 0 0.000 0.000 : 87.981102 87.982705 0.000259 88.046843 0.000084 88.048825 0.000080 88.053819 0.000040 : 88.054258 ]
[88.055s][info][gc       ] [SYSINFO 7333 227 63 0 6776 0 30 0 0 5703 : - - - - - - - - : 0 7168 : 3.58 3.15 2.11 : 292739 4277856 : 0 0 : 19 0 : 3877 2 0 261 : - 7410520064 682364928 1199685632 5905219584 238166016 67043328 : 140073237 30037370 738700 0 0 0 : 88.054542 ]
[88.055s][info][gc       ] [HUGEPAGESTAT 0 0 0 - 110774 0 0 : 393216 0 0 : 88.054542 ]
[88.055s][info][gc       ] [OBJCREAT 263351339 25425 13754368 : 88.054612 ]
[88.055s][info][gc       ] [HMSV All : 0 0 80 0 0 0 0 0 : 4960 0 0 0 : 88.054640 ]
[88.055s][info][gc       ] [HMSP 9 : 41100 0 : 88.054640 ]
[88.055s][info][gc       ] [VMAC 65530 166 24 435 625 : 88.055124 ]
[88.211s][info][gc       ] [GPGC-H  3963.5 477.1 0.4 0.0 : 46.6 : 0.000 0.000 : 0.000 0.000 0.718 1.133 : 0.000 0.000 0.000 0.000 1.926 0.337 : 0.000 : 94.870 : 886 1796 30 0 : 2275 : 4608 4424 : 88.210916 : 9 Next_heuristic_check_may_be_too_late ]
[88.213s][info][safepoint] Application time: 0.1590855 seconds
[88.214s][info][safepoint] Total time for which application threads were stopped: 0.0003137 seconds, Stopping threads took: 0.0000004 seconds
[88.214s][info][gc       ] [SPS 0.000 0.002 0.002 0.006 0.000 0.001 0.000 0.266 0.041 0.314 NewGC_pause1 88.213274 ]
[88.275s][info][safepoint] Application time: 0.0613673 seconds
[88.275s][info][safepoint] Total time for which application threads were stopped: 0.0001272 seconds, Stopping threads took: 0.0000004 seconds
[88.276s][info][gc       ] [SPS 0.000 0.001 0.000 0.006 0.000 0.001 0.000 0.101 0.018 0.127 NewGC_pause2 88.274768 ]
[88.277s][info][safepoint] Application time: 0.0017155 seconds
[88.277s][info][safepoint] Total time for which application threads were stopped: 0.0001163 seconds, Stopping threads took: 0.0000004 seconds
[88.277s][info][gc       ] [SPS 0.000 0.000 0.000 0.006 0.000 0.001 0.000 0.097 0.012 0.116 NewGC_pause3 88.276600 ]
[88.278s][info][safepoint] Application time: 0.0011921 seconds
[88.278s][info][safepoint] Total time for which application threads were stopped: 0.0001291 seconds, Stopping threads took: 0.0000004 seconds
[88.278s][info][gc       ] [SPS 0.000 0.002 0.002 0.006 0.000 0.001 0.000 0.110 0.012 0.129 NewGC_pause4 88.277921 ]
[88.279s][info][gc       ] [GC New Max 289-269 : 5120 3152 2262 5120 - - 1051 56 2 2 - : 252 1796 30 184 1142 : 248 4 892 892 0 : 0 1 124 0 126 - 0 : 0.157122 4086.0 0.0 0.066872 3828.2 0.0 : 3 --c 0000 : 23 0 0.000 0.000 0 0.000 0.000 0 0.000 0.000 : 88.211380 88.212960 0.000213 88.274641 0.000062 88.276484 0.000101 88.277792 0.000114 : 88.278252 ]
[88.279s][info][gc       ] [SYSINFO 7333 227 63 0 6776 0 30 0 0 5703 : - - - - - - - - : 0 7168 : 3.58 3.15 2.11 : 292739 4277856 : 0 0 : 19 0 : 3877 2 0 261 : - 7410520064 682364928 1199685632 5905219584 238166016 67043328 : 140073237 30037750 738750 0 0 0 : 88.278539 ]
[88.279s][info][gc       ] [HUGEPAGESTAT 0 0 0 - 110774 0 0 : 393216 0 0 : 88.278539 ]
[88.279s][info][gc       ] [OBJCREAT 264239746 25425 13754368 : 88.278583 ]
[88.279s][info][gc       ] [HMSV All : 0 0 80 0 0 0 0 0 : 4960 0 0 0 : 88.278603 ]
[88.279s][info][gc       ] [HMSP 9 : 41100 0 : 88.278603 ]
[88.279s][info][gc       ] [VMAC 65530 166 24 435 625 : 88.279017 ]
[88.441s][info][gc       ] [GPGC-H  3963.5 477.1 0.4 0.0 : 46.6 : 0.000 0.000 : 0.000 0.000 0.711 1.133 : 0.000 0.000 0.000 0.000 1.908 0.337 : 0.000 : 94.201 : 886 1796 30 0 : 2275 : 4608 4424 : 88.440645 : 9 Next_heuristic_check_may_be_too_late ]
[88.444s][info][safepoint] Application time: 0.1652821 seconds
[88.444s][info][safepoint] Total time for which application threads were stopped: 0.0002973 seconds, Stopping threads took: 0.0000004 seconds
[88.444s][info][gc       ] [SPS 0.000 0.003 0.003 0.006 0.000 0.001 0.000 0.271 0.019 0.297 NewGC_pause1 88.443501 ]
[88.516s][info][safepoint] Application time: 0.0728245 seconds
[88.517s][info][safepoint] Total time for which application threads were stopped: 0.0001554 seconds, Stopping threads took: 0.0000004 seconds
[88.517s][info][gc       ] [SPS 0.000 0.001 0.000 0.006 0.000 0.001 0.000 0.127 0.021 0.156 NewGC_pause2 88.516481 ]
[88.519s][info][safepoint] Application time: 0.0018801 seconds
[88.519s][info][safepoint] Total time for which application threads were stopped: 0.0001675 seconds, Stopping threads took: 0.0000004 seconds
[88.519s][info][gc       ] [SPS 0.000 0.000 0.000 0.006 0.000 0.001 0.000 0.147 0.014 0.168 NewGC_pause3 88.518529 ]
[88.520s][info][safepoint] Application time: 0.0010431 seconds
[88.520s][info][safepoint] Total time for which application threads were stopped: 0.0000619 seconds, Stopping threads took: 0.0000004 seconds
[88.520s][info][gc       ] [SPS 0.000 0.002 0.002 0.006 0.000 0.001 0.000 0.041 0.014 0.062 NewGC_pause4 88.519634 ]
[88.520s][info][gc       ] [GC New Max 290-270 : 5120 3174 2284 5120 - - 1051 56 2 2 - : 274 1796 30 184 1164 : 270 4 892 892 0 : 0 1 135 0 137 - 0 : 0.162979 3902.3 0.0 0.078700 3532.4 0.0 : 3 --c 0000 : 23 0 0.000 0.000 0 0.000 0.000 0 0.000 0.000 : 88.441231 88.443204 0.000230 88.516325 0.000091 88.518361 0.000152 88.519572 0.000044 : 88.519931 ]
[88.520s][info][gc       ] [SYSINFO 7333 227 63 0 6776 0 30 0 0 5703 : - - - - - - - - : 0 7168 : 3.58 3.15 2.11 : 292739 4277856 : 0 0 : 19 0 : 3877 2 0 261 : - 7410520064 682364928 1199685632 5905219584 238166016 67043328 : 140073237 30038170 738810 0 0 0 : 88.520149 ]
[88.520s][info][gc       ] [HUGEPAGESTAT 0 0 0 - 110774 0 0 : 393216 0 0 : 88.520149 ]
[88.520s][info][gc       ] [OBJCREAT 265143890 25425 13754368 : 88.520192 ]
[88.520s][info][gc       ] [HMSV All : 0 0 80 0 0 0 0 0 : 4960 0 0 0 : 88.520206 ]
[88.520s][info][gc       ] [HMSP 9 : 41100 0 : 88.520206 ]
[88.521s][info][gc       ] [VMAC 65530 166 24 435 625 : 88.520717 ]
[88.681s][info][gc       ] [GPGC-H  3963.5 477.1 0.4 0.0 : 46.6 : 0.000 0.000 : 0.000 0.000 0.704 1.133 : 0.000 0.000 0.000 0.000 1.888 0.337 : 0.000 : 93.516 : 906 1796 30 0 : 2275 : 4608 4424 : 88.680903 : 9 Next_heuristic_check_may_be_too_late ]
[88.683s][info][safepoint] Application time: 0.1634593 seconds
[88.684s][info][safepoint] Total time for which application threads were stopped: 0.0003157 seconds, Stopping threads took: 0.0000004 seconds
[88.684s][info][gc       ] [SPS 0.000 0.003 0.002 0.006 0.000 0.001 0.000 0.288 0.020 0.316 NewGC_pause1 88.683409 ]
[88.745s][info][safepoint] Application time: 0.0610806 seconds
[88.745s][info][safepoint] Total time for which application threads were stopped: 0.0001638 seconds, Stopping threads took: 0.0000004 seconds
[88.746s][info][gc       ] [SPS 0.000 0.001 0.000 0.006 0.000 0.001 0.000 0.135 0.021 0.164 NewGC_pause2 88.744654 ]
[88.747s][info][safepoint] Application time: 0.0019989 seconds
[88.747s][info][safepoint] Total time for which application threads were stopped: 0.0000550 seconds, Stopping threads took: 0.0000004 seconds
[88.747s][info][gc       ] [SPS 0.000 0.000 0.000 0.006 0.000 0.001 0.000 0.034 0.013 0.055 NewGC_pause3 88.746707 ]
[88.748s][info][safepoint] Application time: 0.0009019 seconds
[88.748s][info][safepoint] Total time for which application threads were stopped: 0.0000606 seconds, Stopping threads took: 0.0000004 seconds
[88.748s][info][gc       ] [SPS 0.000 0.002 0.002 0.006 0.000 0.001 0.000 0.040 0.014 0.061 NewGC_pause4 88.747670 ]
[88.748s][info][gc       ] [GC New Max 291-271 : 5120 3154 2244 5120 - - 1051 56 2 2 - : 234 1796 30 184 1144 : 230 4 912 912 0 : 0 1 115 0 117 - 0 : 0.161497 3925.8 0.0 0.066587 3574.3 0.0 : 3 --c 0000 : 23 0 0.000 0.000 0 0.000 0.000 0 0.000 0.000 : 88.681428 88.683093 0.000257 88.744490 0.000088 88.746653 0.000037 88.747610 0.000043 : 88.748015 ]
[88.748s][info][gc       ] [SYSINFO 7333 227 63 0 6776 0 30 0 0 5703 : - - - - - - - - : 0 7168 : 3.37 3.12 2.10 : 292739 4277856 : 0 0 : 19 0 : 3877 2 0 261 : - 7410520064 682364928 1199685632 5905219584 238166016 67043328 : 140073237 30038550 738870 0 0 0 : 88.748255 ]
[88.748s][info][gc       ] [HUGEPAGESTAT 0 0 0 - 110774 0 0 : 393216 0 0 : 88.748255 ]
[88.748s][info][gc       ] [OBJCREAT 266006266 25425 13754368 : 88.748296 ]
[88.748s][info][gc       ] [HMSV All : 0 0 80 0 0 0 0 0 : 4960 0 0 0 : 88.748311 ]
[88.748s][info][gc       ] [HMSP 9 : 41100 0 : 88.748311 ]
[88.749s][info][gc       ] [VMAC 65530 166 24 435 625 : 88.748804 ]
[88.910s][info][gc       ] [GPGC-H  3963.5 477.1 0.4 0.0 : 46.6 : 0.000 0.000 : 0.000 0.000 0.697 1.133 : 0.000 0.000 0.000 0.000 1.870 0.337 : 0.000 : 92.842 : 882 1796 30 0 : 2275 : 4608 4424 : 88.910326 : 9 Next_heuristic_check_may_be_too_late ]
[88.913s][info][safepoint] Application time: 0.1648746 seconds
[88.913s][info][safepoint] Total time for which application threads were stopped: 0.0004009 seconds, Stopping threads took: 0.0000004 seconds
[88.914s][info][gc       ] [SPS 0.000 0.003 0.003 0.007 0.000 0.001 0.000 0.366 0.027 0.401 NewGC_pause1 88.912946 ]
[88.976s][info][safepoint] Application time: 0.0626139 seconds
[88.976s][info][safepoint] Total time for which application threads were stopped: 0.0001830 seconds, Stopping threads took: 0.0000004 seconds
[88.977s][info][gc       ] [SPS 0.000 0.001 0.000 0.006 0.000 0.001 0.000 0.157 0.019 0.183 NewGC_pause2 88.975743 ]
[88.978s][info][safepoint] Application time: 0.0018256 seconds
[88.978s][info][safepoint] Total time for which application threads were stopped: 0.0001630 seconds, Stopping threads took: 0.0000004 seconds
[88.978s][info][gc       ] [SPS 0.000 0.000 0.000 0.006 0.000 0.001 0.000 0.135 0.020 0.163 NewGC_pause3 88.977732 ]
[88.979s][info][safepoint] Application time: 0.0008028 seconds
[88.979s][info][safepoint] Total time for which application threads were stopped: 0.0000609 seconds, Stopping threads took: 0.0000004 seconds
[88.979s][info][gc       ] [SPS 0.000 0.002 0.002 0.006 0.000 0.001 0.000 0.040 0.014 0.061 NewGC_pause4 88.978595 ]
[88.979s][info][gc       ] [GC New Max 292-272 : 5120 3134 2248 5120 - - 1051 56 2 2 - : 238 1796 30 184 1124 : 234 4 889 889 0 : 0 1 117 0 119 - 0 : 0.162819 3992.2 0.0 0.068008 3558.4 0.0 : 3 --c 0000 : 23 0 0.000 0.000 0 0.000 0.000 0 0.000 0.000 : 88.910834 88.912545 0.000300 88.975560 0.000116 88.977568 0.000046 88.978534 0.000043 : 88.978842 ]
[88.979s][info][gc       ] [SYSINFO 7333 227 63 0 6776 0 30 0 0 5703 : - - - - - - - - : 0 7168 : 3.37 3.12 2.10 : 292739 4277856 : 0 0 : 19 0 : 3877 2 0 261 : - 7410520064 682364928 1199685632 5905219584 238166016 67043328 : 140073237 30038950 738880 0 0 0 : 88.979080 ]
[88.979s][info][gc       ] [HUGEPAGESTAT 0 0 0 - 110774 0 0 : 393216 0 0 : 88.979080 ]
[88.979s][info][gc       ] [OBJCREAT 266888233 25425 13754368 : 88.979122 ]
[88.979s][info][gc       ] [HMSV All : 0 0 80 0 0 0 0 0 : 4960 0 0 0 : 88.979137 ]
[88.979s][info][gc       ] [HMSP 9 : 41100 0 : 88.979137 ]
[88.980s][info][gc       ] [VMAC 65530 166 24 435 625 : 88.979536 ]
[89.141s][info][gc       ] [GPGC-H  3963.5 477.1 0.4 0.0 : 46.6 : 0.000 0.000 : 0.000 0.000 0.690 1.133 : 0.000 0.000 0.000 0.000 1.852 0.337 : 0.000 : 92.169 : 846 1796 30 0 : 2275 : 4608 4424 : 89.141054 : 9 Next_heuristic_check_may_be_too_late ]
[89.143s][info][safepoint] Application time: 0.1644493 seconds
[89.144s][info][safepoint] Total time for which application threads were stopped: 0.0002317 seconds, Stopping threads took: 0.0000005 seconds
[89.144s][info][gc       ] [SPS 0.000 0.003 0.003 0.007 0.000 0.001 0.000 0.204 0.020 0.232 NewGC_pause1 89.143277 ]
[89.203s][info][safepoint] Application time: 0.0595834 seconds
[89.203s][info][safepoint] Total time for which application threads were stopped: 0.0001189 seconds, Stopping threads took: 0.0000004 seconds
[89.204s][info][gc       ] [SPS 0.000 0.001 0.000 0.005 0.000 0.001 0.000 0.091 0.021 0.119 NewGC_pause2 89.202979 ]
[89.205s][info][safepoint] Application time: 0.0020598 seconds
[89.206s][info][safepoint] Total time for which application threads were stopped: 0.0001034 seconds, Stopping threads took: 0.0000004 seconds
[89.206s][info][gc       ] [SPS 0.000 0.000 0.000 0.005 0.000 0.001 0.000 0.085 0.012 0.103 NewGC_pause3 89.205142 ]
[89.206s][info][safepoint] Application time: 0.0010969 seconds
[89.206s][info][safepoint] Total time for which application threads were stopped: 0.0000584 seconds, Stopping threads took: 0.0000004 seconds
[89.207s][info][gc       ] [SPS 0.000 0.002 0.002 0.005 0.000 0.001 0.000 0.039 0.013 0.058 NewGC_pause4 89.206297 ]
[89.207s][info][gc       ] [GC New Max 293-273 : 5120 3110 2262 5120 - - 1051 56 2 2 - : 252 1796 30 184 1098 : 248 4 851 851 0 : 0 1 124 0 126 - 0 : 0.162771 3747.6 0.0 0.064970 3909.5 0.0 : 3 --c 0000 : 23 0 0.000 0.000 0 0.000 0.000 0 0.000 0.000 : 89.141613 89.143045 0.000167 89.202860 0.000059 89.205039 0.000088 89.206239 0.000041 : 89.206583 ]
[89.207s][info][gc       ] [SYSINFO 7333 227 63 0 6776 0 30 0 0 5703 : - - - - - - - - : 0 7168 : 3.37 3.12 2.10 : 292739 4277856 : 0 0 : 19 0 : 3877 4 0 261 : - 7410520064 682364928 1199685632 5905219584 238166016 67043328 : 140073237 30039350 738880 0 0 0 : 89.206808 ]
[89.207s][info][gc       ] [HUGEPAGESTAT 0 0 0 - 110774 0 0 : 393216 0 0 : 89.206808 ]
[89.207s][info][gc       ] [OBJCREAT 267743987 25425 13754368 : 89.206847 ]
[89.207s][info][gc       ] [HMSV All : 0 0 80 0 0 0 0 0 : 4960 0 0 0 : 89.206861 ]
[89.207s][info][gc       ] [HMSP 9 : 41100 0 : 89.206861 ]
[89.207s][info][gc       ] [VMAC 65530 166 24 435 625 : 89.207224 ]
[89.365s][info][gc       ] [GPGC-H  3963.5 434.0 0.4 0.0 : 42.4 : 0.000 0.000 : 0.000 0.000 0.684 1.133 : 0.000 0.000 0.000 0.000 1.834 0.337 : 0.000 : 91.503 : 860 1796 30 0 : 2275 : 4608 4424 : 89.364800 : 9 Next_heuristic_check_may_be_too_late ]
[89.367s][info][safepoint] Application time: 0.1606219 seconds
[89.368s][info][safepoint] Total time for which application threads were stopped: 0.0002903 seconds, Stopping threads took: 0.0000004 seconds
[89.368s][info][gc       ] [SPS 0.000 0.003 0.002 0.007 0.000 0.001 0.000 0.263 0.019 0.290 NewGC_pause1 89.367210 ]
[89.440s][info][safepoint] Application time: 0.0727980 seconds
[89.441s][info][safepoint] Total time for which application threads were stopped: 0.0001345 seconds, Stopping threads took: 0.0000004 seconds
[89.441s][info][gc       ] [SPS 0.000 0.001 0.000 0.006 0.000 0.001 0.000 0.108 0.019 0.135 NewGC_pause2 89.440143 ]
[89.442s][info][safepoint] Application time: 0.0018778 seconds
[89.443s][info][safepoint] Total time for which application threads were stopped: 0.0001319 seconds, Stopping threads took: 0.0000004 seconds
[89.443s][info][gc       ] [SPS 0.000 0.000 0.000 0.006 0.000 0.001 0.000 0.113 0.012 0.132 NewGC_pause3 89.442152 ]
[89.443s][info][safepoint] Application time: 0.0011687 seconds
[89.444s][info][safepoint] Total time for which application threads were stopped: 0.0001210 seconds, Stopping threads took: 0.0000004 seconds
[89.444s][info][gc       ] [SPS 0.000 0.002 0.002 0.005 0.000 0.001 0.000 0.102 0.012 0.121 NewGC_pause4 89.443442 ]
[89.444s][info][gc       ] [GC New Max 294-274 : 5120 3102 2240 5120 - - 1051 56 2 2 - : 230 1796 30 184 1092 : 228 4 865 865 0 : 0 1 114 0 115 - 0 : 0.158729 3843.0 0.0 0.078364 2960.5 0.0 : 3 --c 0000 : 23 0 0.000 0.000 0 0.000 0.000 0 0.000 0.000 : 89.365312 89.366920 0.000259 89.440008 0.000062 89.442020 0.000117 89.443321 0.000107 : 89.443676 ]
[89.444s][info][gc       ] [SYSINFO 7333 227 63 0 6776 0 30 0 0 5703 : - - - - - - - - : 0 7168 : 3.37 3.12 2.10 : 292739 4277856 : 0 0 : 19 0 : 3877 2 0 261 : - 7410520064 682364928 1199685632 5905219584 238166016 67043328 : 140073237 30039750 738880 0 0 0 : 89.443909 ]
[89.444s][info][gc       ] [HUGEPAGESTAT 0 0 0 - 110774 0 0 : 393216 0 0 : 89.443909 ]
[89.444s][info][gc       ] [OBJCREAT 268580339 25425 13754368 : 89.443949 ]
[89.444s][info][gc       ] [HMSV All : 0 0 80 0 0 0 0 0 : 4960 0 0 0 : 89.443963 ]
[89.444s][info][gc       ] [HMSP 9 : 41100 0 : 89.443963 ]
[89.444s][info][gc       ] [VMAC 65530 166 24 435 625 : 89.444380 ]
[89.604s][info][gc       ] [GPGC-H  3963.5 434.0 0.4 0.0 : 42.4 : 0.000 0.000 : 0.000 0.000 0.677 1.133 : 0.000 0.000 0.000 0.000 1.816 0.337 : 0.000 : 90.866 : 858 1796 30 0 : 2275 : 4608 4424 : 89.603811 : 9 Next_heuristic_check_may_be_too_late ]
[89.606s][info][safepoint] Application time: 0.1624639 seconds
[89.607s][info][safepoint] Total time for which application threads were stopped: 0.0004321 seconds, Stopping threads took: 0.0000004 seconds
[89.607s][info][gc       ] [SPS 0.000 0.003 0.003 0.006 0.000 0.001 0.000 0.388 0.037 0.433 NewGC_pause1 89.606339 ]
[89.671s][info][safepoint] Application time: 0.0641911 seconds
[89.671s][info][safepoint] Total time for which application threads were stopped: 0.0001241 seconds, Stopping threads took: 0.0000004 seconds
[89.672s][info][gc       ] [SPS 0.000 0.001 0.000 0.006 0.000 0.001 0.000 0.099 0.019 0.124 NewGC_pause2 89.670654 ]
[89.673s][info][safepoint] Application time: 0.0017833 seconds
[89.673s][info][safepoint] Total time for which application threads were stopped: 0.0000907 seconds, Stopping threads took: 0.0000004 seconds
[89.673s][info][gc       ] [SPS 0.000 0.000 0.000 0.006 0.000 0.001 0.000 0.072 0.012 0.091 NewGC_pause3 89.672528 ]
[89.674s][info][safepoint] Application time: 0.0010694 seconds
[89.674s][info][safepoint] Total time for which application threads were stopped: 0.0000609 seconds, Stopping threads took: 0.0000004 seconds
[89.674s][info][gc       ] [SPS 0.000 0.002 0.002 0.006 0.000 0.001 0.000 0.042 0.012 0.061 NewGC_pause4 89.673658 ]
[89.674s][info][gc       ] [GC New Max 295-275 : 5120 3134 2272 5120 - - 1051 56 2 2 - : 262 1796 30 184 1124 : 258 4 864 864 0 : 0 1 129 0 131 - 0 : 0.160547 3924.1 0.0 0.069625 3820.5 0.0 : 3 --c 0000 : 23 0 0.000 0.000 0 0.000 0.000 0 0.000 0.000 : 89.604223 89.605906 0.000298 89.670530 0.000064 89.672437 0.000076 89.673597 0.000046 : 89.673847 ]
[89.674s][info][gc       ] [SYSINFO 7333 227 63 0 6776 0 30 0 0 5703 : - - - - - - - - : 0 7168 : 3.37 3.12 2.10 : 292739 4277856 : 0 0 : 19 0 : 3877 2 0 261 : - 7410520064 682364928 1199685632 5905219584 238166016 67043328 : 140073237 30040150 738880 0 0 0 : 89.674087 ]
[89.674s][info][gc       ] [HUGEPAGESTAT 0 0 0 - 110774 0 0 : 393216 0 0 : 89.674087 ]
[89.674s][info][gc       ] [OBJCREAT 269464850 25425 13754368 : 89.674136 ]
[89.674s][info][gc       ] [HMSV All : 0 0 80 0 0 0 0 0 : 4960 0 0 0 : 89.674150 ]
[89.674s][info][gc       ] [HMSP 9 : 41100 0 : 89.674150 ]
[89.675s][info][gc       ] [VMAC 65530 166 24 435 625 : 89.674618 ]
[89.834s][info][gc       ] [GPGC-H  3963.5 434.0 0.4 0.0 : 42.4 : 0.000 0.000 : 0.000 0.000 0.671 1.133 : 0.000 0.000 0.000 0.000 1.799 0.337 : 0.000 : 90.225 : 928 1796 30 0 : 2275 : 4608 4424 : 89.833981 : 9 Next_heuristic_check_may_be_too_late ]
[89.836s][info][safepoint] Application time: 0.1624400 seconds
[89.837s][info][safepoint] Total time for which application threads were stopped: 0.0002958 seconds, Stopping threads took: 0.0000004 seconds
[89.837s][info][gc       ] [SPS 0.000 0.003 0.002 0.006 0.000 0.001 0.001 0.270 0.019 0.296 NewGC_pause1 89.836395 ]
[89.897s][info][safepoint] Application time: 0.0601447 seconds
[89.897s][info][safepoint] Total time for which application threads were stopped: 0.0002036 seconds, Stopping threads took: 0.0000004 seconds
[89.898s][info][gc       ] [SPS 0.000 0.001 0.000 0.006 0.000 0.001 0.001 0.164 0.032 0.204 NewGC_pause2 89.896743 ]
[89.902s][info][safepoint] Application time: 0.0048266 seconds
[89.902s][info][safepoint] Total time for which application threads were stopped: 0.0000535 seconds, Stopping threads took: 0.0000004 seconds
[89.902s][info][gc       ] [SPS 0.000 0.000 0.000 0.006 0.000 0.001 0.000 0.034 0.012 0.054 NewGC_pause3 89.901623 ]
[89.903s][info][safepoint] Application time: 0.0010071 seconds
[89.903s][info][safepoint] Total time for which application threads were stopped: 0.0000632 seconds, Stopping threads took: 0.0000004 seconds
[89.903s][info][gc       ] [GC New Max 296-276 : 5120 3198 2266 5120 - - 1051 56 2 2 - : 256 1796 30 184 1188 : 252 4 934 934 0 : 0 1 126 0 128 - 0 : 0.160613 4159.1 0.0 0.068428 3799.6 0.0 : 3 --c 0000 : 23 0 0.000 0.000 0 0.000 0.000 0 0.000 0.000 : 89.834460 89.836098 0.000237 89.896539 0.000158 89.901569 0.000038 89.902630 0.000047 : 89.902888 ]
[89.903s][info][gc       ] [SYSINFO 7333 227 63 0 6776 0 30 0 0 5703 : - - - - - - - - : 0 7168 : 3.37 3.12 2.10 : 292739 4277856 : 0 0 : 19 0 : 3877 2 0 261 : - 7410520064 682364928 1199685632 5905219584 238166016 67043328 : 140073237 30040530 738880 0 0 0 : 89.903147 ]
[89.903s][info][gc       ] [HUGEPAGESTAT 0 0 0 - 110774 0 0 : 393216 0 0 : 89.903147 ]
[89.903s][info][gc       ] [OBJCREAT 270385600 25425 13754368 : 89.903207 ]
[89.903s][info][gc       ] [HMSV All : 0 0 80 0 0 0 0 0 : 4960 0 0 0 : 89.903221 ]
[89.903s][info][gc       ] [HMSP 9 : 41100 0 : 89.903221 ]
[89.903s][info][gc       ] [SPS 0.000 0.002 0.002 0.010 0.000 0.001 0.000 0.040 0.013 0.063 NewGC_pause4 89.902693 ]
[89.904s][info][gc       ] [VMAC 65530 166 24 435 625 : 89.903757 ]
[90.064s][info][gc       ] [GPGC-H  3963.5 434.0 0.4 0.0 : 42.4 : 0.000 0.000 : 0.000 0.000 0.665 1.133 : 0.000 0.000 0.000 0.000 1.781 0.337 : 0.000 : 89.589 : 882 1796 30 0 : 2275 : 4608 4424 : 90.064277 : 9 Next_heuristic_check_may_be_too_late ]
[90.067s][info][safepoint] Application time: 0.1636614 seconds
[90.067s][info][safepoint] Total time for which application threads were stopped: 0.0003295 seconds, Stopping threads took: 0.0000004 seconds
[90.067s][info][gc       ] [SPS 0.000 0.002 0.002 0.006 0.000 0.001 0.000 0.302 0.021 0.330 NewGC_pause1 90.066684 ]
[90.126s][info][safepoint] Application time: 0.0596154 seconds
[90.127s][info][safepoint] Total time for which application threads were stopped: 0.0000735 seconds, Stopping threads took: 0.0000004 seconds
[90.127s][info][gc       ] [SPS 0.000 0.001 0.000 0.006 0.000 0.001 0.000 0.048 0.017 0.074 NewGC_pause2 90.126373 ]
[90.128s][info][safepoint] Application time: 0.0019662 seconds
[90.129s][info][safepoint] Total time for which application threads were stopped: 0.0000643 seconds, Stopping threads took: 0.0000004 seconds
[90.129s][info][gc       ] [SPS 0.000 0.000 0.000 0.006 0.000 0.001 0.000 0.043 0.014 0.064 NewGC_pause3 90.128404 ]
[90.129s][info][safepoint] Application time: 0.0009884 seconds
[90.130s][info][safepoint] Total time for which application threads were stopped: 0.0000601 seconds, Stopping threads took: 0.0000004 seconds
[90.130s][info][gc       ] [SPS 0.000 0.002 0.002 0.006 0.000 0.001 0.000 0.040 0.013 0.060 NewGC_pause4 90.129452 ]
[90.130s][info][gc       ] [GC New Max 297-277 : 5120 3140 2256 5120 - - 1051 56 2 2 - : 244 1796 30 184 1130 : 240 4 889 889 0 : 0 1 120 0 122 - 0 : 0.161865 3879.8 0.0 0.064887 3822.1 0.0 : 3 --c 0000 : 23 0 0.000 0.000 0 0.000 0.000 0 0.000 0.000 : 90.064753 90.066355 0.000269 90.126300 0.000044 90.128340 0.000045 90.129392 0.000043 : 90.129639 ]
[90.130s][info][gc       ] [SYSINFO 7333 227 63 0 6776 0 30 0 0 5703 : - - - - - - - - : 0 7168 : 3.37 3.12 2.10 : 292739 4277856 : 0 0 : 19 0 : 3877 2 0 261 : - 7410520064 682364928 1199685632 5905219584 238166016 67043328 : 140073237 30040910 738880 0 0 0 : 90.129883 ]
[90.130s][info][gc       ] [HUGEPAGESTAT 0 0 0 - 110774 0 0 : 393216 0 0 : 90.129883 ]
[90.130s][info][gc       ] [OBJCREAT 271253234 25425 13754368 : 90.129926 ]
[90.130s][info][gc       ] [HMSV All : 0 0 80 0 0 0 0 0 : 4960 0 0 0 : 90.129941 ]
[90.130s][info][gc       ] [HMSP 9 : 41100 0 : 90.129941 ]
[90.130s][info][gc       ] [VMAC 65530 166 24 435 625 : 90.130376 ]
[90.291s][info][gc       ] [GPGC-H  3941.3 434.0 0.4 0.0 : 42.4 : 0.000 0.000 : 0.000 0.000 0.658 1.133 : 0.000 0.000 0.000 0.000 1.765 0.337 : 0.000 : 88.954 : 892 1796 30 0 : 2275 : 4608 4424 : 90.290921 : 9 Next_heuristic_check_may_be_too_late ]
[90.293s][info][safepoint] Application time: 0.1635486 seconds
[90.294s][info][safepoint] Total time for which application threads were stopped: 0.0002730 seconds, Stopping threads took: 0.0000004 seconds
[90.294s][info][gc       ] [SPS 0.000 0.002 0.002 0.006 0.000 0.001 0.000 0.248 0.018 0.273 NewGC_pause1 90.293274 ]
[90.355s][info][safepoint] Application time: 0.0611357 seconds
[90.355s][info][safepoint] Total time for which application threads were stopped: 0.0001685 seconds, Stopping threads took: 0.0000005 seconds
[90.356s][info][gc       ] [SPS 0.000 0.001 0.000 0.006 0.000 0.001 0.000 0.138 0.023 0.169 NewGC_pause2 90.354579 ]
[90.357s][info][safepoint] Application time: 0.0021912 seconds
[90.357s][info][safepoint] Total time for which application threads were stopped: 0.0001128 seconds, Stopping threads took: 0.0000004 seconds
[90.358s][info][gc       ] [SPS 0.000 0.000 0.000 0.006 0.000 0.001 0.000 0.083 0.023 0.113 NewGC_pause3 90.356883 ]
[90.362s][info][safepoint] Application time: 0.0049392 seconds
[90.362s][info][safepoint] Total time for which application threads were stopped: 0.0000694 seconds, Stopping threads took: 0.0000004 seconds
[90.362s][info][gc       ] [SPS 0.000 0.003 0.002 0.006 0.000 0.001 0.000 0.048 0.015 0.070 NewGC_pause4 90.361892 ]
[90.362s][info][gc       ] [GC New Max 298-278 : 5120 3138 2258 5120 - - 1051 56 2 2 - : 248 1796 30 184 1128 : 230 4 897 897 0 : 0 1 115 0 124 - 0 : 0.161816 4016.9 0.0 0.070739 3534.1 0.0 : 3 --c 0000 : 23 0 0.000 0.000 0 0.000 0.000 0 0.000 0.000 : 90.291456 90.293001 0.000190 90.354410 0.000105 90.356770 0.000048 90.361822 0.000050 : 90.362195 ]
[90.362s][info][gc       ] [SYSINFO 7333 227 63 0 6776 0 30 0 0 5703 : - - - - - - - - : 0 7168 : 3.37 3.12 2.10 : 292739 4277856 : 0 0 : 19 0 : 3877 2 0 261 : - 7410520064 682364928 1199685632 5905219584 238166016 67043328 : 140073237 30041300 738880 0 0 0 : 90.362449 ]
[90.362s][info][gc       ] [HUGEPAGESTAT 0 0 0 - 110774 0 0 : 393216 0 0 : 90.362449 ]
[90.362s][info][gc       ] [OBJCREAT 272145138 25425 13754368 : 90.362488 ]
[90.363s][info][gc       ] [HMSV All : 0 0 80 0 0 0 0 0 : 4960 0 0 0 : 90.362502 ]
[90.363s][info][gc       ] [HMSP 9 : 41100 0 : 90.362502 ]
[90.363s][info][gc       ] [VMAC 65530 166 24 435 625 : 90.362937 ]
[90.524s][info][gc       ] [GPGC-H  3941.3 434.0 0.4 0.0 : 42.4 : 0.000 0.000 : 0.000 0.000 0.652 1.133 : 0.000 0.000 0.000 0.000 1.747 0.337 : 0.000 : 88.328 : 922 1796 30 0 : 2275 : 4608 4424 : 90.524131 : 9 Next_heuristic_check_may_be_too_late ]
[90.527s][info][safepoint] Application time: 0.1643189 seconds
[90.527s][info][safepoint] Total time for which application threads were stopped: 0.0002895 seconds, Stopping threads took: 0.0000004 seconds
[90.527s][info][gc       ] [SPS 0.000 0.002 0.002 0.006 0.000 0.001 0.000 0.265 0.018 0.290 NewGC_pause1 90.526500 ]
[90.596s][info][safepoint] Application time: 0.0691009 seconds
[90.596s][info][safepoint] Total time for which application threads were stopped: 0.0002141 seconds, Stopping threads took: 0.0000004 seconds
[90.597s][info][gc       ] [SPS 0.000 0.001 0.000 0.006 0.000 0.001 0.000 0.188 0.019 0.214 NewGC_pause2 90.595815 ]
[90.598s][info][safepoint] Application time: 0.0021853 seconds
[90.599s][info][safepoint] Total time for which application threads were stopped: 0.0001182 seconds, Stopping threads took: 0.0000004 seconds
[90.599s][info][gc       ] [SPS 0.000 0.000 0.000 0.006 0.000 0.001 0.000 0.093 0.019 0.118 NewGC_pause3 90.598119 ]
[90.599s][info][safepoint] Application time: 0.0011843 seconds
[90.600s][info][safepoint] Total time for which application threads were stopped: 0.0000687 seconds, Stopping threads took: 0.0000004 seconds
[90.600s][info][gc       ] [SPS 0.000 0.002 0.002 0.005 0.000 0.001 0.000 0.048 0.014 0.069 NewGC_pause4 90.599372 ]
[90.600s][info][gc       ] [GC New Max 299-279 : 5120 3230 2306 5120 - - 1051 56 2 2 - : 296 1796 30 184 1220 : 290 4 928 928 0 : 0 1 145 0 148 - 0 : 0.162449 4161.3 0.0 0.075104 3994.5 0.0 : 3 --c 0000 : 23 0 0.000 0.000 0 0.000 0.000 0 0.000 0.000 : 90.524643 90.526211 0.000235 90.595601 0.000151 90.598001 0.000060 90.599303 0.000052 : 90.599747 ]
[90.600s][info][gc       ] [SYSINFO 7333 227 63 0 6776 0 30 0 0 5703 : - - - - - - - - : 0 7168 : 3.37 3.12 2.10 : 292739 4277856 : 0 0 : 19 0 : 3877 2 0 261 : - 7410520064 682364928 1199685632 5905219584 238166016 67043328 : 140073237 30041710 738880 0 0 0 : 90.599952 ]
[90.600s][info][gc       ] [HUGEPAGESTAT 0 0 0 - 110774 0 0 : 393216 0 0 : 90.599952 ]
[90.600s][info][gc       ] [OBJCREAT 273109313 25425 13754368 : 90.599993 ]
[90.600s][info][gc       ] [HMSV All : 0 0 80 0 0 0 0 0 : 4960 0 0 0 : 90.600011 ]
[90.600s][info][gc       ] [HMSP 9 : 41100 0 : 90.600011 ]
[90.600s][info][gc       ] [VMAC 65530 166 24 435 625 : 90.600423 ]
[90.761s][info][gc       ] [GPGC-H  3941.3 434.0 0.4 0.0 : 42.4 : 0.000 0.000 : 0.000 0.000 0.646 1.133 : 0.000 0.000 0.000 0.000 1.730 0.337 : 0.000 : 87.709 : 946 1796 30 0 : 2275 : 4608 4424 : 90.761034 : 9 Next_heuristic_check_may_be_too_late ]
[90.763s][info][safepoint] Application time: 0.1637235 seconds
[90.764s][info][safepoint] Total time for which application threads were stopped: 0.0003131 seconds, Stopping threads took: 0.0000004 seconds
[90.764s][info][gc       ] [SPS 0.000 0.002 0.002 0.006 0.000 0.001 0.000 0.287 0.019 0.313 NewGC_pause1 90.763409 ]
[90.826s][info][safepoint] Application time: 0.0626236 seconds
[90.827s][info][safepoint] Total time for which application threads were stopped: 0.0001255 seconds, Stopping threads took: 0.0000004 seconds
[90.827s][info][gc       ] [SPS 0.000 0.001 0.000 0.006 0.000 0.001 0.000 0.099 0.019 0.126 NewGC_pause2 90.826158 ]
[90.828s][info][safepoint] Application time: 0.0017148 seconds
[90.828s][info][safepoint] Total time for which application threads were stopped: 0.0000657 seconds, Stopping threads took: 0.0000004 seconds
[90.829s][info][gc       ] [SPS 0.000 0.000 0.000 0.006 0.000 0.001 0.000 0.044 0.015 0.066 NewGC_pause3 90.827939 ]
[90.829s][info][safepoint] Application time: 0.0011498 seconds
[90.830s][info][safepoint] Total time for which application threads were stopped: 0.0001041 seconds, Stopping threads took: 0.0000004 seconds
[90.830s][info][gc       ] [SPS 0.000 0.002 0.002 0.006 0.000 0.001 0.000 0.085 0.012 0.104 NewGC_pause4 90.829193 ]
[90.830s][info][gc       ] [GC New Max 300-280 : 5120 3212 2262 5120 - - 1051 56 2 2 - : 252 1796 30 184 1202 : 248 4 953 953 0 : 0 1 124 0 126 - 0 : 0.161762 4030.6 0.0 0.068087 3759.9 0.0 : 3 --c 0000 : 23 0 0.000 0.000 0 0.000 0.000 0 0.000 0.000 : 90.761510 90.763096 0.000248 90.826033 0.000062 90.827873 0.000046 90.829088 0.000089 : 90.829596 ]
[90.830s][info][gc       ] [SYSINFO 7333 227 63 0 6776 0 30 0 0 5703 : - - - - - - - - : 0 7168 : 3.37 3.12 2.10 : 292739 4277856 : 0 0 : 19 0 : 3877 2 0 261 : - 7410520064 682364928 1199685632 5905219584 238166016 67043328 : 140073237 30042110 738880 0 0 0 : 90.829874 ]
[90.830s][info][gc       ] [HUGEPAGESTAT 0 0 0 - 110774 0 0 : 393216 0 0 : 90.829874 ]
[90.830s][info][gc       ] [OBJCREAT 274010450 25425 13754368 : 90.829932 ]
[90.830s][info][gc       ] [HMSV All : 0 0 80 0 0 0 0 0 : 4960 0 0 0 : 90.829955 ]
[90.830s][info][gc       ] [HMSP 9 : 41100 0 : 90.829955 ]
[90.830s][info][gc       ] [VMAC 65530 166 24 435 625 : 90.830479 ]
[90.991s][info][gc       ] [GPGC-H  3941.3 434.0 0.4 0.0 : 42.4 : 0.000 0.000 : 0.000 0.000 0.640 1.133 : 0.000 0.000 0.000 0.000 1.713 0.337 : 0.000 : 87.095 : 898 1796 30 0 : 2275 : 4608 4424 : 90.990957 : 9 Next_heuristic_check_may_be_too_late ]
[90.993s][info][safepoint] Application time: 0.1639302 seconds
[90.994s][info][safepoint] Total time for which application threads were stopped: 0.0003132 seconds, Stopping threads took: 0.0000004 seconds
[90.994s][info][gc       ] [SPS 0.000 0.003 0.002 0.006 0.000 0.001 0.000 0.287 0.019 0.313 NewGC_pause1 90.993436 ]
[91.061s][info][safepoint] Application time: 0.0670182 seconds
[91.061s][info][safepoint] Total time for which application threads were stopped: 0.0002153 seconds, Stopping threads took: 0.0000004 seconds
[91.062s][info][gc       ] [SPS 0.000 0.001 0.000 0.007 0.000 0.001 0.000 0.177 0.031 0.215 NewGC_pause2 91.060670 ]
[91.063s][info][safepoint] Application time: 0.0024839 seconds
[91.064s][info][safepoint] Total time for which application threads were stopped: 0.0001418 seconds, Stopping threads took: 0.0000004 seconds
[91.064s][info][gc       ] [SPS 0.000 0.000 0.000 0.006 0.000 0.001 0.000 0.102 0.032 0.142 NewGC_pause3 91.063296 ]
[91.065s][info][safepoint] Application time: 0.0011422 seconds
[91.065s][info][safepoint] Total time for which application threads were stopped: 0.0000710 seconds, Stopping threads took: 0.0000005 seconds
[91.065s][info][gc       ] [SPS 0.000 0.003 0.002 0.006 0.000 0.001 0.000 0.049 0.014 0.071 NewGC_pause4 91.064509 ]
[91.065s][info][gc       ] [GCH                          : heap usage MB                                                        : gens MB                        : heap info MB                : pages                              : intercycle               intracycle               : gc            : threads  delay       failed      paced       : gc    pause 1   pause 2   pause 3   pause 4   : end]
[91.065s][info][gc       ] [GCH type label tot_ct-cyc_ct : max peak cur pcommit ppause upause rss codec_cap codec monitors jsys : new old perm internal gen-peak : live frag found cllctd lmtd : prom reloc noreloc rspike sm md lg : sec alloc-rate perm-rate sec alloc-rate perm-rate : thrds md diag : tot      cnt avg max cnt avg max cnt avg max : start start dur start dur start dur start dur : end]
[91.065s][info][gc       ] [SYSINFOH sysMemUsed cacheActiveFile cacheInactiveFile cacheActiveAnon cacheInactiveAnon swapCached buffers unevictable mlocked mapped : totalSysZingMemAcrossPartitions sysZingMemTot sysZingReservableUsed sysZingReservableTot sysZingContMemUsed sysZingContMemTot sysZingPPMemUsed sysZingPPMemTot : swapUsed swapMax : load1 load5 load15 : pageIn pageOut : swapPageIn swapPageOut : majorFaults cMajorFaults : processes procsRunning procsBlocked procsTotal : cgMem_limit_bytes cgMem_usage_bytes cgMem_max_usage_bytes cgMem_total_rss_bytes cgMem_total_shmem_bytes cgMem_total_active_file_bytes cgMem_total_inactive_file_bytes : cgCPU_usage_ms cgCPU_user_usage_ms cgCPU_system_usage_ms cgCPU_throttle_nof_periods cgCPU_throttle_nof_throttle cgCPU_throttle_throttled_ms : end(s) ]
[91.065s][info][gc       ] [HUGEPAGESTATH compact_stall compact_success compact_fail compact_pages_moved thp_fault_alloc thp_fault_fallback thp_file_alloc : anon_huge_pages shmem_pmd_mapped shmem_huge_pages : end(s) ]
[91.065s][info][gc       ] [OBJCREATH newGen(kB) permGen(kB) oldGen(kB) : end(s)]
[91.065s][info][gc       ] [VMACH vmaMax vmaStack vmaHeap vmaOther vmaCount : end(s)]
[91.065s][info][gc       ] [HMSVH gen : maps mapStomps mapReuses mapMisses cacheHits cacheMisses cachePartFlushes cacheFullFlushes : watermark cached cachedMin cachedMax : end(s)]
[91.065s][info][gc       ] [HMSPH maps : mapped unmapped : end(s)]
[91.065s][info][gc       ] [GPGC-HH Model MB/sec . .             : KIDRate : EstTime secs : Throttled GC Threads EstTime secs                    : CPU EstTime secs                                                      : Pause EstTime secs : EstTime percent : Sizes MB . .        : KIDCount  : Target MB   : Time(secs) : Heuristic ]
[91.065s][info][gc       ] [GPGC-HH NewGen OldGen PermGen Direct : KID/sec : NewGC OldGC  : NewGC_Model1 OldGC_Model1 NewGC_Model2 OldGC_Model2  : NewCPU OldCPU NewCPU_Model1 OldCPU_Model1 NewCPU_Model2 OldCPU_Model2 : NewGC_pause1       : NewGC_time      : New Old Perm Direct : KID       : Heap NewGen : Time       : ReasonCode ReasonString ]
[91.065s][info][gc       ] [COMPSTATSH      : Threads      : CompQueue   : StashQueue  : CompileCounts                                                                                                : StashCounts                                                                                              : TotalTimes ms                         : WaitTimes Histogram                                               : CompileTimes Histogram ]
[91.065s][info][gc       ] [COMPSTATSH Tier : Total Active : Peak Active : Peak Active : FullMethodCompiles OSRMethodCompiles MethodFailToInstall OSRFailToInstall FullMethodEvicted OSRMethodEvicted : MethodStashCompiles OSRStashCompiles MethodStashFailed OSRStashFailed MethodStashEvicted OSRStashEvicted : CPUTime WallClockTime WaitInQueueTime : 0-9 10-99 100-999 1000-9999 10000-99999 100000-999999 1000000-INF : 0-9 10-99 100-999 1000-9999 10000-99999 100000-999999 1000000-INF ]
[91.065s][info][gc       ] [DEOPTSTATSH : deoptimization : deoptimization_frame : deopt_on_throw : unloaded : cha : non_static_final_fields : unreached_if : unreached_call : athrow : null_check : div0_check : range_check : range_check_widened : cast_check : unhandled : predicate : loop_limit_check : array_store_check : uninitialized : unloaded_array_class : unexpected_klass_mono : unexpected_klass_bi : unexpected_klass_tri : unexpected_null_cast : intrinsic_check : Reason_fast_intrinsic_check : install_async_ex : new_exception : jvmti : static_in_clinit : stuck_in_loop : tier1_patch_volatile_field : too_many_compiles : deopt_a_lot : uncounted_loop_speculation_failed : loop_nest_speculation_failed : inacc_field_null_rcvr : new_gen_oop_assumption_failed : Reason_devirt_no_profile : unreached_jump : effectively_final_fields : unreached_switch_case ]
[91.065s][info][gc       ] [DEOPTSTATSH Tier : Entr NonEntr : Entr NonEntr : Entr NonEntr : Entr NonEntr : Entr NonEntr : Entr NonEntr : Entr NonEntr : Entr NonEntr : Entr NonEntr : Entr NonEntr : Entr NonEntr : Entr NonEntr : Entr NonEntr : Entr NonEntr : Entr NonEntr : Entr NonEntr : Entr NonEntr : Entr NonEntr : Entr NonEntr : Entr NonEntr : Entr NonEntr : Entr NonEntr : Entr NonEntr : Entr NonEntr : Entr NonEntr : Entr NonEntr : Entr NonEntr : Entr NonEntr : Entr NonEntr : Entr NonEntr : Entr NonEntr : Entr NonEntr : Entr NonEntr : Entr NonEntr : Entr NonEntr : Entr NonEntr : Entr NonEntr : Entr NonEntr : Entr NonEntr : Entr NonEntr : Entr NonEntr : Entr NonEntr ]
[91.066s][info][gc       ] [CCFH queuedForFlush queuedForFlushSize flushed flushedSize freedTotal freedTotalSize : bytesAllTypes : c2i2cAdapters c2i2cAdaptersBytes : methodStubs methodStubsBytes : nativeWrappers nativeWrappersBytes : tier1Compiles tier1CompilesBytes : tier2Compiles tier2CompilesBytes : objMonitors objMonitorsBytes : vtables vtablesBytes : mhAdapters mhAdaptersBytes ]
[91.067s][info][gc       ] [GC New Max 301-281 : 5120 3174 2272 5120 - - 1051 56 2 2 - : 262 1796 30 184 1164 : 258 4 905 905 0 : 0 1 129 0 131 - 0 : 0.161922 4001.9 0.0 0.073382 3624.9 0.0 : 3 --c 0000 : 23 0 0.000 0.000 0 0.000 0.000 0 0.000 0.000 : 90.991518 90.993123 0.000207 91.060455 0.000123 91.063154 0.000056 91.064438 0.000053 : 91.064900 ]
[91.067s][info][gc       ] [SYSINFO 7333 227 63 0 6776 0 30 0 0 5703 : - - - - - - - - : 0 7168 : 3.37 3.12 2.10 : 292739 4277856 : 0 0 : 19 0 : 3877 2 0 261 : - 7410520064 682364928 1199685632 5905219584 238166016 67043328 : 140073237 30042510 738880 0 0 0 : 91.066614 ]
[91.067s][info][gc       ] [HUGEPAGESTAT 0 0 0 - 110774 0 0 : 393216 0 0 : 91.066614 ]
[91.067s][info][gc       ] [OBJCREAT 274920080 25425 13754368 : 91.066655 ]
[91.067s][info][gc       ] [HMSV All : 0 0 80 0 0 0 0 0 : 4960 0 0 0 : 91.066669 ]
[91.067s][info][gc       ] [HMSP 9 : 41100 0 : 91.066669 ]
[91.067s][info][gc       ] [VMAC 65530 166 24 435 625 : 91.067163 ]
[91.229s][info][gc       ] [GPGC-H  3941.3 395.3 0.4 0.0 : 38.6 : 0.000 0.000 : 0.000 0.000 0.633 1.133 : 0.000 0.000 0.000 0.000 1.697 0.337 : 0.000 : 86.491 : 920 1796 30 0 : 2275 : 4608 4424 : 91.228594 : 9 Next_heuristic_check_may_be_too_late ]
[91.231s][info][safepoint] Application time: 0.1663194 seconds
[91.232s][info][safepoint] Total time for which application threads were stopped: 0.0002148 seconds, Stopping threads took: 0.0000004 seconds
[91.232s][info][gc       ] [SPSH lock suspend gclocker notify wait resuspend cleanup op_time wakeup total(ms) op_name end(s) ]
[91.232s][info][gc       ] [SPS 0.000 0.003 0.003 0.006 0.000 0.001 0.000 0.194 0.013 0.215 NewGC_pause1 91.231043 ]
[91.292s][info][safepoint] Application time: 0.0608091 seconds
[91.293s][info][safepoint] Total time for which application threads were stopped: 0.0001487 seconds, Stopping threads took: 0.0000004 seconds
[91.293s][info][gc       ] [SPS 0.000 0.001 0.000 0.006 0.000 0.001 0.000 0.123 0.019 0.149 NewGC_pause2 91.292001 ]
[91.294s][info][safepoint] Application time: 0.0021751 seconds
[91.295s][info][safepoint] Total time for which application threads were stopped: 0.0000933 seconds, Stopping threads took: 0.0000004 seconds
[91.295s][info][gc       ] [SPS 0.000 0.000 0.000 0.007 0.000 0.012 0.000 0.061 0.013 0.093 NewGC_pause3 91.294270 ]
[91.296s][info][safepoint] Application time: 0.0011753 seconds
[91.296s][info][safepoint] Total time for which application threads were stopped: 0.0000784 seconds, Stopping threads took: 0.0000004 seconds
[91.296s][info][gc       ] [SPS 0.000 0.002 0.002 0.006 0.000 0.001 0.000 0.058 0.013 0.078 NewGC_pause4 91.295524 ]
[91.296s][info][gc       ] [GC New Max 302-282 : 5120 3188 2264 5120 - - 1051 56 2 2 - : 254 1796 30 184 1178 : 250 4 927 927 0 : 0 1 125 0 127 - 0 : 0.164245 4018.4 0.0 0.066728 3866.4 0.0 : 3 --c 0000 : 23 0 0.000 0.000 0 0.000 0.000 0 0.000 0.000 : 91.229145 91.230829 0.000195 91.291853 0.000085 91.294176 0.000076 91.295445 0.000063 : 91.295874 ]
[91.296s][info][gc       ] [SYSINFO 7333 227 63 0 6776 0 30 0 0 5703 : - - - - - - - - : 0 7168 : 3.37 3.12 2.10 : 292739 4277856 : 0 0 : 19 0 : 3877 2 0 261 : - 7410520064 682364928 1199685632 5905219584 238166016 67043328 : 140073237 30042910 738920 0 0 0 : 91.296112 ]
[91.296s][info][gc       ] [HUGEPAGESTAT 0 0 0 - 110774 0 0 : 393216 0 0 : 91.296112 ]
[91.296s][info][gc       ] [OBJCREAT 275825556 25425 13754368 : 91.296153 ]
[91.296s][info][gc       ] [HMSV All : 0 0 80 0 0 0 0 0 : 4960 0 0 0 : 91.296168 ]
[91.296s][info][gc       ] [HMSP 9 : 41100 0 : 91.296168 ]
[91.297s][info][gc       ] [VMAC 65530 166 24 435 625 : 91.296575 ]
[91.458s][info][gc       ] [GPGC-H  3941.3 395.3 0.4 0.0 : 38.6 : 0.000 0.000 : 0.000 0.000 0.627 1.133 : 0.000 0.000 0.000 0.000 1.680 0.337 : 0.000 : 85.879 : 918 1796 30 0 : 2275 : 4608 4424 : 91.458058 : 9 Next_heuristic_check_may_be_too_late ]
[91.460s][info][safepoint] Application time: 0.1647023 seconds
[91.461s][info][safepoint] Total time for which application threads were stopped: 0.0002065 seconds, Stopping threads took: 0.0000008 seconds
[91.461s][info][gc       ] [SPS 0.000 0.003 0.004 0.011 0.001 0.001 0.001 0.180 0.013 0.206 NewGC_pause1 91.460433 ]
[91.533s][info][safepoint] Application time: 0.0725075 seconds
[91.534s][info][safepoint] Total time for which application threads were stopped: 0.0001712 seconds, Stopping threads took: 0.0000004 seconds
[91.534s][info][gc       ] [SPS 0.000 0.001 0.000 0.006 0.000 0.001 0.000 0.146 0.018 0.171 NewGC_pause2 91.533112 ]
[91.535s][info][safepoint] Application time: 0.0017625 seconds
[91.535s][info][safepoint] Total time for which application threads were stopped: 0.0000631 seconds, Stopping threads took: 0.0000004 seconds
[91.536s][info][gc       ] [SPS 0.000 0.000 0.000 0.006 0.000 0.001 0.000 0.042 0.014 0.063 NewGC_pause3 91.534937 ]
[91.536s][info][safepoint] Application time: 0.0010030 seconds
[91.536s][info][safepoint] Total time for which application threads were stopped: 0.0000669 seconds, Stopping threads took: 0.0000004 seconds
[91.537s][info][gc       ] [SPS 0.000 0.003 0.002 0.006 0.000 0.001 0.000 0.044 0.016 0.067 NewGC_pause4 91.536007 ]
[91.537s][info][gc       ] [GC New Max 303-283 : 5120 3198 2276 5120 - - 1051 56 2 2 - : 266 1796 30 184 1188 : 262 4 925 925 0 : 0 1 131 0 133 - 0 : 0.162678 4094.0 0.0 0.077713 3474.3 0.0 : 3 --c 0000 : 23 0 0.000 0.000 0 0.000 0.000 0 0.000 0.000 : 91.458552 91.460226 0.000188 91.532940 0.000106 91.534874 0.000044 91.535940 0.000047 : 91.536265 ]
[91.537s][info][gc       ] [SYSINFO 7333 227 63 0 6776 0 30 0 0 5703 : - - - - - - - - : 0 7168 : 3.37 3.12 2.10 : 292739 4277856 : 0 0 : 19 0 : 3877 2 0 261 : - 7410520064 682364928 1199685632 5905219584 238166016 67043328 : 140073237 30043320 738920 0 0 0 : 91.536514 ]
[91.537s][info][gc       ] [HUGEPAGESTAT 0 0 0 - 110774 0 0 : 393216 0 0 : 91.536514 ]
[91.537s][info][gc       ] [OBJCREAT 276752317 25425 13754368 : 91.536553 ]
[91.537s][info][gc       ] [HMSV All : 0 0 80 0 0 0 0 0 : 4960 0 0 0 : 91.536571 ]
[91.537s][info][gc       ] [HMSP 9 : 41100 0 : 91.536571 ]
[91.537s][info][gc       ] [VMAC 65530 166 24 435 625 : 91.536950 ]
[91.676s][info][gc       ] [GPGC-H  3941.3 395.3 0.4 0.0 : 38.6 : 0.000 0.000 : 0.000 0.000 0.621 1.133 : 0.000 0.000 0.000 0.000 1.664 0.337 : 0.000 : 85.288 : 868 1796 30 0 : 2275 : 4608 4424 : 91.675522 : 9 Next_heuristic_check_may_be_too_late ]
[91.678s][info][safepoint] Application time: 0.1415808 seconds
[91.678s][info][safepoint] Total time for which application threads were stopped: 0.0003327 seconds, Stopping threads took: 0.0000004 seconds
[91.679s][info][gc       ] [SPS 0.000 0.003 0.002 0.007 0.000 0.001 0.000 0.280 0.026 0.315 NewGC_pause1 91.677921 ]
[91.743s][info][safepoint] Application time: 0.0649351 seconds
[91.744s][info][safepoint] Total time for which application threads were stopped: 0.0001380 seconds, Stopping threads took: 0.0000004 seconds
[91.744s][info][gc       ] [SPS 0.000 0.001 0.000 0.006 0.000 0.001 0.000 0.109 0.021 0.138 NewGC_pause2 91.742994 ]
[91.745s][info][safepoint] Application time: 0.0018665 seconds
[91.745s][info][safepoint] Total time for which application threads were stopped: 0.0000682 seconds, Stopping threads took: 0.0000004 seconds
[91.746s][info][gc       ] [SPS 0.000 0.000 0.000 0.007 0.000 0.001 0.000 0.045 0.016 0.068 NewGC_pause3 91.744929 ]
[91.746s][info][safepoint] Application time: 0.0011904 seconds
[91.747s][info][safepoint] Total time for which application threads were stopped: 0.0001068 seconds, Stopping threads took: 0.0000004 seconds
[91.747s][info][gc       ] [SPS 0.000 0.003 0.002 0.006 0.000 0.001 0.000 0.086 0.014 0.107 NewGC_pause4 91.746226 ]
[91.747s][info][gc       ] [GC New Max 304-284 : 5120 3142 2272 5120 - - 1051 56 2 2 - : 262 1796 30 184 1132 : 258 4 873 873 0 : 0 1 129 0 131 - 0 : 0.139676 4310.0 0.0 0.070704 3762.2 0.0 : 3 --c 0000 : 23 0 0.000 0.000 0 0.000 0.000 0 0.000 0.000 : 91.675941 91.677606 0.000251 91.742856 0.000062 91.744860 0.000047 91.746119 0.000090 : 91.746645 ]
[91.747s][info][gc       ] [SYSINFO 7333 227 63 0 6776 0 30 0 0 5703 : - - - - - - - - : 0 7168 : 3.37 3.12 2.10 : 292739 4277876 : 0 0 : 24 0 : 3877 2 0 261 : - 7410520064 682364928 1199685632 5905219584 238166016 67043328 : 140073237 30043710 738920 0 0 0 : 91.746889 ]
[91.747s][info][gc       ] [HUGEPAGESTAT 0 0 0 - 110774 0 0 : 393216 0 0 : 91.746889 ]
[91.747s][info][gc       ] [OBJCREAT 277612604 25425 13754368 : 91.746948 ]
[91.747s][info][gc       ] [HMSV All : 0 0 80 0 0 0 0 0 : 4960 0 0 0 : 91.746964 ]
[91.747s][info][gc       ] [HMSP 9 : 41100 0 : 91.746964 ]
[91.747s][info][gc       ] [VMAC 65530 166 24 435 625 : 91.747347 ]
[91.886s][info][gc       ] [GPGC-H  3941.3 395.3 0.4 0.0 : 38.6 : 0.000 0.000 : 0.000 0.000 0.616 1.133 : 0.000 0.000 0.000 0.000 1.649 0.337 : 0.000 : 84.788 : 858 1796 30 0 : 2275 : 4608 4424 : 91.886188 : 9 Next_heuristic_check_may_be_too_late ]
[91.888s][info][safepoint] Application time: 0.1419293 seconds
[91.889s][info][safepoint] Total time for which application threads were stopped: 0.0002497 seconds, Stopping threads took: 0.0000004 seconds
[91.889s][info][gc       ] [SPS 0.000 0.003 0.002 0.005 0.000 0.001 0.000 0.210 0.034 0.250 NewGC_pause1 91.888405 ]
[91.958s][info][safepoint] Application time: 0.0691955 seconds
[91.958s][info][safepoint] Total time for which application threads were stopped: 0.0001665 seconds, Stopping threads took: 0.0000004 seconds
[91.959s][info][gc       ] [SPS 0.000 0.001 0.000 0.006 0.000 0.001 0.000 0.139 0.020 0.167 NewGC_pause2 91.957768 ]
[91.960s][info][safepoint] Application time: 0.0019271 seconds
[91.960s][info][safepoint] Total time for which application threads were stopped: 0.0000797 seconds, Stopping threads took: 0.0000004 seconds
[91.960s][info][gc       ] [SPS 0.000 0.001 0.000 0.006 0.000 0.001 0.000 0.059 0.013 0.080 NewGC_pause3 91.959775 ]
[91.961s][info][safepoint] Application time: 0.0012186 seconds
[91.961s][info][safepoint] Total time for which application threads were stopped: 0.0001224 seconds, Stopping threads took: 0.0000004 seconds
[91.962s][info][gc       ] [SPS 0.000 0.002 0.002 0.006 0.000 0.001 0.000 0.102 0.013 0.122 NewGC_pause4 91.961116 ]
[91.962s][info][gc       ] [GC New Max 305-285 : 5120 3126 2264 5120 - - 1051 56 2 2 - : 254 1796 30 184 1116 : 250 4 865 865 0 : 0 1 125 0 127 - 0 : 0.140030 4270.5 0.0 0.074767 3450.7 0.0 : 3 --c 0000 : 23 0 0.000 0.000 0 0.000 0.000 0 0.000 0.000 : 91.886675 91.888156 0.000175 91.957601 0.000092 91.959695 0.000061 91.960993 0.000107 : 91.961442 ]
[91.962s][info][gc       ] [SYSINFO 7333 227 63 0 6776 0 30 0 0 5703 : - - - - - - - - : 0 7168 : 3.37 3.12 2.10 : 292739 4277876 : 0 0 : 24 0 : 3877 2 0 261 : - 7410520064 682364928 1199685632 5905219584 238166016 67043328 : 140073237 30044110 738920 0 0 0 : 91.961666 ]
[91.962s][info][gc       ] [HUGEPAGESTAT 0 0 0 - 110774 0 0 : 393216 0 0 : 91.961666 ]
[91.962s][info][gc       ] [OBJCREAT 278458283 25425 13754368 : 91.961708 ]
[91.962s][info][gc       ] [HMSV All : 0 0 80 0 0 0 0 0 : 4960 0 0 0 : 91.961722 ]
[91.962s][info][gc       ] [HMSP 9 : 41100 0 : 91.961722 ]
[91.962s][info][gc       ] [VMAC 65530 166 24 435 625 : 91.962101 ]
[92.098s][info][gc       ] [GPGC-H  3941.3 395.3 0.4 0.0 : 38.6 : 0.000 0.000 : 0.000 0.000 0.611 1.133 : 0.000 0.000 0.000 0.000 1.634 0.337 : 0.000 : 84.294 : 1078 1796 30 0 : 2275 : 4608 4424 : 92.097963 : 9 Next_heuristic_check_may_be_too_late ]
[92.101s][info][safepoint] Application time: 0.1396525 seconds
[92.102s][info][safepoint] Total time for which application threads were stopped: 0.0003130 seconds, Stopping threads took: 0.0000004 seconds
[92.102s][info][gc       ] [SPS 0.000 0.003 0.002 0.007 0.000 0.001 0.000 0.285 0.019 0.313 NewGC_pause1 92.101081 ]
[92.276s][info][safepoint] Application time: 0.1747416 seconds
[92.277s][info][safepoint] Total time for which application threads were stopped: 0.0001369 seconds, Stopping threads took: 0.0000017 seconds
[92.277s][info][gc       ] [SPS 0.000 0.001 0.000 0.006 0.002 0.001 0.000 0.110 0.019 0.137 NewGC_pause2 92.275960 ]
[92.281s][info][safepoint] Application time: 0.0048088 seconds
[92.281s][info][safepoint] Total time for which application threads were stopped: 0.0001305 seconds, Stopping threads took: 0.0000004 seconds
[92.281s][info][gc       ] [SPS 0.000 0.000 0.000 0.005 0.000 0.001 0.000 0.095 0.029 0.131 NewGC_pause3 92.280899 ]
[92.282s][info][safepoint] Application time: 0.0011823 seconds
[92.283s][info][safepoint] Total time for which application threads were stopped: 0.0000666 seconds, Stopping threads took: 0.0000004 seconds
[92.283s][info][gc       ] [SPS 0.000 0.010 0.001 0.005 0.000 0.001 0.000 0.045 0.015 0.067 NewGC_pause4 92.282148 ]
[92.283s][info][gc       ] [GC New Max 306-286 : 5120 4524 3878 5120 - - 1051 56 2 2 - : 1866 1796 30 184 2514 : 1848 13 663 663 0 : 0 2 706 0 788 - 145 : 0.137226 6063.0 0.0 0.183969 7816.5 0.0 : 3 --c 0000 : 23 16 0.000 0.000 0 0.000 0.000 16 0.000 0.000 : 92.098668 92.100768 0.000244 92.275823 0.000051 92.280769 0.000047 92.282082 0.000047 : 92.282638 ]
[92.283s][info][gc       ] [SYSINFO 7333 227 63 0 6776 0 30 0 0 5703 : - - - - - - - - : 0 7168 : 3.37 3.12 2.10 : 292739 4277876 : 0 0 : 24 0 : 3877 3 0 261 : - 7410520064 682364928 1199685632 5905219584 238166016 67043328 : 140073237 30044940 738970 0 0 0 : 92.282891 ]
[92.283s][info][gc       ] [HUGEPAGESTAT 0 0 0 - 110774 0 0 : 393216 0 0 : 92.282891 ]
[92.283s][info][gc       ] [OBJCREAT 280705794 25425 13754368 : 92.282931 ]
[92.283s][info][gc       ] [HMSV All : 0 0 90 0 0 0 0 0 : 4960 0 0 0 : 92.282949 ]
[92.283s][info][gc       ] [HMSP 9 : 41100 0 : 92.282949 ]
[92.283s][info][gc       ] [GPGC-H  4286.1 395.3 0.4 0.0 : 38.6 : 0.000 0.000 : 0.000 0.000 0.604 1.133 : 0.000 0.000 0.000 0.000 1.614 0.337 : 0.000 : 83.896 : 1874 1796 30 0 : 2275 : 4608 4424 : 92.283388 : 8 May_exceed_heap_occupancy_target ]
[92.283s][info][gc       ] [VMAC 65530 166 24 435 625 : 92.283432 ]
[92.288s][info][safepoint] Application time: 0.0058917 seconds
[92.288s][info][safepoint] Total time for which application threads were stopped: 0.0001268 seconds, Stopping threads took: 0.0000004 seconds
[92.288s][info][gc       ] [SPS 0.000 0.000 0.003 0.005 0.000 0.001 0.000 0.106 0.014 0.127 NewGC_pause1 92.288167 ]
[92.887s][info][safepoint] Application time: 0.5990305 seconds
[92.888s][info][safepoint] Total time for which application threads were stopped: 0.0001643 seconds, Stopping threads took: 0.0000005 seconds
[92.889s][info][gc       ] [SPS 0.000 0.001 0.000 0.006 0.000 0.001 0.000 0.136 0.020 0.164 NewGC_pause2 92.887362 ]
[92.890s][info][safepoint] Application time: 0.0025360 seconds
[92.890s][info][safepoint] Total time for which application threads were stopped: 0.0001820 seconds, Stopping threads took: 0.0000004 seconds
[92.891s][info][gc       ] [SPS 0.000 0.000 0.000 0.006 0.000 0.001 0.000 0.154 0.020 0.182 NewGC_pause3 92.890080 ]
[92.893s][info][safepoint] Application time: 0.0023753 seconds
[92.893s][info][safepoint] Total time for which application threads were stopped: 0.0000709 seconds, Stopping threads took: 0.0000005 seconds
[92.893s][info][gc       ] [SPS 0.000 1.080 0.002 0.007 0.001 0.001 0.000 0.042 0.020 0.071 NewGC_pause4 92.892526 ]
[92.893s][info][gc       ] [GC NTO Max 307-287 : 5120 4480 4308 5120 - - 1051 56 2 2 - : 2298 1796 30 184 2470 : 2279 10 182 182 0 : 0 2 282 0 1094 - 55 : 0.000917 10900.7 0.0 0.609360 987.9 0.0 : 3 --c 0000 : 23 0 0.000 0.000 0 0.000 0.000 0 0.000 0.000 : 92.283555 92.288040 0.000107 92.887198 0.000091 92.889898 0.000060 92.892455 0.000047 : 92.892915 ]
[92.893s][info][gc       ] [SYSINFO 7333 227 63 0 6776 0 30 0 0 5703 : - - - - - - - - : 0 7168 : 3.37 3.12 2.10 : 292739 4277876 : 0 0 : 24 0 : 3877 2 0 261 : - 7410520064 682364928 1199685632 5905219584 238166016 67043328 : 140073237 30047390 738980 0 0 0 : 92.893161 ]
[92.893s][info][gc       ] [HUGEPAGESTAT 0 0 0 - 110774 0 0 : 393216 0 0 : 92.893161 ]
[92.893s][info][gc       ] [OBJCREAT 281308823 25489 13754368 : 92.893221 ]
[92.893s][info][gc       ] [HMSV All : 0 0 90 0 0 0 0 0 : 4960 0 0 0 : 92.893235 ]
[92.893s][info][gc       ] [HMSP 9 : 41100 0 : 92.893235 ]
[92.894s][info][gc       ] [VMAC 65530 166 24 435 625 : 92.893689 ]
[92.894s][info][safepoint] Application time: 0.0009168 seconds
[92.894s][info][safepoint] Total time for which application threads were stopped: 0.0006631 seconds, Stopping threads took: 0.0000004 seconds
[92.894s][info][gc       ] [SPS 0.000 0.000 0.000 0.006 0.000 0.001 0.000 0.642 0.014 0.663 OldGC_pause2 92.894106 ]
[92.900s][info][safepoint] Application time: 0.0056762 seconds
[92.900s][info][safepoint] Total time for which application threads were stopped: 0.0000478 seconds, Stopping threads took: 0.0000004 seconds
[92.900s][info][gc       ] [SPS 0.000 0.000 0.000 0.005 0.000 0.001 0.000 0.030 0.011 0.048 OldGC_pause3 92.899830 ]
[92.908s][info][safepoint] Application time: 0.0080416 seconds
[92.908s][info][safepoint] Total time for which application threads were stopped: 0.0000712 seconds, Stopping threads took: 0.0000004 seconds
[92.908s][info][gc       ] [SPS 0.000 0.002 0.002 0.006 0.000 0.001 0.000 0.046 0.019 0.071 OldGC_pause4 92.907943 ]
[92.908s][info][gc       ] [GC Old Max 308-21 : 5120 4524 2572 5120 - - 1051 56 2 2 - : 2352 8 28 184 1828 : 26 8 1790 1790 0 : 0 4 0 0 18 - 0 : 6.012850 6.7 0.0 0.623409 0.0 0.0 : 1 --c 0000 : 23   -    -    -    -    -    -    -    -    -  : 92.284895 92.288040 0.000107 92.893443 0.000645 92.899783 0.000033 92.907872 0.000049 : 92.908304 ]
[92.909s][info][gc       ] [SYSINFO 7333 227 63 0 6776 0 30 0 0 5703 : - - - - - - - - : 0 7168 : 3.37 3.12 2.10 : 292739 4277876 : 0 0 : 24 0 : 3877 2 0 261 : - 7410520064 682364928 1199685632 5905219584 238166016 67043328 : 140073237 30047410 738980 0 0 0 : 92.908480 ]
[92.909s][info][gc       ] [HUGEPAGESTAT 0 0 0 - 110774 0 0 : 393216 0 0 : 92.908480 ]
[92.909s][info][gc       ] [OBJCREAT 281362344 25489 13754368 : 92.908516 ]
[92.909s][info][gc       ] [HMSV All : 0 0 90 0 0 0 0 0 : 4960 0 0 0 : 92.908528 ]
[92.909s][info][gc       ] [HMSP 9 : 41100 0 : 92.908528 ]
[92.909s][info][gc       ] [COMPSTATS 1 : 5 0 : 1 0 : 0 0 : 522 5 0 0 0 0 : 0 0 0 0 0 0 : 144 145 12 : 527 0 0 0 0 0 0 : 527 0 0 0 0 0 0 ]
[92.909s][info][gc       ] [COMPSTATS 2 : 5 0 : 1 0 : 0 0 : 132 11 0 0 0 0 : 0 0 0 0 0 0 : 52677 52713 7789 : 77 42 24 0 0 0 0 : 39 84 14 5 1 0 0 ]
[92.909s][info][gc       ] [DEOPTSTATS 1 : 0 0 : 0 0 : 0 0 : 0 0 : 0 11 : 0 0 : 0 0 : 0 0 : 0 0 : 0 0 : 0 0 : 0 0 : 0 0 : 0 0 : 0 0 : 0 0 : 0 0 : 0 0 : 0 0 : 0 0 : 0 0 : 0 0 : 0 0 : 0 0 : 0 0 : 0 0 : 0 0 : 0 0 : 0 0 : 0 0 : 6 0 : 0 0 : 0 0 : 0 0 : 0 0 : 0 0 : 0 0 : 0 0 : 0 0 : 0 0 : 0 0 : 0 0 ]
[92.909s][info][gc       ] [DEOPTSTATS 2 : 0 0 : 0 0 : 0 0 : 0 0 : 0 0 : 0 0 : 0 15 : 0 0 : 0 0 : 0 0 : 0 0 : 0 0 : 0 0 : 0 0 : 0 0 : 0 0 : 0 0 : 0 0 : 0 0 : 0 0 : 0 0 : 0 0 : 0 0 : 0 0 : 0 0 : 0 0 : 0 0 : 0 0 : 0 0 : 0 0 : 4 0 : 0 0 : 0 0 : 0 0 : 0 1 : 0 0 : 0 0 : 0 0 : 0 0 : 0 3 : 0 0 : 0 0 ]
[92.909s][info][gc       ] [CCF 0 0 0 0 33 230912: 3083264 : 380 196608 : 3 49152 : 317 311808 :  516 639488 : 121 422400 : 0 0 : 15 1228800 : 1 2048]
[92.909s][info][gc       ] [VMAC 65530 166 24 435 625 : 92.908906 ]
[92.916s][info][gc       ] [GPGC-H  4286.1 395.3 0.4 0.0 : 38.6 : 0.000 0.000 : 0.000 0.000 0.609 0.999 : 0.000 0.000 0.000 0.000 1.614 0.294 : 0.000 : 99.850 : 2382 8 28 0 : 2275 : 4608 4424 : 92.915513 : 9 Next_heuristic_check_may_be_too_late ]
[92.918s][info][safepoint] Application time: 0.0100488 seconds
[92.918s][info][safepoint] Total time for which application threads were stopped: 0.0001824 seconds, Stopping threads took: 0.0000004 seconds
[92.919s][info][gc       ] [SPS 0.000 0.001 0.002 0.006 0.000 0.001 0.000 0.157 0.019 0.183 NewGC_pause1 92.918176 ]
[93.433s][info][safepoint] Application time: 0.5143958 seconds
[93.433s][info][safepoint] Total time for which application threads were stopped: 0.0001354 seconds, Stopping threads took: 0.0000004 seconds
[93.434s][info][gc       ] [SPS 0.000 0.001 0.000 0.006 0.000 0.001 0.000 0.108 0.020 0.136 NewGC_pause2 93.432706 ]
[93.435s][info][safepoint] Application time: 0.0024022 seconds
[93.436s][info][safepoint] Total time for which application threads were stopped: 0.0001124 seconds, Stopping threads took: 0.0000004 seconds
[93.436s][info][gc       ] [SPS 0.000 0.000 0.000 0.006 0.000 0.001 0.000 0.090 0.014 0.112 NewGC_pause3 93.435221 ]
[93.452s][info][safepoint] Application time: 0.0169169 seconds
[93.453s][info][safepoint] Total time for which application threads were stopped: 0.0002350 seconds, Stopping threads took: 0.0000006 seconds
[93.453s][info][gc       ] [SPS 0.000 0.003 0.004 0.016 0.001 0.001 0.000 0.179 0.039 0.235 NewGC_pause4 93.452373 ]
[93.569s][info][gc       ] [GC New Max 309-288 : 5120 4358 4200 5120 - - 1051 56 2 2 - : 3980 8 28 184 4072 : 3444 10 617 617 93 : 0 309 841 0 1935 - 55 : 0.022729 3695.7 0.0 0.652922 3246.9 0.0 : 3 --c 0000 : 23 0 0.000 0.000 0 0.000 0.000 0 0.000 0.000 : 92.915643 92.917992 0.000108 93.432571 0.000067 93.435108 0.000094 93.452138 0.000157 : 93.568566 ]
[93.569s][info][gc       ] [SYSINFO 7333 227 63 0 6776 0 30 0 0 5703 : - - - - - - - - : 0 7168 : 3.37 3.12 2.10 : 292739 4277876 : 0 0 : 24 0 : 3877 2 0 261 : - 7410520064 682364928 1199685632 5905219584 238166016 67043328 : 140073237 30049990 739050 0 0 0 : 93.568863 ]
[93.569s][info][gc       ] [HUGEPAGESTAT 0 0 0 - 110774 0 0 : 393216 0 0 : 93.568863 ]
[93.569s][info][gc       ] [OBJCREAT 283493589 25489 13754368 : 93.568912 ]
[93.569s][info][gc       ] [HMSV All : 0 0 90 0 0 0 0 0 : 4960 0 0 0 : 93.568930 ]
[93.569s][info][gc       ] [HMSP 9 : 41100 0 : 93.568930 ]
[93.569s][info][gc       ] [VMAC 65530 166 24 435 625 : 93.569442 ]
[93.616s][info][gc       ] [GPGC-H  4286.1 354.8 0.3 0.0 : 34.6 : 0.000 0.000 : 0.000 0.000 0.653 0.999 : 0.000 0.000 0.000 0.000 1.614 0.294 : 0.000 : 99.751 : 4150 8 28 0 : 2275 : 4608 4424 : 93.615732 : 9 Next_heuristic_check_may_be_too_late ]
[93.620s][info][safepoint] Application time: 0.1677870 seconds
[93.621s][info][safepoint] Total time for which application threads were stopped: 0.0003326 seconds, Stopping threads took: 0.0000004 seconds
[93.621s][info][gc       ] [SPS 0.000 0.003 0.003 0.006 0.000 0.001 0.000 0.307 0.018 0.333 NewGC_pause1 93.620493 ]
[94.171s][info][safepoint] Application time: 0.5501048 seconds
[94.171s][info][safepoint] Total time for which application threads were stopped: 0.0001384 seconds, Stopping threads took: 0.0000003 seconds
[94.172s][info][gc       ] [SPS 0.000 0.001 0.000 0.005 0.000 0.001 0.000 0.127 0.005 0.138 NewGC_pause2 94.170736 ]
[94.174s][info][safepoint] Application time: 0.0027863 seconds
[94.174s][info][safepoint] Total time for which application threads were stopped: 0.0001444 seconds, Stopping threads took: 0.0000004 seconds
[94.174s][info][gc       ] [SPS 0.000 0.000 0.000 0.010 0.000 0.005 0.000 0.115 0.013 0.144 NewGC_pause3 94.173667 ]
[94.175s][info][safepoint] Application time: 0.0016232 seconds
[94.176s][info][safepoint] Total time for which application threads were stopped: 0.0000705 seconds, Stopping threads took: 0.0000004 seconds
[94.176s][info][gc       ] [VMAC 65530 166 24 435 625 : 94.176369 ]
[94.176s][info][gc       ] [SPS 0.000 0.003 0.002 0.006 0.000 0.001 0.000 0.042 0.021 0.070 NewGC_pause4 94.175361 ]
[94.176s][info][gc       ] [GC New Max 310-289 : 5120 4926 2636 5120 - - 1051 56 2 2 - : 2416 8 28 184 4706 : 2310 8 2388 2388 0 : 0 2 271 0 1153 - 55 : 0.047504 3620.8 0.0 0.559517 1000.9 0.0 : 3 --c 0000 : 23 7259 0.000 0.003 0 0.000 0.000 7259 0.000 0.003 : 93.616069 93.620160 0.000268 94.170598 0.000091 94.173522 0.000128 94.175290 0.000046 : 94.175586 ]
[94.176s][info][gc       ] [SYSINFO 7333 227 63 0 6776 0 30 0 0 5703 : - - - - - - - - : 0 7168 : 3.18 3.08 2.09 : 292739 4277876 : 0 0 : 24 0 : 3877 3 0 261 : - 7410520064 682364928 1199685632 5905219584 238166016 67043328 : 140073237 30051790 739050 0 0 0 : 94.175858 ]
[94.176s][info][gc       ] [HUGEPAGESTAT 0 0 0 - 110774 0 0 : 393216 0 0 : 94.175858 ]
[94.176s][info][gc       ] [OBJCREAT 284226925 25489 13754368 : 94.175898 ]
[94.176s][info][gc       ] [HMSV All : 0 0 90 0 0 0 0 0 : 4960 0 0 0 : 94.175926 ]
[94.176s][info][gc       ] [HMSP 9 : 41100 0 : 94.175926 ]
[94.178s][info][gc       ] [GPGC-H  4180.3 354.8 0.3 0.0 : 34.6 : 0.000 0.000 : 0.000 0.000 0.650 0.999 : 0.000 0.000 0.000 0.000 1.614 0.294 : 0.000 : 99.541 : 2424 8 28 0 : 2275 : 4608 4424 : 94.177882 : 9 Next_heuristic_check_may_be_too_late ]
[94.181s][info][safepoint] Application time: 0.0053866 seconds
[94.181s][info][safepoint] Total time for which application threads were stopped: 0.0002224 seconds, Stopping threads took: 0.0000004 seconds
[94.182s][info][gc       ] [SPS 0.000 0.002 0.002 0.005 0.000 0.007 0.000 0.197 0.012 0.222 NewGC_pause1 94.180970 ]
[94.831s][info][safepoint] Application time: 0.6502395 seconds
[94.832s][info][safepoint] Total time for which application threads were stopped: 0.0001756 seconds, Stopping threads took: 0.0000004 seconds
[94.833s][info][gc       ] [SPS 0.000 0.002 0.000 0.007 0.000 0.001 0.000 0.145 0.022 0.176 NewGC_pause2 94.831385 ]
[94.834s][info][safepoint] Application time: 0.0022194 seconds
[94.834s][info][safepoint] Total time for which application threads were stopped: 0.0001147 seconds, Stopping threads took: 0.0000005 seconds
[94.834s][info][gc       ] [SPS 0.000 0.001 0.000 0.008 0.000 0.001 0.000 0.090 0.015 0.115 NewGC_pause3 94.833719 ]
[94.850s][info][safepoint] Application time: 0.0165401 seconds
[94.851s][info][safepoint] Total time for which application threads were stopped: 0.0001488 seconds, Stopping threads took: 0.0000005 seconds
[94.851s][info][gc       ] [SPS 0.000 0.003 0.003 0.006 0.000 0.001 0.000 0.120 0.021 0.149 NewGC_pause4 94.850408 ]
[95.077s][info][gc       ] [GC New Max 311-290 : 5120 4720 4720 5120 - - 1051 56 2 2 - : 3840 668 28 184 4300 : 3638 3 657 657 61 : 330 0 935 0 1865 - 55 : 0.002645 3780.2 0.0 0.898035 2955.3 0.0 : 3 --c 0000 : 23 366 0.000 0.003 0 0.000 0.000 366 0.000 0.003 : 94.178231 94.180747 0.000208 94.831210 0.000100 94.833605 0.000097 94.850260 0.000050 : 95.076267 ]
[95.077s][info][gc       ] [SYSINFO 7333 227 63 0 6776 0 30 0 0 5703 : - - - - - - - - : 0 7168 : 3.18 3.08 2.09 : 292739 4277876 : 0 0 : 24 0 : 3877 1 0 261 : - 7410520064 682364928 1199685632 5905219584 238166016 67043328 : 140073237 30055330 739050 0 0 0 : 95.076492 ]
[95.077s][info][gc       ] [HUGEPAGESTAT 0 0 0 - 110774 0 0 : 393216 0 0 : 95.076492 ]
[95.077s][info][gc       ] [OBJCREAT 286869246 25489 14352384 : 95.076537 ]
[95.077s][info][gc       ] [HMSV All : 0 0 90 0 0 0 0 0 : 4960 0 0 0 : 95.076552 ]
[95.077s][info][gc       ] [HMSP 9 : 41100 0 : 95.076552 ]
[95.077s][info][gc       ] [GPGC-H  4127.1 354.8 0.3 0.0 : 34.6 : 0.000 0.000 : 0.000 0.000 0.806 0.999 : 0.000 0.000 0.000 0.000 1.681 0.294 : 0.000 : 99.706 : 3840 668 28 0 : 2275 : 4608 4424 : 95.077454 : 3 Heap_use_exceeded_committed ]
[95.077s][info][gc       ] [VMAC 65530 166 24 435 625 : 95.076987 ]
[95.082s][info][safepoint] Application time: 0.2314683 seconds
[95.083s][info][safepoint] Total time for which application threads were stopped: 0.0003524 seconds, Stopping threads took: 0.0000003 seconds
[95.083s][info][gc       ] [SPS 0.000 0.001 0.003 0.005 0.000 0.001 0.000 0.341 0.005 0.352 NewGC_pause1 95.082229 ]
[95.524s][info][safepoint] Application time: 0.4419117 seconds
[95.525s][info][safepoint] Total time for which application threads were stopped: 0.0001909 seconds, Stopping threads took: 0.0000003 seconds
[95.526s][info][gc       ] [SPS 0.000 0.001 0.000 0.005 0.000 0.001 0.000 0.171 0.014 0.191 NewGC_pause2 95.524332 ]
[95.527s][info][safepoint] Application time: 0.0028405 seconds
[95.528s][info][safepoint] Total time for which application threads were stopped: 0.0001451 seconds, Stopping threads took: 0.0000004 seconds
[95.528s][info][gc       ] [SPS 0.000 0.000 0.000 0.005 0.000 0.001 0.000 0.120 0.019 0.145 NewGC_pause3 95.527318 ]
[95.544s][info][safepoint] Application time: 0.0167353 seconds
[95.545s][info][safepoint] Total time for which application threads were stopped: 0.0001336 seconds, Stopping threads took: 0.0000004 seconds
[95.545s][info][gc       ] [SPS 0.001 0.096 0.005 0.007 0.000 0.001 0.001 0.101 0.024 0.133 NewGC_pause4 95.544187 ]
[95.899s][info][gc       ] [GC NTO Max 312-291 : 5120 4896 3536 5120 - - 1051 56 2 2 - : 1908 1416 28 184 4016 : 1303 4 2711 2711 21 : 374 0 87 0 954 - 0 : 0.001559 0.0 0.0 0.821155 1829.1 0.0 : 3 --c 0000 : 23 5422 0.000 0.003 0 0.000 0.000 5422 0.000 0.003 : 95.077826 95.081877 0.000277 95.524141 0.000118 95.527173 0.000050 95.544053 0.000073 : 95.898981 ]
[95.899s][info][gc       ] [SYSINFO 7333 227 63 0 6776 0 30 0 0 5703 : - - - - - - - - : 0 7168 : 3.18 3.08 2.09 : 292739 4277876 : 0 0 : 24 0 : 3877 3 0 261 : - 7411195904 682364928 1200361472 5905219584 238166016 67043328 : 140073237 30058270 739060 0 0 0 : 95.899287 ]
[95.899s][info][gc       ] [HUGEPAGESTAT 0 0 0 - 110774 0 0 : 393216 0 0 : 95.899287 ]
[95.899s][info][gc       ] [OBJCREAT 288361614 25489 15118336 : 95.899349 ]
[95.899s][info][gc       ] [HMSV All : 0 0 90 0 0 0 0 0 : 4960 0 0 0 : 95.899366 ]
[95.899s][info][gc       ] [HMSP 9 : 41100 0 : 95.899366 ]
[95.900s][info][gc       ] [GPGC-H  4058.1 571.5 0.3 0.0 : 31.1 : 0.000 0.000 : 0.000 0.000 0.800 0.999 : 0.000 0.000 0.000 0.000 2.006 0.294 : 0.000 : 99.810 : 1912 1416 28 0 : 2275 : 4608 4424 : 95.900410 : 8 May_exceed_heap_occupancy_target ]
[95.900s][info][gc       ] [VMAC 65530 166 24 435 625 : 95.899883 ]
[95.906s][info][safepoint] Application time: 0.3608211 seconds
[95.906s][info][safepoint] Total time for which application threads were stopped: 0.0012583 seconds, Stopping threads took: 0.0000004 seconds
[95.907s][info][gc       ] [SPS 0.005 0.001 0.000 0.007 0.000 0.001 0.000 1.230 0.020 1.258 OldGC_pause2 95.906266 ]
[95.913s][info][safepoint] Application time: 0.0068332 seconds
[95.913s][info][safepoint] Total time for which application threads were stopped: 0.0000675 seconds, Stopping threads took: 0.0000004 seconds
[95.914s][info][gc       ] [SPS 0.000 0.001 0.000 0.006 0.000 0.001 0.000 0.040 0.021 0.068 OldGC_pause3 95.913168 ]
[95.918s][info][safepoint] Application time: 0.0043122 seconds
[95.918s][info][safepoint] Total time for which application threads were stopped: 0.0001833 seconds, Stopping threads took: 0.0000004 seconds
[95.918s][info][gc       ] [SPS 0.000 0.170 0.002 0.005 0.000 0.001 0.000 0.165 0.012 0.183 NewGC_pause1 95.917663 ]
[96.150s][info][safepoint] Application time: 0.2317451 seconds
[96.150s][info][safepoint] Total time for which application threads were stopped: 0.0001650 seconds, Stopping threads took: 0.0000004 seconds
[96.151s][info][gc       ] [SPS 0.000 0.001 0.000 0.006 0.000 0.001 0.000 0.134 0.024 0.165 NewGC_pause2 96.149573 ]
[96.152s][info][safepoint] Application time: 0.0025141 seconds
[96.153s][info][safepoint] Total time for which application threads were stopped: 0.0001728 seconds, Stopping threads took: 0.0000004 seconds
[96.153s][info][gc       ] [SPS 0.000 0.000 0.000 0.007 0.000 0.001 0.000 0.140 0.024 0.173 NewGC_pause3 96.152260 ]
[96.169s][info][safepoint] Application time: 0.0162005 seconds
[96.169s][info][safepoint] Total time for which application threads were stopped: 0.0001894 seconds, Stopping threads took: 0.0000004 seconds
[96.170s][info][gc       ] [SPS 0.000 0.005 0.009 0.007 0.000 0.001 0.000 0.143 0.038 0.189 NewGC_pause4 96.168650 ]
[96.318s][info][gc       ] [GC New Max 314-292 : 5120 4430 3480 5120 - - 1051 56 2 2 - : 1514 1754 28 184 2802 : 1218 5 1581 1581 0 : 169 0 416 0 757 - 0 : 0.006647 3009.1 0.0 0.411715 3648.2 0.0 : 3 --c 0000 : 23 29 0.000 0.000 0 0.000 0.000 29 0.000 0.000 : 95.905628 95.917479 0.000166 96.149408 0.000096 96.152087 0.000044 96.168461 0.000092 : 96.317343 ]
[96.318s][info][gc       ] [SYSINFO 7333 227 63 0 6777 0 30 0 0 5703 : - - - - - - - - : 0 7168 : 3.18 3.08 2.09 : 292739 4277876 : 0 0 : 24 0 : 3877 2 0 261 : - 7411195904 682364928 1200361472 5905219584 238166016 67043328 : 140073237 30059850 739180 0 0 0 : 96.317603 ]
[96.318s][info][gc       ] [HUGEPAGESTAT 0 0 0 - 110774 0 0 : 393216 0 0 : 96.317603 ]
[96.318s][info][gc       ] [OBJCREAT 289867237 25489 15421440 : 96.317669 ]
[96.318s][info][gc       ] [HMSV All : 0 0 90 0 0 0 0 0 : 4960 0 0 0 : 96.317685 ]
[96.318s][info][gc       ] [HMSP 9 : 41100 0 : 96.317685 ]
[96.319s][info][gc       ] [GPGC-H  4039.5 571.5 0.3 0.0 : 31.1 : 0.000 0.000 : 0.000 0.000 0.788 0.999 : 0.000 0.000 0.000 0.000 2.004 0.294 : 0.000 : 99.802 : 1520 1754 28 0 : 2275 : 4608 4424 : 96.318867 : 8 May_exceed_heap_occupancy_target ]
[96.318s][info][gc       ] [VMAC 65530 166 24 435 625 : 96.318192 ]
[96.321s][info][safepoint] Application time: 0.1524521 seconds
[96.322s][info][safepoint] Total time for which application threads were stopped: 0.0001833 seconds, Stopping threads took: 0.0000004 seconds
[96.322s][info][gc       ] [SPS 0.000 0.003 0.006 0.007 0.000 0.001 0.000 0.151 0.023 0.183 OldGC_pause4 96.321286 ]
[96.325s][info][gc       ] [GC Old Max 313-22 : 5120 4926 3494 5120 - - 1051 56 2 2 - : 1540 1744 26 184 1786 : 1764 13 4 4 0 : 0 5 543 1 830 - 55 : 2.171221 269.0 0.0 1.245665 838.1 0.0 : 1 --c 0000 : 23   -    -    -    -    -    -    -    -    -  : 95.079525 95.081877 0.000277 95.905008 0.001172 95.913100 0.000041 96.321103 0.000111 : 96.325189 ]
[96.325s][info][gc       ] [SYSINFO 7333 227 63 0 6777 0 30 0 0 5703 : - - - - - - - - : 0 7168 : 3.18 3.08 2.09 : 292739 4277876 : 0 0 : 24 0 : 3877 2 0 261 : - 7411195904 682364928 1200361472 5905219584 238166016 67043328 : 140073237 30059850 739180 0 0 0 : 96.325374 ]
[96.325s][info][gc       ] [HUGEPAGESTAT 0 0 0 - 110774 0 0 : 393216 0 0 : 96.325374 ]
[96.325s][info][gc       ] [OBJCREAT 289893006 25489 15421440 : 96.325414 ]
[96.325s][info][gc       ] [HMSV All : 0 0 90 0 0 0 0 0 : 4960 0 0 0 : 96.325431 ]
[96.325s][info][gc       ] [HMSP 9 : 41100 0 : 96.325431 ]
[96.325s][info][gc       ] [COMPSTATS 1 : 5 0 : 1 0 : 0 0 : 522 5 0 0 0 0 : 0 0 0 0 0 0 : 144 145 12 : 527 0 0 0 0 0 0 : 527 0 0 0 0 0 0 ]
[96.325s][info][gc       ] [COMPSTATS 2 : 5 0 : 1 0 : 0 0 : 132 11 0 0 0 0 : 0 0 0 0 0 0 : 52677 52713 7789 : 77 42 24 0 0 0 0 : 39 84 14 5 1 0 0 ]
[96.325s][info][gc       ] [DEOPTSTATS 1 : 0 0 : 0 0 : 0 0 : 0 0 : 0 11 : 0 0 : 0 0 : 0 0 : 0 0 : 0 0 : 0 0 : 0 0 : 0 0 : 0 0 : 0 0 : 0 0 : 0 0 : 0 0 : 0 0 : 0 0 : 0 0 : 0 0 : 0 0 : 0 0 : 0 0 : 0 0 : 0 0 : 0 0 : 0 0 : 0 0 : 6 0 : 0 0 : 0 0 : 0 0 : 0 0 : 0 0 : 0 0 : 0 0 : 0 0 : 0 0 : 0 0 : 0 0 ]
[96.325s][info][gc       ] [DEOPTSTATS 2 : 0 0 : 0 0 : 0 0 : 0 0 : 0 0 : 0 0 : 0 15 : 0 0 : 0 0 : 0 0 : 0 0 : 0 0 : 0 0 : 0 0 : 0 0 : 0 0 : 0 0 : 0 0 : 0 0 : 0 0 : 0 0 : 0 0 : 0 0 : 0 0 : 0 0 : 0 0 : 0 0 : 0 0 : 0 0 : 0 0 : 4 0 : 0 0 : 0 0 : 0 0 : 0 1 : 0 0 : 0 0 : 0 0 : 0 0 : 0 3 : 0 0 : 0 0 ]
[96.327s][info][gc       ] [CCF 0 0 0 0 33 230912: 3083264 : 380 196608 : 3 49152 : 317 311808 :  516 639488 : 121 422400 : 0 0 : 15 1228800 : 1 2048]
[96.326s][info][gc       ] [VMAC 65530 166 24 435 625 : 96.326018 ]
[96.328s][info][safepoint] Application time: 0.0067579 seconds
[96.328s][info][safepoint] Total time for which application threads were stopped: 0.0001629 seconds, Stopping threads took: 0.0000004 seconds
[96.329s][info][gc       ] [SPS 0.000 0.001 0.002 0.005 0.000 0.001 0.000 0.144 0.013 0.163 NewGC_pause1 96.328207 ]
[96.468s][info][safepoint] Application time: 0.1392891 seconds
[96.468s][info][safepoint] Total time for which application threads were stopped: 0.0001636 seconds, Stopping threads took: 0.0000005 seconds
[96.469s][info][gc       ] [SPS 0.005 0.001 0.000 0.007 0.000 0.001 0.000 0.130 0.025 0.163 NewGC_pause2 96.467659 ]
[96.470s][info][safepoint] Application time: 0.0021800 seconds
[96.470s][info][safepoint] Total time for which application threads were stopped: 0.0000646 seconds, Stopping threads took: 0.0000005 seconds
[96.471s][info][gc       ] [SPS 0.000 0.000 0.000 0.007 0.000 0.001 0.000 0.039 0.018 0.064 NewGC_pause3 96.469904 ]
[96.481s][info][safepoint] Application time: 0.0106612 seconds
[96.481s][info][safepoint] Total time for which application threads were stopped: 0.0001971 seconds, Stopping threads took: 0.0000005 seconds
[96.481s][info][gc       ] [SPS 0.000 0.005 0.009 0.007 0.000 0.001 0.000 0.162 0.025 0.197 NewGC_pause4 96.480762 ]
[96.521s][info][gc       ] [GC New Max 315-293 : 5120 3982 2648 5120 - - 1051 56 2 2 - : 642 1796 26 184 2028 : 531 4 1494 1494 0 : 26 1 240 0 321 - 0 : 0.008300 3373.5 0.0 0.195032 3312.3 0.0 : 3 --c 0000 : 23 0 0.000 0.000 0 0.000 0.000 0 0.000 0.000 : 96.325643 96.328044 0.000146 96.467496 0.000133 96.469839 0.000043 96.480565 0.000066 : 96.520675 ]
[96.521s][info][gc       ] [SYSINFO 7333 227 63 0 6777 0 30 0 0 5703 : - - - - - - - - : 0 7168 : 3.18 3.08 2.09 : 292739 4277876 : 0 0 : 24 0 : 3877 2 0 261 : - 7411195904 682364928 1200361472 5905219584 238166016 67043328 : 140073237 30060590 739180 0 0 0 : 96.520910 ]
[96.521s][info][gc       ] [HUGEPAGESTAT 0 0 0 - 110774 0 0 : 393216 0 0 : 96.520910 ]
[96.521s][info][gc       ] [OBJCREAT 290537519 25489 15474688 : 96.520957 ]
[96.521s][info][gc       ] [HMSV All : 0 0 90 0 0 0 0 0 : 4960 0 0 0 : 96.520973 ]
[96.521s][info][gc       ] [HMSP 9 : 41100 0 : 96.520973 ]
[96.521s][info][gc       ] [VMAC 65530 166 24 435 625 : 96.521465 ]
[96.635s][info][gc       ] [GPGC-H  4039.5 571.5 0.3 0.0 : 31.1 : 0.000 0.000 : 0.000 0.000 0.782 1.246 : 0.000 0.000 0.000 0.000 2.000 0.294 : 0.000 : 99.793 : 1118 1796 26 0 : 2275 : 4608 4424 : 96.634996 : 9 Next_heuristic_check_may_be_too_late ]
[96.638s][info][safepoint] Application time: 0.1565990 seconds
[96.638s][info][safepoint] Total time for which application threads were stopped: 0.0004134 seconds, Stopping threads took: 0.0000004 seconds
[96.639s][info][gc       ] [SPS 0.000 0.003 0.002 0.006 0.000 0.001 0.000 0.382 0.024 0.413 NewGC_pause1 96.637775 ]
[96.710s][info][safepoint] Application time: 0.0722781 seconds
[96.711s][info][safepoint] Total time for which application threads were stopped: 0.0001345 seconds, Stopping threads took: 0.0000004 seconds
[96.711s][info][gc       ] [SPS 0.000 0.001 0.000 0.006 0.000 0.001 0.000 0.107 0.020 0.134 NewGC_pause2 96.710188 ]
[96.712s][info][safepoint] Application time: 0.0019996 seconds
[96.713s][info][safepoint] Total time for which application threads were stopped: 0.0001472 seconds, Stopping threads took: 0.0000004 seconds
[96.713s][info][gc       ] [SPS 0.000 0.000 0.000 0.006 0.000 0.001 0.000 0.127 0.013 0.147 NewGC_pause3 96.712334 ]
[96.714s][info][safepoint] Application time: 0.0015165 seconds
[96.714s][info][safepoint] Total time for which application threads were stopped: 0.0001609 seconds, Stopping threads took: 0.0000004 seconds
[96.714s][info][gc       ] [SPS 0.000 0.003 0.002 0.006 0.000 0.001 0.000 0.119 0.035 0.161 NewGC_pause4 96.714012 ]
[96.714s][info][gc       ] [GC New Max 316-294 : 5120 3418 2298 5120 - - 1051 56 2 2 - : 290 1796 26 184 1412 : 286 4 1124 1124 0 : 0 1 143 0 146 - 0 : 0.114791 4164.1 0.0 0.078720 3734.7 0.0 : 3 --c 0000 : 23 0 0.000 0.000 0 0.000 0.000 0 0.000 0.000 : 96.635467 96.637362 0.000273 96.710054 0.000068 96.712187 0.000131 96.713851 0.000051 : 96.714187 ]
[96.714s][info][gc       ] [SYSINFO 7333 227 63 0 6777 0 30 0 0 5703 : - - - - - - - - : 0 7168 : 3.18 3.08 2.09 : 292739 4277876 : 0 0 : 24 0 : 3877 2 0 261 : - 7411195904 682364928 1200361472 5905219584 238166016 67043328 : 140073237 30060980 739180 0 0 0 : 96.714451 ]
[96.714s][info][gc       ] [HUGEPAGESTAT 0 0 0 - 110774 0 0 : 393216 0 0 : 96.714451 ]
[96.714s][info][gc       ] [OBJCREAT 291301669 25489 15474688 : 96.714496 ]
[96.715s][info][gc       ] [HMSV All : 0 0 90 0 0 0 0 0 : 4960 0 0 0 : 96.714511 ]
[96.715s][info][gc       ] [HMSP 9 : 41100 0 : 96.714511 ]
[96.715s][info][gc       ] [VMAC 65530 166 24 435 625 : 96.715054 ]
[96.874s][info][gc       ] [GPGC-H  4039.5 571.5 0.3 0.0 : 31.1 : 0.000 0.000 : 0.000 0.000 0.775 1.246 : 0.000 0.000 0.000 0.000 1.994 0.294 : 0.000 : 99.267 : 912 1796 26 0 : 2275 : 4608 4424 : 96.874036 : 9 Next_heuristic_check_may_be_too_late ]
[96.876s][info][safepoint] Application time: 0.1619714 seconds
[96.877s][info][safepoint] Total time for which application threads were stopped: 0.0002733 seconds, Stopping threads took: 0.0000004 seconds
[96.877s][info][gc       ] [SPS 0.000 0.002 0.002 0.006 0.000 0.001 0.000 0.247 0.019 0.273 NewGC_pause1 96.876257 ]
[96.932s][info][safepoint] Application time: 0.0551593 seconds
[96.932s][info][safepoint] Total time for which application threads were stopped: 0.0001845 seconds, Stopping threads took: 0.0000004 seconds
[96.933s][info][gc       ] [SPS 0.000 0.001 0.000 0.006 0.000 0.001 0.000 0.146 0.030 0.185 NewGC_pause2 96.931601 ]
[96.934s][info][safepoint] Application time: 0.0024644 seconds
[96.935s][info][safepoint] Total time for which application threads were stopped: 0.0001285 seconds, Stopping threads took: 0.0000004 seconds
[96.935s][info][gc       ] [SPS 0.000 0.000 0.000 0.006 0.000 0.001 0.000 0.108 0.013 0.128 NewGC_pause3 96.934194 ]
[96.935s][info][safepoint] Application time: 0.0010250 seconds
[96.936s][info][safepoint] Total time for which application threads were stopped: 0.0000695 seconds, Stopping threads took: 0.0000005 seconds
[96.936s][info][gc       ] [SPS 0.000 0.002 0.002 0.006 0.000 0.001 0.000 0.049 0.013 0.069 NewGC_pause4 96.935288 ]
[96.936s][info][gc       ] [GC New Max 317-295 : 5120 3130 2216 5120 - - 1051 56 2 2 - : 210 1796 26 184 1124 : 206 4 917 917 0 : 0 1 103 0 105 - 0 : 0.160270 3880.9 0.0 0.061062 3504.6 0.0 : 3 --c 0000 : 23 0 0.000 0.000 0 0.000 0.000 0 0.000 0.000 : 96.874457 96.875984 0.000215 96.931416 0.000086 96.934065 0.000113 96.935219 0.000053 : 96.935519 ]
[96.936s][info][gc       ] [SYSINFO 7333 227 63 0 6777 0 30 0 0 5703 : - - - - - - - - : 0 7168 : 3.18 3.08 2.09 : 292739 4277876 : 0 0 : 24 0 : 3877 2 0 261 : - 7411195904 682364928 1200361472 5905219584 238166016 67043328 : 140073237 30061340 739190 0 0 0 : 96.935772 ]
[96.936s][info][gc       ] [HUGEPAGESTAT 0 0 0 - 110774 0 0 : 393216 0 0 : 96.935772 ]
[96.936s][info][gc       ] [OBJCREAT 292127523 25489 15474688 : 96.935827 ]
[96.936s][info][gc       ] [HMSV All : 0 0 90 0 0 0 0 0 : 4960 0 0 0 : 96.935841 ]
[96.936s][info][gc       ] [HMSP 9 : 41100 0 : 96.935841 ]
[96.936s][info][gc       ] [VMAC 65530 166 24 435 625 : 96.936281 ]
[97.098s][info][gc       ] [GPGC-H  4039.5 571.5 0.3 0.0 : 31.1 : 0.000 0.000 : 0.000 0.000 0.768 1.246 : 0.000 0.000 0.000 0.000 1.982 0.294 : 0.000 : 98.538 : 870 1796 26 0 : 2275 : 4608 4424 : 97.097586 : 9 Next_heuristic_check_may_be_too_late ]
[97.100s][info][safepoint] Application time: 0.1645468 seconds
[97.101s][info][safepoint] Total time for which application threads were stopped: 0.0004245 seconds, Stopping threads took: 0.0000004 seconds
[97.101s][info][gc       ] [SPS 0.000 0.002 0.002 0.006 0.000 0.001 0.000 0.391 0.026 0.425 NewGC_pause1 97.100260 ]
[97.155s][info][safepoint] Application time: 0.0547135 seconds
[97.156s][info][safepoint] Total time for which application threads were stopped: 0.0001587 seconds, Stopping threads took: 0.0000004 seconds
[97.156s][info][gc       ] [SPS 0.000 0.001 0.000 0.006 0.000 0.001 0.000 0.133 0.019 0.159 NewGC_pause2 97.155133 ]
[97.157s][info][safepoint] Application time: 0.0019104 seconds
[97.158s][info][safepoint] Total time for which application threads were stopped: 0.0001572 seconds, Stopping threads took: 0.0000004 seconds
[97.158s][info][gc       ] [SPS 0.000 0.000 0.000 0.006 0.000 0.001 0.000 0.131 0.019 0.157 NewGC_pause3 97.157200 ]
[97.159s][info][safepoint] Application time: 0.0013077 seconds
[97.159s][info][safepoint] Total time for which application threads were stopped: 0.0000683 seconds, Stopping threads took: 0.0000004 seconds
[97.159s][info][gc       ] [GC New Max 318-296 : 5120 3104 2234 5120 - - 1051 56 2 2 - : 228 1796 26 184 1098 : 224 4 875 875 0 : 0 1 112 0 114 - 0 : 0.162567 4072.2 0.0 0.060724 3787.7 0.0 : 3 --c 0000 : 23 0 0.000 0.000 0 0.000 0.000 0 0.000 0.000 : 97.098086 97.099835 0.000310 97.154973 0.000102 97.157043 0.000042 97.158513 0.000046 : 97.158810 ]
[97.159s][info][gc       ] [SYSINFO 7333 227 63 0 6777 0 30 0 0 5703 : - - - - - - - - : 0 7168 : 3.18 3.08 2.09 : 292739 4277876 : 0 0 : 24 0 : 3877 3 0 261 : - 7411195904 682364928 1200361472 5905219584 238166016 67043328 : 140073237 30061700 739190 0 0 0 : 97.159059 ]
[97.159s][info][gc       ] [HUGEPAGESTAT 0 0 0 - 110774 0 0 : 393216 0 0 : 97.159059 ]
[97.159s][info][gc       ] [OBJCREAT 293011596 25489 15474688 : 97.159100 ]
[97.159s][info][gc       ] [HMSV All : 0 0 90 0 0 0 0 0 : 4960 0 0 0 : 97.159115 ]
[97.159s][info][gc       ] [HMSP 9 : 41100 0 : 97.159115 ]
[97.159s][info][gc       ] [SPS 0.000 0.002 0.002 0.006 0.000 0.001 0.000 0.043 0.014 0.063 NewGC_pause4 97.158576 ]
[97.160s][info][gc       ] [VMAC 65530 166 24 435 625 : 97.159537 ]
[97.321s][info][gc       ] [GPGC-H  4039.5 571.5 0.3 0.0 : 31.1 : 0.000 0.000 : 0.000 0.000 0.761 1.246 : 0.000 0.000 0.000 0.000 1.965 0.294 : 0.000 : 97.805 : 880 1796 26 0 : 2275 : 4608 4424 : 97.321267 : 9 Next_heuristic_check_may_be_too_late ]
[97.324s][info][safepoint] Application time: 0.1647292 seconds
[97.324s][info][safepoint] Total time for which application threads were stopped: 0.0002671 seconds, Stopping threads took: 0.0000004 seconds
[97.325s][info][gc       ] [SPS 0.000 0.002 0.002 0.005 0.000 0.001 0.000 0.242 0.018 0.267 NewGC_pause1 97.323573 ]
[97.378s][info][safepoint] Application time: 0.0546127 seconds
[97.379s][info][safepoint] Total time for which application threads were stopped: 0.0001404 seconds, Stopping threads took: 0.0000004 seconds
[97.379s][info][gc       ] [SPS 0.000 0.001 0.000 0.006 0.000 0.001 0.000 0.114 0.019 0.140 NewGC_pause2 97.378326 ]
[97.380s][info][safepoint] Application time: 0.0016653 seconds
[97.381s][info][safepoint] Total time for which application threads were stopped: 0.0001364 seconds, Stopping threads took: 0.0000004 seconds
[97.381s][info][gc       ] [SPS 0.000 0.000 0.000 0.006 0.000 0.001 0.000 0.117 0.012 0.136 NewGC_pause3 97.380127 ]
[97.382s][info][safepoint] Application time: 0.0012868 seconds
[97.382s][info][safepoint] Total time for which application threads were stopped: 0.0000955 seconds, Stopping threads took: 0.0000004 seconds
[97.382s][info][gc       ] [SPS 0.000 0.002 0.002 0.005 0.000 0.001 0.000 0.076 0.012 0.095 NewGC_pause4 97.381510 ]
[97.382s][info][gc       ] [GC New Max 319-297 : 5120 3118 2234 5120 - - 1051 56 2 2 - : 228 1796 26 184 1112 : 224 4 887 887 0 : 0 1 112 0 114 - 0 : 0.162947 4013.6 0.0 0.060151 3856.9 0.0 : 3 --c 0000 : 23 0 0.000 0.000 0 0.000 0.000 0 0.000 0.000 : 97.321757 97.323305 0.000205 97.378185 0.000063 97.379991 0.000121 97.381415 0.000081 : 97.381908 ]
[97.382s][info][gc       ] [SYSINFO 7333 227 63 0 6777 0 30 0 0 5703 : - - - - - - - - : 0 7168 : 3.18 3.08 2.09 : 292739 4277876 : 0 0 : 24 0 : 3877 2 0 261 : - 7411195904 682364928 1200361472 5905219584 238166016 67043328 : 140073237 30062080 739190 0 0 0 : 97.382109 ]
[97.382s][info][gc       ] [HUGEPAGESTAT 0 0 0 - 110774 0 0 : 393216 0 0 : 97.382109 ]
[97.382s][info][gc       ] [OBJCREAT 293891192 25489 15474688 : 97.382148 ]
[97.382s][info][gc       ] [HMSV All : 0 0 90 0 0 0 0 0 : 4960 0 0 0 : 97.382164 ]
[97.382s][info][gc       ] [HMSP 9 : 41100 0 : 97.382164 ]
[97.383s][info][gc       ] [VMAC 65530 166 24 435 625 : 97.382583 ]
[97.544s][info][gc       ] [GPGC-H  4039.5 571.5 0.3 0.0 : 31.1 : 0.000 0.000 : 0.000 0.000 0.753 1.246 : 0.000 0.000 0.000 0.000 1.948 0.294 : 0.000 : 97.079 : 850 1796 26 0 : 2275 : 4608 4424 : 97.544282 : 9 Next_heuristic_check_may_be_too_late ]
[97.547s][info][safepoint] Application time: 0.1651035 seconds
[97.547s][info][safepoint] Total time for which application threads were stopped: 0.0002437 seconds, Stopping threads took: 0.0000004 seconds
[97.548s][info][gc       ] [SPS 0.000 0.003 0.005 0.007 0.000 0.001 0.000 0.214 0.021 0.244 NewGC_pause1 97.546857 ]
[97.608s][info][safepoint] Application time: 0.0604892 seconds
[97.608s][info][safepoint] Total time for which application threads were stopped: 0.0001705 seconds, Stopping threads took: 0.0000003 seconds
[97.609s][info][gc       ] [SPS 0.000 0.001 0.000 0.006 0.000 0.001 0.000 0.144 0.019 0.170 NewGC_pause2 97.607517 ]
[97.610s][info][safepoint] Application time: 0.0021242 seconds
[97.610s][info][safepoint] Total time for which application threads were stopped: 0.0001578 seconds, Stopping threads took: 0.0000004 seconds
[97.611s][info][gc       ] [SPS 0.000 0.000 0.000 0.006 0.000 0.001 0.000 0.131 0.019 0.158 NewGC_pause3 97.609799 ]
[97.611s][info][safepoint] Application time: 0.0011268 seconds
[97.611s][info][safepoint] Total time for which application threads were stopped: 0.0000716 seconds, Stopping threads took: 0.0000004 seconds
[97.611s][info][gc       ] [SPS 0.000 0.002 0.002 0.011 0.000 0.001 0.000 0.046 0.014 0.072 NewGC_pause4 97.610997 ]
[97.612s][info][gc       ] [GC New Max 320-298 : 5120 3064 2210 5120 - - 1051 56 2 2 - : 204 1796 26 184 1058 : 200 4 856 856 0 : 0 1 100 0 102 - 0 : 0.162909 3830.4 0.0 0.066447 3130.3 0.0 : 3 --c 0000 : 23 0 0.000 0.000 0 0.000 0.000 0 0.000 0.000 : 97.544817 97.546613 0.000174 97.607347 0.000103 97.609641 0.000041 97.610926 0.000054 : 97.611263 ]
[97.612s][info][gc       ] [SYSINFO 7333 227 63 0 6777 0 30 0 0 5703 : - - - - - - - - : 0 7168 : 3.18 3.08 2.09 : 292739 4277888 : 0 0 : 24 0 : 3877 4 0 261 : - 7411195904 682364928 1200361472 5905219584 238166016 67043328 : 140073237 30062480 739190 0 0 0 : 97.611503 ]
[97.612s][info][gc       ] [HUGEPAGESTAT 0 0 0 - 110774 0 0 : 393216 0 0 : 97.611503 ]
[97.612s][info][gc       ] [OBJCREAT 294712369 25489 15474688 : 97.611544 ]
[97.612s][info][gc       ] [HMSV All : 0 0 90 0 0 0 0 0 : 4960 0 0 0 : 97.611557 ]
[97.612s][info][gc       ] [HMSP 9 : 41100 0 : 97.611557 ]
[97.612s][info][gc       ] [VMAC 65530 166 24 435 625 : 97.611940 ]
[97.771s][info][gc       ] [GPGC-H  4039.5 571.5 0.3 0.0 : 31.1 : 0.000 0.000 : 0.000 0.000 0.746 1.246 : 0.000 0.000 0.000 0.000 1.929 0.294 : 0.000 : 96.361 : 824 1796 26 0 : 2275 : 4608 4424 : 97.770803 : 9 Next_heuristic_check_may_be_too_late ]
[97.773s][info][safepoint] Application time: 0.1619837 seconds
[97.774s][info][safepoint] Total time for which application threads were stopped: 0.0003231 seconds, Stopping threads took: 0.0000004 seconds
[97.774s][info][gc       ] [SPS 0.000 0.003 0.002 0.006 0.000 0.001 0.000 0.297 0.019 0.323 NewGC_pause1 97.773305 ]
[97.831s][info][safepoint] Application time: 0.0575255 seconds
[97.832s][info][safepoint] Total time for which application threads were stopped: 0.0001732 seconds, Stopping threads took: 0.0000004 seconds
[97.832s][info][gc       ] [SPS 0.000 0.001 0.000 0.007 0.000 0.001 0.000 0.142 0.023 0.173 NewGC_pause2 97.831004 ]
[97.833s][info][safepoint] Application time: 0.0019321 seconds
[97.833s][info][safepoint] Total time for which application threads were stopped: 0.0000575 seconds, Stopping threads took: 0.0000004 seconds
[97.834s][info][gc       ] [SPS 0.000 0.000 0.000 0.006 0.000 0.001 0.000 0.036 0.014 0.057 NewGC_pause3 97.832993 ]
[97.834s][info][safepoint] Application time: 0.0009797 seconds
[97.834s][info][safepoint] Total time for which application threads were stopped: 0.0000615 seconds, Stopping threads took: 0.0000005 seconds
[97.834s][info][gc       ] [SPS 0.000 0.003 0.002 0.006 0.000 0.001 0.000 0.040 0.014 0.061 NewGC_pause4 97.834034 ]
[97.835s][info][gc       ] [GC New Max 321-299 : 5120 3046 2218 5120 - - 1051 56 2 2 - : 212 1796 26 184 1040 : 208 4 831 831 0 : 0 1 104 0 106 - 0 : 0.160077 3885.6 0.0 0.063002 3428.4 0.0 : 3 --c 0000 : 23 0 0.000 0.000 0 0.000 0.000 0 0.000 0.000 : 97.771340 97.772982 0.000256 97.830830 0.000047 97.832936 0.000039 97.833973 0.000043 : 97.834343 ]
[97.835s][info][gc       ] [SYSINFO 7333 227 63 0 6777 0 30 0 0 5703 : - - - - - - - - : 0 7168 : 3.18 3.08 2.09 : 292739 4277888 : 0 0 : 24 0 : 3877 2 0 261 : - 7411195904 682364928 1200361472 5905219584 238166016 67043328 : 140073237 30062870 739190 0 0 0 : 97.834574 ]
[97.835s][info][gc       ] [HUGEPAGESTAT 0 0 0 - 110774 0 0 : 393216 0 0 : 97.834574 ]
[97.835s][info][gc       ] [OBJCREAT 295544160 25489 15474688 : 97.834620 ]
[97.835s][info][gc       ] [HMSV All : 0 0 90 0 0 0 0 0 : 4960 0 0 0 : 97.834635 ]
[97.835s][info][gc       ] [HMSP 9 : 41100 0 : 97.834635 ]
[97.835s][info][gc       ] [VMAC 65530 166 24 435 625 : 97.835062 ]
[98.014s][info][gc       ] [GPGC-H  4039.5 535.9 0.3 0.0 : 28.3 : 0.000 0.000 : 0.000 0.000 0.739 1.246 : 0.000 0.000 0.000 0.000 1.910 0.294 : 0.000 : 95.662 : 890 1796 26 0 : 2275 : 4608 4424 : 98.014149 : 9 Next_heuristic_check_may_be_too_late ]
[98.017s][info][safepoint] Application time: 0.1824740 seconds
[98.017s][info][safepoint] Total time for which application threads were stopped: 0.0003336 seconds, Stopping threads took: 0.0000008 seconds
[98.018s][info][gc       ] [SPS 0.000 0.004 0.003 0.010 0.001 0.001 0.001 0.300 0.020 0.333 NewGC_pause1 98.016842 ]
[98.078s][info][safepoint] Application time: 0.0612325 seconds
[98.079s][info][safepoint] Total time for which application threads were stopped: 0.0001844 seconds, Stopping threads took: 0.0000004 seconds
[98.079s][info][gc       ] [SPS 0.000 0.002 0.000 0.006 0.000 0.001 0.000 0.157 0.019 0.184 NewGC_pause2 98.078259 ]
[98.080s][info][safepoint] Application time: 0.0017667 seconds
[98.080s][info][safepoint] Total time for which application threads were stopped: 0.0000544 seconds, Stopping threads took: 0.0000004 seconds
[98.081s][info][gc       ] [SPS 0.000 0.001 0.000 0.006 0.000 0.001 0.000 0.035 0.012 0.054 NewGC_pause3 98.080080 ]
[98.081s][info][safepoint] Application time: 0.0008939 seconds
[98.081s][info][safepoint] Total time for which application threads were stopped: 0.0000647 seconds, Stopping threads took: 0.0000004 seconds
[98.081s][info][gc       ] [SPS 0.000 0.002 0.002 0.013 0.000 0.001 0.000 0.038 0.013 0.065 NewGC_pause4 98.081039 ]
[98.082s][info][gc       ] [GC New Max 322-300 : 5120 3106 2212 5120 - - 1051 56 2 2 - : 206 1796 26 184 1100 : 202 4 896 896 0 : 0 1 101 0 103 - 0 : 0.180358 3770.3 0.0 0.066612 3152.6 0.0 : 3 --c 0000 : 23 0 0.000 0.000 0 0.000 0.000 0 0.000 0.000 : 98.014700 98.016509 0.000263 98.078075 0.000102 98.080026 0.000039 98.080974 0.000048 : 98.081313 ]
[98.082s][info][gc       ] [SYSINFO 7333 227 63 0 6777 0 30 0 0 5703 : - - - - - - - - : 0 7168 : 3.18 3.08 2.09 : 292739 4277888 : 0 0 : 24 0 : 3877 2 0 261 : - 7411195904 682364928 1200361472 5905219584 238166016 67043328 : 140073237 30063260 739190 0 0 0 : 98.081534 ]
[98.082s][info][gc       ] [HUGEPAGESTAT 0 0 0 - 110774 0 0 : 393216 0 0 : 98.081534 ]
[98.082s][info][gc       ] [OBJCREAT 296422381 25489 15474688 : 98.081575 ]
[98.082s][info][gc       ] [HMSV All : 0 0 90 0 0 0 0 0 : 4960 0 0 0 : 98.081588 ]
[98.082s][info][gc       ] [HMSP 9 : 41100 0 : 98.081588 ]
[98.082s][info][gc       ] [VMAC 65530 166 24 435 625 : 98.082015 ]
[98.241s][info][gc       ] [GPGC-H  4003.7 535.9 0.3 0.0 : 28.3 : 0.000 0.000 : 0.000 0.000 0.732 1.246 : 0.000 0.000 0.000 0.000 1.891 0.294 : 0.000 : 94.883 : 826 1796 26 0 : 2275 : 4608 4424 : 98.241034 : 9 Next_heuristic_check_may_be_too_late ]
[98.244s][info][safepoint] Application time: 0.1623954 seconds
[98.244s][info][safepoint] Total time for which application threads were stopped: 0.0004056 seconds, Stopping threads took: 0.0000007 seconds
[98.245s][info][gc       ] [SPS 0.000 0.004 0.003 0.011 0.001 0.001 0.001 0.359 0.034 0.406 NewGC_pause1 98.243841 ]
[98.299s][info][safepoint] Application time: 0.0552692 seconds
[98.300s][info][safepoint] Total time for which application threads were stopped: 0.0000956 seconds, Stopping threads took: 0.0000004 seconds
[98.300s][info][gc       ] [SPS 0.000 0.001 0.000 0.006 0.000 0.001 0.000 0.076 0.012 0.095 NewGC_pause2 98.299205 ]
[98.301s][info][safepoint] Application time: 0.0014384 seconds
[98.301s][info][safepoint] Total time for which application threads were stopped: 0.0001650 seconds, Stopping threads took: 0.0000004 seconds
[98.301s][info][gc       ] [SPS 0.000 0.001 0.000 0.006 0.000 0.001 0.000 0.139 0.019 0.165 NewGC_pause3 98.300809 ]
[98.302s][info][safepoint] Application time: 0.0010261 seconds
[98.302s][info][safepoint] Total time for which application threads were stopped: 0.0001781 seconds, Stopping threads took: 0.0000004 seconds
[98.302s][info][gc       ] [SPS 0.000 0.002 0.002 0.006 0.000 0.001 0.000 0.152 0.019 0.178 NewGC_pause4 98.302013 ]
[98.303s][info][gc       ] [GC New Max 323-301 : 5120 3062 2232 5120 - - 1051 56 2 2 - : 226 1796 26 184 1056 : 222 4 833 833 0 : 0 1 111 0 113 - 0 : 0.160355 3878.9 0.0 0.060806 3782.5 0.0 : 3 --c 0000 : 23 0 0.000 0.000 0 0.000 0.000 0 0.000 0.000 : 98.241668 98.243435 0.000278 98.299110 0.000080 98.300644 0.000081 98.301835 0.000113 : 98.302473 ]
[98.303s][info][gc       ] [SYSINFO 7333 227 63 0 6777 0 30 0 0 5703 : - - - - - - - - : 0 7168 : 3.18 3.08 2.09 : 292739 4277888 : 0 0 : 24 0 : 3877 3 0 261 : - 7411195904 682364928 1200361472 5905219584 238166016 67043328 : 140073237 30063650 739220 0 0 0 : 98.302717 ]
[98.303s][info][gc       ] [HUGEPAGESTAT 0 0 0 - 110774 0 0 : 393216 0 0 : 98.302717 ]
[98.303s][info][gc       ] [OBJCREAT 297267982 25489 15474688 : 98.302757 ]
[98.303s][info][gc       ] [HMSV All : 0 0 90 0 0 0 0 0 : 4960 0 0 0 : 98.302772 ]
[98.303s][info][gc       ] [HMSP 9 : 41100 0 : 98.302772 ]
[98.303s][info][gc       ] [VMAC 65530 166 24 435 625 : 98.303195 ]
[98.464s][info][gc       ] [GPGC-H  4003.7 535.9 0.3 0.0 : 28.3 : 0.000 0.000 : 0.000 0.000 0.725 1.246 : 0.000 0.000 0.000 0.000 1.873 0.294 : 0.000 : 94.197 : 830 1796 26 0 : 2275 : 4608 4424 : 98.464285 : 9 Next_heuristic_check_may_be_too_late ]
[98.467s][info][safepoint] Application time: 0.1646355 seconds
[98.467s][info][safepoint] Total time for which application threads were stopped: 0.0002865 seconds, Stopping threads took: 0.0000005 seconds
[98.468s][info][gc       ] [SPS 0.000 0.003 0.002 0.006 0.000 0.001 0.000 0.258 0.020 0.286 NewGC_pause1 98.466935 ]
[98.521s][info][safepoint] Application time: 0.0538607 seconds
[98.521s][info][safepoint] Total time for which application threads were stopped: 0.0001179 seconds, Stopping threads took: 0.0000003 seconds
[98.522s][info][gc       ] [SPS 0.000 0.001 0.000 0.005 0.000 0.001 0.000 0.093 0.019 0.118 NewGC_pause2 98.520914 ]
[98.523s][info][safepoint] Application time: 0.0021231 seconds
[98.524s][info][safepoint] Total time for which application threads were stopped: 0.0001470 seconds, Stopping threads took: 0.0000004 seconds
[98.524s][info][gc       ] [SPS 0.000 0.000 0.000 0.006 0.000 0.001 0.000 0.118 0.022 0.147 NewGC_pause3 98.523184 ]
[98.524s][info][safepoint] Application time: 0.0010232 seconds
[98.525s][info][safepoint] Total time for which application threads were stopped: 0.0000832 seconds, Stopping threads took: 0.0000004 seconds
[98.525s][info][gc       ] [SPS 0.000 0.002 0.002 0.006 0.000 0.001 0.000 0.062 0.013 0.083 NewGC_pause4 98.524291 ]
[98.525s][info][gc       ] [GC New Max 324-302 : 5120 3066 2236 5120 - - 1051 56 2 2 - : 230 1796 26 184 1060 : 222 6 835 835 0 : 0 1 111 0 115 - 0 : 0.162397 3731.6 0.0 0.059797 3879.8 0.0 : 3 --c 0000 : 23 0 0.000 0.000 0 0.000 0.000 0 0.000 0.000 : 98.464871 98.466649 0.000227 98.520796 0.000059 98.523037 0.000086 98.524208 0.000066 : 98.524668 ]
[98.525s][info][gc       ] [SYSINFO 7333 227 63 0 6777 0 30 0 0 5703 : - - - - - - - - : 0 7168 : 3.18 3.08 2.09 : 292739 4277888 : 0 0 : 24 0 : 3877 2 0 261 : - 7411195904 682364928 1200361472 5905219584 238166016 67043328 : 140073237 30064020 739240 0 0 0 : 98.524918 ]
[98.525s][info][gc       ] [HUGEPAGESTAT 0 0 0 - 110774 0 0 : 393216 0 0 : 98.524918 ]
[98.525s][info][gc       ] [OBJCREAT 298094577 25489 15474688 : 98.524958 ]
[98.525s][info][gc       ] [HMSV All : 0 0 90 0 0 0 0 0 : 4960 0 0 0 : 98.524974 ]
[98.525s][info][gc       ] [HMSP 9 : 41100 0 : 98.524974 ]
[98.525s][info][gc       ] [VMAC 65530 166 24 435 625 : 98.525413 ]
[98.684s][info][gc       ] [GPGC-H  4003.7 535.9 0.3 0.0 : 28.3 : 0.000 0.000 : 0.000 0.000 0.718 1.246 : 0.000 0.000 0.000 0.000 1.855 0.294 : 0.000 : 93.510 : 824 1796 26 0 : 2275 : 4608 4424 : 98.684441 : 9 Next_heuristic_check_may_be_too_late ]
[98.687s][info][safepoint] Application time: 0.1623512 seconds
[98.687s][info][safepoint] Total time for which application threads were stopped: 0.0002792 seconds, Stopping threads took: 0.0000004 seconds
[98.688s][info][gc       ] [SPS 0.000 0.003 0.002 0.006 0.000 0.001 0.000 0.237 0.035 0.279 NewGC_pause1 98.686921 ]
[98.749s][info][safepoint] Application time: 0.0615398 seconds
[98.749s][info][safepoint] Total time for which application threads were stopped: 0.0001808 seconds, Stopping threads took: 0.0000006 seconds
[98.750s][info][gc       ] [SPS 0.000 0.001 0.000 0.018 0.001 0.001 0.000 0.142 0.019 0.181 NewGC_pause2 98.748642 ]
[98.751s][info][safepoint] Application time: 0.0022505 seconds
[98.751s][info][safepoint] Total time for which application threads were stopped: 0.0001428 seconds, Stopping threads took: 0.0000004 seconds
[98.752s][info][gc       ] [SPS 0.000 0.000 0.000 0.005 0.000 0.001 0.000 0.119 0.018 0.143 NewGC_pause3 98.751036 ]
[98.752s][info][safepoint] Application time: 0.0011739 seconds
[98.753s][info][safepoint] Total time for which application threads were stopped: 0.0000644 seconds, Stopping threads took: 0.0000004 seconds
[98.753s][info][gc       ] [GC New Max 325-303 : 5120 3050 2224 5120 - - 1051 56 2 2 - : 218 1796 26 184 1044 : 214 4 830 830 0 : 0 1 107 0 109 - 0 : 0.160319 3717.6 0.0 0.067530 3287.4 0.0 : 3 --c 0000 : 23 0 0.000 0.000 0 0.000 0.000 0 0.000 0.000 : 98.684988 98.686642 0.000205 98.748461 0.000123 98.750893 0.000041 98.752209 0.000047 : 98.752518 ]
[98.753s][info][gc       ] [SYSINFO 7333 227 63 0 6777 0 30 0 0 5703 : - - - - - - - - : 0 7168 : 3.01 3.05 2.09 : 292739 4277888 : 0 0 : 24 0 : 3877 2 0 261 : - 7411195904 682364928 1200361472 5905219584 238166016 67043328 : 140073237 30064410 739250 0 0 0 : 98.752780 ]
[98.753s][info][gc       ] [HUGEPAGESTAT 0 0 0 - 110774 0 0 : 393216 0 0 : 98.752780 ]
[98.753s][info][gc       ] [OBJCREAT 298903841 25489 15474688 : 98.752861 ]
[98.753s][info][gc       ] [HMSV All : 0 0 90 0 0 0 0 0 : 4960 0 0 0 : 98.752874 ]
[98.753s][info][gc       ] [HMSP 9 : 41100 0 : 98.752874 ]
[98.753s][info][gc       ] [SPS 0.000 0.002 0.002 0.005 0.000 0.001 0.000 0.044 0.013 0.064 NewGC_pause4 98.752274 ]
[98.753s][info][gc       ] [VMAC 65530 166 24 435 625 : 98.753264 ]
[98.914s][info][gc       ] [GPGC-H  4003.7 535.9 0.3 0.0 : 28.3 : 0.000 0.000 : 0.000 0.000 0.711 1.246 : 0.000 0.000 0.000 0.000 1.837 0.294 : 0.000 : 92.841 : 834 1796 26 0 : 2275 : 4608 4424 : 98.914182 : 9 Next_heuristic_check_may_be_too_late ]
[98.917s][info][safepoint] Application time: 0.1639458 seconds
[98.917s][info][safepoint] Total time for which application threads were stopped: 0.0003896 seconds, Stopping threads took: 0.0000005 seconds
[98.917s][info][gc       ] [SPS 0.000 0.003 0.002 0.006 0.000 0.001 0.000 0.363 0.019 0.390 NewGC_pause1 98.916610 ]
[98.972s][info][safepoint] Application time: 0.0551714 seconds
[98.972s][info][safepoint] Total time for which application threads were stopped: 0.0001541 seconds, Stopping threads took: 0.0000003 seconds
[98.973s][info][gc       ] [SPS 0.000 0.001 0.000 0.006 0.000 0.001 0.000 0.129 0.018 0.154 NewGC_pause2 98.971935 ]
[98.974s][info][safepoint] Application time: 0.0017663 seconds
[98.974s][info][safepoint] Total time for which application threads were stopped: 0.0000509 seconds, Stopping threads took: 0.0000003 seconds
[98.974s][info][gc       ] [SPS 0.000 0.000 0.000 0.005 0.000 0.001 0.000 0.033 0.012 0.051 NewGC_pause3 98.973752 ]
[98.975s][info][safepoint] Application time: 0.0009717 seconds
[98.975s][info][safepoint] Total time for which application threads were stopped: 0.0000673 seconds, Stopping threads took: 0.0000004 seconds
[98.975s][info][gc       ] [SPS 0.000 0.002 0.002 0.005 0.000 0.001 0.000 0.047 0.013 0.067 NewGC_pause4 98.974792 ]
[98.975s][info][gc       ] [GC New Max 326-304 : 5120 3076 2238 5120 - - 1051 56 2 2 - : 232 1796 26 184 1070 : 228 4 841 841 0 : 0 1 114 0 116 - 0 : 0.162154 3811.2 0.0 0.060420 3906.0 0.0 : 3 --c 0000 : 23 0 0.000 0.000 0 0.000 0.000 0 0.000 0.000 : 98.914672 98.916220 0.000293 98.971781 0.000100 98.973701 0.000036 98.974724 0.000050 : 98.975092 ]
[98.975s][info][gc       ] [SYSINFO 7333 227 63 0 6777 0 30 0 0 5703 : - - - - - - - - : 0 7168 : 3.01 3.05 2.09 : 292739 4277888 : 0 0 : 24 0 : 3877 3 0 261 : - 7411195904 682364928 1200361472 5905219584 238166016 67043328 : 140073237 30064780 739250 0 0 0 : 98.975335 ]
[98.975s][info][gc       ] [HUGEPAGESTAT 0 0 0 - 110774 0 0 : 393216 0 0 : 98.975335 ]
[98.975s][info][gc       ] [OBJCREAT 299749384 25489 15474688 : 98.975383 ]
[98.975s][info][gc       ] [HMSV All : 0 0 90 0 0 0 0 0 : 4960 0 0 0 : 98.975396 ]
[98.975s][info][gc       ] [HMSP 9 : 41100 0 : 98.975396 ]
[98.976s][info][gc       ] [VMAC 65530 166 24 435 625 : 98.975807 ]
[99.137s][info][gc       ] [GPGC-H  4003.7 535.9 0.3 0.0 : 28.3 : 0.000 0.000 : 0.000 0.000 0.704 1.246 : 0.000 0.000 0.000 0.000 1.820 0.294 : 0.000 : 92.169 : 866 1796 26 0 : 2275 : 4608 4424 : 99.137479 : 9 Next_heuristic_check_may_be_too_late ]
[99.140s][info][safepoint] Application time: 0.1647574 seconds
[99.140s][info][safepoint] Total time for which application threads were stopped: 0.0003035 seconds, Stopping threads took: 0.0000004 seconds
[99.141s][info][gc       ] [SPS 0.000 0.003 0.002 0.006 0.000 0.001 0.000 0.278 0.018 0.303 NewGC_pause1 99.139853 ]
[99.195s][info][safepoint] Application time: 0.0548647 seconds
[99.195s][info][safepoint] Total time for which application threads were stopped: 0.0001542 seconds, Stopping threads took: 0.0000004 seconds
[99.196s][info][gc       ] [SPS 0.000 0.001 0.000 0.006 0.000 0.001 0.000 0.128 0.019 0.154 NewGC_pause2 99.194872 ]
[99.197s][info][safepoint] Application time: 0.0017592 seconds
[99.197s][info][safepoint] Total time for which application threads were stopped: 0.0000547 seconds, Stopping threads took: 0.0000004 seconds
[99.197s][info][gc       ] [SPS 0.000 0.000 0.000 0.006 0.000 0.001 0.000 0.035 0.012 0.055 NewGC_pause3 99.196686 ]
[99.198s][info][safepoint] Application time: 0.0010699 seconds
[99.198s][info][safepoint] Total time for which application threads were stopped: 0.0001078 seconds, Stopping threads took: 0.0000004 seconds
[99.198s][info][gc       ] [SPS 0.000 0.003 0.002 0.012 0.000 0.001 0.000 0.061 0.033 0.108 NewGC_pause4 99.197863 ]
[99.198s][info][gc       ] [GC New Max 327-305 : 5120 3100 2230 5120 - - 1051 56 2 2 - : 224 1796 26 184 1094 : 220 4 873 873 0 : 0 1 110 0 112 - 0 : 0.162880 3904.7 0.0 0.060246 3784.5 0.0 : 3 --c 0000 : 23 0 0.000 0.000 0 0.000 0.000 0 0.000 0.000 : 99.137972 99.139549 0.000248 99.194718 0.000088 99.196631 0.000039 99.197756 0.000069 : 99.198218 ]
[99.198s][info][gc       ] [SYSINFO 7333 227 63 0 6777 0 30 0 0 5703 : - - - - - - - - : 0 7168 : 3.01 3.05 2.09 : 292739 4277888 : 0 0 : 24 0 : 3877 2 0 261 : - 7411195904 682364928 1200361472 5905219584 238166016 67043328 : 140073237 30065140 739260 0 0 0 : 99.198464 ]
[99.199s][info][gc       ] [HUGEPAGESTAT 0 0 0 - 110774 0 0 : 393216 0 0 : 99.198464 ]
[99.199s][info][gc       ] [OBJCREAT 300605536 25489 15474688 : 99.198505 ]
[99.199s][info][gc       ] [HMSV All : 0 0 90 0 0 0 0 0 : 4960 0 0 0 : 99.198519 ]
[99.199s][info][gc       ] [HMSP 9 : 41100 0 : 99.198519 ]
[99.199s][info][gc       ] [VMAC 65530 166 24 435 625 : 99.198913 ]
[99.360s][info][gc       ] [GPGC-H  4003.7 535.9 0.3 0.0 : 28.3 : 0.000 0.000 : 0.000 0.000 0.698 1.246 : 0.000 0.000 0.000 0.000 1.803 0.294 : 0.000 : 91.500 : 852 1796 26 0 : 2275 : 4608 4424 : 99.360369 : 9 Next_heuristic_check_may_be_too_late ]
[99.363s][info][safepoint] Application time: 0.1647182 seconds
[99.363s][info][safepoint] Total time for which application threads were stopped: 0.0003511 seconds, Stopping threads took: 0.0000005 seconds
[99.364s][info][gc       ] [SPS 0.000 0.002 0.002 0.006 0.000 0.001 0.000 0.322 0.022 0.351 NewGC_pause1 99.362933 ]
[99.418s][info][safepoint] Application time: 0.0546086 seconds
[99.418s][info][safepoint] Total time for which application threads were stopped: 0.0001155 seconds, Stopping threads took: 0.0000004 seconds
[99.419s][info][gc       ] [SPS 0.000 0.001 0.000 0.006 0.000 0.001 0.000 0.091 0.018 0.116 NewGC_pause2 99.417658 ]
[99.420s][info][safepoint] Application time: 0.0017894 seconds
[99.420s][info][safepoint] Total time for which application threads were stopped: 0.0001237 seconds, Stopping threads took: 0.0000003 seconds
[99.420s][info][gc       ] [SPS 0.000 0.000 0.000 0.006 0.000 0.001 0.000 0.105 0.012 0.124 NewGC_pause3 99.419570 ]
[99.421s][info][safepoint] Application time: 0.0011613 seconds
[99.421s][info][safepoint] Total time for which application threads were stopped: 0.0000585 seconds, Stopping threads took: 0.0000004 seconds
[99.421s][info][gc       ] [SPS 0.000 0.002 0.002 0.005 0.000 0.001 0.000 0.039 0.020 0.066 NewGC_pause4 99.420798 ]
[99.421s][info][gc       ] [GC New Max 328-306 : 5120 3092 2236 5120 - - 1051 56 2 2 - : 230 1796 26 184 1086 : 226 4 858 858 0 : 0 1 113 0 115 - 0 : 0.162684 3872.5 0.0 0.060112 3892.8 0.0 : 3 --c 0000 : 23 0 0.000 0.000 0 0.000 0.000 0 0.000 0.000 : 99.360902 99.362582 0.000286 99.417542 0.000059 99.419447 0.000109 99.420732 0.000042 : 99.421014 ]
[99.421s][info][gc       ] [SYSINFO 7333 227 63 0 6777 0 30 0 0 5703 : - - - - - - - - : 0 7168 : 3.01 3.05 2.09 : 292739 4277888 : 0 0 : 24 0 : 3877 3 0 261 : - 7411195904 682364928 1200361472 5905219584 238166016 67043328 : 140073237 30065520 739260 0 0 0 : 99.421244 ]
[99.421s][info][gc       ] [HUGEPAGESTAT 0 0 0 - 110774 0 0 : 393216 0 0 : 99.421244 ]
[99.421s][info][gc       ] [OBJCREAT 301462126 25489 15474688 : 99.421284 ]
[99.421s][info][gc       ] [HMSV All : 0 0 90 0 0 0 0 0 : 4960 0 0 0 : 99.421298 ]
[99.421s][info][gc       ] [HMSP 9 : 41100 0 : 99.421298 ]
[99.422s][info][gc       ] [VMAC 65530 166 24 435 625 : 99.421706 ]
[99.581s][info][gc       ] [GPGC-H  4003.7 535.9 0.3 0.0 : 28.3 : 0.000 0.000 : 0.000 0.000 0.691 1.246 : 0.000 0.000 0.000 0.000 1.786 0.294 : 0.000 : 90.840 : 856 1796 26 0 : 2275 : 4608 4424 : 99.581054 : 9 Next_heuristic_check_may_be_too_late ]
[99.583s][info][safepoint] Application time: 0.1623535 seconds
[99.584s][info][safepoint] Total time for which application threads were stopped: 0.0002944 seconds, Stopping threads took: 0.0000004 seconds
[99.584s][info][gc       ] [SPS 0.000 0.002 0.002 0.006 0.000 0.001 0.000 0.269 0.019 0.295 NewGC_pause1 99.583438 ]
[99.649s][info][safepoint] Application time: 0.0655198 seconds
[99.650s][info][safepoint] Total time for which application threads were stopped: 0.0001631 seconds, Stopping threads took: 0.0000004 seconds
[99.650s][info][gc       ] [SPS 0.000 0.001 0.000 0.006 0.000 0.001 0.000 0.136 0.020 0.163 NewGC_pause2 99.649121 ]
[99.652s][info][safepoint] Application time: 0.0025652 seconds
[99.652s][info][safepoint] Total time for which application threads were stopped: 0.0001375 seconds, Stopping threads took: 0.0000004 seconds
[99.652s][info][gc       ] [SPS 0.000 0.000 0.000 0.006 0.000 0.001 0.000 0.118 0.012 0.138 NewGC_pause3 99.651824 ]
[99.656s][info][safepoint] Application time: 0.0038431 seconds
[99.656s][info][safepoint] Total time for which application threads were stopped: 0.0000744 seconds, Stopping threads took: 0.0000005 seconds
[99.656s][info][gc       ] [SPS 0.000 0.003 0.002 0.006 0.001 0.007 0.000 0.044 0.017 0.074 NewGC_pause4 99.655742 ]
[99.656s][info][gc       ] [GC New Max 329-307 : 5120 3120 2270 5120 - - 1051 56 2 2 - : 264 1796 26 184 1114 : 250 4 862 862 0 : 0 1 125 0 132 - 0 : 0.160576 3910.9 0.0 0.074424 3601.0 0.0 : 3 --c 0000 : 23 0 0.000 0.000 0 0.000 0.000 0 0.000 0.000 : 99.581590 99.583144 0.000226 99.648958 0.000097 99.651686 0.000122 99.655667 0.000052 : 99.656014 ]
[99.656s][info][gc       ] [SYSINFO 7333 227 63 0 6777 0 30 0 0 5703 : - - - - - - - - : 0 7168 : 3.01 3.05 2.09 : 292739 4277888 : 0 0 : 24 0 : 3877 3 0 261 : - 7411195904 682364928 1200361472 5905219584 238166016 67043328 : 140073237 30065940 739260 0 0 0 : 99.656230 ]
[99.656s][info][gc       ] [HUGEPAGESTAT 0 0 0 - 110774 0 0 : 393216 0 0 : 99.656230 ]
[99.656s][info][gc       ] [OBJCREAT 302349148 25489 15474688 : 99.656298 ]
[99.656s][info][gc       ] [HMSV All : 0 0 90 0 0 0 0 0 : 4960 0 0 0 : 99.656312 ]
[99.656s][info][gc       ] [HMSP 9 : 41100 0 : 99.656312 ]
[99.657s][info][gc       ] [VMAC 65530 166 24 435 625 : 99.656760 ]
[99.818s][info][gc       ] [GPGC-H  4003.7 535.9 0.3 0.0 : 28.3 : 0.000 0.000 : 0.000 0.000 0.685 1.246 : 0.000 0.000 0.000 0.000 1.768 0.294 : 0.000 : 90.200 : 920 1796 26 0 : 2275 : 4608 4424 : 99.817882 : 9 Next_heuristic_check_may_be_too_late ]
[99.820s][info][safepoint] Application time: 0.1643512 seconds
[99.821s][info][safepoint] Total time for which application threads were stopped: 0.0003021 seconds, Stopping threads took: 0.0000004 seconds
[99.821s][info][gc       ] [SPS 0.000 0.003 0.002 0.006 0.000 0.001 0.000 0.277 0.018 0.302 NewGC_pause1 99.820395 ]
[99.876s][info][safepoint] Application time: 0.0551342 seconds
[99.876s][info][safepoint] Total time for which application threads were stopped: 0.0001662 seconds, Stopping threads took: 0.0000004 seconds
[99.876s][info][gc       ] [SPS 0.000 0.020 0.000 0.006 0.000 0.001 0.000 0.133 0.026 0.167 NewGC_pause2 99.875696 ]
[99.877s][info][safepoint] Application time: 0.0016957 seconds
[99.878s][info][safepoint] Total time for which application threads were stopped: 0.0000617 seconds, Stopping threads took: 0.0000004 seconds
[99.878s][info][gc       ] [SPS 0.000 0.000 0.000 0.006 0.000 0.001 0.000 0.040 0.014 0.062 NewGC_pause3 99.877453 ]
[99.878s][info][safepoint] Application time: 0.0009194 seconds
[99.879s][info][safepoint] Total time for which application threads were stopped: 0.0000599 seconds, Stopping threads took: 0.0000005 seconds
[99.879s][info][gc       ] [SPS 0.000 0.002 0.008 0.006 0.000 0.001 0.000 0.039 0.014 0.060 NewGC_pause4 99.878432 ]
[99.879s][info][gc       ] [GC New Max 330-308 : 5120 3148 2226 5120 - - 1051 56 2 2 - : 220 1796 26 184 1142 : 216 4 927 927 0 : 0 1 108 0 110 - 0 : 0.162334 4053.4 0.0 0.060343 3712.1 0.0 : 3 --c 0000 : 23 0 0.000 0.000 0 0.000 0.000 0 0.000 0.000 : 99.818348 99.820093 0.000245 99.875529 0.000080 99.877391 0.000043 99.878373 0.000042 : 99.878691 ]
[99.879s][info][gc       ] [SYSINFO 7333 227 63 0 6777 0 30 0 0 5703 : - - - - - - - - : 0 7168 : 3.01 3.05 2.09 : 292739 4277888 : 0 0 : 24 0 : 3877 2 0 261 : - 7411195904 682364928 1200361472 5905219584 238166016 67043328 : 140073237 30066320 739260 0 0 0 : 99.878906 ]
[99.879s][info][gc       ] [HUGEPAGESTAT 0 0 0 - 110774 0 0 : 393216 0 0 : 99.878906 ]
[99.879s][info][gc       ] [OBJCREAT 303220348 25489 15474688 : 99.878947 ]
[99.879s][info][gc       ] [HMSV All : 0 0 90 0 0 0 0 0 : 4960 0 0 0 : 99.878961 ]
[99.879s][info][gc       ] [HMSP 9 : 41100 0 : 99.878961 ]
[99.879s][info][gc       ] [VMAC 65530 166 24 435 625 : 99.879347 ]
[100.038s][info][gc       ] [GPGC-H  4003.7 488.5 0.2 0.0 : 25.8 : 0.000 0.000 : 0.000 0.000 0.678 1.246 : 0.000 0.000 0.000 0.000 1.752 0.294 : 0.000 : 89.554 : 842 1796 26 0 : 2275 : 4608 4424 : 100.037840 : 9 Next_heuristic_check_may_be_too_late ]
[100.040s][info][safepoint] Application time: 0.1614818 seconds
[100.041s][info][safepoint] Total time for which application threads were stopped: 0.0003967 seconds, Stopping threads took: 0.0000004 seconds
[100.041s][info][gc       ] [SPS 0.000 0.003 0.002 0.006 0.000 0.001 0.000 0.369 0.021 0.397 NewGC_pause1 100.040312 ]
[100.099s][info][safepoint] Application time: 0.0581941 seconds
[100.099s][info][safepoint] Total time for which application threads were stopped: 0.0001287 seconds, Stopping threads took: 0.0000004 seconds
[100.100s][info][gc       ] [SPS 0.000 0.001 0.000 0.006 0.000 0.001 0.000 0.102 0.019 0.129 NewGC_pause2 100.098635 ]
[100.101s][info][safepoint] Application time: 0.0019034 seconds
[100.101s][info][safepoint] Total time for which application threads were stopped: 0.0001197 seconds, Stopping threads took: 0.0000004 seconds
[100.101s][info][gc       ] [SPS 0.000 0.000 0.000 0.006 0.000 0.001 0.000 0.100 0.012 0.120 NewGC_pause3 100.100657 ]
[100.102s][info][safepoint] Application time: 0.0010216 seconds
[100.102s][info][safepoint] Total time for which application threads were stopped: 0.0000601 seconds, Stopping threads took: 0.0000004 seconds
[100.102s][info][gc       ] [GC New Max 331-309 : 5120 3068 2222 5120 - - 1051 56 2 2 - : 216 1796 26 184 1062 : 212 4 849 849 0 : 0 1 106 0 108 - 0 : 0.159660 3908.3 0.0 0.063597 3459.3 0.0 : 3 --c 0000 : 23 0 0.000 0.000 0 0.000 0.000 0 0.000 0.000 : 100.038352 100.039915 0.000294 100.098506 0.000062 100.100538 0.000101 100.101679 0.000044 : 100.101949 ]
[100.102s][info][gc       ] [SYSINFO 7333 227 63 0 6777 0 30 0 0 5703 : - - - - - - - - : 0 7168 : 3.01 3.05 2.09 : 292739 4277888 : 0 0 : 24 0 : 3877 2 0 261 : - 7411195904 682364928 1200361472 5905219584 238166016 67043328 : 140073237 30066700 739260 0 0 0 : 100.102182 ]
[100.102s][info][gc       ] [HUGEPAGESTAT 0 0 0 - 110774 0 0 : 393216 0 0 : 100.102182 ]
[100.102s][info][gc       ] [OBJCREAT 304055910 25489 15474688 : 100.102247 ]
[100.102s][info][gc       ] [HMSV All : 0 0 90 0 0 0 0 0 : 4960 0 0 0 : 100.102262 ]
[100.102s][info][gc       ] [HMSP 9 : 41100 0 : 100.102262 ]
[100.103s][info][gc       ] [VMAC 65530 166 24 435 625 : 100.102716 ]
[100.102s][info][gc       ] [SPS 0.000 0.002 0.002 0.006 0.000 0.001 0.000 0.040 0.013 0.060 NewGC_pause4 100.101739 ]
[100.261s][info][gc       ] [GPGC-H  3975.7 488.5 0.2 0.0 : 25.8 : 0.000 0.000 : 0.000 0.000 0.672 1.246 : 0.000 0.000 0.000 0.000 1.735 0.294 : 0.000 : 88.928 : 822 1796 26 0 : 2275 : 4608 4424 : 100.261187 : 9 Next_heuristic_check_may_be_too_late ]
[100.263s][info][safepoint] Application time: 0.1614433 seconds
[100.264s][info][safepoint] Total time for which application threads were stopped: 0.0002845 seconds, Stopping threads took: 0.0000004 seconds
[100.264s][info][gc       ] [SPS 0.000 0.003 0.002 0.006 0.000 0.001 0.000 0.251 0.027 0.285 NewGC_pause1 100.263467 ]
[100.318s][info][safepoint] Application time: 0.0544629 seconds
[100.319s][info][safepoint] Total time for which application threads were stopped: 0.0001683 seconds, Stopping threads took: 0.0000004 seconds
[100.319s][info][gc       ] [SPS 0.000 0.001 0.000 0.006 0.000 0.001 0.000 0.140 0.020 0.168 NewGC_pause2 100.318099 ]
[100.323s][info][safepoint] Application time: 0.0048770 seconds
[100.323s][info][safepoint] Total time for which application threads were stopped: 0.0001476 seconds, Stopping threads took: 0.0000004 seconds
[100.324s][info][gc       ] [SPS 0.000 0.001 0.000 0.006 0.000 0.001 0.000 0.124 0.016 0.148 NewGC_pause3 100.323123 ]
[100.324s][info][safepoint] Application time: 0.0011015 seconds
[100.325s][info][safepoint] Total time for which application threads were stopped: 0.0000607 seconds, Stopping threads took: 0.0000005 seconds
[100.325s][info][gc       ] [SPS 0.000 0.002 0.002 0.006 0.000 0.001 0.000 0.041 0.013 0.061 NewGC_pause4 100.324285 ]
[100.325s][info][gc       ] [GC New Max 332-310 : 5120 3070 2246 5120 - - 1051 56 2 2 - : 240 1796 26 184 1064 : 236 4 829 829 0 : 0 1 118 0 120 - 0 : 0.159724 3806.6 0.0 0.062819 3884.2 0.0 : 3 --c 0000 : 23 0 0.000 0.000 0 0.000 0.000 0 0.000 0.000 : 100.261672 100.263183 0.000215 100.317930 0.000096 100.322975 0.000128 100.324225 0.000044 : 100.324491 ]
[100.325s][info][gc       ] [SYSINFO 7333 227 63 0 6777 0 30 0 0 5703 : - - - - - - - - : 0 7168 : 3.01 3.05 2.09 : 292739 4277888 : 0 0 : 24 0 : 3877 2 0 261 : - 7411195904 682364928 1200361472 5905219584 238166016 67043328 : 140073237 30067070 739320 0 0 0 : 100.324736 ]
[100.325s][info][gc       ] [HUGEPAGESTAT 0 0 0 - 110774 0 0 : 393216 0 0 : 100.324736 ]
[100.325s][info][gc       ] [OBJCREAT 304899682 25489 15474688 : 100.324778 ]
[100.325s][info][gc       ] [HMSV All : 0 0 90 0 0 0 0 0 : 4960 0 0 0 : 100.324792 ]
[100.325s][info][gc       ] [HMSP 9 : 41100 0 : 100.324792 ]
[100.325s][info][gc       ] [VMAC 65530 166 24 435 625 : 100.325174 ]
[100.487s][info][gc       ] [GPGC-H  3975.7 488.5 0.2 0.0 : 25.8 : 0.000 0.000 : 0.000 0.000 0.666 1.246 : 0.000 0.000 0.000 0.000 1.719 0.294 : 0.000 : 88.307 : 842 1796 26 0 : 2275 : 4608 4424 : 100.487408 : 9 Next_heuristic_check_may_be_too_late ]
[100.490s][info][safepoint] Application time: 0.1652900 seconds
[100.490s][info][safepoint] Total time for which application threads were stopped: 0.0002825 seconds, Stopping threads took: 0.0000004 seconds
[100.491s][info][gc       ] [SPS 0.000 0.003 0.002 0.006 0.000 0.001 0.000 0.242 0.033 0.283 NewGC_pause1 100.489858 ]
[100.545s][info][safepoint] Application time: 0.0547205 seconds
[100.545s][info][safepoint] Total time for which application threads were stopped: 0.0001824 seconds, Stopping threads took: 0.0000005 seconds
[100.546s][info][gc       ] [SPS 0.000 0.001 0.000 0.006 0.000 0.001 0.000 0.151 0.024 0.183 NewGC_pause2 100.544761 ]
[100.548s][info][safepoint] Application time: 0.0026310 seconds
[100.548s][info][safepoint] Total time for which application threads were stopped: 0.0001311 seconds, Stopping threads took: 0.0000005 seconds
[100.548s][info][gc       ] [SPS 0.000 0.000 0.000 0.006 0.000 0.001 0.000 0.107 0.016 0.131 NewGC_pause3 100.547523 ]
[100.549s][info][safepoint] Application time: 0.0010236 seconds
[100.549s][info][safepoint] Total time for which application threads were stopped: 0.0000670 seconds, Stopping threads took: 0.0000005 seconds
[100.549s][info][gc       ] [SPS 0.000 0.003 0.002 0.006 0.000 0.001 0.000 0.044 0.015 0.067 NewGC_pause4 100.548614 ]
[100.549s][info][gc       ] [GC New Max 333-311 : 5120 3058 2210 5120 - - 1051 56 2 2 - : 204 1796 26 184 1052 : 202 2 850 850 0 : 0 0 101 0 102 - 0 : 0.163393 3696.6 0.0 0.060945 3445.7 0.0 : 3 --c 0000 : 23 0 0.000 0.000 0 0.000 0.000 0 0.000 0.000 : 100.487884 100.489576 0.000211 100.544579 0.000106 100.547392 0.000110 100.548547 0.000047 : 100.548829 ]
[100.549s][info][gc       ] [SYSINFO 7333 227 63 0 6777 0 30 0 0 5703 : - - - - - - - - : 0 7168 : 3.01 3.05 2.09 : 292739 4277888 : 0 0 : 24 0 : 3877 2 0 261 : - 7411195904 682364928 1200361472 5905219584 238166016 67043328 : 140073237 30067430 739390 0 0 0 : 100.549054 ]
[100.549s][info][gc       ] [HUGEPAGESTAT 0 0 0 - 110774 0 0 : 393216 0 0 : 100.549054 ]
[100.549s][info][gc       ] [OBJCREAT 305707411 25489 15474688 : 100.549099 ]
[100.549s][info][gc       ] [HMSV All : 0 0 90 0 0 0 0 0 : 4960 0 0 0 : 100.549115 ]
[100.549s][info][gc       ] [HMSP 9 : 41100 0 : 100.549115 ]
[100.550s][info][gc       ] [VMAC 65530 166 24 435 625 : 100.549528 ]
[100.711s][info][gc       ] [GPGC-H  3975.7 488.5 0.2 0.0 : 25.8 : 0.000 0.000 : 0.000 0.000 0.659 1.246 : 0.000 0.000 0.000 0.000 1.703 0.294 : 0.000 : 87.676 : 860 1796 26 0 : 2275 : 4608 4424 : 100.711132 : 9 Next_heuristic_check_may_be_too_late ]
[100.713s][info][safepoint] Application time: 0.1645092 seconds
[100.714s][info][safepoint] Total time for which application threads were stopped: 0.0002015 seconds, Stopping threads took: 0.0000004 seconds
[100.714s][info][gc       ] [SPS 0.000 0.002 0.002 0.005 0.000 0.001 0.000 0.177 0.018 0.202 NewGC_pause1 100.713325 ]
[100.770s][info][safepoint] Application time: 0.0563717 seconds
[100.770s][info][safepoint] Total time for which application threads were stopped: 0.0002286 seconds, Stopping threads took: 0.0000004 seconds
[100.771s][info][gc       ] [SPS 0.000 0.001 0.000 0.006 0.000 0.001 0.000 0.201 0.021 0.229 NewGC_pause2 100.769926 ]
[100.772s][info][safepoint] Application time: 0.0022751 seconds
[100.773s][info][safepoint] Total time for which application threads were stopped: 0.0001204 seconds, Stopping threads took: 0.0000004 seconds
[100.773s][info][gc       ] [SPS 0.000 0.000 0.000 0.006 0.000 0.001 0.000 0.100 0.013 0.120 NewGC_pause3 100.772321 ]
[100.774s][info][safepoint] Application time: 0.0011388 seconds
[100.774s][info][safepoint] Total time for which application threads were stopped: 0.0000610 seconds, Stopping threads took: 0.0000004 seconds
[100.774s][info][gc       ] [SPS 0.000 0.002 0.002 0.006 0.000 0.001 0.000 0.041 0.013 0.061 NewGC_pause4 100.773521 ]
[100.774s][info][gc       ] [GC New Max 334-312 : 5120 3102 2238 5120 - - 1051 56 2 2 - : 232 1796 26 184 1096 : 228 4 866 866 0 : 0 1 114 0 116 - 0 : 0.162794 4041.9 0.0 0.062138 3798.0 0.0 : 3 --c 0000 : 23 0 0.000 0.000 0 0.000 0.000 0 0.000 0.000 : 100.711624 100.713123 0.000137 100.769697 0.000161 100.772201 0.000104 100.773460 0.000045 : 100.773761 ]
[100.774s][info][gc       ] [SYSINFO 7333 227 63 0 6777 0 30 0 0 5703 : - - - - - - - - : 0 7168 : 3.01 3.05 2.09 : 292739 4277888 : 0 0 : 24 0 : 3877 2 0 261 : - 7411195904 682364928 1200361472 5905219584 238166016 67043328 : 140073237 30067820 739460 0 0 0 : 100.774065 ]
[100.774s][info][gc       ] [HUGEPAGESTAT 0 0 0 - 110774 0 0 : 393216 0 0 : 100.774065 ]
[100.774s][info][gc       ] [OBJCREAT 306590025 25489 15474688 : 100.774112 ]
[100.774s][info][gc       ] [HMSV All : 0 0 90 0 0 0 0 0 : 4960 0 0 0 : 100.774125 ]
[100.774s][info][gc       ] [HMSP 9 : 41100 0 : 100.774125 ]
[100.775s][info][gc       ] [VMAC 65530 166 24 435 625 : 100.774512 ]
[100.934s][info][gc       ] [GPGC-H  3975.7 488.5 0.2 0.0 : 25.8 : 0.000 0.000 : 0.000 0.000 0.653 1.246 : 0.000 0.000 0.000 0.000 1.687 0.294 : 0.000 : 87.055 : 852 1796 26 0 : 2275 : 4608 4424 : 100.934037 : 9 Next_heuristic_check_may_be_too_late ]
[100.937s][info][safepoint] Application time: 0.1626601 seconds
[100.937s][info][safepoint] Total time for which application threads were stopped: 0.0003237 seconds, Stopping threads took: 0.0000005 seconds
[100.937s][info][gc       ] [SPS 0.000 0.003 0.002 0.007 0.000 0.001 0.000 0.287 0.029 0.324 NewGC_pause1 100.936505 ]
[100.991s][info][safepoint] Application time: 0.0547783 seconds
[100.992s][info][safepoint] Total time for which application threads were stopped: 0.0001714 seconds, Stopping threads took: 0.0000004 seconds
[100.992s][info][gc       ] [SPS 0.000 0.001 0.000 0.006 0.000 0.001 0.000 0.143 0.020 0.171 NewGC_pause2 100.991455 ]
[100.993s][info][safepoint] Application time: 0.0019101 seconds
[100.994s][info][safepoint] Total time for which application threads were stopped: 0.0000609 seconds, Stopping threads took: 0.0000004 seconds
[100.994s][info][gc       ] [SPS 0.000 0.000 0.000 0.006 0.000 0.001 0.000 0.040 0.014 0.061 NewGC_pause3 100.993426 ]
[100.995s][info][safepoint] Application time: 0.0012932 seconds
[100.995s][info][safepoint] Total time for which application threads were stopped: 0.0000650 seconds, Stopping threads took: 0.0000005 seconds
[100.995s][info][gc       ] [SPS 0.000 0.003 0.002 0.006 0.000 0.001 0.000 0.043 0.015 0.065 NewGC_pause4 100.994784 ]
[100.995s][info][gc       ] [GC New Max 335-313 : 5120 3084 2228 5120 - - 1051 56 2 2 - : 222 1796 26 184 1076 : 218 4 859 859 0 : 0 1 109 0 111 - 0 : 0.160814 3867.8 0.0 0.060474 3737.1 0.0 : 3 --c 0000 : 23 0 0.000 0.000 0 0.000 0.000 0 0.000 0.000 : 100.934576 100.936181 0.000243 100.991284 0.000100 100.993365 0.000043 100.994719 0.000046 : 100.995050 ]
[100.995s][info][gc       ] [SYSINFO 7333 227 63 0 6777 0 30 0 0 5703 : - - - - - - - - : 0 7168 : 3.01 3.05 2.09 : 292739 4277888 : 0 0 : 24 0 : 3877 2 0 261 : - 7411195904 682364928 1200361472 5905219584 238166016 67043328 : 140073237 30068180 739530 0 0 0 : 100.995320 ]
[100.995s][info][gc       ] [HUGEPAGESTAT 0 0 0 - 110774 0 0 : 393216 0 0 : 100.995320 ]
[100.995s][info][gc       ] [OBJCREAT 307429549 25489 15474688 : 100.995379 ]
[100.995s][info][gc       ] [HMSV All : 0 0 90 0 0 0 0 0 : 4960 0 0 0 : 100.995392 ]
[100.995s][info][gc       ] [HMSP 9 : 41100 0 : 100.995392 ]
[100.996s][info][gc       ] [VMAC 65530 166 24 435 625 : 100.995859 ]
[101.157s][info][gc       ] [GPGC-H  3975.7 488.5 0.2 0.0 : 25.8 : 0.000 0.000 : 0.000 0.000 0.647 1.246 : 0.000 0.000 0.000 0.000 1.671 0.294 : 0.000 : 86.448 : 860 1796 26 0 : 2275 : 4608 4424 : 101.157324 : 9 Next_heuristic_check_may_be_too_late ]
[101.160s][info][safepoint] Application time: 0.1645538 seconds
[101.160s][info][safepoint] Total time for which application threads were stopped: 0.0002475 seconds, Stopping threads took: 0.0000004 seconds
[101.161s][info][gc       ] [SPS 0.000 0.003 0.002 0.006 0.000 0.001 0.000 0.222 0.018 0.247 NewGC_pause1 101.159586 ]
[101.213s][info][safepoint] Application time: 0.0530710 seconds
[101.213s][info][safepoint] Total time for which application threads were stopped: 0.0001264 seconds, Stopping threads took: 0.0000004 seconds
[101.214s][info][gc       ] [SPS 0.000 0.001 0.000 0.006 0.000 0.001 0.000 0.100 0.019 0.126 NewGC_pause2 101.212783 ]
[101.215s][info][safepoint] Application time: 0.0016483 seconds
[101.215s][info][safepoint] Total time for which application threads were stopped: 0.0000914 seconds, Stopping threads took: 0.0000004 seconds
[101.215s][info][gc       ] [SPS 0.000 0.000 0.000 0.006 0.000 0.001 0.000 0.073 0.012 0.091 NewGC_pause3 101.214523 ]
[101.216s][info][safepoint] Application time: 0.0011589 seconds
[101.216s][info][safepoint] Total time for which application threads were stopped: 0.0001077 seconds, Stopping threads took: 0.0000004 seconds
[101.216s][info][gc       ] [SPS 0.000 0.002 0.002 0.005 0.000 0.001 0.000 0.087 0.014 0.108 NewGC_pause4 101.215790 ]
[101.216s][info][gc       ] [GC New Max 336-314 : 5120 3080 2216 5120 - - 1051 56 2 2 - : 210 1796 26 184 1074 : 206 4 866 866 0 : 0 1 103 0 105 - 0 : 0.162763 3932.1 0.0 0.058276 3672.2 0.0 : 3 --c 0000 : 23 0 0.000 0.000 0 0.000 0.000 0 0.000 0.000 : 101.157813 101.159338 0.000192 101.212657 0.000062 101.214432 0.000077 101.215682 0.000090 : 101.216089 ]
[101.216s][info][gc       ] [SYSINFO 7333 227 63 0 6777 0 30 0 0 5703 : - - - - - - - - : 0 7168 : 3.01 3.05 2.09 : 292739 4277888 : 0 0 : 24 0 : 3877 2 0 261 : - 7411195904 682364928 1200361472 5905219584 238166016 67043328 : 140073237 30068540 739590 0 0 0 : 101.216300 ]
[101.216s][info][gc       ] [HUGEPAGESTAT 0 0 0 - 110774 0 0 : 393216 0 0 : 101.216300 ]
[101.216s][info][gc       ] [OBJCREAT 308274826 25489 15474688 : 101.216340 ]
[101.216s][info][gc       ] [HMSV All : 0 0 90 0 0 0 0 0 : 4960 0 0 0 : 101.216357 ]
[101.216s][info][gc       ] [HMSP 9 : 41100 0 : 101.216357 ]
[101.217s][info][gc       ] [VMAC 65530 166 24 435 625 : 101.216731 ]
[101.378s][info][gc       ] [GPGC-H  3975.7 488.5 0.2 0.0 : 25.8 : 0.000 0.000 : 0.000 0.000 0.641 1.246 : 0.000 0.000 0.000 0.000 1.655 0.294 : 0.000 : 85.837 : 838 1796 26 0 : 2275 : 4608 4424 : 101.377984 : 9 Next_heuristic_check_may_be_too_late ]
[101.381s][info][safepoint] Application time: 0.1644975 seconds
[101.381s][info][safepoint] Total time for which application threads were stopped: 0.0003115 seconds, Stopping threads took: 0.0000004 seconds
[101.381s][info][gc       ] [SPS 0.000 0.003 0.002 0.006 0.000 0.001 0.000 0.284 0.020 0.312 NewGC_pause1 101.380599 ]
[101.436s][info][safepoint] Application time: 0.0555574 seconds
[101.437s][info][safepoint] Total time for which application threads were stopped: 0.0001649 seconds, Stopping threads took: 0.0000004 seconds
[101.437s][info][gc       ] [SPS 0.000 0.001 0.000 0.006 0.000 0.001 0.000 0.138 0.020 0.165 NewGC_pause2 101.436321 ]
[101.438s][info][safepoint] Application time: 0.0019432 seconds
[101.439s][info][safepoint] Total time for which application threads were stopped: 0.0000771 seconds, Stopping threads took: 0.0000004 seconds
[101.439s][info][gc       ] [SPS 0.000 0.001 0.000 0.006 0.000 0.001 0.000 0.047 0.022 0.077 NewGC_pause3 101.438342 ]
[101.440s][info][safepoint] Application time: 0.0011170 seconds
[101.440s][info][safepoint] Total time for which application threads were stopped: 0.0000596 seconds, Stopping threads took: 0.0000005 seconds
[101.440s][info][gc       ] [SPS 0.000 0.002 0.002 0.006 0.000 0.001 0.000 0.040 0.013 0.060 NewGC_pause4 101.439518 ]
[101.440s][info][gc       ] [GC New Max 337-315 : 5120 3078 2236 5120 - - 1051 56 2 2 - : 230 1796 26 184 1072 : 226 4 846 846 0 : 0 1 113 0 115 - 0 : 0.162434 3878.5 0.0 0.061243 3853.5 0.0 : 3 --c 0000 : 23 0 0.000 0.000 0 0.000 0.000 0 0.000 0.000 : 101.378523 101.380287 0.000253 101.436156 0.000094 101.438265 0.000051 101.439459 0.000043 : 101.439765 ]
[101.440s][info][gc       ] [SYSINFO 7333 227 63 0 6777 0 30 0 0 5703 : - - - - - - - - : 0 7168 : 3.01 3.05 2.09 : 292739 4277888 : 0 0 : 24 0 : 3877 2 0 261 : - 7411195904 682364928 1200361472 5905219584 238166016 67043328 : 140073237 30068910 739650 0 0 0 : 101.439981 ]
[101.440s][info][gc       ] [HUGEPAGESTAT 0 0 0 - 110774 0 0 : 393216 0 0 : 101.439981 ]
[101.440s][info][gc       ] [OBJCREAT 309131393 25489 15474688 : 101.440022 ]
[101.440s][info][gc       ] [HMSV All : 0 0 90 0 0 0 0 0 : 4960 0 0 0 : 101.440037 ]
[101.440s][info][gc       ] [HMSP 9 : 41100 0 : 101.440037 ]
[101.440s][info][gc       ] [VMAC 65530 166 24 435 625 : 101.440418 ]
[101.601s][info][gc       ] [GPGC-H  3975.7 488.5 0.2 0.0 : 25.8 : 0.000 0.000 : 0.000 0.000 0.635 1.246 : 0.000 0.000 0.000 0.000 1.640 0.294 : 0.000 : 85.236 : 874 1796 26 0 : 2275 : 4608 4424 : 101.601119 : 9 Next_heuristic_check_may_be_too_late ]
[101.604s][info][safepoint] Application time: 0.1638680 seconds
[101.604s][info][safepoint] Total time for which application threads were stopped: 0.0003374 seconds, Stopping threads took: 0.0000004 seconds
[101.605s][info][gc       ] [SPS 0.000 0.002 0.002 0.006 0.000 0.001 0.000 0.300 0.030 0.337 NewGC_pause1 101.603724 ]
[101.660s][info][safepoint] Application time: 0.0557089 seconds
[101.660s][info][safepoint] Total time for which application threads were stopped: 0.0001572 seconds, Stopping threads took: 0.0000004 seconds
[101.660s][info][gc       ] [SPS 0.000 0.001 0.000 0.006 0.000 0.001 0.000 0.124 0.026 0.157 NewGC_pause2 101.659590 ]
[101.661s][info][safepoint] Application time: 0.0016133 seconds
[101.662s][info][safepoint] Total time for which application threads were stopped: 0.0000998 seconds, Stopping threads took: 0.0000004 seconds
[101.662s][info][gc       ] [SPS 0.000 0.000 0.000 0.005 0.000 0.001 0.000 0.082 0.011 0.100 NewGC_pause3 101.661303 ]
[101.662s][info][safepoint] Application time: 0.0010114 seconds
[101.663s][info][safepoint] Total time for which application threads were stopped: 0.0000677 seconds, Stopping threads took: 0.0000004 seconds
[101.663s][info][gc       ] [SPS 0.000 0.002 0.002 0.011 0.000 0.001 0.000 0.039 0.017 0.068 NewGC_pause4 101.662382 ]
[101.663s][info][gc       ] [GC New Max 338-316 : 5120 3128 2248 5120 - - 1051 56 2 2 - : 242 1796 26 184 1122 : 238 4 882 882 0 : 0 1 119 0 121 - 0 : 0.161882 3990.5 0.0 0.060954 4068.6 0.0 : 3 --c 0000 : 23 0 0.000 0.000 0 0.000 0.000 0 0.000 0.000 : 101.601648 101.603386 0.000249 101.659433 0.000084 101.661203 0.000086 101.662315 0.000047 : 101.662602 ]
[101.663s][info][gc       ] [SYSINFO 7333 227 63 0 6777 0 30 0 0 5703 : - - - - - - - - : 0 7168 : 3.01 3.05 2.09 : 292739 4277888 : 0 0 : 24 0 : 3877 3 0 261 : - 7411195904 682364928 1200361472 5905219584 238166016 67043328 : 140073237 30069300 739650 0 0 0 : 101.662874 ]
[101.663s][info][gc       ] [HUGEPAGESTAT 0 0 0 - 110774 0 0 : 393216 0 0 : 101.662874 ]
[101.663s][info][gc       ] [OBJCREAT 310017517 25489 15474688 : 101.662914 ]
[101.663s][info][gc       ] [HMSV All : 0 0 90 0 0 0 0 0 : 4960 0 0 0 : 101.662926 ]
[101.663s][info][gc       ] [HMSP 9 : 41100 0 : 101.662926 ]
[101.663s][info][gc       ] [VMAC 65530 166 24 435 625 : 101.663309 ]
[101.824s][info][gc       ] [GPGC-H  3975.7 488.5 0.2 0.0 : 25.8 : 0.000 0.000 : 0.000 0.000 0.629 1.246 : 0.000 0.000 0.000 0.000 1.625 0.294 : 0.000 : 84.643 : 930 1796 26 0 : 2275 : 4608 4424 : 101.824126 : 9 Next_heuristic_check_may_be_too_late ]
[101.827s][info][safepoint] Application time: 0.1639942 seconds
[101.827s][info][safepoint] Total time for which application threads were stopped: 0.0002921 seconds, Stopping threads took: 0.0000004 seconds
[101.827s][info][gc       ] [SPS 0.000 0.003 0.002 0.006 0.000 0.001 0.000 0.266 0.019 0.292 NewGC_pause1 101.826669 ]
[101.881s][info][safepoint] Application time: 0.0544426 seconds
[101.882s][info][safepoint] Total time for which application threads were stopped: 0.0001192 seconds, Stopping threads took: 0.0000004 seconds
[101.882s][info][gc       ] [SPS 0.000 0.001 0.000 0.006 0.000 0.001 0.000 0.093 0.019 0.119 NewGC_pause2 101.881231 ]
[101.883s][info][safepoint] Application time: 0.0015526 seconds
[101.883s][info][safepoint] Total time for which application threads were stopped: 0.0000600 seconds, Stopping threads took: 0.0000004 seconds
[101.884s][info][gc       ] [SPS 0.000 0.000 0.000 0.006 0.000 0.001 0.000 0.041 0.012 0.060 NewGC_pause3 101.882844 ]
[101.884s][info][safepoint] Application time: 0.0013043 seconds
[101.885s][info][safepoint] Total time for which application threads were stopped: 0.0001186 seconds, Stopping threads took: 0.0000004 seconds
[101.885s][info][gc       ] [SPS 0.000 0.002 0.002 0.006 0.000 0.001 0.000 0.100 0.012 0.119 NewGC_pause4 101.884267 ]
[101.885s][info][gc       ] [GC New Max 339-317 : 5120 3174 2238 5120 - - 1051 56 2 2 - : 232 1796 26 184 1168 : 230 2 938 938 0 : 0 0 115 0 116 - 0 : 0.162068 4257.5 0.0 0.060012 3965.9 0.0 : 3 --c 0000 : 23 0 0.000 0.000 0 0.000 0.000 0 0.000 0.000 : 101.824670 101.826377 0.000223 101.881112 0.000060 101.882784 0.000044 101.884148 0.000103 : 101.884682 ]
[101.885s][info][gc       ] [SYSINFO 7333 227 63 0 6777 0 30 0 0 5703 : - - - - - - - - : 0 7168 : 3.01 3.05 2.09 : 292739 4277888 : 0 0 : 24 0 : 3877 2 0 261 : - 7411195904 682364928 1200361472 5905219584 238166016 67043328 : 140073237 30069670 739650 0 0 0 : 101.884890 ]
[101.885s][info][gc       ] [HUGEPAGESTAT 0 0 0 - 110774 0 0 : 393216 0 0 : 101.884890 ]
[101.885s][info][gc       ] [OBJCREAT 310936252 25489 15474688 : 101.884931 ]
[101.885s][info][gc       ] [HMSV All : 0 0 90 0 0 0 0 0 : 4960 0 0 0 : 101.884947 ]
[101.885s][info][gc       ] [HMSP 9 : 41100 0 : 101.884947 ]
[101.885s][info][gc       ] [VMAC 65530 166 24 435 625 : 101.885316 ]
[102.047s][info][gc       ] [GPGC-H  3975.7 445.2 0.2 0.0 : 23.5 : 0.000 0.000 : 0.000 0.000 0.624 1.246 : 0.000 0.000 0.000 0.000 1.609 0.294 : 0.000 : 84.055 : 918 1796 26 0 : 2275 : 4608 4424 : 102.047324 : 9 Next_heuristic_check_may_be_too_late ]
[102.050s][info][safepoint] Application time: 0.1652233 seconds
[102.050s][info][safepoint] Total time for which application threads were stopped: 0.0003492 seconds, Stopping threads took: 0.0000004 seconds
[102.051s][info][gc       ] [SPSH lock suspend gclocker notify wait resuspend cleanup op_time wakeup total(ms) op_name end(s) ]
[102.051s][info][gc       ] [SPS 0.000 0.003 0.002 0.006 0.000 0.001 0.000 0.325 0.018 0.349 NewGC_pause1 102.049839 ]
[102.104s][info][safepoint] Application time: 0.0543793 seconds
[102.105s][info][safepoint] Total time for which application threads were stopped: 0.0001290 seconds, Stopping threads took: 0.0000004 seconds
[102.105s][info][gc       ] [SPS 0.000 0.001 0.000 0.006 0.000 0.001 0.000 0.104 0.019 0.130 NewGC_pause2 102.104349 ]
[102.106s][info][safepoint] Application time: 0.0016546 seconds
[102.106s][info][safepoint] Total time for which application threads were stopped: 0.0001098 seconds, Stopping threads took: 0.0000004 seconds
[102.107s][info][gc       ] [SPS 0.000 0.000 0.000 0.006 0.000 0.001 0.000 0.092 0.011 0.110 NewGC_pause3 102.106113 ]
[102.107s][info][safepoint] Application time: 0.0009662 seconds
[102.107s][info][safepoint] Total time for which application threads were stopped: 0.0000652 seconds, Stopping threads took: 0.0000004 seconds
[102.107s][info][gc       ] [SPS 0.000 0.002 0.002 0.006 0.000 0.007 0.000 0.040 0.012 0.065 NewGC_pause4 102.107144 ]
[102.108s][info][gc       ] [GC New Max 340-318 : 5120 3162 2238 5120 - - 1051 56 2 2 - : 232 1796 26 184 1156 : 228 4 926 926 0 : 0 1 114 0 116 - 0 : 0.163171 4228.7 0.0 0.059544 3963.5 0.0 : 3 --c 0000 : 23 0 0.000 0.000 0 0.000 0.000 0 0.000 0.000 : 102.047853 102.049490 0.000234 102.104219 0.000058 102.106002 0.000096 102.107078 0.000050 : 102.107397 ]
[102.108s][info][gc       ] [SYSINFO 7333 227 63 0 6777 0 30 0 0 5703 : - - - - - - - - : 0 7168 : 3.01 3.05 2.09 : 292739 4277888 : 0 0 : 24 0 : 3877 2 0 261 : - 7411195904 682364928 1200361472 5905219584 238166016 67043328 : 140073237 30070030 739650 0 0 0 : 102.107603 ]
[102.108s][info][gc       ] [HUGEPAGESTAT 0 0 0 - 110774 0 0 : 393216 0 0 : 102.107603 ]
[102.108s][info][gc       ] [OBJCREAT 311852367 25489 15474688 : 102.107643 ]
[102.108s][info][gc       ] [HMSV All : 0 0 90 0 0 0 0 0 : 4960 0 0 0 : 102.107657 ]
[102.108s][info][gc       ] [HMSP 9 : 41100 0 : 102.107657 ]
[102.108s][info][gc       ] [VMAC 65530 166 24 435 625 : 102.108010 ]
[102.269s][info][gc       ] [GPGC-H  3960.8 445.2 0.2 0.0 : 23.5 : 0.000 0.000 : 0.000 0.000 0.618 1.246 : 0.000 0.000 0.000 0.000 1.594 0.294 : 0.000 : 83.468 : 904 1796 26 0 : 2275 : 4608 4424 : 102.269493 : 9 Next_heuristic_check_may_be_too_late ]
[102.272s][info][safepoint] Application time: 0.1643164 seconds
[102.272s][info][safepoint] Total time for which application threads were stopped: 0.0003182 seconds, Stopping threads took: 0.0000005 seconds
[102.273s][info][gc       ] [SPS 0.000 0.002 0.002 0.007 0.000 0.001 0.000 0.281 0.029 0.318 NewGC_pause1 102.271779 ]
[102.327s][info][safepoint] Application time: 0.0547707 seconds
[102.327s][info][safepoint] Total time for which application threads were stopped: 0.0001486 seconds, Stopping threads took: 0.0000004 seconds
[102.328s][info][gc       ] [SPS 0.000 0.001 0.000 0.006 0.000 0.001 0.000 0.121 0.020 0.149 NewGC_pause2 102.326698 ]
[102.328s][info][safepoint] Application time: 0.0015660 seconds
[102.329s][info][safepoint] Total time for which application threads were stopped: 0.0001846 seconds, Stopping threads took: 0.0000004 seconds
[102.329s][info][gc       ] [SPS 0.000 0.000 0.000 0.006 0.000 0.001 0.000 0.159 0.019 0.185 NewGC_pause3 102.328449 ]
[102.329s][info][safepoint] Application time: 0.0009356 seconds
[102.330s][info][safepoint] Total time for which application threads were stopped: 0.0000584 seconds, Stopping threads took: 0.0000004 seconds
[102.330s][info][gc       ] [SPS 0.000 0.002 0.002 0.005 0.000 0.001 0.000 0.038 0.013 0.058 NewGC_pause4 102.329443 ]
[102.330s][info][gc       ] [GC New Max 341-319 : 5120 3142 2236 5120 - - 1051 56 2 2 - : 228 1796 26 184 1136 : 226 4 910 910 0 : 0 1 113 0 115 - 0 : 0.162570 4145.9 0.0 0.059835 3877.3 0.0 : 3 --c 0000 : 23 0 0.000 0.000 0 0.000 0.000 0 0.000 0.000 : 102.269967 102.271460 0.000245 102.326550 0.000080 102.328264 0.000041 102.329384 0.000042 : 102.329802 ]
[102.330s][info][gc       ] [SYSINFO 7333 227 63 0 6777 0 30 0 0 5703 : - - - - - - - - : 0 7168 : 3.01 3.05 2.09 : 292739 4277888 : 0 0 : 24 0 : 3877 2 0 261 : - 7411195904 682364928 1200361472 5905219584 238166016 67043328 : 140073237 30070410 739680 0 0 0 : 102.330035 ]
[102.330s][info][gc       ] [HUGEPAGESTAT 0 0 0 - 110774 0 0 : 393216 0 0 : 102.330035 ]
[102.330s][info][gc       ] [OBJCREAT 312749333 25489 15474688 : 102.330077 ]
[102.330s][info][gc       ] [HMSV All : 0 0 90 0 0 0 0 0 : 4960 0 0 0 : 102.330094 ]
[102.330s][info][gc       ] [HMSP 9 : 41100 0 : 102.330094 ]
[102.330s][info][gc       ] [VMAC 65530 166 24 435 625 : 102.330487 ]
[102.491s][info][gc       ] [GPGC-H  3960.8 445.2 0.2 0.0 : 23.5 : 0.000 0.000 : 0.000 0.000 0.612 1.246 : 0.000 0.000 0.000 0.000 1.580 0.294 : 0.000 : 82.889 : 860 1796 26 0 : 2275 : 4608 4424 : 102.491383 : 9 Next_heuristic_check_may_be_too_late ]
[102.494s][info][safepoint] Application time: 0.1638640 seconds
[102.494s][info][safepoint] Total time for which application threads were stopped: 0.0002836 seconds, Stopping threads took: 0.0000004 seconds
[102.494s][info][gc       ] [SPS 0.000 0.002 0.002 0.006 0.000 0.001 0.000 0.241 0.036 0.284 NewGC_pause1 102.493591 ]
[102.549s][info][safepoint] Application time: 0.0556744 seconds
[102.550s][info][safepoint] Total time for which application threads were stopped: 0.0001821 seconds, Stopping threads took: 0.0000005 seconds
[102.550s][info][gc       ] [SPS 0.000 0.006 0.000 0.006 0.000 0.001 0.000 0.151 0.023 0.182 NewGC_pause2 102.549447 ]
[102.551s][info][safepoint] Application time: 0.0015703 seconds
[102.551s][info][safepoint] Total time for which application threads were stopped: 0.0000555 seconds, Stopping threads took: 0.0000004 seconds
[102.552s][info][gc       ] [SPS 0.000 0.000 0.000 0.006 0.000 0.001 0.000 0.036 0.013 0.055 NewGC_pause3 102.551073 ]
[102.552s][info][safepoint] Application time: 0.0009599 seconds
[102.552s][info][safepoint] Total time for which application threads were stopped: 0.0000610 seconds, Stopping threads took: 0.0000004 seconds
[102.553s][info][gc       ] [SPS 0.000 0.002 0.002 0.006 0.000 0.001 0.000 0.040 0.014 0.061 NewGC_pause4 102.552094 ]
[102.553s][info][gc       ] [GC New Max 342-320 : 5120 3084 2222 5120 - - 1051 56 2 2 - : 216 1796 26 184 1078 : 212 4 865 865 0 : 0 1 106 0 108 - 0 : 0.162016 3913.2 0.0 0.060487 3604.1 0.0 : 3 --c 0000 : 23 0 0.000 0.000 0 0.000 0.000 0 0.000 0.000 : 102.491818 102.493307 0.000210 102.549265 0.000112 102.551018 0.000039 102.552033 0.000043 : 102.552305 ]
[102.553s][info][gc       ] [SYSINFO 7333 227 63 0 6777 0 30 0 0 5703 : - - - - - - - - : 0 7168 : 3.01 3.05 2.09 : 292739 4277888 : 0 0 : 24 0 : 3877 2 0 261 : - 7411195904 682364928 1200361472 5905219584 238166016 67043328 : 140073237 30070800 739680 0 0 0 : 102.552557 ]
[102.553s][info][gc       ] [HUGEPAGESTAT 0 0 0 - 110774 0 0 : 393216 0 0 : 102.552557 ]
[102.553s][info][gc       ] [OBJCREAT 313591251 25489 15474688 : 102.552598 ]
[102.553s][info][gc       ] [HMSV All : 0 0 90 0 0 0 0 0 : 4960 0 0 0 : 102.552613 ]
[102.553s][info][gc       ] [HMSP 9 : 41100 0 : 102.552613 ]
[102.553s][info][gc       ] [VMAC 65530 166 24 435 625 : 102.553111 ]
[102.619s][info][gc       ] [GPGC-H  3960.8 445.2 0.2 0.0 : 23.5 : 0.000 0.000 : 0.000 0.000 0.606 1.246 : 0.000 0.000 0.000 0.000 1.565 0.294 : 0.000 : 82.320 : 846 1796 26 0 : 2275 : 4608 4424 : 102.618815 : 9 Next_heuristic_check_may_be_too_late ]
[102.622s][info][safepoint] Application time: 0.0691076 seconds
[102.622s][info][safepoint] Total time for which application threads were stopped: 0.0003679 seconds, Stopping threads took: 0.0000004 seconds
[102.622s][info][gc       ] [SPS 0.000 0.003 0.002 0.006 0.000 0.001 0.000 0.322 0.038 0.368 NewGC_pause1 102.621570 ]
[102.800s][info][safepoint] Application time: 0.1784919 seconds
[102.801s][info][safepoint] Total time for which application threads were stopped: 0.0001565 seconds, Stopping threads took: 0.0000004 seconds
[102.801s][info][gc       ] [SPS 0.000 0.001 0.000 0.006 0.000 0.001 0.000 0.129 0.020 0.157 NewGC_pause2 102.800218 ]
[102.802s][info][safepoint] Application time: 0.0019980 seconds
[102.803s][info][safepoint] Total time for which application threads were stopped: 0.0000743 seconds, Stopping threads took: 0.0000004 seconds
[102.803s][info][gc       ] [SPS 0.000 0.000 0.000 0.006 0.000 0.001 0.000 0.042 0.024 0.074 NewGC_pause3 102.802291 ]
[102.920s][info][safepoint] Application time: 0.1179285 seconds
[102.921s][info][safepoint] Total time for which application threads were stopped: 0.0001528 seconds, Stopping threads took: 0.0000005 seconds
[102.921s][info][gc       ] [SPS 0.000 0.003 0.006 0.006 0.000 0.001 0.000 0.124 0.021 0.153 NewGC_pause4 102.920372 ]
[102.921s][info][gc       ] [GC New Max 343-321 : 5120 4426 4098 5120 - - 1051 56 2 2 - : 2092 1796 26 184 2420 : 2082 10 335 335 0 : 0 0 777 0 912 - 134 : 0.067133 9473.7 0.0 0.301345 5223.3 0.0 : 3 --c 0000 : 23 0 0.000 0.000 0 0.000 0.000 0 0.000 0.000 : 102.619438 102.621202 0.000274 102.800062 0.000095 102.802216 0.000045 102.920219 0.000089 : 102.920783 ]
[102.921s][info][gc       ] [SYSINFO 7333 227 63 0 6777 0 30 0 0 5703 : - - - - - - - - : 0 7168 : 3.01 3.05 2.09 : 292739 4277888 : 0 0 : 24 0 : 3877 2 0 261 : - 7411195904 682364928 1200361472 5905219584 238166016 67043328 : 140073237 30071710 739680 0 0 0 : 102.921210 ]
[102.921s][info][gc       ] [HUGEPAGESTAT 0 0 0 - 110774 0 0 : 393216 0 0 : 102.921210 ]
[102.921s][info][gc       ] [OBJCREAT 315779377 25489 15474688 : 102.921304 ]
[102.921s][info][gc       ] [HMSV All : 0 0 100 0 0 0 0 0 : 4960 0 0 0 : 102.921334 ]
[102.921s][info][gc       ] [HMSP 9 : 41100 0 : 102.921334 ]
[102.922s][info][gc       ] [VMAC 65530 166 24 435 625 : 102.921679 ]
[102.969s][info][gc       ] [GPGC-H  3960.8 445.2 0.2 0.0 : 23.5 : 0.000 0.000 : 0.000 0.000 0.601 1.246 : 0.000 0.000 0.000 0.000 1.542 0.294 : 0.000 : 82.310 : 2282 1796 26 0 : 2275 : 4608 4424 : 102.968721 : 8 May_exceed_heap_occupancy_target ]
[102.974s][info][safepoint] Application time: 0.0535808 seconds
[102.975s][info][safepoint] Total time for which application threads were stopped: 0.0003196 seconds, Stopping threads took: 0.0000004 seconds
[102.975s][info][gc       ] [SPS 0.000 0.000 0.003 0.005 0.000 0.001 0.000 0.294 0.019 0.320 NewGC_pause1 102.974273 ]
[103.564s][info][safepoint] Application time: 0.5890906 seconds
[103.564s][info][safepoint] Total time for which application threads were stopped: 0.0001258 seconds, Stopping threads took: 0.0000003 seconds
[103.564s][info][gc       ] [SPS 0.000 0.001 0.000 0.005 0.000 0.001 0.001 0.115 0.005 0.126 NewGC_pause2 103.563489 ]
[103.570s][info][safepoint] Application time: 0.0060080 seconds
[103.570s][info][safepoint] Total time for which application threads were stopped: 0.0000405 seconds, Stopping threads took: 0.0000003 seconds
[103.570s][info][gc       ] [SPS 0.000 0.000 0.000 0.004 0.000 0.001 0.000 0.032 0.003 0.040 NewGC_pause3 103.569538 ]
[103.573s][info][safepoint] Application time: 0.0022471 seconds
[103.573s][info][safepoint] Total time for which application threads were stopped: 0.0009131 seconds, Stopping threads took: 0.0000003 seconds
[103.573s][info][gc       ] [SPS 0.000 0.000 0.000 0.007 0.000 0.001 0.000 0.893 0.012 0.913 OldGC_pause2 103.572698 ]
[103.580s][info][safepoint] Application time: 0.0067851 seconds
[103.585s][info][safepoint] Total time for which application threads were stopped: 0.0000919 seconds, Stopping threads took: 0.0000012 seconds
[103.585s][info][gc       ] [SPS 0.000 0.001 0.000 0.007 0.001 0.001 0.000 0.067 0.020 0.096 OldGC_pause3 103.579579 ]
[103.586s][info][safepoint] Application time: 0.0063506 seconds
[103.586s][info][safepoint] Total time for which application threads were stopped: 0.0002145 seconds, Stopping threads took: 0.0000004 seconds
[103.587s][info][gc       ] [SPS 0.000 0.003 0.003 0.006 0.000 0.001 0.000 0.189 0.018 0.215 NewGC_pause4 103.586141 ]
[103.709s][info][gc       ] [GC NTO Max 344-322 : 5120 4942 4718 5120 - - 1051 56 2 2 - : 2712 1796 26 184 2936 : 2398 5 531 531 94 : 0 305 318 0 1301 - 55 : 0.048401 3966.9 0.0 0.739033 1169.1 0.0 : 3 --c 0000 : 23 9948 0.000 0.003 0 0.000 0.000 9948 0.000 0.003 : 102.969184 102.973953 0.000258 103.563363 0.000080 103.569497 0.000034 103.585926 0.000139 : 103.708217 ]
[103.709s][info][gc       ] [SYSINFO 7333 227 63 0 6777 0 30 0 0 5703 : - - - - - - - - : 0 7168 : 3.01 3.05 2.09 : 292739 4277888 : 0 0 : 24 0 : 3877 2 0 261 : - 7411195904 682364928 1200361472 5905219584 238166016 67043328 : 140073237 30074100 739800 0 0 0 : 103.708473 ]
[103.709s][info][gc       ] [HUGEPAGESTAT 0 0 0 - 110774 0 0 : 393216 0 0 : 103.708473 ]
[103.709s][info][gc       ] [OBJCREAT 316843089 25489 15474688 : 103.708525 ]
[103.709s][info][gc       ] [HMSV All : 0 0 100 0 0 0 0 0 : 4960 0 0 0 : 103.708542 ]
[103.709s][info][gc       ] [HMSP 9 : 41100 0 : 103.708542 ]
[103.710s][info][gc       ] [GPGC-H  4302.3 445.2 0.2 0.0 : 23.5 : 0.000 0.000 : 0.000 0.000 0.739 1.246 : 0.000 0.000 0.000 0.000 1.542 0.294 : 0.000 : 93.853 : 2714 1796 26 0 : 2275 : 4608 4424 : 103.709798 : 3 Heap_use_exceeded_committed ]
[103.709s][info][gc       ] [VMAC 65530 166 24 435 625 : 103.709025 ]
[103.714s][info][safepoint] Application time: 0.1273791 seconds
[103.714s][info][safepoint] Total time for which application threads were stopped: 0.0001737 seconds, Stopping threads took: 0.0000004 seconds
[103.714s][info][gc       ] [GC Old Max 345-23 : 5120 4942 2944 5120 - - 1051 56 2 2 - : 2726 8 26 184 1824 : 26 6 1791 1791 0 : 0 3 0 0 17 - 0 : 6.645774 7.8 0.0 0.743140 0.0 0.0 : 1 --c 0000 : 23   -    -    -    -    -    -    -    -    -  : 102.970963 102.973953 0.000258 103.571785 0.000896 103.579483 0.000065 103.713520 0.000091 : 103.714103 ]
[103.714s][info][gc       ] [SYSINFO 7333 227 63 0 6777 0 30 0 0 5703 : - - - - - - - - : 0 7168 : 3.01 3.05 2.09 : 292739 4277888 : 0 0 : 24 0 : 3877 2 0 261 : - 7411195904 682364928 1200361472 5905219584 238166016 67043328 : 140073237 30074100 739800 0 0 0 : 103.714264 ]
[103.714s][info][gc       ] [HUGEPAGESTAT 0 0 0 - 110774 0 0 : 393216 0 0 : 103.714264 ]
[103.714s][info][gc       ] [OBJCREAT 316856965 25489 15474688 : 103.714300 ]
[103.714s][info][gc       ] [HMSV All : 0 0 100 0 0 0 0 0 : 4960 0 0 0 : 103.714313 ]
[103.714s][info][gc       ] [HMSP 9 : 41100 0 : 103.714313 ]
[103.714s][info][gc       ] [COMPSTATS 1 : 5 0 : 1 0 : 0 0 : 522 5 0 0 0 0 : 0 0 0 0 0 0 : 144 145 12 : 527 0 0 0 0 0 0 : 527 0 0 0 0 0 0 ]
[103.714s][info][gc       ] [COMPSTATS 2 : 5 0 : 1 0 : 0 0 : 132 11 0 0 0 0 : 0 0 0 0 0 0 : 52677 52713 7789 : 77 42 24 0 0 0 0 : 39 84 14 5 1 0 0 ]
[103.714s][info][gc       ] [DEOPTSTATS 1 : 0 0 : 0 0 : 0 0 : 0 0 : 0 11 : 0 0 : 0 0 : 0 0 : 0 0 : 0 0 : 0 0 : 0 0 : 0 0 : 0 0 : 0 0 : 0 0 : 0 0 : 0 0 : 0 0 : 0 0 : 0 0 : 0 0 : 0 0 : 0 0 : 0 0 : 0 0 : 0 0 : 0 0 : 0 0 : 0 0 : 6 0 : 0 0 : 0 0 : 0 0 : 0 0 : 0 0 : 0 0 : 0 0 : 0 0 : 0 0 : 0 0 : 0 0 ]
[103.714s][info][gc       ] [DEOPTSTATS 2 : 0 0 : 0 0 : 0 0 : 0 0 : 0 0 : 0 0 : 0 15 : 0 0 : 0 0 : 0 0 : 0 0 : 0 0 : 0 0 : 0 0 : 0 0 : 0 0 : 0 0 : 0 0 : 0 0 : 0 0 : 0 0 : 0 0 : 0 0 : 0 0 : 0 0 : 0 0 : 0 0 : 0 0 : 0 0 : 0 0 : 4 0 : 0 0 : 0 0 : 0 0 : 0 1 : 0 0 : 0 0 : 0 0 : 0 0 : 0 3 : 0 0 : 0 0 ]
[103.715s][info][gc       ] [CCF 0 0 0 0 33 230912: 3083264 : 380 196608 : 3 49152 : 317 311808 :  516 639488 : 121 422400 : 0 0 : 15 1228800 : 1 2048]
[103.715s][info][gc       ] [VMAC 65530 166 24 435 625 : 103.714756 ]
[103.715s][info][gc       ] [SPS 0.000 0.002 0.002 0.006 0.000 0.001 0.000 0.148 0.018 0.174 OldGC_pause4 103.713694 ]
[103.719s][info][safepoint] Application time: 0.0049666 seconds
[103.719s][info][safepoint] Total time for which application threads were stopped: 0.0002082 seconds, Stopping threads took: 0.0000004 seconds
[103.719s][info][gc       ] [SPS 0.000 0.002 0.002 0.006 0.000 0.001 0.000 0.188 0.014 0.208 NewGC_pause1 103.718869 ]
[104.294s][info][safepoint] Application time: 0.5749608 seconds
[104.295s][info][safepoint] Total time for which application threads were stopped: 0.0001958 seconds, Stopping threads took: 0.0000004 seconds
[104.295s][info][gc       ] [SPS 0.000 0.001 0.000 0.005 0.000 0.001 0.000 0.154 0.041 0.201 NewGC_pause2 104.294031 ]
[104.297s][info][safepoint] Application time: 0.0024004 seconds
[104.297s][info][safepoint] Total time for which application threads were stopped: 0.0001173 seconds, Stopping threads took: 0.0000005 seconds
[104.297s][info][gc       ] [SPS 0.000 0.001 0.000 0.017 0.000 0.001 0.000 0.085 0.014 0.117 NewGC_pause3 104.296543 ]
[104.301s][info][safepoint] Application time: 0.0042529 seconds
[104.301s][info][safepoint] Total time for which application threads were stopped: 0.0000851 seconds, Stopping threads took: 0.0000004 seconds
[104.302s][info][gc       ] [SPS 0.000 0.003 0.002 0.006 0.000 0.001 0.000 0.063 0.014 0.085 NewGC_pause4 104.300881 ]
[104.321s][info][gc       ] [GC New Max 346-323 : 5120 4764 3956 5120 - - 1051 56 2 2 - : 3738 8 26 184 4546 : 3571 10 969 969 0 : 0 55 903 0 1814 - 55 : 0.007311 2735.6 0.0 0.604949 3124.2 0.0 : 3 --c 0000 : 23 1794 0.000 0.003 0 0.000 0.000 1794 0.000 0.003 : 103.715528 103.718660 0.000169 104.293830 0.000147 104.296430 0.000094 104.300796 0.000066 : 104.320477 ]
[104.321s][info][gc       ] [SYSINFO 7333 227 63 0 6777 0 30 0 0 5703 : - - - - - - - - : 0 7168 : 3.09 3.06 2.10 : 292739 4277888 : 0 0 : 24 0 : 3877 2 0 261 : - 7411195904 682364928 1200361472 5905219584 238166016 67043328 : 140073237 30076380 739850 0 0 0 : 104.320725 ]
[104.321s][info][gc       ] [HUGEPAGESTAT 0 0 0 - 110774 0 0 : 393216 0 0 : 104.320725 ]
[104.321s][info][gc       ] [OBJCREAT 318736407 25489 15474688 : 104.320773 ]
[104.321s][info][gc       ] [HMSV All : 0 0 100 0 0 0 0 0 : 4960 0 0 0 : 104.320790 ]
[104.321s][info][gc       ] [HMSP 9 : 41100 0 : 104.320790 ]
[104.322s][info][gc       ] [GPGC-H  4287.5 398.7 0.2 0.0 : 21.1 : 0.000 0.000 : 0.000 0.000 0.735 1.100 : 0.000 0.000 0.000 0.000 1.542 0.261 : 0.000 : 99.619 : 3742 8 26 0 : 2275 : 4608 4424 : 104.321898 : 9 Next_heuristic_check_may_be_too_late ]
[104.321s][info][gc       ] [VMAC 65530 166 24 435 625 : 104.321300 ]
[104.327s][info][safepoint] Application time: 0.0254324 seconds
[104.327s][info][safepoint] Total time for which application threads were stopped: 0.0002502 seconds, Stopping threads took: 0.0000004 seconds
[104.327s][info][gc       ] [SPS 0.000 0.003 0.002 0.006 0.000 0.001 0.000 0.224 0.019 0.250 NewGC_pause1 104.326564 ]
[104.814s][info][safepoint] Application time: 0.4872829 seconds
[104.815s][info][safepoint] Total time for which application threads were stopped: 0.0001413 seconds, Stopping threads took: 0.0000003 seconds
[104.815s][info][gc       ] [SPS 0.000 0.001 0.000 0.005 0.000 0.001 0.000 0.130 0.005 0.141 NewGC_pause2 104.813989 ]
[104.816s][info][safepoint] Application time: 0.0019956 seconds
[104.816s][info][safepoint] Total time for which application threads were stopped: 0.0001265 seconds, Stopping threads took: 0.0000003 seconds
[104.817s][info][gc       ] [SPS 0.000 0.000 0.000 0.005 0.000 0.001 0.000 0.115 0.005 0.127 NewGC_pause3 104.816111 ]
[104.818s][info][safepoint] Application time: 0.0015366 seconds
[104.818s][info][safepoint] Total time for which application threads were stopped: 0.0000668 seconds, Stopping threads took: 0.0000004 seconds
[104.818s][info][gc       ] [SPS 0.000 0.003 0.002 0.006 0.000 0.005 0.000 0.042 0.013 0.067 NewGC_pause4 104.817714 ]
[104.818s][info][gc       ] [GC New Max 347-324 : 5120 4844 2950 5120 - - 1051 56 2 2 - : 2732 8 26 184 4626 : 2635 10 1982 1982 0 : 0 3 435 0 1311 - 55 : 0.001946 3083.4 0.0 0.495792 1791.1 0.0 : 3 --c 0000 : 23 4500 0.000 0.003 0 0.000 0.000 4500 0.000 0.003 : 104.322423 104.326314 0.000190 104.813847 0.000090 104.815984 0.000040 104.817647 0.000050 : 104.818215 ]
[104.818s][info][gc       ] [SYSINFO 7333 227 63 0 6777 0 30 0 0 5703 : - - - - - - - - : 0 7168 : 3.09 3.06 2.10 : 292739 4277888 : 0 0 : 24 0 : 3877 2 0 261 : - 7411195904 682364928 1200361472 5905219584 238166016 67043328 : 140073237 30078070 739930 0 0 0 : 104.818434 ]
[104.818s][info][gc       ] [HUGEPAGESTAT 0 0 0 - 110774 0 0 : 393216 0 0 : 104.818434 ]
[104.818s][info][gc       ] [OBJCREAT 319629331 25489 15474688 : 104.818476 ]
[104.818s][info][gc       ] [HMSV All : 0 0 100 0 0 0 0 0 : 4960 0 0 0 : 104.818490 ]
[104.818s][info][gc       ] [HMSP 9 : 41100 0 : 104.818490 ]
[104.819s][info][gc       ] [GPGC-H  4283.1 398.7 0.2 0.0 : 21.1 : 0.000 0.000 : 0.000 0.000 0.730 1.100 : 0.000 0.000 0.000 0.000 1.534 0.261 : 0.000 : 99.619 : 2734 8 26 0 : 2275 : 4608 4424 : 104.818777 : 9 Next_heuristic_check_may_be_too_late ]
[104.819s][info][gc       ] [VMAC 65530 166 24 435 625 : 104.818873 ]
[104.821s][info][safepoint] Application time: 0.0035885 seconds
[104.822s][info][safepoint] Total time for which application threads were stopped: 0.0001112 seconds, Stopping threads took: 0.0000004 seconds
[104.822s][info][gc       ] [SPS 0.000 0.002 0.002 0.006 0.000 0.001 0.000 0.092 0.012 0.111 NewGC_pause1 104.821414 ]
[105.405s][info][safepoint] Application time: 0.5830191 seconds
[105.405s][info][safepoint] Total time for which application threads were stopped: 0.0002156 seconds, Stopping threads took: 0.0000004 seconds
[105.406s][info][gc       ] [SPS 0.000 0.019 0.000 0.006 0.000 0.001 0.006 0.166 0.020 0.199 NewGC_pause2 105.404649 ]
[105.406s][info][safepoint] Application time: 0.0015561 seconds
[105.407s][info][safepoint] Total time for which application threads were stopped: 0.0000591 seconds, Stopping threads took: 0.0000004 seconds
[105.407s][info][gc       ] [SPS 0.000 0.001 0.000 0.006 0.000 0.001 0.000 0.038 0.013 0.059 NewGC_pause3 105.406264 ]
[105.423s][info][safepoint] Application time: 0.0164354 seconds
[105.423s][info][safepoint] Total time for which application threads were stopped: 0.0001407 seconds, Stopping threads took: 0.0000004 seconds
[105.423s][info][gc       ] [SPS 0.000 0.003 0.003 0.006 0.000 0.001 0.001 0.100 0.033 0.141 NewGC_pause4 105.422840 ]
[105.782s][info][gc       ] [GC New Max 348-325 : 5120 4756 4756 5120 - - 1051 56 2 2 - : 3766 780 26 184 4460 : 3483 5 968 968 50 : 386 0 859 0 1883 - 0 : 0.000644 3106.1 0.0 0.962708 2810.8 0.0 : 3 --c 0000 : 23 1808 0.000 0.003 0 0.000 0.000 1808 0.000 0.003 : 104.818859 104.821303 0.000095 105.404450 0.000125 105.406205 0.000041 105.422700 0.000057 : 105.781568 ]
[105.782s][info][gc       ] [SYSINFO 7333 227 63 0 6777 0 30 0 0 5703 : - - - - - - - - : 0 7168 : 3.09 3.06 2.10 : 292739 4277888 : 0 0 : 24 0 : 3877 2 0 261 : - 7411195904 682364928 1200361472 5905219584 238166016 67043328 : 140073237 30081490 740030 0 0 0 : 105.781793 ]
[105.782s][info][gc       ] [HUGEPAGESTAT 0 0 0 - 110774 0 0 : 393216 0 0 : 105.781793 ]
[105.782s][info][gc       ] [OBJCREAT 322317989 25489 16156672 : 105.781835 ]
[105.782s][info][gc       ] [HMSV All : 0 0 100 0 0 0 0 0 : 4960 0 0 0 : 105.781850 ]
[105.782s][info][gc       ] [HMSP 9 : 41100 0 : 105.781850 ]
[105.783s][info][gc       ] [GPGC-H  4241.3 398.7 0.2 0.0 : 21.1 : 0.000 0.000 : 0.000 0.000 0.729 1.100 : 0.000 0.000 0.000 0.000 1.661 0.261 : 0.000 : 99.933 : 3772 780 26 0 : 2275 : 4608 4424 : 105.782724 : 3 Heap_use_exceeded_committed ]
[105.782s][info][gc       ] [VMAC 65530 166 24 435 625 : 105.782268 ]
[105.788s][info][safepoint] Application time: 0.3643560 seconds
[105.789s][info][safepoint] Total time for which application threads were stopped: 0.0003228 seconds, Stopping threads took: 0.0000007 seconds
[105.790s][info][gc       ] [SPS 0.000 0.001 0.005 0.010 0.001 0.001 0.001 0.272 0.038 0.323 NewGC_pause1 105.787520 ]
[106.151s][info][safepoint] Application time: 0.3636898 seconds
[106.152s][info][safepoint] Total time for which application threads were stopped: 0.0001701 seconds, Stopping threads took: 0.0000004 seconds
[106.153s][info][gc       ] [SPS 0.000 0.001 0.000 0.006 0.000 0.001 0.000 0.156 0.006 0.170 NewGC_pause2 106.151380 ]
[106.154s][info][safepoint] Application time: 0.0024288 seconds
[106.154s][info][safepoint] Total time for which application threads were stopped: 0.0001315 seconds, Stopping threads took: 0.0000004 seconds
[106.155s][info][gc       ] [SPS 0.000 0.000 0.000 0.006 0.000 0.001 0.000 0.118 0.005 0.132 NewGC_pause3 106.153940 ]
[106.171s][info][safepoint] Application time: 0.0165786 seconds
[106.171s][info][safepoint] Total time for which application threads were stopped: 0.0001544 seconds, Stopping threads took: 0.0000004 seconds
[106.172s][info][gc       ] [SPS 0.000 0.008 0.005 0.007 0.000 0.001 0.000 0.114 0.031 0.154 NewGC_pause4 106.170673 ]
[106.425s][info][gc       ] [GC NTO Max 349-326 : 5120 4910 3188 5120 - - 1051 56 2 2 - : 1560 1418 26 184 3920 : 1159 4 2758 2758 12 : 319 0 72 0 780 - 0 : 0.001550 5161.8 0.0 0.641334 1821.2 0.0 : 3 --c 0000 : 23 4507 0.000 0.003 0 0.000 0.000 4507 0.000 0.003 : 105.783118 105.787197 0.000209 106.151209 0.000094 106.153808 0.000046 106.170519 0.000062 : 106.424452 ]
[106.425s][info][gc       ] [SYSINFO 7333 227 63 0 6777 0 30 0 0 5703 : - - - - - - - - : 0 7168 : 3.09 3.06 2.10 : 292739 4277888 : 0 0 : 24 0 : 3877 3 0 261 : - 7411195904 682364928 1200361472 5905219584 238166016 67043328 : 140073237 30084030 740200 0 0 0 : 106.424699 ]
[106.425s][info][gc       ] [HUGEPAGESTAT 0 0 0 - 110774 0 0 : 393216 0 0 : 106.424699 ]
[106.425s][info][gc       ] [OBJCREAT 323487161 25489 16809984 : 106.424747 ]
[106.425s][info][gc       ] [HMSV All : 0 0 100 0 0 0 0 0 : 4960 0 0 0 : 106.424763 ]
[106.425s][info][gc       ] [HMSP 9 : 41100 0 : 106.424763 ]
[106.426s][info][gc       ] [GPGC-H  4183.1 619.8 0.2 0.0 : 19.1 : 0.000 0.000 : 0.000 0.000 0.723 1.100 : 0.000 0.000 0.000 0.000 1.921 0.261 : 0.000 : 99.928 : 1562 1418 26 0 : 2275 : 4608 4424 : 106.425713 : 8 May_exceed_heap_occupancy_target ]
[106.425s][info][gc       ] [VMAC 65530 166 24 435 625 : 106.425402 ]
[106.426s][info][safepoint] Application time: 0.2543688 seconds
[106.427s][info][safepoint] Total time for which application threads were stopped: 0.0011932 seconds, Stopping threads took: 0.0000004 seconds
[106.427s][info][gc       ] [SPS 0.000 0.001 0.000 0.006 0.000 0.001 0.000 1.166 0.020 1.193 OldGC_pause2 106.426235 ]
[106.434s][info][safepoint] Application time: 0.0071379 seconds
[106.434s][info][safepoint] Total time for which application threads were stopped: 0.0002146 seconds, Stopping threads took: 0.0000004 seconds
[106.434s][info][gc       ] [SPS 0.000 0.000 0.000 0.007 0.000 0.001 0.000 0.172 0.018 0.198 OldGC_pause3 106.433588 ]
[106.439s][info][safepoint] Application time: 0.0048791 seconds
[106.439s][info][safepoint] Total time for which application threads were stopped: 0.0002267 seconds, Stopping threads took: 0.0000004 seconds
[106.439s][info][gc       ] [SPS 0.000 3.158 0.003 0.006 0.000 0.001 0.000 0.207 0.013 0.227 NewGC_pause1 106.438694 ]
[106.702s][info][safepoint] Application time: 0.2627958 seconds
[106.702s][info][safepoint] Total time for which application threads were stopped: 0.0001921 seconds, Stopping threads took: 0.0000004 seconds
[106.703s][info][gc       ] [SPS 0.005 0.001 0.000 0.006 0.000 0.001 0.000 0.162 0.023 0.192 NewGC_pause2 106.701682 ]
[106.704s][info][safepoint] Application time: 0.0020490 seconds
[106.704s][info][safepoint] Total time for which application threads were stopped: 0.0001570 seconds, Stopping threads took: 0.0000004 seconds
[106.704s][info][gc       ] [SPS 0.000 0.000 0.000 0.006 0.000 0.001 0.000 0.114 0.036 0.157 NewGC_pause3 106.703888 ]
[106.721s][info][safepoint] Application time: 0.0166909 seconds
[106.721s][info][safepoint] Total time for which application threads were stopped: 0.0001586 seconds, Stopping threads took: 0.0000004 seconds
[106.722s][info][gc       ] [SPS 0.000 0.004 0.010 0.007 0.000 0.001 0.000 0.125 0.026 0.159 NewGC_pause4 106.720738 ]
[106.876s][info][gc       ] [GC New Max 351-327 : 5120 4276 3672 5120 - - 1051 56 2 2 - : 1710 1752 26 184 2648 : 1419 4 1226 1226 0 : 167 0 520 0 855 - 0 : 0.008814 3176.6 0.0 0.442667 3795.2 0.0 : 3 --c 0000 : 23 0 0.000 0.000 0 0.000 0.000 0 0.000 0.000 : 106.433266 106.438467 0.000210 106.701490 0.000111 106.703731 0.000082 106.720579 0.000090 : 106.875934 ]
[106.876s][info][gc       ] [SYSINFO 7333 227 63 0 6777 0 30 0 0 5703 : - - - - - - - - : 0 7168 : 3.09 3.06 2.10 : 292739 4277908 : 0 0 : 24 0 : 3877 2 0 261 : - 7411195904 682364928 1200361472 5905219584 238166016 67043328 : 140073237 30085720 740220 0 0 0 : 106.876198 ]
[106.876s][info][gc       ] [HUGEPAGESTAT 0 0 0 - 110774 0 0 : 393216 0 0 : 106.876198 ]
[106.876s][info][gc       ] [OBJCREAT 325180369 25489 17106944 : 106.876251 ]
[106.876s][info][gc       ] [HMSV All : 0 0 100 0 0 0 0 0 : 4960 0 0 0 : 106.876269 ]
[106.876s][info][gc       ] [HMSP 9 : 41100 0 : 106.876269 ]
[106.877s][info][gc       ] [GPGC-H  4183.1 619.8 0.2 0.0 : 19.1 : 0.000 0.000 : 0.000 0.000 0.716 1.100 : 0.000 0.000 0.000 0.000 1.917 0.261 : 0.000 : 99.921 : 1716 1752 26 0 : 2275 : 4608 4424 : 106.877293 : 8 May_exceed_heap_occupancy_target ]
[106.877s][info][gc       ] [VMAC 65530 166 24 435 625 : 106.876777 ]
[106.880s][info][safepoint] Application time: 0.1589265 seconds
[106.880s][info][safepoint] Total time for which application threads were stopped: 0.0001980 seconds, Stopping threads took: 0.0000005 seconds
[106.881s][info][gc       ] [SPS 0.000 0.002 0.003 0.007 0.001 0.001 0.000 0.167 0.023 0.199 OldGC_pause4 106.879863 ]
[106.883s][info][gc       ] [GC Old Max 350-24 : 5120 4910 3684 5120 - - 1051 56 2 2 - : 1732 1742 26 184 1782 : 1762 8 2 2 0 : 0 4 486 1 829 - 55 : 2.070601 321.6 0.0 1.098399 844.9 0.0 : 1 --c 0000 : 23   -    -    -    -    -    -    -    -    -  : 105.784703 105.787197 0.000209 106.425042 0.001121 106.433390 0.000135 106.879664 0.000123 : 106.883103 ]
[106.883s][info][gc       ] [SYSINFO 7333 227 63 0 6777 0 30 0 0 5703 : - - - - - - - - : 0 7168 : 3.09 3.06 2.10 : 292739 4277908 : 0 0 : 24 0 : 3877 2 0 261 : - 7411195904 682364928 1200361472 5905219584 238166016 67043328 : 140073237 30085720 740220 0 0 0 : 106.883304 ]
[106.883s][info][gc       ] [HUGEPAGESTAT 0 0 0 - 110774 0 0 : 393216 0 0 : 106.883304 ]
[106.883s][info][gc       ] [OBJCREAT 325200191 25489 17106944 : 106.883347 ]
[106.883s][info][gc       ] [HMSV All : 0 0 100 0 0 0 0 0 : 4960 0 0 0 : 106.883372 ]
[106.883s][info][gc       ] [HMSP 9 : 41100 0 : 106.883372 ]
[106.883s][info][gc       ] [COMPSTATS 1 : 5 0 : 1 0 : 0 0 : 522 5 0 0 0 0 : 0 0 0 0 0 0 : 144 145 12 : 527 0 0 0 0 0 0 : 527 0 0 0 0 0 0 ]
[106.883s][info][gc       ] [COMPSTATS 2 : 5 0 : 1 0 : 0 0 : 132 11 0 0 0 0 : 0 0 0 0 0 0 : 52677 52713 7789 : 77 42 24 0 0 0 0 : 39 84 14 5 1 0 0 ]
[106.883s][info][gc       ] [DEOPTSTATS 1 : 0 0 : 0 0 : 0 0 : 0 0 : 0 11 : 0 0 : 0 0 : 0 0 : 0 0 : 0 0 : 0 0 : 0 0 : 0 0 : 0 0 : 0 0 : 0 0 : 0 0 : 0 0 : 0 0 : 0 0 : 0 0 : 0 0 : 0 0 : 0 0 : 0 0 : 0 0 : 0 0 : 0 0 : 0 0 : 0 0 : 6 0 : 0 0 : 0 0 : 0 0 : 0 0 : 0 0 : 0 0 : 0 0 : 0 0 : 0 0 : 0 0 : 0 0 ]
[106.883s][info][gc       ] [DEOPTSTATS 2 : 0 0 : 0 0 : 0 0 : 0 0 : 0 0 : 0 0 : 0 15 : 0 0 : 0 0 : 0 0 : 0 0 : 0 0 : 0 0 : 0 0 : 0 0 : 0 0 : 0 0 : 0 0 : 0 0 : 0 0 : 0 0 : 0 0 : 0 0 : 0 0 : 0 0 : 0 0 : 0 0 : 0 0 : 0 0 : 0 0 : 4 0 : 0 0 : 0 0 : 0 0 : 0 1 : 0 0 : 0 0 : 0 0 : 0 0 : 0 3 : 0 0 : 0 0 ]
[106.884s][info][gc       ] [VMAC 65530 166 24 435 625 : 106.883929 ]
[106.885s][info][gc       ] [CCF 0 0 0 0 33 230912: 3083264 : 380 196608 : 3 49152 : 317 311808 :  516 639488 : 121 422400 : 0 0 : 15 1228800 : 1 2048]
[106.887s][info][safepoint] Application time: 0.0071011 seconds
[106.887s][info][safepoint] Total time for which application threads were stopped: 0.0001198 seconds, Stopping threads took: 0.0000005 seconds
[106.888s][info][gc       ] [SPS 0.000 0.002 0.003 0.007 0.000 0.001 0.000 0.097 0.014 0.120 NewGC_pause1 106.887083 ]
[107.036s][info][safepoint] Application time: 0.1490408 seconds
[107.037s][info][safepoint] Total time for which application threads were stopped: 0.0001708 seconds, Stopping threads took: 0.0000007 seconds
[107.037s][info][gc       ] [SPS 0.000 0.001 0.000 0.010 0.001 0.001 0.001 0.138 0.020 0.171 NewGC_pause2 107.036295 ]
[107.038s][info][safepoint] Application time: 0.0017572 seconds
[107.038s][info][safepoint] Total time for which application threads were stopped: 0.0001164 seconds, Stopping threads took: 0.0000004 seconds
[107.038s][info][gc       ] [SPS 0.000 0.001 0.000 0.006 0.000 0.001 0.000 0.091 0.017 0.116 NewGC_pause3 107.038169 ]
[107.044s][info][safepoint] Application time: 0.0054249 seconds
[107.044s][info][safepoint] Total time for which application threads were stopped: 0.0000955 seconds, Stopping threads took: 0.0000004 seconds
[107.044s][info][gc       ] [SPS 0.000 0.010 0.009 0.006 0.000 0.001 0.001 0.066 0.021 0.095 NewGC_pause4 107.043689 ]
[107.077s][info][gc       ] [GC New Max 352-328 : 5120 4214 2660 5120 - - 1051 56 2 2 - : 660 1790 26 184 2262 : 567 4 1693 1693 0 : 24 1 260 0 330 - 0 : 0.008868 2931.8 0.0 0.191639 3464.8 0.0 : 3 --c 0000 : 23 0 0.000 0.000 0 0.000 0.000 0 0.000 0.000 : 106.884802 106.886963 0.000101 107.036124 0.000110 107.038052 0.000094 107.043594 0.000063 : 107.076442 ]
[107.077s][info][gc       ] [SYSINFO 7333 227 63 0 6777 0 30 0 0 5703 : - - - - - - - - : 0 7168 : 3.09 3.06 2.10 : 292739 4277908 : 0 0 : 24 0 : 3877 2 0 261 : - 7411195904 682364928 1200361472 5905219584 238166016 67043328 : 140073237 30086440 740220 0 0 0 : 107.076743 ]
[107.077s][info][gc       ] [HUGEPAGESTAT 0 0 0 - 110774 0 0 : 393216 0 0 : 107.076743 ]
[107.077s][info][gc       ] [OBJCREAT 325863280 25489 17156096 : 107.076791 ]
[107.077s][info][gc       ] [HMSV All : 0 0 100 0 0 0 0 0 : 4960 0 0 0 : 107.076806 ]
[107.077s][info][gc       ] [HMSP 9 : 41100 0 : 107.076806 ]
[107.078s][info][gc       ] [GPGC-H  4183.1 619.8 0.2 0.0 : 19.1 : 0.000 0.000 : 0.000 0.000 0.710 1.100 : 0.000 0.000 0.000 0.000 1.913 0.263 : 0.000 : 99.918 : 664 1790 26 0 : 2275 : 4608 4424 : 107.077774 : 9 Next_heuristic_check_may_be_too_late ]
[107.077s][info][gc       ] [VMAC 65530 166 24 435 625 : 107.077295 ]
[107.080s][info][safepoint] Application time: 0.0358947 seconds
[107.080s][info][safepoint] Total time for which application threads were stopped: 0.0002586 seconds, Stopping threads took: 0.0000004 seconds
[107.080s][info][gc       ] [SPS 0.000 0.003 0.003 0.006 0.000 0.001 0.000 0.231 0.020 0.259 NewGC_pause1 107.079843 ]
[107.162s][info][safepoint] Application time: 0.0820797 seconds
[107.163s][info][safepoint] Total time for which application threads were stopped: 0.0001980 seconds, Stopping threads took: 0.0000005 seconds
[107.164s][info][gc       ] [SPS 0.000 0.001 0.000 0.007 0.000 0.001 0.000 0.158 0.032 0.198 NewGC_pause2 107.162121 ]
[107.165s][info][safepoint] Application time: 0.0022386 seconds
[107.165s][info][safepoint] Total time for which application threads were stopped: 0.0001555 seconds, Stopping threads took: 0.0000004 seconds
[107.165s][info][gc       ] [SPS 0.000 0.000 0.000 0.007 0.000 0.001 0.000 0.127 0.020 0.156 NewGC_pause3 107.164515 ]
[107.165s][info][safepoint] Application time: 0.0006716 seconds
[107.165s][info][safepoint] Total time for which application threads were stopped: 0.0000627 seconds, Stopping threads took: 0.0000004 seconds
[107.166s][info][gc       ] [SPS 0.000 0.003 0.002 0.006 0.000 0.001 0.000 0.042 0.013 0.063 NewGC_pause4 107.165249 ]
[107.166s][info][gc       ] [GC New Max 353-329 : 5120 2952 2286 5120 - - 1051 56 2 2 - : 286 1790 26 184 952 : 282 4 669 669 0 : 0 1 141 0 143 - 0 : 0.001631 3679.0 0.0 0.087409 3294.9 0.0 : 3 --c 0000 : 23 0 0.000 0.000 0 0.000 0.000 0 0.000 0.000 : 107.078072 107.079584 0.000193 107.161923 0.000057 107.164359 0.000048 107.165187 0.000045 : 107.165481 ]
[107.166s][info][gc       ] [SYSINFO 7333 227 63 0 6777 0 30 0 0 5703 : - - - - - - - - : 0 7168 : 3.09 3.06 2.10 : 292739 4277908 : 0 0 : 24 0 : 3877 2 0 261 : - 7411195904 682364928 1200361472 5905219584 238166016 67043328 : 140073237 30086770 740220 0 0 0 : 107.165769 ]
[107.166s][info][gc       ] [HUGEPAGESTAT 0 0 0 - 110774 0 0 : 393216 0 0 : 107.165769 ]
[107.166s][info][gc       ] [OBJCREAT 326152353 25489 17156096 : 107.165819 ]
[107.166s][info][gc       ] [HMSV All : 0 0 100 0 0 0 0 0 : 4960 0 0 0 : 107.165833 ]
[107.166s][info][gc       ] [HMSP 9 : 41100 0 : 107.165833 ]
[107.166s][info][gc       ] [VMAC 65530 166 24 435 625 : 107.166265 ]
[107.328s][info][gc       ] [GPGC-H  4183.1 619.8 0.2 0.0 : 19.1 : 0.000 0.000 : 0.000 0.000 0.707 1.100 : 0.000 0.000 0.000 0.000 1.911 0.263 : 0.000 : 99.911 : 914 1790 26 0 : 2275 : 4608 4424 : 107.327695 : 9 Next_heuristic_check_may_be_too_late ]
[107.330s][info][safepoint] Application time: 0.1645393 seconds
[107.331s][info][safepoint] Total time for which application threads were stopped: 0.0002975 seconds, Stopping threads took: 0.0000004 seconds
[107.331s][info][gc       ] [SPS 0.000 0.002 0.002 0.006 0.000 0.001 0.000 0.272 0.018 0.298 NewGC_pause1 107.330086 ]
[107.390s][info][safepoint] Application time: 0.0596912 seconds
[107.390s][info][safepoint] Total time for which application threads were stopped: 0.0001962 seconds, Stopping threads took: 0.0000004 seconds
[107.391s][info][gc       ] [SPS 0.000 0.001 0.000 0.006 0.000 0.001 0.000 0.168 0.020 0.196 NewGC_pause2 107.389974 ]
[107.392s][info][safepoint] Application time: 0.0016550 seconds
[107.392s][info][safepoint] Total time for which application threads were stopped: 0.0000659 seconds, Stopping threads took: 0.0000004 seconds
[107.392s][info][gc       ] [SPS 0.000 0.000 0.000 0.007 0.000 0.001 0.000 0.036 0.022 0.066 NewGC_pause3 107.391695 ]
[107.393s][info][safepoint] Application time: 0.0008766 seconds
[107.393s][info][safepoint] Total time for which application threads were stopped: 0.0000682 seconds, Stopping threads took: 0.0000005 seconds
[107.393s][info][gc       ] [SPS 0.000 0.003 0.002 0.006 0.000 0.001 0.000 0.045 0.016 0.068 NewGC_pause4 107.392640 ]
[107.393s][info][gc       ] [GC New Max 354-330 : 5120 3154 2238 5120 - - 1051 56 2 2 - : 238 1790 26 184 1154 : 234 4 919 919 0 : 0 1 117 0 119 - 0 : 0.162684 3872.5 0.0 0.064729 3707.8 0.0 : 3 --c 0000 : 23 0 0.000 0.000 0 0.000 0.000 0 0.000 0.000 : 107.328165 107.329789 0.000234 107.389778 0.000048 107.391629 0.000040 107.392572 0.000047 : 107.392894 ]
[107.393s][info][gc       ] [SYSINFO 7333 227 63 0 6777 0 30 0 0 5703 : - - - - - - - - : 0 7168 : 3.09 3.06 2.10 : 292739 4277908 : 0 0 : 24 0 : 3877 2 0 261 : - 7411195904 682364928 1200361472 5905219584 238166016 67043328 : 140073237 30087170 740220 0 0 0 : 107.393154 ]
[107.393s][info][gc       ] [HUGEPAGESTAT 0 0 0 - 110774 0 0 : 393216 0 0 : 107.393154 ]
[107.393s][info][gc       ] [OBJCREAT 327014494 25489 17156096 : 107.393198 ]
[107.393s][info][gc       ] [HMSV All : 0 0 100 0 0 0 0 0 : 4960 0 0 0 : 107.393212 ]
[107.393s][info][gc       ] [HMSP 9 : 41100 0 : 107.393212 ]
[107.394s][info][gc       ] [VMAC 65530 166 24 435 625 : 107.393626 ]
[107.574s][info][gc       ] [GPGC-H  4183.1 619.8 0.2 0.0 : 19.1 : 0.000 0.000 : 0.000 0.000 0.701 1.100 : 0.000 0.000 0.000 0.000 1.899 0.263 : 0.000 : 99.164 : 908 1790 26 0 : 2275 : 4608 4424 : 107.574260 : 9 Next_heuristic_check_may_be_too_late ]
[107.577s][info][safepoint] Application time: 0.1842058 seconds
[107.578s][info][safepoint] Total time for which application threads were stopped: 0.0003953 seconds, Stopping threads took: 0.0000008 seconds
[107.578s][info][gc       ] [SPS 0.000 0.004 0.004 0.011 0.001 0.001 0.001 0.330 0.052 0.395 NewGC_pause1 107.577241 ]
[107.638s][info][safepoint] Application time: 0.0604107 seconds
[107.638s][info][safepoint] Total time for which application threads were stopped: 0.0001651 seconds, Stopping threads took: 0.0000004 seconds
[107.639s][info][gc       ] [SPS 0.000 0.001 0.000 0.006 0.000 0.001 0.001 0.136 0.021 0.165 NewGC_pause2 107.637817 ]
[107.640s][info][safepoint] Application time: 0.0019501 seconds
[107.640s][info][safepoint] Total time for which application threads were stopped: 0.0001664 seconds, Stopping threads took: 0.0000005 seconds
[107.641s][info][gc       ] [SPS 0.000 0.000 0.000 0.007 0.000 0.001 0.000 0.135 0.023 0.166 NewGC_pause3 107.639933 ]
[107.641s][info][safepoint] Application time: 0.0009942 seconds
[107.641s][info][safepoint] Total time for which application threads were stopped: 0.0000758 seconds, Stopping threads took: 0.0000005 seconds
[107.641s][info][gc       ] [SPS 0.000 0.003 0.002 0.011 0.000 0.001 0.000 0.047 0.017 0.076 NewGC_pause4 107.641004 ]
[107.642s][info][gc       ] [GC New Max 355-331 : 5120 3138 2226 5120 - - 1051 56 2 2 - : 226 1790 26 184 1138 : 222 4 915 915 0 : 0 1 111 0 113 - 0 : 0.181932 3693.7 0.0 0.066402 3463.7 0.0 : 3 --c 0000 : 23 0 0.000 0.000 0 0.000 0.000 0 0.000 0.000 : 107.574827 107.576846 0.000284 107.637652 0.000089 107.639767 0.000140 107.640928 0.000054 : 107.641229 ]
[107.642s][info][gc       ] [SYSINFO 7333 227 63 0 6777 0 30 0 0 5703 : - - - - - - - - : 0 7168 : 3.09 3.06 2.10 : 292739 4277908 : 0 0 : 24 0 : 3877 2 0 261 : - 7411195904 682364928 1200361472 5905219584 238166016 67043328 : 140073237 30087590 740220 0 0 0 : 107.641474 ]
[107.642s][info][gc       ] [HUGEPAGESTAT 0 0 0 - 110774 0 0 : 393216 0 0 : 107.641474 ]
[107.642s][info][gc       ] [OBJCREAT 327909664 25489 17156096 : 107.641520 ]
[107.642s][info][gc       ] [HMSV All : 0 0 100 0 0 0 0 0 : 4960 0 0 0 : 107.641534 ]
[107.642s][info][gc       ] [HMSP 9 : 41100 0 : 107.641534 ]
[107.642s][info][gc       ] [VMAC 65530 166 24 435 625 : 107.641944 ]
[107.801s][info][gc       ] [GPGC-H  4183.1 619.8 0.2 0.0 : 19.1 : 0.000 0.000 : 0.000 0.000 0.694 1.100 : 0.000 0.000 0.000 0.000 1.882 0.263 : 0.000 : 98.338 : 824 1790 26 0 : 2275 : 4608 4424 : 107.801349 : 9 Next_heuristic_check_may_be_too_late ]
[107.804s][info][safepoint] Application time: 0.1627430 seconds
[107.804s][info][safepoint] Total time for which application threads were stopped: 0.0002251 seconds, Stopping threads took: 0.0000004 seconds
[107.805s][info][gc       ] [SPS 0.000 0.003 0.002 0.006 0.000 0.001 0.000 0.204 0.014 0.225 NewGC_pause1 107.803972 ]
[107.867s][info][safepoint] Application time: 0.0626496 seconds
[107.867s][info][safepoint] Total time for which application threads were stopped: 0.0001859 seconds, Stopping threads took: 0.0000004 seconds
[107.868s][info][gc       ] [SPS 0.000 0.001 0.000 0.006 0.000 0.001 0.000 0.157 0.022 0.186 NewGC_pause2 107.866808 ]
[107.869s][info][safepoint] Application time: 0.0020465 seconds
[107.869s][info][safepoint] Total time for which application threads were stopped: 0.0001430 seconds, Stopping threads took: 0.0000004 seconds
[107.870s][info][gc       ] [SPS 0.000 0.000 0.000 0.006 0.000 0.001 0.000 0.117 0.019 0.143 NewGC_pause3 107.868997 ]
[107.870s][info][safepoint] Application time: 0.0010574 seconds
[107.870s][info][safepoint] Total time for which application threads were stopped: 0.0000828 seconds, Stopping threads took: 0.0000005 seconds
[107.871s][info][gc       ] [SPS 0.000 0.002 0.002 0.020 0.000 0.001 0.000 0.048 0.014 0.083 NewGC_pause4 107.870138 ]
[107.871s][info][gc       ] [GC New Max 356-332 : 5120 3064 2236 5120 - - 1051 56 2 2 - : 236 1790 26 184 1064 : 232 4 830 830 0 : 0 1 116 0 118 - 0 : 0.160669 3734.4 0.0 0.068508 3503.2 0.0 : 3 --c 0000 : 23 0 0.000 0.000 0 0.000 0.000 0 0.000 0.000 : 107.801898 107.803747 0.000207 107.866622 0.000124 107.868854 0.000121 107.870055 0.000065 : 107.870406 ]
[107.871s][info][gc       ] [SYSINFO 7333 227 63 0 6777 0 30 0 0 5703 : - - - - - - - - : 0 7168 : 3.09 3.06 2.10 : 292739 4277908 : 0 0 : 24 0 : 3877 2 0 261 : - 7411195904 682364928 1200361472 5905219584 238166016 67043328 : 140073237 30087980 740220 0 0 0 : 107.870648 ]
[107.871s][info][gc       ] [HUGEPAGESTAT 0 0 0 - 110774 0 0 : 393216 0 0 : 107.870648 ]
[107.871s][info][gc       ] [OBJCREAT 328740488 25489 17156096 : 107.870690 ]
[107.871s][info][gc       ] [HMSV All : 0 0 100 0 0 0 0 0 : 4960 0 0 0 : 107.870704 ]
[107.871s][info][gc       ] [HMSP 9 : 41100 0 : 107.870704 ]
[107.871s][info][gc       ] [VMAC 65530 166 24 435 625 : 107.871139 ]
[108.031s][info][gc       ] [GPGC-H  4183.1 619.8 0.2 0.0 : 19.1 : 0.000 0.000 : 0.000 0.000 0.687 1.100 : 0.000 0.000 0.000 0.000 1.865 0.263 : 0.000 : 97.616 : 842 1790 26 0 : 2275 : 4608 4424 : 108.031193 : 9 Next_heuristic_check_may_be_too_late ]
[108.034s][info][safepoint] Application time: 0.1630978 seconds
[108.034s][info][safepoint] Total time for which application threads were stopped: 0.0003367 seconds, Stopping threads took: 0.0000004 seconds
[108.034s][info][gc       ] [SPS 0.000 0.002 0.002 0.006 0.000 0.001 0.000 0.301 0.028 0.337 NewGC_pause1 108.033572 ]
[108.101s][info][safepoint] Application time: 0.0668677 seconds
[108.101s][info][safepoint] Total time for which application threads were stopped: 0.0001773 seconds, Stopping threads took: 0.0000004 seconds
[108.102s][info][gc       ] [SPS 0.000 0.001 0.000 0.011 0.000 0.001 0.000 0.145 0.020 0.178 NewGC_pause2 108.100618 ]
[108.103s][info][safepoint] Application time: 0.0019821 seconds
[108.103s][info][safepoint] Total time for which application threads were stopped: 0.0001180 seconds, Stopping threads took: 0.0000004 seconds
[108.103s][info][gc       ] [SPS 0.000 0.000 0.000 0.006 0.000 0.001 0.000 0.098 0.013 0.118 NewGC_pause3 108.102718 ]
[108.104s][info][safepoint] Application time: 0.0010617 seconds
[108.104s][info][safepoint] Total time for which application threads were stopped: 0.0000589 seconds, Stopping threads took: 0.0000004 seconds
[108.104s][info][gc       ] [SPS 0.000 0.002 0.007 0.006 0.000 0.001 0.000 0.038 0.014 0.059 NewGC_pause4 108.103838 ]
[108.104s][info][gc       ] [GC New Max 357-333 : 5120 3118 2272 5120 - - 1051 56 2 2 - : 272 1790 26 184 1118 : 268 4 849 849 0 : 0 1 134 0 136 - 0 : 0.161295 3769.5 0.0 0.072431 3810.5 0.0 : 3 --c 0000 : 23 0 0.000 0.000 0 0.000 0.000 0 0.000 0.000 : 108.031701 108.033235 0.000263 108.100440 0.000116 108.102600 0.000102 108.103779 0.000042 : 108.104131 ]
[108.104s][info][gc       ] [SYSINFO 7333 227 63 0 6777 0 30 0 0 5703 : - - - - - - - - : 0 7168 : 3.09 3.06 2.10 : 292739 4277908 : 0 0 : 24 0 : 3877 2 0 261 : - 7411195904 682364928 1200361472 5905219584 238166016 67043328 : 140073237 30088390 740220 0 0 0 : 108.104378 ]
[108.104s][info][gc       ] [HUGEPAGESTAT 0 0 0 - 110774 0 0 : 393216 0 0 : 108.104378 ]
[108.104s][info][gc       ] [OBJCREAT 329615662 25489 17156096 : 108.104419 ]
[108.104s][info][gc       ] [HMSV All : 0 0 100 0 0 0 0 0 : 4960 0 0 0 : 108.104433 ]
[108.104s][info][gc       ] [HMSP 9 : 41100 0 : 108.104433 ]
[108.105s][info][gc       ] [VMAC 65530 166 24 435 625 : 108.104801 ]
[108.261s][info][gc       ] [GPGC-H  4128.4 619.8 0.2 0.0 : 19.1 : 0.000 0.000 : 0.000 0.000 0.680 1.100 : 0.000 0.000 0.000 0.000 1.847 0.263 : 0.000 : 96.901 : 868 1790 26 0 : 2275 : 4608 4424 : 108.261376 : 9 Next_heuristic_check_may_be_too_late ]
[108.264s][info][safepoint] Application time: 0.1597906 seconds
[108.264s][info][safepoint] Total time for which application threads were stopped: 0.0003086 seconds, Stopping threads took: 0.0000004 seconds
[108.265s][info][gc       ] [SPS 0.000 0.003 0.002 0.006 0.000 0.001 0.000 0.282 0.019 0.309 NewGC_pause1 108.263938 ]
[108.322s][info][safepoint] Application time: 0.0584067 seconds
[108.323s][info][safepoint] Total time for which application threads were stopped: 0.0001417 seconds, Stopping threads took: 0.0000004 seconds
[108.323s][info][gc       ] [SPS 0.000 0.001 0.000 0.006 0.000 0.001 0.000 0.116 0.019 0.142 NewGC_pause2 108.322486 ]
[108.324s][info][safepoint] Application time: 0.0018832 seconds
[108.325s][info][safepoint] Total time for which application threads were stopped: 0.0000946 seconds, Stopping threads took: 0.0000004 seconds
[108.325s][info][gc       ] [SPS 0.000 0.000 0.000 0.005 0.000 0.001 0.000 0.077 0.011 0.095 NewGC_pause3 108.324464 ]
[108.326s][info][safepoint] Application time: 0.0011394 seconds
[108.326s][info][safepoint] Total time for which application threads were stopped: 0.0000602 seconds, Stopping threads took: 0.0000004 seconds
[108.326s][info][gc       ] [SPS 0.000 0.002 0.002 0.005 0.000 0.001 0.000 0.038 0.016 0.060 NewGC_pause4 108.325664 ]
[108.326s][info][gc       ] [GC New Max 358-334 : 5120 3118 2246 5120 - - 1051 56 2 2 - : 246 1790 26 184 1118 : 242 4 874 874 0 : 0 1 121 0 123 - 0 : 0.157843 3788.6 0.0 0.064000 3906.2 0.0 : 3 --c 0000 : 23 0 0.000 0.000 0 0.000 0.000 0 0.000 0.000 : 108.261975 108.263629 0.000248 108.322345 0.000086 108.324370 0.000081 108.325604 0.000041 : 108.325975 ]
[108.326s][info][gc       ] [SYSINFO 7333 227 63 0 6777 0 30 0 0 5703 : - - - - - - - - : 0 7168 : 3.09 3.06 2.10 : 292739 4277908 : 0 0 : 24 0 : 3877 2 0 261 : - 7411195904 682364928 1200361472 5905219584 238166016 67043328 : 140073237 30088760 740250 0 0 0 : 108.326180 ]
[108.326s][info][gc       ] [HUGEPAGESTAT 0 0 0 - 110774 0 0 : 393216 0 0 : 108.326180 ]
[108.326s][info][gc       ] [OBJCREAT 330455098 25489 17156096 : 108.326219 ]
[108.326s][info][gc       ] [HMSV All : 0 0 100 0 0 0 0 0 : 4960 0 0 0 : 108.326233 ]
[108.326s][info][gc       ] [HMSP 9 : 41100 0 : 108.326233 ]
[108.327s][info][gc       ] [VMAC 65530 166 24 435 625 : 108.326584 ]
[108.485s][info][gc       ] [GPGC-H  4128.4 579.7 0.2 0.0 : 17.4 : 0.000 0.000 : 0.000 0.000 0.674 1.100 : 0.000 0.000 0.000 0.000 1.830 0.263 : 0.000 : 96.207 : 840 1790 26 0 : 2275 : 4608 4424 : 108.484948 : 9 Next_heuristic_check_may_be_too_late ]
[108.488s][info][safepoint] Application time: 0.1616050 seconds
[108.488s][info][safepoint] Total time for which application threads were stopped: 0.0003338 seconds, Stopping threads took: 0.0000004 seconds
[108.489s][info][gc       ] [SPS 0.000 0.002 0.002 0.006 0.000 0.001 0.000 0.299 0.028 0.334 NewGC_pause1 108.487603 ]
[108.549s][info][safepoint] Application time: 0.0612646 seconds
[108.550s][info][safepoint] Total time for which application threads were stopped: 0.0002231 seconds, Stopping threads took: 0.0000005 seconds
[108.550s][info][gc       ] [SPS 0.000 0.006 0.000 0.006 0.000 0.001 0.000 0.185 0.030 0.223 NewGC_pause2 108.549091 ]
[108.551s][info][safepoint] Application time: 0.0022598 seconds
[108.552s][info][safepoint] Total time for which application threads were stopped: 0.0000562 seconds, Stopping threads took: 0.0000004 seconds
[108.552s][info][gc       ] [SPS 0.000 0.000 0.000 0.006 0.000 0.001 0.000 0.036 0.013 0.056 NewGC_pause3 108.551407 ]
[108.552s][info][safepoint] Application time: 0.0009818 seconds
[108.553s][info][safepoint] Total time for which application threads were stopped: 0.0000601 seconds, Stopping threads took: 0.0000004 seconds
[108.553s][info][gc       ] [SPS 0.000 0.003 0.002 0.006 0.000 0.001 0.000 0.040 0.013 0.060 NewGC_pause4 108.552449 ]
[108.553s][info][gc       ] [GC New Max 359-335 : 5120 3094 2250 5120 - - 1051 56 2 2 - : 250 1790 26 184 1094 : 246 4 846 846 0 : 0 1 123 0 125 - 0 : 0.159592 3734.5 0.0 0.067117 3784.5 0.0 : 3 --c 0000 : 23 0 0.000 0.000 0 0.000 0.000 0 0.000 0.000 : 108.485567 108.487269 0.000256 108.548868 0.000139 108.551351 0.000040 108.552389 0.000044 : 108.552684 ]
[108.553s][info][gc       ] [SYSINFO 7333 227 63 0 6777 0 30 0 0 5703 : - - - - - - - - : 0 7168 : 3.09 3.06 2.10 : 292739 4277908 : 0 0 : 24 0 : 3877 2 0 261 : - 7411195904 682364928 1200361472 5905219584 238166016 67043328 : 140073237 30089160 740350 0 0 0 : 108.552969 ]
[108.553s][info][gc       ] [HUGEPAGESTAT 0 0 0 - 110774 0 0 : 393216 0 0 : 108.552969 ]
[108.553s][info][gc       ] [OBJCREAT 331294409 25489 17156096 : 108.553015 ]
[108.553s][info][gc       ] [HMSV All : 0 0 100 0 0 0 0 0 : 4960 0 0 0 : 108.553028 ]
[108.553s][info][gc       ] [HMSP 9 : 41100 0 : 108.553028 ]
[108.553s][info][gc       ] [VMAC 65530 166 24 435 625 : 108.553443 ]
[108.714s][info][gc       ] [GPGC-H  4128.4 579.7 0.2 0.0 : 17.4 : 0.000 0.000 : 0.000 0.000 0.668 1.100 : 0.000 0.000 0.000 0.000 1.812 0.263 : 0.000 : 95.513 : 850 1790 26 0 : 2275 : 4608 4424 : 108.714285 : 9 Next_heuristic_check_may_be_too_late ]
[108.717s][info][safepoint] Application time: 0.1641584 seconds
[108.717s][info][safepoint] Total time for which application threads were stopped: 0.0003172 seconds, Stopping threads took: 0.0000004 seconds
[108.718s][info][gc       ] [SPS 0.000 0.002 0.002 0.007 0.000 0.001 0.000 0.290 0.019 0.317 NewGC_pause1 108.716925 ]
[108.787s][info][safepoint] Application time: 0.0702180 seconds
[108.788s][info][safepoint] Total time for which application threads were stopped: 0.0001595 seconds, Stopping threads took: 0.0000004 seconds
[108.788s][info][gc       ] [SPS 0.000 0.001 0.000 0.006 0.000 0.001 0.000 0.133 0.019 0.159 NewGC_pause2 108.787302 ]
[108.789s][info][safepoint] Application time: 0.0019001 seconds
[108.790s][info][safepoint] Total time for which application threads were stopped: 0.0001503 seconds, Stopping threads took: 0.0000004 seconds
[108.790s][info][gc       ] [SPS 0.000 0.000 0.000 0.005 0.000 0.001 0.000 0.125 0.019 0.150 NewGC_pause3 108.789353 ]
[108.790s][info][safepoint] Application time: 0.0009745 seconds
[108.791s][info][safepoint] Total time for which application threads were stopped: 0.0000587 seconds, Stopping threads took: 0.0000004 seconds
[108.791s][info][gc       ] [SPS 0.000 0.002 0.007 0.006 0.000 0.001 0.000 0.039 0.013 0.059 NewGC_pause4 108.790386 ]
[108.791s][info][gc       ] [GC New Max 360-336 : 5120 3082 2228 5120 - - 1051 56 2 2 - : 228 1790 26 184 1082 : 224 4 856 856 0 : 0 1 112 0 114 - 0 : 0.162089 3714.0 0.0 0.075896 3056.8 0.0 : 3 --c 0000 : 23 0 0.000 0.000 0 0.000 0.000 0 0.000 0.000 : 108.714773 108.716608 0.000246 108.787143 0.000091 108.789203 0.000040 108.790327 0.000042 : 108.790669 ]
[108.791s][info][gc       ] [SYSINFO 7333 227 63 0 6777 0 30 0 0 5703 : - - - - - - - - : 0 7168 : 2.92 3.03 2.09 : 292739 4277908 : 0 0 : 24 0 : 3877 3 0 261 : - 7411195904 682364928 1200361472 5905219584 238166016 67043328 : 140073237 30089570 740470 0 0 0 : 108.790921 ]
[108.791s][info][gc       ] [HUGEPAGESTAT 0 0 0 - 110774 0 0 : 393216 0 0 : 108.790921 ]
[108.791s][info][gc       ] [OBJCREAT 332121527 25489 17156096 : 108.790979 ]
[108.791s][info][gc       ] [HMSV All : 0 0 100 0 0 0 0 0 : 4960 0 0 0 : 108.790994 ]
[108.791s][info][gc       ] [HMSP 9 : 41100 0 : 108.790994 ]
[108.791s][info][gc       ] [VMAC 65530 166 24 435 625 : 108.791452 ]
[108.953s][info][gc       ] [GPGC-H  4128.4 579.7 0.2 0.0 : 17.4 : 0.000 0.000 : 0.000 0.000 0.661 1.100 : 0.000 0.000 0.000 0.000 1.794 0.263 : 0.000 : 94.817 : 868 1790 26 0 : 2275 : 4608 4424 : 108.953013 : 9 Next_heuristic_check_may_be_too_late ]
[108.956s][info][safepoint] Application time: 0.1648377 seconds
[108.956s][info][safepoint] Total time for which application threads were stopped: 0.0003118 seconds, Stopping threads took: 0.0000004 seconds
[108.956s][info][gc       ] [SPS 0.000 0.003 0.002 0.006 0.000 0.001 0.000 0.286 0.019 0.312 NewGC_pause1 108.955536 ]
[109.022s][info][safepoint] Application time: 0.0665503 seconds
[109.023s][info][safepoint] Total time for which application threads were stopped: 0.0001818 seconds, Stopping threads took: 0.0000004 seconds
[109.023s][info][gc       ] [SPS 0.000 0.001 0.000 0.007 0.000 0.001 0.000 0.151 0.023 0.182 NewGC_pause2 109.022268 ]
[109.025s][info][safepoint] Application time: 0.0021832 seconds
[109.025s][info][safepoint] Total time for which application threads were stopped: 0.0000665 seconds, Stopping threads took: 0.0000005 seconds
[109.025s][info][gc       ] [SPS 0.000 0.005 0.000 0.007 0.000 0.001 0.000 0.040 0.018 0.066 NewGC_pause3 109.024518 ]
[109.026s][info][safepoint] Application time: 0.0009696 seconds
[109.026s][info][safepoint] Total time for which application threads were stopped: 0.0000994 seconds, Stopping threads took: 0.0000006 seconds
[109.026s][info][gc       ] [SPS 0.000 0.008 0.002 0.017 0.001 0.001 0.000 0.067 0.014 0.099 NewGC_pause4 109.025587 ]
[109.026s][info][gc       ] [GC New Max 361-337 : 5120 3150 2278 5120 - - 1051 56 2 2 - : 278 1790 26 184 1150 : 276 4 875 875 0 : 0 1 138 0 139 - 0 : 0.162898 3941.1 0.0 0.072289 3901.0 0.0 : 3 --c 0000 : 23 0 0.000 0.000 0 0.000 0.000 0 0.000 0.000 : 108.953567 108.955224 0.000253 109.022086 0.000101 109.024451 0.000043 109.025487 0.000081 : 109.025856 ]
[109.026s][info][gc       ] [SYSINFO 7333 227 63 0 6777 0 30 0 0 5703 : - - - - - - - - : 0 7168 : 2.92 3.03 2.09 : 292739 4277908 : 0 0 : 24 0 : 3877 2 0 261 : - 7411195904 682364928 1200361472 5905219584 238166016 67043328 : 140073237 30089970 740540 0 0 0 : 109.026085 ]
[109.026s][info][gc       ] [HUGEPAGESTAT 0 0 0 - 110774 0 0 : 393216 0 0 : 109.026085 ]
[109.026s][info][gc       ] [OBJCREAT 333037273 25489 17156096 : 109.026130 ]
[109.026s][info][gc       ] [HMSV All : 0 0 100 0 0 0 0 0 : 4960 0 0 0 : 109.026145 ]
[109.026s][info][gc       ] [HMSP 9 : 41100 0 : 109.026145 ]
[109.027s][info][gc       ] [VMAC 65530 166 24 435 625 : 109.026559 ]
[109.188s][info][gc       ] [GPGC-H  4128.4 579.7 0.2 0.0 : 17.4 : 0.000 0.000 : 0.000 0.000 0.655 1.100 : 0.000 0.000 0.000 0.000 1.777 0.263 : 0.000 : 94.124 : 894 1790 26 0 : 2275 : 4608 4424 : 109.188439 : 9 Next_heuristic_check_may_be_too_late ]
[109.191s][info][safepoint] Application time: 0.1650563 seconds
[109.192s][info][safepoint] Total time for which application threads were stopped: 0.0002916 seconds, Stopping threads took: 0.0000004 seconds
[109.192s][info][gc       ] [SPS 0.000 0.003 0.002 0.006 0.000 0.001 0.000 0.265 0.019 0.292 NewGC_pause1 109.190935 ]
[109.266s][info][safepoint] Application time: 0.0745375 seconds
[109.266s][info][safepoint] Total time for which application threads were stopped: 0.0002062 seconds, Stopping threads took: 0.0000004 seconds
[109.267s][info][gc       ] [SPS 0.000 0.001 0.000 0.006 0.000 0.001 0.000 0.162 0.037 0.206 NewGC_pause2 109.265679 ]
[109.268s][info][safepoint] Application time: 0.0018395 seconds
[109.268s][info][safepoint] Total time for which application threads were stopped: 0.0001112 seconds, Stopping threads took: 0.0000004 seconds
[109.268s][info][gc       ] [SPS 0.000 0.000 0.000 0.006 0.000 0.001 0.000 0.091 0.013 0.111 NewGC_pause3 109.267630 ]
[109.269s][info][safepoint] Application time: 0.0011064 seconds
[109.269s][info][safepoint] Total time for which application threads were stopped: 0.0001247 seconds, Stopping threads took: 0.0000004 seconds
[109.269s][info][gc       ] [SPS 0.000 0.002 0.002 0.006 0.000 0.001 0.000 0.104 0.014 0.125 NewGC_pause4 109.268861 ]
[109.269s][info][gc       ] [GC New Max 362-338 : 5120 3188 2290 5120 - - 1051 56 2 2 - : 290 1790 26 184 1188 : 286 4 901 901 0 : 0 1 143 0 145 - 0 : 0.163147 3788.0 0.0 0.080178 3666.9 0.0 : 3 --c 0000 : 23 0 0.000 0.000 0 0.000 0.000 0 0.000 0.000 : 109.189003 109.190643 0.000191 109.265473 0.000108 109.267518 0.000095 109.268736 0.000108 : 109.269180 ]
[109.269s][info][gc       ] [SYSINFO 7333 227 63 0 6777 0 30 0 0 5703 : - - - - - - - - : 0 7168 : 2.92 3.03 2.09 : 292739 4277908 : 0 0 : 24 0 : 3877 2 0 261 : - 7411195904 682364928 1200361472 5905219584 238166016 67043328 : 140073237 30090400 740540 0 0 0 : 109.269411 ]
[109.269s][info][gc       ] [HUGEPAGESTAT 0 0 0 - 110774 0 0 : 393216 0 0 : 109.269411 ]
[109.269s][info][gc       ] [OBJCREAT 333940849 25489 17156096 : 109.269450 ]
[109.269s][info][gc       ] [HMSV All : 0 0 100 0 0 0 0 0 : 4960 0 0 0 : 109.269465 ]
[109.269s][info][gc       ] [HMSP 9 : 41100 0 : 109.269465 ]
[109.270s][info][gc       ] [VMAC 65530 166 24 435 625 : 109.269855 ]
[109.431s][info][gc       ] [GPGC-H  4128.4 579.7 0.2 0.0 : 17.4 : 0.000 0.000 : 0.000 0.000 0.648 1.100 : 0.000 0.000 0.000 0.000 1.759 0.263 : 0.000 : 93.440 : 912 1790 26 0 : 2275 : 4608 4424 : 109.431118 : 9 Next_heuristic_check_may_be_too_late ]
[109.433s][info][safepoint] Application time: 0.1643555 seconds
[109.434s][info][safepoint] Total time for which application threads were stopped: 0.0002252 seconds, Stopping threads took: 0.0000004 seconds
[109.434s][info][gc       ] [SPS 0.000 0.003 0.002 0.007 0.000 0.001 0.000 0.196 0.021 0.225 NewGC_pause1 109.433442 ]
[109.493s][info][safepoint] Application time: 0.0594779 seconds
[109.494s][info][safepoint] Total time for which application threads were stopped: 0.0001831 seconds, Stopping threads took: 0.0000004 seconds
[109.494s][info][gc       ] [SPS 0.000 0.001 0.000 0.006 0.000 0.001 0.000 0.155 0.020 0.183 NewGC_pause2 109.493103 ]
[109.495s][info][safepoint] Application time: 0.0017711 seconds
[109.495s][info][safepoint] Total time for which application threads were stopped: 0.0000791 seconds, Stopping threads took: 0.0000004 seconds
[109.496s][info][gc       ] [SPS 0.000 0.000 0.000 0.010 0.000 0.005 0.000 0.046 0.018 0.079 NewGC_pause3 109.494953 ]
[109.496s][info][safepoint] Application time: 0.0011604 seconds
[109.496s][info][safepoint] Total time for which application threads were stopped: 0.0000606 seconds, Stopping threads took: 0.0000004 seconds
[109.496s][info][gc       ] [SPS 0.000 0.002 0.002 0.006 0.000 0.001 0.000 0.040 0.014 0.061 NewGC_pause4 109.496174 ]
[109.497s][info][gc       ] [GC New Max 363-339 : 5120 3142 2230 5120 - - 1051 56 2 2 - : 230 1790 26 184 1142 : 226 4 917 917 0 : 0 1 113 0 115 - 0 : 0.162432 3841.6 0.0 0.064796 3580.5 0.0 : 3 --c 0000 : 23 0 0.000 0.000 0 0.000 0.000 0 0.000 0.000 : 109.431612 109.433217 0.000158 109.492920 0.000121 109.494874 0.000057 109.496114 0.000043 : 109.496408 ]
[109.497s][info][gc       ] [SYSINFO 7333 227 63 0 6777 0 30 0 0 5703 : - - - - - - - - : 0 7168 : 2.92 3.03 2.09 : 292739 4277908 : 0 0 : 24 0 : 3877 2 0 261 : - 7411195904 682364928 1200361472 5905219584 238166016 67043328 : 140073237 30090800 740560 0 0 0 : 109.496635 ]
[109.497s][info][gc       ] [HUGEPAGESTAT 0 0 0 - 110774 0 0 : 393216 0 0 : 109.496635 ]
[109.497s][info][gc       ] [OBJCREAT 334786861 25489 17156096 : 109.496678 ]
[109.497s][info][gc       ] [HMSV All : 0 0 100 0 0 0 0 0 : 4960 0 0 0 : 109.496692 ]
[109.497s][info][gc       ] [HMSP 9 : 41100 0 : 109.496692 ]
[109.497s][info][gc       ] [VMAC 65530 166 24 435 625 : 109.497128 ]
[109.655s][info][gc       ] [GPGC-H  4128.4 579.7 0.2 0.0 : 17.4 : 0.000 0.000 : 0.000 0.000 0.642 1.100 : 0.000 0.000 0.000 0.000 1.742 0.263 : 0.000 : 92.762 : 836 1790 26 0 : 2275 : 4608 4424 : 109.654900 : 9 Next_heuristic_check_may_be_too_late ]
[109.657s][info][safepoint] Application time: 0.1607009 seconds
[109.658s][info][safepoint] Total time for which application threads were stopped: 0.0002612 seconds, Stopping threads took: 0.0000004 seconds
[109.658s][info][gc       ] [SPS 0.000 0.002 0.002 0.006 0.000 0.001 0.000 0.234 0.020 0.261 NewGC_pause1 109.657137 ]
[109.730s][info][safepoint] Application time: 0.0721943 seconds
[109.730s][info][safepoint] Total time for which application threads were stopped: 0.0001957 seconds, Stopping threads took: 0.0000004 seconds
[109.730s][info][gc       ] [SPS 0.000 0.001 0.000 0.007 0.000 0.001 0.000 0.165 0.023 0.196 NewGC_pause2 109.729527 ]
[109.731s][info][safepoint] Application time: 0.0014132 seconds
[109.731s][info][safepoint] Total time for which application threads were stopped: 0.0000744 seconds, Stopping threads took: 0.0000004 seconds
[109.731s][info][gc       ] [SPS 0.000 0.001 0.000 0.006 0.000 0.001 0.000 0.042 0.025 0.075 NewGC_pause3 109.731015 ]
[109.736s][info][safepoint] Application time: 0.0045734 seconds
[109.736s][info][safepoint] Total time for which application threads were stopped: 0.0001016 seconds, Stopping threads took: 0.0000005 seconds
[109.736s][info][gc       ] [SPS 0.000 0.004 0.004 0.021 0.000 0.001 0.000 0.058 0.021 0.102 NewGC_pause4 109.735690 ]
[109.736s][info][gc       ] [GC New Max 364-340 : 5120 3104 2280 5120 - - 1051 56 2 2 - : 280 1790 26 184 1104 : 262 4 841 841 0 : 0 1 131 0 140 - 0 : 0.158824 3815.5 0.0 0.080688 3519.7 0.0 : 3 --c 0000 : 23 0 0.000 0.000 0 0.000 0.000 0 0.000 0.000 : 109.655232 109.656875 0.000201 109.729331 0.000119 109.730940 0.000041 109.735588 0.000072 : 109.735921 ]
[109.736s][info][gc       ] [SYSINFO 7333 227 63 0 6777 0 30 0 0 5703 : - - - - - - - - : 0 7168 : 2.92 3.03 2.09 : 292739 4277908 : 0 0 : 24 0 : 3877 3 0 261 : - 7411195904 682364928 1200361472 5905219584 238166016 67043328 : 140073237 30091230 740560 0 0 0 : 109.736181 ]
[109.736s][info][gc       ] [HUGEPAGESTAT 0 0 0 - 110774 0 0 : 393216 0 0 : 109.736181 ]
[109.736s][info][gc       ] [OBJCREAT 335670454 25489 17156096 : 109.736227 ]
[109.736s][info][gc       ] [HMSV All : 0 0 100 0 0 0 0 0 : 4960 0 0 0 : 109.736242 ]
[109.736s][info][gc       ] [HMSP 9 : 41100 0 : 109.736242 ]
[109.737s][info][gc       ] [VMAC 65530 166 24 435 625 : 109.736645 ]
[109.898s][info][gc       ] [GPGC-H  4128.4 579.7 0.2 0.0 : 17.4 : 0.000 0.000 : 0.000 0.000 0.636 1.100 : 0.000 0.000 0.000 0.000 1.725 0.263 : 0.000 : 92.112 : 942 1790 26 0 : 2275 : 4608 4424 : 109.898081 : 9 Next_heuristic_check_may_be_too_late ]
[109.901s][info][safepoint] Application time: 0.1645746 seconds
[109.901s][info][safepoint] Total time for which application threads were stopped: 0.0003279 seconds, Stopping threads took: 0.0000004 seconds
[109.901s][info][gc       ] [SPS 0.000 0.003 0.002 0.006 0.000 0.001 0.000 0.302 0.018 0.328 NewGC_pause1 109.900592 ]
[109.967s][info][safepoint] Application time: 0.0657390 seconds
[109.967s][info][safepoint] Total time for which application threads were stopped: 0.0002100 seconds, Stopping threads took: 0.0000005 seconds
[109.968s][info][gc       ] [SPS 0.000 0.001 0.000 0.007 0.000 0.001 0.000 0.170 0.031 0.210 NewGC_pause2 109.966542 ]
[109.969s][info][safepoint] Application time: 0.0024522 seconds
[109.969s][info][safepoint] Total time for which application threads were stopped: 0.0001545 seconds, Stopping threads took: 0.0000005 seconds
[109.970s][info][gc       ] [SPS 0.000 0.000 0.000 0.006 0.000 0.001 0.000 0.123 0.024 0.155 NewGC_pause3 109.969148 ]
[109.970s][info][safepoint] Application time: 0.0010759 seconds
[109.971s][info][safepoint] Total time for which application threads were stopped: 0.0000663 seconds, Stopping threads took: 0.0000005 seconds
[109.971s][info][gc       ] [GC New Max 365-341 : 5120 3188 2242 5120 - - 1051 56 2 2 - : 242 1790 26 184 1188 : 238 4 949 949 0 : 0 1 119 0 121 - 0 : 0.162640 4082.6 0.0 0.071915 3420.7 0.0 : 3 --c 0000 : 23 0 0.000 0.000 0 0.000 0.000 0 0.000 0.000 : 109.898560 109.900265 0.000260 109.966332 0.000121 109.968994 0.000127 109.970224 0.000048 : 109.970476 ]
[109.971s][info][gc       ] [SYSINFO 7333 227 63 0 6777 0 30 0 0 5703 : - - - - - - - - : 0 7168 : 2.92 3.03 2.09 : 292739 4277908 : 0 0 : 24 0 : 3877 2 0 261 : - 7411195904 682364928 1200361472 5905219584 238166016 67043328 : 140073237 30091640 740560 0 0 0 : 109.970705 ]
[109.971s][info][gc       ] [HUGEPAGESTAT 0 0 0 - 110774 0 0 : 393216 0 0 : 109.970705 ]
[109.971s][info][gc       ] [OBJCREAT 336570000 25489 17156096 : 109.970751 ]
[109.971s][info][gc       ] [HMSV All : 0 0 100 0 0 0 0 0 : 4960 0 0 0 : 109.970767 ]
[109.971s][info][gc       ] [HMSP 9 : 41100 0 : 109.970767 ]
[109.971s][info][gc       ] [SPS 0.000 0.002 0.002 0.006 0.000 0.001 0.000 0.044 0.014 0.066 NewGC_pause4 109.970290 ]
[109.971s][info][gc       ] [VMAC 65530 166 24 435 625 : 109.971211 ]
[110.131s][info][gc       ] [GPGC-H  4128.4 579.7 0.2 0.0 : 17.4 : 0.000 0.000 : 0.000 0.000 0.630 1.100 : 0.000 0.000 0.000 0.000 1.708 0.263 : 0.000 : 91.449 : 862 1790 26 0 : 2275 : 4608 4424 : 110.131341 : 9 Next_heuristic_check_may_be_too_late ]
[110.134s][info][safepoint] Application time: 0.1631996 seconds
[110.134s][info][safepoint] Total time for which application threads were stopped: 0.0003969 seconds, Stopping threads took: 0.0000004 seconds
[110.135s][info][gc       ] [SPS 0.000 0.003 0.003 0.006 0.000 0.001 0.000 0.371 0.018 0.397 NewGC_pause1 110.133887 ]
[110.192s][info][safepoint] Application time: 0.0582172 seconds
[110.193s][info][safepoint] Total time for which application threads were stopped: 0.0002123 seconds, Stopping threads took: 0.0000004 seconds
[110.193s][info][gc       ] [SPS 0.000 0.001 0.000 0.005 0.000 0.001 0.000 0.188 0.018 0.212 NewGC_pause2 110.192317 ]
[110.194s][info][safepoint] Application time: 0.0017561 seconds
[110.194s][info][safepoint] Total time for which application threads were stopped: 0.0000526 seconds, Stopping threads took: 0.0000004 seconds
[110.195s][info][gc       ] [SPS 0.000 0.000 0.000 0.005 0.000 0.001 0.000 0.034 0.012 0.053 NewGC_pause3 110.194126 ]
[110.195s][info][safepoint] Application time: 0.0009683 seconds
[110.195s][info][safepoint] Total time for which application threads were stopped: 0.0000618 seconds, Stopping threads took: 0.0000004 seconds
[110.195s][info][gc       ] [SPS 0.000 0.002 0.002 0.005 0.000 0.001 0.000 0.043 0.012 0.062 NewGC_pause4 110.195156 ]
[110.196s][info][gc       ] [GC New Max 366-342 : 5120 3116 2248 5120 - - 1051 56 2 2 - : 248 1790 26 184 1116 : 246 2 870 870 0 : 0 0 123 0 124 - 0 : 0.161436 3852.9 0.0 0.063485 4000.9 0.0 : 3 --c 0000 : 23 0 0.000 0.000 0 0.000 0.000 0 0.000 0.000 : 110.131912 110.133490 0.000283 110.192105 0.000101 110.194073 0.000037 110.195094 0.000046 : 110.195397 ]
[110.196s][info][gc       ] [SYSINFO 7333 227 63 0 6777 0 30 0 0 5703 : - - - - - - - - : 0 7168 : 2.92 3.03 2.09 : 292739 4277908 : 0 0 : 24 0 : 3877 2 0 261 : - 7411195904 682364928 1200361472 5905219584 238166016 67043328 : 140073237 30092030 740560 0 0 0 : 110.195659 ]
[110.196s][info][gc       ] [HUGEPAGESTAT 0 0 0 - 110774 0 0 : 393216 0 0 : 110.195659 ]
[110.196s][info][gc       ] [OBJCREAT 337437285 25489 17156096 : 110.195705 ]
[110.196s][info][gc       ] [HMSV All : 0 0 100 0 0 0 0 0 : 4960 0 0 0 : 110.195717 ]
[110.196s][info][gc       ] [HMSP 9 : 41100 0 : 110.195717 ]
[110.196s][info][gc       ] [VMAC 65530 166 24 435 625 : 110.196067 ]
[110.358s][info][gc       ] [GPGC-H  4086.0 579.7 0.2 0.0 : 17.4 : 0.000 0.000 : 0.000 0.000 0.624 1.100 : 0.000 0.000 0.000 0.000 1.692 0.263 : 0.000 : 90.796 : 876 1790 26 0 : 2275 : 4608 4424 : 110.357625 : 9 Next_heuristic_check_may_be_too_late ]
[110.360s][info][safepoint] Application time: 0.1646643 seconds
[110.361s][info][safepoint] Total time for which application threads were stopped: 0.0003768 seconds, Stopping threads took: 0.0000004 seconds
[110.361s][info][gc       ] [SPS 0.000 0.003 0.002 0.006 0.000 0.001 0.000 0.351 0.019 0.377 NewGC_pause1 110.360197 ]
[110.421s][info][safepoint] Application time: 0.0605341 seconds
[110.421s][info][safepoint] Total time for which application threads were stopped: 0.0001487 seconds, Stopping threads took: 0.0000004 seconds
[110.421s][info][gc       ] [SPS 0.000 0.001 0.000 0.006 0.000 0.001 0.000 0.120 0.021 0.149 NewGC_pause2 110.420880 ]
[110.426s][info][safepoint] Application time: 0.0048866 seconds
[110.426s][info][safepoint] Total time for which application threads were stopped: 0.0000574 seconds, Stopping threads took: 0.0000004 seconds
[110.426s][info][gc       ] [SPS 0.000 0.000 0.000 0.006 0.000 0.001 0.000 0.036 0.014 0.057 NewGC_pause3 110.425824 ]
[110.431s][info][safepoint] Application time: 0.0048935 seconds
[110.431s][info][safepoint] Total time for which application threads were stopped: 0.0000627 seconds, Stopping threads took: 0.0000004 seconds
[110.431s][info][gc       ] [SPS 0.000 0.002 0.002 0.006 0.000 0.001 0.000 0.041 0.014 0.063 NewGC_pause4 110.430780 ]
[110.431s][info][gc       ] [GC New Max 367-343 : 5120 3122 2258 5120 - - 1051 56 2 2 - : 256 1790 28 184 1120 : 238 4 882 882 0 : 0 1 119 0 128 - 0 : 0.162785 3870.1 0.0 0.072790 3571.9 27.5 : 3 --c 0000 : 23 0 0.000 0.000 0 0.000 0.000 0 0.000 0.000 : 110.358182 110.359820 0.000290 110.420731 0.000089 110.425767 0.000040 110.430718 0.000044 : 110.430972 ]
[110.431s][info][gc       ] [SYSINFO 7333 227 63 0 6777 0 30 0 0 5703 : - - - - - - - - : 0 7168 : 2.92 3.03 2.09 : 292739 4277908 : 0 0 : 24 0 : 3877 2 0 261 : - 7411195904 682364928 1200361472 5905219584 238166016 67043328 : 140073237 30092440 740560 0 0 0 : 110.431193 ]
[110.431s][info][gc       ] [HUGEPAGESTAT 0 0 0 - 110774 0 0 : 393216 0 0 : 110.431193 ]
[110.431s][info][gc       ] [OBJCREAT 338317883 25489 17156096 : 110.431235 ]
[110.431s][info][gc       ] [HMSV All : 0 0 100 0 0 0 0 0 : 4960 0 0 0 : 110.431250 ]
[110.431s][info][gc       ] [HMSP 9 : 41100 0 : 110.431250 ]
[110.432s][info][gc       ] [VMAC 65530 166 24 435 625 : 110.431635 ]
[110.591s][info][gc       ] [GPGC-H  4086.0 528.1 0.2 0.0 : 15.9 : 0.000 0.000 : 0.000 0.000 0.618 1.100 : 0.000 0.000 0.000 0.000 1.676 0.263 : 0.000 : 90.147 : 866 1790 28 0 : 2275 : 4608 4424 : 110.591188 : 9 Next_heuristic_check_may_be_too_late ]
[110.594s][info][safepoint] Application time: 0.1626136 seconds
[110.594s][info][safepoint] Total time for which application threads were stopped: 0.0003233 seconds, Stopping threads took: 0.0000004 seconds
[110.595s][info][gc       ] [SPS 0.000 0.002 0.002 0.006 0.000 0.001 0.000 0.293 0.023 0.324 NewGC_pause1 110.593718 ]
[110.658s][info][safepoint] Application time: 0.0636383 seconds
[110.658s][info][safepoint] Total time for which application threads were stopped: 0.0002000 seconds, Stopping threads took: 0.0000005 seconds
[110.659s][info][gc       ] [SPS 0.000 0.001 0.000 0.006 0.000 0.001 0.000 0.160 0.032 0.200 NewGC_pause2 110.657556 ]
[110.660s][info][safepoint] Application time: 0.0021707 seconds
[110.660s][info][safepoint] Total time for which application threads were stopped: 0.0000814 seconds, Stopping threads took: 0.0000004 seconds
[110.660s][info][gc       ] [SPS 0.000 0.001 0.000 0.007 0.000 0.001 0.000 0.058 0.015 0.081 NewGC_pause3 110.659808 ]
[110.661s][info][safepoint] Application time: 0.0008853 seconds
[110.661s][info][safepoint] Total time for which application threads were stopped: 0.0000686 seconds, Stopping threads took: 0.0000005 seconds
[110.661s][info][gc       ] [SPS 0.000 0.002 0.002 0.006 0.000 0.001 0.000 0.046 0.015 0.069 NewGC_pause4 110.660762 ]
[110.661s][info][gc       ] [GC New Max 368-344 : 5120 3112 2242 5120 - - 1051 56 2 2 - : 240 1790 28 184 1110 : 236 4 872 872 0 : 0 1 118 0 120 - 0 : 0.160658 3809.3 0.0 0.069502 3510.7 0.0 : 3 --c 0000 : 23 0 0.000 0.000 0 0.000 0.000 0 0.000 0.000 : 110.591630 110.593394 0.000221 110.657356 0.000117 110.659727 0.000053 110.660694 0.000049 : 110.661132 ]
[110.661s][info][gc       ] [SYSINFO 7333 227 63 0 6777 0 30 0 0 5703 : - - - - - - - - : 0 7168 : 2.92 3.03 2.09 : 292739 4277908 : 0 0 : 24 0 : 3877 3 0 261 : - 7411195904 682364928 1200361472 5905219584 238166016 67043328 : 140073237 30092840 740560 0 0 0 : 110.661356 ]
[110.661s][info][gc       ] [HUGEPAGESTAT 0 0 0 - 110774 0 0 : 393216 0 0 : 110.661356 ]
[110.661s][info][gc       ] [OBJCREAT 339167118 25489 17156096 : 110.661400 ]
[110.661s][info][gc       ] [HMSV All : 0 0 100 0 0 0 0 0 : 4960 0 0 0 : 110.661419 ]
[110.661s][info][gc       ] [HMSP 9 : 41100 0 : 110.661419 ]
[110.662s][info][gc       ] [VMAC 65530 166 24 435 625 : 110.661825 ]
[110.818s][info][gc       ] [GPGC-H  4086.0 528.1 0.2 0.0 : 15.9 : 0.000 0.000 : 0.000 0.000 0.612 1.100 : 0.000 0.000 0.000 0.000 1.660 0.263 : 0.000 : 89.513 : 838 1790 28 0 : 2275 : 4608 4424 : 110.818221 : 9 Next_heuristic_check_may_be_too_late ]
[110.821s][info][safepoint] Application time: 0.1594985 seconds
[110.821s][info][safepoint] Total time for which application threads were stopped: 0.0003842 seconds, Stopping threads took: 0.0000004 seconds
[110.821s][info][gc       ] [SPS 0.000 0.003 0.003 0.006 0.000 0.001 0.000 0.356 0.020 0.384 NewGC_pause1 110.820645 ]
[110.883s][info][safepoint] Application time: 0.0621176 seconds
[110.883s][info][safepoint] Total time for which application threads were stopped: 0.0001910 seconds, Stopping threads took: 0.0000005 seconds
[110.884s][info][gc       ] [SPS 0.000 0.001 0.000 0.007 0.000 0.001 0.000 0.157 0.025 0.191 NewGC_pause2 110.882954 ]
[110.885s][info][safepoint] Application time: 0.0019939 seconds
[110.885s][info][safepoint] Total time for which application threads were stopped: 0.0000601 seconds, Stopping threads took: 0.0000005 seconds
[110.886s][info][gc       ] [SPS 0.000 0.000 0.000 0.006 0.000 0.001 0.000 0.037 0.015 0.060 NewGC_pause3 110.885008 ]
[110.886s][info][safepoint] Application time: 0.0008884 seconds
[110.886s][info][safepoint] Total time for which application threads were stopped: 0.0000694 seconds, Stopping threads took: 0.0000005 seconds
[110.886s][info][gc       ] [GC New Max 369-345 : 5120 3086 2244 5120 - - 1051 56 2 2 - : 242 1790 28 184 1084 : 238 4 844 844 0 : 0 1 119 0 121 - 0 : 0.157541 3808.5 0.0 0.067543 3642.1 0.0 : 3 --c 0000 : 23 0 0.000 0.000 0 0.000 0.000 0 0.000 0.000 : 110.818673 110.820261 0.000275 110.882763 0.000110 110.884948 0.000041 110.885896 0.000050 : 110.886217 ]
[110.886s][info][gc       ] [SYSINFO 7333 227 63 0 6777 0 30 0 0 5703 : - - - - - - - - : 0 7168 : 2.92 3.03 2.09 : 292739 4277908 : 0 0 : 24 0 : 3877 3 0 261 : - 7411195904 682364928 1200361472 5905219584 238166016 67043328 : 140073237 30093250 740560 0 0 0 : 110.886454 ]
[110.886s][info][gc       ] [HUGEPAGESTAT 0 0 0 - 110774 0 0 : 393216 0 0 : 110.886454 ]
[110.886s][info][gc       ] [OBJCREAT 340001822 25489 17156096 : 110.886500 ]
[110.887s][info][gc       ] [HMSV All : 0 0 100 0 0 0 0 0 : 4960 0 0 0 : 110.886517 ]
[110.887s][info][gc       ] [HMSP 9 : 41100 0 : 110.886517 ]
[110.887s][info][gc       ] [SPS 0.000 0.003 0.002 0.007 0.001 0.001 0.000 0.046 0.015 0.069 NewGC_pause4 110.885966 ]
[110.887s][info][gc       ] [VMAC 65530 166 24 435 625 : 110.886970 ]
[111.048s][info][gc       ] [GPGC-H  4086.0 528.1 0.2 0.0 : 15.9 : 0.000 0.000 : 0.000 0.000 0.607 1.100 : 0.000 0.000 0.000 0.000 1.644 0.263 : 0.000 : 88.897 : 840 1790 28 0 : 2275 : 4608 4424 : 111.048095 : 9 Next_heuristic_check_may_be_too_late ]
[111.051s][info][safepoint] Application time: 0.1643199 seconds
[111.051s][info][safepoint] Total time for which application threads were stopped: 0.0002425 seconds, Stopping threads took: 0.0000004 seconds
[111.051s][info][gc       ] [SPS 0.000 0.003 0.002 0.006 0.000 0.001 0.000 0.215 0.020 0.242 NewGC_pause1 111.050528 ]
[111.114s][info][safepoint] Application time: 0.0637585 seconds
[111.115s][info][safepoint] Total time for which application threads were stopped: 0.0001881 seconds, Stopping threads took: 0.0000004 seconds
[111.116s][info][gc       ] [SPS 0.000 0.001 0.000 0.006 0.000 0.001 0.000 0.158 0.023 0.188 NewGC_pause2 111.114475 ]
[111.117s][info][safepoint] Application time: 0.0022177 seconds
[111.117s][info][safepoint] Total time for which application threads were stopped: 0.0001069 seconds, Stopping threads took: 0.0000007 seconds
[111.118s][info][gc       ] [SPS 0.000 0.001 0.000 0.013 0.001 0.001 0.000 0.066 0.026 0.107 NewGC_pause3 111.116800 ]
[111.118s][info][safepoint] Application time: 0.0010889 seconds
[111.118s][info][safepoint] Total time for which application threads were stopped: 0.0001470 seconds, Stopping threads took: 0.0000005 seconds
[111.118s][info][gc       ] [SPS 0.000 0.003 0.002 0.006 0.000 0.001 0.000 0.118 0.022 0.147 NewGC_pause4 111.118036 ]
[111.118s][info][gc       ] [GC New Max 370-346 : 5120 3084 2240 5120 - - 1051 56 2 2 - : 238 1790 28 184 1082 : 234 4 847 847 0 : 0 1 117 0 119 - 0 : 0.162314 3696.5 0.0 0.069696 3472.2 0.0 : 3 --c 0000 : 23 0 0.000 0.000 0 0.000 0.000 0 0.000 0.000 : 111.048531 111.050286 0.000175 111.114287 0.000128 111.116693 0.000066 111.117889 0.000049 : 111.118227 ]
[111.119s][info][gc       ] [SYSINFO 7333 227 63 0 6777 0 30 0 0 5703 : - - - - - - - - : 0 7168 : 2.92 3.03 2.09 : 292739 4277908 : 0 0 : 24 0 : 3877 2 0 261 : - 7411195904 682364928 1200361472 5905219584 238166016 67043328 : 140073237 30093650 740560 0 0 0 : 111.118468 ]
[111.119s][info][gc       ] [HUGEPAGESTAT 0 0 0 - 110774 0 0 : 393216 0 0 : 111.118468 ]
[111.119s][info][gc       ] [OBJCREAT 340837731 25489 17156096 : 111.118512 ]
[111.119s][info][gc       ] [HMSV All : 0 0 100 0 0 0 0 0 : 4960 0 0 0 : 111.118529 ]
[111.119s][info][gc       ] [HMSP 9 : 41100 0 : 111.118529 ]
[111.119s][info][gc       ] [VMAC 65530 166 24 435 625 : 111.118926 ]
[111.280s][info][gc       ] [GPGC-H  4086.0 528.1 0.2 0.0 : 15.9 : 0.000 0.000 : 0.000 0.000 0.601 1.100 : 0.000 0.000 0.000 0.000 1.629 0.263 : 0.000 : 88.270 : 880 1790 28 0 : 2275 : 4608 4424 : 111.280431 : 9 Next_heuristic_check_may_be_too_late ]
[111.283s][info][safepoint] Application time: 0.1646243 seconds
[111.283s][info][safepoint] Total time for which application threads were stopped: 0.0002731 seconds, Stopping threads took: 0.0000004 seconds
[111.284s][info][gc       ] [SPS 0.000 0.003 0.002 0.006 0.000 0.001 0.000 0.246 0.020 0.273 NewGC_pause1 111.282934 ]
[111.342s][info][safepoint] Application time: 0.0590929 seconds
[111.342s][info][safepoint] Total time for which application threads were stopped: 0.0001356 seconds, Stopping threads took: 0.0000004 seconds
[111.343s][info][gc       ] [SPS 0.000 0.001 0.000 0.006 0.000 0.001 0.000 0.110 0.019 0.136 NewGC_pause2 111.342162 ]
[111.343s][info][safepoint] Application time: 0.0011143 seconds
[111.343s][info][safepoint] Total time for which application threads were stopped: 0.0000520 seconds, Stopping threads took: 0.0000004 seconds
[111.344s][info][gc       ] [SPS 0.000 0.000 0.000 0.006 0.000 0.001 0.000 0.033 0.013 0.052 NewGC_pause3 111.343329 ]
[111.344s][info][safepoint] Application time: 0.0009563 seconds
[111.345s][info][safepoint] Total time for which application threads were stopped: 0.0000624 seconds, Stopping threads took: 0.0000004 seconds
[111.345s][info][gc       ] [SPS 0.000 0.003 0.002 0.005 0.000 0.001 0.000 0.043 0.013 0.062 NewGC_pause4 111.344347 ]
[111.345s][info][gc       ] [GC New Max 371-347 : 5120 3126 2242 5120 - - 1051 56 2 2 - : 240 1790 28 184 1124 : 238 4 887 887 0 : 0 1 119 0 120 - 0 : 0.162677 3958.8 0.0 0.063683 3831.5 0.0 : 3 --c 0000 : 23 0 0.000 0.000 0 0.000 0.000 0 0.000 0.000 : 111.280904 111.282660 0.000208 111.342027 0.000081 111.343277 0.000036 111.344285 0.000045 : 111.344588 ]
[111.345s][info][gc       ] [SYSINFO 7333 227 63 0 6777 0 30 0 0 5703 : - - - - - - - - : 0 7168 : 2.92 3.03 2.09 : 292739 4277908 : 0 0 : 24 0 : 3877 2 0 261 : - 7411195904 682364928 1200361472 5905219584 238166016 67043328 : 140073237 30094040 740620 0 0 0 : 111.344816 ]
[111.345s][info][gc       ] [HUGEPAGESTAT 0 0 0 - 110774 0 0 : 393216 0 0 : 111.344816 ]
[111.345s][info][gc       ] [OBJCREAT 341717820 25489 17156096 : 111.344856 ]
[111.345s][info][gc       ] [HMSV All : 0 0 100 0 0 0 0 0 : 4960 0 0 0 : 111.344869 ]
[111.345s][info][gc       ] [HMSP 9 : 41100 0 : 111.344869 ]
[111.345s][info][gc       ] [VMAC 65530 166 24 435 625 : 111.345234 ]
[111.504s][info][gc       ] [GPGC-H  4086.0 528.1 0.2 0.0 : 15.9 : 0.000 0.000 : 0.000 0.000 0.595 1.100 : 0.000 0.000 0.000 0.000 1.613 0.263 : 0.000 : 87.644 : 846 1790 28 0 : 2275 : 4608 4424 : 111.504262 : 9 Next_heuristic_check_may_be_too_late ]
[111.507s][info][safepoint] Application time: 0.1622340 seconds
[111.507s][info][safepoint] Total time for which application threads were stopped: 0.0003147 seconds, Stopping threads took: 0.0000005 seconds
[111.508s][info][gc       ] [SPS 0.000 0.003 0.003 0.007 0.000 0.001 0.000 0.286 0.021 0.315 NewGC_pause1 111.506897 ]
[111.565s][info][safepoint] Application time: 0.0576272 seconds
[111.565s][info][safepoint] Total time for which application threads were stopped: 0.0001275 seconds, Stopping threads took: 0.0000004 seconds
[111.566s][info][gc       ] [SPS 0.000 0.001 0.000 0.006 0.000 0.001 0.000 0.102 0.018 0.128 NewGC_pause2 111.564651 ]
[111.566s][info][safepoint] Application time: 0.0017686 seconds
[111.567s][info][safepoint] Total time for which application threads were stopped: 0.0000546 seconds, Stopping threads took: 0.0000004 seconds
[111.567s][info][gc       ] [SPS 0.000 0.000 0.000 0.005 0.000 0.001 0.000 0.035 0.013 0.055 NewGC_pause3 111.566474 ]
[111.568s][info][safepoint] Application time: 0.0010183 seconds
[111.568s][info][safepoint] Total time for which application threads were stopped: 0.0000578 seconds, Stopping threads took: 0.0000004 seconds
[111.568s][info][gc       ] [SPS 0.000 0.002 0.002 0.006 0.000 0.001 0.000 0.038 0.013 0.058 NewGC_pause4 111.567550 ]
[111.568s][info][gc       ] [GC New Max 372-348 : 5120 3098 2246 5120 - - 1051 56 2 2 - : 244 1790 28 184 1096 : 242 2 854 854 0 : 0 0 121 0 122 - 0 : 0.160210 3795.0 0.0 0.063114 3961.1 0.0 : 3 --c 0000 : 23 0 0.000 0.000 0 0.000 0.000 0 0.000 0.000 : 111.504798 111.506582 0.000245 111.564524 0.000061 111.566420 0.000038 111.567493 0.000041 : 111.567912 ]
[111.568s][info][gc       ] [SYSINFO 7333 227 63 0 6777 0 30 0 0 5703 : - - - - - - - - : 0 7168 : 2.92 3.03 2.09 : 292739 4277908 : 0 0 : 24 0 : 3877 2 0 261 : - 7411195904 682364928 1200361472 5905219584 238166016 67043328 : 140073237 30094400 740710 0 0 0 : 111.568153 ]
[111.568s][info][gc       ] [HUGEPAGESTAT 0 0 0 - 110774 0 0 : 393216 0 0 : 111.568153 ]
[111.568s][info][gc       ] [OBJCREAT 342566876 25489 17156096 : 111.568192 ]
[111.568s][info][gc       ] [HMSV All : 0 0 100 0 0 0 0 0 : 4960 0 0 0 : 111.568205 ]
[111.568s][info][gc       ] [HMSP 9 : 41100 0 : 111.568205 ]
[111.569s][info][gc       ] [VMAC 65530 166 24 435 625 : 111.568563 ]
[111.728s][info][gc       ] [GPGC-H  4086.0 528.1 0.2 0.0 : 15.9 : 0.000 0.000 : 0.000 0.000 0.590 1.100 : 0.000 0.000 0.000 0.000 1.598 0.263 : 0.000 : 87.034 : 860 1790 28 0 : 2275 : 4608 4424 : 111.728317 : 9 Next_heuristic_check_may_be_too_late ]
[111.731s][info][safepoint] Application time: 0.1629457 seconds
[111.731s][info][safepoint] Total time for which application threads were stopped: 0.0003386 seconds, Stopping threads took: 0.0000004 seconds
[111.732s][info][gc       ] [SPS 0.000 0.003 0.002 0.006 0.000 0.001 0.000 0.308 0.028 0.343 NewGC_pause1 111.730840 ]
[111.790s][info][safepoint] Application time: 0.0589864 seconds
[111.790s][info][safepoint] Total time for which application threads were stopped: 0.0001303 seconds, Stopping threads took: 0.0000004 seconds
[111.791s][info][gc       ] [SPS 0.000 0.001 0.000 0.006 0.000 0.001 0.000 0.104 0.019 0.130 NewGC_pause2 111.789952 ]
[111.792s][info][safepoint] Application time: 0.0014918 seconds
[111.792s][info][safepoint] Total time for which application threads were stopped: 0.0000891 seconds, Stopping threads took: 0.0000004 seconds
[111.792s][info][gc       ] [SPS 0.000 0.000 0.000 0.005 0.000 0.001 0.000 0.071 0.011 0.089 NewGC_pause3 111.791533 ]
[111.793s][info][safepoint] Application time: 0.0009782 seconds
[111.793s][info][safepoint] Total time for which application threads were stopped: 0.0000563 seconds, Stopping threads took: 0.0000004 seconds
[111.793s][info][gc       ] [SPS 0.000 0.002 0.001 0.005 0.000 0.001 0.000 0.038 0.012 0.056 NewGC_pause4 111.792567 ]
[111.793s][info][gc       ] [GC New Max 373-349 : 5120 3116 2252 5120 - - 1051 56 2 2 - : 250 1790 28 184 1114 : 246 4 866 866 0 : 0 1 123 0 125 - 0 : 0.160856 3841.9 0.0 0.064129 3960.8 0.0 : 3 --c 0000 : 23 0 0.000 0.000 0 0.000 0.000 0 0.000 0.000 : 111.728769 111.730496 0.000277 111.789821 0.000060 111.791444 0.000075 111.792511 0.000041 : 111.792897 ]
[111.793s][info][gc       ] [SYSINFO 7333 227 63 0 6777 0 30 0 0 5703 : - - - - - - - - : 0 7168 : 2.92 3.03 2.09 : 292739 4277908 : 0 0 : 24 0 : 3877 2 0 261 : - 7411195904 682364928 1200361472 5905219584 238166016 67043328 : 140073237 30094790 740780 0 0 0 : 111.793122 ]
[111.793s][info][gc       ] [HUGEPAGESTAT 0 0 0 - 110774 0 0 : 393216 0 0 : 111.793122 ]
[111.793s][info][gc       ] [OBJCREAT 343427841 25489 17156096 : 111.793160 ]
[111.793s][info][gc       ] [HMSV All : 0 0 100 0 0 0 0 0 : 4960 0 0 0 : 111.793174 ]
[111.793s][info][gc       ] [HMSP 9 : 41100 0 : 111.793174 ]
[111.794s][info][gc       ] [VMAC 65530 166 24 435 625 : 111.793548 ]
[111.951s][info][gc       ] [GPGC-H  4086.0 528.1 0.2 0.0 : 15.9 : 0.000 0.000 : 0.000 0.000 0.585 1.100 : 0.000 0.000 0.000 0.000 1.583 0.263 : 0.000 : 86.429 : 874 1790 28 0 : 2275 : 4608 4424 : 111.951290 : 9 Next_heuristic_check_may_be_too_late ]
[111.954s][info][safepoint] Application time: 0.1610125 seconds
[111.954s][info][safepoint] Total time for which application threads were stopped: 0.0003241 seconds, Stopping threads took: 0.0000004 seconds
[111.955s][info][gc       ] [SPS 0.000 0.002 0.002 0.006 0.000 0.001 0.000 0.298 0.019 0.324 NewGC_pause1 111.953904 ]
[112.025s][info][safepoint] Application time: 0.0704401 seconds
[112.025s][info][safepoint] Total time for which application threads were stopped: 0.0001668 seconds, Stopping threads took: 0.0000004 seconds
[112.026s][info][gc       ] [SPS 0.000 0.001 0.000 0.006 0.000 0.001 0.000 0.138 0.021 0.167 NewGC_pause2 112.024512 ]
[112.026s][info][safepoint] Application time: 0.0017591 seconds
[112.027s][info][safepoint] Total time for which application threads were stopped: 0.0000567 seconds, Stopping threads took: 0.0000004 seconds
[112.027s][info][gc       ] [SPS 0.000 0.000 0.000 0.006 0.000 0.001 0.000 0.036 0.013 0.057 NewGC_pause3 112.026327 ]
[112.027s][info][safepoint] Application time: 0.0009756 seconds
[112.028s][info][safepoint] Total time for which application threads were stopped: 0.0000607 seconds, Stopping threads took: 0.0000004 seconds
[112.028s][info][gc       ] [SPS 0.006 0.003 0.002 0.006 0.000 0.001 0.000 0.041 0.013 0.061 NewGC_pause4 112.027363 ]
[112.028s][info][gc       ] [GC New Max 374-350 : 5120 3144 2266 5120 - - 1051 56 2 2 - : 264 1790 28 184 1142 : 262 2 882 882 0 : 0 0 131 0 132 - 0 : 0.158785 3929.8 0.0 0.076018 3578.1 0.0 : 3 --c 0000 : 23 0 0.000 0.000 0 0.000 0.000 0 0.000 0.000 : 111.951682 111.953580 0.000258 112.024344 0.000098 112.026270 0.000039 112.027303 0.000044 : 112.027700 ]
[112.028s][info][gc       ] [SYSINFO 7333 227 63 0 6777 0 30 0 0 5703 : - - - - - - - - : 0 7168 : 2.92 3.03 2.09 : 292739 4277908 : 0 0 : 24 0 : 3877 2 0 261 : - 7411195904 682364928 1200361472 5905219584 238166016 67043328 : 140073237 30095190 740780 0 0 0 : 112.027944 ]
[112.028s][info][gc       ] [HUGEPAGESTAT 0 0 0 - 110774 0 0 : 393216 0 0 : 112.027944 ]
[112.028s][info][gc       ] [OBJCREAT 344314054 25489 17156096 : 112.027984 ]
[112.028s][info][gc       ] [HMSV All : 0 0 100 0 0 0 0 0 : 4960 0 0 0 : 112.028000 ]
[112.028s][info][gc       ] [HMSP 9 : 41100 0 : 112.028000 ]
[112.028s][info][gc       ] [VMAC 65530 166 24 435 625 : 112.028388 ]
[112.190s][info][gc       ] [GPGC-H  4086.0 528.1 0.2 0.0 : 15.9 : 0.000 0.000 : 0.000 0.000 0.579 1.100 : 0.000 0.000 0.000 0.000 1.568 0.263 : 0.000 : 85.845 : 902 1790 28 0 : 2275 : 4608 4424 : 112.190146 : 9 Next_heuristic_check_may_be_too_late ]
[112.193s][info][safepoint] Application time: 0.1649913 seconds
[112.193s][info][safepoint] Total time for which application threads were stopped: 0.0003419 seconds, Stopping threads took: 0.0000004 seconds
[112.193s][info][gc       ] [SPS 0.000 0.003 0.003 0.006 0.000 0.001 0.000 0.316 0.018 0.342 NewGC_pause1 112.192697 ]
[112.261s][info][safepoint] Application time: 0.0685236 seconds
[112.262s][info][safepoint] Total time for which application threads were stopped: 0.0001673 seconds, Stopping threads took: 0.0000004 seconds
[112.262s][info][gc       ] [SPS 0.000 0.001 0.000 0.006 0.000 0.001 0.000 0.139 0.021 0.168 NewGC_pause2 112.261388 ]
[112.263s][info][safepoint] Application time: 0.0019030 seconds
[112.264s][info][safepoint] Total time for which application threads were stopped: 0.0000789 seconds, Stopping threads took: 0.0000004 seconds
[112.264s][info][gc       ] [SPS 0.000 0.001 0.000 0.006 0.000 0.001 0.000 0.054 0.018 0.079 NewGC_pause3 112.263370 ]
[112.264s][info][safepoint] Application time: 0.0009720 seconds
[112.265s][info][safepoint] Total time for which application threads were stopped: 0.0000595 seconds, Stopping threads took: 0.0000004 seconds
[112.265s][info][gc       ] [GC New Max 375-351 : 5120 3166 2260 5120 - - 1051 56 2 2 - : 258 1790 28 184 1164 : 254 4 909 909 0 : 0 1 127 0 129 - 0 : 0.163001 3926.4 0.0 0.073917 3544.5 0.0 : 3 --c 0000 : 23 0 0.000 0.000 0 0.000 0.000 0 0.000 0.000 : 112.190701 112.192355 0.000269 112.261221 0.000092 112.263291 0.000053 112.264342 0.000043 : 112.264617 ]
[112.265s][info][gc       ] [SYSINFO 7333 227 63 0 6777 0 30 0 0 5703 : - - - - - - - - : 0 7168 : 2.92 3.03 2.09 : 292739 4277908 : 0 0 : 24 0 : 3877 2 0 261 : - 7411195904 682364928 1200361472 5905219584 238166016 67043328 : 140073237 30095590 740780 0 0 0 : 112.264831 ]
[112.265s][info][gc       ] [HUGEPAGESTAT 0 0 0 - 110774 0 0 : 393216 0 0 : 112.264831 ]
[112.265s][info][gc       ] [OBJCREAT 345207636 25489 17156096 : 112.264872 ]
[112.265s][info][gc       ] [HMSV All : 0 0 100 0 0 0 0 0 : 4960 0 0 0 : 112.264886 ]
[112.265s][info][gc       ] [HMSP 9 : 41100 0 : 112.264886 ]
[112.265s][info][gc       ] [SPS 0.000 0.003 0.008 0.006 0.000 0.001 0.000 0.039 0.013 0.059 NewGC_pause4 112.264401 ]
[112.265s][info][gc       ] [VMAC 65530 166 24 435 625 : 112.265270 ]
[112.421s][info][gc       ] [GPGC-H  4047.7 528.1 0.2 0.0 : 15.9 : 0.000 0.000 : 0.000 0.000 0.574 1.100 : 0.000 0.000 0.000 0.000 1.553 0.263 : 0.000 : 85.250 : 900 1790 28 0 : 2275 : 4608 4424 : 112.421204 : 9 Next_heuristic_check_may_be_too_late ]
[112.424s][info][safepoint] Application time: 0.1588968 seconds
[112.424s][info][safepoint] Total time for which application threads were stopped: 0.0002656 seconds, Stopping threads took: 0.0000004 seconds
[112.424s][info][gc       ] [SPS 0.000 0.003 0.002 0.006 0.000 0.001 0.000 0.240 0.019 0.266 NewGC_pause1 112.423564 ]
[112.484s][info][safepoint] Application time: 0.0604856 seconds
[112.485s][info][safepoint] Total time for which application threads were stopped: 0.0002030 seconds, Stopping threads took: 0.0000004 seconds
[112.485s][info][gc       ] [SPS 0.000 0.001 0.000 0.006 0.000 0.001 0.000 0.165 0.031 0.203 NewGC_pause2 112.484253 ]
[112.486s][info][safepoint] Application time: 0.0017603 seconds
[112.486s][info][safepoint] Total time for which application threads were stopped: 0.0000548 seconds, Stopping threads took: 0.0000004 seconds
[112.487s][info][gc       ] [SPS 0.000 0.000 0.000 0.006 0.000 0.001 0.000 0.035 0.013 0.055 NewGC_pause3 112.486068 ]
[112.487s][info][safepoint] Application time: 0.0009953 seconds
[112.487s][info][safepoint] Total time for which application threads were stopped: 0.0000666 seconds, Stopping threads took: 0.0000004 seconds
[112.488s][info][gc       ] [SPS 0.000 0.002 0.002 0.006 0.000 0.001 0.000 0.045 0.014 0.066 NewGC_pause4 112.487130 ]
[112.488s][info][gc       ] [GC New Max 376-352 : 5120 3146 2244 5120 - - 1051 56 2 2 - : 240 1790 28 184 1144 : 236 2 906 906 0 : 0 1 118 0 120 - 0 : 0.157115 4098.9 0.0 0.065725 3712.5 0.0 : 3 --c 0000 : 23 0 0.000 0.000 0 0.000 0.000 0 0.000 0.000 : 112.421732 112.423298 0.000203 112.484050 0.000119 112.486013 0.000038 112.487064 0.000048 : 112.487457 ]
[112.488s][info][gc       ] [SYSINFO 7333 227 63 0 6777 0 30 0 0 5703 : - - - - - - - - : 0 7168 : 2.92 3.03 2.09 : 292739 4277908 : 0 0 : 24 0 : 3877 2 0 261 : - 7411195904 682364928 1200361472 5905219584 238166016 67043328 : 140073237 30095970 740810 0 0 0 : 112.487724 ]
[112.488s][info][gc       ] [HUGEPAGESTAT 0 0 0 - 110774 0 0 : 393216 0 0 : 112.487724 ]
[112.488s][info][gc       ] [OBJCREAT 346088483 25489 17156096 : 112.487787 ]
[112.488s][info][gc       ] [HMSV All : 0 0 100 0 0 0 0 0 : 4960 0 0 0 : 112.487801 ]
[112.488s][info][gc       ] [HMSP 9 : 41100 0 : 112.487801 ]
[112.488s][info][gc       ] [VMAC 65530 166 24 435 625 : 112.488196 ]
[112.650s][info][gc       ] [GPGC-H  4047.7 480.7 0.1 0.0 : 14.5 : 0.000 0.000 : 0.000 0.000 0.568 1.100 : 0.000 0.000 0.000 0.000 1.539 0.263 : 0.000 : 84.679 : 882 1790 28 0 : 2275 : 4608 4424 : 112.650361 : 9 Next_heuristic_check_may_be_too_late ]
[112.653s][info][safepoint] Application time: 0.1652939 seconds
[112.653s][info][safepoint] Total time for which application threads were stopped: 0.0003074 seconds, Stopping threads took: 0.0000004 seconds
[112.654s][info][gc       ] [SPS 0.000 0.002 0.002 0.006 0.000 0.001 0.000 0.281 0.019 0.307 NewGC_pause1 112.652731 ]
[112.712s][info][safepoint] Application time: 0.0592125 seconds
[112.713s][info][safepoint] Total time for which application threads were stopped: 0.0001531 seconds, Stopping threads took: 0.0000004 seconds
[112.713s][info][gc       ] [SPS 0.000 0.001 0.000 0.005 0.000 0.001 0.000 0.128 0.018 0.153 NewGC_pause2 112.712097 ]
[112.714s][info][safepoint] Application time: 0.0016905 seconds
[112.714s][info][safepoint] Total time for which application threads were stopped: 0.0000530 seconds, Stopping threads took: 0.0000004 seconds
[112.714s][info][gc       ] [SPS 0.000 0.000 0.000 0.006 0.000 0.001 0.000 0.033 0.013 0.053 NewGC_pause3 112.713841 ]
[112.719s][info][safepoint] Application time: 0.0051029 seconds
[112.719s][info][safepoint] Total time for which application threads were stopped: 0.0000696 seconds, Stopping threads took: 0.0000004 seconds
[112.719s][info][gc       ] [SPS 0.000 0.003 0.002 0.005 0.000 0.001 0.000 0.050 0.013 0.069 NewGC_pause4 112.719013 ]
[112.720s][info][gc       ] [GC New Max 377-353 : 5120 3146 2276 5120 - - 1051 56 2 2 - : 274 1790 28 184 1144 : 254 4 889 889 0 : 0 1 127 0 137 - 0 : 0.163386 3941.6 0.0 0.068412 4063.6 0.0 : 3 --c 0000 : 23 0 0.000 0.000 0 0.000 0.000 0 0.000 0.000 : 112.650843 112.652424 0.000248 112.711944 0.000098 112.713788 0.000036 112.718944 0.000053 : 112.719255 ]
[112.720s][info][gc       ] [SYSINFO 7333 227 63 0 6777 0 30 0 0 5703 : - - - - - - - - : 0 7168 : 2.92 3.03 2.09 : 292739 4277908 : 0 0 : 24 0 : 3877 2 0 261 : - 7411195904 682364928 1200361472 5905219584 238166016 67043328 : 140073237 30096360 740810 0 0 0 : 112.719507 ]
[112.720s][info][gc       ] [HUGEPAGESTAT 0 0 0 - 110774 0 0 : 393216 0 0 : 112.719507 ]
[112.720s][info][gc       ] [OBJCREAT 347000144 25489 17156096 : 112.719563 ]
[112.720s][info][gc       ] [HMSV All : 0 0 100 0 0 0 0 0 : 4960 0 0 0 : 112.719577 ]
[112.720s][info][gc       ] [HMSP 9 : 41100 0 : 112.719577 ]
[112.720s][info][gc       ] [VMAC 65530 166 24 435 625 : 112.720028 ]
[112.881s][info][gc       ] [GPGC-H  4047.7 480.7 0.1 0.0 : 14.5 : 0.000 0.000 : 0.000 0.000 0.563 1.100 : 0.000 0.000 0.000 0.000 1.524 0.263 : 0.000 : 84.092 : 948 1790 28 0 : 2275 : 4608 4424 : 112.881061 : 9 Next_heuristic_check_may_be_too_late ]
[112.884s][info][safepoint] Application time: 0.1643018 seconds
[112.884s][info][safepoint] Total time for which application threads were stopped: 0.0003365 seconds, Stopping threads took: 0.0000004 seconds
[112.885s][info][gc       ] [SPSH lock suspend gclocker notify wait resuspend cleanup op_time wakeup total(ms) op_name end(s) ]
[112.885s][info][gc       ] [SPS 0.000 0.004 0.003 0.007 0.000 0.001 0.001 0.308 0.020 0.337 NewGC_pause1 112.883652 ]
[112.944s][info][safepoint] Application time: 0.0602639 seconds
[112.945s][info][safepoint] Total time for which application threads were stopped: 0.0001350 seconds, Stopping threads took: 0.0000004 seconds
[112.945s][info][gc       ] [SPS 0.000 0.001 0.000 0.006 0.000 0.001 0.000 0.110 0.018 0.135 NewGC_pause2 112.944051 ]
[112.946s][info][safepoint] Application time: 0.0020458 seconds
[112.947s][info][safepoint] Total time for which application threads were stopped: 0.0001225 seconds, Stopping threads took: 0.0000004 seconds
[112.947s][info][gc       ] [SPS 0.000 0.000 0.000 0.005 0.000 0.001 0.000 0.105 0.011 0.122 NewGC_pause3 112.946219 ]
[112.947s][info][safepoint] Application time: 0.0011156 seconds
[112.948s][info][safepoint] Total time for which application threads were stopped: 0.0000576 seconds, Stopping threads took: 0.0000004 seconds
[112.948s][info][gc       ] [SPS 0.000 0.002 0.002 0.006 0.000 0.001 0.000 0.038 0.013 0.058 NewGC_pause4 112.947392 ]
[112.948s][info][gc       ] [GC New Max 378-354 : 5120 3218 2266 5120 - - 1051 56 2 2 - : 264 1790 28 184 1216 : 260 4 955 955 0 : 0 1 130 0 132 - 0 : 0.162276 4165.7 0.0 0.066100 4054.4 0.0 : 3 --c 0000 : 23 0 0.000 0.000 0 0.000 0.000 0 0.000 0.000 : 112.881532 112.883316 0.000265 112.943916 0.000061 112.946097 0.000108 112.947335 0.000041 : 112.947632 ]
[112.948s][info][gc       ] [SYSINFO 7333 227 63 0 6777 0 30 0 0 5703 : - - - - - - - - : 0 7168 : 2.92 3.03 2.09 : 292739 4277908 : 0 0 : 24 0 : 3877 4 0 261 : - 7411195904 682364928 1200361472 5905219584 238166016 67043328 : 140073237 30096750 740810 0 0 0 : 112.947845 ]
[112.948s][info][gc       ] [HUGEPAGESTAT 0 0 0 - 110774 0 0 : 393216 0 0 : 112.947845 ]
[112.948s][info][gc       ] [OBJCREAT 347935322 25489 17156096 : 112.947883 ]
[112.948s][info][gc       ] [HMSV All : 0 0 100 0 0 0 0 0 : 4960 0 0 0 : 112.947896 ]
[112.948s][info][gc       ] [HMSP 9 : 41100 0 : 112.947896 ]
[112.948s][info][gc       ] [VMAC 65530 166 24 435 625 : 112.948257 ]
[113.110s][info][gc       ] [GPGC-H  4047.7 480.7 0.1 0.0 : 14.5 : 0.000 0.000 : 0.000 0.000 0.558 1.100 : 0.000 0.000 0.000 0.000 1.510 0.263 : 0.000 : 83.513 : 1084 1790 28 0 : 2275 : 4608 4424 : 113.109847 : 9 Next_heuristic_check_may_be_too_late ]
[113.113s][info][safepoint] Application time: 0.1657908 seconds
[113.114s][info][safepoint] Total time for which application threads were stopped: 0.0003089 seconds, Stopping threads took: 0.0000005 seconds
[113.114s][info][gc       ] [SPS 0.000 0.003 0.003 0.007 0.000 0.001 0.000 0.286 0.015 0.309 NewGC_pause1 113.113493 ]
[113.244s][info][safepoint] Application time: 0.1304809 seconds
[113.245s][info][safepoint] Total time for which application threads were stopped: 0.0001016 seconds, Stopping threads took: 0.0000006 seconds
[113.245s][info][gc       ] [SPS 0.000 0.001 0.000 0.007 0.001 0.001 0.005 0.064 0.024 0.102 NewGC_pause2 113.244075 ]
[113.246s][info][safepoint] Application time: 0.0014798 seconds
[113.246s][info][safepoint] Total time for which application threads were stopped: 0.0001297 seconds, Stopping threads took: 0.0000004 seconds
[113.247s][info][gc       ] [SPS 0.000 0.000 0.000 0.006 0.000 0.001 0.000 0.110 0.012 0.130 NewGC_pause3 113.245685 ]
[113.247s][info][safepoint] Application time: 0.0011006 seconds
[113.247s][info][safepoint] Total time for which application threads were stopped: 0.0000663 seconds, Stopping threads took: 0.0000004 seconds
[113.247s][info][gc       ] [GC New Max 379-355 : 5120 4136 3282 5120 - - 1051 56 2 2 - : 1278 1790 28 184 2134 : 1270 9 865 865 0 : 0 0 523 0 541 - 98 : 0.162945 5032.4 0.0 0.136522 7749.6 0.0 : 3 --c 0000 : 23 0 0.000 0.000 0 0.000 0.000 0 0.000 0.000 : 113.110577 113.113184 0.000290 113.243974 0.000071 113.245555 0.000114 113.246785 0.000047 : 113.247100 ]
[113.247s][info][gc       ] [SYSINFO 7333 227 63 0 6777 0 30 0 0 5703 : - - - - - - - - : 0 7168 : 2.92 3.03 2.09 : 292739 4277920 : 0 0 : 24 0 : 3877 3 0 261 : - 7411195904 682364928 1200361472 5905219584 238166016 67043328 : 140073237 30097400 740810 0 0 0 : 113.247374 ]
[113.247s][info][gc       ] [HUGEPAGESTAT 0 0 0 - 110774 0 0 : 393216 0 0 : 113.247374 ]
[113.247s][info][gc       ] [OBJCREAT 349795177 25489 17156096 : 113.247428 ]
[113.247s][info][gc       ] [HMSV All : 0 0 109 0 0 0 0 0 : 4960 0 0 0 : 113.247448 ]
[113.247s][info][gc       ] [HMSP 9 : 41100 0 : 113.247448 ]
[113.248s][info][gc       ] [VMAC 65530 166 24 435 625 : 113.247929 ]
[113.247s][info][gc       ] [SPS 0.000 0.003 0.002 0.006 0.000 0.001 0.000 0.044 0.015 0.066 NewGC_pause4 113.246852 ]
[113.294s][info][gc       ] [GPGC-H  4047.7 480.7 0.1 0.0 : 14.5 : 0.000 0.000 : 0.000 0.000 0.552 1.100 : 0.000 0.000 0.000 0.000 1.492 0.263 : 0.000 : 82.991 : 1836 1790 28 0 : 2275 : 4608 4424 : 113.294249 : 9 Next_heuristic_check_may_be_too_late ]
[113.301s][info][safepoint] Application time: 0.0539833 seconds
[113.302s][info][safepoint] Total time for which application threads were stopped: 0.0004112 seconds, Stopping threads took: 0.0001139 seconds
[113.302s][info][gc       ] [SPS 0.000 0.002 0.002 0.006 0.114 0.001 0.000 0.271 0.019 0.411 NewGC_pause1 113.301247 ]
[113.793s][info][safepoint] Application time: 0.4912385 seconds
[113.793s][info][safepoint] Total time for which application threads were stopped: 0.0001405 seconds, Stopping threads took: 0.0000004 seconds
[113.794s][info][gc       ] [SPS 0.000 0.001 0.000 0.006 0.000 0.001 0.000 0.111 0.021 0.140 NewGC_pause2 113.792626 ]
[113.795s][info][safepoint] Application time: 0.0023833 seconds
[113.796s][info][safepoint] Total time for which application threads were stopped: 0.0001249 seconds, Stopping threads took: 0.0000004 seconds
[113.796s][info][gc       ] [SPS 0.000 0.000 0.000 0.006 0.000 0.001 0.000 0.096 0.021 0.125 NewGC_pause3 113.795134 ]
[113.796s][info][safepoint] Application time: 0.0012532 seconds
[113.797s][info][safepoint] Total time for which application threads were stopped: 0.0000611 seconds, Stopping threads took: 0.0000004 seconds
[113.797s][info][gc       ] [SPS 0.000 0.003 0.002 0.006 0.000 0.001 0.000 0.040 0.014 0.061 NewGC_pause4 113.796448 ]
[113.797s][info][gc       ] [GC New Max 380-356 : 5120 4270 4150 5120 - - 1051 56 2 2 - : 2148 1790 28 184 2268 : 2140 6 123 123 0 : 0 0 216 0 982 - 92 : 0.047545 11736.2 0.0 0.502072 864.4 0.0 : 3 --c 0000 : 23 0 0.000 0.000 0 0.000 0.000 0 0.000 0.000 : 113.294645 113.300835 0.000354 113.792486 0.000065 113.795009 0.000100 113.796387 0.000043 : 113.796717 ]
[113.797s][info][gc       ] [SYSINFO 7333 227 63 0 6777 0 30 0 0 5703 : - - - - - - - - : 0 7168 : 3.09 3.06 2.11 : 292739 4277920 : 0 0 : 24 0 : 3877 2 0 261 : - 7411195904 682364928 1200361472 5905219584 238166016 67043328 : 140073237 30099410 740860 0 0 0 : 113.796938 ]
[113.797s][info][gc       ] [HUGEPAGESTAT 0 0 0 - 110774 0 0 : 393216 0 0 : 113.796938 ]
[113.797s][info][gc       ] [OBJCREAT 350776367 25489 17156096 : 113.796978 ]
[113.797s][info][gc       ] [HMSV All : 0 0 110 0 0 0 0 0 : 4960 0 0 0 : 113.796993 ]
[113.797s][info][gc       ] [HMSP 9 : 41100 0 : 113.796993 ]
[113.797s][info][gc       ] [VMAC 65530 166 24 435 625 : 113.797406 ]
[113.844s][info][gc       ] [GPGC-H  4047.7 480.7 0.1 0.0 : 14.5 : 0.000 0.000 : 0.000 0.000 0.551 1.100 : 0.000 0.000 0.000 0.000 1.465 0.263 : 0.000 : 91.349 : 2316 1790 28 0 : 2275 : 4608 4424 : 113.843779 : 8 May_exceed_heap_occupancy_target ]
[113.849s][info][safepoint] Application time: 0.0525940 seconds
[113.850s][info][safepoint] Total time for which application threads were stopped: 0.0003114 seconds, Stopping threads took: 0.0000004 seconds
[113.850s][info][gc       ] [SPS 0.000 0.000 0.003 0.006 0.000 0.001 0.000 0.282 0.022 0.312 NewGC_pause1 113.849354 ]
[114.449s][info][safepoint] Application time: 0.5995578 seconds
[114.450s][info][safepoint] Total time for which application threads were stopped: 0.0001699 seconds, Stopping threads took: 0.0000004 seconds
[114.450s][info][gc       ] [SPS 0.000 0.001 0.000 0.005 0.000 0.001 0.000 0.158 0.005 0.170 NewGC_pause2 114.449082 ]
[114.451s][info][safepoint] Application time: 0.0021176 seconds
[114.452s][info][safepoint] Total time for which application threads were stopped: 0.0000611 seconds, Stopping threads took: 0.0000004 seconds
[114.452s][info][gc       ] [SPS 0.000 0.001 0.000 0.006 0.000 0.001 0.000 0.048 0.006 0.061 NewGC_pause3 114.451261 ]
[114.456s][info][safepoint] Application time: 0.0034019 seconds
[114.456s][info][safepoint] Total time for which application threads were stopped: 0.0010685 seconds, Stopping threads took: 0.0000004 seconds
[114.456s][info][gc       ] [SPS 0.000 0.001 0.000 0.006 0.000 0.001 0.000 1.047 0.014 1.069 OldGC_pause2 114.455731 ]
[114.463s][info][safepoint] Application time: 0.0069939 seconds
[114.463s][info][safepoint] Total time for which application threads were stopped: 0.0000600 seconds, Stopping threads took: 0.0000003 seconds
[114.463s][info][gc       ] [SPS 0.000 0.001 0.000 0.006 0.000 0.001 0.000 0.041 0.012 0.060 OldGC_pause3 114.462785 ]
[114.468s][info][safepoint] Application time: 0.0053628 seconds
[114.469s][info][safepoint] Total time for which application threads were stopped: 0.0001073 seconds, Stopping threads took: 0.0000004 seconds
[114.469s][info][gc       ] [SPS 0.000 0.456 0.005 0.006 0.000 0.001 0.000 0.060 0.035 0.102 NewGC_pause4 114.468255 ]
[114.579s][info][gc       ] [GC NTO Max 381-357 : 5120 4958 4714 5120 - - 1051 56 2 2 - : 2712 1790 28 184 2956 : 2384 6 566 566 93 : 0 306 311 0 1301 - 55 : 0.047448 3582.8 0.0 0.734137 1176.9 0.0 : 3 --c 0000 : 23 10282 0.000 0.003 0 0.000 0.000 10282 0.000 0.003 : 113.844165 113.849042 0.000243 114.448912 0.000108 114.451199 0.000044 114.468153 0.000064 : 114.578302 ]
[114.579s][info][gc       ] [SYSINFO 7333 227 63 0 6777 0 30 0 0 5703 : - - - - - - - - : 0 7168 : 3.09 3.06 2.11 : 292739 4277920 : 0 0 : 24 0 : 3877 2 0 261 : - 7411195904 682364928 1200361472 5905219584 238166016 67043328 : 140073237 30101840 740980 0 0 0 : 114.578557 ]
[114.579s][info][gc       ] [HUGEPAGESTAT 0 0 0 - 110774 0 0 : 393216 0 0 : 114.578557 ]
[114.579s][info][gc       ] [OBJCREAT 351820959 25554 17156096 : 114.578607 ]
[114.579s][info][gc       ] [HMSV All : 0 0 110 0 0 0 0 0 : 4960 0 0 0 : 114.578627 ]
[114.579s][info][gc       ] [HMSP 9 : 41100 0 : 114.578627 ]
[114.580s][info][gc       ] [GPGC-H  4094.8 436.5 0.1 0.0 : 13.1 : 0.000 0.000 : 0.000 0.000 0.734 1.100 : 0.000 0.000 0.000 0.000 1.465 0.263 : 0.000 : 93.929 : 2712 1790 28 0 : 2275 : 4608 4424 : 114.579742 : 3 Heap_use_exceeded_committed ]
[114.579s][info][gc       ] [VMAC 65530 166 24 435 625 : 114.579132 ]
[114.584s][info][safepoint] Application time: 0.1153854 seconds
[114.584s][info][safepoint] Total time for which application threads were stopped: 0.0001746 seconds, Stopping threads took: 0.0000005 seconds
[114.584s][info][gc       ] [GC Old Max 382-25 : 5120 4958 2940 5120 - - 1051 56 2 2 - : 2724 6 26 184 1820 : 26 4 1785 1785 0 : 0 2 0 0 16 - 0 : 6.962969 6.9 0.3 0.738080 0.0 0.0 : 1 --c 0000 : 23   -    -    -    -    -    -    -    -    -  : 113.846072 113.849042 0.000243 114.454663 0.001054 114.462725 0.000044 114.583641 0.000051 : 114.584152 ]
[114.584s][info][gc       ] [SYSINFO 7333 227 63 0 6777 0 30 0 0 5703 : - - - - - - - - : 0 7168 : 3.09 3.06 2.11 : 292739 4277920 : 0 0 : 24 0 : 3877 2 0 261 : - 7411195904 682364928 1200361472 5905219584 238166016 67043328 : 140073237 30101840 740980 0 0 0 : 114.584332 ]
[114.584s][info][gc       ] [HUGEPAGESTAT 0 0 0 - 110774 0 0 : 393216 0 0 : 114.584332 ]
[114.584s][info][gc       ] [OBJCREAT 351832854 25554 17156096 : 114.584372 ]
[114.584s][info][gc       ] [HMSV All : 0 0 110 0 0 0 0 0 : 4960 0 0 0 : 114.584386 ]
[114.584s][info][gc       ] [HMSP 9 : 41100 0 : 114.584386 ]
[114.584s][info][gc       ] [COMPSTATS 1 : 5 0 : 1 0 : 0 0 : 523 5 0 0 0 0 : 0 0 0 0 0 0 : 144 145 12 : 528 0 0 0 0 0 0 : 528 0 0 0 0 0 0 ]
[114.584s][info][gc       ] [COMPSTATS 2 : 5 0 : 1 0 : 0 0 : 132 11 0 0 0 0 : 0 0 0 0 0 0 : 52677 52713 7789 : 77 42 24 0 0 0 0 : 39 84 14 5 1 0 0 ]
[114.584s][info][gc       ] [DEOPTSTATS 1 : 0 0 : 0 0 : 0 0 : 0 0 : 0 11 : 0 0 : 0 0 : 0 0 : 0 0 : 0 0 : 0 0 : 0 0 : 0 0 : 0 0 : 0 0 : 0 0 : 0 0 : 0 0 : 0 0 : 0 0 : 0 0 : 0 0 : 0 0 : 0 0 : 0 0 : 0 0 : 0 0 : 0 0 : 0 0 : 0 0 : 6 0 : 0 0 : 0 0 : 0 0 : 0 0 : 0 0 : 0 0 : 0 0 : 0 0 : 0 0 : 0 0 : 0 0 ]
[114.584s][info][gc       ] [DEOPTSTATS 2 : 0 0 : 0 0 : 0 0 : 0 0 : 0 0 : 0 0 : 0 15 : 0 0 : 0 0 : 0 0 : 0 0 : 0 0 : 0 0 : 0 0 : 0 0 : 0 0 : 0 0 : 0 0 : 0 0 : 0 0 : 0 0 : 0 0 : 0 0 : 0 0 : 0 0 : 0 0 : 0 0 : 0 0 : 0 0 : 0 0 : 4 0 : 0 0 : 0 0 : 0 0 : 0 1 : 0 0 : 0 0 : 0 0 : 0 0 : 0 3 : 0 0 : 0 0 ]
[114.585s][info][gc       ] [SPS 0.000 0.002 0.003 0.007 0.000 0.001 0.000 0.144 0.023 0.175 OldGC_pause4 114.583816 ]
[114.585s][info][gc       ] [VMAC 65530 166 24 435 625 : 114.584792 ]
[114.586s][info][gc       ] [CCF 0 0 0 0 33 230912: 3083776 : 380 196608 : 3 49152 : 317 311808 :  517 640000 : 121 422400 : 0 0 : 15 1228800 : 1 2048]
[114.588s][info][safepoint] Application time: 0.0043831 seconds
[114.589s][info][safepoint] Total time for which application threads were stopped: 0.0001102 seconds, Stopping threads took: 0.0000004 seconds
[114.589s][info][gc       ] [SPS 0.000 0.002 0.002 0.006 0.000 0.001 0.000 0.089 0.013 0.110 NewGC_pause1 114.588309 ]
[115.136s][info][safepoint] Application time: 0.5475731 seconds
[115.137s][info][safepoint] Total time for which application threads were stopped: 0.0001514 seconds, Stopping threads took: 0.0000004 seconds
[115.137s][info][gc       ] [SPS 0.000 0.002 0.000 0.006 0.000 0.001 0.000 0.125 0.020 0.151 NewGC_pause2 115.136034 ]
[115.138s][info][safepoint] Application time: 0.0020444 seconds
[115.139s][info][safepoint] Total time for which application threads were stopped: 0.0001560 seconds, Stopping threads took: 0.0000004 seconds
[115.139s][info][gc       ] [SPS 0.000 0.000 0.000 0.007 0.000 0.001 0.000 0.122 0.025 0.156 NewGC_pause3 115.138234 ]
[115.142s][info][safepoint] Application time: 0.0038628 seconds
[115.142s][info][safepoint] Total time for which application threads were stopped: 0.0000644 seconds, Stopping threads took: 0.0000004 seconds
[115.143s][info][gc       ] [SPS 0.000 0.003 0.002 0.006 0.000 0.001 0.000 0.044 0.013 0.064 NewGC_pause4 115.142161 ]
[115.163s][info][gc       ] [GC New Max 383-358 : 5120 4722 3794 5120 - - 1051 56 2 2 - : 3578 6 26 184 4376 : 3405 9 964 964 0 : 0 55 820 0 1734 - 55 : 0.007339 2180.1 0.0 0.577332 3000.0 0.0 : 3 --c 0000 : 23 1 0.003 0.003 0 0.000 0.000 1 0.003 0.003 : 114.585642 114.588199 0.000092 115.135882 0.000087 115.138078 0.000060 115.142097 0.000048 : 115.162973 ]
[115.163s][info][gc       ] [SYSINFO 7333 227 63 0 6777 0 30 0 0 5703 : - - - - - - - - : 0 7168 : 3.09 3.06 2.11 : 292739 4277920 : 0 0 : 24 0 : 3877 2 0 261 : - 7411195904 682364928 1200361472 5905219584 238166016 67043328 : 140073237 30104090 741010 0 0 0 : 115.163232 ]
[115.163s][info][gc       ] [HUGEPAGESTAT 0 0 0 - 110774 0 0 : 393216 0 0 : 115.163232 ]
[115.163s][info][gc       ] [OBJCREAT 353552756 25554 17156096 : 115.163280 ]
[115.163s][info][gc       ] [HMSV All : 0 0 110 0 0 0 0 0 : 4960 0 0 0 : 115.163301 ]
[115.163s][info][gc       ] [HMSP 9 : 41100 0 : 115.163301 ]
[115.164s][info][gc       ] [GPGC-H  4093.1 436.5 0.1 0.0 : 13.1 : 0.000 0.000 : 0.000 0.000 0.730 0.992 : 0.000 0.000 0.000 0.000 1.465 0.237 : 0.000 : 99.597 : 3584 6 26 0 : 2275 : 4608 4424 : 115.164218 : 9 Next_heuristic_check_may_be_too_late ]
[115.164s][info][gc       ] [VMAC 65530 166 24 435 625 : 115.163815 ]
[115.169s][info][safepoint] Application time: 0.0262187 seconds
[115.169s][info][safepoint] Total time for which application threads were stopped: 0.0003424 seconds, Stopping threads took: 0.0000005 seconds
[115.170s][info][gc       ] [SPS 0.000 0.003 0.004 0.006 0.000 0.001 0.000 0.315 0.020 0.342 NewGC_pause1 115.168723 ]
[115.772s][info][safepoint] Application time: 0.6033382 seconds
[115.773s][info][safepoint] Total time for which application threads were stopped: 0.0001644 seconds, Stopping threads took: 0.0000004 seconds
[115.774s][info][gc       ] [SPS 0.000 0.002 0.000 0.005 0.000 0.001 0.000 0.139 0.020 0.165 NewGC_pause2 115.772226 ]
[115.775s][info][safepoint] Application time: 0.0025771 seconds
[115.775s][info][safepoint] Total time for which application threads were stopped: 0.0000473 seconds, Stopping threads took: 0.0000004 seconds
[115.776s][info][gc       ] [SPS 0.000 0.001 0.000 0.005 0.000 0.001 0.000 0.037 0.004 0.047 NewGC_pause3 115.774850 ]
[115.786s][info][safepoint] Application time: 0.0110565 seconds
[115.786s][info][safepoint] Total time for which application threads were stopped: 0.0001569 seconds, Stopping threads took: 0.0000004 seconds
[115.787s][info][gc       ] [SPS 0.000 0.003 0.002 0.005 0.000 0.001 0.000 0.118 0.033 0.157 NewGC_pause4 115.786063 ]
[115.924s][info][gc       ] [GC New Max 384-359 : 5120 4868 3614 5120 - - 1051 56 2 2 - : 2950 452 26 184 4652 : 2821 7 1823 1823 0 : 223 1 528 0 1421 - 55 : 0.001738 4602.7 0.0 0.758684 2058.8 0.0 : 3 --c 0000 : 23 4994 0.000 0.003 0 0.000 0.000 4994 0.000 0.003 : 115.164711 115.168381 0.000278 115.772061 0.000094 115.774802 0.000039 115.785906 0.000085 : 115.923396 ]
[115.924s][info][gc       ] [SYSINFO 7333 227 63 0 6777 0 30 0 0 5703 : - - - - - - - - : 0 7168 : 3.09 3.06 2.11 : 292739 4277920 : 0 0 : 24 0 : 3877 2 0 261 : - 7411195904 682364928 1200361472 5905219584 238166016 67043328 : 140073237 30106720 741080 0 0 0 : 115.923644 ]
[115.924s][info][gc       ] [HUGEPAGESTAT 0 0 0 - 110774 0 0 : 393216 0 0 : 115.923644 ]
[115.924s][info][gc       ] [OBJCREAT 355112291 25554 17537024 : 115.923692 ]
[115.924s][info][gc       ] [HMSV All : 0 0 110 0 0 0 0 0 : 4960 0 0 0 : 115.923709 ]
[115.924s][info][gc       ] [HMSP 9 : 41100 0 : 115.923709 ]
[115.925s][info][gc       ] [GPGC-H  4014.6 436.5 0.1 0.0 : 13.1 : 0.000 0.000 : 0.000 0.000 0.729 0.992 : 0.000 0.000 0.000 0.000 1.548 0.237 : 0.000 : 99.771 : 2956 452 26 0 : 2275 : 4608 4424 : 115.924564 : 8 May_exceed_heap_occupancy_target ]
[115.924s][info][gc       ] [VMAC 65530 166 24 435 625 : 115.924160 ]
[115.929s][info][safepoint] Application time: 0.1431714 seconds
[115.931s][info][safepoint] Total time for which application threads were stopped: 0.0001860 seconds, Stopping threads took: 0.0000004 seconds
[115.932s][info][gc       ] [SPS 0.000 0.001 0.004 0.006 0.000 0.001 0.000 0.162 0.017 0.186 NewGC_pause1 115.929421 ]
[116.363s][info][safepoint] Application time: 0.4338741 seconds
[116.364s][info][safepoint] Total time for which application threads were stopped: 0.0001260 seconds, Stopping threads took: 0.0000003 seconds
[116.365s][info][gc       ] [SPS 0.000 0.001 0.000 0.005 0.000 0.001 0.000 0.115 0.005 0.126 NewGC_pause2 116.363421 ]
[116.365s][info][safepoint] Application time: 0.0020042 seconds
[116.366s][info][safepoint] Total time for which application threads were stopped: 0.0000416 seconds, Stopping threads took: 0.0000003 seconds
[116.366s][info][gc       ] [SPS 0.000 0.000 0.000 0.005 0.000 0.001 0.000 0.033 0.003 0.042 NewGC_pause3 116.365467 ]
[116.382s][info][safepoint] Application time: 0.0163121 seconds
[116.382s][info][safepoint] Total time for which application threads were stopped: 0.0001654 seconds, Stopping threads took: 0.0000004 seconds
[116.383s][info][gc       ] [SPS 0.000 0.067 0.019 0.006 0.000 0.001 0.000 0.120 0.038 0.165 NewGC_pause4 116.381945 ]
[116.740s][info][gc       ] [GC NTO Max 385-360 : 5120 4774 4550 5120 - - 1051 56 2 2 - : 3136 1204 26 184 4112 : 2478 6 1633 1633 26 : 376 0 572 0 1568 - 0 : 0.001549 5165.2 0.0 0.814302 3111.9 0.0 : 3 --c 0000 : 23 2549 0.000 0.003 0 0.000 0.000 2549 0.000 0.003 : 115.924944 115.929235 0.000161 116.363295 0.000082 116.365425 0.000035 116.381779 0.000090 : 116.739247 ]
[116.740s][info][gc       ] [SYSINFO 7333 227 63 0 6777 0 30 0 0 5703 : - - - - - - - - : 0 7168 : 3.09 3.06 2.11 : 292739 4277920 : 0 0 : 24 0 : 3877 3 0 261 : - 7411195904 682364928 1200361472 5905219584 238166016 67043328 : 140073237 30109890 741230 0 0 0 : 116.739579 ]
[116.740s][info][gc       ] [HUGEPAGESTAT 0 0 0 - 110774 0 0 : 393216 0 0 : 116.739579 ]
[116.740s][info][gc       ] [OBJCREAT 357638532 25554 18307072 : 116.739627 ]
[116.740s][info][gc       ] [HMSV All : 0 0 110 0 0 0 0 0 : 4960 0 0 0 : 116.739644 ]
[116.740s][info][gc       ] [HMSP 9 : 41100 0 : 116.739644 ]
[116.741s][info][gc       ] [GPGC-H  4106.9 520.1 0.1 0.0 : 11.9 : 0.000 0.000 : 0.000 0.000 0.725 0.992 : 0.000 0.000 0.000 0.000 1.896 0.237 : 0.000 : 99.810 : 3138 1204 26 0 : 2275 : 4608 4424 : 116.740727 : 8 May_exceed_heap_occupancy_target ]
[116.740s][info][gc       ] [VMAC 65530 166 24 435 625 : 116.740184 ]
[116.741s][info][safepoint] Application time: 0.3579159 seconds
[116.742s][info][safepoint] Total time for which application threads were stopped: 0.0012370 seconds, Stopping threads took: 0.0000004 seconds
[116.742s][info][gc       ] [SPS 0.000 0.001 0.000 0.007 0.000 0.001 0.000 1.201 0.028 1.237 OldGC_pause2 116.741098 ]
[116.748s][info][safepoint] Application time: 0.0070843 seconds
[116.749s][info][safepoint] Total time for which application threads were stopped: 0.0001983 seconds, Stopping threads took: 0.0000004 seconds
[116.749s][info][gc       ] [SPS 0.000 0.001 0.000 0.008 0.000 0.001 0.001 0.157 0.031 0.198 OldGC_pause3 116.748381 ]
[116.753s][info][safepoint] Application time: 0.0047065 seconds
[116.756s][info][safepoint] Total time for which application threads were stopped: 0.0003417 seconds, Stopping threads took: 0.0000004 seconds
[116.756s][info][gc       ] [SPS 0.000 3.457 0.003 0.005 0.000 0.001 0.000 0.310 0.026 0.342 NewGC_pause1 116.753429 ]
[116.990s][info][safepoint] Application time: 0.2368622 seconds
[116.991s][info][safepoint] Total time for which application threads were stopped: 0.0001644 seconds, Stopping threads took: 0.0000003 seconds
[116.992s][info][gc       ] [SPS 0.000 0.001 0.000 0.005 0.000 0.001 0.000 0.153 0.006 0.164 NewGC_pause2 116.990455 ]
[116.993s][info][safepoint] Application time: 0.0025661 seconds
[116.994s][info][safepoint] Total time for which application threads were stopped: 0.0000627 seconds, Stopping threads took: 0.0000004 seconds
[116.994s][info][gc       ] [SPS 0.000 0.001 0.000 0.006 0.000 0.001 0.000 0.038 0.018 0.063 NewGC_pause3 116.993084 ]
[117.013s][info][safepoint] Application time: 0.0197178 seconds
[117.014s][info][safepoint] Total time for which application threads were stopped: 0.0001181 seconds, Stopping threads took: 0.0000004 seconds
[117.014s][info][gc       ] [SPS 0.000 0.004 0.009 0.007 0.000 0.001 0.000 0.089 0.021 0.118 NewGC_pause4 117.012920 ]
[117.198s][info][gc       ] [GC New Max 387-361 : 5120 4818 2964 5120 - - 1051 56 2 2 - : 1064 1690 26 184 3404 : 808 5 2593 2593 0 : 243 0 111 0 532 - 0 : 0.006369 2826.3 0.0 0.452262 2180.2 0.0 : 3 --c 0000 : 23 3386 0.000 0.003 0 0.000 0.000 3386 0.000 0.003 : 116.745615 116.753087 0.000260 116.990291 0.000100 116.993021 0.000040 117.012802 0.000093 : 117.197878 ]
[117.198s][info][gc       ] [SYSINFO 7333 227 63 0 6777 0 30 0 0 5703 : - - - - - - - - : 0 7168 : 3.09 3.06 2.11 : 292739 4277928 : 0 0 : 24 0 : 3877 2 0 261 : - 7411195904 682364928 1200361472 5905219584 238166016 67043328 : 140073237 30111450 741350 0 0 0 : 117.198130 ]
[117.198s][info][gc       ] [HUGEPAGESTAT 0 0 0 - 110774 0 0 : 393216 0 0 : 117.198130 ]
[117.198s][info][gc       ] [OBJCREAT 358631921 25554 18765824 : 117.198181 ]
[117.198s][info][gc       ] [HMSV All : 0 0 110 0 0 0 0 0 : 4960 0 0 0 : 117.198199 ]
[117.198s][info][gc       ] [HMSP 9 : 41100 0 : 117.198199 ]
[117.199s][info][gc       ] [VMAC 65530 166 24 435 625 : 117.198658 ]
[117.199s][info][gc       ] [GPGC-H  4066.1 520.1 0.1 0.0 : 11.9 : 0.000 0.000 : 0.000 0.000 0.715 0.992 : 0.000 0.000 0.000 0.000 1.895 0.237 : 0.000 : 99.803 : 1068 1690 26 0 : 2275 : 4608 4424 : 117.199166 : 8 May_exceed_heap_occupancy_target ]
[117.202s][info][safepoint] Application time: 0.1885854 seconds
[117.202s][info][safepoint] Total time for which application threads were stopped: 0.0001225 seconds, Stopping threads took: 0.0000004 seconds
[117.202s][info][gc       ] [SPS 0.000 0.002 0.002 0.006 0.000 0.001 0.000 0.100 0.014 0.122 OldGC_pause4 117.201628 ]
[117.205s][info][gc       ] [GC Old Max 386-26 : 5120 4868 2980 5120 - - 1051 56 2 2 - : 1086 1684 26 184 1720 : 1704 10 2 2 0 : 0 4 619 1 800 - 55 : 1.342477 277.1 0.0 1.278070 938.9 0.0 : 1 --c 0000 : 23   -    -    -    -    -    -    -    -    -  : 115.926628 115.929235 0.000161 116.739861 0.001159 116.748182 0.000112 117.201506 0.000103 : 117.204698 ]
[117.205s][info][gc       ] [SYSINFO 7333 227 63 0 6777 0 30 0 0 5703 : - - - - - - - - : 0 7168 : 3.09 3.06 2.11 : 292739 4277928 : 0 0 : 24 0 : 3877 2 0 261 : - 7411195904 682364928 1200361472 5905219584 238166016 67043328 : 140073237 30111450 741350 0 0 0 : 117.204891 ]
[117.205s][info][gc       ] [HUGEPAGESTAT 0 0 0 - 110774 0 0 : 393216 0 0 : 117.204891 ]
[117.205s][info][gc       ] [OBJCREAT 358653726 25554 18765824 : 117.204929 ]
[117.205s][info][gc       ] [HMSV All : 0 0 110 0 0 0 0 0 : 4960 0 0 0 : 117.204947 ]
[117.205s][info][gc       ] [HMSP 9 : 41100 0 : 117.204947 ]
[117.205s][info][gc       ] [COMPSTATS 1 : 5 0 : 1 0 : 0 0 : 523 5 0 0 0 0 : 0 0 0 0 0 0 : 144 145 12 : 528 0 0 0 0 0 0 : 528 0 0 0 0 0 0 ]
[117.205s][info][gc       ] [COMPSTATS 2 : 5 0 : 1 0 : 0 0 : 132 11 0 0 0 0 : 0 0 0 0 0 0 : 52677 52713 7789 : 77 42 24 0 0 0 0 : 39 84 14 5 1 0 0 ]
[117.205s][info][gc       ] [DEOPTSTATS 1 : 0 0 : 0 0 : 0 0 : 0 0 : 0 11 : 0 0 : 0 0 : 0 0 : 0 0 : 0 0 : 0 0 : 0 0 : 0 0 : 0 0 : 0 0 : 0 0 : 0 0 : 0 0 : 0 0 : 0 0 : 0 0 : 0 0 : 0 0 : 0 0 : 0 0 : 0 0 : 0 0 : 0 0 : 0 0 : 0 0 : 6 0 : 0 0 : 0 0 : 0 0 : 0 0 : 0 0 : 0 0 : 0 0 : 0 0 : 0 0 : 0 0 : 0 0 ]
[117.205s][info][gc       ] [DEOPTSTATS 2 : 0 0 : 0 0 : 0 0 : 0 0 : 0 0 : 0 0 : 0 15 : 0 0 : 0 0 : 0 0 : 0 0 : 0 0 : 0 0 : 0 0 : 0 0 : 0 0 : 0 0 : 0 0 : 0 0 : 0 0 : 0 0 : 0 0 : 0 0 : 0 0 : 0 0 : 0 0 : 0 0 : 0 0 : 0 0 : 0 0 : 4 0 : 0 0 : 0 0 : 0 0 : 0 1 : 0 0 : 0 0 : 0 0 : 0 0 : 0 3 : 0 0 : 0 0 ]
[117.206s][info][gc       ] [CCF 0 0 0 0 33 230912: 3083776 : 380 196608 : 3 49152 : 317 311808 :  517 640000 : 121 422400 : 0 0 : 15 1228800 : 1 2048]
[117.205s][info][gc       ] [VMAC 65530 166 24 435 625 : 117.205385 ]
[117.207s][info][safepoint] Application time: 0.0053178 seconds
[117.207s][info][safepoint] Total time for which application threads were stopped: 0.0001651 seconds, Stopping threads took: 0.0000005 seconds
[117.207s][info][gc       ] [SPS 0.000 0.002 0.002 0.006 0.000 0.001 0.000 0.144 0.014 0.165 NewGC_pause1 117.207111 ]
[117.392s][info][safepoint] Application time: 0.1848679 seconds
[117.393s][info][safepoint] Total time for which application threads were stopped: 0.0001549 seconds, Stopping threads took: 0.0000004 seconds
[117.393s][info][gc       ] [SPS 0.000 0.002 0.000 0.006 0.000 0.001 0.000 0.127 0.020 0.155 NewGC_pause2 117.392134 ]
[117.394s][info][safepoint] Application time: 0.0019775 seconds
[117.395s][info][safepoint] Total time for which application threads were stopped: 0.0001383 seconds, Stopping threads took: 0.0000004 seconds
[117.395s][info][gc       ] [SPS 0.000 0.000 0.000 0.006 0.000 0.001 0.000 0.117 0.014 0.138 NewGC_pause3 117.394250 ]
[117.405s][info][safepoint] Application time: 0.0102894 seconds
[117.405s][info][safepoint] Total time for which application threads were stopped: 0.0002143 seconds, Stopping threads took: 0.0000005 seconds
[117.406s][info][gc       ] [SPS 0.000 0.004 0.009 0.006 0.000 0.001 0.000 0.173 0.032 0.214 NewGC_pause4 117.404754 ]
[117.488s][info][gc       ] [GC New Max 388-362 : 5120 3524 2848 5120 - - 1051 56 2 2 - : 850 1788 26 184 1630 : 643 4 987 987 0 : 52 1 270 0 425 - 0 : 0.007644 3139.7 0.0 0.282234 3018.8 0.0 : 3 --c 0000 : 23 0 0.000 0.000 0 0.000 0.000 0 0.000 0.000 : 117.205522 117.206946 0.000151 117.391979 0.000125 117.394112 0.000120 117.404540 0.000127 : 117.487756 ]
[117.488s][info][gc       ] [SYSINFO 7333 227 63 0 6777 0 30 0 0 5703 : - - - - - - - - : 0 7168 : 3.09 3.06 2.11 : 292739 4277928 : 0 0 : 24 0 : 3877 2 0 261 : - 7411195904 682364928 1200361472 5905219584 238166016 67043328 : 140073237 30112490 741460 0 0 0 : 117.488102 ]
[117.488s][info][gc       ] [HUGEPAGESTAT 0 0 0 - 110774 0 0 : 393216 0 0 : 117.488102 ]
[117.488s][info][gc       ] [OBJCREAT 359501070 25554 18872320 : 117.488175 ]
[117.488s][info][gc       ] [HMSV All : 0 0 110 0 0 0 0 0 : 4960 0 0 0 : 117.488194 ]
[117.488s][info][gc       ] [HMSP 9 : 41100 0 : 117.488194 ]
[117.489s][info][gc       ] [VMAC 65530 166 24 435 625 : 117.488814 ]
[117.605s][info][gc       ] [GPGC-H  4066.1 520.1 0.1 0.0 : 11.9 : 0.000 0.000 : 0.000 0.000 0.708 1.278 : 0.000 0.000 0.000 0.000 1.891 0.237 : 0.000 : 99.794 : 1260 1788 26 0 : 2275 : 4608 4424 : 117.605046 : 8 May_exceed_heap_occupancy_target ]
[117.610s][info][safepoint] Application time: 0.2051791 seconds
[117.612s][info][safepoint] Total time for which application threads were stopped: 0.0002431 seconds, Stopping threads took: 0.0000004 seconds
[117.612s][info][gc       ] [SPS 0.000 0.001 0.003 0.006 0.000 0.001 0.000 0.220 0.015 0.243 NewGC_pause1 117.610176 ]
[117.712s][info][safepoint] Application time: 0.1012386 seconds
[117.712s][info][safepoint] Total time for which application threads were stopped: 0.0001861 seconds, Stopping threads took: 0.0000004 seconds
[117.713s][info][gc       ] [SPS 0.000 0.001 0.000 0.007 0.000 0.001 0.000 0.156 0.022 0.186 NewGC_pause2 117.711601 ]
[117.714s][info][safepoint] Application time: 0.0022508 seconds
[117.714s][info][safepoint] Total time for which application threads were stopped: 0.0000707 seconds, Stopping threads took: 0.0000044 seconds
[117.714s][info][gc       ] [SPS 0.000 0.001 0.000 0.007 0.004 0.001 0.000 0.045 0.013 0.071 NewGC_pause3 117.713923 ]
[117.715s][info][safepoint] Application time: 0.0011991 seconds
[117.715s][info][safepoint] Total time for which application threads were stopped: 0.0000747 seconds, Stopping threads took: 0.0000005 seconds
[117.716s][info][gc       ] [SPS 0.000 0.022 0.002 0.007 0.001 0.001 0.000 0.043 0.023 0.075 NewGC_pause4 117.715197 ]
[117.716s][info][gc       ] [GC NTO Max 389-363 : 5120 3618 2346 5120 - - 1051 56 2 2 - : 348 1788 26 184 1620 : 344 4 1275 1275 0 : 0 1 172 0 174 - 0 : 0.117919 3493.9 0.0 0.109752 3280.1 0.0 : 3 --c 0000 : 23 0 0.000 0.000 0 0.000 0.000 0 0.000 0.000 : 117.605674 117.609934 0.000221 117.711415 0.000115 117.713852 0.000052 117.715122 0.000048 : 117.715427 ]
[117.716s][info][gc       ] [SYSINFO 7333 227 63 0 6777 0 30 0 0 5703 : - - - - - - - - : 0 7168 : 3.09 3.06 2.11 : 292739 4277928 : 0 0 : 24 0 : 3877 5 0 261 : - 7411195904 682364928 1200361472 5905219584 238166016 67043328 : 140073237 30113110 741540 0 0 0 : 117.715680 ]
[117.716s][info][gc       ] [HUGEPAGESTAT 0 0 0 - 110774 0 0 : 393216 0 0 : 117.715680 ]
[117.716s][info][gc       ] [OBJCREAT 360265722 25554 18872320 : 117.715726 ]
[117.716s][info][gc       ] [HMSV All : 0 0 110 0 0 0 0 0 : 4960 0 0 0 : 117.715741 ]
[117.716s][info][gc       ] [HMSP 9 : 41100 0 : 117.715741 ]
[117.716s][info][gc       ] [VMAC 65530 166 24 435 625 : 117.716252 ]
[117.878s][info][gc       ] [GPGC-H  4066.1 520.1 0.1 0.0 : 11.9 : 0.000 0.000 : 0.000 0.000 0.702 1.278 : 0.000 0.000 0.000 0.000 1.885 0.237 : 0.000 : 99.254 : 914 1788 26 0 : 2275 : 4608 4424 : 117.877866 : 8 May_exceed_heap_occupancy_target ]
[117.881s][info][safepoint] Application time: 0.1652567 seconds
[117.881s][info][safepoint] Total time for which application threads were stopped: 0.0003409 seconds, Stopping threads took: 0.0000005 seconds
[117.882s][info][gc       ] [SPS 0.000 0.013 0.004 0.007 0.000 0.001 0.000 0.312 0.020 0.341 NewGC_pause1 117.880795 ]
[117.950s][info][safepoint] Application time: 0.0691577 seconds
[117.951s][info][safepoint] Total time for which application threads were stopped: 0.0001691 seconds, Stopping threads took: 0.0000004 seconds
[117.951s][info][gc       ] [SPS 0.000 0.001 0.000 0.006 0.000 0.001 0.000 0.142 0.019 0.169 NewGC_pause2 117.950122 ]
[117.953s][info][safepoint] Application time: 0.0023550 seconds
[117.953s][info][safepoint] Total time for which application threads were stopped: 0.0001504 seconds, Stopping threads took: 0.0000004 seconds
[117.953s][info][gc       ] [SPS 0.000 0.000 0.000 0.006 0.000 0.001 0.000 0.123 0.020 0.151 NewGC_pause3 117.952627 ]
[117.954s][info][safepoint] Application time: 0.0010429 seconds
[117.954s][info][safepoint] Total time for which application threads were stopped: 0.0000706 seconds, Stopping threads took: 0.0000004 seconds
[117.954s][info][gc       ] [SPS 0.000 0.024 0.002 0.007 0.000 0.001 0.000 0.049 0.013 0.070 NewGC_pause4 117.953740 ]
[117.954s][info][gc       ] [GC New Max 391-364 : 5120 3166 2248 5120 - - 1051 56 2 2 - : 250 1788 26 184 1168 : 246 4 921 921 0 : 0 1 123 0 125 - 0 : 0.163073 3483.1 0.0 0.075491 3364.6 0.0 : 3 --c 0000 : 23 0 0.000 0.000 0 0.000 0.000 0 0.000 0.000 : 117.878500 117.880454 0.000274 117.949952 0.000099 117.952476 0.000046 117.953670 0.000054 : 117.953991 ]
[117.954s][info][gc       ] [SYSINFO 7333 227 63 0 6777 0 30 0 0 5703 : - - - - - - - - : 0 7168 : 3.09 3.06 2.11 : 292739 4277928 : 0 0 : 24 0 : 3877 4 0 261 : - 7411195904 682364928 1200361472 5905219584 238166016 67043328 : 140073237 30113770 741540 0 0 0 : 117.954280 ]
[117.954s][info][gc       ] [HUGEPAGESTAT 0 0 0 - 110774 0 0 : 393216 0 0 : 117.954280 ]
[117.954s][info][gc       ] [OBJCREAT 361079529 25554 18872320 : 117.954325 ]
[117.954s][info][gc       ] [HMSV All : 0 0 110 0 0 0 0 0 : 4960 0 0 0 : 117.954341 ]
[117.954s][info][gc       ] [HMSP 9 : 41100 0 : 117.954341 ]
[117.955s][info][gc       ] [VMAC 65530 166 24 435 625 : 117.954810 ]
[118.134s][info][gc       ] [GPGC-H  4066.1 520.1 0.1 0.0 : 11.9 : 0.000 0.000 : 0.000 0.000 0.695 1.278 : 0.000 0.000 0.000 0.000 1.874 0.237 : 0.000 : 98.513 : 878 1788 26 0 : 2275 : 4608 4424 : 118.134448 : 8 May_exceed_heap_occupancy_target ]
[118.138s][info][safepoint] Application time: 0.1833780 seconds
[118.138s][info][safepoint] Total time for which application threads were stopped: 0.0004111 seconds, Stopping threads took: 0.0000005 seconds
[118.138s][info][gc       ] [SPS 0.000 0.092 0.003 0.006 0.000 0.001 0.000 0.386 0.018 0.411 NewGC_pause1 118.137530 ]
[118.215s][info][safepoint] Application time: 0.0772750 seconds
[118.215s][info][safepoint] Total time for which application threads were stopped: 0.0001278 seconds, Stopping threads took: 0.0000004 seconds
[118.216s][info][gc       ] [SPS 0.000 0.001 0.000 0.007 0.000 0.001 0.000 0.100 0.020 0.128 NewGC_pause2 118.214933 ]
[118.217s][info][safepoint] Application time: 0.0017907 seconds
[118.217s][info][safepoint] Total time for which application threads were stopped: 0.0001025 seconds, Stopping threads took: 0.0000004 seconds
[118.217s][info][gc       ] [SPS 0.000 0.000 0.000 0.006 0.000 0.001 0.000 0.084 0.012 0.103 NewGC_pause3 118.216826 ]
[118.222s][info][safepoint] Application time: 0.0050464 seconds
[118.222s][info][safepoint] Total time for which application threads were stopped: 0.0001462 seconds, Stopping threads took: 0.0000005 seconds
[118.222s][info][gc       ] [SPS 0.000 0.034 0.002 0.013 0.000 0.001 0.000 0.111 0.022 0.146 NewGC_pause4 118.222019 ]
[118.223s][info][gc       ] [GC New Max 392-365 : 5120 3186 2318 5120 - - 1051 56 2 2 - : 320 1788 26 184 1188 : 300 4 886 886 0 : 0 1 150 0 160 - 0 : 0.181073 3490.3 0.0 0.087164 3717.1 0.0 : 3 --c 0000 : 23 0 0.000 0.000 0 0.000 0.000 0 0.000 0.000 : 118.135063 118.137119 0.000257 118.214805 0.000069 118.216723 0.000088 118.221872 0.000054 : 118.222228 ]
[118.223s][info][gc       ] [SYSINFO 7333 227 63 0 6777 0 30 0 0 5703 : - - - - - - - - : 0 7168 : 3.09 3.06 2.11 : 292739 4277928 : 0 0 : 24 0 : 3877 3 0 261 : - 7411195904 682364928 1200361472 5905219584 238166016 67043328 : 140073237 30114470 741560 0 0 0 : 118.222495 ]
[118.223s][info][gc       ] [HUGEPAGESTAT 0 0 0 - 110774 0 0 : 393216 0 0 : 118.222495 ]
[118.223s][info][gc       ] [OBJCREAT 362025862 25554 18872320 : 118.222546 ]
[118.223s][info][gc       ] [HMSV All : 0 0 110 0 0 0 0 0 : 4960 0 0 0 : 118.222564 ]
[118.223s][info][gc       ] [HMSP 9 : 41100 0 : 118.222564 ]
[118.223s][info][gc       ] [VMAC 65530 166 24 435 625 : 118.223039 ]
[118.361s][info][gc       ] [GPGC-H  4066.1 520.1 0.1 0.0 : 11.9 : 0.000 0.000 : 0.000 0.000 0.687 1.278 : 0.000 0.000 0.000 0.000 1.857 0.237 : 0.000 : 97.699 : 910 1788 26 0 : 2275 : 4608 4424 : 118.361144 : 8 May_exceed_heap_occupancy_target ]
[118.364s][info][safepoint] Application time: 0.1417844 seconds
[118.365s][info][safepoint] Total time for which application threads were stopped: 0.0003952 seconds, Stopping threads took: 0.0000005 seconds
[118.365s][info][gc       ] [SPS 0.000 0.098 0.005 0.007 0.000 0.001 0.000 0.368 0.019 0.395 NewGC_pause1 118.364199 ]
[118.436s][info][safepoint] Application time: 0.0719198 seconds
[118.437s][info][safepoint] Total time for which application threads were stopped: 0.0001354 seconds, Stopping threads took: 0.0000004 seconds
[118.437s][info][gc       ] [SPS 0.000 0.001 0.000 0.006 0.000 0.001 0.000 0.109 0.018 0.135 NewGC_pause2 118.436254 ]
[118.437s][info][safepoint] Application time: 0.0009790 seconds
[118.437s][info][safepoint] Total time for which application threads were stopped: 0.0000551 seconds, Stopping threads took: 0.0000004 seconds
[118.438s][info][gc       ] [SPS 0.000 0.000 0.000 0.006 0.000 0.001 0.000 0.036 0.012 0.055 NewGC_pause3 118.437288 ]
[118.438s][info][safepoint] Application time: 0.0009283 seconds
[118.439s][info][safepoint] Total time for which application threads were stopped: 0.0000733 seconds, Stopping threads took: 0.0000004 seconds
[118.439s][info][gc       ] [SPS 0.000 0.027 0.002 0.015 0.000 0.001 0.000 0.045 0.012 0.073 NewGC_pause4 118.438290 ]
[118.439s][info][gc       ] [GC New Max 393-366 : 5120 3228 2314 5120 - - 1051 56 2 2 - : 314 1788 26 184 1230 : 312 4 918 918 0 : 0 1 156 0 158 - 0 : 0.139568 4241.7 0.0 0.076721 4171.0 0.0 : 3 --c 0000 : 23 0 0.000 0.000 0 0.000 0.000 0 0.000 0.000 : 118.361795 118.363803 0.000281 118.436118 0.000080 118.437233 0.000039 118.438216 0.000057 : 118.438516 ]
[118.439s][info][gc       ] [SYSINFO 7333 227 63 0 6777 0 30 0 0 5703 : - - - - - - - - : 0 7168 : 3.09 3.06 2.11 : 292739 4277928 : 0 0 : 24 0 : 3877 3 0 261 : - 7411195904 682364928 1200361472 5905219584 238166016 67043328 : 140073237 30115110 741570 0 0 0 : 118.438792 ]
[118.439s][info][gc       ] [HUGEPAGESTAT 0 0 0 - 110774 0 0 : 393216 0 0 : 118.438792 ]
[118.439s][info][gc       ] [OBJCREAT 362930312 25554 18872320 : 118.438831 ]
[118.439s][info][gc       ] [HMSV All : 0 0 110 0 0 0 0 0 : 4960 0 0 0 : 118.438845 ]
[118.439s][info][gc       ] [HMSP 9 : 41100 0 : 118.438845 ]
[118.439s][info][gc       ] [VMAC 65530 166 24 435 625 : 118.439360 ]
[118.578s][info][gc       ] [GPGC-H  4066.1 520.1 0.1 0.0 : 11.9 : 0.000 0.000 : 0.000 0.000 0.681 1.278 : 0.000 0.000 0.000 0.000 1.842 0.237 : 0.000 : 97.081 : 902 1788 26 0 : 2275 : 4608 4424 : 118.578096 : 8 May_exceed_heap_occupancy_target ]
[118.581s][info][safepoint] Application time: 0.1424216 seconds
[118.582s][info][safepoint] Total time for which application threads were stopped: 0.0003319 seconds, Stopping threads took: 0.0000004 seconds
[118.582s][info][gc       ] [SPS 0.000 0.105 0.004 0.006 0.000 0.001 0.000 0.305 0.019 0.332 NewGC_pause1 118.581043 ]
[118.645s][info][safepoint] Application time: 0.0641822 seconds
[118.646s][info][safepoint] Total time for which application threads were stopped: 0.0001854 seconds, Stopping threads took: 0.0000004 seconds
[118.647s][info][gc       ] [SPS 0.000 0.002 0.000 0.007 0.000 0.001 0.000 0.157 0.020 0.185 NewGC_pause2 118.645411 ]
[118.648s][info][safepoint] Application time: 0.0022505 seconds
[118.648s][info][safepoint] Total time for which application threads were stopped: 0.0000668 seconds, Stopping threads took: 0.0000004 seconds
[118.648s][info][gc       ] [SPS 0.000 0.001 0.000 0.007 0.000 0.001 0.000 0.044 0.014 0.067 NewGC_pause3 118.647728 ]
[118.649s][info][safepoint] Application time: 0.0008797 seconds
[118.649s][info][safepoint] Total time for which application threads were stopped: 0.0000663 seconds, Stopping threads took: 0.0000005 seconds
[118.649s][info][gc       ] [SPS 0.000 0.028 0.002 0.008 0.000 0.001 0.000 0.044 0.014 0.066 NewGC_pause4 118.648674 ]
[118.649s][info][gc       ] [GC New Max 394-367 : 5120 3170 2262 5120 - - 1051 56 2 2 - : 264 1788 26 184 1172 : 260 4 911 911 0 : 0 1 130 0 132 - 0 : 0.140175 4223.3 0.0 0.070214 3816.9 0.0 : 3 --c 0000 : 23 0 0.000 0.000 0 0.000 0.000 0 0.000 0.000 : 118.578691 118.580711 0.000267 118.645226 0.000109 118.647662 0.000047 118.648608 0.000048 : 118.648905 ]
[118.649s][info][gc       ] [SYSINFO 7333 227 63 0 6777 0 30 0 0 5703 : - - - - - - - - : 0 7168 : 3.09 3.06 2.11 : 292739 4277928 : 0 0 : 24 0 : 3877 3 0 261 : - 7411195904 682364928 1200361472 5905219584 238166016 67043328 : 140073237 30115700 741570 0 0 0 : 118.649132 ]
[118.649s][info][gc       ] [HUGEPAGESTAT 0 0 0 - 110774 0 0 : 393216 0 0 : 118.649132 ]
[118.649s][info][gc       ] [OBJCREAT 363782523 25554 18872320 : 118.649176 ]
[118.649s][info][gc       ] [HMSV All : 0 0 110 0 0 0 0 0 : 4960 0 0 0 : 118.649191 ]
[118.649s][info][gc       ] [HMSP 9 : 41100 0 : 118.649191 ]
[118.650s][info][gc       ] [VMAC 65530 166 24 435 625 : 118.649616 ]
[118.811s][info][gc       ] [GPGC-H  4066.1 498.6 0.1 0.0 : 10.8 : 0.000 0.000 : 0.000 0.000 0.675 1.278 : 0.000 0.000 0.000 0.000 1.826 0.237 : 0.000 : 96.464 : 888 1788 26 0 : 2275 : 4608 4424 : 118.811333 : 8 May_exceed_heap_occupancy_target ]
[118.814s][info][safepoint] Application time: 0.1651189 seconds
[118.814s][info][safepoint] Total time for which application threads were stopped: 0.0002698 seconds, Stopping threads took: 0.0000005 seconds
[118.815s][info][gc       ] [SPS 0.000 0.008 0.002 0.006 0.000 0.001 0.000 0.237 0.025 0.270 NewGC_pause1 118.814064 ]
[118.858s][info][safepoint] Application time: 0.0426425 seconds
[118.858s][info][safepoint] Total time for which application threads were stopped: 0.0009100 seconds, Stopping threads took: 0.0000004 seconds
[118.858s][info][gc       ] [SPS 0.000 0.001 0.000 0.006 0.000 0.001 0.000 0.889 0.013 0.910 OldGC_pause2 118.857616 ]
[118.876s][info][safepoint] Application time: 0.0177843 seconds
[118.876s][info][safepoint] Total time for which application threads were stopped: 0.0001692 seconds, Stopping threads took: 0.0000005 seconds
[118.876s][info][gc       ] [SPS 0.000 0.001 0.000 0.007 0.000 0.001 0.000 0.142 0.019 0.169 NewGC_pause2 118.875570 ]
[118.880s][info][safepoint] Application time: 0.0043043 seconds
[118.881s][info][safepoint] Total time for which application threads were stopped: 0.0002057 seconds, Stopping threads took: 0.0000004 seconds
[118.881s][info][gc       ] [SPS 0.000 0.000 0.000 0.007 0.000 0.001 0.000 0.172 0.026 0.206 OldGC_pause3 118.880080 ]
[118.884s][info][safepoint] Application time: 0.0040738 seconds
[118.885s][info][safepoint] Total time for which application threads were stopped: 0.0000872 seconds, Stopping threads took: 0.0000004 seconds
[118.885s][info][gc       ] [SPS 0.000 0.000 0.000 0.007 0.000 0.001 0.000 0.052 0.027 0.087 NewGC_pause3 118.884241 ]
[118.885s][info][safepoint] Application time: 0.0010364 seconds
[118.886s][info][safepoint] Total time for which application threads were stopped: 0.0000634 seconds, Stopping threads took: 0.0000005 seconds
[118.888s][info][gc       ] [SPS 0.000 0.002 0.002 0.006 0.000 0.001 0.000 0.042 0.013 0.063 NewGC_pause4 118.885341 ]
[118.886s][info][gc       ] [VMAC 65530 166 24 435 625 : 118.886296 ]
[118.886s][info][gc       ] [GC New Max 395-368 : 5120 3166 2280 5120 - - 1051 56 2 2 - : 282 1788 26 184 1168 : 278 4 891 891 0 : 0 1 139 0 141 - 0 : 0.163126 3825.3 0.0 0.073569 3860.3 0.0 : 3 --c 0000 : 23 0 0.000 0.000 0 0.000 0.000 0 0.000 0.000 : 118.812031 118.813794 0.000204 118.875400 0.000137 118.884154 0.000054 118.885277 0.000046 : 118.885600 ]
[118.886s][info][gc       ] [SYSINFO 7333 227 63 0 6777 0 30 0 0 5703 : - - - - - - - - : 0 7168 : 3.08 3.06 2.11 : 292739 4277928 : 0 0 : 24 0 : 3877 4 0 261 : - 7411195904 682364928 1200361472 5905219584 238166016 67043328 : 140073237 30116270 741620 0 0 0 : 118.885843 ]
[118.886s][info][gc       ] [HUGEPAGESTAT 0 0 0 - 110774 0 0 : 393216 0 0 : 118.885843 ]
[118.886s][info][gc       ] [OBJCREAT 364680198 25554 18872320 : 118.885885 ]
[118.886s][info][gc       ] [HMSV All : 0 0 110 0 0 0 0 0 : 4960 0 0 0 : 118.885900 ]
[118.886s][info][gc       ] [HMSP 9 : 41100 0 : 118.885900 ]
[118.892s][info][safepoint] Application time: 0.0064913 seconds
[118.892s][info][safepoint] Total time for which application threads were stopped: 0.0000733 seconds, Stopping threads took: 0.0000004 seconds
[118.892s][info][gc       ] [SPS 0.000 0.002 0.002 0.006 0.000 0.001 0.000 0.050 0.015 0.073 OldGC_pause4 118.891906 ]
[118.902s][info][gc       ] [GC Old Max 390-27 : 5120 3618 2340 5120 - - 1053 56 2 2 - : 342 1784 28 184 1820 : 1801 9 1 1 0 : 0 9 0 2 851 - 55 : 0.402975 258.1 0.0 1.294062 0.0 0.0 : 1 --c 0000 : 23   -    -    -    -    -    -    -    -    -  : 117.607674 117.609934 0.000221 118.856706 0.000893 118.879874 0.000108 118.891832 0.000053 : 118.901735 ]
[118.902s][info][gc       ] [SYSINFO 7333 227 63 0 6777 0 30 0 0 5703 : - - - - - - - - : 0 7168 : 3.08 3.06 2.11 : 292739 4277928 : 0 0 : 24 0 : 3877 2 0 261 : - 7411195904 682364928 1200361472 5905219584 238166016 67043328 : 140073237 30116290 741620 0 0 0 : 118.901942 ]
[118.902s][info][gc       ] [HUGEPAGESTAT 0 0 0 - 110774 0 0 : 393216 0 0 : 118.901942 ]
[118.902s][info][gc       ] [OBJCREAT 364741647 25554 18872320 : 118.901982 ]
[118.902s][info][gc       ] [HMSV All : 0 0 110 0 0 0 0 0 : 4960 0 0 0 : 118.902001 ]
[118.902s][info][gc       ] [HMSP 9 : 41100 0 : 118.902001 ]
[118.902s][info][gc       ] [COMPSTATS 1 : 5 0 : 1 0 : 0 0 : 523 5 0 0 0 0 : 0 0 0 0 0 0 : 144 145 12 : 528 0 0 0 0 0 0 : 528 0 0 0 0 0 0 ]
[118.902s][info][gc       ] [COMPSTATS 2 : 5 0 : 1 0 : 0 0 : 132 11 0 0 0 0 : 0 0 0 0 0 0 : 52677 52713 7789 : 77 42 24 0 0 0 0 : 39 84 14 5 1 0 0 ]
[118.902s][info][gc       ] [DEOPTSTATS 1 : 0 0 : 0 0 : 0 0 : 0 0 : 0 11 : 0 0 : 0 0 : 0 0 : 0 0 : 0 0 : 0 0 : 0 0 : 0 0 : 0 0 : 0 0 : 0 0 : 0 0 : 0 0 : 0 0 : 0 0 : 0 0 : 0 0 : 0 0 : 0 0 : 0 0 : 0 0 : 0 0 : 0 0 : 0 0 : 0 0 : 6 0 : 0 0 : 0 0 : 0 0 : 0 0 : 0 0 : 0 0 : 0 0 : 0 0 : 0 0 : 0 0 : 0 0 ]
[118.902s][info][gc       ] [DEOPTSTATS 2 : 0 0 : 0 0 : 0 0 : 0 0 : 0 0 : 0 0 : 0 15 : 0 0 : 0 0 : 0 0 : 0 0 : 0 0 : 0 0 : 0 0 : 0 0 : 0 0 : 0 0 : 0 0 : 0 0 : 0 0 : 0 0 : 0 0 : 0 0 : 0 0 : 0 0 : 0 0 : 0 0 : 0 0 : 0 0 : 0 0 : 4 0 : 0 0 : 0 0 : 0 0 : 0 1 : 0 0 : 0 0 : 0 0 : 0 0 : 0 3 : 0 0 : 0 0 ]
[118.903s][info][gc       ] [CCF 0 0 0 0 33 230912: 3083776 : 380 196608 : 3 49152 : 317 311808 :  517 640000 : 121 422400 : 0 0 : 15 1228800 : 1 2048]
[118.902s][info][gc       ] [VMAC 65530 166 24 435 625 : 118.902490 ]
[119.050s][info][gc       ] [GPGC-H  4018.1 498.6 0.1 0.0 : 10.8 : 0.000 0.000 : 0.000 0.000 0.669 1.294 : 0.000 0.000 0.000 0.000 1.808 0.399 : 0.000 : 95.753 : 936 1784 28 0 : 2275 : 4608 4424 : 119.050309 : 9 Next_heuristic_check_may_be_too_late ]
[119.053s][info][safepoint] Application time: 0.1605879 seconds
[119.053s][info][safepoint] Total time for which application threads were stopped: 0.0002923 seconds, Stopping threads took: 0.0000004 seconds
[119.054s][info][gc       ] [SPS 0.000 0.003 0.002 0.006 0.000 0.001 0.000 0.266 0.019 0.292 NewGC_pause1 119.052786 ]
[119.114s][info][safepoint] Application time: 0.0611348 seconds
[119.115s][info][safepoint] Total time for which application threads were stopped: 0.0001995 seconds, Stopping threads took: 0.0000005 seconds
[119.115s][info][gc       ] [SPS 0.000 0.001 0.000 0.006 0.000 0.001 0.000 0.162 0.030 0.200 NewGC_pause2 119.114121 ]
[119.116s][info][safepoint] Application time: 0.0020950 seconds
[119.117s][info][safepoint] Total time for which application threads were stopped: 0.0000581 seconds, Stopping threads took: 0.0000004 seconds
[119.117s][info][gc       ] [SPS 0.000 0.000 0.000 0.006 0.000 0.001 0.000 0.037 0.013 0.058 NewGC_pause3 119.116274 ]
[119.117s][info][safepoint] Application time: 0.0009503 seconds
[119.118s][info][safepoint] Total time for which application threads were stopped: 0.0000706 seconds, Stopping threads took: 0.0000004 seconds
[119.118s][info][gc       ] [GC New Max 396-369 : 5120 3156 2216 5120 - - 1053 56 2 2 - : 220 1784 28 184 1160 : 216 4 943 943 0 : 0 1 108 0 110 - 0 : 0.165263 3969.4 0.0 0.066670 3359.8 0.0 : 3 --c 0000 : 23 0 0.000 0.000 0 0.000 0.000 0 0.000 0.000 : 119.050863 119.052494 0.000233 119.113921 0.000115 119.116215 0.000041 119.117224 0.000054 : 119.117533 ]
[119.118s][info][gc       ] [SYSINFO 7333 227 63 0 6777 0 30 0 0 5703 : - - - - - - - - : 0 7168 : 3.08 3.06 2.11 : 292739 4277928 : 0 0 : 24 0 : 3877 2 0 261 : - 7411195904 682364928 1200361472 5905219584 238166016 67043328 : 140073237 30116670 741640 0 0 0 : 119.117758 ]
[119.118s][info][gc       ] [HUGEPAGESTAT 0 0 0 - 110774 0 0 : 393216 0 0 : 119.117758 ]
[119.118s][info][gc       ] [OBJCREAT 365551541 25554 18872320 : 119.117799 ]
[119.118s][info][gc       ] [HMSV All : 0 0 110 0 0 0 0 0 : 4960 0 0 0 : 119.117813 ]
[119.118s][info][gc       ] [HMSP 9 : 41100 0 : 119.117813 ]
[119.118s][info][gc       ] [SPS 0.000 0.002 0.002 0.006 0.000 0.001 0.000 0.050 0.013 0.071 NewGC_pause4 119.117295 ]
[119.118s][info][gc       ] [VMAC 65530 166 24 435 625 : 119.118368 ]
[119.298s][info][gc       ] [GPGC-H  4018.1 498.6 0.1 0.0 : 10.8 : 0.000 0.000 : 0.000 0.000 0.662 1.294 : 0.000 0.000 0.000 0.000 1.790 0.399 : 0.000 : 95.039 : 892 1784 28 0 : 2275 : 4608 4424 : 119.298031 : 9 Next_heuristic_check_may_be_too_late ]
[119.301s][info][safepoint] Application time: 0.1829698 seconds
[119.301s][info][safepoint] Total time for which application threads were stopped: 0.0002879 seconds, Stopping threads took: 0.0000004 seconds
[119.301s][info][gc       ] [SPS 0.000 0.003 0.002 0.006 0.000 0.001 0.000 0.262 0.018 0.288 NewGC_pause1 119.300553 ]
[119.361s][info][safepoint] Application time: 0.0598050 seconds
[119.361s][info][safepoint] Total time for which application threads were stopped: 0.0001572 seconds, Stopping threads took: 0.0000005 seconds
[119.362s][info][gc       ] [SPS 0.000 0.001 0.000 0.006 0.000 0.001 0.000 0.129 0.021 0.158 NewGC_pause2 119.360516 ]
[119.363s][info][safepoint] Application time: 0.0020146 seconds
[119.363s][info][safepoint] Total time for which application threads were stopped: 0.0000606 seconds, Stopping threads took: 0.0000004 seconds
[119.363s][info][gc       ] [SPS 0.000 0.001 0.000 0.007 0.000 0.001 0.000 0.039 0.014 0.061 NewGC_pause3 119.362590 ]
[119.364s][info][safepoint] Application time: 0.0010075 seconds
[119.364s][info][safepoint] Total time for which application threads were stopped: 0.0000646 seconds, Stopping threads took: 0.0000005 seconds
[119.364s][info][gc       ] [SPS 0.000 0.003 0.002 0.006 0.000 0.001 0.000 0.043 0.014 0.064 NewGC_pause4 119.363662 ]
[119.364s][info][gc       ] [GC New Max 397-370 : 5120 3100 2204 5120 - - 1053 56 2 2 - : 208 1784 28 184 1102 : 204 4 898 898 0 : 0 1 102 0 104 - 0 : 0.180884 3726.1 0.0 0.065469 3238.2 0.0 : 3 --c 0000 : 23 0 0.000 0.000 0 0.000 0.000 0 0.000 0.000 : 119.298417 119.300265 0.000227 119.360358 0.000092 119.362529 0.000042 119.363598 0.000046 : 119.363886 ]
[119.364s][info][gc       ] [SYSINFO 7333 227 63 0 6777 0 30 0 0 5703 : - - - - - - - - : 0 7168 : 3.08 3.06 2.11 : 292739 4277928 : 0 0 : 24 0 : 3877 2 0 261 : - 7411195904 682364928 1200361472 5905219584 238166016 67043328 : 140073237 30117070 741690 0 0 0 : 119.364100 ]
[119.364s][info][gc       ] [HUGEPAGESTAT 0 0 0 - 110774 0 0 : 393216 0 0 : 119.364100 ]
[119.364s][info][gc       ] [OBJCREAT 366428371 25554 18872320 : 119.364143 ]
[119.364s][info][gc       ] [HMSV All : 0 0 110 0 0 0 0 0 : 4960 0 0 0 : 119.364157 ]
[119.364s][info][gc       ] [HMSP 9 : 41100 0 : 119.364157 ]
[119.365s][info][gc       ] [VMAC 65530 166 24 435 625 : 119.364662 ]
[119.547s][info][gc       ] [GPGC-H  4018.1 498.6 0.1 0.0 : 10.8 : 0.000 0.000 : 0.000 0.000 0.656 1.294 : 0.000 0.000 0.000 0.000 1.772 0.399 : 0.000 : 94.264 : 876 1784 28 0 : 2275 : 4608 4424 : 119.547397 : 9 Next_heuristic_check_may_be_too_late ]
[119.550s][info][safepoint] Application time: 0.1857355 seconds
[119.550s][info][safepoint] Total time for which application threads were stopped: 0.0002200 seconds, Stopping threads took: 0.0000004 seconds
[119.550s][info][gc       ] [SPS 0.000 0.003 0.002 0.006 0.000 0.001 0.000 0.192 0.021 0.220 NewGC_pause1 119.549618 ]
[119.609s][info][safepoint] Application time: 0.0589887 seconds
[119.609s][info][safepoint] Total time for which application threads were stopped: 0.0001488 seconds, Stopping threads took: 0.0000004 seconds
[119.610s][info][gc       ] [SPS 0.000 0.001 0.000 0.005 0.000 0.001 0.000 0.124 0.018 0.149 NewGC_pause2 119.608756 ]
[119.610s][info][safepoint] Application time: 0.0016553 seconds
[119.611s][info][safepoint] Total time for which application threads were stopped: 0.0000570 seconds, Stopping threads took: 0.0000004 seconds
[119.611s][info][gc       ] [SPS 0.000 0.000 0.000 0.005 0.000 0.001 0.000 0.037 0.013 0.057 NewGC_pause3 119.610468 ]
[119.611s][info][safepoint] Application time: 0.0009463 seconds
[119.612s][info][safepoint] Total time for which application threads were stopped: 0.0000676 seconds, Stopping threads took: 0.0000004 seconds
[119.612s][info][gc       ] [SPS 0.000 0.002 0.002 0.010 0.000 0.001 0.000 0.043 0.013 0.067 NewGC_pause4 119.611482 ]
[119.612s][info][gc       ] [GC New Max 398-371 : 5120 3074 2194 5120 - - 1053 56 2 2 - : 198 1784 28 184 1078 : 194 4 882 882 0 : 0 1 97 0 99 - 0 : 0.184000 3641.3 0.0 0.063851 3163.6 0.0 : 3 --c 0000 : 23 0 0.000 0.000 0 0.000 0.000 0 0.000 0.000 : 119.547886 119.549398 0.000159 119.608607 0.000088 119.610411 0.000039 119.611414 0.000051 : 119.611736 ]
[119.612s][info][gc       ] [SYSINFO 7333 227 63 0 6777 0 30 0 0 5703 : - - - - - - - - : 0 7168 : 3.08 3.06 2.11 : 292739 4277928 : 0 0 : 24 0 : 3877 2 0 261 : - 7411195904 682364928 1200361472 5905219584 238166016 67043328 : 140073237 30117470 741690 0 0 0 : 119.611963 ]
[119.612s][info][gc       ] [HUGEPAGESTAT 0 0 0 - 110774 0 0 : 393216 0 0 : 119.611963 ]
[119.612s][info][gc       ] [OBJCREAT 367290833 25554 18872320 : 119.612001 ]
[119.612s][info][gc       ] [HMSV All : 0 0 110 0 0 0 0 0 : 4960 0 0 0 : 119.612015 ]
[119.612s][info][gc       ] [HMSP 9 : 41100 0 : 119.612015 ]
[119.613s][info][gc       ] [VMAC 65530 166 24 435 625 : 119.612616 ]
[119.794s][info][gc       ] [GPGC-H  4018.1 498.6 0.1 0.0 : 10.8 : 0.000 0.000 : 0.000 0.000 0.649 1.294 : 0.000 0.000 0.000 0.000 1.754 0.399 : 0.000 : 93.484 : 864 1784 28 0 : 2275 : 4608 4424 : 119.794213 : 9 Next_heuristic_check_may_be_too_late ]
[119.797s][info][safepoint] Application time: 0.1852698 seconds
[119.798s][info][safepoint] Total time for which application threads were stopped: 0.0002763 seconds, Stopping threads took: 0.0000004 seconds
[119.798s][info][gc       ] [SPS 0.000 0.003 0.002 0.006 0.000 0.001 0.000 0.235 0.034 0.276 NewGC_pause1 119.797028 ]
[119.854s][info][safepoint] Application time: 0.0566318 seconds
[119.855s][info][safepoint] Total time for which application threads were stopped: 0.0001798 seconds, Stopping threads took: 0.0000005 seconds
[119.855s][info][gc       ] [SPS 0.000 0.002 0.000 0.007 0.000 0.001 0.000 0.150 0.022 0.180 NewGC_pause2 119.853840 ]
[119.856s][info][safepoint] Application time: 0.0018618 seconds
[119.856s][info][safepoint] Total time for which application threads were stopped: 0.0000562 seconds, Stopping threads took: 0.0000004 seconds
[119.856s][info][gc       ] [SPS 0.000 0.000 0.000 0.006 0.000 0.001 0.000 0.035 0.013 0.056 NewGC_pause3 119.855758 ]
[119.857s][info][safepoint] Application time: 0.0010055 seconds
[119.857s][info][safepoint] Total time for which application threads were stopped: 0.0000651 seconds, Stopping threads took: 0.0000004 seconds
[119.857s][info][gc       ] [SPS 0.000 0.003 0.002 0.006 0.000 0.001 0.000 0.043 0.015 0.065 NewGC_pause4 119.856829 ]
[119.857s][info][gc       ] [GC New Max 399-372 : 5120 3064 2196 5120 - - 1053 56 2 2 - : 200 1784 28 184 1068 : 196 4 871 871 0 : 0 1 98 0 100 - 0 : 0.183165 3647.0 0.0 0.062160 3281.9 0.0 : 3 --c 0000 : 23 0 0.000 0.000 0 0.000 0.000 0 0.000 0.000 : 119.794901 119.796752 0.000203 119.853660 0.000104 119.855702 0.000039 119.856764 0.000046 : 119.857061 ]
[119.857s][info][gc       ] [SYSINFO 7333 227 63 0 6777 0 30 0 0 5703 : - - - - - - - - : 0 7168 : 3.08 3.06 2.11 : 292739 4277928 : 0 0 : 24 0 : 3877 2 0 261 : - 7411195904 682364928 1200361472 5905219584 238166016 67043328 : 140073237 30117860 741710 0 0 0 : 119.857277 ]
[119.857s][info][gc       ] [HUGEPAGESTAT 0 0 0 - 110774 0 0 : 393216 0 0 : 119.857277 ]
[119.857s][info][gc       ] [OBJCREAT 368156690 25554 18872320 : 119.857320 ]
[119.857s][info][gc       ] [HMSV All : 0 0 110 0 0 0 0 0 : 4960 0 0 0 : 119.857335 ]
[119.857s][info][gc       ] [HMSP 9 : 41100 0 : 119.857335 ]
[119.858s][info][gc       ] [VMAC 65530 166 24 435 625 : 119.857811 ]
[120.042s][info][gc       ] [GPGC-H  4018.1 498.6 0.1 0.0 : 10.8 : 0.000 0.000 : 0.000 0.000 0.642 1.294 : 0.000 0.000 0.000 0.000 1.735 0.399 : 0.000 : 92.715 : 878 1784 28 0 : 2275 : 4608 4424 : 120.042360 : 9 Next_heuristic_check_may_be_too_late ]
[120.045s][info][safepoint] Application time: 0.1881646 seconds
[120.046s][info][safepoint] Total time for which application threads were stopped: 0.0002920 seconds, Stopping threads took: 0.0000004 seconds
[120.046s][info][gc       ] [SPS 0.000 0.003 0.003 0.006 0.000 0.001 0.000 0.264 0.020 0.292 NewGC_pause1 120.045286 ]
[120.101s][info][safepoint] Application time: 0.0557312 seconds
[120.102s][info][safepoint] Total time for which application threads were stopped: 0.0001649 seconds, Stopping threads took: 0.0000004 seconds
[120.102s][info][gc       ] [SPS 0.000 0.001 0.000 0.006 0.000 0.001 0.000 0.139 0.019 0.165 NewGC_pause2 120.101182 ]
[120.103s][info][safepoint] Application time: 0.0014658 seconds
[120.103s][info][safepoint] Total time for which application threads were stopped: 0.0000524 seconds, Stopping threads took: 0.0000004 seconds
[120.103s][info][gc       ] [SPS 0.000 0.000 0.000 0.006 0.000 0.001 0.000 0.034 0.012 0.052 NewGC_pause3 120.102700 ]
[120.104s][info][safepoint] Application time: 0.0010276 seconds
[120.104s][info][safepoint] Total time for which application threads were stopped: 0.0000631 seconds, Stopping threads took: 0.0000004 seconds
[120.104s][info][gc       ] [SPS 0.000 0.002 0.002 0.011 0.000 0.001 0.000 0.039 0.013 0.063 NewGC_pause4 120.103791 ]
[120.104s][info][gc       ] [GC New Max 400-373 : 5120 3100 2218 5120 - - 1053 56 2 2 - : 222 1784 28 184 1104 : 218 4 885 885 0 : 0 1 109 0 111 - 0 : 0.185948 3656.9 0.0 0.061070 3700.7 0.0 : 3 --c 0000 : 23 0 0.000 0.000 0 0.000 0.000 0 0.000 0.000 : 120.043009 120.044994 0.000222 120.101017 0.000110 120.102648 0.000037 120.103728 0.000047 : 120.104079 ]
[120.104s][info][gc       ] [SYSINFO 7333 227 63 0 6777 0 30 0 0 5703 : - - - - - - - - : 0 7168 : 3.08 3.06 2.11 : 292739 4277928 : 0 0 : 24 0 : 3877 2 0 261 : - 7411195904 682364928 1200361472 5905219584 238166016 67043328 : 140073237 30118240 741710 0 0 0 : 120.104310 ]
[120.104s][info][gc       ] [HUGEPAGESTAT 0 0 0 - 110774 0 0 : 393216 0 0 : 120.104310 ]
[120.104s][info][gc       ] [OBJCREAT 369051837 25554 18872320 : 120.104348 ]
[120.104s][info][gc       ] [HMSV All : 0 0 110 0 0 0 0 0 : 4960 0 0 0 : 120.104362 ]
[120.104s][info][gc       ] [HMSP 9 : 41100 0 : 120.104362 ]
[120.105s][info][gc       ] [VMAC 65530 166 24 435 625 : 120.104808 ]
[120.288s][info][gc       ] [GPGC-H  4018.1 498.6 0.1 0.0 : 10.8 : 0.000 0.000 : 0.000 0.000 0.636 1.294 : 0.000 0.000 0.000 0.000 1.717 0.399 : 0.000 : 91.944 : 892 1784 28 0 : 2275 : 4608 4424 : 120.287589 : 9 Next_heuristic_check_may_be_too_late ]
[120.290s][info][safepoint] Application time: 0.1860718 seconds
[120.291s][info][safepoint] Total time for which application threads were stopped: 0.0002913 seconds, Stopping threads took: 0.0000004 seconds
[120.291s][info][gc       ] [SPS 0.000 0.003 0.002 0.006 0.000 0.001 0.000 0.250 0.034 0.292 NewGC_pause1 120.290154 ]
[120.340s][info][safepoint] Application time: 0.0499836 seconds
[120.341s][info][safepoint] Total time for which application threads were stopped: 0.0001717 seconds, Stopping threads took: 0.0000005 seconds
[120.341s][info][gc       ] [SPS 0.000 0.001 0.000 0.006 0.000 0.001 0.000 0.141 0.023 0.171 NewGC_pause2 120.340310 ]
[120.342s][info][safepoint] Application time: 0.0013594 seconds
[120.342s][info][safepoint] Total time for which application threads were stopped: 0.0000574 seconds, Stopping threads took: 0.0000004 seconds
[120.343s][info][gc       ] [SPS 0.000 0.001 0.000 0.006 0.000 0.001 0.000 0.035 0.014 0.057 NewGC_pause3 120.341726 ]
[120.343s][info][safepoint] Application time: 0.0010727 seconds
[120.343s][info][safepoint] Total time for which application threads were stopped: 0.0000634 seconds, Stopping threads took: 0.0000005 seconds
[120.343s][info][gc       ] [SPS 0.000 0.002 0.002 0.006 0.000 0.001 0.000 0.042 0.015 0.063 NewGC_pause4 120.342863 ]
[120.343s][info][gc       ] [GC New Max 401-374 : 5120 3066 2172 5120 - - 1053 56 2 2 - : 176 1784 28 184 1070 : 172 4 898 898 0 : 0 1 86 0 88 - 0 : 0.184025 3651.7 0.0 0.055054 3269.5 0.0 : 5 --c 0000 : 23 0 0.000 0.000 0 0.000 0.000 0 0.000 0.000 : 120.288104 120.289863 0.000209 120.340138 0.000102 120.341669 0.000039 120.342799 0.000045 : 120.343158 ]
[120.343s][info][gc       ] [SYSINFO 7333 227 63 0 6777 0 30 0 0 5703 : - - - - - - - - : 0 7168 : 3.08 3.06 2.11 : 292739 4277928 : 0 0 : 24 0 : 3877 2 0 261 : - 7411195904 682364928 1200361472 5905219584 238166016 67043328 : 140073237 30118700 741750 0 0 0 : 120.343372 ]
[120.343s][info][gc       ] [HUGEPAGESTAT 0 0 0 - 110774 0 0 : 393216 0 0 : 120.343372 ]
[120.343s][info][gc       ] [OBJCREAT 369894310 25554 18872320 : 120.343417 ]
[120.343s][info][gc       ] [HMSV All : 0 0 110 0 0 0 0 0 : 4960 0 0 0 : 120.343432 ]
[120.343s][info][gc       ] [HMSP 9 : 41100 0 : 120.343432 ]
[120.344s][info][gc       ] [VMAC 65530 166 24 435 625 : 120.343854 ]
[120.894s][info][gc       ] [GPGC-H  4018.1 487.1 0.1 0.0 : 10.6 : 0.000 0.000 : 0.055 0.000 0.636 1.294 : 0.000 0.000 0.204 0.000 1.717 0.399 : 0.000 : 91.754 : 2248 1784 30 0 : 2275 : 4608 4424 : 120.893905 : 9 Next_heuristic_check_may_be_too_late ]
[120.897s][info][safepoint] Application time: 0.5542523 seconds
[120.898s][info][safepoint] Total time for which application threads were stopped: 0.0003276 seconds, Stopping threads took: 0.0000005 seconds
[120.898s][info][gc       ] [SPS 0.000 0.003 0.004 0.007 0.000 0.001 0.000 0.279 0.032 0.320 NewGC_pause1 120.897443 ]
[120.947s][info][safepoint] Application time: 0.0490137 seconds
[120.947s][info][safepoint] Total time for which application threads were stopped: 0.0001548 seconds, Stopping threads took: 0.0000004 seconds
[120.948s][info][gc       ] [SPS 0.000 0.001 0.000 0.006 0.000 0.001 0.000 0.129 0.019 0.155 NewGC_pause2 120.946612 ]
[120.949s][info][safepoint] Application time: 0.0019483 seconds
[120.949s][info][safepoint] Total time for which application threads were stopped: 0.0000551 seconds, Stopping threads took: 0.0000004 seconds
[120.949s][info][gc       ] [SPS 0.000 0.000 0.000 0.006 0.000 0.001 0.000 0.036 0.012 0.055 NewGC_pause3 120.948615 ]
[120.950s][info][safepoint] Application time: 0.0012425 seconds
[120.950s][info][safepoint] Total time for which application threads were stopped: 0.0000572 seconds, Stopping threads took: 0.0000004 seconds
[120.950s][info][gc       ] [SPS 0.000 0.003 0.002 0.005 0.000 0.001 0.000 0.038 0.012 0.057 NewGC_pause4 120.949914 ]
[120.951s][info][gc       ] [GC New Max 402-375 : 5120 4442 2190 5120 - - 1053 56 2 2 - : 192 1784 30 184 2444 : 188 4 2255 2255 0 : 0 1 94 0 96 - 0 : 0.551165 3759.3 3.6 0.055901 3542.0 0.0 : 5 --c 0000 : 23 0 0.000 0.000 0 0.000 0.000 0 0.000 0.000 : 120.894324 120.897123 0.000249 120.946457 0.000100 120.948560 0.000039 120.949857 0.000041 : 120.950225 ]
[120.951s][info][gc       ] [SYSINFO 7333 227 63 0 6777 0 30 0 0 5703 : - - - - - - - - : 0 7168 : 3.08 3.06 2.11 : 292739 4277928 : 0 0 : 24 0 : 3877 2 0 261 : - 7411195904 682364928 1200361472 5905219584 238166016 67043328 : 140073237 30119510 741770 0 0 0 : 120.950478 ]
[120.951s][info][gc       ] [HUGEPAGESTAT 0 0 0 - 110774 0 0 : 393216 0 0 : 120.950478 ]
[120.951s][info][gc       ] [OBJCREAT 372145285 25554 18872320 : 120.950544 ]
[120.951s][info][gc       ] [HMSV All : 0 0 110 0 0 0 0 0 : 4960 0 0 0 : 120.950558 ]
[120.951s][info][gc       ] [HMSP 9 : 41100 0 : 120.950558 ]
[120.951s][info][gc       ] [VMAC 65530 166 24 435 625 : 120.950946 ]
[121.481s][info][gc       ] [GPGC-H  4006.6 487.1 0.1 0.0 : 10.6 : 0.000 0.000 : 0.056 0.000 0.636 1.294 : 0.000 0.000 0.204 0.000 1.717 0.399 : 0.000 : 91.177 : 2202 1784 30 0 : 2275 : 4608 4424 : 121.480523 : 9 Next_heuristic_check_may_be_too_late ]
[121.484s][info][safepoint] Application time: 0.5341065 seconds
[121.485s][info][safepoint] Total time for which application threads were stopped: 0.0003315 seconds, Stopping threads took: 0.0000004 seconds
[121.485s][info][gc       ] [SPS 0.000 0.003 0.002 0.006 0.000 0.001 0.000 0.305 0.019 0.332 NewGC_pause1 121.484353 ]
[121.534s][info][safepoint] Application time: 0.0497031 seconds
[121.535s][info][safepoint] Total time for which application threads were stopped: 0.0001149 seconds, Stopping threads took: 0.0000007 seconds
[121.535s][info][gc       ] [SPS 0.000 0.001 0.000 0.010 0.001 0.001 0.001 0.073 0.029 0.116 NewGC_pause2 121.534172 ]
[121.536s][info][safepoint] Application time: 0.0013917 seconds
[121.536s][info][safepoint] Total time for which application threads were stopped: 0.0001904 seconds, Stopping threads took: 0.0000004 seconds
[121.536s][info][gc       ] [SPS 0.000 0.000 0.000 0.007 0.000 0.001 0.000 0.147 0.036 0.191 NewGC_pause3 121.535753 ]
[121.537s][info][safepoint] Application time: 0.0011733 seconds
[121.537s][info][safepoint] Total time for which application threads were stopped: 0.0000624 seconds, Stopping threads took: 0.0000004 seconds
[121.537s][info][gc       ] [SPS 0.000 0.002 0.006 0.006 0.000 0.001 0.000 0.038 0.018 0.062 NewGC_pause4 121.536989 ]
[121.538s][info][gc       ] [GC New Max 403-376 : 5120 4386 2178 5120 - - 1053 56 2 2 - : 180 1784 30 184 2388 : 176 4 2211 2211 0 : 0 1 88 0 90 - 0 : 0.530854 3790.1 0.0 0.056216 3308.7 0.0 : 5 --c 0000 : 23 0 0.000 0.000 0 0.000 0.000 0 0.000 0.000 : 121.481079 121.484021 0.000276 121.534056 0.000066 121.535563 0.000045 121.536927 0.000041 : 121.537294 ]
[121.538s][info][gc       ] [SYSINFO 7333 227 63 0 6777 0 30 0 0 5703 : - - - - - - - - : 0 7168 : 3.08 3.06 2.11 : 292739 4277928 : 0 0 : 24 0 : 3877 2 0 261 : - 7411195904 682364928 1200361472 5905219584 238166016 67043328 : 140073237 30120330 741780 0 0 0 : 121.537496 ]
[121.538s][info][gc       ] [HUGEPAGESTAT 0 0 0 - 110774 0 0 : 393216 0 0 : 121.537496 ]
[121.538s][info][gc       ] [OBJCREAT 374323202 25554 18872320 : 121.537535 ]
[121.538s][info][gc       ] [HMSV All : 0 0 110 0 0 0 0 0 : 4960 0 0 0 : 121.537549 ]
[121.538s][info][gc       ] [HMSP 9 : 41100 0 : 121.537549 ]
[121.538s][info][gc       ] [VMAC 65530 166 24 435 625 : 121.538040 ]
[122.069s][info][gc       ] [GPGC-H  4006.6 487.1 0.1 0.0 : 10.6 : 0.000 0.000 : 0.056 0.000 0.636 1.294 : 0.000 0.000 0.204 0.000 1.717 0.399 : 0.000 : 90.625 : 2202 1784 30 0 : 2275 : 4608 4424 : 122.068954 : 9 Next_heuristic_check_may_be_too_late ]
[122.073s][info][safepoint] Application time: 0.5353533 seconds
[122.073s][info][safepoint] Total time for which application threads were stopped: 0.0002868 seconds, Stopping threads took: 0.0000004 seconds
[122.074s][info][gc       ] [SPS 0.000 0.003 0.003 0.005 0.000 0.001 0.000 0.261 0.019 0.287 NewGC_pause1 122.072629 ]
[122.128s][info][safepoint] Application time: 0.0547829 seconds
[122.128s][info][safepoint] Total time for which application threads were stopped: 0.0001241 seconds, Stopping threads took: 0.0000004 seconds
[122.128s][info][gc       ] [SPS 0.000 0.001 0.000 0.006 0.000 0.001 0.000 0.098 0.019 0.124 NewGC_pause2 122.127537 ]
[122.129s][info][safepoint] Application time: 0.0014559 seconds
[122.130s][info][safepoint] Total time for which application threads were stopped: 0.0001480 seconds, Stopping threads took: 0.0000004 seconds
[122.130s][info][gc       ] [SPS 0.000 0.000 0.000 0.006 0.000 0.001 0.000 0.122 0.019 0.148 NewGC_pause3 122.129140 ]
[122.131s][info][safepoint] Application time: 0.0013166 seconds
[122.131s][info][safepoint] Total time for which application threads were stopped: 0.0000624 seconds, Stopping threads took: 0.0000004 seconds
[122.131s][info][gc       ] [SPS 0.000 0.003 0.002 0.006 0.000 0.001 0.000 0.043 0.013 0.062 NewGC_pause4 122.130519 ]
[122.131s][info][gc       ] [GC New Max 404-377 : 5120 4366 2156 5120 - - 1053 56 2 2 - : 158 1784 30 184 2368 : 154 2 2214 2214 0 : 0 0 77 0 79 - 0 : 0.532241 3806.5 0.0 0.061363 2705.2 0.0 : 5 --c 0000 : 23 0 0.000 0.000 0 0.000 0.000 0 0.000 0.000 : 122.069535 122.072343 0.000230 122.127413 0.000057 122.128992 0.000092 122.130457 0.000045 : 122.130898 ]
[122.131s][info][gc       ] [SYSINFO 7333 227 63 0 6777 0 30 0 0 5703 : - - - - - - - - : 0 7168 : 3.08 3.06 2.11 : 292739 4277948 : 0 0 : 29 0 : 3877 2 0 261 : - 7411195904 682364928 1200361472 5905219584 238166016 67043328 : 140073237 30121130 741780 0 0 0 : 122.131105 ]
[122.131s][info][gc       ] [HUGEPAGESTAT 0 0 0 - 110774 0 0 : 393216 0 0 : 122.131105 ]
[122.131s][info][gc       ] [OBJCREAT 376492563 25554 18872320 : 122.131145 ]
[122.131s][info][gc       ] [HMSV All : 0 0 110 0 0 0 0 0 : 4960 0 0 0 : 122.131159 ]
[122.131s][info][gc       ] [HMSP 9 : 41100 0 : 122.131159 ]
[122.132s][info][gc       ] [VMAC 65530 166 24 435 625 : 122.131651 ]
[122.657s][info][gc       ] [GPGC-H  4006.6 487.1 0.1 0.0 : 10.6 : 0.000 0.000 : 0.061 0.000 0.636 1.294 : 0.000 0.000 0.204 0.000 1.717 0.399 : 0.000 : 90.076 : 2194 1784 30 0 : 2275 : 4608 4424 : 122.657336 : 9 Next_heuristic_check_may_be_too_late ]
[122.661s][info][safepoint] Application time: 0.5303731 seconds
[122.662s][info][safepoint] Total time for which application threads were stopped: 0.0004055 seconds, Stopping threads took: 0.0000008 seconds
[122.662s][info][gc       ] [SPS 0.000 0.004 0.003 0.010 0.001 0.001 0.001 0.350 0.043 0.405 NewGC_pause1 122.661299 ]
[122.715s][info][safepoint] Application time: 0.0539423 seconds
[122.716s][info][safepoint] Total time for which application threads were stopped: 0.0001700 seconds, Stopping threads took: 0.0000004 seconds
[122.716s][info][gc       ] [SPS 0.000 0.001 0.000 0.006 0.000 0.001 0.000 0.144 0.019 0.170 NewGC_pause2 122.715411 ]
[122.717s][info][safepoint] Application time: 0.0016139 seconds
[122.717s][info][safepoint] Total time for which application threads were stopped: 0.0000531 seconds, Stopping threads took: 0.0000004 seconds
[122.717s][info][gc       ] [SPS 0.000 0.000 0.000 0.006 0.000 0.001 0.000 0.034 0.012 0.053 NewGC_pause3 122.717078 ]
[122.719s][info][safepoint] Application time: 0.0014379 seconds
[122.719s][info][safepoint] Total time for which application threads were stopped: 0.0000619 seconds, Stopping threads took: 0.0000004 seconds
[122.719s][info][gc       ] [SPS 0.000 0.002 0.002 0.009 0.000 0.001 0.000 0.039 0.012 0.062 NewGC_pause4 122.718578 ]
[122.719s][info][gc       ] [GC New Max 405-378 : 5120 4408 2208 5120 - - 1053 56 2 2 - : 208 1784 30 184 2410 : 204 4 2204 2204 0 : 0 1 102 0 104 - 0 : 0.527020 3867.0 0.0 0.060977 3542.3 0.0 : 5 --c 0000 : 23 0 0.000 0.000 0 0.000 0.000 0 0.000 0.000 : 122.657918 122.660893 0.000285 122.715241 0.000090 122.717025 0.000037 122.718516 0.000046 : 122.718895 ]
[122.719s][info][gc       ] [SYSINFO 7333 227 63 0 6777 0 30 0 0 5703 : - - - - - - - - : 0 7168 : 3.08 3.06 2.11 : 292739 4277948 : 0 0 : 29 0 : 3877 2 0 261 : - 7411195904 682364928 1200361472 5905219584 238166016 67043328 : 140073237 30121940 741830 0 0 0 : 122.719098 ]
[122.719s][info][gc       ] [HUGEPAGESTAT 0 0 0 - 110774 0 0 : 393216 0 0 : 122.719098 ]
[122.719s][info][gc       ] [OBJCREAT 378726956 25554 18872320 : 122.719138 ]
[122.719s][info][gc       ] [HMSV All : 0 0 110 0 0 0 0 0 : 4960 0 0 0 : 122.719152 ]
[122.719s][info][gc       ] [HMSP 9 : 41100 0 : 122.719152 ]
[122.720s][info][gc       ] [VMAC 65530 166 24 435 625 : 122.719528 ]
[123.227s][info][gc       ] [GPGC-H  3998.5 475.9 0.1 0.0 : 10.3 : 0.000 0.000 : 0.061 0.000 0.636 1.294 : 0.000 0.000 0.204 0.000 1.717 0.399 : 0.000 : 89.537 : 2190 1784 30 0 : 2275 : 4608 4424 : 123.227465 : 9 Next_heuristic_check_may_be_too_late ]
[123.231s][info][safepoint] Application time: 0.5123898 seconds
[123.232s][info][safepoint] Total time for which application threads were stopped: 0.0003660 seconds, Stopping threads took: 0.0000004 seconds
[123.232s][info][gc       ] [SPS 0.000 0.003 0.002 0.005 0.000 0.001 0.000 0.342 0.017 0.366 NewGC_pause1 123.231334 ]
[123.282s][info][safepoint] Application time: 0.0503204 seconds
[123.282s][info][safepoint] Total time for which application threads were stopped: 0.0001601 seconds, Stopping threads took: 0.0000004 seconds
[123.283s][info][gc       ] [SPS 0.000 0.001 0.000 0.006 0.000 0.001 0.000 0.132 0.021 0.160 NewGC_pause2 123.281815 ]
[123.283s][info][safepoint] Application time: 0.0015908 seconds
[123.284s][info][safepoint] Total time for which application threads were stopped: 0.0000539 seconds, Stopping threads took: 0.0000004 seconds
[123.284s][info][gc       ] [SPS 0.000 0.000 0.000 0.006 0.000 0.001 0.000 0.034 0.012 0.054 NewGC_pause3 123.283459 ]
[123.285s][info][safepoint] Application time: 0.0012258 seconds
[123.285s][info][safepoint] Total time for which application threads were stopped: 0.0000723 seconds, Stopping threads took: 0.0000004 seconds
[123.285s][info][gc       ] [SPS 0.000 0.003 0.002 0.006 0.000 0.001 0.000 0.052 0.013 0.072 NewGC_pause4 123.284757 ]
[123.285s][info][gc       ] [GC New Max 406-379 : 5120 4384 2188 5120 - - 1053 56 2 2 - : 190 1784 30 184 2386 : 184 6 2199 2199 0 : 0 1 92 0 95 - 0 : 0.509138 3896.8 0.0 0.057156 3429.2 0.0 : 5 --c 0000 : 23 0 0.000 0.000 0 0.000 0.000 0 0.000 0.000 : 123.228033 123.230968 0.000240 123.281655 0.000093 123.283405 0.000038 123.284685 0.000055 : 123.285189 ]
[123.285s][info][gc       ] [SYSINFO 7333 227 63 0 6777 0 30 0 0 5703 : - - - - - - - - : 0 7168 : 3.08 3.06 2.11 : 292739 4277948 : 0 0 : 29 0 : 3877 2 0 261 : - 7411195904 682364928 1200361472 5905219584 238166016 67043328 : 140073237 30122750 741910 0 0 0 : 123.285398 ]
[123.285s][info][gc       ] [HUGEPAGESTAT 0 0 0 - 110774 0 0 : 393216 0 0 : 123.285398 ]
[123.285s][info][gc       ] [OBJCREAT 380885613 25554 18872320 : 123.285438 ]
[123.285s][info][gc       ] [HMSV All : 0 0 110 0 0 0 0 0 : 4960 0 0 0 : 123.285455 ]
[123.285s][info][gc       ] [HMSP 9 : 41100 0 : 123.285455 ]
[123.286s][info][gc       ] [VMAC 65530 166 24 435 625 : 123.286016 ]
[123.794s][info][gc       ] [GPGC-H  3998.5 475.9 0.1 0.0 : 10.3 : 0.000 0.000 : 0.061 0.000 0.636 1.294 : 0.000 0.000 0.204 0.000 1.717 0.399 : 0.000 : 89.019 : 2134 1784 30 0 : 2275 : 4608 4424 : 123.793895 : 9 Next_heuristic_check_may_be_too_late ]
[123.797s][info][safepoint] Application time: 0.5119883 seconds
[123.798s][info][safepoint] Total time for which application threads were stopped: 0.0003022 seconds, Stopping threads took: 0.0000004 seconds
[123.798s][info][gc       ] [SPS 0.000 0.003 0.002 0.006 0.000 0.001 0.000 0.277 0.018 0.303 NewGC_pause1 123.797049 ]
[123.848s][info][safepoint] Application time: 0.0503154 seconds
[123.848s][info][safepoint] Total time for which application threads were stopped: 0.0001365 seconds, Stopping threads took: 0.0000004 seconds
[123.848s][info][gc       ] [SPS 0.000 0.001 0.000 0.006 0.000 0.001 0.000 0.110 0.019 0.136 NewGC_pause2 123.847500 ]
[123.849s][info][safepoint] Application time: 0.0019251 seconds
[123.850s][info][safepoint] Total time for which application threads were stopped: 0.0000548 seconds, Stopping threads took: 0.0000004 seconds
[123.850s][info][gc       ] [SPS 0.000 0.000 0.000 0.006 0.000 0.001 0.000 0.035 0.012 0.055 NewGC_pause3 123.849480 ]
[123.851s][info][safepoint] Application time: 0.0012832 seconds
[123.851s][info][safepoint] Total time for which application threads were stopped: 0.0000577 seconds, Stopping threads took: 0.0000004 seconds
[123.851s][info][gc       ] [SPS 0.000 0.002 0.002 0.005 0.000 0.001 0.000 0.039 0.012 0.058 NewGC_pause4 123.850821 ]
[123.851s][info][gc       ] [GC New Max 407-380 : 5120 4312 2174 5120 - - 1053 56 2 2 - : 176 1784 30 184 2314 : 172 2 2142 2142 0 : 0 0 86 0 88 - 0 : 0.509025 3823.0 0.0 0.056936 3196.6 0.0 : 5 --c 0000 : 23 0 0.000 0.000 0 0.000 0.000 0 0.000 0.000 : 123.794214 123.796746 0.000235 123.847364 0.000081 123.849425 0.000038 123.850763 0.000042 : 123.851150 ]
[123.851s][info][gc       ] [SYSINFO 7333 227 63 0 6777 0 30 0 0 5703 : - - - - - - - - : 0 7168 : 2.91 3.03 2.11 : 292739 4277948 : 0 0 : 29 0 : 3877 2 0 261 : - 7411195904 682364928 1200361472 5905219584 238166016 67043328 : 140073237 30123530 741990 0 0 0 : 123.851402 ]
[123.851s][info][gc       ] [HUGEPAGESTAT 0 0 0 - 110774 0 0 : 393216 0 0 : 123.851402 ]
[123.851s][info][gc       ] [OBJCREAT 382992493 25554 18872320 : 123.851446 ]
[123.851s][info][gc       ] [HMSV All : 0 0 110 0 0 0 0 0 : 4960 0 0 0 : 123.851460 ]
[123.851s][info][gc       ] [HMSP 9 : 41100 0 : 123.851460 ]
[123.852s][info][gc       ] [VMAC 65530 166 24 435 625 : 123.851884 ]
[124.104s][info][gc       ] [GPGC-H  3998.5 475.9 0.1 0.0 : 10.3 : 0.000 0.000 : 0.061 0.000 0.636 1.294 : 0.000 0.000 0.204 0.000 1.717 0.399 : 0.000 : 88.504 : 2236 1784 30 0 : 2275 : 4608 4424 : 124.103711 : 9 Next_heuristic_check_may_be_too_late ]
[124.108s][info][safepoint] Application time: 0.2566099 seconds
[124.108s][info][safepoint] Total time for which application threads were stopped: 0.0002858 seconds, Stopping threads took: 0.0000005 seconds
[124.108s][info][gc       ] [SPS 0.000 0.003 0.002 0.007 0.000 0.001 0.000 0.257 0.020 0.285 NewGC_pause1 124.107717 ]
[124.405s][info][safepoint] Application time: 0.2974349 seconds
[124.406s][info][safepoint] Total time for which application threads were stopped: 0.0001474 seconds, Stopping threads took: 0.0000004 seconds
[124.406s][info][gc       ] [SPS 0.000 0.001 0.000 0.006 0.000 0.001 0.000 0.123 0.018 0.147 NewGC_pause2 124.405300 ]
[124.407s][info][safepoint] Application time: 0.0018317 seconds
[124.407s][info][safepoint] Total time for which application threads were stopped: 0.0000507 seconds, Stopping threads took: 0.0000004 seconds
[124.408s][info][gc       ] [SPS 0.000 0.000 0.000 0.006 0.000 0.001 0.000 0.032 0.012 0.051 NewGC_pause3 124.407182 ]
[124.408s][info][safepoint] Application time: 0.0011996 seconds
[124.409s][info][safepoint] Total time for which application threads were stopped: 0.0000599 seconds, Stopping threads took: 0.0000004 seconds
[124.409s][info][gc       ] [SPS 0.000 0.003 0.002 0.005 0.000 0.001 0.000 0.040 0.014 0.060 NewGC_pause4 124.408441 ]
[124.409s][info][gc       ] [GC New Max 408-381 : 5120 4714 4024 5120 - - 1055 56 2 2 - : 2026 1784 30 184 2716 : 2016 8 696 696 0 : 0 0 228 0 921 - 92 : 0.253238 8166.2 0.0 0.304294 1564.3 0.0 : 5 --c 0000 : 23 127 0.000 0.000 0 0.000 0.000 127 0.000 0.000 : 124.104388 124.107432 0.000211 124.405152 0.000093 124.407131 0.000035 124.408381 0.000043 : 124.408682 ]
[124.409s][info][gc       ] [SYSINFO 7334 227 63 0 6779 0 30 0 0 5703 : - - - - - - - - : 0 7168 : 2.91 3.03 2.11 : 292739 4277948 : 0 0 : 29 0 : 3877 2 0 261 : - 7413223424 682364928 1202388992 5905219584 238166016 67043328 : 140073237 30125380 742180 0 0 0 : 124.408890 ]
[124.409s][info][gc       ] [HUGEPAGESTAT 0 0 0 - 110774 0 0 : 393216 0 0 : 124.408890 ]
[124.409s][info][gc       ] [OBJCREAT 385510605 25554 18872320 : 124.408930 ]
[124.409s][info][gc       ] [HMSV All : 0 0 120 0 0 0 0 0 : 4960 0 0 0 : 124.408944 ]
[124.409s][info][gc       ] [HMSP 9 : 41100 0 : 124.408944 ]
[124.409s][info][gc       ] [GPGC-H  3997.9 475.9 0.1 0.0 : 10.3 : 0.000 0.000 : 0.304 0.000 0.636 1.294 : 0.000 0.000 0.422 0.000 1.717 0.399 : 0.000 : 88.286 : 2028 1784 30 0 : 2275 : 4608 4424 : 124.409153 : 9 Next_heuristic_check_may_be_too_late ]
[124.409s][info][gc       ] [VMAC 65530 166 24 435 625 : 124.409321 ]
[124.412s][info][safepoint] Application time: 0.0029897 seconds
[124.412s][info][safepoint] Total time for which application threads were stopped: 0.0001360 seconds, Stopping threads took: 0.0000004 seconds
[124.412s][info][gc       ] [SPS 0.000 0.002 0.002 0.006 0.000 0.001 0.000 0.116 0.013 0.136 NewGC_pause1 124.411567 ]
[124.721s][info][safepoint] Application time: 0.3089870 seconds
[124.721s][info][safepoint] Total time for which application threads were stopped: 0.0000516 seconds, Stopping threads took: 0.0000004 seconds
[124.721s][info][gc       ] [SPS 0.000 0.002 0.000 0.005 0.000 0.001 0.000 0.040 0.005 0.052 NewGC_pause2 124.720606 ]
[124.722s][info][safepoint] Application time: 0.0010210 seconds
[124.722s][info][safepoint] Total time for which application threads were stopped: 0.0000490 seconds, Stopping threads took: 0.0000004 seconds
[124.722s][info][gc       ] [SPS 0.000 0.000 0.000 0.005 0.000 0.001 0.000 0.039 0.004 0.049 NewGC_pause3 124.721676 ]
[124.734s][info][safepoint] Application time: 0.0124366 seconds
[124.735s][info][safepoint] Total time for which application threads were stopped: 0.0000833 seconds, Stopping threads took: 0.0000005 seconds
[124.735s][info][gc       ] [SPS 0.000 0.004 0.007 0.007 0.000 0.001 0.000 0.053 0.021 0.083 NewGC_pause4 124.734196 ]
[124.821s][info][gc       ] [GC New Max 409-382 : 5120 4824 4766 5120 - - 1055 56 2 2 - : 2768 1784 30 184 2826 : 2554 12 266 266 93 : 0 309 396 0 1329 - 55 : 0.000553 3614.2 0.0 0.411551 2196.6 0.0 : 8 --c 0000 : 23 7096 0.000 0.003 0 0.000 0.000 7096 0.000 0.003 : 124.409235 124.411431 0.000119 124.720555 0.000041 124.721627 0.000040 124.734113 0.000055 : 124.820786 ]
[124.821s][info][gc       ] [SYSINFO 7334 227 63 0 6779 0 30 0 0 5703 : - - - - - - - - : 0 7168 : 2.91 3.03 2.11 : 292739 4277948 : 0 0 : 29 0 : 3877 2 0 261 : - 7413223424 682364928 1202388992 5905219584 238166016 67043328 : 140073237 30128980 742180 0 0 0 : 124.821086 ]
[124.821s][info][gc       ] [HUGEPAGESTAT 0 0 0 - 110774 0 0 : 393216 0 0 : 124.821086 ]
[124.821s][info][gc       ] [OBJCREAT 386412350 25554 18872320 : 124.821142 ]
[124.821s][info][gc       ] [HMSV All : 0 0 120 0 0 0 0 0 : 4960 0 0 0 : 124.821158 ]
[124.821s][info][gc       ] [HMSP 9 : 41100 0 : 124.821158 ]
[124.822s][info][gc       ] [VMAC 65530 166 24 435 625 : 124.821672 ]
[124.822s][info][gc       ] [GPGC-H  3991.8 464.7 0.1 0.0 : 10.1 : 0.411 0.000 : 0.307 0.000 0.636 1.294 : 3.052 0.000 0.422 0.000 1.717 0.399 : 0.000 : 99.866 : 2772 1784 30 0 : 2275 : 4608 4424 : 124.821995 : 3 Heap_use_exceeded_committed ]
[124.828s][info][safepoint] Application time: 0.0935606 seconds
[124.828s][info][safepoint] Total time for which application threads were stopped: 0.0001537 seconds, Stopping threads took: 0.0000004 seconds
[124.828s][info][gc       ] [SPS 0.000 0.001 0.009 0.007 0.000 0.001 0.000 0.126 0.019 0.154 NewGC_pause1 124.827911 ]
[125.141s][info][safepoint] Application time: 0.3126010 seconds
[125.141s][info][safepoint] Total time for which application threads were stopped: 0.0000802 seconds, Stopping threads took: 0.0000005 seconds
[125.142s][info][gc       ] [SPS 0.000 0.002 0.000 0.006 0.000 0.001 0.000 0.065 0.007 0.081 NewGC_pause2 125.140593 ]
[125.142s][info][safepoint] Application time: 0.0018428 seconds
[125.143s][info][safepoint] Total time for which application threads were stopped: 0.0000533 seconds, Stopping threads took: 0.0000004 seconds
[125.143s][info][gc       ] [SPS 0.000 0.000 0.000 0.005 0.000 0.001 0.000 0.043 0.003 0.053 NewGC_pause3 125.142488 ]
[125.145s][info][safepoint] Application time: 0.0016648 seconds
[125.145s][info][safepoint] Total time for which application threads were stopped: 0.0008676 seconds, Stopping threads took: 0.0000005 seconds
[125.145s][info][gc       ] [SPS 0.000 0.001 0.000 0.009 0.001 0.001 0.000 0.835 0.022 0.868 OldGC_pause2 125.145021 ]
[125.151s][info][safepoint] Application time: 0.0063634 seconds
[125.152s][info][safepoint] Total time for which application threads were stopped: 0.0000614 seconds, Stopping threads took: 0.0000004 seconds
[125.152s][info][gc       ] [SPS 0.000 0.002 0.002 0.006 0.000 0.001 0.000 0.041 0.014 0.061 NewGC_pause4 125.151446 ]
[125.156s][info][safepoint] Application time: 0.0044264 seconds
[125.157s][info][safepoint] Total time for which application threads were stopped: 0.0001406 seconds, Stopping threads took: 0.0000016 seconds
[125.157s][info][gc       ] [SPS 0.001 0.006 0.000 0.011 0.002 0.001 0.001 0.098 0.028 0.140 OldGC_pause3 125.156013 ]
[125.164s][info][gc       ] [GC NTO Max 410-383 : 5120 5002 4134 5120 - - 1056 56 2 2 - : 2136 1784 30 184 3004 : 1987 10 1003 1003 0 : 0 38 111 0 1013 - 55 : 0.001654 3627.9 0.0 0.340778 833.4 0.0 : 8 --c 0000 : 23 7092 0.000 0.003 0 0.000 0.000 7092 0.000 0.003 : 124.822440 124.827757 0.000129 125.140512 0.000058 125.142435 0.000046 125.151384 0.000044 : 125.163218 ]
[125.164s][info][gc       ] [SYSINFO 7334 227 63 0 6779 0 30 0 0 5703 : - - - - - - - - : 0 7168 : 2.91 3.03 2.11 : 292739 4277948 : 0 0 : 29 0 : 3877 5 0 261 : - 7413223424 682364928 1202388992 5905219584 238166016 67043328 : 140073237 30131710 742180 0 0 0 : 125.163540 ]
[125.164s][info][gc       ] [HUGEPAGESTAT 0 0 0 - 110774 0 0 : 393216 0 0 : 125.163540 ]
[125.164s][info][gc       ] [OBJCREAT 386705387 25619 18872320 : 125.163587 ]
[125.164s][info][gc       ] [HMSV All : 0 0 120 0 0 0 0 0 : 5000 0 0 0 : 125.163604 ]
[125.164s][info][gc       ] [HMSP 9 : 41100 0 : 125.163604 ]
[125.164s][info][gc       ] [VMAC 65530 166 24 435 625 : 125.164050 ]
[125.164s][info][gc       ] [GPGC-H  3982.3 464.7 0.1 0.0 : 10.1 : 0.411 0.000 : 0.310 0.000 0.636 1.294 : 3.050 0.000 0.422 0.000 1.717 0.399 : 0.000 : 99.864 : 2140 1784 30 0 : 2275 : 4608 4424 : 125.164267 : 8 May_exceed_heap_occupancy_target ]
[125.167s][info][safepoint] Application time: 0.0104407 seconds
[125.167s][info][safepoint] Total time for which application threads were stopped: 0.0000646 seconds, Stopping threads took: 0.0000004 seconds
[125.167s][info][gc       ] [SPS 0.000 0.002 0.002 0.005 0.000 0.001 0.000 0.044 0.013 0.065 OldGC_pause4 125.166519 ]
[125.167s][info][gc       ] [GC Old Max 411-28 : 5120 5002 2368 5120 - - 1056 56 2 2 - : 2148 6 30 184 1818 : 26 8 1779 1779 0 : 0 4 0 0 18 - 0 : 5.922402 0.0 0.3 0.342860 0.0 0.0 : 3 --c 0000 : 23   -    -    -    -    -    -    -    -    -  : 124.824138 124.827757 0.000129 125.144153 0.000765 125.155874 0.000106 125.166454 0.000047 : 125.166997 ]
[125.167s][info][gc       ] [SYSINFO 7334 227 63 0 6779 0 30 0 0 5703 : - - - - - - - - : 0 7168 : 2.91 3.03 2.11 : 292739 4277948 : 0 0 : 29 0 : 3877 2 0 261 : - 7413223424 682364928 1202388992 5905219584 238166016 67043328 : 140073237 30131720 742190 0 0 0 : 125.167200 ]
[125.167s][info][gc       ] [HUGEPAGESTAT 0 0 0 - 110774 0 0 : 393216 0 0 : 125.167200 ]
[125.167s][info][gc       ] [OBJCREAT 386715298 25619 18872320 : 125.167238 ]
[125.167s][info][gc       ] [HMSV All : 0 0 120 0 0 0 0 0 : 5000 0 0 0 : 125.167251 ]
[125.167s][info][gc       ] [HMSP 9 : 41100 0 : 125.167251 ]
[125.167s][info][gc       ] [COMPSTATS 1 : 5 0 : 2 0 : 0 0 : 527 5 0 0 0 0 : 0 0 0 0 0 0 : 145 146 12 : 532 0 0 0 0 0 0 : 532 0 0 0 0 0 0 ]
[125.167s][info][gc       ] [COMPSTATS 2 : 5 0 : 1 0 : 0 0 : 132 11 0 0 0 0 : 0 0 0 0 0 0 : 52677 52713 7789 : 77 42 24 0 0 0 0 : 39 84 14 5 1 0 0 ]
[125.167s][info][gc       ] [DEOPTSTATS 1 : 0 0 : 0 0 : 0 0 : 0 0 : 0 11 : 0 0 : 0 0 : 0 0 : 0 0 : 0 0 : 0 0 : 0 0 : 0 0 : 0 0 : 0 0 : 0 0 : 0 0 : 0 0 : 0 0 : 0 0 : 0 0 : 0 0 : 0 0 : 0 0 : 0 0 : 0 0 : 0 0 : 0 0 : 0 0 : 0 0 : 6 0 : 0 0 : 0 0 : 0 0 : 0 0 : 0 0 : 0 0 : 0 0 : 0 0 : 0 0 : 0 0 : 0 0 ]
[125.167s][info][gc       ] [DEOPTSTATS 2 : 0 0 : 0 0 : 0 0 : 0 0 : 0 0 : 0 0 : 0 15 : 0 0 : 0 0 : 0 0 : 0 0 : 0 0 : 0 0 : 0 0 : 0 0 : 0 0 : 0 0 : 0 0 : 0 0 : 0 0 : 0 0 : 0 0 : 0 0 : 0 0 : 0 0 : 0 0 : 0 0 : 0 0 : 0 0 : 0 0 : 4 0 : 0 0 : 0 0 : 0 0 : 0 1 : 0 0 : 0 0 : 0 0 : 0 0 : 0 3 : 0 0 : 0 0 ]
[125.168s][info][gc       ] [CCF 0 0 0 0 33 230912: 3088896 : 380 196608 : 3 49152 : 317 311808 :  521 645120 : 121 422400 : 0 0 : 15 1228800 : 1 2048]
[125.168s][info][gc       ] [VMAC 65530 166 24 435 625 : 125.167691 ]
[125.174s][info][safepoint] Application time: 0.0076327 seconds
[125.175s][info][safepoint] Total time for which application threads were stopped: 0.0001837 seconds, Stopping threads took: 0.0000004 seconds
[125.175s][info][gc       ] [SPS 0.000 0.002 0.002 0.006 0.000 0.001 0.001 0.163 0.013 0.184 NewGC_pause1 125.174335 ]
[125.560s][info][safepoint] Application time: 0.3855203 seconds
[125.561s][info][safepoint] Total time for which application threads were stopped: 0.0001946 seconds, Stopping threads took: 0.0000004 seconds
[125.561s][info][gc       ] [SPS 0.000 0.001 0.000 0.006 0.000 0.001 0.000 0.169 0.018 0.194 NewGC_pause2 125.560050 ]
[125.562s][info][safepoint] Application time: 0.0019037 seconds
[125.562s][info][safepoint] Total time for which application threads were stopped: 0.0000609 seconds, Stopping threads took: 0.0000004 seconds
[125.562s][info][gc       ] [SPS 0.000 0.001 0.000 0.006 0.000 0.001 0.000 0.041 0.013 0.061 NewGC_pause3 125.562015 ]
[125.571s][info][safepoint] Application time: 0.0092071 seconds
[125.572s][info][safepoint] Total time for which application threads were stopped: 0.0000704 seconds, Stopping threads took: 0.0000005 seconds
[125.572s][info][gc       ] [SPS 0.000 0.020 0.002 0.006 0.000 0.001 0.000 0.051 0.012 0.070 NewGC_pause4 125.571292 ]
[125.651s][info][gc       ] [GC New Max 412-384 : 5120 4142 3496 5120 - - 1056 56 2 2 - : 3276 6 30 184 3392 : 2985 9 397 397 0 : 0 259 610 0 1583 - 55 : 0.008641 3471.6 0.0 0.479282 3067.1 0.0 : 5 --c 0000 : 23 0 0.000 0.000 0 0.000 0.000 0 0.000 0.000 : 125.171859 125.174151 0.000166 125.559856 0.000111 125.561954 0.000044 125.571222 0.000054 : 125.651141 ]
[125.651s][info][gc       ] [SYSINFO 7334 227 63 0 6779 0 30 0 0 5703 : - - - - - - - - : 0 7168 : 2.91 3.03 2.11 : 292739 4277948 : 0 0 : 29 0 : 3877 2 0 261 : - 7413223424 682364928 1202388992 5905219584 238166016 67043328 : 140073237 30134550 742280 0 0 0 : 125.651408 ]
[125.651s][info][gc       ] [HUGEPAGESTAT 0 0 0 - 110774 0 0 : 393216 0 0 : 125.651408 ]
[125.651s][info][gc       ] [OBJCREAT 388190055 25619 18872320 : 125.651462 ]
[125.651s][info][gc       ] [HMSV All : 0 0 120 0 0 0 0 0 : 5000 0 0 0 : 125.651483 ]
[125.651s][info][gc       ] [HMSP 9 : 41100 0 : 125.651483 ]
[125.652s][info][gc       ] [VMAC 65530 166 24 435 625 : 125.651922 ]
[125.652s][info][gc       ] [GPGC-H  3982.3 464.7 0.1 0.0 : 10.1 : 0.415 0.000 : 0.479 0.343 0.636 1.294 : 3.050 0.000 0.845 0.025 1.717 0.399 : 0.000 : 99.863 : 3280 6 30 0 : 2275 : 4608 4424 : 125.652303 : 9 Next_heuristic_check_may_be_too_late ]
[125.657s][info][safepoint] Application time: 0.0852189 seconds
[125.657s][info][safepoint] Total time for which application threads were stopped: 0.0002066 seconds, Stopping threads took: 0.0000005 seconds
[125.657s][info][gc       ] [SPS 0.000 0.003 0.008 0.007 0.000 0.001 0.000 0.174 0.024 0.206 NewGC_pause1 125.656718 ]
[125.937s][info][safepoint] Application time: 0.2797931 seconds
[125.937s][info][safepoint] Total time for which application threads were stopped: 0.0001746 seconds, Stopping threads took: 0.0000005 seconds
[125.938s][info][gc       ] [SPS 0.000 0.002 0.000 0.007 0.000 0.001 0.000 0.141 0.025 0.175 NewGC_pause2 125.936686 ]
[125.939s][info][safepoint] Application time: 0.0018964 seconds
[125.939s][info][safepoint] Total time for which application threads were stopped: 0.0000675 seconds, Stopping threads took: 0.0000005 seconds
[125.939s][info][gc       ] [SPS 0.000 0.001 0.000 0.007 0.000 0.001 0.000 0.041 0.024 0.073 NewGC_pause3 125.938655 ]
[125.940s][info][safepoint] Application time: 0.0016970 seconds
[125.941s][info][safepoint] Total time for which application threads were stopped: 0.0000844 seconds, Stopping threads took: 0.0000005 seconds
[125.941s][info][gc       ] [SPS 0.000 0.003 0.002 0.007 0.001 0.001 0.000 0.049 0.027 0.084 NewGC_pause4 125.940431 ]
[125.942s][info][gc       ] [GC New Max 413-385 : 5120 4296 2828 5120 - - 1056 56 2 2 - : 2608 6 30 184 4076 : 2558 9 1510 1510 0 : 0 2 394 0 1249 - 55 : 0.001814 3306.9 0.0 0.288453 2780.4 0.0 : 8 --c 0000 : 23 0 0.000 0.000 0 0.000 0.000 0 0.000 0.000 : 125.652955 125.656511 0.000178 125.936511 0.000106 125.938582 0.000044 125.940347 0.000052 : 125.941408 ]
[125.942s][info][gc       ] [SYSINFO 7334 227 63 0 6779 0 30 0 0 5703 : - - - - - - - - : 0 7168 : 2.91 3.03 2.11 : 292739 4277948 : 0 0 : 29 0 : 3877 2 0 261 : - 7413223424 682364928 1202388992 5905219584 238166016 67043328 : 140073237 30137070 742290 0 0 0 : 125.941687 ]
[125.942s][info][gc       ] [HUGEPAGESTAT 0 0 0 - 110774 0 0 : 393216 0 0 : 125.941687 ]
[125.942s][info][gc       ] [OBJCREAT 388989330 25619 18872320 : 125.941741 ]
[125.942s][info][gc       ] [HMSV All : 0 0 120 0 0 0 0 0 : 5000 0 0 0 : 125.941765 ]
[125.942s][info][gc       ] [HMSP 9 : 41100 0 : 125.941765 ]
[125.942s][info][gc       ] [GPGC-H  3982.3 464.7 0.1 0.0 : 10.1 : 0.411 0.000 : 0.484 0.343 0.636 1.294 : 3.046 0.000 0.845 0.025 1.717 0.399 : 0.000 : 99.862 : 2610 6 30 0 : 2275 : 4608 4424 : 125.942153 : 9 Next_heuristic_check_may_be_too_late ]
[125.942s][info][gc       ] [VMAC 65530 166 24 435 625 : 125.942228 ]
[125.945s][info][safepoint] Application time: 0.0046417 seconds
[125.945s][info][safepoint] Total time for which application threads were stopped: 0.0001515 seconds, Stopping threads took: 0.0000005 seconds
[125.945s][info][gc       ] [SPS 0.000 0.006 0.005 0.006 0.000 0.001 0.000 0.130 0.014 0.151 NewGC_pause1 125.945224 ]
[126.230s][info][safepoint] Application time: 0.2850583 seconds
[126.231s][info][safepoint] Total time for which application threads were stopped: 0.0000938 seconds, Stopping threads took: 0.0000005 seconds
[126.231s][info][gc       ] [SPS 0.000 0.001 0.000 0.008 0.001 0.001 0.000 0.063 0.022 0.094 NewGC_pause2 126.230377 ]
[126.232s][info][safepoint] Application time: 0.0014544 seconds
[126.232s][info][safepoint] Total time for which application threads were stopped: 0.0000763 seconds, Stopping threads took: 0.0000005 seconds
[126.232s][info][gc       ] [SPS 0.000 0.000 0.000 0.007 0.000 0.001 0.000 0.052 0.016 0.076 NewGC_pause3 126.231907 ]
[126.234s][info][safepoint] Application time: 0.0016344 seconds
[126.234s][info][safepoint] Total time for which application threads were stopped: 0.0000813 seconds, Stopping threads took: 0.0000005 seconds
[126.234s][info][gc       ] [SPS 0.000 0.003 0.002 0.011 0.001 0.001 0.000 0.047 0.017 0.077 NewGC_pause4 126.233623 ]
[126.235s][info][gc       ] [GC New Max 414-386 : 5120 3742 2946 5120 - - 1056 56 2 2 - : 2726 6 30 184 3522 : 2678 9 838 838 0 : 0 3 454 0 1308 - 55 : 0.000831 2407.6 0.0 0.292474 3145.6 0.0 : 8 --c 0000 : 23 0 0.000 0.000 0 0.000 0.000 0 0.000 0.000 : 125.942239 125.945073 0.000134 126.230283 0.000053 126.231831 0.000055 126.233546 0.000056 : 126.234712 ]
[126.235s][info][gc       ] [SYSINFO 7334 227 63 0 6779 0 30 0 0 5703 : - - - - - - - - : 0 7168 : 2.91 3.03 2.11 : 292739 4277948 : 0 0 : 29 0 : 3877 2 0 261 : - 7413223424 682364928 1202388992 5905219584 238166016 67043328 : 140073237 30139600 742300 0 0 0 : 126.234955 ]
[126.235s][info][gc       ] [HUGEPAGESTAT 0 0 0 - 110774 0 0 : 393216 0 0 : 126.234955 ]
[126.235s][info][gc       ] [OBJCREAT 389904538 25619 18872320 : 126.235023 ]
[126.235s][info][gc       ] [HMSV All : 0 0 120 0 0 0 0 0 : 5000 0 0 0 : 126.235041 ]
[126.235s][info][gc       ] [HMSP 9 : 41100 0 : 126.235041 ]
[126.236s][info][gc       ] [VMAC 65530 166 24 435 625 : 126.235560 ]
[126.371s][info][gc       ] [GPGC-H  3982.3 464.7 0.1 0.0 : 10.1 : 0.410 0.000 : 0.489 0.343 0.636 1.294 : 3.044 0.000 0.845 0.025 1.717 0.399 : 0.000 : 99.861 : 3210 6 30 0 : 2275 : 4608 4424 : 126.370971 : 9 Next_heuristic_check_may_be_too_late ]
[126.375s][info][safepoint] Application time: 0.1412185 seconds
[126.376s][info][safepoint] Total time for which application threads were stopped: 0.0003045 seconds, Stopping threads took: 0.0000004 seconds
[126.376s][info][gc       ] [SPS 0.000 0.003 0.002 0.005 0.000 0.001 0.000 0.265 0.033 0.305 NewGC_pause1 126.375147 ]
[126.632s][info][safepoint] Application time: 0.2567080 seconds
[126.633s][info][safepoint] Total time for which application threads were stopped: 0.0000926 seconds, Stopping threads took: 0.0000004 seconds
[126.633s][info][gc       ] [SPS 0.000 0.001 0.000 0.011 0.000 0.001 0.000 0.061 0.014 0.087 NewGC_pause2 126.631947 ]
[126.634s][info][safepoint] Application time: 0.0020991 seconds
[126.634s][info][safepoint] Total time for which application threads were stopped: 0.0000998 seconds, Stopping threads took: 0.0000004 seconds
[126.635s][info][gc       ] [SPS 0.000 0.000 0.000 0.006 0.000 0.001 0.000 0.080 0.012 0.100 NewGC_pause3 126.634146 ]
[126.647s][info][safepoint] Application time: 0.0123743 seconds
[126.647s][info][safepoint] Total time for which application threads were stopped: 0.0000798 seconds, Stopping threads took: 0.0000004 seconds
[126.647s][info][gc       ] [SPS 0.000 0.003 0.006 0.006 0.000 0.001 0.000 0.057 0.016 0.080 NewGC_pause4 126.646601 ]
[126.959s][info][gc       ] [GC New Max 415-387 : 5120 4148 3758 5120 - - 1056 56 2 2 - : 2746 798 30 184 3928 : 2480 5 1441 1441 35 : 396 0 355 0 1373 - 0 : 0.136795 3552.8 0.0 0.587374 2945.3 0.0 : 8 --c 0000 : 23 0 0.000 0.000 0 0.000 0.000 0 0.000 0.000 : 126.371507 126.374842 0.000221 126.631860 0.000069 126.634047 0.000084 126.646521 0.000060 : 126.958881 ]
[126.959s][info][gc       ] [SYSINFO 7334 227 63 0 6779 0 30 0 0 5703 : - - - - - - - - : 0 7168 : 2.91 3.03 2.11 : 292739 4277948 : 0 0 : 29 0 : 3877 2 0 261 : - 7413223424 682364928 1202388992 5905219584 238166016 67043328 : 140073237 30143630 742350 0 0 0 : 126.959180 ]
[126.959s][info][gc       ] [HUGEPAGESTAT 0 0 0 - 110774 0 0 : 393216 0 0 : 126.959180 ]
[126.959s][info][gc       ] [OBJCREAT 392097438 25619 19472384 : 126.959244 ]
[126.959s][info][gc       ] [HMSV All : 0 0 120 0 0 0 0 0 : 5000 0 0 0 : 126.959261 ]
[126.959s][info][gc       ] [HMSP 9 : 41100 0 : 126.959261 ]
[126.961s][info][gc       ] [GPGC-H  3982.3 460.1 0.1 0.0 : 9.8 : 0.410 0.000 : 0.493 0.343 0.636 1.294 : 3.044 0.000 0.845 0.025 1.717 0.399 : 0.000 : 99.705 : 2752 798 30 0 : 2275 : 4608 4424 : 126.960518 : 17 Old_headroom_use_may_exceed_trigger ]
[126.960s][info][gc       ] [VMAC 65530 166 24 435 625 : 126.959771 ]
[126.967s][info][safepoint] Application time: 0.3196883 seconds
[126.967s][info][safepoint] Total time for which application threads were stopped: 0.0004230 seconds, Stopping threads took: 0.0000004 seconds
[126.967s][info][gc       ] [SPS 0.000 0.001 0.003 0.006 0.000 0.001 0.000 0.386 0.029 0.423 NewGC_pause1 126.966712 ]
[127.218s][info][safepoint] Application time: 0.2513764 seconds
[127.218s][info][safepoint] Total time for which application threads were stopped: 0.0000643 seconds, Stopping threads took: 0.0000005 seconds
[127.219s][info][gc       ] [SPS 0.000 0.001 0.000 0.007 0.000 0.001 0.000 0.041 0.015 0.064 NewGC_pause2 127.218153 ]
[127.219s][info][safepoint] Application time: 0.0009305 seconds
[127.219s][info][safepoint] Total time for which application threads were stopped: 0.0000730 seconds, Stopping threads took: 0.0000005 seconds
[127.219s][info][gc       ] [SPSH lock suspend gclocker notify wait resuspend cleanup op_time wakeup total(ms) op_name end(s) ]
[127.219s][info][gc       ] [SPS 0.000 0.001 0.000 0.007 0.001 0.001 0.000 0.049 0.015 0.073 NewGC_pause3 127.219157 ]
[127.221s][info][safepoint] Application time: 0.0010844 seconds
[127.221s][info][safepoint] Total time for which application threads were stopped: 0.0006877 seconds, Stopping threads took: 0.0000005 seconds
[127.221s][info][gc       ] [SPS 0.000 0.001 0.000 0.007 0.000 0.001 0.000 0.658 0.021 0.688 OldGC_pause2 127.220929 ]
[127.227s][info][safepoint] Application time: 0.0061407 seconds
[127.228s][info][safepoint] Total time for which application threads were stopped: 0.0001658 seconds, Stopping threads took: 0.0000306 seconds
[127.228s][info][gc       ] [SPS 0.000 0.002 0.000 0.014 0.031 0.001 0.002 0.096 0.023 0.166 OldGC_pause3 127.227237 ]
[127.232s][info][safepoint] Application time: 0.0046828 seconds
[127.232s][info][safepoint] Total time for which application threads were stopped: 0.0001303 seconds, Stopping threads took: 0.0000005 seconds
[127.232s][info][gc       ] [SPS 0.001 0.008 0.005 0.007 0.000 0.001 0.000 0.104 0.018 0.130 NewGC_pause4 127.232049 ]
[127.392s][info][gc       ] [GC NTO Max 416-388 : 5120 4378 3080 5120 - - 1056 56 2 2 - : 1412 1454 30 184 3366 : 1588 3 1776 1776 11 : 328 0 301 0 706 - 0 : 0.002271 3522.8 0.0 0.430177 2487.3 0.0 : 8 --c 0000 : 23 0 0.000 0.000 0 0.000 0.000 0 0.000 0.000 : 126.961152 126.966289 0.000297 127.218089 0.000045 127.219084 0.000053 127.231919 0.000107 : 127.391328 ]
[127.392s][info][gc       ] [SYSINFO 7334 227 63 0 6779 0 30 0 0 5703 : - - - - - - - - : 0 7168 : 2.91 3.03 2.11 : 292739 4277948 : 0 0 : 29 0 : 3877 6 0 261 : - 7413223424 682364928 1202388992 5905219584 238166016 67043328 : 140073237 30148190 742450 0 0 0 : 127.391604 ]
[127.392s][info][gc       ] [HUGEPAGESTAT 0 0 0 - 110774 0 0 : 393216 0 0 : 127.391604 ]
[127.392s][info][gc       ] [OBJCREAT 393165235 25619 20144128 : 127.391658 ]
[127.392s][info][gc       ] [HMSV All : 0 0 120 0 0 0 0 0 : 5000 0 0 0 : 127.391676 ]
[127.392s][info][gc       ] [HMSP 9 : 41100 0 : 127.391676 ]
[127.392s][info][gc       ] [VMAC 65530 166 24 435 625 : 127.392162 ]
[127.392s][info][gc       ] [GPGC-H  3952.6 460.1 0.1 0.0 : 9.8 : 0.410 0.000 : 0.498 0.343 0.636 1.294 : 3.044 0.000 0.845 0.025 1.717 0.399 : 0.000 : 99.704 : 1414 1454 30 0 : 2275 : 4608 4424 : 127.392171 : 9 Next_heuristic_check_may_be_too_late ]
[127.394s][info][safepoint] Application time: 0.1617594 seconds
[127.394s][info][safepoint] Total time for which application threads were stopped: 0.0000870 seconds, Stopping threads took: 0.0000005 seconds
[127.394s][info][gc       ] [SPS 0.000 0.003 0.006 0.007 0.001 0.001 0.000 0.060 0.018 0.087 OldGC_pause4 127.393896 ]
[127.396s][info][gc       ] [GC Old Max 417-29 : 5120 4378 3092 5120 - - 1056 56 2 2 - : 1426 1450 32 184 1500 : 1466 23 3 3 0 : 0 10 328 2 686 - 55 : 1.795994 326.3 0.0 0.432791 1515.7 0.0 : 4 --c 0000 : 23   -    -    -    -    -    -    -    -    -  : 126.962992 126.966289 0.000297 127.220241 0.000655 127.227071 0.000134 127.393809 0.000063 : 127.395783 ]
[127.396s][info][gc       ] [SYSINFO 7334 227 63 0 6779 0 30 0 0 5703 : - - - - - - - - : 0 7168 : 2.91 3.03 2.11 : 292739 4277948 : 0 0 : 29 0 : 3877 2 0 261 : - 7413223424 682364928 1202388992 5905219584 238166016 67043328 : 140073237 30148200 742450 0 0 0 : 127.395994 ]
[127.396s][info][gc       ] [HUGEPAGESTAT 0 0 0 - 110774 0 0 : 393216 0 0 : 127.395994 ]
[127.396s][info][gc       ] [OBJCREAT 393179111 25619 20144128 : 127.396038 ]
[127.396s][info][gc       ] [HMSV All : 0 0 120 0 0 0 0 0 : 5000 0 0 0 : 127.396060 ]
[127.396s][info][gc       ] [HMSP 9 : 41100 0 : 127.396060 ]
[127.396s][info][gc       ] [COMPSTATS 1 : 5 0 : 2 0 : 0 0 : 527 5 0 0 0 0 : 0 0 0 0 0 0 : 145 146 12 : 532 0 0 0 0 0 0 : 532 0 0 0 0 0 0 ]
[127.396s][info][gc       ] [COMPSTATS 2 : 5 0 : 1 0 : 0 0 : 132 11 0 0 0 0 : 0 0 0 0 0 0 : 52677 52713 7789 : 77 42 24 0 0 0 0 : 39 84 14 5 1 0 0 ]
[127.396s][info][gc       ] [DEOPTSTATS 1 : 0 0 : 0 0 : 0 0 : 0 0 : 0 11 : 0 0 : 0 0 : 0 0 : 0 0 : 0 0 : 0 0 : 0 0 : 0 0 : 0 0 : 0 0 : 0 0 : 0 0 : 0 0 : 0 0 : 0 0 : 0 0 : 0 0 : 0 0 : 0 0 : 0 0 : 0 0 : 0 0 : 0 0 : 0 0 : 0 0 : 6 0 : 0 0 : 0 0 : 0 0 : 0 0 : 0 0 : 0 0 : 0 0 : 0 0 : 0 0 : 0 0 : 0 0 ]
[127.396s][info][gc       ] [DEOPTSTATS 2 : 0 0 : 0 0 : 0 0 : 0 0 : 0 0 : 0 0 : 0 15 : 0 0 : 0 0 : 0 0 : 0 0 : 0 0 : 0 0 : 0 0 : 0 0 : 0 0 : 0 0 : 0 0 : 0 0 : 0 0 : 0 0 : 0 0 : 0 0 : 0 0 : 0 0 : 0 0 : 0 0 : 0 0 : 0 0 : 0 0 : 4 0 : 0 0 : 0 0 : 0 0 : 0 1 : 0 0 : 0 0 : 0 0 : 0 0 : 0 3 : 0 0 : 0 0 ]
[127.397s][info][gc       ] [VMAC 65530 166 24 435 625 : 127.396552 ]
[127.397s][info][gc       ] [CCF 0 0 0 0 33 230912: 3088896 : 380 196608 : 3 49152 : 317 311808 :  521 645120 : 121 422400 : 0 0 : 15 1228800 : 1 2048]
[127.400s][info][safepoint] Application time: 0.0057989 seconds
[127.400s][info][safepoint] Total time for which application threads were stopped: 0.0001211 seconds, Stopping threads took: 0.0000005 seconds
[127.400s][info][gc       ] [SPS 0.000 0.002 0.002 0.007 0.000 0.001 0.000 0.097 0.016 0.121 NewGC_pause1 127.399816 ]
[127.559s][info][safepoint] Application time: 0.1592356 seconds
[127.560s][info][safepoint] Total time for which application threads were stopped: 0.0000737 seconds, Stopping threads took: 0.0000005 seconds
[127.560s][info][gc       ] [SPS 0.000 0.001 0.000 0.007 0.000 0.001 0.000 0.047 0.018 0.074 NewGC_pause2 127.559125 ]
[127.560s][info][safepoint] Application time: 0.0012937 seconds
[127.561s][info][safepoint] Total time for which application threads were stopped: 0.0000672 seconds, Stopping threads took: 0.0000005 seconds
[127.561s][info][gc       ] [SPS 0.000 0.000 0.000 0.007 0.000 0.001 0.000 0.043 0.016 0.067 NewGC_pause3 127.560486 ]
[127.575s][info][safepoint] Application time: 0.0141673 seconds
[127.575s][info][safepoint] Total time for which application threads were stopped: 0.0000822 seconds, Stopping threads took: 0.0000005 seconds
[127.576s][info][gc       ] [SPS 0.000 0.005 0.009 0.008 0.000 0.001 0.000 0.052 0.021 0.082 NewGC_pause4 127.574736 ]
[127.658s][info][gc       ] [GC New Max 418-389 : 5120 3572 2710 5120 - - 1056 56 2 2 - : 728 1766 32 184 1906 : 807 2 1098 1098 0 : 158 0 234 0 364 - 0 : 0.006558 3049.5 0.0 0.259781 2686.9 0.0 : 8 --c 0000 : 23 0 0.000 0.000 0 0.000 0.000 0 0.000 0.000 : 127.397887 127.399694 0.000100 127.559052 0.000048 127.560419 0.000045 127.574654 0.000055 : 127.657668 ]
[127.658s][info][gc       ] [SYSINFO 7334 227 63 0 6779 0 30 0 0 5703 : - - - - - - - - : 0 7168 : 2.91 3.03 2.11 : 292739 4277948 : 0 0 : 29 0 : 3877 2 0 261 : - 7413223424 682364928 1202388992 5905219584 238166016 67043328 : 140073237 30150400 742540 0 0 0 : 127.657943 ]
[127.658s][info][gc       ] [HUGEPAGESTAT 0 0 0 - 110774 0 0 : 393216 0 0 : 127.657943 ]
[127.658s][info][gc       ] [OBJCREAT 393877425 25619 20424704 : 127.657996 ]
[127.658s][info][gc       ] [HMSV All : 0 0 120 0 0 0 0 0 : 5000 0 0 0 : 127.658013 ]
[127.658s][info][gc       ] [HMSP 9 : 41100 0 : 127.658013 ]
[127.659s][info][gc       ] [VMAC 65530 166 24 435 625 : 127.658555 ]
[127.794s][info][gc       ] [GPGC-H  3952.6 460.1 0.1 0.0 : 9.8 : 0.409 0.433 : 0.503 0.346 0.636 1.294 : 3.042 0.844 0.845 0.025 1.717 0.399 : 0.000 : 99.786 : 1224 1766 32 0 : 2275 : 4608 4424 : 127.794345 : 9 Next_heuristic_check_may_be_too_late ]
[127.798s][info][safepoint] Application time: 0.2224722 seconds
[127.798s][info][safepoint] Total time for which application threads were stopped: 0.0003056 seconds, Stopping threads took: 0.0000008 seconds
[127.798s][info][gc       ] [SPS 0.000 0.004 0.003 0.010 0.001 0.001 0.001 0.257 0.036 0.306 NewGC_pause1 127.797514 ]
[127.899s][info][safepoint] Application time: 0.1009083 seconds
[127.899s][info][safepoint] Total time for which application threads were stopped: 0.0001515 seconds, Stopping threads took: 0.0000004 seconds
[127.900s][info][gc       ] [SPS 0.000 0.001 0.000 0.006 0.000 0.001 0.000 0.126 0.019 0.152 NewGC_pause2 127.898574 ]
[127.901s][info][safepoint] Application time: 0.0020407 seconds
[127.901s][info][safepoint] Total time for which application threads were stopped: 0.0001302 seconds, Stopping threads took: 0.0000004 seconds
[127.901s][info][gc       ] [SPS 0.000 0.000 0.000 0.005 0.000 0.001 0.000 0.093 0.030 0.131 NewGC_pause3 127.900745 ]
[127.904s][info][safepoint] Application time: 0.0035596 seconds
[127.905s][info][safepoint] Total time for which application threads were stopped: 0.0000689 seconds, Stopping threads took: 0.0000004 seconds
[127.905s][info][gc       ] [SPS 0.000 0.004 0.009 0.007 0.000 0.001 0.000 0.043 0.017 0.069 NewGC_pause4 127.904374 ]
[127.921s][info][gc       ] [GC New Max 419-390 : 5120 3446 2300 5120 - - 1056 56 2 2 - : 282 1802 32 184 1464 : 267 4 1195 1195 0 : 18 1 116 0 141 - 0 : 0.137438 3638.0 0.0 0.125494 2263.1 0.0 : 8 --c 0000 : 23 0 0.000 0.000 0 0.000 0.000 0 0.000 0.000 : 127.795106 127.797208 0.000213 127.898422 0.000085 127.900615 0.000042 127.904305 0.000048 : 127.920600 ]
[127.921s][info][gc       ] [SYSINFO 7334 227 63 0 6779 0 30 0 0 5703 : - - - - - - - - : 0 7168 : 2.91 3.03 2.11 : 292739 4277960 : 0 0 : 29 0 : 3877 2 0 261 : - 7413223424 682364928 1202388992 5905219584 238166016 67043328 : 140073237 30151500 742590 0 0 0 : 127.920880 ]
[127.921s][info][gc       ] [HUGEPAGESTAT 0 0 0 - 110774 0 0 : 393216 0 0 : 127.920880 ]
[127.921s][info][gc       ] [OBJCREAT 394651506 25619 20461568 : 127.920938 ]
[127.921s][info][gc       ] [HMSV All : 0 0 120 0 0 0 0 0 : 5000 0 0 0 : 127.920959 ]
[127.921s][info][gc       ] [HMSP 9 : 41100 0 : 127.920959 ]
[127.922s][info][gc       ] [VMAC 65530 166 24 435 625 : 127.921533 ]
[128.081s][info][gc       ] [GPGC-H  3952.6 460.1 0.1 0.0 : 9.8 : 0.408 0.433 : 0.508 0.346 0.636 1.294 : 3.038 0.844 0.845 0.025 1.717 0.399 : 0.000 : 99.628 : 860 1802 32 0 : 2275 : 4608 4424 : 128.081091 : 9 Next_heuristic_check_may_be_too_late ]
[128.084s][info][safepoint] Application time: 0.1791532 seconds
[128.084s][info][safepoint] Total time for which application threads were stopped: 0.0003476 seconds, Stopping threads took: 0.0000004 seconds
[128.085s][info][gc       ] [SPS 0.000 0.003 0.004 0.006 0.000 0.001 0.000 0.298 0.042 0.348 NewGC_pause1 128.083875 ]
[128.144s][info][safepoint] Application time: 0.0598780 seconds
[128.144s][info][safepoint] Total time for which application threads were stopped: 0.0001514 seconds, Stopping threads took: 0.0000004 seconds
[128.145s][info][gc       ] [SPS 0.000 0.001 0.000 0.006 0.000 0.001 0.000 0.124 0.021 0.152 NewGC_pause2 128.143904 ]
[128.146s][info][safepoint] Application time: 0.0021929 seconds
[128.146s][info][safepoint] Total time for which application threads were stopped: 0.0000547 seconds, Stopping threads took: 0.0000004 seconds
[128.147s][info][gc       ] [SPS 0.000 0.001 0.000 0.006 0.000 0.001 0.000 0.034 0.013 0.055 NewGC_pause3 128.146152 ]
[128.147s][info][safepoint] Application time: 0.0012308 seconds
[128.148s][info][safepoint] Total time for which application threads were stopped: 0.0000606 seconds, Stopping threads took: 0.0000005 seconds
[128.148s][info][gc       ] [SPS 0.000 0.002 0.002 0.006 0.000 0.001 0.000 0.039 0.014 0.060 NewGC_pause4 128.147443 ]
[128.148s][info][gc       ] [GC New Max 420-391 : 5120 3078 2218 5120 - - 1056 56 2 2 - : 200 1802 32 184 1060 : 194 4 865 865 0 : 0 1 97 0 100 - 0 : 0.161093 3600.4 0.0 0.066084 3056.7 0.0 : 8 --c 0000 : 23 0 0.000 0.000 0 0.000 0.000 0 0.000 0.000 : 128.081693 128.083527 0.000257 128.143753 0.000086 128.146097 0.000038 128.147383 0.000043 : 128.147778 ]
[128.148s][info][gc       ] [SYSINFO 7334 227 63 0 6779 0 30 0 0 5703 : - - - - - - - - : 0 7168 : 2.91 3.03 2.11 : 292739 4277960 : 0 0 : 29 0 : 3877 2 0 261 : - 7413223424 682364928 1202388992 5905219584 238166016 67043328 : 140073237 30152130 742640 0 0 0 : 128.147993 ]
[128.148s][info][gc       ] [HUGEPAGESTAT 0 0 0 - 110774 0 0 : 393216 0 0 : 128.147993 ]
[128.148s][info][gc       ] [OBJCREAT 395426373 25619 20461568 : 128.148034 ]
[128.148s][info][gc       ] [HMSV All : 0 0 120 0 0 0 0 0 : 5000 0 0 0 : 128.148050 ]
[128.148s][info][gc       ] [HMSP 9 : 41100 0 : 128.148050 ]
[128.148s][info][gc       ] [VMAC 65530 166 24 435 625 : 128.148475 ]
[128.333s][info][gc       ] [GPGC-H  3952.6 460.1 0.1 0.0 : 9.8 : 0.407 0.433 : 0.513 0.346 0.636 1.294 : 3.035 0.844 0.845 0.025 1.717 0.399 : 0.000 : 99.443 : 878 1802 32 0 : 2275 : 4608 4424 : 128.333217 : 9 Next_heuristic_check_may_be_too_late ]
[128.336s][info][safepoint] Application time: 0.1884570 seconds
[128.337s][info][safepoint] Total time for which application threads were stopped: 0.0003110 seconds, Stopping threads took: 0.0000004 seconds
[128.337s][info][gc       ] [SPS 0.000 0.003 0.002 0.006 0.000 0.001 0.000 0.284 0.020 0.311 NewGC_pause1 128.336212 ]
[128.386s][info][safepoint] Application time: 0.0496230 seconds
[128.387s][info][safepoint] Total time for which application threads were stopped: 0.0001596 seconds, Stopping threads took: 0.0000004 seconds
[128.387s][info][gc       ] [SPS 0.000 0.001 0.000 0.005 0.000 0.001 0.000 0.134 0.019 0.160 NewGC_pause2 128.385994 ]
[128.388s][info][safepoint] Application time: 0.0019053 seconds
[128.388s][info][safepoint] Total time for which application threads were stopped: 0.0000548 seconds, Stopping threads took: 0.0000004 seconds
[128.388s][info][gc       ] [SPS 0.000 0.000 0.000 0.006 0.000 0.001 0.000 0.034 0.013 0.055 NewGC_pause3 128.387954 ]
[128.389s][info][safepoint] Application time: 0.0011736 seconds
[128.389s][info][safepoint] Total time for which application threads were stopped: 0.0000668 seconds, Stopping threads took: 0.0000004 seconds
[128.389s][info][gc       ] [SPS 0.000 0.002 0.002 0.006 0.000 0.001 0.000 0.044 0.016 0.067 NewGC_pause4 128.389195 ]
[128.390s][info][gc       ] [GC New Max 421-392 : 5120 3038 2158 5120 - - 1056 56 2 2 - : 140 1802 32 184 1020 : 136 4 885 885 0 : 0 1 68 0 70 - 0 : 0.186068 3654.6 0.0 0.055696 2585.5 0.0 : 8 --c 0000 : 23 0 0.000 0.000 0 0.000 0.000 0 0.000 0.000 : 128.333845 128.335901 0.000247 128.385835 0.000096 128.387900 0.000037 128.389128 0.000042 : 128.389541 ]
[128.390s][info][gc       ] [SYSINFO 7334 227 63 0 6779 0 30 0 0 5703 : - - - - - - - - : 0 7168 : 2.91 3.03 2.11 : 292739 4277960 : 0 0 : 29 0 : 3877 2 0 261 : - 7413223424 682364928 1202388992 5905219584 238166016 67043328 : 140073237 30152620 742660 0 0 0 : 128.389744 ]
[128.390s][info][gc       ] [HUGEPAGESTAT 0 0 0 - 110774 0 0 : 393216 0 0 : 128.389744 ]
[128.390s][info][gc       ] [OBJCREAT 396242979 25619 20461568 : 128.389783 ]
[128.390s][info][gc       ] [HMSV All : 0 0 120 0 0 0 0 0 : 5000 0 0 0 : 128.389797 ]
[128.390s][info][gc       ] [HMSP 9 : 41100 0 : 128.389797 ]
[128.390s][info][gc       ] [VMAC 65530 166 24 435 625 : 128.390191 ]
[128.574s][info][gc       ] [GPGC-H  3952.6 460.1 0.1 0.0 : 9.8 : 0.406 0.433 : 0.517 0.346 0.636 1.294 : 3.030 0.844 0.845 0.025 1.717 0.399 : 0.000 : 99.230 : 828 1802 32 0 : 2275 : 4608 4424 : 128.574147 : 9 Next_heuristic_check_may_be_too_late ]
[128.577s][info][safepoint] Application time: 0.1875806 seconds
[128.578s][info][safepoint] Total time for which application threads were stopped: 0.0004795 seconds, Stopping threads took: 0.0000004 seconds
[128.578s][info][gc       ] [SPS 0.000 0.003 0.003 0.007 0.000 0.001 0.000 0.430 0.041 0.480 NewGC_pause1 128.577256 ]
[128.629s][info][safepoint] Application time: 0.0515997 seconds
[128.630s][info][safepoint] Total time for which application threads were stopped: 0.0001604 seconds, Stopping threads took: 0.0000004 seconds
[128.630s][info][gc       ] [SPS 0.000 0.001 0.000 0.006 0.000 0.001 0.000 0.130 0.022 0.160 NewGC_pause2 128.629016 ]
[128.632s][info][safepoint] Application time: 0.0025105 seconds
[128.632s][info][safepoint] Total time for which application threads were stopped: 0.0000744 seconds, Stopping threads took: 0.0000004 seconds
[128.632s][info][gc       ] [SPS 0.000 0.001 0.000 0.006 0.000 0.001 0.000 0.048 0.019 0.075 NewGC_pause3 128.631601 ]
[128.633s][info][safepoint] Application time: 0.0010824 seconds
[128.633s][info][safepoint] Total time for which application threads were stopped: 0.0000636 seconds, Stopping threads took: 0.0000005 seconds
[128.633s][info][gc       ] [SPS 0.000 0.002 0.002 0.006 0.000 0.001 0.000 0.041 0.014 0.063 NewGC_pause4 128.632747 ]
[128.633s][info][gc       ] [GC New Max 422-393 : 5120 3030 2198 5120 - - 1056 56 2 2 - : 180 1802 32 184 1012 : 176 4 835 835 0 : 0 1 88 0 90 - 0 : 0.185178 3726.1 0.0 0.058532 3143.6 0.0 : 8 --c 0000 : 23 0 0.000 0.000 0 0.000 0.000 0 0.000 0.000 : 128.574719 128.576776 0.000307 128.628855 0.000096 128.631526 0.000044 128.632683 0.000045 : 128.633251 ]
[128.634s][info][gc       ] [SYSINFO 7334 227 63 0 6779 0 30 0 0 5703 : - - - - - - - - : 0 7168 : 2.91 3.03 2.11 : 292739 4277960 : 0 0 : 29 0 : 3877 2 0 261 : - 7413223424 682364928 1202388992 5905219584 238166016 67043328 : 140073237 30153180 742680 0 0 0 : 128.633471 ]
[128.634s][info][gc       ] [HUGEPAGESTAT 0 0 0 - 110774 0 0 : 393216 0 0 : 128.633471 ]
[128.634s][info][gc       ] [OBJCREAT 397110548 25619 20461568 : 128.633516 ]
[128.634s][info][gc       ] [HMSV All : 0 0 120 0 0 0 0 0 : 5000 0 0 0 : 128.633532 ]
[128.634s][info][gc       ] [HMSP 9 : 41100 0 : 128.633532 ]
[128.634s][info][gc       ] [VMAC 65530 166 24 435 625 : 128.634207 ]
[128.794s][info][gc       ] [GPGC-H  3952.6 460.1 0.1 0.0 : 9.8 : 0.405 0.433 : 0.522 0.346 0.636 1.294 : 3.023 0.844 0.845 0.025 1.717 0.399 : 0.000 : 99.018 : 852 1802 32 0 : 2275 : 4608 4424 : 128.794100 : 9 Next_heuristic_check_may_be_too_late ]
[128.797s][info][safepoint] Application time: 0.1638206 seconds
[128.797s][info][safepoint] Total time for which application threads were stopped: 0.0003195 seconds, Stopping threads took: 0.0000007 seconds
[128.798s][info][gc       ] [SPS 0.000 0.004 0.003 0.010 0.001 0.001 0.001 0.273 0.034 0.320 NewGC_pause1 128.796887 ]
[128.848s][info][safepoint] Application time: 0.0508747 seconds
[128.849s][info][safepoint] Total time for which application threads were stopped: 0.0001795 seconds, Stopping threads took: 0.0000004 seconds
[128.849s][info][gc       ] [SPS 0.000 0.001 0.000 0.006 0.000 0.001 0.000 0.152 0.020 0.180 NewGC_pause2 128.847942 ]
[128.850s][info][safepoint] Application time: 0.0018839 seconds
[128.850s][info][safepoint] Total time for which application threads were stopped: 0.0000549 seconds, Stopping threads took: 0.0000005 seconds
[128.850s][info][gc       ] [SPS 0.000 0.000 0.000 0.006 0.000 0.001 0.000 0.035 0.013 0.055 NewGC_pause3 128.849880 ]
[128.851s][info][safepoint] Application time: 0.0010291 seconds
[128.851s][info][safepoint] Total time for which application threads were stopped: 0.0000708 seconds, Stopping threads took: 0.0000005 seconds
[128.851s][info][gc       ] [SPS 0.000 0.002 0.002 0.006 0.000 0.001 0.000 0.050 0.013 0.071 NewGC_pause4 128.850980 ]
[128.852s][info][gc       ] [GC New Max 423-394 : 5120 3058 2202 5120 - - 1056 56 2 2 - : 184 1802 32 184 1040 : 180 4 859 859 0 : 0 1 90 0 92 - 0 : 0.161419 4175.5 0.0 0.056678 3317.0 0.0 : 8 --c 0000 : 23 0 0.000 0.000 0 0.000 0.000 0 0.000 0.000 : 128.794670 128.796567 0.000217 128.847762 0.000088 128.849825 0.000038 128.850909 0.000053 : 128.851347 ]
[128.852s][info][gc       ] [SYSINFO 7334 227 63 0 6779 0 30 0 0 5703 : - - - - - - - - : 0 7168 : 2.76 2.99 2.10 : 292739 4277960 : 0 0 : 29 0 : 3877 2 0 261 : - 7413223424 682364928 1202388992 5905219584 238166016 67043328 : 140073237 30153710 742730 0 0 0 : 128.851566 ]
[128.852s][info][gc       ] [HUGEPAGESTAT 0 0 0 - 110774 0 0 : 393216 0 0 : 128.851566 ]
[128.852s][info][gc       ] [OBJCREAT 397962575 25619 20461568 : 128.851608 ]
[128.852s][info][gc       ] [HMSV All : 0 0 120 0 0 0 0 0 : 5000 0 0 0 : 128.851623 ]
[128.852s][info][gc       ] [HMSP 9 : 41100 0 : 128.851623 ]
[128.852s][info][gc       ] [VMAC 65530 166 24 435 625 : 128.852019 ]
[129.011s][info][gc       ] [GPGC-H  3952.6 481.9 0.1 0.0 : 9.6 : 0.404 0.433 : 0.527 0.346 0.636 1.294 : 3.016 0.844 0.845 0.025 1.717 0.399 : 0.000 : 98.834 : 812 1802 32 0 : 2275 : 4608 4424 : 129.011194 : 9 Next_heuristic_check_may_be_too_late ]
[129.014s][info][safepoint] Application time: 0.1625184 seconds
[129.014s][info][safepoint] Total time for which application threads were stopped: 0.0003208 seconds, Stopping threads took: 0.0000004 seconds
[129.015s][info][gc       ] [SPS 0.000 0.003 0.002 0.006 0.000 0.001 0.000 0.291 0.023 0.321 NewGC_pause1 129.013820 ]
[129.065s][info][safepoint] Application time: 0.0511337 seconds
[129.066s][info][safepoint] Total time for which application threads were stopped: 0.0001552 seconds, Stopping threads took: 0.0000004 seconds
[129.066s][info][gc       ] [SPS 0.000 0.002 0.000 0.006 0.000 0.001 0.000 0.125 0.022 0.155 NewGC_pause2 129.065109 ]
[129.067s][info][safepoint] Application time: 0.0019539 seconds
[129.067s][info][safepoint] Total time for which application threads were stopped: 0.0000604 seconds, Stopping threads took: 0.0000004 seconds
[129.067s][info][gc       ] [SPS 0.000 0.001 0.000 0.006 0.000 0.001 0.000 0.039 0.014 0.060 NewGC_pause3 129.067123 ]
[129.068s][info][safepoint] Application time: 0.0010887 seconds
[129.068s][info][safepoint] Total time for which application threads were stopped: 0.0000671 seconds, Stopping threads took: 0.0000005 seconds
[129.069s][info][gc       ] [SPS 0.000 0.003 0.002 0.006 0.001 0.001 0.000 0.044 0.016 0.067 NewGC_pause4 129.068279 ]
[129.069s][info][gc       ] [GC New Max 424-395 : 5120 3010 2194 5120 - - 1056 56 2 2 - : 176 1802 32 184 992 : 172 4 818 818 0 : 0 1 86 0 88 - 0 : 0.160339 3929.2 0.0 0.056958 3160.2 0.0 : 8 --c 0000 : 23 0 0.000 0.000 0 0.000 0.000 0 0.000 0.000 : 129.011687 129.013499 0.000260 129.064954 0.000091 129.067063 0.000043 129.068212 0.000047 : 129.068645 ]
[129.069s][info][gc       ] [SYSINFO 7334 227 63 0 6779 0 30 0 0 5703 : - - - - - - - - : 0 7168 : 2.76 2.99 2.10 : 292739 4277960 : 0 0 : 29 0 : 3877 2 0 261 : - 7413223424 682364928 1202388992 5905219584 238166016 67043328 : 140073237 30154260 742780 0 0 0 : 129.068875 ]
[129.069s][info][gc       ] [HUGEPAGESTAT 0 0 0 - 110774 0 0 : 393216 0 0 : 129.068875 ]
[129.069s][info][gc       ] [OBJCREAT 398765971 25619 20461568 : 129.068921 ]
[129.069s][info][gc       ] [HMSV All : 0 0 120 0 0 0 0 0 : 5000 0 0 0 : 129.068939 ]
[129.069s][info][gc       ] [HMSP 9 : 41100 0 : 129.068939 ]
[129.069s][info][gc       ] [VMAC 65530 166 24 435 625 : 129.069406 ]
[129.254s][info][gc       ] [GPGC-H  3952.6 481.9 0.1 0.0 : 9.6 : 0.404 0.433 : 0.532 0.346 0.636 1.294 : 3.010 0.844 0.845 0.025 1.717 0.399 : 0.000 : 98.652 : 854 1802 32 0 : 2275 : 4608 4424 : 129.253998 : 9 Next_heuristic_check_may_be_too_late ]
[129.257s][info][safepoint] Application time: 0.1883728 seconds
[129.257s][info][safepoint] Total time for which application threads were stopped: 0.0003311 seconds, Stopping threads took: 0.0000008 seconds
[129.258s][info][gc       ] [SPS 0.000 0.004 0.003 0.009 0.001 0.001 0.001 0.271 0.048 0.331 NewGC_pause1 129.256983 ]
[129.307s][info][safepoint] Application time: 0.0495725 seconds
[129.307s][info][safepoint] Total time for which application threads were stopped: 0.0001848 seconds, Stopping threads took: 0.0000004 seconds
[129.308s][info][gc       ] [SPS 0.000 0.001 0.000 0.006 0.000 0.001 0.000 0.154 0.023 0.185 NewGC_pause2 129.306741 ]
[129.309s][info][safepoint] Application time: 0.0023689 seconds
[129.309s][info][safepoint] Total time for which application threads were stopped: 0.0000672 seconds, Stopping threads took: 0.0000005 seconds
[129.310s][info][gc       ] [SPS 0.000 0.000 0.000 0.006 0.000 0.001 0.000 0.044 0.015 0.067 NewGC_pause3 129.309177 ]
[129.310s][info][safepoint] Application time: 0.0010526 seconds
[129.310s][info][safepoint] Total time for which application threads were stopped: 0.0001221 seconds, Stopping threads took: 0.0000005 seconds
[129.311s][info][gc       ] [SPS 0.000 0.003 0.002 0.006 0.000 0.001 0.000 0.100 0.015 0.122 NewGC_pause4 129.310351 ]
[129.311s][info][gc       ] [GC New Max 425-396 : 5120 3046 2192 5120 - - 1056 56 2 2 - : 174 1802 32 184 1028 : 170 4 859 859 0 : 0 1 85 0 87 - 0 : 0.186031 3655.3 0.0 0.056099 3137.3 0.0 : 8 --c 0000 : 23 0 0.000 0.000 0 0.000 0.000 0 0.000 0.000 : 129.254676 129.256652 0.000226 129.306556 0.000108 129.309110 0.000047 129.310229 0.000105 : 129.310775 ]
[129.311s][info][gc       ] [SYSINFO 7334 227 63 0 6779 0 30 0 0 5703 : - - - - - - - - : 0 7168 : 2.76 2.99 2.10 : 292739 4277960 : 0 0 : 29 0 : 3877 2 0 261 : - 7413223424 682364928 1202388992 5905219584 238166016 67043328 : 140073237 30154810 742790 0 0 0 : 129.311000 ]
[129.311s][info][gc       ] [HUGEPAGESTAT 0 0 0 - 110774 0 0 : 393216 0 0 : 129.311000 ]
[129.311s][info][gc       ] [OBJCREAT 399611879 25619 20461568 : 129.311044 ]
[129.311s][info][gc       ] [HMSV All : 0 0 120 0 0 0 0 0 : 5000 0 0 0 : 129.311059 ]
[129.311s][info][gc       ] [HMSP 9 : 41100 0 : 129.311059 ]
[129.311s][info][gc       ] [VMAC 65530 166 24 435 625 : 129.311480 ]
[129.471s][info][gc       ] [GPGC-H  3937.5 481.9 0.1 0.0 : 9.6 : 0.403 0.433 : 0.537 0.346 0.636 1.294 : 3.002 0.844 0.845 0.025 1.717 0.399 : 0.000 : 98.442 : 796 1802 32 0 : 2275 : 4608 4424 : 129.471221 : 9 Next_heuristic_check_may_be_too_late ]
[129.475s][info][safepoint] Application time: 0.1643791 seconds
[129.475s][info][safepoint] Total time for which application threads were stopped: 0.0003130 seconds, Stopping threads took: 0.0000004 seconds
[129.476s][info][gc       ] [SPS 0.000 0.003 0.002 0.006 0.000 0.001 0.000 0.286 0.020 0.313 NewGC_pause1 129.475044 ]
[129.526s][info][safepoint] Application time: 0.0510428 seconds
[129.527s][info][safepoint] Total time for which application threads were stopped: 0.0001192 seconds, Stopping threads took: 0.0000004 seconds
[129.527s][info][gc       ] [SPS 0.000 0.001 0.000 0.006 0.000 0.001 0.000 0.093 0.019 0.119 NewGC_pause2 129.526206 ]
[129.529s][info][safepoint] Application time: 0.0021671 seconds
[129.529s][info][safepoint] Total time for which application threads were stopped: 0.0001536 seconds, Stopping threads took: 0.0000004 seconds
[129.529s][info][gc       ] [SPS 0.000 0.000 0.000 0.005 0.000 0.001 0.000 0.129 0.019 0.154 NewGC_pause3 129.528527 ]
[129.530s][info][safepoint] Application time: 0.0017753 seconds
[129.531s][info][safepoint] Total time for which application threads were stopped: 0.0000645 seconds, Stopping threads took: 0.0000004 seconds
[129.531s][info][gc       ] [SPS 0.000 0.002 0.002 0.005 0.000 0.001 0.000 0.042 0.016 0.064 NewGC_pause4 129.530367 ]
[129.531s][info][gc       ] [GC New Max 426-397 : 5120 3016 2220 5120 - - 1056 56 2 2 - : 200 1802 32 184 998 : 194 4 805 805 0 : 0 1 97 0 100 - 0 : 0.161543 3875.1 0.0 0.058761 3471.7 0.0 : 8 --c 0000 : 23 0 0.000 0.000 0 0.000 0.000 0 0.000 0.000 : 129.472318 129.474731 0.000253 129.526087 0.000063 129.528373 0.000098 129.530302 0.000045 : 129.531079 ]
[129.531s][info][gc       ] [SYSINFO 7334 227 63 0 6779 0 30 0 0 5703 : - - - - - - - - : 0 7168 : 2.76 2.99 2.10 : 292739 4277960 : 0 0 : 29 0 : 3877 2 0 261 : - 7413223424 682364928 1202388992 5905219584 238166016 67043328 : 140073237 30155290 742800 0 0 0 : 129.531291 ]
[129.531s][info][gc       ] [HUGEPAGESTAT 0 0 0 - 110774 0 0 : 393216 0 0 : 129.531291 ]
[129.531s][info][gc       ] [OBJCREAT 400436221 25619 20461568 : 129.531329 ]
[129.531s][info][gc       ] [HMSV All : 0 0 120 0 0 0 0 0 : 5000 0 0 0 : 129.531344 ]
[129.531s][info][gc       ] [HMSP 9 : 41100 0 : 129.531344 ]
[129.532s][info][gc       ] [VMAC 65530 166 24 435 625 : 129.532047 ]
[129.691s][info][gc       ] [GPGC-H  3937.5 481.9 0.1 0.0 : 9.6 : 0.402 0.433 : 0.541 0.346 0.636 1.294 : 2.995 0.844 0.845 0.025 1.717 0.399 : 0.000 : 98.259 : 884 1802 32 0 : 2275 : 4608 4424 : 129.690998 : 9 Next_heuristic_check_may_be_too_late ]
[129.694s][info][safepoint] Application time: 0.1629391 seconds
[129.694s][info][safepoint] Total time for which application threads were stopped: 0.0003243 seconds, Stopping threads took: 0.0000004 seconds
[129.694s][info][gc       ] [SPS 0.000 0.003 0.002 0.006 0.000 0.001 0.000 0.298 0.018 0.324 NewGC_pause1 129.693630 ]
[129.744s][info][safepoint] Application time: 0.0500014 seconds
[129.744s][info][safepoint] Total time for which application threads were stopped: 0.0001469 seconds, Stopping threads took: 0.0000004 seconds
[129.745s][info][gc       ] [SPS 0.000 0.001 0.000 0.006 0.000 0.001 0.000 0.119 0.020 0.147 NewGC_pause2 129.743779 ]
[129.746s][info][safepoint] Application time: 0.0019769 seconds
[129.746s][info][safepoint] Total time for which application threads were stopped: 0.0000590 seconds, Stopping threads took: 0.0000004 seconds
[129.746s][info][gc       ] [SPS 0.000 0.000 0.000 0.006 0.000 0.001 0.000 0.038 0.014 0.059 NewGC_pause3 129.745815 ]
[129.747s][info][safepoint] Application time: 0.0012177 seconds
[129.747s][info][safepoint] Total time for which application threads were stopped: 0.0000744 seconds, Stopping threads took: 0.0000004 seconds
[129.747s][info][gc       ] [SPS 0.000 0.002 0.002 0.006 0.000 0.001 0.000 0.040 0.028 0.074 NewGC_pause4 129.747107 ]
[129.748s][info][gc       ] [GC New Max 427-398 : 5120 3096 2208 5120 - - 1056 56 2 2 - : 190 1802 32 184 1078 : 186 4 891 891 0 : 0 1 93 0 95 - 0 : 0.160377 4277.4 0.0 0.056012 3463.6 0.0 : 8 --c 0000 : 23 0 0.000 0.000 0 0.000 0.000 0 0.000 0.000 : 129.691456 129.693306 0.000263 129.743632 0.000090 129.745756 0.000041 129.747033 0.000043 : 129.747467 ]
[129.748s][info][gc       ] [SYSINFO 7334 227 63 0 6779 0 30 0 0 5703 : - - - - - - - - : 0 7168 : 2.76 2.99 2.10 : 292739 4277960 : 0 0 : 29 0 : 3877 2 0 261 : - 7413223424 682364928 1202388992 5905219584 238166016 67043328 : 140073237 30155890 742860 0 0 0 : 129.747674 ]
[129.748s][info][gc       ] [HUGEPAGESTAT 0 0 0 - 110774 0 0 : 393216 0 0 : 129.747674 ]
[129.748s][info][gc       ] [OBJCREAT 401307846 25619 20461568 : 129.747715 ]
[129.748s][info][gc       ] [HMSV All : 0 0 120 0 0 0 0 0 : 5000 0 0 0 : 129.747729 ]
[129.748s][info][gc       ] [HMSP 9 : 41100 0 : 129.747729 ]
[129.748s][info][gc       ] [VMAC 65530 166 24 435 625 : 129.748121 ]
[129.910s][info][gc       ] [GPGC-H  3937.5 481.9 0.1 0.0 : 9.6 : 0.401 0.433 : 0.546 0.346 0.636 1.294 : 2.988 0.844 0.845 0.025 1.717 0.399 : 0.000 : 98.078 : 840 1802 32 0 : 2275 : 4608 4424 : 129.909639 : 9 Next_heuristic_check_may_be_too_late ]
[129.912s][info][safepoint] Application time: 0.1649317 seconds
[129.913s][info][safepoint] Total time for which application threads were stopped: 0.0002710 seconds, Stopping threads took: 0.0000005 seconds
[129.913s][info][gc       ] [SPS 0.000 0.003 0.002 0.006 0.000 0.001 0.000 0.243 0.023 0.274 NewGC_pause1 129.912313 ]
[129.961s][info][safepoint] Application time: 0.0487648 seconds
[129.962s][info][safepoint] Total time for which application threads were stopped: 0.0001490 seconds, Stopping threads took: 0.0000004 seconds
[129.962s][info][gc       ] [SPS 0.000 0.001 0.000 0.005 0.000 0.001 0.000 0.123 0.019 0.149 NewGC_pause2 129.961224 ]
[129.963s][info][safepoint] Application time: 0.0020030 seconds
[129.963s][info][safepoint] Total time for which application threads were stopped: 0.0000526 seconds, Stopping threads took: 0.0000004 seconds
[129.964s][info][gc       ] [SPS 0.000 0.000 0.000 0.006 0.000 0.001 0.000 0.034 0.012 0.053 NewGC_pause3 129.963280 ]
[129.965s][info][safepoint] Application time: 0.0011604 seconds
[129.965s][info][safepoint] Total time for which application threads were stopped: 0.0000626 seconds, Stopping threads took: 0.0000004 seconds
[129.965s][info][gc       ] [SPS 0.000 0.002 0.002 0.005 0.000 0.001 0.000 0.044 0.012 0.063 NewGC_pause4 129.964503 ]
[129.965s][info][gc       ] [GC New Max 428-399 : 5120 3048 2204 5120 - - 1056 56 2 2 - : 186 1802 32 184 1030 : 182 4 847 847 0 : 0 1 91 0 93 - 0 : 0.162693 4007.5 0.0 0.054662 3475.9 0.0 : 8 --c 0000 : 23 0 0.000 0.000 0 0.000 0.000 0 0.000 0.000 : 129.910161 129.912039 0.000210 129.961075 0.000087 129.963227 0.000037 129.964440 0.000047 : 129.964822 ]
[129.965s][info][gc       ] [SYSINFO 7334 227 63 0 6779 0 30 0 0 5703 : - - - - - - - - : 0 7168 : 2.76 2.99 2.10 : 292739 4277960 : 0 0 : 29 0 : 3877 2 0 261 : - 7413223424 682364928 1202388992 5905219584 238166016 67043328 : 140073237 30156440 742860 0 0 0 : 129.965019 ]
[129.965s][info][gc       ] [HUGEPAGESTAT 0 0 0 - 110774 0 0 : 393216 0 0 : 129.965019 ]
[129.965s][info][gc       ] [OBJCREAT 402142007 25619 20461568 : 129.965059 ]
[129.965s][info][gc       ] [HMSV All : 0 0 120 0 0 0 0 0 : 5000 0 0 0 : 129.965073 ]
[129.965s][info][gc       ] [HMSP 9 : 41100 0 : 129.965073 ]
[129.965s][info][gc       ] [VMAC 65530 166 24 435 625 : 129.965423 ]
[130.121s][info][gc       ] [GPGC-H  3937.5 481.9 0.1 0.0 : 9.6 : 0.400 0.433 : 0.551 0.346 0.636 1.294 : 2.982 0.844 0.845 0.025 1.717 0.399 : 0.000 : 97.895 : 792 1802 32 0 : 2275 : 4608 4424 : 130.121169 : 9 Next_heuristic_check_may_be_too_late ]
[130.124s][info][safepoint] Application time: 0.1589234 seconds
[130.124s][info][safepoint] Total time for which application threads were stopped: 0.0004251 seconds, Stopping threads took: 0.0000019 seconds
[130.125s][info][gc       ] [SPS 0.000 0.002 0.002 0.006 0.002 0.001 0.000 0.396 0.020 0.425 NewGC_pause1 130.123852 ]
[130.174s][info][safepoint] Application time: 0.0495705 seconds
[130.174s][info][safepoint] Total time for which application threads were stopped: 0.0001823 seconds, Stopping threads took: 0.0000004 seconds
[130.175s][info][gc       ] [SPS 0.000 0.001 0.000 0.006 0.000 0.001 0.000 0.149 0.026 0.182 NewGC_pause2 130.173605 ]
[130.176s][info][safepoint] Application time: 0.0020771 seconds
[130.176s][info][safepoint] Total time for which application threads were stopped: 0.0000549 seconds, Stopping threads took: 0.0000004 seconds
[130.177s][info][gc       ] [SPS 0.000 0.000 0.000 0.006 0.000 0.001 0.000 0.034 0.013 0.055 NewGC_pause3 130.175736 ]
[130.177s][info][safepoint] Application time: 0.0011981 seconds
[130.177s][info][safepoint] Total time for which application threads were stopped: 0.0000613 seconds, Stopping threads took: 0.0000004 seconds
[130.177s][info][gc       ] [SPS 0.000 0.002 0.002 0.006 0.000 0.001 0.000 0.040 0.014 0.061 NewGC_pause4 130.176996 ]
[130.178s][info][gc       ] [GC New Max 429-400 : 5120 3004 2212 5120 - - 1056 56 2 2 - : 194 1802 32 184 986 : 186 6 797 797 0 : 0 1 93 0 97 - 0 : 0.156926 3874.4 0.0 0.055695 3519.1 0.0 : 8 --c 0000 : 23 0 0.000 0.000 0 0.000 0.000 0 0.000 0.000 : 130.121749 130.123426 0.000289 130.173422 0.000113 130.175682 0.000037 130.176935 0.000044 : 130.177444 ]
[130.178s][info][gc       ] [SYSINFO 7334 227 63 0 6779 0 30 0 0 5703 : - - - - - - - - : 0 7168 : 2.76 2.99 2.10 : 292739 4277960 : 0 0 : 29 0 : 3877 2 0 261 : - 7413223424 682364928 1202388992 5905219584 238166016 67043328 : 140073237 30157000 742890 0 0 0 : 130.177662 ]
[130.178s][info][gc       ] [HUGEPAGESTAT 0 0 0 - 110774 0 0 : 393216 0 0 : 130.177662 ]
[130.178s][info][gc       ] [OBJCREAT 402934904 25619 20461568 : 130.177705 ]
[130.178s][info][gc       ] [HMSV All : 0 0 120 0 0 0 0 0 : 5000 0 0 0 : 130.177718 ]
[130.178s][info][gc       ] [HMSP 9 : 41100 0 : 130.177718 ]
[130.178s][info][gc       ] [VMAC 65530 166 24 435 625 : 130.178153 ]
[130.340s][info][gc       ] [GPGC-H  3937.5 481.9 0.1 0.0 : 9.6 : 0.399 0.433 : 0.556 0.346 0.636 1.294 : 2.975 0.844 0.845 0.025 1.717 0.399 : 0.000 : 97.720 : 844 1802 32 0 : 2275 : 4608 4424 : 130.339823 : 9 Next_heuristic_check_may_be_too_late ]
[130.343s][info][safepoint] Application time: 0.1653291 seconds
[130.343s][info][safepoint] Total time for which application threads were stopped: 0.0004181 seconds, Stopping threads took: 0.0000008 seconds
[130.343s][info][gc       ] [SPS 0.000 0.004 0.003 0.010 0.001 0.001 0.001 0.370 0.036 0.418 NewGC_pause1 130.342744 ]
[130.393s][info][safepoint] Application time: 0.0504636 seconds
[130.394s][info][safepoint] Total time for which application threads were stopped: 0.0001817 seconds, Stopping threads took: 0.0000004 seconds
[130.394s][info][gc       ] [SPS 0.000 0.001 0.000 0.006 0.000 0.001 0.000 0.151 0.023 0.182 NewGC_pause2 130.393389 ]
[130.396s][info][safepoint] Application time: 0.0023747 seconds
[130.396s][info][safepoint] Total time for which application threads were stopped: 0.0001730 seconds, Stopping threads took: 0.0000004 seconds
[130.396s][info][gc       ] [SPS 0.000 0.001 0.000 0.006 0.000 0.001 0.000 0.144 0.022 0.173 NewGC_pause3 130.395937 ]
[130.397s][info][safepoint] Application time: 0.0010355 seconds
[130.397s][info][safepoint] Total time for which application threads were stopped: 0.0000820 seconds, Stopping threads took: 0.0000005 seconds
[130.397s][info][gc       ] [SPS 0.000 0.003 0.002 0.006 0.000 0.001 0.004 0.053 0.017 0.082 NewGC_pause4 130.397054 ]
[130.398s][info][gc       ] [GC New Max 430-401 : 5120 3004 2156 5120 - - 1056 56 2 2 - : 138 1802 32 184 986 : 136 2 852 852 0 : 0 0 68 0 69 - 0 : 0.162850 4003.7 0.0 0.057183 2518.2 0.0 : 8 --c 0000 : 23 0 0.000 0.000 0 0.000 0.000 0 0.000 0.000 : 130.340294 130.342325 0.000292 130.393207 0.000076 130.395764 0.000056 130.396972 0.000059 : 130.397477 ]
[130.398s][info][gc       ] [SYSINFO 7334 227 63 0 6779 0 30 0 0 5703 : - - - - - - - - : 0 7168 : 2.76 2.99 2.10 : 292739 4277960 : 0 0 : 29 0 : 3877 2 0 261 : - 7413223424 682364928 1202388992 5905219584 238166016 67043328 : 140073237 30157530 742910 0 0 0 : 130.397694 ]
[130.398s][info][gc       ] [HUGEPAGESTAT 0 0 0 - 110774 0 0 : 393216 0 0 : 130.397694 ]
[130.398s][info][gc       ] [OBJCREAT 403722383 25619 20461568 : 130.397741 ]
[130.398s][info][gc       ] [HMSV All : 0 0 120 0 0 0 0 0 : 5000 0 0 0 : 130.397758 ]
[130.398s][info][gc       ] [HMSP 9 : 41100 0 : 130.397758 ]
[130.398s][info][gc       ] [VMAC 65530 166 24 435 625 : 130.398204 ]
[130.560s][info][gc       ] [GPGC-H  3937.5 481.9 0.1 0.0 : 9.6 : 0.398 0.433 : 0.560 0.346 0.636 1.294 : 2.968 0.844 0.845 0.025 1.717 0.399 : 0.000 : 97.537 : 762 1802 32 0 : 2275 : 4608 4424 : 130.560002 : 9 Next_heuristic_check_may_be_too_late ]
[130.562s][info][safepoint] Application time: 0.1650747 seconds
[130.563s][info][safepoint] Total time for which application threads were stopped: 0.0002478 seconds, Stopping threads took: 0.0000004 seconds
[130.563s][info][gc       ] [SPS 0.000 0.003 0.002 0.006 0.000 0.001 0.000 0.226 0.013 0.248 NewGC_pause1 130.562377 ]
[130.612s][info][safepoint] Application time: 0.0498383 seconds
[130.613s][info][safepoint] Total time for which application threads were stopped: 0.0001521 seconds, Stopping threads took: 0.0000004 seconds
[130.614s][info][gc       ] [SPS 0.000 0.001 0.000 0.006 0.000 0.001 0.000 0.122 0.022 0.152 NewGC_pause2 130.612368 ]
[130.615s][info][safepoint] Application time: 0.0023599 seconds
[130.615s][info][safepoint] Total time for which application threads were stopped: 0.0000607 seconds, Stopping threads took: 0.0000004 seconds
[130.615s][info][gc       ] [SPS 0.000 0.000 0.000 0.006 0.000 0.001 0.000 0.038 0.015 0.060 NewGC_pause3 130.614788 ]
[130.616s][info][safepoint] Application time: 0.0010658 seconds
[130.616s][info][safepoint] Total time for which application threads were stopped: 0.0000640 seconds, Stopping threads took: 0.0000005 seconds
[130.616s][info][gc       ] [SPS 0.000 0.002 0.002 0.006 0.000 0.001 0.000 0.042 0.015 0.064 NewGC_pause4 130.615918 ]
[130.617s][info][gc       ] [GC New Max 431-402 : 5120 2962 2200 5120 - - 1056 56 2 2 - : 182 1802 32 184 944 : 178 4 766 766 0 : 0 1 89 0 91 - 0 : 0.163045 3839.4 0.0 0.055758 3300.0 0.0 : 8 --c 0000 : 23 0 0.000 0.000 0 0.000 0.000 0 0.000 0.000 : 130.560522 130.562129 0.000230 130.612215 0.000089 130.614728 0.000041 130.615854 0.000045 : 130.616280 ]
[130.617s][info][gc       ] [SYSINFO 7334 227 63 0 6779 0 30 0 0 5703 : - - - - - - - - : 0 7168 : 2.76 2.99 2.10 : 292739 4277960 : 0 0 : 29 0 : 3877 2 0 261 : - 7413223424 682364928 1202388992 5905219584 238166016 67043328 : 140073237 30158080 742920 0 0 0 : 130.616503 ]
[130.617s][info][gc       ] [HUGEPAGESTAT 0 0 0 - 110774 0 0 : 393216 0 0 : 130.616503 ]
[130.617s][info][gc       ] [OBJCREAT 404524205 25619 20461568 : 130.616546 ]
[130.617s][info][gc       ] [HMSV All : 0 0 120 0 0 0 0 0 : 5000 0 0 0 : 130.616562 ]
[130.617s][info][gc       ] [HMSP 9 : 41100 0 : 130.616562 ]
[130.617s][info][gc       ] [VMAC 65530 166 24 435 625 : 130.616976 ]
[130.779s][info][gc       ] [GPGC-H  3937.5 481.9 0.1 0.0 : 9.6 : 0.397 0.433 : 0.565 0.346 0.636 1.294 : 2.961 0.844 0.845 0.025 1.717 0.399 : 0.000 : 97.356 : 802 1802 32 0 : 2275 : 4608 4424 : 130.778518 : 9 Next_heuristic_check_may_be_too_late ]
[130.781s][info][safepoint] Application time: 0.1650769 seconds
[130.782s][info][safepoint] Total time for which application threads were stopped: 0.0003370 seconds, Stopping threads took: 0.0000005 seconds
[130.782s][info][gc       ] [SPS 0.000 0.003 0.002 0.006 0.000 0.001 0.000 0.306 0.023 0.337 NewGC_pause1 130.781332 ]
[130.830s][info][safepoint] Application time: 0.0480447 seconds
[130.830s][info][safepoint] Total time for which application threads were stopped: 0.0001708 seconds, Stopping threads took: 0.0000005 seconds
[130.831s][info][gc       ] [SPS 0.000 0.001 0.000 0.007 0.000 0.001 0.000 0.139 0.023 0.171 NewGC_pause2 130.829548 ]
[130.832s][info][safepoint] Application time: 0.0023840 seconds
[130.832s][info][safepoint] Total time for which application threads were stopped: 0.0000731 seconds, Stopping threads took: 0.0000005 seconds
[130.833s][info][gc       ] [SPS 0.000 0.001 0.000 0.006 0.000 0.001 0.000 0.048 0.018 0.073 NewGC_pause3 130.832005 ]
[130.833s][info][safepoint] Application time: 0.0010607 seconds
[130.833s][info][safepoint] Total time for which application threads were stopped: 0.0000652 seconds, Stopping threads took: 0.0000005 seconds
[130.833s][info][gc       ] [SPS 0.000 0.003 0.002 0.006 0.000 0.001 0.000 0.043 0.015 0.065 NewGC_pause4 130.833131 ]
[130.834s][info][gc       ] [GC New Max 432-403 : 5120 2960 2154 5120 - - 1056 56 2 2 - : 136 1802 32 184 940 : 132 4 808 808 0 : 0 1 66 0 68 - 0 : 0.162932 3817.5 0.0 0.054243 2581.0 0.0 : 8 --c 0000 : 23 0 0.000 0.000 0 0.000 0.000 0 0.000 0.000 : 130.779213 130.780995 0.000259 130.829377 0.000104 130.831932 0.000043 130.833066 0.000046 : 130.833456 ]
[130.834s][info][gc       ] [SYSINFO 7334 227 63 0 6779 0 30 0 0 5703 : - - - - - - - - : 0 7168 : 2.76 2.99 2.10 : 292739 4277960 : 0 0 : 29 0 : 3877 2 0 261 : - 7413223424 682364928 1202388992 5905219584 238166016 67043328 : 140073237 30158640 742920 0 0 0 : 130.833717 ]
[130.834s][info][gc       ] [HUGEPAGESTAT 0 0 0 - 110774 0 0 : 393216 0 0 : 130.833717 ]
[130.834s][info][gc       ] [OBJCREAT 405277604 25619 20461568 : 130.833763 ]
[130.834s][info][gc       ] [HMSV All : 0 0 120 0 0 0 0 0 : 5000 0 0 0 : 130.833776 ]
[130.834s][info][gc       ] [HMSP 9 : 41100 0 : 130.833776 ]
[130.834s][info][gc       ] [VMAC 65530 166 24 435 625 : 130.834176 ]
[130.994s][info][gc       ] [GPGC-H  3937.5 470.9 0.1 0.0 : 9.4 : 0.397 0.433 : 0.570 0.346 0.636 1.294 : 2.955 0.844 0.845 0.025 1.717 0.399 : 0.000 : 97.174 : 756 1802 32 0 : 2275 : 4608 4424 : 130.994496 : 9 Next_heuristic_check_may_be_too_late ]
[130.997s][info][safepoint] Application time: 0.1638613 seconds
[130.998s][info][safepoint] Total time for which application threads were stopped: 0.0002866 seconds, Stopping threads took: 0.0000004 seconds
[130.998s][info][gc       ] [SPS 0.000 0.003 0.002 0.006 0.000 0.001 0.000 0.244 0.036 0.287 NewGC_pause1 130.997279 ]
[131.049s][info][safepoint] Application time: 0.0512484 seconds
[131.050s][info][safepoint] Total time for which application threads were stopped: 0.0002505 seconds, Stopping threads took: 0.0000005 seconds
[131.050s][info][gc       ] [SPS 0.000 0.001 0.000 0.007 0.000 0.001 0.000 0.196 0.046 0.251 NewGC_pause2 131.048779 ]
[131.051s][info][safepoint] Application time: 0.0026173 seconds
[131.052s][info][safepoint] Total time for which application threads were stopped: 0.0000853 seconds, Stopping threads took: 0.0000005 seconds
[131.052s][info][gc       ] [SPS 0.000 0.001 0.000 0.007 0.000 0.001 0.000 0.055 0.021 0.085 NewGC_pause3 131.051481 ]
[131.053s][info][safepoint] Application time: 0.0010107 seconds
[131.053s][info][safepoint] Total time for which application threads were stopped: 0.0000703 seconds, Stopping threads took: 0.0000005 seconds
[131.053s][info][gc       ] [SPS 0.000 0.003 0.002 0.007 0.000 0.001 0.000 0.047 0.016 0.070 NewGC_pause4 131.052562 ]
[131.053s][info][gc       ] [GC New Max 433-404 : 5120 2914 2152 5120 - - 1056 56 2 2 - : 134 1802 32 184 896 : 132 2 764 764 0 : 0 0 66 0 67 - 0 : 0.161694 3846.8 0.0 0.057799 2422.2 0.0 : 8 --c 0000 : 23 0 0.000 0.000 0 0.000 0.000 0 0.000 0.000 : 130.995149 130.996993 0.000208 131.048528 0.000131 131.051396 0.000050 131.052492 0.000050 : 131.052949 ]
[131.053s][info][gc       ] [SYSINFO 7334 227 63 0 6779 0 30 0 0 5703 : - - - - - - - - : 0 7168 : 2.76 2.99 2.10 : 292739 4277960 : 0 0 : 29 0 : 3877 2 0 261 : - 7413223424 682364928 1202388992 5905219584 238166016 67043328 : 140073237 30159140 742940 0 0 0 : 131.053223 ]
[131.053s][info][gc       ] [HUGEPAGESTAT 0 0 0 - 110774 0 0 : 393216 0 0 : 131.053223 ]
[131.053s][info][gc       ] [OBJCREAT 406033381 25619 20461568 : 131.053273 ]
[131.053s][info][gc       ] [HMSV All : 0 0 120 0 0 0 0 0 : 5000 0 0 0 : 131.053290 ]
[131.053s][info][gc       ] [HMSP 9 : 41100 0 : 131.053290 ]
[131.054s][info][gc       ] [VMAC 65530 166 24 435 625 : 131.053730 ]
[131.234s][info][gc       ] [GPGC-H  3937.5 470.9 0.1 0.0 : 9.4 : 0.396 0.433 : 0.575 0.346 0.636 1.294 : 2.948 0.844 0.845 0.025 1.717 0.399 : 0.000 : 96.995 : 834 1802 32 0 : 2275 : 4608 4424 : 131.234200 : 9 Next_heuristic_check_may_be_too_late ]
[131.237s][info][safepoint] Application time: 0.1840307 seconds
[131.237s][info][safepoint] Total time for which application threads were stopped: 0.0003165 seconds, Stopping threads took: 0.0000004 seconds
[131.238s][info][gc       ] [SPS 0.000 0.003 0.003 0.006 0.000 0.001 0.000 0.256 0.053 0.317 NewGC_pause1 131.236910 ]
[131.285s][info][safepoint] Application time: 0.0477365 seconds
[131.285s][info][safepoint] Total time for which application threads were stopped: 0.0001440 seconds, Stopping threads took: 0.0000004 seconds
[131.286s][info][gc       ] [SPS 0.000 0.001 0.000 0.006 0.000 0.001 0.000 0.116 0.020 0.144 NewGC_pause2 131.284790 ]
[131.287s][info][safepoint] Application time: 0.0018290 seconds
[131.287s][info][safepoint] Total time for which application threads were stopped: 0.0000515 seconds, Stopping threads took: 0.0000004 seconds
[131.287s][info][gc       ] [SPS 0.000 0.000 0.000 0.006 0.000 0.001 0.000 0.033 0.012 0.052 NewGC_pause3 131.286671 ]
[131.288s][info][safepoint] Application time: 0.0011316 seconds
[131.288s][info][safepoint] Total time for which application threads were stopped: 0.0000575 seconds, Stopping threads took: 0.0000004 seconds
[131.288s][info][gc       ] [SPS 0.000 0.002 0.002 0.006 0.000 0.001 0.000 0.038 0.013 0.058 NewGC_pause4 131.287860 ]
[131.289s][info][gc       ] [GC New Max 434-405 : 5120 2994 2158 5120 - - 1056 56 2 2 - : 140 1802 32 184 976 : 134 4 840 840 0 : 0 1 67 0 70 - 0 : 0.181787 3861.7 0.0 0.053617 2685.7 0.0 : 8 --c 0000 : 23 0 0.000 0.000 0 0.000 0.000 0 0.000 0.000 : 131.234736 131.236593 0.000217 131.284647 0.000085 131.286619 0.000036 131.287802 0.000041 : 131.288352 ]
[131.289s][info][gc       ] [SYSINFO 7334 227 63 0 6779 0 30 0 0 5703 : - - - - - - - - : 0 7168 : 2.76 2.99 2.10 : 292739 4277960 : 0 0 : 29 0 : 3877 2 0 261 : - 7413223424 682364928 1202388992 5905219584 238166016 67043328 : 140073237 30159670 742950 0 0 0 : 131.288551 ]
[131.289s][info][gc       ] [HUGEPAGESTAT 0 0 0 - 110774 0 0 : 393216 0 0 : 131.288551 ]
[131.289s][info][gc       ] [OBJCREAT 406868290 25619 20461568 : 131.288591 ]
[131.289s][info][gc       ] [HMSV All : 0 0 120 0 0 0 0 0 : 5000 0 0 0 : 131.288606 ]
[131.289s][info][gc       ] [HMSP 9 : 41100 0 : 131.288606 ]
[131.289s][info][gc       ] [VMAC 65530 166 24 435 625 : 131.288965 ]
[131.451s][info][gc       ] [GPGC-H  3929.6 470.9 0.1 0.0 : 9.4 : 0.395 0.433 : 0.575 0.346 0.636 1.294 : 2.941 0.844 0.845 0.025 1.717 0.399 : 0.000 : 96.793 : 774 1802 32 0 : 2275 : 4608 4424 : 131.450614 : 9 Next_heuristic_check_may_be_too_late ]
[131.453s][info][safepoint] Application time: 0.1651129 seconds
[131.454s][info][safepoint] Total time for which application threads were stopped: 0.0003767 seconds, Stopping threads took: 0.0000004 seconds
[131.454s][info][gc       ] [SPS 0.000 0.003 0.003 0.006 0.000 0.001 0.000 0.329 0.040 0.377 NewGC_pause1 131.453350 ]
[131.503s][info][safepoint] Application time: 0.0496327 seconds
[131.504s][info][safepoint] Total time for which application threads were stopped: 0.0001658 seconds, Stopping threads took: 0.0000004 seconds
[131.504s][info][gc       ] [SPS 0.000 0.001 0.000 0.006 0.000 0.001 0.000 0.140 0.019 0.166 NewGC_pause2 131.503148 ]
[131.505s][info][safepoint] Application time: 0.0020637 seconds
[131.505s][info][safepoint] Total time for which application threads were stopped: 0.0000649 seconds, Stopping threads took: 0.0000004 seconds
[131.506s][info][gc       ] [SPS 0.000 0.000 0.000 0.006 0.000 0.001 0.000 0.042 0.017 0.065 NewGC_pause3 131.505277 ]
[131.507s][info][safepoint] Application time: 0.0012639 seconds
[131.507s][info][safepoint] Total time for which application threads were stopped: 0.0000605 seconds, Stopping threads took: 0.0000004 seconds
[131.507s][info][gc       ] [SPS 0.000 0.002 0.002 0.010 0.000 0.001 0.000 0.037 0.013 0.060 NewGC_pause4 131.506601 ]
[131.507s][info][gc       ] [GC New Max 435-406 : 5120 2984 2206 5120 - - 1056 56 2 2 - : 188 1802 32 184 966 : 184 4 780 780 0 : 0 1 92 0 94 - 0 : 0.162830 3918.2 0.0 0.055794 3405.4 0.0 : 8 --c 0000 : 23 0 0.000 0.000 0 0.000 0.000 0 0.000 0.000 : 131.451182 131.452973 0.000278 131.502983 0.000110 131.505212 0.000038 131.506541 0.000044 : 131.506976 ]
[131.507s][info][gc       ] [SYSINFO 7334 227 63 0 6779 0 30 0 0 5703 : - - - - - - - - : 0 7168 : 2.76 2.99 2.10 : 292739 4277960 : 0 0 : 29 0 : 3877 3 0 261 : - 7413223424 682364928 1202388992 5905219584 238166016 67043328 : 140073237 30160240 742960 0 0 0 : 131.507233 ]
[131.507s][info][gc       ] [HUGEPAGESTAT 0 0 0 - 110774 0 0 : 393216 0 0 : 131.507233 ]
[131.507s][info][gc       ] [OBJCREAT 407689598 25619 20461568 : 131.507272 ]
[131.507s][info][gc       ] [HMSV All : 0 0 120 0 0 0 0 0 : 5000 0 0 0 : 131.507287 ]
[131.507s][info][gc       ] [HMSP 9 : 41100 0 : 131.507287 ]
[131.508s][info][gc       ] [VMAC 65530 166 24 435 625 : 131.507691 ]
[131.668s][info][gc       ] [GPGC-H  3929.6 470.9 0.1 0.0 : 9.4 : 0.394 0.433 : 0.575 0.346 0.636 1.294 : 2.934 0.844 0.845 0.025 1.717 0.399 : 0.000 : 96.613 : 808 1802 32 0 : 2275 : 4608 4424 : 131.667670 : 9 Next_heuristic_check_may_be_too_late ]
[131.671s][info][safepoint] Application time: 0.1637361 seconds
[131.671s][info][safepoint] Total time for which application threads were stopped: 0.0003990 seconds, Stopping threads took: 0.0000008 seconds
[131.671s][info][gc       ] [SPS 0.001 0.003 0.003 0.010 0.001 0.001 0.001 0.334 0.053 0.400 NewGC_pause1 131.670738 ]
[131.719s][info][safepoint] Application time: 0.0484938 seconds
[131.720s][info][safepoint] Total time for which application threads were stopped: 0.0001884 seconds, Stopping threads took: 0.0000004 seconds
[131.721s][info][gc       ] [SPS 0.000 0.001 0.000 0.006 0.000 0.001 0.000 0.159 0.022 0.189 NewGC_pause2 131.719419 ]
[131.722s][info][safepoint] Application time: 0.0024187 seconds
[131.722s][info][safepoint] Total time for which application threads were stopped: 0.0001658 seconds, Stopping threads took: 0.0000004 seconds
[131.723s][info][gc       ] [SPS 0.000 0.000 0.000 0.006 0.000 0.001 0.000 0.125 0.034 0.166 NewGC_pause3 131.722004 ]
[131.723s][info][safepoint] Application time: 0.0012737 seconds
[131.723s][info][safepoint] Total time for which application threads were stopped: 0.0000751 seconds, Stopping threads took: 0.0000004 seconds
[131.724s][info][gc       ] [SPS 0.000 0.002 0.002 0.006 0.000 0.001 0.000 0.053 0.016 0.075 NewGC_pause4 131.723353 ]
[131.724s][info][gc       ] [GC New Max 436-407 : 5120 3012 2202 5120 - - 1056 56 2 2 - : 184 1802 32 184 994 : 180 4 815 815 0 : 0 1 90 0 92 - 0 : 0.161336 3855.3 0.0 0.055388 3394.2 0.0 : 8 --c 0000 : 23 0 0.000 0.000 0 0.000 0.000 0 0.000 0.000 : 131.668312 131.670338 0.000284 131.719231 0.000110 131.721838 0.000042 131.723278 0.000055 : 131.723700 ]
[131.724s][info][gc       ] [SYSINFO 7334 227 63 0 6779 0 30 0 0 5703 : - - - - - - - - : 0 7168 : 2.76 2.99 2.10 : 292739 4277960 : 0 0 : 29 0 : 3877 2 0 261 : - 7413223424 682364928 1202388992 5905219584 238166016 67043328 : 140073237 30160820 742960 0 0 0 : 131.723904 ]
[131.724s][info][gc       ] [HUGEPAGESTAT 0 0 0 - 110774 0 0 : 393216 0 0 : 131.723904 ]
[131.724s][info][gc       ] [OBJCREAT 408491518 25619 20461568 : 131.723945 ]
[131.724s][info][gc       ] [HMSV All : 0 0 120 0 0 0 0 0 : 5000 0 0 0 : 131.723960 ]
[131.724s][info][gc       ] [HMSP 9 : 41100 0 : 131.723960 ]
[131.724s][info][gc       ] [VMAC 65530 166 24 435 625 : 131.724359 ]
[131.884s][info][gc       ] [GPGC-H  3929.6 470.9 0.1 0.0 : 9.4 : 0.393 0.433 : 0.575 0.346 0.636 1.294 : 2.927 0.844 0.845 0.025 1.717 0.399 : 0.000 : 96.436 : 806 1802 32 0 : 2275 : 4608 4424 : 131.884240 : 9 Next_heuristic_check_may_be_too_late ]
[131.887s][info][safepoint] Application time: 0.1632936 seconds
[131.887s][info][safepoint] Total time for which application threads were stopped: 0.0002941 seconds, Stopping threads took: 0.0000004 seconds
[131.888s][info][gc       ] [SPS 0.000 0.003 0.002 0.006 0.000 0.001 0.000 0.252 0.034 0.294 NewGC_pause1 131.886941 ]
[131.938s][info][safepoint] Application time: 0.0505131 seconds
[131.938s][info][safepoint] Total time for which application threads were stopped: 0.0001691 seconds, Stopping threads took: 0.0000004 seconds
[131.939s][info][gc       ] [SPS 0.000 0.001 0.000 0.006 0.000 0.001 0.000 0.141 0.020 0.169 NewGC_pause2 131.937623 ]
[131.940s][info][safepoint] Application time: 0.0019015 seconds
[131.940s][info][safepoint] Total time for which application threads were stopped: 0.0000551 seconds, Stopping threads took: 0.0000004 seconds
[131.940s][info][gc       ] [SPS 0.000 0.000 0.000 0.006 0.000 0.001 0.000 0.034 0.014 0.055 NewGC_pause3 131.939580 ]
[131.941s][info][safepoint] Application time: 0.0011779 seconds
[131.941s][info][safepoint] Total time for which application threads were stopped: 0.0000661 seconds, Stopping threads took: 0.0000005 seconds
[131.941s][info][gc       ] [SPS 0.000 0.002 0.002 0.006 0.000 0.001 0.000 0.045 0.014 0.066 NewGC_pause4 131.940824 ]
[131.941s][info][gc       ] [GC New Max 437-408 : 5120 3004 2196 5120 - - 1056 56 2 2 - : 178 1802 32 184 986 : 174 4 811 811 0 : 0 1 87 0 89 - 0 : 0.161188 3871.3 0.0 0.056280 3198.3 0.0 : 8 --c 0000 : 23 0 0.000 0.000 0 0.000 0.000 0 0.000 0.000 : 131.884888 131.886647 0.000215 131.937454 0.000091 131.939525 0.000037 131.940758 0.000048 : 131.941168 ]
[131.941s][info][gc       ] [SYSINFO 7334 227 63 0 6779 0 30 0 0 5703 : - - - - - - - - : 0 7168 : 2.76 2.99 2.10 : 292739 4277960 : 0 0 : 29 0 : 3877 2 0 261 : - 7413223424 682364928 1202388992 5905219584 238166016 67043328 : 140073237 30161360 742960 0 0 0 : 131.941417 ]
[131.941s][info][gc       ] [HUGEPAGESTAT 0 0 0 - 110774 0 0 : 393216 0 0 : 131.941417 ]
[131.941s][info][gc       ] [OBJCREAT 409288115 25619 20461568 : 131.941460 ]
[131.941s][info][gc       ] [HMSV All : 0 0 120 0 0 0 0 0 : 5000 0 0 0 : 131.941475 ]
[131.941s][info][gc       ] [HMSP 9 : 41100 0 : 131.941475 ]
[131.942s][info][gc       ] [VMAC 65530 166 24 435 625 : 131.941879 ]
[132.101s][info][gc       ] [GPGC-H  3929.6 470.9 0.1 0.0 : 9.4 : 0.392 0.433 : 0.575 0.346 0.636 1.294 : 2.921 0.844 0.845 0.025 1.717 0.399 : 0.000 : 96.259 : 796 1802 32 0 : 2275 : 4608 4424 : 132.101190 : 9 Next_heuristic_check_may_be_too_late ]
[132.104s][info][safepoint] Application time: 0.1627413 seconds
[132.104s][info][safepoint] Total time for which application threads were stopped: 0.0002526 seconds, Stopping threads took: 0.0000004 seconds
[132.104s][info][gc       ] [SPS 0.000 0.003 0.006 0.006 0.000 0.001 0.000 0.209 0.036 0.253 NewGC_pause1 132.103818 ]
[132.156s][info][safepoint] Application time: 0.0520698 seconds
[132.157s][info][safepoint] Total time for which application threads were stopped: 0.0001531 seconds, Stopping threads took: 0.0000004 seconds
[132.157s][info][gc       ] [SPS 0.000 0.001 0.000 0.006 0.000 0.001 0.000 0.124 0.022 0.153 NewGC_pause2 132.156041 ]
[132.159s][info][safepoint] Application time: 0.0024459 seconds
[132.159s][info][safepoint] Total time for which application threads were stopped: 0.0000615 seconds, Stopping threads took: 0.0000004 seconds
[132.159s][info][gc       ] [SPS 0.000 0.000 0.000 0.006 0.000 0.001 0.000 0.040 0.014 0.062 NewGC_pause3 132.158548 ]
[132.160s][info][safepoint] Application time: 0.0010770 seconds
[132.160s][info][safepoint] Total time for which application threads were stopped: 0.0000625 seconds, Stopping threads took: 0.0000005 seconds
[132.160s][info][gc       ] [SPS 0.000 0.002 0.002 0.006 0.000 0.001 0.000 0.041 0.014 0.062 NewGC_pause4 132.159688 ]
[132.160s][info][gc       ] [GC New Max 438-409 : 5120 3004 2208 5120 - - 1056 56 2 2 - : 190 1802 32 184 986 : 184 4 801 801 0 : 0 1 92 0 95 - 0 : 0.160587 3860.8 0.0 0.058334 3291.4 0.0 : 8 --c 0000 : 23 0 0.000 0.000 0 0.000 0.000 0 0.000 0.000 : 132.101755 132.103565 0.000177 132.155888 0.000093 132.158487 0.000043 132.159625 0.000044 : 132.160089 ]
[132.160s][info][gc       ] [SYSINFO 7334 227 63 0 6779 0 30 0 0 5703 : - - - - - - - - : 0 7168 : 2.76 2.99 2.10 : 292739 4277960 : 0 0 : 29 0 : 3877 2 0 261 : - 7413223424 682364928 1202388992 5905219584 238166016 67043328 : 140073237 30161920 742960 0 0 0 : 132.160313 ]
[132.160s][info][gc       ] [HUGEPAGESTAT 0 0 0 - 110774 0 0 : 393216 0 0 : 132.160313 ]
[132.160s][info][gc       ] [OBJCREAT 410090793 25619 20461568 : 132.160355 ]
[132.160s][info][gc       ] [HMSV All : 0 0 120 0 0 0 0 0 : 5000 0 0 0 : 132.160372 ]
[132.160s][info][gc       ] [HMSP 9 : 41100 0 : 132.160372 ]
[132.161s][info][gc       ] [VMAC 65530 166 24 435 625 : 132.160807 ]
[132.320s][info][gc       ] [GPGC-H  3929.6 470.9 0.1 0.0 : 9.4 : 0.391 0.433 : 0.575 0.346 0.636 1.294 : 2.914 0.844 0.845 0.025 1.717 0.399 : 0.000 : 96.083 : 882 1802 32 0 : 2275 : 4608 4424 : 132.320419 : 9 Next_heuristic_check_may_be_too_late ]
[132.324s][info][safepoint] Application time: 0.1637257 seconds
[132.324s][info][safepoint] Total time for which application threads were stopped: 0.0003321 seconds, Stopping threads took: 0.0000007 seconds
[132.325s][info][gc       ] [SPS 0.000 0.004 0.004 0.010 0.001 0.001 0.001 0.286 0.033 0.332 NewGC_pause1 132.323746 ]
[132.374s][info][safepoint] Application time: 0.0501067 seconds
[132.375s][info][safepoint] Total time for which application threads were stopped: 0.0001905 seconds, Stopping threads took: 0.0000004 seconds
[132.375s][info][gc       ] [SPS 0.000 0.001 0.000 0.006 0.000 0.001 0.000 0.161 0.022 0.191 NewGC_pause2 132.374044 ]
[132.376s][info][safepoint] Application time: 0.0021282 seconds
[132.376s][info][safepoint] Total time for which application threads were stopped: 0.0000594 seconds, Stopping threads took: 0.0000005 seconds
[132.377s][info][gc       ] [SPS 0.000 0.000 0.000 0.006 0.000 0.001 0.000 0.039 0.013 0.059 NewGC_pause3 132.376231 ]
[132.377s][info][safepoint] Application time: 0.0010514 seconds
[132.377s][info][safepoint] Total time for which application threads were stopped: 0.0000651 seconds, Stopping threads took: 0.0000004 seconds
[132.378s][info][gc       ] [SPS 0.000 0.002 0.002 0.006 0.000 0.001 0.000 0.041 0.017 0.065 NewGC_pause4 132.377348 ]
[132.378s][info][gc       ] [GC New Max 439-410 : 5120 3098 2208 5120 - - 1056 56 2 2 - : 190 1802 32 184 1080 : 186 4 892 892 0 : 0 1 93 0 95 - 0 : 0.160845 4327.1 0.0 0.056709 3456.2 0.0 : 8 --c 0000 : 23 0 0.000 0.000 0 0.000 0.000 0 0.000 0.000 : 132.320934 132.323414 0.000219 132.373853 0.000119 132.376172 0.000042 132.377283 0.000044 : 132.377643 ]
[132.378s][info][gc       ] [SYSINFO 7334 227 63 0 6779 0 30 0 0 5703 : - - - - - - - - : 0 7168 : 2.76 2.99 2.10 : 292739 4277960 : 0 0 : 29 0 : 3877 2 0 261 : - 7413223424 682364928 1202388992 5905219584 238166016 67043328 : 140073237 30162490 742960 0 0 0 : 132.377853 ]
[132.378s][info][gc       ] [HUGEPAGESTAT 0 0 0 - 110774 0 0 : 393216 0 0 : 132.377853 ]
[132.378s][info][gc       ] [OBJCREAT 410972988 25619 20461568 : 132.377894 ]
[132.378s][info][gc       ] [HMSV All : 0 0 120 0 0 0 0 0 : 5000 0 0 0 : 132.377912 ]
[132.378s][info][gc       ] [HMSP 9 : 41100 0 : 132.377912 ]
[132.378s][info][gc       ] [VMAC 65530 166 24 435 625 : 132.378319 ]
[132.539s][info][gc       ] [GPGC-H  3929.6 470.9 0.1 0.0 : 9.4 : 0.391 0.433 : 0.575 0.346 0.636 1.294 : 2.908 0.844 0.845 0.025 1.717 0.399 : 0.000 : 95.907 : 856 1802 32 0 : 2275 : 4608 4424 : 132.538704 : 9 Next_heuristic_check_may_be_too_late ]
[132.542s][info][safepoint] Application time: 0.1642297 seconds
[132.542s][info][safepoint] Total time for which application threads were stopped: 0.0004042 seconds, Stopping threads took: 0.0000008 seconds
[132.543s][info][gc       ] [SPS 0.000 0.004 0.004 0.010 0.001 0.001 0.001 0.359 0.032 0.404 NewGC_pause1 132.541982 ]
[132.594s][info][safepoint] Application time: 0.0518869 seconds
[132.595s][info][safepoint] Total time for which application threads were stopped: 0.0001950 seconds, Stopping threads took: 0.0000004 seconds
[132.595s][info][gc       ] [SPS 0.000 0.001 0.000 0.006 0.000 0.001 0.000 0.157 0.030 0.195 NewGC_pause2 132.594064 ]
[132.597s][info][safepoint] Application time: 0.0025102 seconds
[132.597s][info][safepoint] Total time for which application threads were stopped: 0.0001315 seconds, Stopping threads took: 0.0000004 seconds
[132.597s][info][gc       ] [SPS 0.000 0.000 0.000 0.006 0.000 0.001 0.000 0.111 0.014 0.131 NewGC_pause3 132.596706 ]
[132.598s][info][safepoint] Application time: 0.0011684 seconds
[132.598s][info][safepoint] Total time for which application threads were stopped: 0.0000611 seconds, Stopping threads took: 0.0000004 seconds
[132.598s][info][gc       ] [SPS 0.000 0.002 0.008 0.006 0.000 0.001 0.000 0.041 0.013 0.061 NewGC_pause4 132.597935 ]
[132.599s][info][gc       ] [GC New Max 440-411 : 5120 3074 2212 5120 - - 1056 56 2 2 - : 194 1802 32 184 1054 : 192 2 864 864 0 : 0 0 96 0 97 - 0 : 0.161582 4134.1 0.0 0.059069 3385.9 0.0 : 8 --c 0000 : 23 0 0.000 0.000 0 0.000 0.000 0 0.000 0.000 : 132.539225 132.541578 0.000282 132.593869 0.000108 132.596574 0.000114 132.597874 0.000043 : 132.598293 ]
[132.599s][info][gc       ] [SYSINFO 7334 227 63 0 6779 0 30 0 0 5703 : - - - - - - - - : 0 7168 : 2.76 2.99 2.10 : 292739 4277960 : 0 0 : 29 0 : 3877 2 0 261 : - 7413223424 682364928 1202388992 5905219584 238166016 67043328 : 140073237 30163060 742960 0 0 0 : 132.598508 ]
[132.599s][info][gc       ] [HUGEPAGESTAT 0 0 0 - 110774 0 0 : 393216 0 0 : 132.598508 ]
[132.599s][info][gc       ] [OBJCREAT 411832491 25619 20461568 : 132.598549 ]
[132.599s][info][gc       ] [HMSV All : 0 0 120 0 0 0 0 0 : 5000 0 0 0 : 132.598564 ]
[132.599s][info][gc       ] [HMSP 9 : 41100 0 : 132.598564 ]
[132.599s][info][gc       ] [VMAC 65530 166 24 435 625 : 132.598947 ]
[132.761s][info][gc       ] [GPGC-H  3929.6 470.9 0.1 0.0 : 9.4 : 0.390 0.433 : 0.575 0.346 0.636 1.294 : 2.901 0.844 0.845 0.025 1.717 0.399 : 0.000 : 95.731 : 888 1802 32 0 : 2275 : 4608 4424 : 132.760580 : 9 Next_heuristic_check_may_be_too_late ]
[132.763s][info][safepoint] Application time: 0.1651687 seconds
[132.764s][info][safepoint] Total time for which application threads were stopped: 0.0003403 seconds, Stopping threads took: 0.0000008 seconds
[132.764s][info][gc       ] [SPS 0.000 0.003 0.003 0.010 0.001 0.001 0.001 0.293 0.035 0.340 NewGC_pause1 132.763445 ]
[132.813s][info][safepoint] Application time: 0.0492978 seconds
[132.813s][info][safepoint] Total time for which application threads were stopped: 0.0001539 seconds, Stopping threads took: 0.0000005 seconds
[132.814s][info][gc       ] [SPS 0.000 0.001 0.000 0.006 0.000 0.001 0.000 0.123 0.023 0.154 NewGC_pause2 132.812897 ]
[132.815s][info][safepoint] Application time: 0.0021409 seconds
[132.816s][info][safepoint] Total time for which application threads were stopped: 0.0001456 seconds, Stopping threads took: 0.0000005 seconds
[132.816s][info][gc       ] [SPS 0.000 0.001 0.000 0.007 0.000 0.001 0.000 0.116 0.022 0.146 NewGC_pause3 132.815183 ]
[132.816s][info][safepoint] Application time: 0.0012382 seconds
[132.817s][info][safepoint] Total time for which application threads were stopped: 0.0000686 seconds, Stopping threads took: 0.0000005 seconds
[132.817s][info][gc       ] [SPS 0.000 0.003 0.002 0.007 0.000 0.001 0.000 0.046 0.015 0.069 NewGC_pause4 132.816490 ]
[132.817s][info][gc       ] [GC New Max 441-412 : 5120 3046 2156 5120 - - 1056 56 2 2 - : 138 1802 32 184 1028 : 134 4 895 895 0 : 0 1 67 0 69 - 0 : 0.162784 4275.6 0.0 0.055792 2545.2 0.0 : 8 --c 0000 : 23 0 0.000 0.000 0 0.000 0.000 0 0.000 0.000 : 132.761077 132.763104 0.000257 132.812743 0.000051 132.815037 0.000120 132.816421 0.000050 : 132.816869 ]
[132.817s][info][gc       ] [SYSINFO 7334 227 63 0 6779 0 30 0 0 5703 : - - - - - - - - : 0 7168 : 2.76 2.99 2.10 : 292739 4277960 : 0 0 : 29 0 : 3877 2 0 261 : - 7413223424 682364928 1202388992 5905219584 238166016 67043328 : 140073237 30163600 742960 0 0 0 : 132.817095 ]
[132.817s][info][gc       ] [HUGEPAGESTAT 0 0 0 - 110774 0 0 : 393216 0 0 : 132.817095 ]
[132.817s][info][gc       ] [OBJCREAT 412662988 25619 20461568 : 132.817141 ]
[132.817s][info][gc       ] [HMSV All : 0 0 120 0 0 0 0 0 : 5000 0 0 0 : 132.817159 ]
[132.817s][info][gc       ] [HMSP 9 : 41100 0 : 132.817159 ]
[132.818s][info][gc       ] [VMAC 65530 166 24 435 625 : 132.817615 ]
[132.979s][info][gc       ] [GPGC-H  3929.6 460.1 0.1 0.0 : 9.2 : 0.389 0.433 : 0.575 0.346 0.636 1.294 : 2.894 0.844 0.845 0.025 1.717 0.399 : 0.000 : 95.554 : 804 1802 32 0 : 2275 : 4608 4424 : 132.979159 : 9 Next_heuristic_check_may_be_too_late ]
[132.982s][info][safepoint] Application time: 0.1654541 seconds
[132.983s][info][safepoint] Total time for which application threads were stopped: 0.0004831 seconds, Stopping threads took: 0.0000008 seconds
[132.983s][info][gc       ] [SPS 0.000 0.004 0.003 0.010 0.001 0.001 0.001 0.418 0.053 0.483 NewGC_pause1 132.982428 ]
[133.032s][info][safepoint] Application time: 0.0496210 seconds
[133.033s][info][safepoint] Total time for which application threads were stopped: 0.0001644 seconds, Stopping threads took: 0.0000004 seconds
[133.033s][info][gc       ] [SPS 0.000 0.001 0.000 0.005 0.000 0.001 0.000 0.139 0.019 0.164 NewGC_pause2 133.032213 ]
[133.034s][info][safepoint] Application time: 0.0018570 seconds
[133.034s][info][safepoint] Total time for which application threads were stopped: 0.0000521 seconds, Stopping threads took: 0.0000004 seconds
[133.035s][info][gc       ] [SPS 0.000 0.000 0.000 0.006 0.000 0.001 0.000 0.032 0.013 0.052 NewGC_pause3 133.034122 ]
[133.035s][info][safepoint] Application time: 0.0011393 seconds
[133.035s][info][safepoint] Total time for which application threads were stopped: 0.0000587 seconds, Stopping threads took: 0.0000004 seconds
[133.036s][info][gc       ] [SPS 0.000 0.002 0.002 0.006 0.000 0.001 0.000 0.039 0.013 0.059 NewGC_pause4 133.035320 ]
[133.036s][info][gc       ] [GC New Max 442-413 : 5120 3020 2210 5120 - - 1056 56 2 2 - : 192 1802 32 184 1002 : 188 4 812 812 0 : 0 1 94 0 96 - 0 : 0.162894 4100.8 0.0 0.055871 3543.9 0.0 : 8 --c 0000 : 23 0 0.000 0.000 0 0.000 0.000 0 0.000 0.000 : 132.979762 132.981944 0.000335 133.032049 0.000089 133.034070 0.000035 133.035261 0.000042 : 133.035634 ]
[133.036s][info][gc       ] [SYSINFO 7334 227 63 0 6779 0 30 0 0 5703 : - - - - - - - - : 0 7168 : 2.76 2.99 2.10 : 292739 4277960 : 0 0 : 29 0 : 3877 2 0 261 : - 7413223424 682364928 1202388992 5905219584 238166016 67043328 : 140073237 30164170 743020 0 0 0 : 133.035838 ]
[133.036s][info][gc       ] [HUGEPAGESTAT 0 0 0 - 110774 0 0 : 393216 0 0 : 133.035838 ]
[133.036s][info][gc       ] [OBJCREAT 413521720 25619 20461568 : 133.035877 ]
[133.036s][info][gc       ] [HMSV All : 0 0 120 0 0 0 0 0 : 5000 0 0 0 : 133.035891 ]
[133.036s][info][gc       ] [HMSP 9 : 41100 0 : 133.035891 ]
[133.036s][info][gc       ] [VMAC 65530 166 24 435 625 : 133.036267 ]
[133.174s][info][gc       ] [GPGC-H  3929.6 460.1 0.1 0.0 : 9.2 : 0.388 0.433 : 0.575 0.346 0.636 1.294 : 2.888 0.844 0.845 0.025 1.717 0.399 : 0.000 : 95.377 : 794 1802 32 0 : 2275 : 4608 4424 : 133.173658 : 9 Next_heuristic_check_may_be_too_late ]
[133.176s][info][safepoint] Application time: 0.1405882 seconds
[133.177s][info][safepoint] Total time for which application threads were stopped: 0.0004241 seconds, Stopping threads took: 0.0000003 seconds
[133.177s][info][gc       ] [SPS 0.000 0.003 0.003 0.006 0.000 0.001 0.000 0.378 0.039 0.424 NewGC_pause1 133.176333 ]
[133.231s][info][safepoint] Application time: 0.0541921 seconds
[133.231s][info][safepoint] Total time for which application threads were stopped: 0.0001166 seconds, Stopping threads took: 0.0000006 seconds
[133.231s][info][gc       ] [SPS 0.000 0.001 0.000 0.009 0.001 0.001 0.001 0.081 0.025 0.117 NewGC_pause2 133.230642 ]
[133.232s][info][safepoint] Application time: 0.0015524 seconds
[133.233s][info][safepoint] Total time for which application threads were stopped: 0.0001203 seconds, Stopping threads took: 0.0000004 seconds
[133.233s][info][gc       ] [SPS 0.000 0.000 0.000 0.006 0.000 0.001 0.000 0.100 0.013 0.120 NewGC_pause3 133.232314 ]
[133.234s][info][safepoint] Application time: 0.0011955 seconds
[133.234s][info][safepoint] Total time for which application threads were stopped: 0.0000813 seconds, Stopping threads took: 0.0000064 seconds
[133.234s][info][gc       ] [SPS 0.000 0.003 0.002 0.006 0.006 0.001 0.000 0.054 0.015 0.081 NewGC_pause4 133.233591 ]
[133.234s][info][gc       ] [GC New Max 443-414 : 5120 3032 2236 5120 - - 1056 56 2 2 - : 218 1802 32 184 1014 : 212 4 801 801 0 : 0 1 106 0 109 - 0 : 0.138605 4372.1 0.0 0.059781 3680.1 0.0 : 8 --c 0000 : 23 0 0.000 0.000 0 0.000 0.000 0 0.000 0.000 : 133.174239 133.175909 0.000307 133.230525 0.000074 133.232194 0.000103 133.233510 0.000057 : 133.234020 ]
[133.234s][info][gc       ] [SYSINFO 7334 227 63 0 6779 0 30 0 0 5703 : - - - - - - - - : 0 7168 : 2.76 2.99 2.10 : 292739 4277960 : 0 0 : 29 0 : 3877 2 0 261 : - 7413223424 682364928 1202388992 5905219584 238166016 67043328 : 140073237 30164680 743030 0 0 0 : 133.234219 ]
[133.234s][info][gc       ] [HUGEPAGESTAT 0 0 0 - 110774 0 0 : 393216 0 0 : 133.234219 ]
[133.234s][info][gc       ] [OBJCREAT 414337934 25619 20461568 : 133.234259 ]
[133.234s][info][gc       ] [HMSV All : 0 0 120 0 0 0 0 0 : 5000 0 0 0 : 133.234273 ]
[133.234s][info][gc       ] [HMSP 9 : 41100 0 : 133.234273 ]
[133.235s][info][gc       ] [VMAC 65530 166 24 435 625 : 133.234636 ]
[133.370s][info][gc       ] [GPGC-H  3929.6 460.1 0.1 0.0 : 9.2 : 0.387 0.433 : 0.575 0.346 0.636 1.294 : 2.882 0.844 0.845 0.025 1.717 0.399 : 0.000 : 95.228 : 840 1802 32 0 : 2275 : 4608 4424 : 133.370407 : 9 Next_heuristic_check_may_be_too_late ]
[133.373s][info][safepoint] Application time: 0.1391866 seconds
[133.374s][info][safepoint] Total time for which application threads were stopped: 0.0003841 seconds, Stopping threads took: 0.0000008 seconds
[133.374s][info][gc       ] [SPS 0.000 0.004 0.004 0.011 0.001 0.001 0.001 0.341 0.030 0.384 NewGC_pause1 133.373162 ]
[133.424s][info][safepoint] Application time: 0.0510138 seconds
[133.425s][info][safepoint] Total time for which application threads were stopped: 0.0001844 seconds, Stopping threads took: 0.0000004 seconds
[133.425s][info][gc       ] [SPS 0.000 0.001 0.000 0.007 0.000 0.001 0.000 0.154 0.023 0.185 NewGC_pause2 133.424361 ]
[133.426s][info][safepoint] Application time: 0.0019359 seconds
[133.427s][info][safepoint] Total time for which application threads were stopped: 0.0000624 seconds, Stopping threads took: 0.0000004 seconds
[133.427s][info][gc       ] [SPS 0.000 0.001 0.000 0.007 0.000 0.001 0.000 0.039 0.015 0.062 NewGC_pause3 133.426359 ]
[133.428s][info][safepoint] Application time: 0.0012889 seconds
[133.428s][info][safepoint] Total time for which application threads were stopped: 0.0000634 seconds, Stopping threads took: 0.0000005 seconds
[133.428s][info][gc       ] [SPS 0.000 0.003 0.002 0.006 0.000 0.001 0.000 0.042 0.014 0.063 NewGC_pause4 133.427711 ]
[133.428s][info][gc       ] [GC New Max 444-415 : 5120 3052 2206 5120 - - 1056 56 2 2 - : 188 1802 32 184 1034 : 184 4 848 848 0 : 0 1 92 0 94 - 0 : 0.136870 4559.1 0.0 0.057272 3387.4 0.0 : 8 --c 0000 : 23 0 0.000 0.000 0 0.000 0.000 0 0.000 0.000 : 133.370890 133.372778 0.000288 133.424176 0.000097 133.426296 0.000043 133.427648 0.000045 : 133.428161 ]
[133.428s][info][gc       ] [SYSINFO 7334 227 63 0 6779 0 30 0 0 5703 : - - - - - - - - : 0 7168 : 2.76 2.99 2.10 : 292739 4277960 : 0 0 : 29 0 : 3877 2 0 261 : - 7413223424 682364928 1202388992 5905219584 238166016 67043328 : 140073237 30165200 743030 0 0 0 : 133.428383 ]
[133.428s][info][gc       ] [HUGEPAGESTAT 0 0 0 - 110774 0 0 : 393216 0 0 : 133.428383 ]
[133.428s][info][gc       ] [OBJCREAT 415148789 25619 20461568 : 133.428425 ]
[133.428s][info][gc       ] [HMSV All : 0 0 120 0 0 0 0 0 : 5000 0 0 0 : 133.428443 ]
[133.428s][info][gc       ] [HMSP 9 : 41100 0 : 133.428443 ]
[133.429s][info][gc       ] [VMAC 65530 166 24 435 625 : 133.428861 ]
[133.562s][info][gc       ] [GPGC-H  3926.1 460.1 0.1 0.0 : 9.2 : 0.386 0.433 : 0.575 0.346 0.636 1.294 : 2.876 0.844 0.845 0.025 1.717 0.399 : 0.000 : 95.081 : 794 1802 32 0 : 2275 : 4608 4424 : 133.561822 : 9 Next_heuristic_check_may_be_too_late ]
[133.564s][info][safepoint] Application time: 0.1362475 seconds
[133.565s][info][safepoint] Total time for which application threads were stopped: 0.0003247 seconds, Stopping threads took: 0.0000004 seconds
[133.565s][info][gc       ] [SPS 0.000 0.003 0.002 0.006 0.000 0.001 0.000 0.295 0.023 0.325 NewGC_pause1 133.564284 ]
[133.616s][info][safepoint] Application time: 0.0513473 seconds
[133.616s][info][safepoint] Total time for which application threads were stopped: 0.0002116 seconds, Stopping threads took: 0.0000004 seconds
[133.617s][info][gc       ] [SPS 0.000 0.001 0.000 0.008 0.000 0.001 0.000 0.182 0.021 0.212 NewGC_pause2 133.615843 ]
[133.618s][info][safepoint] Application time: 0.0022295 seconds
[133.619s][info][safepoint] Total time for which application threads were stopped: 0.0000712 seconds, Stopping threads took: 0.0000004 seconds
[133.619s][info][gc       ] [SPS 0.000 0.000 0.000 0.006 0.000 0.001 0.000 0.047 0.017 0.072 NewGC_pause3 133.618144 ]
[133.620s][info][safepoint] Application time: 0.0013100 seconds
[133.620s][info][safepoint] Total time for which application threads were stopped: 0.0000672 seconds, Stopping threads took: 0.0000004 seconds
[133.620s][info][gc       ] [SPS 0.000 0.003 0.002 0.006 0.000 0.001 0.000 0.042 0.018 0.067 NewGC_pause4 133.619521 ]
[133.620s][info][gc       ] [GC New Max 445-416 : 5120 3020 2224 5120 - - 1056 56 2 2 - : 206 1802 32 184 1002 : 202 4 800 800 0 : 0 1 101 0 103 - 0 : 0.134130 4532.9 0.0 0.057618 3644.7 0.0 : 8 --c 0000 : 23 0 0.000 0.000 0 0.000 0.000 0 0.000 0.000 : 133.562292 133.563959 0.000261 133.615631 0.000149 133.618072 0.000043 133.619454 0.000045 : 133.619909 ]
[133.620s][info][gc       ] [SYSINFO 7334 227 63 0 6779 0 30 0 0 5703 : - - - - - - - - : 0 7168 : 2.76 2.99 2.10 : 292739 4277960 : 0 0 : 29 0 : 3877 2 0 261 : - 7413223424 682364928 1202388992 5905219584 238166016 67043328 : 140073237 30165670 743060 0 0 0 : 133.620144 ]
[133.620s][info][gc       ] [HUGEPAGESTAT 0 0 0 - 110774 0 0 : 393216 0 0 : 133.620144 ]
[133.620s][info][gc       ] [OBJCREAT 415957638 25619 20461568 : 133.620188 ]
[133.620s][info][gc       ] [HMSV All : 0 0 120 0 0 0 0 0 : 5000 0 0 0 : 133.620204 ]
[133.620s][info][gc       ] [HMSP 9 : 41100 0 : 133.620204 ]
[133.621s][info][gc       ] [VMAC 65530 166 24 435 625 : 133.620636 ]
[133.757s][info][gc       ] [GPGC-H  3926.1 460.1 0.1 0.0 : 9.2 : 0.386 0.433 : 0.575 0.346 0.636 1.294 : 2.870 0.844 0.845 0.025 1.717 0.399 : 0.000 : 94.937 : 844 1802 32 0 : 2275 : 4608 4424 : 133.757018 : 9 Next_heuristic_check_may_be_too_late ]
[133.759s][info][safepoint] Application time: 0.1395209 seconds
[133.760s][info][safepoint] Total time for which application threads were stopped: 0.0003148 seconds, Stopping threads took: 0.0000004 seconds
[133.760s][info][gc       ] [SPS 0.000 0.003 0.006 0.006 0.000 0.001 0.000 0.267 0.039 0.315 NewGC_pause1 133.759357 ]
[133.812s][info][safepoint] Application time: 0.0523694 seconds
[133.813s][info][safepoint] Total time for which application threads were stopped: 0.0001891 seconds, Stopping threads took: 0.0000004 seconds
[133.813s][info][gc       ] [SPS 0.000 0.002 0.000 0.006 0.000 0.001 0.000 0.159 0.023 0.189 NewGC_pause2 133.811916 ]
[133.814s][info][safepoint] Application time: 0.0020332 seconds
[133.814s][info][safepoint] Total time for which application threads were stopped: 0.0000634 seconds, Stopping threads took: 0.0000004 seconds
[133.814s][info][gc       ] [SPS 0.000 0.000 0.000 0.006 0.000 0.001 0.000 0.041 0.015 0.063 NewGC_pause3 133.814012 ]
[133.815s][info][safepoint] Application time: 0.0011353 seconds
[133.815s][info][safepoint] Total time for which application threads were stopped: 0.0000686 seconds, Stopping threads took: 0.0000004 seconds
[133.815s][info][gc       ] [SPS 0.000 0.002 0.002 0.011 0.000 0.001 0.000 0.042 0.014 0.069 NewGC_pause4 133.815216 ]
[133.816s][info][gc       ] [GC New Max 446-417 : 5120 3060 2214 5120 - - 1056 56 2 2 - : 196 1802 32 184 1042 : 190 4 850 850 0 : 0 1 95 0 98 - 0 : 0.137451 4656.2 0.0 0.058270 3432.3 0.0 : 8 --c 0000 : 23 0 0.000 0.000 0 0.000 0.000 0 0.000 0.000 : 133.757360 133.759042 0.000223 133.811727 0.000106 133.813949 0.000043 133.815148 0.000050 : 133.815630 ]
[133.816s][info][gc       ] [SYSINFO 7334 227 63 0 6779 0 30 0 0 5703 : - - - - - - - - : 0 7168 : 2.62 2.96 2.09 : 292739 4277960 : 0 0 : 29 0 : 3877 2 0 261 : - 7413223424 682364928 1202388992 5905219584 238166016 67043328 : 140073237 30166200 743120 0 0 0 : 133.815839 ]
[133.816s][info][gc       ] [HUGEPAGESTAT 0 0 0 - 110774 0 0 : 393216 0 0 : 133.815839 ]
[133.816s][info][gc       ] [OBJCREAT 416787091 25619 20461568 : 133.815883 ]
[133.816s][info][gc       ] [HMSV All : 0 0 120 0 0 0 0 0 : 5000 0 0 0 : 133.815898 ]
[133.816s][info][gc       ] [HMSP 9 : 41100 0 : 133.815898 ]
[133.816s][info][gc       ] [VMAC 65530 166 24 435 625 : 133.816333 ]
[133.955s][info][gc       ] [GPGC-H  3926.1 460.1 0.1 0.0 : 9.2 : 0.385 0.433 : 0.575 0.346 0.636 1.294 : 2.864 0.844 0.845 0.025 1.717 0.399 : 0.000 : 94.790 : 834 1802 32 0 : 2275 : 4608 4424 : 133.954818 : 9 Next_heuristic_check_may_be_too_late ]
[133.958s][info][safepoint] Application time: 0.1418785 seconds
[133.958s][info][safepoint] Total time for which application threads were stopped: 0.0004294 seconds, Stopping threads took: 0.0000004 seconds
[133.958s][info][gc       ] [SPS 0.000 0.004 0.003 0.006 0.000 0.001 0.000 0.403 0.018 0.429 NewGC_pause1 133.957524 ]
[134.007s][info][safepoint] Application time: 0.0496634 seconds
[134.008s][info][safepoint] Total time for which application threads were stopped: 0.0001724 seconds, Stopping threads took: 0.0000065 seconds
[134.008s][info][gc       ] [SPS 0.000 0.001 0.000 0.005 0.006 0.001 0.000 0.140 0.020 0.172 NewGC_pause2 134.007360 ]
[134.009s][info][safepoint] Application time: 0.0012521 seconds
[134.009s][info][safepoint] Total time for which application threads were stopped: 0.0001067 seconds, Stopping threads took: 0.0000003 seconds
[134.009s][info][gc       ] [SPS 0.000 0.000 0.000 0.006 0.000 0.001 0.000 0.087 0.013 0.107 NewGC_pause3 134.008719 ]
[134.010s][info][safepoint] Application time: 0.0011532 seconds
[134.010s][info][safepoint] Total time for which application threads were stopped: 0.0000577 seconds, Stopping threads took: 0.0000004 seconds
[134.010s][info][gc       ] [SPS 0.000 0.003 0.002 0.005 0.000 0.001 0.000 0.038 0.013 0.058 NewGC_pause4 134.009930 ]
[134.010s][info][gc       ] [GC New Max 447-418 : 5120 3012 2174 5120 - - 1056 56 2 2 - : 156 1802 32 184 994 : 152 4 841 841 0 : 0 1 76 0 78 - 0 : 0.139651 4582.9 0.0 0.054974 2910.5 0.0 : 8 --c 0000 : 23 0 0.000 0.000 0 0.000 0.000 0 0.000 0.000 : 133.955281 133.957095 0.000292 134.007188 0.000101 134.008612 0.000091 134.009872 0.000041 : 134.010255 ]
[134.010s][info][gc       ] [SYSINFO 7334 227 63 0 6779 0 30 0 0 5703 : - - - - - - - - : 0 7168 : 2.62 2.96 2.09 : 292739 4277960 : 0 0 : 29 0 : 3877 2 0 261 : - 7413223424 682364928 1202388992 5905219584 238166016 67043328 : 140073237 30166700 743170 0 0 0 : 134.010454 ]
[134.010s][info][gc       ] [HUGEPAGESTAT 0 0 0 - 110774 0 0 : 393216 0 0 : 134.010454 ]
[134.010s][info][gc       ] [OBJCREAT 417581006 25619 20461568 : 134.010493 ]
[134.011s][info][gc       ] [HMSV All : 0 0 120 0 0 0 0 0 : 5000 0 0 0 : 134.010508 ]
[134.011s][info][gc       ] [HMSP 9 : 41100 0 : 134.010508 ]
[134.011s][info][gc       ] [VMAC 65530 166 24 435 625 : 134.010868 ]
[134.148s][info][gc       ] [GPGC-H  3926.1 460.1 0.1 0.0 : 9.2 : 0.384 0.433 : 0.575 0.346 0.636 1.294 : 2.859 0.844 0.845 0.025 1.717 0.399 : 0.000 : 94.640 : 848 1802 32 0 : 2275 : 4608 4424 : 134.148052 : 9 Next_heuristic_check_may_be_too_late ]
[134.151s][info][safepoint] Application time: 0.1407563 seconds
[134.152s][info][safepoint] Total time for which application threads were stopped: 0.0003077 seconds, Stopping threads took: 0.0000015 seconds
[134.152s][info][gc       ] [SPS 0.000 0.003 0.003 0.005 0.002 0.001 0.000 0.280 0.020 0.308 NewGC_pause1 134.150994 ]
[134.217s][info][safepoint] Application time: 0.0657409 seconds
[134.217s][info][safepoint] Total time for which application threads were stopped: 0.0001414 seconds, Stopping threads took: 0.0000004 seconds
[134.218s][info][gc       ] [SPS 0.000 0.001 0.000 0.006 0.000 0.001 0.000 0.111 0.023 0.141 NewGC_pause2 134.216877 ]
[134.219s][info][safepoint] Application time: 0.0018413 seconds
[134.219s][info][safepoint] Total time for which application threads were stopped: 0.0000554 seconds, Stopping threads took: 0.0000004 seconds
[134.219s][info][gc       ] [SPS 0.000 0.001 0.000 0.006 0.000 0.001 0.000 0.035 0.013 0.055 NewGC_pause3 134.218773 ]
[134.220s][info][safepoint] Application time: 0.0012971 seconds
[134.220s][info][safepoint] Total time for which application threads were stopped: 0.0000609 seconds, Stopping threads took: 0.0000004 seconds
[134.220s][info][gc       ] [SPS 0.000 0.003 0.002 0.006 0.000 0.001 0.000 0.040 0.014 0.061 NewGC_pause4 134.220132 ]
[134.221s][info][gc       ] [GC New Max 448-419 : 5120 3302 2574 5120 - - 1056 56 2 2 - : 556 1802 32 184 1284 : 545 14 767 767 0 : 0 2 223 0 230 - 48 : 0.138371 5058.9 0.0 0.071888 6426.7 0.0 : 8 --c 0000 : 23 0 0.000 0.000 0 0.000 0.000 0 0.000 0.000 : 134.148625 134.150687 0.000249 134.216736 0.000045 134.218718 0.000038 134.220071 0.000043 : 134.220513 ]
[134.221s][info][gc       ] [SYSINFO 7334 227 63 0 6779 0 30 0 0 5703 : - - - - - - - - : 0 7168 : 2.62 2.96 2.09 : 292739 4277960 : 0 0 : 29 0 : 3877 2 0 261 : - 7413223424 682364928 1202388992 5905219584 238166016 67043328 : 140073237 30167430 743170 0 0 0 : 134.220795 ]
[134.221s][info][gc       ] [HUGEPAGESTAT 0 0 0 - 110774 0 0 : 393216 0 0 : 134.220795 ]
[134.221s][info][gc       ] [OBJCREAT 418722428 25619 20461568 : 134.220838 ]
[134.221s][info][gc       ] [HMSV All : 0 0 127 0 0 0 0 0 : 5000 0 0 0 : 134.220852 ]
[134.221s][info][gc       ] [HMSP 9 : 41100 0 : 134.220852 ]
[134.221s][info][gc       ] [VMAC 65530 166 24 435 625 : 134.221302 ]
[134.335s][info][gc       ] [GPGC-H  3926.1 460.1 0.1 0.0 : 9.2 : 0.384 0.433 : 0.575 0.346 0.636 1.294 : 2.853 0.844 0.845 0.025 1.717 0.399 : 0.000 : 94.494 : 1082 1802 32 0 : 2275 : 4608 4424 : 134.334933 : 9 Next_heuristic_check_may_be_too_late ]
[134.338s][info][safepoint] Application time: 0.1174386 seconds
[134.338s][info][safepoint] Total time for which application threads were stopped: 0.0003184 seconds, Stopping threads took: 0.0000005 seconds
[134.339s][info][gc       ] [SPS 0.000 0.003 0.003 0.006 0.000 0.001 0.000 0.259 0.051 0.319 NewGC_pause1 134.337889 ]
[134.521s][info][safepoint] Application time: 0.1826082 seconds
[134.521s][info][safepoint] Total time for which application threads were stopped: 0.0001228 seconds, Stopping threads took: 0.0000005 seconds
[134.521s][info][gc       ] [SPS 0.000 0.001 0.000 0.007 0.000 0.001 0.000 0.097 0.018 0.123 NewGC_pause2 134.520620 ]
[134.522s][info][safepoint] Application time: 0.0011158 seconds
[134.522s][info][safepoint] Total time for which application threads were stopped: 0.0000606 seconds, Stopping threads took: 0.0000005 seconds
[134.522s][info][gc       ] [SPS 0.000 0.000 0.000 0.006 0.000 0.001 0.000 0.038 0.014 0.061 NewGC_pause3 134.521797 ]
[134.526s][info][safepoint] Application time: 0.0044571 seconds
[134.526s][info][safepoint] Total time for which application threads were stopped: 0.0000641 seconds, Stopping threads took: 0.0000005 seconds
[134.527s][info][gc       ] [SPS 0.000 0.003 0.002 0.006 0.000 0.001 0.000 0.042 0.015 0.064 NewGC_pause4 134.526318 ]
[134.527s][info][gc       ] [GC New Max 449-420 : 5120 3978 3888 5120 - - 1056 56 2 2 - : 1870 1802 32 184 1960 : 1851 13 97 97 0 : 0 2 431 0 818 - 117 : 0.115162 4619.6 0.0 0.191086 4594.8 0.0 : 8 --c 0000 : 23 0 0.000 0.000 0 0.000 0.000 0 0.000 0.000 : 134.335675 134.337570 0.000207 134.520498 0.000096 134.521736 0.000041 134.526254 0.000043 : 134.526761 ]
[134.527s][info][gc       ] [SYSINFO 7334 227 63 0 6779 0 30 0 0 5703 : - - - - - - - - : 0 7168 : 2.62 2.96 2.09 : 292739 4277960 : 0 0 : 29 0 : 3877 2 0 261 : - 7413223424 682364928 1202388992 5905219584 238166016 67043328 : 140073237 30169060 743250 0 0 0 : 134.527003 ]
[134.527s][info][gc       ] [HUGEPAGESTAT 0 0 0 - 110774 0 0 : 393216 0 0 : 134.527003 ]
[134.527s][info][gc       ] [OBJCREAT 420126532 25619 20461568 : 134.527048 ]
[134.527s][info][gc       ] [HMSV All : 0 0 130 0 0 0 0 0 : 5000 0 0 0 : 134.527062 ]
[134.527s][info][gc       ] [HMSP 9 : 41100 0 : 134.527062 ]
[134.527s][info][gc       ] [VMAC 65530 166 24 435 625 : 134.527476 ]
[135.012s][info][gc       ] [GPGC-H  3926.1 449.5 0.1 0.0 : 9.0 : 0.383 0.433 : 0.575 0.346 0.636 1.294 : 2.844 0.844 0.845 0.025 1.717 0.399 : 0.000 : 94.380 : 2050 1802 32 0 : 2275 : 4608 4424 : 135.011934 : 8 May_exceed_heap_occupancy_target ]
[135.032s][info][safepoint] Application time: 0.5054539 seconds
[135.033s][info][safepoint] Total time for which application threads were stopped: 0.0003030 seconds, Stopping threads took: 0.0000004 seconds
[135.033s][info][gc       ] [SPS 0.000 0.001 0.003 0.006 0.000 0.001 0.000 0.276 0.020 0.303 NewGC_pause1 135.032075 ]
[135.353s][info][safepoint] Application time: 0.3208749 seconds
[135.353s][info][safepoint] Total time for which application threads were stopped: 0.0000526 seconds, Stopping threads took: 0.0000004 seconds
[135.354s][info][gc       ] [SPS 0.000 0.001 0.000 0.006 0.000 0.001 0.000 0.041 0.004 0.052 NewGC_pause2 135.353003 ]
[135.354s][info][safepoint] Application time: 0.0011106 seconds
[135.354s][info][safepoint] Total time for which application threads were stopped: 0.0000624 seconds, Stopping threads took: 0.0000004 seconds
[135.354s][info][gc       ] [SPS 0.000 0.000 0.000 0.006 0.000 0.001 0.000 0.042 0.013 0.062 NewGC_pause3 135.354176 ]
[135.356s][info][safepoint] Application time: 0.0011372 seconds
[135.356s][info][safepoint] Total time for which application threads were stopped: 0.0006611 seconds, Stopping threads took: 0.0000007 seconds
[135.356s][info][gc       ] [SPS 0.000 0.001 0.000 0.010 0.001 0.001 0.000 0.612 0.037 0.661 OldGC_pause2 135.355975 ]
[135.361s][info][safepoint] Application time: 0.0052884 seconds
[135.362s][info][safepoint] Total time for which application threads were stopped: 0.0001511 seconds, Stopping threads took: 0.0000005 seconds
[135.362s][info][gc       ] [SPS 0.000 0.001 0.000 0.009 0.000 0.001 0.000 0.076 0.065 0.151 OldGC_pause3 135.361414 ]
[135.367s][info][safepoint] Application time: 0.0051104 seconds
[135.367s][info][safepoint] Total time for which application threads were stopped: 0.0000867 seconds, Stopping threads took: 0.0000004 seconds
[135.367s][info][gc       ] [SPS 0.000 0.287 0.003 0.006 0.000 0.001 0.000 0.065 0.015 0.087 NewGC_pause4 135.366611 ]
[135.459s][info][gc       ] [GC NTO Max 450-421 : 5120 4824 4744 5120 - - 1056 56 2 2 - : 2726 1802 32 184 2806 : 2492 15 304 304 93 : 0 311 365 0 1308 - 55 : 0.485753 370.6 0.0 0.445985 1973.2 0.0 : 8 --c 0000 : 23 6591 0.000 0.003 0 0.000 0.000 6591 0.000 0.003 : 135.012513 135.031772 0.000235 135.352950 0.000044 135.354113 0.000045 135.366524 0.000067 : 135.458498 ]
[135.459s][info][gc       ] [SYSINFO 7334 227 63 0 6779 0 30 0 0 5703 : - - - - - - - - : 0 7168 : 2.62 2.96 2.09 : 292739 4277960 : 0 0 : 29 0 : 3877 4 0 261 : - 7413223424 682364928 1202388992 5905219584 238166016 67043328 : 140073237 30173310 743290 0 0 0 : 135.458788 ]
[135.459s][info][gc       ] [HUGEPAGESTAT 0 0 0 - 110774 0 0 : 393216 0 0 : 135.458788 ]
[135.459s][info][gc       ] [OBJCREAT 421179999 25619 20461568 : 135.458835 ]
[135.459s][info][gc       ] [HMSV All : 0 0 130 0 0 0 0 0 : 5000 0 0 0 : 135.458853 ]
[135.459s][info][gc       ] [HMSP 9 : 41100 0 : 135.458853 ]
[135.459s][info][gc       ] [GPGC-H  3905.2 449.5 0.1 0.0 : 9.0 : 0.446 0.433 : 0.575 0.346 0.636 1.294 : 2.844 0.844 0.845 0.025 1.717 0.399 : 0.000 : 93.882 : 2728 1802 32 0 : 2275 : 4608 4424 : 135.459222 : 3 Heap_use_exceeded_committed ]
[135.459s][info][gc       ] [VMAC 65530 166 24 435 625 : 135.459246 ]
[135.462s][info][safepoint] Application time: 0.0954503 seconds
[135.462s][info][safepoint] Total time for which application threads were stopped: 0.0000662 seconds, Stopping threads took: 0.0000004 seconds
[135.463s][info][gc       ] [SPS 0.000 0.002 0.002 0.006 0.000 0.001 0.000 0.044 0.015 0.066 OldGC_pause4 135.462128 ]
[135.463s][info][gc       ] [GC Old Max 451-30 : 5120 4824 2956 5120 - - 1056 56 2 2 - : 2736 6 30 184 1840 : 26 9 1796 1796 0 : 0 4 0 0 18 - 0 : 7.632879 40.6 0.0 0.433878 0.0 0.0 : 3 --c 0000 : 23   -    -    -    -    -    -    -    -    -  : 135.028662 135.031772 0.000235 135.355313 0.000608 135.361263 0.000055 135.462062 0.000045 : 135.462540 ]
[135.463s][info][gc       ] [SYSINFO 7334 227 63 0 6779 0 30 0 0 5703 : - - - - - - - - : 0 7168 : 2.62 2.96 2.09 : 292739 4277960 : 0 0 : 29 0 : 3877 2 0 261 : - 7413223424 682364928 1202388992 5905219584 238166016 67043328 : 140073237 30173310 743290 0 0 0 : 135.462722 ]
[135.463s][info][gc       ] [HUGEPAGESTAT 0 0 0 - 110774 0 0 : 393216 0 0 : 135.462722 ]
[135.463s][info][gc       ] [OBJCREAT 421187930 25619 20461568 : 135.462760 ]
[135.463s][info][gc       ] [HMSV All : 0 0 130 0 0 0 0 0 : 5000 0 0 0 : 135.462773 ]
[135.463s][info][gc       ] [HMSP 9 : 41100 0 : 135.462773 ]
[135.463s][info][gc       ] [COMPSTATS 1 : 5 0 : 2 0 : 0 0 : 527 5 0 0 0 0 : 0 0 0 0 0 0 : 145 146 12 : 532 0 0 0 0 0 0 : 532 0 0 0 0 0 0 ]
[135.463s][info][gc       ] [COMPSTATS 2 : 5 0 : 1 0 : 0 0 : 132 11 0 0 0 0 : 0 0 0 0 0 0 : 52677 52713 7789 : 77 42 24 0 0 0 0 : 39 84 14 5 1 0 0 ]
[135.463s][info][gc       ] [DEOPTSTATS 1 : 0 0 : 0 0 : 0 0 : 0 0 : 0 11 : 0 0 : 0 0 : 0 0 : 0 0 : 0 0 : 0 0 : 0 0 : 0 0 : 0 0 : 0 0 : 0 0 : 0 0 : 0 0 : 0 0 : 0 0 : 0 0 : 0 0 : 0 0 : 0 0 : 0 0 : 0 0 : 0 0 : 0 0 : 0 0 : 0 0 : 6 0 : 0 0 : 0 0 : 0 0 : 0 0 : 0 0 : 0 0 : 0 0 : 0 0 : 0 0 : 0 0 : 0 0 ]
[135.463s][info][gc       ] [DEOPTSTATS 2 : 0 0 : 0 0 : 0 0 : 0 0 : 0 0 : 0 0 : 0 15 : 0 0 : 0 0 : 0 0 : 0 0 : 0 0 : 0 0 : 0 0 : 0 0 : 0 0 : 0 0 : 0 0 : 0 0 : 0 0 : 0 0 : 0 0 : 0 0 : 0 0 : 0 0 : 0 0 : 0 0 : 0 0 : 0 0 : 0 0 : 4 0 : 0 0 : 0 0 : 0 0 : 0 1 : 0 0 : 0 0 : 0 0 : 0 0 : 0 3 : 0 0 : 0 0 ]
[135.463s][info][gc       ] [CCF 0 0 0 0 33 230912: 3088896 : 380 196608 : 3 49152 : 317 311808 :  521 645120 : 121 422400 : 0 0 : 15 1228800 : 1 2048]
[135.463s][info][gc       ] [VMAC 65530 166 24 435 625 : 135.463208 ]
[135.468s][info][safepoint] Application time: 0.0060703 seconds
[135.468s][info][safepoint] Total time for which application threads were stopped: 0.0001215 seconds, Stopping threads took: 0.0000004 seconds
[135.469s][info][gc       ] [SPS 0.000 0.002 0.002 0.006 0.000 0.001 0.000 0.098 0.017 0.122 NewGC_pause1 135.468320 ]
[135.737s][info][safepoint] Application time: 0.2685837 seconds
[135.738s][info][safepoint] Total time for which application threads were stopped: 0.0001445 seconds, Stopping threads took: 0.0000005 seconds
[135.738s][info][gc       ] [SPS 0.000 0.002 0.000 0.007 0.000 0.001 0.000 0.112 0.024 0.145 NewGC_pause2 135.737048 ]
[135.739s][info][safepoint] Application time: 0.0021516 seconds
[135.740s][info][safepoint] Total time for which application threads were stopped: 0.0001549 seconds, Stopping threads took: 0.0000004 seconds
[135.740s][info][gc       ] [SPS 0.000 0.001 0.000 0.007 0.000 0.001 0.000 0.131 0.016 0.155 NewGC_pause3 135.739355 ]
[135.743s][info][safepoint] Application time: 0.0031768 seconds
[135.743s][info][safepoint] Total time for which application threads were stopped: 0.0000746 seconds, Stopping threads took: 0.0000005 seconds
[135.743s][info][gc       ] [SPS 0.000 0.003 0.003 0.007 0.000 0.001 0.000 0.050 0.017 0.075 NewGC_pause4 135.742606 ]
[135.758s][info][gc       ] [GC New Max 452-422 : 5120 4752 2632 5120 - - 1056 56 2 2 - : 2412 6 30 184 3264 : 2285 13 964 964 0 : 0 54 260 0 1151 - 55 : 0.007082 1694.4 0.0 0.291692 1913.0 0.0 : 8 --c 0000 : 23 1 0.003 0.003 0 0.000 0.000 1 0.003 0.003 : 135.465580 135.468198 0.000094 135.736904 0.000051 135.739200 0.000136 135.742531 0.000053 : 135.757272 ]
[135.758s][info][gc       ] [SYSINFO 7335 227 63 0 6779 0 30 0 0 5703 : - - - - - - - - : 0 7168 : 2.62 2.96 2.09 : 292739 4277960 : 0 0 : 29 0 : 3877 2 0 261 : - 7413223424 682364928 1202388992 5905219584 238166016 67043328 : 140073237 30175910 743300 0 0 0 : 135.757561 ]
[135.758s][info][gc       ] [HUGEPAGESTAT 0 0 0 - 110774 0 0 : 393216 0 0 : 135.757561 ]
[135.758s][info][gc       ] [OBJCREAT 421745001 25619 20461568 : 135.757612 ]
[135.758s][info][gc       ] [HMSV All : 0 0 130 0 0 0 0 0 : 5000 0 0 0 : 135.757629 ]
[135.758s][info][gc       ] [HMSP 9 : 41100 0 : 135.757629 ]
[135.758s][info][gc       ] [GPGC-H  3905.2 449.5 0.1 0.0 : 9.0 : 0.445 0.437 : 0.575 0.434 0.636 1.294 : 2.840 0.844 0.845 0.028 1.717 0.399 : 0.000 : 99.630 : 2416 6 30 0 : 2275 : 4608 4424 : 135.758071 : 9 Next_heuristic_check_may_be_too_late ]
[135.758s][info][gc       ] [VMAC 65530 166 24 435 625 : 135.758148 ]
[135.762s][info][safepoint] Application time: 0.0187891 seconds
[135.762s][info][safepoint] Total time for which application threads were stopped: 0.0002224 seconds, Stopping threads took: 0.0000004 seconds
[135.762s][info][gc       ] [SPS 0.000 0.003 0.003 0.006 0.000 0.001 0.000 0.194 0.021 0.222 NewGC_pause1 135.761618 ]
[136.032s][info][safepoint] Application time: 0.2702488 seconds
[136.032s][info][safepoint] Total time for which application threads were stopped: 0.0001746 seconds, Stopping threads took: 0.0000005 seconds
[136.033s][info][gc       ] [SPS 0.000 0.001 0.000 0.007 0.000 0.001 0.000 0.142 0.024 0.175 NewGC_pause2 136.032042 ]
[136.033s][info][safepoint] Application time: 0.0012761 seconds
[136.034s][info][safepoint] Total time for which application threads were stopped: 0.0000798 seconds, Stopping threads took: 0.0000005 seconds
[136.034s][info][gc       ] [SPS 0.000 0.001 0.000 0.007 0.000 0.001 0.000 0.053 0.018 0.080 NewGC_pause3 136.033398 ]
[136.039s][info][safepoint] Application time: 0.0055462 seconds
[136.039s][info][safepoint] Total time for which application threads were stopped: 0.0001387 seconds, Stopping threads took: 0.0000005 seconds
[136.039s][info][gc       ] [SPS 0.000 0.003 0.003 0.006 0.000 0.001 0.000 0.114 0.017 0.139 NewGC_pause4 136.039083 ]
[136.083s][info][gc       ] [GC New Max 453-423 : 5120 3294 2824 5120 - - 1056 56 2 2 - : 2604 6 30 184 3074 : 2417 11 645 645 0 : 0 137 326 0 1247 - 55 : 0.001036 3862.8 0.0 0.324651 2408.7 0.0 : 8 --c 0000 : 23 0 0.000 0.000 0 0.000 0.000 0 0.000 0.000 : 135.758308 135.761396 0.000144 136.031867 0.000100 136.033318 0.000055 136.038944 0.000118 : 136.082959 ]
[136.083s][info][gc       ] [SYSINFO 7335 227 63 0 6779 0 30 0 0 5703 : - - - - - - - - : 0 7168 : 2.62 2.96 2.09 : 292739 4277960 : 0 0 : 29 0 : 3877 2 0 261 : - 7413223424 682364928 1202388992 5905219584 238166016 67043328 : 140073237 30178780 743300 0 0 0 : 136.083215 ]
[136.083s][info][gc       ] [HUGEPAGESTAT 0 0 0 - 110774 0 0 : 393216 0 0 : 136.083215 ]
[136.083s][info][gc       ] [OBJCREAT 422522040 25619 20461568 : 136.083260 ]
[136.083s][info][gc       ] [HMSV All : 0 0 130 0 0 0 0 0 : 5000 0 0 0 : 136.083285 ]
[136.083s][info][gc       ] [HMSP 9 : 41100 0 : 136.083285 ]
[136.084s][info][gc       ] [VMAC 65530 166 24 435 625 : 136.083694 ]
[136.217s][info][gc       ] [GPGC-H  3905.2 449.5 0.1 0.0 : 9.0 : 0.445 0.437 : 0.575 0.434 0.636 1.294 : 2.836 0.844 0.845 0.028 1.717 0.399 : 0.000 : 99.682 : 3054 6 30 0 : 2275 : 4608 4424 : 136.216994 : 9 Next_heuristic_check_may_be_too_late ]
[136.221s][info][safepoint] Application time: 0.1819578 seconds
[136.222s][info][safepoint] Total time for which application threads were stopped: 0.0003724 seconds, Stopping threads took: 0.0000005 seconds
[136.222s][info][gc       ] [SPS 0.000 0.005 0.004 0.007 0.001 0.001 0.003 0.323 0.039 0.372 NewGC_pause1 136.221413 ]
[136.494s][info][safepoint] Application time: 0.2719680 seconds
[136.494s][info][safepoint] Total time for which application threads were stopped: 0.0001298 seconds, Stopping threads took: 0.0000005 seconds
[136.495s][info][gc       ] [SPS 0.000 0.002 0.000 0.007 0.000 0.001 0.000 0.095 0.027 0.130 NewGC_pause2 136.493511 ]
[136.496s][info][safepoint] Application time: 0.0022053 seconds
[136.496s][info][safepoint] Total time for which application threads were stopped: 0.0000910 seconds, Stopping threads took: 0.0000005 seconds
[136.496s][info][gc       ] [SPSH lock suspend gclocker notify wait resuspend cleanup op_time wakeup total(ms) op_name end(s) ]
[136.496s][info][gc       ] [SPS 0.000 0.000 0.000 0.007 0.000 0.001 0.000 0.066 0.017 0.091 NewGC_pause3 136.495808 ]
[136.504s][info][safepoint] Application time: 0.0079706 seconds
[136.504s][info][safepoint] Total time for which application threads were stopped: 0.0001515 seconds, Stopping threads took: 0.0000004 seconds
[136.504s][info][gc       ] [SPS 0.000 0.003 0.004 0.006 0.000 0.001 0.000 0.122 0.022 0.152 NewGC_pause4 136.503930 ]
[136.597s][info][gc       ] [GC New Max 454-424 : 5120 4158 3162 5120 - - 1056 56 2 2 - : 2500 448 30 184 3938 : 2641 6 1290 1290 0 : 221 1 438 0 1195 - 55 : 0.134722 3355.1 0.0 0.379409 2962.5 0.0 : 8 --c 0000 : 23 0 0.000 0.000 0 0.000 0.000 0 0.000 0.000 : 136.217681 136.221041 0.000288 136.493381 0.000055 136.495716 0.000068 136.503778 0.000090 : 136.597090 ]
[136.597s][info][gc       ] [SYSINFO 7335 227 63 0 6779 0 30 0 0 5703 : - - - - - - - - : 0 7168 : 2.62 2.96 2.09 : 292739 4277960 : 0 0 : 29 0 : 3877 2 0 261 : - 7413223424 682364928 1202388992 5905219584 238166016 67043328 : 140073237 30182240 743300 0 0 0 : 136.597357 ]
[136.597s][info][gc       ] [HUGEPAGESTAT 0 0 0 - 110774 0 0 : 393216 0 0 : 136.597357 ]
[136.597s][info][gc       ] [OBJCREAT 424081820 25619 20828160 : 136.597411 ]
[136.597s][info][gc       ] [HMSV All : 0 0 130 0 0 0 0 0 : 5000 0 0 0 : 136.597430 ]
[136.597s][info][gc       ] [HMSP 9 : 41100 0 : 136.597430 ]
[136.598s][info][gc       ] [GPGC-H  3905.2 449.5 0.1 0.0 : 9.0 : 0.444 0.437 : 0.575 0.434 0.636 1.294 : 2.834 0.844 0.845 0.028 1.717 0.399 : 0.000 : 99.529 : 2502 448 30 0 : 2275 : 4608 4424 : 136.598045 : 9 Next_heuristic_check_may_be_too_late ]
[136.598s][info][gc       ] [VMAC 65530 166 24 435 625 : 136.597958 ]
[136.601s][info][safepoint] Application time: 0.0971718 seconds
[136.602s][info][safepoint] Total time for which application threads were stopped: 0.0003141 seconds, Stopping threads took: 0.0000005 seconds
[136.602s][info][gc       ] [SPS 0.000 0.003 0.009 0.007 0.000 0.001 0.000 0.262 0.043 0.314 NewGC_pause1 136.601416 ]
[136.849s][info][safepoint] Application time: 0.2475847 seconds
[136.850s][info][safepoint] Total time for which application threads were stopped: 0.0002206 seconds, Stopping threads took: 0.0000005 seconds
[136.850s][info][gc       ] [SPS 0.000 0.007 0.000 0.015 0.000 0.001 0.000 0.170 0.034 0.221 NewGC_pause2 136.849221 ]
[136.851s][info][safepoint] Application time: 0.0014441 seconds
[136.851s][info][safepoint] Total time for which application threads were stopped: 0.0000733 seconds, Stopping threads took: 0.0000004 seconds
[136.851s][info][gc       ] [SPS 0.000 0.001 0.000 0.006 0.000 0.001 0.000 0.051 0.014 0.073 NewGC_pause3 136.850739 ]
[136.862s][info][safepoint] Application time: 0.0114623 seconds
[136.863s][info][safepoint] Total time for which application threads were stopped: 0.0001913 seconds, Stopping threads took: 0.0000005 seconds
[136.863s][info][gc       ] [SPS 0.000 0.003 0.004 0.006 0.000 0.001 0.000 0.163 0.021 0.192 NewGC_pause4 136.862393 ]
[137.142s][info][gc       ] [GC New Max 455-425 : 5120 3838 3566 5120 - - 1056 56 2 2 - : 2136 1216 30 184 3176 : 2010 3 1165 1165 14 : 384 0 334 0 1068 - 0 : 0.001099 3640.9 0.0 0.543251 2842.1 0.0 : 8 --c 0000 : 23 0 0.000 0.000 0 0.000 0.000 0 0.000 0.000 : 136.598189 136.601102 0.000188 136.849001 0.000132 136.850665 0.000055 136.862201 0.000109 : 137.141440 ]
[137.142s][info][gc       ] [SYSINFO 7335 227 63 0 6779 0 30 0 0 5703 : - - - - - - - - : 0 7168 : 2.62 2.96 2.09 : 292739 4277980 : 0 0 : 29 0 : 3877 2 0 261 : - 7413223424 682364928 1202388992 5905219584 238166016 67043328 : 140073237 30186110 743320 0 0 0 : 137.141683 ]
[137.142s][info][gc       ] [HUGEPAGESTAT 0 0 0 - 110774 0 0 : 393216 0 0 : 137.141683 ]
[137.142s][info][gc       ] [OBJCREAT 425617787 25619 21614592 : 137.141729 ]
[137.142s][info][gc       ] [HMSV All : 0 0 130 0 0 0 0 0 : 5000 0 0 0 : 137.141745 ]
[137.142s][info][gc       ] [HMSP 9 : 41100 0 : 137.141745 ]
[137.143s][info][gc       ] [GPGC-H  3905.2 522.8 0.1 0.0 : 8.8 : 0.444 0.437 : 0.575 0.434 0.636 1.294 : 2.834 0.844 0.845 0.028 1.717 0.399 : 0.000 : 99.798 : 2142 1216 30 0 : 2275 : 4608 4424 : 137.142673 : 11 Old_headroom_use_exceeded_trigger ]
[137.142s][info][gc       ] [VMAC 65530 166 24 435 625 : 137.142201 ]
[137.148s][info][safepoint] Application time: 0.2850334 seconds
[137.148s][info][safepoint] Total time for which application threads were stopped: 0.0001409 seconds, Stopping threads took: 0.0000004 seconds
[137.148s][info][gc       ] [SPS 0.000 0.001 0.003 0.006 0.000 0.001 0.000 0.116 0.018 0.141 NewGC_pause1 137.147567 ]
[137.355s][info][safepoint] Application time: 0.2078252 seconds
[137.356s][info][safepoint] Total time for which application threads were stopped: 0.0000884 seconds, Stopping threads took: 0.0000006 seconds
[137.356s][info][gc       ] [SPS 0.000 0.001 0.000 0.009 0.001 0.001 0.000 0.061 0.016 0.088 NewGC_pause2 137.355481 ]
[137.357s][info][safepoint] Application time: 0.0009839 seconds
[137.357s][info][safepoint] Total time for which application threads were stopped: 0.0000823 seconds, Stopping threads took: 0.0000005 seconds
[137.357s][info][gc       ] [SPS 0.000 0.001 0.000 0.013 0.000 0.001 0.000 0.041 0.026 0.082 NewGC_pause3 137.356547 ]
[137.373s][info][safepoint] Application time: 0.0165185 seconds
[137.374s][info][safepoint] Total time for which application threads were stopped: 0.0000836 seconds, Stopping threads took: 0.0000005 seconds
[137.374s][info][gc       ] [SPS 0.000 0.042 0.010 0.007 0.000 0.001 0.001 0.055 0.018 0.083 NewGC_pause4 137.373149 ]
[137.531s][info][gc       ] [GC NTO Max 456-426 : 5120 4096 2876 5120 - - 1056 56 2 2 - : 950 1712 30 184 2666 : 1097 2 1568 1568 1 : 248 0 257 0 475 - 0 : 0.001686 4745.5 0.0 0.387732 2207.7 0.0 : 8 --c 0001 : 23 0 0.000 0.000 0 0.000 0.000 0 0.000 0.000 : 137.143126 137.147426 0.000117 137.355392 0.000067 137.356465 0.000051 137.373066 0.000053 : 137.530858 ]
[137.531s][info][gc       ] [SYSINFO 7335 227 63 0 6779 0 30 0 0 5703 : - - - - - - - - : 0 7168 : 2.62 2.96 2.09 : 292739 4277980 : 0 0 : 29 0 : 3877 5 0 261 : - 7413223424 682364928 1202388992 5905219584 238166016 67043328 : 140073237 30190510 743340 0 0 0 : 137.531161 ]
[137.531s][info][gc       ] [HUGEPAGESTAT 0 0 0 - 110774 0 0 : 393216 0 0 : 137.531161 ]
[137.531s][info][gc       ] [OBJCREAT 426471967 25619 22091776 : 137.531220 ]
[137.531s][info][gc       ] [HMSV All : 0 0 130 0 0 0 0 0 : 5000 0 0 0 : 137.531244 ]
[137.531s][info][gc       ] [HMSP 9 : 41100 0 : 137.531244 ]
[137.532s][info][gc       ] [GPGC-H  3871.6 522.8 0.1 0.0 : 8.8 : 0.443 0.437 : 0.575 0.434 0.636 1.294 : 2.833 0.844 0.845 0.028 1.717 0.399 : 0.000 : 99.797 : 952 1712 30 0 : 2275 : 4608 4424 : 137.531642 : 9 Next_heuristic_check_may_be_too_late ]
[137.532s][info][gc       ] [VMAC 65530 166 24 435 625 : 137.531720 ]
[137.542s][info][safepoint] Application time: 0.1687746 seconds
[137.542s][info][safepoint] Total time for which application threads were stopped: 0.0001408 seconds, Stopping threads took: 0.0000005 seconds
[137.543s][info][gc       ] [SPS 0.001 0.069 0.008 0.008 0.001 0.001 0.000 0.112 0.019 0.141 NewGC_pause1 137.542065 ]
[137.611s][info][safepoint] Application time: 0.0684689 seconds
[137.612s][info][safepoint] Total time for which application threads were stopped: 0.0006145 seconds, Stopping threads took: 0.0000004 seconds
[137.612s][info][gc       ] [SPS 0.001 0.004 0.000 0.010 0.000 0.002 0.001 0.582 0.019 0.614 OldGC_pause2 137.611149 ]
[137.653s][info][safepoint] Application time: 0.0421168 seconds
[137.654s][info][safepoint] Total time for which application threads were stopped: 0.0000794 seconds, Stopping threads took: 0.0000006 seconds
[137.654s][info][gc       ] [SPS 0.000 0.002 0.000 0.010 0.001 0.001 0.000 0.049 0.019 0.079 OldGC_pause3 137.653345 ]
[137.675s][info][safepoint] Application time: 0.0213734 seconds
[137.675s][info][safepoint] Total time for which application threads were stopped: 0.0001064 seconds, Stopping threads took: 0.0000005 seconds
[137.675s][info][gc       ] [SPS 0.000 0.001 0.000 0.007 0.001 0.001 0.000 0.077 0.020 0.106 NewGC_pause2 137.674825 ]
[137.676s][info][safepoint] Application time: 0.0010683 seconds
[137.676s][info][safepoint] Total time for which application threads were stopped: 0.0000649 seconds, Stopping threads took: 0.0000005 seconds
[137.676s][info][gc       ] [SPS 0.000 0.001 0.000 0.007 0.001 0.001 0.000 0.041 0.015 0.065 NewGC_pause3 137.675958 ]
[137.685s][info][safepoint] Application time: 0.0092406 seconds
[137.686s][info][safepoint] Total time for which application threads were stopped: 0.0000899 seconds, Stopping threads took: 0.0000005 seconds
[137.686s][info][gc       ] [SPS 0.000 0.004 0.009 0.008 0.001 0.001 0.000 0.057 0.024 0.090 NewGC_pause4 137.685289 ]
[137.725s][info][gc       ] [GC New Max 458-427 : 5120 3234 2508 5120 - - 1056 56 2 2 - : 482 1812 30 184 1308 : 421 4 884 884 0 : 50 1 161 0 241 - 0 : 0.009003 3332.1 0.0 0.184484 2634.4 0.0 : 8 --c 0000 : 23 0 0.000 0.000 0 0.000 0.000 0 0.000 0.000 : 137.539861 137.541924 0.000117 137.674719 0.000079 137.675893 0.000045 137.685199 0.000056 : 137.724345 ]
[137.725s][info][gc       ] [SYSINFO 7335 227 63 0 6779 0 30 0 0 5703 : - - - - - - - - : 0 7168 : 2.62 2.96 2.09 : 292739 4277980 : 0 0 : 29 0 : 3877 2 0 261 : - 7413223424 682364928 1202388992 5905219584 238166016 67043328 : 140073237 30192200 743440 0 0 0 : 137.724626 ]
[137.725s][info][gc       ] [HUGEPAGESTAT 0 0 0 - 110774 0 0 : 393216 0 0 : 137.724626 ]
[137.725s][info][gc       ] [OBJCREAT 426983785 25619 22194176 : 137.724680 ]
[137.725s][info][gc       ] [HMSV All : 0 0 130 0 0 0 0 0 : 5000 0 0 0 : 137.724698 ]
[137.725s][info][gc       ] [HMSP 9 : 41100 0 : 137.724698 ]
[137.725s][info][gc       ] [VMAC 65530 166 24 435 625 : 137.725135 ]
[137.726s][info][safepoint] Application time: 0.0409093 seconds
[137.726s][info][safepoint] Total time for which application threads were stopped: 0.0000901 seconds, Stopping threads took: 0.0000005 seconds
[137.727s][info][gc       ] [SPS 0.000 0.003 0.006 0.007 0.000 0.001 0.000 0.058 0.024 0.090 OldGC_pause4 137.726289 ]
[137.729s][info][gc       ] [GC Old Max 457-31 : 5120 4158 2508 5120 - - 1056 56 2 2 - : 498 1796 30 184 1854 : 1812 24 1 1 0 : 0 10 298 2 858 - 55 : 1.682227 669.4 0.0 0.584159 968.9 0.0 : 3 --c 0000 : 23   -    -    -    -    -    -    -    -    -  : 137.144767 137.147426 0.000117 137.610535 0.000586 137.653266 0.000056 137.726198 0.000057 : 137.728926 ]
[137.729s][info][gc       ] [SYSINFO 7335 227 63 0 6779 0 30 0 0 5703 : - - - - - - - - : 0 7168 : 2.62 2.96 2.09 : 292739 4277980 : 0 0 : 29 0 : 3877 2 0 261 : - 7413223424 682364928 1202388992 5905219584 238166016 67043328 : 140073237 30192240 743440 0 0 0 : 137.729182 ]
[137.729s][info][gc       ] [HUGEPAGESTAT 0 0 0 - 110774 0 0 : 393216 0 0 : 137.729182 ]
[137.729s][info][gc       ] [OBJCREAT 426997661 25619 22194176 : 137.729231 ]
[137.729s][info][gc       ] [HMSV All : 0 0 130 0 0 0 0 0 : 5000 0 0 0 : 137.729248 ]
[137.729s][info][gc       ] [HMSP 9 : 41100 0 : 137.729248 ]
[137.729s][info][gc       ] [COMPSTATS 1 : 5 0 : 2 0 : 0 0 : 527 5 0 0 0 0 : 0 0 0 0 0 0 : 145 146 12 : 532 0 0 0 0 0 0 : 532 0 0 0 0 0 0 ]
[137.729s][info][gc       ] [COMPSTATS 2 : 5 0 : 1 0 : 0 0 : 132 11 0 0 0 0 : 0 0 0 0 0 0 : 52677 52713 7789 : 77 42 24 0 0 0 0 : 39 84 14 5 1 0 0 ]
[137.729s][info][gc       ] [DEOPTSTATS 1 : 0 0 : 0 0 : 0 0 : 0 0 : 0 11 : 0 0 : 0 0 : 0 0 : 0 0 : 0 0 : 0 0 : 0 0 : 0 0 : 0 0 : 0 0 : 0 0 : 0 0 : 0 0 : 0 0 : 0 0 : 0 0 : 0 0 : 0 0 : 0 0 : 0 0 : 0 0 : 0 0 : 0 0 : 0 0 : 0 0 : 6 0 : 0 0 : 0 0 : 0 0 : 0 0 : 0 0 : 0 0 : 0 0 : 0 0 : 0 0 : 0 0 : 0 0 ]
[137.729s][info][gc       ] [DEOPTSTATS 2 : 0 0 : 0 0 : 0 0 : 0 0 : 0 0 : 0 0 : 0 15 : 0 0 : 0 0 : 0 0 : 0 0 : 0 0 : 0 0 : 0 0 : 0 0 : 0 0 : 0 0 : 0 0 : 0 0 : 0 0 : 0 0 : 0 0 : 0 0 : 0 0 : 0 0 : 0 0 : 0 0 : 0 0 : 0 0 : 0 0 : 4 0 : 0 0 : 0 0 : 0 0 : 0 1 : 0 0 : 0 0 : 0 0 : 0 0 : 0 3 : 0 0 : 0 0 ]
[137.730s][info][gc       ] [VMAC 65530 166 24 435 625 : 137.729697 ]
[137.730s][info][gc       ] [CCF 0 0 0 0 33 230912: 3088896 : 380 196608 : 3 49152 : 317 311808 :  521 645120 : 121 422400 : 0 0 : 15 1228800 : 1 2048]
[137.884s][info][gc       ] [GPGC-H  3871.6 522.8 0.1 0.0 : 8.8 : 0.442 0.441 : 0.575 0.584 0.636 1.294 : 2.832 0.844 0.845 0.476 1.717 0.399 : 0.000 : 99.998 : 1090 1796 30 0 : 2275 : 4608 4424 : 137.884210 : 9 Next_heuristic_check_may_be_too_late ]
[137.887s][info][safepoint] Application time: 0.1604274 seconds
[137.887s][info][safepoint] Total time for which application threads were stopped: 0.0002606 seconds, Stopping threads took: 0.0000004 seconds
[137.888s][info][gc       ] [SPS 0.000 0.004 0.004 0.007 0.000 0.001 0.000 0.238 0.014 0.261 NewGC_pause1 137.886977 ]
[137.962s][info][safepoint] Application time: 0.0749037 seconds
[137.963s][info][safepoint] Total time for which application threads were stopped: 0.0001572 seconds, Stopping threads took: 0.0000004 seconds
[137.963s][info][gc       ] [SPS 0.000 0.001 0.000 0.006 0.000 0.001 0.000 0.116 0.034 0.157 NewGC_pause2 137.962038 ]
[137.964s][info][safepoint] Application time: 0.0019809 seconds
[137.964s][info][safepoint] Total time for which application threads were stopped: 0.0000834 seconds, Stopping threads took: 0.0000004 seconds
[137.964s][info][gc       ] [SPS 0.000 0.000 0.000 0.006 0.000 0.001 0.000 0.038 0.038 0.083 NewGC_pause3 137.964102 ]
[137.965s][info][safepoint] Application time: 0.0012276 seconds
[137.966s][info][safepoint] Total time for which application threads were stopped: 0.0000671 seconds, Stopping threads took: 0.0000005 seconds
[137.966s][info][gc       ] [SPS 0.000 0.003 0.002 0.006 0.000 0.001 0.000 0.045 0.015 0.067 NewGC_pause4 137.965397 ]
[137.966s][info][gc       ] [GC New Max 459-428 : 5120 3340 2248 5120 - - 1056 56 2 2 - : 238 1796 30 184 1330 : 232 4 1096 1096 0 : 0 1 116 0 119 - 0 : 0.160421 3802.5 0.0 0.081041 2986.1 0.0 : 8 --c 0000 : 23 0 0.000 0.000 0 0.000 0.000 0 0.000 0.000 : 137.884767 137.886716 0.000243 137.961880 0.000112 137.964018 0.000040 137.965330 0.000048 : 137.965808 ]
[137.966s][info][gc       ] [SYSINFO 7335 227 63 0 6779 0 30 0 0 5703 : - - - - - - - - : 0 7168 : 2.62 2.96 2.09 : 292739 4277980 : 0 0 : 29 0 : 3877 2 0 261 : - 7413223424 682364928 1202388992 5905219584 238166016 67043328 : 140073237 30193030 743460 0 0 0 : 137.966041 ]
[137.966s][info][gc       ] [HUGEPAGESTAT 0 0 0 - 110774 0 0 : 393216 0 0 : 137.966041 ]
[137.966s][info][gc       ] [OBJCREAT 427824334 25619 22194176 : 137.966086 ]
[137.966s][info][gc       ] [HMSV All : 0 0 130 0 0 0 0 0 : 5000 0 0 0 : 137.966103 ]
[137.966s][info][gc       ] [HMSP 9 : 41100 0 : 137.966103 ]
[137.967s][info][gc       ] [VMAC 65530 166 24 435 625 : 137.966524 ]
[138.128s][info][gc       ] [GPGC-H  3871.6 522.8 0.1 0.0 : 8.8 : 0.441 0.441 : 0.575 0.584 0.636 1.294 : 2.830 0.844 0.845 0.476 1.717 0.399 : 0.000 : 99.813 : 862 1796 30 0 : 2275 : 4608 4424 : 138.128109 : 9 Next_heuristic_check_may_be_too_late ]
[138.131s][info][safepoint] Application time: 0.1649303 seconds
[138.131s][info][safepoint] Total time for which application threads were stopped: 0.0003408 seconds, Stopping threads took: 0.0000004 seconds
[138.131s][info][gc       ] [SPS 0.000 0.002 0.002 0.006 0.000 0.001 0.000 0.298 0.036 0.341 NewGC_pause1 138.130668 ]
[138.179s][info][safepoint] Application time: 0.0482038 seconds
[138.179s][info][safepoint] Total time for which application threads were stopped: 0.0001451 seconds, Stopping threads took: 0.0000004 seconds
[138.180s][info][gc       ] [SPS 0.000 0.001 0.000 0.006 0.000 0.001 0.000 0.118 0.020 0.145 NewGC_pause2 138.179017 ]
[138.181s][info][safepoint] Application time: 0.0018901 seconds
[138.181s][info][safepoint] Total time for which application threads were stopped: 0.0000546 seconds, Stopping threads took: 0.0000004 seconds
[138.181s][info][gc       ] [SPS 0.000 0.000 0.000 0.006 0.000 0.001 0.000 0.034 0.013 0.055 NewGC_pause3 138.180962 ]
[138.182s][info][safepoint] Application time: 0.0009779 seconds
[138.182s][info][safepoint] Total time for which application threads were stopped: 0.0000575 seconds, Stopping threads took: 0.0000004 seconds
[138.182s][info][gc       ] [SPS 0.000 0.002 0.002 0.006 0.000 0.001 0.000 0.038 0.013 0.057 NewGC_pause4 138.181997 ]
[138.183s][info][gc       ] [GC New Max 460-429 : 5120 3044 2180 5120 - - 1056 56 2 2 - : 170 1796 30 184 1034 : 164 6 867 867 0 : 0 1 82 0 85 - 0 : 0.162749 3846.4 0.0 0.053807 3196.6 0.0 : 8 --c 0000 : 23 0 0.000 0.000 0 0.000 0.000 0 0.000 0.000 : 138.128557 138.130327 0.000212 138.178872 0.000086 138.180907 0.000037 138.181940 0.000041 : 138.182364 ]
[138.183s][info][gc       ] [SYSINFO 7335 227 63 0 6779 0 30 0 0 5703 : - - - - - - - - : 0 7168 : 2.62 2.96 2.09 : 292739 4277980 : 0 0 : 29 0 : 3877 2 0 261 : - 7413223424 682364928 1202388992 5905219584 238166016 67043328 : 140073237 30193580 743460 0 0 0 : 138.182606 ]
[138.183s][info][gc       ] [HUGEPAGESTAT 0 0 0 - 110774 0 0 : 393216 0 0 : 138.182606 ]
[138.183s][info][gc       ] [OBJCREAT 428615249 25619 22194176 : 138.182648 ]
[138.183s][info][gc       ] [HMSV All : 0 0 130 0 0 0 0 0 : 5000 0 0 0 : 138.182664 ]
[138.183s][info][gc       ] [HMSP 9 : 41100 0 : 138.182664 ]
[138.183s][info][gc       ] [VMAC 65530 166 24 435 625 : 138.183114 ]
[138.342s][info][gc       ] [GPGC-H  3871.6 522.8 0.1 0.0 : 8.8 : 0.440 0.441 : 0.575 0.584 0.636 1.294 : 2.827 0.844 0.845 0.476 1.717 0.399 : 0.000 : 99.626 : 786 1796 30 0 : 2275 : 4608 4424 : 138.342077 : 9 Next_heuristic_check_may_be_too_late ]
[138.345s][info][safepoint] Application time: 0.1623845 seconds
[138.345s][info][safepoint] Total time for which application threads were stopped: 0.0003482 seconds, Stopping threads took: 0.0000008 seconds
[138.345s][info][gc       ] [SPS 0.000 0.004 0.003 0.010 0.001 0.001 0.001 0.287 0.049 0.348 NewGC_pause1 138.344731 ]
[138.390s][info][safepoint] Application time: 0.0452890 seconds
[138.391s][info][safepoint] Total time for which application threads were stopped: 0.0001330 seconds, Stopping threads took: 0.0000004 seconds
[138.391s][info][gc       ] [SPS 0.000 0.001 0.000 0.006 0.000 0.001 0.000 0.107 0.018 0.133 NewGC_pause2 138.390153 ]
[138.393s][info][safepoint] Application time: 0.0022641 seconds
[138.393s][info][safepoint] Total time for which application threads were stopped: 0.0000962 seconds, Stopping threads took: 0.0000004 seconds
[138.393s][info][gc       ] [SPS 0.000 0.000 0.000 0.006 0.000 0.001 0.000 0.077 0.012 0.096 NewGC_pause3 138.392513 ]
[138.394s][info][safepoint] Application time: 0.0012385 seconds
[138.394s][info][safepoint] Total time for which application threads were stopped: 0.0000584 seconds, Stopping threads took: 0.0000004 seconds
[138.394s][info][gc       ] [SPS 0.000 0.002 0.002 0.005 0.000 0.001 0.000 0.038 0.013 0.058 NewGC_pause4 138.393810 ]
[138.394s][info][gc       ] [GC New Max 461-430 : 5120 2958 2170 5120 - - 1056 56 2 2 - : 160 1796 30 184 948 : 156 4 793 793 0 : 0 1 78 0 80 - 0 : 0.160198 3857.7 0.0 0.051646 3175.5 0.0 : 8 --c 0000 : 23 0 0.000 0.000 0 0.000 0.000 0 0.000 0.000 : 138.342563 138.344382 0.000248 138.390020 0.000041 138.392417 0.000080 138.393751 0.000041 : 138.394208 ]
[138.394s][info][gc       ] [SYSINFO 7335 227 63 0 6779 0 30 0 0 5703 : - - - - - - - - : 0 7168 : 2.62 2.96 2.09 : 292739 4277980 : 0 0 : 29 0 : 3877 2 0 261 : - 7413223424 682364928 1202388992 5905219584 238166016 67043328 : 140073237 30194070 743460 0 0 0 : 138.394407 ]
[138.394s][info][gc       ] [HUGEPAGESTAT 0 0 0 - 110774 0 0 : 393216 0 0 : 138.394407 ]
[138.394s][info][gc       ] [OBJCREAT 429389437 25619 22194176 : 138.394456 ]
[138.394s][info][gc       ] [HMSV All : 0 0 130 0 0 0 0 0 : 5000 0 0 0 : 138.394471 ]
[138.394s][info][gc       ] [HMSP 9 : 41100 0 : 138.394471 ]
[138.395s][info][gc       ] [VMAC 65530 166 24 435 625 : 138.394846 ]
[138.554s][info][gc       ] [GPGC-H  3871.6 522.8 0.1 0.0 : 8.8 : 0.440 0.441 : 0.575 0.584 0.636 1.294 : 2.822 0.844 0.845 0.476 1.717 0.399 : 0.000 : 99.442 : 784 1796 30 0 : 2275 : 4608 4424 : 138.554449 : 9 Next_heuristic_check_may_be_too_late ]
[138.557s][info][safepoint] Application time: 0.1631035 seconds
[138.558s][info][safepoint] Total time for which application threads were stopped: 0.0003993 seconds, Stopping threads took: 0.0000008 seconds
[138.558s][info][gc       ] [SPS 0.000 0.004 0.003 0.010 0.001 0.001 0.001 0.351 0.036 0.400 NewGC_pause1 138.557313 ]
[138.605s][info][safepoint] Application time: 0.0471431 seconds
[138.605s][info][safepoint] Total time for which application threads were stopped: 0.0001414 seconds, Stopping threads took: 0.0000004 seconds
[138.606s][info][gc       ] [SPS 0.000 0.001 0.000 0.006 0.000 0.001 0.000 0.115 0.019 0.141 NewGC_pause2 138.604598 ]
[138.607s][info][safepoint] Application time: 0.0019087 seconds
[138.607s][info][safepoint] Total time for which application threads were stopped: 0.0000515 seconds, Stopping threads took: 0.0000004 seconds
[138.607s][info][gc       ] [SPS 0.000 0.000 0.000 0.006 0.000 0.001 0.000 0.032 0.013 0.051 NewGC_pause3 138.606558 ]
[138.608s][info][safepoint] Application time: 0.0012174 seconds
[138.608s][info][safepoint] Total time for which application threads were stopped: 0.0000645 seconds, Stopping threads took: 0.0000004 seconds
[138.608s][info][gc       ] [SPS 0.000 0.002 0.002 0.006 0.000 0.001 0.000 0.045 0.013 0.064 NewGC_pause4 138.607840 ]
[138.608s][info][gc       ] [GC New Max 462-431 : 5120 2966 2180 5120 - - 1056 56 2 2 - : 170 1796 30 184 956 : 164 4 791 791 0 : 0 1 82 0 85 - 0 : 0.160764 3893.9 0.0 0.053248 3267.7 0.0 : 8 --c 0000 : 23 0 0.000 0.000 0 0.000 0.000 0 0.000 0.000 : 138.554972 138.556914 0.000267 138.604456 0.000086 138.606506 0.000035 138.607775 0.000048 : 138.608221 ]
[138.608s][info][gc       ] [SYSINFO 7335 227 63 0 6779 0 30 0 0 5703 : - - - - - - - - : 0 7168 : 2.62 2.96 2.09 : 292739 4277980 : 0 0 : 29 0 : 3877 2 0 261 : - 7413223424 682364928 1202388992 5905219584 238166016 67043328 : 140073237 30194570 743490 0 0 0 : 138.608429 ]
[138.608s][info][gc       ] [HUGEPAGESTAT 0 0 0 - 110774 0 0 : 393216 0 0 : 138.608429 ]
[138.608s][info][gc       ] [OBJCREAT 430179914 25619 22194176 : 138.608471 ]
[138.608s][info][gc       ] [HMSV All : 0 0 130 0 0 0 0 0 : 5000 0 0 0 : 138.608485 ]
[138.608s][info][gc       ] [HMSP 9 : 41100 0 : 138.608485 ]
[138.609s][info][gc       ] [VMAC 65530 166 24 435 625 : 138.608890 ]
[138.768s][info][gc       ] [GPGC-H  3871.6 522.8 0.1 0.0 : 8.8 : 0.439 0.441 : 0.575 0.584 0.636 1.294 : 2.817 0.844 0.845 0.476 1.717 0.399 : 0.000 : 99.258 : 792 1796 30 0 : 2275 : 4608 4424 : 138.768102 : 9 Next_heuristic_check_may_be_too_late ]
[138.771s][info][safepoint] Application time: 0.1625105 seconds
[138.771s][info][safepoint] Total time for which application threads were stopped: 0.0002828 seconds, Stopping threads took: 0.0000004 seconds
[138.771s][info][gc       ] [SPS 0.000 0.003 0.002 0.006 0.000 0.001 0.000 0.242 0.034 0.283 NewGC_pause1 138.770634 ]
[138.819s][info][safepoint] Application time: 0.0486790 seconds
[138.820s][info][safepoint] Total time for which application threads were stopped: 0.0001447 seconds, Stopping threads took: 0.0000004 seconds
[138.820s][info][gc       ] [SPS 0.000 0.001 0.000 0.006 0.000 0.001 0.000 0.118 0.020 0.145 NewGC_pause2 138.819457 ]
[138.821s][info][safepoint] Application time: 0.0017598 seconds
[138.822s][info][safepoint] Total time for which application threads were stopped: 0.0000556 seconds, Stopping threads took: 0.0000004 seconds
[138.822s][info][gc       ] [SPS 0.000 0.001 0.000 0.006 0.000 0.001 0.000 0.036 0.013 0.056 NewGC_pause3 138.821273 ]
[138.822s][info][safepoint] Application time: 0.0011467 seconds
[138.823s][info][safepoint] Total time for which application threads were stopped: 0.0000599 seconds, Stopping threads took: 0.0000004 seconds
[138.823s][info][gc       ] [SPS 0.000 0.002 0.002 0.006 0.000 0.001 0.000 0.039 0.013 0.060 NewGC_pause4 138.822479 ]
[138.823s][info][gc       ] [GC New Max 463-432 : 5120 2948 2152 5120 - - 1056 56 2 2 - : 142 1796 30 184 938 : 138 4 798 798 0 : 0 1 69 0 71 - 0 : 0.160385 3890.6 0.0 0.054243 2691.6 0.0 : 8 --c 0000 : 23 0 0.000 0.000 0 0.000 0.000 0 0.000 0.000 : 138.768605 138.770351 0.000209 138.819313 0.000088 138.821217 0.000038 138.822420 0.000042 : 138.822849 ]
[138.823s][info][gc       ] [SYSINFO 7335 227 63 0 6779 0 30 0 0 5703 : - - - - - - - - : 0 7168 : 2.49 2.93 2.09 : 292739 4277980 : 0 0 : 29 0 : 3877 2 0 261 : - 7413223424 682364928 1202388992 5905219584 238166016 67043328 : 140073237 30195100 743500 0 0 0 : 138.823086 ]
[138.823s][info][gc       ] [HUGEPAGESTAT 0 0 0 - 110774 0 0 : 393216 0 0 : 138.823086 ]
[138.823s][info][gc       ] [OBJCREAT 430943764 25619 22194176 : 138.823126 ]
[138.823s][info][gc       ] [HMSV All : 0 0 130 0 0 0 0 0 : 5000 0 0 0 : 138.823140 ]
[138.823s][info][gc       ] [HMSP 9 : 41100 0 : 138.823140 ]
[138.824s][info][gc       ] [VMAC 65530 166 24 435 625 : 138.823600 ]
[139.004s][info][gc       ] [GPGC-H  3871.6 522.8 0.1 0.0 : 8.8 : 0.438 0.441 : 0.575 0.584 0.636 1.294 : 2.810 0.844 0.845 0.476 1.717 0.399 : 0.000 : 99.075 : 834 1796 30 0 : 2275 : 4608 4424 : 139.004304 : 9 Next_heuristic_check_may_be_too_late ]
[139.007s][info][safepoint] Application time: 0.1844388 seconds
[139.008s][info][safepoint] Total time for which application threads were stopped: 0.0004298 seconds, Stopping threads took: 0.0000004 seconds
[139.008s][info][gc       ] [SPS 0.000 0.003 0.002 0.006 0.000 0.001 0.000 0.390 0.033 0.430 NewGC_pause1 139.007348 ]
[139.054s][info][safepoint] Application time: 0.0464379 seconds
[139.054s][info][safepoint] Total time for which application threads were stopped: 0.0001555 seconds, Stopping threads took: 0.0000004 seconds
[139.055s][info][gc       ] [SPS 0.000 0.001 0.000 0.006 0.000 0.001 0.000 0.128 0.020 0.156 NewGC_pause2 139.053942 ]
[139.056s][info][safepoint] Application time: 0.0023876 seconds
[139.057s][info][safepoint] Total time for which application threads were stopped: 0.0001673 seconds, Stopping threads took: 0.0000004 seconds
[139.057s][info][gc       ] [SPS 0.000 0.000 0.000 0.006 0.000 0.001 0.000 0.119 0.041 0.167 NewGC_pause3 139.056497 ]
[139.058s][info][safepoint] Application time: 0.0010040 seconds
[139.058s][info][safepoint] Total time for which application threads were stopped: 0.0000670 seconds, Stopping threads took: 0.0000004 seconds
[139.058s][info][gc       ] [SPS 0.000 0.002 0.002 0.006 0.000 0.001 0.000 0.046 0.014 0.067 NewGC_pause4 139.057568 ]
[139.058s][info][gc       ] [GC New Max 464-433 : 5120 3014 2176 5120 - - 1056 56 2 2 - : 166 1796 30 184 1004 : 162 4 840 840 0 : 0 1 81 0 83 - 0 : 0.181956 3814.1 0.0 0.053151 3198.5 0.0 : 8 --c 0000 : 23 0 0.000 0.000 0 0.000 0.000 0 0.000 0.000 : 139.004804 139.006918 0.000321 139.053786 0.000092 139.056329 0.000045 139.057501 0.000049 : 139.057955 ]
[139.058s][info][gc       ] [SYSINFO 7335 227 63 0 6779 0 30 0 0 5703 : - - - - - - - - : 0 7168 : 2.49 2.93 2.09 : 292739 4277980 : 0 0 : 29 0 : 3877 2 0 261 : - 7413223424 682364928 1202388992 5905219584 238166016 67043328 : 140073237 30195650 743500 0 0 0 : 139.058168 ]
[139.058s][info][gc       ] [HUGEPAGESTAT 0 0 0 - 110774 0 0 : 393216 0 0 : 139.058168 ]
[139.058s][info][gc       ] [OBJCREAT 431796255 25619 22194176 : 139.058210 ]
[139.058s][info][gc       ] [HMSV All : 0 0 130 0 0 0 0 0 : 5000 0 0 0 : 139.058225 ]
[139.058s][info][gc       ] [HMSP 9 : 41100 0 : 139.058225 ]
[139.059s][info][gc       ] [VMAC 65530 166 24 435 625 : 139.058720 ]
[139.220s][info][gc       ] [GPGC-H  3871.6 517.3 0.1 0.0 : 8.6 : 0.437 0.441 : 0.575 0.584 0.636 1.294 : 2.804 0.844 0.845 0.476 1.717 0.399 : 0.000 : 98.867 : 816 1796 30 0 : 2275 : 4608 4424 : 139.220165 : 9 Next_heuristic_check_may_be_too_late ]
[139.223s][info][safepoint] Application time: 0.1650325 seconds
[139.224s][info][safepoint] Total time for which application threads were stopped: 0.0004561 seconds, Stopping threads took: 0.0000008 seconds
[139.224s][info][gc       ] [SPS 0.000 0.004 0.019 0.009 0.001 0.001 0.001 0.398 0.046 0.456 NewGC_pause1 139.223057 ]
[139.272s][info][safepoint] Application time: 0.0483993 seconds
[139.272s][info][safepoint] Total time for which application threads were stopped: 0.0001402 seconds, Stopping threads took: 0.0000004 seconds
[139.273s][info][gc       ] [SPS 0.000 0.001 0.000 0.006 0.000 0.001 0.000 0.114 0.019 0.140 NewGC_pause2 139.271596 ]
[139.274s][info][safepoint] Application time: 0.0020499 seconds
[139.274s][info][safepoint] Total time for which application threads were stopped: 0.0001401 seconds, Stopping threads took: 0.0000004 seconds
[139.274s][info][gc       ] [SPS 0.000 0.000 0.000 0.005 0.000 0.001 0.000 0.116 0.018 0.140 NewGC_pause3 139.273786 ]
[139.275s][info][safepoint] Application time: 0.0010029 seconds
[139.275s][info][safepoint] Total time for which application threads were stopped: 0.0000584 seconds, Stopping threads took: 0.0000004 seconds
[139.275s][info][gc       ] [SPS 0.000 0.002 0.002 0.005 0.000 0.001 0.000 0.039 0.013 0.058 NewGC_pause4 139.274847 ]
[139.275s][info][gc       ] [GC New Max 465-434 : 5120 2994 2176 5120 - - 1056 56 2 2 - : 166 1796 30 184 984 : 162 4 821 821 0 : 0 1 81 0 83 - 0 : 0.162700 3995.1 0.0 0.054605 3113.3 0.0 : 8 --c 0000 : 23 0 0.000 0.000 0 0.000 0.000 0 0.000 0.000 : 139.220655 139.222601 0.000322 139.271456 0.000085 139.273646 0.000085 139.274789 0.000041 : 139.275260 ]
[139.275s][info][gc       ] [SYSINFO 7335 227 63 0 6779 0 30 0 0 5703 : - - - - - - - - : 0 7168 : 2.49 2.93 2.09 : 292739 4277980 : 0 0 : 29 0 : 3877 2 0 261 : - 7413223424 682364928 1202388992 5905219584 238166016 67043328 : 140073237 30196210 743510 0 0 0 : 139.275458 ]
[139.275s][info][gc       ] [HUGEPAGESTAT 0 0 0 - 110774 0 0 : 393216 0 0 : 139.275458 ]
[139.275s][info][gc       ] [OBJCREAT 432610806 25619 22194176 : 139.275496 ]
[139.276s][info][gc       ] [HMSV All : 0 0 130 0 0 0 0 0 : 5000 0 0 0 : 139.275545 ]
[139.276s][info][gc       ] [HMSP 9 : 41100 0 : 139.275545 ]
[139.276s][info][gc       ] [VMAC 65530 166 24 435 625 : 139.275894 ]
[139.438s][info][gc       ] [GPGC-H  3871.6 517.3 0.1 0.0 : 8.6 : 0.436 0.441 : 0.575 0.584 0.636 1.294 : 2.797 0.844 0.845 0.476 1.717 0.399 : 0.000 : 98.682 : 810 1796 30 0 : 2275 : 4608 4424 : 139.437523 : 9 Next_heuristic_check_may_be_too_late ]
[139.440s][info][safepoint] Application time: 0.1650327 seconds
[139.441s][info][safepoint] Total time for which application threads were stopped: 0.0003222 seconds, Stopping threads took: 0.0000005 seconds
[139.441s][info][gc       ] [SPS 0.000 0.003 0.002 0.006 0.000 0.001 0.000 0.289 0.038 0.334 NewGC_pause1 139.440215 ]
[139.486s][info][safepoint] Application time: 0.0458678 seconds
[139.487s][info][safepoint] Total time for which application threads were stopped: 0.0001374 seconds, Stopping threads took: 0.0000004 seconds
[139.487s][info][gc       ] [SPS 0.000 0.001 0.000 0.005 0.000 0.001 0.000 0.113 0.018 0.138 NewGC_pause2 139.486209 ]
[139.488s][info][safepoint] Application time: 0.0018322 seconds
[139.488s][info][safepoint] Total time for which application threads were stopped: 0.0000509 seconds, Stopping threads took: 0.0000004 seconds
[139.489s][info][gc       ] [SPS 0.000 0.001 0.000 0.006 0.000 0.001 0.000 0.033 0.011 0.051 NewGC_pause3 139.488091 ]
[139.489s][info][safepoint] Application time: 0.0011336 seconds
[139.489s][info][safepoint] Total time for which application threads were stopped: 0.0000601 seconds, Stopping threads took: 0.0000004 seconds
[139.490s][info][gc       ] [SPS 0.000 0.002 0.002 0.005 0.000 0.001 0.000 0.041 0.012 0.060 NewGC_pause4 139.489285 ]
[139.490s][info][gc       ] [GC New Max 466-435 : 5120 2966 2156 5120 - - 1056 56 2 2 - : 146 1796 30 184 956 : 140 4 815 815 0 : 0 1 70 0 73 - 0 : 0.162728 3969.8 0.0 0.051651 2865.4 0.0 : 8 --c 0000 : 23 0 0.000 0.000 0 0.000 0.000 0 0.000 0.000 : 139.437989 139.439881 0.000253 139.486071 0.000083 139.488040 0.000036 139.489225 0.000041 : 139.489639 ]
[139.490s][info][gc       ] [SYSINFO 7335 227 63 0 6779 0 30 0 0 5703 : - - - - - - - - : 0 7168 : 2.49 2.93 2.09 : 292739 4277980 : 0 0 : 29 0 : 3877 2 0 261 : - 7413223424 682364928 1202388992 5905219584 238166016 67043328 : 140073237 30196740 743520 0 0 0 : 139.489845 ]
[139.490s][info][gc       ] [HUGEPAGESTAT 0 0 0 - 110774 0 0 : 393216 0 0 : 139.489845 ]
[139.490s][info][gc       ] [OBJCREAT 433395765 25619 22194176 : 139.489887 ]
[139.490s][info][gc       ] [HMSV All : 0 0 130 0 0 0 0 0 : 5000 0 0 0 : 139.489901 ]
[139.490s][info][gc       ] [HMSP 9 : 41100 0 : 139.489901 ]
[139.490s][info][gc       ] [VMAC 65530 166 24 435 625 : 139.490285 ]
[139.651s][info][gc       ] [GPGC-H  3862.3 517.3 0.1 0.0 : 8.6 : 0.435 0.441 : 0.575 0.584 0.636 1.294 : 2.791 0.844 0.845 0.476 1.717 0.399 : 0.000 : 98.498 : 808 1796 30 0 : 2275 : 4608 4424 : 139.651151 : 9 Next_heuristic_check_may_be_too_late ]
[139.654s][info][safepoint] Application time: 0.1640038 seconds
[139.654s][info][safepoint] Total time for which application threads were stopped: 0.0003335 seconds, Stopping threads took: 0.0000004 seconds
[139.654s][info][gc       ] [SPS 0.000 0.003 0.002 0.006 0.000 0.001 0.000 0.293 0.033 0.334 NewGC_pause1 139.653622 ]
[139.705s][info][safepoint] Application time: 0.0511755 seconds
[139.706s][info][safepoint] Total time for which application threads were stopped: 0.0001521 seconds, Stopping threads took: 0.0000004 seconds
[139.706s][info][gc       ] [SPS 0.000 0.001 0.000 0.006 0.000 0.001 0.000 0.125 0.020 0.152 NewGC_pause2 139.704950 ]
[139.707s][info][safepoint] Application time: 0.0021303 seconds
[139.707s][info][safepoint] Total time for which application threads were stopped: 0.0000635 seconds, Stopping threads took: 0.0000004 seconds
[139.708s][info][gc       ] [SPS 0.000 0.000 0.000 0.006 0.000 0.001 0.000 0.042 0.014 0.064 NewGC_pause3 139.707144 ]
[139.708s][info][safepoint] Application time: 0.0011020 seconds
[139.708s][info][safepoint] Total time for which application threads were stopped: 0.0000675 seconds, Stopping threads took: 0.0000004 seconds
[139.709s][info][gc       ] [SPS 0.000 0.002 0.002 0.012 0.000 0.001 0.000 0.040 0.014 0.068 NewGC_pause4 139.708314 ]
[139.709s][info][gc       ] [GC New Max 467-436 : 5120 3008 2200 5120 - - 1056 56 2 2 - : 190 1796 30 184 998 : 186 4 813 813 0 : 0 1 93 0 95 - 0 : 0.162056 4097.3 0.0 0.057020 3367.2 0.0 : 8 --c 0000 : 23 0 0.000 0.000 0 0.000 0.000 0 0.000 0.000 : 139.651695 139.653289 0.000262 139.704798 0.000090 139.707080 0.000045 139.708246 0.000050 : 139.708716 ]
[139.709s][info][gc       ] [SYSINFO 7335 227 63 0 6779 0 30 0 0 5703 : - - - - - - - - : 0 7168 : 2.49 2.93 2.09 : 292739 4277980 : 0 0 : 29 0 : 3877 2 0 261 : - 7413223424 682364928 1202388992 5905219584 238166016 67043328 : 140073237 30197280 743520 0 0 0 : 139.708934 ]
[139.709s][info][gc       ] [HUGEPAGESTAT 0 0 0 - 110774 0 0 : 393216 0 0 : 139.708934 ]
[139.709s][info][gc       ] [OBJCREAT 434244119 25619 22194176 : 139.708975 ]
[139.709s][info][gc       ] [HMSV All : 0 0 130 0 0 0 0 0 : 5000 0 0 0 : 139.708990 ]
[139.709s][info][gc       ] [HMSP 9 : 41100 0 : 139.708990 ]
[139.709s][info][gc       ] [VMAC 65530 166 24 435 625 : 139.709464 ]
[139.871s][info][gc       ] [GPGC-H  3862.3 517.3 0.1 0.0 : 8.6 : 0.434 0.441 : 0.575 0.584 0.636 1.294 : 2.785 0.844 0.845 0.476 1.717 0.399 : 0.000 : 98.315 : 850 1796 30 0 : 2275 : 4608 4424 : 139.870872 : 9 Next_heuristic_check_may_be_too_late ]
[139.874s][info][safepoint] Application time: 0.1649441 seconds
[139.874s][info][safepoint] Total time for which application threads were stopped: 0.0003774 seconds, Stopping threads took: 0.0000008 seconds
[139.874s][info][gc       ] [SPS 0.000 0.004 0.004 0.011 0.001 0.001 0.001 0.313 0.051 0.378 NewGC_pause1 139.873636 ]
[139.918s][info][safepoint] Application time: 0.0439028 seconds
[139.918s][info][safepoint] Total time for which application threads were stopped: 0.0001631 seconds, Stopping threads took: 0.0000004 seconds
[139.919s][info][gc       ] [SPS 0.000 0.001 0.000 0.006 0.000 0.001 0.000 0.138 0.019 0.163 NewGC_pause2 139.917702 ]
[139.920s][info][safepoint] Application time: 0.0019509 seconds
[139.920s][info][safepoint] Total time for which application threads were stopped: 0.0000602 seconds, Stopping threads took: 0.0000004 seconds
[139.920s][info][gc       ] [SPS 0.000 0.000 0.000 0.005 0.000 0.001 0.000 0.040 0.013 0.060 NewGC_pause3 139.919713 ]
[139.921s][info][safepoint] Application time: 0.0011715 seconds
[139.921s][info][safepoint] Total time for which application threads were stopped: 0.0000699 seconds, Stopping threads took: 0.0000004 seconds
[139.921s][info][gc       ] [SPS 0.000 0.002 0.002 0.006 0.000 0.001 0.000 0.043 0.020 0.070 NewGC_pause4 139.920954 ]
[139.922s][info][gc       ] [GC New Max 468-437 : 5120 2992 2138 5120 - - 1056 56 2 2 - : 128 1796 30 184 982 : 124 4 856 856 0 : 0 1 62 0 64 - 0 : 0.162695 4069.0 0.0 0.049921 2644.2 0.0 : 8 --c 0000 : 23 0 0.000 0.000 0 0.000 0.000 0 0.000 0.000 : 139.871411 139.873258 0.000272 139.917538 0.000103 139.919652 0.000043 139.920884 0.000046 : 139.921331 ]
[139.922s][info][gc       ] [SYSINFO 7335 227 63 0 6779 0 30 0 0 5703 : - - - - - - - - : 0 7168 : 2.49 2.93 2.09 : 292739 4277980 : 0 0 : 29 0 : 3877 2 0 261 : - 7413223424 682364928 1202388992 5905219584 238166016 67043328 : 140073237 30197810 743520 0 0 0 : 139.921536 ]
[139.922s][info][gc       ] [HUGEPAGESTAT 0 0 0 - 110774 0 0 : 393216 0 0 : 139.921536 ]
[139.922s][info][gc       ] [OBJCREAT 435031262 25619 22194176 : 139.921576 ]
[139.922s][info][gc       ] [HMSV All : 0 0 130 0 0 0 0 0 : 5000 0 0 0 : 139.921590 ]
[139.922s][info][gc       ] [HMSP 9 : 41100 0 : 139.921590 ]
[139.922s][info][gc       ] [VMAC 65530 166 24 435 625 : 139.921950 ]
[140.081s][info][gc       ] [GPGC-H  3862.3 517.3 0.1 0.0 : 8.6 : 0.433 0.441 : 0.575 0.584 0.636 1.294 : 2.779 0.844 0.845 0.476 1.717 0.399 : 0.000 : 98.131 : 764 1796 30 0 : 2275 : 4608 4424 : 140.081165 : 9 Next_heuristic_check_may_be_too_late ]
[140.084s][info][safepoint] Application time: 0.1622701 seconds
[140.084s][info][safepoint] Total time for which application threads were stopped: 0.0004301 seconds, Stopping threads took: 0.0000005 seconds
[140.084s][info][gc       ] [SPS 0.000 0.003 0.002 0.006 0.000 0.001 0.000 0.403 0.019 0.430 NewGC_pause1 140.083655 ]
[140.131s][info][safepoint] Application time: 0.0467982 seconds
[140.131s][info][safepoint] Total time for which application threads were stopped: 0.0001434 seconds, Stopping threads took: 0.0000004 seconds
[140.132s][info][gc       ] [SPS 0.000 0.001 0.000 0.006 0.000 0.001 0.000 0.117 0.019 0.144 NewGC_pause2 140.130597 ]
[140.133s][info][safepoint] Application time: 0.0022236 seconds
[140.133s][info][safepoint] Total time for which application threads were stopped: 0.0000590 seconds, Stopping threads took: 0.0000004 seconds
[140.133s][info][gc       ] [SPS 0.000 0.000 0.000 0.006 0.000 0.001 0.000 0.038 0.013 0.059 NewGC_pause3 140.132879 ]
[140.134s][info][safepoint] Application time: 0.0010900 seconds
[140.134s][info][safepoint] Total time for which application threads were stopped: 0.0000583 seconds, Stopping threads took: 0.0000004 seconds
[140.134s][info][gc       ] [SPS 0.000 0.002 0.002 0.006 0.000 0.001 0.000 0.039 0.013 0.058 NewGC_pause4 140.134027 ]
[140.135s][info][gc       ] [GC New Max 469-438 : 5120 2950 2184 5120 - - 1056 56 2 2 - : 174 1796 30 184 940 : 170 4 768 768 0 : 0 1 85 0 87 - 0 : 0.160347 3978.9 0.0 0.052733 3337.6 0.0 : 8 --c 0000 : 23 0 0.000 0.000 0 0.000 0.000 0 0.000 0.000 : 140.081678 140.083225 0.000285 140.130453 0.000087 140.132820 0.000041 140.133969 0.000042 : 140.134411 ]
[140.135s][info][gc       ] [SYSINFO 7335 227 63 0 6779 0 30 0 0 5703 : - - - - - - - - : 0 7168 : 2.49 2.93 2.09 : 292739 4277980 : 0 0 : 29 0 : 3877 2 0 261 : - 7413223424 682364928 1202388992 5905219584 238166016 67043328 : 140073237 30198350 743520 0 0 0 : 140.134616 ]
[140.135s][info][gc       ] [HUGEPAGESTAT 0 0 0 - 110774 0 0 : 393216 0 0 : 140.134616 ]
[140.135s][info][gc       ] [OBJCREAT 435836601 25619 22194176 : 140.134655 ]
[140.135s][info][gc       ] [HMSV All : 0 0 130 0 0 0 0 0 : 5000 0 0 0 : 140.134670 ]
[140.135s][info][gc       ] [HMSP 9 : 41100 0 : 140.134670 ]
[140.135s][info][gc       ] [VMAC 65530 166 24 435 625 : 140.135065 ]
[140.295s][info][gc       ] [GPGC-H  3862.3 517.3 0.1 0.0 : 8.6 : 0.432 0.441 : 0.575 0.584 0.636 1.294 : 2.772 0.844 0.845 0.476 1.717 0.399 : 0.000 : 97.951 : 840 1796 30 0 : 2275 : 4608 4424 : 140.294776 : 9 Next_heuristic_check_may_be_too_late ]
[140.298s][info][safepoint] Application time: 0.1630981 seconds
[140.298s][info][safepoint] Total time for which application threads were stopped: 0.0003681 seconds, Stopping threads took: 0.0000008 seconds
[140.298s][info][gc       ] [SPS 0.000 0.004 0.003 0.010 0.001 0.001 0.001 0.307 0.060 0.380 NewGC_pause1 140.297506 ]
[140.346s][info][safepoint] Application time: 0.0485355 seconds
[140.347s][info][safepoint] Total time for which application threads were stopped: 0.0001446 seconds, Stopping threads took: 0.0000004 seconds
[140.347s][info][gc       ] [SPS 0.000 0.001 0.000 0.006 0.000 0.001 0.000 0.117 0.019 0.144 NewGC_pause2 140.346174 ]
[140.349s][info][safepoint] Application time: 0.0023320 seconds
[140.349s][info][safepoint] Total time for which application threads were stopped: 0.0001636 seconds, Stopping threads took: 0.0000004 seconds
[140.349s][info][gc       ] [SPS 0.000 0.000 0.000 0.006 0.000 0.001 0.000 0.136 0.021 0.164 NewGC_pause3 140.348670 ]
[140.350s][info][safepoint] Application time: 0.0012401 seconds
[140.350s][info][safepoint] Total time for which application threads were stopped: 0.0000644 seconds, Stopping threads took: 0.0000004 seconds
[140.350s][info][gc       ] [SPS 0.000 0.002 0.002 0.006 0.000 0.001 0.000 0.041 0.017 0.064 NewGC_pause4 140.349974 ]
[140.351s][info][gc       ] [GC New Max 470-439 : 5120 3032 2190 5120 - - 1056 56 2 2 - : 180 1796 30 184 1022 : 174 4 847 847 0 : 0 1 87 0 90 - 0 : 0.160888 4151.9 0.0 0.055111 3338.7 0.0 : 8 --c 0000 : 23 0 0.000 0.000 0 0.000 0.000 0 0.000 0.000 : 140.295299 140.297126 0.000267 140.346030 0.000086 140.348506 0.000042 140.349910 0.000043 : 140.350410 ]
[140.351s][info][gc       ] [SYSINFO 7335 227 63 0 6779 0 30 0 0 5703 : - - - - - - - - : 0 7168 : 2.49 2.93 2.09 : 292739 4277980 : 0 0 : 29 0 : 3877 2 0 261 : - 7413223424 682364928 1202388992 5905219584 238166016 67043328 : 140073237 30198870 743520 0 0 0 : 140.350633 ]
[140.351s][info][gc       ] [HUGEPAGESTAT 0 0 0 - 110774 0 0 : 393216 0 0 : 140.350633 ]
[140.351s][info][gc       ] [OBJCREAT 436678080 25619 22194176 : 140.350674 ]
[140.351s][info][gc       ] [HMSV All : 0 0 130 0 0 0 0 0 : 5000 0 0 0 : 140.350688 ]
[140.351s][info][gc       ] [HMSP 9 : 41100 0 : 140.350688 ]
[140.351s][info][gc       ] [VMAC 65530 166 24 435 625 : 140.351127 ]
[140.508s][info][gc       ] [GPGC-H  3862.3 517.3 0.1 0.0 : 8.6 : 0.431 0.441 : 0.575 0.584 0.636 1.294 : 2.766 0.844 0.845 0.476 1.717 0.399 : 0.000 : 97.770 : 822 1796 32 0 : 2275 : 4608 4424 : 140.508175 : 9 Next_heuristic_check_may_be_too_late ]
[140.511s][info][safepoint] Application time: 0.1606305 seconds
[140.511s][info][safepoint] Total time for which application threads were stopped: 0.0003152 seconds, Stopping threads took: 0.0000004 seconds
[140.512s][info][gc       ] [SPS 0.000 0.003 0.002 0.006 0.000 0.001 0.000 0.270 0.039 0.315 NewGC_pause1 140.510920 ]
[140.558s][info][safepoint] Application time: 0.0468671 seconds
[140.559s][info][safepoint] Total time for which application threads were stopped: 0.0001720 seconds, Stopping threads took: 0.0000004 seconds
[140.559s][info][gc       ] [SPS 0.001 0.001 0.000 0.007 0.000 0.001 0.000 0.143 0.021 0.172 NewGC_pause2 140.557960 ]
[140.561s][info][safepoint] Application time: 0.0027127 seconds
[140.561s][info][safepoint] Total time for which application threads were stopped: 0.0000701 seconds, Stopping threads took: 0.0000004 seconds
[140.561s][info][gc       ] [SPS 0.000 0.001 0.000 0.006 0.000 0.001 0.000 0.045 0.017 0.070 NewGC_pause3 140.560742 ]
[140.562s][info][safepoint] Application time: 0.0010572 seconds
[140.562s][info][safepoint] Total time for which application threads were stopped: 0.0000679 seconds, Stopping threads took: 0.0000004 seconds
[140.562s][info][gc       ] [SPS 0.000 0.003 0.002 0.006 0.000 0.001 0.000 0.045 0.015 0.068 NewGC_pause4 140.561867 ]
[140.563s][info][gc       ] [GC New Max 471-440 : 5120 2980 2158 5120 - - 1056 56 2 2 - : 146 1796 32 184 968 : 142 4 827 827 0 : 0 1 71 0 73 - 0 : 0.158285 4068.6 12.6 0.053562 2763.2 0.0 : 8 --c 0000 : 23 0 0.000 0.000 0 0.000 0.000 0 0.000 0.000 : 140.508695 140.510605 0.000234 140.557788 0.000101 140.560672 0.000043 140.561800 0.000048 : 140.562256 ]
[140.563s][info][gc       ] [SYSINFO 7335 227 63 0 6779 0 30 0 0 5703 : - - - - - - - - : 0 7168 : 2.49 2.93 2.09 : 292739 4277980 : 0 0 : 29 0 : 3877 2 0 261 : - 7413223424 682364928 1202388992 5905219584 238166016 67043328 : 140073237 30199420 743540 0 0 0 : 140.562500 ]
[140.563s][info][gc       ] [HUGEPAGESTAT 0 0 0 - 110774 0 0 : 393216 0 0 : 140.562500 ]
[140.563s][info][gc       ] [OBJCREAT 437462800 25619 22194176 : 140.562544 ]
[140.563s][info][gc       ] [HMSV All : 0 0 130 0 0 0 0 0 : 5000 0 0 0 : 140.562559 ]
[140.563s][info][gc       ] [HMSP 9 : 41100 0 : 140.562559 ]
[140.563s][info][gc       ] [VMAC 65530 166 24 435 625 : 140.562977 ]
[140.724s][info][gc       ] [GPGC-H  3862.3 517.3 0.1 0.0 : 8.6 : 0.430 0.441 : 0.575 0.584 0.636 1.294 : 2.760 0.844 0.845 0.476 1.717 0.399 : 0.000 : 97.593 : 778 1796 32 0 : 2275 : 4608 4424 : 140.724182 : 9 Next_heuristic_check_may_be_too_late ]
[140.727s][info][safepoint] Application time: 0.1647769 seconds
[140.727s][info][safepoint] Total time for which application threads were stopped: 0.0003065 seconds, Stopping threads took: 0.0000004 seconds
[140.728s][info][gc       ] [SPS 0.001 0.003 0.003 0.006 0.000 0.001 0.000 0.262 0.037 0.307 NewGC_pause1 140.726952 ]
[140.775s][info][safepoint] Application time: 0.0480308 seconds
[140.776s][info][safepoint] Total time for which application threads were stopped: 0.0001523 seconds, Stopping threads took: 0.0000004 seconds
[140.776s][info][gc       ] [SPS 0.000 0.001 0.000 0.006 0.000 0.001 0.000 0.127 0.018 0.152 NewGC_pause2 140.775134 ]
[140.777s][info][safepoint] Application time: 0.0015661 seconds
[140.777s][info][safepoint] Total time for which application threads were stopped: 0.0000505 seconds, Stopping threads took: 0.0000004 seconds
[140.777s][info][gc       ] [SPS 0.000 0.000 0.000 0.005 0.000 0.001 0.000 0.032 0.012 0.051 NewGC_pause3 140.776751 ]
[140.778s][info][safepoint] Application time: 0.0010439 seconds
[140.778s][info][safepoint] Total time for which application threads were stopped: 0.0000598 seconds, Stopping threads took: 0.0000004 seconds
[140.778s][info][gc       ] [SPS 0.000 0.002 0.002 0.009 0.000 0.001 0.000 0.038 0.012 0.060 NewGC_pause4 140.777855 ]
[140.779s][info][gc       ] [GC New Max 472-441 : 5120 2934 2154 5120 - - 1056 56 2 2 - : 142 1796 32 184 922 : 138 4 783 783 0 : 0 1 69 0 71 - 0 : 0.162560 3887.8 0.0 0.053493 2729.3 0.0 : 8 --c 0000 : 23 0 0.000 0.000 0 0.000 0.000 0 0.000 0.000 : 140.724817 140.726645 0.000215 140.774982 0.000088 140.776700 0.000035 140.777795 0.000044 : 140.778310 ]
[140.779s][info][gc       ] [SYSINFO 7335 227 63 0 6779 0 30 0 0 5703 : - - - - - - - - : 0 7168 : 2.49 2.93 2.09 : 292739 4277980 : 0 0 : 29 0 : 3877 2 0 261 : - 7413223424 682364928 1202388992 5905219584 238166016 67043328 : 140073237 30199900 743540 0 0 0 : 140.778519 ]
[140.779s][info][gc       ] [HUGEPAGESTAT 0 0 0 - 110774 0 0 : 393216 0 0 : 140.778519 ]
[140.779s][info][gc       ] [OBJCREAT 438235087 25619 22194176 : 140.778558 ]
[140.779s][info][gc       ] [HMSV All : 0 0 130 0 0 0 0 0 : 5000 0 0 0 : 140.778571 ]
[140.779s][info][gc       ] [HMSP 9 : 41100 0 : 140.778571 ]
[140.779s][info][gc       ] [VMAC 65530 166 24 435 625 : 140.779037 ]
[140.941s][info][gc       ] [GPGC-H  3862.3 517.3 0.1 0.0 : 8.6 : 0.429 0.441 : 0.575 0.584 0.636 1.294 : 2.754 0.844 0.845 0.476 1.717 0.399 : 0.000 : 97.411 : 804 1796 32 0 : 2275 : 4608 4424 : 140.940563 : 9 Next_heuristic_check_may_be_too_late ]
[140.943s][info][safepoint] Application time: 0.1650889 seconds
[140.944s][info][safepoint] Total time for which application threads were stopped: 0.0003748 seconds, Stopping threads took: 0.0000004 seconds
[140.944s][info][gc       ] [SPS 0.000 0.003 0.002 0.008 0.000 0.001 0.000 0.315 0.050 0.375 NewGC_pause1 140.943319 ]
[140.991s][info][safepoint] Application time: 0.0471914 seconds
[140.991s][info][safepoint] Total time for which application threads were stopped: 0.0001722 seconds, Stopping threads took: 0.0000004 seconds
[140.992s][info][gc       ] [SPS 0.000 0.001 0.000 0.006 0.000 0.001 0.000 0.144 0.020 0.172 NewGC_pause2 140.990682 ]
[140.993s][info][safepoint] Application time: 0.0023514 seconds
[140.993s][info][safepoint] Total time for which application threads were stopped: 0.0000848 seconds, Stopping threads took: 0.0000004 seconds
[140.994s][info][gc       ] [SPS 0.000 0.000 0.000 0.006 0.000 0.001 0.000 0.059 0.018 0.085 NewGC_pause3 140.993119 ]
[140.994s][info][safepoint] Application time: 0.0012108 seconds
[140.995s][info][safepoint] Total time for which application threads were stopped: 0.0000835 seconds, Stopping threads took: 0.0000005 seconds
[140.995s][info][gc       ] [SPS 0.000 0.003 0.002 0.006 0.000 0.001 0.000 0.050 0.026 0.084 NewGC_pause4 140.994413 ]
[140.995s][info][gc       ] [GC New Max 473-442 : 5120 2962 2154 5120 - - 1056 56 2 2 - : 142 1796 32 184 950 : 138 4 810 810 0 : 0 1 69 0 71 - 0 : 0.162772 4079.3 0.0 0.053676 2720.0 0.0 : 8 --c 0000 : 23 0 0.000 0.000 0 0.000 0.000 0 0.000 0.000 : 140.941082 140.942944 0.000277 140.990510 0.000089 140.993034 0.000062 140.994330 0.000046 : 140.994757 ]
[140.995s][info][gc       ] [SYSINFO 7335 227 63 0 6779 0 30 0 0 5703 : - - - - - - - - : 0 7168 : 2.49 2.93 2.09 : 292739 4277980 : 0 0 : 29 0 : 3877 2 0 261 : - 7413223424 682364928 1202388992 5905219584 238166016 67043328 : 140073237 30200460 743540 0 0 0 : 140.995049 ]
[140.995s][info][gc       ] [HUGEPAGESTAT 0 0 0 - 110774 0 0 : 393216 0 0 : 140.995049 ]
[140.995s][info][gc       ] [OBJCREAT 439036357 25619 22194176 : 140.995093 ]
[140.995s][info][gc       ] [HMSV All : 0 0 130 0 0 0 0 0 : 5000 0 0 0 : 140.995107 ]
[140.995s][info][gc       ] [HMSP 9 : 41100 0 : 140.995107 ]
[140.996s][info][gc       ] [VMAC 65530 166 24 435 625 : 140.995596 ]
[141.154s][info][gc       ] [GPGC-H  3862.3 505.4 0.1 0.0 : 8.4 : 0.428 0.441 : 0.575 0.584 0.636 1.294 : 2.748 0.844 0.845 0.476 1.717 0.399 : 0.000 : 97.230 : 790 1796 32 0 : 2275 : 4608 4424 : 141.154233 : 9 Next_heuristic_check_may_be_too_late ]
[141.157s][info][safepoint] Application time: 0.1618936 seconds
[141.157s][info][safepoint] Total time for which application threads were stopped: 0.0003288 seconds, Stopping threads took: 0.0000004 seconds
[141.157s][info][gc       ] [SPS 0.000 0.002 0.002 0.006 0.000 0.001 0.000 0.294 0.027 0.329 NewGC_pause1 141.156636 ]
[141.204s][info][safepoint] Application time: 0.0467132 seconds
[141.204s][info][safepoint] Total time for which application threads were stopped: 0.0001648 seconds, Stopping threads took: 0.0000004 seconds
[141.204s][info][gc       ] [SPS 0.000 0.001 0.000 0.006 0.000 0.001 0.000 0.139 0.019 0.165 NewGC_pause2 141.203514 ]
[141.206s][info][safepoint] Application time: 0.0020607 seconds
[141.206s][info][safepoint] Total time for which application threads were stopped: 0.0001776 seconds, Stopping threads took: 0.0000005 seconds
[141.206s][info][gc       ] [SPS 0.000 0.000 0.000 0.008 0.001 0.001 0.000 0.134 0.029 0.173 NewGC_pause3 141.205753 ]
[141.207s][info][safepoint] Application time: 0.0011061 seconds
[141.207s][info][safepoint] Total time for which application threads were stopped: 0.0000643 seconds, Stopping threads took: 0.0000004 seconds
[141.207s][info][gc       ] [SPS 0.000 0.002 0.002 0.006 0.000 0.001 0.000 0.040 0.018 0.064 NewGC_pause4 141.206923 ]
[141.208s][info][gc       ] [GC New Max 474-443 : 5120 2934 2144 5120 - - 1056 56 2 2 - : 130 1796 32 184 922 : 126 2 795 795 0 : 0 1 63 0 65 - 0 : 0.159899 4065.1 0.0 0.052674 2506.0 0.0 : 8 --c 0000 : 23 0 0.000 0.000 0 0.000 0.000 0 0.000 0.000 : 141.154656 141.156307 0.000203 141.203350 0.000108 141.205580 0.000052 141.206859 0.000043 : 141.207330 ]
[141.208s][info][gc       ] [SYSINFO 7335 227 63 0 6779 0 30 0 0 5703 : - - - - - - - - : 0 7168 : 2.49 2.93 2.09 : 292739 4277980 : 0 0 : 29 0 : 3877 2 0 261 : - 7413223424 682364928 1202388992 5905219584 238166016 67043328 : 140073237 30200920 743570 0 0 0 : 141.207541 ]
[141.208s][info][gc       ] [HUGEPAGESTAT 0 0 0 - 110774 0 0 : 393216 0 0 : 141.207541 ]
[141.208s][info][gc       ] [OBJCREAT 439810996 25619 22194176 : 141.207587 ]
[141.208s][info][gc       ] [HMSV All : 0 0 130 0 0 0 0 0 : 5000 0 0 0 : 141.207601 ]
[141.208s][info][gc       ] [HMSP 9 : 41100 0 : 141.207601 ]
[141.208s][info][gc       ] [VMAC 65530 166 24 435 625 : 141.208018 ]
[141.370s][info][gc       ] [GPGC-H  3862.3 505.4 0.1 0.0 : 8.4 : 0.427 0.441 : 0.575 0.584 0.636 1.294 : 2.742 0.844 0.845 0.476 1.717 0.399 : 0.000 : 97.052 : 782 1796 32 0 : 2275 : 4608 4424 : 141.369624 : 9 Next_heuristic_check_may_be_too_late ]
[141.372s][info][safepoint] Application time: 0.1650672 seconds
[141.373s][info][safepoint] Total time for which application threads were stopped: 0.0002597 seconds, Stopping threads took: 0.0000005 seconds
[141.373s][info][gc       ] [SPS 0.000 0.003 0.002 0.006 0.000 0.001 0.000 0.228 0.036 0.271 NewGC_pause1 141.372262 ]
[141.420s][info][safepoint] Application time: 0.0478161 seconds
[141.421s][info][safepoint] Total time for which application threads were stopped: 0.0001369 seconds, Stopping threads took: 0.0000004 seconds
[141.421s][info][gc       ] [SPS 0.000 0.001 0.000 0.005 0.000 0.001 0.000 0.110 0.020 0.137 NewGC_pause2 141.420204 ]
[141.422s][info][safepoint] Application time: 0.0017185 seconds
[141.422s][info][safepoint] Total time for which application threads were stopped: 0.0000579 seconds, Stopping threads took: 0.0000004 seconds
[141.423s][info][gc       ] [SPS 0.000 0.001 0.000 0.006 0.000 0.001 0.000 0.037 0.014 0.058 NewGC_pause3 141.421980 ]
[141.423s][info][safepoint] Application time: 0.0012137 seconds
[141.423s][info][safepoint] Total time for which application threads were stopped: 0.0000575 seconds, Stopping threads took: 0.0000004 seconds
[141.424s][info][gc       ] [SPS 0.000 0.003 0.002 0.005 0.000 0.001 0.000 0.038 0.013 0.057 NewGC_pause4 141.423251 ]
[141.424s][info][gc       ] [GC New Max 475-444 : 5120 2956 2170 5120 - - 1056 56 2 2 - : 158 1796 32 184 944 : 154 4 788 788 0 : 0 1 77 0 79 - 0 : 0.162698 4019.7 0.0 0.053582 3023.4 0.0 : 8 --c 0000 : 23 0 0.000 0.000 0 0.000 0.000 0 0.000 0.000 : 141.370029 141.371991 0.000195 141.420067 0.000079 141.421922 0.000040 141.423194 0.000041 : 141.423611 ]
[141.424s][info][gc       ] [SYSINFO 7335 227 63 0 6779 0 30 0 0 5703 : - - - - - - - - : 0 7168 : 2.49 2.93 2.09 : 292739 4277980 : 0 0 : 29 0 : 3877 2 0 261 : - 7413223424 682364928 1202388992 5905219584 238166016 67043328 : 140073237 30201500 743600 0 0 0 : 141.423817 ]
[141.424s][info][gc       ] [HUGEPAGESTAT 0 0 0 - 110774 0 0 : 393216 0 0 : 141.423817 ]
[141.424s][info][gc       ] [OBJCREAT 440618115 25619 22194176 : 141.423858 ]
[141.424s][info][gc       ] [HMSV All : 0 0 130 0 0 0 0 0 : 5000 0 0 0 : 141.423872 ]
[141.424s][info][gc       ] [HMSP 9 : 41100 0 : 141.423872 ]
[141.424s][info][gc       ] [VMAC 65530 166 24 435 625 : 141.424315 ]
[141.581s][info][gc       ] [GPGC-H  3857.5 505.4 0.1 0.0 : 8.4 : 0.426 0.441 : 0.575 0.584 0.636 1.294 : 2.735 0.844 0.845 0.476 1.717 0.399 : 0.000 : 96.872 : 800 1796 32 0 : 2275 : 4608 4424 : 141.581348 : 9 Next_heuristic_check_may_be_too_late ]
[141.584s][info][safepoint] Application time: 0.1603741 seconds
[141.585s][info][safepoint] Total time for which application threads were stopped: 0.0003801 seconds, Stopping threads took: 0.0000004 seconds
[141.585s][info][gc       ] [SPS 0.000 0.003 0.005 0.006 0.000 0.001 0.000 0.339 0.034 0.381 NewGC_pause1 141.584006 ]
[141.631s][info][safepoint] Application time: 0.0467142 seconds
[141.631s][info][safepoint] Total time for which application threads were stopped: 0.0001661 seconds, Stopping threads took: 0.0000004 seconds
[141.632s][info][gc       ] [SPS 0.000 0.001 0.000 0.006 0.000 0.001 0.000 0.140 0.019 0.166 NewGC_pause2 141.630886 ]
[141.633s][info][safepoint] Application time: 0.0019234 seconds
[141.633s][info][safepoint] Total time for which application threads were stopped: 0.0000589 seconds, Stopping threads took: 0.0000004 seconds
[141.633s][info][gc       ] [SPS 0.000 0.000 0.000 0.006 0.000 0.001 0.000 0.038 0.014 0.059 NewGC_pause3 141.632869 ]
[141.634s][info][safepoint] Application time: 0.0010633 seconds
[141.634s][info][safepoint] Total time for which application threads were stopped: 0.0000583 seconds, Stopping threads took: 0.0000004 seconds
[141.634s][info][gc       ] [SPS 0.000 0.003 0.002 0.006 0.000 0.001 0.000 0.039 0.012 0.058 NewGC_pause4 141.633990 ]
[141.635s][info][gc       ] [GC New Max 476-445 : 5120 2982 2180 5120 - - 1056 56 2 2 - : 168 1796 32 184 970 : 164 4 805 805 0 : 0 1 82 0 84 - 0 : 0.158238 4069.8 0.0 0.052560 3234.4 0.0 : 8 --c 0000 : 23 0 0.000 0.000 0 0.000 0.000 0 0.000 0.000 : 141.581849 141.583625 0.000298 141.630720 0.000049 141.632809 0.000041 141.633932 0.000042 : 141.634409 ]
[141.635s][info][gc       ] [SYSINFO 7335 227 63 0 6779 0 30 0 0 5703 : - - - - - - - - : 0 7168 : 2.49 2.93 2.09 : 292739 4277980 : 0 0 : 29 0 : 3877 2 0 261 : - 7413223424 682364928 1202388992 5905219584 238166016 67043328 : 140073237 30202030 743630 0 0 0 : 141.634617 ]
[141.635s][info][gc       ] [HUGEPAGESTAT 0 0 0 - 110774 0 0 : 393216 0 0 : 141.634617 ]
[141.635s][info][gc       ] [OBJCREAT 441424009 25619 22194176 : 141.634658 ]
[141.635s][info][gc       ] [HMSV All : 0 0 130 0 0 0 0 0 : 5000 0 0 0 : 141.634673 ]
[141.635s][info][gc       ] [HMSP 9 : 41100 0 : 141.634673 ]
[141.635s][info][gc       ] [VMAC 65530 166 24 435 625 : 141.635127 ]
[141.791s][info][gc       ] [GPGC-H  3857.5 505.4 0.1 0.0 : 8.4 : 0.425 0.441 : 0.575 0.584 0.636 1.294 : 2.729 0.844 0.845 0.476 1.717 0.399 : 0.000 : 96.697 : 798 1796 32 0 : 2275 : 4608 4424 : 141.791106 : 9 Next_heuristic_check_may_be_too_late ]
[141.794s][info][safepoint] Application time: 0.1593518 seconds
[141.794s][info][safepoint] Total time for which application threads were stopped: 0.0002709 seconds, Stopping threads took: 0.0000008 seconds
[141.794s][info][gc       ] [SPS 0.000 0.004 0.003 0.010 0.001 0.001 0.001 0.239 0.033 0.285 NewGC_pause1 141.793627 ]
[141.840s][info][safepoint] Application time: 0.0463318 seconds
[141.841s][info][safepoint] Total time for which application threads were stopped: 0.0001494 seconds, Stopping threads took: 0.0000004 seconds
[141.841s][info][gc       ] [SPS 0.000 0.001 0.000 0.006 0.000 0.001 0.001 0.123 0.019 0.149 NewGC_pause2 141.840094 ]
[141.842s][info][safepoint] Application time: 0.0014128 seconds
[141.842s][info][safepoint] Total time for which application threads were stopped: 0.0000549 seconds, Stopping threads took: 0.0000004 seconds
[141.842s][info][gc       ] [SPS 0.000 0.000 0.000 0.006 0.000 0.001 0.000 0.034 0.013 0.055 NewGC_pause3 141.841562 ]
[141.843s][info][safepoint] Application time: 0.0010859 seconds
[141.843s][info][safepoint] Total time for which application threads were stopped: 0.0000591 seconds, Stopping threads took: 0.0000004 seconds
[141.843s][info][gc       ] [SPS 0.000 0.002 0.002 0.006 0.000 0.001 0.000 0.039 0.013 0.059 NewGC_pause4 141.842707 ]
[141.843s][info][gc       ] [GC New Max 477-446 : 5120 2982 2184 5120 - - 1056 56 2 2 - : 172 1796 32 184 970 : 168 4 802 802 0 : 0 1 84 0 86 - 0 : 0.157149 4021.7 0.0 0.051568 3374.2 0.0 : 8 --c 0000 : 23 0 0.000 0.000 0 0.000 0.000 0 0.000 0.000 : 141.791557 141.793342 0.000205 141.839945 0.000090 141.841507 0.000037 141.842648 0.000042 : 141.843125 ]
[141.843s][info][gc       ] [SYSINFO 7335 227 63 0 6779 0 30 0 0 5703 : - - - - - - - - : 0 7168 : 2.49 2.93 2.09 : 292739 4277980 : 0 0 : 29 0 : 3877 2 0 261 : - 7413223424 682364928 1202388992 5905219584 238166016 67043328 : 140073237 30202560 743630 0 0 0 : 141.843373 ]
[141.843s][info][gc       ] [HUGEPAGESTAT 0 0 0 - 110774 0 0 : 393216 0 0 : 141.843373 ]
[141.843s][info][gc       ] [OBJCREAT 442219836 25619 22194176 : 141.843414 ]
[141.843s][info][gc       ] [HMSV All : 0 0 130 0 0 0 0 0 : 5000 0 0 0 : 141.843428 ]
[141.843s][info][gc       ] [HMSP 9 : 41100 0 : 141.843428 ]
[141.844s][info][gc       ] [VMAC 65530 166 24 435 625 : 141.843913 ]
[142.004s][info][gc       ] [GPGC-H  3857.5 505.4 0.1 0.0 : 8.4 : 0.424 0.441 : 0.575 0.584 0.636 1.294 : 2.724 0.844 0.845 0.476 1.717 0.399 : 0.000 : 96.524 : 826 1796 32 0 : 2275 : 4608 4424 : 142.004139 : 9 Next_heuristic_check_may_be_too_late ]
[142.006s][info][safepoint] Application time: 0.1634933 seconds
[142.007s][info][safepoint] Total time for which application threads were stopped: 0.0002398 seconds, Stopping threads took: 0.0000004 seconds
[142.007s][info][gc       ] [SPS 0.000 0.003 0.002 0.006 0.000 0.001 0.000 0.214 0.019 0.240 NewGC_pause1 142.006440 ]
[142.053s][info][safepoint] Application time: 0.0464885 seconds
[142.054s][info][safepoint] Total time for which application threads were stopped: 0.0001546 seconds, Stopping threads took: 0.0000004 seconds
[142.054s][info][gc       ] [SPS 0.001 0.001 0.000 0.006 0.000 0.001 0.000 0.128 0.019 0.154 NewGC_pause2 142.053084 ]
[142.055s][info][safepoint] Application time: 0.0016185 seconds
[142.055s][info][safepoint] Total time for which application threads were stopped: 0.0000588 seconds, Stopping threads took: 0.0000004 seconds
[142.055s][info][gc       ] [SPS 0.000 0.000 0.000 0.006 0.000 0.001 0.000 0.038 0.013 0.059 NewGC_pause3 142.054761 ]
[142.056s][info][safepoint] Application time: 0.0011465 seconds
[142.056s][info][safepoint] Total time for which application threads were stopped: 0.0001284 seconds, Stopping threads took: 0.0000004 seconds
[142.056s][info][gc       ] [SPS 0.000 0.002 0.002 0.006 0.000 0.001 0.000 0.109 0.013 0.128 NewGC_pause4 142.056036 ]
[142.057s][info][gc       ] [GC New Max 478-447 : 5120 2994 2166 5120 - - 1056 56 2 2 - : 154 1796 32 184 982 : 150 4 831 831 0 : 0 1 75 0 77 - 0 : 0.161405 4064.3 0.0 0.051928 3004.2 0.0 : 8 --c 0000 : 23 0 0.000 0.000 0 0.000 0.000 0 0.000 0.000 : 142.004530 142.006201 0.000184 142.052929 0.000089 142.054702 0.000041 142.055907 0.000113 : 142.056457 ]
[142.057s][info][gc       ] [SYSINFO 7335 227 63 0 6779 0 30 0 0 5703 : - - - - - - - - : 0 7168 : 2.49 2.93 2.09 : 292739 4277980 : 0 0 : 29 0 : 3877 2 0 261 : - 7413223424 682364928 1202388992 5905219584 238166016 67043328 : 140073237 30203030 743670 0 0 0 : 142.056674 ]
[142.057s][info][gc       ] [HUGEPAGESTAT 0 0 0 - 110774 0 0 : 393216 0 0 : 142.056674 ]
[142.057s][info][gc       ] [OBJCREAT 443025919 25619 22194176 : 142.056713 ]
[142.057s][info][gc       ] [HMSV All : 0 0 130 0 0 0 0 0 : 5000 0 0 0 : 142.056728 ]
[142.057s][info][gc       ] [HMSP 9 : 41100 0 : 142.056728 ]
[142.057s][info][gc       ] [VMAC 65530 166 24 435 625 : 142.057253 ]
[142.219s][info][gc       ] [GPGC-H  3857.5 505.4 0.1 0.0 : 8.4 : 0.424 0.441 : 0.575 0.584 0.636 1.294 : 2.718 0.844 0.845 0.476 1.717 0.399 : 0.000 : 96.346 : 816 1796 32 0 : 2275 : 4608 4424 : 142.218725 : 9 Next_heuristic_check_may_be_too_late ]
[142.221s][info][safepoint] Application time: 0.1651216 seconds
[142.222s][info][safepoint] Total time for which application threads were stopped: 0.0003081 seconds, Stopping threads took: 0.0000004 seconds
[142.222s][info][gc       ] [SPS 0.000 0.003 0.002 0.006 0.000 0.001 0.000 0.282 0.019 0.308 NewGC_pause1 142.221466 ]
[142.268s][info][safepoint] Application time: 0.0468251 seconds
[142.269s][info][safepoint] Total time for which application threads were stopped: 0.0001201 seconds, Stopping threads took: 0.0000004 seconds
[142.269s][info][gc       ] [SPS 0.000 0.001 0.000 0.006 0.000 0.001 0.000 0.094 0.019 0.120 NewGC_pause2 142.268411 ]
[142.271s][info][safepoint] Application time: 0.0020914 seconds
[142.271s][info][safepoint] Total time for which application threads were stopped: 0.0000989 seconds, Stopping threads took: 0.0000004 seconds
[142.271s][info][gc       ] [SPS 0.000 0.000 0.000 0.006 0.000 0.001 0.000 0.079 0.013 0.099 NewGC_pause3 142.270602 ]
[142.272s][info][safepoint] Application time: 0.0013263 seconds
[142.272s][info][safepoint] Total time for which application threads were stopped: 0.0001270 seconds, Stopping threads took: 0.0000004 seconds
[142.272s][info][gc       ] [SPS 0.000 0.002 0.002 0.006 0.000 0.001 0.000 0.098 0.022 0.127 NewGC_pause4 142.272055 ]
[142.273s][info][gc       ] [GC New Max 479-448 : 5120 3004 2186 5120 - - 1056 56 2 2 - : 174 1796 32 184 992 : 168 4 822 822 0 : 0 1 84 0 87 - 0 : 0.162808 4078.4 0.0 0.053164 3348.1 0.0 : 8 --c 0000 : 23 0 0.000 0.000 0 0.000 0.000 0 0.000 0.000 : 142.219265 142.221158 0.000247 142.268291 0.000059 142.270503 0.000082 142.271928 0.000103 : 142.272429 ]
[142.273s][info][gc       ] [SYSINFO 7335 227 63 0 6779 0 30 0 0 5703 : - - - - - - - - : 0 7168 : 2.49 2.93 2.09 : 292739 4277980 : 0 0 : 29 0 : 3877 2 0 261 : - 7413223424 682364928 1202388992 5905219584 238166016 67043328 : 140073237 30203580 743680 0 0 0 : 142.272628 ]
[142.273s][info][gc       ] [HUGEPAGESTAT 0 0 0 - 110774 0 0 : 393216 0 0 : 142.272628 ]
[142.273s][info][gc       ] [OBJCREAT 443857001 25619 22194176 : 142.272669 ]
[142.273s][info][gc       ] [HMSV All : 0 0 130 0 0 0 0 0 : 5000 0 0 0 : 142.272684 ]
[142.273s][info][gc       ] [HMSP 9 : 41100 0 : 142.272684 ]
[142.273s][info][gc       ] [VMAC 65530 166 24 435 625 : 142.273072 ]
[142.434s][info][gc       ] [GPGC-H  3857.5 505.4 0.1 0.0 : 8.4 : 0.423 0.441 : 0.575 0.584 0.636 1.294 : 2.711 0.844 0.845 0.476 1.717 0.399 : 0.000 : 96.167 : 826 1796 32 0 : 2275 : 4608 4424 : 142.434271 : 9 Next_heuristic_check_may_be_too_late ]
[142.437s][info][safepoint] Application time: 0.1643951 seconds
[142.437s][info][safepoint] Total time for which application threads were stopped: 0.0002487 seconds, Stopping threads took: 0.0000004 seconds
[142.437s][info][gc       ] [SPS 0.000 0.003 0.002 0.006 0.000 0.001 0.000 0.222 0.019 0.249 NewGC_pause1 142.436699 ]
[142.483s][info][safepoint] Application time: 0.0465754 seconds
[142.484s][info][safepoint] Total time for which application threads were stopped: 0.0001404 seconds, Stopping threads took: 0.0000004 seconds
[142.484s][info][gc       ] [SPS 0.000 0.001 0.000 0.006 0.000 0.001 0.000 0.114 0.019 0.140 NewGC_pause2 142.483415 ]
[142.485s][info][safepoint] Application time: 0.0016130 seconds
[142.485s][info][safepoint] Total time for which application threads were stopped: 0.0000502 seconds, Stopping threads took: 0.0000004 seconds
[142.485s][info][gc       ] [SPS 0.000 0.000 0.000 0.005 0.000 0.001 0.000 0.032 0.012 0.050 NewGC_pause3 142.485078 ]
[142.486s][info][safepoint] Application time: 0.0011471 seconds
[142.487s][info][safepoint] Total time for which application threads were stopped: 0.0000580 seconds, Stopping threads took: 0.0000004 seconds
[142.487s][info][gc       ] [SPS 0.000 0.002 0.002 0.006 0.000 0.001 0.000 0.038 0.012 0.058 NewGC_pause4 142.486283 ]
[142.487s][info][gc       ] [GC New Max 480-449 : 5120 3006 2180 5120 - - 1056 56 2 2 - : 168 1796 32 184 994 : 164 4 831 831 0 : 0 1 82 0 84 - 0 : 0.162306 4029.4 0.0 0.051889 3276.3 0.0 : 8 --c 0000 : 23 0 0.000 0.000 0 0.000 0.000 0 0.000 0.000 : 142.434735 142.436450 0.000188 142.483275 0.000084 142.485028 0.000035 142.486225 0.000042 : 142.486623 ]
[142.487s][info][gc       ] [SYSINFO 7335 227 63 0 6779 0 30 0 0 5703 : - - - - - - - - : 0 7168 : 2.49 2.93 2.09 : 292739 4277992 : 0 0 : 29 0 : 3877 2 0 261 : - 7413223424 682364928 1202388992 5905219584 238166016 67043328 : 140073237 30204120 743700 0 0 0 : 142.486826 ]
[142.487s][info][gc       ] [HUGEPAGESTAT 0 0 0 - 110774 0 0 : 393216 0 0 : 142.486826 ]
[142.487s][info][gc       ] [OBJCREAT 444672771 25619 22194176 : 142.486867 ]
[142.487s][info][gc       ] [HMSV All : 0 0 130 0 0 0 0 0 : 5000 0 0 0 : 142.486881 ]
[142.487s][info][gc       ] [HMSP 9 : 41100 0 : 142.486881 ]
[142.487s][info][gc       ] [VMAC 65530 166 24 435 625 : 142.487270 ]
[142.647s][info][gc       ] [GPGC-H  3857.5 505.4 0.1 0.0 : 8.4 : 0.422 0.441 : 0.575 0.584 0.636 1.294 : 2.705 0.844 0.845 0.476 1.717 0.399 : 0.000 : 95.989 : 816 1796 32 0 : 2275 : 4608 4424 : 142.647276 : 9 Next_heuristic_check_may_be_too_late ]
[142.650s][info][safepoint] Application time: 0.1632726 seconds
[142.650s][info][safepoint] Total time for which application threads were stopped: 0.0003196 seconds, Stopping threads took: 0.0000004 seconds
[142.651s][info][gc       ] [SPS 0.000 0.003 0.002 0.006 0.000 0.001 0.000 0.294 0.018 0.320 NewGC_pause1 142.649876 ]
[142.697s][info][safepoint] Application time: 0.0470889 seconds
[142.698s][info][safepoint] Total time for which application threads were stopped: 0.0001486 seconds, Stopping threads took: 0.0000004 seconds
[142.698s][info][gc       ] [SPS 0.000 0.001 0.000 0.006 0.000 0.001 0.000 0.122 0.019 0.149 NewGC_pause2 142.697114 ]
[142.699s][info][safepoint] Application time: 0.0017981 seconds
[142.699s][info][safepoint] Total time for which application threads were stopped: 0.0000558 seconds, Stopping threads took: 0.0000004 seconds
[142.700s][info][gc       ] [SPS 0.000 0.000 0.000 0.006 0.000 0.001 0.000 0.037 0.012 0.056 NewGC_pause3 142.698967 ]
[142.700s][info][safepoint] Application time: 0.0011379 seconds
[142.700s][info][safepoint] Total time for which application threads were stopped: 0.0000663 seconds, Stopping threads took: 0.0000004 seconds
[142.700s][info][gc       ] [SPS 0.000 0.002 0.002 0.006 0.000 0.001 0.000 0.039 0.020 0.066 NewGC_pause4 142.700172 ]
[142.701s][info][gc       ] [GC New Max 481-450 : 5120 3004 2184 5120 - - 1056 56 2 2 - : 172 1796 32 184 992 : 168 4 822 822 0 : 0 1 84 0 86 - 0 : 0.161181 4032.7 0.0 0.052782 3334.5 0.0 : 8 --c 0000 : 23 0 0.000 0.000 0 0.000 0.000 0 0.000 0.000 : 142.647805 142.649556 0.000264 142.696965 0.000085 142.698912 0.000040 142.700105 0.000042 : 142.700587 ]
[142.701s][info][gc       ] [SYSINFO 7335 227 63 0 6779 0 30 0 0 5703 : - - - - - - - - : 0 7168 : 2.49 2.93 2.09 : 292739 4277992 : 0 0 : 29 0 : 3877 2 0 261 : - 7413223424 682364928 1202388992 5905219584 238166016 67043328 : 140073237 30204660 743700 0 0 0 : 142.700808 ]
[142.701s][info][gc       ] [HUGEPAGESTAT 0 0 0 - 110774 0 0 : 393216 0 0 : 142.700808 ]
[142.701s][info][gc       ] [OBJCREAT 445491829 25619 22194176 : 142.700888 ]
[142.701s][info][gc       ] [HMSV All : 0 0 130 0 0 0 0 0 : 5000 0 0 0 : 142.700903 ]
[142.701s][info][gc       ] [HMSP 9 : 41100 0 : 142.700903 ]
[142.701s][info][gc       ] [VMAC 65530 166 24 435 625 : 142.701327 ]
[142.860s][info][gc       ] [GPGC-H  3857.5 505.4 0.1 0.0 : 8.4 : 0.421 0.441 : 0.575 0.584 0.636 1.294 : 2.699 0.844 0.845 0.476 1.717 0.399 : 0.000 : 95.813 : 826 1796 32 0 : 2275 : 4608 4424 : 142.860361 : 9 Next_heuristic_check_may_be_too_late ]
[142.863s][info][safepoint] Application time: 0.1627070 seconds
[142.864s][info][safepoint] Total time for which application threads were stopped: 0.0003790 seconds, Stopping threads took: 0.0000008 seconds
[142.864s][info][gc       ] [SPS 0.000 0.004 0.003 0.011 0.001 0.001 0.001 0.335 0.030 0.379 NewGC_pause1 142.863258 ]
[142.910s][info][safepoint] Application time: 0.0465652 seconds
[142.910s][info][safepoint] Total time for which application threads were stopped: 0.0001460 seconds, Stopping threads took: 0.0000004 seconds
[142.911s][info][gc       ] [SPS 0.000 0.001 0.000 0.006 0.000 0.001 0.000 0.120 0.019 0.146 NewGC_pause2 142.909970 ]
[142.912s][info][safepoint] Application time: 0.0016609 seconds
[142.912s][info][safepoint] Total time for which application threads were stopped: 0.0001189 seconds, Stopping threads took: 0.0000004 seconds
[142.912s][info][gc       ] [SPS 0.000 0.000 0.000 0.005 0.000 0.001 0.000 0.100 0.012 0.119 NewGC_pause3 142.911749 ]
[142.913s][info][safepoint] Application time: 0.0013134 seconds
[142.913s][info][safepoint] Total time for which application threads were stopped: 0.0001548 seconds, Stopping threads took: 0.0000004 seconds
[142.913s][info][gc       ] [SPS 0.000 0.002 0.002 0.012 0.000 0.001 0.000 0.128 0.014 0.155 NewGC_pause4 142.913218 ]
[142.914s][info][gc       ] [GC New Max 482-451 : 5120 3016 2184 5120 - - 1056 56 2 2 - : 172 1796 32 184 1004 : 168 4 834 834 0 : 0 1 84 0 86 - 0 : 0.160271 4093.1 0.0 0.052900 3364.8 0.0 : 8 --c 0000 : 23 0 0.000 0.000 0 0.000 0.000 0 0.000 0.000 : 142.860858 142.862879 0.000274 142.909823 0.000050 142.911630 0.000103 142.913063 0.000137 : 142.913758 ]
[142.914s][info][gc       ] [SYSINFO 7335 227 63 0 6779 0 30 0 0 5703 : - - - - - - - - : 0 7168 : 2.49 2.93 2.09 : 292739 4277992 : 0 0 : 29 0 : 3877 2 0 261 : - 7413223424 682364928 1202388992 5905219584 238166016 67043328 : 140073237 30205200 743700 0 0 0 : 142.913959 ]
[142.914s][info][gc       ] [HUGEPAGESTAT 0 0 0 - 110774 0 0 : 393216 0 0 : 142.913959 ]
[142.914s][info][gc       ] [OBJCREAT 446316706 25619 22194176 : 142.913998 ]
[142.914s][info][gc       ] [HMSV All : 0 0 130 0 0 0 0 0 : 5000 0 0 0 : 142.914012 ]
[142.914s][info][gc       ] [HMSP 9 : 41100 0 : 142.914012 ]
[142.914s][info][gc       ] [VMAC 65530 166 24 435 625 : 142.914392 ]
[143.074s][info][gc       ] [GPGC-H  3857.5 505.4 0.1 0.0 : 8.4 : 0.420 0.441 : 0.575 0.584 0.636 1.294 : 2.693 0.844 0.845 0.476 1.717 0.399 : 0.000 : 95.639 : 836 1796 32 0 : 2275 : 4608 4424 : 143.074430 : 9 Next_heuristic_check_may_be_too_late ]
[143.077s][info][safepoint] Application time: 0.1636086 seconds
[143.078s][info][safepoint] Total time for which application threads were stopped: 0.0004294 seconds, Stopping threads took: 0.0000004 seconds
[143.078s][info][gc       ] [SPS 0.000 0.003 0.002 0.006 0.000 0.001 0.000 0.404 0.019 0.430 NewGC_pause1 143.077256 ]
[143.124s][info][safepoint] Application time: 0.0470360 seconds
[143.125s][info][safepoint] Total time for which application threads were stopped: 0.0001427 seconds, Stopping threads took: 0.0000004 seconds
[143.125s][info][gc       ] [SPS 0.000 0.001 0.000 0.006 0.000 0.001 0.000 0.117 0.018 0.143 NewGC_pause2 143.124435 ]
[143.126s][info][safepoint] Application time: 0.0017261 seconds
[143.126s][info][safepoint] Total time for which application threads were stopped: 0.0000553 seconds, Stopping threads took: 0.0000004 seconds
[143.127s][info][gc       ] [SPS 0.000 0.000 0.000 0.006 0.000 0.001 0.000 0.036 0.013 0.055 NewGC_pause3 143.126216 ]
[143.127s][info][safepoint] Application time: 0.0011330 seconds
[143.128s][info][safepoint] Total time for which application threads were stopped: 0.0001161 seconds, Stopping threads took: 0.0000004 seconds
[143.128s][info][gc       ] [SPS 0.000 0.002 0.002 0.006 0.000 0.001 0.000 0.096 0.013 0.116 NewGC_pause4 143.127465 ]
[143.128s][info][gc       ] [GC New Max 483-452 : 5120 3026 2188 5120 - - 1056 56 2 2 - : 174 1796 32 184 1014 : 170 4 842 842 0 : 0 1 85 0 87 - 0 : 0.161085 4134.5 0.0 0.053020 3357.3 0.0 : 8 --c 0000 : 23 0 0.000 0.000 0 0.000 0.000 0 0.000 0.000 : 143.074843 143.076826 0.000301 143.124292 0.000086 143.126161 0.000038 143.127349 0.000102 : 143.127863 ]
[143.128s][info][gc       ] [SYSINFO 7335 227 63 0 6779 0 30 0 0 5703 : - - - - - - - - : 0 7168 : 2.49 2.93 2.09 : 292739 4277992 : 0 0 : 29 0 : 3877 2 0 261 : - 7413223424 682364928 1202388992 5905219584 238166016 67043328 : 140073237 30205700 743700 0 0 0 : 143.128096 ]
[143.128s][info][gc       ] [HUGEPAGESTAT 0 0 0 - 110774 0 0 : 393216 0 0 : 143.128096 ]
[143.128s][info][gc       ] [OBJCREAT 447151481 25619 22194176 : 143.128137 ]
[143.128s][info][gc       ] [HMSV All : 0 0 130 0 0 0 0 0 : 5000 0 0 0 : 143.128149 ]
[143.128s][info][gc       ] [HMSP 9 : 41100 0 : 143.128149 ]
[143.129s][info][gc       ] [VMAC 65530 166 24 435 625 : 143.128502 ]
[143.290s][info][gc       ] [GPGC-H  3857.5 493.8 0.1 0.0 : 8.2 : 0.419 0.441 : 0.575 0.584 0.636 1.294 : 2.687 0.844 0.845 0.476 1.717 0.399 : 0.000 : 95.464 : 836 1796 32 0 : 2275 : 4608 4424 : 143.289976 : 9 Next_heuristic_check_may_be_too_late ]
[143.293s][info][safepoint] Application time: 0.1651616 seconds
[143.294s][info][safepoint] Total time for which application threads were stopped: 0.0004820 seconds, Stopping threads took: 0.0000008 seconds
[143.294s][info][gc       ] [SPS 0.000 0.004 0.003 0.010 0.001 0.001 0.001 0.432 0.038 0.482 NewGC_pause1 143.293109 ]
[143.341s][info][safepoint] Application time: 0.0476408 seconds
[143.341s][info][safepoint] Total time for which application threads were stopped: 0.0001681 seconds, Stopping threads took: 0.0000004 seconds
[143.342s][info][gc       ] [SPS 0.000 0.002 0.000 0.006 0.000 0.001 0.000 0.141 0.020 0.168 NewGC_pause2 143.340919 ]
[143.346s][info][safepoint] Application time: 0.0046305 seconds
[143.346s][info][safepoint] Total time for which application threads were stopped: 0.0000603 seconds, Stopping threads took: 0.0000004 seconds
[143.346s][info][gc       ] [SPS 0.000 0.000 0.000 0.006 0.000 0.001 0.000 0.041 0.013 0.061 NewGC_pause3 143.345609 ]
[143.347s][info][safepoint] Application time: 0.0011043 seconds
[143.347s][info][safepoint] Total time for which application threads were stopped: 0.0000635 seconds, Stopping threads took: 0.0000004 seconds
[143.347s][info][gc       ] [SPS 0.000 0.007 0.002 0.011 0.000 0.001 0.000 0.038 0.013 0.063 NewGC_pause4 143.346777 ]
[143.347s][info][gc       ] [GC New Max 484-453 : 5120 3010 2172 5120 - - 1056 56 2 2 - : 160 1796 32 184 998 : 154 4 843 843 0 : 0 1 77 0 80 - 0 : 0.162559 4084.7 0.0 0.056773 2888.7 0.0 : 8 --c 0000 : 23 0 0.000 0.000 0 0.000 0.000 0 0.000 0.000 : 143.290422 143.292627 0.000320 143.340750 0.000093 143.345549 0.000043 143.346714 0.000047 : 143.347195 ]
[143.347s][info][gc       ] [SYSINFO 7335 227 63 0 6779 0 30 0 0 5703 : - - - - - - - - : 0 7168 : 2.49 2.93 2.09 : 292739 4277992 : 0 0 : 29 0 : 3877 2 0 261 : - 7413223424 682364928 1202388992 5905219584 238166016 67043328 : 140073237 30206270 743700 0 0 0 : 143.347422 ]
[143.347s][info][gc       ] [HUGEPAGESTAT 0 0 0 - 110774 0 0 : 393216 0 0 : 143.347422 ]
[143.347s][info][gc       ] [OBJCREAT 447969733 25619 22194176 : 143.347462 ]
[143.347s][info][gc       ] [HMSV All : 0 0 130 0 0 0 0 0 : 5000 0 0 0 : 143.347475 ]
[143.347s][info][gc       ] [HMSP 9 : 41100 0 : 143.347475 ]
[143.348s][info][gc       ] [VMAC 65530 166 24 435 625 : 143.347868 ]
[143.509s][info][gc       ] [GPGC-H  3857.5 493.8 0.1 0.0 : 8.2 : 0.418 0.441 : 0.575 0.584 0.636 1.294 : 2.681 0.844 0.845 0.476 1.717 0.399 : 0.000 : 95.287 : 810 1796 32 0 : 2275 : 4608 4424 : 143.509402 : 9 Next_heuristic_check_may_be_too_late ]
[143.512s][info][safepoint] Application time: 0.1649622 seconds
[143.513s][info][safepoint] Total time for which application threads were stopped: 0.0003892 seconds, Stopping threads took: 0.0000004 seconds
[143.513s][info][gc       ] [SPS 0.000 0.003 0.003 0.006 0.000 0.001 0.000 0.358 0.023 0.389 NewGC_pause1 143.512129 ]
[143.559s][info][safepoint] Application time: 0.0465067 seconds
[143.559s][info][safepoint] Total time for which application threads were stopped: 0.0001421 seconds, Stopping threads took: 0.0000004 seconds
[143.560s][info][gc       ] [SPS 0.000 0.001 0.000 0.006 0.000 0.001 0.000 0.116 0.019 0.142 NewGC_pause2 143.558778 ]
[143.560s][info][safepoint] Application time: 0.0014979 seconds
[143.561s][info][safepoint] Total time for which application threads were stopped: 0.0000533 seconds, Stopping threads took: 0.0000004 seconds
[143.561s][info][gc       ] [SPS 0.000 0.000 0.000 0.006 0.000 0.001 0.000 0.034 0.013 0.053 NewGC_pause3 143.560329 ]
[143.562s][info][safepoint] Application time: 0.0013455 seconds
[143.562s][info][safepoint] Total time for which application threads were stopped: 0.0000696 seconds, Stopping threads took: 0.0000004 seconds
[143.562s][info][gc       ] [SPS 0.000 0.003 0.002 0.006 0.000 0.001 0.000 0.046 0.016 0.070 NewGC_pause4 143.561744 ]
[143.562s][info][gc       ] [GC New Max 485-454 : 5120 2992 2180 5120 - - 1056 56 2 2 - : 168 1796 32 184 980 : 162 4 816 816 0 : 0 1 81 0 84 - 0 : 0.162672 4008.1 0.0 0.052279 3290.0 0.0 : 8 --c 0000 : 23 0 0.000 0.000 0 0.000 0.000 0 0.000 0.000 : 143.509867 143.511739 0.000286 143.558636 0.000086 143.560275 0.000037 143.561674 0.000050 : 143.562146 ]
[143.562s][info][gc       ] [SYSINFO 7335 227 63 0 6779 0 30 0 0 5703 : - - - - - - - - : 0 7168 : 2.49 2.93 2.09 : 292739 4277992 : 0 0 : 29 0 : 3877 2 0 261 : - 7413223424 682364928 1202388992 5905219584 238166016 67043328 : 140073237 30206820 743700 0 0 0 : 143.562357 ]
[143.562s][info][gc       ] [HUGEPAGESTAT 0 0 0 - 110774 0 0 : 393216 0 0 : 143.562357 ]
[143.562s][info][gc       ] [OBJCREAT 448784758 25619 22194176 : 143.562397 ]
[143.562s][info][gc       ] [HMSV All : 0 0 130 0 0 0 0 0 : 5000 0 0 0 : 143.562411 ]
[143.562s][info][gc       ] [HMSP 9 : 41100 0 : 143.562411 ]
[143.563s][info][gc       ] [VMAC 65530 166 24 435 625 : 143.562824 ]
[143.718s][info][gc       ] [GPGC-H  3854.3 493.8 0.1 0.0 : 8.2 : 0.417 0.441 : 0.575 0.584 0.636 1.294 : 2.675 0.844 0.845 0.476 1.717 0.399 : 0.000 : 95.111 : 808 1796 32 0 : 2275 : 4608 4424 : 143.717961 : 9 Next_heuristic_check_may_be_too_late ]
[143.721s][info][safepoint] Application time: 0.1585760 seconds
[143.721s][info][safepoint] Total time for which application threads were stopped: 0.0004294 seconds, Stopping threads took: 0.0000007 seconds
[143.721s][info][gc       ] [SPS 0.000 0.003 0.003 0.010 0.001 0.001 0.001 0.397 0.019 0.429 NewGC_pause1 143.720750 ]
[143.768s][info][safepoint] Application time: 0.0466093 seconds
[143.768s][info][safepoint] Total time for which application threads were stopped: 0.0001518 seconds, Stopping threads took: 0.0000004 seconds
[143.768s][info][gc       ] [SPS 0.000 0.001 0.000 0.006 0.000 0.001 0.000 0.125 0.020 0.152 NewGC_pause2 143.767511 ]
[143.769s][info][safepoint] Application time: 0.0016953 seconds
[143.769s][info][safepoint] Total time for which application threads were stopped: 0.0000553 seconds, Stopping threads took: 0.0000004 seconds
[143.770s][info][gc       ] [SPS 0.000 0.000 0.000 0.006 0.000 0.001 0.000 0.035 0.013 0.055 NewGC_pause3 143.769262 ]
[143.770s][info][safepoint] Application time: 0.0011597 seconds
[143.771s][info][safepoint] Total time for which application threads were stopped: 0.0000717 seconds, Stopping threads took: 0.0000005 seconds
[143.771s][info][gc       ] [SPS 0.000 0.002 0.002 0.006 0.000 0.001 0.000 0.048 0.017 0.072 NewGC_pause4 143.770493 ]
[143.771s][info][gc       ] [GC New Max 486-455 : 5120 2994 2184 5120 - - 1056 56 2 2 - : 172 1796 32 184 982 : 168 4 815 815 0 : 0 1 84 0 86 - 0 : 0.156268 4108.3 0.0 0.052494 3352.8 0.0 : 8 --c 0000 : 23 0 0.000 0.000 0 0.000 0.000 0 0.000 0.000 : 143.718414 143.720320 0.000287 143.767359 0.000095 143.769206 0.000038 143.770421 0.000051 : 143.770907 ]
[143.771s][info][gc       ] [SYSINFO 7335 227 63 0 6779 0 30 0 0 5703 : - - - - - - - - : 0 7168 : 2.49 2.93 2.09 : 292739 4277992 : 0 0 : 29 0 : 3877 3 0 261 : - 7413223424 682364928 1202388992 5905219584 238166016 67043328 : 140073237 30207370 743700 0 0 0 : 143.771173 ]
[143.771s][info][gc       ] [HUGEPAGESTAT 0 0 0 - 110774 0 0 : 393216 0 0 : 143.771173 ]
[143.771s][info][gc       ] [OBJCREAT 449594806 25619 22194176 : 143.771213 ]
[143.771s][info][gc       ] [HMSV All : 0 0 130 0 0 0 0 0 : 5000 0 0 0 : 143.771227 ]
[143.771s][info][gc       ] [HMSP 9 : 41100 0 : 143.771227 ]
[143.772s][info][gc       ] [VMAC 65530 166 24 435 625 : 143.771656 ]
[143.931s][info][gc       ] [GPGC-H  3854.3 493.8 0.1 0.0 : 8.2 : 0.416 0.441 : 0.575 0.584 0.636 1.294 : 2.670 0.844 0.845 0.476 1.717 0.399 : 0.000 : 94.943 : 820 1796 32 0 : 2275 : 4608 4424 : 143.931215 : 9 Next_heuristic_check_may_be_too_late ]
[143.934s][info][safepoint] Application time: 0.1630745 seconds
[143.934s][info][safepoint] Total time for which application threads were stopped: 0.0003767 seconds, Stopping threads took: 0.0000004 seconds
[143.935s][info][gc       ] [SPS 0.000 0.003 0.002 0.006 0.000 0.001 0.000 0.351 0.018 0.377 NewGC_pause1 143.933944 ]
[143.978s][info][safepoint] Application time: 0.0441756 seconds
[143.979s][info][safepoint] Total time for which application threads were stopped: 0.0001389 seconds, Stopping threads took: 0.0000004 seconds
[143.979s][info][gc       ] [SPS 0.000 0.001 0.000 0.005 0.000 0.001 0.000 0.114 0.018 0.139 NewGC_pause2 143.978259 ]
[143.980s][info][safepoint] Application time: 0.0016355 seconds
[143.980s][info][safepoint] Total time for which application threads were stopped: 0.0000497 seconds, Stopping threads took: 0.0000004 seconds
[143.981s][info][gc       ] [SPS 0.000 0.000 0.000 0.006 0.000 0.001 0.000 0.031 0.012 0.050 NewGC_pause3 143.979944 ]
[143.981s][info][safepoint] Application time: 0.0010343 seconds
[143.981s][info][safepoint] Total time for which application threads were stopped: 0.0000547 seconds, Stopping threads took: 0.0000004 seconds
[143.981s][info][gc       ] [SPS 0.000 0.002 0.002 0.005 0.000 0.001 0.000 0.036 0.012 0.055 NewGC_pause4 143.981033 ]
[143.982s][info][gc       ] [GC New Max 487-456 : 5120 2980 2156 5120 - - 1056 56 2 2 - : 144 1796 32 184 968 : 140 4 827 827 0 : 0 1 70 0 72 - 0 : 0.160780 4042.8 0.0 0.049724 2976.4 0.0 : 8 --c 0000 : 23 0 0.000 0.000 0 0.000 0.000 0 0.000 0.000 : 143.931688 143.933568 0.000285 143.978120 0.000085 143.979895 0.000035 143.980979 0.000039 : 143.981412 ]
[143.982s][info][gc       ] [SYSINFO 7335 227 63 0 6779 0 30 0 0 5703 : - - - - - - - - : 0 7168 : 2.37 2.89 2.08 : 292739 4277992 : 0 0 : 29 0 : 3877 2 0 261 : - 7413223424 682364928 1202388992 5905219584 238166016 67043328 : 140073237 30207910 743700 0 0 0 : 143.981650 ]
[143.982s][info][gc       ] [HUGEPAGESTAT 0 0 0 - 110774 0 0 : 393216 0 0 : 143.981650 ]
[143.982s][info][gc       ] [OBJCREAT 450386837 25619 22194176 : 143.981691 ]
[143.982s][info][gc       ] [HMSV All : 0 0 130 0 0 0 0 0 : 5000 0 0 0 : 143.981704 ]
[143.982s][info][gc       ] [HMSP 9 : 41100 0 : 143.981704 ]
[143.982s][info][gc       ] [VMAC 65530 166 24 435 625 : 143.982073 ]
[144.138s][info][gc       ] [GPGC-H  3854.3 493.8 0.1 0.0 : 8.2 : 0.415 0.441 : 0.575 0.584 0.636 1.294 : 2.664 0.844 0.845 0.476 1.717 0.399 : 0.000 : 94.770 : 774 1796 32 0 : 2275 : 4608 4424 : 144.138185 : 9 Next_heuristic_check_may_be_too_late ]
[144.141s][info][safepoint] Application time: 0.1593425 seconds
[144.141s][info][safepoint] Total time for which application threads were stopped: 0.0003057 seconds, Stopping threads took: 0.0000004 seconds
[144.141s][info][gc       ] [SPS 0.000 0.003 0.002 0.006 0.000 0.001 0.000 0.280 0.019 0.306 NewGC_pause1 144.140682 ]
[144.186s][info][safepoint] Application time: 0.0455004 seconds
[144.187s][info][safepoint] Total time for which application threads were stopped: 0.0001418 seconds, Stopping threads took: 0.0000004 seconds
[144.187s][info][gc       ] [SPS 0.000 0.001 0.000 0.006 0.000 0.001 0.000 0.116 0.019 0.143 NewGC_pause2 144.186325 ]
[144.188s][info][safepoint] Application time: 0.0019586 seconds
[144.189s][info][safepoint] Total time for which application threads were stopped: 0.0000580 seconds, Stopping threads took: 0.0000004 seconds
[144.189s][info][gc       ] [SPS 0.000 0.000 0.000 0.006 0.000 0.001 0.000 0.038 0.013 0.058 NewGC_pause3 144.188341 ]
[144.189s][info][safepoint] Application time: 0.0010760 seconds
[144.190s][info][safepoint] Total time for which application threads were stopped: 0.0000801 seconds, Stopping threads took: 0.0000004 seconds
[144.190s][info][gc       ] [SPS 0.000 0.002 0.002 0.006 0.000 0.001 0.000 0.057 0.016 0.080 NewGC_pause4 144.189497 ]
[144.190s][info][gc       ] [GC New Max 488-457 : 5120 2952 2174 5120 - - 1056 56 2 2 - : 162 1796 32 184 940 : 158 4 781 781 0 : 0 1 79 0 81 - 0 : 0.157249 4019.1 0.0 0.051224 3240.6 0.0 : 8 --c 0000 : 23 0 0.000 0.000 0 0.000 0.000 0 0.000 0.000 : 144.138661 144.140376 0.000249 144.186182 0.000087 144.188283 0.000040 144.189417 0.000060 : 144.189886 ]
[144.190s][info][gc       ] [SYSINFO 7335 227 63 0 6779 0 30 0 0 5703 : - - - - - - - - : 0 7168 : 2.37 2.89 2.08 : 292739 4277992 : 0 0 : 29 0 : 3877 2 0 261 : - 7413223424 682364928 1202388992 5905219584 238166016 67043328 : 140073237 30208460 743700 0 0 0 : 144.190089 ]
[144.190s][info][gc       ] [HUGEPAGESTAT 0 0 0 - 110774 0 0 : 393216 0 0 : 144.190089 ]
[144.190s][info][gc       ] [OBJCREAT 451176838 25619 22194176 : 144.190129 ]
[144.190s][info][gc       ] [HMSV All : 0 0 130 0 0 0 0 0 : 5000 0 0 0 : 144.190143 ]
[144.190s][info][gc       ] [HMSP 9 : 41100 0 : 144.190143 ]
[144.191s][info][gc       ] [VMAC 65530 166 24 435 625 : 144.190537 ]
[144.351s][info][gc       ] [GPGC-H  3854.3 493.8 0.1 0.0 : 8.2 : 0.414 0.441 : 0.575 0.584 0.636 1.294 : 2.658 0.844 0.845 0.476 1.717 0.399 : 0.000 : 94.601 : 810 1796 32 0 : 2275 : 4608 4424 : 144.351146 : 9 Next_heuristic_check_may_be_too_late ]
[144.354s][info][safepoint] Application time: 0.1640981 seconds
[144.354s][info][safepoint] Total time for which application threads were stopped: 0.0002839 seconds, Stopping threads took: 0.0000004 seconds
[144.354s][info][gc       ] [SPS 0.000 0.003 0.002 0.006 0.000 0.001 0.000 0.243 0.033 0.284 NewGC_pause1 144.353879 ]
[144.399s][info][safepoint] Application time: 0.0450714 seconds
[144.400s][info][safepoint] Total time for which application threads were stopped: 0.0001435 seconds, Stopping threads took: 0.0000004 seconds
[144.400s][info][gc       ] [SPS 0.000 0.001 0.000 0.006 0.000 0.001 0.000 0.117 0.019 0.144 NewGC_pause2 144.399094 ]
[144.401s][info][safepoint] Application time: 0.0022644 seconds
[144.402s][info][safepoint] Total time for which application threads were stopped: 0.0000614 seconds, Stopping threads took: 0.0000004 seconds
[144.402s][info][gc       ] [SPS 0.000 0.000 0.000 0.006 0.000 0.001 0.000 0.039 0.015 0.061 NewGC_pause3 144.401420 ]
[144.403s][info][safepoint] Application time: 0.0011721 seconds
[144.403s][info][safepoint] Total time for which application threads were stopped: 0.0000665 seconds, Stopping threads took: 0.0000004 seconds
[144.403s][info][gc       ] [SPS 0.000 0.002 0.002 0.013 0.000 0.001 0.000 0.039 0.013 0.066 NewGC_pause4 144.402658 ]
[144.403s][info][gc       ] [GC New Max 489-458 : 5120 2956 2144 5120 - - 1056 56 2 2 - : 132 1796 32 184 944 : 126 4 816 816 0 : 0 1 63 0 66 - 0 : 0.161845 4016.2 0.0 0.051318 2650.2 0.0 : 8 --c 0000 : 23 0 0.000 0.000 0 0.000 0.000 0 0.000 0.000 : 144.351730 144.353595 0.000212 144.398951 0.000087 144.401358 0.000042 144.402592 0.000049 : 144.403048 ]
[144.403s][info][gc       ] [SYSINFO 7335 227 63 0 6779 0 30 0 0 5703 : - - - - - - - - : 0 7168 : 2.37 2.89 2.08 : 292739 4277992 : 0 0 : 29 0 : 3877 2 0 261 : - 7413223424 682364928 1202388992 5905219584 238166016 67043328 : 140073237 30209010 743700 0 0 0 : 144.403249 ]
[144.403s][info][gc       ] [HUGEPAGESTAT 0 0 0 - 110774 0 0 : 393216 0 0 : 144.403249 ]
[144.403s][info][gc       ] [OBJCREAT 451952479 25619 22194176 : 144.403289 ]
[144.403s][info][gc       ] [HMSV All : 0 0 130 0 0 0 0 0 : 5000 0 0 0 : 144.403303 ]
[144.403s][info][gc       ] [HMSP 9 : 41100 0 : 144.403303 ]
[144.404s][info][gc       ] [VMAC 65530 166 24 435 625 : 144.403765 ]
[144.559s][info][gc       ] [GPGC-H  3854.3 493.8 0.1 0.0 : 8.2 : 0.414 0.441 : 0.575 0.584 0.636 1.294 : 2.652 0.844 0.845 0.476 1.717 0.399 : 0.000 : 94.427 : 754 1796 32 0 : 2275 : 4608 4424 : 144.559249 : 9 Next_heuristic_check_may_be_too_late ]
[144.562s][info][safepoint] Application time: 0.1589961 seconds
[144.562s][info][safepoint] Total time for which application threads were stopped: 0.0002724 seconds, Stopping threads took: 0.0000008 seconds
[144.563s][info][gc       ] [SPS 0.000 0.004 0.004 0.010 0.001 0.002 0.000 0.239 0.020 0.272 NewGC_pause1 144.561927 ]
[144.607s][info][safepoint] Application time: 0.0448312 seconds
[144.607s][info][safepoint] Total time for which application threads were stopped: 0.0001418 seconds, Stopping threads took: 0.0000004 seconds
[144.608s][info][gc       ] [SPS 0.000 0.001 0.000 0.006 0.000 0.001 0.000 0.117 0.019 0.143 NewGC_pause2 144.606901 ]
[144.609s][info][safepoint] Application time: 0.0019536 seconds
[144.609s][info][safepoint] Total time for which application threads were stopped: 0.0000564 seconds, Stopping threads took: 0.0000004 seconds
[144.609s][info][gc       ] [SPS 0.000 0.000 0.000 0.006 0.000 0.001 0.000 0.036 0.013 0.056 NewGC_pause3 144.608910 ]
[144.610s][info][safepoint] Application time: 0.0012151 seconds
[144.610s][info][safepoint] Total time for which application threads were stopped: 0.0000629 seconds, Stopping threads took: 0.0000004 seconds
[144.610s][info][gc       ] [SPS 0.000 0.002 0.002 0.005 0.000 0.001 0.000 0.043 0.013 0.063 NewGC_pause4 144.610188 ]
[144.611s][info][gc       ] [GC New Max 490-459 : 5120 2912 2156 5120 - - 1056 56 2 2 - : 144 1796 32 184 900 : 140 4 759 759 0 : 0 1 70 0 72 - 0 : 0.156717 3981.7 0.0 0.050832 2872.2 0.0 : 8 --c 0000 : 23 0 0.000 0.000 0 0.000 0.000 0 0.000 0.000 : 144.559765 144.561655 0.000210 144.606759 0.000087 144.608854 0.000039 144.610126 0.000046 : 144.610597 ]
[144.611s][info][gc       ] [SYSINFO 7335 227 63 0 6779 0 30 0 0 5703 : - - - - - - - - : 0 7168 : 2.37 2.89 2.08 : 292739 4277992 : 0 0 : 29 0 : 3877 2 0 261 : - 7413223424 682364928 1202388992 5905219584 238166016 67043328 : 140073237 30209540 743710 0 0 0 : 144.610792 ]
[144.611s][info][gc       ] [HUGEPAGESTAT 0 0 0 - 110774 0 0 : 393216 0 0 : 144.610792 ]
[144.611s][info][gc       ] [OBJCREAT 452717367 25619 22194176 : 144.610831 ]
[144.611s][info][gc       ] [HMSV All : 0 0 130 0 0 0 0 0 : 5000 0 0 0 : 144.610846 ]
[144.611s][info][gc       ] [HMSP 9 : 41100 0 : 144.610846 ]
[144.611s][info][gc       ] [VMAC 65530 166 24 435 625 : 144.611236 ]
[144.704s][info][gc       ] [GPGC-H  3854.3 493.8 0.1 0.0 : 8.2 : 0.413 0.441 : 0.575 0.584 0.636 1.294 : 2.647 0.844 0.845 0.476 1.717 0.399 : 0.000 : 94.260 : 760 1796 32 0 : 2275 : 4608 4424 : 144.703517 : 9 Next_heuristic_check_may_be_too_late ]
[144.706s][info][safepoint] Application time: 0.0958705 seconds
[144.707s][info][safepoint] Total time for which application threads were stopped: 0.0002484 seconds, Stopping threads took: 0.0000004 seconds
[144.707s][info][gc       ] [SPS 0.000 0.004 0.004 0.006 0.000 0.001 0.000 0.207 0.033 0.248 NewGC_pause1 144.706308 ]
[144.792s][info][safepoint] Application time: 0.0859223 seconds
[144.793s][info][safepoint] Total time for which application threads were stopped: 0.0001670 seconds, Stopping threads took: 0.0000004 seconds
[144.793s][info][gc       ] [SPS 0.000 0.001 0.000 0.007 0.000 0.001 0.000 0.135 0.024 0.167 NewGC_pause2 144.792397 ]
[144.795s][info][safepoint] Application time: 0.0021884 seconds
[144.795s][info][safepoint] Total time for which application threads were stopped: 0.0000703 seconds, Stopping threads took: 0.0000004 seconds
[144.795s][info][gc       ] [SPS 0.000 0.000 0.000 0.006 0.000 0.001 0.000 0.048 0.014 0.070 NewGC_pause3 144.794656 ]
[144.796s][info][safepoint] Application time: 0.0014639 seconds
[144.796s][info][safepoint] Total time for which application threads were stopped: 0.0001140 seconds, Stopping threads took: 0.0000004 seconds
[144.796s][info][gc       ] [SPS 0.000 0.003 0.002 0.006 0.000 0.001 0.000 0.093 0.014 0.114 NewGC_pause4 144.796234 ]
[144.797s][info][gc       ] [GC New Max 491-460 : 5120 3258 2816 5120 - - 1056 56 2 2 - : 804 1796 32 184 1246 : 799 8 443 443 0 : 0 0 231 0 341 - 61 : 0.093486 6845.9 0.0 0.092789 4979.0 0.0 : 8 --c 0000 : 23 0 0.000 0.000 0 0.000 0.000 0 0.000 0.000 : 144.704083 144.706059 0.000176 144.792230 0.000095 144.794586 0.000052 144.796120 0.000097 : 144.796872 ]
[144.797s][info][gc       ] [SYSINFO 7335 227 63 0 6779 0 30 0 0 5703 : - - - - - - - - : 0 7168 : 2.37 2.89 2.08 : 292739 4277992 : 0 0 : 29 0 : 3877 2 0 261 : - 7413223424 682364928 1202388992 5905219584 238166016 67043328 : 140073237 30210360 743720 0 0 0 : 144.797107 ]
[144.797s][info][gc       ] [HUGEPAGESTAT 0 0 0 - 110774 0 0 : 393216 0 0 : 144.797107 ]
[144.797s][info][gc       ] [OBJCREAT 453799854 25619 22194176 : 144.797150 ]
[144.797s][info][gc       ] [HMSV All : 0 0 138 0 0 0 0 0 : 5000 0 0 0 : 144.797165 ]
[144.797s][info][gc       ] [HMSP 9 : 41100 0 : 144.797165 ]
[144.798s][info][gc       ] [VMAC 65530 166 24 435 625 : 144.797570 ]
[144.959s][info][gc       ] [GPGC-H  3854.3 493.8 0.1 0.0 : 8.2 : 0.412 0.441 : 0.575 0.584 0.636 1.294 : 2.642 0.844 0.845 0.476 1.717 0.399 : 0.000 : 94.164 : 1452 1796 32 0 : 2275 : 4608 4424 : 144.959425 : 9 Next_heuristic_check_may_be_too_late ]
[144.963s][info][safepoint] Application time: 0.1661540 seconds
[144.963s][info][safepoint] Total time for which application threads were stopped: 0.0003509 seconds, Stopping threads took: 0.0000004 seconds
[144.963s][info][gc       ] [SPS 0.000 0.004 0.003 0.006 0.000 0.001 0.000 0.324 0.038 0.370 NewGC_pause1 144.962758 ]
[145.333s][info][safepoint] Application time: 0.3701804 seconds
[145.334s][info][safepoint] Total time for which application threads were stopped: 0.0001919 seconds, Stopping threads took: 0.0000004 seconds
[145.334s][info][gc       ] [SPSH lock suspend gclocker notify wait resuspend cleanup op_time wakeup total(ms) op_name end(s) ]
[145.334s][info][gc       ] [SPS 0.000 0.001 0.000 0.005 0.000 0.001 0.000 0.167 0.019 0.192 NewGC_pause2 145.333112 ]
[145.335s][info][safepoint] Application time: 0.0017426 seconds
[145.335s][info][safepoint] Total time for which application threads were stopped: 0.0000599 seconds, Stopping threads took: 0.0000004 seconds
[145.335s][info][gc       ] [SPS 0.000 0.000 0.000 0.006 0.000 0.001 0.000 0.040 0.013 0.060 NewGC_pause3 145.334914 ]
[145.336s][info][safepoint] Application time: 0.0012614 seconds
[145.336s][info][safepoint] Total time for which application threads were stopped: 0.0000731 seconds, Stopping threads took: 0.0000004 seconds
[145.337s][info][gc       ] [SPS 0.000 0.003 0.002 0.013 0.000 0.001 0.000 0.046 0.013 0.073 NewGC_pause4 145.336248 ]
[145.337s][info][gc       ] [GC New Max 492-461 : 5120 4152 4034 5120 - - 1056 56 2 2 - : 2022 1796 32 184 2140 : 2013 6 123 123 0 : 0 0 334 0 919 - 92 : 0.163013 3999.7 0.0 0.376782 1826.0 0.0 : 8 --c 0000 : 23 0 0.000 0.000 0 0.000 0.000 0 0.000 0.000 : 144.959885 144.962388 0.000277 145.332920 0.000119 145.334854 0.000043 145.336175 0.000057 : 145.336667 ]
[145.337s][info][gc       ] [SYSINFO 7335 227 63 0 6779 0 30 0 0 5703 : - - - - - - - - : 0 7168 : 2.37 2.89 2.08 : 292739 4277992 : 0 0 : 29 0 : 3877 2 0 261 : - 7413223424 682364928 1202388992 5905219584 238166016 67043328 : 140073237 30213120 743740 0 0 0 : 145.336874 ]
[145.337s][info][gc       ] [HUGEPAGESTAT 0 0 0 - 110774 0 0 : 393216 0 0 : 145.336874 ]
[145.337s][info][gc       ] [OBJCREAT 455131445 25619 22194176 : 145.336911 ]
[145.337s][info][gc       ] [HMSV All : 0 0 140 0 0 0 0 0 : 5000 0 0 0 : 145.336925 ]
[145.337s][info][gc       ] [HMSP 9 : 41100 0 : 145.336925 ]
[145.337s][info][gc       ] [VMAC 65530 166 24 435 625 : 145.337364 ]
[145.384s][info][gc       ] [GPGC-H  3854.3 481.6 0.1 0.0 : 8.0 : 0.412 0.441 : 0.575 0.584 0.636 1.294 : 2.630 0.844 0.845 0.476 1.717 0.399 : 0.000 : 94.013 : 2200 1796 32 0 : 2275 : 4608 4424 : 145.383781 : 9 Next_heuristic_check_may_be_too_late ]
[145.387s][info][safepoint] Application time: 0.0508052 seconds
[145.388s][info][safepoint] Total time for which application threads were stopped: 0.0003265 seconds, Stopping threads took: 0.0000004 seconds
[145.388s][info][gc       ] [SPS 0.000 0.002 0.002 0.006 0.000 0.001 0.000 0.297 0.022 0.327 NewGC_pause1 145.387381 ]
[145.718s][info][safepoint] Application time: 0.3300202 seconds
[145.718s][info][safepoint] Total time for which application threads were stopped: 0.0001256 seconds, Stopping threads took: 0.0000004 seconds
[145.718s][info][gc       ] [SPS 0.000 0.001 0.000 0.005 0.000 0.001 0.000 0.112 0.007 0.126 NewGC_pause2 145.717527 ]
[145.719s][info][safepoint] Application time: 0.0016607 seconds
[145.719s][info][safepoint] Total time for which application threads were stopped: 0.0000564 seconds, Stopping threads took: 0.0000004 seconds
[145.720s][info][gc       ] [SPS 0.000 0.000 0.000 0.006 0.000 0.001 0.000 0.045 0.004 0.056 NewGC_pause3 145.719244 ]
[145.731s][info][safepoint] Application time: 0.0115864 seconds
[145.731s][info][safepoint] Total time for which application threads were stopped: 0.0001779 seconds, Stopping threads took: 0.0000004 seconds
[145.732s][info][gc       ] [SPS 0.000 0.003 0.004 0.007 0.000 0.001 0.000 0.146 0.024 0.178 NewGC_pause4 145.731008 ]
[145.825s][info][gc       ] [GC New Max 493-462 : 5120 4850 4690 5120 - - 1056 56 2 2 - : 2678 1796 32 184 2838 : 2390 13 442 442 93 : 0 309 314 0 1284 - 55 : 0.047671 3775.9 0.0 0.440693 1856.2 0.0 : 8 --c 0000 : 23 4416 0.000 0.003 0 0.000 0.000 4416 0.000 0.003 : 145.384337 145.387054 0.000258 145.717401 0.000048 145.719187 0.000046 145.730830 0.000058 : 145.825030 ]
[145.825s][info][gc       ] [SYSINFO 7335 227 63 0 6779 0 30 0 0 5703 : - - - - - - - - : 0 7168 : 2.37 2.89 2.08 : 292739 4277992 : 0 0 : 29 0 : 3877 2 0 261 : - 7413223424 682364928 1202388992 5905219584 238166016 67043328 : 140073237 30217010 743740 0 0 0 : 145.825298 ]
[145.825s][info][gc       ] [HUGEPAGESTAT 0 0 0 - 110774 0 0 : 393216 0 0 : 145.825298 ]
[145.825s][info][gc       ] [OBJCREAT 456124868 25619 22194176 : 145.825350 ]
[145.825s][info][gc       ] [HMSV All : 0 0 140 0 0 0 0 0 : 5000 0 0 0 : 145.825371 ]
[145.825s][info][gc       ] [HMSP 9 : 41100 0 : 145.825371 ]
[145.826s][info][gc       ] [VMAC 65530 166 24 435 625 : 145.825854 ]
[145.827s][info][gc       ] [GPGC-H  3853.8 481.6 0.1 0.0 : 8.0 : 0.440 0.441 : 0.575 0.584 0.636 1.294 : 2.630 0.844 0.845 0.476 1.717 0.399 : 0.000 : 93.992 : 2682 1796 32 0 : 2275 : 4608 4424 : 145.826510 : 3 Heap_use_exceeded_committed ]
[145.833s][info][safepoint] Application time: 0.1014197 seconds
[145.834s][info][safepoint] Total time for which application threads were stopped: 0.0001764 seconds, Stopping threads took: 0.0000004 seconds
[145.835s][info][gc       ] [SPS 0.000 0.001 0.004 0.007 0.000 0.001 0.000 0.150 0.017 0.176 NewGC_pause1 145.832604 ]
[146.173s][info][safepoint] Application time: 0.3406701 seconds
[146.174s][info][safepoint] Total time for which application threads were stopped: 0.0001287 seconds, Stopping threads took: 0.0000004 seconds
[146.174s][info][gc       ] [SPS 0.000 0.001 0.000 0.005 0.000 0.001 0.000 0.117 0.005 0.129 NewGC_pause2 146.173403 ]
[146.176s][info][safepoint] Application time: 0.0021485 seconds
[146.176s][info][safepoint] Total time for which application threads were stopped: 0.0000671 seconds, Stopping threads took: 0.0000005 seconds
[146.176s][info][gc       ] [SPS 0.000 0.001 0.000 0.009 0.000 0.001 0.005 0.047 0.004 0.067 NewGC_pause3 146.175619 ]
[146.178s][info][safepoint] Application time: 0.0013291 seconds
[146.178s][info][safepoint] Total time for which application threads were stopped: 0.0005882 seconds, Stopping threads took: 0.0000005 seconds
[146.178s][info][gc       ] [SPS 0.000 0.001 0.000 0.007 0.000 0.001 0.000 0.563 0.016 0.588 OldGC_pause2 146.177537 ]
[146.183s][info][safepoint] Application time: 0.0052878 seconds
[146.183s][info][safepoint] Total time for which application threads were stopped: 0.0000743 seconds, Stopping threads took: 0.0000005 seconds
[146.183s][info][gc       ] [SPS 0.000 0.001 0.000 0.006 0.000 0.001 0.000 0.047 0.019 0.074 OldGC_pause3 146.182899 ]
[146.186s][info][safepoint] Application time: 0.0027219 seconds
[146.186s][info][safepoint] Total time for which application threads were stopped: 0.0000796 seconds, Stopping threads took: 0.0000005 seconds
[146.186s][info][gc       ] [SPS 0.000 0.003 0.002 0.007 0.000 0.001 0.000 0.053 0.018 0.080 NewGC_pause4 146.185700 ]
[146.210s][info][gc       ] [GC NTO Max 494-463 : 5120 4940 4190 5120 - - 1056 56 2 2 - : 2178 1796 32 184 2928 : 1999 11 919 919 0 : 0 76 117 0 1034 - 55 : 0.002300 3478.0 0.0 0.382025 869.1 0.0 : 8 --c 0000 : 23 7178 0.000 0.003 0 0.000 0.000 7178 0.000 0.003 : 145.827330 145.832428 0.000153 146.173275 0.000119 146.175552 0.000057 146.185621 0.000052 : 146.209355 ]
[146.210s][info][gc       ] [SYSINFO 7335 227 63 0 6779 0 30 0 0 5703 : - - - - - - - - : 0 7168 : 2.37 2.89 2.08 : 292739 4277992 : 0 0 : 29 0 : 3877 6 0 261 : - 7413223424 682364928 1202388992 5905219584 238166016 67043328 : 140073237 30219980 743750 0 0 0 : 146.209730 ]
[146.210s][info][gc       ] [HUGEPAGESTAT 0 0 0 - 110774 0 0 : 393216 0 0 : 146.209730 ]
[146.210s][info][gc       ] [OBJCREAT 456465499 25684 22194176 : 146.209786 ]
[146.210s][info][gc       ] [HMSV All : 0 0 140 0 0 0 0 0 : 5000 0 0 0 : 146.209802 ]
[146.210s][info][gc       ] [HMSP 9 : 41100 0 : 146.209802 ]
[146.210s][info][gc       ] [VMAC 65530 166 24 435 625 : 146.210289 ]
[146.210s][info][gc       ] [GPGC-H  3841.2 481.6 0.1 0.0 : 8.0 : 0.440 0.441 : 0.575 0.584 0.636 1.294 : 2.630 0.844 0.845 0.476 1.717 0.399 : 0.000 : 99.402 : 2180 1796 32 0 : 2275 : 4608 4424 : 146.210478 : 8 May_exceed_heap_occupancy_target ]
[146.213s][info][safepoint] Application time: 0.0270482 seconds
[146.213s][info][safepoint] Total time for which application threads were stopped: 0.0000671 seconds, Stopping threads took: 0.0000004 seconds
[146.213s][info][gc       ] [SPS 0.000 0.002 0.002 0.010 0.000 0.001 0.000 0.041 0.015 0.067 OldGC_pause4 146.212816 ]
[146.213s][info][gc       ] [GC Old Max 495-32 : 5120 4940 2410 5120 - - 1056 56 2 2 - : 2188 6 32 184 1834 : 26 10 1791 1791 0 : 0 5 0 0 19 - 0 : 8.100030 0.0 0.2 0.384276 0.0 0.0 : 4 --c 0000 : 23   -    -    -    -    -    -    -    -    -  : 145.828956 145.832428 0.000153 146.176948 0.000566 146.182824 0.000050 146.212749 0.000048 : 146.213232 ]
[146.213s][info][gc       ] [SYSINFO 7335 227 63 0 6779 0 30 0 0 5703 : - - - - - - - - : 0 7168 : 2.37 2.89 2.08 : 292739 4277992 : 0 0 : 29 0 : 3877 2 0 261 : - 7413223424 682364928 1202388992 5905219584 238166016 67043328 : 140073237 30219980 743750 0 0 0 : 146.213410 ]
[146.213s][info][gc       ] [HUGEPAGESTAT 0 0 0 - 110774 0 0 : 393216 0 0 : 146.213410 ]
[146.213s][info][gc       ] [OBJCREAT 456477393 25684 22194176 : 146.213448 ]
[146.213s][info][gc       ] [HMSV All : 0 0 140 0 0 0 0 0 : 5000 0 0 0 : 146.213462 ]
[146.213s][info][gc       ] [HMSP 9 : 41100 0 : 146.213462 ]
[146.213s][info][gc       ] [COMPSTATS 1 : 5 0 : 1 0 : 0 0 : 530 5 0 0 0 0 : 0 0 0 0 0 0 : 146 147 12 : 535 0 0 0 0 0 0 : 535 0 0 0 0 0 0 ]
[146.213s][info][gc       ] [COMPSTATS 2 : 5 0 : 1 0 : 0 0 : 132 11 0 0 0 0 : 0 0 0 0 0 0 : 52677 52713 7789 : 77 42 24 0 0 0 0 : 39 84 14 5 1 0 0 ]
[146.213s][info][gc       ] [DEOPTSTATS 1 : 0 0 : 0 0 : 0 0 : 0 0 : 0 11 : 0 0 : 0 0 : 0 0 : 0 0 : 0 0 : 0 0 : 0 0 : 0 0 : 0 0 : 0 0 : 0 0 : 0 0 : 0 0 : 0 0 : 0 0 : 0 0 : 0 0 : 0 0 : 0 0 : 0 0 : 0 0 : 0 0 : 0 0 : 0 0 : 0 0 : 6 0 : 0 0 : 0 0 : 0 0 : 0 0 : 0 0 : 0 0 : 0 0 : 0 0 : 0 0 : 0 0 : 0 0 ]
[146.213s][info][gc       ] [DEOPTSTATS 2 : 0 0 : 0 0 : 0 0 : 0 0 : 0 0 : 0 0 : 0 15 : 0 0 : 0 0 : 0 0 : 0 0 : 0 0 : 0 0 : 0 0 : 0 0 : 0 0 : 0 0 : 0 0 : 0 0 : 0 0 : 0 0 : 0 0 : 0 0 : 0 0 : 0 0 : 0 0 : 0 0 : 0 0 : 0 0 : 0 0 : 4 0 : 0 0 : 0 0 : 0 0 : 0 1 : 0 0 : 0 0 : 0 0 : 0 0 : 0 3 : 0 0 : 0 0 ]
[146.214s][info][gc       ] [VMAC 65530 166 24 435 625 : 146.213842 ]
[146.214s][info][gc       ] [CCF 0 0 0 0 33 230912: 3091456 : 380 196608 : 3 49152 : 317 311808 :  524 647680 : 121 422400 : 0 0 : 15 1228800 : 1 2048]
[146.218s][info][safepoint] Application time: 0.0052342 seconds
[146.218s][info][safepoint] Total time for which application threads were stopped: 0.0001109 seconds, Stopping threads took: 0.0000004 seconds
[146.218s][info][gc       ] [SPS 0.000 0.002 0.002 0.005 0.000 0.001 0.000 0.090 0.014 0.111 NewGC_pause1 146.218161 ]
[146.500s][info][safepoint] Application time: 0.2814737 seconds
[146.500s][info][safepoint] Total time for which application threads were stopped: 0.0001164 seconds, Stopping threads took: 0.0000005 seconds
[146.501s][info][gc       ] [SPS 0.000 0.006 0.000 0.007 0.000 0.001 0.000 0.092 0.016 0.116 NewGC_pause2 146.499751 ]
[146.502s][info][safepoint] Application time: 0.0019305 seconds
[146.502s][info][safepoint] Total time for which application threads were stopped: 0.0001047 seconds, Stopping threads took: 0.0000005 seconds
[146.502s][info][gc       ] [SPS 0.000 0.000 0.000 0.007 0.000 0.001 0.000 0.083 0.014 0.105 NewGC_pause3 146.501786 ]
[146.510s][info][safepoint] Application time: 0.0077559 seconds
[146.510s][info][safepoint] Total time for which application threads were stopped: 0.0001172 seconds, Stopping threads took: 0.0000005 seconds
[146.510s][info][gc       ] [SPS 0.000 0.004 0.009 0.006 0.000 0.001 0.000 0.092 0.017 0.117 NewGC_pause4 146.509660 ]
[146.575s][info][gc       ] [GC New Max 496-464 : 5120 4196 2810 5120 - - 1056 56 2 2 - : 2588 6 32 184 2832 : 2393 11 428 428 0 : 0 209 314 0 1239 - 55 : 0.006218 3216.4 0.0 0.359072 2172.3 0.0 : 8 --c 0000 : 23 0 0.000 0.000 0 0.000 0.000 0 0.000 0.000 : 146.215573 146.218050 0.000092 146.499635 0.000095 146.501682 0.000087 146.509543 0.000093 : 146.574646 ]
[146.575s][info][gc       ] [SYSINFO 7335 227 63 0 6779 0 30 0 0 5703 : - - - - - - - - : 0 7168 : 2.37 2.89 2.08 : 292739 4277992 : 0 0 : 29 0 : 3877 2 0 261 : - 7413223424 682364928 1202388992 5905219584 238166016 67043328 : 140073237 30223130 743790 0 0 0 : 146.574917 ]
[146.575s][info][gc       ] [HUGEPAGESTAT 0 0 0 - 110774 0 0 : 393216 0 0 : 146.574917 ]
[146.575s][info][gc       ] [OBJCREAT 457260688 25684 22194176 : 146.574971 ]
[146.575s][info][gc       ] [HMSV All : 0 0 140 0 0 0 0 0 : 5000 0 0 0 : 146.574992 ]
[146.575s][info][gc       ] [HMSP 9 : 41100 0 : 146.574992 ]
[146.575s][info][gc       ] [VMAC 65530 166 24 435 625 : 146.575496 ]
[146.576s][info][gc       ] [GPGC-H  3841.2 481.6 0.1 0.0 : 8.0 : 0.440 0.428 : 0.575 0.590 0.636 1.294 : 2.630 0.764 0.845 0.476 1.717 0.399 : 0.000 : 99.401 : 2592 6 32 0 : 2275 : 4608 4424 : 146.575775 : 9 Next_heuristic_check_may_be_too_late ]
[146.579s][info][safepoint] Application time: 0.0694250 seconds
[146.579s][info][safepoint] Total time for which application threads were stopped: 0.0001468 seconds, Stopping threads took: 0.0000005 seconds
[146.580s][info][gc       ] [SPS 0.000 0.003 0.003 0.006 0.000 0.001 0.000 0.122 0.017 0.147 NewGC_pause1 146.579232 ]
[146.853s][info][safepoint] Application time: 0.2738004 seconds
[146.853s][info][safepoint] Total time for which application threads were stopped: 0.0000882 seconds, Stopping threads took: 0.0000005 seconds
[146.854s][info][gc       ] [SPS 0.000 0.001 0.000 0.007 0.001 0.001 0.000 0.063 0.016 0.088 NewGC_pause2 146.853120 ]
[146.854s][info][safepoint] Application time: 0.0011137 seconds
[146.855s][info][safepoint] Total time for which application threads were stopped: 0.0000686 seconds, Stopping threads took: 0.0000005 seconds
[146.855s][info][gc       ] [SPS 0.000 0.000 0.000 0.008 0.001 0.001 0.000 0.043 0.016 0.069 NewGC_pause3 146.854303 ]
[146.856s][info][safepoint] Application time: 0.0016209 seconds
[146.856s][info][safepoint] Total time for which application threads were stopped: 0.0000718 seconds, Stopping threads took: 0.0000005 seconds
[146.856s][info][gc       ] [SPS 0.000 0.003 0.002 0.007 0.001 0.001 0.000 0.047 0.016 0.072 NewGC_pause4 146.855995 ]
[146.857s][info][gc       ] [GC New Max 497-465 : 5120 3540 2762 5120 - - 1056 56 2 2 - : 2540 6 32 184 3318 : 2487 11 822 822 0 : 0 5 360 0 1215 - 55 : 0.001579 2532.6 0.0 0.280796 2614.0 0.0 : 8 --c 0000 : 23 0 0.000 0.000 0 0.000 0.000 0 0.000 0.000 : 146.576225 146.579085 0.000125 146.853032 0.000066 146.854234 0.000046 146.855924 0.000051 : 146.857021 ]
[146.857s][info][gc       ] [SYSINFO 7335 227 63 0 6779 0 30 0 0 5703 : - - - - - - - - : 0 7168 : 2.37 2.89 2.08 : 292739 4277992 : 0 0 : 29 0 : 3877 2 0 261 : - 7413223424 682364928 1202388992 5905219584 238166016 67043328 : 140073237 30225630 743800 0 0 0 : 146.857289 ]
[146.857s][info][gc       ] [HUGEPAGESTAT 0 0 0 - 110774 0 0 : 393216 0 0 : 146.857289 ]
[146.857s][info][gc       ] [OBJCREAT 457988972 25684 22194176 : 146.857337 ]
[146.857s][info][gc       ] [HMSV All : 0 0 140 0 0 0 0 0 : 5000 0 0 0 : 146.857356 ]
[146.857s][info][gc       ] [HMSP 9 : 41100 0 : 146.857356 ]
[146.858s][info][gc       ] [VMAC 65530 166 24 435 625 : 146.857813 ]
[146.995s][info][gc       ] [GPGC-H  3841.2 481.6 0.1 0.0 : 8.0 : 0.439 0.428 : 0.575 0.590 0.636 1.294 : 2.629 0.764 0.845 0.476 1.717 0.399 : 0.000 : 99.441 : 3062 6 32 0 : 2275 : 4608 4424 : 146.994987 : 9 Next_heuristic_check_may_be_too_late ]
[147.000s][info][safepoint] Application time: 0.1434317 seconds
[147.000s][info][safepoint] Total time for which application threads were stopped: 0.0003221 seconds, Stopping threads took: 0.0000004 seconds
[147.000s][info][gc       ] [SPS 0.000 0.003 0.003 0.006 0.000 0.001 0.000 0.270 0.045 0.322 NewGC_pause1 146.999749 ]
[147.258s][info][safepoint] Application time: 0.2584232 seconds
[147.259s][info][safepoint] Total time for which application threads were stopped: 0.0001843 seconds, Stopping threads took: 0.0000005 seconds
[147.259s][info][gc       ] [SPS 0.000 0.002 0.000 0.007 0.000 0.001 0.000 0.151 0.024 0.184 NewGC_pause2 147.258357 ]
[147.261s][info][safepoint] Application time: 0.0021221 seconds
[147.261s][info][safepoint] Total time for which application threads were stopped: 0.0001966 seconds, Stopping threads took: 0.0000005 seconds
[147.261s][info][gc       ] [SPS 0.000 0.001 0.000 0.008 0.000 0.001 0.000 0.162 0.025 0.197 NewGC_pause3 147.260676 ]
[147.272s][info][safepoint] Application time: 0.0110815 seconds
[147.273s][info][safepoint] Total time for which application threads were stopped: 0.0001748 seconds, Stopping threads took: 0.0000005 seconds
[147.273s][info][gc       ] [SPS 0.000 0.003 0.005 0.007 0.001 0.001 0.000 0.142 0.024 0.175 NewGC_pause4 147.271932 ]
[147.411s][info][gc       ] [GC New Max 498-466 : 5120 4106 3150 5120 - - 1056 56 2 2 - : 2254 680 32 184 3884 : 2577 5 1296 1296 25 : 337 0 405 0 1072 - 55 : 0.138438 3785.1 0.0 0.414952 2723.2 0.0 : 8 --c 0000 : 23 0 0.000 0.000 0 0.000 0.000 0 0.000 0.000 : 146.995459 146.999427 0.000239 147.258173 0.000110 147.260479 0.000056 147.271758 0.000100 : 147.410412 ]
[147.411s][info][gc       ] [SYSINFO 7335 227 63 0 6779 0 30 0 0 5703 : - - - - - - - - : 0 7168 : 2.37 2.89 2.08 : 292739 4277992 : 0 0 : 29 0 : 3877 2 0 261 : - 7413223424 682364928 1202388992 5905219584 238166016 67043328 : 140073237 30229460 743800 0 0 0 : 147.410680 ]
[147.411s][info][gc       ] [HUGEPAGESTAT 0 0 0 - 110774 0 0 : 393216 0 0 : 147.410680 ]
[147.411s][info][gc       ] [OBJCREAT 459629351 25684 22722560 : 147.410733 ]
[147.411s][info][gc       ] [HMSV All : 0 0 140 0 0 0 0 0 : 5000 0 0 0 : 147.410752 ]
[147.411s][info][gc       ] [HMSP 9 : 41100 0 : 147.410752 ]
[147.411s][info][gc       ] [GPGC-H  3841.2 476.1 0.1 0.0 : 7.8 : 0.439 0.428 : 0.575 0.590 0.636 1.294 : 2.796 0.764 0.845 0.476 1.717 0.399 : 0.000 : 99.285 : 2256 680 32 0 : 2275 : 4608 4424 : 147.411169 : 17 Old_headroom_use_may_exceed_trigger ]
[147.411s][info][gc       ] [VMAC 65530 166 24 435 625 : 147.411284 ]
[147.415s][info][safepoint] Application time: 0.1431040 seconds
[147.415s][info][safepoint] Total time for which application threads were stopped: 0.0002398 seconds, Stopping threads took: 0.0000005 seconds
[147.416s][info][gc       ] [SPS 0.000 0.001 0.008 0.007 0.000 0.001 0.000 0.212 0.019 0.240 NewGC_pause1 147.415276 ]
[147.643s][info][safepoint] Application time: 0.2274545 seconds
[147.643s][info][safepoint] Total time for which application threads were stopped: 0.0001774 seconds, Stopping threads took: 0.0000005 seconds
[147.644s][info][gc       ] [SPS 0.000 0.001 0.000 0.007 0.001 0.001 0.000 0.152 0.017 0.177 NewGC_pause2 147.642908 ]
[147.645s][info][safepoint] Application time: 0.0016035 seconds
[147.645s][info][safepoint] Total time for which application threads were stopped: 0.0000671 seconds, Stopping threads took: 0.0000005 seconds
[147.645s][info][gc       ] [SPS 0.000 0.000 0.000 0.007 0.000 0.001 0.000 0.043 0.015 0.067 NewGC_pause3 147.644579 ]
[147.666s][info][safepoint] Application time: 0.0213008 seconds
[147.667s][info][safepoint] Total time for which application threads were stopped: 0.0001521 seconds, Stopping threads took: 0.0000005 seconds
[147.667s][info][gc       ] [SPS 0.001 0.101 0.014 0.007 0.000 0.001 0.000 0.115 0.028 0.152 NewGC_pause4 147.666032 ]
[147.972s][info][gc       ] [GC NTO Max 499-467 : 5120 3706 3338 5120 - - 1057 56 2 2 - : 1664 1458 32 184 2810 : 1652 4 1156 1156 10 : 389 0 273 0 832 - 0 : 0.000860 4651.7 0.0 0.560643 2358.0 0.0 : 8 --c 0000 : 23 0 0.000 0.000 0 0.000 0.000 0 0.000 0.000 : 147.411271 147.415037 0.000215 147.642731 0.000154 147.644512 0.000046 147.665880 0.000062 : 147.971914 ]
[147.972s][info][gc       ] [SYSINFO 7335 227 63 0 6780 0 30 0 0 5703 : - - - - - - - - : 0 7168 : 2.37 2.89 2.08 : 292739 4277992 : 0 0 : 29 0 : 3877 4 0 261 : - 7414575104 682364928 1203740672 5905219584 238166016 67043328 : 140073237 30234260 743880 0 0 0 : 147.972193 ]
[147.972s][info][gc       ] [HUGEPAGESTAT 0 0 0 - 110774 0 0 : 393216 0 0 : 147.972193 ]
[147.972s][info][gc       ] [OBJCREAT 460941939 25684 23519232 : 147.972273 ]
[147.972s][info][gc       ] [HMSV All : 0 0 140 0 0 0 0 0 : 5000 0 0 0 : 147.972290 ]
[147.972s][info][gc       ] [HMSP 9 : 41100 0 : 147.972290 ]
[147.973s][info][gc       ] [VMAC 65530 166 24 435 625 : 147.972826 ]
[147.973s][info][gc       ] [GPGC-H  3841.2 476.1 0.1 0.0 : 7.8 : 0.439 0.428 : 0.575 0.590 0.636 1.294 : 2.812 0.764 0.845 0.476 1.717 0.399 : 0.000 : 99.847 : 1666 1458 32 0 : 2275 : 4608 4424 : 147.973371 : 9 Next_heuristic_check_may_be_too_late ]
[147.973s][info][safepoint] Application time: 0.3062907 seconds
[147.974s][info][safepoint] Total time for which application threads were stopped: 0.0011465 seconds, Stopping threads took: 0.0000004 seconds
[147.975s][info][gc       ] [SPS 0.000 0.001 0.000 0.016 0.000 0.001 0.000 1.105 0.024 1.147 OldGC_pause2 147.973470 ]
[147.980s][info][safepoint] Application time: 0.0068414 seconds
[147.981s][info][safepoint] Total time for which application threads were stopped: 0.0000557 seconds, Stopping threads took: 0.0000004 seconds
[147.981s][info][gc       ] [SPS 0.000 0.001 0.000 0.006 0.000 0.001 0.000 0.037 0.011 0.056 OldGC_pause3 147.980367 ]
[147.983s][info][safepoint] Application time: 0.0026533 seconds
[147.984s][info][safepoint] Total time for which application threads were stopped: 0.0003880 seconds, Stopping threads took: 0.0000004 seconds
[147.984s][info][gc       ] [SPS 0.000 0.263 0.002 0.005 0.000 0.001 0.000 0.354 0.028 0.388 NewGC_pause1 147.983408 ]
[148.124s][info][safepoint] Application time: 0.1402458 seconds
[148.124s][info][safepoint] Total time for which application threads were stopped: 0.0001954 seconds, Stopping threads took: 0.0000005 seconds
[148.125s][info][gc       ] [SPS 0.000 0.001 0.000 0.007 0.000 0.001 0.000 0.155 0.032 0.196 NewGC_pause2 148.123850 ]
[148.126s][info][safepoint] Application time: 0.0019196 seconds
[148.126s][info][safepoint] Total time for which application threads were stopped: 0.0000645 seconds, Stopping threads took: 0.0000005 seconds
[148.126s][info][gc       ] [SPS 0.000 0.001 0.000 0.007 0.000 0.001 0.000 0.040 0.015 0.065 NewGC_pause3 148.125834 ]
[148.140s][info][safepoint] Application time: 0.0139177 seconds
[148.141s][info][safepoint] Total time for which application threads were stopped: 0.0001555 seconds, Stopping threads took: 0.0000005 seconds
[148.141s][info][gc       ] [SPS 0.000 0.004 0.009 0.007 0.000 0.001 0.000 0.119 0.027 0.156 NewGC_pause4 148.139907 ]
[148.223s][info][gc       ] [GC New Max 501-468 : 5120 3822 2694 5120 - - 1057 56 2 2 - : 706 1772 32 184 2148 : 791 2 1358 1358 1 : 157 0 227 0 353 - 0 : 0.008354 3112.3 0.0 0.242332 2781.3 0.0 : 8 --c 0000 : 23 0 0.000 0.000 0 0.000 0.000 0 0.000 0.000 : 147.980268 147.983020 0.000276 148.123654 0.000103 148.125769 0.000044 148.139752 0.000057 : 148.222600 ]
[148.223s][info][gc       ] [SYSINFO 7335 227 63 0 6780 0 30 0 0 5703 : - - - - - - - - : 0 7168 : 2.37 2.89 2.08 : 292739 4277992 : 0 0 : 29 0 : 3877 2 0 261 : - 7414575104 682364928 1203740672 5905219584 238166016 67043328 : 140073237 30236280 743900 0 0 0 : 148.222861 ]
[148.223s][info][gc       ] [HUGEPAGESTAT 0 0 0 - 110774 0 0 : 393216 0 0 : 148.222861 ]
[148.223s][info][gc       ] [OBJCREAT 461633573 25684 23808000 : 148.222917 ]
[148.223s][info][gc       ] [HMSV All : 0 0 140 0 0 0 0 0 : 5000 0 0 0 : 148.222936 ]
[148.223s][info][gc       ] [HMSP 9 : 41100 0 : 148.222936 ]
[148.223s][info][gc       ] [VMAC 65530 166 24 435 625 : 148.223442 ]
[148.225s][info][safepoint] Application time: 0.0852725 seconds
[148.226s][info][safepoint] Total time for which application threads were stopped: 0.0001454 seconds, Stopping threads took: 0.0000004 seconds
[148.227s][info][gc       ] [SPS 0.000 0.002 0.004 0.007 0.000 0.001 0.000 0.100 0.037 0.145 OldGC_pause4 148.225325 ]
[148.228s][info][gc       ] [GC Old Max 500-33 : 5120 4106 2696 5120 - - 1057 56 2 2 - : 720 1764 28 184 1814 : 1782 30 2 2 0 : 0 9 546 1 841 - 55 : 1.199404 430.2 0.0 0.815044 1300.5 0.0 : 4 --c 0000 : 23   -    -    -    -    -    -    -    -    -  : 147.412636 147.415037 0.000215 147.972323 0.001062 147.980311 0.000041 148.225180 0.000055 : 148.227680 ]
[148.228s][info][gc       ] [SYSINFO 7335 227 63 0 6780 0 30 0 0 5703 : - - - - - - - - : 0 7168 : 2.37 2.89 2.08 : 292739 4277992 : 0 0 : 29 0 : 3877 2 0 261 : - 7414575104 682364928 1203740672 5905219584 238166016 67043328 : 140073237 30236290 743900 0 0 0 : 148.227879 ]
[148.228s][info][gc       ] [HUGEPAGESTAT 0 0 0 - 110774 0 0 : 393216 0 0 : 148.227879 ]
[148.228s][info][gc       ] [OBJCREAT 461649430 25684 23808000 : 148.227922 ]
[148.228s][info][gc       ] [HMSV All : 0 0 140 0 0 0 0 0 : 5000 0 0 0 : 148.227937 ]
[148.228s][info][gc       ] [HMSP 9 : 41100 0 : 148.227937 ]
[148.228s][info][gc       ] [COMPSTATS 1 : 5 0 : 1 0 : 0 0 : 530 5 0 0 0 0 : 0 0 0 0 0 0 : 146 147 12 : 535 0 0 0 0 0 0 : 535 0 0 0 0 0 0 ]
[148.228s][info][gc       ] [COMPSTATS 2 : 5 0 : 1 0 : 0 0 : 132 11 0 0 0 0 : 0 0 0 0 0 0 : 52677 52713 7789 : 77 42 24 0 0 0 0 : 39 84 14 5 1 0 0 ]
[148.228s][info][gc       ] [DEOPTSTATS 1 : 0 0 : 0 0 : 0 0 : 0 0 : 0 11 : 0 0 : 0 0 : 0 0 : 0 0 : 0 0 : 0 0 : 0 0 : 0 0 : 0 0 : 0 0 : 0 0 : 0 0 : 0 0 : 0 0 : 0 0 : 0 0 : 0 0 : 0 0 : 0 0 : 0 0 : 0 0 : 0 0 : 0 0 : 0 0 : 0 0 : 6 0 : 0 0 : 0 0 : 0 0 : 0 0 : 0 0 : 0 0 : 0 0 : 0 0 : 0 0 : 0 0 : 0 0 ]
[148.228s][info][gc       ] [DEOPTSTATS 2 : 0 0 : 0 0 : 0 0 : 0 0 : 0 0 : 0 0 : 0 15 : 0 0 : 0 0 : 0 0 : 0 0 : 0 0 : 0 0 : 0 0 : 0 0 : 0 0 : 0 0 : 0 0 : 0 0 : 0 0 : 0 0 : 0 0 : 0 0 : 0 0 : 0 0 : 0 0 : 0 0 : 0 0 : 0 0 : 0 0 : 4 0 : 0 0 : 0 0 : 0 0 : 0 1 : 0 0 : 0 0 : 0 0 : 0 0 : 0 3 : 0 0 : 0 0 ]
[148.229s][info][gc       ] [CCF 0 0 0 0 33 230912: 3091456 : 380 196608 : 3 49152 : 317 311808 :  524 647680 : 121 422400 : 0 0 : 15 1228800 : 1 2048]
[148.228s][info][gc       ] [VMAC 65530 166 24 435 625 : 148.228446 ]
[148.361s][info][gc       ] [GPGC-H  3809.9 476.1 0.1 0.0 : 7.8 : 0.438 0.815 : 0.575 0.596 0.636 1.294 : 2.811 0.759 0.845 0.476 1.717 0.399 : 0.000 : 99.845 : 1202 1764 28 0 : 2275 : 4608 4424 : 148.361332 : 9 Next_heuristic_check_may_be_too_late ]
[148.365s][info][safepoint] Application time: 0.1390291 seconds
[148.365s][info][safepoint] Total time for which application threads were stopped: 0.0002904 seconds, Stopping threads took: 0.0000004 seconds
[148.365s][info][gc       ] [SPS 0.000 0.002 0.003 0.006 0.000 0.001 0.000 0.249 0.034 0.290 NewGC_pause1 148.364645 ]
[148.465s][info][safepoint] Application time: 0.1004655 seconds
[148.466s][info][safepoint] Total time for which application threads were stopped: 0.0001773 seconds, Stopping threads took: 0.0000005 seconds
[148.466s][info][gc       ] [SPS 0.000 0.001 0.000 0.007 0.000 0.001 0.000 0.147 0.023 0.178 NewGC_pause2 148.465288 ]
[148.468s][info][safepoint] Application time: 0.0023568 seconds
[148.468s][info][safepoint] Total time for which application threads were stopped: 0.0001839 seconds, Stopping threads took: 0.0000005 seconds
[148.468s][info][gc       ] [SPS 0.000 0.001 0.000 0.007 0.000 0.001 0.000 0.153 0.023 0.184 NewGC_pause3 148.467829 ]
[148.472s][info][safepoint] Application time: 0.0037908 seconds
[148.472s][info][safepoint] Total time for which application threads were stopped: 0.0000814 seconds, Stopping threads took: 0.0000005 seconds
[148.472s][info][gc       ] [SPS 0.000 0.005 0.009 0.007 0.000 0.001 0.000 0.056 0.017 0.081 NewGC_pause4 148.471701 ]
[148.487s][info][gc       ] [GC New Max 502-469 : 5120 3438 2320 5120 - - 1057 56 2 2 - : 308 1800 28 184 1462 : 287 4 1173 1173 0 : 18 1 126 0 154 - 0 : 0.139376 3573.1 0.0 0.124860 2498.8 0.0 : 8 --c 0000 : 23 0 0.000 0.000 0 0.000 0.000 0 0.000 0.000 : 148.361976 148.364355 0.000218 148.465111 0.000108 148.467645 0.000046 148.471620 0.000060 : 148.486836 ]
[148.487s][info][gc       ] [SYSINFO 7335 227 63 0 6780 0 30 0 0 5703 : - - - - - - - - : 0 7168 : 2.37 2.89 2.08 : 292739 4277992 : 0 0 : 29 0 : 3877 2 0 261 : - 7414575104 682364928 1203740672 5905219584 238166016 67043328 : 140073237 30237370 743940 0 0 0 : 148.487090 ]
[148.487s][info][gc       ] [HUGEPAGESTAT 0 0 0 - 110774 0 0 : 393216 0 0 : 148.487090 ]
[148.487s][info][gc       ] [OBJCREAT 462437648 25684 23844864 : 148.487143 ]
[148.487s][info][gc       ] [HMSV All : 0 0 140 0 0 0 0 0 : 5000 0 0 0 : 148.487162 ]
[148.487s][info][gc       ] [HMSP 9 : 41100 0 : 148.487162 ]
[148.488s][info][gc       ] [VMAC 65530 166 24 435 625 : 148.487714 ]
[148.650s][info][gc       ] [GPGC-H  3809.9 476.1 0.1 0.0 : 7.8 : 0.437 0.815 : 0.575 0.596 0.636 1.294 : 2.809 0.759 0.845 0.476 1.717 0.399 : 0.000 : 99.684 : 952 1800 28 0 : 2275 : 4608 4424 : 148.650024 : 9 Next_heuristic_check_may_be_too_late ]
[148.653s][info][safepoint] Application time: 0.1807481 seconds
[148.653s][info][safepoint] Total time for which application threads were stopped: 0.0003138 seconds, Stopping threads took: 0.0000004 seconds
[148.653s][info][gc       ] [SPS 0.000 0.003 0.003 0.006 0.000 0.001 0.000 0.287 0.019 0.314 NewGC_pause1 148.652763 ]
[148.707s][info][safepoint] Application time: 0.0543861 seconds
[148.708s][info][safepoint] Total time for which application threads were stopped: 0.0001492 seconds, Stopping threads took: 0.0000004 seconds
[148.708s][info][gc       ] [SPS 0.000 0.001 0.000 0.006 0.000 0.001 0.000 0.123 0.019 0.149 NewGC_pause2 148.707298 ]
[148.709s][info][safepoint] Application time: 0.0013305 seconds
[148.709s][info][safepoint] Total time for which application threads were stopped: 0.0000529 seconds, Stopping threads took: 0.0000004 seconds
[148.709s][info][gc       ] [SPS 0.000 0.000 0.000 0.006 0.000 0.001 0.000 0.034 0.012 0.053 NewGC_pause3 148.708682 ]
[148.710s][info][safepoint] Application time: 0.0011100 seconds
[148.710s][info][safepoint] Total time for which application threads were stopped: 0.0000656 seconds, Stopping threads took: 0.0000004 seconds
[148.710s][info][gc       ] [SPS 0.000 0.002 0.002 0.006 0.000 0.001 0.000 0.042 0.017 0.066 NewGC_pause4 148.709857 ]
[148.710s][info][gc       ] [GC New Max 503-470 : 5120 3158 2202 5120 - - 1057 56 2 2 - : 190 1800 28 184 1146 : 186 4 958 958 0 : 0 1 93 0 95 - 0 : 0.163673 3946.9 0.0 0.059677 3250.8 0.0 : 8 --c 0000 : 23 0 0.000 0.000 0 0.000 0.000 0 0.000 0.000 : 148.650509 148.652449 0.000258 148.707149 0.000085 148.708629 0.000037 148.709792 0.000045 : 148.710186 ]
[148.710s][info][gc       ] [SYSINFO 7335 227 63 0 6780 0 30 0 0 5703 : - - - - - - - - : 0 7168 : 2.37 2.89 2.08 : 292739 4277992 : 0 0 : 29 0 : 3877 2 0 261 : - 7414575104 682364928 1203740672 5905219584 238166016 67043328 : 140073237 30238000 743940 0 0 0 : 148.710395 ]
[148.710s][info][gc       ] [HUGEPAGESTAT 0 0 0 - 110774 0 0 : 393216 0 0 : 148.710395 ]
[148.710s][info][gc       ] [OBJCREAT 463268456 25684 23844864 : 148.710438 ]
[148.710s][info][gc       ] [HMSV All : 0 0 140 0 0 0 0 0 : 5000 0 0 0 : 148.710453 ]
[148.710s][info][gc       ] [HMSP 9 : 41100 0 : 148.710453 ]
[148.711s][info][gc       ] [VMAC 65530 166 24 435 625 : 148.710872 ]
[148.868s][info][gc       ] [GPGC-H  3809.9 476.1 0.1 0.0 : 7.8 : 0.436 0.815 : 0.575 0.596 0.636 1.294 : 2.807 0.759 0.845 0.476 1.717 0.399 : 0.000 : 99.496 : 806 1800 28 0 : 2275 : 4608 4424 : 148.868362 : 9 Next_heuristic_check_may_be_too_late ]
[148.871s][info][safepoint] Application time: 0.1610006 seconds
[148.872s][info][safepoint] Total time for which application threads were stopped: 0.0003582 seconds, Stopping threads took: 0.0000008 seconds
[148.872s][info][gc       ] [SPS 0.000 0.004 0.003 0.010 0.001 0.007 0.001 0.306 0.034 0.358 NewGC_pause1 148.871217 ]
[148.918s][info][safepoint] Application time: 0.0463840 seconds
[148.918s][info][safepoint] Total time for which application threads were stopped: 0.0001412 seconds, Stopping threads took: 0.0000004 seconds
[148.919s][info][gc       ] [SPS 0.000 0.001 0.000 0.006 0.000 0.001 0.000 0.116 0.019 0.141 NewGC_pause2 148.917742 ]
[148.920s][info][safepoint] Application time: 0.0020844 seconds
[148.920s][info][safepoint] Total time for which application threads were stopped: 0.0000560 seconds, Stopping threads took: 0.0000004 seconds
[148.921s][info][gc       ] [SPS 0.000 0.000 0.000 0.006 0.000 0.001 0.000 0.036 0.013 0.056 NewGC_pause3 148.919882 ]
[148.921s][info][safepoint] Application time: 0.0013099 seconds
[148.921s][info][safepoint] Total time for which application threads were stopped: 0.0000891 seconds, Stopping threads took: 0.0000004 seconds
[148.922s][info][gc       ] [SPS 0.000 0.003 0.002 0.006 0.000 0.001 0.000 0.066 0.016 0.089 NewGC_pause4 148.921281 ]
[148.922s][info][gc       ] [GC New Max 504-471 : 5120 2994 2184 5120 - - 1057 56 2 2 - : 172 1800 28 184 982 : 168 4 813 813 0 : 0 1 84 0 86 - 0 : 0.158675 3894.8 0.0 0.052740 3337.1 0.0 : 8 --c 0000 : 23 0 0.000 0.000 0 0.000 0.000 0 0.000 0.000 : 148.868861 148.870858 0.000272 148.917601 0.000086 148.919826 0.000038 148.921192 0.000067 : 148.921601 ]
[148.922s][info][gc       ] [SYSINFO 7335 227 63 0 6780 0 30 0 0 5703 : - - - - - - - - : 0 7168 : 2.34 2.88 2.08 : 292739 4277992 : 0 0 : 29 0 : 3877 2 0 261 : - 7414575104 682364928 1203740672 5905219584 238166016 67043328 : 140073237 30238530 743970 0 0 0 : 148.921804 ]
[148.922s][info][gc       ] [HUGEPAGESTAT 0 0 0 - 110774 0 0 : 393216 0 0 : 148.921804 ]
[148.922s][info][gc       ] [OBJCREAT 464055047 25684 23844864 : 148.921844 ]
[148.922s][info][gc       ] [HMSV All : 0 0 140 0 0 0 0 0 : 5000 0 0 0 : 148.921859 ]
[148.922s][info][gc       ] [HMSP 9 : 41100 0 : 148.921859 ]
[148.922s][info][gc       ] [VMAC 65530 166 24 435 625 : 148.922220 ]
[149.084s][info][gc       ] [GPGC-H  3809.9 476.1 0.1 0.0 : 7.8 : 0.435 0.815 : 0.575 0.596 0.636 1.294 : 2.803 0.759 0.845 0.476 1.717 0.399 : 0.000 : 99.314 : 834 1800 28 0 : 2275 : 4608 4424 : 149.083872 : 9 Next_heuristic_check_may_be_too_late ]
[149.087s][info][safepoint] Application time: 0.1648898 seconds
[149.087s][info][safepoint] Total time for which application threads were stopped: 0.0004463 seconds, Stopping threads took: 0.0000010 seconds
[149.087s][info][gc       ] [SPS 0.000 0.004 0.003 0.023 0.001 0.002 0.001 0.399 0.022 0.446 NewGC_pause1 149.086618 ]
[149.135s][info][safepoint] Application time: 0.0484431 seconds
[149.135s][info][safepoint] Total time for which application threads were stopped: 0.0001235 seconds, Stopping threads took: 0.0000004 seconds
[149.136s][info][gc       ] [SPS 0.000 0.001 0.000 0.006 0.000 0.001 0.000 0.104 0.012 0.123 NewGC_pause2 149.135185 ]
[149.137s][info][safepoint] Application time: 0.0018461 seconds
[149.138s][info][safepoint] Total time for which application threads were stopped: 0.0001201 seconds, Stopping threads took: 0.0000004 seconds
[149.138s][info][gc       ] [SPS 0.000 0.000 0.000 0.006 0.000 0.001 0.000 0.099 0.014 0.120 NewGC_pause3 149.137151 ]
[149.138s][info][safepoint] Application time: 0.0012157 seconds
[149.139s][info][safepoint] Total time for which application threads were stopped: 0.0000669 seconds, Stopping threads took: 0.0000004 seconds
[149.139s][info][gc       ] [SPS 0.000 0.002 0.002 0.006 0.000 0.001 0.000 0.040 0.020 0.067 NewGC_pause4 149.138433 ]
[149.139s][info][gc       ] [GC New Max 505-472 : 5120 3020 2182 5120 - - 1057 56 2 2 - : 170 1800 28 184 1008 : 166 4 840 840 0 : 0 1 83 0 85 - 0 : 0.162699 4081.2 0.0 0.054479 3193.9 0.0 : 8 --c 0000 : 23 0 0.000 0.000 0 0.000 0.000 0 0.000 0.000 : 149.084300 149.086172 0.000333 149.135061 0.000107 149.137031 0.000102 149.138366 0.000043 : 149.138779 ]
[149.139s][info][gc       ] [SYSINFO 7335 227 63 0 6780 0 30 0 0 5703 : - - - - - - - - : 0 7168 : 2.34 2.88 2.08 : 292739 4277992 : 0 0 : 29 0 : 3877 2 0 261 : - 7414575104 682364928 1203740672 5905219584 238166016 67043328 : 140073237 30239010 743970 0 0 0 : 149.139013 ]
[149.139s][info][gc       ] [HUGEPAGESTAT 0 0 0 - 110774 0 0 : 393216 0 0 : 149.139013 ]
[149.139s][info][gc       ] [OBJCREAT 464882262 25684 23844864 : 149.139056 ]
[149.139s][info][gc       ] [HMSV All : 0 0 140 0 0 0 0 0 : 5000 0 0 0 : 149.139071 ]
[149.139s][info][gc       ] [HMSP 9 : 41100 0 : 149.139071 ]
[149.139s][info][gc       ] [VMAC 65530 166 24 435 625 : 149.139468 ]
[149.298s][info][gc       ] [GPGC-H  3809.9 476.1 0.1 0.0 : 7.8 : 0.434 0.815 : 0.575 0.596 0.636 1.294 : 2.798 0.759 0.845 0.476 1.717 0.399 : 0.000 : 99.128 : 804 1800 28 0 : 2275 : 4608 4424 : 149.298112 : 9 Next_heuristic_check_may_be_too_late ]
[149.301s][info][safepoint] Application time: 0.1618021 seconds
[149.301s][info][safepoint] Total time for which application threads were stopped: 0.0003007 seconds, Stopping threads took: 0.0000004 seconds
[149.301s][info][gc       ] [SPS 0.000 0.002 0.002 0.006 0.000 0.001 0.000 0.275 0.019 0.301 NewGC_pause1 149.300537 ]
[149.343s][info][safepoint] Application time: 0.0423531 seconds
[149.343s][info][safepoint] Total time for which application threads were stopped: 0.0001799 seconds, Stopping threads took: 0.0000013 seconds
[149.344s][info][gc       ] [SPS 0.000 0.001 0.000 0.008 0.001 0.001 0.000 0.149 0.020 0.180 NewGC_pause2 149.343070 ]
[149.345s][info][safepoint] Application time: 0.0015388 seconds
[149.345s][info][safepoint] Total time for which application threads were stopped: 0.0000600 seconds, Stopping threads took: 0.0000004 seconds
[149.345s][info][gc       ] [SPS 0.000 0.000 0.000 0.006 0.000 0.001 0.000 0.039 0.013 0.060 NewGC_pause3 149.344668 ]
[149.346s][info][safepoint] Application time: 0.0011216 seconds
[149.346s][info][safepoint] Total time for which application threads were stopped: 0.0000708 seconds, Stopping threads took: 0.0000004 seconds
[149.346s][info][gc       ] [SPS 0.000 0.003 0.002 0.006 0.000 0.001 0.000 0.045 0.018 0.071 NewGC_pause4 149.345861 ]
[149.346s][info][gc       ] [GC New Max 506-473 : 5120 2934 2128 5120 - - 1057 56 2 2 - : 116 1800 28 184 922 : 112 4 809 809 0 : 0 1 56 0 58 - 0 : 0.159797 3980.1 0.0 0.047659 2475.9 0.0 : 8 --c 0000 : 23 0 0.000 0.000 0 0.000 0.000 0 0.000 0.000 : 149.298576 149.300236 0.000237 149.342890 0.000060 149.344608 0.000043 149.345790 0.000049 : 149.346235 ]
[149.346s][info][gc       ] [SYSINFO 7335 227 63 0 6780 0 30 0 0 5703 : - - - - - - - - : 0 7168 : 2.34 2.88 2.08 : 292739 4277992 : 0 0 : 29 0 : 3877 2 0 261 : - 7414575104 682364928 1203740672 5905219584 238166016 67043328 : 140073237 30239520 743990 0 0 0 : 149.346447 ]
[149.346s][info][gc       ] [HUGEPAGESTAT 0 0 0 - 110774 0 0 : 393216 0 0 : 149.346447 ]
[149.346s][info][gc       ] [OBJCREAT 465631272 25684 23844864 : 149.346489 ]
[149.347s][info][gc       ] [HMSV All : 0 0 140 0 0 0 0 0 : 5000 0 0 0 : 149.346505 ]
[149.347s][info][gc       ] [HMSP 9 : 41100 0 : 149.346505 ]
[149.347s][info][gc       ] [VMAC 65530 166 24 435 625 : 149.346904 ]
[149.509s][info][gc       ] [GPGC-H  3809.9 546.7 0.1 0.0 : 7.6 : 0.433 0.815 : 0.575 0.596 0.636 1.294 : 2.792 0.759 0.845 0.476 1.717 0.399 : 0.000 : 98.946 : 752 1800 28 0 : 2275 : 4608 4424 : 149.508501 : 9 Next_heuristic_check_may_be_too_late ]
[149.512s][info][safepoint] Application time: 0.1652814 seconds
[149.512s][info][safepoint] Total time for which application threads were stopped: 0.0003811 seconds, Stopping threads took: 0.0000037 seconds
[149.512s][info][gc       ] [SPS 0.000 0.003 0.002 0.006 0.004 0.001 0.000 0.329 0.041 0.381 NewGC_pause1 149.511524 ]
[149.560s][info][safepoint] Application time: 0.0481627 seconds
[149.560s][info][safepoint] Total time for which application threads were stopped: 0.0001439 seconds, Stopping threads took: 0.0000004 seconds
[149.561s][info][gc       ] [SPS 0.000 0.001 0.000 0.006 0.000 0.001 0.000 0.117 0.020 0.144 NewGC_pause2 149.559830 ]
[149.562s][info][safepoint] Application time: 0.0018200 seconds
[149.562s][info][safepoint] Total time for which application threads were stopped: 0.0000544 seconds, Stopping threads took: 0.0000004 seconds
[149.562s][info][gc       ] [SPS 0.000 0.001 0.000 0.006 0.000 0.001 0.000 0.034 0.013 0.054 NewGC_pause3 149.561705 ]
[149.563s][info][safepoint] Application time: 0.0011829 seconds
[149.563s][info][safepoint] Total time for which application threads were stopped: 0.0000610 seconds, Stopping threads took: 0.0000004 seconds
[149.563s][info][gc       ] [SPS 0.000 0.003 0.002 0.006 0.000 0.001 0.000 0.040 0.014 0.061 NewGC_pause4 149.562949 ]
[149.564s][info][gc       ] [GC New Max 507-474 : 5120 2940 2186 5120 - - 1057 56 2 2 - : 174 1800 28 184 928 : 170 4 759 759 0 : 0 1 85 0 87 - 0 : 0.162780 3919.4 0.0 0.054308 3277.6 0.0 : 8 --c 0000 : 23 0 0.000 0.000 0 0.000 0.000 0 0.000 0.000 : 149.509015 149.511143 0.000278 149.559686 0.000049 149.561650 0.000037 149.562888 0.000043 : 149.563323 ]
[149.564s][info][gc       ] [SYSINFO 7335 227 63 0 6780 0 30 0 0 5703 : - - - - - - - - : 0 7168 : 2.34 2.88 2.08 : 292739 4277992 : 0 0 : 29 0 : 3877 2 0 261 : - 7414575104 682364928 1203740672 5905219584 238166016 67043328 : 140073237 30240050 743990 0 0 0 : 149.563558 ]
[149.564s][info][gc       ] [HUGEPAGESTAT 0 0 0 - 110774 0 0 : 393216 0 0 : 149.563558 ]
[149.564s][info][gc       ] [OBJCREAT 466437758 25684 23844864 : 149.563600 ]
[149.564s][info][gc       ] [HMSV All : 0 0 140 0 0 0 0 0 : 5000 0 0 0 : 149.563615 ]
[149.564s][info][gc       ] [HMSP 9 : 41100 0 : 149.563615 ]
[149.564s][info][gc       ] [VMAC 65530 166 24 435 625 : 149.564006 ]
[149.721s][info][gc       ] [GPGC-H  3809.9 546.7 0.1 0.0 : 7.6 : 0.432 0.815 : 0.575 0.596 0.636 1.294 : 2.785 0.759 0.845 0.476 1.717 0.399 : 0.000 : 98.761 : 786 1800 28 0 : 2275 : 4608 4424 : 149.721133 : 9 Next_heuristic_check_may_be_too_late ]
[149.723s][info][safepoint] Application time: 0.1601286 seconds
[149.724s][info][safepoint] Total time for which application threads were stopped: 0.0003065 seconds, Stopping threads took: 0.0000004 seconds
[149.724s][info][gc       ] [SPS 0.000 0.003 0.003 0.006 0.000 0.001 0.000 0.285 0.013 0.306 NewGC_pause1 149.723384 ]
[149.770s][info][safepoint] Application time: 0.0466673 seconds
[149.771s][info][safepoint] Total time for which application threads were stopped: 0.0001534 seconds, Stopping threads took: 0.0000004 seconds
[149.771s][info][gc       ] [SPS 0.000 0.001 0.000 0.006 0.000 0.001 0.000 0.128 0.019 0.154 NewGC_pause2 149.770205 ]
[149.772s][info][safepoint] Application time: 0.0018991 seconds
[149.772s][info][safepoint] Total time for which application threads were stopped: 0.0000511 seconds, Stopping threads took: 0.0000004 seconds
[149.773s][info][gc       ] [SPS 0.000 0.000 0.000 0.006 0.000 0.001 0.000 0.032 0.012 0.051 NewGC_pause3 149.772155 ]
[149.773s][info][safepoint] Application time: 0.0011568 seconds
[149.774s][info][safepoint] Total time for which application threads were stopped: 0.0000678 seconds, Stopping threads took: 0.0000095 seconds
[149.774s][info][gc       ] [SPS 0.000 0.010 0.002 0.004 0.009 0.001 0.000 0.037 0.016 0.068 NewGC_pause4 149.773380 ]
[149.774s][info][gc       ] [GC New Max 508-475 : 5120 2978 2188 5120 - - 1057 56 2 2 - : 176 1800 28 184 966 : 172 4 792 792 0 : 0 1 86 0 88 - 0 : 0.158247 3880.0 0.0 0.052223 3446.7 0.0 : 8 --c 0000 : 23 0 0.000 0.000 0 0.000 0.000 0 0.000 0.000 : 149.721570 149.723078 0.000289 149.770051 0.000090 149.772104 0.000036 149.773312 0.000048 : 149.773793 ]
[149.774s][info][gc       ] [SYSINFO 7335 227 63 0 6780 0 30 0 0 5703 : - - - - - - - - : 0 7168 : 2.34 2.88 2.08 : 292739 4277992 : 0 0 : 29 0 : 3877 2 0 261 : - 7414575104 682364928 1203740672 5905219584 238166016 67043328 : 140073237 30240620 743990 0 0 0 : 149.773996 ]
[149.774s][info][gc       ] [HUGEPAGESTAT 0 0 0 - 110774 0 0 : 393216 0 0 : 149.773996 ]
[149.774s][info][gc       ] [OBJCREAT 467224888 25684 23844864 : 149.774034 ]
[149.774s][info][gc       ] [HMSV All : 0 0 140 0 0 0 0 0 : 5000 0 0 0 : 149.774049 ]
[149.774s][info][gc       ] [HMSP 9 : 41100 0 : 149.774049 ]
[149.774s][info][gc       ] [VMAC 65530 166 24 435 625 : 149.774392 ]
[149.931s][info][gc       ] [GPGC-H  3809.9 546.7 0.1 0.0 : 7.6 : 0.431 0.815 : 0.575 0.596 0.636 1.294 : 2.779 0.759 0.845 0.476 1.717 0.399 : 0.000 : 98.581 : 794 1800 28 0 : 2275 : 4608 4424 : 149.931326 : 9 Next_heuristic_check_may_be_too_late ]
[149.934s][info][safepoint] Application time: 0.1604200 seconds
[149.935s][info][safepoint] Total time for which application threads were stopped: 0.0004261 seconds, Stopping threads took: 0.0000007 seconds
[149.935s][info][gc       ] [SPS 0.000 0.003 0.003 0.010 0.001 0.001 0.001 0.381 0.034 0.427 NewGC_pause1 149.934226 ]
[149.979s][info][safepoint] Application time: 0.0442940 seconds
[149.979s][info][safepoint] Total time for which application threads were stopped: 0.0002755 seconds, Stopping threads took: 0.0000004 seconds
[149.980s][info][gc       ] [SPS 0.000 0.001 0.000 0.006 0.000 0.001 0.000 0.141 0.127 0.276 NewGC_pause2 149.978796 ]
[149.981s][info][safepoint] Application time: 0.0020692 seconds
[149.981s][info][safepoint] Total time for which application threads were stopped: 0.0000526 seconds, Stopping threads took: 0.0000004 seconds
[149.981s][info][gc       ] [SPS 0.000 0.000 0.000 0.006 0.000 0.001 0.000 0.034 0.012 0.053 NewGC_pause3 149.980918 ]
[149.982s][info][safepoint] Application time: 0.0011416 seconds
[149.982s][info][safepoint] Total time for which application threads were stopped: 0.0000629 seconds, Stopping threads took: 0.0000004 seconds
[149.982s][info][gc       ] [SPS 0.000 0.002 0.002 0.006 0.000 0.001 0.000 0.043 0.012 0.063 NewGC_pause4 149.982122 ]
[149.983s][info][gc       ] [GC New Max 509-476 : 5120 2948 2150 5120 - - 1057 56 2 2 - : 138 1800 28 184 936 : 134 4 800 800 0 : 0 1 67 0 69 - 0 : 0.158029 3923.3 0.0 0.050744 2798.4 0.0 : 8 --c 0000 : 23 0 0.000 0.000 0 0.000 0.000 0 0.000 0.000 : 149.931823 149.933800 0.000326 149.978520 0.000097 149.980865 0.000037 149.982059 0.000046 : 149.982567 ]
[149.983s][info][gc       ] [SYSINFO 7335 227 63 0 6780 0 30 0 0 5703 : - - - - - - - - : 0 7168 : 2.34 2.88 2.08 : 292739 4277992 : 0 0 : 29 0 : 3877 2 0 261 : - 7414575104 682364928 1203740672 5905219584 238166016 67043328 : 140073237 30241080 744000 0 0 0 : 149.982771 ]
[149.983s][info][gc       ] [HUGEPAGESTAT 0 0 0 - 110774 0 0 : 393216 0 0 : 149.982771 ]
[149.983s][info][gc       ] [OBJCREAT 467978630 25684 23844864 : 149.982808 ]
[149.983s][info][gc       ] [HMSV All : 0 0 140 0 0 0 0 0 : 5000 0 0 0 : 149.982824 ]
[149.983s][info][gc       ] [HMSP 9 : 41100 0 : 149.982824 ]
[149.983s][info][gc       ] [VMAC 65530 166 24 435 625 : 149.983178 ]
[150.142s][info][gc       ] [GPGC-H  3809.9 546.7 0.1 0.0 : 7.6 : 0.430 0.815 : 0.575 0.596 0.636 1.294 : 2.773 0.759 0.845 0.476 1.717 0.399 : 0.000 : 98.402 : 764 1800 28 0 : 2275 : 4608 4424 : 150.141917 : 9 Next_heuristic_check_may_be_too_late ]
[150.145s][info][safepoint] Application time: 0.1620660 seconds
[150.145s][info][safepoint] Total time for which application threads were stopped: 0.0004290 seconds, Stopping threads took: 0.0000008 seconds
[150.145s][info][gc       ] [SPS 0.000 0.004 0.004 0.010 0.001 0.001 0.001 0.374 0.043 0.429 NewGC_pause1 150.144618 ]
[150.192s][info][safepoint] Application time: 0.0468073 seconds
[150.192s][info][safepoint] Total time for which application threads were stopped: 0.0001472 seconds, Stopping threads took: 0.0000004 seconds
[150.193s][info][gc       ] [SPS 0.000 0.001 0.000 0.006 0.000 0.001 0.000 0.115 0.026 0.147 NewGC_pause2 150.191572 ]
[150.197s][info][safepoint] Application time: 0.0049621 seconds
[150.197s][info][safepoint] Total time for which application threads were stopped: 0.0001737 seconds, Stopping threads took: 0.0000004 seconds
[150.197s][info][gc       ] [SPS 0.000 0.000 0.000 0.005 0.000 0.001 0.000 0.116 0.051 0.174 NewGC_pause3 150.196708 ]
[150.198s][info][safepoint] Application time: 0.0008776 seconds
[150.198s][info][safepoint] Total time for which application threads were stopped: 0.0000571 seconds, Stopping threads took: 0.0000004 seconds
[150.198s][info][gc       ] [SPS 0.000 0.002 0.002 0.006 0.000 0.001 0.000 0.038 0.012 0.057 NewGC_pause4 150.197642 ]
[150.198s][info][gc       ] [GC New Max 510-477 : 5120 2952 2186 5120 - - 1057 56 2 2 - : 174 1800 28 184 940 : 168 4 770 770 0 : 0 1 84 0 87 - 0 : 0.159783 3930.3 0.0 0.055653 3198.4 0.0 : 8 --c 0000 : 23 0 0.000 0.000 0 0.000 0.000 0 0.000 0.000 : 150.142349 150.144188 0.000318 150.191425 0.000086 150.196534 0.000037 150.197585 0.000041 : 150.198003 ]
[150.198s][info][gc       ] [SYSINFO 7335 227 63 0 6780 0 30 0 0 5703 : - - - - - - - - : 0 7168 : 2.34 2.88 2.08 : 292739 4277992 : 0 0 : 29 0 : 3877 2 0 261 : - 7414575104 682364928 1203740672 5905219584 238166016 67043328 : 140073237 30241550 744030 0 0 0 : 150.198207 ]
[150.198s][info][gc       ] [HUGEPAGESTAT 0 0 0 - 110774 0 0 : 393216 0 0 : 150.198207 ]
[150.198s][info][gc       ] [OBJCREAT 468774169 25684 23844864 : 150.198248 ]
[150.198s][info][gc       ] [HMSV All : 0 0 140 0 0 0 0 0 : 5000 0 0 0 : 150.198263 ]
[150.198s][info][gc       ] [HMSP 9 : 41100 0 : 150.198263 ]
[150.199s][info][gc       ] [VMAC 65530 166 24 435 625 : 150.198690 ]
[150.358s][info][gc       ] [GPGC-H  3803.5 546.7 0.1 0.0 : 7.6 : 0.429 0.815 : 0.575 0.596 0.636 1.294 : 2.767 0.759 0.845 0.476 1.717 0.399 : 0.000 : 98.222 : 792 1800 28 0 : 2275 : 4608 4424 : 150.357507 : 9 Next_heuristic_check_may_be_too_late ]
[150.361s][info][safepoint] Application time: 0.1627780 seconds
[150.361s][info][safepoint] Total time for which application threads were stopped: 0.0003391 seconds, Stopping threads took: 0.0000004 seconds
[150.361s][info][gc       ] [SPS 0.000 0.003 0.002 0.006 0.000 0.001 0.000 0.312 0.020 0.339 NewGC_pause1 150.360760 ]
[150.408s][info][safepoint] Application time: 0.0473050 seconds
[150.409s][info][safepoint] Total time for which application threads were stopped: 0.0001605 seconds, Stopping threads took: 0.0000004 seconds
[150.409s][info][gc       ] [SPS 0.000 0.001 0.000 0.005 0.000 0.001 0.000 0.127 0.027 0.160 NewGC_pause2 150.408226 ]
[150.410s][info][safepoint] Application time: 0.0018151 seconds
[150.410s][info][safepoint] Total time for which application threads were stopped: 0.0001485 seconds, Stopping threads took: 0.0000004 seconds
[150.411s][info][gc       ] [SPS 0.000 0.000 0.000 0.005 0.000 0.001 0.000 0.124 0.018 0.149 NewGC_pause3 150.410189 ]
[150.411s][info][safepoint] Application time: 0.0011552 seconds
[150.412s][info][safepoint] Total time for which application threads were stopped: 0.0001259 seconds, Stopping threads took: 0.0000004 seconds
[150.412s][info][gc       ] [SPS 0.000 0.003 0.002 0.007 0.000 0.001 0.000 0.105 0.013 0.126 NewGC_pause4 150.411470 ]
[150.412s][info][gc       ] [GC New Max 511-478 : 5120 2984 2188 5120 - - 1057 56 2 2 - : 174 1800 30 184 970 : 170 4 801 801 0 : 0 1 85 0 87 - 0 : 0.160068 3885.8 0.0 0.053833 3306.5 37.2 : 8 --c 0000 : 23 0 0.000 0.000 0 0.000 0.000 0 0.000 0.000 : 150.358071 150.360421 0.000273 150.408065 0.000056 150.410041 0.000090 150.411344 0.000109 : 150.411904 ]
[150.412s][info][gc       ] [SYSINFO 7335 227 63 0 6780 0 30 0 0 5703 : - - - - - - - - : 0 7168 : 2.34 2.88 2.08 : 292739 4277992 : 0 0 : 29 0 : 3877 3 0 261 : - 7414575104 682364928 1203740672 5905219584 238166016 67043328 : 140073237 30242090 744090 0 0 0 : 150.412158 ]
[150.412s][info][gc       ] [HUGEPAGESTAT 0 0 0 - 110774 0 0 : 393216 0 0 : 150.412158 ]
[150.412s][info][gc       ] [OBJCREAT 469566690 25684 23844864 : 150.412195 ]
[150.412s][info][gc       ] [HMSV All : 0 0 140 0 0 0 0 0 : 5000 0 0 0 : 150.412209 ]
[150.412s][info][gc       ] [HMSP 9 : 41100 0 : 150.412209 ]
[150.413s][info][gc       ] [VMAC 65530 166 24 435 625 : 150.412581 ]
[150.571s][info][gc       ] [GPGC-H  3803.5 546.7 0.1 0.0 : 7.6 : 0.428 0.815 : 0.575 0.596 0.636 1.294 : 2.761 0.759 0.845 0.476 1.717 0.399 : 0.000 : 98.042 : 810 1800 30 0 : 2275 : 4608 4424 : 150.571184 : 9 Next_heuristic_check_may_be_too_late ]
[150.574s][info][safepoint] Application time: 0.1621819 seconds
[150.574s][info][safepoint] Total time for which application threads were stopped: 0.0003262 seconds, Stopping threads took: 0.0000004 seconds
[150.575s][info][gc       ] [SPS 0.000 0.004 0.004 0.006 0.000 0.001 0.000 0.295 0.035 0.338 NewGC_pause1 150.573990 ]
[150.622s][info][safepoint] Application time: 0.0475761 seconds
[150.622s][info][safepoint] Total time for which application threads were stopped: 0.0001411 seconds, Stopping threads took: 0.0000004 seconds
[150.623s][info][gc       ] [SPS 0.000 0.001 0.000 0.006 0.000 0.001 0.000 0.114 0.020 0.141 NewGC_pause2 150.621696 ]
[150.624s][info][safepoint] Application time: 0.0020233 seconds
[150.624s][info][safepoint] Total time for which application threads were stopped: 0.0001649 seconds, Stopping threads took: 0.0000004 seconds
[150.624s][info][gc       ] [SPS 0.000 0.000 0.000 0.006 0.000 0.001 0.000 0.121 0.037 0.165 NewGC_pause3 150.623884 ]
[150.625s][info][safepoint] Application time: 0.0010407 seconds
[150.625s][info][safepoint] Total time for which application threads were stopped: 0.0000725 seconds, Stopping threads took: 0.0000004 seconds
[150.625s][info][gc       ] [SPS 0.000 0.010 0.002 0.006 0.000 0.001 0.000 0.048 0.018 0.072 NewGC_pause4 150.624997 ]
[150.626s][info][gc       ] [GC New Max 512-479 : 5120 2996 2182 5120 - - 1057 56 2 2 - : 168 1800 30 184 982 : 164 4 816 816 0 : 0 1 82 0 84 - 0 : 0.159808 3992.3 0.0 0.053777 3198.4 0.0 : 8 --c 0000 : 23 0 0.000 0.000 0 0.000 0.000 0 0.000 0.000 : 150.571712 150.573653 0.000261 150.621555 0.000081 150.623719 0.000043 150.624925 0.000051 : 150.625489 ]
[150.626s][info][gc       ] [SYSINFO 7335 227 63 0 6780 0 30 0 0 5703 : - - - - - - - - : 0 7168 : 2.34 2.88 2.08 : 292739 4277992 : 0 0 : 29 0 : 3877 2 0 261 : - 7414575104 682364928 1203740672 5905219584 238166016 67043328 : 140073237 30242630 744160 0 0 0 : 150.625777 ]
[150.626s][info][gc       ] [HUGEPAGESTAT 0 0 0 - 110774 0 0 : 393216 0 0 : 150.625777 ]
[150.626s][info][gc       ] [OBJCREAT 470369926 25684 23844864 : 150.625820 ]
[150.626s][info][gc       ] [HMSV All : 0 0 140 0 0 0 0 0 : 5000 0 0 0 : 150.625835 ]
[150.626s][info][gc       ] [HMSP 9 : 41100 0 : 150.625835 ]
[150.626s][info][gc       ] [VMAC 65530 166 24 435 625 : 150.626274 ]
[150.788s][info][gc       ] [GPGC-H  3803.5 546.7 0.1 0.0 : 7.6 : 0.427 0.815 : 0.575 0.596 0.636 1.294 : 2.755 0.759 0.845 0.476 1.717 0.399 : 0.000 : 97.862 : 816 1800 30 0 : 2275 : 4608 4424 : 150.787842 : 9 Next_heuristic_check_may_be_too_late ]
[150.790s][info][safepoint] Application time: 0.1650532 seconds
[150.791s][info][safepoint] Total time for which application threads were stopped: 0.0004398 seconds, Stopping threads took: 0.0000004 seconds
[150.791s][info][gc       ] [SPS 0.000 0.003 0.003 0.006 0.000 0.001 0.000 0.413 0.019 0.440 NewGC_pause1 150.790491 ]
[150.836s][info][safepoint] Application time: 0.0454278 seconds
[150.837s][info][safepoint] Total time for which application threads were stopped: 0.0001530 seconds, Stopping threads took: 0.0000004 seconds
[150.837s][info][gc       ] [SPS 0.000 0.001 0.000 0.005 0.000 0.001 0.000 0.128 0.018 0.153 NewGC_pause2 150.836072 ]
[150.839s][info][safepoint] Application time: 0.0022910 seconds
[150.839s][info][safepoint] Total time for which application threads were stopped: 0.0001496 seconds, Stopping threads took: 0.0000004 seconds
[150.839s][info][gc       ] [SPS 0.000 0.000 0.000 0.005 0.000 0.001 0.000 0.110 0.033 0.150 NewGC_pause3 150.838512 ]
[150.840s][info][safepoint] Application time: 0.0010191 seconds
[150.840s][info][safepoint] Total time for which application threads were stopped: 0.0000651 seconds, Stopping threads took: 0.0000004 seconds
[150.840s][info][gc       ] [SPS 0.000 0.002 0.002 0.005 0.000 0.001 0.000 0.046 0.012 0.065 NewGC_pause4 150.839597 ]
[150.840s][info][gc       ] [GC New Max 513-480 : 5120 3002 2184 5120 - - 1057 56 2 2 - : 170 1800 30 184 988 : 166 4 821 821 0 : 0 1 83 0 85 - 0 : 0.162832 3991.9 0.0 0.051643 3330.5 0.0 : 8 --c 0000 : 23 0 0.000 0.000 0 0.000 0.000 0 0.000 0.000 : 150.788320 150.790051 0.000318 150.835919 0.000094 150.838363 0.000040 150.839532 0.000049 : 150.839964 ]
[150.840s][info][gc       ] [SYSINFO 7335 227 63 0 6780 0 30 0 0 5703 : - - - - - - - - : 0 7168 : 2.34 2.88 2.08 : 292739 4277992 : 0 0 : 29 0 : 3877 3 0 261 : - 7414575104 682364928 1203740672 5905219584 238166016 67043328 : 140073237 30243160 744210 0 0 0 : 150.840193 ]
[150.840s][info][gc       ] [HUGEPAGESTAT 0 0 0 - 110774 0 0 : 393216 0 0 : 150.840193 ]
[150.840s][info][gc       ] [OBJCREAT 471184529 25684 23844864 : 150.840233 ]
[150.840s][info][gc       ] [HMSV All : 0 0 140 0 0 0 0 0 : 5000 0 0 0 : 150.840248 ]
[150.840s][info][gc       ] [HMSP 9 : 41100 0 : 150.840248 ]
[150.841s][info][gc       ] [VMAC 65530 166 24 435 625 : 150.840656 ]
[151.001s][info][gc       ] [GPGC-H  3803.5 546.7 0.1 0.0 : 7.6 : 0.426 0.815 : 0.575 0.596 0.636 1.294 : 2.749 0.759 0.845 0.476 1.717 0.399 : 0.000 : 97.680 : 800 1800 30 0 : 2275 : 4608 4424 : 151.001294 : 9 Next_heuristic_check_may_be_too_late ]
[151.004s][info][safepoint] Application time: 0.1638777 seconds
[151.004s][info][safepoint] Total time for which application threads were stopped: 0.0003312 seconds, Stopping threads took: 0.0000004 seconds
[151.005s][info][gc       ] [SPS 0.000 0.003 0.002 0.006 0.000 0.001 0.000 0.302 0.022 0.331 NewGC_pause1 151.003806 ]
[151.049s][info][safepoint] Application time: 0.0455332 seconds
[151.050s][info][safepoint] Total time for which application threads were stopped: 0.0001223 seconds, Stopping threads took: 0.0000004 seconds
[151.050s][info][gc       ] [SPS 0.000 0.001 0.000 0.006 0.000 0.001 0.000 0.097 0.018 0.122 NewGC_pause2 151.049462 ]
[151.051s][info][safepoint] Application time: 0.0016128 seconds
[151.051s][info][safepoint] Total time for which application threads were stopped: 0.0000889 seconds, Stopping threads took: 0.0000004 seconds
[151.052s][info][gc       ] [SPS 0.000 0.000 0.000 0.005 0.000 0.001 0.000 0.070 0.012 0.089 NewGC_pause3 151.051163 ]
[151.052s][info][safepoint] Application time: 0.0011267 seconds
[151.053s][info][safepoint] Total time for which application threads were stopped: 0.0000576 seconds, Stopping threads took: 0.0000004 seconds
[151.053s][info][gc       ] [SPS 0.000 0.002 0.002 0.006 0.000 0.001 0.000 0.038 0.013 0.058 NewGC_pause4 151.052347 ]
[151.053s][info][gc       ] [GC New Max 514-481 : 5120 2984 2182 5120 - - 1057 56 2 2 - : 168 1800 30 184 970 : 164 4 805 805 0 : 0 1 82 0 84 - 0 : 0.161760 3894.7 0.0 0.050989 3373.2 0.0 : 8 --c 0000 : 23 0 0.000 0.000 0 0.000 0.000 0 0.000 0.000 : 151.001724 151.003475 0.000269 151.049339 0.000062 151.051074 0.000074 151.052290 0.000041 : 151.052714 ]
[151.053s][info][gc       ] [SYSINFO 7335 227 63 0 6780 0 30 0 0 5703 : - - - - - - - - : 0 7168 : 2.34 2.88 2.08 : 292739 4277992 : 0 0 : 29 0 : 3877 2 0 261 : - 7414575104 682364928 1203740672 5905219584 238166016 67043328 : 140073237 30243690 744240 0 0 0 : 151.052920 ]
[151.053s][info][gc       ] [HUGEPAGESTAT 0 0 0 - 110774 0 0 : 393216 0 0 : 151.052920 ]
[151.053s][info][gc       ] [OBJCREAT 471978736 25684 23844864 : 151.052958 ]
[151.053s][info][gc       ] [HMSV All : 0 0 140 0 0 0 0 0 : 5000 0 0 0 : 151.052974 ]
[151.053s][info][gc       ] [HMSP 9 : 41100 0 : 151.052974 ]
[151.053s][info][gc       ] [VMAC 65530 166 24 435 625 : 151.053335 ]
[151.215s][info][gc       ] [GPGC-H  3803.5 546.7 0.1 0.0 : 7.6 : 0.425 0.815 : 0.575 0.596 0.636 1.294 : 2.743 0.759 0.845 0.476 1.717 0.399 : 0.000 : 97.499 : 802 1800 30 0 : 2275 : 4608 4424 : 151.214532 : 9 Next_heuristic_check_may_be_too_late ]
[151.217s][info][safepoint] Application time: 0.1645295 seconds
[151.218s][info][safepoint] Total time for which application threads were stopped: 0.0002693 seconds, Stopping threads took: 0.0000004 seconds
[151.218s][info][gc       ] [SPS 0.000 0.003 0.003 0.006 0.000 0.001 0.000 0.243 0.019 0.269 NewGC_pause1 151.217147 ]
[151.261s][info][safepoint] Application time: 0.0436439 seconds
[151.261s][info][safepoint] Total time for which application threads were stopped: 0.0001622 seconds, Stopping threads took: 0.0000004 seconds
[151.262s][info][gc       ] [SPS 0.000 0.002 0.000 0.006 0.000 0.001 0.000 0.134 0.021 0.162 NewGC_pause2 151.260953 ]
[151.263s][info][safepoint] Application time: 0.0018484 seconds
[151.263s][info][safepoint] Total time for which application threads were stopped: 0.0000540 seconds, Stopping threads took: 0.0000004 seconds
[151.263s][info][gc       ] [SPS 0.000 0.000 0.000 0.006 0.000 0.001 0.000 0.033 0.013 0.054 NewGC_pause3 151.262855 ]
[151.264s][info][safepoint] Application time: 0.0010875 seconds
[151.264s][info][safepoint] Total time for which application threads were stopped: 0.0000790 seconds, Stopping threads took: 0.0000004 seconds
[151.264s][info][gc       ] [SPS 0.000 0.002 0.007 0.006 0.000 0.001 0.000 0.057 0.014 0.079 NewGC_pause4 151.264022 ]
[151.265s][info][gc       ] [GC New Max 515-482 : 5120 2938 2132 5120 - - 1057 56 2 2 - : 118 1800 30 184 924 : 114 4 809 809 0 : 0 1 57 0 59 - 0 : 0.162321 3918.2 0.0 0.049348 2472.3 0.0 : 8 --c 0000 : 23 0 0.000 0.000 0 0.000 0.000 0 0.000 0.000 : 151.215035 151.216877 0.000205 151.260791 0.000092 151.262801 0.000037 151.263943 0.000061 : 151.264382 ]
[151.265s][info][gc       ] [SYSINFO 7335 227 63 0 6780 0 30 0 0 5703 : - - - - - - - - : 0 7168 : 2.34 2.88 2.08 : 292739 4277992 : 0 0 : 29 0 : 3877 2 0 261 : - 7414575104 682364928 1203740672 5905219584 238166016 67043328 : 140073237 30244150 744240 0 0 0 : 151.264603 ]
[151.265s][info][gc       ] [HUGEPAGESTAT 0 0 0 - 110774 0 0 : 393216 0 0 : 151.264603 ]
[151.265s][info][gc       ] [OBJCREAT 472729167 25684 23844864 : 151.264658 ]
[151.265s][info][gc       ] [HMSV All : 0 0 140 0 0 0 0 0 : 5000 0 0 0 : 151.264674 ]
[151.265s][info][gc       ] [HMSP 9 : 41100 0 : 151.264674 ]
[151.265s][info][gc       ] [VMAC 65530 166 24 435 625 : 151.265062 ]
[151.425s][info][gc       ] [GPGC-H  3803.5 534.1 0.1 0.0 : 7.4 : 0.425 0.815 : 0.575 0.596 0.636 1.294 : 2.737 0.759 0.845 0.476 1.717 0.399 : 0.000 : 97.317 : 740 1800 30 0 : 2275 : 4608 4424 : 151.424707 : 9 Next_heuristic_check_may_be_too_late ]
[151.428s][info][safepoint] Application time: 0.1633993 seconds
[151.428s][info][safepoint] Total time for which application threads were stopped: 0.0004885 seconds, Stopping threads took: 0.0000008 seconds
[151.429s][info][gc       ] [SPS 0.000 0.004 0.004 0.011 0.001 0.001 0.001 0.393 0.082 0.489 NewGC_pause1 151.427910 ]
[151.476s][info][safepoint] Application time: 0.0482830 seconds
[151.477s][info][safepoint] Total time for which application threads were stopped: 0.0001847 seconds, Stopping threads took: 0.0000004 seconds
[151.477s][info][gc       ] [SPS 0.000 0.001 0.000 0.009 0.000 0.001 0.000 0.155 0.020 0.185 NewGC_pause2 151.476378 ]
[151.478s][info][safepoint] Application time: 0.0015583 seconds
[151.478s][info][safepoint] Total time for which application threads were stopped: 0.0000534 seconds, Stopping threads took: 0.0000004 seconds
[151.478s][info][gc       ] [SPS 0.000 0.000 0.000 0.006 0.000 0.001 0.000 0.033 0.013 0.053 NewGC_pause3 151.477990 ]
[151.479s][info][safepoint] Application time: 0.0011234 seconds
[151.479s][info][safepoint] Total time for which application threads were stopped: 0.0000690 seconds, Stopping threads took: 0.0000004 seconds
[151.479s][info][gc       ] [SPS 0.000 0.002 0.002 0.010 0.000 0.001 0.000 0.039 0.019 0.069 NewGC_pause4 151.479182 ]
[151.480s][info][gc       ] [GC New Max 516-483 : 5120 2932 2188 5120 - - 1057 56 2 2 - : 174 1800 30 184 918 : 170 4 748 748 0 : 0 1 85 0 87 - 0 : 0.160861 3879.1 0.0 0.054324 3313.5 0.0 : 8 --c 0000 : 23 0 0.000 0.000 0 0.000 0.000 0 0.000 0.000 : 151.425243 151.427422 0.000318 151.476193 0.000103 151.477936 0.000036 151.479113 0.000046 : 151.479567 ]
[151.480s][info][gc       ] [SYSINFO 7335 227 63 0 6780 0 30 0 0 5703 : - - - - - - - - : 0 7168 : 2.34 2.88 2.08 : 292739 4277992 : 0 0 : 29 0 : 3877 2 0 261 : - 7414575104 682364928 1203740672 5905219584 238166016 67043328 : 140073237 30244640 744240 0 0 0 : 151.479774 ]
[151.480s][info][gc       ] [HUGEPAGESTAT 0 0 0 - 110774 0 0 : 393216 0 0 : 151.479774 ]
[151.480s][info][gc       ] [OBJCREAT 473522136 25684 23844864 : 151.479813 ]
[151.480s][info][gc       ] [HMSV All : 0 0 140 0 0 0 0 0 : 5000 0 0 0 : 151.479830 ]
[151.480s][info][gc       ] [HMSP 9 : 41100 0 : 151.479830 ]
[151.480s][info][gc       ] [VMAC 65530 166 24 435 625 : 151.480203 ]
[151.641s][info][gc       ] [GPGC-H  3803.5 534.1 0.1 0.0 : 7.4 : 0.424 0.815 : 0.575 0.596 0.636 1.294 : 2.730 0.759 0.845 0.476 1.717 0.399 : 0.000 : 97.139 : 788 1800 30 0 : 2275 : 4608 4424 : 151.641320 : 9 Next_heuristic_check_may_be_too_late ]
[151.644s][info][safepoint] Application time: 0.1645415 seconds
[151.645s][info][safepoint] Total time for which application threads were stopped: 0.0004484 seconds, Stopping threads took: 0.0000007 seconds
[151.645s][info][gc       ] [SPS 0.000 0.004 0.003 0.010 0.001 0.001 0.000 0.408 0.028 0.448 NewGC_pause1 151.644172 ]
[151.693s][info][safepoint] Application time: 0.0482050 seconds
[151.693s][info][safepoint] Total time for which application threads were stopped: 0.0001407 seconds, Stopping threads took: 0.0000004 seconds
[151.693s][info][gc       ] [SPS 0.000 0.001 0.000 0.006 0.000 0.001 0.000 0.115 0.019 0.141 NewGC_pause2 151.692518 ]
[151.694s][info][safepoint] Application time: 0.0016749 seconds
[151.694s][info][safepoint] Total time for which application threads were stopped: 0.0000511 seconds, Stopping threads took: 0.0000004 seconds
[151.695s][info][gc       ] [SPS 0.000 0.000 0.000 0.006 0.000 0.001 0.000 0.032 0.012 0.051 NewGC_pause3 151.694244 ]
[151.696s][info][safepoint] Application time: 0.0012368 seconds
[151.696s][info][safepoint] Total time for which application threads were stopped: 0.0000643 seconds, Stopping threads took: 0.0000004 seconds
[151.696s][info][gc       ] [SPS 0.000 0.002 0.002 0.005 0.000 0.001 0.000 0.044 0.014 0.064 NewGC_pause4 151.695545 ]
[151.696s][info][gc       ] [GC New Max 517-484 : 5120 2988 2196 5120 - - 1057 56 2 2 - : 182 1800 30 184 974 : 178 4 795 795 0 : 0 1 89 0 91 - 0 : 0.162288 3795.7 0.0 0.054103 3437.9 0.0 : 8 --c 0000 : 23 0 0.000 0.000 0 0.000 0.000 0 0.000 0.000 : 151.641855 151.643724 0.000322 151.692377 0.000084 151.694193 0.000036 151.695481 0.000046 : 151.695958 ]
[151.696s][info][gc       ] [SYSINFO 7335 227 63 0 6780 0 30 0 0 5703 : - - - - - - - - : 0 7168 : 2.34 2.88 2.08 : 292739 4277992 : 0 0 : 29 0 : 3877 2 0 261 : - 7414575104 682364928 1203740672 5905219584 238166016 67043328 : 140073237 30245200 744330 0 0 0 : 151.696167 ]
[151.696s][info][gc       ] [HUGEPAGESTAT 0 0 0 - 110774 0 0 : 393216 0 0 : 151.696167 ]
[151.696s][info][gc       ] [OBJCREAT 474318599 25684 23844864 : 151.696206 ]
[151.696s][info][gc       ] [HMSV All : 0 0 140 0 0 0 0 0 : 5000 0 0 0 : 151.696221 ]
[151.696s][info][gc       ] [HMSP 9 : 41100 0 : 151.696221 ]
[151.697s][info][gc       ] [VMAC 65530 166 24 435 625 : 151.696574 ]
[151.858s][info][gc       ] [GPGC-H  3803.5 534.1 0.1 0.0 : 7.4 : 0.423 0.815 : 0.575 0.596 0.636 1.294 : 2.724 0.759 0.845 0.476 1.717 0.399 : 0.000 : 96.958 : 856 1800 30 0 : 2275 : 4608 4424 : 151.858040 : 9 Next_heuristic_check_may_be_too_late ]
[151.861s][info][safepoint] Application time: 0.1647237 seconds
[151.861s][info][safepoint] Total time for which application threads were stopped: 0.0003238 seconds, Stopping threads took: 0.0000004 seconds
[151.861s][info][gc       ] [SPS 0.000 0.003 0.003 0.006 0.000 0.001 0.000 0.296 0.021 0.324 NewGC_pause1 151.860593 ]
[151.905s][info][safepoint] Application time: 0.0443686 seconds
[151.905s][info][safepoint] Total time for which application threads were stopped: 0.0001422 seconds, Stopping threads took: 0.0000004 seconds
[151.906s][info][gc       ] [SPS 0.000 0.001 0.000 0.006 0.000 0.001 0.000 0.115 0.019 0.142 NewGC_pause2 151.905104 ]
[151.907s][info][safepoint] Application time: 0.0014000 seconds
[151.907s][info][safepoint] Total time for which application threads were stopped: 0.0000497 seconds, Stopping threads took: 0.0000004 seconds
[151.907s][info][gc       ] [SPS 0.000 0.000 0.000 0.005 0.000 0.001 0.000 0.032 0.012 0.050 NewGC_pause3 151.906554 ]
[151.908s][info][safepoint] Application time: 0.0010984 seconds
[151.908s][info][safepoint] Total time for which application threads were stopped: 0.0000612 seconds, Stopping threads took: 0.0000004 seconds
[151.908s][info][gc       ] [SPS 0.000 0.002 0.002 0.006 0.000 0.001 0.000 0.038 0.016 0.061 NewGC_pause4 151.907713 ]
[151.908s][info][gc       ] [GC New Max 518-485 : 5120 3036 2178 5120 - - 1057 56 2 2 - : 164 1800 30 184 1022 : 160 4 860 860 0 : 0 1 80 0 82 - 0 : 0.162549 4158.7 0.0 0.049564 3349.2 0.0 : 8 --c 0000 : 23 0 0.000 0.000 0 0.000 0.000 0 0.000 0.000 : 151.858507 151.860269 0.000265 151.904962 0.000087 151.906504 0.000035 151.907652 0.000042 : 151.908072 ]
[151.908s][info][gc       ] [SYSINFO 7335 227 63 0 6780 0 30 0 0 5703 : - - - - - - - - : 0 7168 : 2.34 2.88 2.08 : 292739 4277992 : 0 0 : 29 0 : 3877 2 0 261 : - 7414575104 682364928 1203740672 5905219584 238166016 67043328 : 140073237 30245710 744390 0 0 0 : 151.908286 ]
[151.908s][info][gc       ] [HUGEPAGESTAT 0 0 0 - 110774 0 0 : 393216 0 0 : 151.908286 ]
[151.908s][info][gc       ] [OBJCREAT 475152035 25684 23844864 : 151.908326 ]
[151.908s][info][gc       ] [HMSV All : 0 0 140 0 0 0 0 0 : 5000 0 0 0 : 151.908340 ]
[151.908s][info][gc       ] [HMSP 9 : 41100 0 : 151.908340 ]
[151.909s][info][gc       ] [VMAC 65530 166 24 435 625 : 151.908702 ]
[152.068s][info][gc       ] [GPGC-H  3803.5 534.1 0.1 0.0 : 7.4 : 0.422 0.815 : 0.575 0.596 0.636 1.294 : 2.718 0.759 0.845 0.476 1.717 0.399 : 0.000 : 96.778 : 800 1800 30 0 : 2275 : 4608 4424 : 152.068146 : 9 Next_heuristic_check_may_be_too_late ]
[152.071s][info][safepoint] Application time: 0.1626944 seconds
[152.071s][info][safepoint] Total time for which application threads were stopped: 0.0003186 seconds, Stopping threads took: 0.0000004 seconds
[152.071s][info][gc       ] [SPS 0.000 0.002 0.002 0.006 0.000 0.001 0.000 0.280 0.031 0.319 NewGC_pause1 152.070727 ]
[152.116s][info][safepoint] Application time: 0.0454254 seconds
[152.117s][info][safepoint] Total time for which application threads were stopped: 0.0001508 seconds, Stopping threads took: 0.0000004 seconds
[152.117s][info][gc       ] [SPS 0.000 0.001 0.000 0.006 0.000 0.001 0.000 0.125 0.019 0.151 NewGC_pause2 152.116303 ]
[152.118s][info][safepoint] Application time: 0.0015916 seconds
[152.118s][info][safepoint] Total time for which application threads were stopped: 0.0000534 seconds, Stopping threads took: 0.0000004 seconds
[152.118s][info][gc       ] [SPS 0.000 0.000 0.000 0.006 0.000 0.001 0.000 0.034 0.012 0.053 NewGC_pause3 152.117948 ]
[152.119s][info][safepoint] Application time: 0.0012012 seconds
[152.119s][info][safepoint] Total time for which application threads were stopped: 0.0000636 seconds, Stopping threads took: 0.0000004 seconds
[152.120s][info][gc       ] [SPS 0.000 0.003 0.002 0.006 0.000 0.001 0.000 0.040 0.017 0.064 NewGC_pause4 152.119213 ]
[152.120s][info][gc       ] [GC New Max 519-486 : 5120 2980 2180 5120 - - 1057 56 2 2 - : 164 1800 30 184 966 : 158 6 805 805 0 : 0 1 79 0 83 - 0 : 0.160519 3974.6 0.0 0.051032 3252.8 0.0 : 8 --c 0000 : 23 0 0.000 0.000 0 0.000 0.000 0 0.000 0.000 : 152.068590 152.070408 0.000241 152.116152 0.000088 152.117894 0.000037 152.119149 0.000043 : 152.119623 ]
[152.120s][info][gc       ] [SYSINFO 7335 227 63 0 6780 0 30 0 0 5703 : - - - - - - - - : 0 7168 : 2.34 2.88 2.08 : 292739 4277992 : 0 0 : 29 0 : 3877 2 0 261 : - 7414575104 682364928 1203740672 5905219584 238166016 67043328 : 140073237 30246240 744460 0 0 0 : 152.119827 ]
[152.120s][info][gc       ] [HUGEPAGESTAT 0 0 0 - 110774 0 0 : 393216 0 0 : 152.119827 ]
[152.120s][info][gc       ] [OBJCREAT 475946914 25684 23844864 : 152.119868 ]
[152.120s][info][gc       ] [HMSV All : 0 0 140 0 0 0 0 0 : 5000 0 0 0 : 152.119884 ]
[152.120s][info][gc       ] [HMSP 9 : 41100 0 : 152.119884 ]
[152.120s][info][gc       ] [VMAC 65530 166 24 435 625 : 152.120271 ]
[152.281s][info][gc       ] [GPGC-H  3800.0 534.1 0.1 0.0 : 7.4 : 0.421 0.815 : 0.575 0.596 0.636 1.294 : 2.712 0.759 0.845 0.476 1.717 0.399 : 0.000 : 96.601 : 798 1800 30 0 : 2275 : 4608 4424 : 152.281148 : 9 Next_heuristic_check_may_be_too_late ]
[152.284s][info][safepoint] Application time: 0.1641960 seconds
[152.284s][info][safepoint] Total time for which application threads were stopped: 0.0004121 seconds, Stopping threads took: 0.0000004 seconds
[152.285s][info][gc       ] [SPS 0.000 0.003 0.003 0.006 0.000 0.001 0.000 0.374 0.030 0.412 NewGC_pause1 152.283821 ]
[152.328s][info][safepoint] Application time: 0.0444109 seconds
[152.329s][info][safepoint] Total time for which application threads were stopped: 0.0001394 seconds, Stopping threads took: 0.0000004 seconds
[152.329s][info][gc       ] [SPS 0.000 0.001 0.000 0.006 0.000 0.001 0.000 0.114 0.018 0.139 NewGC_pause2 152.328371 ]
[152.330s][info][safepoint] Application time: 0.0014766 seconds
[152.330s][info][safepoint] Total time for which application threads were stopped: 0.0000528 seconds, Stopping threads took: 0.0000004 seconds
[152.330s][info][gc       ] [SPS 0.000 0.000 0.000 0.006 0.000 0.001 0.000 0.034 0.012 0.053 NewGC_pause3 152.329901 ]
[152.331s][info][safepoint] Application time: 0.0012112 seconds
[152.331s][info][safepoint] Total time for which application threads were stopped: 0.0000561 seconds, Stopping threads took: 0.0000004 seconds
[152.332s][info][gc       ] [SPS 0.000 0.002 0.002 0.005 0.000 0.001 0.000 0.037 0.012 0.056 NewGC_pause4 152.331168 ]
[152.332s][info][gc       ] [GC New Max 520-487 : 5120 2974 2176 5120 - - 1057 56 2 2 - : 162 1800 30 184 960 : 158 4 803 803 0 : 0 1 79 0 81 - 0 : 0.161990 3926.2 0.0 0.050048 3276.8 0.0 : 8 --c 0000 : 23 0 0.000 0.000 0 0.000 0.000 0 0.000 0.000 : 152.281613 152.283409 0.000296 152.328232 0.000085 152.329848 0.000037 152.331112 0.000040 : 152.331661 ]
[152.332s][info][gc       ] [SYSINFO 7335 227 63 0 6780 0 30 0 0 5703 : - - - - - - - - : 0 7168 : 2.34 2.88 2.08 : 292739 4278012 : 0 0 : 34 0 : 3877 2 0 261 : - 7414575104 682364928 1203740672 5905219584 238166016 67043328 : 140073237 30246760 744470 0 0 0 : 152.331859 ]
[152.332s][info][gc       ] [HUGEPAGESTAT 0 0 0 - 110774 0 0 : 393216 0 0 : 152.331859 ]
[152.332s][info][gc       ] [OBJCREAT 476737271 25684 23844864 : 152.331899 ]
[152.332s][info][gc       ] [HMSV All : 0 0 140 0 0 0 0 0 : 5000 0 0 0 : 152.331914 ]
[152.332s][info][gc       ] [HMSP 9 : 41100 0 : 152.331914 ]
[152.332s][info][gc       ] [VMAC 65530 166 24 435 625 : 152.332272 ]
[152.491s][info][gc       ] [GPGC-H  3800.0 534.1 0.1 0.0 : 7.4 : 0.420 0.815 : 0.575 0.596 0.636 1.294 : 2.706 0.759 0.845 0.476 1.717 0.399 : 0.000 : 96.422 : 796 1800 30 0 : 2275 : 4608 4424 : 152.491176 : 9 Next_heuristic_check_may_be_too_late ]
[152.494s][info][safepoint] Application time: 0.1627486 seconds
[152.495s][info][safepoint] Total time for which application threads were stopped: 0.0003372 seconds, Stopping threads took: 0.0000004 seconds
[152.495s][info][gc       ] [SPS 0.000 0.003 0.004 0.007 0.000 0.001 0.000 0.311 0.018 0.337 NewGC_pause1 152.494254 ]
[152.542s][info][safepoint] Application time: 0.0478100 seconds
[152.543s][info][safepoint] Total time for which application threads were stopped: 0.0001344 seconds, Stopping threads took: 0.0000004 seconds
[152.543s][info][gc       ] [SPS 0.000 0.001 0.000 0.006 0.000 0.001 0.000 0.108 0.019 0.134 NewGC_pause2 152.542199 ]
[152.544s][info][safepoint] Application time: 0.0017519 seconds
[152.544s][info][safepoint] Total time for which application threads were stopped: 0.0000507 seconds, Stopping threads took: 0.0000004 seconds
[152.545s][info][gc       ] [SPS 0.000 0.001 0.000 0.006 0.000 0.001 0.000 0.032 0.012 0.051 NewGC_pause3 152.544001 ]
[152.545s][info][safepoint] Application time: 0.0012771 seconds
[152.546s][info][safepoint] Total time for which application threads were stopped: 0.0001071 seconds, Stopping threads took: 0.0000004 seconds
[152.546s][info][gc       ] [SPS 0.000 0.002 0.002 0.005 0.000 0.001 0.000 0.088 0.012 0.107 NewGC_pause4 152.545385 ]
[152.546s][info][gc       ] [GC New Max 521-488 : 5120 2986 2188 5120 - - 1057 56 2 2 - : 174 1800 30 184 972 : 168 4 803 803 0 : 0 1 84 0 87 - 0 : 0.160084 3985.4 0.0 0.054061 3255.6 0.0 : 8 --c 0000 : 23 0 0.000 0.000 0 0.000 0.000 0 0.000 0.000 : 152.491745 152.493917 0.000274 152.542064 0.000079 152.543951 0.000035 152.545278 0.000093 : 152.545806 ]
[152.546s][info][gc       ] [SYSINFO 7335 227 63 0 6780 0 30 0 0 5703 : - - - - - - - - : 0 7168 : 2.34 2.88 2.08 : 292739 4278012 : 0 0 : 34 0 : 3877 2 0 261 : - 7414575104 682364928 1203740672 5905219584 238166016 67043328 : 140073237 30247250 744590 0 0 0 : 152.546077 ]
[152.546s][info][gc       ] [HUGEPAGESTAT 0 0 0 - 110774 0 0 : 393216 0 0 : 152.546077 ]
[152.546s][info][gc       ] [OBJCREAT 477543527 25684 23844864 : 152.546160 ]
[152.546s][info][gc       ] [HMSV All : 0 0 140 0 0 0 0 0 : 5000 0 0 0 : 152.546175 ]
[152.546s][info][gc       ] [HMSP 9 : 41100 0 : 152.546175 ]
[152.547s][info][gc       ] [VMAC 65530 166 24 435 625 : 152.546637 ]
[152.708s][info][gc       ] [GPGC-H  3800.0 534.1 0.1 0.0 : 7.4 : 0.419 0.815 : 0.575 0.596 0.636 1.294 : 2.700 0.759 0.845 0.476 1.717 0.399 : 0.000 : 96.246 : 806 1800 30 0 : 2275 : 4608 4424 : 152.708185 : 9 Next_heuristic_check_may_be_too_late ]
[152.712s][info][safepoint] Application time: 0.1658430 seconds
[152.712s][info][safepoint] Total time for which application threads were stopped: 0.0004332 seconds, Stopping threads took: 0.0000003 seconds
[152.712s][info][gc       ] [SPS 0.000 0.003 0.003 0.005 0.000 0.001 0.000 0.404 0.023 0.433 NewGC_pause1 152.711662 ]
[152.757s][info][safepoint] Application time: 0.0452222 seconds
[152.757s][info][safepoint] Total time for which application threads were stopped: 0.0001152 seconds, Stopping threads took: 0.0000004 seconds
[152.758s][info][gc       ] [SPS 0.000 0.001 0.000 0.006 0.000 0.001 0.000 0.091 0.018 0.115 NewGC_pause2 152.757000 ]
[152.759s][info][safepoint] Application time: 0.0017034 seconds
[152.759s][info][safepoint] Total time for which application threads were stopped: 0.0001129 seconds, Stopping threads took: 0.0000004 seconds
[152.759s][info][gc       ] [SPS 0.000 0.000 0.000 0.005 0.000 0.001 0.000 0.096 0.011 0.113 NewGC_pause3 152.758816 ]
[152.760s][info][safepoint] Application time: 0.0015223 seconds
[152.761s][info][safepoint] Total time for which application threads were stopped: 0.0001242 seconds, Stopping threads took: 0.0000004 seconds
[152.761s][info][gc       ] [SPS 0.000 0.002 0.002 0.005 0.000 0.001 0.000 0.107 0.011 0.124 NewGC_pause4 152.760462 ]
[152.761s][info][gc       ] [GC New Max 522-489 : 5120 2982 2172 5120 - - 1057 56 2 2 - : 158 1800 30 184 968 : 154 4 815 815 0 : 0 1 77 0 79 - 0 : 0.162968 3890.3 0.0 0.052052 3150.7 0.0 : 8 --c 0000 : 23 0 0.000 0.000 0 0.000 0.000 0 0.000 0.000 : 152.708775 152.711229 0.000314 152.756884 0.000057 152.758703 0.000100 152.760338 0.000110 : 152.760827 ]
[152.761s][info][gc       ] [SYSINFO 7335 227 63 0 6780 0 30 0 0 5703 : - - - - - - - - : 0 7168 : 2.34 2.88 2.08 : 292739 4278012 : 0 0 : 34 0 : 3877 2 0 261 : - 7414575104 682364928 1203740672 5905219584 238166016 67043328 : 140073237 30247790 744590 0 0 0 : 152.761026 ]
[152.761s][info][gc       ] [HUGEPAGESTAT 0 0 0 - 110774 0 0 : 393216 0 0 : 152.761026 ]
[152.761s][info][gc       ] [OBJCREAT 478335712 25684 23844864 : 152.761063 ]
[152.761s][info][gc       ] [HMSV All : 0 0 140 0 0 0 0 0 : 5000 0 0 0 : 152.761076 ]
[152.761s][info][gc       ] [HMSP 9 : 41100 0 : 152.761076 ]
[152.761s][info][gc       ] [VMAC 65530 166 24 435 625 : 152.761477 ]
[152.923s][info][gc       ] [GPGC-H  3800.0 534.1 0.1 0.0 : 7.4 : 0.418 0.815 : 0.575 0.596 0.636 1.294 : 2.694 0.759 0.845 0.476 1.717 0.399 : 0.000 : 96.068 : 804 1800 30 0 : 2275 : 4608 4424 : 152.923335 : 9 Next_heuristic_check_may_be_too_late ]
[152.926s][info][safepoint] Application time: 0.1652788 seconds
[152.926s][info][safepoint] Total time for which application threads were stopped: 0.0002974 seconds, Stopping threads took: 0.0000004 seconds
[152.927s][info][gc       ] [SPS 0.000 0.002 0.002 0.006 0.000 0.001 0.000 0.257 0.033 0.298 NewGC_pause1 152.926039 ]
[152.974s][info][safepoint] Application time: 0.0482388 seconds
[152.975s][info][safepoint] Total time for which application threads were stopped: 0.0001555 seconds, Stopping threads took: 0.0000004 seconds
[152.975s][info][gc       ] [SPS 0.000 0.001 0.000 0.006 0.000 0.001 0.000 0.129 0.019 0.156 NewGC_pause2 152.974434 ]
[152.977s][info][safepoint] Application time: 0.0021335 seconds
[152.977s][info][safepoint] Total time for which application threads were stopped: 0.0001154 seconds, Stopping threads took: 0.0000004 seconds
[152.977s][info][gc       ] [SPS 0.000 0.000 0.000 0.006 0.000 0.001 0.000 0.093 0.016 0.116 NewGC_pause3 152.976683 ]
[152.978s][info][safepoint] Application time: 0.0011070 seconds
[152.978s][info][safepoint] Total time for which application threads were stopped: 0.0000577 seconds, Stopping threads took: 0.0000004 seconds
[152.978s][info][gc       ] [SPS 0.000 0.002 0.002 0.005 0.000 0.001 0.000 0.038 0.013 0.058 NewGC_pause4 152.977847 ]
[152.978s][info][gc       ] [GC New Max 523-490 : 5120 2998 2190 5120 - - 1057 56 2 2 - : 176 1800 30 184 984 : 172 4 810 810 0 : 0 1 86 0 88 - 0 : 0.163000 3975.5 0.0 0.054369 3310.7 0.0 : 8 --c 0000 : 23 0 0.000 0.000 0 0.000 0.000 0 0.000 0.000 : 152.923827 152.925741 0.000210 152.974278 0.000101 152.976567 0.000094 152.977789 0.000041 : 152.978196 ]
[152.978s][info][gc       ] [SYSINFO 7335 227 63 0 6780 0 30 0 0 5703 : - - - - - - - - : 0 7168 : 2.34 2.88 2.08 : 292739 4278012 : 0 0 : 34 0 : 3877 2 0 261 : - 7414575104 682364928 1203740672 5905219584 238166016 67043328 : 140073237 30248300 744590 0 0 0 : 152.978394 ]
[152.978s][info][gc       ] [HUGEPAGESTAT 0 0 0 - 110774 0 0 : 393216 0 0 : 152.978394 ]
[152.978s][info][gc       ] [OBJCREAT 479154712 25684 23844864 : 152.978436 ]
[152.978s][info][gc       ] [HMSV All : 0 0 140 0 0 0 0 0 : 5000 0 0 0 : 152.978450 ]
[152.978s][info][gc       ] [HMSP 9 : 41100 0 : 152.978450 ]
[152.979s][info][gc       ] [VMAC 65530 166 24 435 625 : 152.978807 ]
[153.141s][info][gc       ] [GPGC-H  3800.0 534.1 0.1 0.0 : 7.4 : 0.417 0.815 : 0.575 0.596 0.636 1.294 : 2.688 0.759 0.845 0.476 1.717 0.399 : 0.000 : 95.890 : 810 1800 30 0 : 2275 : 4608 4424 : 153.140508 : 9 Next_heuristic_check_may_be_too_late ]
[153.143s][info][safepoint] Application time: 0.1647824 seconds
[153.143s][info][safepoint] Total time for which application threads were stopped: 0.0003454 seconds, Stopping threads took: 0.0000004 seconds
[153.144s][info][gc       ] [SPS 0.000 0.003 0.002 0.006 0.000 0.001 0.000 0.306 0.033 0.346 NewGC_pause1 153.142975 ]
[153.189s][info][safepoint] Application time: 0.0455278 seconds
[153.189s][info][safepoint] Total time for which application threads were stopped: 0.0001330 seconds, Stopping threads took: 0.0000004 seconds
[153.190s][info][gc       ] [SPS 0.000 0.001 0.000 0.005 0.000 0.001 0.000 0.108 0.018 0.133 NewGC_pause2 153.188636 ]
[153.191s][info][safepoint] Application time: 0.0018968 seconds
[153.191s][info][safepoint] Total time for which application threads were stopped: 0.0000499 seconds, Stopping threads took: 0.0000004 seconds
[153.191s][info][gc       ] [SPS 0.000 0.000 0.000 0.005 0.000 0.001 0.000 0.031 0.012 0.050 NewGC_pause3 153.190583 ]
[153.192s][info][safepoint] Application time: 0.0012150 seconds
[153.192s][info][safepoint] Total time for which application threads were stopped: 0.0000550 seconds, Stopping threads took: 0.0000004 seconds
[153.192s][info][gc       ] [SPS 0.000 0.002 0.002 0.005 0.000 0.001 0.000 0.037 0.012 0.055 NewGC_pause4 153.191853 ]
[153.192s][info][gc       ] [GC New Max 524-491 : 5120 2994 2184 5120 - - 1057 56 2 2 - : 170 1800 30 184 980 : 166 4 814 814 0 : 0 1 83 0 85 - 0 : 0.162837 3905.8 0.0 0.051196 3359.7 0.0 : 8 --c 0000 : 23 0 0.000 0.000 0 0.000 0.000 0 0.000 0.000 : 153.141032 153.142630 0.000239 153.188503 0.000079 153.190533 0.000035 153.191798 0.000040 : 153.192228 ]
[153.192s][info][gc       ] [SYSINFO 7335 227 63 0 6780 0 30 0 0 5703 : - - - - - - - - : 0 7168 : 2.34 2.88 2.08 : 292739 4278012 : 0 0 : 34 0 : 3877 2 0 261 : - 7414575104 682364928 1203740672 5905219584 238166016 67043328 : 140073237 30248840 744590 0 0 0 : 153.192428 ]
[153.192s][info][gc       ] [HUGEPAGESTAT 0 0 0 - 110774 0 0 : 393216 0 0 : 153.192428 ]
[153.192s][info][gc       ] [OBJCREAT 479952478 25684 23844864 : 153.192466 ]
[153.192s][info][gc       ] [HMSV All : 0 0 140 0 0 0 0 0 : 5000 0 0 0 : 153.192482 ]
[153.192s][info][gc       ] [HMSP 9 : 41100 0 : 153.192482 ]
[153.193s][info][gc       ] [VMAC 65530 166 24 435 625 : 153.192860 ]
[153.354s][info][gc       ] [GPGC-H  3800.0 534.1 0.1 0.0 : 7.4 : 0.416 0.815 : 0.575 0.596 0.636 1.294 : 2.682 0.759 0.845 0.476 1.717 0.399 : 0.000 : 95.712 : 800 1800 30 0 : 2275 : 4608 4424 : 153.354194 : 9 Next_heuristic_check_may_be_too_late ]
[153.357s][info][safepoint] Application time: 0.1647636 seconds
[153.357s][info][safepoint] Total time for which application threads were stopped: 0.0003296 seconds, Stopping threads took: 0.0000004 seconds
[153.358s][info][gc       ] [SPS 0.000 0.004 0.003 0.006 0.000 0.001 0.000 0.299 0.023 0.330 NewGC_pause1 153.356946 ]
[153.402s][info][safepoint] Application time: 0.0446401 seconds
[153.402s][info][safepoint] Total time for which application threads were stopped: 0.0001302 seconds, Stopping threads took: 0.0000004 seconds
[153.403s][info][gc       ] [SPS 0.000 0.001 0.000 0.005 0.000 0.001 0.000 0.106 0.018 0.130 NewGC_pause2 153.401717 ]
[153.403s][info][safepoint] Application time: 0.0016582 seconds
[153.404s][info][safepoint] Total time for which application threads were stopped: 0.0000492 seconds, Stopping threads took: 0.0000003 seconds
[153.404s][info][gc       ] [SPS 0.000 0.000 0.000 0.005 0.000 0.001 0.000 0.031 0.012 0.049 NewGC_pause3 153.403424 ]
[153.404s][info][safepoint] Application time: 0.0010104 seconds
[153.405s][info][safepoint] Total time for which application threads were stopped: 0.0000543 seconds, Stopping threads took: 0.0000003 seconds
[153.405s][info][gc       ] [SPS 0.000 0.005 0.002 0.005 0.000 0.001 0.000 0.036 0.012 0.054 NewGC_pause4 153.404489 ]
[153.405s][info][gc       ] [GC New Max 525-492 : 5120 2952 2150 5120 - - 1057 56 2 2 - : 136 1800 30 184 938 : 132 4 806 806 0 : 0 1 66 0 68 - 0 : 0.162500 3889.2 0.0 0.050170 2790.5 0.0 : 8 --c 0000 : 23 0 0.000 0.000 0 0.000 0.000 0 0.000 0.000 : 153.354727 153.356617 0.000271 153.401587 0.000076 153.403375 0.000033 153.404435 0.000038 : 153.404897 ]
[153.405s][info][gc       ] [SYSINFO 7335 227 63 0 6780 0 30 0 0 5703 : - - - - - - - - : 0 7168 : 2.34 2.88 2.08 : 292739 4278012 : 0 0 : 34 0 : 3877 2 0 261 : - 7414575104 682364928 1203740672 5905219584 238166016 67043328 : 140073237 30249310 744590 0 0 0 : 153.405118 ]
[153.405s][info][gc       ] [HUGEPAGESTAT 0 0 0 - 110774 0 0 : 393216 0 0 : 153.405118 ]
[153.405s][info][gc       ] [OBJCREAT 480716585 25684 23844864 : 153.405170 ]
[153.405s][info][gc       ] [HMSV All : 0 0 140 0 0 0 0 0 : 5000 0 0 0 : 153.405182 ]
[153.405s][info][gc       ] [HMSP 9 : 41100 0 : 153.405182 ]
[153.406s][info][gc       ] [VMAC 65530 166 24 435 625 : 153.405585 ]
[153.567s][info][gc       ] [GPGC-H  3800.0 521.9 0.1 0.0 : 7.3 : 0.415 0.815 : 0.575 0.596 0.636 1.294 : 2.676 0.759 0.845 0.476 1.717 0.399 : 0.000 : 95.535 : 800 1800 30 0 : 2275 : 4608 4424 : 153.567371 : 9 Next_heuristic_check_may_be_too_late ]
[153.570s][info][safepoint] Application time: 0.1654664 seconds
[153.571s][info][safepoint] Total time for which application threads were stopped: 0.0003945 seconds, Stopping threads took: 0.0000008 seconds
[153.571s][info][gc       ] [SPS 0.000 0.004 0.003 0.010 0.001 0.001 0.001 0.347 0.035 0.395 NewGC_pause1 153.570350 ]
[153.616s][info][safepoint] Application time: 0.0457656 seconds
[153.617s][info][safepoint] Total time for which application threads were stopped: 0.0001386 seconds, Stopping threads took: 0.0000004 seconds
[153.617s][info][gc       ] [SPS 0.000 0.001 0.000 0.006 0.000 0.001 0.000 0.113 0.018 0.139 NewGC_pause2 153.616255 ]
[153.618s][info][safepoint] Application time: 0.0012829 seconds
[153.618s][info][safepoint] Total time for which application threads were stopped: 0.0000488 seconds, Stopping threads took: 0.0000004 seconds
[153.618s][info][gc       ] [SPS 0.000 0.000 0.000 0.005 0.000 0.001 0.000 0.031 0.012 0.049 NewGC_pause3 153.617586 ]
[153.619s][info][safepoint] Application time: 0.0011759 seconds
[153.619s][info][safepoint] Total time for which application threads were stopped: 0.0000549 seconds, Stopping threads took: 0.0000004 seconds
[153.619s][info][gc       ] [SPS 0.000 0.003 0.002 0.005 0.000 0.001 0.000 0.036 0.013 0.055 NewGC_pause4 153.618817 ]
[153.619s][info][gc       ] [GC New Max 526-493 : 5120 2940 2136 5120 - - 1057 56 2 2 - : 122 1800 30 184 926 : 118 4 807 807 0 : 0 1 59 0 61 - 0 : 0.162945 4087.3 0.0 0.051418 2450.5 0.0 : 8 --c 0000 : 23 0 0.000 0.000 0 0.000 0.000 0 0.000 0.000 : 153.567842 153.569956 0.000290 153.616116 0.000083 153.617537 0.000034 153.618762 0.000039 : 153.619259 ]
[153.619s][info][gc       ] [SYSINFO 7335 227 63 0 6780 0 30 0 0 5703 : - - - - - - - - : 0 7168 : 2.34 2.88 2.08 : 292739 4278012 : 0 0 : 34 0 : 3877 2 0 261 : - 7414575104 682364928 1203740672 5905219584 238166016 67043328 : 140073237 30249840 744610 0 0 0 : 153.619456 ]
[153.619s][info][gc       ] [HUGEPAGESTAT 0 0 0 - 110774 0 0 : 393216 0 0 : 153.619456 ]
[153.619s][info][gc       ] [OBJCREAT 481502801 25684 23844864 : 153.619495 ]
[153.620s][info][gc       ] [HMSV All : 0 0 140 0 0 0 0 0 : 5000 0 0 0 : 153.619511 ]
[153.620s][info][gc       ] [HMSP 9 : 41100 0 : 153.619511 ]
[153.620s][info][gc       ] [VMAC 65530 166 24 435 625 : 153.619889 ]
[153.781s][info][gc       ] [GPGC-H  3800.0 521.9 0.1 0.0 : 7.3 : 0.415 0.815 : 0.575 0.596 0.636 1.294 : 2.670 0.759 0.845 0.476 1.717 0.399 : 0.000 : 95.358 : 778 1800 30 0 : 2275 : 4608 4424 : 153.781282 : 9 Next_heuristic_check_may_be_too_late ]
[153.784s][info][safepoint] Application time: 0.1646425 seconds
[153.784s][info][safepoint] Total time for which application threads were stopped: 0.0002051 seconds, Stopping threads took: 0.0000004 seconds
[153.784s][info][gc       ] [SPS 0.000 0.003 0.002 0.005 0.000 0.001 0.000 0.186 0.012 0.205 NewGC_pause1 153.783665 ]
[153.833s][info][safepoint] Application time: 0.0490667 seconds
[153.833s][info][safepoint] Total time for which application threads were stopped: 0.0001455 seconds, Stopping threads took: 0.0000004 seconds
[153.834s][info][gc       ] [SPS 0.000 0.001 0.000 0.006 0.000 0.001 0.000 0.118 0.020 0.146 NewGC_pause2 153.832877 ]
[153.835s][info][safepoint] Application time: 0.0018624 seconds
[153.835s][info][safepoint] Total time for which application threads were stopped: 0.0001100 seconds, Stopping threads took: 0.0000004 seconds
[153.835s][info][gc       ] [SPS 0.000 0.000 0.000 0.006 0.000 0.001 0.000 0.090 0.012 0.110 NewGC_pause3 153.834849 ]
[153.836s][info][safepoint] Application time: 0.0012966 seconds
[153.836s][info][safepoint] Total time for which application threads were stopped: 0.0000713 seconds, Stopping threads took: 0.0000004 seconds
[153.837s][info][gc       ] [SPS 0.000 0.003 0.002 0.006 0.000 0.001 0.000 0.045 0.014 0.066 NewGC_pause4 153.836217 ]
[153.837s][info][gc       ] [GC New Max 527-494 : 5120 2978 2198 5120 - - 1057 56 2 2 - : 184 1800 30 184 964 : 180 4 783 783 0 : 0 1 90 0 92 - 0 : 0.162552 4047.9 0.0 0.054807 3393.7 0.0 : 8 --c 0000 : 23 0 0.000 0.000 0 0.000 0.000 0 0.000 0.000 : 153.781812 153.783460 0.000190 153.832732 0.000089 153.834740 0.000094 153.836151 0.000049 : 153.836619 ]
[153.837s][info][gc       ] [SYSINFO 7335 227 63 0 6780 0 30 0 0 5703 : - - - - - - - - : 0 7168 : 2.23 2.85 2.08 : 292739 4278012 : 0 0 : 34 0 : 3877 2 0 261 : - 7414575104 682364928 1203740672 5905219584 238166016 67043328 : 140073237 30250390 744610 0 0 0 : 153.836828 ]
[153.837s][info][gc       ] [HUGEPAGESTAT 0 0 0 - 110774 0 0 : 393216 0 0 : 153.836828 ]
[153.837s][info][gc       ] [OBJCREAT 482339111 25684 23844864 : 153.836870 ]
[153.837s][info][gc       ] [HMSV All : 0 0 140 0 0 0 0 0 : 5000 0 0 0 : 153.836885 ]
[153.837s][info][gc       ] [HMSP 9 : 41100 0 : 153.836885 ]
[153.837s][info][gc       ] [VMAC 65530 166 24 435 625 : 153.837258 ]
[153.999s][info][gc       ] [GPGC-H  3800.0 521.9 0.1 0.0 : 7.3 : 0.414 0.815 : 0.575 0.596 0.636 1.294 : 2.664 0.759 0.845 0.476 1.717 0.399 : 0.000 : 95.182 : 826 1800 30 0 : 2275 : 4608 4424 : 153.998844 : 9 Next_heuristic_check_may_be_too_late ]
[154.002s][info][safepoint] Application time: 0.1652976 seconds
[154.002s][info][safepoint] Total time for which application threads were stopped: 0.0004108 seconds, Stopping threads took: 0.0000007 seconds
[154.003s][info][gc       ] [SPS 0.000 0.003 0.003 0.009 0.001 0.001 0.001 0.363 0.036 0.411 NewGC_pause1 154.001926 ]
[154.047s][info][safepoint] Application time: 0.0453709 seconds
[154.048s][info][safepoint] Total time for which application threads were stopped: 0.0001345 seconds, Stopping threads took: 0.0000004 seconds
[154.048s][info][gc       ] [SPS 0.000 0.001 0.000 0.006 0.000 0.001 0.000 0.109 0.018 0.135 NewGC_pause2 154.047432 ]
[154.050s][info][safepoint] Application time: 0.0020274 seconds
[154.050s][info][safepoint] Total time for which application threads were stopped: 0.0000551 seconds, Stopping threads took: 0.0000004 seconds
[154.050s][info][gc       ] [SPS 0.000 0.000 0.000 0.006 0.000 0.001 0.000 0.036 0.012 0.055 NewGC_pause3 154.049514 ]
[154.051s][info][safepoint] Application time: 0.0010967 seconds
[154.051s][info][safepoint] Total time for which application threads were stopped: 0.0000609 seconds, Stopping threads took: 0.0000003 seconds
[154.051s][info][gc       ] [SPS 0.000 0.002 0.002 0.005 0.000 0.001 0.000 0.041 0.013 0.061 NewGC_pause4 154.050672 ]
[154.051s][info][gc       ] [GC New Max 528-495 : 5120 3014 2186 5120 - - 1057 56 2 2 - : 172 1800 30 184 1000 : 168 4 833 833 0 : 0 1 84 0 86 - 0 : 0.162729 3957.5 0.0 0.051739 3401.7 0.0 : 8 --c 0000 : 23 0 0.000 0.000 0 0.000 0.000 0 0.000 0.000 : 153.999348 154.001515 0.000307 154.047297 0.000080 154.049459 0.000039 154.050611 0.000044 : 154.051087 ]
[154.051s][info][gc       ] [SYSINFO 7335 227 63 0 6780 0 30 0 0 5703 : - - - - - - - - : 0 7168 : 2.23 2.85 2.08 : 292739 4278012 : 0 0 : 34 0 : 3877 2 0 261 : - 7414575104 682364928 1203740672 5905219584 238166016 67043328 : 140073237 30250930 744610 0 0 0 : 154.051326 ]
[154.051s][info][gc       ] [HUGEPAGESTAT 0 0 0 - 110774 0 0 : 393216 0 0 : 154.051326 ]
[154.051s][info][gc       ] [OBJCREAT 483149734 25684 23844864 : 154.051384 ]
[154.051s][info][gc       ] [HMSV All : 0 0 140 0 0 0 0 0 : 5000 0 0 0 : 154.051397 ]
[154.051s][info][gc       ] [HMSP 9 : 41100 0 : 154.051397 ]
[154.052s][info][gc       ] [VMAC 65530 166 24 435 625 : 154.051756 ]
[154.211s][info][gc       ] [GPGC-H  3800.0 521.9 0.1 0.0 : 7.3 : 0.413 0.815 : 0.575 0.596 0.636 1.294 : 2.658 0.759 0.845 0.476 1.717 0.399 : 0.000 : 95.006 : 848 1800 30 0 : 2275 : 4608 4424 : 154.211041 : 9 Next_heuristic_check_may_be_too_late ]
[154.214s][info][safepoint] Application time: 0.1629875 seconds
[154.215s][info][safepoint] Total time for which application threads were stopped: 0.0004138 seconds, Stopping threads took: 0.0000007 seconds
[154.215s][info][gc       ] [SPS 0.000 0.003 0.003 0.010 0.001 0.001 0.001 0.349 0.052 0.414 NewGC_pause1 154.214074 ]
[154.259s][info][safepoint] Application time: 0.0449305 seconds
[154.260s][info][safepoint] Total time for which application threads were stopped: 0.0001505 seconds, Stopping threads took: 0.0000004 seconds
[154.260s][info][gc       ] [SPS 0.000 0.001 0.000 0.006 0.000 0.001 0.000 0.124 0.019 0.151 NewGC_pause2 154.259155 ]
[154.261s][info][safepoint] Application time: 0.0018046 seconds
[154.261s][info][safepoint] Total time for which application threads were stopped: 0.0000561 seconds, Stopping threads took: 0.0000004 seconds
[154.262s][info][gc       ] [SPS 0.000 0.001 0.000 0.006 0.000 0.001 0.000 0.036 0.012 0.056 NewGC_pause3 154.261016 ]
[154.262s][info][safepoint] Application time: 0.0010590 seconds
[154.262s][info][safepoint] Total time for which application threads were stopped: 0.0000616 seconds, Stopping threads took: 0.0000004 seconds
[154.262s][info][gc       ] [SPS 0.000 0.002 0.002 0.006 0.000 0.001 0.000 0.042 0.013 0.061 NewGC_pause4 154.262136 ]
[154.263s][info][gc       ] [GC New Max 529-496 : 5120 3034 2184 5120 - - 1057 56 2 2 - : 168 1800 30 184 1020 : 164 4 855 855 0 : 0 1 82 0 84 - 0 : 0.160356 4228.1 0.0 0.051043 3369.7 0.0 : 8 --c 0000 : 23 0 0.000 0.000 0 0.000 0.000 0 0.000 0.000 : 154.211444 154.213660 0.000286 154.259004 0.000087 154.260960 0.000040 154.262075 0.000045 : 154.262487 ]
[154.263s][info][gc       ] [SYSINFO 7335 227 63 0 6780 0 30 0 0 5703 : - - - - - - - - : 0 7168 : 2.23 2.85 2.08 : 292739 4278012 : 0 0 : 34 0 : 3877 2 0 261 : - 7414575104 682364928 1203740672 5905219584 238166016 67043328 : 140073237 30251470 744610 0 0 0 : 154.262690 ]
[154.263s][info][gc       ] [HUGEPAGESTAT 0 0 0 - 110774 0 0 : 393216 0 0 : 154.262690 ]
[154.263s][info][gc       ] [OBJCREAT 483993388 25684 23844864 : 154.262731 ]
[154.263s][info][gc       ] [HMSV All : 0 0 140 0 0 0 0 0 : 5000 0 0 0 : 154.262746 ]
[154.263s][info][gc       ] [HMSP 9 : 41100 0 : 154.262746 ]
[154.263s][info][gc       ] [VMAC 65530 166 24 435 625 : 154.263119 ]
[154.424s][info][gc       ] [GPGC-H  3796.8 521.9 0.1 0.0 : 7.3 : 0.412 0.815 : 0.575 0.596 0.636 1.294 : 2.653 0.759 0.845 0.476 1.717 0.399 : 0.000 : 94.833 : 840 1800 30 0 : 2275 : 4608 4424 : 154.424433 : 9 Next_heuristic_check_may_be_too_late ]
[154.427s][info][safepoint] Application time: 0.1643027 seconds
[154.427s][info][safepoint] Total time for which application threads were stopped: 0.0002823 seconds, Stopping threads took: 0.0001024 seconds
[154.427s][info][gc       ] [SPS 0.001 0.003 0.004 0.005 0.102 0.001 0.000 0.160 0.013 0.282 NewGC_pause1 154.426721 ]
[154.470s][info][safepoint] Application time: 0.0434679 seconds
[154.471s][info][safepoint] Total time for which application threads were stopped: 0.0001374 seconds, Stopping threads took: 0.0000004 seconds
[154.471s][info][gc       ] [SPSH lock suspend gclocker notify wait resuspend cleanup op_time wakeup total(ms) op_name end(s) ]
[154.471s][info][gc       ] [SPS 0.000 0.001 0.000 0.005 0.000 0.001 0.000 0.113 0.018 0.137 NewGC_pause2 154.470327 ]
[154.472s][info][safepoint] Application time: 0.0019075 seconds
[154.473s][info][safepoint] Total time for which application threads were stopped: 0.0001013 seconds, Stopping threads took: 0.0000004 seconds
[154.473s][info][gc       ] [SPS 0.000 0.000 0.000 0.006 0.000 0.001 0.000 0.082 0.012 0.101 NewGC_pause3 154.472336 ]
[154.474s][info][safepoint] Application time: 0.0011921 seconds
[154.474s][info][safepoint] Total time for which application threads were stopped: 0.0000551 seconds, Stopping threads took: 0.0000004 seconds
[154.474s][info][gc       ] [SPS 0.000 0.002 0.002 0.005 0.000 0.001 0.000 0.036 0.012 0.055 NewGC_pause4 154.473583 ]
[154.474s][info][gc       ] [GC New Max 530-497 : 5120 3018 2178 5120 - - 1057 56 2 2 - : 164 1800 30 184 1004 : 160 4 842 842 0 : 0 1 80 0 82 - 0 : 0.162289 4140.8 0.0 0.049185 3375.0 0.0 : 8 --c 0000 : 23 0 0.000 0.000 0 0.000 0.000 0 0.000 0.000 : 154.424776 154.426440 0.000264 154.470190 0.000084 154.472234 0.000087 154.473528 0.000039 : 154.473961 ]
[154.474s][info][gc       ] [SYSINFO 7335 227 63 0 6780 0 30 0 0 5703 : - - - - - - - - : 0 7168 : 2.23 2.85 2.08 : 292739 4278012 : 0 0 : 34 0 : 3877 2 0 261 : - 7414575104 682364928 1203740672 5905219584 238166016 67043328 : 140073237 30251950 744610 0 0 0 : 154.474164 ]
[154.474s][info][gc       ] [HUGEPAGESTAT 0 0 0 - 110774 0 0 : 393216 0 0 : 154.474164 ]
[154.474s][info][gc       ] [OBJCREAT 484822909 25684 23844864 : 154.474202 ]
[154.474s][info][gc       ] [HMSV All : 0 0 140 0 0 0 0 0 : 5000 0 0 0 : 154.474215 ]
[154.474s][info][gc       ] [HMSP 9 : 41100 0 : 154.474215 ]
[154.475s][info][gc       ] [VMAC 65530 166 24 435 625 : 154.474564 ]
[154.631s][info][gc       ] [GPGC-H  3796.8 521.9 0.1 0.0 : 7.3 : 0.411 0.815 : 0.575 0.596 0.636 1.294 : 2.647 0.759 0.845 0.476 1.717 0.399 : 0.000 : 94.659 : 814 1800 30 0 : 2275 : 4608 4424 : 154.631259 : 9 Next_heuristic_check_may_be_too_late ]
[154.634s][info][safepoint] Application time: 0.1599220 seconds
[154.634s][info][safepoint] Total time for which application threads were stopped: 0.0003407 seconds, Stopping threads took: 0.0000007 seconds
[154.635s][info][gc       ] [SPS 0.000 0.004 0.004 0.010 0.001 0.001 0.001 0.305 0.023 0.341 NewGC_pause1 154.633846 ]
[154.677s][info][safepoint] Application time: 0.0434583 seconds
[154.678s][info][safepoint] Total time for which application threads were stopped: 0.0001436 seconds, Stopping threads took: 0.0000004 seconds
[154.678s][info][gc       ] [SPS 0.000 0.001 0.000 0.006 0.000 0.001 0.000 0.117 0.019 0.144 NewGC_pause2 154.677448 ]
[154.679s][info][safepoint] Application time: 0.0018620 seconds
[154.680s][info][safepoint] Total time for which application threads were stopped: 0.0000542 seconds, Stopping threads took: 0.0000004 seconds
[154.680s][info][gc       ] [SPS 0.000 0.000 0.000 0.006 0.000 0.001 0.000 0.035 0.012 0.054 NewGC_pause3 154.679364 ]
[154.681s][info][safepoint] Application time: 0.0011912 seconds
[154.681s][info][safepoint] Total time for which application threads were stopped: 0.0000648 seconds, Stopping threads took: 0.0000004 seconds
[154.681s][info][gc       ] [SPS 0.000 0.002 0.002 0.006 0.000 0.001 0.000 0.044 0.014 0.065 NewGC_pause4 154.680620 ]
[154.681s][info][gc       ] [GC New Max 531-498 : 5120 2960 2144 5120 - - 1057 56 2 2 - : 130 1800 30 184 946 : 126 4 820 820 0 : 0 1 63 0 65 - 0 : 0.157831 4131.0 0.0 0.049191 2724.1 0.0 : 8 --c 0000 : 23 0 0.000 0.000 0 0.000 0.000 0 0.000 0.000 : 154.631792 154.633505 0.000265 154.677304 0.000087 154.679310 0.000038 154.680556 0.000048 : 154.680983 ]
[154.681s][info][gc       ] [SYSINFO 7335 227 63 0 6780 0 30 0 0 5703 : - - - - - - - - : 0 7168 : 2.23 2.85 2.08 : 292739 4278012 : 0 0 : 34 0 : 3877 2 0 261 : - 7414575104 682364928 1203740672 5905219584 238166016 67043328 : 140073237 30252460 744700 0 0 0 : 154.681190 ]
[154.681s][info][gc       ] [HUGEPAGESTAT 0 0 0 - 110774 0 0 : 393216 0 0 : 154.681190 ]
[154.681s][info][gc       ] [OBJCREAT 485598822 25684 23844864 : 154.681232 ]
[154.681s][info][gc       ] [HMSV All : 0 0 140 0 0 0 0 0 : 5000 0 0 0 : 154.681247 ]
[154.681s][info][gc       ] [HMSP 9 : 41100 0 : 154.681247 ]
[154.682s][info][gc       ] [VMAC 65530 166 24 435 625 : 154.681639 ]
[154.841s][info][gc       ] [GPGC-H  3796.8 521.9 0.1 0.0 : 7.3 : 0.410 0.815 : 0.575 0.596 0.636 1.294 : 2.641 0.759 0.845 0.476 1.717 0.399 : 0.000 : 94.489 : 780 1800 30 0 : 2275 : 4608 4424 : 154.841254 : 9 Next_heuristic_check_may_be_too_late ]
[154.844s][info][safepoint] Application time: 0.1629958 seconds
[154.844s][info][safepoint] Total time for which application threads were stopped: 0.0003454 seconds, Stopping threads took: 0.0000008 seconds
[154.845s][info][gc       ] [SPS 0.000 0.004 0.003 0.010 0.001 0.001 0.001 0.279 0.061 0.352 NewGC_pause1 154.843969 ]
[154.888s][info][safepoint] Application time: 0.0436134 seconds
[154.888s][info][safepoint] Total time for which application threads were stopped: 0.0001388 seconds, Stopping threads took: 0.0000013 seconds
[154.889s][info][gc       ] [SPS 0.000 0.001 0.000 0.006 0.001 0.001 0.000 0.112 0.019 0.139 NewGC_pause2 154.887714 ]
[154.890s][info][safepoint] Application time: 0.0020610 seconds
[154.890s][info][safepoint] Total time for which application threads were stopped: 0.0000515 seconds, Stopping threads took: 0.0000004 seconds
[154.890s][info][gc       ] [SPS 0.000 0.000 0.000 0.006 0.000 0.001 0.000 0.033 0.012 0.051 NewGC_pause3 154.889827 ]
[154.891s][info][safepoint] Application time: 0.0010161 seconds
[154.891s][info][safepoint] Total time for which application threads were stopped: 0.0000677 seconds, Stopping threads took: 0.0000004 seconds
[154.891s][info][gc       ] [SPS 0.000 0.003 0.002 0.006 0.000 0.001 0.000 0.045 0.016 0.068 NewGC_pause4 154.890910 ]
[154.892s][info][gc       ] [GC New Max 532-499 : 5120 2934 2152 5120 - - 1057 56 2 2 - : 138 1800 30 184 920 : 134 4 785 785 0 : 0 1 67 0 69 - 0 : 0.160847 4053.6 0.0 0.049493 2828.7 0.0 : 8 --c 0000 : 23 0 0.000 0.000 0 0.000 0.000 0 0.000 0.000 : 154.841830 154.843616 0.000237 154.887575 0.000082 154.889775 0.000036 154.890843 0.000048 : 154.891322 ]
[154.892s][info][gc       ] [SYSINFO 7335 227 63 0 6780 0 30 0 0 5703 : - - - - - - - - : 0 7168 : 2.23 2.85 2.08 : 292739 4278012 : 0 0 : 34 0 : 3877 2 0 261 : - 7414575104 682364928 1203740672 5905219584 238166016 67043328 : 140073237 30253010 744710 0 0 0 : 154.891533 ]
[154.892s][info][gc       ] [HUGEPAGESTAT 0 0 0 - 110774 0 0 : 393216 0 0 : 154.891533 ]
[154.892s][info][gc       ] [OBJCREAT 486385566 25684 23844864 : 154.891573 ]
[154.892s][info][gc       ] [HMSV All : 0 0 140 0 0 0 0 0 : 5000 0 0 0 : 154.891588 ]
[154.892s][info][gc       ] [HMSP 9 : 41100 0 : 154.891588 ]
[154.892s][info][gc       ] [VMAC 65530 166 24 435 625 : 154.891996 ]
[155.051s][info][gc       ] [GPGC-H  3796.8 521.9 0.1 0.0 : 7.3 : 0.409 0.815 : 0.575 0.596 0.636 1.294 : 2.635 0.759 0.845 0.476 1.717 0.399 : 0.000 : 94.317 : 792 1800 30 0 : 2275 : 4608 4424 : 155.051337 : 9 Next_heuristic_check_may_be_too_late ]
[155.054s][info][safepoint] Application time: 0.1627562 seconds
[155.054s][info][safepoint] Total time for which application threads were stopped: 0.0004057 seconds, Stopping threads took: 0.0000007 seconds
[155.055s][info][gc       ] [SPS 0.000 0.004 0.003 0.010 0.001 0.001 0.001 0.352 0.042 0.406 NewGC_pause1 155.054073 ]
[155.099s][info][safepoint] Application time: 0.0451867 seconds
[155.100s][info][safepoint] Total time for which application threads were stopped: 0.0001370 seconds, Stopping threads took: 0.0000004 seconds
[155.100s][info][gc       ] [SPS 0.000 0.001 0.000 0.006 0.000 0.001 0.000 0.110 0.020 0.137 NewGC_pause2 155.099397 ]
[155.101s][info][safepoint] Application time: 0.0016772 seconds
[155.101s][info][safepoint] Total time for which application threads were stopped: 0.0000513 seconds, Stopping threads took: 0.0000004 seconds
[155.102s][info][gc       ] [SPS 0.000 0.000 0.000 0.006 0.000 0.001 0.000 0.032 0.012 0.051 NewGC_pause3 155.101125 ]
[155.102s][info][safepoint] Application time: 0.0012245 seconds
[155.103s][info][safepoint] Total time for which application threads were stopped: 0.0000613 seconds, Stopping threads took: 0.0000004 seconds
[155.103s][info][gc       ] [SPS 0.000 0.002 0.009 0.006 0.000 0.001 0.000 0.038 0.016 0.061 NewGC_pause4 155.102411 ]
[155.103s][info][gc       ] [GC New Max 533-500 : 5120 2952 2158 5120 - - 1057 56 2 2 - : 144 1800 30 184 938 : 138 4 798 798 0 : 0 1 69 0 72 - 0 : 0.160523 4086.6 0.0 0.050958 2904.3 0.0 : 8 --c 0000 : 23 0 0.000 0.000 0 0.000 0.000 0 0.000 0.000 : 155.051845 155.053667 0.000296 155.099260 0.000081 155.101074 0.000036 155.102350 0.000041 : 155.102804 ]
[155.103s][info][gc       ] [SYSINFO 7335 227 63 0 6780 0 30 0 0 5703 : - - - - - - - - : 0 7168 : 2.23 2.85 2.08 : 292739 4278012 : 0 0 : 34 0 : 3877 2 0 261 : - 7414575104 682364928 1203740672 5905219584 238166016 67043328 : 140073237 30253550 744760 0 0 0 : 155.103011 ]
[155.103s][info][gc       ] [HUGEPAGESTAT 0 0 0 - 110774 0 0 : 393216 0 0 : 155.103011 ]
[155.103s][info][gc       ] [OBJCREAT 487178979 25684 23844864 : 155.103050 ]
[155.103s][info][gc       ] [HMSV All : 0 0 140 0 0 0 0 0 : 5000 0 0 0 : 155.103064 ]
[155.103s][info][gc       ] [HMSP 9 : 41100 0 : 155.103064 ]
[155.103s][info][gc       ] [VMAC 65530 166 24 435 625 : 155.103436 ]
[155.264s][info][gc       ] [GPGC-H  3796.8 521.9 0.1 0.0 : 7.3 : 0.408 0.815 : 0.575 0.596 0.636 1.294 : 2.630 0.759 0.845 0.476 1.717 0.399 : 0.000 : 94.146 : 806 1800 30 0 : 2275 : 4608 4424 : 155.264367 : 9 Next_heuristic_check_may_be_too_late ]
[155.267s][info][safepoint] Application time: 0.1643962 seconds
[155.268s][info][safepoint] Total time for which application threads were stopped: 0.0003258 seconds, Stopping threads took: 0.0000005 seconds
[155.268s][info][gc       ] [SPS 0.000 0.004 0.003 0.006 0.000 0.001 0.000 0.298 0.020 0.326 NewGC_pause1 155.267133 ]
[155.326s][info][safepoint] Application time: 0.0583730 seconds
[155.326s][info][safepoint] Total time for which application threads were stopped: 0.0002289 seconds, Stopping threads took: 0.0000004 seconds
[155.327s][info][gc       ] [SPS 0.000 0.001 0.000 0.006 0.000 0.001 0.001 0.204 0.018 0.229 NewGC_pause2 155.325735 ]
[155.328s][info][safepoint] Application time: 0.0024462 seconds
[155.329s][info][safepoint] Total time for which application threads were stopped: 0.0000826 seconds, Stopping threads took: 0.0000003 seconds
[155.329s][info][gc       ] [SPS 0.000 0.001 0.000 0.005 0.000 0.001 0.000 0.065 0.011 0.083 NewGC_pause3 155.328264 ]
[155.330s][info][safepoint] Application time: 0.0017226 seconds
[155.330s][info][safepoint] Total time for which application threads were stopped: 0.0000783 seconds, Stopping threads took: 0.0000004 seconds
[155.330s][info][gc       ] [SPS 0.000 0.003 0.002 0.017 0.000 0.001 0.000 0.047 0.012 0.078 NewGC_pause4 155.330065 ]
[155.331s][info][gc       ] [GC New Max 534-501 : 5120 3210 2456 5120 - - 1057 56 2 2 - : 442 1800 30 184 1196 : 427 14 772 772 0 : 0 2 188 0 188 - 33 : 0.161991 4111.3 0.0 0.065686 6059.2 0.0 : 8 --c 0000 : 23 0 0.000 0.000 0 0.000 0.000 0 0.000 0.000 : 155.264795 155.266807 0.000265 155.325506 0.000126 155.328181 0.000072 155.329987 0.000062 : 155.330481 ]
[155.331s][info][gc       ] [SYSINFO 7335 227 63 0 6780 0 30 0 0 5703 : - - - - - - - - : 0 7168 : 2.23 2.85 2.08 : 292739 4278012 : 0 0 : 34 0 : 3877 2 0 261 : - 7414575104 682364928 1203740672 5905219584 238166016 67043328 : 140073237 30254120 744780 0 0 0 : 155.330705 ]
[155.331s][info][gc       ] [HUGEPAGESTAT 0 0 0 - 110774 0 0 : 393216 0 0 : 155.330705 ]
[155.331s][info][gc       ] [OBJCREAT 488229041 25684 23844864 : 155.330747 ]
[155.331s][info][gc       ] [HMSV All : 0 0 146 0 0 0 0 0 : 5000 0 0 0 : 155.330762 ]
[155.331s][info][gc       ] [HMSP 9 : 41100 0 : 155.330762 ]
[155.331s][info][gc       ] [VMAC 65530 166 24 435 625 : 155.331158 ]
[155.445s][info][gc       ] [GPGC-H  3796.8 509.9 0.1 0.0 : 7.1 : 0.407 0.815 : 0.575 0.596 0.636 1.294 : 2.623 0.759 0.845 0.476 1.717 0.399 : 0.000 : 93.974 : 1060 1800 30 0 : 2275 : 4608 4424 : 155.445106 : 9 Next_heuristic_check_may_be_too_late ]
[155.449s][info][safepoint] Application time: 0.1181046 seconds
[155.449s][info][safepoint] Total time for which application threads were stopped: 0.0003835 seconds, Stopping threads took: 0.0000004 seconds
[155.449s][info][gc       ] [SPS 0.000 0.003 0.002 0.006 0.000 0.001 0.000 0.357 0.019 0.383 NewGC_pause1 155.448553 ]
[155.620s][info][safepoint] Application time: 0.1712976 seconds
[155.621s][info][safepoint] Total time for which application threads were stopped: 0.0001777 seconds, Stopping threads took: 0.0000005 seconds
[155.621s][info][gc       ] [SPS 0.000 0.001 0.000 0.007 0.000 0.001 0.000 0.144 0.025 0.178 NewGC_pause2 155.620029 ]
[155.622s][info][safepoint] Application time: 0.0018446 seconds
[155.622s][info][safepoint] Total time for which application threads were stopped: 0.0001635 seconds, Stopping threads took: 0.0000005 seconds
[155.622s][info][gc       ] [SPS 0.000 0.001 0.000 0.007 0.000 0.001 0.000 0.132 0.023 0.164 NewGC_pause3 155.622037 ]
[155.623s][info][safepoint] Application time: 0.0011271 seconds
[155.623s][info][safepoint] Total time for which application threads were stopped: 0.0000886 seconds, Stopping threads took: 0.0000005 seconds
[155.624s][info][gc       ] [SPS 0.000 0.003 0.011 0.007 0.000 0.001 0.000 0.049 0.031 0.089 NewGC_pause4 155.623253 ]
[155.624s][info][gc       ] [GC New Max 535-502 : 5120 3978 3886 5120 - - 1057 56 2 2 - : 1872 1800 30 184 1964 : 1852 11 102 102 0 : 0 2 440 0 819 - 117 : 0.115182 5400.1 0.0 0.178036 5100.1 0.0 : 8 --c 0000 : 23 0 0.000 0.000 0 0.000 0.000 0 0.000 0.000 : 155.445663 155.448170 0.000311 155.619851 0.000096 155.621873 0.000049 155.623164 0.000053 : 155.623699 ]
[155.624s][info][gc       ] [SYSINFO 7335 227 63 0 6780 0 30 0 0 5703 : - - - - - - - - : 0 7168 : 2.23 2.85 2.08 : 292739 4278012 : 0 0 : 34 0 : 3877 2 0 261 : - 7414575104 682364928 1203740672 5905219584 238166016 67043328 : 140073237 30255770 744810 0 0 0 : 155.623954 ]
[155.624s][info][gc       ] [HUGEPAGESTAT 0 0 0 - 110774 0 0 : 393216 0 0 : 155.623954 ]
[155.624s][info][gc       ] [OBJCREAT 489748853 25684 23844864 : 155.624002 ]
[155.624s][info][gc       ] [HMSV All : 0 0 150 0 0 0 0 0 : 5000 0 0 0 : 155.624023 ]
[155.624s][info][gc       ] [HMSP 9 : 41100 0 : 155.624023 ]
[155.624s][info][gc       ] [VMAC 65530 166 24 435 625 : 155.624464 ]
[156.131s][info][gc       ] [GPGC-H  3796.8 509.9 0.1 0.0 : 7.1 : 0.407 0.815 : 0.575 0.596 0.636 1.294 : 2.616 0.759 0.845 0.476 1.717 0.399 : 0.000 : 93.862 : 2052 1800 30 0 : 2275 : 4608 4424 : 156.131138 : 9 Next_heuristic_check_may_be_too_late ]
[156.138s][info][safepoint] Application time: 0.5143638 seconds
[156.138s][info][safepoint] Total time for which application threads were stopped: 0.0003075 seconds, Stopping threads took: 0.0000004 seconds
[156.139s][info][gc       ] [SPS 0.000 0.003 0.003 0.006 0.000 0.001 0.000 0.266 0.034 0.307 NewGC_pause1 156.137924 ]
[156.435s][info][safepoint] Application time: 0.2967010 seconds
[156.435s][info][safepoint] Total time for which application threads were stopped: 0.0002058 seconds, Stopping threads took: 0.0000004 seconds
[156.436s][info][gc       ] [SPS 0.000 0.001 0.000 0.005 0.000 0.001 0.000 0.175 0.024 0.206 NewGC_pause2 156.434831 ]
[156.436s][info][safepoint] Application time: 0.0015023 seconds
[156.437s][info][safepoint] Total time for which application threads were stopped: 0.0001003 seconds, Stopping threads took: 0.0000004 seconds
[156.437s][info][gc       ] [SPS 0.000 0.000 0.000 0.024 0.000 0.001 0.000 0.058 0.017 0.100 NewGC_pause3 156.436434 ]
[156.449s][info][safepoint] Application time: 0.0122408 seconds
[156.449s][info][safepoint] Total time for which application threads were stopped: 0.0002017 seconds, Stopping threads took: 0.0000007 seconds
[156.449s][info][gc       ] [SPS 0.000 0.003 0.006 0.006 0.001 0.001 0.000 0.154 0.040 0.202 NewGC_pause4 156.448877 ]
[156.539s][info][gc       ] [GC New Max 536-503 : 5120 4766 4720 5120 - - 1057 56 2 2 - : 2704 1800 30 184 2752 : 2448 11 295 295 94 : 0 308 343 0 1297 - 55 : 0.507979 354.3 0.0 0.406801 2084.6 0.0 : 8 --c 0000 : 23 3385 0.000 0.003 0 0.000 0.000 3385 0.000 0.003 : 156.131678 156.137617 0.000217 156.434625 0.000138 156.436333 0.000079 156.448675 0.000106 : 156.538479 ]
[156.539s][info][gc       ] [SYSINFO 7335 227 63 0 6780 0 30 0 0 5703 : - - - - - - - - : 0 7168 : 2.23 2.85 2.08 : 292739 4278012 : 0 0 : 34 0 : 3877 2 0 261 : - 7414575104 682364928 1203740672 5905219584 238166016 67043328 : 140073237 30259740 744910 0 0 0 : 156.538733 ]
[156.539s][info][gc       ] [HUGEPAGESTAT 0 0 0 - 110774 0 0 : 393216 0 0 : 156.538733 ]
[156.539s][info][gc       ] [OBJCREAT 490768199 25684 23844864 : 156.538784 ]
[156.539s][info][gc       ] [HMSV All : 0 0 150 0 0 0 0 0 : 5000 0 0 0 : 156.538802 ]
[156.539s][info][gc       ] [HMSP 9 : 41100 0 : 156.538802 ]
[156.540s][info][gc       ] [GPGC-H  3774.9 509.9 0.1 0.0 : 7.1 : 0.407 0.815 : 0.575 0.596 0.636 1.294 : 2.616 0.759 0.845 0.476 1.717 0.399 : 0.000 : 93.343 : 2710 1800 30 0 : 2275 : 4608 4424 : 156.539657 : 3 Heap_use_exceeded_committed ]
[156.539s][info][gc       ] [VMAC 65530 166 24 435 625 : 156.539279 ]
[156.545s][info][safepoint] Application time: 0.0962633 seconds
[156.545s][info][safepoint] Total time for which application threads were stopped: 0.0001672 seconds, Stopping threads took: 0.0000004 seconds
[156.546s][info][gc       ] [SPS 0.000 0.001 0.007 0.007 0.000 0.001 0.000 0.142 0.016 0.167 NewGC_pause1 156.545307 ]
[156.860s][info][safepoint] Application time: 0.3144313 seconds
[156.860s][info][safepoint] Total time for which application threads were stopped: 0.0001510 seconds, Stopping threads took: 0.0000004 seconds
[156.860s][info][gc       ] [SPS 0.000 0.002 0.000 0.006 0.000 0.001 0.000 0.133 0.011 0.151 NewGC_pause2 156.859890 ]
[156.861s][info][safepoint] Application time: 0.0012131 seconds
[156.861s][info][safepoint] Total time for which application threads were stopped: 0.0000625 seconds, Stopping threads took: 0.0000004 seconds
[156.862s][info][gc       ] [SPS 0.000 0.000 0.000 0.006 0.000 0.001 0.000 0.051 0.004 0.062 NewGC_pause3 156.861165 ]
[156.863s][info][safepoint] Application time: 0.0012450 seconds
[156.863s][info][safepoint] Total time for which application threads were stopped: 0.0006863 seconds, Stopping threads took: 0.0000004 seconds
[156.864s][info][gc       ] [SPS 0.000 0.000 0.000 0.007 0.000 0.001 0.000 0.658 0.019 0.686 OldGC_pause2 156.863097 ]
[156.866s][info][safepoint] Application time: 0.0025846 seconds
[156.866s][info][safepoint] Total time for which application threads were stopped: 0.0000617 seconds, Stopping threads took: 0.0000004 seconds
[156.866s][info][gc       ] [SPS 0.000 0.001 0.000 0.006 0.000 0.001 0.000 0.039 0.015 0.062 OldGC_pause3 156.865743 ]
[156.870s][info][safepoint] Application time: 0.0041118 seconds
[156.870s][info][safepoint] Total time for which application threads were stopped: 0.0000762 seconds, Stopping threads took: 0.0000005 seconds
[156.870s][info][gc       ] [SPS 0.000 0.003 0.002 0.006 0.000 0.001 0.000 0.053 0.016 0.076 NewGC_pause4 156.869931 ]
[156.890s][info][gc       ] [GC NTO Max 537-504 : 5120 4948 4146 5120 - - 1057 56 2 2 - : 2132 1800 30 184 2934 : 1982 12 940 940 0 : 0 67 109 0 1011 - 55 : 0.001652 4842.1 0.0 0.349145 802.0 0.0 : 8 --c 0000 : 23 6894 0.000 0.003 0 0.000 0.000 6894 0.000 0.003 : 156.540131 156.545140 0.000146 156.859739 0.000048 156.861103 0.000052 156.869855 0.000055 : 156.889276 ]
[156.890s][info][gc       ] [SYSINFO 7335 227 63 0 6780 0 30 0 0 5703 : - - - - - - - - : 0 7168 : 2.23 2.85 2.08 : 292739 4278012 : 0 0 : 34 0 : 3877 6 0 261 : - 7414575104 682364928 1203740672 5905219584 238166016 67043328 : 140073237 30262450 744950 0 0 0 : 156.889546 ]
[156.890s][info][gc       ] [HUGEPAGESTAT 0 0 0 - 110774 0 0 : 393216 0 0 : 156.889546 ]
[156.890s][info][gc       ] [OBJCREAT 491057585 25748 23844864 : 156.889599 ]
[156.890s][info][gc       ] [HMSV All : 0 0 150 0 0 0 0 0 : 5000 0 0 0 : 156.889618 ]
[156.890s][info][gc       ] [HMSP 9 : 41100 0 : 156.889618 ]
[156.890s][info][gc       ] [GPGC-H  3766.4 509.9 0.1 0.0 : 7.1 : 0.406 0.815 : 0.575 0.596 0.636 1.294 : 2.612 0.759 0.845 0.476 1.717 0.399 : 0.000 : 99.529 : 2134 1800 30 0 : 2275 : 4608 4424 : 156.889947 : 8 May_exceed_heap_occupancy_target ]
[156.890s][info][gc       ] [VMAC 65530 166 24 435 625 : 156.890137 ]
[156.892s][info][safepoint] Application time: 0.0223627 seconds
[156.893s][info][safepoint] Total time for which application threads were stopped: 0.0000779 seconds, Stopping threads took: 0.0000005 seconds
[156.893s][info][gc       ] [SPS 0.000 0.003 0.005 0.008 0.001 0.001 0.000 0.050 0.019 0.078 OldGC_pause4 156.892372 ]
[156.893s][info][gc       ] [GC Old Max 538-34 : 5120 4948 2360 5120 - - 1057 56 2 2 - : 2142 6 28 184 1834 : 26 6 1795 1795 0 : 0 3 0 0 17 - 0 : 8.313942 4.3 0.2 0.351341 0.0 0.0 : 4 --c 0000 : 23   -    -    -    -    -    -    -    -    -  : 156.541622 156.545140 0.000146 156.862410 0.000659 156.865681 0.000041 156.892294 0.000052 : 156.892963 ]
[156.893s][info][gc       ] [SYSINFO 7335 227 63 0 6780 0 30 0 0 5703 : - - - - - - - - : 0 7168 : 2.23 2.85 2.08 : 292739 4278012 : 0 0 : 34 0 : 3877 2 0 261 : - 7414575104 682364928 1203740672 5905219584 238166016 67043328 : 140073237 30262450 744950 0 0 0 : 156.893156 ]
[156.893s][info][gc       ] [HUGEPAGESTAT 0 0 0 - 110774 0 0 : 393216 0 0 : 156.893156 ]
[156.893s][info][gc       ] [OBJCREAT 491067497 25748 23844864 : 156.893204 ]
[156.893s][info][gc       ] [HMSV All : 0 0 150 0 0 0 0 0 : 5000 0 0 0 : 156.893220 ]
[156.893s][info][gc       ] [HMSP 9 : 41100 0 : 156.893220 ]
[156.893s][info][gc       ] [COMPSTATS 1 : 5 0 : 1 0 : 0 0 : 531 5 0 0 0 0 : 0 0 0 0 0 0 : 146 147 12 : 536 0 0 0 0 0 0 : 536 0 0 0 0 0 0 ]
[156.893s][info][gc       ] [COMPSTATS 2 : 5 0 : 1 0 : 0 0 : 132 11 0 0 0 0 : 0 0 0 0 0 0 : 52677 52713 7789 : 77 42 24 0 0 0 0 : 39 84 14 5 1 0 0 ]
[156.893s][info][gc       ] [DEOPTSTATS 1 : 0 0 : 0 0 : 0 0 : 0 0 : 0 11 : 0 0 : 0 0 : 0 0 : 0 0 : 0 0 : 0 0 : 0 0 : 0 0 : 0 0 : 0 0 : 0 0 : 0 0 : 0 0 : 0 0 : 0 0 : 0 0 : 0 0 : 0 0 : 0 0 : 0 0 : 0 0 : 0 0 : 0 0 : 0 0 : 0 0 : 6 0 : 0 0 : 0 0 : 0 0 : 0 0 : 0 0 : 0 0 : 0 0 : 0 0 : 0 0 : 0 0 : 0 0 ]
[156.893s][info][gc       ] [DEOPTSTATS 2 : 0 0 : 0 0 : 0 0 : 0 0 : 0 0 : 0 0 : 0 15 : 0 0 : 0 0 : 0 0 : 0 0 : 0 0 : 0 0 : 0 0 : 0 0 : 0 0 : 0 0 : 0 0 : 0 0 : 0 0 : 0 0 : 0 0 : 0 0 : 0 0 : 0 0 : 0 0 : 0 0 : 0 0 : 0 0 : 0 0 : 4 0 : 0 0 : 0 0 : 0 0 : 0 1 : 0 0 : 0 0 : 0 0 : 0 0 : 0 3 : 0 0 : 0 0 ]
[156.894s][info][gc       ] [VMAC 65530 166 24 435 625 : 156.893629 ]
[156.894s][info][gc       ] [CCF 0 0 0 0 33 230912: 3091968 : 380 196608 : 3 49152 : 317 311808 :  525 648192 : 121 422400 : 0 0 : 15 1228800 : 1 2048]
[156.898s][info][safepoint] Application time: 0.0054333 seconds
[156.898s][info][safepoint] Total time for which application threads were stopped: 0.0001475 seconds, Stopping threads took: 0.0000004 seconds
[156.898s][info][gc       ] [SPS 0.000 0.002 0.002 0.006 0.000 0.001 0.000 0.124 0.015 0.147 NewGC_pause1 156.897953 ]
[157.179s][info][safepoint] Application time: 0.2810880 seconds
[157.180s][info][safepoint] Total time for which application threads were stopped: 0.0001677 seconds, Stopping threads took: 0.0000004 seconds
[157.180s][info][gc       ] [SPS 0.000 0.001 0.000 0.007 0.000 0.001 0.000 0.137 0.023 0.168 NewGC_pause2 157.179209 ]
[157.181s][info][safepoint] Application time: 0.0022175 seconds
[157.182s][info][safepoint] Total time for which application threads were stopped: 0.0000686 seconds, Stopping threads took: 0.0000004 seconds
[157.182s][info][gc       ] [SPS 0.000 0.000 0.000 0.007 0.000 0.001 0.000 0.046 0.014 0.069 NewGC_pause3 157.181495 ]
[157.190s][info][safepoint] Application time: 0.0087229 seconds
[157.191s][info][safepoint] Total time for which application threads were stopped: 0.0001755 seconds, Stopping threads took: 0.0000004 seconds
[157.191s][info][gc       ] [SPS 0.000 0.004 0.003 0.006 0.000 0.001 0.000 0.144 0.024 0.176 NewGC_pause4 157.190393 ]
[157.270s][info][gc       ] [GC New Max 539-505 : 5120 4152 2990 5120 - - 1057 56 2 2 - : 2772 6 28 184 2916 : 2526 10 380 380 0 : 0 238 381 0 1331 - 55 : 0.006287 2862.9 0.0 0.374401 2585.5 0.0 : 8 --c 0000 : 23 0 0.000 0.000 0 0.000 0.000 0 0.000 0.000 : 156.895563 156.897805 0.000127 157.179041 0.000098 157.181426 0.000051 157.190218 0.000058 : 157.269964 ]
[157.270s][info][gc       ] [SYSINFO 7335 227 63 0 6780 0 30 0 0 5703 : - - - - - - - - : 0 7168 : 2.23 2.85 2.08 : 292739 4278012 : 0 0 : 34 0 : 3877 2 0 261 : - 7414575104 682364928 1203740672 5905219584 238166016 67043328 : 140073237 30265790 745090 0 0 0 : 157.270229 ]
[157.270s][info][gc       ] [HUGEPAGESTAT 0 0 0 - 110774 0 0 : 393216 0 0 : 157.270229 ]
[157.270s][info][gc       ] [OBJCREAT 492035787 25748 23844864 : 157.270292 ]
[157.270s][info][gc       ] [HMSV All : 0 0 150 0 0 0 0 0 : 5000 0 0 0 : 157.270313 ]
[157.270s][info][gc       ] [HMSP 9 : 41100 0 : 157.270313 ]
[157.271s][info][gc       ] [VMAC 65530 166 24 435 625 : 157.270758 ]
[157.271s][info][gc       ] [GPGC-H  3766.4 509.9 0.1 0.0 : 7.1 : 0.406 0.771 : 0.575 0.602 0.636 1.294 : 2.612 0.726 0.845 0.476 1.717 0.399 : 0.000 : 99.657 : 2776 6 28 0 : 2275 : 4608 4424 : 157.270875 : 9 Next_heuristic_check_may_be_too_late ]
[157.274s][info][safepoint] Application time: 0.0837937 seconds
[157.275s][info][safepoint] Total time for which application threads were stopped: 0.0002182 seconds, Stopping threads took: 0.0000004 seconds
[157.275s][info][gc       ] [SPS 0.000 0.003 0.009 0.007 0.000 0.001 0.001 0.190 0.018 0.218 NewGC_pause1 157.274405 ]
[157.573s][info][safepoint] Application time: 0.2984221 seconds
[157.573s][info][safepoint] Total time for which application threads were stopped: 0.0000685 seconds, Stopping threads took: 0.0000005 seconds
[157.573s][info][gc       ] [SPS 0.000 0.002 0.000 0.007 0.000 0.001 0.000 0.043 0.016 0.068 NewGC_pause2 157.572896 ]
[157.574s][info][safepoint] Application time: 0.0009777 seconds
[157.574s][info][safepoint] Total time for which application threads were stopped: 0.0000733 seconds, Stopping threads took: 0.0000005 seconds
[157.574s][info][gc       ] [SPS 0.000 0.001 0.000 0.007 0.000 0.001 0.000 0.042 0.022 0.073 NewGC_pause3 157.573947 ]
[157.577s][info][safepoint] Application time: 0.0030145 seconds
[157.577s][info][safepoint] Total time for which application threads were stopped: 0.0001281 seconds, Stopping threads took: 0.0000005 seconds
[157.578s][info][gc       ] [SPS 0.000 0.011 0.005 0.007 0.000 0.001 0.000 0.103 0.017 0.128 NewGC_pause4 157.577090 ]
[157.593s][info][gc       ] [GC New Max 540-506 : 5120 3608 2680 5120 - - 1057 56 2 2 - : 2376 92 28 184 3390 : 2377 6 1005 1005 0 : 43 1 304 0 1133 - 55 : 0.001254 3189.1 0.0 0.321720 2039.0 0.0 : 8 --c 0000 : 23 0 0.000 0.000 0 0.000 0.000 0 0.000 0.000 : 157.271218 157.274188 0.000195 157.572828 0.000047 157.573874 0.000046 157.576962 0.000105 : 157.592938 ]
[157.593s][info][gc       ] [SYSINFO 7335 227 63 0 6780 0 30 0 0 5703 : - - - - - - - - : 0 7168 : 2.23 2.85 2.08 : 292739 4278012 : 0 0 : 34 0 : 3877 2 0 261 : - 7414575104 682364928 1203740672 5905219584 238166016 67043328 : 140073237 30268580 745100 0 0 0 : 157.593196 ]
[157.593s][info][gc       ] [HUGEPAGESTAT 0 0 0 - 110774 0 0 : 393216 0 0 : 157.593196 ]
[157.593s][info][gc       ] [OBJCREAT 492686453 25748 23906304 : 157.593247 ]
[157.593s][info][gc       ] [HMSV All : 0 0 150 0 0 0 0 0 : 5000 0 0 0 : 157.593267 ]
[157.593s][info][gc       ] [HMSP 9 : 41100 0 : 157.593267 ]
[157.594s][info][gc       ] [VMAC 65530 166 24 435 625 : 157.593718 ]
[157.754s][info][gc       ] [GPGC-H  3766.4 498.1 0.1 0.0 : 6.9 : 0.406 0.771 : 0.575 0.602 0.636 1.294 : 2.611 0.726 0.845 0.476 1.717 0.399 : 0.000 : 99.657 : 2916 92 28 0 : 2275 : 4608 4424 : 157.754435 : 9 Next_heuristic_check_may_be_too_late ]
[157.759s][info][safepoint] Application time: 0.1819117 seconds
[157.760s][info][safepoint] Total time for which application threads were stopped: 0.0002377 seconds, Stopping threads took: 0.0000004 seconds
[157.760s][info][gc       ] [SPS 0.000 0.004 0.004 0.006 0.000 0.001 0.000 0.208 0.022 0.238 NewGC_pause1 157.759240 ]
[158.023s][info][safepoint] Application time: 0.2630847 seconds
[158.023s][info][safepoint] Total time for which application threads were stopped: 0.0002239 seconds, Stopping threads took: 0.0000005 seconds
[158.024s][info][gc       ] [SPS 0.000 0.001 0.000 0.007 0.000 0.001 0.000 0.182 0.033 0.224 NewGC_pause2 158.022549 ]
[158.025s][info][safepoint] Application time: 0.0027404 seconds
[158.026s][info][safepoint] Total time for which application threads were stopped: 0.0000537 seconds, Stopping threads took: 0.0000004 seconds
[158.026s][info][gc       ] [SPS 0.000 0.001 0.000 0.005 0.000 0.001 0.000 0.043 0.004 0.054 NewGC_pause3 158.025343 ]
[158.041s][info][safepoint] Application time: 0.0152782 seconds
[158.041s][info][safepoint] Total time for which application threads were stopped: 0.0001430 seconds, Stopping threads took: 0.0000004 seconds
[158.041s][info][gc       ] [SPS 0.000 0.003 0.003 0.006 0.000 0.001 0.000 0.114 0.021 0.143 NewGC_pause4 158.040764 ]
[158.338s][info][gc       ] [GC New Max 541-507 : 5120 4038 3804 5120 - - 1057 56 2 2 - : 2718 874 28 184 3734 : 2497 4 1234 1234 17 : 391 0 403 0 1359 - 0 : 0.162217 3341.2 0.0 0.582617 3062.0 0.0 : 8 --c 0000 : 23 0 0.000 0.000 0 0.000 0.000 0 0.000 0.000 : 157.755155 157.759002 0.000175 158.022325 0.000129 158.025289 0.000045 158.040621 0.000071 : 158.337772 ]
[158.338s][info][gc       ] [SYSINFO 7335 227 63 0 6780 0 30 0 0 5703 : - - - - - - - - : 0 7168 : 2.23 2.85 2.08 : 292739 4278012 : 0 0 : 34 0 : 3877 2 0 261 : - 7414575104 682364928 1203740672 5905219584 238166016 67043328 : 140073237 30272700 745140 0 0 0 : 158.338029 ]
[158.338s][info][gc       ] [HUGEPAGESTAT 0 0 0 - 110774 0 0 : 393216 0 0 : 158.338029 ]
[158.338s][info][gc       ] [OBJCREAT 494990952 25748 24623104 : 158.338074 ]
[158.338s][info][gc       ] [HMSV All : 0 0 150 0 0 0 0 0 : 5000 0 0 0 : 158.338092 ]
[158.338s][info][gc       ] [HMSP 9 : 41100 0 : 158.338092 ]
[158.339s][info][gc       ] [GPGC-H  3766.4 498.1 0.1 0.0 : 6.9 : 0.406 0.771 : 0.575 0.602 0.636 1.294 : 2.807 0.726 0.845 0.476 1.717 0.399 : 0.000 : 99.474 : 2720 874 28 0 : 2275 : 4608 4424 : 158.338830 : 8 May_exceed_heap_occupancy_target ]
[158.339s][info][gc       ] [VMAC 65530 166 24 435 625 : 158.338539 ]
[158.344s][info][safepoint] Application time: 0.3029769 seconds
[158.344s][info][safepoint] Total time for which application threads were stopped: 0.0003157 seconds, Stopping threads took: 0.0000004 seconds
[158.345s][info][gc       ] [SPS 0.000 0.001 0.008 0.022 0.000 0.001 0.000 0.241 0.051 0.316 NewGC_pause1 158.344057 ]
[158.594s][info][safepoint] Application time: 0.2495653 seconds
[158.594s][info][safepoint] Total time for which application threads were stopped: 0.0000776 seconds, Stopping threads took: 0.0000005 seconds
[158.594s][info][gc       ] [SPS 0.000 0.001 0.000 0.011 0.001 0.001 0.000 0.047 0.017 0.077 NewGC_pause2 158.593700 ]
[158.595s][info][safepoint] Application time: 0.0008925 seconds
[158.595s][info][safepoint] Total time for which application threads were stopped: 0.0000686 seconds, Stopping threads took: 0.0000005 seconds
[158.595s][info][gc       ] [SPS 0.000 0.001 0.000 0.007 0.001 0.001 0.000 0.044 0.016 0.068 NewGC_pause3 158.594661 ]
[158.596s][info][safepoint] Application time: 0.0011003 seconds
[158.597s][info][safepoint] Total time for which application threads were stopped: 0.0006802 seconds, Stopping threads took: 0.0000005 seconds
[158.597s][info][gc       ] [SPS 0.000 0.001 0.000 0.007 0.000 0.001 0.000 0.651 0.021 0.681 OldGC_pause2 158.596442 ]
[158.602s][info][safepoint] Application time: 0.0058871 seconds
[158.603s][info][safepoint] Total time for which application threads were stopped: 0.0000869 seconds, Stopping threads took: 0.0000006 seconds
[158.603s][info][gc       ] [SPS 0.000 0.001 0.000 0.013 0.001 0.001 0.000 0.053 0.019 0.087 OldGC_pause3 158.602416 ]
[158.607s][info][safepoint] Application time: 0.0041422 seconds
[158.607s][info][safepoint] Total time for which application threads were stopped: 0.0000782 seconds, Stopping threads took: 0.0000005 seconds
[158.607s][info][gc       ] [SPS 0.000 0.003 0.003 0.008 0.001 0.001 0.000 0.053 0.016 0.078 NewGC_pause4 158.606636 ]
[158.767s][info][gc       ] [GC NTO Max 542-508 : 5120 4378 3020 5120 - - 1057 56 2 2 - : 1268 1540 28 184 3292 : 1485 4 1805 1805 0 : 333 0 280 0 634 - 0 : 0.001390 2878.4 0.0 0.427319 2358.9 0.0 : 8 --c 0000 : 23 0 0.000 0.000 0 0.000 0.000 0 0.000 0.000 : 158.339161 158.343741 0.000207 158.593622 0.000053 158.594592 0.000047 158.606558 0.000057 : 158.766480 ]
[158.767s][info][gc       ] [SYSINFO 7335 227 63 0 6780 0 30 0 0 5703 : - - - - - - - - : 0 7168 : 2.23 2.85 2.08 : 292739 4278024 : 0 0 : 34 0 : 3877 6 0 261 : - 7414575104 682364928 1203740672 5905219584 238166016 67043328 : 140073237 30277350 745160 0 0 0 : 158.766792 ]
[158.767s][info][gc       ] [HUGEPAGESTAT 0 0 0 - 110774 0 0 : 393216 0 0 : 158.766792 ]
[158.767s][info][gc       ] [OBJCREAT 495992421 25748 25305088 : 158.766846 ]
[158.767s][info][gc       ] [HMSV All : 0 0 150 0 0 0 0 0 : 5000 0 0 0 : 158.766867 ]
[158.767s][info][gc       ] [HMSP 9 : 41100 0 : 158.766867 ]
[158.767s][info][gc       ] [VMAC 65530 166 24 435 625 : 158.767378 ]
[158.767s][info][gc       ] [GPGC-H  3766.4 498.1 0.1 0.0 : 6.9 : 0.406 0.771 : 0.575 0.602 0.636 1.294 : 2.837 0.726 0.845 0.476 1.717 0.399 : 0.000 : 99.676 : 1270 1540 28 0 : 2275 : 4608 4424 : 158.767420 : 9 Next_heuristic_check_may_be_too_late ]
[158.770s][info][safepoint] Application time: 0.1628860 seconds
[158.770s][info][safepoint] Total time for which application threads were stopped: 0.0000883 seconds, Stopping threads took: 0.0000006 seconds
[158.770s][info][gc       ] [SPS 0.000 0.004 0.005 0.008 0.001 0.001 0.001 0.057 0.022 0.088 OldGC_pause4 158.769611 ]
[158.773s][info][gc       ] [GC Old Max 543-35 : 5120 4378 3028 5120 - - 1057 56 2 2 - : 1284 1528 32 184 1580 : 1541 27 1 1 0 : 0 13 333 3 725 - 55 : 1.447718 525.0 0.0 0.431548 1543.3 0.0 : 4 --c 0000 : 23   -    -    -    -    -    -    -    -    -  : 158.340681 158.343741 0.000207 158.595761 0.000654 158.602329 0.000062 158.769523 0.000059 : 158.772229 ]
[158.773s][info][gc       ] [SYSINFO 7335 227 63 0 6780 0 30 0 0 5703 : - - - - - - - - : 0 7168 : 2.23 2.85 2.08 : 292739 4278024 : 0 0 : 34 0 : 3877 2 0 261 : - 7414575104 682364928 1203740672 5905219584 238166016 67043328 : 140073237 30277350 745160 0 0 0 : 158.772472 ]
[158.773s][info][gc       ] [HUGEPAGESTAT 0 0 0 - 110774 0 0 : 393216 0 0 : 158.772472 ]
[158.773s][info][gc       ] [OBJCREAT 496010262 25748 25305088 : 158.772522 ]
[158.773s][info][gc       ] [HMSV All : 0 0 150 0 0 0 0 0 : 5000 0 0 0 : 158.772545 ]
[158.773s][info][gc       ] [HMSP 9 : 41100 0 : 158.772545 ]
[158.773s][info][gc       ] [COMPSTATS 1 : 5 0 : 1 0 : 0 0 : 531 5 0 0 0 0 : 0 0 0 0 0 0 : 146 147 12 : 536 0 0 0 0 0 0 : 536 0 0 0 0 0 0 ]
[158.773s][info][gc       ] [COMPSTATS 2 : 5 0 : 1 0 : 0 0 : 132 11 0 0 0 0 : 0 0 0 0 0 0 : 52677 52713 7789 : 77 42 24 0 0 0 0 : 39 84 14 5 1 0 0 ]
[158.773s][info][gc       ] [DEOPTSTATS 1 : 0 0 : 0 0 : 0 0 : 0 0 : 0 11 : 0 0 : 0 0 : 0 0 : 0 0 : 0 0 : 0 0 : 0 0 : 0 0 : 0 0 : 0 0 : 0 0 : 0 0 : 0 0 : 0 0 : 0 0 : 0 0 : 0 0 : 0 0 : 0 0 : 0 0 : 0 0 : 0 0 : 0 0 : 0 0 : 0 0 : 6 0 : 0 0 : 0 0 : 0 0 : 0 0 : 0 0 : 0 0 : 0 0 : 0 0 : 0 0 : 0 0 : 0 0 ]
[158.773s][info][gc       ] [DEOPTSTATS 2 : 0 0 : 0 0 : 0 0 : 0 0 : 0 0 : 0 0 : 0 15 : 0 0 : 0 0 : 0 0 : 0 0 : 0 0 : 0 0 : 0 0 : 0 0 : 0 0 : 0 0 : 0 0 : 0 0 : 0 0 : 0 0 : 0 0 : 0 0 : 0 0 : 0 0 : 0 0 : 0 0 : 0 0 : 0 0 : 0 0 : 4 0 : 0 0 : 0 0 : 0 0 : 0 1 : 0 0 : 0 0 : 0 0 : 0 0 : 0 3 : 0 0 : 0 0 ]
[158.773s][info][gc       ] [CCF 0 0 0 0 33 230912: 3091968 : 380 196608 : 3 49152 : 317 311808 :  525 648192 : 121 422400 : 0 0 : 15 1228800 : 1 2048]
[158.773s][info][gc       ] [VMAC 65530 166 24 435 625 : 158.773045 ]
[158.777s][info][safepoint] Application time: 0.0072202 seconds
[158.777s][info][safepoint] Total time for which application threads were stopped: 0.0001443 seconds, Stopping threads took: 0.0000006 seconds
[158.777s][info][gc       ] [SPS 0.000 0.002 0.003 0.007 0.001 0.001 0.000 0.119 0.017 0.144 NewGC_pause1 158.776976 ]
[158.926s][info][safepoint] Application time: 0.1486693 seconds
[158.926s][info][safepoint] Total time for which application threads were stopped: 0.0000775 seconds, Stopping threads took: 0.0000006 seconds
[158.926s][info][gc       ] [SPS 0.000 0.001 0.000 0.008 0.001 0.001 0.000 0.048 0.019 0.078 NewGC_pause2 158.925723 ]
[158.927s][info][safepoint] Application time: 0.0013838 seconds
[158.928s][info][safepoint] Total time for which application threads were stopped: 0.0000683 seconds, Stopping threads took: 0.0000006 seconds
[158.928s][info][gc       ] [SPS 0.000 0.001 0.000 0.008 0.001 0.001 0.000 0.044 0.015 0.068 NewGC_pause3 158.927175 ]
[158.941s][info][safepoint] Application time: 0.0141032 seconds
[158.942s][info][safepoint] Total time for which application threads were stopped: 0.0000968 seconds, Stopping threads took: 0.0000005 seconds
[158.942s][info][gc       ] [SPS 0.000 0.004 0.009 0.008 0.000 0.001 0.000 0.068 0.019 0.097 NewGC_pause4 158.941375 ]
[159.013s][info][gc       ] [GC New Max 544-509 : 5120 3500 2682 5120 - - 1057 56 2 2 - : 686 1780 32 184 1756 : 725 4 1028 1028 0 : 126 0 229 0 343 - 0 : 0.008444 2842.2 0.0 0.237925 2824.4 0.0 : 8 --c 0000 : 23 0 0.000 0.000 0 0.000 0.000 0 0.000 0.000 : 158.774924 158.776831 0.000121 158.925645 0.000051 158.927107 0.000048 158.941278 0.000072 : 159.012849 ]
[159.013s][info][gc       ] [SYSINFO 7335 227 63 0 6780 0 30 0 0 5703 : - - - - - - - - : 0 7168 : 2.77 2.95 2.11 : 292739 4278024 : 0 0 : 34 0 : 3877 2 0 261 : - 7414575104 682364928 1203740672 5905219584 238166016 67043328 : 140073237 30279210 745200 0 0 0 : 159.013114 ]
[159.013s][info][gc       ] [HUGEPAGESTAT 0 0 0 - 110774 0 0 : 393216 0 0 : 159.013114 ]
[159.013s][info][gc       ] [OBJCREAT 496682569 25748 25530368 : 159.013168 ]
[159.013s][info][gc       ] [HMSV All : 0 0 150 0 0 0 0 0 : 5000 0 0 0 : 159.013187 ]
[159.013s][info][gc       ] [HMSP 9 : 41100 0 : 159.013187 ]
[159.014s][info][gc       ] [VMAC 65530 166 24 435 625 : 159.013724 ]
[159.151s][info][gc       ] [GPGC-H  3736.9 498.1 0.1 0.0 : 6.9 : 0.405 0.764 : 0.575 0.607 0.636 1.294 : 2.836 0.726 0.845 0.476 1.717 0.399 : 0.000 : 99.675 : 1200 1780 32 0 : 2275 : 4608 4424 : 159.151045 : 9 Next_heuristic_check_may_be_too_late ]
[159.154s][info][safepoint] Application time: 0.2123113 seconds
[159.155s][info][safepoint] Total time for which application threads were stopped: 0.0004476 seconds, Stopping threads took: 0.0000008 seconds
[159.155s][info][gc       ] [SPS 0.000 0.004 0.004 0.010 0.001 0.001 0.001 0.401 0.033 0.447 NewGC_pause1 159.154134 ]
[159.255s][info][safepoint] Application time: 0.1003238 seconds
[159.255s][info][safepoint] Total time for which application threads were stopped: 0.0001589 seconds, Stopping threads took: 0.0000004 seconds
[159.256s][info][gc       ] [SPS 0.000 0.001 0.000 0.006 0.000 0.001 0.000 0.130 0.021 0.159 NewGC_pause2 159.254617 ]
[159.257s][info][safepoint] Application time: 0.0019719 seconds
[159.257s][info][safepoint] Total time for which application threads were stopped: 0.0000567 seconds, Stopping threads took: 0.0000004 seconds
[159.257s][info][gc       ] [SPS 0.000 0.000 0.000 0.006 0.000 0.001 0.000 0.035 0.014 0.057 NewGC_pause3 159.256646 ]
[159.259s][info][safepoint] Application time: 0.0023988 seconds
[159.259s][info][safepoint] Total time for which application threads were stopped: 0.0000721 seconds, Stopping threads took: 0.0000004 seconds
[159.260s][info][gc       ] [SPS 0.000 0.003 0.005 0.006 0.000 0.001 0.000 0.046 0.018 0.072 NewGC_pause4 159.259117 ]
[159.269s][info][gc       ] [GC New Max 545-510 : 5120 3528 2378 5120 - - 1057 56 2 2 - : 364 1798 32 184 1532 : 341 4 1189 1189 0 : 9 1 162 0 182 - 0 : 0.138637 3721.9 0.0 0.116720 3152.9 0.0 : 8 --c 0000 : 23 0 0.000 0.000 0 0.000 0.000 0 0.000 0.000 : 159.151486 159.153687 0.000328 159.254458 0.000093 159.256589 0.000039 159.259045 0.000049 : 159.268206 ]
[159.269s][info][gc       ] [SYSINFO 7335 227 63 0 6780 0 30 0 0 5703 : - - - - - - - - : 0 7168 : 2.77 2.95 2.11 : 292739 4278024 : 0 0 : 34 0 : 3877 2 0 261 : - 7414575104 682364928 1203740672 5905219584 238166016 67043328 : 140073237 30280180 745210 0 0 0 : 159.268518 ]
[159.269s][info][gc       ] [HUGEPAGESTAT 0 0 0 - 110774 0 0 : 393216 0 0 : 159.268518 ]
[159.269s][info][gc       ] [OBJCREAT 497556277 25748 25548800 : 159.268566 ]
[159.269s][info][gc       ] [HMSV All : 0 0 150 0 0 0 0 0 : 5000 0 0 0 : 159.268583 ]
[159.269s][info][gc       ] [HMSP 9 : 41100 0 : 159.268583 ]
[159.269s][info][gc       ] [VMAC 65530 166 24 435 625 : 159.269085 ]
[159.428s][info][gc       ] [GPGC-H  3736.9 498.1 0.1 0.0 : 6.9 : 0.404 0.764 : 0.575 0.607 0.636 1.294 : 2.834 0.726 0.845 0.476 1.717 0.399 : 0.000 : 99.516 : 998 1798 32 0 : 2275 : 4608 4424 : 159.428064 : 9 Next_heuristic_check_may_be_too_late ]
[159.431s][info][safepoint] Application time: 0.1716073 seconds
[159.431s][info][safepoint] Total time for which application threads were stopped: 0.0003257 seconds, Stopping threads took: 0.0000004 seconds
[159.432s][info][gc       ] [SPS 0.000 0.003 0.003 0.006 0.000 0.001 0.000 0.296 0.037 0.341 NewGC_pause1 159.431065 ]
[159.486s][info][safepoint] Application time: 0.0545279 seconds
[159.486s][info][safepoint] Total time for which application threads were stopped: 0.0002103 seconds, Stopping threads took: 0.0000004 seconds
[159.487s][info][gc       ] [SPS 0.000 0.001 0.000 0.006 0.000 0.001 0.006 0.171 0.028 0.212 NewGC_pause2 159.485790 ]
[159.488s][info][safepoint] Application time: 0.0021355 seconds
[159.488s][info][safepoint] Total time for which application threads were stopped: 0.0000618 seconds, Stopping threads took: 0.0000004 seconds
[159.489s][info][gc       ] [SPS 0.000 0.000 0.000 0.007 0.000 0.001 0.000 0.040 0.014 0.062 NewGC_pause3 159.487986 ]
[159.489s][info][safepoint] Application time: 0.0012190 seconds
[159.489s][info][safepoint] Total time for which application threads were stopped: 0.0000625 seconds, Stopping threads took: 0.0000005 seconds
[159.490s][info][gc       ] [SPS 0.000 0.002 0.002 0.006 0.000 0.001 0.000 0.041 0.014 0.062 NewGC_pause4 159.489267 ]
[159.490s][info][gc       ] [GC New Max 546-511 : 5120 3186 2184 5120 - - 1057 56 2 2 - : 170 1798 32 184 1172 : 166 4 1005 1005 0 : 0 1 83 0 85 - 0 : 0.160432 3964.3 0.0 0.060993 2852.8 0.0 : 8 --c 0000 : 23 0 0.000 0.000 0 0.000 0.000 0 0.000 0.000 : 159.428638 159.430724 0.000266 159.485578 0.000120 159.487924 0.000045 159.489205 0.000045 : 159.489630 ]
[159.490s][info][gc       ] [SYSINFO 7335 227 63 0 6780 0 30 0 0 5703 : - - - - - - - - : 0 7168 : 2.77 2.95 2.11 : 292739 4278024 : 0 0 : 34 0 : 3877 2 0 261 : - 7414575104 682364928 1203740672 5905219584 238166016 67043328 : 140073237 30280790 745250 0 0 0 : 159.489850 ]
[159.490s][info][gc       ] [HUGEPAGESTAT 0 0 0 - 110774 0 0 : 393216 0 0 : 159.489850 ]
[159.490s][info][gc       ] [OBJCREAT 498360091 25748 25548800 : 159.489894 ]
[159.490s][info][gc       ] [HMSV All : 0 0 150 0 0 0 0 0 : 5000 0 0 0 : 159.489911 ]
[159.490s][info][gc       ] [HMSP 9 : 41100 0 : 159.489911 ]
[159.490s][info][gc       ] [VMAC 65530 166 24 435 625 : 159.490372 ]
[159.651s][info][gc       ] [GPGC-H  3736.9 797.7 0.1 0.0 : 6.8 : 0.403 0.764 : 0.575 0.607 0.636 1.294 : 2.832 0.726 0.845 0.476 1.717 0.399 : 0.000 : 99.332 : 816 1798 32 0 : 2275 : 4608 4424 : 159.651424 : 8 May_exceed_heap_occupancy_target ]
[159.657s][info][safepoint] Application time: 0.1668330 seconds
[159.657s][info][safepoint] Total time for which application threads were stopped: 0.0004157 seconds, Stopping threads took: 0.0000004 seconds
[159.657s][info][gc       ] [SPS 0.000 0.001 0.004 0.006 0.000 0.001 0.000 0.388 0.020 0.416 NewGC_pause1 159.656516 ]
[159.716s][info][safepoint] Application time: 0.0596312 seconds
[159.717s][info][safepoint] Total time for which application threads were stopped: 0.0001408 seconds, Stopping threads took: 0.0000005 seconds
[159.717s][info][gc       ] [SPS 0.000 0.002 0.000 0.007 0.000 0.001 0.000 0.110 0.022 0.141 NewGC_pause2 159.716288 ]
[159.718s][info][safepoint] Application time: 0.0012238 seconds
[159.718s][info][safepoint] Total time for which application threads were stopped: 0.0001065 seconds, Stopping threads took: 0.0000005 seconds
[159.718s][info][gc       ] [SPS 0.000 0.001 0.000 0.007 0.000 0.001 0.000 0.085 0.013 0.106 NewGC_pause3 159.717618 ]
[159.719s][info][safepoint] Application time: 0.0012093 seconds
[159.719s][info][safepoint] Total time for which application threads were stopped: 0.0000717 seconds, Stopping threads took: 0.0000005 seconds
[159.719s][info][gc       ] [SPS 0.000 0.097 0.003 0.007 0.000 0.001 0.000 0.048 0.015 0.072 NewGC_pause4 159.718900 ]
[159.720s][info][gc       ] [GC NTO Max 547-512 : 5120 2988 2164 5120 - - 1057 56 2 2 - : 150 1798 32 184 974 : 146 4 826 826 0 : 0 1 73 0 75 - 0 : 0.162350 3991.4 0.0 0.067326 2346.8 0.0 : 8 --c 0000 : 23 0 0.000 0.000 0 0.000 0.000 0 0.000 0.000 : 159.651980 159.656100 0.000314 159.716148 0.000074 159.717512 0.000090 159.718828 0.000052 : 159.719306 ]
[159.720s][info][gc       ] [SYSINFO 7335 227 63 0 6780 0 30 0 0 5703 : - - - - - - - - : 0 7168 : 2.77 2.95 2.11 : 292739 4278024 : 0 0 : 34 0 : 3877 7 0 261 : - 7414710272 682364928 1203875840 5905219584 238166016 67043328 : 140073237 30281700 745330 0 0 0 : 159.719549 ]
[159.720s][info][gc       ] [HUGEPAGESTAT 0 0 0 - 110774 0 0 : 393216 0 0 : 159.719549 ]
[159.720s][info][gc       ] [OBJCREAT 499157788 25748 25548800 : 159.719601 ]
[159.720s][info][gc       ] [HMSV All : 0 0 150 0 0 0 0 0 : 5000 0 0 0 : 159.719620 ]
[159.720s][info][gc       ] [HMSP 9 : 41100 0 : 159.719620 ]
[159.720s][info][gc       ] [VMAC 65530 166 24 435 625 : 159.720087 ]
[159.925s][info][gc       ] [GPGC-H  3736.9 797.7 0.1 0.0 : 6.8 : 0.402 0.764 : 0.575 0.607 0.636 1.294 : 2.827 0.726 0.845 0.476 1.717 0.399 : 0.000 : 99.147 : 852 1798 32 0 : 2275 : 4608 4424 : 159.924508 : 8 May_exceed_heap_occupancy_target ]
[159.928s][info][safepoint] Application time: 0.2089592 seconds
[159.928s][info][safepoint] Total time for which application threads were stopped: 0.0002747 seconds, Stopping threads took: 0.0000005 seconds
[159.929s][info][gc       ] [SPS 0.000 0.190 0.004 0.007 0.000 0.001 0.000 0.240 0.026 0.275 NewGC_pause1 159.928134 ]
[159.987s][info][safepoint] Application time: 0.0588804 seconds
[159.988s][info][safepoint] Total time for which application threads were stopped: 0.0001680 seconds, Stopping threads took: 0.0000005 seconds
[159.988s][info][gc       ] [SPS 0.000 0.002 0.000 0.009 0.001 0.001 0.000 0.130 0.027 0.168 NewGC_pause2 159.987183 ]
[159.989s][info][safepoint] Application time: 0.0013511 seconds
[159.989s][info][safepoint] Total time for which application threads were stopped: 0.0000682 seconds, Stopping threads took: 0.0000005 seconds
[159.989s][info][gc       ] [SPS 0.000 0.001 0.000 0.008 0.001 0.001 0.000 0.043 0.015 0.068 NewGC_pause3 159.988602 ]
[159.990s][info][safepoint] Application time: 0.0013385 seconds
[159.990s][info][safepoint] Total time for which application threads were stopped: 0.0000817 seconds, Stopping threads took: 0.0000006 seconds
[159.990s][info][gc       ] [SPS 0.000 0.064 0.004 0.008 0.001 0.001 0.000 0.055 0.018 0.082 NewGC_pause4 159.990022 ]
[159.991s][info][gc       ] [GC New Max 549-513 : 5120 3028 2172 5120 - - 1057 56 2 2 - : 158 1798 32 184 1014 : 152 4 860 860 0 : 0 1 76 0 79 - 0 : 0.205849 3420.0 0.0 0.065313 2511.0 0.0 : 8 --c 0000 : 23 0 0.000 0.000 0 0.000 0.000 0 0.000 0.000 : 159.925155 159.927859 0.000243 159.987015 0.000060 159.988534 0.000049 159.989941 0.000057 : 159.990468 ]
[159.991s][info][gc       ] [SYSINFO 7335 227 63 0 6780 0 30 0 0 5703 : - - - - - - - - : 0 7168 : 2.77 2.95 2.11 : 292739 4278024 : 0 0 : 34 0 : 3877 6 0 261 : - 7414710272 682364928 1203875840 5905219584 238166016 67043328 : 140073237 30283450 745330 0 0 0 : 159.990727 ]
[159.991s][info][gc       ] [HUGEPAGESTAT 0 0 0 - 110774 0 0 : 393216 0 0 : 159.990727 ]
[159.991s][info][gc       ] [OBJCREAT 500014604 25748 25548800 : 159.990778 ]
[159.991s][info][gc       ] [HMSV All : 0 0 150 0 0 0 0 0 : 5000 0 0 0 : 159.990801 ]
[159.991s][info][gc       ] [HMSP 9 : 41100 0 : 159.990801 ]
[159.991s][info][gc       ] [VMAC 65530 166 24 435 625 : 159.991316 ]
[160.097s][info][safepoint] Application time: 0.1056308 seconds
[160.097s][info][safepoint] Total time for which application threads were stopped: 0.0012337 seconds, Stopping threads took: 0.0000007 seconds
[160.098s][info][gc       ] [SPS 0.000 0.002 0.000 0.034 0.001 0.001 0.000 1.164 0.033 1.234 OldGC_pause2 160.096887 ]
[160.103s][info][safepoint] Application time: 0.0065190 seconds
[160.104s][info][safepoint] Total time for which application threads were stopped: 0.0000541 seconds, Stopping threads took: 0.0000004 seconds
[160.104s][info][gc       ] [SPS 0.000 0.000 0.000 0.006 0.000 0.001 0.000 0.035 0.012 0.054 OldGC_pause3 160.103460 ]
[160.107s][info][safepoint] Application time: 0.0038268 seconds
[160.108s][info][safepoint] Total time for which application threads were stopped: 0.0000575 seconds, Stopping threads took: 0.0000004 seconds
[160.108s][info][gc       ] [SPS 0.000 0.002 0.002 0.006 0.000 0.001 0.000 0.037 0.014 0.058 OldGC_pause4 160.107344 ]
[160.109s][info][gc       ] [GC Old Max 548-36 : 5120 3528 2588 5120 - - 1057 56 2 2 - : 586 1784 34 184 1848 : 1800 17 0 0 0 : 0 11 0 2 854 - 55 : 0.881660 269.9 0.0 0.455231 0.0 0.0 : 4 --c 0000 : 23   -    -    -    -    -    -    -    -    -  : 159.653889 159.656100 0.000314 160.095653 0.001117 160.103406 0.000038 160.107287 0.000040 : 160.109120 ]
[160.109s][info][gc       ] [SYSINFO 7335 227 63 0 6780 0 30 0 0 5703 : - - - - - - - - : 0 7168 : 2.77 2.95 2.11 : 292739 4278024 : 0 0 : 34 0 : 3877 2 0 261 : - 7414710272 682364928 1203875840 5905219584 238166016 67043328 : 140073237 30284000 745330 0 0 0 : 160.109366 ]
[160.109s][info][gc       ] [HUGEPAGESTAT 0 0 0 - 110774 0 0 : 393216 0 0 : 160.109366 ]
[160.109s][info][gc       ] [OBJCREAT 500438802 25748 25548800 : 160.109410 ]
[160.109s][info][gc       ] [HMSV All : 0 0 150 0 0 0 0 0 : 5000 0 0 0 : 160.109425 ]
[160.109s][info][gc       ] [HMSP 9 : 41100 0 : 160.109425 ]
[160.109s][info][gc       ] [COMPSTATS 1 : 5 0 : 1 0 : 0 0 : 531 5 0 0 0 0 : 0 0 0 0 0 0 : 146 147 12 : 536 0 0 0 0 0 0 : 536 0 0 0 0 0 0 ]
[160.109s][info][gc       ] [COMPSTATS 2 : 5 0 : 1 0 : 0 0 : 132 11 0 0 0 0 : 0 0 0 0 0 0 : 52677 52713 7789 : 77 42 24 0 0 0 0 : 39 84 14 5 1 0 0 ]
[160.109s][info][gc       ] [DEOPTSTATS 1 : 0 0 : 0 0 : 0 0 : 0 0 : 0 11 : 0 0 : 0 0 : 0 0 : 0 0 : 0 0 : 0 0 : 0 0 : 0 0 : 0 0 : 0 0 : 0 0 : 0 0 : 0 0 : 0 0 : 0 0 : 0 0 : 0 0 : 0 0 : 0 0 : 0 0 : 0 0 : 0 0 : 0 0 : 0 0 : 0 0 : 6 0 : 0 0 : 0 0 : 0 0 : 0 0 : 0 0 : 0 0 : 0 0 : 0 0 : 0 0 : 0 0 : 0 0 ]
[160.109s][info][gc       ] [DEOPTSTATS 2 : 0 0 : 0 0 : 0 0 : 0 0 : 0 0 : 0 0 : 0 15 : 0 0 : 0 0 : 0 0 : 0 0 : 0 0 : 0 0 : 0 0 : 0 0 : 0 0 : 0 0 : 0 0 : 0 0 : 0 0 : 0 0 : 0 0 : 0 0 : 0 0 : 0 0 : 0 0 : 0 0 : 0 0 : 0 0 : 0 0 : 4 0 : 0 0 : 0 0 : 0 0 : 0 1 : 0 0 : 0 0 : 0 0 : 0 0 : 0 3 : 0 0 : 0 0 ]
[160.110s][info][gc       ] [VMAC 65530 166 24 435 625 : 160.109823 ]
[160.110s][info][gc       ] [CCF 0 0 0 0 33 230912: 3091968 : 380 196608 : 3 49152 : 317 311808 :  525 648192 : 121 422400 : 0 0 : 15 1228800 : 1 2048]
[160.169s][info][gc       ] [GPGC-H  3736.9 797.7 0.1 0.0 : 6.8 : 0.401 0.759 : 0.575 0.613 0.636 1.294 : 2.821 0.726 0.845 0.476 1.717 0.399 : 0.000 : 98.912 : 822 1784 34 0 : 2275 : 4608 4424 : 160.169061 : 9 Next_heuristic_check_may_be_too_late ]
[160.171s][info][safepoint] Application time: 0.0636592 seconds
[160.172s][info][safepoint] Total time for which application threads were stopped: 0.0003390 seconds, Stopping threads took: 0.0000004 seconds
[160.172s][info][gc       ] [SPS 0.000 0.002 0.002 0.006 0.000 0.001 0.000 0.313 0.031 0.351 NewGC_pause1 160.171355 ]
[160.218s][info][safepoint] Application time: 0.0465056 seconds
[160.219s][info][safepoint] Total time for which application threads were stopped: 0.0001477 seconds, Stopping threads took: 0.0000004 seconds
[160.219s][info][gc       ] [SPS 0.000 0.001 0.000 0.006 0.000 0.001 0.000 0.120 0.020 0.148 NewGC_pause2 160.217996 ]
[160.220s][info][safepoint] Application time: 0.0020338 seconds
[160.220s][info][safepoint] Total time for which application threads were stopped: 0.0000641 seconds, Stopping threads took: 0.0000004 seconds
[160.221s][info][gc       ] [SPS 0.000 0.000 0.000 0.006 0.000 0.001 0.000 0.044 0.013 0.064 NewGC_pause3 160.220094 ]
[160.221s][info][safepoint] Application time: 0.0011622 seconds
[160.221s][info][safepoint] Total time for which application threads were stopped: 0.0000611 seconds, Stopping threads took: 0.0000005 seconds
[160.222s][info][gc       ] [SPS 0.000 0.002 0.001 0.006 0.000 0.001 0.000 0.040 0.014 0.061 NewGC_pause4 160.221318 ]
[160.222s][info][gc       ] [GC New Max 550-514 : 5120 2958 2136 5120 - - 1057 56 2 2 - : 134 1784 34 184 956 : 130 4 826 826 0 : 0 1 65 0 67 - 0 : 0.178985 3721.0 0.0 0.052243 2603.2 0.0 : 8 --c 0000 : 23 0 0.000 0.000 0 0.000 0.000 0 0.000 0.000 : 160.169453 160.171004 0.000237 160.217849 0.000064 160.220030 0.000047 160.221256 0.000044 : 160.221696 ]
[160.222s][info][gc       ] [SYSINFO 7335 227 63 0 6780 0 30 0 0 5703 : - - - - - - - - : 0 7168 : 2.77 2.95 2.11 : 292739 4278024 : 0 0 : 34 0 : 3877 2 0 261 : - 7414710272 682364928 1203875840 5905219584 238166016 67043328 : 140073237 30284440 745370 0 0 0 : 160.221971 ]
[160.222s][info][gc       ] [HUGEPAGESTAT 0 0 0 - 110774 0 0 : 393216 0 0 : 160.221971 ]
[160.222s][info][gc       ] [OBJCREAT 500808026 25748 25548800 : 160.222014 ]
[160.222s][info][gc       ] [HMSV All : 0 0 150 0 0 0 0 0 : 5000 0 0 0 : 160.222028 ]
[160.222s][info][gc       ] [HMSP 9 : 41100 0 : 160.222028 ]
[160.222s][info][gc       ] [VMAC 65530 166 24 435 625 : 160.222449 ]
[160.401s][info][gc       ] [GPGC-H  3736.9 797.7 0.1 0.0 : 6.8 : 0.400 0.759 : 0.575 0.613 0.636 1.294 : 2.814 0.726 0.845 0.476 1.717 0.399 : 0.000 : 98.708 : 794 1784 34 0 : 2275 : 4608 4424 : 160.401202 : 9 Next_heuristic_check_may_be_too_late ]
[160.404s][info][safepoint] Application time: 0.1821739 seconds
[160.404s][info][safepoint] Total time for which application threads were stopped: 0.0001842 seconds, Stopping threads took: 0.0000004 seconds
[160.404s][info][gc       ] [SPS 0.000 0.003 0.002 0.006 0.000 0.001 0.000 0.153 0.024 0.184 NewGC_pause1 160.403676 ]
[160.452s][info][safepoint] Application time: 0.0481389 seconds
[160.453s][info][safepoint] Total time for which application threads were stopped: 0.0001543 seconds, Stopping threads took: 0.0000005 seconds
[160.453s][info][gc       ] [SPS 0.000 0.001 0.000 0.007 0.000 0.001 0.001 0.123 0.023 0.155 NewGC_pause2 160.451970 ]
[160.454s][info][safepoint] Application time: 0.0022426 seconds
[160.454s][info][safepoint] Total time for which application threads were stopped: 0.0001011 seconds, Stopping threads took: 0.0000005 seconds
[160.455s][info][gc       ] [SPS 0.000 0.001 0.000 0.007 0.000 0.001 0.000 0.077 0.015 0.101 NewGC_pause3 160.454313 ]
[160.456s][info][safepoint] Application time: 0.0011896 seconds
[160.456s][info][safepoint] Total time for which application threads were stopped: 0.0000928 seconds, Stopping threads took: 0.0000005 seconds
[160.456s][info][gc       ] [SPS 0.000 0.003 0.002 0.007 0.000 0.001 0.000 0.066 0.019 0.093 NewGC_pause4 160.455596 ]
[160.456s][info][gc       ] [GC New Max 551-515 : 5120 2970 2174 5120 - - 1057 56 2 2 - : 170 1784 36 184 966 : 166 4 799 799 0 : 0 1 83 0 85 - 0 : 0.179848 3680.9 0.0 0.054459 3158.3 36.7 : 8 --c 0000 : 23 0 0.000 0.000 0 0.000 0.000 0 0.000 0.000 : 160.401543 160.403492 0.000119 160.451815 0.000075 160.454212 0.000055 160.455503 0.000068 : 160.456002 ]
[160.456s][info][gc       ] [SYSINFO 7335 227 63 0 6780 0 30 0 0 5703 : - - - - - - - - : 0 7168 : 2.77 2.95 2.11 : 292739 4278024 : 0 0 : 34 0 : 3877 2 0 261 : - 7414710272 682364928 1203875840 5905219584 238166016 67043328 : 140073237 30285010 745410 0 0 0 : 160.456261 ]
[160.456s][info][gc       ] [HUGEPAGESTAT 0 0 0 - 110774 0 0 : 393216 0 0 : 160.456261 ]
[160.456s][info][gc       ] [OBJCREAT 501634027 25748 25548800 : 160.456307 ]
[160.456s][info][gc       ] [HMSV All : 0 0 150 0 0 0 0 0 : 5000 0 0 0 : 160.456322 ]
[160.456s][info][gc       ] [HMSP 9 : 41100 0 : 160.456322 ]
[160.457s][info][gc       ] [VMAC 65530 166 24 435 625 : 160.456741 ]
[160.615s][info][gc       ] [GPGC-H  3736.9 797.7 0.1 0.0 : 6.8 : 0.399 0.759 : 0.575 0.613 0.636 1.294 : 2.807 0.726 0.845 0.476 1.717 0.399 : 0.000 : 98.504 : 782 1784 36 0 : 2275 : 4608 4424 : 160.615130 : 9 Next_heuristic_check_may_be_too_late ]
[160.618s][info][safepoint] Application time: 0.1618454 seconds
[160.618s][info][safepoint] Total time for which application threads were stopped: 0.0003836 seconds, Stopping threads took: 0.0000004 seconds
[160.619s][info][gc       ] [SPS 0.000 0.003 0.002 0.006 0.000 0.001 0.000 0.356 0.020 0.384 NewGC_pause1 160.617825 ]
[160.668s][info][safepoint] Application time: 0.0498154 seconds
[160.668s][info][safepoint] Total time for which application threads were stopped: 0.0001418 seconds, Stopping threads took: 0.0000004 seconds
[160.669s][info][gc       ] [SPS 0.000 0.001 0.000 0.006 0.000 0.001 0.000 0.116 0.019 0.142 NewGC_pause2 160.667782 ]
[160.669s][info][safepoint] Application time: 0.0015510 seconds
[160.670s][info][safepoint] Total time for which application threads were stopped: 0.0000528 seconds, Stopping threads took: 0.0000004 seconds
[160.670s][info][gc       ] [SPS 0.000 0.001 0.000 0.006 0.000 0.001 0.000 0.034 0.012 0.053 NewGC_pause3 160.669386 ]
[160.671s][info][safepoint] Application time: 0.0011618 seconds
[160.671s][info][safepoint] Total time for which application threads were stopped: 0.0000610 seconds, Stopping threads took: 0.0000004 seconds
[160.671s][info][gc       ] [SPS 0.000 0.002 0.002 0.005 0.000 0.001 0.000 0.040 0.014 0.061 NewGC_pause4 160.670609 ]
[160.671s][info][gc       ] [GC New Max 552-516 : 5120 2960 2176 5120 - - 1057 56 2 2 - : 172 1784 36 184 954 : 168 4 786 786 0 : 0 1 84 0 86 - 0 : 0.159750 3843.5 0.0 0.055200 3152.2 0.0 : 8 --c 0000 : 23 0 0.000 0.000 0 0.000 0.000 0 0.000 0.000 : 160.615753 160.617441 0.000279 160.667641 0.000084 160.669333 0.000037 160.670548 0.000042 : 160.670952 ]
[160.671s][info][gc       ] [SYSINFO 7335 227 63 0 6780 0 30 0 0 5703 : - - - - - - - - : 0 7168 : 2.77 2.95 2.11 : 292739 4278024 : 0 0 : 34 0 : 3877 2 0 261 : - 7414710272 682364928 1203875840 5905219584 238166016 67043328 : 140073237 30285540 745430 0 0 0 : 160.671177 ]
[160.671s][info][gc       ] [HUGEPAGESTAT 0 0 0 - 110774 0 0 : 393216 0 0 : 160.671177 ]
[160.671s][info][gc       ] [OBJCREAT 502411516 25748 25548800 : 160.671234 ]
[160.671s][info][gc       ] [HMSV All : 0 0 150 0 0 0 0 0 : 5000 0 0 0 : 160.671252 ]
[160.671s][info][gc       ] [HMSP 9 : 41100 0 : 160.671252 ]
[160.672s][info][gc       ] [VMAC 65530 166 24 435 625 : 160.671605 ]
[160.833s][info][gc       ] [GPGC-H  3736.9 797.7 0.1 0.0 : 6.8 : 0.398 0.759 : 0.575 0.613 0.636 1.294 : 2.801 0.726 0.845 0.476 1.717 0.399 : 0.000 : 98.324 : 818 1784 36 0 : 2275 : 4608 4424 : 160.833228 : 9 Next_heuristic_check_may_be_too_late ]
[160.836s][info][safepoint] Application time: 0.1647877 seconds
[160.836s][info][safepoint] Total time for which application threads were stopped: 0.0004571 seconds, Stopping threads took: 0.0000004 seconds
[160.836s][info][gc       ] [SPS 0.000 0.003 0.002 0.005 0.000 0.001 0.000 0.433 0.017 0.457 NewGC_pause1 160.835854 ]
[160.884s][info][safepoint] Application time: 0.0483926 seconds
[160.885s][info][safepoint] Total time for which application threads were stopped: 0.0001364 seconds, Stopping threads took: 0.0000004 seconds
[160.885s][info][gc       ] [SPS 0.000 0.001 0.000 0.006 0.000 0.001 0.000 0.111 0.018 0.136 NewGC_pause2 160.884383 ]
[160.886s][info][safepoint] Application time: 0.0016895 seconds
[160.886s][info][safepoint] Total time for which application threads were stopped: 0.0000521 seconds, Stopping threads took: 0.0000004 seconds
[160.887s][info][gc       ] [SPS 0.000 0.000 0.000 0.006 0.000 0.001 0.000 0.033 0.012 0.052 NewGC_pause3 160.886125 ]
[160.887s][info][safepoint] Application time: 0.0011774 seconds
[160.887s][info][safepoint] Total time for which application threads were stopped: 0.0000573 seconds, Stopping threads took: 0.0000004 seconds
[160.888s][info][gc       ] [SPS 0.000 0.002 0.002 0.006 0.000 0.001 0.000 0.038 0.013 0.057 NewGC_pause4 160.887359 ]
[160.888s][info][gc       ] [GC New Max 553-517 : 5120 3000 2178 5120 - - 1057 56 2 2 - : 174 1784 36 184 996 : 170 4 824 824 0 : 0 1 85 0 87 - 0 : 0.162783 3980.8 0.0 0.054005 3296.0 0.0 : 8 --c 0000 : 23 0 0.000 0.000 0 0.000 0.000 0 0.000 0.000 : 160.833735 160.835397 0.000307 160.884247 0.000083 160.886073 0.000036 160.887302 0.000041 : 160.887740 ]
[160.888s][info][gc       ] [SYSINFO 7335 227 63 0 6780 0 30 0 0 5703 : - - - - - - - - : 0 7168 : 2.77 2.95 2.11 : 292739 4278024 : 0 0 : 34 0 : 3877 2 0 261 : - 7414710272 682364928 1203875840 5905219584 238166016 67043328 : 140073237 30286010 745430 0 0 0 : 160.887961 ]
[160.888s][info][gc       ] [HUGEPAGESTAT 0 0 0 - 110774 0 0 : 393216 0 0 : 160.887961 ]
[160.888s][info][gc       ] [OBJCREAT 503230754 25748 25548800 : 160.888000 ]
[160.888s][info][gc       ] [HMSV All : 0 0 150 0 0 0 0 0 : 5000 0 0 0 : 160.888016 ]
[160.888s][info][gc       ] [HMSP 9 : 41100 0 : 160.888016 ]
[160.888s][info][gc       ] [VMAC 65530 166 24 435 625 : 160.888395 ]
[161.050s][info][gc       ] [GPGC-H  3730.0 797.7 0.1 0.0 : 6.8 : 0.398 0.759 : 0.575 0.613 0.636 1.294 : 2.795 0.726 0.845 0.476 1.717 0.399 : 0.000 : 98.140 : 806 1784 36 0 : 2275 : 4608 4424 : 161.050175 : 9 Next_heuristic_check_may_be_too_late ]
[161.053s][info][safepoint] Application time: 0.1650440 seconds
[161.053s][info][safepoint] Total time for which application threads were stopped: 0.0003261 seconds, Stopping threads took: 0.0000004 seconds
[161.053s][info][gc       ] [SPS 0.000 0.003 0.002 0.006 0.000 0.001 0.000 0.283 0.036 0.326 NewGC_pause1 161.052730 ]
[161.101s][info][safepoint] Application time: 0.0479492 seconds
[161.101s][info][safepoint] Total time for which application threads were stopped: 0.0001601 seconds, Stopping threads took: 0.0000004 seconds
[161.102s][info][gc       ] [SPS 0.000 0.001 0.000 0.006 0.000 0.001 0.000 0.133 0.020 0.160 NewGC_pause2 161.100839 ]
[161.103s][info][safepoint] Application time: 0.0019479 seconds
[161.103s][info][safepoint] Total time for which application threads were stopped: 0.0000533 seconds, Stopping threads took: 0.0000004 seconds
[161.103s][info][gc       ] [SPS 0.000 0.000 0.000 0.006 0.000 0.001 0.000 0.033 0.013 0.053 NewGC_pause3 161.102841 ]
[161.104s][info][safepoint] Application time: 0.0011234 seconds
[161.104s][info][safepoint] Total time for which application threads were stopped: 0.0000623 seconds, Stopping threads took: 0.0000004 seconds
[161.104s][info][gc       ] [SPS 0.000 0.002 0.002 0.006 0.000 0.001 0.000 0.040 0.015 0.062 NewGC_pause4 161.104027 ]
[161.105s][info][gc       ] [GC New Max 554-518 : 5120 2986 2178 5120 - - 1057 56 2 2 - : 174 1784 36 184 982 : 168 4 812 812 0 : 0 1 84 0 87 - 0 : 0.162953 3890.7 0.0 0.053745 3311.9 0.0 : 8 --c 0000 : 23 0 0.000 0.000 0 0.000 0.000 0 0.000 0.000 : 161.050693 161.052404 0.000244 161.100679 0.000095 161.102787 0.000036 161.103964 0.000043 : 161.104438 ]
[161.105s][info][gc       ] [SYSINFO 7335 227 63 0 6780 0 30 0 0 5703 : - - - - - - - - : 0 7168 : 2.77 2.95 2.11 : 292739 4278024 : 0 0 : 34 0 : 3877 2 0 261 : - 7414710272 682364928 1203875840 5905219584 238166016 67043328 : 140073237 30286570 745460 0 0 0 : 161.104687 ]
[161.105s][info][gc       ] [HUGEPAGESTAT 0 0 0 - 110774 0 0 : 393216 0 0 : 161.104687 ]
[161.105s][info][gc       ] [OBJCREAT 504032204 25748 25548800 : 161.104728 ]
[161.105s][info][gc       ] [HMSV All : 0 0 150 0 0 0 0 0 : 5000 0 0 0 : 161.104742 ]
[161.105s][info][gc       ] [HMSP 9 : 41100 0 : 161.104742 ]
[161.105s][info][gc       ] [VMAC 65530 166 24 435 625 : 161.105104 ]
[161.284s][info][gc       ] [GPGC-H  3730.0 797.7 0.1 0.0 : 6.8 : 0.397 0.759 : 0.575 0.613 0.636 1.294 : 2.789 0.726 0.845 0.476 1.717 0.399 : 0.000 : 97.957 : 840 1784 36 0 : 2275 : 4608 4424 : 161.284372 : 9 Next_heuristic_check_may_be_too_late ]
[161.287s][info][safepoint] Application time: 0.1828123 seconds
[161.288s][info][safepoint] Total time for which application threads were stopped: 0.0003547 seconds, Stopping threads took: 0.0000005 seconds
[161.288s][info][gc       ] [SPS 0.000 0.003 0.003 0.006 0.000 0.001 0.000 0.319 0.027 0.354 NewGC_pause1 161.287194 ]
[161.336s][info][safepoint] Application time: 0.0489184 seconds
[161.337s][info][safepoint] Total time for which application threads were stopped: 0.0001372 seconds, Stopping threads took: 0.0000004 seconds
[161.337s][info][gc       ] [SPS 0.000 0.001 0.000 0.006 0.000 0.001 0.000 0.112 0.019 0.138 NewGC_pause2 161.336250 ]
[161.338s][info][safepoint] Application time: 0.0015174 seconds
[161.338s][info][safepoint] Total time for which application threads were stopped: 0.0000519 seconds, Stopping threads took: 0.0000004 seconds
[161.338s][info][gc       ] [SPS 0.000 0.000 0.000 0.006 0.000 0.001 0.000 0.033 0.012 0.052 NewGC_pause3 161.337819 ]
[161.339s][info][safepoint] Application time: 0.0012246 seconds
[161.339s][info][safepoint] Total time for which application threads were stopped: 0.0000619 seconds, Stopping threads took: 0.0000004 seconds
[161.340s][info][gc       ] [SPS 0.000 0.002 0.002 0.005 0.000 0.001 0.000 0.038 0.017 0.062 NewGC_pause4 161.339105 ]
[161.340s][info][gc       ] [GC New Max 555-519 : 5120 3024 2182 5120 - - 1057 56 2 2 - : 178 1784 36 184 1020 : 174 4 847 847 0 : 0 1 87 0 89 - 0 : 0.180517 3700.5 0.0 0.054532 3337.5 0.0 : 8 --c 0000 : 23 0 0.000 0.000 0 0.000 0.000 0 0.000 0.000 : 161.284955 161.286840 0.000237 161.336112 0.000082 161.337767 0.000036 161.339044 0.000042 : 161.339486 ]
[161.340s][info][gc       ] [SYSINFO 7335 227 63 0 6780 0 30 0 0 5703 : - - - - - - - - : 0 7168 : 2.77 2.95 2.11 : 292739 4278024 : 0 0 : 34 0 : 3877 2 0 261 : - 7414710272 682364928 1203875840 5905219584 238166016 67043328 : 140073237 30287110 745490 0 0 0 : 161.339689 ]
[161.340s][info][gc       ] [HUGEPAGESTAT 0 0 0 - 110774 0 0 : 393216 0 0 : 161.339689 ]
[161.340s][info][gc       ] [OBJCREAT 504874190 25748 25548800 : 161.339727 ]
[161.340s][info][gc       ] [HMSV All : 0 0 150 0 0 0 0 0 : 5000 0 0 0 : 161.339741 ]
[161.340s][info][gc       ] [HMSP 9 : 41100 0 : 161.339741 ]
[161.340s][info][gc       ] [VMAC 65530 166 24 435 625 : 161.340090 ]
[161.502s][info][gc       ] [GPGC-H  3730.0 797.7 0.1 0.0 : 6.8 : 0.396 0.759 : 0.575 0.613 0.636 1.294 : 2.782 0.726 0.845 0.476 1.717 0.399 : 0.000 : 97.754 : 804 1784 36 0 : 2275 : 4608 4424 : 161.501692 : 9 Next_heuristic_check_may_be_too_late ]
[161.505s][info][safepoint] Application time: 0.1650649 seconds
[161.505s][info][safepoint] Total time for which application threads were stopped: 0.0004508 seconds, Stopping threads took: 0.0000004 seconds
[161.505s][info][gc       ] [SPS 0.000 0.003 0.003 0.005 0.000 0.001 0.000 0.426 0.018 0.451 NewGC_pause1 161.504622 ]
[161.556s][info][safepoint] Application time: 0.0509444 seconds
[161.556s][info][safepoint] Total time for which application threads were stopped: 0.0001711 seconds, Stopping threads took: 0.0000004 seconds
[161.557s][info][gc       ] [SPS 0.000 0.002 0.000 0.006 0.000 0.001 0.000 0.146 0.018 0.171 NewGC_pause2 161.555737 ]
[161.558s][info][safepoint] Application time: 0.0020674 seconds
[161.558s][info][safepoint] Total time for which application threads were stopped: 0.0000599 seconds, Stopping threads took: 0.0000004 seconds
[161.558s][info][gc       ] [SPS 0.000 0.000 0.000 0.006 0.000 0.001 0.000 0.039 0.014 0.060 NewGC_pause3 161.557864 ]
[161.559s][info][safepoint] Application time: 0.0011849 seconds
[161.559s][info][safepoint] Total time for which application threads were stopped: 0.0000582 seconds, Stopping threads took: 0.0000004 seconds
[161.559s][info][gc       ] [SPS 0.000 0.002 0.002 0.005 0.000 0.001 0.000 0.038 0.013 0.058 NewGC_pause4 161.559107 ]
[161.560s][info][gc       ] [GC New Max 556-520 : 5120 2964 2156 5120 - - 1057 56 2 2 - : 152 1784 36 184 960 : 148 4 810 810 0 : 0 1 74 0 76 - 0 : 0.162653 3861.0 0.0 0.057345 2720.4 0.0 : 8 --c 0000 : 23 0 0.000 0.000 0 0.000 0.000 0 0.000 0.000 : 161.502140 161.504171 0.000315 161.555566 0.000097 161.557804 0.000042 161.559049 0.000041 : 161.559484 ]
[161.560s][info][gc       ] [SYSINFO 7335 227 63 0 6780 0 30 0 0 5703 : - - - - - - - - : 0 7168 : 2.77 2.95 2.11 : 292739 4278024 : 0 0 : 34 0 : 3877 2 0 261 : - 7414710272 682364928 1203875840 5905219584 238166016 67043328 : 140073237 30287580 745530 0 0 0 : 161.559707 ]
[161.560s][info][gc       ] [HUGEPAGESTAT 0 0 0 - 110774 0 0 : 393216 0 0 : 161.559707 ]
[161.560s][info][gc       ] [OBJCREAT 505651529 25748 25548800 : 161.559744 ]
[161.560s][info][gc       ] [HMSV All : 0 0 150 0 0 0 0 0 : 5000 0 0 0 : 161.559759 ]
[161.560s][info][gc       ] [HMSP 9 : 41100 0 : 161.559759 ]
[161.560s][info][gc       ] [VMAC 65530 166 24 435 625 : 161.560110 ]
[161.721s][info][gc       ] [GPGC-H  3730.0 779.4 0.1 0.0 : 6.6 : 0.395 0.759 : 0.575 0.613 0.636 1.294 : 2.776 0.726 0.845 0.476 1.717 0.399 : 0.000 : 97.572 : 786 1784 36 0 : 2275 : 4608 4424 : 161.721312 : 9 Next_heuristic_check_may_be_too_late ]
[161.724s][info][safepoint] Application time: 0.1647777 seconds
[161.725s][info][safepoint] Total time for which application threads were stopped: 0.0004995 seconds, Stopping threads took: 0.0000008 seconds
[161.725s][info][gc       ] [SPS 0.000 0.004 0.003 0.011 0.001 0.001 0.001 0.423 0.063 0.500 NewGC_pause1 161.724385 ]
[161.771s][info][safepoint] Application time: 0.0463333 seconds
[161.771s][info][safepoint] Total time for which application threads were stopped: 0.0001417 seconds, Stopping threads took: 0.0000004 seconds
[161.772s][info][gc       ] [SPS 0.000 0.001 0.000 0.006 0.000 0.001 0.000 0.116 0.019 0.142 NewGC_pause2 161.770861 ]
[161.773s][info][safepoint] Application time: 0.0019776 seconds
[161.773s][info][safepoint] Total time for which application threads were stopped: 0.0000566 seconds, Stopping threads took: 0.0000004 seconds
[161.773s][info][gc       ] [SPS 0.000 0.001 0.000 0.006 0.000 0.001 0.000 0.037 0.012 0.056 NewGC_pause3 161.772894 ]
[161.774s][info][safepoint] Application time: 0.0009655 seconds
[161.774s][info][safepoint] Total time for which application threads were stopped: 0.0000650 seconds, Stopping threads took: 0.0000004 seconds
[161.774s][info][gc       ] [SPS 0.000 0.002 0.002 0.006 0.000 0.001 0.000 0.039 0.019 0.065 NewGC_pause4 161.773925 ]
[161.775s][info][gc       ] [GC New Max 557-521 : 5120 2926 2138 5120 - - 1057 56 2 2 - : 134 1784 36 184 922 : 130 4 792 792 0 : 0 1 65 0 67 - 0 : 0.162331 3917.9 0.0 0.052454 2630.9 0.0 : 8 --c 0000 : 23 0 0.000 0.000 0 0.000 0.000 0 0.000 0.000 : 161.721815 161.723886 0.000311 161.770719 0.000084 161.772838 0.000040 161.773860 0.000042 : 161.774269 ]
[161.775s][info][gc       ] [SYSINFO 7335 227 63 0 6780 0 30 0 0 5703 : - - - - - - - - : 0 7168 : 2.77 2.95 2.11 : 292739 4278024 : 0 0 : 34 0 : 3877 2 0 261 : - 7414710272 682364928 1203875840 5905219584 238166016 67043328 : 140073237 30288070 745600 0 0 0 : 161.774496 ]
[161.775s][info][gc       ] [HUGEPAGESTAT 0 0 0 - 110774 0 0 : 393216 0 0 : 161.774496 ]
[161.775s][info][gc       ] [OBJCREAT 506415529 25748 25548800 : 161.774536 ]
[161.775s][info][gc       ] [HMSV All : 0 0 150 0 0 0 0 0 : 5000 0 0 0 : 161.774550 ]
[161.775s][info][gc       ] [HMSP 9 : 41100 0 : 161.774550 ]
[161.775s][info][gc       ] [VMAC 65530 166 24 435 625 : 161.774967 ]
[161.951s][info][gc       ] [GPGC-H  3730.0 779.4 0.1 0.0 : 6.6 : 0.394 0.759 : 0.575 0.613 0.636 1.294 : 2.769 0.726 0.845 0.476 1.717 0.399 : 0.000 : 97.391 : 828 1784 36 0 : 2275 : 4608 4424 : 161.951281 : 9 Next_heuristic_check_may_be_too_late ]
[161.954s][info][safepoint] Application time: 0.1798131 seconds
[161.954s][info][safepoint] Total time for which application threads were stopped: 0.0002919 seconds, Stopping threads took: 0.0000004 seconds
[161.955s][info][gc       ] [SPS 0.000 0.002 0.002 0.006 0.000 0.001 0.000 0.264 0.020 0.292 NewGC_pause1 161.954030 ]
[162.001s][info][safepoint] Application time: 0.0470153 seconds
[162.002s][info][safepoint] Total time for which application threads were stopped: 0.0001368 seconds, Stopping threads took: 0.0000004 seconds
[162.002s][info][gc       ] [SPS 0.000 0.001 0.000 0.005 0.000 0.001 0.000 0.111 0.019 0.137 NewGC_pause2 162.001183 ]
[162.003s][info][safepoint] Application time: 0.0013899 seconds
[162.003s][info][safepoint] Total time for which application threads were stopped: 0.0000519 seconds, Stopping threads took: 0.0000004 seconds
[162.003s][info][gc       ] [SPS 0.000 0.000 0.000 0.006 0.000 0.001 0.000 0.032 0.013 0.052 NewGC_pause3 162.002624 ]
[162.004s][info][safepoint] Application time: 0.0012340 seconds
[162.004s][info][safepoint] Total time for which application threads were stopped: 0.0000614 seconds, Stopping threads took: 0.0000004 seconds
[162.004s][info][gc       ] [SPS 0.000 0.003 0.002 0.006 0.000 0.001 0.000 0.041 0.013 0.061 NewGC_pause4 162.003920 ]
[162.005s][info][gc       ] [GC New Max 558-522 : 5120 2986 2154 5120 - - 1057 56 2 2 - : 150 1784 36 184 982 : 146 4 835 835 0 : 0 1 73 0 75 - 0 : 0.177489 3921.4 0.0 0.052559 2930.1 0.0 : 8 --c 0000 : 23 0 0.000 0.000 0 0.000 0.000 0 0.000 0.000 : 161.951758 161.953738 0.000224 162.001046 0.000083 162.002572 0.000035 162.003858 0.000045 : 162.004317 ]
[162.005s][info][gc       ] [SYSINFO 7335 227 63 0 6780 0 30 0 0 5703 : - - - - - - - - : 0 7168 : 2.77 2.95 2.11 : 292739 4278024 : 0 0 : 34 0 : 3877 2 0 261 : - 7414710272 682364928 1203875840 5905219584 238166016 67043328 : 140073237 30288640 745610 0 0 0 : 162.004527 ]
[162.005s][info][gc       ] [HUGEPAGESTAT 0 0 0 - 110774 0 0 : 393216 0 0 : 162.004527 ]
[162.005s][info][gc       ] [OBJCREAT 507259317 25748 25548800 : 162.004564 ]
[162.005s][info][gc       ] [HMSV All : 0 0 150 0 0 0 0 0 : 5000 0 0 0 : 162.004578 ]
[162.005s][info][gc       ] [HMSP 9 : 41100 0 : 162.004578 ]
[162.005s][info][gc       ] [VMAC 65530 166 24 435 625 : 162.004943 ]
[162.184s][info][gc       ] [GPGC-H  3730.0 779.4 0.1 0.0 : 6.6 : 0.393 0.759 : 0.575 0.613 0.636 1.294 : 2.763 0.726 0.845 0.476 1.717 0.399 : 0.000 : 97.193 : 846 1784 36 0 : 2275 : 4608 4424 : 162.184356 : 9 Next_heuristic_check_may_be_too_late ]
[162.187s][info][safepoint] Application time: 0.1827323 seconds
[162.187s][info][safepoint] Total time for which application threads were stopped: 0.0002877 seconds, Stopping threads took: 0.0000004 seconds
[162.188s][info][gc       ] [SPS 0.000 0.002 0.002 0.007 0.000 0.001 0.000 0.261 0.018 0.288 NewGC_pause1 162.186940 ]
[162.237s][info][safepoint] Application time: 0.0498591 seconds
[162.237s][info][safepoint] Total time for which application threads were stopped: 0.0001494 seconds, Stopping threads took: 0.0000004 seconds
[162.238s][info][gc       ] [SPS 0.000 0.001 0.000 0.005 0.000 0.001 0.000 0.123 0.020 0.149 NewGC_pause2 162.236949 ]
[162.238s][info][safepoint] Application time: 0.0013130 seconds
[162.238s][info][safepoint] Total time for which application threads were stopped: 0.0000517 seconds, Stopping threads took: 0.0000004 seconds
[162.239s][info][gc       ] [SPS 0.000 0.000 0.000 0.006 0.000 0.001 0.000 0.032 0.013 0.052 NewGC_pause3 162.238313 ]
[162.239s][info][safepoint] Application time: 0.0011168 seconds
[162.240s][info][safepoint] Total time for which application threads were stopped: 0.0000578 seconds, Stopping threads took: 0.0000004 seconds
[162.240s][info][gc       ] [SPS 0.000 0.003 0.002 0.006 0.000 0.001 0.000 0.038 0.013 0.058 NewGC_pause4 162.239488 ]
[162.240s][info][gc       ] [GC New Max 559-523 : 5120 3028 2178 5120 - - 1057 56 2 2 - : 174 1784 36 184 1024 : 170 4 852 852 0 : 0 1 85 0 87 - 0 : 0.180498 3867.1 0.0 0.055066 3232.5 0.0 : 8 --c 0000 : 23 0 0.000 0.000 0 0.000 0.000 0 0.000 0.000 : 162.184815 162.186652 0.000232 162.236799 0.000090 162.238262 0.000035 162.239430 0.000041 : 162.239882 ]
[162.240s][info][gc       ] [SYSINFO 7335 227 63 0 6780 0 30 0 0 5703 : - - - - - - - - : 0 7168 : 2.77 2.95 2.11 : 292739 4278032 : 0 0 : 34 0 : 3877 2 0 261 : - 7414710272 682364928 1203875840 5905219584 238166016 67043328 : 140073237 30289180 745610 0 0 0 : 162.240096 ]
[162.240s][info][gc       ] [HUGEPAGESTAT 0 0 0 - 110774 0 0 : 393216 0 0 : 162.240096 ]
[162.240s][info][gc       ] [OBJCREAT 508126412 25748 25548800 : 162.240136 ]
[162.240s][info][gc       ] [HMSV All : 0 0 150 0 0 0 0 0 : 5000 0 0 0 : 162.240150 ]
[162.240s][info][gc       ] [HMSP 9 : 41100 0 : 162.240150 ]
[162.241s][info][gc       ] [VMAC 65530 166 24 435 625 : 162.240543 ]
[162.401s][info][gc       ] [GPGC-H  3730.0 779.4 0.1 0.0 : 6.6 : 0.392 0.759 : 0.575 0.613 0.636 1.294 : 2.756 0.726 0.845 0.476 1.717 0.399 : 0.000 : 96.992 : 784 1784 36 0 : 2275 : 4608 4424 : 162.401161 : 9 Next_heuristic_check_may_be_too_late ]
[162.403s][info][safepoint] Application time: 0.1636316 seconds
[162.403s][info][safepoint] Total time for which application threads were stopped: 0.0001213 seconds, Stopping threads took: 0.0000004 seconds
[162.404s][info][gc       ] [SPS 0.000 0.005 0.008 0.007 0.000 0.001 0.000 0.094 0.019 0.121 NewGC_pause1 162.403241 ]
[162.455s][info][safepoint] Application time: 0.0511955 seconds
[162.455s][info][safepoint] Total time for which application threads were stopped: 0.0000733 seconds, Stopping threads took: 0.0000004 seconds
[162.455s][info][gc       ] [SPS 0.000 0.001 0.000 0.006 0.000 0.001 0.000 0.039 0.027 0.073 NewGC_pause2 162.454510 ]
[162.455s][info][safepoint] Application time: 0.0007555 seconds
[162.455s][info][safepoint] Total time for which application threads were stopped: 0.0000556 seconds, Stopping threads took: 0.0000005 seconds
[162.456s][info][gc       ] [SPS 0.000 0.001 0.000 0.007 0.000 0.001 0.000 0.034 0.013 0.056 NewGC_pause3 162.455321 ]
[162.456s][info][safepoint] Application time: 0.0010175 seconds
[162.457s][info][safepoint] Total time for which application threads were stopped: 0.0000664 seconds, Stopping threads took: 0.0000005 seconds
[162.457s][info][gc       ] [SPS 0.000 0.003 0.002 0.006 0.000 0.001 0.000 0.042 0.017 0.067 NewGC_pause4 162.456405 ]
[162.457s][info][gc       ] [GC New Max 560-524 : 5120 2920 2134 5120 - - 1057 56 2 2 - : 130 1784 36 184 916 : 126 4 788 788 0 : 0 1 63 0 65 - 0 : 0.161686 3785.1 0.0 0.055192 2391.7 0.0 : 8 --c 0000 : 23 0 0.000 0.000 0 0.000 0.000 0 0.000 0.000 : 162.401568 162.403120 0.000097 162.454437 0.000042 162.455266 0.000038 162.456339 0.000044 : 162.456760 ]
[162.457s][info][gc       ] [SYSINFO 7335 227 63 0 6780 0 30 0 0 5703 : - - - - - - - - : 0 7168 : 2.77 2.95 2.11 : 292739 4278032 : 0 0 : 34 0 : 3877 2 0 261 : - 7414710272 682364928 1203875840 5905219584 238166016 67043328 : 140073237 30289760 745610 0 0 0 : 162.457002 ]
[162.457s][info][gc       ] [HUGEPAGESTAT 0 0 0 - 110774 0 0 : 393216 0 0 : 162.457002 ]
[162.457s][info][gc       ] [OBJCREAT 508862785 25748 25548800 : 162.457049 ]
[162.457s][info][gc       ] [HMSV All : 0 0 150 0 0 0 0 0 : 5000 0 0 0 : 162.457064 ]
[162.457s][info][gc       ] [HMSP 9 : 41100 0 : 162.457064 ]
[162.457s][info][gc       ] [VMAC 65530 166 24 435 625 : 162.457472 ]
[162.641s][info][gc       ] [GPGC-H  3730.0 779.4 0.1 0.0 : 6.6 : 0.391 0.759 : 0.575 0.613 0.636 1.294 : 2.750 0.726 0.845 0.476 1.717 0.399 : 0.000 : 96.813 : 802 1784 36 0 : 2275 : 4608 4424 : 162.641311 : 9 Next_heuristic_check_may_be_too_late ]
[162.644s][info][safepoint] Application time: 0.1876199 seconds
[162.645s][info][safepoint] Total time for which application threads were stopped: 0.0003218 seconds, Stopping threads took: 0.0000004 seconds
[162.645s][info][gc       ] [SPS 0.000 0.003 0.003 0.006 0.000 0.001 0.000 0.289 0.037 0.333 NewGC_pause1 162.644359 ]
[162.696s][info][safepoint] Application time: 0.0515918 seconds
[162.697s][info][safepoint] Total time for which application threads were stopped: 0.0001531 seconds, Stopping threads took: 0.0000004 seconds
[162.697s][info][gc       ] [SPS 0.000 0.001 0.000 0.006 0.000 0.001 0.000 0.127 0.018 0.153 NewGC_pause2 162.696092 ]
[162.698s][info][safepoint] Application time: 0.0014537 seconds
[162.698s][info][safepoint] Total time for which application threads were stopped: 0.0001026 seconds, Stopping threads took: 0.0000004 seconds
[162.698s][info][gc       ] [SPS 0.000 0.000 0.000 0.006 0.000 0.001 0.000 0.084 0.011 0.103 NewGC_pause3 162.697648 ]
[162.699s][info][safepoint] Application time: 0.0010494 seconds
[162.699s][info][safepoint] Total time for which application threads were stopped: 0.0000693 seconds, Stopping threads took: 0.0000004 seconds
[162.699s][info][gc       ] [SPS 0.000 0.003 0.002 0.006 0.000 0.001 0.000 0.047 0.015 0.069 NewGC_pause4 162.698767 ]
[162.699s][info][gc       ] [GC New Max 561-525 : 5120 2952 2148 5120 - - 1057 56 2 2 - : 144 1784 36 184 948 : 140 4 806 806 0 : 0 1 70 0 72 - 0 : 0.185358 3636.2 0.0 0.056964 2563.0 0.0 : 8 --c 0000 : 23 0 0.000 0.000 0 0.000 0.000 0 0.000 0.000 : 162.642118 162.644026 0.000253 162.695939 0.000098 162.697546 0.000088 162.698698 0.000044 : 162.699082 ]
[162.699s][info][gc       ] [SYSINFO 7335 227 63 0 6780 0 30 0 0 5703 : - - - - - - - - : 0 7168 : 2.77 2.95 2.11 : 292739 4278032 : 0 0 : 34 0 : 3877 2 0 261 : - 7414710272 682364928 1203875840 5905219584 238166016 67043328 : 140073237 30290300 745640 0 0 0 : 162.699290 ]
[162.699s][info][gc       ] [HUGEPAGESTAT 0 0 0 - 110774 0 0 : 393216 0 0 : 162.699290 ]
[162.699s][info][gc       ] [OBJCREAT 509674110 25748 25548800 : 162.699331 ]
[162.699s][info][gc       ] [HMSV All : 0 0 150 0 0 0 0 0 : 5000 0 0 0 : 162.699347 ]
[162.699s][info][gc       ] [HMSP 9 : 41100 0 : 162.699347 ]
[162.700s][info][gc       ] [VMAC 65530 166 24 435 625 : 162.699733 ]
[162.881s][info][gc       ] [GPGC-H  3730.0 779.4 0.1 0.0 : 6.6 : 0.391 0.759 : 0.575 0.613 0.636 1.294 : 2.743 0.726 0.845 0.476 1.717 0.399 : 0.000 : 96.608 : 846 1784 36 0 : 2275 : 4608 4424 : 162.881240 : 9 Next_heuristic_check_may_be_too_late ]
[162.884s][info][safepoint] Application time: 0.1849612 seconds
[162.884s][info][safepoint] Total time for which application threads were stopped: 0.0002925 seconds, Stopping threads took: 0.0000004 seconds
[162.885s][info][gc       ] [SPS 0.000 0.003 0.002 0.006 0.000 0.001 0.000 0.248 0.037 0.293 NewGC_pause1 162.884021 ]
[162.936s][info][safepoint] Application time: 0.0515812 seconds
[162.936s][info][safepoint] Total time for which application threads were stopped: 0.0001282 seconds, Stopping threads took: 0.0000004 seconds
[162.937s][info][gc       ] [SPS 0.000 0.001 0.000 0.019 0.000 0.001 0.000 0.089 0.019 0.128 NewGC_pause2 162.935731 ]
[162.937s][info][safepoint] Application time: 0.0016922 seconds
[162.938s][info][safepoint] Total time for which application threads were stopped: 0.0000540 seconds, Stopping threads took: 0.0000004 seconds
[162.938s][info][gc       ] [SPS 0.000 0.000 0.000 0.006 0.000 0.001 0.000 0.035 0.012 0.054 NewGC_pause3 162.937477 ]
[162.939s][info][safepoint] Application time: 0.0011475 seconds
[162.939s][info][safepoint] Total time for which application threads were stopped: 0.0000635 seconds, Stopping threads took: 0.0000004 seconds
[162.939s][info][gc       ] [SPS 0.000 0.002 0.002 0.006 0.000 0.001 0.000 0.039 0.017 0.063 NewGC_pause4 162.938688 ]
[162.939s][info][gc       ] [GC New Max 562-526 : 5120 3038 2188 5120 - - 1057 56 2 2 - : 184 1784 36 184 1034 : 180 4 852 852 0 : 0 1 90 0 92 - 0 : 0.182665 3854.0 0.0 0.057320 3279.9 0.0 : 8 --c 0000 : 23 0 0.000 0.000 0 0.000 0.000 0 0.000 0.000 : 162.881747 162.883729 0.000215 162.935603 0.000098 162.937423 0.000038 162.938625 0.000043 : 162.939067 ]
[162.939s][info][gc       ] [SYSINFO 7335 227 63 0 6780 0 30 0 0 5703 : - - - - - - - - : 0 7168 : 2.77 2.95 2.11 : 292739 4278032 : 0 0 : 34 0 : 3877 2 0 261 : - 7414710272 682364928 1203875840 5905219584 238166016 67043328 : 140073237 30290890 745650 0 0 0 : 162.939276 ]
[162.939s][info][gc       ] [HUGEPAGESTAT 0 0 0 - 110774 0 0 : 393216 0 0 : 162.939276 ]
[162.939s][info][gc       ] [OBJCREAT 510557069 25748 25548800 : 162.939318 ]
[162.939s][info][gc       ] [HMSV All : 0 0 150 0 0 0 0 0 : 5000 0 0 0 : 162.939332 ]
[162.939s][info][gc       ] [HMSP 9 : 41100 0 : 162.939332 ]
[162.940s][info][gc       ] [VMAC 65530 166 24 435 625 : 162.939738 ]
[163.098s][info][gc       ] [GPGC-H  3724.3 779.4 0.1 0.0 : 6.6 : 0.390 0.759 : 0.575 0.613 0.636 1.294 : 2.736 0.726 0.845 0.476 1.717 0.399 : 0.000 : 96.407 : 810 1784 36 0 : 2275 : 4608 4424 : 163.098171 : 9 Next_heuristic_check_may_be_too_late ]
[163.101s][info][safepoint] Application time: 0.1615757 seconds
[163.101s][info][safepoint] Total time for which application threads were stopped: 0.0002753 seconds, Stopping threads took: 0.0000004 seconds
[163.101s][info][gc       ] [SPS 0.000 0.003 0.002 0.006 0.000 0.001 0.000 0.250 0.018 0.275 NewGC_pause1 163.100539 ]
[163.147s][info][safepoint] Application time: 0.0464216 seconds
[163.148s][info][safepoint] Total time for which application threads were stopped: 0.0001400 seconds, Stopping threads took: 0.0000004 seconds
[163.148s][info][gc       ] [SPS 0.000 0.001 0.000 0.005 0.000 0.001 0.000 0.115 0.018 0.140 NewGC_pause2 163.147101 ]
[163.149s][info][safepoint] Application time: 0.0017474 seconds
[163.149s][info][safepoint] Total time for which application threads were stopped: 0.0000866 seconds, Stopping threads took: 0.0000004 seconds
[163.149s][info][gc       ] [SPS 0.000 0.000 0.000 0.005 0.000 0.001 0.000 0.070 0.011 0.087 NewGC_pause3 163.148935 ]
[163.150s][info][safepoint] Application time: 0.0011812 seconds
[163.150s][info][safepoint] Total time for which application threads were stopped: 0.0000641 seconds, Stopping threads took: 0.0000004 seconds
[163.150s][info][gc       ] [SPS 0.000 0.002 0.002 0.005 0.000 0.001 0.000 0.038 0.020 0.064 NewGC_pause4 163.150181 ]
[163.151s][info][gc       ] [GC New Max 563-527 : 5120 2976 2162 5120 - - 1057 56 2 2 - : 158 1784 36 184 972 : 156 2 816 816 0 : 0 0 78 0 79 - 0 : 0.159479 3937.8 0.0 0.051975 3116.9 0.0 : 8 --c 0000 : 23 0 0.000 0.000 0 0.000 0.000 0 0.000 0.000 : 163.098546 163.100264 0.000212 163.146961 0.000084 163.148848 0.000074 163.150116 0.000040 : 163.150522 ]
[163.151s][info][gc       ] [SYSINFO 7335 227 63 0 6780 0 30 0 0 5703 : - - - - - - - - : 0 7168 : 2.77 2.95 2.11 : 292739 4278032 : 0 0 : 34 0 : 3877 2 0 261 : - 7414710272 682364928 1203875840 5905219584 238166016 67043328 : 140073237 30291440 745650 0 0 0 : 163.150722 ]
[163.151s][info][gc       ] [HUGEPAGESTAT 0 0 0 - 110774 0 0 : 393216 0 0 : 163.150722 ]
[163.151s][info][gc       ] [OBJCREAT 511339840 25748 25548800 : 163.150764 ]
[163.151s][info][gc       ] [HMSV All : 0 0 150 0 0 0 0 0 : 5000 0 0 0 : 163.150778 ]
[163.151s][info][gc       ] [HMSP 9 : 41100 0 : 163.150778 ]
[163.151s][info][gc       ] [VMAC 65530 166 24 435 625 : 163.151165 ]
[163.311s][info][gc       ] [GPGC-H  3724.3 779.4 0.1 0.0 : 6.6 : 0.389 0.759 : 0.575 0.613 0.636 1.294 : 2.730 0.726 0.845 0.476 1.717 0.399 : 0.000 : 96.232 : 788 1784 36 0 : 2275 : 4608 4424 : 163.311385 : 9 Next_heuristic_check_may_be_too_late ]
[163.314s][info][safepoint] Application time: 0.1634269 seconds
[163.314s][info][safepoint] Total time for which application threads were stopped: 0.0003351 seconds, Stopping threads took: 0.0000004 seconds
[163.315s][info][gc       ] [SPS 0.000 0.003 0.002 0.005 0.000 0.001 0.000 0.312 0.017 0.335 NewGC_pause1 163.313943 ]
[163.360s][info][safepoint] Application time: 0.0461241 seconds
[163.361s][info][safepoint] Total time for which application threads were stopped: 0.0001372 seconds, Stopping threads took: 0.0000004 seconds
[163.361s][info][gc       ] [SPS 0.000 0.001 0.000 0.005 0.000 0.001 0.000 0.112 0.018 0.137 NewGC_pause2 163.360204 ]
[163.362s][info][safepoint] Application time: 0.0021202 seconds
[163.363s][info][safepoint] Total time for which application threads were stopped: 0.0000501 seconds, Stopping threads took: 0.0000004 seconds
[163.363s][info][gc       ] [SPS 0.000 0.000 0.000 0.006 0.000 0.001 0.000 0.032 0.011 0.050 NewGC_pause3 163.362375 ]
[163.364s][info][safepoint] Application time: 0.0010857 seconds
[163.364s][info][safepoint] Total time for which application threads were stopped: 0.0000594 seconds, Stopping threads took: 0.0000004 seconds
[163.364s][info][gc       ] [SPS 0.000 0.002 0.002 0.005 0.000 0.001 0.000 0.037 0.016 0.059 NewGC_pause4 163.363520 ]
[163.364s][info][gc       ] [GC New Max 564-528 : 5120 2954 2162 5120 - - 1057 56 2 2 - : 158 1784 36 184 950 : 154 4 794 794 0 : 0 1 77 0 79 - 0 : 0.161373 3916.4 0.0 0.051958 3117.9 0.0 : 8 --c 0000 : 23 0 0.000 0.000 0 0.000 0.000 0 0.000 0.000 : 163.311895 163.313608 0.000271 163.360067 0.000084 163.362324 0.000035 163.363460 0.000040 : 163.363854 ]
[163.364s][info][gc       ] [SYSINFO 7335 227 63 0 6780 0 30 0 0 5703 : - - - - - - - - : 0 7168 : 2.77 2.95 2.11 : 292739 4278032 : 0 0 : 34 0 : 3877 2 0 261 : - 7414710272 682364928 1203875840 5905219584 238166016 67043328 : 140073237 30291980 745650 0 0 0 : 163.364072 ]
[163.364s][info][gc       ] [HUGEPAGESTAT 0 0 0 - 110774 0 0 : 393216 0 0 : 163.364072 ]
[163.364s][info][gc       ] [OBJCREAT 512125529 25748 25548800 : 163.364112 ]
[163.364s][info][gc       ] [HMSV All : 0 0 150 0 0 0 0 0 : 5000 0 0 0 : 163.364126 ]
[163.364s][info][gc       ] [HMSP 9 : 41100 0 : 163.364126 ]
[163.364s][info][gc       ] [VMAC 65530 166 24 435 625 : 163.364478 ]
[163.524s][info][gc       ] [GPGC-H  3724.3 779.4 0.1 0.0 : 6.6 : 0.388 0.759 : 0.575 0.613 0.636 1.294 : 2.724 0.726 0.845 0.476 1.717 0.399 : 0.000 : 96.055 : 784 1784 36 0 : 2275 : 4608 4424 : 163.524380 : 9 Next_heuristic_check_may_be_too_late ]
[163.527s][info][safepoint] Application time: 0.1635109 seconds
[163.528s][info][safepoint] Total time for which application threads were stopped: 0.0004533 seconds, Stopping threads took: 0.0000004 seconds
[163.528s][info][gc       ] [SPS 0.000 0.003 0.002 0.006 0.000 0.001 0.000 0.424 0.022 0.453 NewGC_pause1 163.527484 ]
[163.576s][info][safepoint] Application time: 0.0486352 seconds
[163.577s][info][safepoint] Total time for which application threads were stopped: 0.0001565 seconds, Stopping threads took: 0.0000004 seconds
[163.577s][info][gc       ] [SPS 0.000 0.001 0.000 0.005 0.000 0.001 0.000 0.131 0.019 0.157 NewGC_pause2 163.576276 ]
[163.578s][info][safepoint] Application time: 0.0017674 seconds
[163.578s][info][safepoint] Total time for which application threads were stopped: 0.0000909 seconds, Stopping threads took: 0.0000004 seconds
[163.579s][info][gc       ] [SPS 0.000 0.000 0.000 0.006 0.000 0.001 0.000 0.071 0.013 0.091 NewGC_pause3 163.578135 ]
[163.579s][info][safepoint] Application time: 0.0011460 seconds
[163.579s][info][safepoint] Total time for which application threads were stopped: 0.0000607 seconds, Stopping threads took: 0.0000004 seconds
[163.580s][info][gc       ] [SPS 0.000 0.002 0.002 0.006 0.000 0.001 0.000 0.040 0.014 0.061 NewGC_pause4 163.579341 ]
[163.580s][info][gc       ] [GC New Max 565-529 : 5120 2968 2180 5120 - - 1057 56 2 2 - : 176 1784 36 184 964 : 172 4 791 791 0 : 0 1 86 0 88 - 0 : 0.160994 3900.8 0.0 0.054881 3279.8 0.0 : 8 --c 0000 : 23 0 0.000 0.000 0 0.000 0.000 0 0.000 0.000 : 163.524848 163.527031 0.000318 163.576120 0.000085 163.578043 0.000075 163.579280 0.000043 : 163.579729 ]
[163.580s][info][gc       ] [SYSINFO 7335 227 63 0 6780 0 30 0 0 5703 : - - - - - - - - : 0 7168 : 2.77 2.95 2.11 : 292739 4278032 : 0 0 : 34 0 : 3877 2 0 261 : - 7414710272 682364928 1203875840 5905219584 238166016 67043328 : 140073237 30292490 745690 0 0 0 : 163.579961 ]
[163.580s][info][gc       ] [HUGEPAGESTAT 0 0 0 - 110774 0 0 : 393216 0 0 : 163.579961 ]
[163.580s][info][gc       ] [OBJCREAT 512923390 25748 25548800 : 163.580000 ]
[163.580s][info][gc       ] [HMSV All : 0 0 150 0 0 0 0 0 : 5000 0 0 0 : 163.580014 ]
[163.580s][info][gc       ] [HMSP 9 : 41100 0 : 163.580014 ]
[163.580s][info][gc       ] [VMAC 65530 166 24 435 625 : 163.580420 ]
[163.741s][info][gc       ] [GPGC-H  3724.3 761.5 0.1 0.0 : 6.4 : 0.387 0.759 : 0.575 0.613 0.636 1.294 : 2.718 0.726 0.845 0.476 1.717 0.399 : 0.000 : 95.879 : 794 1784 36 0 : 2275 : 4608 4424 : 163.741183 : 9 Next_heuristic_check_may_be_too_late ]
[163.744s][info][safepoint] Application time: 0.1642540 seconds
[163.744s][info][safepoint] Total time for which application threads were stopped: 0.0003519 seconds, Stopping threads took: 0.0000004 seconds
[163.745s][info][gc       ] [SPS 0.000 0.003 0.003 0.006 0.000 0.001 0.000 0.287 0.058 0.352 NewGC_pause1 163.743948 ]
[163.793s][info][safepoint] Application time: 0.0490021 seconds
[163.793s][info][safepoint] Total time for which application threads were stopped: 0.0001435 seconds, Stopping threads took: 0.0000003 seconds
[163.794s][info][gc       ] [SPS 0.000 0.001 0.000 0.006 0.000 0.001 0.000 0.118 0.019 0.144 NewGC_pause2 163.793093 ]
[163.794s][info][safepoint] Application time: 0.0011686 seconds
[163.794s][info][safepoint] Total time for which application threads were stopped: 0.0000543 seconds, Stopping threads took: 0.0000004 seconds
[163.795s][info][gc       ] [SPS 0.000 0.001 0.000 0.005 0.000 0.001 0.000 0.037 0.011 0.054 NewGC_pause3 163.794316 ]
[163.795s][info][safepoint] Application time: 0.0011076 seconds
[163.796s][info][safepoint] Total time for which application threads were stopped: 0.0000559 seconds, Stopping threads took: 0.0000004 seconds
[163.796s][info][gc       ] [SPS 0.000 0.002 0.002 0.006 0.000 0.001 0.000 0.036 0.013 0.056 NewGC_pause4 163.795480 ]
[163.796s][info][gc       ] [GC New Max 566-530 : 5120 2956 2160 5120 - - 1057 56 2 2 - : 156 1784 36 184 952 : 150 4 800 800 0 : 0 1 75 0 78 - 0 : 0.162019 3839.0 0.0 0.054111 2919.9 0.0 : 8 --c 0000 : 23 0 0.000 0.000 0 0.000 0.000 0 0.000 0.000 : 163.741748 163.743596 0.000242 163.792950 0.000041 163.794262 0.000034 163.795424 0.000040 : 163.795859 ]
[163.796s][info][gc       ] [SYSINFO 7335 227 63 0 6780 0 30 0 0 5703 : - - - - - - - - : 0 7168 : 2.77 2.95 2.11 : 292739 4278032 : 0 0 : 34 0 : 3877 2 0 261 : - 7414710272 682364928 1203875840 5905219584 238166016 67043328 : 140073237 30293050 745740 0 0 0 : 163.796083 ]
[163.796s][info][gc       ] [HUGEPAGESTAT 0 0 0 - 110774 0 0 : 393216 0 0 : 163.796083 ]
[163.796s][info][gc       ] [OBJCREAT 513694943 25748 25548800 : 163.796122 ]
[163.796s][info][gc       ] [HMSV All : 0 0 150 0 0 0 0 0 : 5000 0 0 0 : 163.796136 ]
[163.796s][info][gc       ] [HMSP 9 : 41100 0 : 163.796136 ]
[163.797s][info][gc       ] [VMAC 65530 166 24 435 625 : 163.796502 ]
[163.958s][info][gc       ] [GPGC-H  3724.3 761.5 0.1 0.0 : 6.4 : 0.386 0.759 : 0.575 0.613 0.636 1.294 : 2.712 0.726 0.845 0.476 1.717 0.399 : 0.000 : 95.702 : 784 1784 36 0 : 2275 : 4608 4424 : 163.958329 : 9 Next_heuristic_check_may_be_too_late ]
[163.961s][info][safepoint] Application time: 0.1652464 seconds
[163.962s][info][safepoint] Total time for which application threads were stopped: 0.0003994 seconds, Stopping threads took: 0.0000004 seconds
[163.962s][info][gc       ] [SPS 0.000 0.003 0.002 0.006 0.000 0.001 0.000 0.351 0.041 0.399 NewGC_pause1 163.961126 ]
[164.010s][info][safepoint] Application time: 0.0489655 seconds
[164.011s][info][safepoint] Total time for which application threads were stopped: 0.0001425 seconds, Stopping threads took: 0.0000004 seconds
[164.011s][info][gc       ] [SPS 0.000 0.001 0.000 0.006 0.000 0.001 0.000 0.115 0.020 0.143 NewGC_pause2 164.010234 ]
[164.012s][info][safepoint] Application time: 0.0017634 seconds
[164.012s][info][safepoint] Total time for which application threads were stopped: 0.0001092 seconds, Stopping threads took: 0.0000004 seconds
[164.013s][info][gc       ] [SPS 0.000 0.000 0.000 0.006 0.000 0.001 0.000 0.090 0.012 0.109 NewGC_pause3 164.012106 ]
[164.013s][info][safepoint] Application time: 0.0010618 seconds
[164.013s][info][safepoint] Total time for which application threads were stopped: 0.0000584 seconds, Stopping threads took: 0.0000004 seconds
[164.014s][info][gc       ] [SPS 0.000 0.002 0.002 0.006 0.000 0.001 0.000 0.038 0.013 0.058 NewGC_pause4 164.013227 ]
[164.014s][info][gc       ] [GC New Max 567-531 : 5120 2950 2166 5120 - - 1057 56 2 2 - : 162 1784 36 184 946 : 156 4 789 789 0 : 0 1 78 0 81 - 0 : 0.162981 3865.5 0.0 0.054862 2989.3 0.0 : 8 --c 0000 : 23 0 0.000 0.000 0 0.000 0.000 0 0.000 0.000 : 163.958840 163.960726 0.000292 164.010091 0.000084 164.011997 0.000094 164.013168 0.000041 : 164.013702 ]
[164.014s][info][gc       ] [SYSINFO 7335 227 63 0 6780 0 30 0 0 5703 : - - - - - - - - : 0 7168 : 3.27 3.05 2.15 : 292739 4278032 : 0 0 : 34 0 : 3877 2 0 261 : - 7414710272 682364928 1203875840 5905219584 238166016 67043328 : 140073237 30293600 745780 0 0 0 : 164.013914 ]
[164.014s][info][gc       ] [HUGEPAGESTAT 0 0 0 - 110774 0 0 : 393216 0 0 : 164.013914 ]
[164.014s][info][gc       ] [OBJCREAT 514481485 25748 25548800 : 164.013953 ]
[164.014s][info][gc       ] [HMSV All : 0 0 150 0 0 0 0 0 : 5000 0 0 0 : 164.013968 ]
[164.014s][info][gc       ] [HMSP 9 : 41100 0 : 164.013968 ]
[164.014s][info][gc       ] [VMAC 65530 166 24 435 625 : 164.014340 ]
[164.174s][info][gc       ] [GPGC-H  3724.3 761.5 0.1 0.0 : 6.4 : 0.385 0.759 : 0.575 0.613 0.636 1.294 : 2.706 0.726 0.845 0.476 1.717 0.399 : 0.000 : 95.525 : 780 1784 36 0 : 2275 : 4608 4424 : 164.174324 : 9 Next_heuristic_check_may_be_too_late ]
[164.177s][info][safepoint] Application time: 0.1633734 seconds
[164.177s][info][safepoint] Total time for which application threads were stopped: 0.0004221 seconds, Stopping threads took: 0.0000004 seconds
[164.178s][info][gc       ] [SPS 0.000 0.003 0.003 0.006 0.000 0.001 0.000 0.393 0.022 0.422 NewGC_pause1 164.177023 ]
[164.224s][info][safepoint] Application time: 0.0463299 seconds
[164.224s][info][safepoint] Total time for which application threads were stopped: 0.0002258 seconds, Stopping threads took: 0.0000004 seconds
[164.225s][info][gc       ] [SPS 0.000 0.001 0.000 0.006 0.000 0.001 0.000 0.187 0.031 0.226 NewGC_pause2 164.223578 ]
[164.226s][info][safepoint] Application time: 0.0023229 seconds
[164.226s][info][safepoint] Total time for which application threads were stopped: 0.0001675 seconds, Stopping threads took: 0.0000004 seconds
[164.227s][info][gc       ] [SPSH lock suspend gclocker notify wait resuspend cleanup op_time wakeup total(ms) op_name end(s) ]
[164.227s][info][gc       ] [SPS 0.000 0.000 0.000 0.006 0.000 0.001 0.000 0.147 0.013 0.168 NewGC_pause3 164.226069 ]
[164.227s][info][safepoint] Application time: 0.0011283 seconds
[164.227s][info][safepoint] Total time for which application threads were stopped: 0.0000657 seconds, Stopping threads took: 0.0000005 seconds
[164.228s][info][gc       ] [SPS 0.000 0.002 0.002 0.006 0.000 0.001 0.000 0.045 0.014 0.066 NewGC_pause4 164.227263 ]
[164.228s][info][gc       ] [GC New Max 568-532 : 5120 2922 2136 5120 - - 1057 56 2 2 - : 132 1784 36 184 918 : 130 2 788 788 0 : 0 0 65 0 66 - 0 : 0.161189 3846.4 0.0 0.052837 2611.8 0.0 : 8 --c 0000 : 23 0 0.000 0.000 0 0.000 0.000 0 0.000 0.000 : 164.174892 164.176600 0.000279 164.223352 0.000138 164.225901 0.000152 164.227197 0.000049 : 164.227728 ]
[164.228s][info][gc       ] [SYSINFO 7335 227 63 0 6780 0 30 0 0 5703 : - - - - - - - - : 0 7168 : 3.27 3.05 2.15 : 292739 4278032 : 0 0 : 34 0 : 3877 2 0 261 : - 7414710272 682364928 1203875840 5905219584 238166016 67043328 : 140073237 30294080 745830 0 0 0 : 164.227943 ]
[164.228s][info][gc       ] [HUGEPAGESTAT 0 0 0 - 110774 0 0 : 393216 0 0 : 164.227943 ]
[164.228s][info][gc       ] [OBJCREAT 515232824 25748 25548800 : 164.227983 ]
[164.228s][info][gc       ] [HMSV All : 0 0 150 0 0 0 0 0 : 5000 0 0 0 : 164.227997 ]
[164.228s][info][gc       ] [HMSP 9 : 41100 0 : 164.227997 ]
[164.228s][info][gc       ] [VMAC 65530 166 24 435 625 : 164.228433 ]
[164.389s][info][gc       ] [GPGC-H  3724.3 761.5 0.1 0.0 : 6.4 : 0.385 0.759 : 0.575 0.613 0.636 1.294 : 2.700 0.726 0.845 0.476 1.717 0.399 : 0.000 : 95.350 : 756 1784 36 0 : 2275 : 4608 4424 : 164.388526 : 9 Next_heuristic_check_may_be_too_late ]
[164.391s][info][safepoint] Application time: 0.1635678 seconds
[164.392s][info][safepoint] Total time for which application threads were stopped: 0.0003973 seconds, Stopping threads took: 0.0000008 seconds
[164.392s][info][gc       ] [SPS 0.000 0.004 0.003 0.010 0.001 0.001 0.001 0.366 0.018 0.397 NewGC_pause1 164.391228 ]
[164.440s][info][safepoint] Application time: 0.0490228 seconds
[164.441s][info][safepoint] Total time for which application threads were stopped: 0.0001500 seconds, Stopping threads took: 0.0000004 seconds
[164.441s][info][gc       ] [SPS 0.000 0.001 0.000 0.006 0.000 0.001 0.000 0.124 0.019 0.150 NewGC_pause2 164.440401 ]
[164.442s][info][safepoint] Application time: 0.0017183 seconds
[164.443s][info][safepoint] Total time for which application threads were stopped: 0.0001043 seconds, Stopping threads took: 0.0000005 seconds
[164.443s][info][gc       ] [SPS 0.000 0.000 0.000 0.030 0.001 0.001 0.000 0.062 0.011 0.104 NewGC_pause3 164.442224 ]
[164.443s][info][safepoint] Application time: 0.0011035 seconds
[164.444s][info][safepoint] Total time for which application threads were stopped: 0.0000566 seconds, Stopping threads took: 0.0000004 seconds
[164.444s][info][gc       ] [SPS 0.000 0.003 0.002 0.005 0.000 0.001 0.000 0.038 0.012 0.057 NewGC_pause4 164.443384 ]
[164.444s][info][gc       ] [GC New Max 569-533 : 5120 2908 2150 5120 - - 1057 56 2 2 - : 146 1784 36 184 904 : 140 4 762 762 0 : 0 1 70 0 73 - 0 : 0.161332 3880.2 0.0 0.054711 2741.7 0.0 : 8 --c 0000 : 23 0 0.000 0.000 0 0.000 0.000 0 0.000 0.000 : 164.389060 164.390831 0.000285 164.440251 0.000087 164.442119 0.000089 164.443327 0.000041 : 164.443771 ]
[164.444s][info][gc       ] [SYSINFO 7335 227 63 0 6780 0 30 0 0 5703 : - - - - - - - - : 0 7168 : 3.27 3.05 2.15 : 292739 4278032 : 0 0 : 34 0 : 3877 2 0 261 : - 7414710272 682364928 1203875840 5905219584 238166016 67043328 : 140073237 30294640 745840 0 0 0 : 164.443969 ]
[164.444s][info][gc       ] [HUGEPAGESTAT 0 0 0 - 110774 0 0 : 393216 0 0 : 164.443969 ]
[164.444s][info][gc       ] [OBJCREAT 515998750 25748 25548800 : 164.444011 ]
[164.444s][info][gc       ] [HMSV All : 0 0 150 0 0 0 0 0 : 5000 0 0 0 : 164.444025 ]
[164.444s][info][gc       ] [HMSP 9 : 41100 0 : 164.444025 ]
[164.444s][info][gc       ] [VMAC 65530 166 24 435 625 : 164.444433 ]
[164.606s][info][gc       ] [GPGC-H  3724.3 761.5 0.1 0.0 : 6.4 : 0.384 0.759 : 0.575 0.613 0.636 1.294 : 2.694 0.726 0.845 0.476 1.717 0.399 : 0.000 : 95.176 : 764 1784 36 0 : 2275 : 4608 4424 : 164.606221 : 9 Next_heuristic_check_may_be_too_late ]
[164.609s][info][safepoint] Application time: 0.1656115 seconds
[164.610s][info][safepoint] Total time for which application threads were stopped: 0.0004328 seconds, Stopping threads took: 0.0000008 seconds
[164.610s][info][gc       ] [SPS 0.000 0.004 0.003 0.010 0.001 0.001 0.001 0.402 0.019 0.433 NewGC_pause1 164.609429 ]
[164.657s][info][safepoint] Application time: 0.0473589 seconds
[164.658s][info][safepoint] Total time for which application threads were stopped: 0.0001756 seconds, Stopping threads took: 0.0000004 seconds
[164.658s][info][gc       ] [SPS 0.000 0.001 0.000 0.006 0.000 0.001 0.000 0.147 0.021 0.176 NewGC_pause2 164.656964 ]
[164.659s][info][safepoint] Application time: 0.0019719 seconds
[164.659s][info][safepoint] Total time for which application threads were stopped: 0.0000959 seconds, Stopping threads took: 0.0000004 seconds
[164.660s][info][gc       ] [SPS 0.000 0.000 0.000 0.006 0.000 0.001 0.000 0.077 0.012 0.096 NewGC_pause3 164.659031 ]
[164.660s][info][safepoint] Application time: 0.0012342 seconds
[164.661s][info][safepoint] Total time for which application threads were stopped: 0.0001058 seconds, Stopping threads took: 0.0000004 seconds
[164.661s][info][gc       ] [SPS 0.000 0.003 0.002 0.006 0.000 0.001 0.000 0.068 0.031 0.106 NewGC_pause4 164.660371 ]
[164.661s][info][gc       ] [GC New Max 570-534 : 5120 2924 2156 5120 - - 1057 56 2 2 - : 152 1784 36 184 920 : 148 4 771 771 0 : 0 1 74 0 76 - 0 : 0.162920 3805.6 0.0 0.054060 2885.7 0.0 : 8 --c 0000 : 23 0 0.000 0.000 0 0.000 0.000 0 0.000 0.000 : 164.606690 164.608996 0.000360 164.656788 0.000109 164.658935 0.000082 164.660265 0.000063 : 164.660750 ]
[164.661s][info][gc       ] [SYSINFO 7335 227 63 0 6780 0 30 0 0 5703 : - - - - - - - - : 0 7168 : 3.27 3.05 2.15 : 292739 4278032 : 0 0 : 34 0 : 3877 2 0 261 : - 7414710272 682364928 1203875840 5905219584 238166016 67043328 : 140073237 30295180 745870 0 0 0 : 164.660963 ]
[164.661s][info][gc       ] [HUGEPAGESTAT 0 0 0 - 110774 0 0 : 393216 0 0 : 164.660963 ]
[164.661s][info][gc       ] [OBJCREAT 516769091 25748 25548800 : 164.661003 ]
[164.661s][info][gc       ] [HMSV All : 0 0 150 0 0 0 0 0 : 5000 0 0 0 : 164.661018 ]
[164.661s][info][gc       ] [HMSP 9 : 41100 0 : 164.661018 ]
[164.661s][info][gc       ] [VMAC 65530 166 24 435 625 : 164.661487 ]
[164.821s][info][gc       ] [GPGC-H  3724.3 761.5 0.1 0.0 : 6.4 : 0.383 0.759 : 0.575 0.613 0.636 1.294 : 2.688 0.726 0.845 0.476 1.717 0.399 : 0.000 : 95.000 : 772 1784 36 0 : 2275 : 4608 4424 : 164.821408 : 9 Next_heuristic_check_may_be_too_late ]
[164.824s][info][safepoint] Application time: 0.1636855 seconds
[164.825s][info][safepoint] Total time for which application threads were stopped: 0.0003718 seconds, Stopping threads took: 0.0000008 seconds
[164.825s][info][gc       ] [SPS 0.000 0.004 0.003 0.010 0.001 0.001 0.001 0.333 0.026 0.372 NewGC_pause1 164.824429 ]
[164.873s][info][safepoint] Application time: 0.0485852 seconds
[164.874s][info][safepoint] Total time for which application threads were stopped: 0.0001621 seconds, Stopping threads took: 0.0000004 seconds
[164.874s][info][gc       ] [SPS 0.000 0.001 0.000 0.006 0.000 0.001 0.000 0.136 0.019 0.162 NewGC_pause2 164.873176 ]
[164.875s][info][safepoint] Application time: 0.0012758 seconds
[164.875s][info][safepoint] Total time for which application threads were stopped: 0.0000954 seconds, Stopping threads took: 0.0000004 seconds
[164.875s][info][gc       ] [SPS 0.000 0.000 0.000 0.005 0.000 0.001 0.000 0.079 0.009 0.095 NewGC_pause3 164.874547 ]
[164.876s][info][safepoint] Application time: 0.0010705 seconds
[164.876s][info][safepoint] Total time for which application threads were stopped: 0.0000639 seconds, Stopping threads took: 0.0000004 seconds
[164.876s][info][gc       ] [SPS 0.000 0.002 0.002 0.005 0.000 0.001 0.000 0.044 0.013 0.064 NewGC_pause4 164.875682 ]
[164.876s][info][gc       ] [GC New Max 571-535 : 5120 2916 2138 5120 - - 1057 56 2 2 - : 134 1784 36 184 912 : 130 4 780 780 0 : 0 1 65 0 67 - 0 : 0.161104 3860.9 0.0 0.054195 2583.2 0.0 : 8 --c 0000 : 23 0 0.000 0.000 0 0.000 0.000 0 0.000 0.000 : 164.821854 164.824057 0.000289 164.873014 0.000105 164.874452 0.000045 164.875618 0.000047 : 164.876050 ]
[164.876s][info][gc       ] [SYSINFO 7335 227 63 0 6780 0 30 0 0 5703 : - - - - - - - - : 0 7168 : 3.27 3.05 2.15 : 292739 4278032 : 0 0 : 34 0 : 3877 2 0 261 : - 7414710272 682364928 1203875840 5905219584 238166016 67043328 : 140073237 30295680 745970 0 0 0 : 164.876268 ]
[164.876s][info][gc       ] [HUGEPAGESTAT 0 0 0 - 110774 0 0 : 393216 0 0 : 164.876268 ]
[164.876s][info][gc       ] [OBJCREAT 517522347 25748 25548800 : 164.876308 ]
[164.876s][info][gc       ] [HMSV All : 0 0 150 0 0 0 0 0 : 5000 0 0 0 : 164.876322 ]
[164.876s][info][gc       ] [HMSP 9 : 41100 0 : 164.876322 ]
[164.877s][info][gc       ] [VMAC 65530 166 24 435 625 : 164.876742 ]
[165.038s][info][gc       ] [GPGC-H  3719.5 761.5 0.1 0.0 : 6.4 : 0.382 0.759 : 0.575 0.613 0.636 1.294 : 2.682 0.726 0.845 0.476 1.717 0.399 : 0.000 : 94.826 : 758 1784 36 0 : 2275 : 4608 4424 : 165.038110 : 9 Next_heuristic_check_may_be_too_late ]
[165.041s][info][safepoint] Application time: 0.1647167 seconds
[165.041s][info][safepoint] Total time for which application threads were stopped: 0.0003067 seconds, Stopping threads took: 0.0000004 seconds
[165.041s][info][gc       ] [SPS 0.000 0.003 0.002 0.006 0.000 0.001 0.000 0.278 0.039 0.325 NewGC_pause1 165.040724 ]
[165.095s][info][safepoint] Application time: 0.0543755 seconds
[165.096s][info][safepoint] Total time for which application threads were stopped: 0.0001553 seconds, Stopping threads took: 0.0000004 seconds
[165.096s][info][gc       ] [SPS 0.000 0.001 0.000 0.006 0.000 0.001 0.000 0.126 0.022 0.155 NewGC_pause2 165.095237 ]
[165.097s][info][safepoint] Application time: 0.0018161 seconds
[165.097s][info][safepoint] Total time for which application threads were stopped: 0.0000634 seconds, Stopping threads took: 0.0000004 seconds
[165.098s][info][gc       ] [SPS 0.000 0.001 0.000 0.006 0.000 0.001 0.000 0.042 0.014 0.063 NewGC_pause3 165.097116 ]
[165.098s][info][safepoint] Application time: 0.0011579 seconds
[165.098s][info][safepoint] Total time for which application threads were stopped: 0.0000694 seconds, Stopping threads took: 0.0000005 seconds
[165.099s][info][gc       ] [SPS 0.000 0.003 0.002 0.006 0.000 0.001 0.000 0.047 0.015 0.069 NewGC_pause4 165.098343 ]
[165.099s][info][gc       ] [GC New Max 572-536 : 5120 2922 2160 5120 - - 1057 56 2 2 - : 156 1784 36 184 918 : 152 4 764 764 0 : 0 1 76 0 78 - 0 : 0.162512 3852.0 0.0 0.060177 2658.8 0.0 : 8 --c 0000 : 23 0 0.000 0.000 0 0.000 0.000 0 0.000 0.000 : 165.038562 165.040399 0.000244 165.095081 0.000092 165.097053 0.000045 165.098274 0.000050 : 165.098739 ]
[165.099s][info][gc       ] [SYSINFO 7335 227 63 0 6780 0 30 0 0 5703 : - - - - - - - - : 0 7168 : 3.27 3.05 2.15 : 292739 4278032 : 0 0 : 34 0 : 3877 2 0 261 : - 7414710272 682364928 1203875840 5905219584 238166016 67043328 : 140073237 30296230 746000 0 0 0 : 165.098992 ]
[165.099s][info][gc       ] [HUGEPAGESTAT 0 0 0 - 110774 0 0 : 393216 0 0 : 165.098992 ]
[165.099s][info][gc       ] [OBJCREAT 518299755 25748 25548800 : 165.099047 ]
[165.099s][info][gc       ] [HMSV All : 0 0 150 0 0 0 0 0 : 5000 0 0 0 : 165.099063 ]
[165.099s][info][gc       ] [HMSP 9 : 41100 0 : 165.099063 ]
[165.100s][info][gc       ] [VMAC 65530 166 24 435 625 : 165.099506 ]
[165.284s][info][gc       ] [GPGC-H  3719.5 761.5 0.1 0.0 : 6.4 : 0.381 0.759 : 0.575 0.613 0.636 1.294 : 2.676 0.726 0.845 0.476 1.717 0.399 : 0.000 : 94.652 : 836 1784 36 0 : 2275 : 4608 4424 : 165.284036 : 9 Next_heuristic_check_may_be_too_late ]
[165.287s][info][safepoint] Application time: 0.1879971 seconds
[165.287s][info][safepoint] Total time for which application threads were stopped: 0.0003237 seconds, Stopping threads took: 0.0000004 seconds
[165.287s][info][gc       ] [SPS 0.000 0.003 0.003 0.007 0.000 0.001 0.000 0.289 0.026 0.323 NewGC_pause1 165.286665 ]
[165.335s][info][safepoint] Application time: 0.0483284 seconds
[165.336s][info][safepoint] Total time for which application threads were stopped: 0.0001654 seconds, Stopping threads took: 0.0000004 seconds
[165.336s][info][gc       ] [SPS 0.000 0.001 0.000 0.006 0.000 0.001 0.000 0.139 0.020 0.166 NewGC_pause2 165.335158 ]
[165.337s][info][safepoint] Application time: 0.0014684 seconds
[165.337s][info][safepoint] Total time for which application threads were stopped: 0.0000586 seconds, Stopping threads took: 0.0000004 seconds
[165.337s][info][gc       ] [SPS 0.000 0.000 0.000 0.006 0.000 0.001 0.000 0.038 0.013 0.059 NewGC_pause3 165.336685 ]
[165.338s][info][safepoint] Application time: 0.0011260 seconds
[165.338s][info][safepoint] Total time for which application threads were stopped: 0.0000603 seconds, Stopping threads took: 0.0000004 seconds
[165.338s][info][gc       ] [SPS 0.000 0.003 0.002 0.006 0.000 0.001 0.000 0.040 0.014 0.060 NewGC_pause4 165.337872 ]
[165.338s][info][gc       ] [GC New Max 573-537 : 5120 2990 2152 5120 - - 1057 56 2 2 - : 148 1784 36 184 986 : 144 4 840 840 0 : 0 1 72 0 74 - 0 : 0.185784 3660.2 0.0 0.053714 2829.8 0.0 : 8 --c 0000 : 23 0 0.000 0.000 0 0.000 0.000 0 0.000 0.000 : 165.284523 165.286341 0.000164 165.334993 0.000102 165.336627 0.000041 165.337811 0.000043 : 165.338238 ]
[165.338s][info][gc       ] [SYSINFO 7335 227 63 0 6780 0 30 0 0 5703 : - - - - - - - - : 0 7168 : 3.27 3.05 2.15 : 292739 4278032 : 0 0 : 34 0 : 3877 2 0 261 : - 7414710272 682364928 1203875840 5905219584 238166016 67043328 : 140073237 30296770 746040 0 0 0 : 165.338444 ]
[165.338s][info][gc       ] [HUGEPAGESTAT 0 0 0 - 110774 0 0 : 393216 0 0 : 165.338444 ]
[165.338s][info][gc       ] [OBJCREAT 519123320 25748 25548800 : 165.338484 ]
[165.338s][info][gc       ] [HMSV All : 0 0 150 0 0 0 0 0 : 5000 0 0 0 : 165.338499 ]
[165.339s][info][gc       ] [HMSP 9 : 41100 0 : 165.338499 ]
[165.339s][info][gc       ] [VMAC 65530 166 24 435 625 : 165.338914 ]
[165.524s][info][gc       ] [GPGC-H  3719.5 761.5 0.1 0.0 : 6.4 : 0.380 0.759 : 0.575 0.613 0.636 1.294 : 2.669 0.726 0.845 0.476 1.717 0.399 : 0.000 : 94.452 : 800 1784 36 0 : 2275 : 4608 4424 : 165.523738 : 9 Next_heuristic_check_may_be_too_late ]
[165.527s][info][safepoint] Application time: 0.1884840 seconds
[165.527s][info][safepoint] Total time for which application threads were stopped: 0.0003219 seconds, Stopping threads took: 0.0000004 seconds
[165.527s][info][gc       ] [SPS 0.000 0.003 0.003 0.006 0.000 0.001 0.000 0.278 0.036 0.322 NewGC_pause1 165.526678 ]
[165.572s][info][safepoint] Application time: 0.0453195 seconds
[165.573s][info][safepoint] Total time for which application threads were stopped: 0.0001712 seconds, Stopping threads took: 0.0000004 seconds
[165.573s][info][gc       ] [SPS 0.000 0.002 0.000 0.007 0.000 0.001 0.000 0.142 0.021 0.171 NewGC_pause2 165.572169 ]
[165.575s][info][safepoint] Application time: 0.0024209 seconds
[165.575s][info][safepoint] Total time for which application threads were stopped: 0.0001621 seconds, Stopping threads took: 0.0000005 seconds
[165.575s][info][gc       ] [SPS 0.000 0.000 0.000 0.007 0.000 0.001 0.000 0.128 0.026 0.162 NewGC_pause3 165.574752 ]
[165.576s][info][safepoint] Application time: 0.0010264 seconds
[165.576s][info][safepoint] Total time for which application threads were stopped: 0.0001425 seconds, Stopping threads took: 0.0000005 seconds
[165.576s][info][gc       ] [SPS 0.000 0.003 0.002 0.007 0.001 0.001 0.000 0.121 0.014 0.142 NewGC_pause4 165.575921 ]
[165.577s][info][gc       ] [GC New Max 574-538 : 5120 2940 2134 5120 - - 1057 56 2 2 - : 130 1784 36 184 934 : 128 2 808 808 0 : 0 0 64 0 65 - 0 : 0.186097 3514.3 0.0 0.052069 2611.9 0.0 : 8 --c 0000 : 23 0 0.000 0.000 0 0.000 0.000 0 0.000 0.000 : 165.524335 165.526356 0.000236 165.571998 0.000100 165.574590 0.000053 165.575778 0.000117 : 165.576403 ]
[165.577s][info][gc       ] [SYSINFO 7335 227 63 0 6780 0 30 0 0 5703 : - - - - - - - - : 0 7168 : 3.27 3.05 2.15 : 292739 4278032 : 0 0 : 34 0 : 3877 2 0 261 : - 7414710272 682364928 1203875840 5905219584 238166016 67043328 : 140073237 30297280 746050 0 0 0 : 165.576623 ]
[165.577s][info][gc       ] [HUGEPAGESTAT 0 0 0 - 110774 0 0 : 393216 0 0 : 165.576623 ]
[165.577s][info][gc       ] [OBJCREAT 519902762 25748 25548800 : 165.576667 ]
[165.577s][info][gc       ] [HMSV All : 0 0 150 0 0 0 0 0 : 5000 0 0 0 : 165.576682 ]
[165.577s][info][gc       ] [HMSP 9 : 41100 0 : 165.576682 ]
[165.577s][info][gc       ] [VMAC 65530 166 24 435 625 : 165.577117 ]
[165.739s][info][gc       ] [GPGC-H  3719.5 743.9 0.1 0.0 : 6.3 : 0.380 0.759 : 0.575 0.613 0.636 1.294 : 2.663 0.726 0.845 0.476 1.717 0.399 : 0.000 : 94.253 : 748 1784 36 0 : 2275 : 4608 4424 : 165.738678 : 9 Next_heuristic_check_may_be_too_late ]
[165.741s][info][safepoint] Application time: 0.1651236 seconds
[165.742s][info][safepoint] Total time for which application threads were stopped: 0.0003438 seconds, Stopping threads took: 0.0000004 seconds
[165.742s][info][gc       ] [SPS 0.000 0.003 0.005 0.007 0.000 0.001 0.000 0.295 0.040 0.344 NewGC_pause1 165.741389 ]
[165.790s][info][safepoint] Application time: 0.0481175 seconds
[165.790s][info][safepoint] Total time for which application threads were stopped: 0.0001426 seconds, Stopping threads took: 0.0000004 seconds
[165.790s][info][gc       ] [SPS 0.000 0.001 0.000 0.006 0.000 0.001 0.000 0.112 0.022 0.142 NewGC_pause2 165.789649 ]
[165.792s][info][safepoint] Application time: 0.0019041 seconds
[165.792s][info][safepoint] Total time for which application threads were stopped: 0.0001067 seconds, Stopping threads took: 0.0000005 seconds
[165.792s][info][gc       ] [SPS 0.000 0.000 0.000 0.006 0.000 0.001 0.000 0.085 0.014 0.107 NewGC_pause3 165.791660 ]
[165.793s][info][safepoint] Application time: 0.0010652 seconds
[165.793s][info][safepoint] Total time for which application threads were stopped: 0.0000655 seconds, Stopping threads took: 0.0000005 seconds
[165.793s][info][gc       ] [SPS 0.000 0.003 0.002 0.007 0.000 0.001 0.000 0.042 0.015 0.066 NewGC_pause4 165.792790 ]
[165.793s][info][gc       ] [GC New Max 575-539 : 5120 2876 2126 5120 - - 1057 56 2 2 - : 122 1784 36 184 872 : 118 4 752 752 0 : 0 1 59 0 61 - 0 : 0.162684 3798.8 0.0 0.054116 2328.3 0.0 : 8 --c 0000 : 23 0 0.000 0.000 0 0.000 0.000 0 0.000 0.000 : 165.739088 165.741045 0.000248 165.789507 0.000071 165.791553 0.000089 165.792725 0.000046 : 165.793204 ]
[165.793s][info][gc       ] [SYSINFO 7335 227 63 0 6780 0 30 0 0 5703 : - - - - - - - - : 0 7168 : 3.27 3.05 2.15 : 292739 4278032 : 0 0 : 34 0 : 3877 2 0 261 : - 7414710272 682364928 1203875840 5905219584 238166016 67043328 : 140073237 30297820 746070 0 0 0 : 165.793432 ]
[165.793s][info][gc       ] [HUGEPAGESTAT 0 0 0 - 110774 0 0 : 393216 0 0 : 165.793432 ]
[165.793s][info][gc       ] [OBJCREAT 520640287 25748 25548800 : 165.793476 ]
[165.793s][info][gc       ] [HMSV All : 0 0 150 0 0 0 0 0 : 5000 0 0 0 : 165.793492 ]
[165.793s][info][gc       ] [HMSP 9 : 41100 0 : 165.793492 ]
[165.794s][info][gc       ] [VMAC 65530 166 24 435 625 : 165.793956 ]
[165.977s][info][gc       ] [GPGC-H  3719.5 743.9 0.1 0.0 : 6.3 : 0.379 0.759 : 0.575 0.613 0.636 1.294 : 2.657 0.726 0.845 0.476 1.717 0.399 : 0.000 : 94.080 : 822 1784 36 0 : 2275 : 4608 4424 : 165.977362 : 9 Next_heuristic_check_may_be_too_late ]
[165.980s][info][safepoint] Application time: 0.1867988 seconds
[165.980s][info][safepoint] Total time for which application threads were stopped: 0.0002434 seconds, Stopping threads took: 0.0000004 seconds
[165.980s][info][gc       ] [SPS 0.000 0.003 0.005 0.006 0.000 0.001 0.000 0.222 0.014 0.243 NewGC_pause1 165.979833 ]
[166.028s][info][safepoint] Application time: 0.0477590 seconds
[166.028s][info][safepoint] Total time for which application threads were stopped: 0.0001421 seconds, Stopping threads took: 0.0000004 seconds
[166.028s][info][gc       ] [SPS 0.000 0.001 0.000 0.006 0.000 0.001 0.000 0.116 0.019 0.142 NewGC_pause2 166.027734 ]
[166.030s][info][safepoint] Application time: 0.0016111 seconds
[166.030s][info][safepoint] Total time for which application threads were stopped: 0.0001645 seconds, Stopping threads took: 0.0000004 seconds
[166.030s][info][gc       ] [SPS 0.000 0.000 0.000 0.006 0.000 0.001 0.000 0.137 0.021 0.165 NewGC_pause3 166.029510 ]
[166.031s][info][safepoint] Application time: 0.0010435 seconds
[166.031s][info][safepoint] Total time for which application threads were stopped: 0.0000594 seconds, Stopping threads took: 0.0000004 seconds
[166.031s][info][gc       ] [SPS 0.000 0.003 0.002 0.006 0.000 0.001 0.000 0.039 0.014 0.059 NewGC_pause4 166.030613 ]
[166.031s][info][gc       ] [GC New Max 576-540 : 5120 2996 2172 5120 - - 1057 56 2 2 - : 168 1784 36 184 992 : 164 4 827 827 0 : 0 1 82 0 84 - 0 : 0.184590 3803.0 0.0 0.053170 3197.3 0.0 : 8 --c 0000 : 23 0 0.000 0.000 0 0.000 0.000 0 0.000 0.000 : 165.977794 165.979590 0.000226 166.027592 0.000086 166.029345 0.000095 166.030553 0.000042 : 166.030964 ]
[166.031s][info][gc       ] [SYSINFO 7335 227 63 0 6780 0 30 0 0 5703 : - - - - - - - - : 0 7168 : 3.27 3.05 2.15 : 292739 4278032 : 0 0 : 34 0 : 3877 2 0 261 : - 7414710272 682364928 1203875840 5905219584 238166016 67043328 : 140073237 30298390 746120 0 0 0 : 166.031170 ]
[166.031s][info][gc       ] [HUGEPAGESTAT 0 0 0 - 110774 0 0 : 393216 0 0 : 166.031170 ]
[166.031s][info][gc       ] [OBJCREAT 521502350 25748 25548800 : 166.031210 ]
[166.031s][info][gc       ] [HMSV All : 0 0 150 0 0 0 0 0 : 5000 0 0 0 : 166.031225 ]
[166.031s][info][gc       ] [HMSP 9 : 41100 0 : 166.031225 ]
[166.032s][info][gc       ] [VMAC 65530 166 24 435 625 : 166.031590 ]
[166.191s][info][gc       ] [GPGC-H  3719.5 743.9 0.1 0.0 : 6.3 : 0.378 0.759 : 0.575 0.613 0.636 1.294 : 2.650 0.726 0.845 0.476 1.717 0.399 : 0.000 : 93.883 : 784 1784 36 0 : 2275 : 4608 4424 : 166.191324 : 9 Next_heuristic_check_may_be_too_late ]
[166.194s][info][safepoint] Application time: 0.1629378 seconds
[166.194s][info][safepoint] Total time for which application threads were stopped: 0.0003409 seconds, Stopping threads took: 0.0000004 seconds
[166.194s][info][gc       ] [SPS 0.000 0.003 0.002 0.006 0.000 0.001 0.000 0.314 0.038 0.359 NewGC_pause1 166.193910 ]
[166.245s][info][safepoint] Application time: 0.0512820 seconds
[166.246s][info][safepoint] Total time for which application threads were stopped: 0.0001510 seconds, Stopping threads took: 0.0000004 seconds
[166.246s][info][gc       ] [SPS 0.000 0.001 0.000 0.006 0.000 0.001 0.000 0.125 0.019 0.152 NewGC_pause2 166.245325 ]
[166.247s][info][safepoint] Application time: 0.0015233 seconds
[166.247s][info][safepoint] Total time for which application threads were stopped: 0.0000513 seconds, Stopping threads took: 0.0000004 seconds
[166.247s][info][gc       ] [SPS 0.000 0.000 0.000 0.006 0.000 0.001 0.000 0.032 0.012 0.051 NewGC_pause3 166.246900 ]
[166.248s][info][safepoint] Application time: 0.0013130 seconds
[166.249s][info][safepoint] Total time for which application threads were stopped: 0.0000640 seconds, Stopping threads took: 0.0000004 seconds
[166.249s][info][gc       ] [SPS 0.000 0.007 0.002 0.006 0.000 0.001 0.000 0.044 0.013 0.064 NewGC_pause4 166.248277 ]
[166.249s][info][gc       ] [GC New Max 577-541 : 5120 2968 2184 5120 - - 1057 56 2 2 - : 180 1784 36 184 964 : 174 4 789 789 0 : 0 1 87 0 90 - 0 : 0.160759 3831.8 0.0 0.056981 3229.1 0.0 : 8 --c 0000 : 23 0 0.000 0.000 0 0.000 0.000 0 0.000 0.000 : 166.191722 166.193551 0.000280 166.245174 0.000086 166.246848 0.000036 166.248213 0.000047 : 166.248704 ]
[166.249s][info][gc       ] [SYSINFO 7335 227 63 0 6780 0 30 0 0 5703 : - - - - - - - - : 0 7168 : 3.27 3.05 2.15 : 292739 4278032 : 0 0 : 34 0 : 3877 2 0 261 : - 7414710272 682364928 1203875840 5905219584 238166016 67043328 : 140073237 30298950 746210 0 0 0 : 166.248951 ]
[166.249s][info][gc       ] [HUGEPAGESTAT 0 0 0 - 110774 0 0 : 393216 0 0 : 166.248951 ]
[166.249s][info][gc       ] [OBJCREAT 522294499 25748 25548800 : 166.248993 ]
[166.249s][info][gc       ] [HMSV All : 0 0 150 0 0 0 0 0 : 5000 0 0 0 : 166.249007 ]
[166.249s][info][gc       ] [HMSP 9 : 41100 0 : 166.249007 ]
[166.249s][info][gc       ] [VMAC 65530 166 24 435 625 : 166.249433 ]
[166.331s][info][gc       ] [DEOPTSTATS 1 : 0 0 : 0 0 : 0 0 : 0 0 : 0 11 : 0 0 : 0 0 : 0 0 : 0 0 : 0 0 : 0 0 : 0 0 : 0 0 : 0 0 : 0 0 : 0 0 : 0 0 : 0 0 : 0 0 : 0 0 : 0 0 : 0 0 : 0 0 : 0 0 : 0 0 : 0 0 : 0 0 : 0 0 : 0 0 : 0 0 : 6 0 : 0 0 : 0 0 : 0 0 : 0 0 : 0 0 : 0 0 : 0 0 : 0 0 : 0 0 : 0 0 : 0 0 ]
[166.331s][info][gc       ] [DEOPTSTATS 2 : 0 0 : 0 0 : 0 0 : 0 1 : 0 0 : 0 0 : 0 15 : 0 0 : 0 0 : 0 0 : 0 0 : 0 0 : 0 0 : 0 0 : 0 0 : 0 0 : 0 0 : 0 0 : 0 0 : 0 0 : 0 0 : 0 0 : 0 0 : 0 0 : 0 0 : 0 0 : 0 0 : 0 0 : 0 0 : 0 0 : 4 0 : 0 0 : 0 0 : 0 0 : 0 1 : 0 0 : 0 0 : 0 0 : 0 0 : 0 3 : 0 0 : 0 0 ]
[167.406s][info][gc       ] [Safepoint max times: safepoint 3.820 ms, time to safepoint 3.484 ms ]
[167.407s][info][gc       ] [VM has exited gracefully.]
